[0.015s][info][gc,init] CardTable entry size: 512
[0.015s][info][gc     ] Using Parallel
[0.015s][info][gc,init] Version: 18.0.1+10 (release)
[0.016s][info][gc,init] CPUs: 8 total, 8 available
[0.016s][info][gc,init] Memory: 16063M
[0.016s][info][gc,init] Large Page Support: Disabled
[0.016s][info][gc,init] NUMA Support: Disabled
[0.016s][info][gc,init] Compressed Oops: Enabled (32-bit)
[0.016s][info][gc,init] Alignments: Space 512K, Generation 512K, Heap 2M
[0.016s][info][gc,init] Heap Min Capacity: 2M
[0.016s][info][gc,init] Heap Initial Capacity: 2M
[0.016s][info][gc,init] Heap Max Capacity: 1500M
[0.016s][info][gc,init] Pre-touch: Disabled
[0.016s][info][gc,init] Parallel Workers: 6
[0.016s][info][gc,metaspace] CDS archive(s) not mapped
[0.016s][info][gc,metaspace] Compressed class space mapped at: 0x0000000100000000-0x0000000140000000, reserved size: 1073741824
[0.016s][info][gc,metaspace] Narrow klass base: 0x0000000000000000, Narrow klass shift: 3, Narrow klass range: 0x140000000
[0.129s][info][gc,start    ] GC(0) Pause Young (Allocation Failure)
[0.131s][info][gc,heap     ] GC(0) PSYoungGen: 512K(1024K)->512K(1024K) Eden: 512K(512K)->0K(512K) From: 0K(512K)->512K(512K)
[0.131s][info][gc,heap     ] GC(0) ParOldGen: 0K(512K)->40K(512K)
[0.131s][info][gc,metaspace] GC(0) Metaspace: 4230K(4352K)->4230K(4352K) NonClass: 3909K(3968K)->3909K(3968K) Class: 321K(384K)->321K(384K)
[0.131s][info][gc          ] GC(0) Pause Young (Allocation Failure) 0M->0M(1M) 1.736ms
[0.131s][info][gc,cpu      ] GC(0) User=0.00s Sys=0.00s Real=0.00s
[0.193s][info][gc,start    ] GC(1) Pause Young (Allocation Failure)
[0.194s][info][gc,heap     ] GC(1) PSYoungGen: 1023K(1024K)->496K(1536K) Eden: 511K(512K)->0K(1024K) From: 512K(512K)->496K(512K)
[0.194s][info][gc,heap     ] GC(1) ParOldGen: 40K(512K)->108K(512K)
[0.194s][info][gc,metaspace] GC(1) Metaspace: 5878K(6016K)->5878K(6016K) NonClass: 5381K(5504K)->5381K(5504K) Class: 496K(512K)->496K(512K)
[0.194s][info][gc          ] GC(1) Pause Young (Allocation Failure) 1M->0M(2M) 0.754ms
[0.194s][info][gc,cpu      ] GC(1) User=0.00s Sys=0.00s Real=0.00s
[0.218s][info][gc,start    ] GC(2) Pause Young (Allocation Failure)
[0.219s][info][gc,heap     ] GC(2) PSYoungGen: 1520K(1536K)->512K(1536K) Eden: 1024K(1024K)->0K(1024K) From: 496K(512K)->512K(512K)
[0.219s][info][gc,heap     ] GC(2) ParOldGen: 108K(512K)->540K(1024K)
[0.219s][info][gc,metaspace] GC(2) Metaspace: 6296K(6464K)->6296K(6464K) NonClass: 5763K(5824K)->5763K(5824K) Class: 533K(640K)->533K(640K)
[0.219s][info][gc          ] GC(2) Pause Young (Allocation Failure) 1M->1M(2M) 0.864ms
[0.219s][info][gc,cpu      ] GC(2) User=0.00s Sys=0.00s Real=0.00s
[0.221s][info][gc,start    ] GC(3) Pause Young (Allocation Failure)
[0.222s][info][gc,heap     ] GC(3) PSYoungGen: 1536K(1536K)->480K(2560K) Eden: 1024K(1024K)->0K(2048K) From: 512K(512K)->480K(512K)
[0.222s][info][gc,heap     ] GC(3) ParOldGen: 540K(1024K)->1116K(1536K)
[0.222s][info][gc,metaspace] GC(3) Metaspace: 6296K(6464K)->6296K(6464K) NonClass: 5763K(5824K)->5763K(5824K) Class: 533K(640K)->533K(640K)
[0.222s][info][gc          ] GC(3) Pause Young (Allocation Failure) 2M->1M(4M) 0.960ms
[0.222s][info][gc,cpu      ] GC(3) User=0.00s Sys=0.00s Real=0.00s
[0.222s][info][gc,start    ] GC(4) Pause Full (Ergonomics)
[0.222s][info][gc,phases,start] GC(4) Marking Phase
[0.223s][info][gc,phases      ] GC(4) Marking Phase 0.895ms
[0.223s][info][gc,phases,start] GC(4) Summary Phase
[0.223s][info][gc,phases      ] GC(4) Summary Phase 0.015ms
[0.223s][info][gc,phases,start] GC(4) Adjust Roots
[0.223s][info][gc,phases      ] GC(4) Adjust Roots 0.405ms
[0.223s][info][gc,phases,start] GC(4) Compaction Phase
[0.226s][info][gc,phases      ] GC(4) Compaction Phase 2.475ms
[0.226s][info][gc,phases,start] GC(4) Post Compact
[0.226s][info][gc,phases      ] GC(4) Post Compact 0.073ms
[0.226s][info][gc,heap        ] GC(4) PSYoungGen: 480K(2560K)->0K(2560K) Eden: 0K(2048K)->0K(2048K) From: 480K(512K)->0K(512K)
[0.226s][info][gc,heap        ] GC(4) ParOldGen: 1116K(1536K)->1495K(3584K)
[0.226s][info][gc,metaspace   ] GC(4) Metaspace: 6296K(6464K)->6296K(6464K) NonClass: 5763K(5824K)->5763K(5824K) Class: 533K(640K)->533K(640K)
[0.226s][info][gc             ] GC(4) Pause Full (Ergonomics) 1M->1M(6M) 4.248ms
[0.226s][info][gc,cpu         ] GC(4) User=0.00s Sys=0.00s Real=0.00s
[0.230s][info][gc,start       ] GC(5) Pause Young (Allocation Failure)
[0.231s][info][gc,heap        ] GC(5) PSYoungGen: 2048K(2560K)->480K(3584K) Eden: 2048K(2048K)->0K(3072K) From: 0K(512K)->480K(512K)
[0.231s][info][gc,heap        ] GC(5) ParOldGen: 1495K(3584K)->2127K(3584K)
[0.231s][info][gc,metaspace   ] GC(5) Metaspace: 6296K(6464K)->6296K(6464K) NonClass: 5763K(5824K)->5763K(5824K) Class: 533K(640K)->533K(640K)
[0.231s][info][gc             ] GC(5) Pause Young (Allocation Failure) 3M->2M(7M) 1.015ms
[0.231s][info][gc,cpu         ] GC(5) User=0.00s Sys=0.00s Real=0.00s
[0.236s][info][gc,start       ] GC(6) Pause Young (Allocation Failure)
[0.238s][info][gc,heap        ] GC(6) PSYoungGen: 3552K(3584K)->1504K(4608K) Eden: 3072K(3072K)->0K(3072K) From: 480K(512K)->1504K(1536K)
[0.238s][info][gc,heap        ] GC(6) ParOldGen: 2127K(3584K)->2727K(3584K)
[0.238s][info][gc,metaspace   ] GC(6) Metaspace: 6296K(6464K)->6296K(6464K) NonClass: 5763K(5824K)->5763K(5824K) Class: 533K(640K)->533K(640K)
[0.238s][info][gc             ] GC(6) Pause Young (Allocation Failure) 5M->4M(8M) 1.428ms
[0.238s][info][gc,cpu         ] GC(6) User=0.00s Sys=0.00s Real=0.00s
[0.238s][info][gc,start       ] GC(7) Pause Full (Ergonomics)
[0.238s][info][gc,phases,start] GC(7) Marking Phase
[0.240s][info][gc,phases      ] GC(7) Marking Phase 1.763ms
[0.240s][info][gc,phases,start] GC(7) Summary Phase
[0.240s][info][gc,phases      ] GC(7) Summary Phase 0.016ms
[0.240s][info][gc,phases,start] GC(7) Adjust Roots
[0.240s][info][gc,phases      ] GC(7) Adjust Roots 0.283ms
[0.240s][info][gc,phases,start] GC(7) Compaction Phase
[0.243s][info][gc,phases      ] GC(7) Compaction Phase 2.658ms
[0.243s][info][gc,phases,start] GC(7) Post Compact
[0.243s][info][gc,phases      ] GC(7) Post Compact 0.031ms
[0.243s][info][gc,heap        ] GC(7) PSYoungGen: 1504K(4608K)->990K(4608K) Eden: 0K(3072K)->0K(3072K) From: 1504K(1536K)->990K(1536K)
[0.243s][info][gc,heap        ] GC(7) ParOldGen: 2727K(3584K)->3127K(6144K)
[0.243s][info][gc,metaspace   ] GC(7) Metaspace: 6296K(6464K)->6296K(6464K) NonClass: 5763K(5824K)->5763K(5824K) Class: 533K(640K)->533K(640K)
[0.243s][info][gc             ] GC(7) Pause Full (Ergonomics) 4M->4M(10M) 5.153ms
[0.243s][info][gc,cpu         ] GC(7) User=0.00s Sys=0.00s Real=0.01s
[0.248s][info][gc,start       ] GC(8) Pause Young (Allocation Failure)
[0.250s][info][gc,heap        ] GC(8) PSYoungGen: 4062K(4608K)->2048K(5632K) Eden: 3072K(3072K)->0K(3584K) From: 990K(1536K)->2048K(2048K)
[0.250s][info][gc,heap        ] GC(8) ParOldGen: 3127K(6144K)->3687K(6144K)
[0.250s][info][gc,metaspace   ] GC(8) Metaspace: 6296K(6464K)->6296K(6464K) NonClass: 5763K(5824K)->5763K(5824K) Class: 533K(640K)->533K(640K)
[0.250s][info][gc             ] GC(8) Pause Young (Allocation Failure) 7M->5M(11M) 1.892ms
[0.250s][info][gc,cpu         ] GC(8) User=0.00s Sys=0.00s Real=0.00s
[0.257s][info][gc,start       ] GC(9) Pause Young (Allocation Failure)
[0.260s][info][gc,heap        ] GC(9) PSYoungGen: 5632K(5632K)->3040K(6656K) Eden: 3584K(3584K)->0K(3584K) From: 2048K(2048K)->3040K(3072K)
[0.260s][info][gc,heap        ] GC(9) ParOldGen: 3687K(6144K)->4703K(6144K)
[0.260s][info][gc,metaspace   ] GC(9) Metaspace: 6296K(6464K)->6296K(6464K) NonClass: 5763K(5824K)->5763K(5824K) Class: 533K(640K)->533K(640K)
[0.260s][info][gc             ] GC(9) Pause Young (Allocation Failure) 9M->7M(12M) 2.886ms
[0.260s][info][gc,cpu         ] GC(9) User=0.00s Sys=0.00s Real=0.00s
[0.265s][info][gc,start       ] GC(10) Pause Young (Allocation Failure)
[0.269s][info][gc,heap        ] GC(10) PSYoungGen: 6624K(6656K)->4064K(8704K) Eden: 3584K(3584K)->0K(4608K) From: 3040K(3072K)->4064K(4096K)
[0.269s][info][gc,heap        ] GC(10) ParOldGen: 4703K(6144K)->5559K(6144K)
[0.269s][info][gc,metaspace   ] GC(10) Metaspace: 6296K(6464K)->6296K(6464K) NonClass: 5763K(5824K)->5763K(5824K) Class: 533K(640K)->533K(640K)
[0.269s][info][gc             ] GC(10) Pause Young (Allocation Failure) 11M->9M(14M) 4.148ms
[0.269s][info][gc,cpu         ] GC(10) User=0.00s Sys=0.00s Real=0.00s
[0.269s][info][gc,start       ] GC(11) Pause Full (Ergonomics)
[0.269s][info][gc,phases,start] GC(11) Marking Phase
[0.272s][info][gc,phases      ] GC(11) Marking Phase 2.705ms
[0.272s][info][gc,phases,start] GC(11) Summary Phase
[0.272s][info][gc,phases      ] GC(11) Summary Phase 0.019ms
[0.272s][info][gc,phases,start] GC(11) Adjust Roots
[0.272s][info][gc,phases      ] GC(11) Adjust Roots 0.198ms
[0.272s][info][gc,phases,start] GC(11) Compaction Phase
[0.277s][info][gc,phases      ] GC(11) Compaction Phase 5.067ms
[0.278s][info][gc,phases,start] GC(11) Post Compact
[0.278s][info][gc,phases      ] GC(11) Post Compact 0.046ms
[0.278s][info][gc,heap        ] GC(11) PSYoungGen: 4064K(8704K)->3544K(8704K) Eden: 0K(4608K)->0K(4608K) From: 4064K(4096K)->3544K(4096K)
[0.278s][info][gc,heap        ] GC(11) ParOldGen: 5559K(6144K)->5832K(10240K)
[0.278s][info][gc,metaspace   ] GC(11) Metaspace: 6296K(6464K)->6296K(6464K) NonClass: 5763K(5824K)->5763K(5824K) Class: 533K(640K)->533K(640K)
[0.278s][info][gc             ] GC(11) Pause Full (Ergonomics) 9M->9M(18M) 8.361ms
[0.278s][info][gc,cpu         ] GC(11) User=0.00s Sys=0.00s Real=0.01s
[0.283s][info][gc,start       ] GC(12) Pause Young (Allocation Failure)
[0.287s][info][gc,heap        ] GC(12) PSYoungGen: 8012K(8704K)->3936K(9728K) Eden: 4468K(4608K)->0K(4608K) From: 3544K(4096K)->3936K(5120K)
[0.287s][info][gc,heap        ] GC(12) ParOldGen: 5832K(10240K)->7904K(10240K)
[0.287s][info][gc,metaspace   ] GC(12) Metaspace: 6296K(6464K)->6296K(6464K) NonClass: 5763K(5824K)->5763K(5824K) Class: 533K(640K)->533K(640K)
[0.287s][info][gc             ] GC(12) Pause Young (Allocation Failure) 13M->11M(19M) 3.567ms
[0.287s][info][gc,cpu         ] GC(12) User=0.00s Sys=0.00s Real=0.00s
[0.294s][info][gc,start       ] GC(13) Pause Young (Allocation Failure)
[0.298s][info][gc,heap        ] GC(13) PSYoungGen: 8544K(9728K)->2720K(12288K) Eden: 4608K(4608K)->0K(6656K) From: 3936K(5120K)->2720K(5632K)
[0.298s][info][gc,heap        ] GC(13) ParOldGen: 7904K(10240K)->11800K(12288K)
[0.298s][info][gc,metaspace   ] GC(13) Metaspace: 6296K(6464K)->6296K(6464K) NonClass: 5763K(5824K)->5763K(5824K) Class: 533K(640K)->533K(640K)
[0.298s][info][gc             ] GC(13) Pause Young (Allocation Failure) 16M->14M(24M) 4.469ms
[0.298s][info][gc,cpu         ] GC(13) User=0.00s Sys=0.00s Real=0.00s
[0.298s][info][gc,start       ] GC(14) Pause Full (Ergonomics)
[0.298s][info][gc,phases,start] GC(14) Marking Phase
[0.303s][info][gc,phases      ] GC(14) Marking Phase 4.519ms
[0.303s][info][gc,phases,start] GC(14) Summary Phase
[0.303s][info][gc,phases      ] GC(14) Summary Phase 0.016ms
[0.303s][info][gc,phases,start] GC(14) Adjust Roots
[0.303s][info][gc,phases      ] GC(14) Adjust Roots 0.204ms
[0.303s][info][gc,phases,start] GC(14) Compaction Phase
[0.308s][info][gc,phases      ] GC(14) Compaction Phase 5.120ms
[0.308s][info][gc,phases,start] GC(14) Post Compact
[0.308s][info][gc,phases      ] GC(14) Post Compact 0.062ms
[0.308s][info][gc,heap        ] GC(14) PSYoungGen: 2720K(12288K)->1949K(12288K) Eden: 0K(6656K)->0K(6656K) From: 2720K(5632K)->1949K(5632K)
[0.308s][info][gc,heap        ] GC(14) ParOldGen: 11800K(12288K)->12087K(19456K)
[0.308s][info][gc,metaspace   ] GC(14) Metaspace: 6296K(6464K)->6296K(6464K) NonClass: 5763K(5824K)->5763K(5824K) Class: 533K(640K)->533K(640K)
[0.309s][info][gc             ] GC(14) Pause Full (Ergonomics) 14M->13M(31M) 10.316ms
[0.309s][info][gc,cpu         ] GC(14) User=0.00s Sys=0.00s Real=0.01s
[0.314s][info][gc,start       ] GC(15) Pause Young (Allocation Failure)
[0.318s][info][gc,heap        ] GC(15) PSYoungGen: 8605K(12288K)->3552K(12288K) Eden: 6656K(6656K)->0K(6656K) From: 1949K(5632K)->3552K(5632K)
[0.318s][info][gc,heap        ] GC(15) ParOldGen: 12087K(19456K)->14087K(19456K)
[0.318s][info][gc,metaspace   ] GC(15) Metaspace: 6298K(6464K)->6298K(6464K) NonClass: 5765K(5824K)->5765K(5824K) Class: 533K(640K)->533K(640K)
[0.318s][info][gc             ] GC(15) Pause Young (Allocation Failure) 20M->17M(31M) 3.957ms
[0.318s][info][gc,cpu         ] GC(15) User=0.00s Sys=0.00s Real=0.00s
[0.323s][info][gc,start       ] GC(16) Pause Young (Allocation Failure)
[0.327s][info][gc,heap        ] GC(16) PSYoungGen: 10208K(12288K)->3520K(14848K) Eden: 6656K(6656K)->0K(9216K) From: 3552K(5632K)->3520K(5632K)
[0.327s][info][gc,heap        ] GC(16) ParOldGen: 14087K(19456K)->17567K(19456K)
[0.327s][info][gc,metaspace   ] GC(16) Metaspace: 6298K(6464K)->6298K(6464K) NonClass: 5765K(5824K)->5765K(5824K) Class: 533K(640K)->533K(640K)
[0.328s][info][gc             ] GC(16) Pause Young (Allocation Failure) 23M->20M(33M) 4.374ms
[0.328s][info][gc,cpu         ] GC(16) User=0.00s Sys=0.00s Real=0.01s
[0.328s][info][gc,start       ] GC(17) Pause Full (Ergonomics)
[0.328s][info][gc,phases,start] GC(17) Marking Phase
[0.334s][info][gc,phases      ] GC(17) Marking Phase 6.393ms
[0.334s][info][gc,phases,start] GC(17) Summary Phase
[0.334s][info][gc,phases      ] GC(17) Summary Phase 0.018ms
[0.334s][info][gc,phases,start] GC(17) Adjust Roots
[0.334s][info][gc,phases      ] GC(17) Adjust Roots 0.229ms
[0.334s][info][gc,phases,start] GC(17) Compaction Phase
[0.339s][info][gc,phases      ] GC(17) Compaction Phase 4.696ms
[0.339s][info][gc,phases,start] GC(17) Post Compact
[0.339s][info][gc,phases      ] GC(17) Post Compact 0.089ms
[0.339s][info][gc,heap        ] GC(17) PSYoungGen: 3520K(14848K)->1901K(14848K) Eden: 0K(9216K)->0K(9216K) From: 3520K(5632K)->1901K(5632K)
[0.339s][info][gc,heap        ] GC(17) ParOldGen: 17567K(19456K)->18972K(28160K)
[0.339s][info][gc,metaspace   ] GC(17) Metaspace: 6298K(6464K)->6298K(6464K) NonClass: 5765K(5824K)->5765K(5824K) Class: 533K(640K)->533K(640K)
[0.339s][info][gc             ] GC(17) Pause Full (Ergonomics) 20M->20M(42M) 11.773ms
[0.339s][info][gc,cpu         ] GC(17) User=0.00s Sys=0.00s Real=0.01s
[0.351s][info][gc,start       ] GC(18) Pause Young (Allocation Failure)
[0.355s][info][gc,heap        ] GC(18) PSYoungGen: 11117K(14848K)->5376K(14848K) Eden: 9216K(9216K)->0K(9216K) From: 1901K(5632K)->5376K(5632K)
[0.355s][info][gc,heap        ] GC(18) ParOldGen: 18972K(28160K)->20924K(28160K)
[0.355s][info][gc,metaspace   ] GC(18) Metaspace: 6298K(6464K)->6298K(6464K) NonClass: 5765K(5824K)->5765K(5824K) Class: 533K(640K)->533K(640K)
[0.355s][info][gc             ] GC(18) Pause Young (Allocation Failure) 29M->25M(42M) 4.442ms
[0.355s][info][gc,cpu         ] GC(18) User=0.00s Sys=0.00s Real=0.00s
[0.361s][info][gc,start       ] GC(19) Pause Young (Allocation Failure)
[0.367s][info][gc,heap        ] GC(19) PSYoungGen: 14592K(14848K)->4864K(18432K) Eden: 9216K(9216K)->0K(11776K) From: 5376K(5632K)->4864K(6656K)
[0.367s][info][gc,heap        ] GC(19) ParOldGen: 20924K(28160K)->26276K(28160K)
[0.367s][info][gc,metaspace   ] GC(19) Metaspace: 6298K(6464K)->6298K(6464K) NonClass: 5765K(5824K)->5765K(5824K) Class: 533K(640K)->533K(640K)
[0.367s][info][gc             ] GC(19) Pause Young (Allocation Failure) 34M->30M(45M) 5.748ms
[0.367s][info][gc,cpu         ] GC(19) User=0.00s Sys=0.00s Real=0.01s
[0.367s][info][gc,start       ] GC(20) Pause Full (Ergonomics)
[0.367s][info][gc,phases,start] GC(20) Marking Phase
[0.376s][info][gc,phases      ] GC(20) Marking Phase 8.953ms
[0.376s][info][gc,phases,start] GC(20) Summary Phase
[0.376s][info][gc,phases      ] GC(20) Summary Phase 0.018ms
[0.376s][info][gc,phases,start] GC(20) Adjust Roots
[0.376s][info][gc,phases      ] GC(20) Adjust Roots 0.213ms
[0.376s][info][gc,phases,start] GC(20) Compaction Phase
[0.386s][info][gc,phases      ] GC(20) Compaction Phase 9.442ms
[0.386s][info][gc,phases,start] GC(20) Post Compact
[0.386s][info][gc,phases      ] GC(20) Post Compact 0.124ms
[0.386s][info][gc,heap        ] GC(20) PSYoungGen: 4864K(18432K)->2717K(18432K) Eden: 0K(11776K)->0K(11776K) From: 4864K(6656K)->2717K(6656K)
[0.386s][info][gc,heap        ] GC(20) ParOldGen: 26276K(28160K)->27662K(38912K)
[0.386s][info][gc,metaspace   ] GC(20) Metaspace: 6298K(6464K)->6298K(6464K) NonClass: 5765K(5824K)->5765K(5824K) Class: 533K(640K)->533K(640K)
[0.386s][info][gc             ] GC(20) Pause Full (Ergonomics) 30M->29M(56M) 19.276ms
[0.386s][info][gc,cpu         ] GC(20) User=0.00s Sys=0.00s Real=0.02s
[0.398s][info][gc,start       ] GC(21) Pause Young (Allocation Failure)
[0.406s][info][gc,heap        ] GC(21) PSYoungGen: 14493K(18432K)->7168K(18944K) Eden: 11776K(11776K)->0K(11776K) From: 2717K(6656K)->7168K(7168K)
[0.406s][info][gc,heap        ] GC(21) ParOldGen: 27662K(38912K)->34230K(38912K)
[0.406s][info][gc,metaspace   ] GC(21) Metaspace: 6298K(6464K)->6298K(6464K) NonClass: 5765K(5824K)->5765K(5824K) Class: 533K(640K)->533K(640K)
[0.407s][info][gc             ] GC(21) Pause Young (Allocation Failure) 41M->40M(56M) 8.438ms
[0.407s][info][gc,cpu         ] GC(21) User=0.00s Sys=0.00s Real=0.01s
[0.407s][info][gc,start       ] GC(22) Pause Full (Ergonomics)
[0.407s][info][gc,phases,start] GC(22) Marking Phase
[0.418s][info][gc,phases      ] GC(22) Marking Phase 11.500ms
[0.418s][info][gc,phases,start] GC(22) Summary Phase
[0.418s][info][gc,phases      ] GC(22) Summary Phase 0.015ms
[0.418s][info][gc,phases,start] GC(22) Adjust Roots
[0.418s][info][gc,phases      ] GC(22) Adjust Roots 0.182ms
[0.418s][info][gc,phases,start] GC(22) Compaction Phase
[0.424s][info][gc,phases      ] GC(22) Compaction Phase 5.415ms
[0.424s][info][gc,phases,start] GC(22) Post Compact
[0.424s][info][gc,phases      ] GC(22) Post Compact 0.242ms
[0.424s][info][gc,heap        ] GC(22) PSYoungGen: 7168K(18944K)->2554K(18944K) Eden: 0K(11776K)->0K(11776K) From: 7168K(7168K)->2554K(7168K)
[0.424s][info][gc,heap        ] GC(22) ParOldGen: 34230K(38912K)->38719K(53248K)
[0.424s][info][gc,metaspace   ] GC(22) Metaspace: 6298K(6464K)->6298K(6464K) NonClass: 5765K(5824K)->5765K(5824K) Class: 533K(640K)->533K(640K)
[0.424s][info][gc             ] GC(22) Pause Full (Ergonomics) 40M->40M(70M) 17.832ms
[0.424s][info][gc,cpu         ] GC(22) User=0.02s Sys=0.00s Real=0.02s
[0.441s][info][gc,start       ] GC(23) Pause Young (Allocation Failure)
[0.452s][info][gc,heap        ] GC(23) PSYoungGen: 14330K(18944K)->10720K(22016K) Eden: 11776K(11776K)->0K(11264K) From: 2554K(7168K)->10720K(10752K)
[0.452s][info][gc,heap        ] GC(23) ParOldGen: 38719K(53248K)->42479K(53248K)
[0.452s][info][gc,metaspace   ] GC(23) Metaspace: 6298K(6464K)->6298K(6464K) NonClass: 5765K(5824K)->5765K(5824K) Class: 533K(640K)->533K(640K)
[0.452s][info][gc             ] GC(23) Pause Young (Allocation Failure) 51M->51M(73M) 11.180ms
[0.452s][info][gc,cpu         ] GC(23) User=0.00s Sys=0.00s Real=0.01s
[0.464s][info][gc,start       ] GC(24) Pause Young (Allocation Failure)
[0.476s][info][gc,heap        ] GC(24) PSYoungGen: 21984K(22016K)->11360K(25088K) Eden: 11264K(11264K)->0K(11264K) From: 10720K(10752K)->11360K(13824K)
[0.476s][info][gc,heap        ] GC(24) ParOldGen: 42479K(53248K)->53255K(53760K)
[0.476s][info][gc,metaspace   ] GC(24) Metaspace: 6298K(6464K)->6298K(6464K) NonClass: 5765K(5824K)->5765K(5824K) Class: 533K(640K)->533K(640K)
[0.476s][info][gc             ] GC(24) Pause Young (Allocation Failure) 62M->63M(77M) 11.879ms
[0.476s][info][gc,cpu         ] GC(24) User=0.02s Sys=0.00s Real=0.01s
[0.476s][info][gc,start       ] GC(25) Pause Full (Ergonomics)
[0.476s][info][gc,phases,start] GC(25) Marking Phase
[0.492s][info][gc,phases      ] GC(25) Marking Phase 16.813ms
[0.493s][info][gc,phases,start] GC(25) Summary Phase
[0.493s][info][gc,phases      ] GC(25) Summary Phase 0.016ms
[0.493s][info][gc,phases,start] GC(25) Adjust Roots
[0.493s][info][gc,phases      ] GC(25) Adjust Roots 0.173ms
[0.493s][info][gc,phases,start] GC(25) Compaction Phase
[0.509s][info][gc,phases      ] GC(25) Compaction Phase 16.393ms
[0.509s][info][gc,phases,start] GC(25) Post Compact
[0.510s][info][gc,phases      ] GC(25) Post Compact 0.335ms
[0.510s][info][gc,heap        ] GC(25) PSYoungGen: 11360K(25088K)->9701K(25088K) Eden: 0K(11264K)->0K(11264K) From: 11360K(13824K)->9701K(13824K)
[0.510s][info][gc,heap        ] GC(25) ParOldGen: 53255K(53760K)->53530K(72192K)
[0.510s][info][gc,metaspace   ] GC(25) Metaspace: 6298K(6464K)->6298K(6464K) NonClass: 5765K(5824K)->5765K(5824K) Class: 533K(640K)->533K(640K)
[0.510s][info][gc             ] GC(25) Pause Full (Ergonomics) 63M->61M(95M) 34.068ms
[0.510s][info][gc,cpu         ] GC(25) User=0.09s Sys=0.00s Real=0.03s
[0.521s][info][gc,start       ] GC(26) Pause Young (Allocation Failure)
[0.534s][info][gc,heap        ] GC(26) PSYoungGen: 20965K(25088K)->11360K(28160K) Eden: 11264K(11264K)->0K(12800K) From: 9701K(13824K)->11360K(15360K)
[0.534s][info][gc,heap        ] GC(26) ParOldGen: 53530K(72192K)->63386K(72192K)
[0.534s][info][gc,metaspace   ] GC(26) Metaspace: 6298K(6464K)->6298K(6464K) NonClass: 5765K(5824K)->5765K(5824K) Class: 533K(640K)->533K(640K)
[0.534s][info][gc             ] GC(26) Pause Young (Allocation Failure) 72M->72M(98M) 13.075ms
[0.534s][info][gc,cpu         ] GC(26) User=0.02s Sys=0.00s Real=0.01s
[0.534s][info][gc,start       ] GC(27) Pause Full (Ergonomics)
[0.534s][info][gc,phases,start] GC(27) Marking Phase
[0.554s][info][gc,phases      ] GC(27) Marking Phase 20.150ms
[0.555s][info][gc,phases,start] GC(27) Summary Phase
[0.555s][info][gc,phases      ] GC(27) Summary Phase 0.016ms
[0.555s][info][gc,phases,start] GC(27) Adjust Roots
[0.555s][info][gc,phases      ] GC(27) Adjust Roots 0.176ms
[0.555s][info][gc,phases,start] GC(27) Compaction Phase
[0.565s][info][gc,phases      ] GC(27) Compaction Phase 10.525ms
[0.565s][info][gc,phases,start] GC(27) Post Compact
[0.566s][info][gc,phases      ] GC(27) Post Compact 0.388ms
[0.566s][info][gc,heap        ] GC(27) PSYoungGen: 11360K(28160K)->2544K(28160K) Eden: 0K(12800K)->0K(12800K) From: 11360K(15360K)->2544K(15360K)
[0.566s][info][gc,heap        ] GC(27) ParOldGen: 63386K(72192K)->71918K(94208K)
[0.566s][info][gc,metaspace   ] GC(27) Metaspace: 6298K(6464K)->6298K(6464K) NonClass: 5765K(5824K)->5765K(5824K) Class: 533K(640K)->533K(640K)
[0.566s][info][gc             ] GC(27) Pause Full (Ergonomics) 72M->72M(119M) 31.650ms
[0.566s][info][gc,cpu         ] GC(27) User=0.11s Sys=0.00s Real=0.03s
[0.579s][info][gc,start       ] GC(28) Pause Young (Allocation Failure)
[0.590s][info][gc,heap        ] GC(28) PSYoungGen: 15344K(28160K)->15456K(29184K) Eden: 12800K(12800K)->0K(12800K) From: 2544K(15360K)->15456K(16384K)
[0.590s][info][gc,heap        ] GC(28) ParOldGen: 71918K(94208K)->71918K(94208K)
[0.590s][info][gc,metaspace   ] GC(28) Metaspace: 6298K(6464K)->6298K(6464K) NonClass: 5765K(5824K)->5765K(5824K) Class: 533K(640K)->533K(640K)
[0.590s][info][gc             ] GC(28) Pause Young (Allocation Failure) 85M->85M(120M) 10.559ms
[0.590s][info][gc,cpu         ] GC(28) User=0.00s Sys=0.00s Real=0.01s
[0.611s][info][gc,start       ] GC(29) Pause Young (Allocation Failure)
[0.628s][info][gc,heap        ] GC(29) PSYoungGen: 28256K(29184K)->18912K(27648K) Eden: 12800K(12800K)->0K(8704K) From: 15456K(16384K)->18912K(18944K)
[0.628s][info][gc,heap        ] GC(29) ParOldGen: 71918K(94208K)->81294K(94208K)
[0.628s][info][gc,metaspace   ] GC(29) Metaspace: 6298K(6464K)->6298K(6464K) NonClass: 5765K(5824K)->5765K(5824K) Class: 533K(640K)->533K(640K)
[0.628s][info][gc             ] GC(29) Pause Young (Allocation Failure) 97M->97M(119M) 16.364ms
[0.628s][info][gc,cpu         ] GC(29) User=0.00s Sys=0.02s Real=0.02s
[0.635s][info][gc,start       ] GC(30) Pause Young (Allocation Failure)
[0.648s][info][gc,heap        ] GC(30) PSYoungGen: 27616K(27648K)->16352K(34304K) Eden: 8704K(8704K)->0K(8704K) From: 18912K(18944K)->16352K(25600K)
[0.648s][info][gc,heap        ] GC(30) ParOldGen: 81294K(94208K)->92798K(94208K)
[0.648s][info][gc,metaspace   ] GC(30) Metaspace: 6298K(6464K)->6298K(6464K) NonClass: 5765K(5824K)->5765K(5824K) Class: 533K(640K)->533K(640K)
[0.648s][info][gc             ] GC(30) Pause Young (Allocation Failure) 106M->106M(125M) 13.086ms
[0.648s][info][gc,cpu         ] GC(30) User=0.02s Sys=0.00s Real=0.01s
[0.648s][info][gc,start       ] GC(31) Pause Full (Ergonomics)
[0.648s][info][gc,phases,start] GC(31) Marking Phase
[0.675s][info][gc,phases      ] GC(31) Marking Phase 27.257ms
[0.675s][info][gc,phases,start] GC(31) Summary Phase
[0.675s][info][gc,phases      ] GC(31) Summary Phase 0.017ms
[0.675s][info][gc,phases,start] GC(31) Adjust Roots
[0.676s][info][gc,phases      ] GC(31) Adjust Roots 0.199ms
[0.676s][info][gc,phases,start] GC(31) Compaction Phase
[0.699s][info][gc,phases      ] GC(31) Compaction Phase 23.449ms
[0.699s][info][gc,phases,start] GC(31) Post Compact
[0.700s][info][gc,phases      ] GC(31) Post Compact 0.406ms
[0.700s][info][gc,heap        ] GC(31) PSYoungGen: 16352K(34304K)->13192K(34304K) Eden: 0K(8704K)->0K(8704K) From: 16352K(25600K)->13192K(25600K)
[0.700s][info][gc,heap        ] GC(31) ParOldGen: 92798K(94208K)->93441K(120320K)
[0.700s][info][gc,metaspace   ] GC(31) Metaspace: 6298K(6464K)->6298K(6464K) NonClass: 5765K(5824K)->5765K(5824K) Class: 533K(640K)->533K(640K)
[0.700s][info][gc             ] GC(31) Pause Full (Ergonomics) 106M->104M(151M) 51.724ms
[0.700s][info][gc,cpu         ] GC(31) User=0.09s Sys=0.00s Real=0.05s
[0.709s][info][gc,start       ] GC(32) Pause Young (Allocation Failure)
[0.723s][info][gc,heap        ] GC(32) PSYoungGen: 21896K(34304K)->16096K(36864K) Eden: 8704K(8704K)->0K(10240K) From: 13192K(25600K)->16096K(26624K)
[0.723s][info][gc,heap        ] GC(32) ParOldGen: 93441K(120320K)->99433K(120320K)
[0.723s][info][gc,metaspace   ] GC(32) Metaspace: 6298K(6464K)->6298K(6464K) NonClass: 5765K(5824K)->5765K(5824K) Class: 533K(640K)->533K(640K)
[0.723s][info][gc             ] GC(32) Pause Young (Allocation Failure) 112M->112M(153M) 14.630ms
[0.723s][info][gc,cpu         ] GC(32) User=0.00s Sys=0.00s Real=0.01s
[0.734s][info][gc,start       ] GC(33) Pause Young (Allocation Failure)
[0.747s][info][gc,heap        ] GC(33) PSYoungGen: 26336K(36864K)->26304K(37376K) Eden: 10240K(10240K)->0K(10240K) From: 16096K(26624K)->26304K(27136K)
[0.747s][info][gc,heap        ] GC(33) ParOldGen: 99433K(120320K)->99433K(120320K)
[0.747s][info][gc,metaspace   ] GC(33) Metaspace: 6298K(6464K)->6298K(6464K) NonClass: 5765K(5824K)->5765K(5824K) Class: 533K(640K)->533K(640K)
[0.747s][info][gc             ] GC(33) Pause Young (Allocation Failure) 122M->122M(154M) 13.108ms
[0.747s][info][gc,cpu         ] GC(33) User=0.03s Sys=0.00s Real=0.01s
[0.757s][info][gc,start       ] GC(34) Pause Young (Allocation Failure)
[0.773s][info][gc,heap        ] GC(34) PSYoungGen: 36544K(37376K)->29248K(38912K) Eden: 10240K(10240K)->0K(7680K) From: 26304K(27136K)->29248K(31232K)
[0.773s][info][gc,heap        ] GC(34) ParOldGen: 99433K(120320K)->106817K(120320K)
[0.773s][info][gc,metaspace   ] GC(34) Metaspace: 6298K(6464K)->6298K(6464K) NonClass: 5765K(5824K)->5765K(5824K) Class: 533K(640K)->533K(640K)
[0.773s][info][gc             ] GC(34) Pause Young (Allocation Failure) 132M->132M(155M) 16.619ms
[0.773s][info][gc,cpu         ] GC(34) User=0.03s Sys=0.02s Real=0.02s
[0.781s][info][gc,start       ] GC(35) Pause Young (Allocation Failure)
[0.799s][info][gc,heap        ] GC(35) PSYoungGen: 36928K(38912K)->17984K(43520K) Eden: 7680K(7680K)->0K(7680K) From: 29248K(31232K)->17984K(35840K)
[0.799s][info][gc,heap        ] GC(35) ParOldGen: 106817K(120320K)->125993K(126464K)
[0.799s][info][gc,metaspace   ] GC(35) Metaspace: 6298K(6464K)->6298K(6464K) NonClass: 5765K(5824K)->5765K(5824K) Class: 533K(640K)->533K(640K)
[0.799s][info][gc             ] GC(35) Pause Young (Allocation Failure) 140M->140M(166M) 17.420ms
[0.799s][info][gc,cpu         ] GC(35) User=0.02s Sys=0.00s Real=0.02s
[0.799s][info][gc,start       ] GC(36) Pause Full (Ergonomics)
[0.799s][info][gc,phases,start] GC(36) Marking Phase
[0.834s][info][gc,phases      ] GC(36) Marking Phase 34.993ms
[0.834s][info][gc,phases,start] GC(36) Summary Phase
[0.834s][info][gc,phases      ] GC(36) Summary Phase 0.023ms
[0.834s][info][gc,phases,start] GC(36) Adjust Roots
[0.834s][info][gc,phases      ] GC(36) Adjust Roots 0.180ms
[0.834s][info][gc,phases,start] GC(36) Compaction Phase
[0.870s][info][gc,phases      ] GC(36) Compaction Phase 35.625ms
[0.870s][info][gc,phases,start] GC(36) Post Compact
[0.870s][info][gc,phases      ] GC(36) Post Compact 0.561ms
[0.870s][info][gc,heap        ] GC(36) PSYoungGen: 17984K(43520K)->17345K(43520K) Eden: 0K(7680K)->0K(7680K) From: 17984K(35840K)->17345K(35840K)
[0.870s][info][gc,heap        ] GC(36) ParOldGen: 125993K(126464K)->126025K(158208K)
[0.870s][info][gc,metaspace   ] GC(36) Metaspace: 6298K(6464K)->6298K(6464K) NonClass: 5765K(5824K)->5765K(5824K) Class: 533K(640K)->533K(640K)
[0.871s][info][gc             ] GC(36) Pause Full (Ergonomics) 140M->140M(197M) 71.800ms
[0.871s][info][gc,cpu         ] GC(36) User=0.22s Sys=0.00s Real=0.07s
[0.879s][info][gc,start       ] GC(37) Pause Young (Allocation Failure)
[0.898s][info][gc,heap        ] GC(37) PSYoungGen: 25025K(43520K)->7744K(42496K) Eden: 7680K(7680K)->0K(9216K) From: 17345K(35840K)->7744K(33280K)
[0.898s][info][gc,heap        ] GC(37) ParOldGen: 126025K(158208K)->143649K(158208K)
[0.898s][info][gc,metaspace   ] GC(37) Metaspace: 6298K(6464K)->6298K(6464K) NonClass: 5765K(5824K)->5765K(5824K) Class: 533K(640K)->533K(640K)
[0.898s][info][gc             ] GC(37) Pause Young (Allocation Failure) 147M->147M(196M) 18.145ms
[0.898s][info][gc,cpu         ] GC(37) User=0.05s Sys=0.03s Real=0.02s
[0.898s][info][gc,start       ] GC(38) Pause Full (Ergonomics)
[0.898s][info][gc,phases,start] GC(38) Marking Phase
[0.935s][info][gc,phases      ] GC(38) Marking Phase 37.102ms
[0.935s][info][gc,phases,start] GC(38) Summary Phase
[0.935s][info][gc,phases      ] GC(38) Summary Phase 0.018ms
[0.935s][info][gc,phases,start] GC(38) Adjust Roots
[0.935s][info][gc,phases      ] GC(38) Adjust Roots 0.183ms
[0.935s][info][gc,phases,start] GC(38) Compaction Phase
[0.951s][info][gc,phases      ] GC(38) Compaction Phase 16.090ms
[0.951s][info][gc,phases,start] GC(38) Post Compact
[0.952s][info][gc,phases      ] GC(38) Post Compact 0.717ms
[0.952s][info][gc,heap        ] GC(38) PSYoungGen: 7744K(42496K)->0K(43520K) Eden: 0K(9216K)->0K(9216K) From: 7744K(33280K)->0K(34304K)
[0.952s][info][gc,heap        ] GC(38) ParOldGen: 143649K(158208K)->151020K(188416K)
[0.952s][info][gc,metaspace   ] GC(38) Metaspace: 6298K(6464K)->6298K(6464K) NonClass: 5765K(5824K)->5765K(5824K) Class: 533K(640K)->533K(640K)
[0.952s][info][gc             ] GC(38) Pause Full (Ergonomics) 147M->147M(226M) 54.549ms
[0.952s][info][gc,cpu         ] GC(38) User=0.20s Sys=0.00s Real=0.06s
[0.962s][info][gc,start       ] GC(39) Pause Young (Allocation Failure)
[0.967s][info][gc,heap        ] GC(39) PSYoungGen: 9216K(43520K)->9280K(41984K) Eden: 9216K(9216K)->0K(10752K) From: 0K(34304K)->9280K(31232K)
[0.967s][info][gc,heap        ] GC(39) ParOldGen: 151020K(188416K)->151020K(188416K)
[0.967s][info][gc,metaspace   ] GC(39) Metaspace: 6298K(6464K)->6298K(6464K) NonClass: 5765K(5824K)->5765K(5824K) Class: 533K(640K)->533K(640K)
[0.967s][info][gc             ] GC(39) Pause Young (Allocation Failure) 156M->156M(225M) 5.805ms
[0.967s][info][gc,cpu         ] GC(39) User=0.00s Sys=0.00s Real=0.01s
[0.978s][info][gc,start       ] GC(40) Pause Young (Allocation Failure)
[0.988s][info][gc,heap        ] GC(40) PSYoungGen: 20032K(41984K)->20032K(43520K) Eden: 10752K(10752K)->0K(10752K) From: 9280K(31232K)->20032K(32768K)
[0.989s][info][gc,heap        ] GC(40) ParOldGen: 151020K(188416K)->151020K(188416K)
[0.989s][info][gc,metaspace   ] GC(40) Metaspace: 6298K(6464K)->6298K(6464K) NonClass: 5765K(5824K)->5765K(5824K) Class: 533K(640K)->533K(640K)
[0.989s][info][gc             ] GC(40) Pause Young (Allocation Failure) 167M->167M(226M) 10.248ms
[0.989s][info][gc,cpu         ] GC(40) User=0.02s Sys=0.00s Real=0.01s
[1.027s][info][gc,start       ] GC(41) Pause Young (Allocation Failure)
[1.047s][info][gc,heap        ] GC(41) PSYoungGen: 30784K(43520K)->30816K(41472K) Eden: 10752K(10752K)->0K(8192K) From: 20032K(32768K)->30816K(33280K)
[1.047s][info][gc,heap        ] GC(41) ParOldGen: 159212K(188416K)->159212K(188416K)
[1.047s][info][gc,metaspace   ] GC(41) Metaspace: 6298K(6464K)->6298K(6464K) NonClass: 5765K(5824K)->5765K(5824K) Class: 533K(640K)->533K(640K)
[1.047s][info][gc             ] GC(41) Pause Young (Allocation Failure) 185M->185M(224M) 20.339ms
[1.047s][info][gc,cpu         ] GC(41) User=0.06s Sys=0.00s Real=0.02s
[1.055s][info][gc,start       ] GC(42) Pause Young (Allocation Failure)
[1.073s][info][gc,heap        ] GC(42) PSYoungGen: 39008K(41472K)->37888K(46080K) Eden: 8192K(8192K)->0K(8192K) From: 30816K(33280K)->37888K(37888K)
[1.073s][info][gc,heap        ] GC(42) ParOldGen: 159212K(188416K)->160252K(188416K)
[1.073s][info][gc,metaspace   ] GC(42) Metaspace: 6298K(6464K)->6298K(6464K) NonClass: 5765K(5824K)->5765K(5824K) Class: 533K(640K)->533K(640K)
[1.073s][info][gc             ] GC(42) Pause Young (Allocation Failure) 193M->193M(229M) 18.188ms
[1.073s][info][gc,cpu         ] GC(42) User=0.02s Sys=0.00s Real=0.02s
[1.081s][info][gc,start       ] GC(43) Pause Young (Allocation Failure)
[1.103s][info][gc,heap        ] GC(43) PSYoungGen: 46080K(46080K)->26496K(53248K) Eden: 8192K(8192K)->0K(9216K) From: 37888K(37888K)->26496K(44032K)
[1.103s][info][gc,heap        ] GC(43) ParOldGen: 160252K(188416K)->180132K(188416K)
[1.103s][info][gc,metaspace   ] GC(43) Metaspace: 6298K(6464K)->6298K(6464K) NonClass: 5765K(5824K)->5765K(5824K) Class: 533K(640K)->533K(640K)
[1.103s][info][gc             ] GC(43) Pause Young (Allocation Failure) 201M->201M(236M) 22.015ms
[1.103s][info][gc,cpu         ] GC(43) User=0.02s Sys=0.00s Real=0.02s
[1.103s][info][gc,start       ] GC(44) Pause Full (Ergonomics)
[1.103s][info][gc,phases,start] GC(44) Marking Phase
[1.155s][info][gc,phases      ] GC(44) Marking Phase 51.120ms
[1.155s][info][gc,phases,start] GC(44) Summary Phase
[1.155s][info][gc,phases      ] GC(44) Summary Phase 0.017ms
[1.155s][info][gc,phases,start] GC(44) Adjust Roots
[1.155s][info][gc,phases      ] GC(44) Adjust Roots 0.185ms
[1.155s][info][gc,phases,start] GC(44) Compaction Phase
[1.193s][info][gc,phases      ] GC(44) Compaction Phase 37.692ms
[1.193s][info][gc,phases,start] GC(44) Post Compact
[1.194s][info][gc,phases      ] GC(44) Post Compact 0.934ms
[1.194s][info][gc,heap        ] GC(44) PSYoungGen: 26496K(53248K)->14122K(53248K) Eden: 0K(9216K)->0K(9216K) From: 26496K(44032K)->14122K(44032K)
[1.194s][info][gc,heap        ] GC(44) ParOldGen: 180132K(188416K)->187946K(228864K)
[1.194s][info][gc,metaspace   ] GC(44) Metaspace: 6298K(6464K)->6298K(6464K) NonClass: 5765K(5824K)->5765K(5824K) Class: 533K(640K)->533K(640K)
[1.194s][info][gc             ] GC(44) Pause Full (Ergonomics) 201M->197M(275M) 90.479ms
[1.194s][info][gc,cpu         ] GC(44) User=0.38s Sys=0.00s Real=0.09s
[1.205s][info][gc,start       ] GC(45) Pause Young (Allocation Failure)
[1.225s][info][gc,heap        ] GC(45) PSYoungGen: 23338K(53248K)->17600K(27136K) Eden: 9216K(9216K)->0K(9216K) From: 14122K(44032K)->17600K(17920K)
[1.225s][info][gc,heap        ] GC(45) ParOldGen: 187946K(228864K)->193898K(228864K)
[1.225s][info][gc,metaspace   ] GC(45) Metaspace: 6298K(6464K)->6298K(6464K) NonClass: 5765K(5824K)->5765K(5824K) Class: 533K(640K)->533K(640K)
[1.225s][info][gc             ] GC(45) Pause Young (Allocation Failure) 206M->206M(250M) 20.287ms
[1.225s][info][gc,cpu         ] GC(45) User=0.08s Sys=0.02s Real=0.02s
[1.235s][info][gc,start       ] GC(46) Pause Young (Allocation Failure)
[1.248s][info][gc,heap        ] GC(46) PSYoungGen: 26816K(27136K)->22848K(51200K) Eden: 9216K(9216K)->0K(10752K) From: 17600K(17920K)->22848K(40448K)
[1.248s][info][gc,heap        ] GC(46) ParOldGen: 193898K(228864K)->197874K(228864K)
[1.248s][info][gc,metaspace   ] GC(46) Metaspace: 6298K(6464K)->6298K(6464K) NonClass: 5765K(5824K)->5765K(5824K) Class: 533K(640K)->533K(640K)
[1.248s][info][gc             ] GC(46) Pause Young (Allocation Failure) 215M->215M(273M) 13.716ms
[1.248s][info][gc,cpu         ] GC(46) User=0.00s Sys=0.00s Real=0.01s
[1.260s][info][gc,start       ] GC(47) Pause Young (Allocation Failure)
[1.276s][info][gc,heap        ] GC(47) PSYoungGen: 33600K(51200K)->29216K(52224K) Eden: 10752K(10752K)->0K(10752K) From: 22848K(40448K)->29216K(41472K)
[1.276s][info][gc,heap        ] GC(47) ParOldGen: 197874K(228864K)->202338K(228864K)
[1.276s][info][gc,metaspace   ] GC(47) Metaspace: 6298K(6464K)->6298K(6464K) NonClass: 5765K(5824K)->5765K(5824K) Class: 533K(640K)->533K(640K)
[1.276s][info][gc             ] GC(47) Pause Young (Allocation Failure) 226M->226M(274M) 15.946ms
[1.276s][info][gc,cpu         ] GC(47) User=0.00s Sys=0.00s Real=0.02s
[1.288s][info][gc,start       ] GC(48) Pause Young (Allocation Failure)
[1.307s][info][gc,heap        ] GC(48) PSYoungGen: 39968K(52224K)->21600K(52736K) Eden: 10752K(10752K)->0K(12800K) From: 29216K(41472K)->21600K(39936K)
[1.307s][info][gc,heap        ] GC(48) ParOldGen: 202338K(228864K)->221002K(228864K)
[1.307s][info][gc,metaspace   ] GC(48) Metaspace: 6298K(6464K)->6298K(6464K) NonClass: 5765K(5824K)->5765K(5824K) Class: 533K(640K)->533K(640K)
[1.307s][info][gc             ] GC(48) Pause Young (Allocation Failure) 236M->236M(275M) 19.156ms
[1.307s][info][gc,cpu         ] GC(48) User=0.09s Sys=0.00s Real=0.02s
[1.307s][info][gc,start       ] GC(49) Pause Full (Ergonomics)
[1.307s][info][gc,phases,start] GC(49) Marking Phase
[1.367s][info][gc,phases      ] GC(49) Marking Phase 59.547ms
[1.367s][info][gc,phases,start] GC(49) Summary Phase
[1.367s][info][gc,phases      ] GC(49) Summary Phase 0.017ms
[1.367s][info][gc,phases,start] GC(49) Adjust Roots
[1.367s][info][gc,phases      ] GC(49) Adjust Roots 0.178ms
[1.367s][info][gc,phases,start] GC(49) Compaction Phase
[1.399s][info][gc,phases      ] GC(49) Compaction Phase 31.679ms
[1.399s][info][gc,phases,start] GC(49) Post Compact
[1.400s][info][gc,phases      ] GC(49) Post Compact 1.065ms
[1.400s][info][gc,heap        ] GC(49) PSYoungGen: 21600K(52736K)->13267K(54272K) Eden: 0K(12800K)->0K(14336K) From: 21600K(39936K)->13267K(39936K)
[1.400s][info][gc,heap        ] GC(49) ParOldGen: 221002K(228864K)->228616K(271360K)
[1.400s][info][gc,metaspace   ] GC(49) Metaspace: 6298K(6464K)->6298K(6464K) NonClass: 5765K(5824K)->5765K(5824K) Class: 533K(640K)->533K(640K)
[1.400s][info][gc             ] GC(49) Pause Full (Ergonomics) 236M->236M(318M) 92.974ms
[1.400s][info][gc,cpu         ] GC(49) User=0.39s Sys=0.02s Real=0.09s
[1.417s][info][gc,start       ] GC(50) Pause Young (Allocation Failure)
[1.440s][info][gc,heap        ] GC(50) PSYoungGen: 27603K(54272K)->14432K(55808K) Eden: 14336K(14336K)->0K(14336K) From: 13267K(39936K)->14432K(41472K)
[1.440s][info][gc,heap        ] GC(50) ParOldGen: 228616K(271360K)->242104K(271360K)
[1.440s][info][gc,metaspace   ] GC(50) Metaspace: 6298K(6464K)->6298K(6464K) NonClass: 5765K(5824K)->5765K(5824K) Class: 533K(640K)->533K(640K)
[1.440s][info][gc             ] GC(50) Pause Young (Allocation Failure) 250M->250M(319M) 22.839ms
[1.440s][info][gc,cpu         ] GC(50) User=0.09s Sys=0.00s Real=0.02s
[1.456s][info][gc,start       ] GC(51) Pause Young (Allocation Failure)
[1.472s][info][gc,heap        ] GC(51) PSYoungGen: 28768K(55808K)->14432K(53760K) Eden: 14336K(14336K)->0K(16384K) From: 14432K(41472K)->14432K(37376K)
[1.472s][info][gc,heap        ] GC(51) ParOldGen: 242104K(271360K)->256656K(271360K)
[1.472s][info][gc,metaspace   ] GC(51) Metaspace: 6298K(6464K)->6298K(6464K) NonClass: 5765K(5824K)->5765K(5824K) Class: 533K(640K)->533K(640K)
[1.472s][info][gc             ] GC(51) Pause Young (Allocation Failure) 264M->264M(317M) 16.098ms
[1.472s][info][gc,cpu         ] GC(51) User=0.02s Sys=0.00s Real=0.02s
[1.472s][info][gc,start       ] GC(52) Pause Full (Ergonomics)
[1.472s][info][gc,phases,start] GC(52) Marking Phase
[1.540s][info][gc,phases      ] GC(52) Marking Phase 68.113ms
[1.540s][info][gc,phases,start] GC(52) Summary Phase
[1.540s][info][gc,phases      ] GC(52) Summary Phase 0.028ms
[1.540s][info][gc,phases,start] GC(52) Adjust Roots
[1.540s][info][gc,phases      ] GC(52) Adjust Roots 0.186ms
[1.540s][info][gc,phases,start] GC(52) Compaction Phase
[1.568s][info][gc,phases      ] GC(52) Compaction Phase 27.765ms
[1.568s][info][gc,phases,start] GC(52) Post Compact
[1.569s][info][gc,phases      ] GC(52) Post Compact 1.357ms
[1.570s][info][gc,heap        ] GC(52) PSYoungGen: 14432K(53760K)->0K(55296K) Eden: 0K(16384K)->0K(16384K) From: 14432K(37376K)->0K(38912K)
[1.570s][info][gc,heap        ] GC(52) ParOldGen: 256656K(271360K)->270492K(317952K)
[1.570s][info][gc,metaspace   ] GC(52) Metaspace: 6298K(6464K)->6298K(6464K) NonClass: 5765K(5824K)->5765K(5824K) Class: 533K(640K)->533K(640K)
[1.570s][info][gc             ] GC(52) Pause Full (Ergonomics) 264M->264M(364M) 98.031ms
[1.570s][info][gc,cpu         ] GC(52) User=0.45s Sys=0.00s Real=0.10s
[1.589s][info][gc,start       ] GC(53) Pause Young (Allocation Failure)
[1.599s][info][gc,heap        ] GC(53) PSYoungGen: 16384K(55296K)->16448K(55296K) Eden: 16384K(16384K)->0K(18432K) From: 0K(38912K)->16448K(36864K)
[1.599s][info][gc,heap        ] GC(53) ParOldGen: 270492K(317952K)->270492K(317952K)
[1.599s][info][gc,metaspace   ] GC(53) Metaspace: 6298K(6464K)->6298K(6464K) NonClass: 5765K(5824K)->5765K(5824K) Class: 533K(640K)->533K(640K)
[1.599s][info][gc             ] GC(53) Pause Young (Allocation Failure) 280M->280M(364M) 10.472ms
[1.599s][info][gc,cpu         ] GC(53) User=0.02s Sys=0.00s Real=0.01s
[1.621s][info][gc,start       ] GC(54) Pause Young (Allocation Failure)
[1.638s][info][gc,heap        ] GC(54) PSYoungGen: 34880K(55296K)->34944K(56320K) Eden: 18432K(18432K)->0K(18432K) From: 16448K(36864K)->34944K(37888K)
[1.638s][info][gc,heap        ] GC(54) ParOldGen: 270492K(317952K)->270492K(317952K)
[1.638s][info][gc,metaspace   ] GC(54) Metaspace: 6298K(6464K)->6298K(6464K) NonClass: 5765K(5824K)->5765K(5824K) Class: 533K(640K)->533K(640K)
[1.638s][info][gc             ] GC(54) Pause Young (Allocation Failure) 298M->298M(365M) 17.637ms
[1.638s][info][gc,cpu         ] GC(54) User=0.02s Sys=0.00s Real=0.02s
[1.659s][info][gc,start       ] GC(55) Pause Young (Allocation Failure)
[1.689s][info][gc,heap        ] GC(55) PSYoungGen: 53376K(56320K)->41984K(52736K) Eden: 18432K(18432K)->0K(10752K) From: 34944K(37888K)->41984K(41984K)
[1.689s][info][gc,heap        ] GC(55) ParOldGen: 270492K(317952K)->281924K(317952K)
[1.689s][info][gc,metaspace   ] GC(55) Metaspace: 6298K(6464K)->6298K(6464K) NonClass: 5765K(5824K)->5765K(5824K) Class: 533K(640K)->533K(640K)
[1.689s][info][gc             ] GC(55) Pause Young (Allocation Failure) 316M->316M(362M) 29.196ms
[1.689s][info][gc,cpu         ] GC(55) User=0.05s Sys=0.03s Real=0.03s
[1.701s][info][gc,start       ] GC(56) Pause Young (Allocation Failure)
[1.726s][info][gc,heap        ] GC(56) PSYoungGen: 52736K(52736K)->26432K(62464K) Eden: 10752K(10752K)->0K(10752K) From: 41984K(41984K)->26432K(51712K)
[1.726s][info][gc,heap        ] GC(56) ParOldGen: 281924K(317952K)->308676K(317952K)
[1.726s][info][gc,metaspace   ] GC(56) Metaspace: 6298K(6464K)->6298K(6464K) NonClass: 5765K(5824K)->5765K(5824K) Class: 533K(640K)->533K(640K)
[1.726s][info][gc             ] GC(56) Pause Young (Allocation Failure) 326M->327M(371M) 25.062ms
[1.726s][info][gc,cpu         ] GC(56) User=0.09s Sys=0.02s Real=0.03s
[1.726s][info][gc,start       ] GC(57) Pause Full (Ergonomics)
[1.726s][info][gc,phases,start] GC(57) Marking Phase
[1.813s][info][gc,phases      ] GC(57) Marking Phase 86.953ms
[1.813s][info][gc,phases,start] GC(57) Summary Phase
[1.813s][info][gc,phases      ] GC(57) Summary Phase 0.027ms
[1.813s][info][gc,phases,start] GC(57) Adjust Roots
[1.813s][info][gc,phases      ] GC(57) Adjust Roots 0.199ms
[1.813s][info][gc,phases,start] GC(57) Compaction Phase
[1.847s][info][gc,phases      ] GC(57) Compaction Phase 33.940ms
[1.847s][info][gc,phases,start] GC(57) Post Compact
[1.849s][info][gc,phases      ] GC(57) Post Compact 1.683ms
[1.849s][info][gc,heap        ] GC(57) PSYoungGen: 26432K(62464K)->16588K(62464K) Eden: 0K(10752K)->0K(10752K) From: 26432K(51712K)->16588K(51712K)
[1.849s][info][gc,heap        ] GC(57) ParOldGen: 308676K(317952K)->317778K(371712K)
[1.849s][info][gc,metaspace   ] GC(57) Metaspace: 6298K(6464K)->6298K(6464K) NonClass: 5765K(5824K)->5765K(5824K) Class: 533K(640K)->533K(640K)
[1.850s][info][gc             ] GC(57) Pause Full (Ergonomics) 327M->326M(424M) 123.358ms
[1.850s][info][gc,cpu         ] GC(57) User=0.64s Sys=0.02s Real=0.12s
[1.862s][info][gc,start       ] GC(58) Pause Young (Allocation Failure)
[1.888s][info][gc,heap        ] GC(58) PSYoungGen: 27340K(62464K)->17984K(59392K) Eden: 10752K(10752K)->0K(12288K) From: 16588K(51712K)->17984K(47104K)
[1.888s][info][gc,heap        ] GC(58) ParOldGen: 317778K(371712K)->327418K(371712K)
[1.888s][info][gc,metaspace   ] GC(58) Metaspace: 6298K(6464K)->6298K(6464K) NonClass: 5765K(5824K)->5765K(5824K) Class: 533K(640K)->533K(640K)
[1.888s][info][gc             ] GC(58) Pause Young (Allocation Failure) 337M->337M(421M) 26.405ms
[1.888s][info][gc,cpu         ] GC(58) User=0.08s Sys=0.02s Real=0.03s
[1.984s][info][gc,start       ] GC(59) Pause Young (Allocation Failure)
[2.008s][info][gc,heap        ] GC(59) PSYoungGen: 30272K(59392K)->30240K(60928K) Eden: 12288K(12288K)->0K(12288K) From: 17984K(47104K)->30240K(48640K)
[2.009s][info][gc,heap        ] GC(59) ParOldGen: 343802K(371712K)->343802K(371712K)
[2.009s][info][gc,metaspace   ] GC(59) Metaspace: 6298K(6464K)->6298K(6464K) NonClass: 5765K(5824K)->5765K(5824K) Class: 533K(640K)->533K(640K)
[2.009s][info][gc             ] GC(59) Pause Young (Allocation Failure) 365M->365M(422M) 24.285ms
[2.009s][info][gc,cpu         ] GC(59) User=0.16s Sys=0.00s Real=0.02s
[2.020s][info][gc,start       ] GC(60) Pause Young (Allocation Failure)
[2.041s][info][gc,heap        ] GC(60) PSYoungGen: 42528K(60928K)->42560K(58368K) Eden: 12288K(12288K)->0K(9728K) From: 30240K(48640K)->42560K(48640K)
[2.041s][info][gc,heap        ] GC(60) ParOldGen: 343802K(371712K)->343802K(371712K)
[2.041s][info][gc,metaspace   ] GC(60) Metaspace: 6298K(6464K)->6298K(6464K) NonClass: 5765K(5824K)->5765K(5824K) Class: 533K(640K)->533K(640K)
[2.041s][info][gc             ] GC(60) Pause Young (Allocation Failure) 377M->377M(420M) 20.781ms
[2.041s][info][gc,cpu         ] GC(60) User=0.08s Sys=0.00s Real=0.02s
[2.051s][info][gc,start       ] GC(61) Pause Young (Allocation Failure)
[2.075s][info][gc,heap        ] GC(61) PSYoungGen: 52288K(58368K)->52288K(62464K) Eden: 9728K(9728K)->0K(9728K) From: 42560K(48640K)->52288K(52736K)
[2.075s][info][gc,heap        ] GC(61) ParOldGen: 343802K(371712K)->343802K(371712K)
[2.075s][info][gc,metaspace   ] GC(61) Metaspace: 6298K(6464K)->6298K(6464K) NonClass: 5765K(5824K)->5765K(5824K) Class: 533K(640K)->533K(640K)
[2.075s][info][gc             ] GC(61) Pause Young (Allocation Failure) 386M->386M(424M) 23.708ms
[2.075s][info][gc,cpu         ] GC(61) User=0.09s Sys=0.00s Real=0.02s
[2.084s][info][gc,start       ] GC(62) Pause Young (Allocation Failure)
[2.114s][info][gc,heap        ] GC(62) PSYoungGen: 62016K(62464K)->54816K(64512K) Eden: 9728K(9728K)->0K(4608K) From: 52288K(52736K)->54816K(59904K)
[2.114s][info][gc,heap        ] GC(62) ParOldGen: 343802K(371712K)->351034K(371712K)
[2.114s][info][gc,metaspace   ] GC(62) Metaspace: 6298K(6464K)->6298K(6464K) NonClass: 5765K(5824K)->5765K(5824K) Class: 533K(640K)->533K(640K)
[2.114s][info][gc             ] GC(62) Pause Young (Allocation Failure) 396M->396M(426M) 29.523ms
[2.114s][info][gc,cpu         ] GC(62) User=0.08s Sys=0.00s Real=0.03s
[2.114s][info][gc,start       ] GC(63) Pause Full (Ergonomics)
[2.114s][info][gc,phases,start] GC(63) Marking Phase
[2.210s][info][gc,phases      ] GC(63) Marking Phase 96.034ms
[2.210s][info][gc,phases,start] GC(63) Summary Phase
[2.210s][info][gc,phases      ] GC(63) Summary Phase 0.026ms
[2.210s][info][gc,phases,start] GC(63) Adjust Roots
[2.210s][info][gc,phases      ] GC(63) Adjust Roots 0.186ms
[2.210s][info][gc,phases,start] GC(63) Compaction Phase
[2.284s][info][gc,phases      ] GC(63) Compaction Phase 73.641ms
[2.284s][info][gc,phases,start] GC(63) Post Compact
[2.286s][info][gc,phases      ] GC(63) Post Compact 2.098ms
[2.287s][info][gc,heap        ] GC(63) PSYoungGen: 54816K(64512K)->25507K(64512K) Eden: 0K(4608K)->0K(4608K) From: 54816K(59904K)->25507K(59904K)
[2.287s][info][gc,heap        ] GC(63) ParOldGen: 351034K(371712K)->371681K(422400K)
[2.287s][info][gc,metaspace   ] GC(63) Metaspace: 6298K(6464K)->6298K(6464K) NonClass: 5765K(5824K)->5765K(5824K) Class: 533K(640K)->533K(640K)
[2.287s][info][gc             ] GC(63) Pause Full (Ergonomics) 396M->387M(475M) 172.608ms
[2.287s][info][gc,cpu         ] GC(63) User=0.72s Sys=0.02s Real=0.17s
[2.293s][info][gc,start       ] GC(64) Pause Young (Allocation Failure)
[2.324s][info][gc,heap        ] GC(64) PSYoungGen: 30115K(64512K)->20448K(25088K) Eden: 4608K(4608K)->0K(4608K) From: 25507K(59904K)->20448K(20480K)
[2.324s][info][gc,heap        ] GC(64) ParOldGen: 371681K(422400K)->381601K(422400K)
[2.324s][info][gc,metaspace   ] GC(64) Metaspace: 6298K(6464K)->6298K(6464K) NonClass: 5765K(5824K)->5765K(5824K) Class: 533K(640K)->533K(640K)
[2.324s][info][gc             ] GC(64) Pause Young (Allocation Failure) 392M->392M(437M) 30.893ms
[2.324s][info][gc,cpu         ] GC(64) User=0.06s Sys=0.00s Real=0.03s
[2.329s][info][gc,start       ] GC(65) Pause Young (Allocation Failure)
[2.342s][info][gc,heap        ] GC(65) PSYoungGen: 25056K(25088K)->18336K(67584K) Eden: 4608K(4608K)->0K(5632K) From: 20448K(20480K)->18336K(61952K)
[2.342s][info][gc,heap        ] GC(65) ParOldGen: 381601K(422400K)->388425K(422400K)
[2.342s][info][gc,metaspace   ] GC(65) Metaspace: 6298K(6464K)->6298K(6464K) NonClass: 5765K(5824K)->5765K(5824K) Class: 533K(640K)->533K(640K)
[2.342s][info][gc             ] GC(65) Pause Young (Allocation Failure) 397M->397M(478M) 12.925ms
[2.342s][info][gc,cpu         ] GC(65) User=0.02s Sys=0.00s Real=0.01s
[2.349s][info][gc,start       ] GC(66) Pause Young (Allocation Failure)
[2.361s][info][gc,heap        ] GC(66) PSYoungGen: 23968K(67584K)->14848K(69120K) Eden: 5632K(5632K)->0K(5632K) From: 18336K(61952K)->14848K(63488K)
[2.361s][info][gc,heap        ] GC(66) ParOldGen: 388425K(422400K)->397609K(422400K)
[2.361s][info][gc,metaspace   ] GC(66) Metaspace: 6298K(6464K)->6298K(6464K) NonClass: 5765K(5824K)->5765K(5824K) Class: 533K(640K)->533K(640K)
[2.361s][info][gc             ] GC(66) Pause Young (Allocation Failure) 402M->402M(480M) 12.721ms
[2.361s][info][gc,cpu         ] GC(66) User=0.00s Sys=0.00s Real=0.01s
[2.367s][info][gc,start       ] GC(67) Pause Young (Allocation Failure)
[2.378s][info][gc,heap        ] GC(67) PSYoungGen: 20480K(69120K)->11360K(68096K) Eden: 5632K(5632K)->0K(6656K) From: 14848K(63488K)->11360K(61440K)
[2.378s][info][gc,heap        ] GC(67) ParOldGen: 397609K(422400K)->406929K(422400K)
[2.378s][info][gc,metaspace   ] GC(67) Metaspace: 6298K(6464K)->6298K(6464K) NonClass: 5765K(5824K)->5765K(5824K) Class: 533K(640K)->533K(640K)
[2.378s][info][gc             ] GC(67) Pause Young (Allocation Failure) 408M->408M(479M) 11.415ms
[2.378s][info][gc,cpu         ] GC(67) User=0.02s Sys=0.00s Real=0.01s
[2.378s][info][gc,start       ] GC(68) Pause Full (Ergonomics)
[2.379s][info][gc,phases,start] GC(68) Marking Phase
[2.488s][info][gc,phases      ] GC(68) Marking Phase 109.407ms
[2.488s][info][gc,phases,start] GC(68) Summary Phase
[2.488s][info][gc,phases      ] GC(68) Summary Phase 0.022ms
[2.488s][info][gc,phases,start] GC(68) Adjust Roots
[2.488s][info][gc,phases      ] GC(68) Adjust Roots 0.182ms
[2.488s][info][gc,phases,start] GC(68) Compaction Phase
[2.528s][info][gc,phases      ] GC(68) Compaction Phase 39.563ms
[2.528s][info][gc,phases,start] GC(68) Post Compact
[2.530s][info][gc,phases      ] GC(68) Post Compact 2.010ms
[2.530s][info][gc,heap        ] GC(68) PSYoungGen: 11360K(68096K)->0K(68608K) Eden: 0K(6656K)->0K(6656K) From: 11360K(61440K)->0K(61952K)
[2.530s][info][gc,heap        ] GC(68) ParOldGen: 406929K(422400K)->417541K(468480K)
[2.530s][info][gc,metaspace   ] GC(68) Metaspace: 6298K(6464K)->6298K(6464K) NonClass: 5765K(5824K)->5765K(5824K) Class: 533K(640K)->533K(640K)
[2.530s][info][gc             ] GC(68) Pause Full (Ergonomics) 408M->407M(524M) 151.690ms
[2.530s][info][gc,cpu         ] GC(68) User=0.67s Sys=0.00s Real=0.15s
[2.538s][info][gc,start       ] GC(69) Pause Young (Allocation Failure)
[2.543s][info][gc,heap        ] GC(69) PSYoungGen: 6656K(68608K)->6688K(68608K) Eden: 6656K(6656K)->0K(7680K) From: 0K(61952K)->6688K(60928K)
[2.543s][info][gc,heap        ] GC(69) ParOldGen: 417541K(468480K)->417541K(468480K)
[2.543s][info][gc,metaspace   ] GC(69) Metaspace: 6298K(6464K)->6298K(6464K) NonClass: 5765K(5824K)->5765K(5824K) Class: 533K(640K)->533K(640K)
[2.543s][info][gc             ] GC(69) Pause Young (Allocation Failure) 414M->414M(524M) 5.218ms
[2.543s][info][gc,cpu         ] GC(69) User=0.00s Sys=0.00s Real=0.01s
[2.551s][info][gc,start       ] GC(70) Pause Young (Allocation Failure)
[2.560s][info][gc,heap        ] GC(70) PSYoungGen: 14368K(68608K)->14400K(22528K) Eden: 7680K(7680K)->0K(7680K) From: 6688K(60928K)->14400K(14848K)
[2.560s][info][gc,heap        ] GC(70) ParOldGen: 417541K(468480K)->417541K(468480K)
[2.560s][info][gc,metaspace   ] GC(70) Metaspace: 6298K(6464K)->6298K(6464K) NonClass: 5765K(5824K)->5765K(5824K) Class: 533K(640K)->533K(640K)
[2.560s][info][gc             ] GC(70) Pause Young (Allocation Failure) 421M->421M(479M) 8.976ms
[2.560s][info][gc,cpu         ] GC(70) User=0.00s Sys=0.00s Real=0.01s
[2.568s][info][gc,start       ] GC(71) Pause Young (Allocation Failure)
[2.581s][info][gc,heap        ] GC(71) PSYoungGen: 22080K(22528K)->15424K(62976K) Eden: 7680K(7680K)->0K(8704K) From: 14400K(14848K)->15424K(54272K)
[2.581s][info][gc,heap        ] GC(71) ParOldGen: 417541K(468480K)->424277K(468480K)
[2.581s][info][gc,metaspace   ] GC(71) Metaspace: 6298K(6464K)->6298K(6464K) NonClass: 5765K(5824K)->5765K(5824K) Class: 533K(640K)->533K(640K)
[2.581s][info][gc             ] GC(71) Pause Young (Allocation Failure) 429M->429M(519M) 12.228ms
[2.581s][info][gc,cpu         ] GC(71) User=0.00s Sys=0.00s Real=0.01s
[2.590s][info][gc,start       ] GC(72) Pause Young (Allocation Failure)
[2.603s][info][gc,heap        ] GC(72) PSYoungGen: 24128K(62976K)->16416K(25600K) Eden: 8704K(8704K)->0K(8704K) From: 15424K(54272K)->16416K(16896K)
[2.603s][info][gc,heap        ] GC(72) ParOldGen: 424277K(468480K)->432061K(468480K)
[2.603s][info][gc,metaspace   ] GC(72) Metaspace: 6298K(6464K)->6298K(6464K) NonClass: 5765K(5824K)->5765K(5824K) Class: 533K(640K)->533K(640K)
[2.603s][info][gc             ] GC(72) Pause Young (Allocation Failure) 437M->437M(482M) 13.558ms
[2.603s][info][gc,cpu         ] GC(72) User=0.00s Sys=0.00s Real=0.01s
[2.613s][info][gc,start       ] GC(73) Pause Young (Allocation Failure)
[2.627s][info][gc,heap        ] GC(73) PSYoungGen: 25120K(25600K)->17504K(59904K) Eden: 8704K(8704K)->0K(10240K) From: 16416K(16896K)->17504K(49664K)
[2.627s][info][gc,heap        ] GC(73) ParOldGen: 432061K(468480K)->439845K(468480K)
[2.627s][info][gc,metaspace   ] GC(73) Metaspace: 6298K(6464K)->6298K(6464K) NonClass: 5765K(5824K)->5765K(5824K) Class: 533K(640K)->533K(640K)
[2.627s][info][gc             ] GC(73) Pause Young (Allocation Failure) 446M->446M(516M) 14.019ms
[2.627s][info][gc,cpu         ] GC(73) User=0.00s Sys=0.00s Real=0.01s
[2.638s][info][gc,start       ] GC(74) Pause Young (Allocation Failure)
[2.653s][info][gc,heap        ] GC(74) PSYoungGen: 27744K(59904K)->19008K(29696K) Eden: 10240K(10240K)->0K(10240K) From: 17504K(49664K)->19008K(19456K)
[2.653s][info][gc,heap        ] GC(74) ParOldGen: 439845K(468480K)->448661K(468480K)
[2.653s][info][gc,metaspace   ] GC(74) Metaspace: 6298K(6464K)->6298K(6464K) NonClass: 5765K(5824K)->5765K(5824K) Class: 533K(640K)->533K(640K)
[2.653s][info][gc             ] GC(74) Pause Young (Allocation Failure) 456M->456M(486M) 15.615ms
[2.653s][info][gc,cpu         ] GC(74) User=0.00s Sys=0.00s Real=0.02s
[2.664s][info][gc,start       ] GC(75) Pause Young (Allocation Failure)
[2.682s][info][gc,heap        ] GC(75) PSYoungGen: 29248K(29696K)->20544K(55808K) Eden: 10240K(10240K)->0K(11776K) From: 19008K(19456K)->20544K(44032K)
[2.682s][info][gc,heap        ] GC(75) ParOldGen: 448661K(468480K)->457477K(468480K)
[2.682s][info][gc,metaspace   ] GC(75) Metaspace: 6298K(6464K)->6298K(6464K) NonClass: 5765K(5824K)->5765K(5824K) Class: 533K(640K)->533K(640K)
[2.682s][info][gc             ] GC(75) Pause Young (Allocation Failure) 466M->466M(512M) 17.656ms
[2.682s][info][gc,cpu         ] GC(75) User=0.00s Sys=0.00s Real=0.02s
[2.682s][info][gc,start       ] GC(76) Pause Full (Ergonomics)
[2.682s][info][gc,phases,start] GC(76) Marking Phase
[2.792s][info][gc,phases      ] GC(76) Marking Phase 109.364ms
[2.792s][info][gc,phases,start] GC(76) Summary Phase
[2.792s][info][gc,phases      ] GC(76) Summary Phase 0.019ms
[2.792s][info][gc,phases,start] GC(76) Adjust Roots
[2.792s][info][gc,phases      ] GC(76) Adjust Roots 0.179ms
[2.792s][info][gc,phases,start] GC(76) Compaction Phase
[2.842s][info][gc,phases      ] GC(76) Compaction Phase 50.478ms
[2.842s][info][gc,phases,start] GC(76) Post Compact
[2.845s][info][gc,phases      ] GC(76) Post Compact 2.341ms
[2.845s][info][gc,heap        ] GC(76) PSYoungGen: 20544K(55808K)->9175K(57344K) Eden: 0K(11776K)->0K(13312K) From: 20544K(44032K)->9175K(44032K)
[2.845s][info][gc,heap        ] GC(76) ParOldGen: 457477K(468480K)->468042K(519168K)
[2.845s][info][gc,metaspace   ] GC(76) Metaspace: 6298K(6464K)->6298K(6464K) NonClass: 5765K(5824K)->5765K(5824K) Class: 533K(640K)->533K(640K)
[2.845s][info][gc             ] GC(76) Pause Full (Ergonomics) 466M->466M(563M) 162.981ms
[2.845s][info][gc,cpu         ] GC(76) User=0.77s Sys=0.00s Real=0.16s
[2.861s][info][gc,start       ] GC(77) Pause Young (Allocation Failure)
[2.895s][info][gc,heap        ] GC(77) PSYoungGen: 22487K(57344K)->13408K(59904K) Eden: 13312K(13312K)->0K(13312K) From: 9175K(44032K)->13408K(46592K)
[2.895s][info][gc,heap        ] GC(77) ParOldGen: 468042K(519168K)->477378K(519168K)
[2.895s][info][gc,metaspace   ] GC(77) Metaspace: 6298K(6464K)->6298K(6464K) NonClass: 5765K(5824K)->5765K(5824K) Class: 533K(640K)->533K(640K)
[2.895s][info][gc             ] GC(77) Pause Young (Allocation Failure) 479M->479M(565M) 34.252ms
[2.895s][info][gc,cpu         ] GC(77) User=0.11s Sys=0.00s Real=0.03s
[2.909s][info][gc,start       ] GC(78) Pause Young (Allocation Failure)
[2.925s][info][gc,heap        ] GC(78) PSYoungGen: 26720K(59904K)->26688K(59392K) Eden: 13312K(13312K)->0K(14848K) From: 13408K(46592K)->26688K(44544K)
[2.925s][info][gc,heap        ] GC(78) ParOldGen: 477378K(519168K)->477378K(519168K)
[2.925s][info][gc,metaspace   ] GC(78) Metaspace: 6298K(6464K)->6298K(6464K) NonClass: 5765K(5824K)->5765K(5824K) Class: 533K(640K)->533K(640K)
[2.925s][info][gc             ] GC(78) Pause Young (Allocation Failure) 492M->492M(565M) 16.450ms
[2.925s][info][gc,cpu         ] GC(78) User=0.02s Sys=0.02s Real=0.02s
[2.943s][info][gc,start       ] GC(79) Pause Young (Allocation Failure)
[2.965s][info][gc,heap        ] GC(79) PSYoungGen: 41536K(59392K)->28256K(59904K) Eden: 14848K(14848K)->0K(14848K) From: 26688K(44544K)->28256K(45056K)
[2.965s][info][gc,heap        ] GC(79) ParOldGen: 477378K(519168K)->490882K(519168K)
[2.965s][info][gc,metaspace   ] GC(79) Metaspace: 6298K(6464K)->6298K(6464K) NonClass: 5765K(5824K)->5765K(5824K) Class: 533K(640K)->533K(640K)
[2.965s][info][gc             ] GC(79) Pause Young (Allocation Failure) 506M->506M(565M) 22.467ms
[2.965s][info][gc,cpu         ] GC(79) User=0.08s Sys=0.00s Real=0.02s
[2.981s][info][gc,start       ] GC(80) Pause Young (Allocation Failure)
[3.004s][info][gc,heap        ] GC(80) PSYoungGen: 43104K(59904K)->29792K(61440K) Eden: 14848K(14848K)->0K(15872K) From: 28256K(45056K)->29792K(45568K)
[3.004s][info][gc,heap        ] GC(80) ParOldGen: 490882K(519168K)->504378K(519168K)
[3.004s][info][gc,metaspace   ] GC(80) Metaspace: 6298K(6464K)->6298K(6464K) NonClass: 5765K(5824K)->5765K(5824K) Class: 533K(640K)->533K(640K)
[3.004s][info][gc             ] GC(80) Pause Young (Allocation Failure) 521M->521M(567M) 23.127ms
[3.004s][info][gc,cpu         ] GC(80) User=0.11s Sys=0.00s Real=0.02s
[3.004s][info][gc,start       ] GC(81) Pause Full (Ergonomics)
[3.004s][info][gc,phases,start] GC(81) Marking Phase
[3.130s][info][gc,phases      ] GC(81) Marking Phase 126.312ms
[3.130s][info][gc,phases,start] GC(81) Summary Phase
[3.130s][info][gc,phases      ] GC(81) Summary Phase 0.020ms
[3.130s][info][gc,phases,start] GC(81) Adjust Roots
[3.130s][info][gc,phases      ] GC(81) Adjust Roots 0.177ms
[3.130s][info][gc,phases,start] GC(81) Compaction Phase
[3.180s][info][gc,phases      ] GC(81) Compaction Phase 49.632ms
[3.180s][info][gc,phases,start] GC(81) Post Compact
[3.183s][info][gc,phases      ] GC(81) Post Compact 2.667ms
[3.183s][info][gc,heap        ] GC(81) PSYoungGen: 29792K(61440K)->14305K(61440K) Eden: 0K(15872K)->0K(15872K) From: 29792K(45568K)->14305K(45568K)
[3.183s][info][gc,heap        ] GC(81) ParOldGen: 504378K(519168K)->519108K(576512K)
[3.183s][info][gc,metaspace   ] GC(81) Metaspace: 6298K(6464K)->6298K(6464K) NonClass: 5765K(5824K)->5765K(5824K) Class: 533K(640K)->533K(640K)
[3.183s][info][gc             ] GC(81) Pause Full (Ergonomics) 521M->520M(623M) 179.355ms
[3.183s][info][gc,cpu         ] GC(81) User=0.89s Sys=0.00s Real=0.18s
[3.201s][info][gc,start       ] GC(82) Pause Young (Allocation Failure)
[3.239s][info][gc,heap        ] GC(82) PSYoungGen: 30177K(61440K)->23456K(61952K) Eden: 15872K(15872K)->0K(15872K) From: 14305K(45568K)->23456K(46080K)
[3.239s][info][gc,heap        ] GC(82) ParOldGen: 519108K(576512K)->526116K(576512K)
[3.239s][info][gc,metaspace   ] GC(82) Metaspace: 6298K(6464K)->6298K(6464K) NonClass: 5765K(5824K)->5765K(5824K) Class: 533K(640K)->533K(640K)
[3.239s][info][gc             ] GC(82) Pause Young (Allocation Failure) 536M->536M(623M) 37.693ms
[3.239s][info][gc,cpu         ] GC(82) User=0.16s Sys=0.02s Real=0.04s
[3.257s][info][gc,start       ] GC(83) Pause Young (Allocation Failure)
[3.277s][info][gc,heap        ] GC(83) PSYoungGen: 39328K(61952K)->39328K(57856K) Eden: 15872K(15872K)->0K(13824K) From: 23456K(46080K)->39328K(44032K)
[3.277s][info][gc,heap        ] GC(83) ParOldGen: 526116K(576512K)->526116K(576512K)
[3.277s][info][gc,metaspace   ] GC(83) Metaspace: 6298K(6464K)->6298K(6464K) NonClass: 5765K(5824K)->5765K(5824K) Class: 533K(640K)->533K(640K)
[3.277s][info][gc             ] GC(83) Pause Young (Allocation Failure) 552M->552M(619M) 20.647ms
[3.277s][info][gc,cpu         ] GC(83) User=0.09s Sys=0.00s Real=0.02s
[3.293s][info][gc,start       ] GC(84) Pause Young (Allocation Failure)
[3.320s][info][gc,heap        ] GC(84) PSYoungGen: 53152K(57856K)->48128K(61952K) Eden: 13824K(13824K)->0K(13824K) From: 39328K(44032K)->48128K(48128K)
[3.320s][info][gc,heap        ] GC(84) ParOldGen: 526116K(576512K)->531084K(576512K)
[3.320s][info][gc,metaspace   ] GC(84) Metaspace: 6298K(6464K)->6298K(6464K) NonClass: 5765K(5824K)->5765K(5824K) Class: 533K(640K)->533K(640K)
[3.320s][info][gc             ] GC(84) Pause Young (Allocation Failure) 565M->565M(623M) 26.822ms
[3.320s][info][gc,cpu         ] GC(84) User=0.11s Sys=0.00s Real=0.03s
[3.335s][info][gc,start       ] GC(85) Pause Young (Allocation Failure)
[3.366s][info][gc,heap        ] GC(85) PSYoungGen: 61952K(61952K)->40896K(70144K) Eden: 13824K(13824K)->0K(13312K) From: 48128K(48128K)->40896K(56832K)
[3.366s][info][gc,heap        ] GC(85) ParOldGen: 531084K(576512K)->552564K(576512K)
[3.366s][info][gc,metaspace   ] GC(85) Metaspace: 6298K(6464K)->6298K(6464K) NonClass: 5765K(5824K)->5765K(5824K) Class: 533K(640K)->533K(640K)
[3.366s][info][gc             ] GC(85) Pause Young (Allocation Failure) 579M->579M(631M) 31.568ms
[3.366s][info][gc,cpu         ] GC(85) User=0.08s Sys=0.02s Real=0.03s
[3.382s][info][gc,start       ] GC(86) Pause Young (Allocation Failure)
[3.409s][info][gc,heap        ] GC(86) PSYoungGen: 54208K(70144K)->39328K(72192K) Eden: 13312K(13312K)->0K(13312K) From: 40896K(56832K)->39328K(58880K)
[3.409s][info][gc,heap        ] GC(86) ParOldGen: 552564K(576512K)->567604K(576512K)
[3.409s][info][gc,metaspace   ] GC(86) Metaspace: 6298K(6464K)->6298K(6464K) NonClass: 5765K(5824K)->5765K(5824K) Class: 533K(640K)->533K(640K)
[3.409s][info][gc             ] GC(86) Pause Young (Allocation Failure) 592M->592M(633M) 27.738ms
[3.409s][info][gc,cpu         ] GC(86) User=0.11s Sys=0.00s Real=0.03s
[3.409s][info][gc,start       ] GC(87) Pause Full (Ergonomics)
[3.409s][info][gc,phases,start] GC(87) Marking Phase
[3.555s][info][gc,phases      ] GC(87) Marking Phase 145.569ms
[3.555s][info][gc,phases,start] GC(87) Summary Phase
[3.555s][info][gc,phases      ] GC(87) Summary Phase 0.021ms
[3.555s][info][gc,phases,start] GC(87) Adjust Roots
[3.555s][info][gc,phases      ] GC(87) Adjust Roots 0.188ms
[3.555s][info][gc,phases,start] GC(87) Compaction Phase
[3.611s][info][gc,phases      ] GC(87) Compaction Phase 55.240ms
[3.611s][info][gc,phases,start] GC(87) Post Compact
[3.612s][info][gc,phases      ] GC(87) Post Compact 1.103ms
[3.612s][info][gc,heap        ] GC(87) PSYoungGen: 39328K(72192K)->29952K(72192K) Eden: 0K(13312K)->0K(13312K) From: 39328K(58880K)->29952K(58880K)
[3.612s][info][gc,heap        ] GC(87) ParOldGen: 567604K(576512K)->576007K(641024K)
[3.612s][info][gc,metaspace   ] GC(87) Metaspace: 6298K(6464K)->6298K(6464K) NonClass: 5765K(5824K)->5765K(5824K) Class: 533K(640K)->533K(640K)
[3.612s][info][gc             ] GC(87) Pause Full (Ergonomics) 592M->591M(696M) 202.684ms
[3.612s][info][gc,cpu         ] GC(87) User=1.08s Sys=0.00s Real=0.20s
[3.628s][info][gc,start       ] GC(88) Pause Young (Allocation Failure)
[3.672s][info][gc,heap        ] GC(88) PSYoungGen: 43264K(72192K)->23616K(70144K) Eden: 13312K(13312K)->0K(14848K) From: 29952K(58880K)->23616K(55296K)
[3.672s][info][gc,heap        ] GC(88) ParOldGen: 576007K(641024K)->596095K(641024K)
[3.672s][info][gc,metaspace   ] GC(88) Metaspace: 6298K(6464K)->6298K(6464K) NonClass: 5765K(5824K)->5765K(5824K) Class: 533K(640K)->533K(640K)
[3.672s][info][gc             ] GC(88) Pause Young (Allocation Failure) 604M->605M(694M) 43.641ms
[3.672s][info][gc,cpu         ] GC(88) User=0.16s Sys=0.03s Real=0.04s
[3.690s][info][gc,start       ] GC(89) Pause Young (Allocation Failure)
[3.714s][info][gc,heap        ] GC(89) PSYoungGen: 38464K(70144K)->28256K(43520K) Eden: 14848K(14848K)->0K(14848K) From: 23616K(55296K)->28256K(28672K)
[3.714s][info][gc,heap        ] GC(89) ParOldGen: 596095K(641024K)->606463K(641024K)
[3.714s][info][gc,metaspace   ] GC(89) Metaspace: 6298K(6464K)->6298K(6464K) NonClass: 5765K(5824K)->5765K(5824K) Class: 533K(640K)->533K(640K)
[3.714s][info][gc             ] GC(89) Pause Young (Allocation Failure) 619M->619M(668M) 23.919ms
[3.714s][info][gc,cpu         ] GC(89) User=0.09s Sys=0.00s Real=0.02s
[3.732s][info][gc,start       ] GC(90) Pause Young (Allocation Failure)
[3.757s][info][gc,heap        ] GC(90) PSYoungGen: 43104K(43520K)->29760K(67584K) Eden: 14848K(14848K)->0K(16896K) From: 28256K(28672K)->29760K(50688K)
[3.757s][info][gc,heap        ] GC(90) ParOldGen: 606463K(641024K)->619959K(641024K)
[3.757s][info][gc,metaspace   ] GC(90) Metaspace: 6298K(6464K)->6298K(6464K) NonClass: 5765K(5824K)->5765K(5824K) Class: 533K(640K)->533K(640K)
[3.757s][info][gc             ] GC(90) Pause Young (Allocation Failure) 634M->634M(692M) 24.854ms
[3.757s][info][gc,cpu         ] GC(90) User=0.09s Sys=0.00s Real=0.02s
[3.757s][info][gc,start       ] GC(91) Pause Full (Ergonomics)
[3.757s][info][gc,phases,start] GC(91) Marking Phase
[3.919s][info][gc,phases      ] GC(91) Marking Phase 161.460ms
[3.919s][info][gc,phases,start] GC(91) Summary Phase
[3.919s][info][gc,phases      ] GC(91) Summary Phase 0.027ms
[3.919s][info][gc,phases,start] GC(91) Adjust Roots
[3.919s][info][gc,phases      ] GC(91) Adjust Roots 0.182ms
[3.919s][info][gc,phases,start] GC(91) Compaction Phase
[3.973s][info][gc,phases      ] GC(91) Compaction Phase 53.891ms
[3.973s][info][gc,phases,start] GC(91) Post Compact
[3.974s][info][gc,phases      ] GC(91) Post Compact 1.175ms
[3.975s][info][gc,heap        ] GC(91) PSYoungGen: 29760K(67584K)->8166K(69632K) Eden: 0K(16896K)->0K(18944K) From: 29760K(50688K)->8166K(50688K)
[3.975s][info][gc,heap        ] GC(91) ParOldGen: 619959K(641024K)->640700K(711680K)
[3.975s][info][gc,metaspace   ] GC(91) Metaspace: 6298K(6464K)->6298K(6464K) NonClass: 5765K(5824K)->5765K(5824K) Class: 533K(640K)->533K(640K)
[3.975s][info][gc             ] GC(91) Pause Full (Ergonomics) 634M->633M(763M) 217.291ms
[3.975s][info][gc,cpu         ] GC(91) User=1.22s Sys=0.00s Real=0.22s
[3.996s][info][gc,start       ] GC(92) Pause Young (Allocation Failure)
[4.039s][info][gc,heap        ] GC(92) PSYoungGen: 27110K(69632K)->22912K(71680K) Eden: 18944K(18944K)->0K(18944K) From: 8166K(50688K)->22912K(52736K)
[4.039s][info][gc,heap        ] GC(92) ParOldGen: 640700K(711680K)->645060K(711680K)
[4.039s][info][gc,metaspace   ] GC(92) Metaspace: 6298K(6464K)->6298K(6464K) NonClass: 5765K(5824K)->5765K(5824K) Class: 533K(640K)->533K(640K)
[4.039s][info][gc             ] GC(92) Pause Young (Allocation Failure) 652M->652M(765M) 42.999ms
[4.039s][info][gc,cpu         ] GC(92) User=0.19s Sys=0.00s Real=0.04s
[4.062s][info][gc,start       ] GC(93) Pause Young (Allocation Failure)
[4.085s][info][gc,heap        ] GC(93) PSYoungGen: 41856K(71680K)->41856K(70144K) Eden: 18944K(18944K)->0K(18432K) From: 22912K(52736K)->41856K(51712K)
[4.085s][info][gc,heap        ] GC(93) ParOldGen: 645060K(711680K)->645060K(711680K)
[4.085s][info][gc,metaspace   ] GC(93) Metaspace: 6298K(6464K)->6298K(6464K) NonClass: 5765K(5824K)->5765K(5824K) Class: 533K(640K)->533K(640K)
[4.085s][info][gc             ] GC(93) Pause Young (Allocation Failure) 670M->670M(763M) 23.347ms
[4.085s][info][gc,cpu         ] GC(93) User=0.11s Sys=0.00s Real=0.02s
[4.110s][info][gc,start       ] GC(94) Pause Young (Allocation Failure)
[4.142s][info][gc,heap        ] GC(94) PSYoungGen: 60288K(70144K)->54272K(72704K) Eden: 18432K(18432K)->0K(18432K) From: 41856K(51712K)->54272K(54272K)
[4.142s][info][gc,heap        ] GC(94) ParOldGen: 645060K(711680K)->651124K(711680K)
[4.142s][info][gc,metaspace   ] GC(94) Metaspace: 6298K(6464K)->6298K(6464K) NonClass: 5765K(5824K)->5765K(5824K) Class: 533K(640K)->533K(640K)
[4.142s][info][gc             ] GC(94) Pause Young (Allocation Failure) 688M->688M(766M) 31.861ms
[4.142s][info][gc,cpu         ] GC(94) User=0.09s Sys=0.00s Real=0.03s
[4.323s][info][gc,start       ] GC(95) Pause Young (Allocation Failure)
[4.376s][info][gc,heap        ] GC(95) PSYoungGen: 72704K(72704K)->52832K(78848K) Eden: 18432K(18432K)->0K(15872K) From: 54272K(54272K)->52832K(62976K)
[4.376s][info][gc,heap        ] GC(95) ParOldGen: 683892K(711680K)->704148K(711680K)
[4.376s][info][gc,metaspace   ] GC(95) Metaspace: 6298K(6464K)->6298K(6464K) NonClass: 5765K(5824K)->5765K(5824K) Class: 533K(640K)->533K(640K)
[4.376s][info][gc             ] GC(95) Pause Young (Allocation Failure) 738M->739M(772M) 53.419ms
[4.376s][info][gc,cpu         ] GC(95) User=0.25s Sys=0.03s Real=0.05s
[4.376s][info][gc,start       ] GC(96) Pause Full (Ergonomics)
[4.376s][info][gc,phases,start] GC(96) Marking Phase
[4.561s][info][gc,phases      ] GC(96) Marking Phase 184.759ms
[4.561s][info][gc,phases,start] GC(96) Summary Phase
[4.561s][info][gc,phases      ] GC(96) Summary Phase 0.023ms
[4.561s][info][gc,phases,start] GC(96) Adjust Roots
[4.561s][info][gc,phases      ] GC(96) Adjust Roots 0.190ms
[4.561s][info][gc,phases,start] GC(96) Compaction Phase
[4.682s][info][gc,phases      ] GC(96) Compaction Phase 120.429ms
[4.682s][info][gc,phases,start] GC(96) Post Compact
[4.684s][info][gc,phases      ] GC(96) Post Compact 1.605ms
[4.684s][info][gc,heap        ] GC(96) PSYoungGen: 52832K(78848K)->28579K(78848K) Eden: 0K(15872K)->0K(15872K) From: 52832K(62976K)->28579K(62976K)
[4.684s][info][gc,heap        ] GC(96) ParOldGen: 704148K(711680K)->711297K(788992K)
[4.684s][info][gc,metaspace   ] GC(96) Metaspace: 6298K(6464K)->6298K(6464K) NonClass: 5765K(5824K)->5765K(5824K) Class: 533K(640K)->533K(640K)
[4.684s][info][gc             ] GC(96) Pause Full (Ergonomics) 739M->722M(847M) 307.863ms
[4.684s][info][gc,cpu         ] GC(96) User=1.61s Sys=0.00s Real=0.31s
[4.703s][info][gc,start       ] GC(97) Pause Young (Allocation Failure)
[4.754s][info][gc,heap        ] GC(97) PSYoungGen: 44451K(78848K)->44640K(83456K) Eden: 15872K(15872K)->0K(15872K) From: 28579K(62976K)->44640K(67584K)
[4.754s][info][gc,heap        ] GC(97) ParOldGen: 711297K(788992K)->711297K(788992K)
[4.754s][info][gc,metaspace   ] GC(97) Metaspace: 6298K(6464K)->6298K(6464K) NonClass: 5765K(5824K)->5765K(5824K) Class: 533K(640K)->533K(640K)
[4.754s][info][gc             ] GC(97) Pause Young (Allocation Failure) 738M->738M(852M) 50.582ms
[4.754s][info][gc,cpu         ] GC(97) User=0.27s Sys=0.00s Real=0.05s
[4.771s][info][gc,start       ] GC(98) Pause Young (Allocation Failure)
[4.800s][info][gc,heap        ] GC(98) PSYoungGen: 60512K(83456K)->60480K(79872K) Eden: 15872K(15872K)->0K(11776K) From: 44640K(67584K)->60480K(68096K)
[4.800s][info][gc,heap        ] GC(98) ParOldGen: 711297K(788992K)->711297K(788992K)
[4.800s][info][gc,metaspace   ] GC(98) Metaspace: 6298K(6464K)->6298K(6464K) NonClass: 5765K(5824K)->5765K(5824K) Class: 533K(640K)->533K(640K)
[4.801s][info][gc             ] GC(98) Pause Young (Allocation Failure) 753M->753M(848M) 29.995ms
[4.801s][info][gc,cpu         ] GC(98) User=0.11s Sys=0.00s Real=0.03s
[4.813s][info][gc,start       ] GC(99) Pause Young (Allocation Failure)
[4.847s][info][gc,heap        ] GC(99) PSYoungGen: 72256K(79872K)->72288K(85504K) Eden: 11776K(11776K)->0K(11776K) From: 60480K(68096K)->72288K(73728K)
[4.848s][info][gc,heap        ] GC(99) ParOldGen: 711297K(788992K)->711297K(788992K)
[4.848s][info][gc,metaspace   ] GC(99) Metaspace: 6298K(6464K)->6298K(6464K) NonClass: 5765K(5824K)->5765K(5824K) Class: 533K(640K)->533K(640K)
[4.848s][info][gc             ] GC(99) Pause Young (Allocation Failure) 765M->765M(854M) 34.513ms
[4.848s][info][gc,cpu         ] GC(99) User=0.20s Sys=0.00s Real=0.03s
[4.860s][info][gc,start       ] GC(100) Pause Young (Allocation Failure)
[4.903s][info][gc,heap        ] GC(100) PSYoungGen: 84064K(85504K)->73760K(88576K) Eden: 11776K(11776K)->0K(5632K) From: 72288K(73728K)->73760K(82944K)
[4.903s][info][gc,heap        ] GC(100) ParOldGen: 711297K(788992K)->721673K(788992K)
[4.903s][info][gc,metaspace   ] GC(100) Metaspace: 6298K(6464K)->6298K(6464K) NonClass: 5765K(5824K)->5765K(5824K) Class: 533K(640K)->533K(640K)
[4.903s][info][gc             ] GC(100) Pause Young (Allocation Failure) 776M->776M(857M) 43.080ms
[4.903s][info][gc,cpu         ] GC(100) User=0.19s Sys=0.00s Real=0.04s
[4.909s][info][gc,start       ] GC(101) Pause Young (Allocation Failure)
[4.947s][info][gc,heap        ] GC(101) PSYoungGen: 79392K(88576K)->60992K(96256K) Eden: 5632K(5632K)->0K(5632K) From: 73760K(82944K)->60992K(90624K)
[4.948s][info][gc,heap        ] GC(101) ParOldGen: 721673K(788992K)->740273K(788992K)
[4.948s][info][gc,metaspace   ] GC(101) Metaspace: 6298K(6464K)->6298K(6464K) NonClass: 5765K(5824K)->5765K(5824K) Class: 533K(640K)->533K(640K)
[4.948s][info][gc             ] GC(101) Pause Young (Allocation Failure) 782M->782M(864M) 38.438ms
[4.948s][info][gc,cpu         ] GC(101) User=0.16s Sys=0.02s Real=0.04s
[4.953s][info][gc,start       ] GC(102) Pause Young (Allocation Failure)
[4.987s][info][gc,heap        ] GC(102) PSYoungGen: 66624K(96256K)->34880K(94720K) Eden: 5632K(5632K)->0K(7168K) From: 60992K(90624K)->34880K(87552K)
[4.987s][info][gc,heap        ] GC(102) ParOldGen: 740273K(788992K)->772417K(788992K)
[4.987s][info][gc,metaspace   ] GC(102) Metaspace: 6298K(6464K)->6298K(6464K) NonClass: 5765K(5824K)->5765K(5824K) Class: 533K(640K)->533K(640K)
[4.987s][info][gc             ] GC(102) Pause Young (Allocation Failure) 787M->788M(863M) 33.707ms
[4.987s][info][gc,cpu         ] GC(102) User=0.17s Sys=0.02s Real=0.03s
[4.987s][info][gc,start       ] GC(103) Pause Full (Ergonomics)
[4.987s][info][gc,phases,start] GC(103) Marking Phase
[5.176s][info][gc,phases      ] GC(103) Marking Phase 189.380ms
[5.176s][info][gc,phases,start] GC(103) Summary Phase
[5.176s][info][gc,phases      ] GC(103) Summary Phase 0.026ms
[5.176s][info][gc,phases,start] GC(103) Adjust Roots
[5.177s][info][gc,phases      ] GC(103) Adjust Roots 0.184ms
[5.177s][info][gc,phases,start] GC(103) Compaction Phase
[5.255s][info][gc,phases      ] GC(103) Compaction Phase 78.761ms
[5.255s][info][gc,phases,start] GC(103) Post Compact
[5.257s][info][gc,phases      ] GC(103) Post Compact 1.396ms
[5.257s][info][gc,heap        ] GC(103) PSYoungGen: 34880K(94720K)->17324K(96256K) Eden: 0K(7168K)->0K(8704K) From: 34880K(87552K)->17324K(87552K)
[5.257s][info][gc,heap        ] GC(103) ParOldGen: 772417K(788992K)->788927K(879104K)
[5.257s][info][gc,metaspace   ] GC(103) Metaspace: 6298K(6464K)->6298K(6464K) NonClass: 5765K(5824K)->5765K(5824K) Class: 533K(640K)->533K(640K)
[5.257s][info][gc             ] GC(103) Pause Full (Ergonomics) 788M->787M(952M) 270.494ms
[5.257s][info][gc,cpu         ] GC(103) User=1.34s Sys=0.02s Real=0.27s
[5.267s][info][gc,start       ] GC(104) Pause Young (Allocation Failure)
[5.311s][info][gc,heap        ] GC(104) PSYoungGen: 26028K(96256K)->14048K(98304K) Eden: 8704K(8704K)->0K(8704K) From: 17324K(87552K)->14048K(89600K)
[5.311s][info][gc,heap        ] GC(104) ParOldGen: 788927K(879104K)->801215K(879104K)
[5.311s][info][gc,metaspace   ] GC(104) Metaspace: 6298K(6464K)->6298K(6464K) NonClass: 5765K(5824K)->5765K(5824K) Class: 533K(640K)->533K(640K)
[5.311s][info][gc             ] GC(104) Pause Young (Allocation Failure) 795M->796M(954M) 44.151ms
[5.311s][info][gc,cpu         ] GC(104) User=0.19s Sys=0.00s Real=0.04s
[5.320s][info][gc,start       ] GC(105) Pause Young (Allocation Failure)
[5.336s][info][gc,heap        ] GC(105) PSYoungGen: 22752K(98304K)->17472K(99840K) Eden: 8704K(8704K)->0K(10240K) From: 14048K(89600K)->17472K(89600K)
[5.336s][info][gc,heap        ] GC(105) ParOldGen: 801215K(879104K)->806559K(879104K)
[5.336s][info][gc,metaspace   ] GC(105) Metaspace: 6298K(6464K)->6298K(6464K) NonClass: 5765K(5824K)->5765K(5824K) Class: 533K(640K)->533K(640K)
[5.336s][info][gc             ] GC(105) Pause Young (Allocation Failure) 804M->804M(956M) 15.489ms
[5.336s][info][gc,cpu         ] GC(105) User=0.02s Sys=0.00s Real=0.02s
[5.346s][info][gc,start       ] GC(106) Pause Young (Allocation Failure)
[5.364s][info][gc,heap        ] GC(106) PSYoungGen: 27712K(99840K)->10336K(100352K) Eden: 10240K(10240K)->0K(10240K) From: 17472K(89600K)->10336K(90112K)
[5.364s][info][gc,heap        ] GC(106) ParOldGen: 806559K(879104K)->824183K(879104K)
[5.364s][info][gc,metaspace   ] GC(106) Metaspace: 6298K(6464K)->6298K(6464K) NonClass: 5765K(5824K)->5765K(5824K) Class: 533K(640K)->533K(640K)
[5.365s][info][gc             ] GC(106) Pause Young (Allocation Failure) 814M->814M(956M) 18.182ms
[5.365s][info][gc,cpu         ] GC(106) User=0.03s Sys=0.00s Real=0.02s
[5.376s][info][gc,start       ] GC(107) Pause Young (Allocation Failure)
[5.390s][info][gc,heap        ] GC(107) PSYoungGen: 20576K(100352K)->10368K(99840K) Eden: 10240K(10240K)->0K(11776K) From: 10336K(90112K)->10368K(88064K)
[5.390s][info][gc,heap        ] GC(107) ParOldGen: 824183K(879104K)->834567K(879104K)
[5.390s][info][gc,metaspace   ] GC(107) Metaspace: 6298K(6464K)->6298K(6464K) NonClass: 5765K(5824K)->5765K(5824K) Class: 533K(640K)->533K(640K)
[5.390s][info][gc             ] GC(107) Pause Young (Allocation Failure) 824M->825M(956M) 13.985ms
[5.390s][info][gc,cpu         ] GC(107) User=0.02s Sys=0.00s Real=0.01s
[5.402s][info][gc,start       ] GC(108) Pause Young (Allocation Failure)
[5.419s][info][gc,heap        ] GC(108) PSYoungGen: 22144K(99840K)->11872K(100864K) Eden: 11776K(11776K)->0K(11776K) From: 10368K(88064K)->11872K(89088K)
[5.419s][info][gc,heap        ] GC(108) ParOldGen: 834567K(879104K)->844951K(879104K)
[5.419s][info][gc,metaspace   ] GC(108) Metaspace: 6298K(6464K)->6298K(6464K) NonClass: 5765K(5824K)->5765K(5824K) Class: 533K(640K)->533K(640K)
[5.419s][info][gc             ] GC(108) Pause Young (Allocation Failure) 836M->836M(957M) 17.073ms
[5.419s][info][gc,cpu         ] GC(108) User=0.02s Sys=0.00s Real=0.02s
[5.432s][info][gc,start       ] GC(109) Pause Young (Allocation Failure)
[5.449s][info][gc,heap        ] GC(109) PSYoungGen: 23648K(100864K)->11872K(96768K) Eden: 11776K(11776K)->0K(13312K) From: 11872K(89088K)->11872K(83456K)
[5.449s][info][gc,heap        ] GC(109) ParOldGen: 844951K(879104K)->856887K(879104K)
[5.449s][info][gc,metaspace   ] GC(109) Metaspace: 6298K(6464K)->6298K(6464K) NonClass: 5765K(5824K)->5765K(5824K) Class: 533K(640K)->533K(640K)
[5.449s][info][gc             ] GC(109) Pause Young (Allocation Failure) 848M->848M(953M) 16.645ms
[5.449s][info][gc,cpu         ] GC(109) User=0.02s Sys=0.00s Real=0.02s
[5.449s][info][gc,start       ] GC(110) Pause Full (Ergonomics)
[5.449s][info][gc,phases,start] GC(110) Marking Phase
[5.654s][info][gc,phases      ] GC(110) Marking Phase 205.349ms
[5.654s][info][gc,phases,start] GC(110) Summary Phase
[5.654s][info][gc,phases      ] GC(110) Summary Phase 0.028ms
[5.654s][info][gc,phases,start] GC(110) Adjust Roots
[5.654s][info][gc,phases      ] GC(110) Adjust Roots 0.200ms
[5.654s][info][gc,phases,start] GC(110) Compaction Phase
[5.735s][info][gc,phases      ] GC(110) Compaction Phase 80.725ms
[5.735s][info][gc,phases,start] GC(110) Post Compact
[5.737s][info][gc,phases      ] GC(110) Post Compact 1.401ms
[5.737s][info][gc,heap        ] GC(110) PSYoungGen: 11872K(96768K)->0K(98816K) Eden: 0K(13312K)->0K(13312K) From: 11872K(83456K)->0K(85504K)
[5.737s][info][gc,heap        ] GC(110) ParOldGen: 856887K(879104K)->867507K(957952K)
[5.737s][info][gc,metaspace   ] GC(110) Metaspace: 6298K(6464K)->6298K(6464K) NonClass: 5765K(5824K)->5765K(5824K) Class: 533K(640K)->533K(640K)
[5.737s][info][gc             ] GC(110) Pause Full (Ergonomics) 848M->847M(1032M) 288.344ms
[5.737s][info][gc,cpu         ] GC(110) User=1.53s Sys=0.03s Real=0.29s
[5.754s][info][gc,start       ] GC(111) Pause Young (Allocation Failure)
[5.767s][info][gc,heap        ] GC(111) PSYoungGen: 13312K(98816K)->13408K(93696K) Eden: 13312K(13312K)->0K(14848K) From: 0K(85504K)->13408K(78848K)
[5.767s][info][gc,heap        ] GC(111) ParOldGen: 867507K(957952K)->867507K(957952K)
[5.767s][info][gc,metaspace   ] GC(111) Metaspace: 6298K(6464K)->6298K(6464K) NonClass: 5765K(5824K)->5765K(5824K) Class: 533K(640K)->533K(640K)
[5.767s][info][gc             ] GC(111) Pause Young (Allocation Failure) 860M->860M(1027M) 13.242ms
[5.767s][info][gc,cpu         ] GC(111) User=0.02s Sys=0.00s Real=0.01s
[5.782s][info][gc,start       ] GC(112) Pause Young (Allocation Failure)
[5.799s][info][gc,heap        ] GC(112) PSYoungGen: 28256K(93696K)->28256K(43520K) Eden: 14848K(14848K)->0K(14848K) From: 13408K(78848K)->28256K(28672K)
[5.799s][info][gc,heap        ] GC(112) ParOldGen: 867507K(957952K)->867507K(957952K)
[5.799s][info][gc,metaspace   ] GC(112) Metaspace: 6298K(6464K)->6298K(6464K) NonClass: 5765K(5824K)->5765K(5824K) Class: 533K(640K)->533K(640K)
[5.799s][info][gc             ] GC(112) Pause Young (Allocation Failure) 874M->874M(978M) 16.678ms
[5.799s][info][gc,cpu         ] GC(112) User=0.02s Sys=0.02s Real=0.02s
[5.815s][info][gc,start       ] GC(113) Pause Young (Allocation Failure)
[5.838s][info][gc,heap        ] GC(113) PSYoungGen: 43104K(43520K)->43104K(93184K) Eden: 14848K(14848K)->0K(15872K) From: 28256K(28672K)->43104K(77312K)
[5.839s][info][gc,heap        ] GC(113) ParOldGen: 867507K(957952K)->867507K(957952K)
[5.839s][info][gc,metaspace   ] GC(113) Metaspace: 6298K(6464K)->6298K(6464K) NonClass: 5765K(5824K)->5765K(5824K) Class: 533K(640K)->533K(640K)
[5.839s][info][gc             ] GC(113) Pause Young (Allocation Failure) 889M->889M(1026M) 23.288ms
[5.839s][info][gc,cpu         ] GC(113) User=0.09s Sys=0.00s Real=0.02s
[5.856s][info][gc,start       ] GC(114) Pause Young (Allocation Failure)
[5.887s][info][gc,heap        ] GC(114) PSYoungGen: 58976K(93184K)->45664K(93696K) Eden: 15872K(15872K)->0K(15872K) From: 43104K(77312K)->45664K(77824K)
[5.887s][info][gc,heap        ] GC(114) ParOldGen: 867507K(957952K)->881003K(957952K)
[5.887s][info][gc,metaspace   ] GC(114) Metaspace: 6298K(6464K)->6298K(6464K) NonClass: 5765K(5824K)->5765K(5824K) Class: 533K(640K)->533K(640K)
[5.887s][info][gc             ] GC(114) Pause Young (Allocation Failure) 904M->904M(1027M) 31.218ms
[5.887s][info][gc,cpu         ] GC(114) User=0.09s Sys=0.00s Real=0.03s
[5.904s][info][gc,start       ] GC(115) Pause Young (Allocation Failure)
[5.936s][info][gc,heap        ] GC(115) PSYoungGen: 61536K(93696K)->46688K(95744K) Eden: 15872K(15872K)->0K(16896K) From: 45664K(77824K)->46688K(78848K)
[5.936s][info][gc,heap        ] GC(115) ParOldGen: 881003K(957952K)->896059K(957952K)
[5.936s][info][gc,metaspace   ] GC(115) Metaspace: 6298K(6464K)->6298K(6464K) NonClass: 5765K(5824K)->5765K(5824K) Class: 533K(640K)->533K(640K)
[5.936s][info][gc             ] GC(115) Pause Young (Allocation Failure) 920M->920M(1029M) 31.631ms
[5.936s][info][gc,cpu         ] GC(115) User=0.09s Sys=0.02s Real=0.03s
[5.955s][info][gc,start       ] GC(116) Pause Young (Allocation Failure)
[5.988s][info][gc,heap        ] GC(116) PSYoungGen: 63584K(95744K)->48768K(96768K) Eden: 16896K(16896K)->0K(16896K) From: 46688K(78848K)->48768K(79872K)
[5.988s][info][gc,heap        ] GC(116) ParOldGen: 896059K(957952K)->911123K(957952K)
[5.988s][info][gc,metaspace   ] GC(116) Metaspace: 6298K(6464K)->6298K(6464K) NonClass: 5765K(5824K)->5765K(5824K) Class: 533K(640K)->533K(640K)
[5.988s][info][gc             ] GC(116) Pause Young (Allocation Failure) 937M->937M(1030M) 33.516ms
[5.988s][info][gc,cpu         ] GC(116) User=0.11s Sys=0.02s Real=0.03s
[6.007s][info][gc,start       ] GC(117) Pause Young (Allocation Failure)
[6.042s][info][gc,heap        ] GC(117) PSYoungGen: 65664K(96768K)->33920K(91136K) Eden: 16896K(16896K)->0K(19456K) From: 48768K(79872K)->33920K(71680K)
[6.042s][info][gc,heap        ] GC(117) ParOldGen: 911123K(957952K)->943291K(957952K)
[6.042s][info][gc,metaspace   ] GC(117) Metaspace: 6298K(6464K)->6298K(6464K) NonClass: 5765K(5824K)->5765K(5824K) Class: 533K(640K)->533K(640K)
[6.042s][info][gc             ] GC(117) Pause Young (Allocation Failure) 953M->954M(1024M) 35.273ms
[6.042s][info][gc,cpu         ] GC(117) User=0.16s Sys=0.03s Real=0.04s
[6.042s][info][gc,start       ] GC(118) Pause Full (Ergonomics)
[6.042s][info][gc,phases,start] GC(118) Marking Phase
[6.263s][info][gc,phases      ] GC(118) Marking Phase 221.216ms
[6.263s][info][gc,phases,start] GC(118) Summary Phase
[6.263s][info][gc,phases      ] GC(118) Summary Phase 0.031ms
[6.263s][info][gc,phases,start] GC(118) Adjust Roots
[6.263s][info][gc,phases      ] GC(118) Adjust Roots 0.182ms
[6.263s][info][gc,phases,start] GC(118) Compaction Phase
[6.357s][info][gc,phases      ] GC(118) Compaction Phase 93.602ms
[6.357s][info][gc,phases,start] GC(118) Post Compact
[6.359s][info][gc,phases      ] GC(118) Post Compact 1.569ms
[6.359s][info][gc,heap        ] GC(118) PSYoungGen: 33920K(91136K)->17892K(93696K) Eden: 0K(19456K)->0K(22016K) From: 33920K(71680K)->17892K(71680K)
[6.359s][info][gc,heap        ] GC(118) ParOldGen: 943291K(957952K)->957944K(1024000K)
[6.359s][info][gc,metaspace   ] GC(118) Metaspace: 6298K(6464K)->6298K(6464K) NonClass: 5765K(5824K)->5765K(5824K) Class: 533K(640K)->533K(640K)
[6.359s][info][gc             ] GC(118) Pause Full (Ergonomics) 954M->952M(1091M) 317.156ms
[6.359s][info][gc,cpu         ] GC(118) User=1.67s Sys=0.02s Real=0.32s
[6.385s][info][gc,start       ] GC(119) Pause Young (Allocation Failure)
[6.448s][info][gc,heap        ] GC(119) PSYoungGen: 39908K(93696K)->22080K(98304K) Eden: 22016K(22016K)->0K(22016K) From: 17892K(71680K)->22080K(76288K)
[6.448s][info][gc,heap        ] GC(119) ParOldGen: 957944K(1024000K)->976096K(1024000K)
[6.448s][info][gc,metaspace   ] GC(119) Metaspace: 6298K(6464K)->6298K(6464K) NonClass: 5765K(5824K)->5765K(5824K) Class: 533K(640K)->533K(640K)
[6.448s][info][gc             ] GC(119) Pause Young (Allocation Failure) 974M->974M(1096M) 63.187ms
[6.448s][info][gc,cpu         ] GC(119) User=0.27s Sys=0.02s Real=0.06s
[6.473s][info][gc,start       ] GC(120) Pause Young (Allocation Failure)
[6.500s][info][gc,heap        ] GC(120) PSYoungGen: 44096K(98304K)->22144K(94720K) Eden: 22016K(22016K)->0K(24576K) From: 22080K(76288K)->22144K(70144K)
[6.500s][info][gc,heap        ] GC(120) ParOldGen: 976096K(1024000K)->998432K(1024000K)
[6.500s][info][gc,metaspace   ] GC(120) Metaspace: 6298K(6464K)->6298K(6464K) NonClass: 5765K(5824K)->5765K(5824K) Class: 533K(640K)->533K(640K)
[6.500s][info][gc             ] GC(120) Pause Young (Allocation Failure) 996M->996M(1092M) 26.861ms
[6.500s][info][gc,cpu         ] GC(120) User=0.09s Sys=0.00s Real=0.03s
[6.500s][info][gc,start       ] GC(121) Pause Full (Ergonomics)
[6.500s][info][gc,phases,start] GC(121) Marking Phase
[6.750s][info][gc,phases      ] GC(121) Marking Phase 249.632ms
[6.750s][info][gc,phases,start] GC(121) Summary Phase
[6.750s][info][gc,phases      ] GC(121) Summary Phase 0.030ms
[6.750s][info][gc,phases,start] GC(121) Adjust Roots
[6.750s][info][gc,phases      ] GC(121) Adjust Roots 0.184ms
[6.750s][info][gc,phases,start] GC(121) Compaction Phase
[6.834s][info][gc,phases      ] GC(121) Compaction Phase 84.105ms
[6.834s][info][gc,phases,start] GC(121) Post Compact
[6.836s][info][gc,phases      ] GC(121) Post Compact 1.599ms
[6.836s][info][gc,heap        ] GC(121) PSYoungGen: 22144K(94720K)->0K(96768K) Eden: 0K(24576K)->0K(24576K) From: 22144K(70144K)->0K(72192K)
[6.836s][info][gc,heap        ] GC(121) ParOldGen: 998432K(1024000K)->1019803K(1024000K)
[6.836s][info][gc,metaspace   ] GC(121) Metaspace: 6298K(6464K)->6298K(6464K) NonClass: 5765K(5824K)->5765K(5824K) Class: 533K(640K)->533K(640K)
[6.836s][info][gc             ] GC(121) Pause Full (Ergonomics) 996M->995M(1094M) 335.873ms
[6.836s][info][gc,cpu         ] GC(121) User=1.94s Sys=0.00s Real=0.34s
[6.863s][info][gc,start       ] GC(122) Pause Full (Ergonomics)
[6.863s][info][gc,phases,start] GC(122) Marking Phase
[7.118s][info][gc,phases      ] GC(122) Marking Phase 255.356ms
[7.118s][info][gc,phases,start] GC(122) Summary Phase
[7.119s][info][gc,phases      ] GC(122) Summary Phase 0.024ms
[7.119s][info][gc,phases,start] GC(122) Adjust Roots
[7.119s][info][gc,phases      ] GC(122) Adjust Roots 0.175ms
[7.119s][info][gc,phases,start] GC(122) Compaction Phase
[7.187s][info][gc,phases      ] GC(122) Compaction Phase 68.561ms
[7.187s][info][gc,phases,start] GC(122) Post Compact
[7.189s][info][gc,phases      ] GC(122) Post Compact 1.497ms
[7.189s][info][gc,heap        ] GC(122) PSYoungGen: 24576K(96768K)->20452K(96768K) Eden: 24576K(24576K)->20452K(24576K) From: 0K(72192K)->0K(72192K)
[7.189s][info][gc,heap        ] GC(122) ParOldGen: 1019803K(1024000K)->1023894K(1024000K)
[7.189s][info][gc,metaspace   ] GC(122) Metaspace: 6298K(6464K)->6298K(6464K) NonClass: 5765K(5824K)->5765K(5824K) Class: 533K(640K)->533K(640K)
[7.189s][info][gc             ] GC(122) Pause Full (Ergonomics) 1019M->1019M(1094M) 325.955ms
[7.189s][info][gc,cpu         ] GC(122) User=1.78s Sys=0.00s Real=0.33s
[7.194s][info][gc,start       ] GC(123) Pause Full (Ergonomics)
[7.194s][info][gc,phases,start] GC(123) Marking Phase
[7.451s][info][gc,phases      ] GC(123) Marking Phase 257.615ms
[7.451s][info][gc,phases,start] GC(123) Summary Phase
[7.451s][info][gc,phases      ] GC(123) Summary Phase 0.024ms
[7.451s][info][gc,phases,start] GC(123) Adjust Roots
[7.452s][info][gc,phases      ] GC(123) Adjust Roots 0.184ms
[7.452s][info][gc,phases,start] GC(123) Compaction Phase
[7.525s][info][gc,phases      ] GC(123) Compaction Phase 73.505ms
[7.525s][info][gc,phases,start] GC(123) Post Compact
[7.527s][info][gc,phases      ] GC(123) Post Compact 1.639ms
[7.527s][info][gc,heap        ] GC(123) PSYoungGen: 24576K(96768K)->24569K(96768K) Eden: 24576K(24576K)->24569K(24576K) From: 0K(72192K)->0K(72192K)
[7.527s][info][gc,heap        ] GC(123) ParOldGen: 1023894K(1024000K)->1023894K(1024000K)
[7.527s][info][gc,metaspace   ] GC(123) Metaspace: 6298K(6464K)->6298K(6464K) NonClass: 5765K(5824K)->5765K(5824K) Class: 533K(640K)->533K(640K)
[7.527s][info][gc             ] GC(123) Pause Full (Ergonomics) 1023M->1023M(1094M) 333.427ms
[7.527s][info][gc,cpu         ] GC(123) User=1.78s Sys=0.03s Real=0.33s
[7.527s][info][gc,start       ] GC(124) Pause Full (Ergonomics)
[7.527s][info][gc,phases,start] GC(124) Marking Phase
[7.787s][info][gc,phases      ] GC(124) Marking Phase 259.342ms
[7.787s][info][gc,phases,start] GC(124) Summary Phase
[7.787s][info][gc,phases      ] GC(124) Summary Phase 0.023ms
[7.787s][info][gc,phases,start] GC(124) Adjust Roots
[7.787s][info][gc,phases      ] GC(124) Adjust Roots 0.184ms
[7.787s][info][gc,phases,start] GC(124) Compaction Phase
[7.867s][info][gc,phases      ] GC(124) Compaction Phase 79.992ms
[7.867s][info][gc,phases,start] GC(124) Post Compact
[7.869s][info][gc,phases      ] GC(124) Post Compact 1.626ms
[7.869s][info][gc,heap        ] GC(124) PSYoungGen: 24576K(96768K)->24575K(96768K) Eden: 24576K(24576K)->24575K(24576K) From: 0K(72192K)->0K(72192K)
[7.869s][info][gc,heap        ] GC(124) ParOldGen: 1023894K(1024000K)->1023894K(1024000K)
[7.869s][info][gc,metaspace   ] GC(124) Metaspace: 6298K(6464K)->6298K(6464K) NonClass: 5765K(5824K)->5765K(5824K) Class: 533K(640K)->533K(640K)
[7.869s][info][gc             ] GC(124) Pause Full (Ergonomics) 1023M->1023M(1094M) 341.477ms
[7.869s][info][gc,cpu         ] GC(124) User=1.84s Sys=0.00s Real=0.34s
[7.869s][info][gc,start       ] GC(125) Pause Full (Ergonomics)
[7.869s][info][gc,phases,start] GC(125) Marking Phase
[8.121s][info][gc,phases      ] GC(125) Marking Phase 252.453ms
[8.122s][info][gc,phases,start] GC(125) Summary Phase
[8.122s][info][gc,phases      ] GC(125) Summary Phase 0.024ms
[8.122s][info][gc,phases,start] GC(125) Adjust Roots
[8.122s][info][gc,phases      ] GC(125) Adjust Roots 0.182ms
[8.122s][info][gc,phases,start] GC(125) Compaction Phase
[8.190s][info][gc,phases      ] GC(125) Compaction Phase 68.214ms
[8.190s][info][gc,phases,start] GC(125) Post Compact
[8.192s][info][gc,phases      ] GC(125) Post Compact 1.484ms
[8.192s][info][gc,heap        ] GC(125) PSYoungGen: 24575K(96768K)->24575K(96768K) Eden: 24575K(24576K)->24575K(24576K) From: 0K(72192K)->0K(72192K)
[8.192s][info][gc,heap        ] GC(125) ParOldGen: 1023894K(1024000K)->1023894K(1024000K)
[8.192s][info][gc,metaspace   ] GC(125) Metaspace: 6298K(6464K)->6298K(6464K) NonClass: 5765K(5824K)->5765K(5824K) Class: 533K(640K)->533K(640K)
[8.192s][info][gc             ] GC(125) Pause Full (Ergonomics) 1023M->1023M(1094M) 322.644ms
[8.192s][info][gc,cpu         ] GC(125) User=1.70s Sys=0.03s Real=0.32s
[8.192s][info][gc,start       ] GC(126) Pause Full (Ergonomics)
[8.192s][info][gc,phases,start] GC(126) Marking Phase
[8.460s][info][gc,phases      ] GC(126) Marking Phase 268.502ms
[8.460s][info][gc,phases,start] GC(126) Summary Phase
[8.460s][info][gc,phases      ] GC(126) Summary Phase 0.024ms
[8.461s][info][gc,phases,start] GC(126) Adjust Roots
[8.461s][info][gc,phases      ] GC(126) Adjust Roots 0.179ms
[8.461s][info][gc,phases,start] GC(126) Compaction Phase
[8.532s][info][gc,phases      ] GC(126) Compaction Phase 71.766ms
[8.533s][info][gc,phases,start] GC(126) Post Compact
[8.534s][info][gc,phases      ] GC(126) Post Compact 1.615ms
[8.534s][info][gc,heap        ] GC(126) PSYoungGen: 24575K(96768K)->24575K(96768K) Eden: 24575K(24576K)->24575K(24576K) From: 0K(72192K)->0K(72192K)
[8.534s][info][gc,heap        ] GC(126) ParOldGen: 1023898K(1024000K)->1023898K(1024000K)
[8.534s][info][gc,metaspace   ] GC(126) Metaspace: 6298K(6464K)->6298K(6464K) NonClass: 5765K(5824K)->5765K(5824K) Class: 533K(640K)->533K(640K)
[8.534s][info][gc             ] GC(126) Pause Full (Ergonomics) 1023M->1023M(1094M) 342.387ms
[8.534s][info][gc,cpu         ] GC(126) User=1.83s Sys=0.02s Real=0.34s
[8.535s][info][gc,start       ] GC(127) Pause Full (Ergonomics)
[8.535s][info][gc,phases,start] GC(127) Marking Phase
[8.791s][info][gc,phases      ] GC(127) Marking Phase 256.044ms
[8.791s][info][gc,phases,start] GC(127) Summary Phase
[8.791s][info][gc,phases      ] GC(127) Summary Phase 0.031ms
[8.791s][info][gc,phases,start] GC(127) Adjust Roots
[8.791s][info][gc,phases      ] GC(127) Adjust Roots 0.192ms
[8.791s][info][gc,phases,start] GC(127) Compaction Phase
[8.870s][info][gc,phases      ] GC(127) Compaction Phase 79.003ms
[8.870s][info][gc,phases,start] GC(127) Post Compact
[8.872s][info][gc,phases      ] GC(127) Post Compact 1.850ms
[8.872s][info][gc,heap        ] GC(127) PSYoungGen: 24575K(96768K)->24575K(96768K) Eden: 24575K(24576K)->24575K(24576K) From: 0K(72192K)->0K(72192K)
[8.872s][info][gc,heap        ] GC(127) ParOldGen: 1023903K(1024000K)->1023903K(1024000K)
[8.872s][info][gc,metaspace   ] GC(127) Metaspace: 6298K(6464K)->6298K(6464K) NonClass: 5765K(5824K)->5765K(5824K) Class: 533K(640K)->533K(640K)
[8.872s][info][gc             ] GC(127) Pause Full (Ergonomics) 1023M->1023M(1094M) 337.583ms
[8.872s][info][gc,cpu         ] GC(127) User=1.72s Sys=0.00s Real=0.34s
[8.872s][info][gc,start       ] GC(128) Pause Full (Ergonomics)
[8.872s][info][gc,phases,start] GC(128) Marking Phase
[9.132s][info][gc,phases      ] GC(128) Marking Phase 259.218ms
[9.132s][info][gc,phases,start] GC(128) Summary Phase
[9.132s][info][gc,phases      ] GC(128) Summary Phase 0.024ms
[9.132s][info][gc,phases,start] GC(128) Adjust Roots
[9.132s][info][gc,phases      ] GC(128) Adjust Roots 0.182ms
[9.132s][info][gc,phases,start] GC(128) Compaction Phase
[9.200s][info][gc,phases      ] GC(128) Compaction Phase 68.161ms
[9.200s][info][gc,phases,start] GC(128) Post Compact
[9.202s][info][gc,phases      ] GC(128) Post Compact 1.610ms
[9.202s][info][gc,heap        ] GC(128) PSYoungGen: 24575K(96768K)->24575K(96768K) Eden: 24575K(24576K)->24575K(24576K) From: 0K(72192K)->0K(72192K)
[9.202s][info][gc,heap        ] GC(128) ParOldGen: 1023908K(1024000K)->1023908K(1024000K)
[9.202s][info][gc,metaspace   ] GC(128) Metaspace: 6298K(6464K)->6298K(6464K) NonClass: 5765K(5824K)->5765K(5824K) Class: 533K(640K)->533K(640K)
[9.202s][info][gc             ] GC(128) Pause Full (Ergonomics) 1023M->1023M(1094M) 329.520ms
[9.202s][info][gc,cpu         ] GC(128) User=1.81s Sys=0.00s Real=0.33s
[9.202s][info][gc,start       ] GC(129) Pause Full (Ergonomics)
[9.202s][info][gc,phases,start] GC(129) Marking Phase
[9.464s][info][gc,phases      ] GC(129) Marking Phase 261.456ms
[9.464s][info][gc,phases,start] GC(129) Summary Phase
[9.464s][info][gc,phases      ] GC(129) Summary Phase 0.023ms
[9.464s][info][gc,phases,start] GC(129) Adjust Roots
[9.464s][info][gc,phases      ] GC(129) Adjust Roots 0.188ms
[9.464s][info][gc,phases,start] GC(129) Compaction Phase
[9.543s][info][gc,phases      ] GC(129) Compaction Phase 79.015ms
[9.543s][info][gc,phases,start] GC(129) Post Compact
[9.545s][info][gc,phases      ] GC(129) Post Compact 1.578ms
[9.545s][info][gc,heap        ] GC(129) PSYoungGen: 24575K(96768K)->24575K(96768K) Eden: 24575K(24576K)->24575K(24576K) From: 0K(72192K)->0K(72192K)
[9.545s][info][gc,heap        ] GC(129) ParOldGen: 1023912K(1024000K)->1023912K(1024000K)
[9.545s][info][gc,metaspace   ] GC(129) Metaspace: 6298K(6464K)->6298K(6464K) NonClass: 5765K(5824K)->5765K(5824K) Class: 533K(640K)->533K(640K)
[9.545s][info][gc             ] GC(129) Pause Full (Ergonomics) 1023M->1023M(1094M) 342.579ms
[9.545s][info][gc,cpu         ] GC(129) User=1.94s Sys=0.00s Real=0.34s
[9.545s][info][gc,start       ] GC(130) Pause Full (Ergonomics)
[9.545s][info][gc,phases,start] GC(130) Marking Phase
[9.787s][info][gc,phases      ] GC(130) Marking Phase 242.092ms
[9.787s][info][gc,phases,start] GC(130) Summary Phase
[9.787s][info][gc,phases      ] GC(130) Summary Phase 0.025ms
[9.787s][info][gc,phases,start] GC(130) Adjust Roots
[9.787s][info][gc,phases      ] GC(130) Adjust Roots 0.191ms
[9.787s][info][gc,phases,start] GC(130) Compaction Phase
[9.856s][info][gc,phases      ] GC(130) Compaction Phase 68.123ms
[9.856s][info][gc,phases,start] GC(130) Post Compact
[9.857s][info][gc,phases      ] GC(130) Post Compact 1.574ms
[9.857s][info][gc,heap        ] GC(130) PSYoungGen: 24575K(96768K)->24575K(96768K) Eden: 24575K(24576K)->24575K(24576K) From: 0K(72192K)->0K(72192K)
[9.857s][info][gc,heap        ] GC(130) ParOldGen: 1023917K(1024000K)->1023917K(1024000K)
[9.857s][info][gc,metaspace   ] GC(130) Metaspace: 6298K(6464K)->6298K(6464K) NonClass: 5765K(5824K)->5765K(5824K) Class: 533K(640K)->533K(640K)
[9.857s][info][gc             ] GC(130) Pause Full (Ergonomics) 1023M->1023M(1094M) 312.330ms
[9.857s][info][gc,cpu         ] GC(130) User=1.81s Sys=0.00s Real=0.31s
[9.858s][info][gc,start       ] GC(131) Pause Full (Ergonomics)
[9.858s][info][gc,phases,start] GC(131) Marking Phase
[10.119s][info][gc,phases      ] GC(131) Marking Phase 261.378ms
[10.119s][info][gc,phases,start] GC(131) Summary Phase
[10.119s][info][gc,phases      ] GC(131) Summary Phase 0.024ms
[10.119s][info][gc,phases,start] GC(131) Adjust Roots
[10.119s][info][gc,phases      ] GC(131) Adjust Roots 0.175ms
[10.119s][info][gc,phases,start] GC(131) Compaction Phase
[10.188s][info][gc,phases      ] GC(131) Compaction Phase 68.959ms
[10.188s][info][gc,phases,start] GC(131) Post Compact
[10.190s][info][gc,phases      ] GC(131) Post Compact 1.496ms
[10.190s][info][gc,heap        ] GC(131) PSYoungGen: 24575K(96768K)->24575K(96768K) Eden: 24575K(24576K)->24575K(24576K) From: 0K(72192K)->0K(72192K)
[10.190s][info][gc,heap        ] GC(131) ParOldGen: 1023922K(1024000K)->1023922K(1024000K)
[10.190s][info][gc,metaspace   ] GC(131) Metaspace: 6298K(6464K)->6298K(6464K) NonClass: 5765K(5824K)->5765K(5824K) Class: 533K(640K)->533K(640K)
[10.190s][info][gc             ] GC(131) Pause Full (Ergonomics) 1023M->1023M(1094M) 332.345ms
[10.190s][info][gc,cpu         ] GC(131) User=1.84s Sys=0.00s Real=0.33s
[10.190s][info][gc,start       ] GC(132) Pause Full (Ergonomics)
[10.190s][info][gc,phases,start] GC(132) Marking Phase
[10.456s][info][gc,phases      ] GC(132) Marking Phase 265.242ms
[10.456s][info][gc,phases,start] GC(132) Summary Phase
[10.456s][info][gc,phases      ] GC(132) Summary Phase 0.024ms
[10.456s][info][gc,phases,start] GC(132) Adjust Roots
[10.456s][info][gc,phases      ] GC(132) Adjust Roots 0.187ms
[10.456s][info][gc,phases,start] GC(132) Compaction Phase
[10.524s][info][gc,phases      ] GC(132) Compaction Phase 68.035ms
[10.524s][info][gc,phases,start] GC(132) Post Compact
[10.525s][info][gc,phases      ] GC(132) Post Compact 1.541ms
[10.526s][info][gc,heap        ] GC(132) PSYoungGen: 24575K(96768K)->24575K(96768K) Eden: 24575K(24576K)->24575K(24576K) From: 0K(72192K)->0K(72192K)
[10.526s][info][gc,heap        ] GC(132) ParOldGen: 1023926K(1024000K)->1023926K(1024000K)
[10.526s][info][gc,metaspace   ] GC(132) Metaspace: 6298K(6464K)->6298K(6464K) NonClass: 5765K(5824K)->5765K(5824K) Class: 533K(640K)->533K(640K)
[10.526s][info][gc             ] GC(132) Pause Full (Ergonomics) 1023M->1023M(1094M) 335.368ms
[10.526s][info][gc,cpu         ] GC(132) User=1.86s Sys=0.00s Real=0.34s
[10.526s][info][gc,start       ] GC(133) Pause Full (Ergonomics)
[10.526s][info][gc,phases,start] GC(133) Marking Phase
[10.777s][info][gc,phases      ] GC(133) Marking Phase 251.030ms
[10.777s][info][gc,phases,start] GC(133) Summary Phase
[10.777s][info][gc,phases      ] GC(133) Summary Phase 0.024ms
[10.777s][info][gc,phases,start] GC(133) Adjust Roots
[10.777s][info][gc,phases      ] GC(133) Adjust Roots 0.200ms
[10.777s][info][gc,phases,start] GC(133) Compaction Phase
[10.855s][info][gc,phases      ] GC(133) Compaction Phase 77.592ms
[10.855s][info][gc,phases,start] GC(133) Post Compact
[10.857s][info][gc,phases      ] GC(133) Post Compact 1.930ms
[10.857s][info][gc,heap        ] GC(133) PSYoungGen: 24575K(96768K)->24575K(96768K) Eden: 24575K(24576K)->24575K(24576K) From: 0K(72192K)->0K(72192K)
[10.857s][info][gc,heap        ] GC(133) ParOldGen: 1023931K(1024000K)->1023931K(1024000K)
[10.857s][info][gc,metaspace   ] GC(133) Metaspace: 6298K(6464K)->6298K(6464K) NonClass: 5765K(5824K)->5765K(5824K) Class: 533K(640K)->533K(640K)
[10.857s][info][gc             ] GC(133) Pause Full (Ergonomics) 1023M->1023M(1094M) 331.236ms
[10.857s][info][gc,cpu         ] GC(133) User=1.67s Sys=0.00s Real=0.33s
[10.857s][info][gc,start       ] GC(134) Pause Full (Ergonomics)
[10.857s][info][gc,phases,start] GC(134) Marking Phase
[11.117s][info][gc,phases      ] GC(134) Marking Phase 259.182ms
[11.117s][info][gc,phases,start] GC(134) Summary Phase
[11.117s][info][gc,phases      ] GC(134) Summary Phase 0.021ms
[11.117s][info][gc,phases,start] GC(134) Adjust Roots
[11.117s][info][gc,phases      ] GC(134) Adjust Roots 0.178ms
[11.117s][info][gc,phases,start] GC(134) Compaction Phase
[11.198s][info][gc,phases      ] GC(134) Compaction Phase 81.297ms
[11.198s][info][gc,phases,start] GC(134) Post Compact
[11.200s][info][gc,phases      ] GC(134) Post Compact 1.693ms
[11.200s][info][gc,heap        ] GC(134) PSYoungGen: 24575K(96768K)->24575K(96768K) Eden: 24575K(24576K)->24575K(24576K) From: 0K(72192K)->0K(72192K)
[11.200s][info][gc,heap        ] GC(134) ParOldGen: 1023936K(1024000K)->1023936K(1024000K)
[11.200s][info][gc,metaspace   ] GC(134) Metaspace: 6298K(6464K)->6298K(6464K) NonClass: 5765K(5824K)->5765K(5824K) Class: 533K(640K)->533K(640K)
[11.200s][info][gc             ] GC(134) Pause Full (Ergonomics) 1023M->1023M(1094M) 342.732ms
[11.200s][info][gc,cpu         ] GC(134) User=1.86s Sys=0.00s Real=0.34s
[11.200s][info][gc,start       ] GC(135) Pause Full (Ergonomics)
[11.200s][info][gc,phases,start] GC(135) Marking Phase
[11.458s][info][gc,phases      ] GC(135) Marking Phase 257.211ms
[11.458s][info][gc,phases,start] GC(135) Summary Phase
[11.458s][info][gc,phases      ] GC(135) Summary Phase 0.032ms
[11.458s][info][gc,phases,start] GC(135) Adjust Roots
[11.458s][info][gc,phases      ] GC(135) Adjust Roots 0.176ms
[11.458s][info][gc,phases,start] GC(135) Compaction Phase
[11.528s][info][gc,phases      ] GC(135) Compaction Phase 70.391ms
[11.528s][info][gc,phases,start] GC(135) Post Compact
[11.530s][info][gc,phases      ] GC(135) Post Compact 1.612ms
[11.530s][info][gc,heap        ] GC(135) PSYoungGen: 24575K(96768K)->24575K(96768K) Eden: 24575K(24576K)->24575K(24576K) From: 0K(72192K)->0K(72192K)
[11.530s][info][gc,heap        ] GC(135) ParOldGen: 1023940K(1024000K)->1023940K(1024000K)
[11.530s][info][gc,metaspace   ] GC(135) Metaspace: 6298K(6464K)->6298K(6464K) NonClass: 5765K(5824K)->5765K(5824K) Class: 533K(640K)->533K(640K)
[11.530s][info][gc             ] GC(135) Pause Full (Ergonomics) 1023M->1023M(1094M) 329.725ms
[11.530s][info][gc,cpu         ] GC(135) User=1.88s Sys=0.00s Real=0.33s
[11.530s][info][gc,start       ] GC(136) Pause Full (Ergonomics)
[11.530s][info][gc,phases,start] GC(136) Marking Phase
[11.795s][info][gc,phases      ] GC(136) Marking Phase 264.959ms
[11.795s][info][gc,phases,start] GC(136) Summary Phase
[11.796s][info][gc,phases      ] GC(136) Summary Phase 0.024ms
[11.796s][info][gc,phases,start] GC(136) Adjust Roots
[11.796s][info][gc,phases      ] GC(136) Adjust Roots 0.188ms
[11.796s][info][gc,phases,start] GC(136) Compaction Phase
[11.864s][info][gc,phases      ] GC(136) Compaction Phase 68.766ms
[11.865s][info][gc,phases,start] GC(136) Post Compact
[11.866s][info][gc,phases      ] GC(136) Post Compact 1.635ms
[11.866s][info][gc,heap        ] GC(136) PSYoungGen: 24575K(96768K)->24575K(96768K) Eden: 24575K(24576K)->24575K(24576K) From: 0K(72192K)->0K(72192K)
[11.866s][info][gc,heap        ] GC(136) ParOldGen: 1023945K(1024000K)->1023945K(1024000K)
[11.866s][info][gc,metaspace   ] GC(136) Metaspace: 6298K(6464K)->6298K(6464K) NonClass: 5765K(5824K)->5765K(5824K) Class: 533K(640K)->533K(640K)
[11.866s][info][gc             ] GC(136) Pause Full (Ergonomics) 1023M->1023M(1094M) 335.879ms
[11.866s][info][gc,cpu         ] GC(136) User=1.88s Sys=0.00s Real=0.34s
[11.867s][info][gc,start       ] GC(137) Pause Full (Ergonomics)
[11.867s][info][gc,phases,start] GC(137) Marking Phase
[12.130s][info][gc,phases      ] GC(137) Marking Phase 263.299ms
[12.130s][info][gc,phases,start] GC(137) Summary Phase
[12.130s][info][gc,phases      ] GC(137) Summary Phase 0.031ms
[12.130s][info][gc,phases,start] GC(137) Adjust Roots
[12.130s][info][gc,phases      ] GC(137) Adjust Roots 0.175ms
[12.130s][info][gc,phases,start] GC(137) Compaction Phase
[12.200s][info][gc,phases      ] GC(137) Compaction Phase 69.230ms
[12.200s][info][gc,phases,start] GC(137) Post Compact
[12.201s][info][gc,phases      ] GC(137) Post Compact 1.609ms
[12.201s][info][gc,heap        ] GC(137) PSYoungGen: 24575K(96768K)->24575K(96768K) Eden: 24575K(24576K)->24575K(24576K) From: 0K(72192K)->0K(72192K)
[12.201s][info][gc,heap        ] GC(137) ParOldGen: 1023950K(1024000K)->1023950K(1024000K)
[12.201s][info][gc,metaspace   ] GC(137) Metaspace: 6298K(6464K)->6298K(6464K) NonClass: 5765K(5824K)->5765K(5824K) Class: 533K(640K)->533K(640K)
[12.201s][info][gc             ] GC(137) Pause Full (Ergonomics) 1023M->1023M(1094M) 334.739ms
[12.201s][info][gc,cpu         ] GC(137) User=1.78s Sys=0.00s Real=0.33s
[12.202s][info][gc,start       ] GC(138) Pause Full (Ergonomics)
[12.202s][info][gc,phases,start] GC(138) Marking Phase
[12.449s][info][gc,phases      ] GC(138) Marking Phase 247.035ms
[12.449s][info][gc,phases,start] GC(138) Summary Phase
[12.449s][info][gc,phases      ] GC(138) Summary Phase 0.024ms
[12.449s][info][gc,phases,start] GC(138) Adjust Roots
[12.449s][info][gc,phases      ] GC(138) Adjust Roots 0.187ms
[12.449s][info][gc,phases,start] GC(138) Compaction Phase
[12.526s][info][gc,phases      ] GC(138) Compaction Phase 77.444ms
[12.526s][info][gc,phases,start] GC(138) Post Compact
[12.528s][info][gc,phases      ] GC(138) Post Compact 1.857ms
[12.528s][info][gc,heap        ] GC(138) PSYoungGen: 24575K(96768K)->24575K(96768K) Eden: 24575K(24576K)->24575K(24576K) From: 0K(72192K)->0K(72192K)
[12.528s][info][gc,heap        ] GC(138) ParOldGen: 1023954K(1024000K)->1023954K(1024000K)
[12.528s][info][gc,metaspace   ] GC(138) Metaspace: 6298K(6464K)->6298K(6464K) NonClass: 5765K(5824K)->5765K(5824K) Class: 533K(640K)->533K(640K)
[12.528s][info][gc             ] GC(138) Pause Full (Ergonomics) 1023M->1023M(1094M) 326.890ms
[12.528s][info][gc,cpu         ] GC(138) User=1.78s Sys=0.00s Real=0.33s
[12.529s][info][gc,start       ] GC(139) Pause Full (Ergonomics)
[12.529s][info][gc,phases,start] GC(139) Marking Phase
[12.776s][info][gc,phases      ] GC(139) Marking Phase 247.105ms
[12.776s][info][gc,phases,start] GC(139) Summary Phase
[12.776s][info][gc,phases      ] GC(139) Summary Phase 0.023ms
[12.776s][info][gc,phases,start] GC(139) Adjust Roots
[12.776s][info][gc,phases      ] GC(139) Adjust Roots 0.186ms
[12.776s][info][gc,phases,start] GC(139) Compaction Phase
[12.855s][info][gc,phases      ] GC(139) Compaction Phase 78.986ms
[12.855s][info][gc,phases,start] GC(139) Post Compact
[12.857s][info][gc,phases      ] GC(139) Post Compact 1.717ms
[12.857s][info][gc,heap        ] GC(139) PSYoungGen: 24575K(96768K)->24575K(96768K) Eden: 24575K(24576K)->24575K(24576K) From: 0K(72192K)->0K(72192K)
[12.857s][info][gc,heap        ] GC(139) ParOldGen: 1023959K(1024000K)->1023959K(1024000K)
[12.857s][info][gc,metaspace   ] GC(139) Metaspace: 6298K(6464K)->6298K(6464K) NonClass: 5765K(5824K)->5765K(5824K) Class: 533K(640K)->533K(640K)
[12.857s][info][gc             ] GC(139) Pause Full (Ergonomics) 1023M->1023M(1094M) 328.395ms
[12.857s][info][gc,cpu         ] GC(139) User=1.78s Sys=0.00s Real=0.33s
[12.857s][info][gc,start       ] GC(140) Pause Full (Ergonomics)
[12.858s][info][gc,phases,start] GC(140) Marking Phase
[13.114s][info][gc,phases      ] GC(140) Marking Phase 256.941ms
[13.115s][info][gc,phases,start] GC(140) Summary Phase
[13.115s][info][gc,phases      ] GC(140) Summary Phase 0.024ms
[13.115s][info][gc,phases,start] GC(140) Adjust Roots
[13.115s][info][gc,phases      ] GC(140) Adjust Roots 0.205ms
[13.115s][info][gc,phases,start] GC(140) Compaction Phase
[13.186s][info][gc,phases      ] GC(140) Compaction Phase 71.184ms
[13.186s][info][gc,phases,start] GC(140) Post Compact
[13.188s][info][gc,phases      ] GC(140) Post Compact 1.712ms
[13.188s][info][gc,heap        ] GC(140) PSYoungGen: 24575K(96768K)->24575K(96768K) Eden: 24575K(24576K)->24575K(24576K) From: 0K(72192K)->0K(72192K)
[13.188s][info][gc,heap        ] GC(140) ParOldGen: 1023964K(1024000K)->1023964K(1024000K)
[13.188s][info][gc,metaspace   ] GC(140) Metaspace: 6298K(6464K)->6298K(6464K) NonClass: 5765K(5824K)->5765K(5824K) Class: 533K(640K)->533K(640K)
[13.188s][info][gc             ] GC(140) Pause Full (Ergonomics) 1023M->1023M(1094M) 330.402ms
[13.188s][info][gc,cpu         ] GC(140) User=1.89s Sys=0.03s Real=0.33s
[13.188s][info][gc,start       ] GC(141) Pause Full (Ergonomics)
[13.188s][info][gc,phases,start] GC(141) Marking Phase
[13.448s][info][gc,phases      ] GC(141) Marking Phase 260.035ms
[13.448s][info][gc,phases,start] GC(141) Summary Phase
[13.448s][info][gc,phases      ] GC(141) Summary Phase 0.024ms
[13.448s][info][gc,phases,start] GC(141) Adjust Roots
[13.448s][info][gc,phases      ] GC(141) Adjust Roots 0.178ms
[13.448s][info][gc,phases,start] GC(141) Compaction Phase
[13.523s][info][gc,phases      ] GC(141) Compaction Phase 74.803ms
[13.523s][info][gc,phases,start] GC(141) Post Compact
[13.525s][info][gc,phases      ] GC(141) Post Compact 1.596ms
[13.525s][info][gc,heap        ] GC(141) PSYoungGen: 24575K(96768K)->24575K(96768K) Eden: 24575K(24576K)->24575K(24576K) From: 0K(72192K)->0K(72192K)
[13.525s][info][gc,heap        ] GC(141) ParOldGen: 1023968K(1024000K)->1023968K(1024000K)
[13.525s][info][gc,metaspace   ] GC(141) Metaspace: 6298K(6464K)->6298K(6464K) NonClass: 5765K(5824K)->5765K(5824K) Class: 533K(640K)->533K(640K)
[13.525s][info][gc             ] GC(141) Pause Full (Ergonomics) 1023M->1023M(1094M) 336.954ms
[13.525s][info][gc,cpu         ] GC(141) User=1.84s Sys=0.00s Real=0.34s
[13.525s][info][gc,start       ] GC(142) Pause Full (Ergonomics)
[13.525s][info][gc,phases,start] GC(142) Marking Phase
[13.791s][info][gc,phases      ] GC(142) Marking Phase 265.356ms
[13.791s][info][gc,phases,start] GC(142) Summary Phase
[13.791s][info][gc,phases      ] GC(142) Summary Phase 0.024ms
[13.791s][info][gc,phases,start] GC(142) Adjust Roots
[13.791s][info][gc,phases      ] GC(142) Adjust Roots 0.200ms
[13.791s][info][gc,phases,start] GC(142) Compaction Phase
[13.874s][info][gc,phases      ] GC(142) Compaction Phase 83.158ms
[13.874s][info][gc,phases,start] GC(142) Post Compact
[13.876s][info][gc,phases      ] GC(142) Post Compact 1.720ms
[13.876s][info][gc,heap        ] GC(142) PSYoungGen: 24575K(96768K)->24575K(96768K) Eden: 24575K(24576K)->24575K(24576K) From: 0K(72192K)->0K(72192K)
[13.876s][info][gc,heap        ] GC(142) ParOldGen: 1023973K(1024000K)->1023973K(1024000K)
[13.876s][info][gc,metaspace   ] GC(142) Metaspace: 6298K(6464K)->6298K(6464K) NonClass: 5765K(5824K)->5765K(5824K) Class: 533K(640K)->533K(640K)
[13.876s][info][gc             ] GC(142) Pause Full (Ergonomics) 1023M->1023M(1094M) 350.782ms
[13.876s][info][gc,cpu         ] GC(142) User=1.78s Sys=0.00s Real=0.35s
[13.876s][info][gc,start       ] GC(143) Pause Full (Ergonomics)
[13.876s][info][gc,phases,start] GC(143) Marking Phase
[14.138s][info][gc,phases      ] GC(143) Marking Phase 261.307ms
[14.138s][info][gc,phases,start] GC(143) Summary Phase
[14.138s][info][gc,phases      ] GC(143) Summary Phase 0.024ms
[14.138s][info][gc,phases,start] GC(143) Adjust Roots
[14.138s][info][gc,phases      ] GC(143) Adjust Roots 0.189ms
[14.138s][info][gc,phases,start] GC(143) Compaction Phase
[14.207s][info][gc,phases      ] GC(143) Compaction Phase 69.467ms
[14.208s][info][gc,phases,start] GC(143) Post Compact
[14.209s][info][gc,phases      ] GC(143) Post Compact 1.623ms
[14.209s][info][gc,heap        ] GC(143) PSYoungGen: 24575K(96768K)->24575K(96768K) Eden: 24575K(24576K)->24575K(24576K) From: 0K(72192K)->0K(72192K)
[14.209s][info][gc,heap        ] GC(143) ParOldGen: 1023978K(1024000K)->1023978K(1024000K)
[14.209s][info][gc,metaspace   ] GC(143) Metaspace: 6298K(6464K)->6298K(6464K) NonClass: 5765K(5824K)->5765K(5824K) Class: 533K(640K)->533K(640K)
[14.209s][info][gc             ] GC(143) Pause Full (Ergonomics) 1023M->1023M(1094M) 333.004ms
[14.209s][info][gc,cpu         ] GC(143) User=1.78s Sys=0.02s Real=0.33s
[14.210s][info][gc,start       ] GC(144) Pause Full (Ergonomics)
[14.210s][info][gc,phases,start] GC(144) Marking Phase
[14.470s][info][gc,phases      ] GC(144) Marking Phase 260.613ms
[14.470s][info][gc,phases,start] GC(144) Summary Phase
[14.470s][info][gc,phases      ] GC(144) Summary Phase 0.024ms
[14.470s][info][gc,phases,start] GC(144) Adjust Roots
[14.471s][info][gc,phases      ] GC(144) Adjust Roots 0.195ms
[14.471s][info][gc,phases,start] GC(144) Compaction Phase
[14.542s][info][gc,phases      ] GC(144) Compaction Phase 70.888ms
[14.542s][info][gc,phases,start] GC(144) Post Compact
[14.543s][info][gc,phases      ] GC(144) Post Compact 1.629ms
[14.543s][info][gc,heap        ] GC(144) PSYoungGen: 24575K(96768K)->24575K(96768K) Eden: 24575K(24576K)->24575K(24576K) From: 0K(72192K)->0K(72192K)
[14.543s][info][gc,heap        ] GC(144) ParOldGen: 1023982K(1024000K)->1023982K(1024000K)
[14.543s][info][gc,metaspace   ] GC(144) Metaspace: 6298K(6464K)->6298K(6464K) NonClass: 5765K(5824K)->5765K(5824K) Class: 533K(640K)->533K(640K)
[14.543s][info][gc             ] GC(144) Pause Full (Ergonomics) 1023M->1023M(1094M) 333.657ms
[14.543s][info][gc,cpu         ] GC(144) User=1.81s Sys=0.00s Real=0.33s
[14.544s][info][gc,start       ] GC(145) Pause Full (Ergonomics)
[14.544s][info][gc,phases,start] GC(145) Marking Phase
[14.808s][info][gc,phases      ] GC(145) Marking Phase 264.713ms
[14.808s][info][gc,phases,start] GC(145) Summary Phase
[14.808s][info][gc,phases      ] GC(145) Summary Phase 0.024ms
[14.808s][info][gc,phases,start] GC(145) Adjust Roots
[14.809s][info][gc,phases      ] GC(145) Adjust Roots 0.186ms
[14.809s][info][gc,phases,start] GC(145) Compaction Phase
[14.886s][info][gc,phases      ] GC(145) Compaction Phase 77.160ms
[14.886s][info][gc,phases,start] GC(145) Post Compact
[14.888s][info][gc,phases      ] GC(145) Post Compact 1.853ms
[14.888s][info][gc,heap        ] GC(145) PSYoungGen: 24575K(96768K)->24575K(96768K) Eden: 24575K(24576K)->24575K(24576K) From: 0K(72192K)->0K(72192K)
[14.888s][info][gc,heap        ] GC(145) ParOldGen: 1023987K(1024000K)->1023987K(1024000K)
[14.888s][info][gc,metaspace   ] GC(145) Metaspace: 6298K(6464K)->6298K(6464K) NonClass: 5765K(5824K)->5765K(5824K) Class: 533K(640K)->533K(640K)
[14.888s][info][gc             ] GC(145) Pause Full (Ergonomics) 1023M->1023M(1094M) 344.268ms
[14.888s][info][gc,cpu         ] GC(145) User=1.83s Sys=0.00s Real=0.35s
[14.888s][info][gc,start       ] GC(146) Pause Full (Ergonomics)
[14.888s][info][gc,phases,start] GC(146) Marking Phase
[15.147s][info][gc,phases      ] GC(146) Marking Phase 258.938ms
[15.147s][info][gc,phases,start] GC(146) Summary Phase
[15.147s][info][gc,phases      ] GC(146) Summary Phase 0.024ms
[15.147s][info][gc,phases,start] GC(146) Adjust Roots
[15.147s][info][gc,phases      ] GC(146) Adjust Roots 0.186ms
[15.147s][info][gc,phases,start] GC(146) Compaction Phase
[15.224s][info][gc,phases      ] GC(146) Compaction Phase 76.326ms
[15.224s][info][gc,phases,start] GC(146) Post Compact
[15.225s][info][gc,phases      ] GC(146) Post Compact 1.616ms
[15.226s][info][gc,heap        ] GC(146) PSYoungGen: 24575K(96768K)->24575K(96768K) Eden: 24575K(24576K)->24575K(24576K) From: 0K(72192K)->0K(72192K)
[15.226s][info][gc,heap        ] GC(146) ParOldGen: 1023992K(1024000K)->1023992K(1024000K)
[15.226s][info][gc,metaspace   ] GC(146) Metaspace: 6298K(6464K)->6298K(6464K) NonClass: 5765K(5824K)->5765K(5824K) Class: 533K(640K)->533K(640K)
[15.226s][info][gc             ] GC(146) Pause Full (Ergonomics) 1023M->1023M(1094M) 337.418ms
[15.226s][info][gc,cpu         ] GC(146) User=1.88s Sys=0.00s Real=0.34s
[15.226s][info][gc,start       ] GC(147) Pause Full (Ergonomics)
[15.226s][info][gc,phases,start] GC(147) Marking Phase
[15.481s][info][gc,phases      ] GC(147) Marking Phase 255.207ms
[15.481s][info][gc,phases,start] GC(147) Summary Phase
[15.481s][info][gc,phases      ] GC(147) Summary Phase 0.031ms
[15.481s][info][gc,phases,start] GC(147) Adjust Roots
[15.481s][info][gc,phases      ] GC(147) Adjust Roots 0.205ms
[15.481s][info][gc,phases,start] GC(147) Compaction Phase
[15.550s][info][gc,phases      ] GC(147) Compaction Phase 68.702ms
[15.550s][info][gc,phases,start] GC(147) Post Compact
[15.552s][info][gc,phases      ] GC(147) Post Compact 1.628ms
[15.552s][info][gc,heap        ] GC(147) PSYoungGen: 24575K(96768K)->24575K(96768K) Eden: 24575K(24576K)->24575K(24576K) From: 0K(72192K)->0K(72192K)
[15.552s][info][gc,heap        ] GC(147) ParOldGen: 1023996K(1024000K)->1023996K(1024000K)
[15.552s][info][gc,metaspace   ] GC(147) Metaspace: 6298K(6464K)->6298K(6464K) NonClass: 5765K(5824K)->5765K(5824K) Class: 533K(640K)->533K(640K)
[15.552s][info][gc             ] GC(147) Pause Full (Ergonomics) 1023M->1023M(1094M) 326.196ms
[15.552s][info][gc,cpu         ] GC(147) User=1.73s Sys=0.00s Real=0.33s
[15.552s][info][gc,start       ] GC(148) Pause Full (Ergonomics)
[15.552s][info][gc,phases,start] GC(148) Marking Phase
[15.804s][info][gc,phases      ] GC(148) Marking Phase 251.213ms
[15.804s][info][gc,phases,start] GC(148) Summary Phase
[15.804s][info][gc,phases      ] GC(148) Summary Phase 0.022ms
[15.804s][info][gc,phases,start] GC(148) Adjust Roots
[15.804s][info][gc,phases      ] GC(148) Adjust Roots 0.190ms
[15.804s][info][gc,phases,start] GC(148) Compaction Phase
[15.891s][info][gc,phases      ] GC(148) Compaction Phase 86.845ms
[15.891s][info][gc,phases,start] GC(148) Post Compact
[15.893s][info][gc,phases      ] GC(148) Post Compact 1.797ms
[15.893s][info][gc,heap        ] GC(148) PSYoungGen: 24575K(96768K)->24575K(96768K) Eden: 24575K(24576K)->24575K(24576K) From: 0K(72192K)->0K(72192K)
[15.893s][info][gc,heap        ] GC(148) ParOldGen: 1023999K(1024000K)->1023999K(1024000K)
[15.893s][info][gc,metaspace   ] GC(148) Metaspace: 6298K(6464K)->6298K(6464K) NonClass: 5765K(5824K)->5765K(5824K) Class: 533K(640K)->533K(640K)
[15.893s][info][gc             ] GC(148) Pause Full (Ergonomics) 1023M->1023M(1094M) 340.378ms
[15.893s][info][gc,cpu         ] GC(148) User=1.77s Sys=0.00s Real=0.34s
[15.893s][info][gc,start       ] GC(149) Pause Full (Allocation Failure)
[15.893s][info][gc,phases,start] GC(149) Marking Phase
[16.147s][info][gc,phases      ] GC(149) Marking Phase 254.139ms
[16.147s][info][gc,phases,start] GC(149) Summary Phase
[16.147s][info][gc,phases      ] GC(149) Summary Phase 0.023ms
[16.147s][info][gc,phases,start] GC(149) Adjust Roots
[16.147s][info][gc,phases      ] GC(149) Adjust Roots 0.378ms
[16.147s][info][gc,phases,start] GC(149) Compaction Phase
[16.385s][info][gc,phases      ] GC(149) Compaction Phase 237.243ms
[16.385s][info][gc,phases,start] GC(149) Post Compact
[16.387s][info][gc,phases      ] GC(149) Post Compact 2.018ms
[16.387s][info][gc,heap        ] GC(149) PSYoungGen: 24575K(96768K)->24575K(96768K) Eden: 24575K(24576K)->24575K(24576K) From: 0K(72192K)->0K(72192K)
[16.387s][info][gc,heap        ] GC(149) ParOldGen: 1023999K(1024000K)->1023995K(1024000K)
[16.387s][info][gc,metaspace   ] GC(149) Metaspace: 6298K(6464K)->6296K(6464K) NonClass: 5765K(5824K)->5763K(5824K) Class: 533K(640K)->532K(640K)
[16.387s][info][gc             ] GC(149) Pause Full (Allocation Failure) 1023M->1023M(1094M) 494.108ms
[16.387s][info][gc,cpu         ] GC(149) User=2.64s Sys=0.02s Real=0.50s
[16.387s][info][gc,start       ] GC(150) Pause Full (Ergonomics)
[16.387s][info][gc,phases,start] GC(150) Marking Phase
[16.645s][info][gc,phases      ] GC(150) Marking Phase 257.771ms
[16.645s][info][gc,phases,start] GC(150) Summary Phase
[16.645s][info][gc,phases      ] GC(150) Summary Phase 0.024ms
[16.645s][info][gc,phases,start] GC(150) Adjust Roots
[16.646s][info][gc,phases      ] GC(150) Adjust Roots 0.187ms
[16.646s][info][gc,phases,start] GC(150) Compaction Phase
[16.731s][info][gc,phases      ] GC(150) Compaction Phase 85.750ms
[16.731s][info][gc,phases,start] GC(150) Post Compact
[16.733s][info][gc,phases      ] GC(150) Post Compact 1.742ms
[16.733s][info][gc,heap        ] GC(150) PSYoungGen: 24575K(96768K)->24575K(96768K) Eden: 24575K(24576K)->24575K(24576K) From: 0K(72192K)->0K(72192K)
[16.733s][info][gc,heap        ] GC(150) ParOldGen: 1023997K(1024000K)->1023997K(1024000K)
[16.733s][info][gc,metaspace   ] GC(150) Metaspace: 6296K(6464K)->6296K(6464K) NonClass: 5763K(5824K)->5763K(5824K) Class: 532K(640K)->532K(640K)
[16.733s][info][gc             ] GC(150) Pause Full (Ergonomics) 1023M->1023M(1094M) 345.846ms
[16.733s][info][gc,cpu         ] GC(150) User=1.88s Sys=0.00s Real=0.35s
[16.734s][info][gc,start       ] GC(151) Pause Full (Ergonomics)
[16.734s][info][gc,phases,start] GC(151) Marking Phase
[16.983s][info][gc,phases      ] GC(151) Marking Phase 249.588ms
[16.984s][info][gc,phases,start] GC(151) Summary Phase
[16.984s][info][gc,phases      ] GC(151) Summary Phase 0.024ms
[16.984s][info][gc,phases,start] GC(151) Adjust Roots
[16.984s][info][gc,phases      ] GC(151) Adjust Roots 0.179ms
[16.984s][info][gc,phases,start] GC(151) Compaction Phase
[17.052s][info][gc,phases      ] GC(151) Compaction Phase 68.109ms
[17.052s][info][gc,phases,start] GC(151) Post Compact
[17.053s][info][gc,phases      ] GC(151) Post Compact 1.497ms
[17.053s][info][gc,heap        ] GC(151) PSYoungGen: 24575K(96768K)->24575K(96768K) Eden: 24575K(24576K)->24575K(24576K) From: 0K(72192K)->0K(72192K)
[17.053s][info][gc,heap        ] GC(151) ParOldGen: 1023999K(1024000K)->1023999K(1024000K)
[17.054s][info][gc,metaspace   ] GC(151) Metaspace: 6296K(6464K)->6296K(6464K) NonClass: 5763K(5824K)->5763K(5824K) Class: 532K(640K)->532K(640K)
[17.054s][info][gc             ] GC(151) Pause Full (Ergonomics) 1023M->1023M(1094M) 319.703ms
[17.054s][info][gc,cpu         ] GC(151) User=1.88s Sys=0.00s Real=0.32s
[17.054s][info][gc,start       ] GC(152) Pause Full (Allocation Failure)
[17.054s][info][gc,phases,start] GC(152) Marking Phase
[17.316s][info][gc,phases      ] GC(152) Marking Phase 261.942ms
[17.316s][info][gc,phases,start] GC(152) Summary Phase
[17.316s][info][gc,phases      ] GC(152) Summary Phase 0.024ms
[17.316s][info][gc,phases,start] GC(152) Adjust Roots
[17.316s][info][gc,phases      ] GC(152) Adjust Roots 0.193ms
[17.316s][info][gc,phases,start] GC(152) Compaction Phase
[17.396s][info][gc,phases      ] GC(152) Compaction Phase 79.711ms
[17.396s][info][gc,phases,start] GC(152) Post Compact
[17.397s][info][gc,phases      ] GC(152) Post Compact 1.569ms
[17.397s][info][gc,heap        ] GC(152) PSYoungGen: 24575K(96768K)->24575K(96768K) Eden: 24575K(24576K)->24575K(24576K) From: 0K(72192K)->0K(72192K)
[17.397s][info][gc,heap        ] GC(152) ParOldGen: 1023999K(1024000K)->1023999K(1024000K)
[17.397s][info][gc,metaspace   ] GC(152) Metaspace: 6296K(6464K)->6296K(6464K) NonClass: 5763K(5824K)->5763K(5824K) Class: 532K(640K)->532K(640K)
[17.397s][info][gc             ] GC(152) Pause Full (Allocation Failure) 1023M->1023M(1094M) 343.764ms
[17.397s][info][gc,cpu         ] GC(152) User=1.81s Sys=0.00s Real=0.34s
[17.398s][info][gc,start       ] GC(153) Pause Full (Ergonomics)
[17.398s][info][gc,phases,start] GC(153) Marking Phase
[17.646s][info][gc,phases      ] GC(153) Marking Phase 247.779ms
[17.646s][info][gc,phases,start] GC(153) Summary Phase
[17.646s][info][gc,phases      ] GC(153) Summary Phase 0.024ms
[17.646s][info][gc,phases,start] GC(153) Adjust Roots
[17.646s][info][gc,phases      ] GC(153) Adjust Roots 0.265ms
[17.646s][info][gc,phases,start] GC(153) Compaction Phase
[17.887s][info][gc,phases      ] GC(153) Compaction Phase 240.817ms
[17.887s][info][gc,phases,start] GC(153) Post Compact
[17.889s][info][gc,phases      ] GC(153) Post Compact 2.023ms
[17.889s][info][gc,heap        ] GC(153) PSYoungGen: 24576K(96768K)->24576K(96768K) Eden: 24576K(24576K)->24576K(24576K) From: 0K(72192K)->0K(72192K)
[17.889s][info][gc,heap        ] GC(153) ParOldGen: 1024000K(1024000K)->1023998K(1024000K)
[17.889s][info][gc,metaspace   ] GC(153) Metaspace: 6296K(6464K)->6296K(6464K) NonClass: 5763K(5824K)->5763K(5824K) Class: 532K(640K)->532K(640K)
[17.889s][info][gc             ] GC(153) Pause Full (Ergonomics) 1024M->1023M(1094M) 491.250ms
[17.889s][info][gc,cpu         ] GC(153) User=2.62s Sys=0.05s Real=0.49s
[17.890s][info][gc,start       ] GC(154) Pause Full (Ergonomics)
[17.890s][info][gc,phases,start] GC(154) Marking Phase
[18.155s][info][gc,phases      ] GC(154) Marking Phase 264.715ms
[18.155s][info][gc,phases,start] GC(154) Summary Phase
[18.155s][info][gc,phases      ] GC(154) Summary Phase 0.024ms
[18.155s][info][gc,phases,start] GC(154) Adjust Roots
[18.155s][info][gc,phases      ] GC(154) Adjust Roots 0.288ms
[18.155s][info][gc,phases,start] GC(154) Compaction Phase
[18.396s][info][gc,phases      ] GC(154) Compaction Phase 241.059ms
[18.396s][info][gc,phases,start] GC(154) Post Compact
[18.398s][info][gc,phases      ] GC(154) Post Compact 1.974ms
[18.398s][info][gc,heap        ] GC(154) PSYoungGen: 24576K(96768K)->24576K(96768K) Eden: 24576K(24576K)->24576K(24576K) From: 0K(72192K)->0K(72192K)
[18.398s][info][gc,heap        ] GC(154) ParOldGen: 1023999K(1024000K)->1023998K(1024000K)
[18.398s][info][gc,metaspace   ] GC(154) Metaspace: 6297K(6464K)->6297K(6464K) NonClass: 5763K(5824K)->5763K(5824K) Class: 533K(640K)->533K(640K)
[18.399s][info][gc             ] GC(154) Pause Full (Ergonomics) 1023M->1023M(1094M) 508.386ms
[18.399s][info][gc,cpu         ] GC(154) User=2.84s Sys=0.00s Real=0.51s
[18.399s][info][gc,heap,exit   ] Heap
[18.399s][info][gc,heap,exit   ]  PSYoungGen      total 96768K, used 24576K [0x00000000e0c00000, 0x00000000eb380000, 0x0000000100000000)
[18.399s][info][gc,heap,exit   ]   eden space 24576K, 100% used [0x00000000e0c00000,0x00000000e2400000,0x00000000e2400000)
[18.399s][info][gc,heap,exit   ]   from space 72192K, 0% used [0x00000000e6d00000,0x00000000e6d00000,0x00000000eb380000)
[18.399s][info][gc,heap,exit   ]   to   space 72192K, 0% used [0x00000000e2400000,0x00000000e2400000,0x00000000e6a80000)
[18.400s][info][gc,heap,exit   ]  ParOldGen       total 1024000K, used 1023999K [0x00000000a2400000, 0x00000000e0c00000, 0x00000000e0c00000)
[18.400s][info][gc,heap,exit   ]   object space 1024000K, 99% used [0x00000000a2400000,0x00000000e0bffca0,0x00000000e0c00000)
[18.400s][info][gc,heap,exit   ]  Metaspace       used 6300K, committed 6464K, reserved 1114112K
[18.400s][info][gc,heap,exit   ]   class space    used 534K, committed 640K, reserved 1048576K
