[0.013s][info][gc,init] CardTable entry size: 512
[0.013s][info][gc     ] Using Parallel
[0.014s][info][gc,init] Version: 18.0.1+10 (release)
[0.014s][info][gc,init] CPUs: 8 total, 8 available
[0.014s][info][gc,init] Memory: 16063M
[0.014s][info][gc,init] Large Page Support: Disabled
[0.014s][info][gc,init] NUMA Support: Disabled
[0.014s][info][gc,init] Compressed Oops: Enabled (32-bit)
[0.014s][info][gc,init] Alignments: Space 512K, Generation 512K, Heap 2M
[0.014s][info][gc,init] Heap Min Capacity: 2M
[0.014s][info][gc,init] Heap Initial Capacity: 2M
[0.014s][info][gc,init] Heap Max Capacity: 2000M
[0.014s][info][gc,init] Pre-touch: Disabled
[0.014s][info][gc,init] Parallel Workers: 8
[0.014s][info][gc,metaspace] CDS archive(s) not mapped
[0.014s][info][gc,metaspace] Compressed class space mapped at: 0x0000000100000000-0x0000000140000000, reserved size: 1073741824
[0.014s][info][gc,metaspace] Narrow klass base: 0x0000000000000000, Narrow klass shift: 3, Narrow klass range: 0x140000000
[0.123s][info][gc,start    ] GC(0) Pause Young (Allocation Failure)
[0.124s][info][gc,heap     ] GC(0) PSYoungGen: 512K(1024K)->512K(1024K) Eden: 512K(512K)->0K(512K) From: 0K(512K)->512K(512K)
[0.124s][info][gc,heap     ] GC(0) ParOldGen: 0K(512K)->24K(512K)
[0.124s][info][gc,metaspace] GC(0) Metaspace: 4230K(4352K)->4230K(4352K) NonClass: 3909K(3968K)->3909K(3968K) Class: 321K(384K)->321K(384K)
[0.124s][info][gc          ] GC(0) Pause Young (Allocation Failure) 0M->0M(1M) 1.720ms
[0.125s][info][gc,cpu      ] GC(0) User=0.00s Sys=0.00s Real=0.00s
[0.187s][info][gc,start    ] GC(1) Pause Young (Allocation Failure)
[0.188s][info][gc,heap     ] GC(1) PSYoungGen: 1023K(1024K)->512K(1536K) Eden: 511K(512K)->0K(1024K) From: 512K(512K)->512K(512K)
[0.188s][info][gc,heap     ] GC(1) ParOldGen: 24K(512K)->112K(512K)
[0.188s][info][gc,metaspace] GC(1) Metaspace: 5882K(6016K)->5882K(6016K) NonClass: 5385K(5504K)->5385K(5504K) Class: 496K(512K)->496K(512K)
[0.188s][info][gc          ] GC(1) Pause Young (Allocation Failure) 1M->0M(2M) 0.964ms
[0.188s][info][gc,cpu      ] GC(1) User=0.00s Sys=0.00s Real=0.00s
[0.209s][info][gc,start    ] GC(2) Pause Young (Allocation Failure)
[0.211s][info][gc,heap     ] GC(2) PSYoungGen: 1536K(1536K)->512K(1536K) Eden: 1024K(1024K)->0K(1024K) From: 512K(512K)->512K(512K)
[0.211s][info][gc,heap     ] GC(2) ParOldGen: 112K(512K)->580K(1024K)
[0.211s][info][gc,metaspace] GC(2) Metaspace: 6300K(6464K)->6300K(6464K) NonClass: 5767K(5824K)->5767K(5824K) Class: 533K(640K)->533K(640K)
[0.211s][info][gc          ] GC(2) Pause Young (Allocation Failure) 1M->1M(2M) 1.437ms
[0.211s][info][gc,cpu      ] GC(2) User=0.00s Sys=0.00s Real=0.00s
[0.211s][info][gc,start    ] GC(3) Pause Full (Ergonomics)
[0.211s][info][gc,phases,start] GC(3) Marking Phase
[0.212s][info][gc,phases      ] GC(3) Marking Phase 0.979ms
[0.212s][info][gc,phases,start] GC(3) Summary Phase
[0.212s][info][gc,phases      ] GC(3) Summary Phase 0.014ms
[0.212s][info][gc,phases,start] GC(3) Adjust Roots
[0.212s][info][gc,phases      ] GC(3) Adjust Roots 0.287ms
[0.212s][info][gc,phases,start] GC(3) Compaction Phase
[0.216s][info][gc,phases      ] GC(3) Compaction Phase 3.466ms
[0.216s][info][gc,phases,start] GC(3) Post Compact
[0.216s][info][gc,phases      ] GC(3) Post Compact 0.067ms
[0.216s][info][gc,heap        ] GC(3) PSYoungGen: 512K(1536K)->0K(2560K) Eden: 0K(1024K)->0K(2048K) From: 512K(512K)->0K(512K)
[0.216s][info][gc,heap        ] GC(3) ParOldGen: 580K(1024K)->980K(2560K)
[0.216s][info][gc,metaspace   ] GC(3) Metaspace: 6300K(6464K)->6300K(6464K) NonClass: 5767K(5824K)->5767K(5824K) Class: 533K(640K)->533K(640K)
[0.216s][info][gc             ] GC(3) Pause Full (Ergonomics) 1M->0M(5M) 5.073ms
[0.216s][info][gc,cpu         ] GC(3) User=0.00s Sys=0.00s Real=0.01s
[0.219s][info][gc,start       ] GC(4) Pause Young (Allocation Failure)
[0.220s][info][gc,heap        ] GC(4) PSYoungGen: 2048K(2560K)->480K(2560K) Eden: 2048K(2048K)->0K(2048K) From: 0K(512K)->480K(512K)
[0.220s][info][gc,heap        ] GC(4) ParOldGen: 980K(2560K)->1604K(2560K)
[0.220s][info][gc,metaspace   ] GC(4) Metaspace: 6300K(6464K)->6300K(6464K) NonClass: 5767K(5824K)->5767K(5824K) Class: 533K(640K)->533K(640K)
[0.220s][info][gc             ] GC(4) Pause Young (Allocation Failure) 2M->2M(5M) 1.246ms
[0.220s][info][gc,cpu         ] GC(4) User=0.00s Sys=0.00s Real=0.00s
[0.223s][info][gc,start       ] GC(5) Pause Young (Allocation Failure)
[0.224s][info][gc,heap        ] GC(5) PSYoungGen: 2527K(2560K)->480K(2560K) Eden: 2047K(2048K)->0K(2048K) From: 480K(512K)->480K(512K)
[0.224s][info][gc,heap        ] GC(5) ParOldGen: 1604K(2560K)->2676K(3072K)
[0.224s][info][gc,metaspace   ] GC(5) Metaspace: 6300K(6464K)->6300K(6464K) NonClass: 5767K(5824K)->5767K(5824K) Class: 533K(640K)->533K(640K)
[0.224s][info][gc             ] GC(5) Pause Young (Allocation Failure) 4M->3M(5M) 1.297ms
[0.224s][info][gc,cpu         ] GC(5) User=0.00s Sys=0.00s Real=0.00s
[0.224s][info][gc,start       ] GC(6) Pause Full (Ergonomics)
[0.224s][info][gc,phases,start] GC(6) Marking Phase
[0.226s][info][gc,phases      ] GC(6) Marking Phase 1.593ms
[0.226s][info][gc,phases,start] GC(6) Summary Phase
[0.226s][info][gc,phases      ] GC(6) Summary Phase 0.015ms
[0.226s][info][gc,phases,start] GC(6) Adjust Roots
[0.226s][info][gc,phases      ] GC(6) Adjust Roots 0.285ms
[0.226s][info][gc,phases,start] GC(6) Compaction Phase
[0.229s][info][gc,phases      ] GC(6) Compaction Phase 2.307ms
[0.229s][info][gc,phases,start] GC(6) Post Compact
[0.229s][info][gc,phases      ] GC(6) Post Compact 0.033ms
[0.229s][info][gc,heap        ] GC(6) PSYoungGen: 480K(2560K)->0K(4096K) Eden: 0K(2048K)->0K(2048K) From: 480K(512K)->0K(2048K)
[0.229s][info][gc,heap        ] GC(6) ParOldGen: 2676K(3072K)->3069K(6656K)
[0.229s][info][gc,metaspace   ] GC(6) Metaspace: 6300K(6464K)->6300K(6464K) NonClass: 5767K(5824K)->5767K(5824K) Class: 533K(640K)->533K(640K)
[0.229s][info][gc             ] GC(6) Pause Full (Ergonomics) 3M->2M(10M) 4.538ms
[0.229s][info][gc,cpu         ] GC(6) User=0.00s Sys=0.00s Real=0.00s
[0.233s][info][gc,start       ] GC(7) Pause Young (Allocation Failure)
[0.234s][info][gc,heap        ] GC(7) PSYoungGen: 2048K(4096K)->1248K(5120K) Eden: 2048K(2048K)->0K(3072K) From: 0K(2048K)->1248K(2048K)
[0.234s][info][gc,heap        ] GC(7) ParOldGen: 3069K(6656K)->3069K(6656K)
[0.234s][info][gc,metaspace   ] GC(7) Metaspace: 6300K(6464K)->6300K(6464K) NonClass: 5767K(5824K)->5767K(5824K) Class: 533K(640K)->533K(640K)
[0.234s][info][gc             ] GC(7) Pause Young (Allocation Failure) 4M->4M(11M) 1.248ms
[0.234s][info][gc,cpu         ] GC(7) User=0.00s Sys=0.00s Real=0.00s
[0.238s][info][gc,start       ] GC(8) Pause Young (Allocation Failure)
[0.240s][info][gc,heap        ] GC(8) PSYoungGen: 4320K(5120K)->2016K(5120K) Eden: 3072K(3072K)->0K(3072K) From: 1248K(2048K)->2016K(2048K)
[0.240s][info][gc,heap        ] GC(8) ParOldGen: 3069K(6656K)->3789K(6656K)
[0.240s][info][gc,metaspace   ] GC(8) Metaspace: 6300K(6464K)->6300K(6464K) NonClass: 5767K(5824K)->5767K(5824K) Class: 533K(640K)->533K(640K)
[0.240s][info][gc             ] GC(8) Pause Young (Allocation Failure) 7M->5M(11M) 2.149ms
[0.240s][info][gc,cpu         ] GC(8) User=0.00s Sys=0.00s Real=0.00s
[0.246s][info][gc,start       ] GC(9) Pause Young (Allocation Failure)
[0.248s][info][gc,heap        ] GC(9) PSYoungGen: 5088K(5120K)->2528K(6144K) Eden: 3072K(3072K)->0K(3584K) From: 2016K(2048K)->2528K(2560K)
[0.248s][info][gc,heap        ] GC(9) ParOldGen: 3789K(6656K)->4901K(6656K)
[0.248s][info][gc,metaspace   ] GC(9) Metaspace: 6300K(6464K)->6300K(6464K) NonClass: 5767K(5824K)->5767K(5824K) Class: 533K(640K)->533K(640K)
[0.248s][info][gc             ] GC(9) Pause Young (Allocation Failure) 8M->7M(12M) 2.474ms
[0.249s][info][gc,cpu         ] GC(9) User=0.00s Sys=0.00s Real=0.00s
[0.253s][info][gc,start       ] GC(10) Pause Young (Allocation Failure)
[0.256s][info][gc,heap        ] GC(10) PSYoungGen: 6112K(6144K)->3552K(7168K) Eden: 3584K(3584K)->0K(3584K) From: 2528K(2560K)->3552K(3584K)
[0.256s][info][gc,heap        ] GC(10) ParOldGen: 4901K(6656K)->5757K(6656K)
[0.256s][info][gc,metaspace   ] GC(10) Metaspace: 6300K(6464K)->6300K(6464K) NonClass: 5767K(5824K)->5767K(5824K) Class: 533K(640K)->533K(640K)
[0.256s][info][gc             ] GC(10) Pause Young (Allocation Failure) 10M->9M(13M) 2.956ms
[0.256s][info][gc,cpu         ] GC(10) User=0.00s Sys=0.00s Real=0.00s
[0.256s][info][gc,start       ] GC(11) Pause Full (Ergonomics)
[0.256s][info][gc,phases,start] GC(11) Marking Phase
[0.259s][info][gc,phases      ] GC(11) Marking Phase 3.541ms
[0.260s][info][gc,phases,start] GC(11) Summary Phase
[0.260s][info][gc,phases      ] GC(11) Summary Phase 0.015ms
[0.260s][info][gc,phases,start] GC(11) Adjust Roots
[0.260s][info][gc,phases      ] GC(11) Adjust Roots 0.209ms
[0.260s][info][gc,phases,start] GC(11) Compaction Phase
[0.265s][info][gc,phases      ] GC(11) Compaction Phase 4.929ms
[0.265s][info][gc,phases,start] GC(11) Post Compact
[0.265s][info][gc,phases      ] GC(11) Post Compact 0.040ms
[0.265s][info][gc,heap        ] GC(11) PSYoungGen: 3552K(7168K)->3034K(7168K) Eden: 0K(3584K)->0K(3584K) From: 3552K(3584K)->3034K(3584K)
[0.265s][info][gc,heap        ] GC(11) ParOldGen: 5757K(6656K)->6074K(10752K)
[0.265s][info][gc,metaspace   ] GC(11) Metaspace: 6300K(6464K)->6300K(6464K) NonClass: 5767K(5824K)->5767K(5824K) Class: 533K(640K)->533K(640K)
[0.265s][info][gc             ] GC(11) Pause Full (Ergonomics) 9M->8M(17M) 9.036ms
[0.265s][info][gc,cpu         ] GC(11) User=0.02s Sys=0.00s Real=0.01s
[0.270s][info][gc,start       ] GC(12) Pause Young (Allocation Failure)
[0.273s][info][gc,heap        ] GC(12) PSYoungGen: 6618K(7168K)->4576K(8704K) Eden: 3584K(3584K)->0K(4096K) From: 3034K(3584K)->4576K(4608K)
[0.273s][info][gc,heap        ] GC(12) ParOldGen: 6074K(10752K)->6482K(10752K)
[0.273s][info][gc,metaspace   ] GC(12) Metaspace: 6300K(6464K)->6300K(6464K) NonClass: 5767K(5824K)->5767K(5824K) Class: 533K(640K)->533K(640K)
[0.273s][info][gc             ] GC(12) Pause Young (Allocation Failure) 12M->10M(19M) 3.340ms
[0.273s][info][gc,cpu         ] GC(12) User=0.00s Sys=0.00s Real=0.00s
[0.279s][info][gc,start       ] GC(13) Pause Young (Allocation Failure)
[0.283s][info][gc,heap        ] GC(13) PSYoungGen: 8672K(8704K)->5440K(9728K) Eden: 4096K(4096K)->0K(4096K) From: 4576K(4608K)->5440K(5632K)
[0.283s][info][gc,heap        ] GC(13) ParOldGen: 6482K(10752K)->7882K(10752K)
[0.283s][info][gc,metaspace   ] GC(13) Metaspace: 6300K(6464K)->6300K(6464K) NonClass: 5767K(5824K)->5767K(5824K) Class: 533K(640K)->533K(640K)
[0.283s][info][gc             ] GC(13) Pause Young (Allocation Failure) 14M->13M(20M) 3.834ms
[0.283s][info][gc,cpu         ] GC(13) User=0.00s Sys=0.00s Real=0.00s
[0.287s][info][gc,start       ] GC(14) Pause Young (Allocation Failure)
[0.291s][info][gc,heap        ] GC(14) PSYoungGen: 9536K(9728K)->4544K(12288K) Eden: 4096K(4096K)->0K(5632K) From: 5440K(5632K)->4544K(6656K)
[0.291s][info][gc,heap        ] GC(14) ParOldGen: 7882K(10752K)->10890K(11264K)
[0.291s][info][gc,metaspace   ] GC(14) Metaspace: 6302K(6464K)->6302K(6464K) NonClass: 5769K(5824K)->5769K(5824K) Class: 533K(640K)->533K(640K)
[0.291s][info][gc             ] GC(14) Pause Young (Allocation Failure) 17M->15M(23M) 4.096ms
[0.291s][info][gc,cpu         ] GC(14) User=0.02s Sys=0.00s Real=0.01s
[0.291s][info][gc,start       ] GC(15) Pause Full (Ergonomics)
[0.291s][info][gc,phases,start] GC(15) Marking Phase
[0.295s][info][gc,phases      ] GC(15) Marking Phase 4.092ms
[0.295s][info][gc,phases,start] GC(15) Summary Phase
[0.295s][info][gc,phases      ] GC(15) Summary Phase 0.015ms
[0.295s][info][gc,phases,start] GC(15) Adjust Roots
[0.296s][info][gc,phases      ] GC(15) Adjust Roots 0.202ms
[0.296s][info][gc,phases,start] GC(15) Compaction Phase
[0.302s][info][gc,phases      ] GC(15) Compaction Phase 6.080ms
[0.302s][info][gc,phases,start] GC(15) Post Compact
[0.302s][info][gc,phases      ] GC(15) Post Compact 0.118ms
[0.302s][info][gc,heap        ] GC(15) PSYoungGen: 4544K(12288K)->3934K(12288K) Eden: 0K(5632K)->0K(5632K) From: 4544K(6656K)->3934K(6656K)
[0.302s][info][gc,heap        ] GC(15) ParOldGen: 10890K(11264K)->11203K(17920K)
[0.302s][info][gc,metaspace   ] GC(15) Metaspace: 6302K(6464K)->6302K(6464K) NonClass: 5769K(5824K)->5769K(5824K) Class: 533K(640K)->533K(640K)
[0.302s][info][gc             ] GC(15) Pause Full (Ergonomics) 15M->14M(29M) 10.953ms
[0.302s][info][gc,cpu         ] GC(15) User=0.00s Sys=0.00s Real=0.01s
[0.306s][info][gc,start       ] GC(16) Pause Young (Allocation Failure)
[0.311s][info][gc,heap        ] GC(16) PSYoungGen: 9566K(12288K)->3040K(12288K) Eden: 5632K(5632K)->0K(5632K) From: 3934K(6656K)->3040K(6656K)
[0.311s][info][gc,heap        ] GC(16) ParOldGen: 11203K(17920K)->15219K(17920K)
[0.311s][info][gc,metaspace   ] GC(16) Metaspace: 6302K(6464K)->6302K(6464K) NonClass: 5769K(5824K)->5769K(5824K) Class: 533K(640K)->533K(640K)
[0.311s][info][gc             ] GC(16) Pause Young (Allocation Failure) 20M->17M(29M) 4.335ms
[0.311s][info][gc,cpu         ] GC(16) User=0.00s Sys=0.00s Real=0.00s
[0.311s][info][gc,start       ] GC(17) Pause Full (Ergonomics)
[0.311s][info][gc,phases,start] GC(17) Marking Phase
[0.316s][info][gc,phases      ] GC(17) Marking Phase 4.963ms
[0.316s][info][gc,phases,start] GC(17) Summary Phase
[0.316s][info][gc,phases      ] GC(17) Summary Phase 0.014ms
[0.316s][info][gc,phases,start] GC(17) Adjust Roots
[0.316s][info][gc,phases      ] GC(17) Adjust Roots 0.198ms
[0.316s][info][gc,phases,start] GC(17) Compaction Phase
[0.321s][info][gc,phases      ] GC(17) Compaction Phase 4.770ms
[0.321s][info][gc,phases,start] GC(17) Post Compact
[0.321s][info][gc,phases      ] GC(17) Post Compact 0.185ms
[0.321s][info][gc,heap        ] GC(17) PSYoungGen: 3040K(12288K)->347K(12288K) Eden: 0K(5632K)->0K(5632K) From: 3040K(6656K)->347K(6656K)
[0.321s][info][gc,heap        ] GC(17) ParOldGen: 15219K(17920K)->17692K(27136K)
[0.321s][info][gc,metaspace   ] GC(17) Metaspace: 6302K(6464K)->6302K(6464K) NonClass: 5769K(5824K)->5769K(5824K) Class: 533K(640K)->533K(640K)
[0.321s][info][gc             ] GC(17) Pause Full (Ergonomics) 17M->17M(38M) 10.464ms
[0.321s][info][gc,cpu         ] GC(17) User=0.02s Sys=0.00s Real=0.01s
[0.325s][info][gc,start       ] GC(18) Pause Young (Allocation Failure)
[0.329s][info][gc,heap        ] GC(18) PSYoungGen: 5979K(12288K)->3072K(13312K) Eden: 5632K(5632K)->0K(7680K) From: 347K(6656K)->3072K(5632K)
[0.329s][info][gc,heap        ] GC(18) ParOldGen: 17692K(27136K)->18084K(27136K)
[0.329s][info][gc,metaspace   ] GC(18) Metaspace: 6302K(6464K)->6302K(6464K) NonClass: 5769K(5824K)->5769K(5824K) Class: 533K(640K)->533K(640K)
[0.329s][info][gc             ] GC(18) Pause Young (Allocation Failure) 23M->20M(39M) 3.611ms
[0.329s][info][gc,cpu         ] GC(18) User=0.00s Sys=0.00s Real=0.00s
[0.338s][info][gc,start       ] GC(19) Pause Young (Allocation Failure)
[0.343s][info][gc,heap        ] GC(19) PSYoungGen: 10752K(13312K)->6112K(13824K) Eden: 7680K(7680K)->0K(7680K) From: 3072K(5632K)->6112K(6144K)
[0.343s][info][gc,heap        ] GC(19) ParOldGen: 18084K(27136K)->19396K(27136K)
[0.343s][info][gc,metaspace   ] GC(19) Metaspace: 6302K(6464K)->6302K(6464K) NonClass: 5769K(5824K)->5769K(5824K) Class: 533K(640K)->533K(640K)
[0.343s][info][gc             ] GC(19) Pause Young (Allocation Failure) 28M->24M(40M) 4.847ms
[0.343s][info][gc,cpu         ] GC(19) User=0.00s Sys=0.00s Real=0.00s
[0.348s][info][gc,start       ] GC(20) Pause Young (Allocation Failure)
[0.354s][info][gc,heap        ] GC(20) PSYoungGen: 13792K(13824K)->4096K(17920K) Eden: 7680K(7680K)->0K(10240K) From: 6112K(6144K)->4096K(7680K)
[0.354s][info][gc,heap        ] GC(20) ParOldGen: 19396K(27136K)->25620K(27136K)
[0.354s][info][gc,metaspace   ] GC(20) Metaspace: 6302K(6464K)->6302K(6464K) NonClass: 5769K(5824K)->5769K(5824K) Class: 533K(640K)->533K(640K)
[0.354s][info][gc             ] GC(20) Pause Young (Allocation Failure) 32M->29M(44M) 6.217ms
[0.354s][info][gc,cpu         ] GC(20) User=0.02s Sys=0.02s Real=0.01s
[0.354s][info][gc,start       ] GC(21) Pause Full (Ergonomics)
[0.354s][info][gc,phases,start] GC(21) Marking Phase
[0.363s][info][gc,phases      ] GC(21) Marking Phase 8.519ms
[0.363s][info][gc,phases,start] GC(21) Summary Phase
[0.363s][info][gc,phases      ] GC(21) Summary Phase 0.015ms
[0.363s][info][gc,phases,start] GC(21) Adjust Roots
[0.363s][info][gc,phases      ] GC(21) Adjust Roots 0.242ms
[0.363s][info][gc,phases,start] GC(21) Compaction Phase
[0.372s][info][gc,phases      ] GC(21) Compaction Phase 8.951ms
[0.372s][info][gc,phases,start] GC(21) Post Compact
[0.372s][info][gc,phases      ] GC(21) Post Compact 0.143ms
[0.372s][info][gc,heap        ] GC(21) PSYoungGen: 4096K(17920K)->1922K(17920K) Eden: 0K(10240K)->0K(10240K) From: 4096K(7680K)->1922K(7680K)
[0.372s][info][gc,heap        ] GC(21) ParOldGen: 25620K(27136K)->26934K(39424K)
[0.372s][info][gc,metaspace   ] GC(21) Metaspace: 6302K(6464K)->6302K(6464K) NonClass: 5769K(5824K)->5769K(5824K) Class: 533K(640K)->533K(640K)
[0.372s][info][gc             ] GC(21) Pause Full (Ergonomics) 29M->28M(56M) 18.321ms
[0.372s][info][gc,cpu         ] GC(21) User=0.03s Sys=0.00s Real=0.02s
[0.387s][info][gc,start       ] GC(22) Pause Young (Allocation Failure)
[0.393s][info][gc,heap        ] GC(22) PSYoungGen: 12162K(17920K)->6400K(17920K) Eden: 10240K(10240K)->0K(10240K) From: 1922K(7680K)->6400K(7680K)
[0.393s][info][gc,heap        ] GC(22) ParOldGen: 26934K(39424K)->28910K(39424K)
[0.393s][info][gc,metaspace   ] GC(22) Metaspace: 6302K(6464K)->6302K(6464K) NonClass: 5769K(5824K)->5769K(5824K) Class: 533K(640K)->533K(640K)
[0.393s][info][gc             ] GC(22) Pause Young (Allocation Failure) 38M->34M(56M) 5.896ms
[0.393s][info][gc,cpu         ] GC(22) User=0.00s Sys=0.00s Real=0.01s
[0.403s][info][gc,start       ] GC(23) Pause Young (Allocation Failure)
[0.411s][info][gc,heap        ] GC(23) PSYoungGen: 16185K(17920K)->8192K(16384K) Eden: 9785K(10240K)->0K(8192K) From: 6400K(7680K)->8192K(8192K)
[0.411s][info][gc,heap        ] GC(23) ParOldGen: 28910K(39424K)->36726K(39424K)
[0.411s][info][gc,metaspace   ] GC(23) Metaspace: 6302K(6464K)->6302K(6464K) NonClass: 5769K(5824K)->5769K(5824K) Class: 533K(640K)->533K(640K)
[0.411s][info][gc             ] GC(23) Pause Young (Allocation Failure) 44M->43M(54M) 8.744ms
[0.411s][info][gc,cpu         ] GC(23) User=0.00s Sys=0.00s Real=0.01s
[0.411s][info][gc,start       ] GC(24) Pause Full (Ergonomics)
[0.411s][info][gc,phases,start] GC(24) Marking Phase
[0.421s][info][gc,phases      ] GC(24) Marking Phase 9.751ms
[0.421s][info][gc,phases,start] GC(24) Summary Phase
[0.421s][info][gc,phases      ] GC(24) Summary Phase 0.016ms
[0.421s][info][gc,phases,start] GC(24) Adjust Roots
[0.421s][info][gc,phases      ] GC(24) Adjust Roots 0.191ms
[0.422s][info][gc,phases,start] GC(24) Compaction Phase
[0.432s][info][gc,phases      ] GC(24) Compaction Phase 10.533ms
[0.432s][info][gc,phases,start] GC(24) Post Compact
[0.432s][info][gc,phases      ] GC(24) Post Compact 0.136ms
[0.432s][info][gc,heap        ] GC(24) PSYoungGen: 8192K(16384K)->5619K(16384K) Eden: 0K(8192K)->0K(8192K) From: 8192K(8192K)->5619K(8192K)
[0.432s][info][gc,heap        ] GC(24) ParOldGen: 36726K(39424K)->39077K(54784K)
[0.432s][info][gc,metaspace   ] GC(24) Metaspace: 6302K(6464K)->6302K(6464K) NonClass: 5769K(5824K)->5769K(5824K) Class: 533K(640K)->533K(640K)
[0.432s][info][gc             ] GC(24) Pause Full (Ergonomics) 43M->43M(69M) 20.970ms
[0.432s][info][gc,cpu         ] GC(24) User=0.02s Sys=0.00s Real=0.02s
[0.446s][info][gc,start       ] GC(25) Pause Young (Allocation Failure)
[0.455s][info][gc,heap        ] GC(25) PSYoungGen: 13811K(16384K)->10336K(20480K) Eden: 8192K(8192K)->0K(8192K) From: 5619K(8192K)->10336K(12288K)
[0.455s][info][gc,heap        ] GC(25) ParOldGen: 39077K(54784K)->44805K(54784K)
[0.455s][info][gc,metaspace   ] GC(25) Metaspace: 6302K(6464K)->6302K(6464K) NonClass: 5769K(5824K)->5769K(5824K) Class: 533K(640K)->533K(640K)
[0.455s][info][gc             ] GC(25) Pause Young (Allocation Failure) 51M->53M(73M) 8.779ms
[0.455s][info][gc,cpu         ] GC(25) User=0.00s Sys=0.00s Real=0.01s
[0.463s][info][gc,start       ] GC(26) Pause Young (Allocation Failure)
[0.473s][info][gc,heap        ] GC(26) PSYoungGen: 18528K(20480K)->8288K(24064K) Eden: 8192K(8192K)->0K(10240K) From: 10336K(12288K)->8288K(13824K)
[0.473s][info][gc,heap        ] GC(26) ParOldGen: 44805K(54784K)->55157K(55296K)
[0.474s][info][gc,metaspace   ] GC(26) Metaspace: 6302K(6464K)->6302K(6464K) NonClass: 5769K(5824K)->5769K(5824K) Class: 533K(640K)->533K(640K)
[0.474s][info][gc             ] GC(26) Pause Young (Allocation Failure) 61M->61M(77M) 10.290ms
[0.474s][info][gc,cpu         ] GC(26) User=0.00s Sys=0.00s Real=0.01s
[0.474s][info][gc,start       ] GC(27) Pause Full (Ergonomics)
[0.474s][info][gc,phases,start] GC(27) Marking Phase
[0.487s][info][gc,phases      ] GC(27) Marking Phase 13.534ms
[0.487s][info][gc,phases,start] GC(27) Summary Phase
[0.487s][info][gc,phases      ] GC(27) Summary Phase 0.019ms
[0.487s][info][gc,phases,start] GC(27) Adjust Roots
[0.487s][info][gc,phases      ] GC(27) Adjust Roots 0.251ms
[0.488s][info][gc,phases,start] GC(27) Compaction Phase
[0.504s][info][gc,phases      ] GC(27) Compaction Phase 16.321ms
[0.504s][info][gc,phases,start] GC(27) Post Compact
[0.504s][info][gc,phases      ] GC(27) Post Compact 0.200ms
[0.504s][info][gc,heap        ] GC(27) PSYoungGen: 8288K(24064K)->5097K(24064K) Eden: 0K(10240K)->0K(10240K) From: 8288K(13824K)->5097K(13824K)
[0.504s][info][gc,heap        ] GC(27) ParOldGen: 55157K(55296K)->54904K(75264K)
[0.504s][info][gc,metaspace   ] GC(27) Metaspace: 6302K(6464K)->6302K(6464K) NonClass: 5769K(5824K)->5769K(5824K) Class: 533K(640K)->533K(640K)
[0.504s][info][gc             ] GC(27) Pause Full (Ergonomics) 61M->58M(97M) 30.682ms
[0.504s][info][gc,cpu         ] GC(27) User=0.02s Sys=0.00s Real=0.03s
[0.515s][info][gc,start       ] GC(28) Pause Young (Allocation Failure)
[0.524s][info][gc,heap        ] GC(28) PSYoungGen: 15337K(24064K)->10336K(24064K) Eden: 10240K(10240K)->0K(10240K) From: 5097K(13824K)->10336K(13824K)
[0.524s][info][gc,heap        ] GC(28) ParOldGen: 54904K(75264K)->60096K(75264K)
[0.525s][info][gc,metaspace   ] GC(28) Metaspace: 6302K(6464K)->6302K(6464K) NonClass: 5769K(5824K)->5769K(5824K) Class: 533K(640K)->533K(640K)
[0.525s][info][gc             ] GC(28) Pause Young (Allocation Failure) 68M->68M(97M) 9.744ms
[0.525s][info][gc,cpu         ] GC(28) User=0.00s Sys=0.00s Real=0.01s
[0.535s][info][gc,start       ] GC(29) Pause Young (Allocation Failure)
[0.546s][info][gc,heap        ] GC(29) PSYoungGen: 20576K(24064K)->14848K(22528K) Eden: 10240K(10240K)->0K(7680K) From: 10336K(13824K)->14848K(14848K)
[0.546s][info][gc,heap        ] GC(29) ParOldGen: 60096K(75264K)->65808K(75264K)
[0.546s][info][gc,metaspace   ] GC(29) Metaspace: 6302K(6464K)->6302K(6464K) NonClass: 5769K(5824K)->5769K(5824K) Class: 533K(640K)->533K(640K)
[0.546s][info][gc             ] GC(29) Pause Young (Allocation Failure) 78M->78M(95M) 11.197ms
[0.546s][info][gc,cpu         ] GC(29) User=0.02s Sys=0.00s Real=0.01s
[0.546s][info][gc,start       ] GC(30) Pause Full (Ergonomics)
[0.546s][info][gc,phases,start] GC(30) Marking Phase
[0.566s][info][gc,phases      ] GC(30) Marking Phase 19.174ms
[0.566s][info][gc,phases,start] GC(30) Summary Phase
[0.566s][info][gc,phases      ] GC(30) Summary Phase 0.015ms
[0.566s][info][gc,phases,start] GC(30) Adjust Roots
[0.566s][info][gc,phases      ] GC(30) Adjust Roots 0.193ms
[0.566s][info][gc,phases,start] GC(30) Compaction Phase
[0.577s][info][gc,phases      ] GC(30) Compaction Phase 11.155ms
[0.577s][info][gc,phases,start] GC(30) Post Compact
[0.577s][info][gc,phases      ] GC(30) Post Compact 0.336ms
[0.578s][info][gc,heap        ] GC(30) PSYoungGen: 14848K(22528K)->5618K(22528K) Eden: 0K(7680K)->0K(7680K) From: 14848K(14848K)->5618K(14848K)
[0.578s][info][gc,heap        ] GC(30) ParOldGen: 65808K(75264K)->74801K(96768K)
[0.578s][info][gc,metaspace   ] GC(30) Metaspace: 6302K(6464K)->6302K(6464K) NonClass: 5769K(5824K)->5769K(5824K) Class: 533K(640K)->533K(640K)
[0.578s][info][gc             ] GC(30) Pause Full (Ergonomics) 78M->78M(116M) 31.346ms
[0.578s][info][gc,cpu         ] GC(30) User=0.14s Sys=0.00s Real=0.03s
[0.586s][info][gc,start       ] GC(31) Pause Young (Allocation Failure)
[0.596s][info][gc,heap        ] GC(31) PSYoungGen: 13298K(22528K)->7776K(27136K) Eden: 7680K(7680K)->0K(7680K) From: 5618K(14848K)->7776K(19456K)
[0.596s][info][gc,heap        ] GC(31) ParOldGen: 74801K(96768K)->80537K(96768K)
[0.596s][info][gc,metaspace   ] GC(31) Metaspace: 6302K(6464K)->6302K(6464K) NonClass: 5769K(5824K)->5769K(5824K) Class: 533K(640K)->533K(640K)
[0.596s][info][gc             ] GC(31) Pause Young (Allocation Failure) 86M->86M(121M) 9.899ms
[0.596s][info][gc,cpu         ] GC(31) User=0.02s Sys=0.00s Real=0.01s
[0.614s][info][gc,start       ] GC(32) Pause Young (Allocation Failure)
[0.625s][info][gc,heap        ] GC(32) PSYoungGen: 15456K(27136K)->15488K(26112K) Eden: 7680K(7680K)->0K(7680K) From: 7776K(19456K)->15488K(18432K)
[0.625s][info][gc,heap        ] GC(32) ParOldGen: 80537K(96768K)->80537K(96768K)
[0.625s][info][gc,metaspace   ] GC(32) Metaspace: 6302K(6464K)->6302K(6464K) NonClass: 5769K(5824K)->5769K(5824K) Class: 533K(640K)->533K(640K)
[0.625s][info][gc             ] GC(32) Pause Young (Allocation Failure) 93M->93M(120M) 10.485ms
[0.625s][info][gc,cpu         ] GC(32) User=0.02s Sys=0.00s Real=0.01s
[0.632s][info][gc,start       ] GC(33) Pause Young (Allocation Failure)
[0.643s][info][gc,heap        ] GC(33) PSYoungGen: 23168K(26112K)->19936K(27648K) Eden: 7680K(7680K)->0K(7680K) From: 15488K(18432K)->19936K(19968K)
[0.643s][info][gc,heap        ] GC(33) ParOldGen: 80537K(96768K)->83689K(96768K)
[0.643s][info][gc,metaspace   ] GC(33) Metaspace: 6302K(6464K)->6302K(6464K) NonClass: 5769K(5824K)->5769K(5824K) Class: 533K(640K)->533K(640K)
[0.643s][info][gc             ] GC(33) Pause Young (Allocation Failure) 101M->101M(121M) 11.240ms
[0.643s][info][gc,cpu         ] GC(33) User=0.00s Sys=0.00s Real=0.01s
[0.651s][info][gc,start       ] GC(34) Pause Young (Allocation Failure)
[0.668s][info][gc,heap        ] GC(34) PSYoungGen: 27616K(27648K)->13984K(33792K) Eden: 7680K(7680K)->0K(9216K) From: 19936K(19968K)->13984K(24576K)
[0.668s][info][gc,heap        ] GC(34) ParOldGen: 83689K(96768K)->97633K(97792K)
[0.668s][info][gc,metaspace   ] GC(34) Metaspace: 6302K(6464K)->6302K(6464K) NonClass: 5769K(5824K)->5769K(5824K) Class: 533K(640K)->533K(640K)
[0.668s][info][gc             ] GC(34) Pause Young (Allocation Failure) 108M->109M(128M) 17.141ms
[0.669s][info][gc,cpu         ] GC(34) User=0.02s Sys=0.00s Real=0.02s
[0.669s][info][gc,start       ] GC(35) Pause Full (Ergonomics)
[0.669s][info][gc,phases,start] GC(35) Marking Phase
[0.698s][info][gc,phases      ] GC(35) Marking Phase 29.731ms
[0.698s][info][gc,phases,start] GC(35) Summary Phase
[0.698s][info][gc,phases      ] GC(35) Summary Phase 0.019ms
[0.698s][info][gc,phases,start] GC(35) Adjust Roots
[0.699s][info][gc,phases      ] GC(35) Adjust Roots 0.257ms
[0.699s][info][gc,phases,start] GC(35) Compaction Phase
[0.727s][info][gc,phases      ] GC(35) Compaction Phase 28.423ms
[0.727s][info][gc,phases,start] GC(35) Post Compact
[0.728s][info][gc,phases      ] GC(35) Post Compact 0.523ms
[0.728s][info][gc,heap        ] GC(35) PSYoungGen: 13984K(33792K)->11241K(33792K) Eden: 0K(9216K)->0K(9216K) From: 13984K(24576K)->11241K(24576K)
[0.728s][info][gc,heap        ] GC(35) ParOldGen: 97633K(97792K)->97747K(123904K)
[0.728s][info][gc,metaspace   ] GC(35) Metaspace: 6302K(6464K)->6302K(6464K) NonClass: 5769K(5824K)->5769K(5824K) Class: 533K(640K)->533K(640K)
[0.728s][info][gc             ] GC(35) Pause Full (Ergonomics) 109M->106M(154M) 59.449ms
[0.728s][info][gc,cpu         ] GC(35) User=0.20s Sys=0.00s Real=0.06s
[0.739s][info][gc,start       ] GC(36) Pause Young (Allocation Failure)
[0.754s][info][gc,heap        ] GC(36) PSYoungGen: 20457K(33792K)->9344K(33792K) Eden: 9216K(9216K)->0K(9216K) From: 11241K(24576K)->9344K(24576K)
[0.754s][info][gc,heap        ] GC(36) ParOldGen: 97747K(123904K)->109179K(123904K)
[0.754s][info][gc,metaspace   ] GC(36) Metaspace: 6302K(6464K)->6302K(6464K) NonClass: 5769K(5824K)->5769K(5824K) Class: 533K(640K)->533K(640K)
[0.754s][info][gc             ] GC(36) Pause Young (Allocation Failure) 115M->115M(154M) 14.667ms
[0.754s][info][gc,cpu         ] GC(36) User=0.02s Sys=0.00s Real=0.01s
[0.763s][info][gc,start       ] GC(37) Pause Young (Allocation Failure)
[0.773s][info][gc,heap        ] GC(37) PSYoungGen: 18560K(33792K)->9312K(31744K) Eden: 9216K(9216K)->0K(11264K) From: 9344K(24576K)->9312K(20480K)
[0.773s][info][gc,heap        ] GC(37) ParOldGen: 109179K(123904K)->118531K(123904K)
[0.773s][info][gc,metaspace   ] GC(37) Metaspace: 6302K(6464K)->6302K(6464K) NonClass: 5769K(5824K)->5769K(5824K) Class: 533K(640K)->533K(640K)
[0.773s][info][gc             ] GC(37) Pause Young (Allocation Failure) 124M->124M(152M) 9.912ms
[0.773s][info][gc,cpu         ] GC(37) User=0.00s Sys=0.00s Real=0.01s
[0.773s][info][gc,start       ] GC(38) Pause Full (Ergonomics)
[0.773s][info][gc,phases,start] GC(38) Marking Phase
[0.804s][info][gc,phases      ] GC(38) Marking Phase 30.839ms
[0.804s][info][gc,phases,start] GC(38) Summary Phase
[0.804s][info][gc,phases      ] GC(38) Summary Phase 0.017ms
[0.804s][info][gc,phases,start] GC(38) Adjust Roots
[0.804s][info][gc,phases      ] GC(38) Adjust Roots 0.243ms
[0.804s][info][gc,phases,start] GC(38) Compaction Phase
[0.824s][info][gc,phases      ] GC(38) Compaction Phase 19.330ms
[0.824s][info][gc,phases,start] GC(38) Post Compact
[0.824s][info][gc,phases      ] GC(38) Post Compact 0.485ms
[0.824s][info][gc,heap        ] GC(38) PSYoungGen: 9312K(31744K)->3565K(33280K) Eden: 0K(11264K)->0K(12800K) From: 9312K(20480K)->3565K(20480K)
[0.824s][info][gc,heap        ] GC(38) ParOldGen: 118531K(123904K)->123797K(153600K)
[0.825s][info][gc,metaspace   ] GC(38) Metaspace: 6302K(6464K)->6302K(6464K) NonClass: 5769K(5824K)->5769K(5824K) Class: 533K(640K)->533K(640K)
[0.825s][info][gc             ] GC(38) Pause Full (Ergonomics) 124M->124M(182M) 51.341ms
[0.825s][info][gc,cpu         ] GC(38) User=0.20s Sys=0.03s Real=0.05s
[0.838s][info][gc,start       ] GC(39) Pause Young (Allocation Failure)
[0.851s][info][gc,heap        ] GC(39) PSYoungGen: 16365K(33280K)->12896K(34816K) Eden: 12800K(12800K)->0K(12800K) From: 3565K(20480K)->12896K(22016K)
[0.851s][info][gc,heap        ] GC(39) ParOldGen: 123797K(153600K)->127429K(153600K)
[0.851s][info][gc,metaspace   ] GC(39) Metaspace: 6302K(6464K)->6302K(6464K) NonClass: 5769K(5824K)->5769K(5824K) Class: 533K(640K)->533K(640K)
[0.851s][info][gc             ] GC(39) Pause Young (Allocation Failure) 136M->137M(184M) 13.340ms
[0.851s][info][gc,cpu         ] GC(39) User=0.00s Sys=0.00s Real=0.01s
[0.864s][info][gc,start       ] GC(40) Pause Young (Allocation Failure)
[0.878s][info][gc,heap        ] GC(40) PSYoungGen: 25696K(34816K)->22016K(32256K) Eden: 12800K(12800K)->0K(10240K) From: 12896K(22016K)->22016K(22016K)
[0.878s][info][gc,heap        ] GC(40) ParOldGen: 127429K(153600K)->131077K(153600K)
[0.878s][info][gc,metaspace   ] GC(40) Metaspace: 6302K(6464K)->6302K(6464K) NonClass: 5769K(5824K)->5769K(5824K) Class: 533K(640K)->533K(640K)
[0.878s][info][gc             ] GC(40) Pause Young (Allocation Failure) 149M->149M(181M) 13.822ms
[0.878s][info][gc,cpu         ] GC(40) User=0.02s Sys=0.00s Real=0.01s
[0.888s][info][gc,start       ] GC(41) Pause Young (Allocation Failure)
[0.905s][info][gc,heap        ] GC(41) PSYoungGen: 32256K(32256K)->10368K(36864K) Eden: 10240K(10240K)->0K(10240K) From: 22016K(22016K)->10368K(26624K)
[0.905s][info][gc,heap        ] GC(41) ParOldGen: 131077K(153600K)->153389K(153600K)
[0.905s][info][gc,metaspace   ] GC(41) Metaspace: 6302K(6464K)->6302K(6464K) NonClass: 5769K(5824K)->5769K(5824K) Class: 533K(640K)->533K(640K)
[0.905s][info][gc             ] GC(41) Pause Young (Allocation Failure) 159M->159M(186M) 16.788ms
[0.905s][info][gc,cpu         ] GC(41) User=0.08s Sys=0.00s Real=0.02s
[0.905s][info][gc,start       ] GC(42) Pause Full (Ergonomics)
[0.905s][info][gc,phases,start] GC(42) Marking Phase
[0.947s][info][gc,phases      ] GC(42) Marking Phase 41.260ms
[0.947s][info][gc,phases,start] GC(42) Summary Phase
[0.947s][info][gc,phases      ] GC(42) Summary Phase 0.017ms
[0.947s][info][gc,phases,start] GC(42) Adjust Roots
[0.947s][info][gc,phases      ] GC(42) Adjust Roots 0.187ms
[0.947s][info][gc,phases,start] GC(42) Compaction Phase
[0.970s][info][gc,phases      ] GC(42) Compaction Phase 22.821ms
[0.970s][info][gc,phases,start] GC(42) Post Compact
[0.971s][info][gc,phases      ] GC(42) Post Compact 0.765ms
[0.971s][info][gc,heap        ] GC(42) PSYoungGen: 10368K(36864K)->9699K(36864K) Eden: 0K(10240K)->0K(10240K) From: 10368K(26624K)->9699K(26624K)
[0.971s][info][gc,heap        ] GC(42) ParOldGen: 153389K(153600K)->153411K(189952K)
[0.971s][info][gc,metaspace   ] GC(42) Metaspace: 6302K(6464K)->6302K(6464K) NonClass: 5769K(5824K)->5769K(5824K) Class: 533K(640K)->533K(640K)
[0.971s][info][gc             ] GC(42) Pause Full (Ergonomics) 159M->159M(221M) 65.664ms
[0.971s][info][gc,cpu         ] GC(42) User=0.30s Sys=0.00s Real=0.07s
[0.993s][info][gc,start       ] GC(43) Pause Young (Allocation Failure)
[1.011s][info][gc,heap        ] GC(43) PSYoungGen: 19939K(36864K)->10336K(33792K) Eden: 10240K(10240K)->0K(11776K) From: 9699K(26624K)->10336K(22016K)
[1.011s][info][gc,heap        ] GC(43) ParOldGen: 153411K(189952K)->163275K(189952K)
[1.011s][info][gc,metaspace   ] GC(43) Metaspace: 6302K(6464K)->6302K(6464K) NonClass: 5769K(5824K)->5769K(5824K) Class: 533K(640K)->533K(640K)
[1.011s][info][gc             ] GC(43) Pause Young (Allocation Failure) 169M->169M(218M) 17.348ms
[1.011s][info][gc,cpu         ] GC(43) User=0.02s Sys=0.00s Real=0.02s
[1.043s][info][gc,start       ] GC(44) Pause Young (Allocation Failure)
[1.061s][info][gc,heap        ] GC(44) PSYoungGen: 22112K(33792K)->22144K(35840K) Eden: 11776K(11776K)->0K(11776K) From: 10336K(22016K)->22144K(24064K)
[1.061s][info][gc,heap        ] GC(44) ParOldGen: 163275K(189952K)->163275K(189952K)
[1.061s][info][gc,metaspace   ] GC(44) Metaspace: 6302K(6464K)->6302K(6464K) NonClass: 5769K(5824K)->5769K(5824K) Class: 533K(640K)->533K(640K)
[1.061s][info][gc             ] GC(44) Pause Young (Allocation Failure) 181M->181M(220M) 17.469ms
[1.061s][info][gc,cpu         ] GC(44) User=0.00s Sys=0.00s Real=0.02s
[1.072s][info][gc,start       ] GC(45) Pause Young (Allocation Failure)
[1.093s][info][gc,heap        ] GC(45) PSYoungGen: 33920K(35840K)->27104K(34304K) Eden: 11776K(11776K)->0K(7168K) From: 22144K(24064K)->27104K(27136K)
[1.093s][info][gc,heap        ] GC(45) ParOldGen: 163275K(189952K)->170075K(189952K)
[1.093s][info][gc,metaspace   ] GC(45) Metaspace: 6302K(6464K)->6302K(6464K) NonClass: 5769K(5824K)->5769K(5824K) Class: 533K(640K)->533K(640K)
[1.093s][info][gc             ] GC(45) Pause Young (Allocation Failure) 192M->192M(219M) 20.500ms
[1.093s][info][gc,cpu         ] GC(45) User=0.00s Sys=0.02s Real=0.02s
[1.100s][info][gc,start       ] GC(46) Pause Young (Allocation Failure)
[1.122s][info][gc,heap        ] GC(46) PSYoungGen: 34272K(34304K)->15840K(40448K) Eden: 7168K(7168K)->0K(7168K) From: 27104K(27136K)->15840K(33280K)
[1.122s][info][gc,heap        ] GC(46) ParOldGen: 170075K(189952K)->188803K(189952K)
[1.122s][info][gc,metaspace   ] GC(46) Metaspace: 6302K(6464K)->6302K(6464K) NonClass: 5769K(5824K)->5769K(5824K) Class: 533K(640K)->533K(640K)
[1.122s][info][gc             ] GC(46) Pause Young (Allocation Failure) 199M->199M(225M) 21.436ms
[1.122s][info][gc,cpu         ] GC(46) User=0.00s Sys=0.00s Real=0.02s
[1.122s][info][gc,start       ] GC(47) Pause Full (Ergonomics)
[1.122s][info][gc,phases,start] GC(47) Marking Phase
[1.169s][info][gc,phases      ] GC(47) Marking Phase 47.050ms
[1.169s][info][gc,phases,start] GC(47) Summary Phase
[1.169s][info][gc,phases      ] GC(47) Summary Phase 0.017ms
[1.169s][info][gc,phases,start] GC(47) Adjust Roots
[1.169s][info][gc,phases      ] GC(47) Adjust Roots 0.198ms
[1.169s][info][gc,phases,start] GC(47) Compaction Phase
[1.209s][info][gc,phases      ] GC(47) Compaction Phase 39.759ms
[1.209s][info][gc,phases,start] GC(47) Post Compact
[1.210s][info][gc,phases      ] GC(47) Post Compact 0.950ms
[1.210s][info][gc,heap        ] GC(47) PSYoungGen: 15840K(40448K)->10041K(40448K) Eden: 0K(7168K)->0K(7168K) From: 15840K(33280K)->10041K(33280K)
[1.210s][info][gc,heap        ] GC(47) ParOldGen: 188803K(189952K)->189830K(229888K)
[1.210s][info][gc,metaspace   ] GC(47) Metaspace: 6302K(6464K)->6302K(6464K) NonClass: 5769K(5824K)->5769K(5824K) Class: 533K(640K)->533K(640K)
[1.210s][info][gc             ] GC(47) Pause Full (Ergonomics) 199M->195M(264M) 88.490ms
[1.210s][info][gc,cpu         ] GC(47) User=0.38s Sys=0.00s Real=0.09s
[1.219s][info][gc,start       ] GC(48) Pause Young (Allocation Failure)
[1.236s][info][gc,heap        ] GC(48) PSYoungGen: 17209K(40448K)->7264K(40448K) Eden: 7168K(7168K)->0K(8704K) From: 10041K(33280K)->7264K(31744K)
[1.236s][info][gc,heap        ] GC(48) ParOldGen: 189830K(229888K)->200038K(229888K)
[1.236s][info][gc,metaspace   ] GC(48) Metaspace: 6302K(6464K)->6302K(6464K) NonClass: 5769K(5824K)->5769K(5824K) Class: 533K(640K)->533K(640K)
[1.236s][info][gc             ] GC(48) Pause Young (Allocation Failure) 202M->202M(264M) 17.039ms
[1.236s][info][gc,cpu         ] GC(48) User=0.12s Sys=0.00s Real=0.02s
[1.245s][info][gc,start       ] GC(49) Pause Young (Allocation Failure)
[1.255s][info][gc,heap        ] GC(49) PSYoungGen: 15968K(40448K)->8800K(40448K) Eden: 8704K(8704K)->0K(8704K) From: 7264K(31744K)->8800K(31744K)
[1.255s][info][gc,heap        ] GC(49) ParOldGen: 200038K(229888K)->207294K(229888K)
[1.255s][info][gc,metaspace   ] GC(49) Metaspace: 6302K(6464K)->6302K(6464K) NonClass: 5769K(5824K)->5769K(5824K) Class: 533K(640K)->533K(640K)
[1.255s][info][gc             ] GC(49) Pause Young (Allocation Failure) 210M->211M(264M) 9.332ms
[1.255s][info][gc,cpu         ] GC(49) User=0.00s Sys=0.00s Real=0.01s
[1.264s][info][gc,start       ] GC(50) Pause Young (Allocation Failure)
[1.274s][info][gc,heap        ] GC(50) PSYoungGen: 17504K(40448K)->8832K(38912K) Eden: 8704K(8704K)->0K(10240K) From: 8800K(31744K)->8832K(28672K)
[1.274s][info][gc,heap        ] GC(50) ParOldGen: 207294K(229888K)->216118K(229888K)
[1.274s][info][gc,metaspace   ] GC(50) Metaspace: 6302K(6464K)->6302K(6464K) NonClass: 5769K(5824K)->5769K(5824K) Class: 533K(640K)->533K(640K)
[1.274s][info][gc             ] GC(50) Pause Young (Allocation Failure) 219M->219M(262M) 10.191ms
[1.274s][info][gc,cpu         ] GC(50) User=0.00s Sys=0.00s Real=0.01s
[1.274s][info][gc,start       ] GC(51) Pause Full (Ergonomics)
[1.274s][info][gc,phases,start] GC(51) Marking Phase
[1.326s][info][gc,phases      ] GC(51) Marking Phase 51.407ms
[1.326s][info][gc,phases,start] GC(51) Summary Phase
[1.326s][info][gc,phases      ] GC(51) Summary Phase 0.019ms
[1.326s][info][gc,phases,start] GC(51) Adjust Roots
[1.326s][info][gc,phases      ] GC(51) Adjust Roots 0.195ms
[1.326s][info][gc,phases,start] GC(51) Compaction Phase
[1.352s][info][gc,phases      ] GC(51) Compaction Phase 25.964ms
[1.352s][info][gc,phases,start] GC(51) Post Compact
[1.353s][info][gc,phases      ] GC(51) Post Compact 0.928ms
[1.353s][info][gc,heap        ] GC(51) PSYoungGen: 8832K(38912K)->0K(39936K) Eden: 0K(10240K)->0K(10240K) From: 8832K(28672K)->0K(29696K)
[1.353s][info][gc,heap        ] GC(51) ParOldGen: 216118K(229888K)->224353K(264192K)
[1.353s][info][gc,metaspace   ] GC(51) Metaspace: 6302K(6464K)->6302K(6464K) NonClass: 5769K(5824K)->5769K(5824K) Class: 533K(640K)->533K(640K)
[1.353s][info][gc             ] GC(51) Pause Full (Ergonomics) 219M->219M(297M) 79.008ms
[1.353s][info][gc,cpu         ] GC(51) User=0.48s Sys=0.02s Real=0.08s
[1.365s][info][gc,start       ] GC(52) Pause Young (Allocation Failure)
[1.372s][info][gc,heap        ] GC(52) PSYoungGen: 10240K(39936K)->10304K(39424K) Eden: 10240K(10240K)->0K(11776K) From: 0K(29696K)->10304K(27648K)
[1.372s][info][gc,heap        ] GC(52) ParOldGen: 224353K(264192K)->224353K(264192K)
[1.372s][info][gc,metaspace   ] GC(52) Metaspace: 6302K(6464K)->6302K(6464K) NonClass: 5769K(5824K)->5769K(5824K) Class: 533K(640K)->533K(640K)
[1.372s][info][gc             ] GC(52) Pause Young (Allocation Failure) 229M->229M(296M) 6.559ms
[1.372s][info][gc,cpu         ] GC(52) User=0.02s Sys=0.00s Real=0.01s
[1.386s][info][gc,start       ] GC(53) Pause Young (Allocation Failure)
[1.397s][info][gc,heap        ] GC(53) PSYoungGen: 22080K(39424K)->22112K(40448K) Eden: 11776K(11776K)->0K(11776K) From: 10304K(27648K)->22112K(28672K)
[1.398s][info][gc,heap        ] GC(53) ParOldGen: 224353K(264192K)->224353K(264192K)
[1.398s][info][gc,metaspace   ] GC(53) Metaspace: 6302K(6464K)->6302K(6464K) NonClass: 5769K(5824K)->5769K(5824K) Class: 533K(640K)->533K(640K)
[1.398s][info][gc             ] GC(53) Pause Young (Allocation Failure) 240M->240M(297M) 11.902ms
[1.398s][info][gc,cpu         ] GC(53) User=0.00s Sys=0.00s Real=0.01s
[1.412s][info][gc,start       ] GC(54) Pause Young (Allocation Failure)
[1.433s][info][gc,heap        ] GC(54) PSYoungGen: 33888K(40448K)->30720K(38400K) Eden: 11776K(11776K)->0K(7680K) From: 22112K(28672K)->30720K(30720K)
[1.433s][info][gc,heap        ] GC(54) ParOldGen: 224353K(264192K)->227457K(264192K)
[1.433s][info][gc,metaspace   ] GC(54) Metaspace: 6302K(6464K)->6302K(6464K) NonClass: 5769K(5824K)->5769K(5824K) Class: 533K(640K)->533K(640K)
[1.433s][info][gc             ] GC(54) Pause Young (Allocation Failure) 252M->252M(295M) 20.683ms
[1.433s][info][gc,cpu         ] GC(54) User=0.09s Sys=0.02s Real=0.02s
[1.443s][info][gc,start       ] GC(55) Pause Young (Allocation Failure)
[1.462s][info][gc,heap        ] GC(55) PSYoungGen: 38400K(38400K)->17920K(44032K) Eden: 7680K(7680K)->0K(7680K) From: 30720K(30720K)->17920K(36352K)
[1.462s][info][gc,heap        ] GC(55) ParOldGen: 227457K(264192K)->248393K(264192K)
[1.462s][info][gc,metaspace   ] GC(55) Metaspace: 6302K(6464K)->6302K(6464K) NonClass: 5769K(5824K)->5769K(5824K) Class: 533K(640K)->533K(640K)
[1.462s][info][gc             ] GC(55) Pause Young (Allocation Failure) 259M->260M(301M) 18.932ms
[1.462s][info][gc,cpu         ] GC(55) User=0.09s Sys=0.03s Real=0.02s
[1.462s][info][gc,start       ] GC(56) Pause Full (Ergonomics)
[1.462s][info][gc,phases,start] GC(56) Marking Phase
[1.533s][info][gc,phases      ] GC(56) Marking Phase 70.992ms
[1.533s][info][gc,phases,start] GC(56) Summary Phase
[1.533s][info][gc,phases      ] GC(56) Summary Phase 0.027ms
[1.533s][info][gc,phases,start] GC(56) Adjust Roots
[1.533s][info][gc,phases      ] GC(56) Adjust Roots 0.225ms
[1.533s][info][gc,phases,start] GC(56) Compaction Phase
[1.567s][info][gc,phases      ] GC(56) Compaction Phase 33.406ms
[1.567s][info][gc,phases,start] GC(56) Post Compact
[1.570s][info][gc,phases      ] GC(56) Post Compact 2.637ms
[1.570s][info][gc,heap        ] GC(56) PSYoungGen: 17920K(44032K)->1872K(44032K) Eden: 0K(7680K)->0K(7680K) From: 17920K(36352K)->1872K(36352K)
[1.570s][info][gc,heap        ] GC(56) ParOldGen: 248393K(264192K)->263826K(308224K)
[1.570s][info][gc,metaspace   ] GC(56) Metaspace: 6302K(6464K)->6302K(6464K) NonClass: 5769K(5824K)->5769K(5824K) Class: 533K(640K)->533K(640K)
[1.570s][info][gc             ] GC(56) Pause Full (Ergonomics) 260M->259M(344M) 107.989ms
[1.570s][info][gc,cpu         ] GC(56) User=0.48s Sys=0.00s Real=0.11s
[1.582s][info][gc,start       ] GC(57) Pause Young (Allocation Failure)
[1.606s][info][gc,heap        ] GC(57) PSYoungGen: 9552K(44032K)->8928K(41472K) Eden: 7680K(7680K)->0K(8704K) From: 1872K(36352K)->8928K(32768K)
[1.606s][info][gc,heap        ] GC(57) ParOldGen: 263826K(308224K)->264610K(308224K)
[1.606s][info][gc,metaspace   ] GC(57) Metaspace: 6302K(6464K)->6302K(6464K) NonClass: 5769K(5824K)->5769K(5824K) Class: 533K(640K)->533K(640K)
[1.606s][info][gc             ] GC(57) Pause Young (Allocation Failure) 266M->267M(341M) 23.991ms
[1.606s][info][gc,cpu         ] GC(57) User=0.03s Sys=0.00s Real=0.02s
[1.618s][info][gc,start       ] GC(58) Pause Young (Allocation Failure)
[1.630s][info][gc,heap        ] GC(58) PSYoungGen: 17632K(41472K)->17600K(43008K) Eden: 8704K(8704K)->0K(8704K) From: 8928K(32768K)->17600K(34304K)
[1.630s][info][gc,heap        ] GC(58) ParOldGen: 264610K(308224K)->264610K(308224K)
[1.630s][info][gc,metaspace   ] GC(58) Metaspace: 6302K(6464K)->6302K(6464K) NonClass: 5769K(5824K)->5769K(5824K) Class: 533K(640K)->533K(640K)
[1.630s][info][gc             ] GC(58) Pause Young (Allocation Failure) 275M->275M(343M) 11.550ms
[1.630s][info][gc,cpu         ] GC(58) User=0.00s Sys=0.00s Real=0.01s
[1.641s][info][gc,start       ] GC(59) Pause Young (Allocation Failure)
[1.657s][info][gc,heap        ] GC(59) PSYoungGen: 26304K(43008K)->25184K(40960K) Eden: 8704K(8704K)->0K(7680K) From: 17600K(34304K)->25184K(33280K)
[1.657s][info][gc,heap        ] GC(59) ParOldGen: 264610K(308224K)->265802K(308224K)
[1.657s][info][gc,metaspace   ] GC(59) Metaspace: 6302K(6464K)->6302K(6464K) NonClass: 5769K(5824K)->5769K(5824K) Class: 533K(640K)->533K(640K)
[1.657s][info][gc             ] GC(59) Pause Young (Allocation Failure) 284M->284M(341M) 15.767ms
[1.657s][info][gc,cpu         ] GC(59) User=0.03s Sys=0.00s Real=0.02s
[1.666s][info][gc,start       ] GC(60) Pause Young (Allocation Failure)
[1.685s][info][gc,heap        ] GC(60) PSYoungGen: 32864K(40960K)->25152K(43008K) Eden: 7680K(7680K)->0K(7680K) From: 25184K(33280K)->25152K(35328K)
[1.685s][info][gc,heap        ] GC(60) ParOldGen: 265802K(308224K)->273594K(308224K)
[1.685s][info][gc,metaspace   ] GC(60) Metaspace: 6302K(6464K)->6302K(6464K) NonClass: 5769K(5824K)->5769K(5824K) Class: 533K(640K)->533K(640K)
[1.685s][info][gc             ] GC(60) Pause Young (Allocation Failure) 291M->291M(343M) 18.658ms
[1.685s][info][gc,cpu         ] GC(60) User=0.09s Sys=0.00s Real=0.02s
[1.694s][info][gc,start       ] GC(61) Pause Young (Allocation Failure)
[1.713s][info][gc,heap        ] GC(61) PSYoungGen: 32832K(43008K)->15456K(42496K) Eden: 7680K(7680K)->0K(9216K) From: 25152K(35328K)->15456K(33280K)
[1.713s][info][gc,heap        ] GC(61) ParOldGen: 273594K(308224K)->291218K(308224K)
[1.713s][info][gc,metaspace   ] GC(61) Metaspace: 6302K(6464K)->6302K(6464K) NonClass: 5769K(5824K)->5769K(5824K) Class: 533K(640K)->533K(640K)
[1.713s][info][gc             ] GC(61) Pause Young (Allocation Failure) 299M->299M(342M) 18.983ms
[1.713s][info][gc,cpu         ] GC(61) User=0.08s Sys=0.03s Real=0.02s
[1.713s][info][gc,start       ] GC(62) Pause Full (Ergonomics)
[1.713s][info][gc,phases,start] GC(62) Marking Phase
[1.787s][info][gc,phases      ] GC(62) Marking Phase 74.280ms
[1.788s][info][gc,phases,start] GC(62) Summary Phase
[1.788s][info][gc,phases      ] GC(62) Summary Phase 0.021ms
[1.788s][info][gc,phases,start] GC(62) Adjust Roots
[1.788s][info][gc,phases      ] GC(62) Adjust Roots 0.217ms
[1.788s][info][gc,phases,start] GC(62) Compaction Phase
[1.817s][info][gc,phases      ] GC(62) Compaction Phase 29.469ms
[1.817s][info][gc,phases,start] GC(62) Post Compact
[1.819s][info][gc,phases      ] GC(62) Post Compact 1.742ms
[1.819s][info][gc,heap        ] GC(62) PSYoungGen: 15456K(42496K)->0K(44032K) Eden: 0K(9216K)->0K(9216K) From: 15456K(33280K)->0K(34816K)
[1.819s][info][gc,heap        ] GC(62) ParOldGen: 291218K(308224K)->305997K(354304K)
[1.819s][info][gc,metaspace   ] GC(62) Metaspace: 6302K(6464K)->6302K(6464K) NonClass: 5769K(5824K)->5769K(5824K) Class: 533K(640K)->533K(640K)
[1.819s][info][gc             ] GC(62) Pause Full (Ergonomics) 299M->298M(389M) 106.257ms
[1.819s][info][gc,cpu         ] GC(62) User=0.59s Sys=0.00s Real=0.11s
[1.831s][info][gc,start       ] GC(63) Pause Young (Allocation Failure)
[1.838s][info][gc,heap        ] GC(63) PSYoungGen: 9216K(44032K)->9344K(43520K) Eden: 9216K(9216K)->0K(10240K) From: 0K(34816K)->9344K(33280K)
[1.838s][info][gc,heap        ] GC(63) ParOldGen: 305997K(354304K)->305997K(354304K)
[1.838s][info][gc,metaspace   ] GC(63) Metaspace: 6302K(6464K)->6302K(6464K) NonClass: 5769K(5824K)->5769K(5824K) Class: 533K(640K)->533K(640K)
[1.838s][info][gc             ] GC(63) Pause Young (Allocation Failure) 307M->307M(388M) 6.526ms
[1.838s][info][gc,cpu         ] GC(63) User=0.02s Sys=0.00s Real=0.01s
[1.853s][info][gc,start       ] GC(64) Pause Young (Allocation Failure)
[1.864s][info][gc,heap        ] GC(64) PSYoungGen: 19584K(43520K)->10336K(44544K) Eden: 10240K(10240K)->0K(10240K) From: 9344K(33280K)->10336K(34304K)
[1.864s][info][gc,heap        ] GC(64) ParOldGen: 305997K(354304K)->315341K(354304K)
[1.864s][info][gc,metaspace   ] GC(64) Metaspace: 6302K(6464K)->6302K(6464K) NonClass: 5769K(5824K)->5769K(5824K) Class: 533K(640K)->533K(640K)
[1.864s][info][gc             ] GC(64) Pause Young (Allocation Failure) 317M->318M(389M) 11.748ms
[1.864s][info][gc,cpu         ] GC(64) User=0.00s Sys=0.00s Real=0.01s
[1.877s][info][gc,start       ] GC(65) Pause Young (Allocation Failure)
[1.889s][info][gc,heap        ] GC(65) PSYoungGen: 20576K(44544K)->10432K(43520K) Eden: 10240K(10240K)->0K(11776K) From: 10336K(34304K)->10432K(31744K)
[1.889s][info][gc,heap        ] GC(65) ParOldGen: 315341K(354304K)->325725K(354304K)
[1.889s][info][gc,metaspace   ] GC(65) Metaspace: 6302K(6464K)->6302K(6464K) NonClass: 5769K(5824K)->5769K(5824K) Class: 533K(640K)->533K(640K)
[1.889s][info][gc             ] GC(65) Pause Young (Allocation Failure) 328M->328M(388M) 12.162ms
[1.889s][info][gc,cpu         ] GC(65) User=0.02s Sys=0.00s Real=0.01s
[1.902s][info][gc,start       ] GC(66) Pause Young (Allocation Failure)
[1.915s][info][gc,heap        ] GC(66) PSYoungGen: 22208K(43520K)->11840K(44544K) Eden: 11776K(11776K)->0K(11776K) From: 10432K(31744K)->11840K(32768K)
[1.915s][info][gc,heap        ] GC(66) ParOldGen: 325725K(354304K)->336101K(354304K)
[1.915s][info][gc,metaspace   ] GC(66) Metaspace: 6302K(6464K)->6302K(6464K) NonClass: 5769K(5824K)->5769K(5824K) Class: 533K(640K)->533K(640K)
[1.915s][info][gc             ] GC(66) Pause Young (Allocation Failure) 339M->339M(389M) 12.529ms
[1.915s][info][gc,cpu         ] GC(66) User=0.00s Sys=0.00s Real=0.01s
[1.915s][info][gc,start       ] GC(67) Pause Full (Ergonomics)
[1.915s][info][gc,phases,start] GC(67) Marking Phase
[1.995s][info][gc,phases      ] GC(67) Marking Phase 79.957ms
[1.995s][info][gc,phases,start] GC(67) Summary Phase
[1.995s][info][gc,phases      ] GC(67) Summary Phase 0.021ms
[1.995s][info][gc,phases,start] GC(67) Adjust Roots
[1.995s][info][gc,phases      ] GC(67) Adjust Roots 0.215ms
[1.995s][info][gc,phases,start] GC(67) Compaction Phase
[2.026s][info][gc,phases      ] GC(67) Compaction Phase 30.742ms
[2.026s][info][gc,phases,start] GC(67) Post Compact
[2.028s][info][gc,phases      ] GC(67) Post Compact 1.953ms
[2.028s][info][gc,heap        ] GC(67) PSYoungGen: 11840K(44544K)->0K(45056K) Eden: 0K(11776K)->0K(13312K) From: 11840K(32768K)->0K(31744K)
[2.028s][info][gc,heap        ] GC(67) ParOldGen: 336101K(354304K)->347346K(397312K)
[2.028s][info][gc,metaspace   ] GC(67) Metaspace: 6302K(6464K)->6302K(6464K) NonClass: 5769K(5824K)->5769K(5824K) Class: 533K(640K)->533K(640K)
[2.028s][info][gc             ] GC(67) Pause Full (Ergonomics) 339M->339M(432M) 113.413ms
[2.028s][info][gc,cpu         ] GC(67) User=0.59s Sys=0.02s Real=0.11s
[2.137s][info][gc,start       ] GC(68) Pause Young (Allocation Failure)
[2.155s][info][gc,heap        ] GC(68) PSYoungGen: 13312K(45056K)->13440K(45056K) Eden: 13312K(13312K)->0K(13312K) From: 0K(31744K)->13440K(31744K)
[2.155s][info][gc,heap        ] GC(68) ParOldGen: 363730K(397312K)->363730K(397312K)
[2.155s][info][gc,metaspace   ] GC(68) Metaspace: 6302K(6464K)->6302K(6464K) NonClass: 5769K(5824K)->5769K(5824K) Class: 533K(640K)->533K(640K)
[2.155s][info][gc             ] GC(68) Pause Young (Allocation Failure) 368M->368M(432M) 18.244ms
[2.155s][info][gc,cpu         ] GC(68) User=0.05s Sys=0.00s Real=0.02s
[2.169s][info][gc,start       ] GC(69) Pause Young (Allocation Failure)
[2.183s][info][gc,heap        ] GC(69) PSYoungGen: 26752K(45056K)->26720K(41984K) Eden: 13312K(13312K)->0K(11776K) From: 13440K(31744K)->26720K(30208K)
[2.183s][info][gc,heap        ] GC(69) ParOldGen: 363730K(397312K)->363730K(397312K)
[2.183s][info][gc,metaspace   ] GC(69) Metaspace: 6302K(6464K)->6302K(6464K) NonClass: 5769K(5824K)->5769K(5824K) Class: 533K(640K)->533K(640K)
[2.183s][info][gc             ] GC(69) Pause Young (Allocation Failure) 381M->381M(429M) 13.773ms
[2.183s][info][gc,cpu         ] GC(69) User=0.02s Sys=0.00s Real=0.01s
[2.196s][info][gc,start       ] GC(70) Pause Young (Allocation Failure)
[2.215s][info][gc,heap        ] GC(70) PSYoungGen: 38496K(41984K)->33280K(45056K) Eden: 11776K(11776K)->0K(11776K) From: 26720K(30208K)->33280K(33280K)
[2.215s][info][gc,heap        ] GC(70) ParOldGen: 363730K(397312K)->368930K(397312K)
[2.215s][info][gc,metaspace   ] GC(70) Metaspace: 6302K(6464K)->6302K(6464K) NonClass: 5769K(5824K)->5769K(5824K) Class: 533K(640K)->533K(640K)
[2.215s][info][gc             ] GC(70) Pause Young (Allocation Failure) 392M->392M(432M) 19.074ms
[2.215s][info][gc,cpu         ] GC(70) User=0.12s Sys=0.02s Real=0.02s
[2.227s][info][gc,start       ] GC(71) Pause Young (Allocation Failure)
[2.250s][info][gc,heap        ] GC(71) PSYoungGen: 45056K(45056K)->21376K(51200K) Eden: 11776K(11776K)->0K(13312K) From: 33280K(33280K)->21376K(37888K)
[2.250s][info][gc,heap        ] GC(71) ParOldGen: 368930K(397312K)->392986K(397312K)
[2.250s][info][gc,metaspace   ] GC(71) Metaspace: 6302K(6464K)->6302K(6464K) NonClass: 5769K(5824K)->5769K(5824K) Class: 533K(640K)->533K(640K)
[2.250s][info][gc             ] GC(71) Pause Young (Allocation Failure) 404M->404M(438M) 23.386ms
[2.250s][info][gc,cpu         ] GC(71) User=0.25s Sys=0.00s Real=0.02s
[2.250s][info][gc,start       ] GC(72) Pause Full (Ergonomics)
[2.250s][info][gc,phases,start] GC(72) Marking Phase
[2.347s][info][gc,phases      ] GC(72) Marking Phase 97.069ms
[2.347s][info][gc,phases,start] GC(72) Summary Phase
[2.347s][info][gc,phases      ] GC(72) Summary Phase 0.019ms
[2.347s][info][gc,phases,start] GC(72) Adjust Roots
[2.347s][info][gc,phases      ] GC(72) Adjust Roots 0.222ms
[2.348s][info][gc,phases,start] GC(72) Compaction Phase
[2.417s][info][gc,phases      ] GC(72) Compaction Phase 69.701ms
[2.417s][info][gc,phases,start] GC(72) Post Compact
[2.419s][info][gc,phases      ] GC(72) Post Compact 2.063ms
[2.420s][info][gc,heap        ] GC(72) PSYoungGen: 21376K(51200K)->8462K(52224K) Eden: 0K(13312K)->0K(14336K) From: 21376K(37888K)->8462K(37888K)
[2.420s][info][gc,heap        ] GC(72) ParOldGen: 392986K(397312K)->397121K(453120K)
[2.420s][info][gc,metaspace   ] GC(72) Metaspace: 6302K(6464K)->6302K(6464K) NonClass: 5769K(5824K)->5769K(5824K) Class: 533K(640K)->533K(640K)
[2.420s][info][gc             ] GC(72) Pause Full (Ergonomics) 404M->396M(493M) 169.662ms
[2.420s][info][gc,cpu         ] GC(72) User=1.12s Sys=0.02s Real=0.17s
[2.437s][info][gc,start       ] GC(73) Pause Young (Allocation Failure)
[2.465s][info][gc,heap        ] GC(73) PSYoungGen: 22798K(52224K)->18720K(33280K) Eden: 14336K(14336K)->0K(14336K) From: 8462K(37888K)->18720K(18944K)
[2.465s][info][gc,heap        ] GC(73) ParOldGen: 397121K(453120K)->401441K(453120K)
[2.465s][info][gc,metaspace   ] GC(73) Metaspace: 6302K(6464K)->6302K(6464K) NonClass: 5769K(5824K)->5769K(5824K) Class: 533K(640K)->533K(640K)
[2.465s][info][gc             ] GC(73) Pause Young (Allocation Failure) 410M->410M(475M) 27.698ms
[2.465s][info][gc,cpu         ] GC(73) User=0.14s Sys=0.00s Real=0.03s
[2.480s][info][gc,start       ] GC(74) Pause Young (Allocation Failure)
[2.497s][info][gc,heap        ] GC(74) PSYoungGen: 33056K(33280K)->33056K(49152K) Eden: 14336K(14336K)->0K(12288K) From: 18720K(18944K)->33056K(36864K)
[2.497s][info][gc,heap        ] GC(74) ParOldGen: 401441K(453120K)->401441K(453120K)
[2.497s][info][gc,metaspace   ] GC(74) Metaspace: 6302K(6464K)->6302K(6464K) NonClass: 5769K(5824K)->5769K(5824K) Class: 533K(640K)->533K(640K)
[2.497s][info][gc             ] GC(74) Pause Young (Allocation Failure) 424M->424M(490M) 17.270ms
[2.497s][info][gc,cpu         ] GC(74) User=0.11s Sys=0.02s Real=0.02s
[2.509s][info][gc,start       ] GC(75) Pause Young (Allocation Failure)
[2.532s][info][gc,heap        ] GC(75) PSYoungGen: 45344K(49152K)->40448K(52736K) Eden: 12288K(12288K)->0K(12288K) From: 33056K(36864K)->40448K(40448K)
[2.532s][info][gc,heap        ] GC(75) ParOldGen: 401441K(453120K)->406265K(453120K)
[2.532s][info][gc,metaspace   ] GC(75) Metaspace: 6302K(6464K)->6302K(6464K) NonClass: 5769K(5824K)->5769K(5824K) Class: 533K(640K)->533K(640K)
[2.532s][info][gc             ] GC(75) Pause Young (Allocation Failure) 436M->436M(494M) 22.424ms
[2.532s][info][gc,cpu         ] GC(75) User=0.12s Sys=0.00s Real=0.02s
[2.545s][info][gc,start       ] GC(76) Pause Young (Allocation Failure)
[2.572s][info][gc,heap        ] GC(76) PSYoungGen: 52736K(52736K)->24608K(58368K) Eden: 12288K(12288K)->0K(13824K) From: 40448K(40448K)->24608K(44544K)
[2.572s][info][gc,heap        ] GC(76) ParOldGen: 406265K(453120K)->434849K(453120K)
[2.572s][info][gc,metaspace   ] GC(76) Metaspace: 6302K(6464K)->6302K(6464K) NonClass: 5769K(5824K)->5769K(5824K) Class: 533K(640K)->533K(640K)
[2.572s][info][gc             ] GC(76) Pause Young (Allocation Failure) 448M->448M(499M) 26.860ms
[2.572s][info][gc,cpu         ] GC(76) User=0.14s Sys=0.00s Real=0.03s
[2.572s][info][gc,start       ] GC(77) Pause Full (Ergonomics)
[2.572s][info][gc,phases,start] GC(77) Marking Phase
[2.680s][info][gc,phases      ] GC(77) Marking Phase 107.409ms
[2.680s][info][gc,phases,start] GC(77) Summary Phase
[2.680s][info][gc,phases      ] GC(77) Summary Phase 0.021ms
[2.680s][info][gc,phases,start] GC(77) Adjust Roots
[2.680s][info][gc,phases      ] GC(77) Adjust Roots 0.249ms
[2.680s][info][gc,phases,start] GC(77) Compaction Phase
[2.728s][info][gc,phases      ] GC(77) Compaction Phase 48.363ms
[2.728s][info][gc,phases,start] GC(77) Post Compact
[2.731s][info][gc,phases      ] GC(77) Post Compact 2.233ms
[2.731s][info][gc,heap        ] GC(77) PSYoungGen: 24608K(58368K)->6063K(59904K) Eden: 0K(13824K)->0K(15360K) From: 24608K(44544K)->6063K(44544K)
[2.731s][info][gc,heap        ] GC(77) ParOldGen: 434849K(453120K)->452638K(516096K)
[2.731s][info][gc,metaspace   ] GC(77) Metaspace: 6302K(6464K)->6302K(6464K) NonClass: 5769K(5824K)->5769K(5824K) Class: 533K(640K)->533K(640K)
[2.731s][info][gc             ] GC(77) Pause Full (Ergonomics) 448M->447M(562M) 158.843ms
[2.731s][info][gc,cpu         ] GC(77) User=0.97s Sys=0.03s Real=0.16s
[2.749s][info][gc,start       ] GC(78) Pause Young (Allocation Failure)
[2.779s][info][gc,heap        ] GC(78) PSYoungGen: 21423K(59904K)->15488K(61440K) Eden: 15360K(15360K)->0K(15360K) From: 6063K(44544K)->15488K(46080K)
[2.779s][info][gc,heap        ] GC(78) ParOldGen: 452638K(516096K)->458814K(516096K)
[2.779s][info][gc,metaspace   ] GC(78) Metaspace: 6302K(6464K)->6302K(6464K) NonClass: 5769K(5824K)->5769K(5824K) Class: 533K(640K)->533K(640K)
[2.779s][info][gc             ] GC(78) Pause Young (Allocation Failure) 462M->463M(564M) 29.599ms
[2.779s][info][gc,cpu         ] GC(78) User=0.14s Sys=0.00s Real=0.03s
[2.797s][info][gc,start       ] GC(79) Pause Young (Allocation Failure)
[2.814s][info][gc,heap        ] GC(79) PSYoungGen: 30848K(61440K)->15520K(59904K) Eden: 15360K(15360K)->0K(16896K) From: 15488K(46080K)->15520K(43008K)
[2.814s][info][gc,heap        ] GC(79) ParOldGen: 458814K(516096K)->474390K(516096K)
[2.814s][info][gc,metaspace   ] GC(79) Metaspace: 6302K(6464K)->6302K(6464K) NonClass: 5769K(5824K)->5769K(5824K) Class: 533K(640K)->533K(640K)
[2.814s][info][gc             ] GC(79) Pause Young (Allocation Failure) 478M->478M(562M) 17.495ms
[2.814s][info][gc,cpu         ] GC(79) User=0.11s Sys=0.02s Real=0.02s
[2.832s][info][gc,start       ] GC(80) Pause Young (Allocation Failure)
[2.850s][info][gc,heap        ] GC(80) PSYoungGen: 32416K(59904K)->17024K(60928K) Eden: 16896K(16896K)->0K(16896K) From: 15520K(43008K)->17024K(44032K)
[2.850s][info][gc,heap        ] GC(80) ParOldGen: 474390K(516096K)->489966K(516096K)
[2.850s][info][gc,metaspace   ] GC(80) Metaspace: 6302K(6464K)->6302K(6464K) NonClass: 5769K(5824K)->5769K(5824K) Class: 533K(640K)->533K(640K)
[2.850s][info][gc             ] GC(80) Pause Young (Allocation Failure) 494M->495M(563M) 18.205ms
[2.850s][info][gc,cpu         ] GC(80) User=0.12s Sys=0.00s Real=0.02s
[2.851s][info][gc,start       ] GC(81) Pause Full (Ergonomics)
[2.851s][info][gc,phases,start] GC(81) Marking Phase
[2.966s][info][gc,phases      ] GC(81) Marking Phase 115.467ms
[2.966s][info][gc,phases,start] GC(81) Summary Phase
[2.966s][info][gc,phases      ] GC(81) Summary Phase 0.023ms
[2.966s][info][gc,phases,start] GC(81) Adjust Roots
[2.966s][info][gc,phases      ] GC(81) Adjust Roots 0.207ms
[2.966s][info][gc,phases,start] GC(81) Compaction Phase
[3.015s][info][gc,phases      ] GC(81) Compaction Phase 48.575ms
[3.015s][info][gc,phases,start] GC(81) Post Compact
[3.017s][info][gc,phases      ] GC(81) Post Compact 2.494ms
[3.018s][info][gc,heap        ] GC(81) PSYoungGen: 17024K(60928K)->0K(61440K) Eden: 0K(16896K)->0K(18944K) From: 17024K(44032K)->0K(42496K)
[3.018s][info][gc,heap        ] GC(81) ParOldGen: 489966K(516096K)->506221K(573952K)
[3.018s][info][gc,metaspace   ] GC(81) Metaspace: 6302K(6464K)->6302K(6464K) NonClass: 5769K(5824K)->5769K(5824K) Class: 533K(640K)->533K(640K)
[3.018s][info][gc             ] GC(81) Pause Full (Ergonomics) 495M->494M(620M) 167.338ms
[3.018s][info][gc,cpu         ] GC(81) User=1.27s Sys=0.00s Real=0.17s
[3.040s][info][gc,start       ] GC(82) Pause Young (Allocation Failure)
[3.054s][info][gc,heap        ] GC(82) PSYoungGen: 18944K(61440K)->19104K(61440K) Eden: 18944K(18944K)->0K(18944K) From: 0K(42496K)->19104K(42496K)
[3.054s][info][gc,heap        ] GC(82) ParOldGen: 506221K(573952K)->506221K(573952K)
[3.054s][info][gc,metaspace   ] GC(82) Metaspace: 6302K(6464K)->6302K(6464K) NonClass: 5769K(5824K)->5769K(5824K) Class: 533K(640K)->533K(640K)
[3.054s][info][gc             ] GC(82) Pause Young (Allocation Failure) 512M->513M(620M) 13.778ms
[3.054s][info][gc,cpu         ] GC(82) User=0.00s Sys=0.00s Real=0.01s
[3.075s][info][gc,start       ] GC(83) Pause Young (Allocation Failure)
[3.097s][info][gc,heap        ] GC(83) PSYoungGen: 38048K(61440K)->38048K(56832K) Eden: 18944K(18944K)->0K(16384K) From: 19104K(42496K)->38048K(40448K)
[3.097s][info][gc,heap        ] GC(83) ParOldGen: 506221K(573952K)->506221K(573952K)
[3.097s][info][gc,metaspace   ] GC(83) Metaspace: 6302K(6464K)->6302K(6464K) NonClass: 5769K(5824K)->5769K(5824K) Class: 533K(640K)->533K(640K)
[3.097s][info][gc             ] GC(83) Pause Young (Allocation Failure) 531M->531M(616M) 22.509ms
[3.097s][info][gc,cpu         ] GC(83) User=0.08s Sys=0.02s Real=0.02s
[3.116s][info][gc,start       ] GC(84) Pause Young (Allocation Failure)
[3.143s][info][gc,heap        ] GC(84) PSYoungGen: 54432K(56832K)->45056K(61440K) Eden: 16384K(16384K)->0K(16384K) From: 38048K(40448K)->45056K(45056K)
[3.143s][info][gc,heap        ] GC(84) ParOldGen: 506221K(573952K)->515605K(573952K)
[3.143s][info][gc,metaspace   ] GC(84) Metaspace: 6302K(6464K)->6302K(6464K) NonClass: 5769K(5824K)->5769K(5824K) Class: 533K(640K)->533K(640K)
[3.143s][info][gc             ] GC(84) Pause Young (Allocation Failure) 547M->547M(620M) 27.087ms
[3.143s][info][gc,cpu         ] GC(84) User=0.14s Sys=0.00s Real=0.03s
[3.162s][info][gc,start       ] GC(85) Pause Young (Allocation Failure)
[3.197s][info][gc,heap        ] GC(85) PSYoungGen: 61440K(61440K)->30592K(71168K) Eden: 16384K(16384K)->0K(18432K) From: 45056K(45056K)->30592K(52736K)
[3.197s][info][gc,heap        ] GC(85) ParOldGen: 515605K(573952K)->546973K(573952K)
[3.197s][info][gc,metaspace   ] GC(85) Metaspace: 6302K(6464K)->6302K(6464K) NonClass: 5769K(5824K)->5769K(5824K) Class: 533K(640K)->533K(640K)
[3.197s][info][gc             ] GC(85) Pause Young (Allocation Failure) 563M->564M(630M) 35.390ms
[3.197s][info][gc,cpu         ] GC(85) User=0.19s Sys=0.03s Real=0.04s
[3.197s][info][gc,start       ] GC(86) Pause Full (Ergonomics)
[3.197s][info][gc,phases,start] GC(86) Marking Phase
[3.334s][info][gc,phases      ] GC(86) Marking Phase 136.759ms
[3.334s][info][gc,phases,start] GC(86) Summary Phase
[3.334s][info][gc,phases      ] GC(86) Summary Phase 0.022ms
[3.334s][info][gc,phases,start] GC(86) Adjust Roots
[3.335s][info][gc,phases      ] GC(86) Adjust Roots 0.250ms
[3.335s][info][gc,phases,start] GC(86) Compaction Phase
[3.390s][info][gc,phases      ] GC(86) Compaction Phase 55.081ms
[3.390s][info][gc,phases,start] GC(86) Post Compact
[3.391s][info][gc,phases      ] GC(86) Post Compact 1.086ms
[3.391s][info][gc,heap        ] GC(86) PSYoungGen: 30592K(71168K)->2837K(72192K) Eden: 0K(18432K)->0K(19456K) From: 30592K(52736K)->2837K(52736K)
[3.391s][info][gc,heap        ] GC(86) ParOldGen: 546973K(573952K)->573912K(650240K)
[3.391s][info][gc,metaspace   ] GC(86) Metaspace: 6302K(6464K)->6302K(6464K) NonClass: 5769K(5824K)->5769K(5824K) Class: 533K(640K)->533K(640K)
[3.391s][info][gc             ] GC(86) Pause Full (Ergonomics) 564M->563M(705M) 193.863ms
[3.391s][info][gc,cpu         ] GC(86) User=1.09s Sys=0.12s Real=0.19s
[3.413s][info][gc,start       ] GC(87) Pause Young (Allocation Failure)
[3.454s][info][gc,heap        ] GC(87) PSYoungGen: 22293K(72192K)->21920K(73216K) Eden: 19456K(19456K)->0K(19456K) From: 2837K(52736K)->21920K(53760K)
[3.454s][info][gc,heap        ] GC(87) ParOldGen: 573912K(650240K)->574488K(650240K)
[3.454s][info][gc,metaspace   ] GC(87) Metaspace: 6302K(6464K)->6302K(6464K) NonClass: 5769K(5824K)->5769K(5824K) Class: 533K(640K)->533K(640K)
[3.454s][info][gc             ] GC(87) Pause Young (Allocation Failure) 582M->582M(706M) 40.708ms
[3.454s][info][gc,cpu         ] GC(87) User=0.20s Sys=0.02s Real=0.04s
[3.477s][info][gc,start       ] GC(88) Pause Young (Allocation Failure)
[3.504s][info][gc,heap        ] GC(88) PSYoungGen: 41376K(73216K)->41376K(70144K) Eden: 19456K(19456K)->0K(18432K) From: 21920K(53760K)->41376K(51712K)
[3.504s][info][gc,heap        ] GC(88) ParOldGen: 574488K(650240K)->574488K(650240K)
[3.504s][info][gc,metaspace   ] GC(88) Metaspace: 6302K(6464K)->6302K(6464K) NonClass: 5769K(5824K)->5769K(5824K) Class: 533K(640K)->533K(640K)
[3.504s][info][gc             ] GC(88) Pause Young (Allocation Failure) 601M->601M(703M) 26.426ms
[3.504s][info][gc,cpu         ] GC(88) User=0.12s Sys=0.00s Real=0.03s
[3.527s][info][gc,start       ] GC(89) Pause Young (Allocation Failure)
[3.561s][info][gc,heap        ] GC(89) PSYoungGen: 59808K(70144K)->54784K(73216K) Eden: 18432K(18432K)->0K(18432K) From: 41376K(51712K)->54784K(54784K)
[3.561s][info][gc,heap        ] GC(89) ParOldGen: 574488K(650240K)->579488K(650240K)
[3.561s][info][gc,metaspace   ] GC(89) Metaspace: 6302K(6464K)->6302K(6464K) NonClass: 5769K(5824K)->5769K(5824K) Class: 533K(640K)->533K(640K)
[3.561s][info][gc             ] GC(89) Pause Young (Allocation Failure) 619M->619M(706M) 34.782ms
[3.561s][info][gc,cpu         ] GC(89) User=0.14s Sys=0.00s Real=0.04s
[3.584s][info][gc,start       ] GC(90) Pause Young (Allocation Failure)
[3.624s][info][gc,heap        ] GC(90) PSYoungGen: 73216K(73216K)->53568K(79360K) Eden: 18432K(18432K)->0K(15360K) From: 54784K(54784K)->53568K(64000K)
[3.624s][info][gc,heap        ] GC(90) ParOldGen: 579488K(650240K)->599520K(650240K)
[3.624s][info][gc,metaspace   ] GC(90) Metaspace: 6302K(6464K)->6302K(6464K) NonClass: 5769K(5824K)->5769K(5824K) Class: 533K(640K)->533K(640K)
[3.624s][info][gc             ] GC(90) Pause Young (Allocation Failure) 637M->637M(712M) 39.524ms
[3.624s][info][gc,cpu         ] GC(90) User=0.20s Sys=0.03s Real=0.04s
[3.643s][info][gc,start       ] GC(91) Pause Young (Allocation Failure)
[3.679s][info][gc,heap        ] GC(91) PSYoungGen: 68928K(79360K)->50976K(84480K) Eden: 15360K(15360K)->0K(15360K) From: 53568K(64000K)->50976K(69120K)
[3.679s][info][gc,heap        ] GC(91) ParOldGen: 599520K(650240K)->617752K(650240K)
[3.679s][info][gc,metaspace   ] GC(91) Metaspace: 6302K(6464K)->6302K(6464K) NonClass: 5769K(5824K)->5769K(5824K) Class: 533K(640K)->533K(640K)
[3.679s][info][gc             ] GC(91) Pause Young (Allocation Failure) 652M->653M(717M) 36.192ms
[3.679s][info][gc,cpu         ] GC(91) User=0.17s Sys=0.06s Real=0.04s
[3.698s][info][gc,start       ] GC(92) Pause Young (Allocation Failure)
[3.732s][info][gc,heap        ] GC(92) PSYoungGen: 66336K(84480K)->49312K(87552K) Eden: 15360K(15360K)->0K(15360K) From: 50976K(69120K)->49312K(72192K)
[3.733s][info][gc,heap        ] GC(92) ParOldGen: 617752K(650240K)->635008K(650240K)
[3.733s][info][gc,metaspace   ] GC(92) Metaspace: 6302K(6464K)->6302K(6464K) NonClass: 5769K(5824K)->5769K(5824K) Class: 533K(640K)->533K(640K)
[3.733s][info][gc             ] GC(92) Pause Young (Allocation Failure) 668M->668M(720M) 34.516ms
[3.733s][info][gc,cpu         ] GC(92) User=0.12s Sys=0.03s Real=0.04s
[3.733s][info][gc,start       ] GC(93) Pause Full (Ergonomics)
[3.733s][info][gc,phases,start] GC(93) Marking Phase
[3.887s][info][gc,phases      ] GC(93) Marking Phase 154.399ms
[3.887s][info][gc,phases,start] GC(93) Summary Phase
[3.887s][info][gc,phases      ] GC(93) Summary Phase 0.021ms
[3.887s][info][gc,phases,start] GC(93) Adjust Roots
[3.887s][info][gc,phases      ] GC(93) Adjust Roots 0.194ms
[3.887s][info][gc,phases,start] GC(93) Compaction Phase
[3.968s][info][gc,phases      ] GC(93) Compaction Phase 80.909ms
[3.968s][info][gc,phases,start] GC(93) Post Compact
[3.970s][info][gc,phases      ] GC(93) Post Compact 1.563ms
[3.971s][info][gc,heap        ] GC(93) PSYoungGen: 49312K(87552K)->33218K(87552K) Eden: 0K(15360K)->0K(15360K) From: 49312K(72192K)->33218K(72192K)
[3.971s][info][gc,heap        ] GC(93) ParOldGen: 635008K(650240K)->649837K(731648K)
[3.971s][info][gc,metaspace   ] GC(93) Metaspace: 6302K(6464K)->6302K(6464K) NonClass: 5769K(5824K)->5769K(5824K) Class: 533K(640K)->533K(640K)
[3.971s][info][gc             ] GC(93) Pause Full (Ergonomics) 668M->667M(800M) 237.997ms
[3.971s][info][gc,cpu         ] GC(93) User=1.53s Sys=0.00s Real=0.24s
[3.995s][info][gc,start       ] GC(94) Pause Young (Allocation Failure)
[4.064s][info][gc,heap        ] GC(94) PSYoungGen: 48578K(87552K)->26464K(41984K) Eden: 15360K(15360K)->0K(15360K) From: 33218K(72192K)->26464K(26624K)
[4.064s][info][gc,heap        ] GC(94) ParOldGen: 649837K(731648K)->672453K(731648K)
[4.064s][info][gc,metaspace   ] GC(94) Metaspace: 6302K(6464K)->6302K(6464K) NonClass: 5769K(5824K)->5769K(5824K) Class: 533K(640K)->533K(640K)
[4.064s][info][gc             ] GC(94) Pause Young (Allocation Failure) 682M->682M(755M) 68.789ms
[4.064s][info][gc,cpu         ] GC(94) User=0.23s Sys=0.02s Real=0.07s
[4.272s][info][gc,start       ] GC(95) Pause Full (Ergonomics)
[4.272s][info][gc,phases,start] GC(95) Marking Phase
[4.451s][info][gc,phases      ] GC(95) Marking Phase 178.770ms
[4.451s][info][gc,phases,start] GC(95) Summary Phase
[4.451s][info][gc,phases      ] GC(95) Summary Phase 0.044ms
[4.451s][info][gc,phases,start] GC(95) Adjust Roots
[4.452s][info][gc,phases      ] GC(95) Adjust Roots 0.298ms
[4.452s][info][gc,phases,start] GC(95) Compaction Phase
[4.581s][info][gc,phases      ] GC(95) Compaction Phase 129.553ms
[4.581s][info][gc,phases,start] GC(95) Post Compact
[4.583s][info][gc,phases      ] GC(95) Post Compact 1.547ms
[4.583s][info][gc,heap        ] GC(95) PSYoungGen: 41824K(41984K)->0K(88064K) Eden: 15360K(15360K)->0K(16896K) From: 26464K(26624K)->0K(71168K)
[4.583s][info][gc,heap        ] GC(95) ParOldGen: 705221K(731648K)->730101K(819712K)
[4.583s][info][gc,metaspace   ] GC(95) Metaspace: 6302K(6464K)->6302K(6464K) NonClass: 5769K(5824K)->5769K(5824K) Class: 533K(640K)->533K(640K)
[4.583s][info][gc             ] GC(95) Pause Full (Ergonomics) 729M->712M(886M) 311.003ms
[4.583s][info][gc,cpu         ] GC(95) User=1.83s Sys=0.06s Real=0.31s
[4.602s][info][gc,start       ] GC(96) Pause Young (Allocation Failure)
[4.617s][info][gc,heap        ] GC(96) PSYoungGen: 16896K(88064K)->17088K(88576K) Eden: 16896K(16896K)->0K(16896K) From: 0K(71168K)->17088K(71680K)
[4.617s][info][gc,heap        ] GC(96) ParOldGen: 730101K(819712K)->730101K(819712K)
[4.617s][info][gc,metaspace   ] GC(96) Metaspace: 6302K(6464K)->6302K(6464K) NonClass: 5769K(5824K)->5769K(5824K) Class: 533K(640K)->533K(640K)
[4.617s][info][gc             ] GC(96) Pause Young (Allocation Failure) 729M->729M(887M) 15.179ms
[4.617s][info][gc,cpu         ] GC(96) User=0.00s Sys=0.00s Real=0.01s
[4.635s][info][gc,start       ] GC(97) Pause Young (Allocation Failure)
[4.654s][info][gc,heap        ] GC(97) PSYoungGen: 33984K(88576K)->33952K(82944K) Eden: 16896K(16896K)->0K(18944K) From: 17088K(71680K)->33952K(64000K)
[4.654s][info][gc,heap        ] GC(97) ParOldGen: 730101K(819712K)->730101K(819712K)
[4.654s][info][gc,metaspace   ] GC(97) Metaspace: 6302K(6464K)->6302K(6464K) NonClass: 5769K(5824K)->5769K(5824K) Class: 533K(640K)->533K(640K)
[4.654s][info][gc             ] GC(97) Pause Young (Allocation Failure) 746M->746M(881M) 19.697ms
[4.654s][info][gc,cpu         ] GC(97) User=0.02s Sys=0.00s Real=0.02s
[4.674s][info][gc,start       ] GC(98) Pause Young (Allocation Failure)
[4.702s][info][gc,heap        ] GC(98) PSYoungGen: 52896K(82944K)->52864K(86528K) Eden: 18944K(18944K)->0K(18944K) From: 33952K(64000K)->52864K(67584K)
[4.702s][info][gc,heap        ] GC(98) ParOldGen: 730101K(819712K)->730101K(819712K)
[4.702s][info][gc,metaspace   ] GC(98) Metaspace: 6302K(6464K)->6302K(6464K) NonClass: 5769K(5824K)->5769K(5824K) Class: 533K(640K)->533K(640K)
[4.702s][info][gc             ] GC(98) Pause Young (Allocation Failure) 764M->764M(885M) 28.193ms
[4.702s][info][gc,cpu         ] GC(98) User=0.03s Sys=0.00s Real=0.03s
[4.722s][info][gc,start       ] GC(99) Pause Young (Allocation Failure)
[4.757s][info][gc,heap        ] GC(99) PSYoungGen: 71808K(86528K)->71680K(82944K) Eden: 18944K(18944K)->0K(11264K) From: 52864K(67584K)->71680K(71680K)
[4.757s][info][gc,heap        ] GC(99) ParOldGen: 730101K(819712K)->730205K(819712K)
[4.757s][info][gc,metaspace   ] GC(99) Metaspace: 6302K(6464K)->6302K(6464K) NonClass: 5769K(5824K)->5769K(5824K) Class: 533K(640K)->533K(640K)
[4.757s][info][gc             ] GC(99) Pause Young (Allocation Failure) 783M->783M(881M) 35.297ms
[4.757s][info][gc,cpu         ] GC(99) User=0.23s Sys=0.02s Real=0.04s
[4.768s][info][gc,start       ] GC(100) Pause Young (Allocation Failure)
[4.808s][info][gc,heap        ] GC(100) PSYoungGen: 82944K(82944K)->49184K(92672K) Eden: 11264K(11264K)->0K(11264K) From: 71680K(71680K)->49184K(81408K)
[4.808s][info][gc,heap        ] GC(100) ParOldGen: 730205K(819712K)->764405K(819712K)
[4.808s][info][gc,metaspace   ] GC(100) Metaspace: 6302K(6464K)->6302K(6464K) NonClass: 5769K(5824K)->5769K(5824K) Class: 533K(640K)->533K(640K)
[4.808s][info][gc             ] GC(100) Pause Young (Allocation Failure) 794M->794M(891M) 39.467ms
[4.808s][info][gc,cpu         ] GC(100) User=0.25s Sys=0.02s Real=0.04s
[4.820s][info][gc,start       ] GC(101) Pause Young (Allocation Failure)
[4.850s][info][gc,heap        ] GC(101) PSYoungGen: 60448K(92672K)->22592K(92672K) Eden: 11264K(11264K)->0K(13312K) From: 49184K(81408K)->22592K(79360K)
[4.850s][info][gc,heap        ] GC(101) ParOldGen: 764405K(819712K)->802725K(819712K)
[4.850s][info][gc,metaspace   ] GC(101) Metaspace: 6302K(6464K)->6302K(6464K) NonClass: 5769K(5824K)->5769K(5824K) Class: 533K(640K)->533K(640K)
[4.850s][info][gc             ] GC(101) Pause Young (Allocation Failure) 805M->805M(891M) 30.665ms
[4.850s][info][gc,cpu         ] GC(101) User=0.12s Sys=0.00s Real=0.03s
[4.850s][info][gc,start       ] GC(102) Pause Full (Ergonomics)
[4.850s][info][gc,phases,start] GC(102) Marking Phase
[5.035s][info][gc,phases      ] GC(102) Marking Phase 184.708ms
[5.035s][info][gc,phases,start] GC(102) Summary Phase
[5.035s][info][gc,phases      ] GC(102) Summary Phase 0.022ms
[5.035s][info][gc,phases,start] GC(102) Adjust Roots
[5.035s][info][gc,phases      ] GC(102) Adjust Roots 0.211ms
[5.035s][info][gc,phases,start] GC(102) Compaction Phase
[5.118s][info][gc,phases      ] GC(102) Compaction Phase 82.704ms
[5.118s][info][gc,phases,start] GC(102) Post Compact
[5.119s][info][gc,phases      ] GC(102) Post Compact 1.346ms
[5.120s][info][gc,heap        ] GC(102) PSYoungGen: 22592K(92672K)->4585K(93184K) Eden: 0K(13312K)->0K(13824K) From: 22592K(79360K)->4585K(79360K)
[5.120s][info][gc,heap        ] GC(102) ParOldGen: 802725K(819712K)->819536K(925696K)
[5.120s][info][gc,metaspace   ] GC(102) Metaspace: 6302K(6464K)->6302K(6464K) NonClass: 5769K(5824K)->5769K(5824K) Class: 533K(640K)->533K(640K)
[5.120s][info][gc             ] GC(102) Pause Full (Ergonomics) 805M->804M(995M) 269.662ms
[5.120s][info][gc,cpu         ] GC(102) User=1.95s Sys=0.03s Real=0.27s
[5.137s][info][gc,start       ] GC(103) Pause Young (Allocation Failure)
[5.184s][info][gc,heap        ] GC(103) PSYoungGen: 18409K(93184K)->13952K(93696K) Eden: 13824K(13824K)->0K(13824K) From: 4585K(79360K)->13952K(79872K)
[5.184s][info][gc,heap        ] GC(103) ParOldGen: 819536K(925696K)->824208K(925696K)
[5.184s][info][gc,metaspace   ] GC(103) Metaspace: 6302K(6464K)->6302K(6464K) NonClass: 5769K(5824K)->5769K(5824K) Class: 533K(640K)->533K(640K)
[5.184s][info][gc             ] GC(103) Pause Young (Allocation Failure) 818M->818M(995M) 46.955ms
[5.184s][info][gc,cpu         ] GC(103) User=0.23s Sys=0.02s Real=0.05s
[5.200s][info][gc,start       ] GC(104) Pause Young (Allocation Failure)
[5.218s][info][gc,heap        ] GC(104) PSYoungGen: 27776K(93696K)->13920K(95232K) Eden: 13824K(13824K)->0K(15872K) From: 13952K(79872K)->13920K(79360K)
[5.218s][info][gc,heap        ] GC(104) ParOldGen: 824208K(925696K)->838224K(925696K)
[5.218s][info][gc,metaspace   ] GC(104) Metaspace: 6302K(6464K)->6302K(6464K) NonClass: 5769K(5824K)->5769K(5824K) Class: 533K(640K)->533K(640K)
[5.218s][info][gc             ] GC(104) Pause Young (Allocation Failure) 832M->832M(997M) 18.372ms
[5.218s][info][gc,cpu         ] GC(104) User=0.03s Sys=0.00s Real=0.02s
[5.235s][info][gc,start       ] GC(105) Pause Young (Allocation Failure)
[5.254s][info][gc,heap        ] GC(105) PSYoungGen: 29792K(95232K)->15968K(95232K) Eden: 15872K(15872K)->0K(15872K) From: 13920K(79360K)->15968K(79360K)
[5.254s][info][gc,heap        ] GC(105) ParOldGen: 838224K(925696K)->852232K(925696K)
[5.254s][info][gc,metaspace   ] GC(105) Metaspace: 6302K(6464K)->6302K(6464K) NonClass: 5769K(5824K)->5769K(5824K) Class: 533K(640K)->533K(640K)
[5.255s][info][gc             ] GC(105) Pause Young (Allocation Failure) 847M->847M(997M) 19.244ms
[5.255s][info][gc,cpu         ] GC(105) User=0.03s Sys=0.00s Real=0.02s
[5.272s][info][gc,start       ] GC(106) Pause Young (Allocation Failure)
[5.292s][info][gc,heap        ] GC(106) PSYoungGen: 31840K(95232K)->15968K(91648K) Eden: 15872K(15872K)->0K(17920K) From: 15968K(79360K)->15968K(73728K)
[5.292s][info][gc,heap        ] GC(106) ParOldGen: 852232K(925696K)->868328K(925696K)
[5.292s][info][gc,metaspace   ] GC(106) Metaspace: 6302K(6464K)->6302K(6464K) NonClass: 5769K(5824K)->5769K(5824K) Class: 533K(640K)->533K(640K)
[5.292s][info][gc             ] GC(106) Pause Young (Allocation Failure) 863M->863M(993M) 20.286ms
[5.292s][info][gc,cpu         ] GC(106) User=0.03s Sys=0.02s Real=0.02s
[5.312s][info][gc,start       ] GC(107) Pause Young (Allocation Failure)
[5.332s][info][gc,heap        ] GC(107) PSYoungGen: 33888K(91648K)->18016K(36352K) Eden: 17920K(17920K)->0K(17920K) From: 15968K(73728K)->18016K(18432K)
[5.332s][info][gc,heap        ] GC(107) ParOldGen: 868328K(925696K)->884424K(925696K)
[5.332s][info][gc,metaspace   ] GC(107) Metaspace: 6302K(6464K)->6302K(6464K) NonClass: 5769K(5824K)->5769K(5824K) Class: 533K(640K)->533K(640K)
[5.332s][info][gc             ] GC(107) Pause Young (Allocation Failure) 881M->881M(939M) 20.613ms
[5.332s][info][gc,cpu         ] GC(107) User=0.03s Sys=0.00s Real=0.02s
[5.353s][info][gc,start       ] GC(108) Pause Young (Allocation Failure)
[5.375s][info][gc,heap        ] GC(108) PSYoungGen: 35936K(36352K)->18048K(88064K) Eden: 17920K(17920K)->0K(19968K) From: 18016K(18432K)->18048K(68096K)
[5.375s][info][gc,heap        ] GC(108) ParOldGen: 884424K(925696K)->902592K(925696K)
[5.375s][info][gc,metaspace   ] GC(108) Metaspace: 6302K(6464K)->6302K(6464K) NonClass: 5769K(5824K)->5769K(5824K) Class: 533K(640K)->533K(640K)
[5.375s][info][gc             ] GC(108) Pause Young (Allocation Failure) 898M->899M(990M) 22.194ms
[5.375s][info][gc,cpu         ] GC(108) User=0.11s Sys=0.02s Real=0.02s
[5.375s][info][gc,start       ] GC(109) Pause Full (Ergonomics)
[5.375s][info][gc,phases,start] GC(109) Marking Phase
[5.585s][info][gc,phases      ] GC(109) Marking Phase 209.969ms
[5.585s][info][gc,phases,start] GC(109) Summary Phase
[5.585s][info][gc,phases      ] GC(109) Summary Phase 0.032ms
[5.586s][info][gc,phases,start] GC(109) Adjust Roots
[5.586s][info][gc,phases      ] GC(109) Adjust Roots 0.240ms
[5.586s][info][gc,phases,start] GC(109) Compaction Phase
[5.678s][info][gc,phases      ] GC(109) Compaction Phase 92.499ms
[5.678s][info][gc,phases,start] GC(109) Post Compact
[5.680s][info][gc,phases      ] GC(109) Post Compact 1.608ms
[5.680s][info][gc,heap        ] GC(109) PSYoungGen: 18048K(88064K)->0K(90624K) Eden: 0K(19968K)->0K(19968K) From: 18048K(68096K)->0K(70656K)
[5.680s][info][gc,heap        ] GC(109) ParOldGen: 902592K(925696K)->919166K(1021952K)
[5.680s][info][gc,metaspace   ] GC(109) Metaspace: 6302K(6464K)->6302K(6464K) NonClass: 5769K(5824K)->5769K(5824K) Class: 533K(640K)->533K(640K)
[5.680s][info][gc             ] GC(109) Pause Full (Ergonomics) 899M->897M(1086M) 305.114ms
[5.680s][info][gc,cpu         ] GC(109) User=2.19s Sys=0.03s Real=0.31s
[5.705s][info][gc,start       ] GC(110) Pause Young (Allocation Failure)
[5.720s][info][gc,heap        ] GC(110) PSYoungGen: 19968K(90624K)->20096K(87040K) Eden: 19968K(19968K)->0K(22016K) From: 0K(70656K)->20096K(65024K)
[5.720s][info][gc,heap        ] GC(110) ParOldGen: 919166K(1021952K)->919166K(1021952K)
[5.720s][info][gc,metaspace   ] GC(110) Metaspace: 6302K(6464K)->6302K(6464K) NonClass: 5769K(5824K)->5769K(5824K) Class: 533K(640K)->533K(640K)
[5.720s][info][gc             ] GC(110) Pause Young (Allocation Failure) 917M->917M(1083M) 15.405ms
[5.720s][info][gc,cpu         ] GC(110) User=0.03s Sys=0.00s Real=0.02s
[5.770s][info][gc,start       ] GC(111) Pause Young (Allocation Failure)
[5.793s][info][gc,heap        ] GC(111) PSYoungGen: 42112K(87040K)->42144K(90112K) Eden: 22016K(22016K)->0K(22016K) From: 20096K(65024K)->42144K(68096K)
[5.793s][info][gc,heap        ] GC(111) ParOldGen: 919166K(1021952K)->919166K(1021952K)
[5.793s][info][gc,metaspace   ] GC(111) Metaspace: 6302K(6464K)->6302K(6464K) NonClass: 5769K(5824K)->5769K(5824K) Class: 533K(640K)->533K(640K)
[5.793s][info][gc             ] GC(111) Pause Young (Allocation Failure) 938M->938M(1086M) 22.555ms
[5.793s][info][gc,cpu         ] GC(111) User=0.14s Sys=0.00s Real=0.02s
[5.817s][info][gc,start       ] GC(112) Pause Young (Allocation Failure)
[5.849s][info][gc,heap        ] GC(112) PSYoungGen: 64160K(90112K)->64192K(84992K) Eden: 22016K(22016K)->0K(15360K) From: 42144K(68096K)->64192K(69632K)
[5.849s][info][gc,heap        ] GC(112) ParOldGen: 919166K(1021952K)->919166K(1021952K)
[5.849s][info][gc,metaspace   ] GC(112) Metaspace: 6302K(6464K)->6302K(6464K) NonClass: 5769K(5824K)->5769K(5824K) Class: 533K(640K)->533K(640K)
[5.849s][info][gc             ] GC(112) Pause Young (Allocation Failure) 960M->960M(1081M) 32.259ms
[5.849s][info][gc,cpu         ] GC(112) User=0.14s Sys=0.00s Real=0.03s
[5.866s][info][gc,start       ] GC(113) Pause Young (Allocation Failure)
[5.904s][info][gc,heap        ] GC(113) PSYoungGen: 79552K(84992K)->78336K(93696K) Eden: 15360K(15360K)->0K(15360K) From: 64192K(69632K)->78336K(78336K)
[5.904s][info][gc,heap        ] GC(113) ParOldGen: 919166K(1021952K)->920270K(1021952K)
[5.904s][info][gc,metaspace   ] GC(113) Metaspace: 6302K(6464K)->6302K(6464K) NonClass: 5769K(5824K)->5769K(5824K) Class: 533K(640K)->533K(640K)
[5.904s][info][gc             ] GC(113) Pause Young (Allocation Failure) 975M->975M(1089M) 38.086ms
[5.904s][info][gc,cpu         ] GC(113) User=0.23s Sys=0.03s Real=0.04s
[5.922s][info][gc,start       ] GC(114) Pause Young (Allocation Failure)
[5.967s][info][gc,heap        ] GC(114) PSYoungGen: 93696K(93696K)->52352K(108544K) Eden: 15360K(15360K)->0K(16896K) From: 78336K(78336K)->52352K(91648K)
[5.968s][info][gc,heap        ] GC(114) ParOldGen: 920270K(1021952K)->962278K(1021952K)
[5.968s][info][gc,metaspace   ] GC(114) Metaspace: 6302K(6464K)->6302K(6464K) NonClass: 5769K(5824K)->5769K(5824K) Class: 533K(640K)->533K(640K)
[5.968s][info][gc             ] GC(114) Pause Young (Allocation Failure) 990M->990M(1104M) 45.421ms
[5.968s][info][gc,cpu         ] GC(114) User=0.22s Sys=0.05s Real=0.05s
[5.986s][info][gc,start       ] GC(115) Pause Young (Allocation Failure)
[6.021s][info][gc,heap        ] GC(115) PSYoungGen: 69248K(108544K)->47520K(108544K) Eden: 16896K(16896K)->0K(16896K) From: 52352K(91648K)->47520K(91648K)
[6.021s][info][gc,heap        ] GC(115) ParOldGen: 962278K(1021952K)->984190K(1021952K)
[6.021s][info][gc,metaspace   ] GC(115) Metaspace: 6302K(6464K)->6302K(6464K) NonClass: 5769K(5824K)->5769K(5824K) Class: 533K(640K)->533K(640K)
[6.021s][info][gc             ] GC(115) Pause Young (Allocation Failure) 1007M->1007M(1104M) 34.698ms
[6.021s][info][gc,cpu         ] GC(115) User=0.20s Sys=0.05s Real=0.03s
[6.021s][info][gc,start       ] GC(116) Pause Full (Ergonomics)
[6.021s][info][gc,phases,start] GC(116) Marking Phase
[6.255s][info][gc,phases      ] GC(116) Marking Phase 233.578ms
[6.255s][info][gc,phases,start] GC(116) Summary Phase
[6.255s][info][gc,phases      ] GC(116) Summary Phase 0.032ms
[6.255s][info][gc,phases,start] GC(116) Adjust Roots
[6.255s][info][gc,phases      ] GC(116) Adjust Roots 0.204ms
[6.255s][info][gc,phases,start] GC(116) Compaction Phase
[6.349s][info][gc,phases      ] GC(116) Compaction Phase 93.963ms
[6.349s][info][gc,phases,start] GC(116) Post Compact
[6.351s][info][gc,phases      ] GC(116) Post Compact 1.719ms
[6.351s][info][gc,heap        ] GC(116) PSYoungGen: 47520K(108544K)->9036K(108544K) Eden: 0K(16896K)->0K(16896K) From: 47520K(91648K)->9036K(91648K)
[6.351s][info][gc,heap        ] GC(116) ParOldGen: 984190K(1021952K)->1021555K(1137664K)
[6.351s][info][gc,metaspace   ] GC(116) Metaspace: 6302K(6464K)->6302K(6464K) NonClass: 5769K(5824K)->5769K(5824K) Class: 533K(640K)->533K(640K)
[6.351s][info][gc             ] GC(116) Pause Full (Ergonomics) 1007M->1006M(1217M) 330.207ms
[6.351s][info][gc,cpu         ] GC(116) User=2.42s Sys=0.02s Real=0.33s
[6.372s][info][gc,start       ] GC(117) Pause Young (Allocation Failure)
[6.429s][info][gc,heap        ] GC(117) PSYoungGen: 25932K(108544K)->22848K(104448K) Eden: 16896K(16896K)->0K(18944K) From: 9036K(91648K)->22848K(85504K)
[6.429s][info][gc,heap        ] GC(117) ParOldGen: 1021555K(1137664K)->1024875K(1137664K)
[6.429s][info][gc,metaspace   ] GC(117) Metaspace: 6302K(6464K)->6302K(6464K) NonClass: 5769K(5824K)->5769K(5824K) Class: 533K(640K)->533K(640K)
[6.429s][info][gc             ] GC(117) Pause Young (Allocation Failure) 1022M->1023M(1213M) 56.888ms
[6.429s][info][gc,cpu         ] GC(117) User=0.38s Sys=0.00s Real=0.06s
[6.450s][info][gc,start       ] GC(118) Pause Young (Allocation Failure)
[6.474s][info][gc,heap        ] GC(118) PSYoungGen: 41792K(104448K)->35936K(55296K) Eden: 18944K(18944K)->0K(18944K) From: 22848K(85504K)->35936K(36352K)
[6.474s][info][gc,heap        ] GC(118) ParOldGen: 1024875K(1137664K)->1030755K(1137664K)
[6.474s][info][gc,metaspace   ] GC(118) Metaspace: 6302K(6464K)->6302K(6464K) NonClass: 5769K(5824K)->5769K(5824K) Class: 533K(640K)->533K(640K)
[6.474s][info][gc             ] GC(118) Pause Young (Allocation Failure) 1041M->1041M(1165M) 24.457ms
[6.474s][info][gc,cpu         ] GC(118) User=0.12s Sys=0.00s Real=0.02s
[6.496s][info][gc,start       ] GC(119) Pause Young (Allocation Failure)
[6.526s][info][gc,heap        ] GC(119) PSYoungGen: 54880K(55296K)->38016K(95744K) Eden: 18944K(18944K)->0K(21504K) From: 35936K(36352K)->38016K(74240K)
[6.526s][info][gc,heap        ] GC(119) ParOldGen: 1030755K(1137664K)->1047883K(1137664K)
[6.526s][info][gc,metaspace   ] GC(119) Metaspace: 6302K(6464K)->6302K(6464K) NonClass: 5769K(5824K)->5769K(5824K) Class: 533K(640K)->533K(640K)
[6.526s][info][gc             ] GC(119) Pause Young (Allocation Failure) 1060M->1060M(1204M) 29.966ms
[6.526s][info][gc,cpu         ] GC(119) User=0.12s Sys=0.00s Real=0.03s
[6.551s][info][gc,start       ] GC(120) Pause Young (Allocation Failure)
[6.583s][info][gc,heap        ] GC(120) PSYoungGen: 59520K(95744K)->40608K(99840K) Eden: 21504K(21504K)->0K(21504K) From: 38016K(74240K)->40608K(78336K)
[6.583s][info][gc,heap        ] GC(120) ParOldGen: 1047883K(1137664K)->1067091K(1137664K)
[6.583s][info][gc,metaspace   ] GC(120) Metaspace: 6302K(6464K)->6302K(6464K) NonClass: 5769K(5824K)->5769K(5824K) Class: 533K(640K)->533K(640K)
[6.584s][info][gc             ] GC(120) Pause Young (Allocation Failure) 1081M->1081M(1208M) 32.799ms
[6.584s][info][gc,cpu         ] GC(120) User=0.14s Sys=0.00s Real=0.03s
[6.607s][info][gc,start       ] GC(121) Pause Young (Allocation Failure)
[6.641s][info][gc,heap        ] GC(121) PSYoungGen: 62112K(99840K)->43168K(95744K) Eden: 21504K(21504K)->0K(24064K) From: 40608K(78336K)->43168K(71680K)
[6.641s][info][gc,heap        ] GC(121) ParOldGen: 1067091K(1137664K)->1086291K(1137664K)
[6.641s][info][gc,metaspace   ] GC(121) Metaspace: 6302K(6464K)->6302K(6464K) NonClass: 5769K(5824K)->5769K(5824K) Class: 533K(640K)->533K(640K)
[6.641s][info][gc             ] GC(121) Pause Young (Allocation Failure) 1102M->1102M(1204M) 33.700ms
[6.641s][info][gc,cpu         ] GC(121) User=0.14s Sys=0.02s Real=0.03s
[6.667s][info][gc,start       ] GC(122) Pause Young (Allocation Failure)
[6.703s][info][gc,heap        ] GC(122) PSYoungGen: 67232K(95744K)->45696K(97792K) Eden: 24064K(24064K)->0K(24064K) From: 43168K(71680K)->45696K(73728K)
[6.704s][info][gc,heap        ] GC(122) ParOldGen: 1086291K(1137664K)->1108091K(1137664K)
[6.704s][info][gc,metaspace   ] GC(122) Metaspace: 6302K(6464K)->6302K(6464K) NonClass: 5769K(5824K)->5769K(5824K) Class: 533K(640K)->533K(640K)
[6.704s][info][gc             ] GC(122) Pause Young (Allocation Failure) 1126M->1126M(1206M) 36.233ms
[6.704s][info][gc,cpu         ] GC(122) User=0.25s Sys=0.00s Real=0.04s
[6.704s][info][gc,start       ] GC(123) Pause Full (Ergonomics)
[6.704s][info][gc,phases,start] GC(123) Marking Phase
[6.968s][info][gc,phases      ] GC(123) Marking Phase 264.141ms
[6.968s][info][gc,phases,start] GC(123) Summary Phase
[6.968s][info][gc,phases      ] GC(123) Summary Phase 0.083ms
[6.968s][info][gc,phases,start] GC(123) Adjust Roots
[6.968s][info][gc,phases      ] GC(123) Adjust Roots 0.198ms
[6.968s][info][gc,phases,start] GC(123) Compaction Phase
[7.075s][info][gc,phases      ] GC(123) Compaction Phase 107.051ms
[7.075s][info][gc,phases,start] GC(123) Post Compact
[7.077s][info][gc,phases      ] GC(123) Post Compact 2.072ms
[7.078s][info][gc,heap        ] GC(123) PSYoungGen: 45696K(97792K)->14852K(97792K) Eden: 0K(24064K)->0K(24064K) From: 45696K(73728K)->14852K(73728K)
[7.078s][info][gc,heap        ] GC(123) ParOldGen: 1108091K(1137664K)->1137414K(1257984K)
[7.078s][info][gc,metaspace   ] GC(123) Metaspace: 6302K(6464K)->6302K(6464K) NonClass: 5769K(5824K)->5769K(5824K) Class: 533K(640K)->533K(640K)
[7.078s][info][gc             ] GC(123) Pause Full (Ergonomics) 1126M->1125M(1324M) 374.342ms
[7.078s][info][gc,cpu         ] GC(123) User=2.67s Sys=0.02s Real=0.37s
[7.106s][info][gc,start       ] GC(124) Pause Young (Allocation Failure)
[7.175s][info][gc,heap        ] GC(124) PSYoungGen: 38916K(97792K)->32384K(94208K) Eden: 24064K(24064K)->0K(26624K) From: 14852K(73728K)->32384K(67584K)
[7.175s][info][gc,heap        ] GC(124) ParOldGen: 1137414K(1257984K)->1144230K(1257984K)
[7.175s][info][gc,metaspace   ] GC(124) Metaspace: 6302K(6464K)->6302K(6464K) NonClass: 5769K(5824K)->5769K(5824K) Class: 533K(640K)->533K(640K)
[7.176s][info][gc             ] GC(124) Pause Young (Allocation Failure) 1148M->1149M(1320M) 69.015ms
[7.176s][info][gc,cpu         ] GC(124) User=0.38s Sys=0.00s Real=0.07s
[7.208s][info][gc,start       ] GC(125) Pause Young (Allocation Failure)
[7.241s][info][gc,heap        ] GC(125) PSYoungGen: 59008K(94208K)->59008K(97280K) Eden: 26624K(26624K)->0K(26624K) From: 32384K(67584K)->59008K(70656K)
[7.241s][info][gc,heap        ] GC(125) ParOldGen: 1144230K(1257984K)->1144230K(1257984K)
[7.241s][info][gc,metaspace   ] GC(125) Metaspace: 6302K(6464K)->6302K(6464K) NonClass: 5769K(5824K)->5769K(5824K) Class: 533K(640K)->533K(640K)
[7.241s][info][gc             ] GC(125) Pause Young (Allocation Failure) 1175M->1175M(1323M) 33.054ms
[7.241s][info][gc,cpu         ] GC(125) User=0.16s Sys=0.00s Real=0.03s
[7.275s][info][gc,start       ] GC(126) Pause Young (Allocation Failure)
[7.320s][info][gc,heap        ] GC(126) PSYoungGen: 85632K(97280K)->75264K(91648K) Eden: 26624K(26624K)->0K(16384K) From: 59008K(70656K)->75264K(75264K)
[7.320s][info][gc,heap        ] GC(126) ParOldGen: 1144230K(1257984K)->1154662K(1257984K)
[7.320s][info][gc,metaspace   ] GC(126) Metaspace: 6302K(6464K)->6302K(6464K) NonClass: 5769K(5824K)->5769K(5824K) Class: 533K(640K)->533K(640K)
[7.320s][info][gc             ] GC(126) Pause Young (Allocation Failure) 1201M->1201M(1318M) 45.742ms
[7.320s][info][gc,cpu         ] GC(126) User=0.22s Sys=0.03s Real=0.05s
[7.340s][info][gc,start       ] GC(127) Pause Young (Allocation Failure)
[7.389s][info][gc,heap        ] GC(127) PSYoungGen: 91648K(91648K)->64288K(104960K) Eden: 16384K(16384K)->0K(16384K) From: 75264K(75264K)->64288K(88576K)
[7.389s][info][gc,heap        ] GC(127) ParOldGen: 1154662K(1257984K)->1182486K(1257984K)
[7.389s][info][gc,metaspace   ] GC(127) Metaspace: 6302K(6464K)->6302K(6464K) NonClass: 5769K(5824K)->5769K(5824K) Class: 533K(640K)->533K(640K)
[7.389s][info][gc             ] GC(127) Pause Young (Allocation Failure) 1217M->1217M(1331M) 49.144ms
[7.389s][info][gc,cpu         ] GC(127) User=0.27s Sys=0.02s Real=0.05s
[7.409s][info][gc,start       ] GC(128) Pause Young (Allocation Failure)
[7.450s][info][gc,heap        ] GC(128) PSYoungGen: 80672K(104960K)->56672K(109568K) Eden: 16384K(16384K)->0K(18944K) From: 64288K(88576K)->56672K(90624K)
[7.450s][info][gc,heap        ] GC(128) ParOldGen: 1182486K(1257984K)->1206782K(1257984K)
[7.450s][info][gc,metaspace   ] GC(128) Metaspace: 6302K(6464K)->6302K(6464K) NonClass: 5769K(5824K)->5769K(5824K) Class: 533K(640K)->533K(640K)
[7.451s][info][gc             ] GC(128) Pause Young (Allocation Failure) 1233M->1233M(1335M) 41.584ms
[7.451s][info][gc,cpu         ] GC(128) User=0.27s Sys=0.00s Real=0.04s
[7.473s][info][gc,start       ] GC(129) Pause Young (Allocation Failure)
[7.514s][info][gc,heap        ] GC(129) PSYoungGen: 75616K(109568K)->35456K(109568K) Eden: 18944K(18944K)->0K(18944K) From: 56672K(90624K)->35456K(90624K)
[7.514s][info][gc,heap        ] GC(129) ParOldGen: 1206782K(1257984K)->1247486K(1257984K)
[7.514s][info][gc,metaspace   ] GC(129) Metaspace: 6302K(6464K)->6302K(6464K) NonClass: 5769K(5824K)->5769K(5824K) Class: 533K(640K)->533K(640K)
[7.514s][info][gc             ] GC(129) Pause Young (Allocation Failure) 1252M->1252M(1335M) 41.092ms
[7.514s][info][gc,cpu         ] GC(129) User=0.23s Sys=0.03s Real=0.04s
[7.514s][info][gc,start       ] GC(130) Pause Full (Ergonomics)
[7.514s][info][gc,phases,start] GC(130) Marking Phase
[7.817s][info][gc,phases      ] GC(130) Marking Phase 302.160ms
[7.817s][info][gc,phases,start] GC(130) Summary Phase
[7.817s][info][gc,phases      ] GC(130) Summary Phase 0.027ms
[7.817s][info][gc,phases,start] GC(130) Adjust Roots
[7.817s][info][gc,phases      ] GC(130) Adjust Roots 0.225ms
[7.817s][info][gc,phases,start] GC(130) Compaction Phase
[7.928s][info][gc,phases      ] GC(130) Compaction Phase 110.890ms
[7.928s][info][gc,phases,start] GC(130) Post Compact
[7.930s][info][gc,phases      ] GC(130) Post Compact 2.049ms
[7.930s][info][gc,heap        ] GC(130) PSYoungGen: 35456K(109568K)->23511K(109568K) Eden: 0K(18944K)->0K(18944K) From: 35456K(90624K)->23511K(90624K)
[7.930s][info][gc,heap        ] GC(130) ParOldGen: 1247486K(1257984K)->1257593K(1365504K)
[7.930s][info][gc,metaspace   ] GC(130) Metaspace: 6302K(6464K)->6302K(6464K) NonClass: 5769K(5824K)->5769K(5824K) Class: 533K(640K)->533K(640K)
[7.930s][info][gc             ] GC(130) Pause Full (Ergonomics) 1252M->1251M(1440M) 416.048ms
[7.930s][info][gc,cpu         ] GC(130) User=2.95s Sys=0.02s Real=0.42s
[7.956s][info][gc,start       ] GC(131) Pause Young (Allocation Failure)
[8.032s][info][gc,heap        ] GC(131) PSYoungGen: 42455K(109568K)->19104K(109568K) Eden: 18944K(18944K)->0K(20992K) From: 23511K(90624K)->19104K(88576K)
[8.032s][info][gc,heap        ] GC(131) ParOldGen: 1257593K(1365504K)->1281481K(1365504K)
[8.032s][info][gc,metaspace   ] GC(131) Metaspace: 6302K(6464K)->6302K(6464K) NonClass: 5769K(5824K)->5769K(5824K) Class: 533K(640K)->533K(640K)
[8.032s][info][gc             ] GC(131) Pause Young (Allocation Failure) 1269M->1270M(1440M) 75.743ms
[8.032s][info][gc,cpu         ] GC(131) User=0.41s Sys=0.00s Real=0.08s
[8.050s][info][gc,start       ] GC(132) Pause Young (Allocation Failure)
[8.071s][info][gc,heap        ] GC(132) PSYoungGen: 40096K(109568K)->11584K(110080K) Eden: 20992K(20992K)->0K(20992K) From: 19104K(88576K)->11584K(89088K)
[8.071s][info][gc,heap        ] GC(132) ParOldGen: 1281481K(1365504K)->1300697K(1365504K)
[8.071s][info][gc,metaspace   ] GC(132) Metaspace: 6302K(6464K)->6302K(6464K) NonClass: 5769K(5824K)->5769K(5824K) Class: 533K(640K)->533K(640K)
[8.071s][info][gc             ] GC(132) Pause Young (Allocation Failure) 1290M->1281M(1441M) 21.519ms
[8.072s][info][gc,cpu         ] GC(132) User=0.14s Sys=0.00s Real=0.02s
[8.090s][info][gc,start       ] GC(133) Pause Young (Allocation Failure)
[8.109s][info][gc,heap        ] GC(133) PSYoungGen: 32576K(110080K)->12384K(112640K) Eden: 20992K(20992K)->0K(23552K) From: 11584K(89088K)->12384K(89088K)
[8.109s][info][gc,heap        ] GC(133) ParOldGen: 1300697K(1365504K)->1312313K(1365504K)
[8.109s][info][gc,metaspace   ] GC(133) Metaspace: 6302K(6464K)->6302K(6464K) NonClass: 5769K(5824K)->5769K(5824K) Class: 533K(640K)->533K(640K)
[8.109s][info][gc             ] GC(133) Pause Young (Allocation Failure) 1302M->1293M(1443M) 18.901ms
[8.109s][info][gc,cpu         ] GC(133) User=0.03s Sys=0.00s Real=0.02s
[8.140s][info][gc,start       ] GC(134) Pause Young (Allocation Failure)
[8.164s][info][gc,heap        ] GC(134) PSYoungGen: 35936K(112640K)->23680K(113152K) Eden: 23552K(23552K)->0K(23552K) From: 12384K(89088K)->23680K(89600K)
[8.164s][info][gc,heap        ] GC(134) ParOldGen: 1312313K(1365504K)->1324729K(1365504K)
[8.164s][info][gc,metaspace   ] GC(134) Metaspace: 6302K(6464K)->6302K(6464K) NonClass: 5769K(5824K)->5769K(5824K) Class: 533K(640K)->533K(640K)
[8.164s][info][gc             ] GC(134) Pause Young (Allocation Failure) 1316M->1316M(1444M) 24.047ms
[8.164s][info][gc,cpu         ] GC(134) User=0.11s Sys=0.02s Real=0.03s
[8.192s][info][gc,start       ] GC(135) Pause Young (Allocation Failure)
[8.221s][info][gc,heap        ] GC(135) PSYoungGen: 47232K(113152K)->23680K(107008K) Eden: 23552K(23552K)->0K(26112K) From: 23680K(89600K)->23680K(80896K)
[8.221s][info][gc,heap        ] GC(135) ParOldGen: 1324729K(1365504K)->1348625K(1365504K)
[8.221s][info][gc,metaspace   ] GC(135) Metaspace: 6302K(6464K)->6302K(6464K) NonClass: 5769K(5824K)->5769K(5824K) Class: 533K(640K)->533K(640K)
[8.221s][info][gc             ] GC(135) Pause Young (Allocation Failure) 1339M->1340M(1438M) 29.297ms
[8.221s][info][gc,cpu         ] GC(135) User=0.14s Sys=0.00s Real=0.03s
[8.221s][info][gc,start       ] GC(136) Pause Full (Ergonomics)
[8.221s][info][gc,phases,start] GC(136) Marking Phase
[8.535s][info][gc,phases      ] GC(136) Marking Phase 314.284ms
[8.535s][info][gc,phases,start] GC(136) Summary Phase
[8.535s][info][gc,phases      ] GC(136) Summary Phase 0.027ms
[8.535s][info][gc,phases,start] GC(136) Adjust Roots
[8.536s][info][gc,phases      ] GC(136) Adjust Roots 0.305ms
[8.536s][info][gc,phases,start] GC(136) Compaction Phase
[8.910s][info][gc,phases      ] GC(136) Compaction Phase 373.974ms
[8.910s][info][gc,phases,start] GC(136) Post Compact
[8.912s][info][gc,phases      ] GC(136) Post Compact 2.599ms
[8.912s][info][gc,heap        ] GC(136) PSYoungGen: 23680K(107008K)->5635K(110080K) Eden: 0K(26112K)->0K(29184K) From: 23680K(80896K)->5635K(80896K)
[8.912s][info][gc,heap        ] GC(136) ParOldGen: 1348625K(1365504K)->1365039K(1365504K)
[8.912s][info][gc,metaspace   ] GC(136) Metaspace: 6302K(6464K)->6302K(6464K) NonClass: 5769K(5824K)->5769K(5824K) Class: 533K(640K)->533K(640K)
[8.912s][info][gc             ] GC(136) Pause Full (Ergonomics) 1340M->1338M(1441M) 691.560ms
[8.913s][info][gc,cpu         ] GC(136) User=5.06s Sys=0.05s Real=0.69s
[8.952s][info][gc,start       ] GC(137) Pause Full (Ergonomics)
[8.952s][info][gc,phases,start] GC(137) Marking Phase
[9.277s][info][gc,phases      ] GC(137) Marking Phase 325.337ms
[9.277s][info][gc,phases,start] GC(137) Summary Phase
[9.277s][info][gc,phases      ] GC(137) Summary Phase 0.046ms
[9.277s][info][gc,phases,start] GC(137) Adjust Roots
[9.277s][info][gc,phases      ] GC(137) Adjust Roots 0.203ms
[9.277s][info][gc,phases,start] GC(137) Compaction Phase
[9.365s][info][gc,phases      ] GC(137) Compaction Phase 87.697ms
[9.365s][info][gc,phases,start] GC(137) Post Compact
[9.368s][info][gc,phases      ] GC(137) Post Compact 2.337ms
[9.368s][info][gc,heap        ] GC(137) PSYoungGen: 34819K(110080K)->34784K(110080K) Eden: 29184K(29184K)->29148K(29184K) From: 5635K(80896K)->5635K(80896K)
[9.368s][info][gc,heap        ] GC(137) ParOldGen: 1365039K(1365504K)->1365039K(1365504K)
[9.368s][info][gc,metaspace   ] GC(137) Metaspace: 6302K(6464K)->6302K(6464K) NonClass: 5769K(5824K)->5769K(5824K) Class: 533K(640K)->533K(640K)
[9.368s][info][gc             ] GC(137) Pause Full (Ergonomics) 1367M->1367M(1441M) 416.040ms
[9.368s][info][gc,cpu         ] GC(137) User=3.08s Sys=0.03s Real=0.42s
[9.368s][info][gc,start       ] GC(138) Pause Full (Ergonomics)
[9.368s][info][gc,phases,start] GC(138) Marking Phase
[9.701s][info][gc,phases      ] GC(138) Marking Phase 333.103ms
[9.701s][info][gc,phases,start] GC(138) Summary Phase
[9.701s][info][gc,phases      ] GC(138) Summary Phase 0.026ms
[9.701s][info][gc,phases,start] GC(138) Adjust Roots
[9.702s][info][gc,phases      ] GC(138) Adjust Roots 0.207ms
[9.702s][info][gc,phases,start] GC(138) Compaction Phase
[9.783s][info][gc,phases      ] GC(138) Compaction Phase 81.902ms
[9.783s][info][gc,phases,start] GC(138) Post Compact
[9.786s][info][gc,phases      ] GC(138) Post Compact 2.219ms
[9.786s][info][gc,heap        ] GC(138) PSYoungGen: 34819K(110080K)->34819K(110080K) Eden: 29184K(29184K)->29183K(29184K) From: 5635K(80896K)->5635K(80896K)
[9.786s][info][gc,heap        ] GC(138) ParOldGen: 1365039K(1365504K)->1365039K(1365504K)
[9.786s][info][gc,metaspace   ] GC(138) Metaspace: 6302K(6464K)->6302K(6464K) NonClass: 5769K(5824K)->5769K(5824K) Class: 533K(640K)->533K(640K)
[9.786s][info][gc             ] GC(138) Pause Full (Ergonomics) 1367M->1367M(1441M) 417.776ms
[9.786s][info][gc,cpu         ] GC(138) User=3.05s Sys=0.02s Real=0.42s
[9.786s][info][gc,start       ] GC(139) Pause Full (Ergonomics)
[9.786s][info][gc,phases,start] GC(139) Marking Phase
[10.110s][info][gc,phases      ] GC(139) Marking Phase 323.851ms
[10.110s][info][gc,phases,start] GC(139) Summary Phase
[10.110s][info][gc,phases      ] GC(139) Summary Phase 0.038ms
[10.110s][info][gc,phases,start] GC(139) Adjust Roots
[10.110s][info][gc,phases      ] GC(139) Adjust Roots 0.199ms
[10.110s][info][gc,phases,start] GC(139) Compaction Phase
[10.194s][info][gc,phases      ] GC(139) Compaction Phase 83.817ms
[10.194s][info][gc,phases,start] GC(139) Post Compact
[10.196s][info][gc,phases      ] GC(139) Post Compact 2.158ms
[10.196s][info][gc,heap        ] GC(139) PSYoungGen: 34819K(110080K)->34819K(110080K) Eden: 29183K(29184K)->29183K(29184K) From: 5635K(80896K)->5635K(80896K)
[10.196s][info][gc,heap        ] GC(139) ParOldGen: 1365039K(1365504K)->1365039K(1365504K)
[10.196s][info][gc,metaspace   ] GC(139) Metaspace: 6302K(6464K)->6302K(6464K) NonClass: 5769K(5824K)->5769K(5824K) Class: 533K(640K)->533K(640K)
[10.197s][info][gc             ] GC(139) Pause Full (Ergonomics) 1367M->1367M(1441M) 410.412ms
[10.197s][info][gc,cpu         ] GC(139) User=3.12s Sys=0.03s Real=0.41s
[10.197s][info][gc,start       ] GC(140) Pause Full (Ergonomics)
[10.197s][info][gc,phases,start] GC(140) Marking Phase
[10.510s][info][gc,phases      ] GC(140) Marking Phase 313.148ms
[10.510s][info][gc,phases,start] GC(140) Summary Phase
[10.510s][info][gc,phases      ] GC(140) Summary Phase 0.026ms
[10.510s][info][gc,phases,start] GC(140) Adjust Roots
[10.510s][info][gc,phases      ] GC(140) Adjust Roots 0.196ms
[10.510s][info][gc,phases,start] GC(140) Compaction Phase
[10.593s][info][gc,phases      ] GC(140) Compaction Phase 82.482ms
[10.593s][info][gc,phases,start] GC(140) Post Compact
[10.595s][info][gc,phases      ] GC(140) Post Compact 2.070ms
[10.595s][info][gc,heap        ] GC(140) PSYoungGen: 34819K(110080K)->34819K(110080K) Eden: 29183K(29184K)->29183K(29184K) From: 5635K(80896K)->5635K(80896K)
[10.595s][info][gc,heap        ] GC(140) ParOldGen: 1365044K(1365504K)->1365044K(1365504K)
[10.595s][info][gc,metaspace   ] GC(140) Metaspace: 6302K(6464K)->6302K(6464K) NonClass: 5769K(5824K)->5769K(5824K) Class: 533K(640K)->533K(640K)
[10.595s][info][gc             ] GC(140) Pause Full (Ergonomics) 1367M->1367M(1441M) 398.264ms
[10.595s][info][gc,cpu         ] GC(140) User=2.92s Sys=0.02s Real=0.40s
[10.595s][info][gc,start       ] GC(141) Pause Full (Ergonomics)
[10.595s][info][gc,phases,start] GC(141) Marking Phase
[10.912s][info][gc,phases      ] GC(141) Marking Phase 316.815ms
[10.912s][info][gc,phases,start] GC(141) Summary Phase
[10.912s][info][gc,phases      ] GC(141) Summary Phase 0.026ms
[10.912s][info][gc,phases,start] GC(141) Adjust Roots
[10.913s][info][gc,phases      ] GC(141) Adjust Roots 0.210ms
[10.913s][info][gc,phases,start] GC(141) Compaction Phase
[10.995s][info][gc,phases      ] GC(141) Compaction Phase 82.401ms
[10.995s][info][gc,phases,start] GC(141) Post Compact
[10.997s][info][gc,phases      ] GC(141) Post Compact 2.096ms
[10.997s][info][gc,heap        ] GC(141) PSYoungGen: 34819K(110080K)->34819K(110080K) Eden: 29183K(29184K)->29183K(29184K) From: 5635K(80896K)->5635K(80896K)
[10.997s][info][gc,heap        ] GC(141) ParOldGen: 1365049K(1365504K)->1365049K(1365504K)
[10.997s][info][gc,metaspace   ] GC(141) Metaspace: 6302K(6464K)->6302K(6464K) NonClass: 5769K(5824K)->5769K(5824K) Class: 533K(640K)->533K(640K)
[10.997s][info][gc             ] GC(141) Pause Full (Ergonomics) 1367M->1367M(1441M) 401.869ms
[10.997s][info][gc,cpu         ] GC(141) User=3.08s Sys=0.00s Real=0.40s
[10.998s][info][gc,start       ] GC(142) Pause Full (Ergonomics)
[10.998s][info][gc,phases,start] GC(142) Marking Phase
[11.317s][info][gc,phases      ] GC(142) Marking Phase 319.756ms
[11.317s][info][gc,phases,start] GC(142) Summary Phase
[11.317s][info][gc,phases      ] GC(142) Summary Phase 0.036ms
[11.317s][info][gc,phases,start] GC(142) Adjust Roots
[11.318s][info][gc,phases      ] GC(142) Adjust Roots 0.251ms
[11.318s][info][gc,phases,start] GC(142) Compaction Phase
[11.399s][info][gc,phases      ] GC(142) Compaction Phase 81.226ms
[11.399s][info][gc,phases,start] GC(142) Post Compact
[11.401s][info][gc,phases      ] GC(142) Post Compact 2.087ms
[11.401s][info][gc,heap        ] GC(142) PSYoungGen: 34819K(110080K)->34819K(110080K) Eden: 29183K(29184K)->29183K(29184K) From: 5635K(80896K)->5635K(80896K)
[11.401s][info][gc,heap        ] GC(142) ParOldGen: 1365054K(1365504K)->1365054K(1365504K)
[11.401s][info][gc,metaspace   ] GC(142) Metaspace: 6302K(6464K)->6302K(6464K) NonClass: 5769K(5824K)->5769K(5824K) Class: 533K(640K)->533K(640K)
[11.401s][info][gc             ] GC(142) Pause Full (Ergonomics) 1367M->1367M(1441M) 403.675ms
[11.401s][info][gc,cpu         ] GC(142) User=2.89s Sys=0.00s Real=0.40s
[11.401s][info][gc,start       ] GC(143) Pause Full (Ergonomics)
[11.402s][info][gc,phases,start] GC(143) Marking Phase
[11.715s][info][gc,phases      ] GC(143) Marking Phase 313.015ms
[11.715s][info][gc,phases,start] GC(143) Summary Phase
[11.715s][info][gc,phases      ] GC(143) Summary Phase 0.027ms
[11.715s][info][gc,phases,start] GC(143) Adjust Roots
[11.715s][info][gc,phases      ] GC(143) Adjust Roots 0.222ms
[11.715s][info][gc,phases,start] GC(143) Compaction Phase
[11.795s][info][gc,phases      ] GC(143) Compaction Phase 80.485ms
[11.795s][info][gc,phases,start] GC(143) Post Compact
[11.798s][info][gc,phases      ] GC(143) Post Compact 2.082ms
[11.798s][info][gc,heap        ] GC(143) PSYoungGen: 34819K(110080K)->34819K(110080K) Eden: 29183K(29184K)->29183K(29184K) From: 5635K(80896K)->5635K(80896K)
[11.798s][info][gc,heap        ] GC(143) ParOldGen: 1365058K(1365504K)->1365058K(1365504K)
[11.798s][info][gc,metaspace   ] GC(143) Metaspace: 6302K(6464K)->6302K(6464K) NonClass: 5769K(5824K)->5769K(5824K) Class: 533K(640K)->533K(640K)
[11.798s][info][gc             ] GC(143) Pause Full (Ergonomics) 1367M->1367M(1441M) 396.155ms
[11.798s][info][gc,cpu         ] GC(143) User=2.89s Sys=0.03s Real=0.40s
[11.798s][info][gc,start       ] GC(144) Pause Full (Ergonomics)
[11.798s][info][gc,phases,start] GC(144) Marking Phase
[12.121s][info][gc,phases      ] GC(144) Marking Phase 323.002ms
[12.121s][info][gc,phases,start] GC(144) Summary Phase
[12.121s][info][gc,phases      ] GC(144) Summary Phase 0.027ms
[12.121s][info][gc,phases,start] GC(144) Adjust Roots
[12.121s][info][gc,phases      ] GC(144) Adjust Roots 0.207ms
[12.121s][info][gc,phases,start] GC(144) Compaction Phase
[12.205s][info][gc,phases      ] GC(144) Compaction Phase 83.380ms
[12.205s][info][gc,phases,start] GC(144) Post Compact
[12.207s][info][gc,phases      ] GC(144) Post Compact 2.267ms
[12.207s][info][gc,heap        ] GC(144) PSYoungGen: 34819K(110080K)->34819K(110080K) Eden: 29183K(29184K)->29183K(29184K) From: 5635K(80896K)->5635K(80896K)
[12.207s][info][gc,heap        ] GC(144) ParOldGen: 1365063K(1365504K)->1365063K(1365504K)
[12.207s][info][gc,metaspace   ] GC(144) Metaspace: 6302K(6464K)->6302K(6464K) NonClass: 5769K(5824K)->5769K(5824K) Class: 533K(640K)->533K(640K)
[12.207s][info][gc             ] GC(144) Pause Full (Ergonomics) 1367M->1367M(1441M) 409.223ms
[12.207s][info][gc,cpu         ] GC(144) User=2.98s Sys=0.02s Real=0.41s
[12.207s][info][gc,start       ] GC(145) Pause Full (Ergonomics)
[12.207s][info][gc,phases,start] GC(145) Marking Phase
[12.527s][info][gc,phases      ] GC(145) Marking Phase 319.962ms
[12.527s][info][gc,phases,start] GC(145) Summary Phase
[12.528s][info][gc,phases      ] GC(145) Summary Phase 0.027ms
[12.528s][info][gc,phases,start] GC(145) Adjust Roots
[12.528s][info][gc,phases      ] GC(145) Adjust Roots 0.216ms
[12.528s][info][gc,phases,start] GC(145) Compaction Phase
[12.611s][info][gc,phases      ] GC(145) Compaction Phase 82.993ms
[12.611s][info][gc,phases,start] GC(145) Post Compact
[12.613s][info][gc,phases      ] GC(145) Post Compact 2.086ms
[12.613s][info][gc,heap        ] GC(145) PSYoungGen: 34819K(110080K)->34819K(110080K) Eden: 29183K(29184K)->29183K(29184K) From: 5635K(80896K)->5635K(80896K)
[12.613s][info][gc,heap        ] GC(145) ParOldGen: 1365068K(1365504K)->1365068K(1365504K)
[12.613s][info][gc,metaspace   ] GC(145) Metaspace: 6302K(6464K)->6302K(6464K) NonClass: 5769K(5824K)->5769K(5824K) Class: 533K(640K)->533K(640K)
[12.613s][info][gc             ] GC(145) Pause Full (Ergonomics) 1367M->1367M(1441M) 405.597ms
[12.613s][info][gc,cpu         ] GC(145) User=3.05s Sys=0.00s Real=0.40s
[12.613s][info][gc,start       ] GC(146) Pause Full (Ergonomics)
[12.613s][info][gc,phases,start] GC(146) Marking Phase
[12.935s][info][gc,phases      ] GC(146) Marking Phase 321.674ms
[12.935s][info][gc,phases,start] GC(146) Summary Phase
[12.935s][info][gc,phases      ] GC(146) Summary Phase 0.026ms
[12.935s][info][gc,phases,start] GC(146) Adjust Roots
[12.935s][info][gc,phases      ] GC(146) Adjust Roots 0.219ms
[12.935s][info][gc,phases,start] GC(146) Compaction Phase
[13.019s][info][gc,phases      ] GC(146) Compaction Phase 83.181ms
[13.019s][info][gc,phases,start] GC(146) Post Compact
[13.021s][info][gc,phases      ] GC(146) Post Compact 2.077ms
[13.021s][info][gc,heap        ] GC(146) PSYoungGen: 34819K(110080K)->34819K(110080K) Eden: 29183K(29184K)->29183K(29184K) From: 5635K(80896K)->5635K(80896K)
[13.021s][info][gc,heap        ] GC(146) ParOldGen: 1365072K(1365504K)->1365072K(1365504K)
[13.021s][info][gc,metaspace   ] GC(146) Metaspace: 6302K(6464K)->6302K(6464K) NonClass: 5769K(5824K)->5769K(5824K) Class: 533K(640K)->533K(640K)
[13.021s][info][gc             ] GC(146) Pause Full (Ergonomics) 1367M->1367M(1441M) 407.521ms
[13.021s][info][gc,cpu         ] GC(146) User=3.09s Sys=0.02s Real=0.41s
[13.021s][info][gc,start       ] GC(147) Pause Full (Ergonomics)
[13.021s][info][gc,phases,start] GC(147) Marking Phase
[13.339s][info][gc,phases      ] GC(147) Marking Phase 317.879ms
[13.339s][info][gc,phases,start] GC(147) Summary Phase
[13.339s][info][gc,phases      ] GC(147) Summary Phase 0.026ms
[13.339s][info][gc,phases,start] GC(147) Adjust Roots
[13.339s][info][gc,phases      ] GC(147) Adjust Roots 0.225ms
[13.339s][info][gc,phases,start] GC(147) Compaction Phase
[13.423s][info][gc,phases      ] GC(147) Compaction Phase 83.378ms
[13.423s][info][gc,phases,start] GC(147) Post Compact
[13.425s][info][gc,phases      ] GC(147) Post Compact 2.229ms
[13.425s][info][gc,heap        ] GC(147) PSYoungGen: 34819K(110080K)->34819K(110080K) Eden: 29183K(29184K)->29183K(29184K) From: 5635K(80896K)->5635K(80896K)
[13.425s][info][gc,heap        ] GC(147) ParOldGen: 1365077K(1365504K)->1365077K(1365504K)
[13.425s][info][gc,metaspace   ] GC(147) Metaspace: 6302K(6464K)->6302K(6464K) NonClass: 5769K(5824K)->5769K(5824K) Class: 533K(640K)->533K(640K)
[13.425s][info][gc             ] GC(147) Pause Full (Ergonomics) 1367M->1367M(1441M) 404.065ms
[13.425s][info][gc,cpu         ] GC(147) User=3.03s Sys=0.00s Real=0.40s
[13.425s][info][gc,start       ] GC(148) Pause Full (Ergonomics)
[13.426s][info][gc,phases,start] GC(148) Marking Phase
[13.741s][info][gc,phases      ] GC(148) Marking Phase 315.410ms
[13.741s][info][gc,phases,start] GC(148) Summary Phase
[13.741s][info][gc,phases      ] GC(148) Summary Phase 0.027ms
[13.741s][info][gc,phases,start] GC(148) Adjust Roots
[13.741s][info][gc,phases      ] GC(148) Adjust Roots 0.204ms
[13.741s][info][gc,phases,start] GC(148) Compaction Phase
[13.824s][info][gc,phases      ] GC(148) Compaction Phase 83.025ms
[13.824s][info][gc,phases,start] GC(148) Post Compact
[13.826s][info][gc,phases      ] GC(148) Post Compact 2.158ms
[13.827s][info][gc,heap        ] GC(148) PSYoungGen: 34819K(110080K)->34819K(110080K) Eden: 29183K(29184K)->29183K(29184K) From: 5635K(80896K)->5635K(80896K)
[13.827s][info][gc,heap        ] GC(148) ParOldGen: 1365082K(1365504K)->1365082K(1365504K)
[13.827s][info][gc,metaspace   ] GC(148) Metaspace: 6302K(6464K)->6302K(6464K) NonClass: 5769K(5824K)->5769K(5824K) Class: 533K(640K)->533K(640K)
[13.827s][info][gc             ] GC(148) Pause Full (Ergonomics) 1367M->1367M(1441M) 401.142ms
[13.827s][info][gc,cpu         ] GC(148) User=3.17s Sys=0.00s Real=0.40s
[13.827s][info][gc,start       ] GC(149) Pause Full (Ergonomics)
[13.827s][info][gc,phases,start] GC(149) Marking Phase
[14.151s][info][gc,phases      ] GC(149) Marking Phase 324.161ms
[14.151s][info][gc,phases,start] GC(149) Summary Phase
[14.151s][info][gc,phases      ] GC(149) Summary Phase 0.048ms
[14.151s][info][gc,phases,start] GC(149) Adjust Roots
[14.152s][info][gc,phases      ] GC(149) Adjust Roots 0.327ms
[14.152s][info][gc,phases,start] GC(149) Compaction Phase
[14.236s][info][gc,phases      ] GC(149) Compaction Phase 84.851ms
[14.237s][info][gc,phases,start] GC(149) Post Compact
[14.239s][info][gc,phases      ] GC(149) Post Compact 2.186ms
[14.239s][info][gc,heap        ] GC(149) PSYoungGen: 34819K(110080K)->34819K(110080K) Eden: 29183K(29184K)->29183K(29184K) From: 5635K(80896K)->5635K(80896K)
[14.239s][info][gc,heap        ] GC(149) ParOldGen: 1365086K(1365504K)->1365086K(1365504K)
[14.239s][info][gc,metaspace   ] GC(149) Metaspace: 6302K(6464K)->6302K(6464K) NonClass: 5769K(5824K)->5769K(5824K) Class: 533K(640K)->533K(640K)
[14.239s][info][gc             ] GC(149) Pause Full (Ergonomics) 1367M->1367M(1441M) 411.979ms
[14.239s][info][gc,cpu         ] GC(149) User=3.12s Sys=0.00s Real=0.41s
[14.239s][info][gc,start       ] GC(150) Pause Full (Ergonomics)
[14.239s][info][gc,phases,start] GC(150) Marking Phase
[14.568s][info][gc,phases      ] GC(150) Marking Phase 329.236ms
[14.568s][info][gc,phases,start] GC(150) Summary Phase
[14.568s][info][gc,phases      ] GC(150) Summary Phase 0.026ms
[14.568s][info][gc,phases,start] GC(150) Adjust Roots
[14.569s][info][gc,phases      ] GC(150) Adjust Roots 0.200ms
[14.569s][info][gc,phases,start] GC(150) Compaction Phase
[14.651s][info][gc,phases      ] GC(150) Compaction Phase 82.187ms
[14.651s][info][gc,phases,start] GC(150) Post Compact
[14.653s][info][gc,phases      ] GC(150) Post Compact 2.173ms
[14.653s][info][gc,heap        ] GC(150) PSYoungGen: 34819K(110080K)->34819K(110080K) Eden: 29183K(29184K)->29183K(29184K) From: 5635K(80896K)->5635K(80896K)
[14.653s][info][gc,heap        ] GC(150) ParOldGen: 1365091K(1365504K)->1365091K(1365504K)
[14.653s][info][gc,metaspace   ] GC(150) Metaspace: 6302K(6464K)->6302K(6464K) NonClass: 5769K(5824K)->5769K(5824K) Class: 533K(640K)->533K(640K)
[14.653s][info][gc             ] GC(150) Pause Full (Ergonomics) 1367M->1367M(1441M) 414.143ms
[14.653s][info][gc,cpu         ] GC(150) User=3.25s Sys=0.00s Real=0.41s
[14.654s][info][gc,start       ] GC(151) Pause Full (Ergonomics)
[14.654s][info][gc,phases,start] GC(151) Marking Phase
[14.955s][info][gc,phases      ] GC(151) Marking Phase 301.550ms
[14.955s][info][gc,phases,start] GC(151) Summary Phase
[14.955s][info][gc,phases      ] GC(151) Summary Phase 0.026ms
[14.955s][info][gc,phases,start] GC(151) Adjust Roots
[14.955s][info][gc,phases      ] GC(151) Adjust Roots 0.222ms
[14.956s][info][gc,phases,start] GC(151) Compaction Phase
[15.038s][info][gc,phases      ] GC(151) Compaction Phase 82.289ms
[15.038s][info][gc,phases,start] GC(151) Post Compact
[15.040s][info][gc,phases      ] GC(151) Post Compact 2.260ms
[15.040s][info][gc,heap        ] GC(151) PSYoungGen: 34819K(110080K)->34819K(110080K) Eden: 29183K(29184K)->29183K(29184K) From: 5635K(80896K)->5635K(80896K)
[15.040s][info][gc,heap        ] GC(151) ParOldGen: 1365096K(1365504K)->1365096K(1365504K)
[15.040s][info][gc,metaspace   ] GC(151) Metaspace: 6302K(6464K)->6302K(6464K) NonClass: 5769K(5824K)->5769K(5824K) Class: 533K(640K)->533K(640K)
[15.040s][info][gc             ] GC(151) Pause Full (Ergonomics) 1367M->1367M(1441M) 386.679ms
[15.040s][info][gc,cpu         ] GC(151) User=2.80s Sys=0.00s Real=0.39s
[15.041s][info][gc,start       ] GC(152) Pause Full (Ergonomics)
[15.041s][info][gc,phases,start] GC(152) Marking Phase
[15.351s][info][gc,phases      ] GC(152) Marking Phase 310.137ms
[15.351s][info][gc,phases,start] GC(152) Summary Phase
[15.351s][info][gc,phases      ] GC(152) Summary Phase 0.033ms
[15.351s][info][gc,phases,start] GC(152) Adjust Roots
[15.351s][info][gc,phases      ] GC(152) Adjust Roots 0.265ms
[15.351s][info][gc,phases,start] GC(152) Compaction Phase
[15.438s][info][gc,phases      ] GC(152) Compaction Phase 86.772ms
[15.438s][info][gc,phases,start] GC(152) Post Compact
[15.440s][info][gc,phases      ] GC(152) Post Compact 2.442ms
[15.440s][info][gc,heap        ] GC(152) PSYoungGen: 34819K(110080K)->34819K(110080K) Eden: 29183K(29184K)->29183K(29184K) From: 5635K(80896K)->5635K(80896K)
[15.440s][info][gc,heap        ] GC(152) ParOldGen: 1365100K(1365504K)->1365100K(1365504K)
[15.441s][info][gc,metaspace   ] GC(152) Metaspace: 6302K(6464K)->6302K(6464K) NonClass: 5769K(5824K)->5769K(5824K) Class: 533K(640K)->533K(640K)
[15.441s][info][gc             ] GC(152) Pause Full (Ergonomics) 1367M->1367M(1441M) 399.982ms
[15.441s][info][gc,cpu         ] GC(152) User=2.98s Sys=0.05s Real=0.40s
[15.441s][info][gc,start       ] GC(153) Pause Full (Ergonomics)
[15.441s][info][gc,phases,start] GC(153) Marking Phase
[15.765s][info][gc,phases      ] GC(153) Marking Phase 324.065ms
[15.765s][info][gc,phases,start] GC(153) Summary Phase
[15.765s][info][gc,phases      ] GC(153) Summary Phase 0.033ms
[15.765s][info][gc,phases,start] GC(153) Adjust Roots
[15.765s][info][gc,phases      ] GC(153) Adjust Roots 0.200ms
[15.765s][info][gc,phases,start] GC(153) Compaction Phase
[15.849s][info][gc,phases      ] GC(153) Compaction Phase 83.549ms
[15.849s][info][gc,phases,start] GC(153) Post Compact
[15.851s][info][gc,phases      ] GC(153) Post Compact 2.122ms
[15.851s][info][gc,heap        ] GC(153) PSYoungGen: 34819K(110080K)->34819K(110080K) Eden: 29183K(29184K)->29183K(29184K) From: 5635K(80896K)->5635K(80896K)
[15.851s][info][gc,heap        ] GC(153) ParOldGen: 1365105K(1365504K)->1365105K(1365504K)
[15.851s][info][gc,metaspace   ] GC(153) Metaspace: 6302K(6464K)->6302K(6464K) NonClass: 5769K(5824K)->5769K(5824K) Class: 533K(640K)->533K(640K)
[15.851s][info][gc             ] GC(153) Pause Full (Ergonomics) 1367M->1367M(1441M) 410.285ms
[15.851s][info][gc,cpu         ] GC(153) User=3.14s Sys=0.03s Real=0.41s
[15.851s][info][gc,start       ] GC(154) Pause Full (Ergonomics)
[15.851s][info][gc,phases,start] GC(154) Marking Phase
[16.171s][info][gc,phases      ] GC(154) Marking Phase 319.102ms
[16.171s][info][gc,phases,start] GC(154) Summary Phase
[16.171s][info][gc,phases      ] GC(154) Summary Phase 0.028ms
[16.171s][info][gc,phases,start] GC(154) Adjust Roots
[16.171s][info][gc,phases      ] GC(154) Adjust Roots 0.206ms
[16.171s][info][gc,phases,start] GC(154) Compaction Phase
[16.254s][info][gc,phases      ] GC(154) Compaction Phase 82.678ms
[16.254s][info][gc,phases,start] GC(154) Post Compact
[16.256s][info][gc,phases      ] GC(154) Post Compact 2.254ms
[16.256s][info][gc,heap        ] GC(154) PSYoungGen: 34819K(110080K)->34819K(110080K) Eden: 29183K(29184K)->29183K(29184K) From: 5635K(80896K)->5635K(80896K)
[16.256s][info][gc,heap        ] GC(154) ParOldGen: 1365110K(1365504K)->1365110K(1365504K)
[16.256s][info][gc,metaspace   ] GC(154) Metaspace: 6302K(6464K)->6302K(6464K) NonClass: 5769K(5824K)->5769K(5824K) Class: 533K(640K)->533K(640K)
[16.256s][info][gc             ] GC(154) Pause Full (Ergonomics) 1367M->1367M(1441M) 404.613ms
[16.256s][info][gc,cpu         ] GC(154) User=3.06s Sys=0.02s Real=0.40s
[16.256s][info][gc,start       ] GC(155) Pause Full (Ergonomics)
[16.256s][info][gc,phases,start] GC(155) Marking Phase
[16.579s][info][gc,phases      ] GC(155) Marking Phase 322.965ms
[16.579s][info][gc,phases,start] GC(155) Summary Phase
[16.579s][info][gc,phases      ] GC(155) Summary Phase 0.026ms
[16.579s][info][gc,phases,start] GC(155) Adjust Roots
[16.580s][info][gc,phases      ] GC(155) Adjust Roots 0.200ms
[16.580s][info][gc,phases,start] GC(155) Compaction Phase
[16.664s][info][gc,phases      ] GC(155) Compaction Phase 84.319ms
[16.664s][info][gc,phases,start] GC(155) Post Compact
[16.666s][info][gc,phases      ] GC(155) Post Compact 2.063ms
[16.666s][info][gc,heap        ] GC(155) PSYoungGen: 34819K(110080K)->34819K(110080K) Eden: 29183K(29184K)->29183K(29184K) From: 5635K(80896K)->5635K(80896K)
[16.666s][info][gc,heap        ] GC(155) ParOldGen: 1365114K(1365504K)->1365114K(1365504K)
[16.666s][info][gc,metaspace   ] GC(155) Metaspace: 6302K(6464K)->6302K(6464K) NonClass: 5769K(5824K)->5769K(5824K) Class: 533K(640K)->533K(640K)
[16.666s][info][gc             ] GC(155) Pause Full (Ergonomics) 1367M->1367M(1441M) 409.887ms
[16.666s][info][gc,cpu         ] GC(155) User=3.14s Sys=0.02s Real=0.41s
[16.666s][info][gc,start       ] GC(156) Pause Full (Ergonomics)
[16.667s][info][gc,phases,start] GC(156) Marking Phase
[16.992s][info][gc,phases      ] GC(156) Marking Phase 325.334ms
[16.992s][info][gc,phases,start] GC(156) Summary Phase
[16.992s][info][gc,phases      ] GC(156) Summary Phase 0.027ms
[16.992s][info][gc,phases,start] GC(156) Adjust Roots
[16.992s][info][gc,phases      ] GC(156) Adjust Roots 0.202ms
[16.992s][info][gc,phases,start] GC(156) Compaction Phase
[17.076s][info][gc,phases      ] GC(156) Compaction Phase 83.995ms
[17.076s][info][gc,phases,start] GC(156) Post Compact
[17.078s][info][gc,phases      ] GC(156) Post Compact 2.213ms
[17.079s][info][gc,heap        ] GC(156) PSYoungGen: 34819K(110080K)->34819K(110080K) Eden: 29183K(29184K)->29183K(29184K) From: 5635K(80896K)->5635K(80896K)
[17.079s][info][gc,heap        ] GC(156) ParOldGen: 1365119K(1365504K)->1365119K(1365504K)
[17.079s][info][gc,metaspace   ] GC(156) Metaspace: 6302K(6464K)->6302K(6464K) NonClass: 5769K(5824K)->5769K(5824K) Class: 533K(640K)->533K(640K)
[17.079s][info][gc             ] GC(156) Pause Full (Ergonomics) 1367M->1367M(1441M) 412.155ms
[17.079s][info][gc,cpu         ] GC(156) User=3.12s Sys=0.02s Real=0.41s
[17.079s][info][gc,start       ] GC(157) Pause Full (Ergonomics)
[17.079s][info][gc,phases,start] GC(157) Marking Phase
[17.406s][info][gc,phases      ] GC(157) Marking Phase 326.906ms
[17.406s][info][gc,phases,start] GC(157) Summary Phase
[17.406s][info][gc,phases      ] GC(157) Summary Phase 0.027ms
[17.406s][info][gc,phases,start] GC(157) Adjust Roots
[17.406s][info][gc,phases      ] GC(157) Adjust Roots 0.199ms
[17.406s][info][gc,phases,start] GC(157) Compaction Phase
[17.491s][info][gc,phases      ] GC(157) Compaction Phase 84.749ms
[17.491s][info][gc,phases,start] GC(157) Post Compact
[17.493s][info][gc,phases      ] GC(157) Post Compact 2.156ms
[17.493s][info][gc,heap        ] GC(157) PSYoungGen: 34819K(110080K)->34819K(110080K) Eden: 29183K(29184K)->29183K(29184K) From: 5635K(80896K)->5635K(80896K)
[17.493s][info][gc,heap        ] GC(157) ParOldGen: 1365124K(1365504K)->1365124K(1365504K)
[17.493s][info][gc,metaspace   ] GC(157) Metaspace: 6302K(6464K)->6302K(6464K) NonClass: 5769K(5824K)->5769K(5824K) Class: 533K(640K)->533K(640K)
[17.493s][info][gc             ] GC(157) Pause Full (Ergonomics) 1367M->1367M(1441M) 414.388ms
[17.493s][info][gc,cpu         ] GC(157) User=3.19s Sys=0.00s Real=0.41s
[17.494s][info][gc,start       ] GC(158) Pause Full (Ergonomics)
[17.494s][info][gc,phases,start] GC(158) Marking Phase
[17.820s][info][gc,phases      ] GC(158) Marking Phase 326.434ms
[17.820s][info][gc,phases,start] GC(158) Summary Phase
[17.820s][info][gc,phases      ] GC(158) Summary Phase 0.027ms
[17.820s][info][gc,phases,start] GC(158) Adjust Roots
[17.820s][info][gc,phases      ] GC(158) Adjust Roots 0.210ms
[17.820s][info][gc,phases,start] GC(158) Compaction Phase
[17.904s][info][gc,phases      ] GC(158) Compaction Phase 83.141ms
[17.904s][info][gc,phases,start] GC(158) Post Compact
[17.906s][info][gc,phases      ] GC(158) Post Compact 2.117ms
[17.906s][info][gc,heap        ] GC(158) PSYoungGen: 34819K(110080K)->34819K(110080K) Eden: 29183K(29184K)->29183K(29184K) From: 5635K(80896K)->5635K(80896K)
[17.906s][info][gc,heap        ] GC(158) ParOldGen: 1365128K(1365504K)->1365128K(1365504K)
[17.906s][info][gc,metaspace   ] GC(158) Metaspace: 6302K(6464K)->6302K(6464K) NonClass: 5769K(5824K)->5769K(5824K) Class: 533K(640K)->533K(640K)
[17.906s][info][gc             ] GC(158) Pause Full (Ergonomics) 1367M->1367M(1441M) 412.240ms
[17.906s][info][gc,cpu         ] GC(158) User=3.05s Sys=0.02s Real=0.41s
[17.906s][info][gc,start       ] GC(159) Pause Full (Ergonomics)
[17.906s][info][gc,phases,start] GC(159) Marking Phase
[18.237s][info][gc,phases      ] GC(159) Marking Phase 330.296ms
[18.237s][info][gc,phases,start] GC(159) Summary Phase
[18.237s][info][gc,phases      ] GC(159) Summary Phase 0.026ms
[18.237s][info][gc,phases,start] GC(159) Adjust Roots
[18.237s][info][gc,phases      ] GC(159) Adjust Roots 0.200ms
[18.237s][info][gc,phases,start] GC(159) Compaction Phase
[18.321s][info][gc,phases      ] GC(159) Compaction Phase 83.917ms
[18.321s][info][gc,phases,start] GC(159) Post Compact
[18.323s][info][gc,phases      ] GC(159) Post Compact 2.072ms
[18.323s][info][gc,heap        ] GC(159) PSYoungGen: 34819K(110080K)->34819K(110080K) Eden: 29183K(29184K)->29183K(29184K) From: 5635K(80896K)->5635K(80896K)
[18.323s][info][gc,heap        ] GC(159) ParOldGen: 1365133K(1365504K)->1365133K(1365504K)
[18.323s][info][gc,metaspace   ] GC(159) Metaspace: 6302K(6464K)->6302K(6464K) NonClass: 5769K(5824K)->5769K(5824K) Class: 533K(640K)->533K(640K)
[18.323s][info][gc             ] GC(159) Pause Full (Ergonomics) 1367M->1367M(1441M) 416.962ms
[18.323s][info][gc,cpu         ] GC(159) User=3.16s Sys=0.02s Real=0.42s
[18.323s][info][gc,start       ] GC(160) Pause Full (Ergonomics)
[18.323s][info][gc,phases,start] GC(160) Marking Phase
[18.645s][info][gc,phases      ] GC(160) Marking Phase 321.779ms
[18.645s][info][gc,phases,start] GC(160) Summary Phase
[18.645s][info][gc,phases      ] GC(160) Summary Phase 0.027ms
[18.645s][info][gc,phases,start] GC(160) Adjust Roots
[18.646s][info][gc,phases      ] GC(160) Adjust Roots 0.203ms
[18.646s][info][gc,phases,start] GC(160) Compaction Phase
[18.729s][info][gc,phases      ] GC(160) Compaction Phase 83.599ms
[18.729s][info][gc,phases,start] GC(160) Post Compact
[18.732s][info][gc,phases      ] GC(160) Post Compact 2.264ms
[18.732s][info][gc,heap        ] GC(160) PSYoungGen: 34819K(110080K)->34819K(110080K) Eden: 29183K(29184K)->29183K(29184K) From: 5635K(80896K)->5635K(80896K)
[18.732s][info][gc,heap        ] GC(160) ParOldGen: 1365138K(1365504K)->1365138K(1365504K)
[18.732s][info][gc,metaspace   ] GC(160) Metaspace: 6302K(6464K)->6302K(6464K) NonClass: 5769K(5824K)->5769K(5824K) Class: 533K(640K)->533K(640K)
[18.732s][info][gc             ] GC(160) Pause Full (Ergonomics) 1367M->1367M(1441M) 408.207ms
[18.732s][info][gc,cpu         ] GC(160) User=3.00s Sys=0.00s Real=0.41s
[18.732s][info][gc,start       ] GC(161) Pause Full (Ergonomics)
[18.732s][info][gc,phases,start] GC(161) Marking Phase
[19.059s][info][gc,phases      ] GC(161) Marking Phase 327.395ms
[19.059s][info][gc,phases,start] GC(161) Summary Phase
[19.059s][info][gc,phases      ] GC(161) Summary Phase 0.027ms
[19.059s][info][gc,phases,start] GC(161) Adjust Roots
[19.060s][info][gc,phases      ] GC(161) Adjust Roots 0.227ms
[19.060s][info][gc,phases,start] GC(161) Compaction Phase
[19.144s][info][gc,phases      ] GC(161) Compaction Phase 83.761ms
[19.144s][info][gc,phases,start] GC(161) Post Compact
[19.146s][info][gc,phases      ] GC(161) Post Compact 2.170ms
[19.146s][info][gc,heap        ] GC(161) PSYoungGen: 34819K(110080K)->34819K(110080K) Eden: 29183K(29184K)->29183K(29184K) From: 5635K(80896K)->5635K(80896K)
[19.146s][info][gc,heap        ] GC(161) ParOldGen: 1365142K(1365504K)->1365142K(1365504K)
[19.146s][info][gc,metaspace   ] GC(161) Metaspace: 6302K(6464K)->6302K(6464K) NonClass: 5769K(5824K)->5769K(5824K) Class: 533K(640K)->533K(640K)
[19.146s][info][gc             ] GC(161) Pause Full (Ergonomics) 1367M->1367M(1441M) 413.939ms
[19.146s][info][gc,cpu         ] GC(161) User=3.08s Sys=0.02s Real=0.41s
[19.146s][info][gc,start       ] GC(162) Pause Full (Ergonomics)
[19.146s][info][gc,phases,start] GC(162) Marking Phase
[19.470s][info][gc,phases      ] GC(162) Marking Phase 323.246ms
[19.470s][info][gc,phases,start] GC(162) Summary Phase
[19.470s][info][gc,phases      ] GC(162) Summary Phase 0.027ms
[19.470s][info][gc,phases,start] GC(162) Adjust Roots
[19.470s][info][gc,phases      ] GC(162) Adjust Roots 0.201ms
[19.470s][info][gc,phases,start] GC(162) Compaction Phase
[19.558s][info][gc,phases      ] GC(162) Compaction Phase 87.812ms
[19.558s][info][gc,phases,start] GC(162) Post Compact
[19.560s][info][gc,phases      ] GC(162) Post Compact 2.537ms
[19.560s][info][gc,heap        ] GC(162) PSYoungGen: 34819K(110080K)->34819K(110080K) Eden: 29183K(29184K)->29183K(29184K) From: 5635K(80896K)->5635K(80896K)
[19.560s][info][gc,heap        ] GC(162) ParOldGen: 1365147K(1365504K)->1365147K(1365504K)
[19.560s][info][gc,metaspace   ] GC(162) Metaspace: 6302K(6464K)->6302K(6464K) NonClass: 5769K(5824K)->5769K(5824K) Class: 533K(640K)->533K(640K)
[19.560s][info][gc             ] GC(162) Pause Full (Ergonomics) 1367M->1367M(1441M) 414.159ms
[19.560s][info][gc,cpu         ] GC(162) User=3.16s Sys=0.00s Real=0.41s
[19.561s][info][gc,start       ] GC(163) Pause Full (Ergonomics)
[19.561s][info][gc,phases,start] GC(163) Marking Phase
[19.873s][info][gc,phases      ] GC(163) Marking Phase 312.022ms
[19.873s][info][gc,phases,start] GC(163) Summary Phase
[19.873s][info][gc,phases      ] GC(163) Summary Phase 0.033ms
[19.873s][info][gc,phases,start] GC(163) Adjust Roots
[19.873s][info][gc,phases      ] GC(163) Adjust Roots 0.198ms
[19.873s][info][gc,phases,start] GC(163) Compaction Phase
[19.957s][info][gc,phases      ] GC(163) Compaction Phase 83.688ms
[19.957s][info][gc,phases,start] GC(163) Post Compact
[19.959s][info][gc,phases      ] GC(163) Post Compact 2.077ms
[19.959s][info][gc,heap        ] GC(163) PSYoungGen: 34819K(110080K)->34819K(110080K) Eden: 29183K(29184K)->29183K(29184K) From: 5635K(80896K)->5635K(80896K)
[19.959s][info][gc,heap        ] GC(163) ParOldGen: 1365152K(1365504K)->1365152K(1365504K)
[19.959s][info][gc,metaspace   ] GC(163) Metaspace: 6302K(6464K)->6302K(6464K) NonClass: 5769K(5824K)->5769K(5824K) Class: 533K(640K)->533K(640K)
[19.959s][info][gc             ] GC(163) Pause Full (Ergonomics) 1367M->1367M(1441M) 398.445ms
[19.959s][info][gc,cpu         ] GC(163) User=2.88s Sys=0.03s Real=0.40s
[19.959s][info][gc,start       ] GC(164) Pause Full (Ergonomics)
[19.959s][info][gc,phases,start] GC(164) Marking Phase
[20.287s][info][gc,phases      ] GC(164) Marking Phase 327.099ms
[20.287s][info][gc,phases,start] GC(164) Summary Phase
[20.287s][info][gc,phases      ] GC(164) Summary Phase 0.027ms
[20.287s][info][gc,phases,start] GC(164) Adjust Roots
[20.287s][info][gc,phases      ] GC(164) Adjust Roots 0.200ms
[20.287s][info][gc,phases,start] GC(164) Compaction Phase
[20.373s][info][gc,phases      ] GC(164) Compaction Phase 85.995ms
[20.373s][info][gc,phases,start] GC(164) Post Compact
[20.375s][info][gc,phases      ] GC(164) Post Compact 2.216ms
[20.375s][info][gc,heap        ] GC(164) PSYoungGen: 34819K(110080K)->34819K(110080K) Eden: 29183K(29184K)->29183K(29184K) From: 5635K(80896K)->5635K(80896K)
[20.375s][info][gc,heap        ] GC(164) ParOldGen: 1365156K(1365504K)->1365156K(1365504K)
[20.375s][info][gc,metaspace   ] GC(164) Metaspace: 6302K(6464K)->6302K(6464K) NonClass: 5769K(5824K)->5769K(5824K) Class: 533K(640K)->533K(640K)
[20.375s][info][gc             ] GC(164) Pause Full (Ergonomics) 1367M->1367M(1441M) 415.865ms
[20.375s][info][gc,cpu         ] GC(164) User=3.16s Sys=0.02s Real=0.42s
[20.376s][info][gc,start       ] GC(165) Pause Full (Ergonomics)
[20.376s][info][gc,phases,start] GC(165) Marking Phase
[20.693s][info][gc,phases      ] GC(165) Marking Phase 317.503ms
[20.693s][info][gc,phases,start] GC(165) Summary Phase
[20.693s][info][gc,phases      ] GC(165) Summary Phase 0.026ms
[20.693s][info][gc,phases,start] GC(165) Adjust Roots
[20.693s][info][gc,phases      ] GC(165) Adjust Roots 0.204ms
[20.693s][info][gc,phases,start] GC(165) Compaction Phase
[20.778s][info][gc,phases      ] GC(165) Compaction Phase 84.244ms
[20.778s][info][gc,phases,start] GC(165) Post Compact
[20.780s][info][gc,phases      ] GC(165) Post Compact 2.225ms
[20.780s][info][gc,heap        ] GC(165) PSYoungGen: 34819K(110080K)->34819K(110080K) Eden: 29183K(29184K)->29183K(29184K) From: 5635K(80896K)->5635K(80896K)
[20.780s][info][gc,heap        ] GC(165) ParOldGen: 1365161K(1365504K)->1365161K(1365504K)
[20.780s][info][gc,metaspace   ] GC(165) Metaspace: 6302K(6464K)->6302K(6464K) NonClass: 5769K(5824K)->5769K(5824K) Class: 533K(640K)->533K(640K)
[20.780s][info][gc             ] GC(165) Pause Full (Ergonomics) 1367M->1367M(1441M) 404.526ms
[20.780s][info][gc,cpu         ] GC(165) User=3.09s Sys=0.05s Real=0.40s
[20.780s][info][gc,start       ] GC(166) Pause Full (Ergonomics)
[20.780s][info][gc,phases,start] GC(166) Marking Phase
[21.108s][info][gc,phases      ] GC(166) Marking Phase 327.348ms
[21.108s][info][gc,phases,start] GC(166) Summary Phase
[21.108s][info][gc,phases      ] GC(166) Summary Phase 0.026ms
[21.108s][info][gc,phases,start] GC(166) Adjust Roots
[21.108s][info][gc,phases      ] GC(166) Adjust Roots 0.200ms
[21.108s][info][gc,phases,start] GC(166) Compaction Phase
[21.197s][info][gc,phases      ] GC(166) Compaction Phase 88.611ms
[21.197s][info][gc,phases,start] GC(166) Post Compact
[21.199s][info][gc,phases      ] GC(166) Post Compact 2.260ms
[21.199s][info][gc,heap        ] GC(166) PSYoungGen: 34819K(110080K)->34819K(110080K) Eden: 29183K(29184K)->29183K(29184K) From: 5635K(80896K)->5635K(80896K)
[21.199s][info][gc,heap        ] GC(166) ParOldGen: 1365166K(1365504K)->1365166K(1365504K)
[21.199s][info][gc,metaspace   ] GC(166) Metaspace: 6302K(6464K)->6302K(6464K) NonClass: 5769K(5824K)->5769K(5824K) Class: 533K(640K)->533K(640K)
[21.199s][info][gc             ] GC(166) Pause Full (Ergonomics) 1367M->1367M(1441M) 418.923ms
[21.199s][info][gc,cpu         ] GC(166) User=3.06s Sys=0.02s Real=0.42s
[21.200s][info][gc,start       ] GC(167) Pause Full (Ergonomics)
[21.200s][info][gc,phases,start] GC(167) Marking Phase
[21.512s][info][gc,phases      ] GC(167) Marking Phase 312.806ms
[21.513s][info][gc,phases,start] GC(167) Summary Phase
[21.513s][info][gc,phases      ] GC(167) Summary Phase 0.027ms
[21.513s][info][gc,phases,start] GC(167) Adjust Roots
[21.513s][info][gc,phases      ] GC(167) Adjust Roots 0.226ms
[21.513s][info][gc,phases,start] GC(167) Compaction Phase
[21.597s][info][gc,phases      ] GC(167) Compaction Phase 84.192ms
[21.597s][info][gc,phases,start] GC(167) Post Compact
[21.599s][info][gc,phases      ] GC(167) Post Compact 2.083ms
[21.599s][info][gc,heap        ] GC(167) PSYoungGen: 34819K(110080K)->34819K(110080K) Eden: 29183K(29184K)->29183K(29184K) From: 5635K(80896K)->5635K(80896K)
[21.599s][info][gc,heap        ] GC(167) ParOldGen: 1365170K(1365504K)->1365170K(1365504K)
[21.599s][info][gc,metaspace   ] GC(167) Metaspace: 6302K(6464K)->6302K(6464K) NonClass: 5769K(5824K)->5769K(5824K) Class: 533K(640K)->533K(640K)
[21.599s][info][gc             ] GC(167) Pause Full (Ergonomics) 1367M->1367M(1441M) 399.681ms
[21.599s][info][gc,cpu         ] GC(167) User=2.91s Sys=0.02s Real=0.40s
[21.600s][info][gc,start       ] GC(168) Pause Full (Ergonomics)
[21.600s][info][gc,phases,start] GC(168) Marking Phase
[21.930s][info][gc,phases      ] GC(168) Marking Phase 330.262ms
[21.930s][info][gc,phases,start] GC(168) Summary Phase
[21.930s][info][gc,phases      ] GC(168) Summary Phase 0.027ms
[21.930s][info][gc,phases,start] GC(168) Adjust Roots
[21.930s][info][gc,phases      ] GC(168) Adjust Roots 0.207ms
[21.930s][info][gc,phases,start] GC(168) Compaction Phase
[22.017s][info][gc,phases      ] GC(168) Compaction Phase 86.514ms
[22.017s][info][gc,phases,start] GC(168) Post Compact
[22.019s][info][gc,phases      ] GC(168) Post Compact 2.219ms
[22.019s][info][gc,heap        ] GC(168) PSYoungGen: 34819K(110080K)->34819K(110080K) Eden: 29183K(29184K)->29183K(29184K) From: 5635K(80896K)->5635K(80896K)
[22.019s][info][gc,heap        ] GC(168) ParOldGen: 1365175K(1365504K)->1365175K(1365504K)
[22.019s][info][gc,metaspace   ] GC(168) Metaspace: 6302K(6464K)->6302K(6464K) NonClass: 5769K(5824K)->5769K(5824K) Class: 533K(640K)->533K(640K)
[22.019s][info][gc             ] GC(168) Pause Full (Ergonomics) 1367M->1367M(1441M) 419.556ms
[22.019s][info][gc,cpu         ] GC(168) User=3.20s Sys=0.00s Real=0.42s
[22.019s][info][gc,start       ] GC(169) Pause Full (Ergonomics)
[22.019s][info][gc,phases,start] GC(169) Marking Phase
[22.348s][info][gc,phases      ] GC(169) Marking Phase 328.592ms
[22.348s][info][gc,phases,start] GC(169) Summary Phase
[22.348s][info][gc,phases      ] GC(169) Summary Phase 0.027ms
[22.348s][info][gc,phases,start] GC(169) Adjust Roots
[22.348s][info][gc,phases      ] GC(169) Adjust Roots 0.203ms
[22.348s][info][gc,phases,start] GC(169) Compaction Phase
[22.434s][info][gc,phases      ] GC(169) Compaction Phase 85.274ms
[22.434s][info][gc,phases,start] GC(169) Post Compact
[22.436s][info][gc,phases      ] GC(169) Post Compact 2.573ms
[22.436s][info][gc,heap        ] GC(169) PSYoungGen: 34819K(110080K)->34819K(110080K) Eden: 29183K(29184K)->29183K(29184K) From: 5635K(80896K)->5635K(80896K)
[22.436s][info][gc,heap        ] GC(169) ParOldGen: 1365180K(1365504K)->1365180K(1365504K)
[22.437s][info][gc,metaspace   ] GC(169) Metaspace: 6302K(6464K)->6302K(6464K) NonClass: 5769K(5824K)->5769K(5824K) Class: 533K(640K)->533K(640K)
[22.437s][info][gc             ] GC(169) Pause Full (Ergonomics) 1367M->1367M(1441M) 417.179ms
[22.437s][info][gc,cpu         ] GC(169) User=3.11s Sys=0.00s Real=0.42s
[22.437s][info][gc,start       ] GC(170) Pause Full (Ergonomics)
[22.437s][info][gc,phases,start] GC(170) Marking Phase
[22.764s][info][gc,phases      ] GC(170) Marking Phase 327.033ms
[22.764s][info][gc,phases,start] GC(170) Summary Phase
[22.764s][info][gc,phases      ] GC(170) Summary Phase 0.027ms
[22.764s][info][gc,phases,start] GC(170) Adjust Roots
[22.764s][info][gc,phases      ] GC(170) Adjust Roots 0.206ms
[22.764s][info][gc,phases,start] GC(170) Compaction Phase
[22.851s][info][gc,phases      ] GC(170) Compaction Phase 87.058ms
[22.851s][info][gc,phases,start] GC(170) Post Compact
[22.854s][info][gc,phases      ] GC(170) Post Compact 2.271ms
[22.854s][info][gc,heap        ] GC(170) PSYoungGen: 34819K(110080K)->34819K(110080K) Eden: 29183K(29184K)->29183K(29184K) From: 5635K(80896K)->5635K(80896K)
[22.854s][info][gc,heap        ] GC(170) ParOldGen: 1365184K(1365504K)->1365184K(1365504K)
[22.854s][info][gc,metaspace   ] GC(170) Metaspace: 6302K(6464K)->6302K(6464K) NonClass: 5769K(5824K)->5769K(5824K) Class: 533K(640K)->533K(640K)
[22.854s][info][gc             ] GC(170) Pause Full (Ergonomics) 1367M->1367M(1441M) 416.913ms
[22.854s][info][gc,cpu         ] GC(170) User=3.05s Sys=0.02s Real=0.42s
[22.854s][info][gc,start       ] GC(171) Pause Full (Ergonomics)
[22.854s][info][gc,phases,start] GC(171) Marking Phase
[23.179s][info][gc,phases      ] GC(171) Marking Phase 325.227ms
[23.180s][info][gc,phases,start] GC(171) Summary Phase
[23.180s][info][gc,phases      ] GC(171) Summary Phase 0.027ms
[23.180s][info][gc,phases,start] GC(171) Adjust Roots
[23.180s][info][gc,phases      ] GC(171) Adjust Roots 0.210ms
[23.180s][info][gc,phases,start] GC(171) Compaction Phase
[23.265s][info][gc,phases      ] GC(171) Compaction Phase 85.048ms
[23.265s][info][gc,phases,start] GC(171) Post Compact
[23.267s][info][gc,phases      ] GC(171) Post Compact 2.228ms
[23.267s][info][gc,heap        ] GC(171) PSYoungGen: 34819K(110080K)->34819K(110080K) Eden: 29183K(29184K)->29183K(29184K) From: 5635K(80896K)->5635K(80896K)
[23.267s][info][gc,heap        ] GC(171) ParOldGen: 1365189K(1365504K)->1365189K(1365504K)
[23.267s][info][gc,metaspace   ] GC(171) Metaspace: 6302K(6464K)->6302K(6464K) NonClass: 5769K(5824K)->5769K(5824K) Class: 533K(640K)->533K(640K)
[23.267s][info][gc             ] GC(171) Pause Full (Ergonomics) 1367M->1367M(1441M) 413.155ms
[23.267s][info][gc,cpu         ] GC(171) User=3.08s Sys=0.03s Real=0.41s
[23.268s][info][gc,start       ] GC(172) Pause Full (Ergonomics)
[23.268s][info][gc,phases,start] GC(172) Marking Phase
[23.601s][info][gc,phases      ] GC(172) Marking Phase 333.816ms
[23.601s][info][gc,phases,start] GC(172) Summary Phase
[23.601s][info][gc,phases      ] GC(172) Summary Phase 0.027ms
[23.601s][info][gc,phases,start] GC(172) Adjust Roots
[23.602s][info][gc,phases      ] GC(172) Adjust Roots 0.221ms
[23.602s][info][gc,phases,start] GC(172) Compaction Phase
[23.690s][info][gc,phases      ] GC(172) Compaction Phase 88.613ms
[23.690s][info][gc,phases,start] GC(172) Post Compact
[23.693s][info][gc,phases      ] GC(172) Post Compact 2.237ms
[23.693s][info][gc,heap        ] GC(172) PSYoungGen: 34819K(110080K)->34819K(110080K) Eden: 29183K(29184K)->29183K(29184K) From: 5635K(80896K)->5635K(80896K)
[23.693s][info][gc,heap        ] GC(172) ParOldGen: 1365194K(1365504K)->1365194K(1365504K)
[23.693s][info][gc,metaspace   ] GC(172) Metaspace: 6302K(6464K)->6302K(6464K) NonClass: 5769K(5824K)->5769K(5824K) Class: 533K(640K)->533K(640K)
[23.693s][info][gc             ] GC(172) Pause Full (Ergonomics) 1367M->1367M(1441M) 425.269ms
[23.693s][info][gc,cpu         ] GC(172) User=3.19s Sys=0.02s Real=0.43s
[23.693s][info][gc,start       ] GC(173) Pause Full (Ergonomics)
[23.693s][info][gc,phases,start] GC(173) Marking Phase
[24.013s][info][gc,phases      ] GC(173) Marking Phase 319.468ms
[24.013s][info][gc,phases,start] GC(173) Summary Phase
[24.013s][info][gc,phases      ] GC(173) Summary Phase 0.026ms
[24.013s][info][gc,phases,start] GC(173) Adjust Roots
[24.013s][info][gc,phases      ] GC(173) Adjust Roots 0.202ms
[24.013s][info][gc,phases,start] GC(173) Compaction Phase
[24.100s][info][gc,phases      ] GC(173) Compaction Phase 87.441ms
[24.100s][info][gc,phases,start] GC(173) Post Compact
[24.103s][info][gc,phases      ] GC(173) Post Compact 2.302ms
[24.103s][info][gc,heap        ] GC(173) PSYoungGen: 34819K(110080K)->34819K(110080K) Eden: 29183K(29184K)->29183K(29184K) From: 5635K(80896K)->5635K(80896K)
[24.103s][info][gc,heap        ] GC(173) ParOldGen: 1365198K(1365504K)->1365198K(1365504K)
[24.103s][info][gc,metaspace   ] GC(173) Metaspace: 6302K(6464K)->6302K(6464K) NonClass: 5769K(5824K)->5769K(5824K) Class: 533K(640K)->533K(640K)
[24.103s][info][gc             ] GC(173) Pause Full (Ergonomics) 1367M->1367M(1441M) 409.791ms
[24.103s][info][gc,cpu         ] GC(173) User=3.05s Sys=0.03s Real=0.41s
[24.103s][info][gc,start       ] GC(174) Pause Full (Ergonomics)
[24.103s][info][gc,phases,start] GC(174) Marking Phase
[24.424s][info][gc,phases      ] GC(174) Marking Phase 320.646ms
[24.424s][info][gc,phases,start] GC(174) Summary Phase
[24.424s][info][gc,phases      ] GC(174) Summary Phase 0.027ms
[24.424s][info][gc,phases,start] GC(174) Adjust Roots
[24.424s][info][gc,phases      ] GC(174) Adjust Roots 0.204ms
[24.424s][info][gc,phases,start] GC(174) Compaction Phase
[24.511s][info][gc,phases      ] GC(174) Compaction Phase 86.854ms
[24.511s][info][gc,phases,start] GC(174) Post Compact
[24.513s][info][gc,phases      ] GC(174) Post Compact 2.194ms
[24.513s][info][gc,heap        ] GC(174) PSYoungGen: 34819K(110080K)->34819K(110080K) Eden: 29183K(29184K)->29183K(29184K) From: 5635K(80896K)->5635K(80896K)
[24.513s][info][gc,heap        ] GC(174) ParOldGen: 1365203K(1365504K)->1365203K(1365504K)
[24.513s][info][gc,metaspace   ] GC(174) Metaspace: 6302K(6464K)->6302K(6464K) NonClass: 5769K(5824K)->5769K(5824K) Class: 533K(640K)->533K(640K)
[24.513s][info][gc             ] GC(174) Pause Full (Ergonomics) 1367M->1367M(1441M) 410.248ms
[24.513s][info][gc,cpu         ] GC(174) User=2.95s Sys=0.00s Real=0.41s
[24.514s][info][gc,start       ] GC(175) Pause Full (Ergonomics)
[24.514s][info][gc,phases,start] GC(175) Marking Phase
[24.848s][info][gc,phases      ] GC(175) Marking Phase 334.194ms
[24.848s][info][gc,phases,start] GC(175) Summary Phase
[24.848s][info][gc,phases      ] GC(175) Summary Phase 0.027ms
[24.848s][info][gc,phases,start] GC(175) Adjust Roots
[24.848s][info][gc,phases      ] GC(175) Adjust Roots 0.228ms
[24.848s][info][gc,phases,start] GC(175) Compaction Phase
[24.934s][info][gc,phases      ] GC(175) Compaction Phase 85.670ms
[24.934s][info][gc,phases,start] GC(175) Post Compact
[24.936s][info][gc,phases      ] GC(175) Post Compact 2.222ms
[24.936s][info][gc,heap        ] GC(175) PSYoungGen: 34819K(110080K)->34819K(110080K) Eden: 29183K(29184K)->29183K(29184K) From: 5635K(80896K)->5635K(80896K)
[24.936s][info][gc,heap        ] GC(175) ParOldGen: 1365208K(1365504K)->1365208K(1365504K)
[24.936s][info][gc,metaspace   ] GC(175) Metaspace: 6302K(6464K)->6302K(6464K) NonClass: 5769K(5824K)->5769K(5824K) Class: 533K(640K)->533K(640K)
[24.936s][info][gc             ] GC(175) Pause Full (Ergonomics) 1367M->1367M(1441M) 422.694ms
[24.936s][info][gc,cpu         ] GC(175) User=3.09s Sys=0.00s Real=0.42s
[24.937s][info][gc,start       ] GC(176) Pause Full (Ergonomics)
[24.937s][info][gc,phases,start] GC(176) Marking Phase
[25.275s][info][gc,phases      ] GC(176) Marking Phase 337.876ms
[25.275s][info][gc,phases,start] GC(176) Summary Phase
[25.275s][info][gc,phases      ] GC(176) Summary Phase 0.026ms
[25.275s][info][gc,phases,start] GC(176) Adjust Roots
[25.275s][info][gc,phases      ] GC(176) Adjust Roots 0.202ms
[25.275s][info][gc,phases,start] GC(176) Compaction Phase
[25.362s][info][gc,phases      ] GC(176) Compaction Phase 87.076ms
[25.362s][info][gc,phases,start] GC(176) Post Compact
[25.364s][info][gc,phases      ] GC(176) Post Compact 2.265ms
[25.364s][info][gc,heap        ] GC(176) PSYoungGen: 34819K(110080K)->34819K(110080K) Eden: 29183K(29184K)->29183K(29184K) From: 5635K(80896K)->5635K(80896K)
[25.364s][info][gc,heap        ] GC(176) ParOldGen: 1365212K(1365504K)->1365212K(1365504K)
[25.364s][info][gc,metaspace   ] GC(176) Metaspace: 6302K(6464K)->6302K(6464K) NonClass: 5769K(5824K)->5769K(5824K) Class: 533K(640K)->533K(640K)
[25.364s][info][gc             ] GC(176) Pause Full (Ergonomics) 1367M->1367M(1441M) 427.773ms
[25.365s][info][gc,cpu         ] GC(176) User=3.17s Sys=0.00s Real=0.43s
[25.365s][info][gc,start       ] GC(177) Pause Full (Ergonomics)
[25.365s][info][gc,phases,start] GC(177) Marking Phase
[25.689s][info][gc,phases      ] GC(177) Marking Phase 324.012ms
[25.689s][info][gc,phases,start] GC(177) Summary Phase
[25.689s][info][gc,phases      ] GC(177) Summary Phase 0.027ms
[25.689s][info][gc,phases,start] GC(177) Adjust Roots
[25.689s][info][gc,phases      ] GC(177) Adjust Roots 0.205ms
[25.689s][info][gc,phases,start] GC(177) Compaction Phase
[25.775s][info][gc,phases      ] GC(177) Compaction Phase 86.043ms
[25.775s][info][gc,phases,start] GC(177) Post Compact
[25.777s][info][gc,phases      ] GC(177) Post Compact 2.211ms
[25.778s][info][gc,heap        ] GC(177) PSYoungGen: 34819K(110080K)->34819K(110080K) Eden: 29183K(29184K)->29183K(29184K) From: 5635K(80896K)->5635K(80896K)
[25.778s][info][gc,heap        ] GC(177) ParOldGen: 1365217K(1365504K)->1365217K(1365504K)
[25.778s][info][gc,metaspace   ] GC(177) Metaspace: 6302K(6464K)->6302K(6464K) NonClass: 5769K(5824K)->5769K(5824K) Class: 533K(640K)->533K(640K)
[25.778s][info][gc             ] GC(177) Pause Full (Ergonomics) 1367M->1367M(1441M) 412.828ms
[25.778s][info][gc,cpu         ] GC(177) User=3.19s Sys=0.05s Real=0.41s
[25.778s][info][gc,start       ] GC(178) Pause Full (Ergonomics)
[25.778s][info][gc,phases,start] GC(178) Marking Phase
[26.109s][info][gc,phases      ] GC(178) Marking Phase 330.947ms
[26.109s][info][gc,phases,start] GC(178) Summary Phase
[26.109s][info][gc,phases      ] GC(178) Summary Phase 0.027ms
[26.109s][info][gc,phases,start] GC(178) Adjust Roots
[26.109s][info][gc,phases      ] GC(178) Adjust Roots 0.206ms
[26.109s][info][gc,phases,start] GC(178) Compaction Phase
[26.196s][info][gc,phases      ] GC(178) Compaction Phase 87.060ms
[26.196s][info][gc,phases,start] GC(178) Post Compact
[26.199s][info][gc,phases      ] GC(178) Post Compact 2.214ms
[26.199s][info][gc,heap        ] GC(178) PSYoungGen: 34819K(110080K)->34819K(110080K) Eden: 29183K(29184K)->29183K(29184K) From: 5635K(80896K)->5635K(80896K)
[26.199s][info][gc,heap        ] GC(178) ParOldGen: 1365222K(1365504K)->1365222K(1365504K)
[26.199s][info][gc,metaspace   ] GC(178) Metaspace: 6302K(6464K)->6302K(6464K) NonClass: 5769K(5824K)->5769K(5824K) Class: 533K(640K)->533K(640K)
[26.199s][info][gc             ] GC(178) Pause Full (Ergonomics) 1367M->1367M(1441M) 420.795ms
[26.199s][info][gc,cpu         ] GC(178) User=3.09s Sys=0.00s Real=0.42s
[26.199s][info][gc,start       ] GC(179) Pause Full (Ergonomics)
[26.199s][info][gc,phases,start] GC(179) Marking Phase
[26.518s][info][gc,phases      ] GC(179) Marking Phase 318.474ms
[26.518s][info][gc,phases,start] GC(179) Summary Phase
[26.518s][info][gc,phases      ] GC(179) Summary Phase 0.026ms
[26.518s][info][gc,phases,start] GC(179) Adjust Roots
[26.518s][info][gc,phases      ] GC(179) Adjust Roots 0.204ms
[26.518s][info][gc,phases,start] GC(179) Compaction Phase
[26.605s][info][gc,phases      ] GC(179) Compaction Phase 87.329ms
[26.605s][info][gc,phases,start] GC(179) Post Compact
[26.607s][info][gc,phases      ] GC(179) Post Compact 2.240ms
[26.608s][info][gc,heap        ] GC(179) PSYoungGen: 34819K(110080K)->34819K(110080K) Eden: 29183K(29184K)->29183K(29184K) From: 5635K(80896K)->5635K(80896K)
[26.608s][info][gc,heap        ] GC(179) ParOldGen: 1365226K(1365504K)->1365226K(1365504K)
[26.608s][info][gc,metaspace   ] GC(179) Metaspace: 6302K(6464K)->6302K(6464K) NonClass: 5769K(5824K)->5769K(5824K) Class: 533K(640K)->533K(640K)
[26.608s][info][gc             ] GC(179) Pause Full (Ergonomics) 1367M->1367M(1441M) 408.661ms
[26.608s][info][gc,cpu         ] GC(179) User=2.95s Sys=0.00s Real=0.41s
[26.608s][info][gc,start       ] GC(180) Pause Full (Ergonomics)
[26.608s][info][gc,phases,start] GC(180) Marking Phase
[26.925s][info][gc,phases      ] GC(180) Marking Phase 317.381ms
[26.925s][info][gc,phases,start] GC(180) Summary Phase
[26.925s][info][gc,phases      ] GC(180) Summary Phase 0.026ms
[26.926s][info][gc,phases,start] GC(180) Adjust Roots
[26.926s][info][gc,phases      ] GC(180) Adjust Roots 0.220ms
[26.926s][info][gc,phases,start] GC(180) Compaction Phase
[27.011s][info][gc,phases      ] GC(180) Compaction Phase 85.387ms
[27.011s][info][gc,phases,start] GC(180) Post Compact
[27.014s][info][gc,phases      ] GC(180) Post Compact 2.289ms
[27.014s][info][gc,heap        ] GC(180) PSYoungGen: 34819K(110080K)->34819K(110080K) Eden: 29183K(29184K)->29183K(29184K) From: 5635K(80896K)->5635K(80896K)
[27.014s][info][gc,heap        ] GC(180) ParOldGen: 1365231K(1365504K)->1365231K(1365504K)
[27.014s][info][gc,metaspace   ] GC(180) Metaspace: 6302K(6464K)->6302K(6464K) NonClass: 5769K(5824K)->5769K(5824K) Class: 533K(640K)->533K(640K)
[27.014s][info][gc             ] GC(180) Pause Full (Ergonomics) 1367M->1367M(1441M) 405.669ms
[27.014s][info][gc,cpu         ] GC(180) User=2.95s Sys=0.03s Real=0.41s
[27.014s][info][gc,start       ] GC(181) Pause Full (Ergonomics)
[27.014s][info][gc,phases,start] GC(181) Marking Phase
[27.332s][info][gc,phases      ] GC(181) Marking Phase 318.038ms
[27.332s][info][gc,phases,start] GC(181) Summary Phase
[27.332s][info][gc,phases      ] GC(181) Summary Phase 0.026ms
[27.332s][info][gc,phases,start] GC(181) Adjust Roots
[27.332s][info][gc,phases      ] GC(181) Adjust Roots 0.207ms
[27.332s][info][gc,phases,start] GC(181) Compaction Phase
[27.426s][info][gc,phases      ] GC(181) Compaction Phase 93.458ms
[27.426s][info][gc,phases,start] GC(181) Post Compact
[27.428s][info][gc,phases      ] GC(181) Post Compact 2.233ms
[27.428s][info][gc,heap        ] GC(181) PSYoungGen: 34819K(110080K)->34819K(110080K) Eden: 29183K(29184K)->29183K(29184K) From: 5635K(80896K)->5635K(80896K)
[27.428s][info][gc,heap        ] GC(181) ParOldGen: 1365236K(1365504K)->1365236K(1365504K)
[27.428s][info][gc,metaspace   ] GC(181) Metaspace: 6302K(6464K)->6302K(6464K) NonClass: 5769K(5824K)->5769K(5824K) Class: 533K(640K)->533K(640K)
[27.428s][info][gc             ] GC(181) Pause Full (Ergonomics) 1367M->1367M(1441M) 414.273ms
[27.428s][info][gc,cpu         ] GC(181) User=2.92s Sys=0.05s Real=0.41s
[27.429s][info][gc,start       ] GC(182) Pause Full (Ergonomics)
[27.429s][info][gc,phases,start] GC(182) Marking Phase
[27.751s][info][gc,phases      ] GC(182) Marking Phase 322.411ms
[27.751s][info][gc,phases,start] GC(182) Summary Phase
[27.751s][info][gc,phases      ] GC(182) Summary Phase 0.027ms
[27.751s][info][gc,phases,start] GC(182) Adjust Roots
[27.751s][info][gc,phases      ] GC(182) Adjust Roots 0.205ms
[27.751s][info][gc,phases,start] GC(182) Compaction Phase
[27.838s][info][gc,phases      ] GC(182) Compaction Phase 86.271ms
[27.838s][info][gc,phases,start] GC(182) Post Compact
[27.840s][info][gc,phases      ] GC(182) Post Compact 2.194ms
[27.840s][info][gc,heap        ] GC(182) PSYoungGen: 34819K(110080K)->34819K(110080K) Eden: 29183K(29184K)->29183K(29184K) From: 5635K(80896K)->5635K(80896K)
[27.840s][info][gc,heap        ] GC(182) ParOldGen: 1365240K(1365504K)->1365240K(1365504K)
[27.840s][info][gc,metaspace   ] GC(182) Metaspace: 6302K(6464K)->6302K(6464K) NonClass: 5769K(5824K)->5769K(5824K) Class: 533K(640K)->533K(640K)
[27.840s][info][gc             ] GC(182) Pause Full (Ergonomics) 1367M->1367M(1441M) 411.500ms
[27.840s][info][gc,cpu         ] GC(182) User=3.08s Sys=0.02s Real=0.41s
[27.840s][info][gc,start       ] GC(183) Pause Full (Ergonomics)
[27.840s][info][gc,phases,start] GC(183) Marking Phase
[28.171s][info][gc,phases      ] GC(183) Marking Phase 330.895ms
[28.171s][info][gc,phases,start] GC(183) Summary Phase
[28.171s][info][gc,phases      ] GC(183) Summary Phase 0.027ms
[28.171s][info][gc,phases,start] GC(183) Adjust Roots
[28.172s][info][gc,phases      ] GC(183) Adjust Roots 0.203ms
[28.172s][info][gc,phases,start] GC(183) Compaction Phase
[28.259s][info][gc,phases      ] GC(183) Compaction Phase 87.042ms
[28.259s][info][gc,phases,start] GC(183) Post Compact
[28.261s][info][gc,phases      ] GC(183) Post Compact 2.217ms
[28.261s][info][gc,heap        ] GC(183) PSYoungGen: 34819K(110080K)->34819K(110080K) Eden: 29183K(29184K)->29183K(29184K) From: 5635K(80896K)->5635K(80896K)
[28.261s][info][gc,heap        ] GC(183) ParOldGen: 1365245K(1365504K)->1365245K(1365504K)
[28.261s][info][gc,metaspace   ] GC(183) Metaspace: 6302K(6464K)->6302K(6464K) NonClass: 5769K(5824K)->5769K(5824K) Class: 533K(640K)->533K(640K)
[28.261s][info][gc             ] GC(183) Pause Full (Ergonomics) 1367M->1367M(1441M) 420.756ms
[28.261s][info][gc,cpu         ] GC(183) User=3.12s Sys=0.00s Real=0.42s
[28.261s][info][gc,start       ] GC(184) Pause Full (Ergonomics)
[28.261s][info][gc,phases,start] GC(184) Marking Phase
[28.591s][info][gc,phases      ] GC(184) Marking Phase 329.163ms
[28.591s][info][gc,phases,start] GC(184) Summary Phase
[28.591s][info][gc,phases      ] GC(184) Summary Phase 0.026ms
[28.591s][info][gc,phases,start] GC(184) Adjust Roots
[28.591s][info][gc,phases      ] GC(184) Adjust Roots 0.202ms
[28.591s][info][gc,phases,start] GC(184) Compaction Phase
[28.680s][info][gc,phases      ] GC(184) Compaction Phase 89.514ms
[28.681s][info][gc,phases,start] GC(184) Post Compact
[28.683s][info][gc,phases      ] GC(184) Post Compact 2.433ms
[28.683s][info][gc,heap        ] GC(184) PSYoungGen: 34819K(110080K)->34819K(110080K) Eden: 29183K(29184K)->29183K(29184K) From: 5635K(80896K)->5635K(80896K)
[28.683s][info][gc,heap        ] GC(184) ParOldGen: 1365250K(1365504K)->1365250K(1365504K)
[28.683s][info][gc,metaspace   ] GC(184) Metaspace: 6302K(6464K)->6302K(6464K) NonClass: 5769K(5824K)->5769K(5824K) Class: 533K(640K)->533K(640K)
[28.683s][info][gc             ] GC(184) Pause Full (Ergonomics) 1367M->1367M(1441M) 421.674ms
[28.683s][info][gc,cpu         ] GC(184) User=3.09s Sys=0.00s Real=0.42s
[28.683s][info][gc,start       ] GC(185) Pause Full (Ergonomics)
[28.683s][info][gc,phases,start] GC(185) Marking Phase
[29.010s][info][gc,phases      ] GC(185) Marking Phase 326.866ms
[29.010s][info][gc,phases,start] GC(185) Summary Phase
[29.010s][info][gc,phases      ] GC(185) Summary Phase 0.027ms
[29.010s][info][gc,phases,start] GC(185) Adjust Roots
[29.011s][info][gc,phases      ] GC(185) Adjust Roots 0.212ms
[29.011s][info][gc,phases,start] GC(185) Compaction Phase
[29.105s][info][gc,phases      ] GC(185) Compaction Phase 94.258ms
[29.105s][info][gc,phases,start] GC(185) Post Compact
[29.107s][info][gc,phases      ] GC(185) Post Compact 2.280ms
[29.107s][info][gc,heap        ] GC(185) PSYoungGen: 34819K(110080K)->34819K(110080K) Eden: 29183K(29184K)->29183K(29184K) From: 5635K(80896K)->5635K(80896K)
[29.107s][info][gc,heap        ] GC(185) ParOldGen: 1365254K(1365504K)->1365254K(1365504K)
[29.107s][info][gc,metaspace   ] GC(185) Metaspace: 6302K(6464K)->6302K(6464K) NonClass: 5769K(5824K)->5769K(5824K) Class: 533K(640K)->533K(640K)
[29.107s][info][gc             ] GC(185) Pause Full (Ergonomics) 1367M->1367M(1441M) 423.988ms
[29.107s][info][gc,cpu         ] GC(185) User=3.03s Sys=0.00s Real=0.42s
[29.108s][info][gc,start       ] GC(186) Pause Full (Ergonomics)
[29.108s][info][gc,phases,start] GC(186) Marking Phase
[29.440s][info][gc,phases      ] GC(186) Marking Phase 332.506ms
[29.440s][info][gc,phases,start] GC(186) Summary Phase
[29.440s][info][gc,phases      ] GC(186) Summary Phase 0.026ms
[29.440s][info][gc,phases,start] GC(186) Adjust Roots
[29.441s][info][gc,phases      ] GC(186) Adjust Roots 0.210ms
[29.441s][info][gc,phases,start] GC(186) Compaction Phase
[29.533s][info][gc,phases      ] GC(186) Compaction Phase 92.485ms
[29.533s][info][gc,phases,start] GC(186) Post Compact
[29.536s][info][gc,phases      ] GC(186) Post Compact 3.108ms
[29.536s][info][gc,heap        ] GC(186) PSYoungGen: 34819K(110080K)->34819K(110080K) Eden: 29183K(29184K)->29183K(29184K) From: 5635K(80896K)->5635K(80896K)
[29.536s][info][gc,heap        ] GC(186) ParOldGen: 1365259K(1365504K)->1365259K(1365504K)
[29.536s][info][gc,metaspace   ] GC(186) Metaspace: 6302K(6464K)->6302K(6464K) NonClass: 5769K(5824K)->5769K(5824K) Class: 533K(640K)->533K(640K)
[29.536s][info][gc             ] GC(186) Pause Full (Ergonomics) 1367M->1367M(1441M) 428.699ms
[29.536s][info][gc,cpu         ] GC(186) User=3.08s Sys=0.02s Real=0.43s
[29.537s][info][gc,start       ] GC(187) Pause Full (Ergonomics)
[29.537s][info][gc,phases,start] GC(187) Marking Phase
[29.858s][info][gc,phases      ] GC(187) Marking Phase 320.637ms
[29.858s][info][gc,phases,start] GC(187) Summary Phase
[29.858s][info][gc,phases      ] GC(187) Summary Phase 0.038ms
[29.858s][info][gc,phases,start] GC(187) Adjust Roots
[29.858s][info][gc,phases      ] GC(187) Adjust Roots 0.269ms
[29.858s][info][gc,phases,start] GC(187) Compaction Phase
[29.946s][info][gc,phases      ] GC(187) Compaction Phase 88.202ms
[29.946s][info][gc,phases,start] GC(187) Post Compact
[29.949s][info][gc,phases      ] GC(187) Post Compact 2.344ms
[29.949s][info][gc,heap        ] GC(187) PSYoungGen: 34819K(110080K)->34819K(110080K) Eden: 29183K(29184K)->29183K(29184K) From: 5635K(80896K)->5635K(80896K)
[29.949s][info][gc,heap        ] GC(187) ParOldGen: 1365264K(1365504K)->1365264K(1365504K)
[29.949s][info][gc,metaspace   ] GC(187) Metaspace: 6302K(6464K)->6302K(6464K) NonClass: 5769K(5824K)->5769K(5824K) Class: 533K(640K)->533K(640K)
[29.949s][info][gc             ] GC(187) Pause Full (Ergonomics) 1367M->1367M(1441M) 411.910ms
[29.949s][info][gc,cpu         ] GC(187) User=3.20s Sys=0.02s Real=0.41s
[29.949s][info][gc,start       ] GC(188) Pause Full (Ergonomics)
[29.949s][info][gc,phases,start] GC(188) Marking Phase
[30.288s][info][gc,phases      ] GC(188) Marking Phase 338.876ms
[30.288s][info][gc,phases,start] GC(188) Summary Phase
[30.288s][info][gc,phases      ] GC(188) Summary Phase 0.034ms
[30.288s][info][gc,phases,start] GC(188) Adjust Roots
[30.288s][info][gc,phases      ] GC(188) Adjust Roots 0.208ms
[30.288s][info][gc,phases,start] GC(188) Compaction Phase
[30.375s][info][gc,phases      ] GC(188) Compaction Phase 86.900ms
[30.375s][info][gc,phases,start] GC(188) Post Compact
[30.378s][info][gc,phases      ] GC(188) Post Compact 2.301ms
[30.378s][info][gc,heap        ] GC(188) PSYoungGen: 34819K(110080K)->34819K(110080K) Eden: 29183K(29184K)->29183K(29184K) From: 5635K(80896K)->5635K(80896K)
[30.378s][info][gc,heap        ] GC(188) ParOldGen: 1365268K(1365504K)->1365268K(1365504K)
[30.378s][info][gc,metaspace   ] GC(188) Metaspace: 6302K(6464K)->6302K(6464K) NonClass: 5769K(5824K)->5769K(5824K) Class: 533K(640K)->533K(640K)
[30.378s][info][gc             ] GC(188) Pause Full (Ergonomics) 1367M->1367M(1441M) 428.663ms
[30.378s][info][gc,cpu         ] GC(188) User=3.19s Sys=0.03s Real=0.43s
[30.378s][info][gc,start       ] GC(189) Pause Full (Ergonomics)
[30.378s][info][gc,phases,start] GC(189) Marking Phase
[30.703s][info][gc,phases      ] GC(189) Marking Phase 324.614ms
[30.703s][info][gc,phases,start] GC(189) Summary Phase
[30.703s][info][gc,phases      ] GC(189) Summary Phase 0.027ms
[30.703s][info][gc,phases,start] GC(189) Adjust Roots
[30.703s][info][gc,phases      ] GC(189) Adjust Roots 0.205ms
[30.703s][info][gc,phases,start] GC(189) Compaction Phase
[30.792s][info][gc,phases      ] GC(189) Compaction Phase 88.594ms
[30.792s][info][gc,phases,start] GC(189) Post Compact
[30.794s][info][gc,phases      ] GC(189) Post Compact 2.193ms
[30.794s][info][gc,heap        ] GC(189) PSYoungGen: 34819K(110080K)->34819K(110080K) Eden: 29183K(29184K)->29183K(29184K) From: 5635K(80896K)->5635K(80896K)
[30.794s][info][gc,heap        ] GC(189) ParOldGen: 1365273K(1365504K)->1365273K(1365504K)
[30.794s][info][gc,metaspace   ] GC(189) Metaspace: 6302K(6464K)->6302K(6464K) NonClass: 5769K(5824K)->5769K(5824K) Class: 533K(640K)->533K(640K)
[30.794s][info][gc             ] GC(189) Pause Full (Ergonomics) 1367M->1367M(1441M) 415.997ms
[30.794s][info][gc,cpu         ] GC(189) User=3.23s Sys=0.00s Real=0.42s
[30.794s][info][gc,start       ] GC(190) Pause Full (Ergonomics)
[30.794s][info][gc,phases,start] GC(190) Marking Phase
[31.126s][info][gc,phases      ] GC(190) Marking Phase 332.057ms
[31.126s][info][gc,phases,start] GC(190) Summary Phase
[31.126s][info][gc,phases      ] GC(190) Summary Phase 0.027ms
[31.127s][info][gc,phases,start] GC(190) Adjust Roots
[31.127s][info][gc,phases      ] GC(190) Adjust Roots 0.196ms
[31.127s][info][gc,phases,start] GC(190) Compaction Phase
[31.219s][info][gc,phases      ] GC(190) Compaction Phase 92.394ms
[31.219s][info][gc,phases,start] GC(190) Post Compact
[31.221s][info][gc,phases      ] GC(190) Post Compact 2.253ms
[31.222s][info][gc,heap        ] GC(190) PSYoungGen: 34819K(110080K)->34819K(110080K) Eden: 29183K(29184K)->29183K(29184K) From: 5635K(80896K)->5635K(80896K)
[31.222s][info][gc,heap        ] GC(190) ParOldGen: 1365278K(1365504K)->1365278K(1365504K)
[31.222s][info][gc,metaspace   ] GC(190) Metaspace: 6302K(6464K)->6302K(6464K) NonClass: 5769K(5824K)->5769K(5824K) Class: 533K(640K)->533K(640K)
[31.222s][info][gc             ] GC(190) Pause Full (Ergonomics) 1367M->1367M(1441M) 427.243ms
[31.222s][info][gc,cpu         ] GC(190) User=3.09s Sys=0.03s Real=0.43s
[31.222s][info][gc,start       ] GC(191) Pause Full (Ergonomics)
[31.222s][info][gc,phases,start] GC(191) Marking Phase
[31.553s][info][gc,phases      ] GC(191) Marking Phase 331.084ms
[31.553s][info][gc,phases,start] GC(191) Summary Phase
[31.553s][info][gc,phases      ] GC(191) Summary Phase 0.027ms
[31.553s][info][gc,phases,start] GC(191) Adjust Roots
[31.553s][info][gc,phases      ] GC(191) Adjust Roots 0.218ms
[31.553s][info][gc,phases,start] GC(191) Compaction Phase
[31.641s][info][gc,phases      ] GC(191) Compaction Phase 87.179ms
[31.641s][info][gc,phases,start] GC(191) Post Compact
[31.643s][info][gc,phases      ] GC(191) Post Compact 2.207ms
[31.643s][info][gc,heap        ] GC(191) PSYoungGen: 34819K(110080K)->34819K(110080K) Eden: 29183K(29184K)->29183K(29184K) From: 5635K(80896K)->5635K(80896K)
[31.643s][info][gc,heap        ] GC(191) ParOldGen: 1365282K(1365504K)->1365282K(1365504K)
[31.643s][info][gc,metaspace   ] GC(191) Metaspace: 6302K(6464K)->6302K(6464K) NonClass: 5769K(5824K)->5769K(5824K) Class: 533K(640K)->533K(640K)
[31.643s][info][gc             ] GC(191) Pause Full (Ergonomics) 1367M->1367M(1441M) 421.069ms
[31.643s][info][gc,cpu         ] GC(191) User=3.38s Sys=0.00s Real=0.42s
[31.643s][info][gc,start       ] GC(192) Pause Full (Ergonomics)
[31.643s][info][gc,phases,start] GC(192) Marking Phase
[31.976s][info][gc,phases      ] GC(192) Marking Phase 332.853ms
[31.976s][info][gc,phases,start] GC(192) Summary Phase
[31.976s][info][gc,phases      ] GC(192) Summary Phase 0.026ms
[31.976s][info][gc,phases,start] GC(192) Adjust Roots
[31.976s][info][gc,phases      ] GC(192) Adjust Roots 0.214ms
[31.976s][info][gc,phases,start] GC(192) Compaction Phase
[32.068s][info][gc,phases      ] GC(192) Compaction Phase 91.276ms
[32.068s][info][gc,phases,start] GC(192) Post Compact
[32.070s][info][gc,phases      ] GC(192) Post Compact 2.251ms
[32.070s][info][gc,heap        ] GC(192) PSYoungGen: 34819K(110080K)->34819K(110080K) Eden: 29183K(29184K)->29183K(29184K) From: 5635K(80896K)->5635K(80896K)
[32.070s][info][gc,heap        ] GC(192) ParOldGen: 1365287K(1365504K)->1365287K(1365504K)
[32.070s][info][gc,metaspace   ] GC(192) Metaspace: 6302K(6464K)->6302K(6464K) NonClass: 5769K(5824K)->5769K(5824K) Class: 533K(640K)->533K(640K)
[32.070s][info][gc             ] GC(192) Pause Full (Ergonomics) 1367M->1367M(1441M) 426.953ms
[32.070s][info][gc,cpu         ] GC(192) User=3.38s Sys=0.00s Real=0.43s
[32.071s][info][gc,start       ] GC(193) Pause Full (Ergonomics)
[32.071s][info][gc,phases,start] GC(193) Marking Phase
[32.398s][info][gc,phases      ] GC(193) Marking Phase 327.307ms
[32.398s][info][gc,phases,start] GC(193) Summary Phase
[32.398s][info][gc,phases      ] GC(193) Summary Phase 0.027ms
[32.398s][info][gc,phases,start] GC(193) Adjust Roots
[32.398s][info][gc,phases      ] GC(193) Adjust Roots 0.205ms
[32.398s][info][gc,phases,start] GC(193) Compaction Phase
[32.488s][info][gc,phases      ] GC(193) Compaction Phase 89.291ms
[32.488s][info][gc,phases,start] GC(193) Post Compact
[32.490s][info][gc,phases      ] GC(193) Post Compact 2.218ms
[32.490s][info][gc,heap        ] GC(193) PSYoungGen: 34819K(110080K)->34819K(110080K) Eden: 29183K(29184K)->29183K(29184K) From: 5635K(80896K)->5635K(80896K)
[32.490s][info][gc,heap        ] GC(193) ParOldGen: 1365292K(1365504K)->1365292K(1365504K)
[32.490s][info][gc,metaspace   ] GC(193) Metaspace: 6302K(6464K)->6302K(6464K) NonClass: 5769K(5824K)->5769K(5824K) Class: 533K(640K)->533K(640K)
[32.490s][info][gc             ] GC(193) Pause Full (Ergonomics) 1367M->1367M(1441M) 419.414ms
[32.490s][info][gc,cpu         ] GC(193) User=3.16s Sys=0.02s Real=0.42s
[32.490s][info][gc,start       ] GC(194) Pause Full (Ergonomics)
[32.490s][info][gc,phases,start] GC(194) Marking Phase
[32.828s][info][gc,phases      ] GC(194) Marking Phase 337.558ms
[32.828s][info][gc,phases,start] GC(194) Summary Phase
[32.828s][info][gc,phases      ] GC(194) Summary Phase 0.026ms
[32.828s][info][gc,phases,start] GC(194) Adjust Roots
[32.828s][info][gc,phases      ] GC(194) Adjust Roots 0.201ms
[32.828s][info][gc,phases,start] GC(194) Compaction Phase
[32.915s][info][gc,phases      ] GC(194) Compaction Phase 87.007ms
[32.915s][info][gc,phases,start] GC(194) Post Compact
[32.917s][info][gc,phases      ] GC(194) Post Compact 2.234ms
[32.918s][info][gc,heap        ] GC(194) PSYoungGen: 34819K(110080K)->34819K(110080K) Eden: 29183K(29184K)->29183K(29184K) From: 5635K(80896K)->5635K(80896K)
[32.918s][info][gc,heap        ] GC(194) ParOldGen: 1365296K(1365504K)->1365296K(1365504K)
[32.918s][info][gc,metaspace   ] GC(194) Metaspace: 6302K(6464K)->6302K(6464K) NonClass: 5769K(5824K)->5769K(5824K) Class: 533K(640K)->533K(640K)
[32.918s][info][gc             ] GC(194) Pause Full (Ergonomics) 1367M->1367M(1441M) 427.364ms
[32.918s][info][gc,cpu         ] GC(194) User=3.36s Sys=0.00s Real=0.43s
[32.918s][info][gc,start       ] GC(195) Pause Full (Ergonomics)
[32.918s][info][gc,phases,start] GC(195) Marking Phase
[33.234s][info][gc,phases      ] GC(195) Marking Phase 316.244ms
[33.234s][info][gc,phases,start] GC(195) Summary Phase
[33.234s][info][gc,phases      ] GC(195) Summary Phase 0.027ms
[33.234s][info][gc,phases,start] GC(195) Adjust Roots
[33.235s][info][gc,phases      ] GC(195) Adjust Roots 0.198ms
[33.235s][info][gc,phases,start] GC(195) Compaction Phase
[33.324s][info][gc,phases      ] GC(195) Compaction Phase 89.146ms
[33.324s][info][gc,phases,start] GC(195) Post Compact
[33.326s][info][gc,phases      ] GC(195) Post Compact 2.300ms
[33.326s][info][gc,heap        ] GC(195) PSYoungGen: 34819K(110080K)->34819K(110080K) Eden: 29183K(29184K)->29183K(29184K) From: 5635K(80896K)->5635K(80896K)
[33.326s][info][gc,heap        ] GC(195) ParOldGen: 1365301K(1365504K)->1365301K(1365504K)
[33.326s][info][gc,metaspace   ] GC(195) Metaspace: 6302K(6464K)->6302K(6464K) NonClass: 5769K(5824K)->5769K(5824K) Class: 533K(640K)->533K(640K)
[33.326s][info][gc             ] GC(195) Pause Full (Ergonomics) 1367M->1367M(1441M) 408.437ms
[33.326s][info][gc,cpu         ] GC(195) User=3.03s Sys=0.00s Real=0.41s
[33.327s][info][gc,start       ] GC(196) Pause Full (Ergonomics)
[33.327s][info][gc,phases,start] GC(196) Marking Phase
[33.658s][info][gc,phases      ] GC(196) Marking Phase 331.154ms
[33.658s][info][gc,phases,start] GC(196) Summary Phase
[33.658s][info][gc,phases      ] GC(196) Summary Phase 0.032ms
[33.658s][info][gc,phases,start] GC(196) Adjust Roots
[33.658s][info][gc,phases      ] GC(196) Adjust Roots 0.209ms
[33.658s][info][gc,phases,start] GC(196) Compaction Phase
[33.746s][info][gc,phases      ] GC(196) Compaction Phase 87.855ms
[33.746s][info][gc,phases,start] GC(196) Post Compact
[33.749s][info][gc,phases      ] GC(196) Post Compact 2.216ms
[33.749s][info][gc,heap        ] GC(196) PSYoungGen: 34819K(110080K)->34819K(110080K) Eden: 29183K(29184K)->29183K(29184K) From: 5635K(80896K)->5635K(80896K)
[33.749s][info][gc,heap        ] GC(196) ParOldGen: 1365306K(1365504K)->1365306K(1365504K)
[33.749s][info][gc,metaspace   ] GC(196) Metaspace: 6302K(6464K)->6302K(6464K) NonClass: 5769K(5824K)->5769K(5824K) Class: 533K(640K)->533K(640K)
[33.749s][info][gc             ] GC(196) Pause Full (Ergonomics) 1367M->1367M(1441M) 421.859ms
[33.749s][info][gc,cpu         ] GC(196) User=3.12s Sys=0.03s Real=0.42s
[33.749s][info][gc,start       ] GC(197) Pause Full (Ergonomics)
[33.749s][info][gc,phases,start] GC(197) Marking Phase
[34.072s][info][gc,phases      ] GC(197) Marking Phase 323.122ms
[34.072s][info][gc,phases,start] GC(197) Summary Phase
[34.072s][info][gc,phases      ] GC(197) Summary Phase 0.026ms
[34.072s][info][gc,phases,start] GC(197) Adjust Roots
[34.072s][info][gc,phases      ] GC(197) Adjust Roots 0.207ms
[34.072s][info][gc,phases,start] GC(197) Compaction Phase
[34.161s][info][gc,phases      ] GC(197) Compaction Phase 88.993ms
[34.162s][info][gc,phases,start] GC(197) Post Compact
[34.164s][info][gc,phases      ] GC(197) Post Compact 2.214ms
[34.164s][info][gc,heap        ] GC(197) PSYoungGen: 34819K(110080K)->34819K(110080K) Eden: 29183K(29184K)->29183K(29184K) From: 5635K(80896K)->5635K(80896K)
[34.164s][info][gc,heap        ] GC(197) ParOldGen: 1365310K(1365504K)->1365310K(1365504K)
[34.164s][info][gc,metaspace   ] GC(197) Metaspace: 6302K(6464K)->6302K(6464K) NonClass: 5769K(5824K)->5769K(5824K) Class: 533K(640K)->533K(640K)
[34.164s][info][gc             ] GC(197) Pause Full (Ergonomics) 1367M->1367M(1441M) 414.901ms
[34.164s][info][gc,cpu         ] GC(197) User=3.02s Sys=0.00s Real=0.41s
[34.164s][info][gc,start       ] GC(198) Pause Full (Ergonomics)
[34.164s][info][gc,phases,start] GC(198) Marking Phase
[34.505s][info][gc,phases      ] GC(198) Marking Phase 340.918ms
[34.505s][info][gc,phases,start] GC(198) Summary Phase
[34.505s][info][gc,phases      ] GC(198) Summary Phase 0.026ms
[34.505s][info][gc,phases,start] GC(198) Adjust Roots
[34.505s][info][gc,phases      ] GC(198) Adjust Roots 0.219ms
[34.505s][info][gc,phases,start] GC(198) Compaction Phase
[34.594s][info][gc,phases      ] GC(198) Compaction Phase 88.057ms
[34.594s][info][gc,phases,start] GC(198) Post Compact
[34.596s][info][gc,phases      ] GC(198) Post Compact 2.242ms
[34.596s][info][gc,heap        ] GC(198) PSYoungGen: 34819K(110080K)->34819K(110080K) Eden: 29183K(29184K)->29183K(29184K) From: 5635K(80896K)->5635K(80896K)
[34.596s][info][gc,heap        ] GC(198) ParOldGen: 1365315K(1365504K)->1365315K(1365504K)
[34.596s][info][gc,metaspace   ] GC(198) Metaspace: 6302K(6464K)->6302K(6464K) NonClass: 5769K(5824K)->5769K(5824K) Class: 533K(640K)->533K(640K)
[34.596s][info][gc             ] GC(198) Pause Full (Ergonomics) 1367M->1367M(1441M) 431.797ms
[34.596s][info][gc,cpu         ] GC(198) User=3.36s Sys=0.02s Real=0.43s
[34.596s][info][gc,start       ] GC(199) Pause Full (Ergonomics)
[34.596s][info][gc,phases,start] GC(199) Marking Phase
[34.907s][info][gc,phases      ] GC(199) Marking Phase 311.000ms
[34.907s][info][gc,phases,start] GC(199) Summary Phase
[34.907s][info][gc,phases      ] GC(199) Summary Phase 0.027ms
[34.907s][info][gc,phases,start] GC(199) Adjust Roots
[34.908s][info][gc,phases      ] GC(199) Adjust Roots 0.200ms
[34.908s][info][gc,phases,start] GC(199) Compaction Phase
[34.998s][info][gc,phases      ] GC(199) Compaction Phase 90.003ms
[34.998s][info][gc,phases,start] GC(199) Post Compact
[35.000s][info][gc,phases      ] GC(199) Post Compact 2.269ms
[35.000s][info][gc,heap        ] GC(199) PSYoungGen: 34819K(110080K)->34819K(110080K) Eden: 29183K(29184K)->29183K(29184K) From: 5635K(80896K)->5635K(80896K)
[35.000s][info][gc,heap        ] GC(199) ParOldGen: 1365320K(1365504K)->1365320K(1365504K)
[35.000s][info][gc,metaspace   ] GC(199) Metaspace: 6302K(6464K)->6302K(6464K) NonClass: 5769K(5824K)->5769K(5824K) Class: 533K(640K)->533K(640K)
[35.000s][info][gc             ] GC(199) Pause Full (Ergonomics) 1367M->1367M(1441M) 403.848ms
[35.000s][info][gc,cpu         ] GC(199) User=3.09s Sys=0.02s Real=0.40s
[35.000s][info][gc,start       ] GC(200) Pause Full (Ergonomics)
[35.000s][info][gc,phases,start] GC(200) Marking Phase
[35.337s][info][gc,phases      ] GC(200) Marking Phase 336.493ms
[35.337s][info][gc,phases,start] GC(200) Summary Phase
[35.337s][info][gc,phases      ] GC(200) Summary Phase 0.026ms
[35.337s][info][gc,phases,start] GC(200) Adjust Roots
[35.337s][info][gc,phases      ] GC(200) Adjust Roots 0.221ms
[35.337s][info][gc,phases,start] GC(200) Compaction Phase
[35.426s][info][gc,phases      ] GC(200) Compaction Phase 88.465ms
[35.426s][info][gc,phases,start] GC(200) Post Compact
[35.428s][info][gc,phases      ] GC(200) Post Compact 2.214ms
[35.428s][info][gc,heap        ] GC(200) PSYoungGen: 34819K(110080K)->34819K(110080K) Eden: 29183K(29184K)->29183K(29184K) From: 5635K(80896K)->5635K(80896K)
[35.428s][info][gc,heap        ] GC(200) ParOldGen: 1365324K(1365504K)->1365324K(1365504K)
[35.428s][info][gc,metaspace   ] GC(200) Metaspace: 6302K(6464K)->6302K(6464K) NonClass: 5769K(5824K)->5769K(5824K) Class: 533K(640K)->533K(640K)
[35.428s][info][gc             ] GC(200) Pause Full (Ergonomics) 1367M->1367M(1441M) 427.751ms
[35.428s][info][gc,cpu         ] GC(200) User=3.27s Sys=0.02s Real=0.43s
[35.429s][info][gc,start       ] GC(201) Pause Full (Ergonomics)
[35.429s][info][gc,phases,start] GC(201) Marking Phase
[35.765s][info][gc,phases      ] GC(201) Marking Phase 336.716ms
[35.765s][info][gc,phases,start] GC(201) Summary Phase
[35.765s][info][gc,phases      ] GC(201) Summary Phase 0.026ms
[35.765s][info][gc,phases,start] GC(201) Adjust Roots
[35.766s][info][gc,phases      ] GC(201) Adjust Roots 0.199ms
[35.766s][info][gc,phases,start] GC(201) Compaction Phase
[35.855s][info][gc,phases      ] GC(201) Compaction Phase 89.194ms
[35.855s][info][gc,phases,start] GC(201) Post Compact
[35.857s][info][gc,phases      ] GC(201) Post Compact 2.259ms
[35.857s][info][gc,heap        ] GC(201) PSYoungGen: 34819K(110080K)->34819K(110080K) Eden: 29183K(29184K)->29183K(29184K) From: 5635K(80896K)->5635K(80896K)
[35.857s][info][gc,heap        ] GC(201) ParOldGen: 1365329K(1365504K)->1365329K(1365504K)
[35.857s][info][gc,metaspace   ] GC(201) Metaspace: 6302K(6464K)->6302K(6464K) NonClass: 5769K(5824K)->5769K(5824K) Class: 533K(640K)->533K(640K)
[35.857s][info][gc             ] GC(201) Pause Full (Ergonomics) 1367M->1367M(1441M) 428.717ms
[35.857s][info][gc,cpu         ] GC(201) User=3.36s Sys=0.00s Real=0.43s
[35.858s][info][gc,start       ] GC(202) Pause Full (Ergonomics)
[35.858s][info][gc,phases,start] GC(202) Marking Phase
[36.184s][info][gc,phases      ] GC(202) Marking Phase 326.161ms
[36.184s][info][gc,phases,start] GC(202) Summary Phase
[36.184s][info][gc,phases      ] GC(202) Summary Phase 0.027ms
[36.184s][info][gc,phases,start] GC(202) Adjust Roots
[36.184s][info][gc,phases      ] GC(202) Adjust Roots 0.206ms
[36.184s][info][gc,phases,start] GC(202) Compaction Phase
[36.271s][info][gc,phases      ] GC(202) Compaction Phase 87.328ms
[36.272s][info][gc,phases,start] GC(202) Post Compact
[36.274s][info][gc,phases      ] GC(202) Post Compact 2.241ms
[36.274s][info][gc,heap        ] GC(202) PSYoungGen: 34819K(110080K)->34819K(110080K) Eden: 29183K(29184K)->29183K(29184K) From: 5635K(80896K)->5635K(80896K)
[36.274s][info][gc,heap        ] GC(202) ParOldGen: 1365334K(1365504K)->1365334K(1365504K)
[36.274s][info][gc,metaspace   ] GC(202) Metaspace: 6302K(6464K)->6302K(6464K) NonClass: 5769K(5824K)->5769K(5824K) Class: 533K(640K)->533K(640K)
[36.274s][info][gc             ] GC(202) Pause Full (Ergonomics) 1367M->1367M(1441M) 416.326ms
[36.274s][info][gc,cpu         ] GC(202) User=3.11s Sys=0.03s Real=0.42s
[36.274s][info][gc,start       ] GC(203) Pause Full (Ergonomics)
[36.274s][info][gc,phases,start] GC(203) Marking Phase
[36.606s][info][gc,phases      ] GC(203) Marking Phase 331.867ms
[36.606s][info][gc,phases,start] GC(203) Summary Phase
[36.606s][info][gc,phases      ] GC(203) Summary Phase 0.027ms
[36.606s][info][gc,phases,start] GC(203) Adjust Roots
[36.606s][info][gc,phases      ] GC(203) Adjust Roots 0.210ms
[36.606s][info][gc,phases,start] GC(203) Compaction Phase
[36.695s][info][gc,phases      ] GC(203) Compaction Phase 88.966ms
[36.696s][info][gc,phases,start] GC(203) Post Compact
[36.698s][info][gc,phases      ] GC(203) Post Compact 2.234ms
[36.698s][info][gc,heap        ] GC(203) PSYoungGen: 34819K(110080K)->34819K(110080K) Eden: 29183K(29184K)->29183K(29184K) From: 5635K(80896K)->5635K(80896K)
[36.698s][info][gc,heap        ] GC(203) ParOldGen: 1365338K(1365504K)->1365338K(1365504K)
[36.698s][info][gc,metaspace   ] GC(203) Metaspace: 6302K(6464K)->6302K(6464K) NonClass: 5769K(5824K)->5769K(5824K) Class: 533K(640K)->533K(640K)
[36.698s][info][gc             ] GC(203) Pause Full (Ergonomics) 1367M->1367M(1441M) 423.642ms
[36.698s][info][gc,cpu         ] GC(203) User=3.14s Sys=0.00s Real=0.42s
[36.698s][info][gc,start       ] GC(204) Pause Full (Ergonomics)
[36.698s][info][gc,phases,start] GC(204) Marking Phase
[37.014s][info][gc,phases      ] GC(204) Marking Phase 315.488ms
[37.014s][info][gc,phases,start] GC(204) Summary Phase
[37.014s][info][gc,phases      ] GC(204) Summary Phase 0.027ms
[37.014s][info][gc,phases,start] GC(204) Adjust Roots
[37.014s][info][gc,phases      ] GC(204) Adjust Roots 0.227ms
[37.014s][info][gc,phases,start] GC(204) Compaction Phase
[37.104s][info][gc,phases      ] GC(204) Compaction Phase 90.041ms
[37.104s][info][gc,phases,start] GC(204) Post Compact
[37.106s][info][gc,phases      ] GC(204) Post Compact 2.257ms
[37.107s][info][gc,heap        ] GC(204) PSYoungGen: 34819K(110080K)->34819K(110080K) Eden: 29183K(29184K)->29183K(29184K) From: 5635K(80896K)->5635K(80896K)
[37.107s][info][gc,heap        ] GC(204) ParOldGen: 1365343K(1365504K)->1365343K(1365504K)
[37.107s][info][gc,metaspace   ] GC(204) Metaspace: 6302K(6464K)->6302K(6464K) NonClass: 5769K(5824K)->5769K(5824K) Class: 533K(640K)->533K(640K)
[37.107s][info][gc             ] GC(204) Pause Full (Ergonomics) 1367M->1367M(1441M) 408.418ms
[37.107s][info][gc,cpu         ] GC(204) User=3.00s Sys=0.02s Real=0.41s
[37.107s][info][gc,start       ] GC(205) Pause Full (Ergonomics)
[37.107s][info][gc,phases,start] GC(205) Marking Phase
[37.443s][info][gc,phases      ] GC(205) Marking Phase 336.200ms
[37.443s][info][gc,phases,start] GC(205) Summary Phase
[37.443s][info][gc,phases      ] GC(205) Summary Phase 0.027ms
[37.443s][info][gc,phases,start] GC(205) Adjust Roots
[37.443s][info][gc,phases      ] GC(205) Adjust Roots 0.203ms
[37.443s][info][gc,phases,start] GC(205) Compaction Phase
[37.530s][info][gc,phases      ] GC(205) Compaction Phase 86.545ms
[37.530s][info][gc,phases,start] GC(205) Post Compact
[37.532s][info][gc,phases      ] GC(205) Post Compact 2.244ms
[37.532s][info][gc,heap        ] GC(205) PSYoungGen: 34819K(110080K)->34819K(110080K) Eden: 29183K(29184K)->29183K(29184K) From: 5635K(80896K)->5635K(80896K)
[37.532s][info][gc,heap        ] GC(205) ParOldGen: 1365348K(1365504K)->1365348K(1365504K)
[37.532s][info][gc,metaspace   ] GC(205) Metaspace: 6302K(6464K)->6302K(6464K) NonClass: 5769K(5824K)->5769K(5824K) Class: 533K(640K)->533K(640K)
[37.532s][info][gc             ] GC(205) Pause Full (Ergonomics) 1367M->1367M(1441M) 425.540ms
[37.533s][info][gc,cpu         ] GC(205) User=3.17s Sys=0.08s Real=0.43s
[37.533s][info][gc,start       ] GC(206) Pause Full (Ergonomics)
[37.533s][info][gc,phases,start] GC(206) Marking Phase
[37.863s][info][gc,phases      ] GC(206) Marking Phase 329.801ms
[37.863s][info][gc,phases,start] GC(206) Summary Phase
[37.863s][info][gc,phases      ] GC(206) Summary Phase 0.027ms
[37.863s][info][gc,phases,start] GC(206) Adjust Roots
[37.863s][info][gc,phases      ] GC(206) Adjust Roots 0.202ms
[37.863s][info][gc,phases,start] GC(206) Compaction Phase
[37.952s][info][gc,phases      ] GC(206) Compaction Phase 89.008ms
[37.952s][info][gc,phases,start] GC(206) Post Compact
[37.954s][info][gc,phases      ] GC(206) Post Compact 2.250ms
[37.954s][info][gc,heap        ] GC(206) PSYoungGen: 34819K(110080K)->34819K(110080K) Eden: 29183K(29184K)->29183K(29184K) From: 5635K(80896K)->5635K(80896K)
[37.954s][info][gc,heap        ] GC(206) ParOldGen: 1365352K(1365504K)->1365352K(1365504K)
[37.954s][info][gc,metaspace   ] GC(206) Metaspace: 6302K(6464K)->6302K(6464K) NonClass: 5769K(5824K)->5769K(5824K) Class: 533K(640K)->533K(640K)
[37.954s][info][gc             ] GC(206) Pause Full (Ergonomics) 1367M->1367M(1441M) 421.674ms
[37.955s][info][gc,cpu         ] GC(206) User=3.27s Sys=0.00s Real=0.42s
[37.955s][info][gc,start       ] GC(207) Pause Full (Ergonomics)
[37.955s][info][gc,phases,start] GC(207) Marking Phase
[38.282s][info][gc,phases      ] GC(207) Marking Phase 327.174ms
[38.282s][info][gc,phases,start] GC(207) Summary Phase
[38.282s][info][gc,phases      ] GC(207) Summary Phase 0.027ms
[38.282s][info][gc,phases,start] GC(207) Adjust Roots
[38.282s][info][gc,phases      ] GC(207) Adjust Roots 0.231ms
[38.282s][info][gc,phases,start] GC(207) Compaction Phase
[38.372s][info][gc,phases      ] GC(207) Compaction Phase 89.377ms
[38.372s][info][gc,phases,start] GC(207) Post Compact
[38.374s][info][gc,phases      ] GC(207) Post Compact 2.251ms
[38.374s][info][gc,heap        ] GC(207) PSYoungGen: 34819K(110080K)->34819K(110080K) Eden: 29183K(29184K)->29183K(29184K) From: 5635K(80896K)->5635K(80896K)
[38.374s][info][gc,heap        ] GC(207) ParOldGen: 1365357K(1365504K)->1365357K(1365504K)
[38.374s][info][gc,metaspace   ] GC(207) Metaspace: 6302K(6464K)->6302K(6464K) NonClass: 5769K(5824K)->5769K(5824K) Class: 533K(640K)->533K(640K)
[38.374s][info][gc             ] GC(207) Pause Full (Ergonomics) 1367M->1367M(1441M) 419.422ms
[38.374s][info][gc,cpu         ] GC(207) User=3.09s Sys=0.05s Real=0.42s
[38.375s][info][gc,start       ] GC(208) Pause Full (Ergonomics)
[38.375s][info][gc,phases,start] GC(208) Marking Phase
[38.712s][info][gc,phases      ] GC(208) Marking Phase 337.780ms
[38.712s][info][gc,phases,start] GC(208) Summary Phase
[38.712s][info][gc,phases      ] GC(208) Summary Phase 0.028ms
[38.712s][info][gc,phases,start] GC(208) Adjust Roots
[38.713s][info][gc,phases      ] GC(208) Adjust Roots 0.267ms
[38.713s][info][gc,phases,start] GC(208) Compaction Phase
[38.804s][info][gc,phases      ] GC(208) Compaction Phase 91.347ms
[38.804s][info][gc,phases,start] GC(208) Post Compact
[38.807s][info][gc,phases      ] GC(208) Post Compact 2.565ms
[38.807s][info][gc,heap        ] GC(208) PSYoungGen: 34819K(110080K)->34819K(110080K) Eden: 29183K(29184K)->29183K(29184K) From: 5635K(80896K)->5635K(80896K)
[38.807s][info][gc,heap        ] GC(208) ParOldGen: 1365362K(1365504K)->1365362K(1365504K)
[38.807s][info][gc,metaspace   ] GC(208) Metaspace: 6302K(6464K)->6302K(6464K) NonClass: 5769K(5824K)->5769K(5824K) Class: 533K(640K)->533K(640K)
[38.807s][info][gc             ] GC(208) Pause Full (Ergonomics) 1367M->1367M(1441M) 432.412ms
[38.807s][info][gc,cpu         ] GC(208) User=3.25s Sys=0.03s Real=0.43s
[38.807s][info][gc,start       ] GC(209) Pause Full (Ergonomics)
[38.807s][info][gc,phases,start] GC(209) Marking Phase
[39.136s][info][gc,phases      ] GC(209) Marking Phase 328.918ms
[39.136s][info][gc,phases,start] GC(209) Summary Phase
[39.136s][info][gc,phases      ] GC(209) Summary Phase 0.027ms
[39.136s][info][gc,phases,start] GC(209) Adjust Roots
[39.137s][info][gc,phases      ] GC(209) Adjust Roots 0.207ms
[39.137s][info][gc,phases,start] GC(209) Compaction Phase
[39.228s][info][gc,phases      ] GC(209) Compaction Phase 91.587ms
[39.228s][info][gc,phases,start] GC(209) Post Compact
[39.231s][info][gc,phases      ] GC(209) Post Compact 2.598ms
[39.231s][info][gc,heap        ] GC(209) PSYoungGen: 34819K(110080K)->34819K(110080K) Eden: 29183K(29184K)->29183K(29184K) From: 5635K(80896K)->5635K(80896K)
[39.231s][info][gc,heap        ] GC(209) ParOldGen: 1365366K(1365504K)->1365366K(1365504K)
[39.231s][info][gc,metaspace   ] GC(209) Metaspace: 6302K(6464K)->6302K(6464K) NonClass: 5769K(5824K)->5769K(5824K) Class: 533K(640K)->533K(640K)
[39.231s][info][gc             ] GC(209) Pause Full (Ergonomics) 1367M->1367M(1441M) 423.695ms
[39.231s][info][gc,cpu         ] GC(209) User=3.12s Sys=0.02s Real=0.42s
[39.231s][info][gc,start       ] GC(210) Pause Full (Ergonomics)
[39.231s][info][gc,phases,start] GC(210) Marking Phase
[39.566s][info][gc,phases      ] GC(210) Marking Phase 334.223ms
[39.566s][info][gc,phases,start] GC(210) Summary Phase
[39.566s][info][gc,phases      ] GC(210) Summary Phase 0.026ms
[39.566s][info][gc,phases,start] GC(210) Adjust Roots
[39.566s][info][gc,phases      ] GC(210) Adjust Roots 0.237ms
[39.566s][info][gc,phases,start] GC(210) Compaction Phase
[39.657s][info][gc,phases      ] GC(210) Compaction Phase 90.794ms
[39.657s][info][gc,phases,start] GC(210) Post Compact
[39.659s][info][gc,phases      ] GC(210) Post Compact 2.275ms
[39.659s][info][gc,heap        ] GC(210) PSYoungGen: 34819K(110080K)->34819K(110080K) Eden: 29183K(29184K)->29183K(29184K) From: 5635K(80896K)->5635K(80896K)
[39.659s][info][gc,heap        ] GC(210) ParOldGen: 1365371K(1365504K)->1365371K(1365504K)
[39.659s][info][gc,metaspace   ] GC(210) Metaspace: 6302K(6464K)->6302K(6464K) NonClass: 5769K(5824K)->5769K(5824K) Class: 533K(640K)->533K(640K)
[39.659s][info][gc             ] GC(210) Pause Full (Ergonomics) 1367M->1367M(1441M) 427.895ms
[39.659s][info][gc,cpu         ] GC(210) User=3.12s Sys=0.02s Real=0.43s
[39.660s][info][gc,start       ] GC(211) Pause Full (Ergonomics)
[39.660s][info][gc,phases,start] GC(211) Marking Phase
[39.992s][info][gc,phases      ] GC(211) Marking Phase 332.742ms
[39.992s][info][gc,phases,start] GC(211) Summary Phase
[39.992s][info][gc,phases      ] GC(211) Summary Phase 0.026ms
[39.992s][info][gc,phases,start] GC(211) Adjust Roots
[39.993s][info][gc,phases      ] GC(211) Adjust Roots 0.200ms
[39.993s][info][gc,phases,start] GC(211) Compaction Phase
[40.083s][info][gc,phases      ] GC(211) Compaction Phase 90.351ms
[40.083s][info][gc,phases,start] GC(211) Post Compact
[40.086s][info][gc,phases      ] GC(211) Post Compact 2.564ms
[40.086s][info][gc,heap        ] GC(211) PSYoungGen: 34819K(110080K)->34819K(110080K) Eden: 29183K(29184K)->29183K(29184K) From: 5635K(80896K)->5635K(80896K)
[40.086s][info][gc,heap        ] GC(211) ParOldGen: 1365376K(1365504K)->1365376K(1365504K)
[40.086s][info][gc,metaspace   ] GC(211) Metaspace: 6302K(6464K)->6302K(6464K) NonClass: 5769K(5824K)->5769K(5824K) Class: 533K(640K)->533K(640K)
[40.086s][info][gc             ] GC(211) Pause Full (Ergonomics) 1367M->1367M(1441M) 426.247ms
[40.086s][info][gc,cpu         ] GC(211) User=3.25s Sys=0.02s Real=0.43s
[40.086s][info][gc,start       ] GC(212) Pause Full (Ergonomics)
[40.086s][info][gc,phases,start] GC(212) Marking Phase
[40.416s][info][gc,phases      ] GC(212) Marking Phase 329.400ms
[40.416s][info][gc,phases,start] GC(212) Summary Phase
[40.416s][info][gc,phases      ] GC(212) Summary Phase 0.026ms
[40.416s][info][gc,phases,start] GC(212) Adjust Roots
[40.416s][info][gc,phases      ] GC(212) Adjust Roots 0.199ms
[40.416s][info][gc,phases,start] GC(212) Compaction Phase
[40.506s][info][gc,phases      ] GC(212) Compaction Phase 90.336ms
[40.506s][info][gc,phases,start] GC(212) Post Compact
[40.509s][info][gc,phases      ] GC(212) Post Compact 2.299ms
[40.509s][info][gc,heap        ] GC(212) PSYoungGen: 34819K(110080K)->34819K(110080K) Eden: 29183K(29184K)->29183K(29184K) From: 5635K(80896K)->5635K(80896K)
[40.509s][info][gc,heap        ] GC(212) ParOldGen: 1365380K(1365504K)->1365380K(1365504K)
[40.509s][info][gc,metaspace   ] GC(212) Metaspace: 6302K(6464K)->6302K(6464K) NonClass: 5769K(5824K)->5769K(5824K) Class: 533K(640K)->533K(640K)
[40.509s][info][gc             ] GC(212) Pause Full (Ergonomics) 1367M->1367M(1441M) 422.605ms
[40.509s][info][gc,cpu         ] GC(212) User=3.27s Sys=0.00s Real=0.42s
[40.509s][info][gc,start       ] GC(213) Pause Full (Ergonomics)
[40.509s][info][gc,phases,start] GC(213) Marking Phase
[40.839s][info][gc,phases      ] GC(213) Marking Phase 330.032ms
[40.839s][info][gc,phases,start] GC(213) Summary Phase
[40.839s][info][gc,phases      ] GC(213) Summary Phase 0.027ms
[40.839s][info][gc,phases,start] GC(213) Adjust Roots
[40.839s][info][gc,phases      ] GC(213) Adjust Roots 0.276ms
[40.839s][info][gc,phases,start] GC(213) Compaction Phase
[40.932s][info][gc,phases      ] GC(213) Compaction Phase 92.494ms
[40.932s][info][gc,phases,start] GC(213) Post Compact
[40.934s][info][gc,phases      ] GC(213) Post Compact 2.245ms
[40.934s][info][gc,heap        ] GC(213) PSYoungGen: 34819K(110080K)->34819K(110080K) Eden: 29183K(29184K)->29183K(29184K) From: 5635K(80896K)->5635K(80896K)
[40.934s][info][gc,heap        ] GC(213) ParOldGen: 1365385K(1365504K)->1365385K(1365504K)
[40.934s][info][gc,metaspace   ] GC(213) Metaspace: 6302K(6464K)->6302K(6464K) NonClass: 5769K(5824K)->5769K(5824K) Class: 533K(640K)->533K(640K)
[40.934s][info][gc             ] GC(213) Pause Full (Ergonomics) 1367M->1367M(1441M) 425.394ms
[40.934s][info][gc,cpu         ] GC(213) User=3.14s Sys=0.00s Real=0.43s
[40.935s][info][gc,start       ] GC(214) Pause Full (Ergonomics)
[40.935s][info][gc,phases,start] GC(214) Marking Phase
[41.271s][info][gc,phases      ] GC(214) Marking Phase 336.432ms
[41.271s][info][gc,phases,start] GC(214) Summary Phase
[41.271s][info][gc,phases      ] GC(214) Summary Phase 0.027ms
[41.271s][info][gc,phases,start] GC(214) Adjust Roots
[41.272s][info][gc,phases      ] GC(214) Adjust Roots 0.202ms
[41.272s][info][gc,phases,start] GC(214) Compaction Phase
[41.367s][info][gc,phases      ] GC(214) Compaction Phase 95.206ms
[41.367s][info][gc,phases,start] GC(214) Post Compact
[41.369s][info][gc,phases      ] GC(214) Post Compact 2.464ms
[41.369s][info][gc,heap        ] GC(214) PSYoungGen: 34819K(110080K)->34819K(110080K) Eden: 29183K(29184K)->29183K(29184K) From: 5635K(80896K)->5635K(80896K)
[41.369s][info][gc,heap        ] GC(214) ParOldGen: 1365390K(1365504K)->1365390K(1365504K)
[41.369s][info][gc,metaspace   ] GC(214) Metaspace: 6302K(6464K)->6302K(6464K) NonClass: 5769K(5824K)->5769K(5824K) Class: 533K(640K)->533K(640K)
[41.369s][info][gc             ] GC(214) Pause Full (Ergonomics) 1367M->1367M(1441M) 434.701ms
[41.369s][info][gc,cpu         ] GC(214) User=3.22s Sys=0.05s Real=0.43s
[41.370s][info][gc,start       ] GC(215) Pause Full (Ergonomics)
[41.370s][info][gc,phases,start] GC(215) Marking Phase
[41.700s][info][gc,phases      ] GC(215) Marking Phase 330.246ms
[41.700s][info][gc,phases,start] GC(215) Summary Phase
[41.700s][info][gc,phases      ] GC(215) Summary Phase 0.026ms
[41.700s][info][gc,phases,start] GC(215) Adjust Roots
[41.700s][info][gc,phases      ] GC(215) Adjust Roots 0.207ms
[41.700s][info][gc,phases,start] GC(215) Compaction Phase
[41.790s][info][gc,phases      ] GC(215) Compaction Phase 89.378ms
[41.790s][info][gc,phases,start] GC(215) Post Compact
[41.792s][info][gc,phases      ] GC(215) Post Compact 2.209ms
[41.792s][info][gc,heap        ] GC(215) PSYoungGen: 34819K(110080K)->34819K(110080K) Eden: 29183K(29184K)->29183K(29184K) From: 5635K(80896K)->5635K(80896K)
[41.792s][info][gc,heap        ] GC(215) ParOldGen: 1365394K(1365504K)->1365394K(1365504K)
[41.792s][info][gc,metaspace   ] GC(215) Metaspace: 6302K(6464K)->6302K(6464K) NonClass: 5769K(5824K)->5769K(5824K) Class: 533K(640K)->533K(640K)
[41.792s][info][gc             ] GC(215) Pause Full (Ergonomics) 1367M->1367M(1441M) 422.435ms
[41.792s][info][gc,cpu         ] GC(215) User=3.11s Sys=0.03s Real=0.42s
[41.793s][info][gc,start       ] GC(216) Pause Full (Ergonomics)
[41.793s][info][gc,phases,start] GC(216) Marking Phase
[42.129s][info][gc,phases      ] GC(216) Marking Phase 336.303ms
[42.129s][info][gc,phases,start] GC(216) Summary Phase
[42.129s][info][gc,phases      ] GC(216) Summary Phase 0.026ms
[42.129s][info][gc,phases,start] GC(216) Adjust Roots
[42.129s][info][gc,phases      ] GC(216) Adjust Roots 0.203ms
[42.129s][info][gc,phases,start] GC(216) Compaction Phase
[42.226s][info][gc,phases      ] GC(216) Compaction Phase 96.897ms
[42.226s][info][gc,phases,start] GC(216) Post Compact
[42.228s][info][gc,phases      ] GC(216) Post Compact 2.244ms
[42.229s][info][gc,heap        ] GC(216) PSYoungGen: 34819K(110080K)->34819K(110080K) Eden: 29183K(29184K)->29183K(29184K) From: 5635K(80896K)->5635K(80896K)
[42.229s][info][gc,heap        ] GC(216) ParOldGen: 1365399K(1365504K)->1365399K(1365504K)
[42.229s][info][gc,metaspace   ] GC(216) Metaspace: 6302K(6464K)->6302K(6464K) NonClass: 5769K(5824K)->5769K(5824K) Class: 533K(640K)->533K(640K)
[42.229s][info][gc             ] GC(216) Pause Full (Ergonomics) 1367M->1367M(1441M) 436.056ms
[42.229s][info][gc,cpu         ] GC(216) User=3.17s Sys=0.00s Real=0.44s
[42.229s][info][gc,start       ] GC(217) Pause Full (Ergonomics)
[42.229s][info][gc,phases,start] GC(217) Marking Phase
[42.568s][info][gc,phases      ] GC(217) Marking Phase 338.637ms
[42.568s][info][gc,phases,start] GC(217) Summary Phase
[42.568s][info][gc,phases      ] GC(217) Summary Phase 0.026ms
[42.568s][info][gc,phases,start] GC(217) Adjust Roots
[42.568s][info][gc,phases      ] GC(217) Adjust Roots 0.210ms
[42.568s][info][gc,phases,start] GC(217) Compaction Phase
[42.659s][info][gc,phases      ] GC(217) Compaction Phase 91.216ms
[42.659s][info][gc,phases,start] GC(217) Post Compact
[42.661s][info][gc,phases      ] GC(217) Post Compact 2.256ms
[42.661s][info][gc,heap        ] GC(217) PSYoungGen: 34819K(110080K)->34819K(110080K) Eden: 29183K(29184K)->29183K(29184K) From: 5635K(80896K)->5635K(80896K)
[42.662s][info][gc,heap        ] GC(217) ParOldGen: 1365404K(1365504K)->1365404K(1365504K)
[42.662s][info][gc,metaspace   ] GC(217) Metaspace: 6302K(6464K)->6302K(6464K) NonClass: 5769K(5824K)->5769K(5824K) Class: 533K(640K)->533K(640K)
[42.662s][info][gc             ] GC(217) Pause Full (Ergonomics) 1367M->1367M(1441M) 432.677ms
[42.662s][info][gc,cpu         ] GC(217) User=3.27s Sys=0.00s Real=0.43s
[42.662s][info][gc,start       ] GC(218) Pause Full (Ergonomics)
[42.662s][info][gc,phases,start] GC(218) Marking Phase
[42.994s][info][gc,phases      ] GC(218) Marking Phase 332.387ms
[42.994s][info][gc,phases,start] GC(218) Summary Phase
[42.994s][info][gc,phases      ] GC(218) Summary Phase 0.026ms
[42.994s][info][gc,phases,start] GC(218) Adjust Roots
[42.995s][info][gc,phases      ] GC(218) Adjust Roots 0.200ms
[42.995s][info][gc,phases,start] GC(218) Compaction Phase
[43.088s][info][gc,phases      ] GC(218) Compaction Phase 92.864ms
[43.088s][info][gc,phases,start] GC(218) Post Compact
[43.090s][info][gc,phases      ] GC(218) Post Compact 2.522ms
[43.090s][info][gc,heap        ] GC(218) PSYoungGen: 34819K(110080K)->34819K(110080K) Eden: 29183K(29184K)->29183K(29184K) From: 5635K(80896K)->5635K(80896K)
[43.090s][info][gc,heap        ] GC(218) ParOldGen: 1365408K(1365504K)->1365408K(1365504K)
[43.090s][info][gc,metaspace   ] GC(218) Metaspace: 6302K(6464K)->6302K(6464K) NonClass: 5769K(5824K)->5769K(5824K) Class: 533K(640K)->533K(640K)
[43.090s][info][gc             ] GC(218) Pause Full (Ergonomics) 1367M->1367M(1441M) 428.362ms
[43.090s][info][gc,cpu         ] GC(218) User=3.16s Sys=0.02s Real=0.43s
[43.091s][info][gc,start       ] GC(219) Pause Full (Ergonomics)
[43.091s][info][gc,phases,start] GC(219) Marking Phase
[43.418s][info][gc,phases      ] GC(219) Marking Phase 327.205ms
[43.418s][info][gc,phases,start] GC(219) Summary Phase
[43.418s][info][gc,phases      ] GC(219) Summary Phase 0.028ms
[43.418s][info][gc,phases,start] GC(219) Adjust Roots
[43.418s][info][gc,phases      ] GC(219) Adjust Roots 0.207ms
[43.418s][info][gc,phases,start] GC(219) Compaction Phase
[43.508s][info][gc,phases      ] GC(219) Compaction Phase 89.657ms
[43.508s][info][gc,phases,start] GC(219) Post Compact
[43.511s][info][gc,phases      ] GC(219) Post Compact 3.353ms
[43.512s][info][gc,heap        ] GC(219) PSYoungGen: 34819K(110080K)->34819K(110080K) Eden: 29183K(29184K)->29183K(29184K) From: 5635K(80896K)->5635K(80896K)
[43.512s][info][gc,heap        ] GC(219) ParOldGen: 1365413K(1365504K)->1365413K(1365504K)
[43.512s][info][gc,metaspace   ] GC(219) Metaspace: 6302K(6464K)->6302K(6464K) NonClass: 5769K(5824K)->5769K(5824K) Class: 533K(640K)->533K(640K)
[43.512s][info][gc             ] GC(219) Pause Full (Ergonomics) 1367M->1367M(1441M) 421.014ms
[43.512s][info][gc,cpu         ] GC(219) User=3.12s Sys=0.02s Real=0.42s
[43.512s][info][gc,start       ] GC(220) Pause Full (Ergonomics)
[43.512s][info][gc,phases,start] GC(220) Marking Phase
[43.827s][info][gc,phases      ] GC(220) Marking Phase 315.374ms
[43.827s][info][gc,phases,start] GC(220) Summary Phase
[43.827s][info][gc,phases      ] GC(220) Summary Phase 0.026ms
[43.827s][info][gc,phases,start] GC(220) Adjust Roots
[43.828s][info][gc,phases      ] GC(220) Adjust Roots 0.204ms
[43.828s][info][gc,phases,start] GC(220) Compaction Phase
[43.925s][info][gc,phases      ] GC(220) Compaction Phase 97.711ms
[43.925s][info][gc,phases,start] GC(220) Post Compact
[43.928s][info][gc,phases      ] GC(220) Post Compact 2.237ms
[43.928s][info][gc,heap        ] GC(220) PSYoungGen: 34819K(110080K)->34819K(110080K) Eden: 29183K(29184K)->29183K(29184K) From: 5635K(80896K)->5635K(80896K)
[43.928s][info][gc,heap        ] GC(220) ParOldGen: 1365418K(1365504K)->1365418K(1365504K)
[43.928s][info][gc,metaspace   ] GC(220) Metaspace: 6302K(6464K)->6302K(6464K) NonClass: 5769K(5824K)->5769K(5824K) Class: 533K(640K)->533K(640K)
[43.928s][info][gc             ] GC(220) Pause Full (Ergonomics) 1367M->1367M(1441M) 415.901ms
[43.928s][info][gc,cpu         ] GC(220) User=2.98s Sys=0.05s Real=0.42s
[43.928s][info][gc,start       ] GC(221) Pause Full (Ergonomics)
[43.928s][info][gc,phases,start] GC(221) Marking Phase
[44.258s][info][gc,phases      ] GC(221) Marking Phase 329.590ms
[44.258s][info][gc,phases,start] GC(221) Summary Phase
[44.258s][info][gc,phases      ] GC(221) Summary Phase 0.029ms
[44.258s][info][gc,phases,start] GC(221) Adjust Roots
[44.258s][info][gc,phases      ] GC(221) Adjust Roots 0.350ms
[44.258s][info][gc,phases,start] GC(221) Compaction Phase
[44.348s][info][gc,phases      ] GC(221) Compaction Phase 89.197ms
[44.348s][info][gc,phases,start] GC(221) Post Compact
[44.351s][info][gc,phases      ] GC(221) Post Compact 3.357ms
[44.351s][info][gc,heap        ] GC(221) PSYoungGen: 34819K(110080K)->34819K(110080K) Eden: 29183K(29184K)->29183K(29184K) From: 5635K(80896K)->5635K(80896K)
[44.351s][info][gc,heap        ] GC(221) ParOldGen: 1365422K(1365504K)->1365422K(1365504K)
[44.351s][info][gc,metaspace   ] GC(221) Metaspace: 6302K(6464K)->6302K(6464K) NonClass: 5769K(5824K)->5769K(5824K) Class: 533K(640K)->533K(640K)
[44.351s][info][gc             ] GC(221) Pause Full (Ergonomics) 1367M->1367M(1441M) 422.996ms
[44.351s][info][gc,cpu         ] GC(221) User=3.27s Sys=0.00s Real=0.42s
[44.352s][info][gc,start       ] GC(222) Pause Full (Ergonomics)
[44.352s][info][gc,phases,start] GC(222) Marking Phase
[44.690s][info][gc,phases      ] GC(222) Marking Phase 338.240ms
[44.690s][info][gc,phases,start] GC(222) Summary Phase
[44.690s][info][gc,phases      ] GC(222) Summary Phase 0.055ms
[44.690s][info][gc,phases,start] GC(222) Adjust Roots
[44.690s][info][gc,phases      ] GC(222) Adjust Roots 0.331ms
[44.690s][info][gc,phases,start] GC(222) Compaction Phase
[44.798s][info][gc,phases      ] GC(222) Compaction Phase 107.622ms
[44.798s][info][gc,phases,start] GC(222) Post Compact
[44.801s][info][gc,phases      ] GC(222) Post Compact 2.353ms
[44.801s][info][gc,heap        ] GC(222) PSYoungGen: 34819K(110080K)->34819K(110080K) Eden: 29183K(29184K)->29183K(29184K) From: 5635K(80896K)->5635K(80896K)
[44.801s][info][gc,heap        ] GC(222) ParOldGen: 1365427K(1365504K)->1365427K(1365504K)
[44.801s][info][gc,metaspace   ] GC(222) Metaspace: 6302K(6464K)->6302K(6464K) NonClass: 5769K(5824K)->5769K(5824K) Class: 533K(640K)->533K(640K)
[44.801s][info][gc             ] GC(222) Pause Full (Ergonomics) 1367M->1367M(1441M) 449.050ms
[44.801s][info][gc,cpu         ] GC(222) User=3.33s Sys=0.03s Real=0.45s
[44.801s][info][gc,start       ] GC(223) Pause Full (Ergonomics)
[44.801s][info][gc,phases,start] GC(223) Marking Phase
[45.144s][info][gc,phases      ] GC(223) Marking Phase 342.659ms
[45.144s][info][gc,phases,start] GC(223) Summary Phase
[45.144s][info][gc,phases      ] GC(223) Summary Phase 0.044ms
[45.144s][info][gc,phases,start] GC(223) Adjust Roots
[45.144s][info][gc,phases      ] GC(223) Adjust Roots 0.281ms
[45.144s][info][gc,phases,start] GC(223) Compaction Phase
[45.245s][info][gc,phases      ] GC(223) Compaction Phase 101.061ms
[45.245s][info][gc,phases,start] GC(223) Post Compact
[45.248s][info][gc,phases      ] GC(223) Post Compact 2.716ms
[45.248s][info][gc,heap        ] GC(223) PSYoungGen: 34819K(110080K)->34819K(110080K) Eden: 29183K(29184K)->29183K(29184K) From: 5635K(80896K)->5635K(80896K)
[45.248s][info][gc,heap        ] GC(223) ParOldGen: 1365432K(1365504K)->1365432K(1365504K)
[45.248s][info][gc,metaspace   ] GC(223) Metaspace: 6302K(6464K)->6302K(6464K) NonClass: 5769K(5824K)->5769K(5824K) Class: 533K(640K)->533K(640K)
[45.248s][info][gc             ] GC(223) Pause Full (Ergonomics) 1367M->1367M(1441M) 447.150ms
[45.248s][info][gc,cpu         ] GC(223) User=3.38s Sys=0.02s Real=0.45s
[45.249s][info][gc,start       ] GC(224) Pause Full (Ergonomics)
[45.249s][info][gc,phases,start] GC(224) Marking Phase
[45.582s][info][gc,phases      ] GC(224) Marking Phase 333.689ms
[45.582s][info][gc,phases,start] GC(224) Summary Phase
[45.582s][info][gc,phases      ] GC(224) Summary Phase 0.028ms
[45.582s][info][gc,phases,start] GC(224) Adjust Roots
[45.583s][info][gc,phases      ] GC(224) Adjust Roots 0.278ms
[45.583s][info][gc,phases,start] GC(224) Compaction Phase
[45.678s][info][gc,phases      ] GC(224) Compaction Phase 95.223ms
[45.678s][info][gc,phases,start] GC(224) Post Compact
[45.681s][info][gc,phases      ] GC(224) Post Compact 2.627ms
[45.681s][info][gc,heap        ] GC(224) PSYoungGen: 34819K(110080K)->34819K(110080K) Eden: 29183K(29184K)->29183K(29184K) From: 5635K(80896K)->5635K(80896K)
[45.681s][info][gc,heap        ] GC(224) ParOldGen: 1365436K(1365504K)->1365436K(1365504K)
[45.681s][info][gc,metaspace   ] GC(224) Metaspace: 6302K(6464K)->6302K(6464K) NonClass: 5769K(5824K)->5769K(5824K) Class: 533K(640K)->533K(640K)
[45.681s][info][gc             ] GC(224) Pause Full (Ergonomics) 1367M->1367M(1441M) 432.192ms
[45.681s][info][gc,cpu         ] GC(224) User=3.08s Sys=0.03s Real=0.43s
[45.681s][info][gc,start       ] GC(225) Pause Full (Ergonomics)
[45.681s][info][gc,phases,start] GC(225) Marking Phase
[46.039s][info][gc,phases      ] GC(225) Marking Phase 357.508ms
[46.039s][info][gc,phases,start] GC(225) Summary Phase
[46.039s][info][gc,phases      ] GC(225) Summary Phase 0.027ms
[46.039s][info][gc,phases,start] GC(225) Adjust Roots
[46.039s][info][gc,phases      ] GC(225) Adjust Roots 0.205ms
[46.039s][info][gc,phases,start] GC(225) Compaction Phase
[46.129s][info][gc,phases      ] GC(225) Compaction Phase 90.153ms
[46.129s][info][gc,phases,start] GC(225) Post Compact
[46.132s][info][gc,phases      ] GC(225) Post Compact 2.977ms
[46.132s][info][gc,heap        ] GC(225) PSYoungGen: 34819K(110080K)->34819K(110080K) Eden: 29183K(29184K)->29183K(29184K) From: 5635K(80896K)->5635K(80896K)
[46.132s][info][gc,heap        ] GC(225) ParOldGen: 1365441K(1365504K)->1365441K(1365504K)
[46.132s][info][gc,metaspace   ] GC(225) Metaspace: 6302K(6464K)->6302K(6464K) NonClass: 5769K(5824K)->5769K(5824K) Class: 533K(640K)->533K(640K)
[46.132s][info][gc             ] GC(225) Pause Full (Ergonomics) 1367M->1367M(1441M) 451.255ms
[46.132s][info][gc,cpu         ] GC(225) User=3.23s Sys=0.02s Real=0.45s
[46.133s][info][gc,start       ] GC(226) Pause Full (Ergonomics)
[46.133s][info][gc,phases,start] GC(226) Marking Phase
[46.463s][info][gc,phases      ] GC(226) Marking Phase 329.781ms
[46.463s][info][gc,phases,start] GC(226) Summary Phase
[46.463s][info][gc,phases      ] GC(226) Summary Phase 0.034ms
[46.463s][info][gc,phases,start] GC(226) Adjust Roots
[46.463s][info][gc,phases      ] GC(226) Adjust Roots 0.208ms
[46.463s][info][gc,phases,start] GC(226) Compaction Phase
[46.557s][info][gc,phases      ] GC(226) Compaction Phase 94.236ms
[46.557s][info][gc,phases,start] GC(226) Post Compact
[46.560s][info][gc,phases      ] GC(226) Post Compact 2.475ms
[46.560s][info][gc,heap        ] GC(226) PSYoungGen: 34819K(110080K)->34819K(110080K) Eden: 29183K(29184K)->29183K(29184K) From: 5635K(80896K)->5635K(80896K)
[46.560s][info][gc,heap        ] GC(226) ParOldGen: 1365446K(1365504K)->1365446K(1365504K)
[46.560s][info][gc,metaspace   ] GC(226) Metaspace: 6302K(6464K)->6302K(6464K) NonClass: 5769K(5824K)->5769K(5824K) Class: 533K(640K)->533K(640K)
[46.560s][info][gc             ] GC(226) Pause Full (Ergonomics) 1367M->1367M(1441M) 427.078ms
[46.560s][info][gc,cpu         ] GC(226) User=3.17s Sys=0.03s Real=0.43s
[46.560s][info][gc,start       ] GC(227) Pause Full (Ergonomics)
[46.560s][info][gc,phases,start] GC(227) Marking Phase
[46.879s][info][gc,phases      ] GC(227) Marking Phase 318.614ms
[46.879s][info][gc,phases,start] GC(227) Summary Phase
[46.879s][info][gc,phases      ] GC(227) Summary Phase 0.027ms
[46.879s][info][gc,phases,start] GC(227) Adjust Roots
[46.879s][info][gc,phases      ] GC(227) Adjust Roots 0.209ms
[46.879s][info][gc,phases,start] GC(227) Compaction Phase
[46.974s][info][gc,phases      ] GC(227) Compaction Phase 95.285ms
[46.975s][info][gc,phases,start] GC(227) Post Compact
[46.977s][info][gc,phases      ] GC(227) Post Compact 2.626ms
[46.977s][info][gc,heap        ] GC(227) PSYoungGen: 34819K(110080K)->34819K(110080K) Eden: 29183K(29184K)->29183K(29184K) From: 5635K(80896K)->5635K(80896K)
[46.977s][info][gc,heap        ] GC(227) ParOldGen: 1365450K(1365504K)->1365450K(1365504K)
[46.977s][info][gc,metaspace   ] GC(227) Metaspace: 6302K(6464K)->6302K(6464K) NonClass: 5769K(5824K)->5769K(5824K) Class: 533K(640K)->533K(640K)
[46.977s][info][gc             ] GC(227) Pause Full (Ergonomics) 1367M->1367M(1441M) 417.146ms
[46.977s][info][gc,cpu         ] GC(227) User=3.00s Sys=0.00s Real=0.42s
[46.978s][info][gc,start       ] GC(228) Pause Full (Ergonomics)
[46.978s][info][gc,phases,start] GC(228) Marking Phase
[47.322s][info][gc,phases      ] GC(228) Marking Phase 344.533ms
[47.322s][info][gc,phases,start] GC(228) Summary Phase
[47.322s][info][gc,phases      ] GC(228) Summary Phase 0.028ms
[47.322s][info][gc,phases,start] GC(228) Adjust Roots
[47.323s][info][gc,phases      ] GC(228) Adjust Roots 0.229ms
[47.323s][info][gc,phases,start] GC(228) Compaction Phase
[47.419s][info][gc,phases      ] GC(228) Compaction Phase 95.929ms
[47.419s][info][gc,phases,start] GC(228) Post Compact
[47.421s][info][gc,phases      ] GC(228) Post Compact 2.462ms
[47.421s][info][gc,heap        ] GC(228) PSYoungGen: 34819K(110080K)->34819K(110080K) Eden: 29183K(29184K)->29183K(29184K) From: 5635K(80896K)->5635K(80896K)
[47.421s][info][gc,heap        ] GC(228) ParOldGen: 1365455K(1365504K)->1365455K(1365504K)
[47.421s][info][gc,metaspace   ] GC(228) Metaspace: 6302K(6464K)->6302K(6464K) NonClass: 5769K(5824K)->5769K(5824K) Class: 533K(640K)->533K(640K)
[47.421s][info][gc             ] GC(228) Pause Full (Ergonomics) 1367M->1367M(1441M) 443.597ms
[47.421s][info][gc,cpu         ] GC(228) User=3.25s Sys=0.00s Real=0.44s
[47.422s][info][gc,start       ] GC(229) Pause Full (Ergonomics)
[47.422s][info][gc,phases,start] GC(229) Marking Phase
[47.761s][info][gc,phases      ] GC(229) Marking Phase 339.571ms
[47.761s][info][gc,phases,start] GC(229) Summary Phase
[47.761s][info][gc,phases      ] GC(229) Summary Phase 0.028ms
[47.761s][info][gc,phases,start] GC(229) Adjust Roots
[47.762s][info][gc,phases      ] GC(229) Adjust Roots 0.243ms
[47.762s][info][gc,phases,start] GC(229) Compaction Phase
[47.856s][info][gc,phases      ] GC(229) Compaction Phase 94.750ms
[47.856s][info][gc,phases,start] GC(229) Post Compact
[47.859s][info][gc,phases      ] GC(229) Post Compact 2.709ms
[47.859s][info][gc,heap        ] GC(229) PSYoungGen: 34819K(110080K)->34819K(110080K) Eden: 29183K(29184K)->29183K(29184K) From: 5635K(80896K)->5635K(80896K)
[47.859s][info][gc,heap        ] GC(229) ParOldGen: 1365460K(1365504K)->1365460K(1365504K)
[47.859s][info][gc,metaspace   ] GC(229) Metaspace: 6302K(6464K)->6302K(6464K) NonClass: 5769K(5824K)->5769K(5824K) Class: 533K(640K)->533K(640K)
[47.859s][info][gc             ] GC(229) Pause Full (Ergonomics) 1367M->1367M(1441M) 437.669ms
[47.859s][info][gc,cpu         ] GC(229) User=3.23s Sys=0.02s Real=0.44s
[47.860s][info][gc,start       ] GC(230) Pause Full (Ergonomics)
[47.860s][info][gc,phases,start] GC(230) Marking Phase
[48.198s][info][gc,phases      ] GC(230) Marking Phase 338.665ms
[48.198s][info][gc,phases,start] GC(230) Summary Phase
[48.198s][info][gc,phases      ] GC(230) Summary Phase 0.026ms
[48.198s][info][gc,phases,start] GC(230) Adjust Roots
[48.199s][info][gc,phases      ] GC(230) Adjust Roots 0.216ms
[48.199s][info][gc,phases,start] GC(230) Compaction Phase
[48.299s][info][gc,phases      ] GC(230) Compaction Phase 99.879ms
[48.299s][info][gc,phases,start] GC(230) Post Compact
[48.301s][info][gc,phases      ] GC(230) Post Compact 2.447ms
[48.301s][info][gc,heap        ] GC(230) PSYoungGen: 34819K(110080K)->34819K(110080K) Eden: 29183K(29184K)->29183K(29184K) From: 5635K(80896K)->5635K(80896K)
[48.301s][info][gc,heap        ] GC(230) ParOldGen: 1365464K(1365504K)->1365464K(1365504K)
[48.301s][info][gc,metaspace   ] GC(230) Metaspace: 6302K(6464K)->6302K(6464K) NonClass: 5769K(5824K)->5769K(5824K) Class: 533K(640K)->533K(640K)
[48.301s][info][gc             ] GC(230) Pause Full (Ergonomics) 1367M->1367M(1441M) 441.598ms
[48.301s][info][gc,cpu         ] GC(230) User=3.34s Sys=0.05s Real=0.44s
[48.302s][info][gc,start       ] GC(231) Pause Full (Ergonomics)
[48.302s][info][gc,phases,start] GC(231) Marking Phase
[48.630s][info][gc,phases      ] GC(231) Marking Phase 328.401ms
[48.630s][info][gc,phases,start] GC(231) Summary Phase
[48.630s][info][gc,phases      ] GC(231) Summary Phase 0.031ms
[48.630s][info][gc,phases,start] GC(231) Adjust Roots
[48.630s][info][gc,phases      ] GC(231) Adjust Roots 0.215ms
[48.630s][info][gc,phases,start] GC(231) Compaction Phase
[48.728s][info][gc,phases      ] GC(231) Compaction Phase 98.014ms
[48.728s][info][gc,phases,start] GC(231) Post Compact
[48.731s][info][gc,phases      ] GC(231) Post Compact 2.381ms
[48.731s][info][gc,heap        ] GC(231) PSYoungGen: 34819K(110080K)->34819K(110080K) Eden: 29183K(29184K)->29183K(29184K) From: 5635K(80896K)->5635K(80896K)
[48.731s][info][gc,heap        ] GC(231) ParOldGen: 1365469K(1365504K)->1365469K(1365504K)
[48.731s][info][gc,metaspace   ] GC(231) Metaspace: 6302K(6464K)->6302K(6464K) NonClass: 5769K(5824K)->5769K(5824K) Class: 533K(640K)->533K(640K)
[48.731s][info][gc             ] GC(231) Pause Full (Ergonomics) 1367M->1367M(1441M) 429.394ms
[48.731s][info][gc,cpu         ] GC(231) User=3.19s Sys=0.05s Real=0.43s
[48.731s][info][gc,start       ] GC(232) Pause Full (Ergonomics)
[48.731s][info][gc,phases,start] GC(232) Marking Phase
[49.061s][info][gc,phases      ] GC(232) Marking Phase 329.549ms
[49.061s][info][gc,phases,start] GC(232) Summary Phase
[49.061s][info][gc,phases      ] GC(232) Summary Phase 0.026ms
[49.061s][info][gc,phases,start] GC(232) Adjust Roots
[49.061s][info][gc,phases      ] GC(232) Adjust Roots 0.229ms
[49.061s][info][gc,phases,start] GC(232) Compaction Phase
[49.153s][info][gc,phases      ] GC(232) Compaction Phase 92.238ms
[49.154s][info][gc,phases,start] GC(232) Post Compact
[49.156s][info][gc,phases      ] GC(232) Post Compact 2.513ms
[49.156s][info][gc,heap        ] GC(232) PSYoungGen: 34819K(110080K)->34819K(110080K) Eden: 29183K(29184K)->29183K(29184K) From: 5635K(80896K)->5635K(80896K)
[49.156s][info][gc,heap        ] GC(232) ParOldGen: 1365474K(1365504K)->1365474K(1365504K)
[49.156s][info][gc,metaspace   ] GC(232) Metaspace: 6302K(6464K)->6302K(6464K) NonClass: 5769K(5824K)->5769K(5824K) Class: 533K(640K)->533K(640K)
[49.156s][info][gc             ] GC(232) Pause Full (Ergonomics) 1367M->1367M(1441M) 424.891ms
[49.156s][info][gc,cpu         ] GC(232) User=3.08s Sys=0.03s Real=0.43s
[49.157s][info][gc,start       ] GC(233) Pause Full (Ergonomics)
[49.157s][info][gc,phases,start] GC(233) Marking Phase
[49.492s][info][gc,phases      ] GC(233) Marking Phase 335.331ms
[49.492s][info][gc,phases,start] GC(233) Summary Phase
[49.492s][info][gc,phases      ] GC(233) Summary Phase 0.031ms
[49.492s][info][gc,phases,start] GC(233) Adjust Roots
[49.492s][info][gc,phases      ] GC(233) Adjust Roots 0.226ms
[49.492s][info][gc,phases,start] GC(233) Compaction Phase
[49.598s][info][gc,phases      ] GC(233) Compaction Phase 105.491ms
[49.598s][info][gc,phases,start] GC(233) Post Compact
[49.601s][info][gc,phases      ] GC(233) Post Compact 2.756ms
[49.601s][info][gc,heap        ] GC(233) PSYoungGen: 34819K(110080K)->34819K(110080K) Eden: 29183K(29184K)->29183K(29184K) From: 5635K(80896K)->5635K(80896K)
[49.601s][info][gc,heap        ] GC(233) ParOldGen: 1365478K(1365504K)->1365478K(1365504K)
[49.601s][info][gc,metaspace   ] GC(233) Metaspace: 6302K(6464K)->6302K(6464K) NonClass: 5769K(5824K)->5769K(5824K) Class: 533K(640K)->533K(640K)
[49.601s][info][gc             ] GC(233) Pause Full (Ergonomics) 1367M->1367M(1441M) 444.219ms
[49.601s][info][gc,cpu         ] GC(233) User=3.27s Sys=0.00s Real=0.44s
[49.601s][info][gc,start       ] GC(234) Pause Full (Ergonomics)
[49.601s][info][gc,phases,start] GC(234) Marking Phase
[49.941s][info][gc,phases      ] GC(234) Marking Phase 340.165ms
[49.941s][info][gc,phases,start] GC(234) Summary Phase
[49.942s][info][gc,phases      ] GC(234) Summary Phase 0.026ms
[49.942s][info][gc,phases,start] GC(234) Adjust Roots
[49.942s][info][gc,phases      ] GC(234) Adjust Roots 0.209ms
[49.942s][info][gc,phases,start] GC(234) Compaction Phase
[50.038s][info][gc,phases      ] GC(234) Compaction Phase 96.480ms
[50.038s][info][gc,phases,start] GC(234) Post Compact
[50.041s][info][gc,phases      ] GC(234) Post Compact 3.027ms
[50.041s][info][gc,heap        ] GC(234) PSYoungGen: 34819K(110080K)->34819K(110080K) Eden: 29183K(29184K)->29183K(29184K) From: 5635K(80896K)->5635K(80896K)
[50.042s][info][gc,heap        ] GC(234) ParOldGen: 1365483K(1365504K)->1365483K(1365504K)
[50.042s][info][gc,metaspace   ] GC(234) Metaspace: 6302K(6464K)->6302K(6464K) NonClass: 5769K(5824K)->5769K(5824K) Class: 533K(640K)->533K(640K)
[50.042s][info][gc             ] GC(234) Pause Full (Ergonomics) 1367M->1367M(1441M) 440.326ms
[50.042s][info][gc,cpu         ] GC(234) User=3.36s Sys=0.00s Real=0.44s
[50.042s][info][gc,start       ] GC(235) Pause Full (Ergonomics)
[50.042s][info][gc,phases,start] GC(235) Marking Phase
[50.388s][info][gc,phases      ] GC(235) Marking Phase 345.579ms
[50.388s][info][gc,phases,start] GC(235) Summary Phase
[50.388s][info][gc,phases      ] GC(235) Summary Phase 0.030ms
[50.388s][info][gc,phases,start] GC(235) Adjust Roots
[50.388s][info][gc,phases      ] GC(235) Adjust Roots 0.261ms
[50.388s][info][gc,phases,start] GC(235) Compaction Phase
[50.497s][info][gc,phases      ] GC(235) Compaction Phase 108.892ms
[50.497s][info][gc,phases,start] GC(235) Post Compact
[50.500s][info][gc,phases      ] GC(235) Post Compact 3.072ms
[50.500s][info][gc,heap        ] GC(235) PSYoungGen: 34819K(110080K)->34819K(110080K) Eden: 29183K(29184K)->29183K(29184K) From: 5635K(80896K)->5635K(80896K)
[50.500s][info][gc,heap        ] GC(235) ParOldGen: 1365488K(1365504K)->1365488K(1365504K)
[50.501s][info][gc,metaspace   ] GC(235) Metaspace: 6302K(6464K)->6302K(6464K) NonClass: 5769K(5824K)->5769K(5824K) Class: 533K(640K)->533K(640K)
[50.501s][info][gc             ] GC(235) Pause Full (Ergonomics) 1367M->1367M(1441M) 458.381ms
[50.501s][info][gc,cpu         ] GC(235) User=3.16s Sys=0.02s Real=0.46s
[50.501s][info][gc,start       ] GC(236) Pause Full (Ergonomics)
[50.501s][info][gc,phases,start] GC(236) Marking Phase
[50.846s][info][gc,phases      ] GC(236) Marking Phase 345.046ms
[50.846s][info][gc,phases,start] GC(236) Summary Phase
[50.846s][info][gc,phases      ] GC(236) Summary Phase 0.029ms
[50.846s][info][gc,phases,start] GC(236) Adjust Roots
[50.846s][info][gc,phases      ] GC(236) Adjust Roots 0.273ms
[50.847s][info][gc,phases,start] GC(236) Compaction Phase
[50.969s][info][gc,phases      ] GC(236) Compaction Phase 122.686ms
[50.969s][info][gc,phases,start] GC(236) Post Compact
[50.972s][info][gc,phases      ] GC(236) Post Compact 2.796ms
[50.972s][info][gc,heap        ] GC(236) PSYoungGen: 34819K(110080K)->34819K(110080K) Eden: 29183K(29184K)->29183K(29184K) From: 5635K(80896K)->5635K(80896K)
[50.972s][info][gc,heap        ] GC(236) ParOldGen: 1365492K(1365504K)->1365492K(1365504K)
[50.972s][info][gc,metaspace   ] GC(236) Metaspace: 6302K(6464K)->6302K(6464K) NonClass: 5769K(5824K)->5769K(5824K) Class: 533K(640K)->533K(640K)
[50.972s][info][gc             ] GC(236) Pause Full (Ergonomics) 1367M->1367M(1441M) 471.297ms
[50.972s][info][gc,cpu         ] GC(236) User=3.38s Sys=0.02s Real=0.47s
[50.973s][info][gc,start       ] GC(237) Pause Full (Ergonomics)
[50.973s][info][gc,phases,start] GC(237) Marking Phase
[51.312s][info][gc,phases      ] GC(237) Marking Phase 339.291ms
[51.312s][info][gc,phases,start] GC(237) Summary Phase
[51.312s][info][gc,phases      ] GC(237) Summary Phase 0.056ms
[51.312s][info][gc,phases,start] GC(237) Adjust Roots
[51.313s][info][gc,phases      ] GC(237) Adjust Roots 0.362ms
[51.313s][info][gc,phases,start] GC(237) Compaction Phase
[51.414s][info][gc,phases      ] GC(237) Compaction Phase 101.039ms
[51.414s][info][gc,phases,start] GC(237) Post Compact
[51.416s][info][gc,phases      ] GC(237) Post Compact 2.761ms
[51.417s][info][gc,heap        ] GC(237) PSYoungGen: 34819K(110080K)->34819K(110080K) Eden: 29183K(29184K)->29183K(29184K) From: 5635K(80896K)->5635K(80896K)
[51.417s][info][gc,heap        ] GC(237) ParOldGen: 1365497K(1365504K)->1365497K(1365504K)
[51.417s][info][gc,metaspace   ] GC(237) Metaspace: 6302K(6464K)->6302K(6464K) NonClass: 5769K(5824K)->5769K(5824K) Class: 533K(640K)->533K(640K)
[51.417s][info][gc             ] GC(237) Pause Full (Ergonomics) 1367M->1367M(1441M) 443.973ms
[51.417s][info][gc,cpu         ] GC(237) User=3.34s Sys=0.02s Real=0.44s
[51.417s][info][gc,start       ] GC(238) Pause Full (Ergonomics)
[51.417s][info][gc,phases,start] GC(238) Marking Phase
[51.809s][info][gc,phases      ] GC(238) Marking Phase 392.108ms
[51.809s][info][gc,phases,start] GC(238) Summary Phase
[51.809s][info][gc,phases      ] GC(238) Summary Phase 0.042ms
[51.809s][info][gc,phases,start] GC(238) Adjust Roots
[51.810s][info][gc,phases      ] GC(238) Adjust Roots 0.296ms
[51.810s][info][gc,phases,start] GC(238) Compaction Phase
[51.918s][info][gc,phases      ] GC(238) Compaction Phase 108.204ms
[51.918s][info][gc,phases,start] GC(238) Post Compact
[51.921s][info][gc,phases      ] GC(238) Post Compact 3.239ms
[51.921s][info][gc,heap        ] GC(238) PSYoungGen: 34819K(110080K)->34819K(110080K) Eden: 29183K(29184K)->29183K(29184K) From: 5635K(80896K)->5635K(80896K)
[51.921s][info][gc,heap        ] GC(238) ParOldGen: 1365502K(1365504K)->1365502K(1365504K)
[51.921s][info][gc,metaspace   ] GC(238) Metaspace: 6302K(6464K)->6302K(6464K) NonClass: 5769K(5824K)->5769K(5824K) Class: 533K(640K)->533K(640K)
[51.921s][info][gc             ] GC(238) Pause Full (Ergonomics) 1367M->1367M(1441M) 504.370ms
[51.921s][info][gc,cpu         ] GC(238) User=3.28s Sys=0.02s Real=0.50s
[51.922s][info][gc,start       ] GC(239) Pause Full (Ergonomics)
[51.922s][info][gc,phases,start] GC(239) Marking Phase
[52.300s][info][gc,phases      ] GC(239) Marking Phase 378.635ms
[52.300s][info][gc,phases,start] GC(239) Summary Phase
[52.301s][info][gc,phases      ] GC(239) Summary Phase 0.052ms
[52.301s][info][gc,phases,start] GC(239) Adjust Roots
[52.301s][info][gc,phases      ] GC(239) Adjust Roots 0.407ms
[52.301s][info][gc,phases,start] GC(239) Compaction Phase
[52.412s][info][gc,phases      ] GC(239) Compaction Phase 110.716ms
[52.412s][info][gc,phases,start] GC(239) Post Compact
[52.415s][info][gc,phases      ] GC(239) Post Compact 3.456ms
[52.415s][info][gc,heap        ] GC(239) PSYoungGen: 34819K(110080K)->34819K(110080K) Eden: 29183K(29184K)->29183K(29184K) From: 5635K(80896K)->5635K(80896K)
[52.415s][info][gc,heap        ] GC(239) ParOldGen: 1365503K(1365504K)->1365503K(1365504K)
[52.415s][info][gc,metaspace   ] GC(239) Metaspace: 6302K(6464K)->6302K(6464K) NonClass: 5769K(5824K)->5769K(5824K) Class: 533K(640K)->533K(640K)
[52.415s][info][gc             ] GC(239) Pause Full (Ergonomics) 1367M->1367M(1441M) 493.784ms
[52.416s][info][gc,cpu         ] GC(239) User=3.30s Sys=0.00s Real=0.49s
[52.416s][info][gc,start       ] GC(240) Pause Full (Allocation Failure)
[52.416s][info][gc,phases,start] GC(240) Marking Phase
[52.775s][info][gc,phases      ] GC(240) Marking Phase 359.475ms
[52.775s][info][gc,phases,start] GC(240) Summary Phase
[52.775s][info][gc,phases      ] GC(240) Summary Phase 0.045ms
[52.775s][info][gc,phases,start] GC(240) Adjust Roots
[52.776s][info][gc,phases      ] GC(240) Adjust Roots 0.753ms
[52.776s][info][gc,phases,start] GC(240) Compaction Phase
[53.126s][info][gc,phases      ] GC(240) Compaction Phase 349.934ms
[53.126s][info][gc,phases,start] GC(240) Post Compact
[53.130s][info][gc,phases      ] GC(240) Post Compact 3.812ms
[53.130s][info][gc,heap        ] GC(240) PSYoungGen: 34819K(110080K)->34819K(110080K) Eden: 29183K(29184K)->29183K(29184K) From: 5635K(80896K)->5635K(80896K)
[53.130s][info][gc,heap        ] GC(240) ParOldGen: 1365503K(1365504K)->1365499K(1365504K)
[53.130s][info][gc,metaspace   ] GC(240) Metaspace: 6302K(6464K)->6300K(6464K) NonClass: 5769K(5824K)->5767K(5824K) Class: 533K(640K)->532K(640K)
[53.130s][info][gc             ] GC(240) Pause Full (Allocation Failure) 1367M->1367M(1441M) 714.523ms
[53.130s][info][gc,cpu         ] GC(240) User=4.52s Sys=0.06s Real=0.71s
[53.131s][info][gc,start       ] GC(241) Pause Full (Ergonomics)
[53.131s][info][gc,phases,start] GC(241) Marking Phase
[53.513s][info][gc,phases      ] GC(241) Marking Phase 382.449ms
[53.513s][info][gc,phases,start] GC(241) Summary Phase
[53.514s][info][gc,phases      ] GC(241) Summary Phase 0.042ms
[53.514s][info][gc,phases,start] GC(241) Adjust Roots
[53.514s][info][gc,phases      ] GC(241) Adjust Roots 0.354ms
[53.514s][info][gc,phases,start] GC(241) Compaction Phase
[53.614s][info][gc,phases      ] GC(241) Compaction Phase 99.832ms
[53.614s][info][gc,phases,start] GC(241) Post Compact
[53.618s][info][gc,phases      ] GC(241) Post Compact 3.724ms
[53.618s][info][gc,heap        ] GC(241) PSYoungGen: 34819K(110080K)->34819K(110080K) Eden: 29183K(29184K)->29183K(29184K) From: 5635K(80896K)->5635K(80896K)
[53.618s][info][gc,heap        ] GC(241) ParOldGen: 1365502K(1365504K)->1365502K(1365504K)
[53.618s][info][gc,metaspace   ] GC(241) Metaspace: 6300K(6464K)->6300K(6464K) NonClass: 5767K(5824K)->5767K(5824K) Class: 532K(640K)->532K(640K)
[53.618s][info][gc             ] GC(241) Pause Full (Ergonomics) 1367M->1367M(1441M) 487.037ms
[53.618s][info][gc,cpu         ] GC(241) User=3.25s Sys=0.08s Real=0.49s
[53.619s][info][gc,start       ] GC(242) Pause Full (Ergonomics)
[53.619s][info][gc,phases,start] GC(242) Marking Phase
[53.996s][info][gc,phases      ] GC(242) Marking Phase 377.486ms
[53.996s][info][gc,phases,start] GC(242) Summary Phase
[53.997s][info][gc,phases      ] GC(242) Summary Phase 0.097ms
[53.997s][info][gc,phases,start] GC(242) Adjust Roots
[53.997s][info][gc,phases      ] GC(242) Adjust Roots 0.396ms
[53.997s][info][gc,phases,start] GC(242) Compaction Phase
[54.104s][info][gc,phases      ] GC(242) Compaction Phase 107.105ms
[54.104s][info][gc,phases,start] GC(242) Post Compact
[54.108s][info][gc,phases      ] GC(242) Post Compact 4.087ms
[54.108s][info][gc,heap        ] GC(242) PSYoungGen: 34819K(110080K)->34819K(110080K) Eden: 29183K(29184K)->29183K(29184K) From: 5635K(80896K)->5635K(80896K)
[54.109s][info][gc,heap        ] GC(242) ParOldGen: 1365503K(1365504K)->1365503K(1365504K)
[54.109s][info][gc,metaspace   ] GC(242) Metaspace: 6300K(6464K)->6300K(6464K) NonClass: 5767K(5824K)->5767K(5824K) Class: 532K(640K)->532K(640K)
[54.109s][info][gc             ] GC(242) Pause Full (Ergonomics) 1367M->1367M(1441M) 489.821ms
[54.109s][info][gc,cpu         ] GC(242) User=3.41s Sys=0.03s Real=0.49s
[54.109s][info][gc,start       ] GC(243) Pause Full (Allocation Failure)
[54.109s][info][gc,phases,start] GC(243) Marking Phase
[54.500s][info][gc,phases      ] GC(243) Marking Phase 391.024ms
[54.500s][info][gc,phases,start] GC(243) Summary Phase
[54.500s][info][gc,phases      ] GC(243) Summary Phase 0.040ms
[54.500s][info][gc,phases,start] GC(243) Adjust Roots
[54.500s][info][gc,phases      ] GC(243) Adjust Roots 0.383ms
[54.500s][info][gc,phases,start] GC(243) Compaction Phase
[54.621s][info][gc,phases      ] GC(243) Compaction Phase 120.437ms
[54.621s][info][gc,phases,start] GC(243) Post Compact
[54.625s][info][gc,phases      ] GC(243) Post Compact 4.101ms
[54.625s][info][gc,heap        ] GC(243) PSYoungGen: 34819K(110080K)->34819K(110080K) Eden: 29183K(29184K)->29183K(29184K) From: 5635K(80896K)->5635K(80896K)
[54.625s][info][gc,heap        ] GC(243) ParOldGen: 1365503K(1365504K)->1365503K(1365504K)
[54.625s][info][gc,metaspace   ] GC(243) Metaspace: 6300K(6464K)->6300K(6464K) NonClass: 5767K(5824K)->5767K(5824K) Class: 532K(640K)->532K(640K)
[54.625s][info][gc             ] GC(243) Pause Full (Allocation Failure) 1367M->1367M(1441M) 516.479ms
[54.625s][info][gc,cpu         ] GC(243) User=3.28s Sys=0.06s Real=0.52s
[54.626s][info][gc,start       ] GC(244) Pause Full (Ergonomics)
[54.626s][info][gc,phases,start] GC(244) Marking Phase
[54.994s][info][gc,phases      ] GC(244) Marking Phase 367.566ms
[54.994s][info][gc,phases,start] GC(244) Summary Phase
[54.994s][info][gc,phases      ] GC(244) Summary Phase 0.044ms
[54.994s][info][gc,phases,start] GC(244) Adjust Roots
[54.994s][info][gc,phases      ] GC(244) Adjust Roots 0.493ms
[54.994s][info][gc,phases,start] GC(244) Compaction Phase
[55.355s][info][gc,phases      ] GC(244) Compaction Phase 360.430ms
[55.355s][info][gc,phases,start] GC(244) Post Compact
[55.359s][info][gc,phases      ] GC(244) Post Compact 4.229ms
[55.359s][info][gc,heap        ] GC(244) PSYoungGen: 34819K(110080K)->34819K(110080K) Eden: 29184K(29184K)->29184K(29184K) From: 5635K(80896K)->5635K(80896K)
[55.359s][info][gc,heap        ] GC(244) ParOldGen: 1365504K(1365504K)->1365502K(1365504K)
[55.359s][info][gc,metaspace   ] GC(244) Metaspace: 6300K(6464K)->6300K(6464K) NonClass: 5767K(5824K)->5767K(5824K) Class: 532K(640K)->532K(640K)
[55.359s][info][gc             ] GC(244) Pause Full (Ergonomics) 1367M->1367M(1441M) 733.351ms
[55.359s][info][gc,cpu         ] GC(244) User=4.56s Sys=0.02s Real=0.73s
[55.361s][info][gc,start       ] GC(245) Pause Full (Ergonomics)
[55.362s][info][gc,phases,start] GC(245) Marking Phase
[55.705s][info][gc,phases      ] GC(245) Marking Phase 343.604ms
[55.705s][info][gc,phases,start] GC(245) Summary Phase
[55.705s][info][gc,phases      ] GC(245) Summary Phase 0.042ms
[55.705s][info][gc,phases,start] GC(245) Adjust Roots
[55.706s][info][gc,phases      ] GC(245) Adjust Roots 0.469ms
[55.706s][info][gc,phases,start] GC(245) Compaction Phase
[56.073s][info][gc,phases      ] GC(245) Compaction Phase 366.849ms
[56.073s][info][gc,phases,start] GC(245) Post Compact
[56.077s][info][gc,phases      ] GC(245) Post Compact 3.965ms
[56.077s][info][gc,heap        ] GC(245) PSYoungGen: 34819K(110080K)->34819K(110080K) Eden: 29184K(29184K)->29184K(29184K) From: 5635K(80896K)->5635K(80896K)
[56.077s][info][gc,heap        ] GC(245) ParOldGen: 1365503K(1365504K)->1365501K(1365504K)
[56.077s][info][gc,metaspace   ] GC(245) Metaspace: 6302K(6528K)->6302K(6528K) NonClass: 5768K(5888K)->5768K(5888K) Class: 533K(640K)->533K(640K)
[56.077s][info][gc             ] GC(245) Pause Full (Ergonomics) 1367M->1367M(1441M) 715.581ms
[56.077s][info][gc,cpu         ] GC(245) User=4.58s Sys=0.03s Real=0.71s
[56.078s][info][gc,heap,exit   ] Heap
[56.078s][info][gc,heap,exit   ]  PSYoungGen      total 110080K, used 34819K [0x00000000d6580000, 0x00000000e2900000, 0x0000000100000000)
[56.078s][info][gc,heap,exit   ]   eden space 29184K, 100% used [0x00000000d6580000,0x00000000d8200000,0x00000000d8200000)
[56.078s][info][gc,heap,exit   ]   from space 80896K, 6% used [0x00000000dd400000,0x00000000dd980fb0,0x00000000e2300000)
[56.078s][info][gc,heap,exit   ]   to   space 83968K, 0% used [0x00000000d8200000,0x00000000d8200000,0x00000000dd400000)
[56.078s][info][gc,heap,exit   ]  ParOldGen       total 1365504K, used 1365501K [0x0000000083000000, 0x00000000d6580000, 0x00000000d6580000)
[56.078s][info][gc,heap,exit   ]   object space 1365504K, 99% used [0x0000000083000000,0x00000000d657f778,0x00000000d6580000)
[56.078s][info][gc,heap,exit   ]  Metaspace       used 6305K, committed 6528K, reserved 1114112K
[56.078s][info][gc,heap,exit   ]   class space    used 534K, committed 640K, reserved 1048576K
