[0.015s][info][gc,init] CardTable entry size: 512
[0.015s][info][gc     ] Using Parallel
[0.016s][info][gc,init] Version: 18.0.1+10 (release)
[0.016s][info][gc,init] CPUs: 8 total, 8 available
[0.016s][info][gc,init] Memory: 16063M
[0.016s][info][gc,init] Large Page Support: Disabled
[0.016s][info][gc,init] NUMA Support: Disabled
[0.016s][info][gc,init] Compressed Oops: Enabled (32-bit)
[0.016s][info][gc,init] Alignments: Space 512K, Generation 512K, Heap 2M
[0.016s][info][gc,init] Heap Min Capacity: 2M
[0.016s][info][gc,init] Heap Initial Capacity: 2M
[0.016s][info][gc,init] Heap Max Capacity: 1500M
[0.016s][info][gc,init] Pre-touch: Disabled
[0.016s][info][gc,init] Parallel Workers: 7
[0.017s][info][gc,metaspace] CDS archive(s) not mapped
[0.017s][info][gc,metaspace] Compressed class space mapped at: 0x0000000100000000-0x0000000140000000, reserved size: 1073741824
[0.017s][info][gc,metaspace] Narrow klass base: 0x0000000000000000, Narrow klass shift: 3, Narrow klass range: 0x140000000
[0.140s][info][gc,start    ] GC(0) Pause Young (Allocation Failure)
[0.142s][info][gc,heap     ] GC(0) PSYoungGen: 512K(1024K)->512K(1024K) Eden: 512K(512K)->0K(512K) From: 0K(512K)->512K(512K)
[0.142s][info][gc,heap     ] GC(0) ParOldGen: 0K(512K)->24K(512K)
[0.142s][info][gc,metaspace] GC(0) Metaspace: 4230K(4352K)->4230K(4352K) NonClass: 3909K(3968K)->3909K(3968K) Class: 321K(384K)->321K(384K)
[0.142s][info][gc          ] GC(0) Pause Young (Allocation Failure) 0M->0M(1M) 2.059ms
[0.142s][info][gc,cpu      ] GC(0) User=0.00s Sys=0.00s Real=0.00s
[0.213s][info][gc,start    ] GC(1) Pause Young (Allocation Failure)
[0.214s][info][gc,heap     ] GC(1) PSYoungGen: 1023K(1024K)->496K(1536K) Eden: 511K(512K)->0K(1024K) From: 512K(512K)->496K(512K)
[0.214s][info][gc,heap     ] GC(1) ParOldGen: 24K(512K)->120K(512K)
[0.214s][info][gc,metaspace] GC(1) Metaspace: 5882K(6016K)->5882K(6016K) NonClass: 5385K(5504K)->5385K(5504K) Class: 496K(512K)->496K(512K)
[0.214s][info][gc          ] GC(1) Pause Young (Allocation Failure) 1M->0M(2M) 0.960ms
[0.214s][info][gc,cpu      ] GC(1) User=0.00s Sys=0.00s Real=0.00s
[0.238s][info][gc,start    ] GC(2) Pause Young (Allocation Failure)
[0.239s][info][gc,heap     ] GC(2) PSYoungGen: 1520K(1536K)->512K(1536K) Eden: 1024K(1024K)->0K(1024K) From: 496K(512K)->512K(512K)
[0.239s][info][gc,heap     ] GC(2) ParOldGen: 120K(512K)->532K(1024K)
[0.239s][info][gc,metaspace] GC(2) Metaspace: 6300K(6464K)->6300K(6464K) NonClass: 5766K(5824K)->5766K(5824K) Class: 533K(640K)->533K(640K)
[0.239s][info][gc          ] GC(2) Pause Young (Allocation Failure) 1M->1M(2M) 0.813ms
[0.239s][info][gc,cpu      ] GC(2) User=0.00s Sys=0.00s Real=0.00s
[0.240s][info][gc,start    ] GC(3) Pause Young (Allocation Failure)
[0.241s][info][gc,heap     ] GC(3) PSYoungGen: 1536K(1536K)->512K(2560K) Eden: 1024K(1024K)->0K(2048K) From: 512K(512K)->512K(512K)
[0.241s][info][gc,heap     ] GC(3) ParOldGen: 532K(1024K)->1100K(1536K)
[0.241s][info][gc,metaspace] GC(3) Metaspace: 6300K(6464K)->6300K(6464K) NonClass: 5766K(5824K)->5766K(5824K) Class: 533K(640K)->533K(640K)
[0.241s][info][gc          ] GC(3) Pause Young (Allocation Failure) 2M->1M(4M) 1.111ms
[0.241s][info][gc,cpu      ] GC(3) User=0.00s Sys=0.00s Real=0.00s
[0.242s][info][gc,start    ] GC(4) Pause Full (Ergonomics)
[0.242s][info][gc,phases,start] GC(4) Marking Phase
[0.242s][info][gc,phases      ] GC(4) Marking Phase 0.827ms
[0.242s][info][gc,phases,start] GC(4) Summary Phase
[0.242s][info][gc,phases      ] GC(4) Summary Phase 0.013ms
[0.242s][info][gc,phases,start] GC(4) Adjust Roots
[0.243s][info][gc,phases      ] GC(4) Adjust Roots 0.346ms
[0.243s][info][gc,phases,start] GC(4) Compaction Phase
[0.245s][info][gc,phases      ] GC(4) Compaction Phase 2.184ms
[0.245s][info][gc,phases,start] GC(4) Post Compact
[0.245s][info][gc,phases      ] GC(4) Post Compact 0.076ms
[0.245s][info][gc,heap        ] GC(4) PSYoungGen: 512K(2560K)->0K(2560K) Eden: 0K(2048K)->0K(2048K) From: 512K(512K)->0K(512K)
[0.245s][info][gc,heap        ] GC(4) ParOldGen: 1100K(1536K)->1495K(3584K)
[0.245s][info][gc,metaspace   ] GC(4) Metaspace: 6300K(6464K)->6300K(6464K) NonClass: 5766K(5824K)->5766K(5824K) Class: 533K(640K)->533K(640K)
[0.245s][info][gc             ] GC(4) Pause Full (Ergonomics) 1M->1M(6M) 3.766ms
[0.245s][info][gc,cpu         ] GC(4) User=0.00s Sys=0.00s Real=0.00s
[0.249s][info][gc,start       ] GC(5) Pause Young (Allocation Failure)
[0.250s][info][gc,heap        ] GC(5) PSYoungGen: 2048K(2560K)->480K(3584K) Eden: 2048K(2048K)->0K(3072K) From: 0K(512K)->480K(512K)
[0.250s][info][gc,heap        ] GC(5) ParOldGen: 1495K(3584K)->2143K(3584K)
[0.250s][info][gc,metaspace   ] GC(5) Metaspace: 6300K(6464K)->6300K(6464K) NonClass: 5766K(5824K)->5766K(5824K) Class: 533K(640K)->533K(640K)
[0.250s][info][gc             ] GC(5) Pause Young (Allocation Failure) 3M->2M(7M) 0.907ms
[0.250s][info][gc,cpu         ] GC(5) User=0.00s Sys=0.00s Real=0.00s
[0.255s][info][gc,start       ] GC(6) Pause Young (Allocation Failure)
[0.256s][info][gc,heap        ] GC(6) PSYoungGen: 3552K(3584K)->1504K(4608K) Eden: 3072K(3072K)->0K(3072K) From: 480K(512K)->1504K(1536K)
[0.256s][info][gc,heap        ] GC(6) ParOldGen: 2143K(3584K)->2727K(3584K)
[0.256s][info][gc,metaspace   ] GC(6) Metaspace: 6300K(6464K)->6300K(6464K) NonClass: 5766K(5824K)->5766K(5824K) Class: 533K(640K)->533K(640K)
[0.256s][info][gc             ] GC(6) Pause Young (Allocation Failure) 5M->4M(8M) 1.626ms
[0.256s][info][gc,cpu         ] GC(6) User=0.00s Sys=0.00s Real=0.00s
[0.256s][info][gc,start       ] GC(7) Pause Full (Ergonomics)
[0.256s][info][gc,phases,start] GC(7) Marking Phase
[0.258s][info][gc,phases      ] GC(7) Marking Phase 1.347ms
[0.258s][info][gc,phases,start] GC(7) Summary Phase
[0.258s][info][gc,phases      ] GC(7) Summary Phase 0.017ms
[0.258s][info][gc,phases,start] GC(7) Adjust Roots
[0.258s][info][gc,phases      ] GC(7) Adjust Roots 0.344ms
[0.258s][info][gc,phases,start] GC(7) Compaction Phase
[0.260s][info][gc,phases      ] GC(7) Compaction Phase 2.316ms
[0.260s][info][gc,phases,start] GC(7) Post Compact
[0.261s][info][gc,phases      ] GC(7) Post Compact 0.043ms
[0.261s][info][gc,heap        ] GC(7) PSYoungGen: 1504K(4608K)->989K(4608K) Eden: 0K(3072K)->0K(3072K) From: 1504K(1536K)->989K(1536K)
[0.261s][info][gc,heap        ] GC(7) ParOldGen: 2727K(3584K)->3127K(6144K)
[0.261s][info][gc,metaspace   ] GC(7) Metaspace: 6300K(6464K)->6300K(6464K) NonClass: 5766K(5824K)->5766K(5824K) Class: 533K(640K)->533K(640K)
[0.261s][info][gc             ] GC(7) Pause Full (Ergonomics) 4M->4M(10M) 4.623ms
[0.261s][info][gc,cpu         ] GC(7) User=0.00s Sys=0.00s Real=0.01s
[0.265s][info][gc,start       ] GC(8) Pause Young (Allocation Failure)
[0.266s][info][gc,heap        ] GC(8) PSYoungGen: 4061K(4608K)->2048K(5632K) Eden: 3072K(3072K)->0K(3584K) From: 989K(1536K)->2048K(2048K)
[0.266s][info][gc,heap        ] GC(8) ParOldGen: 3127K(6144K)->3695K(6144K)
[0.266s][info][gc,metaspace   ] GC(8) Metaspace: 6300K(6464K)->6300K(6464K) NonClass: 5766K(5824K)->5766K(5824K) Class: 533K(640K)->533K(640K)
[0.266s][info][gc             ] GC(8) Pause Young (Allocation Failure) 7M->5M(11M) 1.755ms
[0.267s][info][gc,cpu         ] GC(8) User=0.00s Sys=0.00s Real=0.00s
[0.272s][info][gc,start       ] GC(9) Pause Young (Allocation Failure)
[0.275s][info][gc,heap        ] GC(9) PSYoungGen: 5632K(5632K)->3040K(6656K) Eden: 3584K(3584K)->0K(3584K) From: 2048K(2048K)->3040K(3072K)
[0.275s][info][gc,heap        ] GC(9) ParOldGen: 3695K(6144K)->4719K(6144K)
[0.275s][info][gc,metaspace   ] GC(9) Metaspace: 6300K(6464K)->6300K(6464K) NonClass: 5766K(5824K)->5766K(5824K) Class: 533K(640K)->533K(640K)
[0.275s][info][gc             ] GC(9) Pause Young (Allocation Failure) 9M->7M(12M) 2.385ms
[0.275s][info][gc,cpu         ] GC(9) User=0.00s Sys=0.00s Real=0.00s
[0.279s][info][gc,start       ] GC(10) Pause Young (Allocation Failure)
[0.282s][info][gc,heap        ] GC(10) PSYoungGen: 6624K(6656K)->4064K(8704K) Eden: 3584K(3584K)->0K(4608K) From: 3040K(3072K)->4064K(4096K)
[0.283s][info][gc,heap        ] GC(10) ParOldGen: 4719K(6144K)->5599K(6144K)
[0.283s][info][gc,metaspace   ] GC(10) Metaspace: 6300K(6464K)->6300K(6464K) NonClass: 5766K(5824K)->5766K(5824K) Class: 533K(640K)->533K(640K)
[0.283s][info][gc             ] GC(10) Pause Young (Allocation Failure) 11M->9M(14M) 3.387ms
[0.283s][info][gc,cpu         ] GC(10) User=0.00s Sys=0.00s Real=0.00s
[0.283s][info][gc,start       ] GC(11) Pause Full (Ergonomics)
[0.283s][info][gc,phases,start] GC(11) Marking Phase
[0.286s][info][gc,phases      ] GC(11) Marking Phase 3.052ms
[0.286s][info][gc,phases,start] GC(11) Summary Phase
[0.286s][info][gc,phases      ] GC(11) Summary Phase 0.015ms
[0.286s][info][gc,phases,start] GC(11) Adjust Roots
[0.286s][info][gc,phases      ] GC(11) Adjust Roots 0.241ms
[0.286s][info][gc,phases,start] GC(11) Compaction Phase
[0.291s][info][gc,phases      ] GC(11) Compaction Phase 4.882ms
[0.291s][info][gc,phases,start] GC(11) Post Compact
[0.291s][info][gc,phases      ] GC(11) Post Compact 0.057ms
[0.291s][info][gc,heap        ] GC(11) PSYoungGen: 4064K(8704K)->3533K(8704K) Eden: 0K(4608K)->0K(4608K) From: 4064K(4096K)->3533K(4096K)
[0.291s][info][gc,heap        ] GC(11) ParOldGen: 5599K(6144K)->5843K(10240K)
[0.291s][info][gc,metaspace   ] GC(11) Metaspace: 6300K(6464K)->6300K(6464K) NonClass: 5766K(5824K)->5766K(5824K) Class: 533K(640K)->533K(640K)
[0.291s][info][gc             ] GC(11) Pause Full (Ergonomics) 9M->9M(18M) 8.563ms
[0.291s][info][gc,cpu         ] GC(11) User=0.00s Sys=0.00s Real=0.01s
[0.298s][info][gc,start       ] GC(12) Pause Young (Allocation Failure)
[0.301s][info][gc,heap        ] GC(12) PSYoungGen: 8001K(8704K)->3808K(9728K) Eden: 4468K(4608K)->0K(4608K) From: 3533K(4096K)->3808K(5120K)
[0.301s][info][gc,heap        ] GC(12) ParOldGen: 5843K(10240K)->8051K(10240K)
[0.301s][info][gc,metaspace   ] GC(12) Metaspace: 6300K(6464K)->6300K(6464K) NonClass: 5766K(5824K)->5766K(5824K) Class: 533K(640K)->533K(640K)
[0.301s][info][gc             ] GC(12) Pause Young (Allocation Failure) 13M->11M(19M) 2.769ms
[0.301s][info][gc,cpu         ] GC(12) User=0.00s Sys=0.00s Real=0.00s
[0.307s][info][gc,start       ] GC(13) Pause Young (Allocation Failure)
[0.310s][info][gc,heap        ] GC(13) PSYoungGen: 8416K(9728K)->5056K(11776K) Eden: 4608K(4608K)->0K(6144K) From: 3808K(5120K)->5056K(5632K)
[0.310s][info][gc,heap        ] GC(13) ParOldGen: 8051K(10240K)->9475K(10240K)
[0.310s][info][gc,metaspace   ] GC(13) Metaspace: 6300K(6464K)->6300K(6464K) NonClass: 5766K(5824K)->5766K(5824K) Class: 533K(640K)->533K(640K)
[0.310s][info][gc             ] GC(13) Pause Young (Allocation Failure) 16M->14M(21M) 3.462ms
[0.310s][info][gc,cpu         ] GC(13) User=0.02s Sys=0.00s Real=0.00s
[0.310s][info][gc,start       ] GC(14) Pause Full (Ergonomics)
[0.310s][info][gc,phases,start] GC(14) Marking Phase
[0.314s][info][gc,phases      ] GC(14) Marking Phase 3.292ms
[0.314s][info][gc,phases,start] GC(14) Summary Phase
[0.314s][info][gc,phases      ] GC(14) Summary Phase 0.017ms
[0.314s][info][gc,phases,start] GC(14) Adjust Roots
[0.314s][info][gc,phases      ] GC(14) Adjust Roots 0.200ms
[0.314s][info][gc,phases,start] GC(14) Compaction Phase
[0.318s][info][gc,phases      ] GC(14) Compaction Phase 4.455ms
[0.318s][info][gc,phases,start] GC(14) Post Compact
[0.318s][info][gc,phases      ] GC(14) Post Compact 0.067ms
[0.319s][info][gc,heap        ] GC(14) PSYoungGen: 5056K(11776K)->3892K(11776K) Eden: 0K(6144K)->0K(6144K) From: 5056K(5632K)->3892K(5632K)
[0.319s][info][gc,heap        ] GC(14) ParOldGen: 9475K(10240K)->10144K(16384K)
[0.319s][info][gc,metaspace   ] GC(14) Metaspace: 6300K(6464K)->6300K(6464K) NonClass: 5766K(5824K)->5766K(5824K) Class: 533K(640K)->533K(640K)
[0.319s][info][gc             ] GC(14) Pause Full (Ergonomics) 14M->13M(27M) 8.348ms
[0.319s][info][gc,cpu         ] GC(14) User=0.00s Sys=0.00s Real=0.01s
[0.324s][info][gc,start       ] GC(15) Pause Young (Allocation Failure)
[0.328s][info][gc,heap        ] GC(15) PSYoungGen: 10036K(11776K)->3264K(12288K) Eden: 6144K(6144K)->0K(6144K) From: 3892K(5632K)->3264K(6144K)
[0.328s][info][gc,heap        ] GC(15) ParOldGen: 10144K(16384K)->14120K(16384K)
[0.328s][info][gc,metaspace   ] GC(15) Metaspace: 6301K(6464K)->6301K(6464K) NonClass: 5768K(5824K)->5768K(5824K) Class: 533K(640K)->533K(640K)
[0.328s][info][gc             ] GC(15) Pause Young (Allocation Failure) 19M->16M(28M) 4.024ms
[0.328s][info][gc,cpu         ] GC(15) User=0.02s Sys=0.00s Real=0.00s
[0.328s][info][gc,start       ] GC(16) Pause Full (Ergonomics)
[0.328s][info][gc,phases,start] GC(16) Marking Phase
[0.333s][info][gc,phases      ] GC(16) Marking Phase 4.976ms
[0.333s][info][gc,phases,start] GC(16) Summary Phase
[0.333s][info][gc,phases      ] GC(16) Summary Phase 0.017ms
[0.333s][info][gc,phases,start] GC(16) Adjust Roots
[0.333s][info][gc,phases      ] GC(16) Adjust Roots 0.212ms
[0.333s][info][gc,phases,start] GC(16) Compaction Phase
[0.337s][info][gc,phases      ] GC(16) Compaction Phase 3.218ms
[0.337s][info][gc,phases,start] GC(16) Post Compact
[0.337s][info][gc,phases      ] GC(16) Post Compact 0.102ms
[0.337s][info][gc,heap        ] GC(16) PSYoungGen: 3264K(12288K)->1095K(12288K) Eden: 0K(6144K)->0K(6144K) From: 3264K(6144K)->1095K(6144K)
[0.337s][info][gc,heap        ] GC(16) ParOldGen: 14120K(16384K)->16080K(25088K)
[0.337s][info][gc,metaspace   ] GC(16) Metaspace: 6301K(6464K)->6301K(6464K) NonClass: 5768K(5824K)->5768K(5824K) Class: 533K(640K)->533K(640K)
[0.337s][info][gc             ] GC(16) Pause Full (Ergonomics) 16M->16M(36M) 8.958ms
[0.337s][info][gc,cpu         ] GC(16) User=0.00s Sys=0.00s Real=0.01s
[0.342s][info][gc,start       ] GC(17) Pause Young (Allocation Failure)
[0.345s][info][gc,heap        ] GC(17) PSYoungGen: 7239K(12288K)->3264K(14336K) Eden: 6144K(6144K)->0K(8192K) From: 1095K(6144K)->3264K(6144K)
[0.345s][info][gc,heap        ] GC(17) ParOldGen: 16080K(25088K)->17216K(25088K)
[0.345s][info][gc,metaspace   ] GC(17) Metaspace: 6301K(6464K)->6301K(6464K) NonClass: 5768K(5824K)->5768K(5824K) Class: 533K(640K)->533K(640K)
[0.345s][info][gc             ] GC(17) Pause Young (Allocation Failure) 22M->20M(38M) 3.077ms
[0.345s][info][gc,cpu         ] GC(17) User=0.00s Sys=0.00s Real=0.00s
[0.353s][info][gc,start       ] GC(18) Pause Young (Allocation Failure)
[0.358s][info][gc,heap        ] GC(18) PSYoungGen: 11456K(14336K)->6112K(14336K) Eden: 8192K(8192K)->0K(8192K) From: 3264K(6144K)->6112K(6144K)
[0.358s][info][gc,heap        ] GC(18) ParOldGen: 17216K(25088K)->19072K(25088K)
[0.358s][info][gc,metaspace   ] GC(18) Metaspace: 6301K(6464K)->6301K(6464K) NonClass: 5768K(5824K)->5768K(5824K) Class: 533K(640K)->533K(640K)
[0.358s][info][gc             ] GC(18) Pause Young (Allocation Failure) 28M->24M(38M) 4.712ms
[0.358s][info][gc,cpu         ] GC(18) User=0.00s Sys=0.00s Real=0.00s
[0.363s][info][gc,start       ] GC(19) Pause Young (Allocation Failure)
[0.368s][info][gc,heap        ] GC(19) PSYoungGen: 14304K(14336K)->4384K(18432K) Eden: 8192K(8192K)->0K(10752K) From: 6112K(6144K)->4384K(7680K)
[0.368s][info][gc,heap        ] GC(19) ParOldGen: 19072K(25088K)->25288K(25600K)
[0.368s][info][gc,metaspace   ] GC(19) Metaspace: 6301K(6464K)->6301K(6464K) NonClass: 5768K(5824K)->5768K(5824K) Class: 533K(640K)->533K(640K)
[0.368s][info][gc             ] GC(19) Pause Young (Allocation Failure) 32M->28M(43M) 5.188ms
[0.368s][info][gc,cpu         ] GC(19) User=0.00s Sys=0.00s Real=0.00s
[0.368s][info][gc,start       ] GC(20) Pause Full (Ergonomics)
[0.369s][info][gc,phases,start] GC(20) Marking Phase
[0.376s][info][gc,phases      ] GC(20) Marking Phase 7.810ms
[0.376s][info][gc,phases,start] GC(20) Summary Phase
[0.376s][info][gc,phases      ] GC(20) Summary Phase 0.016ms
[0.376s][info][gc,phases,start] GC(20) Adjust Roots
[0.377s][info][gc,phases      ] GC(20) Adjust Roots 0.184ms
[0.377s][info][gc,phases,start] GC(20) Compaction Phase
[0.385s][info][gc,phases      ] GC(20) Compaction Phase 8.646ms
[0.385s][info][gc,phases,start] GC(20) Post Compact
[0.385s][info][gc,phases      ] GC(20) Post Compact 0.129ms
[0.386s][info][gc,heap        ] GC(20) PSYoungGen: 4384K(18432K)->3209K(18432K) Eden: 0K(10752K)->0K(10752K) From: 4384K(7680K)->3209K(7680K)
[0.386s][info][gc,heap        ] GC(20) ParOldGen: 25288K(25600K)->25582K(37888K)
[0.386s][info][gc,metaspace   ] GC(20) Metaspace: 6301K(6464K)->6301K(6464K) NonClass: 5768K(5824K)->5768K(5824K) Class: 533K(640K)->533K(640K)
[0.386s][info][gc             ] GC(20) Pause Full (Ergonomics) 28M->28M(55M) 17.220ms
[0.386s][info][gc,cpu         ] GC(20) User=0.02s Sys=0.00s Real=0.02s
[0.392s][info][gc,start       ] GC(21) Pause Young (Allocation Failure)
[0.398s][info][gc,heap        ] GC(21) PSYoungGen: 13961K(18432K)->5664K(18432K) Eden: 10752K(10752K)->0K(10752K) From: 3209K(7680K)->5664K(7680K)
[0.398s][info][gc,heap        ] GC(21) ParOldGen: 25582K(37888K)->28862K(37888K)
[0.398s][info][gc,metaspace   ] GC(21) Metaspace: 6301K(6464K)->6301K(6464K) NonClass: 5768K(5824K)->5768K(5824K) Class: 533K(640K)->533K(640K)
[0.398s][info][gc             ] GC(21) Pause Young (Allocation Failure) 38M->33M(55M) 5.713ms
[0.398s][info][gc,cpu         ] GC(21) User=0.00s Sys=0.00s Real=0.01s
[0.409s][info][gc,start       ] GC(22) Pause Young (Allocation Failure)
[0.418s][info][gc,heap        ] GC(22) PSYoungGen: 16416K(18432K)->8192K(18432K) Eden: 10752K(10752K)->0K(10240K) From: 5664K(7680K)->8192K(8192K)
[0.418s][info][gc,heap        ] GC(22) ParOldGen: 28862K(37888K)->36630K(37888K)
[0.418s][info][gc,metaspace   ] GC(22) Metaspace: 6301K(6464K)->6301K(6464K) NonClass: 5768K(5824K)->5768K(5824K) Class: 533K(640K)->533K(640K)
[0.418s][info][gc             ] GC(22) Pause Young (Allocation Failure) 44M->43M(55M) 8.893ms
[0.418s][info][gc,cpu         ] GC(22) User=0.00s Sys=0.00s Real=0.01s
[0.418s][info][gc,start       ] GC(23) Pause Full (Ergonomics)
[0.418s][info][gc,phases,start] GC(23) Marking Phase
[0.429s][info][gc,phases      ] GC(23) Marking Phase 11.142ms
[0.429s][info][gc,phases,start] GC(23) Summary Phase
[0.429s][info][gc,phases      ] GC(23) Summary Phase 0.017ms
[0.429s][info][gc,phases,start] GC(23) Adjust Roots
[0.430s][info][gc,phases      ] GC(23) Adjust Roots 0.214ms
[0.430s][info][gc,phases,start] GC(23) Compaction Phase
[0.441s][info][gc,phases      ] GC(23) Compaction Phase 11.727ms
[0.441s][info][gc,phases,start] GC(23) Post Compact
[0.442s][info][gc,phases      ] GC(23) Post Compact 0.144ms
[0.442s][info][gc,heap        ] GC(23) PSYoungGen: 8192K(18432K)->7153K(18432K) Eden: 0K(10240K)->0K(10240K) From: 8192K(8192K)->7153K(8192K)
[0.442s][info][gc,heap        ] GC(23) ParOldGen: 36630K(37888K)->37436K(53248K)
[0.442s][info][gc,metaspace   ] GC(23) Metaspace: 6301K(6464K)->6301K(6464K) NonClass: 5768K(5824K)->5768K(5824K) Class: 533K(640K)->533K(640K)
[0.442s][info][gc             ] GC(23) Pause Full (Ergonomics) 43M->43M(70M) 23.632ms
[0.442s][info][gc,cpu         ] GC(23) User=0.03s Sys=0.00s Real=0.02s
[0.457s][info][gc,start       ] GC(24) Pause Young (Allocation Failure)
[0.468s][info][gc,heap        ] GC(24) PSYoungGen: 17393K(18432K)->10336K(22528K) Eden: 10240K(10240K)->0K(10240K) From: 7153K(8192K)->10336K(12288K)
[0.468s][info][gc,heap        ] GC(24) ParOldGen: 37436K(53248K)->44732K(53248K)
[0.468s][info][gc,metaspace   ] GC(24) Metaspace: 6301K(6464K)->6301K(6464K) NonClass: 5768K(5824K)->5768K(5824K) Class: 533K(640K)->533K(640K)
[0.468s][info][gc             ] GC(24) Pause Young (Allocation Failure) 53M->53M(74M) 10.963ms
[0.468s][info][gc,cpu         ] GC(24) User=0.02s Sys=0.00s Real=0.01s
[0.478s][info][gc,start       ] GC(25) Pause Young (Allocation Failure)
[0.491s][info][gc,heap        ] GC(25) PSYoungGen: 20576K(22528K)->13792K(21504K) Eden: 10240K(10240K)->0K(7680K) From: 10336K(12288K)->13792K(13824K)
[0.491s][info][gc,heap        ] GC(25) ParOldGen: 44732K(53248K)->51596K(53248K)
[0.491s][info][gc,metaspace   ] GC(25) Metaspace: 6301K(6464K)->6301K(6464K) NonClass: 5768K(5824K)->5768K(5824K) Class: 533K(640K)->533K(640K)
[0.491s][info][gc             ] GC(25) Pause Young (Allocation Failure) 63M->63M(73M) 12.916ms
[0.491s][info][gc,cpu         ] GC(25) User=0.02s Sys=0.00s Real=0.01s
[0.491s][info][gc,start       ] GC(26) Pause Full (Ergonomics)
[0.491s][info][gc,phases,start] GC(26) Marking Phase
[0.506s][info][gc,phases      ] GC(26) Marking Phase 15.103ms
[0.506s][info][gc,phases,start] GC(26) Summary Phase
[0.506s][info][gc,phases      ] GC(26) Summary Phase 0.019ms
[0.506s][info][gc,phases,start] GC(26) Adjust Roots
[0.507s][info][gc,phases      ] GC(26) Adjust Roots 0.196ms
[0.507s][info][gc,phases,start] GC(26) Compaction Phase
[0.524s][info][gc,phases      ] GC(26) Compaction Phase 17.221ms
[0.524s][info][gc,phases,start] GC(26) Post Compact
[0.524s][info][gc,phases      ] GC(26) Post Compact 0.246ms
[0.524s][info][gc,heap        ] GC(26) PSYoungGen: 13792K(21504K)->11120K(21504K) Eden: 0K(7680K)->0K(7680K) From: 13792K(13824K)->11120K(13824K)
[0.524s][info][gc,heap        ] GC(26) ParOldGen: 51596K(53248K)->52869K(72704K)
[0.524s][info][gc,metaspace   ] GC(26) Metaspace: 6301K(6464K)->6301K(6464K) NonClass: 5768K(5824K)->5768K(5824K) Class: 533K(640K)->533K(640K)
[0.524s][info][gc             ] GC(26) Pause Full (Ergonomics) 63M->62M(92M) 33.178ms
[0.524s][info][gc,cpu         ] GC(26) User=0.02s Sys=0.00s Real=0.03s
[0.532s][info][gc,start       ] GC(27) Pause Young (Allocation Failure)
[0.543s][info][gc,heap        ] GC(27) PSYoungGen: 18800K(21504K)->7776K(26112K) Eden: 7680K(7680K)->0K(7680K) From: 11120K(13824K)->7776K(18432K)
[0.543s][info][gc,heap        ] GC(27) ParOldGen: 52869K(72704K)->64157K(72704K)
[0.543s][info][gc,metaspace   ] GC(27) Metaspace: 6301K(6464K)->6301K(6464K) NonClass: 5768K(5824K)->5768K(5824K) Class: 533K(640K)->533K(640K)
[0.543s][info][gc             ] GC(27) Pause Young (Allocation Failure) 69M->70M(96M) 10.677ms
[0.543s][info][gc,cpu         ] GC(27) User=0.00s Sys=0.00s Real=0.01s
[0.543s][info][gc,start       ] GC(28) Pause Full (Ergonomics)
[0.543s][info][gc,phases,start] GC(28) Marking Phase
[0.560s][info][gc,phases      ] GC(28) Marking Phase 16.775ms
[0.560s][info][gc,phases,start] GC(28) Summary Phase
[0.560s][info][gc,phases      ] GC(28) Summary Phase 0.016ms
[0.560s][info][gc,phases,start] GC(28) Adjust Roots
[0.560s][info][gc,phases      ] GC(28) Adjust Roots 0.194ms
[0.560s][info][gc,phases,start] GC(28) Compaction Phase
[0.571s][info][gc,phases      ] GC(28) Compaction Phase 11.054ms
[0.571s][info][gc,phases,start] GC(28) Post Compact
[0.572s][info][gc,phases      ] GC(28) Post Compact 0.241ms
[0.572s][info][gc,heap        ] GC(28) PSYoungGen: 7776K(26112K)->0K(27136K) Eden: 0K(7680K)->0K(9216K) From: 7776K(18432K)->0K(17920K)
[0.572s][info][gc,heap        ] GC(28) ParOldGen: 64157K(72704K)->71639K(95232K)
[0.572s][info][gc,metaspace   ] GC(28) Metaspace: 6301K(6464K)->6301K(6464K) NonClass: 5768K(5824K)->5768K(5824K) Class: 533K(640K)->533K(640K)
[0.572s][info][gc             ] GC(28) Pause Full (Ergonomics) 70M->69M(119M) 28.613ms
[0.572s][info][gc,cpu         ] GC(28) User=0.09s Sys=0.02s Real=0.03s
[0.581s][info][gc,start       ] GC(29) Pause Young (Allocation Failure)
[0.587s][info][gc,heap        ] GC(29) PSYoungGen: 9216K(27136K)->9344K(27136K) Eden: 9216K(9216K)->0K(9216K) From: 0K(17920K)->9344K(17920K)
[0.587s][info][gc,heap        ] GC(29) ParOldGen: 71639K(95232K)->71639K(95232K)
[0.587s][info][gc,metaspace   ] GC(29) Metaspace: 6301K(6464K)->6301K(6464K) NonClass: 5768K(5824K)->5768K(5824K) Class: 533K(640K)->533K(640K)
[0.587s][info][gc             ] GC(29) Pause Young (Allocation Failure) 78M->79M(119M) 5.349ms
[0.587s][info][gc,cpu         ] GC(29) User=0.00s Sys=0.00s Real=0.01s
[0.596s][info][gc,start       ] GC(30) Pause Young (Allocation Failure)
[0.604s][info][gc,heap        ] GC(30) PSYoungGen: 17430K(27136K)->17216K(25600K) Eden: 8086K(9216K)->0K(8192K) From: 9344K(17920K)->17216K(17408K)
[0.604s][info][gc,heap        ] GC(30) ParOldGen: 71639K(95232K)->71639K(95232K)
[0.604s][info][gc,metaspace   ] GC(30) Metaspace: 6301K(6464K)->6301K(6464K) NonClass: 5768K(5824K)->5768K(5824K) Class: 533K(640K)->533K(640K)
[0.604s][info][gc             ] GC(30) Pause Young (Allocation Failure) 86M->86M(118M) 8.133ms
[0.604s][info][gc,cpu         ] GC(30) User=0.00s Sys=0.00s Real=0.01s
[0.621s][info][gc,start       ] GC(31) Pause Young (Allocation Failure)
[0.636s][info][gc,heap        ] GC(31) PSYoungGen: 25408K(25600K)->20448K(28672K) Eden: 8192K(8192K)->0K(8192K) From: 17216K(17408K)->20448K(20480K)
[0.636s][info][gc,heap        ] GC(31) ParOldGen: 71639K(95232K)->76599K(95232K)
[0.636s][info][gc,metaspace   ] GC(31) Metaspace: 6301K(6464K)->6301K(6464K) NonClass: 5768K(5824K)->5768K(5824K) Class: 533K(640K)->533K(640K)
[0.636s][info][gc             ] GC(31) Pause Young (Allocation Failure) 94M->94M(121M) 15.234ms
[0.636s][info][gc,cpu         ] GC(31) User=0.00s Sys=0.00s Real=0.02s
[0.643s][info][gc,start       ] GC(32) Pause Young (Allocation Failure)
[0.657s][info][gc,heap        ] GC(32) PSYoungGen: 28640K(28672K)->14976K(35840K) Eden: 8192K(8192K)->0K(10240K) From: 20448K(20480K)->14976K(25600K)
[0.657s][info][gc,heap        ] GC(32) ParOldGen: 76599K(95232K)->90631K(95232K)
[0.657s][info][gc,metaspace   ] GC(32) Metaspace: 6301K(6464K)->6301K(6464K) NonClass: 5768K(5824K)->5768K(5824K) Class: 533K(640K)->533K(640K)
[0.657s][info][gc             ] GC(32) Pause Young (Allocation Failure) 102M->103M(128M) 13.814ms
[0.657s][info][gc,cpu         ] GC(32) User=0.02s Sys=0.00s Real=0.01s
[0.657s][info][gc,start       ] GC(33) Pause Full (Ergonomics)
[0.657s][info][gc,phases,start] GC(33) Marking Phase
[0.682s][info][gc,phases      ] GC(33) Marking Phase 24.903ms
[0.682s][info][gc,phases,start] GC(33) Summary Phase
[0.682s][info][gc,phases      ] GC(33) Summary Phase 0.016ms
[0.682s][info][gc,phases,start] GC(33) Adjust Roots
[0.682s][info][gc,phases      ] GC(33) Adjust Roots 0.188ms
[0.682s][info][gc,phases,start] GC(33) Compaction Phase
[0.704s][info][gc,phases      ] GC(33) Compaction Phase 21.339ms
[0.704s][info][gc,phases,start] GC(33) Post Compact
[0.704s][info][gc,phases      ] GC(33) Post Compact 0.365ms
[0.704s][info][gc,heap        ] GC(33) PSYoungGen: 14976K(35840K)->8154K(35840K) Eden: 0K(10240K)->0K(10240K) From: 14976K(25600K)->8154K(25600K)
[0.704s][info][gc,heap        ] GC(33) ParOldGen: 90631K(95232K)->94861K(122368K)
[0.704s][info][gc,metaspace   ] GC(33) Metaspace: 6301K(6464K)->6301K(6464K) NonClass: 5768K(5824K)->5768K(5824K) Class: 533K(640K)->533K(640K)
[0.704s][info][gc             ] GC(33) Pause Full (Ergonomics) 103M->100M(154M) 47.197ms
[0.704s][info][gc,cpu         ] GC(33) User=0.12s Sys=0.00s Real=0.05s
[0.714s][info][gc,start       ] GC(34) Pause Young (Allocation Failure)
[0.727s][info][gc,heap        ] GC(34) PSYoungGen: 18394K(35840K)->16768K(35840K) Eden: 10240K(10240K)->0K(10240K) From: 8154K(25600K)->16768K(25600K)
[0.727s][info][gc,heap        ] GC(34) ParOldGen: 94861K(122368K)->96677K(122368K)
[0.727s][info][gc,metaspace   ] GC(34) Metaspace: 6301K(6464K)->6301K(6464K) NonClass: 5768K(5824K)->5768K(5824K) Class: 533K(640K)->533K(640K)
[0.727s][info][gc             ] GC(34) Pause Young (Allocation Failure) 110M->110M(154M) 13.177ms
[0.727s][info][gc,cpu         ] GC(34) User=0.02s Sys=0.00s Real=0.01s
[0.737s][info][gc,start       ] GC(35) Pause Young (Allocation Failure)
[0.750s][info][gc,heap        ] GC(35) PSYoungGen: 27008K(35840K)->20576K(36352K) Eden: 10240K(10240K)->0K(9728K) From: 16768K(25600K)->20576K(26624K)
[0.750s][info][gc,heap        ] GC(35) ParOldGen: 96677K(122368K)->103173K(122368K)
[0.750s][info][gc,metaspace   ] GC(35) Metaspace: 6301K(6464K)->6301K(6464K) NonClass: 5768K(5824K)->5768K(5824K) Class: 533K(640K)->533K(640K)
[0.751s][info][gc             ] GC(35) Pause Young (Allocation Failure) 120M->120M(155M) 13.093ms
[0.751s][info][gc,cpu         ] GC(35) User=0.02s Sys=0.00s Real=0.01s
[0.760s][info][gc,start       ] GC(36) Pause Young (Allocation Failure)
[0.774s][info][gc,heap        ] GC(36) PSYoungGen: 30304K(36352K)->20064K(38400K) Eden: 9728K(9728K)->0K(9728K) From: 20576K(26624K)->20064K(28672K)
[0.774s][info][gc,heap        ] GC(36) ParOldGen: 103173K(122368K)->113557K(122368K)
[0.774s][info][gc,metaspace   ] GC(36) Metaspace: 6301K(6464K)->6301K(6464K) NonClass: 5768K(5824K)->5768K(5824K) Class: 533K(640K)->533K(640K)
[0.774s][info][gc             ] GC(36) Pause Young (Allocation Failure) 130M->130M(157M) 13.760ms
[0.774s][info][gc,cpu         ] GC(36) User=0.02s Sys=0.00s Real=0.01s
[0.774s][info][gc,start       ] GC(37) Pause Full (Ergonomics)
[0.774s][info][gc,phases,start] GC(37) Marking Phase
[0.805s][info][gc,phases      ] GC(37) Marking Phase 31.392ms
[0.805s][info][gc,phases,start] GC(37) Summary Phase
[0.805s][info][gc,phases      ] GC(37) Summary Phase 0.017ms
[0.805s][info][gc,phases,start] GC(37) Adjust Roots
[0.806s][info][gc,phases      ] GC(37) Adjust Roots 0.208ms
[0.806s][info][gc,phases,start] GC(37) Compaction Phase
[0.823s][info][gc,phases      ] GC(37) Compaction Phase 17.471ms
[0.823s][info][gc,phases,start] GC(37) Post Compact
[0.824s][info][gc,phases      ] GC(37) Post Compact 0.527ms
[0.824s][info][gc,heap        ] GC(37) PSYoungGen: 20064K(38400K)->11221K(38400K) Eden: 0K(9728K)->0K(9728K) From: 20064K(28672K)->11221K(28672K)
[0.824s][info][gc,heap        ] GC(37) ParOldGen: 113557K(122368K)->121914K(151552K)
[0.824s][info][gc,metaspace   ] GC(37) Metaspace: 6301K(6464K)->6301K(6464K) NonClass: 5768K(5824K)->5768K(5824K) Class: 533K(640K)->533K(640K)
[0.824s][info][gc             ] GC(37) Pause Full (Ergonomics) 130M->130M(185M) 50.026ms
[0.824s][info][gc,cpu         ] GC(37) User=0.17s Sys=0.00s Real=0.05s
[0.834s][info][gc,start       ] GC(38) Pause Young (Allocation Failure)
[0.849s][info][gc,heap        ] GC(38) PSYoungGen: 20949K(38400K)->9856K(37888K) Eden: 9728K(9728K)->0K(11264K) From: 11221K(28672K)->9856K(26624K)
[0.849s][info][gc,heap        ] GC(38) ParOldGen: 121914K(151552K)->133314K(151552K)
[0.849s][info][gc,metaspace   ] GC(38) Metaspace: 6301K(6464K)->6301K(6464K) NonClass: 5768K(5824K)->5768K(5824K) Class: 533K(640K)->533K(640K)
[0.849s][info][gc             ] GC(38) Pause Young (Allocation Failure) 139M->139M(185M) 15.779ms
[0.849s][info][gc,cpu         ] GC(38) User=0.00s Sys=0.00s Real=0.02s
[0.861s][info][gc,start       ] GC(39) Pause Young (Allocation Failure)
[0.872s][info][gc,heap        ] GC(39) PSYoungGen: 21120K(37888K)->11392K(39936K) Eden: 11264K(11264K)->0K(11264K) From: 9856K(26624K)->11392K(28672K)
[0.872s][info][gc,heap        ] GC(39) ParOldGen: 133314K(151552K)->143170K(151552K)
[0.872s][info][gc,metaspace   ] GC(39) Metaspace: 6301K(6464K)->6301K(6464K) NonClass: 5768K(5824K)->5768K(5824K) Class: 533K(640K)->533K(640K)
[0.872s][info][gc             ] GC(39) Pause Young (Allocation Failure) 150M->150M(187M) 11.315ms
[0.872s][info][gc,cpu         ] GC(39) User=0.00s Sys=0.00s Real=0.01s
[0.872s][info][gc,start       ] GC(40) Pause Full (Ergonomics)
[0.872s][info][gc,phases,start] GC(40) Marking Phase
[0.910s][info][gc,phases      ] GC(40) Marking Phase 37.514ms
[0.910s][info][gc,phases,start] GC(40) Summary Phase
[0.910s][info][gc,phases      ] GC(40) Summary Phase 0.017ms
[0.910s][info][gc,phases,start] GC(40) Adjust Roots
[0.910s][info][gc,phases      ] GC(40) Adjust Roots 0.187ms
[0.910s][info][gc,phases,start] GC(40) Compaction Phase
[0.926s][info][gc,phases      ] GC(40) Compaction Phase 15.460ms
[0.926s][info][gc,phases,start] GC(40) Post Compact
[0.926s][info][gc,phases      ] GC(40) Post Compact 0.809ms
[0.927s][info][gc,heap        ] GC(40) PSYoungGen: 11392K(39936K)->2545K(39936K) Eden: 0K(11264K)->0K(11264K) From: 11392K(28672K)->2545K(28672K)
[0.927s][info][gc,heap        ] GC(40) ParOldGen: 143170K(151552K)->151519K(185344K)
[0.927s][info][gc,metaspace   ] GC(40) Metaspace: 6301K(6464K)->6301K(6464K) NonClass: 5768K(5824K)->5768K(5824K) Class: 533K(640K)->533K(640K)
[0.927s][info][gc             ] GC(40) Pause Full (Ergonomics) 150M->150M(220M) 54.434ms
[0.927s][info][gc,cpu         ] GC(40) User=0.20s Sys=0.02s Real=0.05s
[0.938s][info][gc,start       ] GC(41) Pause Young (Allocation Failure)
[0.952s][info][gc,heap        ] GC(41) PSYoungGen: 13809K(39936K)->11360K(37888K) Eden: 11264K(11264K)->0K(13312K) From: 2545K(28672K)->11360K(24576K)
[0.952s][info][gc,heap        ] GC(41) ParOldGen: 151519K(185344K)->154127K(185344K)
[0.952s][info][gc,metaspace   ] GC(41) Metaspace: 6301K(6464K)->6301K(6464K) NonClass: 5768K(5824K)->5768K(5824K) Class: 533K(640K)->533K(640K)
[0.952s][info][gc             ] GC(41) Pause Young (Allocation Failure) 161M->161M(218M) 13.904ms
[0.952s][info][gc,cpu         ] GC(41) User=0.00s Sys=0.00s Real=0.01s
[1.004s][info][gc,start       ] GC(42) Pause Young (Allocation Failure)
[1.021s][info][gc,heap        ] GC(42) PSYoungGen: 24672K(37888K)->24672K(39424K) Eden: 13312K(13312K)->0K(13312K) From: 11360K(24576K)->24672K(26112K)
[1.021s][info][gc,heap        ] GC(42) ParOldGen: 162319K(185344K)->162319K(185344K)
[1.021s][info][gc,metaspace   ] GC(42) Metaspace: 6301K(6464K)->6301K(6464K) NonClass: 5768K(5824K)->5768K(5824K) Class: 533K(640K)->533K(640K)
[1.021s][info][gc             ] GC(42) Pause Young (Allocation Failure) 182M->182M(219M) 16.990ms
[1.021s][info][gc,cpu         ] GC(42) User=0.11s Sys=0.00s Real=0.02s
[1.036s][info][gc,start       ] GC(43) Pause Young (Allocation Failure)
[1.055s][info][gc,heap        ] GC(43) PSYoungGen: 37984K(39424K)->29184K(36864K) Eden: 13312K(13312K)->0K(7680K) From: 24672K(26112K)->29184K(29184K)
[1.055s][info][gc,heap        ] GC(43) ParOldGen: 162319K(185344K)->171135K(185344K)
[1.055s][info][gc,metaspace   ] GC(43) Metaspace: 6301K(6464K)->6301K(6464K) NonClass: 5768K(5824K)->5768K(5824K) Class: 533K(640K)->533K(640K)
[1.055s][info][gc             ] GC(43) Pause Young (Allocation Failure) 195M->195M(217M) 19.588ms
[1.055s][info][gc,cpu         ] GC(43) User=0.09s Sys=0.00s Real=0.02s
[1.055s][info][gc,start       ] GC(44) Pause Full (Ergonomics)
[1.055s][info][gc,phases,start] GC(44) Marking Phase
[1.105s][info][gc,phases      ] GC(44) Marking Phase 49.502ms
[1.105s][info][gc,phases,start] GC(44) Summary Phase
[1.105s][info][gc,phases      ] GC(44) Summary Phase 0.020ms
[1.105s][info][gc,phases,start] GC(44) Adjust Roots
[1.105s][info][gc,phases      ] GC(44) Adjust Roots 0.214ms
[1.105s][info][gc,phases,start] GC(44) Compaction Phase
[1.144s][info][gc,phases      ] GC(44) Compaction Phase 38.331ms
[1.144s][info][gc,phases,start] GC(44) Post Compact
[1.145s][info][gc,phases      ] GC(44) Post Compact 0.897ms
[1.145s][info][gc,heap        ] GC(44) PSYoungGen: 29184K(36864K)->10726K(36864K) Eden: 0K(7680K)->0K(7680K) From: 29184K(29184K)->10726K(29184K)
[1.145s][info][gc,heap        ] GC(44) ParOldGen: 171135K(185344K)->185226K(220160K)
[1.145s][info][gc,metaspace   ] GC(44) Metaspace: 6301K(6464K)->6301K(6464K) NonClass: 5768K(5824K)->5768K(5824K) Class: 533K(640K)->533K(640K)
[1.145s][info][gc             ] GC(44) Pause Full (Ergonomics) 195M->191M(251M) 89.490ms
[1.145s][info][gc,cpu         ] GC(44) User=0.45s Sys=0.00s Real=0.09s
[1.155s][info][gc,start       ] GC(45) Pause Young (Allocation Failure)
[1.172s][info][gc,heap        ] GC(45) PSYoungGen: 18406K(36864K)->10816K(44544K) Eden: 7680K(7680K)->0K(7680K) From: 10726K(29184K)->10816K(36864K)
[1.172s][info][gc,heap        ] GC(45) ParOldGen: 185226K(220160K)->193098K(220160K)
[1.172s][info][gc,metaspace   ] GC(45) Metaspace: 6301K(6464K)->6301K(6464K) NonClass: 5768K(5824K)->5768K(5824K) Class: 533K(640K)->533K(640K)
[1.172s][info][gc             ] GC(45) Pause Young (Allocation Failure) 198M->199M(258M) 17.366ms
[1.172s][info][gc,cpu         ] GC(45) User=0.08s Sys=0.00s Real=0.02s
[1.180s][info][gc,start       ] GC(46) Pause Young (Allocation Failure)
[1.189s][info][gc,heap        ] GC(46) PSYoungGen: 18496K(44544K)->18432K(42496K) Eden: 7680K(7680K)->0K(8704K) From: 10816K(36864K)->18432K(33792K)
[1.189s][info][gc,heap        ] GC(46) ParOldGen: 193098K(220160K)->193098K(220160K)
[1.189s][info][gc,metaspace   ] GC(46) Metaspace: 6301K(6464K)->6301K(6464K) NonClass: 5768K(5824K)->5768K(5824K) Class: 533K(640K)->533K(640K)
[1.189s][info][gc             ] GC(46) Pause Young (Allocation Failure) 206M->206M(256M) 9.402ms
[1.189s][info][gc,cpu         ] GC(46) User=0.02s Sys=0.00s Real=0.01s
[1.198s][info][gc,start       ] GC(47) Pause Young (Allocation Failure)
[1.211s][info][gc,heap        ] GC(47) PSYoungGen: 27136K(42496K)->27136K(43520K) Eden: 8704K(8704K)->0K(8704K) From: 18432K(33792K)->27136K(34816K)
[1.211s][info][gc,heap        ] GC(47) ParOldGen: 193098K(220160K)->193098K(220160K)
[1.211s][info][gc,metaspace   ] GC(47) Metaspace: 6301K(6464K)->6301K(6464K) NonClass: 5768K(5824K)->5768K(5824K) Class: 533K(640K)->533K(640K)
[1.212s][info][gc             ] GC(47) Pause Young (Allocation Failure) 215M->215M(257M) 13.043ms
[1.212s][info][gc,cpu         ] GC(47) User=0.02s Sys=0.00s Real=0.01s
[1.221s][info][gc,start       ] GC(48) Pause Young (Allocation Failure)
[1.238s][info][gc,heap        ] GC(48) PSYoungGen: 35840K(43520K)->32832K(43008K) Eden: 8704K(8704K)->0K(6144K) From: 27136K(34816K)->32832K(36864K)
[1.238s][info][gc,heap        ] GC(48) ParOldGen: 193098K(220160K)->196146K(220160K)
[1.238s][info][gc,metaspace   ] GC(48) Metaspace: 6301K(6464K)->6301K(6464K) NonClass: 5768K(5824K)->5768K(5824K) Class: 533K(640K)->533K(640K)
[1.238s][info][gc             ] GC(48) Pause Young (Allocation Failure) 223M->223M(257M) 17.114ms
[1.238s][info][gc,cpu         ] GC(48) User=0.09s Sys=0.02s Real=0.02s
[1.245s][info][gc,start       ] GC(49) Pause Young (Allocation Failure)
[1.264s][info][gc,heap        ] GC(49) PSYoungGen: 38976K(43008K)->23616K(47104K) Eden: 6144K(6144K)->0K(6144K) From: 32832K(36864K)->23616K(40960K)
[1.264s][info][gc,heap        ] GC(49) ParOldGen: 196146K(220160K)->211682K(220160K)
[1.264s][info][gc,metaspace   ] GC(49) Metaspace: 6301K(6464K)->6301K(6464K) NonClass: 5768K(5824K)->5768K(5824K) Class: 533K(640K)->533K(640K)
[1.264s][info][gc             ] GC(49) Pause Young (Allocation Failure) 229M->229M(261M) 18.458ms
[1.264s][info][gc,cpu         ] GC(49) User=0.12s Sys=0.00s Real=0.02s
[1.264s][info][gc,start       ] GC(50) Pause Full (Ergonomics)
[1.264s][info][gc,phases,start] GC(50) Marking Phase
[1.317s][info][gc,phases      ] GC(50) Marking Phase 52.545ms
[1.317s][info][gc,phases,start] GC(50) Summary Phase
[1.317s][info][gc,phases      ] GC(50) Summary Phase 0.017ms
[1.317s][info][gc,phases,start] GC(50) Adjust Roots
[1.317s][info][gc,phases      ] GC(50) Adjust Roots 0.186ms
[1.317s][info][gc,phases,start] GC(50) Compaction Phase
[1.344s][info][gc,phases      ] GC(50) Compaction Phase 27.461ms
[1.344s][info][gc,phases,start] GC(50) Post Compact
[1.345s][info][gc,phases      ] GC(50) Post Compact 1.122ms
[1.346s][info][gc,heap        ] GC(50) PSYoungGen: 23616K(47104K)->14771K(47104K) Eden: 0K(6144K)->0K(6144K) From: 23616K(40960K)->14771K(40960K)
[1.346s][info][gc,heap        ] GC(50) ParOldGen: 211682K(220160K)->219937K(258048K)
[1.346s][info][gc,metaspace   ] GC(50) Metaspace: 6301K(6464K)->6301K(6464K) NonClass: 5768K(5824K)->5768K(5824K) Class: 533K(640K)->533K(640K)
[1.346s][info][gc             ] GC(50) Pause Full (Ergonomics) 229M->229M(298M) 81.810ms
[1.346s][info][gc,cpu         ] GC(50) User=0.41s Sys=0.03s Real=0.08s
[1.353s][info][gc,start       ] GC(51) Pause Young (Allocation Failure)
[1.373s][info][gc,heap        ] GC(51) PSYoungGen: 20915K(47104K)->10080K(46592K) Eden: 6144K(6144K)->0K(7168K) From: 14771K(40960K)->10080K(39424K)
[1.373s][info][gc,heap        ] GC(51) ParOldGen: 219937K(258048K)->231033K(258048K)
[1.373s][info][gc,metaspace   ] GC(51) Metaspace: 6301K(6464K)->6301K(6464K) NonClass: 5768K(5824K)->5768K(5824K) Class: 533K(640K)->533K(640K)
[1.373s][info][gc             ] GC(51) Pause Young (Allocation Failure) 235M->235M(297M) 19.767ms
[1.373s][info][gc,cpu         ] GC(51) User=0.09s Sys=0.02s Real=0.02s
[1.381s][info][gc,start       ] GC(52) Pause Young (Allocation Failure)
[1.391s][info][gc,heap        ] GC(52) PSYoungGen: 17248K(46592K)->13440K(47104K) Eden: 7168K(7168K)->0K(7168K) From: 10080K(39424K)->13440K(39936K)
[1.391s][info][gc,heap        ] GC(52) ParOldGen: 231033K(258048K)->234945K(258048K)
[1.391s][info][gc,metaspace   ] GC(52) Metaspace: 6301K(6464K)->6301K(6464K) NonClass: 5768K(5824K)->5768K(5824K) Class: 533K(640K)->533K(640K)
[1.391s][info][gc             ] GC(52) Pause Young (Allocation Failure) 242M->242M(298M) 9.747ms
[1.391s][info][gc,cpu         ] GC(52) User=0.02s Sys=0.00s Real=0.01s
[1.399s][info][gc,start       ] GC(53) Pause Young (Allocation Failure)
[1.410s][info][gc,heap        ] GC(53) PSYoungGen: 20608K(47104K)->7264K(46592K) Eden: 7168K(7168K)->0K(8704K) From: 13440K(39936K)->7264K(37888K)
[1.410s][info][gc,heap        ] GC(53) ParOldGen: 234945K(258048K)->248417K(258048K)
[1.410s][info][gc,metaspace   ] GC(53) Metaspace: 6301K(6464K)->6301K(6464K) NonClass: 5768K(5824K)->5768K(5824K) Class: 533K(640K)->533K(640K)
[1.410s][info][gc             ] GC(53) Pause Young (Allocation Failure) 249M->249M(297M) 11.541ms
[1.410s][info][gc,cpu         ] GC(53) User=0.00s Sys=0.00s Real=0.01s
[1.410s][info][gc,start       ] GC(54) Pause Full (Ergonomics)
[1.410s][info][gc,phases,start] GC(54) Marking Phase
[1.471s][info][gc,phases      ] GC(54) Marking Phase 60.474ms
[1.471s][info][gc,phases,start] GC(54) Summary Phase
[1.471s][info][gc,phases      ] GC(54) Summary Phase 0.020ms
[1.471s][info][gc,phases,start] GC(54) Adjust Roots
[1.471s][info][gc,phases      ] GC(54) Adjust Roots 0.186ms
[1.471s][info][gc,phases,start] GC(54) Compaction Phase
[1.496s][info][gc,phases      ] GC(54) Compaction Phase 24.491ms
[1.496s][info][gc,phases,start] GC(54) Post Compact
[1.497s][info][gc,phases      ] GC(54) Post Compact 1.123ms
[1.497s][info][gc,heap        ] GC(54) PSYoungGen: 7264K(46592K)->0K(47104K) Eden: 0K(8704K)->0K(8704K) From: 7264K(37888K)->0K(38400K)
[1.497s][info][gc,heap        ] GC(54) ParOldGen: 248417K(258048K)->255101K(297472K)
[1.497s][info][gc,metaspace   ] GC(54) Metaspace: 6301K(6464K)->6301K(6464K) NonClass: 5768K(5824K)->5768K(5824K) Class: 533K(640K)->533K(640K)
[1.497s][info][gc             ] GC(54) Pause Full (Ergonomics) 249M->249M(336M) 86.817ms
[1.497s][info][gc,cpu         ] GC(54) User=0.45s Sys=0.00s Real=0.09s
[1.508s][info][gc,start       ] GC(55) Pause Young (Allocation Failure)
[1.514s][info][gc,heap        ] GC(55) PSYoungGen: 8704K(47104K)->8800K(45568K) Eden: 8704K(8704K)->0K(9728K) From: 0K(38400K)->8800K(35840K)
[1.514s][info][gc,heap        ] GC(55) ParOldGen: 255101K(297472K)->255101K(297472K)
[1.514s][info][gc,metaspace   ] GC(55) Metaspace: 6301K(6464K)->6301K(6464K) NonClass: 5768K(5824K)->5768K(5824K) Class: 533K(640K)->533K(640K)
[1.514s][info][gc             ] GC(55) Pause Young (Allocation Failure) 257M->257M(335M) 6.172ms
[1.514s][info][gc,cpu         ] GC(55) User=0.00s Sys=0.00s Real=0.01s
[1.525s][info][gc,start       ] GC(56) Pause Young (Allocation Failure)
[1.535s][info][gc,heap        ] GC(56) PSYoungGen: 18528K(45568K)->18560K(47104K) Eden: 9728K(9728K)->0K(9728K) From: 8800K(35840K)->18560K(37376K)
[1.535s][info][gc,heap        ] GC(56) ParOldGen: 255101K(297472K)->255101K(297472K)
[1.535s][info][gc,metaspace   ] GC(56) Metaspace: 6301K(6464K)->6301K(6464K) NonClass: 5768K(5824K)->5768K(5824K) Class: 533K(640K)->533K(640K)
[1.535s][info][gc             ] GC(56) Pause Young (Allocation Failure) 267M->267M(336M) 10.818ms
[1.535s][info][gc,cpu         ] GC(56) User=0.02s Sys=0.00s Real=0.01s
[1.547s][info][gc,start       ] GC(57) Pause Young (Allocation Failure)
[1.562s][info][gc,heap        ] GC(57) PSYoungGen: 28288K(47104K)->28224K(45056K) Eden: 9728K(9728K)->0K(8704K) From: 18560K(37376K)->28224K(36352K)
[1.562s][info][gc,heap        ] GC(57) ParOldGen: 255101K(297472K)->255101K(297472K)
[1.562s][info][gc,metaspace   ] GC(57) Metaspace: 6301K(6464K)->6301K(6464K) NonClass: 5768K(5824K)->5768K(5824K) Class: 533K(640K)->533K(640K)
[1.562s][info][gc             ] GC(57) Pause Young (Allocation Failure) 276M->276M(334M) 14.963ms
[1.562s][info][gc,cpu         ] GC(57) User=0.02s Sys=0.00s Real=0.02s
[1.572s][info][gc,start       ] GC(58) Pause Young (Allocation Failure)
[1.591s][info][gc,heap        ] GC(58) PSYoungGen: 36928K(45056K)->28256K(47616K) Eden: 8704K(8704K)->0K(8704K) From: 28224K(36352K)->28256K(38912K)
[1.592s][info][gc,heap        ] GC(58) ParOldGen: 255101K(297472K)->263933K(297472K)
[1.592s][info][gc,metaspace   ] GC(58) Metaspace: 6301K(6464K)->6301K(6464K) NonClass: 5768K(5824K)->5768K(5824K) Class: 533K(640K)->533K(640K)
[1.592s][info][gc             ] GC(58) Pause Young (Allocation Failure) 285M->285M(337M) 19.543ms
[1.592s][info][gc,cpu         ] GC(58) User=0.11s Sys=0.00s Real=0.02s
[1.601s][info][gc,start       ] GC(59) Pause Young (Allocation Failure)
[1.620s][info][gc,heap        ] GC(59) PSYoungGen: 36960K(47616K)->27232K(50176K) Eden: 8704K(8704K)->0K(9216K) From: 28256K(38912K)->27232K(40960K)
[1.620s][info][gc,heap        ] GC(59) ParOldGen: 263933K(297472K)->273797K(297472K)
[1.620s][info][gc,metaspace   ] GC(59) Metaspace: 6301K(6464K)->6301K(6464K) NonClass: 5768K(5824K)->5768K(5824K) Class: 533K(640K)->533K(640K)
[1.620s][info][gc             ] GC(59) Pause Young (Allocation Failure) 293M->293M(339M) 18.423ms
[1.620s][info][gc,cpu         ] GC(59) User=0.03s Sys=0.02s Real=0.02s
[1.631s][info][gc,start       ] GC(60) Pause Young (Allocation Failure)
[1.650s][info][gc,heap        ] GC(60) PSYoungGen: 36448K(50176K)->18016K(27648K) Eden: 9216K(9216K)->0K(9216K) From: 27232K(40960K)->18016K(18432K)
[1.650s][info][gc,heap        ] GC(60) ParOldGen: 273797K(297472K)->292461K(297472K)
[1.650s][info][gc,metaspace   ] GC(60) Metaspace: 6301K(6464K)->6301K(6464K) NonClass: 5768K(5824K)->5768K(5824K) Class: 533K(640K)->533K(640K)
[1.650s][info][gc             ] GC(60) Pause Young (Allocation Failure) 302M->303M(317M) 19.434ms
[1.650s][info][gc,cpu         ] GC(60) User=0.09s Sys=0.00s Real=0.02s
[1.650s][info][gc,start       ] GC(61) Pause Full (Ergonomics)
[1.650s][info][gc,phases,start] GC(61) Marking Phase
[1.724s][info][gc,phases      ] GC(61) Marking Phase 74.388ms
[1.724s][info][gc,phases,start] GC(61) Summary Phase
[1.725s][info][gc,phases      ] GC(61) Summary Phase 0.018ms
[1.725s][info][gc,phases,start] GC(61) Adjust Roots
[1.725s][info][gc,phases      ] GC(61) Adjust Roots 0.195ms
[1.725s][info][gc,phases,start] GC(61) Compaction Phase
[1.755s][info][gc,phases      ] GC(61) Compaction Phase 30.434ms
[1.755s][info][gc,phases,start] GC(61) Post Compact
[1.757s][info][gc,phases      ] GC(61) Post Compact 1.625ms
[1.757s][info][gc,heap        ] GC(61) PSYoungGen: 18016K(27648K)->12238K(27648K) Eden: 0K(9216K)->0K(9216K) From: 18016K(18432K)->12238K(18432K)
[1.757s][info][gc,heap        ] GC(61) ParOldGen: 292461K(297472K)->297464K(345088K)
[1.757s][info][gc,metaspace   ] GC(61) Metaspace: 6301K(6464K)->6301K(6464K) NonClass: 5768K(5824K)->5768K(5824K) Class: 533K(640K)->533K(640K)
[1.757s][info][gc             ] GC(61) Pause Full (Ergonomics) 303M->302M(364M) 107.222ms
[1.757s][info][gc,cpu         ] GC(61) User=0.58s Sys=0.00s Real=0.11s
[1.768s][info][gc,start       ] GC(62) Pause Young (Allocation Failure)
[1.792s][info][gc,heap        ] GC(62) PSYoungGen: 21454K(27648K)->9312K(49664K) Eden: 9216K(9216K)->0K(10752K) From: 12238K(18432K)->9312K(38912K)
[1.792s][info][gc,heap        ] GC(62) ParOldGen: 297464K(345088K)->309904K(345088K)
[1.792s][info][gc,metaspace   ] GC(62) Metaspace: 6301K(6464K)->6301K(6464K) NonClass: 5768K(5824K)->5768K(5824K) Class: 533K(640K)->533K(640K)
[1.792s][info][gc             ] GC(62) Pause Young (Allocation Failure) 311M->311M(385M) 23.603ms
[1.792s][info][gc,cpu         ] GC(62) User=0.11s Sys=0.00s Real=0.02s
[1.804s][info][gc,start       ] GC(63) Pause Young (Allocation Failure)
[1.816s][info][gc,heap        ] GC(63) PSYoungGen: 20064K(49664K)->10848K(50176K) Eden: 10752K(10752K)->0K(10752K) From: 9312K(38912K)->10848K(39424K)
[1.816s][info][gc,heap        ] GC(63) ParOldGen: 309904K(345088K)->319248K(345088K)
[1.816s][info][gc,metaspace   ] GC(63) Metaspace: 6301K(6464K)->6301K(6464K) NonClass: 5768K(5824K)->5768K(5824K) Class: 533K(640K)->533K(640K)
[1.816s][info][gc             ] GC(63) Pause Young (Allocation Failure) 322M->322M(386M) 11.987ms
[1.816s][info][gc,cpu         ] GC(63) User=0.02s Sys=0.00s Real=0.01s
[1.829s][info][gc,start       ] GC(64) Pause Young (Allocation Failure)
[1.842s][info][gc,heap        ] GC(64) PSYoungGen: 21600K(50176K)->10880K(49664K) Eden: 10752K(10752K)->0K(12288K) From: 10848K(39424K)->10880K(37376K)
[1.842s][info][gc,heap        ] GC(64) ParOldGen: 319248K(345088K)->330160K(345088K)
[1.842s][info][gc,metaspace   ] GC(64) Metaspace: 6301K(6464K)->6301K(6464K) NonClass: 5768K(5824K)->5768K(5824K) Class: 533K(640K)->533K(640K)
[1.842s][info][gc             ] GC(64) Pause Young (Allocation Failure) 332M->333M(385M) 12.897ms
[1.842s][info][gc,cpu         ] GC(64) User=0.02s Sys=0.00s Real=0.01s
[1.842s][info][gc,start       ] GC(65) Pause Full (Ergonomics)
[1.842s][info][gc,phases,start] GC(65) Marking Phase
[1.919s][info][gc,phases      ] GC(65) Marking Phase 77.202ms
[1.919s][info][gc,phases,start] GC(65) Summary Phase
[1.919s][info][gc,phases      ] GC(65) Summary Phase 0.020ms
[1.919s][info][gc,phases,start] GC(65) Adjust Roots
[1.919s][info][gc,phases      ] GC(65) Adjust Roots 0.187ms
[1.919s][info][gc,phases,start] GC(65) Compaction Phase
[1.948s][info][gc,phases      ] GC(65) Compaction Phase 28.786ms
[1.948s][info][gc,phases,start] GC(65) Post Compact
[1.950s][info][gc,phases      ] GC(65) Post Compact 1.661ms
[1.950s][info][gc,heap        ] GC(65) PSYoungGen: 10880K(49664K)->0K(50176K) Eden: 0K(12288K)->0K(12288K) From: 10880K(37376K)->0K(37888K)
[1.950s][info][gc,heap        ] GC(65) ParOldGen: 330160K(345088K)->340333K(390656K)
[1.950s][info][gc,metaspace   ] GC(65) Metaspace: 6301K(6464K)->6301K(6464K) NonClass: 5768K(5824K)->5768K(5824K) Class: 533K(640K)->533K(640K)
[1.950s][info][gc             ] GC(65) Pause Full (Ergonomics) 333M->332M(430M) 108.357ms
[1.950s][info][gc,cpu         ] GC(65) User=0.55s Sys=0.00s Real=0.11s
[1.964s][info][gc,start       ] GC(66) Pause Young (Allocation Failure)
[1.972s][info][gc,heap        ] GC(66) PSYoungGen: 12288K(50176K)->12416K(48640K) Eden: 12288K(12288K)->0K(13824K) From: 0K(37888K)->12416K(34816K)
[1.972s][info][gc,heap        ] GC(66) ParOldGen: 340333K(390656K)->340333K(390656K)
[1.972s][info][gc,metaspace   ] GC(66) Metaspace: 6301K(6464K)->6301K(6464K) NonClass: 5768K(5824K)->5768K(5824K) Class: 533K(640K)->533K(640K)
[1.973s][info][gc             ] GC(66) Pause Young (Allocation Failure) 344M->344M(429M) 8.343ms
[1.973s][info][gc,cpu         ] GC(66) User=0.02s Sys=0.00s Real=0.01s
[2.049s][info][gc,start       ] GC(67) Pause Young (Allocation Failure)
[2.071s][info][gc,heap        ] GC(67) PSYoungGen: 26240K(48640K)->26240K(50176K) Eden: 13824K(13824K)->0K(13824K) From: 12416K(34816K)->26240K(36352K)
[2.071s][info][gc,heap        ] GC(67) ParOldGen: 356717K(390656K)->356717K(390656K)
[2.071s][info][gc,metaspace   ] GC(67) Metaspace: 6301K(6464K)->6301K(6464K) NonClass: 5768K(5824K)->5768K(5824K) Class: 533K(640K)->533K(640K)
[2.071s][info][gc             ] GC(67) Pause Young (Allocation Failure) 373M->373M(430M) 22.334ms
[2.071s][info][gc,cpu         ] GC(67) User=0.11s Sys=0.00s Real=0.02s
[2.087s][info][gc,start       ] GC(68) Pause Young (Allocation Failure)
[2.107s][info][gc,heap        ] GC(68) PSYoungGen: 40064K(50176K)->37888K(46592K) Eden: 13824K(13824K)->0K(8704K) From: 26240K(36352K)->37888K(37888K)
[2.107s][info][gc,heap        ] GC(68) ParOldGen: 356717K(390656K)->358805K(390656K)
[2.107s][info][gc,metaspace   ] GC(68) Metaspace: 6301K(6464K)->6301K(6464K) NonClass: 5768K(5824K)->5768K(5824K) Class: 533K(640K)->533K(640K)
[2.107s][info][gc             ] GC(68) Pause Young (Allocation Failure) 387M->387M(427M) 20.105ms
[2.107s][info][gc,cpu         ] GC(68) User=0.12s Sys=0.00s Real=0.02s
[2.115s][info][gc,start       ] GC(69) Pause Young (Allocation Failure)
[2.137s][info][gc,heap        ] GC(69) PSYoungGen: 46592K(46592K)->22304K(31232K) Eden: 8704K(8704K)->0K(8704K) From: 37888K(37888K)->22304K(22528K)
[2.137s][info][gc,heap        ] GC(69) ParOldGen: 358805K(390656K)->383573K(390656K)
[2.137s][info][gc,metaspace   ] GC(69) Metaspace: 6301K(6464K)->6301K(6464K) NonClass: 5768K(5824K)->5768K(5824K) Class: 533K(640K)->533K(640K)
[2.137s][info][gc             ] GC(69) Pause Young (Allocation Failure) 395M->396M(412M) 22.245ms
[2.137s][info][gc,cpu         ] GC(69) User=0.11s Sys=0.00s Real=0.02s
[2.137s][info][gc,start       ] GC(70) Pause Full (Ergonomics)
[2.137s][info][gc,phases,start] GC(70) Marking Phase
[2.230s][info][gc,phases      ] GC(70) Marking Phase 92.611ms
[2.230s][info][gc,phases,start] GC(70) Summary Phase
[2.230s][info][gc,phases      ] GC(70) Summary Phase 0.020ms
[2.230s][info][gc,phases,start] GC(70) Adjust Roots
[2.230s][info][gc,phases      ] GC(70) Adjust Roots 0.188ms
[2.230s][info][gc,phases,start] GC(70) Compaction Phase
[2.299s][info][gc,phases      ] GC(70) Compaction Phase 68.432ms
[2.299s][info][gc,phases,start] GC(70) Post Compact
[2.301s][info][gc,phases      ] GC(70) Post Compact 2.073ms
[2.301s][info][gc,heap        ] GC(70) PSYoungGen: 22304K(31232K)->6745K(31232K) Eden: 0K(8704K)->0K(8704K) From: 22304K(22528K)->6745K(22528K)
[2.301s][info][gc,heap        ] GC(70) ParOldGen: 383573K(390656K)->390286K(447488K)
[2.301s][info][gc,metaspace   ] GC(70) Metaspace: 6301K(6464K)->6301K(6464K) NonClass: 5768K(5824K)->5768K(5824K) Class: 533K(640K)->533K(640K)
[2.301s][info][gc             ] GC(70) Pause Full (Ergonomics) 396M->387M(467M) 163.900ms
[2.301s][info][gc,cpu         ] GC(70) User=1.05s Sys=0.00s Real=0.16s
[2.313s][info][gc,start       ] GC(71) Pause Young (Allocation Failure)
[2.337s][info][gc,heap        ] GC(71) PSYoungGen: 15449K(31232K)->10688K(50176K) Eden: 8704K(8704K)->0K(9728K) From: 6745K(22528K)->10688K(40448K)
[2.337s][info][gc,heap        ] GC(71) ParOldGen: 390286K(447488K)->395214K(447488K)
[2.337s][info][gc,metaspace   ] GC(71) Metaspace: 6301K(6464K)->6301K(6464K) NonClass: 5768K(5824K)->5768K(5824K) Class: 533K(640K)->533K(640K)
[2.337s][info][gc             ] GC(71) Pause Young (Allocation Failure) 396M->396M(486M) 24.466ms
[2.337s][info][gc,cpu         ] GC(71) User=0.11s Sys=0.00s Real=0.03s
[2.347s][info][gc,start       ] GC(72) Pause Young (Allocation Failure)
[2.359s][info][gc,heap        ] GC(72) PSYoungGen: 20416K(50176K)->20416K(30208K) Eden: 9728K(9728K)->0K(9728K) From: 10688K(40448K)->20416K(20480K)
[2.359s][info][gc,heap        ] GC(72) ParOldGen: 395214K(447488K)->395214K(447488K)
[2.359s][info][gc,metaspace   ] GC(72) Metaspace: 6301K(6464K)->6301K(6464K) NonClass: 5768K(5824K)->5768K(5824K) Class: 533K(640K)->533K(640K)
[2.359s][info][gc             ] GC(72) Pause Young (Allocation Failure) 405M->405M(466M) 11.441ms
[2.359s][info][gc,cpu         ] GC(72) User=0.02s Sys=0.00s Real=0.01s
[2.368s][info][gc,start       ] GC(73) Pause Young (Allocation Failure)
[2.383s][info][gc,heap        ] GC(73) PSYoungGen: 30144K(30208K)->30112K(49152K) Eden: 9728K(9728K)->0K(8704K) From: 20416K(20480K)->30112K(40448K)
[2.383s][info][gc,heap        ] GC(73) ParOldGen: 395214K(447488K)->395214K(447488K)
[2.383s][info][gc,metaspace   ] GC(73) Metaspace: 6301K(6464K)->6301K(6464K) NonClass: 5768K(5824K)->5768K(5824K) Class: 533K(640K)->533K(640K)
[2.383s][info][gc             ] GC(73) Pause Young (Allocation Failure) 415M->415M(485M) 14.909ms
[2.383s][info][gc,cpu         ] GC(73) User=0.00s Sys=0.00s Real=0.02s
[2.392s][info][gc,start       ] GC(74) Pause Young (Allocation Failure)
[2.411s][info][gc,heap        ] GC(74) PSYoungGen: 38816K(49152K)->36896K(51200K) Eden: 8704K(8704K)->0K(8704K) From: 30112K(40448K)->36896K(42496K)
[2.411s][info][gc,heap        ] GC(74) ParOldGen: 395214K(447488K)->397150K(447488K)
[2.411s][info][gc,metaspace   ] GC(74) Metaspace: 6301K(6464K)->6301K(6464K) NonClass: 5768K(5824K)->5768K(5824K) Class: 533K(640K)->533K(640K)
[2.411s][info][gc             ] GC(74) Pause Young (Allocation Failure) 423M->423M(487M) 18.540ms
[2.411s][info][gc,cpu         ] GC(74) User=0.11s Sys=0.00s Real=0.02s
[2.420s][info][gc,start       ] GC(75) Pause Young (Allocation Failure)
[2.441s][info][gc,heap        ] GC(75) PSYoungGen: 45600K(51200K)->36928K(53760K) Eden: 8704K(8704K)->0K(7168K) From: 36896K(42496K)->36928K(46592K)
[2.441s][info][gc,heap        ] GC(75) ParOldGen: 397150K(447488K)->405982K(447488K)
[2.441s][info][gc,metaspace   ] GC(75) Metaspace: 6301K(6464K)->6301K(6464K) NonClass: 5768K(5824K)->5768K(5824K) Class: 533K(640K)->533K(640K)
[2.441s][info][gc             ] GC(75) Pause Young (Allocation Failure) 432M->432M(489M) 21.724ms
[2.441s][info][gc,cpu         ] GC(75) User=0.11s Sys=0.00s Real=0.02s
[2.449s][info][gc,start       ] GC(76) Pause Young (Allocation Failure)
[2.471s][info][gc,heap        ] GC(76) PSYoungGen: 44096K(53760K)->24640K(32256K) Eden: 7168K(7168K)->0K(7168K) From: 36928K(46592K)->24640K(25088K)
[2.471s][info][gc,heap        ] GC(76) ParOldGen: 405982K(447488K)->425670K(447488K)
[2.471s][info][gc,metaspace   ] GC(76) Metaspace: 6301K(6464K)->6301K(6464K) NonClass: 5768K(5824K)->5768K(5824K) Class: 533K(640K)->533K(640K)
[2.471s][info][gc             ] GC(76) Pause Young (Allocation Failure) 439M->439M(468M) 22.363ms
[2.471s][info][gc,cpu         ] GC(76) User=0.12s Sys=0.00s Real=0.02s
[2.471s][info][gc,start       ] GC(77) Pause Full (Ergonomics)
[2.471s][info][gc,phases,start] GC(77) Marking Phase
[2.588s][info][gc,phases      ] GC(77) Marking Phase 116.622ms
[2.588s][info][gc,phases,start] GC(77) Summary Phase
[2.588s][info][gc,phases      ] GC(77) Summary Phase 0.023ms
[2.588s][info][gc,phases,start] GC(77) Adjust Roots
[2.588s][info][gc,phases      ] GC(77) Adjust Roots 0.216ms
[2.588s][info][gc,phases,start] GC(77) Compaction Phase
[2.630s][info][gc,phases      ] GC(77) Compaction Phase 41.282ms
[2.630s][info][gc,phases,start] GC(77) Post Compact
[2.632s][info][gc,phases      ] GC(77) Post Compact 2.163ms
[2.632s][info][gc,heap        ] GC(77) PSYoungGen: 24640K(32256K)->2508K(32256K) Eden: 0K(7168K)->0K(7168K) From: 24640K(25088K)->2508K(25088K)
[2.632s][info][gc,heap        ] GC(77) ParOldGen: 425670K(447488K)->447072K(507392K)
[2.632s][info][gc,metaspace   ] GC(77) Metaspace: 6301K(6464K)->6301K(6464K) NonClass: 5768K(5824K)->5768K(5824K) Class: 533K(640K)->533K(640K)
[2.632s][info][gc             ] GC(77) Pause Full (Ergonomics) 439M->439M(527M) 160.978ms
[2.632s][info][gc,cpu         ] GC(77) User=0.95s Sys=0.02s Real=0.16s
[2.640s][info][gc,start       ] GC(78) Pause Young (Allocation Failure)
[2.663s][info][gc,heap        ] GC(78) PSYoungGen: 9676K(32256K)->8256K(55808K) Eden: 7168K(7168K)->0K(8192K) From: 2508K(25088K)->8256K(47616K)
[2.663s][info][gc,heap        ] GC(78) ParOldGen: 447072K(507392K)->448680K(507392K)
[2.663s][info][gc,metaspace   ] GC(78) Metaspace: 6301K(6464K)->6301K(6464K) NonClass: 5768K(5824K)->5768K(5824K) Class: 533K(640K)->533K(640K)
[2.663s][info][gc             ] GC(78) Pause Young (Allocation Failure) 446M->446M(550M) 23.250ms
[2.663s][info][gc,cpu         ] GC(78) User=0.11s Sys=0.00s Real=0.02s
[2.672s][info][gc,start       ] GC(79) Pause Young (Allocation Failure)
[2.683s][info][gc,heap        ] GC(79) PSYoungGen: 16448K(55808K)->15456K(55808K) Eden: 8192K(8192K)->0K(8192K) From: 8256K(47616K)->15456K(47616K)
[2.683s][info][gc,heap        ] GC(79) ParOldGen: 448680K(507392K)->449680K(507392K)
[2.683s][info][gc,metaspace   ] GC(79) Metaspace: 6301K(6464K)->6301K(6464K) NonClass: 5768K(5824K)->5768K(5824K) Class: 533K(640K)->533K(640K)
[2.683s][info][gc             ] GC(79) Pause Young (Allocation Failure) 454M->454M(550M) 10.952ms
[2.683s][info][gc,cpu         ] GC(79) User=0.00s Sys=0.00s Real=0.01s
[2.693s][info][gc,start       ] GC(80) Pause Young (Allocation Failure)
[2.706s][info][gc,heap        ] GC(80) PSYoungGen: 23648K(55808K)->16480K(52736K) Eden: 8192K(8192K)->0K(9728K) From: 15456K(47616K)->16480K(43008K)
[2.706s][info][gc,heap        ] GC(80) ParOldGen: 449680K(507392K)->456944K(507392K)
[2.706s][info][gc,metaspace   ] GC(80) Metaspace: 6301K(6464K)->6301K(6464K) NonClass: 5768K(5824K)->5768K(5824K) Class: 533K(640K)->533K(640K)
[2.706s][info][gc             ] GC(80) Pause Young (Allocation Failure) 462M->462M(547M) 13.232ms
[2.706s][info][gc,cpu         ] GC(80) User=0.02s Sys=0.00s Real=0.01s
[2.717s][info][gc,start       ] GC(81) Pause Young (Allocation Failure)
[2.732s][info][gc,heap        ] GC(81) PSYoungGen: 26208K(52736K)->18016K(28160K) Eden: 9728K(9728K)->0K(9728K) From: 16480K(43008K)->18016K(18432K)
[2.732s][info][gc,heap        ] GC(81) ParOldGen: 456944K(507392K)->465256K(507392K)
[2.732s][info][gc,metaspace   ] GC(81) Metaspace: 6301K(6464K)->6301K(6464K) NonClass: 5768K(5824K)->5768K(5824K) Class: 533K(640K)->533K(640K)
[2.732s][info][gc             ] GC(81) Pause Young (Allocation Failure) 471M->471M(523M) 14.976ms
[2.732s][info][gc,cpu         ] GC(81) User=0.02s Sys=0.00s Real=0.02s
[2.744s][info][gc,start       ] GC(82) Pause Young (Allocation Failure)
[2.759s][info][gc,heap        ] GC(82) PSYoungGen: 27744K(28160K)->9824K(53760K) Eden: 9728K(9728K)->0K(11264K) From: 18016K(18432K)->9824K(42496K)
[2.759s][info][gc,heap        ] GC(82) ParOldGen: 465256K(507392K)->483408K(507392K)
[2.759s][info][gc,metaspace   ] GC(82) Metaspace: 6301K(6464K)->6301K(6464K) NonClass: 5768K(5824K)->5768K(5824K) Class: 533K(640K)->533K(640K)
[2.759s][info][gc             ] GC(82) Pause Young (Allocation Failure) 481M->481M(548M) 15.758ms
[2.759s][info][gc,cpu         ] GC(82) User=0.02s Sys=0.00s Real=0.02s
[2.771s][info][gc,start       ] GC(83) Pause Young (Allocation Failure)
[2.784s][info][gc,heap        ] GC(83) PSYoungGen: 21088K(53760K)->11360K(53760K) Eden: 11264K(11264K)->0K(11264K) From: 9824K(42496K)->11360K(42496K)
[2.784s][info][gc,heap        ] GC(83) ParOldGen: 483408K(507392K)->493280K(507392K)
[2.784s][info][gc,metaspace   ] GC(83) Metaspace: 6301K(6464K)->6301K(6464K) NonClass: 5768K(5824K)->5768K(5824K) Class: 533K(640K)->533K(640K)
[2.784s][info][gc             ] GC(83) Pause Young (Allocation Failure) 492M->492M(548M) 12.749ms
[2.784s][info][gc,cpu         ] GC(83) User=0.00s Sys=0.00s Real=0.01s
[2.784s][info][gc,start       ] GC(84) Pause Full (Ergonomics)
[2.784s][info][gc,phases,start] GC(84) Marking Phase
[2.910s][info][gc,phases      ] GC(84) Marking Phase 125.307ms
[2.910s][info][gc,phases,start] GC(84) Summary Phase
[2.910s][info][gc,phases      ] GC(84) Summary Phase 0.023ms
[2.910s][info][gc,phases,start] GC(84) Adjust Roots
[2.910s][info][gc,phases      ] GC(84) Adjust Roots 0.187ms
[2.910s][info][gc,phases,start] GC(84) Compaction Phase
[2.958s][info][gc,phases      ] GC(84) Compaction Phase 48.325ms
[2.958s][info][gc,phases,start] GC(84) Post Compact
[2.961s][info][gc,phases      ] GC(84) Post Compact 2.494ms
[2.961s][info][gc,heap        ] GC(84) PSYoungGen: 11360K(53760K)->0K(54272K) Eden: 0K(11264K)->0K(12800K) From: 11360K(42496K)->0K(41472K)
[2.961s][info][gc,heap        ] GC(84) ParOldGen: 493280K(507392K)->503665K(566272K)
[2.961s][info][gc,metaspace   ] GC(84) Metaspace: 6301K(6464K)->6301K(6464K) NonClass: 5768K(5824K)->5768K(5824K) Class: 533K(640K)->533K(640K)
[2.961s][info][gc             ] GC(84) Pause Full (Ergonomics) 492M->491M(606M) 176.948ms
[2.961s][info][gc,cpu         ] GC(84) User=0.98s Sys=0.02s Real=0.18s
[2.976s][info][gc,start       ] GC(85) Pause Young (Allocation Failure)
[2.985s][info][gc,heap        ] GC(85) PSYoungGen: 12800K(54272K)->12896K(54272K) Eden: 12800K(12800K)->0K(12800K) From: 0K(41472K)->12896K(41472K)
[2.985s][info][gc,heap        ] GC(85) ParOldGen: 503665K(566272K)->503665K(566272K)
[2.985s][info][gc,metaspace   ] GC(85) Metaspace: 6301K(6464K)->6301K(6464K) NonClass: 5768K(5824K)->5768K(5824K) Class: 533K(640K)->533K(640K)
[2.985s][info][gc             ] GC(85) Pause Young (Allocation Failure) 504M->504M(606M) 9.040ms
[2.985s][info][gc,cpu         ] GC(85) User=0.02s Sys=0.00s Real=0.01s
[2.998s][info][gc,start       ] GC(86) Pause Young (Allocation Failure)
[3.012s][info][gc,heap        ] GC(86) PSYoungGen: 25696K(54272K)->25696K(53248K) Eden: 12800K(12800K)->0K(13312K) From: 12896K(41472K)->25696K(39936K)
[3.012s][info][gc,heap        ] GC(86) ParOldGen: 503665K(566272K)->503665K(566272K)
[3.012s][info][gc,metaspace   ] GC(86) Metaspace: 6301K(6464K)->6301K(6464K) NonClass: 5768K(5824K)->5768K(5824K) Class: 533K(640K)->533K(640K)
[3.012s][info][gc             ] GC(86) Pause Young (Allocation Failure) 516M->516M(605M) 14.105ms
[3.012s][info][gc,cpu         ] GC(86) User=0.00s Sys=0.00s Real=0.01s
[3.028s][info][gc,start       ] GC(87) Pause Young (Allocation Failure)
[3.047s][info][gc,heap        ] GC(87) PSYoungGen: 39008K(53248K)->39072K(54272K) Eden: 13312K(13312K)->0K(13312K) From: 25696K(39936K)->39072K(40960K)
[3.047s][info][gc,heap        ] GC(87) ParOldGen: 503665K(566272K)->503665K(566272K)
[3.047s][info][gc,metaspace   ] GC(87) Metaspace: 6301K(6464K)->6301K(6464K) NonClass: 5768K(5824K)->5768K(5824K) Class: 533K(640K)->533K(640K)
[3.047s][info][gc             ] GC(87) Pause Young (Allocation Failure) 529M->530M(606M) 19.809ms
[3.047s][info][gc,cpu         ] GC(87) User=0.11s Sys=0.00s Real=0.02s
[3.063s][info][gc,start       ] GC(88) Pause Young (Allocation Failure)
[3.089s][info][gc,heap        ] GC(88) PSYoungGen: 52384K(54272K)->39552K(56320K) Eden: 13312K(13312K)->0K(10240K) From: 39072K(40960K)->39552K(46080K)
[3.089s][info][gc,heap        ] GC(88) ParOldGen: 503665K(566272K)->516641K(566272K)
[3.089s][info][gc,metaspace   ] GC(88) Metaspace: 6301K(6464K)->6301K(6464K) NonClass: 5768K(5824K)->5768K(5824K) Class: 533K(640K)->533K(640K)
[3.089s][info][gc             ] GC(88) Pause Young (Allocation Failure) 543M->543M(608M) 26.148ms
[3.089s][info][gc,cpu         ] GC(88) User=0.08s Sys=0.03s Real=0.03s
[3.101s][info][gc,start       ] GC(89) Pause Young (Allocation Failure)
[3.125s][info][gc,heap        ] GC(89) PSYoungGen: 49792K(56320K)->36992K(60928K) Eden: 10240K(10240K)->0K(10240K) From: 39552K(46080K)->36992K(50688K)
[3.125s][info][gc,heap        ] GC(89) ParOldGen: 516641K(566272K)->529633K(566272K)
[3.125s][info][gc,metaspace   ] GC(89) Metaspace: 6301K(6464K)->6301K(6464K) NonClass: 5768K(5824K)->5768K(5824K) Class: 533K(640K)->533K(640K)
[3.125s][info][gc             ] GC(89) Pause Young (Allocation Failure) 553M->553M(612M) 24.449ms
[3.125s][info][gc,cpu         ] GC(89) User=0.09s Sys=0.02s Real=0.02s
[3.137s][info][gc,start       ] GC(90) Pause Young (Allocation Failure)
[3.161s][info][gc,heap        ] GC(90) PSYoungGen: 47232K(60928K)->20544K(59904K) Eden: 10240K(10240K)->0K(11776K) From: 36992K(50688K)->20544K(48128K)
[3.161s][info][gc,heap        ] GC(90) ParOldGen: 529633K(566272K)->556617K(566272K)
[3.161s][info][gc,metaspace   ] GC(90) Metaspace: 6301K(6464K)->6301K(6464K) NonClass: 5768K(5824K)->5768K(5824K) Class: 533K(640K)->533K(640K)
[3.161s][info][gc             ] GC(90) Pause Young (Allocation Failure) 563M->563M(611M) 24.093ms
[3.161s][info][gc,cpu         ] GC(90) User=0.22s Sys=0.00s Real=0.02s
[3.161s][info][gc,start       ] GC(91) Pause Full (Ergonomics)
[3.161s][info][gc,phases,start] GC(91) Marking Phase
[3.304s][info][gc,phases      ] GC(91) Marking Phase 142.319ms
[3.304s][info][gc,phases,start] GC(91) Summary Phase
[3.304s][info][gc,phases      ] GC(91) Summary Phase 0.021ms
[3.304s][info][gc,phases,start] GC(91) Adjust Roots
[3.304s][info][gc,phases      ] GC(91) Adjust Roots 0.189ms
[3.304s][info][gc,phases,start] GC(91) Compaction Phase
[3.356s][info][gc,phases      ] GC(91) Compaction Phase 52.025ms
[3.356s][info][gc,phases,start] GC(91) Post Compact
[3.357s][info][gc,phases      ] GC(91) Post Compact 0.910ms
[3.357s][info][gc,heap        ] GC(91) PSYoungGen: 20544K(59904K)->10200K(61440K) Eden: 0K(11776K)->0K(13312K) From: 20544K(48128K)->10200K(48128K)
[3.357s][info][gc,heap        ] GC(91) ParOldGen: 556617K(566272K)->565985K(638464K)
[3.357s][info][gc,metaspace   ] GC(91) Metaspace: 6301K(6464K)->6301K(6464K) NonClass: 5768K(5824K)->5768K(5824K) Class: 533K(640K)->533K(640K)
[3.357s][info][gc             ] GC(91) Pause Full (Ergonomics) 563M->562M(683M) 195.994ms
[3.357s][info][gc,cpu         ] GC(91) User=1.12s Sys=0.00s Real=0.20s
[3.373s][info][gc,start       ] GC(92) Pause Young (Allocation Failure)
[3.410s][info][gc,heap        ] GC(92) PSYoungGen: 23512K(61440K)->13440K(64000K) Eden: 13312K(13312K)->0K(13312K) From: 10200K(48128K)->13440K(50688K)
[3.410s][info][gc,heap        ] GC(92) ParOldGen: 565985K(638464K)->576353K(638464K)
[3.410s][info][gc,metaspace   ] GC(92) Metaspace: 6301K(6464K)->6301K(6464K) NonClass: 5768K(5824K)->5768K(5824K) Class: 533K(640K)->533K(640K)
[3.410s][info][gc             ] GC(92) Pause Young (Allocation Failure) 575M->575M(686M) 37.502ms
[3.410s][info][gc,cpu         ] GC(92) User=0.14s Sys=0.00s Real=0.04s
[3.425s][info][gc,start       ] GC(93) Pause Young (Allocation Failure)
[3.441s][info][gc,heap        ] GC(93) PSYoungGen: 26752K(64000K)->13408K(62464K) Eden: 13312K(13312K)->0K(14848K) From: 13440K(50688K)->13408K(47616K)
[3.441s][info][gc,heap        ] GC(93) ParOldGen: 576353K(638464K)->589857K(638464K)
[3.441s][info][gc,metaspace   ] GC(93) Metaspace: 6301K(6464K)->6301K(6464K) NonClass: 5768K(5824K)->5768K(5824K) Class: 533K(640K)->533K(640K)
[3.441s][info][gc             ] GC(93) Pause Young (Allocation Failure) 588M->589M(684M) 16.272ms
[3.441s][info][gc,cpu         ] GC(93) User=0.02s Sys=0.00s Real=0.02s
[3.459s][info][gc,start       ] GC(94) Pause Young (Allocation Failure)
[3.476s][info][gc,heap        ] GC(94) PSYoungGen: 28256K(62464K)->14944K(63488K) Eden: 14848K(14848K)->0K(14848K) From: 13408K(47616K)->14944K(48640K)
[3.476s][info][gc,heap        ] GC(94) ParOldGen: 589857K(638464K)->603353K(638464K)
[3.476s][info][gc,metaspace   ] GC(94) Metaspace: 6301K(6464K)->6301K(6464K) NonClass: 5768K(5824K)->5768K(5824K) Class: 533K(640K)->533K(640K)
[3.476s][info][gc             ] GC(94) Pause Young (Allocation Failure) 603M->603M(685M) 17.008ms
[3.476s][info][gc,cpu         ] GC(94) User=0.02s Sys=0.00s Real=0.02s
[3.494s][info][gc,start       ] GC(95) Pause Young (Allocation Failure)
[3.512s][info][gc,heap        ] GC(95) PSYoungGen: 29792K(63488K)->14976K(60416K) Eden: 14848K(14848K)->0K(16384K) From: 14944K(48640K)->14976K(44032K)
[3.513s][info][gc,heap        ] GC(95) ParOldGen: 603353K(638464K)->618409K(638464K)
[3.513s][info][gc,metaspace   ] GC(95) Metaspace: 6301K(6464K)->6301K(6464K) NonClass: 5768K(5824K)->5768K(5824K) Class: 533K(640K)->533K(640K)
[3.513s][info][gc             ] GC(95) Pause Young (Allocation Failure) 618M->618M(682M) 18.221ms
[3.513s][info][gc,cpu         ] GC(95) User=0.03s Sys=0.00s Real=0.02s
[3.513s][info][gc,start       ] GC(96) Pause Full (Ergonomics)
[3.513s][info][gc,phases,start] GC(96) Marking Phase
[3.665s][info][gc,phases      ] GC(96) Marking Phase 152.079ms
[3.665s][info][gc,phases,start] GC(96) Summary Phase
[3.665s][info][gc,phases      ] GC(96) Summary Phase 0.032ms
[3.665s][info][gc,phases,start] GC(96) Adjust Roots
[3.665s][info][gc,phases      ] GC(96) Adjust Roots 0.186ms
[3.665s][info][gc,phases,start] GC(96) Compaction Phase
[3.722s][info][gc,phases      ] GC(96) Compaction Phase 56.667ms
[3.722s][info][gc,phases,start] GC(96) Post Compact
[3.723s][info][gc,phases      ] GC(96) Post Compact 0.967ms
[3.723s][info][gc,heap        ] GC(96) PSYoungGen: 14976K(60416K)->0K(61952K) Eden: 0K(16384K)->0K(16384K) From: 14976K(44032K)->0K(45568K)
[3.723s][info][gc,heap        ] GC(96) ParOldGen: 618409K(638464K)->632378K(707584K)
[3.723s][info][gc,metaspace   ] GC(96) Metaspace: 6301K(6464K)->6301K(6464K) NonClass: 5768K(5824K)->5768K(5824K) Class: 533K(640K)->533K(640K)
[3.723s][info][gc             ] GC(96) Pause Full (Ergonomics) 618M->617M(751M) 210.458ms
[3.723s][info][gc,cpu         ] GC(96) User=1.41s Sys=0.02s Real=0.21s
[3.744s][info][gc,start       ] GC(97) Pause Young (Allocation Failure)
[3.755s][info][gc,heap        ] GC(97) PSYoungGen: 16384K(61952K)->16544K(59904K) Eden: 16384K(16384K)->0K(17920K) From: 0K(45568K)->16544K(41984K)
[3.755s][info][gc,heap        ] GC(97) ParOldGen: 632378K(707584K)->632378K(707584K)
[3.755s][info][gc,metaspace   ] GC(97) Metaspace: 6301K(6464K)->6301K(6464K) NonClass: 5768K(5824K)->5768K(5824K) Class: 533K(640K)->533K(640K)
[3.755s][info][gc             ] GC(97) Pause Young (Allocation Failure) 633M->633M(749M) 11.529ms
[3.755s][info][gc,cpu         ] GC(97) User=0.00s Sys=0.00s Real=0.01s
[3.776s][info][gc,start       ] GC(98) Pause Young (Allocation Failure)
[3.795s][info][gc,heap        ] GC(98) PSYoungGen: 34464K(59904K)->34432K(61952K) Eden: 17920K(17920K)->0K(17920K) From: 16544K(41984K)->34432K(44032K)
[3.795s][info][gc,heap        ] GC(98) ParOldGen: 632378K(707584K)->632378K(707584K)
[3.795s][info][gc,metaspace   ] GC(98) Metaspace: 6301K(6464K)->6301K(6464K) NonClass: 5768K(5824K)->5768K(5824K) Class: 533K(640K)->533K(640K)
[3.795s][info][gc             ] GC(98) Pause Young (Allocation Failure) 651M->651M(751M) 19.855ms
[3.795s][info][gc,cpu         ] GC(98) User=0.12s Sys=0.00s Real=0.02s
[3.817s][info][gc,start       ] GC(99) Pause Young (Allocation Failure)
[3.844s][info][gc,heap        ] GC(99) PSYoungGen: 52352K(61952K)->47104K(58368K) Eden: 17920K(17920K)->0K(11264K) From: 34432K(44032K)->47104K(47104K)
[3.844s][info][gc,heap        ] GC(99) ParOldGen: 632378K(707584K)->637594K(707584K)
[3.844s][info][gc,metaspace   ] GC(99) Metaspace: 6301K(6464K)->6301K(6464K) NonClass: 5768K(5824K)->5768K(5824K) Class: 533K(640K)->533K(640K)
[3.844s][info][gc             ] GC(99) Pause Young (Allocation Failure) 668M->668M(748M) 27.252ms
[3.844s][info][gc,cpu         ] GC(99) User=0.12s Sys=0.00s Real=0.03s
[3.860s][info][gc,start       ] GC(100) Pause Young (Allocation Failure)
[3.889s][info][gc,heap        ] GC(100) PSYoungGen: 58368K(58368K)->28064K(39424K) Eden: 11264K(11264K)->0K(11264K) From: 47104K(47104K)->28064K(28160K)
[3.889s][info][gc,heap        ] GC(100) ParOldGen: 637594K(707584K)->668426K(707584K)
[3.889s][info][gc,metaspace   ] GC(100) Metaspace: 6301K(6464K)->6301K(6464K) NonClass: 5768K(5824K)->5768K(5824K) Class: 533K(640K)->533K(640K)
[3.889s][info][gc             ] GC(100) Pause Young (Allocation Failure) 679M->680M(729M) 28.753ms
[3.889s][info][gc,cpu         ] GC(100) User=0.09s Sys=0.03s Real=0.03s
[4.028s][info][gc,start       ] GC(101) Pause Full (Ergonomics)
[4.028s][info][gc,phases,start] GC(101) Marking Phase
[4.202s][info][gc,phases      ] GC(101) Marking Phase 174.183ms
[4.202s][info][gc,phases,start] GC(101) Summary Phase
[4.202s][info][gc,phases      ] GC(101) Summary Phase 0.022ms
[4.202s][info][gc,phases,start] GC(101) Adjust Roots
[4.202s][info][gc,phases      ] GC(101) Adjust Roots 0.188ms
[4.202s][info][gc,phases,start] GC(101) Compaction Phase
[4.320s][info][gc,phases      ] GC(101) Compaction Phase 117.049ms
[4.320s][info][gc,phases,start] GC(101) Post Compact
[4.321s][info][gc,phases      ] GC(101) Post Compact 1.598ms
[4.322s][info][gc,heap        ] GC(101) PSYoungGen: 39328K(39424K)->16140K(39424K) Eden: 11264K(11264K)->0K(11264K) From: 28064K(28160K)->16140K(28160K)
[4.322s][info][gc,heap        ] GC(101) ParOldGen: 701194K(707584K)->707221K(791040K)
[4.322s][info][gc,metaspace   ] GC(101) Metaspace: 6301K(6464K)->6301K(6464K) NonClass: 5768K(5824K)->5768K(5824K) Class: 533K(640K)->533K(640K)
[4.322s][info][gc             ] GC(101) Pause Full (Ergonomics) 723M->706M(811M) 293.692ms
[4.322s][info][gc,cpu         ] GC(101) User=1.77s Sys=0.00s Real=0.29s
[4.336s][info][gc,start       ] GC(102) Pause Young (Allocation Failure)
[4.378s][info][gc,heap        ] GC(102) PSYoungGen: 27404K(39424K)->17120K(63488K) Eden: 11264K(11264K)->0K(12800K) From: 16140K(28160K)->17120K(50688K)
[4.378s][info][gc,heap        ] GC(102) ParOldGen: 707221K(791040K)->717733K(791040K)
[4.378s][info][gc,metaspace   ] GC(102) Metaspace: 6301K(6464K)->6301K(6464K) NonClass: 5768K(5824K)->5768K(5824K) Class: 533K(640K)->533K(640K)
[4.378s][info][gc             ] GC(102) Pause Young (Allocation Failure) 717M->717M(834M) 42.025ms
[4.378s][info][gc,cpu         ] GC(102) User=0.16s Sys=0.00s Real=0.04s
[4.391s][info][gc,start       ] GC(103) Pause Young (Allocation Failure)
[4.409s][info][gc,heap        ] GC(103) PSYoungGen: 29920K(63488K)->29984K(65024K) Eden: 12800K(12800K)->0K(12800K) From: 17120K(50688K)->29984K(52224K)
[4.409s][info][gc,heap        ] GC(103) ParOldGen: 717733K(791040K)->717733K(791040K)
[4.409s][info][gc,metaspace   ] GC(103) Metaspace: 6301K(6464K)->6301K(6464K) NonClass: 5768K(5824K)->5768K(5824K) Class: 533K(640K)->533K(640K)
[4.409s][info][gc             ] GC(103) Pause Young (Allocation Failure) 730M->730M(836M) 17.460ms
[4.409s][info][gc,cpu         ] GC(103) User=0.03s Sys=0.00s Real=0.02s
[4.422s][info][gc,start       ] GC(104) Pause Young (Allocation Failure)
[4.445s][info][gc,heap        ] GC(104) PSYoungGen: 42784K(65024K)->42752K(61952K) Eden: 12800K(12800K)->0K(10240K) From: 29984K(52224K)->42752K(51712K)
[4.445s][info][gc,heap        ] GC(104) ParOldGen: 717733K(791040K)->717733K(791040K)
[4.445s][info][gc,metaspace   ] GC(104) Metaspace: 6301K(6464K)->6301K(6464K) NonClass: 5768K(5824K)->5768K(5824K) Class: 533K(640K)->533K(640K)
[4.445s][info][gc             ] GC(104) Pause Young (Allocation Failure) 742M->742M(833M) 22.663ms
[4.445s][info][gc,cpu         ] GC(104) User=0.03s Sys=0.00s Real=0.02s
[4.456s][info][gc,start       ] GC(105) Pause Young (Allocation Failure)
[4.482s][info][gc,heap        ] GC(105) PSYoungGen: 52992K(61952K)->47232K(66048K) Eden: 10240K(10240K)->0K(10240K) From: 42752K(51712K)->47232K(55808K)
[4.482s][info][gc,heap        ] GC(105) ParOldGen: 717733K(791040K)->723629K(791040K)
[4.482s][info][gc,metaspace   ] GC(105) Metaspace: 6301K(6464K)->6301K(6464K) NonClass: 5768K(5824K)->5768K(5824K) Class: 533K(640K)->533K(640K)
[4.482s][info][gc             ] GC(105) Pause Young (Allocation Failure) 752M->752M(837M) 26.008ms
[4.482s][info][gc,cpu         ] GC(105) User=0.11s Sys=0.00s Real=0.03s
[4.493s][info][gc,start       ] GC(106) Pause Young (Allocation Failure)
[4.521s][info][gc,heap        ] GC(106) PSYoungGen: 57472K(66048K)->46144K(68608K) Eden: 10240K(10240K)->0K(8192K) From: 47232K(55808K)->46144K(60416K)
[4.521s][info][gc,heap        ] GC(106) ParOldGen: 723629K(791040K)->735045K(791040K)
[4.521s][info][gc,metaspace   ] GC(106) Metaspace: 6301K(6464K)->6301K(6464K) NonClass: 5768K(5824K)->5768K(5824K) Class: 533K(640K)->533K(640K)
[4.521s][info][gc             ] GC(106) Pause Young (Allocation Failure) 762M->762M(839M) 28.595ms
[4.521s][info][gc,cpu         ] GC(106) User=0.06s Sys=0.00s Real=0.03s
[4.530s][info][gc,start       ] GC(107) Pause Young (Allocation Failure)
[4.558s][info][gc,heap        ] GC(107) PSYoungGen: 54336K(68608K)->28768K(37376K) Eden: 8192K(8192K)->0K(8192K) From: 46144K(60416K)->28768K(29184K)
[4.558s][info][gc,heap        ] GC(107) ParOldGen: 735045K(791040K)->760957K(791040K)
[4.558s][info][gc,metaspace   ] GC(107) Metaspace: 6301K(6464K)->6301K(6464K) NonClass: 5768K(5824K)->5768K(5824K) Class: 533K(640K)->533K(640K)
[4.558s][info][gc             ] GC(107) Pause Young (Allocation Failure) 770M->771M(809M) 27.886ms
[4.558s][info][gc,cpu         ] GC(107) User=0.11s Sys=0.00s Real=0.03s
[4.566s][info][gc,start       ] GC(108) Pause Young (Allocation Failure)
[4.587s][info][gc,heap        ] GC(108) PSYoungGen: 36960K(37376K)->16512K(68608K) Eden: 8192K(8192K)->0K(9728K) From: 28768K(29184K)->16512K(58880K)
[4.587s][info][gc,heap        ] GC(108) ParOldGen: 760957K(791040K)->781685K(791040K)
[4.587s][info][gc,metaspace   ] GC(108) Metaspace: 6301K(6464K)->6301K(6464K) NonClass: 5768K(5824K)->5768K(5824K) Class: 533K(640K)->533K(640K)
[4.587s][info][gc             ] GC(108) Pause Young (Allocation Failure) 779M->779M(839M) 20.478ms
[4.587s][info][gc,cpu         ] GC(108) User=0.11s Sys=0.00s Real=0.02s
[4.587s][info][gc,start       ] GC(109) Pause Full (Ergonomics)
[4.587s][info][gc,phases,start] GC(109) Marking Phase
[4.777s][info][gc,phases      ] GC(109) Marking Phase 190.273ms
[4.777s][info][gc,phases,start] GC(109) Summary Phase
[4.777s][info][gc,phases      ] GC(109) Summary Phase 0.031ms
[4.777s][info][gc,phases,start] GC(109) Adjust Roots
[4.778s][info][gc,phases      ] GC(109) Adjust Roots 0.190ms
[4.778s][info][gc,phases,start] GC(109) Compaction Phase
[4.861s][info][gc,phases      ] GC(109) Compaction Phase 83.907ms
[4.862s][info][gc,phases,start] GC(109) Post Compact
[4.863s][info][gc,phases      ] GC(109) Post Compact 1.426ms
[4.863s][info][gc,heap        ] GC(109) PSYoungGen: 16512K(68608K)->6106K(69632K) Eden: 0K(9728K)->0K(10752K) From: 16512K(58880K)->6106K(58880K)
[4.863s][info][gc,heap        ] GC(109) ParOldGen: 781685K(791040K)->790765K(881152K)
[4.863s][info][gc,metaspace   ] GC(109) Metaspace: 6301K(6464K)->6301K(6464K) NonClass: 5768K(5824K)->5768K(5824K) Class: 533K(640K)->533K(640K)
[4.863s][info][gc             ] GC(109) Pause Full (Ergonomics) 779M->778M(928M) 276.560ms
[4.864s][info][gc,cpu         ] GC(109) User=1.72s Sys=0.00s Real=0.28s
[4.875s][info][gc,start       ] GC(110) Pause Young (Allocation Failure)
[4.916s][info][gc,heap        ] GC(110) PSYoungGen: 16858K(69632K)->10848K(70656K) Eden: 10752K(10752K)->0K(10752K) From: 6106K(58880K)->10848K(59904K)
[4.916s][info][gc,heap        ] GC(110) ParOldGen: 790765K(881152K)->796989K(881152K)
[4.916s][info][gc,metaspace   ] GC(110) Metaspace: 6301K(6464K)->6301K(6464K) NonClass: 5768K(5824K)->5768K(5824K) Class: 533K(640K)->533K(640K)
[4.916s][info][gc             ] GC(110) Pause Young (Allocation Failure) 788M->788M(929M) 41.318ms
[4.916s][info][gc,cpu         ] GC(110) User=0.20s Sys=0.00s Real=0.04s
[4.927s][info][gc,start       ] GC(111) Pause Young (Allocation Failure)
[4.942s][info][gc,heap        ] GC(111) PSYoungGen: 21600K(70656K)->10848K(71168K) Eden: 10752K(10752K)->0K(12288K) From: 10848K(59904K)->10848K(58880K)
[4.942s][info][gc,heap        ] GC(111) ParOldGen: 796989K(881152K)->807901K(881152K)
[4.942s][info][gc,metaspace   ] GC(111) Metaspace: 6301K(6464K)->6301K(6464K) NonClass: 5768K(5824K)->5768K(5824K) Class: 533K(640K)->533K(640K)
[4.942s][info][gc             ] GC(111) Pause Young (Allocation Failure) 799M->799M(930M) 15.104ms
[4.942s][info][gc,cpu         ] GC(111) User=0.02s Sys=0.00s Real=0.01s
[4.955s][info][gc,start       ] GC(112) Pause Young (Allocation Failure)
[4.970s][info][gc,heap        ] GC(112) PSYoungGen: 23136K(71168K)->12416K(71680K) Eden: 12288K(12288K)->0K(12288K) From: 10848K(58880K)->12416K(59392K)
[4.971s][info][gc,heap        ] GC(112) ParOldGen: 807901K(881152K)->818797K(881152K)
[4.971s][info][gc,metaspace   ] GC(112) Metaspace: 6301K(6464K)->6301K(6464K) NonClass: 5768K(5824K)->5768K(5824K) Class: 533K(640K)->533K(640K)
[4.971s][info][gc             ] GC(112) Pause Young (Allocation Failure) 811M->811M(930M) 15.793ms
[4.971s][info][gc,cpu         ] GC(112) User=0.02s Sys=0.00s Real=0.02s
[4.984s][info][gc,start       ] GC(113) Pause Young (Allocation Failure)
[5.001s][info][gc,heap        ] GC(113) PSYoungGen: 24704K(71680K)->12384K(69120K) Eden: 12288K(12288K)->0K(13824K) From: 12416K(59392K)->12384K(55296K)
[5.001s][info][gc,heap        ] GC(113) ParOldGen: 818797K(881152K)->831253K(881152K)
[5.001s][info][gc,metaspace   ] GC(113) Metaspace: 6301K(6464K)->6301K(6464K) NonClass: 5768K(5824K)->5768K(5824K) Class: 533K(640K)->533K(640K)
[5.001s][info][gc             ] GC(113) Pause Young (Allocation Failure) 823M->823M(928M) 16.317ms
[5.001s][info][gc,cpu         ] GC(113) User=0.02s Sys=0.00s Real=0.02s
[5.016s][info][gc,start       ] GC(114) Pause Young (Allocation Failure)
[5.033s][info][gc,heap        ] GC(114) PSYoungGen: 26208K(69120K)->13952K(70656K) Eden: 13824K(13824K)->0K(13824K) From: 12384K(55296K)->13952K(56832K)
[5.033s][info][gc,heap        ] GC(114) ParOldGen: 831253K(881152K)->843717K(881152K)
[5.033s][info][gc,metaspace   ] GC(114) Metaspace: 6301K(6464K)->6301K(6464K) NonClass: 5768K(5824K)->5768K(5824K) Class: 533K(640K)->533K(640K)
[5.033s][info][gc             ] GC(114) Pause Young (Allocation Failure) 837M->837M(929M) 17.898ms
[5.033s][info][gc,cpu         ] GC(114) User=0.03s Sys=0.00s Real=0.02s
[5.049s][info][gc,start       ] GC(115) Pause Young (Allocation Failure)
[5.067s][info][gc,heap        ] GC(115) PSYoungGen: 27776K(70656K)->13952K(67072K) Eden: 13824K(13824K)->0K(15872K) From: 13952K(56832K)->13952K(51200K)
[5.067s][info][gc,heap        ] GC(115) ParOldGen: 843717K(881152K)->857725K(881152K)
[5.067s][info][gc,metaspace   ] GC(115) Metaspace: 6301K(6464K)->6301K(6464K) NonClass: 5768K(5824K)->5768K(5824K) Class: 533K(640K)->533K(640K)
[5.067s][info][gc             ] GC(115) Pause Young (Allocation Failure) 851M->851M(926M) 17.944ms
[5.067s][info][gc,cpu         ] GC(115) User=0.03s Sys=0.00s Real=0.02s
[5.067s][info][gc,start       ] GC(116) Pause Full (Ergonomics)
[5.067s][info][gc,phases,start] GC(116) Marking Phase
[5.266s][info][gc,phases      ] GC(116) Marking Phase 199.240ms
[5.266s][info][gc,phases,start] GC(116) Summary Phase
[5.266s][info][gc,phases      ] GC(116) Summary Phase 0.028ms
[5.266s][info][gc,phases,start] GC(116) Adjust Roots
[5.266s][info][gc,phases      ] GC(116) Adjust Roots 0.184ms
[5.266s][info][gc,phases,start] GC(116) Compaction Phase
[5.348s][info][gc,phases      ] GC(116) Compaction Phase 81.601ms
[5.348s][info][gc,phases,start] GC(116) Post Compact
[5.350s][info][gc,phases      ] GC(116) Post Compact 1.571ms
[5.350s][info][gc,heap        ] GC(116) PSYoungGen: 13952K(67072K)->0K(69120K) Eden: 0K(15872K)->0K(15872K) From: 13952K(51200K)->0K(53248K)
[5.350s][info][gc,heap        ] GC(116) ParOldGen: 857725K(881152K)->870411K(960512K)
[5.350s][info][gc,metaspace   ] GC(116) Metaspace: 6301K(6464K)->6301K(6464K) NonClass: 5768K(5824K)->5768K(5824K) Class: 533K(640K)->533K(640K)
[5.350s][info][gc             ] GC(116) Pause Full (Ergonomics) 851M->850M(1005M) 283.317ms
[5.350s][info][gc,cpu         ] GC(116) User=1.66s Sys=0.03s Real=0.28s
[5.368s][info][gc,start       ] GC(117) Pause Young (Allocation Failure)
[5.383s][info][gc,heap        ] GC(117) PSYoungGen: 15872K(69120K)->15968K(66048K) Eden: 15872K(15872K)->0K(17920K) From: 0K(53248K)->15968K(48128K)
[5.383s][info][gc,heap        ] GC(117) ParOldGen: 870411K(960512K)->870411K(960512K)
[5.383s][info][gc,metaspace   ] GC(117) Metaspace: 6301K(6464K)->6301K(6464K) NonClass: 5768K(5824K)->5768K(5824K) Class: 533K(640K)->533K(640K)
[5.383s][info][gc             ] GC(117) Pause Young (Allocation Failure) 865M->865M(1002M) 14.939ms
[5.383s][info][gc,cpu         ] GC(117) User=0.02s Sys=0.00s Real=0.02s
[5.402s][info][gc,start       ] GC(118) Pause Young (Allocation Failure)
[5.422s][info][gc,heap        ] GC(118) PSYoungGen: 33888K(66048K)->33920K(68608K) Eden: 17920K(17920K)->0K(17920K) From: 15968K(48128K)->33920K(50688K)
[5.422s][info][gc,heap        ] GC(118) ParOldGen: 870411K(960512K)->870411K(960512K)
[5.422s][info][gc,metaspace   ] GC(118) Metaspace: 6301K(6464K)->6301K(6464K) NonClass: 5768K(5824K)->5768K(5824K) Class: 533K(640K)->533K(640K)
[5.422s][info][gc             ] GC(118) Pause Young (Allocation Failure) 883M->883M(1005M) 19.727ms
[5.422s][info][gc,cpu         ] GC(118) User=0.05s Sys=0.00s Real=0.02s
[5.442s][info][gc,start       ] GC(119) Pause Young (Allocation Failure)
[5.469s][info][gc,heap        ] GC(119) PSYoungGen: 51840K(68608K)->51872K(64512K) Eden: 17920K(17920K)->0K(11776K) From: 33920K(50688K)->51872K(52736K)
[5.469s][info][gc,heap        ] GC(119) ParOldGen: 870411K(960512K)->870411K(960512K)
[5.469s][info][gc,metaspace   ] GC(119) Metaspace: 6301K(6464K)->6301K(6464K) NonClass: 5768K(5824K)->5768K(5824K) Class: 533K(640K)->533K(640K)
[5.469s][info][gc             ] GC(119) Pause Young (Allocation Failure) 900M->900M(1001M) 26.926ms
[5.469s][info][gc,cpu         ] GC(119) User=0.12s Sys=0.00s Real=0.03s
[5.482s][info][gc,start       ] GC(120) Pause Young (Allocation Failure)
[5.513s][info][gc,heap        ] GC(120) PSYoungGen: 63648K(64512K)->60928K(72704K) Eden: 11776K(11776K)->0K(11776K) From: 51872K(52736K)->60928K(60928K)
[5.513s][info][gc,heap        ] GC(120) ParOldGen: 870411K(960512K)->873059K(960512K)
[5.513s][info][gc,metaspace   ] GC(120) Metaspace: 6301K(6464K)->6301K(6464K) NonClass: 5768K(5824K)->5768K(5824K) Class: 533K(640K)->533K(640K)
[5.513s][info][gc             ] GC(120) Pause Young (Allocation Failure) 912M->912M(1009M) 31.190ms
[5.513s][info][gc,cpu         ] GC(120) User=0.11s Sys=0.00s Real=0.03s
[5.526s][info][gc,start       ] GC(121) Pause Young (Allocation Failure)
[5.562s][info][gc,heap        ] GC(121) PSYoungGen: 72704K(72704K)->39808K(83968K) Eden: 11776K(11776K)->0K(13312K) From: 60928K(60928K)->39808K(70656K)
[5.562s][info][gc,heap        ] GC(121) ParOldGen: 873059K(960512K)->906499K(960512K)
[5.562s][info][gc,metaspace   ] GC(121) Metaspace: 6301K(6464K)->6301K(6464K) NonClass: 5768K(5824K)->5768K(5824K) Class: 533K(640K)->533K(640K)
[5.562s][info][gc             ] GC(121) Pause Young (Allocation Failure) 923M->924M(1020M) 35.505ms
[5.562s][info][gc,cpu         ] GC(121) User=0.23s Sys=0.00s Real=0.04s
[5.577s][info][gc,start       ] GC(122) Pause Young (Allocation Failure)
[5.604s][info][gc,heap        ] GC(122) PSYoungGen: 53120K(83968K)->36448K(84480K) Eden: 13312K(13312K)->0K(13312K) From: 39808K(70656K)->36448K(71168K)
[5.604s][info][gc,heap        ] GC(122) ParOldGen: 906499K(960512K)->923371K(960512K)
[5.604s][info][gc,metaspace   ] GC(122) Metaspace: 6301K(6464K)->6301K(6464K) NonClass: 5768K(5824K)->5768K(5824K) Class: 533K(640K)->533K(640K)
[5.604s][info][gc             ] GC(122) Pause Young (Allocation Failure) 937M->937M(1020M) 27.315ms
[5.604s][info][gc,cpu         ] GC(122) User=0.11s Sys=0.00s Real=0.03s
[5.619s][info][gc,start       ] GC(123) Pause Young (Allocation Failure)
[5.645s][info][gc,heap        ] GC(123) PSYoungGen: 49760K(84480K)->26688K(78848K) Eden: 13312K(13312K)->0K(15360K) From: 36448K(71168K)->26688K(63488K)
[5.645s][info][gc,heap        ] GC(123) ParOldGen: 923371K(960512K)->946723K(960512K)
[5.645s][info][gc,metaspace   ] GC(123) Metaspace: 6301K(6464K)->6301K(6464K) NonClass: 5768K(5824K)->5768K(5824K) Class: 533K(640K)->533K(640K)
[5.645s][info][gc             ] GC(123) Pause Young (Allocation Failure) 950M->950M(1015M) 26.519ms
[5.645s][info][gc,cpu         ] GC(123) User=0.12s Sys=0.00s Real=0.03s
[5.645s][info][gc,start       ] GC(124) Pause Full (Ergonomics)
[5.645s][info][gc,phases,start] GC(124) Marking Phase
[5.866s][info][gc,phases      ] GC(124) Marking Phase 220.945ms
[5.866s][info][gc,phases,start] GC(124) Summary Phase
[5.866s][info][gc,phases      ] GC(124) Summary Phase 0.024ms
[5.866s][info][gc,phases,start] GC(124) Adjust Roots
[5.867s][info][gc,phases      ] GC(124) Adjust Roots 0.222ms
[5.867s][info][gc,phases,start] GC(124) Compaction Phase
[5.951s][info][gc,phases      ] GC(124) Compaction Phase 84.788ms
[5.951s][info][gc,phases,start] GC(124) Post Compact
[5.953s][info][gc,phases      ] GC(124) Post Compact 1.656ms
[5.953s][info][gc,heap        ] GC(124) PSYoungGen: 26688K(78848K)->11740K(80896K) Eden: 0K(15360K)->0K(17408K) From: 26688K(63488K)->11740K(63488K)
[5.953s][info][gc,heap        ] GC(124) ParOldGen: 946723K(960512K)->960340K(1024000K)
[5.953s][info][gc,metaspace   ] GC(124) Metaspace: 6301K(6464K)->6301K(6464K) NonClass: 5768K(5824K)->5768K(5824K) Class: 533K(640K)->533K(640K)
[5.953s][info][gc             ] GC(124) Pause Full (Ergonomics) 950M->949M(1079M) 308.175ms
[5.953s][info][gc,cpu         ] GC(124) User=1.86s Sys=0.02s Real=0.31s
[5.974s][info][gc,start       ] GC(125) Pause Young (Allocation Failure)
[6.029s][info][gc,heap        ] GC(125) PSYoungGen: 29148K(80896K)->17568K(83968K) Eden: 17408K(17408K)->0K(17408K) From: 11740K(63488K)->17568K(66560K)
[6.029s][info][gc,heap        ] GC(125) ParOldGen: 960340K(1024000K)->972276K(1024000K)
[6.030s][info][gc,metaspace   ] GC(125) Metaspace: 6301K(6464K)->6301K(6464K) NonClass: 5768K(5824K)->5768K(5824K) Class: 533K(640K)->533K(640K)
[6.030s][info][gc             ] GC(125) Pause Young (Allocation Failure) 966M->966M(1082M) 55.225ms
[6.030s][info][gc,cpu         ] GC(125) User=0.28s Sys=0.05s Real=0.06s
[6.049s][info][gc,start       ] GC(126) Pause Young (Allocation Failure)
[6.071s][info][gc,heap        ] GC(126) PSYoungGen: 34976K(83968K)->17568K(81408K) Eden: 17408K(17408K)->0K(19456K) From: 17568K(66560K)->17568K(61952K)
[6.071s][info][gc,heap        ] GC(126) ParOldGen: 972276K(1024000K)->989940K(1024000K)
[6.071s][info][gc,metaspace   ] GC(126) Metaspace: 6301K(6464K)->6301K(6464K) NonClass: 5768K(5824K)->5768K(5824K) Class: 533K(640K)->533K(640K)
[6.071s][info][gc             ] GC(126) Pause Young (Allocation Failure) 983M->983M(1079M) 21.795ms
[6.071s][info][gc,cpu         ] GC(126) User=0.11s Sys=0.00s Real=0.02s
[6.093s][info][gc,start       ] GC(127) Pause Young (Allocation Failure)
[6.116s][info][gc,heap        ] GC(127) PSYoungGen: 37024K(81408K)->19616K(82944K) Eden: 19456K(19456K)->0K(19456K) From: 17568K(61952K)->19616K(63488K)
[6.116s][info][gc,heap        ] GC(127) ParOldGen: 989940K(1024000K)->1007604K(1024000K)
[6.116s][info][gc,metaspace   ] GC(127) Metaspace: 6301K(6464K)->6301K(6464K) NonClass: 5768K(5824K)->5768K(5824K) Class: 533K(640K)->533K(640K)
[6.116s][info][gc             ] GC(127) Pause Young (Allocation Failure) 1002M->1003M(1081M) 22.832ms
[6.116s][info][gc,cpu         ] GC(127) User=0.11s Sys=0.00s Real=0.02s
[6.116s][info][gc,start       ] GC(128) Pause Full (Ergonomics)
[6.116s][info][gc,phases,start] GC(128) Marking Phase
[6.367s][info][gc,phases      ] GC(128) Marking Phase 250.925ms
[6.367s][info][gc,phases,start] GC(128) Summary Phase
[6.367s][info][gc,phases      ] GC(128) Summary Phase 0.022ms
[6.367s][info][gc,phases,start] GC(128) Adjust Roots
[6.367s][info][gc,phases      ] GC(128) Adjust Roots 0.197ms
[6.367s][info][gc,phases,start] GC(128) Compaction Phase
[6.447s][info][gc,phases      ] GC(128) Compaction Phase 79.955ms
[6.447s][info][gc,phases,start] GC(128) Post Compact
[6.449s][info][gc,phases      ] GC(128) Post Compact 1.617ms
[6.449s][info][gc,heap        ] GC(128) PSYoungGen: 19616K(82944K)->2564K(82944K) Eden: 0K(19456K)->0K(19456K) From: 19616K(63488K)->2564K(63488K)
[6.449s][info][gc,heap        ] GC(128) ParOldGen: 1007604K(1024000K)->1023695K(1024000K)
[6.449s][info][gc,metaspace   ] GC(128) Metaspace: 6301K(6464K)->6301K(6464K) NonClass: 5768K(5824K)->5768K(5824K) Class: 533K(640K)->533K(640K)
[6.449s][info][gc             ] GC(128) Pause Full (Ergonomics) 1003M->1002M(1081M) 333.002ms
[6.449s][info][gc,cpu         ] GC(128) User=2.09s Sys=0.00s Real=0.33s
[6.470s][info][gc,start       ] GC(129) Pause Full (Ergonomics)
[6.470s][info][gc,phases,start] GC(129) Marking Phase
[6.716s][info][gc,phases      ] GC(129) Marking Phase 246.067ms
[6.716s][info][gc,phases,start] GC(129) Summary Phase
[6.716s][info][gc,phases      ] GC(129) Summary Phase 0.024ms
[6.716s][info][gc,phases,start] GC(129) Adjust Roots
[6.717s][info][gc,phases      ] GC(129) Adjust Roots 0.188ms
[6.717s][info][gc,phases,start] GC(129) Compaction Phase
[6.792s][info][gc,phases      ] GC(129) Compaction Phase 75.550ms
[6.792s][info][gc,phases,start] GC(129) Post Compact
[6.794s][info][gc,phases      ] GC(129) Post Compact 2.009ms
[6.794s][info][gc,heap        ] GC(129) PSYoungGen: 22020K(82944K)->21985K(82944K) Eden: 19456K(19456K)->19421K(19456K) From: 2564K(63488K)->2564K(63488K)
[6.794s][info][gc,heap        ] GC(129) ParOldGen: 1023695K(1024000K)->1023695K(1024000K)
[6.794s][info][gc,metaspace   ] GC(129) Metaspace: 6301K(6464K)->6301K(6464K) NonClass: 5768K(5824K)->5768K(5824K) Class: 533K(640K)->533K(640K)
[6.795s][info][gc             ] GC(129) Pause Full (Ergonomics) 1021M->1021M(1081M) 324.267ms
[6.795s][info][gc,cpu         ] GC(129) User=2.00s Sys=0.00s Real=0.32s
[6.795s][info][gc,start       ] GC(130) Pause Full (Ergonomics)
[6.795s][info][gc,phases,start] GC(130) Marking Phase
[7.037s][info][gc,phases      ] GC(130) Marking Phase 242.613ms
[7.038s][info][gc,phases,start] GC(130) Summary Phase
[7.038s][info][gc,phases      ] GC(130) Summary Phase 0.023ms
[7.038s][info][gc,phases,start] GC(130) Adjust Roots
[7.038s][info][gc,phases      ] GC(130) Adjust Roots 0.188ms
[7.038s][info][gc,phases,start] GC(130) Compaction Phase
[7.107s][info][gc,phases      ] GC(130) Compaction Phase 69.562ms
[7.107s][info][gc,phases,start] GC(130) Post Compact
[7.109s][info][gc,phases      ] GC(130) Post Compact 1.599ms
[7.109s][info][gc,heap        ] GC(130) PSYoungGen: 22020K(82944K)->22019K(82944K) Eden: 19456K(19456K)->19455K(19456K) From: 2564K(63488K)->2564K(63488K)
[7.109s][info][gc,heap        ] GC(130) ParOldGen: 1023695K(1024000K)->1023695K(1024000K)
[7.109s][info][gc,metaspace   ] GC(130) Metaspace: 6301K(6464K)->6301K(6464K) NonClass: 5768K(5824K)->5768K(5824K) Class: 533K(640K)->533K(640K)
[7.109s][info][gc             ] GC(130) Pause Full (Ergonomics) 1021M->1021M(1081M) 314.363ms
[7.109s][info][gc,cpu         ] GC(130) User=1.98s Sys=0.00s Real=0.31s
[7.109s][info][gc,start       ] GC(131) Pause Full (Ergonomics)
[7.109s][info][gc,phases,start] GC(131) Marking Phase
[7.356s][info][gc,phases      ] GC(131) Marking Phase 246.761ms
[7.356s][info][gc,phases,start] GC(131) Summary Phase
[7.356s][info][gc,phases      ] GC(131) Summary Phase 0.023ms
[7.356s][info][gc,phases,start] GC(131) Adjust Roots
[7.356s][info][gc,phases      ] GC(131) Adjust Roots 0.187ms
[7.357s][info][gc,phases,start] GC(131) Compaction Phase
[7.431s][info][gc,phases      ] GC(131) Compaction Phase 74.117ms
[7.431s][info][gc,phases,start] GC(131) Post Compact
[7.432s][info][gc,phases      ] GC(131) Post Compact 1.723ms
[7.432s][info][gc,heap        ] GC(131) PSYoungGen: 22019K(82944K)->22019K(82944K) Eden: 19455K(19456K)->19455K(19456K) From: 2564K(63488K)->2564K(63488K)
[7.432s][info][gc,heap        ] GC(131) ParOldGen: 1023695K(1024000K)->1023695K(1024000K)
[7.433s][info][gc,metaspace   ] GC(131) Metaspace: 6301K(6464K)->6301K(6464K) NonClass: 5768K(5824K)->5768K(5824K) Class: 533K(640K)->533K(640K)
[7.433s][info][gc             ] GC(131) Pause Full (Ergonomics) 1021M->1021M(1081M) 323.115ms
[7.433s][info][gc,cpu         ] GC(131) User=2.06s Sys=0.02s Real=0.32s
[7.433s][info][gc,start       ] GC(132) Pause Full (Ergonomics)
[7.433s][info][gc,phases,start] GC(132) Marking Phase
[7.678s][info][gc,phases      ] GC(132) Marking Phase 245.619ms
[7.679s][info][gc,phases,start] GC(132) Summary Phase
[7.679s][info][gc,phases      ] GC(132) Summary Phase 0.023ms
[7.679s][info][gc,phases,start] GC(132) Adjust Roots
[7.679s][info][gc,phases      ] GC(132) Adjust Roots 0.193ms
[7.679s][info][gc,phases,start] GC(132) Compaction Phase
[7.748s][info][gc,phases      ] GC(132) Compaction Phase 68.788ms
[7.748s][info][gc,phases,start] GC(132) Post Compact
[7.749s][info][gc,phases      ] GC(132) Post Compact 1.607ms
[7.749s][info][gc,heap        ] GC(132) PSYoungGen: 22020K(82944K)->22020K(82944K) Eden: 19456K(19456K)->19456K(19456K) From: 2564K(63488K)->2564K(63488K)
[7.749s][info][gc,heap        ] GC(132) ParOldGen: 1023700K(1024000K)->1023700K(1024000K)
[7.749s][info][gc,metaspace   ] GC(132) Metaspace: 6301K(6464K)->6301K(6464K) NonClass: 5768K(5824K)->5768K(5824K) Class: 533K(640K)->533K(640K)
[7.749s][info][gc             ] GC(132) Pause Full (Ergonomics) 1021M->1021M(1081M) 316.542ms
[7.749s][info][gc,cpu         ] GC(132) User=2.11s Sys=0.02s Real=0.32s
[7.750s][info][gc,start       ] GC(133) Pause Full (Ergonomics)
[7.750s][info][gc,phases,start] GC(133) Marking Phase
[7.991s][info][gc,phases      ] GC(133) Marking Phase 241.595ms
[7.991s][info][gc,phases,start] GC(133) Summary Phase
[7.991s][info][gc,phases      ] GC(133) Summary Phase 0.024ms
[7.991s][info][gc,phases,start] GC(133) Adjust Roots
[7.992s][info][gc,phases      ] GC(133) Adjust Roots 0.192ms
[7.992s][info][gc,phases,start] GC(133) Compaction Phase
[8.059s][info][gc,phases      ] GC(133) Compaction Phase 67.204ms
[8.059s][info][gc,phases,start] GC(133) Post Compact
[8.061s][info][gc,phases      ] GC(133) Post Compact 1.844ms
[8.061s][info][gc,heap        ] GC(133) PSYoungGen: 22020K(82944K)->22020K(82944K) Eden: 19456K(19456K)->19456K(19456K) From: 2564K(63488K)->2564K(63488K)
[8.061s][info][gc,heap        ] GC(133) ParOldGen: 1023704K(1024000K)->1023704K(1024000K)
[8.061s][info][gc,metaspace   ] GC(133) Metaspace: 6301K(6464K)->6301K(6464K) NonClass: 5768K(5824K)->5768K(5824K) Class: 533K(640K)->533K(640K)
[8.061s][info][gc             ] GC(133) Pause Full (Ergonomics) 1021M->1021M(1081M) 311.196ms
[8.061s][info][gc,cpu         ] GC(133) User=1.95s Sys=0.03s Real=0.31s
[8.061s][info][gc,start       ] GC(134) Pause Full (Ergonomics)
[8.061s][info][gc,phases,start] GC(134) Marking Phase
[8.308s][info][gc,phases      ] GC(134) Marking Phase 247.088ms
[8.308s][info][gc,phases,start] GC(134) Summary Phase
[8.308s][info][gc,phases      ] GC(134) Summary Phase 0.024ms
[8.308s][info][gc,phases,start] GC(134) Adjust Roots
[8.309s][info][gc,phases      ] GC(134) Adjust Roots 0.184ms
[8.309s][info][gc,phases,start] GC(134) Compaction Phase
[8.373s][info][gc,phases      ] GC(134) Compaction Phase 64.339ms
[8.373s][info][gc,phases,start] GC(134) Post Compact
[8.375s][info][gc,phases      ] GC(134) Post Compact 1.594ms
[8.375s][info][gc,heap        ] GC(134) PSYoungGen: 22020K(82944K)->22020K(82944K) Eden: 19456K(19456K)->19456K(19456K) From: 2564K(63488K)->2564K(63488K)
[8.375s][info][gc,heap        ] GC(134) ParOldGen: 1023709K(1024000K)->1023709K(1024000K)
[8.375s][info][gc,metaspace   ] GC(134) Metaspace: 6301K(6464K)->6301K(6464K) NonClass: 5768K(5824K)->5768K(5824K) Class: 533K(640K)->533K(640K)
[8.375s][info][gc             ] GC(134) Pause Full (Ergonomics) 1021M->1021M(1081M) 313.580ms
[8.375s][info][gc,cpu         ] GC(134) User=2.05s Sys=0.03s Real=0.31s
[8.375s][info][gc,start       ] GC(135) Pause Full (Ergonomics)
[8.375s][info][gc,phases,start] GC(135) Marking Phase
[8.619s][info][gc,phases      ] GC(135) Marking Phase 244.089ms
[8.619s][info][gc,phases,start] GC(135) Summary Phase
[8.619s][info][gc,phases      ] GC(135) Summary Phase 0.023ms
[8.619s][info][gc,phases,start] GC(135) Adjust Roots
[8.619s][info][gc,phases      ] GC(135) Adjust Roots 0.183ms
[8.619s][info][gc,phases,start] GC(135) Compaction Phase
[8.690s][info][gc,phases      ] GC(135) Compaction Phase 70.731ms
[8.690s][info][gc,phases,start] GC(135) Post Compact
[8.692s][info][gc,phases      ] GC(135) Post Compact 1.588ms
[8.692s][info][gc,heap        ] GC(135) PSYoungGen: 22020K(82944K)->22020K(82944K) Eden: 19456K(19456K)->19456K(19456K) From: 2564K(63488K)->2564K(63488K)
[8.692s][info][gc,heap        ] GC(135) ParOldGen: 1023714K(1024000K)->1023714K(1024000K)
[8.692s][info][gc,metaspace   ] GC(135) Metaspace: 6301K(6464K)->6301K(6464K) NonClass: 5768K(5824K)->5768K(5824K) Class: 533K(640K)->533K(640K)
[8.692s][info][gc             ] GC(135) Pause Full (Ergonomics) 1021M->1021M(1081M) 316.920ms
[8.692s][info][gc,cpu         ] GC(135) User=1.94s Sys=0.02s Real=0.32s
[8.692s][info][gc,start       ] GC(136) Pause Full (Ergonomics)
[8.692s][info][gc,phases,start] GC(136) Marking Phase
[8.938s][info][gc,phases      ] GC(136) Marking Phase 245.733ms
[8.938s][info][gc,phases,start] GC(136) Summary Phase
[8.938s][info][gc,phases      ] GC(136) Summary Phase 0.024ms
[8.938s][info][gc,phases,start] GC(136) Adjust Roots
[8.938s][info][gc,phases      ] GC(136) Adjust Roots 0.187ms
[8.938s][info][gc,phases,start] GC(136) Compaction Phase
[9.008s][info][gc,phases      ] GC(136) Compaction Phase 70.283ms
[9.009s][info][gc,phases,start] GC(136) Post Compact
[9.010s][info][gc,phases      ] GC(136) Post Compact 1.595ms
[9.010s][info][gc,heap        ] GC(136) PSYoungGen: 22020K(82944K)->22020K(82944K) Eden: 19456K(19456K)->19456K(19456K) From: 2564K(63488K)->2564K(63488K)
[9.010s][info][gc,heap        ] GC(136) ParOldGen: 1023718K(1024000K)->1023718K(1024000K)
[9.010s][info][gc,metaspace   ] GC(136) Metaspace: 6301K(6464K)->6301K(6464K) NonClass: 5768K(5824K)->5768K(5824K) Class: 533K(640K)->533K(640K)
[9.010s][info][gc             ] GC(136) Pause Full (Ergonomics) 1021M->1021M(1081M) 318.114ms
[9.010s][info][gc,cpu         ] GC(136) User=1.98s Sys=0.02s Real=0.32s
[9.011s][info][gc,start       ] GC(137) Pause Full (Ergonomics)
[9.011s][info][gc,phases,start] GC(137) Marking Phase
[9.268s][info][gc,phases      ] GC(137) Marking Phase 257.274ms
[9.268s][info][gc,phases,start] GC(137) Summary Phase
[9.268s][info][gc,phases      ] GC(137) Summary Phase 0.024ms
[9.268s][info][gc,phases,start] GC(137) Adjust Roots
[9.268s][info][gc,phases      ] GC(137) Adjust Roots 0.193ms
[9.268s][info][gc,phases,start] GC(137) Compaction Phase
[9.331s][info][gc,phases      ] GC(137) Compaction Phase 62.759ms
[9.331s][info][gc,phases,start] GC(137) Post Compact
[9.332s][info][gc,phases      ] GC(137) Post Compact 1.483ms
[9.332s][info][gc,heap        ] GC(137) PSYoungGen: 22020K(82944K)->22020K(82944K) Eden: 19456K(19456K)->19456K(19456K) From: 2564K(63488K)->2564K(63488K)
[9.332s][info][gc,heap        ] GC(137) ParOldGen: 1023723K(1024000K)->1023723K(1024000K)
[9.333s][info][gc,metaspace   ] GC(137) Metaspace: 6301K(6464K)->6301K(6464K) NonClass: 5768K(5824K)->5768K(5824K) Class: 533K(640K)->533K(640K)
[9.333s][info][gc             ] GC(137) Pause Full (Ergonomics) 1021M->1021M(1081M) 322.029ms
[9.333s][info][gc,cpu         ] GC(137) User=2.11s Sys=0.02s Real=0.32s
[9.333s][info][gc,start       ] GC(138) Pause Full (Ergonomics)
[9.333s][info][gc,phases,start] GC(138) Marking Phase
[9.572s][info][gc,phases      ] GC(138) Marking Phase 238.889ms
[9.572s][info][gc,phases,start] GC(138) Summary Phase
[9.572s][info][gc,phases      ] GC(138) Summary Phase 0.024ms
[9.572s][info][gc,phases,start] GC(138) Adjust Roots
[9.572s][info][gc,phases      ] GC(138) Adjust Roots 0.197ms
[9.572s][info][gc,phases,start] GC(138) Compaction Phase
[9.642s][info][gc,phases      ] GC(138) Compaction Phase 69.581ms
[9.642s][info][gc,phases,start] GC(138) Post Compact
[9.643s][info][gc,phases      ] GC(138) Post Compact 1.641ms
[9.643s][info][gc,heap        ] GC(138) PSYoungGen: 22020K(82944K)->22020K(82944K) Eden: 19456K(19456K)->19456K(19456K) From: 2564K(63488K)->2564K(63488K)
[9.643s][info][gc,heap        ] GC(138) ParOldGen: 1023728K(1024000K)->1023728K(1024000K)
[9.643s][info][gc,metaspace   ] GC(138) Metaspace: 6301K(6464K)->6301K(6464K) NonClass: 5768K(5824K)->5768K(5824K) Class: 533K(640K)->533K(640K)
[9.643s][info][gc             ] GC(138) Pause Full (Ergonomics) 1021M->1021M(1081M) 310.626ms
[9.643s][info][gc,cpu         ] GC(138) User=1.92s Sys=0.00s Real=0.31s
[9.644s][info][gc,start       ] GC(139) Pause Full (Ergonomics)
[9.644s][info][gc,phases,start] GC(139) Marking Phase
[9.891s][info][gc,phases      ] GC(139) Marking Phase 247.002ms
[9.891s][info][gc,phases,start] GC(139) Summary Phase
[9.891s][info][gc,phases      ] GC(139) Summary Phase 0.023ms
[9.891s][info][gc,phases,start] GC(139) Adjust Roots
[9.891s][info][gc,phases      ] GC(139) Adjust Roots 0.187ms
[9.891s][info][gc,phases,start] GC(139) Compaction Phase
[9.968s][info][gc,phases      ] GC(139) Compaction Phase 77.110ms
[9.968s][info][gc,phases,start] GC(139) Post Compact
[9.970s][info][gc,phases      ] GC(139) Post Compact 1.859ms
[9.970s][info][gc,heap        ] GC(139) PSYoungGen: 22020K(82944K)->22020K(82944K) Eden: 19456K(19456K)->19456K(19456K) From: 2564K(63488K)->2564K(63488K)
[9.970s][info][gc,heap        ] GC(139) ParOldGen: 1023732K(1024000K)->1023732K(1024000K)
[9.970s][info][gc,metaspace   ] GC(139) Metaspace: 6301K(6464K)->6301K(6464K) NonClass: 5768K(5824K)->5768K(5824K) Class: 533K(640K)->533K(640K)
[9.970s][info][gc             ] GC(139) Pause Full (Ergonomics) 1021M->1021M(1081M) 326.504ms
[9.970s][info][gc,cpu         ] GC(139) User=1.97s Sys=0.00s Real=0.33s
[9.970s][info][gc,start       ] GC(140) Pause Full (Ergonomics)
[9.970s][info][gc,phases,start] GC(140) Marking Phase
[10.216s][info][gc,phases      ] GC(140) Marking Phase 245.945ms
[10.216s][info][gc,phases,start] GC(140) Summary Phase
[10.217s][info][gc,phases      ] GC(140) Summary Phase 0.023ms
[10.217s][info][gc,phases,start] GC(140) Adjust Roots
[10.217s][info][gc,phases      ] GC(140) Adjust Roots 0.186ms
[10.217s][info][gc,phases,start] GC(140) Compaction Phase
[10.291s][info][gc,phases      ] GC(140) Compaction Phase 74.148ms
[10.291s][info][gc,phases,start] GC(140) Post Compact
[10.293s][info][gc,phases      ] GC(140) Post Compact 1.599ms
[10.293s][info][gc,heap        ] GC(140) PSYoungGen: 22020K(82944K)->22020K(82944K) Eden: 19456K(19456K)->19456K(19456K) From: 2564K(63488K)->2564K(63488K)
[10.293s][info][gc,heap        ] GC(140) ParOldGen: 1023737K(1024000K)->1023737K(1024000K)
[10.293s][info][gc,metaspace   ] GC(140) Metaspace: 6301K(6464K)->6301K(6464K) NonClass: 5768K(5824K)->5768K(5824K) Class: 533K(640K)->533K(640K)
[10.293s][info][gc             ] GC(140) Pause Full (Ergonomics) 1021M->1021M(1081M) 322.224ms
[10.293s][info][gc,cpu         ] GC(140) User=1.97s Sys=0.02s Real=0.32s
[10.293s][info][gc,start       ] GC(141) Pause Full (Ergonomics)
[10.293s][info][gc,phases,start] GC(141) Marking Phase
[10.547s][info][gc,phases      ] GC(141) Marking Phase 253.784ms
[10.547s][info][gc,phases,start] GC(141) Summary Phase
[10.547s][info][gc,phases      ] GC(141) Summary Phase 0.024ms
[10.547s][info][gc,phases,start] GC(141) Adjust Roots
[10.547s][info][gc,phases      ] GC(141) Adjust Roots 0.182ms
[10.547s][info][gc,phases,start] GC(141) Compaction Phase
[10.620s][info][gc,phases      ] GC(141) Compaction Phase 73.026ms
[10.620s][info][gc,phases,start] GC(141) Post Compact
[10.622s][info][gc,phases      ] GC(141) Post Compact 1.611ms
[10.622s][info][gc,heap        ] GC(141) PSYoungGen: 22020K(82944K)->22020K(82944K) Eden: 19456K(19456K)->19456K(19456K) From: 2564K(63488K)->2564K(63488K)
[10.622s][info][gc,heap        ] GC(141) ParOldGen: 1023742K(1024000K)->1023742K(1024000K)
[10.622s][info][gc,metaspace   ] GC(141) Metaspace: 6301K(6464K)->6301K(6464K) NonClass: 5768K(5824K)->5768K(5824K) Class: 533K(640K)->533K(640K)
[10.622s][info][gc             ] GC(141) Pause Full (Ergonomics) 1021M->1021M(1081M) 328.926ms
[10.622s][info][gc,cpu         ] GC(141) User=2.08s Sys=0.02s Real=0.33s
[10.622s][info][gc,start       ] GC(142) Pause Full (Ergonomics)
[10.622s][info][gc,phases,start] GC(142) Marking Phase
[10.867s][info][gc,phases      ] GC(142) Marking Phase 244.424ms
[10.867s][info][gc,phases,start] GC(142) Summary Phase
[10.867s][info][gc,phases      ] GC(142) Summary Phase 0.024ms
[10.867s][info][gc,phases,start] GC(142) Adjust Roots
[10.867s][info][gc,phases      ] GC(142) Adjust Roots 0.195ms
[10.867s][info][gc,phases,start] GC(142) Compaction Phase
[10.939s][info][gc,phases      ] GC(142) Compaction Phase 71.783ms
[10.939s][info][gc,phases,start] GC(142) Post Compact
[10.940s][info][gc,phases      ] GC(142) Post Compact 1.596ms
[10.940s][info][gc,heap        ] GC(142) PSYoungGen: 22020K(82944K)->22020K(82944K) Eden: 19456K(19456K)->19456K(19456K) From: 2564K(63488K)->2564K(63488K)
[10.940s][info][gc,heap        ] GC(142) ParOldGen: 1023746K(1024000K)->1023746K(1024000K)
[10.940s][info][gc,metaspace   ] GC(142) Metaspace: 6301K(6464K)->6301K(6464K) NonClass: 5768K(5824K)->5768K(5824K) Class: 533K(640K)->533K(640K)
[10.941s][info][gc             ] GC(142) Pause Full (Ergonomics) 1021M->1021M(1081M) 318.327ms
[10.941s][info][gc,cpu         ] GC(142) User=1.98s Sys=0.00s Real=0.32s
[10.941s][info][gc,start       ] GC(143) Pause Full (Ergonomics)
[10.941s][info][gc,phases,start] GC(143) Marking Phase
[11.191s][info][gc,phases      ] GC(143) Marking Phase 249.782ms
[11.191s][info][gc,phases,start] GC(143) Summary Phase
[11.191s][info][gc,phases      ] GC(143) Summary Phase 0.023ms
[11.191s][info][gc,phases,start] GC(143) Adjust Roots
[11.191s][info][gc,phases      ] GC(143) Adjust Roots 0.188ms
[11.191s][info][gc,phases,start] GC(143) Compaction Phase
[11.264s][info][gc,phases      ] GC(143) Compaction Phase 73.056ms
[11.264s][info][gc,phases,start] GC(143) Post Compact
[11.266s][info][gc,phases      ] GC(143) Post Compact 1.646ms
[11.266s][info][gc,heap        ] GC(143) PSYoungGen: 22020K(82944K)->22020K(82944K) Eden: 19456K(19456K)->19456K(19456K) From: 2564K(63488K)->2564K(63488K)
[11.266s][info][gc,heap        ] GC(143) ParOldGen: 1023751K(1024000K)->1023751K(1024000K)
[11.266s][info][gc,metaspace   ] GC(143) Metaspace: 6301K(6464K)->6301K(6464K) NonClass: 5768K(5824K)->5768K(5824K) Class: 533K(640K)->533K(640K)
[11.266s][info][gc             ] GC(143) Pause Full (Ergonomics) 1021M->1021M(1081M) 325.012ms
[11.266s][info][gc,cpu         ] GC(143) User=1.94s Sys=0.02s Real=0.33s
[11.266s][info][gc,start       ] GC(144) Pause Full (Ergonomics)
[11.266s][info][gc,phases,start] GC(144) Marking Phase
[11.526s][info][gc,phases      ] GC(144) Marking Phase 259.533ms
[11.526s][info][gc,phases,start] GC(144) Summary Phase
[11.526s][info][gc,phases      ] GC(144) Summary Phase 0.023ms
[11.526s][info][gc,phases,start] GC(144) Adjust Roots
[11.526s][info][gc,phases      ] GC(144) Adjust Roots 0.189ms
[11.526s][info][gc,phases,start] GC(144) Compaction Phase
[11.600s][info][gc,phases      ] GC(144) Compaction Phase 74.191ms
[11.600s][info][gc,phases,start] GC(144) Post Compact
[11.602s][info][gc,phases      ] GC(144) Post Compact 1.593ms
[11.602s][info][gc,heap        ] GC(144) PSYoungGen: 22020K(82944K)->22020K(82944K) Eden: 19456K(19456K)->19456K(19456K) From: 2564K(63488K)->2564K(63488K)
[11.602s][info][gc,heap        ] GC(144) ParOldGen: 1023756K(1024000K)->1023756K(1024000K)
[11.602s][info][gc,metaspace   ] GC(144) Metaspace: 6301K(6464K)->6301K(6464K) NonClass: 5768K(5824K)->5768K(5824K) Class: 533K(640K)->533K(640K)
[11.602s][info][gc             ] GC(144) Pause Full (Ergonomics) 1021M->1021M(1081M) 335.816ms
[11.602s][info][gc,cpu         ] GC(144) User=2.05s Sys=0.00s Real=0.34s
[11.602s][info][gc,start       ] GC(145) Pause Full (Ergonomics)
[11.602s][info][gc,phases,start] GC(145) Marking Phase
[11.852s][info][gc,phases      ] GC(145) Marking Phase 249.651ms
[11.852s][info][gc,phases,start] GC(145) Summary Phase
[11.852s][info][gc,phases      ] GC(145) Summary Phase 0.024ms
[11.852s][info][gc,phases,start] GC(145) Adjust Roots
[11.852s][info][gc,phases      ] GC(145) Adjust Roots 0.192ms
[11.852s][info][gc,phases,start] GC(145) Compaction Phase
[11.923s][info][gc,phases      ] GC(145) Compaction Phase 71.077ms
[11.923s][info][gc,phases,start] GC(145) Post Compact
[11.925s][info][gc,phases      ] GC(145) Post Compact 1.948ms
[11.925s][info][gc,heap        ] GC(145) PSYoungGen: 22020K(82944K)->22020K(82944K) Eden: 19456K(19456K)->19456K(19456K) From: 2564K(63488K)->2564K(63488K)
[11.925s][info][gc,heap        ] GC(145) ParOldGen: 1023760K(1024000K)->1023760K(1024000K)
[11.925s][info][gc,metaspace   ] GC(145) Metaspace: 6301K(6464K)->6301K(6464K) NonClass: 5768K(5824K)->5768K(5824K) Class: 533K(640K)->533K(640K)
[11.925s][info][gc             ] GC(145) Pause Full (Ergonomics) 1021M->1021M(1081M) 323.238ms
[11.925s][info][gc,cpu         ] GC(145) User=2.09s Sys=0.00s Real=0.32s
[11.926s][info][gc,start       ] GC(146) Pause Full (Ergonomics)
[11.926s][info][gc,phases,start] GC(146) Marking Phase
[12.172s][info][gc,phases      ] GC(146) Marking Phase 245.846ms
[12.172s][info][gc,phases,start] GC(146) Summary Phase
[12.172s][info][gc,phases      ] GC(146) Summary Phase 0.024ms
[12.172s][info][gc,phases,start] GC(146) Adjust Roots
[12.172s][info][gc,phases      ] GC(146) Adjust Roots 0.188ms
[12.172s][info][gc,phases,start] GC(146) Compaction Phase
[12.244s][info][gc,phases      ] GC(146) Compaction Phase 72.525ms
[12.244s][info][gc,phases,start] GC(146) Post Compact
[12.246s][info][gc,phases      ] GC(146) Post Compact 1.622ms
[12.246s][info][gc,heap        ] GC(146) PSYoungGen: 22020K(82944K)->22020K(82944K) Eden: 19456K(19456K)->19456K(19456K) From: 2564K(63488K)->2564K(63488K)
[12.246s][info][gc,heap        ] GC(146) ParOldGen: 1023765K(1024000K)->1023765K(1024000K)
[12.246s][info][gc,metaspace   ] GC(146) Metaspace: 6301K(6464K)->6301K(6464K) NonClass: 5768K(5824K)->5768K(5824K) Class: 533K(640K)->533K(640K)
[12.246s][info][gc             ] GC(146) Pause Full (Ergonomics) 1021M->1021M(1081M) 320.534ms
[12.246s][info][gc,cpu         ] GC(146) User=1.98s Sys=0.00s Real=0.32s
[12.247s][info][gc,start       ] GC(147) Pause Full (Ergonomics)
[12.247s][info][gc,phases,start] GC(147) Marking Phase
[12.506s][info][gc,phases      ] GC(147) Marking Phase 259.444ms
[12.506s][info][gc,phases,start] GC(147) Summary Phase
[12.506s][info][gc,phases      ] GC(147) Summary Phase 0.024ms
[12.506s][info][gc,phases,start] GC(147) Adjust Roots
[12.506s][info][gc,phases      ] GC(147) Adjust Roots 0.207ms
[12.506s][info][gc,phases,start] GC(147) Compaction Phase
[12.577s][info][gc,phases      ] GC(147) Compaction Phase 70.653ms
[12.577s][info][gc,phases,start] GC(147) Post Compact
[12.579s][info][gc,phases      ] GC(147) Post Compact 1.849ms
[12.579s][info][gc,heap        ] GC(147) PSYoungGen: 22020K(82944K)->22020K(82944K) Eden: 19456K(19456K)->19456K(19456K) From: 2564K(63488K)->2564K(63488K)
[12.579s][info][gc,heap        ] GC(147) ParOldGen: 1023770K(1024000K)->1023770K(1024000K)
[12.579s][info][gc,metaspace   ] GC(147) Metaspace: 6301K(6464K)->6301K(6464K) NonClass: 5768K(5824K)->5768K(5824K) Class: 533K(640K)->533K(640K)
[12.579s][info][gc             ] GC(147) Pause Full (Ergonomics) 1021M->1021M(1081M) 332.522ms
[12.579s][info][gc,cpu         ] GC(147) User=2.19s Sys=0.03s Real=0.33s
[12.579s][info][gc,start       ] GC(148) Pause Full (Ergonomics)
[12.579s][info][gc,phases,start] GC(148) Marking Phase
[12.837s][info][gc,phases      ] GC(148) Marking Phase 257.766ms
[12.837s][info][gc,phases,start] GC(148) Summary Phase
[12.837s][info][gc,phases      ] GC(148) Summary Phase 0.023ms
[12.837s][info][gc,phases,start] GC(148) Adjust Roots
[12.837s][info][gc,phases      ] GC(148) Adjust Roots 0.201ms
[12.837s][info][gc,phases,start] GC(148) Compaction Phase
[12.903s][info][gc,phases      ] GC(148) Compaction Phase 65.112ms
[12.903s][info][gc,phases,start] GC(148) Post Compact
[12.904s][info][gc,phases      ] GC(148) Post Compact 1.602ms
[12.904s][info][gc,heap        ] GC(148) PSYoungGen: 22020K(82944K)->22020K(82944K) Eden: 19456K(19456K)->19456K(19456K) From: 2564K(63488K)->2564K(63488K)
[12.904s][info][gc,heap        ] GC(148) ParOldGen: 1023774K(1024000K)->1023774K(1024000K)
[12.904s][info][gc,metaspace   ] GC(148) Metaspace: 6301K(6464K)->6301K(6464K) NonClass: 5768K(5824K)->5768K(5824K) Class: 533K(640K)->533K(640K)
[12.904s][info][gc             ] GC(148) Pause Full (Ergonomics) 1021M->1021M(1081M) 325.033ms
[12.904s][info][gc,cpu         ] GC(148) User=2.09s Sys=0.00s Real=0.33s
[12.905s][info][gc,start       ] GC(149) Pause Full (Ergonomics)
[12.905s][info][gc,phases,start] GC(149) Marking Phase
[13.149s][info][gc,phases      ] GC(149) Marking Phase 244.465ms
[13.149s][info][gc,phases,start] GC(149) Summary Phase
[13.149s][info][gc,phases      ] GC(149) Summary Phase 0.024ms
[13.149s][info][gc,phases,start] GC(149) Adjust Roots
[13.149s][info][gc,phases      ] GC(149) Adjust Roots 0.186ms
[13.149s][info][gc,phases,start] GC(149) Compaction Phase
[13.221s][info][gc,phases      ] GC(149) Compaction Phase 71.631ms
[13.221s][info][gc,phases,start] GC(149) Post Compact
[13.223s][info][gc,phases      ] GC(149) Post Compact 1.870ms
[13.223s][info][gc,heap        ] GC(149) PSYoungGen: 22020K(82944K)->22020K(82944K) Eden: 19456K(19456K)->19456K(19456K) From: 2564K(63488K)->2564K(63488K)
[13.223s][info][gc,heap        ] GC(149) ParOldGen: 1023779K(1024000K)->1023779K(1024000K)
[13.223s][info][gc,metaspace   ] GC(149) Metaspace: 6301K(6464K)->6301K(6464K) NonClass: 5768K(5824K)->5768K(5824K) Class: 533K(640K)->533K(640K)
[13.223s][info][gc             ] GC(149) Pause Full (Ergonomics) 1021M->1021M(1081M) 318.512ms
[13.223s][info][gc,cpu         ] GC(149) User=2.00s Sys=0.00s Real=0.32s
[13.223s][info][gc,start       ] GC(150) Pause Full (Ergonomics)
[13.223s][info][gc,phases,start] GC(150) Marking Phase
[13.475s][info][gc,phases      ] GC(150) Marking Phase 251.076ms
[13.475s][info][gc,phases,start] GC(150) Summary Phase
[13.475s][info][gc,phases      ] GC(150) Summary Phase 0.024ms
[13.475s][info][gc,phases,start] GC(150) Adjust Roots
[13.475s][info][gc,phases      ] GC(150) Adjust Roots 0.187ms
[13.475s][info][gc,phases,start] GC(150) Compaction Phase
[13.541s][info][gc,phases      ] GC(150) Compaction Phase 66.541ms
[13.541s][info][gc,phases,start] GC(150) Post Compact
[13.543s][info][gc,phases      ] GC(150) Post Compact 1.668ms
[13.543s][info][gc,heap        ] GC(150) PSYoungGen: 22020K(82944K)->22020K(82944K) Eden: 19456K(19456K)->19456K(19456K) From: 2564K(63488K)->2564K(63488K)
[13.543s][info][gc,heap        ] GC(150) ParOldGen: 1023784K(1024000K)->1023784K(1024000K)
[13.543s][info][gc,metaspace   ] GC(150) Metaspace: 6301K(6464K)->6301K(6464K) NonClass: 5768K(5824K)->5768K(5824K) Class: 533K(640K)->533K(640K)
[13.543s][info][gc             ] GC(150) Pause Full (Ergonomics) 1021M->1021M(1081M) 319.842ms
[13.543s][info][gc,cpu         ] GC(150) User=2.00s Sys=0.00s Real=0.32s
[13.544s][info][gc,start       ] GC(151) Pause Full (Ergonomics)
[13.544s][info][gc,phases,start] GC(151) Marking Phase
[13.791s][info][gc,phases      ] GC(151) Marking Phase 247.726ms
[13.791s][info][gc,phases,start] GC(151) Summary Phase
[13.791s][info][gc,phases      ] GC(151) Summary Phase 0.024ms
[13.791s][info][gc,phases,start] GC(151) Adjust Roots
[13.792s][info][gc,phases      ] GC(151) Adjust Roots 0.189ms
[13.792s][info][gc,phases,start] GC(151) Compaction Phase
[13.864s][info][gc,phases      ] GC(151) Compaction Phase 72.464ms
[13.864s][info][gc,phases,start] GC(151) Post Compact
[13.866s][info][gc,phases      ] GC(151) Post Compact 1.855ms
[13.866s][info][gc,heap        ] GC(151) PSYoungGen: 22020K(82944K)->22020K(82944K) Eden: 19456K(19456K)->19456K(19456K) From: 2564K(63488K)->2564K(63488K)
[13.866s][info][gc,heap        ] GC(151) ParOldGen: 1023788K(1024000K)->1023788K(1024000K)
[13.866s][info][gc,metaspace   ] GC(151) Metaspace: 6301K(6464K)->6301K(6464K) NonClass: 5768K(5824K)->5768K(5824K) Class: 533K(640K)->533K(640K)
[13.866s][info][gc             ] GC(151) Pause Full (Ergonomics) 1021M->1021M(1081M) 322.598ms
[13.866s][info][gc,cpu         ] GC(151) User=2.12s Sys=0.00s Real=0.32s
[13.866s][info][gc,start       ] GC(152) Pause Full (Ergonomics)
[13.867s][info][gc,phases,start] GC(152) Marking Phase
[14.123s][info][gc,phases      ] GC(152) Marking Phase 256.563ms
[14.123s][info][gc,phases,start] GC(152) Summary Phase
[14.123s][info][gc,phases      ] GC(152) Summary Phase 0.023ms
[14.123s][info][gc,phases,start] GC(152) Adjust Roots
[14.123s][info][gc,phases      ] GC(152) Adjust Roots 0.180ms
[14.123s][info][gc,phases,start] GC(152) Compaction Phase
[14.194s][info][gc,phases      ] GC(152) Compaction Phase 71.004ms
[14.194s][info][gc,phases,start] GC(152) Post Compact
[14.196s][info][gc,phases      ] GC(152) Post Compact 1.851ms
[14.196s][info][gc,heap        ] GC(152) PSYoungGen: 22020K(82944K)->22020K(82944K) Eden: 19456K(19456K)->19456K(19456K) From: 2564K(63488K)->2564K(63488K)
[14.196s][info][gc,heap        ] GC(152) ParOldGen: 1023793K(1024000K)->1023793K(1024000K)
[14.196s][info][gc,metaspace   ] GC(152) Metaspace: 6301K(6464K)->6301K(6464K) NonClass: 5768K(5824K)->5768K(5824K) Class: 533K(640K)->533K(640K)
[14.196s][info][gc             ] GC(152) Pause Full (Ergonomics) 1021M->1021M(1081M) 329.950ms
[14.196s][info][gc,cpu         ] GC(152) User=2.14s Sys=0.00s Real=0.33s
[14.197s][info][gc,start       ] GC(153) Pause Full (Ergonomics)
[14.197s][info][gc,phases,start] GC(153) Marking Phase
[14.452s][info][gc,phases      ] GC(153) Marking Phase 255.000ms
[14.452s][info][gc,phases,start] GC(153) Summary Phase
[14.452s][info][gc,phases      ] GC(153) Summary Phase 0.023ms
[14.452s][info][gc,phases,start] GC(153) Adjust Roots
[14.452s][info][gc,phases      ] GC(153) Adjust Roots 0.191ms
[14.452s][info][gc,phases,start] GC(153) Compaction Phase
[14.522s][info][gc,phases      ] GC(153) Compaction Phase 70.143ms
[14.522s][info][gc,phases,start] GC(153) Post Compact
[14.524s][info][gc,phases      ] GC(153) Post Compact 1.764ms
[14.524s][info][gc,heap        ] GC(153) PSYoungGen: 22020K(82944K)->22020K(82944K) Eden: 19456K(19456K)->19456K(19456K) From: 2564K(63488K)->2564K(63488K)
[14.524s][info][gc,heap        ] GC(153) ParOldGen: 1023798K(1024000K)->1023798K(1024000K)
[14.524s][info][gc,metaspace   ] GC(153) Metaspace: 6301K(6464K)->6301K(6464K) NonClass: 5768K(5824K)->5768K(5824K) Class: 533K(640K)->533K(640K)
[14.524s][info][gc             ] GC(153) Pause Full (Ergonomics) 1021M->1021M(1081M) 327.449ms
[14.524s][info][gc,cpu         ] GC(153) User=2.11s Sys=0.02s Real=0.33s
[14.524s][info][gc,start       ] GC(154) Pause Full (Ergonomics)
[14.525s][info][gc,phases,start] GC(154) Marking Phase
[14.773s][info][gc,phases      ] GC(154) Marking Phase 248.024ms
[14.773s][info][gc,phases,start] GC(154) Summary Phase
[14.773s][info][gc,phases      ] GC(154) Summary Phase 0.024ms
[14.773s][info][gc,phases,start] GC(154) Adjust Roots
[14.773s][info][gc,phases      ] GC(154) Adjust Roots 0.201ms
[14.773s][info][gc,phases,start] GC(154) Compaction Phase
[14.846s][info][gc,phases      ] GC(154) Compaction Phase 73.223ms
[14.846s][info][gc,phases,start] GC(154) Post Compact
[14.848s][info][gc,phases      ] GC(154) Post Compact 1.754ms
[14.848s][info][gc,heap        ] GC(154) PSYoungGen: 22020K(82944K)->22020K(82944K) Eden: 19456K(19456K)->19456K(19456K) From: 2564K(63488K)->2564K(63488K)
[14.848s][info][gc,heap        ] GC(154) ParOldGen: 1023802K(1024000K)->1023802K(1024000K)
[14.848s][info][gc,metaspace   ] GC(154) Metaspace: 6301K(6464K)->6301K(6464K) NonClass: 5768K(5824K)->5768K(5824K) Class: 533K(640K)->533K(640K)
[14.848s][info][gc             ] GC(154) Pause Full (Ergonomics) 1021M->1021M(1081M) 323.579ms
[14.848s][info][gc,cpu         ] GC(154) User=2.05s Sys=0.00s Real=0.32s
[14.848s][info][gc,start       ] GC(155) Pause Full (Ergonomics)
[14.848s][info][gc,phases,start] GC(155) Marking Phase
[15.097s][info][gc,phases      ] GC(155) Marking Phase 248.192ms
[15.097s][info][gc,phases,start] GC(155) Summary Phase
[15.097s][info][gc,phases      ] GC(155) Summary Phase 0.026ms
[15.097s][info][gc,phases,start] GC(155) Adjust Roots
[15.097s][info][gc,phases      ] GC(155) Adjust Roots 0.259ms
[15.097s][info][gc,phases,start] GC(155) Compaction Phase
[15.169s][info][gc,phases      ] GC(155) Compaction Phase 71.638ms
[15.169s][info][gc,phases,start] GC(155) Post Compact
[15.171s][info][gc,phases      ] GC(155) Post Compact 1.872ms
[15.171s][info][gc,heap        ] GC(155) PSYoungGen: 22020K(82944K)->22020K(82944K) Eden: 19456K(19456K)->19456K(19456K) From: 2564K(63488K)->2564K(63488K)
[15.171s][info][gc,heap        ] GC(155) ParOldGen: 1023807K(1024000K)->1023807K(1024000K)
[15.171s][info][gc,metaspace   ] GC(155) Metaspace: 6301K(6464K)->6301K(6464K) NonClass: 5768K(5824K)->5768K(5824K) Class: 533K(640K)->533K(640K)
[15.171s][info][gc             ] GC(155) Pause Full (Ergonomics) 1021M->1021M(1081M) 322.310ms
[15.171s][info][gc,cpu         ] GC(155) User=1.98s Sys=0.00s Real=0.32s
[15.171s][info][gc,start       ] GC(156) Pause Full (Ergonomics)
[15.171s][info][gc,phases,start] GC(156) Marking Phase
[15.424s][info][gc,phases      ] GC(156) Marking Phase 252.709ms
[15.424s][info][gc,phases,start] GC(156) Summary Phase
[15.424s][info][gc,phases      ] GC(156) Summary Phase 0.024ms
[15.424s][info][gc,phases,start] GC(156) Adjust Roots
[15.424s][info][gc,phases      ] GC(156) Adjust Roots 0.194ms
[15.424s][info][gc,phases,start] GC(156) Compaction Phase
[15.500s][info][gc,phases      ] GC(156) Compaction Phase 75.570ms
[15.500s][info][gc,phases,start] GC(156) Post Compact
[15.501s][info][gc,phases      ] GC(156) Post Compact 1.702ms
[15.501s][info][gc,heap        ] GC(156) PSYoungGen: 22020K(82944K)->22020K(82944K) Eden: 19456K(19456K)->19456K(19456K) From: 2564K(63488K)->2564K(63488K)
[15.501s][info][gc,heap        ] GC(156) ParOldGen: 1023812K(1024000K)->1023812K(1024000K)
[15.501s][info][gc,metaspace   ] GC(156) Metaspace: 6301K(6464K)->6301K(6464K) NonClass: 5768K(5824K)->5768K(5824K) Class: 533K(640K)->533K(640K)
[15.501s][info][gc             ] GC(156) Pause Full (Ergonomics) 1021M->1021M(1081M) 330.497ms
[15.501s][info][gc,cpu         ] GC(156) User=2.03s Sys=0.02s Real=0.33s
[15.502s][info][gc,start       ] GC(157) Pause Full (Ergonomics)
[15.502s][info][gc,phases,start] GC(157) Marking Phase
[15.749s][info][gc,phases      ] GC(157) Marking Phase 247.523ms
[15.749s][info][gc,phases,start] GC(157) Summary Phase
[15.749s][info][gc,phases      ] GC(157) Summary Phase 0.032ms
[15.749s][info][gc,phases,start] GC(157) Adjust Roots
[15.750s][info][gc,phases      ] GC(157) Adjust Roots 0.193ms
[15.750s][info][gc,phases,start] GC(157) Compaction Phase
[15.814s][info][gc,phases      ] GC(157) Compaction Phase 64.151ms
[15.814s][info][gc,phases,start] GC(157) Post Compact
[15.816s][info][gc,phases      ] GC(157) Post Compact 1.645ms
[15.816s][info][gc,heap        ] GC(157) PSYoungGen: 22020K(82944K)->22020K(82944K) Eden: 19456K(19456K)->19456K(19456K) From: 2564K(63488K)->2564K(63488K)
[15.816s][info][gc,heap        ] GC(157) ParOldGen: 1023816K(1024000K)->1023816K(1024000K)
[15.816s][info][gc,metaspace   ] GC(157) Metaspace: 6301K(6464K)->6301K(6464K) NonClass: 5768K(5824K)->5768K(5824K) Class: 533K(640K)->533K(640K)
[15.816s][info][gc             ] GC(157) Pause Full (Ergonomics) 1021M->1021M(1081M) 313.969ms
[15.816s][info][gc,cpu         ] GC(157) User=1.97s Sys=0.00s Real=0.31s
[15.816s][info][gc,start       ] GC(158) Pause Full (Ergonomics)
[15.816s][info][gc,phases,start] GC(158) Marking Phase
[16.072s][info][gc,phases      ] GC(158) Marking Phase 255.689ms
[16.072s][info][gc,phases,start] GC(158) Summary Phase
[16.072s][info][gc,phases      ] GC(158) Summary Phase 0.024ms
[16.072s][info][gc,phases,start] GC(158) Adjust Roots
[16.072s][info][gc,phases      ] GC(158) Adjust Roots 0.187ms
[16.072s][info][gc,phases,start] GC(158) Compaction Phase
[16.144s][info][gc,phases      ] GC(158) Compaction Phase 72.225ms
[16.144s][info][gc,phases,start] GC(158) Post Compact
[16.146s][info][gc,phases      ] GC(158) Post Compact 1.601ms
[16.146s][info][gc,heap        ] GC(158) PSYoungGen: 22020K(82944K)->22020K(82944K) Eden: 19456K(19456K)->19456K(19456K) From: 2564K(63488K)->2564K(63488K)
[16.146s][info][gc,heap        ] GC(158) ParOldGen: 1023821K(1024000K)->1023821K(1024000K)
[16.146s][info][gc,metaspace   ] GC(158) Metaspace: 6301K(6464K)->6301K(6464K) NonClass: 5768K(5824K)->5768K(5824K) Class: 533K(640K)->533K(640K)
[16.146s][info][gc             ] GC(158) Pause Full (Ergonomics) 1021M->1021M(1081M) 330.050ms
[16.146s][info][gc,cpu         ] GC(158) User=2.02s Sys=0.02s Real=0.33s
[16.146s][info][gc,start       ] GC(159) Pause Full (Ergonomics)
[16.146s][info][gc,phases,start] GC(159) Marking Phase
[16.381s][info][gc,phases      ] GC(159) Marking Phase 234.755ms
[16.381s][info][gc,phases,start] GC(159) Summary Phase
[16.381s][info][gc,phases      ] GC(159) Summary Phase 0.024ms
[16.381s][info][gc,phases,start] GC(159) Adjust Roots
[16.381s][info][gc,phases      ] GC(159) Adjust Roots 0.205ms
[16.381s][info][gc,phases,start] GC(159) Compaction Phase
[16.452s][info][gc,phases      ] GC(159) Compaction Phase 70.354ms
[16.452s][info][gc,phases,start] GC(159) Post Compact
[16.454s][info][gc,phases      ] GC(159) Post Compact 1.893ms
[16.454s][info][gc,heap        ] GC(159) PSYoungGen: 22020K(82944K)->22020K(82944K) Eden: 19456K(19456K)->19456K(19456K) From: 2564K(63488K)->2564K(63488K)
[16.454s][info][gc,heap        ] GC(159) ParOldGen: 1023826K(1024000K)->1023826K(1024000K)
[16.454s][info][gc,metaspace   ] GC(159) Metaspace: 6301K(6464K)->6301K(6464K) NonClass: 5768K(5824K)->5768K(5824K) Class: 533K(640K)->533K(640K)
[16.454s][info][gc             ] GC(159) Pause Full (Ergonomics) 1021M->1021M(1081M) 307.585ms
[16.454s][info][gc,cpu         ] GC(159) User=1.92s Sys=0.00s Real=0.31s
[16.454s][info][gc,start       ] GC(160) Pause Full (Ergonomics)
[16.454s][info][gc,phases,start] GC(160) Marking Phase
[16.707s][info][gc,phases      ] GC(160) Marking Phase 253.071ms
[16.707s][info][gc,phases,start] GC(160) Summary Phase
[16.707s][info][gc,phases      ] GC(160) Summary Phase 0.023ms
[16.707s][info][gc,phases,start] GC(160) Adjust Roots
[16.708s][info][gc,phases      ] GC(160) Adjust Roots 0.184ms
[16.708s][info][gc,phases,start] GC(160) Compaction Phase
[16.779s][info][gc,phases      ] GC(160) Compaction Phase 71.850ms
[16.780s][info][gc,phases,start] GC(160) Post Compact
[16.781s][info][gc,phases      ] GC(160) Post Compact 1.948ms
[16.782s][info][gc,heap        ] GC(160) PSYoungGen: 22020K(82944K)->22020K(82944K) Eden: 19456K(19456K)->19456K(19456K) From: 2564K(63488K)->2564K(63488K)
[16.782s][info][gc,heap        ] GC(160) ParOldGen: 1023830K(1024000K)->1023830K(1024000K)
[16.782s][info][gc,metaspace   ] GC(160) Metaspace: 6301K(6464K)->6301K(6464K) NonClass: 5768K(5824K)->5768K(5824K) Class: 533K(640K)->533K(640K)
[16.782s][info][gc             ] GC(160) Pause Full (Ergonomics) 1021M->1021M(1081M) 327.422ms
[16.782s][info][gc,cpu         ] GC(160) User=1.97s Sys=0.02s Real=0.33s
[16.782s][info][gc,start       ] GC(161) Pause Full (Ergonomics)
[16.782s][info][gc,phases,start] GC(161) Marking Phase
[17.024s][info][gc,phases      ] GC(161) Marking Phase 242.139ms
[17.024s][info][gc,phases,start] GC(161) Summary Phase
[17.024s][info][gc,phases      ] GC(161) Summary Phase 0.024ms
[17.024s][info][gc,phases,start] GC(161) Adjust Roots
[17.024s][info][gc,phases      ] GC(161) Adjust Roots 0.195ms
[17.024s][info][gc,phases,start] GC(161) Compaction Phase
[17.092s][info][gc,phases      ] GC(161) Compaction Phase 67.429ms
[17.092s][info][gc,phases,start] GC(161) Post Compact
[17.094s][info][gc,phases      ] GC(161) Post Compact 1.613ms
[17.094s][info][gc,heap        ] GC(161) PSYoungGen: 22020K(82944K)->22020K(82944K) Eden: 19456K(19456K)->19456K(19456K) From: 2564K(63488K)->2564K(63488K)
[17.094s][info][gc,heap        ] GC(161) ParOldGen: 1023835K(1024000K)->1023835K(1024000K)
[17.094s][info][gc,metaspace   ] GC(161) Metaspace: 6301K(6464K)->6301K(6464K) NonClass: 5768K(5824K)->5768K(5824K) Class: 533K(640K)->533K(640K)
[17.094s][info][gc             ] GC(161) Pause Full (Ergonomics) 1021M->1021M(1081M) 311.696ms
[17.094s][info][gc,cpu         ] GC(161) User=1.92s Sys=0.02s Real=0.31s
[17.094s][info][gc,start       ] GC(162) Pause Full (Ergonomics)
[17.094s][info][gc,phases,start] GC(162) Marking Phase
[17.342s][info][gc,phases      ] GC(162) Marking Phase 248.405ms
[17.342s][info][gc,phases,start] GC(162) Summary Phase
[17.342s][info][gc,phases      ] GC(162) Summary Phase 0.024ms
[17.342s][info][gc,phases,start] GC(162) Adjust Roots
[17.343s][info][gc,phases      ] GC(162) Adjust Roots 0.185ms
[17.343s][info][gc,phases,start] GC(162) Compaction Phase
[17.414s][info][gc,phases      ] GC(162) Compaction Phase 70.987ms
[17.414s][info][gc,phases,start] GC(162) Post Compact
[17.415s][info][gc,phases      ] GC(162) Post Compact 1.591ms
[17.415s][info][gc,heap        ] GC(162) PSYoungGen: 22020K(82944K)->22020K(82944K) Eden: 19456K(19456K)->19456K(19456K) From: 2564K(63488K)->2564K(63488K)
[17.415s][info][gc,heap        ] GC(162) ParOldGen: 1023840K(1024000K)->1023840K(1024000K)
[17.415s][info][gc,metaspace   ] GC(162) Metaspace: 6301K(6464K)->6301K(6464K) NonClass: 5768K(5824K)->5768K(5824K) Class: 533K(640K)->533K(640K)
[17.415s][info][gc             ] GC(162) Pause Full (Ergonomics) 1021M->1021M(1081M) 321.490ms
[17.415s][info][gc,cpu         ] GC(162) User=1.97s Sys=0.00s Real=0.32s
[17.416s][info][gc,start       ] GC(163) Pause Full (Ergonomics)
[17.416s][info][gc,phases,start] GC(163) Marking Phase
[17.667s][info][gc,phases      ] GC(163) Marking Phase 251.585ms
[17.667s][info][gc,phases,start] GC(163) Summary Phase
[17.667s][info][gc,phases      ] GC(163) Summary Phase 0.024ms
[17.667s][info][gc,phases,start] GC(163) Adjust Roots
[17.668s][info][gc,phases      ] GC(163) Adjust Roots 0.196ms
[17.668s][info][gc,phases,start] GC(163) Compaction Phase
[17.738s][info][gc,phases      ] GC(163) Compaction Phase 70.848ms
[17.739s][info][gc,phases,start] GC(163) Post Compact
[17.740s][info][gc,phases      ] GC(163) Post Compact 1.840ms
[17.740s][info][gc,heap        ] GC(163) PSYoungGen: 22020K(82944K)->22020K(82944K) Eden: 19456K(19456K)->19456K(19456K) From: 2564K(63488K)->2564K(63488K)
[17.740s][info][gc,heap        ] GC(163) ParOldGen: 1023844K(1024000K)->1023844K(1024000K)
[17.740s][info][gc,metaspace   ] GC(163) Metaspace: 6301K(6464K)->6301K(6464K) NonClass: 5768K(5824K)->5768K(5824K) Class: 533K(640K)->533K(640K)
[17.741s][info][gc             ] GC(163) Pause Full (Ergonomics) 1021M->1021M(1081M) 324.928ms
[17.741s][info][gc,cpu         ] GC(163) User=2.09s Sys=0.00s Real=0.32s
[17.741s][info][gc,start       ] GC(164) Pause Full (Ergonomics)
[17.741s][info][gc,phases,start] GC(164) Marking Phase
[17.984s][info][gc,phases      ] GC(164) Marking Phase 242.934ms
[17.984s][info][gc,phases,start] GC(164) Summary Phase
[17.984s][info][gc,phases      ] GC(164) Summary Phase 0.023ms
[17.984s][info][gc,phases,start] GC(164) Adjust Roots
[17.984s][info][gc,phases      ] GC(164) Adjust Roots 0.182ms
[17.984s][info][gc,phases,start] GC(164) Compaction Phase
[18.056s][info][gc,phases      ] GC(164) Compaction Phase 71.831ms
[18.056s][info][gc,phases,start] GC(164) Post Compact
[18.058s][info][gc,phases      ] GC(164) Post Compact 1.833ms
[18.058s][info][gc,heap        ] GC(164) PSYoungGen: 22020K(82944K)->22020K(82944K) Eden: 19456K(19456K)->19456K(19456K) From: 2564K(63488K)->2564K(63488K)
[18.058s][info][gc,heap        ] GC(164) ParOldGen: 1023849K(1024000K)->1023849K(1024000K)
[18.058s][info][gc,metaspace   ] GC(164) Metaspace: 6301K(6464K)->6301K(6464K) NonClass: 5768K(5824K)->5768K(5824K) Class: 533K(640K)->533K(640K)
[18.058s][info][gc             ] GC(164) Pause Full (Ergonomics) 1021M->1021M(1081M) 317.147ms
[18.058s][info][gc,cpu         ] GC(164) User=2.05s Sys=0.00s Real=0.32s
[18.058s][info][gc,start       ] GC(165) Pause Full (Ergonomics)
[18.058s][info][gc,phases,start] GC(165) Marking Phase
[18.308s][info][gc,phases      ] GC(165) Marking Phase 249.188ms
[18.308s][info][gc,phases,start] GC(165) Summary Phase
[18.308s][info][gc,phases      ] GC(165) Summary Phase 0.024ms
[18.308s][info][gc,phases,start] GC(165) Adjust Roots
[18.308s][info][gc,phases      ] GC(165) Adjust Roots 0.194ms
[18.308s][info][gc,phases,start] GC(165) Compaction Phase
[18.379s][info][gc,phases      ] GC(165) Compaction Phase 71.430ms
[18.379s][info][gc,phases,start] GC(165) Post Compact
[18.381s][info][gc,phases      ] GC(165) Post Compact 1.591ms
[18.381s][info][gc,heap        ] GC(165) PSYoungGen: 22020K(82944K)->22020K(82944K) Eden: 19456K(19456K)->19456K(19456K) From: 2564K(63488K)->2564K(63488K)
[18.381s][info][gc,heap        ] GC(165) ParOldGen: 1023854K(1024000K)->1023854K(1024000K)
[18.381s][info][gc,metaspace   ] GC(165) Metaspace: 6301K(6464K)->6301K(6464K) NonClass: 5768K(5824K)->5768K(5824K) Class: 533K(640K)->533K(640K)
[18.381s][info][gc             ] GC(165) Pause Full (Ergonomics) 1021M->1021M(1081M) 322.736ms
[18.381s][info][gc,cpu         ] GC(165) User=2.09s Sys=0.00s Real=0.32s
[18.381s][info][gc,start       ] GC(166) Pause Full (Ergonomics)
[18.381s][info][gc,phases,start] GC(166) Marking Phase
[18.629s][info][gc,phases      ] GC(166) Marking Phase 247.983ms
[18.629s][info][gc,phases,start] GC(166) Summary Phase
[18.629s][info][gc,phases      ] GC(166) Summary Phase 0.023ms
[18.629s][info][gc,phases,start] GC(166) Adjust Roots
[18.630s][info][gc,phases      ] GC(166) Adjust Roots 0.183ms
[18.630s][info][gc,phases,start] GC(166) Compaction Phase
[18.700s][info][gc,phases      ] GC(166) Compaction Phase 70.409ms
[18.700s][info][gc,phases,start] GC(166) Post Compact
[18.702s][info][gc,phases      ] GC(166) Post Compact 1.601ms
[18.702s][info][gc,heap        ] GC(166) PSYoungGen: 22020K(82944K)->22020K(82944K) Eden: 19456K(19456K)->19456K(19456K) From: 2564K(63488K)->2564K(63488K)
[18.702s][info][gc,heap        ] GC(166) ParOldGen: 1023858K(1024000K)->1023858K(1024000K)
[18.702s][info][gc,metaspace   ] GC(166) Metaspace: 6301K(6464K)->6301K(6464K) NonClass: 5768K(5824K)->5768K(5824K) Class: 533K(640K)->533K(640K)
[18.702s][info][gc             ] GC(166) Pause Full (Ergonomics) 1021M->1021M(1081M) 320.499ms
[18.702s][info][gc,cpu         ] GC(166) User=2.03s Sys=0.00s Real=0.32s
[18.702s][info][gc,start       ] GC(167) Pause Full (Ergonomics)
[18.702s][info][gc,phases,start] GC(167) Marking Phase
[18.946s][info][gc,phases      ] GC(167) Marking Phase 243.980ms
[18.946s][info][gc,phases,start] GC(167) Summary Phase
[18.946s][info][gc,phases      ] GC(167) Summary Phase 0.024ms
[18.946s][info][gc,phases,start] GC(167) Adjust Roots
[18.946s][info][gc,phases      ] GC(167) Adjust Roots 0.192ms
[18.946s][info][gc,phases,start] GC(167) Compaction Phase
[19.023s][info][gc,phases      ] GC(167) Compaction Phase 76.465ms
[19.023s][info][gc,phases,start] GC(167) Post Compact
[19.025s][info][gc,phases      ] GC(167) Post Compact 1.751ms
[19.025s][info][gc,heap        ] GC(167) PSYoungGen: 22020K(82944K)->22020K(82944K) Eden: 19456K(19456K)->19456K(19456K) From: 2564K(63488K)->2564K(63488K)
[19.025s][info][gc,heap        ] GC(167) ParOldGen: 1023863K(1024000K)->1023863K(1024000K)
[19.025s][info][gc,metaspace   ] GC(167) Metaspace: 6301K(6464K)->6301K(6464K) NonClass: 5768K(5824K)->5768K(5824K) Class: 533K(640K)->533K(640K)
[19.025s][info][gc             ] GC(167) Pause Full (Ergonomics) 1021M->1021M(1081M) 322.749ms
[19.025s][info][gc,cpu         ] GC(167) User=1.98s Sys=0.00s Real=0.32s
[19.025s][info][gc,start       ] GC(168) Pause Full (Ergonomics)
[19.025s][info][gc,phases,start] GC(168) Marking Phase
[19.267s][info][gc,phases      ] GC(168) Marking Phase 241.790ms
[19.267s][info][gc,phases,start] GC(168) Summary Phase
[19.267s][info][gc,phases      ] GC(168) Summary Phase 0.024ms
[19.267s][info][gc,phases,start] GC(168) Adjust Roots
[19.267s][info][gc,phases      ] GC(168) Adjust Roots 0.189ms
[19.267s][info][gc,phases,start] GC(168) Compaction Phase
[19.336s][info][gc,phases      ] GC(168) Compaction Phase 69.121ms
[19.336s][info][gc,phases,start] GC(168) Post Compact
[19.338s][info][gc,phases      ] GC(168) Post Compact 1.801ms
[19.338s][info][gc,heap        ] GC(168) PSYoungGen: 22020K(82944K)->22020K(82944K) Eden: 19456K(19456K)->19456K(19456K) From: 2564K(63488K)->2564K(63488K)
[19.338s][info][gc,heap        ] GC(168) ParOldGen: 1023868K(1024000K)->1023868K(1024000K)
[19.338s][info][gc,metaspace   ] GC(168) Metaspace: 6301K(6464K)->6301K(6464K) NonClass: 5768K(5824K)->5768K(5824K) Class: 533K(640K)->533K(640K)
[19.338s][info][gc             ] GC(168) Pause Full (Ergonomics) 1021M->1021M(1081M) 313.233ms
[19.338s][info][gc,cpu         ] GC(168) User=2.05s Sys=0.00s Real=0.31s
[19.339s][info][gc,start       ] GC(169) Pause Full (Ergonomics)
[19.339s][info][gc,phases,start] GC(169) Marking Phase
[19.565s][info][gc,phases      ] GC(169) Marking Phase 226.707ms
[19.565s][info][gc,phases,start] GC(169) Summary Phase
[19.565s][info][gc,phases      ] GC(169) Summary Phase 0.024ms
[19.565s][info][gc,phases,start] GC(169) Adjust Roots
[19.566s][info][gc,phases      ] GC(169) Adjust Roots 0.195ms
[19.566s][info][gc,phases,start] GC(169) Compaction Phase
[19.632s][info][gc,phases      ] GC(169) Compaction Phase 65.886ms
[19.632s][info][gc,phases,start] GC(169) Post Compact
[19.633s][info][gc,phases      ] GC(169) Post Compact 1.668ms
[19.633s][info][gc,heap        ] GC(169) PSYoungGen: 22020K(82944K)->22020K(82944K) Eden: 19456K(19456K)->19456K(19456K) From: 2564K(63488K)->2564K(63488K)
[19.633s][info][gc,heap        ] GC(169) ParOldGen: 1023872K(1024000K)->1023872K(1024000K)
[19.633s][info][gc,metaspace   ] GC(169) Metaspace: 6301K(6464K)->6301K(6464K) NonClass: 5768K(5824K)->5768K(5824K) Class: 533K(640K)->533K(640K)
[19.633s][info][gc             ] GC(169) Pause Full (Ergonomics) 1021M->1021M(1081M) 294.807ms
[19.633s][info][gc,cpu         ] GC(169) User=1.92s Sys=0.02s Real=0.30s
[19.634s][info][gc,start       ] GC(170) Pause Full (Ergonomics)
[19.634s][info][gc,phases,start] GC(170) Marking Phase
[19.883s][info][gc,phases      ] GC(170) Marking Phase 249.194ms
[19.883s][info][gc,phases,start] GC(170) Summary Phase
[19.883s][info][gc,phases      ] GC(170) Summary Phase 0.024ms
[19.883s][info][gc,phases,start] GC(170) Adjust Roots
[19.883s][info][gc,phases      ] GC(170) Adjust Roots 0.186ms
[19.883s][info][gc,phases,start] GC(170) Compaction Phase
[19.949s][info][gc,phases      ] GC(170) Compaction Phase 65.576ms
[19.949s][info][gc,phases,start] GC(170) Post Compact
[19.951s][info][gc,phases      ] GC(170) Post Compact 1.585ms
[19.951s][info][gc,heap        ] GC(170) PSYoungGen: 22020K(82944K)->22020K(82944K) Eden: 19456K(19456K)->19456K(19456K) From: 2564K(63488K)->2564K(63488K)
[19.951s][info][gc,heap        ] GC(170) ParOldGen: 1023877K(1024000K)->1023877K(1024000K)
[19.951s][info][gc,metaspace   ] GC(170) Metaspace: 6301K(6464K)->6301K(6464K) NonClass: 5768K(5824K)->5768K(5824K) Class: 533K(640K)->533K(640K)
[19.951s][info][gc             ] GC(170) Pause Full (Ergonomics) 1021M->1021M(1081M) 316.919ms
[19.951s][info][gc,cpu         ] GC(170) User=2.08s Sys=0.02s Real=0.32s
[19.951s][info][gc,start       ] GC(171) Pause Full (Ergonomics)
[19.951s][info][gc,phases,start] GC(171) Marking Phase
[20.204s][info][gc,phases      ] GC(171) Marking Phase 253.447ms
[20.204s][info][gc,phases,start] GC(171) Summary Phase
[20.204s][info][gc,phases      ] GC(171) Summary Phase 0.024ms
[20.204s][info][gc,phases,start] GC(171) Adjust Roots
[20.205s][info][gc,phases      ] GC(171) Adjust Roots 0.207ms
[20.205s][info][gc,phases,start] GC(171) Compaction Phase
[20.276s][info][gc,phases      ] GC(171) Compaction Phase 71.042ms
[20.276s][info][gc,phases,start] GC(171) Post Compact
[20.278s][info][gc,phases      ] GC(171) Post Compact 1.888ms
[20.278s][info][gc,heap        ] GC(171) PSYoungGen: 22020K(82944K)->22020K(82944K) Eden: 19456K(19456K)->19456K(19456K) From: 2564K(63488K)->2564K(63488K)
[20.278s][info][gc,heap        ] GC(171) ParOldGen: 1023882K(1024000K)->1023882K(1024000K)
[20.278s][info][gc,metaspace   ] GC(171) Metaspace: 6301K(6464K)->6301K(6464K) NonClass: 5768K(5824K)->5768K(5824K) Class: 533K(640K)->533K(640K)
[20.278s][info][gc             ] GC(171) Pause Full (Ergonomics) 1021M->1021M(1081M) 326.938ms
[20.278s][info][gc,cpu         ] GC(171) User=1.98s Sys=0.00s Real=0.33s
[20.278s][info][gc,start       ] GC(172) Pause Full (Ergonomics)
[20.278s][info][gc,phases,start] GC(172) Marking Phase
[20.532s][info][gc,phases      ] GC(172) Marking Phase 253.523ms
[20.532s][info][gc,phases,start] GC(172) Summary Phase
[20.532s][info][gc,phases      ] GC(172) Summary Phase 0.022ms
[20.532s][info][gc,phases,start] GC(172) Adjust Roots
[20.532s][info][gc,phases      ] GC(172) Adjust Roots 0.183ms
[20.532s][info][gc,phases,start] GC(172) Compaction Phase
[20.597s][info][gc,phases      ] GC(172) Compaction Phase 65.104ms
[20.597s][info][gc,phases,start] GC(172) Post Compact
[20.599s][info][gc,phases      ] GC(172) Post Compact 1.470ms
[20.599s][info][gc,heap        ] GC(172) PSYoungGen: 22020K(82944K)->22020K(82944K) Eden: 19456K(19456K)->19456K(19456K) From: 2564K(63488K)->2564K(63488K)
[20.599s][info][gc,heap        ] GC(172) ParOldGen: 1023886K(1024000K)->1023886K(1024000K)
[20.599s][info][gc,metaspace   ] GC(172) Metaspace: 6301K(6464K)->6301K(6464K) NonClass: 5768K(5824K)->5768K(5824K) Class: 533K(640K)->533K(640K)
[20.599s][info][gc             ] GC(172) Pause Full (Ergonomics) 1021M->1021M(1081M) 320.602ms
[20.599s][info][gc,cpu         ] GC(172) User=2.08s Sys=0.02s Real=0.32s
[20.599s][info][gc,start       ] GC(173) Pause Full (Ergonomics)
[20.599s][info][gc,phases,start] GC(173) Marking Phase
[20.850s][info][gc,phases      ] GC(173) Marking Phase 250.981ms
[20.850s][info][gc,phases,start] GC(173) Summary Phase
[20.850s][info][gc,phases      ] GC(173) Summary Phase 0.022ms
[20.850s][info][gc,phases,start] GC(173) Adjust Roots
[20.850s][info][gc,phases      ] GC(173) Adjust Roots 0.178ms
[20.850s][info][gc,phases,start] GC(173) Compaction Phase
[20.921s][info][gc,phases      ] GC(173) Compaction Phase 70.998ms
[20.921s][info][gc,phases,start] GC(173) Post Compact
[20.923s][info][gc,phases      ] GC(173) Post Compact 1.659ms
[20.923s][info][gc,heap        ] GC(173) PSYoungGen: 22020K(82944K)->22020K(82944K) Eden: 19456K(19456K)->19456K(19456K) From: 2564K(63488K)->2564K(63488K)
[20.923s][info][gc,heap        ] GC(173) ParOldGen: 1023891K(1024000K)->1023891K(1024000K)
[20.923s][info][gc,metaspace   ] GC(173) Metaspace: 6301K(6464K)->6301K(6464K) NonClass: 5768K(5824K)->5768K(5824K) Class: 533K(640K)->533K(640K)
[20.923s][info][gc             ] GC(173) Pause Full (Ergonomics) 1021M->1021M(1081M) 324.156ms
[20.923s][info][gc,cpu         ] GC(173) User=1.98s Sys=0.05s Real=0.32s
[20.923s][info][gc,start       ] GC(174) Pause Full (Ergonomics)
[20.924s][info][gc,phases,start] GC(174) Marking Phase
[21.160s][info][gc,phases      ] GC(174) Marking Phase 236.492ms
[21.160s][info][gc,phases,start] GC(174) Summary Phase
[21.160s][info][gc,phases      ] GC(174) Summary Phase 0.023ms
[21.160s][info][gc,phases,start] GC(174) Adjust Roots
[21.160s][info][gc,phases      ] GC(174) Adjust Roots 0.211ms
[21.160s][info][gc,phases,start] GC(174) Compaction Phase
[21.232s][info][gc,phases      ] GC(174) Compaction Phase 71.702ms
[21.232s][info][gc,phases,start] GC(174) Post Compact
[21.234s][info][gc,phases      ] GC(174) Post Compact 1.589ms
[21.234s][info][gc,heap        ] GC(174) PSYoungGen: 22020K(82944K)->22020K(82944K) Eden: 19456K(19456K)->19456K(19456K) From: 2564K(63488K)->2564K(63488K)
[21.234s][info][gc,heap        ] GC(174) ParOldGen: 1023896K(1024000K)->1023896K(1024000K)
[21.234s][info][gc,metaspace   ] GC(174) Metaspace: 6301K(6464K)->6301K(6464K) NonClass: 5768K(5824K)->5768K(5824K) Class: 533K(640K)->533K(640K)
[21.234s][info][gc             ] GC(174) Pause Full (Ergonomics) 1021M->1021M(1081M) 310.310ms
[21.234s][info][gc,cpu         ] GC(174) User=1.91s Sys=0.00s Real=0.31s
[21.234s][info][gc,start       ] GC(175) Pause Full (Ergonomics)
[21.234s][info][gc,phases,start] GC(175) Marking Phase
[21.482s][info][gc,phases      ] GC(175) Marking Phase 248.216ms
[21.482s][info][gc,phases,start] GC(175) Summary Phase
[21.482s][info][gc,phases      ] GC(175) Summary Phase 0.024ms
[21.482s][info][gc,phases,start] GC(175) Adjust Roots
[21.483s][info][gc,phases      ] GC(175) Adjust Roots 0.183ms
[21.483s][info][gc,phases,start] GC(175) Compaction Phase
[21.553s][info][gc,phases      ] GC(175) Compaction Phase 70.855ms
[21.554s][info][gc,phases,start] GC(175) Post Compact
[21.555s][info][gc,phases      ] GC(175) Post Compact 1.947ms
[21.556s][info][gc,heap        ] GC(175) PSYoungGen: 22020K(82944K)->22020K(82944K) Eden: 19456K(19456K)->19456K(19456K) From: 2564K(63488K)->2564K(63488K)
[21.556s][info][gc,heap        ] GC(175) ParOldGen: 1023900K(1024000K)->1023900K(1024000K)
[21.556s][info][gc,metaspace   ] GC(175) Metaspace: 6301K(6464K)->6301K(6464K) NonClass: 5768K(5824K)->5768K(5824K) Class: 533K(640K)->533K(640K)
[21.556s][info][gc             ] GC(175) Pause Full (Ergonomics) 1021M->1021M(1081M) 321.567ms
[21.556s][info][gc,cpu         ] GC(175) User=1.97s Sys=0.02s Real=0.32s
[21.556s][info][gc,start       ] GC(176) Pause Full (Ergonomics)
[21.556s][info][gc,phases,start] GC(176) Marking Phase
[21.795s][info][gc,phases      ] GC(176) Marking Phase 239.529ms
[21.796s][info][gc,phases,start] GC(176) Summary Phase
[21.796s][info][gc,phases      ] GC(176) Summary Phase 0.023ms
[21.796s][info][gc,phases,start] GC(176) Adjust Roots
[21.796s][info][gc,phases      ] GC(176) Adjust Roots 0.188ms
[21.796s][info][gc,phases,start] GC(176) Compaction Phase
[21.866s][info][gc,phases      ] GC(176) Compaction Phase 70.470ms
[21.866s][info][gc,phases,start] GC(176) Post Compact
[21.868s][info][gc,phases      ] GC(176) Post Compact 1.901ms
[21.868s][info][gc,heap        ] GC(176) PSYoungGen: 22020K(82944K)->22020K(82944K) Eden: 19456K(19456K)->19456K(19456K) From: 2564K(63488K)->2564K(63488K)
[21.868s][info][gc,heap        ] GC(176) ParOldGen: 1023905K(1024000K)->1023905K(1024000K)
[21.868s][info][gc,metaspace   ] GC(176) Metaspace: 6301K(6464K)->6301K(6464K) NonClass: 5768K(5824K)->5768K(5824K) Class: 533K(640K)->533K(640K)
[21.868s][info][gc             ] GC(176) Pause Full (Ergonomics) 1021M->1021M(1081M) 312.469ms
[21.868s][info][gc,cpu         ] GC(176) User=2.00s Sys=0.02s Real=0.31s
[21.869s][info][gc,start       ] GC(177) Pause Full (Ergonomics)
[21.869s][info][gc,phases,start] GC(177) Marking Phase
[22.125s][info][gc,phases      ] GC(177) Marking Phase 255.861ms
[22.125s][info][gc,phases,start] GC(177) Summary Phase
[22.125s][info][gc,phases      ] GC(177) Summary Phase 0.023ms
[22.125s][info][gc,phases,start] GC(177) Adjust Roots
[22.125s][info][gc,phases      ] GC(177) Adjust Roots 0.187ms
[22.125s][info][gc,phases,start] GC(177) Compaction Phase
[22.196s][info][gc,phases      ] GC(177) Compaction Phase 70.642ms
[22.196s][info][gc,phases,start] GC(177) Post Compact
[22.198s][info][gc,phases      ] GC(177) Post Compact 1.885ms
[22.198s][info][gc,heap        ] GC(177) PSYoungGen: 22020K(82944K)->22020K(82944K) Eden: 19456K(19456K)->19456K(19456K) From: 2564K(63488K)->2564K(63488K)
[22.198s][info][gc,heap        ] GC(177) ParOldGen: 1023910K(1024000K)->1023910K(1024000K)
[22.198s][info][gc,metaspace   ] GC(177) Metaspace: 6301K(6464K)->6301K(6464K) NonClass: 5768K(5824K)->5768K(5824K) Class: 533K(640K)->533K(640K)
[22.198s][info][gc             ] GC(177) Pause Full (Ergonomics) 1021M->1021M(1081M) 328.947ms
[22.198s][info][gc,cpu         ] GC(177) User=2.06s Sys=0.02s Real=0.33s
[22.198s][info][gc,start       ] GC(178) Pause Full (Ergonomics)
[22.198s][info][gc,phases,start] GC(178) Marking Phase
[22.450s][info][gc,phases      ] GC(178) Marking Phase 252.247ms
[22.450s][info][gc,phases,start] GC(178) Summary Phase
[22.450s][info][gc,phases      ] GC(178) Summary Phase 0.024ms
[22.450s][info][gc,phases,start] GC(178) Adjust Roots
[22.451s][info][gc,phases      ] GC(178) Adjust Roots 0.198ms
[22.451s][info][gc,phases,start] GC(178) Compaction Phase
[22.516s][info][gc,phases      ] GC(178) Compaction Phase 65.513ms
[22.516s][info][gc,phases,start] GC(178) Post Compact
[22.518s][info][gc,phases      ] GC(178) Post Compact 1.585ms
[22.518s][info][gc,heap        ] GC(178) PSYoungGen: 22020K(82944K)->22020K(82944K) Eden: 19456K(19456K)->19456K(19456K) From: 2564K(63488K)->2564K(63488K)
[22.518s][info][gc,heap        ] GC(178) ParOldGen: 1023914K(1024000K)->1023914K(1024000K)
[22.518s][info][gc,metaspace   ] GC(178) Metaspace: 6301K(6464K)->6301K(6464K) NonClass: 5768K(5824K)->5768K(5824K) Class: 533K(640K)->533K(640K)
[22.518s][info][gc             ] GC(178) Pause Full (Ergonomics) 1021M->1021M(1081M) 319.865ms
[22.518s][info][gc,cpu         ] GC(178) User=2.08s Sys=0.00s Real=0.32s
[22.518s][info][gc,start       ] GC(179) Pause Full (Ergonomics)
[22.518s][info][gc,phases,start] GC(179) Marking Phase
[22.770s][info][gc,phases      ] GC(179) Marking Phase 251.703ms
[22.770s][info][gc,phases,start] GC(179) Summary Phase
[22.770s][info][gc,phases      ] GC(179) Summary Phase 0.024ms
[22.770s][info][gc,phases,start] GC(179) Adjust Roots
[22.770s][info][gc,phases      ] GC(179) Adjust Roots 0.185ms
[22.770s][info][gc,phases,start] GC(179) Compaction Phase
[22.837s][info][gc,phases      ] GC(179) Compaction Phase 67.041ms
[22.837s][info][gc,phases,start] GC(179) Post Compact
[22.839s][info][gc,phases      ] GC(179) Post Compact 1.603ms
[22.839s][info][gc,heap        ] GC(179) PSYoungGen: 22020K(82944K)->22020K(82944K) Eden: 19456K(19456K)->19456K(19456K) From: 2564K(63488K)->2564K(63488K)
[22.839s][info][gc,heap        ] GC(179) ParOldGen: 1023919K(1024000K)->1023919K(1024000K)
[22.839s][info][gc,metaspace   ] GC(179) Metaspace: 6301K(6464K)->6301K(6464K) NonClass: 5768K(5824K)->5768K(5824K) Class: 533K(640K)->533K(640K)
[22.839s][info][gc             ] GC(179) Pause Full (Ergonomics) 1021M->1021M(1081M) 320.881ms
[22.839s][info][gc,cpu         ] GC(179) User=1.95s Sys=0.02s Real=0.32s
[22.839s][info][gc,start       ] GC(180) Pause Full (Ergonomics)
[22.839s][info][gc,phases,start] GC(180) Marking Phase
[23.088s][info][gc,phases      ] GC(180) Marking Phase 249.087ms
[23.088s][info][gc,phases,start] GC(180) Summary Phase
[23.088s][info][gc,phases      ] GC(180) Summary Phase 0.023ms
[23.088s][info][gc,phases,start] GC(180) Adjust Roots
[23.089s][info][gc,phases      ] GC(180) Adjust Roots 0.185ms
[23.089s][info][gc,phases,start] GC(180) Compaction Phase
[23.162s][info][gc,phases      ] GC(180) Compaction Phase 73.088ms
[23.162s][info][gc,phases,start] GC(180) Post Compact
[23.164s][info][gc,phases      ] GC(180) Post Compact 1.844ms
[23.164s][info][gc,heap        ] GC(180) PSYoungGen: 22020K(82944K)->22020K(82944K) Eden: 19456K(19456K)->19456K(19456K) From: 2564K(63488K)->2564K(63488K)
[23.164s][info][gc,heap        ] GC(180) ParOldGen: 1023924K(1024000K)->1023924K(1024000K)
[23.164s][info][gc,metaspace   ] GC(180) Metaspace: 6301K(6464K)->6301K(6464K) NonClass: 5768K(5824K)->5768K(5824K) Class: 533K(640K)->533K(640K)
[23.164s][info][gc             ] GC(180) Pause Full (Ergonomics) 1021M->1021M(1081M) 324.568ms
[23.164s][info][gc,cpu         ] GC(180) User=2.08s Sys=0.02s Real=0.32s
[23.164s][info][gc,start       ] GC(181) Pause Full (Ergonomics)
[23.164s][info][gc,phases,start] GC(181) Marking Phase
[23.414s][info][gc,phases      ] GC(181) Marking Phase 249.593ms
[23.414s][info][gc,phases,start] GC(181) Summary Phase
[23.414s][info][gc,phases      ] GC(181) Summary Phase 0.023ms
[23.414s][info][gc,phases,start] GC(181) Adjust Roots
[23.414s][info][gc,phases      ] GC(181) Adjust Roots 0.186ms
[23.414s][info][gc,phases,start] GC(181) Compaction Phase
[23.484s][info][gc,phases      ] GC(181) Compaction Phase 69.882ms
[23.484s][info][gc,phases,start] GC(181) Post Compact
[23.486s][info][gc,phases      ] GC(181) Post Compact 1.582ms
[23.486s][info][gc,heap        ] GC(181) PSYoungGen: 22020K(82944K)->22020K(82944K) Eden: 19456K(19456K)->19456K(19456K) From: 2564K(63488K)->2564K(63488K)
[23.486s][info][gc,heap        ] GC(181) ParOldGen: 1023928K(1024000K)->1023928K(1024000K)
[23.486s][info][gc,metaspace   ] GC(181) Metaspace: 6301K(6464K)->6301K(6464K) NonClass: 5768K(5824K)->5768K(5824K) Class: 533K(640K)->533K(640K)
[23.486s][info][gc             ] GC(181) Pause Full (Ergonomics) 1021M->1021M(1081M) 321.565ms
[23.486s][info][gc,cpu         ] GC(181) User=2.05s Sys=0.00s Real=0.32s
[23.486s][info][gc,start       ] GC(182) Pause Full (Ergonomics)
[23.486s][info][gc,phases,start] GC(182) Marking Phase
[23.739s][info][gc,phases      ] GC(182) Marking Phase 252.653ms
[23.739s][info][gc,phases,start] GC(182) Summary Phase
[23.739s][info][gc,phases      ] GC(182) Summary Phase 0.024ms
[23.739s][info][gc,phases,start] GC(182) Adjust Roots
[23.739s][info][gc,phases      ] GC(182) Adjust Roots 0.189ms
[23.739s][info][gc,phases,start] GC(182) Compaction Phase
[23.810s][info][gc,phases      ] GC(182) Compaction Phase 71.521ms
[23.811s][info][gc,phases,start] GC(182) Post Compact
[23.812s][info][gc,phases      ] GC(182) Post Compact 1.885ms
[23.813s][info][gc,heap        ] GC(182) PSYoungGen: 22020K(82944K)->22020K(82944K) Eden: 19456K(19456K)->19456K(19456K) From: 2564K(63488K)->2564K(63488K)
[23.813s][info][gc,heap        ] GC(182) ParOldGen: 1023933K(1024000K)->1023933K(1024000K)
[23.813s][info][gc,metaspace   ] GC(182) Metaspace: 6301K(6464K)->6301K(6464K) NonClass: 5768K(5824K)->5768K(5824K) Class: 533K(640K)->533K(640K)
[23.813s][info][gc             ] GC(182) Pause Full (Ergonomics) 1021M->1021M(1081M) 326.621ms
[23.813s][info][gc,cpu         ] GC(182) User=2.02s Sys=0.00s Real=0.33s
[23.813s][info][gc,start       ] GC(183) Pause Full (Ergonomics)
[23.813s][info][gc,phases,start] GC(183) Marking Phase
[24.062s][info][gc,phases      ] GC(183) Marking Phase 249.098ms
[24.062s][info][gc,phases,start] GC(183) Summary Phase
[24.062s][info][gc,phases      ] GC(183) Summary Phase 0.024ms
[24.062s][info][gc,phases,start] GC(183) Adjust Roots
[24.062s][info][gc,phases      ] GC(183) Adjust Roots 0.187ms
[24.062s][info][gc,phases,start] GC(183) Compaction Phase
[24.140s][info][gc,phases      ] GC(183) Compaction Phase 77.434ms
[24.140s][info][gc,phases,start] GC(183) Post Compact
[24.142s][info][gc,phases      ] GC(183) Post Compact 1.746ms
[24.142s][info][gc,heap        ] GC(183) PSYoungGen: 22020K(82944K)->22020K(82944K) Eden: 19456K(19456K)->19456K(19456K) From: 2564K(63488K)->2564K(63488K)
[24.142s][info][gc,heap        ] GC(183) ParOldGen: 1023938K(1024000K)->1023938K(1024000K)
[24.142s][info][gc,metaspace   ] GC(183) Metaspace: 6301K(6464K)->6301K(6464K) NonClass: 5768K(5824K)->5768K(5824K) Class: 533K(640K)->533K(640K)
[24.142s][info][gc             ] GC(183) Pause Full (Ergonomics) 1021M->1021M(1081M) 328.815ms
[24.142s][info][gc,cpu         ] GC(183) User=2.02s Sys=0.00s Real=0.33s
[24.142s][info][gc,start       ] GC(184) Pause Full (Ergonomics)
[24.142s][info][gc,phases,start] GC(184) Marking Phase
[24.388s][info][gc,phases      ] GC(184) Marking Phase 245.839ms
[24.388s][info][gc,phases,start] GC(184) Summary Phase
[24.388s][info][gc,phases      ] GC(184) Summary Phase 0.024ms
[24.388s][info][gc,phases,start] GC(184) Adjust Roots
[24.388s][info][gc,phases      ] GC(184) Adjust Roots 0.195ms
[24.388s][info][gc,phases,start] GC(184) Compaction Phase
[24.454s][info][gc,phases      ] GC(184) Compaction Phase 66.195ms
[24.454s][info][gc,phases,start] GC(184) Post Compact
[24.456s][info][gc,phases      ] GC(184) Post Compact 1.608ms
[24.456s][info][gc,heap        ] GC(184) PSYoungGen: 22020K(82944K)->22020K(82944K) Eden: 19456K(19456K)->19456K(19456K) From: 2564K(63488K)->2564K(63488K)
[24.456s][info][gc,heap        ] GC(184) ParOldGen: 1023942K(1024000K)->1023942K(1024000K)
[24.456s][info][gc,metaspace   ] GC(184) Metaspace: 6301K(6464K)->6301K(6464K) NonClass: 5768K(5824K)->5768K(5824K) Class: 533K(640K)->533K(640K)
[24.456s][info][gc             ] GC(184) Pause Full (Ergonomics) 1021M->1021M(1081M) 314.166ms
[24.456s][info][gc,cpu         ] GC(184) User=2.00s Sys=0.00s Real=0.31s
[24.456s][info][gc,start       ] GC(185) Pause Full (Ergonomics)
[24.456s][info][gc,phases,start] GC(185) Marking Phase
[24.708s][info][gc,phases      ] GC(185) Marking Phase 251.798ms
[24.708s][info][gc,phases,start] GC(185) Summary Phase
[24.708s][info][gc,phases      ] GC(185) Summary Phase 0.023ms
[24.708s][info][gc,phases,start] GC(185) Adjust Roots
[24.709s][info][gc,phases      ] GC(185) Adjust Roots 0.185ms
[24.709s][info][gc,phases,start] GC(185) Compaction Phase
[24.778s][info][gc,phases      ] GC(185) Compaction Phase 69.765ms
[24.778s][info][gc,phases,start] GC(185) Post Compact
[24.780s][info][gc,phases      ] GC(185) Post Compact 1.785ms
[24.780s][info][gc,heap        ] GC(185) PSYoungGen: 22020K(82944K)->22020K(82944K) Eden: 19456K(19456K)->19456K(19456K) From: 2564K(63488K)->2564K(63488K)
[24.780s][info][gc,heap        ] GC(185) ParOldGen: 1023947K(1024000K)->1023947K(1024000K)
[24.780s][info][gc,metaspace   ] GC(185) Metaspace: 6301K(6464K)->6301K(6464K) NonClass: 5768K(5824K)->5768K(5824K) Class: 533K(640K)->533K(640K)
[24.780s][info][gc             ] GC(185) Pause Full (Ergonomics) 1021M->1021M(1081M) 323.877ms
[24.780s][info][gc,cpu         ] GC(185) User=2.00s Sys=0.00s Real=0.32s
[24.781s][info][gc,start       ] GC(186) Pause Full (Ergonomics)
[24.781s][info][gc,phases,start] GC(186) Marking Phase
[25.035s][info][gc,phases      ] GC(186) Marking Phase 254.150ms
[25.035s][info][gc,phases,start] GC(186) Summary Phase
[25.035s][info][gc,phases      ] GC(186) Summary Phase 0.024ms
[25.035s][info][gc,phases,start] GC(186) Adjust Roots
[25.035s][info][gc,phases      ] GC(186) Adjust Roots 0.187ms
[25.035s][info][gc,phases,start] GC(186) Compaction Phase
[25.105s][info][gc,phases      ] GC(186) Compaction Phase 70.176ms
[25.105s][info][gc,phases,start] GC(186) Post Compact
[25.107s][info][gc,phases      ] GC(186) Post Compact 1.849ms
[25.107s][info][gc,heap        ] GC(186) PSYoungGen: 22020K(82944K)->22020K(82944K) Eden: 19456K(19456K)->19456K(19456K) From: 2564K(63488K)->2564K(63488K)
[25.107s][info][gc,heap        ] GC(186) ParOldGen: 1023952K(1024000K)->1023952K(1024000K)
[25.107s][info][gc,metaspace   ] GC(186) Metaspace: 6301K(6464K)->6301K(6464K) NonClass: 5768K(5824K)->5768K(5824K) Class: 533K(640K)->533K(640K)
[25.107s][info][gc             ] GC(186) Pause Full (Ergonomics) 1021M->1021M(1081M) 326.711ms
[25.107s][info][gc,cpu         ] GC(186) User=2.03s Sys=0.00s Real=0.33s
[25.108s][info][gc,start       ] GC(187) Pause Full (Ergonomics)
[25.108s][info][gc,phases,start] GC(187) Marking Phase
[25.353s][info][gc,phases      ] GC(187) Marking Phase 245.283ms
[25.353s][info][gc,phases,start] GC(187) Summary Phase
[25.353s][info][gc,phases      ] GC(187) Summary Phase 0.023ms
[25.353s][info][gc,phases,start] GC(187) Adjust Roots
[25.353s][info][gc,phases      ] GC(187) Adjust Roots 0.190ms
[25.353s][info][gc,phases,start] GC(187) Compaction Phase
[25.424s][info][gc,phases      ] GC(187) Compaction Phase 71.076ms
[25.424s][info][gc,phases,start] GC(187) Post Compact
[25.426s][info][gc,phases      ] GC(187) Post Compact 1.607ms
[25.426s][info][gc,heap        ] GC(187) PSYoungGen: 22020K(82944K)->22020K(82944K) Eden: 19456K(19456K)->19456K(19456K) From: 2564K(63488K)->2564K(63488K)
[25.426s][info][gc,heap        ] GC(187) ParOldGen: 1023956K(1024000K)->1023956K(1024000K)
[25.426s][info][gc,metaspace   ] GC(187) Metaspace: 6301K(6464K)->6301K(6464K) NonClass: 5768K(5824K)->5768K(5824K) Class: 533K(640K)->533K(640K)
[25.426s][info][gc             ] GC(187) Pause Full (Ergonomics) 1021M->1021M(1081M) 318.493ms
[25.426s][info][gc,cpu         ] GC(187) User=1.97s Sys=0.02s Real=0.32s
[25.426s][info][gc,start       ] GC(188) Pause Full (Ergonomics)
[25.426s][info][gc,phases,start] GC(188) Marking Phase
[25.666s][info][gc,phases      ] GC(188) Marking Phase 239.399ms
[25.666s][info][gc,phases,start] GC(188) Summary Phase
[25.666s][info][gc,phases      ] GC(188) Summary Phase 0.023ms
[25.666s][info][gc,phases,start] GC(188) Adjust Roots
[25.666s][info][gc,phases      ] GC(188) Adjust Roots 0.188ms
[25.666s][info][gc,phases,start] GC(188) Compaction Phase
[25.733s][info][gc,phases      ] GC(188) Compaction Phase 67.030ms
[25.733s][info][gc,phases,start] GC(188) Post Compact
[25.735s][info][gc,phases      ] GC(188) Post Compact 1.612ms
[25.735s][info][gc,heap        ] GC(188) PSYoungGen: 22020K(82944K)->22020K(82944K) Eden: 19456K(19456K)->19456K(19456K) From: 2564K(63488K)->2564K(63488K)
[25.735s][info][gc,heap        ] GC(188) ParOldGen: 1023961K(1024000K)->1023961K(1024000K)
[25.735s][info][gc,metaspace   ] GC(188) Metaspace: 6301K(6464K)->6301K(6464K) NonClass: 5768K(5824K)->5768K(5824K) Class: 533K(640K)->533K(640K)
[25.735s][info][gc             ] GC(188) Pause Full (Ergonomics) 1021M->1021M(1081M) 308.552ms
[25.735s][info][gc,cpu         ] GC(188) User=1.91s Sys=0.00s Real=0.31s
[25.735s][info][gc,start       ] GC(189) Pause Full (Ergonomics)
[25.735s][info][gc,phases,start] GC(189) Marking Phase
[25.989s][info][gc,phases      ] GC(189) Marking Phase 253.865ms
[25.989s][info][gc,phases,start] GC(189) Summary Phase
[25.989s][info][gc,phases      ] GC(189) Summary Phase 0.049ms
[25.989s][info][gc,phases,start] GC(189) Adjust Roots
[25.989s][info][gc,phases      ] GC(189) Adjust Roots 0.187ms
[25.989s][info][gc,phases,start] GC(189) Compaction Phase
[26.063s][info][gc,phases      ] GC(189) Compaction Phase 73.089ms
[26.063s][info][gc,phases,start] GC(189) Post Compact
[26.064s][info][gc,phases      ] GC(189) Post Compact 1.826ms
[26.064s][info][gc,heap        ] GC(189) PSYoungGen: 22020K(82944K)->22020K(82944K) Eden: 19456K(19456K)->19456K(19456K) From: 2564K(63488K)->2564K(63488K)
[26.064s][info][gc,heap        ] GC(189) ParOldGen: 1023966K(1024000K)->1023966K(1024000K)
[26.065s][info][gc,metaspace   ] GC(189) Metaspace: 6301K(6464K)->6301K(6464K) NonClass: 5768K(5824K)->5768K(5824K) Class: 533K(640K)->533K(640K)
[26.065s][info][gc             ] GC(189) Pause Full (Ergonomics) 1021M->1021M(1081M) 329.333ms
[26.065s][info][gc,cpu         ] GC(189) User=1.98s Sys=0.02s Real=0.33s
[26.065s][info][gc,start       ] GC(190) Pause Full (Ergonomics)
[26.065s][info][gc,phases,start] GC(190) Marking Phase
[26.321s][info][gc,phases      ] GC(190) Marking Phase 256.203ms
[26.321s][info][gc,phases,start] GC(190) Summary Phase
[26.321s][info][gc,phases      ] GC(190) Summary Phase 0.024ms
[26.321s][info][gc,phases,start] GC(190) Adjust Roots
[26.321s][info][gc,phases      ] GC(190) Adjust Roots 0.196ms
[26.321s][info][gc,phases,start] GC(190) Compaction Phase
[26.388s][info][gc,phases      ] GC(190) Compaction Phase 67.021ms
[26.389s][info][gc,phases,start] GC(190) Post Compact
[26.390s][info][gc,phases      ] GC(190) Post Compact 1.613ms
[26.390s][info][gc,heap        ] GC(190) PSYoungGen: 22020K(82944K)->22020K(82944K) Eden: 19456K(19456K)->19456K(19456K) From: 2564K(63488K)->2564K(63488K)
[26.390s][info][gc,heap        ] GC(190) ParOldGen: 1023970K(1024000K)->1023970K(1024000K)
[26.390s][info][gc,metaspace   ] GC(190) Metaspace: 6301K(6464K)->6301K(6464K) NonClass: 5768K(5824K)->5768K(5824K) Class: 533K(640K)->533K(640K)
[26.390s][info][gc             ] GC(190) Pause Full (Ergonomics) 1021M->1021M(1081M) 325.377ms
[26.390s][info][gc,cpu         ] GC(190) User=2.03s Sys=0.00s Real=0.33s
[26.391s][info][gc,start       ] GC(191) Pause Full (Ergonomics)
[26.391s][info][gc,phases,start] GC(191) Marking Phase
[26.638s][info][gc,phases      ] GC(191) Marking Phase 247.900ms
[26.639s][info][gc,phases,start] GC(191) Summary Phase
[26.639s][info][gc,phases      ] GC(191) Summary Phase 0.023ms
[26.639s][info][gc,phases,start] GC(191) Adjust Roots
[26.639s][info][gc,phases      ] GC(191) Adjust Roots 0.223ms
[26.639s][info][gc,phases,start] GC(191) Compaction Phase
[26.709s][info][gc,phases      ] GC(191) Compaction Phase 70.420ms
[26.709s][info][gc,phases,start] GC(191) Post Compact
[26.711s][info][gc,phases      ] GC(191) Post Compact 1.586ms
[26.711s][info][gc,heap        ] GC(191) PSYoungGen: 22020K(82944K)->22020K(82944K) Eden: 19456K(19456K)->19456K(19456K) From: 2564K(63488K)->2564K(63488K)
[26.711s][info][gc,heap        ] GC(191) ParOldGen: 1023975K(1024000K)->1023975K(1024000K)
[26.711s][info][gc,metaspace   ] GC(191) Metaspace: 6301K(6464K)->6301K(6464K) NonClass: 5768K(5824K)->5768K(5824K) Class: 533K(640K)->533K(640K)
[26.711s][info][gc             ] GC(191) Pause Full (Ergonomics) 1021M->1021M(1081M) 320.461ms
[26.711s][info][gc,cpu         ] GC(191) User=1.98s Sys=0.02s Real=0.32s
[26.711s][info][gc,start       ] GC(192) Pause Full (Ergonomics)
[26.711s][info][gc,phases,start] GC(192) Marking Phase
[26.961s][info][gc,phases      ] GC(192) Marking Phase 249.290ms
[26.961s][info][gc,phases,start] GC(192) Summary Phase
[26.961s][info][gc,phases      ] GC(192) Summary Phase 0.024ms
[26.961s][info][gc,phases,start] GC(192) Adjust Roots
[26.961s][info][gc,phases      ] GC(192) Adjust Roots 0.191ms
[26.961s][info][gc,phases,start] GC(192) Compaction Phase
[27.032s][info][gc,phases      ] GC(192) Compaction Phase 71.140ms
[27.032s][info][gc,phases,start] GC(192) Post Compact
[27.034s][info][gc,phases      ] GC(192) Post Compact 1.606ms
[27.034s][info][gc,heap        ] GC(192) PSYoungGen: 22020K(82944K)->22020K(82944K) Eden: 19456K(19456K)->19456K(19456K) From: 2564K(63488K)->2564K(63488K)
[27.034s][info][gc,heap        ] GC(192) ParOldGen: 1023980K(1024000K)->1023980K(1024000K)
[27.034s][info][gc,metaspace   ] GC(192) Metaspace: 6301K(6464K)->6301K(6464K) NonClass: 5768K(5824K)->5768K(5824K) Class: 533K(640K)->533K(640K)
[27.034s][info][gc             ] GC(192) Pause Full (Ergonomics) 1021M->1021M(1081M) 322.557ms
[27.034s][info][gc,cpu         ] GC(192) User=2.08s Sys=0.02s Real=0.32s
[27.034s][info][gc,start       ] GC(193) Pause Full (Ergonomics)
[27.034s][info][gc,phases,start] GC(193) Marking Phase
[27.282s][info][gc,phases      ] GC(193) Marking Phase 248.225ms
[27.282s][info][gc,phases,start] GC(193) Summary Phase
[27.282s][info][gc,phases      ] GC(193) Summary Phase 0.023ms
[27.282s][info][gc,phases,start] GC(193) Adjust Roots
[27.283s][info][gc,phases      ] GC(193) Adjust Roots 0.257ms
[27.283s][info][gc,phases,start] GC(193) Compaction Phase
[27.358s][info][gc,phases      ] GC(193) Compaction Phase 74.944ms
[27.358s][info][gc,phases,start] GC(193) Post Compact
[27.359s][info][gc,phases      ] GC(193) Post Compact 1.608ms
[27.359s][info][gc,heap        ] GC(193) PSYoungGen: 22020K(82944K)->22020K(82944K) Eden: 19456K(19456K)->19456K(19456K) From: 2564K(63488K)->2564K(63488K)
[27.359s][info][gc,heap        ] GC(193) ParOldGen: 1023984K(1024000K)->1023984K(1024000K)
[27.359s][info][gc,metaspace   ] GC(193) Metaspace: 6301K(6464K)->6301K(6464K) NonClass: 5768K(5824K)->5768K(5824K) Class: 533K(640K)->533K(640K)
[27.359s][info][gc             ] GC(193) Pause Full (Ergonomics) 1021M->1021M(1081M) 325.366ms
[27.359s][info][gc,cpu         ] GC(193) User=1.95s Sys=0.02s Real=0.33s
[27.360s][info][gc,start       ] GC(194) Pause Full (Ergonomics)
[27.360s][info][gc,phases,start] GC(194) Marking Phase
[27.608s][info][gc,phases      ] GC(194) Marking Phase 248.452ms
[27.608s][info][gc,phases,start] GC(194) Summary Phase
[27.608s][info][gc,phases      ] GC(194) Summary Phase 0.023ms
[27.608s][info][gc,phases,start] GC(194) Adjust Roots
[27.608s][info][gc,phases      ] GC(194) Adjust Roots 0.186ms
[27.608s][info][gc,phases,start] GC(194) Compaction Phase
[27.675s][info][gc,phases      ] GC(194) Compaction Phase 66.761ms
[27.675s][info][gc,phases,start] GC(194) Post Compact
[27.677s][info][gc,phases      ] GC(194) Post Compact 1.595ms
[27.677s][info][gc,heap        ] GC(194) PSYoungGen: 22020K(82944K)->22020K(82944K) Eden: 19456K(19456K)->19456K(19456K) From: 2564K(63488K)->2564K(63488K)
[27.677s][info][gc,heap        ] GC(194) ParOldGen: 1023989K(1024000K)->1023989K(1024000K)
[27.677s][info][gc,metaspace   ] GC(194) Metaspace: 6301K(6464K)->6301K(6464K) NonClass: 5768K(5824K)->5768K(5824K) Class: 533K(640K)->533K(640K)
[27.677s][info][gc             ] GC(194) Pause Full (Ergonomics) 1021M->1021M(1081M) 317.313ms
[27.677s][info][gc,cpu         ] GC(194) User=1.97s Sys=0.00s Real=0.32s
[27.677s][info][gc,start       ] GC(195) Pause Full (Ergonomics)
[27.677s][info][gc,phases,start] GC(195) Marking Phase
[27.926s][info][gc,phases      ] GC(195) Marking Phase 249.096ms
[27.926s][info][gc,phases,start] GC(195) Summary Phase
[27.926s][info][gc,phases      ] GC(195) Summary Phase 0.024ms
[27.926s][info][gc,phases,start] GC(195) Adjust Roots
[27.927s][info][gc,phases      ] GC(195) Adjust Roots 0.177ms
[27.927s][info][gc,phases,start] GC(195) Compaction Phase
[27.998s][info][gc,phases      ] GC(195) Compaction Phase 70.882ms
[27.998s][info][gc,phases,start] GC(195) Post Compact
[27.999s][info][gc,phases      ] GC(195) Post Compact 1.608ms
[27.999s][info][gc,heap        ] GC(195) PSYoungGen: 22020K(82944K)->22020K(82944K) Eden: 19456K(19456K)->19456K(19456K) From: 2564K(63488K)->2564K(63488K)
[27.999s][info][gc,heap        ] GC(195) ParOldGen: 1023994K(1024000K)->1023994K(1024000K)
[27.999s][info][gc,metaspace   ] GC(195) Metaspace: 6301K(6464K)->6301K(6464K) NonClass: 5768K(5824K)->5768K(5824K) Class: 533K(640K)->533K(640K)
[27.999s][info][gc             ] GC(195) Pause Full (Ergonomics) 1021M->1021M(1081M) 322.093ms
[27.999s][info][gc,cpu         ] GC(195) User=1.98s Sys=0.00s Real=0.32s
[28.000s][info][gc,start       ] GC(196) Pause Full (Ergonomics)
[28.000s][info][gc,phases,start] GC(196) Marking Phase
[28.249s][info][gc,phases      ] GC(196) Marking Phase 249.523ms
[28.249s][info][gc,phases,start] GC(196) Summary Phase
[28.249s][info][gc,phases      ] GC(196) Summary Phase 0.024ms
[28.249s][info][gc,phases,start] GC(196) Adjust Roots
[28.249s][info][gc,phases      ] GC(196) Adjust Roots 0.195ms
[28.250s][info][gc,phases,start] GC(196) Compaction Phase
[28.323s][info][gc,phases      ] GC(196) Compaction Phase 73.460ms
[28.323s][info][gc,phases,start] GC(196) Post Compact
[28.325s][info][gc,phases      ] GC(196) Post Compact 1.928ms
[28.325s][info][gc,heap        ] GC(196) PSYoungGen: 22020K(82944K)->22020K(82944K) Eden: 19456K(19456K)->19456K(19456K) From: 2564K(63488K)->2564K(63488K)
[28.325s][info][gc,heap        ] GC(196) ParOldGen: 1023998K(1024000K)->1023998K(1024000K)
[28.325s][info][gc,metaspace   ] GC(196) Metaspace: 6301K(6464K)->6301K(6464K) NonClass: 5768K(5824K)->5768K(5824K) Class: 533K(640K)->533K(640K)
[28.325s][info][gc             ] GC(196) Pause Full (Ergonomics) 1021M->1021M(1081M) 325.466ms
[28.325s][info][gc,cpu         ] GC(196) User=1.97s Sys=0.00s Real=0.33s
[28.325s][info][gc,start       ] GC(197) Pause Full (Ergonomics)
[28.325s][info][gc,phases,start] GC(197) Marking Phase
[28.582s][info][gc,phases      ] GC(197) Marking Phase 256.325ms
[28.582s][info][gc,phases,start] GC(197) Summary Phase
[28.582s][info][gc,phases      ] GC(197) Summary Phase 0.023ms
[28.582s][info][gc,phases,start] GC(197) Adjust Roots
[28.582s][info][gc,phases      ] GC(197) Adjust Roots 0.186ms
[28.582s][info][gc,phases,start] GC(197) Compaction Phase
[28.650s][info][gc,phases      ] GC(197) Compaction Phase 67.690ms
[28.650s][info][gc,phases,start] GC(197) Post Compact
[28.651s][info][gc,phases      ] GC(197) Post Compact 1.620ms
[28.652s][info][gc,heap        ] GC(197) PSYoungGen: 22020K(82944K)->22020K(82944K) Eden: 19456K(19456K)->19456K(19456K) From: 2564K(63488K)->2564K(63488K)
[28.652s][info][gc,heap        ] GC(197) ParOldGen: 1023999K(1024000K)->1023999K(1024000K)
[28.652s][info][gc,metaspace   ] GC(197) Metaspace: 6301K(6464K)->6301K(6464K) NonClass: 5768K(5824K)->5768K(5824K) Class: 533K(640K)->533K(640K)
[28.652s][info][gc             ] GC(197) Pause Full (Ergonomics) 1021M->1021M(1081M) 326.159ms
[28.652s][info][gc,cpu         ] GC(197) User=2.02s Sys=0.02s Real=0.33s
[28.652s][info][gc,start       ] GC(198) Pause Full (Allocation Failure)
[28.652s][info][gc,phases,start] GC(198) Marking Phase
[28.890s][info][gc,phases      ] GC(198) Marking Phase 238.517ms
[28.890s][info][gc,phases,start] GC(198) Summary Phase
[28.890s][info][gc,phases      ] GC(198) Summary Phase 0.024ms
[28.890s][info][gc,phases,start] GC(198) Adjust Roots
[28.891s][info][gc,phases      ] GC(198) Adjust Roots 0.323ms
[28.891s][info][gc,phases,start] GC(198) Compaction Phase
[29.147s][info][gc,phases      ] GC(198) Compaction Phase 256.573ms
[29.147s][info][gc,phases,start] GC(198) Post Compact
[29.149s][info][gc,phases      ] GC(198) Post Compact 2.046ms
[29.149s][info][gc,heap        ] GC(198) PSYoungGen: 22020K(82944K)->22020K(82944K) Eden: 19456K(19456K)->19456K(19456K) From: 2564K(63488K)->2564K(63488K)
[29.149s][info][gc,heap        ] GC(198) ParOldGen: 1023999K(1024000K)->1023995K(1024000K)
[29.149s][info][gc,metaspace   ] GC(198) Metaspace: 6301K(6464K)->6300K(6464K) NonClass: 5768K(5824K)->5767K(5824K) Class: 533K(640K)->532K(640K)
[29.149s][info][gc             ] GC(198) Pause Full (Allocation Failure) 1021M->1021M(1081M) 497.793ms
[29.150s][info][gc,cpu         ] GC(198) User=3.16s Sys=0.02s Real=0.50s
[29.150s][info][gc,start       ] GC(199) Pause Full (Ergonomics)
[29.150s][info][gc,phases,start] GC(199) Marking Phase
[29.398s][info][gc,phases      ] GC(199) Marking Phase 248.150ms
[29.398s][info][gc,phases,start] GC(199) Summary Phase
[29.398s][info][gc,phases      ] GC(199) Summary Phase 0.024ms
[29.398s][info][gc,phases,start] GC(199) Adjust Roots
[29.399s][info][gc,phases      ] GC(199) Adjust Roots 0.211ms
[29.399s][info][gc,phases,start] GC(199) Compaction Phase
[29.472s][info][gc,phases      ] GC(199) Compaction Phase 73.353ms
[29.472s][info][gc,phases,start] GC(199) Post Compact
[29.474s][info][gc,phases      ] GC(199) Post Compact 1.633ms
[29.474s][info][gc,heap        ] GC(199) PSYoungGen: 22020K(82944K)->22020K(82944K) Eden: 19456K(19456K)->19456K(19456K) From: 2564K(63488K)->2564K(63488K)
[29.474s][info][gc,heap        ] GC(199) ParOldGen: 1023999K(1024000K)->1023999K(1024000K)
[29.474s][info][gc,metaspace   ] GC(199) Metaspace: 6300K(6464K)->6300K(6464K) NonClass: 5767K(5824K)->5767K(5824K) Class: 532K(640K)->532K(640K)
[29.474s][info][gc             ] GC(199) Pause Full (Ergonomics) 1021M->1021M(1081M) 323.677ms
[29.474s][info][gc,cpu         ] GC(199) User=2.06s Sys=0.02s Real=0.32s
[29.474s][info][gc,start       ] GC(200) Pause Full (Ergonomics)
[29.474s][info][gc,phases,start] GC(200) Marking Phase
[29.722s][info][gc,phases      ] GC(200) Marking Phase 247.518ms
[29.722s][info][gc,phases,start] GC(200) Summary Phase
[29.722s][info][gc,phases      ] GC(200) Summary Phase 0.030ms
[29.722s][info][gc,phases,start] GC(200) Adjust Roots
[29.722s][info][gc,phases      ] GC(200) Adjust Roots 0.179ms
[29.722s][info][gc,phases,start] GC(200) Compaction Phase
[29.799s][info][gc,phases      ] GC(200) Compaction Phase 77.313ms
[29.799s][info][gc,phases,start] GC(200) Post Compact
[29.801s][info][gc,phases      ] GC(200) Post Compact 1.731ms
[29.801s][info][gc,heap        ] GC(200) PSYoungGen: 22020K(82944K)->22020K(82944K) Eden: 19456K(19456K)->19456K(19456K) From: 2564K(63488K)->2564K(63488K)
[29.801s][info][gc,heap        ] GC(200) ParOldGen: 1023999K(1024000K)->1023999K(1024000K)
[29.801s][info][gc,metaspace   ] GC(200) Metaspace: 6300K(6464K)->6300K(6464K) NonClass: 5767K(5824K)->5767K(5824K) Class: 532K(640K)->532K(640K)
[29.801s][info][gc             ] GC(200) Pause Full (Ergonomics) 1021M->1021M(1081M) 327.079ms
[29.801s][info][gc,cpu         ] GC(200) User=1.98s Sys=0.02s Real=0.33s
[29.801s][info][gc,start       ] GC(201) Pause Full (Allocation Failure)
[29.801s][info][gc,phases,start] GC(201) Marking Phase
[30.036s][info][gc,phases      ] GC(201) Marking Phase 234.556ms
[30.036s][info][gc,phases,start] GC(201) Summary Phase
[30.036s][info][gc,phases      ] GC(201) Summary Phase 0.024ms
[30.036s][info][gc,phases,start] GC(201) Adjust Roots
[30.036s][info][gc,phases      ] GC(201) Adjust Roots 0.182ms
[30.036s][info][gc,phases,start] GC(201) Compaction Phase
[30.106s][info][gc,phases      ] GC(201) Compaction Phase 69.296ms
[30.106s][info][gc,phases,start] GC(201) Post Compact
[30.107s][info][gc,phases      ] GC(201) Post Compact 1.625ms
[30.107s][info][gc,heap        ] GC(201) PSYoungGen: 22020K(82944K)->22020K(82944K) Eden: 19456K(19456K)->19456K(19456K) From: 2564K(63488K)->2564K(63488K)
[30.107s][info][gc,heap        ] GC(201) ParOldGen: 1023999K(1024000K)->1023999K(1024000K)
[30.107s][info][gc,metaspace   ] GC(201) Metaspace: 6300K(6464K)->6300K(6464K) NonClass: 5767K(5824K)->5767K(5824K) Class: 532K(640K)->532K(640K)
[30.107s][info][gc             ] GC(201) Pause Full (Allocation Failure) 1021M->1021M(1081M) 305.988ms
[30.107s][info][gc,cpu         ] GC(201) User=1.94s Sys=0.00s Real=0.31s
[30.108s][info][gc,start       ] GC(202) Pause Full (Ergonomics)
[30.108s][info][gc,phases,start] GC(202) Marking Phase
[30.363s][info][gc,phases      ] GC(202) Marking Phase 254.767ms
[30.363s][info][gc,phases,start] GC(202) Summary Phase
[30.363s][info][gc,phases      ] GC(202) Summary Phase 0.024ms
[30.363s][info][gc,phases,start] GC(202) Adjust Roots
[30.363s][info][gc,phases      ] GC(202) Adjust Roots 0.272ms
[30.363s][info][gc,phases,start] GC(202) Compaction Phase
[30.622s][info][gc,phases      ] GC(202) Compaction Phase 258.707ms
[30.622s][info][gc,phases,start] GC(202) Post Compact
[30.624s][info][gc,phases      ] GC(202) Post Compact 2.105ms
[30.624s][info][gc,heap        ] GC(202) PSYoungGen: 22020K(82944K)->22020K(82944K) Eden: 19456K(19456K)->19456K(19456K) From: 2564K(63488K)->2564K(63488K)
[30.624s][info][gc,heap        ] GC(202) ParOldGen: 1024000K(1024000K)->1023998K(1024000K)
[30.624s][info][gc,metaspace   ] GC(202) Metaspace: 6300K(6464K)->6300K(6464K) NonClass: 5767K(5824K)->5767K(5824K) Class: 532K(640K)->532K(640K)
[30.624s][info][gc             ] GC(202) Pause Full (Ergonomics) 1021M->1021M(1081M) 516.205ms
[30.624s][info][gc,cpu         ] GC(202) User=3.17s Sys=0.05s Real=0.52s
[30.625s][info][gc,start       ] GC(203) Pause Full (Ergonomics)
[30.625s][info][gc,phases,start] GC(203) Marking Phase
[30.875s][info][gc,phases      ] GC(203) Marking Phase 249.562ms
[30.875s][info][gc,phases,start] GC(203) Summary Phase
[30.875s][info][gc,phases      ] GC(203) Summary Phase 0.024ms
[30.875s][info][gc,phases,start] GC(203) Adjust Roots
[30.875s][info][gc,phases      ] GC(203) Adjust Roots 0.341ms
[30.875s][info][gc,phases,start] GC(203) Compaction Phase
[31.134s][info][gc,phases      ] GC(203) Compaction Phase 258.967ms
[31.135s][info][gc,phases,start] GC(203) Post Compact
[31.137s][info][gc,phases      ] GC(203) Post Compact 2.025ms
[31.137s][info][gc,heap        ] GC(203) PSYoungGen: 22020K(82944K)->22020K(82944K) Eden: 19456K(19456K)->19456K(19456K) From: 2564K(63488K)->2564K(63488K)
[31.137s][info][gc,heap        ] GC(203) ParOldGen: 1023999K(1024000K)->1023997K(1024000K)
[31.137s][info][gc,metaspace   ] GC(203) Metaspace: 6301K(6464K)->6301K(6464K) NonClass: 5767K(5824K)->5767K(5824K) Class: 533K(640K)->533K(640K)
[31.137s][info][gc             ] GC(203) Pause Full (Ergonomics) 1021M->1021M(1081M) 511.262ms
[31.137s][info][gc,cpu         ] GC(203) User=3.09s Sys=0.05s Real=0.51s
[31.137s][info][gc,heap,exit   ] Heap
[31.137s][info][gc,heap,exit   ]  PSYoungGen      total 82944K, used 22020K [0x00000000e0c00000, 0x00000000e9900000, 0x0000000100000000)
[31.137s][info][gc,heap,exit   ]   eden space 19456K, 100% used [0x00000000e0c00000,0x00000000e1f00000,0x00000000e1f00000)
[31.137s][info][gc,heap,exit   ]   from space 63488K, 4% used [0x00000000e1f00000,0x00000000e2181080,0x00000000e5d00000)
[31.137s][info][gc,heap,exit   ]   to   space 61440K, 0% used [0x00000000e5d00000,0x00000000e5d00000,0x00000000e9900000)
[31.137s][info][gc,heap,exit   ]  ParOldGen       total 1024000K, used 1023997K [0x00000000a2400000, 0x00000000e0c00000, 0x00000000e0c00000)
[31.138s][info][gc,heap,exit   ]   object space 1024000K, 99% used [0x00000000a2400000,0x00000000e0bff7e0,0x00000000e0c00000)
[31.138s][info][gc,heap,exit   ]  Metaspace       used 6304K, committed 6528K, reserved 1114112K
[31.138s][info][gc,heap,exit   ]   class space    used 534K, committed 640K, reserved 1048576K
