[0.012s][info][gc,init] CardTable entry size: 512
[0.012s][info][gc     ] Using Parallel
[0.012s][info][gc,init] Version: 18.0.1+10 (release)
[0.012s][info][gc,init] CPUs: 8 total, 8 available
[0.012s][info][gc,init] Memory: 16063M
[0.012s][info][gc,init] Large Page Support: Disabled
[0.012s][info][gc,init] NUMA Support: Disabled
[0.012s][info][gc,init] Compressed Oops: Enabled (32-bit)
[0.012s][info][gc,init] Alignments: Space 512K, Generation 512K, Heap 2M
[0.012s][info][gc,init] Heap Min Capacity: 2M
[0.012s][info][gc,init] Heap Initial Capacity: 2M
[0.012s][info][gc,init] Heap Max Capacity: 2M
[0.013s][info][gc,init] Pre-touch: Disabled
[0.013s][info][gc,init] Parallel Workers: 8
[0.013s][info][gc,metaspace] CDS archive(s) not mapped
[0.013s][info][gc,metaspace] Compressed class space mapped at: 0x0000000100000000-0x0000000140000000, reserved size: 1073741824
[0.013s][info][gc,metaspace] Narrow klass base: 0x0000000000000000, Narrow klass shift: 3, Narrow klass range: 0x140000000
[0.118s][info][gc,start    ] GC(0) Pause Young (Allocation Failure)
[0.120s][info][gc,heap     ] GC(0) PSYoungGen: 512K(1024K)->496K(1024K) Eden: 512K(512K)->0K(512K) From: 0K(512K)->496K(512K)
[0.120s][info][gc,heap     ] GC(0) ParOldGen: 0K(512K)->32K(512K)
[0.120s][info][gc,metaspace] GC(0) Metaspace: 4229K(4352K)->4229K(4352K) NonClass: 3908K(3968K)->3908K(3968K) Class: 321K(384K)->321K(384K)
[0.120s][info][gc          ] GC(0) Pause Young (Allocation Failure) 0M->0M(1M) 1.845ms
[0.120s][info][gc,cpu      ] GC(0) User=0.00s Sys=0.00s Real=0.00s
[0.182s][info][gc,start    ] GC(1) Pause Young (Allocation Failure)
[0.183s][info][gc,heap     ] GC(1) PSYoungGen: 1007K(1024K)->496K(1024K) Eden: 511K(512K)->0K(512K) From: 496K(512K)->496K(512K)
[0.183s][info][gc,heap     ] GC(1) ParOldGen: 32K(512K)->148K(512K)
[0.183s][info][gc,metaspace] GC(1) Metaspace: 5880K(6016K)->5880K(6016K) NonClass: 5383K(5504K)->5383K(5504K) Class: 496K(512K)->496K(512K)
[0.183s][info][gc          ] GC(1) Pause Young (Allocation Failure) 1M->0M(1M) 0.950ms
[0.183s][info][gc,cpu      ] GC(1) User=0.00s Sys=0.00s Real=0.00s
[0.202s][info][gc,start    ] GC(2) Pause Young (Allocation Failure)
[0.203s][info][gc,heap     ] GC(2) PSYoungGen: 1007K(1024K)->512K(1024K) Eden: 511K(512K)->0K(512K) From: 496K(512K)->512K(512K)
[0.203s][info][gc,heap     ] GC(2) ParOldGen: 148K(512K)->300K(512K)
[0.203s][info][gc,metaspace] GC(2) Metaspace: 6298K(6464K)->6298K(6464K) NonClass: 5765K(5824K)->5765K(5824K) Class: 533K(640K)->533K(640K)
[0.203s][info][gc          ] GC(2) Pause Young (Allocation Failure) 1M->0M(1M) 0.946ms
[0.203s][info][gc,cpu      ] GC(2) User=0.00s Sys=0.00s Real=0.00s
[0.205s][info][gc,start    ] GC(3) Pause Young (Allocation Failure)
[0.206s][info][gc,promotion] GC(3) Promotion failed
[0.206s][info][gc,heap     ] GC(3) PSYoungGen: 1023K(1024K)->1023K(1024K) Eden: 511K(512K)->511K(512K) From: 512K(512K)->512K(512K)
[0.206s][info][gc,heap     ] GC(3) ParOldGen: 300K(512K)->508K(512K)
[0.206s][info][gc,metaspace] GC(3) Metaspace: 6301K(6528K)->6301K(6528K) NonClass: 5767K(5888K)->5767K(5888K) Class: 533K(640K)->533K(640K)
[0.206s][info][gc          ] GC(3) Pause Young (Allocation Failure) 1M->1M(1M) 1.189ms
[0.206s][info][gc,cpu      ] GC(3) User=0.00s Sys=0.00s Real=0.00s
[0.206s][info][gc,start    ] GC(4) Pause Full (Ergonomics)
[0.206s][info][gc,phases,start] GC(4) Marking Phase
[0.207s][info][gc,phases      ] GC(4) Marking Phase 0.980ms
[0.207s][info][gc,phases,start] GC(4) Summary Phase
[0.207s][info][gc,phases      ] GC(4) Summary Phase 0.017ms
[0.207s][info][gc,phases,start] GC(4) Adjust Roots
[0.207s][info][gc,phases      ] GC(4) Adjust Roots 0.348ms
[0.207s][info][gc,phases,start] GC(4) Compaction Phase
[0.210s][info][gc,phases      ] GC(4) Compaction Phase 2.461ms
[0.210s][info][gc,phases,start] GC(4) Post Compact
[0.210s][info][gc,phases      ] GC(4) Post Compact 0.080ms
[0.210s][info][gc,heap        ] GC(4) PSYoungGen: 1023K(1024K)->508K(1024K) Eden: 511K(512K)->0K(512K) From: 512K(512K)->508K(512K)
[0.210s][info][gc,heap        ] GC(4) ParOldGen: 508K(512K)->457K(512K)
[0.210s][info][gc,metaspace   ] GC(4) Metaspace: 6301K(6528K)->6301K(6528K) NonClass: 5767K(5888K)->5767K(5888K) Class: 533K(640K)->533K(640K)
[0.210s][info][gc             ] GC(4) Pause Full (Ergonomics) 1M->0M(1M) 4.235ms
[0.210s][info][gc,cpu         ] GC(4) User=0.00s Sys=0.00s Real=0.00s
[0.211s][info][gc,start       ] GC(5) Pause Full (Ergonomics)
[0.211s][info][gc,phases,start] GC(5) Marking Phase
[0.212s][info][gc,phases      ] GC(5) Marking Phase 1.024ms
[0.212s][info][gc,phases,start] GC(5) Summary Phase
[0.212s][info][gc,phases      ] GC(5) Summary Phase 0.015ms
[0.212s][info][gc,phases,start] GC(5) Adjust Roots
[0.213s][info][gc,phases      ] GC(5) Adjust Roots 0.382ms
[0.213s][info][gc,phases,start] GC(5) Compaction Phase
[0.215s][info][gc,phases      ] GC(5) Compaction Phase 1.732ms
[0.215s][info][gc,phases,start] GC(5) Post Compact
[0.215s][info][gc,phases      ] GC(5) Post Compact 0.029ms
[0.215s][info][gc,heap        ] GC(5) PSYoungGen: 1020K(1024K)->759K(1024K) Eden: 512K(512K)->258K(512K) From: 508K(512K)->500K(512K)
[0.215s][info][gc,heap        ] GC(5) ParOldGen: 457K(512K)->457K(512K)
[0.215s][info][gc,metaspace   ] GC(5) Metaspace: 6301K(6528K)->6301K(6528K) NonClass: 5767K(5888K)->5767K(5888K) Class: 533K(640K)->533K(640K)
[0.215s][info][gc             ] GC(5) Pause Full (Ergonomics) 1M->1M(1M) 3.484ms
[0.215s][info][gc,cpu         ] GC(5) User=0.00s Sys=0.00s Real=0.00s
[0.215s][info][gc,start       ] GC(6) Pause Full (Ergonomics)
[0.215s][info][gc,phases,start] GC(6) Marking Phase
[0.217s][info][gc,phases      ] GC(6) Marking Phase 1.521ms
[0.217s][info][gc,phases,start] GC(6) Summary Phase
[0.217s][info][gc,phases      ] GC(6) Summary Phase 0.016ms
[0.217s][info][gc,phases,start] GC(6) Adjust Roots
[0.217s][info][gc,phases      ] GC(6) Adjust Roots 0.427ms
[0.217s][info][gc,phases,start] GC(6) Compaction Phase
[0.220s][info][gc,phases      ] GC(6) Compaction Phase 2.031ms
[0.220s][info][gc,phases,start] GC(6) Post Compact
[0.220s][info][gc,phases      ] GC(6) Post Compact 0.045ms
[0.220s][info][gc,heap        ] GC(6) PSYoungGen: 1012K(1024K)->879K(1024K) Eden: 512K(512K)->382K(512K) From: 500K(512K)->497K(512K)
[0.220s][info][gc,heap        ] GC(6) ParOldGen: 457K(512K)->456K(512K)
[0.220s][info][gc,metaspace   ] GC(6) Metaspace: 6301K(6528K)->6299K(6528K) NonClass: 5767K(5888K)->5766K(5888K) Class: 533K(640K)->532K(640K)
[0.220s][info][gc             ] GC(6) Pause Full (Ergonomics) 1M->1M(1M) 4.353ms
[0.220s][info][gc,cpu         ] GC(6) User=0.00s Sys=0.00s Real=0.00s
[0.220s][info][gc,start       ] GC(7) Pause Full (Ergonomics)
[0.221s][info][gc,phases,start] GC(7) Marking Phase
[0.222s][info][gc,phases      ] GC(7) Marking Phase 1.086ms
[0.222s][info][gc,phases,start] GC(7) Summary Phase
[0.222s][info][gc,phases      ] GC(7) Summary Phase 0.017ms
[0.222s][info][gc,phases,start] GC(7) Adjust Roots
[0.222s][info][gc,phases      ] GC(7) Adjust Roots 0.374ms
[0.222s][info][gc,phases,start] GC(7) Compaction Phase
[0.224s][info][gc,phases      ] GC(7) Compaction Phase 2.062ms
[0.224s][info][gc,phases,start] GC(7) Post Compact
[0.224s][info][gc,phases      ] GC(7) Post Compact 0.028ms
[0.224s][info][gc,heap        ] GC(7) PSYoungGen: 1009K(1024K)->942K(1024K) Eden: 512K(512K)->444K(512K) From: 497K(512K)->497K(512K)
[0.224s][info][gc,heap        ] GC(7) ParOldGen: 456K(512K)->456K(512K)
[0.224s][info][gc,metaspace   ] GC(7) Metaspace: 6299K(6528K)->6299K(6528K) NonClass: 5766K(5888K)->5766K(5888K) Class: 532K(640K)->532K(640K)
[0.224s][info][gc             ] GC(7) Pause Full (Ergonomics) 1M->1M(1M) 3.884ms
[0.224s][info][gc,cpu         ] GC(7) User=0.00s Sys=0.00s Real=0.00s
[0.225s][info][gc,start       ] GC(8) Pause Full (Ergonomics)
[0.225s][info][gc,phases,start] GC(8) Marking Phase
[0.226s][info][gc,phases      ] GC(8) Marking Phase 0.954ms
[0.226s][info][gc,phases,start] GC(8) Summary Phase
[0.226s][info][gc,phases      ] GC(8) Summary Phase 0.013ms
[0.226s][info][gc,phases,start] GC(8) Adjust Roots
[0.226s][info][gc,phases      ] GC(8) Adjust Roots 0.389ms
[0.226s][info][gc,phases,start] GC(8) Compaction Phase
[0.228s][info][gc,phases      ] GC(8) Compaction Phase 2.083ms
[0.228s][info][gc,phases,start] GC(8) Post Compact
[0.228s][info][gc,phases      ] GC(8) Post Compact 0.031ms
[0.228s][info][gc,heap        ] GC(8) PSYoungGen: 1009K(1024K)->973K(1024K) Eden: 512K(512K)->475K(512K) From: 497K(512K)->497K(512K)
[0.229s][info][gc,heap        ] GC(8) ParOldGen: 456K(512K)->456K(512K)
[0.229s][info][gc,metaspace   ] GC(8) Metaspace: 6299K(6528K)->6299K(6528K) NonClass: 5766K(5888K)->5766K(5888K) Class: 532K(640K)->532K(640K)
[0.229s][info][gc             ] GC(8) Pause Full (Ergonomics) 1M->1M(1M) 3.769ms
[0.229s][info][gc,cpu         ] GC(8) User=0.00s Sys=0.00s Real=0.00s
[0.229s][info][gc,start       ] GC(9) Pause Full (Ergonomics)
[0.229s][info][gc,phases,start] GC(9) Marking Phase
[0.230s][info][gc,phases      ] GC(9) Marking Phase 0.971ms
[0.230s][info][gc,phases,start] GC(9) Summary Phase
[0.230s][info][gc,phases      ] GC(9) Summary Phase 0.014ms
[0.230s][info][gc,phases,start] GC(9) Adjust Roots
[0.230s][info][gc,phases      ] GC(9) Adjust Roots 0.354ms
[0.230s][info][gc,phases,start] GC(9) Compaction Phase
[0.232s][info][gc,phases      ] GC(9) Compaction Phase 1.982ms
[0.232s][info][gc,phases,start] GC(9) Post Compact
[0.233s][info][gc,phases      ] GC(9) Post Compact 0.029ms
[0.233s][info][gc,heap        ] GC(9) PSYoungGen: 1009K(1024K)->989K(1024K) Eden: 512K(512K)->492K(512K) From: 497K(512K)->497K(512K)
[0.233s][info][gc,heap        ] GC(9) ParOldGen: 456K(512K)->456K(512K)
[0.233s][info][gc,metaspace   ] GC(9) Metaspace: 6299K(6528K)->6299K(6528K) NonClass: 5766K(5888K)->5766K(5888K) Class: 532K(640K)->532K(640K)
[0.233s][info][gc             ] GC(9) Pause Full (Ergonomics) 1M->1M(1M) 3.648ms
[0.233s][info][gc,cpu         ] GC(9) User=0.02s Sys=0.00s Real=0.00s
[0.233s][info][gc,start       ] GC(10) Pause Full (Ergonomics)
[0.233s][info][gc,phases,start] GC(10) Marking Phase
[0.234s][info][gc,phases      ] GC(10) Marking Phase 1.007ms
[0.234s][info][gc,phases,start] GC(10) Summary Phase
[0.234s][info][gc,phases      ] GC(10) Summary Phase 0.013ms
[0.234s][info][gc,phases,start] GC(10) Adjust Roots
[0.235s][info][gc,phases      ] GC(10) Adjust Roots 0.320ms
[0.235s][info][gc,phases,start] GC(10) Compaction Phase
[0.236s][info][gc,phases      ] GC(10) Compaction Phase 1.885ms
[0.236s][info][gc,phases,start] GC(10) Post Compact
[0.237s][info][gc,phases      ] GC(10) Post Compact 0.024ms
[0.237s][info][gc,heap        ] GC(10) PSYoungGen: 1009K(1024K)->998K(1024K) Eden: 512K(512K)->500K(512K) From: 497K(512K)->497K(512K)
[0.237s][info][gc,heap        ] GC(10) ParOldGen: 456K(512K)->456K(512K)
[0.237s][info][gc,metaspace   ] GC(10) Metaspace: 6299K(6528K)->6299K(6528K) NonClass: 5766K(5888K)->5766K(5888K) Class: 532K(640K)->532K(640K)
[0.237s][info][gc             ] GC(10) Pause Full (Ergonomics) 1M->1M(1M) 3.510ms
[0.237s][info][gc,cpu         ] GC(10) User=0.00s Sys=0.00s Real=0.00s
[0.237s][info][gc,start       ] GC(11) Pause Full (Ergonomics)
[0.237s][info][gc,phases,start] GC(11) Marking Phase
[0.238s][info][gc,phases      ] GC(11) Marking Phase 1.012ms
[0.238s][info][gc,phases,start] GC(11) Summary Phase
[0.238s][info][gc,phases      ] GC(11) Summary Phase 0.017ms
[0.238s][info][gc,phases,start] GC(11) Adjust Roots
[0.239s][info][gc,phases      ] GC(11) Adjust Roots 0.340ms
[0.239s][info][gc,phases,start] GC(11) Compaction Phase
[0.240s][info][gc,phases      ] GC(11) Compaction Phase 1.658ms
[0.240s][info][gc,phases,start] GC(11) Post Compact
[0.240s][info][gc,phases      ] GC(11) Post Compact 0.027ms
[0.240s][info][gc,heap        ] GC(11) PSYoungGen: 1009K(1024K)->1002K(1024K) Eden: 511K(512K)->505K(512K) From: 497K(512K)->497K(512K)
[0.240s][info][gc,heap        ] GC(11) ParOldGen: 456K(512K)->456K(512K)
[0.240s][info][gc,metaspace   ] GC(11) Metaspace: 6299K(6528K)->6299K(6528K) NonClass: 5766K(5888K)->5766K(5888K) Class: 532K(640K)->532K(640K)
[0.240s][info][gc             ] GC(11) Pause Full (Ergonomics) 1M->1M(1M) 3.365ms
[0.240s][info][gc,cpu         ] GC(11) User=0.00s Sys=0.00s Real=0.00s
[0.241s][info][gc,start       ] GC(12) Pause Full (Ergonomics)
[0.241s][info][gc,phases,start] GC(12) Marking Phase
[0.242s][info][gc,phases      ] GC(12) Marking Phase 0.984ms
[0.242s][info][gc,phases,start] GC(12) Summary Phase
[0.242s][info][gc,phases      ] GC(12) Summary Phase 0.017ms
[0.242s][info][gc,phases,start] GC(12) Adjust Roots
[0.242s][info][gc,phases      ] GC(12) Adjust Roots 0.420ms
[0.242s][info][gc,phases,start] GC(12) Compaction Phase
[0.245s][info][gc,phases      ] GC(12) Compaction Phase 2.078ms
[0.245s][info][gc,phases,start] GC(12) Post Compact
[0.245s][info][gc,phases      ] GC(12) Post Compact 0.032ms
[0.245s][info][gc,heap        ] GC(12) PSYoungGen: 1009K(1024K)->1005K(1024K) Eden: 511K(512K)->508K(512K) From: 497K(512K)->497K(512K)
[0.245s][info][gc,heap        ] GC(12) ParOldGen: 456K(512K)->456K(512K)
[0.245s][info][gc,metaspace   ] GC(12) Metaspace: 6299K(6528K)->6299K(6528K) NonClass: 5766K(5888K)->5766K(5888K) Class: 532K(640K)->532K(640K)
[0.245s][info][gc             ] GC(12) Pause Full (Ergonomics) 1M->1M(1M) 3.820ms
[0.245s][info][gc,cpu         ] GC(12) User=0.00s Sys=0.00s Real=0.00s
[0.245s][info][gc,start       ] GC(13) Pause Full (Ergonomics)
[0.245s][info][gc,phases,start] GC(13) Marking Phase
[0.246s][info][gc,phases      ] GC(13) Marking Phase 1.061ms
[0.246s][info][gc,phases,start] GC(13) Summary Phase
[0.246s][info][gc,phases      ] GC(13) Summary Phase 0.017ms
[0.246s][info][gc,phases,start] GC(13) Adjust Roots
[0.247s][info][gc,phases      ] GC(13) Adjust Roots 0.366ms
[0.247s][info][gc,phases,start] GC(13) Compaction Phase
[0.248s][info][gc,phases      ] GC(13) Compaction Phase 1.630ms
[0.248s][info][gc,phases,start] GC(13) Post Compact
[0.249s][info][gc,phases      ] GC(13) Post Compact 0.027ms
[0.249s][info][gc,heap        ] GC(13) PSYoungGen: 1009K(1024K)->1007K(1024K) Eden: 511K(512K)->509K(512K) From: 497K(512K)->497K(512K)
[0.249s][info][gc,heap        ] GC(13) ParOldGen: 456K(512K)->456K(512K)
[0.249s][info][gc,metaspace   ] GC(13) Metaspace: 6299K(6528K)->6299K(6528K) NonClass: 5766K(5888K)->5766K(5888K) Class: 532K(640K)->532K(640K)
[0.249s][info][gc             ] GC(13) Pause Full (Ergonomics) 1M->1M(1M) 3.376ms
[0.249s][info][gc,cpu         ] GC(13) User=0.00s Sys=0.00s Real=0.00s
[0.249s][info][gc,start       ] GC(14) Pause Full (Ergonomics)
[0.249s][info][gc,phases,start] GC(14) Marking Phase
[0.250s][info][gc,phases      ] GC(14) Marking Phase 1.165ms
[0.250s][info][gc,phases,start] GC(14) Summary Phase
[0.250s][info][gc,phases      ] GC(14) Summary Phase 0.017ms
[0.250s][info][gc,phases,start] GC(14) Adjust Roots
[0.251s][info][gc,phases      ] GC(14) Adjust Roots 0.384ms
[0.251s][info][gc,phases,start] GC(14) Compaction Phase
[0.252s][info][gc,phases      ] GC(14) Compaction Phase 1.725ms
[0.252s][info][gc,phases,start] GC(14) Post Compact
[0.252s][info][gc,phases      ] GC(14) Post Compact 0.027ms
[0.252s][info][gc,heap        ] GC(14) PSYoungGen: 1009K(1024K)->1008K(1024K) Eden: 512K(512K)->510K(512K) From: 497K(512K)->497K(512K)
[0.252s][info][gc,heap        ] GC(14) ParOldGen: 456K(512K)->456K(512K)
[0.252s][info][gc,metaspace   ] GC(14) Metaspace: 6299K(6528K)->6299K(6528K) NonClass: 5766K(5888K)->5766K(5888K) Class: 532K(640K)->532K(640K)
[0.252s][info][gc             ] GC(14) Pause Full (Ergonomics) 1M->1M(1M) 3.576ms
[0.252s][info][gc,cpu         ] GC(14) User=0.00s Sys=0.00s Real=0.00s
[0.253s][info][gc,start       ] GC(15) Pause Full (Ergonomics)
[0.253s][info][gc,phases,start] GC(15) Marking Phase
[0.254s][info][gc,phases      ] GC(15) Marking Phase 0.986ms
[0.254s][info][gc,phases,start] GC(15) Summary Phase
[0.254s][info][gc,phases      ] GC(15) Summary Phase 0.017ms
[0.254s][info][gc,phases,start] GC(15) Adjust Roots
[0.254s][info][gc,phases      ] GC(15) Adjust Roots 0.329ms
[0.254s][info][gc,phases,start] GC(15) Compaction Phase
[0.256s][info][gc,phases      ] GC(15) Compaction Phase 2.127ms
[0.256s][info][gc,phases,start] GC(15) Post Compact
[0.256s][info][gc,phases      ] GC(15) Post Compact 0.028ms
[0.256s][info][gc,heap        ] GC(15) PSYoungGen: 1009K(1024K)->1009K(1024K) Eden: 511K(512K)->511K(512K) From: 497K(512K)->497K(512K)
[0.256s][info][gc,heap        ] GC(15) ParOldGen: 456K(512K)->456K(512K)
[0.256s][info][gc,metaspace   ] GC(15) Metaspace: 6299K(6528K)->6299K(6528K) NonClass: 5766K(5888K)->5766K(5888K) Class: 532K(640K)->532K(640K)
[0.256s][info][gc             ] GC(15) Pause Full (Ergonomics) 1M->1M(1M) 3.757ms
[0.256s][info][gc,cpu         ] GC(15) User=0.00s Sys=0.00s Real=0.00s
[0.257s][info][gc,start       ] GC(16) Pause Full (Ergonomics)
[0.257s][info][gc,phases,start] GC(16) Marking Phase
[0.258s][info][gc,phases      ] GC(16) Marking Phase 1.243ms
[0.258s][info][gc,phases,start] GC(16) Summary Phase
[0.258s][info][gc,phases      ] GC(16) Summary Phase 0.015ms
[0.258s][info][gc,phases,start] GC(16) Adjust Roots
[0.258s][info][gc,phases      ] GC(16) Adjust Roots 0.388ms
[0.259s][info][gc,phases,start] GC(16) Compaction Phase
[0.260s][info][gc,phases      ] GC(16) Compaction Phase 1.913ms
[0.260s][info][gc,phases,start] GC(16) Post Compact
[0.261s][info][gc,phases      ] GC(16) Post Compact 0.026ms
[0.261s][info][gc,heap        ] GC(16) PSYoungGen: 1009K(1024K)->1009K(1024K) Eden: 511K(512K)->511K(512K) From: 497K(512K)->497K(512K)
[0.261s][info][gc,heap        ] GC(16) ParOldGen: 456K(512K)->456K(512K)
[0.261s][info][gc,metaspace   ] GC(16) Metaspace: 6299K(6528K)->6299K(6528K) NonClass: 5766K(5888K)->5766K(5888K) Class: 532K(640K)->532K(640K)
[0.261s][info][gc             ] GC(16) Pause Full (Ergonomics) 1M->1M(1M) 3.886ms
[0.261s][info][gc,cpu         ] GC(16) User=0.00s Sys=0.00s Real=0.00s
[0.261s][info][gc,start       ] GC(17) Pause Full (Ergonomics)
[0.261s][info][gc,phases,start] GC(17) Marking Phase
[0.262s][info][gc,phases      ] GC(17) Marking Phase 0.978ms
[0.262s][info][gc,phases,start] GC(17) Summary Phase
[0.262s][info][gc,phases      ] GC(17) Summary Phase 0.014ms
[0.262s][info][gc,phases,start] GC(17) Adjust Roots
[0.262s][info][gc,phases      ] GC(17) Adjust Roots 0.311ms
[0.262s][info][gc,phases,start] GC(17) Compaction Phase
[0.265s][info][gc,phases      ] GC(17) Compaction Phase 2.230ms
[0.265s][info][gc,phases,start] GC(17) Post Compact
[0.265s][info][gc,phases      ] GC(17) Post Compact 0.031ms
[0.265s][info][gc,heap        ] GC(17) PSYoungGen: 1009K(1024K)->1009K(1024K) Eden: 512K(512K)->511K(512K) From: 497K(512K)->497K(512K)
[0.265s][info][gc,heap        ] GC(17) ParOldGen: 456K(512K)->456K(512K)
[0.265s][info][gc,metaspace   ] GC(17) Metaspace: 6299K(6528K)->6299K(6528K) NonClass: 5766K(5888K)->5766K(5888K) Class: 532K(640K)->532K(640K)
[0.265s][info][gc             ] GC(17) Pause Full (Ergonomics) 1M->1M(1M) 3.978ms
[0.265s][info][gc,cpu         ] GC(17) User=0.00s Sys=0.00s Real=0.00s
[0.265s][info][gc,start       ] GC(18) Pause Full (Ergonomics)
[0.265s][info][gc,phases,start] GC(18) Marking Phase
[0.266s][info][gc,phases      ] GC(18) Marking Phase 1.039ms
[0.266s][info][gc,phases,start] GC(18) Summary Phase
[0.266s][info][gc,phases      ] GC(18) Summary Phase 0.017ms
[0.266s][info][gc,phases,start] GC(18) Adjust Roots
[0.267s][info][gc,phases      ] GC(18) Adjust Roots 0.333ms
[0.267s][info][gc,phases,start] GC(18) Compaction Phase
[0.269s][info][gc,phases      ] GC(18) Compaction Phase 2.035ms
[0.269s][info][gc,phases,start] GC(18) Post Compact
[0.269s][info][gc,phases      ] GC(18) Post Compact 0.026ms
[0.269s][info][gc,heap        ] GC(18) PSYoungGen: 1009K(1024K)->1009K(1024K) Eden: 512K(512K)->511K(512K) From: 497K(512K)->497K(512K)
[0.269s][info][gc,heap        ] GC(18) ParOldGen: 456K(512K)->456K(512K)
[0.269s][info][gc,metaspace   ] GC(18) Metaspace: 6299K(6528K)->6299K(6528K) NonClass: 5766K(5888K)->5766K(5888K) Class: 532K(640K)->532K(640K)
[0.269s][info][gc             ] GC(18) Pause Full (Ergonomics) 1M->1M(1M) 3.707ms
[0.269s][info][gc,cpu         ] GC(18) User=0.00s Sys=0.00s Real=0.00s
[0.269s][info][gc,start       ] GC(19) Pause Full (Ergonomics)
[0.269s][info][gc,phases,start] GC(19) Marking Phase
[0.270s][info][gc,phases      ] GC(19) Marking Phase 1.164ms
[0.270s][info][gc,phases,start] GC(19) Summary Phase
[0.271s][info][gc,phases      ] GC(19) Summary Phase 0.026ms
[0.271s][info][gc,phases,start] GC(19) Adjust Roots
[0.271s][info][gc,phases      ] GC(19) Adjust Roots 0.472ms
[0.271s][info][gc,phases,start] GC(19) Compaction Phase
[0.273s][info][gc,phases      ] GC(19) Compaction Phase 1.613ms
[0.273s][info][gc,phases,start] GC(19) Post Compact
[0.273s][info][gc,phases      ] GC(19) Post Compact 0.026ms
[0.273s][info][gc,heap        ] GC(19) PSYoungGen: 1009K(1024K)->1009K(1024K) Eden: 512K(512K)->512K(512K) From: 497K(512K)->497K(512K)
[0.273s][info][gc,heap        ] GC(19) ParOldGen: 456K(512K)->456K(512K)
[0.273s][info][gc,metaspace   ] GC(19) Metaspace: 6299K(6528K)->6299K(6528K) NonClass: 5766K(5888K)->5766K(5888K) Class: 532K(640K)->532K(640K)
[0.273s][info][gc             ] GC(19) Pause Full (Ergonomics) 1M->1M(1M) 3.664ms
[0.273s][info][gc,cpu         ] GC(19) User=0.00s Sys=0.00s Real=0.00s
[0.273s][info][gc,start       ] GC(20) Pause Full (Ergonomics)
[0.273s][info][gc,phases,start] GC(20) Marking Phase
[0.274s][info][gc,phases      ] GC(20) Marking Phase 0.903ms
[0.274s][info][gc,phases,start] GC(20) Summary Phase
[0.274s][info][gc,phases      ] GC(20) Summary Phase 0.016ms
[0.274s][info][gc,phases,start] GC(20) Adjust Roots
[0.274s][info][gc,phases      ] GC(20) Adjust Roots 0.324ms
[0.274s][info][gc,phases,start] GC(20) Compaction Phase
[0.276s][info][gc,phases      ] GC(20) Compaction Phase 1.937ms
[0.276s][info][gc,phases,start] GC(20) Post Compact
[0.276s][info][gc,phases      ] GC(20) Post Compact 0.027ms
[0.276s][info][gc,heap        ] GC(20) PSYoungGen: 1009K(1024K)->1009K(1024K) Eden: 512K(512K)->511K(512K) From: 497K(512K)->497K(512K)
[0.276s][info][gc,heap        ] GC(20) ParOldGen: 462K(512K)->459K(512K)
[0.276s][info][gc,metaspace   ] GC(20) Metaspace: 6299K(6528K)->6299K(6528K) NonClass: 5766K(5888K)->5766K(5888K) Class: 532K(640K)->532K(640K)
[0.277s][info][gc             ] GC(20) Pause Full (Ergonomics) 1M->1M(1M) 3.435ms
[0.277s][info][gc,cpu         ] GC(20) User=0.00s Sys=0.00s Real=0.00s
[0.277s][info][gc,start       ] GC(21) Pause Full (Ergonomics)
[0.277s][info][gc,phases,start] GC(21) Marking Phase
[0.278s][info][gc,phases      ] GC(21) Marking Phase 1.024ms
[0.278s][info][gc,phases,start] GC(21) Summary Phase
[0.278s][info][gc,phases      ] GC(21) Summary Phase 0.016ms
[0.278s][info][gc,phases,start] GC(21) Adjust Roots
[0.278s][info][gc,phases      ] GC(21) Adjust Roots 0.376ms
[0.278s][info][gc,phases,start] GC(21) Compaction Phase
[0.280s][info][gc,phases      ] GC(21) Compaction Phase 1.895ms
[0.280s][info][gc,phases,start] GC(21) Post Compact
[0.280s][info][gc,phases      ] GC(21) Post Compact 0.030ms
[0.280s][info][gc,heap        ] GC(21) PSYoungGen: 1009K(1024K)->1009K(1024K) Eden: 511K(512K)->511K(512K) From: 497K(512K)->497K(512K)
[0.280s][info][gc,heap        ] GC(21) ParOldGen: 459K(512K)->459K(512K)
[0.280s][info][gc,metaspace   ] GC(21) Metaspace: 6299K(6528K)->6299K(6528K) NonClass: 5766K(5888K)->5766K(5888K) Class: 532K(640K)->532K(640K)
[0.280s][info][gc             ] GC(21) Pause Full (Ergonomics) 1M->1M(1M) 3.630ms
[0.280s][info][gc,cpu         ] GC(21) User=0.00s Sys=0.00s Real=0.00s
[0.281s][info][gc,start       ] GC(22) Pause Full (Ergonomics)
[0.281s][info][gc,phases,start] GC(22) Marking Phase
[0.281s][info][gc,phases      ] GC(22) Marking Phase 0.756ms
[0.281s][info][gc,phases,start] GC(22) Summary Phase
[0.281s][info][gc,phases      ] GC(22) Summary Phase 0.013ms
[0.281s][info][gc,phases,start] GC(22) Adjust Roots
[0.282s][info][gc,phases      ] GC(22) Adjust Roots 0.311ms
[0.282s][info][gc,phases,start] GC(22) Compaction Phase
[0.284s][info][gc,phases      ] GC(22) Compaction Phase 2.398ms
[0.284s][info][gc,phases,start] GC(22) Post Compact
[0.284s][info][gc,phases      ] GC(22) Post Compact 0.044ms
[0.284s][info][gc,heap        ] GC(22) PSYoungGen: 1009K(1024K)->1009K(1024K) Eden: 512K(512K)->511K(512K) From: 497K(512K)->497K(512K)
[0.284s][info][gc,heap        ] GC(22) ParOldGen: 465K(512K)->462K(512K)
[0.284s][info][gc,metaspace   ] GC(22) Metaspace: 6299K(6528K)->6299K(6528K) NonClass: 5766K(5888K)->5766K(5888K) Class: 532K(640K)->532K(640K)
[0.284s][info][gc             ] GC(22) Pause Full (Ergonomics) 1M->1M(1M) 3.803ms
[0.284s][info][gc,cpu         ] GC(22) User=0.00s Sys=0.00s Real=0.00s
[0.285s][info][gc,start       ] GC(23) Pause Full (Ergonomics)
[0.285s][info][gc,phases,start] GC(23) Marking Phase
[0.286s][info][gc,phases      ] GC(23) Marking Phase 0.820ms
[0.286s][info][gc,phases,start] GC(23) Summary Phase
[0.286s][info][gc,phases      ] GC(23) Summary Phase 0.016ms
[0.286s][info][gc,phases,start] GC(23) Adjust Roots
[0.286s][info][gc,phases      ] GC(23) Adjust Roots 0.312ms
[0.286s][info][gc,phases,start] GC(23) Compaction Phase
[0.288s][info][gc,phases      ] GC(23) Compaction Phase 1.909ms
[0.288s][info][gc,phases,start] GC(23) Post Compact
[0.288s][info][gc,phases      ] GC(23) Post Compact 0.019ms
[0.288s][info][gc,heap        ] GC(23) PSYoungGen: 1009K(1024K)->1009K(1024K) Eden: 511K(512K)->511K(512K) From: 497K(512K)->497K(512K)
[0.288s][info][gc,heap        ] GC(23) ParOldGen: 467K(512K)->465K(512K)
[0.288s][info][gc,metaspace   ] GC(23) Metaspace: 6299K(6528K)->6299K(6528K) NonClass: 5766K(5888K)->5766K(5888K) Class: 532K(640K)->532K(640K)
[0.288s][info][gc             ] GC(23) Pause Full (Ergonomics) 1M->1M(1M) 3.280ms
[0.288s][info][gc,cpu         ] GC(23) User=0.00s Sys=0.00s Real=0.00s
[0.288s][info][gc,start       ] GC(24) Pause Full (Ergonomics)
[0.288s][info][gc,phases,start] GC(24) Marking Phase
[0.289s][info][gc,phases      ] GC(24) Marking Phase 0.696ms
[0.289s][info][gc,phases,start] GC(24) Summary Phase
[0.289s][info][gc,phases      ] GC(24) Summary Phase 0.016ms
[0.289s][info][gc,phases,start] GC(24) Adjust Roots
[0.289s][info][gc,phases      ] GC(24) Adjust Roots 0.319ms
[0.289s][info][gc,phases,start] GC(24) Compaction Phase
[0.291s][info][gc,phases      ] GC(24) Compaction Phase 1.581ms
[0.291s][info][gc,phases,start] GC(24) Post Compact
[0.291s][info][gc,phases      ] GC(24) Post Compact 0.017ms
[0.291s][info][gc,heap        ] GC(24) PSYoungGen: 1009K(1024K)->1009K(1024K) Eden: 511K(512K)->511K(512K) From: 497K(512K)->497K(512K)
[0.291s][info][gc,heap        ] GC(24) ParOldGen: 470K(512K)->468K(512K)
[0.291s][info][gc,metaspace   ] GC(24) Metaspace: 6299K(6528K)->6299K(6528K) NonClass: 5766K(5888K)->5766K(5888K) Class: 532K(640K)->532K(640K)
[0.291s][info][gc             ] GC(24) Pause Full (Ergonomics) 1M->1M(1M) 2.793ms
[0.291s][info][gc,cpu         ] GC(24) User=0.00s Sys=0.00s Real=0.00s
[0.291s][info][gc,start       ] GC(25) Pause Full (Ergonomics)
[0.291s][info][gc,phases,start] GC(25) Marking Phase
[0.292s][info][gc,phases      ] GC(25) Marking Phase 0.841ms
[0.292s][info][gc,phases,start] GC(25) Summary Phase
[0.292s][info][gc,phases      ] GC(25) Summary Phase 0.016ms
[0.292s][info][gc,phases,start] GC(25) Adjust Roots
[0.292s][info][gc,phases      ] GC(25) Adjust Roots 0.368ms
[0.293s][info][gc,phases,start] GC(25) Compaction Phase
[0.294s][info][gc,phases      ] GC(25) Compaction Phase 1.772ms
[0.294s][info][gc,phases,start] GC(25) Post Compact
[0.294s][info][gc,phases      ] GC(25) Post Compact 0.022ms
[0.294s][info][gc,heap        ] GC(25) PSYoungGen: 1009K(1024K)->1009K(1024K) Eden: 511K(512K)->511K(512K) From: 497K(512K)->497K(512K)
[0.294s][info][gc,heap        ] GC(25) ParOldGen: 473K(512K)->470K(512K)
[0.294s][info][gc,metaspace   ] GC(25) Metaspace: 6299K(6528K)->6299K(6528K) NonClass: 5766K(5888K)->5766K(5888K) Class: 532K(640K)->532K(640K)
[0.294s][info][gc             ] GC(25) Pause Full (Ergonomics) 1M->1M(1M) 3.232ms
[0.294s][info][gc,cpu         ] GC(25) User=0.02s Sys=0.00s Real=0.00s
[0.295s][info][gc,start       ] GC(26) Pause Full (Ergonomics)
[0.295s][info][gc,phases,start] GC(26) Marking Phase
[0.296s][info][gc,phases      ] GC(26) Marking Phase 0.831ms
[0.296s][info][gc,phases,start] GC(26) Summary Phase
[0.296s][info][gc,phases      ] GC(26) Summary Phase 0.015ms
[0.296s][info][gc,phases,start] GC(26) Adjust Roots
[0.296s][info][gc,phases      ] GC(26) Adjust Roots 0.303ms
[0.296s][info][gc,phases,start] GC(26) Compaction Phase
[0.298s][info][gc,phases      ] GC(26) Compaction Phase 1.601ms
[0.298s][info][gc,phases,start] GC(26) Post Compact
[0.298s][info][gc,phases      ] GC(26) Post Compact 0.027ms
[0.298s][info][gc,heap        ] GC(26) PSYoungGen: 1009K(1024K)->1009K(1024K) Eden: 511K(512K)->511K(512K) From: 497K(512K)->497K(512K)
[0.298s][info][gc,heap        ] GC(26) ParOldGen: 476K(512K)->473K(512K)
[0.298s][info][gc,metaspace   ] GC(26) Metaspace: 6299K(6528K)->6299K(6528K) NonClass: 5766K(5888K)->5766K(5888K) Class: 532K(640K)->532K(640K)
[0.298s][info][gc             ] GC(26) Pause Full (Ergonomics) 1M->1M(1M) 3.026ms
[0.298s][info][gc,cpu         ] GC(26) User=0.00s Sys=0.00s Real=0.00s
[0.298s][info][gc,start       ] GC(27) Pause Full (Ergonomics)
[0.298s][info][gc,phases,start] GC(27) Marking Phase
[0.299s][info][gc,phases      ] GC(27) Marking Phase 0.849ms
[0.299s][info][gc,phases,start] GC(27) Summary Phase
[0.299s][info][gc,phases      ] GC(27) Summary Phase 0.012ms
[0.299s][info][gc,phases,start] GC(27) Adjust Roots
[0.299s][info][gc,phases      ] GC(27) Adjust Roots 0.318ms
[0.299s][info][gc,phases,start] GC(27) Compaction Phase
[0.301s][info][gc,phases      ] GC(27) Compaction Phase 1.842ms
[0.301s][info][gc,phases,start] GC(27) Post Compact
[0.301s][info][gc,phases      ] GC(27) Post Compact 0.028ms
[0.301s][info][gc,heap        ] GC(27) PSYoungGen: 1009K(1024K)->1009K(1024K) Eden: 511K(512K)->511K(512K) From: 497K(512K)->497K(512K)
[0.301s][info][gc,heap        ] GC(27) ParOldGen: 479K(512K)->476K(512K)
[0.301s][info][gc,metaspace   ] GC(27) Metaspace: 6299K(6528K)->6299K(6528K) NonClass: 5766K(5888K)->5766K(5888K) Class: 532K(640K)->532K(640K)
[0.301s][info][gc             ] GC(27) Pause Full (Ergonomics) 1M->1M(1M) 3.288ms
[0.301s][info][gc,cpu         ] GC(27) User=0.00s Sys=0.00s Real=0.00s
[0.302s][info][gc,start       ] GC(28) Pause Full (Ergonomics)
[0.302s][info][gc,phases,start] GC(28) Marking Phase
[0.302s][info][gc,phases      ] GC(28) Marking Phase 0.745ms
[0.302s][info][gc,phases,start] GC(28) Summary Phase
[0.302s][info][gc,phases      ] GC(28) Summary Phase 0.015ms
[0.302s][info][gc,phases,start] GC(28) Adjust Roots
[0.303s][info][gc,phases      ] GC(28) Adjust Roots 0.293ms
[0.303s][info][gc,phases,start] GC(28) Compaction Phase
[0.304s][info][gc,phases      ] GC(28) Compaction Phase 1.679ms
[0.305s][info][gc,phases,start] GC(28) Post Compact
[0.305s][info][gc,phases      ] GC(28) Post Compact 0.026ms
[0.305s][info][gc,heap        ] GC(28) PSYoungGen: 1009K(1024K)->1009K(1024K) Eden: 511K(512K)->511K(512K) From: 497K(512K)->497K(512K)
[0.305s][info][gc,heap        ] GC(28) ParOldGen: 481K(512K)->479K(512K)
[0.305s][info][gc,metaspace   ] GC(28) Metaspace: 6299K(6528K)->6299K(6528K) NonClass: 5766K(5888K)->5766K(5888K) Class: 532K(640K)->532K(640K)
[0.305s][info][gc             ] GC(28) Pause Full (Ergonomics) 1M->1M(1M) 2.973ms
[0.305s][info][gc,cpu         ] GC(28) User=0.00s Sys=0.00s Real=0.00s
[0.305s][info][gc,start       ] GC(29) Pause Full (Ergonomics)
[0.305s][info][gc,phases,start] GC(29) Marking Phase
[0.306s][info][gc,phases      ] GC(29) Marking Phase 0.734ms
[0.306s][info][gc,phases,start] GC(29) Summary Phase
[0.306s][info][gc,phases      ] GC(29) Summary Phase 0.013ms
[0.306s][info][gc,phases,start] GC(29) Adjust Roots
[0.306s][info][gc,phases      ] GC(29) Adjust Roots 0.300ms
[0.306s][info][gc,phases,start] GC(29) Compaction Phase
[0.308s][info][gc,phases      ] GC(29) Compaction Phase 1.672ms
[0.308s][info][gc,phases,start] GC(29) Post Compact
[0.308s][info][gc,phases      ] GC(29) Post Compact 0.021ms
[0.308s][info][gc,heap        ] GC(29) PSYoungGen: 1009K(1024K)->1009K(1024K) Eden: 511K(512K)->511K(512K) From: 497K(512K)->497K(512K)
[0.308s][info][gc,heap        ] GC(29) ParOldGen: 484K(512K)->482K(512K)
[0.308s][info][gc,metaspace   ] GC(29) Metaspace: 6299K(6528K)->6299K(6528K) NonClass: 5766K(5888K)->5766K(5888K) Class: 532K(640K)->532K(640K)
[0.308s][info][gc             ] GC(29) Pause Full (Ergonomics) 1M->1M(1M) 2.964ms
[0.308s][info][gc,cpu         ] GC(29) User=0.00s Sys=0.00s Real=0.00s
[0.308s][info][gc,start       ] GC(30) Pause Full (Ergonomics)
[0.308s][info][gc,phases,start] GC(30) Marking Phase
[0.309s][info][gc,phases      ] GC(30) Marking Phase 0.689ms
[0.309s][info][gc,phases,start] GC(30) Summary Phase
[0.309s][info][gc,phases      ] GC(30) Summary Phase 0.013ms
[0.309s][info][gc,phases,start] GC(30) Adjust Roots
[0.309s][info][gc,phases      ] GC(30) Adjust Roots 0.302ms
[0.309s][info][gc,phases,start] GC(30) Compaction Phase
[0.311s][info][gc,phases      ] GC(30) Compaction Phase 1.619ms
[0.311s][info][gc,phases,start] GC(30) Post Compact
[0.311s][info][gc,phases      ] GC(30) Post Compact 0.021ms
[0.311s][info][gc,heap        ] GC(30) PSYoungGen: 1009K(1024K)->1009K(1024K) Eden: 511K(512K)->511K(512K) From: 497K(512K)->497K(512K)
[0.311s][info][gc,heap        ] GC(30) ParOldGen: 487K(512K)->484K(512K)
[0.311s][info][gc,metaspace   ] GC(30) Metaspace: 6299K(6528K)->6299K(6528K) NonClass: 5766K(5888K)->5766K(5888K) Class: 532K(640K)->532K(640K)
[0.311s][info][gc             ] GC(30) Pause Full (Ergonomics) 1M->1M(1M) 2.815ms
[0.311s][info][gc,cpu         ] GC(30) User=0.00s Sys=0.00s Real=0.00s
[0.311s][info][gc,start       ] GC(31) Pause Full (Ergonomics)
[0.311s][info][gc,phases,start] GC(31) Marking Phase
[0.312s][info][gc,phases      ] GC(31) Marking Phase 0.799ms
[0.312s][info][gc,phases,start] GC(31) Summary Phase
[0.312s][info][gc,phases      ] GC(31) Summary Phase 0.013ms
[0.312s][info][gc,phases,start] GC(31) Adjust Roots
[0.312s][info][gc,phases      ] GC(31) Adjust Roots 0.339ms
[0.312s][info][gc,phases,start] GC(31) Compaction Phase
[0.315s][info][gc,phases      ] GC(31) Compaction Phase 2.192ms
[0.315s][info][gc,phases,start] GC(31) Post Compact
[0.315s][info][gc,phases      ] GC(31) Post Compact 0.022ms
[0.315s][info][gc,heap        ] GC(31) PSYoungGen: 1009K(1024K)->1009K(1024K) Eden: 511K(512K)->511K(512K) From: 497K(512K)->497K(512K)
[0.315s][info][gc,heap        ] GC(31) ParOldGen: 490K(512K)->487K(512K)
[0.315s][info][gc,metaspace   ] GC(31) Metaspace: 6299K(6528K)->6299K(6528K) NonClass: 5766K(5888K)->5766K(5888K) Class: 532K(640K)->532K(640K)
[0.315s][info][gc             ] GC(31) Pause Full (Ergonomics) 1M->1M(1M) 3.553ms
[0.315s][info][gc,cpu         ] GC(31) User=0.00s Sys=0.00s Real=0.00s
[0.315s][info][gc,start       ] GC(32) Pause Full (Ergonomics)
[0.315s][info][gc,phases,start] GC(32) Marking Phase
[0.316s][info][gc,phases      ] GC(32) Marking Phase 0.799ms
[0.316s][info][gc,phases,start] GC(32) Summary Phase
[0.316s][info][gc,phases      ] GC(32) Summary Phase 0.016ms
[0.316s][info][gc,phases,start] GC(32) Adjust Roots
[0.316s][info][gc,phases      ] GC(32) Adjust Roots 0.329ms
[0.316s][info][gc,phases,start] GC(32) Compaction Phase
[0.318s][info][gc,phases      ] GC(32) Compaction Phase 1.981ms
[0.318s][info][gc,phases,start] GC(32) Post Compact
[0.318s][info][gc,phases      ] GC(32) Post Compact 0.019ms
[0.318s][info][gc,heap        ] GC(32) PSYoungGen: 1009K(1024K)->1009K(1024K) Eden: 511K(512K)->511K(512K) From: 497K(512K)->497K(512K)
[0.318s][info][gc,heap        ] GC(32) ParOldGen: 493K(512K)->490K(512K)
[0.318s][info][gc,metaspace   ] GC(32) Metaspace: 6299K(6528K)->6299K(6528K) NonClass: 5766K(5888K)->5766K(5888K) Class: 532K(640K)->532K(640K)
[0.318s][info][gc             ] GC(32) Pause Full (Ergonomics) 1M->1M(1M) 3.335ms
[0.318s][info][gc,cpu         ] GC(32) User=0.00s Sys=0.00s Real=0.00s
[0.319s][info][gc,start       ] GC(33) Pause Full (Ergonomics)
[0.319s][info][gc,phases,start] GC(33) Marking Phase
[0.319s][info][gc,phases      ] GC(33) Marking Phase 0.684ms
[0.319s][info][gc,phases,start] GC(33) Summary Phase
[0.319s][info][gc,phases      ] GC(33) Summary Phase 0.016ms
[0.319s][info][gc,phases,start] GC(33) Adjust Roots
[0.320s][info][gc,phases      ] GC(33) Adjust Roots 0.343ms
[0.320s][info][gc,phases,start] GC(33) Compaction Phase
[0.322s][info][gc,phases      ] GC(33) Compaction Phase 1.870ms
[0.322s][info][gc,phases,start] GC(33) Post Compact
[0.322s][info][gc,phases      ] GC(33) Post Compact 0.025ms
[0.322s][info][gc,heap        ] GC(33) PSYoungGen: 1009K(1024K)->1009K(1024K) Eden: 511K(512K)->511K(512K) From: 497K(512K)->497K(512K)
[0.322s][info][gc,heap        ] GC(33) ParOldGen: 495K(512K)->493K(512K)
[0.322s][info][gc,metaspace   ] GC(33) Metaspace: 6299K(6528K)->6299K(6528K) NonClass: 5766K(5888K)->5766K(5888K) Class: 532K(640K)->532K(640K)
[0.322s][info][gc             ] GC(33) Pause Full (Ergonomics) 1M->1M(1M) 3.134ms
[0.322s][info][gc,cpu         ] GC(33) User=0.00s Sys=0.00s Real=0.00s
[0.322s][info][gc,start       ] GC(34) Pause Full (Ergonomics)
[0.322s][info][gc,phases,start] GC(34) Marking Phase
[0.323s][info][gc,phases      ] GC(34) Marking Phase 0.785ms
[0.323s][info][gc,phases,start] GC(34) Summary Phase
[0.323s][info][gc,phases      ] GC(34) Summary Phase 0.016ms
[0.323s][info][gc,phases,start] GC(34) Adjust Roots
[0.323s][info][gc,phases      ] GC(34) Adjust Roots 0.303ms
[0.323s][info][gc,phases,start] GC(34) Compaction Phase
[0.325s][info][gc,phases      ] GC(34) Compaction Phase 1.947ms
[0.325s][info][gc,phases,start] GC(34) Post Compact
[0.325s][info][gc,phases      ] GC(34) Post Compact 0.027ms
[0.325s][info][gc,heap        ] GC(34) PSYoungGen: 1009K(1024K)->1009K(1024K) Eden: 511K(512K)->511K(512K) From: 497K(512K)->497K(512K)
[0.325s][info][gc,heap        ] GC(34) ParOldGen: 498K(512K)->496K(512K)
[0.325s][info][gc,metaspace   ] GC(34) Metaspace: 6299K(6528K)->6299K(6528K) NonClass: 5766K(5888K)->5766K(5888K) Class: 532K(640K)->532K(640K)
[0.325s][info][gc             ] GC(34) Pause Full (Ergonomics) 1M->1M(1M) 3.294ms
[0.325s][info][gc,cpu         ] GC(34) User=0.00s Sys=0.00s Real=0.00s
[0.325s][info][gc,start       ] GC(35) Pause Full (Ergonomics)
[0.325s][info][gc,phases,start] GC(35) Marking Phase
[0.326s][info][gc,phases      ] GC(35) Marking Phase 0.654ms
[0.326s][info][gc,phases,start] GC(35) Summary Phase
[0.326s][info][gc,phases      ] GC(35) Summary Phase 0.014ms
[0.326s][info][gc,phases,start] GC(35) Adjust Roots
[0.326s][info][gc,phases      ] GC(35) Adjust Roots 0.303ms
[0.326s][info][gc,phases,start] GC(35) Compaction Phase
[0.328s][info][gc,phases      ] GC(35) Compaction Phase 1.945ms
[0.328s][info][gc,phases,start] GC(35) Post Compact
[0.329s][info][gc,phases      ] GC(35) Post Compact 0.025ms
[0.329s][info][gc,heap        ] GC(35) PSYoungGen: 1009K(1024K)->1009K(1024K) Eden: 511K(512K)->511K(512K) From: 497K(512K)->497K(512K)
[0.329s][info][gc,heap        ] GC(35) ParOldGen: 501K(512K)->498K(512K)
[0.329s][info][gc,metaspace   ] GC(35) Metaspace: 6299K(6528K)->6299K(6528K) NonClass: 5766K(5888K)->5766K(5888K) Class: 532K(640K)->532K(640K)
[0.329s][info][gc             ] GC(35) Pause Full (Ergonomics) 1M->1M(1M) 3.130ms
[0.329s][info][gc,cpu         ] GC(35) User=0.02s Sys=0.00s Real=0.00s
[0.329s][info][gc,start       ] GC(36) Pause Full (Ergonomics)
[0.329s][info][gc,phases,start] GC(36) Marking Phase
[0.330s][info][gc,phases      ] GC(36) Marking Phase 0.705ms
[0.330s][info][gc,phases,start] GC(36) Summary Phase
[0.330s][info][gc,phases      ] GC(36) Summary Phase 0.013ms
[0.330s][info][gc,phases,start] GC(36) Adjust Roots
[0.330s][info][gc,phases      ] GC(36) Adjust Roots 0.346ms
[0.330s][info][gc,phases,start] GC(36) Compaction Phase
[0.332s][info][gc,phases      ] GC(36) Compaction Phase 2.005ms
[0.332s][info][gc,phases,start] GC(36) Post Compact
[0.332s][info][gc,phases      ] GC(36) Post Compact 0.023ms
[0.332s][info][gc,heap        ] GC(36) PSYoungGen: 1009K(1024K)->1009K(1024K) Eden: 511K(512K)->511K(512K) From: 497K(512K)->497K(512K)
[0.332s][info][gc,heap        ] GC(36) ParOldGen: 504K(512K)->501K(512K)
[0.332s][info][gc,metaspace   ] GC(36) Metaspace: 6299K(6528K)->6299K(6528K) NonClass: 5766K(5888K)->5766K(5888K) Class: 532K(640K)->532K(640K)
[0.332s][info][gc             ] GC(36) Pause Full (Ergonomics) 1M->1M(1M) 3.296ms
[0.332s][info][gc,cpu         ] GC(36) User=0.00s Sys=0.00s Real=0.00s
[0.332s][info][gc,start       ] GC(37) Pause Full (Ergonomics)
[0.332s][info][gc,phases,start] GC(37) Marking Phase
[0.333s][info][gc,phases      ] GC(37) Marking Phase 0.727ms
[0.333s][info][gc,phases,start] GC(37) Summary Phase
[0.333s][info][gc,phases      ] GC(37) Summary Phase 0.016ms
[0.333s][info][gc,phases,start] GC(37) Adjust Roots
[0.334s][info][gc,phases      ] GC(37) Adjust Roots 0.322ms
[0.334s][info][gc,phases,start] GC(37) Compaction Phase
[0.335s][info][gc,phases      ] GC(37) Compaction Phase 1.752ms
[0.335s][info][gc,phases,start] GC(37) Post Compact
[0.335s][info][gc,phases      ] GC(37) Post Compact 0.047ms
[0.335s][info][gc,heap        ] GC(37) PSYoungGen: 1009K(1024K)->1009K(1024K) Eden: 511K(512K)->511K(512K) From: 497K(512K)->497K(512K)
[0.335s][info][gc,heap        ] GC(37) ParOldGen: 507K(512K)->504K(512K)
[0.335s][info][gc,metaspace   ] GC(37) Metaspace: 6299K(6528K)->6299K(6528K) NonClass: 5766K(5888K)->5766K(5888K) Class: 532K(640K)->532K(640K)
[0.335s][info][gc             ] GC(37) Pause Full (Ergonomics) 1M->1M(1M) 3.095ms
[0.335s][info][gc,cpu         ] GC(37) User=0.00s Sys=0.00s Real=0.00s
[0.336s][info][gc,start       ] GC(38) Pause Full (Ergonomics)
[0.336s][info][gc,phases,start] GC(38) Marking Phase
[0.337s][info][gc,phases      ] GC(38) Marking Phase 0.989ms
[0.337s][info][gc,phases,start] GC(38) Summary Phase
[0.337s][info][gc,phases      ] GC(38) Summary Phase 0.016ms
[0.337s][info][gc,phases,start] GC(38) Adjust Roots
[0.337s][info][gc,phases      ] GC(38) Adjust Roots 0.314ms
[0.337s][info][gc,phases,start] GC(38) Compaction Phase
[0.339s][info][gc,phases      ] GC(38) Compaction Phase 1.944ms
[0.339s][info][gc,phases,start] GC(38) Post Compact
[0.339s][info][gc,phases      ] GC(38) Post Compact 0.021ms
[0.339s][info][gc,heap        ] GC(38) PSYoungGen: 1009K(1024K)->1009K(1024K) Eden: 511K(512K)->511K(512K) From: 497K(512K)->497K(512K)
[0.339s][info][gc,heap        ] GC(38) ParOldGen: 509K(512K)->507K(512K)
[0.339s][info][gc,metaspace   ] GC(38) Metaspace: 6299K(6528K)->6299K(6528K) NonClass: 5766K(5888K)->5766K(5888K) Class: 532K(640K)->532K(640K)
[0.339s][info][gc             ] GC(38) Pause Full (Ergonomics) 1M->1M(1M) 3.472ms
[0.339s][info][gc,cpu         ] GC(38) User=0.00s Sys=0.00s Real=0.00s
[0.339s][info][gc,start       ] GC(39) Pause Full (Ergonomics)
[0.339s][info][gc,phases,start] GC(39) Marking Phase
[0.340s][info][gc,phases      ] GC(39) Marking Phase 0.630ms
[0.340s][info][gc,phases,start] GC(39) Summary Phase
[0.340s][info][gc,phases      ] GC(39) Summary Phase 0.013ms
[0.340s][info][gc,phases,start] GC(39) Adjust Roots
[0.340s][info][gc,phases      ] GC(39) Adjust Roots 0.277ms
[0.340s][info][gc,phases,start] GC(39) Compaction Phase
[0.342s][info][gc,phases      ] GC(39) Compaction Phase 1.643ms
[0.342s][info][gc,phases,start] GC(39) Post Compact
[0.342s][info][gc,phases      ] GC(39) Post Compact 0.018ms
[0.342s][info][gc,heap        ] GC(39) PSYoungGen: 1009K(1024K)->1009K(1024K) Eden: 511K(512K)->511K(512K) From: 497K(512K)->497K(512K)
[0.342s][info][gc,heap        ] GC(39) ParOldGen: 511K(512K)->509K(512K)
[0.342s][info][gc,metaspace   ] GC(39) Metaspace: 6299K(6528K)->6299K(6528K) NonClass: 5766K(5888K)->5766K(5888K) Class: 532K(640K)->532K(640K)
[0.342s][info][gc             ] GC(39) Pause Full (Ergonomics) 1M->1M(1M) 2.744ms
[0.342s][info][gc,cpu         ] GC(39) User=0.02s Sys=0.00s Real=0.00s
[0.342s][info][gc,start       ] GC(40) Pause Full (Ergonomics)
[0.342s][info][gc,phases,start] GC(40) Marking Phase
[0.343s][info][gc,phases      ] GC(40) Marking Phase 0.665ms
[0.343s][info][gc,phases,start] GC(40) Summary Phase
[0.343s][info][gc,phases      ] GC(40) Summary Phase 0.020ms
[0.343s][info][gc,phases,start] GC(40) Adjust Roots
[0.343s][info][gc,phases      ] GC(40) Adjust Roots 0.283ms
[0.343s][info][gc,phases,start] GC(40) Compaction Phase
[0.345s][info][gc,phases      ] GC(40) Compaction Phase 1.609ms
[0.345s][info][gc,phases,start] GC(40) Post Compact
[0.345s][info][gc,phases      ] GC(40) Post Compact 0.026ms
[0.345s][info][gc,heap        ] GC(40) PSYoungGen: 1009K(1024K)->1009K(1024K) Eden: 511K(512K)->511K(512K) From: 497K(512K)->497K(512K)
[0.345s][info][gc,heap        ] GC(40) ParOldGen: 510K(512K)->510K(512K)
[0.345s][info][gc,metaspace   ] GC(40) Metaspace: 6299K(6528K)->6299K(6528K) NonClass: 5766K(5888K)->5766K(5888K) Class: 532K(640K)->532K(640K)
[0.345s][info][gc             ] GC(40) Pause Full (Ergonomics) 1M->1M(1M) 2.816ms
[0.345s][info][gc,cpu         ] GC(40) User=0.00s Sys=0.00s Real=0.00s
[0.345s][info][gc,start       ] GC(41) Pause Full (Ergonomics)
[0.346s][info][gc,phases,start] GC(41) Marking Phase
[0.346s][info][gc,phases      ] GC(41) Marking Phase 0.771ms
[0.346s][info][gc,phases,start] GC(41) Summary Phase
[0.346s][info][gc,phases      ] GC(41) Summary Phase 0.013ms
[0.346s][info][gc,phases,start] GC(41) Adjust Roots
[0.347s][info][gc,phases      ] GC(41) Adjust Roots 0.270ms
[0.347s][info][gc,phases,start] GC(41) Compaction Phase
[0.348s][info][gc,phases      ] GC(41) Compaction Phase 1.672ms
[0.348s][info][gc,phases,start] GC(41) Post Compact
[0.348s][info][gc,phases      ] GC(41) Post Compact 0.024ms
[0.348s][info][gc,heap        ] GC(41) PSYoungGen: 1009K(1024K)->1009K(1024K) Eden: 511K(512K)->511K(512K) From: 497K(512K)->497K(512K)
[0.348s][info][gc,heap        ] GC(41) ParOldGen: 511K(512K)->511K(512K)
[0.348s][info][gc,metaspace   ] GC(41) Metaspace: 6299K(6528K)->6299K(6528K) NonClass: 5766K(5888K)->5766K(5888K) Class: 532K(640K)->532K(640K)
[0.348s][info][gc             ] GC(41) Pause Full (Ergonomics) 1M->1M(1M) 2.938ms
[0.348s][info][gc,cpu         ] GC(41) User=0.00s Sys=0.00s Real=0.00s
[0.349s][info][gc,start       ] GC(42) Pause Full (Ergonomics)
[0.349s][info][gc,phases,start] GC(42) Marking Phase
[0.349s][info][gc,phases      ] GC(42) Marking Phase 0.669ms
[0.349s][info][gc,phases,start] GC(42) Summary Phase
[0.349s][info][gc,phases      ] GC(42) Summary Phase 0.013ms
[0.349s][info][gc,phases,start] GC(42) Adjust Roots
[0.350s][info][gc,phases      ] GC(42) Adjust Roots 0.268ms
[0.350s][info][gc,phases,start] GC(42) Compaction Phase
[0.351s][info][gc,phases      ] GC(42) Compaction Phase 1.775ms
[0.351s][info][gc,phases,start] GC(42) Post Compact
[0.351s][info][gc,phases      ] GC(42) Post Compact 0.019ms
[0.352s][info][gc,heap        ] GC(42) PSYoungGen: 1009K(1024K)->1009K(1024K) Eden: 511K(512K)->511K(512K) From: 497K(512K)->497K(512K)
[0.352s][info][gc,heap        ] GC(42) ParOldGen: 511K(512K)->511K(512K)
[0.352s][info][gc,metaspace   ] GC(42) Metaspace: 6299K(6528K)->6299K(6528K) NonClass: 5766K(5888K)->5766K(5888K) Class: 532K(640K)->532K(640K)
[0.352s][info][gc             ] GC(42) Pause Full (Ergonomics) 1M->1M(1M) 2.913ms
[0.352s][info][gc,cpu         ] GC(42) User=0.00s Sys=0.00s Real=0.00s
[0.352s][info][gc,start       ] GC(43) Pause Full (Ergonomics)
[0.352s][info][gc,phases,start] GC(43) Marking Phase
[0.353s][info][gc,phases      ] GC(43) Marking Phase 0.722ms
[0.353s][info][gc,phases,start] GC(43) Summary Phase
[0.353s][info][gc,phases      ] GC(43) Summary Phase 0.013ms
[0.353s][info][gc,phases,start] GC(43) Adjust Roots
[0.353s][info][gc,phases      ] GC(43) Adjust Roots 0.293ms
[0.353s][info][gc,phases,start] GC(43) Compaction Phase
[0.354s][info][gc,phases      ] GC(43) Compaction Phase 1.480ms
[0.354s][info][gc,phases,start] GC(43) Post Compact
[0.354s][info][gc,phases      ] GC(43) Post Compact 0.025ms
[0.354s][info][gc,heap        ] GC(43) PSYoungGen: 1009K(1024K)->1009K(1024K) Eden: 511K(512K)->511K(512K) From: 497K(512K)->497K(512K)
[0.354s][info][gc,heap        ] GC(43) ParOldGen: 511K(512K)->511K(512K)
[0.355s][info][gc,metaspace   ] GC(43) Metaspace: 6299K(6528K)->6299K(6528K) NonClass: 5766K(5888K)->5766K(5888K) Class: 532K(640K)->532K(640K)
[0.355s][info][gc             ] GC(43) Pause Full (Ergonomics) 1M->1M(1M) 2.753ms
[0.355s][info][gc,cpu         ] GC(43) User=0.00s Sys=0.00s Real=0.00s
[0.355s][info][gc,start       ] GC(44) Pause Full (Ergonomics)
[0.355s][info][gc,phases,start] GC(44) Marking Phase
[0.355s][info][gc,phases      ] GC(44) Marking Phase 0.700ms
[0.355s][info][gc,phases,start] GC(44) Summary Phase
[0.355s][info][gc,phases      ] GC(44) Summary Phase 0.012ms
[0.356s][info][gc,phases,start] GC(44) Adjust Roots
[0.356s][info][gc,phases      ] GC(44) Adjust Roots 0.254ms
[0.356s][info][gc,phases,start] GC(44) Compaction Phase
[0.357s][info][gc,phases      ] GC(44) Compaction Phase 1.673ms
[0.357s][info][gc,phases,start] GC(44) Post Compact
[0.358s][info][gc,phases      ] GC(44) Post Compact 0.019ms
[0.358s][info][gc,heap        ] GC(44) PSYoungGen: 1009K(1024K)->1009K(1024K) Eden: 511K(512K)->511K(512K) From: 497K(512K)->497K(512K)
[0.358s][info][gc,heap        ] GC(44) ParOldGen: 511K(512K)->511K(512K)
[0.358s][info][gc,metaspace   ] GC(44) Metaspace: 6299K(6528K)->6299K(6528K) NonClass: 5766K(5888K)->5766K(5888K) Class: 532K(640K)->532K(640K)
[0.358s][info][gc             ] GC(44) Pause Full (Ergonomics) 1M->1M(1M) 2.832ms
[0.358s][info][gc,cpu         ] GC(44) User=0.02s Sys=0.00s Real=0.00s
[0.358s][info][gc,start       ] GC(45) Pause Full (Ergonomics)
[0.358s][info][gc,phases,start] GC(45) Marking Phase
[0.359s][info][gc,phases      ] GC(45) Marking Phase 0.715ms
[0.359s][info][gc,phases,start] GC(45) Summary Phase
[0.359s][info][gc,phases      ] GC(45) Summary Phase 0.013ms
[0.359s][info][gc,phases,start] GC(45) Adjust Roots
[0.359s][info][gc,phases      ] GC(45) Adjust Roots 0.268ms
[0.359s][info][gc,phases,start] GC(45) Compaction Phase
[0.360s][info][gc,phases      ] GC(45) Compaction Phase 1.554ms
[0.360s][info][gc,phases,start] GC(45) Post Compact
[0.360s][info][gc,phases      ] GC(45) Post Compact 0.018ms
[0.360s][info][gc,heap        ] GC(45) PSYoungGen: 1009K(1024K)->1009K(1024K) Eden: 511K(512K)->511K(512K) From: 497K(512K)->497K(512K)
[0.360s][info][gc,heap        ] GC(45) ParOldGen: 511K(512K)->511K(512K)
[0.361s][info][gc,metaspace   ] GC(45) Metaspace: 6299K(6528K)->6299K(6528K) NonClass: 5766K(5888K)->5766K(5888K) Class: 532K(640K)->532K(640K)
[0.361s][info][gc             ] GC(45) Pause Full (Ergonomics) 1M->1M(1M) 2.740ms
[0.361s][info][gc,cpu         ] GC(45) User=0.00s Sys=0.00s Real=0.00s
[0.361s][info][gc,start       ] GC(46) Pause Full (Allocation Failure)
[0.361s][info][gc,phases,start] GC(46) Marking Phase
[0.361s][info][gc,phases      ] GC(46) Marking Phase 0.789ms
[0.361s][info][gc,phases,start] GC(46) Summary Phase
[0.361s][info][gc,phases      ] GC(46) Summary Phase 0.014ms
[0.361s][info][gc,phases,start] GC(46) Adjust Roots
[0.362s][info][gc,phases      ] GC(46) Adjust Roots 0.273ms
[0.362s][info][gc,phases,start] GC(46) Compaction Phase
[0.363s][info][gc,phases      ] GC(46) Compaction Phase 1.653ms
[0.363s][info][gc,phases,start] GC(46) Post Compact
[0.363s][info][gc,phases      ] GC(46) Post Compact 0.022ms
[0.363s][info][gc,heap        ] GC(46) PSYoungGen: 1009K(1024K)->1009K(1024K) Eden: 511K(512K)->511K(512K) From: 497K(512K)->497K(512K)
[0.364s][info][gc,heap        ] GC(46) ParOldGen: 511K(512K)->511K(512K)
[0.364s][info][gc,metaspace   ] GC(46) Metaspace: 6299K(6528K)->6299K(6528K) NonClass: 5766K(5888K)->5766K(5888K) Class: 532K(640K)->532K(640K)
[0.364s][info][gc             ] GC(46) Pause Full (Allocation Failure) 1M->1M(1M) 2.971ms
[0.364s][info][gc,cpu         ] GC(46) User=0.00s Sys=0.00s Real=0.00s
[0.364s][info][gc,start       ] GC(47) Pause Full (Ergonomics)
[0.364s][info][gc,phases,start] GC(47) Marking Phase
[0.365s][info][gc,phases      ] GC(47) Marking Phase 0.710ms
[0.365s][info][gc,phases,start] GC(47) Summary Phase
[0.365s][info][gc,phases      ] GC(47) Summary Phase 0.013ms
[0.365s][info][gc,phases,start] GC(47) Adjust Roots
[0.365s][info][gc,phases      ] GC(47) Adjust Roots 0.260ms
[0.365s][info][gc,phases,start] GC(47) Compaction Phase
[0.367s][info][gc,phases      ] GC(47) Compaction Phase 1.659ms
[0.367s][info][gc,phases,start] GC(47) Post Compact
[0.367s][info][gc,phases      ] GC(47) Post Compact 0.025ms
[0.367s][info][gc,heap        ] GC(47) PSYoungGen: 1009K(1024K)->1008K(1024K) Eden: 512K(512K)->512K(512K) From: 497K(512K)->496K(512K)
[0.367s][info][gc,heap        ] GC(47) ParOldGen: 511K(512K)->511K(512K)
[0.367s][info][gc,metaspace   ] GC(47) Metaspace: 6299K(6528K)->6299K(6528K) NonClass: 5766K(5888K)->5766K(5888K) Class: 532K(640K)->532K(640K)
[0.367s][info][gc             ] GC(47) Pause Full (Ergonomics) 1M->1M(1M) 2.873ms
[0.367s][info][gc,cpu         ] GC(47) User=0.00s Sys=0.00s Real=0.00s
[0.367s][info][gc,start       ] GC(48) Pause Full (Ergonomics)
[0.367s][info][gc,phases,start] GC(48) Marking Phase
[0.368s][info][gc,phases      ] GC(48) Marking Phase 0.740ms
[0.368s][info][gc,phases,start] GC(48) Summary Phase
[0.368s][info][gc,phases      ] GC(48) Summary Phase 0.013ms
[0.368s][info][gc,phases,start] GC(48) Adjust Roots
[0.368s][info][gc,phases      ] GC(48) Adjust Roots 0.269ms
[0.368s][info][gc,phases,start] GC(48) Compaction Phase
[0.370s][info][gc,phases      ] GC(48) Compaction Phase 1.538ms
[0.370s][info][gc,phases,start] GC(48) Post Compact
[0.370s][info][gc,phases      ] GC(48) Post Compact 0.023ms
[0.370s][info][gc,heap        ] GC(48) PSYoungGen: 1008K(1024K)->1008K(1024K) Eden: 512K(512K)->512K(512K) From: 496K(512K)->496K(512K)
[0.370s][info][gc,heap        ] GC(48) ParOldGen: 511K(512K)->511K(512K)
[0.370s][info][gc,metaspace   ] GC(48) Metaspace: 6299K(6528K)->6299K(6528K) NonClass: 5766K(5888K)->5766K(5888K) Class: 532K(640K)->532K(640K)
[0.370s][info][gc             ] GC(48) Pause Full (Ergonomics) 1M->1M(1M) 2.779ms
[0.370s][info][gc,cpu         ] GC(48) User=0.00s Sys=0.00s Real=0.00s
[0.370s][info][gc,start       ] GC(49) Pause Full (Ergonomics)
[0.370s][info][gc,phases,start] GC(49) Marking Phase
[0.371s][info][gc,phases      ] GC(49) Marking Phase 0.696ms
[0.371s][info][gc,phases,start] GC(49) Summary Phase
[0.371s][info][gc,phases      ] GC(49) Summary Phase 0.013ms
[0.371s][info][gc,phases,start] GC(49) Adjust Roots
[0.371s][info][gc,phases      ] GC(49) Adjust Roots 0.267ms
[0.371s][info][gc,phases,start] GC(49) Compaction Phase
[0.373s][info][gc,phases      ] GC(49) Compaction Phase 1.682ms
[0.373s][info][gc,phases,start] GC(49) Post Compact
[0.373s][info][gc,phases      ] GC(49) Post Compact 0.020ms
[0.373s][info][gc,heap        ] GC(49) PSYoungGen: 1008K(1024K)->1008K(1024K) Eden: 512K(512K)->512K(512K) From: 496K(512K)->496K(512K)
[0.373s][info][gc,heap        ] GC(49) ParOldGen: 511K(512K)->511K(512K)
[0.373s][info][gc,metaspace   ] GC(49) Metaspace: 6299K(6528K)->6299K(6528K) NonClass: 5766K(5888K)->5766K(5888K) Class: 532K(640K)->532K(640K)
[0.373s][info][gc             ] GC(49) Pause Full (Ergonomics) 1M->1M(1M) 2.854ms
[0.373s][info][gc,cpu         ] GC(49) User=0.02s Sys=0.00s Real=0.00s
[0.373s][info][gc,start       ] GC(50) Pause Full (Allocation Failure)
[0.373s][info][gc,phases,start] GC(50) Marking Phase
[0.374s][info][gc,phases      ] GC(50) Marking Phase 0.762ms
[0.374s][info][gc,phases,start] GC(50) Summary Phase
[0.374s][info][gc,phases      ] GC(50) Summary Phase 0.013ms
[0.374s][info][gc,phases,start] GC(50) Adjust Roots
[0.374s][info][gc,phases      ] GC(50) Adjust Roots 0.306ms
[0.374s][info][gc,phases,start] GC(50) Compaction Phase
[0.376s][info][gc,phases      ] GC(50) Compaction Phase 1.525ms
[0.376s][info][gc,phases,start] GC(50) Post Compact
[0.376s][info][gc,phases      ] GC(50) Post Compact 0.020ms
[0.376s][info][gc,heap        ] GC(50) PSYoungGen: 1008K(1024K)->1008K(1024K) Eden: 512K(512K)->512K(512K) From: 496K(512K)->496K(512K)
[0.376s][info][gc,heap        ] GC(50) ParOldGen: 511K(512K)->511K(512K)
[0.376s][info][gc,metaspace   ] GC(50) Metaspace: 6299K(6528K)->6299K(6528K) NonClass: 5766K(5888K)->5766K(5888K) Class: 532K(640K)->532K(640K)
[0.376s][info][gc             ] GC(50) Pause Full (Allocation Failure) 1M->1M(1M) 2.815ms
[0.376s][info][gc,cpu         ] GC(50) User=0.00s Sys=0.00s Real=0.00s
[0.376s][info][gc,start       ] GC(51) Pause Full (Ergonomics)
[0.376s][info][gc,phases,start] GC(51) Marking Phase
[0.377s][info][gc,phases      ] GC(51) Marking Phase 0.690ms
[0.377s][info][gc,phases,start] GC(51) Summary Phase
[0.377s][info][gc,phases      ] GC(51) Summary Phase 0.012ms
[0.377s][info][gc,phases,start] GC(51) Adjust Roots
[0.377s][info][gc,phases      ] GC(51) Adjust Roots 0.272ms
[0.377s][info][gc,phases,start] GC(51) Compaction Phase
[0.379s][info][gc,phases      ] GC(51) Compaction Phase 1.567ms
[0.379s][info][gc,phases,start] GC(51) Post Compact
[0.379s][info][gc,phases      ] GC(51) Post Compact 0.022ms
[0.379s][info][gc,heap        ] GC(51) PSYoungGen: 1008K(1024K)->1007K(1024K) Eden: 512K(512K)->512K(512K) From: 496K(512K)->495K(512K)
[0.379s][info][gc,heap        ] GC(51) ParOldGen: 511K(512K)->511K(512K)
[0.379s][info][gc,metaspace   ] GC(51) Metaspace: 6299K(6528K)->6299K(6528K) NonClass: 5766K(5888K)->5766K(5888K) Class: 532K(640K)->532K(640K)
[0.379s][info][gc             ] GC(51) Pause Full (Ergonomics) 1M->1M(1M) 2.759ms
[0.379s][info][gc,cpu         ] GC(51) User=0.00s Sys=0.00s Real=0.00s
[0.379s][info][gc,start       ] GC(52) Pause Full (Ergonomics)
[0.379s][info][gc,phases,start] GC(52) Marking Phase
[0.380s][info][gc,phases      ] GC(52) Marking Phase 0.698ms
[0.380s][info][gc,phases,start] GC(52) Summary Phase
[0.380s][info][gc,phases      ] GC(52) Summary Phase 0.012ms
[0.380s][info][gc,phases,start] GC(52) Adjust Roots
[0.380s][info][gc,phases      ] GC(52) Adjust Roots 0.271ms
[0.380s][info][gc,phases,start] GC(52) Compaction Phase
[0.382s][info][gc,phases      ] GC(52) Compaction Phase 1.546ms
[0.382s][info][gc,phases,start] GC(52) Post Compact
[0.382s][info][gc,phases      ] GC(52) Post Compact 0.020ms
[0.382s][info][gc,heap        ] GC(52) PSYoungGen: 1007K(1024K)->1007K(1024K) Eden: 512K(512K)->512K(512K) From: 495K(512K)->495K(512K)
[0.382s][info][gc,heap        ] GC(52) ParOldGen: 511K(512K)->511K(512K)
[0.382s][info][gc,metaspace   ] GC(52) Metaspace: 6299K(6528K)->6299K(6528K) NonClass: 5766K(5888K)->5766K(5888K) Class: 532K(640K)->532K(640K)
[0.382s][info][gc             ] GC(52) Pause Full (Ergonomics) 1M->1M(1M) 2.740ms
[0.382s][info][gc,cpu         ] GC(52) User=0.00s Sys=0.00s Real=0.00s
[0.382s][info][gc,start       ] GC(53) Pause Full (Ergonomics)
[0.382s][info][gc,phases,start] GC(53) Marking Phase
[0.383s][info][gc,phases      ] GC(53) Marking Phase 0.699ms
[0.383s][info][gc,phases,start] GC(53) Summary Phase
[0.383s][info][gc,phases      ] GC(53) Summary Phase 0.012ms
[0.383s][info][gc,phases,start] GC(53) Adjust Roots
[0.383s][info][gc,phases      ] GC(53) Adjust Roots 0.278ms
[0.383s][info][gc,phases,start] GC(53) Compaction Phase
[0.385s][info][gc,phases      ] GC(53) Compaction Phase 1.545ms
[0.385s][info][gc,phases,start] GC(53) Post Compact
[0.385s][info][gc,phases      ] GC(53) Post Compact 0.022ms
[0.385s][info][gc,heap        ] GC(53) PSYoungGen: 1007K(1024K)->1007K(1024K) Eden: 512K(512K)->512K(512K) From: 495K(512K)->495K(512K)
[0.385s][info][gc,heap        ] GC(53) ParOldGen: 511K(512K)->511K(512K)
[0.385s][info][gc,metaspace   ] GC(53) Metaspace: 6299K(6528K)->6299K(6528K) NonClass: 5766K(5888K)->5766K(5888K) Class: 533K(640K)->533K(640K)
[0.385s][info][gc             ] GC(53) Pause Full (Ergonomics) 1M->1M(1M) 2.790ms
[0.385s][info][gc,cpu         ] GC(53) User=0.00s Sys=0.00s Real=0.00s
[0.385s][info][gc,start       ] GC(54) Pause Full (Allocation Failure)
[0.385s][info][gc,phases,start] GC(54) Marking Phase
[0.386s][info][gc,phases      ] GC(54) Marking Phase 0.889ms
[0.386s][info][gc,phases,start] GC(54) Summary Phase
[0.386s][info][gc,phases      ] GC(54) Summary Phase 0.013ms
[0.386s][info][gc,phases,start] GC(54) Adjust Roots
[0.386s][info][gc,phases      ] GC(54) Adjust Roots 0.271ms
[0.386s][info][gc,phases,start] GC(54) Compaction Phase
[0.388s][info][gc,phases      ] GC(54) Compaction Phase 1.579ms
[0.388s][info][gc,phases,start] GC(54) Post Compact
[0.388s][info][gc,phases      ] GC(54) Post Compact 0.020ms
[0.388s][info][gc,heap        ] GC(54) PSYoungGen: 1007K(1024K)->1007K(1024K) Eden: 512K(512K)->512K(512K) From: 495K(512K)->495K(512K)
[0.388s][info][gc,heap        ] GC(54) ParOldGen: 511K(512K)->511K(512K)
[0.388s][info][gc,metaspace   ] GC(54) Metaspace: 6299K(6528K)->6299K(6528K) NonClass: 5766K(5888K)->5766K(5888K) Class: 533K(640K)->533K(640K)
[0.388s][info][gc             ] GC(54) Pause Full (Allocation Failure) 1M->1M(1M) 2.961ms
[0.388s][info][gc,cpu         ] GC(54) User=0.00s Sys=0.00s Real=0.00s
[0.388s][info][gc,start       ] GC(55) Pause Full (Ergonomics)
[0.388s][info][gc,phases,start] GC(55) Marking Phase
[0.389s][info][gc,phases      ] GC(55) Marking Phase 0.685ms
[0.389s][info][gc,phases,start] GC(55) Summary Phase
[0.389s][info][gc,phases      ] GC(55) Summary Phase 0.012ms
[0.389s][info][gc,phases,start] GC(55) Adjust Roots
[0.389s][info][gc,phases      ] GC(55) Adjust Roots 0.262ms
[0.389s][info][gc,phases,start] GC(55) Compaction Phase
[0.391s][info][gc,phases      ] GC(55) Compaction Phase 1.550ms
[0.391s][info][gc,phases,start] GC(55) Post Compact
[0.391s][info][gc,phases      ] GC(55) Post Compact 0.030ms
[0.391s][info][gc,heap        ] GC(55) PSYoungGen: 1007K(1024K)->1007K(1024K) Eden: 512K(512K)->512K(512K) From: 495K(512K)->495K(512K)
[0.391s][info][gc,heap        ] GC(55) ParOldGen: 511K(512K)->511K(512K)
[0.391s][info][gc,metaspace   ] GC(55) Metaspace: 6300K(6528K)->6300K(6528K) NonClass: 5766K(5888K)->5766K(5888K) Class: 533K(640K)->533K(640K)
[0.391s][info][gc             ] GC(55) Pause Full (Ergonomics) 1M->1M(1M) 2.702ms
[0.391s][info][gc,cpu         ] GC(55) User=0.00s Sys=0.00s Real=0.00s
[0.391s][info][gc,start       ] GC(56) Pause Full (Allocation Failure)
[0.391s][info][gc,phases,start] GC(56) Marking Phase
[0.392s][info][gc,phases      ] GC(56) Marking Phase 0.909ms
[0.392s][info][gc,phases,start] GC(56) Summary Phase
[0.392s][info][gc,phases      ] GC(56) Summary Phase 0.013ms
[0.392s][info][gc,phases,start] GC(56) Adjust Roots
[0.392s][info][gc,phases      ] GC(56) Adjust Roots 0.270ms
[0.392s][info][gc,phases,start] GC(56) Compaction Phase
[0.394s][info][gc,phases      ] GC(56) Compaction Phase 1.905ms
[0.395s][info][gc,phases,start] GC(56) Post Compact
[0.395s][info][gc,phases      ] GC(56) Post Compact 0.032ms
[0.395s][info][gc,heap        ] GC(56) PSYoungGen: 1007K(1024K)->1007K(1024K) Eden: 512K(512K)->512K(512K) From: 495K(512K)->495K(512K)
[0.395s][info][gc,heap        ] GC(56) ParOldGen: 511K(512K)->511K(512K)
[0.395s][info][gc,metaspace   ] GC(56) Metaspace: 6300K(6528K)->6300K(6528K) NonClass: 5766K(5888K)->5766K(5888K) Class: 533K(640K)->533K(640K)
[0.395s][info][gc             ] GC(56) Pause Full (Allocation Failure) 1M->1M(1M) 3.512ms
[0.395s][info][gc,cpu         ] GC(56) User=0.00s Sys=0.00s Real=0.00s
[0.395s][info][gc,start       ] GC(57) Pause Full (Ergonomics)
[0.395s][info][gc,phases,start] GC(57) Marking Phase
[0.396s][info][gc,phases      ] GC(57) Marking Phase 0.735ms
[0.396s][info][gc,phases,start] GC(57) Summary Phase
[0.396s][info][gc,phases      ] GC(57) Summary Phase 0.013ms
[0.396s][info][gc,phases,start] GC(57) Adjust Roots
[0.396s][info][gc,phases      ] GC(57) Adjust Roots 0.289ms
[0.396s][info][gc,phases,start] GC(57) Compaction Phase
[0.398s][info][gc,phases      ] GC(57) Compaction Phase 1.841ms
[0.398s][info][gc,phases,start] GC(57) Post Compact
[0.398s][info][gc,phases      ] GC(57) Post Compact 0.046ms
[0.398s][info][gc,heap        ] GC(57) PSYoungGen: 1007K(1024K)->1007K(1024K) Eden: 512K(512K)->512K(512K) From: 495K(512K)->495K(512K)
[0.398s][info][gc,heap        ] GC(57) ParOldGen: 511K(512K)->511K(512K)
[0.398s][info][gc,metaspace   ] GC(57) Metaspace: 6300K(6528K)->6300K(6528K) NonClass: 5766K(5888K)->5766K(5888K) Class: 533K(640K)->533K(640K)
[0.398s][info][gc             ] GC(57) Pause Full (Ergonomics) 1M->1M(1M) 3.143ms
[0.398s][info][gc,cpu         ] GC(57) User=0.00s Sys=0.00s Real=0.00s
[0.398s][info][gc,start       ] GC(58) Pause Full (Allocation Failure)
[0.398s][info][gc,phases,start] GC(58) Marking Phase
[0.399s][info][gc,phases      ] GC(58) Marking Phase 0.785ms
[0.399s][info][gc,phases,start] GC(58) Summary Phase
[0.399s][info][gc,phases      ] GC(58) Summary Phase 0.015ms
[0.399s][info][gc,phases,start] GC(58) Adjust Roots
[0.400s][info][gc,phases      ] GC(58) Adjust Roots 0.362ms
[0.400s][info][gc,phases,start] GC(58) Compaction Phase
[0.401s][info][gc,phases      ] GC(58) Compaction Phase 1.788ms
[0.401s][info][gc,phases,start] GC(58) Post Compact
[0.401s][info][gc,phases      ] GC(58) Post Compact 0.020ms
[0.401s][info][gc,heap        ] GC(58) PSYoungGen: 1007K(1024K)->1007K(1024K) Eden: 512K(512K)->512K(512K) From: 495K(512K)->495K(512K)
[0.401s][info][gc,heap        ] GC(58) ParOldGen: 511K(512K)->511K(512K)
[0.401s][info][gc,metaspace   ] GC(58) Metaspace: 6300K(6528K)->6300K(6528K) NonClass: 5766K(5888K)->5766K(5888K) Class: 533K(640K)->533K(640K)
[0.401s][info][gc             ] GC(58) Pause Full (Allocation Failure) 1M->1M(1M) 3.159ms
[0.401s][info][gc,cpu         ] GC(58) User=0.00s Sys=0.00s Real=0.00s
[0.402s][info][gc,start       ] GC(59) Pause Full (Ergonomics)
[0.402s][info][gc,phases,start] GC(59) Marking Phase
[0.403s][info][gc,phases      ] GC(59) Marking Phase 0.800ms
[0.403s][info][gc,phases,start] GC(59) Summary Phase
[0.403s][info][gc,phases      ] GC(59) Summary Phase 0.012ms
[0.403s][info][gc,phases,start] GC(59) Adjust Roots
[0.403s][info][gc,phases      ] GC(59) Adjust Roots 0.287ms
[0.403s][info][gc,phases,start] GC(59) Compaction Phase
[0.405s][info][gc,phases      ] GC(59) Compaction Phase 1.666ms
[0.405s][info][gc,phases,start] GC(59) Post Compact
[0.405s][info][gc,phases      ] GC(59) Post Compact 0.032ms
[0.405s][info][gc,heap        ] GC(59) PSYoungGen: 1007K(1024K)->1006K(1024K) Eden: 512K(512K)->512K(512K) From: 495K(512K)->494K(512K)
[0.405s][info][gc,heap        ] GC(59) ParOldGen: 511K(512K)->511K(512K)
[0.405s][info][gc,metaspace   ] GC(59) Metaspace: 6300K(6528K)->6300K(6528K) NonClass: 5766K(5888K)->5766K(5888K) Class: 533K(640K)->533K(640K)
[0.405s][info][gc             ] GC(59) Pause Full (Ergonomics) 1M->1M(1M) 2.995ms
[0.405s][info][gc,cpu         ] GC(59) User=0.00s Sys=0.00s Real=0.00s
[0.405s][info][gc,start       ] GC(60) Pause Full (Allocation Failure)
[0.405s][info][gc,phases,start] GC(60) Marking Phase
[0.406s][info][gc,phases      ] GC(60) Marking Phase 0.916ms
[0.406s][info][gc,phases,start] GC(60) Summary Phase
[0.406s][info][gc,phases      ] GC(60) Summary Phase 0.013ms
[0.406s][info][gc,phases,start] GC(60) Adjust Roots
[0.406s][info][gc,phases      ] GC(60) Adjust Roots 0.316ms
[0.406s][info][gc,phases,start] GC(60) Compaction Phase
[0.408s][info][gc,phases      ] GC(60) Compaction Phase 1.548ms
[0.408s][info][gc,phases,start] GC(60) Post Compact
[0.408s][info][gc,phases      ] GC(60) Post Compact 0.019ms
[0.408s][info][gc,heap        ] GC(60) PSYoungGen: 1006K(1024K)->1006K(1024K) Eden: 512K(512K)->512K(512K) From: 494K(512K)->494K(512K)
[0.408s][info][gc,heap        ] GC(60) ParOldGen: 511K(512K)->511K(512K)
[0.408s][info][gc,metaspace   ] GC(60) Metaspace: 6300K(6528K)->6300K(6528K) NonClass: 5766K(5888K)->5766K(5888K) Class: 533K(640K)->533K(640K)
[0.408s][info][gc             ] GC(60) Pause Full (Allocation Failure) 1M->1M(1M) 2.987ms
[0.408s][info][gc,cpu         ] GC(60) User=0.00s Sys=0.00s Real=0.00s
