[0.013s][info][gc,init] CardTable entry size: 512
[0.013s][info][gc     ] Using Parallel
[0.014s][info][gc,init] Version: 18.0.1+10 (release)
[0.014s][info][gc,init] CPUs: 8 total, 8 available
[0.014s][info][gc,init] Memory: 16063M
[0.014s][info][gc,init] Large Page Support: Disabled
[0.014s][info][gc,init] NUMA Support: Disabled
[0.014s][info][gc,init] Compressed Oops: Enabled (Zero based)
[0.014s][info][gc,init] Alignments: Space 512K, Generation 512K, Heap 2M
[0.014s][info][gc,init] Heap Min Capacity: 2M
[0.014s][info][gc,init] Heap Initial Capacity: 2M
[0.014s][info][gc,init] Heap Max Capacity: 2500M
[0.014s][info][gc,init] Pre-touch: Disabled
[0.014s][info][gc,init] Parallel Workers: 7
[0.014s][info][gc,metaspace] CDS archive(s) not mapped
[0.014s][info][gc,metaspace] Compressed class space mapped at: 0x0000000800000000-0x0000000840000000, reserved size: 1073741824
[0.014s][info][gc,metaspace] Narrow klass base: 0x0000000800000000, Narrow klass shift: 0, Narrow klass range: 0x40000000
[0.121s][info][gc,start    ] GC(0) Pause Young (Allocation Failure)
[0.123s][info][gc,heap     ] GC(0) PSYoungGen: 512K(1024K)->512K(1024K) Eden: 512K(512K)->0K(512K) From: 0K(512K)->512K(512K)
[0.123s][info][gc,heap     ] GC(0) ParOldGen: 0K(512K)->48K(512K)
[0.123s][info][gc,metaspace] GC(0) Metaspace: 4229K(4352K)->4229K(4352K) NonClass: 3908K(3968K)->3908K(3968K) Class: 321K(384K)->321K(384K)
[0.123s][info][gc          ] GC(0) Pause Young (Allocation Failure) 0M->0M(1M) 1.804ms
[0.123s][info][gc,cpu      ] GC(0) User=0.00s Sys=0.00s Real=0.00s
[0.185s][info][gc,start    ] GC(1) Pause Young (Allocation Failure)
[0.186s][info][gc,heap     ] GC(1) PSYoungGen: 1023K(1024K)->496K(1536K) Eden: 511K(512K)->0K(1024K) From: 512K(512K)->496K(512K)
[0.186s][info][gc,heap     ] GC(1) ParOldGen: 48K(512K)->144K(512K)
[0.186s][info][gc,metaspace] GC(1) Metaspace: 5876K(5952K)->5876K(5952K) NonClass: 5379K(5440K)->5379K(5440K) Class: 496K(512K)->496K(512K)
[0.186s][info][gc          ] GC(1) Pause Young (Allocation Failure) 1M->0M(2M) 0.820ms
[0.186s][info][gc,cpu      ] GC(1) User=0.00s Sys=0.00s Real=0.00s
[0.208s][info][gc,start    ] GC(2) Pause Young (Allocation Failure)
[0.209s][info][gc,heap     ] GC(2) PSYoungGen: 1520K(1536K)->496K(1536K) Eden: 1024K(1024K)->0K(1024K) From: 496K(512K)->496K(512K)
[0.209s][info][gc,heap     ] GC(2) ParOldGen: 144K(512K)->552K(1024K)
[0.209s][info][gc,metaspace] GC(2) Metaspace: 6295K(6464K)->6295K(6464K) NonClass: 5762K(5824K)->5762K(5824K) Class: 533K(640K)->533K(640K)
[0.209s][info][gc          ] GC(2) Pause Young (Allocation Failure) 1M->1M(2M) 1.055ms
[0.209s][info][gc,cpu      ] GC(2) User=0.00s Sys=0.00s Real=0.00s
[0.211s][info][gc,start    ] GC(3) Pause Young (Allocation Failure)
[0.212s][info][gc,heap     ] GC(3) PSYoungGen: 1520K(1536K)->512K(2560K) Eden: 1024K(1024K)->0K(2048K) From: 496K(512K)->512K(512K)
[0.212s][info][gc,heap     ] GC(3) ParOldGen: 552K(1024K)->1096K(1536K)
[0.212s][info][gc,metaspace] GC(3) Metaspace: 6295K(6464K)->6295K(6464K) NonClass: 5762K(5824K)->5762K(5824K) Class: 533K(640K)->533K(640K)
[0.212s][info][gc          ] GC(3) Pause Young (Allocation Failure) 2M->1M(4M) 1.115ms
[0.212s][info][gc,cpu      ] GC(3) User=0.00s Sys=0.00s Real=0.00s
[0.212s][info][gc,start    ] GC(4) Pause Full (Ergonomics)
[0.212s][info][gc,phases,start] GC(4) Marking Phase
[0.213s][info][gc,phases      ] GC(4) Marking Phase 0.957ms
[0.213s][info][gc,phases,start] GC(4) Summary Phase
[0.213s][info][gc,phases      ] GC(4) Summary Phase 0.015ms
[0.213s][info][gc,phases,start] GC(4) Adjust Roots
[0.213s][info][gc,phases      ] GC(4) Adjust Roots 0.360ms
[0.213s][info][gc,phases,start] GC(4) Compaction Phase
[0.216s][info][gc,phases      ] GC(4) Compaction Phase 2.519ms
[0.216s][info][gc,phases,start] GC(4) Post Compact
[0.216s][info][gc,phases      ] GC(4) Post Compact 0.091ms
[0.216s][info][gc,heap        ] GC(4) PSYoungGen: 512K(2560K)->0K(2560K) Eden: 0K(2048K)->0K(2048K) From: 512K(512K)->0K(512K)
[0.216s][info][gc,heap        ] GC(4) ParOldGen: 1096K(1536K)->1495K(3584K)
[0.216s][info][gc,metaspace   ] GC(4) Metaspace: 6295K(6464K)->6295K(6464K) NonClass: 5762K(5824K)->5762K(5824K) Class: 533K(640K)->533K(640K)
[0.216s][info][gc             ] GC(4) Pause Full (Ergonomics) 1M->1M(6M) 4.383ms
[0.216s][info][gc,cpu         ] GC(4) User=0.00s Sys=0.00s Real=0.01s
[0.220s][info][gc,start       ] GC(5) Pause Young (Allocation Failure)
[0.221s][info][gc,heap        ] GC(5) PSYoungGen: 2048K(2560K)->480K(3584K) Eden: 2048K(2048K)->0K(3072K) From: 0K(512K)->480K(512K)
[0.221s][info][gc,heap        ] GC(5) ParOldGen: 1495K(3584K)->2191K(3584K)
[0.221s][info][gc,metaspace   ] GC(5) Metaspace: 6295K(6464K)->6295K(6464K) NonClass: 5762K(5824K)->5762K(5824K) Class: 533K(640K)->533K(640K)
[0.221s][info][gc             ] GC(5) Pause Young (Allocation Failure) 3M->2M(7M) 1.148ms
[0.221s][info][gc,cpu         ] GC(5) User=0.00s Sys=0.00s Real=0.00s
[0.226s][info][gc,start       ] GC(6) Pause Young (Allocation Failure)
[0.228s][info][gc,heap        ] GC(6) PSYoungGen: 3552K(3584K)->1504K(4608K) Eden: 3072K(3072K)->0K(3072K) From: 480K(512K)->1504K(1536K)
[0.228s][info][gc,heap        ] GC(6) ParOldGen: 2191K(3584K)->2719K(3584K)
[0.228s][info][gc,metaspace   ] GC(6) Metaspace: 6295K(6464K)->6295K(6464K) NonClass: 5762K(5824K)->5762K(5824K) Class: 533K(640K)->533K(640K)
[0.228s][info][gc             ] GC(6) Pause Young (Allocation Failure) 5M->4M(8M) 1.804ms
[0.228s][info][gc,cpu         ] GC(6) User=0.00s Sys=0.00s Real=0.00s
[0.228s][info][gc,start       ] GC(7) Pause Full (Ergonomics)
[0.228s][info][gc,phases,start] GC(7) Marking Phase
[0.230s][info][gc,phases      ] GC(7) Marking Phase 1.728ms
[0.230s][info][gc,phases,start] GC(7) Summary Phase
[0.230s][info][gc,phases      ] GC(7) Summary Phase 0.014ms
[0.230s][info][gc,phases,start] GC(7) Adjust Roots
[0.231s][info][gc,phases      ] GC(7) Adjust Roots 0.354ms
[0.231s][info][gc,phases,start] GC(7) Compaction Phase
[0.233s][info][gc,phases      ] GC(7) Compaction Phase 2.512ms
[0.233s][info][gc,phases,start] GC(7) Post Compact
[0.233s][info][gc,phases      ] GC(7) Post Compact 0.035ms
[0.233s][info][gc,heap        ] GC(7) PSYoungGen: 1504K(4608K)->970K(4608K) Eden: 0K(3072K)->0K(3072K) From: 1504K(1536K)->970K(1536K)
[0.233s][info][gc,heap        ] GC(7) ParOldGen: 2719K(3584K)->3147K(6144K)
[0.234s][info][gc,metaspace   ] GC(7) Metaspace: 6295K(6464K)->6295K(6464K) NonClass: 5762K(5824K)->5762K(5824K) Class: 533K(640K)->533K(640K)
[0.234s][info][gc             ] GC(7) Pause Full (Ergonomics) 4M->4M(10M) 5.150ms
[0.234s][info][gc,cpu         ] GC(7) User=0.00s Sys=0.00s Real=0.01s
[0.239s][info][gc,start       ] GC(8) Pause Young (Allocation Failure)
[0.241s][info][gc,heap        ] GC(8) PSYoungGen: 4042K(4608K)->2016K(5632K) Eden: 3072K(3072K)->0K(3584K) From: 970K(1536K)->2016K(2048K)
[0.241s][info][gc,heap        ] GC(8) ParOldGen: 3147K(6144K)->3723K(6144K)
[0.241s][info][gc,metaspace   ] GC(8) Metaspace: 6295K(6464K)->6295K(6464K) NonClass: 5762K(5824K)->5762K(5824K) Class: 533K(640K)->533K(640K)
[0.241s][info][gc             ] GC(8) Pause Young (Allocation Failure) 7M->5M(11M) 2.176ms
[0.241s][info][gc,cpu         ] GC(8) User=0.02s Sys=0.00s Real=0.00s
[0.247s][info][gc,start       ] GC(9) Pause Young (Allocation Failure)
[0.250s][info][gc,heap        ] GC(9) PSYoungGen: 5600K(5632K)->3040K(6656K) Eden: 3584K(3584K)->0K(3584K) From: 2016K(2048K)->3040K(3072K)
[0.250s][info][gc,heap        ] GC(9) ParOldGen: 3723K(6144K)->4587K(6144K)
[0.250s][info][gc,metaspace   ] GC(9) Metaspace: 6295K(6464K)->6295K(6464K) NonClass: 5762K(5824K)->5762K(5824K) Class: 533K(640K)->533K(640K)
[0.250s][info][gc             ] GC(9) Pause Young (Allocation Failure) 9M->7M(12M) 2.530ms
[0.250s][info][gc,cpu         ] GC(9) User=0.00s Sys=0.00s Real=0.00s
[0.255s][info][gc,start       ] GC(10) Pause Young (Allocation Failure)
[0.258s][info][gc,heap        ] GC(10) PSYoungGen: 6624K(6656K)->3552K(7680K) Eden: 3584K(3584K)->0K(4096K) From: 3040K(3072K)->3552K(3584K)
[0.258s][info][gc,heap        ] GC(10) ParOldGen: 4587K(6144K)->5979K(6144K)
[0.258s][info][gc,metaspace   ] GC(10) Metaspace: 6295K(6464K)->6295K(6464K) NonClass: 5762K(5824K)->5762K(5824K) Class: 533K(640K)->533K(640K)
[0.258s][info][gc             ] GC(10) Pause Young (Allocation Failure) 10M->9M(13M) 3.166ms
[0.258s][info][gc,cpu         ] GC(10) User=0.00s Sys=0.00s Real=0.00s
[0.258s][info][gc,start       ] GC(11) Pause Full (Ergonomics)
[0.258s][info][gc,phases,start] GC(11) Marking Phase
[0.261s][info][gc,phases      ] GC(11) Marking Phase 2.835ms
[0.261s][info][gc,phases,start] GC(11) Summary Phase
[0.261s][info][gc,phases      ] GC(11) Summary Phase 0.015ms
[0.261s][info][gc,phases,start] GC(11) Adjust Roots
[0.261s][info][gc,phases      ] GC(11) Adjust Roots 0.199ms
[0.261s][info][gc,phases,start] GC(11) Compaction Phase
[0.266s][info][gc,phases      ] GC(11) Compaction Phase 4.851ms
[0.266s][info][gc,phases,start] GC(11) Post Compact
[0.266s][info][gc,phases      ] GC(11) Post Compact 0.048ms
[0.266s][info][gc,heap        ] GC(11) PSYoungGen: 3552K(7680K)->3541K(7680K) Eden: 0K(4096K)->0K(4096K) From: 3552K(3584K)->3541K(3584K)
[0.266s][info][gc,heap        ] GC(11) ParOldGen: 5979K(6144K)->5835K(10752K)
[0.266s][info][gc,metaspace   ] GC(11) Metaspace: 6295K(6464K)->6295K(6464K) NonClass: 5762K(5824K)->5762K(5824K) Class: 533K(640K)->533K(640K)
[0.266s][info][gc             ] GC(11) Pause Full (Ergonomics) 9M->9M(18M) 8.312ms
[0.266s][info][gc,cpu         ] GC(11) User=0.00s Sys=0.00s Real=0.01s
[0.271s][info][gc,start       ] GC(12) Pause Young (Allocation Failure)
[0.275s][info][gc,heap        ] GC(12) PSYoungGen: 7637K(7680K)->3776K(9216K) Eden: 4096K(4096K)->0K(4096K) From: 3541K(3584K)->3776K(5120K)
[0.275s][info][gc,heap        ] GC(12) ParOldGen: 5835K(10752K)->7867K(10752K)
[0.275s][info][gc,metaspace   ] GC(12) Metaspace: 6295K(6464K)->6295K(6464K) NonClass: 5762K(5824K)->5762K(5824K) Class: 533K(640K)->533K(640K)
[0.275s][info][gc             ] GC(12) Pause Young (Allocation Failure) 13M->11M(19M) 3.992ms
[0.275s][info][gc,cpu         ] GC(12) User=0.00s Sys=0.00s Real=0.00s
[0.281s][info][gc,start       ] GC(13) Pause Young (Allocation Failure)
[0.284s][info][gc,heap        ] GC(13) PSYoungGen: 7872K(9216K)->2496K(10240K) Eden: 4096K(4096K)->0K(5632K) From: 3776K(5120K)->2496K(4608K)
[0.284s][info][gc,heap        ] GC(13) ParOldGen: 7867K(10752K)->11603K(11776K)
[0.284s][info][gc,metaspace   ] GC(13) Metaspace: 6295K(6464K)->6295K(6464K) NonClass: 5762K(5824K)->5762K(5824K) Class: 533K(640K)->533K(640K)
[0.284s][info][gc             ] GC(13) Pause Young (Allocation Failure) 15M->13M(21M) 3.871ms
[0.285s][info][gc,cpu         ] GC(13) User=0.00s Sys=0.00s Real=0.00s
[0.285s][info][gc,start       ] GC(14) Pause Full (Ergonomics)
[0.285s][info][gc,phases,start] GC(14) Marking Phase
[0.288s][info][gc,phases      ] GC(14) Marking Phase 3.640ms
[0.288s][info][gc,phases,start] GC(14) Summary Phase
[0.288s][info][gc,phases      ] GC(14) Summary Phase 0.015ms
[0.288s][info][gc,phases,start] GC(14) Adjust Roots
[0.289s][info][gc,phases      ] GC(14) Adjust Roots 0.218ms
[0.289s][info][gc,phases,start] GC(14) Compaction Phase
[0.294s][info][gc,phases      ] GC(14) Compaction Phase 5.935ms
[0.295s][info][gc,phases,start] GC(14) Post Compact
[0.295s][info][gc,phases      ] GC(14) Post Compact 0.068ms
[0.295s][info][gc,heap        ] GC(14) PSYoungGen: 2496K(10240K)->1845K(10752K) Eden: 0K(5632K)->0K(6144K) From: 2496K(4608K)->1845K(4608K)
[0.295s][info][gc,heap        ] GC(14) ParOldGen: 11603K(11776K)->11737K(18944K)
[0.295s][info][gc,metaspace   ] GC(14) Metaspace: 6295K(6464K)->6295K(6464K) NonClass: 5762K(5824K)->5762K(5824K) Class: 533K(640K)->533K(640K)
[0.295s][info][gc             ] GC(14) Pause Full (Ergonomics) 13M->13M(29M) 10.222ms
[0.295s][info][gc,cpu         ] GC(14) User=0.02s Sys=0.00s Real=0.01s
[0.301s][info][gc,start       ] GC(15) Pause Young (Allocation Failure)
[0.305s][info][gc,heap        ] GC(15) PSYoungGen: 7989K(10752K)->3264K(11264K) Eden: 6144K(6144K)->0K(6144K) From: 1845K(4608K)->3264K(5120K)
[0.305s][info][gc,heap        ] GC(15) ParOldGen: 11737K(18944K)->13633K(18944K)
[0.305s][info][gc,metaspace   ] GC(15) Metaspace: 6297K(6464K)->6297K(6464K) NonClass: 5764K(5824K)->5764K(5824K) Class: 533K(640K)->533K(640K)
[0.305s][info][gc             ] GC(15) Pause Young (Allocation Failure) 19M->16M(29M) 3.545ms
[0.305s][info][gc,cpu         ] GC(15) User=0.00s Sys=0.00s Real=0.00s
[0.311s][info][gc,start       ] GC(16) Pause Young (Allocation Failure)
[0.315s][info][gc,heap        ] GC(16) PSYoungGen: 9408K(11264K)->3296K(13312K) Eden: 6144K(6144K)->0K(8192K) From: 3264K(5120K)->3296K(5120K)
[0.316s][info][gc,heap        ] GC(16) ParOldGen: 13633K(18944K)->16849K(18944K)
[0.316s][info][gc,metaspace   ] GC(16) Metaspace: 6297K(6464K)->6297K(6464K) NonClass: 5764K(5824K)->5764K(5824K) Class: 533K(640K)->533K(640K)
[0.316s][info][gc             ] GC(16) Pause Young (Allocation Failure) 22M->19M(31M) 4.799ms
[0.316s][info][gc,cpu         ] GC(16) User=0.00s Sys=0.00s Real=0.01s
[0.316s][info][gc,start       ] GC(17) Pause Full (Ergonomics)
[0.316s][info][gc,phases,start] GC(17) Marking Phase
[0.321s][info][gc,phases      ] GC(17) Marking Phase 5.295ms
[0.321s][info][gc,phases,start] GC(17) Summary Phase
[0.321s][info][gc,phases      ] GC(17) Summary Phase 0.021ms
[0.321s][info][gc,phases,start] GC(17) Adjust Roots
[0.321s][info][gc,phases      ] GC(17) Adjust Roots 0.283ms
[0.321s][info][gc,phases,start] GC(17) Compaction Phase
[0.327s][info][gc,phases      ] GC(17) Compaction Phase 5.277ms
[0.327s][info][gc,phases,start] GC(17) Post Compact
[0.327s][info][gc,phases      ] GC(17) Post Compact 0.083ms
[0.327s][info][gc,heap        ] GC(17) PSYoungGen: 3296K(13312K)->1126K(13312K) Eden: 0K(8192K)->0K(8192K) From: 3296K(5120K)->1126K(5120K)
[0.327s][info][gc,heap        ] GC(17) ParOldGen: 16849K(18944K)->18765K(27648K)
[0.327s][info][gc,metaspace   ] GC(17) Metaspace: 6297K(6464K)->6297K(6464K) NonClass: 5764K(5824K)->5764K(5824K) Class: 533K(640K)->533K(640K)
[0.327s][info][gc             ] GC(17) Pause Full (Ergonomics) 19M->19M(40M) 11.329ms
[0.327s][info][gc,cpu         ] GC(17) User=0.02s Sys=0.00s Real=0.01s
[0.339s][info][gc,start       ] GC(18) Pause Young (Allocation Failure)
[0.344s][info][gc,heap        ] GC(18) PSYoungGen: 9318K(13312K)->4832K(13824K) Eden: 8192K(8192K)->0K(8192K) From: 1126K(5120K)->4832K(5632K)
[0.344s][info][gc,heap        ] GC(18) ParOldGen: 18765K(27648K)->19949K(27648K)
[0.344s][info][gc,metaspace   ] GC(18) Metaspace: 6297K(6464K)->6297K(6464K) NonClass: 5764K(5824K)->5764K(5824K) Class: 533K(640K)->533K(640K)
[0.344s][info][gc             ] GC(18) Pause Young (Allocation Failure) 27M->24M(40M) 5.469ms
[0.344s][info][gc,cpu         ] GC(18) User=0.00s Sys=0.00s Real=0.01s
[0.351s][info][gc,start       ] GC(19) Pause Young (Allocation Failure)
[0.357s][info][gc,heap        ] GC(19) PSYoungGen: 13024K(13824K)->4384K(17408K) Eden: 8192K(8192K)->0K(11264K) From: 4832K(5632K)->4384K(6144K)
[0.357s][info][gc,heap        ] GC(19) ParOldGen: 19949K(27648K)->24773K(27648K)
[0.357s][info][gc,metaspace   ] GC(19) Metaspace: 6297K(6464K)->6297K(6464K) NonClass: 5764K(5824K)->5764K(5824K) Class: 533K(640K)->533K(640K)
[0.357s][info][gc             ] GC(19) Pause Young (Allocation Failure) 32M->28M(44M) 6.579ms
[0.357s][info][gc,cpu         ] GC(19) User=0.00s Sys=0.00s Real=0.01s
[0.357s][info][gc,start       ] GC(20) Pause Full (Ergonomics)
[0.357s][info][gc,phases,start] GC(20) Marking Phase
[0.367s][info][gc,phases      ] GC(20) Marking Phase 9.025ms
[0.367s][info][gc,phases,start] GC(20) Summary Phase
[0.367s][info][gc,phases      ] GC(20) Summary Phase 0.016ms
[0.367s][info][gc,phases,start] GC(20) Adjust Roots
[0.367s][info][gc,phases      ] GC(20) Adjust Roots 0.199ms
[0.367s][info][gc,phases,start] GC(20) Compaction Phase
[0.376s][info][gc,phases      ] GC(20) Compaction Phase 8.913ms
[0.376s][info][gc,phases,start] GC(20) Post Compact
[0.376s][info][gc,phases      ] GC(20) Post Compact 0.103ms
[0.376s][info][gc,heap        ] GC(20) PSYoungGen: 4384K(17408K)->1164K(17408K) Eden: 0K(11264K)->0K(11264K) From: 4384K(6144K)->1164K(6144K)
[0.376s][info][gc,heap        ] GC(20) ParOldGen: 24773K(27648K)->27172K(37888K)
[0.376s][info][gc,metaspace   ] GC(20) Metaspace: 6297K(6464K)->6297K(6464K) NonClass: 5764K(5824K)->5764K(5824K) Class: 533K(640K)->533K(640K)
[0.376s][info][gc             ] GC(20) Pause Full (Ergonomics) 28M->27M(54M) 18.653ms
[0.376s][info][gc,cpu         ] GC(20) User=0.02s Sys=0.00s Real=0.02s
[0.385s][info][gc,start       ] GC(21) Pause Young (Allocation Failure)
[0.391s][info][gc,heap        ] GC(21) PSYoungGen: 12428K(17408K)->5952K(17408K) Eden: 11264K(11264K)->0K(11264K) From: 1164K(6144K)->5952K(6144K)
[0.391s][info][gc,heap        ] GC(21) ParOldGen: 27172K(37888K)->28388K(37888K)
[0.391s][info][gc,metaspace   ] GC(21) Metaspace: 6297K(6464K)->6297K(6464K) NonClass: 5764K(5824K)->5764K(5824K) Class: 533K(640K)->533K(640K)
[0.391s][info][gc             ] GC(21) Pause Young (Allocation Failure) 38M->33M(54M) 6.308ms
[0.391s][info][gc,cpu         ] GC(21) User=0.00s Sys=0.00s Real=0.01s
[0.402s][info][gc,start       ] GC(22) Pause Young (Allocation Failure)
[0.412s][info][gc,heap        ] GC(22) PSYoungGen: 17216K(17408K)->7168K(17408K) Eden: 11264K(11264K)->0K(10240K) From: 5952K(6144K)->7168K(7168K)
[0.412s][info][gc,heap        ] GC(22) ParOldGen: 28388K(37888K)->37740K(37888K)
[0.412s][info][gc,metaspace   ] GC(22) Metaspace: 6297K(6464K)->6297K(6464K) NonClass: 5764K(5824K)->5764K(5824K) Class: 533K(640K)->533K(640K)
[0.412s][info][gc             ] GC(22) Pause Young (Allocation Failure) 44M->43M(54M) 9.851ms
[0.412s][info][gc,cpu         ] GC(22) User=0.02s Sys=0.00s Real=0.01s
[0.412s][info][gc,start       ] GC(23) Pause Full (Ergonomics)
[0.412s][info][gc,phases,start] GC(23) Marking Phase
[0.425s][info][gc,phases      ] GC(23) Marking Phase 13.120ms
[0.425s][info][gc,phases,start] GC(23) Summary Phase
[0.425s][info][gc,phases      ] GC(23) Summary Phase 0.015ms
[0.425s][info][gc,phases,start] GC(23) Adjust Roots
[0.426s][info][gc,phases      ] GC(23) Adjust Roots 0.192ms
[0.426s][info][gc,phases,start] GC(23) Compaction Phase
[0.436s][info][gc,phases      ] GC(23) Compaction Phase 10.589ms
[0.436s][info][gc,phases,start] GC(23) Post Compact
[0.437s][info][gc,phases      ] GC(23) Post Compact 0.142ms
[0.437s][info][gc,heap        ] GC(23) PSYoungGen: 7168K(17408K)->7153K(17408K) Eden: 0K(10240K)->0K(10240K) From: 7168K(7168K)->7153K(7168K)
[0.437s][info][gc,heap        ] GC(23) ParOldGen: 37740K(37888K)->37542K(51712K)
[0.437s][info][gc,metaspace   ] GC(23) Metaspace: 6297K(6464K)->6297K(6464K) NonClass: 5764K(5824K)->5764K(5824K) Class: 533K(640K)->533K(640K)
[0.437s][info][gc             ] GC(23) Pause Full (Ergonomics) 43M->43M(67M) 24.433ms
[0.437s][info][gc,cpu         ] GC(23) User=0.00s Sys=0.00s Real=0.03s
[0.452s][info][gc,start       ] GC(24) Pause Young (Allocation Failure)
[0.463s][info][gc,heap        ] GC(24) PSYoungGen: 17393K(17408K)->10368K(22016K) Eden: 10240K(10240K)->0K(10240K) From: 7153K(7168K)->10368K(11776K)
[0.463s][info][gc,heap        ] GC(24) ParOldGen: 37542K(51712K)->44838K(51712K)
[0.463s][info][gc,metaspace   ] GC(24) Metaspace: 6297K(6464K)->6297K(6464K) NonClass: 5764K(5824K)->5764K(5824K) Class: 533K(640K)->533K(640K)
[0.463s][info][gc             ] GC(24) Pause Young (Allocation Failure) 53M->53M(72M) 10.927ms
[0.463s][info][gc,cpu         ] GC(24) User=0.00s Sys=0.02s Real=0.01s
[0.463s][info][gc,start       ] GC(25) Pause Full (Ergonomics)
[0.463s][info][gc,phases,start] GC(25) Marking Phase
[0.476s][info][gc,phases      ] GC(25) Marking Phase 13.046ms
[0.476s][info][gc,phases,start] GC(25) Summary Phase
[0.476s][info][gc,phases      ] GC(25) Summary Phase 0.016ms
[0.476s][info][gc,phases,start] GC(25) Adjust Roots
[0.476s][info][gc,phases      ] GC(25) Adjust Roots 0.187ms
[0.476s][info][gc,phases,start] GC(25) Compaction Phase
[0.490s][info][gc,phases      ] GC(25) Compaction Phase 13.189ms
[0.490s][info][gc,phases,start] GC(25) Post Compact
[0.490s][info][gc,phases      ] GC(25) Post Compact 0.284ms
[0.490s][info][gc,heap        ] GC(25) PSYoungGen: 10368K(22016K)->2545K(22016K) Eden: 0K(10240K)->0K(10240K) From: 10368K(11776K)->2545K(11776K)
[0.490s][info][gc,heap        ] GC(25) ParOldGen: 44838K(51712K)->51341K(68608K)
[0.490s][info][gc,metaspace   ] GC(25) Metaspace: 6297K(6464K)->6297K(6464K) NonClass: 5764K(5824K)->5764K(5824K) Class: 533K(640K)->533K(640K)
[0.490s][info][gc             ] GC(25) Pause Full (Ergonomics) 53M->52M(88M) 27.040ms
[0.490s][info][gc,cpu         ] GC(25) User=0.02s Sys=0.00s Real=0.03s
[0.501s][info][gc,start       ] GC(26) Pause Young (Allocation Failure)
[0.510s][info][gc,heap        ] GC(26) PSYoungGen: 12785K(22016K)->10336K(24576K) Eden: 10240K(10240K)->0K(11264K) From: 2545K(11776K)->10336K(13312K)
[0.510s][info][gc,heap        ] GC(26) ParOldGen: 51341K(68608K)->53949K(68608K)
[0.510s][info][gc,metaspace   ] GC(26) Metaspace: 6297K(6464K)->6297K(6464K) NonClass: 5764K(5824K)->5764K(5824K) Class: 533K(640K)->533K(640K)
[0.510s][info][gc             ] GC(26) Pause Young (Allocation Failure) 62M->62M(91M) 8.629ms
[0.510s][info][gc,cpu         ] GC(26) User=0.02s Sys=0.02s Real=0.01s
[0.522s][info][gc,start       ] GC(27) Pause Young (Allocation Failure)
[0.533s][info][gc,heap        ] GC(27) PSYoungGen: 21600K(24576K)->14336K(25600K) Eden: 11264K(11264K)->0K(11264K) From: 10336K(13312K)->14336K(14336K)
[0.533s][info][gc,heap        ] GC(27) ParOldGen: 53949K(68608K)->61205K(68608K)
[0.533s][info][gc,metaspace   ] GC(27) Metaspace: 6297K(6464K)->6297K(6464K) NonClass: 5764K(5824K)->5764K(5824K) Class: 533K(640K)->533K(640K)
[0.533s][info][gc             ] GC(27) Pause Young (Allocation Failure) 73M->73M(92M) 10.960ms
[0.533s][info][gc,cpu         ] GC(27) User=0.00s Sys=0.00s Real=0.01s
[0.533s][info][gc,start       ] GC(28) Pause Full (Ergonomics)
[0.533s][info][gc,phases,start] GC(28) Marking Phase
[0.551s][info][gc,phases      ] GC(28) Marking Phase 18.255ms
[0.551s][info][gc,phases,start] GC(28) Summary Phase
[0.551s][info][gc,phases      ] GC(28) Summary Phase 0.015ms
[0.551s][info][gc,phases,start] GC(28) Adjust Roots
[0.551s][info][gc,phases      ] GC(28) Adjust Roots 0.187ms
[0.551s][info][gc,phases,start] GC(28) Compaction Phase
[0.564s][info][gc,phases      ] GC(28) Compaction Phase 12.967ms
[0.564s][info][gc,phases,start] GC(28) Post Compact
[0.565s][info][gc,phases      ] GC(28) Post Compact 0.281ms
[0.565s][info][gc,heap        ] GC(28) PSYoungGen: 14336K(25600K)->7150K(25600K) Eden: 0K(11264K)->0K(11264K) From: 14336K(14336K)->7150K(14336K)
[0.565s][info][gc,heap        ] GC(28) ParOldGen: 61205K(68608K)->68178K(87552K)
[0.565s][info][gc,metaspace   ] GC(28) Metaspace: 6297K(6464K)->6297K(6464K) NonClass: 5764K(5824K)->5764K(5824K) Class: 533K(640K)->533K(640K)
[0.565s][info][gc             ] GC(28) Pause Full (Ergonomics) 73M->73M(110M) 32.065ms
[0.565s][info][gc,cpu         ] GC(28) User=0.09s Sys=0.00s Real=0.03s
[0.577s][info][gc,start       ] GC(29) Pause Young (Allocation Failure)
[0.589s][info][gc,heap        ] GC(29) PSYoungGen: 18414K(25600K)->11360K(32768K) Eden: 11264K(11264K)->0K(13312K) From: 7150K(14336K)->11360K(19456K)
[0.589s][info][gc,heap        ] GC(29) ParOldGen: 68178K(87552K)->75458K(87552K)
[0.589s][info][gc,metaspace   ] GC(29) Metaspace: 6297K(6464K)->6297K(6464K) NonClass: 5764K(5824K)->5764K(5824K) Class: 533K(640K)->533K(640K)
[0.589s][info][gc             ] GC(29) Pause Young (Allocation Failure) 84M->84M(117M) 12.080ms
[0.589s][info][gc,cpu         ] GC(29) User=0.02s Sys=0.00s Real=0.01s
[0.612s][info][gc,start       ] GC(30) Pause Young (Allocation Failure)
[0.626s][info][gc,heap        ] GC(30) PSYoungGen: 24672K(32768K)->19936K(33280K) Eden: 13312K(13312K)->0K(13312K) From: 11360K(19456K)->19936K(19968K)
[0.626s][info][gc,heap        ] GC(30) ParOldGen: 75458K(87552K)->80178K(87552K)
[0.626s][info][gc,metaspace   ] GC(30) Metaspace: 6297K(6464K)->6297K(6464K) NonClass: 5764K(5824K)->5764K(5824K) Class: 533K(640K)->533K(640K)
[0.626s][info][gc             ] GC(30) Pause Young (Allocation Failure) 97M->97M(118M) 13.558ms
[0.626s][info][gc,cpu         ] GC(30) User=0.02s Sys=0.00s Real=0.01s
[0.626s][info][gc,start       ] GC(31) Pause Full (Ergonomics)
[0.626s][info][gc,phases,start] GC(31) Marking Phase
[0.647s][info][gc,phases      ] GC(31) Marking Phase 20.805ms
[0.647s][info][gc,phases,start] GC(31) Summary Phase
[0.647s][info][gc,phases      ] GC(31) Summary Phase 0.016ms
[0.647s][info][gc,phases,start] GC(31) Adjust Roots
[0.647s][info][gc,phases      ] GC(31) Adjust Roots 0.190ms
[0.647s][info][gc,phases,start] GC(31) Compaction Phase
[0.668s][info][gc,phases      ] GC(31) Compaction Phase 21.496ms
[0.669s][info][gc,phases,start] GC(31) Post Compact
[0.669s][info][gc,phases      ] GC(31) Post Compact 0.373ms
[0.669s][info][gc,heap        ] GC(31) PSYoungGen: 19936K(33280K)->10697K(33280K) Eden: 0K(13312K)->0K(13312K) From: 19936K(19968K)->10697K(19968K)
[0.669s][info][gc,heap        ] GC(31) ParOldGen: 80178K(87552K)->87104K(108544K)
[0.669s][info][gc,metaspace   ] GC(31) Metaspace: 6297K(6464K)->6297K(6464K) NonClass: 5764K(5824K)->5764K(5824K) Class: 533K(640K)->533K(640K)
[0.669s][info][gc             ] GC(31) Pause Full (Ergonomics) 97M->95M(138M) 43.272ms
[0.669s][info][gc,cpu         ] GC(31) User=0.12s Sys=0.00s Real=0.04s
[0.682s][info][gc,start       ] GC(32) Pause Young (Allocation Failure)
[0.697s][info][gc,heap        ] GC(32) PSYoungGen: 24009K(33280K)->13408K(40960K) Eden: 13312K(13312K)->0K(15872K) From: 10697K(19968K)->13408K(25088K)
[0.697s][info][gc,heap        ] GC(32) ParOldGen: 87104K(108544K)->97960K(108544K)
[0.697s][info][gc,metaspace   ] GC(32) Metaspace: 6297K(6464K)->6297K(6464K) NonClass: 5764K(5824K)->5764K(5824K) Class: 533K(640K)->533K(640K)
[0.697s][info][gc             ] GC(32) Pause Young (Allocation Failure) 108M->108M(146M) 15.946ms
[0.698s][info][gc,cpu         ] GC(32) User=0.02s Sys=0.00s Real=0.02s
[0.698s][info][gc,start       ] GC(33) Pause Full (Ergonomics)
[0.698s][info][gc,phases,start] GC(33) Marking Phase
[0.726s][info][gc,phases      ] GC(33) Marking Phase 28.664ms
[0.726s][info][gc,phases,start] GC(33) Summary Phase
[0.726s][info][gc,phases      ] GC(33) Summary Phase 0.021ms
[0.726s][info][gc,phases,start] GC(33) Adjust Roots
[0.727s][info][gc,phases      ] GC(33) Adjust Roots 0.222ms
[0.727s][info][gc,phases,start] GC(33) Compaction Phase
[0.742s][info][gc,phases      ] GC(33) Compaction Phase 15.878ms
[0.743s][info][gc,phases,start] GC(33) Post Compact
[0.743s][info][gc,phases      ] GC(33) Post Compact 0.523ms
[0.743s][info][gc,heap        ] GC(33) PSYoungGen: 13408K(40960K)->2552K(40960K) Eden: 0K(15872K)->0K(15872K) From: 13408K(25088K)->2552K(25088K)
[0.743s][info][gc,heap        ] GC(33) ParOldGen: 97960K(108544K)->108531K(134144K)
[0.743s][info][gc,metaspace   ] GC(33) Metaspace: 6297K(6464K)->6297K(6464K) NonClass: 5764K(5824K)->5764K(5824K) Class: 533K(640K)->533K(640K)
[0.743s][info][gc             ] GC(33) Pause Full (Ergonomics) 108M->108M(171M) 45.770ms
[0.743s][info][gc,cpu         ] GC(33) User=0.11s Sys=0.00s Real=0.05s
[0.761s][info][gc,start       ] GC(34) Pause Young (Allocation Failure)
[0.774s][info][gc,heap        ] GC(34) PSYoungGen: 18424K(40960K)->18528K(40960K) Eden: 15872K(15872K)->0K(15872K) From: 2552K(25088K)->18528K(25088K)
[0.775s][info][gc,heap        ] GC(34) ParOldGen: 108531K(134144K)->108531K(134144K)
[0.775s][info][gc,metaspace   ] GC(34) Metaspace: 6297K(6464K)->6297K(6464K) NonClass: 5764K(5824K)->5764K(5824K) Class: 533K(640K)->533K(640K)
[0.775s][info][gc             ] GC(34) Pause Young (Allocation Failure) 123M->124M(171M) 13.834ms
[0.775s][info][gc,cpu         ] GC(34) User=0.02s Sys=0.00s Real=0.01s
[0.792s][info][gc,start       ] GC(35) Pause Young (Allocation Failure)
[0.811s][info][gc,heap        ] GC(35) PSYoungGen: 34400K(40960K)->26624K(37888K) Eden: 15872K(15872K)->0K(11264K) From: 18528K(25088K)->26624K(26624K)
[0.811s][info][gc,heap        ] GC(35) ParOldGen: 108531K(134144K)->116331K(134144K)
[0.811s][info][gc,metaspace   ] GC(35) Metaspace: 6297K(6464K)->6297K(6464K) NonClass: 5764K(5824K)->5764K(5824K) Class: 533K(640K)->533K(640K)
[0.811s][info][gc             ] GC(35) Pause Young (Allocation Failure) 139M->139M(168M) 19.342ms
[0.811s][info][gc,cpu         ] GC(35) User=0.09s Sys=0.02s Real=0.02s
[0.824s][info][gc,start       ] GC(36) Pause Young (Allocation Failure)
[0.845s][info][gc,heap        ] GC(36) PSYoungGen: 37888K(37888K)->22944K(45056K) Eden: 11264K(11264K)->0K(11264K) From: 26624K(26624K)->22944K(33792K)
[0.845s][info][gc,heap        ] GC(36) ParOldGen: 116331K(134144K)->131619K(134144K)
[0.845s][info][gc,metaspace   ] GC(36) Metaspace: 6297K(6464K)->6297K(6464K) NonClass: 5764K(5824K)->5764K(5824K) Class: 533K(640K)->533K(640K)
[0.845s][info][gc             ] GC(36) Pause Young (Allocation Failure) 150M->150M(175M) 21.141ms
[0.845s][info][gc,cpu         ] GC(36) User=0.08s Sys=0.03s Real=0.02s
[0.845s][info][gc,start       ] GC(37) Pause Full (Ergonomics)
[0.845s][info][gc,phases,start] GC(37) Marking Phase
[0.891s][info][gc,phases      ] GC(37) Marking Phase 45.483ms
[0.891s][info][gc,phases,start] GC(37) Summary Phase
[0.891s][info][gc,phases      ] GC(37) Summary Phase 0.018ms
[0.891s][info][gc,phases,start] GC(37) Adjust Roots
[0.891s][info][gc,phases      ] GC(37) Adjust Roots 0.280ms
[0.891s][info][gc,phases,start] GC(37) Compaction Phase
[0.914s][info][gc,phases      ] GC(37) Compaction Phase 22.430ms
[0.914s][info][gc,phases,start] GC(37) Post Compact
[0.914s][info][gc,phases      ] GC(37) Post Compact 0.699ms
[0.915s][info][gc,heap        ] GC(37) PSYoungGen: 22944K(45056K)->20212K(45056K) Eden: 0K(11264K)->0K(11264K) From: 22944K(33792K)->20212K(33792K)
[0.915s][info][gc,heap        ] GC(37) ParOldGen: 131619K(134144K)->133785K(164864K)
[0.915s][info][gc,metaspace   ] GC(37) Metaspace: 6297K(6464K)->6297K(6464K) NonClass: 5764K(5824K)->5764K(5824K) Class: 533K(640K)->533K(640K)
[0.915s][info][gc             ] GC(37) Pause Full (Ergonomics) 150M->150M(205M) 69.416ms
[0.915s][info][gc,cpu         ] GC(37) User=0.30s Sys=0.00s Real=0.07s
[0.927s][info][gc,start       ] GC(38) Pause Young (Allocation Failure)
[0.950s][info][gc,heap        ] GC(38) PSYoungGen: 31476K(45056K)->31616K(44032K) Eden: 11264K(11264K)->0K(8704K) From: 20212K(33792K)->31616K(35328K)
[0.950s][info][gc,heap        ] GC(38) ParOldGen: 133785K(164864K)->133785K(164864K)
[0.950s][info][gc,metaspace   ] GC(38) Metaspace: 6297K(6464K)->6297K(6464K) NonClass: 5764K(5824K)->5764K(5824K) Class: 533K(640K)->533K(640K)
[0.950s][info][gc             ] GC(38) Pause Young (Allocation Failure) 161M->161M(204M) 22.376ms
[0.950s][info][gc,cpu         ] GC(38) User=0.06s Sys=0.05s Real=0.02s
[0.959s][info][gc,start       ] GC(39) Pause Young (Allocation Failure)
[0.979s][info][gc,heap        ] GC(39) PSYoungGen: 40320K(44032K)->39936K(48640K) Eden: 8704K(8704K)->0K(8704K) From: 31616K(35328K)->39936K(39936K)
[0.979s][info][gc,heap        ] GC(39) ParOldGen: 133785K(164864K)->134097K(164864K)
[0.979s][info][gc,metaspace   ] GC(39) Metaspace: 6297K(6464K)->6297K(6464K) NonClass: 5764K(5824K)->5764K(5824K) Class: 533K(640K)->533K(640K)
[0.979s][info][gc             ] GC(39) Pause Young (Allocation Failure) 170M->169M(208M) 19.731ms
[0.979s][info][gc,cpu         ] GC(39) User=0.09s Sys=0.00s Real=0.02s
[1.019s][info][gc,start       ] GC(40) Pause Young (Allocation Failure)
[1.048s][info][gc,heap        ] GC(40) PSYoungGen: 48640K(48640K)->28544K(55808K) Eden: 8704K(8704K)->0K(9216K) From: 39936K(39936K)->28544K(46592K)
[1.048s][info][gc,heap        ] GC(40) ParOldGen: 142289K(164864K)->162737K(164864K)
[1.048s][info][gc,metaspace   ] GC(40) Metaspace: 6297K(6464K)->6297K(6464K) NonClass: 5764K(5824K)->5764K(5824K) Class: 533K(640K)->533K(640K)
[1.048s][info][gc             ] GC(40) Pause Young (Allocation Failure) 186M->186M(215M) 29.467ms
[1.048s][info][gc,cpu         ] GC(40) User=0.11s Sys=0.00s Real=0.03s
[1.048s][info][gc,start       ] GC(41) Pause Full (Ergonomics)
[1.049s][info][gc,phases,start] GC(41) Marking Phase
[1.099s][info][gc,phases      ] GC(41) Marking Phase 50.595ms
[1.099s][info][gc,phases,start] GC(41) Summary Phase
[1.099s][info][gc,phases      ] GC(41) Summary Phase 0.017ms
[1.099s][info][gc,phases,start] GC(41) Adjust Roots
[1.099s][info][gc,phases      ] GC(41) Adjust Roots 0.193ms
[1.099s][info][gc,phases,start] GC(41) Compaction Phase
[1.143s][info][gc,phases      ] GC(41) Compaction Phase 43.556ms
[1.143s][info][gc,phases,start] GC(41) Post Compact
[1.144s][info][gc,phases      ] GC(41) Post Compact 1.298ms
[1.145s][info][gc,heap        ] GC(41) PSYoungGen: 28544K(55808K)->22226K(55808K) Eden: 0K(9216K)->0K(9216K) From: 28544K(46592K)->22226K(46592K)
[1.145s][info][gc,heap        ] GC(41) ParOldGen: 162737K(164864K)->164445K(201728K)
[1.145s][info][gc,metaspace   ] GC(41) Metaspace: 6297K(6464K)->6297K(6464K) NonClass: 5764K(5824K)->5764K(5824K) Class: 533K(640K)->533K(640K)
[1.145s][info][gc             ] GC(41) Pause Full (Ergonomics) 186M->182M(251M) 96.379ms
[1.145s][info][gc,cpu         ] GC(41) User=0.36s Sys=0.02s Real=0.10s
[1.156s][info][gc,start       ] GC(42) Pause Young (Allocation Failure)
[1.180s][info][gc,heap        ] GC(42) PSYoungGen: 31442K(55808K)->22880K(56832K) Eden: 9216K(9216K)->0K(9216K) From: 22226K(46592K)->22880K(47616K)
[1.180s][info][gc,heap        ] GC(42) ParOldGen: 164445K(201728K)->173317K(201728K)
[1.180s][info][gc,metaspace   ] GC(42) Metaspace: 6297K(6464K)->6297K(6464K) NonClass: 5764K(5824K)->5764K(5824K) Class: 533K(640K)->533K(640K)
[1.180s][info][gc             ] GC(42) Pause Young (Allocation Failure) 191M->191M(252M) 24.158ms
[1.180s][info][gc,cpu         ] GC(42) User=0.06s Sys=0.00s Real=0.02s
[1.192s][info][gc,start       ] GC(43) Pause Young (Allocation Failure)
[1.209s][info][gc,heap        ] GC(43) PSYoungGen: 32096K(56832K)->32064K(54784K) Eden: 9216K(9216K)->0K(8704K) From: 22880K(47616K)->32064K(46080K)
[1.209s][info][gc,heap        ] GC(43) ParOldGen: 173317K(201728K)->173317K(201728K)
[1.209s][info][gc,metaspace   ] GC(43) Metaspace: 6297K(6464K)->6297K(6464K) NonClass: 5764K(5824K)->5764K(5824K) Class: 533K(640K)->533K(640K)
[1.209s][info][gc             ] GC(43) Pause Young (Allocation Failure) 200M->200M(250M) 17.042ms
[1.209s][info][gc,cpu         ] GC(43) User=0.08s Sys=0.02s Real=0.02s
[1.219s][info][gc,start       ] GC(44) Pause Young (Allocation Failure)
[1.239s][info][gc,heap        ] GC(44) PSYoungGen: 40768K(54784K)->34208K(56832K) Eden: 8704K(8704K)->0K(8704K) From: 32064K(46080K)->34208K(48128K)
[1.239s][info][gc,heap        ] GC(44) ParOldGen: 173317K(201728K)->180013K(201728K)
[1.239s][info][gc,metaspace   ] GC(44) Metaspace: 6297K(6464K)->6297K(6464K) NonClass: 5764K(5824K)->5764K(5824K) Class: 533K(640K)->533K(640K)
[1.239s][info][gc             ] GC(44) Pause Young (Allocation Failure) 209M->209M(252M) 20.283ms
[1.239s][info][gc,cpu         ] GC(44) User=0.11s Sys=0.02s Real=0.02s
[1.249s][info][gc,start       ] GC(45) Pause Young (Allocation Failure)
[1.270s][info][gc,heap        ] GC(45) PSYoungGen: 42912K(56832K)->26720K(57856K) Eden: 8704K(8704K)->0K(10240K) From: 34208K(48128K)->26720K(47616K)
[1.270s][info][gc,heap        ] GC(45) ParOldGen: 180013K(201728K)->196373K(201728K)
[1.270s][info][gc,metaspace   ] GC(45) Metaspace: 6297K(6464K)->6297K(6464K) NonClass: 5764K(5824K)->5764K(5824K) Class: 533K(640K)->533K(640K)
[1.270s][info][gc             ] GC(45) Pause Young (Allocation Failure) 217M->217M(253M) 20.979ms
[1.270s][info][gc,cpu         ] GC(45) User=0.09s Sys=0.00s Real=0.02s
[1.270s][info][gc,start       ] GC(46) Pause Full (Ergonomics)
[1.270s][info][gc,phases,start] GC(46) Marking Phase
[1.330s][info][gc,phases      ] GC(46) Marking Phase 60.073ms
[1.330s][info][gc,phases,start] GC(46) Summary Phase
[1.330s][info][gc,phases      ] GC(46) Summary Phase 0.018ms
[1.330s][info][gc,phases,start] GC(46) Adjust Roots
[1.330s][info][gc,phases      ] GC(46) Adjust Roots 0.203ms
[1.330s][info][gc,phases,start] GC(46) Compaction Phase
[1.360s][info][gc,phases      ] GC(46) Compaction Phase 30.080ms
[1.360s][info][gc,phases,start] GC(46) Post Compact
[1.361s][info][gc,phases      ] GC(46) Post Compact 0.882ms
[1.362s][info][gc,heap        ] GC(46) PSYoungGen: 26720K(57856K)->20915K(59392K) Eden: 0K(10240K)->0K(11776K) From: 26720K(47616K)->20915K(47616K)
[1.362s][info][gc,heap        ] GC(46) ParOldGen: 196373K(201728K)->201479K(241664K)
[1.362s][info][gc,metaspace   ] GC(46) Metaspace: 6297K(6464K)->6297K(6464K) NonClass: 5764K(5824K)->5764K(5824K) Class: 533K(640K)->533K(640K)
[1.362s][info][gc             ] GC(46) Pause Full (Ergonomics) 217M->217M(294M) 91.772ms
[1.362s][info][gc,cpu         ] GC(46) User=0.47s Sys=0.00s Real=0.09s
[1.377s][info][gc,start       ] GC(47) Pause Young (Allocation Failure)
[1.400s][info][gc,heap        ] GC(47) PSYoungGen: 32691K(59392K)->18432K(60928K) Eden: 11776K(11776K)->0K(11776K) From: 20915K(47616K)->18432K(49152K)
[1.400s][info][gc,heap        ] GC(47) ParOldGen: 201479K(241664K)->216103K(241664K)
[1.400s][info][gc,metaspace   ] GC(47) Metaspace: 6297K(6464K)->6297K(6464K) NonClass: 5764K(5824K)->5764K(5824K) Class: 533K(640K)->533K(640K)
[1.400s][info][gc             ] GC(47) Pause Young (Allocation Failure) 228M->229M(295M) 23.195ms
[1.400s][info][gc,cpu         ] GC(47) User=0.09s Sys=0.02s Real=0.02s
[1.414s][info][gc,start       ] GC(48) Pause Young (Allocation Failure)
[1.430s][info][gc,heap        ] GC(48) PSYoungGen: 30208K(60928K)->23648K(57856K) Eden: 11776K(11776K)->0K(13824K) From: 18432K(49152K)->23648K(44032K)
[1.430s][info][gc,heap        ] GC(48) ParOldGen: 216103K(241664K)->222743K(241664K)
[1.430s][info][gc,metaspace   ] GC(48) Metaspace: 6297K(6464K)->6297K(6464K) NonClass: 5764K(5824K)->5764K(5824K) Class: 533K(640K)->533K(640K)
[1.430s][info][gc             ] GC(48) Pause Young (Allocation Failure) 240M->240M(292M) 15.768ms
[1.430s][info][gc,cpu         ] GC(48) User=0.02s Sys=0.00s Real=0.02s
[1.430s][info][gc,start       ] GC(49) Pause Full (Ergonomics)
[1.430s][info][gc,phases,start] GC(49) Marking Phase
[1.490s][info][gc,phases      ] GC(49) Marking Phase 60.269ms
[1.490s][info][gc,phases,start] GC(49) Summary Phase
[1.490s][info][gc,phases      ] GC(49) Summary Phase 0.017ms
[1.490s][info][gc,phases,start] GC(49) Adjust Roots
[1.491s][info][gc,phases      ] GC(49) Adjust Roots 0.185ms
[1.491s][info][gc,phases,start] GC(49) Compaction Phase
[1.517s][info][gc,phases      ] GC(49) Compaction Phase 26.236ms
[1.517s][info][gc,phases,start] GC(49) Post Compact
[1.518s][info][gc,phases      ] GC(49) Post Compact 1.026ms
[1.518s][info][gc,heap        ] GC(49) PSYoungGen: 23648K(57856K)->4577K(59392K) Eden: 0K(13824K)->0K(15360K) From: 23648K(44032K)->4577K(44032K)
[1.518s][info][gc,heap        ] GC(49) ParOldGen: 222743K(241664K)->241299K(284160K)
[1.518s][info][gc,metaspace   ] GC(49) Metaspace: 6297K(6464K)->6297K(6464K) NonClass: 5764K(5824K)->5764K(5824K) Class: 533K(640K)->533K(640K)
[1.518s][info][gc             ] GC(49) Pause Full (Ergonomics) 240M->240M(335M) 88.213ms
[1.518s][info][gc,cpu         ] GC(49) User=0.42s Sys=0.00s Real=0.09s
[1.536s][info][gc,start       ] GC(50) Pause Young (Allocation Failure)
[1.557s][info][gc,heap        ] GC(50) PSYoungGen: 19937K(59392K)->17408K(60928K) Eden: 15360K(15360K)->0K(15360K) From: 4577K(44032K)->17408K(45568K)
[1.557s][info][gc,heap        ] GC(50) ParOldGen: 241299K(284160K)->244019K(284160K)
[1.557s][info][gc,metaspace   ] GC(50) Metaspace: 6297K(6464K)->6297K(6464K) NonClass: 5764K(5824K)->5764K(5824K) Class: 533K(640K)->533K(640K)
[1.557s][info][gc             ] GC(50) Pause Young (Allocation Failure) 255M->255M(337M) 20.639ms
[1.557s][info][gc,cpu         ] GC(50) User=0.09s Sys=0.00s Real=0.02s
[1.574s][info][gc,start       ] GC(51) Pause Young (Allocation Failure)
[1.592s][info][gc,heap        ] GC(51) PSYoungGen: 32768K(60928K)->32736K(59904K) Eden: 15360K(15360K)->0K(15872K) From: 17408K(45568K)->32736K(44032K)
[1.592s][info][gc,heap        ] GC(51) ParOldGen: 244019K(284160K)->244019K(284160K)
[1.592s][info][gc,metaspace   ] GC(51) Metaspace: 6297K(6464K)->6297K(6464K) NonClass: 5764K(5824K)->5764K(5824K) Class: 533K(640K)->533K(640K)
[1.592s][info][gc             ] GC(51) Pause Young (Allocation Failure) 270M->270M(336M) 17.771ms
[1.592s][info][gc,cpu         ] GC(51) User=0.03s Sys=0.00s Real=0.02s
[1.611s][info][gc,start       ] GC(52) Pause Young (Allocation Failure)
[1.635s][info][gc,heap        ] GC(52) PSYoungGen: 48608K(59904K)->45568K(61440K) Eden: 15872K(15872K)->0K(15872K) From: 32736K(44032K)->45568K(45568K)
[1.635s][info][gc,heap        ] GC(52) ParOldGen: 244019K(284160K)->247043K(284160K)
[1.635s][info][gc,metaspace   ] GC(52) Metaspace: 6297K(6464K)->6297K(6464K) NonClass: 5764K(5824K)->5764K(5824K) Class: 533K(640K)->533K(640K)
[1.635s][info][gc             ] GC(52) Pause Young (Allocation Failure) 285M->285M(337M) 24.148ms
[1.635s][info][gc,cpu         ] GC(52) User=0.09s Sys=0.02s Real=0.02s
[1.653s][info][gc,start       ] GC(53) Pause Young (Allocation Failure)
[1.682s][info][gc,heap        ] GC(53) PSYoungGen: 61440K(61440K)->45600K(66560K) Eden: 15872K(15872K)->0K(13312K) From: 45568K(45568K)->45600K(53248K)
[1.682s][info][gc,heap        ] GC(53) ParOldGen: 247043K(284160K)->263219K(284160K)
[1.682s][info][gc,metaspace   ] GC(53) Metaspace: 6297K(6464K)->6297K(6464K) NonClass: 5764K(5824K)->5764K(5824K) Class: 533K(640K)->533K(640K)
[1.682s][info][gc             ] GC(53) Pause Young (Allocation Failure) 301M->301M(342M) 29.430ms
[1.682s][info][gc,cpu         ] GC(53) User=0.12s Sys=0.00s Real=0.03s
[1.682s][info][gc,start       ] GC(54) Pause Full (Ergonomics)
[1.682s][info][gc,phases,start] GC(54) Marking Phase
[1.758s][info][gc,phases      ] GC(54) Marking Phase 75.696ms
[1.758s][info][gc,phases,start] GC(54) Summary Phase
[1.758s][info][gc,phases      ] GC(54) Summary Phase 0.018ms
[1.758s][info][gc,phases,start] GC(54) Adjust Roots
[1.758s][info][gc,phases      ] GC(54) Adjust Roots 0.186ms
[1.758s][info][gc,phases,start] GC(54) Compaction Phase
[1.790s][info][gc,phases      ] GC(54) Compaction Phase 31.732ms
[1.790s][info][gc,phases,start] GC(54) Post Compact
[1.792s][info][gc,phases      ] GC(54) Post Compact 1.411ms
[1.792s][info][gc,heap        ] GC(54) PSYoungGen: 45600K(66560K)->24455K(66560K) Eden: 0K(13312K)->0K(13312K) From: 45600K(53248K)->24455K(53248K)
[1.792s][info][gc,heap        ] GC(54) ParOldGen: 263219K(284160K)->283765K(329728K)
[1.792s][info][gc,metaspace   ] GC(54) Metaspace: 6297K(6464K)->6297K(6464K) NonClass: 5764K(5824K)->5764K(5824K) Class: 533K(640K)->533K(640K)
[1.792s][info][gc             ] GC(54) Pause Full (Ergonomics) 301M->300M(387M) 109.624ms
[1.792s][info][gc,cpu         ] GC(54) User=0.56s Sys=0.03s Real=0.11s
[1.808s][info][gc,start       ] GC(55) Pause Young (Allocation Failure)
[1.837s][info][gc,heap        ] GC(55) PSYoungGen: 37767K(66560K)->30592K(71168K) Eden: 13312K(13312K)->0K(13312K) From: 24455K(53248K)->30592K(57856K)
[1.837s][info][gc,heap        ] GC(55) ParOldGen: 283765K(329728K)->291213K(329728K)
[1.837s][info][gc,metaspace   ] GC(55) Metaspace: 6297K(6464K)->6297K(6464K) NonClass: 5764K(5824K)->5764K(5824K) Class: 533K(640K)->533K(640K)
[1.837s][info][gc             ] GC(55) Pause Young (Allocation Failure) 313M->314M(391M) 29.200ms
[1.837s][info][gc,cpu         ] GC(55) User=0.11s Sys=0.02s Real=0.03s
[1.853s][info][gc,start       ] GC(56) Pause Young (Allocation Failure)
[1.875s][info][gc,heap        ] GC(56) PSYoungGen: 43904K(71168K)->36448K(70656K) Eden: 13312K(13312K)->0K(14848K) From: 30592K(57856K)->36448K(55808K)
[1.875s][info][gc,heap        ] GC(56) ParOldGen: 291213K(329728K)->298773K(329728K)
[1.875s][info][gc,metaspace   ] GC(56) Metaspace: 6297K(6464K)->6297K(6464K) NonClass: 5764K(5824K)->5764K(5824K) Class: 533K(640K)->533K(640K)
[1.875s][info][gc             ] GC(56) Pause Young (Allocation Failure) 327M->327M(391M) 21.979ms
[1.875s][info][gc,cpu         ] GC(56) User=0.09s Sys=0.02s Real=0.02s
[1.892s][info][gc,start       ] GC(57) Pause Young (Allocation Failure)
[1.917s][info][gc,heap        ] GC(57) PSYoungGen: 51296K(70656K)->41632K(71168K) Eden: 14848K(14848K)->0K(14848K) From: 36448K(55808K)->41632K(56320K)
[1.917s][info][gc,heap        ] GC(57) ParOldGen: 298773K(329728K)->308629K(329728K)
[1.917s][info][gc,metaspace   ] GC(57) Metaspace: 6297K(6464K)->6297K(6464K) NonClass: 5764K(5824K)->5764K(5824K) Class: 533K(640K)->533K(640K)
[1.917s][info][gc             ] GC(57) Pause Young (Allocation Failure) 341M->342M(391M) 25.190ms
[1.917s][info][gc,cpu         ] GC(57) User=0.12s Sys=0.00s Real=0.03s
[1.995s][info][gc,start       ] GC(58) Pause Full (Ergonomics)
[1.995s][info][gc,phases,start] GC(58) Marking Phase
[2.084s][info][gc,phases      ] GC(58) Marking Phase 89.055ms
[2.084s][info][gc,phases,start] GC(58) Summary Phase
[2.084s][info][gc,phases      ] GC(58) Summary Phase 0.019ms
[2.084s][info][gc,phases,start] GC(58) Adjust Roots
[2.084s][info][gc,phases      ] GC(58) Adjust Roots 0.194ms
[2.084s][info][gc,phases,start] GC(58) Compaction Phase
[2.160s][info][gc,phases      ] GC(58) Compaction Phase 75.723ms
[2.160s][info][gc,phases,start] GC(58) Post Compact
[2.162s][info][gc,phases      ] GC(58) Post Compact 2.107ms
[2.162s][info][gc,heap        ] GC(58) PSYoungGen: 56480K(71168K)->42916K(71168K) Eden: 14848K(14848K)->14818K(14848K) From: 41632K(56320K)->28098K(56320K)
[2.162s][info][gc,heap        ] GC(58) ParOldGen: 325013K(329728K)->329699K(375808K)
[2.162s][info][gc,metaspace   ] GC(58) Metaspace: 6297K(6464K)->6297K(6464K) NonClass: 5764K(5824K)->5764K(5824K) Class: 533K(640K)->533K(640K)
[2.162s][info][gc             ] GC(58) Pause Full (Ergonomics) 372M->363M(436M) 167.678ms
[2.162s][info][gc,cpu         ] GC(58) User=0.72s Sys=0.02s Real=0.17s
[2.163s][info][gc,start       ] GC(59) Pause Young (Allocation Failure)
[2.199s][info][gc,heap        ] GC(59) PSYoungGen: 42946K(71168K)->29792K(70144K) Eden: 14848K(14848K)->0K(16896K) From: 28098K(56320K)->29792K(53248K)
[2.199s][info][gc,heap        ] GC(59) ParOldGen: 329699K(375808K)->343203K(375808K)
[2.199s][info][gc,metaspace   ] GC(59) Metaspace: 6297K(6464K)->6297K(6464K) NonClass: 5764K(5824K)->5764K(5824K) Class: 533K(640K)->533K(640K)
[2.199s][info][gc             ] GC(59) Pause Young (Allocation Failure) 363M->364M(435M) 36.495ms
[2.199s][info][gc,cpu         ] GC(59) User=0.11s Sys=0.02s Real=0.04s
[2.218s][info][gc,start       ] GC(60) Pause Young (Allocation Failure)
[2.244s][info][gc,heap        ] GC(60) PSYoungGen: 46688K(70144K)->46752K(72704K) Eden: 16896K(16896K)->0K(16896K) From: 29792K(53248K)->46752K(55808K)
[2.244s][info][gc,heap        ] GC(60) ParOldGen: 343203K(375808K)->343203K(375808K)
[2.244s][info][gc,metaspace   ] GC(60) Metaspace: 6297K(6464K)->6297K(6464K) NonClass: 5764K(5824K)->5764K(5824K) Class: 533K(640K)->533K(640K)
[2.244s][info][gc             ] GC(60) Pause Young (Allocation Failure) 380M->380M(438M) 25.458ms
[2.244s][info][gc,cpu         ] GC(60) User=0.08s Sys=0.00s Real=0.03s
[2.262s][info][gc,start       ] GC(61) Pause Young (Allocation Failure)
[2.293s][info][gc,heap        ] GC(61) PSYoungGen: 63648K(72704K)->50304K(74240K) Eden: 16896K(16896K)->0K(14848K) From: 46752K(55808K)->50304K(59392K)
[2.293s][info][gc,heap        ] GC(61) ParOldGen: 343203K(375808K)->356707K(375808K)
[2.293s][info][gc,metaspace   ] GC(61) Metaspace: 6297K(6464K)->6297K(6464K) NonClass: 5764K(5824K)->5764K(5824K) Class: 533K(640K)->533K(640K)
[2.293s][info][gc             ] GC(61) Pause Young (Allocation Failure) 397M->397M(439M) 31.535ms
[2.293s][info][gc,cpu         ] GC(61) User=0.09s Sys=0.02s Real=0.03s
[2.294s][info][gc,start       ] GC(62) Pause Full (Ergonomics)
[2.294s][info][gc,phases,start] GC(62) Marking Phase
[2.397s][info][gc,phases      ] GC(62) Marking Phase 103.668ms
[2.397s][info][gc,phases,start] GC(62) Summary Phase
[2.397s][info][gc,phases      ] GC(62) Summary Phase 0.026ms
[2.397s][info][gc,phases,start] GC(62) Adjust Roots
[2.397s][info][gc,phases      ] GC(62) Adjust Roots 0.184ms
[2.397s][info][gc,phases,start] GC(62) Compaction Phase
[2.445s][info][gc,phases      ] GC(62) Compaction Phase 47.805ms
[2.445s][info][gc,phases,start] GC(62) Post Compact
[2.447s][info][gc,phases      ] GC(62) Post Compact 1.913ms
[2.448s][info][gc,heap        ] GC(62) PSYoungGen: 50304K(74240K)->30671K(74240K) Eden: 0K(14848K)->0K(14848K) From: 50304K(59392K)->30671K(59392K)
[2.448s][info][gc,heap        ] GC(62) ParOldGen: 356707K(375808K)->375682K(425984K)
[2.448s][info][gc,metaspace   ] GC(62) Metaspace: 6297K(6464K)->6297K(6464K) NonClass: 5764K(5824K)->5764K(5824K) Class: 533K(640K)->533K(640K)
[2.448s][info][gc             ] GC(62) Pause Full (Ergonomics) 397M->396M(488M) 154.182ms
[2.448s][info][gc,cpu         ] GC(62) User=0.70s Sys=0.00s Real=0.15s
[2.464s][info][gc,start       ] GC(63) Pause Young (Allocation Failure)
[2.501s][info][gc,heap        ] GC(63) PSYoungGen: 45519K(74240K)->37408K(78336K) Eden: 14848K(14848K)->0K(14848K) From: 30671K(59392K)->37408K(63488K)
[2.501s][info][gc,heap        ] GC(63) ParOldGen: 375682K(425984K)->384106K(425984K)
[2.501s][info][gc,metaspace   ] GC(63) Metaspace: 6297K(6464K)->6297K(6464K) NonClass: 5764K(5824K)->5764K(5824K) Class: 533K(640K)->533K(640K)
[2.501s][info][gc             ] GC(63) Pause Young (Allocation Failure) 411M->411M(492M) 37.280ms
[2.501s][info][gc,cpu         ] GC(63) User=0.17s Sys=0.02s Real=0.04s
[2.517s][info][gc,start       ] GC(64) Pause Young (Allocation Failure)
[2.542s][info][gc,heap        ] GC(64) PSYoungGen: 52256K(78336K)->52288K(74752K) Eden: 14848K(14848K)->0K(12800K) From: 37408K(63488K)->52288K(61952K)
[2.542s][info][gc,heap        ] GC(64) ParOldGen: 384106K(425984K)->384106K(425984K)
[2.542s][info][gc,metaspace   ] GC(64) Metaspace: 6297K(6464K)->6297K(6464K) NonClass: 5764K(5824K)->5764K(5824K) Class: 533K(640K)->533K(640K)
[2.542s][info][gc             ] GC(64) Pause Young (Allocation Failure) 426M->426M(489M) 25.236ms
[2.542s][info][gc,cpu         ] GC(64) User=0.12s Sys=0.00s Real=0.03s
[2.555s][info][gc,start       ] GC(65) Pause Young (Allocation Failure)
[2.587s][info][gc,heap        ] GC(65) PSYoungGen: 65088K(74752K)->63840K(78848K) Eden: 12800K(12800K)->0K(12800K) From: 52288K(61952K)->63840K(66048K)
[2.587s][info][gc,heap        ] GC(65) ParOldGen: 384106K(425984K)->385354K(425984K)
[2.587s][info][gc,metaspace   ] GC(65) Metaspace: 6297K(6464K)->6297K(6464K) NonClass: 5764K(5824K)->5764K(5824K) Class: 533K(640K)->533K(640K)
[2.587s][info][gc             ] GC(65) Pause Young (Allocation Failure) 438M->438M(493M) 31.904ms
[2.587s][info][gc,cpu         ] GC(65) User=0.12s Sys=0.00s Real=0.03s
[2.601s][info][gc,start       ] GC(66) Pause Young (Allocation Failure)
[2.644s][info][gc,heap        ] GC(66) PSYoungGen: 76640K(78848K)->55392K(84992K) Eden: 12800K(12800K)->0K(11776K) From: 63840K(66048K)->55392K(73216K)
[2.644s][info][gc,heap        ] GC(66) ParOldGen: 385354K(425984K)->406826K(425984K)
[2.644s][info][gc,metaspace   ] GC(66) Metaspace: 6297K(6464K)->6297K(6464K) NonClass: 5764K(5824K)->5764K(5824K) Class: 533K(640K)->533K(640K)
[2.644s][info][gc             ] GC(66) Pause Young (Allocation Failure) 451M->451M(499M) 42.893ms
[2.644s][info][gc,cpu         ] GC(66) User=0.17s Sys=0.02s Real=0.04s
[2.644s][info][gc,start       ] GC(67) Pause Full (Ergonomics)
[2.644s][info][gc,phases,start] GC(67) Marking Phase
[2.760s][info][gc,phases      ] GC(67) Marking Phase 115.935ms
[2.760s][info][gc,phases,start] GC(67) Summary Phase
[2.760s][info][gc,phases      ] GC(67) Summary Phase 0.027ms
[2.760s][info][gc,phases,start] GC(67) Adjust Roots
[2.761s][info][gc,phases      ] GC(67) Adjust Roots 0.276ms
[2.761s][info][gc,phases,start] GC(67) Compaction Phase
[2.810s][info][gc,phases      ] GC(67) Compaction Phase 49.749ms
[2.810s][info][gc,phases,start] GC(67) Post Compact
[2.813s][info][gc,phases      ] GC(67) Post Compact 2.247ms
[2.813s][info][gc,heap        ] GC(67) PSYoungGen: 55392K(84992K)->35743K(84992K) Eden: 0K(11776K)->0K(11776K) From: 55392K(73216K)->35743K(73216K)
[2.813s][info][gc,heap        ] GC(67) ParOldGen: 406826K(425984K)->425772K(481792K)
[2.813s][info][gc,metaspace   ] GC(67) Metaspace: 6297K(6464K)->6297K(6464K) NonClass: 5764K(5824K)->5764K(5824K) Class: 533K(640K)->533K(640K)
[2.813s][info][gc             ] GC(67) Pause Full (Ergonomics) 451M->450M(553M) 168.834ms
[2.813s][info][gc,cpu         ] GC(67) User=0.88s Sys=0.02s Real=0.17s
[2.827s][info][gc,start       ] GC(68) Pause Young (Allocation Failure)
[2.868s][info][gc,heap        ] GC(68) PSYoungGen: 47519K(84992K)->28448K(88064K) Eden: 11776K(11776K)->0K(11776K) From: 35743K(73216K)->28448K(76288K)
[2.868s][info][gc,heap        ] GC(68) ParOldGen: 425772K(481792K)->445244K(481792K)
[2.868s][info][gc,metaspace   ] GC(68) Metaspace: 6297K(6464K)->6297K(6464K) NonClass: 5764K(5824K)->5764K(5824K) Class: 533K(640K)->533K(640K)
[2.868s][info][gc             ] GC(68) Pause Young (Allocation Failure) 462M->462M(556M) 41.393ms
[2.868s][info][gc,cpu         ] GC(68) User=0.22s Sys=0.00s Real=0.04s
[2.881s][info][gc,start       ] GC(69) Pause Young (Allocation Failure)
[2.902s][info][gc,heap        ] GC(69) PSYoungGen: 40224K(88064K)->31776K(82944K) Eden: 11776K(11776K)->0K(13312K) From: 28448K(76288K)->31776K(69632K)
[2.902s][info][gc,heap        ] GC(69) ParOldGen: 445244K(481792K)->453836K(481792K)
[2.902s][info][gc,metaspace   ] GC(69) Metaspace: 6297K(6464K)->6297K(6464K) NonClass: 5764K(5824K)->5764K(5824K) Class: 533K(640K)->533K(640K)
[2.902s][info][gc             ] GC(69) Pause Young (Allocation Failure) 474M->474M(551M) 21.044ms
[2.903s][info][gc,cpu         ] GC(69) User=0.06s Sys=0.03s Real=0.02s
[2.918s][info][gc,start       ] GC(70) Pause Young (Allocation Failure)
[2.940s][info][gc,heap        ] GC(70) PSYoungGen: 45088K(82944K)->36992K(50688K) Eden: 13312K(13312K)->0K(13312K) From: 31776K(69632K)->36992K(37376K)
[2.940s][info][gc,heap        ] GC(70) ParOldGen: 453836K(481792K)->462060K(481792K)
[2.940s][info][gc,metaspace   ] GC(70) Metaspace: 6297K(6464K)->6297K(6464K) NonClass: 5764K(5824K)->5764K(5824K) Class: 533K(640K)->533K(640K)
[2.940s][info][gc             ] GC(70) Pause Young (Allocation Failure) 487M->487M(520M) 22.812ms
[2.940s][info][gc,cpu         ] GC(70) User=0.09s Sys=0.00s Real=0.02s
[2.940s][info][gc,start       ] GC(71) Pause Full (Ergonomics)
[2.940s][info][gc,phases,start] GC(71) Marking Phase
[3.059s][info][gc,phases      ] GC(71) Marking Phase 118.758ms
[3.059s][info][gc,phases,start] GC(71) Summary Phase
[3.059s][info][gc,phases      ] GC(71) Summary Phase 0.027ms
[3.059s][info][gc,phases,start] GC(71) Adjust Roots
[3.059s][info][gc,phases      ] GC(71) Adjust Roots 0.186ms
[3.059s][info][gc,phases,start] GC(71) Compaction Phase
[3.110s][info][gc,phases      ] GC(71) Compaction Phase 50.016ms
[3.110s][info][gc,phases,start] GC(71) Post Compact
[3.112s][info][gc,phases      ] GC(71) Post Compact 2.401ms
[3.112s][info][gc,heap        ] GC(71) PSYoungGen: 36992K(50688K)->16848K(50688K) Eden: 0K(13312K)->0K(13312K) From: 36992K(37376K)->16848K(37376K)
[3.112s][info][gc,heap        ] GC(71) ParOldGen: 462060K(481792K)->481443K(541184K)
[3.112s][info][gc,metaspace   ] GC(71) Metaspace: 6297K(6464K)->6297K(6464K) NonClass: 5764K(5824K)->5764K(5824K) Class: 533K(640K)->533K(640K)
[3.112s][info][gc             ] GC(71) Pause Full (Ergonomics) 487M->486M(578M) 171.958ms
[3.112s][info][gc,cpu         ] GC(71) User=1.05s Sys=0.02s Real=0.17s
[3.127s][info][gc,start       ] GC(72) Pause Young (Allocation Failure)
[3.166s][info][gc,heap        ] GC(72) PSYoungGen: 30160K(50688K)->19040K(83456K) Eden: 13312K(13312K)->0K(14848K) From: 16848K(37376K)->19040K(68608K)
[3.166s][info][gc,heap        ] GC(72) ParOldGen: 481443K(541184K)->492827K(541184K)
[3.166s][info][gc,metaspace   ] GC(72) Metaspace: 6297K(6464K)->6297K(6464K) NonClass: 5764K(5824K)->5764K(5824K) Class: 533K(640K)->533K(640K)
[3.166s][info][gc             ] GC(72) Pause Young (Allocation Failure) 499M->499M(610M) 38.492ms
[3.166s][info][gc,cpu         ] GC(72) User=0.17s Sys=0.03s Real=0.04s
[3.183s][info][gc,start       ] GC(73) Pause Young (Allocation Failure)
[3.202s][info][gc,heap        ] GC(73) PSYoungGen: 33888K(83456K)->33920K(49152K) Eden: 14848K(14848K)->0K(14848K) From: 19040K(68608K)->33920K(34304K)
[3.202s][info][gc,heap        ] GC(73) ParOldGen: 492827K(541184K)->492827K(541184K)
[3.202s][info][gc,metaspace   ] GC(73) Metaspace: 6297K(6464K)->6297K(6464K) NonClass: 5764K(5824K)->5764K(5824K) Class: 533K(640K)->533K(640K)
[3.202s][info][gc             ] GC(73) Pause Young (Allocation Failure) 514M->514M(576M) 19.123ms
[3.202s][info][gc,cpu         ] GC(73) User=0.11s Sys=0.00s Real=0.02s
[3.219s][info][gc,start       ] GC(74) Pause Young (Allocation Failure)
[3.244s][info][gc,heap        ] GC(74) PSYoungGen: 48768K(49152K)->43104K(82432K) Eden: 14848K(14848K)->0K(16896K) From: 33920K(34304K)->43104K(65536K)
[3.244s][info][gc,heap        ] GC(74) ParOldGen: 492827K(541184K)->498547K(541184K)
[3.244s][info][gc,metaspace   ] GC(74) Metaspace: 6297K(6464K)->6297K(6464K) NonClass: 5764K(5824K)->5764K(5824K) Class: 533K(640K)->533K(640K)
[3.244s][info][gc             ] GC(74) Pause Young (Allocation Failure) 528M->528M(609M) 25.087ms
[3.244s][info][gc,cpu         ] GC(74) User=0.12s Sys=0.00s Real=0.02s
[3.263s][info][gc,start       ] GC(75) Pause Young (Allocation Failure)
[3.293s][info][gc,heap        ] GC(75) PSYoungGen: 60000K(82432K)->46720K(82944K) Eden: 16896K(16896K)->0K(16896K) From: 43104K(65536K)->46720K(66048K)
[3.293s][info][gc,heap        ] GC(75) ParOldGen: 498547K(541184K)->512051K(541184K)
[3.293s][info][gc,metaspace   ] GC(75) Metaspace: 6297K(6464K)->6297K(6464K) NonClass: 5764K(5824K)->5764K(5824K) Class: 533K(640K)->533K(640K)
[3.293s][info][gc             ] GC(75) Pause Young (Allocation Failure) 545M->545M(609M) 30.079ms
[3.293s][info][gc,cpu         ] GC(75) User=0.12s Sys=0.00s Real=0.03s
[3.312s][info][gc,start       ] GC(76) Pause Young (Allocation Failure)
[3.343s][info][gc,heap        ] GC(76) PSYoungGen: 63616K(82944K)->48736K(84992K) Eden: 16896K(16896K)->0K(17920K) From: 46720K(66048K)->48736K(67072K)
[3.343s][info][gc,heap        ] GC(76) ParOldGen: 512051K(541184K)->527107K(541184K)
[3.343s][info][gc,metaspace   ] GC(76) Metaspace: 6297K(6464K)->6297K(6464K) NonClass: 5764K(5824K)->5764K(5824K) Class: 533K(640K)->533K(640K)
[3.343s][info][gc             ] GC(76) Pause Young (Allocation Failure) 562M->562M(611M) 30.896ms
[3.343s][info][gc,cpu         ] GC(76) User=0.12s Sys=0.00s Real=0.03s
[3.343s][info][gc,start       ] GC(77) Pause Full (Ergonomics)
[3.343s][info][gc,phases,start] GC(77) Marking Phase
[3.483s][info][gc,phases      ] GC(77) Marking Phase 139.701ms
[3.483s][info][gc,phases,start] GC(77) Summary Phase
[3.483s][info][gc,phases      ] GC(77) Summary Phase 0.021ms
[3.483s][info][gc,phases,start] GC(77) Adjust Roots
[3.483s][info][gc,phases      ] GC(77) Adjust Roots 0.183ms
[3.483s][info][gc,phases,start] GC(77) Compaction Phase
[3.542s][info][gc,phases      ] GC(77) Compaction Phase 58.628ms
[3.542s][info][gc,phases,start] GC(77) Post Compact
[3.543s][info][gc,phases      ] GC(77) Post Compact 0.981ms
[3.543s][info][gc,heap        ] GC(77) PSYoungGen: 48736K(84992K)->34230K(84992K) Eden: 0K(17920K)->0K(17920K) From: 48736K(67072K)->34230K(67072K)
[3.543s][info][gc,heap        ] GC(77) ParOldGen: 527107K(541184K)->540694K(604160K)
[3.543s][info][gc,metaspace   ] GC(77) Metaspace: 6297K(6464K)->6297K(6464K) NonClass: 5764K(5824K)->5764K(5824K) Class: 533K(640K)->533K(640K)
[3.543s][info][gc             ] GC(77) Pause Full (Ergonomics) 562M->561M(673M) 200.038ms
[3.543s][info][gc,cpu         ] GC(77) User=1.16s Sys=0.03s Real=0.20s
[3.565s][info][gc,start       ] GC(78) Pause Young (Allocation Failure)
[3.615s][info][gc,heap        ] GC(78) PSYoungGen: 52150K(84992K)->30976K(86016K) Eden: 17920K(17920K)->0K(17920K) From: 34230K(67072K)->30976K(68096K)
[3.615s][info][gc,heap        ] GC(78) ParOldGen: 540694K(604160K)->562326K(604160K)
[3.615s][info][gc,metaspace   ] GC(78) Metaspace: 6297K(6464K)->6297K(6464K) NonClass: 5764K(5824K)->5764K(5824K) Class: 533K(640K)->533K(640K)
[3.615s][info][gc             ] GC(78) Pause Young (Allocation Failure) 578M->579M(674M) 49.828ms
[3.615s][info][gc,cpu         ] GC(78) User=0.22s Sys=0.02s Real=0.05s
[3.636s][info][gc,start       ] GC(79) Pause Young (Allocation Failure)
[3.663s][info][gc,heap        ] GC(79) PSYoungGen: 48896K(86016K)->35968K(81408K) Eden: 17920K(17920K)->0K(19968K) From: 30976K(68096K)->35968K(61440K)
[3.663s][info][gc,heap        ] GC(79) ParOldGen: 562326K(604160K)->575446K(604160K)
[3.663s][info][gc,metaspace   ] GC(79) Metaspace: 6297K(6464K)->6297K(6464K) NonClass: 5764K(5824K)->5764K(5824K) Class: 533K(640K)->533K(640K)
[3.663s][info][gc             ] GC(79) Pause Young (Allocation Failure) 596M->597M(669M) 27.469ms
[3.663s][info][gc,cpu         ] GC(79) User=0.09s Sys=0.00s Real=0.03s
[3.688s][info][gc,start       ] GC(80) Pause Young (Allocation Failure)
[3.720s][info][gc,heap        ] GC(80) PSYoungGen: 55936K(81408K)->38016K(83968K) Eden: 19968K(19968K)->0K(19968K) From: 35968K(61440K)->38016K(64000K)
[3.720s][info][gc,heap        ] GC(80) ParOldGen: 575446K(604160K)->593622K(604160K)
[3.720s][info][gc,metaspace   ] GC(80) Metaspace: 6297K(6464K)->6297K(6464K) NonClass: 5764K(5824K)->5764K(5824K) Class: 533K(640K)->533K(640K)
[3.720s][info][gc             ] GC(80) Pause Young (Allocation Failure) 616M->616M(672M) 32.700ms
[3.720s][info][gc,cpu         ] GC(80) User=0.12s Sys=0.02s Real=0.03s
[3.720s][info][gc,start       ] GC(81) Pause Full (Ergonomics)
[3.720s][info][gc,phases,start] GC(81) Marking Phase
[3.870s][info][gc,phases      ] GC(81) Marking Phase 149.588ms
[3.870s][info][gc,phases,start] GC(81) Summary Phase
[3.870s][info][gc,phases      ] GC(81) Summary Phase 0.021ms
[3.870s][info][gc,phases,start] GC(81) Adjust Roots
[3.870s][info][gc,phases      ] GC(81) Adjust Roots 0.186ms
[3.870s][info][gc,phases,start] GC(81) Compaction Phase
[3.927s][info][gc,phases      ] GC(81) Compaction Phase 56.431ms
[3.927s][info][gc,phases,start] GC(81) Post Compact
[3.928s][info][gc,phases      ] GC(81) Post Compact 1.088ms
[3.928s][info][gc,heap        ] GC(81) PSYoungGen: 38016K(83968K)->26582K(83968K) Eden: 0K(19968K)->0K(19968K) From: 38016K(64000K)->26582K(64000K)
[3.928s][info][gc,heap        ] GC(81) ParOldGen: 593622K(604160K)->604058K(675840K)
[3.928s][info][gc,metaspace   ] GC(81) Metaspace: 6297K(6464K)->6297K(6464K) NonClass: 5764K(5824K)->5764K(5824K) Class: 533K(640K)->533K(640K)
[3.928s][info][gc             ] GC(81) Pause Full (Ergonomics) 616M->615M(742M) 207.861ms
[3.928s][info][gc,cpu         ] GC(81) User=1.31s Sys=0.00s Real=0.21s
[3.955s][info][gc,start       ] GC(82) Pause Young (Allocation Failure)
[4.004s][info][gc,heap        ] GC(82) PSYoungGen: 46550K(83968K)->34304K(79872K) Eden: 19968K(19968K)->0K(22016K) From: 26582K(64000K)->34304K(57856K)
[4.004s][info][gc,heap        ] GC(82) ParOldGen: 604058K(675840K)->616642K(675840K)
[4.004s][info][gc,metaspace   ] GC(82) Metaspace: 6297K(6464K)->6297K(6464K) NonClass: 5764K(5824K)->5764K(5824K) Class: 533K(640K)->533K(640K)
[4.004s][info][gc             ] GC(82) Pause Young (Allocation Failure) 635M->635M(738M) 49.099ms
[4.004s][info][gc,cpu         ] GC(82) User=0.23s Sys=0.02s Real=0.05s
[4.029s][info][gc,start       ] GC(83) Pause Young (Allocation Failure)
[4.059s][info][gc,heap        ] GC(83) PSYoungGen: 56320K(79872K)->56416K(81920K) Eden: 22016K(22016K)->0K(22016K) From: 34304K(57856K)->56416K(59904K)
[4.059s][info][gc,heap        ] GC(83) ParOldGen: 616642K(675840K)->616642K(675840K)
[4.059s][info][gc,metaspace   ] GC(83) Metaspace: 6297K(6464K)->6297K(6464K) NonClass: 5764K(5824K)->5764K(5824K) Class: 533K(640K)->533K(640K)
[4.059s][info][gc             ] GC(83) Pause Young (Allocation Failure) 657M->657M(740M) 29.846ms
[4.059s][info][gc,cpu         ] GC(83) User=0.12s Sys=0.00s Real=0.03s
[4.088s][info][gc,start       ] GC(84) Pause Young (Allocation Failure)
[4.129s][info][gc,heap        ] GC(84) PSYoungGen: 78432K(81920K)->64512K(77312K) Eden: 22016K(22016K)->0K(12800K) From: 56416K(59904K)->64512K(64512K)
[4.129s][info][gc,heap        ] GC(84) ParOldGen: 616642K(675840K)->630578K(675840K)
[4.129s][info][gc,metaspace   ] GC(84) Metaspace: 6297K(6464K)->6297K(6464K) NonClass: 5764K(5824K)->5764K(5824K) Class: 533K(640K)->533K(640K)
[4.129s][info][gc             ] GC(84) Pause Young (Allocation Failure) 678M->678M(735M) 41.077ms
[4.129s][info][gc,cpu         ] GC(84) User=0.19s Sys=0.00s Real=0.04s
[4.314s][info][gc,start       ] GC(85) Pause Full (Ergonomics)
[4.315s][info][gc,phases,start] GC(85) Marking Phase
[4.492s][info][gc,phases      ] GC(85) Marking Phase 177.460ms
[4.492s][info][gc,phases,start] GC(85) Summary Phase
[4.492s][info][gc,phases      ] GC(85) Summary Phase 0.022ms
[4.492s][info][gc,phases,start] GC(85) Adjust Roots
[4.492s][info][gc,phases      ] GC(85) Adjust Roots 0.186ms
[4.492s][info][gc,phases,start] GC(85) Compaction Phase
[4.620s][info][gc,phases      ] GC(85) Compaction Phase 128.091ms
[4.620s][info][gc,phases,start] GC(85) Post Compact
[4.622s][info][gc,phases      ] GC(85) Post Compact 1.772ms
[4.623s][info][gc,heap        ] GC(85) PSYoungGen: 77312K(77312K)->48024K(77312K) Eden: 12800K(12800K)->0K(12800K) From: 64512K(64512K)->48024K(64512K)
[4.623s][info][gc,heap        ] GC(85) ParOldGen: 663346K(675840K)->675668K(750080K)
[4.623s][info][gc,metaspace   ] GC(85) Metaspace: 6297K(6464K)->6297K(6464K) NonClass: 5764K(5824K)->5764K(5824K) Class: 533K(640K)->533K(640K)
[4.623s][info][gc             ] GC(85) Pause Full (Ergonomics) 723M->706M(808M) 308.283ms
[4.623s][info][gc,cpu         ] GC(85) User=1.84s Sys=0.00s Real=0.31s
[4.638s][info][gc,start       ] GC(86) Pause Young (Allocation Failure)
[4.694s][info][gc,heap        ] GC(86) PSYoungGen: 60824K(77312K)->38496K(51712K) Eden: 12800K(12800K)->0K(12800K) From: 48024K(64512K)->38496K(38912K)
[4.694s][info][gc,heap        ] GC(86) ParOldGen: 675668K(750080K)->698508K(750080K)
[4.694s][info][gc,metaspace   ] GC(86) Metaspace: 6297K(6464K)->6297K(6464K) NonClass: 5764K(5824K)->5764K(5824K) Class: 533K(640K)->533K(640K)
[4.694s][info][gc             ] GC(86) Pause Young (Allocation Failure) 719M->719M(783M) 55.560ms
[4.694s][info][gc,cpu         ] GC(86) User=0.34s Sys=0.00s Real=0.06s
[4.708s][info][gc,start       ] GC(87) Pause Young (Allocation Failure)
[4.734s][info][gc,heap        ] GC(87) PSYoungGen: 51296K(51712K)->51264K(88576K) Eden: 12800K(12800K)->0K(14336K) From: 38496K(38912K)->51264K(74240K)
[4.734s][info][gc,heap        ] GC(87) ParOldGen: 698508K(750080K)->698508K(750080K)
[4.734s][info][gc,metaspace   ] GC(87) Metaspace: 6297K(6464K)->6297K(6464K) NonClass: 5764K(5824K)->5764K(5824K) Class: 533K(640K)->533K(640K)
[4.734s][info][gc             ] GC(87) Pause Young (Allocation Failure) 732M->732M(819M) 25.735ms
[4.734s][info][gc,cpu         ] GC(87) User=0.11s Sys=0.00s Real=0.03s
[4.749s][info][gc,start       ] GC(88) Pause Young (Allocation Failure)
[4.781s][info][gc,heap        ] GC(88) PSYoungGen: 65600K(88576K)->51616K(88576K) Eden: 14336K(14336K)->0K(14336K) From: 51264K(74240K)->51616K(74240K)
[4.781s][info][gc,heap        ] GC(88) ParOldGen: 698508K(750080K)->712644K(750080K)
[4.781s][info][gc,metaspace   ] GC(88) Metaspace: 6297K(6464K)->6297K(6464K) NonClass: 5764K(5824K)->5764K(5824K) Class: 533K(640K)->533K(640K)
[4.781s][info][gc             ] GC(88) Pause Young (Allocation Failure) 746M->746M(819M) 32.105ms
[4.781s][info][gc,cpu         ] GC(88) User=0.12s Sys=0.00s Real=0.03s
[4.798s][info][gc,start       ] GC(89) Pause Young (Allocation Failure)
[4.830s][info][gc,heap        ] GC(89) PSYoungGen: 65952K(88576K)->54368K(89088K) Eden: 14336K(14336K)->0K(15360K) From: 51616K(74240K)->54368K(73728K)
[4.830s][info][gc,heap        ] GC(89) ParOldGen: 712644K(750080K)->724428K(750080K)
[4.830s][info][gc,metaspace   ] GC(89) Metaspace: 6297K(6464K)->6297K(6464K) NonClass: 5764K(5824K)->5764K(5824K) Class: 533K(640K)->533K(640K)
[4.830s][info][gc             ] GC(89) Pause Young (Allocation Failure) 760M->760M(819M) 32.080ms
[4.830s][info][gc,cpu         ] GC(89) User=0.11s Sys=0.02s Real=0.03s
[4.846s][info][gc,start       ] GC(90) Pause Young (Allocation Failure)
[4.881s][info][gc,heap        ] GC(90) PSYoungGen: 69728K(89088K)->44160K(59904K) Eden: 15360K(15360K)->0K(15360K) From: 54368K(73728K)->44160K(44544K)
[4.881s][info][gc,heap        ] GC(90) ParOldGen: 724428K(750080K)->750356K(750592K)
[4.881s][info][gc,metaspace   ] GC(90) Metaspace: 6297K(6464K)->6297K(6464K) NonClass: 5764K(5824K)->5764K(5824K) Class: 533K(640K)->533K(640K)
[4.881s][info][gc             ] GC(90) Pause Young (Allocation Failure) 775M->775M(791M) 34.840ms
[4.881s][info][gc,cpu         ] GC(90) User=0.22s Sys=0.02s Real=0.04s
[4.881s][info][gc,start       ] GC(91) Pause Full (Ergonomics)
[4.881s][info][gc,phases,start] GC(91) Marking Phase
[5.071s][info][gc,phases      ] GC(91) Marking Phase 190.638ms
[5.071s][info][gc,phases,start] GC(91) Summary Phase
[5.072s][info][gc,phases      ] GC(91) Summary Phase 0.023ms
[5.072s][info][gc,phases,start] GC(91) Adjust Roots
[5.072s][info][gc,phases      ] GC(91) Adjust Roots 0.188ms
[5.072s][info][gc,phases,start] GC(91) Compaction Phase
[5.158s][info][gc,phases      ] GC(91) Compaction Phase 85.946ms
[5.158s][info][gc,phases,start] GC(91) Post Compact
[5.159s][info][gc,phases      ] GC(91) Post Compact 1.309ms
[5.159s][info][gc,heap        ] GC(91) PSYoungGen: 44160K(59904K)->42908K(59904K) Eden: 0K(15360K)->0K(15360K) From: 44160K(44544K)->42908K(44544K)
[5.159s][info][gc,heap        ] GC(91) ParOldGen: 750356K(750592K)->750255K(834560K)
[5.159s][info][gc,metaspace   ] GC(91) Metaspace: 6297K(6464K)->6297K(6464K) NonClass: 5764K(5824K)->5764K(5824K) Class: 533K(640K)->533K(640K)
[5.159s][info][gc             ] GC(91) Pause Full (Ergonomics) 775M->774M(873M) 278.718ms
[5.159s][info][gc,cpu         ] GC(91) User=1.53s Sys=0.05s Real=0.28s
[5.177s][info][gc,start       ] GC(92) Pause Young (Allocation Failure)
[5.234s][info][gc,heap        ] GC(92) PSYoungGen: 58268K(59904K)->30528K(87552K) Eden: 15360K(15360K)->0K(16896K) From: 42908K(44544K)->30528K(70656K)
[5.234s][info][gc,heap        ] GC(92) ParOldGen: 750255K(834560K)->778543K(834560K)
[5.234s][info][gc,metaspace   ] GC(92) Metaspace: 6297K(6464K)->6297K(6464K) NonClass: 5764K(5824K)->5764K(5824K) Class: 533K(640K)->533K(640K)
[5.234s][info][gc             ] GC(92) Pause Young (Allocation Failure) 789M->790M(900M) 56.843ms
[5.234s][info][gc,cpu         ] GC(92) User=0.31s Sys=0.02s Real=0.06s
[5.251s][info][gc,start       ] GC(93) Pause Young (Allocation Failure)
[5.277s][info][gc,heap        ] GC(93) PSYoungGen: 47424K(87552K)->32384K(88576K) Eden: 16896K(16896K)->0K(16896K) From: 30528K(70656K)->32384K(71680K)
[5.277s][info][gc,heap        ] GC(93) ParOldGen: 778543K(834560K)->793823K(834560K)
[5.277s][info][gc,metaspace   ] GC(93) Metaspace: 6297K(6464K)->6297K(6464K) NonClass: 5764K(5824K)->5764K(5824K) Class: 533K(640K)->533K(640K)
[5.277s][info][gc             ] GC(93) Pause Young (Allocation Failure) 806M->806M(901M) 25.715ms
[5.277s][info][gc,cpu         ] GC(93) User=0.11s Sys=0.02s Real=0.03s
[5.295s][info][gc,start       ] GC(94) Pause Young (Allocation Failure)
[5.322s][info][gc,heap        ] GC(94) PSYoungGen: 49280K(88576K)->33920K(87040K) Eden: 16896K(16896K)->0K(18944K) From: 32384K(71680K)->33920K(68096K)
[5.322s][info][gc,heap        ] GC(94) ParOldGen: 793823K(834560K)->809391K(834560K)
[5.322s][info][gc,metaspace   ] GC(94) Metaspace: 6297K(6464K)->6297K(6464K) NonClass: 5764K(5824K)->5764K(5824K) Class: 533K(640K)->533K(640K)
[5.322s][info][gc             ] GC(94) Pause Young (Allocation Failure) 823M->823M(900M) 26.631ms
[5.322s][info][gc,cpu         ] GC(94) User=0.12s Sys=0.00s Real=0.03s
[5.322s][info][gc,start       ] GC(95) Pause Full (Ergonomics)
[5.322s][info][gc,phases,start] GC(95) Marking Phase
[5.520s][info][gc,phases      ] GC(95) Marking Phase 198.411ms
[5.521s][info][gc,phases,start] GC(95) Summary Phase
[5.521s][info][gc,phases      ] GC(95) Summary Phase 0.023ms
[5.521s][info][gc,phases,start] GC(95) Adjust Roots
[5.521s][info][gc,phases      ] GC(95) Adjust Roots 0.199ms
[5.521s][info][gc,phases,start] GC(95) Compaction Phase
[5.603s][info][gc,phases      ] GC(95) Compaction Phase 82.675ms
[5.604s][info][gc,phases,start] GC(95) Post Compact
[5.605s][info][gc,phases      ] GC(95) Post Compact 1.480ms
[5.605s][info][gc,heap        ] GC(95) PSYoungGen: 33920K(87040K)->7672K(88576K) Eden: 0K(18944K)->0K(20480K) From: 33920K(68096K)->7672K(68096K)
[5.605s][info][gc,heap        ] GC(95) ParOldGen: 809391K(834560K)->834545K(926208K)
[5.605s][info][gc,metaspace   ] GC(95) Metaspace: 6297K(6464K)->6297K(6464K) NonClass: 5764K(5824K)->5764K(5824K) Class: 533K(640K)->533K(640K)
[5.605s][info][gc             ] GC(95) Pause Full (Ergonomics) 823M->822M(991M) 283.400ms
[5.605s][info][gc,cpu         ] GC(95) User=1.72s Sys=0.03s Real=0.28s
[5.630s][info][gc,start       ] GC(96) Pause Young (Allocation Failure)
[5.680s][info][gc,heap        ] GC(96) PSYoungGen: 28152K(88576K)->25920K(90112K) Eden: 20480K(20480K)->0K(20480K) From: 7672K(68096K)->25920K(69632K)
[5.680s][info][gc,heap        ] GC(96) ParOldGen: 834545K(926208K)->836993K(926208K)
[5.680s][info][gc,metaspace   ] GC(96) Metaspace: 6297K(6464K)->6297K(6464K) NonClass: 5764K(5824K)->5764K(5824K) Class: 533K(640K)->533K(640K)
[5.680s][info][gc             ] GC(96) Pause Young (Allocation Failure) 842M->842M(992M) 49.587ms
[5.680s][info][gc,cpu         ] GC(96) User=0.22s Sys=0.03s Real=0.05s
[5.703s][info][gc,start       ] GC(97) Pause Young (Allocation Failure)
[5.728s][info][gc,heap        ] GC(97) PSYoungGen: 46400K(90112K)->46400K(91136K) Eden: 20480K(20480K)->0K(22528K) From: 25920K(69632K)->46400K(68608K)
[5.728s][info][gc,heap        ] GC(97) ParOldGen: 836993K(926208K)->836993K(926208K)
[5.728s][info][gc,metaspace   ] GC(97) Metaspace: 6297K(6464K)->6297K(6464K) NonClass: 5764K(5824K)->5764K(5824K) Class: 533K(640K)->533K(640K)
[5.728s][info][gc             ] GC(97) Pause Young (Allocation Failure) 862M->862M(993M) 25.674ms
[5.728s][info][gc,cpu         ] GC(97) User=0.12s Sys=0.00s Real=0.02s
[5.753s][info][gc,start       ] GC(98) Pause Young (Allocation Failure)
[5.787s][info][gc,heap        ] GC(98) PSYoungGen: 68928K(91136K)->68928K(91648K) Eden: 22528K(22528K)->0K(22528K) From: 46400K(68608K)->68928K(69120K)
[5.787s][info][gc,heap        ] GC(98) ParOldGen: 836993K(926208K)->836993K(926208K)
[5.787s][info][gc,metaspace   ] GC(98) Metaspace: 6297K(6464K)->6297K(6464K) NonClass: 5764K(5824K)->5764K(5824K) Class: 533K(640K)->533K(640K)
[5.787s][info][gc             ] GC(98) Pause Young (Allocation Failure) 884M->884M(994M) 34.618ms
[5.787s][info][gc,cpu         ] GC(98) User=0.20s Sys=0.03s Real=0.03s
[5.812s][info][gc,start       ] GC(99) Pause Young (Allocation Failure)
[5.858s][info][gc,heap        ] GC(99) PSYoungGen: 91456K(91648K)->76800K(87552K) Eden: 22528K(22528K)->0K(10752K) From: 68928K(69120K)->76800K(76800K)
[5.858s][info][gc,heap        ] GC(99) ParOldGen: 836993K(926208K)->851745K(926208K)
[5.858s][info][gc,metaspace   ] GC(99) Metaspace: 6297K(6464K)->6297K(6464K) NonClass: 5764K(5824K)->5764K(5824K) Class: 533K(640K)->533K(640K)
[5.858s][info][gc             ] GC(99) Pause Young (Allocation Failure) 906M->906M(990M) 45.306ms
[5.858s][info][gc,cpu         ] GC(99) User=0.20s Sys=0.03s Real=0.05s
[5.870s][info][gc,start       ] GC(100) Pause Young (Allocation Failure)
[5.912s][info][gc,heap        ] GC(100) PSYoungGen: 87552K(87552K)->50272K(61440K) Eden: 10752K(10752K)->0K(10752K) From: 76800K(76800K)->50272K(50688K)
[5.912s][info][gc,heap        ] GC(100) ParOldGen: 851745K(926208K)->889633K(926208K)
[5.912s][info][gc,metaspace   ] GC(100) Metaspace: 6297K(6464K)->6297K(6464K) NonClass: 5764K(5824K)->5764K(5824K) Class: 533K(640K)->533K(640K)
[5.912s][info][gc             ] GC(100) Pause Young (Allocation Failure) 917M->917M(964M) 41.915ms
[5.912s][info][gc,cpu         ] GC(100) User=0.23s Sys=0.00s Real=0.04s
[5.924s][info][gc,start       ] GC(101) Pause Young (Allocation Failure)
[5.956s][info][gc,heap        ] GC(101) PSYoungGen: 61024K(61440K)->21632K(99328K) Eden: 10752K(10752K)->0K(11776K) From: 50272K(50688K)->21632K(87552K)
[5.956s][info][gc,heap        ] GC(101) ParOldGen: 889633K(926208K)->929537K(929792K)
[5.956s][info][gc,metaspace   ] GC(101) Metaspace: 6297K(6464K)->6297K(6464K) NonClass: 5764K(5824K)->5764K(5824K) Class: 533K(640K)->533K(640K)
[5.956s][info][gc             ] GC(101) Pause Young (Allocation Failure) 928M->928M(1005M) 31.707ms
[5.956s][info][gc,cpu         ] GC(101) User=0.12s Sys=0.00s Real=0.03s
[5.956s][info][gc,start       ] GC(102) Pause Full (Ergonomics)
[5.956s][info][gc,phases,start] GC(102) Marking Phase
[6.183s][info][gc,phases      ] GC(102) Marking Phase 226.791ms
[6.183s][info][gc,phases,start] GC(102) Summary Phase
[6.183s][info][gc,phases      ] GC(102) Summary Phase 0.023ms
[6.183s][info][gc,phases,start] GC(102) Adjust Roots
[6.183s][info][gc,phases      ] GC(102) Adjust Roots 0.187ms
[6.183s][info][gc,phases,start] GC(102) Compaction Phase
[6.287s][info][gc,phases      ] GC(102) Compaction Phase 103.931ms
[6.287s][info][gc,phases,start] GC(102) Post Compact
[6.289s][info][gc,phases      ] GC(102) Post Compact 1.624ms
[6.289s][info][gc,heap        ] GC(102) PSYoungGen: 21632K(99328K)->19910K(99328K) Eden: 0K(11776K)->0K(11776K) From: 21632K(87552K)->19910K(87552K)
[6.289s][info][gc,heap        ] GC(102) ParOldGen: 929537K(929792K)->929638K(1041408K)
[6.289s][info][gc,metaspace   ] GC(102) Metaspace: 6297K(6464K)->6297K(6464K) NonClass: 5764K(5824K)->5764K(5824K) Class: 533K(640K)->533K(640K)
[6.289s][info][gc             ] GC(102) Pause Full (Ergonomics) 928M->927M(1114M) 333.248ms
[6.289s][info][gc,cpu         ] GC(102) User=2.05s Sys=0.02s Real=0.33s
[6.303s][info][gc,start       ] GC(103) Pause Young (Allocation Failure)
[6.359s][info][gc,heap        ] GC(103) PSYoungGen: 31686K(99328K)->11872K(99840K) Eden: 11776K(11776K)->0K(11776K) From: 19910K(87552K)->11872K(88064K)
[6.359s][info][gc,heap        ] GC(103) ParOldGen: 929638K(1041408K)->949878K(1041408K)
[6.359s][info][gc,metaspace   ] GC(103) Metaspace: 6297K(6464K)->6297K(6464K) NonClass: 5764K(5824K)->5764K(5824K) Class: 533K(640K)->533K(640K)
[6.359s][info][gc             ] GC(103) Pause Young (Allocation Failure) 938M->939M(1114M) 55.964ms
[6.359s][info][gc,cpu         ] GC(103) User=0.25s Sys=0.06s Real=0.06s
[6.372s][info][gc,start       ] GC(104) Pause Young (Allocation Failure)
[6.389s][info][gc,heap        ] GC(104) PSYoungGen: 23648K(99840K)->11904K(102400K) Eden: 11776K(11776K)->0K(12800K) From: 11872K(88064K)->11904K(89600K)
[6.389s][info][gc,heap        ] GC(104) ParOldGen: 949878K(1041408K)->961822K(1041408K)
[6.389s][info][gc,metaspace   ] GC(104) Metaspace: 6297K(6464K)->6297K(6464K) NonClass: 5764K(5824K)->5764K(5824K) Class: 533K(640K)->533K(640K)
[6.389s][info][gc             ] GC(104) Pause Young (Allocation Failure) 950M->950M(1117M) 16.893ms
[6.389s][info][gc,cpu         ] GC(104) User=0.02s Sys=0.00s Real=0.02s
[6.403s][info][gc,start       ] GC(105) Pause Young (Allocation Failure)
[6.420s][info][gc,heap        ] GC(105) PSYoungGen: 24704K(102400K)->12896K(102912K) Eden: 12800K(12800K)->0K(12800K) From: 11904K(89600K)->12896K(90112K)
[6.420s][info][gc,heap        ] GC(105) ParOldGen: 961822K(1041408K)->973766K(1041408K)
[6.420s][info][gc,metaspace   ] GC(105) Metaspace: 6297K(6464K)->6297K(6464K) NonClass: 5764K(5824K)->5764K(5824K) Class: 533K(640K)->533K(640K)
[6.420s][info][gc             ] GC(105) Pause Young (Allocation Failure) 963M->963M(1117M) 17.107ms
[6.420s][info][gc,cpu         ] GC(105) User=0.02s Sys=0.00s Real=0.02s
[6.434s][info][gc,start       ] GC(106) Pause Young (Allocation Failure)
[6.451s][info][gc,heap        ] GC(106) PSYoungGen: 25696K(102912K)->12864K(101888K) Eden: 12800K(12800K)->0K(14336K) From: 12896K(90112K)->12864K(87552K)
[6.451s][info][gc,heap        ] GC(106) ParOldGen: 973766K(1041408K)->986742K(1041408K)
[6.451s][info][gc,metaspace   ] GC(106) Metaspace: 6297K(6464K)->6297K(6464K) NonClass: 5764K(5824K)->5764K(5824K) Class: 533K(640K)->533K(640K)
[6.451s][info][gc             ] GC(106) Pause Young (Allocation Failure) 976M->976M(1116M) 16.727ms
[6.451s][info][gc,cpu         ] GC(106) User=0.02s Sys=0.00s Real=0.02s
[6.468s][info][gc,start       ] GC(107) Pause Young (Allocation Failure)
[6.487s][info][gc,heap        ] GC(107) PSYoungGen: 27200K(101888K)->14464K(102912K) Eden: 14336K(14336K)->0K(14336K) From: 12864K(87552K)->14464K(88576K)
[6.487s][info][gc,heap        ] GC(107) ParOldGen: 986742K(1041408K)->999726K(1041408K)
[6.487s][info][gc,metaspace   ] GC(107) Metaspace: 6297K(6464K)->6297K(6464K) NonClass: 5764K(5824K)->5764K(5824K) Class: 533K(640K)->533K(640K)
[6.487s][info][gc             ] GC(107) Pause Young (Allocation Failure) 990M->990M(1117M) 18.999ms
[6.487s][info][gc,cpu         ] GC(107) User=0.03s Sys=0.00s Real=0.02s
[6.503s][info][gc,start       ] GC(108) Pause Young (Allocation Failure)
[6.522s][info][gc,heap        ] GC(108) PSYoungGen: 28800K(102912K)->14432K(98816K) Eden: 14336K(14336K)->0K(16384K) From: 14464K(88576K)->14432K(82432K)
[6.522s][info][gc,heap        ] GC(108) ParOldGen: 999726K(1041408K)->1014270K(1041408K)
[6.522s][info][gc,metaspace   ] GC(108) Metaspace: 6297K(6464K)->6297K(6464K) NonClass: 5764K(5824K)->5764K(5824K) Class: 533K(640K)->533K(640K)
[6.522s][info][gc             ] GC(108) Pause Young (Allocation Failure) 1004M->1004M(1113M) 18.798ms
[6.522s][info][gc,cpu         ] GC(108) User=0.03s Sys=0.00s Real=0.02s
[6.522s][info][gc,start       ] GC(109) Pause Full (Ergonomics)
[6.522s][info][gc,phases,start] GC(109) Marking Phase
[6.804s][info][gc,phases      ] GC(109) Marking Phase 282.038ms
[6.804s][info][gc,phases,start] GC(109) Summary Phase
[6.804s][info][gc,phases      ] GC(109) Summary Phase 0.065ms
[6.804s][info][gc,phases,start] GC(109) Adjust Roots
[6.804s][info][gc,phases      ] GC(109) Adjust Roots 0.351ms
[6.804s][info][gc,phases,start] GC(109) Compaction Phase
[6.914s][info][gc,phases      ] GC(109) Compaction Phase 109.279ms
[6.914s][info][gc,phases,start] GC(109) Post Compact
[6.915s][info][gc,phases      ] GC(109) Post Compact 1.648ms
[6.916s][info][gc,heap        ] GC(109) PSYoungGen: 14432K(98816K)->0K(100864K) Eden: 0K(16384K)->0K(16384K) From: 14432K(82432K)->0K(84480K)
[6.916s][info][gc,heap        ] GC(109) ParOldGen: 1014270K(1041408K)->1027173K(1136640K)
[6.916s][info][gc,metaspace   ] GC(109) Metaspace: 6297K(6464K)->6297K(6464K) NonClass: 5764K(5824K)->5764K(5824K) Class: 533K(640K)->533K(640K)
[6.916s][info][gc             ] GC(109) Pause Full (Ergonomics) 1004M->1003M(1208M) 394.081ms
[6.916s][info][gc,cpu         ] GC(109) User=2.14s Sys=0.05s Real=0.39s
[6.935s][info][gc,start       ] GC(110) Pause Young (Allocation Failure)
[6.950s][info][gc,heap        ] GC(110) PSYoungGen: 16384K(100864K)->16512K(95744K) Eden: 16384K(16384K)->0K(17920K) From: 0K(84480K)->16512K(77824K)
[6.950s][info][gc,heap        ] GC(110) ParOldGen: 1027173K(1136640K)->1027173K(1136640K)
[6.950s][info][gc,metaspace   ] GC(110) Metaspace: 6297K(6464K)->6297K(6464K) NonClass: 5764K(5824K)->5764K(5824K) Class: 533K(640K)->533K(640K)
[6.950s][info][gc             ] GC(110) Pause Young (Allocation Failure) 1019M->1019M(1203M) 14.447ms
[6.950s][info][gc,cpu         ] GC(110) User=0.02s Sys=0.00s Real=0.02s
[6.970s][info][gc,start       ] GC(111) Pause Young (Allocation Failure)
[6.991s][info][gc,heap        ] GC(111) PSYoungGen: 34432K(95744K)->34400K(52736K) Eden: 17920K(17920K)->0K(17920K) From: 16512K(77824K)->34400K(34816K)
[6.991s][info][gc,heap        ] GC(111) ParOldGen: 1027173K(1136640K)->1027173K(1136640K)
[6.991s][info][gc,metaspace   ] GC(111) Metaspace: 6297K(6464K)->6297K(6464K) NonClass: 5764K(5824K)->5764K(5824K) Class: 533K(640K)->533K(640K)
[6.991s][info][gc             ] GC(111) Pause Young (Allocation Failure) 1036M->1036M(1161M) 21.375ms
[6.991s][info][gc,cpu         ] GC(111) User=0.11s Sys=0.02s Real=0.02s
[7.014s][info][gc,start       ] GC(112) Pause Young (Allocation Failure)
[7.044s][info][gc,heap        ] GC(112) PSYoungGen: 52320K(52736K)->52384K(94208K) Eden: 17920K(17920K)->0K(16384K) From: 34400K(34816K)->52384K(77824K)
[7.044s][info][gc,heap        ] GC(112) ParOldGen: 1027173K(1136640K)->1027173K(1136640K)
[7.044s][info][gc,metaspace   ] GC(112) Metaspace: 6297K(6464K)->6297K(6464K) NonClass: 5764K(5824K)->5764K(5824K) Class: 533K(640K)->533K(640K)
[7.044s][info][gc             ] GC(112) Pause Young (Allocation Failure) 1054M->1054M(1202M) 30.272ms
[7.044s][info][gc,cpu         ] GC(112) User=0.11s Sys=0.00s Real=0.03s
[7.063s][info][gc,start       ] GC(113) Pause Young (Allocation Failure)
[7.099s][info][gc,heap        ] GC(113) PSYoungGen: 68768K(94208K)->68736K(97792K) Eden: 16384K(16384K)->0K(16384K) From: 52384K(77824K)->68736K(81408K)
[7.099s][info][gc,heap        ] GC(113) ParOldGen: 1027173K(1136640K)->1027173K(1136640K)
[7.099s][info][gc,metaspace   ] GC(113) Metaspace: 6297K(6464K)->6297K(6464K) NonClass: 5764K(5824K)->5764K(5824K) Class: 533K(640K)->533K(640K)
[7.099s][info][gc             ] GC(113) Pause Young (Allocation Failure) 1070M->1070M(1205M) 35.834ms
[7.099s][info][gc,cpu         ] GC(113) User=0.20s Sys=0.00s Real=0.04s
[7.118s][info][gc,start       ] GC(114) Pause Young (Allocation Failure)
[7.163s][info][gc,heap        ] GC(114) PSYoungGen: 85120K(97792K)->68736K(101376K) Eden: 16384K(16384K)->0K(11264K) From: 68736K(81408K)->68736K(90112K)
[7.163s][info][gc,heap        ] GC(114) ParOldGen: 1027173K(1136640K)->1043789K(1136640K)
[7.163s][info][gc,metaspace   ] GC(114) Metaspace: 6297K(6464K)->6297K(6464K) NonClass: 5764K(5824K)->5764K(5824K) Class: 533K(640K)->533K(640K)
[7.163s][info][gc             ] GC(114) Pause Young (Allocation Failure) 1086M->1086M(1209M) 44.988ms
[7.163s][info][gc,cpu         ] GC(114) User=0.20s Sys=0.00s Real=0.05s
[7.177s][info][gc,start       ] GC(115) Pause Young (Allocation Failure)
[7.219s][info][gc,heap        ] GC(115) PSYoungGen: 80000K(101376K)->62080K(108544K) Eden: 11264K(11264K)->0K(11264K) From: 68736K(90112K)->62080K(97280K)
[7.219s][info][gc,heap        ] GC(115) ParOldGen: 1043789K(1136640K)->1061957K(1136640K)
[7.219s][info][gc,metaspace   ] GC(115) Metaspace: 6297K(6464K)->6297K(6464K) NonClass: 5764K(5824K)->5764K(5824K) Class: 533K(640K)->533K(640K)
[7.219s][info][gc             ] GC(115) Pause Young (Allocation Failure) 1097M->1097M(1216M) 42.355ms
[7.219s][info][gc,cpu         ] GC(115) User=0.22s Sys=0.00s Real=0.04s
[7.232s][info][gc,start       ] GC(116) Pause Young (Allocation Failure)
[7.271s][info][gc,heap        ] GC(116) PSYoungGen: 73344K(108544K)->39040K(101888K) Eden: 11264K(11264K)->0K(13312K) From: 62080K(97280K)->39040K(88576K)
[7.271s][info][gc,heap        ] GC(116) ParOldGen: 1061957K(1136640K)->1096717K(1136640K)
[7.271s][info][gc,metaspace   ] GC(116) Metaspace: 6297K(6464K)->6297K(6464K) NonClass: 5764K(5824K)->5764K(5824K) Class: 533K(640K)->533K(640K)
[7.271s][info][gc             ] GC(116) Pause Young (Allocation Failure) 1108M->1109M(1209M) 39.117ms
[7.271s][info][gc,cpu         ] GC(116) User=0.20s Sys=0.00s Real=0.04s
[7.285s][info][gc,start       ] GC(117) Pause Young (Allocation Failure)
[7.314s][info][gc,heap        ] GC(117) PSYoungGen: 52352K(101888K)->24640K(38400K) Eden: 13312K(13312K)->0K(13312K) From: 39040K(88576K)->24640K(25088K)
[7.314s][info][gc,heap        ] GC(117) ParOldGen: 1096717K(1136640K)->1124717K(1136640K)
[7.314s][info][gc,metaspace   ] GC(117) Metaspace: 6297K(6464K)->6297K(6464K) NonClass: 5764K(5824K)->5764K(5824K) Class: 533K(640K)->533K(640K)
[7.314s][info][gc             ] GC(117) Pause Young (Allocation Failure) 1122M->1122M(1147M) 28.790ms
[7.314s][info][gc,cpu         ] GC(117) User=0.08s Sys=0.03s Real=0.03s
[7.314s][info][gc,start       ] GC(118) Pause Full (Ergonomics)
[7.314s][info][gc,phases,start] GC(118) Marking Phase
[7.602s][info][gc,phases      ] GC(118) Marking Phase 287.768ms
[7.602s][info][gc,phases,start] GC(118) Summary Phase
[7.602s][info][gc,phases      ] GC(118) Summary Phase 0.025ms
[7.602s][info][gc,phases,start] GC(118) Adjust Roots
[7.602s][info][gc,phases      ] GC(118) Adjust Roots 0.187ms
[7.602s][info][gc,phases,start] GC(118) Compaction Phase
[7.700s][info][gc,phases      ] GC(118) Compaction Phase 97.353ms
[7.700s][info][gc,phases,start] GC(118) Post Compact
[7.702s][info][gc,phases      ] GC(118) Post Compact 1.911ms
[7.702s][info][gc,heap        ] GC(118) PSYoungGen: 24640K(38400K)->11227K(38400K) Eden: 0K(13312K)->0K(13312K) From: 24640K(25088K)->11227K(25088K)
[7.702s][info][gc,heap        ] GC(118) ParOldGen: 1124717K(1136640K)->1136531K(1260544K)
[7.702s][info][gc,metaspace   ] GC(118) Metaspace: 6297K(6464K)->6297K(6464K) NonClass: 5764K(5824K)->5764K(5824K) Class: 533K(640K)->533K(640K)
[7.702s][info][gc             ] GC(118) Pause Full (Ergonomics) 1122M->1120M(1268M) 388.031ms
[7.702s][info][gc,cpu         ] GC(118) User=2.30s Sys=0.03s Real=0.39s
[7.720s][info][gc,start       ] GC(119) Pause Young (Allocation Failure)
[7.785s][info][gc,heap        ] GC(119) PSYoungGen: 24539K(38400K)->13408K(105984K) Eden: 13312K(13312K)->0K(15360K) From: 11227K(25088K)->13408K(90624K)
[7.785s][info][gc,heap        ] GC(119) ParOldGen: 1136531K(1260544K)->1147955K(1260544K)
[7.785s][info][gc,metaspace   ] GC(119) Metaspace: 6297K(6464K)->6297K(6464K) NonClass: 5764K(5824K)->5764K(5824K) Class: 533K(640K)->533K(640K)
[7.785s][info][gc             ] GC(119) Pause Young (Allocation Failure) 1133M->1134M(1334M) 65.009ms
[7.785s][info][gc,cpu         ] GC(119) User=0.33s Sys=0.02s Real=0.06s
[7.803s][info][gc,start       ] GC(120) Pause Young (Allocation Failure)
[7.822s][info][gc,heap        ] GC(120) PSYoungGen: 28768K(105984K)->15456K(106496K) Eden: 15360K(15360K)->0K(15360K) From: 13408K(90624K)->15456K(91136K)
[7.823s][info][gc,heap        ] GC(120) ParOldGen: 1147955K(1260544K)->1161451K(1260544K)
[7.823s][info][gc,metaspace   ] GC(120) Metaspace: 6297K(6464K)->6297K(6464K) NonClass: 5764K(5824K)->5764K(5824K) Class: 533K(640K)->533K(640K)
[7.823s][info][gc             ] GC(120) Pause Young (Allocation Failure) 1149M->1149M(1335M) 19.783ms
[7.823s][info][gc,cpu         ] GC(120) User=0.11s Sys=0.00s Real=0.02s
[7.840s][info][gc,start       ] GC(121) Pause Young (Allocation Failure)
[7.861s][info][gc,heap        ] GC(121) PSYoungGen: 30816K(106496K)->15488K(102400K) Eden: 15360K(15360K)->0K(17408K) From: 15456K(91136K)->15488K(84992K)
[7.861s][info][gc,heap        ] GC(121) ParOldGen: 1161451K(1260544K)->1177035K(1260544K)
[7.861s][info][gc,metaspace   ] GC(121) Metaspace: 6297K(6464K)->6297K(6464K) NonClass: 5764K(5824K)->5764K(5824K) Class: 533K(640K)->533K(640K)
[7.861s][info][gc             ] GC(121) Pause Young (Allocation Failure) 1164M->1164M(1331M) 20.505ms
[7.861s][info][gc,cpu         ] GC(121) User=0.11s Sys=0.00s Real=0.02s
[7.882s][info][gc,start       ] GC(122) Pause Young (Allocation Failure)
[7.904s][info][gc,heap        ] GC(122) PSYoungGen: 32896K(102400K)->17504K(35328K) Eden: 17408K(17408K)->0K(17408K) From: 15488K(84992K)->17504K(17920K)
[7.904s][info][gc,heap        ] GC(122) ParOldGen: 1177035K(1260544K)->1192619K(1260544K)
[7.904s][info][gc,metaspace   ] GC(122) Metaspace: 6297K(6464K)->6297K(6464K) NonClass: 5764K(5824K)->5764K(5824K) Class: 533K(640K)->533K(640K)
[7.904s][info][gc             ] GC(122) Pause Young (Allocation Failure) 1181M->1181M(1265M) 21.891ms
[7.904s][info][gc,cpu         ] GC(122) User=0.11s Sys=0.00s Real=0.02s
[7.925s][info][gc,start       ] GC(123) Pause Young (Allocation Failure)
[7.947s][info][gc,heap        ] GC(123) PSYoungGen: 34912K(35328K)->17568K(97792K) Eden: 17408K(17408K)->0K(19456K) From: 17504K(17920K)->17568K(78336K)
[7.947s][info][gc,heap        ] GC(123) ParOldGen: 1192619K(1260544K)->1210283K(1260544K)
[7.947s][info][gc,metaspace   ] GC(123) Metaspace: 6297K(6464K)->6297K(6464K) NonClass: 5764K(5824K)->5764K(5824K) Class: 533K(640K)->533K(640K)
[7.947s][info][gc             ] GC(123) Pause Young (Allocation Failure) 1198M->1199M(1326M) 22.809ms
[7.947s][info][gc,cpu         ] GC(123) User=0.12s Sys=0.00s Real=0.02s
[7.970s][info][gc,start       ] GC(124) Pause Young (Allocation Failure)
[7.994s][info][gc,heap        ] GC(124) PSYoungGen: 37024K(97792K)->19584K(39424K) Eden: 19456K(19456K)->0K(19456K) From: 17568K(78336K)->19584K(19968K)
[7.994s][info][gc,heap        ] GC(124) ParOldGen: 1210283K(1260544K)->1227947K(1260544K)
[7.994s][info][gc,metaspace   ] GC(124) Metaspace: 6297K(6464K)->6297K(6464K) NonClass: 5764K(5824K)->5764K(5824K) Class: 533K(640K)->533K(640K)
[7.994s][info][gc             ] GC(124) Pause Young (Allocation Failure) 1218M->1218M(1269M) 23.867ms
[7.994s][info][gc,cpu         ] GC(124) User=0.09s Sys=0.02s Real=0.02s
[8.017s][info][gc,start       ] GC(125) Pause Young (Allocation Failure)
[8.042s][info][gc,heap        ] GC(125) PSYoungGen: 39040K(39424K)->19552K(93696K) Eden: 19456K(19456K)->0K(22016K) From: 19584K(19968K)->19552K(71680K)
[8.042s][info][gc,heap        ] GC(125) ParOldGen: 1227947K(1260544K)->1247683K(1260544K)
[8.042s][info][gc,metaspace   ] GC(125) Metaspace: 6297K(6464K)->6297K(6464K) NonClass: 5764K(5824K)->5764K(5824K) Class: 533K(640K)->533K(640K)
[8.043s][info][gc             ] GC(125) Pause Young (Allocation Failure) 1237M->1237M(1322M) 25.208ms
[8.043s][info][gc,cpu         ] GC(125) User=0.06s Sys=0.05s Real=0.03s
[8.043s][info][gc,start       ] GC(126) Pause Full (Ergonomics)
[8.043s][info][gc,phases,start] GC(126) Marking Phase
[8.352s][info][gc,phases      ] GC(126) Marking Phase 309.490ms
[8.352s][info][gc,phases,start] GC(126) Summary Phase
[8.352s][info][gc,phases      ] GC(126) Summary Phase 0.036ms
[8.352s][info][gc,phases,start] GC(126) Adjust Roots
[8.352s][info][gc,phases      ] GC(126) Adjust Roots 0.264ms
[8.352s][info][gc,phases,start] GC(126) Compaction Phase
[8.467s][info][gc,phases      ] GC(126) Compaction Phase 114.797ms
[8.467s][info][gc,phases,start] GC(126) Post Compact
[8.470s][info][gc,phases      ] GC(126) Post Compact 2.340ms
[8.470s][info][gc,heap        ] GC(126) PSYoungGen: 19552K(93696K)->5120K(96256K) Eden: 0K(22016K)->0K(24576K) From: 19552K(71680K)->5120K(71680K)
[8.470s][info][gc,heap        ] GC(126) ParOldGen: 1247683K(1260544K)->1260175K(1384448K)
[8.470s][info][gc,metaspace   ] GC(126) Metaspace: 6297K(6464K)->6297K(6464K) NonClass: 5764K(5824K)->5764K(5824K) Class: 533K(640K)->533K(640K)
[8.470s][info][gc             ] GC(126) Pause Full (Ergonomics) 1237M->1235M(1446M) 427.795ms
[8.470s][info][gc,cpu         ] GC(126) User=2.75s Sys=0.02s Real=0.43s
[8.504s][info][gc,start       ] GC(127) Pause Young (Allocation Failure)
[8.583s][info][gc,heap        ] GC(127) PSYoungGen: 29696K(96256K)->24736K(49664K) Eden: 24576K(24576K)->0K(24576K) From: 5120K(71680K)->24736K(25088K)
[8.583s][info][gc,heap        ] GC(127) ParOldGen: 1260175K(1384448K)->1265399K(1384448K)
[8.583s][info][gc,metaspace   ] GC(127) Metaspace: 6297K(6464K)->6297K(6464K) NonClass: 5764K(5824K)->5764K(5824K) Class: 533K(640K)->533K(640K)
[8.583s][info][gc             ] GC(127) Pause Young (Allocation Failure) 1259M->1259M(1400M) 79.088ms
[8.583s][info][gc,cpu         ] GC(127) User=0.38s Sys=0.00s Real=0.08s
[8.610s][info][gc,start       ] GC(128) Pause Young (Allocation Failure)
[8.637s][info][gc,heap        ] GC(128) PSYoungGen: 49312K(49664K)->42880K(96256K) Eden: 24576K(24576K)->0K(25600K) From: 24736K(25088K)->42880K(70656K)
[8.637s][info][gc,heap        ] GC(128) ParOldGen: 1265399K(1384448K)->1265399K(1384448K)
[8.637s][info][gc,metaspace   ] GC(128) Metaspace: 6297K(6464K)->6297K(6464K) NonClass: 5764K(5824K)->5764K(5824K) Class: 533K(640K)->533K(640K)
[8.637s][info][gc             ] GC(128) Pause Young (Allocation Failure) 1283M->1277M(1446M) 27.040ms
[8.637s][info][gc,cpu         ] GC(128) User=0.12s Sys=0.00s Real=0.03s
[8.658s][info][gc,start       ] GC(129) Pause Young (Allocation Failure)
[8.691s][info][gc,heap        ] GC(129) PSYoungGen: 68480K(96256K)->56544K(97792K) Eden: 25600K(25600K)->0K(25600K) From: 42880K(70656K)->56544K(72192K)
[8.691s][info][gc,heap        ] GC(129) ParOldGen: 1265399K(1384448K)->1265399K(1384448K)
[8.691s][info][gc,metaspace   ] GC(129) Metaspace: 6297K(6464K)->6297K(6464K) NonClass: 5764K(5824K)->5764K(5824K) Class: 533K(640K)->533K(640K)
[8.691s][info][gc             ] GC(129) Pause Young (Allocation Failure) 1302M->1290M(1447M) 32.807ms
[8.691s][info][gc,cpu         ] GC(129) User=0.12s Sys=0.00s Real=0.03s
[8.723s][info][gc,start       ] GC(130) Pause Young (Allocation Failure)
[8.769s][info][gc,heap        ] GC(130) PSYoungGen: 82144K(97792K)->77824K(92160K) Eden: 25600K(25600K)->0K(14336K) From: 56544K(72192K)->77824K(77824K)
[8.769s][info][gc,heap        ] GC(130) ParOldGen: 1265399K(1384448K)->1269735K(1384448K)
[8.769s][info][gc,metaspace   ] GC(130) Metaspace: 6297K(6464K)->6297K(6464K) NonClass: 5764K(5824K)->5764K(5824K) Class: 533K(640K)->533K(640K)
[8.769s][info][gc             ] GC(130) Pause Young (Allocation Failure) 1315M->1315M(1442M) 45.556ms
[8.769s][info][gc,cpu         ] GC(130) User=0.22s Sys=0.00s Real=0.04s
[8.786s][info][gc,start       ] GC(131) Pause Young (Allocation Failure)
[8.833s][info][gc,heap        ] GC(131) PSYoungGen: 92160K(92160K)->51488K(105984K) Eden: 14336K(14336K)->0K(14336K) From: 77824K(77824K)->51488K(91648K)
[8.833s][info][gc,heap        ] GC(131) ParOldGen: 1269735K(1384448K)->1311071K(1384448K)
[8.833s][info][gc,metaspace   ] GC(131) Metaspace: 6297K(6464K)->6297K(6464K) NonClass: 5764K(5824K)->5764K(5824K) Class: 533K(640K)->533K(640K)
[8.833s][info][gc             ] GC(131) Pause Young (Allocation Failure) 1329M->1330M(1455M) 47.287ms
[8.833s][info][gc,cpu         ] GC(131) User=0.14s Sys=0.09s Real=0.05s
[8.851s][info][gc,start       ] GC(132) Pause Young (Allocation Failure)
[8.886s][info][gc,heap        ] GC(132) PSYoungGen: 65824K(105984K)->52992K(108032K) Eden: 14336K(14336K)->0K(16384K) From: 51488K(91648K)->52992K(91648K)
[8.886s][info][gc,heap        ] GC(132) ParOldGen: 1311071K(1384448K)->1324095K(1384448K)
[8.886s][info][gc,metaspace   ] GC(132) Metaspace: 6297K(6464K)->6297K(6464K) NonClass: 5764K(5824K)->5764K(5824K) Class: 533K(640K)->533K(640K)
[8.886s][info][gc             ] GC(132) Pause Young (Allocation Failure) 1344M->1344M(1457M) 34.976ms
[8.886s][info][gc,cpu         ] GC(132) User=0.12s Sys=0.00s Real=0.03s
[8.906s][info][gc,start       ] GC(133) Pause Young (Allocation Failure)
[8.944s][info][gc,heap        ] GC(133) PSYoungGen: 69376K(108032K)->45184K(61952K) Eden: 16384K(16384K)->0K(16384K) From: 52992K(91648K)->45184K(45568K)
[8.944s][info][gc,heap        ] GC(133) ParOldGen: 1324095K(1384448K)->1348639K(1384448K)
[8.944s][info][gc,metaspace   ] GC(133) Metaspace: 6297K(6464K)->6297K(6464K) NonClass: 5764K(5824K)->5764K(5824K) Class: 533K(640K)->533K(640K)
[8.944s][info][gc             ] GC(133) Pause Young (Allocation Failure) 1360M->1361M(1412M) 37.732ms
[8.944s][info][gc,cpu         ] GC(133) User=0.22s Sys=0.02s Real=0.04s
[8.944s][info][gc,start       ] GC(134) Pause Full (Ergonomics)
[8.944s][info][gc,phases,start] GC(134) Marking Phase
[9.284s][info][gc,phases      ] GC(134) Marking Phase 339.548ms
[9.284s][info][gc,phases,start] GC(134) Summary Phase
[9.284s][info][gc,phases      ] GC(134) Summary Phase 0.036ms
[9.284s][info][gc,phases,start] GC(134) Adjust Roots
[9.284s][info][gc,phases      ] GC(134) Adjust Roots 0.328ms
[9.284s][info][gc,phases,start] GC(134) Compaction Phase
[9.656s][info][gc,phases      ] GC(134) Compaction Phase 371.801ms
[9.656s][info][gc,phases,start] GC(134) Post Compact
[9.659s][info][gc,phases      ] GC(134) Post Compact 2.790ms
[9.660s][info][gc,heap        ] GC(134) PSYoungGen: 45184K(61952K)->8176K(61952K) Eden: 0K(16384K)->0K(16384K) From: 45184K(45568K)->8176K(45568K)
[9.660s][info][gc,heap        ] GC(134) ParOldGen: 1348639K(1384448K)->1383997K(1525248K)
[9.660s][info][gc,metaspace   ] GC(134) Metaspace: 6297K(6464K)->6297K(6464K) NonClass: 5764K(5824K)->5764K(5824K) Class: 533K(640K)->533K(640K)
[9.660s][info][gc             ] GC(134) Pause Full (Ergonomics) 1361M->1359M(1550M) 715.393ms
[9.660s][info][gc,cpu         ] GC(134) User=4.56s Sys=0.03s Real=0.72s
[9.683s][info][gc,start       ] GC(135) Pause Young (Allocation Failure)
[9.761s][info][gc,heap        ] GC(135) PSYoungGen: 24560K(61952K)->19840K(104448K) Eden: 16384K(16384K)->0K(18432K) From: 8176K(45568K)->19840K(86016K)
[9.761s][info][gc,heap        ] GC(135) ParOldGen: 1383997K(1525248K)->1388925K(1525248K)
[9.761s][info][gc,metaspace   ] GC(135) Metaspace: 6297K(6464K)->6297K(6464K) NonClass: 5764K(5824K)->5764K(5824K) Class: 533K(640K)->533K(640K)
[9.761s][info][gc             ] GC(135) Pause Young (Allocation Failure) 1375M->1375M(1591M) 78.534ms
[9.761s][info][gc,cpu         ] GC(135) User=0.38s Sys=0.00s Real=0.08s
[10.119s][info][gc,start       ] GC(136) Pause Young (Allocation Failure)
[10.176s][info][gc,heap        ] GC(136) PSYoungGen: 38272K(104448K)->38304K(56832K) Eden: 18432K(18432K)->0K(18432K) From: 19840K(86016K)->38304K(38400K)
[10.176s][info][gc,heap        ] GC(136) ParOldGen: 1454462K(1525248K)->1454462K(1525248K)
[10.176s][info][gc,metaspace   ] GC(136) Metaspace: 6297K(6464K)->6297K(6464K) NonClass: 5764K(5824K)->5764K(5824K) Class: 533K(640K)->533K(640K)
[10.176s][info][gc             ] GC(136) Pause Young (Allocation Failure) 1457M->1457M(1545M) 56.460ms
[10.176s][info][gc,cpu         ] GC(136) User=0.27s Sys=0.00s Real=0.06s
[10.194s][info][gc,start       ] GC(137) Pause Young (Allocation Failure)
[10.227s][info][gc,heap        ] GC(137) PSYoungGen: 56736K(56832K)->56736K(100352K) Eden: 18432K(18432K)->0K(17920K) From: 38304K(38400K)->56736K(82432K)
[10.227s][info][gc,heap        ] GC(137) ParOldGen: 1454462K(1525248K)->1454462K(1525248K)
[10.227s][info][gc,metaspace   ] GC(137) Metaspace: 6297K(6464K)->6297K(6464K) NonClass: 5764K(5824K)->5764K(5824K) Class: 533K(640K)->533K(640K)
[10.227s][info][gc             ] GC(137) Pause Young (Allocation Failure) 1475M->1475M(1587M) 33.598ms
[10.227s][info][gc,cpu         ] GC(137) User=0.11s Sys=0.00s Real=0.03s
[10.244s][info][gc,start       ] GC(138) Pause Young (Allocation Failure)
[10.282s][info][gc,heap        ] GC(138) PSYoungGen: 74656K(100352K)->74688K(102912K) Eden: 17920K(17920K)->0K(17920K) From: 56736K(82432K)->74688K(84992K)
[10.282s][info][gc,heap        ] GC(138) ParOldGen: 1454462K(1525248K)->1454462K(1525248K)
[10.282s][info][gc,metaspace   ] GC(138) Metaspace: 6297K(6464K)->6297K(6464K) NonClass: 5764K(5824K)->5764K(5824K) Class: 533K(640K)->533K(640K)
[10.282s][info][gc             ] GC(138) Pause Young (Allocation Failure) 1493M->1493M(1590M) 38.034ms
[10.282s][info][gc,cpu         ] GC(138) User=0.22s Sys=0.00s Real=0.04s
[10.299s][info][gc,start       ] GC(139) Pause Young (Allocation Failure)
[10.344s][info][gc,heap        ] GC(139) PSYoungGen: 92608K(102912K)->89280K(101376K) Eden: 17920K(17920K)->0K(8192K) From: 74688K(84992K)->89280K(93184K)
[10.344s][info][gc,heap        ] GC(139) ParOldGen: 1454462K(1525248K)->1457878K(1525248K)
[10.344s][info][gc,metaspace   ] GC(139) Metaspace: 6297K(6464K)->6297K(6464K) NonClass: 5764K(5824K)->5764K(5824K) Class: 533K(640K)->533K(640K)
[10.344s][info][gc             ] GC(139) Pause Young (Allocation Failure) 1510M->1510M(1588M) 45.692ms
[10.344s][info][gc,cpu         ] GC(139) User=0.23s Sys=0.00s Real=0.05s
[10.352s][info][gc,start       ] GC(140) Pause Young (Allocation Failure)
[10.400s][info][gc,heap        ] GC(140) PSYoungGen: 97472K(101376K)->81056K(113152K) Eden: 8192K(8192K)->0K(8192K) From: 89280K(93184K)->81056K(104960K)
[10.400s][info][gc,heap        ] GC(140) ParOldGen: 1457878K(1525248K)->1474486K(1525248K)
[10.400s][info][gc,metaspace   ] GC(140) Metaspace: 6297K(6464K)->6297K(6464K) NonClass: 5764K(5824K)->5764K(5824K) Class: 533K(640K)->533K(640K)
[10.400s][info][gc             ] GC(140) Pause Young (Allocation Failure) 1518M->1519M(1600M) 47.534ms
[10.400s][info][gc,cpu         ] GC(140) User=0.23s Sys=0.00s Real=0.05s
[10.407s][info][gc,start       ] GC(141) Pause Young (Allocation Failure)
[10.452s][info][gc,heap        ] GC(141) PSYoungGen: 89248K(113152K)->52320K(110080K) Eden: 8192K(8192K)->0K(9728K) From: 81056K(104960K)->52320K(100352K)
[10.452s][info][gc,heap        ] GC(141) ParOldGen: 1474486K(1525248K)->1511814K(1525248K)
[10.452s][info][gc,metaspace   ] GC(141) Metaspace: 6297K(6464K)->6297K(6464K) NonClass: 5764K(5824K)->5764K(5824K) Class: 533K(640K)->533K(640K)
[10.452s][info][gc             ] GC(141) Pause Young (Allocation Failure) 1527M->1527M(1597M) 44.906ms
[10.452s][info][gc,cpu         ] GC(141) User=0.23s Sys=0.00s Real=0.04s
[10.452s][info][gc,start       ] GC(142) Pause Full (Ergonomics)
[10.452s][info][gc,phases,start] GC(142) Marking Phase
[10.811s][info][gc,phases      ] GC(142) Marking Phase 359.116ms
[10.811s][info][gc,phases,start] GC(142) Summary Phase
[10.811s][info][gc,phases      ] GC(142) Summary Phase 0.037ms
[10.812s][info][gc,phases,start] GC(142) Adjust Roots
[10.812s][info][gc,phases      ] GC(142) Adjust Roots 0.198ms
[10.812s][info][gc,phases,start] GC(142) Compaction Phase
[11.060s][info][gc,phases      ] GC(142) Compaction Phase 248.576ms
[11.060s][info][gc,phases,start] GC(142) Post Compact
[11.064s][info][gc,phases      ] GC(142) Post Compact 3.096ms
[11.064s][info][gc,heap        ] GC(142) PSYoungGen: 52320K(110080K)->5103K(111616K) Eden: 0K(9728K)->0K(11264K) From: 52320K(100352K)->5103K(100352K)
[11.064s][info][gc,heap        ] GC(142) ParOldGen: 1511814K(1525248K)->1525091K(1680384K)
[11.064s][info][gc,metaspace   ] GC(142) Metaspace: 6297K(6464K)->6297K(6464K) NonClass: 5764K(5824K)->5764K(5824K) Class: 533K(640K)->533K(640K)
[11.064s][info][gc             ] GC(142) Pause Full (Ergonomics) 1527M->1494M(1750M) 611.922ms
[11.064s][info][gc,cpu         ] GC(142) User=3.72s Sys=0.05s Real=0.61s
[11.077s][info][gc,start       ] GC(143) Pause Young (Allocation Failure)
[11.156s][info][gc,heap        ] GC(143) PSYoungGen: 16367K(111616K)->16480K(117248K) Eden: 11264K(11264K)->0K(11264K) From: 5103K(100352K)->16480K(105984K)
[11.156s][info][gc,heap        ] GC(143) ParOldGen: 1525091K(1680384K)->1525139K(1680384K)
[11.156s][info][gc,metaspace   ] GC(143) Metaspace: 6297K(6464K)->6297K(6464K) NonClass: 5764K(5824K)->5764K(5824K) Class: 533K(640K)->533K(640K)
[11.156s][info][gc             ] GC(143) Pause Young (Allocation Failure) 1505M->1505M(1755M) 78.854ms
[11.156s][info][gc,cpu         ] GC(143) User=0.39s Sys=0.00s Real=0.08s
[11.168s][info][gc,start       ] GC(144) Pause Young (Allocation Failure)
[11.191s][info][gc,heap        ] GC(144) PSYoungGen: 27744K(117248K)->22656K(116224K) Eden: 11264K(11264K)->0K(12800K) From: 16480K(105984K)->22656K(103424K)
[11.191s][info][gc,heap        ] GC(144) ParOldGen: 1525139K(1680384K)->1530267K(1680384K)
[11.191s][info][gc,metaspace   ] GC(144) Metaspace: 6297K(6464K)->6297K(6464K) NonClass: 5764K(5824K)->5764K(5824K) Class: 533K(640K)->533K(640K)
[11.191s][info][gc             ] GC(144) Pause Young (Allocation Failure) 1516M->1516M(1754M) 23.432ms
[11.191s][info][gc,cpu         ] GC(144) User=0.03s Sys=0.00s Real=0.02s
[11.205s][info][gc,start       ] GC(145) Pause Young (Allocation Failure)
[11.227s][info][gc,heap        ] GC(145) PSYoungGen: 35456K(116224K)->35456K(48640K) Eden: 12800K(12800K)->0K(12800K) From: 22656K(103424K)->35456K(35840K)
[11.227s][info][gc,heap        ] GC(145) ParOldGen: 1530267K(1680384K)->1530339K(1680384K)
[11.227s][info][gc,metaspace   ] GC(145) Metaspace: 6297K(6464K)->6297K(6464K) NonClass: 5764K(5824K)->5764K(5824K) Class: 533K(640K)->533K(640K)
[11.227s][info][gc             ] GC(145) Pause Young (Allocation Failure) 1529M->1529M(1688M) 21.912ms
[11.227s][info][gc,cpu         ] GC(145) User=0.12s Sys=0.00s Real=0.02s
[11.240s][info][gc,start       ] GC(146) Pause Young (Allocation Failure)
[11.268s][info][gc,heap        ] GC(146) PSYoungGen: 48256K(48640K)->25664K(111104K) Eden: 12800K(12800K)->0K(14848K) From: 35456K(35840K)->25664K(96256K)
[11.268s][info][gc,heap        ] GC(146) ParOldGen: 1530339K(1680384K)->1553155K(1680384K)
[11.268s][info][gc,metaspace   ] GC(146) Metaspace: 6297K(6464K)->6297K(6464K) NonClass: 5764K(5824K)->5764K(5824K) Class: 533K(640K)->533K(640K)
[11.268s][info][gc             ] GC(146) Pause Young (Allocation Failure) 1541M->1541M(1749M) 28.047ms
[11.268s][info][gc,cpu         ] GC(146) User=0.11s Sys=0.00s Real=0.03s
[11.284s][info][gc,start       ] GC(147) Pause Young (Allocation Failure)
[11.314s][info][gc,heap        ] GC(147) PSYoungGen: 40512K(111104K)->14944K(113152K) Eden: 14848K(14848K)->0K(14848K) From: 25664K(96256K)->14944K(98304K)
[11.314s][info][gc,heap        ] GC(147) ParOldGen: 1553155K(1680384K)->1579115K(1680384K)
[11.314s][info][gc,metaspace   ] GC(147) Metaspace: 6297K(6464K)->6297K(6464K) NonClass: 5764K(5824K)->5764K(5824K) Class: 533K(640K)->533K(640K)
[11.314s][info][gc             ] GC(147) Pause Young (Allocation Failure) 1556M->1556M(1751M) 30.961ms
[11.315s][info][gc,cpu         ] GC(147) User=0.11s Sys=0.02s Real=0.03s
[11.329s][info][gc,start       ] GC(148) Pause Young (Allocation Failure)
[11.357s][info][gc,heap        ] GC(148) PSYoungGen: 29792K(113152K)->14944K(111616K) Eden: 14848K(14848K)->0K(16896K) From: 14944K(98304K)->14944K(94720K)
[11.357s][info][gc,heap        ] GC(148) ParOldGen: 1579115K(1680384K)->1594203K(1680384K)
[11.357s][info][gc,metaspace   ] GC(148) Metaspace: 6297K(6464K)->6297K(6464K) NonClass: 5764K(5824K)->5764K(5824K) Class: 533K(640K)->533K(640K)
[11.357s][info][gc             ] GC(148) Pause Young (Allocation Failure) 1571M->1571M(1750M) 27.856ms
[11.357s][info][gc,cpu         ] GC(148) User=0.05s Sys=0.08s Real=0.03s
[11.374s][info][gc,start       ] GC(149) Pause Young (Allocation Failure)
[11.402s][info][gc,heap        ] GC(149) PSYoungGen: 31840K(111616K)->16992K(113152K) Eden: 16896K(16896K)->0K(16896K) From: 14944K(94720K)->16992K(96256K)
[11.402s][info][gc,heap        ] GC(149) ParOldGen: 1594203K(1680384K)->1609283K(1680384K)
[11.402s][info][gc,metaspace   ] GC(149) Metaspace: 6297K(6464K)->6297K(6464K) NonClass: 5764K(5824K)->5764K(5824K) Class: 533K(640K)->533K(640K)
[11.402s][info][gc             ] GC(149) Pause Young (Allocation Failure) 1587M->1588M(1751M) 28.212ms
[11.402s][info][gc,cpu         ] GC(149) User=0.03s Sys=0.02s Real=0.03s
[11.419s][info][gc,start       ] GC(150) Pause Young (Allocation Failure)
[11.448s][info][gc,heap        ] GC(150) PSYoungGen: 33888K(113152K)->16992K(108032K) Eden: 16896K(16896K)->0K(19456K) From: 16992K(96256K)->16992K(88576K)
[11.448s][info][gc,heap        ] GC(150) ParOldGen: 1609283K(1680384K)->1626427K(1680384K)
[11.448s][info][gc,metaspace   ] GC(150) Metaspace: 6297K(6464K)->6297K(6464K) NonClass: 5764K(5824K)->5764K(5824K) Class: 533K(640K)->533K(640K)
[11.448s][info][gc             ] GC(150) Pause Young (Allocation Failure) 1604M->1604M(1746M) 29.791ms
[11.448s][info][gc,cpu         ] GC(150) User=0.03s Sys=0.00s Real=0.03s
[11.468s][info][gc,start       ] GC(151) Pause Young (Allocation Failure)
[11.497s][info][gc,heap        ] GC(151) PSYoungGen: 36448K(108032K)->19584K(39424K) Eden: 19456K(19456K)->0K(19456K) From: 16992K(88576K)->19584K(19968K)
[11.497s][info][gc,heap        ] GC(151) ParOldGen: 1626427K(1680384K)->1643579K(1680384K)
[11.497s][info][gc,metaspace   ] GC(151) Metaspace: 6297K(6464K)->6297K(6464K) NonClass: 5764K(5824K)->5764K(5824K) Class: 533K(640K)->533K(640K)
[11.497s][info][gc             ] GC(151) Pause Young (Allocation Failure) 1623M->1624M(1679M) 29.252ms
[11.497s][info][gc,cpu         ] GC(151) User=0.05s Sys=0.02s Real=0.03s
[11.517s][info][gc,start       ] GC(152) Pause Young (Allocation Failure)
[11.549s][info][gc,heap        ] GC(152) PSYoungGen: 39040K(39424K)->19584K(102400K) Eden: 19456K(19456K)->0K(22016K) From: 19584K(19968K)->19584K(80384K)
[11.549s][info][gc,heap        ] GC(152) ParOldGen: 1643579K(1680384K)->1663339K(1680384K)
[11.549s][info][gc,metaspace   ] GC(152) Metaspace: 6297K(6464K)->6297K(6464K) NonClass: 5764K(5824K)->5764K(5824K) Class: 533K(640K)->533K(640K)
[11.549s][info][gc             ] GC(152) Pause Young (Allocation Failure) 1643M->1643M(1741M) 32.314ms
[11.549s][info][gc,cpu         ] GC(152) User=0.05s Sys=0.08s Real=0.03s
[11.549s][info][gc,start       ] GC(153) Pause Full (Ergonomics)
[11.549s][info][gc,phases,start] GC(153) Marking Phase
[11.941s][info][gc,phases      ] GC(153) Marking Phase 391.968ms
[11.941s][info][gc,phases,start] GC(153) Summary Phase
[11.941s][info][gc,phases      ] GC(153) Summary Phase 0.029ms
[11.941s][info][gc,phases,start] GC(153) Adjust Roots
[11.941s][info][gc,phases      ] GC(153) Adjust Roots 0.196ms
[11.942s][info][gc,phases,start] GC(153) Compaction Phase
[12.123s][info][gc,phases      ] GC(153) Compaction Phase 181.426ms
[12.123s][info][gc,phases,start] GC(153) Post Compact
[12.126s][info][gc,phases      ] GC(153) Post Compact 2.922ms
[12.126s][info][gc,heap        ] GC(153) PSYoungGen: 19584K(102400K)->41K(105472K) Eden: 0K(22016K)->0K(25088K) From: 19584K(80384K)->41K(80384K)
[12.126s][info][gc,heap        ] GC(153) ParOldGen: 1663339K(1680384K)->1680363K(1707008K)
[12.126s][info][gc,metaspace   ] GC(153) Metaspace: 6297K(6464K)->6297K(6464K) NonClass: 5764K(5824K)->5764K(5824K) Class: 533K(640K)->533K(640K)
[12.126s][info][gc             ] GC(153) Pause Full (Ergonomics) 1643M->1641M(1770M) 577.092ms
[12.126s][info][gc,cpu         ] GC(153) User=3.44s Sys=0.08s Real=0.58s
[12.153s][info][gc,start       ] GC(154) Pause Young (Allocation Failure)
[12.243s][info][gc,heap        ] GC(154) PSYoungGen: 25129K(105472K)->25248K(50688K) Eden: 25088K(25088K)->0K(25088K) From: 41K(80384K)->25248K(25600K)
[12.243s][info][gc,heap        ] GC(154) ParOldGen: 1680363K(1707008K)->1680435K(1707008K)
[12.243s][info][gc,metaspace   ] GC(154) Metaspace: 6297K(6464K)->6297K(6464K) NonClass: 5764K(5824K)->5764K(5824K) Class: 533K(640K)->533K(640K)
[12.243s][info][gc             ] GC(154) Pause Young (Allocation Failure) 1665M->1665M(1716M) 90.046ms
[12.243s][info][gc,cpu         ] GC(154) User=0.47s Sys=0.00s Real=0.09s
[12.243s][info][gc,start       ] GC(155) Pause Full (Ergonomics)
[12.243s][info][gc,phases,start] GC(155) Marking Phase
[12.645s][info][gc,phases      ] GC(155) Marking Phase 401.699ms
[12.645s][info][gc,phases,start] GC(155) Summary Phase
[12.645s][info][gc,phases      ] GC(155) Summary Phase 0.037ms
[12.645s][info][gc,phases,start] GC(155) Adjust Roots
[12.645s][info][gc,phases      ] GC(155) Adjust Roots 0.195ms
[12.645s][info][gc,phases,start] GC(155) Compaction Phase
[12.781s][info][gc,phases      ] GC(155) Compaction Phase 135.696ms
[12.781s][info][gc,phases,start] GC(155) Post Compact
[12.784s][info][gc,phases      ] GC(155) Post Compact 3.180ms
[12.784s][info][gc,heap        ] GC(155) PSYoungGen: 25248K(50688K)->0K(107520K) Eden: 0K(25088K)->0K(27648K) From: 25248K(25600K)->0K(79872K)
[12.784s][info][gc,heap        ] GC(155) ParOldGen: 1680435K(1707008K)->1705457K(1707008K)
[12.784s][info][gc,metaspace   ] GC(155) Metaspace: 6297K(6464K)->6297K(6464K) NonClass: 5764K(5824K)->5764K(5824K) Class: 533K(640K)->533K(640K)
[12.784s][info][gc             ] GC(155) Pause Full (Ergonomics) 1665M->1665M(1772M) 541.144ms
[12.784s][info][gc,cpu         ] GC(155) User=3.42s Sys=0.02s Real=0.54s
[12.815s][info][gc,start       ] GC(156) Pause Full (Ergonomics)
[12.815s][info][gc,phases,start] GC(156) Marking Phase
[13.217s][info][gc,phases      ] GC(156) Marking Phase 402.279ms
[13.217s][info][gc,phases,start] GC(156) Summary Phase
[13.217s][info][gc,phases      ] GC(156) Summary Phase 0.029ms
[13.217s][info][gc,phases,start] GC(156) Adjust Roots
[13.218s][info][gc,phases      ] GC(156) Adjust Roots 0.196ms
[13.218s][info][gc,phases,start] GC(156) Compaction Phase
[13.349s][info][gc,phases      ] GC(156) Compaction Phase 131.478ms
[13.349s][info][gc,phases,start] GC(156) Post Compact
[13.353s][info][gc,phases      ] GC(156) Post Compact 3.299ms
[13.353s][info][gc,heap        ] GC(156) PSYoungGen: 27648K(107520K)->26084K(107520K) Eden: 27648K(27648K)->26084K(27648K) From: 0K(79872K)->0K(79872K)
[13.353s][info][gc,heap        ] GC(156) ParOldGen: 1705457K(1707008K)->1706992K(1707008K)
[13.353s][info][gc,metaspace   ] GC(156) Metaspace: 6297K(6464K)->6297K(6464K) NonClass: 5764K(5824K)->5764K(5824K) Class: 533K(640K)->533K(640K)
[13.353s][info][gc             ] GC(156) Pause Full (Ergonomics) 1692M->1692M(1772M) 537.734ms
[13.353s][info][gc,cpu         ] GC(156) User=3.50s Sys=0.03s Real=0.54s
[13.356s][info][gc,start       ] GC(157) Pause Full (Ergonomics)
[13.356s][info][gc,phases,start] GC(157) Marking Phase
[13.765s][info][gc,phases      ] GC(157) Marking Phase 409.748ms
[13.765s][info][gc,phases,start] GC(157) Summary Phase
[13.766s][info][gc,phases      ] GC(157) Summary Phase 0.029ms
[13.766s][info][gc,phases,start] GC(157) Adjust Roots
[13.766s][info][gc,phases      ] GC(157) Adjust Roots 0.203ms
[13.766s][info][gc,phases,start] GC(157) Compaction Phase
[13.898s][info][gc,phases      ] GC(157) Compaction Phase 132.553ms
[13.898s][info][gc,phases,start] GC(157) Post Compact
[13.902s][info][gc,phases      ] GC(157) Post Compact 3.346ms
[13.902s][info][gc,heap        ] GC(157) PSYoungGen: 27648K(107520K)->27646K(107520K) Eden: 27648K(27648K)->27646K(27648K) From: 0K(79872K)->0K(79872K)
[13.902s][info][gc,heap        ] GC(157) ParOldGen: 1706992K(1707008K)->1706992K(1707008K)
[13.902s][info][gc,metaspace   ] GC(157) Metaspace: 6297K(6464K)->6297K(6464K) NonClass: 5764K(5824K)->5764K(5824K) Class: 533K(640K)->533K(640K)
[13.902s][info][gc             ] GC(157) Pause Full (Ergonomics) 1693M->1693M(1772M) 546.306ms
[13.902s][info][gc,cpu         ] GC(157) User=3.41s Sys=0.00s Real=0.55s
[13.902s][info][gc,start       ] GC(158) Pause Full (Ergonomics)
[13.902s][info][gc,phases,start] GC(158) Marking Phase
[14.317s][info][gc,phases      ] GC(158) Marking Phase 414.436ms
[14.317s][info][gc,phases,start] GC(158) Summary Phase
[14.317s][info][gc,phases      ] GC(158) Summary Phase 0.029ms
[14.317s][info][gc,phases,start] GC(158) Adjust Roots
[14.317s][info][gc,phases      ] GC(158) Adjust Roots 0.205ms
[14.317s][info][gc,phases,start] GC(158) Compaction Phase
[14.448s][info][gc,phases      ] GC(158) Compaction Phase 131.389ms
[14.449s][info][gc,phases,start] GC(158) Post Compact
[14.452s][info][gc,phases      ] GC(158) Post Compact 3.793ms
[14.452s][info][gc,heap        ] GC(158) PSYoungGen: 27647K(107520K)->27647K(107520K) Eden: 27647K(27648K)->27647K(27648K) From: 0K(79872K)->0K(79872K)
[14.453s][info][gc,heap        ] GC(158) ParOldGen: 1706992K(1707008K)->1706992K(1707008K)
[14.453s][info][gc,metaspace   ] GC(158) Metaspace: 6297K(6464K)->6297K(6464K) NonClass: 5764K(5824K)->5764K(5824K) Class: 533K(640K)->533K(640K)
[14.453s][info][gc             ] GC(158) Pause Full (Ergonomics) 1693M->1693M(1772M) 550.301ms
[14.453s][info][gc,cpu         ] GC(158) User=3.41s Sys=0.02s Real=0.55s
[14.453s][info][gc,start       ] GC(159) Pause Full (Ergonomics)
[14.453s][info][gc,phases,start] GC(159) Marking Phase
[14.864s][info][gc,phases      ] GC(159) Marking Phase 411.122ms
[14.864s][info][gc,phases,start] GC(159) Summary Phase
[14.864s][info][gc,phases      ] GC(159) Summary Phase 0.029ms
[14.864s][info][gc,phases,start] GC(159) Adjust Roots
[14.864s][info][gc,phases      ] GC(159) Adjust Roots 0.197ms
[14.864s][info][gc,phases,start] GC(159) Compaction Phase
[14.981s][info][gc,phases      ] GC(159) Compaction Phase 117.013ms
[14.982s][info][gc,phases,start] GC(159) Post Compact
[14.984s][info][gc,phases      ] GC(159) Post Compact 2.797ms
[14.984s][info][gc,heap        ] GC(159) PSYoungGen: 27648K(107520K)->27648K(107520K) Eden: 27648K(27648K)->27648K(27648K) From: 0K(79872K)->0K(79872K)
[14.984s][info][gc,heap        ] GC(159) ParOldGen: 1706997K(1707008K)->1706997K(1707008K)
[14.984s][info][gc,metaspace   ] GC(159) Metaspace: 6297K(6464K)->6297K(6464K) NonClass: 5764K(5824K)->5764K(5824K) Class: 533K(640K)->533K(640K)
[14.984s][info][gc             ] GC(159) Pause Full (Ergonomics) 1693M->1693M(1772M) 531.495ms
[14.984s][info][gc,cpu         ] GC(159) User=3.48s Sys=0.06s Real=0.53s
[14.985s][info][gc,start       ] GC(160) Pause Full (Ergonomics)
[14.985s][info][gc,phases,start] GC(160) Marking Phase
[15.386s][info][gc,phases      ] GC(160) Marking Phase 400.714ms
[15.386s][info][gc,phases,start] GC(160) Summary Phase
[15.386s][info][gc,phases      ] GC(160) Summary Phase 0.037ms
[15.386s][info][gc,phases,start] GC(160) Adjust Roots
[15.386s][info][gc,phases      ] GC(160) Adjust Roots 0.199ms
[15.386s][info][gc,phases,start] GC(160) Compaction Phase
[15.519s][info][gc,phases      ] GC(160) Compaction Phase 133.080ms
[15.519s][info][gc,phases,start] GC(160) Post Compact
[15.522s][info][gc,phases      ] GC(160) Post Compact 3.106ms
[15.522s][info][gc,heap        ] GC(160) PSYoungGen: 27648K(107520K)->27648K(107520K) Eden: 27648K(27648K)->27648K(27648K) From: 0K(79872K)->0K(79872K)
[15.522s][info][gc,heap        ] GC(160) ParOldGen: 1707001K(1707008K)->1707001K(1707008K)
[15.522s][info][gc,metaspace   ] GC(160) Metaspace: 6297K(6464K)->6297K(6464K) NonClass: 5764K(5824K)->5764K(5824K) Class: 533K(640K)->533K(640K)
[15.522s][info][gc             ] GC(160) Pause Full (Ergonomics) 1693M->1693M(1772M) 537.489ms
[15.522s][info][gc,cpu         ] GC(160) User=3.41s Sys=0.00s Real=0.54s
[15.523s][info][gc,start       ] GC(161) Pause Full (Ergonomics)
[15.523s][info][gc,phases,start] GC(161) Marking Phase
[15.940s][info][gc,phases      ] GC(161) Marking Phase 416.910ms
[15.940s][info][gc,phases,start] GC(161) Summary Phase
[15.940s][info][gc,phases      ] GC(161) Summary Phase 0.029ms
[15.940s][info][gc,phases,start] GC(161) Adjust Roots
[15.940s][info][gc,phases      ] GC(161) Adjust Roots 0.225ms
[15.940s][info][gc,phases,start] GC(161) Compaction Phase
[16.051s][info][gc,phases      ] GC(161) Compaction Phase 111.434ms
[16.051s][info][gc,phases,start] GC(161) Post Compact
[16.054s][info][gc,phases      ] GC(161) Post Compact 2.802ms
[16.054s][info][gc,heap        ] GC(161) PSYoungGen: 27648K(107520K)->27648K(107520K) Eden: 27648K(27648K)->27648K(27648K) From: 0K(79872K)->0K(79872K)
[16.054s][info][gc,heap        ] GC(161) ParOldGen: 1707006K(1707008K)->1707006K(1707008K)
[16.054s][info][gc,metaspace   ] GC(161) Metaspace: 6297K(6464K)->6297K(6464K) NonClass: 5764K(5824K)->5764K(5824K) Class: 533K(640K)->533K(640K)
[16.054s][info][gc             ] GC(161) Pause Full (Ergonomics) 1693M->1693M(1772M) 531.725ms
[16.054s][info][gc,cpu         ] GC(161) User=3.48s Sys=0.02s Real=0.53s
[16.055s][info][gc,start       ] GC(162) Pause Full (Ergonomics)
[16.055s][info][gc,phases,start] GC(162) Marking Phase
[16.481s][info][gc,phases      ] GC(162) Marking Phase 425.939ms
[16.481s][info][gc,phases,start] GC(162) Summary Phase
[16.481s][info][gc,phases      ] GC(162) Summary Phase 0.029ms
[16.481s][info][gc,phases,start] GC(162) Adjust Roots
[16.481s][info][gc,phases      ] GC(162) Adjust Roots 0.198ms
[16.481s][info][gc,phases,start] GC(162) Compaction Phase
[16.592s][info][gc,phases      ] GC(162) Compaction Phase 110.690ms
[16.592s][info][gc,phases,start] GC(162) Post Compact
[16.594s][info][gc,phases      ] GC(162) Post Compact 2.816ms
[16.595s][info][gc,heap        ] GC(162) PSYoungGen: 27648K(107520K)->27648K(107520K) Eden: 27648K(27648K)->27648K(27648K) From: 0K(79872K)->0K(79872K)
[16.595s][info][gc,heap        ] GC(162) ParOldGen: 1707007K(1707008K)->1707007K(1707008K)
[16.595s][info][gc,metaspace   ] GC(162) Metaspace: 6297K(6464K)->6297K(6464K) NonClass: 5764K(5824K)->5764K(5824K) Class: 533K(640K)->533K(640K)
[16.595s][info][gc             ] GC(162) Pause Full (Ergonomics) 1693M->1693M(1772M) 540.032ms
[16.595s][info][gc,cpu         ] GC(162) User=3.50s Sys=0.00s Real=0.54s
[16.595s][info][gc,start       ] GC(163) Pause Full (Allocation Failure)
[16.595s][info][gc,phases,start] GC(163) Marking Phase
[17.012s][info][gc,phases      ] GC(163) Marking Phase 416.969ms
[17.012s][info][gc,phases,start] GC(163) Summary Phase
[17.012s][info][gc,phases      ] GC(163) Summary Phase 0.030ms
[17.012s][info][gc,phases,start] GC(163) Adjust Roots
[17.012s][info][gc,phases      ] GC(163) Adjust Roots 0.407ms
[17.012s][info][gc,phases,start] GC(163) Compaction Phase
[17.438s][info][gc,phases      ] GC(163) Compaction Phase 426.197ms
[17.438s][info][gc,phases,start] GC(163) Post Compact
[17.442s][info][gc,phases      ] GC(163) Post Compact 3.392ms
[17.442s][info][gc,heap        ] GC(163) PSYoungGen: 27648K(107520K)->27648K(107520K) Eden: 27648K(27648K)->27648K(27648K) From: 0K(79872K)->0K(79872K)
[17.442s][info][gc,heap        ] GC(163) ParOldGen: 1707007K(1707008K)->1707003K(1707008K)
[17.442s][info][gc,metaspace   ] GC(163) Metaspace: 6297K(6464K)->6296K(6464K) NonClass: 5764K(5824K)->5763K(5824K) Class: 533K(640K)->532K(640K)
[17.442s][info][gc             ] GC(163) Pause Full (Allocation Failure) 1693M->1693M(1772M) 847.349ms
[17.442s][info][gc,cpu         ] GC(163) User=5.41s Sys=0.05s Real=0.85s
[17.443s][info][gc,start       ] GC(164) Pause Full (Ergonomics)
[17.443s][info][gc,phases,start] GC(164) Marking Phase
[17.853s][info][gc,phases      ] GC(164) Marking Phase 410.507ms
[17.853s][info][gc,phases,start] GC(164) Summary Phase
[17.853s][info][gc,phases      ] GC(164) Summary Phase 0.033ms
[17.853s][info][gc,phases,start] GC(164) Adjust Roots
[17.854s][info][gc,phases      ] GC(164) Adjust Roots 0.205ms
[17.854s][info][gc,phases,start] GC(164) Compaction Phase
[18.000s][info][gc,phases      ] GC(164) Compaction Phase 146.531ms
[18.000s][info][gc,phases,start] GC(164) Post Compact
[18.003s][info][gc,phases      ] GC(164) Post Compact 3.233ms
[18.003s][info][gc,heap        ] GC(164) PSYoungGen: 27648K(107520K)->27648K(107520K) Eden: 27648K(27648K)->27648K(27648K) From: 0K(79872K)->0K(79872K)
[18.003s][info][gc,heap        ] GC(164) ParOldGen: 1707006K(1707008K)->1707006K(1707008K)
[18.004s][info][gc,metaspace   ] GC(164) Metaspace: 6296K(6464K)->6296K(6464K) NonClass: 5763K(5824K)->5763K(5824K) Class: 532K(640K)->532K(640K)
[18.004s][info][gc             ] GC(164) Pause Full (Ergonomics) 1693M->1693M(1772M) 560.901ms
[18.004s][info][gc,cpu         ] GC(164) User=3.31s Sys=0.03s Real=0.56s
[18.004s][info][gc,start       ] GC(165) Pause Full (Ergonomics)
[18.004s][info][gc,phases,start] GC(165) Marking Phase
[18.415s][info][gc,phases      ] GC(165) Marking Phase 411.210ms
[18.415s][info][gc,phases,start] GC(165) Summary Phase
[18.415s][info][gc,phases      ] GC(165) Summary Phase 0.029ms
[18.415s][info][gc,phases,start] GC(165) Adjust Roots
[18.416s][info][gc,phases      ] GC(165) Adjust Roots 0.197ms
[18.416s][info][gc,phases,start] GC(165) Compaction Phase
[18.547s][info][gc,phases      ] GC(165) Compaction Phase 130.945ms
[18.547s][info][gc,phases,start] GC(165) Post Compact
[18.550s][info][gc,phases      ] GC(165) Post Compact 3.285ms
[18.550s][info][gc,heap        ] GC(165) PSYoungGen: 27648K(107520K)->27648K(107520K) Eden: 27648K(27648K)->27648K(27648K) From: 0K(79872K)->0K(79872K)
[18.550s][info][gc,heap        ] GC(165) ParOldGen: 1707007K(1707008K)->1707007K(1707008K)
[18.550s][info][gc,metaspace   ] GC(165) Metaspace: 6296K(6464K)->6296K(6464K) NonClass: 5763K(5824K)->5763K(5824K) Class: 532K(640K)->532K(640K)
[18.550s][info][gc             ] GC(165) Pause Full (Ergonomics) 1693M->1693M(1772M) 546.046ms
[18.550s][info][gc,cpu         ] GC(165) User=3.36s Sys=0.00s Real=0.55s
[18.550s][info][gc,start       ] GC(166) Pause Full (Allocation Failure)
[18.550s][info][gc,phases,start] GC(166) Marking Phase
[18.969s][info][gc,phases      ] GC(166) Marking Phase 419.278ms
[18.970s][info][gc,phases,start] GC(166) Summary Phase
[18.970s][info][gc,phases      ] GC(166) Summary Phase 0.029ms
[18.970s][info][gc,phases,start] GC(166) Adjust Roots
[18.970s][info][gc,phases      ] GC(166) Adjust Roots 0.196ms
[18.970s][info][gc,phases,start] GC(166) Compaction Phase
[19.098s][info][gc,phases      ] GC(166) Compaction Phase 128.679ms
[19.099s][info][gc,phases,start] GC(166) Post Compact
[19.102s][info][gc,phases      ] GC(166) Post Compact 3.064ms
[19.102s][info][gc,heap        ] GC(166) PSYoungGen: 27648K(107520K)->27648K(107520K) Eden: 27648K(27648K)->27648K(27648K) From: 0K(79872K)->0K(79872K)
[19.102s][info][gc,heap        ] GC(166) ParOldGen: 1707007K(1707008K)->1707007K(1707008K)
[19.102s][info][gc,metaspace   ] GC(166) Metaspace: 6296K(6464K)->6296K(6464K) NonClass: 5763K(5824K)->5763K(5824K) Class: 532K(640K)->532K(640K)
[19.102s][info][gc             ] GC(166) Pause Full (Allocation Failure) 1693M->1693M(1772M) 551.661ms
[19.102s][info][gc,cpu         ] GC(166) User=3.61s Sys=0.02s Real=0.55s
[19.102s][info][gc,start       ] GC(167) Pause Full (Ergonomics)
[19.102s][info][gc,phases,start] GC(167) Marking Phase
[19.505s][info][gc,phases      ] GC(167) Marking Phase 402.514ms
[19.505s][info][gc,phases,start] GC(167) Summary Phase
[19.505s][info][gc,phases      ] GC(167) Summary Phase 0.030ms
[19.505s][info][gc,phases,start] GC(167) Adjust Roots
[19.505s][info][gc,phases      ] GC(167) Adjust Roots 0.275ms
[19.505s][info][gc,phases,start] GC(167) Compaction Phase
[19.936s][info][gc,phases      ] GC(167) Compaction Phase 430.882ms
[19.936s][info][gc,phases,start] GC(167) Post Compact
[19.940s][info][gc,phases      ] GC(167) Post Compact 3.244ms
[19.940s][info][gc,heap        ] GC(167) PSYoungGen: 27648K(107520K)->27648K(107520K) Eden: 27648K(27648K)->27648K(27648K) From: 0K(79872K)->0K(79872K)
[19.940s][info][gc,heap        ] GC(167) ParOldGen: 1707007K(1707008K)->1707006K(1707008K)
[19.940s][info][gc,metaspace   ] GC(167) Metaspace: 6296K(6464K)->6296K(6464K) NonClass: 5763K(5824K)->5763K(5824K) Class: 532K(640K)->532K(640K)
[19.940s][info][gc             ] GC(167) Pause Full (Ergonomics) 1693M->1693M(1772M) 837.296ms
[19.940s][info][gc,cpu         ] GC(167) User=5.20s Sys=0.09s Real=0.84s
[19.941s][info][gc,start       ] GC(168) Pause Full (Ergonomics)
[19.941s][info][gc,phases,start] GC(168) Marking Phase
[20.348s][info][gc,phases      ] GC(168) Marking Phase 407.520ms
[20.349s][info][gc,phases,start] GC(168) Summary Phase
[20.349s][info][gc,phases      ] GC(168) Summary Phase 0.030ms
[20.349s][info][gc,phases,start] GC(168) Adjust Roots
[20.349s][info][gc,phases      ] GC(168) Adjust Roots 0.295ms
[20.349s][info][gc,phases,start] GC(168) Compaction Phase
[20.780s][info][gc,phases      ] GC(168) Compaction Phase 431.390ms
[20.780s][info][gc,phases,start] GC(168) Post Compact
[20.784s][info][gc,phases      ] GC(168) Post Compact 3.286ms
[20.784s][info][gc,heap        ] GC(168) PSYoungGen: 27648K(107520K)->27648K(107520K) Eden: 27648K(27648K)->27648K(27648K) From: 0K(79872K)->0K(79872K)
[20.784s][info][gc,heap        ] GC(168) ParOldGen: 1707007K(1707008K)->1707005K(1707008K)
[20.784s][info][gc,metaspace   ] GC(168) Metaspace: 6297K(6464K)->6297K(6464K) NonClass: 5763K(5824K)->5763K(5824K) Class: 533K(640K)->533K(640K)
[20.784s][info][gc             ] GC(168) Pause Full (Ergonomics) 1693M->1693M(1772M) 842.940ms
[20.784s][info][gc,cpu         ] GC(168) User=5.33s Sys=0.08s Real=0.84s
[20.785s][info][gc,heap,exit   ] Heap
[20.785s][info][gc,heap,exit   ]  PSYoungGen      total 107520K, used 27648K [0x00000007cbf00000, 0x00000007d7900000, 0x0000000800000000)
[20.785s][info][gc,heap,exit   ]   eden space 27648K, 100% used [0x00000007cbf00000,0x00000007cda00000,0x00000007cda00000)
[20.785s][info][gc,heap,exit   ]   from space 79872K, 0% used [0x00000007cda00000,0x00000007cda00000,0x00000007d2800000)
[20.785s][info][gc,heap,exit   ]   to   space 79872K, 0% used [0x00000007d2800000,0x00000007d2800000,0x00000007d7600000)
[20.785s][info][gc,heap,exit   ]  ParOldGen       total 1707008K, used 1707005K [0x0000000763c00000, 0x00000007cbf00000, 0x00000007cbf00000)
[20.785s][info][gc,heap,exit   ]   object space 1707008K, 99% used [0x0000000763c00000,0x00000007cbeff7d8,0x00000007cbf00000)
[20.785s][info][gc,heap,exit   ]  Metaspace       used 6300K, committed 6464K, reserved 1114112K
[20.785s][info][gc,heap,exit   ]   class space    used 534K, committed 640K, reserved 1048576K
