[0.011s][info][gc,init] CardTable entry size: 512
[0.011s][info][gc     ] Using Parallel
[0.011s][info][gc,init] Version: 18.0.1+10 (release)
[0.012s][info][gc,init] CPUs: 8 total, 8 available
[0.012s][info][gc,init] Memory: 16063M
[0.012s][info][gc,init] Large Page Support: Disabled
[0.012s][info][gc,init] NUMA Support: Disabled
[0.012s][info][gc,init] Compressed Oops: Enabled (32-bit)
[0.012s][info][gc,init] Alignments: Space 512K, Generation 512K, Heap 2M
[0.012s][info][gc,init] Heap Min Capacity: 2M
[0.012s][info][gc,init] Heap Initial Capacity: 2M
[0.012s][info][gc,init] Heap Max Capacity: 1000M
[0.012s][info][gc,init] Pre-touch: Disabled
[0.012s][info][gc,init] Parallel Workers: 2
[0.012s][info][gc,metaspace] CDS archive(s) not mapped
[0.012s][info][gc,metaspace] Compressed class space mapped at: 0x0000000100000000-0x0000000140000000, reserved size: 1073741824
[0.012s][info][gc,metaspace] Narrow klass base: 0x0000000000000000, Narrow klass shift: 3, Narrow klass range: 0x140000000
[0.117s][info][gc,start    ] GC(0) Pause Young (Allocation Failure)
[0.118s][info][gc,heap     ] GC(0) PSYoungGen: 512K(1024K)->480K(1024K) Eden: 512K(512K)->0K(512K) From: 0K(512K)->480K(512K)
[0.118s][info][gc,heap     ] GC(0) ParOldGen: 0K(512K)->8K(512K)
[0.118s][info][gc,metaspace] GC(0) Metaspace: 4229K(4352K)->4229K(4352K) NonClass: 3908K(3968K)->3908K(3968K) Class: 321K(384K)->321K(384K)
[0.118s][info][gc          ] GC(0) Pause Young (Allocation Failure) 0M->0M(1M) 1.209ms
[0.118s][info][gc,cpu      ] GC(0) User=0.00s Sys=0.00s Real=0.00s
[0.178s][info][gc,start    ] GC(1) Pause Young (Allocation Failure)
[0.179s][info][gc,heap     ] GC(1) PSYoungGen: 991K(1024K)->512K(1024K) Eden: 511K(512K)->0K(512K) From: 480K(512K)->512K(512K)
[0.179s][info][gc,heap     ] GC(1) ParOldGen: 8K(512K)->80K(512K)
[0.179s][info][gc,metaspace] GC(1) Metaspace: 5881K(6016K)->5881K(6016K) NonClass: 5385K(5504K)->5385K(5504K) Class: 496K(512K)->496K(512K)
[0.179s][info][gc          ] GC(1) Pause Young (Allocation Failure) 0M->0M(1M) 0.934ms
[0.179s][info][gc,cpu      ] GC(1) User=0.00s Sys=0.00s Real=0.00s
[0.198s][info][gc,start    ] GC(2) Pause Young (Allocation Failure)
[0.199s][info][gc,heap     ] GC(2) PSYoungGen: 1024K(1024K)->512K(1024K) Eden: 512K(512K)->0K(512K) From: 512K(512K)->512K(512K)
[0.199s][info][gc,heap     ] GC(2) ParOldGen: 80K(512K)->232K(512K)
[0.199s][info][gc,metaspace] GC(2) Metaspace: 6298K(6464K)->6298K(6464K) NonClass: 5764K(5824K)->5764K(5824K) Class: 533K(640K)->533K(640K)
[0.199s][info][gc          ] GC(2) Pause Young (Allocation Failure) 1M->0M(1M) 0.957ms
[0.199s][info][gc,cpu      ] GC(2) User=0.00s Sys=0.00s Real=0.00s
[0.200s][info][gc,start    ] GC(3) Pause Young (Allocation Failure)
[0.201s][info][gc,heap     ] GC(3) PSYoungGen: 1023K(1024K)->512K(1536K) Eden: 511K(512K)->0K(1024K) From: 512K(512K)->512K(512K)
[0.201s][info][gc,heap     ] GC(3) ParOldGen: 232K(512K)->488K(512K)
[0.201s][info][gc,metaspace] GC(3) Metaspace: 6300K(6528K)->6300K(6528K) NonClass: 5767K(5888K)->5767K(5888K) Class: 533K(640K)->533K(640K)
[0.201s][info][gc          ] GC(3) Pause Young (Allocation Failure) 1M->0M(2M) 0.993ms
[0.201s][info][gc,cpu      ] GC(3) User=0.00s Sys=0.00s Real=0.00s
[0.202s][info][gc,start    ] GC(4) Pause Full (Ergonomics)
[0.202s][info][gc,phases,start] GC(4) Marking Phase
[0.202s][info][gc,phases      ] GC(4) Marking Phase 0.934ms
[0.203s][info][gc,phases,start] GC(4) Summary Phase
[0.203s][info][gc,phases      ] GC(4) Summary Phase 0.015ms
[0.203s][info][gc,phases,start] GC(4) Adjust Roots
[0.203s][info][gc,phases      ] GC(4) Adjust Roots 0.350ms
[0.203s][info][gc,phases,start] GC(4) Compaction Phase
[0.204s][info][gc,phases      ] GC(4) Compaction Phase 1.165ms
[0.204s][info][gc,phases,start] GC(4) Post Compact
[0.204s][info][gc,phases      ] GC(4) Post Compact 0.078ms
[0.204s][info][gc,heap        ] GC(4) PSYoungGen: 512K(1536K)->511K(1536K) Eden: 0K(1024K)->0K(1024K) From: 512K(512K)->511K(512K)
[0.204s][info][gc,heap        ] GC(4) ParOldGen: 488K(512K)->455K(2048K)
[0.204s][info][gc,metaspace   ] GC(4) Metaspace: 6300K(6528K)->6300K(6528K) NonClass: 5767K(5888K)->5767K(5888K) Class: 533K(640K)->533K(640K)
[0.204s][info][gc             ] GC(4) Pause Full (Ergonomics) 0M->0M(3M) 2.892ms
[0.204s][info][gc,cpu         ] GC(4) User=0.00s Sys=0.00s Real=0.00s
[0.206s][info][gc,start       ] GC(5) Pause Young (Allocation Failure)
[0.207s][info][gc,heap        ] GC(5) PSYoungGen: 1535K(1536K)->480K(1536K) Eden: 1024K(1024K)->0K(1024K) From: 511K(512K)->480K(512K)
[0.207s][info][gc,heap        ] GC(5) ParOldGen: 455K(2048K)->1023K(2048K)
[0.207s][info][gc,metaspace   ] GC(5) Metaspace: 6300K(6528K)->6300K(6528K) NonClass: 5767K(5888K)->5767K(5888K) Class: 533K(640K)->533K(640K)
[0.207s][info][gc             ] GC(5) Pause Young (Allocation Failure) 1M->1M(3M) 1.173ms
[0.207s][info][gc,cpu         ] GC(5) User=0.00s Sys=0.00s Real=0.00s
[0.209s][info][gc,start       ] GC(6) Pause Young (Allocation Failure)
[0.210s][info][gc,heap        ] GC(6) PSYoungGen: 1504K(1536K)->1056K(3584K) Eden: 1024K(1024K)->0K(2048K) From: 480K(512K)->1056K(1536K)
[0.210s][info][gc,heap        ] GC(6) ParOldGen: 1023K(2048K)->1023K(2048K)
[0.210s][info][gc,metaspace   ] GC(6) Metaspace: 6300K(6528K)->6300K(6528K) NonClass: 5767K(5888K)->5767K(5888K) Class: 533K(640K)->533K(640K)
[0.210s][info][gc             ] GC(6) Pause Young (Allocation Failure) 2M->2M(5M) 1.521ms
[0.210s][info][gc,cpu         ] GC(6) User=0.00s Sys=0.00s Real=0.00s
[0.214s][info][gc,start       ] GC(7) Pause Young (Allocation Failure)
[0.216s][info][gc,heap        ] GC(7) PSYoungGen: 3104K(3584K)->1504K(3584K) Eden: 2048K(2048K)->0K(2048K) From: 1056K(1536K)->1504K(1536K)
[0.216s][info][gc,heap        ] GC(7) ParOldGen: 1023K(2048K)->1575K(2048K)
[0.216s][info][gc,metaspace   ] GC(7) Metaspace: 6300K(6528K)->6300K(6528K) NonClass: 5767K(5888K)->5767K(5888K) Class: 533K(640K)->533K(640K)
[0.216s][info][gc             ] GC(7) Pause Young (Allocation Failure) 4M->3M(5M) 2.105ms
[0.216s][info][gc,cpu         ] GC(7) User=0.00s Sys=0.00s Real=0.00s
[0.216s][info][gc,start       ] GC(8) Pause Full (Ergonomics)
[0.216s][info][gc,phases,start] GC(8) Marking Phase
[0.218s][info][gc,phases      ] GC(8) Marking Phase 1.902ms
[0.218s][info][gc,phases,start] GC(8) Summary Phase
[0.218s][info][gc,phases      ] GC(8) Summary Phase 0.014ms
[0.218s][info][gc,phases,start] GC(8) Adjust Roots
[0.218s][info][gc,phases      ] GC(8) Adjust Roots 0.533ms
[0.218s][info][gc,phases,start] GC(8) Compaction Phase
[0.221s][info][gc,phases      ] GC(8) Compaction Phase 2.626ms
[0.221s][info][gc,phases,start] GC(8) Post Compact
[0.221s][info][gc,phases      ] GC(8) Post Compact 0.059ms
[0.221s][info][gc,heap        ] GC(8) PSYoungGen: 1504K(3584K)->1501K(3584K) Eden: 0K(2048K)->0K(2048K) From: 1504K(1536K)->1501K(1536K)
[0.221s][info][gc,heap        ] GC(8) ParOldGen: 1575K(2048K)->1538K(4096K)
[0.221s][info][gc,metaspace   ] GC(8) Metaspace: 6300K(6528K)->6300K(6528K) NonClass: 5767K(5888K)->5767K(5888K) Class: 533K(640K)->533K(640K)
[0.221s][info][gc             ] GC(8) Pause Full (Ergonomics) 3M->2M(7M) 5.481ms
[0.221s][info][gc,cpu         ] GC(8) User=0.00s Sys=0.00s Real=0.01s
[0.226s][info][gc,start       ] GC(9) Pause Young (Allocation Failure)
[0.228s][info][gc,heap        ] GC(9) PSYoungGen: 3549K(3584K)->2016K(5120K) Eden: 2048K(2048K)->0K(3072K) From: 1501K(1536K)->2016K(2048K)
[0.228s][info][gc,heap        ] GC(9) ParOldGen: 1538K(4096K)->2090K(4096K)
[0.228s][info][gc,metaspace   ] GC(9) Metaspace: 6300K(6528K)->6300K(6528K) NonClass: 5767K(5888K)->5767K(5888K) Class: 533K(640K)->533K(640K)
[0.228s][info][gc             ] GC(9) Pause Young (Allocation Failure) 4M->4M(9M) 2.821ms
[0.228s][info][gc,cpu         ] GC(9) User=0.00s Sys=0.00s Real=0.00s
[0.232s][info][gc,start       ] GC(10) Pause Young (Allocation Failure)
[0.235s][info][gc,heap        ] GC(10) PSYoungGen: 5088K(5120K)->2528K(5632K) Eden: 3072K(3072K)->0K(3072K) From: 2016K(2048K)->2528K(2560K)
[0.235s][info][gc,heap        ] GC(10) ParOldGen: 2090K(4096K)->3178K(4096K)
[0.235s][info][gc,metaspace   ] GC(10) Metaspace: 6300K(6528K)->6300K(6528K) NonClass: 5767K(5888K)->5767K(5888K) Class: 533K(640K)->533K(640K)
[0.235s][info][gc             ] GC(10) Pause Young (Allocation Failure) 7M->5M(9M) 3.448ms
[0.235s][info][gc,cpu         ] GC(10) User=0.00s Sys=0.00s Real=0.00s
[0.235s][info][gc,start       ] GC(11) Pause Full (Ergonomics)
[0.235s][info][gc,phases,start] GC(11) Marking Phase
[0.238s][info][gc,phases      ] GC(11) Marking Phase 2.579ms
[0.238s][info][gc,phases,start] GC(11) Summary Phase
[0.238s][info][gc,phases      ] GC(11) Summary Phase 0.016ms
[0.238s][info][gc,phases,start] GC(11) Adjust Roots
[0.238s][info][gc,phases      ] GC(11) Adjust Roots 0.250ms
[0.238s][info][gc,phases,start] GC(11) Compaction Phase
[0.242s][info][gc,phases      ] GC(11) Compaction Phase 3.495ms
[0.242s][info][gc,phases,start] GC(11) Post Compact
[0.242s][info][gc,phases      ] GC(11) Post Compact 0.032ms
[0.242s][info][gc,heap        ] GC(11) PSYoungGen: 2528K(5632K)->1980K(5632K) Eden: 0K(3072K)->0K(3072K) From: 2528K(2560K)->1980K(2560K)
[0.242s][info][gc,heap        ] GC(11) ParOldGen: 3178K(4096K)->3680K(7168K)
[0.242s][info][gc,metaspace   ] GC(11) Metaspace: 6300K(6528K)->6300K(6528K) NonClass: 5767K(5888K)->5767K(5888K) Class: 533K(640K)->533K(640K)
[0.242s][info][gc             ] GC(11) Pause Full (Ergonomics) 5M->5M(12M) 6.645ms
[0.242s][info][gc,cpu         ] GC(11) User=0.00s Sys=0.00s Real=0.01s
[0.248s][info][gc,start       ] GC(12) Pause Young (Allocation Failure)
[0.252s][info][gc,heap        ] GC(12) PSYoungGen: 5052K(5632K)->2720K(8192K) Eden: 3072K(3072K)->0K(4608K) From: 1980K(2560K)->2720K(3584K)
[0.252s][info][gc,heap        ] GC(12) ParOldGen: 3680K(7168K)->4712K(7168K)
[0.252s][info][gc,metaspace   ] GC(12) Metaspace: 6300K(6528K)->6300K(6528K) NonClass: 5767K(5888K)->5767K(5888K) Class: 533K(640K)->533K(640K)
[0.252s][info][gc             ] GC(12) Pause Young (Allocation Failure) 8M->7M(15M) 4.538ms
[0.252s][info][gc,cpu         ] GC(12) User=0.00s Sys=0.00s Real=0.01s
[0.258s][info][gc,start       ] GC(13) Pause Young (Allocation Failure)
[0.262s][info][gc,heap        ] GC(13) PSYoungGen: 7328K(8192K)->2432K(8192K) Eden: 4608K(4608K)->0K(4608K) From: 2720K(3584K)->2432K(3584K)
[0.262s][info][gc,heap        ] GC(13) ParOldGen: 4712K(7168K)->7432K(7680K)
[0.262s][info][gc,metaspace   ] GC(13) Metaspace: 6300K(6528K)->6300K(6528K) NonClass: 5767K(5888K)->5767K(5888K) Class: 533K(640K)->533K(640K)
[0.262s][info][gc             ] GC(13) Pause Young (Allocation Failure) 11M->9M(15M) 4.121ms
[0.262s][info][gc,cpu         ] GC(13) User=0.00s Sys=0.00s Real=0.00s
[0.262s][info][gc,start       ] GC(14) Pause Full (Ergonomics)
[0.262s][info][gc,phases,start] GC(14) Marking Phase
[0.267s][info][gc,phases      ] GC(14) Marking Phase 4.427ms
[0.267s][info][gc,phases,start] GC(14) Summary Phase
[0.267s][info][gc,phases      ] GC(14) Summary Phase 0.015ms
[0.267s][info][gc,phases,start] GC(14) Adjust Roots
[0.267s][info][gc,phases      ] GC(14) Adjust Roots 0.229ms
[0.267s][info][gc,phases,start] GC(14) Compaction Phase
[0.271s][info][gc,phases      ] GC(14) Compaction Phase 3.741ms
[0.271s][info][gc,phases,start] GC(14) Post Compact
[0.271s][info][gc,phases      ] GC(14) Post Compact 0.043ms
[0.271s][info][gc,heap        ] GC(14) PSYoungGen: 2432K(8192K)->2372K(8192K) Eden: 0K(4608K)->0K(4608K) From: 2432K(3584K)->2372K(3584K)
[0.271s][info][gc,heap        ] GC(14) ParOldGen: 7432K(7680K)->7232K(12800K)
[0.271s][info][gc,metaspace   ] GC(14) Metaspace: 6300K(6528K)->6300K(6528K) NonClass: 5767K(5888K)->5767K(5888K) Class: 533K(640K)->533K(640K)
[0.271s][info][gc             ] GC(14) Pause Full (Ergonomics) 9M->9M(20M) 8.764ms
[0.271s][info][gc,cpu         ] GC(14) User=0.00s Sys=0.00s Real=0.01s
[0.275s][info][gc,start       ] GC(15) Pause Young (Allocation Failure)
[0.280s][info][gc,heap        ] GC(15) PSYoungGen: 6471K(8192K)->2080K(10752K) Eden: 4099K(4608K)->0K(6656K) From: 2372K(3584K)->2080K(4096K)
[0.280s][info][gc,heap        ] GC(15) ParOldGen: 7232K(12800K)->9656K(12800K)
[0.280s][info][gc,metaspace   ] GC(15) Metaspace: 6300K(6528K)->6300K(6528K) NonClass: 5767K(5888K)->5767K(5888K) Class: 533K(640K)->533K(640K)
[0.280s][info][gc             ] GC(15) Pause Young (Allocation Failure) 13M->11M(23M) 4.775ms
[0.280s][info][gc,cpu         ] GC(15) User=0.00s Sys=0.00s Real=0.00s
[0.288s][info][gc,start       ] GC(16) Pause Young (Allocation Failure)
[0.293s][info][gc,heap        ] GC(16) PSYoungGen: 8736K(10752K)->3680K(10752K) Eden: 6656K(6656K)->0K(6656K) From: 2080K(4096K)->3680K(4096K)
[0.293s][info][gc,heap        ] GC(16) ParOldGen: 9656K(12800K)->11768K(12800K)
[0.294s][info][gc,metaspace   ] GC(16) Metaspace: 6302K(6528K)->6302K(6528K) NonClass: 5769K(5888K)->5769K(5888K) Class: 533K(640K)->533K(640K)
[0.294s][info][gc             ] GC(16) Pause Young (Allocation Failure) 17M->15M(23M) 5.566ms
[0.294s][info][gc,cpu         ] GC(16) User=0.00s Sys=0.00s Real=0.01s
[0.294s][info][gc,start       ] GC(17) Pause Full (Ergonomics)
[0.294s][info][gc,phases,start] GC(17) Marking Phase
[0.301s][info][gc,phases      ] GC(17) Marking Phase 7.561ms
[0.301s][info][gc,phases,start] GC(17) Summary Phase
[0.301s][info][gc,phases      ] GC(17) Summary Phase 0.018ms
[0.301s][info][gc,phases,start] GC(17) Adjust Roots
[0.302s][info][gc,phases      ] GC(17) Adjust Roots 0.260ms
[0.302s][info][gc,phases,start] GC(17) Compaction Phase
[0.308s][info][gc,phases      ] GC(17) Compaction Phase 6.822ms
[0.308s][info][gc,phases,start] GC(17) Post Compact
[0.309s][info][gc,phases      ] GC(17) Post Compact 0.083ms
[0.309s][info][gc,heap        ] GC(17) PSYoungGen: 3680K(10752K)->2624K(10752K) Eden: 0K(6656K)->0K(6656K) From: 3680K(4096K)->2624K(4096K)
[0.309s][info][gc,heap        ] GC(17) ParOldGen: 11768K(12800K)->12438K(19456K)
[0.309s][info][gc,metaspace   ] GC(17) Metaspace: 6302K(6528K)->6302K(6528K) NonClass: 5769K(5888K)->5769K(5888K) Class: 533K(640K)->533K(640K)
[0.309s][info][gc             ] GC(17) Pause Full (Ergonomics) 15M->14M(29M) 15.075ms
[0.309s][info][gc,cpu         ] GC(17) User=0.00s Sys=0.00s Real=0.02s
[0.313s][info][gc,start       ] GC(18) Pause Young (Allocation Failure)
[0.319s][info][gc,heap        ] GC(18) PSYoungGen: 9280K(10752K)->3456K(13824K) Eden: 6656K(6656K)->0K(9216K) From: 2624K(4096K)->3456K(4608K)
[0.319s][info][gc,heap        ] GC(18) ParOldGen: 12438K(19456K)->15110K(19456K)
[0.319s][info][gc,metaspace   ] GC(18) Metaspace: 6302K(6528K)->6302K(6528K) NonClass: 5769K(5888K)->5769K(5888K) Class: 533K(640K)->533K(640K)
[0.319s][info][gc             ] GC(18) Pause Young (Allocation Failure) 21M->18M(32M) 5.904ms
[0.319s][info][gc,cpu         ] GC(18) User=0.00s Sys=0.00s Real=0.01s
[0.329s][info][gc,start       ] GC(19) Pause Young (Allocation Failure)
[0.337s][info][gc,heap        ] GC(19) PSYoungGen: 12672K(13824K)->4576K(13824K) Eden: 9216K(9216K)->0K(9216K) From: 3456K(4608K)->4576K(4608K)
[0.337s][info][gc,heap        ] GC(19) ParOldGen: 15110K(19456K)->19302K(19456K)
[0.337s][info][gc,metaspace   ] GC(19) Metaspace: 6302K(6528K)->6302K(6528K) NonClass: 5769K(5888K)->5769K(5888K) Class: 533K(640K)->533K(640K)
[0.337s][info][gc             ] GC(19) Pause Young (Allocation Failure) 27M->23M(32M) 7.456ms
[0.337s][info][gc,cpu         ] GC(19) User=0.00s Sys=0.00s Real=0.01s
[0.337s][info][gc,start       ] GC(20) Pause Full (Ergonomics)
[0.337s][info][gc,phases,start] GC(20) Marking Phase
[0.347s][info][gc,phases      ] GC(20) Marking Phase 10.163ms
[0.347s][info][gc,phases,start] GC(20) Summary Phase
[0.347s][info][gc,phases      ] GC(20) Summary Phase 0.019ms
[0.347s][info][gc,phases,start] GC(20) Adjust Roots
[0.347s][info][gc,phases      ] GC(20) Adjust Roots 0.252ms
[0.347s][info][gc,phases,start] GC(20) Compaction Phase
[0.356s][info][gc,phases      ] GC(20) Compaction Phase 8.589ms
[0.356s][info][gc,phases,start] GC(20) Post Compact
[0.356s][info][gc,phases      ] GC(20) Post Compact 0.097ms
[0.356s][info][gc,heap        ] GC(20) PSYoungGen: 4576K(13824K)->4569K(13824K) Eden: 0K(9216K)->0K(9216K) From: 4576K(4608K)->4569K(4608K)
[0.356s][info][gc,heap        ] GC(20) ParOldGen: 19302K(19456K)->18674K(28160K)
[0.356s][info][gc,metaspace   ] GC(20) Metaspace: 6302K(6528K)->6302K(6528K) NonClass: 5769K(5888K)->5769K(5888K) Class: 533K(640K)->533K(640K)
[0.356s][info][gc             ] GC(20) Pause Full (Ergonomics) 23M->22M(41M) 19.569ms
[0.356s][info][gc,cpu         ] GC(20) User=0.00s Sys=0.00s Real=0.02s
[0.362s][info][gc,start       ] GC(21) Pause Young (Allocation Failure)
[0.370s][info][gc,heap        ] GC(21) PSYoungGen: 13785K(13824K)->4832K(19456K) Eden: 9216K(9216K)->0K(12288K) From: 4569K(4608K)->4832K(7168K)
[0.370s][info][gc,heap        ] GC(21) ParOldGen: 18674K(28160K)->23306K(28160K)
[0.370s][info][gc,metaspace   ] GC(21) Metaspace: 6302K(6528K)->6302K(6528K) NonClass: 5769K(5888K)->5769K(5888K) Class: 533K(640K)->533K(640K)
[0.370s][info][gc             ] GC(21) Pause Young (Allocation Failure) 31M->27M(46M) 8.271ms
[0.370s][info][gc,cpu         ] GC(21) User=0.00s Sys=0.00s Real=0.01s
[0.370s][info][gc,start       ] GC(22) Pause Full (Ergonomics)
[0.370s][info][gc,phases,start] GC(22) Marking Phase
[0.382s][info][gc,phases      ] GC(22) Marking Phase 11.904ms
[0.382s][info][gc,phases,start] GC(22) Summary Phase
[0.382s][info][gc,phases      ] GC(22) Summary Phase 0.020ms
[0.382s][info][gc,phases,start] GC(22) Adjust Roots
[0.382s][info][gc,phases      ] GC(22) Adjust Roots 0.231ms
[0.382s][info][gc,phases,start] GC(22) Compaction Phase
[0.391s][info][gc,phases      ] GC(22) Compaction Phase 9.079ms
[0.391s][info][gc,phases,start] GC(22) Post Compact
[0.392s][info][gc,phases      ] GC(22) Post Compact 0.136ms
[0.392s][info][gc,heap        ] GC(22) PSYoungGen: 4832K(19456K)->0K(19456K) Eden: 0K(12288K)->0K(12288K) From: 4832K(7168K)->0K(7168K)
[0.392s][info][gc,heap        ] GC(22) ParOldGen: 23306K(28160K)->28006K(39424K)
[0.392s][info][gc,metaspace   ] GC(22) Metaspace: 6302K(6528K)->6302K(6528K) NonClass: 5769K(5888K)->5769K(5888K) Class: 533K(640K)->533K(640K)
[0.392s][info][gc             ] GC(22) Pause Full (Ergonomics) 27M->27M(57M) 21.716ms
[0.392s][info][gc,cpu         ] GC(22) User=0.00s Sys=0.00s Real=0.02s
[0.400s][info][gc,start       ] GC(23) Pause Young (Allocation Failure)
[0.406s][info][gc,heap        ] GC(23) PSYoungGen: 12288K(19456K)->6400K(20992K) Eden: 12288K(12288K)->0K(13824K) From: 0K(7168K)->6400K(7168K)
[0.406s][info][gc,heap        ] GC(23) ParOldGen: 28006K(39424K)->28006K(39424K)
[0.406s][info][gc,metaspace   ] GC(23) Metaspace: 6302K(6528K)->6302K(6528K) NonClass: 5769K(5888K)->5769K(5888K) Class: 533K(640K)->533K(640K)
[0.406s][info][gc             ] GC(23) Pause Young (Allocation Failure) 39M->33M(59M) 5.792ms
[0.406s][info][gc,cpu         ] GC(23) User=0.00s Sys=0.00s Real=0.00s
[0.425s][info][gc,start       ] GC(24) Pause Young (Allocation Failure)
[0.439s][info][gc,heap        ] GC(24) PSYoungGen: 20224K(20992K)->8160K(22016K) Eden: 13824K(13824K)->0K(13824K) From: 6400K(7168K)->8160K(8192K)
[0.439s][info][gc,heap        ] GC(24) ParOldGen: 28006K(39424K)->39718K(39936K)
[0.439s][info][gc,metaspace   ] GC(24) Metaspace: 6302K(6528K)->6302K(6528K) NonClass: 5769K(5888K)->5769K(5888K) Class: 533K(640K)->533K(640K)
[0.439s][info][gc             ] GC(24) Pause Young (Allocation Failure) 47M->46M(60M) 14.421ms
[0.439s][info][gc,cpu         ] GC(24) User=0.00s Sys=0.00s Real=0.02s
[0.439s][info][gc,start       ] GC(25) Pause Full (Ergonomics)
[0.440s][info][gc,phases,start] GC(25) Marking Phase
[0.458s][info][gc,phases      ] GC(25) Marking Phase 18.538ms
[0.458s][info][gc,phases,start] GC(25) Summary Phase
[0.458s][info][gc,phases      ] GC(25) Summary Phase 0.019ms
[0.458s][info][gc,phases,start] GC(25) Adjust Roots
[0.458s][info][gc,phases      ] GC(25) Adjust Roots 0.202ms
[0.458s][info][gc,phases,start] GC(25) Compaction Phase
[0.474s][info][gc,phases      ] GC(25) Compaction Phase 16.053ms
[0.474s][info][gc,phases,start] GC(25) Post Compact
[0.475s][info][gc,phases      ] GC(25) Post Compact 0.170ms
[0.475s][info][gc,heap        ] GC(25) PSYoungGen: 8160K(22016K)->8148K(22016K) Eden: 0K(13824K)->0K(13824K) From: 8160K(8192K)->8148K(8192K)
[0.475s][info][gc,heap        ] GC(25) ParOldGen: 39718K(39936K)->38501K(54784K)
[0.475s][info][gc,metaspace   ] GC(25) Metaspace: 6302K(6528K)->6302K(6528K) NonClass: 5769K(5888K)->5769K(5888K) Class: 533K(640K)->533K(640K)
[0.475s][info][gc             ] GC(25) Pause Full (Ergonomics) 46M->45M(75M) 35.332ms
[0.475s][info][gc,cpu         ] GC(25) User=0.03s Sys=0.00s Real=0.03s
[0.489s][info][gc,start       ] GC(26) Pause Young (Allocation Failure)
[0.506s][info][gc,heap        ] GC(26) PSYoungGen: 21972K(22016K)->13824K(24576K) Eden: 13824K(13824K)->0K(10752K) From: 8148K(8192K)->13824K(13824K)
[0.506s][info][gc,heap        ] GC(26) ParOldGen: 38501K(54784K)->46757K(54784K)
[0.506s][info][gc,metaspace   ] GC(26) Metaspace: 6302K(6528K)->6302K(6528K) NonClass: 5769K(5888K)->5769K(5888K) Class: 533K(640K)->533K(640K)
[0.506s][info][gc             ] GC(26) Pause Young (Allocation Failure) 59M->59M(77M) 17.103ms
[0.506s][info][gc,cpu         ] GC(26) User=0.02s Sys=0.02s Real=0.02s
[0.507s][info][gc,start       ] GC(27) Pause Full (Ergonomics)
[0.507s][info][gc,phases,start] GC(27) Marking Phase
[0.530s][info][gc,phases      ] GC(27) Marking Phase 23.353ms
[0.530s][info][gc,phases,start] GC(27) Summary Phase
[0.530s][info][gc,phases      ] GC(27) Summary Phase 0.027ms
[0.530s][info][gc,phases,start] GC(27) Adjust Roots
[0.530s][info][gc,phases      ] GC(27) Adjust Roots 0.194ms
[0.530s][info][gc,phases,start] GC(27) Compaction Phase
[0.550s][info][gc,phases      ] GC(27) Compaction Phase 19.303ms
[0.550s][info][gc,phases,start] GC(27) Post Compact
[0.550s][info][gc,phases      ] GC(27) Post Compact 0.188ms
[0.550s][info][gc,heap        ] GC(27) PSYoungGen: 13824K(24576K)->6126K(24576K) Eden: 0K(10752K)->0K(10752K) From: 13824K(13824K)->6126K(13824K)
[0.550s][info][gc,heap        ] GC(27) ParOldGen: 46757K(54784K)->54318K(73728K)
[0.550s][info][gc,metaspace   ] GC(27) Metaspace: 6302K(6528K)->6302K(6528K) NonClass: 5769K(5888K)->5769K(5888K) Class: 533K(640K)->533K(640K)
[0.550s][info][gc             ] GC(27) Pause Full (Ergonomics) 59M->59M(96M) 43.475ms
[0.550s][info][gc,cpu         ] GC(27) User=0.03s Sys=0.00s Real=0.04s
[0.561s][info][gc,start       ] GC(28) Pause Young (Allocation Failure)
[0.576s][info][gc,heap        ] GC(28) PSYoungGen: 16878K(24576K)->10752K(30208K) Eden: 10752K(10752K)->0K(10752K) From: 6126K(13824K)->10752K(19456K)
[0.576s][info][gc,heap        ] GC(28) ParOldGen: 54318K(73728K)->60550K(73728K)
[0.576s][info][gc,metaspace   ] GC(28) Metaspace: 6302K(6528K)->6302K(6528K) NonClass: 5769K(5888K)->5769K(5888K) Class: 533K(640K)->533K(640K)
[0.576s][info][gc             ] GC(28) Pause Young (Allocation Failure) 69M->69M(101M) 15.126ms
[0.576s][info][gc,cpu         ] GC(28) User=0.00s Sys=0.00s Real=0.01s
[0.587s][info][gc,start       ] GC(29) Pause Young (Allocation Failure)
[0.603s][info][gc,heap        ] GC(29) PSYoungGen: 21504K(30208K)->19456K(28160K) Eden: 10752K(10752K)->0K(8704K) From: 10752K(19456K)->19456K(19456K)
[0.603s][info][gc,heap        ] GC(29) ParOldGen: 60550K(73728K)->62614K(73728K)
[0.603s][info][gc,metaspace   ] GC(29) Metaspace: 6302K(6528K)->6302K(6528K) NonClass: 5769K(5888K)->5769K(5888K) Class: 533K(640K)->533K(640K)
[0.603s][info][gc             ] GC(29) Pause Young (Allocation Failure) 80M->80M(99M) 15.375ms
[0.603s][info][gc,cpu         ] GC(29) User=0.00s Sys=0.00s Real=0.02s
[0.611s][info][gc,start       ] GC(30) Pause Young (Allocation Failure)
[0.629s][info][gc,heap        ] GC(30) PSYoungGen: 26404K(28160K)->6880K(32256K) Eden: 6948K(8704K)->0K(8704K) From: 19456K(19456K)->6880K(23552K)
[0.629s][info][gc,heap        ] GC(30) ParOldGen: 62614K(73728K)->82350K(82432K)
[0.630s][info][gc,metaspace   ] GC(30) Metaspace: 6302K(6528K)->6302K(6528K) NonClass: 5769K(5888K)->5769K(5888K) Class: 533K(640K)->533K(640K)
[0.630s][info][gc             ] GC(30) Pause Young (Allocation Failure) 86M->87M(112M) 18.898ms
[0.630s][info][gc,cpu         ] GC(30) User=0.02s Sys=0.00s Real=0.02s
[0.630s][info][gc,start       ] GC(31) Pause Full (Ergonomics)
[0.630s][info][gc,phases,start] GC(31) Marking Phase
[0.665s][info][gc,phases      ] GC(31) Marking Phase 35.034ms
[0.665s][info][gc,phases,start] GC(31) Summary Phase
[0.665s][info][gc,phases      ] GC(31) Summary Phase 0.019ms
[0.665s][info][gc,phases,start] GC(31) Adjust Roots
[0.665s][info][gc,phases      ] GC(31) Adjust Roots 0.204ms
[0.665s][info][gc,phases,start] GC(31) Compaction Phase
[0.689s][info][gc,phases      ] GC(31) Compaction Phase 24.381ms
[0.689s][info][gc,phases,start] GC(31) Post Compact
[0.690s][info][gc,phases      ] GC(31) Post Compact 0.529ms
[0.690s][info][gc,heap        ] GC(31) PSYoungGen: 6880K(32256K)->6326K(32256K) Eden: 0K(8704K)->0K(8704K) From: 6880K(23552K)->6326K(23552K)
[0.690s][info][gc,heap        ] GC(31) ParOldGen: 82350K(82432K)->82401K(108544K)
[0.690s][info][gc,metaspace   ] GC(31) Metaspace: 6302K(6528K)->6302K(6528K) NonClass: 5769K(5888K)->5769K(5888K) Class: 533K(640K)->533K(640K)
[0.690s][info][gc             ] GC(31) Pause Full (Ergonomics) 87M->86M(137M) 60.616ms
[0.690s][info][gc,cpu         ] GC(31) User=0.09s Sys=0.00s Real=0.06s
[0.707s][info][gc,start       ] GC(32) Pause Young (Allocation Failure)
[0.723s][info][gc,heap        ] GC(32) PSYoungGen: 15030K(32256K)->8704K(31232K) Eden: 8704K(8704K)->0K(10752K) From: 6326K(23552K)->8704K(20480K)
[0.723s][info][gc,heap        ] GC(32) ParOldGen: 82401K(108544K)->88833K(108544K)
[0.723s][info][gc,metaspace   ] GC(32) Metaspace: 6302K(6528K)->6302K(6528K) NonClass: 5769K(5888K)->5769K(5888K) Class: 533K(640K)->533K(640K)
[0.723s][info][gc             ] GC(32) Pause Young (Allocation Failure) 95M->95M(136M) 16.415ms
[0.723s][info][gc,cpu         ] GC(32) User=0.00s Sys=0.00s Real=0.02s
[0.734s][info][gc,start       ] GC(33) Pause Young (Allocation Failure)
[0.743s][info][gc,heap        ] GC(33) PSYoungGen: 19456K(31232K)->19456K(32256K) Eden: 10752K(10752K)->0K(10752K) From: 8704K(20480K)->19456K(21504K)
[0.744s][info][gc,heap        ] GC(33) ParOldGen: 88833K(108544K)->88833K(108544K)
[0.744s][info][gc,metaspace   ] GC(33) Metaspace: 6302K(6528K)->6302K(6528K) NonClass: 5769K(5888K)->5769K(5888K) Class: 533K(640K)->533K(640K)
[0.744s][info][gc             ] GC(33) Pause Young (Allocation Failure) 105M->105M(137M) 10.050ms
[0.744s][info][gc,cpu         ] GC(33) User=0.00s Sys=0.00s Real=0.01s
[0.754s][info][gc,start       ] GC(34) Pause Young (Allocation Failure)
[0.772s][info][gc,heap        ] GC(34) PSYoungGen: 30208K(32256K)->24032K(31232K) Eden: 10752K(10752K)->0K(7168K) From: 19456K(21504K)->24032K(24064K)
[0.772s][info][gc,heap        ] GC(34) ParOldGen: 88833K(108544K)->95073K(108544K)
[0.772s][info][gc,metaspace   ] GC(34) Metaspace: 6302K(6528K)->6302K(6528K) NonClass: 5769K(5888K)->5769K(5888K) Class: 533K(640K)->533K(640K)
[0.772s][info][gc             ] GC(34) Pause Young (Allocation Failure) 116M->116M(136M) 17.751ms
[0.772s][info][gc,cpu         ] GC(34) User=0.00s Sys=0.03s Real=0.02s
[0.772s][info][gc,start       ] GC(35) Pause Full (Ergonomics)
[0.772s][info][gc,phases,start] GC(35) Marking Phase
[0.819s][info][gc,phases      ] GC(35) Marking Phase 47.134ms
[0.819s][info][gc,phases,start] GC(35) Summary Phase
[0.819s][info][gc,phases      ] GC(35) Summary Phase 0.029ms
[0.819s][info][gc,phases,start] GC(35) Adjust Roots
[0.820s][info][gc,phases      ] GC(35) Adjust Roots 0.205ms
[0.820s][info][gc,phases,start] GC(35) Compaction Phase
[0.856s][info][gc,phases      ] GC(35) Compaction Phase 36.548ms
[0.856s][info][gc,phases,start] GC(35) Post Compact
[0.857s][info][gc,phases      ] GC(35) Post Compact 0.478ms
[0.857s][info][gc,heap        ] GC(35) PSYoungGen: 24032K(31232K)->8655K(31232K) Eden: 0K(7168K)->0K(7168K) From: 24032K(24064K)->8655K(24064K)
[0.857s][info][gc,heap        ] GC(35) ParOldGen: 95073K(108544K)->108157K(134656K)
[0.857s][info][gc,metaspace   ] GC(35) Metaspace: 6302K(6528K)->6302K(6528K) NonClass: 5769K(5888K)->5769K(5888K) Class: 533K(640K)->533K(640K)
[0.857s][info][gc             ] GC(35) Pause Full (Ergonomics) 116M->114M(162M) 84.873ms
[0.857s][info][gc,cpu         ] GC(35) User=0.14s Sys=0.00s Real=0.09s
[0.865s][info][gc,start       ] GC(36) Pause Young (Allocation Failure)
[0.884s][info][gc,heap        ] GC(36) PSYoungGen: 15823K(31232K)->12000K(37376K) Eden: 7168K(7168K)->0K(7168K) From: 8655K(24064K)->12000K(30208K)
[0.884s][info][gc,heap        ] GC(36) ParOldGen: 108157K(134656K)->112061K(134656K)
[0.884s][info][gc,metaspace   ] GC(36) Metaspace: 6302K(6528K)->6302K(6528K) NonClass: 5769K(5888K)->5769K(5888K) Class: 533K(640K)->533K(640K)
[0.884s][info][gc             ] GC(36) Pause Young (Allocation Failure) 121M->121M(168M) 19.149ms
[0.884s][info][gc,cpu         ] GC(36) User=0.03s Sys=0.00s Real=0.02s
[0.892s][info][gc,start       ] GC(37) Pause Young (Allocation Failure)
[0.903s][info][gc,heap        ] GC(37) PSYoungGen: 19168K(37376K)->19136K(36352K) Eden: 7168K(7168K)->0K(7680K) From: 12000K(30208K)->19136K(28672K)
[0.903s][info][gc,heap        ] GC(37) ParOldGen: 112061K(134656K)->112061K(134656K)
[0.903s][info][gc,metaspace   ] GC(37) Metaspace: 6302K(6528K)->6302K(6528K) NonClass: 5769K(5888K)->5769K(5888K) Class: 533K(640K)->533K(640K)
[0.903s][info][gc             ] GC(37) Pause Young (Allocation Failure) 128M->128M(167M) 11.581ms
[0.903s][info][gc,cpu         ] GC(37) User=0.00s Sys=0.00s Real=0.01s
[0.911s][info][gc,start       ] GC(38) Pause Young (Allocation Failure)
[0.928s][info][gc,heap        ] GC(38) PSYoungGen: 26816K(36352K)->21984K(37376K) Eden: 7680K(7680K)->0K(7680K) From: 19136K(28672K)->21984K(29696K)
[0.928s][info][gc,heap        ] GC(38) ParOldGen: 112061K(134656K)->116965K(134656K)
[0.928s][info][gc,metaspace   ] GC(38) Metaspace: 6302K(6528K)->6302K(6528K) NonClass: 5769K(5888K)->5769K(5888K) Class: 533K(640K)->533K(640K)
[0.928s][info][gc             ] GC(38) Pause Young (Allocation Failure) 135M->135M(168M) 16.441ms
[0.928s][info][gc,cpu         ] GC(38) User=0.03s Sys=0.00s Real=0.02s
[0.937s][info][gc,start       ] GC(39) Pause Young (Allocation Failure)
[0.955s][info][gc,heap        ] GC(39) PSYoungGen: 29664K(37376K)->22496K(39424K) Eden: 7680K(7680K)->0K(7680K) From: 21984K(29696K)->22496K(31744K)
[0.955s][info][gc,heap        ] GC(39) ParOldGen: 116965K(134656K)->124221K(134656K)
[0.955s][info][gc,metaspace   ] GC(39) Metaspace: 6302K(6528K)->6302K(6528K) NonClass: 5769K(5888K)->5769K(5888K) Class: 533K(640K)->533K(640K)
[0.955s][info][gc             ] GC(39) Pause Young (Allocation Failure) 143M->143M(170M) 18.434ms
[0.955s][info][gc,cpu         ] GC(39) User=0.02s Sys=0.02s Real=0.02s
[0.955s][info][gc,start       ] GC(40) Pause Full (Ergonomics)
[0.955s][info][gc,phases,start] GC(40) Marking Phase
[1.014s][info][gc,phases      ] GC(40) Marking Phase 58.856ms
[1.014s][info][gc,phases,start] GC(40) Summary Phase
[1.014s][info][gc,phases      ] GC(40) Summary Phase 0.019ms
[1.014s][info][gc,phases,start] GC(40) Adjust Roots
[1.015s][info][gc,phases      ] GC(40) Adjust Roots 0.361ms
[1.015s][info][gc,phases,start] GC(40) Compaction Phase
[1.049s][info][gc,phases      ] GC(40) Compaction Phase 33.854ms
[1.049s][info][gc,phases,start] GC(40) Post Compact
[1.049s][info][gc,phases      ] GC(40) Post Compact 0.739ms
[1.050s][info][gc,heap        ] GC(40) PSYoungGen: 22496K(39424K)->12215K(39424K) Eden: 0K(7680K)->0K(7680K) From: 22496K(31744K)->12215K(31744K)
[1.050s][info][gc,heap        ] GC(40) ParOldGen: 124221K(134656K)->134169K(160768K)
[1.050s][info][gc,metaspace   ] GC(40) Metaspace: 6302K(6528K)->6302K(6528K) NonClass: 5769K(5888K)->5769K(5888K) Class: 533K(640K)->533K(640K)
[1.050s][info][gc             ] GC(40) Pause Full (Ergonomics) 143M->142M(195M) 94.360ms
[1.050s][info][gc,cpu         ] GC(40) User=0.14s Sys=0.00s Real=0.09s
[1.059s][info][gc,start       ] GC(41) Pause Young (Allocation Failure)
[1.084s][info][gc,heap        ] GC(41) PSYoungGen: 19895K(39424K)->12192K(40960K) Eden: 7680K(7680K)->0K(7680K) From: 12215K(31744K)->12192K(33280K)
[1.084s][info][gc,heap        ] GC(41) ParOldGen: 134169K(160768K)->142025K(160768K)
[1.084s][info][gc,metaspace   ] GC(41) Metaspace: 6302K(6528K)->6302K(6528K) NonClass: 5769K(5888K)->5769K(5888K) Class: 533K(640K)->533K(640K)
[1.084s][info][gc             ] GC(41) Pause Young (Allocation Failure) 150M->150M(197M) 25.436ms
[1.084s][info][gc,cpu         ] GC(41) User=0.00s Sys=0.03s Real=0.03s
[1.092s][info][gc,start       ] GC(42) Pause Young (Allocation Failure)
[1.106s][info][gc,heap        ] GC(42) PSYoungGen: 19872K(40960K)->15360K(37888K) Eden: 7680K(7680K)->0K(9216K) From: 12192K(33280K)->15360K(28672K)
[1.106s][info][gc,heap        ] GC(42) ParOldGen: 142025K(160768K)->146593K(160768K)
[1.106s][info][gc,metaspace   ] GC(42) Metaspace: 6302K(6528K)->6302K(6528K) NonClass: 5769K(5888K)->5769K(5888K) Class: 533K(640K)->533K(640K)
[1.106s][info][gc             ] GC(42) Pause Young (Allocation Failure) 158M->158M(194M) 13.525ms
[1.106s][info][gc,cpu         ] GC(42) User=0.00s Sys=0.00s Real=0.01s
[1.117s][info][gc,start       ] GC(43) Pause Young (Allocation Failure)
[1.134s][info][gc,heap        ] GC(43) PSYoungGen: 24576K(37888K)->16896K(39424K) Eden: 9216K(9216K)->0K(9216K) From: 15360K(28672K)->16896K(30208K)
[1.134s][info][gc,heap        ] GC(43) ParOldGen: 146593K(160768K)->154369K(160768K)
[1.134s][info][gc,metaspace   ] GC(43) Metaspace: 6302K(6528K)->6302K(6528K) NonClass: 5769K(5888K)->5769K(5888K) Class: 533K(640K)->533K(640K)
[1.134s][info][gc             ] GC(43) Pause Young (Allocation Failure) 167M->167M(195M) 16.848ms
[1.134s][info][gc,cpu         ] GC(43) User=0.06s Sys=0.00s Real=0.02s
[1.134s][info][gc,start       ] GC(44) Pause Full (Ergonomics)
[1.134s][info][gc,phases,start] GC(44) Marking Phase
[1.202s][info][gc,phases      ] GC(44) Marking Phase 68.296ms
[1.202s][info][gc,phases,start] GC(44) Summary Phase
[1.202s][info][gc,phases      ] GC(44) Summary Phase 0.029ms
[1.202s][info][gc,phases,start] GC(44) Adjust Roots
[1.202s][info][gc,phases      ] GC(44) Adjust Roots 0.188ms
[1.202s][info][gc,phases,start] GC(44) Compaction Phase
[1.237s][info][gc,phases      ] GC(44) Compaction Phase 34.367ms
[1.237s][info][gc,phases,start] GC(44) Post Compact
[1.238s][info][gc,phases      ] GC(44) Post Compact 0.801ms
[1.238s][info][gc,heap        ] GC(44) PSYoungGen: 16896K(39424K)->10189K(39424K) Eden: 0K(9216K)->0K(9216K) From: 16896K(30208K)->10189K(30208K)
[1.238s][info][gc,heap        ] GC(44) ParOldGen: 154369K(160768K)->160675K(188928K)
[1.238s][info][gc,metaspace   ] GC(44) Metaspace: 6302K(6528K)->6302K(6528K) NonClass: 5769K(5888K)->5769K(5888K) Class: 533K(640K)->533K(640K)
[1.238s][info][gc             ] GC(44) Pause Full (Ergonomics) 167M->166M(223M) 104.189ms
[1.238s][info][gc,cpu         ] GC(44) User=0.17s Sys=0.02s Real=0.10s
[1.274s][info][gc,start       ] GC(45) Pause Young (Allocation Failure)
[1.302s][info][gc,heap        ] GC(45) PSYoungGen: 19405K(39424K)->9248K(39424K) Eden: 9216K(9216K)->0K(10752K) From: 10189K(30208K)->9248K(28672K)
[1.302s][info][gc,heap        ] GC(45) ParOldGen: 168867K(188928K)->179227K(188928K)
[1.302s][info][gc,metaspace   ] GC(45) Metaspace: 6302K(6528K)->6302K(6528K) NonClass: 5769K(5888K)->5769K(5888K) Class: 533K(640K)->533K(640K)
[1.302s][info][gc             ] GC(45) Pause Young (Allocation Failure) 183M->184M(223M) 28.190ms
[1.302s][info][gc,cpu         ] GC(45) User=0.03s Sys=0.00s Real=0.03s
[1.302s][info][gc,start       ] GC(46) Pause Full (Ergonomics)
[1.302s][info][gc,phases,start] GC(46) Marking Phase
[1.376s][info][gc,phases      ] GC(46) Marking Phase 74.157ms
[1.376s][info][gc,phases,start] GC(46) Summary Phase
[1.376s][info][gc,phases      ] GC(46) Summary Phase 0.023ms
[1.376s][info][gc,phases,start] GC(46) Adjust Roots
[1.377s][info][gc,phases      ] GC(46) Adjust Roots 0.207ms
[1.377s][info][gc,phases,start] GC(46) Compaction Phase
[1.419s][info][gc,phases      ] GC(46) Compaction Phase 42.677ms
[1.419s][info][gc,phases,start] GC(46) Post Compact
[1.420s][info][gc,phases      ] GC(46) Post Compact 0.792ms
[1.420s][info][gc,heap        ] GC(46) PSYoungGen: 9248K(39424K)->0K(39936K) Eden: 0K(10752K)->0K(10752K) From: 9248K(28672K)->0K(29184K)
[1.420s][info][gc,heap        ] GC(46) ParOldGen: 179227K(188928K)->184143K(215552K)
[1.420s][info][gc,metaspace   ] GC(46) Metaspace: 6302K(6528K)->6302K(6528K) NonClass: 5769K(5888K)->5769K(5888K) Class: 533K(640K)->533K(640K)
[1.420s][info][gc             ] GC(46) Pause Full (Ergonomics) 184M->179M(249M) 118.347ms
[1.421s][info][gc,cpu         ] GC(46) User=0.20s Sys=0.00s Real=0.12s
[1.432s][info][gc,start       ] GC(47) Pause Young (Allocation Failure)
[1.441s][info][gc,heap        ] GC(47) PSYoungGen: 10752K(39936K)->10752K(39424K) Eden: 10752K(10752K)->0K(12288K) From: 0K(29184K)->10752K(27136K)
[1.441s][info][gc,heap        ] GC(47) ParOldGen: 184143K(215552K)->184143K(215552K)
[1.441s][info][gc,metaspace   ] GC(47) Metaspace: 6302K(6528K)->6302K(6528K) NonClass: 5769K(5888K)->5769K(5888K) Class: 533K(640K)->533K(640K)
[1.441s][info][gc             ] GC(47) Pause Young (Allocation Failure) 190M->190M(249M) 8.543ms
[1.441s][info][gc,cpu         ] GC(47) User=0.00s Sys=0.00s Real=0.01s
[1.453s][info][gc,start       ] GC(48) Pause Young (Allocation Failure)
[1.468s][info][gc,heap        ] GC(48) PSYoungGen: 23040K(39424K)->23072K(40448K) Eden: 12288K(12288K)->0K(12288K) From: 10752K(27136K)->23072K(28160K)
[1.468s][info][gc,heap        ] GC(48) ParOldGen: 184143K(215552K)->184143K(215552K)
[1.468s][info][gc,metaspace   ] GC(48) Metaspace: 6302K(6528K)->6302K(6528K) NonClass: 5769K(5888K)->5769K(5888K) Class: 533K(640K)->533K(640K)
[1.468s][info][gc             ] GC(48) Pause Young (Allocation Failure) 202M->202M(250M) 14.892ms
[1.468s][info][gc,cpu         ] GC(48) User=0.00s Sys=0.00s Real=0.01s
[1.482s][info][gc,start       ] GC(49) Pause Young (Allocation Failure)
[1.506s][info][gc,heap        ] GC(49) PSYoungGen: 35360K(40448K)->30208K(37888K) Eden: 12288K(12288K)->0K(7680K) From: 23072K(28160K)->30208K(30208K)
[1.506s][info][gc,heap        ] GC(49) ParOldGen: 184143K(215552K)->189327K(215552K)
[1.506s][info][gc,metaspace   ] GC(49) Metaspace: 6302K(6528K)->6302K(6528K) NonClass: 5769K(5888K)->5769K(5888K) Class: 533K(640K)->533K(640K)
[1.506s][info][gc             ] GC(49) Pause Young (Allocation Failure) 214M->214M(247M) 24.233ms
[1.506s][info][gc,cpu         ] GC(49) User=0.03s Sys=0.00s Real=0.02s
[1.515s][info][gc,start       ] GC(50) Pause Young (Allocation Failure)
[1.540s][info][gc,heap        ] GC(50) PSYoungGen: 37888K(37888K)->28480K(44032K) Eden: 7680K(7680K)->0K(7680K) From: 30208K(30208K)->28480K(36352K)
[1.540s][info][gc,heap        ] GC(50) ParOldGen: 189327K(215552K)->198887K(215552K)
[1.540s][info][gc,metaspace   ] GC(50) Metaspace: 6302K(6528K)->6302K(6528K) NonClass: 5769K(5888K)->5769K(5888K) Class: 533K(640K)->533K(640K)
[1.540s][info][gc             ] GC(50) Pause Young (Allocation Failure) 221M->222M(253M) 24.557ms
[1.540s][info][gc,cpu         ] GC(50) User=0.03s Sys=0.00s Real=0.02s
[1.548s][info][gc,start       ] GC(51) Pause Young (Allocation Failure)
[1.573s][info][gc,heap        ] GC(51) PSYoungGen: 36160K(44032K)->26080K(47104K) Eden: 7680K(7680K)->0K(8192K) From: 28480K(36352K)->26080K(38912K)
[1.573s][info][gc,heap        ] GC(51) ParOldGen: 198887K(215552K)->209111K(215552K)
[1.573s][info][gc,metaspace   ] GC(51) Metaspace: 6302K(6528K)->6302K(6528K) NonClass: 5769K(5888K)->5769K(5888K) Class: 533K(640K)->533K(640K)
[1.573s][info][gc             ] GC(51) Pause Young (Allocation Failure) 229M->229M(256M) 25.237ms
[1.573s][info][gc,cpu         ] GC(51) User=0.03s Sys=0.00s Real=0.02s
[1.573s][info][gc,start       ] GC(52) Pause Full (Ergonomics)
[1.573s][info][gc,phases,start] GC(52) Marking Phase
[1.668s][info][gc,phases      ] GC(52) Marking Phase 94.815ms
[1.668s][info][gc,phases,start] GC(52) Summary Phase
[1.668s][info][gc,phases      ] GC(52) Summary Phase 0.031ms
[1.668s][info][gc,phases,start] GC(52) Adjust Roots
[1.668s][info][gc,phases      ] GC(52) Adjust Roots 0.192ms
[1.668s][info][gc,phases,start] GC(52) Compaction Phase
[1.716s][info][gc,phases      ] GC(52) Compaction Phase 47.793ms
[1.716s][info][gc,phases,start] GC(52) Post Compact
[1.717s][info][gc,phases      ] GC(52) Post Compact 1.146ms
[1.718s][info][gc,heap        ] GC(52) PSYoungGen: 26080K(47104K)->19342K(47104K) Eden: 0K(8192K)->0K(8192K) From: 26080K(38912K)->19342K(38912K)
[1.718s][info][gc,heap        ] GC(52) ParOldGen: 209111K(215552K)->215336K(249344K)
[1.718s][info][gc,metaspace   ] GC(52) Metaspace: 6302K(6528K)->6302K(6528K) NonClass: 5769K(5888K)->5769K(5888K) Class: 533K(640K)->533K(640K)
[1.718s][info][gc             ] GC(52) Pause Full (Ergonomics) 229M->229M(289M) 144.569ms
[1.718s][info][gc,cpu         ] GC(52) User=0.20s Sys=0.00s Real=0.14s
[1.727s][info][gc,start       ] GC(53) Pause Young (Allocation Failure)
[1.761s][info][gc,heap        ] GC(53) PSYoungGen: 27534K(47104K)->20288K(28672K) Eden: 8192K(8192K)->0K(8192K) From: 19342K(38912K)->20288K(20480K)
[1.761s][info][gc,heap        ] GC(53) ParOldGen: 215336K(249344K)->222744K(249344K)
[1.761s][info][gc,metaspace   ] GC(53) Metaspace: 6302K(6528K)->6302K(6528K) NonClass: 5769K(5888K)->5769K(5888K) Class: 533K(640K)->533K(640K)
[1.761s][info][gc             ] GC(53) Pause Young (Allocation Failure) 237M->237M(271M) 33.987ms
[1.761s][info][gc,cpu         ] GC(53) User=0.06s Sys=0.00s Real=0.03s
[1.770s][info][gc,start       ] GC(54) Pause Young (Allocation Failure)
[1.789s][info][gc,heap        ] GC(54) PSYoungGen: 28480K(28672K)->22592K(47616K) Eden: 8192K(8192K)->0K(9728K) From: 20288K(20480K)->22592K(37888K)
[1.789s][info][gc,heap        ] GC(54) ParOldGen: 222744K(249344K)->228712K(249344K)
[1.789s][info][gc,metaspace   ] GC(54) Metaspace: 6302K(6528K)->6302K(6528K) NonClass: 5769K(5888K)->5769K(5888K) Class: 533K(640K)->533K(640K)
[1.789s][info][gc             ] GC(54) Pause Young (Allocation Failure) 245M->245M(290M) 18.849ms
[1.789s][info][gc,cpu         ] GC(54) User=0.03s Sys=0.00s Real=0.02s
[1.801s][info][gc,start       ] GC(55) Pause Young (Allocation Failure)
[1.822s][info][gc,heap        ] GC(55) PSYoungGen: 32320K(47616K)->26080K(47616K) Eden: 9728K(9728K)->0K(9728K) From: 22592K(37888K)->26080K(37888K)
[1.822s][info][gc,heap        ] GC(55) ParOldGen: 228712K(249344K)->235008K(249344K)
[1.822s][info][gc,metaspace   ] GC(55) Metaspace: 6302K(6528K)->6302K(6528K) NonClass: 5769K(5888K)->5769K(5888K) Class: 533K(640K)->533K(640K)
[1.822s][info][gc             ] GC(55) Pause Young (Allocation Failure) 254M->254M(290M) 21.575ms
[1.822s][info][gc,cpu         ] GC(55) User=0.03s Sys=0.00s Real=0.02s
[1.834s][info][gc,start       ] GC(56) Pause Young (Allocation Failure)
[1.859s][info][gc,heap        ] GC(56) PSYoungGen: 35808K(47616K)->27648K(48640K) Eden: 9728K(9728K)->0K(10240K) From: 26080K(37888K)->27648K(38400K)
[1.859s][info][gc,heap        ] GC(56) ParOldGen: 235008K(249344K)->243296K(249344K)
[1.859s][info][gc,metaspace   ] GC(56) Metaspace: 6302K(6528K)->6302K(6528K) NonClass: 5769K(5888K)->5769K(5888K) Class: 533K(640K)->533K(640K)
[1.859s][info][gc             ] GC(56) Pause Young (Allocation Failure) 264M->264M(291M) 24.417ms
[1.859s][info][gc,cpu         ] GC(56) User=0.03s Sys=0.00s Real=0.02s
[1.859s][info][gc,start       ] GC(57) Pause Full (Ergonomics)
[1.859s][info][gc,phases,start] GC(57) Marking Phase
[1.968s][info][gc,phases      ] GC(57) Marking Phase 109.222ms
[1.968s][info][gc,phases,start] GC(57) Summary Phase
[1.968s][info][gc,phases      ] GC(57) Summary Phase 0.021ms
[1.968s][info][gc,phases,start] GC(57) Adjust Roots
[1.968s][info][gc,phases      ] GC(57) Adjust Roots 0.234ms
[1.968s][info][gc,phases,start] GC(57) Compaction Phase
[2.022s][info][gc,phases      ] GC(57) Compaction Phase 53.517ms
[2.022s][info][gc,phases,start] GC(57) Post Compact
[2.023s][info][gc,phases      ] GC(57) Post Compact 1.339ms
[2.024s][info][gc,heap        ] GC(57) PSYoungGen: 27648K(48640K)->21419K(48640K) Eden: 0K(10240K)->0K(10240K) From: 27648K(38400K)->21419K(38400K)
[2.024s][info][gc,heap        ] GC(57) ParOldGen: 243296K(249344K)->248967K(284160K)
[2.024s][info][gc,metaspace   ] GC(57) Metaspace: 6302K(6528K)->6302K(6528K) NonClass: 5769K(5888K)->5769K(5888K) Class: 533K(640K)->533K(640K)
[2.024s][info][gc             ] GC(57) Pause Full (Ergonomics) 264M->264M(325M) 164.875ms
[2.024s][info][gc,cpu         ] GC(57) User=0.30s Sys=0.00s Real=0.16s
[2.036s][info][gc,start       ] GC(58) Pause Young (Allocation Failure)
[2.077s][info][gc,heap        ] GC(58) PSYoungGen: 31659K(48640K)->18016K(49664K) Eden: 10240K(10240K)->0K(10240K) From: 21419K(38400K)->18016K(39424K)
[2.077s][info][gc,heap        ] GC(58) ParOldGen: 248967K(284160K)->262887K(284160K)
[2.078s][info][gc,metaspace   ] GC(58) Metaspace: 6302K(6528K)->6302K(6528K) NonClass: 5769K(5888K)->5769K(5888K) Class: 533K(640K)->533K(640K)
[2.078s][info][gc             ] GC(58) Pause Young (Allocation Failure) 274M->274M(326M) 41.664ms
[2.078s][info][gc,cpu         ] GC(58) User=0.06s Sys=0.00s Real=0.04s
[2.090s][info][gc,start       ] GC(59) Pause Young (Allocation Failure)
[2.110s][info][gc,heap        ] GC(59) PSYoungGen: 28256K(49664K)->20480K(46080K) Eden: 10240K(10240K)->0K(11776K) From: 18016K(39424K)->20480K(34304K)
[2.110s][info][gc,heap        ] GC(59) ParOldGen: 262887K(284160K)->270743K(284160K)
[2.110s][info][gc,metaspace   ] GC(59) Metaspace: 6302K(6528K)->6302K(6528K) NonClass: 5769K(5888K)->5769K(5888K) Class: 533K(640K)->533K(640K)
[2.110s][info][gc             ] GC(59) Pause Young (Allocation Failure) 284M->284M(322M) 20.372ms
[2.110s][info][gc,cpu         ] GC(59) User=0.02s Sys=0.02s Real=0.02s
[2.110s][info][gc,start       ] GC(60) Pause Full (Ergonomics)
[2.110s][info][gc,phases,start] GC(60) Marking Phase
[2.228s][info][gc,phases      ] GC(60) Marking Phase 118.012ms
[2.228s][info][gc,phases,start] GC(60) Summary Phase
[2.228s][info][gc,phases      ] GC(60) Summary Phase 0.022ms
[2.228s][info][gc,phases,start] GC(60) Adjust Roots
[2.229s][info][gc,phases      ] GC(60) Adjust Roots 0.211ms
[2.229s][info][gc,phases,start] GC(60) Compaction Phase
[2.283s][info][gc,phases      ] GC(60) Compaction Phase 54.022ms
[2.283s][info][gc,phases,start] GC(60) Post Compact
[2.284s][info][gc,phases      ] GC(60) Post Compact 1.413ms
[2.284s][info][gc,heap        ] GC(60) PSYoungGen: 20480K(46080K)->7132K(48128K) Eden: 0K(11776K)->0K(13824K) From: 20480K(34304K)->7132K(34304K)
[2.284s][info][gc,heap        ] GC(60) ParOldGen: 270743K(284160K)->283673K(323584K)
[2.284s][info][gc,metaspace   ] GC(60) Metaspace: 6302K(6528K)->6302K(6528K) NonClass: 5769K(5888K)->5769K(5888K) Class: 533K(640K)->533K(640K)
[2.285s][info][gc             ] GC(60) Pause Full (Ergonomics) 284M->283M(363M) 174.230ms
[2.285s][info][gc,cpu         ] GC(60) User=0.31s Sys=0.00s Real=0.18s
[2.300s][info][gc,start       ] GC(61) Pause Young (Allocation Failure)
[2.341s][info][gc,heap        ] GC(61) PSYoungGen: 20956K(48128K)->17536K(50176K) Eden: 13824K(13824K)->0K(13824K) From: 7132K(34304K)->17536K(36352K)
[2.341s][info][gc,heap        ] GC(61) ParOldGen: 283673K(323584K)->287185K(323584K)
[2.341s][info][gc,metaspace   ] GC(61) Metaspace: 6302K(6528K)->6302K(6528K) NonClass: 5769K(5888K)->5769K(5888K) Class: 533K(640K)->533K(640K)
[2.341s][info][gc             ] GC(61) Pause Young (Allocation Failure) 297M->297M(365M) 41.316ms
[2.341s][info][gc,cpu         ] GC(61) User=0.06s Sys=0.00s Real=0.04s
[2.358s][info][gc,start       ] GC(62) Pause Young (Allocation Failure)
[2.379s][info][gc,heap        ] GC(62) PSYoungGen: 31360K(50176K)->31360K(48128K) Eden: 13824K(13824K)->0K(12800K) From: 17536K(36352K)->31360K(35328K)
[2.380s][info][gc,heap        ] GC(62) ParOldGen: 287185K(323584K)->287185K(323584K)
[2.380s][info][gc,metaspace   ] GC(62) Metaspace: 6302K(6528K)->6302K(6528K) NonClass: 5769K(5888K)->5769K(5888K) Class: 533K(640K)->533K(640K)
[2.380s][info][gc             ] GC(62) Pause Young (Allocation Failure) 311M->311M(363M) 21.988ms
[2.380s][info][gc,cpu         ] GC(62) User=0.03s Sys=0.00s Real=0.02s
[2.395s][info][gc,start       ] GC(63) Pause Young (Allocation Failure)
[2.423s][info][gc,heap        ] GC(63) PSYoungGen: 44160K(48128K)->37888K(50688K) Eden: 12800K(12800K)->0K(12800K) From: 31360K(35328K)->37888K(37888K)
[2.423s][info][gc,heap        ] GC(63) ParOldGen: 287185K(323584K)->293481K(323584K)
[2.423s][info][gc,metaspace   ] GC(63) Metaspace: 6302K(6528K)->6302K(6528K) NonClass: 5769K(5888K)->5769K(5888K) Class: 533K(640K)->533K(640K)
[2.423s][info][gc             ] GC(63) Pause Young (Allocation Failure) 323M->323M(365M) 28.665ms
[2.423s][info][gc,cpu         ] GC(63) User=0.03s Sys=0.00s Real=0.03s
[2.438s][info][gc,start       ] GC(64) Pause Young (Allocation Failure)
[2.472s][info][gc,heap        ] GC(64) PSYoungGen: 50688K(50688K)->35968K(57856K) Eden: 12800K(12800K)->0K(12800K) From: 37888K(37888K)->35968K(45056K)
[2.472s][info][gc,heap        ] GC(64) ParOldGen: 293481K(323584K)->308449K(323584K)
[2.472s][info][gc,metaspace   ] GC(64) Metaspace: 6302K(6528K)->6302K(6528K) NonClass: 5769K(5888K)->5769K(5888K) Class: 533K(640K)->533K(640K)
[2.473s][info][gc             ] GC(64) Pause Young (Allocation Failure) 336M->336M(372M) 34.369ms
[2.473s][info][gc,cpu         ] GC(64) User=0.06s Sys=0.00s Real=0.03s
[2.473s][info][gc,start       ] GC(65) Pause Full (Ergonomics)
[2.473s][info][gc,phases,start] GC(65) Marking Phase
[2.612s][info][gc,phases      ] GC(65) Marking Phase 139.049ms
[2.612s][info][gc,phases,start] GC(65) Summary Phase
[2.612s][info][gc,phases      ] GC(65) Summary Phase 0.031ms
[2.612s][info][gc,phases,start] GC(65) Adjust Roots
[2.612s][info][gc,phases      ] GC(65) Adjust Roots 0.232ms
[2.612s][info][gc,phases,start] GC(65) Compaction Phase
[2.679s][info][gc,phases      ] GC(65) Compaction Phase 66.563ms
[2.679s][info][gc,phases,start] GC(65) Post Compact
[2.680s][info][gc,phases      ] GC(65) Post Compact 1.689ms
[2.681s][info][gc,heap        ] GC(65) PSYoungGen: 35968K(57856K)->20522K(57856K) Eden: 0K(12800K)->0K(12800K) From: 35968K(45056K)->20522K(45056K)
[2.681s][info][gc,heap        ] GC(65) ParOldGen: 308449K(323584K)->323402K(367616K)
[2.681s][info][gc,metaspace   ] GC(65) Metaspace: 6302K(6528K)->6302K(6528K) NonClass: 5769K(5888K)->5769K(5888K) Class: 533K(640K)->533K(640K)
[2.681s][info][gc             ] GC(65) Pause Full (Ergonomics) 336M->335M(415M) 208.207ms
[2.681s][info][gc,cpu         ] GC(65) User=0.38s Sys=0.02s Real=0.21s
[2.761s][info][gc,start       ] GC(66) Pause Young (Allocation Failure)
[2.814s][info][gc,heap        ] GC(66) PSYoungGen: 33322K(57856K)->27392K(59904K) Eden: 12800K(12800K)->0K(12800K) From: 20522K(45056K)->27392K(47104K)
[2.814s][info][gc,heap        ] GC(66) ParOldGen: 339786K(367616K)->345866K(367616K)
[2.814s][info][gc,metaspace   ] GC(66) Metaspace: 6302K(6528K)->6302K(6528K) NonClass: 5769K(5888K)->5769K(5888K) Class: 533K(640K)->533K(640K)
[2.814s][info][gc             ] GC(66) Pause Young (Allocation Failure) 364M->364M(417M) 52.330ms
[2.814s][info][gc,cpu         ] GC(66) User=0.08s Sys=0.02s Real=0.05s
[2.827s][info][gc,start       ] GC(67) Pause Young (Allocation Failure)
[2.853s][info][gc,heap        ] GC(67) PSYoungGen: 40192K(59904K)->40192K(56832K) Eden: 12800K(12800K)->0K(10752K) From: 27392K(47104K)->40192K(46080K)
[2.853s][info][gc,heap        ] GC(67) ParOldGen: 345866K(367616K)->345866K(367616K)
[2.853s][info][gc,metaspace   ] GC(67) Metaspace: 6302K(6528K)->6302K(6528K) NonClass: 5769K(5888K)->5769K(5888K) Class: 533K(640K)->533K(640K)
[2.853s][info][gc             ] GC(67) Pause Young (Allocation Failure) 377M->377M(414M) 26.058ms
[2.853s][info][gc,cpu         ] GC(67) User=0.03s Sys=0.00s Real=0.03s
[2.865s][info][gc,start       ] GC(68) Pause Young (Allocation Failure)
[2.897s][info][gc,heap        ] GC(68) PSYoungGen: 50944K(56832K)->43808K(60416K) Eden: 10752K(10752K)->0K(10752K) From: 40192K(46080K)->43808K(49664K)
[2.897s][info][gc,heap        ] GC(68) ParOldGen: 345866K(367616K)->353082K(367616K)
[2.897s][info][gc,metaspace   ] GC(68) Metaspace: 6302K(6528K)->6302K(6528K) NonClass: 5769K(5888K)->5769K(5888K) Class: 533K(640K)->533K(640K)
[2.897s][info][gc             ] GC(68) Pause Young (Allocation Failure) 387M->387M(418M) 31.372ms
[2.897s][info][gc,cpu         ] GC(68) User=0.03s Sys=0.00s Real=0.03s
[2.908s][info][gc,start       ] GC(69) Pause Young (Allocation Failure)
[2.944s][info][gc,heap        ] GC(69) PSYoungGen: 54560K(60416K)->47104K(61440K) Eden: 10752K(10752K)->0K(7680K) From: 43808K(49664K)->47104K(53760K)
[2.944s][info][gc,heap        ] GC(69) ParOldGen: 353082K(367616K)->360666K(367616K)
[2.944s][info][gc,metaspace   ] GC(69) Metaspace: 6302K(6528K)->6302K(6528K) NonClass: 5769K(5888K)->5769K(5888K) Class: 533K(640K)->533K(640K)
[2.944s][info][gc             ] GC(69) Pause Young (Allocation Failure) 398M->398M(419M) 36.081ms
[2.944s][info][gc,cpu         ] GC(69) User=0.03s Sys=0.00s Real=0.04s
[2.944s][info][gc,start       ] GC(70) Pause Full (Ergonomics)
[2.944s][info][gc,phases,start] GC(70) Marking Phase
[3.104s][info][gc,phases      ] GC(70) Marking Phase 159.946ms
[3.104s][info][gc,phases,start] GC(70) Summary Phase
[3.104s][info][gc,phases      ] GC(70) Summary Phase 0.030ms
[3.104s][info][gc,phases,start] GC(70) Adjust Roots
[3.104s][info][gc,phases      ] GC(70) Adjust Roots 0.185ms
[3.104s][info][gc,phases,start] GC(70) Compaction Phase
[3.203s][info][gc,phases      ] GC(70) Compaction Phase 98.486ms
[3.203s][info][gc,phases,start] GC(70) Post Compact
[3.205s][info][gc,phases      ] GC(70) Post Compact 1.967ms
[3.205s][info][gc,heap        ] GC(70) PSYoungGen: 47104K(61440K)->31646K(61440K) Eden: 0K(7680K)->0K(7680K) From: 47104K(53760K)->31646K(53760K)
[3.205s][info][gc,heap        ] GC(70) ParOldGen: 360666K(367616K)->367447K(412672K)
[3.205s][info][gc,metaspace   ] GC(70) Metaspace: 6302K(6528K)->6302K(6528K) NonClass: 5769K(5888K)->5769K(5888K) Class: 533K(640K)->533K(640K)
[3.205s][info][gc             ] GC(70) Pause Full (Ergonomics) 398M->389M(463M) 261.167ms
[3.205s][info][gc,cpu         ] GC(70) User=0.45s Sys=0.00s Real=0.26s
[3.215s][info][gc,start       ] GC(71) Pause Young (Allocation Failure)
[3.270s][info][gc,heap        ] GC(71) PSYoungGen: 39326K(61440K)->21920K(29696K) Eden: 7680K(7680K)->0K(7680K) From: 31646K(53760K)->21920K(22016K)
[3.270s][info][gc,heap        ] GC(71) ParOldGen: 367447K(412672K)->385167K(412672K)
[3.270s][info][gc,metaspace   ] GC(71) Metaspace: 6302K(6528K)->6302K(6528K) NonClass: 5769K(5888K)->5769K(5888K) Class: 533K(640K)->533K(640K)
[3.270s][info][gc             ] GC(71) Pause Young (Allocation Failure) 397M->397M(432M) 55.248ms
[3.270s][info][gc,cpu         ] GC(71) User=0.09s Sys=0.00s Real=0.06s
[3.279s][info][gc,start       ] GC(72) Pause Young (Allocation Failure)
[3.298s][info][gc,heap        ] GC(72) PSYoungGen: 29600K(29696K)->23232K(63488K) Eden: 7680K(7680K)->0K(9216K) From: 21920K(22016K)->23232K(54272K)
[3.298s][info][gc,heap        ] GC(72) ParOldGen: 385167K(412672K)->391623K(412672K)
[3.298s][info][gc,metaspace   ] GC(72) Metaspace: 6302K(6528K)->6302K(6528K) NonClass: 5769K(5888K)->5769K(5888K) Class: 533K(640K)->533K(640K)
[3.298s][info][gc             ] GC(72) Pause Young (Allocation Failure) 405M->405M(465M) 18.427ms
[3.298s][info][gc,cpu         ] GC(72) User=0.03s Sys=0.00s Real=0.02s
[3.307s][info][gc,start       ] GC(73) Pause Young (Allocation Failure)
[3.328s][info][gc,heap        ] GC(73) PSYoungGen: 32448K(63488K)->24544K(33792K) Eden: 9216K(9216K)->0K(9216K) From: 23232K(54272K)->24544K(24576K)
[3.328s][info][gc,heap        ] GC(73) ParOldGen: 391623K(412672K)->399615K(412672K)
[3.328s][info][gc,metaspace   ] GC(73) Metaspace: 6302K(6528K)->6302K(6528K) NonClass: 5769K(5888K)->5769K(5888K) Class: 533K(640K)->533K(640K)
[3.328s][info][gc             ] GC(73) Pause Young (Allocation Failure) 414M->414M(436M) 21.030ms
[3.328s][info][gc,cpu         ] GC(73) User=0.03s Sys=0.00s Real=0.02s
[3.328s][info][gc,start       ] GC(74) Pause Full (Ergonomics)
[3.328s][info][gc,phases,start] GC(74) Marking Phase
[3.496s][info][gc,phases      ] GC(74) Marking Phase 168.325ms
[3.496s][info][gc,phases,start] GC(74) Summary Phase
[3.496s][info][gc,phases      ] GC(74) Summary Phase 0.028ms
[3.496s][info][gc,phases,start] GC(74) Adjust Roots
[3.496s][info][gc,phases      ] GC(74) Adjust Roots 0.204ms
[3.496s][info][gc,phases,start] GC(74) Compaction Phase
[3.573s][info][gc,phases      ] GC(74) Compaction Phase 76.015ms
[3.573s][info][gc,phases,start] GC(74) Post Compact
[3.575s][info][gc,phases      ] GC(74) Post Compact 2.086ms
[3.575s][info][gc,heap        ] GC(74) PSYoungGen: 24544K(33792K)->11195K(33792K) Eden: 0K(9216K)->0K(9216K) From: 24544K(24576K)->11195K(24576K)
[3.575s][info][gc,heap        ] GC(74) ParOldGen: 399615K(412672K)->412379K(463360K)
[3.575s][info][gc,metaspace   ] GC(74) Metaspace: 6302K(6528K)->6302K(6528K) NonClass: 5769K(5888K)->5769K(5888K) Class: 533K(640K)->533K(640K)
[3.575s][info][gc             ] GC(74) Pause Full (Ergonomics) 414M->413M(485M) 247.388ms
[3.575s][info][gc,cpu         ] GC(74) User=0.41s Sys=0.03s Real=0.25s
[3.585s][info][gc,start       ] GC(75) Pause Young (Allocation Failure)
[3.636s][info][gc,heap        ] GC(75) PSYoungGen: 20411K(33792K)->17792K(61952K) Eden: 9216K(9216K)->0K(10240K) From: 11195K(24576K)->17792K(51712K)
[3.636s][info][gc,heap        ] GC(75) ParOldGen: 412379K(463360K)->415091K(463360K)
[3.636s][info][gc,metaspace   ] GC(75) Metaspace: 6302K(6528K)->6302K(6528K) NonClass: 5769K(5888K)->5769K(5888K) Class: 533K(640K)->533K(640K)
[3.636s][info][gc             ] GC(75) Pause Young (Allocation Failure) 422M->422M(513M) 51.032ms
[3.636s][info][gc,cpu         ] GC(75) User=0.12s Sys=0.00s Real=0.05s
[3.647s][info][gc,start       ] GC(76) Pause Young (Allocation Failure)
[3.666s][info][gc,heap        ] GC(76) PSYoungGen: 28032K(61952K)->28000K(38400K) Eden: 10240K(10240K)->0K(10240K) From: 17792K(51712K)->28000K(28160K)
[3.666s][info][gc,heap        ] GC(76) ParOldGen: 415091K(463360K)->415091K(463360K)
[3.666s][info][gc,metaspace   ] GC(76) Metaspace: 6302K(6528K)->6302K(6528K) NonClass: 5769K(5888K)->5769K(5888K) Class: 533K(640K)->533K(640K)
[3.666s][info][gc             ] GC(76) Pause Young (Allocation Failure) 432M->432M(490M) 18.611ms
[3.666s][info][gc,cpu         ] GC(76) User=0.03s Sys=0.00s Real=0.02s
[3.677s][info][gc,start       ] GC(77) Pause Young (Allocation Failure)
[3.700s][info][gc,heap        ] GC(77) PSYoungGen: 38240K(38400K)->38240K(59904K) Eden: 10240K(10240K)->0K(9728K) From: 28000K(28160K)->38240K(50176K)
[3.700s][info][gc,heap        ] GC(77) ParOldGen: 415091K(463360K)->415091K(463360K)
[3.700s][info][gc,metaspace   ] GC(77) Metaspace: 6302K(6528K)->6302K(6528K) NonClass: 5769K(5888K)->5769K(5888K) Class: 533K(640K)->533K(640K)
[3.700s][info][gc             ] GC(77) Pause Young (Allocation Failure) 442M->442M(511M) 23.399ms
[3.700s][info][gc,cpu         ] GC(77) User=0.03s Sys=0.00s Real=0.02s
[3.711s][info][gc,start       ] GC(78) Pause Young (Allocation Failure)
[3.740s][info][gc,heap        ] GC(78) PSYoungGen: 47968K(59904K)->43200K(61952K) Eden: 9728K(9728K)->0K(9728K) From: 38240K(50176K)->43200K(52224K)
[3.741s][info][gc,heap        ] GC(78) ParOldGen: 415091K(463360K)->419907K(463360K)
[3.741s][info][gc,metaspace   ] GC(78) Metaspace: 6302K(6528K)->6302K(6528K) NonClass: 5769K(5888K)->5769K(5888K) Class: 533K(640K)->533K(640K)
[3.741s][info][gc             ] GC(78) Pause Young (Allocation Failure) 452M->452M(513M) 29.123ms
[3.741s][info][gc,cpu         ] GC(78) User=0.03s Sys=0.00s Real=0.03s
[3.752s][info][gc,start       ] GC(79) Pause Young (Allocation Failure)
[3.784s][info][gc,heap        ] GC(79) PSYoungGen: 52928K(61952K)->49120K(61952K) Eden: 9728K(9728K)->0K(6656K) From: 43200K(52224K)->49120K(55296K)
[3.784s][info][gc,heap        ] GC(79) ParOldGen: 419907K(463360K)->423771K(463360K)
[3.784s][info][gc,metaspace   ] GC(79) Metaspace: 6302K(6528K)->6302K(6528K) NonClass: 5769K(5888K)->5769K(5888K) Class: 533K(640K)->533K(640K)
[3.784s][info][gc             ] GC(79) Pause Young (Allocation Failure) 461M->461M(513M) 32.259ms
[3.784s][info][gc,cpu         ] GC(79) User=0.03s Sys=0.00s Real=0.03s
[3.792s][info][gc,start       ] GC(80) Pause Young (Allocation Failure)
[3.827s][info][gc,heap        ] GC(80) PSYoungGen: 55776K(61952K)->36320K(66560K) Eden: 6656K(6656K)->0K(6656K) From: 49120K(55296K)->36320K(59904K)
[3.827s][info][gc,heap        ] GC(80) ParOldGen: 423771K(463360K)->443483K(463360K)
[3.827s][info][gc,metaspace   ] GC(80) Metaspace: 6302K(6528K)->6302K(6528K) NonClass: 5769K(5888K)->5769K(5888K) Class: 533K(640K)->533K(640K)
[3.827s][info][gc             ] GC(80) Pause Young (Allocation Failure) 468M->468M(517M) 35.474ms
[3.827s][info][gc,cpu         ] GC(80) User=0.06s Sys=0.00s Real=0.04s
[3.835s][info][gc,start       ] GC(81) Pause Young (Allocation Failure)
[3.865s][info][gc,heap        ] GC(81) PSYoungGen: 42976K(66560K)->23040K(65024K) Eden: 6656K(6656K)->0K(8192K) From: 36320K(59904K)->23040K(56832K)
[3.865s][info][gc,heap        ] GC(81) ParOldGen: 443483K(463360K)->463707K(463872K)
[3.865s][info][gc,metaspace   ] GC(81) Metaspace: 6302K(6528K)->6302K(6528K) NonClass: 5769K(5888K)->5769K(5888K) Class: 533K(640K)->533K(640K)
[3.865s][info][gc             ] GC(81) Pause Young (Allocation Failure) 475M->475M(516M) 29.448ms
[3.865s][info][gc,cpu         ] GC(81) User=0.06s Sys=0.00s Real=0.03s
[3.865s][info][gc,start       ] GC(82) Pause Full (Ergonomics)
[3.865s][info][gc,phases,start] GC(82) Marking Phase
[4.057s][info][gc,phases      ] GC(82) Marking Phase 192.380ms
[4.057s][info][gc,phases,start] GC(82) Summary Phase
[4.058s][info][gc,phases      ] GC(82) Summary Phase 0.024ms
[4.058s][info][gc,phases,start] GC(82) Adjust Roots
[4.058s][info][gc,phases      ] GC(82) Adjust Roots 0.232ms
[4.058s][info][gc,phases,start] GC(82) Compaction Phase
[4.154s][info][gc,phases      ] GC(82) Compaction Phase 96.081ms
[4.154s][info][gc,phases,start] GC(82) Post Compact
[4.157s][info][gc,phases      ] GC(82) Post Compact 2.783ms
[4.157s][info][gc,heap        ] GC(82) PSYoungGen: 23040K(65024K)->22435K(66048K) Eden: 0K(8192K)->0K(9216K) From: 23040K(56832K)->22435K(56832K)
[4.157s][info][gc,heap        ] GC(82) ParOldGen: 463707K(463872K)->463386K(524288K)
[4.157s][info][gc,metaspace   ] GC(82) Metaspace: 6302K(6528K)->6302K(6528K) NonClass: 5769K(5888K)->5769K(5888K) Class: 533K(640K)->533K(640K)
[4.157s][info][gc             ] GC(82) Pause Full (Ergonomics) 475M->474M(576M) 292.159ms
[4.157s][info][gc,cpu         ] GC(82) User=0.53s Sys=0.00s Real=0.29s
[4.168s][info][gc,start       ] GC(83) Pause Young (Allocation Failure)
[4.232s][info][gc,heap        ] GC(83) PSYoungGen: 31651K(66048K)->15744K(67072K) Eden: 9216K(9216K)->0K(9216K) From: 22435K(56832K)->15744K(57856K)
[4.232s][info][gc,heap        ] GC(83) ParOldGen: 463386K(524288K)->479586K(524288K)
[4.232s][info][gc,metaspace   ] GC(83) Metaspace: 6302K(6528K)->6302K(6528K) NonClass: 5769K(5888K)->5769K(5888K) Class: 533K(640K)->533K(640K)
[4.232s][info][gc             ] GC(83) Pause Young (Allocation Failure) 483M->483M(577M) 64.538ms
[4.232s][info][gc,cpu         ] GC(83) User=0.12s Sys=0.00s Real=0.07s
[4.241s][info][gc,start       ] GC(84) Pause Young (Allocation Failure)
[4.260s][info][gc,heap        ] GC(84) PSYoungGen: 24960K(67072K)->18432K(66560K) Eden: 9216K(9216K)->0K(10752K) From: 15744K(57856K)->18432K(55808K)
[4.260s][info][gc,heap        ] GC(84) ParOldGen: 479586K(524288K)->486194K(524288K)
[4.261s][info][gc,metaspace   ] GC(84) Metaspace: 6302K(6528K)->6302K(6528K) NonClass: 5769K(5888K)->5769K(5888K) Class: 533K(640K)->533K(640K)
[4.261s][info][gc             ] GC(84) Pause Young (Allocation Failure) 492M->492M(577M) 19.039ms
[4.261s][info][gc,cpu         ] GC(84) User=0.03s Sys=0.00s Real=0.02s
[4.272s][info][gc,start       ] GC(85) Pause Young (Allocation Failure)
[4.294s][info][gc,heap        ] GC(85) PSYoungGen: 29184K(66560K)->20000K(67584K) Eden: 10752K(10752K)->0K(10752K) From: 18432K(55808K)->20000K(56832K)
[4.294s][info][gc,heap        ] GC(85) ParOldGen: 486194K(524288K)->495538K(524288K)
[4.294s][info][gc,metaspace   ] GC(85) Metaspace: 6302K(6528K)->6302K(6528K) NonClass: 5769K(5888K)->5769K(5888K) Class: 533K(640K)->533K(640K)
[4.294s][info][gc             ] GC(85) Pause Young (Allocation Failure) 503M->503M(578M) 22.127ms
[4.294s][info][gc,cpu         ] GC(85) User=0.03s Sys=0.00s Real=0.02s
[4.306s][info][gc,start       ] GC(86) Pause Young (Allocation Failure)
[4.330s][info][gc,heap        ] GC(86) PSYoungGen: 30752K(67584K)->21504K(65024K) Eden: 10752K(10752K)->0K(12800K) From: 20000K(56832K)->21504K(52224K)
[4.330s][info][gc,heap        ] GC(86) ParOldGen: 495538K(524288K)->504874K(524288K)
[4.330s][info][gc,metaspace   ] GC(86) Metaspace: 6302K(6528K)->6302K(6528K) NonClass: 5769K(5888K)->5769K(5888K) Class: 533K(640K)->533K(640K)
[4.330s][info][gc             ] GC(86) Pause Young (Allocation Failure) 513M->514M(575M) 23.706ms
[4.330s][info][gc,cpu         ] GC(86) User=0.03s Sys=0.00s Real=0.02s
[4.330s][info][gc,start       ] GC(87) Pause Full (Ergonomics)
[4.330s][info][gc,phases,start] GC(87) Marking Phase
[4.540s][info][gc,phases      ] GC(87) Marking Phase 209.588ms
[4.540s][info][gc,phases,start] GC(87) Summary Phase
[4.540s][info][gc,phases      ] GC(87) Summary Phase 0.024ms
[4.540s][info][gc,phases,start] GC(87) Adjust Roots
[4.540s][info][gc,phases      ] GC(87) Adjust Roots 0.243ms
[4.540s][info][gc,phases,start] GC(87) Compaction Phase
[4.636s][info][gc,phases      ] GC(87) Compaction Phase 95.446ms
[4.636s][info][gc,phases,start] GC(87) Post Compact
[4.638s][info][gc,phases      ] GC(87) Post Compact 2.650ms
[4.639s][info][gc,heap        ] GC(87) PSYoungGen: 21504K(65024K)->1512K(66560K) Eden: 0K(12800K)->0K(14336K) From: 21504K(52224K)->1512K(52224K)
[4.639s][info][gc,heap        ] GC(87) ParOldGen: 504874K(524288K)->524117K(588800K)
[4.639s][info][gc,metaspace   ] GC(87) Metaspace: 6302K(6528K)->6302K(6528K) NonClass: 5769K(5888K)->5769K(5888K) Class: 533K(640K)->533K(640K)
[4.639s][info][gc             ] GC(87) Pause Full (Ergonomics) 514M->513M(640M) 308.707ms
[4.639s][info][gc,cpu         ] GC(87) User=0.55s Sys=0.02s Real=0.31s
[4.655s][info][gc,start       ] GC(88) Pause Young (Allocation Failure)
[4.720s][info][gc,heap        ] GC(88) PSYoungGen: 15848K(66560K)->14336K(68096K) Eden: 14336K(14336K)->0K(14336K) From: 1512K(52224K)->14336K(53760K)
[4.720s][info][gc,heap        ] GC(88) ParOldGen: 524117K(588800K)->525661K(588800K)
[4.720s][info][gc,metaspace   ] GC(88) Metaspace: 6302K(6528K)->6302K(6528K) NonClass: 5769K(5888K)->5769K(5888K) Class: 533K(640K)->533K(640K)
[4.720s][info][gc             ] GC(88) Pause Young (Allocation Failure) 527M->527M(641M) 65.135ms
[4.720s][info][gc,cpu         ] GC(88) User=0.12s Sys=0.00s Real=0.07s
[4.735s][info][gc,start       ] GC(89) Pause Young (Allocation Failure)
[4.758s][info][gc,heap        ] GC(89) PSYoungGen: 28672K(68096K)->28672K(66560K) Eden: 14336K(14336K)->0K(16384K) From: 14336K(53760K)->28672K(50176K)
[4.758s][info][gc,heap        ] GC(89) ParOldGen: 525661K(588800K)->525661K(588800K)
[4.758s][info][gc,metaspace   ] GC(89) Metaspace: 6302K(6528K)->6302K(6528K) NonClass: 5769K(5888K)->5769K(5888K) Class: 533K(640K)->533K(640K)
[4.758s][info][gc             ] GC(89) Pause Young (Allocation Failure) 541M->541M(640M) 22.355ms
[4.758s][info][gc,cpu         ] GC(89) User=0.03s Sys=0.02s Real=0.02s
[4.775s][info][gc,start       ] GC(90) Pause Young (Allocation Failure)
[4.807s][info][gc,heap        ] GC(90) PSYoungGen: 45056K(66560K)->30752K(68096K) Eden: 16384K(16384K)->0K(16384K) From: 28672K(50176K)->30752K(51712K)
[4.807s][info][gc,heap        ] GC(90) ParOldGen: 525661K(588800K)->540197K(588800K)
[4.807s][info][gc,metaspace   ] GC(90) Metaspace: 6302K(6528K)->6302K(6528K) NonClass: 5769K(5888K)->5769K(5888K) Class: 533K(640K)->533K(640K)
[4.807s][info][gc             ] GC(90) Pause Young (Allocation Failure) 557M->557M(641M) 32.001ms
[4.807s][info][gc,cpu         ] GC(90) User=0.03s Sys=0.00s Real=0.03s
[4.824s][info][gc,start       ] GC(91) Pause Young (Allocation Failure)
[4.858s][info][gc,heap        ] GC(91) PSYoungGen: 47136K(68096K)->32800K(69120K) Eden: 16384K(16384K)->0K(18432K) From: 30752K(51712K)->32800K(50688K)
[4.858s][info][gc,heap        ] GC(91) ParOldGen: 540197K(588800K)->554741K(588800K)
[4.858s][info][gc,metaspace   ] GC(91) Metaspace: 6302K(6528K)->6302K(6528K) NonClass: 5769K(5888K)->5769K(5888K) Class: 533K(640K)->533K(640K)
[4.858s][info][gc             ] GC(91) Pause Young (Allocation Failure) 573M->573M(642M) 33.221ms
[4.858s][info][gc,cpu         ] GC(91) User=0.06s Sys=0.00s Real=0.03s
[4.877s][info][gc,start       ] GC(92) Pause Young (Allocation Failure)
[4.912s][info][gc,heap        ] GC(92) PSYoungGen: 51232K(69120K)->34848K(69120K) Eden: 18432K(18432K)->0K(18432K) From: 32800K(50688K)->34848K(50688K)
[4.912s][info][gc,heap        ] GC(92) ParOldGen: 554741K(588800K)->571365K(588800K)
[4.912s][info][gc,metaspace   ] GC(92) Metaspace: 6302K(6528K)->6302K(6528K) NonClass: 5769K(5888K)->5769K(5888K) Class: 533K(640K)->533K(640K)
[4.912s][info][gc             ] GC(92) Pause Young (Allocation Failure) 591M->592M(642M) 35.070ms
[4.912s][info][gc,cpu         ] GC(92) User=0.05s Sys=0.02s Real=0.03s
[4.912s][info][gc,start       ] GC(93) Pause Full (Ergonomics)
[4.912s][info][gc,phases,start] GC(93) Marking Phase
[5.138s][info][gc,phases      ] GC(93) Marking Phase 226.172ms
[5.138s][info][gc,phases,start] GC(93) Summary Phase
[5.138s][info][gc,phases      ] GC(93) Summary Phase 0.032ms
[5.138s][info][gc,phases,start] GC(93) Adjust Roots
[5.139s][info][gc,phases      ] GC(93) Adjust Roots 0.208ms
[5.139s][info][gc,phases,start] GC(93) Compaction Phase
[5.237s][info][gc,phases      ] GC(93) Compaction Phase 98.696ms
[5.237s][info][gc,phases,start] GC(93) Post Compact
[5.239s][info][gc,phases      ] GC(93) Post Compact 1.212ms
[5.239s][info][gc,heap        ] GC(93) PSYoungGen: 34848K(69120K)->16862K(69120K) Eden: 0K(18432K)->0K(18432K) From: 34848K(50688K)->16862K(50688K)
[5.239s][info][gc,heap        ] GC(93) ParOldGen: 571365K(588800K)->588475K(662528K)
[5.239s][info][gc,metaspace   ] GC(93) Metaspace: 6302K(6528K)->6302K(6528K) NonClass: 5769K(5888K)->5769K(5888K) Class: 533K(640K)->533K(640K)
[5.239s][info][gc             ] GC(93) Pause Full (Ergonomics) 592M->591M(714M) 327.233ms
[5.239s][info][gc,cpu         ] GC(93) User=0.64s Sys=0.02s Real=0.33s
[5.260s][info][gc,start       ] GC(94) Pause Young (Allocation Failure)
[5.345s][info][gc,heap        ] GC(94) PSYoungGen: 35294K(69120K)->27136K(67072K) Eden: 18432K(18432K)->0K(20480K) From: 16862K(50688K)->27136K(46592K)
[5.345s][info][gc,heap        ] GC(94) ParOldGen: 588475K(662528K)->596827K(662528K)
[5.345s][info][gc,metaspace   ] GC(94) Metaspace: 6302K(6528K)->6302K(6528K) NonClass: 5769K(5888K)->5769K(5888K) Class: 533K(640K)->533K(640K)
[5.345s][info][gc             ] GC(94) Pause Young (Allocation Failure) 609M->609M(712M) 85.294ms
[5.345s][info][gc,cpu         ] GC(94) User=0.14s Sys=0.00s Real=0.09s
[5.368s][info][gc,start       ] GC(95) Pause Young (Allocation Failure)
[5.401s][info][gc,heap        ] GC(95) PSYoungGen: 47616K(67072K)->47648K(69632K) Eden: 20480K(20480K)->0K(20480K) From: 27136K(46592K)->47648K(49152K)
[5.401s][info][gc,heap        ] GC(95) ParOldGen: 596827K(662528K)->596827K(662528K)
[5.401s][info][gc,metaspace   ] GC(95) Metaspace: 6302K(6528K)->6302K(6528K) NonClass: 5769K(5888K)->5769K(5888K) Class: 533K(640K)->533K(640K)
[5.401s][info][gc             ] GC(95) Pause Young (Allocation Failure) 629M->629M(715M) 32.599ms
[5.401s][info][gc,cpu         ] GC(95) User=0.06s Sys=0.00s Real=0.03s
[5.423s][info][gc,start       ] GC(96) Pause Young (Allocation Failure)
[5.472s][info][gc,heap        ] GC(96) PSYoungGen: 68128K(69632K)->54272K(65536K) Eden: 20480K(20480K)->0K(11264K) From: 47648K(49152K)->54272K(54272K)
[5.472s][info][gc,heap        ] GC(96) ParOldGen: 596827K(662528K)->610835K(662528K)
[5.472s][info][gc,metaspace   ] GC(96) Metaspace: 6302K(6528K)->6302K(6528K) NonClass: 5769K(5888K)->5769K(5888K) Class: 533K(640K)->533K(640K)
[5.472s][info][gc             ] GC(96) Pause Young (Allocation Failure) 649M->649M(711M) 49.008ms
[5.472s][info][gc,cpu         ] GC(96) User=0.09s Sys=0.00s Real=0.05s
[5.486s][info][gc,start       ] GC(97) Pause Young (Allocation Failure)
[5.530s][info][gc,heap        ] GC(97) PSYoungGen: 65536K(65536K)->29984K(41472K) Eden: 11264K(11264K)->0K(11264K) From: 54272K(54272K)->29984K(30208K)
[5.530s][info][gc,heap        ] GC(97) ParOldGen: 610835K(662528K)->646915K(662528K)
[5.530s][info][gc,metaspace   ] GC(97) Metaspace: 6302K(6528K)->6302K(6528K) NonClass: 5769K(5888K)->5769K(5888K) Class: 533K(640K)->533K(640K)
[5.530s][info][gc             ] GC(97) Pause Young (Allocation Failure) 660M->661M(687M) 44.230ms
[5.530s][info][gc,cpu         ] GC(97) User=0.05s Sys=0.02s Real=0.04s
[5.530s][info][gc,start       ] GC(98) Pause Full (Ergonomics)
[5.530s][info][gc,phases,start] GC(98) Marking Phase
[5.786s][info][gc,phases      ] GC(98) Marking Phase 256.166ms
[5.786s][info][gc,phases,start] GC(98) Summary Phase
[5.786s][info][gc,phases      ] GC(98) Summary Phase 0.047ms
[5.786s][info][gc,phases,start] GC(98) Adjust Roots
[5.786s][info][gc,phases      ] GC(98) Adjust Roots 0.254ms
[5.787s][info][gc,phases,start] GC(98) Compaction Phase
[5.896s][info][gc,phases      ] GC(98) Compaction Phase 109.481ms
[5.896s][info][gc,phases,start] GC(98) Post Compact
[5.897s][info][gc,phases      ] GC(98) Post Compact 1.285ms
[5.898s][info][gc,heap        ] GC(98) PSYoungGen: 29984K(41472K)->13533K(41472K) Eden: 0K(11264K)->0K(11264K) From: 29984K(30208K)->13533K(30208K)
[5.898s][info][gc,heap        ] GC(98) ParOldGen: 646915K(662528K)->662337K(683008K)
[5.898s][info][gc,metaspace   ] GC(98) Metaspace: 6302K(6528K)->6302K(6528K) NonClass: 5769K(5888K)->5769K(5888K) Class: 533K(640K)->533K(640K)
[5.898s][info][gc             ] GC(98) Pause Full (Ergonomics) 661M->660M(707M) 367.741ms
[5.898s][info][gc,cpu         ] GC(98) User=0.69s Sys=0.00s Real=0.37s
[5.911s][info][gc,start       ] GC(99) Pause Full (Ergonomics)
[5.911s][info][gc,phases,start] GC(99) Marking Phase
[6.188s][info][gc,phases      ] GC(99) Marking Phase 277.254ms
[6.188s][info][gc,phases,start] GC(99) Summary Phase
[6.189s][info][gc,phases      ] GC(99) Summary Phase 0.026ms
[6.189s][info][gc,phases,start] GC(99) Adjust Roots
[6.189s][info][gc,phases      ] GC(99) Adjust Roots 0.212ms
[6.189s][info][gc,phases,start] GC(99) Compaction Phase
[6.293s][info][gc,phases      ] GC(99) Compaction Phase 103.788ms
[6.293s][info][gc,phases,start] GC(99) Post Compact
[6.294s][info][gc,phases      ] GC(99) Post Compact 1.290ms
[6.294s][info][gc,heap        ] GC(99) PSYoungGen: 24797K(41472K)->4317K(41472K) Eden: 11264K(11264K)->0K(11264K) From: 13533K(30208K)->4317K(30208K)
[6.294s][info][gc,heap        ] GC(99) ParOldGen: 662337K(683008K)->682788K(683008K)
[6.294s][info][gc,metaspace   ] GC(99) Metaspace: 6302K(6528K)->6302K(6528K) NonClass: 5769K(5888K)->5769K(5888K) Class: 533K(640K)->533K(640K)
[6.294s][info][gc             ] GC(99) Pause Full (Ergonomics) 671M->671M(707M) 383.008ms
[6.294s][info][gc,cpu         ] GC(99) User=0.75s Sys=0.00s Real=0.38s
[6.308s][info][gc,start       ] GC(100) Pause Full (Ergonomics)
[6.308s][info][gc,phases,start] GC(100) Marking Phase
[6.591s][info][gc,phases      ] GC(100) Marking Phase 282.895ms
[6.591s][info][gc,phases,start] GC(100) Summary Phase
[6.591s][info][gc,phases      ] GC(100) Summary Phase 0.025ms
[6.591s][info][gc,phases,start] GC(100) Adjust Roots
[6.591s][info][gc,phases      ] GC(100) Adjust Roots 0.233ms
[6.591s][info][gc,phases,start] GC(100) Compaction Phase
[6.699s][info][gc,phases      ] GC(100) Compaction Phase 107.356ms
[6.699s][info][gc,phases,start] GC(100) Post Compact
[6.700s][info][gc,phases      ] GC(100) Post Compact 1.158ms
[6.700s][info][gc,heap        ] GC(100) PSYoungGen: 15581K(41472K)->15552K(41472K) Eden: 11264K(11264K)->11234K(11264K) From: 4317K(30208K)->4317K(30208K)
[6.700s][info][gc,heap        ] GC(100) ParOldGen: 682788K(683008K)->682788K(683008K)
[6.700s][info][gc,metaspace   ] GC(100) Metaspace: 6302K(6528K)->6302K(6528K) NonClass: 5769K(5888K)->5769K(5888K) Class: 533K(640K)->533K(640K)
[6.700s][info][gc             ] GC(100) Pause Full (Ergonomics) 682M->681M(707M) 392.138ms
[6.700s][info][gc,cpu         ] GC(100) User=0.72s Sys=0.00s Real=0.39s
[6.700s][info][gc,start       ] GC(101) Pause Full (Ergonomics)
[6.700s][info][gc,phases,start] GC(101) Marking Phase
[6.965s][info][gc,phases      ] GC(101) Marking Phase 264.474ms
[6.965s][info][gc,phases,start] GC(101) Summary Phase
[6.965s][info][gc,phases      ] GC(101) Summary Phase 0.026ms
[6.965s][info][gc,phases,start] GC(101) Adjust Roots
[6.965s][info][gc,phases      ] GC(101) Adjust Roots 0.210ms
[6.965s][info][gc,phases,start] GC(101) Compaction Phase
[7.058s][info][gc,phases      ] GC(101) Compaction Phase 92.469ms
[7.058s][info][gc,phases,start] GC(101) Post Compact
[7.059s][info][gc,phases      ] GC(101) Post Compact 1.163ms
[7.059s][info][gc,heap        ] GC(101) PSYoungGen: 15581K(41472K)->15580K(41472K) Eden: 11264K(11264K)->11263K(11264K) From: 4317K(30208K)->4317K(30208K)
[7.059s][info][gc,heap        ] GC(101) ParOldGen: 682788K(683008K)->682788K(683008K)
[7.059s][info][gc,metaspace   ] GC(101) Metaspace: 6302K(6528K)->6302K(6528K) NonClass: 5769K(5888K)->5769K(5888K) Class: 533K(640K)->533K(640K)
[7.059s][info][gc             ] GC(101) Pause Full (Ergonomics) 682M->682M(707M) 358.697ms
[7.059s][info][gc,cpu         ] GC(101) User=0.66s Sys=0.00s Real=0.36s
[7.059s][info][gc,start       ] GC(102) Pause Full (Ergonomics)
[7.060s][info][gc,phases,start] GC(102) Marking Phase
[7.323s][info][gc,phases      ] GC(102) Marking Phase 263.902ms
[7.323s][info][gc,phases,start] GC(102) Summary Phase
[7.324s][info][gc,phases      ] GC(102) Summary Phase 0.025ms
[7.324s][info][gc,phases,start] GC(102) Adjust Roots
[7.324s][info][gc,phases      ] GC(102) Adjust Roots 0.227ms
[7.324s][info][gc,phases,start] GC(102) Compaction Phase
[7.415s][info][gc,phases      ] GC(102) Compaction Phase 90.978ms
[7.415s][info][gc,phases,start] GC(102) Post Compact
[7.416s][info][gc,phases      ] GC(102) Post Compact 1.176ms
[7.416s][info][gc,heap        ] GC(102) PSYoungGen: 15581K(41472K)->15581K(41472K) Eden: 11263K(11264K)->11263K(11264K) From: 4317K(30208K)->4317K(30208K)
[7.416s][info][gc,heap        ] GC(102) ParOldGen: 682788K(683008K)->682788K(683008K)
[7.416s][info][gc,metaspace   ] GC(102) Metaspace: 6302K(6528K)->6302K(6528K) NonClass: 5769K(5888K)->5769K(5888K) Class: 533K(640K)->533K(640K)
[7.416s][info][gc             ] GC(102) Pause Full (Ergonomics) 682M->682M(707M) 356.662ms
[7.416s][info][gc,cpu         ] GC(102) User=0.67s Sys=0.00s Real=0.36s
[7.416s][info][gc,start       ] GC(103) Pause Full (Ergonomics)
[7.416s][info][gc,phases,start] GC(103) Marking Phase
[7.681s][info][gc,phases      ] GC(103) Marking Phase 264.955ms
[7.682s][info][gc,phases,start] GC(103) Summary Phase
[7.682s][info][gc,phases      ] GC(103) Summary Phase 0.040ms
[7.682s][info][gc,phases,start] GC(103) Adjust Roots
[7.682s][info][gc,phases      ] GC(103) Adjust Roots 0.252ms
[7.682s][info][gc,phases,start] GC(103) Compaction Phase
[7.774s][info][gc,phases      ] GC(103) Compaction Phase 91.812ms
[7.774s][info][gc,phases,start] GC(103) Post Compact
[7.775s][info][gc,phases      ] GC(103) Post Compact 1.182ms
[7.775s][info][gc,heap        ] GC(103) PSYoungGen: 15581K(41472K)->15581K(41472K) Eden: 11263K(11264K)->11263K(11264K) From: 4317K(30208K)->4317K(30208K)
[7.775s][info][gc,heap        ] GC(103) ParOldGen: 682793K(683008K)->682793K(683008K)
[7.775s][info][gc,metaspace   ] GC(103) Metaspace: 6302K(6528K)->6302K(6528K) NonClass: 5769K(5888K)->5769K(5888K) Class: 533K(640K)->533K(640K)
[7.775s][info][gc             ] GC(103) Pause Full (Ergonomics) 682M->682M(707M) 358.690ms
[7.775s][info][gc,cpu         ] GC(103) User=0.66s Sys=0.00s Real=0.36s
[7.775s][info][gc,start       ] GC(104) Pause Full (Ergonomics)
[7.775s][info][gc,phases,start] GC(104) Marking Phase
[8.073s][info][gc,phases      ] GC(104) Marking Phase 297.599ms
[8.073s][info][gc,phases,start] GC(104) Summary Phase
[8.073s][info][gc,phases      ] GC(104) Summary Phase 0.034ms
[8.073s][info][gc,phases,start] GC(104) Adjust Roots
[8.074s][info][gc,phases      ] GC(104) Adjust Roots 0.249ms
[8.074s][info][gc,phases,start] GC(104) Compaction Phase
[8.185s][info][gc,phases      ] GC(104) Compaction Phase 111.746ms
[8.185s][info][gc,phases,start] GC(104) Post Compact
[8.187s][info][gc,phases      ] GC(104) Post Compact 1.314ms
[8.187s][info][gc,heap        ] GC(104) PSYoungGen: 15581K(41472K)->15581K(41472K) Eden: 11263K(11264K)->11263K(11264K) From: 4317K(30208K)->4317K(30208K)
[8.187s][info][gc,heap        ] GC(104) ParOldGen: 682797K(683008K)->682797K(683008K)
[8.187s][info][gc,metaspace   ] GC(104) Metaspace: 6302K(6528K)->6302K(6528K) NonClass: 5769K(5888K)->5769K(5888K) Class: 533K(640K)->533K(640K)
[8.187s][info][gc             ] GC(104) Pause Full (Ergonomics) 682M->682M(707M) 411.466ms
[8.187s][info][gc,cpu         ] GC(104) User=0.75s Sys=0.00s Real=0.41s
[8.187s][info][gc,start       ] GC(105) Pause Full (Ergonomics)
[8.187s][info][gc,phases,start] GC(105) Marking Phase
[8.495s][info][gc,phases      ] GC(105) Marking Phase 307.858ms
[8.495s][info][gc,phases,start] GC(105) Summary Phase
[8.495s][info][gc,phases      ] GC(105) Summary Phase 0.047ms
[8.495s][info][gc,phases,start] GC(105) Adjust Roots
[8.496s][info][gc,phases      ] GC(105) Adjust Roots 0.307ms
[8.496s][info][gc,phases,start] GC(105) Compaction Phase
[8.603s][info][gc,phases      ] GC(105) Compaction Phase 107.379ms
[8.603s][info][gc,phases,start] GC(105) Post Compact
[8.604s][info][gc,phases      ] GC(105) Post Compact 1.352ms
[8.605s][info][gc,heap        ] GC(105) PSYoungGen: 15581K(41472K)->15581K(41472K) Eden: 11263K(11264K)->11263K(11264K) From: 4317K(30208K)->4317K(30208K)
[8.605s][info][gc,heap        ] GC(105) ParOldGen: 682802K(683008K)->682802K(683008K)
[8.605s][info][gc,metaspace   ] GC(105) Metaspace: 6302K(6528K)->6302K(6528K) NonClass: 5769K(5888K)->5769K(5888K) Class: 533K(640K)->533K(640K)
[8.605s][info][gc             ] GC(105) Pause Full (Ergonomics) 682M->682M(707M) 417.387ms
[8.605s][info][gc,cpu         ] GC(105) User=0.78s Sys=0.00s Real=0.42s
[8.605s][info][gc,start       ] GC(106) Pause Full (Ergonomics)
[8.605s][info][gc,phases,start] GC(106) Marking Phase
[8.885s][info][gc,phases      ] GC(106) Marking Phase 280.173ms
[8.885s][info][gc,phases,start] GC(106) Summary Phase
[8.885s][info][gc,phases      ] GC(106) Summary Phase 0.021ms
[8.885s][info][gc,phases,start] GC(106) Adjust Roots
[8.885s][info][gc,phases      ] GC(106) Adjust Roots 0.225ms
[8.885s][info][gc,phases,start] GC(106) Compaction Phase
[8.992s][info][gc,phases      ] GC(106) Compaction Phase 106.191ms
[8.992s][info][gc,phases,start] GC(106) Post Compact
[8.993s][info][gc,phases      ] GC(106) Post Compact 1.151ms
[8.993s][info][gc,heap        ] GC(106) PSYoungGen: 15581K(41472K)->15581K(41472K) Eden: 11263K(11264K)->11263K(11264K) From: 4317K(30208K)->4317K(30208K)
[8.993s][info][gc,heap        ] GC(106) ParOldGen: 682807K(683008K)->682807K(683008K)
[8.993s][info][gc,metaspace   ] GC(106) Metaspace: 6302K(6528K)->6302K(6528K) NonClass: 5769K(5888K)->5769K(5888K) Class: 533K(640K)->533K(640K)
[8.993s][info][gc             ] GC(106) Pause Full (Ergonomics) 682M->682M(707M) 388.062ms
[8.993s][info][gc,cpu         ] GC(106) User=0.72s Sys=0.00s Real=0.39s
[8.993s][info][gc,start       ] GC(107) Pause Full (Ergonomics)
[8.993s][info][gc,phases,start] GC(107) Marking Phase
[9.275s][info][gc,phases      ] GC(107) Marking Phase 281.798ms
[9.275s][info][gc,phases,start] GC(107) Summary Phase
[9.275s][info][gc,phases      ] GC(107) Summary Phase 0.025ms
[9.275s][info][gc,phases,start] GC(107) Adjust Roots
[9.275s][info][gc,phases      ] GC(107) Adjust Roots 0.207ms
[9.275s][info][gc,phases,start] GC(107) Compaction Phase
[9.379s][info][gc,phases      ] GC(107) Compaction Phase 103.955ms
[9.379s][info][gc,phases,start] GC(107) Post Compact
[9.381s][info][gc,phases      ] GC(107) Post Compact 1.152ms
[9.381s][info][gc,heap        ] GC(107) PSYoungGen: 15581K(41472K)->15581K(41472K) Eden: 11263K(11264K)->11263K(11264K) From: 4317K(30208K)->4317K(30208K)
[9.381s][info][gc,heap        ] GC(107) ParOldGen: 682811K(683008K)->682811K(683008K)
[9.381s][info][gc,metaspace   ] GC(107) Metaspace: 6302K(6528K)->6302K(6528K) NonClass: 5769K(5888K)->5769K(5888K) Class: 533K(640K)->533K(640K)
[9.381s][info][gc             ] GC(107) Pause Full (Ergonomics) 682M->682M(707M) 387.585ms
[9.381s][info][gc,cpu         ] GC(107) User=0.70s Sys=0.02s Real=0.39s
[9.381s][info][gc,start       ] GC(108) Pause Full (Ergonomics)
[9.381s][info][gc,phases,start] GC(108) Marking Phase
[9.663s][info][gc,phases      ] GC(108) Marking Phase 282.185ms
[9.663s][info][gc,phases,start] GC(108) Summary Phase
[9.663s][info][gc,phases      ] GC(108) Summary Phase 0.038ms
[9.663s][info][gc,phases,start] GC(108) Adjust Roots
[9.664s][info][gc,phases      ] GC(108) Adjust Roots 0.227ms
[9.664s][info][gc,phases,start] GC(108) Compaction Phase
[9.769s][info][gc,phases      ] GC(108) Compaction Phase 105.186ms
[9.769s][info][gc,phases,start] GC(108) Post Compact
[9.770s][info][gc,phases      ] GC(108) Post Compact 1.247ms
[9.770s][info][gc,heap        ] GC(108) PSYoungGen: 15581K(41472K)->15581K(41472K) Eden: 11263K(11264K)->11263K(11264K) From: 4317K(30208K)->4317K(30208K)
[9.770s][info][gc,heap        ] GC(108) ParOldGen: 682816K(683008K)->682816K(683008K)
[9.770s][info][gc,metaspace   ] GC(108) Metaspace: 6302K(6528K)->6302K(6528K) NonClass: 5769K(5888K)->5769K(5888K) Class: 533K(640K)->533K(640K)
[9.770s][info][gc             ] GC(108) Pause Full (Ergonomics) 682M->682M(707M) 389.279ms
[9.770s][info][gc,cpu         ] GC(108) User=0.73s Sys=0.00s Real=0.39s
[9.771s][info][gc,start       ] GC(109) Pause Full (Ergonomics)
[9.771s][info][gc,phases,start] GC(109) Marking Phase
[10.054s][info][gc,phases      ] GC(109) Marking Phase 283.115ms
[10.054s][info][gc,phases,start] GC(109) Summary Phase
[10.054s][info][gc,phases      ] GC(109) Summary Phase 0.039ms
[10.054s][info][gc,phases,start] GC(109) Adjust Roots
[10.054s][info][gc,phases      ] GC(109) Adjust Roots 0.289ms
[10.054s][info][gc,phases,start] GC(109) Compaction Phase
[10.158s][info][gc,phases      ] GC(109) Compaction Phase 104.056ms
[10.158s][info][gc,phases,start] GC(109) Post Compact
[10.160s][info][gc,phases      ] GC(109) Post Compact 1.129ms
[10.160s][info][gc,heap        ] GC(109) PSYoungGen: 15581K(41472K)->15581K(41472K) Eden: 11263K(11264K)->11263K(11264K) From: 4317K(30208K)->4317K(30208K)
[10.160s][info][gc,heap        ] GC(109) ParOldGen: 682821K(683008K)->682821K(683008K)
[10.160s][info][gc,metaspace   ] GC(109) Metaspace: 6302K(6528K)->6302K(6528K) NonClass: 5769K(5888K)->5769K(5888K) Class: 533K(640K)->533K(640K)
[10.160s][info][gc             ] GC(109) Pause Full (Ergonomics) 682M->682M(707M) 389.018ms
[10.160s][info][gc,cpu         ] GC(109) User=0.73s Sys=0.02s Real=0.39s
[10.160s][info][gc,start       ] GC(110) Pause Full (Ergonomics)
[10.160s][info][gc,phases,start] GC(110) Marking Phase
[10.442s][info][gc,phases      ] GC(110) Marking Phase 281.709ms
[10.442s][info][gc,phases,start] GC(110) Summary Phase
[10.442s][info][gc,phases      ] GC(110) Summary Phase 0.025ms
[10.442s][info][gc,phases,start] GC(110) Adjust Roots
[10.442s][info][gc,phases      ] GC(110) Adjust Roots 0.214ms
[10.442s][info][gc,phases,start] GC(110) Compaction Phase
[10.546s][info][gc,phases      ] GC(110) Compaction Phase 103.641ms
[10.546s][info][gc,phases,start] GC(110) Post Compact
[10.547s][info][gc,phases      ] GC(110) Post Compact 1.144ms
[10.547s][info][gc,heap        ] GC(110) PSYoungGen: 15581K(41472K)->15581K(41472K) Eden: 11263K(11264K)->11263K(11264K) From: 4317K(30208K)->4317K(30208K)
[10.547s][info][gc,heap        ] GC(110) ParOldGen: 682825K(683008K)->682825K(683008K)
[10.547s][info][gc,metaspace   ] GC(110) Metaspace: 6302K(6528K)->6302K(6528K) NonClass: 5769K(5888K)->5769K(5888K) Class: 533K(640K)->533K(640K)
[10.547s][info][gc             ] GC(110) Pause Full (Ergonomics) 682M->682M(707M) 387.084ms
[10.547s][info][gc,cpu         ] GC(110) User=0.73s Sys=0.02s Real=0.39s
[10.548s][info][gc,start       ] GC(111) Pause Full (Ergonomics)
[10.548s][info][gc,phases,start] GC(111) Marking Phase
[10.831s][info][gc,phases      ] GC(111) Marking Phase 283.047ms
[10.831s][info][gc,phases,start] GC(111) Summary Phase
[10.831s][info][gc,phases      ] GC(111) Summary Phase 0.025ms
[10.831s][info][gc,phases,start] GC(111) Adjust Roots
[10.831s][info][gc,phases      ] GC(111) Adjust Roots 0.279ms
[10.831s][info][gc,phases,start] GC(111) Compaction Phase
[10.933s][info][gc,phases      ] GC(111) Compaction Phase 102.229ms
[10.933s][info][gc,phases,start] GC(111) Post Compact
[10.935s][info][gc,phases      ] GC(111) Post Compact 1.137ms
[10.935s][info][gc,heap        ] GC(111) PSYoungGen: 15581K(41472K)->15581K(41472K) Eden: 11263K(11264K)->11263K(11264K) From: 4317K(30208K)->4317K(30208K)
[10.935s][info][gc,heap        ] GC(111) ParOldGen: 682830K(683008K)->682830K(683008K)
[10.935s][info][gc,metaspace   ] GC(111) Metaspace: 6302K(6528K)->6302K(6528K) NonClass: 5769K(5888K)->5769K(5888K) Class: 533K(640K)->533K(640K)
[10.935s][info][gc             ] GC(111) Pause Full (Ergonomics) 682M->682M(707M) 387.063ms
[10.935s][info][gc,cpu         ] GC(111) User=0.72s Sys=0.00s Real=0.39s
[10.935s][info][gc,start       ] GC(112) Pause Full (Ergonomics)
[10.935s][info][gc,phases,start] GC(112) Marking Phase
[11.217s][info][gc,phases      ] GC(112) Marking Phase 282.087ms
[11.217s][info][gc,phases,start] GC(112) Summary Phase
[11.217s][info][gc,phases      ] GC(112) Summary Phase 0.025ms
[11.217s][info][gc,phases,start] GC(112) Adjust Roots
[11.217s][info][gc,phases      ] GC(112) Adjust Roots 0.232ms
[11.217s][info][gc,phases,start] GC(112) Compaction Phase
[11.322s][info][gc,phases      ] GC(112) Compaction Phase 104.337ms
[11.322s][info][gc,phases,start] GC(112) Post Compact
[11.323s][info][gc,phases      ] GC(112) Post Compact 1.134ms
[11.323s][info][gc,heap        ] GC(112) PSYoungGen: 15581K(41472K)->15581K(41472K) Eden: 11263K(11264K)->11263K(11264K) From: 4317K(30208K)->4317K(30208K)
[11.323s][info][gc,heap        ] GC(112) ParOldGen: 682835K(683008K)->682835K(683008K)
[11.323s][info][gc,metaspace   ] GC(112) Metaspace: 6302K(6528K)->6302K(6528K) NonClass: 5769K(5888K)->5769K(5888K) Class: 533K(640K)->533K(640K)
[11.323s][info][gc             ] GC(112) Pause Full (Ergonomics) 682M->682M(707M) 388.157ms
[11.323s][info][gc,cpu         ] GC(112) User=0.72s Sys=0.00s Real=0.39s
[11.323s][info][gc,start       ] GC(113) Pause Full (Ergonomics)
[11.323s][info][gc,phases,start] GC(113) Marking Phase
[11.604s][info][gc,phases      ] GC(113) Marking Phase 280.965ms
[11.604s][info][gc,phases,start] GC(113) Summary Phase
[11.604s][info][gc,phases      ] GC(113) Summary Phase 0.025ms
[11.605s][info][gc,phases,start] GC(113) Adjust Roots
[11.605s][info][gc,phases      ] GC(113) Adjust Roots 0.220ms
[11.605s][info][gc,phases,start] GC(113) Compaction Phase
[11.709s][info][gc,phases      ] GC(113) Compaction Phase 103.793ms
[11.709s][info][gc,phases,start] GC(113) Post Compact
[11.710s][info][gc,phases      ] GC(113) Post Compact 1.133ms
[11.710s][info][gc,heap        ] GC(113) PSYoungGen: 15581K(41472K)->15581K(41472K) Eden: 11263K(11264K)->11263K(11264K) From: 4317K(30208K)->4317K(30208K)
[11.710s][info][gc,heap        ] GC(113) ParOldGen: 682839K(683008K)->682839K(683008K)
[11.710s][info][gc,metaspace   ] GC(113) Metaspace: 6302K(6528K)->6302K(6528K) NonClass: 5769K(5888K)->5769K(5888K) Class: 533K(640K)->533K(640K)
[11.710s][info][gc             ] GC(113) Pause Full (Ergonomics) 682M->682M(707M) 386.578ms
[11.710s][info][gc,cpu         ] GC(113) User=0.72s Sys=0.00s Real=0.39s
[11.710s][info][gc,start       ] GC(114) Pause Full (Ergonomics)
[11.710s][info][gc,phases,start] GC(114) Marking Phase
[11.993s][info][gc,phases      ] GC(114) Marking Phase 282.827ms
[11.993s][info][gc,phases,start] GC(114) Summary Phase
[11.993s][info][gc,phases      ] GC(114) Summary Phase 0.032ms
[11.993s][info][gc,phases,start] GC(114) Adjust Roots
[11.993s][info][gc,phases      ] GC(114) Adjust Roots 0.244ms
[11.994s][info][gc,phases,start] GC(114) Compaction Phase
[12.097s][info][gc,phases      ] GC(114) Compaction Phase 103.889ms
[12.097s][info][gc,phases,start] GC(114) Post Compact
[12.099s][info][gc,phases      ] GC(114) Post Compact 1.168ms
[12.099s][info][gc,heap        ] GC(114) PSYoungGen: 15581K(41472K)->15581K(41472K) Eden: 11263K(11264K)->11263K(11264K) From: 4317K(30208K)->4317K(30208K)
[12.099s][info][gc,heap        ] GC(114) ParOldGen: 682844K(683008K)->682844K(683008K)
[12.099s][info][gc,metaspace   ] GC(114) Metaspace: 6302K(6528K)->6302K(6528K) NonClass: 5769K(5888K)->5769K(5888K) Class: 533K(640K)->533K(640K)
[12.099s][info][gc             ] GC(114) Pause Full (Ergonomics) 682M->682M(707M) 388.515ms
[12.099s][info][gc,cpu         ] GC(114) User=0.75s Sys=0.00s Real=0.39s
[12.099s][info][gc,start       ] GC(115) Pause Full (Ergonomics)
[12.099s][info][gc,phases,start] GC(115) Marking Phase
[12.384s][info][gc,phases      ] GC(115) Marking Phase 285.130ms
[12.384s][info][gc,phases,start] GC(115) Summary Phase
[12.384s][info][gc,phases      ] GC(115) Summary Phase 0.025ms
[12.384s][info][gc,phases,start] GC(115) Adjust Roots
[12.385s][info][gc,phases      ] GC(115) Adjust Roots 0.233ms
[12.385s][info][gc,phases,start] GC(115) Compaction Phase
[12.489s][info][gc,phases      ] GC(115) Compaction Phase 104.801ms
[12.489s][info][gc,phases,start] GC(115) Post Compact
[12.491s][info][gc,phases      ] GC(115) Post Compact 1.135ms
[12.491s][info][gc,heap        ] GC(115) PSYoungGen: 15581K(41472K)->15581K(41472K) Eden: 11263K(11264K)->11263K(11264K) From: 4317K(30208K)->4317K(30208K)
[12.491s][info][gc,heap        ] GC(115) ParOldGen: 682849K(683008K)->682849K(683008K)
[12.491s][info][gc,metaspace   ] GC(115) Metaspace: 6302K(6528K)->6302K(6528K) NonClass: 5769K(5888K)->5769K(5888K) Class: 533K(640K)->533K(640K)
[12.491s][info][gc             ] GC(115) Pause Full (Ergonomics) 682M->682M(707M) 391.676ms
[12.491s][info][gc,cpu         ] GC(115) User=0.75s Sys=0.00s Real=0.39s
[12.491s][info][gc,start       ] GC(116) Pause Full (Ergonomics)
[12.491s][info][gc,phases,start] GC(116) Marking Phase
[12.772s][info][gc,phases      ] GC(116) Marking Phase 281.134ms
[12.772s][info][gc,phases,start] GC(116) Summary Phase
[12.772s][info][gc,phases      ] GC(116) Summary Phase 0.025ms
[12.772s][info][gc,phases,start] GC(116) Adjust Roots
[12.773s][info][gc,phases      ] GC(116) Adjust Roots 0.218ms
[12.773s][info][gc,phases,start] GC(116) Compaction Phase
[12.878s][info][gc,phases      ] GC(116) Compaction Phase 105.707ms
[12.878s][info][gc,phases,start] GC(116) Post Compact
[12.879s][info][gc,phases      ] GC(116) Post Compact 1.136ms
[12.880s][info][gc,heap        ] GC(116) PSYoungGen: 15581K(41472K)->15581K(41472K) Eden: 11263K(11264K)->11263K(11264K) From: 4317K(30208K)->4317K(30208K)
[12.880s][info][gc,heap        ] GC(116) ParOldGen: 682853K(683008K)->682853K(683008K)
[12.880s][info][gc,metaspace   ] GC(116) Metaspace: 6302K(6528K)->6302K(6528K) NonClass: 5769K(5888K)->5769K(5888K) Class: 533K(640K)->533K(640K)
[12.880s][info][gc             ] GC(116) Pause Full (Ergonomics) 682M->682M(707M) 388.590ms
[12.880s][info][gc,cpu         ] GC(116) User=0.78s Sys=0.00s Real=0.39s
[12.880s][info][gc,start       ] GC(117) Pause Full (Ergonomics)
[12.880s][info][gc,phases,start] GC(117) Marking Phase
[13.163s][info][gc,phases      ] GC(117) Marking Phase 282.563ms
[13.163s][info][gc,phases,start] GC(117) Summary Phase
[13.163s][info][gc,phases      ] GC(117) Summary Phase 0.025ms
[13.163s][info][gc,phases,start] GC(117) Adjust Roots
[13.163s][info][gc,phases      ] GC(117) Adjust Roots 0.247ms
[13.163s][info][gc,phases,start] GC(117) Compaction Phase
[13.267s][info][gc,phases      ] GC(117) Compaction Phase 103.848ms
[13.267s][info][gc,phases,start] GC(117) Post Compact
[13.268s][info][gc,phases      ] GC(117) Post Compact 1.132ms
[13.268s][info][gc,heap        ] GC(117) PSYoungGen: 15581K(41472K)->15581K(41472K) Eden: 11263K(11264K)->11263K(11264K) From: 4317K(30208K)->4317K(30208K)
[13.268s][info][gc,heap        ] GC(117) ParOldGen: 682858K(683008K)->682858K(683008K)
[13.268s][info][gc,metaspace   ] GC(117) Metaspace: 6302K(6528K)->6302K(6528K) NonClass: 5769K(5888K)->5769K(5888K) Class: 533K(640K)->533K(640K)
[13.268s][info][gc             ] GC(117) Pause Full (Ergonomics) 682M->682M(707M) 388.174ms
[13.268s][info][gc,cpu         ] GC(117) User=0.78s Sys=0.00s Real=0.39s
[13.268s][info][gc,start       ] GC(118) Pause Full (Ergonomics)
[13.268s][info][gc,phases,start] GC(118) Marking Phase
[13.550s][info][gc,phases      ] GC(118) Marking Phase 281.467ms
[13.550s][info][gc,phases,start] GC(118) Summary Phase
[13.550s][info][gc,phases      ] GC(118) Summary Phase 0.026ms
[13.550s][info][gc,phases,start] GC(118) Adjust Roots
[13.550s][info][gc,phases      ] GC(118) Adjust Roots 0.256ms
[13.550s][info][gc,phases,start] GC(118) Compaction Phase
[13.663s][info][gc,phases      ] GC(118) Compaction Phase 112.582ms
[13.663s][info][gc,phases,start] GC(118) Post Compact
[13.664s][info][gc,phases      ] GC(118) Post Compact 1.228ms
[13.664s][info][gc,heap        ] GC(118) PSYoungGen: 15581K(41472K)->15581K(41472K) Eden: 11263K(11264K)->11263K(11264K) From: 4317K(30208K)->4317K(30208K)
[13.664s][info][gc,heap        ] GC(118) ParOldGen: 682863K(683008K)->682863K(683008K)
[13.664s][info][gc,metaspace   ] GC(118) Metaspace: 6302K(6528K)->6302K(6528K) NonClass: 5769K(5888K)->5769K(5888K) Class: 533K(640K)->533K(640K)
[13.664s][info][gc             ] GC(118) Pause Full (Ergonomics) 682M->682M(707M) 395.961ms
[13.664s][info][gc,cpu         ] GC(118) User=0.78s Sys=0.00s Real=0.40s
[13.665s][info][gc,start       ] GC(119) Pause Full (Ergonomics)
[13.665s][info][gc,phases,start] GC(119) Marking Phase
[13.952s][info][gc,phases      ] GC(119) Marking Phase 287.555ms
[13.952s][info][gc,phases,start] GC(119) Summary Phase
[13.952s][info][gc,phases      ] GC(119) Summary Phase 0.026ms
[13.952s][info][gc,phases,start] GC(119) Adjust Roots
[13.952s][info][gc,phases      ] GC(119) Adjust Roots 0.206ms
[13.953s][info][gc,phases,start] GC(119) Compaction Phase
[14.056s][info][gc,phases      ] GC(119) Compaction Phase 103.107ms
[14.056s][info][gc,phases,start] GC(119) Post Compact
[14.057s][info][gc,phases      ] GC(119) Post Compact 1.135ms
[14.057s][info][gc,heap        ] GC(119) PSYoungGen: 15581K(41472K)->15581K(41472K) Eden: 11263K(11264K)->11263K(11264K) From: 4317K(30208K)->4317K(30208K)
[14.057s][info][gc,heap        ] GC(119) ParOldGen: 682867K(683008K)->682867K(683008K)
[14.057s][info][gc,metaspace   ] GC(119) Metaspace: 6302K(6528K)->6302K(6528K) NonClass: 5769K(5888K)->5769K(5888K) Class: 533K(640K)->533K(640K)
[14.057s][info][gc             ] GC(119) Pause Full (Ergonomics) 682M->682M(707M) 392.339ms
[14.057s][info][gc,cpu         ] GC(119) User=0.69s Sys=0.02s Real=0.39s
[14.057s][info][gc,start       ] GC(120) Pause Full (Ergonomics)
[14.057s][info][gc,phases,start] GC(120) Marking Phase
[14.353s][info][gc,phases      ] GC(120) Marking Phase 295.403ms
[14.353s][info][gc,phases,start] GC(120) Summary Phase
[14.353s][info][gc,phases      ] GC(120) Summary Phase 0.027ms
[14.353s][info][gc,phases,start] GC(120) Adjust Roots
[14.353s][info][gc,phases      ] GC(120) Adjust Roots 0.235ms
[14.353s][info][gc,phases,start] GC(120) Compaction Phase
[14.460s][info][gc,phases      ] GC(120) Compaction Phase 106.373ms
[14.460s][info][gc,phases,start] GC(120) Post Compact
[14.461s][info][gc,phases      ] GC(120) Post Compact 1.191ms
[14.461s][info][gc,heap        ] GC(120) PSYoungGen: 15581K(41472K)->15581K(41472K) Eden: 11263K(11264K)->11263K(11264K) From: 4317K(30208K)->4317K(30208K)
[14.461s][info][gc,heap        ] GC(120) ParOldGen: 682872K(683008K)->682872K(683008K)
[14.461s][info][gc,metaspace   ] GC(120) Metaspace: 6302K(6528K)->6302K(6528K) NonClass: 5769K(5888K)->5769K(5888K) Class: 533K(640K)->533K(640K)
[14.461s][info][gc             ] GC(120) Pause Full (Ergonomics) 682M->682M(707M) 403.554ms
[14.461s][info][gc,cpu         ] GC(120) User=0.73s Sys=0.00s Real=0.40s
[14.461s][info][gc,start       ] GC(121) Pause Full (Ergonomics)
[14.461s][info][gc,phases,start] GC(121) Marking Phase
[14.731s][info][gc,phases      ] GC(121) Marking Phase 269.556ms
[14.731s][info][gc,phases,start] GC(121) Summary Phase
[14.731s][info][gc,phases      ] GC(121) Summary Phase 0.027ms
[14.731s][info][gc,phases,start] GC(121) Adjust Roots
[14.731s][info][gc,phases      ] GC(121) Adjust Roots 0.217ms
[14.731s][info][gc,phases,start] GC(121) Compaction Phase
[14.832s][info][gc,phases      ] GC(121) Compaction Phase 100.991ms
[14.832s][info][gc,phases,start] GC(121) Post Compact
[14.833s][info][gc,phases      ] GC(121) Post Compact 1.220ms
[14.833s][info][gc,heap        ] GC(121) PSYoungGen: 15581K(41472K)->15581K(41472K) Eden: 11263K(11264K)->11263K(11264K) From: 4317K(30208K)->4317K(30208K)
[14.833s][info][gc,heap        ] GC(121) ParOldGen: 682877K(683008K)->682877K(683008K)
[14.833s][info][gc,metaspace   ] GC(121) Metaspace: 6302K(6528K)->6302K(6528K) NonClass: 5769K(5888K)->5769K(5888K) Class: 533K(640K)->533K(640K)
[14.833s][info][gc             ] GC(121) Pause Full (Ergonomics) 682M->682M(707M) 372.341ms
[14.834s][info][gc,cpu         ] GC(121) User=0.69s Sys=0.00s Real=0.37s
[14.834s][info][gc,start       ] GC(122) Pause Full (Ergonomics)
[14.834s][info][gc,phases,start] GC(122) Marking Phase
[15.104s][info][gc,phases      ] GC(122) Marking Phase 270.216ms
[15.104s][info][gc,phases,start] GC(122) Summary Phase
[15.104s][info][gc,phases      ] GC(122) Summary Phase 0.028ms
[15.104s][info][gc,phases,start] GC(122) Adjust Roots
[15.104s][info][gc,phases      ] GC(122) Adjust Roots 0.195ms
[15.104s][info][gc,phases,start] GC(122) Compaction Phase
[15.198s][info][gc,phases      ] GC(122) Compaction Phase 93.264ms
[15.198s][info][gc,phases,start] GC(122) Post Compact
[15.199s][info][gc,phases      ] GC(122) Post Compact 1.139ms
[15.199s][info][gc,heap        ] GC(122) PSYoungGen: 15581K(41472K)->15581K(41472K) Eden: 11263K(11264K)->11263K(11264K) From: 4317K(30208K)->4317K(30208K)
[15.199s][info][gc,heap        ] GC(122) ParOldGen: 682881K(683008K)->682881K(683008K)
[15.199s][info][gc,metaspace   ] GC(122) Metaspace: 6302K(6528K)->6302K(6528K) NonClass: 5769K(5888K)->5769K(5888K) Class: 533K(640K)->533K(640K)
[15.199s][info][gc             ] GC(122) Pause Full (Ergonomics) 682M->682M(707M) 365.182ms
[15.199s][info][gc,cpu         ] GC(122) User=0.67s Sys=0.00s Real=0.37s
[15.199s][info][gc,start       ] GC(123) Pause Full (Ergonomics)
[15.199s][info][gc,phases,start] GC(123) Marking Phase
[15.474s][info][gc,phases      ] GC(123) Marking Phase 274.894ms
[15.474s][info][gc,phases,start] GC(123) Summary Phase
[15.474s][info][gc,phases      ] GC(123) Summary Phase 0.020ms
[15.474s][info][gc,phases,start] GC(123) Adjust Roots
[15.474s][info][gc,phases      ] GC(123) Adjust Roots 0.218ms
[15.474s][info][gc,phases,start] GC(123) Compaction Phase
[15.572s][info][gc,phases      ] GC(123) Compaction Phase 97.611ms
[15.572s][info][gc,phases,start] GC(123) Post Compact
[15.573s][info][gc,phases      ] GC(123) Post Compact 1.151ms
[15.573s][info][gc,heap        ] GC(123) PSYoungGen: 15581K(41472K)->15581K(41472K) Eden: 11263K(11264K)->11263K(11264K) From: 4317K(30208K)->4317K(30208K)
[15.573s][info][gc,heap        ] GC(123) ParOldGen: 682886K(683008K)->682886K(683008K)
[15.573s][info][gc,metaspace   ] GC(123) Metaspace: 6302K(6528K)->6302K(6528K) NonClass: 5769K(5888K)->5769K(5888K) Class: 533K(640K)->533K(640K)
[15.573s][info][gc             ] GC(123) Pause Full (Ergonomics) 682M->682M(707M) 374.197ms
[15.573s][info][gc,cpu         ] GC(123) User=0.67s Sys=0.00s Real=0.37s
[15.574s][info][gc,start       ] GC(124) Pause Full (Ergonomics)
[15.574s][info][gc,phases,start] GC(124) Marking Phase
[15.842s][info][gc,phases      ] GC(124) Marking Phase 268.101ms
[15.842s][info][gc,phases,start] GC(124) Summary Phase
[15.842s][info][gc,phases      ] GC(124) Summary Phase 0.033ms
[15.842s][info][gc,phases,start] GC(124) Adjust Roots
[15.842s][info][gc,phases      ] GC(124) Adjust Roots 0.210ms
[15.842s][info][gc,phases,start] GC(124) Compaction Phase
[15.935s][info][gc,phases      ] GC(124) Compaction Phase 92.869ms
[15.935s][info][gc,phases,start] GC(124) Post Compact
[15.936s][info][gc,phases      ] GC(124) Post Compact 1.129ms
[15.936s][info][gc,heap        ] GC(124) PSYoungGen: 15581K(41472K)->15581K(41472K) Eden: 11263K(11264K)->11263K(11264K) From: 4317K(30208K)->4317K(30208K)
[15.936s][info][gc,heap        ] GC(124) ParOldGen: 682891K(683008K)->682891K(683008K)
[15.936s][info][gc,metaspace   ] GC(124) Metaspace: 6302K(6528K)->6302K(6528K) NonClass: 5769K(5888K)->5769K(5888K) Class: 533K(640K)->533K(640K)
[15.936s][info][gc             ] GC(124) Pause Full (Ergonomics) 682M->682M(707M) 362.656ms
[15.936s][info][gc,cpu         ] GC(124) User=0.66s Sys=0.00s Real=0.36s
[15.937s][info][gc,start       ] GC(125) Pause Full (Ergonomics)
[15.937s][info][gc,phases,start] GC(125) Marking Phase
[16.206s][info][gc,phases      ] GC(125) Marking Phase 268.946ms
[16.206s][info][gc,phases,start] GC(125) Summary Phase
[16.206s][info][gc,phases      ] GC(125) Summary Phase 0.026ms
[16.206s][info][gc,phases,start] GC(125) Adjust Roots
[16.206s][info][gc,phases      ] GC(125) Adjust Roots 0.214ms
[16.206s][info][gc,phases,start] GC(125) Compaction Phase
[16.299s][info][gc,phases      ] GC(125) Compaction Phase 93.380ms
[16.299s][info][gc,phases,start] GC(125) Post Compact
[16.301s][info][gc,phases      ] GC(125) Post Compact 1.117ms
[16.301s][info][gc,heap        ] GC(125) PSYoungGen: 15581K(41472K)->15581K(41472K) Eden: 11263K(11264K)->11263K(11264K) From: 4317K(30208K)->4317K(30208K)
[16.301s][info][gc,heap        ] GC(125) ParOldGen: 682895K(683008K)->682895K(683008K)
[16.301s][info][gc,metaspace   ] GC(125) Metaspace: 6302K(6528K)->6302K(6528K) NonClass: 5769K(5888K)->5769K(5888K) Class: 533K(640K)->533K(640K)
[16.301s][info][gc             ] GC(125) Pause Full (Ergonomics) 682M->682M(707M) 364.038ms
[16.301s][info][gc,cpu         ] GC(125) User=0.64s Sys=0.02s Real=0.36s
[16.301s][info][gc,start       ] GC(126) Pause Full (Ergonomics)
[16.301s][info][gc,phases,start] GC(126) Marking Phase
[16.570s][info][gc,phases      ] GC(126) Marking Phase 268.968ms
[16.570s][info][gc,phases,start] GC(126) Summary Phase
[16.570s][info][gc,phases      ] GC(126) Summary Phase 0.029ms
[16.570s][info][gc,phases,start] GC(126) Adjust Roots
[16.570s][info][gc,phases      ] GC(126) Adjust Roots 0.242ms
[16.570s][info][gc,phases,start] GC(126) Compaction Phase
[16.664s][info][gc,phases      ] GC(126) Compaction Phase 93.313ms
[16.664s][info][gc,phases,start] GC(126) Post Compact
[16.665s][info][gc,phases      ] GC(126) Post Compact 1.119ms
[16.665s][info][gc,heap        ] GC(126) PSYoungGen: 15581K(41472K)->15581K(41472K) Eden: 11263K(11264K)->11263K(11264K) From: 4317K(30208K)->4317K(30208K)
[16.665s][info][gc,heap        ] GC(126) ParOldGen: 682900K(683008K)->682900K(683008K)
[16.665s][info][gc,metaspace   ] GC(126) Metaspace: 6302K(6528K)->6302K(6528K) NonClass: 5769K(5888K)->5769K(5888K) Class: 533K(640K)->533K(640K)
[16.665s][info][gc             ] GC(126) Pause Full (Ergonomics) 682M->682M(707M) 364.046ms
[16.665s][info][gc,cpu         ] GC(126) User=0.72s Sys=0.00s Real=0.36s
[16.665s][info][gc,start       ] GC(127) Pause Full (Ergonomics)
[16.665s][info][gc,phases,start] GC(127) Marking Phase
[16.933s][info][gc,phases      ] GC(127) Marking Phase 267.756ms
[16.933s][info][gc,phases,start] GC(127) Summary Phase
[16.933s][info][gc,phases      ] GC(127) Summary Phase 0.038ms
[16.933s][info][gc,phases,start] GC(127) Adjust Roots
[16.934s][info][gc,phases      ] GC(127) Adjust Roots 0.261ms
[16.934s][info][gc,phases,start] GC(127) Compaction Phase
[17.028s][info][gc,phases      ] GC(127) Compaction Phase 94.664ms
[17.028s][info][gc,phases,start] GC(127) Post Compact
[17.030s][info][gc,phases      ] GC(127) Post Compact 1.143ms
[17.030s][info][gc,heap        ] GC(127) PSYoungGen: 15581K(41472K)->15581K(41472K) Eden: 11263K(11264K)->11263K(11264K) From: 4317K(30208K)->4317K(30208K)
[17.030s][info][gc,heap        ] GC(127) ParOldGen: 682905K(683008K)->682905K(683008K)
[17.030s][info][gc,metaspace   ] GC(127) Metaspace: 6302K(6528K)->6302K(6528K) NonClass: 5769K(5888K)->5769K(5888K) Class: 533K(640K)->533K(640K)
[17.030s][info][gc             ] GC(127) Pause Full (Ergonomics) 682M->682M(707M) 364.266ms
[17.030s][info][gc,cpu         ] GC(127) User=0.66s Sys=0.00s Real=0.36s
[17.030s][info][gc,start       ] GC(128) Pause Full (Ergonomics)
[17.030s][info][gc,phases,start] GC(128) Marking Phase
[17.298s][info][gc,phases      ] GC(128) Marking Phase 268.207ms
[17.298s][info][gc,phases,start] GC(128) Summary Phase
[17.298s][info][gc,phases      ] GC(128) Summary Phase 0.025ms
[17.298s][info][gc,phases,start] GC(128) Adjust Roots
[17.298s][info][gc,phases      ] GC(128) Adjust Roots 0.200ms
[17.299s][info][gc,phases,start] GC(128) Compaction Phase
[17.392s][info][gc,phases      ] GC(128) Compaction Phase 93.330ms
[17.392s][info][gc,phases,start] GC(128) Post Compact
[17.393s][info][gc,phases      ] GC(128) Post Compact 1.304ms
[17.393s][info][gc,heap        ] GC(128) PSYoungGen: 15581K(41472K)->15581K(41472K) Eden: 11263K(11264K)->11263K(11264K) From: 4317K(30208K)->4317K(30208K)
[17.393s][info][gc,heap        ] GC(128) ParOldGen: 682909K(683008K)->682909K(683008K)
[17.393s][info][gc,metaspace   ] GC(128) Metaspace: 6302K(6528K)->6302K(6528K) NonClass: 5769K(5888K)->5769K(5888K) Class: 533K(640K)->533K(640K)
[17.393s][info][gc             ] GC(128) Pause Full (Ergonomics) 682M->682M(707M) 363.431ms
[17.393s][info][gc,cpu         ] GC(128) User=0.66s Sys=0.00s Real=0.36s
[17.394s][info][gc,start       ] GC(129) Pause Full (Ergonomics)
[17.394s][info][gc,phases,start] GC(129) Marking Phase
[17.662s][info][gc,phases      ] GC(129) Marking Phase 268.523ms
[17.662s][info][gc,phases,start] GC(129) Summary Phase
[17.662s][info][gc,phases      ] GC(129) Summary Phase 0.025ms
[17.662s][info][gc,phases,start] GC(129) Adjust Roots
[17.663s][info][gc,phases      ] GC(129) Adjust Roots 0.232ms
[17.663s][info][gc,phases,start] GC(129) Compaction Phase
[17.758s][info][gc,phases      ] GC(129) Compaction Phase 95.129ms
[17.758s][info][gc,phases,start] GC(129) Post Compact
[17.759s][info][gc,phases      ] GC(129) Post Compact 1.121ms
[17.759s][info][gc,heap        ] GC(129) PSYoungGen: 15581K(41472K)->15581K(41472K) Eden: 11263K(11264K)->11263K(11264K) From: 4317K(30208K)->4317K(30208K)
[17.759s][info][gc,heap        ] GC(129) ParOldGen: 682914K(683008K)->682914K(683008K)
[17.759s][info][gc,metaspace   ] GC(129) Metaspace: 6302K(6528K)->6302K(6528K) NonClass: 5769K(5888K)->5769K(5888K) Class: 533K(640K)->533K(640K)
[17.759s][info][gc             ] GC(129) Pause Full (Ergonomics) 682M->682M(707M) 365.351ms
[17.759s][info][gc,cpu         ] GC(129) User=0.70s Sys=0.00s Real=0.37s
[17.759s][info][gc,start       ] GC(130) Pause Full (Ergonomics)
[17.759s][info][gc,phases,start] GC(130) Marking Phase
[18.042s][info][gc,phases      ] GC(130) Marking Phase 282.299ms
[18.042s][info][gc,phases,start] GC(130) Summary Phase
[18.042s][info][gc,phases      ] GC(130) Summary Phase 0.025ms
[18.042s][info][gc,phases,start] GC(130) Adjust Roots
[18.042s][info][gc,phases      ] GC(130) Adjust Roots 0.206ms
[18.042s][info][gc,phases,start] GC(130) Compaction Phase
[18.146s][info][gc,phases      ] GC(130) Compaction Phase 104.260ms
[18.146s][info][gc,phases,start] GC(130) Post Compact
[18.147s][info][gc,phases      ] GC(130) Post Compact 1.146ms
[18.147s][info][gc,heap        ] GC(130) PSYoungGen: 15581K(41472K)->15581K(41472K) Eden: 11263K(11264K)->11263K(11264K) From: 4317K(30208K)->4317K(30208K)
[18.147s][info][gc,heap        ] GC(130) ParOldGen: 682919K(683008K)->682919K(683008K)
[18.147s][info][gc,metaspace   ] GC(130) Metaspace: 6302K(6528K)->6302K(6528K) NonClass: 5769K(5888K)->5769K(5888K) Class: 533K(640K)->533K(640K)
[18.148s][info][gc             ] GC(130) Pause Full (Ergonomics) 682M->682M(707M) 388.251ms
[18.148s][info][gc,cpu         ] GC(130) User=0.70s Sys=0.00s Real=0.39s
[18.148s][info][gc,start       ] GC(131) Pause Full (Ergonomics)
[18.148s][info][gc,phases,start] GC(131) Marking Phase
[18.429s][info][gc,phases      ] GC(131) Marking Phase 281.466ms
[18.429s][info][gc,phases,start] GC(131) Summary Phase
[18.429s][info][gc,phases      ] GC(131) Summary Phase 0.039ms
[18.429s][info][gc,phases,start] GC(131) Adjust Roots
[18.430s][info][gc,phases      ] GC(131) Adjust Roots 0.237ms
[18.430s][info][gc,phases,start] GC(131) Compaction Phase
[18.532s][info][gc,phases      ] GC(131) Compaction Phase 102.632ms
[18.532s][info][gc,phases,start] GC(131) Post Compact
[18.534s][info][gc,phases      ] GC(131) Post Compact 1.121ms
[18.534s][info][gc,heap        ] GC(131) PSYoungGen: 15581K(41472K)->15581K(41472K) Eden: 11263K(11264K)->11263K(11264K) From: 4317K(30208K)->4317K(30208K)
[18.534s][info][gc,heap        ] GC(131) ParOldGen: 682923K(683008K)->682923K(683008K)
[18.534s][info][gc,metaspace   ] GC(131) Metaspace: 6302K(6528K)->6302K(6528K) NonClass: 5769K(5888K)->5769K(5888K) Class: 533K(640K)->533K(640K)
[18.534s][info][gc             ] GC(131) Pause Full (Ergonomics) 682M->682M(707M) 385.845ms
[18.534s][info][gc,cpu         ] GC(131) User=0.73s Sys=0.02s Real=0.39s
[18.534s][info][gc,start       ] GC(132) Pause Full (Ergonomics)
[18.534s][info][gc,phases,start] GC(132) Marking Phase
[18.816s][info][gc,phases      ] GC(132) Marking Phase 282.263ms
[18.816s][info][gc,phases,start] GC(132) Summary Phase
[18.816s][info][gc,phases      ] GC(132) Summary Phase 0.026ms
[18.816s][info][gc,phases,start] GC(132) Adjust Roots
[18.817s][info][gc,phases      ] GC(132) Adjust Roots 0.230ms
[18.817s][info][gc,phases,start] GC(132) Compaction Phase
[18.920s][info][gc,phases      ] GC(132) Compaction Phase 103.647ms
[18.920s][info][gc,phases,start] GC(132) Post Compact
[18.921s][info][gc,phases      ] GC(132) Post Compact 1.135ms
[18.922s][info][gc,heap        ] GC(132) PSYoungGen: 15581K(41472K)->15581K(41472K) Eden: 11263K(11264K)->11263K(11264K) From: 4317K(30208K)->4317K(30208K)
[18.922s][info][gc,heap        ] GC(132) ParOldGen: 682928K(683008K)->682928K(683008K)
[18.922s][info][gc,metaspace   ] GC(132) Metaspace: 6302K(6528K)->6302K(6528K) NonClass: 5769K(5888K)->5769K(5888K) Class: 533K(640K)->533K(640K)
[18.922s][info][gc             ] GC(132) Pause Full (Ergonomics) 682M->682M(707M) 387.649ms
[18.922s][info][gc,cpu         ] GC(132) User=0.73s Sys=0.00s Real=0.39s
[18.922s][info][gc,start       ] GC(133) Pause Full (Ergonomics)
[18.922s][info][gc,phases,start] GC(133) Marking Phase
[19.203s][info][gc,phases      ] GC(133) Marking Phase 281.197ms
[19.203s][info][gc,phases,start] GC(133) Summary Phase
[19.203s][info][gc,phases      ] GC(133) Summary Phase 0.032ms
[19.203s][info][gc,phases,start] GC(133) Adjust Roots
[19.204s][info][gc,phases      ] GC(133) Adjust Roots 0.267ms
[19.204s][info][gc,phases,start] GC(133) Compaction Phase
[19.309s][info][gc,phases      ] GC(133) Compaction Phase 104.994ms
[19.309s][info][gc,phases,start] GC(133) Post Compact
[19.310s][info][gc,phases      ] GC(133) Post Compact 1.169ms
[19.310s][info][gc,heap        ] GC(133) PSYoungGen: 15581K(41472K)->15581K(41472K) Eden: 11263K(11264K)->11263K(11264K) From: 4317K(30208K)->4317K(30208K)
[19.310s][info][gc,heap        ] GC(133) ParOldGen: 682933K(683008K)->682933K(683008K)
[19.310s][info][gc,metaspace   ] GC(133) Metaspace: 6302K(6528K)->6302K(6528K) NonClass: 5769K(5888K)->5769K(5888K) Class: 533K(640K)->533K(640K)
[19.310s][info][gc             ] GC(133) Pause Full (Ergonomics) 682M->682M(707M) 388.012ms
[19.310s][info][gc,cpu         ] GC(133) User=0.69s Sys=0.00s Real=0.39s
[19.310s][info][gc,start       ] GC(134) Pause Full (Ergonomics)
[19.310s][info][gc,phases,start] GC(134) Marking Phase
[19.594s][info][gc,phases      ] GC(134) Marking Phase 284.015ms
[19.594s][info][gc,phases,start] GC(134) Summary Phase
[19.594s][info][gc,phases      ] GC(134) Summary Phase 0.028ms
[19.594s][info][gc,phases,start] GC(134) Adjust Roots
[19.595s][info][gc,phases      ] GC(134) Adjust Roots 0.199ms
[19.595s][info][gc,phases,start] GC(134) Compaction Phase
[19.698s][info][gc,phases      ] GC(134) Compaction Phase 103.410ms
[19.698s][info][gc,phases,start] GC(134) Post Compact
[19.699s][info][gc,phases      ] GC(134) Post Compact 1.133ms
[19.699s][info][gc,heap        ] GC(134) PSYoungGen: 15581K(41472K)->15581K(41472K) Eden: 11263K(11264K)->11263K(11264K) From: 4317K(30208K)->4317K(30208K)
[19.699s][info][gc,heap        ] GC(134) ParOldGen: 682937K(683008K)->682937K(683008K)
[19.699s][info][gc,metaspace   ] GC(134) Metaspace: 6302K(6528K)->6302K(6528K) NonClass: 5769K(5888K)->5769K(5888K) Class: 533K(640K)->533K(640K)
[19.699s][info][gc             ] GC(134) Pause Full (Ergonomics) 682M->682M(707M) 389.114ms
[19.699s][info][gc,cpu         ] GC(134) User=0.72s Sys=0.00s Real=0.39s
[19.700s][info][gc,start       ] GC(135) Pause Full (Ergonomics)
[19.700s][info][gc,phases,start] GC(135) Marking Phase
[19.982s][info][gc,phases      ] GC(135) Marking Phase 282.231ms
[19.982s][info][gc,phases,start] GC(135) Summary Phase
[19.982s][info][gc,phases      ] GC(135) Summary Phase 0.025ms
[19.982s][info][gc,phases,start] GC(135) Adjust Roots
[19.982s][info][gc,phases      ] GC(135) Adjust Roots 0.241ms
[19.982s][info][gc,phases,start] GC(135) Compaction Phase
[20.089s][info][gc,phases      ] GC(135) Compaction Phase 106.515ms
[20.089s][info][gc,phases,start] GC(135) Post Compact
[20.090s][info][gc,phases      ] GC(135) Post Compact 1.144ms
[20.090s][info][gc,heap        ] GC(135) PSYoungGen: 15581K(41472K)->15581K(41472K) Eden: 11263K(11264K)->11263K(11264K) From: 4317K(30208K)->4317K(30208K)
[20.090s][info][gc,heap        ] GC(135) ParOldGen: 682942K(683008K)->682942K(683008K)
[20.090s][info][gc,metaspace   ] GC(135) Metaspace: 6302K(6528K)->6302K(6528K) NonClass: 5769K(5888K)->5769K(5888K) Class: 533K(640K)->533K(640K)
[20.090s][info][gc             ] GC(135) Pause Full (Ergonomics) 682M->682M(707M) 390.514ms
[20.090s][info][gc,cpu         ] GC(135) User=0.72s Sys=0.00s Real=0.39s
[20.090s][info][gc,start       ] GC(136) Pause Full (Ergonomics)
[20.090s][info][gc,phases,start] GC(136) Marking Phase
[20.372s][info][gc,phases      ] GC(136) Marking Phase 282.049ms
[20.372s][info][gc,phases,start] GC(136) Summary Phase
[20.372s][info][gc,phases      ] GC(136) Summary Phase 0.025ms
[20.372s][info][gc,phases,start] GC(136) Adjust Roots
[20.373s][info][gc,phases      ] GC(136) Adjust Roots 0.238ms
[20.373s][info][gc,phases,start] GC(136) Compaction Phase
[20.477s][info][gc,phases      ] GC(136) Compaction Phase 103.822ms
[20.477s][info][gc,phases,start] GC(136) Post Compact
[20.478s][info][gc,phases      ] GC(136) Post Compact 1.136ms
[20.478s][info][gc,heap        ] GC(136) PSYoungGen: 15581K(41472K)->15581K(41472K) Eden: 11263K(11264K)->11263K(11264K) From: 4317K(30208K)->4317K(30208K)
[20.478s][info][gc,heap        ] GC(136) ParOldGen: 682947K(683008K)->682947K(683008K)
[20.478s][info][gc,metaspace   ] GC(136) Metaspace: 6302K(6528K)->6302K(6528K) NonClass: 5769K(5888K)->5769K(5888K) Class: 533K(640K)->533K(640K)
[20.478s][info][gc             ] GC(136) Pause Full (Ergonomics) 682M->682M(707M) 387.630ms
[20.478s][info][gc,cpu         ] GC(136) User=0.72s Sys=0.00s Real=0.39s
[20.478s][info][gc,start       ] GC(137) Pause Full (Ergonomics)
[20.478s][info][gc,phases,start] GC(137) Marking Phase
[20.749s][info][gc,phases      ] GC(137) Marking Phase 270.793ms
[20.749s][info][gc,phases,start] GC(137) Summary Phase
[20.749s][info][gc,phases      ] GC(137) Summary Phase 0.021ms
[20.749s][info][gc,phases,start] GC(137) Adjust Roots
[20.749s][info][gc,phases      ] GC(137) Adjust Roots 0.191ms
[20.749s][info][gc,phases,start] GC(137) Compaction Phase
[20.858s][info][gc,phases      ] GC(137) Compaction Phase 108.721ms
[20.858s][info][gc,phases,start] GC(137) Post Compact
[20.860s][info][gc,phases      ] GC(137) Post Compact 1.343ms
[20.860s][info][gc,heap        ] GC(137) PSYoungGen: 15581K(41472K)->15581K(41472K) Eden: 11263K(11264K)->11263K(11264K) From: 4317K(30208K)->4317K(30208K)
[20.860s][info][gc,heap        ] GC(137) ParOldGen: 682951K(683008K)->682951K(683008K)
[20.860s][info][gc,metaspace   ] GC(137) Metaspace: 6302K(6528K)->6302K(6528K) NonClass: 5769K(5888K)->5769K(5888K) Class: 533K(640K)->533K(640K)
[20.860s][info][gc             ] GC(137) Pause Full (Ergonomics) 682M->682M(707M) 381.447ms
[20.860s][info][gc,cpu         ] GC(137) User=0.67s Sys=0.02s Real=0.38s
[20.860s][info][gc,start       ] GC(138) Pause Full (Ergonomics)
[20.860s][info][gc,phases,start] GC(138) Marking Phase
[21.133s][info][gc,phases      ] GC(138) Marking Phase 273.014ms
[21.133s][info][gc,phases,start] GC(138) Summary Phase
[21.133s][info][gc,phases      ] GC(138) Summary Phase 0.027ms
[21.133s][info][gc,phases,start] GC(138) Adjust Roots
[21.133s][info][gc,phases      ] GC(138) Adjust Roots 0.258ms
[21.133s][info][gc,phases,start] GC(138) Compaction Phase
[21.228s][info][gc,phases      ] GC(138) Compaction Phase 94.922ms
[21.228s][info][gc,phases,start] GC(138) Post Compact
[21.230s][info][gc,phases      ] GC(138) Post Compact 1.138ms
[21.230s][info][gc,heap        ] GC(138) PSYoungGen: 15581K(41472K)->15581K(41472K) Eden: 11263K(11264K)->11263K(11264K) From: 4317K(30208K)->4317K(30208K)
[21.230s][info][gc,heap        ] GC(138) ParOldGen: 682956K(683008K)->682956K(683008K)
[21.230s][info][gc,metaspace   ] GC(138) Metaspace: 6302K(6528K)->6302K(6528K) NonClass: 5769K(5888K)->5769K(5888K) Class: 533K(640K)->533K(640K)
[21.230s][info][gc             ] GC(138) Pause Full (Ergonomics) 682M->682M(707M) 369.678ms
[21.230s][info][gc,cpu         ] GC(138) User=0.66s Sys=0.00s Real=0.37s
[21.230s][info][gc,start       ] GC(139) Pause Full (Ergonomics)
[21.230s][info][gc,phases,start] GC(139) Marking Phase
[21.498s][info][gc,phases      ] GC(139) Marking Phase 268.173ms
[21.498s][info][gc,phases,start] GC(139) Summary Phase
[21.498s][info][gc,phases      ] GC(139) Summary Phase 0.025ms
[21.498s][info][gc,phases,start] GC(139) Adjust Roots
[21.499s][info][gc,phases      ] GC(139) Adjust Roots 0.234ms
[21.499s][info][gc,phases,start] GC(139) Compaction Phase
[21.595s][info][gc,phases      ] GC(139) Compaction Phase 96.144ms
[21.595s][info][gc,phases,start] GC(139) Post Compact
[21.596s][info][gc,phases      ] GC(139) Post Compact 1.498ms
[21.596s][info][gc,heap        ] GC(139) PSYoungGen: 15581K(41472K)->15581K(41472K) Eden: 11263K(11264K)->11263K(11264K) From: 4317K(30208K)->4317K(30208K)
[21.596s][info][gc,heap        ] GC(139) ParOldGen: 682961K(683008K)->682961K(683008K)
[21.596s][info][gc,metaspace   ] GC(139) Metaspace: 6302K(6528K)->6302K(6528K) NonClass: 5769K(5888K)->5769K(5888K) Class: 533K(640K)->533K(640K)
[21.596s][info][gc             ] GC(139) Pause Full (Ergonomics) 682M->682M(707M) 366.409ms
[21.596s][info][gc,cpu         ] GC(139) User=0.66s Sys=0.00s Real=0.37s
[21.597s][info][gc,start       ] GC(140) Pause Full (Ergonomics)
[21.597s][info][gc,phases,start] GC(140) Marking Phase
[21.865s][info][gc,phases      ] GC(140) Marking Phase 268.020ms
[21.865s][info][gc,phases,start] GC(140) Summary Phase
[21.865s][info][gc,phases      ] GC(140) Summary Phase 0.021ms
[21.865s][info][gc,phases,start] GC(140) Adjust Roots
[21.865s][info][gc,phases      ] GC(140) Adjust Roots 0.205ms
[21.865s][info][gc,phases,start] GC(140) Compaction Phase
[21.970s][info][gc,phases      ] GC(140) Compaction Phase 105.411ms
[21.971s][info][gc,phases,start] GC(140) Post Compact
[21.972s][info][gc,phases      ] GC(140) Post Compact 1.149ms
[21.972s][info][gc,heap        ] GC(140) PSYoungGen: 15581K(41472K)->15581K(41472K) Eden: 11263K(11264K)->11263K(11264K) From: 4317K(30208K)->4317K(30208K)
[21.972s][info][gc,heap        ] GC(140) ParOldGen: 682965K(683008K)->682965K(683008K)
[21.972s][info][gc,metaspace   ] GC(140) Metaspace: 6302K(6528K)->6302K(6528K) NonClass: 5769K(5888K)->5769K(5888K) Class: 533K(640K)->533K(640K)
[21.972s][info][gc             ] GC(140) Pause Full (Ergonomics) 682M->682M(707M) 375.128ms
[21.972s][info][gc,cpu         ] GC(140) User=0.75s Sys=0.00s Real=0.37s
[21.972s][info][gc,start       ] GC(141) Pause Full (Ergonomics)
[21.972s][info][gc,phases,start] GC(141) Marking Phase
[22.254s][info][gc,phases      ] GC(141) Marking Phase 281.558ms
[22.254s][info][gc,phases,start] GC(141) Summary Phase
[22.254s][info][gc,phases      ] GC(141) Summary Phase 0.025ms
[22.254s][info][gc,phases,start] GC(141) Adjust Roots
[22.254s][info][gc,phases      ] GC(141) Adjust Roots 0.218ms
[22.254s][info][gc,phases,start] GC(141) Compaction Phase
[22.357s][info][gc,phases      ] GC(141) Compaction Phase 103.492ms
[22.358s][info][gc,phases,start] GC(141) Post Compact
[22.359s][info][gc,phases      ] GC(141) Post Compact 1.166ms
[22.359s][info][gc,heap        ] GC(141) PSYoungGen: 15581K(41472K)->15581K(41472K) Eden: 11263K(11264K)->11263K(11264K) From: 4317K(30208K)->4317K(30208K)
[22.359s][info][gc,heap        ] GC(141) ParOldGen: 682970K(683008K)->682970K(683008K)
[22.359s][info][gc,metaspace   ] GC(141) Metaspace: 6302K(6528K)->6302K(6528K) NonClass: 5769K(5888K)->5769K(5888K) Class: 533K(640K)->533K(640K)
[22.359s][info][gc             ] GC(141) Pause Full (Ergonomics) 682M->682M(707M) 386.774ms
[22.359s][info][gc,cpu         ] GC(141) User=0.75s Sys=0.00s Real=0.39s
[22.359s][info][gc,start       ] GC(142) Pause Full (Ergonomics)
[22.359s][info][gc,phases,start] GC(142) Marking Phase
[22.641s][info][gc,phases      ] GC(142) Marking Phase 281.932ms
[22.641s][info][gc,phases,start] GC(142) Summary Phase
[22.641s][info][gc,phases      ] GC(142) Summary Phase 0.025ms
[22.641s][info][gc,phases,start] GC(142) Adjust Roots
[22.641s][info][gc,phases      ] GC(142) Adjust Roots 0.256ms
[22.641s][info][gc,phases,start] GC(142) Compaction Phase
[22.745s][info][gc,phases      ] GC(142) Compaction Phase 103.485ms
[22.745s][info][gc,phases,start] GC(142) Post Compact
[22.746s][info][gc,phases      ] GC(142) Post Compact 1.138ms
[22.746s][info][gc,heap        ] GC(142) PSYoungGen: 15581K(41472K)->15581K(41472K) Eden: 11263K(11264K)->11263K(11264K) From: 4317K(30208K)->4317K(30208K)
[22.746s][info][gc,heap        ] GC(142) ParOldGen: 682975K(683008K)->682975K(683008K)
[22.746s][info][gc,metaspace   ] GC(142) Metaspace: 6302K(6528K)->6302K(6528K) NonClass: 5769K(5888K)->5769K(5888K) Class: 533K(640K)->533K(640K)
[22.746s][info][gc             ] GC(142) Pause Full (Ergonomics) 682M->682M(707M) 387.194ms
[22.746s][info][gc,cpu         ] GC(142) User=0.70s Sys=0.00s Real=0.39s
[22.747s][info][gc,start       ] GC(143) Pause Full (Ergonomics)
[22.747s][info][gc,phases,start] GC(143) Marking Phase
[23.026s][info][gc,phases      ] GC(143) Marking Phase 278.991ms
[23.026s][info][gc,phases,start] GC(143) Summary Phase
[23.026s][info][gc,phases      ] GC(143) Summary Phase 0.019ms
[23.026s][info][gc,phases,start] GC(143) Adjust Roots
[23.026s][info][gc,phases      ] GC(143) Adjust Roots 0.182ms
[23.026s][info][gc,phases,start] GC(143) Compaction Phase
[23.134s][info][gc,phases      ] GC(143) Compaction Phase 107.801ms
[23.134s][info][gc,phases,start] GC(143) Post Compact
[23.135s][info][gc,phases      ] GC(143) Post Compact 1.137ms
[23.135s][info][gc,heap        ] GC(143) PSYoungGen: 15581K(41472K)->15581K(41472K) Eden: 11263K(11264K)->11263K(11264K) From: 4317K(30208K)->4317K(30208K)
[23.135s][info][gc,heap        ] GC(143) ParOldGen: 682979K(683008K)->682979K(683008K)
[23.135s][info][gc,metaspace   ] GC(143) Metaspace: 6302K(6528K)->6302K(6528K) NonClass: 5769K(5888K)->5769K(5888K) Class: 533K(640K)->533K(640K)
[23.135s][info][gc             ] GC(143) Pause Full (Ergonomics) 682M->682M(707M) 388.441ms
[23.135s][info][gc,cpu         ] GC(143) User=0.70s Sys=0.00s Real=0.39s
[23.135s][info][gc,start       ] GC(144) Pause Full (Ergonomics)
[23.135s][info][gc,phases,start] GC(144) Marking Phase
[23.404s][info][gc,phases      ] GC(144) Marking Phase 268.892ms
[23.404s][info][gc,phases,start] GC(144) Summary Phase
[23.404s][info][gc,phases      ] GC(144) Summary Phase 0.031ms
[23.404s][info][gc,phases,start] GC(144) Adjust Roots
[23.405s][info][gc,phases      ] GC(144) Adjust Roots 0.208ms
[23.405s][info][gc,phases,start] GC(144) Compaction Phase
[23.500s][info][gc,phases      ] GC(144) Compaction Phase 95.394ms
[23.500s][info][gc,phases,start] GC(144) Post Compact
[23.501s][info][gc,phases      ] GC(144) Post Compact 1.130ms
[23.501s][info][gc,heap        ] GC(144) PSYoungGen: 15581K(41472K)->15581K(41472K) Eden: 11263K(11264K)->11263K(11264K) From: 4317K(30208K)->4317K(30208K)
[23.501s][info][gc,heap        ] GC(144) ParOldGen: 682984K(683008K)->682984K(683008K)
[23.501s][info][gc,metaspace   ] GC(144) Metaspace: 6302K(6528K)->6302K(6528K) NonClass: 5769K(5888K)->5769K(5888K) Class: 533K(640K)->533K(640K)
[23.501s][info][gc             ] GC(144) Pause Full (Ergonomics) 682M->682M(707M) 365.963ms
[23.501s][info][gc,cpu         ] GC(144) User=0.66s Sys=0.00s Real=0.37s
[23.501s][info][gc,start       ] GC(145) Pause Full (Ergonomics)
[23.501s][info][gc,phases,start] GC(145) Marking Phase
[23.770s][info][gc,phases      ] GC(145) Marking Phase 268.082ms
[23.770s][info][gc,phases,start] GC(145) Summary Phase
[23.770s][info][gc,phases      ] GC(145) Summary Phase 0.026ms
[23.770s][info][gc,phases,start] GC(145) Adjust Roots
[23.770s][info][gc,phases      ] GC(145) Adjust Roots 0.211ms
[23.770s][info][gc,phases,start] GC(145) Compaction Phase
[23.879s][info][gc,phases      ] GC(145) Compaction Phase 109.281ms
[23.879s][info][gc,phases,start] GC(145) Post Compact
[23.881s][info][gc,phases      ] GC(145) Post Compact 1.367ms
[23.881s][info][gc,heap        ] GC(145) PSYoungGen: 15581K(41472K)->15581K(41472K) Eden: 11263K(11264K)->11263K(11264K) From: 4317K(30208K)->4317K(30208K)
[23.881s][info][gc,heap        ] GC(145) ParOldGen: 682989K(683008K)->682989K(683008K)
[23.881s][info][gc,metaspace   ] GC(145) Metaspace: 6302K(6528K)->6302K(6528K) NonClass: 5769K(5888K)->5769K(5888K) Class: 533K(640K)->533K(640K)
[23.881s][info][gc             ] GC(145) Pause Full (Ergonomics) 682M->682M(707M) 379.299ms
[23.881s][info][gc,cpu         ] GC(145) User=0.69s Sys=0.00s Real=0.38s
[23.881s][info][gc,start       ] GC(146) Pause Full (Ergonomics)
[23.881s][info][gc,phases,start] GC(146) Marking Phase
[24.149s][info][gc,phases      ] GC(146) Marking Phase 268.214ms
[24.149s][info][gc,phases,start] GC(146) Summary Phase
[24.149s][info][gc,phases      ] GC(146) Summary Phase 0.026ms
[24.149s][info][gc,phases,start] GC(146) Adjust Roots
[24.150s][info][gc,phases      ] GC(146) Adjust Roots 0.215ms
[24.150s][info][gc,phases,start] GC(146) Compaction Phase
[24.242s][info][gc,phases      ] GC(146) Compaction Phase 92.155ms
[24.242s][info][gc,phases,start] GC(146) Post Compact
[24.243s][info][gc,phases      ] GC(146) Post Compact 1.148ms
[24.243s][info][gc,heap        ] GC(146) PSYoungGen: 15581K(41472K)->15581K(41472K) Eden: 11263K(11264K)->11263K(11264K) From: 4317K(30208K)->4317K(30208K)
[24.243s][info][gc,heap        ] GC(146) ParOldGen: 682993K(683008K)->682993K(683008K)
[24.243s][info][gc,metaspace   ] GC(146) Metaspace: 6302K(6528K)->6302K(6528K) NonClass: 5769K(5888K)->5769K(5888K) Class: 533K(640K)->533K(640K)
[24.243s][info][gc             ] GC(146) Pause Full (Ergonomics) 682M->682M(707M) 362.113ms
[24.243s][info][gc,cpu         ] GC(146) User=0.69s Sys=0.02s Real=0.36s
[24.243s][info][gc,start       ] GC(147) Pause Full (Ergonomics)
[24.243s][info][gc,phases,start] GC(147) Marking Phase
[24.513s][info][gc,phases      ] GC(147) Marking Phase 269.298ms
[24.513s][info][gc,phases,start] GC(147) Summary Phase
[24.513s][info][gc,phases      ] GC(147) Summary Phase 0.026ms
[24.513s][info][gc,phases,start] GC(147) Adjust Roots
[24.513s][info][gc,phases      ] GC(147) Adjust Roots 0.241ms
[24.513s][info][gc,phases,start] GC(147) Compaction Phase
[24.608s][info][gc,phases      ] GC(147) Compaction Phase 94.906ms
[24.608s][info][gc,phases,start] GC(147) Post Compact
[24.609s][info][gc,phases      ] GC(147) Post Compact 1.146ms
[24.609s][info][gc,heap        ] GC(147) PSYoungGen: 15581K(41472K)->15581K(41472K) Eden: 11263K(11264K)->11263K(11264K) From: 4317K(30208K)->4317K(30208K)
[24.609s][info][gc,heap        ] GC(147) ParOldGen: 682998K(683008K)->682998K(683008K)
[24.609s][info][gc,metaspace   ] GC(147) Metaspace: 6302K(6528K)->6302K(6528K) NonClass: 5769K(5888K)->5769K(5888K) Class: 533K(640K)->533K(640K)
[24.609s][info][gc             ] GC(147) Pause Full (Ergonomics) 682M->682M(707M) 365.976ms
[24.609s][info][gc,cpu         ] GC(147) User=0.66s Sys=0.00s Real=0.37s
[24.610s][info][gc,start       ] GC(148) Pause Full (Ergonomics)
[24.610s][info][gc,phases,start] GC(148) Marking Phase
[24.879s][info][gc,phases      ] GC(148) Marking Phase 269.166ms
[24.879s][info][gc,phases,start] GC(148) Summary Phase
[24.879s][info][gc,phases      ] GC(148) Summary Phase 0.026ms
[24.879s][info][gc,phases,start] GC(148) Adjust Roots
[24.879s][info][gc,phases      ] GC(148) Adjust Roots 0.240ms
[24.879s][info][gc,phases,start] GC(148) Compaction Phase
[24.979s][info][gc,phases      ] GC(148) Compaction Phase 99.311ms
[24.979s][info][gc,phases,start] GC(148) Post Compact
[24.980s][info][gc,phases      ] GC(148) Post Compact 1.125ms
[24.980s][info][gc,heap        ] GC(148) PSYoungGen: 15581K(41472K)->15581K(41472K) Eden: 11263K(11264K)->11263K(11264K) From: 4317K(30208K)->4317K(30208K)
[24.980s][info][gc,heap        ] GC(148) ParOldGen: 683003K(683008K)->683003K(683008K)
[24.980s][info][gc,metaspace   ] GC(148) Metaspace: 6302K(6528K)->6302K(6528K) NonClass: 5769K(5888K)->5769K(5888K) Class: 533K(640K)->533K(640K)
[24.980s][info][gc             ] GC(148) Pause Full (Ergonomics) 682M->682M(707M) 370.216ms
[24.980s][info][gc,cpu         ] GC(148) User=0.70s Sys=0.00s Real=0.37s
[24.980s][info][gc,start       ] GC(149) Pause Full (Ergonomics)
[24.980s][info][gc,phases,start] GC(149) Marking Phase
[25.252s][info][gc,phases      ] GC(149) Marking Phase 271.343ms
[25.252s][info][gc,phases,start] GC(149) Summary Phase
[25.252s][info][gc,phases      ] GC(149) Summary Phase 0.026ms
[25.252s][info][gc,phases,start] GC(149) Adjust Roots
[25.252s][info][gc,phases      ] GC(149) Adjust Roots 0.212ms
[25.252s][info][gc,phases,start] GC(149) Compaction Phase
[25.345s][info][gc,phases      ] GC(149) Compaction Phase 92.979ms
[25.345s][info][gc,phases,start] GC(149) Post Compact
[25.346s][info][gc,phases      ] GC(149) Post Compact 1.134ms
[25.346s][info][gc,heap        ] GC(149) PSYoungGen: 15581K(41472K)->15581K(41472K) Eden: 11263K(11264K)->11263K(11264K) From: 4317K(30208K)->4317K(30208K)
[25.346s][info][gc,heap        ] GC(149) ParOldGen: 683007K(683008K)->683007K(683008K)
[25.346s][info][gc,metaspace   ] GC(149) Metaspace: 6302K(6528K)->6302K(6528K) NonClass: 5769K(5888K)->5769K(5888K) Class: 533K(640K)->533K(640K)
[25.346s][info][gc             ] GC(149) Pause Full (Ergonomics) 682M->682M(707M) 366.066ms
[25.346s][info][gc,cpu         ] GC(149) User=0.66s Sys=0.00s Real=0.37s
[25.346s][info][gc,start       ] GC(150) Pause Full (Allocation Failure)
[25.346s][info][gc,phases,start] GC(150) Marking Phase
[25.615s][info][gc,phases      ] GC(150) Marking Phase 268.642ms
[25.615s][info][gc,phases,start] GC(150) Summary Phase
[25.615s][info][gc,phases      ] GC(150) Summary Phase 0.028ms
[25.615s][info][gc,phases,start] GC(150) Adjust Roots
[25.616s][info][gc,phases      ] GC(150) Adjust Roots 0.437ms
[25.616s][info][gc,phases,start] GC(150) Compaction Phase
[25.761s][info][gc,phases      ] GC(150) Compaction Phase 145.522ms
[25.761s][info][gc,phases,start] GC(150) Post Compact
[25.762s][info][gc,phases      ] GC(150) Post Compact 1.241ms
[25.763s][info][gc,heap        ] GC(150) PSYoungGen: 15581K(41472K)->15581K(41472K) Eden: 11263K(11264K)->11263K(11264K) From: 4317K(30208K)->4317K(30208K)
[25.763s][info][gc,heap        ] GC(150) ParOldGen: 683007K(683008K)->683003K(683008K)
[25.763s][info][gc,metaspace   ] GC(150) Metaspace: 6302K(6528K)->6300K(6528K) NonClass: 5769K(5888K)->5768K(5888K) Class: 533K(640K)->532K(640K)
[25.763s][info][gc             ] GC(150) Pause Full (Allocation Failure) 682M->682M(707M) 416.192ms
[25.763s][info][gc,cpu         ] GC(150) User=0.83s Sys=0.00s Real=0.42s
[25.763s][info][gc,start       ] GC(151) Pause Full (Ergonomics)
[25.763s][info][gc,phases,start] GC(151) Marking Phase
[26.031s][info][gc,phases      ] GC(151) Marking Phase 268.183ms
[26.031s][info][gc,phases,start] GC(151) Summary Phase
[26.031s][info][gc,phases      ] GC(151) Summary Phase 0.026ms
[26.031s][info][gc,phases,start] GC(151) Adjust Roots
[26.031s][info][gc,phases      ] GC(151) Adjust Roots 0.186ms
[26.032s][info][gc,phases,start] GC(151) Compaction Phase
[26.122s][info][gc,phases      ] GC(151) Compaction Phase 90.212ms
[26.122s][info][gc,phases,start] GC(151) Post Compact
[26.123s][info][gc,phases      ] GC(151) Post Compact 1.131ms
[26.123s][info][gc,heap        ] GC(151) PSYoungGen: 15581K(41472K)->15581K(41472K) Eden: 11263K(11264K)->11263K(11264K) From: 4317K(30208K)->4317K(30208K)
[26.123s][info][gc,heap        ] GC(151) ParOldGen: 683008K(683008K)->683008K(683008K)
[26.123s][info][gc,metaspace   ] GC(151) Metaspace: 6300K(6528K)->6300K(6528K) NonClass: 5768K(5888K)->5768K(5888K) Class: 532K(640K)->532K(640K)
[26.123s][info][gc             ] GC(151) Pause Full (Ergonomics) 682M->682M(707M) 360.051ms
[26.123s][info][gc,cpu         ] GC(151) User=0.66s Sys=0.00s Real=0.36s
[26.123s][info][gc,start       ] GC(152) Pause Full (Allocation Failure)
[26.123s][info][gc,phases,start] GC(152) Marking Phase
[26.390s][info][gc,phases      ] GC(152) Marking Phase 266.783ms
[26.390s][info][gc,phases,start] GC(152) Summary Phase
[26.390s][info][gc,phases      ] GC(152) Summary Phase 0.026ms
[26.390s][info][gc,phases,start] GC(152) Adjust Roots
[26.390s][info][gc,phases      ] GC(152) Adjust Roots 0.216ms
[26.390s][info][gc,phases,start] GC(152) Compaction Phase
[26.481s][info][gc,phases      ] GC(152) Compaction Phase 90.761ms
[26.481s][info][gc,phases,start] GC(152) Post Compact
[26.482s][info][gc,phases      ] GC(152) Post Compact 1.130ms
[26.482s][info][gc,heap        ] GC(152) PSYoungGen: 15581K(41472K)->15581K(41472K) Eden: 11263K(11264K)->11263K(11264K) From: 4317K(30208K)->4317K(30208K)
[26.482s][info][gc,heap        ] GC(152) ParOldGen: 683008K(683008K)->683008K(683008K)
[26.482s][info][gc,metaspace   ] GC(152) Metaspace: 6300K(6528K)->6300K(6528K) NonClass: 5768K(5888K)->5768K(5888K) Class: 532K(640K)->532K(640K)
[26.482s][info][gc             ] GC(152) Pause Full (Allocation Failure) 682M->682M(707M) 359.245ms
[26.482s][info][gc,cpu         ] GC(152) User=0.66s Sys=0.00s Real=0.36s
[26.483s][info][gc,start       ] GC(153) Pause Full (Ergonomics)
[26.483s][info][gc,phases,start] GC(153) Marking Phase
[26.748s][info][gc,phases      ] GC(153) Marking Phase 265.504ms
[26.748s][info][gc,phases,start] GC(153) Summary Phase
[26.749s][info][gc,phases      ] GC(153) Summary Phase 0.032ms
[26.749s][info][gc,phases,start] GC(153) Adjust Roots
[26.749s][info][gc,phases      ] GC(153) Adjust Roots 0.323ms
[26.749s][info][gc,phases,start] GC(153) Compaction Phase
[26.894s][info][gc,phases      ] GC(153) Compaction Phase 144.675ms
[26.894s][info][gc,phases,start] GC(153) Post Compact
[26.895s][info][gc,phases      ] GC(153) Post Compact 1.226ms
[26.895s][info][gc,heap        ] GC(153) PSYoungGen: 15581K(41472K)->15581K(41472K) Eden: 11263K(11264K)->11263K(11264K) From: 4317K(30208K)->4317K(30208K)
[26.895s][info][gc,heap        ] GC(153) ParOldGen: 683008K(683008K)->683006K(683008K)
[26.895s][info][gc,metaspace   ] GC(153) Metaspace: 6300K(6528K)->6300K(6528K) NonClass: 5768K(5888K)->5768K(5888K) Class: 532K(640K)->532K(640K)
[26.895s][info][gc             ] GC(153) Pause Full (Ergonomics) 682M->682M(707M) 412.098ms
[26.895s][info][gc,cpu         ] GC(153) User=0.77s Sys=0.00s Real=0.41s
[26.896s][info][gc,start       ] GC(154) Pause Full (Ergonomics)
[26.896s][info][gc,phases,start] GC(154) Marking Phase
[27.164s][info][gc,phases      ] GC(154) Marking Phase 267.759ms
[27.164s][info][gc,phases,start] GC(154) Summary Phase
[27.164s][info][gc,phases      ] GC(154) Summary Phase 0.027ms
[27.164s][info][gc,phases,start] GC(154) Adjust Roots
[27.164s][info][gc,phases      ] GC(154) Adjust Roots 0.238ms
[27.164s][info][gc,phases,start] GC(154) Compaction Phase
[27.254s][info][gc,phases      ] GC(154) Compaction Phase 90.550ms
[27.255s][info][gc,phases,start] GC(154) Post Compact
[27.256s][info][gc,phases      ] GC(154) Post Compact 1.212ms
[27.256s][info][gc,heap        ] GC(154) PSYoungGen: 15581K(41472K)->15581K(41472K) Eden: 11264K(11264K)->11264K(11264K) From: 4317K(30208K)->4317K(30208K)
[27.256s][info][gc,heap        ] GC(154) ParOldGen: 683006K(683008K)->683006K(683008K)
[27.256s][info][gc,metaspace   ] GC(154) Metaspace: 6300K(6528K)->6300K(6528K) NonClass: 5768K(5888K)->5768K(5888K) Class: 532K(640K)->532K(640K)
[27.256s][info][gc             ] GC(154) Pause Full (Ergonomics) 682M->682M(707M) 360.146ms
[27.256s][info][gc,cpu         ] GC(154) User=0.69s Sys=0.02s Real=0.36s
[27.257s][info][gc,start       ] GC(155) Pause Full (Ergonomics)
[27.257s][info][gc,phases,start] GC(155) Marking Phase
[27.524s][info][gc,phases      ] GC(155) Marking Phase 266.546ms
[27.524s][info][gc,phases,start] GC(155) Summary Phase
[27.524s][info][gc,phases      ] GC(155) Summary Phase 0.026ms
[27.524s][info][gc,phases,start] GC(155) Adjust Roots
[27.524s][info][gc,phases      ] GC(155) Adjust Roots 0.340ms
[27.524s][info][gc,phases,start] GC(155) Compaction Phase
[27.669s][info][gc,phases      ] GC(155) Compaction Phase 145.079ms
[27.669s][info][gc,phases,start] GC(155) Post Compact
[27.671s][info][gc,phases      ] GC(155) Post Compact 1.241ms
[27.671s][info][gc,heap        ] GC(155) PSYoungGen: 15581K(41472K)->15581K(41472K) Eden: 11264K(11264K)->11264K(11264K) From: 4317K(30208K)->4317K(30208K)
[27.671s][info][gc,heap        ] GC(155) ParOldGen: 683007K(683008K)->683004K(683008K)
[27.671s][info][gc,metaspace   ] GC(155) Metaspace: 6302K(6528K)->6302K(6528K) NonClass: 5768K(5888K)->5768K(5888K) Class: 533K(640K)->533K(640K)
[27.671s][info][gc             ] GC(155) Pause Full (Ergonomics) 682M->682M(707M) 413.604ms
[27.671s][info][gc,cpu         ] GC(155) User=0.78s Sys=0.00s Real=0.41s
[27.671s][info][gc,heap,exit   ] Heap
[27.671s][info][gc,heap,exit   ]  PSYoungGen      total 41472K, used 15581K [0x00000000eb300000, 0x00000000f3c00000, 0x0000000100000000)
[27.671s][info][gc,heap,exit   ]   eden space 11264K, 100% used [0x00000000eb300000,0x00000000ebe00000,0x00000000ebe00000)
[27.671s][info][gc,heap,exit   ]   from space 30208K, 14% used [0x00000000ebe00000,0x00000000ec2375a8,0x00000000edb80000)
[27.671s][info][gc,heap,exit   ]   to   space 63488K, 0% used [0x00000000efe00000,0x00000000efe00000,0x00000000f3c00000)
[27.671s][info][gc,heap,exit   ]  ParOldGen       total 683008K, used 683005K [0x00000000c1800000, 0x00000000eb300000, 0x00000000eb300000)
[27.671s][info][gc,heap,exit   ]   object space 683008K, 99% used [0x00000000c1800000,0x00000000eb2ff758,0x00000000eb300000)
[27.671s][info][gc,heap,exit   ]  Metaspace       used 6305K, committed 6528K, reserved 1114112K
[27.671s][info][gc,heap,exit   ]   class space    used 534K, committed 640K, reserved 1048576K
