[0.013s][info][gc,init] CardTable entry size: 512
[0.013s][info][gc     ] Using Parallel
[0.014s][info][gc,init] Version: 18.0.1+10 (release)
[0.014s][info][gc,init] CPUs: 8 total, 8 available
[0.014s][info][gc,init] Memory: 16063M
[0.014s][info][gc,init] Large Page Support: Disabled
[0.014s][info][gc,init] NUMA Support: Disabled
[0.014s][info][gc,init] Compressed Oops: Enabled (32-bit)
[0.014s][info][gc,init] Alignments: Space 512K, Generation 512K, Heap 2M
[0.014s][info][gc,init] Heap Min Capacity: 2M
[0.014s][info][gc,init] Heap Initial Capacity: 2M
[0.014s][info][gc,init] Heap Max Capacity: 1000M
[0.014s][info][gc,init] Pre-touch: Disabled
[0.014s][info][gc,init] Parallel Workers: 5
[0.014s][info][gc,metaspace] CDS archive(s) not mapped
[0.014s][info][gc,metaspace] Compressed class space mapped at: 0x0000000100000000-0x0000000140000000, reserved size: 1073741824
[0.014s][info][gc,metaspace] Narrow klass base: 0x0000000000000000, Narrow klass shift: 3, Narrow klass range: 0x140000000
[0.117s][info][gc,start    ] GC(0) Pause Young (Allocation Failure)
[0.119s][info][gc,heap     ] GC(0) PSYoungGen: 512K(1024K)->512K(1024K) Eden: 512K(512K)->0K(512K) From: 0K(512K)->512K(512K)
[0.119s][info][gc,heap     ] GC(0) ParOldGen: 0K(512K)->32K(512K)
[0.119s][info][gc,metaspace] GC(0) Metaspace: 4229K(4352K)->4229K(4352K) NonClass: 3908K(3968K)->3908K(3968K) Class: 321K(384K)->321K(384K)
[0.119s][info][gc          ] GC(0) Pause Young (Allocation Failure) 0M->0M(1M) 1.431ms
[0.119s][info][gc,cpu      ] GC(0) User=0.00s Sys=0.00s Real=0.00s
[0.186s][info][gc,start    ] GC(1) Pause Young (Allocation Failure)
[0.186s][info][gc,heap     ] GC(1) PSYoungGen: 1023K(1024K)->480K(1536K) Eden: 511K(512K)->0K(1024K) From: 512K(512K)->480K(512K)
[0.186s][info][gc,heap     ] GC(1) ParOldGen: 32K(512K)->128K(512K)
[0.186s][info][gc,metaspace] GC(1) Metaspace: 5877K(5952K)->5877K(5952K) NonClass: 5380K(5440K)->5380K(5440K) Class: 496K(512K)->496K(512K)
[0.186s][info][gc          ] GC(1) Pause Young (Allocation Failure) 1M->0M(2M) 0.785ms
[0.186s][info][gc,cpu      ] GC(1) User=0.00s Sys=0.00s Real=0.00s
[0.210s][info][gc,start    ] GC(2) Pause Young (Allocation Failure)
[0.210s][info][gc,heap     ] GC(2) PSYoungGen: 1504K(1536K)->496K(1536K) Eden: 1024K(1024K)->0K(1024K) From: 480K(512K)->496K(512K)
[0.210s][info][gc,heap     ] GC(2) ParOldGen: 128K(512K)->568K(1024K)
[0.210s][info][gc,metaspace] GC(2) Metaspace: 6295K(6464K)->6295K(6464K) NonClass: 5762K(5824K)->5762K(5824K) Class: 533K(640K)->533K(640K)
[0.211s][info][gc          ] GC(2) Pause Young (Allocation Failure) 1M->1M(2M) 0.969ms
[0.211s][info][gc,cpu      ] GC(2) User=0.00s Sys=0.00s Real=0.00s
[0.211s][info][gc,start    ] GC(3) Pause Full (Ergonomics)
[0.211s][info][gc,phases,start] GC(3) Marking Phase
[0.211s][info][gc,phases      ] GC(3) Marking Phase 0.835ms
[0.211s][info][gc,phases,start] GC(3) Summary Phase
[0.212s][info][gc,phases      ] GC(3) Summary Phase 0.017ms
[0.212s][info][gc,phases,start] GC(3) Adjust Roots
[0.212s][info][gc,phases      ] GC(3) Adjust Roots 0.496ms
[0.212s][info][gc,phases,start] GC(3) Compaction Phase
[0.215s][info][gc,phases      ] GC(3) Compaction Phase 2.812ms
[0.215s][info][gc,phases,start] GC(3) Post Compact
[0.215s][info][gc,phases      ] GC(3) Post Compact 0.088ms
[0.215s][info][gc,heap        ] GC(3) PSYoungGen: 496K(1536K)->0K(2048K) Eden: 0K(1024K)->0K(1536K) From: 496K(512K)->0K(512K)
[0.215s][info][gc,heap        ] GC(3) ParOldGen: 568K(1024K)->980K(2560K)
[0.215s][info][gc,metaspace   ] GC(3) Metaspace: 6295K(6464K)->6295K(6464K) NonClass: 5762K(5824K)->5762K(5824K) Class: 533K(640K)->533K(640K)
[0.215s][info][gc             ] GC(3) Pause Full (Ergonomics) 1M->0M(4M) 4.563ms
[0.215s][info][gc,cpu         ] GC(3) User=0.00s Sys=0.00s Real=0.00s
[0.218s][info][gc,start       ] GC(4) Pause Young (Allocation Failure)
[0.218s][info][gc,heap        ] GC(4) PSYoungGen: 1536K(2048K)->480K(2560K) Eden: 1536K(1536K)->0K(2048K) From: 0K(512K)->480K(512K)
[0.218s][info][gc,heap        ] GC(4) ParOldGen: 980K(2560K)->1316K(2560K)
[0.218s][info][gc,metaspace   ] GC(4) Metaspace: 6295K(6464K)->6295K(6464K) NonClass: 5762K(5824K)->5762K(5824K) Class: 533K(640K)->533K(640K)
[0.218s][info][gc             ] GC(4) Pause Young (Allocation Failure) 2M->1M(5M) 0.879ms
[0.218s][info][gc,cpu         ] GC(4) User=0.00s Sys=0.00s Real=0.00s
[0.222s][info][gc,start       ] GC(5) Pause Young (Allocation Failure)
[0.223s][info][gc,heap        ] GC(5) PSYoungGen: 2527K(2560K)->480K(2048K) Eden: 2047K(2048K)->0K(1536K) From: 480K(512K)->480K(512K)
[0.223s][info][gc,heap        ] GC(5) ParOldGen: 1316K(2560K)->2404K(2560K)
[0.223s][info][gc,metaspace   ] GC(5) Metaspace: 6295K(6464K)->6295K(6464K) NonClass: 5762K(5824K)->5762K(5824K) Class: 533K(640K)->533K(640K)
[0.223s][info][gc             ] GC(5) Pause Young (Allocation Failure) 3M->2M(4M) 1.250ms
[0.223s][info][gc,cpu         ] GC(5) User=0.00s Sys=0.00s Real=0.00s
[0.223s][info][gc,start       ] GC(6) Pause Full (Ergonomics)
[0.223s][info][gc,phases,start] GC(6) Marking Phase
[0.224s][info][gc,phases      ] GC(6) Marking Phase 1.171ms
[0.224s][info][gc,phases,start] GC(6) Summary Phase
[0.224s][info][gc,phases      ] GC(6) Summary Phase 0.015ms
[0.224s][info][gc,phases,start] GC(6) Adjust Roots
[0.225s][info][gc,phases      ] GC(6) Adjust Roots 0.335ms
[0.225s][info][gc,phases,start] GC(6) Compaction Phase
[0.227s][info][gc,phases      ] GC(6) Compaction Phase 1.904ms
[0.227s][info][gc,phases,start] GC(6) Post Compact
[0.227s][info][gc,phases      ] GC(6) Post Compact 0.037ms
[0.227s][info][gc,heap        ] GC(6) PSYoungGen: 480K(2048K)->479K(2048K) Eden: 0K(1536K)->0K(1536K) From: 480K(512K)->479K(512K)
[0.227s][info][gc,heap        ] GC(6) ParOldGen: 2404K(2560K)->2324K(5632K)
[0.227s][info][gc,metaspace   ] GC(6) Metaspace: 6295K(6464K)->6295K(6464K) NonClass: 5762K(5824K)->5762K(5824K) Class: 533K(640K)->533K(640K)
[0.227s][info][gc             ] GC(6) Pause Full (Ergonomics) 2M->2M(7M) 3.822ms
[0.227s][info][gc,cpu         ] GC(6) User=0.00s Sys=0.00s Real=0.00s
[0.230s][info][gc,start       ] GC(7) Pause Young (Allocation Failure)
[0.231s][info][gc,heap        ] GC(7) PSYoungGen: 2015K(2048K)->1376K(3072K) Eden: 1536K(1536K)->0K(1536K) From: 479K(512K)->1376K(1536K)
[0.231s][info][gc,heap        ] GC(7) ParOldGen: 2324K(5632K)->2324K(5632K)
[0.231s][info][gc,metaspace   ] GC(7) Metaspace: 6295K(6464K)->6295K(6464K) NonClass: 5762K(5824K)->5762K(5824K) Class: 533K(640K)->533K(640K)
[0.231s][info][gc             ] GC(7) Pause Young (Allocation Failure) 4M->3M(8M) 1.177ms
[0.231s][info][gc,cpu         ] GC(7) User=0.00s Sys=0.00s Real=0.00s
[0.234s][info][gc,start       ] GC(8) Pause Young (Allocation Failure)
[0.235s][info][gc,heap        ] GC(8) PSYoungGen: 2911K(3072K)->2016K(4096K) Eden: 1535K(1536K)->0K(2048K) From: 1376K(1536K)->2016K(2048K)
[0.236s][info][gc,heap        ] GC(8) ParOldGen: 2324K(5632K)->2380K(5632K)
[0.236s][info][gc,metaspace   ] GC(8) Metaspace: 6295K(6464K)->6295K(6464K) NonClass: 5762K(5824K)->5762K(5824K) Class: 533K(640K)->533K(640K)
[0.236s][info][gc             ] GC(8) Pause Young (Allocation Failure) 5M->4M(9M) 1.554ms
[0.236s][info][gc,cpu         ] GC(8) User=0.00s Sys=0.00s Real=0.00s
[0.239s][info][gc,start       ] GC(9) Pause Young (Allocation Failure)
[0.241s][info][gc,heap        ] GC(9) PSYoungGen: 4064K(4096K)->2528K(4608K) Eden: 2048K(2048K)->0K(2048K) From: 2016K(2048K)->2528K(2560K)
[0.241s][info][gc,heap        ] GC(9) ParOldGen: 2380K(5632K)->2940K(5632K)
[0.241s][info][gc,metaspace   ] GC(9) Metaspace: 6295K(6464K)->6295K(6464K) NonClass: 5762K(5824K)->5762K(5824K) Class: 533K(640K)->533K(640K)
[0.241s][info][gc             ] GC(9) Pause Young (Allocation Failure) 6M->5M(10M) 1.843ms
[0.241s][info][gc,cpu         ] GC(9) User=0.00s Sys=0.00s Real=0.00s
[0.245s][info][gc,start       ] GC(10) Pause Young (Allocation Failure)
[0.247s][info][gc,heap        ] GC(10) PSYoungGen: 4576K(4608K)->3040K(5632K) Eden: 2048K(2048K)->0K(2560K) From: 2528K(2560K)->3040K(3072K)
[0.247s][info][gc,heap        ] GC(10) ParOldGen: 2940K(5632K)->3492K(5632K)
[0.248s][info][gc,metaspace   ] GC(10) Metaspace: 6295K(6464K)->6295K(6464K) NonClass: 5762K(5824K)->5762K(5824K) Class: 533K(640K)->533K(640K)
[0.248s][info][gc             ] GC(10) Pause Young (Allocation Failure) 7M->6M(11M) 2.677ms
[0.248s][info][gc,cpu         ] GC(10) User=0.02s Sys=0.00s Real=0.00s
[0.251s][info][gc,start       ] GC(11) Pause Young (Allocation Failure)
[0.253s][info][gc,heap        ] GC(11) PSYoungGen: 5600K(5632K)->3680K(6656K) Eden: 2560K(2560K)->0K(2560K) From: 3040K(3072K)->3680K(4096K)
[0.253s][info][gc,heap        ] GC(11) ParOldGen: 3492K(5632K)->4252K(5632K)
[0.253s][info][gc,metaspace   ] GC(11) Metaspace: 6295K(6464K)->6295K(6464K) NonClass: 5762K(5824K)->5762K(5824K) Class: 533K(640K)->533K(640K)
[0.253s][info][gc             ] GC(11) Pause Young (Allocation Failure) 8M->7M(12M) 2.261ms
[0.253s][info][gc,cpu         ] GC(11) User=0.00s Sys=0.00s Real=0.00s
[0.257s][info][gc,start       ] GC(12) Pause Young (Allocation Failure)
[0.260s][info][gc,heap        ] GC(12) PSYoungGen: 6240K(6656K)->3776K(7680K) Eden: 2560K(2560K)->0K(3072K) From: 3680K(4096K)->3776K(4608K)
[0.260s][info][gc,heap        ] GC(12) ParOldGen: 4252K(5632K)->5524K(5632K)
[0.260s][info][gc,metaspace   ] GC(12) Metaspace: 6295K(6464K)->6295K(6464K) NonClass: 5762K(5824K)->5762K(5824K) Class: 533K(640K)->533K(640K)
[0.260s][info][gc             ] GC(12) Pause Young (Allocation Failure) 10M->9M(13M) 2.889ms
[0.260s][info][gc,cpu         ] GC(12) User=0.00s Sys=0.00s Real=0.00s
[0.260s][info][gc,start       ] GC(13) Pause Full (Ergonomics)
[0.260s][info][gc,phases,start] GC(13) Marking Phase
[0.264s][info][gc,phases      ] GC(13) Marking Phase 3.304ms
[0.264s][info][gc,phases,start] GC(13) Summary Phase
[0.264s][info][gc,phases      ] GC(13) Summary Phase 0.016ms
[0.264s][info][gc,phases,start] GC(13) Adjust Roots
[0.264s][info][gc,phases      ] GC(13) Adjust Roots 0.200ms
[0.264s][info][gc,phases,start] GC(13) Compaction Phase
[0.268s][info][gc,phases      ] GC(13) Compaction Phase 4.219ms
[0.268s][info][gc,phases,start] GC(13) Post Compact
[0.268s][info][gc,phases      ] GC(13) Post Compact 0.043ms
[0.268s][info][gc,heap        ] GC(13) PSYoungGen: 3776K(7680K)->3679K(7680K) Eden: 0K(3072K)->0K(3072K) From: 3776K(4608K)->3679K(4608K)
[0.268s][info][gc,heap        ] GC(13) ParOldGen: 5524K(5632K)->5392K(10240K)
[0.268s][info][gc,metaspace   ] GC(13) Metaspace: 6295K(6464K)->6295K(6464K) NonClass: 5762K(5824K)->5762K(5824K) Class: 533K(640K)->533K(640K)
[0.268s][info][gc             ] GC(13) Pause Full (Ergonomics) 9M->8M(17M) 8.102ms
[0.268s][info][gc,cpu         ] GC(13) User=0.05s Sys=0.00s Real=0.01s
[0.272s][info][gc,start       ] GC(14) Pause Young (Allocation Failure)
[0.275s][info][gc,heap        ] GC(14) PSYoungGen: 6751K(7680K)->2976K(8192K) Eden: 3072K(3072K)->0K(3072K) From: 3679K(4608K)->2976K(5120K)
[0.275s][info][gc,heap        ] GC(14) ParOldGen: 5392K(10240K)->7816K(10240K)
[0.275s][info][gc,metaspace   ] GC(14) Metaspace: 6295K(6464K)->6295K(6464K) NonClass: 5762K(5824K)->5762K(5824K) Class: 533K(640K)->533K(640K)
[0.275s][info][gc             ] GC(14) Pause Young (Allocation Failure) 11M->10M(18M) 3.143ms
[0.275s][info][gc,cpu         ] GC(14) User=0.00s Sys=0.00s Real=0.00s
[0.282s][info][gc,start       ] GC(15) Pause Young (Allocation Failure)
[0.285s][info][gc,heap        ] GC(15) PSYoungGen: 6048K(8192K)->1952K(8704K) Eden: 3072K(3072K)->0K(4608K) From: 2976K(5120K)->1952K(4096K)
[0.285s][info][gc,heap        ] GC(15) ParOldGen: 7816K(10240K)->10768K(11264K)
[0.285s][info][gc,metaspace   ] GC(15) Metaspace: 6295K(6464K)->6295K(6464K) NonClass: 5762K(5824K)->5762K(5824K) Class: 533K(640K)->533K(640K)
[0.285s][info][gc             ] GC(15) Pause Young (Allocation Failure) 13M->12M(19M) 3.693ms
[0.285s][info][gc,cpu         ] GC(15) User=0.00s Sys=0.00s Real=0.00s
[0.285s][info][gc,start       ] GC(16) Pause Full (Ergonomics)
[0.285s][info][gc,phases,start] GC(16) Marking Phase
[0.289s][info][gc,phases      ] GC(16) Marking Phase 3.444ms
[0.289s][info][gc,phases,start] GC(16) Summary Phase
[0.289s][info][gc,phases      ] GC(16) Summary Phase 0.023ms
[0.289s][info][gc,phases,start] GC(16) Adjust Roots
[0.289s][info][gc,phases      ] GC(16) Adjust Roots 0.215ms
[0.289s][info][gc,phases,start] GC(16) Compaction Phase
[0.293s][info][gc,phases      ] GC(16) Compaction Phase 3.969ms
[0.293s][info][gc,phases,start] GC(16) Post Compact
[0.293s][info][gc,phases      ] GC(16) Post Compact 0.055ms
[0.293s][info][gc,heap        ] GC(16) PSYoungGen: 1952K(8704K)->1824K(9216K) Eden: 0K(4608K)->0K(5120K) From: 1952K(4096K)->1824K(4096K)
[0.293s][info][gc,heap        ] GC(16) ParOldGen: 10768K(11264K)->10393K(17408K)
[0.293s][info][gc,metaspace   ] GC(16) Metaspace: 6295K(6464K)->6295K(6464K) NonClass: 5762K(5824K)->5762K(5824K) Class: 533K(640K)->533K(640K)
[0.293s][info][gc             ] GC(16) Pause Full (Ergonomics) 12M->11M(26M) 8.021ms
[0.293s][info][gc,cpu         ] GC(16) User=0.00s Sys=0.00s Real=0.01s
[0.298s][info][gc,start       ] GC(17) Pause Young (Allocation Failure)
[0.302s][info][gc,heap        ] GC(17) PSYoungGen: 6944K(9216K)->2688K(9728K) Eden: 5120K(5120K)->0K(5120K) From: 1824K(4096K)->2688K(4608K)
[0.302s][info][gc,heap        ] GC(17) ParOldGen: 10393K(17408K)->12257K(17408K)
[0.302s][info][gc,metaspace   ] GC(17) Metaspace: 6297K(6464K)->6297K(6464K) NonClass: 5764K(5824K)->5764K(5824K) Class: 533K(640K)->533K(640K)
[0.302s][info][gc             ] GC(17) Pause Young (Allocation Failure) 16M->14M(26M) 3.978ms
[0.302s][info][gc,cpu         ] GC(17) User=0.00s Sys=0.00s Real=0.00s
[0.306s][info][gc,start       ] GC(18) Pause Young (Allocation Failure)
[0.310s][info][gc,heap        ] GC(18) PSYoungGen: 7808K(9728K)->2720K(11776K) Eden: 5120K(5120K)->0K(7168K) From: 2688K(4608K)->2720K(4608K)
[0.310s][info][gc,heap        ] GC(18) ParOldGen: 12257K(17408K)->14929K(17408K)
[0.310s][info][gc,metaspace   ] GC(18) Metaspace: 6297K(6464K)->6297K(6464K) NonClass: 5764K(5824K)->5764K(5824K) Class: 533K(640K)->533K(640K)
[0.310s][info][gc             ] GC(18) Pause Young (Allocation Failure) 19M->17M(28M) 3.949ms
[0.310s][info][gc,cpu         ] GC(18) User=0.00s Sys=0.00s Real=0.00s
[0.310s][info][gc,start       ] GC(19) Pause Full (Ergonomics)
[0.310s][info][gc,phases,start] GC(19) Marking Phase
[0.316s][info][gc,phases      ] GC(19) Marking Phase 5.774ms
[0.316s][info][gc,phases,start] GC(19) Summary Phase
[0.316s][info][gc,phases      ] GC(19) Summary Phase 0.017ms
[0.316s][info][gc,phases,start] GC(19) Adjust Roots
[0.316s][info][gc,phases      ] GC(19) Adjust Roots 0.203ms
[0.316s][info][gc,phases,start] GC(19) Compaction Phase
[0.321s][info][gc,phases      ] GC(19) Compaction Phase 4.871ms
[0.321s][info][gc,phases,start] GC(19) Post Compact
[0.321s][info][gc,phases      ] GC(19) Post Compact 0.102ms
[0.321s][info][gc,heap        ] GC(19) PSYoungGen: 2720K(11776K)->84K(11776K) Eden: 0K(7168K)->0K(7168K) From: 2720K(4608K)->84K(4608K)
[0.321s][info][gc,heap        ] GC(19) ParOldGen: 14929K(17408K)->17384K(26112K)
[0.321s][info][gc,metaspace   ] GC(19) Metaspace: 6297K(6464K)->6297K(6464K) NonClass: 5764K(5824K)->5764K(5824K) Class: 533K(640K)->533K(640K)
[0.321s][info][gc             ] GC(19) Pause Full (Ergonomics) 17M->17M(37M) 11.329ms
[0.321s][info][gc,cpu         ] GC(19) User=0.00s Sys=0.00s Real=0.01s
[0.326s][info][gc,start       ] GC(20) Pause Young (Allocation Failure)
[0.330s][info][gc,heap        ] GC(20) PSYoungGen: 7252K(11776K)->3776K(11776K) Eden: 7168K(7168K)->0K(7168K) From: 84K(4608K)->3776K(4608K)
[0.330s][info][gc,heap        ] GC(20) ParOldGen: 17384K(26112K)->17488K(26112K)
[0.330s][info][gc,metaspace   ] GC(20) Metaspace: 6297K(6464K)->6297K(6464K) NonClass: 5764K(5824K)->5764K(5824K) Class: 533K(640K)->533K(640K)
[0.330s][info][gc             ] GC(20) Pause Young (Allocation Failure) 24M->20M(37M) 3.522ms
[0.330s][info][gc,cpu         ] GC(20) User=0.00s Sys=0.00s Real=0.00s
[0.338s][info][gc,start       ] GC(21) Pause Young (Allocation Failure)
[0.345s][info][gc,heap        ] GC(21) PSYoungGen: 10944K(11776K)->4256K(14336K) Eden: 7168K(7168K)->0K(9216K) From: 3776K(4608K)->4256K(5120K)
[0.345s][info][gc,heap        ] GC(21) ParOldGen: 17488K(26112K)->21272K(26112K)
[0.345s][info][gc,metaspace   ] GC(21) Metaspace: 6297K(6464K)->6297K(6464K) NonClass: 5764K(5824K)->5764K(5824K) Class: 533K(640K)->533K(640K)
[0.345s][info][gc             ] GC(21) Pause Young (Allocation Failure) 27M->24M(39M) 6.561ms
[0.345s][info][gc,cpu         ] GC(21) User=0.00s Sys=0.00s Real=0.01s
[0.352s][info][gc,start       ] GC(22) Pause Young (Allocation Failure)
[0.357s][info][gc,heap        ] GC(22) PSYoungGen: 13472K(14336K)->4864K(14848K) Eden: 9216K(9216K)->0K(9216K) From: 4256K(5120K)->4864K(5632K)
[0.357s][info][gc,heap        ] GC(22) ParOldGen: 21272K(26112K)->25544K(26112K)
[0.357s][info][gc,metaspace   ] GC(22) Metaspace: 6297K(6464K)->6297K(6464K) NonClass: 5764K(5824K)->5764K(5824K) Class: 533K(640K)->533K(640K)
[0.357s][info][gc             ] GC(22) Pause Young (Allocation Failure) 33M->29M(40M) 5.635ms
[0.357s][info][gc,cpu         ] GC(22) User=0.00s Sys=0.00s Real=0.01s
[0.357s][info][gc,start       ] GC(23) Pause Full (Ergonomics)
[0.357s][info][gc,phases,start] GC(23) Marking Phase
[0.364s][info][gc,phases      ] GC(23) Marking Phase 6.718ms
[0.364s][info][gc,phases,start] GC(23) Summary Phase
[0.364s][info][gc,phases      ] GC(23) Summary Phase 0.015ms
[0.364s][info][gc,phases,start] GC(23) Adjust Roots
[0.364s][info][gc,phases      ] GC(23) Adjust Roots 0.180ms
[0.364s][info][gc,phases,start] GC(23) Compaction Phase
[0.374s][info][gc,phases      ] GC(23) Compaction Phase 9.166ms
[0.374s][info][gc,phases,start] GC(23) Post Compact
[0.374s][info][gc,phases      ] GC(23) Post Compact 0.128ms
[0.374s][info][gc,heap        ] GC(23) PSYoungGen: 4864K(14848K)->3741K(14848K) Eden: 0K(9216K)->0K(9216K) From: 4864K(5632K)->3741K(5632K)
[0.374s][info][gc,heap        ] GC(23) ParOldGen: 25544K(26112K)->25875K(37376K)
[0.374s][info][gc,metaspace   ] GC(23) Metaspace: 6297K(6464K)->6297K(6464K) NonClass: 5764K(5824K)->5764K(5824K) Class: 533K(640K)->533K(640K)
[0.374s][info][gc             ] GC(23) Pause Full (Ergonomics) 29M->28M(51M) 16.558ms
[0.374s][info][gc,cpu         ] GC(23) User=0.00s Sys=0.00s Real=0.02s
[0.379s][info][gc,start       ] GC(24) Pause Young (Allocation Failure)
[0.385s][info][gc,heap        ] GC(24) PSYoungGen: 12957K(14848K)->4832K(17408K) Eden: 9216K(9216K)->0K(11264K) From: 3741K(5632K)->4832K(6144K)
[0.385s][info][gc,heap        ] GC(24) ParOldGen: 25875K(37376K)->29691K(37376K)
[0.385s][info][gc,metaspace   ] GC(24) Metaspace: 6297K(6464K)->6297K(6464K) NonClass: 5764K(5824K)->5764K(5824K) Class: 533K(640K)->533K(640K)
[0.385s][info][gc             ] GC(24) Pause Young (Allocation Failure) 37M->33M(53M) 5.978ms
[0.385s][info][gc,cpu         ] GC(24) User=0.00s Sys=0.00s Real=0.01s
[0.396s][info][gc,start       ] GC(25) Pause Young (Allocation Failure)
[0.404s][info][gc,heap        ] GC(25) PSYoungGen: 15826K(17408K)->6656K(17920K) Eden: 10994K(11264K)->0K(11264K) From: 4832K(6144K)->6656K(6656K)
[0.404s][info][gc,heap        ] GC(25) ParOldGen: 29691K(37376K)->38275K(38400K)
[0.404s][info][gc,metaspace   ] GC(25) Metaspace: 6297K(6464K)->6297K(6464K) NonClass: 5764K(5824K)->5764K(5824K) Class: 533K(640K)->533K(640K)
[0.404s][info][gc             ] GC(25) Pause Young (Allocation Failure) 44M->43M(55M) 8.302ms
[0.404s][info][gc,cpu         ] GC(25) User=0.02s Sys=0.00s Real=0.01s
[0.404s][info][gc,start       ] GC(26) Pause Full (Ergonomics)
[0.404s][info][gc,phases,start] GC(26) Marking Phase
[0.414s][info][gc,phases      ] GC(26) Marking Phase 10.283ms
[0.414s][info][gc,phases,start] GC(26) Summary Phase
[0.414s][info][gc,phases      ] GC(26) Summary Phase 0.015ms
[0.414s][info][gc,phases,start] GC(26) Adjust Roots
[0.415s][info][gc,phases      ] GC(26) Adjust Roots 0.176ms
[0.415s][info][gc,phases,start] GC(26) Compaction Phase
[0.422s][info][gc,phases      ] GC(26) Compaction Phase 7.717ms
[0.422s][info][gc,phases,start] GC(26) Post Compact
[0.423s][info][gc,phases      ] GC(26) Post Compact 0.235ms
[0.423s][info][gc,heap        ] GC(26) PSYoungGen: 6656K(17920K)->6642K(17920K) Eden: 0K(11264K)->0K(11264K) From: 6656K(6656K)->6642K(6656K)
[0.423s][info][gc,heap        ] GC(26) ParOldGen: 38275K(38400K)->38053K(52736K)
[0.423s][info][gc,metaspace   ] GC(26) Metaspace: 6297K(6464K)->6297K(6464K) NonClass: 5764K(5824K)->5764K(5824K) Class: 533K(640K)->533K(640K)
[0.423s][info][gc             ] GC(26) Pause Full (Ergonomics) 43M->43M(69M) 18.809ms
[0.423s][info][gc,cpu         ] GC(26) User=0.02s Sys=0.00s Real=0.02s
[0.438s][info][gc,start       ] GC(27) Pause Young (Allocation Failure)
[0.450s][info][gc,heap        ] GC(27) PSYoungGen: 17906K(17920K)->10720K(19968K) Eden: 11264K(11264K)->0K(9216K) From: 6642K(6656K)->10720K(10752K)
[0.450s][info][gc,heap        ] GC(27) ParOldGen: 38053K(52736K)->45365K(52736K)
[0.450s][info][gc,metaspace   ] GC(27) Metaspace: 6297K(6464K)->6297K(6464K) NonClass: 5764K(5824K)->5764K(5824K) Class: 533K(640K)->533K(640K)
[0.450s][info][gc             ] GC(27) Pause Young (Allocation Failure) 54M->54M(71M) 12.392ms
[0.450s][info][gc,cpu         ] GC(27) User=0.00s Sys=0.00s Real=0.01s
[0.450s][info][gc,start       ] GC(28) Pause Full (Ergonomics)
[0.450s][info][gc,phases,start] GC(28) Marking Phase
[0.462s][info][gc,phases      ] GC(28) Marking Phase 11.960ms
[0.462s][info][gc,phases,start] GC(28) Summary Phase
[0.462s][info][gc,phases      ] GC(28) Summary Phase 0.018ms
[0.462s][info][gc,phases,start] GC(28) Adjust Roots
[0.463s][info][gc,phases      ] GC(28) Adjust Roots 0.215ms
[0.463s][info][gc,phases,start] GC(28) Compaction Phase
[0.476s][info][gc,phases      ] GC(28) Compaction Phase 13.591ms
[0.476s][info][gc,phases,start] GC(28) Post Compact
[0.476s][info][gc,phases      ] GC(28) Post Compact 0.241ms
[0.477s][info][gc,heap        ] GC(28) PSYoungGen: 10720K(19968K)->2523K(19968K) Eden: 0K(9216K)->0K(9216K) From: 10720K(10752K)->2523K(10752K)
[0.477s][info][gc,heap        ] GC(28) ParOldGen: 45365K(52736K)->52384K(70144K)
[0.477s][info][gc,metaspace   ] GC(28) Metaspace: 6297K(6464K)->6297K(6464K) NonClass: 5764K(5824K)->5764K(5824K) Class: 533K(640K)->533K(640K)
[0.477s][info][gc             ] GC(28) Pause Full (Ergonomics) 54M->53M(88M) 26.428ms
[0.477s][info][gc,cpu         ] GC(28) User=0.00s Sys=0.00s Real=0.03s
[0.486s][info][gc,start       ] GC(29) Pause Young (Allocation Failure)
[0.495s][info][gc,heap        ] GC(29) PSYoungGen: 11739K(19968K)->9312K(24576K) Eden: 9216K(9216K)->0K(9216K) From: 2523K(10752K)->9312K(15360K)
[0.495s][info][gc,heap        ] GC(29) ParOldGen: 52384K(70144K)->54968K(70144K)
[0.495s][info][gc,metaspace   ] GC(29) Metaspace: 6297K(6464K)->6297K(6464K) NonClass: 5764K(5824K)->5764K(5824K) Class: 533K(640K)->533K(640K)
[0.495s][info][gc             ] GC(29) Pause Young (Allocation Failure) 62M->62M(92M) 8.951ms
[0.495s][info][gc,cpu         ] GC(29) User=0.00s Sys=0.00s Real=0.01s
[0.505s][info][gc,start       ] GC(30) Pause Young (Allocation Failure)
[0.517s][info][gc,heap        ] GC(30) PSYoungGen: 18528K(24576K)->15872K(23552K) Eden: 9216K(9216K)->0K(7680K) From: 9312K(15360K)->15872K(15872K)
[0.517s][info][gc,heap        ] GC(30) ParOldGen: 54968K(70144K)->57608K(70144K)
[0.517s][info][gc,metaspace   ] GC(30) Metaspace: 6297K(6464K)->6297K(6464K) NonClass: 5764K(5824K)->5764K(5824K) Class: 533K(640K)->533K(640K)
[0.517s][info][gc             ] GC(30) Pause Young (Allocation Failure) 71M->71M(91M) 11.972ms
[0.517s][info][gc,cpu         ] GC(30) User=0.02s Sys=0.00s Real=0.01s
[0.526s][info][gc,start       ] GC(31) Pause Young (Allocation Failure)
[0.538s][info][gc,heap        ] GC(31) PSYoungGen: 23552K(23552K)->7744K(27136K) Eden: 7680K(7680K)->0K(7680K) From: 15872K(15872K)->7744K(19456K)
[0.538s][info][gc,heap        ] GC(31) ParOldGen: 57608K(70144K)->73656K(73728K)
[0.539s][info][gc,metaspace   ] GC(31) Metaspace: 6297K(6464K)->6297K(6464K) NonClass: 5764K(5824K)->5764K(5824K) Class: 533K(640K)->533K(640K)
[0.539s][info][gc             ] GC(31) Pause Young (Allocation Failure) 79M->79M(98M) 12.384ms
[0.539s][info][gc,cpu         ] GC(31) User=0.00s Sys=0.00s Real=0.01s
[0.539s][info][gc,start       ] GC(32) Pause Full (Ergonomics)
[0.539s][info][gc,phases,start] GC(32) Marking Phase
[0.560s][info][gc,phases      ] GC(32) Marking Phase 21.309ms
[0.560s][info][gc,phases,start] GC(32) Summary Phase
[0.560s][info][gc,phases      ] GC(32) Summary Phase 0.016ms
[0.560s][info][gc,phases,start] GC(32) Adjust Roots
[0.560s][info][gc,phases      ] GC(32) Adjust Roots 0.181ms
[0.560s][info][gc,phases,start] GC(32) Compaction Phase
[0.572s][info][gc,phases      ] GC(32) Compaction Phase 11.280ms
[0.572s][info][gc,phases,start] GC(32) Post Compact
[0.572s][info][gc,phases      ] GC(32) Post Compact 0.430ms
[0.572s][info][gc,heap        ] GC(32) PSYoungGen: 7744K(27136K)->7645K(27136K) Eden: 0K(7680K)->0K(7680K) From: 7744K(19456K)->7645K(19456K)
[0.572s][info][gc,heap        ] GC(32) ParOldGen: 73656K(73728K)->73276K(95744K)
[0.572s][info][gc,metaspace   ] GC(32) Metaspace: 6297K(6464K)->6297K(6464K) NonClass: 5764K(5824K)->5764K(5824K) Class: 533K(640K)->533K(640K)
[0.572s][info][gc             ] GC(32) Pause Full (Ergonomics) 79M->79M(120M) 33.698ms
[0.572s][info][gc,cpu         ] GC(32) User=0.09s Sys=0.00s Real=0.03s
[0.581s][info][gc,start       ] GC(33) Pause Young (Allocation Failure)
[0.592s][info][gc,heap        ] GC(33) PSYoungGen: 15325K(27136K)->7744K(25600K) Eden: 7680K(7680K)->0K(9216K) From: 7645K(19456K)->7744K(16384K)
[0.592s][info][gc,heap        ] GC(33) ParOldGen: 73276K(95744K)->81052K(95744K)
[0.592s][info][gc,metaspace   ] GC(33) Metaspace: 6297K(6464K)->6297K(6464K) NonClass: 5764K(5824K)->5764K(5824K) Class: 533K(640K)->533K(640K)
[0.592s][info][gc             ] GC(33) Pause Young (Allocation Failure) 86M->86M(118M) 10.818ms
[0.592s][info][gc,cpu         ] GC(33) User=0.00s Sys=0.00s Real=0.01s
[0.609s][info][gc,start       ] GC(34) Pause Young (Allocation Failure)
[0.621s][info][gc,heap        ] GC(34) PSYoungGen: 16960K(25600K)->9280K(26624K) Eden: 9216K(9216K)->0K(9216K) From: 7744K(16384K)->9280K(17408K)
[0.621s][info][gc,heap        ] GC(34) ParOldGen: 81052K(95744K)->88852K(95744K)
[0.621s][info][gc,metaspace   ] GC(34) Metaspace: 6297K(6464K)->6297K(6464K) NonClass: 5764K(5824K)->5764K(5824K) Class: 533K(640K)->533K(640K)
[0.621s][info][gc             ] GC(34) Pause Young (Allocation Failure) 95M->95M(119M) 11.947ms
[0.621s][info][gc,cpu         ] GC(34) User=0.00s Sys=0.00s Real=0.01s
[0.621s][info][gc,start       ] GC(35) Pause Full (Ergonomics)
[0.621s][info][gc,phases,start] GC(35) Marking Phase
[0.645s][info][gc,phases      ] GC(35) Marking Phase 23.913ms
[0.645s][info][gc,phases,start] GC(35) Summary Phase
[0.645s][info][gc,phases      ] GC(35) Summary Phase 0.020ms
[0.645s][info][gc,phases,start] GC(35) Adjust Roots
[0.645s][info][gc,phases      ] GC(35) Adjust Roots 0.185ms
[0.645s][info][gc,phases,start] GC(35) Compaction Phase
[0.667s][info][gc,phases      ] GC(35) Compaction Phase 21.085ms
[0.667s][info][gc,phases,start] GC(35) Post Compact
[0.667s][info][gc,phases      ] GC(35) Post Compact 0.338ms
[0.667s][info][gc,heap        ] GC(35) PSYoungGen: 9280K(26624K)->0K(27648K) Eden: 0K(9216K)->0K(10752K) From: 9280K(17408K)->0K(16896K)
[0.667s][info][gc,heap        ] GC(35) ParOldGen: 88852K(95744K)->95724K(120832K)
[0.667s][info][gc,metaspace   ] GC(35) Metaspace: 6297K(6464K)->6297K(6464K) NonClass: 5764K(5824K)->5764K(5824K) Class: 533K(640K)->533K(640K)
[0.667s][info][gc             ] GC(35) Pause Full (Ergonomics) 95M->93M(145M) 46.020ms
[0.667s][info][gc,cpu         ] GC(35) User=0.08s Sys=0.00s Real=0.05s
[0.677s][info][gc,start       ] GC(36) Pause Young (Allocation Failure)
[0.683s][info][gc,heap        ] GC(36) PSYoungGen: 10752K(27648K)->10816K(28160K) Eden: 10752K(10752K)->0K(10752K) From: 0K(16896K)->10816K(17408K)
[0.683s][info][gc,heap        ] GC(36) ParOldGen: 95724K(120832K)->95724K(120832K)
[0.683s][info][gc,metaspace   ] GC(36) Metaspace: 6297K(6464K)->6297K(6464K) NonClass: 5764K(5824K)->5764K(5824K) Class: 533K(640K)->533K(640K)
[0.683s][info][gc             ] GC(36) Pause Young (Allocation Failure) 103M->104M(145M) 6.338ms
[0.683s][info][gc,cpu         ] GC(36) User=0.02s Sys=0.00s Real=0.01s
[0.694s][info][gc,start       ] GC(37) Pause Young (Allocation Failure)
[0.706s][info][gc,heap        ] GC(37) PSYoungGen: 21568K(28160K)->17408K(26112K) Eden: 10752K(10752K)->0K(8704K) From: 10816K(17408K)->17408K(17408K)
[0.706s][info][gc,heap        ] GC(37) ParOldGen: 95724K(120832K)->99884K(120832K)
[0.706s][info][gc,metaspace   ] GC(37) Metaspace: 6297K(6464K)->6297K(6464K) NonClass: 5764K(5824K)->5764K(5824K) Class: 533K(640K)->533K(640K)
[0.706s][info][gc             ] GC(37) Pause Young (Allocation Failure) 114M->114M(143M) 11.742ms
[0.706s][info][gc,cpu         ] GC(37) User=0.00s Sys=0.00s Real=0.01s
[0.717s][info][gc,start       ] GC(38) Pause Young (Allocation Failure)
[0.730s][info][gc,heap        ] GC(38) PSYoungGen: 26112K(26112K)->8768K(30208K) Eden: 8704K(8704K)->0K(8704K) From: 17408K(17408K)->8768K(21504K)
[0.730s][info][gc,heap        ] GC(38) ParOldGen: 99884K(120832K)->117540K(120832K)
[0.730s][info][gc,metaspace   ] GC(38) Metaspace: 6297K(6464K)->6297K(6464K) NonClass: 5764K(5824K)->5764K(5824K) Class: 533K(640K)->533K(640K)
[0.730s][info][gc             ] GC(38) Pause Young (Allocation Failure) 123M->123M(147M) 13.851ms
[0.730s][info][gc,cpu         ] GC(38) User=0.00s Sys=0.00s Real=0.01s
[0.730s][info][gc,start       ] GC(39) Pause Full (Ergonomics)
[0.731s][info][gc,phases,start] GC(39) Marking Phase
[0.766s][info][gc,phases      ] GC(39) Marking Phase 35.699ms
[0.766s][info][gc,phases,start] GC(39) Summary Phase
[0.766s][info][gc,phases      ] GC(39) Summary Phase 0.019ms
[0.766s][info][gc,phases,start] GC(39) Adjust Roots
[0.767s][info][gc,phases      ] GC(39) Adjust Roots 0.198ms
[0.767s][info][gc,phases,start] GC(39) Compaction Phase
[0.784s][info][gc,phases      ] GC(39) Compaction Phase 17.325ms
[0.784s][info][gc,phases,start] GC(39) Post Compact
[0.784s][info][gc,phases      ] GC(39) Post Compact 0.476ms
[0.785s][info][gc,heap        ] GC(39) PSYoungGen: 8768K(30208K)->5093K(30208K) Eden: 0K(8704K)->0K(8704K) From: 8768K(21504K)->5093K(21504K)
[0.785s][info][gc,heap        ] GC(39) ParOldGen: 117540K(120832K)->120746K(150528K)
[0.785s][info][gc,metaspace   ] GC(39) Metaspace: 6297K(6464K)->6297K(6464K) NonClass: 5764K(5824K)->5764K(5824K) Class: 533K(640K)->533K(640K)
[0.785s][info][gc             ] GC(39) Pause Full (Ergonomics) 123M->122M(176M) 54.154ms
[0.785s][info][gc,cpu         ] GC(39) User=0.19s Sys=0.00s Real=0.05s
[0.794s][info][gc,start       ] GC(40) Pause Young (Allocation Failure)
[0.808s][info][gc,heap        ] GC(40) PSYoungGen: 13797K(30208K)->8800K(28160K) Eden: 8704K(8704K)->0K(10240K) From: 5093K(21504K)->8800K(17920K)
[0.808s][info][gc,heap        ] GC(40) ParOldGen: 120746K(150528K)->125938K(150528K)
[0.808s][info][gc,metaspace   ] GC(40) Metaspace: 6297K(6464K)->6297K(6464K) NonClass: 5764K(5824K)->5764K(5824K) Class: 533K(640K)->533K(640K)
[0.808s][info][gc             ] GC(40) Pause Young (Allocation Failure) 131M->131M(174M) 13.954ms
[0.808s][info][gc,cpu         ] GC(40) User=0.00s Sys=0.00s Real=0.01s
[0.818s][info][gc,start       ] GC(41) Pause Young (Allocation Failure)
[0.828s][info][gc,heap        ] GC(41) PSYoungGen: 19040K(28160K)->18976K(29696K) Eden: 10240K(10240K)->0K(10240K) From: 8800K(17920K)->18976K(19456K)
[0.829s][info][gc,heap        ] GC(41) ParOldGen: 125938K(150528K)->125938K(150528K)
[0.829s][info][gc,metaspace   ] GC(41) Metaspace: 6297K(6464K)->6297K(6464K) NonClass: 5764K(5824K)->5764K(5824K) Class: 533K(640K)->533K(640K)
[0.829s][info][gc             ] GC(41) Pause Young (Allocation Failure) 141M->141M(176M) 10.229ms
[0.829s][info][gc,cpu         ] GC(41) User=0.00s Sys=0.00s Real=0.01s
[0.839s][info][gc,start       ] GC(42) Pause Young (Allocation Failure)
[0.854s][info][gc,heap        ] GC(42) PSYoungGen: 29216K(29696K)->20576K(31232K) Eden: 10240K(10240K)->0K(9216K) From: 18976K(19456K)->20576K(22016K)
[0.854s][info][gc,heap        ] GC(42) ParOldGen: 125938K(150528K)->134770K(150528K)
[0.854s][info][gc,metaspace   ] GC(42) Metaspace: 6297K(6464K)->6297K(6464K) NonClass: 5764K(5824K)->5764K(5824K) Class: 533K(640K)->533K(640K)
[0.854s][info][gc             ] GC(42) Pause Young (Allocation Failure) 151M->151M(177M) 15.342ms
[0.854s][info][gc,cpu         ] GC(42) User=0.00s Sys=0.00s Real=0.02s
[0.864s][info][gc,start       ] GC(43) Pause Young (Allocation Failure)
[0.880s][info][gc,heap        ] GC(43) PSYoungGen: 29792K(31232K)->19552K(33792K) Eden: 9216K(9216K)->0K(9216K) From: 20576K(22016K)->19552K(24576K)
[0.880s][info][gc,heap        ] GC(43) ParOldGen: 134770K(150528K)->145154K(150528K)
[0.880s][info][gc,metaspace   ] GC(43) Metaspace: 6297K(6464K)->6297K(6464K) NonClass: 5764K(5824K)->5764K(5824K) Class: 533K(640K)->533K(640K)
[0.880s][info][gc             ] GC(43) Pause Young (Allocation Failure) 160M->160M(180M) 15.730ms
[0.880s][info][gc,cpu         ] GC(43) User=0.00s Sys=0.00s Real=0.02s
[0.880s][info][gc,start       ] GC(44) Pause Full (Ergonomics)
[0.880s][info][gc,phases,start] GC(44) Marking Phase
[0.920s][info][gc,phases      ] GC(44) Marking Phase 39.361ms
[0.920s][info][gc,phases,start] GC(44) Summary Phase
[0.920s][info][gc,phases      ] GC(44) Summary Phase 0.020ms
[0.920s][info][gc,phases,start] GC(44) Adjust Roots
[0.920s][info][gc,phases      ] GC(44) Adjust Roots 0.199ms
[0.920s][info][gc,phases,start] GC(44) Compaction Phase
[0.940s][info][gc,phases      ] GC(44) Compaction Phase 19.940ms
[0.940s][info][gc,phases,start] GC(44) Post Compact
[0.941s][info][gc,phases      ] GC(44) Post Compact 0.793ms
[0.941s][info][gc,heap        ] GC(44) PSYoungGen: 19552K(33792K)->13773K(33792K) Eden: 0K(9216K)->0K(9216K) From: 19552K(24576K)->13773K(24576K)
[0.941s][info][gc,heap        ] GC(44) ParOldGen: 145154K(150528K)->150343K(181248K)
[0.941s][info][gc,metaspace   ] GC(44) Metaspace: 6297K(6464K)->6297K(6464K) NonClass: 5764K(5824K)->5764K(5824K) Class: 533K(640K)->533K(640K)
[0.941s][info][gc             ] GC(44) Pause Full (Ergonomics) 160M->160M(210M) 60.815ms
[0.941s][info][gc,cpu         ] GC(44) User=0.25s Sys=0.00s Real=0.06s
[0.951s][info][gc,start       ] GC(45) Pause Young (Allocation Failure)
[0.970s][info][gc,heap        ] GC(45) PSYoungGen: 22989K(33792K)->9312K(35328K) Eden: 9216K(9216K)->0K(10752K) From: 13773K(24576K)->9312K(24576K)
[0.970s][info][gc,heap        ] GC(45) ParOldGen: 150343K(181248K)->164343K(181248K)
[0.970s][info][gc,metaspace   ] GC(45) Metaspace: 6297K(6464K)->6297K(6464K) NonClass: 5764K(5824K)->5764K(5824K) Class: 533K(640K)->533K(640K)
[0.970s][info][gc             ] GC(45) Pause Young (Allocation Failure) 169M->169M(211M) 19.115ms
[0.970s][info][gc,cpu         ] GC(45) User=0.08s Sys=0.00s Real=0.02s
[0.970s][info][gc,start       ] GC(46) Pause Full (Ergonomics)
[0.970s][info][gc,phases,start] GC(46) Marking Phase
[1.010s][info][gc,phases      ] GC(46) Marking Phase 40.066ms
[1.010s][info][gc,phases,start] GC(46) Summary Phase
[1.010s][info][gc,phases      ] GC(46) Summary Phase 0.018ms
[1.011s][info][gc,phases,start] GC(46) Adjust Roots
[1.011s][info][gc,phases      ] GC(46) Adjust Roots 0.190ms
[1.011s][info][gc,phases,start] GC(46) Compaction Phase
[1.030s][info][gc,phases      ] GC(46) Compaction Phase 18.997ms
[1.030s][info][gc,phases,start] GC(46) Post Compact
[1.031s][info][gc,phases      ] GC(46) Post Compact 0.808ms
[1.031s][info][gc,heap        ] GC(46) PSYoungGen: 9312K(35328K)->0K(36352K) Eden: 0K(10752K)->0K(10752K) From: 9312K(24576K)->0K(25600K)
[1.031s][info][gc,heap        ] GC(46) ParOldGen: 164343K(181248K)->173303K(208384K)
[1.031s][info][gc,metaspace   ] GC(46) Metaspace: 6297K(6464K)->6297K(6464K) NonClass: 5764K(5824K)->5764K(5824K) Class: 533K(640K)->533K(640K)
[1.031s][info][gc             ] GC(46) Pause Full (Ergonomics) 169M->169M(239M) 60.533ms
[1.031s][info][gc,cpu         ] GC(46) User=0.22s Sys=0.02s Real=0.06s
[1.069s][info][gc,start       ] GC(47) Pause Young (Allocation Failure)
[1.080s][info][gc,heap        ] GC(47) PSYoungGen: 10752K(36352K)->10816K(35840K) Eden: 10752K(10752K)->0K(12288K) From: 0K(25600K)->10816K(23552K)
[1.080s][info][gc,heap        ] GC(47) ParOldGen: 181495K(208384K)->181495K(208384K)
[1.080s][info][gc,metaspace   ] GC(47) Metaspace: 6297K(6464K)->6297K(6464K) NonClass: 5764K(5824K)->5764K(5824K) Class: 533K(640K)->533K(640K)
[1.080s][info][gc             ] GC(47) Pause Young (Allocation Failure) 187M->187M(238M) 11.119ms
[1.080s][info][gc,cpu         ] GC(47) User=0.00s Sys=0.00s Real=0.01s
[1.093s][info][gc,start       ] GC(48) Pause Young (Allocation Failure)
[1.104s][info][gc,heap        ] GC(48) PSYoungGen: 23104K(35840K)->23136K(36864K) Eden: 12288K(12288K)->0K(12288K) From: 10816K(23552K)->23136K(24576K)
[1.104s][info][gc,heap        ] GC(48) ParOldGen: 181495K(208384K)->181495K(208384K)
[1.104s][info][gc,metaspace   ] GC(48) Metaspace: 6297K(6464K)->6297K(6464K) NonClass: 5764K(5824K)->5764K(5824K) Class: 533K(640K)->533K(640K)
[1.104s][info][gc             ] GC(48) Pause Young (Allocation Failure) 199M->199M(239M) 11.719ms
[1.104s][info][gc,cpu         ] GC(48) User=0.00s Sys=0.00s Real=0.01s
[1.117s][info][gc,start       ] GC(49) Pause Young (Allocation Failure)
[1.136s][info][gc,heap        ] GC(49) PSYoungGen: 35424K(36864K)->27136K(33792K) Eden: 12288K(12288K)->0K(6656K) From: 23136K(24576K)->27136K(27136K)
[1.136s][info][gc,heap        ] GC(49) ParOldGen: 181495K(208384K)->189799K(208384K)
[1.136s][info][gc,metaspace   ] GC(49) Metaspace: 6297K(6464K)->6297K(6464K) NonClass: 5764K(5824K)->5764K(5824K) Class: 533K(640K)->533K(640K)
[1.136s][info][gc             ] GC(49) Pause Young (Allocation Failure) 211M->211M(236M) 18.547ms
[1.136s][info][gc,cpu         ] GC(49) User=0.06s Sys=0.02s Real=0.02s
[1.143s][info][gc,start       ] GC(50) Pause Young (Allocation Failure)
[1.162s][info][gc,heap        ] GC(50) PSYoungGen: 33792K(33792K)->17312K(40960K) Eden: 6656K(6656K)->0K(6656K) From: 27136K(27136K)->17312K(34304K)
[1.162s][info][gc,heap        ] GC(50) ParOldGen: 189799K(208384K)->206583K(208384K)
[1.162s][info][gc,metaspace   ] GC(50) Metaspace: 6297K(6464K)->6297K(6464K) NonClass: 5764K(5824K)->5764K(5824K) Class: 533K(640K)->533K(640K)
[1.162s][info][gc             ] GC(50) Pause Young (Allocation Failure) 218M->218M(243M) 18.583ms
[1.162s][info][gc,cpu         ] GC(50) User=0.03s Sys=0.02s Real=0.02s
[1.162s][info][gc,start       ] GC(51) Pause Full (Ergonomics)
[1.162s][info][gc,phases,start] GC(51) Marking Phase
[1.211s][info][gc,phases      ] GC(51) Marking Phase 48.930ms
[1.211s][info][gc,phases,start] GC(51) Summary Phase
[1.211s][info][gc,phases      ] GC(51) Summary Phase 0.020ms
[1.211s][info][gc,phases,start] GC(51) Adjust Roots
[1.211s][info][gc,phases      ] GC(51) Adjust Roots 0.201ms
[1.211s][info][gc,phases,start] GC(51) Compaction Phase
[1.252s][info][gc,phases      ] GC(51) Compaction Phase 41.218ms
[1.252s][info][gc,phases,start] GC(51) Post Compact
[1.253s][info][gc,phases      ] GC(51) Post Compact 1.063ms
[1.254s][info][gc,heap        ] GC(51) PSYoungGen: 17312K(40960K)->11053K(40960K) Eden: 0K(6656K)->0K(6656K) From: 17312K(34304K)->11053K(34304K)
[1.254s][info][gc,heap        ] GC(51) ParOldGen: 206583K(208384K)->208206K(246784K)
[1.254s][info][gc,metaspace   ] GC(51) Metaspace: 6297K(6464K)->6297K(6464K) NonClass: 5764K(5824K)->5764K(5824K) Class: 533K(640K)->533K(640K)
[1.254s][info][gc             ] GC(51) Pause Full (Ergonomics) 218M->214M(281M) 91.922ms
[1.254s][info][gc,cpu         ] GC(51) User=0.31s Sys=0.00s Real=0.09s
[1.263s][info][gc,start       ] GC(52) Pause Young (Allocation Failure)
[1.283s][info][gc,heap        ] GC(52) PSYoungGen: 17709K(40960K)->11008K(38400K) Eden: 6656K(6656K)->0K(7680K) From: 11053K(34304K)->11008K(30720K)
[1.283s][info][gc,heap        ] GC(52) ParOldGen: 208206K(246784K)->215078K(246784K)
[1.283s][info][gc,metaspace   ] GC(52) Metaspace: 6297K(6464K)->6297K(6464K) NonClass: 5764K(5824K)->5764K(5824K) Class: 533K(640K)->533K(640K)
[1.283s][info][gc             ] GC(52) Pause Young (Allocation Failure) 220M->220M(278M) 20.043ms
[1.283s][info][gc,cpu         ] GC(52) User=0.08s Sys=0.00s Real=0.02s
[1.291s][info][gc,start       ] GC(53) Pause Young (Allocation Failure)
[1.302s][info][gc,heap        ] GC(53) PSYoungGen: 18688K(38400K)->18688K(39936K) Eden: 7680K(7680K)->0K(7680K) From: 11008K(30720K)->18688K(32256K)
[1.302s][info][gc,heap        ] GC(53) ParOldGen: 215078K(246784K)->215078K(246784K)
[1.302s][info][gc,metaspace   ] GC(53) Metaspace: 6297K(6464K)->6297K(6464K) NonClass: 5764K(5824K)->5764K(5824K) Class: 533K(640K)->533K(640K)
[1.302s][info][gc             ] GC(53) Pause Young (Allocation Failure) 228M->228M(280M) 10.601ms
[1.302s][info][gc,cpu         ] GC(53) User=0.00s Sys=0.00s Real=0.01s
[1.311s][info][gc,start       ] GC(54) Pause Young (Allocation Failure)
[1.324s][info][gc,heap        ] GC(54) PSYoungGen: 26368K(39936K)->22048K(39424K) Eden: 7680K(7680K)->0K(7680K) From: 18688K(32256K)->22048K(31744K)
[1.324s][info][gc,heap        ] GC(54) ParOldGen: 215078K(246784K)->219462K(246784K)
[1.324s][info][gc,metaspace   ] GC(54) Metaspace: 6297K(6464K)->6297K(6464K) NonClass: 5764K(5824K)->5764K(5824K) Class: 533K(640K)->533K(640K)
[1.325s][info][gc             ] GC(54) Pause Young (Allocation Failure) 235M->235M(279M) 13.482ms
[1.325s][info][gc,cpu         ] GC(54) User=0.00s Sys=0.00s Real=0.01s
[1.334s][info][gc,start       ] GC(55) Pause Young (Allocation Failure)
[1.350s][info][gc,heap        ] GC(55) PSYoungGen: 29728K(39424K)->23072K(40448K) Eden: 7680K(7680K)->0K(7680K) From: 22048K(31744K)->23072K(32768K)
[1.350s][info][gc,heap        ] GC(55) ParOldGen: 219462K(246784K)->226214K(246784K)
[1.350s][info][gc,metaspace   ] GC(55) Metaspace: 6297K(6464K)->6297K(6464K) NonClass: 5764K(5824K)->5764K(5824K) Class: 533K(640K)->533K(640K)
[1.350s][info][gc             ] GC(55) Pause Young (Allocation Failure) 243M->243M(280M) 16.006ms
[1.350s][info][gc,cpu         ] GC(55) User=0.02s Sys=0.00s Real=0.02s
[1.359s][info][gc,start       ] GC(56) Pause Young (Allocation Failure)
[1.377s][info][gc,heap        ] GC(56) PSYoungGen: 30752K(40448K)->15424K(39936K) Eden: 7680K(7680K)->0K(9216K) From: 23072K(32768K)->15424K(30720K)
[1.377s][info][gc,heap        ] GC(56) ParOldGen: 226214K(246784K)->241766K(246784K)
[1.377s][info][gc,metaspace   ] GC(56) Metaspace: 6297K(6464K)->6297K(6464K) NonClass: 5764K(5824K)->5764K(5824K) Class: 533K(640K)->533K(640K)
[1.377s][info][gc             ] GC(56) Pause Young (Allocation Failure) 250M->251M(280M) 17.445ms
[1.377s][info][gc,cpu         ] GC(56) User=0.03s Sys=0.00s Real=0.02s
[1.377s][info][gc,start       ] GC(57) Pause Full (Ergonomics)
[1.377s][info][gc,phases,start] GC(57) Marking Phase
[1.434s][info][gc,phases      ] GC(57) Marking Phase 57.074ms
[1.434s][info][gc,phases,start] GC(57) Summary Phase
[1.434s][info][gc,phases      ] GC(57) Summary Phase 0.020ms
[1.434s][info][gc,phases,start] GC(57) Adjust Roots
[1.434s][info][gc,phases      ] GC(57) Adjust Roots 0.188ms
[1.434s][info][gc,phases,start] GC(57) Compaction Phase
[1.462s][info][gc,phases      ] GC(57) Compaction Phase 27.521ms
[1.462s][info][gc,phases,start] GC(57) Post Compact
[1.463s][info][gc,phases      ] GC(57) Post Compact 1.253ms
[1.463s][info][gc,heap        ] GC(57) PSYoungGen: 15424K(39936K)->10191K(41472K) Eden: 0K(9216K)->0K(10752K) From: 15424K(30720K)->10191K(30720K)
[1.463s][info][gc,heap        ] GC(57) ParOldGen: 241766K(246784K)->246299K(286208K)
[1.463s][info][gc,metaspace   ] GC(57) Metaspace: 6297K(6464K)->6297K(6464K) NonClass: 5764K(5824K)->5764K(5824K) Class: 533K(640K)->533K(640K)
[1.463s][info][gc             ] GC(57) Pause Full (Ergonomics) 251M->250M(320M) 86.569ms
[1.463s][info][gc,cpu         ] GC(57) User=0.31s Sys=0.00s Real=0.09s
[1.476s][info][gc,start       ] GC(58) Pause Young (Allocation Failure)
[1.500s][info][gc,heap        ] GC(58) PSYoungGen: 20943K(41472K)->10816K(43008K) Eden: 10752K(10752K)->0K(10752K) From: 10191K(30720K)->10816K(32256K)
[1.500s][info][gc,heap        ] GC(58) ParOldGen: 246299K(286208K)->256675K(286208K)
[1.500s][info][gc,metaspace   ] GC(58) Metaspace: 6297K(6464K)->6297K(6464K) NonClass: 5764K(5824K)->5764K(5824K) Class: 533K(640K)->533K(640K)
[1.500s][info][gc             ] GC(58) Pause Young (Allocation Failure) 260M->261M(321M) 23.507ms
[1.500s][info][gc,cpu         ] GC(58) User=0.08s Sys=0.00s Real=0.02s
[1.512s][info][gc,start       ] GC(59) Pause Young (Allocation Failure)
[1.525s][info][gc,heap        ] GC(59) PSYoungGen: 21568K(43008K)->10816K(43008K) Eden: 10752K(10752K)->0K(12288K) From: 10816K(32256K)->10816K(30720K)
[1.525s][info][gc,heap        ] GC(59) ParOldGen: 256675K(286208K)->267587K(286208K)
[1.525s][info][gc,metaspace   ] GC(59) Metaspace: 6297K(6464K)->6297K(6464K) NonClass: 5764K(5824K)->5764K(5824K) Class: 533K(640K)->533K(640K)
[1.525s][info][gc             ] GC(59) Pause Young (Allocation Failure) 271M->271M(321M) 13.018ms
[1.525s][info][gc,cpu         ] GC(59) User=0.00s Sys=0.00s Real=0.01s
[1.525s][info][gc,start       ] GC(60) Pause Full (Ergonomics)
[1.525s][info][gc,phases,start] GC(60) Marking Phase
[1.605s][info][gc,phases      ] GC(60) Marking Phase 79.987ms
[1.605s][info][gc,phases,start] GC(60) Summary Phase
[1.605s][info][gc,phases      ] GC(60) Summary Phase 0.020ms
[1.605s][info][gc,phases,start] GC(60) Adjust Roots
[1.605s][info][gc,phases      ] GC(60) Adjust Roots 0.208ms
[1.605s][info][gc,phases,start] GC(60) Compaction Phase
[1.629s][info][gc,phases      ] GC(60) Compaction Phase 24.408ms
[1.630s][info][gc,phases,start] GC(60) Post Compact
[1.631s][info][gc,phases      ] GC(60) Post Compact 1.495ms
[1.631s][info][gc,heap        ] GC(60) PSYoungGen: 10816K(43008K)->0K(43520K) Eden: 0K(12288K)->0K(12288K) From: 10816K(30720K)->0K(31232K)
[1.631s][info][gc,heap        ] GC(60) ParOldGen: 267587K(286208K)->277931K(320512K)
[1.631s][info][gc,metaspace   ] GC(60) Metaspace: 6297K(6464K)->6297K(6464K) NonClass: 5764K(5824K)->5764K(5824K) Class: 533K(640K)->533K(640K)
[1.631s][info][gc             ] GC(60) Pause Full (Ergonomics) 271M->271M(355M) 106.588ms
[1.631s][info][gc,cpu         ] GC(60) User=0.44s Sys=0.00s Real=0.11s
[1.646s][info][gc,start       ] GC(61) Pause Young (Allocation Failure)
[1.655s][info][gc,heap        ] GC(61) PSYoungGen: 12288K(43520K)->12384K(43008K) Eden: 12288K(12288K)->0K(13824K) From: 0K(31232K)->12384K(29184K)
[1.655s][info][gc,heap        ] GC(61) ParOldGen: 277931K(320512K)->277931K(320512K)
[1.655s][info][gc,metaspace   ] GC(61) Metaspace: 6297K(6464K)->6297K(6464K) NonClass: 5764K(5824K)->5764K(5824K) Class: 533K(640K)->533K(640K)
[1.655s][info][gc             ] GC(61) Pause Young (Allocation Failure) 283M->283M(355M) 8.998ms
[1.655s][info][gc,cpu         ] GC(61) User=0.02s Sys=0.00s Real=0.01s
[1.670s][info][gc,start       ] GC(62) Pause Young (Allocation Failure)
[1.685s][info][gc,heap        ] GC(62) PSYoungGen: 26208K(43008K)->26176K(44032K) Eden: 13824K(13824K)->0K(13824K) From: 12384K(29184K)->26176K(30208K)
[1.685s][info][gc,heap        ] GC(62) ParOldGen: 277931K(320512K)->277931K(320512K)
[1.685s][info][gc,metaspace   ] GC(62) Metaspace: 6297K(6464K)->6297K(6464K) NonClass: 5764K(5824K)->5764K(5824K) Class: 533K(640K)->533K(640K)
[1.685s][info][gc             ] GC(62) Pause Young (Allocation Failure) 297M->296M(356M) 15.109ms
[1.686s][info][gc,cpu         ] GC(62) User=0.00s Sys=0.00s Real=0.01s
[1.703s][info][gc,start       ] GC(63) Pause Young (Allocation Failure)
[1.726s][info][gc,heap        ] GC(63) PSYoungGen: 40000K(44032K)->32768K(40960K) Eden: 13824K(13824K)->0K(8192K) From: 26176K(30208K)->32768K(32768K)
[1.726s][info][gc,heap        ] GC(63) ParOldGen: 277931K(320512K)->285187K(320512K)
[1.726s][info][gc,metaspace   ] GC(63) Metaspace: 6297K(6464K)->6297K(6464K) NonClass: 5764K(5824K)->5764K(5824K) Class: 533K(640K)->533K(640K)
[1.726s][info][gc             ] GC(63) Pause Young (Allocation Failure) 310M->310M(353M) 23.540ms
[1.726s][info][gc,cpu         ] GC(63) User=0.06s Sys=0.02s Real=0.02s
[1.736s][info][gc,start       ] GC(64) Pause Young (Allocation Failure)
[1.757s][info][gc,heap        ] GC(64) PSYoungGen: 40960K(40960K)->19872K(48128K) Eden: 8192K(8192K)->0K(8192K) From: 32768K(32768K)->19872K(39936K)
[1.757s][info][gc,heap        ] GC(64) ParOldGen: 285187K(320512K)->306667K(320512K)
[1.757s][info][gc,metaspace   ] GC(64) Metaspace: 6297K(6464K)->6297K(6464K) NonClass: 5764K(5824K)->5764K(5824K) Class: 533K(640K)->533K(640K)
[1.757s][info][gc             ] GC(64) Pause Young (Allocation Failure) 318M->318M(360M) 20.707ms
[1.757s][info][gc,cpu         ] GC(64) User=0.06s Sys=0.02s Real=0.02s
[1.757s][info][gc,start       ] GC(65) Pause Full (Ergonomics)
[1.757s][info][gc,phases,start] GC(65) Marking Phase
[1.843s][info][gc,phases      ] GC(65) Marking Phase 86.135ms
[1.843s][info][gc,phases,start] GC(65) Summary Phase
[1.843s][info][gc,phases      ] GC(65) Summary Phase 0.028ms
[1.843s][info][gc,phases,start] GC(65) Adjust Roots
[1.844s][info][gc,phases      ] GC(65) Adjust Roots 0.192ms
[1.844s][info][gc,phases,start] GC(65) Compaction Phase
[1.879s][info][gc,phases      ] GC(65) Compaction Phase 35.901ms
[1.880s][info][gc,phases,start] GC(65) Post Compact
[1.881s][info][gc,phases      ] GC(65) Post Compact 1.756ms
[1.882s][info][gc,heap        ] GC(65) PSYoungGen: 19872K(48128K)->5429K(48128K) Eden: 0K(8192K)->0K(8192K) From: 19872K(39936K)->5429K(39936K)
[1.882s][info][gc,heap        ] GC(65) ParOldGen: 306667K(320512K)->320501K(368128K)
[1.882s][info][gc,metaspace   ] GC(65) Metaspace: 6297K(6464K)->6297K(6464K) NonClass: 5764K(5824K)->5764K(5824K) Class: 533K(640K)->533K(640K)
[1.882s][info][gc             ] GC(65) Pause Full (Ergonomics) 318M->318M(406M) 124.573ms
[1.882s][info][gc,cpu         ] GC(65) User=0.55s Sys=0.00s Real=0.12s
[1.892s][info][gc,start       ] GC(66) Pause Young (Allocation Failure)
[1.915s][info][gc,heap        ] GC(66) PSYoungGen: 13621K(48128K)->10304K(46080K) Eden: 8192K(8192K)->0K(9216K) From: 5429K(39936K)->10304K(36864K)
[1.915s][info][gc,heap        ] GC(66) ParOldGen: 320501K(368128K)->323901K(368128K)
[1.915s][info][gc,metaspace   ] GC(66) Metaspace: 6297K(6464K)->6297K(6464K) NonClass: 5764K(5824K)->5764K(5824K) Class: 533K(640K)->533K(640K)
[1.915s][info][gc             ] GC(66) Pause Young (Allocation Failure) 326M->326M(404M) 23.263ms
[1.915s][info][gc,cpu         ] GC(66) User=0.08s Sys=0.00s Real=0.02s
[1.925s][info][gc,start       ] GC(67) Pause Young (Allocation Failure)
[1.937s][info][gc,heap        ] GC(67) PSYoungGen: 19520K(46080K)->19584K(29184K) Eden: 9216K(9216K)->0K(9216K) From: 10304K(36864K)->19584K(19968K)
[1.937s][info][gc,heap        ] GC(67) ParOldGen: 323901K(368128K)->323901K(368128K)
[1.937s][info][gc,metaspace   ] GC(67) Metaspace: 6297K(6464K)->6297K(6464K) NonClass: 5764K(5824K)->5764K(5824K) Class: 533K(640K)->533K(640K)
[1.938s][info][gc             ] GC(67) Pause Young (Allocation Failure) 335M->335M(388M) 12.046ms
[1.938s][info][gc,cpu         ] GC(67) User=0.02s Sys=0.00s Real=0.01s
[1.949s][info][gc,start       ] GC(68) Pause Young (Allocation Failure)
[1.964s][info][gc,heap        ] GC(68) PSYoungGen: 28800K(29184K)->28768K(44544K) Eden: 9216K(9216K)->0K(8192K) From: 19584K(19968K)->28768K(36352K)
[1.964s][info][gc,heap        ] GC(68) ParOldGen: 323901K(368128K)->323901K(368128K)
[1.964s][info][gc,metaspace   ] GC(68) Metaspace: 6297K(6464K)->6297K(6464K) NonClass: 5764K(5824K)->5764K(5824K) Class: 533K(640K)->533K(640K)
[1.964s][info][gc             ] GC(68) Pause Young (Allocation Failure) 344M->344M(403M) 15.498ms
[1.964s][info][gc,cpu         ] GC(68) User=0.00s Sys=0.02s Real=0.02s
[2.057s][info][gc,start       ] GC(69) Pause Young (Allocation Failure)
[2.083s][info][gc,heap        ] GC(69) PSYoungGen: 36960K(44544K)->34880K(46592K) Eden: 8192K(8192K)->0K(8192K) From: 28768K(36352K)->34880K(38400K)
[2.083s][info][gc,heap        ] GC(69) ParOldGen: 340285K(368128K)->342437K(368128K)
[2.083s][info][gc,metaspace   ] GC(69) Metaspace: 6297K(6464K)->6297K(6464K) NonClass: 5764K(5824K)->5764K(5824K) Class: 533K(640K)->533K(640K)
[2.083s][info][gc             ] GC(69) Pause Young (Allocation Failure) 368M->368M(405M) 26.295ms
[2.083s][info][gc,cpu         ] GC(69) User=0.14s Sys=0.00s Real=0.03s
[2.092s][info][gc,start       ] GC(70) Pause Young (Allocation Failure)
[2.114s][info][gc,heap        ] GC(70) PSYoungGen: 43072K(46592K)->42496K(45568K) Eden: 8192K(8192K)->0K(3072K) From: 34880K(38400K)->42496K(42496K)
[2.114s][info][gc,heap        ] GC(70) ParOldGen: 342437K(368128K)->342909K(368128K)
[2.114s][info][gc,metaspace   ] GC(70) Metaspace: 6297K(6464K)->6297K(6464K) NonClass: 5764K(5824K)->5764K(5824K) Class: 533K(640K)->533K(640K)
[2.114s][info][gc             ] GC(70) Pause Young (Allocation Failure) 376M->376M(404M) 22.095ms
[2.114s][info][gc,cpu         ] GC(70) User=0.06s Sys=0.02s Real=0.02s
[2.117s][info][gc,start       ] GC(71) Pause Young (Allocation Failure)
[2.140s][info][gc,heap        ] GC(71) PSYoungGen: 45567K(45568K)->28352K(51712K) Eden: 3071K(3072K)->0K(3072K) From: 42496K(42496K)->28352K(48640K)
[2.140s][info][gc,heap        ] GC(71) ParOldGen: 342909K(368128K)->360413K(368128K)
[2.140s][info][gc,metaspace   ] GC(71) Metaspace: 6297K(6464K)->6297K(6464K) NonClass: 5764K(5824K)->5764K(5824K) Class: 533K(640K)->533K(640K)
[2.140s][info][gc             ] GC(71) Pause Young (Allocation Failure) 379M->379M(410M) 22.859ms
[2.140s][info][gc,cpu         ] GC(71) User=0.08s Sys=0.00s Real=0.02s
[2.140s][info][gc,start       ] GC(72) Pause Full (Ergonomics)
[2.140s][info][gc,phases,start] GC(72) Marking Phase
[2.241s][info][gc,phases      ] GC(72) Marking Phase 100.442ms
[2.241s][info][gc,phases,start] GC(72) Summary Phase
[2.241s][info][gc,phases      ] GC(72) Summary Phase 0.026ms
[2.241s][info][gc,phases,start] GC(72) Adjust Roots
[2.241s][info][gc,phases      ] GC(72) Adjust Roots 0.186ms
[2.241s][info][gc,phases,start] GC(72) Compaction Phase
[2.307s][info][gc,phases      ] GC(72) Compaction Phase 65.745ms
[2.307s][info][gc,phases,start] GC(72) Post Compact
[2.309s][info][gc,phases      ] GC(72) Post Compact 2.087ms
[2.309s][info][gc,heap        ] GC(72) PSYoungGen: 28352K(51712K)->12379K(51712K) Eden: 0K(3072K)->0K(3072K) From: 28352K(48640K)->12379K(48640K)
[2.309s][info][gc,heap        ] GC(72) ParOldGen: 360413K(368128K)->367641K(418304K)
[2.309s][info][gc,metaspace   ] GC(72) Metaspace: 6297K(6464K)->6297K(6464K) NonClass: 5764K(5824K)->5764K(5824K) Class: 533K(640K)->533K(640K)
[2.309s][info][gc             ] GC(72) Pause Full (Ergonomics) 379M->371M(459M) 169.004ms
[2.309s][info][gc,cpu         ] GC(72) User=0.64s Sys=0.02s Real=0.17s
[2.314s][info][gc,start       ] GC(73) Pause Young (Allocation Failure)
[2.342s][info][gc,heap        ] GC(73) PSYoungGen: 15451K(51712K)->7680K(52224K) Eden: 3072K(3072K)->0K(4096K) From: 12379K(48640K)->7680K(48128K)
[2.342s][info][gc,heap        ] GC(73) ParOldGen: 367641K(418304K)->375577K(418304K)
[2.342s][info][gc,metaspace   ] GC(73) Metaspace: 6297K(6464K)->6297K(6464K) NonClass: 5764K(5824K)->5764K(5824K) Class: 533K(640K)->533K(640K)
[2.342s][info][gc             ] GC(73) Pause Young (Allocation Failure) 374M->374M(459M) 28.240ms
[2.342s][info][gc,cpu         ] GC(73) User=0.09s Sys=0.00s Real=0.03s
[2.347s][info][gc,start       ] GC(74) Pause Young (Allocation Failure)
[2.355s][info][gc,heap        ] GC(74) PSYoungGen: 11776K(52224K)->8352K(52224K) Eden: 4096K(4096K)->0K(4096K) From: 7680K(48128K)->8352K(48128K)
[2.355s][info][gc,heap        ] GC(74) ParOldGen: 375577K(418304K)->379073K(418304K)
[2.355s][info][gc,metaspace   ] GC(74) Metaspace: 6297K(6464K)->6297K(6464K) NonClass: 5764K(5824K)->5764K(5824K) Class: 533K(640K)->533K(640K)
[2.355s][info][gc             ] GC(74) Pause Young (Allocation Failure) 378M->378M(459M) 8.086ms
[2.355s][info][gc,cpu         ] GC(74) User=0.00s Sys=0.00s Real=0.01s
[2.359s][info][gc,start       ] GC(75) Pause Young (Allocation Failure)
[2.367s][info][gc,heap        ] GC(75) PSYoungGen: 12448K(52224K)->11296K(50176K) Eden: 4096K(4096K)->0K(5120K) From: 8352K(48128K)->11296K(45056K)
[2.367s][info][gc,heap        ] GC(75) ParOldGen: 379073K(418304K)->380257K(418304K)
[2.367s][info][gc,metaspace   ] GC(75) Metaspace: 6297K(6464K)->6297K(6464K) NonClass: 5764K(5824K)->5764K(5824K) Class: 533K(640K)->533K(640K)
[2.367s][info][gc             ] GC(75) Pause Young (Allocation Failure) 382M->382M(457M) 7.858ms
[2.367s][info][gc,cpu         ] GC(75) User=0.00s Sys=0.00s Real=0.01s
[2.373s][info][gc,start       ] GC(76) Pause Young (Allocation Failure)
[2.382s][info][gc,heap        ] GC(76) PSYoungGen: 16416K(50176K)->9248K(51712K) Eden: 5120K(5120K)->0K(5120K) From: 11296K(45056K)->9248K(46592K)
[2.382s][info][gc,heap        ] GC(76) ParOldGen: 380257K(418304K)->387505K(418304K)
[2.382s][info][gc,metaspace   ] GC(76) Metaspace: 6297K(6464K)->6297K(6464K) NonClass: 5764K(5824K)->5764K(5824K) Class: 533K(640K)->533K(640K)
[2.382s][info][gc             ] GC(76) Pause Young (Allocation Failure) 387M->387M(459M) 9.430ms
[2.383s][info][gc,cpu         ] GC(76) User=0.00s Sys=0.00s Real=0.01s
[2.388s][info][gc,start       ] GC(77) Pause Young (Allocation Failure)
[2.397s][info][gc,heap        ] GC(77) PSYoungGen: 14368K(51712K)->5184K(51200K) Eden: 5120K(5120K)->0K(6144K) From: 9248K(46592K)->5184K(45056K)
[2.397s][info][gc,heap        ] GC(77) ParOldGen: 387505K(418304K)->396825K(418304K)
[2.397s][info][gc,metaspace   ] GC(77) Metaspace: 6297K(6464K)->6297K(6464K) NonClass: 5764K(5824K)->5764K(5824K) Class: 533K(640K)->533K(640K)
[2.397s][info][gc             ] GC(77) Pause Young (Allocation Failure) 392M->392M(458M) 8.992ms
[2.397s][info][gc,cpu         ] GC(77) User=0.00s Sys=0.00s Real=0.01s
[2.404s][info][gc,start       ] GC(78) Pause Young (Allocation Failure)
[2.411s][info][gc,heap        ] GC(78) PSYoungGen: 11328K(51200K)->6240K(51712K) Eden: 6144K(6144K)->0K(6144K) From: 5184K(45056K)->6240K(45568K)
[2.411s][info][gc,heap        ] GC(78) ParOldGen: 396825K(418304K)->402009K(418304K)
[2.411s][info][gc,metaspace   ] GC(78) Metaspace: 6297K(6464K)->6297K(6464K) NonClass: 5764K(5824K)->5764K(5824K) Class: 533K(640K)->533K(640K)
[2.411s][info][gc             ] GC(78) Pause Young (Allocation Failure) 398M->398M(459M) 7.857ms
[2.411s][info][gc,cpu         ] GC(78) User=0.00s Sys=0.00s Real=0.01s
[2.411s][info][gc,start       ] GC(79) Pause Full (Ergonomics)
[2.411s][info][gc,phases,start] GC(79) Marking Phase
[2.516s][info][gc,phases      ] GC(79) Marking Phase 104.146ms
[2.516s][info][gc,phases,start] GC(79) Summary Phase
[2.516s][info][gc,phases      ] GC(79) Summary Phase 0.021ms
[2.516s][info][gc,phases,start] GC(79) Adjust Roots
[2.516s][info][gc,phases      ] GC(79) Adjust Roots 0.173ms
[2.516s][info][gc,phases,start] GC(79) Compaction Phase
[2.560s][info][gc,phases      ] GC(79) Compaction Phase 44.513ms
[2.560s][info][gc,phases,start] GC(79) Post Compact
[2.562s][info][gc,phases      ] GC(79) Post Compact 1.934ms
[2.563s][info][gc,heap        ] GC(79) PSYoungGen: 6240K(51712K)->0K(51712K) Eden: 0K(6144K)->0K(7168K) From: 6240K(45568K)->0K(44544K)
[2.563s][info][gc,heap        ] GC(79) ParOldGen: 402009K(418304K)->407483K(457216K)
[2.563s][info][gc,metaspace   ] GC(79) Metaspace: 6297K(6464K)->6297K(6464K) NonClass: 5764K(5824K)->5764K(5824K) Class: 533K(640K)->533K(640K)
[2.563s][info][gc             ] GC(79) Pause Full (Ergonomics) 398M->397M(497M) 151.330ms
[2.563s][info][gc,cpu         ] GC(79) User=0.62s Sys=0.00s Real=0.15s
[2.570s][info][gc,start       ] GC(80) Pause Young (Allocation Failure)
[2.577s][info][gc,heap        ] GC(80) PSYoungGen: 7168K(51712K)->7232K(14848K) Eden: 7168K(7168K)->0K(7168K) From: 0K(44544K)->7232K(7680K)
[2.577s][info][gc,heap        ] GC(80) ParOldGen: 407483K(457216K)->407483K(457216K)
[2.577s][info][gc,metaspace   ] GC(80) Metaspace: 6297K(6464K)->6297K(6464K) NonClass: 5764K(5824K)->5764K(5824K) Class: 533K(640K)->533K(640K)
[2.577s][info][gc             ] GC(80) Pause Young (Allocation Failure) 404M->404M(461M) 6.463ms
[2.577s][info][gc,cpu         ] GC(80) User=0.02s Sys=0.00s Real=0.01s
[2.584s][info][gc,start       ] GC(81) Pause Young (Allocation Failure)
[2.593s][info][gc,heap        ] GC(81) PSYoungGen: 14400K(14848K)->14400K(46080K) Eden: 7168K(7168K)->0K(8192K) From: 7232K(7680K)->14400K(37888K)
[2.593s][info][gc,heap        ] GC(81) ParOldGen: 407483K(457216K)->407483K(457216K)
[2.593s][info][gc,metaspace   ] GC(81) Metaspace: 6297K(6464K)->6297K(6464K) NonClass: 5764K(5824K)->5764K(5824K) Class: 533K(640K)->533K(640K)
[2.593s][info][gc             ] GC(81) Pause Young (Allocation Failure) 411M->411M(491M) 9.044ms
[2.593s][info][gc,cpu         ] GC(81) User=0.00s Sys=0.00s Real=0.01s
[2.603s][info][gc,start       ] GC(82) Pause Young (Allocation Failure)
[2.614s][info][gc,heap        ] GC(82) PSYoungGen: 22592K(46080K)->22528K(48640K) Eden: 8192K(8192K)->0K(8192K) From: 14400K(37888K)->22528K(40448K)
[2.614s][info][gc,heap        ] GC(82) ParOldGen: 407483K(457216K)->407483K(457216K)
[2.614s][info][gc,metaspace   ] GC(82) Metaspace: 6297K(6464K)->6297K(6464K) NonClass: 5764K(5824K)->5764K(5824K) Class: 533K(640K)->533K(640K)
[2.615s][info][gc             ] GC(82) Pause Young (Allocation Failure) 419M->419M(494M) 11.839ms
[2.615s][info][gc,cpu         ] GC(82) User=0.00s Sys=0.00s Real=0.01s
[2.623s][info][gc,start       ] GC(83) Pause Young (Allocation Failure)
[2.639s][info][gc,heap        ] GC(83) PSYoungGen: 30720K(48640K)->23584K(50176K) Eden: 8192K(8192K)->0K(9216K) From: 22528K(40448K)->23584K(40960K)
[2.639s][info][gc,heap        ] GC(83) ParOldGen: 407483K(457216K)->414755K(457216K)
[2.639s][info][gc,metaspace   ] GC(83) Metaspace: 6297K(6464K)->6297K(6464K) NonClass: 5764K(5824K)->5764K(5824K) Class: 533K(640K)->533K(640K)
[2.639s][info][gc             ] GC(83) Pause Young (Allocation Failure) 427M->428M(495M) 15.442ms
[2.639s][info][gc,cpu         ] GC(83) User=0.00s Sys=0.00s Real=0.01s
[2.648s][info][gc,start       ] GC(84) Pause Young (Allocation Failure)
[2.665s][info][gc,heap        ] GC(84) PSYoungGen: 32800K(50176K)->25632K(50176K) Eden: 9216K(9216K)->0K(9216K) From: 23584K(40960K)->25632K(40960K)
[2.665s][info][gc,heap        ] GC(84) ParOldGen: 414755K(457216K)->422035K(457216K)
[2.665s][info][gc,metaspace   ] GC(84) Metaspace: 6297K(6464K)->6297K(6464K) NonClass: 5764K(5824K)->5764K(5824K) Class: 533K(640K)->533K(640K)
[2.665s][info][gc             ] GC(84) Pause Young (Allocation Failure) 437M->437M(495M) 16.769ms
[2.665s][info][gc,cpu         ] GC(84) User=0.02s Sys=0.00s Real=0.02s
[2.675s][info][gc,start       ] GC(85) Pause Young (Allocation Failure)
[2.693s][info][gc,heap        ] GC(85) PSYoungGen: 34848K(50176K)->26656K(51712K) Eden: 9216K(9216K)->0K(9728K) From: 25632K(40960K)->26656K(41984K)
[2.693s][info][gc,heap        ] GC(85) ParOldGen: 422035K(457216K)->430347K(457216K)
[2.693s][info][gc,metaspace   ] GC(85) Metaspace: 6297K(6464K)->6297K(6464K) NonClass: 5764K(5824K)->5764K(5824K) Class: 533K(640K)->533K(640K)
[2.693s][info][gc             ] GC(85) Pause Young (Allocation Failure) 446M->446M(497M) 18.565ms
[2.693s][info][gc,cpu         ] GC(85) User=0.02s Sys=0.06s Real=0.02s
[2.704s][info][gc,start       ] GC(86) Pause Young (Allocation Failure)
[2.724s][info][gc,heap        ] GC(86) PSYoungGen: 36384K(51712K)->19040K(29184K) Eden: 9728K(9728K)->0K(9728K) From: 26656K(41984K)->19040K(19456K)
[2.724s][info][gc,heap        ] GC(86) ParOldGen: 430347K(457216K)->447963K(457216K)
[2.724s][info][gc,metaspace   ] GC(86) Metaspace: 6297K(6464K)->6297K(6464K) NonClass: 5764K(5824K)->5764K(5824K) Class: 533K(640K)->533K(640K)
[2.724s][info][gc             ] GC(86) Pause Young (Allocation Failure) 455M->456M(475M) 20.208ms
[2.724s][info][gc,cpu         ] GC(86) User=0.06s Sys=0.02s Real=0.02s
[2.724s][info][gc,start       ] GC(87) Pause Full (Ergonomics)
[2.724s][info][gc,phases,start] GC(87) Marking Phase
[2.837s][info][gc,phases      ] GC(87) Marking Phase 112.217ms
[2.837s][info][gc,phases,start] GC(87) Summary Phase
[2.837s][info][gc,phases      ] GC(87) Summary Phase 0.019ms
[2.837s][info][gc,phases,start] GC(87) Adjust Roots
[2.837s][info][gc,phases      ] GC(87) Adjust Roots 0.267ms
[2.837s][info][gc,phases,start] GC(87) Compaction Phase
[2.881s][info][gc,phases      ] GC(87) Compaction Phase 43.552ms
[2.881s][info][gc,phases,start] GC(87) Post Compact
[2.883s][info][gc,phases      ] GC(87) Post Compact 2.118ms
[2.883s][info][gc,heap        ] GC(87) PSYoungGen: 19040K(29184K)->9170K(29184K) Eden: 0K(9728K)->0K(9728K) From: 19040K(19456K)->9170K(19456K)
[2.883s][info][gc,heap        ] GC(87) ParOldGen: 447963K(457216K)->456973K(512000K)
[2.883s][info][gc,metaspace   ] GC(87) Metaspace: 6297K(6464K)->6297K(6464K) NonClass: 5764K(5824K)->5764K(5824K) Class: 533K(640K)->533K(640K)
[2.883s][info][gc             ] GC(87) Pause Full (Ergonomics) 456M->455M(528M) 158.704ms
[2.883s][info][gc,cpu         ] GC(87) User=0.62s Sys=0.00s Real=0.16s
[2.894s][info][gc,start       ] GC(88) Pause Young (Allocation Failure)
[2.927s][info][gc,heap        ] GC(88) PSYoungGen: 18898K(29184K)->9792K(49152K) Eden: 9728K(9728K)->0K(10752K) From: 9170K(19456K)->9792K(38400K)
[2.927s][info][gc,heap        ] GC(88) ParOldGen: 456973K(512000K)->466301K(512000K)
[2.927s][info][gc,metaspace   ] GC(88) Metaspace: 6297K(6464K)->6297K(6464K) NonClass: 5764K(5824K)->5764K(5824K) Class: 533K(640K)->533K(640K)
[2.927s][info][gc             ] GC(88) Pause Young (Allocation Failure) 464M->464M(548M) 33.246ms
[2.927s][info][gc,cpu         ] GC(88) User=0.09s Sys=0.00s Real=0.03s
[2.939s][info][gc,start       ] GC(89) Pause Young (Allocation Failure)
[2.952s][info][gc,heap        ] GC(89) PSYoungGen: 20544K(49152K)->10816K(50688K) Eden: 10752K(10752K)->0K(10752K) From: 9792K(38400K)->10816K(39936K)
[2.952s][info][gc,heap        ] GC(89) ParOldGen: 466301K(512000K)->476173K(512000K)
[2.952s][info][gc,metaspace   ] GC(89) Metaspace: 6297K(6464K)->6297K(6464K) NonClass: 5764K(5824K)->5764K(5824K) Class: 533K(640K)->533K(640K)
[2.952s][info][gc             ] GC(89) Pause Young (Allocation Failure) 475M->475M(549M) 13.025ms
[2.952s][info][gc,cpu         ] GC(89) User=0.00s Sys=0.00s Real=0.01s
[2.964s][info][gc,start       ] GC(90) Pause Young (Allocation Failure)
[2.977s][info][gc,heap        ] GC(90) PSYoungGen: 21568K(50688K)->10816K(49152K) Eden: 10752K(10752K)->0K(12288K) From: 10816K(39936K)->10816K(36864K)
[2.977s][info][gc,heap        ] GC(90) ParOldGen: 476173K(512000K)->487085K(512000K)
[2.977s][info][gc,metaspace   ] GC(90) Metaspace: 6297K(6464K)->6297K(6464K) NonClass: 5764K(5824K)->5764K(5824K) Class: 533K(640K)->533K(640K)
[2.977s][info][gc             ] GC(90) Pause Young (Allocation Failure) 486M->486M(548M) 13.612ms
[2.977s][info][gc,cpu         ] GC(90) User=0.00s Sys=0.00s Real=0.01s
[2.990s][info][gc,start       ] GC(91) Pause Young (Allocation Failure)
[3.005s][info][gc,heap        ] GC(91) PSYoungGen: 23104K(49152K)->12352K(50176K) Eden: 12288K(12288K)->0K(12288K) From: 10816K(36864K)->12352K(37888K)
[3.005s][info][gc,heap        ] GC(91) ParOldGen: 487085K(512000K)->497997K(512000K)
[3.006s][info][gc,metaspace   ] GC(91) Metaspace: 6297K(6464K)->6297K(6464K) NonClass: 5764K(5824K)->5764K(5824K) Class: 533K(640K)->533K(640K)
[3.006s][info][gc             ] GC(91) Pause Young (Allocation Failure) 498M->498M(549M) 15.049ms
[3.006s][info][gc,cpu         ] GC(91) User=0.02s Sys=0.00s Real=0.02s
[3.006s][info][gc,start       ] GC(92) Pause Full (Ergonomics)
[3.006s][info][gc,phases,start] GC(92) Marking Phase
[3.129s][info][gc,phases      ] GC(92) Marking Phase 123.292ms
[3.129s][info][gc,phases,start] GC(92) Summary Phase
[3.129s][info][gc,phases      ] GC(92) Summary Phase 0.026ms
[3.129s][info][gc,phases,start] GC(92) Adjust Roots
[3.129s][info][gc,phases      ] GC(92) Adjust Roots 0.182ms
[3.129s][info][gc,phases,start] GC(92) Compaction Phase
[3.178s][info][gc,phases      ] GC(92) Compaction Phase 49.044ms
[3.178s][info][gc,phases,start] GC(92) Post Compact
[3.181s][info][gc,phases      ] GC(92) Post Compact 2.395ms
[3.181s][info][gc,heap        ] GC(92) PSYoungGen: 12352K(50176K)->0K(50176K) Eden: 0K(12288K)->0K(13824K) From: 12352K(37888K)->0K(36352K)
[3.181s][info][gc,heap        ] GC(92) ParOldGen: 497997K(512000K)->509541K(568832K)
[3.181s][info][gc,metaspace   ] GC(92) Metaspace: 6297K(6464K)->6297K(6464K) NonClass: 5764K(5824K)->5764K(5824K) Class: 533K(640K)->533K(640K)
[3.181s][info][gc             ] GC(92) Pause Full (Ergonomics) 498M->497M(604M) 175.545ms
[3.181s][info][gc,cpu         ] GC(92) User=0.73s Sys=0.00s Real=0.17s
[3.197s][info][gc,start       ] GC(93) Pause Young (Allocation Failure)
[3.207s][info][gc,heap        ] GC(93) PSYoungGen: 13824K(50176K)->13888K(50176K) Eden: 13824K(13824K)->0K(13824K) From: 0K(36352K)->13888K(36352K)
[3.207s][info][gc,heap        ] GC(93) ParOldGen: 509541K(568832K)->509541K(568832K)
[3.207s][info][gc,metaspace   ] GC(93) Metaspace: 6297K(6464K)->6297K(6464K) NonClass: 5764K(5824K)->5764K(5824K) Class: 533K(640K)->533K(640K)
[3.207s][info][gc             ] GC(93) Pause Young (Allocation Failure) 511M->511M(604M) 10.740ms
[3.207s][info][gc,cpu         ] GC(93) User=0.00s Sys=0.00s Real=0.01s
[3.223s][info][gc,start       ] GC(94) Pause Young (Allocation Failure)
[3.240s][info][gc,heap        ] GC(94) PSYoungGen: 27712K(50176K)->27712K(47616K) Eden: 13824K(13824K)->0K(12800K) From: 13888K(36352K)->27712K(34816K)
[3.240s][info][gc,heap        ] GC(94) ParOldGen: 509541K(568832K)->509541K(568832K)
[3.240s][info][gc,metaspace   ] GC(94) Metaspace: 6297K(6464K)->6297K(6464K) NonClass: 5764K(5824K)->5764K(5824K) Class: 533K(640K)->533K(640K)
[3.240s][info][gc             ] GC(94) Pause Young (Allocation Failure) 524M->524M(602M) 17.476ms
[3.240s][info][gc,cpu         ] GC(94) User=0.02s Sys=0.00s Real=0.02s
[3.254s][info][gc,start       ] GC(95) Pause Young (Allocation Failure)
[3.277s][info][gc,heap        ] GC(95) PSYoungGen: 40512K(47616K)->37376K(50176K) Eden: 12800K(12800K)->0K(12800K) From: 27712K(34816K)->37376K(37376K)
[3.277s][info][gc,heap        ] GC(95) ParOldGen: 509541K(568832K)->512653K(568832K)
[3.277s][info][gc,metaspace   ] GC(95) Metaspace: 6297K(6464K)->6297K(6464K) NonClass: 5764K(5824K)->5764K(5824K) Class: 533K(640K)->533K(640K)
[3.277s][info][gc             ] GC(95) Pause Young (Allocation Failure) 537M->537M(604M) 22.937ms
[3.277s][info][gc,cpu         ] GC(95) User=0.08s Sys=0.00s Real=0.02s
[3.292s][info][gc,start       ] GC(96) Pause Young (Allocation Failure)
[3.319s][info][gc,heap        ] GC(96) PSYoungGen: 50176K(50176K)->24832K(57344K) Eden: 12800K(12800K)->0K(14336K) From: 37376K(37376K)->24832K(43008K)
[3.319s][info][gc,heap        ] GC(96) ParOldGen: 512653K(568832K)->538397K(568832K)
[3.319s][info][gc,metaspace   ] GC(96) Metaspace: 6297K(6464K)->6297K(6464K) NonClass: 5764K(5824K)->5764K(5824K) Class: 533K(640K)->533K(640K)
[3.319s][info][gc             ] GC(96) Pause Young (Allocation Failure) 549M->550M(611M) 27.517ms
[3.319s][info][gc,cpu         ] GC(96) User=0.05s Sys=0.03s Real=0.03s
[3.336s][info][gc,start       ] GC(97) Pause Young (Allocation Failure)
[3.358s][info][gc,heap        ] GC(97) PSYoungGen: 39168K(57344K)->27200K(57856K) Eden: 14336K(14336K)->0K(14336K) From: 24832K(43008K)->27200K(43520K)
[3.358s][info][gc,heap        ] GC(97) ParOldGen: 538397K(568832K)->550565K(568832K)
[3.358s][info][gc,metaspace   ] GC(97) Metaspace: 6297K(6464K)->6297K(6464K) NonClass: 5764K(5824K)->5764K(5824K) Class: 533K(640K)->533K(640K)
[3.358s][info][gc             ] GC(97) Pause Young (Allocation Failure) 564M->564M(612M) 22.035ms
[3.358s][info][gc,cpu         ] GC(97) User=0.09s Sys=0.00s Real=0.02s
[3.358s][info][gc,start       ] GC(98) Pause Full (Ergonomics)
[3.358s][info][gc,phases,start] GC(98) Marking Phase
[3.504s][info][gc,phases      ] GC(98) Marking Phase 145.619ms
[3.504s][info][gc,phases,start] GC(98) Summary Phase
[3.504s][info][gc,phases      ] GC(98) Summary Phase 0.021ms
[3.504s][info][gc,phases,start] GC(98) Adjust Roots
[3.504s][info][gc,phases      ] GC(98) Adjust Roots 0.199ms
[3.504s][info][gc,phases,start] GC(98) Compaction Phase
[3.561s][info][gc,phases      ] GC(98) Compaction Phase 56.455ms
[3.561s][info][gc,phases,start] GC(98) Post Compact
[3.562s][info][gc,phases      ] GC(98) Post Compact 1.031ms
[3.562s][info][gc,heap        ] GC(98) PSYoungGen: 27200K(57856K)->8162K(57856K) Eden: 0K(14336K)->0K(14336K) From: 27200K(43520K)->8162K(43520K)
[3.562s][info][gc,heap        ] GC(98) ParOldGen: 550565K(568832K)->568794K(636928K)
[3.562s][info][gc,metaspace   ] GC(98) Metaspace: 6297K(6464K)->6297K(6464K) NonClass: 5764K(5824K)->5764K(5824K) Class: 533K(640K)->533K(640K)
[3.562s][info][gc             ] GC(98) Pause Full (Ergonomics) 564M->563M(678M) 203.914ms
[3.562s][info][gc,cpu         ] GC(98) User=0.88s Sys=0.02s Real=0.20s
[3.578s][info][gc,start       ] GC(99) Pause Young (Allocation Failure)
[3.618s][info][gc,heap        ] GC(99) PSYoungGen: 22498K(57856K)->18400K(55296K) Eden: 14336K(14336K)->0K(15872K) From: 8162K(43520K)->18400K(39424K)
[3.619s][info][gc,heap        ] GC(99) ParOldGen: 568794K(636928K)->573058K(636928K)
[3.619s][info][gc,metaspace   ] GC(99) Metaspace: 6297K(6464K)->6297K(6464K) NonClass: 5764K(5824K)->5764K(5824K) Class: 533K(640K)->533K(640K)
[3.619s][info][gc             ] GC(99) Pause Young (Allocation Failure) 577M->577M(676M) 40.160ms
[3.619s][info][gc,cpu         ] GC(99) User=0.09s Sys=0.00s Real=0.04s
[3.636s][info][gc,start       ] GC(100) Pause Young (Allocation Failure)
[3.657s][info][gc,heap        ] GC(100) PSYoungGen: 34272K(55296K)->34272K(57856K) Eden: 15872K(15872K)->0K(15872K) From: 18400K(39424K)->34272K(41984K)
[3.657s][info][gc,heap        ] GC(100) ParOldGen: 573058K(636928K)->573058K(636928K)
[3.657s][info][gc,metaspace   ] GC(100) Metaspace: 6297K(6464K)->6297K(6464K) NonClass: 5764K(5824K)->5764K(5824K) Class: 533K(640K)->533K(640K)
[3.657s][info][gc             ] GC(100) Pause Young (Allocation Failure) 593M->593M(678M) 21.004ms
[3.657s][info][gc,cpu         ] GC(100) User=0.08s Sys=0.00s Real=0.02s
[3.676s][info][gc,start       ] GC(101) Pause Young (Allocation Failure)
[3.705s][info][gc,heap        ] GC(101) PSYoungGen: 50144K(57856K)->45056K(54784K) Eden: 15872K(15872K)->0K(9728K) From: 34272K(41984K)->45056K(45056K)
[3.705s][info][gc,heap        ] GC(101) ParOldGen: 573058K(636928K)->578162K(636928K)
[3.705s][info][gc,metaspace   ] GC(101) Metaspace: 6297K(6464K)->6297K(6464K) NonClass: 5764K(5824K)->5764K(5824K) Class: 533K(640K)->533K(640K)
[3.706s][info][gc             ] GC(101) Pause Young (Allocation Failure) 608M->608M(675M) 29.337ms
[3.706s][info][gc,cpu         ] GC(101) User=0.08s Sys=0.02s Real=0.03s
[3.718s][info][gc,start       ] GC(102) Pause Young (Allocation Failure)
[3.746s][info][gc,heap        ] GC(102) PSYoungGen: 54784K(54784K)->38720K(62976K) Eden: 9728K(9728K)->0K(9728K) From: 45056K(45056K)->38720K(53248K)
[3.747s][info][gc,heap        ] GC(102) ParOldGen: 578162K(636928K)->594538K(636928K)
[3.747s][info][gc,metaspace   ] GC(102) Metaspace: 6297K(6464K)->6297K(6464K) NonClass: 5764K(5824K)->5764K(5824K) Class: 533K(640K)->533K(640K)
[3.747s][info][gc             ] GC(102) Pause Young (Allocation Failure) 618M->618M(683M) 28.396ms
[3.747s][info][gc,cpu         ] GC(102) User=0.08s Sys=0.00s Real=0.03s
[3.759s][info][gc,start       ] GC(103) Pause Young (Allocation Failure)
[3.784s][info][gc,heap        ] GC(103) PSYoungGen: 48448K(62976K)->33792K(67072K) Eden: 9728K(9728K)->0K(11264K) From: 38720K(53248K)->33792K(55808K)
[3.784s][info][gc,heap        ] GC(103) ParOldGen: 594538K(636928K)->609426K(636928K)
[3.784s][info][gc,metaspace   ] GC(103) Metaspace: 6297K(6464K)->6297K(6464K) NonClass: 5764K(5824K)->5764K(5824K) Class: 533K(640K)->533K(640K)
[3.784s][info][gc             ] GC(103) Pause Young (Allocation Failure) 627M->628M(687M) 25.274ms
[3.784s][info][gc,cpu         ] GC(103) User=0.09s Sys=0.00s Real=0.03s
[3.798s][info][gc,start       ] GC(104) Pause Young (Allocation Failure)
[3.821s][info][gc,heap        ] GC(104) PSYoungGen: 45056K(67072K)->30784K(67072K) Eden: 11264K(11264K)->0K(11264K) From: 33792K(55808K)->30784K(55808K)
[3.821s][info][gc,heap        ] GC(104) ParOldGen: 609426K(636928K)->623906K(636928K)
[3.821s][info][gc,metaspace   ] GC(104) Metaspace: 6297K(6464K)->6297K(6464K) NonClass: 5764K(5824K)->5764K(5824K) Class: 533K(640K)->533K(640K)
[3.821s][info][gc             ] GC(104) Pause Young (Allocation Failure) 639M->639M(687M) 23.190ms
[3.821s][info][gc,cpu         ] GC(104) User=0.08s Sys=0.00s Real=0.02s
[3.821s][info][gc,start       ] GC(105) Pause Full (Ergonomics)
[3.821s][info][gc,phases,start] GC(105) Marking Phase
[3.977s][info][gc,phases      ] GC(105) Marking Phase 155.277ms
[3.977s][info][gc,phases,start] GC(105) Summary Phase
[3.977s][info][gc,phases      ] GC(105) Summary Phase 0.032ms
[3.977s][info][gc,phases,start] GC(105) Adjust Roots
[3.977s][info][gc,phases      ] GC(105) Adjust Roots 0.181ms
[3.977s][info][gc,phases,start] GC(105) Compaction Phase
[4.037s][info][gc,phases      ] GC(105) Compaction Phase 59.936ms
[4.037s][info][gc,phases,start] GC(105) Post Compact
[4.038s][info][gc,phases      ] GC(105) Post Compact 1.120ms
[4.038s][info][gc,heap        ] GC(105) PSYoungGen: 30784K(67072K)->16829K(67072K) Eden: 0K(11264K)->0K(11264K) From: 30784K(55808K)->16829K(55808K)
[4.038s][info][gc,heap        ] GC(105) ParOldGen: 623906K(636928K)->636740K(683008K)
[4.038s][info][gc,metaspace   ] GC(105) Metaspace: 6297K(6464K)->6297K(6464K) NonClass: 5764K(5824K)->5764K(5824K) Class: 533K(640K)->533K(640K)
[4.038s][info][gc             ] GC(105) Pause Full (Ergonomics) 639M->638M(732M) 217.027ms
[4.038s][info][gc,cpu         ] GC(105) User=1.00s Sys=0.00s Real=0.22s
[4.051s][info][gc,start       ] GC(106) Pause Young (Allocation Failure)
[4.103s][info][gc,heap        ] GC(106) PSYoungGen: 28093K(67072K)->16288K(65024K) Eden: 11264K(11264K)->0K(12800K) From: 16829K(55808K)->16288K(52224K)
[4.103s][info][gc,heap        ] GC(106) ParOldGen: 636740K(683008K)->648828K(683008K)
[4.103s][info][gc,metaspace   ] GC(106) Metaspace: 6297K(6464K)->6297K(6464K) NonClass: 5764K(5824K)->5764K(5824K) Class: 533K(640K)->533K(640K)
[4.103s][info][gc             ] GC(106) Pause Young (Allocation Failure) 649M->649M(730M) 52.229ms
[4.103s][info][gc,cpu         ] GC(106) User=0.19s Sys=0.00s Real=0.05s
[4.119s][info][gc,start       ] GC(107) Pause Young (Allocation Failure)
[4.138s][info][gc,heap        ] GC(107) PSYoungGen: 29088K(65024K)->24128K(37376K) Eden: 12800K(12800K)->0K(12800K) From: 16288K(52224K)->24128K(24576K)
[4.138s][info][gc,heap        ] GC(107) ParOldGen: 648828K(683008K)->653860K(683008K)
[4.138s][info][gc,metaspace   ] GC(107) Metaspace: 6297K(6464K)->6297K(6464K) NonClass: 5764K(5824K)->5764K(5824K) Class: 533K(640K)->533K(640K)
[4.138s][info][gc             ] GC(107) Pause Young (Allocation Failure) 662M->662M(703M) 18.905ms
[4.138s][info][gc,cpu         ] GC(107) User=0.05s Sys=0.00s Real=0.02s
[4.155s][info][gc,start       ] GC(108) Pause Young (Allocation Failure)
[4.176s][info][gc,heap        ] GC(108) PSYoungGen: 36928K(37376K)->25632K(60416K) Eden: 12800K(12800K)->0K(14336K) From: 24128K(24576K)->25632K(46080K)
[4.176s][info][gc,heap        ] GC(108) ParOldGen: 653860K(683008K)->665276K(683008K)
[4.177s][info][gc,metaspace   ] GC(108) Metaspace: 6297K(6464K)->6297K(6464K) NonClass: 5764K(5824K)->5764K(5824K) Class: 533K(640K)->533K(640K)
[4.177s][info][gc             ] GC(108) Pause Young (Allocation Failure) 674M->674M(726M) 21.974ms
[4.177s][info][gc,cpu         ] GC(108) User=0.08s Sys=0.00s Real=0.02s
[4.177s][info][gc,start       ] GC(109) Pause Full (Ergonomics)
[4.177s][info][gc,phases,start] GC(109) Marking Phase
[4.375s][info][gc,phases      ] GC(109) Marking Phase 198.869ms
[4.376s][info][gc,phases,start] GC(109) Summary Phase
[4.376s][info][gc,phases      ] GC(109) Summary Phase 0.024ms
[4.376s][info][gc,phases,start] GC(109) Adjust Roots
[4.376s][info][gc,phases      ] GC(109) Adjust Roots 0.194ms
[4.376s][info][gc,phases,start] GC(109) Compaction Phase
[4.441s][info][gc,phases      ] GC(109) Compaction Phase 64.697ms
[4.441s][info][gc,phases,start] GC(109) Post Compact
[4.442s][info][gc,phases      ] GC(109) Post Compact 1.168ms
[4.442s][info][gc,heap        ] GC(109) PSYoungGen: 25632K(60416K)->7651K(62464K) Eden: 0K(14336K)->0K(16384K) From: 25632K(46080K)->7651K(46080K)
[4.442s][info][gc,heap        ] GC(109) ParOldGen: 665276K(683008K)->682687K(683008K)
[4.442s][info][gc,metaspace   ] GC(109) Metaspace: 6297K(6464K)->6297K(6464K) NonClass: 5764K(5824K)->5764K(5824K) Class: 533K(640K)->533K(640K)
[4.442s][info][gc             ] GC(109) Pause Full (Ergonomics) 674M->674M(728M) 265.308ms
[4.442s][info][gc,cpu         ] GC(109) User=1.16s Sys=0.02s Real=0.26s
[4.461s][info][gc,start       ] GC(110) Pause Full (Ergonomics)
[4.461s][info][gc,phases,start] GC(110) Marking Phase
[4.648s][info][gc,phases      ] GC(110) Marking Phase 186.729ms
[4.648s][info][gc,phases,start] GC(110) Summary Phase
[4.648s][info][gc,phases      ] GC(110) Summary Phase 0.028ms
[4.648s][info][gc,phases,start] GC(110) Adjust Roots
[4.648s][info][gc,phases      ] GC(110) Adjust Roots 0.221ms
[4.648s][info][gc,phases,start] GC(110) Compaction Phase
[4.702s][info][gc,phases      ] GC(110) Compaction Phase 53.005ms
[4.702s][info][gc,phases,start] GC(110) Post Compact
[4.703s][info][gc,phases      ] GC(110) Post Compact 1.138ms
[4.703s][info][gc,heap        ] GC(110) PSYoungGen: 22692K(62464K)->22488K(62464K) Eden: 15041K(16384K)->16372K(16384K) From: 7651K(46080K)->6115K(46080K)
[4.703s][info][gc,heap        ] GC(110) ParOldGen: 682687K(683008K)->682687K(683008K)
[4.703s][info][gc,metaspace   ] GC(110) Metaspace: 6297K(6464K)->6297K(6464K) NonClass: 5764K(5824K)->5764K(5824K) Class: 533K(640K)->533K(640K)
[4.703s][info][gc             ] GC(110) Pause Full (Ergonomics) 688M->688M(728M) 241.536ms
[4.703s][info][gc,cpu         ] GC(110) User=1.08s Sys=0.00s Real=0.24s
[4.703s][info][gc,start       ] GC(111) Pause Full (Allocation Failure)
[4.703s][info][gc,phases,start] GC(111) Marking Phase
[4.879s][info][gc,phases      ] GC(111) Marking Phase 176.308ms
[4.879s][info][gc,phases,start] GC(111) Summary Phase
[4.879s][info][gc,phases      ] GC(111) Summary Phase 0.022ms
[4.879s][info][gc,phases,start] GC(111) Adjust Roots
[4.880s][info][gc,phases      ] GC(111) Adjust Roots 0.365ms
[4.880s][info][gc,phases,start] GC(111) Compaction Phase
[5.023s][info][gc,phases      ] GC(111) Compaction Phase 143.279ms
[5.023s][info][gc,phases,start] GC(111) Post Compact
[5.024s][info][gc,phases      ] GC(111) Post Compact 1.310ms
[5.024s][info][gc,heap        ] GC(111) PSYoungGen: 22488K(62464K)->22488K(62464K) Eden: 16372K(16384K)->16372K(16384K) From: 6115K(46080K)->6115K(46080K)
[5.024s][info][gc,heap        ] GC(111) ParOldGen: 682687K(683008K)->682683K(683008K)
[5.024s][info][gc,metaspace   ] GC(111) Metaspace: 6297K(6464K)->6295K(6464K) NonClass: 5764K(5824K)->5762K(5824K) Class: 533K(640K)->532K(640K)
[5.025s][info][gc             ] GC(111) Pause Full (Allocation Failure) 688M->688M(728M) 321.592ms
[5.025s][info][gc,cpu         ] GC(111) User=1.42s Sys=0.00s Real=0.32s
[5.026s][info][gc,start       ] GC(112) Pause Full (Ergonomics)
[5.026s][info][gc,phases,start] GC(112) Marking Phase
[5.197s][info][gc,phases      ] GC(112) Marking Phase 170.685ms
[5.197s][info][gc,phases,start] GC(112) Summary Phase
[5.197s][info][gc,phases      ] GC(112) Summary Phase 0.021ms
[5.197s][info][gc,phases,start] GC(112) Adjust Roots
[5.197s][info][gc,phases      ] GC(112) Adjust Roots 0.272ms
[5.197s][info][gc,phases,start] GC(112) Compaction Phase
[5.343s][info][gc,phases      ] GC(112) Compaction Phase 145.551ms
[5.343s][info][gc,phases,start] GC(112) Post Compact
[5.344s][info][gc,phases      ] GC(112) Post Compact 1.260ms
[5.344s][info][gc,heap        ] GC(112) PSYoungGen: 22499K(62464K)->22488K(62464K) Eden: 16384K(16384K)->16373K(16384K) From: 6115K(46080K)->6115K(46080K)
[5.344s][info][gc,heap        ] GC(112) ParOldGen: 682683K(683008K)->682680K(683008K)
[5.344s][info][gc,metaspace   ] GC(112) Metaspace: 6296K(6464K)->6296K(6464K) NonClass: 5762K(5824K)->5762K(5824K) Class: 533K(640K)->533K(640K)
[5.344s][info][gc             ] GC(112) Pause Full (Ergonomics) 688M->688M(728M) 318.122ms
[5.344s][info][gc,cpu         ] GC(112) User=1.47s Sys=0.02s Real=0.32s
[5.345s][info][gc,heap,exit   ] Heap
[5.345s][info][gc,heap,exit   ]  PSYoungGen      total 62464K, used 22499K [0x00000000eb300000, 0x00000000f2400000, 0x0000000100000000)
[5.345s][info][gc,heap,exit   ]   eden space 16384K, 100% used [0x00000000eb300000,0x00000000ec300000,0x00000000ec300000)
[5.345s][info][gc,heap,exit   ]   from space 46080K, 13% used [0x00000000ef300000,0x00000000ef8f8e20,0x00000000f2000000)
[5.345s][info][gc,heap,exit   ]   to   space 48640K, 0% used [0x00000000ec300000,0x00000000ec300000,0x00000000ef280000)
[5.345s][info][gc,heap,exit   ]  ParOldGen       total 683008K, used 682680K [0x00000000c1800000, 0x00000000eb300000, 0x00000000eb300000)
[5.345s][info][gc,heap,exit   ]   object space 683008K, 99% used [0x00000000c1800000,0x00000000eb2ae0d0,0x00000000eb300000)
[5.345s][info][gc,heap,exit   ]  Metaspace       used 6299K, committed 6464K, reserved 1114112K
[5.345s][info][gc,heap,exit   ]   class space    used 534K, committed 640K, reserved 1048576K
