[0.012s][info][gc,init] CardTable entry size: 512
[0.013s][info][gc     ] Using Parallel
[0.013s][info][gc,init] Version: 18.0.1+10 (release)
[0.013s][info][gc,init] CPUs: 8 total, 8 available
[0.013s][info][gc,init] Memory: 16063M
[0.013s][info][gc,init] Large Page Support: Disabled
[0.013s][info][gc,init] NUMA Support: Disabled
[0.013s][info][gc,init] Compressed Oops: Enabled (32-bit)
[0.013s][info][gc,init] Alignments: Space 512K, Generation 512K, Heap 2M
[0.013s][info][gc,init] Heap Min Capacity: 2M
[0.013s][info][gc,init] Heap Initial Capacity: 2M
[0.013s][info][gc,init] Heap Max Capacity: 2M
[0.013s][info][gc,init] Pre-touch: Disabled
[0.013s][info][gc,init] Parallel Workers: 6
[0.014s][info][gc,metaspace] CDS archive(s) not mapped
[0.014s][info][gc,metaspace] Compressed class space mapped at: 0x0000000100000000-0x0000000140000000, reserved size: 1073741824
[0.014s][info][gc,metaspace] Narrow klass base: 0x0000000000000000, Narrow klass shift: 3, Narrow klass range: 0x140000000
[0.116s][info][gc,start    ] GC(0) Pause Young (Allocation Failure)
[0.118s][info][gc,heap     ] GC(0) PSYoungGen: 512K(1024K)->512K(1024K) Eden: 512K(512K)->0K(512K) From: 0K(512K)->512K(512K)
[0.118s][info][gc,heap     ] GC(0) ParOldGen: 0K(512K)->24K(512K)
[0.118s][info][gc,metaspace] GC(0) Metaspace: 4229K(4352K)->4229K(4352K) NonClass: 3908K(3968K)->3908K(3968K) Class: 321K(384K)->321K(384K)
[0.118s][info][gc          ] GC(0) Pause Young (Allocation Failure) 0M->0M(1M) 1.666ms
[0.118s][info][gc,cpu      ] GC(0) User=0.00s Sys=0.00s Real=0.00s
[0.182s][info][gc,start    ] GC(1) Pause Young (Allocation Failure)
[0.182s][info][gc,heap     ] GC(1) PSYoungGen: 1023K(1024K)->496K(1024K) Eden: 511K(512K)->0K(512K) From: 512K(512K)->496K(512K)
[0.182s][info][gc,heap     ] GC(1) ParOldGen: 24K(512K)->120K(512K)
[0.182s][info][gc,metaspace] GC(1) Metaspace: 5875K(5952K)->5875K(5952K) NonClass: 5379K(5440K)->5379K(5440K) Class: 496K(512K)->496K(512K)
[0.182s][info][gc          ] GC(1) Pause Young (Allocation Failure) 1M->0M(1M) 0.777ms
[0.182s][info][gc,cpu      ] GC(1) User=0.00s Sys=0.00s Real=0.00s
[0.203s][info][gc,start    ] GC(2) Pause Young (Allocation Failure)
[0.203s][info][gc,heap     ] GC(2) PSYoungGen: 1008K(1024K)->512K(1024K) Eden: 512K(512K)->0K(512K) From: 496K(512K)->512K(512K)
[0.203s][info][gc,heap     ] GC(2) ParOldGen: 120K(512K)->268K(512K)
[0.203s][info][gc,metaspace] GC(2) Metaspace: 6293K(6464K)->6293K(6464K) NonClass: 5760K(5824K)->5760K(5824K) Class: 533K(640K)->533K(640K)
[0.204s][info][gc          ] GC(2) Pause Young (Allocation Failure) 1M->0M(1M) 0.734ms
[0.204s][info][gc,cpu      ] GC(2) User=0.00s Sys=0.00s Real=0.00s
[0.205s][info][gc,start    ] GC(3) Pause Young (Allocation Failure)
[0.206s][info][gc,promotion] GC(3) Promotion failed
[0.206s][info][gc,heap     ] GC(3) PSYoungGen: 1023K(1024K)->1023K(1024K) Eden: 511K(512K)->511K(512K) From: 512K(512K)->512K(512K)
[0.206s][info][gc,heap     ] GC(3) ParOldGen: 268K(512K)->508K(512K)
[0.206s][info][gc,metaspace] GC(3) Metaspace: 6295K(6464K)->6295K(6464K) NonClass: 5762K(5824K)->5762K(5824K) Class: 533K(640K)->533K(640K)
[0.206s][info][gc          ] GC(3) Pause Young (Allocation Failure) 1M->1M(1M) 1.056ms
[0.206s][info][gc,cpu      ] GC(3) User=0.00s Sys=0.00s Real=0.00s
[0.206s][info][gc,start    ] GC(4) Pause Full (Ergonomics)
[0.206s][info][gc,phases,start] GC(4) Marking Phase
[0.207s][info][gc,phases      ] GC(4) Marking Phase 0.903ms
[0.207s][info][gc,phases,start] GC(4) Summary Phase
[0.207s][info][gc,phases      ] GC(4) Summary Phase 0.021ms
[0.207s][info][gc,phases,start] GC(4) Adjust Roots
[0.208s][info][gc,phases      ] GC(4) Adjust Roots 0.425ms
[0.208s][info][gc,phases,start] GC(4) Compaction Phase
[0.209s][info][gc,phases      ] GC(4) Compaction Phase 1.495ms
[0.209s][info][gc,phases,start] GC(4) Post Compact
[0.209s][info][gc,phases      ] GC(4) Post Compact 0.097ms
[0.209s][info][gc,heap        ] GC(4) PSYoungGen: 1023K(1024K)->496K(1024K) Eden: 511K(512K)->0K(512K) From: 512K(512K)->496K(512K)
[0.209s][info][gc,heap        ] GC(4) ParOldGen: 508K(512K)->470K(512K)
[0.210s][info][gc,metaspace   ] GC(4) Metaspace: 6295K(6464K)->6295K(6464K) NonClass: 5762K(5824K)->5762K(5824K) Class: 533K(640K)->533K(640K)
[0.210s][info][gc             ] GC(4) Pause Full (Ergonomics) 1M->0M(1M) 3.328ms
[0.210s][info][gc,cpu         ] GC(4) User=0.00s Sys=0.00s Real=0.00s
[0.211s][info][gc,start       ] GC(5) Pause Full (Ergonomics)
[0.211s][info][gc,phases,start] GC(5) Marking Phase
[0.211s][info][gc,phases      ] GC(5) Marking Phase 0.813ms
[0.211s][info][gc,phases,start] GC(5) Summary Phase
[0.211s][info][gc,phases      ] GC(5) Summary Phase 0.014ms
[0.212s][info][gc,phases,start] GC(5) Adjust Roots
[0.212s][info][gc,phases      ] GC(5) Adjust Roots 0.376ms
[0.212s][info][gc,phases,start] GC(5) Compaction Phase
[0.214s][info][gc,phases      ] GC(5) Compaction Phase 1.800ms
[0.214s][info][gc,phases,start] GC(5) Post Compact
[0.214s][info][gc,phases      ] GC(5) Post Compact 0.024ms
[0.214s][info][gc,heap        ] GC(5) PSYoungGen: 1008K(1024K)->746K(1024K) Eden: 512K(512K)->258K(512K) From: 496K(512K)->488K(512K)
[0.214s][info][gc,heap        ] GC(5) ParOldGen: 470K(512K)->470K(512K)
[0.214s][info][gc,metaspace   ] GC(5) Metaspace: 6295K(6464K)->6295K(6464K) NonClass: 5762K(5824K)->5762K(5824K) Class: 533K(640K)->533K(640K)
[0.214s][info][gc             ] GC(5) Pause Full (Ergonomics) 1M->1M(1M) 3.325ms
[0.214s][info][gc,cpu         ] GC(5) User=0.00s Sys=0.00s Real=0.00s
[0.215s][info][gc,start       ] GC(6) Pause Full (Ergonomics)
[0.215s][info][gc,phases,start] GC(6) Marking Phase
[0.216s][info][gc,phases      ] GC(6) Marking Phase 1.410ms
[0.216s][info][gc,phases,start] GC(6) Summary Phase
[0.216s][info][gc,phases      ] GC(6) Summary Phase 0.014ms
[0.216s][info][gc,phases,start] GC(6) Adjust Roots
[0.217s][info][gc,phases      ] GC(6) Adjust Roots 0.420ms
[0.217s][info][gc,phases,start] GC(6) Compaction Phase
[0.218s][info][gc,phases      ] GC(6) Compaction Phase 1.724ms
[0.218s][info][gc,phases,start] GC(6) Post Compact
[0.218s][info][gc,phases      ] GC(6) Post Compact 0.029ms
[0.218s][info][gc,heap        ] GC(6) PSYoungGen: 1000K(1024K)->867K(1024K) Eden: 512K(512K)->382K(512K) From: 488K(512K)->485K(512K)
[0.219s][info][gc,heap        ] GC(6) ParOldGen: 470K(512K)->468K(512K)
[0.219s][info][gc,metaspace   ] GC(6) Metaspace: 6295K(6464K)->6293K(6464K) NonClass: 5762K(5824K)->5761K(5824K) Class: 533K(640K)->532K(640K)
[0.219s][info][gc             ] GC(6) Pause Full (Ergonomics) 1M->1M(1M) 3.902ms
[0.219s][info][gc,cpu         ] GC(6) User=0.00s Sys=0.00s Real=0.00s
[0.219s][info][gc,start       ] GC(7) Pause Full (Ergonomics)
[0.219s][info][gc,phases,start] GC(7) Marking Phase
[0.220s][info][gc,phases      ] GC(7) Marking Phase 0.902ms
[0.220s][info][gc,phases,start] GC(7) Summary Phase
[0.220s][info][gc,phases      ] GC(7) Summary Phase 0.014ms
[0.220s][info][gc,phases,start] GC(7) Adjust Roots
[0.221s][info][gc,phases      ] GC(7) Adjust Roots 0.358ms
[0.221s][info][gc,phases,start] GC(7) Compaction Phase
[0.222s][info][gc,phases      ] GC(7) Compaction Phase 1.458ms
[0.222s][info][gc,phases,start] GC(7) Post Compact
[0.222s][info][gc,phases      ] GC(7) Post Compact 0.026ms
[0.222s][info][gc,heap        ] GC(7) PSYoungGen: 997K(1024K)->929K(1024K) Eden: 512K(512K)->444K(512K) From: 485K(512K)->485K(512K)
[0.222s][info][gc,heap        ] GC(7) ParOldGen: 468K(512K)->468K(512K)
[0.222s][info][gc,metaspace   ] GC(7) Metaspace: 6293K(6464K)->6293K(6464K) NonClass: 5761K(5824K)->5761K(5824K) Class: 532K(640K)->532K(640K)
[0.222s][info][gc             ] GC(7) Pause Full (Ergonomics) 1M->1M(1M) 3.052ms
[0.222s][info][gc,cpu         ] GC(7) User=0.00s Sys=0.00s Real=0.00s
[0.223s][info][gc,start       ] GC(8) Pause Full (Ergonomics)
[0.223s][info][gc,phases,start] GC(8) Marking Phase
[0.224s][info][gc,phases      ] GC(8) Marking Phase 0.867ms
[0.224s][info][gc,phases,start] GC(8) Summary Phase
[0.224s][info][gc,phases      ] GC(8) Summary Phase 0.016ms
[0.224s][info][gc,phases,start] GC(8) Adjust Roots
[0.224s][info][gc,phases      ] GC(8) Adjust Roots 0.512ms
[0.224s][info][gc,phases,start] GC(8) Compaction Phase
[0.226s][info][gc,phases      ] GC(8) Compaction Phase 2.113ms
[0.227s][info][gc,phases,start] GC(8) Post Compact
[0.227s][info][gc,phases      ] GC(8) Post Compact 0.027ms
[0.227s][info][gc,heap        ] GC(8) PSYoungGen: 997K(1024K)->961K(1024K) Eden: 512K(512K)->475K(512K) From: 485K(512K)->485K(512K)
[0.227s][info][gc,heap        ] GC(8) ParOldGen: 468K(512K)->468K(512K)
[0.227s][info][gc,metaspace   ] GC(8) Metaspace: 6293K(6464K)->6293K(6464K) NonClass: 5761K(5824K)->5761K(5824K) Class: 532K(640K)->532K(640K)
[0.227s][info][gc             ] GC(8) Pause Full (Ergonomics) 1M->1M(1M) 3.837ms
[0.227s][info][gc,cpu         ] GC(8) User=0.02s Sys=0.00s Real=0.01s
[0.227s][info][gc,start       ] GC(9) Pause Full (Ergonomics)
[0.227s][info][gc,phases,start] GC(9) Marking Phase
[0.228s][info][gc,phases      ] GC(9) Marking Phase 0.856ms
[0.228s][info][gc,phases,start] GC(9) Summary Phase
[0.228s][info][gc,phases      ] GC(9) Summary Phase 0.015ms
[0.228s][info][gc,phases,start] GC(9) Adjust Roots
[0.228s][info][gc,phases      ] GC(9) Adjust Roots 0.371ms
[0.228s][info][gc,phases,start] GC(9) Compaction Phase
[0.230s][info][gc,phases      ] GC(9) Compaction Phase 1.723ms
[0.230s][info][gc,phases,start] GC(9) Post Compact
[0.230s][info][gc,phases      ] GC(9) Post Compact 0.024ms
[0.230s][info][gc,heap        ] GC(9) PSYoungGen: 997K(1024K)->977K(1024K) Eden: 512K(512K)->492K(512K) From: 485K(512K)->485K(512K)
[0.230s][info][gc,heap        ] GC(9) ParOldGen: 468K(512K)->468K(512K)
[0.230s][info][gc,metaspace   ] GC(9) Metaspace: 6293K(6464K)->6293K(6464K) NonClass: 5761K(5824K)->5761K(5824K) Class: 532K(640K)->532K(640K)
[0.230s][info][gc             ] GC(9) Pause Full (Ergonomics) 1M->1M(1M) 3.246ms
[0.230s][info][gc,cpu         ] GC(9) User=0.00s Sys=0.00s Real=0.00s
[0.231s][info][gc,start       ] GC(10) Pause Full (Ergonomics)
[0.231s][info][gc,phases,start] GC(10) Marking Phase
[0.232s][info][gc,phases      ] GC(10) Marking Phase 0.893ms
[0.232s][info][gc,phases,start] GC(10) Summary Phase
[0.232s][info][gc,phases      ] GC(10) Summary Phase 0.015ms
[0.232s][info][gc,phases,start] GC(10) Adjust Roots
[0.232s][info][gc,phases      ] GC(10) Adjust Roots 0.387ms
[0.232s][info][gc,phases,start] GC(10) Compaction Phase
[0.234s][info][gc,phases      ] GC(10) Compaction Phase 1.454ms
[0.234s][info][gc,phases,start] GC(10) Post Compact
[0.234s][info][gc,phases      ] GC(10) Post Compact 0.024ms
[0.234s][info][gc,heap        ] GC(10) PSYoungGen: 997K(1024K)->985K(1024K) Eden: 512K(512K)->500K(512K) From: 485K(512K)->485K(512K)
[0.234s][info][gc,heap        ] GC(10) ParOldGen: 468K(512K)->468K(512K)
[0.234s][info][gc,metaspace   ] GC(10) Metaspace: 6293K(6464K)->6293K(6464K) NonClass: 5761K(5824K)->5761K(5824K) Class: 532K(640K)->532K(640K)
[0.234s][info][gc             ] GC(10) Pause Full (Ergonomics) 1M->1M(1M) 3.033ms
[0.234s][info][gc,cpu         ] GC(10) User=0.00s Sys=0.00s Real=0.00s
[0.234s][info][gc,start       ] GC(11) Pause Full (Ergonomics)
[0.234s][info][gc,phases,start] GC(11) Marking Phase
[0.235s][info][gc,phases      ] GC(11) Marking Phase 1.055ms
[0.235s][info][gc,phases,start] GC(11) Summary Phase
[0.235s][info][gc,phases      ] GC(11) Summary Phase 0.017ms
[0.235s][info][gc,phases,start] GC(11) Adjust Roots
[0.236s][info][gc,phases      ] GC(11) Adjust Roots 0.437ms
[0.236s][info][gc,phases,start] GC(11) Compaction Phase
[0.238s][info][gc,phases      ] GC(11) Compaction Phase 1.640ms
[0.238s][info][gc,phases,start] GC(11) Post Compact
[0.238s][info][gc,phases      ] GC(11) Post Compact 0.024ms
[0.238s][info][gc,heap        ] GC(11) PSYoungGen: 997K(1024K)->990K(1024K) Eden: 511K(512K)->505K(512K) From: 485K(512K)->485K(512K)
[0.238s][info][gc,heap        ] GC(11) ParOldGen: 468K(512K)->468K(512K)
[0.238s][info][gc,metaspace   ] GC(11) Metaspace: 6293K(6464K)->6293K(6464K) NonClass: 5761K(5824K)->5761K(5824K) Class: 532K(640K)->532K(640K)
[0.238s][info][gc             ] GC(11) Pause Full (Ergonomics) 1M->1M(1M) 3.452ms
[0.238s][info][gc,cpu         ] GC(11) User=0.00s Sys=0.00s Real=0.00s
[0.238s][info][gc,start       ] GC(12) Pause Full (Ergonomics)
[0.238s][info][gc,phases,start] GC(12) Marking Phase
[0.239s][info][gc,phases      ] GC(12) Marking Phase 0.871ms
[0.239s][info][gc,phases,start] GC(12) Summary Phase
[0.239s][info][gc,phases      ] GC(12) Summary Phase 0.015ms
[0.239s][info][gc,phases,start] GC(12) Adjust Roots
[0.240s][info][gc,phases      ] GC(12) Adjust Roots 0.459ms
[0.240s][info][gc,phases,start] GC(12) Compaction Phase
[0.242s][info][gc,phases      ] GC(12) Compaction Phase 1.822ms
[0.242s][info][gc,phases,start] GC(12) Post Compact
[0.242s][info][gc,phases      ] GC(12) Post Compact 0.023ms
[0.242s][info][gc,heap        ] GC(12) PSYoungGen: 997K(1024K)->993K(1024K) Eden: 511K(512K)->508K(512K) From: 485K(512K)->485K(512K)
[0.242s][info][gc,heap        ] GC(12) ParOldGen: 468K(512K)->468K(512K)
[0.242s][info][gc,metaspace   ] GC(12) Metaspace: 6293K(6464K)->6293K(6464K) NonClass: 5761K(5824K)->5761K(5824K) Class: 532K(640K)->532K(640K)
[0.242s][info][gc             ] GC(12) Pause Full (Ergonomics) 1M->1M(1M) 3.486ms
[0.242s][info][gc,cpu         ] GC(12) User=0.02s Sys=0.00s Real=0.00s
[0.242s][info][gc,start       ] GC(13) Pause Full (Ergonomics)
[0.242s][info][gc,phases,start] GC(13) Marking Phase
[0.243s][info][gc,phases      ] GC(13) Marking Phase 1.110ms
[0.243s][info][gc,phases,start] GC(13) Summary Phase
[0.243s][info][gc,phases      ] GC(13) Summary Phase 0.017ms
[0.243s][info][gc,phases,start] GC(13) Adjust Roots
[0.244s][info][gc,phases      ] GC(13) Adjust Roots 0.404ms
[0.244s][info][gc,phases,start] GC(13) Compaction Phase
[0.245s][info][gc,phases      ] GC(13) Compaction Phase 1.643ms
[0.245s][info][gc,phases,start] GC(13) Post Compact
[0.246s][info][gc,phases      ] GC(13) Post Compact 0.023ms
[0.246s][info][gc,heap        ] GC(13) PSYoungGen: 997K(1024K)->994K(1024K) Eden: 511K(512K)->509K(512K) From: 485K(512K)->485K(512K)
[0.246s][info][gc,heap        ] GC(13) ParOldGen: 468K(512K)->468K(512K)
[0.246s][info][gc,metaspace   ] GC(13) Metaspace: 6293K(6464K)->6293K(6464K) NonClass: 5761K(5824K)->5761K(5824K) Class: 532K(640K)->532K(640K)
[0.246s][info][gc             ] GC(13) Pause Full (Ergonomics) 1M->1M(1M) 3.452ms
[0.246s][info][gc,cpu         ] GC(13) User=0.00s Sys=0.00s Real=0.00s
[0.246s][info][gc,start       ] GC(14) Pause Full (Ergonomics)
[0.246s][info][gc,phases,start] GC(14) Marking Phase
[0.247s][info][gc,phases      ] GC(14) Marking Phase 0.825ms
[0.247s][info][gc,phases,start] GC(14) Summary Phase
[0.247s][info][gc,phases      ] GC(14) Summary Phase 0.015ms
[0.247s][info][gc,phases,start] GC(14) Adjust Roots
[0.247s][info][gc,phases      ] GC(14) Adjust Roots 0.390ms
[0.247s][info][gc,phases,start] GC(14) Compaction Phase
[0.249s][info][gc,phases      ] GC(14) Compaction Phase 1.683ms
[0.249s][info][gc,phases,start] GC(14) Post Compact
[0.249s][info][gc,phases      ] GC(14) Post Compact 0.019ms
[0.249s][info][gc,heap        ] GC(14) PSYoungGen: 997K(1024K)->995K(1024K) Eden: 512K(512K)->510K(512K) From: 485K(512K)->485K(512K)
[0.249s][info][gc,heap        ] GC(14) ParOldGen: 468K(512K)->468K(512K)
[0.249s][info][gc,metaspace   ] GC(14) Metaspace: 6293K(6464K)->6293K(6464K) NonClass: 5761K(5824K)->5761K(5824K) Class: 532K(640K)->532K(640K)
[0.249s][info][gc             ] GC(14) Pause Full (Ergonomics) 1M->1M(1M) 3.190ms
[0.249s][info][gc,cpu         ] GC(14) User=0.00s Sys=0.00s Real=0.00s
[0.249s][info][gc,start       ] GC(15) Pause Full (Ergonomics)
[0.249s][info][gc,phases,start] GC(15) Marking Phase
[0.250s][info][gc,phases      ] GC(15) Marking Phase 0.921ms
[0.250s][info][gc,phases,start] GC(15) Summary Phase
[0.250s][info][gc,phases      ] GC(15) Summary Phase 0.018ms
[0.250s][info][gc,phases,start] GC(15) Adjust Roots
[0.251s][info][gc,phases      ] GC(15) Adjust Roots 0.367ms
[0.251s][info][gc,phases,start] GC(15) Compaction Phase
[0.252s][info][gc,phases      ] GC(15) Compaction Phase 1.690ms
[0.252s][info][gc,phases,start] GC(15) Post Compact
[0.252s][info][gc,phases      ] GC(15) Post Compact 0.024ms
[0.252s][info][gc,heap        ] GC(15) PSYoungGen: 997K(1024K)->996K(1024K) Eden: 511K(512K)->511K(512K) From: 485K(512K)->485K(512K)
[0.252s][info][gc,heap        ] GC(15) ParOldGen: 468K(512K)->468K(512K)
[0.253s][info][gc,metaspace   ] GC(15) Metaspace: 6293K(6464K)->6293K(6464K) NonClass: 5761K(5824K)->5761K(5824K) Class: 532K(640K)->532K(640K)
[0.253s][info][gc             ] GC(15) Pause Full (Ergonomics) 1M->1M(1M) 3.287ms
[0.253s][info][gc,cpu         ] GC(15) User=0.00s Sys=0.00s Real=0.00s
[0.253s][info][gc,start       ] GC(16) Pause Full (Ergonomics)
[0.253s][info][gc,phases,start] GC(16) Marking Phase
[0.254s][info][gc,phases      ] GC(16) Marking Phase 0.846ms
[0.254s][info][gc,phases,start] GC(16) Summary Phase
[0.254s][info][gc,phases      ] GC(16) Summary Phase 0.013ms
[0.254s][info][gc,phases,start] GC(16) Adjust Roots
[0.254s][info][gc,phases      ] GC(16) Adjust Roots 0.362ms
[0.254s][info][gc,phases,start] GC(16) Compaction Phase
[0.256s][info][gc,phases      ] GC(16) Compaction Phase 1.764ms
[0.256s][info][gc,phases,start] GC(16) Post Compact
[0.256s][info][gc,phases      ] GC(16) Post Compact 0.023ms
[0.256s][info][gc,heap        ] GC(16) PSYoungGen: 997K(1024K)->996K(1024K) Eden: 511K(512K)->511K(512K) From: 485K(512K)->485K(512K)
[0.256s][info][gc,heap        ] GC(16) ParOldGen: 468K(512K)->468K(512K)
[0.256s][info][gc,metaspace   ] GC(16) Metaspace: 6293K(6464K)->6293K(6464K) NonClass: 5761K(5824K)->5761K(5824K) Class: 532K(640K)->532K(640K)
[0.256s][info][gc             ] GC(16) Pause Full (Ergonomics) 1M->1M(1M) 3.252ms
[0.256s][info][gc,cpu         ] GC(16) User=0.00s Sys=0.00s Real=0.00s
[0.256s][info][gc,start       ] GC(17) Pause Full (Ergonomics)
[0.256s][info][gc,phases,start] GC(17) Marking Phase
[0.257s][info][gc,phases      ] GC(17) Marking Phase 1.018ms
[0.257s][info][gc,phases,start] GC(17) Summary Phase
[0.257s][info][gc,phases      ] GC(17) Summary Phase 0.013ms
[0.257s][info][gc,phases,start] GC(17) Adjust Roots
[0.258s][info][gc,phases      ] GC(17) Adjust Roots 0.374ms
[0.258s][info][gc,phases,start] GC(17) Compaction Phase
[0.259s][info][gc,phases      ] GC(17) Compaction Phase 1.490ms
[0.259s][info][gc,phases,start] GC(17) Post Compact
[0.259s][info][gc,phases      ] GC(17) Post Compact 0.023ms
[0.259s][info][gc,heap        ] GC(17) PSYoungGen: 997K(1024K)->997K(1024K) Eden: 512K(512K)->511K(512K) From: 485K(512K)->485K(512K)
[0.259s][info][gc,heap        ] GC(17) ParOldGen: 468K(512K)->468K(512K)
[0.259s][info][gc,metaspace   ] GC(17) Metaspace: 6293K(6464K)->6293K(6464K) NonClass: 5761K(5824K)->5761K(5824K) Class: 532K(640K)->532K(640K)
[0.259s][info][gc             ] GC(17) Pause Full (Ergonomics) 1M->1M(1M) 3.177ms
[0.259s][info][gc,cpu         ] GC(17) User=0.00s Sys=0.00s Real=0.00s
[0.260s][info][gc,start       ] GC(18) Pause Full (Ergonomics)
[0.260s][info][gc,phases,start] GC(18) Marking Phase
[0.261s][info][gc,phases      ] GC(18) Marking Phase 0.859ms
[0.261s][info][gc,phases,start] GC(18) Summary Phase
[0.261s][info][gc,phases      ] GC(18) Summary Phase 0.015ms
[0.261s][info][gc,phases,start] GC(18) Adjust Roots
[0.261s][info][gc,phases      ] GC(18) Adjust Roots 0.374ms
[0.261s][info][gc,phases,start] GC(18) Compaction Phase
[0.263s][info][gc,phases      ] GC(18) Compaction Phase 1.564ms
[0.263s][info][gc,phases,start] GC(18) Post Compact
[0.263s][info][gc,phases      ] GC(18) Post Compact 0.023ms
[0.263s][info][gc,heap        ] GC(18) PSYoungGen: 997K(1024K)->997K(1024K) Eden: 512K(512K)->511K(512K) From: 485K(512K)->485K(512K)
[0.263s][info][gc,heap        ] GC(18) ParOldGen: 468K(512K)->468K(512K)
[0.263s][info][gc,metaspace   ] GC(18) Metaspace: 6293K(6464K)->6293K(6464K) NonClass: 5761K(5824K)->5761K(5824K) Class: 532K(640K)->532K(640K)
[0.263s][info][gc             ] GC(18) Pause Full (Ergonomics) 1M->1M(1M) 3.066ms
[0.263s][info][gc,cpu         ] GC(18) User=0.00s Sys=0.00s Real=0.00s
[0.263s][info][gc,start       ] GC(19) Pause Full (Ergonomics)
[0.263s][info][gc,phases,start] GC(19) Marking Phase
[0.264s][info][gc,phases      ] GC(19) Marking Phase 0.959ms
[0.264s][info][gc,phases,start] GC(19) Summary Phase
[0.264s][info][gc,phases      ] GC(19) Summary Phase 0.017ms
[0.264s][info][gc,phases,start] GC(19) Adjust Roots
[0.265s][info][gc,phases      ] GC(19) Adjust Roots 0.391ms
[0.265s][info][gc,phases,start] GC(19) Compaction Phase
[0.266s][info][gc,phases      ] GC(19) Compaction Phase 1.463ms
[0.266s][info][gc,phases,start] GC(19) Post Compact
[0.266s][info][gc,phases      ] GC(19) Post Compact 0.023ms
[0.266s][info][gc,heap        ] GC(19) PSYoungGen: 997K(1024K)->997K(1024K) Eden: 512K(512K)->512K(512K) From: 485K(512K)->485K(512K)
[0.266s][info][gc,heap        ] GC(19) ParOldGen: 468K(512K)->468K(512K)
[0.266s][info][gc,metaspace   ] GC(19) Metaspace: 6293K(6464K)->6293K(6464K) NonClass: 5761K(5824K)->5761K(5824K) Class: 532K(640K)->532K(640K)
[0.266s][info][gc             ] GC(19) Pause Full (Ergonomics) 1M->1M(1M) 3.105ms
[0.266s][info][gc,cpu         ] GC(19) User=0.00s Sys=0.00s Real=0.00s
[0.266s][info][gc,start       ] GC(20) Pause Full (Ergonomics)
[0.266s][info][gc,phases,start] GC(20) Marking Phase
[0.267s][info][gc,phases      ] GC(20) Marking Phase 0.895ms
[0.267s][info][gc,phases,start] GC(20) Summary Phase
[0.267s][info][gc,phases      ] GC(20) Summary Phase 0.013ms
[0.267s][info][gc,phases,start] GC(20) Adjust Roots
[0.268s][info][gc,phases      ] GC(20) Adjust Roots 0.380ms
[0.268s][info][gc,phases,start] GC(20) Compaction Phase
[0.270s][info][gc,phases      ] GC(20) Compaction Phase 1.760ms
[0.270s][info][gc,phases,start] GC(20) Post Compact
[0.270s][info][gc,phases      ] GC(20) Post Compact 0.023ms
[0.270s][info][gc,heap        ] GC(20) PSYoungGen: 997K(1024K)->997K(1024K) Eden: 512K(512K)->511K(512K) From: 485K(512K)->485K(512K)
[0.270s][info][gc,heap        ] GC(20) ParOldGen: 474K(512K)->471K(512K)
[0.270s][info][gc,metaspace   ] GC(20) Metaspace: 6293K(6464K)->6293K(6464K) NonClass: 5761K(5824K)->5761K(5824K) Class: 532K(640K)->532K(640K)
[0.270s][info][gc             ] GC(20) Pause Full (Ergonomics) 1M->1M(1M) 3.316ms
[0.270s][info][gc,cpu         ] GC(20) User=0.00s Sys=0.00s Real=0.00s
[0.270s][info][gc,start       ] GC(21) Pause Full (Ergonomics)
[0.270s][info][gc,phases,start] GC(21) Marking Phase
[0.271s][info][gc,phases      ] GC(21) Marking Phase 0.869ms
[0.271s][info][gc,phases,start] GC(21) Summary Phase
[0.271s][info][gc,phases      ] GC(21) Summary Phase 0.015ms
[0.271s][info][gc,phases,start] GC(21) Adjust Roots
[0.271s][info][gc,phases      ] GC(21) Adjust Roots 0.361ms
[0.271s][info][gc,phases,start] GC(21) Compaction Phase
[0.273s][info][gc,phases      ] GC(21) Compaction Phase 1.481ms
[0.273s][info][gc,phases,start] GC(21) Post Compact
[0.273s][info][gc,phases      ] GC(21) Post Compact 0.026ms
[0.273s][info][gc,heap        ] GC(21) PSYoungGen: 997K(1024K)->997K(1024K) Eden: 511K(512K)->511K(512K) From: 485K(512K)->485K(512K)
[0.273s][info][gc,heap        ] GC(21) ParOldGen: 471K(512K)->471K(512K)
[0.273s][info][gc,metaspace   ] GC(21) Metaspace: 6293K(6464K)->6293K(6464K) NonClass: 5761K(5824K)->5761K(5824K) Class: 532K(640K)->532K(640K)
[0.273s][info][gc             ] GC(21) Pause Full (Ergonomics) 1M->1M(1M) 3.016ms
[0.273s][info][gc,cpu         ] GC(21) User=0.02s Sys=0.00s Real=0.00s
[0.273s][info][gc,start       ] GC(22) Pause Full (Ergonomics)
[0.273s][info][gc,phases,start] GC(22) Marking Phase
[0.274s][info][gc,phases      ] GC(22) Marking Phase 0.827ms
[0.274s][info][gc,phases,start] GC(22) Summary Phase
[0.274s][info][gc,phases      ] GC(22) Summary Phase 0.017ms
[0.274s][info][gc,phases,start] GC(22) Adjust Roots
[0.275s][info][gc,phases      ] GC(22) Adjust Roots 0.340ms
[0.275s][info][gc,phases,start] GC(22) Compaction Phase
[0.276s][info][gc,phases      ] GC(22) Compaction Phase 1.751ms
[0.276s][info][gc,phases,start] GC(22) Post Compact
[0.277s][info][gc,phases      ] GC(22) Post Compact 0.104ms
[0.277s][info][gc,heap        ] GC(22) PSYoungGen: 997K(1024K)->997K(1024K) Eden: 512K(512K)->511K(512K) From: 485K(512K)->485K(512K)
[0.277s][info][gc,heap        ] GC(22) ParOldGen: 477K(512K)->474K(512K)
[0.277s][info][gc,metaspace   ] GC(22) Metaspace: 6293K(6464K)->6293K(6464K) NonClass: 5761K(5824K)->5761K(5824K) Class: 532K(640K)->532K(640K)
[0.277s][info][gc             ] GC(22) Pause Full (Ergonomics) 1M->1M(1M) 3.375ms
[0.277s][info][gc,cpu         ] GC(22) User=0.00s Sys=0.00s Real=0.00s
[0.277s][info][gc,start       ] GC(23) Pause Full (Ergonomics)
[0.277s][info][gc,phases,start] GC(23) Marking Phase
[0.278s][info][gc,phases      ] GC(23) Marking Phase 0.796ms
[0.278s][info][gc,phases,start] GC(23) Summary Phase
[0.278s][info][gc,phases      ] GC(23) Summary Phase 0.013ms
[0.278s][info][gc,phases,start] GC(23) Adjust Roots
[0.278s][info][gc,phases      ] GC(23) Adjust Roots 0.423ms
[0.278s][info][gc,phases,start] GC(23) Compaction Phase
[0.280s][info][gc,phases      ] GC(23) Compaction Phase 1.498ms
[0.280s][info][gc,phases,start] GC(23) Post Compact
[0.280s][info][gc,phases      ] GC(23) Post Compact 0.024ms
[0.280s][info][gc,heap        ] GC(23) PSYoungGen: 997K(1024K)->997K(1024K) Eden: 511K(512K)->511K(512K) From: 485K(512K)->485K(512K)
[0.280s][info][gc,heap        ] GC(23) ParOldGen: 480K(512K)->477K(512K)
[0.280s][info][gc,metaspace   ] GC(23) Metaspace: 6293K(6464K)->6293K(6464K) NonClass: 5761K(5824K)->5761K(5824K) Class: 532K(640K)->532K(640K)
[0.280s][info][gc             ] GC(23) Pause Full (Ergonomics) 1M->1M(1M) 2.975ms
[0.280s][info][gc,cpu         ] GC(23) User=0.00s Sys=0.00s Real=0.00s
[0.280s][info][gc,start       ] GC(24) Pause Full (Ergonomics)
[0.280s][info][gc,phases,start] GC(24) Marking Phase
[0.281s][info][gc,phases      ] GC(24) Marking Phase 0.829ms
[0.281s][info][gc,phases,start] GC(24) Summary Phase
[0.281s][info][gc,phases      ] GC(24) Summary Phase 0.016ms
[0.281s][info][gc,phases,start] GC(24) Adjust Roots
[0.281s][info][gc,phases      ] GC(24) Adjust Roots 0.283ms
[0.281s][info][gc,phases,start] GC(24) Compaction Phase
[0.284s][info][gc,phases      ] GC(24) Compaction Phase 2.095ms
[0.284s][info][gc,phases,start] GC(24) Post Compact
[0.284s][info][gc,phases      ] GC(24) Post Compact 0.024ms
[0.284s][info][gc,heap        ] GC(24) PSYoungGen: 997K(1024K)->997K(1024K) Eden: 511K(512K)->511K(512K) From: 485K(512K)->485K(512K)
[0.284s][info][gc,heap        ] GC(24) ParOldGen: 483K(512K)->480K(512K)
[0.284s][info][gc,metaspace   ] GC(24) Metaspace: 6293K(6464K)->6293K(6464K) NonClass: 5761K(5824K)->5761K(5824K) Class: 532K(640K)->532K(640K)
[0.284s][info][gc             ] GC(24) Pause Full (Ergonomics) 1M->1M(1M) 3.437ms
[0.284s][info][gc,cpu         ] GC(24) User=0.00s Sys=0.00s Real=0.00s
[0.284s][info][gc,start       ] GC(25) Pause Full (Ergonomics)
[0.284s][info][gc,phases,start] GC(25) Marking Phase
[0.285s][info][gc,phases      ] GC(25) Marking Phase 0.731ms
[0.285s][info][gc,phases,start] GC(25) Summary Phase
[0.285s][info][gc,phases      ] GC(25) Summary Phase 0.016ms
[0.285s][info][gc,phases,start] GC(25) Adjust Roots
[0.285s][info][gc,phases      ] GC(25) Adjust Roots 0.366ms
[0.285s][info][gc,phases,start] GC(25) Compaction Phase
[0.287s][info][gc,phases      ] GC(25) Compaction Phase 1.706ms
[0.287s][info][gc,phases,start] GC(25) Post Compact
[0.287s][info][gc,phases      ] GC(25) Post Compact 0.024ms
[0.287s][info][gc,heap        ] GC(25) PSYoungGen: 997K(1024K)->997K(1024K) Eden: 511K(512K)->511K(512K) From: 485K(512K)->485K(512K)
[0.287s][info][gc,heap        ] GC(25) ParOldGen: 485K(512K)->483K(512K)
[0.287s][info][gc,metaspace   ] GC(25) Metaspace: 6293K(6464K)->6293K(6464K) NonClass: 5761K(5824K)->5761K(5824K) Class: 532K(640K)->532K(640K)
[0.287s][info][gc             ] GC(25) Pause Full (Ergonomics) 1M->1M(1M) 3.056ms
[0.287s][info][gc,cpu         ] GC(25) User=0.00s Sys=0.00s Real=0.00s
[0.287s][info][gc,start       ] GC(26) Pause Full (Ergonomics)
[0.287s][info][gc,phases,start] GC(26) Marking Phase
[0.288s][info][gc,phases      ] GC(26) Marking Phase 0.810ms
[0.288s][info][gc,phases,start] GC(26) Summary Phase
[0.288s][info][gc,phases      ] GC(26) Summary Phase 0.016ms
[0.288s][info][gc,phases,start] GC(26) Adjust Roots
[0.289s][info][gc,phases      ] GC(26) Adjust Roots 0.345ms
[0.289s][info][gc,phases,start] GC(26) Compaction Phase
[0.290s][info][gc,phases      ] GC(26) Compaction Phase 1.628ms
[0.290s][info][gc,phases,start] GC(26) Post Compact
[0.290s][info][gc,phases      ] GC(26) Post Compact 0.020ms
[0.290s][info][gc,heap        ] GC(26) PSYoungGen: 997K(1024K)->997K(1024K) Eden: 511K(512K)->511K(512K) From: 485K(512K)->485K(512K)
[0.290s][info][gc,heap        ] GC(26) ParOldGen: 488K(512K)->485K(512K)
[0.290s][info][gc,metaspace   ] GC(26) Metaspace: 6293K(6464K)->6293K(6464K) NonClass: 5761K(5824K)->5761K(5824K) Class: 532K(640K)->532K(640K)
[0.290s][info][gc             ] GC(26) Pause Full (Ergonomics) 1M->1M(1M) 3.086ms
[0.290s][info][gc,cpu         ] GC(26) User=0.00s Sys=0.00s Real=0.00s
[0.291s][info][gc,start       ] GC(27) Pause Full (Ergonomics)
[0.291s][info][gc,phases,start] GC(27) Marking Phase
[0.291s][info][gc,phases      ] GC(27) Marking Phase 0.759ms
[0.291s][info][gc,phases,start] GC(27) Summary Phase
[0.291s][info][gc,phases      ] GC(27) Summary Phase 0.013ms
[0.291s][info][gc,phases,start] GC(27) Adjust Roots
[0.292s][info][gc,phases      ] GC(27) Adjust Roots 0.352ms
[0.292s][info][gc,phases,start] GC(27) Compaction Phase
[0.293s][info][gc,phases      ] GC(27) Compaction Phase 1.659ms
[0.293s][info][gc,phases,start] GC(27) Post Compact
[0.293s][info][gc,phases      ] GC(27) Post Compact 0.020ms
[0.293s][info][gc,heap        ] GC(27) PSYoungGen: 997K(1024K)->997K(1024K) Eden: 511K(512K)->511K(512K) From: 485K(512K)->485K(512K)
[0.293s][info][gc,heap        ] GC(27) ParOldGen: 491K(512K)->488K(512K)
[0.293s][info][gc,metaspace   ] GC(27) Metaspace: 6293K(6464K)->6293K(6464K) NonClass: 5761K(5824K)->5761K(5824K) Class: 532K(640K)->532K(640K)
[0.294s][info][gc             ] GC(27) Pause Full (Ergonomics) 1M->1M(1M) 2.990ms
[0.294s][info][gc,cpu         ] GC(27) User=0.00s Sys=0.00s Real=0.00s
[0.294s][info][gc,start       ] GC(28) Pause Full (Ergonomics)
[0.294s][info][gc,phases,start] GC(28) Marking Phase
[0.295s][info][gc,phases      ] GC(28) Marking Phase 0.741ms
[0.295s][info][gc,phases,start] GC(28) Summary Phase
[0.295s][info][gc,phases      ] GC(28) Summary Phase 0.047ms
[0.295s][info][gc,phases,start] GC(28) Adjust Roots
[0.295s][info][gc,phases      ] GC(28) Adjust Roots 0.318ms
[0.295s][info][gc,phases,start] GC(28) Compaction Phase
[0.297s][info][gc,phases      ] GC(28) Compaction Phase 1.541ms
[0.297s][info][gc,phases,start] GC(28) Post Compact
[0.297s][info][gc,phases      ] GC(28) Post Compact 0.019ms
[0.297s][info][gc,heap        ] GC(28) PSYoungGen: 997K(1024K)->997K(1024K) Eden: 511K(512K)->511K(512K) From: 485K(512K)->485K(512K)
[0.297s][info][gc,heap        ] GC(28) ParOldGen: 494K(512K)->491K(512K)
[0.297s][info][gc,metaspace   ] GC(28) Metaspace: 6293K(6464K)->6293K(6464K) NonClass: 5761K(5824K)->5761K(5824K) Class: 532K(640K)->532K(640K)
[0.297s][info][gc             ] GC(28) Pause Full (Ergonomics) 1M->1M(1M) 2.853ms
[0.297s][info][gc,cpu         ] GC(28) User=0.00s Sys=0.00s Real=0.00s
[0.297s][info][gc,start       ] GC(29) Pause Full (Ergonomics)
[0.297s][info][gc,phases,start] GC(29) Marking Phase
[0.298s][info][gc,phases      ] GC(29) Marking Phase 0.723ms
[0.298s][info][gc,phases,start] GC(29) Summary Phase
[0.298s][info][gc,phases      ] GC(29) Summary Phase 0.015ms
[0.298s][info][gc,phases,start] GC(29) Adjust Roots
[0.298s][info][gc,phases      ] GC(29) Adjust Roots 0.304ms
[0.298s][info][gc,phases,start] GC(29) Compaction Phase
[0.300s][info][gc,phases      ] GC(29) Compaction Phase 1.769ms
[0.300s][info][gc,phases,start] GC(29) Post Compact
[0.300s][info][gc,phases      ] GC(29) Post Compact 0.023ms
[0.300s][info][gc,heap        ] GC(29) PSYoungGen: 997K(1024K)->997K(1024K) Eden: 511K(512K)->511K(512K) From: 485K(512K)->485K(512K)
[0.300s][info][gc,heap        ] GC(29) ParOldGen: 497K(512K)->494K(512K)
[0.300s][info][gc,metaspace   ] GC(29) Metaspace: 6293K(6464K)->6293K(6464K) NonClass: 5761K(5824K)->5761K(5824K) Class: 532K(640K)->532K(640K)
[0.300s][info][gc             ] GC(29) Pause Full (Ergonomics) 1M->1M(1M) 3.030ms
[0.300s][info][gc,cpu         ] GC(29) User=0.00s Sys=0.00s Real=0.00s
[0.300s][info][gc,start       ] GC(30) Pause Full (Ergonomics)
[0.300s][info][gc,phases,start] GC(30) Marking Phase
[0.301s][info][gc,phases      ] GC(30) Marking Phase 0.772ms
[0.301s][info][gc,phases,start] GC(30) Summary Phase
[0.301s][info][gc,phases      ] GC(30) Summary Phase 0.016ms
[0.301s][info][gc,phases,start] GC(30) Adjust Roots
[0.301s][info][gc,phases      ] GC(30) Adjust Roots 0.360ms
[0.301s][info][gc,phases,start] GC(30) Compaction Phase
[0.303s][info][gc,phases      ] GC(30) Compaction Phase 1.637ms
[0.303s][info][gc,phases,start] GC(30) Post Compact
[0.303s][info][gc,phases      ] GC(30) Post Compact 0.025ms
[0.303s][info][gc,heap        ] GC(30) PSYoungGen: 997K(1024K)->997K(1024K) Eden: 511K(512K)->511K(512K) From: 485K(512K)->485K(512K)
[0.303s][info][gc,heap        ] GC(30) ParOldGen: 499K(512K)->497K(512K)
[0.303s][info][gc,metaspace   ] GC(30) Metaspace: 6293K(6464K)->6293K(6464K) NonClass: 5761K(5824K)->5761K(5824K) Class: 532K(640K)->532K(640K)
[0.303s][info][gc             ] GC(30) Pause Full (Ergonomics) 1M->1M(1M) 3.023ms
[0.303s][info][gc,cpu         ] GC(30) User=0.02s Sys=0.00s Real=0.00s
[0.303s][info][gc,start       ] GC(31) Pause Full (Ergonomics)
[0.303s][info][gc,phases,start] GC(31) Marking Phase
[0.304s][info][gc,phases      ] GC(31) Marking Phase 0.808ms
[0.304s][info][gc,phases,start] GC(31) Summary Phase
[0.304s][info][gc,phases      ] GC(31) Summary Phase 0.015ms
[0.304s][info][gc,phases,start] GC(31) Adjust Roots
[0.305s][info][gc,phases      ] GC(31) Adjust Roots 0.350ms
[0.305s][info][gc,phases,start] GC(31) Compaction Phase
[0.306s][info][gc,phases      ] GC(31) Compaction Phase 1.541ms
[0.306s][info][gc,phases,start] GC(31) Post Compact
[0.306s][info][gc,phases      ] GC(31) Post Compact 0.017ms
[0.306s][info][gc,heap        ] GC(31) PSYoungGen: 997K(1024K)->997K(1024K) Eden: 511K(512K)->511K(512K) From: 485K(512K)->485K(512K)
[0.306s][info][gc,heap        ] GC(31) ParOldGen: 502K(512K)->499K(512K)
[0.306s][info][gc,metaspace   ] GC(31) Metaspace: 6293K(6464K)->6293K(6464K) NonClass: 5761K(5824K)->5761K(5824K) Class: 532K(640K)->532K(640K)
[0.306s][info][gc             ] GC(31) Pause Full (Ergonomics) 1M->1M(1M) 2.906ms
[0.306s][info][gc,cpu         ] GC(31) User=0.00s Sys=0.00s Real=0.00s
[0.307s][info][gc,start       ] GC(32) Pause Full (Ergonomics)
[0.307s][info][gc,phases,start] GC(32) Marking Phase
[0.307s][info][gc,phases      ] GC(32) Marking Phase 0.794ms
[0.307s][info][gc,phases,start] GC(32) Summary Phase
[0.307s][info][gc,phases      ] GC(32) Summary Phase 0.031ms
[0.307s][info][gc,phases,start] GC(32) Adjust Roots
[0.308s][info][gc,phases      ] GC(32) Adjust Roots 0.370ms
[0.308s][info][gc,phases,start] GC(32) Compaction Phase
[0.309s][info][gc,phases      ] GC(32) Compaction Phase 1.617ms
[0.309s][info][gc,phases,start] GC(32) Post Compact
[0.309s][info][gc,phases      ] GC(32) Post Compact 0.020ms
[0.309s][info][gc,heap        ] GC(32) PSYoungGen: 997K(1024K)->997K(1024K) Eden: 511K(512K)->511K(512K) From: 485K(512K)->485K(512K)
[0.309s][info][gc,heap        ] GC(32) ParOldGen: 505K(512K)->502K(512K)
[0.310s][info][gc,metaspace   ] GC(32) Metaspace: 6293K(6464K)->6293K(6464K) NonClass: 5761K(5824K)->5761K(5824K) Class: 532K(640K)->532K(640K)
[0.310s][info][gc             ] GC(32) Pause Full (Ergonomics) 1M->1M(1M) 2.997ms
[0.310s][info][gc,cpu         ] GC(32) User=0.00s Sys=0.00s Real=0.00s
[0.310s][info][gc,start       ] GC(33) Pause Full (Ergonomics)
[0.310s][info][gc,phases,start] GC(33) Marking Phase
[0.310s][info][gc,phases      ] GC(33) Marking Phase 0.732ms
[0.311s][info][gc,phases,start] GC(33) Summary Phase
[0.311s][info][gc,phases      ] GC(33) Summary Phase 0.020ms
[0.311s][info][gc,phases,start] GC(33) Adjust Roots
[0.311s][info][gc,phases      ] GC(33) Adjust Roots 0.279ms
[0.311s][info][gc,phases,start] GC(33) Compaction Phase
[0.312s][info][gc,phases      ] GC(33) Compaction Phase 1.452ms
[0.312s][info][gc,phases,start] GC(33) Post Compact
[0.312s][info][gc,phases      ] GC(33) Post Compact 0.020ms
[0.312s][info][gc,heap        ] GC(33) PSYoungGen: 997K(1024K)->997K(1024K) Eden: 511K(512K)->511K(512K) From: 485K(512K)->485K(512K)
[0.312s][info][gc,heap        ] GC(33) ParOldGen: 508K(512K)->505K(512K)
[0.312s][info][gc,metaspace   ] GC(33) Metaspace: 6293K(6464K)->6293K(6464K) NonClass: 5761K(5824K)->5761K(5824K) Class: 532K(640K)->532K(640K)
[0.312s][info][gc             ] GC(33) Pause Full (Ergonomics) 1M->1M(1M) 2.692ms
[0.312s][info][gc,cpu         ] GC(33) User=0.00s Sys=0.00s Real=0.00s
[0.313s][info][gc,start       ] GC(34) Pause Full (Ergonomics)
[0.313s][info][gc,phases,start] GC(34) Marking Phase
[0.313s][info][gc,phases      ] GC(34) Marking Phase 0.767ms
[0.313s][info][gc,phases,start] GC(34) Summary Phase
[0.313s][info][gc,phases      ] GC(34) Summary Phase 0.016ms
[0.313s][info][gc,phases,start] GC(34) Adjust Roots
[0.314s][info][gc,phases      ] GC(34) Adjust Roots 0.303ms
[0.314s][info][gc,phases,start] GC(34) Compaction Phase
[0.315s][info][gc,phases      ] GC(34) Compaction Phase 1.523ms
[0.315s][info][gc,phases,start] GC(34) Post Compact
[0.315s][info][gc,phases      ] GC(34) Post Compact 0.019ms
[0.315s][info][gc,heap        ] GC(34) PSYoungGen: 997K(1024K)->997K(1024K) Eden: 511K(512K)->511K(512K) From: 485K(512K)->485K(512K)
[0.315s][info][gc,heap        ] GC(34) ParOldGen: 511K(512K)->508K(512K)
[0.315s][info][gc,metaspace   ] GC(34) Metaspace: 6293K(6464K)->6293K(6464K) NonClass: 5761K(5824K)->5761K(5824K) Class: 532K(640K)->532K(640K)
[0.315s][info][gc             ] GC(34) Pause Full (Ergonomics) 1M->1M(1M) 2.796ms
[0.315s][info][gc,cpu         ] GC(34) User=0.00s Sys=0.00s Real=0.00s
[0.316s][info][gc,start       ] GC(35) Pause Full (Ergonomics)
[0.316s][info][gc,phases,start] GC(35) Marking Phase
[0.316s][info][gc,phases      ] GC(35) Marking Phase 0.765ms
[0.316s][info][gc,phases,start] GC(35) Summary Phase
[0.317s][info][gc,phases      ] GC(35) Summary Phase 0.016ms
[0.317s][info][gc,phases,start] GC(35) Adjust Roots
[0.317s][info][gc,phases      ] GC(35) Adjust Roots 0.291ms
[0.317s][info][gc,phases,start] GC(35) Compaction Phase
[0.318s][info][gc,phases      ] GC(35) Compaction Phase 1.467ms
[0.318s][info][gc,phases,start] GC(35) Post Compact
[0.318s][info][gc,phases      ] GC(35) Post Compact 0.021ms
[0.318s][info][gc,heap        ] GC(35) PSYoungGen: 997K(1024K)->997K(1024K) Eden: 511K(512K)->511K(512K) From: 485K(512K)->485K(512K)
[0.318s][info][gc,heap        ] GC(35) ParOldGen: 511K(512K)->510K(512K)
[0.318s][info][gc,metaspace   ] GC(35) Metaspace: 6293K(6464K)->6293K(6464K) NonClass: 5761K(5824K)->5761K(5824K) Class: 532K(640K)->532K(640K)
[0.318s][info][gc             ] GC(35) Pause Full (Ergonomics) 1M->1M(1M) 2.739ms
[0.318s][info][gc,cpu         ] GC(35) User=0.02s Sys=0.00s Real=0.00s
[0.319s][info][gc,start       ] GC(36) Pause Full (Ergonomics)
[0.319s][info][gc,phases,start] GC(36) Marking Phase
[0.319s][info][gc,phases      ] GC(36) Marking Phase 0.765ms
[0.319s][info][gc,phases,start] GC(36) Summary Phase
[0.319s][info][gc,phases      ] GC(36) Summary Phase 0.015ms
[0.319s][info][gc,phases,start] GC(36) Adjust Roots
[0.320s][info][gc,phases      ] GC(36) Adjust Roots 0.320ms
[0.320s][info][gc,phases,start] GC(36) Compaction Phase
[0.321s][info][gc,phases      ] GC(36) Compaction Phase 1.589ms
[0.321s][info][gc,phases,start] GC(36) Post Compact
[0.321s][info][gc,phases      ] GC(36) Post Compact 0.019ms
[0.321s][info][gc,heap        ] GC(36) PSYoungGen: 997K(1024K)->997K(1024K) Eden: 511K(512K)->511K(512K) From: 485K(512K)->485K(512K)
[0.321s][info][gc,heap        ] GC(36) ParOldGen: 511K(512K)->511K(512K)
[0.322s][info][gc,metaspace   ] GC(36) Metaspace: 6293K(6464K)->6293K(6464K) NonClass: 5761K(5824K)->5761K(5824K) Class: 532K(640K)->532K(640K)
[0.322s][info][gc             ] GC(36) Pause Full (Ergonomics) 1M->1M(1M) 2.889ms
[0.322s][info][gc,cpu         ] GC(36) User=0.00s Sys=0.00s Real=0.00s
[0.322s][info][gc,start       ] GC(37) Pause Full (Ergonomics)
[0.322s][info][gc,phases,start] GC(37) Marking Phase
[0.322s][info][gc,phases      ] GC(37) Marking Phase 0.763ms
[0.323s][info][gc,phases,start] GC(37) Summary Phase
[0.323s][info][gc,phases      ] GC(37) Summary Phase 0.016ms
[0.323s][info][gc,phases,start] GC(37) Adjust Roots
[0.323s][info][gc,phases      ] GC(37) Adjust Roots 0.332ms
[0.323s][info][gc,phases,start] GC(37) Compaction Phase
[0.325s][info][gc,phases      ] GC(37) Compaction Phase 1.607ms
[0.325s][info][gc,phases,start] GC(37) Post Compact
[0.325s][info][gc,phases      ] GC(37) Post Compact 0.016ms
[0.325s][info][gc,heap        ] GC(37) PSYoungGen: 997K(1024K)->997K(1024K) Eden: 511K(512K)->511K(512K) From: 485K(512K)->485K(512K)
[0.325s][info][gc,heap        ] GC(37) ParOldGen: 511K(512K)->511K(512K)
[0.325s][info][gc,metaspace   ] GC(37) Metaspace: 6293K(6464K)->6293K(6464K) NonClass: 5761K(5824K)->5761K(5824K) Class: 532K(640K)->532K(640K)
[0.325s][info][gc             ] GC(37) Pause Full (Ergonomics) 1M->1M(1M) 2.893ms
[0.325s][info][gc,cpu         ] GC(37) User=0.00s Sys=0.00s Real=0.00s
[0.325s][info][gc,start       ] GC(38) Pause Full (Ergonomics)
[0.325s][info][gc,phases,start] GC(38) Marking Phase
[0.326s][info][gc,phases      ] GC(38) Marking Phase 0.732ms
[0.326s][info][gc,phases,start] GC(38) Summary Phase
[0.326s][info][gc,phases      ] GC(38) Summary Phase 0.014ms
[0.326s][info][gc,phases,start] GC(38) Adjust Roots
[0.326s][info][gc,phases      ] GC(38) Adjust Roots 0.349ms
[0.326s][info][gc,phases,start] GC(38) Compaction Phase
[0.328s][info][gc,phases      ] GC(38) Compaction Phase 1.651ms
[0.328s][info][gc,phases,start] GC(38) Post Compact
[0.328s][info][gc,phases      ] GC(38) Post Compact 0.016ms
[0.328s][info][gc,heap        ] GC(38) PSYoungGen: 997K(1024K)->997K(1024K) Eden: 511K(512K)->511K(512K) From: 485K(512K)->485K(512K)
[0.328s][info][gc,heap        ] GC(38) ParOldGen: 511K(512K)->511K(512K)
[0.328s][info][gc,metaspace   ] GC(38) Metaspace: 6293K(6464K)->6293K(6464K) NonClass: 5761K(5824K)->5761K(5824K) Class: 532K(640K)->532K(640K)
[0.328s][info][gc             ] GC(38) Pause Full (Ergonomics) 1M->1M(1M) 2.932ms
[0.328s][info][gc,cpu         ] GC(38) User=0.00s Sys=0.00s Real=0.00s
[0.328s][info][gc,start       ] GC(39) Pause Full (Ergonomics)
[0.328s][info][gc,phases,start] GC(39) Marking Phase
[0.329s][info][gc,phases      ] GC(39) Marking Phase 0.683ms
[0.329s][info][gc,phases,start] GC(39) Summary Phase
[0.329s][info][gc,phases      ] GC(39) Summary Phase 0.012ms
[0.329s][info][gc,phases,start] GC(39) Adjust Roots
[0.329s][info][gc,phases      ] GC(39) Adjust Roots 0.293ms
[0.329s][info][gc,phases,start] GC(39) Compaction Phase
[0.330s][info][gc,phases      ] GC(39) Compaction Phase 1.289ms
[0.330s][info][gc,phases,start] GC(39) Post Compact
[0.330s][info][gc,phases      ] GC(39) Post Compact 0.016ms
[0.330s][info][gc,heap        ] GC(39) PSYoungGen: 997K(1024K)->997K(1024K) Eden: 511K(512K)->511K(512K) From: 485K(512K)->485K(512K)
[0.330s][info][gc,heap        ] GC(39) ParOldGen: 512K(512K)->511K(512K)
[0.330s][info][gc,metaspace   ] GC(39) Metaspace: 6293K(6464K)->6293K(6464K) NonClass: 5761K(5824K)->5761K(5824K) Class: 532K(640K)->532K(640K)
[0.330s][info][gc             ] GC(39) Pause Full (Ergonomics) 1M->1M(1M) 2.436ms
[0.330s][info][gc,cpu         ] GC(39) User=0.00s Sys=0.00s Real=0.00s
[0.331s][info][gc,start       ] GC(40) Pause Full (Ergonomics)
[0.331s][info][gc,phases,start] GC(40) Marking Phase
[0.331s][info][gc,phases      ] GC(40) Marking Phase 0.679ms
[0.331s][info][gc,phases,start] GC(40) Summary Phase
[0.331s][info][gc,phases      ] GC(40) Summary Phase 0.012ms
[0.331s][info][gc,phases,start] GC(40) Adjust Roots
[0.332s][info][gc,phases      ] GC(40) Adjust Roots 0.310ms
[0.332s][info][gc,phases,start] GC(40) Compaction Phase
[0.333s][info][gc,phases      ] GC(40) Compaction Phase 1.306ms
[0.333s][info][gc,phases,start] GC(40) Post Compact
[0.333s][info][gc,phases      ] GC(40) Post Compact 0.017ms
[0.333s][info][gc,heap        ] GC(40) PSYoungGen: 997K(1024K)->997K(1024K) Eden: 511K(512K)->511K(512K) From: 485K(512K)->485K(512K)
[0.333s][info][gc,heap        ] GC(40) ParOldGen: 512K(512K)->511K(512K)
[0.333s][info][gc,metaspace   ] GC(40) Metaspace: 6293K(6464K)->6293K(6464K) NonClass: 5761K(5824K)->5761K(5824K) Class: 532K(640K)->532K(640K)
[0.333s][info][gc             ] GC(40) Pause Full (Ergonomics) 1M->1M(1M) 2.508ms
[0.333s][info][gc,cpu         ] GC(40) User=0.00s Sys=0.00s Real=0.00s
[0.333s][info][gc,start       ] GC(41) Pause Full (Ergonomics)
[0.333s][info][gc,phases,start] GC(41) Marking Phase
[0.334s][info][gc,phases      ] GC(41) Marking Phase 0.606ms
[0.334s][info][gc,phases,start] GC(41) Summary Phase
[0.334s][info][gc,phases      ] GC(41) Summary Phase 0.013ms
[0.334s][info][gc,phases,start] GC(41) Adjust Roots
[0.334s][info][gc,phases      ] GC(41) Adjust Roots 0.223ms
[0.334s][info][gc,phases,start] GC(41) Compaction Phase
[0.335s][info][gc,phases      ] GC(41) Compaction Phase 1.024ms
[0.335s][info][gc,phases,start] GC(41) Post Compact
[0.335s][info][gc,phases      ] GC(41) Post Compact 0.016ms
[0.335s][info][gc,heap        ] GC(41) PSYoungGen: 997K(1024K)->997K(1024K) Eden: 511K(512K)->511K(512K) From: 485K(512K)->485K(512K)
[0.335s][info][gc,heap        ] GC(41) ParOldGen: 512K(512K)->512K(512K)
[0.335s][info][gc,metaspace   ] GC(41) Metaspace: 6293K(6464K)->6293K(6464K) NonClass: 5761K(5824K)->5761K(5824K) Class: 532K(640K)->532K(640K)
[0.335s][info][gc             ] GC(41) Pause Full (Ergonomics) 1M->1M(1M) 2.030ms
[0.335s][info][gc,cpu         ] GC(41) User=0.02s Sys=0.00s Real=0.00s
[0.335s][info][gc,start       ] GC(42) Pause Full (Allocation Failure)
[0.335s][info][gc,phases,start] GC(42) Marking Phase
[0.336s][info][gc,phases      ] GC(42) Marking Phase 0.624ms
[0.336s][info][gc,phases,start] GC(42) Summary Phase
[0.336s][info][gc,phases      ] GC(42) Summary Phase 0.012ms
[0.336s][info][gc,phases,start] GC(42) Adjust Roots
[0.336s][info][gc,phases      ] GC(42) Adjust Roots 0.211ms
[0.336s][info][gc,phases,start] GC(42) Compaction Phase
[0.337s][info][gc,phases      ] GC(42) Compaction Phase 0.968ms
[0.337s][info][gc,phases,start] GC(42) Post Compact
[0.337s][info][gc,phases      ] GC(42) Post Compact 0.015ms
[0.337s][info][gc,heap        ] GC(42) PSYoungGen: 997K(1024K)->997K(1024K) Eden: 511K(512K)->511K(512K) From: 485K(512K)->485K(512K)
[0.337s][info][gc,heap        ] GC(42) ParOldGen: 512K(512K)->512K(512K)
[0.337s][info][gc,metaspace   ] GC(42) Metaspace: 6293K(6464K)->6293K(6464K) NonClass: 5761K(5824K)->5761K(5824K) Class: 532K(640K)->532K(640K)
[0.337s][info][gc             ] GC(42) Pause Full (Allocation Failure) 1M->1M(1M) 1.967ms
[0.337s][info][gc,cpu         ] GC(42) User=0.00s Sys=0.00s Real=0.00s
[0.337s][info][gc,start       ] GC(43) Pause Full (Ergonomics)
[0.337s][info][gc,phases,start] GC(43) Marking Phase
[0.338s][info][gc,phases      ] GC(43) Marking Phase 0.626ms
[0.338s][info][gc,phases,start] GC(43) Summary Phase
[0.338s][info][gc,phases      ] GC(43) Summary Phase 0.012ms
[0.338s][info][gc,phases,start] GC(43) Adjust Roots
[0.338s][info][gc,phases      ] GC(43) Adjust Roots 0.246ms
[0.338s][info][gc,phases,start] GC(43) Compaction Phase
[0.340s][info][gc,phases      ] GC(43) Compaction Phase 1.376ms
[0.340s][info][gc,phases,start] GC(43) Post Compact
[0.340s][info][gc,phases      ] GC(43) Post Compact 0.016ms
[0.340s][info][gc,heap        ] GC(43) PSYoungGen: 997K(1024K)->995K(1024K) Eden: 511K(512K)->511K(512K) From: 485K(512K)->483K(512K)
[0.340s][info][gc,heap        ] GC(43) ParOldGen: 512K(512K)->511K(512K)
[0.340s][info][gc,metaspace   ] GC(43) Metaspace: 6293K(6464K)->6293K(6464K) NonClass: 5761K(5824K)->5761K(5824K) Class: 532K(640K)->532K(640K)
[0.340s][info][gc             ] GC(43) Pause Full (Ergonomics) 1M->1M(1M) 2.426ms
[0.340s][info][gc,cpu         ] GC(43) User=0.00s Sys=0.00s Real=0.00s
[0.340s][info][gc,start       ] GC(44) Pause Full (Ergonomics)
[0.340s][info][gc,phases,start] GC(44) Marking Phase
[0.341s][info][gc,phases      ] GC(44) Marking Phase 0.671ms
[0.341s][info][gc,phases,start] GC(44) Summary Phase
[0.341s][info][gc,phases      ] GC(44) Summary Phase 0.012ms
[0.341s][info][gc,phases,start] GC(44) Adjust Roots
[0.341s][info][gc,phases      ] GC(44) Adjust Roots 0.248ms
[0.341s][info][gc,phases,start] GC(44) Compaction Phase
[0.342s][info][gc,phases      ] GC(44) Compaction Phase 1.273ms
[0.342s][info][gc,phases,start] GC(44) Post Compact
[0.342s][info][gc,phases      ] GC(44) Post Compact 0.016ms
[0.342s][info][gc,heap        ] GC(44) PSYoungGen: 995K(1024K)->995K(1024K) Eden: 512K(512K)->512K(512K) From: 483K(512K)->483K(512K)
[0.342s][info][gc,heap        ] GC(44) ParOldGen: 512K(512K)->511K(512K)
[0.342s][info][gc,metaspace   ] GC(44) Metaspace: 6293K(6464K)->6293K(6464K) NonClass: 5761K(5824K)->5761K(5824K) Class: 532K(640K)->532K(640K)
[0.342s][info][gc             ] GC(44) Pause Full (Ergonomics) 1M->1M(1M) 2.365ms
[0.343s][info][gc,cpu         ] GC(44) User=0.00s Sys=0.00s Real=0.00s
[0.343s][info][gc,start       ] GC(45) Pause Full (Ergonomics)
[0.343s][info][gc,phases,start] GC(45) Marking Phase
[0.343s][info][gc,phases      ] GC(45) Marking Phase 0.641ms
[0.343s][info][gc,phases,start] GC(45) Summary Phase
[0.343s][info][gc,phases      ] GC(45) Summary Phase 0.012ms
[0.343s][info][gc,phases,start] GC(45) Adjust Roots
[0.344s][info][gc,phases      ] GC(45) Adjust Roots 0.252ms
[0.344s][info][gc,phases,start] GC(45) Compaction Phase
[0.345s][info][gc,phases      ] GC(45) Compaction Phase 1.294ms
[0.345s][info][gc,phases,start] GC(45) Post Compact
[0.345s][info][gc,phases      ] GC(45) Post Compact 0.015ms
[0.345s][info][gc,heap        ] GC(45) PSYoungGen: 995K(1024K)->995K(1024K) Eden: 512K(512K)->512K(512K) From: 483K(512K)->483K(512K)
[0.345s][info][gc,heap        ] GC(45) ParOldGen: 511K(512K)->511K(512K)
[0.345s][info][gc,metaspace   ] GC(45) Metaspace: 6293K(6464K)->6293K(6464K) NonClass: 5761K(5824K)->5761K(5824K) Class: 532K(640K)->532K(640K)
[0.345s][info][gc             ] GC(45) Pause Full (Ergonomics) 1M->1M(1M) 2.358ms
[0.345s][info][gc,cpu         ] GC(45) User=0.00s Sys=0.00s Real=0.00s
[0.345s][info][gc,start       ] GC(46) Pause Full (Allocation Failure)
[0.345s][info][gc,phases,start] GC(46) Marking Phase
[0.346s][info][gc,phases      ] GC(46) Marking Phase 0.618ms
[0.346s][info][gc,phases,start] GC(46) Summary Phase
[0.346s][info][gc,phases      ] GC(46) Summary Phase 0.012ms
[0.346s][info][gc,phases,start] GC(46) Adjust Roots
[0.346s][info][gc,phases      ] GC(46) Adjust Roots 0.314ms
[0.346s][info][gc,phases,start] GC(46) Compaction Phase
[0.347s][info][gc,phases      ] GC(46) Compaction Phase 1.268ms
[0.347s][info][gc,phases,start] GC(46) Post Compact
[0.347s][info][gc,phases      ] GC(46) Post Compact 0.017ms
[0.347s][info][gc,heap        ] GC(46) PSYoungGen: 995K(1024K)->995K(1024K) Eden: 512K(512K)->512K(512K) From: 483K(512K)->483K(512K)
[0.347s][info][gc,heap        ] GC(46) ParOldGen: 511K(512K)->511K(512K)
[0.347s][info][gc,metaspace   ] GC(46) Metaspace: 6293K(6464K)->6293K(6464K) NonClass: 5761K(5824K)->5761K(5824K) Class: 532K(640K)->532K(640K)
[0.347s][info][gc             ] GC(46) Pause Full (Allocation Failure) 1M->1M(1M) 2.389ms
[0.347s][info][gc,cpu         ] GC(46) User=0.00s Sys=0.00s Real=0.00s
[0.348s][info][gc,start       ] GC(47) Pause Full (Ergonomics)
[0.348s][info][gc,phases,start] GC(47) Marking Phase
[0.348s][info][gc,phases      ] GC(47) Marking Phase 0.671ms
[0.348s][info][gc,phases,start] GC(47) Summary Phase
[0.348s][info][gc,phases      ] GC(47) Summary Phase 0.012ms
[0.348s][info][gc,phases,start] GC(47) Adjust Roots
[0.349s][info][gc,phases      ] GC(47) Adjust Roots 0.305ms
[0.349s][info][gc,phases,start] GC(47) Compaction Phase
[0.350s][info][gc,phases      ] GC(47) Compaction Phase 1.341ms
[0.350s][info][gc,phases,start] GC(47) Post Compact
[0.350s][info][gc,phases      ] GC(47) Post Compact 0.016ms
[0.350s][info][gc,heap        ] GC(47) PSYoungGen: 995K(1024K)->995K(1024K) Eden: 512K(512K)->512K(512K) From: 483K(512K)->483K(512K)
[0.350s][info][gc,heap        ] GC(47) ParOldGen: 511K(512K)->511K(512K)
[0.350s][info][gc,metaspace   ] GC(47) Metaspace: 6293K(6464K)->6293K(6464K) NonClass: 5761K(5824K)->5761K(5824K) Class: 532K(640K)->532K(640K)
[0.350s][info][gc             ] GC(47) Pause Full (Ergonomics) 1M->1M(1M) 2.499ms
[0.350s][info][gc,cpu         ] GC(47) User=0.00s Sys=0.00s Real=0.00s
[0.350s][info][gc,start       ] GC(48) Pause Full (Ergonomics)
[0.350s][info][gc,phases,start] GC(48) Marking Phase
[0.351s][info][gc,phases      ] GC(48) Marking Phase 0.644ms
[0.351s][info][gc,phases,start] GC(48) Summary Phase
[0.351s][info][gc,phases      ] GC(48) Summary Phase 0.011ms
[0.351s][info][gc,phases,start] GC(48) Adjust Roots
[0.351s][info][gc,phases      ] GC(48) Adjust Roots 0.229ms
[0.351s][info][gc,phases,start] GC(48) Compaction Phase
[0.353s][info][gc,phases      ] GC(48) Compaction Phase 1.241ms
[0.353s][info][gc,phases,start] GC(48) Post Compact
[0.353s][info][gc,phases      ] GC(48) Post Compact 0.017ms
[0.353s][info][gc,heap        ] GC(48) PSYoungGen: 995K(1024K)->995K(1024K) Eden: 512K(512K)->512K(512K) From: 483K(512K)->483K(512K)
[0.353s][info][gc,heap        ] GC(48) ParOldGen: 511K(512K)->511K(512K)
[0.353s][info][gc,metaspace   ] GC(48) Metaspace: 6293K(6464K)->6293K(6464K) NonClass: 5761K(5824K)->5761K(5824K) Class: 532K(640K)->532K(640K)
[0.353s][info][gc             ] GC(48) Pause Full (Ergonomics) 1M->1M(1M) 2.301ms
[0.353s][info][gc,cpu         ] GC(48) User=0.00s Sys=0.00s Real=0.00s
[0.353s][info][gc,start       ] GC(49) Pause Full (Allocation Failure)
[0.353s][info][gc,phases,start] GC(49) Marking Phase
[0.353s][info][gc,phases      ] GC(49) Marking Phase 0.729ms
[0.353s][info][gc,phases,start] GC(49) Summary Phase
[0.353s][info][gc,phases      ] GC(49) Summary Phase 0.012ms
[0.354s][info][gc,phases,start] GC(49) Adjust Roots
[0.354s][info][gc,phases      ] GC(49) Adjust Roots 0.247ms
[0.354s][info][gc,phases,start] GC(49) Compaction Phase
[0.355s][info][gc,phases      ] GC(49) Compaction Phase 1.273ms
[0.355s][info][gc,phases,start] GC(49) Post Compact
[0.355s][info][gc,phases      ] GC(49) Post Compact 0.016ms
[0.355s][info][gc,heap        ] GC(49) PSYoungGen: 995K(1024K)->995K(1024K) Eden: 512K(512K)->512K(512K) From: 483K(512K)->483K(512K)
[0.355s][info][gc,heap        ] GC(49) ParOldGen: 511K(512K)->511K(512K)
[0.355s][info][gc,metaspace   ] GC(49) Metaspace: 6293K(6464K)->6293K(6464K) NonClass: 5761K(5824K)->5761K(5824K) Class: 532K(640K)->532K(640K)
[0.355s][info][gc             ] GC(49) Pause Full (Allocation Failure) 1M->1M(1M) 2.437ms
[0.355s][info][gc,cpu         ] GC(49) User=0.00s Sys=0.00s Real=0.00s
[0.355s][info][gc,start       ] GC(50) Pause Full (Ergonomics)
[0.355s][info][gc,phases,start] GC(50) Marking Phase
[0.356s][info][gc,phases      ] GC(50) Marking Phase 0.635ms
[0.356s][info][gc,phases,start] GC(50) Summary Phase
[0.356s][info][gc,phases      ] GC(50) Summary Phase 0.012ms
[0.356s][info][gc,phases,start] GC(50) Adjust Roots
[0.356s][info][gc,phases      ] GC(50) Adjust Roots 0.290ms
[0.356s][info][gc,phases,start] GC(50) Compaction Phase
[0.358s][info][gc,phases      ] GC(50) Compaction Phase 1.402ms
[0.358s][info][gc,phases,start] GC(50) Post Compact
[0.358s][info][gc,phases      ] GC(50) Post Compact 0.016ms
[0.358s][info][gc,heap        ] GC(50) PSYoungGen: 995K(1024K)->994K(1024K) Eden: 512K(512K)->512K(512K) From: 483K(512K)->482K(512K)
[0.358s][info][gc,heap        ] GC(50) ParOldGen: 511K(512K)->511K(512K)
[0.358s][info][gc,metaspace   ] GC(50) Metaspace: 6293K(6464K)->6293K(6464K) NonClass: 5761K(5824K)->5761K(5824K) Class: 532K(640K)->532K(640K)
[0.358s][info][gc             ] GC(50) Pause Full (Ergonomics) 1M->1M(1M) 2.510ms
[0.358s][info][gc,cpu         ] GC(50) User=0.00s Sys=0.00s Real=0.00s
[0.358s][info][gc,start       ] GC(51) Pause Full (Ergonomics)
[0.358s][info][gc,phases,start] GC(51) Marking Phase
[0.359s][info][gc,phases      ] GC(51) Marking Phase 0.622ms
[0.359s][info][gc,phases,start] GC(51) Summary Phase
[0.359s][info][gc,phases      ] GC(51) Summary Phase 0.012ms
[0.359s][info][gc,phases,start] GC(51) Adjust Roots
[0.359s][info][gc,phases      ] GC(51) Adjust Roots 0.294ms
[0.359s][info][gc,phases,start] GC(51) Compaction Phase
[0.360s][info][gc,phases      ] GC(51) Compaction Phase 1.210ms
[0.360s][info][gc,phases,start] GC(51) Post Compact
[0.360s][info][gc,phases      ] GC(51) Post Compact 0.016ms
[0.360s][info][gc,heap        ] GC(51) PSYoungGen: 994K(1024K)->994K(1024K) Eden: 512K(512K)->512K(512K) From: 482K(512K)->482K(512K)
[0.360s][info][gc,heap        ] GC(51) ParOldGen: 511K(512K)->511K(512K)
[0.360s][info][gc,metaspace   ] GC(51) Metaspace: 6293K(6464K)->6293K(6464K) NonClass: 5761K(5824K)->5761K(5824K) Class: 532K(640K)->532K(640K)
[0.360s][info][gc             ] GC(51) Pause Full (Ergonomics) 1M->1M(1M) 2.308ms
[0.360s][info][gc,cpu         ] GC(51) User=0.00s Sys=0.00s Real=0.00s
[0.360s][info][gc,start       ] GC(52) Pause Full (Allocation Failure)
[0.360s][info][gc,phases,start] GC(52) Marking Phase
[0.361s][info][gc,phases      ] GC(52) Marking Phase 0.628ms
[0.361s][info][gc,phases,start] GC(52) Summary Phase
[0.361s][info][gc,phases      ] GC(52) Summary Phase 0.014ms
[0.361s][info][gc,phases,start] GC(52) Adjust Roots
[0.361s][info][gc,phases      ] GC(52) Adjust Roots 0.316ms
[0.361s][info][gc,phases,start] GC(52) Compaction Phase
[0.363s][info][gc,phases      ] GC(52) Compaction Phase 1.277ms
[0.363s][info][gc,phases,start] GC(52) Post Compact
[0.363s][info][gc,phases      ] GC(52) Post Compact 0.016ms
[0.363s][info][gc,heap        ] GC(52) PSYoungGen: 994K(1024K)->994K(1024K) Eden: 512K(512K)->512K(512K) From: 482K(512K)->482K(512K)
[0.363s][info][gc,heap        ] GC(52) ParOldGen: 511K(512K)->511K(512K)
[0.363s][info][gc,metaspace   ] GC(52) Metaspace: 6293K(6464K)->6293K(6464K) NonClass: 5761K(5824K)->5761K(5824K) Class: 532K(640K)->532K(640K)
[0.363s][info][gc             ] GC(52) Pause Full (Allocation Failure) 1M->1M(1M) 2.412ms
[0.363s][info][gc,cpu         ] GC(52) User=0.00s Sys=0.00s Real=0.00s
[0.363s][info][gc,start       ] GC(53) Pause Full (Ergonomics)
[0.363s][info][gc,phases,start] GC(53) Marking Phase
[0.364s][info][gc,phases      ] GC(53) Marking Phase 0.749ms
[0.364s][info][gc,phases,start] GC(53) Summary Phase
[0.364s][info][gc,phases      ] GC(53) Summary Phase 0.012ms
[0.364s][info][gc,phases,start] GC(53) Adjust Roots
[0.364s][info][gc,phases      ] GC(53) Adjust Roots 0.285ms
[0.364s][info][gc,phases,start] GC(53) Compaction Phase
[0.366s][info][gc,phases      ] GC(53) Compaction Phase 1.222ms
[0.366s][info][gc,phases,start] GC(53) Post Compact
[0.366s][info][gc,phases      ] GC(53) Post Compact 0.016ms
[0.366s][info][gc,heap        ] GC(53) PSYoungGen: 994K(1024K)->994K(1024K) Eden: 512K(512K)->512K(512K) From: 482K(512K)->482K(512K)
[0.366s][info][gc,heap        ] GC(53) ParOldGen: 511K(512K)->511K(512K)
[0.366s][info][gc,metaspace   ] GC(53) Metaspace: 6294K(6464K)->6294K(6464K) NonClass: 5761K(5824K)->5761K(5824K) Class: 533K(640K)->533K(640K)
[0.366s][info][gc             ] GC(53) Pause Full (Ergonomics) 1M->1M(1M) 2.451ms
[0.366s][info][gc,cpu         ] GC(53) User=0.00s Sys=0.00s Real=0.00s
[0.366s][info][gc,start       ] GC(54) Pause Full (Allocation Failure)
[0.366s][info][gc,phases,start] GC(54) Marking Phase
[0.366s][info][gc,phases      ] GC(54) Marking Phase 0.686ms
[0.367s][info][gc,phases,start] GC(54) Summary Phase
[0.367s][info][gc,phases      ] GC(54) Summary Phase 0.012ms
[0.367s][info][gc,phases,start] GC(54) Adjust Roots
[0.367s][info][gc,phases      ] GC(54) Adjust Roots 0.317ms
[0.367s][info][gc,phases,start] GC(54) Compaction Phase
[0.368s][info][gc,phases      ] GC(54) Compaction Phase 1.571ms
[0.368s][info][gc,phases,start] GC(54) Post Compact
[0.369s][info][gc,phases      ] GC(54) Post Compact 0.018ms
[0.369s][info][gc,heap        ] GC(54) PSYoungGen: 994K(1024K)->994K(1024K) Eden: 512K(512K)->512K(512K) From: 482K(512K)->482K(512K)
[0.369s][info][gc,heap        ] GC(54) ParOldGen: 511K(512K)->511K(512K)
[0.369s][info][gc,metaspace   ] GC(54) Metaspace: 6294K(6464K)->6294K(6464K) NonClass: 5761K(5824K)->5761K(5824K) Class: 533K(640K)->533K(640K)
[0.369s][info][gc             ] GC(54) Pause Full (Allocation Failure) 1M->1M(1M) 2.788ms
[0.369s][info][gc,cpu         ] GC(54) User=0.00s Sys=0.00s Real=0.00s
[0.369s][info][gc,start       ] GC(55) Pause Full (Ergonomics)
[0.369s][info][gc,phases,start] GC(55) Marking Phase
[0.370s][info][gc,phases      ] GC(55) Marking Phase 0.694ms
[0.370s][info][gc,phases,start] GC(55) Summary Phase
[0.370s][info][gc,phases      ] GC(55) Summary Phase 0.012ms
[0.370s][info][gc,phases,start] GC(55) Adjust Roots
[0.370s][info][gc,phases      ] GC(55) Adjust Roots 0.300ms
[0.370s][info][gc,phases,start] GC(55) Compaction Phase
[0.371s][info][gc,phases      ] GC(55) Compaction Phase 1.367ms
[0.371s][info][gc,phases,start] GC(55) Post Compact
[0.371s][info][gc,phases      ] GC(55) Post Compact 0.030ms
[0.371s][info][gc,heap        ] GC(55) PSYoungGen: 994K(1024K)->994K(1024K) Eden: 512K(512K)->512K(512K) From: 482K(512K)->482K(512K)
[0.371s][info][gc,heap        ] GC(55) ParOldGen: 511K(512K)->511K(512K)
[0.371s][info][gc,metaspace   ] GC(55) Metaspace: 6295K(6464K)->6295K(6464K) NonClass: 5761K(5824K)->5761K(5824K) Class: 533K(640K)->533K(640K)
[0.372s][info][gc             ] GC(55) Pause Full (Ergonomics) 1M->1M(1M) 2.559ms
[0.372s][info][gc,cpu         ] GC(55) User=0.00s Sys=0.00s Real=0.00s
[0.372s][info][gc,start       ] GC(56) Pause Full (Allocation Failure)
[0.372s][info][gc,phases,start] GC(56) Marking Phase
[0.372s][info][gc,phases      ] GC(56) Marking Phase 0.616ms
[0.372s][info][gc,phases,start] GC(56) Summary Phase
[0.372s][info][gc,phases      ] GC(56) Summary Phase 0.012ms
[0.372s][info][gc,phases,start] GC(56) Adjust Roots
[0.373s][info][gc,phases      ] GC(56) Adjust Roots 0.287ms
[0.373s][info][gc,phases,start] GC(56) Compaction Phase
[0.374s][info][gc,phases      ] GC(56) Compaction Phase 1.200ms
[0.374s][info][gc,phases,start] GC(56) Post Compact
[0.374s][info][gc,phases      ] GC(56) Post Compact 0.016ms
[0.374s][info][gc,heap        ] GC(56) PSYoungGen: 994K(1024K)->994K(1024K) Eden: 512K(512K)->512K(512K) From: 482K(512K)->482K(512K)
[0.374s][info][gc,heap        ] GC(56) ParOldGen: 511K(512K)->511K(512K)
[0.374s][info][gc,metaspace   ] GC(56) Metaspace: 6295K(6464K)->6295K(6464K) NonClass: 5761K(5824K)->5761K(5824K) Class: 533K(640K)->533K(640K)
[0.374s][info][gc             ] GC(56) Pause Full (Allocation Failure) 1M->1M(1M) 2.277ms
[0.374s][info][gc,cpu         ] GC(56) User=0.00s Sys=0.00s Real=0.00s
[0.374s][info][gc,start       ] GC(57) Pause Full (Ergonomics)
[0.374s][info][gc,phases,start] GC(57) Marking Phase
[0.375s][info][gc,phases      ] GC(57) Marking Phase 0.673ms
[0.375s][info][gc,phases,start] GC(57) Summary Phase
[0.375s][info][gc,phases      ] GC(57) Summary Phase 0.012ms
[0.375s][info][gc,phases,start] GC(57) Adjust Roots
[0.375s][info][gc,phases      ] GC(57) Adjust Roots 0.287ms
[0.375s][info][gc,phases,start] GC(57) Compaction Phase
[0.376s][info][gc,phases      ] GC(57) Compaction Phase 1.210ms
[0.376s][info][gc,phases,start] GC(57) Post Compact
[0.376s][info][gc,phases      ] GC(57) Post Compact 0.029ms
[0.377s][info][gc,heap        ] GC(57) PSYoungGen: 994K(1024K)->994K(1024K) Eden: 512K(512K)->512K(512K) From: 482K(512K)->482K(512K)
[0.377s][info][gc,heap        ] GC(57) ParOldGen: 511K(512K)->511K(512K)
[0.377s][info][gc,metaspace   ] GC(57) Metaspace: 6295K(6464K)->6295K(6464K) NonClass: 5761K(5824K)->5761K(5824K) Class: 533K(640K)->533K(640K)
[0.377s][info][gc             ] GC(57) Pause Full (Ergonomics) 1M->1M(1M) 2.368ms
[0.377s][info][gc,cpu         ] GC(57) User=0.00s Sys=0.00s Real=0.00s
[0.377s][info][gc,start       ] GC(58) Pause Full (Allocation Failure)
[0.377s][info][gc,phases,start] GC(58) Marking Phase
[0.377s][info][gc,phases      ] GC(58) Marking Phase 0.662ms
[0.377s][info][gc,phases,start] GC(58) Summary Phase
[0.377s][info][gc,phases      ] GC(58) Summary Phase 0.012ms
[0.377s][info][gc,phases,start] GC(58) Adjust Roots
[0.378s][info][gc,phases      ] GC(58) Adjust Roots 0.291ms
[0.378s][info][gc,phases,start] GC(58) Compaction Phase
[0.379s][info][gc,phases      ] GC(58) Compaction Phase 1.621ms
[0.379s][info][gc,phases,start] GC(58) Post Compact
[0.379s][info][gc,phases      ] GC(58) Post Compact 0.020ms
[0.379s][info][gc,heap        ] GC(58) PSYoungGen: 994K(1024K)->994K(1024K) Eden: 512K(512K)->512K(512K) From: 482K(512K)->482K(512K)
[0.379s][info][gc,heap        ] GC(58) ParOldGen: 511K(512K)->511K(512K)
[0.379s][info][gc,metaspace   ] GC(58) Metaspace: 6295K(6464K)->6295K(6464K) NonClass: 5761K(5824K)->5761K(5824K) Class: 533K(640K)->533K(640K)
[0.379s][info][gc             ] GC(58) Pause Full (Allocation Failure) 1M->1M(1M) 2.821ms
[0.379s][info][gc,cpu         ] GC(58) User=0.00s Sys=0.00s Real=0.00s
[0.380s][info][gc,start       ] GC(59) Pause Full (Ergonomics)
[0.380s][info][gc,phases,start] GC(59) Marking Phase
[0.381s][info][gc,phases      ] GC(59) Marking Phase 0.753ms
[0.381s][info][gc,phases,start] GC(59) Summary Phase
[0.381s][info][gc,phases      ] GC(59) Summary Phase 0.013ms
[0.381s][info][gc,phases,start] GC(59) Adjust Roots
[0.381s][info][gc,phases      ] GC(59) Adjust Roots 0.344ms
[0.381s][info][gc,phases,start] GC(59) Compaction Phase
[0.383s][info][gc,phases      ] GC(59) Compaction Phase 1.608ms
[0.383s][info][gc,phases,start] GC(59) Post Compact
[0.383s][info][gc,phases      ] GC(59) Post Compact 0.033ms
[0.383s][info][gc,heap        ] GC(59) PSYoungGen: 994K(1024K)->994K(1024K) Eden: 512K(512K)->512K(512K) From: 482K(512K)->482K(512K)
[0.383s][info][gc,heap        ] GC(59) ParOldGen: 511K(512K)->511K(512K)
[0.383s][info][gc,metaspace   ] GC(59) Metaspace: 6295K(6464K)->6295K(6464K) NonClass: 5761K(5824K)->5761K(5824K) Class: 533K(640K)->533K(640K)
[0.383s][info][gc             ] GC(59) Pause Full (Ergonomics) 1M->1M(1M) 2.930ms
[0.383s][info][gc,cpu         ] GC(59) User=0.00s Sys=0.00s Real=0.00s
[0.383s][info][gc,start       ] GC(60) Pause Full (Allocation Failure)
[0.383s][info][gc,phases,start] GC(60) Marking Phase
[0.383s][info][gc,phases      ] GC(60) Marking Phase 0.679ms
[0.383s][info][gc,phases,start] GC(60) Summary Phase
[0.384s][info][gc,phases      ] GC(60) Summary Phase 0.014ms
[0.384s][info][gc,phases,start] GC(60) Adjust Roots
[0.384s][info][gc,phases      ] GC(60) Adjust Roots 0.319ms
[0.384s][info][gc,phases,start] GC(60) Compaction Phase
[0.385s][info][gc,phases      ] GC(60) Compaction Phase 1.374ms
[0.385s][info][gc,phases,start] GC(60) Post Compact
[0.385s][info][gc,phases      ] GC(60) Post Compact 0.024ms
[0.385s][info][gc,heap        ] GC(60) PSYoungGen: 994K(1024K)->994K(1024K) Eden: 512K(512K)->512K(512K) From: 482K(512K)->482K(512K)
[0.385s][info][gc,heap        ] GC(60) ParOldGen: 511K(512K)->511K(512K)
[0.385s][info][gc,metaspace   ] GC(60) Metaspace: 6295K(6464K)->6295K(6464K) NonClass: 5761K(5824K)->5761K(5824K) Class: 533K(640K)->533K(640K)
[0.385s][info][gc             ] GC(60) Pause Full (Allocation Failure) 1M->1M(1M) 2.617ms
[0.385s][info][gc,cpu         ] GC(60) User=0.00s Sys=0.00s Real=0.00s
