[0.012s][info][gc,init] CardTable entry size: 512
[0.012s][info][gc     ] Using Parallel
[0.012s][info][gc,init] Version: 18.0.1+10 (release)
[0.012s][info][gc,init] CPUs: 8 total, 8 available
[0.012s][info][gc,init] Memory: 16063M
[0.013s][info][gc,init] Large Page Support: Disabled
[0.013s][info][gc,init] NUMA Support: Disabled
[0.013s][info][gc,init] Compressed Oops: Enabled (32-bit)
[0.013s][info][gc,init] Alignments: Space 512K, Generation 512K, Heap 2M
[0.013s][info][gc,init] Heap Min Capacity: 2M
[0.013s][info][gc,init] Heap Initial Capacity: 2M
[0.013s][info][gc,init] Heap Max Capacity: 2000M
[0.013s][info][gc,init] Pre-touch: Disabled
[0.013s][info][gc,init] Parallel Workers: 7
[0.013s][info][gc,metaspace] CDS archive(s) not mapped
[0.013s][info][gc,metaspace] Compressed class space mapped at: 0x0000000100000000-0x0000000140000000, reserved size: 1073741824
[0.013s][info][gc,metaspace] Narrow klass base: 0x0000000000000000, Narrow klass shift: 3, Narrow klass range: 0x140000000
[0.112s][info][gc,start    ] GC(0) Pause Young (Allocation Failure)
[0.114s][info][gc,heap     ] GC(0) PSYoungGen: 512K(1024K)->480K(1024K) Eden: 512K(512K)->0K(512K) From: 0K(512K)->480K(512K)
[0.114s][info][gc,heap     ] GC(0) ParOldGen: 0K(512K)->64K(512K)
[0.114s][info][gc,metaspace] GC(0) Metaspace: 4229K(4352K)->4229K(4352K) NonClass: 3908K(3968K)->3908K(3968K) Class: 321K(384K)->321K(384K)
[0.114s][info][gc          ] GC(0) Pause Young (Allocation Failure) 0M->0M(1M) 1.745ms
[0.114s][info][gc,cpu      ] GC(0) User=0.00s Sys=0.00s Real=0.00s
[0.175s][info][gc,start    ] GC(1) Pause Young (Allocation Failure)
[0.175s][info][gc,heap     ] GC(1) PSYoungGen: 992K(1024K)->496K(1536K) Eden: 511K(512K)->0K(1024K) From: 480K(512K)->496K(512K)
[0.175s][info][gc,heap     ] GC(1) ParOldGen: 64K(512K)->136K(512K)
[0.175s][info][gc,metaspace] GC(1) Metaspace: 5878K(6016K)->5878K(6016K) NonClass: 5381K(5504K)->5381K(5504K) Class: 496K(512K)->496K(512K)
[0.175s][info][gc          ] GC(1) Pause Young (Allocation Failure) 1M->0M(2M) 0.675ms
[0.175s][info][gc,cpu      ] GC(1) User=0.00s Sys=0.00s Real=0.00s
[0.195s][info][gc,start    ] GC(2) Pause Young (Allocation Failure)
[0.196s][info][gc,heap     ] GC(2) PSYoungGen: 1520K(1536K)->512K(1536K) Eden: 1024K(1024K)->0K(1024K) From: 496K(512K)->512K(512K)
[0.196s][info][gc,heap     ] GC(2) ParOldGen: 136K(512K)->556K(1024K)
[0.196s][info][gc,metaspace] GC(2) Metaspace: 6296K(6464K)->6296K(6464K) NonClass: 5763K(5824K)->5763K(5824K) Class: 533K(640K)->533K(640K)
[0.196s][info][gc          ] GC(2) Pause Young (Allocation Failure) 1M->1M(2M) 0.924ms
[0.196s][info][gc,cpu      ] GC(2) User=0.00s Sys=0.00s Real=0.00s
[0.198s][info][gc,start    ] GC(3) Pause Young (Allocation Failure)
[0.199s][info][gc,heap     ] GC(3) PSYoungGen: 1536K(1536K)->480K(2560K) Eden: 1024K(1024K)->0K(2048K) From: 512K(512K)->480K(512K)
[0.199s][info][gc,heap     ] GC(3) ParOldGen: 556K(1024K)->1132K(1536K)
[0.199s][info][gc,metaspace] GC(3) Metaspace: 6296K(6464K)->6296K(6464K) NonClass: 5763K(5824K)->5763K(5824K) Class: 533K(640K)->533K(640K)
[0.199s][info][gc          ] GC(3) Pause Young (Allocation Failure) 2M->1M(4M) 1.042ms
[0.199s][info][gc,cpu      ] GC(3) User=0.00s Sys=0.02s Real=0.00s
[0.199s][info][gc,start    ] GC(4) Pause Full (Ergonomics)
[0.199s][info][gc,phases,start] GC(4) Marking Phase
[0.200s][info][gc,phases      ] GC(4) Marking Phase 1.240ms
[0.200s][info][gc,phases,start] GC(4) Summary Phase
[0.200s][info][gc,phases      ] GC(4) Summary Phase 0.021ms
[0.200s][info][gc,phases,start] GC(4) Adjust Roots
[0.201s][info][gc,phases      ] GC(4) Adjust Roots 0.428ms
[0.201s][info][gc,phases,start] GC(4) Compaction Phase
[0.203s][info][gc,phases      ] GC(4) Compaction Phase 2.185ms
[0.203s][info][gc,phases,start] GC(4) Post Compact
[0.203s][info][gc,phases      ] GC(4) Post Compact 0.068ms
[0.203s][info][gc,heap        ] GC(4) PSYoungGen: 480K(2560K)->0K(2560K) Eden: 0K(2048K)->0K(2048K) From: 480K(512K)->0K(512K)
[0.203s][info][gc,heap        ] GC(4) ParOldGen: 1132K(1536K)->1495K(3584K)
[0.203s][info][gc,metaspace   ] GC(4) Metaspace: 6296K(6464K)->6296K(6464K) NonClass: 5763K(5824K)->5763K(5824K) Class: 533K(640K)->533K(640K)
[0.203s][info][gc             ] GC(4) Pause Full (Ergonomics) 1M->1M(6M) 4.373ms
[0.203s][info][gc,cpu         ] GC(4) User=0.00s Sys=0.00s Real=0.00s
[0.206s][info][gc,start       ] GC(5) Pause Young (Allocation Failure)
[0.207s][info][gc,heap        ] GC(5) PSYoungGen: 2048K(2560K)->480K(3584K) Eden: 2048K(2048K)->0K(3072K) From: 0K(512K)->480K(512K)
[0.207s][info][gc,heap        ] GC(5) ParOldGen: 1495K(3584K)->2135K(3584K)
[0.207s][info][gc,metaspace   ] GC(5) Metaspace: 6296K(6464K)->6296K(6464K) NonClass: 5763K(5824K)->5763K(5824K) Class: 533K(640K)->533K(640K)
[0.207s][info][gc             ] GC(5) Pause Young (Allocation Failure) 3M->2M(7M) 0.881ms
[0.207s][info][gc,cpu         ] GC(5) User=0.00s Sys=0.00s Real=0.00s
[0.211s][info][gc,start       ] GC(6) Pause Young (Allocation Failure)
[0.213s][info][gc,heap        ] GC(6) PSYoungGen: 3552K(3584K)->1504K(4608K) Eden: 3072K(3072K)->0K(3072K) From: 480K(512K)->1504K(1536K)
[0.213s][info][gc,heap        ] GC(6) ParOldGen: 2135K(3584K)->2727K(3584K)
[0.213s][info][gc,metaspace   ] GC(6) Metaspace: 6296K(6464K)->6296K(6464K) NonClass: 5763K(5824K)->5763K(5824K) Class: 533K(640K)->533K(640K)
[0.213s][info][gc             ] GC(6) Pause Young (Allocation Failure) 5M->4M(8M) 1.540ms
[0.213s][info][gc,cpu         ] GC(6) User=0.00s Sys=0.00s Real=0.00s
[0.213s][info][gc,start       ] GC(7) Pause Full (Ergonomics)
[0.213s][info][gc,phases,start] GC(7) Marking Phase
[0.214s][info][gc,phases      ] GC(7) Marking Phase 1.589ms
[0.214s][info][gc,phases,start] GC(7) Summary Phase
[0.214s][info][gc,phases      ] GC(7) Summary Phase 0.015ms
[0.214s][info][gc,phases,start] GC(7) Adjust Roots
[0.215s][info][gc,phases      ] GC(7) Adjust Roots 0.310ms
[0.215s][info][gc,phases,start] GC(7) Compaction Phase
[0.217s][info][gc,phases      ] GC(7) Compaction Phase 2.057ms
[0.217s][info][gc,phases,start] GC(7) Post Compact
[0.217s][info][gc,phases      ] GC(7) Post Compact 0.036ms
[0.217s][info][gc,heap        ] GC(7) PSYoungGen: 1504K(4608K)->990K(4608K) Eden: 0K(3072K)->0K(3072K) From: 1504K(1536K)->990K(1536K)
[0.217s][info][gc,heap        ] GC(7) ParOldGen: 2727K(3584K)->3127K(6144K)
[0.217s][info][gc,metaspace   ] GC(7) Metaspace: 6296K(6464K)->6296K(6464K) NonClass: 5763K(5824K)->5763K(5824K) Class: 533K(640K)->533K(640K)
[0.217s][info][gc             ] GC(7) Pause Full (Ergonomics) 4M->4M(10M) 4.447ms
[0.217s][info][gc,cpu         ] GC(7) User=0.00s Sys=0.00s Real=0.00s
[0.221s][info][gc,start       ] GC(8) Pause Young (Allocation Failure)
[0.223s][info][gc,heap        ] GC(8) PSYoungGen: 4062K(4608K)->2048K(5632K) Eden: 3072K(3072K)->0K(3584K) From: 990K(1536K)->2048K(2048K)
[0.223s][info][gc,heap        ] GC(8) ParOldGen: 3127K(6144K)->3679K(6144K)
[0.223s][info][gc,metaspace   ] GC(8) Metaspace: 6296K(6464K)->6296K(6464K) NonClass: 5763K(5824K)->5763K(5824K) Class: 533K(640K)->533K(640K)
[0.223s][info][gc             ] GC(8) Pause Young (Allocation Failure) 7M->5M(11M) 1.979ms
[0.223s][info][gc,cpu         ] GC(8) User=0.00s Sys=0.00s Real=0.00s
[0.229s][info][gc,start       ] GC(9) Pause Young (Allocation Failure)
[0.232s][info][gc,heap        ] GC(9) PSYoungGen: 5632K(5632K)->3040K(6656K) Eden: 3584K(3584K)->0K(3584K) From: 2048K(2048K)->3040K(3072K)
[0.232s][info][gc,heap        ] GC(9) ParOldGen: 3679K(6144K)->4695K(6144K)
[0.232s][info][gc,metaspace   ] GC(9) Metaspace: 6296K(6464K)->6296K(6464K) NonClass: 5763K(5824K)->5763K(5824K) Class: 533K(640K)->533K(640K)
[0.232s][info][gc             ] GC(9) Pause Young (Allocation Failure) 9M->7M(12M) 3.178ms
[0.232s][info][gc,cpu         ] GC(9) User=0.02s Sys=0.00s Real=0.00s
[0.236s][info][gc,start       ] GC(10) Pause Young (Allocation Failure)
[0.239s][info][gc,heap        ] GC(10) PSYoungGen: 6624K(6656K)->4064K(8704K) Eden: 3584K(3584K)->0K(4608K) From: 3040K(3072K)->4064K(4096K)
[0.239s][info][gc,heap        ] GC(10) ParOldGen: 4695K(6144K)->5567K(6144K)
[0.239s][info][gc,metaspace   ] GC(10) Metaspace: 6296K(6464K)->6296K(6464K) NonClass: 5763K(5824K)->5763K(5824K) Class: 533K(640K)->533K(640K)
[0.239s][info][gc             ] GC(10) Pause Young (Allocation Failure) 11M->9M(14M) 3.113ms
[0.239s][info][gc,cpu         ] GC(10) User=0.00s Sys=0.00s Real=0.00s
[0.239s][info][gc,start       ] GC(11) Pause Full (Ergonomics)
[0.239s][info][gc,phases,start] GC(11) Marking Phase
[0.242s][info][gc,phases      ] GC(11) Marking Phase 3.246ms
[0.242s][info][gc,phases,start] GC(11) Summary Phase
[0.242s][info][gc,phases      ] GC(11) Summary Phase 0.016ms
[0.242s][info][gc,phases,start] GC(11) Adjust Roots
[0.243s][info][gc,phases      ] GC(11) Adjust Roots 0.262ms
[0.243s][info][gc,phases,start] GC(11) Compaction Phase
[0.248s][info][gc,phases      ] GC(11) Compaction Phase 5.313ms
[0.248s][info][gc,phases,start] GC(11) Post Compact
[0.248s][info][gc,phases      ] GC(11) Post Compact 0.044ms
[0.248s][info][gc,heap        ] GC(11) PSYoungGen: 4064K(8704K)->3539K(8704K) Eden: 0K(4608K)->0K(4608K) From: 4064K(4096K)->3539K(4096K)
[0.248s][info][gc,heap        ] GC(11) ParOldGen: 5567K(6144K)->5837K(10240K)
[0.248s][info][gc,metaspace   ] GC(11) Metaspace: 6296K(6464K)->6296K(6464K) NonClass: 5763K(5824K)->5763K(5824K) Class: 533K(640K)->533K(640K)
[0.248s][info][gc             ] GC(11) Pause Full (Ergonomics) 9M->9M(18M) 9.217ms
[0.248s][info][gc,cpu         ] GC(11) User=0.02s Sys=0.00s Real=0.01s
[0.254s][info][gc,start       ] GC(12) Pause Young (Allocation Failure)
[0.258s][info][gc,heap        ] GC(12) PSYoungGen: 8007K(8704K)->3936K(9728K) Eden: 4468K(4608K)->0K(4608K) From: 3539K(4096K)->3936K(5120K)
[0.258s][info][gc,heap        ] GC(12) ParOldGen: 5837K(10240K)->7877K(10240K)
[0.258s][info][gc,metaspace   ] GC(12) Metaspace: 6296K(6464K)->6296K(6464K) NonClass: 5763K(5824K)->5763K(5824K) Class: 533K(640K)->533K(640K)
[0.258s][info][gc             ] GC(12) Pause Young (Allocation Failure) 13M->11M(19M) 3.897ms
[0.258s][info][gc,cpu         ] GC(12) User=0.00s Sys=0.00s Real=0.00s
[0.265s][info][gc,start       ] GC(13) Pause Young (Allocation Failure)
[0.269s][info][gc,heap        ] GC(13) PSYoungGen: 8544K(9728K)->2752K(12288K) Eden: 4608K(4608K)->0K(6656K) From: 3936K(5120K)->2752K(5632K)
[0.269s][info][gc,heap        ] GC(13) ParOldGen: 7877K(10240K)->11821K(12288K)
[0.269s][info][gc,metaspace   ] GC(13) Metaspace: 6296K(6464K)->6296K(6464K) NonClass: 5763K(5824K)->5763K(5824K) Class: 533K(640K)->533K(640K)
[0.269s][info][gc             ] GC(13) Pause Young (Allocation Failure) 16M->14M(24M) 3.741ms
[0.269s][info][gc,cpu         ] GC(13) User=0.00s Sys=0.00s Real=0.00s
[0.269s][info][gc,start       ] GC(14) Pause Full (Ergonomics)
[0.269s][info][gc,phases,start] GC(14) Marking Phase
[0.273s][info][gc,phases      ] GC(14) Marking Phase 4.310ms
[0.273s][info][gc,phases,start] GC(14) Summary Phase
[0.273s][info][gc,phases      ] GC(14) Summary Phase 0.016ms
[0.273s][info][gc,phases,start] GC(14) Adjust Roots
[0.273s][info][gc,phases      ] GC(14) Adjust Roots 0.222ms
[0.274s][info][gc,phases,start] GC(14) Compaction Phase
[0.279s][info][gc,phases      ] GC(14) Compaction Phase 5.458ms
[0.279s][info][gc,phases,start] GC(14) Post Compact
[0.279s][info][gc,phases      ] GC(14) Post Compact 0.066ms
[0.279s][info][gc,heap        ] GC(14) PSYoungGen: 2752K(12288K)->1949K(12288K) Eden: 0K(6656K)->0K(6656K) From: 2752K(5632K)->1949K(5632K)
[0.279s][info][gc,heap        ] GC(14) ParOldGen: 11821K(12288K)->12087K(19456K)
[0.279s][info][gc,metaspace   ] GC(14) Metaspace: 6296K(6464K)->6296K(6464K) NonClass: 5763K(5824K)->5763K(5824K) Class: 533K(640K)->533K(640K)
[0.279s][info][gc             ] GC(14) Pause Full (Ergonomics) 14M->13M(31M) 10.421ms
[0.279s][info][gc,cpu         ] GC(14) User=0.02s Sys=0.00s Real=0.01s
[0.285s][info][gc,start       ] GC(15) Pause Young (Allocation Failure)
[0.288s][info][gc,heap        ] GC(15) PSYoungGen: 8605K(12288K)->3520K(12288K) Eden: 6656K(6656K)->0K(6656K) From: 1949K(5632K)->3520K(5632K)
[0.288s][info][gc,heap        ] GC(15) ParOldGen: 12087K(19456K)->14095K(19456K)
[0.288s][info][gc,metaspace   ] GC(15) Metaspace: 6298K(6464K)->6298K(6464K) NonClass: 5765K(5824K)->5765K(5824K) Class: 533K(640K)->533K(640K)
[0.288s][info][gc             ] GC(15) Pause Young (Allocation Failure) 20M->17M(31M) 3.272ms
[0.288s][info][gc,cpu         ] GC(15) User=0.00s Sys=0.00s Real=0.00s
[0.293s][info][gc,start       ] GC(16) Pause Young (Allocation Failure)
[0.297s][info][gc,heap        ] GC(16) PSYoungGen: 10176K(12288K)->3584K(14336K) Eden: 6656K(6656K)->0K(8704K) From: 3520K(5632K)->3584K(5632K)
[0.297s][info][gc,heap        ] GC(16) ParOldGen: 14095K(19456K)->17583K(19456K)
[0.297s][info][gc,metaspace   ] GC(16) Metaspace: 6298K(6464K)->6298K(6464K) NonClass: 5765K(5824K)->5765K(5824K) Class: 533K(640K)->533K(640K)
[0.297s][info][gc             ] GC(16) Pause Young (Allocation Failure) 23M->20M(33M) 4.265ms
[0.297s][info][gc,cpu         ] GC(16) User=0.00s Sys=0.00s Real=0.00s
[0.297s][info][gc,start       ] GC(17) Pause Full (Ergonomics)
[0.297s][info][gc,phases,start] GC(17) Marking Phase
[0.302s][info][gc,phases      ] GC(17) Marking Phase 5.433ms
[0.302s][info][gc,phases,start] GC(17) Summary Phase
[0.302s][info][gc,phases      ] GC(17) Summary Phase 0.015ms
[0.302s][info][gc,phases,start] GC(17) Adjust Roots
[0.303s][info][gc,phases      ] GC(17) Adjust Roots 0.190ms
[0.303s][info][gc,phases,start] GC(17) Compaction Phase
[0.306s][info][gc,phases      ] GC(17) Compaction Phase 3.635ms
[0.306s][info][gc,phases,start] GC(17) Post Compact
[0.306s][info][gc,phases      ] GC(17) Post Compact 0.102ms
[0.307s][info][gc,heap        ] GC(17) PSYoungGen: 3584K(14336K)->1901K(14336K) Eden: 0K(8704K)->0K(8704K) From: 3584K(5632K)->1901K(5632K)
[0.307s][info][gc,heap        ] GC(17) ParOldGen: 17583K(19456K)->18971K(28160K)
[0.307s][info][gc,metaspace   ] GC(17) Metaspace: 6298K(6464K)->6298K(6464K) NonClass: 5765K(5824K)->5765K(5824K) Class: 533K(640K)->533K(640K)
[0.307s][info][gc             ] GC(17) Pause Full (Ergonomics) 20M->20M(41M) 9.664ms
[0.307s][info][gc,cpu         ] GC(17) User=0.00s Sys=0.00s Real=0.01s
[0.317s][info][gc,start       ] GC(18) Pause Young (Allocation Failure)
[0.321s][info][gc,heap        ] GC(18) PSYoungGen: 10605K(14336K)->5152K(14336K) Eden: 8704K(8704K)->0K(8704K) From: 1901K(5632K)->5152K(5632K)
[0.321s][info][gc,heap        ] GC(18) ParOldGen: 18971K(28160K)->20931K(28160K)
[0.321s][info][gc,metaspace   ] GC(18) Metaspace: 6298K(6464K)->6298K(6464K) NonClass: 5765K(5824K)->5765K(5824K) Class: 533K(640K)->533K(640K)
[0.321s][info][gc             ] GC(18) Pause Young (Allocation Failure) 28M->25M(41M) 4.608ms
[0.321s][info][gc,cpu         ] GC(18) User=0.00s Sys=0.00s Real=0.00s
[0.327s][info][gc,start       ] GC(19) Pause Young (Allocation Failure)
[0.332s][info][gc,heap        ] GC(19) PSYoungGen: 13856K(14336K)->4640K(18432K) Eden: 8704K(8704K)->0K(11776K) From: 5152K(5632K)->4640K(6656K)
[0.332s][info][gc,heap        ] GC(19) ParOldGen: 20931K(28160K)->26019K(28160K)
[0.332s][info][gc,metaspace   ] GC(19) Metaspace: 6298K(6464K)->6298K(6464K) NonClass: 5765K(5824K)->5765K(5824K) Class: 533K(640K)->533K(640K)
[0.332s][info][gc             ] GC(19) Pause Young (Allocation Failure) 33M->29M(45M) 5.614ms
[0.332s][info][gc,cpu         ] GC(19) User=0.00s Sys=0.00s Real=0.00s
[0.332s][info][gc,start       ] GC(20) Pause Full (Ergonomics)
[0.332s][info][gc,phases,start] GC(20) Marking Phase
[0.341s][info][gc,phases      ] GC(20) Marking Phase 8.134ms
[0.341s][info][gc,phases,start] GC(20) Summary Phase
[0.341s][info][gc,phases      ] GC(20) Summary Phase 0.015ms
[0.341s][info][gc,phases,start] GC(20) Adjust Roots
[0.341s][info][gc,phases      ] GC(20) Adjust Roots 0.199ms
[0.341s][info][gc,phases,start] GC(20) Compaction Phase
[0.349s][info][gc,phases      ] GC(20) Compaction Phase 8.161ms
[0.349s][info][gc,phases,start] GC(20) Post Compact
[0.349s][info][gc,phases      ] GC(20) Post Compact 0.119ms
[0.349s][info][gc,heap        ] GC(20) PSYoungGen: 4640K(18432K)->1941K(18432K) Eden: 0K(11776K)->0K(11776K) From: 4640K(6656K)->1941K(6656K)
[0.349s][info][gc,heap        ] GC(20) ParOldGen: 26019K(28160K)->27908K(38912K)
[0.349s][info][gc,metaspace   ] GC(20) Metaspace: 6298K(6464K)->6298K(6464K) NonClass: 5765K(5824K)->5765K(5824K) Class: 533K(640K)->533K(640K)
[0.349s][info][gc             ] GC(20) Pause Full (Ergonomics) 29M->29M(56M) 17.016ms
[0.349s][info][gc,cpu         ] GC(20) User=0.02s Sys=0.00s Real=0.02s
[0.358s][info][gc,start       ] GC(21) Pause Young (Allocation Failure)
[0.363s][info][gc,heap        ] GC(21) PSYoungGen: 13717K(18432K)->6656K(18432K) Eden: 11776K(11776K)->0K(11776K) From: 1941K(6656K)->6656K(6656K)
[0.363s][info][gc,heap        ] GC(21) ParOldGen: 27908K(38912K)->30284K(38912K)
[0.364s][info][gc,metaspace   ] GC(21) Metaspace: 6298K(6464K)->6298K(6464K) NonClass: 5765K(5824K)->5765K(5824K) Class: 533K(640K)->533K(640K)
[0.364s][info][gc             ] GC(21) Pause Young (Allocation Failure) 40M->36M(56M) 5.945ms
[0.364s][info][gc,cpu         ] GC(21) User=0.00s Sys=0.00s Real=0.01s
[0.380s][info][gc,start       ] GC(22) Pause Young (Allocation Failure)
[0.391s][info][gc,heap        ] GC(22) PSYoungGen: 18432K(18432K)->8672K(18944K) Eden: 11776K(11776K)->0K(10240K) From: 6656K(6656K)->8672K(8704K)
[0.391s][info][gc,heap        ] GC(22) ParOldGen: 30284K(38912K)->40196K(40448K)
[0.391s][info][gc,metaspace   ] GC(22) Metaspace: 6298K(6464K)->6298K(6464K) NonClass: 5765K(5824K)->5765K(5824K) Class: 533K(640K)->533K(640K)
[0.391s][info][gc             ] GC(22) Pause Young (Allocation Failure) 47M->47M(58M) 10.611ms
[0.391s][info][gc,cpu         ] GC(22) User=0.02s Sys=0.00s Real=0.01s
[0.391s][info][gc,start       ] GC(23) Pause Full (Ergonomics)
[0.391s][info][gc,phases,start] GC(23) Marking Phase
[0.401s][info][gc,phases      ] GC(23) Marking Phase 9.844ms
[0.401s][info][gc,phases,start] GC(23) Summary Phase
[0.401s][info][gc,phases      ] GC(23) Summary Phase 0.016ms
[0.401s][info][gc,phases,start] GC(23) Adjust Roots
[0.401s][info][gc,phases      ] GC(23) Adjust Roots 0.173ms
[0.401s][info][gc,phases,start] GC(23) Compaction Phase
[0.413s][info][gc,phases      ] GC(23) Compaction Phase 11.903ms
[0.413s][info][gc,phases,start] GC(23) Post Compact
[0.413s][info][gc,phases      ] GC(23) Post Compact 0.179ms
[0.413s][info][gc,heap        ] GC(23) PSYoungGen: 8672K(18944K)->8658K(18944K) Eden: 0K(10240K)->0K(10240K) From: 8672K(8704K)->8658K(8704K)
[0.413s][info][gc,heap        ] GC(23) ParOldGen: 40196K(40448K)->38934K(54272K)
[0.413s][info][gc,metaspace   ] GC(23) Metaspace: 6298K(6464K)->6298K(6464K) NonClass: 5765K(5824K)->5765K(5824K) Class: 533K(640K)->533K(640K)
[0.413s][info][gc             ] GC(23) Pause Full (Ergonomics) 47M->46M(71M) 22.548ms
[0.413s][info][gc,cpu         ] GC(23) User=0.02s Sys=0.00s Real=0.02s
[0.423s][info][gc,start       ] GC(24) Pause Young (Allocation Failure)
[0.435s][info][gc,heap        ] GC(24) PSYoungGen: 18898K(18944K)->10336K(24064K) Eden: 10240K(10240K)->0K(10240K) From: 8658K(8704K)->10336K(13824K)
[0.435s][info][gc,heap        ] GC(24) ParOldGen: 38934K(54272K)->47718K(54272K)
[0.435s][info][gc,metaspace   ] GC(24) Metaspace: 6298K(6464K)->6298K(6464K) NonClass: 5765K(5824K)->5765K(5824K) Class: 533K(640K)->533K(640K)
[0.435s][info][gc             ] GC(24) Pause Young (Allocation Failure) 56M->56M(76M) 11.917ms
[0.435s][info][gc,cpu         ] GC(24) User=0.00s Sys=0.00s Real=0.01s
[0.435s][info][gc,start       ] GC(25) Pause Full (Ergonomics)
[0.435s][info][gc,phases,start] GC(25) Marking Phase
[0.449s][info][gc,phases      ] GC(25) Marking Phase 13.803ms
[0.449s][info][gc,phases,start] GC(25) Summary Phase
[0.449s][info][gc,phases      ] GC(25) Summary Phase 0.022ms
[0.449s][info][gc,phases,start] GC(25) Adjust Roots
[0.450s][info][gc,phases      ] GC(25) Adjust Roots 0.184ms
[0.450s][info][gc,phases,start] GC(25) Compaction Phase
[0.460s][info][gc,phases      ] GC(25) Compaction Phase 10.280ms
[0.460s][info][gc,phases,start] GC(25) Post Compact
[0.460s][info][gc,phases      ] GC(25) Post Compact 0.253ms
[0.460s][info][gc,heap        ] GC(25) PSYoungGen: 10336K(24064K)->3657K(24064K) Eden: 0K(10240K)->0K(10240K) From: 10336K(13824K)->3657K(13824K)
[0.460s][info][gc,heap        ] GC(25) ParOldGen: 47718K(54272K)->54139K(72704K)
[0.460s][info][gc,metaspace   ] GC(25) Metaspace: 6298K(6464K)->6298K(6464K) NonClass: 5765K(5824K)->5765K(5824K) Class: 533K(640K)->533K(640K)
[0.460s][info][gc             ] GC(25) Pause Full (Ergonomics) 56M->56M(94M) 24.862ms
[0.460s][info][gc,cpu         ] GC(25) User=0.00s Sys=0.00s Real=0.02s
[0.471s][info][gc,start       ] GC(26) Pause Young (Allocation Failure)
[0.480s][info][gc,heap        ] GC(26) PSYoungGen: 13897K(24064K)->10336K(26112K) Eden: 10240K(10240K)->0K(11264K) From: 3657K(13824K)->10336K(14848K)
[0.481s][info][gc,heap        ] GC(26) ParOldGen: 54139K(72704K)->57875K(72704K)
[0.481s][info][gc,metaspace   ] GC(26) Metaspace: 6298K(6464K)->6298K(6464K) NonClass: 5765K(5824K)->5765K(5824K) Class: 533K(640K)->533K(640K)
[0.481s][info][gc             ] GC(26) Pause Young (Allocation Failure) 66M->66M(96M) 9.543ms
[0.481s][info][gc,cpu         ] GC(26) User=0.02s Sys=0.00s Real=0.01s
[0.492s][info][gc,start       ] GC(27) Pause Young (Allocation Failure)
[0.502s][info][gc,heap        ] GC(27) PSYoungGen: 21600K(26112K)->15872K(27136K) Eden: 11264K(11264K)->0K(11264K) From: 10336K(14848K)->15872K(15872K)
[0.502s][info][gc,heap        ] GC(27) ParOldGen: 57875K(72704K)->63587K(72704K)
[0.502s][info][gc,metaspace   ] GC(27) Metaspace: 6298K(6464K)->6298K(6464K) NonClass: 5765K(5824K)->5765K(5824K) Class: 533K(640K)->533K(640K)
[0.502s][info][gc             ] GC(27) Pause Young (Allocation Failure) 77M->77M(97M) 10.543ms
[0.503s][info][gc,cpu         ] GC(27) User=0.02s Sys=0.00s Real=0.01s
[0.503s][info][gc,start       ] GC(28) Pause Full (Ergonomics)
[0.503s][info][gc,phases,start] GC(28) Marking Phase
[0.522s][info][gc,phases      ] GC(28) Marking Phase 19.715ms
[0.522s][info][gc,phases,start] GC(28) Summary Phase
[0.522s][info][gc,phases      ] GC(28) Summary Phase 0.017ms
[0.522s][info][gc,phases,start] GC(28) Adjust Roots
[0.523s][info][gc,phases      ] GC(28) Adjust Roots 0.201ms
[0.523s][info][gc,phases,start] GC(28) Compaction Phase
[0.533s][info][gc,phases      ] GC(28) Compaction Phase 10.173ms
[0.533s][info][gc,phases,start] GC(28) Post Compact
[0.533s][info][gc,phases      ] GC(28) Post Compact 0.356ms
[0.533s][info][gc,heap        ] GC(28) PSYoungGen: 15872K(27136K)->6641K(27136K) Eden: 0K(11264K)->0K(11264K) From: 15872K(15872K)->6641K(15872K)
[0.533s][info][gc,heap        ] GC(28) ParOldGen: 63587K(72704K)->72597K(92672K)
[0.533s][info][gc,metaspace   ] GC(28) Metaspace: 6298K(6464K)->6298K(6464K) NonClass: 5765K(5824K)->5765K(5824K) Class: 533K(640K)->533K(640K)
[0.533s][info][gc             ] GC(28) Pause Full (Ergonomics) 77M->77M(117M) 30.831ms
[0.533s][info][gc,cpu         ] GC(28) User=0.11s Sys=0.00s Real=0.03s
[0.544s][info][gc,start       ] GC(29) Pause Young (Allocation Failure)
[0.555s][info][gc,heap        ] GC(29) PSYoungGen: 16303K(27136K)->9600K(32256K) Eden: 9661K(11264K)->0K(13312K) From: 6641K(15872K)->9600K(18944K)
[0.556s][info][gc,heap        ] GC(29) ParOldGen: 72597K(92672K)->79365K(92672K)
[0.556s][info][gc,metaspace   ] GC(29) Metaspace: 6298K(6464K)->6298K(6464K) NonClass: 5765K(5824K)->5765K(5824K) Class: 533K(640K)->533K(640K)
[0.556s][info][gc             ] GC(29) Pause Young (Allocation Failure) 86M->86M(122M) 11.462ms
[0.556s][info][gc,cpu         ] GC(29) User=0.00s Sys=0.00s Real=0.01s
[0.577s][info][gc,start       ] GC(30) Pause Young (Allocation Failure)
[0.591s][info][gc,heap        ] GC(30) PSYoungGen: 22912K(32256K)->19936K(33280K) Eden: 13312K(13312K)->0K(13312K) From: 9600K(18944K)->19936K(19968K)
[0.591s][info][gc,heap        ] GC(30) ParOldGen: 79365K(92672K)->82317K(92672K)
[0.591s][info][gc,metaspace   ] GC(30) Metaspace: 6298K(6464K)->6298K(6464K) NonClass: 5765K(5824K)->5765K(5824K) Class: 533K(640K)->533K(640K)
[0.591s][info][gc             ] GC(30) Pause Young (Allocation Failure) 99M->99M(123M) 13.921ms
[0.591s][info][gc,cpu         ] GC(30) User=0.00s Sys=0.02s Real=0.01s
[0.603s][info][gc,start       ] GC(31) Pause Young (Allocation Failure)
[0.621s][info][gc,heap        ] GC(31) PSYoungGen: 33248K(33280K)->13440K(40960K) Eden: 13312K(13312K)->0K(16384K) From: 19936K(19968K)->13440K(24576K)
[0.621s][info][gc,heap        ] GC(31) ParOldGen: 82317K(92672K)->102509K(102912K)
[0.621s][info][gc,metaspace   ] GC(31) Metaspace: 6298K(6464K)->6298K(6464K) NonClass: 5765K(5824K)->5765K(5824K) Class: 533K(640K)->533K(640K)
[0.621s][info][gc             ] GC(31) Pause Young (Allocation Failure) 112M->113M(140M) 18.023ms
[0.621s][info][gc,cpu         ] GC(31) User=0.03s Sys=0.00s Real=0.02s
[0.621s][info][gc,start       ] GC(32) Pause Full (Ergonomics)
[0.621s][info][gc,phases,start] GC(32) Marking Phase
[0.647s][info][gc,phases      ] GC(32) Marking Phase 25.572ms
[0.647s][info][gc,phases,start] GC(32) Summary Phase
[0.647s][info][gc,phases      ] GC(32) Summary Phase 0.015ms
[0.647s][info][gc,phases,start] GC(32) Adjust Roots
[0.647s][info][gc,phases      ] GC(32) Adjust Roots 0.169ms
[0.647s][info][gc,phases,start] GC(32) Compaction Phase
[0.675s][info][gc,phases      ] GC(32) Compaction Phase 28.442ms
[0.675s][info][gc,phases,start] GC(32) Post Compact
[0.676s][info][gc,phases      ] GC(32) Post Compact 0.428ms
[0.676s][info][gc,heap        ] GC(32) PSYoungGen: 13440K(40960K)->10724K(40960K) Eden: 0K(16384K)->0K(16384K) From: 13440K(24576K)->10724K(24576K)
[0.676s][info][gc,heap        ] GC(32) ParOldGen: 102509K(102912K)->102524K(130048K)
[0.676s][info][gc,metaspace   ] GC(32) Metaspace: 6298K(6464K)->6298K(6464K) NonClass: 5765K(5824K)->5765K(5824K) Class: 533K(640K)->533K(640K)
[0.676s][info][gc             ] GC(32) Pause Full (Ergonomics) 113M->110M(167M) 55.027ms
[0.676s][info][gc,cpu         ] GC(32) User=0.22s Sys=0.00s Real=0.06s
[0.693s][info][gc,start       ] GC(33) Pause Young (Allocation Failure)
[0.710s][info][gc,heap        ] GC(33) PSYoungGen: 27108K(40960K)->16480K(40960K) Eden: 16384K(16384K)->0K(16384K) From: 10724K(24576K)->16480K(24576K)
[0.710s][info][gc,heap        ] GC(33) ParOldGen: 102524K(130048K)->113420K(130048K)
[0.710s][info][gc,metaspace   ] GC(33) Metaspace: 6298K(6464K)->6298K(6464K) NonClass: 5765K(5824K)->5765K(5824K) Class: 533K(640K)->533K(640K)
[0.710s][info][gc             ] GC(33) Pause Young (Allocation Failure) 126M->126M(167M) 17.626ms
[0.710s][info][gc,cpu         ] GC(33) User=0.11s Sys=0.00s Real=0.02s
[0.727s][info][gc,start       ] GC(34) Pause Young (Allocation Failure)
[0.744s][info][gc,heap        ] GC(34) PSYoungGen: 32864K(40960K)->25600K(38912K) Eden: 16384K(16384K)->0K(13312K) From: 16480K(24576K)->25600K(25600K)
[0.744s][info][gc,heap        ] GC(34) ParOldGen: 113420K(130048K)->120700K(130048K)
[0.744s][info][gc,metaspace   ] GC(34) Metaspace: 6298K(6464K)->6298K(6464K) NonClass: 5765K(5824K)->5765K(5824K) Class: 533K(640K)->533K(640K)
[0.744s][info][gc             ] GC(34) Pause Young (Allocation Failure) 142M->142M(165M) 17.213ms
[0.744s][info][gc,cpu         ] GC(34) User=0.11s Sys=0.00s Real=0.02s
[0.744s][info][gc,start       ] GC(35) Pause Full (Ergonomics)
[0.744s][info][gc,phases,start] GC(35) Marking Phase
[0.780s][info][gc,phases      ] GC(35) Marking Phase 35.809ms
[0.780s][info][gc,phases,start] GC(35) Summary Phase
[0.780s][info][gc,phases      ] GC(35) Summary Phase 0.016ms
[0.780s][info][gc,phases,start] GC(35) Adjust Roots
[0.780s][info][gc,phases      ] GC(35) Adjust Roots 0.192ms
[0.780s][info][gc,phases,start] GC(35) Compaction Phase
[0.799s][info][gc,phases      ] GC(35) Compaction Phase 19.078ms
[0.799s][info][gc,phases,start] GC(35) Post Compact
[0.800s][info][gc,phases      ] GC(35) Post Compact 0.627ms
[0.800s][info][gc,heap        ] GC(35) PSYoungGen: 25600K(38912K)->16347K(38912K) Eden: 0K(13312K)->0K(13312K) From: 25600K(25600K)->16347K(25600K)
[0.800s][info][gc,heap        ] GC(35) ParOldGen: 120700K(130048K)->129610K(159744K)
[0.800s][info][gc,metaspace   ] GC(35) Metaspace: 6298K(6464K)->6298K(6464K) NonClass: 5765K(5824K)->5765K(5824K) Class: 533K(640K)->533K(640K)
[0.800s][info][gc             ] GC(35) Pause Full (Ergonomics) 142M->142M(194M) 56.282ms
[0.800s][info][gc,cpu         ] GC(35) User=0.23s Sys=0.00s Real=0.06s
[0.814s][info][gc,start       ] GC(36) Pause Young (Allocation Failure)
[0.833s][info][gc,heap        ] GC(36) PSYoungGen: 29659K(38912K)->13440K(45568K) Eden: 13312K(13312K)->0K(13312K) From: 16347K(25600K)->13440K(32256K)
[0.833s][info][gc,heap        ] GC(36) ParOldGen: 129610K(159744K)->146210K(159744K)
[0.833s][info][gc,metaspace   ] GC(36) Metaspace: 6298K(6464K)->6298K(6464K) NonClass: 5765K(5824K)->5765K(5824K) Class: 533K(640K)->533K(640K)
[0.833s][info][gc             ] GC(36) Pause Young (Allocation Failure) 155M->155M(200M) 19.467ms
[0.833s][info][gc,cpu         ] GC(36) User=0.06s Sys=0.02s Real=0.02s
[0.833s][info][gc,start       ] GC(37) Pause Full (Ergonomics)
[0.833s][info][gc,phases,start] GC(37) Marking Phase
[0.868s][info][gc,phases      ] GC(37) Marking Phase 34.461ms
[0.868s][info][gc,phases,start] GC(37) Summary Phase
[0.868s][info][gc,phases      ] GC(37) Summary Phase 0.026ms
[0.868s][info][gc,phases,start] GC(37) Adjust Roots
[0.868s][info][gc,phases      ] GC(37) Adjust Roots 0.186ms
[0.868s][info][gc,phases,start] GC(37) Compaction Phase
[0.885s][info][gc,phases      ] GC(37) Compaction Phase 16.545ms
[0.885s][info][gc,phases,start] GC(37) Post Compact
[0.885s][info][gc,phases      ] GC(37) Post Compact 0.728ms
[0.886s][info][gc,heap        ] GC(37) PSYoungGen: 13440K(45568K)->0K(46080K) Eden: 0K(13312K)->0K(15360K) From: 13440K(32256K)->0K(30720K)
[0.886s][info][gc,heap        ] GC(37) ParOldGen: 146210K(159744K)->159240K(194048K)
[0.886s][info][gc,metaspace   ] GC(37) Metaspace: 6298K(6464K)->6298K(6464K) NonClass: 5765K(5824K)->5765K(5824K) Class: 533K(640K)->533K(640K)
[0.886s][info][gc             ] GC(37) Pause Full (Ergonomics) 155M->155M(234M) 52.371ms
[0.886s][info][gc,cpu         ] GC(37) User=0.22s Sys=0.00s Real=0.05s
[0.901s][info][gc,start       ] GC(38) Pause Young (Allocation Failure)
[0.910s][info][gc,heap        ] GC(38) PSYoungGen: 15360K(46080K)->15424K(46080K) Eden: 15360K(15360K)->0K(15360K) From: 0K(30720K)->15424K(30720K)
[0.910s][info][gc,heap        ] GC(38) ParOldGen: 159240K(194048K)->159240K(194048K)
[0.910s][info][gc,metaspace   ] GC(38) Metaspace: 6298K(6464K)->6298K(6464K) NonClass: 5765K(5824K)->5765K(5824K) Class: 533K(640K)->533K(640K)
[0.910s][info][gc             ] GC(38) Pause Young (Allocation Failure) 170M->170M(234M) 8.995ms
[0.910s][info][gc,cpu         ] GC(38) User=0.02s Sys=0.00s Real=0.01s
[0.943s][info][gc,start       ] GC(39) Pause Young (Allocation Failure)
[0.964s][info][gc,heap        ] GC(39) PSYoungGen: 30784K(46080K)->29664K(41984K) Eden: 15360K(15360K)->0K(12288K) From: 15424K(30720K)->29664K(29696K)
[0.964s][info][gc,heap        ] GC(39) ParOldGen: 159240K(194048K)->160336K(194048K)
[0.964s][info][gc,metaspace   ] GC(39) Metaspace: 6298K(6464K)->6298K(6464K) NonClass: 5765K(5824K)->5765K(5824K) Class: 533K(640K)->533K(640K)
[0.964s][info][gc             ] GC(39) Pause Young (Allocation Failure) 185M->185M(230M) 20.698ms
[0.964s][info][gc,cpu         ] GC(39) User=0.03s Sys=0.00s Real=0.02s
[0.976s][info][gc,start       ] GC(40) Pause Young (Allocation Failure)
[0.997s][info][gc,heap        ] GC(40) PSYoungGen: 41952K(41984K)->27744K(47104K) Eden: 12288K(12288K)->0K(12288K) From: 29664K(29696K)->27744K(34816K)
[0.997s][info][gc,heap        ] GC(40) ParOldGen: 160336K(194048K)->174864K(194048K)
[0.997s][info][gc,metaspace   ] GC(40) Metaspace: 6298K(6464K)->6298K(6464K) NonClass: 5765K(5824K)->5765K(5824K) Class: 533K(640K)->533K(640K)
[0.997s][info][gc             ] GC(40) Pause Young (Allocation Failure) 197M->197M(235M) 21.756ms
[0.997s][info][gc,cpu         ] GC(40) User=0.03s Sys=0.00s Real=0.02s
[0.997s][info][gc,start       ] GC(41) Pause Full (Ergonomics)
[0.997s][info][gc,phases,start] GC(41) Marking Phase
[1.046s][info][gc,phases      ] GC(41) Marking Phase 48.877ms
[1.046s][info][gc,phases,start] GC(41) Summary Phase
[1.046s][info][gc,phases      ] GC(41) Summary Phase 0.018ms
[1.046s][info][gc,phases,start] GC(41) Adjust Roots
[1.047s][info][gc,phases      ] GC(41) Adjust Roots 0.205ms
[1.047s][info][gc,phases,start] GC(41) Compaction Phase
[1.085s][info][gc,phases      ] GC(41) Compaction Phase 38.331ms
[1.085s][info][gc,phases,start] GC(41) Post Compact
[1.086s][info][gc,phases      ] GC(41) Post Compact 0.924ms
[1.086s][info][gc,heap        ] GC(41) PSYoungGen: 27744K(47104K)->4079K(47104K) Eden: 0K(12288K)->0K(12288K) From: 27744K(34816K)->4079K(34816K)
[1.086s][info][gc,heap        ] GC(41) ParOldGen: 174864K(194048K)->193994K(231936K)
[1.086s][info][gc,metaspace   ] GC(41) Metaspace: 6298K(6464K)->6298K(6464K) NonClass: 5765K(5824K)->5765K(5824K) Class: 533K(640K)->533K(640K)
[1.086s][info][gc             ] GC(41) Pause Full (Ergonomics) 197M->193M(272M) 88.898ms
[1.086s][info][gc,cpu         ] GC(41) User=0.42s Sys=0.00s Real=0.09s
[1.100s][info][gc,start       ] GC(42) Pause Young (Allocation Failure)
[1.117s][info][gc,heap        ] GC(42) PSYoungGen: 16367K(47104K)->16480K(48128K) Eden: 12288K(12288K)->0K(14336K) From: 4079K(34816K)->16480K(33792K)
[1.117s][info][gc,heap        ] GC(42) ParOldGen: 193994K(231936K)->193994K(231936K)
[1.117s][info][gc,metaspace   ] GC(42) Metaspace: 6298K(6464K)->6298K(6464K) NonClass: 5765K(5824K)->5765K(5824K) Class: 533K(640K)->533K(640K)
[1.117s][info][gc             ] GC(42) Pause Young (Allocation Failure) 205M->205M(273M) 17.139ms
[1.117s][info][gc,cpu         ] GC(42) User=0.08s Sys=0.00s Real=0.02s
[1.132s][info][gc,start       ] GC(43) Pause Young (Allocation Failure)
[1.148s][info][gc,heap        ] GC(43) PSYoungGen: 30816K(48128K)->30816K(50176K) Eden: 14336K(14336K)->0K(14336K) From: 16480K(33792K)->30816K(35840K)
[1.148s][info][gc,heap        ] GC(43) ParOldGen: 193994K(231936K)->193994K(231936K)
[1.148s][info][gc,metaspace   ] GC(43) Metaspace: 6298K(6464K)->6298K(6464K) NonClass: 5765K(5824K)->5765K(5824K) Class: 533K(640K)->533K(640K)
[1.148s][info][gc             ] GC(43) Pause Young (Allocation Failure) 219M->219M(275M) 15.634ms
[1.148s][info][gc,cpu         ] GC(43) User=0.02s Sys=0.00s Real=0.02s
[1.164s][info][gc,start       ] GC(44) Pause Young (Allocation Failure)
[1.186s][info][gc,heap        ] GC(44) PSYoungGen: 45152K(50176K)->38912K(47616K) Eden: 14336K(14336K)->0K(8704K) From: 30816K(35840K)->38912K(38912K)
[1.186s][info][gc,heap        ] GC(44) ParOldGen: 193994K(231936K)->200226K(231936K)
[1.186s][info][gc,metaspace   ] GC(44) Metaspace: 6298K(6464K)->6298K(6464K) NonClass: 5765K(5824K)->5765K(5824K) Class: 533K(640K)->533K(640K)
[1.186s][info][gc             ] GC(44) Pause Young (Allocation Failure) 233M->233M(273M) 22.126ms
[1.186s][info][gc,cpu         ] GC(44) User=0.09s Sys=0.00s Real=0.02s
[1.197s][info][gc,start       ] GC(45) Pause Young (Allocation Failure)
[1.218s][info][gc,heap        ] GC(45) PSYoungGen: 47616K(47616K)->43584K(55808K) Eden: 8704K(8704K)->0K(8704K) From: 38912K(38912K)->43584K(47104K)
[1.218s][info][gc,heap        ] GC(45) ParOldGen: 200226K(231936K)->204386K(231936K)
[1.218s][info][gc,metaspace   ] GC(45) Metaspace: 6298K(6464K)->6298K(6464K) NonClass: 5765K(5824K)->5765K(5824K) Class: 533K(640K)->533K(640K)
[1.218s][info][gc             ] GC(45) Pause Young (Allocation Failure) 242M->242M(281M) 21.781ms
[1.218s][info][gc,cpu         ] GC(45) User=0.12s Sys=0.00s Real=0.02s
[1.228s][info][gc,start       ] GC(46) Pause Young (Allocation Failure)
[1.252s][info][gc,heap        ] GC(46) PSYoungGen: 52288K(55808K)->41408K(59904K) Eden: 8704K(8704K)->0K(6656K) From: 43584K(47104K)->41408K(53248K)
[1.252s][info][gc,heap        ] GC(46) ParOldGen: 204386K(231936K)->215442K(231936K)
[1.252s][info][gc,metaspace   ] GC(46) Metaspace: 6298K(6464K)->6298K(6464K) NonClass: 5765K(5824K)->5765K(5824K) Class: 533K(640K)->533K(640K)
[1.252s][info][gc             ] GC(46) Pause Young (Allocation Failure) 250M->250M(285M) 24.379ms
[1.252s][info][gc,cpu         ] GC(46) User=0.09s Sys=0.00s Real=0.02s
[1.252s][info][gc,start       ] GC(47) Pause Full (Ergonomics)
[1.253s][info][gc,phases,start] GC(47) Marking Phase
[1.311s][info][gc,phases      ] GC(47) Marking Phase 58.478ms
[1.311s][info][gc,phases,start] GC(47) Summary Phase
[1.311s][info][gc,phases      ] GC(47) Summary Phase 0.017ms
[1.311s][info][gc,phases,start] GC(47) Adjust Roots
[1.311s][info][gc,phases      ] GC(47) Adjust Roots 0.186ms
[1.311s][info][gc,phases,start] GC(47) Compaction Phase
[1.342s][info][gc,phases      ] GC(47) Compaction Phase 30.520ms
[1.342s][info][gc,phases,start] GC(47) Post Compact
[1.343s][info][gc,phases      ] GC(47) Post Compact 1.232ms
[1.343s][info][gc,heap        ] GC(47) PSYoungGen: 41408K(59904K)->24365K(59904K) Eden: 0K(6656K)->0K(6656K) From: 41408K(53248K)->24365K(53248K)
[1.343s][info][gc,heap        ] GC(47) ParOldGen: 215442K(231936K)->231926K(269824K)
[1.343s][info][gc,metaspace   ] GC(47) Metaspace: 6298K(6464K)->6298K(6464K) NonClass: 5765K(5824K)->5765K(5824K) Class: 533K(640K)->533K(640K)
[1.343s][info][gc             ] GC(47) Pause Full (Ergonomics) 250M->250M(322M) 90.927ms
[1.343s][info][gc,cpu         ] GC(47) User=0.39s Sys=0.03s Real=0.09s
[1.352s][info][gc,start       ] GC(48) Pause Young (Allocation Failure)
[1.376s][info][gc,heap        ] GC(48) PSYoungGen: 31021K(59904K)->17856K(24576K) Eden: 6656K(6656K)->0K(6656K) From: 24365K(53248K)->17856K(17920K)
[1.376s][info][gc,heap        ] GC(48) ParOldGen: 231926K(269824K)->245430K(269824K)
[1.376s][info][gc,metaspace   ] GC(48) Metaspace: 6298K(6464K)->6298K(6464K) NonClass: 5765K(5824K)->5765K(5824K) Class: 533K(640K)->533K(640K)
[1.376s][info][gc             ] GC(48) Pause Young (Allocation Failure) 256M->257M(287M) 23.728ms
[1.376s][info][gc,cpu         ] GC(48) User=0.09s Sys=0.02s Real=0.02s
[1.383s][info][gc,start       ] GC(49) Pause Young (Allocation Failure)
[1.396s][info][gc,heap        ] GC(49) PSYoungGen: 24512K(24576K)->19168K(58880K) Eden: 6656K(6656K)->0K(8192K) From: 17856K(17920K)->19168K(50688K)
[1.396s][info][gc,heap        ] GC(49) ParOldGen: 245430K(269824K)->250782K(269824K)
[1.396s][info][gc,metaspace   ] GC(49) Metaspace: 6298K(6464K)->6298K(6464K) NonClass: 5765K(5824K)->5765K(5824K) Class: 533K(640K)->533K(640K)
[1.396s][info][gc             ] GC(49) Pause Young (Allocation Failure) 263M->263M(321M) 12.539ms
[1.396s][info][gc,cpu         ] GC(49) User=0.02s Sys=0.00s Real=0.01s
[1.405s][info][gc,start       ] GC(50) Pause Young (Allocation Failure)
[1.419s][info][gc,heap        ] GC(50) PSYoungGen: 27360K(58880K)->14880K(60928K) Eden: 8192K(8192K)->0K(8192K) From: 19168K(50688K)->14880K(52736K)
[1.419s][info][gc,heap        ] GC(50) ParOldGen: 250782K(269824K)->263414K(269824K)
[1.419s][info][gc,metaspace   ] GC(50) Metaspace: 6298K(6464K)->6298K(6464K) NonClass: 5765K(5824K)->5765K(5824K) Class: 533K(640K)->533K(640K)
[1.419s][info][gc             ] GC(50) Pause Young (Allocation Failure) 271M->271M(323M) 14.006ms
[1.419s][info][gc,cpu         ] GC(50) User=0.02s Sys=0.00s Real=0.01s
[1.419s][info][gc,start       ] GC(51) Pause Full (Ergonomics)
[1.419s][info][gc,phases,start] GC(51) Marking Phase
[1.486s][info][gc,phases      ] GC(51) Marking Phase 67.622ms
[1.487s][info][gc,phases,start] GC(51) Summary Phase
[1.487s][info][gc,phases      ] GC(51) Summary Phase 0.018ms
[1.487s][info][gc,phases,start] GC(51) Adjust Roots
[1.487s][info][gc,phases      ] GC(51) Adjust Roots 0.196ms
[1.487s][info][gc,phases,start] GC(51) Compaction Phase
[1.517s][info][gc,phases      ] GC(51) Compaction Phase 30.049ms
[1.517s][info][gc,phases,start] GC(51) Post Compact
[1.518s][info][gc,phases      ] GC(51) Post Compact 1.380ms
[1.519s][info][gc,heap        ] GC(51) PSYoungGen: 14880K(60928K)->8139K(60928K) Eden: 0K(8192K)->0K(8192K) From: 14880K(52736K)->8139K(52736K)
[1.519s][info][gc,heap        ] GC(51) ParOldGen: 263414K(269824K)->269561K(311296K)
[1.519s][info][gc,metaspace   ] GC(51) Metaspace: 6298K(6464K)->6298K(6464K) NonClass: 5765K(5824K)->5765K(5824K) Class: 533K(640K)->533K(640K)
[1.519s][info][gc             ] GC(51) Pause Full (Ergonomics) 271M->271M(363M) 99.929ms
[1.519s][info][gc,cpu         ] GC(51) User=0.45s Sys=0.03s Real=0.10s
[1.528s][info][gc,start       ] GC(52) Pause Young (Allocation Failure)
[1.550s][info][gc,heap        ] GC(52) PSYoungGen: 16331K(60928K)->8256K(58880K) Eden: 8192K(8192K)->0K(9216K) From: 8139K(52736K)->8256K(49664K)
[1.550s][info][gc,heap        ] GC(52) ParOldGen: 269561K(311296K)->277841K(311296K)
[1.550s][info][gc,metaspace   ] GC(52) Metaspace: 6298K(6464K)->6298K(6464K) NonClass: 5765K(5824K)->5765K(5824K) Class: 533K(640K)->533K(640K)
[1.550s][info][gc             ] GC(52) Pause Young (Allocation Failure) 279M->279M(361M) 21.400ms
[1.550s][info][gc,cpu         ] GC(52) User=0.08s Sys=0.00s Real=0.02s
[1.561s][info][gc,start       ] GC(53) Pause Young (Allocation Failure)
[1.572s][info][gc,heap        ] GC(53) PSYoungGen: 17472K(58880K)->9312K(59904K) Eden: 9216K(9216K)->0K(9216K) From: 8256K(49664K)->9312K(50688K)
[1.572s][info][gc,heap        ] GC(53) ParOldGen: 277841K(311296K)->286153K(311296K)
[1.572s][info][gc,metaspace   ] GC(53) Metaspace: 6298K(6464K)->6298K(6464K) NonClass: 5765K(5824K)->5765K(5824K) Class: 533K(640K)->533K(640K)
[1.572s][info][gc             ] GC(53) Pause Young (Allocation Failure) 288M->288M(362M) 10.908ms
[1.572s][info][gc,cpu         ] GC(53) User=0.00s Sys=0.00s Real=0.01s
[1.583s][info][gc,start       ] GC(54) Pause Young (Allocation Failure)
[1.594s][info][gc,heap        ] GC(54) PSYoungGen: 18528K(59904K)->9312K(58368K) Eden: 9216K(9216K)->0K(10752K) From: 9312K(50688K)->9312K(47616K)
[1.594s][info][gc,heap        ] GC(54) ParOldGen: 286153K(311296K)->295497K(311296K)
[1.594s][info][gc,metaspace   ] GC(54) Metaspace: 6298K(6464K)->6298K(6464K) NonClass: 5765K(5824K)->5765K(5824K) Class: 533K(640K)->533K(640K)
[1.594s][info][gc             ] GC(54) Pause Young (Allocation Failure) 297M->297M(361M) 10.970ms
[1.594s][info][gc,cpu         ] GC(54) User=0.00s Sys=0.02s Real=0.01s
[1.594s][info][gc,start       ] GC(55) Pause Full (Ergonomics)
[1.594s][info][gc,phases,start] GC(55) Marking Phase
[1.668s][info][gc,phases      ] GC(55) Marking Phase 74.554ms
[1.668s][info][gc,phases,start] GC(55) Summary Phase
[1.668s][info][gc,phases      ] GC(55) Summary Phase 0.021ms
[1.668s][info][gc,phases,start] GC(55) Adjust Roots
[1.669s][info][gc,phases      ] GC(55) Adjust Roots 0.195ms
[1.669s][info][gc,phases,start] GC(55) Compaction Phase
[1.697s][info][gc,phases      ] GC(55) Compaction Phase 28.580ms
[1.697s][info][gc,phases,start] GC(55) Post Compact
[1.699s][info][gc,phases      ] GC(55) Post Compact 1.373ms
[1.699s][info][gc,heap        ] GC(55) PSYoungGen: 9312K(58368K)->0K(59392K) Eden: 0K(10752K)->0K(10752K) From: 9312K(47616K)->0K(48640K)
[1.699s][info][gc,heap        ] GC(55) ParOldGen: 295497K(311296K)->304225K(346624K)
[1.699s][info][gc,metaspace   ] GC(55) Metaspace: 6298K(6464K)->6298K(6464K) NonClass: 5765K(5824K)->5765K(5824K) Class: 533K(640K)->533K(640K)
[1.699s][info][gc             ] GC(55) Pause Full (Ergonomics) 297M->297M(396M) 105.172ms
[1.699s][info][gc,cpu         ] GC(55) User=0.58s Sys=0.00s Real=0.11s
[1.712s][info][gc,start       ] GC(56) Pause Young (Allocation Failure)
[1.719s][info][gc,heap        ] GC(56) PSYoungGen: 10752K(59392K)->10848K(57856K) Eden: 10752K(10752K)->0K(12288K) From: 0K(48640K)->10848K(45568K)
[1.719s][info][gc,heap        ] GC(56) ParOldGen: 304225K(346624K)->304225K(346624K)
[1.719s][info][gc,metaspace   ] GC(56) Metaspace: 6298K(6464K)->6298K(6464K) NonClass: 5765K(5824K)->5765K(5824K) Class: 533K(640K)->533K(640K)
[1.719s][info][gc             ] GC(56) Pause Young (Allocation Failure) 307M->307M(395M) 7.198ms
[1.719s][info][gc,cpu         ] GC(56) User=0.02s Sys=0.00s Real=0.01s
[1.734s][info][gc,start       ] GC(57) Pause Young (Allocation Failure)
[1.746s][info][gc,heap        ] GC(57) PSYoungGen: 23136K(57856K)->23136K(59392K) Eden: 12288K(12288K)->0K(12288K) From: 10848K(45568K)->23136K(47104K)
[1.746s][info][gc,heap        ] GC(57) ParOldGen: 304225K(346624K)->304225K(346624K)
[1.746s][info][gc,metaspace   ] GC(57) Metaspace: 6298K(6464K)->6298K(6464K) NonClass: 5765K(5824K)->5765K(5824K) Class: 533K(640K)->533K(640K)
[1.746s][info][gc             ] GC(57) Pause Young (Allocation Failure) 319M->319M(396M) 12.837ms
[1.746s][info][gc,cpu         ] GC(57) User=0.00s Sys=0.00s Real=0.01s
[1.761s][info][gc,start       ] GC(58) Pause Young (Allocation Failure)
[1.779s][info][gc,heap        ] GC(58) PSYoungGen: 35424K(59392K)->35456K(56320K) Eden: 12288K(12288K)->0K(10240K) From: 23136K(47104K)->35456K(46080K)
[1.779s][info][gc,heap        ] GC(58) ParOldGen: 304225K(346624K)->304225K(346624K)
[1.779s][info][gc,metaspace   ] GC(58) Metaspace: 6298K(6464K)->6298K(6464K) NonClass: 5765K(5824K)->5765K(5824K) Class: 533K(640K)->533K(640K)
[1.779s][info][gc             ] GC(58) Pause Young (Allocation Failure) 331M->331M(393M) 18.436ms
[1.779s][info][gc,cpu         ] GC(58) User=0.02s Sys=0.00s Real=0.02s
[1.791s][info][gc,start       ] GC(59) Pause Young (Allocation Failure)
[1.812s][info][gc,heap        ] GC(59) PSYoungGen: 45696K(56320K)->45632K(59904K) Eden: 10240K(10240K)->0K(10240K) From: 35456K(46080K)->45632K(49664K)
[1.812s][info][gc,heap        ] GC(59) ParOldGen: 304225K(346624K)->304225K(346624K)
[1.812s][info][gc,metaspace   ] GC(59) Metaspace: 6298K(6464K)->6298K(6464K) NonClass: 5765K(5824K)->5765K(5824K) Class: 533K(640K)->533K(640K)
[1.812s][info][gc             ] GC(59) Pause Young (Allocation Failure) 341M->341M(397M) 21.519ms
[1.812s][info][gc,cpu         ] GC(59) User=0.09s Sys=0.00s Real=0.02s
[1.909s][info][gc,start       ] GC(60) Pause Young (Allocation Failure)
[1.944s][info][gc,heap        ] GC(60) PSYoungGen: 55872K(59904K)->45120K(63488K) Eden: 10240K(10240K)->0K(7168K) From: 45632K(49664K)->45120K(56320K)
[1.944s][info][gc,heap        ] GC(60) ParOldGen: 320609K(346624K)->331505K(346624K)
[1.944s][info][gc,metaspace   ] GC(60) Metaspace: 6298K(6464K)->6298K(6464K) NonClass: 5765K(5824K)->5765K(5824K) Class: 533K(640K)->533K(640K)
[1.944s][info][gc             ] GC(60) Pause Young (Allocation Failure) 367M->367M(400M) 34.713ms
[1.944s][info][gc,cpu         ] GC(60) User=0.19s Sys=0.03s Real=0.03s
[1.944s][info][gc,start       ] GC(61) Pause Full (Ergonomics)
[1.944s][info][gc,phases,start] GC(61) Marking Phase
[2.031s][info][gc,phases      ] GC(61) Marking Phase 86.671ms
[2.031s][info][gc,phases,start] GC(61) Summary Phase
[2.031s][info][gc,phases      ] GC(61) Summary Phase 0.019ms
[2.031s][info][gc,phases,start] GC(61) Adjust Roots
[2.031s][info][gc,phases      ] GC(61) Adjust Roots 0.186ms
[2.031s][info][gc,phases,start] GC(61) Compaction Phase
[2.093s][info][gc,phases      ] GC(61) Compaction Phase 61.722ms
[2.093s][info][gc,phases,start] GC(61) Post Compact
[2.095s][info][gc,phases      ] GC(61) Post Compact 1.938ms
[2.095s][info][gc,heap        ] GC(61) PSYoungGen: 45120K(63488K)->21931K(63488K) Eden: 0K(7168K)->0K(7168K) From: 45120K(56320K)->21931K(56320K)
[2.095s][info][gc,heap        ] GC(61) ParOldGen: 331505K(346624K)->346126K(390144K)
[2.095s][info][gc,metaspace   ] GC(61) Metaspace: 6298K(6464K)->6298K(6464K) NonClass: 5765K(5824K)->5765K(5824K) Class: 533K(640K)->533K(640K)
[2.095s][info][gc             ] GC(61) Pause Full (Ergonomics) 367M->359M(443M) 151.156ms
[2.095s][info][gc,cpu         ] GC(61) User=0.78s Sys=0.00s Real=0.15s
[2.104s][info][gc,start       ] GC(62) Pause Young (Allocation Failure)
[2.133s][info][gc,heap        ] GC(62) PSYoungGen: 29099K(63488K)->29216K(36864K) Eden: 7168K(7168K)->0K(7168K) From: 21931K(56320K)->29216K(29696K)
[2.133s][info][gc,heap        ] GC(62) ParOldGen: 346126K(390144K)->346126K(390144K)
[2.133s][info][gc,metaspace   ] GC(62) Metaspace: 6298K(6464K)->6298K(6464K) NonClass: 5765K(5824K)->5765K(5824K) Class: 533K(640K)->533K(640K)
[2.133s][info][gc             ] GC(62) Pause Young (Allocation Failure) 366M->366M(417M) 28.675ms
[2.133s][info][gc,cpu         ] GC(62) User=0.16s Sys=0.00s Real=0.03s
[2.140s][info][gc,start       ] GC(63) Pause Young (Allocation Failure)
[2.158s][info][gc,heap        ] GC(63) PSYoungGen: 36384K(36864K)->36416K(66048K) Eden: 7168K(7168K)->0K(7168K) From: 29216K(29696K)->36416K(58880K)
[2.158s][info][gc,heap        ] GC(63) ParOldGen: 346126K(390144K)->346126K(390144K)
[2.158s][info][gc,metaspace   ] GC(63) Metaspace: 6298K(6464K)->6298K(6464K) NonClass: 5765K(5824K)->5765K(5824K) Class: 533K(640K)->533K(640K)
[2.158s][info][gc             ] GC(63) Pause Young (Allocation Failure) 373M->373M(445M) 17.571ms
[2.158s][info][gc,cpu         ] GC(63) User=0.03s Sys=0.00s Real=0.02s
[2.166s][info][gc,start       ] GC(64) Pause Young (Allocation Failure)
[2.186s][info][gc,heap        ] GC(64) PSYoungGen: 43584K(66048K)->37248K(67072K) Eden: 7168K(7168K)->0K(7168K) From: 36416K(58880K)->37248K(59904K)
[2.186s][info][gc,heap        ] GC(64) ParOldGen: 346126K(390144K)->352542K(390144K)
[2.186s][info][gc,metaspace   ] GC(64) Metaspace: 6298K(6464K)->6298K(6464K) NonClass: 5765K(5824K)->5765K(5824K) Class: 533K(640K)->533K(640K)
[2.186s][info][gc             ] GC(64) Pause Young (Allocation Failure) 380M->380M(446M) 20.048ms
[2.186s][info][gc,cpu         ] GC(64) User=0.11s Sys=0.00s Real=0.02s
[2.193s][info][gc,start       ] GC(65) Pause Young (Allocation Failure)
[2.214s][info][gc,heap        ] GC(65) PSYoungGen: 44416K(67072K)->39648K(68096K) Eden: 7168K(7168K)->0K(7680K) From: 37248K(59904K)->39648K(60416K)
[2.214s][info][gc,heap        ] GC(65) ParOldGen: 352542K(390144K)->357422K(390144K)
[2.214s][info][gc,metaspace   ] GC(65) Metaspace: 6298K(6464K)->6298K(6464K) NonClass: 5765K(5824K)->5765K(5824K) Class: 533K(640K)->533K(640K)
[2.214s][info][gc             ] GC(65) Pause Young (Allocation Failure) 387M->387M(447M) 20.810ms
[2.214s][info][gc,cpu         ] GC(65) User=0.09s Sys=0.00s Real=0.02s
[2.222s][info][gc,start       ] GC(66) Pause Young (Allocation Failure)
[2.244s][info][gc,heap        ] GC(66) PSYoungGen: 47328K(68096K)->36384K(69120K) Eden: 7680K(7680K)->0K(7680K) From: 39648K(60416K)->36384K(61440K)
[2.244s][info][gc,heap        ] GC(66) ParOldGen: 357422K(390144K)->368438K(390144K)
[2.244s][info][gc,metaspace   ] GC(66) Metaspace: 6298K(6464K)->6298K(6464K) NonClass: 5765K(5824K)->5765K(5824K) Class: 533K(640K)->533K(640K)
[2.244s][info][gc             ] GC(66) Pause Young (Allocation Failure) 395M->395M(448M) 22.402ms
[2.244s][info][gc,cpu         ] GC(66) User=0.11s Sys=0.00s Real=0.02s
[2.253s][info][gc,start       ] GC(67) Pause Young (Allocation Failure)
[2.274s][info][gc,heap        ] GC(67) PSYoungGen: 44064K(69120K)->29728K(64000K) Eden: 7680K(7680K)->0K(9216K) From: 36384K(61440K)->29728K(54784K)
[2.275s][info][gc,heap        ] GC(67) ParOldGen: 368438K(390144K)->382942K(390144K)
[2.275s][info][gc,metaspace   ] GC(67) Metaspace: 6298K(6464K)->6298K(6464K) NonClass: 5765K(5824K)->5765K(5824K) Class: 533K(640K)->533K(640K)
[2.275s][info][gc             ] GC(67) Pause Young (Allocation Failure) 402M->402M(443M) 21.435ms
[2.275s][info][gc,cpu         ] GC(67) User=0.08s Sys=0.03s Real=0.02s
[2.275s][info][gc,start       ] GC(68) Pause Full (Ergonomics)
[2.275s][info][gc,phases,start] GC(68) Marking Phase
[2.374s][info][gc,phases      ] GC(68) Marking Phase 99.840ms
[2.375s][info][gc,phases,start] GC(68) Summary Phase
[2.375s][info][gc,phases      ] GC(68) Summary Phase 0.019ms
[2.375s][info][gc,phases,start] GC(68) Adjust Roots
[2.375s][info][gc,phases      ] GC(68) Adjust Roots 0.189ms
[2.375s][info][gc,phases,start] GC(68) Compaction Phase
[2.421s][info][gc,phases      ] GC(68) Compaction Phase 46.399ms
[2.421s][info][gc,phases,start] GC(68) Post Compact
[2.423s][info][gc,phases      ] GC(68) Post Compact 2.090ms
[2.424s][info][gc,heap        ] GC(68) PSYoungGen: 29728K(64000K)->21899K(65536K) Eden: 0K(9216K)->0K(10752K) From: 29728K(54784K)->21899K(54784K)
[2.424s][info][gc,heap        ] GC(68) ParOldGen: 382942K(390144K)->389999K(438784K)
[2.424s][info][gc,metaspace   ] GC(68) Metaspace: 6298K(6464K)->6298K(6464K) NonClass: 5765K(5824K)->5765K(5824K) Class: 533K(640K)->533K(640K)
[2.424s][info][gc             ] GC(68) Pause Full (Ergonomics) 402M->402M(492M) 149.151ms
[2.424s][info][gc,cpu         ] GC(68) User=0.95s Sys=0.00s Real=0.15s
[2.436s][info][gc,start       ] GC(69) Pause Young (Allocation Failure)
[2.468s][info][gc,heap        ] GC(69) PSYoungGen: 32651K(65536K)->21984K(68608K) Eden: 10752K(10752K)->0K(10752K) From: 21899K(54784K)->21984K(57856K)
[2.468s][info][gc,heap        ] GC(69) ParOldGen: 389999K(438784K)->400959K(438784K)
[2.468s][info][gc,metaspace   ] GC(69) Metaspace: 6298K(6464K)->6298K(6464K) NonClass: 5765K(5824K)->5765K(5824K) Class: 533K(640K)->533K(640K)
[2.468s][info][gc             ] GC(69) Pause Young (Allocation Failure) 412M->413M(495M) 31.774ms
[2.468s][info][gc,cpu         ] GC(69) User=0.12s Sys=0.00s Real=0.03s
[2.479s][info][gc,start       ] GC(70) Pause Young (Allocation Failure)
[2.496s][info][gc,heap        ] GC(70) PSYoungGen: 32736K(68608K)->21600K(65536K) Eden: 10752K(10752K)->0K(12288K) From: 21984K(57856K)->21600K(53248K)
[2.496s][info][gc,heap        ] GC(70) ParOldGen: 400959K(438784K)->412255K(438784K)
[2.496s][info][gc,metaspace   ] GC(70) Metaspace: 6298K(6464K)->6298K(6464K) NonClass: 5765K(5824K)->5765K(5824K) Class: 533K(640K)->533K(640K)
[2.496s][info][gc             ] GC(70) Pause Young (Allocation Failure) 423M->423M(492M) 16.820ms
[2.496s][info][gc,cpu         ] GC(70) User=0.05s Sys=0.00s Real=0.02s
[2.508s][info][gc,start       ] GC(71) Pause Young (Allocation Failure)
[2.527s][info][gc,heap        ] GC(71) PSYoungGen: 33888K(65536K)->12384K(67072K) Eden: 12288K(12288K)->0K(12288K) From: 21600K(53248K)->12384K(54784K)
[2.527s][info][gc,heap        ] GC(71) ParOldGen: 412255K(438784K)->434031K(438784K)
[2.527s][info][gc,metaspace   ] GC(71) Metaspace: 6298K(6464K)->6298K(6464K) NonClass: 5765K(5824K)->5765K(5824K) Class: 533K(640K)->533K(640K)
[2.527s][info][gc             ] GC(71) Pause Young (Allocation Failure) 435M->435M(494M) 18.700ms
[2.527s][info][gc,cpu         ] GC(71) User=0.12s Sys=0.00s Real=0.02s
[2.527s][info][gc,start       ] GC(72) Pause Full (Ergonomics)
[2.527s][info][gc,phases,start] GC(72) Marking Phase
[2.635s][info][gc,phases      ] GC(72) Marking Phase 108.011ms
[2.635s][info][gc,phases,start] GC(72) Summary Phase
[2.635s][info][gc,phases      ] GC(72) Summary Phase 0.019ms
[2.635s][info][gc,phases,start] GC(72) Adjust Roots
[2.635s][info][gc,phases      ] GC(72) Adjust Roots 0.195ms
[2.635s][info][gc,phases,start] GC(72) Compaction Phase
[2.673s][info][gc,phases      ] GC(72) Compaction Phase 37.901ms
[2.673s][info][gc,phases,start] GC(72) Post Compact
[2.675s][info][gc,phases      ] GC(72) Post Compact 2.232ms
[2.676s][info][gc,heap        ] GC(72) PSYoungGen: 12384K(67072K)->7149K(67072K) Eden: 0K(12288K)->0K(12288K) From: 12384K(54784K)->7149K(54784K)
[2.676s][info][gc,heap        ] GC(72) ParOldGen: 434031K(438784K)->438448K(496128K)
[2.676s][info][gc,metaspace   ] GC(72) Metaspace: 6298K(6464K)->6298K(6464K) NonClass: 5765K(5824K)->5765K(5824K) Class: 533K(640K)->533K(640K)
[2.676s][info][gc             ] GC(72) Pause Full (Ergonomics) 435M->435M(550M) 148.897ms
[2.676s][info][gc,cpu         ] GC(72) User=0.97s Sys=0.02s Real=0.15s
[2.689s][info][gc,start       ] GC(73) Pause Young (Allocation Failure)
[2.718s][info][gc,heap        ] GC(73) PSYoungGen: 19437K(67072K)->12384K(67584K) Eden: 12288K(12288K)->0K(13824K) From: 7149K(54784K)->12384K(53760K)
[2.718s][info][gc,heap        ] GC(73) ParOldGen: 438448K(496128K)->445720K(496128K)
[2.718s][info][gc,metaspace   ] GC(73) Metaspace: 6298K(6464K)->6298K(6464K) NonClass: 5765K(5824K)->5765K(5824K) Class: 533K(640K)->533K(640K)
[2.718s][info][gc             ] GC(73) Pause Young (Allocation Failure) 447M->447M(550M) 28.921ms
[2.718s][info][gc,cpu         ] GC(73) User=0.11s Sys=0.00s Real=0.03s
[2.733s][info][gc,start       ] GC(74) Pause Young (Allocation Failure)
[2.748s][info][gc,heap        ] GC(74) PSYoungGen: 26208K(67584K)->13888K(68608K) Eden: 13824K(13824K)->0K(13824K) From: 12384K(53760K)->13888K(54784K)
[2.748s][info][gc,heap        ] GC(74) ParOldGen: 445720K(496128K)->458176K(496128K)
[2.748s][info][gc,metaspace   ] GC(74) Metaspace: 6298K(6464K)->6298K(6464K) NonClass: 5765K(5824K)->5765K(5824K) Class: 533K(640K)->533K(640K)
[2.748s][info][gc             ] GC(74) Pause Young (Allocation Failure) 460M->461M(551M) 15.435ms
[2.748s][info][gc,cpu         ] GC(74) User=0.00s Sys=0.00s Real=0.02s
[2.764s][info][gc,start       ] GC(75) Pause Young (Allocation Failure)
[2.780s][info][gc,heap        ] GC(75) PSYoungGen: 27712K(68608K)->13888K(66048K) Eden: 13824K(13824K)->0K(15360K) From: 13888K(54784K)->13888K(50688K)
[2.780s][info][gc,heap        ] GC(75) ParOldGen: 458176K(496128K)->472184K(496128K)
[2.780s][info][gc,metaspace   ] GC(75) Metaspace: 6298K(6464K)->6298K(6464K) NonClass: 5765K(5824K)->5765K(5824K) Class: 533K(640K)->533K(640K)
[2.780s][info][gc             ] GC(75) Pause Young (Allocation Failure) 474M->474M(549M) 16.306ms
[2.780s][info][gc,cpu         ] GC(75) User=0.02s Sys=0.00s Real=0.02s
[2.797s][info][gc,start       ] GC(76) Pause Young (Allocation Failure)
[2.814s][info][gc,heap        ] GC(76) PSYoungGen: 29248K(66048K)->15456K(67584K) Eden: 15360K(15360K)->0K(15360K) From: 13888K(50688K)->15456K(52224K)
[2.814s][info][gc,heap        ] GC(76) ParOldGen: 472184K(496128K)->486208K(496128K)
[2.814s][info][gc,metaspace   ] GC(76) Metaspace: 6298K(6464K)->6298K(6464K) NonClass: 5765K(5824K)->5765K(5824K) Class: 533K(640K)->533K(640K)
[2.814s][info][gc             ] GC(76) Pause Young (Allocation Failure) 489M->489M(550M) 16.962ms
[2.814s][info][gc,cpu         ] GC(76) User=0.03s Sys=0.00s Real=0.02s
[2.814s][info][gc,start       ] GC(77) Pause Full (Ergonomics)
[2.814s][info][gc,phases,start] GC(77) Marking Phase
[2.931s][info][gc,phases      ] GC(77) Marking Phase 117.235ms
[2.931s][info][gc,phases,start] GC(77) Summary Phase
[2.932s][info][gc,phases      ] GC(77) Summary Phase 0.020ms
[2.932s][info][gc,phases,start] GC(77) Adjust Roots
[2.932s][info][gc,phases      ] GC(77) Adjust Roots 0.189ms
[2.932s][info][gc,phases,start] GC(77) Compaction Phase
[2.975s][info][gc,phases      ] GC(77) Compaction Phase 42.877ms
[2.975s][info][gc,phases,start] GC(77) Post Compact
[2.977s][info][gc,phases      ] GC(77) Post Compact 2.566ms
[2.978s][info][gc,heap        ] GC(77) PSYoungGen: 15456K(67584K)->5112K(67584K) Eden: 0K(15360K)->0K(15360K) From: 15456K(52224K)->5112K(52224K)
[2.978s][info][gc,heap        ] GC(77) ParOldGen: 486208K(496128K)->495659K(557568K)
[2.978s][info][gc,metaspace   ] GC(77) Metaspace: 6298K(6464K)->6298K(6464K) NonClass: 5765K(5824K)->5765K(5824K) Class: 533K(640K)->533K(640K)
[2.978s][info][gc             ] GC(77) Pause Full (Ergonomics) 489M->489M(610M) 163.454ms
[2.978s][info][gc,cpu         ] GC(77) User=1.03s Sys=0.02s Real=0.16s
[2.995s][info][gc,start       ] GC(78) Pause Young (Allocation Failure)
[3.028s][info][gc,heap        ] GC(78) PSYoungGen: 20472K(67584K)->15456K(64512K) Eden: 15360K(15360K)->0K(16896K) From: 5112K(52224K)->15456K(47616K)
[3.028s][info][gc,heap        ] GC(78) ParOldGen: 495659K(557568K)->500875K(557568K)
[3.028s][info][gc,metaspace   ] GC(78) Metaspace: 6298K(6464K)->6298K(6464K) NonClass: 5765K(5824K)->5765K(5824K) Class: 533K(640K)->533K(640K)
[3.028s][info][gc             ] GC(78) Pause Young (Allocation Failure) 504M->504M(607M) 33.288ms
[3.028s][info][gc,cpu         ] GC(78) User=0.25s Sys=0.00s Real=0.03s
[3.046s][info][gc,start       ] GC(79) Pause Young (Allocation Failure)
[3.064s][info][gc,heap        ] GC(79) PSYoungGen: 32352K(64512K)->32320K(66048K) Eden: 16896K(16896K)->0K(16896K) From: 15456K(47616K)->32320K(49152K)
[3.064s][info][gc,heap        ] GC(79) ParOldGen: 500875K(557568K)->500875K(557568K)
[3.064s][info][gc,metaspace   ] GC(79) Metaspace: 6298K(6464K)->6298K(6464K) NonClass: 5765K(5824K)->5765K(5824K) Class: 533K(640K)->533K(640K)
[3.064s][info][gc             ] GC(79) Pause Young (Allocation Failure) 520M->520M(609M) 18.211ms
[3.064s][info][gc,cpu         ] GC(79) User=0.11s Sys=0.00s Real=0.02s
[3.083s][info][gc,start       ] GC(80) Pause Young (Allocation Failure)
[3.108s][info][gc,heap        ] GC(80) PSYoungGen: 49216K(66048K)->49280K(61952K) Eden: 16896K(16896K)->0K(11776K) From: 32320K(49152K)->49280K(50176K)
[3.108s][info][gc,heap        ] GC(80) ParOldGen: 500875K(557568K)->500875K(557568K)
[3.108s][info][gc,metaspace   ] GC(80) Metaspace: 6298K(6464K)->6298K(6464K) NonClass: 5765K(5824K)->5765K(5824K) Class: 533K(640K)->533K(640K)
[3.108s][info][gc             ] GC(80) Pause Young (Allocation Failure) 537M->537M(605M) 25.230ms
[3.108s][info][gc,cpu         ] GC(80) User=0.12s Sys=0.00s Real=0.02s
[3.122s][info][gc,start       ] GC(81) Pause Young (Allocation Failure)
[3.150s][info][gc,heap        ] GC(81) PSYoungGen: 61056K(61952K)->57344K(69120K) Eden: 11776K(11776K)->0K(11776K) From: 49280K(50176K)->57344K(57344K)
[3.150s][info][gc,heap        ] GC(81) ParOldGen: 500875K(557568K)->504515K(557568K)
[3.150s][info][gc,metaspace   ] GC(81) Metaspace: 6298K(6464K)->6298K(6464K) NonClass: 5765K(5824K)->5765K(5824K) Class: 533K(640K)->533K(640K)
[3.151s][info][gc             ] GC(81) Pause Young (Allocation Failure) 548M->548M(612M) 28.945ms
[3.151s][info][gc,cpu         ] GC(81) User=0.11s Sys=0.00s Real=0.03s
[3.164s][info][gc,start       ] GC(82) Pause Young (Allocation Failure)
[3.198s][info][gc,heap        ] GC(82) PSYoungGen: 69120K(69120K)->39104K(80896K) Eden: 11776K(11776K)->0K(13312K) From: 57344K(57344K)->39104K(67584K)
[3.198s][info][gc,heap        ] GC(82) ParOldGen: 504515K(557568K)->535035K(557568K)
[3.198s][info][gc,metaspace   ] GC(82) Metaspace: 6298K(6464K)->6298K(6464K) NonClass: 5765K(5824K)->5765K(5824K) Class: 533K(640K)->533K(640K)
[3.198s][info][gc             ] GC(82) Pause Young (Allocation Failure) 560M->560M(623M) 34.053ms
[3.198s][info][gc,cpu         ] GC(82) User=0.19s Sys=0.02s Real=0.03s
[3.198s][info][gc,start       ] GC(83) Pause Full (Ergonomics)
[3.198s][info][gc,phases,start] GC(83) Marking Phase
[3.339s][info][gc,phases      ] GC(83) Marking Phase 141.269ms
[3.340s][info][gc,phases,start] GC(83) Summary Phase
[3.340s][info][gc,phases      ] GC(83) Summary Phase 0.020ms
[3.340s][info][gc,phases,start] GC(83) Adjust Roots
[3.340s][info][gc,phases      ] GC(83) Adjust Roots 0.185ms
[3.340s][info][gc,phases,start] GC(83) Compaction Phase
[3.394s][info][gc,phases      ] GC(83) Compaction Phase 53.873ms
[3.394s][info][gc,phases,start] GC(83) Post Compact
[3.395s][info][gc,phases      ] GC(83) Post Compact 0.945ms
[3.395s][info][gc,heap        ] GC(83) PSYoungGen: 39104K(80896K)->15913K(80896K) Eden: 0K(13312K)->0K(13312K) From: 39104K(67584K)->15913K(67584K)
[3.395s][info][gc,heap        ] GC(83) ParOldGen: 535035K(557568K)->557395K(627712K)
[3.395s][info][gc,metaspace   ] GC(83) Metaspace: 6298K(6464K)->6298K(6464K) NonClass: 5765K(5824K)->5765K(5824K) Class: 533K(640K)->533K(640K)
[3.395s][info][gc             ] GC(83) Pause Full (Ergonomics) 560M->559M(692M) 196.821ms
[3.395s][info][gc,cpu         ] GC(83) User=1.23s Sys=0.00s Real=0.20s
[3.411s][info][gc,start       ] GC(84) Pause Young (Allocation Failure)
[3.449s][info][gc,heap        ] GC(84) PSYoungGen: 29225K(80896K)->18624K(32256K) Eden: 13312K(13312K)->0K(13312K) From: 15913K(67584K)->18624K(18944K)
[3.449s][info][gc,heap        ] GC(84) ParOldGen: 557395K(627712K)->568307K(627712K)
[3.449s][info][gc,metaspace   ] GC(84) Metaspace: 6298K(6464K)->6298K(6464K) NonClass: 5765K(5824K)->5765K(5824K) Class: 533K(640K)->533K(640K)
[3.449s][info][gc             ] GC(84) Pause Young (Allocation Failure) 572M->573M(644M) 38.660ms
[3.449s][info][gc,cpu         ] GC(84) User=0.19s Sys=0.02s Real=0.04s
[3.464s][info][gc,start       ] GC(85) Pause Young (Allocation Failure)
[3.482s][info][gc,heap        ] GC(85) PSYoungGen: 31936K(32256K)->26752K(74240K) Eden: 13312K(13312K)->0K(14848K) From: 18624K(18944K)->26752K(59392K)
[3.482s][info][gc,heap        ] GC(85) ParOldGen: 568307K(627712K)->573579K(627712K)
[3.482s][info][gc,metaspace   ] GC(85) Metaspace: 6298K(6464K)->6298K(6464K) NonClass: 5765K(5824K)->5765K(5824K) Class: 533K(640K)->533K(640K)
[3.482s][info][gc             ] GC(85) Pause Young (Allocation Failure) 586M->586M(685M) 18.015ms
[3.482s][info][gc,cpu         ] GC(85) User=0.02s Sys=0.02s Real=0.02s
[3.499s][info][gc,start       ] GC(86) Pause Young (Allocation Failure)
[3.522s][info][gc,heap        ] GC(86) PSYoungGen: 41600K(74240K)->28256K(43520K) Eden: 14848K(14848K)->0K(14848K) From: 26752K(59392K)->28256K(28672K)
[3.522s][info][gc,heap        ] GC(86) ParOldGen: 573579K(627712K)->587083K(627712K)
[3.522s][info][gc,metaspace   ] GC(86) Metaspace: 6298K(6464K)->6298K(6464K) NonClass: 5765K(5824K)->5765K(5824K) Class: 533K(640K)->533K(640K)
[3.522s][info][gc             ] GC(86) Pause Young (Allocation Failure) 600M->600M(655M) 23.073ms
[3.522s][info][gc,cpu         ] GC(86) User=0.09s Sys=0.02s Real=0.02s
[3.541s][info][gc,start       ] GC(87) Pause Young (Allocation Failure)
[3.564s][info][gc,heap        ] GC(87) PSYoungGen: 43104K(43520K)->29824K(70656K) Eden: 14848K(14848K)->0K(16896K) From: 28256K(28672K)->29824K(53760K)
[3.564s][info][gc,heap        ] GC(87) ParOldGen: 587083K(627712K)->600587K(627712K)
[3.564s][info][gc,metaspace   ] GC(87) Metaspace: 6298K(6464K)->6298K(6464K) NonClass: 5765K(5824K)->5765K(5824K) Class: 533K(640K)->533K(640K)
[3.564s][info][gc             ] GC(87) Pause Young (Allocation Failure) 615M->615M(682M) 23.896ms
[3.564s][info][gc,cpu         ] GC(87) User=0.11s Sys=0.00s Real=0.02s
[3.585s][info][gc,start       ] GC(88) Pause Young (Allocation Failure)
[3.611s][info][gc,heap        ] GC(88) PSYoungGen: 46720K(70656K)->31872K(73216K) Eden: 16896K(16896K)->0K(16896K) From: 29824K(53760K)->31872K(56320K)
[3.611s][info][gc,heap        ] GC(88) ParOldGen: 600587K(627712K)->615643K(627712K)
[3.611s][info][gc,metaspace   ] GC(88) Metaspace: 6298K(6464K)->6298K(6464K) NonClass: 5765K(5824K)->5765K(5824K) Class: 533K(640K)->533K(640K)
[3.611s][info][gc             ] GC(88) Pause Young (Allocation Failure) 632M->632M(684M) 25.862ms
[3.611s][info][gc,cpu         ] GC(88) User=0.12s Sys=0.00s Real=0.03s
[3.611s][info][gc,start       ] GC(89) Pause Full (Ergonomics)
[3.611s][info][gc,phases,start] GC(89) Marking Phase
[3.760s][info][gc,phases      ] GC(89) Marking Phase 148.711ms
[3.760s][info][gc,phases,start] GC(89) Summary Phase
[3.760s][info][gc,phases      ] GC(89) Summary Phase 0.021ms
[3.760s][info][gc,phases,start] GC(89) Adjust Roots
[3.760s][info][gc,phases      ] GC(89) Adjust Roots 0.184ms
[3.760s][info][gc,phases,start] GC(89) Compaction Phase
[3.822s][info][gc,phases      ] GC(89) Compaction Phase 61.862ms
[3.822s][info][gc,phases,start] GC(89) Post Compact
[3.823s][info][gc,phases      ] GC(89) Post Compact 1.251ms
[3.823s][info][gc,heap        ] GC(89) PSYoungGen: 31872K(73216K)->18902K(73216K) Eden: 0K(16896K)->0K(16896K) From: 31872K(56320K)->18902K(56320K)
[3.823s][info][gc,heap        ] GC(89) ParOldGen: 615643K(627712K)->627460K(700416K)
[3.823s][info][gc,metaspace   ] GC(89) Metaspace: 6298K(6464K)->6298K(6464K) NonClass: 5765K(5824K)->5765K(5824K) Class: 533K(640K)->533K(640K)
[3.823s][info][gc             ] GC(89) Pause Full (Ergonomics) 632M->631M(755M) 212.612ms
[3.823s][info][gc,cpu         ] GC(89) User=1.27s Sys=0.05s Real=0.21s
[3.843s][info][gc,start       ] GC(90) Pause Young (Allocation Failure)
[3.889s][info][gc,heap        ] GC(90) PSYoungGen: 35798K(73216K)->27584K(69632K) Eden: 16896K(16896K)->0K(18944K) From: 18902K(56320K)->27584K(50688K)
[3.889s][info][gc,heap        ] GC(90) ParOldGen: 627460K(700416K)->635972K(700416K)
[3.889s][info][gc,metaspace   ] GC(90) Metaspace: 6298K(6464K)->6298K(6464K) NonClass: 5765K(5824K)->5765K(5824K) Class: 533K(640K)->533K(640K)
[3.889s][info][gc             ] GC(90) Pause Young (Allocation Failure) 647M->648M(752M) 46.483ms
[3.889s][info][gc,cpu         ] GC(90) User=0.22s Sys=0.00s Real=0.05s
[3.913s][info][gc,start       ] GC(91) Pause Young (Allocation Failure)
[3.940s][info][gc,heap        ] GC(91) PSYoungGen: 46528K(69632K)->46496K(71680K) Eden: 18944K(18944K)->0K(18944K) From: 27584K(50688K)->46496K(52736K)
[3.940s][info][gc,heap        ] GC(91) ParOldGen: 635972K(700416K)->635972K(700416K)
[3.940s][info][gc,metaspace   ] GC(91) Metaspace: 6298K(6464K)->6298K(6464K) NonClass: 5765K(5824K)->5765K(5824K) Class: 533K(640K)->533K(640K)
[3.940s][info][gc             ] GC(91) Pause Young (Allocation Failure) 666M->666M(754M) 26.964ms
[3.940s][info][gc,cpu         ] GC(91) User=0.09s Sys=0.00s Real=0.03s
[3.964s][info][gc,start       ] GC(92) Pause Young (Allocation Failure)
[4.000s][info][gc,heap        ] GC(92) PSYoungGen: 65440K(71680K)->54976K(71680K) Eden: 18944K(18944K)->0K(14848K) From: 46496K(52736K)->54976K(56832K)
[4.000s][info][gc,heap        ] GC(92) ParOldGen: 635972K(700416K)->646668K(700416K)
[4.000s][info][gc,metaspace   ] GC(92) Metaspace: 6298K(6464K)->6298K(6464K) NonClass: 5765K(5824K)->5765K(5824K) Class: 533K(640K)->533K(640K)
[4.000s][info][gc             ] GC(92) Pause Young (Allocation Failure) 684M->685M(754M) 36.089ms
[4.000s][info][gc,cpu         ] GC(92) User=0.08s Sys=0.02s Real=0.04s
[4.190s][info][gc,start       ] GC(93) Pause Full (Ergonomics)
[4.190s][info][gc,phases,start] GC(93) Marking Phase
[4.362s][info][gc,phases      ] GC(93) Marking Phase 171.465ms
[4.362s][info][gc,phases,start] GC(93) Summary Phase
[4.362s][info][gc,phases      ] GC(93) Summary Phase 0.027ms
[4.362s][info][gc,phases,start] GC(93) Adjust Roots
[4.362s][info][gc,phases      ] GC(93) Adjust Roots 0.189ms
[4.362s][info][gc,phases,start] GC(93) Compaction Phase
[4.491s][info][gc,phases      ] GC(93) Compaction Phase 128.522ms
[4.491s][info][gc,phases,start] GC(93) Post Compact
[4.492s][info][gc,phases      ] GC(93) Post Compact 1.647ms
[4.493s][info][gc,heap        ] GC(93) PSYoungGen: 69824K(71680K)->32201K(71680K) Eden: 14848K(14848K)->0K(14848K) From: 54976K(56832K)->32201K(56832K)
[4.493s][info][gc,heap        ] GC(93) ParOldGen: 679436K(700416K)->700048K(775168K)
[4.493s][info][gc,metaspace   ] GC(93) Metaspace: 6298K(6464K)->6298K(6464K) NonClass: 5765K(5824K)->5765K(5824K) Class: 533K(640K)->533K(640K)
[4.493s][info][gc             ] GC(93) Pause Full (Ergonomics) 731M->715M(827M) 302.631ms
[4.493s][info][gc,cpu         ] GC(93) User=1.67s Sys=0.02s Real=0.30s
[4.510s][info][gc,start       ] GC(94) Pause Young (Allocation Failure)
[4.566s][info][gc,heap        ] GC(94) PSYoungGen: 47049K(71680K)->36352K(77824K) Eden: 14848K(14848K)->0K(14848K) From: 32201K(56832K)->36352K(62976K)
[4.566s][info][gc,heap        ] GC(94) ParOldGen: 700048K(775168K)->711080K(775168K)
[4.566s][info][gc,metaspace   ] GC(94) Metaspace: 6298K(6464K)->6298K(6464K) NonClass: 5765K(5824K)->5765K(5824K) Class: 533K(640K)->533K(640K)
[4.566s][info][gc             ] GC(94) Pause Young (Allocation Failure) 729M->729M(833M) 55.830ms
[4.566s][info][gc,cpu         ] GC(94) User=0.34s Sys=0.00s Real=0.06s
[4.582s][info][gc,start       ] GC(95) Pause Young (Allocation Failure)
[4.609s][info][gc,heap        ] GC(95) PSYoungGen: 51200K(77824K)->51168K(74240K) Eden: 14848K(14848K)->0K(12800K) From: 36352K(62976K)->51168K(61440K)
[4.609s][info][gc,heap        ] GC(95) ParOldGen: 711080K(775168K)->711080K(775168K)
[4.609s][info][gc,metaspace   ] GC(95) Metaspace: 6298K(6464K)->6298K(6464K) NonClass: 5765K(5824K)->5765K(5824K) Class: 533K(640K)->533K(640K)
[4.609s][info][gc             ] GC(95) Pause Young (Allocation Failure) 744M->744M(829M) 27.542ms
[4.609s][info][gc,cpu         ] GC(95) User=0.12s Sys=0.00s Real=0.03s
[4.623s][info][gc,start       ] GC(96) Pause Young (Allocation Failure)
[4.656s][info][gc,heap        ] GC(96) PSYoungGen: 63968K(74240K)->52544K(77824K) Eden: 12800K(12800K)->0K(12800K) From: 51168K(61440K)->52544K(65024K)
[4.656s][info][gc,heap        ] GC(96) ParOldGen: 711080K(775168K)->722744K(775168K)
[4.656s][info][gc,metaspace   ] GC(96) Metaspace: 6298K(6464K)->6298K(6464K) NonClass: 5765K(5824K)->5765K(5824K) Class: 533K(640K)->533K(640K)
[4.656s][info][gc             ] GC(96) Pause Young (Allocation Failure) 756M->757M(833M) 33.081ms
[4.656s][info][gc,cpu         ] GC(96) User=0.12s Sys=0.00s Real=0.03s
[4.670s][info][gc,start       ] GC(97) Pause Young (Allocation Failure)
[4.704s][info][gc,heap        ] GC(97) PSYoungGen: 65344K(77824K)->55424K(79360K) Eden: 12800K(12800K)->0K(10752K) From: 52544K(65024K)->55424K(68608K)
[4.704s][info][gc,heap        ] GC(97) ParOldGen: 722744K(775168K)->732800K(775168K)
[4.704s][info][gc,metaspace   ] GC(97) Metaspace: 6298K(6464K)->6298K(6464K) NonClass: 5765K(5824K)->5765K(5824K) Class: 533K(640K)->533K(640K)
[4.704s][info][gc             ] GC(97) Pause Young (Allocation Failure) 769M->769M(834M) 33.861ms
[4.704s][info][gc,cpu         ] GC(97) User=0.20s Sys=0.02s Real=0.03s
[4.715s][info][gc,start       ] GC(98) Pause Young (Allocation Failure)
[4.749s][info][gc,heap        ] GC(98) PSYoungGen: 66176K(79360K)->36448K(47616K) Eden: 10752K(10752K)->0K(10752K) From: 55424K(68608K)->36448K(36864K)
[4.750s][info][gc,heap        ] GC(98) ParOldGen: 732800K(775168K)->762888K(775168K)
[4.750s][info][gc,metaspace   ] GC(98) Metaspace: 6298K(6464K)->6298K(6464K) NonClass: 5765K(5824K)->5765K(5824K) Class: 533K(640K)->533K(640K)
[4.750s][info][gc             ] GC(98) Pause Young (Allocation Failure) 780M->780M(803M) 34.718ms
[4.750s][info][gc,cpu         ] GC(98) User=0.16s Sys=0.00s Real=0.04s
[4.750s][info][gc,start       ] GC(99) Pause Full (Ergonomics)
[4.750s][info][gc,phases,start] GC(99) Marking Phase
[4.942s][info][gc,phases      ] GC(99) Marking Phase 192.563ms
[4.942s][info][gc,phases,start] GC(99) Summary Phase
[4.942s][info][gc,phases      ] GC(99) Summary Phase 0.022ms
[4.942s][info][gc,phases,start] GC(99) Adjust Roots
[4.943s][info][gc,phases      ] GC(99) Adjust Roots 0.197ms
[4.943s][info][gc,phases,start] GC(99) Compaction Phase
[5.033s][info][gc,phases      ] GC(99) Compaction Phase 90.096ms
[5.033s][info][gc,phases,start] GC(99) Post Compact
[5.034s][info][gc,phases      ] GC(99) Post Compact 1.499ms
[5.035s][info][gc,heap        ] GC(99) PSYoungGen: 36448K(47616K)->23482K(47616K) Eden: 0K(10752K)->0K(10752K) From: 36448K(36864K)->23482K(36864K)
[5.035s][info][gc,heap        ] GC(99) ParOldGen: 762888K(775168K)->774662K(859648K)
[5.035s][info][gc,metaspace   ] GC(99) Metaspace: 6298K(6464K)->6298K(6464K) NonClass: 5765K(5824K)->5765K(5824K) Class: 533K(640K)->533K(640K)
[5.035s][info][gc             ] GC(99) Pause Full (Ergonomics) 780M->779M(886M) 285.110ms
[5.035s][info][gc,cpu         ] GC(99) User=1.48s Sys=0.00s Real=0.29s
[5.047s][info][gc,start       ] GC(100) Pause Young (Allocation Failure)
[5.097s][info][gc,heap        ] GC(100) PSYoungGen: 34234K(47616K)->17856K(81408K) Eden: 10752K(10752K)->0K(12288K) From: 23482K(36864K)->17856K(69120K)
[5.097s][info][gc,heap        ] GC(100) ParOldGen: 774662K(859648K)->791382K(859648K)
[5.097s][info][gc,metaspace   ] GC(100) Metaspace: 6298K(6464K)->6298K(6464K) NonClass: 5765K(5824K)->5765K(5824K) Class: 533K(640K)->533K(640K)
[5.097s][info][gc             ] GC(100) Pause Young (Allocation Failure) 789M->790M(919M) 50.367ms
[5.097s][info][gc,cpu         ] GC(100) User=0.22s Sys=0.02s Real=0.05s
[5.110s][info][gc,start       ] GC(101) Pause Young (Allocation Failure)
[5.129s][info][gc,heap        ] GC(101) PSYoungGen: 30144K(81408K)->23136K(81920K) Eden: 12288K(12288K)->0K(12288K) From: 17856K(69120K)->23136K(69632K)
[5.129s][info][gc,heap        ] GC(101) ParOldGen: 791382K(859648K)->798494K(859648K)
[5.130s][info][gc,metaspace   ] GC(101) Metaspace: 6298K(6464K)->6298K(6464K) NonClass: 5765K(5824K)->5765K(5824K) Class: 533K(640K)->533K(640K)
[5.130s][info][gc             ] GC(101) Pause Young (Allocation Failure) 802M->802M(919M) 19.122ms
[5.130s][info][gc,cpu         ] GC(101) User=0.02s Sys=0.00s Real=0.02s
[5.142s][info][gc,start       ] GC(102) Pause Young (Allocation Failure)
[5.163s][info][gc,heap        ] GC(102) PSYoungGen: 35424K(81920K)->24672K(79360K) Eden: 12288K(12288K)->0K(13824K) From: 23136K(69632K)->24672K(65536K)
[5.163s][info][gc,heap        ] GC(102) ParOldGen: 798494K(859648K)->809406K(859648K)
[5.163s][info][gc,metaspace   ] GC(102) Metaspace: 6298K(6464K)->6298K(6464K) NonClass: 5765K(5824K)->5765K(5824K) Class: 533K(640K)->533K(640K)
[5.163s][info][gc             ] GC(102) Pause Young (Allocation Failure) 814M->814M(917M) 20.976ms
[5.163s][info][gc,cpu         ] GC(102) User=0.08s Sys=0.00s Real=0.02s
[5.178s][info][gc,start       ] GC(103) Pause Young (Allocation Failure)
[5.200s][info][gc,heap        ] GC(103) PSYoungGen: 38496K(79360K)->26176K(80896K) Eden: 13824K(13824K)->0K(13824K) From: 24672K(65536K)->26176K(67072K)
[5.200s][info][gc,heap        ] GC(103) ParOldGen: 809406K(859648K)->821862K(859648K)
[5.200s][info][gc,metaspace   ] GC(103) Metaspace: 6298K(6464K)->6298K(6464K) NonClass: 5765K(5824K)->5765K(5824K) Class: 533K(640K)->533K(640K)
[5.200s][info][gc             ] GC(103) Pause Young (Allocation Failure) 828M->828M(918M) 21.583ms
[5.200s][info][gc,cpu         ] GC(103) User=0.09s Sys=0.02s Real=0.02s
[5.215s][info][gc,start       ] GC(104) Pause Young (Allocation Failure)
[5.238s][info][gc,heap        ] GC(104) PSYoungGen: 40000K(80896K)->13952K(81408K) Eden: 13824K(13824K)->0K(15872K) From: 26176K(67072K)->13952K(65536K)
[5.238s][info][gc,heap        ] GC(104) ParOldGen: 821862K(859648K)->848318K(859648K)
[5.238s][info][gc,metaspace   ] GC(104) Metaspace: 6298K(6464K)->6298K(6464K) NonClass: 5765K(5824K)->5765K(5824K) Class: 533K(640K)->533K(640K)
[5.238s][info][gc             ] GC(104) Pause Young (Allocation Failure) 841M->842M(919M) 22.959ms
[5.238s][info][gc,cpu         ] GC(104) User=0.08s Sys=0.03s Real=0.02s
[5.238s][info][gc,start       ] GC(105) Pause Full (Ergonomics)
[5.238s][info][gc,phases,start] GC(105) Marking Phase
[5.439s][info][gc,phases      ] GC(105) Marking Phase 201.163ms
[5.439s][info][gc,phases,start] GC(105) Summary Phase
[5.439s][info][gc,phases      ] GC(105) Summary Phase 0.023ms
[5.440s][info][gc,phases,start] GC(105) Adjust Roots
[5.440s][info][gc,phases      ] GC(105) Adjust Roots 0.195ms
[5.440s][info][gc,phases,start] GC(105) Compaction Phase
[5.521s][info][gc,phases      ] GC(105) Compaction Phase 81.054ms
[5.521s][info][gc,phases,start] GC(105) Post Compact
[5.522s][info][gc,phases      ] GC(105) Post Compact 1.526ms
[5.523s][info][gc,heap        ] GC(105) PSYoungGen: 13952K(81408K)->1531K(81408K) Eden: 0K(15872K)->0K(15872K) From: 13952K(65536K)->1531K(65536K)
[5.523s][info][gc,heap        ] GC(105) ParOldGen: 848318K(859648K)->859441K(952320K)
[5.523s][info][gc,metaspace   ] GC(105) Metaspace: 6298K(6464K)->6298K(6464K) NonClass: 5765K(5824K)->5765K(5824K) Class: 533K(640K)->533K(640K)
[5.523s][info][gc             ] GC(105) Pause Full (Ergonomics) 842M->840M(1009M) 284.718ms
[5.523s][info][gc,cpu         ] GC(105) User=1.72s Sys=0.05s Real=0.28s
[5.542s][info][gc,start       ] GC(106) Pause Young (Allocation Failure)
[5.589s][info][gc,heap        ] GC(106) PSYoungGen: 17403K(81408K)->15936K(81408K) Eden: 15872K(15872K)->0K(15872K) From: 1531K(65536K)->15936K(65536K)
[5.589s][info][gc,heap        ] GC(106) ParOldGen: 859441K(952320K)->861025K(952320K)
[5.589s][info][gc,metaspace   ] GC(106) Metaspace: 6298K(6464K)->6298K(6464K) NonClass: 5765K(5824K)->5765K(5824K) Class: 533K(640K)->533K(640K)
[5.589s][info][gc             ] GC(106) Pause Young (Allocation Failure) 856M->856M(1009M) 46.539ms
[5.589s][info][gc,cpu         ] GC(106) User=0.20s Sys=0.02s Real=0.05s
[5.606s][info][gc,start       ] GC(107) Pause Young (Allocation Failure)
[5.625s][info][gc,heap        ] GC(107) PSYoungGen: 31808K(81408K)->31872K(77312K) Eden: 15872K(15872K)->0K(17920K) From: 15936K(65536K)->31872K(59392K)
[5.625s][info][gc,heap        ] GC(107) ParOldGen: 861025K(952320K)->861025K(952320K)
[5.625s][info][gc,metaspace   ] GC(107) Metaspace: 6298K(6464K)->6298K(6464K) NonClass: 5765K(5824K)->5765K(5824K) Class: 533K(640K)->533K(640K)
[5.625s][info][gc             ] GC(107) Pause Young (Allocation Failure) 871M->871M(1005M) 19.253ms
[5.625s][info][gc,cpu         ] GC(107) User=0.03s Sys=0.00s Real=0.02s
[5.645s][info][gc,start       ] GC(108) Pause Young (Allocation Failure)
[5.672s][info][gc,heap        ] GC(108) PSYoungGen: 49792K(77312K)->33888K(79872K) Eden: 17920K(17920K)->0K(17920K) From: 31872K(59392K)->33888K(61952K)
[5.672s][info][gc,heap        ] GC(108) ParOldGen: 861025K(952320K)->877113K(952320K)
[5.672s][info][gc,metaspace   ] GC(108) Metaspace: 6298K(6464K)->6298K(6464K) NonClass: 5765K(5824K)->5765K(5824K) Class: 533K(640K)->533K(640K)
[5.672s][info][gc             ] GC(108) Pause Young (Allocation Failure) 889M->889M(1008M) 27.588ms
[5.672s][info][gc,cpu         ] GC(108) User=0.09s Sys=0.03s Real=0.03s
[5.692s][info][gc,start       ] GC(109) Pause Young (Allocation Failure)
[5.720s][info][gc,heap        ] GC(109) PSYoungGen: 51808K(79872K)->35936K(78336K) Eden: 17920K(17920K)->0K(19968K) From: 33888K(61952K)->35936K(58368K)
[5.720s][info][gc,heap        ] GC(109) ParOldGen: 877113K(952320K)->893185K(952320K)
[5.720s][info][gc,metaspace   ] GC(109) Metaspace: 6298K(6464K)->6298K(6464K) NonClass: 5765K(5824K)->5765K(5824K) Class: 533K(640K)->533K(640K)
[5.720s][info][gc             ] GC(109) Pause Young (Allocation Failure) 907M->907M(1006M) 28.179ms
[5.720s][info][gc,cpu         ] GC(109) User=0.11s Sys=0.02s Real=0.03s
[5.742s][info][gc,start       ] GC(110) Pause Young (Allocation Failure)
[5.772s][info][gc,heap        ] GC(110) PSYoungGen: 55904K(78336K)->38048K(79360K) Eden: 19968K(19968K)->0K(19968K) From: 35936K(58368K)->38048K(59392K)
[5.773s][info][gc,heap        ] GC(110) ParOldGen: 893185K(952320K)->911337K(952320K)
[5.773s][info][gc,metaspace   ] GC(110) Metaspace: 6298K(6464K)->6298K(6464K) NonClass: 5765K(5824K)->5765K(5824K) Class: 533K(640K)->533K(640K)
[5.773s][info][gc             ] GC(110) Pause Young (Allocation Failure) 926M->927M(1007M) 30.285ms
[5.773s][info][gc,cpu         ] GC(110) User=0.12s Sys=0.00s Real=0.03s
[5.795s][info][gc,start       ] GC(111) Pause Young (Allocation Failure)
[5.825s][info][gc,heap        ] GC(111) PSYoungGen: 58016K(79360K)->40096K(80896K) Eden: 19968K(19968K)->0K(22016K) From: 38048K(59392K)->40096K(58880K)
[5.825s][info][gc,heap        ] GC(111) ParOldGen: 911337K(952320K)->929505K(952320K)
[5.825s][info][gc,metaspace   ] GC(111) Metaspace: 6298K(6464K)->6298K(6464K) NonClass: 5765K(5824K)->5765K(5824K) Class: 533K(640K)->533K(640K)
[5.825s][info][gc             ] GC(111) Pause Young (Allocation Failure) 946M->946M(1009M) 30.857ms
[5.825s][info][gc,cpu         ] GC(111) User=0.12s Sys=0.00s Real=0.03s
[5.826s][info][gc,start       ] GC(112) Pause Full (Ergonomics)
[5.826s][info][gc,phases,start] GC(112) Marking Phase
[6.055s][info][gc,phases      ] GC(112) Marking Phase 229.874ms
[6.055s][info][gc,phases,start] GC(112) Summary Phase
[6.056s][info][gc,phases      ] GC(112) Summary Phase 0.030ms
[6.056s][info][gc,phases,start] GC(112) Adjust Roots
[6.056s][info][gc,phases      ] GC(112) Adjust Roots 0.198ms
[6.056s][info][gc,phases,start] GC(112) Compaction Phase
[6.143s][info][gc,phases      ] GC(112) Compaction Phase 87.056ms
[6.143s][info][gc,phases,start] GC(112) Post Compact
[6.144s][info][gc,phases      ] GC(112) Post Compact 1.573ms
[6.145s][info][gc,heap        ] GC(112) PSYoungGen: 40096K(80896K)->16364K(80896K) Eden: 0K(22016K)->0K(22016K) From: 40096K(58880K)->16364K(58880K)
[6.145s][info][gc,heap        ] GC(112) ParOldGen: 929505K(952320K)->951937K(1053184K)
[6.145s][info][gc,metaspace   ] GC(112) Metaspace: 6298K(6464K)->6298K(6464K) NonClass: 5765K(5824K)->5765K(5824K) Class: 533K(640K)->533K(640K)
[6.145s][info][gc             ] GC(112) Pause Full (Ergonomics) 946M->945M(1107M) 319.387ms
[6.145s][info][gc,cpu         ] GC(112) User=2.02s Sys=0.00s Real=0.32s
[6.170s][info][gc,start       ] GC(113) Pause Young (Allocation Failure)
[6.230s][info][gc,heap        ] GC(113) PSYoungGen: 38380K(80896K)->31072K(81408K) Eden: 22016K(22016K)->0K(22016K) From: 16364K(58880K)->31072K(59392K)
[6.230s][info][gc,heap        ] GC(113) ParOldGen: 951937K(1053184K)->959481K(1053184K)
[6.230s][info][gc,metaspace   ] GC(113) Metaspace: 6298K(6464K)->6298K(6464K) NonClass: 5765K(5824K)->5765K(5824K) Class: 533K(640K)->533K(640K)
[6.230s][info][gc             ] GC(113) Pause Young (Allocation Failure) 967M->967M(1108M) 59.856ms
[6.230s][info][gc,cpu         ] GC(113) User=0.31s Sys=0.00s Real=0.06s
[6.255s][info][gc,start       ] GC(114) Pause Young (Allocation Failure)
[6.283s][info][gc,heap        ] GC(114) PSYoungGen: 53088K(81408K)->53184K(76800K) Eden: 22016K(22016K)->0K(19456K) From: 31072K(59392K)->53184K(57344K)
[6.284s][info][gc,heap        ] GC(114) ParOldGen: 959481K(1053184K)->959481K(1053184K)
[6.284s][info][gc,metaspace   ] GC(114) Metaspace: 6298K(6464K)->6298K(6464K) NonClass: 5765K(5824K)->5765K(5824K) Class: 533K(640K)->533K(640K)
[6.284s][info][gc             ] GC(114) Pause Young (Allocation Failure) 988M->988M(1103M) 28.772ms
[6.284s][info][gc,cpu         ] GC(114) User=0.12s Sys=0.00s Real=0.03s
[6.305s][info][gc,start       ] GC(115) Pause Young (Allocation Failure)
[6.341s][info][gc,heap        ] GC(115) PSYoungGen: 72640K(76800K)->62464K(81920K) Eden: 19456K(19456K)->0K(19456K) From: 53184K(57344K)->62464K(62464K)
[6.342s][info][gc,heap        ] GC(115) ParOldGen: 959481K(1053184K)->969665K(1053184K)
[6.342s][info][gc,metaspace   ] GC(115) Metaspace: 6298K(6464K)->6298K(6464K) NonClass: 5765K(5824K)->5765K(5824K) Class: 533K(640K)->533K(640K)
[6.342s][info][gc             ] GC(115) Pause Young (Allocation Failure) 1007M->1007M(1108M) 36.318ms
[6.342s][info][gc,cpu         ] GC(115) User=0.20s Sys=0.03s Real=0.04s
[6.363s][info][gc,start       ] GC(116) Pause Young (Allocation Failure)
[6.404s][info][gc,heap        ] GC(116) PSYoungGen: 81920K(81920K)->56832K(92160K) Eden: 19456K(19456K)->0K(18432K) From: 62464K(62464K)->56832K(73728K)
[6.404s][info][gc,heap        ] GC(116) ParOldGen: 969665K(1053184K)->995193K(1053184K)
[6.404s][info][gc,metaspace   ] GC(116) Metaspace: 6298K(6464K)->6298K(6464K) NonClass: 5765K(5824K)->5765K(5824K) Class: 533K(640K)->533K(640K)
[6.404s][info][gc             ] GC(116) Pause Young (Allocation Failure) 1026M->1027M(1118M) 41.116ms
[6.404s][info][gc,cpu         ] GC(116) User=0.19s Sys=0.03s Real=0.04s
[6.424s][info][gc,start       ] GC(117) Pause Young (Allocation Failure)
[6.465s][info][gc,heap        ] GC(117) PSYoungGen: 75264K(92160K)->53856K(95744K) Eden: 18432K(18432K)->0K(18432K) From: 56832K(73728K)->53856K(77312K)
[6.465s][info][gc,heap        ] GC(117) ParOldGen: 995193K(1053184K)->1016905K(1053184K)
[6.465s][info][gc,metaspace   ] GC(117) Metaspace: 6298K(6464K)->6298K(6464K) NonClass: 5765K(5824K)->5765K(5824K) Class: 533K(640K)->533K(640K)
[6.465s][info][gc             ] GC(117) Pause Young (Allocation Failure) 1045M->1045M(1122M) 41.049ms
[6.465s][info][gc,cpu         ] GC(117) User=0.19s Sys=0.02s Real=0.04s
[6.487s][info][gc,start       ] GC(118) Pause Young (Allocation Failure)
[6.526s][info][gc,heap        ] GC(118) PSYoungGen: 72288K(95744K)->36992K(94208K) Eden: 18432K(18432K)->0K(20992K) From: 53856K(77312K)->36992K(73216K)
[6.526s][info][gc,heap        ] GC(118) ParOldGen: 1016905K(1053184K)->1052681K(1053184K)
[6.526s][info][gc,metaspace   ] GC(118) Metaspace: 6298K(6464K)->6298K(6464K) NonClass: 5765K(5824K)->5765K(5824K) Class: 533K(640K)->533K(640K)
[6.526s][info][gc             ] GC(118) Pause Young (Allocation Failure) 1063M->1064M(1120M) 39.891ms
[6.526s][info][gc,cpu         ] GC(118) User=0.17s Sys=0.03s Real=0.04s
[6.526s][info][gc,start       ] GC(119) Pause Full (Ergonomics)
[6.527s][info][gc,phases,start] GC(119) Marking Phase
[6.791s][info][gc,phases      ] GC(119) Marking Phase 264.730ms
[6.791s][info][gc,phases,start] GC(119) Summary Phase
[6.791s][info][gc,phases      ] GC(119) Summary Phase 0.024ms
[6.791s][info][gc,phases,start] GC(119) Adjust Roots
[6.792s][info][gc,phases      ] GC(119) Adjust Roots 0.187ms
[6.792s][info][gc,phases,start] GC(119) Compaction Phase
[6.890s][info][gc,phases      ] GC(119) Compaction Phase 98.330ms
[6.890s][info][gc,phases,start] GC(119) Post Compact
[6.892s][info][gc,phases      ] GC(119) Post Compact 1.783ms
[6.892s][info][gc,heap        ] GC(119) PSYoungGen: 36992K(94208K)->34753K(96768K) Eden: 0K(20992K)->0K(23552K) From: 36992K(73216K)->34753K(73216K)
[6.892s][info][gc,heap        ] GC(119) ParOldGen: 1052681K(1053184K)->1053165K(1170944K)
[6.892s][info][gc,metaspace   ] GC(119) Metaspace: 6298K(6464K)->6298K(6464K) NonClass: 5765K(5824K)->5765K(5824K) Class: 533K(640K)->533K(640K)
[6.892s][info][gc             ] GC(119) Pause Full (Ergonomics) 1064M->1062M(1238M) 365.878ms
[6.892s][info][gc,cpu         ] GC(119) User=2.30s Sys=0.03s Real=0.37s
[6.920s][info][gc,start       ] GC(120) Pause Young (Allocation Failure)
[6.993s][info][gc,heap        ] GC(120) PSYoungGen: 58305K(96768K)->23744K(99328K) Eden: 23552K(23552K)->0K(23552K) From: 34753K(73216K)->23744K(75776K)
[6.993s][info][gc,heap        ] GC(120) ParOldGen: 1053165K(1170944K)->1088437K(1170944K)
[6.993s][info][gc,metaspace   ] GC(120) Metaspace: 6298K(6464K)->6298K(6464K) NonClass: 5765K(5824K)->5765K(5824K) Class: 533K(640K)->533K(640K)
[6.993s][info][gc             ] GC(120) Pause Young (Allocation Failure) 1085M->1086M(1240M) 73.640ms
[6.993s][info][gc,cpu         ] GC(120) User=0.39s Sys=0.02s Real=0.07s
[7.019s][info][gc,start       ] GC(121) Pause Young (Allocation Failure)
[7.047s][info][gc,heap        ] GC(121) PSYoungGen: 47296K(99328K)->23680K(99328K) Eden: 23552K(23552K)->0K(26112K) From: 23744K(75776K)->23680K(73216K)
[7.047s][info][gc,heap        ] GC(121) ParOldGen: 1088437K(1170944K)->1112333K(1170944K)
[7.047s][info][gc,metaspace   ] GC(121) Metaspace: 6298K(6464K)->6298K(6464K) NonClass: 5765K(5824K)->5765K(5824K) Class: 533K(640K)->533K(640K)
[7.047s][info][gc             ] GC(121) Pause Young (Allocation Failure) 1109M->1109M(1240M) 28.327ms
[7.048s][info][gc,cpu         ] GC(121) User=0.12s Sys=0.00s Real=0.03s
[7.077s][info][gc,start       ] GC(122) Pause Young (Allocation Failure)
[7.106s][info][gc,heap        ] GC(122) PSYoungGen: 49792K(99328K)->26240K(100352K) Eden: 26112K(26112K)->0K(26112K) From: 23680K(73216K)->26240K(74240K)
[7.106s][info][gc,heap        ] GC(122) ParOldGen: 1112333K(1170944K)->1136221K(1170944K)
[7.106s][info][gc,metaspace   ] GC(122) Metaspace: 6298K(6464K)->6298K(6464K) NonClass: 5765K(5824K)->5765K(5824K) Class: 533K(640K)->533K(640K)
[7.106s][info][gc             ] GC(122) Pause Young (Allocation Failure) 1134M->1135M(1241M) 29.182ms
[7.106s][info][gc,cpu         ] GC(122) User=0.11s Sys=0.00s Real=0.03s
[7.106s][info][gc,start       ] GC(123) Pause Full (Ergonomics)
[7.106s][info][gc,phases,start] GC(123) Marking Phase
[7.375s][info][gc,phases      ] GC(123) Marking Phase 269.330ms
[7.375s][info][gc,phases,start] GC(123) Summary Phase
[7.375s][info][gc,phases      ] GC(123) Summary Phase 0.038ms
[7.375s][info][gc,phases,start] GC(123) Adjust Roots
[7.376s][info][gc,phases      ] GC(123) Adjust Roots 0.187ms
[7.376s][info][gc,phases,start] GC(123) Compaction Phase
[7.482s][info][gc,phases      ] GC(123) Compaction Phase 106.664ms
[7.482s][info][gc,phases,start] GC(123) Post Compact
[7.485s][info][gc,phases      ] GC(123) Post Compact 2.214ms
[7.485s][info][gc,heap        ] GC(123) PSYoungGen: 26240K(100352K)->0K(101888K) Eden: 0K(26112K)->0K(29184K) From: 26240K(74240K)->0K(72704K)
[7.485s][info][gc,heap        ] GC(123) ParOldGen: 1136221K(1170944K)->1161046K(1291776K)
[7.485s][info][gc,metaspace   ] GC(123) Metaspace: 6298K(6464K)->6298K(6464K) NonClass: 5765K(5824K)->5765K(5824K) Class: 533K(640K)->533K(640K)
[7.485s][info][gc             ] GC(123) Pause Full (Ergonomics) 1135M->1133M(1361M) 379.341ms
[7.485s][info][gc,cpu         ] GC(123) User=2.31s Sys=0.00s Real=0.38s
[7.520s][info][gc,start       ] GC(124) Pause Young (Allocation Failure)
[7.539s][info][gc,heap        ] GC(124) PSYoungGen: 29184K(101888K)->29312K(101888K) Eden: 29184K(29184K)->0K(29184K) From: 0K(72704K)->29312K(72704K)
[7.539s][info][gc,heap        ] GC(124) ParOldGen: 1161046K(1291776K)->1161046K(1291776K)
[7.539s][info][gc,metaspace   ] GC(124) Metaspace: 6298K(6464K)->6298K(6464K) NonClass: 5765K(5824K)->5765K(5824K) Class: 533K(640K)->533K(640K)
[7.540s][info][gc             ] GC(124) Pause Young (Allocation Failure) 1162M->1162M(1361M) 19.785ms
[7.540s][info][gc,cpu         ] GC(124) User=0.11s Sys=0.00s Real=0.02s
[7.574s][info][gc,start       ] GC(125) Pause Young (Allocation Failure)
[7.607s][info][gc,heap        ] GC(125) PSYoungGen: 58496K(101888K)->58528K(96768K) Eden: 29184K(29184K)->0K(26624K) From: 29312K(72704K)->58528K(70144K)
[7.607s][info][gc,heap        ] GC(125) ParOldGen: 1161046K(1291776K)->1161046K(1291776K)
[7.607s][info][gc,metaspace   ] GC(125) Metaspace: 6298K(6464K)->6298K(6464K) NonClass: 5765K(5824K)->5765K(5824K) Class: 533K(640K)->533K(640K)
[7.607s][info][gc             ] GC(125) Pause Young (Allocation Failure) 1190M->1190M(1356M) 32.835ms
[7.607s][info][gc,cpu         ] GC(125) User=0.12s Sys=0.00s Real=0.03s
[7.640s][info][gc,start       ] GC(126) Pause Young (Allocation Failure)
[7.683s][info][gc,heap        ] GC(126) PSYoungGen: 85152K(96768K)->75264K(101888K) Eden: 26624K(26624K)->0K(26624K) From: 58528K(70144K)->75264K(75264K)
[7.683s][info][gc,heap        ] GC(126) ParOldGen: 1161046K(1291776K)->1171006K(1291776K)
[7.683s][info][gc,metaspace   ] GC(126) Metaspace: 6298K(6464K)->6298K(6464K) NonClass: 5765K(5824K)->5765K(5824K) Class: 533K(640K)->533K(640K)
[7.683s][info][gc             ] GC(126) Pause Young (Allocation Failure) 1216M->1217M(1361M) 42.916ms
[7.683s][info][gc,cpu         ] GC(126) User=0.22s Sys=0.00s Real=0.04s
[7.714s][info][gc,start       ] GC(127) Pause Young (Allocation Failure)
[7.769s][info][gc,heap        ] GC(127) PSYoungGen: 101888K(101888K)->51232K(116224K) Eden: 26624K(26624K)->0K(29696K) From: 75264K(75264K)->51232K(86528K)
[7.769s][info][gc,heap        ] GC(127) ParOldGen: 1171006K(1291776K)->1222438K(1291776K)
[7.769s][info][gc,metaspace   ] GC(127) Metaspace: 6298K(6464K)->6298K(6464K) NonClass: 5765K(5824K)->5765K(5824K) Class: 533K(640K)->533K(640K)
[7.769s][info][gc             ] GC(127) Pause Young (Allocation Failure) 1243M->1243M(1375M) 54.867ms
[7.769s][info][gc,cpu         ] GC(127) User=0.27s Sys=0.05s Real=0.06s
[7.807s][info][gc,start       ] GC(128) Pause Young (Allocation Failure)
[7.850s][info][gc,heap        ] GC(128) PSYoungGen: 80928K(116224K)->55968K(117248K) Eden: 29696K(29696K)->0K(29696K) From: 51232K(86528K)->55968K(87552K)
[7.850s][info][gc,heap        ] GC(128) ParOldGen: 1222438K(1291776K)->1247246K(1291776K)
[7.850s][info][gc,metaspace   ] GC(128) Metaspace: 6298K(6464K)->6298K(6464K) NonClass: 5765K(5824K)->5765K(5824K) Class: 533K(640K)->533K(640K)
[7.850s][info][gc             ] GC(128) Pause Young (Allocation Failure) 1272M->1272M(1376M) 42.958ms
[7.850s][info][gc,cpu         ] GC(128) User=0.28s Sys=0.05s Real=0.04s
[7.850s][info][gc,start       ] GC(129) Pause Full (Ergonomics)
[7.850s][info][gc,phases,start] GC(129) Marking Phase
[8.156s][info][gc,phases      ] GC(129) Marking Phase 305.585ms
[8.156s][info][gc,phases,start] GC(129) Summary Phase
[8.156s][info][gc,phases      ] GC(129) Summary Phase 0.034ms
[8.156s][info][gc,phases,start] GC(129) Adjust Roots
[8.156s][info][gc,phases      ] GC(129) Adjust Roots 0.254ms
[8.156s][info][gc,phases,start] GC(129) Compaction Phase
[8.505s][info][gc,phases      ] GC(129) Compaction Phase 349.054ms
[8.505s][info][gc,phases,start] GC(129) Post Compact
[8.508s][info][gc,phases      ] GC(129) Post Compact 2.718ms
[8.508s][info][gc,heap        ] GC(129) PSYoungGen: 55968K(117248K)->10274K(117248K) Eden: 0K(29696K)->0K(29696K) From: 55968K(87552K)->10274K(87552K)
[8.508s][info][gc,heap        ] GC(129) ParOldGen: 1247246K(1291776K)->1291418K(1365504K)
[8.508s][info][gc,metaspace   ] GC(129) Metaspace: 6298K(6464K)->6298K(6464K) NonClass: 5765K(5824K)->5765K(5824K) Class: 533K(640K)->533K(640K)
[8.508s][info][gc             ] GC(129) Pause Full (Ergonomics) 1272M->1271M(1448M) 658.241ms
[8.508s][info][gc,cpu         ] GC(129) User=4.00s Sys=0.17s Real=0.66s
[8.534s][info][gc,start       ] GC(130) Pause Young (Allocation Failure)
[8.609s][info][gc,heap        ] GC(130) PSYoungGen: 39970K(117248K)->19872K(118784K) Eden: 29696K(29696K)->0K(32256K) From: 10274K(87552K)->19872K(86528K)
[8.609s][info][gc,heap        ] GC(130) ParOldGen: 1291418K(1365504K)->1297442K(1365504K)
[8.609s][info][gc,metaspace   ] GC(130) Metaspace: 6298K(6464K)->6298K(6464K) NonClass: 5765K(5824K)->5765K(5824K) Class: 533K(640K)->533K(640K)
[8.609s][info][gc             ] GC(130) Pause Young (Allocation Failure) 1300M->1286M(1449M) 75.265ms
[8.609s][info][gc,cpu         ] GC(130) User=0.36s Sys=0.02s Real=0.07s
[8.648s][info][gc,start       ] GC(131) Pause Young (Allocation Failure)
[8.678s][info][gc,heap        ] GC(131) PSYoungGen: 52128K(118784K)->48640K(119808K) Eden: 32256K(32256K)->0K(32256K) From: 19872K(86528K)->48640K(87552K)
[8.678s][info][gc,heap        ] GC(131) ParOldGen: 1297442K(1365504K)->1297442K(1365504K)
[8.678s][info][gc,metaspace   ] GC(131) Metaspace: 6298K(6464K)->6298K(6464K) NonClass: 5765K(5824K)->5765K(5824K) Class: 533K(640K)->533K(640K)
[8.678s][info][gc             ] GC(131) Pause Young (Allocation Failure) 1317M->1314M(1450M) 30.678ms
[8.678s][info][gc,cpu         ] GC(131) User=0.12s Sys=0.00s Real=0.03s
[8.717s][info][gc,start       ] GC(132) Pause Young (Allocation Failure)
[8.762s][info][gc,heap        ] GC(132) PSYoungGen: 80896K(119808K)->80960K(111104K) Eden: 32256K(32256K)->0K(25600K) From: 48640K(87552K)->80960K(85504K)
[8.762s][info][gc,heap        ] GC(132) ParOldGen: 1297442K(1365504K)->1297442K(1365504K)
[8.762s][info][gc,metaspace   ] GC(132) Metaspace: 6298K(6464K)->6298K(6464K) NonClass: 5765K(5824K)->5765K(5824K) Class: 533K(640K)->533K(640K)
[8.762s][info][gc             ] GC(132) Pause Young (Allocation Failure) 1346M->1346M(1442M) 45.282ms
[8.762s][info][gc,cpu         ] GC(132) User=0.20s Sys=0.02s Real=0.05s
[8.796s][info][gc,start       ] GC(133) Pause Young (Allocation Failure)
[8.855s][info][gc,heap        ] GC(133) PSYoungGen: 106560K(111104K)->95232K(120832K) Eden: 25600K(25600K)->0K(25600K) From: 80960K(85504K)->95232K(95232K)
[8.855s][info][gc,heap        ] GC(133) ParOldGen: 1297442K(1365504K)->1308850K(1365504K)
[8.855s][info][gc,metaspace   ] GC(133) Metaspace: 6298K(6464K)->6298K(6464K) NonClass: 5765K(5824K)->5765K(5824K) Class: 533K(640K)->533K(640K)
[8.855s][info][gc             ] GC(133) Pause Young (Allocation Failure) 1371M->1371M(1451M) 59.375ms
[8.855s][info][gc,cpu         ] GC(133) User=0.33s Sys=0.00s Real=0.06s
[8.863s][info][gc,start       ] GC(134) Pause Young (Allocation Failure)
[8.915s][info][gc,heap        ] GC(134) PSYoungGen: 101371K(120832K)->84800K(135168K) Eden: 6139K(25600K)->0K(22528K) From: 95232K(95232K)->84800K(112640K)
[8.915s][info][gc,heap        ] GC(134) ParOldGen: 1308850K(1365504K)->1325770K(1365504K)
[8.915s][info][gc,metaspace   ] GC(134) Metaspace: 6298K(6464K)->6298K(6464K) NonClass: 5765K(5824K)->5765K(5824K) Class: 533K(640K)->533K(640K)
[8.915s][info][gc             ] GC(134) Pause Young (Allocation Failure) 1377M->1377M(1465M) 52.500ms
[8.915s][info][gc,cpu         ] GC(134) User=0.30s Sys=0.02s Real=0.05s
[8.915s][info][gc,start       ] GC(135) Pause Full (Ergonomics)
[8.915s][info][gc,phases,start] GC(135) Marking Phase
[9.259s][info][gc,phases      ] GC(135) Marking Phase 343.486ms
[9.259s][info][gc,phases,start] GC(135) Summary Phase
[9.259s][info][gc,phases      ] GC(135) Summary Phase 0.028ms
[9.259s][info][gc,phases,start] GC(135) Adjust Roots
[9.259s][info][gc,phases      ] GC(135) Adjust Roots 0.214ms
[9.259s][info][gc,phases,start] GC(135) Compaction Phase
[9.379s][info][gc,phases      ] GC(135) Compaction Phase 119.239ms
[9.379s][info][gc,phases,start] GC(135) Post Compact
[9.381s][info][gc,phases      ] GC(135) Post Compact 2.578ms
[9.381s][info][gc,heap        ] GC(135) PSYoungGen: 84800K(135168K)->44637K(135168K) Eden: 0K(22528K)->0K(22528K) From: 84800K(112640K)->44637K(112640K)
[9.381s][info][gc,heap        ] GC(135) ParOldGen: 1325770K(1365504K)->1365051K(1365504K)
[9.381s][info][gc,metaspace   ] GC(135) Metaspace: 6298K(6464K)->6298K(6464K) NonClass: 5765K(5824K)->5765K(5824K) Class: 533K(640K)->533K(640K)
[9.381s][info][gc             ] GC(135) Pause Full (Ergonomics) 1377M->1376M(1465M) 465.968ms
[9.381s][info][gc,cpu         ] GC(135) User=3.02s Sys=0.05s Real=0.47s
[9.382s][info][gc,start       ] GC(136) Pause Full (Allocation Failure)
[9.382s][info][gc,phases,start] GC(136) Marking Phase
[9.726s][info][gc,phases      ] GC(136) Marking Phase 344.509ms
[9.726s][info][gc,phases,start] GC(136) Summary Phase
[9.726s][info][gc,phases      ] GC(136) Summary Phase 0.027ms
[9.726s][info][gc,phases,start] GC(136) Adjust Roots
[9.726s][info][gc,phases      ] GC(136) Adjust Roots 0.331ms
[9.726s][info][gc,phases,start] GC(136) Compaction Phase
[10.066s][info][gc,phases      ] GC(136) Compaction Phase 339.056ms
[10.066s][info][gc,phases,start] GC(136) Post Compact
[10.068s][info][gc,phases      ] GC(136) Post Compact 2.761ms
[10.068s][info][gc,heap        ] GC(136) PSYoungGen: 44637K(135168K)->44637K(135168K) Eden: 0K(22528K)->0K(22528K) From: 44637K(112640K)->44637K(112640K)
[10.068s][info][gc,heap        ] GC(136) ParOldGen: 1365051K(1365504K)->1365047K(1365504K)
[10.068s][info][gc,metaspace   ] GC(136) Metaspace: 6298K(6464K)->6296K(6464K) NonClass: 5765K(5824K)->5763K(5824K) Class: 533K(640K)->532K(640K)
[10.069s][info][gc             ] GC(136) Pause Full (Allocation Failure) 1376M->1376M(1465M) 687.007ms
[10.069s][info][gc,cpu         ] GC(136) User=4.39s Sys=0.03s Real=0.69s
[10.070s][info][gc,heap,exit   ] Heap
[10.070s][info][gc,heap,exit   ]  PSYoungGen      total 135168K, used 45538K [0x00000000d6580000, 0x00000000e6580000, 0x0000000100000000)
[10.070s][info][gc,heap,exit   ]   eden space 22528K, 3% used [0x00000000d6580000,0x00000000d66613f8,0x00000000d7b80000)
[10.070s][info][gc,heap,exit   ]   from space 112640K, 39% used [0x00000000def00000,0x00000000e1a974c8,0x00000000e5d00000)
[10.070s][info][gc,heap,exit   ]   to   space 118272K, 0% used [0x00000000d7b80000,0x00000000d7b80000,0x00000000def00000)
[10.070s][info][gc,heap,exit   ]  ParOldGen       total 1365504K, used 1365047K [0x0000000083000000, 0x00000000d6580000, 0x00000000d6580000)
[10.070s][info][gc,heap,exit   ]   object space 1365504K, 99% used [0x0000000083000000,0x00000000d650dcf0,0x00000000d6580000)
[10.070s][info][gc,heap,exit   ]  Metaspace       used 6301K, committed 6464K, reserved 1114112K
[10.070s][info][gc,heap,exit   ]   class space    used 534K, committed 640K, reserved 1048576K
