[0.014s][info][gc,init] CardTable entry size: 512
[0.014s][info][gc     ] Using Parallel
[0.014s][info][gc,init] Version: 18.0.1+10 (release)
[0.014s][info][gc,init] CPUs: 8 total, 8 available
[0.015s][info][gc,init] Memory: 16063M
[0.015s][info][gc,init] Large Page Support: Disabled
[0.015s][info][gc,init] NUMA Support: Disabled
[0.015s][info][gc,init] Compressed Oops: Enabled (32-bit)
[0.015s][info][gc,init] Alignments: Space 512K, Generation 512K, Heap 2M
[0.015s][info][gc,init] Heap Min Capacity: 2M
[0.015s][info][gc,init] Heap Initial Capacity: 2M
[0.015s][info][gc,init] Heap Max Capacity: 1000M
[0.015s][info][gc,init] Pre-touch: Disabled
[0.015s][info][gc,init] Parallel Workers: 3
[0.015s][info][gc,metaspace] CDS archive(s) not mapped
[0.015s][info][gc,metaspace] Compressed class space mapped at: 0x0000000100000000-0x0000000140000000, reserved size: 1073741824
[0.015s][info][gc,metaspace] Narrow klass base: 0x0000000000000000, Narrow klass shift: 3, Narrow klass range: 0x140000000
[0.127s][info][gc,start    ] GC(0) Pause Young (Allocation Failure)
[0.128s][info][gc,heap     ] GC(0) PSYoungGen: 512K(1024K)->480K(1024K) Eden: 512K(512K)->0K(512K) From: 0K(512K)->480K(512K)
[0.128s][info][gc,heap     ] GC(0) ParOldGen: 0K(512K)->8K(512K)
[0.128s][info][gc,metaspace] GC(0) Metaspace: 4229K(4352K)->4229K(4352K) NonClass: 3908K(3968K)->3908K(3968K) Class: 321K(384K)->321K(384K)
[0.129s][info][gc          ] GC(0) Pause Young (Allocation Failure) 0M->0M(1M) 1.458ms
[0.129s][info][gc,cpu      ] GC(0) User=0.00s Sys=0.00s Real=0.00s
[0.196s][info][gc,start    ] GC(1) Pause Young (Allocation Failure)
[0.197s][info][gc,heap     ] GC(1) PSYoungGen: 991K(1024K)->512K(1536K) Eden: 511K(512K)->0K(1024K) From: 480K(512K)->512K(512K)
[0.197s][info][gc,heap     ] GC(1) ParOldGen: 8K(512K)->80K(512K)
[0.197s][info][gc,metaspace] GC(1) Metaspace: 5881K(6016K)->5881K(6016K) NonClass: 5385K(5504K)->5385K(5504K) Class: 496K(512K)->496K(512K)
[0.197s][info][gc          ] GC(1) Pause Young (Allocation Failure) 0M->0M(2M) 0.872ms
[0.197s][info][gc,cpu      ] GC(1) User=0.00s Sys=0.00s Real=0.00s
[0.220s][info][gc,start    ] GC(2) Pause Young (Allocation Failure)
[0.221s][info][gc,heap     ] GC(2) PSYoungGen: 1536K(1536K)->512K(1536K) Eden: 1024K(1024K)->0K(1024K) From: 512K(512K)->512K(512K)
[0.221s][info][gc,heap     ] GC(2) ParOldGen: 80K(512K)->512K(1024K)
[0.221s][info][gc,metaspace] GC(2) Metaspace: 6300K(6528K)->6300K(6528K) NonClass: 5767K(5888K)->5767K(5888K) Class: 533K(640K)->533K(640K)
[0.221s][info][gc          ] GC(2) Pause Young (Allocation Failure) 1M->1M(2M) 1.220ms
[0.221s][info][gc,cpu      ] GC(2) User=0.00s Sys=0.00s Real=0.00s
[0.223s][info][gc,start    ] GC(3) Pause Young (Allocation Failure)
[0.224s][info][gc,heap     ] GC(3) PSYoungGen: 1536K(1536K)->480K(2560K) Eden: 1024K(1024K)->0K(2048K) From: 512K(512K)->480K(512K)
[0.224s][info][gc,heap     ] GC(3) ParOldGen: 512K(1024K)->1072K(1536K)
[0.224s][info][gc,metaspace] GC(3) Metaspace: 6300K(6528K)->6300K(6528K) NonClass: 5767K(5888K)->5767K(5888K) Class: 533K(640K)->533K(640K)
[0.224s][info][gc          ] GC(3) Pause Young (Allocation Failure) 2M->1M(4M) 1.282ms
[0.224s][info][gc,cpu      ] GC(3) User=0.00s Sys=0.00s Real=0.00s
[0.225s][info][gc,start    ] GC(4) Pause Full (Ergonomics)
[0.225s][info][gc,phases,start] GC(4) Marking Phase
[0.226s][info][gc,phases      ] GC(4) Marking Phase 1.014ms
[0.226s][info][gc,phases,start] GC(4) Summary Phase
[0.226s][info][gc,phases      ] GC(4) Summary Phase 0.016ms
[0.226s][info][gc,phases,start] GC(4) Adjust Roots
[0.226s][info][gc,phases      ] GC(4) Adjust Roots 0.403ms
[0.226s][info][gc,phases,start] GC(4) Compaction Phase
[0.229s][info][gc,phases      ] GC(4) Compaction Phase 2.607ms
[0.229s][info][gc,phases,start] GC(4) Post Compact
[0.229s][info][gc,phases      ] GC(4) Post Compact 0.099ms
[0.229s][info][gc,heap        ] GC(4) PSYoungGen: 480K(2560K)->0K(2560K) Eden: 0K(2048K)->0K(2048K) From: 480K(512K)->0K(512K)
[0.229s][info][gc,heap        ] GC(4) ParOldGen: 1072K(1536K)->1496K(3584K)
[0.229s][info][gc,metaspace   ] GC(4) Metaspace: 6300K(6528K)->6300K(6528K) NonClass: 5767K(5888K)->5767K(5888K) Class: 533K(640K)->533K(640K)
[0.229s][info][gc             ] GC(4) Pause Full (Ergonomics) 1M->1M(6M) 4.550ms
[0.229s][info][gc,cpu         ] GC(4) User=0.00s Sys=0.00s Real=0.00s
[0.232s][info][gc,start       ] GC(5) Pause Young (Allocation Failure)
[0.233s][info][gc,heap        ] GC(5) PSYoungGen: 2048K(2560K)->480K(3584K) Eden: 2048K(2048K)->0K(3072K) From: 0K(512K)->480K(512K)
[0.233s][info][gc,heap        ] GC(5) ParOldGen: 1496K(3584K)->2120K(3584K)
[0.233s][info][gc,metaspace   ] GC(5) Metaspace: 6300K(6528K)->6300K(6528K) NonClass: 5767K(5888K)->5767K(5888K) Class: 533K(640K)->533K(640K)
[0.233s][info][gc             ] GC(5) Pause Young (Allocation Failure) 3M->2M(7M) 1.141ms
[0.233s][info][gc,cpu         ] GC(5) User=0.00s Sys=0.00s Real=0.00s
[0.239s][info][gc,start       ] GC(6) Pause Young (Allocation Failure)
[0.241s][info][gc,heap        ] GC(6) PSYoungGen: 3552K(3584K)->1504K(4608K) Eden: 3072K(3072K)->0K(3072K) From: 480K(512K)->1504K(1536K)
[0.241s][info][gc,heap        ] GC(6) ParOldGen: 2120K(3584K)->2696K(3584K)
[0.241s][info][gc,metaspace   ] GC(6) Metaspace: 6300K(6528K)->6300K(6528K) NonClass: 5767K(5888K)->5767K(5888K) Class: 533K(640K)->533K(640K)
[0.241s][info][gc             ] GC(6) Pause Young (Allocation Failure) 5M->4M(8M) 1.993ms
[0.241s][info][gc,cpu         ] GC(6) User=0.00s Sys=0.00s Real=0.00s
[0.241s][info][gc,start       ] GC(7) Pause Full (Ergonomics)
[0.241s][info][gc,phases,start] GC(7) Marking Phase
[0.244s][info][gc,phases      ] GC(7) Marking Phase 2.382ms
[0.244s][info][gc,phases,start] GC(7) Summary Phase
[0.244s][info][gc,phases      ] GC(7) Summary Phase 0.017ms
[0.244s][info][gc,phases,start] GC(7) Adjust Roots
[0.244s][info][gc,phases      ] GC(7) Adjust Roots 0.327ms
[0.244s][info][gc,phases,start] GC(7) Compaction Phase
[0.246s][info][gc,phases      ] GC(7) Compaction Phase 2.256ms
[0.246s][info][gc,phases,start] GC(7) Post Compact
[0.246s][info][gc,phases      ] GC(7) Post Compact 0.039ms
[0.247s][info][gc,heap        ] GC(7) PSYoungGen: 1504K(4608K)->990K(4608K) Eden: 0K(3072K)->0K(3072K) From: 1504K(1536K)->990K(1536K)
[0.247s][info][gc,heap        ] GC(7) ParOldGen: 2696K(3584K)->3127K(6144K)
[0.247s][info][gc,metaspace   ] GC(7) Metaspace: 6300K(6528K)->6300K(6528K) NonClass: 5767K(5888K)->5767K(5888K) Class: 533K(640K)->533K(640K)
[0.247s][info][gc             ] GC(7) Pause Full (Ergonomics) 4M->4M(10M) 5.517ms
[0.247s][info][gc,cpu         ] GC(7) User=0.00s Sys=0.00s Real=0.01s
[0.251s][info][gc,start       ] GC(8) Pause Young (Allocation Failure)
[0.254s][info][gc,heap        ] GC(8) PSYoungGen: 4062K(4608K)->2048K(5632K) Eden: 3072K(3072K)->0K(3584K) From: 990K(1536K)->2048K(2048K)
[0.254s][info][gc,heap        ] GC(8) ParOldGen: 3127K(6144K)->3663K(6144K)
[0.254s][info][gc,metaspace   ] GC(8) Metaspace: 6300K(6528K)->6300K(6528K) NonClass: 5767K(5888K)->5767K(5888K) Class: 533K(640K)->533K(640K)
[0.254s][info][gc             ] GC(8) Pause Young (Allocation Failure) 7M->5M(11M) 2.763ms
[0.254s][info][gc,cpu         ] GC(8) User=0.00s Sys=0.00s Real=0.00s
[0.261s][info][gc,start       ] GC(9) Pause Young (Allocation Failure)
[0.264s][info][gc,heap        ] GC(9) PSYoungGen: 5632K(5632K)->3040K(6656K) Eden: 3584K(3584K)->0K(3584K) From: 2048K(2048K)->3040K(3072K)
[0.264s][info][gc,heap        ] GC(9) ParOldGen: 3663K(6144K)->4663K(6144K)
[0.264s][info][gc,metaspace   ] GC(9) Metaspace: 6300K(6528K)->6300K(6528K) NonClass: 5767K(5888K)->5767K(5888K) Class: 533K(640K)->533K(640K)
[0.264s][info][gc             ] GC(9) Pause Young (Allocation Failure) 9M->7M(12M) 3.340ms
[0.264s][info][gc,cpu         ] GC(9) User=0.00s Sys=0.00s Real=0.00s
[0.269s][info][gc,start       ] GC(10) Pause Young (Allocation Failure)
[0.273s][info][gc,heap        ] GC(10) PSYoungGen: 6624K(6656K)->4064K(8704K) Eden: 3584K(3584K)->0K(4608K) From: 3040K(3072K)->4064K(4096K)
[0.273s][info][gc,heap        ] GC(10) ParOldGen: 4663K(6144K)->5511K(6144K)
[0.273s][info][gc,metaspace   ] GC(10) Metaspace: 6300K(6528K)->6300K(6528K) NonClass: 5767K(5888K)->5767K(5888K) Class: 533K(640K)->533K(640K)
[0.273s][info][gc             ] GC(10) Pause Young (Allocation Failure) 11M->9M(14M) 4.193ms
[0.273s][info][gc,cpu         ] GC(10) User=0.00s Sys=0.00s Real=0.00s
[0.273s][info][gc,start       ] GC(11) Pause Full (Ergonomics)
[0.273s][info][gc,phases,start] GC(11) Marking Phase
[0.277s][info][gc,phases      ] GC(11) Marking Phase 3.970ms
[0.277s][info][gc,phases,start] GC(11) Summary Phase
[0.277s][info][gc,phases      ] GC(11) Summary Phase 0.016ms
[0.277s][info][gc,phases,start] GC(11) Adjust Roots
[0.277s][info][gc,phases      ] GC(11) Adjust Roots 0.233ms
[0.277s][info][gc,phases,start] GC(11) Compaction Phase
[0.283s][info][gc,phases      ] GC(11) Compaction Phase 5.647ms
[0.283s][info][gc,phases,start] GC(11) Post Compact
[0.283s][info][gc,phases      ] GC(11) Post Compact 0.039ms
[0.283s][info][gc,heap        ] GC(11) PSYoungGen: 4064K(8704K)->3513K(8704K) Eden: 0K(4608K)->0K(4608K) From: 4064K(4096K)->3513K(4096K)
[0.283s][info][gc,heap        ] GC(11) ParOldGen: 5511K(6144K)->5863K(10240K)
[0.283s][info][gc,metaspace   ] GC(11) Metaspace: 6300K(6528K)->6300K(6528K) NonClass: 5767K(5888K)->5767K(5888K) Class: 533K(640K)->533K(640K)
[0.283s][info][gc             ] GC(11) Pause Full (Ergonomics) 9M->9M(18M) 10.208ms
[0.283s][info][gc,cpu         ] GC(11) User=0.00s Sys=0.00s Real=0.01s
[0.289s][info][gc,start       ] GC(12) Pause Young (Allocation Failure)
[0.293s][info][gc,heap        ] GC(12) PSYoungGen: 7981K(8704K)->3936K(9728K) Eden: 4468K(4608K)->0K(4608K) From: 3513K(4096K)->3936K(5120K)
[0.293s][info][gc,heap        ] GC(12) ParOldGen: 5863K(10240K)->7839K(10240K)
[0.293s][info][gc,metaspace   ] GC(12) Metaspace: 6300K(6528K)->6300K(6528K) NonClass: 5767K(5888K)->5767K(5888K) Class: 533K(640K)->533K(640K)
[0.293s][info][gc             ] GC(12) Pause Young (Allocation Failure) 13M->11M(19M) 4.407ms
[0.293s][info][gc,cpu         ] GC(12) User=0.00s Sys=0.00s Real=0.00s
[0.300s][info][gc,start       ] GC(13) Pause Young (Allocation Failure)
[0.304s][info][gc,heap        ] GC(13) PSYoungGen: 8544K(9728K)->2656K(12288K) Eden: 4608K(4608K)->0K(6656K) From: 3936K(5120K)->2656K(5632K)
[0.304s][info][gc,heap        ] GC(13) ParOldGen: 7839K(10240K)->11791K(12288K)
[0.304s][info][gc,metaspace   ] GC(13) Metaspace: 6300K(6528K)->6300K(6528K) NonClass: 5767K(5888K)->5767K(5888K) Class: 533K(640K)->533K(640K)
[0.304s][info][gc             ] GC(13) Pause Young (Allocation Failure) 15M->14M(24M) 4.245ms
[0.304s][info][gc,cpu         ] GC(13) User=0.00s Sys=0.00s Real=0.00s
[0.304s][info][gc,start       ] GC(14) Pause Full (Ergonomics)
[0.304s][info][gc,phases,start] GC(14) Marking Phase
[0.309s][info][gc,phases      ] GC(14) Marking Phase 5.086ms
[0.309s][info][gc,phases,start] GC(14) Summary Phase
[0.309s][info][gc,phases      ] GC(14) Summary Phase 0.017ms
[0.309s][info][gc,phases,start] GC(14) Adjust Roots
[0.310s][info][gc,phases      ] GC(14) Adjust Roots 0.184ms
[0.310s][info][gc,phases,start] GC(14) Compaction Phase
[0.315s][info][gc,phases      ] GC(14) Compaction Phase 5.568ms
[0.315s][info][gc,phases,start] GC(14) Post Compact
[0.315s][info][gc,phases      ] GC(14) Post Compact 0.062ms
[0.315s][info][gc,heap        ] GC(14) PSYoungGen: 2656K(12288K)->2013K(12288K) Eden: 0K(6656K)->0K(6656K) From: 2656K(5632K)->2013K(5632K)
[0.315s][info][gc,heap        ] GC(14) ParOldGen: 11791K(12288K)->12023K(18944K)
[0.315s][info][gc,metaspace   ] GC(14) Metaspace: 6300K(6528K)->6300K(6528K) NonClass: 5767K(5888K)->5767K(5888K) Class: 533K(640K)->533K(640K)
[0.315s][info][gc             ] GC(14) Pause Full (Ergonomics) 14M->13M(30M) 11.261ms
[0.315s][info][gc,cpu         ] GC(14) User=0.00s Sys=0.00s Real=0.01s
[0.321s][info][gc,start       ] GC(15) Pause Young (Allocation Failure)
[0.325s][info][gc,heap        ] GC(15) PSYoungGen: 8669K(12288K)->3456K(12288K) Eden: 6656K(6656K)->0K(6656K) From: 2013K(5632K)->3456K(5632K)
[0.325s][info][gc,heap        ] GC(15) ParOldGen: 12023K(18944K)->14079K(18944K)
[0.325s][info][gc,metaspace   ] GC(15) Metaspace: 6302K(6528K)->6302K(6528K) NonClass: 5769K(5888K)->5769K(5888K) Class: 533K(640K)->533K(640K)
[0.325s][info][gc             ] GC(15) Pause Young (Allocation Failure) 20M->17M(30M) 4.056ms
[0.325s][info][gc,cpu         ] GC(15) User=0.00s Sys=0.00s Real=0.00s
[0.330s][info][gc,start       ] GC(16) Pause Young (Allocation Failure)
[0.335s][info][gc,heap        ] GC(16) PSYoungGen: 10112K(12288K)->3488K(14848K) Eden: 6656K(6656K)->0K(9216K) From: 3456K(5632K)->3488K(5632K)
[0.335s][info][gc,heap        ] GC(16) ParOldGen: 14079K(18944K)->17551K(18944K)
[0.335s][info][gc,metaspace   ] GC(16) Metaspace: 6302K(6528K)->6302K(6528K) NonClass: 5769K(5888K)->5769K(5888K) Class: 533K(640K)->533K(640K)
[0.335s][info][gc             ] GC(16) Pause Young (Allocation Failure) 23M->20M(33M) 4.897ms
[0.335s][info][gc,cpu         ] GC(16) User=0.00s Sys=0.00s Real=0.01s
[0.335s][info][gc,start       ] GC(17) Pause Full (Ergonomics)
[0.335s][info][gc,phases,start] GC(17) Marking Phase
[0.342s][info][gc,phases      ] GC(17) Marking Phase 6.857ms
[0.342s][info][gc,phases,start] GC(17) Summary Phase
[0.342s][info][gc,phases      ] GC(17) Summary Phase 0.019ms
[0.342s][info][gc,phases,start] GC(17) Adjust Roots
[0.342s][info][gc,phases      ] GC(17) Adjust Roots 0.215ms
[0.342s][info][gc,phases,start] GC(17) Compaction Phase
[0.347s][info][gc,phases      ] GC(17) Compaction Phase 4.490ms
[0.347s][info][gc,phases,start] GC(17) Post Compact
[0.347s][info][gc,phases      ] GC(17) Post Compact 0.134ms
[0.347s][info][gc,heap        ] GC(17) PSYoungGen: 3488K(14848K)->2412K(14848K) Eden: 0K(9216K)->0K(9216K) From: 3488K(5632K)->2412K(5632K)
[0.347s][info][gc,heap        ] GC(17) ParOldGen: 17551K(18944K)->18460K(27648K)
[0.347s][info][gc,metaspace   ] GC(17) Metaspace: 6302K(6528K)->6302K(6528K) NonClass: 5769K(5888K)->5769K(5888K) Class: 533K(640K)->533K(640K)
[0.347s][info][gc             ] GC(17) Pause Full (Ergonomics) 20M->20M(41M) 12.081ms
[0.347s][info][gc,cpu         ] GC(17) User=0.00s Sys=0.00s Real=0.01s
[0.357s][info][gc,start       ] GC(18) Pause Young (Allocation Failure)
[0.362s][info][gc,heap        ] GC(18) PSYoungGen: 11628K(14848K)->5312K(14848K) Eden: 9216K(9216K)->0K(9216K) From: 2412K(5632K)->5312K(5632K)
[0.362s][info][gc,heap        ] GC(18) ParOldGen: 18460K(27648K)->20916K(27648K)
[0.362s][info][gc,metaspace   ] GC(18) Metaspace: 6302K(6528K)->6302K(6528K) NonClass: 5769K(5888K)->5769K(5888K) Class: 533K(640K)->533K(640K)
[0.362s][info][gc             ] GC(18) Pause Young (Allocation Failure) 29M->25M(41M) 5.366ms
[0.362s][info][gc,cpu         ] GC(18) User=0.00s Sys=0.00s Real=0.01s
[0.368s][info][gc,start       ] GC(19) Pause Young (Allocation Failure)
[0.375s][info][gc,heap        ] GC(19) PSYoungGen: 14528K(14848K)->4832K(18944K) Eden: 9216K(9216K)->0K(12288K) From: 5312K(5632K)->4832K(6656K)
[0.376s][info][gc,heap        ] GC(19) ParOldGen: 20916K(27648K)->26252K(27648K)
[0.376s][info][gc,metaspace   ] GC(19) Metaspace: 6302K(6528K)->6302K(6528K) NonClass: 5769K(5888K)->5769K(5888K) Class: 533K(640K)->533K(640K)
[0.376s][info][gc             ] GC(19) Pause Young (Allocation Failure) 34M->30M(45M) 7.051ms
[0.376s][info][gc,cpu         ] GC(19) User=0.00s Sys=0.00s Real=0.01s
[0.376s][info][gc,start       ] GC(20) Pause Full (Ergonomics)
[0.376s][info][gc,phases,start] GC(20) Marking Phase
[0.384s][info][gc,phases      ] GC(20) Marking Phase 8.749ms
[0.384s][info][gc,phases,start] GC(20) Summary Phase
[0.384s][info][gc,phases      ] GC(20) Summary Phase 0.016ms
[0.384s][info][gc,phases,start] GC(20) Adjust Roots
[0.385s][info][gc,phases      ] GC(20) Adjust Roots 0.179ms
[0.385s][info][gc,phases,start] GC(20) Compaction Phase
[0.393s][info][gc,phases      ] GC(20) Compaction Phase 8.283ms
[0.393s][info][gc,phases,start] GC(20) Post Compact
[0.393s][info][gc,phases      ] GC(20) Post Compact 0.106ms
[0.393s][info][gc,heap        ] GC(20) PSYoungGen: 4832K(18944K)->3228K(18944K) Eden: 0K(12288K)->0K(12288K) From: 4832K(6656K)->3228K(6656K)
[0.393s][info][gc,heap        ] GC(20) ParOldGen: 26252K(27648K)->27151K(38400K)
[0.393s][info][gc,metaspace   ] GC(20) Metaspace: 6302K(6528K)->6302K(6528K) NonClass: 5769K(5888K)->5769K(5888K) Class: 533K(640K)->533K(640K)
[0.393s][info][gc             ] GC(20) Pause Full (Ergonomics) 30M->29M(56M) 17.717ms
[0.393s][info][gc,cpu         ] GC(20) User=0.00s Sys=0.00s Real=0.02s
[0.405s][info][gc,start       ] GC(21) Pause Young (Allocation Failure)
[0.418s][info][gc,heap        ] GC(21) PSYoungGen: 15516K(18944K)->6656K(18944K) Eden: 12288K(12288K)->0K(12288K) From: 3228K(6656K)->6656K(6656K)
[0.418s][info][gc,heap        ] GC(21) ParOldGen: 27151K(38400K)->35295K(38400K)
[0.418s][info][gc,metaspace   ] GC(21) Metaspace: 6302K(6528K)->6302K(6528K) NonClass: 5769K(5888K)->5769K(5888K) Class: 533K(640K)->533K(640K)
[0.418s][info][gc             ] GC(21) Pause Young (Allocation Failure) 41M->40M(56M) 12.788ms
[0.418s][info][gc,cpu         ] GC(21) User=0.00s Sys=0.00s Real=0.01s
[0.418s][info][gc,start       ] GC(22) Pause Full (Ergonomics)
[0.418s][info][gc,phases,start] GC(22) Marking Phase
[0.431s][info][gc,phases      ] GC(22) Marking Phase 13.448ms
[0.431s][info][gc,phases,start] GC(22) Summary Phase
[0.431s][info][gc,phases      ] GC(22) Summary Phase 0.018ms
[0.431s][info][gc,phases,start] GC(22) Adjust Roots
[0.432s][info][gc,phases      ] GC(22) Adjust Roots 0.214ms
[0.432s][info][gc,phases,start] GC(22) Compaction Phase
[0.440s][info][gc,phases      ] GC(22) Compaction Phase 8.017ms
[0.440s][info][gc,phases,start] GC(22) Post Compact
[0.440s][info][gc,phases      ] GC(22) Post Compact 0.287ms
[0.440s][info][gc,heap        ] GC(22) PSYoungGen: 6656K(18944K)->3576K(18944K) Eden: 0K(12288K)->0K(12288K) From: 6656K(6656K)->3576K(6656K)
[0.440s][info][gc,heap        ] GC(22) ParOldGen: 35295K(38400K)->38216K(53248K)
[0.440s][info][gc,metaspace   ] GC(22) Metaspace: 6302K(6528K)->6302K(6528K) NonClass: 5769K(5888K)->5769K(5888K) Class: 533K(640K)->533K(640K)
[0.440s][info][gc             ] GC(22) Pause Full (Ergonomics) 40M->40M(70M) 22.517ms
[0.440s][info][gc,cpu         ] GC(22) User=0.00s Sys=0.00s Real=0.02s
[0.457s][info][gc,start       ] GC(23) Pause Young (Allocation Failure)
[0.469s][info][gc,heap        ] GC(23) PSYoungGen: 15864K(18944K)->10720K(20992K) Eden: 12288K(12288K)->0K(10240K) From: 3576K(6656K)->10720K(10752K)
[0.469s][info][gc,heap        ] GC(23) ParOldGen: 38216K(53248K)->45528K(53248K)
[0.469s][info][gc,metaspace   ] GC(23) Metaspace: 6302K(6528K)->6302K(6528K) NonClass: 5769K(5888K)->5769K(5888K) Class: 533K(640K)->533K(640K)
[0.470s][info][gc             ] GC(23) Pause Young (Allocation Failure) 52M->54M(72M) 12.114ms
[0.470s][info][gc,cpu         ] GC(23) User=0.00s Sys=0.00s Real=0.01s
[0.470s][info][gc,start       ] GC(24) Pause Full (Ergonomics)
[0.470s][info][gc,phases,start] GC(24) Marking Phase
[0.487s][info][gc,phases      ] GC(24) Marking Phase 16.905ms
[0.487s][info][gc,phases,start] GC(24) Summary Phase
[0.487s][info][gc,phases      ] GC(24) Summary Phase 0.021ms
[0.487s][info][gc,phases,start] GC(24) Adjust Roots
[0.487s][info][gc,phases      ] GC(24) Adjust Roots 0.206ms
[0.487s][info][gc,phases,start] GC(24) Compaction Phase
[0.503s][info][gc,phases      ] GC(24) Compaction Phase 15.944ms
[0.503s][info][gc,phases,start] GC(24) Post Compact
[0.503s][info][gc,phases      ] GC(24) Post Compact 0.240ms
[0.503s][info][gc,heap        ] GC(24) PSYoungGen: 10720K(20992K)->0K(25600K) Eden: 0K(10240K)->0K(10240K) From: 10720K(10752K)->0K(15360K)
[0.503s][info][gc,heap        ] GC(24) ParOldGen: 45528K(53248K)->53031K(71168K)
[0.503s][info][gc,metaspace   ] GC(24) Metaspace: 6302K(6528K)->6302K(6528K) NonClass: 5769K(5888K)->5769K(5888K) Class: 533K(640K)->533K(640K)
[0.503s][info][gc             ] GC(24) Pause Full (Ergonomics) 54M->51M(94M) 33.676ms
[0.503s][info][gc,cpu         ] GC(24) User=0.06s Sys=0.00s Real=0.03s
[0.515s][info][gc,start       ] GC(25) Pause Young (Allocation Failure)
[0.522s][info][gc,heap        ] GC(25) PSYoungGen: 10240K(25600K)->10304K(26624K) Eden: 10240K(10240K)->0K(11264K) From: 0K(15360K)->10304K(15360K)
[0.522s][info][gc,heap        ] GC(25) ParOldGen: 53031K(71168K)->53031K(71168K)
[0.522s][info][gc,metaspace   ] GC(25) Metaspace: 6302K(6528K)->6302K(6528K) NonClass: 5769K(5888K)->5769K(5888K) Class: 533K(640K)->533K(640K)
[0.523s][info][gc             ] GC(25) Pause Young (Allocation Failure) 61M->61M(95M) 7.151ms
[0.523s][info][gc,cpu         ] GC(25) User=0.00s Sys=0.02s Real=0.01s
[0.534s][info][gc,start       ] GC(26) Pause Young (Allocation Failure)
[0.547s][info][gc,heap        ] GC(26) PSYoungGen: 21568K(26624K)->16384K(27648K) Eden: 11264K(11264K)->0K(11264K) From: 10304K(15360K)->16384K(16384K)
[0.547s][info][gc,heap        ] GC(26) ParOldGen: 53031K(71168K)->58215K(71168K)
[0.547s][info][gc,metaspace   ] GC(26) Metaspace: 6302K(6528K)->6302K(6528K) NonClass: 5769K(5888K)->5769K(5888K) Class: 533K(640K)->533K(640K)
[0.547s][info][gc             ] GC(26) Pause Young (Allocation Failure) 72M->72M(96M) 12.510ms
[0.547s][info][gc,cpu         ] GC(26) User=0.00s Sys=0.00s Real=0.01s
[0.559s][info][gc,start       ] GC(27) Pause Young (Allocation Failure)
[0.576s][info][gc,heap        ] GC(27) PSYoungGen: 27648K(27648K)->11296K(34816K) Eden: 11264K(11264K)->0K(13824K) From: 16384K(16384K)->11296K(20992K)
[0.576s][info][gc,heap        ] GC(27) ParOldGen: 58215K(71168K)->74839K(75264K)
[0.576s][info][gc,metaspace   ] GC(27) Metaspace: 6302K(6528K)->6302K(6528K) NonClass: 5769K(5888K)->5769K(5888K) Class: 533K(640K)->533K(640K)
[0.576s][info][gc             ] GC(27) Pause Young (Allocation Failure) 83M->84M(107M) 17.495ms
[0.576s][info][gc,cpu         ] GC(27) User=0.00s Sys=0.00s Real=0.02s
[0.576s][info][gc,start       ] GC(28) Pause Full (Ergonomics)
[0.576s][info][gc,phases,start] GC(28) Marking Phase
[0.602s][info][gc,phases      ] GC(28) Marking Phase 25.287ms
[0.602s][info][gc,phases,start] GC(28) Summary Phase
[0.602s][info][gc,phases      ] GC(28) Summary Phase 0.020ms
[0.602s][info][gc,phases,start] GC(28) Adjust Roots
[0.602s][info][gc,phases      ] GC(28) Adjust Roots 0.212ms
[0.602s][info][gc,phases,start] GC(28) Compaction Phase
[0.622s][info][gc,phases      ] GC(28) Compaction Phase 19.408ms
[0.622s][info][gc,phases,start] GC(28) Post Compact
[0.622s][info][gc,phases      ] GC(28) Post Compact 0.450ms
[0.622s][info][gc,heap        ] GC(28) PSYoungGen: 11296K(34816K)->10717K(34816K) Eden: 0K(13824K)->0K(13824K) From: 11296K(20992K)->10717K(20992K)
[0.622s][info][gc,heap        ] GC(28) ParOldGen: 74839K(75264K)->74984K(98816K)
[0.622s][info][gc,metaspace   ] GC(28) Metaspace: 6302K(6528K)->6302K(6528K) NonClass: 5769K(5888K)->5769K(5888K) Class: 533K(640K)->533K(640K)
[0.622s][info][gc             ] GC(28) Pause Full (Ergonomics) 84M->83M(130M) 45.844ms
[0.622s][info][gc,cpu         ] GC(28) User=0.06s Sys=0.02s Real=0.05s
[0.643s][info][gc,start       ] GC(29) Pause Young (Allocation Failure)
[0.660s][info][gc,heap        ] GC(29) PSYoungGen: 24541K(34816K)->13856K(34816K) Eden: 13824K(13824K)->0K(13824K) From: 10717K(20992K)->13856K(20992K)
[0.660s][info][gc,heap        ] GC(29) ParOldGen: 74984K(98816K)->85888K(98816K)
[0.660s][info][gc,metaspace   ] GC(29) Metaspace: 6302K(6528K)->6302K(6528K) NonClass: 5769K(5888K)->5769K(5888K) Class: 533K(640K)->533K(640K)
[0.660s][info][gc             ] GC(29) Pause Young (Allocation Failure) 97M->97M(130M) 17.252ms
[0.660s][info][gc,cpu         ] GC(29) User=0.02s Sys=0.02s Real=0.02s
[0.660s][info][gc,start       ] GC(30) Pause Full (Ergonomics)
[0.660s][info][gc,phases,start] GC(30) Marking Phase
[0.688s][info][gc,phases      ] GC(30) Marking Phase 27.765ms
[0.688s][info][gc,phases,start] GC(30) Summary Phase
[0.688s][info][gc,phases      ] GC(30) Summary Phase 0.019ms
[0.688s][info][gc,phases,start] GC(30) Adjust Roots
[0.688s][info][gc,phases      ] GC(30) Adjust Roots 0.174ms
[0.688s][info][gc,phases,start] GC(30) Compaction Phase
[0.711s][info][gc,phases      ] GC(30) Compaction Phase 22.541ms
[0.711s][info][gc,phases,start] GC(30) Post Compact
[0.711s][info][gc,phases      ] GC(30) Post Compact 0.366ms
[0.711s][info][gc,heap        ] GC(30) PSYoungGen: 13856K(34816K)->0K(37888K) Eden: 0K(13824K)->0K(16384K) From: 13856K(20992K)->0K(21504K)
[0.711s][info][gc,heap        ] GC(30) ParOldGen: 85888K(98816K)->97456K(124928K)
[0.711s][info][gc,metaspace   ] GC(30) Metaspace: 6302K(6528K)->6302K(6528K) NonClass: 5769K(5888K)->5769K(5888K) Class: 533K(640K)->533K(640K)
[0.711s][info][gc             ] GC(30) Pause Full (Ergonomics) 97M->95M(159M) 51.295ms
[0.711s][info][gc,cpu         ] GC(30) User=0.05s Sys=0.00s Real=0.05s
[0.727s][info][gc,start       ] GC(31) Pause Young (Allocation Failure)
[0.737s][info][gc,heap        ] GC(31) PSYoungGen: 16384K(37888K)->16448K(38400K) Eden: 16384K(16384K)->0K(16384K) From: 0K(21504K)->16448K(22016K)
[0.737s][info][gc,heap        ] GC(31) ParOldGen: 97456K(124928K)->97456K(124928K)
[0.737s][info][gc,metaspace   ] GC(31) Metaspace: 6302K(6528K)->6302K(6528K) NonClass: 5769K(5888K)->5769K(5888K) Class: 533K(640K)->533K(640K)
[0.737s][info][gc             ] GC(31) Pause Young (Allocation Failure) 111M->111M(159M) 10.084ms
[0.737s][info][gc,cpu         ] GC(31) User=0.00s Sys=0.00s Real=0.01s
[0.754s][info][gc,start       ] GC(32) Pause Young (Allocation Failure)
[0.777s][info][gc,heap        ] GC(32) PSYoungGen: 32832K(38400K)->23552K(35840K) Eden: 16384K(16384K)->0K(12288K) From: 16448K(22016K)->23552K(23552K)
[0.777s][info][gc,heap        ] GC(32) ParOldGen: 97456K(124928K)->106816K(124928K)
[0.777s][info][gc,metaspace   ] GC(32) Metaspace: 6302K(6528K)->6302K(6528K) NonClass: 5769K(5888K)->5769K(5888K) Class: 533K(640K)->533K(640K)
[0.777s][info][gc             ] GC(32) Pause Young (Allocation Failure) 127M->127M(157M) 23.930ms
[0.777s][info][gc,cpu         ] GC(32) User=0.05s Sys=0.00s Real=0.02s
[0.790s][info][gc,start       ] GC(33) Pause Young (Allocation Failure)
[0.810s][info][gc,heap        ] GC(33) PSYoungGen: 35840K(35840K)->24128K(43008K) Eden: 12288K(12288K)->0K(12288K) From: 23552K(23552K)->24128K(30720K)
[0.810s][info][gc,heap        ] GC(33) ParOldGen: 106816K(124928K)->118728K(124928K)
[0.810s][info][gc,metaspace   ] GC(33) Metaspace: 6302K(6528K)->6302K(6528K) NonClass: 5769K(5888K)->5769K(5888K) Class: 533K(640K)->533K(640K)
[0.810s][info][gc             ] GC(33) Pause Young (Allocation Failure) 139M->139M(164M) 20.053ms
[0.810s][info][gc,cpu         ] GC(33) User=0.03s Sys=0.02s Real=0.02s
[0.810s][info][gc,start       ] GC(34) Pause Full (Ergonomics)
[0.810s][info][gc,phases,start] GC(34) Marking Phase
[0.850s][info][gc,phases      ] GC(34) Marking Phase 40.150ms
[0.850s][info][gc,phases,start] GC(34) Summary Phase
[0.850s][info][gc,phases      ] GC(34) Summary Phase 0.017ms
[0.850s][info][gc,phases,start] GC(34) Adjust Roots
[0.850s][info][gc,phases      ] GC(34) Adjust Roots 0.191ms
[0.850s][info][gc,phases,start] GC(34) Compaction Phase
[0.875s][info][gc,phases      ] GC(34) Compaction Phase 24.591ms
[0.875s][info][gc,phases,start] GC(34) Post Compact
[0.876s][info][gc,phases      ] GC(34) Post Compact 0.732ms
[0.876s][info][gc,heap        ] GC(34) PSYoungGen: 24128K(43008K)->17918K(43008K) Eden: 0K(12288K)->0K(12288K) From: 24128K(30720K)->17918K(30720K)
[0.876s][info][gc,heap        ] GC(34) ParOldGen: 118728K(124928K)->124498K(156160K)
[0.876s][info][gc,metaspace   ] GC(34) Metaspace: 6302K(6528K)->6302K(6528K) NonClass: 5769K(5888K)->5769K(5888K) Class: 533K(640K)->533K(640K)
[0.876s][info][gc             ] GC(34) Pause Full (Ergonomics) 139M->139M(194M) 66.176ms
[0.876s][info][gc,cpu         ] GC(34) User=0.14s Sys=0.02s Real=0.07s
[0.889s][info][gc,start       ] GC(35) Pause Young (Allocation Failure)
[0.913s][info][gc,heap        ] GC(35) PSYoungGen: 30206K(43008K)->21984K(47104K) Eden: 12288K(12288K)->0K(13312K) From: 17918K(30720K)->21984K(33792K)
[0.913s][info][gc,heap        ] GC(35) ParOldGen: 124498K(156160K)->132922K(156160K)
[0.913s][info][gc,metaspace   ] GC(35) Metaspace: 6302K(6528K)->6302K(6528K) NonClass: 5769K(5888K)->5769K(5888K) Class: 533K(640K)->533K(640K)
[0.913s][info][gc             ] GC(35) Pause Young (Allocation Failure) 151M->151M(198M) 23.451ms
[0.913s][info][gc,cpu         ] GC(35) User=0.05s Sys=0.00s Real=0.02s
[0.926s][info][gc,start       ] GC(36) Pause Young (Allocation Failure)
[0.944s][info][gc,heap        ] GC(36) PSYoungGen: 35296K(47104K)->34816K(48128K) Eden: 13312K(13312K)->0K(13312K) From: 21984K(33792K)->34816K(34816K)
[0.944s][info][gc,heap        ] GC(36) ParOldGen: 132922K(156160K)->133370K(156160K)
[0.944s][info][gc,metaspace   ] GC(36) Metaspace: 6302K(6528K)->6302K(6528K) NonClass: 5769K(5888K)->5769K(5888K) Class: 533K(640K)->533K(640K)
[0.944s][info][gc             ] GC(36) Pause Young (Allocation Failure) 164M->164M(199M) 18.577ms
[0.944s][info][gc,cpu         ] GC(36) User=0.05s Sys=0.00s Real=0.02s
[0.984s][info][gc,start       ] GC(37) Pause Full (Ergonomics)
[0.984s][info][gc,phases,start] GC(37) Marking Phase
[1.041s][info][gc,phases      ] GC(37) Marking Phase 56.923ms
[1.041s][info][gc,phases,start] GC(37) Summary Phase
[1.041s][info][gc,phases      ] GC(37) Summary Phase 0.021ms
[1.041s][info][gc,phases,start] GC(37) Adjust Roots
[1.042s][info][gc,phases      ] GC(37) Adjust Roots 0.210ms
[1.042s][info][gc,phases,start] GC(37) Compaction Phase
[1.089s][info][gc,phases      ] GC(37) Compaction Phase 47.026ms
[1.089s][info][gc,phases,start] GC(37) Post Compact
[1.090s][info][gc,phases      ] GC(37) Post Compact 0.869ms
[1.090s][info][gc,heap        ] GC(37) PSYoungGen: 48128K(48128K)->29637K(48128K) Eden: 13312K(13312K)->0K(13312K) From: 34816K(34816K)->29637K(34816K)
[1.090s][info][gc,heap        ] GC(37) ParOldGen: 141562K(156160K)->155693K(189440K)
[1.090s][info][gc,metaspace   ] GC(37) Metaspace: 6302K(6528K)->6302K(6528K) NonClass: 5769K(5888K)->5769K(5888K) Class: 533K(640K)->533K(640K)
[1.090s][info][gc             ] GC(37) Pause Full (Ergonomics) 185M->180M(232M) 105.592ms
[1.090s][info][gc,cpu         ] GC(37) User=0.25s Sys=0.00s Real=0.11s
[1.105s][info][gc,start       ] GC(38) Pause Young (Allocation Failure)
[1.141s][info][gc,heap        ] GC(38) PSYoungGen: 42949K(48128K)->24512K(55808K) Eden: 13312K(13312K)->0K(14848K) From: 29637K(34816K)->24512K(40960K)
[1.141s][info][gc,heap        ] GC(38) ParOldGen: 155693K(189440K)->174509K(189440K)
[1.141s][info][gc,metaspace   ] GC(38) Metaspace: 6302K(6528K)->6302K(6528K) NonClass: 5769K(5888K)->5769K(5888K) Class: 533K(640K)->533K(640K)
[1.141s][info][gc             ] GC(38) Pause Young (Allocation Failure) 193M->194M(239M) 36.087ms
[1.141s][info][gc,cpu         ] GC(38) User=0.09s Sys=0.00s Real=0.04s
[1.141s][info][gc,start       ] GC(39) Pause Full (Ergonomics)
[1.141s][info][gc,phases,start] GC(39) Marking Phase
[1.199s][info][gc,phases      ] GC(39) Marking Phase 58.142ms
[1.199s][info][gc,phases,start] GC(39) Summary Phase
[1.199s][info][gc,phases      ] GC(39) Summary Phase 0.020ms
[1.199s][info][gc,phases,start] GC(39) Adjust Roots
[1.200s][info][gc,phases      ] GC(39) Adjust Roots 0.190ms
[1.200s][info][gc,phases,start] GC(39) Compaction Phase
[1.230s][info][gc,phases      ] GC(39) Compaction Phase 30.815ms
[1.231s][info][gc,phases,start] GC(39) Post Compact
[1.231s][info][gc,phases      ] GC(39) Post Compact 0.862ms
[1.232s][info][gc,heap        ] GC(39) PSYoungGen: 24512K(55808K)->9584K(55808K) Eden: 0K(14848K)->0K(14848K) From: 24512K(40960K)->9584K(40960K)
[1.232s][info][gc,heap        ] GC(39) ParOldGen: 174509K(189440K)->189025K(228864K)
[1.232s][info][gc,metaspace   ] GC(39) Metaspace: 6302K(6528K)->6302K(6528K) NonClass: 5769K(5888K)->5769K(5888K) Class: 533K(640K)->533K(640K)
[1.232s][info][gc             ] GC(39) Pause Full (Ergonomics) 194M->193M(278M) 90.566ms
[1.232s][info][gc,cpu         ] GC(39) User=0.17s Sys=0.02s Real=0.09s
[1.246s][info][gc,start       ] GC(40) Pause Young (Allocation Failure)
[1.273s][info][gc,heap        ] GC(40) PSYoungGen: 24432K(55808K)->24480K(56320K) Eden: 14848K(14848K)->0K(14848K) From: 9584K(40960K)->24480K(41472K)
[1.273s][info][gc,heap        ] GC(40) ParOldGen: 189025K(228864K)->189025K(228864K)
[1.273s][info][gc,metaspace   ] GC(40) Metaspace: 6302K(6528K)->6302K(6528K) NonClass: 5769K(5888K)->5769K(5888K) Class: 533K(640K)->533K(640K)
[1.273s][info][gc             ] GC(40) Pause Young (Allocation Failure) 208M->208M(278M) 26.482ms
[1.273s][info][gc,cpu         ] GC(40) User=0.05s Sys=0.00s Real=0.03s
[1.290s][info][gc,start       ] GC(41) Pause Young (Allocation Failure)
[1.313s][info][gc,heap        ] GC(41) PSYoungGen: 39328K(56320K)->39328K(53248K) Eden: 14848K(14848K)->0K(11264K) From: 24480K(41472K)->39328K(41984K)
[1.313s][info][gc,heap        ] GC(41) ParOldGen: 189025K(228864K)->189025K(228864K)
[1.313s][info][gc,metaspace   ] GC(41) Metaspace: 6302K(6528K)->6302K(6528K) NonClass: 5769K(5888K)->5769K(5888K) Class: 533K(640K)->533K(640K)
[1.313s][info][gc             ] GC(41) Pause Young (Allocation Failure) 223M->223M(275M) 23.910ms
[1.313s][info][gc,cpu         ] GC(41) User=0.03s Sys=0.02s Real=0.02s
[1.326s][info][gc,start       ] GC(42) Pause Young (Allocation Failure)
[1.354s][info][gc,heap        ] GC(42) PSYoungGen: 50592K(53248K)->47616K(58880K) Eden: 11264K(11264K)->0K(11264K) From: 39328K(41984K)->47616K(47616K)
[1.354s][info][gc,heap        ] GC(42) ParOldGen: 189025K(228864K)->192009K(228864K)
[1.354s][info][gc,metaspace   ] GC(42) Metaspace: 6302K(6528K)->6302K(6528K) NonClass: 5769K(5888K)->5769K(5888K) Class: 533K(640K)->533K(640K)
[1.354s][info][gc             ] GC(42) Pause Young (Allocation Failure) 234M->234M(281M) 27.292ms
[1.354s][info][gc,cpu         ] GC(42) User=0.05s Sys=0.00s Real=0.03s
[1.367s][info][gc,start       ] GC(43) Pause Young (Allocation Failure)
[1.399s][info][gc,heap        ] GC(43) PSYoungGen: 58880K(58880K)->49664K(62976K) Eden: 11264K(11264K)->0K(6656K) From: 47616K(47616K)->49664K(56320K)
[1.399s][info][gc,heap        ] GC(43) ParOldGen: 192009K(228864K)->201409K(228864K)
[1.399s][info][gc,metaspace   ] GC(43) Metaspace: 6302K(6528K)->6302K(6528K) NonClass: 5769K(5888K)->5769K(5888K) Class: 533K(640K)->533K(640K)
[1.399s][info][gc             ] GC(43) Pause Young (Allocation Failure) 245M->245M(285M) 32.132ms
[1.399s][info][gc,cpu         ] GC(43) User=0.02s Sys=0.03s Real=0.03s
[1.407s][info][gc,start       ] GC(44) Pause Young (Allocation Failure)
[1.437s][info][gc,heap        ] GC(44) PSYoungGen: 56320K(62976K)->42144K(69632K) Eden: 6656K(6656K)->0K(6656K) From: 49664K(56320K)->42144K(62976K)
[1.437s][info][gc,heap        ] GC(44) ParOldGen: 201409K(228864K)->215745K(228864K)
[1.437s][info][gc,metaspace   ] GC(44) Metaspace: 6302K(6528K)->6302K(6528K) NonClass: 5769K(5888K)->5769K(5888K) Class: 533K(640K)->533K(640K)
[1.437s][info][gc             ] GC(44) Pause Young (Allocation Failure) 251M->251M(291M) 30.101ms
[1.437s][info][gc,cpu         ] GC(44) User=0.05s Sys=0.00s Real=0.03s
[1.437s][info][gc,start       ] GC(45) Pause Full (Ergonomics)
[1.437s][info][gc,phases,start] GC(45) Marking Phase
[1.512s][info][gc,phases      ] GC(45) Marking Phase 75.174ms
[1.512s][info][gc,phases,start] GC(45) Summary Phase
[1.512s][info][gc,phases      ] GC(45) Summary Phase 0.021ms
[1.512s][info][gc,phases,start] GC(45) Adjust Roots
[1.512s][info][gc,phases      ] GC(45) Adjust Roots 0.200ms
[1.512s][info][gc,phases,start] GC(45) Compaction Phase
[1.557s][info][gc,phases      ] GC(45) Compaction Phase 44.278ms
[1.557s][info][gc,phases,start] GC(45) Post Compact
[1.558s][info][gc,phases      ] GC(45) Post Compact 1.370ms
[1.558s][info][gc,heap        ] GC(45) PSYoungGen: 42144K(69632K)->28748K(69632K) Eden: 0K(6656K)->0K(6656K) From: 42144K(62976K)->28748K(62976K)
[1.558s][info][gc,heap        ] GC(45) ParOldGen: 215745K(228864K)->228591K(270848K)
[1.558s][info][gc,metaspace   ] GC(45) Metaspace: 6302K(6528K)->6302K(6528K) NonClass: 5769K(5888K)->5769K(5888K) Class: 533K(640K)->533K(640K)
[1.558s][info][gc             ] GC(45) Pause Full (Ergonomics) 251M->251M(332M) 121.619ms
[1.559s][info][gc,cpu         ] GC(45) User=0.33s Sys=0.00s Real=0.12s
[1.567s][info][gc,start       ] GC(46) Pause Young (Allocation Failure)
[1.606s][info][gc,heap        ] GC(46) PSYoungGen: 35404K(69632K)->19424K(69120K) Eden: 6656K(6656K)->0K(8192K) From: 28748K(62976K)->19424K(60928K)
[1.606s][info][gc,heap        ] GC(46) ParOldGen: 228591K(270848K)->244935K(270848K)
[1.606s][info][gc,metaspace   ] GC(46) Metaspace: 6302K(6528K)->6302K(6528K) NonClass: 5769K(5888K)->5769K(5888K) Class: 533K(640K)->533K(640K)
[1.606s][info][gc             ] GC(46) Pause Young (Allocation Failure) 257M->258M(332M) 39.133ms
[1.606s][info][gc,cpu         ] GC(46) User=0.09s Sys=0.00s Real=0.04s
[1.615s][info][gc,start       ] GC(47) Pause Young (Allocation Failure)
[1.631s][info][gc,heap        ] GC(47) PSYoungGen: 27616K(69120K)->19616K(28160K) Eden: 8192K(8192K)->0K(8192K) From: 19424K(60928K)->19616K(19968K)
[1.631s][info][gc,heap        ] GC(47) ParOldGen: 244935K(270848K)->252999K(270848K)
[1.631s][info][gc,metaspace   ] GC(47) Metaspace: 6302K(6528K)->6302K(6528K) NonClass: 5769K(5888K)->5769K(5888K) Class: 533K(640K)->533K(640K)
[1.631s][info][gc             ] GC(47) Pause Young (Allocation Failure) 266M->266M(292M) 16.375ms
[1.631s][info][gc,cpu         ] GC(47) User=0.00s Sys=0.00s Real=0.02s
[1.631s][info][gc,start       ] GC(48) Pause Full (Ergonomics)
[1.631s][info][gc,phases,start] GC(48) Marking Phase
[1.708s][info][gc,phases      ] GC(48) Marking Phase 76.983ms
[1.708s][info][gc,phases,start] GC(48) Summary Phase
[1.708s][info][gc,phases      ] GC(48) Summary Phase 0.031ms
[1.708s][info][gc,phases,start] GC(48) Adjust Roots
[1.709s][info][gc,phases      ] GC(48) Adjust Roots 0.182ms
[1.709s][info][gc,phases,start] GC(48) Compaction Phase
[1.745s][info][gc,phases      ] GC(48) Compaction Phase 36.541ms
[1.745s][info][gc,phases,start] GC(48) Post Compact
[1.747s][info][gc,phases      ] GC(48) Post Compact 1.314ms
[1.747s][info][gc,heap        ] GC(48) PSYoungGen: 19616K(28160K)->1650K(28160K) Eden: 0K(8192K)->0K(8192K) From: 19616K(19968K)->1650K(19968K)
[1.747s][info][gc,heap        ] GC(48) ParOldGen: 252999K(270848K)->270475K(315904K)
[1.747s][info][gc,metaspace   ] GC(48) Metaspace: 6302K(6528K)->6302K(6528K) NonClass: 5769K(5888K)->5769K(5888K) Class: 533K(640K)->533K(640K)
[1.747s][info][gc             ] GC(48) Pause Full (Ergonomics) 266M->265M(336M) 115.619ms
[1.747s][info][gc,cpu         ] GC(48) User=0.28s Sys=0.00s Real=0.12s
[1.756s][info][gc,start       ] GC(49) Pause Young (Allocation Failure)
[1.779s][info][gc,heap        ] GC(49) PSYoungGen: 9842K(28160K)->9024K(68096K) Eden: 8192K(8192K)->0K(9216K) From: 1650K(19968K)->9024K(58880K)
[1.780s][info][gc,heap        ] GC(49) ParOldGen: 270475K(315904K)->271355K(315904K)
[1.780s][info][gc,metaspace   ] GC(49) Metaspace: 6302K(6528K)->6302K(6528K) NonClass: 5769K(5888K)->5769K(5888K) Class: 533K(640K)->533K(640K)
[1.780s][info][gc             ] GC(49) Pause Young (Allocation Failure) 273M->273M(375M) 23.465ms
[1.780s][info][gc,cpu         ] GC(49) User=0.05s Sys=0.00s Real=0.02s
[1.790s][info][gc,start       ] GC(50) Pause Young (Allocation Failure)
[1.802s][info][gc,heap        ] GC(50) PSYoungGen: 18240K(68096K)->18208K(27648K) Eden: 9216K(9216K)->0K(9216K) From: 9024K(58880K)->18208K(18432K)
[1.802s][info][gc,heap        ] GC(50) ParOldGen: 271355K(315904K)->271355K(315904K)
[1.802s][info][gc,metaspace   ] GC(50) Metaspace: 6302K(6528K)->6302K(6528K) NonClass: 5769K(5888K)->5769K(5888K) Class: 533K(640K)->533K(640K)
[1.802s][info][gc             ] GC(50) Pause Young (Allocation Failure) 282M->282M(335M) 11.940ms
[1.802s][info][gc,cpu         ] GC(50) User=0.00s Sys=0.00s Real=0.01s
[1.812s][info][gc,start       ] GC(51) Pause Young (Allocation Failure)
[1.828s][info][gc,heap        ] GC(51) PSYoungGen: 27424K(27648K)->26624K(62976K) Eden: 9216K(9216K)->0K(10752K) From: 18208K(18432K)->26624K(52224K)
[1.828s][info][gc,heap        ] GC(51) ParOldGen: 271355K(315904K)->272171K(315904K)
[1.828s][info][gc,metaspace   ] GC(51) Metaspace: 6302K(6528K)->6302K(6528K) NonClass: 5769K(5888K)->5769K(5888K) Class: 533K(640K)->533K(640K)
[1.828s][info][gc             ] GC(51) Pause Young (Allocation Failure) 291M->291M(370M) 16.024ms
[1.828s][info][gc,cpu         ] GC(51) User=0.00s Sys=0.00s Real=0.02s
[1.841s][info][gc,start       ] GC(52) Pause Young (Allocation Failure)
[1.862s][info][gc,heap        ] GC(52) PSYoungGen: 37376K(62976K)->29184K(65536K) Eden: 10752K(10752K)->0K(10752K) From: 26624K(52224K)->29184K(54784K)
[1.863s][info][gc,heap        ] GC(52) ParOldGen: 272171K(315904K)->280475K(315904K)
[1.863s][info][gc,metaspace   ] GC(52) Metaspace: 6302K(6528K)->6302K(6528K) NonClass: 5769K(5888K)->5769K(5888K) Class: 533K(640K)->533K(640K)
[1.863s][info][gc             ] GC(52) Pause Young (Allocation Failure) 302M->302M(372M) 21.436ms
[1.863s][info][gc,cpu         ] GC(52) User=0.05s Sys=0.00s Real=0.02s
[1.876s][info][gc,start       ] GC(53) Pause Young (Allocation Failure)
[1.898s][info][gc,heap        ] GC(53) PSYoungGen: 39936K(65536K)->30752K(65536K) Eden: 10752K(10752K)->0K(12800K) From: 29184K(54784K)->30752K(52736K)
[1.898s][info][gc,heap        ] GC(53) ParOldGen: 280475K(315904K)->289811K(315904K)
[1.898s][info][gc,metaspace   ] GC(53) Metaspace: 6302K(6528K)->6302K(6528K) NonClass: 5769K(5888K)->5769K(5888K) Class: 533K(640K)->533K(640K)
[1.898s][info][gc             ] GC(53) Pause Young (Allocation Failure) 312M->313M(372M) 22.963ms
[1.899s][info][gc,cpu         ] GC(53) User=0.05s Sys=0.00s Real=0.02s
[1.914s][info][gc,start       ] GC(54) Pause Young (Allocation Failure)
[1.940s][info][gc,heap        ] GC(54) PSYoungGen: 43552K(65536K)->23584K(66048K) Eden: 12800K(12800K)->0K(12800K) From: 30752K(52736K)->23584K(53248K)
[1.941s][info][gc,heap        ] GC(54) ParOldGen: 289811K(315904K)->310043K(315904K)
[1.941s][info][gc,metaspace   ] GC(54) Metaspace: 6302K(6528K)->6302K(6528K) NonClass: 5769K(5888K)->5769K(5888K) Class: 533K(640K)->533K(640K)
[1.941s][info][gc             ] GC(54) Pause Young (Allocation Failure) 325M->325M(373M) 26.800ms
[1.941s][info][gc,cpu         ] GC(54) User=0.05s Sys=0.00s Real=0.03s
[1.941s][info][gc,start       ] GC(55) Pause Full (Ergonomics)
[1.941s][info][gc,phases,start] GC(55) Marking Phase
[2.041s][info][gc,phases      ] GC(55) Marking Phase 99.892ms
[2.041s][info][gc,phases,start] GC(55) Summary Phase
[2.041s][info][gc,phases      ] GC(55) Summary Phase 0.030ms
[2.041s][info][gc,phases,start] GC(55) Adjust Roots
[2.041s][info][gc,phases      ] GC(55) Adjust Roots 0.242ms
[2.041s][info][gc,phases,start] GC(55) Compaction Phase
[2.088s][info][gc,phases      ] GC(55) Compaction Phase 47.464ms
[2.088s][info][gc,phases,start] GC(55) Post Compact
[2.090s][info][gc,phases      ] GC(55) Post Compact 1.550ms
[2.090s][info][gc,heap        ] GC(55) PSYoungGen: 23584K(66048K)->17355K(30208K) Eden: 0K(12800K)->0K(12800K) From: 23584K(53248K)->17355K(17408K)
[2.090s][info][gc,heap        ] GC(55) ParOldGen: 310043K(315904K)->315497K(365568K)
[2.090s][info][gc,metaspace   ] GC(55) Metaspace: 6302K(6528K)->6302K(6528K) NonClass: 5769K(5888K)->5769K(5888K) Class: 533K(640K)->533K(640K)
[2.090s][info][gc             ] GC(55) Pause Full (Ergonomics) 325M->325M(386M) 149.832ms
[2.091s][info][gc,cpu         ] GC(55) User=0.38s Sys=0.00s Real=0.15s
[2.106s][info][gc,start       ] GC(56) Pause Young (Allocation Failure)
[2.144s][info][gc,heap        ] GC(56) PSYoungGen: 30155K(30208K)->12832K(63488K) Eden: 12800K(12800K)->0K(14336K) From: 17355K(17408K)->12832K(49152K)
[2.144s][info][gc,heap        ] GC(56) ParOldGen: 315497K(365568K)->333137K(365568K)
[2.144s][info][gc,metaspace   ] GC(56) Metaspace: 6302K(6528K)->6302K(6528K) NonClass: 5769K(5888K)->5769K(5888K) Class: 533K(640K)->533K(640K)
[2.144s][info][gc             ] GC(56) Pause Young (Allocation Failure) 337M->337M(419M) 37.998ms
[2.144s][info][gc,cpu         ] GC(56) User=0.05s Sys=0.02s Real=0.04s
[2.205s][info][gc,start       ] GC(57) Pause Full (Ergonomics)
[2.205s][info][gc,phases,start] GC(57) Marking Phase
[2.311s][info][gc,phases      ] GC(57) Marking Phase 105.833ms
[2.311s][info][gc,phases,start] GC(57) Summary Phase
[2.311s][info][gc,phases      ] GC(57) Summary Phase 0.023ms
[2.311s][info][gc,phases,start] GC(57) Adjust Roots
[2.311s][info][gc,phases      ] GC(57) Adjust Roots 0.224ms
[2.311s][info][gc,phases,start] GC(57) Compaction Phase
[2.385s][info][gc,phases      ] GC(57) Compaction Phase 73.043ms
[2.385s][info][gc,phases,start] GC(57) Post Compact
[2.386s][info][gc,phases      ] GC(57) Post Compact 1.806ms
[2.387s][info][gc,heap        ] GC(57) PSYoungGen: 27168K(63488K)->3061K(64512K) Eden: 14336K(14336K)->0K(15360K) From: 12832K(49152K)->3061K(49152K)
[2.387s][info][gc,heap        ] GC(57) ParOldGen: 349521K(365568K)->365059K(420352K)
[2.387s][info][gc,metaspace   ] GC(57) Metaspace: 6302K(6528K)->6302K(6528K) NonClass: 5769K(5888K)->5769K(5888K) Class: 533K(640K)->533K(640K)
[2.387s][info][gc             ] GC(57) Pause Full (Ergonomics) 367M->359M(473M) 181.603ms
[2.387s][info][gc,cpu         ] GC(57) User=0.47s Sys=0.02s Real=0.18s
[2.404s][info][gc,start       ] GC(58) Pause Young (Allocation Failure)
[2.437s][info][gc,heap        ] GC(58) PSYoungGen: 18421K(64512K)->15424K(65536K) Eden: 15360K(15360K)->0K(15360K) From: 3061K(49152K)->15424K(50176K)
[2.437s][info][gc,heap        ] GC(58) ParOldGen: 365059K(420352K)->368179K(420352K)
[2.437s][info][gc,metaspace   ] GC(58) Metaspace: 6302K(6528K)->6302K(6528K) NonClass: 5769K(5888K)->5769K(5888K) Class: 533K(640K)->533K(640K)
[2.437s][info][gc             ] GC(58) Pause Young (Allocation Failure) 374M->374M(474M) 33.690ms
[2.438s][info][gc,cpu         ] GC(58) User=0.08s Sys=0.02s Real=0.03s
[2.454s][info][gc,start       ] GC(59) Pause Young (Allocation Failure)
[2.473s][info][gc,heap        ] GC(59) PSYoungGen: 30784K(65536K)->30784K(66048K) Eden: 15360K(15360K)->0K(16896K) From: 15424K(50176K)->30784K(49152K)
[2.473s][info][gc,heap        ] GC(59) ParOldGen: 368179K(420352K)->368179K(420352K)
[2.473s][info][gc,metaspace   ] GC(59) Metaspace: 6302K(6528K)->6302K(6528K) NonClass: 5769K(5888K)->5769K(5888K) Class: 533K(640K)->533K(640K)
[2.473s][info][gc             ] GC(59) Pause Young (Allocation Failure) 389M->389M(475M) 18.763ms
[2.473s][info][gc,cpu         ] GC(59) User=0.05s Sys=0.00s Real=0.02s
[2.491s][info][gc,start       ] GC(60) Pause Young (Allocation Failure)
[2.518s][info][gc,heap        ] GC(60) PSYoungGen: 47680K(66048K)->47680K(66048K) Eden: 16896K(16896K)->0K(16896K) From: 30784K(49152K)->47680K(49152K)
[2.518s][info][gc,heap        ] GC(60) ParOldGen: 368179K(420352K)->368179K(420352K)
[2.518s][info][gc,metaspace   ] GC(60) Metaspace: 6302K(6528K)->6302K(6528K) NonClass: 5769K(5888K)->5769K(5888K) Class: 533K(640K)->533K(640K)
[2.518s][info][gc             ] GC(60) Pause Young (Allocation Failure) 406M->406M(475M) 26.852ms
[2.518s][info][gc,cpu         ] GC(60) User=0.05s Sys=0.00s Real=0.03s
[2.535s][info][gc,start       ] GC(61) Pause Young (Allocation Failure)
[2.573s][info][gc,heap        ] GC(61) PSYoungGen: 64576K(66048K)->55808K(63488K) Eden: 16896K(16896K)->0K(7680K) From: 47680K(49152K)->55808K(55808K)
[2.573s][info][gc,heap        ] GC(61) ParOldGen: 368179K(420352K)->377027K(420352K)
[2.573s][info][gc,metaspace   ] GC(61) Metaspace: 6302K(6528K)->6302K(6528K) NonClass: 5769K(5888K)->5769K(5888K) Class: 533K(640K)->533K(640K)
[2.574s][info][gc             ] GC(61) Pause Young (Allocation Failure) 422M->422M(472M) 38.025ms
[2.574s][info][gc,cpu         ] GC(61) User=0.06s Sys=0.03s Real=0.04s
[2.582s][info][gc,start       ] GC(62) Pause Young (Allocation Failure)
[2.619s][info][gc,heap        ] GC(62) PSYoungGen: 63488K(63488K)->36672K(74752K) Eden: 7680K(7680K)->0K(7680K) From: 55808K(55808K)->36672K(67072K)
[2.619s][info][gc,heap        ] GC(62) ParOldGen: 377027K(420352K)->404267K(420352K)
[2.619s][info][gc,metaspace   ] GC(62) Metaspace: 6302K(6528K)->6302K(6528K) NonClass: 5769K(5888K)->5769K(5888K) Class: 533K(640K)->533K(640K)
[2.619s][info][gc             ] GC(62) Pause Young (Allocation Failure) 430M->430M(483M) 36.761ms
[2.619s][info][gc,cpu         ] GC(62) User=0.08s Sys=0.02s Real=0.04s
[2.619s][info][gc,start       ] GC(63) Pause Full (Ergonomics)
[2.619s][info][gc,phases,start] GC(63) Marking Phase
[2.751s][info][gc,phases      ] GC(63) Marking Phase 131.797ms
[2.751s][info][gc,phases,start] GC(63) Summary Phase
[2.751s][info][gc,phases      ] GC(63) Summary Phase 0.029ms
[2.751s][info][gc,phases,start] GC(63) Adjust Roots
[2.751s][info][gc,phases      ] GC(63) Adjust Roots 0.217ms
[2.751s][info][gc,phases,start] GC(63) Compaction Phase
[2.814s][info][gc,phases      ] GC(63) Compaction Phase 62.808ms
[2.814s][info][gc,phases,start] GC(63) Post Compact
[2.816s][info][gc,phases      ] GC(63) Post Compact 2.331ms
[2.817s][info][gc,heap        ] GC(63) PSYoungGen: 36672K(74752K)->20191K(74752K) Eden: 0K(7680K)->0K(7680K) From: 36672K(67072K)->20191K(67072K)
[2.817s][info][gc,heap        ] GC(63) ParOldGen: 404267K(420352K)->419973K(481792K)
[2.817s][info][gc,metaspace   ] GC(63) Metaspace: 6302K(6528K)->6302K(6528K) NonClass: 5769K(5888K)->5769K(5888K) Class: 533K(640K)->533K(640K)
[2.817s][info][gc             ] GC(63) Pause Full (Ergonomics) 430M->429M(543M) 197.786ms
[2.817s][info][gc,cpu         ] GC(63) User=0.50s Sys=0.02s Real=0.20s
[2.825s][info][gc,start       ] GC(64) Pause Young (Allocation Failure)
[2.868s][info][gc,heap        ] GC(64) PSYoungGen: 27871K(74752K)->13088K(73216K) Eden: 7680K(7680K)->0K(8704K) From: 20191K(67072K)->13088K(64512K)
[2.868s][info][gc,heap        ] GC(64) ParOldGen: 419973K(481792K)->435021K(481792K)
[2.868s][info][gc,metaspace   ] GC(64) Metaspace: 6302K(6528K)->6302K(6528K) NonClass: 5769K(5888K)->5769K(5888K) Class: 533K(640K)->533K(640K)
[2.868s][info][gc             ] GC(64) Pause Young (Allocation Failure) 437M->437M(542M) 43.670ms
[2.868s][info][gc,cpu         ] GC(64) User=0.08s Sys=0.02s Real=0.04s
[2.878s][info][gc,start       ] GC(65) Pause Young (Allocation Failure)
[2.892s][info][gc,heap        ] GC(65) PSYoungGen: 21792K(73216K)->16384K(74240K) Eden: 8704K(8704K)->0K(8704K) From: 13088K(64512K)->16384K(65536K)
[2.892s][info][gc,heap        ] GC(65) ParOldGen: 435021K(481792K)->440509K(481792K)
[2.892s][info][gc,metaspace   ] GC(65) Metaspace: 6302K(6528K)->6302K(6528K) NonClass: 5769K(5888K)->5769K(5888K) Class: 533K(640K)->533K(640K)
[2.892s][info][gc             ] GC(65) Pause Young (Allocation Failure) 446M->446M(543M) 14.072ms
[2.892s][info][gc,cpu         ] GC(65) User=0.00s Sys=0.00s Real=0.01s
[2.901s][info][gc,start       ] GC(66) Pause Young (Allocation Failure)
[2.916s][info][gc,heap        ] GC(66) PSYoungGen: 25088K(74240K)->17440K(70144K) Eden: 8704K(8704K)->0K(10240K) From: 16384K(65536K)->17440K(59904K)
[2.916s][info][gc,heap        ] GC(66) ParOldGen: 440509K(481792K)->448293K(481792K)
[2.916s][info][gc,metaspace   ] GC(66) Metaspace: 6302K(6528K)->6302K(6528K) NonClass: 5769K(5888K)->5769K(5888K) Class: 533K(640K)->533K(640K)
[2.917s][info][gc             ] GC(66) Pause Young (Allocation Failure) 454M->454M(539M) 15.692ms
[2.917s][info][gc,cpu         ] GC(66) User=0.00s Sys=0.00s Real=0.01s
[2.927s][info][gc,start       ] GC(67) Pause Young (Allocation Failure)
[2.946s][info][gc,heap        ] GC(67) PSYoungGen: 27680K(70144K)->18944K(29184K) Eden: 10240K(10240K)->0K(10240K) From: 17440K(59904K)->18944K(18944K)
[2.946s][info][gc,heap        ] GC(67) ParOldGen: 448293K(481792K)->457109K(481792K)
[2.946s][info][gc,metaspace   ] GC(67) Metaspace: 6302K(6528K)->6302K(6528K) NonClass: 5769K(5888K)->5769K(5888K) Class: 533K(640K)->533K(640K)
[2.946s][info][gc             ] GC(67) Pause Young (Allocation Failure) 464M->464M(499M) 18.868ms
[2.946s][info][gc,cpu         ] GC(67) User=0.05s Sys=0.00s Real=0.02s
[2.958s][info][gc,start       ] GC(68) Pause Young (Allocation Failure)
[2.978s][info][gc,heap        ] GC(68) PSYoungGen: 29184K(29184K)->10272K(69632K) Eden: 10240K(10240K)->0K(11776K) From: 18944K(18944K)->10272K(57856K)
[2.978s][info][gc,heap        ] GC(68) ParOldGen: 457109K(481792K)->476301K(481792K)
[2.978s][info][gc,metaspace   ] GC(68) Metaspace: 6302K(6528K)->6302K(6528K) NonClass: 5769K(5888K)->5769K(5888K) Class: 533K(640K)->533K(640K)
[2.979s][info][gc             ] GC(68) Pause Young (Allocation Failure) 474M->475M(538M) 20.498ms
[2.979s][info][gc,cpu         ] GC(68) User=0.05s Sys=0.00s Real=0.02s
[2.979s][info][gc,start       ] GC(69) Pause Full (Ergonomics)
[2.979s][info][gc,phases,start] GC(69) Marking Phase
[3.125s][info][gc,phases      ] GC(69) Marking Phase 146.478ms
[3.125s][info][gc,phases,start] GC(69) Summary Phase
[3.125s][info][gc,phases      ] GC(69) Summary Phase 0.023ms
[3.125s][info][gc,phases,start] GC(69) Adjust Roots
[3.125s][info][gc,phases      ] GC(69) Adjust Roots 0.204ms
[3.125s][info][gc,phases,start] GC(69) Compaction Phase
[3.191s][info][gc,phases      ] GC(69) Compaction Phase 65.326ms
[3.191s][info][gc,phases,start] GC(69) Post Compact
[3.193s][info][gc,phases      ] GC(69) Post Compact 2.366ms
[3.194s][info][gc,heap        ] GC(69) PSYoungGen: 10272K(69632K)->4076K(70656K) Eden: 0K(11776K)->0K(12800K) From: 10272K(57856K)->4076K(57856K)
[3.194s][info][gc,heap        ] GC(69) ParOldGen: 476301K(481792K)->481495K(544768K)
[3.194s][info][gc,metaspace   ] GC(69) Metaspace: 6302K(6528K)->6302K(6528K) NonClass: 5769K(5888K)->5769K(5888K) Class: 533K(640K)->533K(640K)
[3.194s][info][gc             ] GC(69) Pause Full (Ergonomics) 475M->474M(601M) 215.040ms
[3.194s][info][gc,cpu         ] GC(69) User=0.56s Sys=0.00s Real=0.21s
[3.208s][info][gc,start       ] GC(70) Pause Young (Allocation Failure)
[3.249s][info][gc,heap        ] GC(70) PSYoungGen: 16876K(70656K)->12832K(71680K) Eden: 12800K(12800K)->0K(12800K) From: 4076K(57856K)->12832K(58880K)
[3.249s][info][gc,heap        ] GC(70) ParOldGen: 481495K(544768K)->485647K(544768K)
[3.249s][info][gc,metaspace   ] GC(70) Metaspace: 6302K(6528K)->6302K(6528K) NonClass: 5769K(5888K)->5769K(5888K) Class: 533K(640K)->533K(640K)
[3.249s][info][gc             ] GC(70) Pause Young (Allocation Failure) 486M->486M(602M) 41.195ms
[3.249s][info][gc,cpu         ] GC(70) User=0.09s Sys=0.00s Real=0.04s
[3.262s][info][gc,start       ] GC(71) Pause Young (Allocation Failure)
[3.281s][info][gc,heap        ] GC(71) PSYoungGen: 25632K(71680K)->12864K(68608K) Eden: 12800K(12800K)->0K(14336K) From: 12832K(58880K)->12864K(54272K)
[3.281s][info][gc,heap        ] GC(71) ParOldGen: 485647K(544768K)->498631K(544768K)
[3.281s][info][gc,metaspace   ] GC(71) Metaspace: 6302K(6528K)->6302K(6528K) NonClass: 5769K(5888K)->5769K(5888K) Class: 533K(640K)->533K(640K)
[3.281s][info][gc             ] GC(71) Pause Young (Allocation Failure) 499M->499M(599M) 18.703ms
[3.281s][info][gc,cpu         ] GC(71) User=0.03s Sys=0.02s Real=0.02s
[3.297s][info][gc,start       ] GC(72) Pause Young (Allocation Failure)
[3.316s][info][gc,heap        ] GC(72) PSYoungGen: 27200K(68608K)->14400K(70144K) Eden: 14336K(14336K)->0K(14336K) From: 12864K(54272K)->14400K(55808K)
[3.316s][info][gc,heap        ] GC(72) ParOldGen: 498631K(544768K)->511623K(544768K)
[3.316s][info][gc,metaspace   ] GC(72) Metaspace: 6302K(6528K)->6302K(6528K) NonClass: 5769K(5888K)->5769K(5888K) Class: 533K(640K)->533K(640K)
[3.317s][info][gc             ] GC(72) Pause Young (Allocation Failure) 513M->513M(600M) 19.499ms
[3.317s][info][gc,cpu         ] GC(72) User=0.09s Sys=0.00s Real=0.02s
[3.332s][info][gc,start       ] GC(73) Pause Young (Allocation Failure)
[3.353s][info][gc,heap        ] GC(73) PSYoungGen: 28736K(70144K)->14368K(66048K) Eden: 14336K(14336K)->0K(16384K) From: 14400K(55808K)->14368K(49664K)
[3.353s][info][gc,heap        ] GC(73) ParOldGen: 511623K(544768K)->526167K(544768K)
[3.353s][info][gc,metaspace   ] GC(73) Metaspace: 6302K(6528K)->6302K(6528K) NonClass: 5769K(5888K)->5769K(5888K) Class: 533K(640K)->533K(640K)
[3.353s][info][gc             ] GC(73) Pause Young (Allocation Failure) 527M->527M(596M) 20.798ms
[3.353s][info][gc,cpu         ] GC(73) User=0.05s Sys=0.00s Real=0.02s
[3.353s][info][gc,start       ] GC(74) Pause Full (Ergonomics)
[3.353s][info][gc,phases,start] GC(74) Marking Phase
[3.512s][info][gc,phases      ] GC(74) Marking Phase 158.346ms
[3.512s][info][gc,phases,start] GC(74) Summary Phase
[3.512s][info][gc,phases      ] GC(74) Summary Phase 0.027ms
[3.512s][info][gc,phases,start] GC(74) Adjust Roots
[3.512s][info][gc,phases      ] GC(74) Adjust Roots 0.199ms
[3.512s][info][gc,phases,start] GC(74) Compaction Phase
[3.581s][info][gc,phases      ] GC(74) Compaction Phase 68.502ms
[3.581s][info][gc,phases,start] GC(74) Post Compact
[3.582s][info][gc,phases      ] GC(74) Post Compact 0.969ms
[3.582s][info][gc,heap        ] GC(74) PSYoungGen: 14368K(66048K)->0K(68096K) Eden: 0K(16384K)->0K(16384K) From: 14368K(49664K)->0K(51712K)
[3.582s][info][gc,heap        ] GC(74) ParOldGen: 526167K(544768K)->539713K(606720K)
[3.582s][info][gc,metaspace   ] GC(74) Metaspace: 6302K(6528K)->6302K(6528K) NonClass: 5769K(5888K)->5769K(5888K) Class: 533K(640K)->533K(640K)
[3.582s][info][gc             ] GC(74) Pause Full (Ergonomics) 527M->527M(659M) 228.691ms
[3.582s][info][gc,cpu         ] GC(74) User=0.59s Sys=0.00s Real=0.23s
[3.600s][info][gc,start       ] GC(75) Pause Young (Allocation Failure)
[3.612s][info][gc,heap        ] GC(75) PSYoungGen: 16384K(68096K)->16448K(64000K) Eden: 16384K(16384K)->0K(17920K) From: 0K(51712K)->16448K(46080K)
[3.612s][info][gc,heap        ] GC(75) ParOldGen: 539713K(606720K)->539713K(606720K)
[3.612s][info][gc,metaspace   ] GC(75) Metaspace: 6302K(6528K)->6302K(6528K) NonClass: 5769K(5888K)->5769K(5888K) Class: 533K(640K)->533K(640K)
[3.612s][info][gc             ] GC(75) Pause Young (Allocation Failure) 543M->543M(655M) 12.242ms
[3.612s][info][gc,cpu         ] GC(75) User=0.00s Sys=0.00s Real=0.01s
[3.632s][info][gc,start       ] GC(76) Pause Young (Allocation Failure)
[3.653s][info][gc,heap        ] GC(76) PSYoungGen: 34368K(64000K)->34368K(67072K) Eden: 17920K(17920K)->0K(17920K) From: 16448K(46080K)->34368K(49152K)
[3.653s][info][gc,heap        ] GC(76) ParOldGen: 539713K(606720K)->539713K(606720K)
[3.653s][info][gc,metaspace   ] GC(76) Metaspace: 6302K(6528K)->6302K(6528K) NonClass: 5769K(5888K)->5769K(5888K) Class: 533K(640K)->533K(640K)
[3.653s][info][gc             ] GC(76) Pause Young (Allocation Failure) 560M->560M(658M) 21.255ms
[3.653s][info][gc,cpu         ] GC(76) User=0.05s Sys=0.00s Real=0.02s
[3.672s][info][gc,start       ] GC(77) Pause Young (Allocation Failure)
[3.702s][info][gc,heap        ] GC(77) PSYoungGen: 52288K(67072K)->51712K(63488K) Eden: 17920K(17920K)->0K(11776K) From: 34368K(49152K)->51712K(51712K)
[3.702s][info][gc,heap        ] GC(77) ParOldGen: 539713K(606720K)->540257K(606720K)
[3.702s][info][gc,metaspace   ] GC(77) Metaspace: 6302K(6528K)->6302K(6528K) NonClass: 5769K(5888K)->5769K(5888K) Class: 533K(640K)->533K(640K)
[3.702s][info][gc             ] GC(77) Pause Young (Allocation Failure) 578M->578M(654M) 29.216ms
[3.702s][info][gc,cpu         ] GC(77) User=0.05s Sys=0.00s Real=0.03s
[3.715s][info][gc,start       ] GC(78) Pause Young (Allocation Failure)
[3.752s][info][gc,heap        ] GC(78) PSYoungGen: 63488K(63488K)->29440K(71680K) Eden: 11776K(11776K)->0K(11776K) From: 51712K(51712K)->29440K(59904K)
[3.752s][info][gc,heap        ] GC(78) ParOldGen: 540257K(606720K)->574841K(606720K)
[3.752s][info][gc,metaspace   ] GC(78) Metaspace: 6302K(6528K)->6302K(6528K) NonClass: 5769K(5888K)->5769K(5888K) Class: 533K(640K)->533K(640K)
[3.752s][info][gc             ] GC(78) Pause Young (Allocation Failure) 589M->590M(662M) 37.055ms
[3.752s][info][gc,cpu         ] GC(78) User=0.06s Sys=0.03s Real=0.04s
[3.766s][info][gc,start       ] GC(79) Pause Young (Allocation Failure)
[3.793s][info][gc,heap        ] GC(79) PSYoungGen: 41216K(71680K)->23552K(65536K) Eden: 11776K(11776K)->0K(13312K) From: 29440K(59904K)->23552K(52224K)
[3.793s][info][gc,heap        ] GC(79) ParOldGen: 574841K(606720K)->592713K(606720K)
[3.793s][info][gc,metaspace   ] GC(79) Metaspace: 6302K(6528K)->6302K(6528K) NonClass: 5769K(5888K)->5769K(5888K) Class: 533K(640K)->533K(640K)
[3.793s][info][gc             ] GC(79) Pause Young (Allocation Failure) 601M->601M(656M) 26.825ms
[3.793s][info][gc,cpu         ] GC(79) User=0.05s Sys=0.00s Real=0.03s
[3.793s][info][gc,start       ] GC(80) Pause Full (Ergonomics)
[3.793s][info][gc,phases,start] GC(80) Marking Phase
[3.976s][info][gc,phases      ] GC(80) Marking Phase 182.620ms
[3.976s][info][gc,phases,start] GC(80) Summary Phase
[3.976s][info][gc,phases      ] GC(80) Summary Phase 0.025ms
[3.976s][info][gc,phases,start] GC(80) Adjust Roots
[3.976s][info][gc,phases      ] GC(80) Adjust Roots 0.213ms
[3.976s][info][gc,phases,start] GC(80) Compaction Phase
[4.062s][info][gc,phases      ] GC(80) Compaction Phase 85.488ms
[4.062s][info][gc,phases,start] GC(80) Post Compact
[4.063s][info][gc,phases      ] GC(80) Post Compact 1.123ms
[4.063s][info][gc,heap        ] GC(80) PSYoungGen: 23552K(65536K)->8668K(67584K) Eden: 0K(13312K)->0K(15360K) From: 23552K(52224K)->8668K(52224K)
[4.063s][info][gc,heap        ] GC(80) ParOldGen: 592713K(606720K)->606664K(683008K)
[4.063s][info][gc,metaspace   ] GC(80) Metaspace: 6302K(6528K)->6302K(6528K) NonClass: 5769K(5888K)->5769K(5888K) Class: 533K(640K)->533K(640K)
[4.063s][info][gc             ] GC(80) Pause Full (Ergonomics) 601M->600M(733M) 270.070ms
[4.063s][info][gc,cpu         ] GC(80) User=0.81s Sys=0.00s Real=0.27s
[4.082s][info][gc,start       ] GC(81) Pause Young (Allocation Failure)
[4.133s][info][gc,heap        ] GC(81) PSYoungGen: 24028K(67584K)->20736K(36352K) Eden: 15360K(15360K)->0K(15360K) From: 8668K(52224K)->20736K(20992K)
[4.134s][info][gc,heap        ] GC(81) ParOldGen: 606664K(683008K)->610080K(683008K)
[4.134s][info][gc,metaspace   ] GC(81) Metaspace: 6302K(6528K)->6302K(6528K) NonClass: 5769K(5888K)->5769K(5888K) Class: 533K(640K)->533K(640K)
[4.134s][info][gc             ] GC(81) Pause Young (Allocation Failure) 615M->616M(702M) 51.597ms
[4.134s][info][gc,cpu         ] GC(81) User=0.11s Sys=0.00s Real=0.05s
[4.151s][info][gc,start       ] GC(82) Pause Young (Allocation Failure)
[4.176s][info][gc,heap        ] GC(82) PSYoungGen: 36096K(36352K)->36096K(69120K) Eden: 15360K(15360K)->0K(15872K) From: 20736K(20992K)->36096K(53248K)
[4.176s][info][gc,heap        ] GC(82) ParOldGen: 610080K(683008K)->610080K(683008K)
[4.176s][info][gc,metaspace   ] GC(82) Metaspace: 6302K(6528K)->6302K(6528K) NonClass: 5769K(5888K)->5769K(5888K) Class: 533K(640K)->533K(640K)
[4.176s][info][gc             ] GC(82) Pause Young (Allocation Failure) 631M->631M(734M) 24.490ms
[4.176s][info][gc,cpu         ] GC(82) User=0.05s Sys=0.00s Real=0.02s
[4.194s][info][gc,start       ] GC(83) Pause Young (Allocation Failure)
[4.225s][info][gc,heap        ] GC(83) PSYoungGen: 51968K(69120K)->52000K(70144K) Eden: 15872K(15872K)->0K(15872K) From: 36096K(53248K)->52000K(54272K)
[4.225s][info][gc,heap        ] GC(83) ParOldGen: 610080K(683008K)->610080K(683008K)
[4.225s][info][gc,metaspace   ] GC(83) Metaspace: 6302K(6528K)->6302K(6528K) NonClass: 5769K(5888K)->5769K(5888K) Class: 533K(640K)->533K(640K)
[4.225s][info][gc             ] GC(83) Pause Young (Allocation Failure) 646M->646M(735M) 31.307ms
[4.225s][info][gc,cpu         ] GC(83) User=0.05s Sys=0.00s Real=0.03s
[4.245s][info][gc,start       ] GC(84) Pause Young (Allocation Failure)
[4.283s][info][gc,heap        ] GC(84) PSYoungGen: 67872K(70144K)->61440K(68096K) Eden: 15872K(15872K)->0K(6656K) From: 52000K(54272K)->61440K(61440K)
[4.283s][info][gc,heap        ] GC(84) ParOldGen: 610080K(683008K)->616544K(683008K)
[4.283s][info][gc,metaspace   ] GC(84) Metaspace: 6302K(6528K)->6302K(6528K) NonClass: 5769K(5888K)->5769K(5888K) Class: 533K(640K)->533K(640K)
[4.284s][info][gc             ] GC(84) Pause Young (Allocation Failure) 662M->662M(733M) 38.989ms
[4.284s][info][gc,cpu         ] GC(84) User=0.08s Sys=0.02s Real=0.04s
[4.292s][info][gc,start       ] GC(85) Pause Young (Allocation Failure)
[4.331s][info][gc,heap        ] GC(85) PSYoungGen: 68096K(68096K)->37568K(44544K) Eden: 6656K(6656K)->0K(6656K) From: 61440K(61440K)->37568K(37888K)
[4.331s][info][gc,heap        ] GC(85) ParOldGen: 616544K(683008K)->647528K(683008K)
[4.331s][info][gc,metaspace   ] GC(85) Metaspace: 6302K(6528K)->6302K(6528K) NonClass: 5769K(5888K)->5769K(5888K) Class: 533K(640K)->533K(640K)
[4.331s][info][gc             ] GC(85) Pause Young (Allocation Failure) 668M->669M(710M) 39.460ms
[4.331s][info][gc,cpu         ] GC(85) User=0.09s Sys=0.00s Real=0.04s
[4.340s][info][gc,start       ] GC(86) Pause Young (Allocation Failure)
[4.367s][info][gc,heap        ] GC(86) PSYoungGen: 44224K(44544K)->13312K(77312K) Eden: 6656K(6656K)->0K(7680K) From: 37568K(37888K)->13312K(69632K)
[4.367s][info][gc,heap        ] GC(86) ParOldGen: 647528K(683008K)->678856K(683008K)
[4.367s][info][gc,metaspace   ] GC(86) Metaspace: 6302K(6528K)->6302K(6528K) NonClass: 5769K(5888K)->5769K(5888K) Class: 533K(640K)->533K(640K)
[4.367s][info][gc             ] GC(86) Pause Young (Allocation Failure) 675M->675M(742M) 27.135ms
[4.367s][info][gc,cpu         ] GC(86) User=0.05s Sys=0.00s Real=0.03s
[4.368s][info][gc,start       ] GC(87) Pause Full (Ergonomics)
[4.368s][info][gc,phases,start] GC(87) Marking Phase
[4.557s][info][gc,phases      ] GC(87) Marking Phase 189.615ms
[4.557s][info][gc,phases,start] GC(87) Summary Phase
[4.557s][info][gc,phases      ] GC(87) Summary Phase 0.026ms
[4.557s][info][gc,phases,start] GC(87) Adjust Roots
[4.557s][info][gc,phases      ] GC(87) Adjust Roots 0.184ms
[4.557s][info][gc,phases,start] GC(87) Compaction Phase
[4.636s][info][gc,phases      ] GC(87) Compaction Phase 78.025ms
[4.636s][info][gc,phases,start] GC(87) Post Compact
[4.637s][info][gc,phases      ] GC(87) Post Compact 1.099ms
[4.637s][info][gc,heap        ] GC(87) PSYoungGen: 13312K(77312K)->8138K(77824K) Eden: 0K(7680K)->0K(8192K) From: 13312K(69632K)->8138K(69632K)
[4.637s][info][gc,heap        ] GC(87) ParOldGen: 678856K(683008K)->682783K(683008K)
[4.637s][info][gc,metaspace   ] GC(87) Metaspace: 6302K(6528K)->6302K(6528K) NonClass: 5769K(5888K)->5769K(5888K) Class: 533K(640K)->533K(640K)
[4.637s][info][gc             ] GC(87) Pause Full (Ergonomics) 675M->674M(743M) 269.298ms
[4.637s][info][gc,cpu         ] GC(87) User=0.69s Sys=0.02s Real=0.27s
[4.647s][info][gc,start       ] GC(88) Pause Full (Ergonomics)
[4.647s][info][gc,phases,start] GC(88) Marking Phase
[4.847s][info][gc,phases      ] GC(88) Marking Phase 200.617ms
[4.847s][info][gc,phases,start] GC(88) Summary Phase
[4.847s][info][gc,phases      ] GC(88) Summary Phase 0.022ms
[4.847s][info][gc,phases,start] GC(88) Adjust Roots
[4.848s][info][gc,phases      ] GC(88) Adjust Roots 0.187ms
[4.848s][info][gc,phases,start] GC(88) Compaction Phase
[4.916s][info][gc,phases      ] GC(88) Compaction Phase 68.595ms
[4.916s][info][gc,phases,start] GC(88) Post Compact
[4.917s][info][gc,phases      ] GC(88) Post Compact 1.049ms
[4.917s][info][gc,heap        ] GC(88) PSYoungGen: 16330K(77824K)->16296K(77824K) Eden: 8192K(8192K)->8158K(8192K) From: 8138K(69632K)->8138K(69632K)
[4.918s][info][gc,heap        ] GC(88) ParOldGen: 682783K(683008K)->682783K(683008K)
[4.918s][info][gc,metaspace   ] GC(88) Metaspace: 6302K(6528K)->6302K(6528K) NonClass: 5769K(5888K)->5769K(5888K) Class: 533K(640K)->533K(640K)
[4.918s][info][gc             ] GC(88) Pause Full (Ergonomics) 682M->682M(743M) 270.826ms
[4.918s][info][gc,cpu         ] GC(88) User=0.70s Sys=0.00s Real=0.27s
[4.918s][info][gc,start       ] GC(89) Pause Full (Ergonomics)
[4.918s][info][gc,phases,start] GC(89) Marking Phase
[5.119s][info][gc,phases      ] GC(89) Marking Phase 201.557ms
[5.119s][info][gc,phases,start] GC(89) Summary Phase
[5.119s][info][gc,phases      ] GC(89) Summary Phase 0.021ms
[5.120s][info][gc,phases,start] GC(89) Adjust Roots
[5.120s][info][gc,phases      ] GC(89) Adjust Roots 0.206ms
[5.120s][info][gc,phases,start] GC(89) Compaction Phase
[5.189s][info][gc,phases      ] GC(89) Compaction Phase 69.277ms
[5.189s][info][gc,phases,start] GC(89) Post Compact
[5.190s][info][gc,phases      ] GC(89) Post Compact 1.023ms
[5.190s][info][gc,heap        ] GC(89) PSYoungGen: 16330K(77824K)->16329K(77824K) Eden: 8192K(8192K)->8191K(8192K) From: 8138K(69632K)->8138K(69632K)
[5.190s][info][gc,heap        ] GC(89) ParOldGen: 682783K(683008K)->682783K(683008K)
[5.190s][info][gc,metaspace   ] GC(89) Metaspace: 6302K(6528K)->6302K(6528K) NonClass: 5769K(5888K)->5769K(5888K) Class: 533K(640K)->533K(640K)
[5.190s][info][gc             ] GC(89) Pause Full (Ergonomics) 682M->682M(743M) 272.568ms
[5.190s][info][gc,cpu         ] GC(89) User=0.78s Sys=0.00s Real=0.27s
[5.191s][info][gc,start       ] GC(90) Pause Full (Ergonomics)
[5.191s][info][gc,phases,start] GC(90) Marking Phase
[5.389s][info][gc,phases      ] GC(90) Marking Phase 198.470ms
[5.389s][info][gc,phases,start] GC(90) Summary Phase
[5.389s][info][gc,phases      ] GC(90) Summary Phase 0.021ms
[5.389s][info][gc,phases,start] GC(90) Adjust Roots
[5.389s][info][gc,phases      ] GC(90) Adjust Roots 0.219ms
[5.389s][info][gc,phases,start] GC(90) Compaction Phase
[5.457s][info][gc,phases      ] GC(90) Compaction Phase 67.275ms
[5.457s][info][gc,phases,start] GC(90) Post Compact
[5.458s][info][gc,phases      ] GC(90) Post Compact 1.023ms
[5.458s][info][gc,heap        ] GC(90) PSYoungGen: 16330K(77824K)->16330K(77824K) Eden: 8191K(8192K)->8191K(8192K) From: 8138K(69632K)->8138K(69632K)
[5.458s][info][gc,heap        ] GC(90) ParOldGen: 682783K(683008K)->682783K(683008K)
[5.458s][info][gc,metaspace   ] GC(90) Metaspace: 6302K(6528K)->6302K(6528K) NonClass: 5769K(5888K)->5769K(5888K) Class: 533K(640K)->533K(640K)
[5.458s][info][gc             ] GC(90) Pause Full (Ergonomics) 682M->682M(743M) 267.317ms
[5.458s][info][gc,cpu         ] GC(90) User=0.77s Sys=0.00s Real=0.27s
[5.458s][info][gc,start       ] GC(91) Pause Full (Ergonomics)
[5.458s][info][gc,phases,start] GC(91) Marking Phase
[5.657s][info][gc,phases      ] GC(91) Marking Phase 198.667ms
[5.657s][info][gc,phases,start] GC(91) Summary Phase
[5.657s][info][gc,phases      ] GC(91) Summary Phase 0.021ms
[5.657s][info][gc,phases,start] GC(91) Adjust Roots
[5.657s][info][gc,phases      ] GC(91) Adjust Roots 0.183ms
[5.657s][info][gc,phases,start] GC(91) Compaction Phase
[5.723s][info][gc,phases      ] GC(91) Compaction Phase 65.372ms
[5.723s][info][gc,phases,start] GC(91) Post Compact
[5.724s][info][gc,phases      ] GC(91) Post Compact 1.077ms
[5.724s][info][gc,heap        ] GC(91) PSYoungGen: 16330K(77824K)->16330K(77824K) Eden: 8191K(8192K)->8191K(8192K) From: 8138K(69632K)->8138K(69632K)
[5.724s][info][gc,heap        ] GC(91) ParOldGen: 682787K(683008K)->682787K(683008K)
[5.724s][info][gc,metaspace   ] GC(91) Metaspace: 6302K(6528K)->6302K(6528K) NonClass: 5769K(5888K)->5769K(5888K) Class: 533K(640K)->533K(640K)
[5.724s][info][gc             ] GC(91) Pause Full (Ergonomics) 682M->682M(743M) 265.672ms
[5.724s][info][gc,cpu         ] GC(91) User=0.72s Sys=0.00s Real=0.27s
[5.724s][info][gc,start       ] GC(92) Pause Full (Ergonomics)
[5.724s][info][gc,phases,start] GC(92) Marking Phase
[5.926s][info][gc,phases      ] GC(92) Marking Phase 201.462ms
[5.926s][info][gc,phases,start] GC(92) Summary Phase
[5.926s][info][gc,phases      ] GC(92) Summary Phase 0.021ms
[5.926s][info][gc,phases,start] GC(92) Adjust Roots
[5.926s][info][gc,phases      ] GC(92) Adjust Roots 0.221ms
[5.926s][info][gc,phases,start] GC(92) Compaction Phase
[5.999s][info][gc,phases      ] GC(92) Compaction Phase 73.221ms
[5.999s][info][gc,phases,start] GC(92) Post Compact
[6.000s][info][gc,phases      ] GC(92) Post Compact 1.112ms
[6.000s][info][gc,heap        ] GC(92) PSYoungGen: 16330K(77824K)->16330K(77824K) Eden: 8191K(8192K)->8191K(8192K) From: 8138K(69632K)->8138K(69632K)
[6.000s][info][gc,heap        ] GC(92) ParOldGen: 682792K(683008K)->682792K(683008K)
[6.000s][info][gc,metaspace   ] GC(92) Metaspace: 6302K(6528K)->6302K(6528K) NonClass: 5769K(5888K)->5769K(5888K) Class: 533K(640K)->533K(640K)
[6.001s][info][gc             ] GC(92) Pause Full (Ergonomics) 682M->682M(743M) 276.320ms
[6.001s][info][gc,cpu         ] GC(92) User=0.75s Sys=0.00s Real=0.28s
[6.001s][info][gc,start       ] GC(93) Pause Full (Ergonomics)
[6.001s][info][gc,phases,start] GC(93) Marking Phase
[6.227s][info][gc,phases      ] GC(93) Marking Phase 225.840ms
[6.227s][info][gc,phases,start] GC(93) Summary Phase
[6.227s][info][gc,phases      ] GC(93) Summary Phase 0.020ms
[6.227s][info][gc,phases,start] GC(93) Adjust Roots
[6.227s][info][gc,phases      ] GC(93) Adjust Roots 0.193ms
[6.227s][info][gc,phases,start] GC(93) Compaction Phase
[6.293s][info][gc,phases      ] GC(93) Compaction Phase 65.668ms
[6.293s][info][gc,phases,start] GC(93) Post Compact
[6.294s][info][gc,phases      ] GC(93) Post Compact 0.992ms
[6.294s][info][gc,heap        ] GC(93) PSYoungGen: 16330K(77824K)->16330K(77824K) Eden: 8191K(8192K)->8191K(8192K) From: 8138K(69632K)->8138K(69632K)
[6.294s][info][gc,heap        ] GC(93) ParOldGen: 682797K(683008K)->682797K(683008K)
[6.294s][info][gc,metaspace   ] GC(93) Metaspace: 6302K(6528K)->6302K(6528K) NonClass: 5769K(5888K)->5769K(5888K) Class: 533K(640K)->533K(640K)
[6.294s][info][gc             ] GC(93) Pause Full (Ergonomics) 682M->682M(743M) 293.015ms
[6.294s][info][gc,cpu         ] GC(93) User=0.78s Sys=0.00s Real=0.29s
[6.294s][info][gc,start       ] GC(94) Pause Full (Ergonomics)
[6.294s][info][gc,phases,start] GC(94) Marking Phase
[6.490s][info][gc,phases      ] GC(94) Marking Phase 196.283ms
[6.490s][info][gc,phases,start] GC(94) Summary Phase
[6.490s][info][gc,phases      ] GC(94) Summary Phase 0.045ms
[6.490s][info][gc,phases,start] GC(94) Adjust Roots
[6.491s][info][gc,phases      ] GC(94) Adjust Roots 0.189ms
[6.491s][info][gc,phases,start] GC(94) Compaction Phase
[6.559s][info][gc,phases      ] GC(94) Compaction Phase 68.066ms
[6.559s][info][gc,phases,start] GC(94) Post Compact
[6.560s][info][gc,phases      ] GC(94) Post Compact 1.003ms
[6.560s][info][gc,heap        ] GC(94) PSYoungGen: 16330K(77824K)->16330K(77824K) Eden: 8191K(8192K)->8191K(8192K) From: 8138K(69632K)->8138K(69632K)
[6.560s][info][gc,heap        ] GC(94) ParOldGen: 682801K(683008K)->682801K(683008K)
[6.560s][info][gc,metaspace   ] GC(94) Metaspace: 6302K(6528K)->6302K(6528K) NonClass: 5769K(5888K)->5769K(5888K) Class: 533K(640K)->533K(640K)
[6.560s][info][gc             ] GC(94) Pause Full (Ergonomics) 682M->682M(743M) 265.878ms
[6.560s][info][gc,cpu         ] GC(94) User=0.78s Sys=0.00s Real=0.27s
[6.560s][info][gc,start       ] GC(95) Pause Full (Ergonomics)
[6.560s][info][gc,phases,start] GC(95) Marking Phase
[6.763s][info][gc,phases      ] GC(95) Marking Phase 203.023ms
[6.763s][info][gc,phases,start] GC(95) Summary Phase
[6.763s][info][gc,phases      ] GC(95) Summary Phase 0.021ms
[6.763s][info][gc,phases,start] GC(95) Adjust Roots
[6.764s][info][gc,phases      ] GC(95) Adjust Roots 0.174ms
[6.764s][info][gc,phases,start] GC(95) Compaction Phase
[6.831s][info][gc,phases      ] GC(95) Compaction Phase 67.189ms
[6.831s][info][gc,phases,start] GC(95) Post Compact
[6.832s][info][gc,phases      ] GC(95) Post Compact 1.100ms
[6.832s][info][gc,heap        ] GC(95) PSYoungGen: 16330K(77824K)->16330K(77824K) Eden: 8191K(8192K)->8191K(8192K) From: 8138K(69632K)->8138K(69632K)
[6.832s][info][gc,heap        ] GC(95) ParOldGen: 682806K(683008K)->682806K(683008K)
[6.832s][info][gc,metaspace   ] GC(95) Metaspace: 6302K(6528K)->6302K(6528K) NonClass: 5769K(5888K)->5769K(5888K) Class: 533K(640K)->533K(640K)
[6.832s][info][gc             ] GC(95) Pause Full (Ergonomics) 682M->682M(743M) 271.816ms
[6.832s][info][gc,cpu         ] GC(95) User=0.77s Sys=0.00s Real=0.27s
[6.832s][info][gc,start       ] GC(96) Pause Full (Ergonomics)
[6.832s][info][gc,phases,start] GC(96) Marking Phase
[7.041s][info][gc,phases      ] GC(96) Marking Phase 209.192ms
[7.042s][info][gc,phases,start] GC(96) Summary Phase
[7.042s][info][gc,phases      ] GC(96) Summary Phase 0.026ms
[7.042s][info][gc,phases,start] GC(96) Adjust Roots
[7.042s][info][gc,phases      ] GC(96) Adjust Roots 0.217ms
[7.042s][info][gc,phases,start] GC(96) Compaction Phase
[7.117s][info][gc,phases      ] GC(96) Compaction Phase 74.866ms
[7.117s][info][gc,phases,start] GC(96) Post Compact
[7.118s][info][gc,phases      ] GC(96) Post Compact 1.150ms
[7.118s][info][gc,heap        ] GC(96) PSYoungGen: 16330K(77824K)->16330K(77824K) Eden: 8191K(8192K)->8191K(8192K) From: 8138K(69632K)->8138K(69632K)
[7.118s][info][gc,heap        ] GC(96) ParOldGen: 682811K(683008K)->682811K(683008K)
[7.118s][info][gc,metaspace   ] GC(96) Metaspace: 6302K(6528K)->6302K(6528K) NonClass: 5769K(5888K)->5769K(5888K) Class: 533K(640K)->533K(640K)
[7.118s][info][gc             ] GC(96) Pause Full (Ergonomics) 682M->682M(743M) 285.745ms
[7.118s][info][gc,cpu         ] GC(96) User=0.77s Sys=0.00s Real=0.29s
[7.118s][info][gc,start       ] GC(97) Pause Full (Ergonomics)
[7.118s][info][gc,phases,start] GC(97) Marking Phase
[7.313s][info][gc,phases      ] GC(97) Marking Phase 194.376ms
[7.313s][info][gc,phases,start] GC(97) Summary Phase
[7.313s][info][gc,phases      ] GC(97) Summary Phase 0.032ms
[7.313s][info][gc,phases,start] GC(97) Adjust Roots
[7.313s][info][gc,phases      ] GC(97) Adjust Roots 0.198ms
[7.313s][info][gc,phases,start] GC(97) Compaction Phase
[7.382s][info][gc,phases      ] GC(97) Compaction Phase 68.756ms
[7.382s][info][gc,phases,start] GC(97) Post Compact
[7.383s][info][gc,phases      ] GC(97) Post Compact 1.026ms
[7.383s][info][gc,heap        ] GC(97) PSYoungGen: 16330K(77824K)->16330K(77824K) Eden: 8191K(8192K)->8191K(8192K) From: 8138K(69632K)->8138K(69632K)
[7.383s][info][gc,heap        ] GC(97) ParOldGen: 682815K(683008K)->682815K(683008K)
[7.383s][info][gc,metaspace   ] GC(97) Metaspace: 6302K(6528K)->6302K(6528K) NonClass: 5769K(5888K)->5769K(5888K) Class: 533K(640K)->533K(640K)
[7.383s][info][gc             ] GC(97) Pause Full (Ergonomics) 682M->682M(743M) 264.694ms
[7.383s][info][gc,cpu         ] GC(97) User=0.72s Sys=0.02s Real=0.26s
[7.383s][info][gc,start       ] GC(98) Pause Full (Ergonomics)
[7.383s][info][gc,phases,start] GC(98) Marking Phase
[7.577s][info][gc,phases      ] GC(98) Marking Phase 193.988ms
[7.577s][info][gc,phases,start] GC(98) Summary Phase
[7.577s][info][gc,phases      ] GC(98) Summary Phase 0.026ms
[7.577s][info][gc,phases,start] GC(98) Adjust Roots
[7.577s][info][gc,phases      ] GC(98) Adjust Roots 0.186ms
[7.578s][info][gc,phases,start] GC(98) Compaction Phase
[7.643s][info][gc,phases      ] GC(98) Compaction Phase 65.288ms
[7.643s][info][gc,phases,start] GC(98) Post Compact
[7.644s][info][gc,phases      ] GC(98) Post Compact 1.063ms
[7.644s][info][gc,heap        ] GC(98) PSYoungGen: 16330K(77824K)->16330K(77824K) Eden: 8191K(8192K)->8191K(8192K) From: 8138K(69632K)->8138K(69632K)
[7.644s][info][gc,heap        ] GC(98) ParOldGen: 682820K(683008K)->682820K(683008K)
[7.644s][info][gc,metaspace   ] GC(98) Metaspace: 6302K(6528K)->6302K(6528K) NonClass: 5769K(5888K)->5769K(5888K) Class: 533K(640K)->533K(640K)
[7.644s][info][gc             ] GC(98) Pause Full (Ergonomics) 682M->682M(743M) 260.867ms
[7.644s][info][gc,cpu         ] GC(98) User=0.77s Sys=0.00s Real=0.26s
[7.644s][info][gc,start       ] GC(99) Pause Full (Ergonomics)
[7.644s][info][gc,phases,start] GC(99) Marking Phase
[7.837s][info][gc,phases      ] GC(99) Marking Phase 193.132ms
[7.838s][info][gc,phases,start] GC(99) Summary Phase
[7.838s][info][gc,phases      ] GC(99) Summary Phase 0.068ms
[7.838s][info][gc,phases,start] GC(99) Adjust Roots
[7.838s][info][gc,phases      ] GC(99) Adjust Roots 0.220ms
[7.838s][info][gc,phases,start] GC(99) Compaction Phase
[7.907s][info][gc,phases      ] GC(99) Compaction Phase 68.643ms
[7.907s][info][gc,phases,start] GC(99) Post Compact
[7.908s][info][gc,phases      ] GC(99) Post Compact 1.003ms
[7.908s][info][gc,heap        ] GC(99) PSYoungGen: 16330K(77824K)->16330K(77824K) Eden: 8191K(8192K)->8191K(8192K) From: 8138K(69632K)->8138K(69632K)
[7.908s][info][gc,heap        ] GC(99) ParOldGen: 682825K(683008K)->682825K(683008K)
[7.908s][info][gc,metaspace   ] GC(99) Metaspace: 6302K(6528K)->6302K(6528K) NonClass: 5769K(5888K)->5769K(5888K) Class: 533K(640K)->533K(640K)
[7.908s][info][gc             ] GC(99) Pause Full (Ergonomics) 682M->682M(743M) 263.378ms
[7.908s][info][gc,cpu         ] GC(99) User=0.69s Sys=0.00s Real=0.26s
[7.908s][info][gc,start       ] GC(100) Pause Full (Ergonomics)
[7.908s][info][gc,phases,start] GC(100) Marking Phase
[8.100s][info][gc,phases      ] GC(100) Marking Phase 191.752ms
[8.100s][info][gc,phases,start] GC(100) Summary Phase
[8.100s][info][gc,phases      ] GC(100) Summary Phase 0.026ms
[8.100s][info][gc,phases,start] GC(100) Adjust Roots
[8.100s][info][gc,phases      ] GC(100) Adjust Roots 0.220ms
[8.100s][info][gc,phases,start] GC(100) Compaction Phase
[8.166s][info][gc,phases      ] GC(100) Compaction Phase 65.423ms
[8.166s][info][gc,phases,start] GC(100) Post Compact
[8.167s][info][gc,phases      ] GC(100) Post Compact 1.015ms
[8.167s][info][gc,heap        ] GC(100) PSYoungGen: 16330K(77824K)->16330K(77824K) Eden: 8191K(8192K)->8191K(8192K) From: 8138K(69632K)->8138K(69632K)
[8.167s][info][gc,heap        ] GC(100) ParOldGen: 682829K(683008K)->682829K(683008K)
[8.167s][info][gc,metaspace   ] GC(100) Metaspace: 6302K(6528K)->6302K(6528K) NonClass: 5769K(5888K)->5769K(5888K) Class: 533K(640K)->533K(640K)
[8.167s][info][gc             ] GC(100) Pause Full (Ergonomics) 682M->682M(743M) 258.782ms
[8.167s][info][gc,cpu         ] GC(100) User=0.69s Sys=0.00s Real=0.26s
[8.167s][info][gc,start       ] GC(101) Pause Full (Ergonomics)
[8.167s][info][gc,phases,start] GC(101) Marking Phase
[8.363s][info][gc,phases      ] GC(101) Marking Phase 196.326ms
[8.364s][info][gc,phases,start] GC(101) Summary Phase
[8.364s][info][gc,phases      ] GC(101) Summary Phase 0.027ms
[8.364s][info][gc,phases,start] GC(101) Adjust Roots
[8.364s][info][gc,phases      ] GC(101) Adjust Roots 0.212ms
[8.364s][info][gc,phases,start] GC(101) Compaction Phase
[8.430s][info][gc,phases      ] GC(101) Compaction Phase 65.864ms
[8.430s][info][gc,phases,start] GC(101) Post Compact
[8.431s][info][gc,phases      ] GC(101) Post Compact 1.006ms
[8.431s][info][gc,heap        ] GC(101) PSYoungGen: 16330K(77824K)->16330K(77824K) Eden: 8191K(8192K)->8191K(8192K) From: 8138K(69632K)->8138K(69632K)
[8.431s][info][gc,heap        ] GC(101) ParOldGen: 682834K(683008K)->682834K(683008K)
[8.431s][info][gc,metaspace   ] GC(101) Metaspace: 6302K(6528K)->6302K(6528K) NonClass: 5769K(5888K)->5769K(5888K) Class: 533K(640K)->533K(640K)
[8.431s][info][gc             ] GC(101) Pause Full (Ergonomics) 682M->682M(743M) 263.789ms
[8.431s][info][gc,cpu         ] GC(101) User=0.73s Sys=0.00s Real=0.26s
[8.431s][info][gc,start       ] GC(102) Pause Full (Ergonomics)
[8.431s][info][gc,phases,start] GC(102) Marking Phase
[8.623s][info][gc,phases      ] GC(102) Marking Phase 191.791ms
[8.623s][info][gc,phases,start] GC(102) Summary Phase
[8.623s][info][gc,phases      ] GC(102) Summary Phase 0.026ms
[8.623s][info][gc,phases,start] GC(102) Adjust Roots
[8.623s][info][gc,phases      ] GC(102) Adjust Roots 0.235ms
[8.623s][info][gc,phases,start] GC(102) Compaction Phase
[8.692s][info][gc,phases      ] GC(102) Compaction Phase 68.978ms
[8.692s][info][gc,phases,start] GC(102) Post Compact
[8.693s][info][gc,phases      ] GC(102) Post Compact 1.013ms
[8.694s][info][gc,heap        ] GC(102) PSYoungGen: 16330K(77824K)->16330K(77824K) Eden: 8191K(8192K)->8191K(8192K) From: 8138K(69632K)->8138K(69632K)
[8.694s][info][gc,heap        ] GC(102) ParOldGen: 682839K(683008K)->682839K(683008K)
[8.694s][info][gc,metaspace   ] GC(102) Metaspace: 6302K(6528K)->6302K(6528K) NonClass: 5769K(5888K)->5769K(5888K) Class: 533K(640K)->533K(640K)
[8.694s][info][gc             ] GC(102) Pause Full (Ergonomics) 682M->682M(743M) 262.389ms
[8.694s][info][gc,cpu         ] GC(102) User=0.72s Sys=0.00s Real=0.26s
[8.694s][info][gc,start       ] GC(103) Pause Full (Ergonomics)
[8.694s][info][gc,phases,start] GC(103) Marking Phase
[8.888s][info][gc,phases      ] GC(103) Marking Phase 194.070ms
[8.888s][info][gc,phases,start] GC(103) Summary Phase
[8.888s][info][gc,phases      ] GC(103) Summary Phase 0.022ms
[8.888s][info][gc,phases,start] GC(103) Adjust Roots
[8.888s][info][gc,phases      ] GC(103) Adjust Roots 0.235ms
[8.888s][info][gc,phases,start] GC(103) Compaction Phase
[8.955s][info][gc,phases      ] GC(103) Compaction Phase 66.872ms
[8.955s][info][gc,phases,start] GC(103) Post Compact
[8.956s][info][gc,phases      ] GC(103) Post Compact 1.007ms
[8.956s][info][gc,heap        ] GC(103) PSYoungGen: 16330K(77824K)->16330K(77824K) Eden: 8191K(8192K)->8191K(8192K) From: 8138K(69632K)->8138K(69632K)
[8.956s][info][gc,heap        ] GC(103) ParOldGen: 682843K(683008K)->682843K(683008K)
[8.956s][info][gc,metaspace   ] GC(103) Metaspace: 6302K(6528K)->6302K(6528K) NonClass: 5769K(5888K)->5769K(5888K) Class: 533K(640K)->533K(640K)
[8.956s][info][gc             ] GC(103) Pause Full (Ergonomics) 682M->682M(743M) 262.519ms
[8.956s][info][gc,cpu         ] GC(103) User=0.69s Sys=0.00s Real=0.26s
[8.957s][info][gc,start       ] GC(104) Pause Full (Ergonomics)
[8.957s][info][gc,phases,start] GC(104) Marking Phase
[9.150s][info][gc,phases      ] GC(104) Marking Phase 192.769ms
[9.150s][info][gc,phases,start] GC(104) Summary Phase
[9.150s][info][gc,phases      ] GC(104) Summary Phase 0.027ms
[9.150s][info][gc,phases,start] GC(104) Adjust Roots
[9.150s][info][gc,phases      ] GC(104) Adjust Roots 0.184ms
[9.150s][info][gc,phases,start] GC(104) Compaction Phase
[9.218s][info][gc,phases      ] GC(104) Compaction Phase 67.679ms
[9.218s][info][gc,phases,start] GC(104) Post Compact
[9.219s][info][gc,phases      ] GC(104) Post Compact 1.055ms
[9.219s][info][gc,heap        ] GC(104) PSYoungGen: 16330K(77824K)->16330K(77824K) Eden: 8191K(8192K)->8191K(8192K) From: 8138K(69632K)->8138K(69632K)
[9.219s][info][gc,heap        ] GC(104) ParOldGen: 682848K(683008K)->682848K(683008K)
[9.219s][info][gc,metaspace   ] GC(104) Metaspace: 6302K(6528K)->6302K(6528K) NonClass: 5769K(5888K)->5769K(5888K) Class: 533K(640K)->533K(640K)
[9.219s][info][gc             ] GC(104) Pause Full (Ergonomics) 682M->682M(743M) 262.035ms
[9.219s][info][gc,cpu         ] GC(104) User=0.69s Sys=0.00s Real=0.26s
[9.219s][info][gc,start       ] GC(105) Pause Full (Ergonomics)
[9.219s][info][gc,phases,start] GC(105) Marking Phase
[9.413s][info][gc,phases      ] GC(105) Marking Phase 193.531ms
[9.413s][info][gc,phases,start] GC(105) Summary Phase
[9.413s][info][gc,phases      ] GC(105) Summary Phase 0.026ms
[9.413s][info][gc,phases,start] GC(105) Adjust Roots
[9.413s][info][gc,phases      ] GC(105) Adjust Roots 0.197ms
[9.413s][info][gc,phases,start] GC(105) Compaction Phase
[9.481s][info][gc,phases      ] GC(105) Compaction Phase 68.182ms
[9.481s][info][gc,phases,start] GC(105) Post Compact
[9.482s][info][gc,phases      ] GC(105) Post Compact 1.079ms
[9.482s][info][gc,heap        ] GC(105) PSYoungGen: 16330K(77824K)->16330K(77824K) Eden: 8191K(8192K)->8191K(8192K) From: 8138K(69632K)->8138K(69632K)
[9.482s][info][gc,heap        ] GC(105) ParOldGen: 682853K(683008K)->682853K(683008K)
[9.482s][info][gc,metaspace   ] GC(105) Metaspace: 6302K(6528K)->6302K(6528K) NonClass: 5769K(5888K)->5769K(5888K) Class: 533K(640K)->533K(640K)
[9.482s][info][gc             ] GC(105) Pause Full (Ergonomics) 682M->682M(743M) 263.332ms
[9.482s][info][gc,cpu         ] GC(105) User=0.70s Sys=0.02s Real=0.26s
[9.483s][info][gc,start       ] GC(106) Pause Full (Ergonomics)
[9.483s][info][gc,phases,start] GC(106) Marking Phase
[9.678s][info][gc,phases      ] GC(106) Marking Phase 195.170ms
[9.678s][info][gc,phases,start] GC(106) Summary Phase
[9.678s][info][gc,phases      ] GC(106) Summary Phase 0.020ms
[9.678s][info][gc,phases,start] GC(106) Adjust Roots
[9.678s][info][gc,phases      ] GC(106) Adjust Roots 0.190ms
[9.678s][info][gc,phases,start] GC(106) Compaction Phase
[9.748s][info][gc,phases      ] GC(106) Compaction Phase 69.456ms
[9.748s][info][gc,phases,start] GC(106) Post Compact
[9.749s][info][gc,phases      ] GC(106) Post Compact 0.998ms
[9.749s][info][gc,heap        ] GC(106) PSYoungGen: 16330K(77824K)->16330K(77824K) Eden: 8191K(8192K)->8191K(8192K) From: 8138K(69632K)->8138K(69632K)
[9.749s][info][gc,heap        ] GC(106) ParOldGen: 682857K(683008K)->682857K(683008K)
[9.749s][info][gc,metaspace   ] GC(106) Metaspace: 6302K(6528K)->6302K(6528K) NonClass: 5769K(5888K)->5769K(5888K) Class: 533K(640K)->533K(640K)
[9.749s][info][gc             ] GC(106) Pause Full (Ergonomics) 682M->682M(743M) 266.169ms
[9.749s][info][gc,cpu         ] GC(106) User=0.77s Sys=0.00s Real=0.27s
[9.749s][info][gc,start       ] GC(107) Pause Full (Ergonomics)
[9.749s][info][gc,phases,start] GC(107) Marking Phase
[9.947s][info][gc,phases      ] GC(107) Marking Phase 197.973ms
[9.947s][info][gc,phases,start] GC(107) Summary Phase
[9.947s][info][gc,phases      ] GC(107) Summary Phase 0.026ms
[9.947s][info][gc,phases,start] GC(107) Adjust Roots
[9.947s][info][gc,phases      ] GC(107) Adjust Roots 0.182ms
[9.947s][info][gc,phases,start] GC(107) Compaction Phase
[10.015s][info][gc,phases      ] GC(107) Compaction Phase 68.075ms
[10.016s][info][gc,phases,start] GC(107) Post Compact
[10.017s][info][gc,phases      ] GC(107) Post Compact 1.250ms
[10.017s][info][gc,heap        ] GC(107) PSYoungGen: 16330K(77824K)->16330K(77824K) Eden: 8191K(8192K)->8191K(8192K) From: 8138K(69632K)->8138K(69632K)
[10.017s][info][gc,heap        ] GC(107) ParOldGen: 682862K(683008K)->682862K(683008K)
[10.017s][info][gc,metaspace   ] GC(107) Metaspace: 6302K(6528K)->6302K(6528K) NonClass: 5769K(5888K)->5769K(5888K) Class: 533K(640K)->533K(640K)
[10.017s][info][gc             ] GC(107) Pause Full (Ergonomics) 682M->682M(743M) 267.853ms
[10.017s][info][gc,cpu         ] GC(107) User=0.78s Sys=0.00s Real=0.27s
[10.017s][info][gc,start       ] GC(108) Pause Full (Ergonomics)
[10.017s][info][gc,phases,start] GC(108) Marking Phase
[10.209s][info][gc,phases      ] GC(108) Marking Phase 191.747ms
[10.209s][info][gc,phases,start] GC(108) Summary Phase
[10.209s][info][gc,phases      ] GC(108) Summary Phase 0.026ms
[10.209s][info][gc,phases,start] GC(108) Adjust Roots
[10.209s][info][gc,phases      ] GC(108) Adjust Roots 0.244ms
[10.209s][info][gc,phases,start] GC(108) Compaction Phase
[10.278s][info][gc,phases      ] GC(108) Compaction Phase 68.709ms
[10.278s][info][gc,phases,start] GC(108) Post Compact
[10.279s][info][gc,phases      ] GC(108) Post Compact 1.011ms
[10.279s][info][gc,heap        ] GC(108) PSYoungGen: 16330K(77824K)->16330K(77824K) Eden: 8191K(8192K)->8191K(8192K) From: 8138K(69632K)->8138K(69632K)
[10.279s][info][gc,heap        ] GC(108) ParOldGen: 682867K(683008K)->682867K(683008K)
[10.279s][info][gc,metaspace   ] GC(108) Metaspace: 6302K(6528K)->6302K(6528K) NonClass: 5769K(5888K)->5769K(5888K) Class: 533K(640K)->533K(640K)
[10.279s][info][gc             ] GC(108) Pause Full (Ergonomics) 682M->682M(743M) 262.076ms
[10.279s][info][gc,cpu         ] GC(108) User=0.67s Sys=0.00s Real=0.26s
[10.280s][info][gc,start       ] GC(109) Pause Full (Ergonomics)
[10.280s][info][gc,phases,start] GC(109) Marking Phase
[10.473s][info][gc,phases      ] GC(109) Marking Phase 193.909ms
[10.474s][info][gc,phases,start] GC(109) Summary Phase
[10.474s][info][gc,phases      ] GC(109) Summary Phase 0.026ms
[10.474s][info][gc,phases,start] GC(109) Adjust Roots
[10.474s][info][gc,phases      ] GC(109) Adjust Roots 0.218ms
[10.474s][info][gc,phases,start] GC(109) Compaction Phase
[10.543s][info][gc,phases      ] GC(109) Compaction Phase 68.714ms
[10.543s][info][gc,phases,start] GC(109) Post Compact
[10.544s][info][gc,phases      ] GC(109) Post Compact 1.019ms
[10.544s][info][gc,heap        ] GC(109) PSYoungGen: 16330K(77824K)->16330K(77824K) Eden: 8191K(8192K)->8191K(8192K) From: 8138K(69632K)->8138K(69632K)
[10.544s][info][gc,heap        ] GC(109) ParOldGen: 682871K(683008K)->682871K(683008K)
[10.544s][info][gc,metaspace   ] GC(109) Metaspace: 6302K(6528K)->6302K(6528K) NonClass: 5769K(5888K)->5769K(5888K) Class: 533K(640K)->533K(640K)
[10.544s][info][gc             ] GC(109) Pause Full (Ergonomics) 682M->682M(743M) 264.230ms
[10.544s][info][gc,cpu         ] GC(109) User=0.77s Sys=0.00s Real=0.26s
[10.544s][info][gc,start       ] GC(110) Pause Full (Ergonomics)
[10.544s][info][gc,phases,start] GC(110) Marking Phase
[10.739s][info][gc,phases      ] GC(110) Marking Phase 194.885ms
[10.739s][info][gc,phases,start] GC(110) Summary Phase
[10.739s][info][gc,phases      ] GC(110) Summary Phase 0.026ms
[10.739s][info][gc,phases,start] GC(110) Adjust Roots
[10.739s][info][gc,phases      ] GC(110) Adjust Roots 0.212ms
[10.739s][info][gc,phases,start] GC(110) Compaction Phase
[10.808s][info][gc,phases      ] GC(110) Compaction Phase 68.736ms
[10.808s][info][gc,phases,start] GC(110) Post Compact
[10.809s][info][gc,phases      ] GC(110) Post Compact 1.067ms
[10.809s][info][gc,heap        ] GC(110) PSYoungGen: 16330K(77824K)->16330K(77824K) Eden: 8191K(8192K)->8191K(8192K) From: 8138K(69632K)->8138K(69632K)
[10.809s][info][gc,heap        ] GC(110) ParOldGen: 682876K(683008K)->682876K(683008K)
[10.809s][info][gc,metaspace   ] GC(110) Metaspace: 6302K(6528K)->6302K(6528K) NonClass: 5769K(5888K)->5769K(5888K) Class: 533K(640K)->533K(640K)
[10.809s][info][gc             ] GC(110) Pause Full (Ergonomics) 682M->682M(743M) 265.281ms
[10.809s][info][gc,cpu         ] GC(110) User=0.75s Sys=0.00s Real=0.27s
[10.810s][info][gc,start       ] GC(111) Pause Full (Ergonomics)
[10.810s][info][gc,phases,start] GC(111) Marking Phase
[11.003s][info][gc,phases      ] GC(111) Marking Phase 193.553ms
[11.003s][info][gc,phases,start] GC(111) Summary Phase
[11.003s][info][gc,phases      ] GC(111) Summary Phase 0.025ms
[11.003s][info][gc,phases,start] GC(111) Adjust Roots
[11.004s][info][gc,phases      ] GC(111) Adjust Roots 0.277ms
[11.004s][info][gc,phases,start] GC(111) Compaction Phase
[11.069s][info][gc,phases      ] GC(111) Compaction Phase 65.179ms
[11.069s][info][gc,phases,start] GC(111) Post Compact
[11.070s][info][gc,phases      ] GC(111) Post Compact 1.011ms
[11.070s][info][gc,heap        ] GC(111) PSYoungGen: 16330K(77824K)->16330K(77824K) Eden: 8191K(8192K)->8191K(8192K) From: 8138K(69632K)->8138K(69632K)
[11.070s][info][gc,heap        ] GC(111) ParOldGen: 682881K(683008K)->682881K(683008K)
[11.070s][info][gc,metaspace   ] GC(111) Metaspace: 6302K(6528K)->6302K(6528K) NonClass: 5769K(5888K)->5769K(5888K) Class: 533K(640K)->533K(640K)
[11.070s][info][gc             ] GC(111) Pause Full (Ergonomics) 682M->682M(743M) 260.344ms
[11.070s][info][gc,cpu         ] GC(111) User=0.77s Sys=0.00s Real=0.26s
[11.070s][info][gc,start       ] GC(112) Pause Full (Ergonomics)
[11.070s][info][gc,phases,start] GC(112) Marking Phase
[11.264s][info][gc,phases      ] GC(112) Marking Phase 193.567ms
[11.264s][info][gc,phases,start] GC(112) Summary Phase
[11.264s][info][gc,phases      ] GC(112) Summary Phase 0.026ms
[11.264s][info][gc,phases,start] GC(112) Adjust Roots
[11.264s][info][gc,phases      ] GC(112) Adjust Roots 0.253ms
[11.264s][info][gc,phases,start] GC(112) Compaction Phase
[11.333s][info][gc,phases      ] GC(112) Compaction Phase 69.032ms
[11.333s][info][gc,phases,start] GC(112) Post Compact
[11.334s][info][gc,phases      ] GC(112) Post Compact 1.019ms
[11.334s][info][gc,heap        ] GC(112) PSYoungGen: 16330K(77824K)->16330K(77824K) Eden: 8191K(8192K)->8191K(8192K) From: 8138K(69632K)->8138K(69632K)
[11.334s][info][gc,heap        ] GC(112) ParOldGen: 682885K(683008K)->682885K(683008K)
[11.334s][info][gc,metaspace   ] GC(112) Metaspace: 6302K(6528K)->6302K(6528K) NonClass: 5769K(5888K)->5769K(5888K) Class: 533K(640K)->533K(640K)
[11.335s][info][gc             ] GC(112) Pause Full (Ergonomics) 682M->682M(743M) 264.238ms
[11.335s][info][gc,cpu         ] GC(112) User=0.77s Sys=0.00s Real=0.26s
[11.335s][info][gc,start       ] GC(113) Pause Full (Ergonomics)
[11.335s][info][gc,phases,start] GC(113) Marking Phase
[11.536s][info][gc,phases      ] GC(113) Marking Phase 201.026ms
[11.536s][info][gc,phases,start] GC(113) Summary Phase
[11.536s][info][gc,phases      ] GC(113) Summary Phase 0.026ms
[11.536s][info][gc,phases,start] GC(113) Adjust Roots
[11.536s][info][gc,phases      ] GC(113) Adjust Roots 0.197ms
[11.536s][info][gc,phases,start] GC(113) Compaction Phase
[11.604s][info][gc,phases      ] GC(113) Compaction Phase 67.547ms
[11.604s][info][gc,phases,start] GC(113) Post Compact
[11.605s][info][gc,phases      ] GC(113) Post Compact 1.027ms
[11.605s][info][gc,heap        ] GC(113) PSYoungGen: 16330K(77824K)->16330K(77824K) Eden: 8191K(8192K)->8191K(8192K) From: 8138K(69632K)->8138K(69632K)
[11.605s][info][gc,heap        ] GC(113) ParOldGen: 682890K(683008K)->682890K(683008K)
[11.605s][info][gc,metaspace   ] GC(113) Metaspace: 6302K(6528K)->6302K(6528K) NonClass: 5769K(5888K)->5769K(5888K) Class: 533K(640K)->533K(640K)
[11.605s][info][gc             ] GC(113) Pause Full (Ergonomics) 682M->682M(743M) 270.202ms
[11.605s][info][gc,cpu         ] GC(113) User=0.75s Sys=0.00s Real=0.27s
[11.605s][info][gc,start       ] GC(114) Pause Full (Ergonomics)
[11.605s][info][gc,phases,start] GC(114) Marking Phase
[11.799s][info][gc,phases      ] GC(114) Marking Phase 194.074ms
[11.799s][info][gc,phases,start] GC(114) Summary Phase
[11.799s][info][gc,phases      ] GC(114) Summary Phase 0.026ms
[11.799s][info][gc,phases,start] GC(114) Adjust Roots
[11.800s][info][gc,phases      ] GC(114) Adjust Roots 0.204ms
[11.800s][info][gc,phases,start] GC(114) Compaction Phase
[11.868s][info][gc,phases      ] GC(114) Compaction Phase 68.732ms
[11.869s][info][gc,phases,start] GC(114) Post Compact
[11.870s][info][gc,phases      ] GC(114) Post Compact 1.019ms
[11.870s][info][gc,heap        ] GC(114) PSYoungGen: 16330K(77824K)->16330K(77824K) Eden: 8191K(8192K)->8191K(8192K) From: 8138K(69632K)->8138K(69632K)
[11.870s][info][gc,heap        ] GC(114) ParOldGen: 682895K(683008K)->682895K(683008K)
[11.870s][info][gc,metaspace   ] GC(114) Metaspace: 6302K(6528K)->6302K(6528K) NonClass: 5769K(5888K)->5769K(5888K) Class: 533K(640K)->533K(640K)
[11.870s][info][gc             ] GC(114) Pause Full (Ergonomics) 682M->682M(743M) 264.361ms
[11.870s][info][gc,cpu         ] GC(114) User=0.73s Sys=0.00s Real=0.26s
[11.870s][info][gc,start       ] GC(115) Pause Full (Ergonomics)
[11.870s][info][gc,phases,start] GC(115) Marking Phase
[12.062s][info][gc,phases      ] GC(115) Marking Phase 191.683ms
[12.062s][info][gc,phases,start] GC(115) Summary Phase
[12.062s][info][gc,phases      ] GC(115) Summary Phase 0.026ms
[12.062s][info][gc,phases,start] GC(115) Adjust Roots
[12.062s][info][gc,phases      ] GC(115) Adjust Roots 0.228ms
[12.062s][info][gc,phases,start] GC(115) Compaction Phase
[12.131s][info][gc,phases      ] GC(115) Compaction Phase 68.743ms
[12.131s][info][gc,phases,start] GC(115) Post Compact
[12.132s][info][gc,phases      ] GC(115) Post Compact 1.006ms
[12.132s][info][gc,heap        ] GC(115) PSYoungGen: 16330K(77824K)->16330K(77824K) Eden: 8191K(8192K)->8191K(8192K) From: 8138K(69632K)->8138K(69632K)
[12.132s][info][gc,heap        ] GC(115) ParOldGen: 682899K(683008K)->682899K(683008K)
[12.132s][info][gc,metaspace   ] GC(115) Metaspace: 6302K(6528K)->6302K(6528K) NonClass: 5769K(5888K)->5769K(5888K) Class: 533K(640K)->533K(640K)
[12.132s][info][gc             ] GC(115) Pause Full (Ergonomics) 682M->682M(743M) 262.000ms
[12.132s][info][gc,cpu         ] GC(115) User=0.72s Sys=0.00s Real=0.26s
[12.132s][info][gc,start       ] GC(116) Pause Full (Ergonomics)
[12.132s][info][gc,phases,start] GC(116) Marking Phase
[12.326s][info][gc,phases      ] GC(116) Marking Phase 193.809ms
[12.326s][info][gc,phases,start] GC(116) Summary Phase
[12.326s][info][gc,phases      ] GC(116) Summary Phase 0.026ms
[12.326s][info][gc,phases,start] GC(116) Adjust Roots
[12.326s][info][gc,phases      ] GC(116) Adjust Roots 0.215ms
[12.326s][info][gc,phases,start] GC(116) Compaction Phase
[12.394s][info][gc,phases      ] GC(116) Compaction Phase 67.683ms
[12.394s][info][gc,phases,start] GC(116) Post Compact
[12.395s][info][gc,phases      ] GC(116) Post Compact 1.015ms
[12.395s][info][gc,heap        ] GC(116) PSYoungGen: 16330K(77824K)->16330K(77824K) Eden: 8191K(8192K)->8191K(8192K) From: 8138K(69632K)->8138K(69632K)
[12.395s][info][gc,heap        ] GC(116) ParOldGen: 682904K(683008K)->682904K(683008K)
[12.395s][info][gc,metaspace   ] GC(116) Metaspace: 6302K(6528K)->6302K(6528K) NonClass: 5769K(5888K)->5769K(5888K) Class: 533K(640K)->533K(640K)
[12.395s][info][gc             ] GC(116) Pause Full (Ergonomics) 682M->682M(743M) 263.115ms
[12.395s][info][gc,cpu         ] GC(116) User=0.72s Sys=0.00s Real=0.26s
[12.396s][info][gc,start       ] GC(117) Pause Full (Ergonomics)
[12.396s][info][gc,phases,start] GC(117) Marking Phase
[12.592s][info][gc,phases      ] GC(117) Marking Phase 196.135ms
[12.592s][info][gc,phases,start] GC(117) Summary Phase
[12.592s][info][gc,phases      ] GC(117) Summary Phase 0.022ms
[12.592s][info][gc,phases,start] GC(117) Adjust Roots
[12.592s][info][gc,phases      ] GC(117) Adjust Roots 0.194ms
[12.592s][info][gc,phases,start] GC(117) Compaction Phase
[12.658s][info][gc,phases      ] GC(117) Compaction Phase 66.223ms
[12.658s][info][gc,phases,start] GC(117) Post Compact
[12.659s][info][gc,phases      ] GC(117) Post Compact 1.005ms
[12.659s][info][gc,heap        ] GC(117) PSYoungGen: 16330K(77824K)->16330K(77824K) Eden: 8191K(8192K)->8191K(8192K) From: 8138K(69632K)->8138K(69632K)
[12.659s][info][gc,heap        ] GC(117) ParOldGen: 682909K(683008K)->682909K(683008K)
[12.659s][info][gc,metaspace   ] GC(117) Metaspace: 6302K(6528K)->6302K(6528K) NonClass: 5769K(5888K)->5769K(5888K) Class: 533K(640K)->533K(640K)
[12.659s][info][gc             ] GC(117) Pause Full (Ergonomics) 682M->682M(743M) 263.884ms
[12.660s][info][gc,cpu         ] GC(117) User=0.73s Sys=0.00s Real=0.26s
[12.660s][info][gc,start       ] GC(118) Pause Full (Ergonomics)
[12.660s][info][gc,phases,start] GC(118) Marking Phase
[12.853s][info][gc,phases      ] GC(118) Marking Phase 193.667ms
[12.854s][info][gc,phases,start] GC(118) Summary Phase
[12.854s][info][gc,phases      ] GC(118) Summary Phase 0.022ms
[12.854s][info][gc,phases,start] GC(118) Adjust Roots
[12.854s][info][gc,phases      ] GC(118) Adjust Roots 0.255ms
[12.854s][info][gc,phases,start] GC(118) Compaction Phase
[12.922s][info][gc,phases      ] GC(118) Compaction Phase 68.550ms
[12.922s][info][gc,phases,start] GC(118) Post Compact
[12.924s][info][gc,phases      ] GC(118) Post Compact 1.203ms
[12.924s][info][gc,heap        ] GC(118) PSYoungGen: 16330K(77824K)->16330K(77824K) Eden: 8191K(8192K)->8191K(8192K) From: 8138K(69632K)->8138K(69632K)
[12.924s][info][gc,heap        ] GC(118) ParOldGen: 682913K(683008K)->682913K(683008K)
[12.924s][info][gc,metaspace   ] GC(118) Metaspace: 6302K(6528K)->6302K(6528K) NonClass: 5769K(5888K)->5769K(5888K) Class: 533K(640K)->533K(640K)
[12.924s][info][gc             ] GC(118) Pause Full (Ergonomics) 682M->682M(743M) 264.026ms
[12.924s][info][gc,cpu         ] GC(118) User=0.70s Sys=0.00s Real=0.26s
[12.924s][info][gc,start       ] GC(119) Pause Full (Ergonomics)
[12.924s][info][gc,phases,start] GC(119) Marking Phase
[13.121s][info][gc,phases      ] GC(119) Marking Phase 197.112ms
[13.121s][info][gc,phases,start] GC(119) Summary Phase
[13.121s][info][gc,phases      ] GC(119) Summary Phase 0.020ms
[13.121s][info][gc,phases,start] GC(119) Adjust Roots
[13.121s][info][gc,phases      ] GC(119) Adjust Roots 0.190ms
[13.121s][info][gc,phases,start] GC(119) Compaction Phase
[13.188s][info][gc,phases      ] GC(119) Compaction Phase 66.463ms
[13.188s][info][gc,phases,start] GC(119) Post Compact
[13.189s][info][gc,phases      ] GC(119) Post Compact 0.953ms
[13.189s][info][gc,heap        ] GC(119) PSYoungGen: 16330K(77824K)->16330K(77824K) Eden: 8191K(8192K)->8191K(8192K) From: 8138K(69632K)->8138K(69632K)
[13.189s][info][gc,heap        ] GC(119) ParOldGen: 682918K(683008K)->682918K(683008K)
[13.189s][info][gc,metaspace   ] GC(119) Metaspace: 6302K(6528K)->6302K(6528K) NonClass: 5769K(5888K)->5769K(5888K) Class: 533K(640K)->533K(640K)
[13.189s][info][gc             ] GC(119) Pause Full (Ergonomics) 682M->682M(743M) 265.022ms
[13.189s][info][gc,cpu         ] GC(119) User=0.73s Sys=0.00s Real=0.26s
[13.189s][info][gc,start       ] GC(120) Pause Full (Ergonomics)
[13.189s][info][gc,phases,start] GC(120) Marking Phase
[13.392s][info][gc,phases      ] GC(120) Marking Phase 202.479ms
[13.392s][info][gc,phases,start] GC(120) Summary Phase
[13.392s][info][gc,phases      ] GC(120) Summary Phase 0.019ms
[13.392s][info][gc,phases,start] GC(120) Adjust Roots
[13.392s][info][gc,phases      ] GC(120) Adjust Roots 0.236ms
[13.392s][info][gc,phases,start] GC(120) Compaction Phase
[13.462s][info][gc,phases      ] GC(120) Compaction Phase 70.218ms
[13.462s][info][gc,phases,start] GC(120) Post Compact
[13.463s][info][gc,phases      ] GC(120) Post Compact 1.052ms
[13.464s][info][gc,heap        ] GC(120) PSYoungGen: 16330K(77824K)->16330K(77824K) Eden: 8191K(8192K)->8191K(8192K) From: 8138K(69632K)->8138K(69632K)
[13.464s][info][gc,heap        ] GC(120) ParOldGen: 682923K(683008K)->682923K(683008K)
[13.464s][info][gc,metaspace   ] GC(120) Metaspace: 6302K(6528K)->6302K(6528K) NonClass: 5769K(5888K)->5769K(5888K) Class: 533K(640K)->533K(640K)
[13.464s][info][gc             ] GC(120) Pause Full (Ergonomics) 682M->682M(743M) 274.335ms
[13.464s][info][gc,cpu         ] GC(120) User=0.72s Sys=0.00s Real=0.27s
[13.464s][info][gc,start       ] GC(121) Pause Full (Ergonomics)
[13.464s][info][gc,phases,start] GC(121) Marking Phase
[13.660s][info][gc,phases      ] GC(121) Marking Phase 195.938ms
[13.660s][info][gc,phases,start] GC(121) Summary Phase
[13.660s][info][gc,phases      ] GC(121) Summary Phase 0.021ms
[13.660s][info][gc,phases,start] GC(121) Adjust Roots
[13.660s][info][gc,phases      ] GC(121) Adjust Roots 0.231ms
[13.660s][info][gc,phases,start] GC(121) Compaction Phase
[13.727s][info][gc,phases      ] GC(121) Compaction Phase 66.897ms
[13.727s][info][gc,phases,start] GC(121) Post Compact
[13.728s][info][gc,phases      ] GC(121) Post Compact 1.017ms
[13.728s][info][gc,heap        ] GC(121) PSYoungGen: 16330K(77824K)->16330K(77824K) Eden: 8191K(8192K)->8191K(8192K) From: 8138K(69632K)->8138K(69632K)
[13.728s][info][gc,heap        ] GC(121) ParOldGen: 682927K(683008K)->682927K(683008K)
[13.728s][info][gc,metaspace   ] GC(121) Metaspace: 6302K(6528K)->6302K(6528K) NonClass: 5769K(5888K)->5769K(5888K) Class: 533K(640K)->533K(640K)
[13.728s][info][gc             ] GC(121) Pause Full (Ergonomics) 682M->682M(743M) 264.401ms
[13.728s][info][gc,cpu         ] GC(121) User=0.73s Sys=0.00s Real=0.26s
[13.729s][info][gc,start       ] GC(122) Pause Full (Ergonomics)
[13.729s][info][gc,phases,start] GC(122) Marking Phase
[13.927s][info][gc,phases      ] GC(122) Marking Phase 198.353ms
[13.927s][info][gc,phases,start] GC(122) Summary Phase
[13.927s][info][gc,phases      ] GC(122) Summary Phase 0.020ms
[13.927s][info][gc,phases,start] GC(122) Adjust Roots
[13.927s][info][gc,phases      ] GC(122) Adjust Roots 0.178ms
[13.927s][info][gc,phases,start] GC(122) Compaction Phase
[13.994s][info][gc,phases      ] GC(122) Compaction Phase 66.629ms
[13.994s][info][gc,phases,start] GC(122) Post Compact
[13.995s][info][gc,phases      ] GC(122) Post Compact 0.945ms
[13.995s][info][gc,heap        ] GC(122) PSYoungGen: 16330K(77824K)->16330K(77824K) Eden: 8191K(8192K)->8191K(8192K) From: 8138K(69632K)->8138K(69632K)
[13.995s][info][gc,heap        ] GC(122) ParOldGen: 682932K(683008K)->682932K(683008K)
[13.995s][info][gc,metaspace   ] GC(122) Metaspace: 6302K(6528K)->6302K(6528K) NonClass: 5769K(5888K)->5769K(5888K) Class: 533K(640K)->533K(640K)
[13.995s][info][gc             ] GC(122) Pause Full (Ergonomics) 682M->682M(743M) 266.412ms
[13.995s][info][gc,cpu         ] GC(122) User=0.70s Sys=0.00s Real=0.27s
[13.995s][info][gc,start       ] GC(123) Pause Full (Ergonomics)
[13.995s][info][gc,phases,start] GC(123) Marking Phase
[14.189s][info][gc,phases      ] GC(123) Marking Phase 193.662ms
[14.189s][info][gc,phases,start] GC(123) Summary Phase
[14.189s][info][gc,phases      ] GC(123) Summary Phase 0.021ms
[14.189s][info][gc,phases,start] GC(123) Adjust Roots
[14.189s][info][gc,phases      ] GC(123) Adjust Roots 0.187ms
[14.189s][info][gc,phases,start] GC(123) Compaction Phase
[14.257s][info][gc,phases      ] GC(123) Compaction Phase 67.348ms
[14.257s][info][gc,phases,start] GC(123) Post Compact
[14.258s][info][gc,phases      ] GC(123) Post Compact 1.008ms
[14.258s][info][gc,heap        ] GC(123) PSYoungGen: 16330K(77824K)->16330K(77824K) Eden: 8191K(8192K)->8191K(8192K) From: 8138K(69632K)->8138K(69632K)
[14.258s][info][gc,heap        ] GC(123) ParOldGen: 682937K(683008K)->682937K(683008K)
[14.258s][info][gc,metaspace   ] GC(123) Metaspace: 6302K(6528K)->6302K(6528K) NonClass: 5769K(5888K)->5769K(5888K) Class: 533K(640K)->533K(640K)
[14.258s][info][gc             ] GC(123) Pause Full (Ergonomics) 682M->682M(743M) 262.530ms
[14.258s][info][gc,cpu         ] GC(123) User=0.73s Sys=0.00s Real=0.26s
[14.258s][info][gc,start       ] GC(124) Pause Full (Ergonomics)
[14.258s][info][gc,phases,start] GC(124) Marking Phase
[14.450s][info][gc,phases      ] GC(124) Marking Phase 192.197ms
[14.450s][info][gc,phases,start] GC(124) Summary Phase
[14.450s][info][gc,phases      ] GC(124) Summary Phase 0.025ms
[14.450s][info][gc,phases,start] GC(124) Adjust Roots
[14.451s][info][gc,phases      ] GC(124) Adjust Roots 0.211ms
[14.451s][info][gc,phases,start] GC(124) Compaction Phase
[14.515s][info][gc,phases      ] GC(124) Compaction Phase 64.917ms
[14.516s][info][gc,phases,start] GC(124) Post Compact
[14.517s][info][gc,phases      ] GC(124) Post Compact 1.002ms
[14.517s][info][gc,heap        ] GC(124) PSYoungGen: 16330K(77824K)->16330K(77824K) Eden: 8191K(8192K)->8191K(8192K) From: 8138K(69632K)->8138K(69632K)
[14.517s][info][gc,heap        ] GC(124) ParOldGen: 682941K(683008K)->682941K(683008K)
[14.517s][info][gc,metaspace   ] GC(124) Metaspace: 6302K(6528K)->6302K(6528K) NonClass: 5769K(5888K)->5769K(5888K) Class: 533K(640K)->533K(640K)
[14.517s][info][gc             ] GC(124) Pause Full (Ergonomics) 682M->682M(743M) 258.640ms
[14.517s][info][gc,cpu         ] GC(124) User=0.67s Sys=0.00s Real=0.26s
[14.517s][info][gc,start       ] GC(125) Pause Full (Ergonomics)
[14.517s][info][gc,phases,start] GC(125) Marking Phase
[14.709s][info][gc,phases      ] GC(125) Marking Phase 192.051ms
[14.709s][info][gc,phases,start] GC(125) Summary Phase
[14.709s][info][gc,phases      ] GC(125) Summary Phase 0.021ms
[14.709s][info][gc,phases,start] GC(125) Adjust Roots
[14.709s][info][gc,phases      ] GC(125) Adjust Roots 0.179ms
[14.709s][info][gc,phases,start] GC(125) Compaction Phase
[14.776s][info][gc,phases      ] GC(125) Compaction Phase 66.625ms
[14.776s][info][gc,phases,start] GC(125) Post Compact
[14.777s][info][gc,phases      ] GC(125) Post Compact 1.015ms
[14.777s][info][gc,heap        ] GC(125) PSYoungGen: 16330K(77824K)->16330K(77824K) Eden: 8191K(8192K)->8191K(8192K) From: 8138K(69632K)->8138K(69632K)
[14.777s][info][gc,heap        ] GC(125) ParOldGen: 682946K(683008K)->682946K(683008K)
[14.777s][info][gc,metaspace   ] GC(125) Metaspace: 6302K(6528K)->6302K(6528K) NonClass: 5769K(5888K)->5769K(5888K) Class: 533K(640K)->533K(640K)
[14.777s][info][gc             ] GC(125) Pause Full (Ergonomics) 682M->682M(743M) 260.208ms
[14.777s][info][gc,cpu         ] GC(125) User=0.67s Sys=0.00s Real=0.26s
[14.777s][info][gc,start       ] GC(126) Pause Full (Ergonomics)
[14.777s][info][gc,phases,start] GC(126) Marking Phase
[14.972s][info][gc,phases      ] GC(126) Marking Phase 194.285ms
[14.972s][info][gc,phases,start] GC(126) Summary Phase
[14.972s][info][gc,phases      ] GC(126) Summary Phase 0.027ms
[14.972s][info][gc,phases,start] GC(126) Adjust Roots
[14.972s][info][gc,phases      ] GC(126) Adjust Roots 0.188ms
[14.972s][info][gc,phases,start] GC(126) Compaction Phase
[15.039s][info][gc,phases      ] GC(126) Compaction Phase 67.059ms
[15.039s][info][gc,phases,start] GC(126) Post Compact
[15.040s][info][gc,phases      ] GC(126) Post Compact 1.022ms
[15.040s][info][gc,heap        ] GC(126) PSYoungGen: 16330K(77824K)->16330K(77824K) Eden: 8191K(8192K)->8191K(8192K) From: 8138K(69632K)->8138K(69632K)
[15.040s][info][gc,heap        ] GC(126) ParOldGen: 682951K(683008K)->682951K(683008K)
[15.040s][info][gc,metaspace   ] GC(126) Metaspace: 6302K(6528K)->6302K(6528K) NonClass: 5769K(5888K)->5769K(5888K) Class: 533K(640K)->533K(640K)
[15.040s][info][gc             ] GC(126) Pause Full (Ergonomics) 682M->682M(743M) 262.931ms
[15.040s][info][gc,cpu         ] GC(126) User=0.77s Sys=0.00s Real=0.26s
[15.040s][info][gc,start       ] GC(127) Pause Full (Ergonomics)
[15.040s][info][gc,phases,start] GC(127) Marking Phase
[15.234s][info][gc,phases      ] GC(127) Marking Phase 193.987ms
[15.235s][info][gc,phases,start] GC(127) Summary Phase
[15.235s][info][gc,phases      ] GC(127) Summary Phase 0.021ms
[15.235s][info][gc,phases,start] GC(127) Adjust Roots
[15.235s][info][gc,phases      ] GC(127) Adjust Roots 0.207ms
[15.235s][info][gc,phases,start] GC(127) Compaction Phase
[15.302s][info][gc,phases      ] GC(127) Compaction Phase 67.668ms
[15.303s][info][gc,phases,start] GC(127) Post Compact
[15.304s][info][gc,phases      ] GC(127) Post Compact 1.017ms
[15.304s][info][gc,heap        ] GC(127) PSYoungGen: 16330K(77824K)->16330K(77824K) Eden: 8191K(8192K)->8191K(8192K) From: 8138K(69632K)->8138K(69632K)
[15.304s][info][gc,heap        ] GC(127) ParOldGen: 682955K(683008K)->682955K(683008K)
[15.304s][info][gc,metaspace   ] GC(127) Metaspace: 6302K(6528K)->6302K(6528K) NonClass: 5769K(5888K)->5769K(5888K) Class: 533K(640K)->533K(640K)
[15.304s][info][gc             ] GC(127) Pause Full (Ergonomics) 682M->682M(743M) 263.225ms
[15.304s][info][gc,cpu         ] GC(127) User=0.70s Sys=0.02s Real=0.26s
[15.304s][info][gc,start       ] GC(128) Pause Full (Ergonomics)
[15.304s][info][gc,phases,start] GC(128) Marking Phase
[15.502s][info][gc,phases      ] GC(128) Marking Phase 198.304ms
[15.502s][info][gc,phases,start] GC(128) Summary Phase
[15.502s][info][gc,phases      ] GC(128) Summary Phase 0.021ms
[15.502s][info][gc,phases,start] GC(128) Adjust Roots
[15.503s][info][gc,phases      ] GC(128) Adjust Roots 0.193ms
[15.503s][info][gc,phases,start] GC(128) Compaction Phase
[15.569s][info][gc,phases      ] GC(128) Compaction Phase 66.627ms
[15.569s][info][gc,phases,start] GC(128) Post Compact
[15.570s][info][gc,phases      ] GC(128) Post Compact 1.032ms
[15.570s][info][gc,heap        ] GC(128) PSYoungGen: 16330K(77824K)->16330K(77824K) Eden: 8191K(8192K)->8191K(8192K) From: 8138K(69632K)->8138K(69632K)
[15.570s][info][gc,heap        ] GC(128) ParOldGen: 682960K(683008K)->682960K(683008K)
[15.570s][info][gc,metaspace   ] GC(128) Metaspace: 6302K(6528K)->6302K(6528K) NonClass: 5769K(5888K)->5769K(5888K) Class: 533K(640K)->533K(640K)
[15.570s][info][gc             ] GC(128) Pause Full (Ergonomics) 682M->682M(743M) 266.472ms
[15.570s][info][gc,cpu         ] GC(128) User=0.72s Sys=0.00s Real=0.27s
[15.571s][info][gc,start       ] GC(129) Pause Full (Ergonomics)
[15.571s][info][gc,phases,start] GC(129) Marking Phase
[15.765s][info][gc,phases      ] GC(129) Marking Phase 194.478ms
[15.765s][info][gc,phases,start] GC(129) Summary Phase
[15.765s][info][gc,phases      ] GC(129) Summary Phase 0.021ms
[15.765s][info][gc,phases,start] GC(129) Adjust Roots
[15.766s][info][gc,phases      ] GC(129) Adjust Roots 0.230ms
[15.766s][info][gc,phases,start] GC(129) Compaction Phase
[15.832s][info][gc,phases      ] GC(129) Compaction Phase 66.519ms
[15.832s][info][gc,phases,start] GC(129) Post Compact
[15.833s][info][gc,phases      ] GC(129) Post Compact 1.021ms
[15.833s][info][gc,heap        ] GC(129) PSYoungGen: 16330K(77824K)->16330K(77824K) Eden: 8191K(8192K)->8191K(8192K) From: 8138K(69632K)->8138K(69632K)
[15.833s][info][gc,heap        ] GC(129) ParOldGen: 682965K(683008K)->682965K(683008K)
[15.833s][info][gc,metaspace   ] GC(129) Metaspace: 6302K(6528K)->6302K(6528K) NonClass: 5769K(5888K)->5769K(5888K) Class: 533K(640K)->533K(640K)
[15.833s][info][gc             ] GC(129) Pause Full (Ergonomics) 682M->682M(743M) 262.569ms
[15.833s][info][gc,cpu         ] GC(129) User=0.72s Sys=0.02s Real=0.26s
[15.834s][info][gc,start       ] GC(130) Pause Full (Ergonomics)
[15.834s][info][gc,phases,start] GC(130) Marking Phase
[16.028s][info][gc,phases      ] GC(130) Marking Phase 194.576ms
[16.028s][info][gc,phases,start] GC(130) Summary Phase
[16.028s][info][gc,phases      ] GC(130) Summary Phase 0.021ms
[16.028s][info][gc,phases,start] GC(130) Adjust Roots
[16.028s][info][gc,phases      ] GC(130) Adjust Roots 0.245ms
[16.028s][info][gc,phases,start] GC(130) Compaction Phase
[16.095s][info][gc,phases      ] GC(130) Compaction Phase 66.590ms
[16.095s][info][gc,phases,start] GC(130) Post Compact
[16.096s][info][gc,phases      ] GC(130) Post Compact 1.023ms
[16.096s][info][gc,heap        ] GC(130) PSYoungGen: 16330K(77824K)->16330K(77824K) Eden: 8191K(8192K)->8191K(8192K) From: 8138K(69632K)->8138K(69632K)
[16.096s][info][gc,heap        ] GC(130) ParOldGen: 682969K(683008K)->682969K(683008K)
[16.096s][info][gc,metaspace   ] GC(130) Metaspace: 6302K(6528K)->6302K(6528K) NonClass: 5769K(5888K)->5769K(5888K) Class: 533K(640K)->533K(640K)
[16.096s][info][gc             ] GC(130) Pause Full (Ergonomics) 682M->682M(743M) 262.785ms
[16.096s][info][gc,cpu         ] GC(130) User=0.72s Sys=0.00s Real=0.26s
[16.097s][info][gc,start       ] GC(131) Pause Full (Ergonomics)
[16.097s][info][gc,phases,start] GC(131) Marking Phase
[16.296s][info][gc,phases      ] GC(131) Marking Phase 199.633ms
[16.296s][info][gc,phases,start] GC(131) Summary Phase
[16.296s][info][gc,phases      ] GC(131) Summary Phase 0.021ms
[16.296s][info][gc,phases,start] GC(131) Adjust Roots
[16.296s][info][gc,phases      ] GC(131) Adjust Roots 0.176ms
[16.296s][info][gc,phases,start] GC(131) Compaction Phase
[16.365s][info][gc,phases      ] GC(131) Compaction Phase 68.022ms
[16.365s][info][gc,phases,start] GC(131) Post Compact
[16.366s][info][gc,phases      ] GC(131) Post Compact 1.241ms
[16.366s][info][gc,heap        ] GC(131) PSYoungGen: 16330K(77824K)->16330K(77824K) Eden: 8191K(8192K)->8191K(8192K) From: 8138K(69632K)->8138K(69632K)
[16.366s][info][gc,heap        ] GC(131) ParOldGen: 682974K(683008K)->682974K(683008K)
[16.366s][info][gc,metaspace   ] GC(131) Metaspace: 6302K(6528K)->6302K(6528K) NonClass: 5769K(5888K)->5769K(5888K) Class: 533K(640K)->533K(640K)
[16.366s][info][gc             ] GC(131) Pause Full (Ergonomics) 682M->682M(743M) 269.438ms
[16.366s][info][gc,cpu         ] GC(131) User=0.73s Sys=0.00s Real=0.27s
[16.366s][info][gc,start       ] GC(132) Pause Full (Ergonomics)
[16.366s][info][gc,phases,start] GC(132) Marking Phase
[16.558s][info][gc,phases      ] GC(132) Marking Phase 191.438ms
[16.558s][info][gc,phases,start] GC(132) Summary Phase
[16.558s][info][gc,phases      ] GC(132) Summary Phase 0.026ms
[16.558s][info][gc,phases,start] GC(132) Adjust Roots
[16.558s][info][gc,phases      ] GC(132) Adjust Roots 0.204ms
[16.558s][info][gc,phases,start] GC(132) Compaction Phase
[16.626s][info][gc,phases      ] GC(132) Compaction Phase 67.962ms
[16.626s][info][gc,phases,start] GC(132) Post Compact
[16.627s][info][gc,phases      ] GC(132) Post Compact 1.013ms
[16.627s][info][gc,heap        ] GC(132) PSYoungGen: 16330K(77824K)->16330K(77824K) Eden: 8191K(8192K)->8191K(8192K) From: 8138K(69632K)->8138K(69632K)
[16.627s][info][gc,heap        ] GC(132) ParOldGen: 682979K(683008K)->682979K(683008K)
[16.627s][info][gc,metaspace   ] GC(132) Metaspace: 6302K(6528K)->6302K(6528K) NonClass: 5769K(5888K)->5769K(5888K) Class: 533K(640K)->533K(640K)
[16.627s][info][gc             ] GC(132) Pause Full (Ergonomics) 682M->682M(743M) 260.923ms
[16.627s][info][gc,cpu         ] GC(132) User=0.66s Sys=0.00s Real=0.26s
[16.627s][info][gc,start       ] GC(133) Pause Full (Ergonomics)
[16.627s][info][gc,phases,start] GC(133) Marking Phase
[16.821s][info][gc,phases      ] GC(133) Marking Phase 193.295ms
[16.821s][info][gc,phases,start] GC(133) Summary Phase
[16.821s][info][gc,phases      ] GC(133) Summary Phase 0.028ms
[16.821s][info][gc,phases,start] GC(133) Adjust Roots
[16.821s][info][gc,phases      ] GC(133) Adjust Roots 0.190ms
[16.821s][info][gc,phases,start] GC(133) Compaction Phase
[16.889s][info][gc,phases      ] GC(133) Compaction Phase 68.052ms
[16.889s][info][gc,phases,start] GC(133) Post Compact
[16.890s][info][gc,phases      ] GC(133) Post Compact 1.010ms
[16.890s][info][gc,heap        ] GC(133) PSYoungGen: 16330K(77824K)->16330K(77824K) Eden: 8191K(8192K)->8191K(8192K) From: 8138K(69632K)->8138K(69632K)
[16.890s][info][gc,heap        ] GC(133) ParOldGen: 682983K(683008K)->682983K(683008K)
[16.890s][info][gc,metaspace   ] GC(133) Metaspace: 6302K(6528K)->6302K(6528K) NonClass: 5769K(5888K)->5769K(5888K) Class: 533K(640K)->533K(640K)
[16.890s][info][gc             ] GC(133) Pause Full (Ergonomics) 682M->682M(743M) 262.902ms
[16.890s][info][gc,cpu         ] GC(133) User=0.72s Sys=0.00s Real=0.26s
[16.891s][info][gc,start       ] GC(134) Pause Full (Ergonomics)
[16.891s][info][gc,phases,start] GC(134) Marking Phase
[17.084s][info][gc,phases      ] GC(134) Marking Phase 193.469ms
[17.084s][info][gc,phases,start] GC(134) Summary Phase
[17.084s][info][gc,phases      ] GC(134) Summary Phase 0.025ms
[17.084s][info][gc,phases,start] GC(134) Adjust Roots
[17.084s][info][gc,phases      ] GC(134) Adjust Roots 0.212ms
[17.084s][info][gc,phases,start] GC(134) Compaction Phase
[17.149s][info][gc,phases      ] GC(134) Compaction Phase 64.687ms
[17.149s][info][gc,phases,start] GC(134) Post Compact
[17.150s][info][gc,phases      ] GC(134) Post Compact 1.043ms
[17.150s][info][gc,heap        ] GC(134) PSYoungGen: 16330K(77824K)->16330K(77824K) Eden: 8191K(8192K)->8191K(8192K) From: 8138K(69632K)->8138K(69632K)
[17.150s][info][gc,heap        ] GC(134) ParOldGen: 682988K(683008K)->682988K(683008K)
[17.150s][info][gc,metaspace   ] GC(134) Metaspace: 6302K(6528K)->6302K(6528K) NonClass: 5769K(5888K)->5769K(5888K) Class: 533K(640K)->533K(640K)
[17.150s][info][gc             ] GC(134) Pause Full (Ergonomics) 682M->682M(743M) 259.789ms
[17.150s][info][gc,cpu         ] GC(134) User=0.72s Sys=0.00s Real=0.26s
[17.151s][info][gc,start       ] GC(135) Pause Full (Ergonomics)
[17.151s][info][gc,phases,start] GC(135) Marking Phase
[17.345s][info][gc,phases      ] GC(135) Marking Phase 194.143ms
[17.345s][info][gc,phases,start] GC(135) Summary Phase
[17.345s][info][gc,phases      ] GC(135) Summary Phase 0.026ms
[17.345s][info][gc,phases,start] GC(135) Adjust Roots
[17.345s][info][gc,phases      ] GC(135) Adjust Roots 0.224ms
[17.345s][info][gc,phases,start] GC(135) Compaction Phase
[17.413s][info][gc,phases      ] GC(135) Compaction Phase 67.987ms
[17.413s][info][gc,phases,start] GC(135) Post Compact
[17.414s][info][gc,phases      ] GC(135) Post Compact 1.018ms
[17.414s][info][gc,heap        ] GC(135) PSYoungGen: 16330K(77824K)->16330K(77824K) Eden: 8191K(8192K)->8191K(8192K) From: 8138K(69632K)->8138K(69632K)
[17.414s][info][gc,heap        ] GC(135) ParOldGen: 682993K(683008K)->682993K(683008K)
[17.414s][info][gc,metaspace   ] GC(135) Metaspace: 6302K(6528K)->6302K(6528K) NonClass: 5769K(5888K)->5769K(5888K) Class: 533K(640K)->533K(640K)
[17.414s][info][gc             ] GC(135) Pause Full (Ergonomics) 682M->682M(743M) 263.711ms
[17.414s][info][gc,cpu         ] GC(135) User=0.69s Sys=0.00s Real=0.26s
[17.415s][info][gc,start       ] GC(136) Pause Full (Ergonomics)
[17.415s][info][gc,phases,start] GC(136) Marking Phase
[17.613s][info][gc,phases      ] GC(136) Marking Phase 198.055ms
[17.613s][info][gc,phases,start] GC(136) Summary Phase
[17.613s][info][gc,phases      ] GC(136) Summary Phase 0.019ms
[17.613s][info][gc,phases,start] GC(136) Adjust Roots
[17.613s][info][gc,phases      ] GC(136) Adjust Roots 0.191ms
[17.613s][info][gc,phases,start] GC(136) Compaction Phase
[17.680s][info][gc,phases      ] GC(136) Compaction Phase 66.613ms
[17.680s][info][gc,phases,start] GC(136) Post Compact
[17.681s][info][gc,phases      ] GC(136) Post Compact 1.019ms
[17.681s][info][gc,heap        ] GC(136) PSYoungGen: 16330K(77824K)->16330K(77824K) Eden: 8191K(8192K)->8191K(8192K) From: 8138K(69632K)->8138K(69632K)
[17.681s][info][gc,heap        ] GC(136) ParOldGen: 682997K(683008K)->682997K(683008K)
[17.681s][info][gc,metaspace   ] GC(136) Metaspace: 6302K(6528K)->6302K(6528K) NonClass: 5769K(5888K)->5769K(5888K) Class: 533K(640K)->533K(640K)
[17.681s][info][gc             ] GC(136) Pause Full (Ergonomics) 682M->682M(743M) 266.211ms
[17.681s][info][gc,cpu         ] GC(136) User=0.70s Sys=0.02s Real=0.27s
[17.681s][info][gc,start       ] GC(137) Pause Full (Ergonomics)
[17.681s][info][gc,phases,start] GC(137) Marking Phase
[17.874s][info][gc,phases      ] GC(137) Marking Phase 192.974ms
[17.874s][info][gc,phases,start] GC(137) Summary Phase
[17.874s][info][gc,phases      ] GC(137) Summary Phase 0.021ms
[17.874s][info][gc,phases,start] GC(137) Adjust Roots
[17.874s][info][gc,phases      ] GC(137) Adjust Roots 0.176ms
[17.874s][info][gc,phases,start] GC(137) Compaction Phase
[17.941s][info][gc,phases      ] GC(137) Compaction Phase 66.421ms
[17.941s][info][gc,phases,start] GC(137) Post Compact
[17.942s][info][gc,phases      ] GC(137) Post Compact 1.025ms
[17.942s][info][gc,heap        ] GC(137) PSYoungGen: 16330K(77824K)->16330K(77824K) Eden: 8191K(8192K)->8191K(8192K) From: 8138K(69632K)->8138K(69632K)
[17.942s][info][gc,heap        ] GC(137) ParOldGen: 683002K(683008K)->683002K(683008K)
[17.942s][info][gc,metaspace   ] GC(137) Metaspace: 6302K(6528K)->6302K(6528K) NonClass: 5769K(5888K)->5769K(5888K) Class: 533K(640K)->533K(640K)
[17.942s][info][gc             ] GC(137) Pause Full (Ergonomics) 682M->682M(743M) 260.916ms
[17.942s][info][gc,cpu         ] GC(137) User=0.73s Sys=0.00s Real=0.26s
[17.942s][info][gc,start       ] GC(138) Pause Full (Ergonomics)
[17.942s][info][gc,phases,start] GC(138) Marking Phase
[18.138s][info][gc,phases      ] GC(138) Marking Phase 195.212ms
[18.138s][info][gc,phases,start] GC(138) Summary Phase
[18.138s][info][gc,phases      ] GC(138) Summary Phase 0.025ms
[18.138s][info][gc,phases,start] GC(138) Adjust Roots
[18.138s][info][gc,phases      ] GC(138) Adjust Roots 0.196ms
[18.138s][info][gc,phases,start] GC(138) Compaction Phase
[18.206s][info][gc,phases      ] GC(138) Compaction Phase 67.903ms
[18.206s][info][gc,phases,start] GC(138) Post Compact
[18.207s][info][gc,phases      ] GC(138) Post Compact 1.076ms
[18.207s][info][gc,heap        ] GC(138) PSYoungGen: 16330K(77824K)->16330K(77824K) Eden: 8191K(8192K)->8191K(8192K) From: 8138K(69632K)->8138K(69632K)
[18.207s][info][gc,heap        ] GC(138) ParOldGen: 683007K(683008K)->683007K(683008K)
[18.207s][info][gc,metaspace   ] GC(138) Metaspace: 6302K(6528K)->6302K(6528K) NonClass: 5769K(5888K)->5769K(5888K) Class: 533K(640K)->533K(640K)
[18.207s][info][gc             ] GC(138) Pause Full (Ergonomics) 682M->682M(743M) 264.795ms
[18.207s][info][gc,cpu         ] GC(138) User=0.73s Sys=0.00s Real=0.27s
[18.207s][info][gc,start       ] GC(139) Pause Full (Ergonomics)
[18.207s][info][gc,phases,start] GC(139) Marking Phase
[18.408s][info][gc,phases      ] GC(139) Marking Phase 200.875ms
[18.408s][info][gc,phases,start] GC(139) Summary Phase
[18.408s][info][gc,phases      ] GC(139) Summary Phase 0.020ms
[18.408s][info][gc,phases,start] GC(139) Adjust Roots
[18.409s][info][gc,phases      ] GC(139) Adjust Roots 0.239ms
[18.409s][info][gc,phases,start] GC(139) Compaction Phase
[18.476s][info][gc,phases      ] GC(139) Compaction Phase 67.466ms
[18.476s][info][gc,phases,start] GC(139) Post Compact
[18.477s][info][gc,phases      ] GC(139) Post Compact 1.017ms
[18.477s][info][gc,heap        ] GC(139) PSYoungGen: 16330K(77824K)->16330K(77824K) Eden: 8191K(8192K)->8191K(8192K) From: 8138K(69632K)->8138K(69632K)
[18.477s][info][gc,heap        ] GC(139) ParOldGen: 683007K(683008K)->683007K(683008K)
[18.477s][info][gc,metaspace   ] GC(139) Metaspace: 6302K(6528K)->6302K(6528K) NonClass: 5769K(5888K)->5769K(5888K) Class: 533K(640K)->533K(640K)
[18.477s][info][gc             ] GC(139) Pause Full (Ergonomics) 682M->682M(743M) 269.910ms
[18.477s][info][gc,cpu         ] GC(139) User=0.70s Sys=0.00s Real=0.27s
[18.477s][info][gc,start       ] GC(140) Pause Full (Allocation Failure)
[18.477s][info][gc,phases,start] GC(140) Marking Phase
[18.670s][info][gc,phases      ] GC(140) Marking Phase 192.127ms
[18.670s][info][gc,phases,start] GC(140) Summary Phase
[18.670s][info][gc,phases      ] GC(140) Summary Phase 0.027ms
[18.670s][info][gc,phases,start] GC(140) Adjust Roots
[18.670s][info][gc,phases      ] GC(140) Adjust Roots 0.398ms
[18.670s][info][gc,phases,start] GC(140) Compaction Phase
[18.796s][info][gc,phases      ] GC(140) Compaction Phase 126.275ms
[18.796s][info][gc,phases,start] GC(140) Post Compact
[18.798s][info][gc,phases      ] GC(140) Post Compact 1.279ms
[18.798s][info][gc,heap        ] GC(140) PSYoungGen: 16330K(77824K)->16330K(77824K) Eden: 8191K(8192K)->8191K(8192K) From: 8138K(69632K)->8138K(69632K)
[18.798s][info][gc,heap        ] GC(140) ParOldGen: 683007K(683008K)->683003K(683008K)
[18.798s][info][gc,metaspace   ] GC(140) Metaspace: 6302K(6528K)->6300K(6528K) NonClass: 5769K(5888K)->5768K(5888K) Class: 533K(640K)->532K(640K)
[18.798s][info][gc             ] GC(140) Pause Full (Allocation Failure) 682M->682M(743M) 320.442ms
[18.798s][info][gc,cpu         ] GC(140) User=0.84s Sys=0.00s Real=0.32s
[18.798s][info][gc,start       ] GC(141) Pause Full (Ergonomics)
[18.798s][info][gc,phases,start] GC(141) Marking Phase
[19.001s][info][gc,phases      ] GC(141) Marking Phase 202.299ms
[19.001s][info][gc,phases,start] GC(141) Summary Phase
[19.001s][info][gc,phases      ] GC(141) Summary Phase 0.026ms
[19.001s][info][gc,phases,start] GC(141) Adjust Roots
[19.001s][info][gc,phases      ] GC(141) Adjust Roots 0.213ms
[19.001s][info][gc,phases,start] GC(141) Compaction Phase
[19.068s][info][gc,phases      ] GC(141) Compaction Phase 67.014ms
[19.068s][info][gc,phases,start] GC(141) Post Compact
[19.069s][info][gc,phases      ] GC(141) Post Compact 1.012ms
[19.069s][info][gc,heap        ] GC(141) PSYoungGen: 16330K(77824K)->16330K(77824K) Eden: 8191K(8192K)->8191K(8192K) From: 8138K(69632K)->8138K(69632K)
[19.069s][info][gc,heap        ] GC(141) ParOldGen: 683007K(683008K)->683007K(683008K)
[19.069s][info][gc,metaspace   ] GC(141) Metaspace: 6300K(6528K)->6300K(6528K) NonClass: 5768K(5888K)->5768K(5888K) Class: 532K(640K)->532K(640K)
[19.069s][info][gc             ] GC(141) Pause Full (Ergonomics) 682M->682M(743M) 270.845ms
[19.069s][info][gc,cpu         ] GC(141) User=0.72s Sys=0.00s Real=0.27s
[19.069s][info][gc,start       ] GC(142) Pause Full (Ergonomics)
[19.070s][info][gc,phases,start] GC(142) Marking Phase
[19.263s][info][gc,phases      ] GC(142) Marking Phase 193.315ms
[19.263s][info][gc,phases,start] GC(142) Summary Phase
[19.263s][info][gc,phases      ] GC(142) Summary Phase 0.026ms
[19.263s][info][gc,phases,start] GC(142) Adjust Roots
[19.263s][info][gc,phases      ] GC(142) Adjust Roots 0.186ms
[19.263s][info][gc,phases,start] GC(142) Compaction Phase
[19.334s][info][gc,phases      ] GC(142) Compaction Phase 70.404ms
[19.334s][info][gc,phases,start] GC(142) Post Compact
[19.335s][info][gc,phases      ] GC(142) Post Compact 1.006ms
[19.335s][info][gc,heap        ] GC(142) PSYoungGen: 16330K(77824K)->16330K(77824K) Eden: 8191K(8192K)->8191K(8192K) From: 8138K(69632K)->8138K(69632K)
[19.335s][info][gc,heap        ] GC(142) ParOldGen: 683007K(683008K)->683007K(683008K)
[19.335s][info][gc,metaspace   ] GC(142) Metaspace: 6300K(6528K)->6300K(6528K) NonClass: 5768K(5888K)->5768K(5888K) Class: 532K(640K)->532K(640K)
[19.335s][info][gc             ] GC(142) Pause Full (Ergonomics) 682M->682M(743M) 265.212ms
[19.335s][info][gc,cpu         ] GC(142) User=0.72s Sys=0.00s Real=0.27s
[19.335s][info][gc,start       ] GC(143) Pause Full (Allocation Failure)
[19.335s][info][gc,phases,start] GC(143) Marking Phase
[19.538s][info][gc,phases      ] GC(143) Marking Phase 203.194ms
[19.538s][info][gc,phases,start] GC(143) Summary Phase
[19.538s][info][gc,phases      ] GC(143) Summary Phase 0.021ms
[19.538s][info][gc,phases,start] GC(143) Adjust Roots
[19.538s][info][gc,phases      ] GC(143) Adjust Roots 0.186ms
[19.538s][info][gc,phases,start] GC(143) Compaction Phase
[19.608s][info][gc,phases      ] GC(143) Compaction Phase 69.417ms
[19.608s][info][gc,phases,start] GC(143) Post Compact
[19.609s][info][gc,phases      ] GC(143) Post Compact 1.001ms
[19.609s][info][gc,heap        ] GC(143) PSYoungGen: 16330K(77824K)->16330K(77824K) Eden: 8191K(8192K)->8191K(8192K) From: 8138K(69632K)->8138K(69632K)
[19.609s][info][gc,heap        ] GC(143) ParOldGen: 683007K(683008K)->683007K(683008K)
[19.609s][info][gc,metaspace   ] GC(143) Metaspace: 6300K(6528K)->6300K(6528K) NonClass: 5768K(5888K)->5768K(5888K) Class: 532K(640K)->532K(640K)
[19.609s][info][gc             ] GC(143) Pause Full (Allocation Failure) 682M->682M(743M) 274.073ms
[19.609s][info][gc,cpu         ] GC(143) User=0.70s Sys=0.02s Real=0.27s
[19.609s][info][gc,start       ] GC(144) Pause Full (Ergonomics)
[19.609s][info][gc,phases,start] GC(144) Marking Phase
[19.803s][info][gc,phases      ] GC(144) Marking Phase 194.110ms
[19.804s][info][gc,phases,start] GC(144) Summary Phase
[19.804s][info][gc,phases      ] GC(144) Summary Phase 0.021ms
[19.804s][info][gc,phases,start] GC(144) Adjust Roots
[19.804s][info][gc,phases      ] GC(144) Adjust Roots 0.272ms
[19.804s][info][gc,phases,start] GC(144) Compaction Phase
[19.929s][info][gc,phases      ] GC(144) Compaction Phase 124.988ms
[19.929s][info][gc,phases,start] GC(144) Post Compact
[19.930s][info][gc,phases      ] GC(144) Post Compact 1.219ms
[19.930s][info][gc,heap        ] GC(144) PSYoungGen: 16330K(77824K)->16330K(77824K) Eden: 8191K(8192K)->8191K(8192K) From: 8138K(69632K)->8138K(69632K)
[19.930s][info][gc,heap        ] GC(144) ParOldGen: 683007K(683008K)->683006K(683008K)
[19.930s][info][gc,metaspace   ] GC(144) Metaspace: 6300K(6528K)->6300K(6528K) NonClass: 5768K(5888K)->5768K(5888K) Class: 532K(640K)->532K(640K)
[19.930s][info][gc             ] GC(144) Pause Full (Ergonomics) 682M->682M(743M) 320.904ms
[19.930s][info][gc,cpu         ] GC(144) User=0.89s Sys=0.00s Real=0.32s
[19.931s][info][gc,start       ] GC(145) Pause Full (Ergonomics)
[19.932s][info][gc,phases,start] GC(145) Marking Phase
[20.125s][info][gc,phases      ] GC(145) Marking Phase 193.769ms
[20.125s][info][gc,phases,start] GC(145) Summary Phase
[20.125s][info][gc,phases      ] GC(145) Summary Phase 0.026ms
[20.125s][info][gc,phases,start] GC(145) Adjust Roots
[20.126s][info][gc,phases      ] GC(145) Adjust Roots 0.350ms
[20.126s][info][gc,phases,start] GC(145) Compaction Phase
[20.254s][info][gc,phases      ] GC(145) Compaction Phase 128.194ms
[20.254s][info][gc,phases,start] GC(145) Post Compact
[20.255s][info][gc,phases      ] GC(145) Post Compact 1.250ms
[20.255s][info][gc,heap        ] GC(145) PSYoungGen: 16330K(77824K)->16330K(77824K) Eden: 8191K(8192K)->8191K(8192K) From: 8138K(69632K)->8138K(69632K)
[20.255s][info][gc,heap        ] GC(145) ParOldGen: 683007K(683008K)->683005K(683008K)
[20.255s][info][gc,metaspace   ] GC(145) Metaspace: 6302K(6528K)->6302K(6528K) NonClass: 5768K(5888K)->5768K(5888K) Class: 533K(640K)->533K(640K)
[20.255s][info][gc             ] GC(145) Pause Full (Ergonomics) 682M->682M(743M) 323.929ms
[20.255s][info][gc,cpu         ] GC(145) User=0.88s Sys=0.00s Real=0.32s
[20.256s][info][gc,heap,exit   ] Heap
[20.256s][info][gc,heap,exit   ]  PSYoungGen      total 77824K, used 16330K [0x00000000eb300000, 0x00000000f4580000, 0x0000000100000000)
[20.256s][info][gc,heap,exit   ]   eden space 8192K, 99% used [0x00000000eb300000,0x00000000ebaffff8,0x00000000ebb00000)
[20.256s][info][gc,heap,exit   ]   from space 69632K, 11% used [0x00000000eff80000,0x00000000f07729b8,0x00000000f4380000)
[20.256s][info][gc,heap,exit   ]   to   space 70144K, 0% used [0x00000000ebb00000,0x00000000ebb00000,0x00000000eff80000)
[20.256s][info][gc,heap,exit   ]  ParOldGen       total 683008K, used 683005K [0x00000000c1800000, 0x00000000eb300000, 0x00000000eb300000)
[20.256s][info][gc,heap,exit   ]   object space 683008K, 99% used [0x00000000c1800000,0x00000000eb2ff790,0x00000000eb300000)
[20.256s][info][gc,heap,exit   ]  Metaspace       used 6305K, committed 6528K, reserved 1114112K
[20.256s][info][gc,heap,exit   ]   class space    used 534K, committed 640K, reserved 1048576K
