[0.013s][info][gc,init] CardTable entry size: 512
[0.014s][info][gc     ] Using Parallel
[0.014s][info][gc,init] Version: 18.0.1+10 (release)
[0.014s][info][gc,init] CPUs: 8 total, 8 available
[0.014s][info][gc,init] Memory: 16063M
[0.014s][info][gc,init] Large Page Support: Disabled
[0.014s][info][gc,init] NUMA Support: Disabled
[0.014s][info][gc,init] Compressed Oops: Enabled (32-bit)
[0.014s][info][gc,init] Alignments: Space 512K, Generation 512K, Heap 2M
[0.014s][info][gc,init] Heap Min Capacity: 2M
[0.014s][info][gc,init] Heap Initial Capacity: 2M
[0.014s][info][gc,init] Heap Max Capacity: 1000M
[0.015s][info][gc,init] Pre-touch: Disabled
[0.015s][info][gc,init] Parallel Workers: 1
[0.015s][info][gc,metaspace] CDS archive(s) not mapped
[0.015s][info][gc,metaspace] Compressed class space mapped at: 0x0000000100000000-0x0000000140000000, reserved size: 1073741824
[0.015s][info][gc,metaspace] Narrow klass base: 0x0000000000000000, Narrow klass shift: 3, Narrow klass range: 0x140000000
[0.126s][info][gc,start    ] GC(0) Pause Young (Allocation Failure)
[0.127s][info][gc,heap     ] GC(0) PSYoungGen: 512K(1024K)->448K(1024K) Eden: 512K(512K)->0K(512K) From: 0K(512K)->448K(512K)
[0.127s][info][gc,heap     ] GC(0) ParOldGen: 0K(512K)->0K(512K)
[0.127s][info][gc,metaspace] GC(0) Metaspace: 4229K(4352K)->4229K(4352K) NonClass: 3908K(3968K)->3908K(3968K) Class: 321K(384K)->321K(384K)
[0.127s][info][gc          ] GC(0) Pause Young (Allocation Failure) 0M->0M(1M) 1.685ms
[0.127s][info][gc,cpu      ] GC(0) User=0.00s Sys=0.00s Real=0.00s
[0.194s][info][gc,start    ] GC(1) Pause Young (Allocation Failure)
[0.196s][info][gc,heap     ] GC(1) PSYoungGen: 959K(1024K)->496K(1536K) Eden: 511K(512K)->0K(1024K) From: 448K(512K)->496K(512K)
[0.196s][info][gc,heap     ] GC(1) ParOldGen: 0K(512K)->96K(512K)
[0.196s][info][gc,metaspace] GC(1) Metaspace: 5882K(6016K)->5882K(6016K) NonClass: 5385K(5504K)->5385K(5504K) Class: 496K(512K)->496K(512K)
[0.196s][info][gc          ] GC(1) Pause Young (Allocation Failure) 0M->0M(2M) 1.778ms
[0.196s][info][gc,cpu      ] GC(1) User=0.00s Sys=0.00s Real=0.00s
[0.219s][info][gc,start    ] GC(2) Pause Young (Allocation Failure)
[0.221s][info][gc,heap     ] GC(2) PSYoungGen: 1520K(1536K)->512K(1536K) Eden: 1024K(1024K)->0K(1024K) From: 496K(512K)->512K(512K)
[0.221s][info][gc,heap     ] GC(2) ParOldGen: 96K(512K)->488K(512K)
[0.221s][info][gc,metaspace] GC(2) Metaspace: 6300K(6464K)->6300K(6464K) NonClass: 5766K(5824K)->5766K(5824K) Class: 533K(640K)->533K(640K)
[0.222s][info][gc          ] GC(2) Pause Young (Allocation Failure) 1M->0M(2M) 2.187ms
[0.222s][info][gc,cpu      ] GC(2) User=0.00s Sys=0.00s Real=0.00s
[0.222s][info][gc,start    ] GC(3) Pause Full (Ergonomics)
[0.222s][info][gc,phases,start] GC(3) Marking Phase
[0.223s][info][gc,phases      ] GC(3) Marking Phase 1.629ms
[0.223s][info][gc,phases,start] GC(3) Summary Phase
[0.223s][info][gc,phases      ] GC(3) Summary Phase 0.017ms
[0.223s][info][gc,phases,start] GC(3) Adjust Roots
[0.224s][info][gc,phases      ] GC(3) Adjust Roots 0.461ms
[0.224s][info][gc,phases,start] GC(3) Compaction Phase
[0.226s][info][gc,phases      ] GC(3) Compaction Phase 2.125ms
[0.226s][info][gc,phases,start] GC(3) Post Compact
[0.226s][info][gc,phases      ] GC(3) Post Compact 0.085ms
[0.226s][info][gc,heap        ] GC(3) PSYoungGen: 512K(1536K)->511K(1536K) Eden: 0K(1024K)->0K(1024K) From: 512K(512K)->511K(512K)
[0.226s][info][gc,heap        ] GC(3) ParOldGen: 488K(512K)->469K(2048K)
[0.226s][info][gc,metaspace   ] GC(3) Metaspace: 6300K(6464K)->6300K(6464K) NonClass: 5766K(5824K)->5766K(5824K) Class: 533K(640K)->533K(640K)
[0.226s][info][gc             ] GC(3) Pause Full (Ergonomics) 0M->0M(3M) 4.606ms
[0.226s][info][gc,cpu         ] GC(3) User=0.00s Sys=0.00s Real=0.00s
[0.228s][info][gc,start       ] GC(4) Pause Young (Allocation Failure)
[0.231s][info][gc,heap        ] GC(4) PSYoungGen: 1535K(1536K)->480K(2560K) Eden: 1024K(1024K)->0K(2048K) From: 511K(512K)->480K(512K)
[0.231s][info][gc,heap        ] GC(4) ParOldGen: 469K(2048K)->1029K(2048K)
[0.231s][info][gc,metaspace   ] GC(4) Metaspace: 6300K(6464K)->6300K(6464K) NonClass: 5766K(5824K)->5766K(5824K) Class: 533K(640K)->533K(640K)
[0.231s][info][gc             ] GC(4) Pause Young (Allocation Failure) 1M->1M(4M) 2.449ms
[0.231s][info][gc,cpu         ] GC(4) User=0.00s Sys=0.00s Real=0.00s
[0.234s][info][gc,start       ] GC(5) Pause Young (Allocation Failure)
[0.236s][info][gc,heap        ] GC(5) PSYoungGen: 2528K(2560K)->480K(2560K) Eden: 2048K(2048K)->0K(2048K) From: 480K(512K)->480K(512K)
[0.236s][info][gc,heap        ] GC(5) ParOldGen: 1029K(2048K)->2093K(2560K)
[0.236s][info][gc,metaspace   ] GC(5) Metaspace: 6300K(6464K)->6300K(6464K) NonClass: 5766K(5824K)->5766K(5824K) Class: 533K(640K)->533K(640K)
[0.236s][info][gc             ] GC(5) Pause Young (Allocation Failure) 3M->2M(5M) 2.883ms
[0.236s][info][gc,cpu         ] GC(5) User=0.00s Sys=0.00s Real=0.00s
[0.237s][info][gc,start       ] GC(6) Pause Full (Ergonomics)
[0.237s][info][gc,phases,start] GC(6) Marking Phase
[0.239s][info][gc,phases      ] GC(6) Marking Phase 2.773ms
[0.239s][info][gc,phases,start] GC(6) Summary Phase
[0.239s][info][gc,phases      ] GC(6) Summary Phase 0.019ms
[0.239s][info][gc,phases,start] GC(6) Adjust Roots
[0.240s][info][gc,phases      ] GC(6) Adjust Roots 0.453ms
[0.240s][info][gc,phases,start] GC(6) Compaction Phase
[0.243s][info][gc,phases      ] GC(6) Compaction Phase 2.743ms
[0.243s][info][gc,phases,start] GC(6) Post Compact
[0.243s][info][gc,phases      ] GC(6) Post Compact 0.035ms
[0.243s][info][gc,heap        ] GC(6) PSYoungGen: 480K(2560K)->0K(4096K) Eden: 0K(2048K)->0K(3072K) From: 480K(512K)->0K(1024K)
[0.243s][info][gc,heap        ] GC(6) ParOldGen: 2093K(2560K)->2542K(6144K)
[0.243s][info][gc,metaspace   ] GC(6) Metaspace: 6300K(6464K)->6300K(6464K) NonClass: 5766K(5824K)->5766K(5824K) Class: 533K(640K)->533K(640K)
[0.243s][info][gc             ] GC(6) Pause Full (Ergonomics) 2M->2M(10M) 6.393ms
[0.243s][info][gc,cpu         ] GC(6) User=0.00s Sys=0.00s Real=0.01s
[0.248s][info][gc,start       ] GC(7) Pause Young (Allocation Failure)
[0.251s][info][gc,heap        ] GC(7) PSYoungGen: 3072K(4096K)->1664K(5120K) Eden: 3072K(3072K)->0K(3072K) From: 0K(1024K)->1664K(2048K)
[0.251s][info][gc,heap        ] GC(7) ParOldGen: 2542K(6144K)->2542K(6144K)
[0.251s][info][gc,metaspace   ] GC(7) Metaspace: 6300K(6464K)->6300K(6464K) NonClass: 5766K(5824K)->5766K(5824K) Class: 533K(640K)->533K(640K)
[0.251s][info][gc             ] GC(7) Pause Young (Allocation Failure) 5M->4M(11M) 3.214ms
[0.251s][info][gc,cpu         ] GC(7) User=0.00s Sys=0.00s Real=0.00s
[0.256s][info][gc,start       ] GC(8) Pause Young (Allocation Failure)
[0.261s][info][gc,heap        ] GC(8) PSYoungGen: 4736K(5120K)->2016K(5632K) Eden: 3072K(3072K)->0K(3584K) From: 1664K(2048K)->2016K(2048K)
[0.261s][info][gc,heap        ] GC(8) ParOldGen: 2542K(6144K)->3774K(6144K)
[0.261s][info][gc,metaspace   ] GC(8) Metaspace: 6300K(6464K)->6300K(6464K) NonClass: 5766K(5824K)->5766K(5824K) Class: 533K(640K)->533K(640K)
[0.261s][info][gc             ] GC(8) Pause Young (Allocation Failure) 7M->5M(11M) 5.021ms
[0.261s][info][gc,cpu         ] GC(8) User=0.00s Sys=0.00s Real=0.01s
[0.267s][info][gc,start       ] GC(9) Pause Young (Allocation Failure)
[0.274s][info][gc,heap        ] GC(9) PSYoungGen: 5600K(5632K)->3040K(6656K) Eden: 3584K(3584K)->0K(3584K) From: 2016K(2048K)->3040K(3072K)
[0.274s][info][gc,heap        ] GC(9) ParOldGen: 3774K(6144K)->4606K(6144K)
[0.274s][info][gc,metaspace   ] GC(9) Metaspace: 6300K(6464K)->6300K(6464K) NonClass: 5766K(5824K)->5766K(5824K) Class: 533K(640K)->533K(640K)
[0.274s][info][gc             ] GC(9) Pause Young (Allocation Failure) 9M->7M(12M) 6.752ms
[0.274s][info][gc,cpu         ] GC(9) User=0.00s Sys=0.02s Real=0.01s
[0.278s][info][gc,start       ] GC(10) Pause Young (Allocation Failure)
[0.285s][info][gc,heap        ] GC(10) PSYoungGen: 6624K(6656K)->4064K(9216K) Eden: 3584K(3584K)->0K(5120K) From: 3040K(3072K)->4064K(4096K)
[0.285s][info][gc,heap        ] GC(10) ParOldGen: 4606K(6144K)->5446K(6144K)
[0.285s][info][gc,metaspace   ] GC(10) Metaspace: 6300K(6464K)->6300K(6464K) NonClass: 5766K(5824K)->5766K(5824K) Class: 533K(640K)->533K(640K)
[0.285s][info][gc             ] GC(10) Pause Young (Allocation Failure) 10M->9M(15M) 6.926ms
[0.285s][info][gc,cpu         ] GC(10) User=0.00s Sys=0.00s Real=0.01s
[0.285s][info][gc,start       ] GC(11) Pause Full (Ergonomics)
[0.285s][info][gc,phases,start] GC(11) Marking Phase
[0.293s][info][gc,phases      ] GC(11) Marking Phase 7.841ms
[0.293s][info][gc,phases,start] GC(11) Summary Phase
[0.293s][info][gc,phases      ] GC(11) Summary Phase 0.018ms
[0.293s][info][gc,phases,start] GC(11) Adjust Roots
[0.293s][info][gc,phases      ] GC(11) Adjust Roots 0.504ms
[0.293s][info][gc,phases,start] GC(11) Compaction Phase
[0.301s][info][gc,phases      ] GC(11) Compaction Phase 7.459ms
[0.301s][info][gc,phases,start] GC(11) Post Compact
[0.301s][info][gc,phases      ] GC(11) Post Compact 0.053ms
[0.301s][info][gc,heap        ] GC(11) PSYoungGen: 4064K(9216K)->3545K(9216K) Eden: 0K(5120K)->0K(5120K) From: 4064K(4096K)->3545K(4096K)
[0.301s][info][gc,heap        ] GC(11) ParOldGen: 5446K(6144K)->5831K(10752K)
[0.301s][info][gc,metaspace   ] GC(11) Metaspace: 6300K(6464K)->6300K(6464K) NonClass: 5766K(5824K)->5766K(5824K) Class: 533K(640K)->533K(640K)
[0.301s][info][gc             ] GC(11) Pause Full (Ergonomics) 9M->9M(19M) 16.223ms
[0.301s][info][gc,cpu         ] GC(11) User=0.00s Sys=0.00s Real=0.02s
[0.309s][info][gc,start       ] GC(12) Pause Young (Allocation Failure)
[0.317s][info][gc,heap        ] GC(12) PSYoungGen: 8665K(9216K)->4928K(10240K) Eden: 5120K(5120K)->0K(5120K) From: 3545K(4096K)->4928K(5120K)
[0.317s][info][gc,heap        ] GC(12) ParOldGen: 5831K(10752K)->7111K(10752K)
[0.317s][info][gc,metaspace   ] GC(12) Metaspace: 6300K(6464K)->6300K(6464K) NonClass: 5766K(5824K)->5766K(5824K) Class: 533K(640K)->533K(640K)
[0.317s][info][gc             ] GC(12) Pause Young (Allocation Failure) 14M->11M(20M) 7.822ms
[0.317s][info][gc,cpu         ] GC(12) User=0.00s Sys=0.00s Real=0.01s
[0.322s][info][gc,start       ] GC(13) Pause Young (Allocation Failure)
[0.332s][info][gc,heap        ] GC(13) PSYoungGen: 10048K(10240K)->5536K(12800K) Eden: 5120K(5120K)->0K(6656K) From: 4928K(5120K)->5536K(6144K)
[0.332s][info][gc,heap        ] GC(13) ParOldGen: 7111K(10752K)->9175K(10752K)
[0.332s][info][gc,metaspace   ] GC(13) Metaspace: 6301K(6464K)->6301K(6464K) NonClass: 5768K(5824K)->5768K(5824K) Class: 533K(640K)->533K(640K)
[0.332s][info][gc             ] GC(13) Pause Young (Allocation Failure) 16M->14M(23M) 10.522ms
[0.332s][info][gc,cpu         ] GC(13) User=0.00s Sys=0.00s Real=0.01s
[0.332s][info][gc,start       ] GC(14) Pause Full (Ergonomics)
[0.332s][info][gc,phases,start] GC(14) Marking Phase
[0.345s][info][gc,phases      ] GC(14) Marking Phase 12.872ms
[0.345s][info][gc,phases,start] GC(14) Summary Phase
[0.345s][info][gc,phases      ] GC(14) Summary Phase 0.018ms
[0.345s][info][gc,phases,start] GC(14) Adjust Roots
[0.346s][info][gc,phases      ] GC(14) Adjust Roots 0.311ms
[0.346s][info][gc,phases,start] GC(14) Compaction Phase
[0.357s][info][gc,phases      ] GC(14) Compaction Phase 10.946ms
[0.357s][info][gc,phases,start] GC(14) Post Compact
[0.357s][info][gc,phases      ] GC(14) Post Compact 0.072ms
[0.357s][info][gc,heap        ] GC(14) PSYoungGen: 5536K(12800K)->3964K(12800K) Eden: 0K(6656K)->0K(6656K) From: 5536K(6144K)->3964K(6144K)
[0.357s][info][gc,heap        ] GC(14) ParOldGen: 9175K(10752K)->10654K(16896K)
[0.357s][info][gc,metaspace   ] GC(14) Metaspace: 6301K(6464K)->6301K(6464K) NonClass: 5768K(5824K)->5768K(5824K) Class: 533K(640K)->533K(640K)
[0.357s][info][gc             ] GC(14) Pause Full (Ergonomics) 14M->14M(29M) 24.621ms
[0.357s][info][gc,cpu         ] GC(14) User=0.02s Sys=0.00s Real=0.02s
[0.362s][info][gc,start       ] GC(15) Pause Young (Allocation Failure)
[0.373s][info][gc,heap        ] GC(15) PSYoungGen: 10620K(12800K)->3424K(13312K) Eden: 6656K(6656K)->0K(6656K) From: 3964K(6144K)->3424K(6656K)
[0.373s][info][gc,heap        ] GC(15) ParOldGen: 10654K(16896K)->14686K(16896K)
[0.373s][info][gc,metaspace   ] GC(15) Metaspace: 6301K(6464K)->6301K(6464K) NonClass: 5768K(5824K)->5768K(5824K) Class: 533K(640K)->533K(640K)
[0.373s][info][gc             ] GC(15) Pause Young (Allocation Failure) 20M->17M(29M) 10.595ms
[0.373s][info][gc,cpu         ] GC(15) User=0.00s Sys=0.00s Real=0.01s
[0.373s][info][gc,start       ] GC(16) Pause Full (Ergonomics)
[0.373s][info][gc,phases,start] GC(16) Marking Phase
[0.387s][info][gc,phases      ] GC(16) Marking Phase 13.991ms
[0.387s][info][gc,phases,start] GC(16) Summary Phase
[0.387s][info][gc,phases      ] GC(16) Summary Phase 0.018ms
[0.387s][info][gc,phases,start] GC(16) Adjust Roots
[0.387s][info][gc,phases      ] GC(16) Adjust Roots 0.261ms
[0.387s][info][gc,phases,start] GC(16) Compaction Phase
[0.397s][info][gc,phases      ] GC(16) Compaction Phase 9.478ms
[0.397s][info][gc,phases,start] GC(16) Post Compact
[0.397s][info][gc,phases      ] GC(16) Post Compact 0.107ms
[0.397s][info][gc,heap        ] GC(16) PSYoungGen: 3424K(13312K)->1366K(13312K) Eden: 0K(6656K)->0K(6656K) From: 3424K(6656K)->1366K(6656K)
[0.397s][info][gc,heap        ] GC(16) ParOldGen: 14686K(16896K)->16663K(25088K)
[0.397s][info][gc,metaspace   ] GC(16) Metaspace: 6301K(6464K)->6301K(6464K) NonClass: 5768K(5824K)->5768K(5824K) Class: 533K(640K)->533K(640K)
[0.397s][info][gc             ] GC(16) Pause Full (Ergonomics) 17M->17M(37M) 24.165ms
[0.397s][info][gc,cpu         ] GC(16) User=0.00s Sys=0.00s Real=0.02s
[0.403s][info][gc,start       ] GC(17) Pause Young (Allocation Failure)
[0.411s][info][gc,heap        ] GC(17) PSYoungGen: 8022K(13312K)->3456K(14848K) Eden: 6656K(6656K)->0K(8704K) From: 1366K(6656K)->3456K(6144K)
[0.411s][info][gc,heap        ] GC(17) ParOldGen: 16663K(25088K)->18055K(25088K)
[0.411s][info][gc,metaspace   ] GC(17) Metaspace: 6301K(6464K)->6301K(6464K) NonClass: 5768K(5824K)->5768K(5824K) Class: 533K(640K)->533K(640K)
[0.411s][info][gc             ] GC(17) Pause Young (Allocation Failure) 24M->21M(39M) 8.955ms
[0.411s][info][gc,cpu         ] GC(17) User=0.00s Sys=0.00s Real=0.01s
[0.421s][info][gc,start       ] GC(18) Pause Young (Allocation Failure)
[0.433s][info][gc,heap        ] GC(18) PSYoungGen: 12160K(14848K)->5024K(15360K) Eden: 8704K(8704K)->0K(8704K) From: 3456K(6144K)->5024K(6656K)
[0.433s][info][gc,heap        ] GC(18) ParOldGen: 18055K(25088K)->21543K(25088K)
[0.433s][info][gc,metaspace   ] GC(18) Metaspace: 6301K(6464K)->6301K(6464K) NonClass: 5768K(5824K)->5768K(5824K) Class: 533K(640K)->533K(640K)
[0.433s][info][gc             ] GC(18) Pause Young (Allocation Failure) 29M->25M(39M) 11.336ms
[0.433s][info][gc,cpu         ] GC(18) User=0.00s Sys=0.00s Real=0.01s
[0.433s][info][gc,start       ] GC(19) Pause Full (Ergonomics)
[0.433s][info][gc,phases,start] GC(19) Marking Phase
[0.456s][info][gc,phases      ] GC(19) Marking Phase 22.906ms
[0.456s][info][gc,phases,start] GC(19) Summary Phase
[0.456s][info][gc,phases      ] GC(19) Summary Phase 0.016ms
[0.456s][info][gc,phases,start] GC(19) Adjust Roots
[0.456s][info][gc,phases      ] GC(19) Adjust Roots 0.260ms
[0.456s][info][gc,phases,start] GC(19) Compaction Phase
[0.470s][info][gc,phases      ] GC(19) Compaction Phase 13.706ms
[0.470s][info][gc,phases,start] GC(19) Post Compact
[0.470s][info][gc,phases      ] GC(19) Post Compact 0.108ms
[0.470s][info][gc,heap        ] GC(19) PSYoungGen: 5024K(15360K)->900K(15360K) Eden: 0K(8704K)->0K(8704K) From: 5024K(6656K)->900K(6656K)
[0.470s][info][gc,heap        ] GC(19) ParOldGen: 21543K(25088K)->25041K(35840K)
[0.470s][info][gc,metaspace   ] GC(19) Metaspace: 6301K(6464K)->6301K(6464K) NonClass: 5768K(5824K)->5768K(5824K) Class: 533K(640K)->533K(640K)
[0.470s][info][gc             ] GC(19) Pause Full (Ergonomics) 25M->25M(50M) 37.343ms
[0.470s][info][gc,cpu         ] GC(19) User=0.00s Sys=0.02s Real=0.04s
[0.475s][info][gc,start       ] GC(20) Pause Young (Allocation Failure)
[0.487s][info][gc,heap        ] GC(20) PSYoungGen: 9604K(15360K)->4512K(18944K) Eden: 8704K(8704K)->0K(11776K) From: 900K(6656K)->4512K(7168K)
[0.487s][info][gc,heap        ] GC(20) ParOldGen: 25041K(35840K)->25961K(35840K)
[0.487s][info][gc,metaspace   ] GC(20) Metaspace: 6301K(6464K)->6301K(6464K) NonClass: 5768K(5824K)->5768K(5824K) Class: 533K(640K)->533K(640K)
[0.488s][info][gc             ] GC(20) Pause Young (Allocation Failure) 33M->29M(53M) 12.047ms
[0.488s][info][gc,cpu         ] GC(20) User=0.00s Sys=0.00s Real=0.01s
[0.496s][info][gc,start       ] GC(21) Pause Young (Allocation Failure)
[0.510s][info][gc,heap        ] GC(21) PSYoungGen: 16288K(18944K)->7168K(18944K) Eden: 11776K(11776K)->0K(11776K) From: 4512K(7168K)->7168K(7168K)
[0.510s][info][gc,heap        ] GC(21) ParOldGen: 25961K(35840K)->29449K(35840K)
[0.510s][info][gc,metaspace   ] GC(21) Metaspace: 6301K(6464K)->6301K(6464K) NonClass: 5768K(5824K)->5768K(5824K) Class: 533K(640K)->533K(640K)
[0.510s][info][gc             ] GC(21) Pause Young (Allocation Failure) 41M->35M(53M) 14.641ms
[0.510s][info][gc,cpu         ] GC(21) User=0.02s Sys=0.00s Real=0.02s
[0.524s][info][gc,start       ] GC(22) Pause Young (Allocation Failure)
[0.549s][info][gc,heap        ] GC(22) PSYoungGen: 18944K(18944K)->9696K(20480K) Eden: 11776K(11776K)->0K(10752K) From: 7168K(7168K)->9696K(9728K)
[0.549s][info][gc,heap        ] GC(22) ParOldGen: 29449K(35840K)->38633K(38912K)
[0.549s][info][gc,metaspace   ] GC(22) Metaspace: 6301K(6464K)->6301K(6464K) NonClass: 5768K(5824K)->5768K(5824K) Class: 533K(640K)->533K(640K)
[0.549s][info][gc             ] GC(22) Pause Young (Allocation Failure) 47M->47M(58M) 24.538ms
[0.549s][info][gc,cpu         ] GC(22) User=0.02s Sys=0.00s Real=0.02s
[0.549s][info][gc,start       ] GC(23) Pause Full (Ergonomics)
[0.549s][info][gc,phases,start] GC(23) Marking Phase
[0.583s][info][gc,phases      ] GC(23) Marking Phase 34.074ms
[0.583s][info][gc,phases,start] GC(23) Summary Phase
[0.583s][info][gc,phases      ] GC(23) Summary Phase 0.017ms
[0.583s][info][gc,phases,start] GC(23) Adjust Roots
[0.583s][info][gc,phases      ] GC(23) Adjust Roots 0.180ms
[0.583s][info][gc,phases,start] GC(23) Compaction Phase
[0.607s][info][gc,phases      ] GC(23) Compaction Phase 23.200ms
[0.607s][info][gc,phases,start] GC(23) Post Compact
[0.607s][info][gc,phases      ] GC(23) Post Compact 0.150ms
[0.607s][info][gc,heap        ] GC(23) PSYoungGen: 9696K(20480K)->9681K(20480K) Eden: 0K(10752K)->0K(10752K) From: 9696K(9728K)->9681K(9728K)
[0.607s][info][gc,heap        ] GC(23) ParOldGen: 38633K(38912K)->37389K(52224K)
[0.607s][info][gc,metaspace   ] GC(23) Metaspace: 6301K(6464K)->6301K(6464K) NonClass: 5768K(5824K)->5768K(5824K) Class: 533K(640K)->533K(640K)
[0.607s][info][gc             ] GC(23) Pause Full (Ergonomics) 47M->45M(71M) 57.948ms
[0.607s][info][gc,cpu         ] GC(23) User=0.05s Sys=0.00s Real=0.06s
[0.618s][info][gc,start       ] GC(24) Pause Young (Allocation Failure)
[0.644s][info][gc,heap        ] GC(24) PSYoungGen: 20433K(20480K)->10752K(25600K) Eden: 10752K(10752K)->0K(10752K) From: 9681K(9728K)->10752K(14848K)
[0.644s][info][gc,heap        ] GC(24) ParOldGen: 37389K(52224K)->47198K(52224K)
[0.644s][info][gc,metaspace   ] GC(24) Metaspace: 6301K(6464K)->6301K(6464K) NonClass: 5768K(5824K)->5768K(5824K) Class: 533K(640K)->533K(640K)
[0.644s][info][gc             ] GC(24) Pause Young (Allocation Failure) 56M->56M(76M) 25.761ms
[0.644s][info][gc,cpu         ] GC(24) User=0.02s Sys=0.00s Real=0.03s
[0.644s][info][gc,start       ] GC(25) Pause Full (Ergonomics)
[0.644s][info][gc,phases,start] GC(25) Marking Phase
[0.684s][info][gc,phases      ] GC(25) Marking Phase 40.077ms
[0.684s][info][gc,phases,start] GC(25) Summary Phase
[0.684s][info][gc,phases      ] GC(25) Summary Phase 0.019ms
[0.684s][info][gc,phases,start] GC(25) Adjust Roots
[0.684s][info][gc,phases      ] GC(25) Adjust Roots 0.184ms
[0.684s][info][gc,phases,start] GC(25) Compaction Phase
[0.711s][info][gc,phases      ] GC(25) Compaction Phase 26.829ms
[0.711s][info][gc,phases,start] GC(25) Post Compact
[0.711s][info][gc,phases      ] GC(25) Post Compact 0.209ms
[0.712s][info][gc,heap        ] GC(25) PSYoungGen: 10752K(25600K)->5610K(25600K) Eden: 0K(10752K)->0K(10752K) From: 10752K(14848K)->5610K(14848K)
[0.712s][info][gc,heap        ] GC(25) ParOldGen: 47198K(52224K)->52181K(70656K)
[0.712s][info][gc,metaspace   ] GC(25) Metaspace: 6301K(6464K)->6301K(6464K) NonClass: 5768K(5824K)->5768K(5824K) Class: 533K(640K)->533K(640K)
[0.712s][info][gc             ] GC(25) Pause Full (Ergonomics) 56M->56M(94M) 67.726ms
[0.712s][info][gc,cpu         ] GC(25) User=0.06s Sys=0.00s Real=0.07s
[0.724s][info][gc,start       ] GC(26) Pause Young (Allocation Failure)
[0.750s][info][gc,heap        ] GC(26) PSYoungGen: 16362K(25600K)->10752K(28672K) Eden: 10752K(10752K)->0K(12800K) From: 5610K(14848K)->10752K(15872K)
[0.750s][info][gc,heap        ] GC(26) ParOldGen: 52181K(70656K)->57885K(70656K)
[0.750s][info][gc,metaspace   ] GC(26) Metaspace: 6301K(6464K)->6301K(6464K) NonClass: 5768K(5824K)->5768K(5824K) Class: 533K(640K)->533K(640K)
[0.750s][info][gc             ] GC(26) Pause Young (Allocation Failure) 66M->67M(97M) 26.084ms
[0.750s][info][gc,cpu         ] GC(26) User=0.02s Sys=0.00s Real=0.03s
[0.762s][info][gc,start       ] GC(27) Pause Young (Allocation Failure)
[0.795s][info][gc,heap        ] GC(27) PSYoungGen: 23552K(28672K)->16384K(29184K) Eden: 12800K(12800K)->0K(12800K) From: 10752K(15872K)->16384K(16384K)
[0.795s][info][gc,heap        ] GC(27) ParOldGen: 57885K(70656K)->65133K(70656K)
[0.795s][info][gc,metaspace   ] GC(27) Metaspace: 6301K(6464K)->6301K(6464K) NonClass: 5768K(5824K)->5768K(5824K) Class: 533K(640K)->533K(640K)
[0.795s][info][gc             ] GC(27) Pause Young (Allocation Failure) 79M->79M(97M) 32.873ms
[0.795s][info][gc,cpu         ] GC(27) User=0.03s Sys=0.00s Real=0.03s
[0.795s][info][gc,start       ] GC(28) Pause Full (Ergonomics)
[0.795s][info][gc,phases,start] GC(28) Marking Phase
[0.854s][info][gc,phases      ] GC(28) Marking Phase 58.724ms
[0.854s][info][gc,phases,start] GC(28) Summary Phase
[0.854s][info][gc,phases      ] GC(28) Summary Phase 0.018ms
[0.854s][info][gc,phases,start] GC(28) Adjust Roots
[0.854s][info][gc,phases      ] GC(28) Adjust Roots 0.263ms
[0.854s][info][gc,phases,start] GC(28) Compaction Phase
[0.895s][info][gc,phases      ] GC(28) Compaction Phase 40.755ms
[0.895s][info][gc,phases,start] GC(28) Post Compact
[0.895s][info][gc,phases      ] GC(28) Post Compact 0.393ms
[0.896s][info][gc,heap        ] GC(28) PSYoungGen: 16384K(29184K)->10731K(29184K) Eden: 0K(12800K)->0K(12800K) From: 16384K(16384K)->10731K(16384K)
[0.896s][info][gc,heap        ] GC(28) ParOldGen: 65133K(70656K)->70544K(91648K)
[0.896s][info][gc,metaspace   ] GC(28) Metaspace: 6301K(6464K)->6301K(6464K) NonClass: 5768K(5824K)->5768K(5824K) Class: 533K(640K)->533K(640K)
[0.896s][info][gc             ] GC(28) Pause Full (Ergonomics) 79M->79M(118M) 100.612ms
[0.896s][info][gc,cpu         ] GC(28) User=0.08s Sys=0.00s Real=0.10s
[0.916s][info][gc,start       ] GC(29) Pause Young (Allocation Failure)
[0.951s][info][gc,heap        ] GC(29) PSYoungGen: 23531K(29184K)->12800K(36864K) Eden: 12800K(12800K)->0K(14848K) From: 10731K(16384K)->12800K(22016K)
[0.951s][info][gc,heap        ] GC(29) ParOldGen: 70544K(91648K)->81448K(91648K)
[0.951s][info][gc,metaspace   ] GC(29) Metaspace: 6301K(6464K)->6301K(6464K) NonClass: 5768K(5824K)->5768K(5824K) Class: 533K(640K)->533K(640K)
[0.951s][info][gc             ] GC(29) Pause Young (Allocation Failure) 91M->92M(125M) 34.863ms
[0.951s][info][gc,cpu         ] GC(29) User=0.03s Sys=0.00s Real=0.03s
[0.951s][info][gc,start       ] GC(30) Pause Full (Ergonomics)
[0.951s][info][gc,phases,start] GC(30) Marking Phase
[1.020s][info][gc,phases      ] GC(30) Marking Phase 68.722ms
[1.020s][info][gc,phases,start] GC(30) Summary Phase
[1.020s][info][gc,phases      ] GC(30) Summary Phase 0.021ms
[1.020s][info][gc,phases,start] GC(30) Adjust Roots
[1.020s][info][gc,phases      ] GC(30) Adjust Roots 0.211ms
[1.020s][info][gc,phases,start] GC(30) Compaction Phase
[1.066s][info][gc,phases      ] GC(30) Compaction Phase 46.154ms
[1.066s][info][gc,phases,start] GC(30) Post Compact
[1.067s][info][gc,phases      ] GC(30) Post Compact 0.390ms
[1.067s][info][gc,heap        ] GC(30) PSYoungGen: 12800K(36864K)->508K(36864K) Eden: 0K(14848K)->0K(14848K) From: 12800K(22016K)->508K(22016K)
[1.067s][info][gc,heap        ] GC(30) ParOldGen: 81448K(91648K)->91500K(116736K)
[1.067s][info][gc,metaspace   ] GC(30) Metaspace: 6301K(6464K)->6301K(6464K) NonClass: 5768K(5824K)->5768K(5824K) Class: 533K(640K)->533K(640K)
[1.067s][info][gc             ] GC(30) Pause Full (Ergonomics) 92M->89M(150M) 115.965ms
[1.067s][info][gc,cpu         ] GC(30) User=0.11s Sys=0.00s Real=0.12s
[1.081s][info][gc,start       ] GC(31) Pause Young (Allocation Failure)
[1.111s][info][gc,heap        ] GC(31) PSYoungGen: 15356K(36864K)->15360K(37376K) Eden: 14848K(14848K)->0K(14848K) From: 508K(22016K)->15360K(22528K)
[1.111s][info][gc,heap        ] GC(31) ParOldGen: 91500K(116736K)->91500K(116736K)
[1.111s][info][gc,metaspace   ] GC(31) Metaspace: 6301K(6464K)->6301K(6464K) NonClass: 5768K(5824K)->5768K(5824K) Class: 533K(640K)->533K(640K)
[1.111s][info][gc             ] GC(31) Pause Young (Allocation Failure) 104M->104M(150M) 30.165ms
[1.111s][info][gc,cpu         ] GC(31) User=0.02s Sys=0.00s Real=0.03s
[1.125s][info][gc,start       ] GC(32) Pause Young (Allocation Failure)
[1.158s][info][gc,heap        ] GC(32) PSYoungGen: 30208K(37376K)->23552K(34816K) Eden: 14848K(14848K)->0K(11264K) From: 15360K(22528K)->23552K(23552K)
[1.158s][info][gc,heap        ] GC(32) ParOldGen: 91500K(116736K)->98244K(116736K)
[1.159s][info][gc,metaspace   ] GC(32) Metaspace: 6301K(6464K)->6301K(6464K) NonClass: 5768K(5824K)->5768K(5824K) Class: 533K(640K)->533K(640K)
[1.159s][info][gc             ] GC(32) Pause Young (Allocation Failure) 118M->118M(148M) 33.561ms
[1.159s][info][gc,cpu         ] GC(32) User=0.03s Sys=0.00s Real=0.03s
[1.170s][info][gc,start       ] GC(33) Pause Young (Allocation Failure)
[1.203s][info][gc,heap        ] GC(33) PSYoungGen: 34816K(34816K)->24800K(40960K) Eden: 11264K(11264K)->0K(11264K) From: 23552K(23552K)->24800K(29696K)
[1.203s][info][gc,heap        ] GC(33) ParOldGen: 98244K(116736K)->108412K(116736K)
[1.203s][info][gc,metaspace   ] GC(33) Metaspace: 6301K(6464K)->6301K(6464K) NonClass: 5768K(5824K)->5768K(5824K) Class: 533K(640K)->533K(640K)
[1.203s][info][gc             ] GC(33) Pause Young (Allocation Failure) 129M->130M(154M) 32.846ms
[1.203s][info][gc,cpu         ] GC(33) User=0.03s Sys=0.00s Real=0.03s
[1.203s][info][gc,start       ] GC(34) Pause Full (Ergonomics)
[1.203s][info][gc,phases,start] GC(34) Marking Phase
[1.299s][info][gc,phases      ] GC(34) Marking Phase 96.085ms
[1.299s][info][gc,phases,start] GC(34) Summary Phase
[1.299s][info][gc,phases      ] GC(34) Summary Phase 0.021ms
[1.299s][info][gc,phases,start] GC(34) Adjust Roots
[1.300s][info][gc,phases      ] GC(34) Adjust Roots 0.285ms
[1.300s][info][gc,phases,start] GC(34) Compaction Phase
[1.358s][info][gc,phases      ] GC(34) Compaction Phase 57.893ms
[1.358s][info][gc,phases,start] GC(34) Post Compact
[1.358s][info][gc,phases      ] GC(34) Post Compact 0.747ms
[1.359s][info][gc,heap        ] GC(34) PSYoungGen: 24800K(40960K)->16551K(40960K) Eden: 0K(11264K)->0K(11264K) From: 24800K(29696K)->16551K(29696K)
[1.359s][info][gc,heap        ] GC(34) ParOldGen: 108412K(116736K)->116317K(144896K)
[1.359s][info][gc,metaspace   ] GC(34) Metaspace: 6301K(6464K)->6301K(6464K) NonClass: 5768K(5824K)->5768K(5824K) Class: 533K(640K)->533K(640K)
[1.359s][info][gc             ] GC(34) Pause Full (Ergonomics) 130M->129M(181M) 155.645ms
[1.359s][info][gc,cpu         ] GC(34) User=0.12s Sys=0.00s Real=0.16s
[1.370s][info][gc,start       ] GC(35) Pause Young (Allocation Failure)
[1.411s][info][gc,heap        ] GC(35) PSYoungGen: 27815K(40960K)->19072K(45568K) Eden: 11264K(11264K)->0K(12800K) From: 16551K(29696K)->19072K(32768K)
[1.411s][info][gc,heap        ] GC(35) ParOldGen: 116317K(144896K)->125221K(144896K)
[1.411s][info][gc,metaspace   ] GC(35) Metaspace: 6301K(6464K)->6301K(6464K) NonClass: 5768K(5824K)->5768K(5824K) Class: 533K(640K)->533K(640K)
[1.411s][info][gc             ] GC(35) Pause Young (Allocation Failure) 140M->140M(186M) 41.618ms
[1.411s][info][gc,cpu         ] GC(35) User=0.03s Sys=0.00s Real=0.04s
[1.425s][info][gc,start       ] GC(36) Pause Young (Allocation Failure)
[1.457s][info][gc,heap        ] GC(36) PSYoungGen: 31872K(45568K)->31872K(46080K) Eden: 12800K(12800K)->0K(12800K) From: 19072K(32768K)->31872K(33280K)
[1.457s][info][gc,heap        ] GC(36) ParOldGen: 125221K(144896K)->125221K(144896K)
[1.457s][info][gc,metaspace   ] GC(36) Metaspace: 6301K(6464K)->6301K(6464K) NonClass: 5768K(5824K)->5768K(5824K) Class: 533K(640K)->533K(640K)
[1.457s][info][gc             ] GC(36) Pause Young (Allocation Failure) 153M->153M(186M) 32.344ms
[1.457s][info][gc,cpu         ] GC(36) User=0.03s Sys=0.00s Real=0.03s
[1.469s][info][gc,start       ] GC(37) Pause Young (Allocation Failure)
[1.530s][info][gc,heap        ] GC(37) PSYoungGen: 44672K(46080K)->36864K(48128K) Eden: 12800K(12800K)->0K(9728K) From: 31872K(33280K)->36864K(38400K)
[1.530s][info][gc,heap        ] GC(37) ParOldGen: 125221K(144896K)->133141K(144896K)
[1.530s][info][gc,metaspace   ] GC(37) Metaspace: 6301K(6464K)->6301K(6464K) NonClass: 5768K(5824K)->5768K(5824K) Class: 533K(640K)->533K(640K)
[1.530s][info][gc             ] GC(37) Pause Young (Allocation Failure) 165M->166M(188M) 61.828ms
[1.530s][info][gc,cpu         ] GC(37) User=0.03s Sys=0.02s Real=0.06s
[1.531s][info][gc,start       ] GC(38) Pause Full (Ergonomics)
[1.531s][info][gc,phases,start] GC(38) Marking Phase
[1.650s][info][gc,phases      ] GC(38) Marking Phase 119.816ms
[1.650s][info][gc,phases,start] GC(38) Summary Phase
[1.650s][info][gc,phases      ] GC(38) Summary Phase 0.022ms
[1.650s][info][gc,phases,start] GC(38) Adjust Roots
[1.651s][info][gc,phases      ] GC(38) Adjust Roots 0.233ms
[1.651s][info][gc,phases,start] GC(38) Compaction Phase
[1.723s][info][gc,phases      ] GC(38) Compaction Phase 72.188ms
[1.723s][info][gc,phases,start] GC(38) Post Compact
[1.724s][info][gc,phases      ] GC(38) Post Compact 0.835ms
[1.724s][info][gc,heap        ] GC(38) PSYoungGen: 36864K(48128K)->25014K(48128K) Eden: 0K(9728K)->0K(9728K) From: 36864K(38400K)->25014K(38400K)
[1.724s][info][gc,heap        ] GC(38) ParOldGen: 133141K(144896K)->144622K(175616K)
[1.724s][info][gc,metaspace   ] GC(38) Metaspace: 6301K(6464K)->6301K(6464K) NonClass: 5768K(5824K)->5768K(5824K) Class: 533K(640K)->533K(640K)
[1.724s][info][gc             ] GC(38) Pause Full (Ergonomics) 166M->165M(218M) 193.636ms
[1.724s][info][gc,cpu         ] GC(38) User=0.17s Sys=0.00s Real=0.19s
[1.759s][info][gc,start       ] GC(39) Pause Young (Allocation Failure)
[1.812s][info][gc,heap        ] GC(39) PSYoungGen: 34742K(48128K)->28000K(53760K) Eden: 9728K(9728K)->0K(9728K) From: 25014K(38400K)->28000K(44032K)
[1.812s][info][gc,heap        ] GC(39) ParOldGen: 152814K(175616K)->159718K(175616K)
[1.812s][info][gc,metaspace   ] GC(39) Metaspace: 6301K(6464K)->6301K(6464K) NonClass: 5768K(5824K)->5768K(5824K) Class: 533K(640K)->533K(640K)
[1.812s][info][gc             ] GC(39) Pause Young (Allocation Failure) 183M->183M(224M) 53.295ms
[1.812s][info][gc,cpu         ] GC(39) User=0.05s Sys=0.00s Real=0.05s
[1.823s][info][gc,start       ] GC(40) Pause Young (Allocation Failure)
[1.857s][info][gc,heap        ] GC(40) PSYoungGen: 37728K(53760K)->28992K(54784K) Eden: 9728K(9728K)->0K(9728K) From: 28000K(44032K)->28992K(45056K)
[1.857s][info][gc,heap        ] GC(40) ParOldGen: 159718K(175616K)->168566K(175616K)
[1.857s][info][gc,metaspace   ] GC(40) Metaspace: 6301K(6464K)->6301K(6464K) NonClass: 5768K(5824K)->5768K(5824K) Class: 533K(640K)->533K(640K)
[1.857s][info][gc             ] GC(40) Pause Young (Allocation Failure) 192M->192M(225M) 34.620ms
[1.857s][info][gc,cpu         ] GC(40) User=0.03s Sys=0.00s Real=0.03s
[1.857s][info][gc,start       ] GC(41) Pause Full (Ergonomics)
[1.857s][info][gc,phases,start] GC(41) Marking Phase
[2.007s][info][gc,phases      ] GC(41) Marking Phase 149.723ms
[2.007s][info][gc,phases,start] GC(41) Summary Phase
[2.007s][info][gc,phases      ] GC(41) Summary Phase 0.019ms
[2.007s][info][gc,phases,start] GC(41) Adjust Roots
[2.007s][info][gc,phases      ] GC(41) Adjust Roots 0.184ms
[2.007s][info][gc,phases,start] GC(41) Compaction Phase
[2.094s][info][gc,phases      ] GC(41) Compaction Phase 87.085ms
[2.095s][info][gc,phases,start] GC(41) Post Compact
[2.096s][info][gc,phases      ] GC(41) Post Compact 1.011ms
[2.096s][info][gc,heap        ] GC(41) PSYoungGen: 28992K(54784K)->17664K(54784K) Eden: 0K(9728K)->0K(9728K) From: 28992K(45056K)->17664K(45056K)
[2.096s][info][gc,heap        ] GC(41) ParOldGen: 168566K(175616K)->175462K(208896K)
[2.096s][info][gc,metaspace   ] GC(41) Metaspace: 6301K(6464K)->6301K(6464K) NonClass: 5768K(5824K)->5768K(5824K) Class: 533K(640K)->533K(640K)
[2.096s][info][gc             ] GC(41) Pause Full (Ergonomics) 192M->188M(257M) 238.601ms
[2.096s][info][gc,cpu         ] GC(41) User=0.17s Sys=0.00s Real=0.24s
[2.105s][info][gc,start       ] GC(42) Pause Young (Allocation Failure)
[2.168s][info][gc,heap        ] GC(42) PSYoungGen: 27392K(54784K)->20608K(30720K) Eden: 9728K(9728K)->0K(9728K) From: 17664K(45056K)->20608K(20992K)
[2.168s][info][gc,heap        ] GC(42) ParOldGen: 175462K(208896K)->182398K(208896K)
[2.168s][info][gc,metaspace   ] GC(42) Metaspace: 6301K(6464K)->6301K(6464K) NonClass: 5768K(5824K)->5768K(5824K) Class: 533K(640K)->533K(640K)
[2.168s][info][gc             ] GC(42) Pause Young (Allocation Failure) 198M->198M(234M) 62.823ms
[2.168s][info][gc,cpu         ] GC(42) User=0.05s Sys=0.00s Real=0.06s
[2.178s][info][gc,start       ] GC(43) Pause Young (Allocation Failure)
[2.207s][info][gc,heap        ] GC(43) PSYoungGen: 30336K(30720K)->30304K(53760K) Eden: 9728K(9728K)->0K(9728K) From: 20608K(20992K)->30304K(44032K)
[2.207s][info][gc,heap        ] GC(43) ParOldGen: 182398K(208896K)->182398K(208896K)
[2.207s][info][gc,metaspace   ] GC(43) Metaspace: 6301K(6464K)->6301K(6464K) NonClass: 5768K(5824K)->5768K(5824K) Class: 533K(640K)->533K(640K)
[2.207s][info][gc             ] GC(43) Pause Young (Allocation Failure) 207M->207M(256M) 29.270ms
[2.207s][info][gc,cpu         ] GC(43) User=0.02s Sys=0.00s Real=0.03s
[2.217s][info][gc,start       ] GC(44) Pause Young (Allocation Failure)
[2.254s][info][gc,heap        ] GC(44) PSYoungGen: 40032K(53760K)->35168K(55296K) Eden: 9728K(9728K)->0K(9728K) From: 30304K(44032K)->35168K(45568K)
[2.254s][info][gc,heap        ] GC(44) ParOldGen: 182398K(208896K)->187326K(208896K)
[2.254s][info][gc,metaspace   ] GC(44) Metaspace: 6301K(6464K)->6301K(6464K) NonClass: 5768K(5824K)->5768K(5824K) Class: 533K(640K)->533K(640K)
[2.254s][info][gc             ] GC(44) Pause Young (Allocation Failure) 217M->217M(258M) 36.805ms
[2.254s][info][gc,cpu         ] GC(44) User=0.03s Sys=0.00s Real=0.04s
[2.266s][info][gc,start       ] GC(45) Pause Young (Allocation Failure)
[2.313s][info][gc,heap        ] GC(45) PSYoungGen: 44896K(55296K)->38880K(56832K) Eden: 9728K(9728K)->0K(8192K) From: 35168K(45568K)->38880K(48640K)
[2.313s][info][gc,heap        ] GC(45) ParOldGen: 187326K(208896K)->193414K(208896K)
[2.313s][info][gc,metaspace   ] GC(45) Metaspace: 6301K(6464K)->6301K(6464K) NonClass: 5768K(5824K)->5768K(5824K) Class: 533K(640K)->533K(640K)
[2.313s][info][gc             ] GC(45) Pause Young (Allocation Failure) 226M->226M(259M) 47.288ms
[2.313s][info][gc,cpu         ] GC(45) User=0.03s Sys=0.00s Real=0.05s
[2.323s][info][gc,start       ] GC(46) Pause Young (Allocation Failure)
[2.378s][info][gc,heap        ] GC(46) PSYoungGen: 47072K(56832K)->27616K(60416K) Eden: 8192K(8192K)->0K(8192K) From: 38880K(48640K)->27616K(52224K)
[2.378s][info][gc,heap        ] GC(46) ParOldGen: 193414K(208896K)->213118K(213504K)
[2.378s][info][gc,metaspace   ] GC(46) Metaspace: 6301K(6464K)->6301K(6464K) NonClass: 5768K(5824K)->5768K(5824K) Class: 533K(640K)->533K(640K)
[2.378s][info][gc             ] GC(46) Pause Young (Allocation Failure) 234M->235M(267M) 54.850ms
[2.378s][info][gc,cpu         ] GC(46) User=0.05s Sys=0.00s Real=0.05s
[2.378s][info][gc,start       ] GC(47) Pause Full (Ergonomics)
[2.378s][info][gc,phases,start] GC(47) Marking Phase
[2.558s][info][gc,phases      ] GC(47) Marking Phase 179.432ms
[2.558s][info][gc,phases,start] GC(47) Summary Phase
[2.558s][info][gc,phases      ] GC(47) Summary Phase 0.022ms
[2.558s][info][gc,phases,start] GC(47) Adjust Roots
[2.558s][info][gc,phases      ] GC(47) Adjust Roots 0.190ms
[2.558s][info][gc,phases,start] GC(47) Compaction Phase
[2.656s][info][gc,phases      ] GC(47) Compaction Phase 98.558ms
[2.657s][info][gc,phases,start] GC(47) Post Compact
[2.658s][info][gc,phases      ] GC(47) Post Compact 1.204ms
[2.658s][info][gc,heap        ] GC(47) PSYoungGen: 27616K(60416K)->27047K(60416K) Eden: 0K(8192K)->0K(8192K) From: 27616K(52224K)->27047K(52224K)
[2.658s][info][gc,heap        ] GC(47) ParOldGen: 213118K(213504K)->213032K(251392K)
[2.658s][info][gc,metaspace   ] GC(47) Metaspace: 6301K(6464K)->6301K(6464K) NonClass: 5768K(5824K)->5768K(5824K) Class: 533K(640K)->533K(640K)
[2.658s][info][gc             ] GC(47) Pause Full (Ergonomics) 235M->234M(304M) 280.028ms
[2.658s][info][gc,cpu         ] GC(47) User=0.28s Sys=0.00s Real=0.28s
[2.669s][info][gc,start       ] GC(48) Pause Young (Allocation Failure)
[2.737s][info][gc,heap        ] GC(48) PSYoungGen: 35239K(60416K)->16224K(58368K) Eden: 8192K(8192K)->0K(9728K) From: 27047K(52224K)->16224K(48640K)
[2.737s][info][gc,heap        ] GC(48) ParOldGen: 213032K(251392K)->232384K(251392K)
[2.737s][info][gc,metaspace   ] GC(48) Metaspace: 6301K(6464K)->6301K(6464K) NonClass: 5768K(5824K)->5768K(5824K) Class: 533K(640K)->533K(640K)
[2.737s][info][gc             ] GC(48) Pause Young (Allocation Failure) 242M->242M(302M) 68.726ms
[2.737s][info][gc,cpu         ] GC(48) User=0.05s Sys=0.02s Real=0.07s
[2.737s][info][gc,start       ] GC(49) Pause Full (Ergonomics)
[2.737s][info][gc,phases,start] GC(49) Marking Phase
[2.920s][info][gc,phases      ] GC(49) Marking Phase 182.595ms
[2.920s][info][gc,phases,start] GC(49) Summary Phase
[2.920s][info][gc,phases      ] GC(49) Summary Phase 0.025ms
[2.920s][info][gc,phases,start] GC(49) Adjust Roots
[2.920s][info][gc,phases      ] GC(49) Adjust Roots 0.199ms
[2.920s][info][gc,phases,start] GC(49) Compaction Phase
[3.008s][info][gc,phases      ] GC(49) Compaction Phase 87.600ms
[3.008s][info][gc,phases,start] GC(49) Post Compact
[3.009s][info][gc,phases      ] GC(49) Post Compact 1.134ms
[3.009s][info][gc,heap        ] GC(49) PSYoungGen: 16224K(58368K)->0K(59392K) Eden: 0K(9728K)->0K(9728K) From: 16224K(48640K)->0K(49664K)
[3.009s][info][gc,heap        ] GC(49) ParOldGen: 232384K(251392K)->248243K(293376K)
[3.009s][info][gc,metaspace   ] GC(49) Metaspace: 6301K(6464K)->6301K(6464K) NonClass: 5768K(5824K)->5768K(5824K) Class: 533K(640K)->533K(640K)
[3.010s][info][gc             ] GC(49) Pause Full (Ergonomics) 242M->242M(344M) 272.114ms
[3.010s][info][gc,cpu         ] GC(49) User=0.25s Sys=0.02s Real=0.27s
[3.021s][info][gc,start       ] GC(50) Pause Young (Allocation Failure)
[3.035s][info][gc,heap        ] GC(50) PSYoungGen: 9728K(59392K)->9728K(59904K) Eden: 9728K(9728K)->0K(11264K) From: 0K(49664K)->9728K(48640K)
[3.035s][info][gc,heap        ] GC(50) ParOldGen: 248243K(293376K)->248243K(293376K)
[3.035s][info][gc,metaspace   ] GC(50) Metaspace: 6301K(6464K)->6301K(6464K) NonClass: 5768K(5824K)->5768K(5824K) Class: 533K(640K)->533K(640K)
[3.035s][info][gc             ] GC(50) Pause Young (Allocation Failure) 251M->251M(345M) 13.881ms
[3.035s][info][gc,cpu         ] GC(50) User=0.00s Sys=0.00s Real=0.01s
[3.048s][info][gc,start       ] GC(51) Pause Young (Allocation Failure)
[3.072s][info][gc,heap        ] GC(51) PSYoungGen: 20992K(59904K)->20992K(32256K) Eden: 11264K(11264K)->0K(11264K) From: 9728K(48640K)->20992K(20992K)
[3.072s][info][gc,heap        ] GC(51) ParOldGen: 248243K(293376K)->248243K(293376K)
[3.072s][info][gc,metaspace   ] GC(51) Metaspace: 6301K(6464K)->6301K(6464K) NonClass: 5768K(5824K)->5768K(5824K) Class: 533K(640K)->533K(640K)
[3.072s][info][gc             ] GC(51) Pause Young (Allocation Failure) 262M->262M(318M) 23.914ms
[3.072s][info][gc,cpu         ] GC(51) User=0.02s Sys=0.00s Real=0.02s
[3.084s][info][gc,start       ] GC(52) Pause Young (Allocation Failure)
[3.117s][info][gc,heap        ] GC(52) PSYoungGen: 32256K(32256K)->32256K(57856K) Eden: 11264K(11264K)->0K(11264K) From: 20992K(20992K)->32256K(46592K)
[3.117s][info][gc,heap        ] GC(52) ParOldGen: 248243K(293376K)->248243K(293376K)
[3.117s][info][gc,metaspace   ] GC(52) Metaspace: 6301K(6464K)->6301K(6464K) NonClass: 5768K(5824K)->5768K(5824K) Class: 533K(640K)->533K(640K)
[3.117s][info][gc             ] GC(52) Pause Young (Allocation Failure) 273M->273M(343M) 33.570ms
[3.117s][info][gc,cpu         ] GC(52) User=0.03s Sys=0.00s Real=0.03s
[3.131s][info][gc,start       ] GC(53) Pause Young (Allocation Failure)
[3.172s][info][gc,heap        ] GC(53) PSYoungGen: 43520K(57856K)->43488K(59392K) Eden: 11264K(11264K)->0K(11264K) From: 32256K(46592K)->43488K(48128K)
[3.172s][info][gc,heap        ] GC(53) ParOldGen: 248243K(293376K)->248243K(293376K)
[3.172s][info][gc,metaspace   ] GC(53) Metaspace: 6301K(6464K)->6301K(6464K) NonClass: 5768K(5824K)->5768K(5824K) Class: 533K(640K)->533K(640K)
[3.172s][info][gc             ] GC(53) Pause Young (Allocation Failure) 284M->284M(344M) 41.240ms
[3.172s][info][gc,cpu         ] GC(53) User=0.03s Sys=0.00s Real=0.04s
[3.185s][info][gc,start       ] GC(54) Pause Young (Allocation Failure)
[3.241s][info][gc,heap        ] GC(54) PSYoungGen: 54752K(59392K)->45056K(61952K) Eden: 11264K(11264K)->0K(8704K) From: 43488K(48128K)->45056K(53248K)
[3.241s][info][gc,heap        ] GC(54) ParOldGen: 248243K(293376K)->258099K(293376K)
[3.241s][info][gc,metaspace   ] GC(54) Metaspace: 6301K(6464K)->6301K(6464K) NonClass: 5768K(5824K)->5768K(5824K) Class: 533K(640K)->533K(640K)
[3.241s][info][gc             ] GC(54) Pause Young (Allocation Failure) 295M->296M(347M) 55.738ms
[3.241s][info][gc,cpu         ] GC(54) User=0.05s Sys=0.00s Real=0.06s
[3.252s][info][gc,start       ] GC(55) Pause Young (Allocation Failure)
[3.303s][info][gc,heap        ] GC(55) PSYoungGen: 53760K(61952K)->42464K(66560K) Eden: 8704K(8704K)->0K(8704K) From: 45056K(53248K)->42464K(57856K)
[3.303s][info][gc,heap        ] GC(55) ParOldGen: 258099K(293376K)->269515K(293376K)
[3.303s][info][gc,metaspace   ] GC(55) Metaspace: 6301K(6464K)->6301K(6464K) NonClass: 5768K(5824K)->5768K(5824K) Class: 533K(640K)->533K(640K)
[3.303s][info][gc             ] GC(55) Pause Young (Allocation Failure) 304M->304M(351M) 51.085ms
[3.303s][info][gc,cpu         ] GC(55) User=0.05s Sys=0.00s Real=0.05s
[3.314s][info][gc,start       ] GC(56) Pause Young (Allocation Failure)
[3.375s][info][gc,heap        ] GC(56) PSYoungGen: 51168K(66560K)->28640K(64512K) Eden: 8704K(8704K)->0K(10240K) From: 42464K(57856K)->28640K(54272K)
[3.375s][info][gc,heap        ] GC(56) ParOldGen: 269515K(293376K)->292347K(293376K)
[3.375s][info][gc,metaspace   ] GC(56) Metaspace: 6301K(6464K)->6301K(6464K) NonClass: 5768K(5824K)->5768K(5824K) Class: 533K(640K)->533K(640K)
[3.375s][info][gc             ] GC(56) Pause Young (Allocation Failure) 313M->313M(349M) 61.059ms
[3.375s][info][gc,cpu         ] GC(56) User=0.06s Sys=0.00s Real=0.06s
[3.375s][info][gc,start       ] GC(57) Pause Full (Ergonomics)
[3.375s][info][gc,phases,start] GC(57) Marking Phase
[3.609s][info][gc,phases      ] GC(57) Marking Phase 234.037ms
[3.609s][info][gc,phases,start] GC(57) Summary Phase
[3.609s][info][gc,phases      ] GC(57) Summary Phase 0.022ms
[3.609s][info][gc,phases,start] GC(57) Adjust Roots
[3.610s][info][gc,phases      ] GC(57) Adjust Roots 0.184ms
[3.610s][info][gc,phases,start] GC(57) Compaction Phase
[3.726s][info][gc,phases      ] GC(57) Compaction Phase 115.921ms
[3.726s][info][gc,phases,start] GC(57) Post Compact
[3.727s][info][gc,phases      ] GC(57) Post Compact 1.724ms
[3.728s][info][gc,heap        ] GC(57) PSYoungGen: 28640K(64512K)->27050K(66560K) Eden: 0K(10240K)->0K(12288K) From: 28640K(54272K)->27050K(54272K)
[3.728s][info][gc,heap        ] GC(57) ParOldGen: 292347K(293376K)->293179K(345088K)
[3.728s][info][gc,metaspace   ] GC(57) Metaspace: 6301K(6464K)->6301K(6464K) NonClass: 5768K(5824K)->5768K(5824K) Class: 533K(640K)->533K(640K)
[3.728s][info][gc             ] GC(57) Pause Full (Ergonomics) 313M->312M(402M) 352.481ms
[3.728s][info][gc,cpu         ] GC(57) User=0.34s Sys=0.00s Real=0.35s
[3.741s][info][gc,start       ] GC(58) Pause Young (Allocation Failure)
[3.826s][info][gc,heap        ] GC(58) PSYoungGen: 39338K(66560K)->20576K(69632K) Eden: 12288K(12288K)->0K(12288K) From: 27050K(54272K)->20576K(57344K)
[3.826s][info][gc,heap        ] GC(58) ParOldGen: 293179K(345088K)->312275K(345088K)
[3.826s][info][gc,metaspace   ] GC(58) Metaspace: 6301K(6464K)->6301K(6464K) NonClass: 5768K(5824K)->5768K(5824K) Class: 533K(640K)->533K(640K)
[3.826s][info][gc             ] GC(58) Pause Young (Allocation Failure) 324M->325M(405M) 85.168ms
[3.826s][info][gc,cpu         ] GC(58) User=0.08s Sys=0.00s Real=0.09s
[3.841s][info][gc,start       ] GC(59) Pause Young (Allocation Failure)
[3.882s][info][gc,heap        ] GC(59) PSYoungGen: 32864K(69632K)->24576K(66048K) Eden: 12288K(12288K)->0K(14336K) From: 20576K(57344K)->24576K(51712K)
[3.883s][info][gc,heap        ] GC(59) ParOldGen: 312275K(345088K)->320667K(345088K)
[3.883s][info][gc,metaspace   ] GC(59) Metaspace: 6301K(6464K)->6301K(6464K) NonClass: 5768K(5824K)->5768K(5824K) Class: 533K(640K)->533K(640K)
[3.883s][info][gc             ] GC(59) Pause Young (Allocation Failure) 337M->337M(401M) 41.918ms
[3.883s][info][gc,cpu         ] GC(59) User=0.03s Sys=0.00s Real=0.04s
[3.883s][info][gc,start       ] GC(60) Pause Full (Ergonomics)
[3.883s][info][gc,phases,start] GC(60) Marking Phase
[4.133s][info][gc,phases      ] GC(60) Marking Phase 249.891ms
[4.133s][info][gc,phases,start] GC(60) Summary Phase
[4.133s][info][gc,phases      ] GC(60) Summary Phase 0.021ms
[4.133s][info][gc,phases,start] GC(60) Adjust Roots
[4.133s][info][gc,phases      ] GC(60) Adjust Roots 0.310ms
[4.133s][info][gc,phases,start] GC(60) Compaction Phase
[4.254s][info][gc,phases      ] GC(60) Compaction Phase 121.032ms
[4.254s][info][gc,phases,start] GC(60) Post Compact
[4.256s][info][gc,phases      ] GC(60) Post Compact 1.806ms
[4.256s][info][gc,heap        ] GC(60) PSYoungGen: 24576K(66048K)->0K(68096K) Eden: 0K(14336K)->0K(14336K) From: 24576K(51712K)->0K(53760K)
[4.256s][info][gc,heap        ] GC(60) ParOldGen: 320667K(345088K)->344742K(400896K)
[4.257s][info][gc,metaspace   ] GC(60) Metaspace: 6301K(6464K)->6301K(6464K) NonClass: 5768K(5824K)->5768K(5824K) Class: 533K(640K)->533K(640K)
[4.257s][info][gc             ] GC(60) Pause Full (Ergonomics) 337M->336M(458M) 373.888ms
[4.257s][info][gc,cpu         ] GC(60) User=0.34s Sys=0.00s Real=0.37s
[4.327s][info][gc,start       ] GC(61) Pause Young (Allocation Failure)
[4.376s][info][gc,heap        ] GC(61) PSYoungGen: 14336K(68096K)->14336K(68608K) Eden: 14336K(14336K)->0K(16384K) From: 0K(53760K)->14336K(52224K)
[4.376s][info][gc,heap        ] GC(61) ParOldGen: 361126K(400896K)->361126K(400896K)
[4.377s][info][gc,metaspace   ] GC(61) Metaspace: 6301K(6464K)->6301K(6464K) NonClass: 5768K(5824K)->5768K(5824K) Class: 533K(640K)->533K(640K)
[4.377s][info][gc             ] GC(61) Pause Young (Allocation Failure) 366M->366M(458M) 49.845ms
[4.377s][info][gc,cpu         ] GC(61) User=0.05s Sys=0.00s Real=0.05s
[4.393s][info][gc,start       ] GC(62) Pause Young (Allocation Failure)
[4.425s][info][gc,heap        ] GC(62) PSYoungGen: 30720K(68608K)->30720K(69632K) Eden: 16384K(16384K)->0K(16384K) From: 14336K(52224K)->30720K(53248K)
[4.425s][info][gc,heap        ] GC(62) ParOldGen: 361126K(400896K)->361126K(400896K)
[4.425s][info][gc,metaspace   ] GC(62) Metaspace: 6301K(6464K)->6301K(6464K) NonClass: 5768K(5824K)->5768K(5824K) Class: 533K(640K)->533K(640K)
[4.425s][info][gc             ] GC(62) Pause Young (Allocation Failure) 382M->382M(459M) 31.913ms
[4.425s][info][gc,cpu         ] GC(62) User=0.02s Sys=0.00s Real=0.03s
[4.444s][info][gc,start       ] GC(63) Pause Young (Allocation Failure)
[4.493s][info][gc,heap        ] GC(63) PSYoungGen: 47104K(69632K)->47104K(66048K) Eden: 16384K(16384K)->0K(13824K) From: 30720K(53248K)->47104K(52224K)
[4.493s][info][gc,heap        ] GC(63) ParOldGen: 361126K(400896K)->361126K(400896K)
[4.493s][info][gc,metaspace   ] GC(63) Metaspace: 6301K(6464K)->6301K(6464K) NonClass: 5768K(5824K)->5768K(5824K) Class: 533K(640K)->533K(640K)
[4.493s][info][gc             ] GC(63) Pause Young (Allocation Failure) 398M->398M(456M) 49.202ms
[4.494s][info][gc,cpu         ] GC(63) User=0.05s Sys=0.00s Real=0.05s
[4.511s][info][gc,start       ] GC(64) Pause Young (Allocation Failure)
[4.585s][info][gc,heap        ] GC(64) PSYoungGen: 60928K(66048K)->46592K(71168K) Eden: 13824K(13824K)->0K(13824K) From: 47104K(52224K)->46592K(57344K)
[4.585s][info][gc,heap        ] GC(64) ParOldGen: 361126K(400896K)->375662K(400896K)
[4.585s][info][gc,metaspace   ] GC(64) Metaspace: 6301K(6464K)->6301K(6464K) NonClass: 5768K(5824K)->5768K(5824K) Class: 533K(640K)->533K(640K)
[4.585s][info][gc             ] GC(64) Pause Young (Allocation Failure) 412M->412M(461M) 73.621ms
[4.585s][info][gc,cpu         ] GC(64) User=0.02s Sys=0.03s Real=0.07s
[4.602s][info][gc,start       ] GC(65) Pause Young (Allocation Failure)
[4.673s][info][gc,heap        ] GC(65) PSYoungGen: 60416K(71168K)->44032K(74752K) Eden: 13824K(13824K)->0K(13824K) From: 46592K(57344K)->44032K(60928K)
[4.673s][info][gc,heap        ] GC(65) ParOldGen: 375662K(400896K)->392278K(400896K)
[4.673s][info][gc,metaspace   ] GC(65) Metaspace: 6301K(6464K)->6301K(6464K) NonClass: 5768K(5824K)->5768K(5824K) Class: 533K(640K)->533K(640K)
[4.673s][info][gc             ] GC(65) Pause Young (Allocation Failure) 425M->426M(464M) 71.249ms
[4.673s][info][gc,cpu         ] GC(65) User=0.05s Sys=0.00s Real=0.07s
[4.673s][info][gc,start       ] GC(66) Pause Full (Ergonomics)
[4.673s][info][gc,phases,start] GC(66) Marking Phase
[5.004s][info][gc,phases      ] GC(66) Marking Phase 330.654ms
[5.004s][info][gc,phases,start] GC(66) Summary Phase
[5.004s][info][gc,phases      ] GC(66) Summary Phase 0.025ms
[5.004s][info][gc,phases,start] GC(66) Adjust Roots
[5.004s][info][gc,phases      ] GC(66) Adjust Roots 0.187ms
[5.004s][info][gc,phases,start] GC(66) Compaction Phase
[5.173s][info][gc,phases      ] GC(66) Compaction Phase 169.036ms
[5.173s][info][gc,phases,start] GC(66) Post Compact
[5.175s][info][gc,phases      ] GC(66) Post Compact 2.067ms
[5.176s][info][gc,heap        ] GC(66) PSYoungGen: 44032K(74752K)->27072K(74752K) Eden: 0K(13824K)->0K(13824K) From: 44032K(60928K)->27072K(60928K)
[5.176s][info][gc,heap        ] GC(66) ParOldGen: 392278K(400896K)->400452K(461824K)
[5.176s][info][gc,metaspace   ] GC(66) Metaspace: 6301K(6464K)->6301K(6464K) NonClass: 5768K(5824K)->5768K(5824K) Class: 533K(640K)->533K(640K)
[5.176s][info][gc             ] GC(66) Pause Full (Ergonomics) 426M->417M(524M) 502.559ms
[5.176s][info][gc,cpu         ] GC(66) User=0.48s Sys=0.02s Real=0.50s
[5.190s][info][gc,start       ] GC(67) Pause Young (Allocation Failure)
[5.282s][info][gc,heap        ] GC(67) PSYoungGen: 40896K(74752K)->22752K(76800K) Eden: 13824K(13824K)->0K(13824K) From: 27072K(60928K)->22752K(62976K)
[5.282s][info][gc,heap        ] GC(67) ParOldGen: 400452K(461824K)->418916K(461824K)
[5.282s][info][gc,metaspace   ] GC(67) Metaspace: 6301K(6464K)->6301K(6464K) NonClass: 5768K(5824K)->5768K(5824K) Class: 533K(640K)->533K(640K)
[5.282s][info][gc             ] GC(67) Pause Young (Allocation Failure) 431M->431M(526M) 91.785ms
[5.282s][info][gc,cpu         ] GC(67) User=0.08s Sys=0.00s Real=0.09s
[5.297s][info][gc,start       ] GC(68) Pause Young (Allocation Failure)
[5.337s][info][gc,heap        ] GC(68) PSYoungGen: 36576K(76800K)->27648K(72192K) Eden: 13824K(13824K)->0K(15872K) From: 22752K(62976K)->27648K(56320K)
[5.337s][info][gc,heap        ] GC(68) ParOldGen: 418916K(461824K)->427964K(461824K)
[5.337s][info][gc,metaspace   ] GC(68) Metaspace: 6301K(6464K)->6301K(6464K) NonClass: 5768K(5824K)->5768K(5824K) Class: 533K(640K)->533K(640K)
[5.337s][info][gc             ] GC(68) Pause Young (Allocation Failure) 444M->444M(521M) 40.091ms
[5.337s][info][gc,cpu         ] GC(68) User=0.03s Sys=0.00s Real=0.04s
[5.354s][info][gc,start       ] GC(69) Pause Young (Allocation Failure)
[5.405s][info][gc,heap        ] GC(69) PSYoungGen: 43520K(72192K)->29696K(74752K) Eden: 15872K(15872K)->0K(15872K) From: 27648K(56320K)->29696K(58880K)
[5.405s][info][gc,heap        ] GC(69) ParOldGen: 427964K(461824K)->441980K(461824K)
[5.405s][info][gc,metaspace   ] GC(69) Metaspace: 6301K(6464K)->6301K(6464K) NonClass: 5768K(5824K)->5768K(5824K) Class: 533K(640K)->533K(640K)
[5.405s][info][gc             ] GC(69) Pause Young (Allocation Failure) 460M->460M(524M) 50.537ms
[5.405s][info][gc,cpu         ] GC(69) User=0.05s Sys=0.00s Real=0.05s
[5.405s][info][gc,start       ] GC(70) Pause Full (Ergonomics)
[5.405s][info][gc,phases,start] GC(70) Marking Phase
[5.752s][info][gc,phases      ] GC(70) Marking Phase 347.394ms
[5.752s][info][gc,phases,start] GC(70) Summary Phase
[5.752s][info][gc,phases      ] GC(70) Summary Phase 0.024ms
[5.752s][info][gc,phases,start] GC(70) Adjust Roots
[5.753s][info][gc,phases      ] GC(70) Adjust Roots 0.318ms
[5.753s][info][gc,phases,start] GC(70) Compaction Phase
[5.919s][info][gc,phases      ] GC(70) Compaction Phase 166.420ms
[5.919s][info][gc,phases,start] GC(70) Post Compact
[5.922s][info][gc,phases      ] GC(70) Post Compact 2.514ms
[5.922s][info][gc,heap        ] GC(70) PSYoungGen: 29696K(74752K)->9195K(74752K) Eden: 0K(15872K)->0K(15872K) From: 29696K(58880K)->9195K(58880K)
[5.922s][info][gc,heap        ] GC(70) ParOldGen: 441980K(461824K)->461757K(527872K)
[5.922s][info][gc,metaspace   ] GC(70) Metaspace: 6301K(6464K)->6301K(6464K) NonClass: 5768K(5824K)->5768K(5824K) Class: 533K(640K)->533K(640K)
[5.922s][info][gc             ] GC(70) Pause Full (Ergonomics) 460M->459M(588M) 517.416ms
[5.922s][info][gc,cpu         ] GC(70) User=0.45s Sys=0.00s Real=0.52s
[5.938s][info][gc,start       ] GC(71) Pause Young (Allocation Failure)
[6.038s][info][gc,heap        ] GC(71) PSYoungGen: 25067K(74752K)->19712K(72704K) Eden: 15872K(15872K)->0K(17920K) From: 9195K(58880K)->19712K(54784K)
[6.038s][info][gc,heap        ] GC(71) ParOldGen: 461757K(527872K)->467221K(527872K)
[6.038s][info][gc,metaspace   ] GC(71) Metaspace: 6301K(6464K)->6301K(6464K) NonClass: 5768K(5824K)->5768K(5824K) Class: 533K(640K)->533K(640K)
[6.038s][info][gc             ] GC(71) Pause Young (Allocation Failure) 475M->475M(586M) 99.293ms
[6.038s][info][gc,cpu         ] GC(71) User=0.08s Sys=0.00s Real=0.10s
[6.057s][info][gc,start       ] GC(72) Pause Young (Allocation Failure)
[6.103s][info][gc,heap        ] GC(72) PSYoungGen: 37632K(72704K)->37632K(73728K) Eden: 17920K(17920K)->0K(17920K) From: 19712K(54784K)->37632K(55808K)
[6.103s][info][gc,heap        ] GC(72) ParOldGen: 467221K(527872K)->467221K(527872K)
[6.103s][info][gc,metaspace   ] GC(72) Metaspace: 6301K(6464K)->6301K(6464K) NonClass: 5768K(5824K)->5768K(5824K) Class: 533K(640K)->533K(640K)
[6.104s][info][gc             ] GC(72) Pause Young (Allocation Failure) 493M->493M(587M) 46.408ms
[6.104s][info][gc,cpu         ] GC(72) User=0.03s Sys=0.00s Real=0.05s
[6.123s][info][gc,start       ] GC(73) Pause Young (Allocation Failure)
[6.181s][info][gc,heap        ] GC(73) PSYoungGen: 55552K(73728K)->55552K(70144K) Eden: 17920K(17920K)->0K(13824K) From: 37632K(55808K)->55552K(56320K)
[6.182s][info][gc,heap        ] GC(73) ParOldGen: 467221K(527872K)->467221K(527872K)
[6.182s][info][gc,metaspace   ] GC(73) Metaspace: 6301K(6464K)->6301K(6464K) NonClass: 5768K(5824K)->5768K(5824K) Class: 533K(640K)->533K(640K)
[6.182s][info][gc             ] GC(73) Pause Young (Allocation Failure) 510M->510M(584M) 58.322ms
[6.182s][info][gc,cpu         ] GC(73) User=0.05s Sys=0.00s Real=0.06s
[6.197s][info][gc,start       ] GC(74) Pause Young (Allocation Failure)
[6.263s][info][gc,heap        ] GC(74) PSYoungGen: 69376K(70144K)->62976K(76800K) Eden: 13824K(13824K)->0K(13824K) From: 55552K(56320K)->62976K(62976K)
[6.263s][info][gc,heap        ] GC(74) ParOldGen: 467221K(527872K)->473709K(527872K)
[6.263s][info][gc,metaspace   ] GC(74) Metaspace: 6301K(6464K)->6301K(6464K) NonClass: 5768K(5824K)->5768K(5824K) Class: 533K(640K)->533K(640K)
[6.263s][info][gc             ] GC(74) Pause Young (Allocation Failure) 524M->524M(590M) 66.184ms
[6.263s][info][gc,cpu         ] GC(74) User=0.06s Sys=0.00s Real=0.07s
[6.279s][info][gc,start       ] GC(75) Pause Young (Allocation Failure)
[6.359s][info][gc,heap        ] GC(75) PSYoungGen: 76800K(76800K)->43904K(88576K) Eden: 13824K(13824K)->0K(16384K) From: 62976K(62976K)->43904K(72192K)
[6.359s][info][gc,heap        ] GC(75) ParOldGen: 473709K(527872K)->507077K(527872K)
[6.359s][info][gc,metaspace   ] GC(75) Metaspace: 6301K(6464K)->6301K(6464K) NonClass: 5768K(5824K)->5768K(5824K) Class: 533K(640K)->533K(640K)
[6.359s][info][gc             ] GC(75) Pause Young (Allocation Failure) 537M->538M(602M) 80.459ms
[6.359s][info][gc,cpu         ] GC(75) User=0.05s Sys=0.03s Real=0.08s
[6.359s][info][gc,start       ] GC(76) Pause Full (Ergonomics)
[6.359s][info][gc,phases,start] GC(76) Marking Phase
[6.756s][info][gc,phases      ] GC(76) Marking Phase 396.605ms
[6.756s][info][gc,phases,start] GC(76) Summary Phase
[6.756s][info][gc,phases      ] GC(76) Summary Phase 0.032ms
[6.756s][info][gc,phases,start] GC(76) Adjust Roots
[6.756s][info][gc,phases      ] GC(76) Adjust Roots 0.211ms
[6.756s][info][gc,phases,start] GC(76) Compaction Phase
[6.941s][info][gc,phases      ] GC(76) Compaction Phase 185.108ms
[6.941s][info][gc,phases,start] GC(76) Post Compact
[6.944s][info][gc,phases      ] GC(76) Post Compact 3.105ms
[6.945s][info][gc,heap        ] GC(76) PSYoungGen: 43904K(88576K)->22333K(89088K) Eden: 0K(16384K)->0K(16896K) From: 43904K(72192K)->22333K(72192K)
[6.945s][info][gc,heap        ] GC(76) ParOldGen: 507077K(527872K)->527820K(603136K)
[6.945s][info][gc,metaspace   ] GC(76) Metaspace: 6301K(6464K)->6301K(6464K) NonClass: 5768K(5824K)->5768K(5824K) Class: 533K(640K)->533K(640K)
[6.945s][info][gc             ] GC(76) Pause Full (Ergonomics) 538M->537M(676M) 585.818ms
[6.945s][info][gc,cpu         ] GC(76) User=0.58s Sys=0.00s Real=0.59s
[6.964s][info][gc,start       ] GC(77) Pause Young (Allocation Failure)
[7.078s][info][gc,heap        ] GC(77) PSYoungGen: 39229K(89088K)->22784K(89600K) Eden: 16896K(16896K)->0K(16896K) From: 22333K(72192K)->22784K(72704K)
[7.078s][info][gc,heap        ] GC(77) ParOldGen: 527820K(603136K)->544572K(603136K)
[7.078s][info][gc,metaspace   ] GC(77) Metaspace: 6301K(6464K)->6301K(6464K) NonClass: 5768K(5824K)->5768K(5824K) Class: 533K(640K)->533K(640K)
[7.078s][info][gc             ] GC(77) Pause Young (Allocation Failure) 553M->554M(676M) 114.074ms
[7.078s][info][gc,cpu         ] GC(77) User=0.11s Sys=0.00s Real=0.11s
[7.097s][info][gc,start       ] GC(78) Pause Young (Allocation Failure)
[7.144s][info][gc,heap        ] GC(78) PSYoungGen: 39680K(89600K)->33824K(84480K) Eden: 16896K(16896K)->0K(19456K) From: 22784K(72704K)->33824K(65024K)
[7.144s][info][gc,heap        ] GC(78) ParOldGen: 544572K(603136K)->550516K(603136K)
[7.144s][info][gc,metaspace   ] GC(78) Metaspace: 6301K(6464K)->6301K(6464K) NonClass: 5768K(5824K)->5768K(5824K) Class: 533K(640K)->533K(640K)
[7.144s][info][gc             ] GC(78) Pause Young (Allocation Failure) 570M->570M(671M) 47.108ms
[7.144s][info][gc,cpu         ] GC(78) User=0.03s Sys=0.00s Real=0.05s
[7.165s][info][gc,start       ] GC(79) Pause Young (Allocation Failure)
[7.226s][info][gc,heap        ] GC(79) PSYoungGen: 53280K(84480K)->36384K(87552K) Eden: 19456K(19456K)->0K(19456K) From: 33824K(65024K)->36384K(68096K)
[7.226s][info][gc,heap        ] GC(79) ParOldGen: 550516K(603136K)->567652K(603136K)
[7.226s][info][gc,metaspace   ] GC(79) Metaspace: 6301K(6464K)->6301K(6464K) NonClass: 5768K(5824K)->5768K(5824K) Class: 533K(640K)->533K(640K)
[7.226s][info][gc             ] GC(79) Pause Young (Allocation Failure) 589M->589M(674M) 61.223ms
[7.226s][info][gc,cpu         ] GC(79) User=0.05s Sys=0.00s Real=0.06s
[7.249s][info][gc,start       ] GC(80) Pause Young (Allocation Failure)
[7.313s][info][gc,heap        ] GC(80) PSYoungGen: 55840K(87552K)->38944K(83968K) Eden: 19456K(19456K)->0K(22528K) From: 36384K(68096K)->38944K(61440K)
[7.314s][info][gc,heap        ] GC(80) ParOldGen: 567652K(603136K)->584788K(603136K)
[7.314s][info][gc,metaspace   ] GC(80) Metaspace: 6301K(6464K)->6301K(6464K) NonClass: 5768K(5824K)->5768K(5824K) Class: 533K(640K)->533K(640K)
[7.314s][info][gc             ] GC(80) Pause Young (Allocation Failure) 608M->609M(671M) 65.033ms
[7.314s][info][gc,cpu         ] GC(80) User=0.05s Sys=0.02s Real=0.07s
[7.314s][info][gc,start       ] GC(81) Pause Full (Ergonomics)
[7.314s][info][gc,phases,start] GC(81) Marking Phase
[7.763s][info][gc,phases      ] GC(81) Marking Phase 449.074ms
[7.763s][info][gc,phases,start] GC(81) Summary Phase
[7.763s][info][gc,phases      ] GC(81) Summary Phase 0.025ms
[7.763s][info][gc,phases,start] GC(81) Adjust Roots
[7.763s][info][gc,phases      ] GC(81) Adjust Roots 0.209ms
[7.763s][info][gc,phases,start] GC(81) Compaction Phase
[7.970s][info][gc,phases      ] GC(81) Compaction Phase 207.046ms
[7.970s][info][gc,phases,start] GC(81) Post Compact
[7.971s][info][gc,phases      ] GC(81) Post Compact 1.241ms
[7.972s][info][gc,heap        ] GC(81) PSYoungGen: 38944K(83968K)->19935K(86016K) Eden: 0K(22528K)->0K(24576K) From: 38944K(61440K)->19935K(61440K)
[7.972s][info][gc,heap        ] GC(81) ParOldGen: 584788K(603136K)->602788K(683008K)
[7.972s][info][gc,metaspace   ] GC(81) Metaspace: 6301K(6464K)->6301K(6464K) NonClass: 5768K(5824K)->5768K(5824K) Class: 533K(640K)->533K(640K)
[7.972s][info][gc             ] GC(81) Pause Full (Ergonomics) 609M->608M(751M) 658.339ms
[7.972s][info][gc,cpu         ] GC(81) User=0.64s Sys=0.02s Real=0.66s
[8.002s][info][gc,start       ] GC(82) Pause Young (Allocation Failure)
[8.135s][info][gc,heap        ] GC(82) PSYoungGen: 44511K(86016K)->36064K(88064K) Eden: 24576K(24576K)->0K(24576K) From: 19935K(61440K)->36064K(63488K)
[8.135s][info][gc,heap        ] GC(82) ParOldGen: 602788K(683008K)->611444K(683008K)
[8.135s][info][gc,metaspace   ] GC(82) Metaspace: 6301K(6464K)->6301K(6464K) NonClass: 5768K(5824K)->5768K(5824K) Class: 533K(640K)->533K(640K)
[8.135s][info][gc             ] GC(82) Pause Young (Allocation Failure) 632M->632M(753M) 133.105ms
[8.135s][info][gc,cpu         ] GC(82) User=0.09s Sys=0.03s Real=0.13s
[8.162s][info][gc,start       ] GC(83) Pause Young (Allocation Failure)
[8.235s][info][gc,heap        ] GC(83) PSYoungGen: 60640K(88064K)->60640K(81920K) Eden: 24576K(24576K)->0K(20992K) From: 36064K(63488K)->60640K(60928K)
[8.235s][info][gc,heap        ] GC(83) ParOldGen: 611444K(683008K)->611444K(683008K)
[8.235s][info][gc,metaspace   ] GC(83) Metaspace: 6301K(6464K)->6301K(6464K) NonClass: 5768K(5824K)->5768K(5824K) Class: 533K(640K)->533K(640K)
[8.235s][info][gc             ] GC(83) Pause Young (Allocation Failure) 656M->656M(747M) 73.059ms
[8.235s][info][gc,cpu         ] GC(83) User=0.08s Sys=0.00s Real=0.07s
[8.260s][info][gc,start       ] GC(84) Pause Young (Allocation Failure)
[8.346s][info][gc,heap        ] GC(84) PSYoungGen: 81632K(81920K)->67584K(88576K) Eden: 20992K(20992K)->0K(20992K) From: 60640K(60928K)->67584K(67584K)
[8.346s][info][gc,heap        ] GC(84) ParOldGen: 611444K(683008K)->625684K(683008K)
[8.346s][info][gc,metaspace   ] GC(84) Metaspace: 6301K(6464K)->6301K(6464K) NonClass: 5768K(5824K)->5768K(5824K) Class: 533K(640K)->533K(640K)
[8.346s][info][gc             ] GC(84) Pause Young (Allocation Failure) 676M->677M(753M) 85.920ms
[8.346s][info][gc,cpu         ] GC(84) User=0.06s Sys=0.02s Real=0.09s
[8.487s][info][gc,start       ] GC(85) Pause Full (Ergonomics)
[8.487s][info][gc,phases,start] GC(85) Marking Phase
[9.027s][info][gc,phases      ] GC(85) Marking Phase 539.979ms
[9.027s][info][gc,phases,start] GC(85) Summary Phase
[9.027s][info][gc,phases      ] GC(85) Summary Phase 0.034ms
[9.027s][info][gc,phases,start] GC(85) Adjust Roots
[9.027s][info][gc,phases      ] GC(85) Adjust Roots 0.211ms
[9.027s][info][gc,phases,start] GC(85) Compaction Phase
[9.305s][info][gc,phases      ] GC(85) Compaction Phase 277.761ms
[9.305s][info][gc,phases,start] GC(85) Post Compact
[9.306s][info][gc,phases      ] GC(85) Post Compact 1.556ms
[9.307s][info][gc,heap        ] GC(85) PSYoungGen: 88576K(88576K)->47523K(88576K) Eden: 20992K(20992K)->0K(20992K) From: 67584K(67584K)->47523K(67584K)
[9.307s][info][gc,heap        ] GC(85) ParOldGen: 658452K(683008K)->682590K(683008K)
[9.307s][info][gc,metaspace   ] GC(85) Metaspace: 6301K(6464K)->6301K(6464K) NonClass: 5768K(5824K)->5768K(5824K) Class: 533K(640K)->533K(640K)
[9.307s][info][gc             ] GC(85) Pause Full (Ergonomics) 729M->713M(753M) 820.049ms
[9.307s][info][gc,cpu         ] GC(85) User=0.80s Sys=0.00s Real=0.82s
[9.329s][info][gc,start       ] GC(86) Pause Full (Ergonomics)
[9.329s][info][gc,phases,start] GC(86) Marking Phase
[9.889s][info][gc,phases      ] GC(86) Marking Phase 560.115ms
[9.889s][info][gc,phases,start] GC(86) Summary Phase
[9.889s][info][gc,phases      ] GC(86) Summary Phase 0.028ms
[9.889s][info][gc,phases,start] GC(86) Adjust Roots
[9.890s][info][gc,phases      ] GC(86) Adjust Roots 0.244ms
[9.890s][info][gc,phases,start] GC(86) Compaction Phase
[10.096s][info][gc,phases      ] GC(86) Compaction Phase 206.098ms
[10.096s][info][gc,phases,start] GC(86) Post Compact
[10.097s][info][gc,phases      ] GC(86) Post Compact 1.456ms
[10.097s][info][gc,heap        ] GC(86) PSYoungGen: 68515K(88576K)->68481K(88576K) Eden: 20992K(20992K)->20958K(20992K) From: 47523K(67584K)->47523K(67584K)
[10.097s][info][gc,heap        ] GC(86) ParOldGen: 682590K(683008K)->682590K(683008K)
[10.097s][info][gc,metaspace   ] GC(86) Metaspace: 6301K(6464K)->6301K(6464K) NonClass: 5768K(5824K)->5768K(5824K) Class: 533K(640K)->533K(640K)
[10.097s][info][gc             ] GC(86) Pause Full (Ergonomics) 733M->733M(753M) 768.362ms
[10.097s][info][gc,cpu         ] GC(86) User=0.73s Sys=0.00s Real=0.77s
[10.098s][info][gc,start       ] GC(87) Pause Full (Ergonomics)
[10.098s][info][gc,phases,start] GC(87) Marking Phase
[10.666s][info][gc,phases      ] GC(87) Marking Phase 568.130ms
[10.666s][info][gc,phases,start] GC(87) Summary Phase
[10.666s][info][gc,phases      ] GC(87) Summary Phase 0.061ms
[10.666s][info][gc,phases,start] GC(87) Adjust Roots
[10.666s][info][gc,phases      ] GC(87) Adjust Roots 0.311ms
[10.666s][info][gc,phases,start] GC(87) Compaction Phase
[10.863s][info][gc,phases      ] GC(87) Compaction Phase 196.716ms
[10.863s][info][gc,phases,start] GC(87) Post Compact
[10.865s][info][gc,phases      ] GC(87) Post Compact 1.465ms
[10.865s][info][gc,heap        ] GC(87) PSYoungGen: 68515K(88576K)->68514K(88576K) Eden: 20992K(20992K)->20991K(20992K) From: 47523K(67584K)->47523K(67584K)
[10.865s][info][gc,heap        ] GC(87) ParOldGen: 682590K(683008K)->682590K(683008K)
[10.865s][info][gc,metaspace   ] GC(87) Metaspace: 6301K(6464K)->6301K(6464K) NonClass: 5768K(5824K)->5768K(5824K) Class: 533K(640K)->533K(640K)
[10.865s][info][gc             ] GC(87) Pause Full (Ergonomics) 733M->733M(753M) 767.171ms
[10.865s][info][gc,cpu         ] GC(87) User=0.75s Sys=0.00s Real=0.77s
[10.865s][info][gc,start       ] GC(88) Pause Full (Ergonomics)
[10.865s][info][gc,phases,start] GC(88) Marking Phase
[11.429s][info][gc,phases      ] GC(88) Marking Phase 563.774ms
[11.429s][info][gc,phases,start] GC(88) Summary Phase
[11.429s][info][gc,phases      ] GC(88) Summary Phase 0.041ms
[11.429s][info][gc,phases,start] GC(88) Adjust Roots
[11.429s][info][gc,phases      ] GC(88) Adjust Roots 0.252ms
[11.430s][info][gc,phases,start] GC(88) Compaction Phase
[11.626s][info][gc,phases      ] GC(88) Compaction Phase 196.856ms
[11.626s][info][gc,phases,start] GC(88) Post Compact
[11.628s][info][gc,phases      ] GC(88) Post Compact 1.492ms
[11.628s][info][gc,heap        ] GC(88) PSYoungGen: 68514K(88576K)->68514K(88576K) Eden: 20991K(20992K)->20991K(20992K) From: 47523K(67584K)->47523K(67584K)
[11.628s][info][gc,heap        ] GC(88) ParOldGen: 682590K(683008K)->682590K(683008K)
[11.628s][info][gc,metaspace   ] GC(88) Metaspace: 6301K(6464K)->6301K(6464K) NonClass: 5768K(5824K)->5768K(5824K) Class: 533K(640K)->533K(640K)
[11.628s][info][gc             ] GC(88) Pause Full (Ergonomics) 733M->733M(753M) 763.154ms
[11.628s][info][gc,cpu         ] GC(88) User=0.73s Sys=0.00s Real=0.76s
[11.629s][info][gc,start       ] GC(89) Pause Full (Ergonomics)
[11.629s][info][gc,phases,start] GC(89) Marking Phase
[12.194s][info][gc,phases      ] GC(89) Marking Phase 565.307ms
[12.194s][info][gc,phases,start] GC(89) Summary Phase
[12.194s][info][gc,phases      ] GC(89) Summary Phase 0.041ms
[12.194s][info][gc,phases,start] GC(89) Adjust Roots
[12.195s][info][gc,phases      ] GC(89) Adjust Roots 0.255ms
[12.195s][info][gc,phases,start] GC(89) Compaction Phase
[12.391s][info][gc,phases      ] GC(89) Compaction Phase 196.247ms
[12.391s][info][gc,phases,start] GC(89) Post Compact
[12.392s][info][gc,phases      ] GC(89) Post Compact 1.407ms
[12.392s][info][gc,heap        ] GC(89) PSYoungGen: 68514K(88576K)->68514K(88576K) Eden: 20991K(20992K)->20991K(20992K) From: 47523K(67584K)->47523K(67584K)
[12.392s][info][gc,heap        ] GC(89) ParOldGen: 682595K(683008K)->682595K(683008K)
[12.392s][info][gc,metaspace   ] GC(89) Metaspace: 6301K(6464K)->6301K(6464K) NonClass: 5768K(5824K)->5768K(5824K) Class: 533K(640K)->533K(640K)
[12.392s][info][gc             ] GC(89) Pause Full (Ergonomics) 733M->733M(753M) 763.714ms
[12.393s][info][gc,cpu         ] GC(89) User=0.75s Sys=0.00s Real=0.76s
[12.393s][info][gc,start       ] GC(90) Pause Full (Ergonomics)
[12.393s][info][gc,phases,start] GC(90) Marking Phase
[12.951s][info][gc,phases      ] GC(90) Marking Phase 557.806ms
[12.951s][info][gc,phases,start] GC(90) Summary Phase
[12.951s][info][gc,phases      ] GC(90) Summary Phase 0.022ms
[12.951s][info][gc,phases,start] GC(90) Adjust Roots
[12.951s][info][gc,phases      ] GC(90) Adjust Roots 0.413ms
[12.951s][info][gc,phases,start] GC(90) Compaction Phase
[13.144s][info][gc,phases      ] GC(90) Compaction Phase 193.065ms
[13.144s][info][gc,phases,start] GC(90) Post Compact
[13.146s][info][gc,phases      ] GC(90) Post Compact 1.340ms
[13.146s][info][gc,heap        ] GC(90) PSYoungGen: 68514K(88576K)->68514K(88576K) Eden: 20991K(20992K)->20991K(20992K) From: 47523K(67584K)->47523K(67584K)
[13.146s][info][gc,heap        ] GC(90) ParOldGen: 682600K(683008K)->682600K(683008K)
[13.146s][info][gc,metaspace   ] GC(90) Metaspace: 6301K(6464K)->6301K(6464K) NonClass: 5768K(5824K)->5768K(5824K) Class: 533K(640K)->533K(640K)
[13.146s][info][gc             ] GC(90) Pause Full (Ergonomics) 733M->733M(753M) 753.003ms
[13.146s][info][gc,cpu         ] GC(90) User=0.70s Sys=0.00s Real=0.75s
[13.146s][info][gc,start       ] GC(91) Pause Full (Ergonomics)
[13.146s][info][gc,phases,start] GC(91) Marking Phase
[13.703s][info][gc,phases      ] GC(91) Marking Phase 557.195ms
[13.703s][info][gc,phases,start] GC(91) Summary Phase
[13.703s][info][gc,phases      ] GC(91) Summary Phase 0.041ms
[13.704s][info][gc,phases,start] GC(91) Adjust Roots
[13.704s][info][gc,phases      ] GC(91) Adjust Roots 0.262ms
[13.704s][info][gc,phases,start] GC(91) Compaction Phase
[13.896s][info][gc,phases      ] GC(91) Compaction Phase 191.893ms
[13.896s][info][gc,phases,start] GC(91) Post Compact
[13.897s][info][gc,phases      ] GC(91) Post Compact 1.492ms
[13.897s][info][gc,heap        ] GC(91) PSYoungGen: 68514K(88576K)->68514K(88576K) Eden: 20991K(20992K)->20991K(20992K) From: 47523K(67584K)->47523K(67584K)
[13.897s][info][gc,heap        ] GC(91) ParOldGen: 682605K(683008K)->682605K(683008K)
[13.897s][info][gc,metaspace   ] GC(91) Metaspace: 6301K(6464K)->6301K(6464K) NonClass: 5768K(5824K)->5768K(5824K) Class: 533K(640K)->533K(640K)
[13.898s][info][gc             ] GC(91) Pause Full (Ergonomics) 733M->733M(753M) 751.366ms
[13.898s][info][gc,cpu         ] GC(91) User=0.72s Sys=0.00s Real=0.75s
[13.898s][info][gc,start       ] GC(92) Pause Full (Ergonomics)
[13.898s][info][gc,phases,start] GC(92) Marking Phase
[14.451s][info][gc,phases      ] GC(92) Marking Phase 553.435ms
[14.451s][info][gc,phases,start] GC(92) Summary Phase
[14.452s][info][gc,phases      ] GC(92) Summary Phase 0.060ms
[14.452s][info][gc,phases,start] GC(92) Adjust Roots
[14.452s][info][gc,phases      ] GC(92) Adjust Roots 0.249ms
[14.452s][info][gc,phases,start] GC(92) Compaction Phase
[14.644s][info][gc,phases      ] GC(92) Compaction Phase 191.710ms
[14.644s][info][gc,phases,start] GC(92) Post Compact
[14.645s][info][gc,phases      ] GC(92) Post Compact 1.401ms
[14.645s][info][gc,heap        ] GC(92) PSYoungGen: 68514K(88576K)->68514K(88576K) Eden: 20991K(20992K)->20991K(20992K) From: 47523K(67584K)->47523K(67584K)
[14.645s][info][gc,heap        ] GC(92) ParOldGen: 682609K(683008K)->682609K(683008K)
[14.645s][info][gc,metaspace   ] GC(92) Metaspace: 6301K(6464K)->6301K(6464K) NonClass: 5768K(5824K)->5768K(5824K) Class: 533K(640K)->533K(640K)
[14.645s][info][gc             ] GC(92) Pause Full (Ergonomics) 733M->733M(753M) 747.319ms
[14.645s][info][gc,cpu         ] GC(92) User=0.72s Sys=0.00s Real=0.75s
[14.646s][info][gc,start       ] GC(93) Pause Full (Ergonomics)
[14.646s][info][gc,phases,start] GC(93) Marking Phase
[15.202s][info][gc,phases      ] GC(93) Marking Phase 556.065ms
[15.202s][info][gc,phases,start] GC(93) Summary Phase
[15.202s][info][gc,phases      ] GC(93) Summary Phase 0.026ms
[15.202s][info][gc,phases,start] GC(93) Adjust Roots
[15.202s][info][gc,phases      ] GC(93) Adjust Roots 0.250ms
[15.202s][info][gc,phases,start] GC(93) Compaction Phase
[15.394s][info][gc,phases      ] GC(93) Compaction Phase 192.391ms
[15.395s][info][gc,phases,start] GC(93) Post Compact
[15.396s][info][gc,phases      ] GC(93) Post Compact 1.480ms
[15.396s][info][gc,heap        ] GC(93) PSYoungGen: 68514K(88576K)->68514K(88576K) Eden: 20991K(20992K)->20991K(20992K) From: 47523K(67584K)->47523K(67584K)
[15.396s][info][gc,heap        ] GC(93) ParOldGen: 682614K(683008K)->682614K(683008K)
[15.396s][info][gc,metaspace   ] GC(93) Metaspace: 6301K(6464K)->6301K(6464K) NonClass: 5768K(5824K)->5768K(5824K) Class: 533K(640K)->533K(640K)
[15.396s][info][gc             ] GC(93) Pause Full (Ergonomics) 733M->733M(753M) 750.604ms
[15.396s][info][gc,cpu         ] GC(93) User=0.70s Sys=0.02s Real=0.75s
[15.397s][info][gc,start       ] GC(94) Pause Full (Ergonomics)
[15.397s][info][gc,phases,start] GC(94) Marking Phase
[15.950s][info][gc,phases      ] GC(94) Marking Phase 553.279ms
[15.950s][info][gc,phases,start] GC(94) Summary Phase
[15.950s][info][gc,phases      ] GC(94) Summary Phase 0.026ms
[15.950s][info][gc,phases,start] GC(94) Adjust Roots
[15.950s][info][gc,phases      ] GC(94) Adjust Roots 0.207ms
[15.950s][info][gc,phases,start] GC(94) Compaction Phase
[16.142s][info][gc,phases      ] GC(94) Compaction Phase 191.724ms
[16.142s][info][gc,phases,start] GC(94) Post Compact
[16.143s][info][gc,phases      ] GC(94) Post Compact 1.307ms
[16.143s][info][gc,heap        ] GC(94) PSYoungGen: 68514K(88576K)->68514K(88576K) Eden: 20991K(20992K)->20991K(20992K) From: 47523K(67584K)->47523K(67584K)
[16.143s][info][gc,heap        ] GC(94) ParOldGen: 682619K(683008K)->682619K(683008K)
[16.143s][info][gc,metaspace   ] GC(94) Metaspace: 6301K(6464K)->6301K(6464K) NonClass: 5768K(5824K)->5768K(5824K) Class: 533K(640K)->533K(640K)
[16.143s][info][gc             ] GC(94) Pause Full (Ergonomics) 733M->733M(753M) 746.921ms
[16.143s][info][gc,cpu         ] GC(94) User=0.70s Sys=0.00s Real=0.75s
[16.144s][info][gc,start       ] GC(95) Pause Full (Ergonomics)
[16.144s][info][gc,phases,start] GC(95) Marking Phase
[16.698s][info][gc,phases      ] GC(95) Marking Phase 553.668ms
[16.698s][info][gc,phases,start] GC(95) Summary Phase
[16.698s][info][gc,phases      ] GC(95) Summary Phase 0.060ms
[16.698s][info][gc,phases,start] GC(95) Adjust Roots
[16.698s][info][gc,phases      ] GC(95) Adjust Roots 0.268ms
[16.698s][info][gc,phases,start] GC(95) Compaction Phase
[16.891s][info][gc,phases      ] GC(95) Compaction Phase 192.981ms
[16.891s][info][gc,phases,start] GC(95) Post Compact
[16.893s][info][gc,phases      ] GC(95) Post Compact 1.480ms
[16.893s][info][gc,heap        ] GC(95) PSYoungGen: 68514K(88576K)->68514K(88576K) Eden: 20991K(20992K)->20991K(20992K) From: 47523K(67584K)->47523K(67584K)
[16.893s][info][gc,heap        ] GC(95) ParOldGen: 682623K(683008K)->682623K(683008K)
[16.893s][info][gc,metaspace   ] GC(95) Metaspace: 6301K(6464K)->6301K(6464K) NonClass: 5768K(5824K)->5768K(5824K) Class: 533K(640K)->533K(640K)
[16.893s][info][gc             ] GC(95) Pause Full (Ergonomics) 733M->733M(753M) 748.912ms
[16.893s][info][gc,cpu         ] GC(95) User=0.73s Sys=0.00s Real=0.75s
[16.893s][info][gc,start       ] GC(96) Pause Full (Ergonomics)
[16.893s][info][gc,phases,start] GC(96) Marking Phase
[17.450s][info][gc,phases      ] GC(96) Marking Phase 556.320ms
[17.450s][info][gc,phases,start] GC(96) Summary Phase
[17.450s][info][gc,phases      ] GC(96) Summary Phase 0.026ms
[17.450s][info][gc,phases,start] GC(96) Adjust Roots
[17.450s][info][gc,phases      ] GC(96) Adjust Roots 0.302ms
[17.450s][info][gc,phases,start] GC(96) Compaction Phase
[17.645s][info][gc,phases      ] GC(96) Compaction Phase 194.831ms
[17.645s][info][gc,phases,start] GC(96) Post Compact
[17.646s][info][gc,phases      ] GC(96) Post Compact 1.302ms
[17.646s][info][gc,heap        ] GC(96) PSYoungGen: 68514K(88576K)->68514K(88576K) Eden: 20991K(20992K)->20991K(20992K) From: 47523K(67584K)->47523K(67584K)
[17.646s][info][gc,heap        ] GC(96) ParOldGen: 682628K(683008K)->682628K(683008K)
[17.646s][info][gc,metaspace   ] GC(96) Metaspace: 6301K(6464K)->6301K(6464K) NonClass: 5768K(5824K)->5768K(5824K) Class: 533K(640K)->533K(640K)
[17.646s][info][gc             ] GC(96) Pause Full (Ergonomics) 733M->733M(753M) 753.156ms
[17.646s][info][gc,cpu         ] GC(96) User=0.73s Sys=0.00s Real=0.75s
[17.647s][info][gc,start       ] GC(97) Pause Full (Ergonomics)
[17.647s][info][gc,phases,start] GC(97) Marking Phase
[18.204s][info][gc,phases      ] GC(97) Marking Phase 557.110ms
[18.204s][info][gc,phases,start] GC(97) Summary Phase
[18.204s][info][gc,phases      ] GC(97) Summary Phase 0.026ms
[18.204s][info][gc,phases,start] GC(97) Adjust Roots
[18.204s][info][gc,phases      ] GC(97) Adjust Roots 0.211ms
[18.204s][info][gc,phases,start] GC(97) Compaction Phase
[18.395s][info][gc,phases      ] GC(97) Compaction Phase 191.033ms
[18.395s][info][gc,phases,start] GC(97) Post Compact
[18.397s][info][gc,phases      ] GC(97) Post Compact 1.493ms
[18.397s][info][gc,heap        ] GC(97) PSYoungGen: 68514K(88576K)->68514K(88576K) Eden: 20991K(20992K)->20991K(20992K) From: 47523K(67584K)->47523K(67584K)
[18.397s][info][gc,heap        ] GC(97) ParOldGen: 682633K(683008K)->682633K(683008K)
[18.397s][info][gc,metaspace   ] GC(97) Metaspace: 6301K(6464K)->6301K(6464K) NonClass: 5768K(5824K)->5768K(5824K) Class: 533K(640K)->533K(640K)
[18.397s][info][gc             ] GC(97) Pause Full (Ergonomics) 733M->733M(753M) 750.291ms
[18.397s][info][gc,cpu         ] GC(97) User=0.72s Sys=0.00s Real=0.75s
[18.397s][info][gc,start       ] GC(98) Pause Full (Ergonomics)
[18.397s][info][gc,phases,start] GC(98) Marking Phase
[18.951s][info][gc,phases      ] GC(98) Marking Phase 554.037ms
[18.951s][info][gc,phases,start] GC(98) Summary Phase
[18.952s][info][gc,phases      ] GC(98) Summary Phase 0.040ms
[18.952s][info][gc,phases,start] GC(98) Adjust Roots
[18.952s][info][gc,phases      ] GC(98) Adjust Roots 0.250ms
[18.952s][info][gc,phases,start] GC(98) Compaction Phase
[19.144s][info][gc,phases      ] GC(98) Compaction Phase 192.053ms
[19.144s][info][gc,phases,start] GC(98) Post Compact
[19.145s][info][gc,phases      ] GC(98) Post Compact 1.345ms
[19.145s][info][gc,heap        ] GC(98) PSYoungGen: 68514K(88576K)->68514K(88576K) Eden: 20991K(20992K)->20991K(20992K) From: 47523K(67584K)->47523K(67584K)
[19.145s][info][gc,heap        ] GC(98) ParOldGen: 682637K(683008K)->682637K(683008K)
[19.145s][info][gc,metaspace   ] GC(98) Metaspace: 6301K(6464K)->6301K(6464K) NonClass: 5768K(5824K)->5768K(5824K) Class: 533K(640K)->533K(640K)
[19.145s][info][gc             ] GC(98) Pause Full (Ergonomics) 733M->733M(753M) 748.175ms
[19.146s][info][gc,cpu         ] GC(98) User=0.70s Sys=0.00s Real=0.75s
[19.146s][info][gc,start       ] GC(99) Pause Full (Ergonomics)
[19.146s][info][gc,phases,start] GC(99) Marking Phase
[19.699s][info][gc,phases      ] GC(99) Marking Phase 553.212ms
[19.699s][info][gc,phases,start] GC(99) Summary Phase
[19.699s][info][gc,phases      ] GC(99) Summary Phase 0.026ms
[19.699s][info][gc,phases,start] GC(99) Adjust Roots
[19.699s][info][gc,phases      ] GC(99) Adjust Roots 0.224ms
[19.699s][info][gc,phases,start] GC(99) Compaction Phase
[19.891s][info][gc,phases      ] GC(99) Compaction Phase 191.309ms
[19.891s][info][gc,phases,start] GC(99) Post Compact
[19.892s][info][gc,phases      ] GC(99) Post Compact 1.491ms
[19.892s][info][gc,heap        ] GC(99) PSYoungGen: 68514K(88576K)->68514K(88576K) Eden: 20991K(20992K)->20991K(20992K) From: 47523K(67584K)->47523K(67584K)
[19.892s][info][gc,heap        ] GC(99) ParOldGen: 682642K(683008K)->682642K(683008K)
[19.892s][info][gc,metaspace   ] GC(99) Metaspace: 6301K(6464K)->6301K(6464K) NonClass: 5768K(5824K)->5768K(5824K) Class: 533K(640K)->533K(640K)
[19.893s][info][gc             ] GC(99) Pause Full (Ergonomics) 733M->733M(753M) 746.667ms
[19.893s][info][gc,cpu         ] GC(99) User=0.70s Sys=0.00s Real=0.75s
[19.893s][info][gc,start       ] GC(100) Pause Full (Ergonomics)
[19.893s][info][gc,phases,start] GC(100) Marking Phase
[20.455s][info][gc,phases      ] GC(100) Marking Phase 562.040ms
[20.455s][info][gc,phases,start] GC(100) Summary Phase
[20.455s][info][gc,phases      ] GC(100) Summary Phase 0.026ms
[20.455s][info][gc,phases,start] GC(100) Adjust Roots
[20.455s][info][gc,phases      ] GC(100) Adjust Roots 0.210ms
[20.455s][info][gc,phases,start] GC(100) Compaction Phase
[20.648s][info][gc,phases      ] GC(100) Compaction Phase 192.900ms
[20.648s][info][gc,phases,start] GC(100) Post Compact
[20.650s][info][gc,phases      ] GC(100) Post Compact 1.328ms
[20.650s][info][gc,heap        ] GC(100) PSYoungGen: 68514K(88576K)->68514K(88576K) Eden: 20991K(20992K)->20991K(20992K) From: 47523K(67584K)->47523K(67584K)
[20.650s][info][gc,heap        ] GC(100) ParOldGen: 682647K(683008K)->682647K(683008K)
[20.650s][info][gc,metaspace   ] GC(100) Metaspace: 6301K(6464K)->6301K(6464K) NonClass: 5768K(5824K)->5768K(5824K) Class: 533K(640K)->533K(640K)
[20.650s][info][gc             ] GC(100) Pause Full (Ergonomics) 733M->733M(753M) 756.880ms
[20.650s][info][gc,cpu         ] GC(100) User=0.77s Sys=0.00s Real=0.76s
[20.650s][info][gc,start       ] GC(101) Pause Full (Ergonomics)
[20.650s][info][gc,phases,start] GC(101) Marking Phase
[21.208s][info][gc,phases      ] GC(101) Marking Phase 557.290ms
[21.208s][info][gc,phases,start] GC(101) Summary Phase
[21.208s][info][gc,phases      ] GC(101) Summary Phase 0.026ms
[21.208s][info][gc,phases,start] GC(101) Adjust Roots
[21.208s][info][gc,phases      ] GC(101) Adjust Roots 0.223ms
[21.208s][info][gc,phases,start] GC(101) Compaction Phase
[21.399s][info][gc,phases      ] GC(101) Compaction Phase 191.009ms
[21.399s][info][gc,phases,start] GC(101) Post Compact
[21.400s][info][gc,phases      ] GC(101) Post Compact 1.325ms
[21.400s][info][gc,heap        ] GC(101) PSYoungGen: 68514K(88576K)->68514K(88576K) Eden: 20991K(20992K)->20991K(20992K) From: 47523K(67584K)->47523K(67584K)
[21.400s][info][gc,heap        ] GC(101) ParOldGen: 682651K(683008K)->682651K(683008K)
[21.400s][info][gc,metaspace   ] GC(101) Metaspace: 6301K(6464K)->6301K(6464K) NonClass: 5768K(5824K)->5768K(5824K) Class: 533K(640K)->533K(640K)
[21.400s][info][gc             ] GC(101) Pause Full (Ergonomics) 733M->733M(753M) 750.255ms
[21.400s][info][gc,cpu         ] GC(101) User=0.73s Sys=0.00s Real=0.75s
[21.401s][info][gc,start       ] GC(102) Pause Full (Ergonomics)
[21.401s][info][gc,phases,start] GC(102) Marking Phase
[21.955s][info][gc,phases      ] GC(102) Marking Phase 553.739ms
[21.955s][info][gc,phases,start] GC(102) Summary Phase
[21.955s][info][gc,phases      ] GC(102) Summary Phase 0.026ms
[21.955s][info][gc,phases,start] GC(102) Adjust Roots
[21.955s][info][gc,phases      ] GC(102) Adjust Roots 0.209ms
[21.955s][info][gc,phases,start] GC(102) Compaction Phase
[22.146s][info][gc,phases      ] GC(102) Compaction Phase 191.400ms
[22.146s][info][gc,phases,start] GC(102) Post Compact
[22.148s][info][gc,phases      ] GC(102) Post Compact 1.333ms
[22.148s][info][gc,heap        ] GC(102) PSYoungGen: 68514K(88576K)->68514K(88576K) Eden: 20991K(20992K)->20991K(20992K) From: 47523K(67584K)->47523K(67584K)
[22.148s][info][gc,heap        ] GC(102) ParOldGen: 682656K(683008K)->682656K(683008K)
[22.148s][info][gc,metaspace   ] GC(102) Metaspace: 6301K(6464K)->6301K(6464K) NonClass: 5768K(5824K)->5768K(5824K) Class: 533K(640K)->533K(640K)
[22.148s][info][gc             ] GC(102) Pause Full (Ergonomics) 733M->733M(753M) 747.083ms
[22.148s][info][gc,cpu         ] GC(102) User=0.72s Sys=0.02s Real=0.75s
[22.148s][info][gc,start       ] GC(103) Pause Full (Ergonomics)
[22.148s][info][gc,phases,start] GC(103) Marking Phase
[22.701s][info][gc,phases      ] GC(103) Marking Phase 552.977ms
[22.701s][info][gc,phases,start] GC(103) Summary Phase
[22.701s][info][gc,phases      ] GC(103) Summary Phase 0.026ms
[22.701s][info][gc,phases,start] GC(103) Adjust Roots
[22.702s][info][gc,phases      ] GC(103) Adjust Roots 0.208ms
[22.702s][info][gc,phases,start] GC(103) Compaction Phase
[22.893s][info][gc,phases      ] GC(103) Compaction Phase 191.791ms
[22.894s][info][gc,phases,start] GC(103) Post Compact
[22.895s][info][gc,phases      ] GC(103) Post Compact 1.318ms
[22.895s][info][gc,heap        ] GC(103) PSYoungGen: 68514K(88576K)->68514K(88576K) Eden: 20991K(20992K)->20991K(20992K) From: 47523K(67584K)->47523K(67584K)
[22.895s][info][gc,heap        ] GC(103) ParOldGen: 682661K(683008K)->682661K(683008K)
[22.895s][info][gc,metaspace   ] GC(103) Metaspace: 6301K(6464K)->6301K(6464K) NonClass: 5768K(5824K)->5768K(5824K) Class: 533K(640K)->533K(640K)
[22.895s][info][gc             ] GC(103) Pause Full (Ergonomics) 733M->733M(753M) 746.718ms
[22.895s][info][gc,cpu         ] GC(103) User=0.72s Sys=0.00s Real=0.75s
[22.895s][info][gc,start       ] GC(104) Pause Full (Ergonomics)
[22.896s][info][gc,phases,start] GC(104) Marking Phase
[23.450s][info][gc,phases      ] GC(104) Marking Phase 554.536ms
[23.450s][info][gc,phases,start] GC(104) Summary Phase
[23.450s][info][gc,phases      ] GC(104) Summary Phase 0.026ms
[23.450s][info][gc,phases,start] GC(104) Adjust Roots
[23.450s][info][gc,phases      ] GC(104) Adjust Roots 0.224ms
[23.450s][info][gc,phases,start] GC(104) Compaction Phase
[23.643s][info][gc,phases      ] GC(104) Compaction Phase 192.093ms
[23.643s][info][gc,phases,start] GC(104) Post Compact
[23.644s][info][gc,phases      ] GC(104) Post Compact 1.312ms
[23.644s][info][gc,heap        ] GC(104) PSYoungGen: 68514K(88576K)->68514K(88576K) Eden: 20991K(20992K)->20991K(20992K) From: 47523K(67584K)->47523K(67584K)
[23.644s][info][gc,heap        ] GC(104) ParOldGen: 682665K(683008K)->682665K(683008K)
[23.644s][info][gc,metaspace   ] GC(104) Metaspace: 6301K(6464K)->6301K(6464K) NonClass: 5768K(5824K)->5768K(5824K) Class: 533K(640K)->533K(640K)
[23.644s][info][gc             ] GC(104) Pause Full (Ergonomics) 733M->733M(753M) 748.575ms
[23.644s][info][gc,cpu         ] GC(104) User=0.72s Sys=0.00s Real=0.75s
[23.644s][info][gc,start       ] GC(105) Pause Full (Ergonomics)
[23.645s][info][gc,phases,start] GC(105) Marking Phase
[24.198s][info][gc,phases      ] GC(105) Marking Phase 553.716ms
[24.198s][info][gc,phases,start] GC(105) Summary Phase
[24.198s][info][gc,phases      ] GC(105) Summary Phase 0.040ms
[24.198s][info][gc,phases,start] GC(105) Adjust Roots
[24.199s][info][gc,phases      ] GC(105) Adjust Roots 0.266ms
[24.199s][info][gc,phases,start] GC(105) Compaction Phase
[24.391s][info][gc,phases      ] GC(105) Compaction Phase 191.963ms
[24.391s][info][gc,phases,start] GC(105) Post Compact
[24.392s][info][gc,phases      ] GC(105) Post Compact 1.563ms
[24.392s][info][gc,heap        ] GC(105) PSYoungGen: 68514K(88576K)->68514K(88576K) Eden: 20991K(20992K)->20991K(20992K) From: 47523K(67584K)->47523K(67584K)
[24.392s][info][gc,heap        ] GC(105) ParOldGen: 682670K(683008K)->682670K(683008K)
[24.392s][info][gc,metaspace   ] GC(105) Metaspace: 6301K(6464K)->6301K(6464K) NonClass: 5768K(5824K)->5768K(5824K) Class: 533K(640K)->533K(640K)
[24.393s][info][gc             ] GC(105) Pause Full (Ergonomics) 733M->733M(753M) 748.033ms
[24.393s][info][gc,cpu         ] GC(105) User=0.72s Sys=0.00s Real=0.75s
[24.393s][info][gc,start       ] GC(106) Pause Full (Ergonomics)
[24.393s][info][gc,phases,start] GC(106) Marking Phase
[24.947s][info][gc,phases      ] GC(106) Marking Phase 554.165ms
[24.947s][info][gc,phases,start] GC(106) Summary Phase
[24.947s][info][gc,phases      ] GC(106) Summary Phase 0.040ms
[24.947s][info][gc,phases,start] GC(106) Adjust Roots
[24.947s][info][gc,phases      ] GC(106) Adjust Roots 0.238ms
[24.947s][info][gc,phases,start] GC(106) Compaction Phase
[25.138s][info][gc,phases      ] GC(106) Compaction Phase 190.995ms
[25.139s][info][gc,phases,start] GC(106) Post Compact
[25.140s][info][gc,phases      ] GC(106) Post Compact 1.325ms
[25.140s][info][gc,heap        ] GC(106) PSYoungGen: 68514K(88576K)->68514K(88576K) Eden: 20991K(20992K)->20991K(20992K) From: 47523K(67584K)->47523K(67584K)
[25.140s][info][gc,heap        ] GC(106) ParOldGen: 682675K(683008K)->682675K(683008K)
[25.140s][info][gc,metaspace   ] GC(106) Metaspace: 6301K(6464K)->6301K(6464K) NonClass: 5768K(5824K)->5768K(5824K) Class: 533K(640K)->533K(640K)
[25.140s][info][gc             ] GC(106) Pause Full (Ergonomics) 733M->733M(753M) 747.248ms
[25.140s][info][gc,cpu         ] GC(106) User=0.72s Sys=0.00s Real=0.75s
[25.140s][info][gc,start       ] GC(107) Pause Full (Ergonomics)
[25.140s][info][gc,phases,start] GC(107) Marking Phase
[25.697s][info][gc,phases      ] GC(107) Marking Phase 556.479ms
[25.697s][info][gc,phases,start] GC(107) Summary Phase
[25.697s][info][gc,phases      ] GC(107) Summary Phase 0.041ms
[25.697s][info][gc,phases,start] GC(107) Adjust Roots
[25.697s][info][gc,phases      ] GC(107) Adjust Roots 0.262ms
[25.697s][info][gc,phases,start] GC(107) Compaction Phase
[25.888s][info][gc,phases      ] GC(107) Compaction Phase 190.851ms
[25.888s][info][gc,phases,start] GC(107) Post Compact
[25.890s][info][gc,phases      ] GC(107) Post Compact 1.375ms
[25.890s][info][gc,heap        ] GC(107) PSYoungGen: 68514K(88576K)->68514K(88576K) Eden: 20991K(20992K)->20991K(20992K) From: 47523K(67584K)->47523K(67584K)
[25.890s][info][gc,heap        ] GC(107) ParOldGen: 682679K(683008K)->682679K(683008K)
[25.890s][info][gc,metaspace   ] GC(107) Metaspace: 6301K(6464K)->6301K(6464K) NonClass: 5768K(5824K)->5768K(5824K) Class: 533K(640K)->533K(640K)
[25.890s][info][gc             ] GC(107) Pause Full (Ergonomics) 733M->733M(753M) 749.575ms
[25.890s][info][gc,cpu         ] GC(107) User=0.70s Sys=0.00s Real=0.75s
[25.890s][info][gc,start       ] GC(108) Pause Full (Ergonomics)
[25.890s][info][gc,phases,start] GC(108) Marking Phase
[26.444s][info][gc,phases      ] GC(108) Marking Phase 553.488ms
[26.444s][info][gc,phases,start] GC(108) Summary Phase
[26.444s][info][gc,phases      ] GC(108) Summary Phase 0.040ms
[26.444s][info][gc,phases,start] GC(108) Adjust Roots
[26.444s][info][gc,phases      ] GC(108) Adjust Roots 0.272ms
[26.444s][info][gc,phases,start] GC(108) Compaction Phase
[26.636s][info][gc,phases      ] GC(108) Compaction Phase 191.187ms
[26.636s][info][gc,phases,start] GC(108) Post Compact
[26.637s][info][gc,phases      ] GC(108) Post Compact 1.468ms
[26.637s][info][gc,heap        ] GC(108) PSYoungGen: 68514K(88576K)->68514K(88576K) Eden: 20991K(20992K)->20991K(20992K) From: 47523K(67584K)->47523K(67584K)
[26.637s][info][gc,heap        ] GC(108) ParOldGen: 682684K(683008K)->682684K(683008K)
[26.637s][info][gc,metaspace   ] GC(108) Metaspace: 6301K(6464K)->6301K(6464K) NonClass: 5768K(5824K)->5768K(5824K) Class: 533K(640K)->533K(640K)
[26.637s][info][gc             ] GC(108) Pause Full (Ergonomics) 733M->733M(753M) 746.961ms
[26.637s][info][gc,cpu         ] GC(108) User=0.72s Sys=0.00s Real=0.75s
[26.638s][info][gc,start       ] GC(109) Pause Full (Ergonomics)
[26.638s][info][gc,phases,start] GC(109) Marking Phase
[27.192s][info][gc,phases      ] GC(109) Marking Phase 553.906ms
[27.192s][info][gc,phases,start] GC(109) Summary Phase
[27.192s][info][gc,phases      ] GC(109) Summary Phase 0.040ms
[27.192s][info][gc,phases,start] GC(109) Adjust Roots
[27.192s][info][gc,phases      ] GC(109) Adjust Roots 0.224ms
[27.192s][info][gc,phases,start] GC(109) Compaction Phase
[27.382s][info][gc,phases      ] GC(109) Compaction Phase 190.389ms
[27.383s][info][gc,phases,start] GC(109) Post Compact
[27.384s][info][gc,phases      ] GC(109) Post Compact 1.329ms
[27.384s][info][gc,heap        ] GC(109) PSYoungGen: 68514K(88576K)->68514K(88576K) Eden: 20991K(20992K)->20991K(20992K) From: 47523K(67584K)->47523K(67584K)
[27.384s][info][gc,heap        ] GC(109) ParOldGen: 682689K(683008K)->682689K(683008K)
[27.384s][info][gc,metaspace   ] GC(109) Metaspace: 6301K(6464K)->6301K(6464K) NonClass: 5768K(5824K)->5768K(5824K) Class: 533K(640K)->533K(640K)
[27.384s][info][gc             ] GC(109) Pause Full (Ergonomics) 733M->733M(753M) 746.377ms
[27.384s][info][gc,cpu         ] GC(109) User=0.73s Sys=0.00s Real=0.75s
[27.384s][info][gc,start       ] GC(110) Pause Full (Ergonomics)
[27.384s][info][gc,phases,start] GC(110) Marking Phase
[27.938s][info][gc,phases      ] GC(110) Marking Phase 553.609ms
[27.938s][info][gc,phases,start] GC(110) Summary Phase
[27.938s][info][gc,phases      ] GC(110) Summary Phase 0.040ms
[27.938s][info][gc,phases,start] GC(110) Adjust Roots
[27.938s][info][gc,phases      ] GC(110) Adjust Roots 0.270ms
[27.939s][info][gc,phases,start] GC(110) Compaction Phase
[28.130s][info][gc,phases      ] GC(110) Compaction Phase 191.258ms
[28.130s][info][gc,phases,start] GC(110) Post Compact
[28.131s][info][gc,phases      ] GC(110) Post Compact 1.495ms
[28.131s][info][gc,heap        ] GC(110) PSYoungGen: 68514K(88576K)->68514K(88576K) Eden: 20991K(20992K)->20991K(20992K) From: 47523K(67584K)->47523K(67584K)
[28.131s][info][gc,heap        ] GC(110) ParOldGen: 682693K(683008K)->682693K(683008K)
[28.131s][info][gc,metaspace   ] GC(110) Metaspace: 6301K(6464K)->6301K(6464K) NonClass: 5768K(5824K)->5768K(5824K) Class: 533K(640K)->533K(640K)
[28.132s][info][gc             ] GC(110) Pause Full (Ergonomics) 733M->733M(753M) 747.104ms
[28.132s][info][gc,cpu         ] GC(110) User=0.72s Sys=0.02s Real=0.75s
[28.132s][info][gc,start       ] GC(111) Pause Full (Ergonomics)
[28.132s][info][gc,phases,start] GC(111) Marking Phase
[28.686s][info][gc,phases      ] GC(111) Marking Phase 553.814ms
[28.686s][info][gc,phases,start] GC(111) Summary Phase
[28.686s][info][gc,phases      ] GC(111) Summary Phase 0.059ms
[28.686s][info][gc,phases,start] GC(111) Adjust Roots
[28.686s][info][gc,phases      ] GC(111) Adjust Roots 0.238ms
[28.686s][info][gc,phases,start] GC(111) Compaction Phase
[28.878s][info][gc,phases      ] GC(111) Compaction Phase 192.220ms
[28.878s][info][gc,phases,start] GC(111) Post Compact
[28.880s][info][gc,phases      ] GC(111) Post Compact 1.435ms
[28.880s][info][gc,heap        ] GC(111) PSYoungGen: 68514K(88576K)->68514K(88576K) Eden: 20991K(20992K)->20991K(20992K) From: 47523K(67584K)->47523K(67584K)
[28.880s][info][gc,heap        ] GC(111) ParOldGen: 682698K(683008K)->682698K(683008K)
[28.880s][info][gc,metaspace   ] GC(111) Metaspace: 6301K(6464K)->6301K(6464K) NonClass: 5768K(5824K)->5768K(5824K) Class: 533K(640K)->533K(640K)
[28.880s][info][gc             ] GC(111) Pause Full (Ergonomics) 733M->733M(753M) 748.207ms
[28.880s][info][gc,cpu         ] GC(111) User=0.70s Sys=0.00s Real=0.75s
[28.880s][info][gc,start       ] GC(112) Pause Full (Ergonomics)
[28.880s][info][gc,phases,start] GC(112) Marking Phase
[29.443s][info][gc,phases      ] GC(112) Marking Phase 562.274ms
[29.443s][info][gc,phases,start] GC(112) Summary Phase
[29.443s][info][gc,phases      ] GC(112) Summary Phase 0.047ms
[29.443s][info][gc,phases,start] GC(112) Adjust Roots
[29.443s][info][gc,phases      ] GC(112) Adjust Roots 0.211ms
[29.443s][info][gc,phases,start] GC(112) Compaction Phase
[29.635s][info][gc,phases      ] GC(112) Compaction Phase 191.692ms
[29.635s][info][gc,phases,start] GC(112) Post Compact
[29.636s][info][gc,phases      ] GC(112) Post Compact 1.419ms
[29.636s][info][gc,heap        ] GC(112) PSYoungGen: 68514K(88576K)->68514K(88576K) Eden: 20991K(20992K)->20991K(20992K) From: 47523K(67584K)->47523K(67584K)
[29.636s][info][gc,heap        ] GC(112) ParOldGen: 682703K(683008K)->682703K(683008K)
[29.636s][info][gc,metaspace   ] GC(112) Metaspace: 6301K(6464K)->6301K(6464K) NonClass: 5768K(5824K)->5768K(5824K) Class: 533K(640K)->533K(640K)
[29.636s][info][gc             ] GC(112) Pause Full (Ergonomics) 733M->733M(753M) 756.029ms
[29.636s][info][gc,cpu         ] GC(112) User=0.72s Sys=0.00s Real=0.76s
[29.637s][info][gc,start       ] GC(113) Pause Full (Ergonomics)
[29.637s][info][gc,phases,start] GC(113) Marking Phase
[30.192s][info][gc,phases      ] GC(113) Marking Phase 555.673ms
[30.193s][info][gc,phases,start] GC(113) Summary Phase
[30.193s][info][gc,phases      ] GC(113) Summary Phase 0.040ms
[30.193s][info][gc,phases,start] GC(113) Adjust Roots
[30.193s][info][gc,phases      ] GC(113) Adjust Roots 0.264ms
[30.193s][info][gc,phases,start] GC(113) Compaction Phase
[30.385s][info][gc,phases      ] GC(113) Compaction Phase 192.199ms
[30.385s][info][gc,phases,start] GC(113) Post Compact
[30.387s][info][gc,phases      ] GC(113) Post Compact 1.366ms
[30.387s][info][gc,heap        ] GC(113) PSYoungGen: 68514K(88576K)->68514K(88576K) Eden: 20991K(20992K)->20991K(20992K) From: 47523K(67584K)->47523K(67584K)
[30.387s][info][gc,heap        ] GC(113) ParOldGen: 682707K(683008K)->682707K(683008K)
[30.387s][info][gc,metaspace   ] GC(113) Metaspace: 6301K(6464K)->6301K(6464K) NonClass: 5768K(5824K)->5768K(5824K) Class: 533K(640K)->533K(640K)
[30.387s][info][gc             ] GC(113) Pause Full (Ergonomics) 733M->733M(753M) 749.992ms
[30.387s][info][gc,cpu         ] GC(113) User=0.72s Sys=0.00s Real=0.75s
[30.387s][info][gc,start       ] GC(114) Pause Full (Ergonomics)
[30.387s][info][gc,phases,start] GC(114) Marking Phase
[30.941s][info][gc,phases      ] GC(114) Marking Phase 553.690ms
[30.941s][info][gc,phases,start] GC(114) Summary Phase
[30.941s][info][gc,phases      ] GC(114) Summary Phase 0.027ms
[30.941s][info][gc,phases,start] GC(114) Adjust Roots
[30.941s][info][gc,phases      ] GC(114) Adjust Roots 0.227ms
[30.941s][info][gc,phases,start] GC(114) Compaction Phase
[31.133s][info][gc,phases      ] GC(114) Compaction Phase 191.974ms
[31.133s][info][gc,phases,start] GC(114) Post Compact
[31.135s][info][gc,phases      ] GC(114) Post Compact 1.398ms
[31.135s][info][gc,heap        ] GC(114) PSYoungGen: 68514K(88576K)->68514K(88576K) Eden: 20991K(20992K)->20991K(20992K) From: 47523K(67584K)->47523K(67584K)
[31.135s][info][gc,heap        ] GC(114) ParOldGen: 682712K(683008K)->682712K(683008K)
[31.135s][info][gc,metaspace   ] GC(114) Metaspace: 6301K(6464K)->6301K(6464K) NonClass: 5768K(5824K)->5768K(5824K) Class: 533K(640K)->533K(640K)
[31.135s][info][gc             ] GC(114) Pause Full (Ergonomics) 733M->733M(753M) 747.703ms
[31.135s][info][gc,cpu         ] GC(114) User=0.73s Sys=0.00s Real=0.75s
[31.135s][info][gc,start       ] GC(115) Pause Full (Ergonomics)
[31.135s][info][gc,phases,start] GC(115) Marking Phase
[31.691s][info][gc,phases      ] GC(115) Marking Phase 556.228ms
[31.692s][info][gc,phases,start] GC(115) Summary Phase
[31.692s][info][gc,phases      ] GC(115) Summary Phase 0.041ms
[31.692s][info][gc,phases,start] GC(115) Adjust Roots
[31.692s][info][gc,phases      ] GC(115) Adjust Roots 0.219ms
[31.692s][info][gc,phases,start] GC(115) Compaction Phase
[31.884s][info][gc,phases      ] GC(115) Compaction Phase 192.141ms
[31.884s][info][gc,phases,start] GC(115) Post Compact
[31.886s][info][gc,phases      ] GC(115) Post Compact 1.451ms
[31.886s][info][gc,heap        ] GC(115) PSYoungGen: 68514K(88576K)->68514K(88576K) Eden: 20991K(20992K)->20991K(20992K) From: 47523K(67584K)->47523K(67584K)
[31.886s][info][gc,heap        ] GC(115) ParOldGen: 682717K(683008K)->682717K(683008K)
[31.886s][info][gc,metaspace   ] GC(115) Metaspace: 6301K(6464K)->6301K(6464K) NonClass: 5768K(5824K)->5768K(5824K) Class: 533K(640K)->533K(640K)
[31.886s][info][gc             ] GC(115) Pause Full (Ergonomics) 733M->733M(753M) 750.582ms
[31.886s][info][gc,cpu         ] GC(115) User=0.73s Sys=0.00s Real=0.75s
[31.886s][info][gc,start       ] GC(116) Pause Full (Ergonomics)
[31.886s][info][gc,phases,start] GC(116) Marking Phase
[32.442s][info][gc,phases      ] GC(116) Marking Phase 556.330ms
[32.443s][info][gc,phases,start] GC(116) Summary Phase
[32.443s][info][gc,phases      ] GC(116) Summary Phase 0.026ms
[32.443s][info][gc,phases,start] GC(116) Adjust Roots
[32.443s][info][gc,phases      ] GC(116) Adjust Roots 0.232ms
[32.443s][info][gc,phases,start] GC(116) Compaction Phase
[32.635s][info][gc,phases      ] GC(116) Compaction Phase 191.790ms
[32.635s][info][gc,phases,start] GC(116) Post Compact
[32.636s][info][gc,phases      ] GC(116) Post Compact 1.371ms
[32.636s][info][gc,heap        ] GC(116) PSYoungGen: 68514K(88576K)->68514K(88576K) Eden: 20991K(20992K)->20991K(20992K) From: 47523K(67584K)->47523K(67584K)
[32.636s][info][gc,heap        ] GC(116) ParOldGen: 682721K(683008K)->682721K(683008K)
[32.636s][info][gc,metaspace   ] GC(116) Metaspace: 6301K(6464K)->6301K(6464K) NonClass: 5768K(5824K)->5768K(5824K) Class: 533K(640K)->533K(640K)
[32.636s][info][gc             ] GC(116) Pause Full (Ergonomics) 733M->733M(753M) 750.123ms
[32.636s][info][gc,cpu         ] GC(116) User=0.72s Sys=0.00s Real=0.75s
[32.637s][info][gc,start       ] GC(117) Pause Full (Ergonomics)
[32.637s][info][gc,phases,start] GC(117) Marking Phase
[33.196s][info][gc,phases      ] GC(117) Marking Phase 559.515ms
[33.196s][info][gc,phases,start] GC(117) Summary Phase
[33.196s][info][gc,phases      ] GC(117) Summary Phase 0.022ms
[33.196s][info][gc,phases,start] GC(117) Adjust Roots
[33.197s][info][gc,phases      ] GC(117) Adjust Roots 0.275ms
[33.197s][info][gc,phases,start] GC(117) Compaction Phase
[33.391s][info][gc,phases      ] GC(117) Compaction Phase 194.110ms
[33.391s][info][gc,phases,start] GC(117) Post Compact
[33.392s][info][gc,phases      ] GC(117) Post Compact 1.355ms
[33.392s][info][gc,heap        ] GC(117) PSYoungGen: 68514K(88576K)->68514K(88576K) Eden: 20991K(20992K)->20991K(20992K) From: 47523K(67584K)->47523K(67584K)
[33.392s][info][gc,heap        ] GC(117) ParOldGen: 682726K(683008K)->682726K(683008K)
[33.392s][info][gc,metaspace   ] GC(117) Metaspace: 6301K(6464K)->6301K(6464K) NonClass: 5768K(5824K)->5768K(5824K) Class: 533K(640K)->533K(640K)
[33.392s][info][gc             ] GC(117) Pause Full (Ergonomics) 733M->733M(753M) 755.616ms
[33.392s][info][gc,cpu         ] GC(117) User=0.72s Sys=0.02s Real=0.76s
[33.393s][info][gc,start       ] GC(118) Pause Full (Ergonomics)
[33.393s][info][gc,phases,start] GC(118) Marking Phase
[33.946s][info][gc,phases      ] GC(118) Marking Phase 553.601ms
[33.946s][info][gc,phases,start] GC(118) Summary Phase
[33.946s][info][gc,phases      ] GC(118) Summary Phase 0.040ms
[33.946s][info][gc,phases,start] GC(118) Adjust Roots
[33.947s][info][gc,phases      ] GC(118) Adjust Roots 0.238ms
[33.947s][info][gc,phases,start] GC(118) Compaction Phase
[34.144s][info][gc,phases      ] GC(118) Compaction Phase 197.775ms
[34.144s][info][gc,phases,start] GC(118) Post Compact
[34.146s][info][gc,phases      ] GC(118) Post Compact 1.432ms
[34.146s][info][gc,heap        ] GC(118) PSYoungGen: 68514K(88576K)->68514K(88576K) Eden: 20991K(20992K)->20991K(20992K) From: 47523K(67584K)->47523K(67584K)
[34.146s][info][gc,heap        ] GC(118) ParOldGen: 682731K(683008K)->682731K(683008K)
[34.146s][info][gc,metaspace   ] GC(118) Metaspace: 6301K(6464K)->6301K(6464K) NonClass: 5768K(5824K)->5768K(5824K) Class: 533K(640K)->533K(640K)
[34.146s][info][gc             ] GC(118) Pause Full (Ergonomics) 733M->733M(753M) 753.539ms
[34.146s][info][gc,cpu         ] GC(118) User=0.72s Sys=0.00s Real=0.75s
[34.146s][info][gc,start       ] GC(119) Pause Full (Ergonomics)
[34.146s][info][gc,phases,start] GC(119) Marking Phase
[34.706s][info][gc,phases      ] GC(119) Marking Phase 559.778ms
[34.706s][info][gc,phases,start] GC(119) Summary Phase
[34.706s][info][gc,phases      ] GC(119) Summary Phase 0.040ms
[34.706s][info][gc,phases,start] GC(119) Adjust Roots
[34.707s][info][gc,phases      ] GC(119) Adjust Roots 0.272ms
[34.707s][info][gc,phases,start] GC(119) Compaction Phase
[34.898s][info][gc,phases      ] GC(119) Compaction Phase 191.629ms
[34.898s][info][gc,phases,start] GC(119) Post Compact
[34.900s][info][gc,phases      ] GC(119) Post Compact 1.443ms
[34.900s][info][gc,heap        ] GC(119) PSYoungGen: 68514K(88576K)->68514K(88576K) Eden: 20991K(20992K)->20991K(20992K) From: 47523K(67584K)->47523K(67584K)
[34.900s][info][gc,heap        ] GC(119) ParOldGen: 682735K(683008K)->682735K(683008K)
[34.900s][info][gc,metaspace   ] GC(119) Metaspace: 6301K(6464K)->6301K(6464K) NonClass: 5768K(5824K)->5768K(5824K) Class: 533K(640K)->533K(640K)
[34.900s][info][gc             ] GC(119) Pause Full (Ergonomics) 733M->733M(753M) 753.648ms
[34.900s][info][gc,cpu         ] GC(119) User=0.72s Sys=0.00s Real=0.75s
[34.900s][info][gc,start       ] GC(120) Pause Full (Ergonomics)
[34.900s][info][gc,phases,start] GC(120) Marking Phase
[35.453s][info][gc,phases      ] GC(120) Marking Phase 552.640ms
[35.453s][info][gc,phases,start] GC(120) Summary Phase
[35.453s][info][gc,phases      ] GC(120) Summary Phase 0.040ms
[35.453s][info][gc,phases,start] GC(120) Adjust Roots
[35.454s][info][gc,phases      ] GC(120) Adjust Roots 0.264ms
[35.454s][info][gc,phases,start] GC(120) Compaction Phase
[35.646s][info][gc,phases      ] GC(120) Compaction Phase 192.115ms
[35.646s][info][gc,phases,start] GC(120) Post Compact
[35.647s][info][gc,phases      ] GC(120) Post Compact 1.432ms
[35.647s][info][gc,heap        ] GC(120) PSYoungGen: 68514K(88576K)->68514K(88576K) Eden: 20991K(20992K)->20991K(20992K) From: 47523K(67584K)->47523K(67584K)
[35.647s][info][gc,heap        ] GC(120) ParOldGen: 682740K(683008K)->682740K(683008K)
[35.647s][info][gc,metaspace   ] GC(120) Metaspace: 6301K(6464K)->6301K(6464K) NonClass: 5768K(5824K)->5768K(5824K) Class: 533K(640K)->533K(640K)
[35.647s][info][gc             ] GC(120) Pause Full (Ergonomics) 733M->733M(753M) 746.916ms
[35.647s][info][gc,cpu         ] GC(120) User=0.70s Sys=0.00s Real=0.75s
[35.648s][info][gc,start       ] GC(121) Pause Full (Ergonomics)
[35.648s][info][gc,phases,start] GC(121) Marking Phase
[36.201s][info][gc,phases      ] GC(121) Marking Phase 553.378ms
[36.201s][info][gc,phases,start] GC(121) Summary Phase
[36.201s][info][gc,phases      ] GC(121) Summary Phase 0.040ms
[36.201s][info][gc,phases,start] GC(121) Adjust Roots
[36.202s][info][gc,phases      ] GC(121) Adjust Roots 0.233ms
[36.202s][info][gc,phases,start] GC(121) Compaction Phase
[36.393s][info][gc,phases      ] GC(121) Compaction Phase 191.264ms
[36.393s][info][gc,phases,start] GC(121) Post Compact
[36.394s][info][gc,phases      ] GC(121) Post Compact 1.359ms
[36.394s][info][gc,heap        ] GC(121) PSYoungGen: 68514K(88576K)->68514K(88576K) Eden: 20991K(20992K)->20991K(20992K) From: 47523K(67584K)->47523K(67584K)
[36.394s][info][gc,heap        ] GC(121) ParOldGen: 682745K(683008K)->682745K(683008K)
[36.394s][info][gc,metaspace   ] GC(121) Metaspace: 6301K(6464K)->6301K(6464K) NonClass: 5768K(5824K)->5768K(5824K) Class: 533K(640K)->533K(640K)
[36.394s][info][gc             ] GC(121) Pause Full (Ergonomics) 733M->733M(753M) 746.678ms
[36.394s][info][gc,cpu         ] GC(121) User=0.70s Sys=0.00s Real=0.75s
[36.395s][info][gc,start       ] GC(122) Pause Full (Ergonomics)
[36.395s][info][gc,phases,start] GC(122) Marking Phase
[36.948s][info][gc,phases      ] GC(122) Marking Phase 552.951ms
[36.948s][info][gc,phases,start] GC(122) Summary Phase
[36.948s][info][gc,phases      ] GC(122) Summary Phase 0.026ms
[36.948s][info][gc,phases,start] GC(122) Adjust Roots
[36.948s][info][gc,phases      ] GC(122) Adjust Roots 0.235ms
[36.948s][info][gc,phases,start] GC(122) Compaction Phase
[37.140s][info][gc,phases      ] GC(122) Compaction Phase 191.759ms
[37.140s][info][gc,phases,start] GC(122) Post Compact
[37.141s][info][gc,phases      ] GC(122) Post Compact 1.379ms
[37.141s][info][gc,heap        ] GC(122) PSYoungGen: 68514K(88576K)->68514K(88576K) Eden: 20991K(20992K)->20991K(20992K) From: 47523K(67584K)->47523K(67584K)
[37.141s][info][gc,heap        ] GC(122) ParOldGen: 682749K(683008K)->682749K(683008K)
[37.141s][info][gc,metaspace   ] GC(122) Metaspace: 6301K(6464K)->6301K(6464K) NonClass: 5768K(5824K)->5768K(5824K) Class: 533K(640K)->533K(640K)
[37.142s][info][gc             ] GC(122) Pause Full (Ergonomics) 733M->733M(753M) 746.760ms
[37.142s][info][gc,cpu         ] GC(122) User=0.70s Sys=0.00s Real=0.75s
[37.142s][info][gc,start       ] GC(123) Pause Full (Ergonomics)
[37.142s][info][gc,phases,start] GC(123) Marking Phase
[37.697s][info][gc,phases      ] GC(123) Marking Phase 554.695ms
[37.697s][info][gc,phases,start] GC(123) Summary Phase
[37.697s][info][gc,phases      ] GC(123) Summary Phase 0.040ms
[37.697s][info][gc,phases,start] GC(123) Adjust Roots
[37.697s][info][gc,phases      ] GC(123) Adjust Roots 0.252ms
[37.697s][info][gc,phases,start] GC(123) Compaction Phase
[37.889s][info][gc,phases      ] GC(123) Compaction Phase 192.118ms
[37.889s][info][gc,phases,start] GC(123) Post Compact
[37.891s][info][gc,phases      ] GC(123) Post Compact 1.520ms
[37.891s][info][gc,heap        ] GC(123) PSYoungGen: 68514K(88576K)->68514K(88576K) Eden: 20991K(20992K)->20991K(20992K) From: 47523K(67584K)->47523K(67584K)
[37.891s][info][gc,heap        ] GC(123) ParOldGen: 682754K(683008K)->682754K(683008K)
[37.891s][info][gc,metaspace   ] GC(123) Metaspace: 6301K(6464K)->6301K(6464K) NonClass: 5768K(5824K)->5768K(5824K) Class: 533K(640K)->533K(640K)
[37.891s][info][gc             ] GC(123) Pause Full (Ergonomics) 733M->733M(753M) 749.063ms
[37.891s][info][gc,cpu         ] GC(123) User=0.72s Sys=0.00s Real=0.75s
[37.891s][info][gc,start       ] GC(124) Pause Full (Ergonomics)
[37.891s][info][gc,phases,start] GC(124) Marking Phase
[38.447s][info][gc,phases      ] GC(124) Marking Phase 555.788ms
[38.447s][info][gc,phases,start] GC(124) Summary Phase
[38.447s][info][gc,phases      ] GC(124) Summary Phase 0.040ms
[38.447s][info][gc,phases,start] GC(124) Adjust Roots
[38.448s][info][gc,phases      ] GC(124) Adjust Roots 0.250ms
[38.448s][info][gc,phases,start] GC(124) Compaction Phase
[38.641s][info][gc,phases      ] GC(124) Compaction Phase 193.057ms
[38.641s][info][gc,phases,start] GC(124) Post Compact
[38.642s][info][gc,phases      ] GC(124) Post Compact 1.462ms
[38.642s][info][gc,heap        ] GC(124) PSYoungGen: 68514K(88576K)->68514K(88576K) Eden: 20991K(20992K)->20991K(20992K) From: 47523K(67584K)->47523K(67584K)
[38.642s][info][gc,heap        ] GC(124) ParOldGen: 682759K(683008K)->682759K(683008K)
[38.643s][info][gc,metaspace   ] GC(124) Metaspace: 6301K(6464K)->6301K(6464K) NonClass: 5768K(5824K)->5768K(5824K) Class: 533K(640K)->533K(640K)
[38.643s][info][gc             ] GC(124) Pause Full (Ergonomics) 733M->733M(753M) 751.078ms
[38.643s][info][gc,cpu         ] GC(124) User=0.73s Sys=0.00s Real=0.75s
[38.643s][info][gc,start       ] GC(125) Pause Full (Ergonomics)
[38.643s][info][gc,phases,start] GC(125) Marking Phase
[39.197s][info][gc,phases      ] GC(125) Marking Phase 554.409ms
[39.197s][info][gc,phases,start] GC(125) Summary Phase
[39.197s][info][gc,phases      ] GC(125) Summary Phase 0.068ms
[39.197s][info][gc,phases,start] GC(125) Adjust Roots
[39.198s][info][gc,phases      ] GC(125) Adjust Roots 0.268ms
[39.198s][info][gc,phases,start] GC(125) Compaction Phase
[39.389s][info][gc,phases      ] GC(125) Compaction Phase 191.504ms
[39.389s][info][gc,phases,start] GC(125) Post Compact
[39.391s][info][gc,phases      ] GC(125) Post Compact 1.378ms
[39.391s][info][gc,heap        ] GC(125) PSYoungGen: 68514K(88576K)->68514K(88576K) Eden: 20991K(20992K)->20991K(20992K) From: 47523K(67584K)->47523K(67584K)
[39.391s][info][gc,heap        ] GC(125) ParOldGen: 682763K(683008K)->682763K(683008K)
[39.391s][info][gc,metaspace   ] GC(125) Metaspace: 6301K(6464K)->6301K(6464K) NonClass: 5768K(5824K)->5768K(5824K) Class: 533K(640K)->533K(640K)
[39.391s][info][gc             ] GC(125) Pause Full (Ergonomics) 733M->733M(753M) 748.047ms
[39.391s][info][gc,cpu         ] GC(125) User=0.72s Sys=0.00s Real=0.75s
[39.391s][info][gc,start       ] GC(126) Pause Full (Ergonomics)
[39.391s][info][gc,phases,start] GC(126) Marking Phase
[39.945s][info][gc,phases      ] GC(126) Marking Phase 553.422ms
[39.945s][info][gc,phases,start] GC(126) Summary Phase
[39.945s][info][gc,phases      ] GC(126) Summary Phase 0.026ms
[39.945s][info][gc,phases,start] GC(126) Adjust Roots
[39.945s][info][gc,phases      ] GC(126) Adjust Roots 0.243ms
[39.945s][info][gc,phases,start] GC(126) Compaction Phase
[40.137s][info][gc,phases      ] GC(126) Compaction Phase 192.015ms
[40.137s][info][gc,phases,start] GC(126) Post Compact
[40.139s][info][gc,phases      ] GC(126) Post Compact 1.439ms
[40.139s][info][gc,heap        ] GC(126) PSYoungGen: 68514K(88576K)->68514K(88576K) Eden: 20991K(20992K)->20991K(20992K) From: 47523K(67584K)->47523K(67584K)
[40.139s][info][gc,heap        ] GC(126) ParOldGen: 682768K(683008K)->682768K(683008K)
[40.139s][info][gc,metaspace   ] GC(126) Metaspace: 6301K(6464K)->6301K(6464K) NonClass: 5768K(5824K)->5768K(5824K) Class: 533K(640K)->533K(640K)
[40.139s][info][gc             ] GC(126) Pause Full (Ergonomics) 733M->733M(753M) 747.633ms
[40.139s][info][gc,cpu         ] GC(126) User=0.70s Sys=0.02s Real=0.75s
[40.139s][info][gc,start       ] GC(127) Pause Full (Ergonomics)
[40.139s][info][gc,phases,start] GC(127) Marking Phase
[40.697s][info][gc,phases      ] GC(127) Marking Phase 557.906ms
[40.697s][info][gc,phases,start] GC(127) Summary Phase
[40.697s][info][gc,phases      ] GC(127) Summary Phase 0.060ms
[40.697s][info][gc,phases,start] GC(127) Adjust Roots
[40.698s][info][gc,phases      ] GC(127) Adjust Roots 0.326ms
[40.698s][info][gc,phases,start] GC(127) Compaction Phase
[40.892s][info][gc,phases      ] GC(127) Compaction Phase 193.842ms
[40.892s][info][gc,phases,start] GC(127) Post Compact
[40.894s][info][gc,phases      ] GC(127) Post Compact 1.913ms
[40.894s][info][gc,heap        ] GC(127) PSYoungGen: 68514K(88576K)->68514K(88576K) Eden: 20991K(20992K)->20991K(20992K) From: 47523K(67584K)->47523K(67584K)
[40.894s][info][gc,heap        ] GC(127) ParOldGen: 682773K(683008K)->682773K(683008K)
[40.894s][info][gc,metaspace   ] GC(127) Metaspace: 6301K(6464K)->6301K(6464K) NonClass: 5768K(5824K)->5768K(5824K) Class: 533K(640K)->533K(640K)
[40.894s][info][gc             ] GC(127) Pause Full (Ergonomics) 733M->733M(753M) 754.498ms
[40.894s][info][gc,cpu         ] GC(127) User=0.70s Sys=0.02s Real=0.75s
[40.894s][info][gc,start       ] GC(128) Pause Full (Ergonomics)
[40.894s][info][gc,phases,start] GC(128) Marking Phase
[41.460s][info][gc,phases      ] GC(128) Marking Phase 565.814ms
[41.460s][info][gc,phases,start] GC(128) Summary Phase
[41.460s][info][gc,phases      ] GC(128) Summary Phase 0.041ms
[41.460s][info][gc,phases,start] GC(128) Adjust Roots
[41.461s][info][gc,phases      ] GC(128) Adjust Roots 0.392ms
[41.461s][info][gc,phases,start] GC(128) Compaction Phase
[41.655s][info][gc,phases      ] GC(128) Compaction Phase 194.264ms
[41.655s][info][gc,phases,start] GC(128) Post Compact
[41.656s][info][gc,phases      ] GC(128) Post Compact 1.381ms
[41.656s][info][gc,heap        ] GC(128) PSYoungGen: 68514K(88576K)->68514K(88576K) Eden: 20991K(20992K)->20991K(20992K) From: 47523K(67584K)->47523K(67584K)
[41.656s][info][gc,heap        ] GC(128) ParOldGen: 682777K(683008K)->682777K(683008K)
[41.656s][info][gc,metaspace   ] GC(128) Metaspace: 6301K(6464K)->6301K(6464K) NonClass: 5768K(5824K)->5768K(5824K) Class: 533K(640K)->533K(640K)
[41.656s][info][gc             ] GC(128) Pause Full (Ergonomics) 733M->733M(753M) 762.353ms
[41.656s][info][gc,cpu         ] GC(128) User=0.75s Sys=0.00s Real=0.76s
[41.657s][info][gc,start       ] GC(129) Pause Full (Ergonomics)
[41.657s][info][gc,phases,start] GC(129) Marking Phase
[42.213s][info][gc,phases      ] GC(129) Marking Phase 556.632ms
[42.214s][info][gc,phases,start] GC(129) Summary Phase
[42.214s][info][gc,phases      ] GC(129) Summary Phase 0.022ms
[42.214s][info][gc,phases,start] GC(129) Adjust Roots
[42.214s][info][gc,phases      ] GC(129) Adjust Roots 0.765ms
[42.214s][info][gc,phases,start] GC(129) Compaction Phase
[42.412s][info][gc,phases      ] GC(129) Compaction Phase 197.379ms
[42.412s][info][gc,phases,start] GC(129) Post Compact
[42.413s][info][gc,phases      ] GC(129) Post Compact 1.341ms
[42.413s][info][gc,heap        ] GC(129) PSYoungGen: 68514K(88576K)->68514K(88576K) Eden: 20991K(20992K)->20991K(20992K) From: 47523K(67584K)->47523K(67584K)
[42.413s][info][gc,heap        ] GC(129) ParOldGen: 682782K(683008K)->682782K(683008K)
[42.413s][info][gc,metaspace   ] GC(129) Metaspace: 6301K(6464K)->6301K(6464K) NonClass: 5768K(5824K)->5768K(5824K) Class: 533K(640K)->533K(640K)
[42.413s][info][gc             ] GC(129) Pause Full (Ergonomics) 733M->733M(753M) 756.495ms
[42.413s][info][gc,cpu         ] GC(129) User=0.75s Sys=0.00s Real=0.76s
[42.414s][info][gc,start       ] GC(130) Pause Full (Ergonomics)
[42.414s][info][gc,phases,start] GC(130) Marking Phase
[42.971s][info][gc,phases      ] GC(130) Marking Phase 557.078ms
[42.971s][info][gc,phases,start] GC(130) Summary Phase
[42.971s][info][gc,phases      ] GC(130) Summary Phase 0.040ms
[42.971s][info][gc,phases,start] GC(130) Adjust Roots
[42.971s][info][gc,phases      ] GC(130) Adjust Roots 0.240ms
[42.971s][info][gc,phases,start] GC(130) Compaction Phase
[43.163s][info][gc,phases      ] GC(130) Compaction Phase 191.444ms
[43.163s][info][gc,phases,start] GC(130) Post Compact
[43.164s][info][gc,phases      ] GC(130) Post Compact 1.452ms
[43.164s][info][gc,heap        ] GC(130) PSYoungGen: 68514K(88576K)->68514K(88576K) Eden: 20991K(20992K)->20991K(20992K) From: 47523K(67584K)->47523K(67584K)
[43.164s][info][gc,heap        ] GC(130) ParOldGen: 682787K(683008K)->682787K(683008K)
[43.164s][info][gc,metaspace   ] GC(130) Metaspace: 6301K(6464K)->6301K(6464K) NonClass: 5768K(5824K)->5768K(5824K) Class: 533K(640K)->533K(640K)
[43.164s][info][gc             ] GC(130) Pause Full (Ergonomics) 733M->733M(753M) 750.690ms
[43.165s][info][gc,cpu         ] GC(130) User=0.73s Sys=0.00s Real=0.75s
[43.165s][info][gc,start       ] GC(131) Pause Full (Ergonomics)
[43.165s][info][gc,phases,start] GC(131) Marking Phase
[43.718s][info][gc,phases      ] GC(131) Marking Phase 553.341ms
[43.718s][info][gc,phases,start] GC(131) Summary Phase
[43.718s][info][gc,phases      ] GC(131) Summary Phase 0.040ms
[43.718s][info][gc,phases,start] GC(131) Adjust Roots
[43.719s][info][gc,phases      ] GC(131) Adjust Roots 0.266ms
[43.719s][info][gc,phases,start] GC(131) Compaction Phase
[43.911s][info][gc,phases      ] GC(131) Compaction Phase 192.133ms
[43.911s][info][gc,phases,start] GC(131) Post Compact
[43.912s][info][gc,phases      ] GC(131) Post Compact 1.469ms
[43.913s][info][gc,heap        ] GC(131) PSYoungGen: 68514K(88576K)->68514K(88576K) Eden: 20991K(20992K)->20991K(20992K) From: 47523K(67584K)->47523K(67584K)
[43.913s][info][gc,heap        ] GC(131) ParOldGen: 682791K(683008K)->682791K(683008K)
[43.913s][info][gc,metaspace   ] GC(131) Metaspace: 6301K(6464K)->6301K(6464K) NonClass: 5768K(5824K)->5768K(5824K) Class: 533K(640K)->533K(640K)
[43.913s][info][gc             ] GC(131) Pause Full (Ergonomics) 733M->733M(753M) 747.750ms
[43.913s][info][gc,cpu         ] GC(131) User=0.72s Sys=0.00s Real=0.75s
[43.913s][info][gc,start       ] GC(132) Pause Full (Ergonomics)
[43.913s][info][gc,phases,start] GC(132) Marking Phase
[44.469s][info][gc,phases      ] GC(132) Marking Phase 555.938ms
[44.469s][info][gc,phases,start] GC(132) Summary Phase
[44.469s][info][gc,phases      ] GC(132) Summary Phase 0.060ms
[44.469s][info][gc,phases,start] GC(132) Adjust Roots
[44.469s][info][gc,phases      ] GC(132) Adjust Roots 0.272ms
[44.470s][info][gc,phases,start] GC(132) Compaction Phase
[44.662s][info][gc,phases      ] GC(132) Compaction Phase 192.148ms
[44.662s][info][gc,phases,start] GC(132) Post Compact
[44.663s][info][gc,phases      ] GC(132) Post Compact 1.409ms
[44.663s][info][gc,heap        ] GC(132) PSYoungGen: 68514K(88576K)->68514K(88576K) Eden: 20991K(20992K)->20991K(20992K) From: 47523K(67584K)->47523K(67584K)
[44.663s][info][gc,heap        ] GC(132) ParOldGen: 682796K(683008K)->682796K(683008K)
[44.663s][info][gc,metaspace   ] GC(132) Metaspace: 6301K(6464K)->6301K(6464K) NonClass: 5768K(5824K)->5768K(5824K) Class: 533K(640K)->533K(640K)
[44.663s][info][gc             ] GC(132) Pause Full (Ergonomics) 733M->733M(753M) 750.253ms
[44.663s][info][gc,cpu         ] GC(132) User=0.75s Sys=0.00s Real=0.75s
[44.664s][info][gc,start       ] GC(133) Pause Full (Ergonomics)
[44.664s][info][gc,phases,start] GC(133) Marking Phase
[45.219s][info][gc,phases      ] GC(133) Marking Phase 555.583ms
[45.219s][info][gc,phases,start] GC(133) Summary Phase
[45.219s][info][gc,phases      ] GC(133) Summary Phase 0.041ms
[45.219s][info][gc,phases,start] GC(133) Adjust Roots
[45.220s][info][gc,phases      ] GC(133) Adjust Roots 0.249ms
[45.220s][info][gc,phases,start] GC(133) Compaction Phase
[45.412s][info][gc,phases      ] GC(133) Compaction Phase 192.386ms
[45.412s][info][gc,phases,start] GC(133) Post Compact
[45.414s][info][gc,phases      ] GC(133) Post Compact 1.474ms
[45.414s][info][gc,heap        ] GC(133) PSYoungGen: 68514K(88576K)->68514K(88576K) Eden: 20991K(20992K)->20991K(20992K) From: 47523K(67584K)->47523K(67584K)
[45.414s][info][gc,heap        ] GC(133) ParOldGen: 682801K(683008K)->682801K(683008K)
[45.414s][info][gc,metaspace   ] GC(133) Metaspace: 6301K(6464K)->6301K(6464K) NonClass: 5768K(5824K)->5768K(5824K) Class: 533K(640K)->533K(640K)
[45.414s][info][gc             ] GC(133) Pause Full (Ergonomics) 733M->733M(753M) 750.223ms
[45.414s][info][gc,cpu         ] GC(133) User=0.73s Sys=0.02s Real=0.75s
[45.414s][info][gc,start       ] GC(134) Pause Full (Ergonomics)
[45.414s][info][gc,phases,start] GC(134) Marking Phase
[45.970s][info][gc,phases      ] GC(134) Marking Phase 555.360ms
[45.970s][info][gc,phases,start] GC(134) Summary Phase
[45.970s][info][gc,phases      ] GC(134) Summary Phase 0.040ms
[45.970s][info][gc,phases,start] GC(134) Adjust Roots
[45.970s][info][gc,phases      ] GC(134) Adjust Roots 0.266ms
[45.970s][info][gc,phases,start] GC(134) Compaction Phase
[46.163s][info][gc,phases      ] GC(134) Compaction Phase 192.971ms
[46.163s][info][gc,phases,start] GC(134) Post Compact
[46.165s][info][gc,phases      ] GC(134) Post Compact 1.376ms
[46.165s][info][gc,heap        ] GC(134) PSYoungGen: 68514K(88576K)->68514K(88576K) Eden: 20991K(20992K)->20991K(20992K) From: 47523K(67584K)->47523K(67584K)
[46.165s][info][gc,heap        ] GC(134) ParOldGen: 682805K(683008K)->682805K(683008K)
[46.165s][info][gc,metaspace   ] GC(134) Metaspace: 6301K(6464K)->6301K(6464K) NonClass: 5768K(5824K)->5768K(5824K) Class: 533K(640K)->533K(640K)
[46.165s][info][gc             ] GC(134) Pause Full (Ergonomics) 733M->733M(753M) 750.444ms
[46.165s][info][gc,cpu         ] GC(134) User=0.75s Sys=0.00s Real=0.75s
[46.165s][info][gc,start       ] GC(135) Pause Full (Ergonomics)
[46.165s][info][gc,phases,start] GC(135) Marking Phase
[46.723s][info][gc,phases      ] GC(135) Marking Phase 558.301ms
[46.723s][info][gc,phases,start] GC(135) Summary Phase
[46.723s][info][gc,phases      ] GC(135) Summary Phase 0.068ms
[46.724s][info][gc,phases,start] GC(135) Adjust Roots
[46.724s][info][gc,phases      ] GC(135) Adjust Roots 0.266ms
[46.724s][info][gc,phases,start] GC(135) Compaction Phase
[46.916s][info][gc,phases      ] GC(135) Compaction Phase 192.038ms
[46.916s][info][gc,phases,start] GC(135) Post Compact
[46.917s][info][gc,phases      ] GC(135) Post Compact 1.404ms
[46.917s][info][gc,heap        ] GC(135) PSYoungGen: 68514K(88576K)->68514K(88576K) Eden: 20991K(20992K)->20991K(20992K) From: 47523K(67584K)->47523K(67584K)
[46.917s][info][gc,heap        ] GC(135) ParOldGen: 682810K(683008K)->682810K(683008K)
[46.917s][info][gc,metaspace   ] GC(135) Metaspace: 6301K(6464K)->6301K(6464K) NonClass: 5768K(5824K)->5768K(5824K) Class: 533K(640K)->533K(640K)
[46.918s][info][gc             ] GC(135) Pause Full (Ergonomics) 733M->733M(753M) 752.513ms
[46.918s][info][gc,cpu         ] GC(135) User=0.70s Sys=0.02s Real=0.75s
[46.918s][info][gc,start       ] GC(136) Pause Full (Ergonomics)
[46.918s][info][gc,phases,start] GC(136) Marking Phase
[47.482s][info][gc,phases      ] GC(136) Marking Phase 564.296ms
[47.482s][info][gc,phases,start] GC(136) Summary Phase
[47.482s][info][gc,phases      ] GC(136) Summary Phase 0.023ms
[47.482s][info][gc,phases,start] GC(136) Adjust Roots
[47.483s][info][gc,phases      ] GC(136) Adjust Roots 0.247ms
[47.483s][info][gc,phases,start] GC(136) Compaction Phase
[47.676s][info][gc,phases      ] GC(136) Compaction Phase 193.439ms
[47.676s][info][gc,phases,start] GC(136) Post Compact
[47.677s][info][gc,phases      ] GC(136) Post Compact 1.366ms
[47.678s][info][gc,heap        ] GC(136) PSYoungGen: 68514K(88576K)->68514K(88576K) Eden: 20991K(20992K)->20991K(20992K) From: 47523K(67584K)->47523K(67584K)
[47.678s][info][gc,heap        ] GC(136) ParOldGen: 682815K(683008K)->682815K(683008K)
[47.678s][info][gc,metaspace   ] GC(136) Metaspace: 6301K(6464K)->6301K(6464K) NonClass: 5768K(5824K)->5768K(5824K) Class: 533K(640K)->533K(640K)
[47.678s][info][gc             ] GC(136) Pause Full (Ergonomics) 733M->733M(753M) 759.740ms
[47.678s][info][gc,cpu         ] GC(136) User=0.73s Sys=0.00s Real=0.76s
[47.678s][info][gc,start       ] GC(137) Pause Full (Ergonomics)
[47.678s][info][gc,phases,start] GC(137) Marking Phase
[48.234s][info][gc,phases      ] GC(137) Marking Phase 555.596ms
[48.234s][info][gc,phases,start] GC(137) Summary Phase
[48.234s][info][gc,phases      ] GC(137) Summary Phase 0.040ms
[48.234s][info][gc,phases,start] GC(137) Adjust Roots
[48.234s][info][gc,phases      ] GC(137) Adjust Roots 0.268ms
[48.234s][info][gc,phases,start] GC(137) Compaction Phase
[48.426s][info][gc,phases      ] GC(137) Compaction Phase 192.047ms
[48.426s][info][gc,phases,start] GC(137) Post Compact
[48.428s][info][gc,phases      ] GC(137) Post Compact 1.346ms
[48.428s][info][gc,heap        ] GC(137) PSYoungGen: 68514K(88576K)->68514K(88576K) Eden: 20991K(20992K)->20991K(20992K) From: 47523K(67584K)->47523K(67584K)
[48.428s][info][gc,heap        ] GC(137) ParOldGen: 682819K(683008K)->682819K(683008K)
[48.428s][info][gc,metaspace   ] GC(137) Metaspace: 6301K(6464K)->6301K(6464K) NonClass: 5768K(5824K)->5768K(5824K) Class: 533K(640K)->533K(640K)
[48.428s][info][gc             ] GC(137) Pause Full (Ergonomics) 733M->733M(753M) 749.719ms
[48.428s][info][gc,cpu         ] GC(137) User=0.70s Sys=0.00s Real=0.75s
[48.428s][info][gc,start       ] GC(138) Pause Full (Ergonomics)
[48.428s][info][gc,phases,start] GC(138) Marking Phase
[48.982s][info][gc,phases      ] GC(138) Marking Phase 553.703ms
[48.982s][info][gc,phases,start] GC(138) Summary Phase
[48.982s][info][gc,phases      ] GC(138) Summary Phase 0.026ms
[48.982s][info][gc,phases,start] GC(138) Adjust Roots
[48.982s][info][gc,phases      ] GC(138) Adjust Roots 0.235ms
[48.982s][info][gc,phases,start] GC(138) Compaction Phase
[49.175s][info][gc,phases      ] GC(138) Compaction Phase 192.555ms
[49.175s][info][gc,phases,start] GC(138) Post Compact
[49.176s][info][gc,phases      ] GC(138) Post Compact 1.426ms
[49.176s][info][gc,heap        ] GC(138) PSYoungGen: 68514K(88576K)->68514K(88576K) Eden: 20991K(20992K)->20991K(20992K) From: 47523K(67584K)->47523K(67584K)
[49.176s][info][gc,heap        ] GC(138) ParOldGen: 682824K(683008K)->682824K(683008K)
[49.176s][info][gc,metaspace   ] GC(138) Metaspace: 6301K(6464K)->6301K(6464K) NonClass: 5768K(5824K)->5768K(5824K) Class: 533K(640K)->533K(640K)
[49.176s][info][gc             ] GC(138) Pause Full (Ergonomics) 733M->733M(753M) 748.330ms
[49.176s][info][gc,cpu         ] GC(138) User=0.72s Sys=0.00s Real=0.75s
[49.177s][info][gc,start       ] GC(139) Pause Full (Ergonomics)
[49.177s][info][gc,phases,start] GC(139) Marking Phase
[49.732s][info][gc,phases      ] GC(139) Marking Phase 555.659ms
[49.732s][info][gc,phases,start] GC(139) Summary Phase
[49.733s][info][gc,phases      ] GC(139) Summary Phase 0.023ms
[49.733s][info][gc,phases,start] GC(139) Adjust Roots
[49.733s][info][gc,phases      ] GC(139) Adjust Roots 0.391ms
[49.733s][info][gc,phases,start] GC(139) Compaction Phase
[49.927s][info][gc,phases      ] GC(139) Compaction Phase 194.278ms
[49.927s][info][gc,phases,start] GC(139) Post Compact
[49.929s][info][gc,phases      ] GC(139) Post Compact 1.379ms
[49.929s][info][gc,heap        ] GC(139) PSYoungGen: 68514K(88576K)->68514K(88576K) Eden: 20991K(20992K)->20991K(20992K) From: 47523K(67584K)->47523K(67584K)
[49.929s][info][gc,heap        ] GC(139) ParOldGen: 682829K(683008K)->682829K(683008K)
[49.929s][info][gc,metaspace   ] GC(139) Metaspace: 6301K(6464K)->6301K(6464K) NonClass: 5768K(5824K)->5768K(5824K) Class: 533K(640K)->533K(640K)
[49.929s][info][gc             ] GC(139) Pause Full (Ergonomics) 733M->733M(753M) 752.075ms
[49.929s][info][gc,cpu         ] GC(139) User=0.73s Sys=0.00s Real=0.75s
[49.929s][info][gc,start       ] GC(140) Pause Full (Ergonomics)
[49.929s][info][gc,phases,start] GC(140) Marking Phase
[50.490s][info][gc,phases      ] GC(140) Marking Phase 561.353ms
[50.491s][info][gc,phases,start] GC(140) Summary Phase
[50.491s][info][gc,phases      ] GC(140) Summary Phase 0.022ms
[50.491s][info][gc,phases,start] GC(140) Adjust Roots
[50.491s][info][gc,phases      ] GC(140) Adjust Roots 0.305ms
[50.491s][info][gc,phases,start] GC(140) Compaction Phase
[50.685s][info][gc,phases      ] GC(140) Compaction Phase 194.349ms
[50.685s][info][gc,phases,start] GC(140) Post Compact
[50.687s][info][gc,phases      ] GC(140) Post Compact 1.360ms
[50.687s][info][gc,heap        ] GC(140) PSYoungGen: 68514K(88576K)->68514K(88576K) Eden: 20991K(20992K)->20991K(20992K) From: 47523K(67584K)->47523K(67584K)
[50.687s][info][gc,heap        ] GC(140) ParOldGen: 682833K(683008K)->682833K(683008K)
[50.687s][info][gc,metaspace   ] GC(140) Metaspace: 6301K(6464K)->6301K(6464K) NonClass: 5768K(5824K)->5768K(5824K) Class: 533K(640K)->533K(640K)
[50.687s][info][gc             ] GC(140) Pause Full (Ergonomics) 733M->733M(753M) 757.713ms
[50.687s][info][gc,cpu         ] GC(140) User=0.73s Sys=0.00s Real=0.76s
[50.687s][info][gc,start       ] GC(141) Pause Full (Ergonomics)
[50.687s][info][gc,phases,start] GC(141) Marking Phase
[51.244s][info][gc,phases      ] GC(141) Marking Phase 557.097ms
[51.244s][info][gc,phases,start] GC(141) Summary Phase
[51.244s][info][gc,phases      ] GC(141) Summary Phase 0.061ms
[51.244s][info][gc,phases,start] GC(141) Adjust Roots
[51.245s][info][gc,phases      ] GC(141) Adjust Roots 0.278ms
[51.245s][info][gc,phases,start] GC(141) Compaction Phase
[51.437s][info][gc,phases      ] GC(141) Compaction Phase 191.894ms
[51.437s][info][gc,phases,start] GC(141) Post Compact
[51.438s][info][gc,phases      ] GC(141) Post Compact 1.444ms
[51.438s][info][gc,heap        ] GC(141) PSYoungGen: 68514K(88576K)->68514K(88576K) Eden: 20991K(20992K)->20991K(20992K) From: 47523K(67584K)->47523K(67584K)
[51.438s][info][gc,heap        ] GC(141) ParOldGen: 682838K(683008K)->682838K(683008K)
[51.438s][info][gc,metaspace   ] GC(141) Metaspace: 6301K(6464K)->6301K(6464K) NonClass: 5768K(5824K)->5768K(5824K) Class: 533K(640K)->533K(640K)
[51.438s][info][gc             ] GC(141) Pause Full (Ergonomics) 733M->733M(753M) 751.281ms
[51.438s][info][gc,cpu         ] GC(141) User=0.72s Sys=0.00s Real=0.75s
[51.439s][info][gc,start       ] GC(142) Pause Full (Ergonomics)
[51.439s][info][gc,phases,start] GC(142) Marking Phase
[51.993s][info][gc,phases      ] GC(142) Marking Phase 554.455ms
[51.993s][info][gc,phases,start] GC(142) Summary Phase
[51.993s][info][gc,phases      ] GC(142) Summary Phase 0.023ms
[51.993s][info][gc,phases,start] GC(142) Adjust Roots
[51.994s][info][gc,phases      ] GC(142) Adjust Roots 0.352ms
[51.994s][info][gc,phases,start] GC(142) Compaction Phase
[52.188s][info][gc,phases      ] GC(142) Compaction Phase 193.842ms
[52.188s][info][gc,phases,start] GC(142) Post Compact
[52.189s][info][gc,phases      ] GC(142) Post Compact 1.332ms
[52.189s][info][gc,heap        ] GC(142) PSYoungGen: 68514K(88576K)->68514K(88576K) Eden: 20991K(20992K)->20991K(20992K) From: 47523K(67584K)->47523K(67584K)
[52.189s][info][gc,heap        ] GC(142) ParOldGen: 682843K(683008K)->682843K(683008K)
[52.189s][info][gc,metaspace   ] GC(142) Metaspace: 6301K(6464K)->6301K(6464K) NonClass: 5768K(5824K)->5768K(5824K) Class: 533K(640K)->533K(640K)
[52.189s][info][gc             ] GC(142) Pause Full (Ergonomics) 733M->733M(753M) 750.343ms
[52.189s][info][gc,cpu         ] GC(142) User=0.73s Sys=0.00s Real=0.75s
[52.189s][info][gc,start       ] GC(143) Pause Full (Ergonomics)
[52.189s][info][gc,phases,start] GC(143) Marking Phase
[52.745s][info][gc,phases      ] GC(143) Marking Phase 555.416ms
[52.745s][info][gc,phases,start] GC(143) Summary Phase
[52.745s][info][gc,phases      ] GC(143) Summary Phase 0.060ms
[52.745s][info][gc,phases,start] GC(143) Adjust Roots
[52.745s][info][gc,phases      ] GC(143) Adjust Roots 0.247ms
[52.745s][info][gc,phases,start] GC(143) Compaction Phase
[52.938s][info][gc,phases      ] GC(143) Compaction Phase 192.437ms
[52.938s][info][gc,phases,start] GC(143) Post Compact
[52.939s][info][gc,phases      ] GC(143) Post Compact 1.434ms
[52.939s][info][gc,heap        ] GC(143) PSYoungGen: 68514K(88576K)->68514K(88576K) Eden: 20991K(20992K)->20991K(20992K) From: 47523K(67584K)->47523K(67584K)
[52.939s][info][gc,heap        ] GC(143) ParOldGen: 682847K(683008K)->682847K(683008K)
[52.939s][info][gc,metaspace   ] GC(143) Metaspace: 6301K(6464K)->6301K(6464K) NonClass: 5768K(5824K)->5768K(5824K) Class: 533K(640K)->533K(640K)
[52.939s][info][gc             ] GC(143) Pause Full (Ergonomics) 733M->733M(753M) 750.052ms
[52.939s][info][gc,cpu         ] GC(143) User=0.72s Sys=0.00s Real=0.75s
[52.940s][info][gc,start       ] GC(144) Pause Full (Ergonomics)
[52.940s][info][gc,phases,start] GC(144) Marking Phase
[53.496s][info][gc,phases      ] GC(144) Marking Phase 555.923ms
[53.496s][info][gc,phases,start] GC(144) Summary Phase
[53.496s][info][gc,phases      ] GC(144) Summary Phase 0.061ms
[53.496s][info][gc,phases,start] GC(144) Adjust Roots
[53.496s][info][gc,phases      ] GC(144) Adjust Roots 0.273ms
[53.496s][info][gc,phases,start] GC(144) Compaction Phase
[53.688s][info][gc,phases      ] GC(144) Compaction Phase 191.331ms
[53.688s][info][gc,phases,start] GC(144) Post Compact
[53.689s][info][gc,phases      ] GC(144) Post Compact 1.433ms
[53.689s][info][gc,heap        ] GC(144) PSYoungGen: 68514K(88576K)->68514K(88576K) Eden: 20991K(20992K)->20991K(20992K) From: 47523K(67584K)->47523K(67584K)
[53.689s][info][gc,heap        ] GC(144) ParOldGen: 682852K(683008K)->682852K(683008K)
[53.689s][info][gc,metaspace   ] GC(144) Metaspace: 6301K(6464K)->6301K(6464K) NonClass: 5768K(5824K)->5768K(5824K) Class: 533K(640K)->533K(640K)
[53.689s][info][gc             ] GC(144) Pause Full (Ergonomics) 733M->733M(753M) 749.449ms
[53.689s][info][gc,cpu         ] GC(144) User=0.72s Sys=0.00s Real=0.75s
[53.690s][info][gc,start       ] GC(145) Pause Full (Ergonomics)
[53.690s][info][gc,phases,start] GC(145) Marking Phase
[54.246s][info][gc,phases      ] GC(145) Marking Phase 556.470ms
[54.246s][info][gc,phases,start] GC(145) Summary Phase
[54.246s][info][gc,phases      ] GC(145) Summary Phase 0.068ms
[54.246s][info][gc,phases,start] GC(145) Adjust Roots
[54.247s][info][gc,phases      ] GC(145) Adjust Roots 0.216ms
[54.247s][info][gc,phases,start] GC(145) Compaction Phase
[54.438s][info][gc,phases      ] GC(145) Compaction Phase 191.467ms
[54.438s][info][gc,phases,start] GC(145) Post Compact
[54.440s][info][gc,phases      ] GC(145) Post Compact 1.511ms
[54.440s][info][gc,heap        ] GC(145) PSYoungGen: 68514K(88576K)->68514K(88576K) Eden: 20991K(20992K)->20991K(20992K) From: 47523K(67584K)->47523K(67584K)
[54.440s][info][gc,heap        ] GC(145) ParOldGen: 682857K(683008K)->682857K(683008K)
[54.440s][info][gc,metaspace   ] GC(145) Metaspace: 6301K(6464K)->6301K(6464K) NonClass: 5768K(5824K)->5768K(5824K) Class: 533K(640K)->533K(640K)
[54.440s][info][gc             ] GC(145) Pause Full (Ergonomics) 733M->733M(753M) 750.204ms
[54.440s][info][gc,cpu         ] GC(145) User=0.72s Sys=0.00s Real=0.75s
[54.440s][info][gc,start       ] GC(146) Pause Full (Ergonomics)
[54.440s][info][gc,phases,start] GC(146) Marking Phase
[54.993s][info][gc,phases      ] GC(146) Marking Phase 553.024ms
[54.993s][info][gc,phases,start] GC(146) Summary Phase
[54.993s][info][gc,phases      ] GC(146) Summary Phase 0.026ms
[54.993s][info][gc,phases,start] GC(146) Adjust Roots
[54.994s][info][gc,phases      ] GC(146) Adjust Roots 0.259ms
[54.994s][info][gc,phases,start] GC(146) Compaction Phase
[55.186s][info][gc,phases      ] GC(146) Compaction Phase 192.228ms
[55.186s][info][gc,phases,start] GC(146) Post Compact
[55.187s][info][gc,phases      ] GC(146) Post Compact 1.325ms
[55.187s][info][gc,heap        ] GC(146) PSYoungGen: 68514K(88576K)->68514K(88576K) Eden: 20991K(20992K)->20991K(20992K) From: 47523K(67584K)->47523K(67584K)
[55.187s][info][gc,heap        ] GC(146) ParOldGen: 682861K(683008K)->682861K(683008K)
[55.187s][info][gc,metaspace   ] GC(146) Metaspace: 6301K(6464K)->6301K(6464K) NonClass: 5768K(5824K)->5768K(5824K) Class: 533K(640K)->533K(640K)
[55.187s][info][gc             ] GC(146) Pause Full (Ergonomics) 733M->733M(753M) 747.231ms
[55.187s][info][gc,cpu         ] GC(146) User=0.72s Sys=0.00s Real=0.75s
[55.188s][info][gc,start       ] GC(147) Pause Full (Ergonomics)
[55.188s][info][gc,phases,start] GC(147) Marking Phase
[55.743s][info][gc,phases      ] GC(147) Marking Phase 555.428ms
[55.743s][info][gc,phases,start] GC(147) Summary Phase
[55.743s][info][gc,phases      ] GC(147) Summary Phase 0.041ms
[55.743s][info][gc,phases,start] GC(147) Adjust Roots
[55.744s][info][gc,phases      ] GC(147) Adjust Roots 0.270ms
[55.744s][info][gc,phases,start] GC(147) Compaction Phase
[55.936s][info][gc,phases      ] GC(147) Compaction Phase 192.182ms
[55.936s][info][gc,phases,start] GC(147) Post Compact
[55.937s][info][gc,phases      ] GC(147) Post Compact 1.328ms
[55.937s][info][gc,heap        ] GC(147) PSYoungGen: 68514K(88576K)->68514K(88576K) Eden: 20991K(20992K)->20991K(20992K) From: 47523K(67584K)->47523K(67584K)
[55.937s][info][gc,heap        ] GC(147) ParOldGen: 682866K(683008K)->682866K(683008K)
[55.937s][info][gc,metaspace   ] GC(147) Metaspace: 6301K(6464K)->6301K(6464K) NonClass: 5768K(5824K)->5768K(5824K) Class: 533K(640K)->533K(640K)
[55.938s][info][gc             ] GC(147) Pause Full (Ergonomics) 733M->733M(753M) 749.683ms
[55.938s][info][gc,cpu         ] GC(147) User=0.72s Sys=0.00s Real=0.75s
[55.938s][info][gc,start       ] GC(148) Pause Full (Ergonomics)
[55.938s][info][gc,phases,start] GC(148) Marking Phase
[56.491s][info][gc,phases      ] GC(148) Marking Phase 553.597ms
[56.492s][info][gc,phases,start] GC(148) Summary Phase
[56.492s][info][gc,phases      ] GC(148) Summary Phase 0.040ms
[56.492s][info][gc,phases,start] GC(148) Adjust Roots
[56.492s][info][gc,phases      ] GC(148) Adjust Roots 0.227ms
[56.492s][info][gc,phases,start] GC(148) Compaction Phase
[56.684s][info][gc,phases      ] GC(148) Compaction Phase 191.664ms
[56.684s][info][gc,phases,start] GC(148) Post Compact
[56.685s][info][gc,phases      ] GC(148) Post Compact 1.476ms
[56.685s][info][gc,heap        ] GC(148) PSYoungGen: 68514K(88576K)->68514K(88576K) Eden: 20991K(20992K)->20991K(20992K) From: 47523K(67584K)->47523K(67584K)
[56.685s][info][gc,heap        ] GC(148) ParOldGen: 682871K(683008K)->682871K(683008K)
[56.685s][info][gc,metaspace   ] GC(148) Metaspace: 6301K(6464K)->6301K(6464K) NonClass: 5768K(5824K)->5768K(5824K) Class: 533K(640K)->533K(640K)
[56.685s][info][gc             ] GC(148) Pause Full (Ergonomics) 733M->733M(753M) 747.484ms
[56.685s][info][gc,cpu         ] GC(148) User=0.72s Sys=0.00s Real=0.75s
[56.686s][info][gc,start       ] GC(149) Pause Full (Ergonomics)
[56.686s][info][gc,phases,start] GC(149) Marking Phase
[57.242s][info][gc,phases      ] GC(149) Marking Phase 556.078ms
[57.242s][info][gc,phases,start] GC(149) Summary Phase
[57.242s][info][gc,phases      ] GC(149) Summary Phase 0.041ms
[57.242s][info][gc,phases,start] GC(149) Adjust Roots
[57.242s][info][gc,phases      ] GC(149) Adjust Roots 0.271ms
[57.242s][info][gc,phases,start] GC(149) Compaction Phase
[57.434s][info][gc,phases      ] GC(149) Compaction Phase 191.586ms
[57.434s][info][gc,phases,start] GC(149) Post Compact
[57.435s][info][gc,phases      ] GC(149) Post Compact 1.402ms
[57.436s][info][gc,heap        ] GC(149) PSYoungGen: 68514K(88576K)->68514K(88576K) Eden: 20991K(20992K)->20991K(20992K) From: 47523K(67584K)->47523K(67584K)
[57.436s][info][gc,heap        ] GC(149) ParOldGen: 682875K(683008K)->682875K(683008K)
[57.436s][info][gc,metaspace   ] GC(149) Metaspace: 6301K(6464K)->6301K(6464K) NonClass: 5768K(5824K)->5768K(5824K) Class: 533K(640K)->533K(640K)
[57.436s][info][gc             ] GC(149) Pause Full (Ergonomics) 733M->733M(753M) 749.804ms
[57.436s][info][gc,cpu         ] GC(149) User=0.72s Sys=0.00s Real=0.75s
[57.436s][info][gc,start       ] GC(150) Pause Full (Ergonomics)
[57.436s][info][gc,phases,start] GC(150) Marking Phase
[57.991s][info][gc,phases      ] GC(150) Marking Phase 554.543ms
[57.991s][info][gc,phases,start] GC(150) Summary Phase
[57.991s][info][gc,phases      ] GC(150) Summary Phase 0.040ms
[57.991s][info][gc,phases,start] GC(150) Adjust Roots
[57.991s][info][gc,phases      ] GC(150) Adjust Roots 0.269ms
[57.991s][info][gc,phases,start] GC(150) Compaction Phase
[58.184s][info][gc,phases      ] GC(150) Compaction Phase 192.960ms
[58.184s][info][gc,phases,start] GC(150) Post Compact
[58.186s][info][gc,phases      ] GC(150) Post Compact 1.456ms
[58.186s][info][gc,heap        ] GC(150) PSYoungGen: 68514K(88576K)->68514K(88576K) Eden: 20991K(20992K)->20991K(20992K) From: 47523K(67584K)->47523K(67584K)
[58.186s][info][gc,heap        ] GC(150) ParOldGen: 682880K(683008K)->682880K(683008K)
[58.186s][info][gc,metaspace   ] GC(150) Metaspace: 6301K(6464K)->6301K(6464K) NonClass: 5768K(5824K)->5768K(5824K) Class: 533K(640K)->533K(640K)
[58.186s][info][gc             ] GC(150) Pause Full (Ergonomics) 733M->733M(753M) 749.762ms
[58.186s][info][gc,cpu         ] GC(150) User=0.73s Sys=0.00s Real=0.75s
[58.186s][info][gc,start       ] GC(151) Pause Full (Ergonomics)
[58.186s][info][gc,phases,start] GC(151) Marking Phase
[58.741s][info][gc,phases      ] GC(151) Marking Phase 554.566ms
[58.741s][info][gc,phases,start] GC(151) Summary Phase
[58.741s][info][gc,phases      ] GC(151) Summary Phase 0.040ms
[58.741s][info][gc,phases,start] GC(151) Adjust Roots
[58.741s][info][gc,phases      ] GC(151) Adjust Roots 0.242ms
[58.741s][info][gc,phases,start] GC(151) Compaction Phase
[58.933s][info][gc,phases      ] GC(151) Compaction Phase 191.886ms
[58.933s][info][gc,phases,start] GC(151) Post Compact
[58.935s][info][gc,phases      ] GC(151) Post Compact 1.557ms
[58.935s][info][gc,heap        ] GC(151) PSYoungGen: 68514K(88576K)->68514K(88576K) Eden: 20991K(20992K)->20991K(20992K) From: 47523K(67584K)->47523K(67584K)
[58.935s][info][gc,heap        ] GC(151) ParOldGen: 682885K(683008K)->682885K(683008K)
[58.935s][info][gc,metaspace   ] GC(151) Metaspace: 6301K(6464K)->6301K(6464K) NonClass: 5768K(5824K)->5768K(5824K) Class: 533K(640K)->533K(640K)
[58.935s][info][gc             ] GC(151) Pause Full (Ergonomics) 733M->733M(753M) 748.735ms
[58.935s][info][gc,cpu         ] GC(151) User=0.72s Sys=0.00s Real=0.75s
[58.935s][info][gc,start       ] GC(152) Pause Full (Ergonomics)
[58.935s][info][gc,phases,start] GC(152) Marking Phase
[59.489s][info][gc,phases      ] GC(152) Marking Phase 553.493ms
[59.489s][info][gc,phases,start] GC(152) Summary Phase
[59.489s][info][gc,phases      ] GC(152) Summary Phase 0.106ms
[59.489s][info][gc,phases,start] GC(152) Adjust Roots
[59.489s][info][gc,phases      ] GC(152) Adjust Roots 0.270ms
[59.489s][info][gc,phases,start] GC(152) Compaction Phase
[59.683s][info][gc,phases      ] GC(152) Compaction Phase 193.333ms
[59.683s][info][gc,phases,start] GC(152) Post Compact
[59.684s][info][gc,phases      ] GC(152) Post Compact 1.400ms
[59.684s][info][gc,heap        ] GC(152) PSYoungGen: 68514K(88576K)->68514K(88576K) Eden: 20991K(20992K)->20991K(20992K) From: 47523K(67584K)->47523K(67584K)
[59.684s][info][gc,heap        ] GC(152) ParOldGen: 682889K(683008K)->682889K(683008K)
[59.684s][info][gc,metaspace   ] GC(152) Metaspace: 6301K(6464K)->6301K(6464K) NonClass: 5768K(5824K)->5768K(5824K) Class: 533K(640K)->533K(640K)
[59.684s][info][gc             ] GC(152) Pause Full (Ergonomics) 733M->733M(753M) 749.029ms
[59.684s][info][gc,cpu         ] GC(152) User=0.73s Sys=0.00s Real=0.75s
[59.685s][info][gc,start       ] GC(153) Pause Full (Ergonomics)
[59.685s][info][gc,phases,start] GC(153) Marking Phase
[60.238s][info][gc,phases      ] GC(153) Marking Phase 553.247ms
[60.238s][info][gc,phases,start] GC(153) Summary Phase
[60.238s][info][gc,phases      ] GC(153) Summary Phase 0.026ms
[60.238s][info][gc,phases,start] GC(153) Adjust Roots
[60.238s][info][gc,phases      ] GC(153) Adjust Roots 0.244ms
[60.238s][info][gc,phases,start] GC(153) Compaction Phase
[60.430s][info][gc,phases      ] GC(153) Compaction Phase 191.921ms
[60.430s][info][gc,phases,start] GC(153) Post Compact
[60.432s][info][gc,phases      ] GC(153) Post Compact 1.471ms
[60.432s][info][gc,heap        ] GC(153) PSYoungGen: 68514K(88576K)->68514K(88576K) Eden: 20991K(20992K)->20991K(20992K) From: 47523K(67584K)->47523K(67584K)
[60.432s][info][gc,heap        ] GC(153) ParOldGen: 682894K(683008K)->682894K(683008K)
[60.432s][info][gc,metaspace   ] GC(153) Metaspace: 6301K(6464K)->6301K(6464K) NonClass: 5768K(5824K)->5768K(5824K) Class: 533K(640K)->533K(640K)
[60.432s][info][gc             ] GC(153) Pause Full (Ergonomics) 733M->733M(753M) 747.332ms
[60.432s][info][gc,cpu         ] GC(153) User=0.73s Sys=0.00s Real=0.75s
[60.432s][info][gc,start       ] GC(154) Pause Full (Ergonomics)
[60.432s][info][gc,phases,start] GC(154) Marking Phase
[60.986s][info][gc,phases      ] GC(154) Marking Phase 553.511ms
[60.986s][info][gc,phases,start] GC(154) Summary Phase
[60.986s][info][gc,phases      ] GC(154) Summary Phase 0.040ms
[60.986s][info][gc,phases,start] GC(154) Adjust Roots
[60.986s][info][gc,phases      ] GC(154) Adjust Roots 0.241ms
[60.986s][info][gc,phases,start] GC(154) Compaction Phase
[61.179s][info][gc,phases      ] GC(154) Compaction Phase 192.200ms
[61.179s][info][gc,phases,start] GC(154) Post Compact
[61.180s][info][gc,phases      ] GC(154) Post Compact 1.433ms
[61.180s][info][gc,heap        ] GC(154) PSYoungGen: 68514K(88576K)->68514K(88576K) Eden: 20991K(20992K)->20991K(20992K) From: 47523K(67584K)->47523K(67584K)
[61.180s][info][gc,heap        ] GC(154) ParOldGen: 682899K(683008K)->682899K(683008K)
[61.180s][info][gc,metaspace   ] GC(154) Metaspace: 6301K(6464K)->6301K(6464K) NonClass: 5768K(5824K)->5768K(5824K) Class: 533K(640K)->533K(640K)
[61.180s][info][gc             ] GC(154) Pause Full (Ergonomics) 733M->733M(753M) 747.899ms
[61.180s][info][gc,cpu         ] GC(154) User=0.72s Sys=0.00s Real=0.75s
[61.181s][info][gc,start       ] GC(155) Pause Full (Ergonomics)
[61.181s][info][gc,phases,start] GC(155) Marking Phase
[61.737s][info][gc,phases      ] GC(155) Marking Phase 556.075ms
[61.737s][info][gc,phases,start] GC(155) Summary Phase
[61.737s][info][gc,phases      ] GC(155) Summary Phase 0.041ms
[61.737s][info][gc,phases,start] GC(155) Adjust Roots
[61.737s][info][gc,phases      ] GC(155) Adjust Roots 0.270ms
[61.737s][info][gc,phases,start] GC(155) Compaction Phase
[61.930s][info][gc,phases      ] GC(155) Compaction Phase 192.433ms
[61.930s][info][gc,phases,start] GC(155) Post Compact
[61.931s][info][gc,phases      ] GC(155) Post Compact 1.557ms
[61.931s][info][gc,heap        ] GC(155) PSYoungGen: 68514K(88576K)->68514K(88576K) Eden: 20991K(20992K)->20991K(20992K) From: 47523K(67584K)->47523K(67584K)
[61.931s][info][gc,heap        ] GC(155) ParOldGen: 682903K(683008K)->682903K(683008K)
[61.932s][info][gc,metaspace   ] GC(155) Metaspace: 6301K(6464K)->6301K(6464K) NonClass: 5768K(5824K)->5768K(5824K) Class: 533K(640K)->533K(640K)
[61.932s][info][gc             ] GC(155) Pause Full (Ergonomics) 733M->733M(753M) 750.861ms
[61.932s][info][gc,cpu         ] GC(155) User=0.73s Sys=0.00s Real=0.75s
[61.932s][info][gc,start       ] GC(156) Pause Full (Ergonomics)
[61.932s][info][gc,phases,start] GC(156) Marking Phase
[62.487s][info][gc,phases      ] GC(156) Marking Phase 555.385ms
[62.487s][info][gc,phases,start] GC(156) Summary Phase
[62.487s][info][gc,phases      ] GC(156) Summary Phase 0.026ms
[62.487s][info][gc,phases,start] GC(156) Adjust Roots
[62.488s][info][gc,phases      ] GC(156) Adjust Roots 0.241ms
[62.488s][info][gc,phases,start] GC(156) Compaction Phase
[62.681s][info][gc,phases      ] GC(156) Compaction Phase 192.953ms
[62.681s][info][gc,phases,start] GC(156) Post Compact
[62.682s][info][gc,phases      ] GC(156) Post Compact 1.465ms
[62.682s][info][gc,heap        ] GC(156) PSYoungGen: 68514K(88576K)->68514K(88576K) Eden: 20991K(20992K)->20991K(20992K) From: 47523K(67584K)->47523K(67584K)
[62.682s][info][gc,heap        ] GC(156) ParOldGen: 682908K(683008K)->682908K(683008K)
[62.682s][info][gc,metaspace   ] GC(156) Metaspace: 6301K(6464K)->6301K(6464K) NonClass: 5768K(5824K)->5768K(5824K) Class: 533K(640K)->533K(640K)
[62.682s][info][gc             ] GC(156) Pause Full (Ergonomics) 733M->733M(753M) 750.460ms
[62.682s][info][gc,cpu         ] GC(156) User=0.75s Sys=0.00s Real=0.75s
[62.683s][info][gc,start       ] GC(157) Pause Full (Ergonomics)
[62.683s][info][gc,phases,start] GC(157) Marking Phase
[63.237s][info][gc,phases      ] GC(157) Marking Phase 554.749ms
[63.238s][info][gc,phases,start] GC(157) Summary Phase
[63.238s][info][gc,phases      ] GC(157) Summary Phase 0.041ms
[63.238s][info][gc,phases,start] GC(157) Adjust Roots
[63.238s][info][gc,phases      ] GC(157) Adjust Roots 0.238ms
[63.238s][info][gc,phases,start] GC(157) Compaction Phase
[63.433s][info][gc,phases      ] GC(157) Compaction Phase 195.529ms
[63.434s][info][gc,phases,start] GC(157) Post Compact
[63.435s][info][gc,phases      ] GC(157) Post Compact 1.458ms
[63.435s][info][gc,heap        ] GC(157) PSYoungGen: 68514K(88576K)->68514K(88576K) Eden: 20991K(20992K)->20991K(20992K) From: 47523K(67584K)->47523K(67584K)
[63.435s][info][gc,heap        ] GC(157) ParOldGen: 682913K(683008K)->682913K(683008K)
[63.435s][info][gc,metaspace   ] GC(157) Metaspace: 6301K(6464K)->6301K(6464K) NonClass: 5768K(5824K)->5768K(5824K) Class: 533K(640K)->533K(640K)
[63.435s][info][gc             ] GC(157) Pause Full (Ergonomics) 733M->733M(753M) 752.561ms
[63.435s][info][gc,cpu         ] GC(157) User=0.73s Sys=0.00s Real=0.75s
[63.436s][info][gc,start       ] GC(158) Pause Full (Ergonomics)
[63.436s][info][gc,phases,start] GC(158) Marking Phase
[63.990s][info][gc,phases      ] GC(158) Marking Phase 554.078ms
[63.990s][info][gc,phases,start] GC(158) Summary Phase
[63.990s][info][gc,phases      ] GC(158) Summary Phase 0.061ms
[63.990s][info][gc,phases,start] GC(158) Adjust Roots
[63.990s][info][gc,phases      ] GC(158) Adjust Roots 0.274ms
[63.990s][info][gc,phases,start] GC(158) Compaction Phase
[64.183s][info][gc,phases      ] GC(158) Compaction Phase 192.246ms
[64.183s][info][gc,phases,start] GC(158) Post Compact
[64.184s][info][gc,phases      ] GC(158) Post Compact 1.425ms
[64.184s][info][gc,heap        ] GC(158) PSYoungGen: 68514K(88576K)->68514K(88576K) Eden: 20991K(20992K)->20991K(20992K) From: 47523K(67584K)->47523K(67584K)
[64.184s][info][gc,heap        ] GC(158) ParOldGen: 682917K(683008K)->682917K(683008K)
[64.184s][info][gc,metaspace   ] GC(158) Metaspace: 6301K(6464K)->6301K(6464K) NonClass: 5768K(5824K)->5768K(5824K) Class: 533K(640K)->533K(640K)
[64.184s][info][gc             ] GC(158) Pause Full (Ergonomics) 733M->733M(753M) 748.581ms
[64.184s][info][gc,cpu         ] GC(158) User=0.72s Sys=0.00s Real=0.75s
[64.185s][info][gc,start       ] GC(159) Pause Full (Ergonomics)
[64.185s][info][gc,phases,start] GC(159) Marking Phase
[64.739s][info][gc,phases      ] GC(159) Marking Phase 554.284ms
[64.739s][info][gc,phases,start] GC(159) Summary Phase
[64.739s][info][gc,phases      ] GC(159) Summary Phase 0.040ms
[64.739s][info][gc,phases,start] GC(159) Adjust Roots
[64.740s][info][gc,phases      ] GC(159) Adjust Roots 0.262ms
[64.740s][info][gc,phases,start] GC(159) Compaction Phase
[64.931s][info][gc,phases      ] GC(159) Compaction Phase 191.047ms
[64.931s][info][gc,phases,start] GC(159) Post Compact
[64.932s][info][gc,phases      ] GC(159) Post Compact 1.340ms
[64.932s][info][gc,heap        ] GC(159) PSYoungGen: 68514K(88576K)->68514K(88576K) Eden: 20991K(20992K)->20991K(20992K) From: 47523K(67584K)->47523K(67584K)
[64.932s][info][gc,heap        ] GC(159) ParOldGen: 682922K(683008K)->682922K(683008K)
[64.932s][info][gc,metaspace   ] GC(159) Metaspace: 6301K(6464K)->6301K(6464K) NonClass: 5768K(5824K)->5768K(5824K) Class: 533K(640K)->533K(640K)
[64.932s][info][gc             ] GC(159) Pause Full (Ergonomics) 733M->733M(753M) 747.445ms
[64.932s][info][gc,cpu         ] GC(159) User=0.72s Sys=0.02s Real=0.75s
[64.933s][info][gc,start       ] GC(160) Pause Full (Ergonomics)
[64.933s][info][gc,phases,start] GC(160) Marking Phase
[65.487s][info][gc,phases      ] GC(160) Marking Phase 554.274ms
[65.487s][info][gc,phases,start] GC(160) Summary Phase
[65.487s][info][gc,phases      ] GC(160) Summary Phase 0.040ms
[65.487s][info][gc,phases,start] GC(160) Adjust Roots
[65.487s][info][gc,phases      ] GC(160) Adjust Roots 0.240ms
[65.487s][info][gc,phases,start] GC(160) Compaction Phase
[65.679s][info][gc,phases      ] GC(160) Compaction Phase 191.624ms
[65.679s][info][gc,phases,start] GC(160) Post Compact
[65.680s][info][gc,phases      ] GC(160) Post Compact 1.413ms
[65.681s][info][gc,heap        ] GC(160) PSYoungGen: 68514K(88576K)->68514K(88576K) Eden: 20991K(20992K)->20991K(20992K) From: 47523K(67584K)->47523K(67584K)
[65.681s][info][gc,heap        ] GC(160) ParOldGen: 682927K(683008K)->682927K(683008K)
[65.681s][info][gc,metaspace   ] GC(160) Metaspace: 6301K(6464K)->6301K(6464K) NonClass: 5768K(5824K)->5768K(5824K) Class: 533K(640K)->533K(640K)
[65.681s][info][gc             ] GC(160) Pause Full (Ergonomics) 733M->733M(753M) 748.081ms
[65.681s][info][gc,cpu         ] GC(160) User=0.73s Sys=0.00s Real=0.75s
[65.681s][info][gc,start       ] GC(161) Pause Full (Ergonomics)
[65.681s][info][gc,phases,start] GC(161) Marking Phase
[66.234s][info][gc,phases      ] GC(161) Marking Phase 552.981ms
[66.234s][info][gc,phases,start] GC(161) Summary Phase
[66.234s][info][gc,phases      ] GC(161) Summary Phase 0.040ms
[66.234s][info][gc,phases,start] GC(161) Adjust Roots
[66.234s][info][gc,phases      ] GC(161) Adjust Roots 0.273ms
[66.235s][info][gc,phases,start] GC(161) Compaction Phase
[66.426s][info][gc,phases      ] GC(161) Compaction Phase 191.629ms
[66.426s][info][gc,phases,start] GC(161) Post Compact
[66.428s][info][gc,phases      ] GC(161) Post Compact 1.381ms
[66.428s][info][gc,heap        ] GC(161) PSYoungGen: 68514K(88576K)->68514K(88576K) Eden: 20991K(20992K)->20991K(20992K) From: 47523K(67584K)->47523K(67584K)
[66.428s][info][gc,heap        ] GC(161) ParOldGen: 682931K(683008K)->682931K(683008K)
[66.428s][info][gc,metaspace   ] GC(161) Metaspace: 6301K(6464K)->6301K(6464K) NonClass: 5768K(5824K)->5768K(5824K) Class: 533K(640K)->533K(640K)
[66.428s][info][gc             ] GC(161) Pause Full (Ergonomics) 733M->733M(753M) 746.817ms
[66.428s][info][gc,cpu         ] GC(161) User=0.72s Sys=0.00s Real=0.75s
[66.428s][info][gc,start       ] GC(162) Pause Full (Ergonomics)
[66.428s][info][gc,phases,start] GC(162) Marking Phase
[66.987s][info][gc,phases      ] GC(162) Marking Phase 558.673ms
[66.987s][info][gc,phases,start] GC(162) Summary Phase
[66.987s][info][gc,phases      ] GC(162) Summary Phase 0.026ms
[66.987s][info][gc,phases,start] GC(162) Adjust Roots
[66.987s][info][gc,phases      ] GC(162) Adjust Roots 0.247ms
[66.987s][info][gc,phases,start] GC(162) Compaction Phase
[67.180s][info][gc,phases      ] GC(162) Compaction Phase 192.663ms
[67.180s][info][gc,phases,start] GC(162) Post Compact
[67.181s][info][gc,phases      ] GC(162) Post Compact 1.485ms
[67.182s][info][gc,heap        ] GC(162) PSYoungGen: 68514K(88576K)->68514K(88576K) Eden: 20991K(20992K)->20991K(20992K) From: 47523K(67584K)->47523K(67584K)
[67.182s][info][gc,heap        ] GC(162) ParOldGen: 682936K(683008K)->682936K(683008K)
[67.182s][info][gc,metaspace   ] GC(162) Metaspace: 6301K(6464K)->6301K(6464K) NonClass: 5768K(5824K)->5768K(5824K) Class: 533K(640K)->533K(640K)
[67.182s][info][gc             ] GC(162) Pause Full (Ergonomics) 733M->733M(753M) 753.490ms
[67.182s][info][gc,cpu         ] GC(162) User=0.72s Sys=0.00s Real=0.75s
[67.182s][info][gc,start       ] GC(163) Pause Full (Ergonomics)
[67.182s][info][gc,phases,start] GC(163) Marking Phase
[67.736s][info][gc,phases      ] GC(163) Marking Phase 553.877ms
[67.736s][info][gc,phases,start] GC(163) Summary Phase
[67.736s][info][gc,phases      ] GC(163) Summary Phase 0.035ms
[67.736s][info][gc,phases,start] GC(163) Adjust Roots
[67.736s][info][gc,phases      ] GC(163) Adjust Roots 0.211ms
[67.736s][info][gc,phases,start] GC(163) Compaction Phase
[67.928s][info][gc,phases      ] GC(163) Compaction Phase 191.329ms
[67.928s][info][gc,phases,start] GC(163) Post Compact
[67.929s][info][gc,phases      ] GC(163) Post Compact 1.318ms
[67.929s][info][gc,heap        ] GC(163) PSYoungGen: 68514K(88576K)->68514K(88576K) Eden: 20991K(20992K)->20991K(20992K) From: 47523K(67584K)->47523K(67584K)
[67.929s][info][gc,heap        ] GC(163) ParOldGen: 682941K(683008K)->682941K(683008K)
[67.929s][info][gc,metaspace   ] GC(163) Metaspace: 6301K(6464K)->6301K(6464K) NonClass: 5768K(5824K)->5768K(5824K) Class: 533K(640K)->533K(640K)
[67.929s][info][gc             ] GC(163) Pause Full (Ergonomics) 733M->733M(753M) 747.180ms
[67.929s][info][gc,cpu         ] GC(163) User=0.73s Sys=0.00s Real=0.75s
[67.930s][info][gc,start       ] GC(164) Pause Full (Ergonomics)
[67.930s][info][gc,phases,start] GC(164) Marking Phase
[68.483s][info][gc,phases      ] GC(164) Marking Phase 553.332ms
[68.483s][info][gc,phases,start] GC(164) Summary Phase
[68.483s][info][gc,phases      ] GC(164) Summary Phase 0.040ms
[68.483s][info][gc,phases,start] GC(164) Adjust Roots
[68.483s][info][gc,phases      ] GC(164) Adjust Roots 0.272ms
[68.483s][info][gc,phases,start] GC(164) Compaction Phase
[68.675s][info][gc,phases      ] GC(164) Compaction Phase 191.160ms
[68.675s][info][gc,phases,start] GC(164) Post Compact
[68.676s][info][gc,phases      ] GC(164) Post Compact 1.313ms
[68.676s][info][gc,heap        ] GC(164) PSYoungGen: 68514K(88576K)->68514K(88576K) Eden: 20991K(20992K)->20991K(20992K) From: 47523K(67584K)->47523K(67584K)
[68.676s][info][gc,heap        ] GC(164) ParOldGen: 682945K(683008K)->682945K(683008K)
[68.676s][info][gc,metaspace   ] GC(164) Metaspace: 6301K(6464K)->6301K(6464K) NonClass: 5768K(5824K)->5768K(5824K) Class: 533K(640K)->533K(640K)
[68.676s][info][gc             ] GC(164) Pause Full (Ergonomics) 733M->733M(753M) 746.567ms
[68.676s][info][gc,cpu         ] GC(164) User=0.72s Sys=0.00s Real=0.75s
[68.677s][info][gc,start       ] GC(165) Pause Full (Ergonomics)
[68.677s][info][gc,phases,start] GC(165) Marking Phase
[69.231s][info][gc,phases      ] GC(165) Marking Phase 554.117ms
[69.231s][info][gc,phases,start] GC(165) Summary Phase
[69.231s][info][gc,phases      ] GC(165) Summary Phase 0.027ms
[69.231s][info][gc,phases,start] GC(165) Adjust Roots
[69.231s][info][gc,phases      ] GC(165) Adjust Roots 0.248ms
[69.231s][info][gc,phases,start] GC(165) Compaction Phase
[69.423s][info][gc,phases      ] GC(165) Compaction Phase 191.489ms
[69.423s][info][gc,phases,start] GC(165) Post Compact
[69.424s][info][gc,phases      ] GC(165) Post Compact 1.312ms
[69.424s][info][gc,heap        ] GC(165) PSYoungGen: 68514K(88576K)->68514K(88576K) Eden: 20991K(20992K)->20991K(20992K) From: 47523K(67584K)->47523K(67584K)
[69.424s][info][gc,heap        ] GC(165) ParOldGen: 682950K(683008K)->682950K(683008K)
[69.424s][info][gc,metaspace   ] GC(165) Metaspace: 6301K(6464K)->6301K(6464K) NonClass: 5768K(5824K)->5768K(5824K) Class: 533K(640K)->533K(640K)
[69.424s][info][gc             ] GC(165) Pause Full (Ergonomics) 733M->733M(753M) 747.576ms
[69.424s][info][gc,cpu         ] GC(165) User=0.72s Sys=0.00s Real=0.75s
[69.425s][info][gc,start       ] GC(166) Pause Full (Ergonomics)
[69.425s][info][gc,phases,start] GC(166) Marking Phase
[69.979s][info][gc,phases      ] GC(166) Marking Phase 554.346ms
[69.979s][info][gc,phases,start] GC(166) Summary Phase
[69.979s][info][gc,phases      ] GC(166) Summary Phase 0.026ms
[69.979s][info][gc,phases,start] GC(166) Adjust Roots
[69.980s][info][gc,phases      ] GC(166) Adjust Roots 0.209ms
[69.980s][info][gc,phases,start] GC(166) Compaction Phase
[70.172s][info][gc,phases      ] GC(166) Compaction Phase 192.430ms
[70.172s][info][gc,phases,start] GC(166) Post Compact
[70.173s][info][gc,phases      ] GC(166) Post Compact 1.315ms
[70.173s][info][gc,heap        ] GC(166) PSYoungGen: 68514K(88576K)->68514K(88576K) Eden: 20991K(20992K)->20991K(20992K) From: 47523K(67584K)->47523K(67584K)
[70.174s][info][gc,heap        ] GC(166) ParOldGen: 682955K(683008K)->682955K(683008K)
[70.174s][info][gc,metaspace   ] GC(166) Metaspace: 6301K(6464K)->6301K(6464K) NonClass: 5768K(5824K)->5768K(5824K) Class: 533K(640K)->533K(640K)
[70.174s][info][gc             ] GC(166) Pause Full (Ergonomics) 733M->733M(753M) 748.746ms
[70.174s][info][gc,cpu         ] GC(166) User=0.72s Sys=0.00s Real=0.75s
[70.174s][info][gc,start       ] GC(167) Pause Full (Ergonomics)
[70.174s][info][gc,phases,start] GC(167) Marking Phase
[70.733s][info][gc,phases      ] GC(167) Marking Phase 558.597ms
[70.733s][info][gc,phases,start] GC(167) Summary Phase
[70.733s][info][gc,phases      ] GC(167) Summary Phase 0.030ms
[70.733s][info][gc,phases,start] GC(167) Adjust Roots
[70.733s][info][gc,phases      ] GC(167) Adjust Roots 0.273ms
[70.733s][info][gc,phases,start] GC(167) Compaction Phase
[70.926s][info][gc,phases      ] GC(167) Compaction Phase 192.432ms
[70.926s][info][gc,phases,start] GC(167) Post Compact
[70.927s][info][gc,phases      ] GC(167) Post Compact 1.404ms
[70.927s][info][gc,heap        ] GC(167) PSYoungGen: 68514K(88576K)->68514K(88576K) Eden: 20991K(20992K)->20991K(20992K) From: 47523K(67584K)->47523K(67584K)
[70.927s][info][gc,heap        ] GC(167) ParOldGen: 682959K(683008K)->682959K(683008K)
[70.927s][info][gc,metaspace   ] GC(167) Metaspace: 6301K(6464K)->6301K(6464K) NonClass: 5768K(5824K)->5768K(5824K) Class: 533K(640K)->533K(640K)
[70.927s][info][gc             ] GC(167) Pause Full (Ergonomics) 733M->733M(753M) 753.146ms
[70.927s][info][gc,cpu         ] GC(167) User=0.72s Sys=0.02s Real=0.75s
[70.927s][info][gc,start       ] GC(168) Pause Full (Ergonomics)
[70.928s][info][gc,phases,start] GC(168) Marking Phase
[71.481s][info][gc,phases      ] GC(168) Marking Phase 553.474ms
[71.481s][info][gc,phases,start] GC(168) Summary Phase
[71.481s][info][gc,phases      ] GC(168) Summary Phase 0.040ms
[71.481s][info][gc,phases,start] GC(168) Adjust Roots
[71.481s][info][gc,phases      ] GC(168) Adjust Roots 0.265ms
[71.481s][info][gc,phases,start] GC(168) Compaction Phase
[71.673s][info][gc,phases      ] GC(168) Compaction Phase 191.597ms
[71.673s][info][gc,phases,start] GC(168) Post Compact
[71.675s][info][gc,phases      ] GC(168) Post Compact 1.403ms
[71.675s][info][gc,heap        ] GC(168) PSYoungGen: 68514K(88576K)->68514K(88576K) Eden: 20991K(20992K)->20991K(20992K) From: 47523K(67584K)->47523K(67584K)
[71.675s][info][gc,heap        ] GC(168) ParOldGen: 682964K(683008K)->682964K(683008K)
[71.675s][info][gc,metaspace   ] GC(168) Metaspace: 6301K(6464K)->6301K(6464K) NonClass: 5768K(5824K)->5768K(5824K) Class: 533K(640K)->533K(640K)
[71.675s][info][gc             ] GC(168) Pause Full (Ergonomics) 733M->733M(753M) 747.243ms
[71.675s][info][gc,cpu         ] GC(168) User=0.70s Sys=0.00s Real=0.75s
[71.675s][info][gc,start       ] GC(169) Pause Full (Ergonomics)
[71.675s][info][gc,phases,start] GC(169) Marking Phase
[72.231s][info][gc,phases      ] GC(169) Marking Phase 556.114ms
[72.231s][info][gc,phases,start] GC(169) Summary Phase
[72.231s][info][gc,phases      ] GC(169) Summary Phase 0.040ms
[72.231s][info][gc,phases,start] GC(169) Adjust Roots
[72.232s][info][gc,phases      ] GC(169) Adjust Roots 0.240ms
[72.232s][info][gc,phases,start] GC(169) Compaction Phase
[72.425s][info][gc,phases      ] GC(169) Compaction Phase 193.282ms
[72.425s][info][gc,phases,start] GC(169) Post Compact
[72.427s][info][gc,phases      ] GC(169) Post Compact 1.530ms
[72.427s][info][gc,heap        ] GC(169) PSYoungGen: 68514K(88576K)->68514K(88576K) Eden: 20991K(20992K)->20991K(20992K) From: 47523K(67584K)->47523K(67584K)
[72.427s][info][gc,heap        ] GC(169) ParOldGen: 682969K(683008K)->682969K(683008K)
[72.427s][info][gc,metaspace   ] GC(169) Metaspace: 6301K(6464K)->6301K(6464K) NonClass: 5768K(5824K)->5768K(5824K) Class: 533K(640K)->533K(640K)
[72.427s][info][gc             ] GC(169) Pause Full (Ergonomics) 733M->733M(753M) 751.663ms
[72.427s][info][gc,cpu         ] GC(169) User=0.72s Sys=0.00s Real=0.75s
[72.427s][info][gc,start       ] GC(170) Pause Full (Ergonomics)
[72.427s][info][gc,phases,start] GC(170) Marking Phase
[72.982s][info][gc,phases      ] GC(170) Marking Phase 554.531ms
[72.982s][info][gc,phases,start] GC(170) Summary Phase
[72.982s][info][gc,phases      ] GC(170) Summary Phase 0.040ms
[72.982s][info][gc,phases,start] GC(170) Adjust Roots
[72.982s][info][gc,phases      ] GC(170) Adjust Roots 0.283ms
[72.982s][info][gc,phases,start] GC(170) Compaction Phase
[73.176s][info][gc,phases      ] GC(170) Compaction Phase 194.271ms
[73.177s][info][gc,phases,start] GC(170) Post Compact
[73.178s][info][gc,phases      ] GC(170) Post Compact 1.481ms
[73.178s][info][gc,heap        ] GC(170) PSYoungGen: 68514K(88576K)->68514K(88576K) Eden: 20991K(20992K)->20991K(20992K) From: 47523K(67584K)->47523K(67584K)
[73.178s][info][gc,heap        ] GC(170) ParOldGen: 682973K(683008K)->682973K(683008K)
[73.178s][info][gc,metaspace   ] GC(170) Metaspace: 6301K(6464K)->6301K(6464K) NonClass: 5768K(5824K)->5768K(5824K) Class: 533K(640K)->533K(640K)
[73.178s][info][gc             ] GC(170) Pause Full (Ergonomics) 733M->733M(753M) 751.052ms
[73.178s][info][gc,cpu         ] GC(170) User=0.73s Sys=0.00s Real=0.75s
[73.179s][info][gc,start       ] GC(171) Pause Full (Ergonomics)
[73.179s][info][gc,phases,start] GC(171) Marking Phase
[73.732s][info][gc,phases      ] GC(171) Marking Phase 553.795ms
[73.732s][info][gc,phases,start] GC(171) Summary Phase
[73.732s][info][gc,phases      ] GC(171) Summary Phase 0.026ms
[73.732s][info][gc,phases,start] GC(171) Adjust Roots
[73.733s][info][gc,phases      ] GC(171) Adjust Roots 0.264ms
[73.733s][info][gc,phases,start] GC(171) Compaction Phase
[73.926s][info][gc,phases      ] GC(171) Compaction Phase 192.945ms
[73.926s][info][gc,phases,start] GC(171) Post Compact
[73.927s][info][gc,phases      ] GC(171) Post Compact 1.631ms
[73.928s][info][gc,heap        ] GC(171) PSYoungGen: 68514K(88576K)->68514K(88576K) Eden: 20991K(20992K)->20991K(20992K) From: 47523K(67584K)->47523K(67584K)
[73.928s][info][gc,heap        ] GC(171) ParOldGen: 682978K(683008K)->682978K(683008K)
[73.928s][info][gc,metaspace   ] GC(171) Metaspace: 6301K(6464K)->6301K(6464K) NonClass: 5768K(5824K)->5768K(5824K) Class: 533K(640K)->533K(640K)
[73.928s][info][gc             ] GC(171) Pause Full (Ergonomics) 733M->733M(753M) 749.157ms
[73.928s][info][gc,cpu         ] GC(171) User=0.73s Sys=0.00s Real=0.75s
[73.928s][info][gc,start       ] GC(172) Pause Full (Ergonomics)
[73.928s][info][gc,phases,start] GC(172) Marking Phase
[74.482s][info][gc,phases      ] GC(172) Marking Phase 553.520ms
[74.482s][info][gc,phases,start] GC(172) Summary Phase
[74.482s][info][gc,phases      ] GC(172) Summary Phase 0.040ms
[74.482s][info][gc,phases,start] GC(172) Adjust Roots
[74.482s][info][gc,phases      ] GC(172) Adjust Roots 0.225ms
[74.482s][info][gc,phases,start] GC(172) Compaction Phase
[74.674s][info][gc,phases      ] GC(172) Compaction Phase 191.703ms
[74.674s][info][gc,phases,start] GC(172) Post Compact
[74.675s][info][gc,phases      ] GC(172) Post Compact 1.316ms
[74.675s][info][gc,heap        ] GC(172) PSYoungGen: 68514K(88576K)->68514K(88576K) Eden: 20991K(20992K)->20991K(20992K) From: 47523K(67584K)->47523K(67584K)
[74.675s][info][gc,heap        ] GC(172) ParOldGen: 682983K(683008K)->682983K(683008K)
[74.675s][info][gc,metaspace   ] GC(172) Metaspace: 6301K(6464K)->6301K(6464K) NonClass: 5768K(5824K)->5768K(5824K) Class: 533K(640K)->533K(640K)
[74.675s][info][gc             ] GC(172) Pause Full (Ergonomics) 733M->733M(753M) 747.213ms
[74.675s][info][gc,cpu         ] GC(172) User=0.67s Sys=0.02s Real=0.75s
[74.676s][info][gc,start       ] GC(173) Pause Full (Ergonomics)
[74.676s][info][gc,phases,start] GC(173) Marking Phase
[75.231s][info][gc,phases      ] GC(173) Marking Phase 555.163ms
[75.231s][info][gc,phases,start] GC(173) Summary Phase
[75.231s][info][gc,phases      ] GC(173) Summary Phase 0.048ms
[75.231s][info][gc,phases,start] GC(173) Adjust Roots
[75.231s][info][gc,phases      ] GC(173) Adjust Roots 0.245ms
[75.231s][info][gc,phases,start] GC(173) Compaction Phase
[75.426s][info][gc,phases      ] GC(173) Compaction Phase 194.163ms
[75.426s][info][gc,phases,start] GC(173) Post Compact
[75.427s][info][gc,phases      ] GC(173) Post Compact 1.318ms
[75.427s][info][gc,heap        ] GC(173) PSYoungGen: 68514K(88576K)->68514K(88576K) Eden: 20991K(20992K)->20991K(20992K) From: 47523K(67584K)->47523K(67584K)
[75.427s][info][gc,heap        ] GC(173) ParOldGen: 682987K(683008K)->682987K(683008K)
[75.427s][info][gc,metaspace   ] GC(173) Metaspace: 6301K(6464K)->6301K(6464K) NonClass: 5768K(5824K)->5768K(5824K) Class: 533K(640K)->533K(640K)
[75.427s][info][gc             ] GC(173) Pause Full (Ergonomics) 733M->733M(753M) 751.345ms
[75.427s][info][gc,cpu         ] GC(173) User=0.75s Sys=0.00s Real=0.75s
[75.428s][info][gc,start       ] GC(174) Pause Full (Ergonomics)
[75.428s][info][gc,phases,start] GC(174) Marking Phase
[75.982s][info][gc,phases      ] GC(174) Marking Phase 554.150ms
[75.982s][info][gc,phases,start] GC(174) Summary Phase
[75.982s][info][gc,phases      ] GC(174) Summary Phase 0.040ms
[75.982s][info][gc,phases,start] GC(174) Adjust Roots
[75.982s][info][gc,phases      ] GC(174) Adjust Roots 0.263ms
[75.982s][info][gc,phases,start] GC(174) Compaction Phase
[76.175s][info][gc,phases      ] GC(174) Compaction Phase 192.502ms
[76.175s][info][gc,phases,start] GC(174) Post Compact
[76.176s][info][gc,phases      ] GC(174) Post Compact 1.471ms
[76.176s][info][gc,heap        ] GC(174) PSYoungGen: 68514K(88576K)->68514K(88576K) Eden: 20991K(20992K)->20991K(20992K) From: 47523K(67584K)->47523K(67584K)
[76.176s][info][gc,heap        ] GC(174) ParOldGen: 682992K(683008K)->682992K(683008K)
[76.176s][info][gc,metaspace   ] GC(174) Metaspace: 6301K(6464K)->6301K(6464K) NonClass: 5768K(5824K)->5768K(5824K) Class: 533K(640K)->533K(640K)
[76.176s][info][gc             ] GC(174) Pause Full (Ergonomics) 733M->733M(753M) 748.841ms
[76.177s][info][gc,cpu         ] GC(174) User=0.70s Sys=0.00s Real=0.75s
[76.177s][info][gc,start       ] GC(175) Pause Full (Ergonomics)
[76.177s][info][gc,phases,start] GC(175) Marking Phase
[76.736s][info][gc,phases      ] GC(175) Marking Phase 559.276ms
[76.736s][info][gc,phases,start] GC(175) Summary Phase
[76.736s][info][gc,phases      ] GC(175) Summary Phase 0.027ms
[76.736s][info][gc,phases,start] GC(175) Adjust Roots
[76.736s][info][gc,phases      ] GC(175) Adjust Roots 0.212ms
[76.736s][info][gc,phases,start] GC(175) Compaction Phase
[76.930s][info][gc,phases      ] GC(175) Compaction Phase 192.992ms
[76.930s][info][gc,phases,start] GC(175) Post Compact
[76.931s][info][gc,phases      ] GC(175) Post Compact 1.417ms
[76.931s][info][gc,heap        ] GC(175) PSYoungGen: 68514K(88576K)->68514K(88576K) Eden: 20991K(20992K)->20991K(20992K) From: 47523K(67584K)->47523K(67584K)
[76.931s][info][gc,heap        ] GC(175) ParOldGen: 682997K(683008K)->682997K(683008K)
[76.931s][info][gc,metaspace   ] GC(175) Metaspace: 6301K(6464K)->6301K(6464K) NonClass: 5768K(5824K)->5768K(5824K) Class: 533K(640K)->533K(640K)
[76.931s][info][gc             ] GC(175) Pause Full (Ergonomics) 733M->733M(753M) 754.365ms
[76.931s][info][gc,cpu         ] GC(175) User=0.75s Sys=0.00s Real=0.75s
[76.932s][info][gc,start       ] GC(176) Pause Full (Ergonomics)
[76.932s][info][gc,phases,start] GC(176) Marking Phase
[77.487s][info][gc,phases      ] GC(176) Marking Phase 555.856ms
[77.487s][info][gc,phases,start] GC(176) Summary Phase
[77.488s][info][gc,phases      ] GC(176) Summary Phase 0.040ms
[77.488s][info][gc,phases,start] GC(176) Adjust Roots
[77.488s][info][gc,phases      ] GC(176) Adjust Roots 0.274ms
[77.488s][info][gc,phases,start] GC(176) Compaction Phase
[77.680s][info][gc,phases      ] GC(176) Compaction Phase 192.302ms
[77.680s][info][gc,phases,start] GC(176) Post Compact
[77.682s][info][gc,phases      ] GC(176) Post Compact 1.329ms
[77.682s][info][gc,heap        ] GC(176) PSYoungGen: 68514K(88576K)->68514K(88576K) Eden: 20991K(20992K)->20991K(20992K) From: 47523K(67584K)->47523K(67584K)
[77.682s][info][gc,heap        ] GC(176) ParOldGen: 683001K(683008K)->683001K(683008K)
[77.682s][info][gc,metaspace   ] GC(176) Metaspace: 6301K(6464K)->6301K(6464K) NonClass: 5768K(5824K)->5768K(5824K) Class: 533K(640K)->533K(640K)
[77.682s][info][gc             ] GC(176) Pause Full (Ergonomics) 733M->733M(753M) 750.217ms
[77.682s][info][gc,cpu         ] GC(176) User=0.73s Sys=0.02s Real=0.75s
[77.682s][info][gc,start       ] GC(177) Pause Full (Ergonomics)
[77.682s][info][gc,phases,start] GC(177) Marking Phase
[78.236s][info][gc,phases      ] GC(177) Marking Phase 553.655ms
[78.236s][info][gc,phases,start] GC(177) Summary Phase
[78.236s][info][gc,phases      ] GC(177) Summary Phase 0.027ms
[78.236s][info][gc,phases,start] GC(177) Adjust Roots
[78.236s][info][gc,phases      ] GC(177) Adjust Roots 0.252ms
[78.236s][info][gc,phases,start] GC(177) Compaction Phase
[78.429s][info][gc,phases      ] GC(177) Compaction Phase 192.445ms
[78.429s][info][gc,phases,start] GC(177) Post Compact
[78.430s][info][gc,phases      ] GC(177) Post Compact 1.314ms
[78.430s][info][gc,heap        ] GC(177) PSYoungGen: 68514K(88576K)->68514K(88576K) Eden: 20991K(20992K)->20991K(20992K) From: 47523K(67584K)->47523K(67584K)
[78.430s][info][gc,heap        ] GC(177) ParOldGen: 683006K(683008K)->683006K(683008K)
[78.430s][info][gc,metaspace   ] GC(177) Metaspace: 6301K(6464K)->6301K(6464K) NonClass: 5768K(5824K)->5768K(5824K) Class: 533K(640K)->533K(640K)
[78.430s][info][gc             ] GC(177) Pause Full (Ergonomics) 733M->733M(753M) 748.074ms
[78.430s][info][gc,cpu         ] GC(177) User=0.73s Sys=0.00s Real=0.75s
[78.431s][info][gc,start       ] GC(178) Pause Full (Ergonomics)
[78.431s][info][gc,phases,start] GC(178) Marking Phase
[78.985s][info][gc,phases      ] GC(178) Marking Phase 554.315ms
[78.985s][info][gc,phases,start] GC(178) Summary Phase
[78.985s][info][gc,phases      ] GC(178) Summary Phase 0.026ms
[78.985s][info][gc,phases,start] GC(178) Adjust Roots
[78.985s][info][gc,phases      ] GC(178) Adjust Roots 0.249ms
[78.985s][info][gc,phases,start] GC(178) Compaction Phase
[79.179s][info][gc,phases      ] GC(178) Compaction Phase 193.020ms
[79.179s][info][gc,phases,start] GC(178) Post Compact
[79.180s][info][gc,phases      ] GC(178) Post Compact 1.320ms
[79.180s][info][gc,heap        ] GC(178) PSYoungGen: 68514K(88576K)->68514K(88576K) Eden: 20991K(20992K)->20991K(20992K) From: 47523K(67584K)->47523K(67584K)
[79.180s][info][gc,heap        ] GC(178) ParOldGen: 683007K(683008K)->683007K(683008K)
[79.180s][info][gc,metaspace   ] GC(178) Metaspace: 6301K(6464K)->6301K(6464K) NonClass: 5768K(5824K)->5768K(5824K) Class: 533K(640K)->533K(640K)
[79.180s][info][gc             ] GC(178) Pause Full (Ergonomics) 733M->733M(753M) 749.342ms
[79.180s][info][gc,cpu         ] GC(178) User=0.75s Sys=0.00s Real=0.75s
[79.180s][info][gc,start       ] GC(179) Pause Full (Allocation Failure)
[79.180s][info][gc,phases,start] GC(179) Marking Phase
[79.740s][info][gc,phases      ] GC(179) Marking Phase 560.134ms
[79.740s][info][gc,phases,start] GC(179) Summary Phase
[79.740s][info][gc,phases      ] GC(179) Summary Phase 0.027ms
[79.740s][info][gc,phases,start] GC(179) Adjust Roots
[79.741s][info][gc,phases      ] GC(179) Adjust Roots 0.504ms
[79.741s][info][gc,phases,start] GC(179) Compaction Phase
[79.985s][info][gc,phases      ] GC(179) Compaction Phase 244.071ms
[79.985s][info][gc,phases,start] GC(179) Post Compact
[79.987s][info][gc,phases      ] GC(179) Post Compact 1.621ms
[79.987s][info][gc,heap        ] GC(179) PSYoungGen: 68514K(88576K)->68514K(88576K) Eden: 20991K(20992K)->20991K(20992K) From: 47523K(67584K)->47523K(67584K)
[79.987s][info][gc,heap        ] GC(179) ParOldGen: 683007K(683008K)->683003K(683008K)
[79.987s][info][gc,metaspace   ] GC(179) Metaspace: 6301K(6464K)->6300K(6464K) NonClass: 5768K(5824K)->5767K(5824K) Class: 533K(640K)->532K(640K)
[79.987s][info][gc             ] GC(179) Pause Full (Allocation Failure) 733M->733M(753M) 806.905ms
[79.987s][info][gc,cpu         ] GC(179) User=0.75s Sys=0.02s Real=0.81s
[79.988s][info][gc,start       ] GC(180) Pause Full (Ergonomics)
[79.988s][info][gc,phases,start] GC(180) Marking Phase
[80.548s][info][gc,phases      ] GC(180) Marking Phase 560.928ms
[80.549s][info][gc,phases,start] GC(180) Summary Phase
[80.549s][info][gc,phases      ] GC(180) Summary Phase 0.027ms
[80.549s][info][gc,phases,start] GC(180) Adjust Roots
[80.549s][info][gc,phases      ] GC(180) Adjust Roots 0.215ms
[80.549s][info][gc,phases,start] GC(180) Compaction Phase
[80.745s][info][gc,phases      ] GC(180) Compaction Phase 196.280ms
[80.745s][info][gc,phases,start] GC(180) Post Compact
[80.747s][info][gc,phases      ] GC(180) Post Compact 1.368ms
[80.747s][info][gc,heap        ] GC(180) PSYoungGen: 68514K(88576K)->68514K(88576K) Eden: 20991K(20992K)->20991K(20992K) From: 47523K(67584K)->47523K(67584K)
[80.747s][info][gc,heap        ] GC(180) ParOldGen: 683006K(683008K)->683006K(683008K)
[80.747s][info][gc,metaspace   ] GC(180) Metaspace: 6300K(6464K)->6300K(6464K) NonClass: 5767K(5824K)->5767K(5824K) Class: 532K(640K)->532K(640K)
[80.747s][info][gc             ] GC(180) Pause Full (Ergonomics) 733M->733M(753M) 759.186ms
[80.747s][info][gc,cpu         ] GC(180) User=0.75s Sys=0.00s Real=0.76s
[80.747s][info][gc,start       ] GC(181) Pause Full (Ergonomics)
[80.747s][info][gc,phases,start] GC(181) Marking Phase
[81.302s][info][gc,phases      ] GC(181) Marking Phase 554.644ms
[81.302s][info][gc,phases,start] GC(181) Summary Phase
[81.302s][info][gc,phases      ] GC(181) Summary Phase 0.026ms
[81.302s][info][gc,phases,start] GC(181) Adjust Roots
[81.302s][info][gc,phases      ] GC(181) Adjust Roots 0.210ms
[81.302s][info][gc,phases,start] GC(181) Compaction Phase
[81.492s][info][gc,phases      ] GC(181) Compaction Phase 189.944ms
[81.492s][info][gc,phases,start] GC(181) Post Compact
[81.494s][info][gc,phases      ] GC(181) Post Compact 1.326ms
[81.494s][info][gc,heap        ] GC(181) PSYoungGen: 68514K(88576K)->68514K(88576K) Eden: 20991K(20992K)->20991K(20992K) From: 47523K(67584K)->47523K(67584K)
[81.494s][info][gc,heap        ] GC(181) ParOldGen: 683007K(683008K)->683007K(683008K)
[81.494s][info][gc,metaspace   ] GC(181) Metaspace: 6300K(6464K)->6300K(6464K) NonClass: 5767K(5824K)->5767K(5824K) Class: 532K(640K)->532K(640K)
[81.494s][info][gc             ] GC(181) Pause Full (Ergonomics) 733M->733M(753M) 746.575ms
[81.494s][info][gc,cpu         ] GC(181) User=0.72s Sys=0.00s Real=0.75s
[81.494s][info][gc,start       ] GC(182) Pause Full (Allocation Failure)
[81.494s][info][gc,phases,start] GC(182) Marking Phase
[82.049s][info][gc,phases      ] GC(182) Marking Phase 554.819ms
[82.049s][info][gc,phases,start] GC(182) Summary Phase
[82.049s][info][gc,phases      ] GC(182) Summary Phase 0.026ms
[82.049s][info][gc,phases,start] GC(182) Adjust Roots
[82.049s][info][gc,phases      ] GC(182) Adjust Roots 0.213ms
[82.049s][info][gc,phases,start] GC(182) Compaction Phase
[82.240s][info][gc,phases      ] GC(182) Compaction Phase 191.199ms
[82.240s][info][gc,phases,start] GC(182) Post Compact
[82.242s][info][gc,phases      ] GC(182) Post Compact 1.320ms
[82.242s][info][gc,heap        ] GC(182) PSYoungGen: 68514K(88576K)->68514K(88576K) Eden: 20991K(20992K)->20991K(20992K) From: 47523K(67584K)->47523K(67584K)
[82.242s][info][gc,heap        ] GC(182) ParOldGen: 683007K(683008K)->683007K(683008K)
[82.242s][info][gc,metaspace   ] GC(182) Metaspace: 6300K(6464K)->6300K(6464K) NonClass: 5767K(5824K)->5767K(5824K) Class: 532K(640K)->532K(640K)
[82.242s][info][gc             ] GC(182) Pause Full (Allocation Failure) 733M->733M(753M) 747.935ms
[82.242s][info][gc,cpu         ] GC(182) User=0.73s Sys=0.00s Real=0.75s
[82.243s][info][gc,start       ] GC(183) Pause Full (Ergonomics)
[82.243s][info][gc,phases,start] GC(183) Marking Phase
[82.805s][info][gc,phases      ] GC(183) Marking Phase 562.002ms
[82.805s][info][gc,phases,start] GC(183) Summary Phase
[82.805s][info][gc,phases      ] GC(183) Summary Phase 0.040ms
[82.805s][info][gc,phases,start] GC(183) Adjust Roots
[82.805s][info][gc,phases      ] GC(183) Adjust Roots 0.434ms
[82.805s][info][gc,phases,start] GC(183) Compaction Phase
[83.047s][info][gc,phases      ] GC(183) Compaction Phase 241.574ms
[83.047s][info][gc,phases,start] GC(183) Post Compact
[83.049s][info][gc,phases      ] GC(183) Post Compact 1.498ms
[83.049s][info][gc,heap        ] GC(183) PSYoungGen: 68515K(88576K)->68515K(88576K) Eden: 20992K(20992K)->20992K(20992K) From: 47523K(67584K)->47523K(67584K)
[83.049s][info][gc,heap        ] GC(183) ParOldGen: 683007K(683008K)->683006K(683008K)
[83.049s][info][gc,metaspace   ] GC(183) Metaspace: 6300K(6464K)->6300K(6464K) NonClass: 5767K(5824K)->5767K(5824K) Class: 532K(640K)->532K(640K)
[83.049s][info][gc             ] GC(183) Pause Full (Ergonomics) 733M->733M(753M) 805.922ms
[83.049s][info][gc,cpu         ] GC(183) User=0.78s Sys=0.00s Real=0.81s
[83.050s][info][gc,start       ] GC(184) Pause Full (Ergonomics)
[83.050s][info][gc,phases,start] GC(184) Marking Phase
[83.603s][info][gc,phases      ] GC(184) Marking Phase 552.729ms
[83.603s][info][gc,phases,start] GC(184) Summary Phase
[83.603s][info][gc,phases      ] GC(184) Summary Phase 0.026ms
[83.603s][info][gc,phases,start] GC(184) Adjust Roots
[83.604s][info][gc,phases      ] GC(184) Adjust Roots 0.468ms
[83.604s][info][gc,phases,start] GC(184) Compaction Phase
[83.845s][info][gc,phases      ] GC(184) Compaction Phase 241.347ms
[83.845s][info][gc,phases,start] GC(184) Post Compact
[83.847s][info][gc,phases      ] GC(184) Post Compact 1.558ms
[83.847s][info][gc,heap        ] GC(184) PSYoungGen: 68515K(88576K)->68515K(88576K) Eden: 20992K(20992K)->20992K(20992K) From: 47523K(67584K)->47523K(67584K)
[83.847s][info][gc,heap        ] GC(184) ParOldGen: 683007K(683008K)->683004K(683008K)
[83.847s][info][gc,metaspace   ] GC(184) Metaspace: 6301K(6464K)->6301K(6464K) NonClass: 5767K(5824K)->5767K(5824K) Class: 533K(640K)->533K(640K)
[83.847s][info][gc             ] GC(184) Pause Full (Ergonomics) 733M->733M(753M) 796.498ms
[83.847s][info][gc,cpu         ] GC(184) User=0.77s Sys=0.00s Real=0.80s
[83.847s][info][gc,heap,exit   ] Heap
[83.847s][info][gc,heap,exit   ]  PSYoungGen      total 88576K, used 68515K [0x00000000eb300000, 0x00000000f6880000, 0x0000000100000000)
[83.847s][info][gc,heap,exit   ]   eden space 20992K, 100% used [0x00000000eb300000,0x00000000ec780000,0x00000000ec780000)
[83.848s][info][gc,heap,exit   ]   from space 67584K, 70% used [0x00000000ec780000,0x00000000ef5e8c00,0x00000000f0980000)
[83.848s][info][gc,heap,exit   ]   to   space 80896K, 0% used [0x00000000f1980000,0x00000000f1980000,0x00000000f6880000)
[83.848s][info][gc,heap,exit   ]  ParOldGen       total 683008K, used 683005K [0x00000000c1800000, 0x00000000eb300000, 0x00000000eb300000)
[83.848s][info][gc,heap,exit   ]   object space 683008K, 99% used [0x00000000c1800000,0x00000000eb2ff5d0,0x00000000eb300000)
[83.848s][info][gc,heap,exit   ]  Metaspace       used 6304K, committed 6528K, reserved 1114112K
[83.848s][info][gc,heap,exit   ]   class space    used 534K, committed 640K, reserved 1048576K
