[0.013s][info][gc,init] CardTable entry size: 512
[0.013s][info][gc     ] Using Parallel
[0.014s][info][gc,init] Version: 18.0.1+10 (release)
[0.014s][info][gc,init] CPUs: 8 total, 8 available
[0.014s][info][gc,init] Memory: 16063M
[0.014s][info][gc,init] Large Page Support: Disabled
[0.014s][info][gc,init] NUMA Support: Disabled
[0.014s][info][gc,init] Compressed Oops: Enabled (32-bit)
[0.014s][info][gc,init] Alignments: Space 512K, Generation 512K, Heap 2M
[0.014s][info][gc,init] Heap Min Capacity: 2M
[0.014s][info][gc,init] Heap Initial Capacity: 2M
[0.014s][info][gc,init] Heap Max Capacity: 500M
[0.015s][info][gc,init] Pre-touch: Disabled
[0.015s][info][gc,init] Parallel Workers: 2
[0.015s][info][gc,metaspace] CDS archive(s) not mapped
[0.015s][info][gc,metaspace] Compressed class space mapped at: 0x0000000100000000-0x0000000140000000, reserved size: 1073741824
[0.015s][info][gc,metaspace] Narrow klass base: 0x0000000000000000, Narrow klass shift: 3, Narrow klass range: 0x140000000
[0.120s][info][gc,start    ] GC(0) Pause Young (Allocation Failure)
[0.122s][info][gc,heap     ] GC(0) PSYoungGen: 512K(1024K)->480K(1024K) Eden: 512K(512K)->0K(512K) From: 0K(512K)->480K(512K)
[0.122s][info][gc,heap     ] GC(0) ParOldGen: 0K(512K)->8K(512K)
[0.122s][info][gc,metaspace] GC(0) Metaspace: 4229K(4352K)->4229K(4352K) NonClass: 3908K(3968K)->3908K(3968K) Class: 321K(384K)->321K(384K)
[0.122s][info][gc          ] GC(0) Pause Young (Allocation Failure) 0M->0M(1M) 1.446ms
[0.122s][info][gc,cpu      ] GC(0) User=0.00s Sys=0.00s Real=0.00s
[0.189s][info][gc,start    ] GC(1) Pause Young (Allocation Failure)
[0.190s][info][gc,heap     ] GC(1) PSYoungGen: 991K(1024K)->512K(1536K) Eden: 511K(512K)->0K(1024K) From: 480K(512K)->512K(512K)
[0.190s][info][gc,heap     ] GC(1) ParOldGen: 8K(512K)->80K(512K)
[0.190s][info][gc,metaspace] GC(1) Metaspace: 5880K(6016K)->5880K(6016K) NonClass: 5383K(5504K)->5383K(5504K) Class: 496K(512K)->496K(512K)
[0.190s][info][gc          ] GC(1) Pause Young (Allocation Failure) 0M->0M(2M) 0.940ms
[0.190s][info][gc,cpu      ] GC(1) User=0.00s Sys=0.00s Real=0.00s
[0.213s][info][gc,start    ] GC(2) Pause Young (Allocation Failure)
[0.215s][info][gc,heap     ] GC(2) PSYoungGen: 1536K(1536K)->512K(1536K) Eden: 1024K(1024K)->0K(1024K) From: 512K(512K)->512K(512K)
[0.215s][info][gc,heap     ] GC(2) ParOldGen: 80K(512K)->504K(512K)
[0.215s][info][gc,metaspace] GC(2) Metaspace: 6301K(6528K)->6301K(6528K) NonClass: 5767K(5888K)->5767K(5888K) Class: 533K(640K)->533K(640K)
[0.215s][info][gc          ] GC(2) Pause Young (Allocation Failure) 1M->0M(2M) 1.778ms
[0.215s][info][gc,cpu      ] GC(2) User=0.00s Sys=0.00s Real=0.00s
[0.215s][info][gc,start    ] GC(3) Pause Full (Ergonomics)
[0.215s][info][gc,phases,start] GC(3) Marking Phase
[0.216s][info][gc,phases      ] GC(3) Marking Phase 1.036ms
[0.216s][info][gc,phases,start] GC(3) Summary Phase
[0.216s][info][gc,phases      ] GC(3) Summary Phase 0.015ms
[0.216s][info][gc,phases,start] GC(3) Adjust Roots
[0.217s][info][gc,phases      ] GC(3) Adjust Roots 0.413ms
[0.217s][info][gc,phases,start] GC(3) Compaction Phase
[0.218s][info][gc,phases      ] GC(3) Compaction Phase 1.582ms
[0.218s][info][gc,phases,start] GC(3) Post Compact
[0.218s][info][gc,phases      ] GC(3) Post Compact 0.067ms
[0.218s][info][gc,heap        ] GC(3) PSYoungGen: 512K(1536K)->506K(1536K) Eden: 0K(1024K)->0K(1024K) From: 512K(512K)->506K(512K)
[0.218s][info][gc,heap        ] GC(3) ParOldGen: 504K(512K)->474K(2048K)
[0.218s][info][gc,metaspace   ] GC(3) Metaspace: 6301K(6528K)->6301K(6528K) NonClass: 5767K(5888K)->5767K(5888K) Class: 533K(640K)->533K(640K)
[0.218s][info][gc             ] GC(3) Pause Full (Ergonomics) 0M->0M(3M) 3.372ms
[0.218s][info][gc,cpu         ] GC(3) User=0.02s Sys=0.00s Real=0.00s
[0.220s][info][gc,start       ] GC(4) Pause Young (Allocation Failure)
[0.221s][info][gc,heap        ] GC(4) PSYoungGen: 1530K(1536K)->480K(2560K) Eden: 1024K(1024K)->0K(2048K) From: 506K(512K)->480K(512K)
[0.221s][info][gc,heap        ] GC(4) ParOldGen: 474K(2048K)->1038K(2048K)
[0.221s][info][gc,metaspace   ] GC(4) Metaspace: 6301K(6528K)->6301K(6528K) NonClass: 5767K(5888K)->5767K(5888K) Class: 533K(640K)->533K(640K)
[0.222s][info][gc             ] GC(4) Pause Young (Allocation Failure) 1M->1M(4M) 1.497ms
[0.222s][info][gc,cpu         ] GC(4) User=0.00s Sys=0.00s Real=0.00s
[0.226s][info][gc,start       ] GC(5) Pause Young (Allocation Failure)
[0.228s][info][gc,heap        ] GC(5) PSYoungGen: 2528K(2560K)->480K(2560K) Eden: 2048K(2048K)->0K(2048K) From: 480K(512K)->480K(512K)
[0.229s][info][gc,heap        ] GC(5) ParOldGen: 1038K(2048K)->2107K(2560K)
[0.229s][info][gc,metaspace   ] GC(5) Metaspace: 6301K(6528K)->6301K(6528K) NonClass: 5767K(5888K)->5767K(5888K) Class: 533K(640K)->533K(640K)
[0.229s][info][gc             ] GC(5) Pause Young (Allocation Failure) 3M->2M(5M) 2.550ms
[0.229s][info][gc,cpu         ] GC(5) User=0.00s Sys=0.00s Real=0.00s
[0.229s][info][gc,start       ] GC(6) Pause Full (Ergonomics)
[0.229s][info][gc,phases,start] GC(6) Marking Phase
[0.230s][info][gc,phases      ] GC(6) Marking Phase 1.772ms
[0.230s][info][gc,phases,start] GC(6) Summary Phase
[0.231s][info][gc,phases      ] GC(6) Summary Phase 0.017ms
[0.231s][info][gc,phases,start] GC(6) Adjust Roots
[0.231s][info][gc,phases      ] GC(6) Adjust Roots 0.374ms
[0.231s][info][gc,phases,start] GC(6) Compaction Phase
[0.234s][info][gc,phases      ] GC(6) Compaction Phase 2.626ms
[0.234s][info][gc,phases,start] GC(6) Post Compact
[0.234s][info][gc,phases      ] GC(6) Post Compact 0.040ms
[0.234s][info][gc,heap        ] GC(6) PSYoungGen: 480K(2560K)->0K(4096K) Eden: 0K(2048K)->0K(3072K) From: 480K(512K)->0K(1024K)
[0.234s][info][gc,heap        ] GC(6) ParOldGen: 2107K(2560K)->2542K(6144K)
[0.234s][info][gc,metaspace   ] GC(6) Metaspace: 6301K(6528K)->6301K(6528K) NonClass: 5767K(5888K)->5767K(5888K) Class: 533K(640K)->533K(640K)
[0.234s][info][gc             ] GC(6) Pause Full (Ergonomics) 2M->2M(10M) 5.235ms
[0.234s][info][gc,cpu         ] GC(6) User=0.00s Sys=0.00s Real=0.01s
[0.239s][info][gc,start       ] GC(7) Pause Young (Allocation Failure)
[0.241s][info][gc,heap        ] GC(7) PSYoungGen: 3072K(4096K)->1696K(5120K) Eden: 3072K(3072K)->0K(3072K) From: 0K(1024K)->1696K(2048K)
[0.241s][info][gc,heap        ] GC(7) ParOldGen: 2542K(6144K)->2542K(6144K)
[0.241s][info][gc,metaspace   ] GC(7) Metaspace: 6301K(6528K)->6301K(6528K) NonClass: 5767K(5888K)->5767K(5888K) Class: 533K(640K)->533K(640K)
[0.241s][info][gc             ] GC(7) Pause Young (Allocation Failure) 5M->4M(11M) 2.350ms
[0.241s][info][gc,cpu         ] GC(7) User=0.00s Sys=0.00s Real=0.00s
[0.246s][info][gc,start       ] GC(8) Pause Young (Allocation Failure)
[0.248s][info][gc,heap        ] GC(8) PSYoungGen: 4768K(5120K)->2016K(5632K) Eden: 3072K(3072K)->0K(3584K) From: 1696K(2048K)->2016K(2048K)
[0.248s][info][gc,heap        ] GC(8) ParOldGen: 2542K(6144K)->3774K(6144K)
[0.249s][info][gc,metaspace   ] GC(8) Metaspace: 6301K(6528K)->6301K(6528K) NonClass: 5767K(5888K)->5767K(5888K) Class: 533K(640K)->533K(640K)
[0.249s][info][gc             ] GC(8) Pause Young (Allocation Failure) 7M->5M(11M) 2.980ms
[0.249s][info][gc,cpu         ] GC(8) User=0.00s Sys=0.00s Real=0.00s
[0.256s][info][gc,start       ] GC(9) Pause Young (Allocation Failure)
[0.260s][info][gc,heap        ] GC(9) PSYoungGen: 5600K(5632K)->3040K(6656K) Eden: 3584K(3584K)->0K(3584K) From: 2016K(2048K)->3040K(3072K)
[0.260s][info][gc,heap        ] GC(9) ParOldGen: 3774K(6144K)->4614K(6144K)
[0.260s][info][gc,metaspace   ] GC(9) Metaspace: 6301K(6528K)->6301K(6528K) NonClass: 5767K(5888K)->5767K(5888K) Class: 533K(640K)->533K(640K)
[0.260s][info][gc             ] GC(9) Pause Young (Allocation Failure) 9M->7M(12M) 4.547ms
[0.260s][info][gc,cpu         ] GC(9) User=0.00s Sys=0.00s Real=0.00s
[0.264s][info][gc,start       ] GC(10) Pause Young (Allocation Failure)
[0.268s][info][gc,heap        ] GC(10) PSYoungGen: 6624K(6656K)->4064K(9216K) Eden: 3584K(3584K)->0K(5120K) From: 3040K(3072K)->4064K(4096K)
[0.268s][info][gc,heap        ] GC(10) ParOldGen: 4614K(6144K)->5454K(6144K)
[0.269s][info][gc,metaspace   ] GC(10) Metaspace: 6301K(6528K)->6301K(6528K) NonClass: 5767K(5888K)->5767K(5888K) Class: 533K(640K)->533K(640K)
[0.269s][info][gc             ] GC(10) Pause Young (Allocation Failure) 10M->9M(15M) 4.379ms
[0.269s][info][gc,cpu         ] GC(10) User=0.00s Sys=0.00s Real=0.01s
[0.269s][info][gc,start       ] GC(11) Pause Full (Ergonomics)
[0.269s][info][gc,phases,start] GC(11) Marking Phase
[0.274s][info][gc,phases      ] GC(11) Marking Phase 4.844ms
[0.274s][info][gc,phases,start] GC(11) Summary Phase
[0.274s][info][gc,phases      ] GC(11) Summary Phase 0.017ms
[0.274s][info][gc,phases,start] GC(11) Adjust Roots
[0.274s][info][gc,phases      ] GC(11) Adjust Roots 0.429ms
[0.274s][info][gc,phases,start] GC(11) Compaction Phase
[0.280s][info][gc,phases      ] GC(11) Compaction Phase 6.240ms
[0.280s][info][gc,phases,start] GC(11) Post Compact
[0.281s][info][gc,phases      ] GC(11) Post Compact 0.047ms
[0.281s][info][gc,heap        ] GC(11) PSYoungGen: 4064K(9216K)->3545K(9216K) Eden: 0K(5120K)->0K(5120K) From: 4064K(4096K)->3545K(4096K)
[0.281s][info][gc,heap        ] GC(11) ParOldGen: 5454K(6144K)->5831K(10752K)
[0.281s][info][gc,metaspace   ] GC(11) Metaspace: 6301K(6528K)->6301K(6528K) NonClass: 5767K(5888K)->5767K(5888K) Class: 533K(640K)->533K(640K)
[0.281s][info][gc             ] GC(11) Pause Full (Ergonomics) 9M->9M(19M) 11.940ms
[0.281s][info][gc,cpu         ] GC(11) User=0.00s Sys=0.00s Real=0.01s
[0.288s][info][gc,start       ] GC(12) Pause Young (Allocation Failure)
[0.293s][info][gc,heap        ] GC(12) PSYoungGen: 8665K(9216K)->5088K(10240K) Eden: 5120K(5120K)->0K(5120K) From: 3545K(4096K)->5088K(5120K)
[0.293s][info][gc,heap        ] GC(12) ParOldGen: 5831K(10752K)->6951K(10752K)
[0.293s][info][gc,metaspace   ] GC(12) Metaspace: 6301K(6528K)->6301K(6528K) NonClass: 5767K(5888K)->5767K(5888K) Class: 533K(640K)->533K(640K)
[0.293s][info][gc             ] GC(12) Pause Young (Allocation Failure) 14M->11M(20M) 5.427ms
[0.293s][info][gc,cpu         ] GC(12) User=0.00s Sys=0.00s Real=0.01s
[0.298s][info][gc,start       ] GC(13) Pause Young (Allocation Failure)
[0.305s][info][gc,heap        ] GC(13) PSYoungGen: 10208K(10240K)->6464K(12800K) Eden: 5120K(5120K)->0K(6144K) From: 5088K(5120K)->6464K(6656K)
[0.305s][info][gc,heap        ] GC(13) ParOldGen: 6951K(10752K)->8247K(10752K)
[0.305s][info][gc,metaspace   ] GC(13) Metaspace: 6302K(6528K)->6302K(6528K) NonClass: 5769K(5888K)->5769K(5888K) Class: 533K(640K)->533K(640K)
[0.305s][info][gc             ] GC(13) Pause Young (Allocation Failure) 16M->14M(23M) 7.554ms
[0.305s][info][gc,cpu         ] GC(13) User=0.00s Sys=0.00s Real=0.01s
[0.310s][info][gc,start       ] GC(14) Pause Young (Allocation Failure)
[0.317s][info][gc,heap        ] GC(14) PSYoungGen: 12608K(12800K)->5792K(13824K) Eden: 6144K(6144K)->0K(6144K) From: 6464K(6656K)->5792K(7680K)
[0.317s][info][gc,heap        ] GC(14) ParOldGen: 8247K(10752K)->12119K(12288K)
[0.317s][info][gc,metaspace   ] GC(14) Metaspace: 6302K(6528K)->6302K(6528K) NonClass: 5769K(5888K)->5769K(5888K) Class: 533K(640K)->533K(640K)
[0.317s][info][gc             ] GC(14) Pause Young (Allocation Failure) 20M->17M(25M) 6.996ms
[0.317s][info][gc,cpu         ] GC(14) User=0.00s Sys=0.00s Real=0.01s
[0.317s][info][gc,start       ] GC(15) Pause Full (Ergonomics)
[0.317s][info][gc,phases,start] GC(15) Marking Phase
[0.325s][info][gc,phases      ] GC(15) Marking Phase 7.944ms
[0.325s][info][gc,phases,start] GC(15) Summary Phase
[0.325s][info][gc,phases      ] GC(15) Summary Phase 0.019ms
[0.325s][info][gc,phases,start] GC(15) Adjust Roots
[0.326s][info][gc,phases      ] GC(15) Adjust Roots 0.274ms
[0.326s][info][gc,phases,start] GC(15) Compaction Phase
[0.334s][info][gc,phases      ] GC(15) Compaction Phase 8.325ms
[0.334s][info][gc,phases,start] GC(15) Post Compact
[0.334s][info][gc,phases      ] GC(15) Post Compact 0.088ms
[0.334s][info][gc,heap        ] GC(15) PSYoungGen: 5792K(13824K)->5758K(13824K) Eden: 0K(6144K)->0K(6144K) From: 5792K(7680K)->5758K(7680K)
[0.334s][info][gc,heap        ] GC(15) ParOldGen: 12119K(12288K)->12005K(18944K)
[0.334s][info][gc,metaspace   ] GC(15) Metaspace: 6302K(6528K)->6302K(6528K) NonClass: 5769K(5888K)->5769K(5888K) Class: 533K(640K)->533K(640K)
[0.334s][info][gc             ] GC(15) Pause Full (Ergonomics) 17M->17M(32M) 17.019ms
[0.334s][info][gc,cpu         ] GC(15) User=0.00s Sys=0.00s Real=0.02s
[0.338s][info][gc,start       ] GC(16) Pause Young (Allocation Failure)
[0.346s][info][gc,heap        ] GC(16) PSYoungGen: 11902K(13824K)->3200K(15360K) Eden: 6144K(6144K)->0K(8704K) From: 5758K(7680K)->3200K(6656K)
[0.347s][info][gc,heap        ] GC(16) ParOldGen: 12005K(18944K)->17861K(18944K)
[0.347s][info][gc,metaspace   ] GC(16) Metaspace: 6302K(6528K)->6302K(6528K) NonClass: 5769K(5888K)->5769K(5888K) Class: 533K(640K)->533K(640K)
[0.347s][info][gc             ] GC(16) Pause Young (Allocation Failure) 23M->20M(33M) 8.241ms
[0.347s][info][gc,cpu         ] GC(16) User=0.00s Sys=0.00s Real=0.01s
[0.347s][info][gc,start       ] GC(17) Pause Full (Ergonomics)
[0.347s][info][gc,phases,start] GC(17) Marking Phase
[0.356s][info][gc,phases      ] GC(17) Marking Phase 9.034ms
[0.356s][info][gc,phases,start] GC(17) Summary Phase
[0.356s][info][gc,phases      ] GC(17) Summary Phase 0.016ms
[0.356s][info][gc,phases,start] GC(17) Adjust Roots
[0.356s][info][gc,phases      ] GC(17) Adjust Roots 0.357ms
[0.356s][info][gc,phases,start] GC(17) Compaction Phase
[0.363s][info][gc,phases      ] GC(17) Compaction Phase 6.471ms
[0.363s][info][gc,phases,start] GC(17) Post Compact
[0.363s][info][gc,phases      ] GC(17) Post Compact 0.115ms
[0.363s][info][gc,heap        ] GC(17) PSYoungGen: 3200K(15360K)->2146K(16384K) Eden: 0K(8704K)->0K(9728K) From: 3200K(6656K)->2146K(6656K)
[0.363s][info][gc,heap        ] GC(17) ParOldGen: 17861K(18944K)->18786K(28672K)
[0.363s][info][gc,metaspace   ] GC(17) Metaspace: 6302K(6528K)->6302K(6528K) NonClass: 5769K(5888K)->5769K(5888K) Class: 533K(640K)->533K(640K)
[0.363s][info][gc             ] GC(17) Pause Full (Ergonomics) 20M->20M(44M) 16.351ms
[0.363s][info][gc,cpu         ] GC(17) User=0.00s Sys=0.00s Real=0.02s
[0.373s][info][gc,start       ] GC(18) Pause Young (Allocation Failure)
[0.380s][info][gc,heap        ] GC(18) PSYoungGen: 11874K(16384K)->5568K(17408K) Eden: 9728K(9728K)->0K(9728K) From: 2146K(6656K)->5568K(7680K)
[0.380s][info][gc,heap        ] GC(18) ParOldGen: 18786K(28672K)->20978K(28672K)
[0.380s][info][gc,metaspace   ] GC(18) Metaspace: 6302K(6528K)->6302K(6528K) NonClass: 5769K(5888K)->5769K(5888K) Class: 533K(640K)->533K(640K)
[0.380s][info][gc             ] GC(18) Pause Young (Allocation Failure) 29M->25M(45M) 6.553ms
[0.380s][info][gc,cpu         ] GC(18) User=0.00s Sys=0.00s Real=0.01s
[0.386s][info][gc,start       ] GC(19) Pause Young (Allocation Failure)
[0.396s][info][gc,heap        ] GC(19) PSYoungGen: 15296K(17408K)->5088K(21504K) Eden: 9728K(9728K)->0K(13312K) From: 5568K(7680K)->5088K(8192K)
[0.396s][info][gc,heap        ] GC(19) ParOldGen: 20978K(28672K)->26578K(28672K)
[0.396s][info][gc,metaspace   ] GC(19) Metaspace: 6302K(6528K)->6302K(6528K) NonClass: 5769K(5888K)->5769K(5888K) Class: 533K(640K)->533K(640K)
[0.396s][info][gc             ] GC(19) Pause Young (Allocation Failure) 35M->30M(49M) 9.847ms
[0.396s][info][gc,cpu         ] GC(19) User=0.00s Sys=0.00s Real=0.01s
[0.396s][info][gc,start       ] GC(20) Pause Full (Ergonomics)
[0.396s][info][gc,phases,start] GC(20) Marking Phase
[0.409s][info][gc,phases      ] GC(20) Marking Phase 13.197ms
[0.409s][info][gc,phases,start] GC(20) Summary Phase
[0.409s][info][gc,phases      ] GC(20) Summary Phase 0.019ms
[0.409s][info][gc,phases,start] GC(20) Adjust Roots
[0.409s][info][gc,phases      ] GC(20) Adjust Roots 0.236ms
[0.409s][info][gc,phases,start] GC(20) Compaction Phase
[0.421s][info][gc,phases      ] GC(20) Compaction Phase 11.964ms
[0.421s][info][gc,phases,start] GC(20) Post Compact
[0.422s][info][gc,phases      ] GC(20) Post Compact 0.102ms
[0.422s][info][gc,heap        ] GC(20) PSYoungGen: 5088K(21504K)->2471K(21504K) Eden: 0K(13312K)->0K(13312K) From: 5088K(8192K)->2471K(8192K)
[0.422s][info][gc,heap        ] GC(20) ParOldGen: 26578K(28672K)->28497K(40448K)
[0.422s][info][gc,metaspace   ] GC(20) Metaspace: 6302K(6528K)->6302K(6528K) NonClass: 5769K(5888K)->5769K(5888K) Class: 533K(640K)->533K(640K)
[0.422s][info][gc             ] GC(20) Pause Full (Ergonomics) 30M->30M(60M) 25.934ms
[0.422s][info][gc,cpu         ] GC(20) User=0.00s Sys=0.00s Real=0.03s
[0.433s][info][gc,start       ] GC(21) Pause Young (Allocation Failure)
[0.445s][info][gc,heap        ] GC(21) PSYoungGen: 15783K(21504K)->8192K(21504K) Eden: 13312K(13312K)->0K(13312K) From: 2471K(8192K)->8192K(8192K)
[0.445s][info][gc,heap        ] GC(21) ParOldGen: 28497K(40448K)->34161K(40448K)
[0.445s][info][gc,metaspace   ] GC(21) Metaspace: 6302K(6528K)->6302K(6528K) NonClass: 5769K(5888K)->5769K(5888K) Class: 533K(640K)->533K(640K)
[0.445s][info][gc             ] GC(21) Pause Young (Allocation Failure) 43M->41M(60M) 12.053ms
[0.445s][info][gc,cpu         ] GC(21) User=0.00s Sys=0.00s Real=0.01s
[0.445s][info][gc,start       ] GC(22) Pause Full (Ergonomics)
[0.445s][info][gc,phases,start] GC(22) Marking Phase
[0.463s][info][gc,phases      ] GC(22) Marking Phase 17.684ms
[0.463s][info][gc,phases,start] GC(22) Summary Phase
[0.463s][info][gc,phases      ] GC(22) Summary Phase 0.017ms
[0.463s][info][gc,phases,start] GC(22) Adjust Roots
[0.463s][info][gc,phases      ] GC(22) Adjust Roots 0.183ms
[0.463s][info][gc,phases,start] GC(22) Compaction Phase
[0.475s][info][gc,phases      ] GC(22) Compaction Phase 11.632ms
[0.475s][info][gc,phases,start] GC(22) Post Compact
[0.475s][info][gc,phases      ] GC(22) Post Compact 0.172ms
[0.475s][info][gc,heap        ] GC(22) PSYoungGen: 8192K(21504K)->2044K(21504K) Eden: 0K(13312K)->0K(13312K) From: 8192K(8192K)->2044K(8192K)
[0.475s][info][gc,heap        ] GC(22) ParOldGen: 34161K(40448K)->40200K(54784K)
[0.475s][info][gc,metaspace   ] GC(22) Metaspace: 6302K(6528K)->6302K(6528K) NonClass: 5769K(5888K)->5769K(5888K) Class: 533K(640K)->533K(640K)
[0.475s][info][gc             ] GC(22) Pause Full (Ergonomics) 41M->41M(74M) 30.034ms
[0.475s][info][gc,cpu         ] GC(22) User=0.03s Sys=0.00s Real=0.03s
[0.493s][info][gc,start       ] GC(23) Pause Young (Allocation Failure)
[0.508s][info][gc,heap        ] GC(23) PSYoungGen: 15356K(21504K)->11744K(25088K) Eden: 13312K(13312K)->0K(13312K) From: 2044K(8192K)->11744K(11776K)
[0.508s][info][gc,heap        ] GC(23) ParOldGen: 40200K(54784K)->43864K(54784K)
[0.508s][info][gc,metaspace   ] GC(23) Metaspace: 6302K(6528K)->6302K(6528K) NonClass: 5769K(5888K)->5769K(5888K) Class: 533K(640K)->533K(640K)
[0.508s][info][gc             ] GC(23) Pause Young (Allocation Failure) 54M->54M(78M) 14.554ms
[0.508s][info][gc,cpu         ] GC(23) User=0.00s Sys=0.00s Real=0.02s
[0.521s][info][gc,start       ] GC(24) Pause Young (Allocation Failure)
[0.537s][info][gc,heap        ] GC(24) PSYoungGen: 25056K(25088K)->13344K(28160K) Eden: 13312K(13312K)->0K(13312K) From: 11744K(11776K)->13344K(14848K)
[0.537s][info][gc,heap        ] GC(24) ParOldGen: 43864K(54784K)->55744K(55808K)
[0.537s][info][gc,metaspace   ] GC(24) Metaspace: 6302K(6528K)->6302K(6528K) NonClass: 5769K(5888K)->5769K(5888K) Class: 533K(640K)->533K(640K)
[0.537s][info][gc             ] GC(24) Pause Young (Allocation Failure) 67M->67M(82M) 15.818ms
[0.537s][info][gc,cpu         ] GC(24) User=0.00s Sys=0.00s Real=0.02s
[0.537s][info][gc,start       ] GC(25) Pause Full (Ergonomics)
[0.537s][info][gc,phases,start] GC(25) Marking Phase
[0.564s][info][gc,phases      ] GC(25) Marking Phase 27.300ms
[0.565s][info][gc,phases,start] GC(25) Summary Phase
[0.565s][info][gc,phases      ] GC(25) Summary Phase 0.024ms
[0.565s][info][gc,phases,start] GC(25) Adjust Roots
[0.565s][info][gc,phases      ] GC(25) Adjust Roots 0.172ms
[0.565s][info][gc,phases,start] GC(25) Compaction Phase
[0.586s][info][gc,phases      ] GC(25) Compaction Phase 21.075ms
[0.586s][info][gc,phases,start] GC(25) Post Compact
[0.586s][info][gc,phases      ] GC(25) Post Compact 0.267ms
[0.586s][info][gc,heap        ] GC(25) PSYoungGen: 13344K(28160K)->12254K(28160K) Eden: 0K(13312K)->0K(13312K) From: 13344K(14848K)->12254K(14848K)
[0.586s][info][gc,heap        ] GC(25) ParOldGen: 55744K(55808K)->55526K(74752K)
[0.586s][info][gc,metaspace   ] GC(25) Metaspace: 6302K(6528K)->6302K(6528K) NonClass: 5769K(5888K)->5769K(5888K) Class: 533K(640K)->533K(640K)
[0.586s][info][gc             ] GC(25) Pause Full (Ergonomics) 67M->66M(100M) 49.192ms
[0.586s][info][gc,cpu         ] GC(25) User=0.06s Sys=0.00s Real=0.05s
[0.601s][info][gc,start       ] GC(26) Pause Young (Allocation Failure)
[0.623s][info][gc,heap        ] GC(26) PSYoungGen: 25566K(28160K)->13312K(31744K) Eden: 13312K(13312K)->0K(14848K) From: 12254K(14848K)->13312K(16896K)
[0.623s][info][gc,heap        ] GC(26) ParOldGen: 55526K(74752K)->67982K(74752K)
[0.623s][info][gc,metaspace   ] GC(26) Metaspace: 6302K(6528K)->6302K(6528K) NonClass: 5769K(5888K)->5769K(5888K) Class: 533K(640K)->533K(640K)
[0.623s][info][gc             ] GC(26) Pause Young (Allocation Failure) 79M->79M(104M) 22.296ms
[0.623s][info][gc,cpu         ] GC(26) User=0.03s Sys=0.00s Real=0.02s
[0.623s][info][gc,start       ] GC(27) Pause Full (Ergonomics)
[0.623s][info][gc,phases,start] GC(27) Marking Phase
[0.654s][info][gc,phases      ] GC(27) Marking Phase 31.094ms
[0.654s][info][gc,phases,start] GC(27) Summary Phase
[0.654s][info][gc,phases      ] GC(27) Summary Phase 0.018ms
[0.654s][info][gc,phases,start] GC(27) Adjust Roots
[0.654s][info][gc,phases      ] GC(27) Adjust Roots 0.183ms
[0.654s][info][gc,phases,start] GC(27) Compaction Phase
[0.673s][info][gc,phases      ] GC(27) Compaction Phase 18.291ms
[0.673s][info][gc,phases,start] GC(27) Post Compact
[0.673s][info][gc,phases      ] GC(27) Post Compact 0.297ms
[0.673s][info][gc,heap        ] GC(27) PSYoungGen: 13312K(31744K)->6639K(31744K) Eden: 0K(14848K)->0K(14848K) From: 13312K(16896K)->6639K(16896K)
[0.673s][info][gc,heap        ] GC(27) ParOldGen: 67982K(74752K)->74424K(97792K)
[0.673s][info][gc,metaspace   ] GC(27) Metaspace: 6302K(6528K)->6302K(6528K) NonClass: 5769K(5888K)->5769K(5888K) Class: 533K(640K)->533K(640K)
[0.673s][info][gc             ] GC(27) Pause Full (Ergonomics) 79M->79M(126M) 50.237ms
[0.673s][info][gc,cpu         ] GC(27) User=0.05s Sys=0.02s Real=0.05s
[0.697s][info][gc,start       ] GC(28) Pause Young (Allocation Failure)
[0.713s][info][gc,heap        ] GC(28) PSYoungGen: 21487K(31744K)->18400K(33280K) Eden: 14848K(14848K)->0K(14848K) From: 6639K(16896K)->18400K(18432K)
[0.713s][info][gc,heap        ] GC(28) ParOldGen: 74424K(97792K)->77576K(97792K)
[0.713s][info][gc,metaspace   ] GC(28) Metaspace: 6302K(6528K)->6302K(6528K) NonClass: 5769K(5888K)->5769K(5888K) Class: 533K(640K)->533K(640K)
[0.713s][info][gc             ] GC(28) Pause Young (Allocation Failure) 93M->93M(128M) 16.459ms
[0.713s][info][gc,cpu         ] GC(28) User=0.03s Sys=0.00s Real=0.02s
[0.725s][info][gc,start       ] GC(29) Pause Young (Allocation Failure)
[0.746s][info][gc,heap        ] GC(29) PSYoungGen: 33248K(33280K)->14880K(38912K) Eden: 14848K(14848K)->0K(16384K) From: 18400K(18432K)->14880K(22528K)
[0.746s][info][gc,heap        ] GC(29) ParOldGen: 77576K(97792K)->96184K(97792K)
[0.746s][info][gc,metaspace   ] GC(29) Metaspace: 6302K(6528K)->6302K(6528K) NonClass: 5769K(5888K)->5769K(5888K) Class: 533K(640K)->533K(640K)
[0.746s][info][gc             ] GC(29) Pause Young (Allocation Failure) 108M->108M(133M) 21.042ms
[0.746s][info][gc,cpu         ] GC(29) User=0.03s Sys=0.00s Real=0.02s
[0.746s][info][gc,start       ] GC(30) Pause Full (Ergonomics)
[0.746s][info][gc,phases,start] GC(30) Marking Phase
[0.791s][info][gc,phases      ] GC(30) Marking Phase 44.623ms
[0.791s][info][gc,phases,start] GC(30) Summary Phase
[0.791s][info][gc,phases      ] GC(30) Summary Phase 0.018ms
[0.791s][info][gc,phases,start] GC(30) Adjust Roots
[0.791s][info][gc,phases      ] GC(30) Adjust Roots 0.208ms
[0.791s][info][gc,phases,start] GC(30) Compaction Phase
[0.822s][info][gc,phases      ] GC(30) Compaction Phase 30.692ms
[0.822s][info][gc,phases,start] GC(30) Post Compact
[0.822s][info][gc,phases      ] GC(30) Post Compact 0.496ms
[0.823s][info][gc,heap        ] GC(30) PSYoungGen: 14880K(38912K)->11239K(38912K) Eden: 0K(16384K)->0K(16384K) From: 14880K(22528K)->11239K(22528K)
[0.823s][info][gc,heap        ] GC(30) ParOldGen: 96184K(97792K)->97415K(126976K)
[0.823s][info][gc,metaspace   ] GC(30) Metaspace: 6302K(6528K)->6302K(6528K) NonClass: 5769K(5888K)->5769K(5888K) Class: 533K(640K)->533K(640K)
[0.823s][info][gc             ] GC(30) Pause Full (Ergonomics) 108M->106M(162M) 76.555ms
[0.823s][info][gc,cpu         ] GC(30) User=0.12s Sys=0.00s Real=0.08s
[0.837s][info][gc,start       ] GC(31) Pause Young (Allocation Failure)
[0.861s][info][gc,heap        ] GC(31) PSYoungGen: 27623K(38912K)->23552K(39936K) Eden: 16384K(16384K)->0K(16384K) From: 11239K(22528K)->23552K(23552K)
[0.862s][info][gc,heap        ] GC(31) ParOldGen: 97415K(126976K)->101567K(126976K)
[0.862s][info][gc,metaspace   ] GC(31) Metaspace: 6302K(6528K)->6302K(6528K) NonClass: 5769K(5888K)->5769K(5888K) Class: 533K(640K)->533K(640K)
[0.862s][info][gc             ] GC(31) Pause Young (Allocation Failure) 122M->122M(163M) 24.338ms
[0.862s][info][gc,cpu         ] GC(31) User=0.03s Sys=0.00s Real=0.02s
[0.879s][info][gc,start       ] GC(32) Pause Young (Allocation Failure)
[0.909s][info][gc,heap        ] GC(32) PSYoungGen: 39936K(39936K)->16416K(48640K) Eden: 16384K(16384K)->0K(19456K) From: 23552K(23552K)->16416K(29184K)
[0.909s][info][gc,heap        ] GC(32) ParOldGen: 101567K(126976K)->125455K(126976K)
[0.909s][info][gc,metaspace   ] GC(32) Metaspace: 6302K(6528K)->6302K(6528K) NonClass: 5769K(5888K)->5769K(5888K) Class: 533K(640K)->533K(640K)
[0.909s][info][gc             ] GC(32) Pause Young (Allocation Failure) 138M->138M(171M) 30.125ms
[0.909s][info][gc,cpu         ] GC(32) User=0.02s Sys=0.02s Real=0.03s
[0.909s][info][gc,start       ] GC(33) Pause Full (Ergonomics)
[0.909s][info][gc,phases,start] GC(33) Marking Phase
[0.964s][info][gc,phases      ] GC(33) Marking Phase 54.905ms
[0.964s][info][gc,phases,start] GC(33) Summary Phase
[0.964s][info][gc,phases      ] GC(33) Summary Phase 0.018ms
[0.964s][info][gc,phases,start] GC(33) Adjust Roots
[0.965s][info][gc,phases      ] GC(33) Adjust Roots 0.182ms
[0.965s][info][gc,phases,start] GC(33) Compaction Phase
[0.995s][info][gc,phases      ] GC(33) Compaction Phase 30.249ms
[0.995s][info][gc,phases,start] GC(33) Post Compact
[0.996s][info][gc,phases      ] GC(33) Post Compact 0.660ms
[0.996s][info][gc,heap        ] GC(33) PSYoungGen: 16416K(48640K)->14821K(48640K) Eden: 0K(19456K)->0K(19456K) From: 16416K(29184K)->14821K(29184K)
[0.996s][info][gc,heap        ] GC(33) ParOldGen: 125455K(126976K)->126537K(162816K)
[0.996s][info][gc,metaspace   ] GC(33) Metaspace: 6302K(6528K)->6302K(6528K) NonClass: 5769K(5888K)->5769K(5888K) Class: 533K(640K)->533K(640K)
[0.996s][info][gc             ] GC(33) Pause Full (Ergonomics) 138M->138M(206M) 86.550ms
[0.996s][info][gc,cpu         ] GC(33) User=0.11s Sys=0.00s Real=0.09s
[1.015s][info][gc,start       ] GC(34) Pause Young (Allocation Failure)
[1.044s][info][gc,heap        ] GC(34) PSYoungGen: 34277K(48640K)->29184K(48640K) Eden: 19456K(19456K)->0K(19456K) From: 14821K(29184K)->29184K(29184K)
[1.044s][info][gc,heap        ] GC(34) ParOldGen: 126537K(162816K)->131745K(162816K)
[1.044s][info][gc,metaspace   ] GC(34) Metaspace: 6302K(6528K)->6302K(6528K) NonClass: 5769K(5888K)->5769K(5888K) Class: 533K(640K)->533K(640K)
[1.044s][info][gc             ] GC(34) Pause Young (Allocation Failure) 157M->157M(206M) 28.612ms
[1.044s][info][gc,cpu         ] GC(34) User=0.03s Sys=0.00s Real=0.03s
[1.060s][info][gc,start       ] GC(35) Pause Young (Allocation Failure)
[1.094s][info][gc,heap        ] GC(35) PSYoungGen: 45502K(48640K)->16064K(55808K) Eden: 16318K(19456K)->0K(22528K) From: 29184K(29184K)->16064K(33280K)
[1.094s][info][gc,heap        ] GC(35) ParOldGen: 131745K(162816K)->161345K(162816K)
[1.094s][info][gc,metaspace   ] GC(35) Metaspace: 6302K(6528K)->6302K(6528K) NonClass: 5769K(5888K)->5769K(5888K) Class: 533K(640K)->533K(640K)
[1.094s][info][gc             ] GC(35) Pause Young (Allocation Failure) 173M->173M(213M) 33.854ms
[1.094s][info][gc,cpu         ] GC(35) User=0.06s Sys=0.00s Real=0.03s
[1.094s][info][gc,start       ] GC(36) Pause Full (Ergonomics)
[1.094s][info][gc,phases,start] GC(36) Marking Phase
[1.165s][info][gc,phases      ] GC(36) Marking Phase 71.474ms
[1.165s][info][gc,phases,start] GC(36) Summary Phase
[1.165s][info][gc,phases      ] GC(36) Summary Phase 0.022ms
[1.165s][info][gc,phases,start] GC(36) Adjust Roots
[1.166s][info][gc,phases      ] GC(36) Adjust Roots 0.208ms
[1.166s][info][gc,phases,start] GC(36) Compaction Phase
[1.204s][info][gc,phases      ] GC(36) Compaction Phase 38.689ms
[1.204s][info][gc,phases,start] GC(36) Post Compact
[1.205s][info][gc,phases      ] GC(36) Post Compact 0.893ms
[1.206s][info][gc,heap        ] GC(36) PSYoungGen: 16064K(55808K)->14474K(57344K) Eden: 0K(22528K)->0K(24064K) From: 16064K(33280K)->14474K(33280K)
[1.206s][info][gc,heap        ] GC(36) ParOldGen: 161345K(162816K)->162317K(206848K)
[1.206s][info][gc,metaspace   ] GC(36) Metaspace: 6302K(6528K)->6302K(6528K) NonClass: 5769K(5888K)->5769K(5888K) Class: 533K(640K)->533K(640K)
[1.206s][info][gc             ] GC(36) Pause Full (Ergonomics) 173M->172M(258M) 111.883ms
[1.206s][info][gc,cpu         ] GC(36) User=0.19s Sys=0.00s Real=0.11s
[1.245s][info][gc,start       ] GC(37) Pause Young (Allocation Failure)
[1.283s][info][gc,heap        ] GC(37) PSYoungGen: 38538K(57344K)->24096K(58880K) Eden: 24064K(24064K)->0K(24064K) From: 14474K(33280K)->24096K(34816K)
[1.283s][info][gc,heap        ] GC(37) ParOldGen: 162317K(206848K)->177029K(206848K)
[1.283s][info][gc,metaspace   ] GC(37) Metaspace: 6302K(6528K)->6302K(6528K) NonClass: 5769K(5888K)->5769K(5888K) Class: 533K(640K)->533K(640K)
[1.283s][info][gc             ] GC(37) Pause Young (Allocation Failure) 196M->196M(259M) 38.113ms
[1.283s][info][gc,cpu         ] GC(37) User=0.06s Sys=0.00s Real=0.04s
[1.308s][info][gc,start       ] GC(38) Pause Young (Allocation Failure)
[1.342s][info][gc,heap        ] GC(38) PSYoungGen: 48160K(58880K)->36320K(53760K) Eden: 24064K(24064K)->0K(17408K) From: 24096K(34816K)->36320K(36352K)
[1.342s][info][gc,heap        ] GC(38) ParOldGen: 177029K(206848K)->189037K(206848K)
[1.342s][info][gc,metaspace   ] GC(38) Metaspace: 6302K(6528K)->6302K(6528K) NonClass: 5769K(5888K)->5769K(5888K) Class: 533K(640K)->533K(640K)
[1.342s][info][gc             ] GC(38) Pause Young (Allocation Failure) 219M->220M(254M) 33.798ms
[1.342s][info][gc,cpu         ] GC(38) User=0.09s Sys=0.00s Real=0.03s
[1.342s][info][gc,start       ] GC(39) Pause Full (Ergonomics)
[1.342s][info][gc,phases,start] GC(39) Marking Phase
[1.430s][info][gc,phases      ] GC(39) Marking Phase 88.393ms
[1.430s][info][gc,phases,start] GC(39) Summary Phase
[1.430s][info][gc,phases      ] GC(39) Summary Phase 0.021ms
[1.430s][info][gc,phases,start] GC(39) Adjust Roots
[1.431s][info][gc,phases      ] GC(39) Adjust Roots 0.191ms
[1.431s][info][gc,phases,start] GC(39) Compaction Phase
[1.490s][info][gc,phases      ] GC(39) Compaction Phase 59.748ms
[1.490s][info][gc,phases,start] GC(39) Post Compact
[1.491s][info][gc,phases      ] GC(39) Post Compact 1.024ms
[1.492s][info][gc,heap        ] GC(39) PSYoungGen: 36320K(53760K)->14276K(53760K) Eden: 0K(17408K)->0K(17408K) From: 36320K(36352K)->14276K(36352K)
[1.492s][info][gc,heap        ] GC(39) ParOldGen: 189037K(206848K)->206498K(252416K)
[1.492s][info][gc,metaspace   ] GC(39) Metaspace: 6302K(6528K)->6302K(6528K) NonClass: 5769K(5888K)->5769K(5888K) Class: 533K(640K)->533K(640K)
[1.492s][info][gc             ] GC(39) Pause Full (Ergonomics) 220M->215M(299M) 150.010ms
[1.492s][info][gc,cpu         ] GC(39) User=0.22s Sys=0.00s Real=0.15s
[1.512s][info][gc,start       ] GC(40) Pause Young (Allocation Failure)
[1.553s][info][gc,heap        ] GC(40) PSYoungGen: 31684K(53760K)->17440K(64000K) Eden: 17408K(17408K)->0K(17408K) From: 14276K(36352K)->17440K(46592K)
[1.553s][info][gc,heap        ] GC(40) ParOldGen: 206498K(252416K)->221010K(252416K)
[1.553s][info][gc,metaspace   ] GC(40) Metaspace: 6302K(6528K)->6302K(6528K) NonClass: 5769K(5888K)->5769K(5888K) Class: 533K(640K)->533K(640K)
[1.553s][info][gc             ] GC(40) Pause Young (Allocation Failure) 232M->232M(309M) 40.979ms
[1.553s][info][gc,cpu         ] GC(40) User=0.06s Sys=0.00s Real=0.04s
[1.573s][info][gc,start       ] GC(41) Pause Young (Allocation Failure)
[1.597s][info][gc,heap        ] GC(41) PSYoungGen: 34848K(64000K)->34848K(60416K) Eden: 17408K(17408K)->0K(16384K) From: 17440K(46592K)->34848K(44032K)
[1.597s][info][gc,heap        ] GC(41) ParOldGen: 221010K(252416K)->221010K(252416K)
[1.597s][info][gc,metaspace   ] GC(41) Metaspace: 6302K(6528K)->6302K(6528K) NonClass: 5769K(5888K)->5769K(5888K) Class: 533K(640K)->533K(640K)
[1.597s][info][gc             ] GC(41) Pause Young (Allocation Failure) 249M->249M(305M) 24.858ms
[1.597s][info][gc,cpu         ] GC(41) User=0.03s Sys=0.00s Real=0.03s
[1.615s][info][gc,start       ] GC(42) Pause Young (Allocation Failure)
[1.650s][info][gc,heap        ] GC(42) PSYoungGen: 51232K(60416K)->47616K(64000K) Eden: 16384K(16384K)->0K(16384K) From: 34848K(44032K)->47616K(47616K)
[1.650s][info][gc,heap        ] GC(42) ParOldGen: 221010K(252416K)->224650K(252416K)
[1.650s][info][gc,metaspace   ] GC(42) Metaspace: 6302K(6528K)->6302K(6528K) NonClass: 5769K(5888K)->5769K(5888K) Class: 533K(640K)->533K(640K)
[1.650s][info][gc             ] GC(42) Pause Young (Allocation Failure) 265M->265M(309M) 34.943ms
[1.650s][info][gc,cpu         ] GC(42) User=0.06s Sys=0.00s Real=0.04s
[1.669s][info][gc,start       ] GC(43) Pause Young (Allocation Failure)
[1.714s][info][gc,heap        ] GC(43) PSYoungGen: 64000K(64000K)->31456K(75264K) Eden: 16384K(16384K)->0K(18944K) From: 47616K(47616K)->31456K(56320K)
[1.714s][info][gc,heap        ] GC(43) ParOldGen: 224650K(252416K)->257690K(258048K)
[1.714s][info][gc,metaspace   ] GC(43) Metaspace: 6302K(6528K)->6302K(6528K) NonClass: 5769K(5888K)->5769K(5888K) Class: 533K(640K)->533K(640K)
[1.714s][info][gc             ] GC(43) Pause Young (Allocation Failure) 281M->282M(325M) 45.121ms
[1.714s][info][gc,cpu         ] GC(43) User=0.06s Sys=0.00s Real=0.05s
[1.714s][info][gc,start       ] GC(44) Pause Full (Ergonomics)
[1.714s][info][gc,phases,start] GC(44) Marking Phase
[1.835s][info][gc,phases      ] GC(44) Marking Phase 120.564ms
[1.835s][info][gc,phases,start] GC(44) Summary Phase
[1.835s][info][gc,phases      ] GC(44) Summary Phase 0.017ms
[1.835s][info][gc,phases,start] GC(44) Adjust Roots
[1.835s][info][gc,phases      ] GC(44) Adjust Roots 0.249ms
[1.835s][info][gc,phases,start] GC(44) Compaction Phase
[1.899s][info][gc,phases      ] GC(44) Compaction Phase 64.166ms
[1.900s][info][gc,phases,start] GC(44) Post Compact
[1.901s][info][gc,phases      ] GC(44) Post Compact 1.658ms
[1.901s][info][gc,heap        ] GC(44) PSYoungGen: 31456K(75264K)->30336K(75264K) Eden: 0K(18944K)->0K(18944K) From: 31456K(56320K)->30336K(56320K)
[1.902s][info][gc,heap        ] GC(44) ParOldGen: 257690K(258048K)->257893K(311296K)
[1.902s][info][gc,metaspace   ] GC(44) Metaspace: 6302K(6528K)->6302K(6528K) NonClass: 5769K(5888K)->5769K(5888K) Class: 533K(640K)->533K(640K)
[1.902s][info][gc             ] GC(44) Pause Full (Ergonomics) 282M->281M(377M) 187.207ms
[1.902s][info][gc,cpu         ] GC(44) User=0.34s Sys=0.00s Real=0.19s
[1.924s][info][gc,start       ] GC(45) Pause Young (Allocation Failure)
[1.976s][info][gc,heap        ] GC(45) PSYoungGen: 49280K(75264K)->34784K(75264K) Eden: 18944K(18944K)->0K(18944K) From: 30336K(56320K)->34784K(56320K)
[1.976s][info][gc,heap        ] GC(45) ParOldGen: 257893K(311296K)->272701K(311296K)
[1.976s][info][gc,metaspace   ] GC(45) Metaspace: 6302K(6528K)->6302K(6528K) NonClass: 5769K(5888K)->5769K(5888K) Class: 533K(640K)->533K(640K)
[1.976s][info][gc             ] GC(45) Pause Young (Allocation Failure) 299M->300M(377M) 51.574ms
[1.976s][info][gc,cpu         ] GC(45) User=0.08s Sys=0.02s Real=0.05s
[1.998s][info][gc,start       ] GC(46) Pause Young (Allocation Failure)
[2.037s][info][gc,heap        ] GC(46) PSYoungGen: 53728K(75264K)->37952K(78848K) Eden: 18944K(18944K)->0K(22016K) From: 34784K(56320K)->37952K(56832K)
[2.037s][info][gc,heap        ] GC(46) ParOldGen: 272701K(311296K)->288725K(311296K)
[2.037s][info][gc,metaspace   ] GC(46) Metaspace: 6302K(6528K)->6302K(6528K) NonClass: 5769K(5888K)->5769K(5888K) Class: 533K(640K)->533K(640K)
[2.037s][info][gc             ] GC(46) Pause Young (Allocation Failure) 318M->319M(381M) 38.802ms
[2.037s][info][gc,cpu         ] GC(46) User=0.06s Sys=0.00s Real=0.04s
[2.037s][info][gc,start       ] GC(47) Pause Full (Ergonomics)
[2.037s][info][gc,phases,start] GC(47) Marking Phase
[2.173s][info][gc,phases      ] GC(47) Marking Phase 135.832ms
[2.173s][info][gc,phases,start] GC(47) Summary Phase
[2.173s][info][gc,phases      ] GC(47) Summary Phase 0.023ms
[2.173s][info][gc,phases,start] GC(47) Adjust Roots
[2.173s][info][gc,phases      ] GC(47) Adjust Roots 0.199ms
[2.173s][info][gc,phases,start] GC(47) Compaction Phase
[2.242s][info][gc,phases      ] GC(47) Compaction Phase 68.508ms
[2.242s][info][gc,phases,start] GC(47) Post Compact
[2.244s][info][gc,phases      ] GC(47) Post Compact 1.804ms
[2.244s][info][gc,heap        ] GC(47) PSYoungGen: 37952K(78848K)->14828K(78848K) Eden: 0K(22016K)->0K(22016K) From: 37952K(56832K)->14828K(56832K)
[2.244s][info][gc,heap        ] GC(47) ParOldGen: 288725K(311296K)->311224K(341504K)
[2.244s][info][gc,metaspace   ] GC(47) Metaspace: 6302K(6528K)->6302K(6528K) NonClass: 5769K(5888K)->5769K(5888K) Class: 533K(640K)->533K(640K)
[2.244s][info][gc             ] GC(47) Pause Full (Ergonomics) 319M->318M(410M) 206.894ms
[2.244s][info][gc,cpu         ] GC(47) User=0.36s Sys=0.02s Real=0.21s
[2.268s][info][gc,start       ] GC(48) Pause Full (Ergonomics)
[2.268s][info][gc,phases,start] GC(48) Marking Phase
[2.402s][info][gc,phases      ] GC(48) Marking Phase 134.428ms
[2.402s][info][gc,phases,start] GC(48) Summary Phase
[2.402s][info][gc,phases      ] GC(48) Summary Phase 0.019ms
[2.402s][info][gc,phases,start] GC(48) Adjust Roots
[2.403s][info][gc,phases      ] GC(48) Adjust Roots 0.230ms
[2.403s][info][gc,phases,start] GC(48) Compaction Phase
[2.461s][info][gc,phases      ] GC(48) Compaction Phase 58.121ms
[2.461s][info][gc,phases,start] GC(48) Post Compact
[2.463s][info][gc,phases      ] GC(48) Post Compact 1.981ms
[2.463s][info][gc,heap        ] GC(48) PSYoungGen: 36844K(78848K)->6636K(78848K) Eden: 22016K(22016K)->0K(22016K) From: 14828K(56832K)->6636K(56832K)
[2.463s][info][gc,heap        ] GC(48) ParOldGen: 311224K(341504K)->341402K(341504K)
[2.463s][info][gc,metaspace   ] GC(48) Metaspace: 6302K(6528K)->6302K(6528K) NonClass: 5769K(5888K)->5769K(5888K) Class: 533K(640K)->533K(640K)
[2.463s][info][gc             ] GC(48) Pause Full (Ergonomics) 339M->339M(410M) 195.207ms
[2.463s][info][gc,cpu         ] GC(48) User=0.33s Sys=0.02s Real=0.19s
[2.537s][info][gc,start       ] GC(49) Pause Full (Ergonomics)
[2.537s][info][gc,phases,start] GC(49) Marking Phase
[2.690s][info][gc,phases      ] GC(49) Marking Phase 152.713ms
[2.690s][info][gc,phases,start] GC(49) Summary Phase
[2.690s][info][gc,phases      ] GC(49) Summary Phase 0.024ms
[2.690s][info][gc,phases,start] GC(49) Adjust Roots
[2.691s][info][gc,phases      ] GC(49) Adjust Roots 0.216ms
[2.691s][info][gc,phases,start] GC(49) Compaction Phase
[2.763s][info][gc,phases      ] GC(49) Compaction Phase 72.842ms
[2.763s][info][gc,phases,start] GC(49) Post Compact
[2.765s][info][gc,phases      ] GC(49) Post Compact 1.792ms
[2.765s][info][gc,heap        ] GC(49) PSYoungGen: 28652K(78848K)->23531K(78848K) Eden: 22016K(22016K)->22014K(22016K) From: 6636K(56832K)->1516K(56832K)
[2.765s][info][gc,heap        ] GC(49) ParOldGen: 341402K(341504K)->338323K(341504K)
[2.765s][info][gc,metaspace   ] GC(49) Metaspace: 6302K(6528K)->6302K(6528K) NonClass: 5769K(5888K)->5769K(5888K) Class: 533K(640K)->533K(640K)
[2.765s][info][gc             ] GC(49) Pause Full (Ergonomics) 361M->353M(410M) 228.002ms
[2.765s][info][gc,cpu         ] GC(49) User=0.38s Sys=0.00s Real=0.23s
[2.766s][info][gc,start       ] GC(50) Pause Full (Ergonomics)
[2.766s][info][gc,phases,start] GC(50) Marking Phase
[2.925s][info][gc,phases      ] GC(50) Marking Phase 159.151ms
[2.925s][info][gc,phases,start] GC(50) Summary Phase
[2.925s][info][gc,phases      ] GC(50) Summary Phase 0.021ms
[2.925s][info][gc,phases,start] GC(50) Adjust Roots
[2.925s][info][gc,phases      ] GC(50) Adjust Roots 0.217ms
[2.925s][info][gc,phases,start] GC(50) Compaction Phase
[2.986s][info][gc,phases      ] GC(50) Compaction Phase 60.350ms
[2.986s][info][gc,phases,start] GC(50) Post Compact
[2.987s][info][gc,phases      ] GC(50) Post Compact 1.588ms
[2.987s][info][gc,heap        ] GC(50) PSYoungGen: 23532K(78848K)->23532K(78848K) Eden: 22015K(22016K)->22015K(22016K) From: 1516K(56832K)->1516K(56832K)
[2.987s][info][gc,heap        ] GC(50) ParOldGen: 338323K(341504K)->338323K(341504K)
[2.987s][info][gc,metaspace   ] GC(50) Metaspace: 6302K(6528K)->6302K(6528K) NonClass: 5769K(5888K)->5769K(5888K) Class: 533K(640K)->533K(640K)
[2.987s][info][gc             ] GC(50) Pause Full (Ergonomics) 353M->353M(410M) 221.696ms
[2.987s][info][gc,cpu         ] GC(50) User=0.36s Sys=0.00s Real=0.22s
[2.988s][info][gc,start       ] GC(51) Pause Full (Ergonomics)
[2.988s][info][gc,phases,start] GC(51) Marking Phase
[3.138s][info][gc,phases      ] GC(51) Marking Phase 150.647ms
[3.138s][info][gc,phases,start] GC(51) Summary Phase
[3.138s][info][gc,phases      ] GC(51) Summary Phase 0.018ms
[3.138s][info][gc,phases,start] GC(51) Adjust Roots
[3.139s][info][gc,phases      ] GC(51) Adjust Roots 0.216ms
[3.139s][info][gc,phases,start] GC(51) Compaction Phase
[3.195s][info][gc,phases      ] GC(51) Compaction Phase 56.401ms
[3.195s][info][gc,phases,start] GC(51) Post Compact
[3.197s][info][gc,phases      ] GC(51) Post Compact 1.651ms
[3.197s][info][gc,heap        ] GC(51) PSYoungGen: 23532K(78848K)->23532K(78848K) Eden: 22015K(22016K)->22015K(22016K) From: 1516K(56832K)->1516K(56832K)
[3.197s][info][gc,heap        ] GC(51) ParOldGen: 338327K(341504K)->338327K(341504K)
[3.197s][info][gc,metaspace   ] GC(51) Metaspace: 6302K(6528K)->6302K(6528K) NonClass: 5769K(5888K)->5769K(5888K) Class: 533K(640K)->533K(640K)
[3.197s][info][gc             ] GC(51) Pause Full (Ergonomics) 353M->353M(410M) 209.262ms
[3.197s][info][gc,cpu         ] GC(51) User=0.33s Sys=0.00s Real=0.21s
[3.197s][info][gc,start       ] GC(52) Pause Full (Ergonomics)
[3.197s][info][gc,phases,start] GC(52) Marking Phase
[3.342s][info][gc,phases      ] GC(52) Marking Phase 145.222ms
[3.342s][info][gc,phases,start] GC(52) Summary Phase
[3.343s][info][gc,phases      ] GC(52) Summary Phase 0.022ms
[3.343s][info][gc,phases,start] GC(52) Adjust Roots
[3.343s][info][gc,phases      ] GC(52) Adjust Roots 0.211ms
[3.343s][info][gc,phases,start] GC(52) Compaction Phase
[3.403s][info][gc,phases      ] GC(52) Compaction Phase 60.363ms
[3.403s][info][gc,phases,start] GC(52) Post Compact
[3.406s][info][gc,phases      ] GC(52) Post Compact 2.456ms
[3.406s][info][gc,heap        ] GC(52) PSYoungGen: 23532K(78848K)->23532K(78848K) Eden: 22015K(22016K)->22015K(22016K) From: 1516K(56832K)->1516K(56832K)
[3.406s][info][gc,heap        ] GC(52) ParOldGen: 338332K(341504K)->338332K(341504K)
[3.406s][info][gc,metaspace   ] GC(52) Metaspace: 6302K(6528K)->6302K(6528K) NonClass: 5769K(5888K)->5769K(5888K) Class: 533K(640K)->533K(640K)
[3.406s][info][gc             ] GC(52) Pause Full (Ergonomics) 353M->353M(410M) 208.796ms
[3.406s][info][gc,cpu         ] GC(52) User=0.34s Sys=0.00s Real=0.21s
[3.406s][info][gc,start       ] GC(53) Pause Full (Ergonomics)
[3.406s][info][gc,phases,start] GC(53) Marking Phase
[3.558s][info][gc,phases      ] GC(53) Marking Phase 151.525ms
[3.558s][info][gc,phases,start] GC(53) Summary Phase
[3.558s][info][gc,phases      ] GC(53) Summary Phase 0.024ms
[3.558s][info][gc,phases,start] GC(53) Adjust Roots
[3.558s][info][gc,phases      ] GC(53) Adjust Roots 0.203ms
[3.558s][info][gc,phases,start] GC(53) Compaction Phase
[3.619s][info][gc,phases      ] GC(53) Compaction Phase 61.138ms
[3.619s][info][gc,phases,start] GC(53) Post Compact
[3.621s][info][gc,phases      ] GC(53) Post Compact 1.475ms
[3.621s][info][gc,heap        ] GC(53) PSYoungGen: 23532K(78848K)->23532K(78848K) Eden: 22015K(22016K)->22015K(22016K) From: 1516K(56832K)->1516K(56832K)
[3.621s][info][gc,heap        ] GC(53) ParOldGen: 338337K(341504K)->338337K(341504K)
[3.621s][info][gc,metaspace   ] GC(53) Metaspace: 6302K(6528K)->6302K(6528K) NonClass: 5769K(5888K)->5769K(5888K) Class: 533K(640K)->533K(640K)
[3.621s][info][gc             ] GC(53) Pause Full (Ergonomics) 353M->353M(410M) 214.687ms
[3.621s][info][gc,cpu         ] GC(53) User=0.41s Sys=0.00s Real=0.21s
[3.621s][info][gc,start       ] GC(54) Pause Full (Ergonomics)
[3.621s][info][gc,phases,start] GC(54) Marking Phase
[3.775s][info][gc,phases      ] GC(54) Marking Phase 154.157ms
[3.775s][info][gc,phases,start] GC(54) Summary Phase
[3.775s][info][gc,phases      ] GC(54) Summary Phase 0.018ms
[3.775s][info][gc,phases,start] GC(54) Adjust Roots
[3.776s][info][gc,phases      ] GC(54) Adjust Roots 0.211ms
[3.776s][info][gc,phases,start] GC(54) Compaction Phase
[3.835s][info][gc,phases      ] GC(54) Compaction Phase 59.560ms
[3.835s][info][gc,phases,start] GC(54) Post Compact
[3.837s][info][gc,phases      ] GC(54) Post Compact 1.734ms
[3.837s][info][gc,heap        ] GC(54) PSYoungGen: 23532K(78848K)->23532K(78848K) Eden: 22015K(22016K)->22015K(22016K) From: 1516K(56832K)->1516K(56832K)
[3.837s][info][gc,heap        ] GC(54) ParOldGen: 338341K(341504K)->338341K(341504K)
[3.837s][info][gc,metaspace   ] GC(54) Metaspace: 6302K(6528K)->6302K(6528K) NonClass: 5769K(5888K)->5769K(5888K) Class: 533K(640K)->533K(640K)
[3.837s][info][gc             ] GC(54) Pause Full (Ergonomics) 353M->353M(410M) 216.025ms
[3.837s][info][gc,cpu         ] GC(54) User=0.36s Sys=0.00s Real=0.22s
[3.837s][info][gc,start       ] GC(55) Pause Full (Ergonomics)
[3.838s][info][gc,phases,start] GC(55) Marking Phase
[3.988s][info][gc,phases      ] GC(55) Marking Phase 150.489ms
[3.988s][info][gc,phases,start] GC(55) Summary Phase
[3.988s][info][gc,phases      ] GC(55) Summary Phase 0.023ms
[3.988s][info][gc,phases,start] GC(55) Adjust Roots
[3.988s][info][gc,phases      ] GC(55) Adjust Roots 0.254ms
[3.988s][info][gc,phases,start] GC(55) Compaction Phase
[4.047s][info][gc,phases      ] GC(55) Compaction Phase 58.895ms
[4.047s][info][gc,phases,start] GC(55) Post Compact
[4.049s][info][gc,phases      ] GC(55) Post Compact 1.666ms
[4.049s][info][gc,heap        ] GC(55) PSYoungGen: 23532K(78848K)->23532K(78848K) Eden: 22015K(22016K)->22015K(22016K) From: 1516K(56832K)->1516K(56832K)
[4.049s][info][gc,heap        ] GC(55) ParOldGen: 338346K(341504K)->338346K(341504K)
[4.049s][info][gc,metaspace   ] GC(55) Metaspace: 6302K(6528K)->6302K(6528K) NonClass: 5769K(5888K)->5769K(5888K) Class: 533K(640K)->533K(640K)
[4.049s][info][gc             ] GC(55) Pause Full (Ergonomics) 353M->353M(410M) 211.705ms
[4.049s][info][gc,cpu         ] GC(55) User=0.39s Sys=0.00s Real=0.21s
[4.049s][info][gc,start       ] GC(56) Pause Full (Ergonomics)
[4.050s][info][gc,phases,start] GC(56) Marking Phase
[4.191s][info][gc,phases      ] GC(56) Marking Phase 141.430ms
[4.191s][info][gc,phases,start] GC(56) Summary Phase
[4.191s][info][gc,phases      ] GC(56) Summary Phase 0.023ms
[4.191s][info][gc,phases,start] GC(56) Adjust Roots
[4.191s][info][gc,phases      ] GC(56) Adjust Roots 0.185ms
[4.191s][info][gc,phases,start] GC(56) Compaction Phase
[4.245s][info][gc,phases      ] GC(56) Compaction Phase 53.718ms
[4.245s][info][gc,phases,start] GC(56) Post Compact
[4.247s][info][gc,phases      ] GC(56) Post Compact 1.468ms
[4.247s][info][gc,heap        ] GC(56) PSYoungGen: 23532K(78848K)->23532K(78848K) Eden: 22015K(22016K)->22015K(22016K) From: 1516K(56832K)->1516K(56832K)
[4.247s][info][gc,heap        ] GC(56) ParOldGen: 338351K(341504K)->338351K(341504K)
[4.247s][info][gc,metaspace   ] GC(56) Metaspace: 6302K(6528K)->6302K(6528K) NonClass: 5769K(5888K)->5769K(5888K) Class: 533K(640K)->533K(640K)
[4.247s][info][gc             ] GC(56) Pause Full (Ergonomics) 353M->353M(410M) 197.189ms
[4.247s][info][gc,cpu         ] GC(56) User=0.31s Sys=0.00s Real=0.20s
[4.247s][info][gc,start       ] GC(57) Pause Full (Ergonomics)
[4.247s][info][gc,phases,start] GC(57) Marking Phase
[4.400s][info][gc,phases      ] GC(57) Marking Phase 153.096ms
[4.400s][info][gc,phases,start] GC(57) Summary Phase
[4.400s][info][gc,phases      ] GC(57) Summary Phase 0.020ms
[4.400s][info][gc,phases,start] GC(57) Adjust Roots
[4.400s][info][gc,phases      ] GC(57) Adjust Roots 0.212ms
[4.400s][info][gc,phases,start] GC(57) Compaction Phase
[4.458s][info][gc,phases      ] GC(57) Compaction Phase 57.560ms
[4.458s][info][gc,phases,start] GC(57) Post Compact
[4.460s][info][gc,phases      ] GC(57) Post Compact 1.506ms
[4.460s][info][gc,heap        ] GC(57) PSYoungGen: 23532K(78848K)->23532K(78848K) Eden: 22015K(22016K)->22015K(22016K) From: 1516K(56832K)->1516K(56832K)
[4.460s][info][gc,heap        ] GC(57) ParOldGen: 338355K(341504K)->338355K(341504K)
[4.460s][info][gc,metaspace   ] GC(57) Metaspace: 6302K(6528K)->6302K(6528K) NonClass: 5769K(5888K)->5769K(5888K) Class: 533K(640K)->533K(640K)
[4.460s][info][gc             ] GC(57) Pause Full (Ergonomics) 353M->353M(410M) 212.762ms
[4.460s][info][gc,cpu         ] GC(57) User=0.38s Sys=0.00s Real=0.21s
[4.460s][info][gc,start       ] GC(58) Pause Full (Ergonomics)
[4.460s][info][gc,phases,start] GC(58) Marking Phase
[4.631s][info][gc,phases      ] GC(58) Marking Phase 170.999ms
[4.631s][info][gc,phases,start] GC(58) Summary Phase
[4.631s][info][gc,phases      ] GC(58) Summary Phase 0.022ms
[4.631s][info][gc,phases,start] GC(58) Adjust Roots
[4.632s][info][gc,phases      ] GC(58) Adjust Roots 0.272ms
[4.632s][info][gc,phases,start] GC(58) Compaction Phase
[4.706s][info][gc,phases      ] GC(58) Compaction Phase 73.933ms
[4.706s][info][gc,phases,start] GC(58) Post Compact
[4.708s][info][gc,phases      ] GC(58) Post Compact 1.927ms
[4.708s][info][gc,heap        ] GC(58) PSYoungGen: 23532K(78848K)->23532K(78848K) Eden: 22015K(22016K)->22015K(22016K) From: 1516K(56832K)->1516K(56832K)
[4.708s][info][gc,heap        ] GC(58) ParOldGen: 338360K(341504K)->338360K(341504K)
[4.708s][info][gc,metaspace   ] GC(58) Metaspace: 6302K(6528K)->6302K(6528K) NonClass: 5769K(5888K)->5769K(5888K) Class: 533K(640K)->533K(640K)
[4.708s][info][gc             ] GC(58) Pause Full (Ergonomics) 353M->353M(410M) 247.533ms
[4.708s][info][gc,cpu         ] GC(58) User=0.30s Sys=0.00s Real=0.25s
[4.708s][info][gc,start       ] GC(59) Pause Full (Ergonomics)
[4.708s][info][gc,phases,start] GC(59) Marking Phase
[4.865s][info][gc,phases      ] GC(59) Marking Phase 156.599ms
[4.865s][info][gc,phases,start] GC(59) Summary Phase
[4.865s][info][gc,phases      ] GC(59) Summary Phase 0.025ms
[4.865s][info][gc,phases,start] GC(59) Adjust Roots
[4.865s][info][gc,phases      ] GC(59) Adjust Roots 0.281ms
[4.865s][info][gc,phases,start] GC(59) Compaction Phase
[4.925s][info][gc,phases      ] GC(59) Compaction Phase 59.958ms
[4.925s][info][gc,phases,start] GC(59) Post Compact
[4.927s][info][gc,phases      ] GC(59) Post Compact 1.763ms
[4.927s][info][gc,heap        ] GC(59) PSYoungGen: 23532K(78848K)->23532K(78848K) Eden: 22015K(22016K)->22015K(22016K) From: 1516K(56832K)->1516K(56832K)
[4.927s][info][gc,heap        ] GC(59) ParOldGen: 338365K(341504K)->338365K(341504K)
[4.927s][info][gc,metaspace   ] GC(59) Metaspace: 6302K(6528K)->6302K(6528K) NonClass: 5769K(5888K)->5769K(5888K) Class: 533K(640K)->533K(640K)
[4.927s][info][gc             ] GC(59) Pause Full (Ergonomics) 353M->353M(410M) 219.020ms
[4.927s][info][gc,cpu         ] GC(59) User=0.38s Sys=0.00s Real=0.22s
[4.927s][info][gc,start       ] GC(60) Pause Full (Ergonomics)
[4.927s][info][gc,phases,start] GC(60) Marking Phase
[5.096s][info][gc,phases      ] GC(60) Marking Phase 168.739ms
[5.096s][info][gc,phases,start] GC(60) Summary Phase
[5.096s][info][gc,phases      ] GC(60) Summary Phase 0.021ms
[5.096s][info][gc,phases,start] GC(60) Adjust Roots
[5.097s][info][gc,phases      ] GC(60) Adjust Roots 0.316ms
[5.097s][info][gc,phases,start] GC(60) Compaction Phase
[5.154s][info][gc,phases      ] GC(60) Compaction Phase 57.932ms
[5.155s][info][gc,phases,start] GC(60) Post Compact
[5.156s][info][gc,phases      ] GC(60) Post Compact 1.715ms
[5.156s][info][gc,heap        ] GC(60) PSYoungGen: 23532K(78848K)->23532K(78848K) Eden: 22015K(22016K)->22015K(22016K) From: 1516K(56832K)->1516K(56832K)
[5.156s][info][gc,heap        ] GC(60) ParOldGen: 338369K(341504K)->338369K(341504K)
[5.156s][info][gc,metaspace   ] GC(60) Metaspace: 6302K(6528K)->6302K(6528K) NonClass: 5769K(5888K)->5769K(5888K) Class: 533K(640K)->533K(640K)
[5.156s][info][gc             ] GC(60) Pause Full (Ergonomics) 353M->353M(410M) 229.079ms
[5.156s][info][gc,cpu         ] GC(60) User=0.38s Sys=0.02s Real=0.23s
[5.157s][info][gc,start       ] GC(61) Pause Full (Ergonomics)
[5.157s][info][gc,phases,start] GC(61) Marking Phase
[5.306s][info][gc,phases      ] GC(61) Marking Phase 148.837ms
[5.306s][info][gc,phases,start] GC(61) Summary Phase
[5.306s][info][gc,phases      ] GC(61) Summary Phase 0.022ms
[5.306s][info][gc,phases,start] GC(61) Adjust Roots
[5.306s][info][gc,phases      ] GC(61) Adjust Roots 0.207ms
[5.306s][info][gc,phases,start] GC(61) Compaction Phase
[5.367s][info][gc,phases      ] GC(61) Compaction Phase 61.053ms
[5.367s][info][gc,phases,start] GC(61) Post Compact
[5.369s][info][gc,phases      ] GC(61) Post Compact 1.459ms
[5.369s][info][gc,heap        ] GC(61) PSYoungGen: 23532K(78848K)->23532K(78848K) Eden: 22015K(22016K)->22015K(22016K) From: 1516K(56832K)->1516K(56832K)
[5.369s][info][gc,heap        ] GC(61) ParOldGen: 338374K(341504K)->338374K(341504K)
[5.369s][info][gc,metaspace   ] GC(61) Metaspace: 6302K(6528K)->6302K(6528K) NonClass: 5769K(5888K)->5769K(5888K) Class: 533K(640K)->533K(640K)
[5.369s][info][gc             ] GC(61) Pause Full (Ergonomics) 353M->353M(410M) 211.951ms
[5.369s][info][gc,cpu         ] GC(61) User=0.34s Sys=0.00s Real=0.21s
[5.369s][info][gc,start       ] GC(62) Pause Full (Ergonomics)
[5.369s][info][gc,phases,start] GC(62) Marking Phase
[5.520s][info][gc,phases      ] GC(62) Marking Phase 151.092ms
[5.520s][info][gc,phases,start] GC(62) Summary Phase
[5.520s][info][gc,phases      ] GC(62) Summary Phase 0.022ms
[5.520s][info][gc,phases,start] GC(62) Adjust Roots
[5.520s][info][gc,phases      ] GC(62) Adjust Roots 0.210ms
[5.520s][info][gc,phases,start] GC(62) Compaction Phase
[5.579s][info][gc,phases      ] GC(62) Compaction Phase 58.771ms
[5.579s][info][gc,phases,start] GC(62) Post Compact
[5.581s][info][gc,phases      ] GC(62) Post Compact 1.495ms
[5.581s][info][gc,heap        ] GC(62) PSYoungGen: 23532K(78848K)->23532K(78848K) Eden: 22015K(22016K)->22015K(22016K) From: 1516K(56832K)->1516K(56832K)
[5.581s][info][gc,heap        ] GC(62) ParOldGen: 338379K(341504K)->338379K(341504K)
[5.581s][info][gc,metaspace   ] GC(62) Metaspace: 6302K(6528K)->6302K(6528K) NonClass: 5769K(5888K)->5769K(5888K) Class: 533K(640K)->533K(640K)
[5.581s][info][gc             ] GC(62) Pause Full (Ergonomics) 353M->353M(410M) 211.921ms
[5.581s][info][gc,cpu         ] GC(62) User=0.39s Sys=0.00s Real=0.21s
[5.581s][info][gc,start       ] GC(63) Pause Full (Ergonomics)
[5.581s][info][gc,phases,start] GC(63) Marking Phase
[5.740s][info][gc,phases      ] GC(63) Marking Phase 158.316ms
[5.740s][info][gc,phases,start] GC(63) Summary Phase
[5.740s][info][gc,phases      ] GC(63) Summary Phase 0.021ms
[5.740s][info][gc,phases,start] GC(63) Adjust Roots
[5.740s][info][gc,phases      ] GC(63) Adjust Roots 0.209ms
[5.740s][info][gc,phases,start] GC(63) Compaction Phase
[5.801s][info][gc,phases      ] GC(63) Compaction Phase 60.649ms
[5.801s][info][gc,phases,start] GC(63) Post Compact
[5.802s][info][gc,phases      ] GC(63) Post Compact 1.739ms
[5.802s][info][gc,heap        ] GC(63) PSYoungGen: 23532K(78848K)->23532K(78848K) Eden: 22015K(22016K)->22015K(22016K) From: 1516K(56832K)->1516K(56832K)
[5.802s][info][gc,heap        ] GC(63) ParOldGen: 338383K(341504K)->338383K(341504K)
[5.802s][info][gc,metaspace   ] GC(63) Metaspace: 6302K(6528K)->6302K(6528K) NonClass: 5769K(5888K)->5769K(5888K) Class: 533K(640K)->533K(640K)
[5.802s][info][gc             ] GC(63) Pause Full (Ergonomics) 353M->353M(410M) 221.296ms
[5.803s][info][gc,cpu         ] GC(63) User=0.36s Sys=0.00s Real=0.22s
[5.803s][info][gc,start       ] GC(64) Pause Full (Ergonomics)
[5.803s][info][gc,phases,start] GC(64) Marking Phase
[5.967s][info][gc,phases      ] GC(64) Marking Phase 164.163ms
[5.967s][info][gc,phases,start] GC(64) Summary Phase
[5.967s][info][gc,phases      ] GC(64) Summary Phase 0.024ms
[5.967s][info][gc,phases,start] GC(64) Adjust Roots
[5.967s][info][gc,phases      ] GC(64) Adjust Roots 0.249ms
[5.967s][info][gc,phases,start] GC(64) Compaction Phase
[6.030s][info][gc,phases      ] GC(64) Compaction Phase 62.612ms
[6.030s][info][gc,phases,start] GC(64) Post Compact
[6.032s][info][gc,phases      ] GC(64) Post Compact 1.679ms
[6.032s][info][gc,heap        ] GC(64) PSYoungGen: 23532K(78848K)->23532K(78848K) Eden: 22015K(22016K)->22015K(22016K) From: 1516K(56832K)->1516K(56832K)
[6.032s][info][gc,heap        ] GC(64) ParOldGen: 338388K(341504K)->338388K(341504K)
[6.032s][info][gc,metaspace   ] GC(64) Metaspace: 6302K(6528K)->6302K(6528K) NonClass: 5769K(5888K)->5769K(5888K) Class: 533K(640K)->533K(640K)
[6.032s][info][gc             ] GC(64) Pause Full (Ergonomics) 353M->353M(410M) 229.112ms
[6.032s][info][gc,cpu         ] GC(64) User=0.39s Sys=0.00s Real=0.23s
[6.032s][info][gc,start       ] GC(65) Pause Full (Ergonomics)
[6.032s][info][gc,phases,start] GC(65) Marking Phase
[6.183s][info][gc,phases      ] GC(65) Marking Phase 150.786ms
[6.183s][info][gc,phases,start] GC(65) Summary Phase
[6.183s][info][gc,phases      ] GC(65) Summary Phase 0.017ms
[6.183s][info][gc,phases,start] GC(65) Adjust Roots
[6.183s][info][gc,phases      ] GC(65) Adjust Roots 0.196ms
[6.183s][info][gc,phases,start] GC(65) Compaction Phase
[6.242s][info][gc,phases      ] GC(65) Compaction Phase 58.959ms
[6.242s][info][gc,phases,start] GC(65) Post Compact
[6.244s][info][gc,phases      ] GC(65) Post Compact 1.478ms
[6.244s][info][gc,heap        ] GC(65) PSYoungGen: 23532K(78848K)->23532K(78848K) Eden: 22015K(22016K)->22015K(22016K) From: 1516K(56832K)->1516K(56832K)
[6.244s][info][gc,heap        ] GC(65) ParOldGen: 338393K(341504K)->338393K(341504K)
[6.244s][info][gc,metaspace   ] GC(65) Metaspace: 6302K(6528K)->6302K(6528K) NonClass: 5769K(5888K)->5769K(5888K) Class: 533K(640K)->533K(640K)
[6.244s][info][gc             ] GC(65) Pause Full (Ergonomics) 353M->353M(410M) 211.748ms
[6.244s][info][gc,cpu         ] GC(65) User=0.39s Sys=0.00s Real=0.21s
[6.244s][info][gc,start       ] GC(66) Pause Full (Ergonomics)
[6.244s][info][gc,phases,start] GC(66) Marking Phase
[6.402s][info][gc,phases      ] GC(66) Marking Phase 157.581ms
[6.402s][info][gc,phases,start] GC(66) Summary Phase
[6.402s][info][gc,phases      ] GC(66) Summary Phase 0.023ms
[6.402s][info][gc,phases,start] GC(66) Adjust Roots
[6.402s][info][gc,phases      ] GC(66) Adjust Roots 0.211ms
[6.402s][info][gc,phases,start] GC(66) Compaction Phase
[6.463s][info][gc,phases      ] GC(66) Compaction Phase 61.241ms
[6.463s][info][gc,phases,start] GC(66) Post Compact
[6.465s][info][gc,phases      ] GC(66) Post Compact 1.480ms
[6.465s][info][gc,heap        ] GC(66) PSYoungGen: 23532K(78848K)->23532K(78848K) Eden: 22015K(22016K)->22015K(22016K) From: 1516K(56832K)->1516K(56832K)
[6.465s][info][gc,heap        ] GC(66) ParOldGen: 338397K(341504K)->338397K(341504K)
[6.465s][info][gc,metaspace   ] GC(66) Metaspace: 6302K(6528K)->6302K(6528K) NonClass: 5769K(5888K)->5769K(5888K) Class: 533K(640K)->533K(640K)
[6.465s][info][gc             ] GC(66) Pause Full (Ergonomics) 353M->353M(410M) 220.885ms
[6.465s][info][gc,cpu         ] GC(66) User=0.42s Sys=0.00s Real=0.22s
[6.465s][info][gc,start       ] GC(67) Pause Full (Ergonomics)
[6.465s][info][gc,phases,start] GC(67) Marking Phase
[6.615s][info][gc,phases      ] GC(67) Marking Phase 149.745ms
[6.615s][info][gc,phases,start] GC(67) Summary Phase
[6.615s][info][gc,phases      ] GC(67) Summary Phase 0.022ms
[6.615s][info][gc,phases,start] GC(67) Adjust Roots
[6.615s][info][gc,phases      ] GC(67) Adjust Roots 0.211ms
[6.615s][info][gc,phases,start] GC(67) Compaction Phase
[6.678s][info][gc,phases      ] GC(67) Compaction Phase 62.929ms
[6.678s][info][gc,phases,start] GC(67) Post Compact
[6.680s][info][gc,phases      ] GC(67) Post Compact 1.453ms
[6.680s][info][gc,heap        ] GC(67) PSYoungGen: 23532K(78848K)->23532K(78848K) Eden: 22015K(22016K)->22015K(22016K) From: 1516K(56832K)->1516K(56832K)
[6.680s][info][gc,heap        ] GC(67) ParOldGen: 338402K(341504K)->338402K(341504K)
[6.680s][info][gc,metaspace   ] GC(67) Metaspace: 6302K(6528K)->6302K(6528K) NonClass: 5769K(5888K)->5769K(5888K) Class: 533K(640K)->533K(640K)
[6.680s][info][gc             ] GC(67) Pause Full (Ergonomics) 353M->353M(410M) 214.683ms
[6.680s][info][gc,cpu         ] GC(67) User=0.36s Sys=0.00s Real=0.22s
[6.680s][info][gc,start       ] GC(68) Pause Full (Ergonomics)
[6.680s][info][gc,phases,start] GC(68) Marking Phase
[6.823s][info][gc,phases      ] GC(68) Marking Phase 142.611ms
[6.823s][info][gc,phases,start] GC(68) Summary Phase
[6.823s][info][gc,phases      ] GC(68) Summary Phase 0.024ms
[6.823s][info][gc,phases,start] GC(68) Adjust Roots
[6.823s][info][gc,phases      ] GC(68) Adjust Roots 0.180ms
[6.823s][info][gc,phases,start] GC(68) Compaction Phase
[6.883s][info][gc,phases      ] GC(68) Compaction Phase 59.426ms
[6.883s][info][gc,phases,start] GC(68) Post Compact
[6.884s][info][gc,phases      ] GC(68) Post Compact 1.558ms
[6.884s][info][gc,heap        ] GC(68) PSYoungGen: 23532K(78848K)->23532K(78848K) Eden: 22015K(22016K)->22015K(22016K) From: 1516K(56832K)->1516K(56832K)
[6.884s][info][gc,heap        ] GC(68) ParOldGen: 338407K(341504K)->338407K(341504K)
[6.884s][info][gc,metaspace   ] GC(68) Metaspace: 6302K(6528K)->6302K(6528K) NonClass: 5769K(5888K)->5769K(5888K) Class: 533K(640K)->533K(640K)
[6.884s][info][gc             ] GC(68) Pause Full (Ergonomics) 353M->353M(410M) 204.141ms
[6.884s][info][gc,cpu         ] GC(68) User=0.36s Sys=0.00s Real=0.20s
[6.885s][info][gc,start       ] GC(69) Pause Full (Ergonomics)
[6.885s][info][gc,phases,start] GC(69) Marking Phase
[7.036s][info][gc,phases      ] GC(69) Marking Phase 151.530ms
[7.036s][info][gc,phases,start] GC(69) Summary Phase
[7.036s][info][gc,phases      ] GC(69) Summary Phase 0.018ms
[7.036s][info][gc,phases,start] GC(69) Adjust Roots
[7.037s][info][gc,phases      ] GC(69) Adjust Roots 0.233ms
[7.037s][info][gc,phases,start] GC(69) Compaction Phase
[7.098s][info][gc,phases      ] GC(69) Compaction Phase 61.550ms
[7.098s][info][gc,phases,start] GC(69) Post Compact
[7.100s][info][gc,phases      ] GC(69) Post Compact 2.142ms
[7.100s][info][gc,heap        ] GC(69) PSYoungGen: 23532K(78848K)->23532K(78848K) Eden: 22015K(22016K)->22015K(22016K) From: 1516K(56832K)->1516K(56832K)
[7.100s][info][gc,heap        ] GC(69) ParOldGen: 338411K(341504K)->338411K(341504K)
[7.100s][info][gc,metaspace   ] GC(69) Metaspace: 6302K(6528K)->6302K(6528K) NonClass: 5769K(5888K)->5769K(5888K) Class: 533K(640K)->533K(640K)
[7.100s][info][gc             ] GC(69) Pause Full (Ergonomics) 353M->353M(410M) 215.863ms
[7.101s][info][gc,cpu         ] GC(69) User=0.41s Sys=0.00s Real=0.22s
[7.101s][info][gc,start       ] GC(70) Pause Full (Ergonomics)
[7.101s][info][gc,phases,start] GC(70) Marking Phase
[7.265s][info][gc,phases      ] GC(70) Marking Phase 164.644ms
[7.266s][info][gc,phases,start] GC(70) Summary Phase
[7.266s][info][gc,phases      ] GC(70) Summary Phase 0.020ms
[7.266s][info][gc,phases,start] GC(70) Adjust Roots
[7.266s][info][gc,phases      ] GC(70) Adjust Roots 0.319ms
[7.266s][info][gc,phases,start] GC(70) Compaction Phase
[7.327s][info][gc,phases      ] GC(70) Compaction Phase 61.117ms
[7.327s][info][gc,phases,start] GC(70) Post Compact
[7.329s][info][gc,phases      ] GC(70) Post Compact 2.030ms
[7.329s][info][gc,heap        ] GC(70) PSYoungGen: 23532K(78848K)->23532K(78848K) Eden: 22015K(22016K)->22015K(22016K) From: 1516K(56832K)->1516K(56832K)
[7.329s][info][gc,heap        ] GC(70) ParOldGen: 338416K(341504K)->338416K(341504K)
[7.329s][info][gc,metaspace   ] GC(70) Metaspace: 6302K(6528K)->6302K(6528K) NonClass: 5769K(5888K)->5769K(5888K) Class: 533K(640K)->533K(640K)
[7.329s][info][gc             ] GC(70) Pause Full (Ergonomics) 353M->353M(410M) 228.515ms
[7.329s][info][gc,cpu         ] GC(70) User=0.41s Sys=0.00s Real=0.23s
[7.330s][info][gc,start       ] GC(71) Pause Full (Ergonomics)
[7.330s][info][gc,phases,start] GC(71) Marking Phase
[7.491s][info][gc,phases      ] GC(71) Marking Phase 161.209ms
[7.491s][info][gc,phases,start] GC(71) Summary Phase
[7.491s][info][gc,phases      ] GC(71) Summary Phase 0.018ms
[7.491s][info][gc,phases,start] GC(71) Adjust Roots
[7.491s][info][gc,phases      ] GC(71) Adjust Roots 0.203ms
[7.491s][info][gc,phases,start] GC(71) Compaction Phase
[7.552s][info][gc,phases      ] GC(71) Compaction Phase 61.174ms
[7.552s][info][gc,phases,start] GC(71) Post Compact
[7.554s][info][gc,phases      ] GC(71) Post Compact 1.550ms
[7.554s][info][gc,heap        ] GC(71) PSYoungGen: 23532K(78848K)->23532K(78848K) Eden: 22015K(22016K)->22015K(22016K) From: 1516K(56832K)->1516K(56832K)
[7.554s][info][gc,heap        ] GC(71) ParOldGen: 338421K(341504K)->338421K(341504K)
[7.554s][info][gc,metaspace   ] GC(71) Metaspace: 6302K(6528K)->6302K(6528K) NonClass: 5769K(5888K)->5769K(5888K) Class: 533K(640K)->533K(640K)
[7.554s][info][gc             ] GC(71) Pause Full (Ergonomics) 353M->353M(410M) 224.504ms
[7.554s][info][gc,cpu         ] GC(71) User=0.39s Sys=0.00s Real=0.22s
[7.554s][info][gc,start       ] GC(72) Pause Full (Ergonomics)
[7.554s][info][gc,phases,start] GC(72) Marking Phase
[7.707s][info][gc,phases      ] GC(72) Marking Phase 152.503ms
[7.707s][info][gc,phases,start] GC(72) Summary Phase
[7.707s][info][gc,phases      ] GC(72) Summary Phase 0.018ms
[7.707s][info][gc,phases,start] GC(72) Adjust Roots
[7.707s][info][gc,phases      ] GC(72) Adjust Roots 0.222ms
[7.707s][info][gc,phases,start] GC(72) Compaction Phase
[7.771s][info][gc,phases      ] GC(72) Compaction Phase 63.313ms
[7.771s][info][gc,phases,start] GC(72) Post Compact
[7.772s][info][gc,phases      ] GC(72) Post Compact 1.695ms
[7.772s][info][gc,heap        ] GC(72) PSYoungGen: 23532K(78848K)->23532K(78848K) Eden: 22015K(22016K)->22015K(22016K) From: 1516K(56832K)->1516K(56832K)
[7.772s][info][gc,heap        ] GC(72) ParOldGen: 338425K(341504K)->338425K(341504K)
[7.772s][info][gc,metaspace   ] GC(72) Metaspace: 6302K(6528K)->6302K(6528K) NonClass: 5769K(5888K)->5769K(5888K) Class: 533K(640K)->533K(640K)
[7.773s][info][gc             ] GC(72) Pause Full (Ergonomics) 353M->353M(410M) 218.092ms
[7.773s][info][gc,cpu         ] GC(72) User=0.34s Sys=0.00s Real=0.22s
[7.773s][info][gc,start       ] GC(73) Pause Full (Ergonomics)
[7.773s][info][gc,phases,start] GC(73) Marking Phase
[7.936s][info][gc,phases      ] GC(73) Marking Phase 163.017ms
[7.936s][info][gc,phases,start] GC(73) Summary Phase
[7.936s][info][gc,phases      ] GC(73) Summary Phase 0.019ms
[7.936s][info][gc,phases,start] GC(73) Adjust Roots
[7.936s][info][gc,phases      ] GC(73) Adjust Roots 0.224ms
[7.936s][info][gc,phases,start] GC(73) Compaction Phase
[8.009s][info][gc,phases      ] GC(73) Compaction Phase 72.339ms
[8.009s][info][gc,phases,start] GC(73) Post Compact
[8.011s][info][gc,phases      ] GC(73) Post Compact 2.623ms
[8.011s][info][gc,heap        ] GC(73) PSYoungGen: 23532K(78848K)->23532K(78848K) Eden: 22015K(22016K)->22015K(22016K) From: 1516K(56832K)->1516K(56832K)
[8.012s][info][gc,heap        ] GC(73) ParOldGen: 338430K(341504K)->338430K(341504K)
[8.012s][info][gc,metaspace   ] GC(73) Metaspace: 6302K(6528K)->6302K(6528K) NonClass: 5769K(5888K)->5769K(5888K) Class: 533K(640K)->533K(640K)
[8.012s][info][gc             ] GC(73) Pause Full (Ergonomics) 353M->353M(410M) 238.998ms
[8.012s][info][gc,cpu         ] GC(73) User=0.33s Sys=0.00s Real=0.24s
[8.012s][info][gc,start       ] GC(74) Pause Full (Ergonomics)
[8.012s][info][gc,phases,start] GC(74) Marking Phase
[8.184s][info][gc,phases      ] GC(74) Marking Phase 171.490ms
[8.184s][info][gc,phases,start] GC(74) Summary Phase
[8.184s][info][gc,phases      ] GC(74) Summary Phase 0.044ms
[8.184s][info][gc,phases,start] GC(74) Adjust Roots
[8.184s][info][gc,phases      ] GC(74) Adjust Roots 0.234ms
[8.184s][info][gc,phases,start] GC(74) Compaction Phase
[8.247s][info][gc,phases      ] GC(74) Compaction Phase 62.820ms
[8.247s][info][gc,phases,start] GC(74) Post Compact
[8.249s][info][gc,phases      ] GC(74) Post Compact 2.210ms
[8.249s][info][gc,heap        ] GC(74) PSYoungGen: 23532K(78848K)->23532K(78848K) Eden: 22015K(22016K)->22015K(22016K) From: 1516K(56832K)->1516K(56832K)
[8.249s][info][gc,heap        ] GC(74) ParOldGen: 338435K(341504K)->338435K(341504K)
[8.249s][info][gc,metaspace   ] GC(74) Metaspace: 6302K(6528K)->6302K(6528K) NonClass: 5769K(5888K)->5769K(5888K) Class: 533K(640K)->533K(640K)
[8.249s][info][gc             ] GC(74) Pause Full (Ergonomics) 353M->353M(410M) 237.252ms
[8.249s][info][gc,cpu         ] GC(74) User=0.39s Sys=0.00s Real=0.24s
[8.250s][info][gc,start       ] GC(75) Pause Full (Ergonomics)
[8.250s][info][gc,phases,start] GC(75) Marking Phase
[8.443s][info][gc,phases      ] GC(75) Marking Phase 193.536ms
[8.443s][info][gc,phases,start] GC(75) Summary Phase
[8.443s][info][gc,phases      ] GC(75) Summary Phase 0.020ms
[8.443s][info][gc,phases,start] GC(75) Adjust Roots
[8.444s][info][gc,phases      ] GC(75) Adjust Roots 0.205ms
[8.444s][info][gc,phases,start] GC(75) Compaction Phase
[8.504s][info][gc,phases      ] GC(75) Compaction Phase 60.532ms
[8.504s][info][gc,phases,start] GC(75) Post Compact
[8.506s][info][gc,phases      ] GC(75) Post Compact 1.447ms
[8.506s][info][gc,heap        ] GC(75) PSYoungGen: 23532K(78848K)->23532K(78848K) Eden: 22015K(22016K)->22015K(22016K) From: 1516K(56832K)->1516K(56832K)
[8.506s][info][gc,heap        ] GC(75) ParOldGen: 338439K(341504K)->338439K(341504K)
[8.506s][info][gc,metaspace   ] GC(75) Metaspace: 6302K(6528K)->6302K(6528K) NonClass: 5769K(5888K)->5769K(5888K) Class: 533K(640K)->533K(640K)
[8.506s][info][gc             ] GC(75) Pause Full (Ergonomics) 353M->353M(410M) 256.071ms
[8.506s][info][gc,cpu         ] GC(75) User=0.39s Sys=0.02s Real=0.26s
[8.506s][info][gc,start       ] GC(76) Pause Full (Ergonomics)
[8.506s][info][gc,phases,start] GC(76) Marking Phase
[8.655s][info][gc,phases      ] GC(76) Marking Phase 149.350ms
[8.655s][info][gc,phases,start] GC(76) Summary Phase
[8.656s][info][gc,phases      ] GC(76) Summary Phase 0.017ms
[8.656s][info][gc,phases,start] GC(76) Adjust Roots
[8.656s][info][gc,phases      ] GC(76) Adjust Roots 0.237ms
[8.656s][info][gc,phases,start] GC(76) Compaction Phase
[8.718s][info][gc,phases      ] GC(76) Compaction Phase 61.723ms
[8.718s][info][gc,phases,start] GC(76) Post Compact
[8.719s][info][gc,phases      ] GC(76) Post Compact 1.479ms
[8.719s][info][gc,heap        ] GC(76) PSYoungGen: 23532K(78848K)->23532K(78848K) Eden: 22015K(22016K)->22015K(22016K) From: 1516K(56832K)->1516K(56832K)
[8.719s][info][gc,heap        ] GC(76) ParOldGen: 338444K(341504K)->338444K(341504K)
[8.719s][info][gc,metaspace   ] GC(76) Metaspace: 6302K(6528K)->6302K(6528K) NonClass: 5769K(5888K)->5769K(5888K) Class: 533K(640K)->533K(640K)
[8.719s][info][gc             ] GC(76) Pause Full (Ergonomics) 353M->353M(410M) 213.116ms
[8.719s][info][gc,cpu         ] GC(76) User=0.36s Sys=0.00s Real=0.21s
[8.719s][info][gc,start       ] GC(77) Pause Full (Ergonomics)
[8.719s][info][gc,phases,start] GC(77) Marking Phase
[8.869s][info][gc,phases      ] GC(77) Marking Phase 149.373ms
[8.869s][info][gc,phases,start] GC(77) Summary Phase
[8.869s][info][gc,phases      ] GC(77) Summary Phase 0.027ms
[8.869s][info][gc,phases,start] GC(77) Adjust Roots
[8.869s][info][gc,phases      ] GC(77) Adjust Roots 0.197ms
[8.869s][info][gc,phases,start] GC(77) Compaction Phase
[8.932s][info][gc,phases      ] GC(77) Compaction Phase 62.470ms
[8.932s][info][gc,phases,start] GC(77) Post Compact
[8.933s][info][gc,phases      ] GC(77) Post Compact 1.537ms
[8.933s][info][gc,heap        ] GC(77) PSYoungGen: 23532K(78848K)->23532K(78848K) Eden: 22015K(22016K)->22015K(22016K) From: 1516K(56832K)->1516K(56832K)
[8.933s][info][gc,heap        ] GC(77) ParOldGen: 338449K(341504K)->338449K(341504K)
[8.933s][info][gc,metaspace   ] GC(77) Metaspace: 6302K(6528K)->6302K(6528K) NonClass: 5769K(5888K)->5769K(5888K) Class: 533K(640K)->533K(640K)
[8.933s][info][gc             ] GC(77) Pause Full (Ergonomics) 353M->353M(410M) 213.943ms
[8.933s][info][gc,cpu         ] GC(77) User=0.33s Sys=0.02s Real=0.21s
[8.934s][info][gc,start       ] GC(78) Pause Full (Ergonomics)
[8.934s][info][gc,phases,start] GC(78) Marking Phase
[9.101s][info][gc,phases      ] GC(78) Marking Phase 166.830ms
[9.101s][info][gc,phases,start] GC(78) Summary Phase
[9.101s][info][gc,phases      ] GC(78) Summary Phase 0.021ms
[9.101s][info][gc,phases,start] GC(78) Adjust Roots
[9.101s][info][gc,phases      ] GC(78) Adjust Roots 0.190ms
[9.101s][info][gc,phases,start] GC(78) Compaction Phase
[9.164s][info][gc,phases      ] GC(78) Compaction Phase 62.756ms
[9.164s][info][gc,phases,start] GC(78) Post Compact
[9.165s][info][gc,phases      ] GC(78) Post Compact 1.681ms
[9.165s][info][gc,heap        ] GC(78) PSYoungGen: 23532K(78848K)->23532K(78848K) Eden: 22015K(22016K)->22015K(22016K) From: 1516K(56832K)->1516K(56832K)
[9.165s][info][gc,heap        ] GC(78) ParOldGen: 338453K(341504K)->338453K(341504K)
[9.165s][info][gc,metaspace   ] GC(78) Metaspace: 6302K(6528K)->6302K(6528K) NonClass: 5769K(5888K)->5769K(5888K) Class: 533K(640K)->533K(640K)
[9.165s][info][gc             ] GC(78) Pause Full (Ergonomics) 353M->353M(410M) 231.805ms
[9.165s][info][gc,cpu         ] GC(78) User=0.38s Sys=0.00s Real=0.23s
[9.166s][info][gc,start       ] GC(79) Pause Full (Ergonomics)
[9.166s][info][gc,phases,start] GC(79) Marking Phase
[9.320s][info][gc,phases      ] GC(79) Marking Phase 154.040ms
[9.320s][info][gc,phases,start] GC(79) Summary Phase
[9.320s][info][gc,phases      ] GC(79) Summary Phase 0.023ms
[9.320s][info][gc,phases,start] GC(79) Adjust Roots
[9.320s][info][gc,phases      ] GC(79) Adjust Roots 0.199ms
[9.320s][info][gc,phases,start] GC(79) Compaction Phase
[9.381s][info][gc,phases      ] GC(79) Compaction Phase 60.478ms
[9.381s][info][gc,phases,start] GC(79) Post Compact
[9.382s][info][gc,phases      ] GC(79) Post Compact 1.534ms
[9.382s][info][gc,heap        ] GC(79) PSYoungGen: 23532K(78848K)->23532K(78848K) Eden: 22015K(22016K)->22015K(22016K) From: 1516K(56832K)->1516K(56832K)
[9.382s][info][gc,heap        ] GC(79) ParOldGen: 338458K(341504K)->338458K(341504K)
[9.382s][info][gc,metaspace   ] GC(79) Metaspace: 6302K(6528K)->6302K(6528K) NonClass: 5769K(5888K)->5769K(5888K) Class: 533K(640K)->533K(640K)
[9.382s][info][gc             ] GC(79) Pause Full (Ergonomics) 353M->353M(410M) 216.604ms
[9.382s][info][gc,cpu         ] GC(79) User=0.39s Sys=0.00s Real=0.22s
[9.383s][info][gc,start       ] GC(80) Pause Full (Ergonomics)
[9.383s][info][gc,phases,start] GC(80) Marking Phase
[9.533s][info][gc,phases      ] GC(80) Marking Phase 150.034ms
[9.533s][info][gc,phases,start] GC(80) Summary Phase
[9.533s][info][gc,phases      ] GC(80) Summary Phase 0.022ms
[9.533s][info][gc,phases,start] GC(80) Adjust Roots
[9.533s][info][gc,phases      ] GC(80) Adjust Roots 0.193ms
[9.533s][info][gc,phases,start] GC(80) Compaction Phase
[9.594s][info][gc,phases      ] GC(80) Compaction Phase 61.114ms
[9.594s][info][gc,phases,start] GC(80) Post Compact
[9.596s][info][gc,phases      ] GC(80) Post Compact 1.558ms
[9.596s][info][gc,heap        ] GC(80) PSYoungGen: 23532K(78848K)->23532K(78848K) Eden: 22015K(22016K)->22015K(22016K) From: 1516K(56832K)->1516K(56832K)
[9.596s][info][gc,heap        ] GC(80) ParOldGen: 338463K(341504K)->338463K(341504K)
[9.596s][info][gc,metaspace   ] GC(80) Metaspace: 6302K(6528K)->6302K(6528K) NonClass: 5769K(5888K)->5769K(5888K) Class: 533K(640K)->533K(640K)
[9.596s][info][gc             ] GC(80) Pause Full (Ergonomics) 353M->353M(410M) 213.276ms
[9.596s][info][gc,cpu         ] GC(80) User=0.39s Sys=0.00s Real=0.21s
[9.596s][info][gc,start       ] GC(81) Pause Full (Ergonomics)
[9.596s][info][gc,phases,start] GC(81) Marking Phase
[9.747s][info][gc,phases      ] GC(81) Marking Phase 150.951ms
[9.747s][info][gc,phases,start] GC(81) Summary Phase
[9.747s][info][gc,phases      ] GC(81) Summary Phase 0.034ms
[9.747s][info][gc,phases,start] GC(81) Adjust Roots
[9.748s][info][gc,phases      ] GC(81) Adjust Roots 0.245ms
[9.748s][info][gc,phases,start] GC(81) Compaction Phase
[9.809s][info][gc,phases      ] GC(81) Compaction Phase 61.081ms
[9.809s][info][gc,phases,start] GC(81) Post Compact
[9.810s][info][gc,phases      ] GC(81) Post Compact 1.471ms
[9.810s][info][gc,heap        ] GC(81) PSYoungGen: 23532K(78848K)->23532K(78848K) Eden: 22015K(22016K)->22015K(22016K) From: 1516K(56832K)->1516K(56832K)
[9.810s][info][gc,heap        ] GC(81) ParOldGen: 338467K(341504K)->338467K(341504K)
[9.810s][info][gc,metaspace   ] GC(81) Metaspace: 6302K(6528K)->6302K(6528K) NonClass: 5769K(5888K)->5769K(5888K) Class: 533K(640K)->533K(640K)
[9.810s][info][gc             ] GC(81) Pause Full (Ergonomics) 353M->353M(410M) 214.195ms
[9.810s][info][gc,cpu         ] GC(81) User=0.38s Sys=0.00s Real=0.21s
[9.811s][info][gc,start       ] GC(82) Pause Full (Ergonomics)
[9.811s][info][gc,phases,start] GC(82) Marking Phase
[9.962s][info][gc,phases      ] GC(82) Marking Phase 151.478ms
[9.962s][info][gc,phases,start] GC(82) Summary Phase
[9.962s][info][gc,phases      ] GC(82) Summary Phase 0.022ms
[9.962s][info][gc,phases,start] GC(82) Adjust Roots
[9.962s][info][gc,phases      ] GC(82) Adjust Roots 0.209ms
[9.962s][info][gc,phases,start] GC(82) Compaction Phase
[10.023s][info][gc,phases      ] GC(82) Compaction Phase 60.709ms
[10.023s][info][gc,phases,start] GC(82) Post Compact
[10.025s][info][gc,phases      ] GC(82) Post Compact 1.474ms
[10.025s][info][gc,heap        ] GC(82) PSYoungGen: 23532K(78848K)->23532K(78848K) Eden: 22015K(22016K)->22015K(22016K) From: 1516K(56832K)->1516K(56832K)
[10.025s][info][gc,heap        ] GC(82) ParOldGen: 338472K(341504K)->338472K(341504K)
[10.025s][info][gc,metaspace   ] GC(82) Metaspace: 6302K(6528K)->6302K(6528K) NonClass: 5769K(5888K)->5769K(5888K) Class: 533K(640K)->533K(640K)
[10.025s][info][gc             ] GC(82) Pause Full (Ergonomics) 353M->353M(410M) 214.222ms
[10.025s][info][gc,cpu         ] GC(82) User=0.36s Sys=0.00s Real=0.22s
[10.025s][info][gc,start       ] GC(83) Pause Full (Ergonomics)
[10.025s][info][gc,phases,start] GC(83) Marking Phase
[10.167s][info][gc,phases      ] GC(83) Marking Phase 142.081ms
[10.167s][info][gc,phases,start] GC(83) Summary Phase
[10.167s][info][gc,phases      ] GC(83) Summary Phase 0.022ms
[10.167s][info][gc,phases,start] GC(83) Adjust Roots
[10.167s][info][gc,phases      ] GC(83) Adjust Roots 0.183ms
[10.167s][info][gc,phases,start] GC(83) Compaction Phase
[10.221s][info][gc,phases      ] GC(83) Compaction Phase 53.101ms
[10.221s][info][gc,phases,start] GC(83) Post Compact
[10.222s][info][gc,phases      ] GC(83) Post Compact 1.529ms
[10.222s][info][gc,heap        ] GC(83) PSYoungGen: 23532K(78848K)->23532K(78848K) Eden: 22015K(22016K)->22015K(22016K) From: 1516K(56832K)->1516K(56832K)
[10.222s][info][gc,heap        ] GC(83) ParOldGen: 338477K(341504K)->338477K(341504K)
[10.222s][info][gc,metaspace   ] GC(83) Metaspace: 6302K(6528K)->6302K(6528K) NonClass: 5769K(5888K)->5769K(5888K) Class: 533K(640K)->533K(640K)
[10.222s][info][gc             ] GC(83) Pause Full (Ergonomics) 353M->353M(410M) 197.275ms
[10.222s][info][gc,cpu         ] GC(83) User=0.36s Sys=0.00s Real=0.20s
[10.223s][info][gc,start       ] GC(84) Pause Full (Ergonomics)
[10.223s][info][gc,phases,start] GC(84) Marking Phase
[10.374s][info][gc,phases      ] GC(84) Marking Phase 150.905ms
[10.374s][info][gc,phases,start] GC(84) Summary Phase
[10.374s][info][gc,phases      ] GC(84) Summary Phase 0.023ms
[10.374s][info][gc,phases,start] GC(84) Adjust Roots
[10.374s][info][gc,phases      ] GC(84) Adjust Roots 0.194ms
[10.374s][info][gc,phases,start] GC(84) Compaction Phase
[10.434s][info][gc,phases      ] GC(84) Compaction Phase 60.452ms
[10.434s][info][gc,phases,start] GC(84) Post Compact
[10.436s][info][gc,phases      ] GC(84) Post Compact 1.466ms
[10.436s][info][gc,heap        ] GC(84) PSYoungGen: 23532K(78848K)->23532K(78848K) Eden: 22015K(22016K)->22015K(22016K) From: 1516K(56832K)->1516K(56832K)
[10.436s][info][gc,heap        ] GC(84) ParOldGen: 338481K(341504K)->338481K(341504K)
[10.436s][info][gc,metaspace   ] GC(84) Metaspace: 6302K(6528K)->6302K(6528K) NonClass: 5769K(5888K)->5769K(5888K) Class: 533K(640K)->533K(640K)
[10.436s][info][gc             ] GC(84) Pause Full (Ergonomics) 353M->353M(410M) 213.359ms
[10.436s][info][gc,cpu         ] GC(84) User=0.36s Sys=0.00s Real=0.21s
[10.436s][info][gc,start       ] GC(85) Pause Full (Ergonomics)
[10.436s][info][gc,phases,start] GC(85) Marking Phase
[10.587s][info][gc,phases      ] GC(85) Marking Phase 150.408ms
[10.587s][info][gc,phases,start] GC(85) Summary Phase
[10.587s][info][gc,phases      ] GC(85) Summary Phase 0.023ms
[10.587s][info][gc,phases,start] GC(85) Adjust Roots
[10.587s][info][gc,phases      ] GC(85) Adjust Roots 0.216ms
[10.587s][info][gc,phases,start] GC(85) Compaction Phase
[10.648s][info][gc,phases      ] GC(85) Compaction Phase 60.699ms
[10.648s][info][gc,phases,start] GC(85) Post Compact
[10.649s][info][gc,phases      ] GC(85) Post Compact 1.462ms
[10.649s][info][gc,heap        ] GC(85) PSYoungGen: 23532K(78848K)->23532K(78848K) Eden: 22015K(22016K)->22015K(22016K) From: 1516K(56832K)->1516K(56832K)
[10.649s][info][gc,heap        ] GC(85) ParOldGen: 338486K(341504K)->338486K(341504K)
[10.649s][info][gc,metaspace   ] GC(85) Metaspace: 6302K(6528K)->6302K(6528K) NonClass: 5769K(5888K)->5769K(5888K) Class: 533K(640K)->533K(640K)
[10.649s][info][gc             ] GC(85) Pause Full (Ergonomics) 353M->353M(410M) 213.189ms
[10.649s][info][gc,cpu         ] GC(85) User=0.36s Sys=0.00s Real=0.21s
[10.650s][info][gc,start       ] GC(86) Pause Full (Ergonomics)
[10.650s][info][gc,phases,start] GC(86) Marking Phase
[10.791s][info][gc,phases      ] GC(86) Marking Phase 140.926ms
[10.791s][info][gc,phases,start] GC(86) Summary Phase
[10.791s][info][gc,phases      ] GC(86) Summary Phase 0.022ms
[10.791s][info][gc,phases,start] GC(86) Adjust Roots
[10.791s][info][gc,phases      ] GC(86) Adjust Roots 0.236ms
[10.791s][info][gc,phases,start] GC(86) Compaction Phase
[10.845s][info][gc,phases      ] GC(86) Compaction Phase 53.516ms
[10.845s][info][gc,phases,start] GC(86) Post Compact
[10.846s][info][gc,phases      ] GC(86) Post Compact 1.467ms
[10.846s][info][gc,heap        ] GC(86) PSYoungGen: 23532K(78848K)->23532K(78848K) Eden: 22015K(22016K)->22015K(22016K) From: 1516K(56832K)->1516K(56832K)
[10.846s][info][gc,heap        ] GC(86) ParOldGen: 338491K(341504K)->338491K(341504K)
[10.846s][info][gc,metaspace   ] GC(86) Metaspace: 6302K(6528K)->6302K(6528K) NonClass: 5769K(5888K)->5769K(5888K) Class: 533K(640K)->533K(640K)
[10.846s][info][gc             ] GC(86) Pause Full (Ergonomics) 353M->353M(410M) 196.514ms
[10.846s][info][gc,cpu         ] GC(86) User=0.36s Sys=0.00s Real=0.20s
[10.847s][info][gc,start       ] GC(87) Pause Full (Ergonomics)
[10.847s][info][gc,phases,start] GC(87) Marking Phase
[10.997s][info][gc,phases      ] GC(87) Marking Phase 150.771ms
[10.997s][info][gc,phases,start] GC(87) Summary Phase
[10.997s][info][gc,phases      ] GC(87) Summary Phase 0.034ms
[10.998s][info][gc,phases,start] GC(87) Adjust Roots
[10.998s][info][gc,phases      ] GC(87) Adjust Roots 0.253ms
[10.998s][info][gc,phases,start] GC(87) Compaction Phase
[11.059s][info][gc,phases      ] GC(87) Compaction Phase 61.124ms
[11.059s][info][gc,phases,start] GC(87) Post Compact
[11.061s][info][gc,phases      ] GC(87) Post Compact 1.483ms
[11.061s][info][gc,heap        ] GC(87) PSYoungGen: 23532K(78848K)->23532K(78848K) Eden: 22015K(22016K)->22015K(22016K) From: 1516K(56832K)->1516K(56832K)
[11.061s][info][gc,heap        ] GC(87) ParOldGen: 338495K(341504K)->338495K(341504K)
[11.061s][info][gc,metaspace   ] GC(87) Metaspace: 6302K(6528K)->6302K(6528K) NonClass: 5769K(5888K)->5769K(5888K) Class: 533K(640K)->533K(640K)
[11.061s][info][gc             ] GC(87) Pause Full (Ergonomics) 353M->353M(410M) 214.079ms
[11.061s][info][gc,cpu         ] GC(87) User=0.39s Sys=0.00s Real=0.21s
[11.061s][info][gc,start       ] GC(88) Pause Full (Ergonomics)
[11.061s][info][gc,phases,start] GC(88) Marking Phase
[11.211s][info][gc,phases      ] GC(88) Marking Phase 150.011ms
[11.211s][info][gc,phases,start] GC(88) Summary Phase
[11.211s][info][gc,phases      ] GC(88) Summary Phase 0.021ms
[11.211s][info][gc,phases,start] GC(88) Adjust Roots
[11.211s][info][gc,phases      ] GC(88) Adjust Roots 0.210ms
[11.211s][info][gc,phases,start] GC(88) Compaction Phase
[11.273s][info][gc,phases      ] GC(88) Compaction Phase 61.420ms
[11.273s][info][gc,phases,start] GC(88) Post Compact
[11.274s][info][gc,phases      ] GC(88) Post Compact 1.470ms
[11.274s][info][gc,heap        ] GC(88) PSYoungGen: 23532K(78848K)->23532K(78848K) Eden: 22015K(22016K)->22015K(22016K) From: 1516K(56832K)->1516K(56832K)
[11.274s][info][gc,heap        ] GC(88) ParOldGen: 338500K(341504K)->338500K(341504K)
[11.274s][info][gc,metaspace   ] GC(88) Metaspace: 6302K(6528K)->6302K(6528K) NonClass: 5769K(5888K)->5769K(5888K) Class: 533K(640K)->533K(640K)
[11.274s][info][gc             ] GC(88) Pause Full (Ergonomics) 353M->353M(410M) 213.456ms
[11.274s][info][gc,cpu         ] GC(88) User=0.38s Sys=0.00s Real=0.21s
[11.275s][info][gc,start       ] GC(89) Pause Full (Ergonomics)
[11.275s][info][gc,phases,start] GC(89) Marking Phase
[11.425s][info][gc,phases      ] GC(89) Marking Phase 150.789ms
[11.426s][info][gc,phases,start] GC(89) Summary Phase
[11.426s][info][gc,phases      ] GC(89) Summary Phase 0.022ms
[11.426s][info][gc,phases,start] GC(89) Adjust Roots
[11.426s][info][gc,phases      ] GC(89) Adjust Roots 0.204ms
[11.426s][info][gc,phases,start] GC(89) Compaction Phase
[11.487s][info][gc,phases      ] GC(89) Compaction Phase 60.900ms
[11.487s][info][gc,phases,start] GC(89) Post Compact
[11.488s][info][gc,phases      ] GC(89) Post Compact 1.481ms
[11.488s][info][gc,heap        ] GC(89) PSYoungGen: 23532K(78848K)->23532K(78848K) Eden: 22015K(22016K)->22015K(22016K) From: 1516K(56832K)->1516K(56832K)
[11.488s][info][gc,heap        ] GC(89) ParOldGen: 338505K(341504K)->338505K(341504K)
[11.488s][info][gc,metaspace   ] GC(89) Metaspace: 6302K(6528K)->6302K(6528K) NonClass: 5769K(5888K)->5769K(5888K) Class: 533K(640K)->533K(640K)
[11.488s][info][gc             ] GC(89) Pause Full (Ergonomics) 353M->353M(410M) 213.737ms
[11.488s][info][gc,cpu         ] GC(89) User=0.41s Sys=0.00s Real=0.21s
[11.489s][info][gc,start       ] GC(90) Pause Full (Ergonomics)
[11.489s][info][gc,phases,start] GC(90) Marking Phase
[11.638s][info][gc,phases      ] GC(90) Marking Phase 149.552ms
[11.638s][info][gc,phases,start] GC(90) Summary Phase
[11.638s][info][gc,phases      ] GC(90) Summary Phase 0.028ms
[11.638s][info][gc,phases,start] GC(90) Adjust Roots
[11.638s][info][gc,phases      ] GC(90) Adjust Roots 0.207ms
[11.639s][info][gc,phases,start] GC(90) Compaction Phase
[11.699s][info][gc,phases      ] GC(90) Compaction Phase 60.606ms
[11.699s][info][gc,phases,start] GC(90) Post Compact
[11.701s][info][gc,phases      ] GC(90) Post Compact 1.460ms
[11.701s][info][gc,heap        ] GC(90) PSYoungGen: 23532K(78848K)->23532K(78848K) Eden: 22015K(22016K)->22015K(22016K) From: 1516K(56832K)->1516K(56832K)
[11.701s][info][gc,heap        ] GC(90) ParOldGen: 338509K(341504K)->338509K(341504K)
[11.701s][info][gc,metaspace   ] GC(90) Metaspace: 6302K(6528K)->6302K(6528K) NonClass: 5769K(5888K)->5769K(5888K) Class: 533K(640K)->533K(640K)
[11.701s][info][gc             ] GC(90) Pause Full (Ergonomics) 353M->353M(410M) 212.195ms
[11.701s][info][gc,cpu         ] GC(90) User=0.39s Sys=0.00s Real=0.21s
[11.701s][info][gc,start       ] GC(91) Pause Full (Ergonomics)
[11.701s][info][gc,phases,start] GC(91) Marking Phase
[11.851s][info][gc,phases      ] GC(91) Marking Phase 149.892ms
[11.851s][info][gc,phases,start] GC(91) Summary Phase
[11.851s][info][gc,phases      ] GC(91) Summary Phase 0.023ms
[11.851s][info][gc,phases,start] GC(91) Adjust Roots
[11.851s][info][gc,phases      ] GC(91) Adjust Roots 0.206ms
[11.851s][info][gc,phases,start] GC(91) Compaction Phase
[11.913s][info][gc,phases      ] GC(91) Compaction Phase 61.533ms
[11.913s][info][gc,phases,start] GC(91) Post Compact
[11.914s][info][gc,phases      ] GC(91) Post Compact 1.477ms
[11.915s][info][gc,heap        ] GC(91) PSYoungGen: 23532K(78848K)->23532K(78848K) Eden: 22015K(22016K)->22015K(22016K) From: 1516K(56832K)->1516K(56832K)
[11.915s][info][gc,heap        ] GC(91) ParOldGen: 338514K(341504K)->338514K(341504K)
[11.915s][info][gc,metaspace   ] GC(91) Metaspace: 6302K(6528K)->6302K(6528K) NonClass: 5769K(5888K)->5769K(5888K) Class: 533K(640K)->533K(640K)
[11.915s][info][gc             ] GC(91) Pause Full (Ergonomics) 353M->353M(410M) 213.497ms
[11.915s][info][gc,cpu         ] GC(91) User=0.38s Sys=0.00s Real=0.21s
[11.915s][info][gc,start       ] GC(92) Pause Full (Ergonomics)
[11.915s][info][gc,phases,start] GC(92) Marking Phase
[12.066s][info][gc,phases      ] GC(92) Marking Phase 150.801ms
[12.066s][info][gc,phases,start] GC(92) Summary Phase
[12.066s][info][gc,phases      ] GC(92) Summary Phase 0.022ms
[12.066s][info][gc,phases,start] GC(92) Adjust Roots
[12.066s][info][gc,phases      ] GC(92) Adjust Roots 0.191ms
[12.066s][info][gc,phases,start] GC(92) Compaction Phase
[12.126s][info][gc,phases      ] GC(92) Compaction Phase 60.312ms
[12.126s][info][gc,phases,start] GC(92) Post Compact
[12.128s][info][gc,phases      ] GC(92) Post Compact 1.512ms
[12.128s][info][gc,heap        ] GC(92) PSYoungGen: 23532K(78848K)->23532K(78848K) Eden: 22015K(22016K)->22015K(22016K) From: 1516K(56832K)->1516K(56832K)
[12.128s][info][gc,heap        ] GC(92) ParOldGen: 338519K(341504K)->338519K(341504K)
[12.128s][info][gc,metaspace   ] GC(92) Metaspace: 6302K(6528K)->6302K(6528K) NonClass: 5769K(5888K)->5769K(5888K) Class: 533K(640K)->533K(640K)
[12.128s][info][gc             ] GC(92) Pause Full (Ergonomics) 353M->353M(410M) 213.208ms
[12.128s][info][gc,cpu         ] GC(92) User=0.41s Sys=0.00s Real=0.21s
[12.128s][info][gc,start       ] GC(93) Pause Full (Ergonomics)
[12.128s][info][gc,phases,start] GC(93) Marking Phase
[12.279s][info][gc,phases      ] GC(93) Marking Phase 151.154ms
[12.279s][info][gc,phases,start] GC(93) Summary Phase
[12.280s][info][gc,phases      ] GC(93) Summary Phase 0.022ms
[12.280s][info][gc,phases,start] GC(93) Adjust Roots
[12.280s][info][gc,phases      ] GC(93) Adjust Roots 0.190ms
[12.280s][info][gc,phases,start] GC(93) Compaction Phase
[12.341s][info][gc,phases      ] GC(93) Compaction Phase 61.281ms
[12.341s][info][gc,phases,start] GC(93) Post Compact
[12.343s][info][gc,phases      ] GC(93) Post Compact 1.470ms
[12.343s][info][gc,heap        ] GC(93) PSYoungGen: 23532K(78848K)->23532K(78848K) Eden: 22015K(22016K)->22015K(22016K) From: 1516K(56832K)->1516K(56832K)
[12.343s][info][gc,heap        ] GC(93) ParOldGen: 338523K(341504K)->338523K(341504K)
[12.343s][info][gc,metaspace   ] GC(93) Metaspace: 6302K(6528K)->6302K(6528K) NonClass: 5769K(5888K)->5769K(5888K) Class: 533K(640K)->533K(640K)
[12.343s][info][gc             ] GC(93) Pause Full (Ergonomics) 353M->353M(410M) 214.464ms
[12.343s][info][gc,cpu         ] GC(93) User=0.38s Sys=0.00s Real=0.21s
[12.343s][info][gc,start       ] GC(94) Pause Full (Ergonomics)
[12.343s][info][gc,phases,start] GC(94) Marking Phase
[12.485s][info][gc,phases      ] GC(94) Marking Phase 141.603ms
[12.485s][info][gc,phases,start] GC(94) Summary Phase
[12.485s][info][gc,phases      ] GC(94) Summary Phase 0.028ms
[12.485s][info][gc,phases,start] GC(94) Adjust Roots
[12.485s][info][gc,phases      ] GC(94) Adjust Roots 0.192ms
[12.485s][info][gc,phases,start] GC(94) Compaction Phase
[12.538s][info][gc,phases      ] GC(94) Compaction Phase 53.162ms
[12.538s][info][gc,phases,start] GC(94) Post Compact
[12.540s][info][gc,phases      ] GC(94) Post Compact 1.467ms
[12.540s][info][gc,heap        ] GC(94) PSYoungGen: 23532K(78848K)->23532K(78848K) Eden: 22015K(22016K)->22015K(22016K) From: 1516K(56832K)->1516K(56832K)
[12.540s][info][gc,heap        ] GC(94) ParOldGen: 338528K(341504K)->338528K(341504K)
[12.540s][info][gc,metaspace   ] GC(94) Metaspace: 6302K(6528K)->6302K(6528K) NonClass: 5769K(5888K)->5769K(5888K) Class: 533K(640K)->533K(640K)
[12.540s][info][gc             ] GC(94) Pause Full (Ergonomics) 353M->353M(410M) 196.830ms
[12.540s][info][gc,cpu         ] GC(94) User=0.33s Sys=0.00s Real=0.20s
[12.540s][info][gc,start       ] GC(95) Pause Full (Ergonomics)
[12.540s][info][gc,phases,start] GC(95) Marking Phase
[12.691s][info][gc,phases      ] GC(95) Marking Phase 150.686ms
[12.691s][info][gc,phases,start] GC(95) Summary Phase
[12.691s][info][gc,phases      ] GC(95) Summary Phase 0.023ms
[12.691s][info][gc,phases,start] GC(95) Adjust Roots
[12.691s][info][gc,phases      ] GC(95) Adjust Roots 0.208ms
[12.691s][info][gc,phases,start] GC(95) Compaction Phase
[12.752s][info][gc,phases      ] GC(95) Compaction Phase 60.885ms
[12.752s][info][gc,phases,start] GC(95) Post Compact
[12.754s][info][gc,phases      ] GC(95) Post Compact 1.479ms
[12.754s][info][gc,heap        ] GC(95) PSYoungGen: 23532K(78848K)->23532K(78848K) Eden: 22015K(22016K)->22015K(22016K) From: 1516K(56832K)->1516K(56832K)
[12.754s][info][gc,heap        ] GC(95) ParOldGen: 338533K(341504K)->338533K(341504K)
[12.754s][info][gc,metaspace   ] GC(95) Metaspace: 6302K(6528K)->6302K(6528K) NonClass: 5769K(5888K)->5769K(5888K) Class: 533K(640K)->533K(640K)
[12.754s][info][gc             ] GC(95) Pause Full (Ergonomics) 353M->353M(410M) 213.606ms
[12.754s][info][gc,cpu         ] GC(95) User=0.41s Sys=0.00s Real=0.21s
[12.754s][info][gc,start       ] GC(96) Pause Full (Ergonomics)
[12.754s][info][gc,phases,start] GC(96) Marking Phase
[12.897s][info][gc,phases      ] GC(96) Marking Phase 143.100ms
[12.897s][info][gc,phases,start] GC(96) Summary Phase
[12.897s][info][gc,phases      ] GC(96) Summary Phase 0.016ms
[12.897s][info][gc,phases,start] GC(96) Adjust Roots
[12.897s][info][gc,phases      ] GC(96) Adjust Roots 0.179ms
[12.897s][info][gc,phases,start] GC(96) Compaction Phase
[12.952s][info][gc,phases      ] GC(96) Compaction Phase 54.438ms
[12.952s][info][gc,phases,start] GC(96) Post Compact
[12.954s][info][gc,phases      ] GC(96) Post Compact 1.675ms
[12.954s][info][gc,heap        ] GC(96) PSYoungGen: 23532K(78848K)->23532K(78848K) Eden: 22015K(22016K)->22015K(22016K) From: 1516K(56832K)->1516K(56832K)
[12.954s][info][gc,heap        ] GC(96) ParOldGen: 338537K(341504K)->338537K(341504K)
[12.954s][info][gc,metaspace   ] GC(96) Metaspace: 6302K(6528K)->6302K(6528K) NonClass: 5769K(5888K)->5769K(5888K) Class: 533K(640K)->533K(640K)
[12.954s][info][gc             ] GC(96) Pause Full (Ergonomics) 353M->353M(410M) 199.772ms
[12.954s][info][gc,cpu         ] GC(96) User=0.33s Sys=0.00s Real=0.20s
[12.954s][info][gc,start       ] GC(97) Pause Full (Ergonomics)
[12.954s][info][gc,phases,start] GC(97) Marking Phase
[13.104s][info][gc,phases      ] GC(97) Marking Phase 149.651ms
[13.104s][info][gc,phases,start] GC(97) Summary Phase
[13.104s][info][gc,phases      ] GC(97) Summary Phase 0.021ms
[13.104s][info][gc,phases,start] GC(97) Adjust Roots
[13.104s][info][gc,phases      ] GC(97) Adjust Roots 0.213ms
[13.104s][info][gc,phases,start] GC(97) Compaction Phase
[13.166s][info][gc,phases      ] GC(97) Compaction Phase 62.016ms
[13.166s][info][gc,phases,start] GC(97) Post Compact
[13.168s][info][gc,phases      ] GC(97) Post Compact 1.520ms
[13.168s][info][gc,heap        ] GC(97) PSYoungGen: 23532K(78848K)->23532K(78848K) Eden: 22015K(22016K)->22015K(22016K) From: 1516K(56832K)->1516K(56832K)
[13.168s][info][gc,heap        ] GC(97) ParOldGen: 338542K(341504K)->338542K(341504K)
[13.168s][info][gc,metaspace   ] GC(97) Metaspace: 6302K(6528K)->6302K(6528K) NonClass: 5769K(5888K)->5769K(5888K) Class: 533K(640K)->533K(640K)
[13.168s][info][gc             ] GC(97) Pause Full (Ergonomics) 353M->353M(410M) 213.753ms
[13.168s][info][gc,cpu         ] GC(97) User=0.36s Sys=0.00s Real=0.21s
[13.168s][info][gc,start       ] GC(98) Pause Full (Ergonomics)
[13.168s][info][gc,phases,start] GC(98) Marking Phase
[13.319s][info][gc,phases      ] GC(98) Marking Phase 150.785ms
[13.319s][info][gc,phases,start] GC(98) Summary Phase
[13.319s][info][gc,phases      ] GC(98) Summary Phase 0.022ms
[13.319s][info][gc,phases,start] GC(98) Adjust Roots
[13.319s][info][gc,phases      ] GC(98) Adjust Roots 0.185ms
[13.319s][info][gc,phases,start] GC(98) Compaction Phase
[13.380s][info][gc,phases      ] GC(98) Compaction Phase 61.177ms
[13.380s][info][gc,phases,start] GC(98) Post Compact
[13.382s][info][gc,phases      ] GC(98) Post Compact 1.483ms
[13.382s][info][gc,heap        ] GC(98) PSYoungGen: 23532K(78848K)->23532K(78848K) Eden: 22015K(22016K)->22015K(22016K) From: 1516K(56832K)->1516K(56832K)
[13.382s][info][gc,heap        ] GC(98) ParOldGen: 338547K(341504K)->338547K(341504K)
[13.382s][info][gc,metaspace   ] GC(98) Metaspace: 6302K(6528K)->6302K(6528K) NonClass: 5769K(5888K)->5769K(5888K) Class: 533K(640K)->533K(640K)
[13.382s][info][gc             ] GC(98) Pause Full (Ergonomics) 353M->353M(410M) 213.980ms
[13.382s][info][gc,cpu         ] GC(98) User=0.41s Sys=0.00s Real=0.21s
[13.382s][info][gc,start       ] GC(99) Pause Full (Ergonomics)
[13.382s][info][gc,phases,start] GC(99) Marking Phase
[13.533s][info][gc,phases      ] GC(99) Marking Phase 150.768ms
[13.533s][info][gc,phases,start] GC(99) Summary Phase
[13.533s][info][gc,phases      ] GC(99) Summary Phase 0.022ms
[13.533s][info][gc,phases,start] GC(99) Adjust Roots
[13.533s][info][gc,phases      ] GC(99) Adjust Roots 0.191ms
[13.533s][info][gc,phases,start] GC(99) Compaction Phase
[13.595s][info][gc,phases      ] GC(99) Compaction Phase 61.455ms
[13.595s][info][gc,phases,start] GC(99) Post Compact
[13.596s][info][gc,phases      ] GC(99) Post Compact 1.469ms
[13.596s][info][gc,heap        ] GC(99) PSYoungGen: 23532K(78848K)->23532K(78848K) Eden: 22015K(22016K)->22015K(22016K) From: 1516K(56832K)->1516K(56832K)
[13.596s][info][gc,heap        ] GC(99) ParOldGen: 338551K(341504K)->338551K(341504K)
[13.596s][info][gc,metaspace   ] GC(99) Metaspace: 6302K(6528K)->6302K(6528K) NonClass: 5769K(5888K)->5769K(5888K) Class: 533K(640K)->533K(640K)
[13.596s][info][gc             ] GC(99) Pause Full (Ergonomics) 353M->353M(410M) 214.255ms
[13.596s][info][gc,cpu         ] GC(99) User=0.38s Sys=0.00s Real=0.21s
[13.597s][info][gc,start       ] GC(100) Pause Full (Ergonomics)
[13.597s][info][gc,phases,start] GC(100) Marking Phase
[13.746s][info][gc,phases      ] GC(100) Marking Phase 149.696ms
[13.746s][info][gc,phases,start] GC(100) Summary Phase
[13.747s][info][gc,phases      ] GC(100) Summary Phase 0.022ms
[13.747s][info][gc,phases,start] GC(100) Adjust Roots
[13.747s][info][gc,phases      ] GC(100) Adjust Roots 0.191ms
[13.747s][info][gc,phases,start] GC(100) Compaction Phase
[13.808s][info][gc,phases      ] GC(100) Compaction Phase 60.991ms
[13.808s][info][gc,phases,start] GC(100) Post Compact
[13.809s][info][gc,phases      ] GC(100) Post Compact 1.490ms
[13.809s][info][gc,heap        ] GC(100) PSYoungGen: 23532K(78848K)->23532K(78848K) Eden: 22015K(22016K)->22015K(22016K) From: 1516K(56832K)->1516K(56832K)
[13.809s][info][gc,heap        ] GC(100) ParOldGen: 338556K(341504K)->338556K(341504K)
[13.809s][info][gc,metaspace   ] GC(100) Metaspace: 6302K(6528K)->6302K(6528K) NonClass: 5769K(5888K)->5769K(5888K) Class: 533K(640K)->533K(640K)
[13.809s][info][gc             ] GC(100) Pause Full (Ergonomics) 353M->353M(410M) 212.775ms
[13.810s][info][gc,cpu         ] GC(100) User=0.38s Sys=0.02s Real=0.21s
[13.810s][info][gc,start       ] GC(101) Pause Full (Ergonomics)
[13.810s][info][gc,phases,start] GC(101) Marking Phase
[13.961s][info][gc,phases      ] GC(101) Marking Phase 150.851ms
[13.961s][info][gc,phases,start] GC(101) Summary Phase
[13.961s][info][gc,phases      ] GC(101) Summary Phase 0.022ms
[13.961s][info][gc,phases,start] GC(101) Adjust Roots
[13.961s][info][gc,phases      ] GC(101) Adjust Roots 0.209ms
[13.961s][info][gc,phases,start] GC(101) Compaction Phase
[14.023s][info][gc,phases      ] GC(101) Compaction Phase 61.681ms
[14.023s][info][gc,phases,start] GC(101) Post Compact
[14.024s][info][gc,phases      ] GC(101) Post Compact 1.464ms
[14.024s][info][gc,heap        ] GC(101) PSYoungGen: 23532K(78848K)->23532K(78848K) Eden: 22015K(22016K)->22015K(22016K) From: 1516K(56832K)->1516K(56832K)
[14.024s][info][gc,heap        ] GC(101) ParOldGen: 338561K(341504K)->338561K(341504K)
[14.024s][info][gc,metaspace   ] GC(101) Metaspace: 6302K(6528K)->6302K(6528K) NonClass: 5769K(5888K)->5769K(5888K) Class: 533K(640K)->533K(640K)
[14.024s][info][gc             ] GC(101) Pause Full (Ergonomics) 353M->353M(410M) 214.548ms
[14.024s][info][gc,cpu         ] GC(101) User=0.38s Sys=0.00s Real=0.21s
[14.025s][info][gc,start       ] GC(102) Pause Full (Ergonomics)
[14.025s][info][gc,phases,start] GC(102) Marking Phase
[14.175s][info][gc,phases      ] GC(102) Marking Phase 150.412ms
[14.175s][info][gc,phases,start] GC(102) Summary Phase
[14.175s][info][gc,phases      ] GC(102) Summary Phase 0.022ms
[14.175s][info][gc,phases,start] GC(102) Adjust Roots
[14.175s][info][gc,phases      ] GC(102) Adjust Roots 0.196ms
[14.175s][info][gc,phases,start] GC(102) Compaction Phase
[14.237s][info][gc,phases      ] GC(102) Compaction Phase 62.164ms
[14.238s][info][gc,phases,start] GC(102) Post Compact
[14.239s][info][gc,phases      ] GC(102) Post Compact 1.479ms
[14.239s][info][gc,heap        ] GC(102) PSYoungGen: 23532K(78848K)->23532K(78848K) Eden: 22015K(22016K)->22015K(22016K) From: 1516K(56832K)->1516K(56832K)
[14.239s][info][gc,heap        ] GC(102) ParOldGen: 338565K(341504K)->338565K(341504K)
[14.239s][info][gc,metaspace   ] GC(102) Metaspace: 6302K(6528K)->6302K(6528K) NonClass: 5769K(5888K)->5769K(5888K) Class: 533K(640K)->533K(640K)
[14.239s][info][gc             ] GC(102) Pause Full (Ergonomics) 353M->353M(410M) 214.610ms
[14.239s][info][gc,cpu         ] GC(102) User=0.39s Sys=0.02s Real=0.22s
[14.239s][info][gc,start       ] GC(103) Pause Full (Ergonomics)
[14.239s][info][gc,phases,start] GC(103) Marking Phase
[14.389s][info][gc,phases      ] GC(103) Marking Phase 149.572ms
[14.389s][info][gc,phases,start] GC(103) Summary Phase
[14.389s][info][gc,phases      ] GC(103) Summary Phase 0.022ms
[14.389s][info][gc,phases,start] GC(103) Adjust Roots
[14.389s][info][gc,phases      ] GC(103) Adjust Roots 0.191ms
[14.389s][info][gc,phases,start] GC(103) Compaction Phase
[14.450s][info][gc,phases      ] GC(103) Compaction Phase 60.591ms
[14.450s][info][gc,phases,start] GC(103) Post Compact
[14.451s][info][gc,phases      ] GC(103) Post Compact 1.484ms
[14.452s][info][gc,heap        ] GC(103) PSYoungGen: 23532K(78848K)->23532K(78848K) Eden: 22015K(22016K)->22015K(22016K) From: 1516K(56832K)->1516K(56832K)
[14.452s][info][gc,heap        ] GC(103) ParOldGen: 338570K(341504K)->338570K(341504K)
[14.452s][info][gc,metaspace   ] GC(103) Metaspace: 6302K(6528K)->6302K(6528K) NonClass: 5769K(5888K)->5769K(5888K) Class: 533K(640K)->533K(640K)
[14.452s][info][gc             ] GC(103) Pause Full (Ergonomics) 353M->353M(410M) 212.191ms
[14.452s][info][gc,cpu         ] GC(103) User=0.38s Sys=0.00s Real=0.21s
[14.452s][info][gc,start       ] GC(104) Pause Full (Ergonomics)
[14.452s][info][gc,phases,start] GC(104) Marking Phase
[14.602s][info][gc,phases      ] GC(104) Marking Phase 150.236ms
[14.602s][info][gc,phases,start] GC(104) Summary Phase
[14.602s][info][gc,phases      ] GC(104) Summary Phase 0.025ms
[14.602s][info][gc,phases,start] GC(104) Adjust Roots
[14.602s][info][gc,phases      ] GC(104) Adjust Roots 0.184ms
[14.602s][info][gc,phases,start] GC(104) Compaction Phase
[14.663s][info][gc,phases      ] GC(104) Compaction Phase 60.687ms
[14.663s][info][gc,phases,start] GC(104) Post Compact
[14.665s][info][gc,phases      ] GC(104) Post Compact 1.480ms
[14.665s][info][gc,heap        ] GC(104) PSYoungGen: 23532K(78848K)->23532K(78848K) Eden: 22015K(22016K)->22015K(22016K) From: 1516K(56832K)->1516K(56832K)
[14.665s][info][gc,heap        ] GC(104) ParOldGen: 338575K(341504K)->338575K(341504K)
[14.665s][info][gc,metaspace   ] GC(104) Metaspace: 6302K(6528K)->6302K(6528K) NonClass: 5769K(5888K)->5769K(5888K) Class: 533K(640K)->533K(640K)
[14.665s][info][gc             ] GC(104) Pause Full (Ergonomics) 353M->353M(410M) 212.951ms
[14.665s][info][gc,cpu         ] GC(104) User=0.38s Sys=0.00s Real=0.21s
[14.665s][info][gc,start       ] GC(105) Pause Full (Ergonomics)
[14.665s][info][gc,phases,start] GC(105) Marking Phase
[14.814s][info][gc,phases      ] GC(105) Marking Phase 149.139ms
[14.814s][info][gc,phases,start] GC(105) Summary Phase
[14.814s][info][gc,phases      ] GC(105) Summary Phase 0.022ms
[14.814s][info][gc,phases,start] GC(105) Adjust Roots
[14.815s][info][gc,phases      ] GC(105) Adjust Roots 0.212ms
[14.815s][info][gc,phases,start] GC(105) Compaction Phase
[14.876s][info][gc,phases      ] GC(105) Compaction Phase 61.057ms
[14.876s][info][gc,phases,start] GC(105) Post Compact
[14.877s][info][gc,phases      ] GC(105) Post Compact 1.485ms
[14.877s][info][gc,heap        ] GC(105) PSYoungGen: 23532K(78848K)->23532K(78848K) Eden: 22015K(22016K)->22015K(22016K) From: 1516K(56832K)->1516K(56832K)
[14.877s][info][gc,heap        ] GC(105) ParOldGen: 338579K(341504K)->338579K(341504K)
[14.877s][info][gc,metaspace   ] GC(105) Metaspace: 6302K(6528K)->6302K(6528K) NonClass: 5769K(5888K)->5769K(5888K) Class: 533K(640K)->533K(640K)
[14.877s][info][gc             ] GC(105) Pause Full (Ergonomics) 353M->353M(410M) 212.240ms
[14.877s][info][gc,cpu         ] GC(105) User=0.41s Sys=0.00s Real=0.21s
[14.878s][info][gc,start       ] GC(106) Pause Full (Ergonomics)
[14.878s][info][gc,phases,start] GC(106) Marking Phase
[15.032s][info][gc,phases      ] GC(106) Marking Phase 154.276ms
[15.032s][info][gc,phases,start] GC(106) Summary Phase
[15.032s][info][gc,phases      ] GC(106) Summary Phase 0.022ms
[15.032s][info][gc,phases,start] GC(106) Adjust Roots
[15.032s][info][gc,phases      ] GC(106) Adjust Roots 0.226ms
[15.032s][info][gc,phases,start] GC(106) Compaction Phase
[15.096s][info][gc,phases      ] GC(106) Compaction Phase 63.389ms
[15.096s][info][gc,phases,start] GC(106) Post Compact
[15.097s][info][gc,phases      ] GC(106) Post Compact 1.466ms
[15.097s][info][gc,heap        ] GC(106) PSYoungGen: 23532K(78848K)->23532K(78848K) Eden: 22015K(22016K)->22015K(22016K) From: 1516K(56832K)->1516K(56832K)
[15.097s][info][gc,heap        ] GC(106) ParOldGen: 338584K(341504K)->338584K(341504K)
[15.097s][info][gc,metaspace   ] GC(106) Metaspace: 6302K(6528K)->6302K(6528K) NonClass: 5769K(5888K)->5769K(5888K) Class: 533K(640K)->533K(640K)
[15.097s][info][gc             ] GC(106) Pause Full (Ergonomics) 353M->353M(410M) 219.701ms
[15.097s][info][gc,cpu         ] GC(106) User=0.38s Sys=0.00s Real=0.22s
[15.098s][info][gc,start       ] GC(107) Pause Full (Ergonomics)
[15.098s][info][gc,phases,start] GC(107) Marking Phase
[15.246s][info][gc,phases      ] GC(107) Marking Phase 148.556ms
[15.246s][info][gc,phases,start] GC(107) Summary Phase
[15.246s][info][gc,phases      ] GC(107) Summary Phase 0.018ms
[15.246s][info][gc,phases,start] GC(107) Adjust Roots
[15.246s][info][gc,phases      ] GC(107) Adjust Roots 0.224ms
[15.246s][info][gc,phases,start] GC(107) Compaction Phase
[15.308s][info][gc,phases      ] GC(107) Compaction Phase 61.494ms
[15.308s][info][gc,phases,start] GC(107) Post Compact
[15.310s][info][gc,phases      ] GC(107) Post Compact 1.497ms
[15.310s][info][gc,heap        ] GC(107) PSYoungGen: 23532K(78848K)->23532K(78848K) Eden: 22015K(22016K)->22015K(22016K) From: 1516K(56832K)->1516K(56832K)
[15.310s][info][gc,heap        ] GC(107) ParOldGen: 338589K(341504K)->338589K(341504K)
[15.310s][info][gc,metaspace   ] GC(107) Metaspace: 6302K(6528K)->6302K(6528K) NonClass: 5769K(5888K)->5769K(5888K) Class: 533K(640K)->533K(640K)
[15.310s][info][gc             ] GC(107) Pause Full (Ergonomics) 353M->353M(410M) 212.110ms
[15.310s][info][gc,cpu         ] GC(107) User=0.38s Sys=0.00s Real=0.21s
[15.310s][info][gc,start       ] GC(108) Pause Full (Ergonomics)
[15.310s][info][gc,phases,start] GC(108) Marking Phase
[15.460s][info][gc,phases      ] GC(108) Marking Phase 149.826ms
[15.460s][info][gc,phases,start] GC(108) Summary Phase
[15.460s][info][gc,phases      ] GC(108) Summary Phase 0.022ms
[15.460s][info][gc,phases,start] GC(108) Adjust Roots
[15.460s][info][gc,phases      ] GC(108) Adjust Roots 0.212ms
[15.460s][info][gc,phases,start] GC(108) Compaction Phase
[15.522s][info][gc,phases      ] GC(108) Compaction Phase 61.747ms
[15.522s][info][gc,phases,start] GC(108) Post Compact
[15.523s][info][gc,phases      ] GC(108) Post Compact 1.486ms
[15.524s][info][gc,heap        ] GC(108) PSYoungGen: 23532K(78848K)->23532K(78848K) Eden: 22015K(22016K)->22015K(22016K) From: 1516K(56832K)->1516K(56832K)
[15.524s][info][gc,heap        ] GC(108) ParOldGen: 338593K(341504K)->338593K(341504K)
[15.524s][info][gc,metaspace   ] GC(108) Metaspace: 6302K(6528K)->6302K(6528K) NonClass: 5769K(5888K)->5769K(5888K) Class: 533K(640K)->533K(640K)
[15.524s][info][gc             ] GC(108) Pause Full (Ergonomics) 353M->353M(410M) 213.619ms
[15.524s][info][gc,cpu         ] GC(108) User=0.33s Sys=0.02s Real=0.21s
[15.524s][info][gc,start       ] GC(109) Pause Full (Ergonomics)
[15.524s][info][gc,phases,start] GC(109) Marking Phase
[15.673s][info][gc,phases      ] GC(109) Marking Phase 149.026ms
[15.673s][info][gc,phases,start] GC(109) Summary Phase
[15.673s][info][gc,phases      ] GC(109) Summary Phase 0.021ms
[15.673s][info][gc,phases,start] GC(109) Adjust Roots
[15.673s][info][gc,phases      ] GC(109) Adjust Roots 0.193ms
[15.673s][info][gc,phases,start] GC(109) Compaction Phase
[15.735s][info][gc,phases      ] GC(109) Compaction Phase 61.618ms
[15.735s][info][gc,phases,start] GC(109) Post Compact
[15.736s][info][gc,phases      ] GC(109) Post Compact 1.631ms
[15.737s][info][gc,heap        ] GC(109) PSYoungGen: 23532K(78848K)->23532K(78848K) Eden: 22015K(22016K)->22015K(22016K) From: 1516K(56832K)->1516K(56832K)
[15.737s][info][gc,heap        ] GC(109) ParOldGen: 338598K(341504K)->338598K(341504K)
[15.737s][info][gc,metaspace   ] GC(109) Metaspace: 6302K(6528K)->6302K(6528K) NonClass: 5769K(5888K)->5769K(5888K) Class: 533K(640K)->533K(640K)
[15.737s][info][gc             ] GC(109) Pause Full (Ergonomics) 353M->353M(410M) 212.811ms
[15.737s][info][gc,cpu         ] GC(109) User=0.36s Sys=0.00s Real=0.21s
[15.737s][info][gc,start       ] GC(110) Pause Full (Ergonomics)
[15.737s][info][gc,phases,start] GC(110) Marking Phase
[15.887s][info][gc,phases      ] GC(110) Marking Phase 150.130ms
[15.887s][info][gc,phases,start] GC(110) Summary Phase
[15.887s][info][gc,phases      ] GC(110) Summary Phase 0.022ms
[15.887s][info][gc,phases,start] GC(110) Adjust Roots
[15.887s][info][gc,phases      ] GC(110) Adjust Roots 0.186ms
[15.887s][info][gc,phases,start] GC(110) Compaction Phase
[15.949s][info][gc,phases      ] GC(110) Compaction Phase 61.393ms
[15.949s][info][gc,phases,start] GC(110) Post Compact
[15.950s][info][gc,phases      ] GC(110) Post Compact 1.605ms
[15.951s][info][gc,heap        ] GC(110) PSYoungGen: 23532K(78848K)->23532K(78848K) Eden: 22015K(22016K)->22015K(22016K) From: 1516K(56832K)->1516K(56832K)
[15.951s][info][gc,heap        ] GC(110) ParOldGen: 338603K(341504K)->338603K(341504K)
[15.951s][info][gc,metaspace   ] GC(110) Metaspace: 6302K(6528K)->6302K(6528K) NonClass: 5769K(5888K)->5769K(5888K) Class: 533K(640K)->533K(640K)
[15.951s][info][gc             ] GC(110) Pause Full (Ergonomics) 353M->353M(410M) 213.719ms
[15.951s][info][gc,cpu         ] GC(110) User=0.36s Sys=0.00s Real=0.21s
[15.951s][info][gc,start       ] GC(111) Pause Full (Ergonomics)
[15.951s][info][gc,phases,start] GC(111) Marking Phase
[16.102s][info][gc,phases      ] GC(111) Marking Phase 151.244ms
[16.102s][info][gc,phases,start] GC(111) Summary Phase
[16.102s][info][gc,phases      ] GC(111) Summary Phase 0.037ms
[16.102s][info][gc,phases,start] GC(111) Adjust Roots
[16.103s][info][gc,phases      ] GC(111) Adjust Roots 0.281ms
[16.103s][info][gc,phases,start] GC(111) Compaction Phase
[16.164s][info][gc,phases      ] GC(111) Compaction Phase 60.984ms
[16.164s][info][gc,phases,start] GC(111) Post Compact
[16.165s][info][gc,phases      ] GC(111) Post Compact 1.482ms
[16.165s][info][gc,heap        ] GC(111) PSYoungGen: 23532K(78848K)->23532K(78848K) Eden: 22015K(22016K)->22015K(22016K) From: 1516K(56832K)->1516K(56832K)
[16.165s][info][gc,heap        ] GC(111) ParOldGen: 338607K(341504K)->338607K(341504K)
[16.165s][info][gc,metaspace   ] GC(111) Metaspace: 6302K(6528K)->6302K(6528K) NonClass: 5769K(5888K)->5769K(5888K) Class: 533K(640K)->533K(640K)
[16.165s][info][gc             ] GC(111) Pause Full (Ergonomics) 353M->353M(410M) 214.470ms
[16.165s][info][gc,cpu         ] GC(111) User=0.38s Sys=0.02s Real=0.21s
[16.166s][info][gc,start       ] GC(112) Pause Full (Ergonomics)
[16.166s][info][gc,phases,start] GC(112) Marking Phase
[16.315s][info][gc,phases      ] GC(112) Marking Phase 149.606ms
[16.315s][info][gc,phases,start] GC(112) Summary Phase
[16.315s][info][gc,phases      ] GC(112) Summary Phase 0.023ms
[16.315s][info][gc,phases,start] GC(112) Adjust Roots
[16.316s][info][gc,phases      ] GC(112) Adjust Roots 0.214ms
[16.316s][info][gc,phases,start] GC(112) Compaction Phase
[16.377s][info][gc,phases      ] GC(112) Compaction Phase 60.947ms
[16.377s][info][gc,phases,start] GC(112) Post Compact
[16.378s][info][gc,phases      ] GC(112) Post Compact 1.478ms
[16.378s][info][gc,heap        ] GC(112) PSYoungGen: 23532K(78848K)->23532K(78848K) Eden: 22015K(22016K)->22015K(22016K) From: 1516K(56832K)->1516K(56832K)
[16.378s][info][gc,heap        ] GC(112) ParOldGen: 338612K(341504K)->338612K(341504K)
[16.378s][info][gc,metaspace   ] GC(112) Metaspace: 6302K(6528K)->6302K(6528K) NonClass: 5769K(5888K)->5769K(5888K) Class: 533K(640K)->533K(640K)
[16.378s][info][gc             ] GC(112) Pause Full (Ergonomics) 353M->353M(410M) 212.595ms
[16.378s][info][gc,cpu         ] GC(112) User=0.41s Sys=0.00s Real=0.21s
[16.379s][info][gc,start       ] GC(113) Pause Full (Ergonomics)
[16.379s][info][gc,phases,start] GC(113) Marking Phase
[16.520s][info][gc,phases      ] GC(113) Marking Phase 141.746ms
[16.520s][info][gc,phases,start] GC(113) Summary Phase
[16.520s][info][gc,phases      ] GC(113) Summary Phase 0.022ms
[16.520s][info][gc,phases,start] GC(113) Adjust Roots
[16.521s][info][gc,phases      ] GC(113) Adjust Roots 0.202ms
[16.521s][info][gc,phases,start] GC(113) Compaction Phase
[16.575s][info][gc,phases      ] GC(113) Compaction Phase 53.902ms
[16.575s][info][gc,phases,start] GC(113) Post Compact
[16.576s][info][gc,phases      ] GC(113) Post Compact 1.487ms
[16.576s][info][gc,heap        ] GC(113) PSYoungGen: 23532K(78848K)->23532K(78848K) Eden: 22015K(22016K)->22015K(22016K) From: 1516K(56832K)->1516K(56832K)
[16.576s][info][gc,heap        ] GC(113) ParOldGen: 338617K(341504K)->338617K(341504K)
[16.576s][info][gc,metaspace   ] GC(113) Metaspace: 6302K(6528K)->6302K(6528K) NonClass: 5769K(5888K)->5769K(5888K) Class: 533K(640K)->533K(640K)
[16.576s][info][gc             ] GC(113) Pause Full (Ergonomics) 353M->353M(410M) 197.766ms
[16.576s][info][gc,cpu         ] GC(113) User=0.33s Sys=0.00s Real=0.20s
[16.577s][info][gc,start       ] GC(114) Pause Full (Ergonomics)
[16.577s][info][gc,phases,start] GC(114) Marking Phase
[16.727s][info][gc,phases      ] GC(114) Marking Phase 150.746ms
[16.727s][info][gc,phases,start] GC(114) Summary Phase
[16.727s][info][gc,phases      ] GC(114) Summary Phase 0.027ms
[16.727s][info][gc,phases,start] GC(114) Adjust Roots
[16.728s][info][gc,phases      ] GC(114) Adjust Roots 0.222ms
[16.728s][info][gc,phases,start] GC(114) Compaction Phase
[16.789s][info][gc,phases      ] GC(114) Compaction Phase 61.191ms
[16.789s][info][gc,phases,start] GC(114) Post Compact
[16.790s][info][gc,phases      ] GC(114) Post Compact 1.469ms
[16.791s][info][gc,heap        ] GC(114) PSYoungGen: 23532K(78848K)->23532K(78848K) Eden: 22015K(22016K)->22015K(22016K) From: 1516K(56832K)->1516K(56832K)
[16.791s][info][gc,heap        ] GC(114) ParOldGen: 338621K(341504K)->338621K(341504K)
[16.791s][info][gc,metaspace   ] GC(114) Metaspace: 6302K(6528K)->6302K(6528K) NonClass: 5769K(5888K)->5769K(5888K) Class: 533K(640K)->533K(640K)
[16.791s][info][gc             ] GC(114) Pause Full (Ergonomics) 353M->353M(410M) 214.030ms
[16.791s][info][gc,cpu         ] GC(114) User=0.38s Sys=0.00s Real=0.21s
[16.791s][info][gc,start       ] GC(115) Pause Full (Ergonomics)
[16.791s][info][gc,phases,start] GC(115) Marking Phase
[16.941s][info][gc,phases      ] GC(115) Marking Phase 150.042ms
[16.941s][info][gc,phases,start] GC(115) Summary Phase
[16.941s][info][gc,phases      ] GC(115) Summary Phase 0.021ms
[16.941s][info][gc,phases,start] GC(115) Adjust Roots
[16.941s][info][gc,phases      ] GC(115) Adjust Roots 0.209ms
[16.941s][info][gc,phases,start] GC(115) Compaction Phase
[17.003s][info][gc,phases      ] GC(115) Compaction Phase 61.586ms
[17.003s][info][gc,phases,start] GC(115) Post Compact
[17.004s][info][gc,phases      ] GC(115) Post Compact 1.493ms
[17.004s][info][gc,heap        ] GC(115) PSYoungGen: 23532K(78848K)->23532K(78848K) Eden: 22015K(22016K)->22015K(22016K) From: 1516K(56832K)->1516K(56832K)
[17.004s][info][gc,heap        ] GC(115) ParOldGen: 338626K(341504K)->338626K(341504K)
[17.005s][info][gc,metaspace   ] GC(115) Metaspace: 6302K(6528K)->6302K(6528K) NonClass: 5769K(5888K)->5769K(5888K) Class: 533K(640K)->533K(640K)
[17.005s][info][gc             ] GC(115) Pause Full (Ergonomics) 353M->353M(410M) 213.699ms
[17.005s][info][gc,cpu         ] GC(115) User=0.39s Sys=0.00s Real=0.22s
[17.005s][info][gc,start       ] GC(116) Pause Full (Ergonomics)
[17.005s][info][gc,phases,start] GC(116) Marking Phase
[17.155s][info][gc,phases      ] GC(116) Marking Phase 150.553ms
[17.155s][info][gc,phases,start] GC(116) Summary Phase
[17.155s][info][gc,phases      ] GC(116) Summary Phase 0.022ms
[17.155s][info][gc,phases,start] GC(116) Adjust Roots
[17.156s][info][gc,phases      ] GC(116) Adjust Roots 0.203ms
[17.156s][info][gc,phases,start] GC(116) Compaction Phase
[17.217s][info][gc,phases      ] GC(116) Compaction Phase 60.986ms
[17.217s][info][gc,phases,start] GC(116) Post Compact
[17.218s][info][gc,phases      ] GC(116) Post Compact 1.485ms
[17.218s][info][gc,heap        ] GC(116) PSYoungGen: 23532K(78848K)->23532K(78848K) Eden: 22015K(22016K)->22015K(22016K) From: 1516K(56832K)->1516K(56832K)
[17.218s][info][gc,heap        ] GC(116) ParOldGen: 338631K(341504K)->338631K(341504K)
[17.218s][info][gc,metaspace   ] GC(116) Metaspace: 6302K(6528K)->6302K(6528K) NonClass: 5769K(5888K)->5769K(5888K) Class: 533K(640K)->533K(640K)
[17.218s][info][gc             ] GC(116) Pause Full (Ergonomics) 353M->353M(410M) 213.571ms
[17.218s][info][gc,cpu         ] GC(116) User=0.38s Sys=0.00s Real=0.21s
[17.219s][info][gc,start       ] GC(117) Pause Full (Ergonomics)
[17.219s][info][gc,phases,start] GC(117) Marking Phase
[17.369s][info][gc,phases      ] GC(117) Marking Phase 149.882ms
[17.369s][info][gc,phases,start] GC(117) Summary Phase
[17.369s][info][gc,phases      ] GC(117) Summary Phase 0.017ms
[17.369s][info][gc,phases,start] GC(117) Adjust Roots
[17.369s][info][gc,phases      ] GC(117) Adjust Roots 0.225ms
[17.369s][info][gc,phases,start] GC(117) Compaction Phase
[17.432s][info][gc,phases      ] GC(117) Compaction Phase 62.664ms
[17.432s][info][gc,phases,start] GC(117) Post Compact
[17.433s][info][gc,phases      ] GC(117) Post Compact 1.479ms
[17.433s][info][gc,heap        ] GC(117) PSYoungGen: 23532K(78848K)->23532K(78848K) Eden: 22015K(22016K)->22015K(22016K) From: 1516K(56832K)->1516K(56832K)
[17.433s][info][gc,heap        ] GC(117) ParOldGen: 338635K(341504K)->338635K(341504K)
[17.433s][info][gc,metaspace   ] GC(117) Metaspace: 6302K(6528K)->6302K(6528K) NonClass: 5769K(5888K)->5769K(5888K) Class: 533K(640K)->533K(640K)
[17.433s][info][gc             ] GC(117) Pause Full (Ergonomics) 353M->353M(410M) 214.635ms
[17.433s][info][gc,cpu         ] GC(117) User=0.36s Sys=0.00s Real=0.22s
[17.434s][info][gc,start       ] GC(118) Pause Full (Ergonomics)
[17.434s][info][gc,phases,start] GC(118) Marking Phase
[17.583s][info][gc,phases      ] GC(118) Marking Phase 149.314ms
[17.583s][info][gc,phases,start] GC(118) Summary Phase
[17.583s][info][gc,phases      ] GC(118) Summary Phase 0.022ms
[17.583s][info][gc,phases,start] GC(118) Adjust Roots
[17.583s][info][gc,phases      ] GC(118) Adjust Roots 0.211ms
[17.583s][info][gc,phases,start] GC(118) Compaction Phase
[17.645s][info][gc,phases      ] GC(118) Compaction Phase 61.572ms
[17.645s][info][gc,phases,start] GC(118) Post Compact
[17.646s][info][gc,phases      ] GC(118) Post Compact 1.467ms
[17.646s][info][gc,heap        ] GC(118) PSYoungGen: 23532K(78848K)->23532K(78848K) Eden: 22015K(22016K)->22015K(22016K) From: 1516K(56832K)->1516K(56832K)
[17.646s][info][gc,heap        ] GC(118) ParOldGen: 338640K(341504K)->338640K(341504K)
[17.646s][info][gc,metaspace   ] GC(118) Metaspace: 6302K(6528K)->6302K(6528K) NonClass: 5769K(5888K)->5769K(5888K) Class: 533K(640K)->533K(640K)
[17.646s][info][gc             ] GC(118) Pause Full (Ergonomics) 353M->353M(410M) 212.911ms
[17.646s][info][gc,cpu         ] GC(118) User=0.41s Sys=0.00s Real=0.21s
[17.647s][info][gc,start       ] GC(119) Pause Full (Ergonomics)
[17.647s][info][gc,phases,start] GC(119) Marking Phase
[17.797s][info][gc,phases      ] GC(119) Marking Phase 150.775ms
[17.798s][info][gc,phases,start] GC(119) Summary Phase
[17.798s][info][gc,phases      ] GC(119) Summary Phase 0.022ms
[17.798s][info][gc,phases,start] GC(119) Adjust Roots
[17.798s][info][gc,phases      ] GC(119) Adjust Roots 0.212ms
[17.798s][info][gc,phases,start] GC(119) Compaction Phase
[17.859s][info][gc,phases      ] GC(119) Compaction Phase 61.224ms
[17.859s][info][gc,phases,start] GC(119) Post Compact
[17.861s][info][gc,phases      ] GC(119) Post Compact 1.497ms
[17.861s][info][gc,heap        ] GC(119) PSYoungGen: 23532K(78848K)->23532K(78848K) Eden: 22015K(22016K)->22015K(22016K) From: 1516K(56832K)->1516K(56832K)
[17.861s][info][gc,heap        ] GC(119) ParOldGen: 338645K(341504K)->338645K(341504K)
[17.861s][info][gc,metaspace   ] GC(119) Metaspace: 6302K(6528K)->6302K(6528K) NonClass: 5769K(5888K)->5769K(5888K) Class: 533K(640K)->533K(640K)
[17.861s][info][gc             ] GC(119) Pause Full (Ergonomics) 353M->353M(410M) 214.061ms
[17.861s][info][gc,cpu         ] GC(119) User=0.38s Sys=0.00s Real=0.22s
[17.861s][info][gc,start       ] GC(120) Pause Full (Ergonomics)
[17.861s][info][gc,phases,start] GC(120) Marking Phase
[18.012s][info][gc,phases      ] GC(120) Marking Phase 151.002ms
[18.012s][info][gc,phases,start] GC(120) Summary Phase
[18.012s][info][gc,phases      ] GC(120) Summary Phase 0.017ms
[18.012s][info][gc,phases,start] GC(120) Adjust Roots
[18.012s][info][gc,phases      ] GC(120) Adjust Roots 0.241ms
[18.012s][info][gc,phases,start] GC(120) Compaction Phase
[18.074s][info][gc,phases      ] GC(120) Compaction Phase 61.211ms
[18.074s][info][gc,phases,start] GC(120) Post Compact
[18.075s][info][gc,phases      ] GC(120) Post Compact 1.482ms
[18.075s][info][gc,heap        ] GC(120) PSYoungGen: 23532K(78848K)->23532K(78848K) Eden: 22015K(22016K)->22015K(22016K) From: 1516K(56832K)->1516K(56832K)
[18.075s][info][gc,heap        ] GC(120) ParOldGen: 338649K(341504K)->338649K(341504K)
[18.075s][info][gc,metaspace   ] GC(120) Metaspace: 6302K(6528K)->6302K(6528K) NonClass: 5769K(5888K)->5769K(5888K) Class: 533K(640K)->533K(640K)
[18.075s][info][gc             ] GC(120) Pause Full (Ergonomics) 353M->353M(410M) 214.320ms
[18.075s][info][gc,cpu         ] GC(120) User=0.38s Sys=0.00s Real=0.21s
[18.076s][info][gc,start       ] GC(121) Pause Full (Ergonomics)
[18.076s][info][gc,phases,start] GC(121) Marking Phase
[18.228s][info][gc,phases      ] GC(121) Marking Phase 152.178ms
[18.228s][info][gc,phases,start] GC(121) Summary Phase
[18.228s][info][gc,phases      ] GC(121) Summary Phase 0.023ms
[18.228s][info][gc,phases,start] GC(121) Adjust Roots
[18.228s][info][gc,phases      ] GC(121) Adjust Roots 0.199ms
[18.228s][info][gc,phases,start] GC(121) Compaction Phase
[18.289s][info][gc,phases      ] GC(121) Compaction Phase 60.652ms
[18.289s][info][gc,phases,start] GC(121) Post Compact
[18.290s][info][gc,phases      ] GC(121) Post Compact 1.475ms
[18.290s][info][gc,heap        ] GC(121) PSYoungGen: 23532K(78848K)->23532K(78848K) Eden: 22015K(22016K)->22015K(22016K) From: 1516K(56832K)->1516K(56832K)
[18.290s][info][gc,heap        ] GC(121) ParOldGen: 338654K(341504K)->338654K(341504K)
[18.290s][info][gc,metaspace   ] GC(121) Metaspace: 6302K(6528K)->6302K(6528K) NonClass: 5769K(5888K)->5769K(5888K) Class: 533K(640K)->533K(640K)
[18.290s][info][gc             ] GC(121) Pause Full (Ergonomics) 353M->353M(410M) 214.863ms
[18.290s][info][gc,cpu         ] GC(121) User=0.36s Sys=0.00s Real=0.21s
[18.291s][info][gc,start       ] GC(122) Pause Full (Ergonomics)
[18.291s][info][gc,phases,start] GC(122) Marking Phase
[18.442s][info][gc,phases      ] GC(122) Marking Phase 151.546ms
[18.442s][info][gc,phases,start] GC(122) Summary Phase
[18.442s][info][gc,phases      ] GC(122) Summary Phase 0.022ms
[18.442s][info][gc,phases,start] GC(122) Adjust Roots
[18.443s][info][gc,phases      ] GC(122) Adjust Roots 0.207ms
[18.443s][info][gc,phases,start] GC(122) Compaction Phase
[18.504s][info][gc,phases      ] GC(122) Compaction Phase 61.596ms
[18.504s][info][gc,phases,start] GC(122) Post Compact
[18.506s][info][gc,phases      ] GC(122) Post Compact 1.466ms
[18.506s][info][gc,heap        ] GC(122) PSYoungGen: 23532K(78848K)->23532K(78848K) Eden: 22015K(22016K)->22015K(22016K) From: 1516K(56832K)->1516K(56832K)
[18.506s][info][gc,heap        ] GC(122) ParOldGen: 338659K(341504K)->338659K(341504K)
[18.506s][info][gc,metaspace   ] GC(122) Metaspace: 6302K(6528K)->6302K(6528K) NonClass: 5769K(5888K)->5769K(5888K) Class: 533K(640K)->533K(640K)
[18.506s][info][gc             ] GC(122) Pause Full (Ergonomics) 353M->353M(410M) 215.223ms
[18.506s][info][gc,cpu         ] GC(122) User=0.39s Sys=0.00s Real=0.22s
[18.506s][info][gc,start       ] GC(123) Pause Full (Ergonomics)
[18.506s][info][gc,phases,start] GC(123) Marking Phase
[18.656s][info][gc,phases      ] GC(123) Marking Phase 149.442ms
[18.656s][info][gc,phases,start] GC(123) Summary Phase
[18.656s][info][gc,phases      ] GC(123) Summary Phase 0.022ms
[18.656s][info][gc,phases,start] GC(123) Adjust Roots
[18.656s][info][gc,phases      ] GC(123) Adjust Roots 0.214ms
[18.656s][info][gc,phases,start] GC(123) Compaction Phase
[18.716s][info][gc,phases      ] GC(123) Compaction Phase 59.704ms
[18.716s][info][gc,phases,start] GC(123) Post Compact
[18.718s][info][gc,phases      ] GC(123) Post Compact 1.773ms
[18.718s][info][gc,heap        ] GC(123) PSYoungGen: 23532K(78848K)->23532K(78848K) Eden: 22015K(22016K)->22015K(22016K) From: 1516K(56832K)->1516K(56832K)
[18.718s][info][gc,heap        ] GC(123) ParOldGen: 338663K(341504K)->338663K(341504K)
[18.718s][info][gc,metaspace   ] GC(123) Metaspace: 6302K(6528K)->6302K(6528K) NonClass: 5769K(5888K)->5769K(5888K) Class: 533K(640K)->533K(640K)
[18.718s][info][gc             ] GC(123) Pause Full (Ergonomics) 353M->353M(410M) 211.477ms
[18.718s][info][gc,cpu         ] GC(123) User=0.36s Sys=0.00s Real=0.21s
[18.718s][info][gc,start       ] GC(124) Pause Full (Ergonomics)
[18.718s][info][gc,phases,start] GC(124) Marking Phase
[18.868s][info][gc,phases      ] GC(124) Marking Phase 150.394ms
[18.868s][info][gc,phases,start] GC(124) Summary Phase
[18.868s][info][gc,phases      ] GC(124) Summary Phase 0.026ms
[18.868s][info][gc,phases,start] GC(124) Adjust Roots
[18.869s][info][gc,phases      ] GC(124) Adjust Roots 0.198ms
[18.869s][info][gc,phases,start] GC(124) Compaction Phase
[18.930s][info][gc,phases      ] GC(124) Compaction Phase 61.322ms
[18.930s][info][gc,phases,start] GC(124) Post Compact
[18.932s][info][gc,phases      ] GC(124) Post Compact 1.492ms
[18.932s][info][gc,heap        ] GC(124) PSYoungGen: 23532K(78848K)->23532K(78848K) Eden: 22015K(22016K)->22015K(22016K) From: 1516K(56832K)->1516K(56832K)
[18.932s][info][gc,heap        ] GC(124) ParOldGen: 338668K(341504K)->338668K(341504K)
[18.932s][info][gc,metaspace   ] GC(124) Metaspace: 6302K(6528K)->6302K(6528K) NonClass: 5769K(5888K)->5769K(5888K) Class: 533K(640K)->533K(640K)
[18.932s][info][gc             ] GC(124) Pause Full (Ergonomics) 353M->353M(410M) 213.764ms
[18.932s][info][gc,cpu         ] GC(124) User=0.36s Sys=0.00s Real=0.21s
[18.932s][info][gc,start       ] GC(125) Pause Full (Ergonomics)
[18.932s][info][gc,phases,start] GC(125) Marking Phase
[19.082s][info][gc,phases      ] GC(125) Marking Phase 149.663ms
[19.082s][info][gc,phases,start] GC(125) Summary Phase
[19.082s][info][gc,phases      ] GC(125) Summary Phase 0.022ms
[19.082s][info][gc,phases,start] GC(125) Adjust Roots
[19.082s][info][gc,phases      ] GC(125) Adjust Roots 0.185ms
[19.082s][info][gc,phases,start] GC(125) Compaction Phase
[19.143s][info][gc,phases      ] GC(125) Compaction Phase 61.070ms
[19.143s][info][gc,phases,start] GC(125) Post Compact
[19.145s][info][gc,phases      ] GC(125) Post Compact 1.474ms
[19.145s][info][gc,heap        ] GC(125) PSYoungGen: 23532K(78848K)->23532K(78848K) Eden: 22015K(22016K)->22015K(22016K) From: 1516K(56832K)->1516K(56832K)
[19.145s][info][gc,heap        ] GC(125) ParOldGen: 338673K(341504K)->338673K(341504K)
[19.145s][info][gc,metaspace   ] GC(125) Metaspace: 6302K(6528K)->6302K(6528K) NonClass: 5769K(5888K)->5769K(5888K) Class: 533K(640K)->533K(640K)
[19.145s][info][gc             ] GC(125) Pause Full (Ergonomics) 353M->353M(410M) 212.740ms
[19.145s][info][gc,cpu         ] GC(125) User=0.39s Sys=0.00s Real=0.21s
[19.145s][info][gc,start       ] GC(126) Pause Full (Ergonomics)
[19.145s][info][gc,phases,start] GC(126) Marking Phase
[19.295s][info][gc,phases      ] GC(126) Marking Phase 149.845ms
[19.295s][info][gc,phases,start] GC(126) Summary Phase
[19.295s][info][gc,phases      ] GC(126) Summary Phase 0.022ms
[19.295s][info][gc,phases,start] GC(126) Adjust Roots
[19.295s][info][gc,phases      ] GC(126) Adjust Roots 0.218ms
[19.295s][info][gc,phases,start] GC(126) Compaction Phase
[19.356s][info][gc,phases      ] GC(126) Compaction Phase 60.644ms
[19.356s][info][gc,phases,start] GC(126) Post Compact
[19.357s][info][gc,phases      ] GC(126) Post Compact 1.568ms
[19.358s][info][gc,heap        ] GC(126) PSYoungGen: 23532K(78848K)->23532K(78848K) Eden: 22015K(22016K)->22015K(22016K) From: 1516K(56832K)->1516K(56832K)
[19.358s][info][gc,heap        ] GC(126) ParOldGen: 338677K(341504K)->338677K(341504K)
[19.358s][info][gc,metaspace   ] GC(126) Metaspace: 6302K(6528K)->6302K(6528K) NonClass: 5769K(5888K)->5769K(5888K) Class: 533K(640K)->533K(640K)
[19.358s][info][gc             ] GC(126) Pause Full (Ergonomics) 353M->353M(410M) 212.615ms
[19.358s][info][gc,cpu         ] GC(126) User=0.36s Sys=0.00s Real=0.21s
[19.358s][info][gc,start       ] GC(127) Pause Full (Ergonomics)
[19.358s][info][gc,phases,start] GC(127) Marking Phase
[19.510s][info][gc,phases      ] GC(127) Marking Phase 151.738ms
[19.510s][info][gc,phases,start] GC(127) Summary Phase
[19.510s][info][gc,phases      ] GC(127) Summary Phase 0.022ms
[19.510s][info][gc,phases,start] GC(127) Adjust Roots
[19.510s][info][gc,phases      ] GC(127) Adjust Roots 0.201ms
[19.510s][info][gc,phases,start] GC(127) Compaction Phase
[19.570s][info][gc,phases      ] GC(127) Compaction Phase 60.453ms
[19.570s][info][gc,phases,start] GC(127) Post Compact
[19.572s][info][gc,phases      ] GC(127) Post Compact 1.484ms
[19.572s][info][gc,heap        ] GC(127) PSYoungGen: 23532K(78848K)->23532K(78848K) Eden: 22015K(22016K)->22015K(22016K) From: 1516K(56832K)->1516K(56832K)
[19.572s][info][gc,heap        ] GC(127) ParOldGen: 338682K(341504K)->338682K(341504K)
[19.572s][info][gc,metaspace   ] GC(127) Metaspace: 6302K(6528K)->6302K(6528K) NonClass: 5769K(5888K)->5769K(5888K) Class: 533K(640K)->533K(640K)
[19.572s][info][gc             ] GC(127) Pause Full (Ergonomics) 353M->353M(410M) 214.226ms
[19.572s][info][gc,cpu         ] GC(127) User=0.36s Sys=0.00s Real=0.21s
[19.572s][info][gc,start       ] GC(128) Pause Full (Ergonomics)
[19.572s][info][gc,phases,start] GC(128) Marking Phase
[19.722s][info][gc,phases      ] GC(128) Marking Phase 149.914ms
[19.722s][info][gc,phases,start] GC(128) Summary Phase
[19.722s][info][gc,phases      ] GC(128) Summary Phase 0.021ms
[19.722s][info][gc,phases,start] GC(128) Adjust Roots
[19.723s][info][gc,phases      ] GC(128) Adjust Roots 0.184ms
[19.723s][info][gc,phases,start] GC(128) Compaction Phase
[19.784s][info][gc,phases      ] GC(128) Compaction Phase 60.966ms
[19.784s][info][gc,phases,start] GC(128) Post Compact
[19.785s][info][gc,phases      ] GC(128) Post Compact 1.489ms
[19.785s][info][gc,heap        ] GC(128) PSYoungGen: 23532K(78848K)->23532K(78848K) Eden: 22015K(22016K)->22015K(22016K) From: 1516K(56832K)->1516K(56832K)
[19.785s][info][gc,heap        ] GC(128) ParOldGen: 338687K(341504K)->338687K(341504K)
[19.785s][info][gc,metaspace   ] GC(128) Metaspace: 6302K(6528K)->6302K(6528K) NonClass: 5769K(5888K)->5769K(5888K) Class: 533K(640K)->533K(640K)
[19.785s][info][gc             ] GC(128) Pause Full (Ergonomics) 353M->353M(410M) 212.895ms
[19.785s][info][gc,cpu         ] GC(128) User=0.39s Sys=0.00s Real=0.21s
[19.785s][info][gc,start       ] GC(129) Pause Full (Ergonomics)
[19.785s][info][gc,phases,start] GC(129) Marking Phase
[19.937s][info][gc,phases      ] GC(129) Marking Phase 151.168ms
[19.937s][info][gc,phases,start] GC(129) Summary Phase
[19.937s][info][gc,phases      ] GC(129) Summary Phase 0.021ms
[19.937s][info][gc,phases,start] GC(129) Adjust Roots
[19.937s][info][gc,phases      ] GC(129) Adjust Roots 0.226ms
[19.937s][info][gc,phases,start] GC(129) Compaction Phase
[19.998s][info][gc,phases      ] GC(129) Compaction Phase 61.430ms
[19.998s][info][gc,phases,start] GC(129) Post Compact
[20.000s][info][gc,phases      ] GC(129) Post Compact 1.472ms
[20.000s][info][gc,heap        ] GC(129) PSYoungGen: 23532K(78848K)->23532K(78848K) Eden: 22015K(22016K)->22015K(22016K) From: 1516K(56832K)->1516K(56832K)
[20.000s][info][gc,heap        ] GC(129) ParOldGen: 338691K(341504K)->338691K(341504K)
[20.000s][info][gc,metaspace   ] GC(129) Metaspace: 6302K(6528K)->6302K(6528K) NonClass: 5769K(5888K)->5769K(5888K) Class: 533K(640K)->533K(640K)
[20.000s][info][gc             ] GC(129) Pause Full (Ergonomics) 353M->353M(410M) 214.649ms
[20.000s][info][gc,cpu         ] GC(129) User=0.36s Sys=0.00s Real=0.21s
[20.000s][info][gc,start       ] GC(130) Pause Full (Ergonomics)
[20.000s][info][gc,phases,start] GC(130) Marking Phase
[20.151s][info][gc,phases      ] GC(130) Marking Phase 150.148ms
[20.151s][info][gc,phases,start] GC(130) Summary Phase
[20.151s][info][gc,phases      ] GC(130) Summary Phase 0.022ms
[20.151s][info][gc,phases,start] GC(130) Adjust Roots
[20.151s][info][gc,phases      ] GC(130) Adjust Roots 0.220ms
[20.151s][info][gc,phases,start] GC(130) Compaction Phase
[20.212s][info][gc,phases      ] GC(130) Compaction Phase 61.081ms
[20.212s][info][gc,phases,start] GC(130) Post Compact
[20.214s][info][gc,phases      ] GC(130) Post Compact 1.494ms
[20.214s][info][gc,heap        ] GC(130) PSYoungGen: 23532K(78848K)->23532K(78848K) Eden: 22015K(22016K)->22015K(22016K) From: 1516K(56832K)->1516K(56832K)
[20.214s][info][gc,heap        ] GC(130) ParOldGen: 338696K(341504K)->338696K(341504K)
[20.214s][info][gc,metaspace   ] GC(130) Metaspace: 6302K(6528K)->6302K(6528K) NonClass: 5769K(5888K)->5769K(5888K) Class: 533K(640K)->533K(640K)
[20.214s][info][gc             ] GC(130) Pause Full (Ergonomics) 353M->353M(410M) 213.301ms
[20.214s][info][gc,cpu         ] GC(130) User=0.36s Sys=0.00s Real=0.21s
[20.214s][info][gc,start       ] GC(131) Pause Full (Ergonomics)
[20.214s][info][gc,phases,start] GC(131) Marking Phase
[20.365s][info][gc,phases      ] GC(131) Marking Phase 151.223ms
[20.365s][info][gc,phases,start] GC(131) Summary Phase
[20.365s][info][gc,phases      ] GC(131) Summary Phase 0.021ms
[20.365s][info][gc,phases,start] GC(131) Adjust Roots
[20.365s][info][gc,phases      ] GC(131) Adjust Roots 0.204ms
[20.365s][info][gc,phases,start] GC(131) Compaction Phase
[20.425s][info][gc,phases      ] GC(131) Compaction Phase 59.286ms
[20.425s][info][gc,phases,start] GC(131) Post Compact
[20.426s][info][gc,phases      ] GC(131) Post Compact 1.478ms
[20.426s][info][gc,heap        ] GC(131) PSYoungGen: 23532K(78848K)->23532K(78848K) Eden: 22015K(22016K)->22015K(22016K) From: 1516K(56832K)->1516K(56832K)
[20.426s][info][gc,heap        ] GC(131) ParOldGen: 338701K(341504K)->338701K(341504K)
[20.426s][info][gc,metaspace   ] GC(131) Metaspace: 6302K(6528K)->6302K(6528K) NonClass: 5769K(5888K)->5769K(5888K) Class: 533K(640K)->533K(640K)
[20.426s][info][gc             ] GC(131) Pause Full (Ergonomics) 353M->353M(410M) 212.530ms
[20.426s][info][gc,cpu         ] GC(131) User=0.39s Sys=0.00s Real=0.21s
[20.427s][info][gc,start       ] GC(132) Pause Full (Ergonomics)
[20.427s][info][gc,phases,start] GC(132) Marking Phase
[20.577s][info][gc,phases      ] GC(132) Marking Phase 150.308ms
[20.577s][info][gc,phases,start] GC(132) Summary Phase
[20.577s][info][gc,phases      ] GC(132) Summary Phase 0.022ms
[20.577s][info][gc,phases,start] GC(132) Adjust Roots
[20.577s][info][gc,phases      ] GC(132) Adjust Roots 0.199ms
[20.577s][info][gc,phases,start] GC(132) Compaction Phase
[20.640s][info][gc,phases      ] GC(132) Compaction Phase 62.793ms
[20.640s][info][gc,phases,start] GC(132) Post Compact
[20.642s][info][gc,phases      ] GC(132) Post Compact 1.494ms
[20.642s][info][gc,heap        ] GC(132) PSYoungGen: 23532K(78848K)->23532K(78848K) Eden: 22015K(22016K)->22015K(22016K) From: 1516K(56832K)->1516K(56832K)
[20.642s][info][gc,heap        ] GC(132) ParOldGen: 338705K(341504K)->338705K(341504K)
[20.642s][info][gc,metaspace   ] GC(132) Metaspace: 6302K(6528K)->6302K(6528K) NonClass: 5769K(5888K)->5769K(5888K) Class: 533K(640K)->533K(640K)
[20.642s][info][gc             ] GC(132) Pause Full (Ergonomics) 353M->353M(410M) 215.173ms
[20.642s][info][gc,cpu         ] GC(132) User=0.36s Sys=0.00s Real=0.22s
[20.642s][info][gc,start       ] GC(133) Pause Full (Ergonomics)
[20.642s][info][gc,phases,start] GC(133) Marking Phase
[20.793s][info][gc,phases      ] GC(133) Marking Phase 150.994ms
[20.793s][info][gc,phases,start] GC(133) Summary Phase
[20.793s][info][gc,phases      ] GC(133) Summary Phase 0.022ms
[20.793s][info][gc,phases,start] GC(133) Adjust Roots
[20.793s][info][gc,phases      ] GC(133) Adjust Roots 0.198ms
[20.793s][info][gc,phases,start] GC(133) Compaction Phase
[20.855s][info][gc,phases      ] GC(133) Compaction Phase 61.165ms
[20.855s][info][gc,phases,start] GC(133) Post Compact
[20.856s][info][gc,phases      ] GC(133) Post Compact 1.481ms
[20.856s][info][gc,heap        ] GC(133) PSYoungGen: 23532K(78848K)->23532K(78848K) Eden: 22015K(22016K)->22015K(22016K) From: 1516K(56832K)->1516K(56832K)
[20.856s][info][gc,heap        ] GC(133) ParOldGen: 338710K(341504K)->338710K(341504K)
[20.856s][info][gc,metaspace   ] GC(133) Metaspace: 6302K(6528K)->6302K(6528K) NonClass: 5769K(5888K)->5769K(5888K) Class: 533K(640K)->533K(640K)
[20.856s][info][gc             ] GC(133) Pause Full (Ergonomics) 353M->353M(410M) 214.197ms
[20.856s][info][gc,cpu         ] GC(133) User=0.36s Sys=0.00s Real=0.21s
[20.857s][info][gc,start       ] GC(134) Pause Full (Ergonomics)
[20.857s][info][gc,phases,start] GC(134) Marking Phase
[21.006s][info][gc,phases      ] GC(134) Marking Phase 149.794ms
[21.007s][info][gc,phases,start] GC(134) Summary Phase
[21.007s][info][gc,phases      ] GC(134) Summary Phase 0.022ms
[21.007s][info][gc,phases,start] GC(134) Adjust Roots
[21.007s][info][gc,phases      ] GC(134) Adjust Roots 0.186ms
[21.007s][info][gc,phases,start] GC(134) Compaction Phase
[21.068s][info][gc,phases      ] GC(134) Compaction Phase 61.279ms
[21.068s][info][gc,phases,start] GC(134) Post Compact
[21.070s][info][gc,phases      ] GC(134) Post Compact 1.480ms
[21.070s][info][gc,heap        ] GC(134) PSYoungGen: 23532K(78848K)->23532K(78848K) Eden: 22015K(22016K)->22015K(22016K) From: 1516K(56832K)->1516K(56832K)
[21.070s][info][gc,heap        ] GC(134) ParOldGen: 338715K(341504K)->338715K(341504K)
[21.070s][info][gc,metaspace   ] GC(134) Metaspace: 6302K(6528K)->6302K(6528K) NonClass: 5769K(5888K)->5769K(5888K) Class: 533K(640K)->533K(640K)
[21.070s][info][gc             ] GC(134) Pause Full (Ergonomics) 353M->353M(410M) 213.100ms
[21.070s][info][gc,cpu         ] GC(134) User=0.36s Sys=0.00s Real=0.21s
[21.070s][info][gc,start       ] GC(135) Pause Full (Ergonomics)
[21.070s][info][gc,phases,start] GC(135) Marking Phase
[21.220s][info][gc,phases      ] GC(135) Marking Phase 149.785ms
[21.220s][info][gc,phases,start] GC(135) Summary Phase
[21.220s][info][gc,phases      ] GC(135) Summary Phase 0.022ms
[21.220s][info][gc,phases,start] GC(135) Adjust Roots
[21.220s][info][gc,phases      ] GC(135) Adjust Roots 0.197ms
[21.220s][info][gc,phases,start] GC(135) Compaction Phase
[21.281s][info][gc,phases      ] GC(135) Compaction Phase 61.293ms
[21.282s][info][gc,phases,start] GC(135) Post Compact
[21.283s][info][gc,phases      ] GC(135) Post Compact 1.482ms
[21.283s][info][gc,heap        ] GC(135) PSYoungGen: 23532K(78848K)->23532K(78848K) Eden: 22015K(22016K)->22015K(22016K) From: 1516K(56832K)->1516K(56832K)
[21.283s][info][gc,heap        ] GC(135) ParOldGen: 338719K(341504K)->338719K(341504K)
[21.283s][info][gc,metaspace   ] GC(135) Metaspace: 6302K(6528K)->6302K(6528K) NonClass: 5769K(5888K)->5769K(5888K) Class: 533K(640K)->533K(640K)
[21.283s][info][gc             ] GC(135) Pause Full (Ergonomics) 353M->353M(410M) 213.127ms
[21.283s][info][gc,cpu         ] GC(135) User=0.36s Sys=0.00s Real=0.21s
[21.283s][info][gc,start       ] GC(136) Pause Full (Ergonomics)
[21.283s][info][gc,phases,start] GC(136) Marking Phase
[21.434s][info][gc,phases      ] GC(136) Marking Phase 151.036ms
[21.435s][info][gc,phases,start] GC(136) Summary Phase
[21.435s][info][gc,phases      ] GC(136) Summary Phase 0.023ms
[21.435s][info][gc,phases,start] GC(136) Adjust Roots
[21.435s][info][gc,phases      ] GC(136) Adjust Roots 0.224ms
[21.435s][info][gc,phases,start] GC(136) Compaction Phase
[21.496s][info][gc,phases      ] GC(136) Compaction Phase 60.845ms
[21.496s][info][gc,phases,start] GC(136) Post Compact
[21.497s][info][gc,phases      ] GC(136) Post Compact 1.477ms
[21.497s][info][gc,heap        ] GC(136) PSYoungGen: 23532K(78848K)->23532K(78848K) Eden: 22015K(22016K)->22015K(22016K) From: 1516K(56832K)->1516K(56832K)
[21.497s][info][gc,heap        ] GC(136) ParOldGen: 338724K(341504K)->338724K(341504K)
[21.497s][info][gc,metaspace   ] GC(136) Metaspace: 6302K(6528K)->6302K(6528K) NonClass: 5769K(5888K)->5769K(5888K) Class: 533K(640K)->533K(640K)
[21.497s][info][gc             ] GC(136) Pause Full (Ergonomics) 353M->353M(410M) 213.936ms
[21.497s][info][gc,cpu         ] GC(136) User=0.36s Sys=0.00s Real=0.21s
[21.498s][info][gc,start       ] GC(137) Pause Full (Ergonomics)
[21.498s][info][gc,phases,start] GC(137) Marking Phase
[21.647s][info][gc,phases      ] GC(137) Marking Phase 149.582ms
[21.647s][info][gc,phases,start] GC(137) Summary Phase
[21.647s][info][gc,phases      ] GC(137) Summary Phase 0.021ms
[21.647s][info][gc,phases,start] GC(137) Adjust Roots
[21.647s][info][gc,phases      ] GC(137) Adjust Roots 0.206ms
[21.648s][info][gc,phases,start] GC(137) Compaction Phase
[21.711s][info][gc,phases      ] GC(137) Compaction Phase 63.714ms
[21.711s][info][gc,phases,start] GC(137) Post Compact
[21.713s][info][gc,phases      ] GC(137) Post Compact 1.552ms
[21.713s][info][gc,heap        ] GC(137) PSYoungGen: 23532K(78848K)->23532K(78848K) Eden: 22015K(22016K)->22015K(22016K) From: 1516K(56832K)->1516K(56832K)
[21.713s][info][gc,heap        ] GC(137) ParOldGen: 338729K(341504K)->338729K(341504K)
[21.713s][info][gc,metaspace   ] GC(137) Metaspace: 6302K(6528K)->6302K(6528K) NonClass: 5769K(5888K)->5769K(5888K) Class: 533K(640K)->533K(640K)
[21.713s][info][gc             ] GC(137) Pause Full (Ergonomics) 353M->353M(410M) 215.404ms
[21.713s][info][gc,cpu         ] GC(137) User=0.36s Sys=0.00s Real=0.22s
[21.713s][info][gc,start       ] GC(138) Pause Full (Ergonomics)
[21.713s][info][gc,phases,start] GC(138) Marking Phase
[21.863s][info][gc,phases      ] GC(138) Marking Phase 149.274ms
[21.863s][info][gc,phases,start] GC(138) Summary Phase
[21.863s][info][gc,phases      ] GC(138) Summary Phase 0.021ms
[21.863s][info][gc,phases,start] GC(138) Adjust Roots
[21.863s][info][gc,phases      ] GC(138) Adjust Roots 0.197ms
[21.863s][info][gc,phases,start] GC(138) Compaction Phase
[21.924s][info][gc,phases      ] GC(138) Compaction Phase 60.877ms
[21.924s][info][gc,phases,start] GC(138) Post Compact
[21.925s][info][gc,phases      ] GC(138) Post Compact 1.500ms
[21.925s][info][gc,heap        ] GC(138) PSYoungGen: 23532K(78848K)->23532K(78848K) Eden: 22015K(22016K)->22015K(22016K) From: 1516K(56832K)->1516K(56832K)
[21.925s][info][gc,heap        ] GC(138) ParOldGen: 338733K(341504K)->338733K(341504K)
[21.925s][info][gc,metaspace   ] GC(138) Metaspace: 6302K(6528K)->6302K(6528K) NonClass: 5769K(5888K)->5769K(5888K) Class: 533K(640K)->533K(640K)
[21.925s][info][gc             ] GC(138) Pause Full (Ergonomics) 353M->353M(410M) 212.188ms
[21.925s][info][gc,cpu         ] GC(138) User=0.41s Sys=0.00s Real=0.21s
[21.926s][info][gc,start       ] GC(139) Pause Full (Ergonomics)
[21.926s][info][gc,phases,start] GC(139) Marking Phase
[22.077s][info][gc,phases      ] GC(139) Marking Phase 151.172ms
[22.077s][info][gc,phases,start] GC(139) Summary Phase
[22.077s][info][gc,phases      ] GC(139) Summary Phase 0.055ms
[22.077s][info][gc,phases,start] GC(139) Adjust Roots
[22.077s][info][gc,phases      ] GC(139) Adjust Roots 0.241ms
[22.077s][info][gc,phases,start] GC(139) Compaction Phase
[22.139s][info][gc,phases      ] GC(139) Compaction Phase 61.574ms
[22.139s][info][gc,phases,start] GC(139) Post Compact
[22.141s][info][gc,phases      ] GC(139) Post Compact 1.491ms
[22.141s][info][gc,heap        ] GC(139) PSYoungGen: 23532K(78848K)->23532K(78848K) Eden: 22015K(22016K)->22015K(22016K) From: 1516K(56832K)->1516K(56832K)
[22.141s][info][gc,heap        ] GC(139) ParOldGen: 338738K(341504K)->338738K(341504K)
[22.141s][info][gc,metaspace   ] GC(139) Metaspace: 6302K(6528K)->6302K(6528K) NonClass: 5769K(5888K)->5769K(5888K) Class: 533K(640K)->533K(640K)
[22.141s][info][gc             ] GC(139) Pause Full (Ergonomics) 353M->353M(410M) 214.942ms
[22.141s][info][gc,cpu         ] GC(139) User=0.36s Sys=0.00s Real=0.21s
[22.141s][info][gc,start       ] GC(140) Pause Full (Ergonomics)
[22.141s][info][gc,phases,start] GC(140) Marking Phase
[22.291s][info][gc,phases      ] GC(140) Marking Phase 149.932ms
[22.291s][info][gc,phases,start] GC(140) Summary Phase
[22.291s][info][gc,phases      ] GC(140) Summary Phase 0.035ms
[22.291s][info][gc,phases,start] GC(140) Adjust Roots
[22.291s][info][gc,phases      ] GC(140) Adjust Roots 0.244ms
[22.291s][info][gc,phases,start] GC(140) Compaction Phase
[22.352s][info][gc,phases      ] GC(140) Compaction Phase 60.761ms
[22.352s][info][gc,phases,start] GC(140) Post Compact
[22.354s][info][gc,phases      ] GC(140) Post Compact 1.475ms
[22.354s][info][gc,heap        ] GC(140) PSYoungGen: 23532K(78848K)->23532K(78848K) Eden: 22015K(22016K)->22015K(22016K) From: 1516K(56832K)->1516K(56832K)
[22.354s][info][gc,heap        ] GC(140) ParOldGen: 338743K(341504K)->338743K(341504K)
[22.354s][info][gc,metaspace   ] GC(140) Metaspace: 6302K(6528K)->6302K(6528K) NonClass: 5769K(5888K)->5769K(5888K) Class: 533K(640K)->533K(640K)
[22.354s][info][gc             ] GC(140) Pause Full (Ergonomics) 353M->353M(410M) 212.841ms
[22.354s][info][gc,cpu         ] GC(140) User=0.36s Sys=0.00s Real=0.21s
[22.354s][info][gc,start       ] GC(141) Pause Full (Ergonomics)
[22.354s][info][gc,phases,start] GC(141) Marking Phase
[22.496s][info][gc,phases      ] GC(141) Marking Phase 141.586ms
[22.496s][info][gc,phases,start] GC(141) Summary Phase
[22.496s][info][gc,phases      ] GC(141) Summary Phase 0.022ms
[22.496s][info][gc,phases,start] GC(141) Adjust Roots
[22.496s][info][gc,phases      ] GC(141) Adjust Roots 0.197ms
[22.496s][info][gc,phases,start] GC(141) Compaction Phase
[22.549s][info][gc,phases      ] GC(141) Compaction Phase 53.283ms
[22.549s][info][gc,phases,start] GC(141) Post Compact
[22.551s][info][gc,phases      ] GC(141) Post Compact 1.466ms
[22.551s][info][gc,heap        ] GC(141) PSYoungGen: 23532K(78848K)->23532K(78848K) Eden: 22015K(22016K)->22015K(22016K) From: 1516K(56832K)->1516K(56832K)
[22.551s][info][gc,heap        ] GC(141) ParOldGen: 338747K(341504K)->338747K(341504K)
[22.551s][info][gc,metaspace   ] GC(141) Metaspace: 6302K(6528K)->6302K(6528K) NonClass: 5769K(5888K)->5769K(5888K) Class: 533K(640K)->533K(640K)
[22.551s][info][gc             ] GC(141) Pause Full (Ergonomics) 353M->353M(410M) 196.879ms
[22.551s][info][gc,cpu         ] GC(141) User=0.36s Sys=0.02s Real=0.20s
[22.551s][info][gc,start       ] GC(142) Pause Full (Ergonomics)
[22.551s][info][gc,phases,start] GC(142) Marking Phase
[22.702s][info][gc,phases      ] GC(142) Marking Phase 150.907ms
[22.702s][info][gc,phases,start] GC(142) Summary Phase
[22.702s][info][gc,phases      ] GC(142) Summary Phase 0.022ms
[22.702s][info][gc,phases,start] GC(142) Adjust Roots
[22.702s][info][gc,phases      ] GC(142) Adjust Roots 0.224ms
[22.702s][info][gc,phases,start] GC(142) Compaction Phase
[22.764s][info][gc,phases      ] GC(142) Compaction Phase 61.938ms
[22.764s][info][gc,phases,start] GC(142) Post Compact
[22.766s][info][gc,phases      ] GC(142) Post Compact 1.510ms
[22.766s][info][gc,heap        ] GC(142) PSYoungGen: 23532K(78848K)->23532K(78848K) Eden: 22015K(22016K)->22015K(22016K) From: 1516K(56832K)->1516K(56832K)
[22.766s][info][gc,heap        ] GC(142) ParOldGen: 338752K(341504K)->338752K(341504K)
[22.766s][info][gc,metaspace   ] GC(142) Metaspace: 6302K(6528K)->6302K(6528K) NonClass: 5769K(5888K)->5769K(5888K) Class: 533K(640K)->533K(640K)
[22.766s][info][gc             ] GC(142) Pause Full (Ergonomics) 353M->353M(410M) 214.930ms
[22.766s][info][gc,cpu         ] GC(142) User=0.39s Sys=0.00s Real=0.21s
[22.766s][info][gc,start       ] GC(143) Pause Full (Ergonomics)
[22.766s][info][gc,phases,start] GC(143) Marking Phase
[22.916s][info][gc,phases      ] GC(143) Marking Phase 149.454ms
[22.916s][info][gc,phases,start] GC(143) Summary Phase
[22.916s][info][gc,phases      ] GC(143) Summary Phase 0.022ms
[22.916s][info][gc,phases,start] GC(143) Adjust Roots
[22.916s][info][gc,phases      ] GC(143) Adjust Roots 0.214ms
[22.916s][info][gc,phases,start] GC(143) Compaction Phase
[22.977s][info][gc,phases      ] GC(143) Compaction Phase 61.235ms
[22.977s][info][gc,phases,start] GC(143) Post Compact
[22.979s][info][gc,phases      ] GC(143) Post Compact 1.489ms
[22.979s][info][gc,heap        ] GC(143) PSYoungGen: 23532K(78848K)->23532K(78848K) Eden: 22015K(22016K)->22015K(22016K) From: 1516K(56832K)->1516K(56832K)
[22.979s][info][gc,heap        ] GC(143) ParOldGen: 338757K(341504K)->338757K(341504K)
[22.979s][info][gc,metaspace   ] GC(143) Metaspace: 6302K(6528K)->6302K(6528K) NonClass: 5769K(5888K)->5769K(5888K) Class: 533K(640K)->533K(640K)
[22.979s][info][gc             ] GC(143) Pause Full (Ergonomics) 353M->353M(410M) 212.735ms
[22.979s][info][gc,cpu         ] GC(143) User=0.36s Sys=0.00s Real=0.21s
[22.979s][info][gc,start       ] GC(144) Pause Full (Ergonomics)
[22.979s][info][gc,phases,start] GC(144) Marking Phase
[23.130s][info][gc,phases      ] GC(144) Marking Phase 150.176ms
[23.130s][info][gc,phases,start] GC(144) Summary Phase
[23.130s][info][gc,phases      ] GC(144) Summary Phase 0.023ms
[23.130s][info][gc,phases,start] GC(144) Adjust Roots
[23.130s][info][gc,phases      ] GC(144) Adjust Roots 0.252ms
[23.130s][info][gc,phases,start] GC(144) Compaction Phase
[23.192s][info][gc,phases      ] GC(144) Compaction Phase 61.634ms
[23.192s][info][gc,phases,start] GC(144) Post Compact
[23.193s][info][gc,phases      ] GC(144) Post Compact 1.463ms
[23.193s][info][gc,heap        ] GC(144) PSYoungGen: 23532K(78848K)->23532K(78848K) Eden: 22015K(22016K)->22015K(22016K) From: 1516K(56832K)->1516K(56832K)
[23.193s][info][gc,heap        ] GC(144) ParOldGen: 338761K(341504K)->338761K(341504K)
[23.193s][info][gc,metaspace   ] GC(144) Metaspace: 6302K(6528K)->6302K(6528K) NonClass: 5769K(5888K)->5769K(5888K) Class: 533K(640K)->533K(640K)
[23.193s][info][gc             ] GC(144) Pause Full (Ergonomics) 353M->353M(410M) 213.944ms
[23.193s][info][gc,cpu         ] GC(144) User=0.41s Sys=0.00s Real=0.21s
[23.194s][info][gc,start       ] GC(145) Pause Full (Ergonomics)
[23.194s][info][gc,phases,start] GC(145) Marking Phase
[23.344s][info][gc,phases      ] GC(145) Marking Phase 150.284ms
[23.344s][info][gc,phases,start] GC(145) Summary Phase
[23.344s][info][gc,phases      ] GC(145) Summary Phase 0.029ms
[23.344s][info][gc,phases,start] GC(145) Adjust Roots
[23.344s][info][gc,phases      ] GC(145) Adjust Roots 0.227ms
[23.344s][info][gc,phases,start] GC(145) Compaction Phase
[23.406s][info][gc,phases      ] GC(145) Compaction Phase 61.473ms
[23.406s][info][gc,phases,start] GC(145) Post Compact
[23.407s][info][gc,phases      ] GC(145) Post Compact 1.529ms
[23.407s][info][gc,heap        ] GC(145) PSYoungGen: 23532K(78848K)->23532K(78848K) Eden: 22015K(22016K)->22015K(22016K) From: 1516K(56832K)->1516K(56832K)
[23.407s][info][gc,heap        ] GC(145) ParOldGen: 338766K(341504K)->338766K(341504K)
[23.407s][info][gc,metaspace   ] GC(145) Metaspace: 6302K(6528K)->6302K(6528K) NonClass: 5769K(5888K)->5769K(5888K) Class: 533K(640K)->533K(640K)
[23.408s][info][gc             ] GC(145) Pause Full (Ergonomics) 353M->353M(410M) 213.892ms
[23.408s][info][gc,cpu         ] GC(145) User=0.38s Sys=0.00s Real=0.21s
[23.408s][info][gc,start       ] GC(146) Pause Full (Ergonomics)
[23.408s][info][gc,phases,start] GC(146) Marking Phase
[23.557s][info][gc,phases      ] GC(146) Marking Phase 149.633ms
[23.557s][info][gc,phases,start] GC(146) Summary Phase
[23.557s][info][gc,phases      ] GC(146) Summary Phase 0.022ms
[23.557s][info][gc,phases,start] GC(146) Adjust Roots
[23.558s][info][gc,phases      ] GC(146) Adjust Roots 0.220ms
[23.558s][info][gc,phases,start] GC(146) Compaction Phase
[23.619s][info][gc,phases      ] GC(146) Compaction Phase 61.620ms
[23.619s][info][gc,phases,start] GC(146) Post Compact
[23.621s][info][gc,phases      ] GC(146) Post Compact 1.465ms
[23.621s][info][gc,heap        ] GC(146) PSYoungGen: 23532K(78848K)->23532K(78848K) Eden: 22015K(22016K)->22015K(22016K) From: 1516K(56832K)->1516K(56832K)
[23.621s][info][gc,heap        ] GC(146) ParOldGen: 338771K(341504K)->338771K(341504K)
[23.621s][info][gc,metaspace   ] GC(146) Metaspace: 6302K(6528K)->6302K(6528K) NonClass: 5769K(5888K)->5769K(5888K) Class: 533K(640K)->533K(640K)
[23.621s][info][gc             ] GC(146) Pause Full (Ergonomics) 353M->353M(410M) 213.334ms
[23.621s][info][gc,cpu         ] GC(146) User=0.38s Sys=0.00s Real=0.21s
[23.621s][info][gc,start       ] GC(147) Pause Full (Ergonomics)
[23.621s][info][gc,phases,start] GC(147) Marking Phase
[23.762s][info][gc,phases      ] GC(147) Marking Phase 140.805ms
[23.762s][info][gc,phases,start] GC(147) Summary Phase
[23.762s][info][gc,phases      ] GC(147) Summary Phase 0.055ms
[23.762s][info][gc,phases,start] GC(147) Adjust Roots
[23.762s][info][gc,phases      ] GC(147) Adjust Roots 0.197ms
[23.762s][info][gc,phases,start] GC(147) Compaction Phase
[23.816s][info][gc,phases      ] GC(147) Compaction Phase 53.707ms
[23.816s][info][gc,phases,start] GC(147) Post Compact
[23.818s][info][gc,phases      ] GC(147) Post Compact 1.500ms
[23.818s][info][gc,heap        ] GC(147) PSYoungGen: 23532K(78848K)->23532K(78848K) Eden: 22015K(22016K)->22015K(22016K) From: 1516K(56832K)->1516K(56832K)
[23.818s][info][gc,heap        ] GC(147) ParOldGen: 338775K(341504K)->338775K(341504K)
[23.818s][info][gc,metaspace   ] GC(147) Metaspace: 6302K(6528K)->6302K(6528K) NonClass: 5769K(5888K)->5769K(5888K) Class: 533K(640K)->533K(640K)
[23.818s][info][gc             ] GC(147) Pause Full (Ergonomics) 353M->353M(410M) 196.600ms
[23.818s][info][gc,cpu         ] GC(147) User=0.38s Sys=0.00s Real=0.20s
[23.818s][info][gc,start       ] GC(148) Pause Full (Ergonomics)
[23.818s][info][gc,phases,start] GC(148) Marking Phase
[23.968s][info][gc,phases      ] GC(148) Marking Phase 149.780ms
[23.968s][info][gc,phases,start] GC(148) Summary Phase
[23.968s][info][gc,phases      ] GC(148) Summary Phase 0.022ms
[23.968s][info][gc,phases,start] GC(148) Adjust Roots
[23.968s][info][gc,phases      ] GC(148) Adjust Roots 0.263ms
[23.968s][info][gc,phases,start] GC(148) Compaction Phase
[24.031s][info][gc,phases      ] GC(148) Compaction Phase 62.185ms
[24.031s][info][gc,phases,start] GC(148) Post Compact
[24.032s][info][gc,phases      ] GC(148) Post Compact 1.467ms
[24.032s][info][gc,heap        ] GC(148) PSYoungGen: 23532K(78848K)->23532K(78848K) Eden: 22015K(22016K)->22015K(22016K) From: 1516K(56832K)->1516K(56832K)
[24.032s][info][gc,heap        ] GC(148) ParOldGen: 338780K(341504K)->338780K(341504K)
[24.032s][info][gc,metaspace   ] GC(148) Metaspace: 6302K(6528K)->6302K(6528K) NonClass: 5769K(5888K)->5769K(5888K) Class: 533K(640K)->533K(640K)
[24.032s][info][gc             ] GC(148) Pause Full (Ergonomics) 353M->353M(410M) 214.071ms
[24.032s][info][gc,cpu         ] GC(148) User=0.38s Sys=0.00s Real=0.21s
[24.033s][info][gc,start       ] GC(149) Pause Full (Ergonomics)
[24.033s][info][gc,phases,start] GC(149) Marking Phase
[24.182s][info][gc,phases      ] GC(149) Marking Phase 149.898ms
[24.182s][info][gc,phases,start] GC(149) Summary Phase
[24.183s][info][gc,phases      ] GC(149) Summary Phase 0.022ms
[24.183s][info][gc,phases,start] GC(149) Adjust Roots
[24.183s][info][gc,phases      ] GC(149) Adjust Roots 0.206ms
[24.183s][info][gc,phases,start] GC(149) Compaction Phase
[24.244s][info][gc,phases      ] GC(149) Compaction Phase 61.419ms
[24.244s][info][gc,phases,start] GC(149) Post Compact
[24.246s][info][gc,phases      ] GC(149) Post Compact 1.473ms
[24.246s][info][gc,heap        ] GC(149) PSYoungGen: 23532K(78848K)->23532K(78848K) Eden: 22015K(22016K)->22015K(22016K) From: 1516K(56832K)->1516K(56832K)
[24.246s][info][gc,heap        ] GC(149) ParOldGen: 338785K(341504K)->338785K(341504K)
[24.246s][info][gc,metaspace   ] GC(149) Metaspace: 6302K(6528K)->6302K(6528K) NonClass: 5769K(5888K)->5769K(5888K) Class: 533K(640K)->533K(640K)
[24.246s][info][gc             ] GC(149) Pause Full (Ergonomics) 353M->353M(410M) 213.344ms
[24.246s][info][gc,cpu         ] GC(149) User=0.38s Sys=0.00s Real=0.21s
[24.246s][info][gc,start       ] GC(150) Pause Full (Ergonomics)
[24.246s][info][gc,phases,start] GC(150) Marking Phase
[24.396s][info][gc,phases      ] GC(150) Marking Phase 149.950ms
[24.396s][info][gc,phases,start] GC(150) Summary Phase
[24.396s][info][gc,phases      ] GC(150) Summary Phase 0.022ms
[24.396s][info][gc,phases,start] GC(150) Adjust Roots
[24.396s][info][gc,phases      ] GC(150) Adjust Roots 0.217ms
[24.396s][info][gc,phases,start] GC(150) Compaction Phase
[24.458s][info][gc,phases      ] GC(150) Compaction Phase 61.304ms
[24.458s][info][gc,phases,start] GC(150) Post Compact
[24.459s][info][gc,phases      ] GC(150) Post Compact 1.488ms
[24.459s][info][gc,heap        ] GC(150) PSYoungGen: 23532K(78848K)->23532K(78848K) Eden: 22015K(22016K)->22015K(22016K) From: 1516K(56832K)->1516K(56832K)
[24.459s][info][gc,heap        ] GC(150) ParOldGen: 338789K(341504K)->338789K(341504K)
[24.459s][info][gc,metaspace   ] GC(150) Metaspace: 6302K(6528K)->6302K(6528K) NonClass: 5769K(5888K)->5769K(5888K) Class: 533K(640K)->533K(640K)
[24.459s][info][gc             ] GC(150) Pause Full (Ergonomics) 353M->353M(410M) 213.328ms
[24.459s][info][gc,cpu         ] GC(150) User=0.38s Sys=0.00s Real=0.21s
[24.460s][info][gc,start       ] GC(151) Pause Full (Ergonomics)
[24.460s][info][gc,phases,start] GC(151) Marking Phase
[24.609s][info][gc,phases      ] GC(151) Marking Phase 149.635ms
[24.609s][info][gc,phases,start] GC(151) Summary Phase
[24.609s][info][gc,phases      ] GC(151) Summary Phase 0.022ms
[24.609s][info][gc,phases,start] GC(151) Adjust Roots
[24.610s][info][gc,phases      ] GC(151) Adjust Roots 0.206ms
[24.610s][info][gc,phases,start] GC(151) Compaction Phase
[24.671s][info][gc,phases      ] GC(151) Compaction Phase 60.879ms
[24.671s][info][gc,phases,start] GC(151) Post Compact
[24.672s][info][gc,phases      ] GC(151) Post Compact 1.473ms
[24.672s][info][gc,heap        ] GC(151) PSYoungGen: 23532K(78848K)->23532K(78848K) Eden: 22015K(22016K)->22015K(22016K) From: 1516K(56832K)->1516K(56832K)
[24.672s][info][gc,heap        ] GC(151) ParOldGen: 338794K(341504K)->338794K(341504K)
[24.672s][info][gc,metaspace   ] GC(151) Metaspace: 6302K(6528K)->6302K(6528K) NonClass: 5769K(5888K)->5769K(5888K) Class: 533K(640K)->533K(640K)
[24.672s][info][gc             ] GC(151) Pause Full (Ergonomics) 353M->353M(410M) 212.538ms
[24.672s][info][gc,cpu         ] GC(151) User=0.38s Sys=0.00s Real=0.21s
[24.673s][info][gc,start       ] GC(152) Pause Full (Ergonomics)
[24.673s][info][gc,phases,start] GC(152) Marking Phase
[24.822s][info][gc,phases      ] GC(152) Marking Phase 149.836ms
[24.822s][info][gc,phases,start] GC(152) Summary Phase
[24.822s][info][gc,phases      ] GC(152) Summary Phase 0.028ms
[24.822s][info][gc,phases,start] GC(152) Adjust Roots
[24.823s][info][gc,phases      ] GC(152) Adjust Roots 0.193ms
[24.823s][info][gc,phases,start] GC(152) Compaction Phase
[24.884s][info][gc,phases      ] GC(152) Compaction Phase 61.671ms
[24.884s][info][gc,phases,start] GC(152) Post Compact
[24.886s][info][gc,phases      ] GC(152) Post Compact 1.508ms
[24.886s][info][gc,heap        ] GC(152) PSYoungGen: 23532K(78848K)->23532K(78848K) Eden: 22015K(22016K)->22015K(22016K) From: 1516K(56832K)->1516K(56832K)
[24.886s][info][gc,heap        ] GC(152) ParOldGen: 338799K(341504K)->338799K(341504K)
[24.886s][info][gc,metaspace   ] GC(152) Metaspace: 6302K(6528K)->6302K(6528K) NonClass: 5769K(5888K)->5769K(5888K) Class: 533K(640K)->533K(640K)
[24.886s][info][gc             ] GC(152) Pause Full (Ergonomics) 353M->353M(410M) 213.564ms
[24.886s][info][gc,cpu         ] GC(152) User=0.38s Sys=0.00s Real=0.21s
[24.886s][info][gc,start       ] GC(153) Pause Full (Ergonomics)
[24.886s][info][gc,phases,start] GC(153) Marking Phase
[25.037s][info][gc,phases      ] GC(153) Marking Phase 150.785ms
[25.037s][info][gc,phases,start] GC(153) Summary Phase
[25.037s][info][gc,phases      ] GC(153) Summary Phase 0.022ms
[25.037s][info][gc,phases,start] GC(153) Adjust Roots
[25.037s][info][gc,phases      ] GC(153) Adjust Roots 0.203ms
[25.037s][info][gc,phases,start] GC(153) Compaction Phase
[25.098s][info][gc,phases      ] GC(153) Compaction Phase 60.912ms
[25.098s][info][gc,phases,start] GC(153) Post Compact
[25.100s][info][gc,phases      ] GC(153) Post Compact 1.486ms
[25.100s][info][gc,heap        ] GC(153) PSYoungGen: 23532K(78848K)->23532K(78848K) Eden: 22015K(22016K)->22015K(22016K) From: 1516K(56832K)->1516K(56832K)
[25.100s][info][gc,heap        ] GC(153) ParOldGen: 338803K(341504K)->338803K(341504K)
[25.100s][info][gc,metaspace   ] GC(153) Metaspace: 6302K(6528K)->6302K(6528K) NonClass: 5769K(5888K)->5769K(5888K) Class: 533K(640K)->533K(640K)
[25.100s][info][gc             ] GC(153) Pause Full (Ergonomics) 353M->353M(410M) 213.747ms
[25.100s][info][gc,cpu         ] GC(153) User=0.41s Sys=0.00s Real=0.21s
[25.100s][info][gc,start       ] GC(154) Pause Full (Ergonomics)
[25.100s][info][gc,phases,start] GC(154) Marking Phase
[25.250s][info][gc,phases      ] GC(154) Marking Phase 150.006ms
[25.250s][info][gc,phases,start] GC(154) Summary Phase
[25.250s][info][gc,phases      ] GC(154) Summary Phase 0.022ms
[25.250s][info][gc,phases,start] GC(154) Adjust Roots
[25.251s][info][gc,phases      ] GC(154) Adjust Roots 0.265ms
[25.251s][info][gc,phases,start] GC(154) Compaction Phase
[25.312s][info][gc,phases      ] GC(154) Compaction Phase 60.906ms
[25.312s][info][gc,phases,start] GC(154) Post Compact
[25.313s][info][gc,phases      ] GC(154) Post Compact 1.546ms
[25.313s][info][gc,heap        ] GC(154) PSYoungGen: 23532K(78848K)->23532K(78848K) Eden: 22015K(22016K)->22015K(22016K) From: 1516K(56832K)->1516K(56832K)
[25.313s][info][gc,heap        ] GC(154) ParOldGen: 338808K(341504K)->338808K(341504K)
[25.313s][info][gc,metaspace   ] GC(154) Metaspace: 6302K(6528K)->6302K(6528K) NonClass: 5769K(5888K)->5769K(5888K) Class: 533K(640K)->533K(640K)
[25.313s][info][gc             ] GC(154) Pause Full (Ergonomics) 353M->353M(410M) 213.058ms
[25.313s][info][gc,cpu         ] GC(154) User=0.39s Sys=0.00s Real=0.21s
[25.314s][info][gc,start       ] GC(155) Pause Full (Ergonomics)
[25.314s][info][gc,phases,start] GC(155) Marking Phase
[25.465s][info][gc,phases      ] GC(155) Marking Phase 151.237ms
[25.465s][info][gc,phases,start] GC(155) Summary Phase
[25.465s][info][gc,phases      ] GC(155) Summary Phase 0.022ms
[25.465s][info][gc,phases,start] GC(155) Adjust Roots
[25.465s][info][gc,phases      ] GC(155) Adjust Roots 0.204ms
[25.465s][info][gc,phases,start] GC(155) Compaction Phase
[25.527s][info][gc,phases      ] GC(155) Compaction Phase 61.523ms
[25.527s][info][gc,phases,start] GC(155) Post Compact
[25.528s][info][gc,phases      ] GC(155) Post Compact 1.475ms
[25.528s][info][gc,heap        ] GC(155) PSYoungGen: 23532K(78848K)->23532K(78848K) Eden: 22015K(22016K)->22015K(22016K) From: 1516K(56832K)->1516K(56832K)
[25.528s][info][gc,heap        ] GC(155) ParOldGen: 338813K(341504K)->338813K(341504K)
[25.528s][info][gc,metaspace   ] GC(155) Metaspace: 6302K(6528K)->6302K(6528K) NonClass: 5769K(5888K)->5769K(5888K) Class: 533K(640K)->533K(640K)
[25.528s][info][gc             ] GC(155) Pause Full (Ergonomics) 353M->353M(410M) 214.804ms
[25.528s][info][gc,cpu         ] GC(155) User=0.39s Sys=0.00s Real=0.22s
[25.529s][info][gc,start       ] GC(156) Pause Full (Ergonomics)
[25.529s][info][gc,phases,start] GC(156) Marking Phase
[25.680s][info][gc,phases      ] GC(156) Marking Phase 150.858ms
[25.680s][info][gc,phases,start] GC(156) Summary Phase
[25.680s][info][gc,phases      ] GC(156) Summary Phase 0.022ms
[25.680s][info][gc,phases,start] GC(156) Adjust Roots
[25.680s][info][gc,phases      ] GC(156) Adjust Roots 0.202ms
[25.680s][info][gc,phases,start] GC(156) Compaction Phase
[25.741s][info][gc,phases      ] GC(156) Compaction Phase 61.403ms
[25.741s][info][gc,phases,start] GC(156) Post Compact
[25.743s][info][gc,phases      ] GC(156) Post Compact 1.470ms
[25.743s][info][gc,heap        ] GC(156) PSYoungGen: 23532K(78848K)->23532K(78848K) Eden: 22015K(22016K)->22015K(22016K) From: 1516K(56832K)->1516K(56832K)
[25.743s][info][gc,heap        ] GC(156) ParOldGen: 338817K(341504K)->338817K(341504K)
[25.743s][info][gc,metaspace   ] GC(156) Metaspace: 6302K(6528K)->6302K(6528K) NonClass: 5769K(5888K)->5769K(5888K) Class: 533K(640K)->533K(640K)
[25.743s][info][gc             ] GC(156) Pause Full (Ergonomics) 353M->353M(410M) 214.276ms
[25.743s][info][gc,cpu         ] GC(156) User=0.38s Sys=0.00s Real=0.21s
[25.743s][info][gc,start       ] GC(157) Pause Full (Ergonomics)
[25.743s][info][gc,phases,start] GC(157) Marking Phase
[25.894s][info][gc,phases      ] GC(157) Marking Phase 150.816ms
[25.894s][info][gc,phases,start] GC(157) Summary Phase
[25.894s][info][gc,phases      ] GC(157) Summary Phase 0.022ms
[25.894s][info][gc,phases,start] GC(157) Adjust Roots
[25.894s][info][gc,phases      ] GC(157) Adjust Roots 0.221ms
[25.894s][info][gc,phases,start] GC(157) Compaction Phase
[25.956s][info][gc,phases      ] GC(157) Compaction Phase 61.385ms
[25.956s][info][gc,phases,start] GC(157) Post Compact
[25.957s][info][gc,phases      ] GC(157) Post Compact 1.541ms
[25.958s][info][gc,heap        ] GC(157) PSYoungGen: 23532K(78848K)->23532K(78848K) Eden: 22015K(22016K)->22015K(22016K) From: 1516K(56832K)->1516K(56832K)
[25.958s][info][gc,heap        ] GC(157) ParOldGen: 338822K(341504K)->338822K(341504K)
[25.958s][info][gc,metaspace   ] GC(157) Metaspace: 6302K(6528K)->6302K(6528K) NonClass: 5769K(5888K)->5769K(5888K) Class: 533K(640K)->533K(640K)
[25.958s][info][gc             ] GC(157) Pause Full (Ergonomics) 353M->353M(410M) 214.327ms
[25.958s][info][gc,cpu         ] GC(157) User=0.42s Sys=0.00s Real=0.21s
[25.958s][info][gc,start       ] GC(158) Pause Full (Ergonomics)
[25.958s][info][gc,phases,start] GC(158) Marking Phase
[26.108s][info][gc,phases      ] GC(158) Marking Phase 149.951ms
[26.108s][info][gc,phases,start] GC(158) Summary Phase
[26.108s][info][gc,phases      ] GC(158) Summary Phase 0.024ms
[26.108s][info][gc,phases,start] GC(158) Adjust Roots
[26.108s][info][gc,phases      ] GC(158) Adjust Roots 0.184ms
[26.108s][info][gc,phases,start] GC(158) Compaction Phase
[26.169s][info][gc,phases      ] GC(158) Compaction Phase 61.050ms
[26.169s][info][gc,phases,start] GC(158) Post Compact
[26.171s][info][gc,phases      ] GC(158) Post Compact 1.478ms
[26.171s][info][gc,heap        ] GC(158) PSYoungGen: 23532K(78848K)->23532K(78848K) Eden: 22015K(22016K)->22015K(22016K) From: 1516K(56832K)->1516K(56832K)
[26.171s][info][gc,heap        ] GC(158) ParOldGen: 338827K(341504K)->338827K(341504K)
[26.171s][info][gc,metaspace   ] GC(158) Metaspace: 6302K(6528K)->6302K(6528K) NonClass: 5769K(5888K)->5769K(5888K) Class: 533K(640K)->533K(640K)
[26.171s][info][gc             ] GC(158) Pause Full (Ergonomics) 353M->353M(410M) 213.044ms
[26.171s][info][gc,cpu         ] GC(158) User=0.38s Sys=0.00s Real=0.21s
[26.171s][info][gc,start       ] GC(159) Pause Full (Ergonomics)
[26.171s][info][gc,phases,start] GC(159) Marking Phase
[26.321s][info][gc,phases      ] GC(159) Marking Phase 149.536ms
[26.321s][info][gc,phases,start] GC(159) Summary Phase
[26.321s][info][gc,phases      ] GC(159) Summary Phase 0.022ms
[26.321s][info][gc,phases,start] GC(159) Adjust Roots
[26.321s][info][gc,phases      ] GC(159) Adjust Roots 0.210ms
[26.321s][info][gc,phases,start] GC(159) Compaction Phase
[26.382s][info][gc,phases      ] GC(159) Compaction Phase 60.661ms
[26.382s][info][gc,phases,start] GC(159) Post Compact
[26.383s][info][gc,phases      ] GC(159) Post Compact 1.482ms
[26.383s][info][gc,heap        ] GC(159) PSYoungGen: 23532K(78848K)->23532K(78848K) Eden: 22015K(22016K)->22015K(22016K) From: 1516K(56832K)->1516K(56832K)
[26.383s][info][gc,heap        ] GC(159) ParOldGen: 338831K(341504K)->338831K(341504K)
[26.383s][info][gc,metaspace   ] GC(159) Metaspace: 6302K(6528K)->6302K(6528K) NonClass: 5769K(5888K)->5769K(5888K) Class: 533K(640K)->533K(640K)
[26.383s][info][gc             ] GC(159) Pause Full (Ergonomics) 353M->353M(410M) 212.225ms
[26.383s][info][gc,cpu         ] GC(159) User=0.38s Sys=0.00s Real=0.21s
[26.384s][info][gc,start       ] GC(160) Pause Full (Ergonomics)
[26.384s][info][gc,phases,start] GC(160) Marking Phase
[26.533s][info][gc,phases      ] GC(160) Marking Phase 148.832ms
[26.533s][info][gc,phases,start] GC(160) Summary Phase
[26.533s][info][gc,phases      ] GC(160) Summary Phase 0.022ms
[26.533s][info][gc,phases,start] GC(160) Adjust Roots
[26.533s][info][gc,phases      ] GC(160) Adjust Roots 0.226ms
[26.533s][info][gc,phases,start] GC(160) Compaction Phase
[26.595s][info][gc,phases      ] GC(160) Compaction Phase 61.844ms
[26.595s][info][gc,phases,start] GC(160) Post Compact
[26.596s][info][gc,phases      ] GC(160) Post Compact 1.474ms
[26.596s][info][gc,heap        ] GC(160) PSYoungGen: 23532K(78848K)->23532K(78848K) Eden: 22015K(22016K)->22015K(22016K) From: 1516K(56832K)->1516K(56832K)
[26.596s][info][gc,heap        ] GC(160) ParOldGen: 338836K(341504K)->338836K(341504K)
[26.596s][info][gc,metaspace   ] GC(160) Metaspace: 6302K(6528K)->6302K(6528K) NonClass: 5769K(5888K)->5769K(5888K) Class: 533K(640K)->533K(640K)
[26.596s][info][gc             ] GC(160) Pause Full (Ergonomics) 353M->353M(410M) 212.757ms
[26.596s][info][gc,cpu         ] GC(160) User=0.41s Sys=0.00s Real=0.21s
[26.597s][info][gc,start       ] GC(161) Pause Full (Ergonomics)
[26.597s][info][gc,phases,start] GC(161) Marking Phase
[26.747s][info][gc,phases      ] GC(161) Marking Phase 150.214ms
[26.747s][info][gc,phases,start] GC(161) Summary Phase
[26.747s][info][gc,phases      ] GC(161) Summary Phase 0.022ms
[26.747s][info][gc,phases,start] GC(161) Adjust Roots
[26.747s][info][gc,phases      ] GC(161) Adjust Roots 0.203ms
[26.747s][info][gc,phases,start] GC(161) Compaction Phase
[26.808s][info][gc,phases      ] GC(161) Compaction Phase 61.145ms
[26.808s][info][gc,phases,start] GC(161) Post Compact
[26.810s][info][gc,phases      ] GC(161) Post Compact 1.491ms
[26.810s][info][gc,heap        ] GC(161) PSYoungGen: 23532K(78848K)->23532K(78848K) Eden: 22015K(22016K)->22015K(22016K) From: 1516K(56832K)->1516K(56832K)
[26.810s][info][gc,heap        ] GC(161) ParOldGen: 338841K(341504K)->338841K(341504K)
[26.810s][info][gc,metaspace   ] GC(161) Metaspace: 6302K(6528K)->6302K(6528K) NonClass: 5769K(5888K)->5769K(5888K) Class: 533K(640K)->533K(640K)
[26.810s][info][gc             ] GC(161) Pause Full (Ergonomics) 353M->353M(410M) 213.421ms
[26.810s][info][gc,cpu         ] GC(161) User=0.38s Sys=0.00s Real=0.21s
[26.810s][info][gc,start       ] GC(162) Pause Full (Ergonomics)
[26.810s][info][gc,phases,start] GC(162) Marking Phase
[26.961s][info][gc,phases      ] GC(162) Marking Phase 150.912ms
[26.961s][info][gc,phases,start] GC(162) Summary Phase
[26.961s][info][gc,phases      ] GC(162) Summary Phase 0.053ms
[26.961s][info][gc,phases,start] GC(162) Adjust Roots
[26.962s][info][gc,phases      ] GC(162) Adjust Roots 0.235ms
[26.962s][info][gc,phases,start] GC(162) Compaction Phase
[27.023s][info][gc,phases      ] GC(162) Compaction Phase 61.743ms
[27.023s][info][gc,phases,start] GC(162) Post Compact
[27.025s][info][gc,phases      ] GC(162) Post Compact 1.472ms
[27.025s][info][gc,heap        ] GC(162) PSYoungGen: 23532K(78848K)->23532K(78848K) Eden: 22015K(22016K)->22015K(22016K) From: 1516K(56832K)->1516K(56832K)
[27.025s][info][gc,heap        ] GC(162) ParOldGen: 338845K(341504K)->338845K(341504K)
[27.025s][info][gc,metaspace   ] GC(162) Metaspace: 6302K(6528K)->6302K(6528K) NonClass: 5769K(5888K)->5769K(5888K) Class: 533K(640K)->533K(640K)
[27.025s][info][gc             ] GC(162) Pause Full (Ergonomics) 353M->353M(410M) 214.737ms
[27.025s][info][gc,cpu         ] GC(162) User=0.36s Sys=0.00s Real=0.22s
[27.025s][info][gc,start       ] GC(163) Pause Full (Ergonomics)
[27.025s][info][gc,phases,start] GC(163) Marking Phase
[27.177s][info][gc,phases      ] GC(163) Marking Phase 151.457ms
[27.177s][info][gc,phases,start] GC(163) Summary Phase
[27.177s][info][gc,phases      ] GC(163) Summary Phase 0.034ms
[27.177s][info][gc,phases,start] GC(163) Adjust Roots
[27.177s][info][gc,phases      ] GC(163) Adjust Roots 0.287ms
[27.177s][info][gc,phases,start] GC(163) Compaction Phase
[27.239s][info][gc,phases      ] GC(163) Compaction Phase 61.557ms
[27.239s][info][gc,phases,start] GC(163) Post Compact
[27.240s][info][gc,phases      ] GC(163) Post Compact 1.475ms
[27.241s][info][gc,heap        ] GC(163) PSYoungGen: 23532K(78848K)->23532K(78848K) Eden: 22015K(22016K)->22015K(22016K) From: 1516K(56832K)->1516K(56832K)
[27.241s][info][gc,heap        ] GC(163) ParOldGen: 338850K(341504K)->338850K(341504K)
[27.241s][info][gc,metaspace   ] GC(163) Metaspace: 6302K(6528K)->6302K(6528K) NonClass: 5769K(5888K)->5769K(5888K) Class: 533K(640K)->533K(640K)
[27.241s][info][gc             ] GC(163) Pause Full (Ergonomics) 353M->353M(410M) 215.226ms
[27.241s][info][gc,cpu         ] GC(163) User=0.39s Sys=0.00s Real=0.22s
[27.241s][info][gc,start       ] GC(164) Pause Full (Ergonomics)
[27.241s][info][gc,phases,start] GC(164) Marking Phase
[27.392s][info][gc,phases      ] GC(164) Marking Phase 151.501ms
[27.392s][info][gc,phases,start] GC(164) Summary Phase
[27.393s][info][gc,phases      ] GC(164) Summary Phase 0.055ms
[27.393s][info][gc,phases,start] GC(164) Adjust Roots
[27.393s][info][gc,phases      ] GC(164) Adjust Roots 0.244ms
[27.393s][info][gc,phases,start] GC(164) Compaction Phase
[27.453s][info][gc,phases      ] GC(164) Compaction Phase 60.110ms
[27.453s][info][gc,phases,start] GC(164) Post Compact
[27.454s][info][gc,phases      ] GC(164) Post Compact 1.473ms
[27.455s][info][gc,heap        ] GC(164) PSYoungGen: 23532K(78848K)->23532K(78848K) Eden: 22015K(22016K)->22015K(22016K) From: 1516K(56832K)->1516K(56832K)
[27.455s][info][gc,heap        ] GC(164) ParOldGen: 338855K(341504K)->338855K(341504K)
[27.455s][info][gc,metaspace   ] GC(164) Metaspace: 6302K(6528K)->6302K(6528K) NonClass: 5769K(5888K)->5769K(5888K) Class: 533K(640K)->533K(640K)
[27.455s][info][gc             ] GC(164) Pause Full (Ergonomics) 353M->353M(410M) 213.772ms
[27.455s][info][gc,cpu         ] GC(164) User=0.36s Sys=0.00s Real=0.21s
[27.455s][info][gc,start       ] GC(165) Pause Full (Ergonomics)
[27.455s][info][gc,phases,start] GC(165) Marking Phase
[27.606s][info][gc,phases      ] GC(165) Marking Phase 150.845ms
[27.606s][info][gc,phases,start] GC(165) Summary Phase
[27.606s][info][gc,phases      ] GC(165) Summary Phase 0.035ms
[27.606s][info][gc,phases,start] GC(165) Adjust Roots
[27.606s][info][gc,phases      ] GC(165) Adjust Roots 0.253ms
[27.606s][info][gc,phases,start] GC(165) Compaction Phase
[27.669s][info][gc,phases      ] GC(165) Compaction Phase 62.657ms
[27.669s][info][gc,phases,start] GC(165) Post Compact
[27.671s][info][gc,phases      ] GC(165) Post Compact 1.478ms
[27.671s][info][gc,heap        ] GC(165) PSYoungGen: 23532K(78848K)->23532K(78848K) Eden: 22015K(22016K)->22015K(22016K) From: 1516K(56832K)->1516K(56832K)
[27.671s][info][gc,heap        ] GC(165) ParOldGen: 338859K(341504K)->338859K(341504K)
[27.671s][info][gc,metaspace   ] GC(165) Metaspace: 6302K(6528K)->6302K(6528K) NonClass: 5769K(5888K)->5769K(5888K) Class: 533K(640K)->533K(640K)
[27.671s][info][gc             ] GC(165) Pause Full (Ergonomics) 353M->353M(410M) 215.697ms
[27.671s][info][gc,cpu         ] GC(165) User=0.36s Sys=0.00s Real=0.22s
[27.671s][info][gc,start       ] GC(166) Pause Full (Ergonomics)
[27.671s][info][gc,phases,start] GC(166) Marking Phase
[27.822s][info][gc,phases      ] GC(166) Marking Phase 150.789ms
[27.822s][info][gc,phases,start] GC(166) Summary Phase
[27.822s][info][gc,phases      ] GC(166) Summary Phase 0.035ms
[27.822s][info][gc,phases,start] GC(166) Adjust Roots
[27.822s][info][gc,phases      ] GC(166) Adjust Roots 0.263ms
[27.822s][info][gc,phases,start] GC(166) Compaction Phase
[27.884s][info][gc,phases      ] GC(166) Compaction Phase 62.235ms
[27.885s][info][gc,phases,start] GC(166) Post Compact
[27.886s][info][gc,phases      ] GC(166) Post Compact 1.473ms
[27.886s][info][gc,heap        ] GC(166) PSYoungGen: 23532K(78848K)->23532K(78848K) Eden: 22015K(22016K)->22015K(22016K) From: 1516K(56832K)->1516K(56832K)
[27.886s][info][gc,heap        ] GC(166) ParOldGen: 338864K(341504K)->338864K(341504K)
[27.886s][info][gc,metaspace   ] GC(166) Metaspace: 6302K(6528K)->6302K(6528K) NonClass: 5769K(5888K)->5769K(5888K) Class: 533K(640K)->533K(640K)
[27.886s][info][gc             ] GC(166) Pause Full (Ergonomics) 353M->353M(410M) 215.179ms
[27.886s][info][gc,cpu         ] GC(166) User=0.36s Sys=0.00s Real=0.21s
[27.886s][info][gc,start       ] GC(167) Pause Full (Ergonomics)
[27.886s][info][gc,phases,start] GC(167) Marking Phase
[28.037s][info][gc,phases      ] GC(167) Marking Phase 150.268ms
[28.037s][info][gc,phases,start] GC(167) Summary Phase
[28.037s][info][gc,phases      ] GC(167) Summary Phase 0.023ms
[28.037s][info][gc,phases,start] GC(167) Adjust Roots
[28.037s][info][gc,phases      ] GC(167) Adjust Roots 0.206ms
[28.037s][info][gc,phases,start] GC(167) Compaction Phase
[28.098s][info][gc,phases      ] GC(167) Compaction Phase 61.465ms
[28.099s][info][gc,phases,start] GC(167) Post Compact
[28.100s][info][gc,phases      ] GC(167) Post Compact 1.477ms
[28.100s][info][gc,heap        ] GC(167) PSYoungGen: 23532K(78848K)->23532K(78848K) Eden: 22015K(22016K)->22015K(22016K) From: 1516K(56832K)->1516K(56832K)
[28.100s][info][gc,heap        ] GC(167) ParOldGen: 338869K(341504K)->338869K(341504K)
[28.100s][info][gc,metaspace   ] GC(167) Metaspace: 6302K(6528K)->6302K(6528K) NonClass: 5769K(5888K)->5769K(5888K) Class: 533K(640K)->533K(640K)
[28.100s][info][gc             ] GC(167) Pause Full (Ergonomics) 353M->353M(410M) 213.791ms
[28.100s][info][gc,cpu         ] GC(167) User=0.39s Sys=0.00s Real=0.21s
[28.100s][info][gc,start       ] GC(168) Pause Full (Ergonomics)
[28.100s][info][gc,phases,start] GC(168) Marking Phase
[28.251s][info][gc,phases      ] GC(168) Marking Phase 150.669ms
[28.251s][info][gc,phases,start] GC(168) Summary Phase
[28.251s][info][gc,phases      ] GC(168) Summary Phase 0.023ms
[28.251s][info][gc,phases,start] GC(168) Adjust Roots
[28.251s][info][gc,phases      ] GC(168) Adjust Roots 0.228ms
[28.251s][info][gc,phases,start] GC(168) Compaction Phase
[28.313s][info][gc,phases      ] GC(168) Compaction Phase 61.816ms
[28.313s][info][gc,phases,start] GC(168) Post Compact
[28.315s][info][gc,phases      ] GC(168) Post Compact 1.473ms
[28.315s][info][gc,heap        ] GC(168) PSYoungGen: 23532K(78848K)->23532K(78848K) Eden: 22015K(22016K)->22015K(22016K) From: 1516K(56832K)->1516K(56832K)
[28.315s][info][gc,heap        ] GC(168) ParOldGen: 338873K(341504K)->338873K(341504K)
[28.315s][info][gc,metaspace   ] GC(168) Metaspace: 6302K(6528K)->6302K(6528K) NonClass: 5769K(5888K)->5769K(5888K) Class: 533K(640K)->533K(640K)
[28.315s][info][gc             ] GC(168) Pause Full (Ergonomics) 353M->353M(410M) 214.538ms
[28.315s][info][gc,cpu         ] GC(168) User=0.36s Sys=0.00s Real=0.21s
[28.315s][info][gc,start       ] GC(169) Pause Full (Ergonomics)
[28.315s][info][gc,phases,start] GC(169) Marking Phase
[28.467s][info][gc,phases      ] GC(169) Marking Phase 151.552ms
[28.467s][info][gc,phases,start] GC(169) Summary Phase
[28.467s][info][gc,phases      ] GC(169) Summary Phase 0.022ms
[28.467s][info][gc,phases,start] GC(169) Adjust Roots
[28.467s][info][gc,phases      ] GC(169) Adjust Roots 0.206ms
[28.467s][info][gc,phases,start] GC(169) Compaction Phase
[28.528s][info][gc,phases      ] GC(169) Compaction Phase 61.067ms
[28.528s][info][gc,phases,start] GC(169) Post Compact
[28.530s][info][gc,phases      ] GC(169) Post Compact 1.479ms
[28.530s][info][gc,heap        ] GC(169) PSYoungGen: 23532K(78848K)->23532K(78848K) Eden: 22015K(22016K)->22015K(22016K) From: 1516K(56832K)->1516K(56832K)
[28.530s][info][gc,heap        ] GC(169) ParOldGen: 338878K(341504K)->338878K(341504K)
[28.530s][info][gc,metaspace   ] GC(169) Metaspace: 6302K(6528K)->6302K(6528K) NonClass: 5769K(5888K)->5769K(5888K) Class: 533K(640K)->533K(640K)
[28.530s][info][gc             ] GC(169) Pause Full (Ergonomics) 353M->353M(410M) 214.651ms
[28.530s][info][gc,cpu         ] GC(169) User=0.36s Sys=0.00s Real=0.21s
[28.530s][info][gc,start       ] GC(170) Pause Full (Ergonomics)
[28.530s][info][gc,phases,start] GC(170) Marking Phase
[28.686s][info][gc,phases      ] GC(170) Marking Phase 155.678ms
[28.686s][info][gc,phases,start] GC(170) Summary Phase
[28.686s][info][gc,phases      ] GC(170) Summary Phase 0.018ms
[28.686s][info][gc,phases,start] GC(170) Adjust Roots
[28.686s][info][gc,phases      ] GC(170) Adjust Roots 0.225ms
[28.686s][info][gc,phases,start] GC(170) Compaction Phase
[28.750s][info][gc,phases      ] GC(170) Compaction Phase 63.795ms
[28.750s][info][gc,phases,start] GC(170) Post Compact
[28.752s][info][gc,phases      ] GC(170) Post Compact 1.659ms
[28.752s][info][gc,heap        ] GC(170) PSYoungGen: 23532K(78848K)->23532K(78848K) Eden: 22015K(22016K)->22015K(22016K) From: 1516K(56832K)->1516K(56832K)
[28.752s][info][gc,heap        ] GC(170) ParOldGen: 338883K(341504K)->338883K(341504K)
[28.752s][info][gc,metaspace   ] GC(170) Metaspace: 6302K(6528K)->6302K(6528K) NonClass: 5769K(5888K)->5769K(5888K) Class: 533K(640K)->533K(640K)
[28.752s][info][gc             ] GC(170) Pause Full (Ergonomics) 353M->353M(410M) 221.720ms
[28.752s][info][gc,cpu         ] GC(170) User=0.38s Sys=0.00s Real=0.22s
[28.752s][info][gc,start       ] GC(171) Pause Full (Ergonomics)
[28.752s][info][gc,phases,start] GC(171) Marking Phase
[28.903s][info][gc,phases      ] GC(171) Marking Phase 150.361ms
[28.903s][info][gc,phases,start] GC(171) Summary Phase
[28.903s][info][gc,phases      ] GC(171) Summary Phase 0.022ms
[28.903s][info][gc,phases,start] GC(171) Adjust Roots
[28.903s][info][gc,phases      ] GC(171) Adjust Roots 0.207ms
[28.903s][info][gc,phases,start] GC(171) Compaction Phase
[28.963s][info][gc,phases      ] GC(171) Compaction Phase 60.563ms
[28.963s][info][gc,phases,start] GC(171) Post Compact
[28.965s][info][gc,phases      ] GC(171) Post Compact 1.483ms
[28.965s][info][gc,heap        ] GC(171) PSYoungGen: 23532K(78848K)->23532K(78848K) Eden: 22015K(22016K)->22015K(22016K) From: 1516K(56832K)->1516K(56832K)
[28.965s][info][gc,heap        ] GC(171) ParOldGen: 338887K(341504K)->338887K(341504K)
[28.965s][info][gc,metaspace   ] GC(171) Metaspace: 6302K(6528K)->6302K(6528K) NonClass: 5769K(5888K)->5769K(5888K) Class: 533K(640K)->533K(640K)
[28.965s][info][gc             ] GC(171) Pause Full (Ergonomics) 353M->353M(410M) 212.961ms
[28.965s][info][gc,cpu         ] GC(171) User=0.36s Sys=0.00s Real=0.21s
[28.965s][info][gc,start       ] GC(172) Pause Full (Ergonomics)
[28.965s][info][gc,phases,start] GC(172) Marking Phase
[29.117s][info][gc,phases      ] GC(172) Marking Phase 151.460ms
[29.117s][info][gc,phases,start] GC(172) Summary Phase
[29.117s][info][gc,phases      ] GC(172) Summary Phase 0.020ms
[29.117s][info][gc,phases,start] GC(172) Adjust Roots
[29.117s][info][gc,phases      ] GC(172) Adjust Roots 0.209ms
[29.117s][info][gc,phases,start] GC(172) Compaction Phase
[29.180s][info][gc,phases      ] GC(172) Compaction Phase 62.937ms
[29.180s][info][gc,phases,start] GC(172) Post Compact
[29.182s][info][gc,phases      ] GC(172) Post Compact 1.651ms
[29.182s][info][gc,heap        ] GC(172) PSYoungGen: 23532K(78848K)->23532K(78848K) Eden: 22015K(22016K)->22015K(22016K) From: 1516K(56832K)->1516K(56832K)
[29.182s][info][gc,heap        ] GC(172) ParOldGen: 338892K(341504K)->338892K(341504K)
[29.182s][info][gc,metaspace   ] GC(172) Metaspace: 6302K(6528K)->6302K(6528K) NonClass: 5769K(5888K)->5769K(5888K) Class: 533K(640K)->533K(640K)
[29.182s][info][gc             ] GC(172) Pause Full (Ergonomics) 353M->353M(410M) 216.601ms
[29.182s][info][gc,cpu         ] GC(172) User=0.34s Sys=0.00s Real=0.22s
[29.182s][info][gc,start       ] GC(173) Pause Full (Ergonomics)
[29.182s][info][gc,phases,start] GC(173) Marking Phase
[29.326s][info][gc,phases      ] GC(173) Marking Phase 143.593ms
[29.326s][info][gc,phases,start] GC(173) Summary Phase
[29.326s][info][gc,phases      ] GC(173) Summary Phase 0.022ms
[29.326s][info][gc,phases,start] GC(173) Adjust Roots
[29.326s][info][gc,phases      ] GC(173) Adjust Roots 0.184ms
[29.326s][info][gc,phases,start] GC(173) Compaction Phase
[29.380s][info][gc,phases      ] GC(173) Compaction Phase 53.583ms
[29.380s][info][gc,phases,start] GC(173) Post Compact
[29.381s][info][gc,phases      ] GC(173) Post Compact 1.479ms
[29.381s][info][gc,heap        ] GC(173) PSYoungGen: 23532K(78848K)->23532K(78848K) Eden: 22015K(22016K)->22015K(22016K) From: 1516K(56832K)->1516K(56832K)
[29.381s][info][gc,heap        ] GC(173) ParOldGen: 338897K(341504K)->338897K(341504K)
[29.381s][info][gc,metaspace   ] GC(173) Metaspace: 6302K(6528K)->6302K(6528K) NonClass: 5769K(5888K)->5769K(5888K) Class: 533K(640K)->533K(640K)
[29.381s][info][gc             ] GC(173) Pause Full (Ergonomics) 353M->353M(410M) 199.198ms
[29.381s][info][gc,cpu         ] GC(173) User=0.34s Sys=0.00s Real=0.20s
[29.382s][info][gc,start       ] GC(174) Pause Full (Ergonomics)
[29.382s][info][gc,phases,start] GC(174) Marking Phase
[29.533s][info][gc,phases      ] GC(174) Marking Phase 151.027ms
[29.533s][info][gc,phases,start] GC(174) Summary Phase
[29.533s][info][gc,phases      ] GC(174) Summary Phase 0.022ms
[29.533s][info][gc,phases,start] GC(174) Adjust Roots
[29.533s][info][gc,phases      ] GC(174) Adjust Roots 0.209ms
[29.533s][info][gc,phases,start] GC(174) Compaction Phase
[29.594s][info][gc,phases      ] GC(174) Compaction Phase 60.676ms
[29.594s][info][gc,phases,start] GC(174) Post Compact
[29.595s][info][gc,phases      ] GC(174) Post Compact 1.473ms
[29.595s][info][gc,heap        ] GC(174) PSYoungGen: 23532K(78848K)->23532K(78848K) Eden: 22015K(22016K)->22015K(22016K) From: 1516K(56832K)->1516K(56832K)
[29.595s][info][gc,heap        ] GC(174) ParOldGen: 338901K(341504K)->338901K(341504K)
[29.595s][info][gc,metaspace   ] GC(174) Metaspace: 6302K(6528K)->6302K(6528K) NonClass: 5769K(5888K)->5769K(5888K) Class: 533K(640K)->533K(640K)
[29.595s][info][gc             ] GC(174) Pause Full (Ergonomics) 353M->353M(410M) 213.733ms
[29.595s][info][gc,cpu         ] GC(174) User=0.36s Sys=0.00s Real=0.21s
[29.596s][info][gc,start       ] GC(175) Pause Full (Ergonomics)
[29.596s][info][gc,phases,start] GC(175) Marking Phase
[29.747s][info][gc,phases      ] GC(175) Marking Phase 150.802ms
[29.747s][info][gc,phases,start] GC(175) Summary Phase
[29.747s][info][gc,phases      ] GC(175) Summary Phase 0.022ms
[29.747s][info][gc,phases,start] GC(175) Adjust Roots
[29.747s][info][gc,phases      ] GC(175) Adjust Roots 0.226ms
[29.747s][info][gc,phases,start] GC(175) Compaction Phase
[29.803s][info][gc,phases      ] GC(175) Compaction Phase 56.480ms
[29.803s][info][gc,phases,start] GC(175) Post Compact
[29.805s][info][gc,phases      ] GC(175) Post Compact 1.482ms
[29.805s][info][gc,heap        ] GC(175) PSYoungGen: 23532K(78848K)->23532K(78848K) Eden: 22015K(22016K)->22015K(22016K) From: 1516K(56832K)->1516K(56832K)
[29.805s][info][gc,heap        ] GC(175) ParOldGen: 338906K(341504K)->338906K(341504K)
[29.805s][info][gc,metaspace   ] GC(175) Metaspace: 6302K(6528K)->6302K(6528K) NonClass: 5769K(5888K)->5769K(5888K) Class: 533K(640K)->533K(640K)
[29.805s][info][gc             ] GC(175) Pause Full (Ergonomics) 353M->353M(410M) 209.334ms
[29.805s][info][gc,cpu         ] GC(175) User=0.34s Sys=0.00s Real=0.21s
[29.805s][info][gc,start       ] GC(176) Pause Full (Ergonomics)
[29.805s][info][gc,phases,start] GC(176) Marking Phase
[29.956s][info][gc,phases      ] GC(176) Marking Phase 150.651ms
[29.956s][info][gc,phases,start] GC(176) Summary Phase
[29.956s][info][gc,phases      ] GC(176) Summary Phase 0.021ms
[29.956s][info][gc,phases,start] GC(176) Adjust Roots
[29.956s][info][gc,phases      ] GC(176) Adjust Roots 0.187ms
[29.956s][info][gc,phases,start] GC(176) Compaction Phase
[30.017s][info][gc,phases      ] GC(176) Compaction Phase 60.618ms
[30.017s][info][gc,phases,start] GC(176) Post Compact
[30.018s][info][gc,phases      ] GC(176) Post Compact 1.480ms
[30.019s][info][gc,heap        ] GC(176) PSYoungGen: 23532K(78848K)->23532K(78848K) Eden: 22015K(22016K)->22015K(22016K) From: 1516K(56832K)->1516K(56832K)
[30.019s][info][gc,heap        ] GC(176) ParOldGen: 338911K(341504K)->338911K(341504K)
[30.019s][info][gc,metaspace   ] GC(176) Metaspace: 6302K(6528K)->6302K(6528K) NonClass: 5769K(5888K)->5769K(5888K) Class: 533K(640K)->533K(640K)
[30.019s][info][gc             ] GC(176) Pause Full (Ergonomics) 353M->353M(410M) 213.283ms
[30.019s][info][gc,cpu         ] GC(176) User=0.41s Sys=0.00s Real=0.21s
[30.019s][info][gc,start       ] GC(177) Pause Full (Ergonomics)
[30.019s][info][gc,phases,start] GC(177) Marking Phase
[30.170s][info][gc,phases      ] GC(177) Marking Phase 151.131ms
[30.170s][info][gc,phases,start] GC(177) Summary Phase
[30.170s][info][gc,phases      ] GC(177) Summary Phase 0.021ms
[30.170s][info][gc,phases,start] GC(177) Adjust Roots
[30.170s][info][gc,phases      ] GC(177) Adjust Roots 0.230ms
[30.170s][info][gc,phases,start] GC(177) Compaction Phase
[30.232s][info][gc,phases      ] GC(177) Compaction Phase 61.597ms
[30.232s][info][gc,phases,start] GC(177) Post Compact
[30.234s][info][gc,phases      ] GC(177) Post Compact 1.506ms
[30.234s][info][gc,heap        ] GC(177) PSYoungGen: 23532K(78848K)->23532K(78848K) Eden: 22015K(22016K)->22015K(22016K) From: 1516K(56832K)->1516K(56832K)
[30.234s][info][gc,heap        ] GC(177) ParOldGen: 338915K(341504K)->338915K(341504K)
[30.234s][info][gc,metaspace   ] GC(177) Metaspace: 6302K(6528K)->6302K(6528K) NonClass: 5769K(5888K)->5769K(5888K) Class: 533K(640K)->533K(640K)
[30.234s][info][gc             ] GC(177) Pause Full (Ergonomics) 353M->353M(410M) 214.809ms
[30.234s][info][gc,cpu         ] GC(177) User=0.36s Sys=0.00s Real=0.21s
[30.234s][info][gc,start       ] GC(178) Pause Full (Ergonomics)
[30.234s][info][gc,phases,start] GC(178) Marking Phase
[30.386s][info][gc,phases      ] GC(178) Marking Phase 152.199ms
[30.386s][info][gc,phases,start] GC(178) Summary Phase
[30.386s][info][gc,phases      ] GC(178) Summary Phase 0.018ms
[30.386s][info][gc,phases,start] GC(178) Adjust Roots
[30.386s][info][gc,phases      ] GC(178) Adjust Roots 0.232ms
[30.386s][info][gc,phases,start] GC(178) Compaction Phase
[30.448s][info][gc,phases      ] GC(178) Compaction Phase 61.764ms
[30.448s][info][gc,phases,start] GC(178) Post Compact
[30.450s][info][gc,phases      ] GC(178) Post Compact 1.648ms
[30.450s][info][gc,heap        ] GC(178) PSYoungGen: 23532K(78848K)->23532K(78848K) Eden: 22015K(22016K)->22015K(22016K) From: 1516K(56832K)->1516K(56832K)
[30.450s][info][gc,heap        ] GC(178) ParOldGen: 338920K(341504K)->338920K(341504K)
[30.450s][info][gc,metaspace   ] GC(178) Metaspace: 6302K(6528K)->6302K(6528K) NonClass: 5769K(5888K)->5769K(5888K) Class: 533K(640K)->533K(640K)
[30.450s][info][gc             ] GC(178) Pause Full (Ergonomics) 353M->353M(410M) 216.203ms
[30.450s][info][gc,cpu         ] GC(178) User=0.41s Sys=0.00s Real=0.22s
[30.450s][info][gc,start       ] GC(179) Pause Full (Ergonomics)
[30.450s][info][gc,phases,start] GC(179) Marking Phase
[30.601s][info][gc,phases      ] GC(179) Marking Phase 150.655ms
[30.601s][info][gc,phases,start] GC(179) Summary Phase
[30.601s][info][gc,phases      ] GC(179) Summary Phase 0.021ms
[30.601s][info][gc,phases,start] GC(179) Adjust Roots
[30.601s][info][gc,phases      ] GC(179) Adjust Roots 0.191ms
[30.601s][info][gc,phases,start] GC(179) Compaction Phase
[30.664s][info][gc,phases      ] GC(179) Compaction Phase 62.303ms
[30.664s][info][gc,phases,start] GC(179) Post Compact
[30.665s][info][gc,phases      ] GC(179) Post Compact 1.504ms
[30.665s][info][gc,heap        ] GC(179) PSYoungGen: 23532K(78848K)->23532K(78848K) Eden: 22015K(22016K)->22015K(22016K) From: 1516K(56832K)->1516K(56832K)
[30.665s][info][gc,heap        ] GC(179) ParOldGen: 338925K(341504K)->338925K(341504K)
[30.665s][info][gc,metaspace   ] GC(179) Metaspace: 6302K(6528K)->6302K(6528K) NonClass: 5769K(5888K)->5769K(5888K) Class: 533K(640K)->533K(640K)
[30.665s][info][gc             ] GC(179) Pause Full (Ergonomics) 353M->353M(410M) 214.997ms
[30.665s][info][gc,cpu         ] GC(179) User=0.34s Sys=0.02s Real=0.21s
[30.666s][info][gc,start       ] GC(180) Pause Full (Ergonomics)
[30.666s][info][gc,phases,start] GC(180) Marking Phase
[30.817s][info][gc,phases      ] GC(180) Marking Phase 151.566ms
[30.817s][info][gc,phases,start] GC(180) Summary Phase
[30.817s][info][gc,phases      ] GC(180) Summary Phase 0.019ms
[30.817s][info][gc,phases,start] GC(180) Adjust Roots
[30.818s][info][gc,phases      ] GC(180) Adjust Roots 0.225ms
[30.818s][info][gc,phases,start] GC(180) Compaction Phase
[30.879s][info][gc,phases      ] GC(180) Compaction Phase 61.387ms
[30.879s][info][gc,phases,start] GC(180) Post Compact
[30.881s][info][gc,phases      ] GC(180) Post Compact 1.488ms
[30.881s][info][gc,heap        ] GC(180) PSYoungGen: 23532K(78848K)->23532K(78848K) Eden: 22015K(22016K)->22015K(22016K) From: 1516K(56832K)->1516K(56832K)
[30.881s][info][gc,heap        ] GC(180) ParOldGen: 338929K(341504K)->338929K(341504K)
[30.881s][info][gc,metaspace   ] GC(180) Metaspace: 6302K(6528K)->6302K(6528K) NonClass: 5769K(5888K)->5769K(5888K) Class: 533K(640K)->533K(640K)
[30.881s][info][gc             ] GC(180) Pause Full (Ergonomics) 353M->353M(410M) 215.240ms
[30.881s][info][gc,cpu         ] GC(180) User=0.41s Sys=0.00s Real=0.21s
[30.881s][info][gc,start       ] GC(181) Pause Full (Ergonomics)
[30.881s][info][gc,phases,start] GC(181) Marking Phase
[31.032s][info][gc,phases      ] GC(181) Marking Phase 151.270ms
[31.032s][info][gc,phases,start] GC(181) Summary Phase
[31.033s][info][gc,phases      ] GC(181) Summary Phase 0.021ms
[31.033s][info][gc,phases,start] GC(181) Adjust Roots
[31.033s][info][gc,phases      ] GC(181) Adjust Roots 0.211ms
[31.033s][info][gc,phases,start] GC(181) Compaction Phase
[31.094s][info][gc,phases      ] GC(181) Compaction Phase 61.046ms
[31.094s][info][gc,phases,start] GC(181) Post Compact
[31.095s][info][gc,phases      ] GC(181) Post Compact 1.487ms
[31.095s][info][gc,heap        ] GC(181) PSYoungGen: 23532K(78848K)->23532K(78848K) Eden: 22015K(22016K)->22015K(22016K) From: 1516K(56832K)->1516K(56832K)
[31.095s][info][gc,heap        ] GC(181) ParOldGen: 338934K(341504K)->338934K(341504K)
[31.095s][info][gc,metaspace   ] GC(181) Metaspace: 6302K(6528K)->6302K(6528K) NonClass: 5769K(5888K)->5769K(5888K) Class: 533K(640K)->533K(640K)
[31.095s][info][gc             ] GC(181) Pause Full (Ergonomics) 353M->353M(410M) 214.361ms
[31.096s][info][gc,cpu         ] GC(181) User=0.33s Sys=0.03s Real=0.21s
[31.096s][info][gc,start       ] GC(182) Pause Full (Ergonomics)
[31.096s][info][gc,phases,start] GC(182) Marking Phase
[31.246s][info][gc,phases      ] GC(182) Marking Phase 150.132ms
[31.246s][info][gc,phases,start] GC(182) Summary Phase
[31.246s][info][gc,phases      ] GC(182) Summary Phase 0.022ms
[31.246s][info][gc,phases,start] GC(182) Adjust Roots
[31.246s][info][gc,phases      ] GC(182) Adjust Roots 0.187ms
[31.246s][info][gc,phases,start] GC(182) Compaction Phase
[31.307s][info][gc,phases      ] GC(182) Compaction Phase 61.198ms
[31.308s][info][gc,phases,start] GC(182) Post Compact
[31.309s][info][gc,phases      ] GC(182) Post Compact 1.465ms
[31.309s][info][gc,heap        ] GC(182) PSYoungGen: 23532K(78848K)->23532K(78848K) Eden: 22015K(22016K)->22015K(22016K) From: 1516K(56832K)->1516K(56832K)
[31.309s][info][gc,heap        ] GC(182) ParOldGen: 338939K(341504K)->338939K(341504K)
[31.309s][info][gc,metaspace   ] GC(182) Metaspace: 6302K(6528K)->6302K(6528K) NonClass: 5769K(5888K)->5769K(5888K) Class: 533K(640K)->533K(640K)
[31.309s][info][gc             ] GC(182) Pause Full (Ergonomics) 353M->353M(410M) 213.352ms
[31.309s][info][gc,cpu         ] GC(182) User=0.36s Sys=0.00s Real=0.21s
[31.309s][info][gc,start       ] GC(183) Pause Full (Ergonomics)
[31.309s][info][gc,phases,start] GC(183) Marking Phase
[31.461s][info][gc,phases      ] GC(183) Marking Phase 151.523ms
[31.461s][info][gc,phases,start] GC(183) Summary Phase
[31.461s][info][gc,phases      ] GC(183) Summary Phase 0.022ms
[31.461s][info][gc,phases,start] GC(183) Adjust Roots
[31.461s][info][gc,phases      ] GC(183) Adjust Roots 0.212ms
[31.461s][info][gc,phases,start] GC(183) Compaction Phase
[31.523s][info][gc,phases      ] GC(183) Compaction Phase 61.250ms
[31.523s][info][gc,phases,start] GC(183) Post Compact
[31.524s][info][gc,phases      ] GC(183) Post Compact 1.506ms
[31.524s][info][gc,heap        ] GC(183) PSYoungGen: 23532K(78848K)->23532K(78848K) Eden: 22015K(22016K)->22015K(22016K) From: 1516K(56832K)->1516K(56832K)
[31.524s][info][gc,heap        ] GC(183) ParOldGen: 338943K(341504K)->338943K(341504K)
[31.524s][info][gc,metaspace   ] GC(183) Metaspace: 6302K(6528K)->6302K(6528K) NonClass: 5769K(5888K)->5769K(5888K) Class: 533K(640K)->533K(640K)
[31.524s][info][gc             ] GC(183) Pause Full (Ergonomics) 353M->353M(410M) 214.830ms
[31.524s][info][gc,cpu         ] GC(183) User=0.38s Sys=0.00s Real=0.21s
[31.524s][info][gc,start       ] GC(184) Pause Full (Ergonomics)
[31.525s][info][gc,phases,start] GC(184) Marking Phase
[31.676s][info][gc,phases      ] GC(184) Marking Phase 151.060ms
[31.676s][info][gc,phases,start] GC(184) Summary Phase
[31.676s][info][gc,phases      ] GC(184) Summary Phase 0.022ms
[31.676s][info][gc,phases,start] GC(184) Adjust Roots
[31.676s][info][gc,phases      ] GC(184) Adjust Roots 0.195ms
[31.676s][info][gc,phases,start] GC(184) Compaction Phase
[31.737s][info][gc,phases      ] GC(184) Compaction Phase 61.110ms
[31.737s][info][gc,phases,start] GC(184) Post Compact
[31.739s][info][gc,phases      ] GC(184) Post Compact 1.480ms
[31.739s][info][gc,heap        ] GC(184) PSYoungGen: 23532K(78848K)->23532K(78848K) Eden: 22015K(22016K)->22015K(22016K) From: 1516K(56832K)->1516K(56832K)
[31.739s][info][gc,heap        ] GC(184) ParOldGen: 338948K(341504K)->338948K(341504K)
[31.739s][info][gc,metaspace   ] GC(184) Metaspace: 6302K(6528K)->6302K(6528K) NonClass: 5769K(5888K)->5769K(5888K) Class: 533K(640K)->533K(640K)
[31.739s][info][gc             ] GC(184) Pause Full (Ergonomics) 353M->353M(410M) 214.212ms
[31.739s][info][gc,cpu         ] GC(184) User=0.39s Sys=0.00s Real=0.22s
[31.739s][info][gc,start       ] GC(185) Pause Full (Ergonomics)
[31.739s][info][gc,phases,start] GC(185) Marking Phase
[31.890s][info][gc,phases      ] GC(185) Marking Phase 150.850ms
[31.890s][info][gc,phases,start] GC(185) Summary Phase
[31.890s][info][gc,phases      ] GC(185) Summary Phase 0.022ms
[31.890s][info][gc,phases,start] GC(185) Adjust Roots
[31.890s][info][gc,phases      ] GC(185) Adjust Roots 0.206ms
[31.890s][info][gc,phases,start] GC(185) Compaction Phase
[31.951s][info][gc,phases      ] GC(185) Compaction Phase 60.890ms
[31.951s][info][gc,phases,start] GC(185) Post Compact
[31.953s][info][gc,phases      ] GC(185) Post Compact 1.490ms
[31.953s][info][gc,heap        ] GC(185) PSYoungGen: 23532K(78848K)->23532K(78848K) Eden: 22015K(22016K)->22015K(22016K) From: 1516K(56832K)->1516K(56832K)
[31.953s][info][gc,heap        ] GC(185) ParOldGen: 338953K(341504K)->338953K(341504K)
[31.953s][info][gc,metaspace   ] GC(185) Metaspace: 6302K(6528K)->6302K(6528K) NonClass: 5769K(5888K)->5769K(5888K) Class: 533K(640K)->533K(640K)
[31.953s][info][gc             ] GC(185) Pause Full (Ergonomics) 353M->353M(410M) 213.783ms
[31.953s][info][gc,cpu         ] GC(185) User=0.38s Sys=0.00s Real=0.21s
[31.953s][info][gc,start       ] GC(186) Pause Full (Ergonomics)
[31.953s][info][gc,phases,start] GC(186) Marking Phase
[32.104s][info][gc,phases      ] GC(186) Marking Phase 150.939ms
[32.104s][info][gc,phases,start] GC(186) Summary Phase
[32.104s][info][gc,phases      ] GC(186) Summary Phase 0.021ms
[32.104s][info][gc,phases,start] GC(186) Adjust Roots
[32.104s][info][gc,phases      ] GC(186) Adjust Roots 0.207ms
[32.104s][info][gc,phases,start] GC(186) Compaction Phase
[32.165s][info][gc,phases      ] GC(186) Compaction Phase 61.090ms
[32.165s][info][gc,phases,start] GC(186) Post Compact
[32.167s][info][gc,phases      ] GC(186) Post Compact 1.478ms
[32.167s][info][gc,heap        ] GC(186) PSYoungGen: 23532K(78848K)->23532K(78848K) Eden: 22015K(22016K)->22015K(22016K) From: 1516K(56832K)->1516K(56832K)
[32.167s][info][gc,heap        ] GC(186) ParOldGen: 338957K(341504K)->338957K(341504K)
[32.167s][info][gc,metaspace   ] GC(186) Metaspace: 6302K(6528K)->6302K(6528K) NonClass: 5769K(5888K)->5769K(5888K) Class: 533K(640K)->533K(640K)
[32.167s][info][gc             ] GC(186) Pause Full (Ergonomics) 353M->353M(410M) 214.103ms
[32.167s][info][gc,cpu         ] GC(186) User=0.36s Sys=0.00s Real=0.21s
[32.167s][info][gc,start       ] GC(187) Pause Full (Ergonomics)
[32.167s][info][gc,phases,start] GC(187) Marking Phase
[32.319s][info][gc,phases      ] GC(187) Marking Phase 151.185ms
[32.319s][info][gc,phases,start] GC(187) Summary Phase
[32.319s][info][gc,phases      ] GC(187) Summary Phase 0.023ms
[32.319s][info][gc,phases,start] GC(187) Adjust Roots
[32.319s][info][gc,phases      ] GC(187) Adjust Roots 0.206ms
[32.319s][info][gc,phases,start] GC(187) Compaction Phase
[32.380s][info][gc,phases      ] GC(187) Compaction Phase 61.056ms
[32.380s][info][gc,phases,start] GC(187) Post Compact
[32.382s][info][gc,phases      ] GC(187) Post Compact 1.484ms
[32.382s][info][gc,heap        ] GC(187) PSYoungGen: 23532K(78848K)->23532K(78848K) Eden: 22015K(22016K)->22015K(22016K) From: 1516K(56832K)->1516K(56832K)
[32.382s][info][gc,heap        ] GC(187) ParOldGen: 338962K(341504K)->338962K(341504K)
[32.382s][info][gc,metaspace   ] GC(187) Metaspace: 6302K(6528K)->6302K(6528K) NonClass: 5769K(5888K)->5769K(5888K) Class: 533K(640K)->533K(640K)
[32.382s][info][gc             ] GC(187) Pause Full (Ergonomics) 353M->353M(410M) 214.342ms
[32.382s][info][gc,cpu         ] GC(187) User=0.39s Sys=0.00s Real=0.21s
[32.382s][info][gc,start       ] GC(188) Pause Full (Ergonomics)
[32.382s][info][gc,phases,start] GC(188) Marking Phase
[32.526s][info][gc,phases      ] GC(188) Marking Phase 144.281ms
[32.526s][info][gc,phases,start] GC(188) Summary Phase
[32.526s][info][gc,phases      ] GC(188) Summary Phase 0.022ms
[32.526s][info][gc,phases,start] GC(188) Adjust Roots
[32.527s][info][gc,phases      ] GC(188) Adjust Roots 0.199ms
[32.527s][info][gc,phases,start] GC(188) Compaction Phase
[32.580s][info][gc,phases      ] GC(188) Compaction Phase 53.833ms
[32.580s][info][gc,phases,start] GC(188) Post Compact
[32.582s][info][gc,phases      ] GC(188) Post Compact 1.471ms
[32.582s][info][gc,heap        ] GC(188) PSYoungGen: 23532K(78848K)->23532K(78848K) Eden: 22015K(22016K)->22015K(22016K) From: 1516K(56832K)->1516K(56832K)
[32.582s][info][gc,heap        ] GC(188) ParOldGen: 338967K(341504K)->338967K(341504K)
[32.582s][info][gc,metaspace   ] GC(188) Metaspace: 6302K(6528K)->6302K(6528K) NonClass: 5769K(5888K)->5769K(5888K) Class: 533K(640K)->533K(640K)
[32.582s][info][gc             ] GC(188) Pause Full (Ergonomics) 354M->354M(410M) 200.154ms
[32.582s][info][gc,cpu         ] GC(188) User=0.31s Sys=0.00s Real=0.20s
[32.582s][info][gc,start       ] GC(189) Pause Full (Ergonomics)
[32.582s][info][gc,phases,start] GC(189) Marking Phase
[32.732s][info][gc,phases      ] GC(189) Marking Phase 149.830ms
[32.732s][info][gc,phases,start] GC(189) Summary Phase
[32.732s][info][gc,phases      ] GC(189) Summary Phase 0.021ms
[32.732s][info][gc,phases,start] GC(189) Adjust Roots
[32.733s][info][gc,phases      ] GC(189) Adjust Roots 0.223ms
[32.733s][info][gc,phases,start] GC(189) Compaction Phase
[32.793s][info][gc,phases      ] GC(189) Compaction Phase 59.908ms
[32.793s][info][gc,phases,start] GC(189) Post Compact
[32.794s][info][gc,phases      ] GC(189) Post Compact 1.555ms
[32.794s][info][gc,heap        ] GC(189) PSYoungGen: 23532K(78848K)->23532K(78848K) Eden: 22015K(22016K)->22015K(22016K) From: 1516K(56832K)->1516K(56832K)
[32.794s][info][gc,heap        ] GC(189) ParOldGen: 338971K(341504K)->338971K(341504K)
[32.794s][info][gc,metaspace   ] GC(189) Metaspace: 6302K(6528K)->6302K(6528K) NonClass: 5769K(5888K)->5769K(5888K) Class: 533K(640K)->533K(640K)
[32.794s][info][gc             ] GC(189) Pause Full (Ergonomics) 354M->354M(410M) 211.866ms
[32.794s][info][gc,cpu         ] GC(189) User=0.34s Sys=0.02s Real=0.21s
[32.795s][info][gc,start       ] GC(190) Pause Full (Ergonomics)
[32.795s][info][gc,phases,start] GC(190) Marking Phase
[32.944s][info][gc,phases      ] GC(190) Marking Phase 149.690ms
[32.944s][info][gc,phases,start] GC(190) Summary Phase
[32.944s][info][gc,phases      ] GC(190) Summary Phase 0.021ms
[32.944s][info][gc,phases,start] GC(190) Adjust Roots
[32.945s][info][gc,phases      ] GC(190) Adjust Roots 0.212ms
[32.945s][info][gc,phases,start] GC(190) Compaction Phase
[33.005s][info][gc,phases      ] GC(190) Compaction Phase 60.334ms
[33.005s][info][gc,phases,start] GC(190) Post Compact
[33.006s][info][gc,phases      ] GC(190) Post Compact 1.497ms
[33.007s][info][gc,heap        ] GC(190) PSYoungGen: 23532K(78848K)->23532K(78848K) Eden: 22015K(22016K)->22015K(22016K) From: 1516K(56832K)->1516K(56832K)
[33.007s][info][gc,heap        ] GC(190) ParOldGen: 338976K(341504K)->338976K(341504K)
[33.007s][info][gc,metaspace   ] GC(190) Metaspace: 6302K(6528K)->6302K(6528K) NonClass: 5769K(5888K)->5769K(5888K) Class: 533K(640K)->533K(640K)
[33.007s][info][gc             ] GC(190) Pause Full (Ergonomics) 354M->354M(410M) 212.092ms
[33.007s][info][gc,cpu         ] GC(190) User=0.36s Sys=0.00s Real=0.21s
[33.007s][info][gc,start       ] GC(191) Pause Full (Ergonomics)
[33.007s][info][gc,phases,start] GC(191) Marking Phase
[33.158s][info][gc,phases      ] GC(191) Marking Phase 151.087ms
[33.158s][info][gc,phases,start] GC(191) Summary Phase
[33.158s][info][gc,phases      ] GC(191) Summary Phase 0.022ms
[33.158s][info][gc,phases,start] GC(191) Adjust Roots
[33.158s][info][gc,phases      ] GC(191) Adjust Roots 0.195ms
[33.158s][info][gc,phases,start] GC(191) Compaction Phase
[33.220s][info][gc,phases      ] GC(191) Compaction Phase 61.201ms
[33.220s][info][gc,phases,start] GC(191) Post Compact
[33.221s][info][gc,phases      ] GC(191) Post Compact 1.468ms
[33.221s][info][gc,heap        ] GC(191) PSYoungGen: 23532K(78848K)->23532K(78848K) Eden: 22015K(22016K)->22015K(22016K) From: 1516K(56832K)->1516K(56832K)
[33.221s][info][gc,heap        ] GC(191) ParOldGen: 338981K(341504K)->338981K(341504K)
[33.221s][info][gc,metaspace   ] GC(191) Metaspace: 6302K(6528K)->6302K(6528K) NonClass: 5769K(5888K)->5769K(5888K) Class: 533K(640K)->533K(640K)
[33.221s][info][gc             ] GC(191) Pause Full (Ergonomics) 354M->354M(410M) 214.299ms
[33.221s][info][gc,cpu         ] GC(191) User=0.36s Sys=0.00s Real=0.21s
[33.221s][info][gc,start       ] GC(192) Pause Full (Ergonomics)
[33.221s][info][gc,phases,start] GC(192) Marking Phase
[33.372s][info][gc,phases      ] GC(192) Marking Phase 150.330ms
[33.372s][info][gc,phases,start] GC(192) Summary Phase
[33.372s][info][gc,phases      ] GC(192) Summary Phase 0.022ms
[33.372s][info][gc,phases,start] GC(192) Adjust Roots
[33.372s][info][gc,phases      ] GC(192) Adjust Roots 0.188ms
[33.372s][info][gc,phases,start] GC(192) Compaction Phase
[33.434s][info][gc,phases      ] GC(192) Compaction Phase 61.395ms
[33.434s][info][gc,phases,start] GC(192) Post Compact
[33.435s][info][gc,phases      ] GC(192) Post Compact 1.472ms
[33.435s][info][gc,heap        ] GC(192) PSYoungGen: 23532K(78848K)->23532K(78848K) Eden: 22015K(22016K)->22015K(22016K) From: 1516K(56832K)->1516K(56832K)
[33.435s][info][gc,heap        ] GC(192) ParOldGen: 338985K(341504K)->338985K(341504K)
[33.435s][info][gc,metaspace   ] GC(192) Metaspace: 6302K(6528K)->6302K(6528K) NonClass: 5769K(5888K)->5769K(5888K) Class: 533K(640K)->533K(640K)
[33.435s][info][gc             ] GC(192) Pause Full (Ergonomics) 354M->354M(410M) 213.748ms
[33.435s][info][gc,cpu         ] GC(192) User=0.36s Sys=0.00s Real=0.21s
[33.435s][info][gc,start       ] GC(193) Pause Full (Ergonomics)
[33.435s][info][gc,phases,start] GC(193) Marking Phase
[33.587s][info][gc,phases      ] GC(193) Marking Phase 151.623ms
[33.587s][info][gc,phases,start] GC(193) Summary Phase
[33.587s][info][gc,phases      ] GC(193) Summary Phase 0.022ms
[33.587s][info][gc,phases,start] GC(193) Adjust Roots
[33.587s][info][gc,phases      ] GC(193) Adjust Roots 0.192ms
[33.587s][info][gc,phases,start] GC(193) Compaction Phase
[33.649s][info][gc,phases      ] GC(193) Compaction Phase 61.372ms
[33.649s][info][gc,phases,start] GC(193) Post Compact
[33.650s][info][gc,phases      ] GC(193) Post Compact 1.498ms
[33.650s][info][gc,heap        ] GC(193) PSYoungGen: 23532K(78848K)->23532K(78848K) Eden: 22015K(22016K)->22015K(22016K) From: 1516K(56832K)->1516K(56832K)
[33.650s][info][gc,heap        ] GC(193) ParOldGen: 338990K(341504K)->338990K(341504K)
[33.650s][info][gc,metaspace   ] GC(193) Metaspace: 6302K(6528K)->6302K(6528K) NonClass: 5769K(5888K)->5769K(5888K) Class: 533K(640K)->533K(640K)
[33.650s][info][gc             ] GC(193) Pause Full (Ergonomics) 354M->354M(410M) 215.021ms
[33.650s][info][gc,cpu         ] GC(193) User=0.36s Sys=0.00s Real=0.22s
[33.651s][info][gc,start       ] GC(194) Pause Full (Ergonomics)
[33.651s][info][gc,phases,start] GC(194) Marking Phase
[33.801s][info][gc,phases      ] GC(194) Marking Phase 150.090ms
[33.801s][info][gc,phases,start] GC(194) Summary Phase
[33.801s][info][gc,phases      ] GC(194) Summary Phase 0.022ms
[33.801s][info][gc,phases,start] GC(194) Adjust Roots
[33.801s][info][gc,phases      ] GC(194) Adjust Roots 0.215ms
[33.801s][info][gc,phases,start] GC(194) Compaction Phase
[33.862s][info][gc,phases      ] GC(194) Compaction Phase 61.009ms
[33.862s][info][gc,phases,start] GC(194) Post Compact
[33.864s][info][gc,phases      ] GC(194) Post Compact 1.471ms
[33.864s][info][gc,heap        ] GC(194) PSYoungGen: 23532K(78848K)->23532K(78848K) Eden: 22015K(22016K)->22015K(22016K) From: 1516K(56832K)->1516K(56832K)
[33.864s][info][gc,heap        ] GC(194) ParOldGen: 338995K(341504K)->338995K(341504K)
[33.864s][info][gc,metaspace   ] GC(194) Metaspace: 6302K(6528K)->6302K(6528K) NonClass: 5769K(5888K)->5769K(5888K) Class: 533K(640K)->533K(640K)
[33.864s][info][gc             ] GC(194) Pause Full (Ergonomics) 354M->354M(410M) 213.183ms
[33.864s][info][gc,cpu         ] GC(194) User=0.39s Sys=0.00s Real=0.21s
[33.864s][info][gc,start       ] GC(195) Pause Full (Ergonomics)
[33.864s][info][gc,phases,start] GC(195) Marking Phase
[34.015s][info][gc,phases      ] GC(195) Marking Phase 151.088ms
[34.015s][info][gc,phases,start] GC(195) Summary Phase
[34.015s][info][gc,phases      ] GC(195) Summary Phase 0.022ms
[34.015s][info][gc,phases,start] GC(195) Adjust Roots
[34.016s][info][gc,phases      ] GC(195) Adjust Roots 0.192ms
[34.016s][info][gc,phases,start] GC(195) Compaction Phase
[34.077s][info][gc,phases      ] GC(195) Compaction Phase 61.494ms
[34.077s][info][gc,phases,start] GC(195) Post Compact
[34.079s][info][gc,phases      ] GC(195) Post Compact 1.493ms
[34.079s][info][gc,heap        ] GC(195) PSYoungGen: 23532K(78848K)->23532K(78848K) Eden: 22015K(22016K)->22015K(22016K) From: 1516K(56832K)->1516K(56832K)
[34.079s][info][gc,heap        ] GC(195) ParOldGen: 338999K(341504K)->338999K(341504K)
[34.079s][info][gc,metaspace   ] GC(195) Metaspace: 6302K(6528K)->6302K(6528K) NonClass: 5769K(5888K)->5769K(5888K) Class: 533K(640K)->533K(640K)
[34.079s][info][gc             ] GC(195) Pause Full (Ergonomics) 354M->354M(410M) 214.615ms
[34.079s][info][gc,cpu         ] GC(195) User=0.38s Sys=0.00s Real=0.21s
[34.079s][info][gc,start       ] GC(196) Pause Full (Ergonomics)
[34.079s][info][gc,phases,start] GC(196) Marking Phase
[34.230s][info][gc,phases      ] GC(196) Marking Phase 150.873ms
[34.230s][info][gc,phases,start] GC(196) Summary Phase
[34.230s][info][gc,phases      ] GC(196) Summary Phase 0.022ms
[34.230s][info][gc,phases,start] GC(196) Adjust Roots
[34.230s][info][gc,phases      ] GC(196) Adjust Roots 0.218ms
[34.230s][info][gc,phases,start] GC(196) Compaction Phase
[34.291s][info][gc,phases      ] GC(196) Compaction Phase 60.967ms
[34.291s][info][gc,phases,start] GC(196) Post Compact
[34.293s][info][gc,phases      ] GC(196) Post Compact 1.482ms
[34.293s][info][gc,heap        ] GC(196) PSYoungGen: 23532K(78848K)->23532K(78848K) Eden: 22015K(22016K)->22015K(22016K) From: 1516K(56832K)->1516K(56832K)
[34.293s][info][gc,heap        ] GC(196) ParOldGen: 339004K(341504K)->339004K(341504K)
[34.293s][info][gc,metaspace   ] GC(196) Metaspace: 6302K(6528K)->6302K(6528K) NonClass: 5769K(5888K)->5769K(5888K) Class: 533K(640K)->533K(640K)
[34.293s][info][gc             ] GC(196) Pause Full (Ergonomics) 354M->354M(410M) 213.915ms
[34.293s][info][gc,cpu         ] GC(196) User=0.39s Sys=0.00s Real=0.21s
[34.293s][info][gc,start       ] GC(197) Pause Full (Ergonomics)
[34.293s][info][gc,phases,start] GC(197) Marking Phase
[34.443s][info][gc,phases      ] GC(197) Marking Phase 150.221ms
[34.444s][info][gc,phases,start] GC(197) Summary Phase
[34.444s][info][gc,phases      ] GC(197) Summary Phase 0.021ms
[34.444s][info][gc,phases,start] GC(197) Adjust Roots
[34.444s][info][gc,phases      ] GC(197) Adjust Roots 0.204ms
[34.444s][info][gc,phases,start] GC(197) Compaction Phase
[34.505s][info][gc,phases      ] GC(197) Compaction Phase 60.901ms
[34.505s][info][gc,phases,start] GC(197) Post Compact
[34.506s][info][gc,phases      ] GC(197) Post Compact 1.631ms
[34.506s][info][gc,heap        ] GC(197) PSYoungGen: 23532K(78848K)->23532K(78848K) Eden: 22015K(22016K)->22015K(22016K) From: 1516K(56832K)->1516K(56832K)
[34.507s][info][gc,heap        ] GC(197) ParOldGen: 339009K(341504K)->339009K(341504K)
[34.507s][info][gc,metaspace   ] GC(197) Metaspace: 6302K(6528K)->6302K(6528K) NonClass: 5769K(5888K)->5769K(5888K) Class: 533K(640K)->533K(640K)
[34.507s][info][gc             ] GC(197) Pause Full (Ergonomics) 354M->354M(410M) 213.328ms
[34.507s][info][gc,cpu         ] GC(197) User=0.36s Sys=0.00s Real=0.21s
[34.507s][info][gc,start       ] GC(198) Pause Full (Ergonomics)
[34.507s][info][gc,phases,start] GC(198) Marking Phase
[34.657s][info][gc,phases      ] GC(198) Marking Phase 150.356ms
[34.657s][info][gc,phases,start] GC(198) Summary Phase
[34.657s][info][gc,phases      ] GC(198) Summary Phase 0.022ms
[34.657s][info][gc,phases,start] GC(198) Adjust Roots
[34.657s][info][gc,phases      ] GC(198) Adjust Roots 0.210ms
[34.657s][info][gc,phases,start] GC(198) Compaction Phase
[34.719s][info][gc,phases      ] GC(198) Compaction Phase 61.122ms
[34.719s][info][gc,phases,start] GC(198) Post Compact
[34.720s][info][gc,phases      ] GC(198) Post Compact 1.490ms
[34.720s][info][gc,heap        ] GC(198) PSYoungGen: 23532K(78848K)->23532K(78848K) Eden: 22015K(22016K)->22015K(22016K) From: 1516K(56832K)->1516K(56832K)
[34.720s][info][gc,heap        ] GC(198) ParOldGen: 339013K(341504K)->339013K(341504K)
[34.720s][info][gc,metaspace   ] GC(198) Metaspace: 6302K(6528K)->6302K(6528K) NonClass: 5769K(5888K)->5769K(5888K) Class: 533K(640K)->533K(640K)
[34.720s][info][gc             ] GC(198) Pause Full (Ergonomics) 354M->354M(410M) 213.520ms
[34.720s][info][gc,cpu         ] GC(198) User=0.36s Sys=0.00s Real=0.21s
[34.721s][info][gc,start       ] GC(199) Pause Full (Ergonomics)
[34.721s][info][gc,phases,start] GC(199) Marking Phase
[34.872s][info][gc,phases      ] GC(199) Marking Phase 151.091ms
[34.872s][info][gc,phases,start] GC(199) Summary Phase
[34.872s][info][gc,phases      ] GC(199) Summary Phase 0.021ms
[34.872s][info][gc,phases,start] GC(199) Adjust Roots
[34.872s][info][gc,phases      ] GC(199) Adjust Roots 0.191ms
[34.872s][info][gc,phases,start] GC(199) Compaction Phase
[34.933s][info][gc,phases      ] GC(199) Compaction Phase 60.959ms
[34.933s][info][gc,phases,start] GC(199) Post Compact
[34.935s][info][gc,phases      ] GC(199) Post Compact 1.494ms
[34.935s][info][gc,heap        ] GC(199) PSYoungGen: 23532K(78848K)->23532K(78848K) Eden: 22015K(22016K)->22015K(22016K) From: 1516K(56832K)->1516K(56832K)
[34.935s][info][gc,heap        ] GC(199) ParOldGen: 339018K(341504K)->339018K(341504K)
[34.935s][info][gc,metaspace   ] GC(199) Metaspace: 6302K(6528K)->6302K(6528K) NonClass: 5769K(5888K)->5769K(5888K) Class: 533K(640K)->533K(640K)
[34.935s][info][gc             ] GC(199) Pause Full (Ergonomics) 354M->354M(410M) 214.077ms
[34.935s][info][gc,cpu         ] GC(199) User=0.36s Sys=0.00s Real=0.21s
[34.935s][info][gc,start       ] GC(200) Pause Full (Ergonomics)
[34.935s][info][gc,phases,start] GC(200) Marking Phase
[35.086s][info][gc,phases      ] GC(200) Marking Phase 151.085ms
[35.086s][info][gc,phases,start] GC(200) Summary Phase
[35.086s][info][gc,phases      ] GC(200) Summary Phase 0.022ms
[35.086s][info][gc,phases,start] GC(200) Adjust Roots
[35.086s][info][gc,phases      ] GC(200) Adjust Roots 0.193ms
[35.086s][info][gc,phases,start] GC(200) Compaction Phase
[35.147s][info][gc,phases      ] GC(200) Compaction Phase 60.877ms
[35.147s][info][gc,phases,start] GC(200) Post Compact
[35.149s][info][gc,phases      ] GC(200) Post Compact 1.488ms
[35.149s][info][gc,heap        ] GC(200) PSYoungGen: 23532K(78848K)->23532K(78848K) Eden: 22015K(22016K)->22015K(22016K) From: 1516K(56832K)->1516K(56832K)
[35.149s][info][gc,heap        ] GC(200) ParOldGen: 339023K(341504K)->339023K(341504K)
[35.149s][info][gc,metaspace   ] GC(200) Metaspace: 6302K(6528K)->6302K(6528K) NonClass: 5769K(5888K)->5769K(5888K) Class: 533K(640K)->533K(640K)
[35.149s][info][gc             ] GC(200) Pause Full (Ergonomics) 354M->354M(410M) 214.015ms
[35.149s][info][gc,cpu         ] GC(200) User=0.36s Sys=0.00s Real=0.21s
[35.149s][info][gc,start       ] GC(201) Pause Full (Ergonomics)
[35.149s][info][gc,phases,start] GC(201) Marking Phase
[35.299s][info][gc,phases      ] GC(201) Marking Phase 149.954ms
[35.299s][info][gc,phases,start] GC(201) Summary Phase
[35.299s][info][gc,phases      ] GC(201) Summary Phase 0.022ms
[35.299s][info][gc,phases,start] GC(201) Adjust Roots
[35.299s][info][gc,phases      ] GC(201) Adjust Roots 0.198ms
[35.299s][info][gc,phases,start] GC(201) Compaction Phase
[35.360s][info][gc,phases      ] GC(201) Compaction Phase 60.755ms
[35.360s][info][gc,phases,start] GC(201) Post Compact
[35.362s][info][gc,phases      ] GC(201) Post Compact 1.498ms
[35.362s][info][gc,heap        ] GC(201) PSYoungGen: 23532K(78848K)->23532K(78848K) Eden: 22015K(22016K)->22015K(22016K) From: 1516K(56832K)->1516K(56832K)
[35.362s][info][gc,heap        ] GC(201) ParOldGen: 339027K(341504K)->339027K(341504K)
[35.362s][info][gc,metaspace   ] GC(201) Metaspace: 6302K(6528K)->6302K(6528K) NonClass: 5769K(5888K)->5769K(5888K) Class: 533K(640K)->533K(640K)
[35.362s][info][gc             ] GC(201) Pause Full (Ergonomics) 354M->354M(410M) 212.747ms
[35.362s][info][gc,cpu         ] GC(201) User=0.38s Sys=0.00s Real=0.21s
[35.362s][info][gc,start       ] GC(202) Pause Full (Ergonomics)
[35.362s][info][gc,phases,start] GC(202) Marking Phase
[35.514s][info][gc,phases      ] GC(202) Marking Phase 151.310ms
[35.514s][info][gc,phases,start] GC(202) Summary Phase
[35.514s][info][gc,phases      ] GC(202) Summary Phase 0.022ms
[35.514s][info][gc,phases,start] GC(202) Adjust Roots
[35.514s][info][gc,phases      ] GC(202) Adjust Roots 0.189ms
[35.514s][info][gc,phases,start] GC(202) Compaction Phase
[35.573s][info][gc,phases      ] GC(202) Compaction Phase 59.501ms
[35.573s][info][gc,phases,start] GC(202) Post Compact
[35.575s][info][gc,phases      ] GC(202) Post Compact 1.586ms
[35.575s][info][gc,heap        ] GC(202) PSYoungGen: 23532K(78848K)->23532K(78848K) Eden: 22015K(22016K)->22015K(22016K) From: 1516K(56832K)->1516K(56832K)
[35.575s][info][gc,heap        ] GC(202) ParOldGen: 339032K(341504K)->339032K(341504K)
[35.575s][info][gc,metaspace   ] GC(202) Metaspace: 6302K(6528K)->6302K(6528K) NonClass: 5769K(5888K)->5769K(5888K) Class: 533K(640K)->533K(640K)
[35.575s][info][gc             ] GC(202) Pause Full (Ergonomics) 354M->354M(410M) 212.923ms
[35.575s][info][gc,cpu         ] GC(202) User=0.36s Sys=0.00s Real=0.21s
[35.575s][info][gc,start       ] GC(203) Pause Full (Ergonomics)
[35.575s][info][gc,phases,start] GC(203) Marking Phase
[35.726s][info][gc,phases      ] GC(203) Marking Phase 150.154ms
[35.726s][info][gc,phases,start] GC(203) Summary Phase
[35.726s][info][gc,phases      ] GC(203) Summary Phase 0.022ms
[35.726s][info][gc,phases,start] GC(203) Adjust Roots
[35.726s][info][gc,phases      ] GC(203) Adjust Roots 0.185ms
[35.726s][info][gc,phases,start] GC(203) Compaction Phase
[35.787s][info][gc,phases      ] GC(203) Compaction Phase 61.018ms
[35.787s][info][gc,phases,start] GC(203) Post Compact
[35.788s][info][gc,phases      ] GC(203) Post Compact 1.474ms
[35.788s][info][gc,heap        ] GC(203) PSYoungGen: 23532K(78848K)->23532K(78848K) Eden: 22015K(22016K)->22015K(22016K) From: 1516K(56832K)->1516K(56832K)
[35.789s][info][gc,heap        ] GC(203) ParOldGen: 339037K(341504K)->339037K(341504K)
[35.789s][info][gc,metaspace   ] GC(203) Metaspace: 6302K(6528K)->6302K(6528K) NonClass: 5769K(5888K)->5769K(5888K) Class: 533K(640K)->533K(640K)
[35.789s][info][gc             ] GC(203) Pause Full (Ergonomics) 354M->354M(410M) 213.188ms
[35.789s][info][gc,cpu         ] GC(203) User=0.36s Sys=0.00s Real=0.21s
[35.789s][info][gc,start       ] GC(204) Pause Full (Ergonomics)
[35.789s][info][gc,phases,start] GC(204) Marking Phase
[35.940s][info][gc,phases      ] GC(204) Marking Phase 150.760ms
[35.940s][info][gc,phases,start] GC(204) Summary Phase
[35.940s][info][gc,phases      ] GC(204) Summary Phase 0.022ms
[35.940s][info][gc,phases,start] GC(204) Adjust Roots
[35.940s][info][gc,phases      ] GC(204) Adjust Roots 0.200ms
[35.940s][info][gc,phases,start] GC(204) Compaction Phase
[36.000s][info][gc,phases      ] GC(204) Compaction Phase 59.735ms
[36.000s][info][gc,phases,start] GC(204) Post Compact
[36.001s][info][gc,phases      ] GC(204) Post Compact 1.491ms
[36.001s][info][gc,heap        ] GC(204) PSYoungGen: 23532K(78848K)->23532K(78848K) Eden: 22015K(22016K)->22015K(22016K) From: 1516K(56832K)->1516K(56832K)
[36.001s][info][gc,heap        ] GC(204) ParOldGen: 339041K(341504K)->339041K(341504K)
[36.001s][info][gc,metaspace   ] GC(204) Metaspace: 6302K(6528K)->6302K(6528K) NonClass: 5769K(5888K)->5769K(5888K) Class: 533K(640K)->533K(640K)
[36.001s][info][gc             ] GC(204) Pause Full (Ergonomics) 354M->354M(410M) 212.544ms
[36.001s][info][gc,cpu         ] GC(204) User=0.36s Sys=0.00s Real=0.21s
[36.002s][info][gc,start       ] GC(205) Pause Full (Ergonomics)
[36.002s][info][gc,phases,start] GC(205) Marking Phase
[36.152s][info][gc,phases      ] GC(205) Marking Phase 150.132ms
[36.152s][info][gc,phases,start] GC(205) Summary Phase
[36.152s][info][gc,phases      ] GC(205) Summary Phase 0.022ms
[36.152s][info][gc,phases,start] GC(205) Adjust Roots
[36.152s][info][gc,phases      ] GC(205) Adjust Roots 0.214ms
[36.152s][info][gc,phases,start] GC(205) Compaction Phase
[36.213s][info][gc,phases      ] GC(205) Compaction Phase 60.657ms
[36.213s][info][gc,phases,start] GC(205) Post Compact
[36.214s][info][gc,phases      ] GC(205) Post Compact 1.488ms
[36.214s][info][gc,heap        ] GC(205) PSYoungGen: 23532K(78848K)->23532K(78848K) Eden: 22015K(22016K)->22015K(22016K) From: 1516K(56832K)->1516K(56832K)
[36.214s][info][gc,heap        ] GC(205) ParOldGen: 339046K(341504K)->339046K(341504K)
[36.214s][info][gc,metaspace   ] GC(205) Metaspace: 6302K(6528K)->6302K(6528K) NonClass: 5769K(5888K)->5769K(5888K) Class: 533K(640K)->533K(640K)
[36.214s][info][gc             ] GC(205) Pause Full (Ergonomics) 354M->354M(410M) 212.831ms
[36.214s][info][gc,cpu         ] GC(205) User=0.38s Sys=0.00s Real=0.21s
[36.215s][info][gc,start       ] GC(206) Pause Full (Ergonomics)
[36.215s][info][gc,phases,start] GC(206) Marking Phase
[36.365s][info][gc,phases      ] GC(206) Marking Phase 149.736ms
[36.365s][info][gc,phases,start] GC(206) Summary Phase
[36.365s][info][gc,phases      ] GC(206) Summary Phase 0.022ms
[36.365s][info][gc,phases,start] GC(206) Adjust Roots
[36.365s][info][gc,phases      ] GC(206) Adjust Roots 0.186ms
[36.365s][info][gc,phases,start] GC(206) Compaction Phase
[36.426s][info][gc,phases      ] GC(206) Compaction Phase 61.003ms
[36.426s][info][gc,phases,start] GC(206) Post Compact
[36.427s][info][gc,phases      ] GC(206) Post Compact 1.529ms
[36.428s][info][gc,heap        ] GC(206) PSYoungGen: 23532K(78848K)->23532K(78848K) Eden: 22015K(22016K)->22015K(22016K) From: 1516K(56832K)->1516K(56832K)
[36.428s][info][gc,heap        ] GC(206) ParOldGen: 339051K(341504K)->339051K(341504K)
[36.428s][info][gc,metaspace   ] GC(206) Metaspace: 6302K(6528K)->6302K(6528K) NonClass: 5769K(5888K)->5769K(5888K) Class: 533K(640K)->533K(640K)
[36.428s][info][gc             ] GC(206) Pause Full (Ergonomics) 354M->354M(410M) 212.798ms
[36.428s][info][gc,cpu         ] GC(206) User=0.39s Sys=0.00s Real=0.21s
[36.428s][info][gc,start       ] GC(207) Pause Full (Ergonomics)
[36.428s][info][gc,phases,start] GC(207) Marking Phase
[36.578s][info][gc,phases      ] GC(207) Marking Phase 150.351ms
[36.578s][info][gc,phases,start] GC(207) Summary Phase
[36.578s][info][gc,phases      ] GC(207) Summary Phase 0.022ms
[36.578s][info][gc,phases,start] GC(207) Adjust Roots
[36.578s][info][gc,phases      ] GC(207) Adjust Roots 0.211ms
[36.579s][info][gc,phases,start] GC(207) Compaction Phase
[36.639s][info][gc,phases      ] GC(207) Compaction Phase 60.170ms
[36.639s][info][gc,phases,start] GC(207) Post Compact
[36.640s][info][gc,phases      ] GC(207) Post Compact 1.584ms
[36.640s][info][gc,heap        ] GC(207) PSYoungGen: 23532K(78848K)->23532K(78848K) Eden: 22015K(22016K)->22015K(22016K) From: 1516K(56832K)->1516K(56832K)
[36.640s][info][gc,heap        ] GC(207) ParOldGen: 339055K(341504K)->339055K(341504K)
[36.640s][info][gc,metaspace   ] GC(207) Metaspace: 6302K(6528K)->6302K(6528K) NonClass: 5769K(5888K)->5769K(5888K) Class: 533K(640K)->533K(640K)
[36.640s][info][gc             ] GC(207) Pause Full (Ergonomics) 354M->354M(410M) 212.671ms
[36.640s][info][gc,cpu         ] GC(207) User=0.36s Sys=0.00s Real=0.21s
[36.641s][info][gc,start       ] GC(208) Pause Full (Ergonomics)
[36.641s][info][gc,phases,start] GC(208) Marking Phase
[36.792s][info][gc,phases      ] GC(208) Marking Phase 151.378ms
[36.792s][info][gc,phases,start] GC(208) Summary Phase
[36.792s][info][gc,phases      ] GC(208) Summary Phase 0.023ms
[36.792s][info][gc,phases,start] GC(208) Adjust Roots
[36.792s][info][gc,phases      ] GC(208) Adjust Roots 0.194ms
[36.792s][info][gc,phases,start] GC(208) Compaction Phase
[36.854s][info][gc,phases      ] GC(208) Compaction Phase 61.654ms
[36.854s][info][gc,phases,start] GC(208) Post Compact
[36.856s][info][gc,phases      ] GC(208) Post Compact 1.455ms
[36.856s][info][gc,heap        ] GC(208) PSYoungGen: 23532K(78848K)->23532K(78848K) Eden: 22015K(22016K)->22015K(22016K) From: 1516K(56832K)->1516K(56832K)
[36.856s][info][gc,heap        ] GC(208) ParOldGen: 339060K(341504K)->339060K(341504K)
[36.856s][info][gc,metaspace   ] GC(208) Metaspace: 6302K(6528K)->6302K(6528K) NonClass: 5769K(5888K)->5769K(5888K) Class: 533K(640K)->533K(640K)
[36.856s][info][gc             ] GC(208) Pause Full (Ergonomics) 354M->354M(410M) 215.073ms
[36.856s][info][gc,cpu         ] GC(208) User=0.36s Sys=0.00s Real=0.22s
[36.856s][info][gc,start       ] GC(209) Pause Full (Ergonomics)
[36.856s][info][gc,phases,start] GC(209) Marking Phase
[37.007s][info][gc,phases      ] GC(209) Marking Phase 151.185ms
[37.007s][info][gc,phases,start] GC(209) Summary Phase
[37.007s][info][gc,phases      ] GC(209) Summary Phase 0.022ms
[37.007s][info][gc,phases,start] GC(209) Adjust Roots
[37.008s][info][gc,phases      ] GC(209) Adjust Roots 0.210ms
[37.008s][info][gc,phases,start] GC(209) Compaction Phase
[37.069s][info][gc,phases      ] GC(209) Compaction Phase 61.601ms
[37.069s][info][gc,phases,start] GC(209) Post Compact
[37.071s][info][gc,phases      ] GC(209) Post Compact 1.469ms
[37.071s][info][gc,heap        ] GC(209) PSYoungGen: 23532K(78848K)->23532K(78848K) Eden: 22015K(22016K)->22015K(22016K) From: 1516K(56832K)->1516K(56832K)
[37.071s][info][gc,heap        ] GC(209) ParOldGen: 339065K(341504K)->339065K(341504K)
[37.071s][info][gc,metaspace   ] GC(209) Metaspace: 6302K(6528K)->6302K(6528K) NonClass: 5769K(5888K)->5769K(5888K) Class: 533K(640K)->533K(640K)
[37.071s][info][gc             ] GC(209) Pause Full (Ergonomics) 354M->354M(410M) 214.813ms
[37.071s][info][gc,cpu         ] GC(209) User=0.38s Sys=0.00s Real=0.22s
[37.071s][info][gc,start       ] GC(210) Pause Full (Ergonomics)
[37.071s][info][gc,phases,start] GC(210) Marking Phase
[37.216s][info][gc,phases      ] GC(210) Marking Phase 144.343ms
[37.216s][info][gc,phases,start] GC(210) Summary Phase
[37.216s][info][gc,phases      ] GC(210) Summary Phase 0.026ms
[37.216s][info][gc,phases,start] GC(210) Adjust Roots
[37.216s][info][gc,phases      ] GC(210) Adjust Roots 0.222ms
[37.216s][info][gc,phases,start] GC(210) Compaction Phase
[37.271s][info][gc,phases      ] GC(210) Compaction Phase 54.941ms
[37.271s][info][gc,phases,start] GC(210) Post Compact
[37.272s][info][gc,phases      ] GC(210) Post Compact 1.509ms
[37.272s][info][gc,heap        ] GC(210) PSYoungGen: 23532K(78848K)->23532K(78848K) Eden: 22015K(22016K)->22015K(22016K) From: 1516K(56832K)->1516K(56832K)
[37.272s][info][gc,heap        ] GC(210) ParOldGen: 339069K(341504K)->339069K(341504K)
[37.273s][info][gc,metaspace   ] GC(210) Metaspace: 6302K(6528K)->6302K(6528K) NonClass: 5769K(5888K)->5769K(5888K) Class: 533K(640K)->533K(640K)
[37.273s][info][gc             ] GC(210) Pause Full (Ergonomics) 354M->354M(410M) 201.425ms
[37.273s][info][gc,cpu         ] GC(210) User=0.31s Sys=0.00s Real=0.20s
[37.273s][info][gc,start       ] GC(211) Pause Full (Ergonomics)
[37.273s][info][gc,phases,start] GC(211) Marking Phase
[37.428s][info][gc,phases      ] GC(211) Marking Phase 154.835ms
[37.428s][info][gc,phases,start] GC(211) Summary Phase
[37.428s][info][gc,phases      ] GC(211) Summary Phase 0.021ms
[37.428s][info][gc,phases,start] GC(211) Adjust Roots
[37.428s][info][gc,phases      ] GC(211) Adjust Roots 0.205ms
[37.428s][info][gc,phases,start] GC(211) Compaction Phase
[37.491s][info][gc,phases      ] GC(211) Compaction Phase 62.594ms
[37.491s][info][gc,phases,start] GC(211) Post Compact
[37.492s][info][gc,phases      ] GC(211) Post Compact 1.522ms
[37.492s][info][gc,heap        ] GC(211) PSYoungGen: 23532K(78848K)->23532K(78848K) Eden: 22015K(22016K)->22015K(22016K) From: 1516K(56832K)->1516K(56832K)
[37.492s][info][gc,heap        ] GC(211) ParOldGen: 339074K(341504K)->339074K(341504K)
[37.492s][info][gc,metaspace   ] GC(211) Metaspace: 6302K(6528K)->6302K(6528K) NonClass: 5769K(5888K)->5769K(5888K) Class: 533K(640K)->533K(640K)
[37.492s][info][gc             ] GC(211) Pause Full (Ergonomics) 354M->354M(410M) 219.548ms
[37.492s][info][gc,cpu         ] GC(211) User=0.36s Sys=0.00s Real=0.22s
[37.493s][info][gc,start       ] GC(212) Pause Full (Ergonomics)
[37.493s][info][gc,phases,start] GC(212) Marking Phase
[37.643s][info][gc,phases      ] GC(212) Marking Phase 150.333ms
[37.643s][info][gc,phases,start] GC(212) Summary Phase
[37.643s][info][gc,phases      ] GC(212) Summary Phase 0.055ms
[37.643s][info][gc,phases,start] GC(212) Adjust Roots
[37.643s][info][gc,phases      ] GC(212) Adjust Roots 0.186ms
[37.643s][info][gc,phases,start] GC(212) Compaction Phase
[37.705s][info][gc,phases      ] GC(212) Compaction Phase 61.467ms
[37.705s][info][gc,phases,start] GC(212) Post Compact
[37.706s][info][gc,phases      ] GC(212) Post Compact 1.508ms
[37.706s][info][gc,heap        ] GC(212) PSYoungGen: 23532K(78848K)->23532K(78848K) Eden: 22015K(22016K)->22015K(22016K) From: 1516K(56832K)->1516K(56832K)
[37.706s][info][gc,heap        ] GC(212) ParOldGen: 339079K(341504K)->339079K(341504K)
[37.706s][info][gc,metaspace   ] GC(212) Metaspace: 6302K(6528K)->6302K(6528K) NonClass: 5769K(5888K)->5769K(5888K) Class: 533K(640K)->533K(640K)
[37.706s][info][gc             ] GC(212) Pause Full (Ergonomics) 354M->354M(410M) 213.866ms
[37.706s][info][gc,cpu         ] GC(212) User=0.36s Sys=0.00s Real=0.21s
[37.707s][info][gc,start       ] GC(213) Pause Full (Ergonomics)
[37.707s][info][gc,phases,start] GC(213) Marking Phase
[37.863s][info][gc,phases      ] GC(213) Marking Phase 156.701ms
[37.864s][info][gc,phases,start] GC(213) Summary Phase
[37.864s][info][gc,phases      ] GC(213) Summary Phase 0.020ms
[37.864s][info][gc,phases,start] GC(213) Adjust Roots
[37.864s][info][gc,phases      ] GC(213) Adjust Roots 0.205ms
[37.864s][info][gc,phases,start] GC(213) Compaction Phase
[37.928s][info][gc,phases      ] GC(213) Compaction Phase 63.835ms
[37.928s][info][gc,phases,start] GC(213) Post Compact
[37.929s][info][gc,phases      ] GC(213) Post Compact 1.466ms
[37.929s][info][gc,heap        ] GC(213) PSYoungGen: 23532K(78848K)->23532K(78848K) Eden: 22015K(22016K)->22015K(22016K) From: 1516K(56832K)->1516K(56832K)
[37.929s][info][gc,heap        ] GC(213) ParOldGen: 339083K(341504K)->339083K(341504K)
[37.929s][info][gc,metaspace   ] GC(213) Metaspace: 6302K(6528K)->6302K(6528K) NonClass: 5769K(5888K)->5769K(5888K) Class: 533K(640K)->533K(640K)
[37.929s][info][gc             ] GC(213) Pause Full (Ergonomics) 354M->354M(410M) 222.544ms
[37.929s][info][gc,cpu         ] GC(213) User=0.36s Sys=0.00s Real=0.22s
[37.930s][info][gc,start       ] GC(214) Pause Full (Ergonomics)
[37.930s][info][gc,phases,start] GC(214) Marking Phase
[38.080s][info][gc,phases      ] GC(214) Marking Phase 150.565ms
[38.080s][info][gc,phases,start] GC(214) Summary Phase
[38.080s][info][gc,phases      ] GC(214) Summary Phase 0.022ms
[38.080s][info][gc,phases,start] GC(214) Adjust Roots
[38.080s][info][gc,phases      ] GC(214) Adjust Roots 0.219ms
[38.080s][info][gc,phases,start] GC(214) Compaction Phase
[38.142s][info][gc,phases      ] GC(214) Compaction Phase 61.812ms
[38.142s][info][gc,phases,start] GC(214) Post Compact
[38.144s][info][gc,phases      ] GC(214) Post Compact 1.467ms
[38.144s][info][gc,heap        ] GC(214) PSYoungGen: 23532K(78848K)->23532K(78848K) Eden: 22015K(22016K)->22015K(22016K) From: 1516K(56832K)->1516K(56832K)
[38.144s][info][gc,heap        ] GC(214) ParOldGen: 339088K(341504K)->339088K(341504K)
[38.144s][info][gc,metaspace   ] GC(214) Metaspace: 6302K(6528K)->6302K(6528K) NonClass: 5769K(5888K)->5769K(5888K) Class: 533K(640K)->533K(640K)
[38.144s][info][gc             ] GC(214) Pause Full (Ergonomics) 354M->354M(410M) 214.428ms
[38.144s][info][gc,cpu         ] GC(214) User=0.39s Sys=0.00s Real=0.21s
[38.144s][info][gc,start       ] GC(215) Pause Full (Ergonomics)
[38.144s][info][gc,phases,start] GC(215) Marking Phase
[38.295s][info][gc,phases      ] GC(215) Marking Phase 150.275ms
[38.295s][info][gc,phases,start] GC(215) Summary Phase
[38.295s][info][gc,phases      ] GC(215) Summary Phase 0.034ms
[38.295s][info][gc,phases,start] GC(215) Adjust Roots
[38.295s][info][gc,phases      ] GC(215) Adjust Roots 0.264ms
[38.295s][info][gc,phases,start] GC(215) Compaction Phase
[38.356s][info][gc,phases      ] GC(215) Compaction Phase 60.888ms
[38.356s][info][gc,phases,start] GC(215) Post Compact
[38.358s][info][gc,phases      ] GC(215) Post Compact 1.471ms
[38.358s][info][gc,heap        ] GC(215) PSYoungGen: 23532K(78848K)->23532K(78848K) Eden: 22015K(22016K)->22015K(22016K) From: 1516K(56832K)->1516K(56832K)
[38.358s][info][gc,heap        ] GC(215) ParOldGen: 339093K(341504K)->339093K(341504K)
[38.358s][info][gc,metaspace   ] GC(215) Metaspace: 6302K(6528K)->6302K(6528K) NonClass: 5769K(5888K)->5769K(5888K) Class: 533K(640K)->533K(640K)
[38.358s][info][gc             ] GC(215) Pause Full (Ergonomics) 354M->354M(410M) 213.357ms
[38.358s][info][gc,cpu         ] GC(215) User=0.36s Sys=0.00s Real=0.21s
[38.358s][info][gc,start       ] GC(216) Pause Full (Ergonomics)
[38.358s][info][gc,phases,start] GC(216) Marking Phase
[38.508s][info][gc,phases      ] GC(216) Marking Phase 150.462ms
[38.508s][info][gc,phases,start] GC(216) Summary Phase
[38.508s][info][gc,phases      ] GC(216) Summary Phase 0.034ms
[38.509s][info][gc,phases,start] GC(216) Adjust Roots
[38.509s][info][gc,phases      ] GC(216) Adjust Roots 0.254ms
[38.509s][info][gc,phases,start] GC(216) Compaction Phase
[38.571s][info][gc,phases      ] GC(216) Compaction Phase 61.948ms
[38.571s][info][gc,phases,start] GC(216) Post Compact
[38.572s][info][gc,phases      ] GC(216) Post Compact 1.522ms
[38.572s][info][gc,heap        ] GC(216) PSYoungGen: 23532K(78848K)->23532K(78848K) Eden: 22015K(22016K)->22015K(22016K) From: 1516K(56832K)->1516K(56832K)
[38.572s][info][gc,heap        ] GC(216) ParOldGen: 339097K(341504K)->339097K(341504K)
[38.572s][info][gc,metaspace   ] GC(216) Metaspace: 6302K(6528K)->6302K(6528K) NonClass: 5769K(5888K)->5769K(5888K) Class: 533K(640K)->533K(640K)
[38.573s][info][gc             ] GC(216) Pause Full (Ergonomics) 354M->354M(410M) 214.613ms
[38.573s][info][gc,cpu         ] GC(216) User=0.36s Sys=0.00s Real=0.21s
[38.573s][info][gc,start       ] GC(217) Pause Full (Ergonomics)
[38.573s][info][gc,phases,start] GC(217) Marking Phase
[38.724s][info][gc,phases      ] GC(217) Marking Phase 151.696ms
[38.725s][info][gc,phases,start] GC(217) Summary Phase
[38.725s][info][gc,phases      ] GC(217) Summary Phase 0.035ms
[38.725s][info][gc,phases,start] GC(217) Adjust Roots
[38.725s][info][gc,phases      ] GC(217) Adjust Roots 0.276ms
[38.725s][info][gc,phases,start] GC(217) Compaction Phase
[38.786s][info][gc,phases      ] GC(217) Compaction Phase 61.160ms
[38.786s][info][gc,phases,start] GC(217) Post Compact
[38.788s][info][gc,phases      ] GC(217) Post Compact 1.498ms
[38.788s][info][gc,heap        ] GC(217) PSYoungGen: 23532K(78848K)->23532K(78848K) Eden: 22015K(22016K)->22015K(22016K) From: 1516K(56832K)->1516K(56832K)
[38.788s][info][gc,heap        ] GC(217) ParOldGen: 339102K(341504K)->339102K(341504K)
[38.788s][info][gc,metaspace   ] GC(217) Metaspace: 6302K(6528K)->6302K(6528K) NonClass: 5769K(5888K)->5769K(5888K) Class: 533K(640K)->533K(640K)
[38.788s][info][gc             ] GC(217) Pause Full (Ergonomics) 354M->354M(410M) 215.055ms
[38.788s][info][gc,cpu         ] GC(217) User=0.41s Sys=0.00s Real=0.22s
[38.788s][info][gc,start       ] GC(218) Pause Full (Ergonomics)
[38.788s][info][gc,phases,start] GC(218) Marking Phase
[38.939s][info][gc,phases      ] GC(218) Marking Phase 150.979ms
[38.939s][info][gc,phases,start] GC(218) Summary Phase
[38.939s][info][gc,phases      ] GC(218) Summary Phase 0.034ms
[38.939s][info][gc,phases,start] GC(218) Adjust Roots
[38.939s][info][gc,phases      ] GC(218) Adjust Roots 0.255ms
[38.939s][info][gc,phases,start] GC(218) Compaction Phase
[39.000s][info][gc,phases      ] GC(218) Compaction Phase 60.117ms
[39.000s][info][gc,phases,start] GC(218) Post Compact
[39.001s][info][gc,phases      ] GC(218) Post Compact 1.500ms
[39.001s][info][gc,heap        ] GC(218) PSYoungGen: 23532K(78848K)->23532K(78848K) Eden: 22015K(22016K)->22015K(22016K) From: 1516K(56832K)->1516K(56832K)
[39.001s][info][gc,heap        ] GC(218) ParOldGen: 339107K(341504K)->339107K(341504K)
[39.001s][info][gc,metaspace   ] GC(218) Metaspace: 6302K(6528K)->6302K(6528K) NonClass: 5769K(5888K)->5769K(5888K) Class: 533K(640K)->533K(640K)
[39.001s][info][gc             ] GC(218) Pause Full (Ergonomics) 354M->354M(410M) 213.252ms
[39.001s][info][gc,cpu         ] GC(218) User=0.36s Sys=0.00s Real=0.21s
[39.002s][info][gc,start       ] GC(219) Pause Full (Ergonomics)
[39.002s][info][gc,phases,start] GC(219) Marking Phase
[39.153s][info][gc,phases      ] GC(219) Marking Phase 151.329ms
[39.153s][info][gc,phases,start] GC(219) Summary Phase
[39.153s][info][gc,phases      ] GC(219) Summary Phase 0.021ms
[39.153s][info][gc,phases,start] GC(219) Adjust Roots
[39.153s][info][gc,phases      ] GC(219) Adjust Roots 0.194ms
[39.153s][info][gc,phases,start] GC(219) Compaction Phase
[39.214s][info][gc,phases      ] GC(219) Compaction Phase 61.113ms
[39.214s][info][gc,phases,start] GC(219) Post Compact
[39.216s][info][gc,phases      ] GC(219) Post Compact 1.493ms
[39.216s][info][gc,heap        ] GC(219) PSYoungGen: 23532K(78848K)->23532K(78848K) Eden: 22015K(22016K)->22015K(22016K) From: 1516K(56832K)->1516K(56832K)
[39.216s][info][gc,heap        ] GC(219) ParOldGen: 339111K(341504K)->339111K(341504K)
[39.216s][info][gc,metaspace   ] GC(219) Metaspace: 6302K(6528K)->6302K(6528K) NonClass: 5769K(5888K)->5769K(5888K) Class: 533K(640K)->533K(640K)
[39.216s][info][gc             ] GC(219) Pause Full (Ergonomics) 354M->354M(410M) 214.482ms
[39.216s][info][gc,cpu         ] GC(219) User=0.36s Sys=0.00s Real=0.21s
[39.216s][info][gc,start       ] GC(220) Pause Full (Ergonomics)
[39.216s][info][gc,phases,start] GC(220) Marking Phase
[39.368s][info][gc,phases      ] GC(220) Marking Phase 151.352ms
[39.368s][info][gc,phases,start] GC(220) Summary Phase
[39.368s][info][gc,phases      ] GC(220) Summary Phase 0.022ms
[39.368s][info][gc,phases,start] GC(220) Adjust Roots
[39.368s][info][gc,phases      ] GC(220) Adjust Roots 0.223ms
[39.368s][info][gc,phases,start] GC(220) Compaction Phase
[39.429s][info][gc,phases      ] GC(220) Compaction Phase 60.943ms
[39.429s][info][gc,phases,start] GC(220) Post Compact
[39.431s][info][gc,phases      ] GC(220) Post Compact 1.497ms
[39.431s][info][gc,heap        ] GC(220) PSYoungGen: 23532K(78848K)->23532K(78848K) Eden: 22015K(22016K)->22015K(22016K) From: 1516K(56832K)->1516K(56832K)
[39.431s][info][gc,heap        ] GC(220) ParOldGen: 339116K(341504K)->339116K(341504K)
[39.431s][info][gc,metaspace   ] GC(220) Metaspace: 6302K(6528K)->6302K(6528K) NonClass: 5769K(5888K)->5769K(5888K) Class: 533K(640K)->533K(640K)
[39.431s][info][gc             ] GC(220) Pause Full (Ergonomics) 354M->354M(410M) 214.373ms
[39.431s][info][gc,cpu         ] GC(220) User=0.36s Sys=0.00s Real=0.21s
[39.431s][info][gc,start       ] GC(221) Pause Full (Ergonomics)
[39.431s][info][gc,phases,start] GC(221) Marking Phase
[39.582s][info][gc,phases      ] GC(221) Marking Phase 150.964ms
[39.582s][info][gc,phases,start] GC(221) Summary Phase
[39.582s][info][gc,phases      ] GC(221) Summary Phase 0.022ms
[39.582s][info][gc,phases,start] GC(221) Adjust Roots
[39.582s][info][gc,phases      ] GC(221) Adjust Roots 0.209ms
[39.582s][info][gc,phases,start] GC(221) Compaction Phase
[39.644s][info][gc,phases      ] GC(221) Compaction Phase 61.561ms
[39.644s][info][gc,phases,start] GC(221) Post Compact
[39.645s][info][gc,phases      ] GC(221) Post Compact 1.581ms
[39.646s][info][gc,heap        ] GC(221) PSYoungGen: 23532K(78848K)->23532K(78848K) Eden: 22015K(22016K)->22015K(22016K) From: 1516K(56832K)->1516K(56832K)
[39.646s][info][gc,heap        ] GC(221) ParOldGen: 339121K(341504K)->339121K(341504K)
[39.646s][info][gc,metaspace   ] GC(221) Metaspace: 6302K(6528K)->6302K(6528K) NonClass: 5769K(5888K)->5769K(5888K) Class: 533K(640K)->533K(640K)
[39.646s][info][gc             ] GC(221) Pause Full (Ergonomics) 354M->354M(410M) 214.671ms
[39.646s][info][gc,cpu         ] GC(221) User=0.39s Sys=0.00s Real=0.22s
[39.646s][info][gc,start       ] GC(222) Pause Full (Ergonomics)
[39.646s][info][gc,phases,start] GC(222) Marking Phase
[39.797s][info][gc,phases      ] GC(222) Marking Phase 151.366ms
[39.797s][info][gc,phases,start] GC(222) Summary Phase
[39.797s][info][gc,phases      ] GC(222) Summary Phase 0.022ms
[39.797s][info][gc,phases,start] GC(222) Adjust Roots
[39.798s][info][gc,phases      ] GC(222) Adjust Roots 0.196ms
[39.798s][info][gc,phases,start] GC(222) Compaction Phase
[39.857s][info][gc,phases      ] GC(222) Compaction Phase 59.581ms
[39.857s][info][gc,phases,start] GC(222) Post Compact
[39.859s][info][gc,phases      ] GC(222) Post Compact 1.672ms
[39.859s][info][gc,heap        ] GC(222) PSYoungGen: 23532K(78848K)->23532K(78848K) Eden: 22015K(22016K)->22015K(22016K) From: 1516K(56832K)->1516K(56832K)
[39.859s][info][gc,heap        ] GC(222) ParOldGen: 339125K(341504K)->339125K(341504K)
[39.859s][info][gc,metaspace   ] GC(222) Metaspace: 6302K(6528K)->6302K(6528K) NonClass: 5769K(5888K)->5769K(5888K) Class: 533K(640K)->533K(640K)
[39.859s][info][gc             ] GC(222) Pause Full (Ergonomics) 354M->354M(410M) 213.172ms
[39.859s][info][gc,cpu         ] GC(222) User=0.38s Sys=0.00s Real=0.21s
[39.859s][info][gc,start       ] GC(223) Pause Full (Ergonomics)
[39.859s][info][gc,phases,start] GC(223) Marking Phase
[40.009s][info][gc,phases      ] GC(223) Marking Phase 149.135ms
[40.009s][info][gc,phases,start] GC(223) Summary Phase
[40.009s][info][gc,phases      ] GC(223) Summary Phase 0.034ms
[40.009s][info][gc,phases,start] GC(223) Adjust Roots
[40.009s][info][gc,phases      ] GC(223) Adjust Roots 0.253ms
[40.009s][info][gc,phases,start] GC(223) Compaction Phase
[40.069s][info][gc,phases      ] GC(223) Compaction Phase 60.130ms
[40.069s][info][gc,phases,start] GC(223) Post Compact
[40.071s][info][gc,phases      ] GC(223) Post Compact 1.482ms
[40.071s][info][gc,heap        ] GC(223) PSYoungGen: 23532K(78848K)->23532K(78848K) Eden: 22015K(22016K)->22015K(22016K) From: 1516K(56832K)->1516K(56832K)
[40.071s][info][gc,heap        ] GC(223) ParOldGen: 339130K(341504K)->339130K(341504K)
[40.071s][info][gc,metaspace   ] GC(223) Metaspace: 6302K(6528K)->6302K(6528K) NonClass: 5769K(5888K)->5769K(5888K) Class: 533K(640K)->533K(640K)
[40.071s][info][gc             ] GC(223) Pause Full (Ergonomics) 354M->354M(410M) 211.507ms
[40.071s][info][gc,cpu         ] GC(223) User=0.38s Sys=0.00s Real=0.21s
[40.071s][info][gc,start       ] GC(224) Pause Full (Ergonomics)
[40.071s][info][gc,phases,start] GC(224) Marking Phase
[40.216s][info][gc,phases      ] GC(224) Marking Phase 144.537ms
[40.216s][info][gc,phases,start] GC(224) Summary Phase
[40.216s][info][gc,phases      ] GC(224) Summary Phase 0.035ms
[40.216s][info][gc,phases,start] GC(224) Adjust Roots
[40.216s][info][gc,phases      ] GC(224) Adjust Roots 0.247ms
[40.216s][info][gc,phases,start] GC(224) Compaction Phase
[40.271s][info][gc,phases      ] GC(224) Compaction Phase 54.535ms
[40.271s][info][gc,phases,start] GC(224) Post Compact
[40.272s][info][gc,phases      ] GC(224) Post Compact 1.473ms
[40.272s][info][gc,heap        ] GC(224) PSYoungGen: 23532K(78848K)->23532K(78848K) Eden: 22015K(22016K)->22015K(22016K) From: 1516K(56832K)->1516K(56832K)
[40.272s][info][gc,heap        ] GC(224) ParOldGen: 339135K(341504K)->339135K(341504K)
[40.272s][info][gc,metaspace   ] GC(224) Metaspace: 6302K(6528K)->6302K(6528K) NonClass: 5769K(5888K)->5769K(5888K) Class: 533K(640K)->533K(640K)
[40.272s][info][gc             ] GC(224) Pause Full (Ergonomics) 354M->354M(410M) 201.223ms
[40.272s][info][gc,cpu         ] GC(224) User=0.34s Sys=0.00s Real=0.20s
[40.273s][info][gc,start       ] GC(225) Pause Full (Ergonomics)
[40.273s][info][gc,phases,start] GC(225) Marking Phase
[40.423s][info][gc,phases      ] GC(225) Marking Phase 150.477ms
[40.423s][info][gc,phases,start] GC(225) Summary Phase
[40.423s][info][gc,phases      ] GC(225) Summary Phase 0.054ms
[40.423s][info][gc,phases,start] GC(225) Adjust Roots
[40.424s][info][gc,phases      ] GC(225) Adjust Roots 0.283ms
[40.424s][info][gc,phases,start] GC(225) Compaction Phase
[40.485s][info][gc,phases      ] GC(225) Compaction Phase 61.761ms
[40.486s][info][gc,phases,start] GC(225) Post Compact
[40.487s][info][gc,phases      ] GC(225) Post Compact 1.492ms
[40.487s][info][gc,heap        ] GC(225) PSYoungGen: 23532K(78848K)->23532K(78848K) Eden: 22015K(22016K)->22015K(22016K) From: 1516K(56832K)->1516K(56832K)
[40.487s][info][gc,heap        ] GC(225) ParOldGen: 339139K(341504K)->339139K(341504K)
[40.487s][info][gc,metaspace   ] GC(225) Metaspace: 6302K(6528K)->6302K(6528K) NonClass: 5769K(5888K)->5769K(5888K) Class: 533K(640K)->533K(640K)
[40.487s][info][gc             ] GC(225) Pause Full (Ergonomics) 354M->354M(410M) 214.478ms
[40.487s][info][gc,cpu         ] GC(225) User=0.36s Sys=0.00s Real=0.21s
[40.487s][info][gc,start       ] GC(226) Pause Full (Ergonomics)
[40.487s][info][gc,phases,start] GC(226) Marking Phase
[40.638s][info][gc,phases      ] GC(226) Marking Phase 150.370ms
[40.638s][info][gc,phases,start] GC(226) Summary Phase
[40.638s][info][gc,phases      ] GC(226) Summary Phase 0.034ms
[40.638s][info][gc,phases,start] GC(226) Adjust Roots
[40.638s][info][gc,phases      ] GC(226) Adjust Roots 0.255ms
[40.638s][info][gc,phases,start] GC(226) Compaction Phase
[40.700s][info][gc,phases      ] GC(226) Compaction Phase 62.073ms
[40.700s][info][gc,phases,start] GC(226) Post Compact
[40.702s][info][gc,phases      ] GC(226) Post Compact 1.492ms
[40.702s][info][gc,heap        ] GC(226) PSYoungGen: 23532K(78848K)->23532K(78848K) Eden: 22015K(22016K)->22015K(22016K) From: 1516K(56832K)->1516K(56832K)
[40.702s][info][gc,heap        ] GC(226) ParOldGen: 339144K(341504K)->339144K(341504K)
[40.702s][info][gc,metaspace   ] GC(226) Metaspace: 6302K(6528K)->6302K(6528K) NonClass: 5769K(5888K)->5769K(5888K) Class: 533K(640K)->533K(640K)
[40.702s][info][gc             ] GC(226) Pause Full (Ergonomics) 354M->354M(410M) 214.656ms
[40.702s][info][gc,cpu         ] GC(226) User=0.36s Sys=0.00s Real=0.22s
[40.702s][info][gc,start       ] GC(227) Pause Full (Ergonomics)
[40.702s][info][gc,phases,start] GC(227) Marking Phase
[40.853s][info][gc,phases      ] GC(227) Marking Phase 150.699ms
[40.853s][info][gc,phases,start] GC(227) Summary Phase
[40.853s][info][gc,phases      ] GC(227) Summary Phase 0.034ms
[40.853s][info][gc,phases,start] GC(227) Adjust Roots
[40.853s][info][gc,phases      ] GC(227) Adjust Roots 0.262ms
[40.854s][info][gc,phases,start] GC(227) Compaction Phase
[40.915s][info][gc,phases      ] GC(227) Compaction Phase 61.853ms
[40.915s][info][gc,phases,start] GC(227) Post Compact
[40.917s][info][gc,phases      ] GC(227) Post Compact 1.552ms
[40.917s][info][gc,heap        ] GC(227) PSYoungGen: 23532K(78848K)->23532K(78848K) Eden: 22015K(22016K)->22015K(22016K) From: 1516K(56832K)->1516K(56832K)
[40.917s][info][gc,heap        ] GC(227) ParOldGen: 339149K(341504K)->339149K(341504K)
[40.917s][info][gc,metaspace   ] GC(227) Metaspace: 6302K(6528K)->6302K(6528K) NonClass: 5769K(5888K)->5769K(5888K) Class: 533K(640K)->533K(640K)
[40.917s][info][gc             ] GC(227) Pause Full (Ergonomics) 354M->354M(410M) 214.846ms
[40.917s][info][gc,cpu         ] GC(227) User=0.36s Sys=0.00s Real=0.21s
[40.917s][info][gc,start       ] GC(228) Pause Full (Ergonomics)
[40.917s][info][gc,phases,start] GC(228) Marking Phase
[41.069s][info][gc,phases      ] GC(228) Marking Phase 151.302ms
[41.069s][info][gc,phases,start] GC(228) Summary Phase
[41.069s][info][gc,phases      ] GC(228) Summary Phase 0.022ms
[41.069s][info][gc,phases,start] GC(228) Adjust Roots
[41.069s][info][gc,phases      ] GC(228) Adjust Roots 0.194ms
[41.069s][info][gc,phases,start] GC(228) Compaction Phase
[41.130s][info][gc,phases      ] GC(228) Compaction Phase 61.161ms
[41.130s][info][gc,phases,start] GC(228) Post Compact
[41.132s][info][gc,phases      ] GC(228) Post Compact 1.608ms
[41.132s][info][gc,heap        ] GC(228) PSYoungGen: 23532K(78848K)->23532K(78848K) Eden: 22015K(22016K)->22015K(22016K) From: 1516K(56832K)->1516K(56832K)
[41.132s][info][gc,heap        ] GC(228) ParOldGen: 339153K(341504K)->339153K(341504K)
[41.132s][info][gc,metaspace   ] GC(228) Metaspace: 6302K(6528K)->6302K(6528K) NonClass: 5769K(5888K)->5769K(5888K) Class: 533K(640K)->533K(640K)
[41.132s][info][gc             ] GC(228) Pause Full (Ergonomics) 354M->354M(410M) 214.647ms
[41.132s][info][gc,cpu         ] GC(228) User=0.41s Sys=0.00s Real=0.21s
[41.132s][info][gc,start       ] GC(229) Pause Full (Ergonomics)
[41.132s][info][gc,phases,start] GC(229) Marking Phase
[41.283s][info][gc,phases      ] GC(229) Marking Phase 150.993ms
[41.283s][info][gc,phases,start] GC(229) Summary Phase
[41.283s][info][gc,phases      ] GC(229) Summary Phase 0.021ms
[41.283s][info][gc,phases,start] GC(229) Adjust Roots
[41.284s][info][gc,phases      ] GC(229) Adjust Roots 0.206ms
[41.284s][info][gc,phases,start] GC(229) Compaction Phase
[41.345s][info][gc,phases      ] GC(229) Compaction Phase 60.897ms
[41.345s][info][gc,phases,start] GC(229) Post Compact
[41.346s][info][gc,phases      ] GC(229) Post Compact 1.474ms
[41.346s][info][gc,heap        ] GC(229) PSYoungGen: 23532K(78848K)->23532K(78848K) Eden: 22015K(22016K)->22015K(22016K) From: 1516K(56832K)->1516K(56832K)
[41.346s][info][gc,heap        ] GC(229) ParOldGen: 339158K(341504K)->339158K(341504K)
[41.346s][info][gc,metaspace   ] GC(229) Metaspace: 6302K(6528K)->6302K(6528K) NonClass: 5769K(5888K)->5769K(5888K) Class: 533K(640K)->533K(640K)
[41.346s][info][gc             ] GC(229) Pause Full (Ergonomics) 354M->354M(410M) 213.915ms
[41.346s][info][gc,cpu         ] GC(229) User=0.36s Sys=0.00s Real=0.21s
[41.347s][info][gc,start       ] GC(230) Pause Full (Ergonomics)
[41.347s][info][gc,phases,start] GC(230) Marking Phase
[41.497s][info][gc,phases      ] GC(230) Marking Phase 150.365ms
[41.497s][info][gc,phases,start] GC(230) Summary Phase
[41.497s][info][gc,phases      ] GC(230) Summary Phase 0.022ms
[41.497s][info][gc,phases,start] GC(230) Adjust Roots
[41.497s][info][gc,phases      ] GC(230) Adjust Roots 0.185ms
[41.497s][info][gc,phases,start] GC(230) Compaction Phase
[41.558s][info][gc,phases      ] GC(230) Compaction Phase 60.986ms
[41.558s][info][gc,phases,start] GC(230) Post Compact
[41.560s][info][gc,phases      ] GC(230) Post Compact 1.486ms
[41.560s][info][gc,heap        ] GC(230) PSYoungGen: 23532K(78848K)->23532K(78848K) Eden: 22015K(22016K)->22015K(22016K) From: 1516K(56832K)->1516K(56832K)
[41.560s][info][gc,heap        ] GC(230) ParOldGen: 339163K(341504K)->339163K(341504K)
[41.560s][info][gc,metaspace   ] GC(230) Metaspace: 6302K(6528K)->6302K(6528K) NonClass: 5769K(5888K)->5769K(5888K) Class: 533K(640K)->533K(640K)
[41.560s][info][gc             ] GC(230) Pause Full (Ergonomics) 354M->354M(410M) 213.440ms
[41.560s][info][gc,cpu         ] GC(230) User=0.34s Sys=0.00s Real=0.21s
[41.560s][info][gc,start       ] GC(231) Pause Full (Ergonomics)
[41.560s][info][gc,phases,start] GC(231) Marking Phase
[41.704s][info][gc,phases      ] GC(231) Marking Phase 143.414ms
[41.704s][info][gc,phases,start] GC(231) Summary Phase
[41.704s][info][gc,phases      ] GC(231) Summary Phase 0.022ms
[41.704s][info][gc,phases,start] GC(231) Adjust Roots
[41.704s][info][gc,phases      ] GC(231) Adjust Roots 0.198ms
[41.704s][info][gc,phases,start] GC(231) Compaction Phase
[41.759s][info][gc,phases      ] GC(231) Compaction Phase 54.833ms
[41.759s][info][gc,phases,start] GC(231) Post Compact
[41.760s][info][gc,phases      ] GC(231) Post Compact 1.483ms
[41.760s][info][gc,heap        ] GC(231) PSYoungGen: 23532K(78848K)->23532K(78848K) Eden: 22015K(22016K)->22015K(22016K) From: 1516K(56832K)->1516K(56832K)
[41.760s][info][gc,heap        ] GC(231) ParOldGen: 339167K(341504K)->339167K(341504K)
[41.760s][info][gc,metaspace   ] GC(231) Metaspace: 6302K(6528K)->6302K(6528K) NonClass: 5769K(5888K)->5769K(5888K) Class: 533K(640K)->533K(640K)
[41.761s][info][gc             ] GC(231) Pause Full (Ergonomics) 354M->354M(410M) 200.274ms
[41.761s][info][gc,cpu         ] GC(231) User=0.31s Sys=0.00s Real=0.20s
[41.761s][info][gc,start       ] GC(232) Pause Full (Ergonomics)
[41.761s][info][gc,phases,start] GC(232) Marking Phase
[41.911s][info][gc,phases      ] GC(232) Marking Phase 150.057ms
[41.911s][info][gc,phases,start] GC(232) Summary Phase
[41.911s][info][gc,phases      ] GC(232) Summary Phase 0.046ms
[41.911s][info][gc,phases,start] GC(232) Adjust Roots
[41.911s][info][gc,phases      ] GC(232) Adjust Roots 0.200ms
[41.911s][info][gc,phases,start] GC(232) Compaction Phase
[41.972s][info][gc,phases      ] GC(232) Compaction Phase 61.042ms
[41.972s][info][gc,phases,start] GC(232) Post Compact
[41.974s][info][gc,phases      ] GC(232) Post Compact 1.485ms
[41.974s][info][gc,heap        ] GC(232) PSYoungGen: 23532K(78848K)->23532K(78848K) Eden: 22015K(22016K)->22015K(22016K) From: 1516K(56832K)->1516K(56832K)
[41.974s][info][gc,heap        ] GC(232) ParOldGen: 339172K(341504K)->339172K(341504K)
[41.974s][info][gc,metaspace   ] GC(232) Metaspace: 6302K(6528K)->6302K(6528K) NonClass: 5769K(5888K)->5769K(5888K) Class: 533K(640K)->533K(640K)
[41.974s][info][gc             ] GC(232) Pause Full (Ergonomics) 354M->354M(410M) 213.155ms
[41.974s][info][gc,cpu         ] GC(232) User=0.39s Sys=0.00s Real=0.21s
[41.974s][info][gc,start       ] GC(233) Pause Full (Ergonomics)
[41.974s][info][gc,phases,start] GC(233) Marking Phase
[42.126s][info][gc,phases      ] GC(233) Marking Phase 151.342ms
[42.126s][info][gc,phases,start] GC(233) Summary Phase
[42.126s][info][gc,phases      ] GC(233) Summary Phase 0.022ms
[42.126s][info][gc,phases,start] GC(233) Adjust Roots
[42.126s][info][gc,phases      ] GC(233) Adjust Roots 0.205ms
[42.126s][info][gc,phases,start] GC(233) Compaction Phase
[42.185s][info][gc,phases      ] GC(233) Compaction Phase 59.064ms
[42.185s][info][gc,phases,start] GC(233) Post Compact
[42.187s][info][gc,phases      ] GC(233) Post Compact 1.639ms
[42.187s][info][gc,heap        ] GC(233) PSYoungGen: 23532K(78848K)->23532K(78848K) Eden: 22015K(22016K)->22015K(22016K) From: 1516K(56832K)->1516K(56832K)
[42.187s][info][gc,heap        ] GC(233) ParOldGen: 339177K(341504K)->339177K(341504K)
[42.187s][info][gc,metaspace   ] GC(233) Metaspace: 6302K(6528K)->6302K(6528K) NonClass: 5769K(5888K)->5769K(5888K) Class: 533K(640K)->533K(640K)
[42.187s][info][gc             ] GC(233) Pause Full (Ergonomics) 354M->354M(410M) 212.612ms
[42.187s][info][gc,cpu         ] GC(233) User=0.34s Sys=0.00s Real=0.21s
[42.187s][info][gc,start       ] GC(234) Pause Full (Ergonomics)
[42.187s][info][gc,phases,start] GC(234) Marking Phase
[42.338s][info][gc,phases      ] GC(234) Marking Phase 151.059ms
[42.338s][info][gc,phases,start] GC(234) Summary Phase
[42.338s][info][gc,phases      ] GC(234) Summary Phase 0.021ms
[42.338s][info][gc,phases,start] GC(234) Adjust Roots
[42.338s][info][gc,phases      ] GC(234) Adjust Roots 0.198ms
[42.338s][info][gc,phases,start] GC(234) Compaction Phase
[42.399s][info][gc,phases      ] GC(234) Compaction Phase 60.828ms
[42.399s][info][gc,phases,start] GC(234) Post Compact
[42.401s][info][gc,phases      ] GC(234) Post Compact 1.472ms
[42.401s][info][gc,heap        ] GC(234) PSYoungGen: 23532K(78848K)->23532K(78848K) Eden: 22015K(22016K)->22015K(22016K) From: 1516K(56832K)->1516K(56832K)
[42.401s][info][gc,heap        ] GC(234) ParOldGen: 339181K(341504K)->339181K(341504K)
[42.401s][info][gc,metaspace   ] GC(234) Metaspace: 6302K(6528K)->6302K(6528K) NonClass: 5769K(5888K)->5769K(5888K) Class: 533K(640K)->533K(640K)
[42.401s][info][gc             ] GC(234) Pause Full (Ergonomics) 354M->354M(410M) 213.902ms
[42.401s][info][gc,cpu         ] GC(234) User=0.36s Sys=0.00s Real=0.21s
[42.401s][info][gc,start       ] GC(235) Pause Full (Ergonomics)
[42.401s][info][gc,phases,start] GC(235) Marking Phase
[42.553s][info][gc,phases      ] GC(235) Marking Phase 151.266ms
[42.553s][info][gc,phases,start] GC(235) Summary Phase
[42.553s][info][gc,phases      ] GC(235) Summary Phase 0.035ms
[42.553s][info][gc,phases,start] GC(235) Adjust Roots
[42.553s][info][gc,phases      ] GC(235) Adjust Roots 0.262ms
[42.553s][info][gc,phases,start] GC(235) Compaction Phase
[42.614s][info][gc,phases      ] GC(235) Compaction Phase 61.019ms
[42.614s][info][gc,phases,start] GC(235) Post Compact
[42.616s][info][gc,phases      ] GC(235) Post Compact 1.485ms
[42.616s][info][gc,heap        ] GC(235) PSYoungGen: 23532K(78848K)->23532K(78848K) Eden: 22015K(22016K)->22015K(22016K) From: 1516K(56832K)->1516K(56832K)
[42.616s][info][gc,heap        ] GC(235) ParOldGen: 339186K(341504K)->339186K(341504K)
[42.616s][info][gc,metaspace   ] GC(235) Metaspace: 6302K(6528K)->6302K(6528K) NonClass: 5769K(5888K)->5769K(5888K) Class: 533K(640K)->533K(640K)
[42.616s][info][gc             ] GC(235) Pause Full (Ergonomics) 354M->354M(410M) 214.514ms
[42.616s][info][gc,cpu         ] GC(235) User=0.39s Sys=0.00s Real=0.21s
[42.616s][info][gc,start       ] GC(236) Pause Full (Ergonomics)
[42.616s][info][gc,phases,start] GC(236) Marking Phase
[42.761s][info][gc,phases      ] GC(236) Marking Phase 144.805ms
[42.761s][info][gc,phases,start] GC(236) Summary Phase
[42.761s][info][gc,phases      ] GC(236) Summary Phase 0.055ms
[42.761s][info][gc,phases,start] GC(236) Adjust Roots
[42.761s][info][gc,phases      ] GC(236) Adjust Roots 0.193ms
[42.761s][info][gc,phases,start] GC(236) Compaction Phase
[42.815s][info][gc,phases      ] GC(236) Compaction Phase 54.205ms
[42.816s][info][gc,phases,start] GC(236) Post Compact
[42.817s][info][gc,phases      ] GC(236) Post Compact 1.517ms
[42.817s][info][gc,heap        ] GC(236) PSYoungGen: 23532K(78848K)->23532K(78848K) Eden: 22015K(22016K)->22015K(22016K) From: 1516K(56832K)->1516K(56832K)
[42.817s][info][gc,heap        ] GC(236) ParOldGen: 339191K(341504K)->339191K(341504K)
[42.817s][info][gc,metaspace   ] GC(236) Metaspace: 6302K(6528K)->6302K(6528K) NonClass: 5769K(5888K)->5769K(5888K) Class: 533K(640K)->533K(640K)
[42.817s][info][gc             ] GC(236) Pause Full (Ergonomics) 354M->354M(410M) 201.122ms
[42.817s][info][gc,cpu         ] GC(236) User=0.31s Sys=0.00s Real=0.20s
[42.817s][info][gc,start       ] GC(237) Pause Full (Ergonomics)
[42.817s][info][gc,phases,start] GC(237) Marking Phase
[42.969s][info][gc,phases      ] GC(237) Marking Phase 151.328ms
[42.969s][info][gc,phases,start] GC(237) Summary Phase
[42.969s][info][gc,phases      ] GC(237) Summary Phase 0.034ms
[42.969s][info][gc,phases,start] GC(237) Adjust Roots
[42.969s][info][gc,phases      ] GC(237) Adjust Roots 0.254ms
[42.969s][info][gc,phases,start] GC(237) Compaction Phase
[43.030s][info][gc,phases      ] GC(237) Compaction Phase 61.131ms
[43.030s][info][gc,phases,start] GC(237) Post Compact
[43.032s][info][gc,phases      ] GC(237) Post Compact 1.797ms
[43.032s][info][gc,heap        ] GC(237) PSYoungGen: 23532K(78848K)->23532K(78848K) Eden: 22015K(22016K)->22015K(22016K) From: 1516K(56832K)->1516K(56832K)
[43.032s][info][gc,heap        ] GC(237) ParOldGen: 339195K(341504K)->339195K(341504K)
[43.032s][info][gc,metaspace   ] GC(237) Metaspace: 6302K(6528K)->6302K(6528K) NonClass: 5769K(5888K)->5769K(5888K) Class: 533K(640K)->533K(640K)
[43.032s][info][gc             ] GC(237) Pause Full (Ergonomics) 354M->354M(410M) 214.941ms
[43.032s][info][gc,cpu         ] GC(237) User=0.36s Sys=0.00s Real=0.22s
[43.033s][info][gc,start       ] GC(238) Pause Full (Ergonomics)
[43.033s][info][gc,phases,start] GC(238) Marking Phase
[43.182s][info][gc,phases      ] GC(238) Marking Phase 149.400ms
[43.182s][info][gc,phases,start] GC(238) Summary Phase
[43.182s][info][gc,phases      ] GC(238) Summary Phase 0.023ms
[43.182s][info][gc,phases,start] GC(238) Adjust Roots
[43.182s][info][gc,phases      ] GC(238) Adjust Roots 0.198ms
[43.182s][info][gc,phases,start] GC(238) Compaction Phase
[43.244s][info][gc,phases      ] GC(238) Compaction Phase 61.329ms
[43.244s][info][gc,phases,start] GC(238) Post Compact
[43.245s][info][gc,phases      ] GC(238) Post Compact 1.465ms
[43.245s][info][gc,heap        ] GC(238) PSYoungGen: 23532K(78848K)->23532K(78848K) Eden: 22015K(22016K)->22015K(22016K) From: 1516K(56832K)->1516K(56832K)
[43.245s][info][gc,heap        ] GC(238) ParOldGen: 339200K(341504K)->339200K(341504K)
[43.245s][info][gc,metaspace   ] GC(238) Metaspace: 6302K(6528K)->6302K(6528K) NonClass: 5769K(5888K)->5769K(5888K) Class: 533K(640K)->533K(640K)
[43.245s][info][gc             ] GC(238) Pause Full (Ergonomics) 354M->354M(410M) 212.750ms
[43.245s][info][gc,cpu         ] GC(238) User=0.36s Sys=0.00s Real=0.21s
[43.246s][info][gc,start       ] GC(239) Pause Full (Ergonomics)
[43.246s][info][gc,phases,start] GC(239) Marking Phase
[43.396s][info][gc,phases      ] GC(239) Marking Phase 150.651ms
[43.396s][info][gc,phases,start] GC(239) Summary Phase
[43.396s][info][gc,phases      ] GC(239) Summary Phase 0.022ms
[43.396s][info][gc,phases,start] GC(239) Adjust Roots
[43.397s][info][gc,phases      ] GC(239) Adjust Roots 0.185ms
[43.397s][info][gc,phases,start] GC(239) Compaction Phase
[43.458s][info][gc,phases      ] GC(239) Compaction Phase 60.968ms
[43.458s][info][gc,phases,start] GC(239) Post Compact
[43.459s][info][gc,phases      ] GC(239) Post Compact 1.487ms
[43.459s][info][gc,heap        ] GC(239) PSYoungGen: 23532K(78848K)->23532K(78848K) Eden: 22015K(22016K)->22015K(22016K) From: 1516K(56832K)->1516K(56832K)
[43.459s][info][gc,heap        ] GC(239) ParOldGen: 339205K(341504K)->339205K(341504K)
[43.459s][info][gc,metaspace   ] GC(239) Metaspace: 6302K(6528K)->6302K(6528K) NonClass: 5769K(5888K)->5769K(5888K) Class: 533K(640K)->533K(640K)
[43.459s][info][gc             ] GC(239) Pause Full (Ergonomics) 354M->354M(410M) 213.639ms
[43.459s][info][gc,cpu         ] GC(239) User=0.39s Sys=0.02s Real=0.21s
[43.460s][info][gc,start       ] GC(240) Pause Full (Ergonomics)
[43.460s][info][gc,phases,start] GC(240) Marking Phase
[43.611s][info][gc,phases      ] GC(240) Marking Phase 151.539ms
[43.611s][info][gc,phases,start] GC(240) Summary Phase
[43.611s][info][gc,phases      ] GC(240) Summary Phase 0.022ms
[43.611s][info][gc,phases,start] GC(240) Adjust Roots
[43.611s][info][gc,phases      ] GC(240) Adjust Roots 0.221ms
[43.612s][info][gc,phases,start] GC(240) Compaction Phase
[43.671s][info][gc,phases      ] GC(240) Compaction Phase 59.380ms
[43.671s][info][gc,phases,start] GC(240) Post Compact
[43.673s][info][gc,phases      ] GC(240) Post Compact 1.561ms
[43.673s][info][gc,heap        ] GC(240) PSYoungGen: 23532K(78848K)->23532K(78848K) Eden: 22015K(22016K)->22015K(22016K) From: 1516K(56832K)->1516K(56832K)
[43.673s][info][gc,heap        ] GC(240) ParOldGen: 339209K(341504K)->339209K(341504K)
[43.673s][info][gc,metaspace   ] GC(240) Metaspace: 6302K(6528K)->6302K(6528K) NonClass: 5769K(5888K)->5769K(5888K) Class: 533K(640K)->533K(640K)
[43.673s][info][gc             ] GC(240) Pause Full (Ergonomics) 354M->354M(410M) 213.076ms
[43.673s][info][gc,cpu         ] GC(240) User=0.36s Sys=0.00s Real=0.21s
[43.673s][info][gc,start       ] GC(241) Pause Full (Ergonomics)
[43.673s][info][gc,phases,start] GC(241) Marking Phase
[43.823s][info][gc,phases      ] GC(241) Marking Phase 150.112ms
[43.823s][info][gc,phases,start] GC(241) Summary Phase
[43.823s][info][gc,phases      ] GC(241) Summary Phase 0.022ms
[43.823s][info][gc,phases,start] GC(241) Adjust Roots
[43.823s][info][gc,phases      ] GC(241) Adjust Roots 0.215ms
[43.823s][info][gc,phases,start] GC(241) Compaction Phase
[43.885s][info][gc,phases      ] GC(241) Compaction Phase 61.137ms
[43.885s][info][gc,phases,start] GC(241) Post Compact
[43.886s][info][gc,phases      ] GC(241) Post Compact 1.490ms
[43.886s][info][gc,heap        ] GC(241) PSYoungGen: 23532K(78848K)->23532K(78848K) Eden: 22015K(22016K)->22015K(22016K) From: 1516K(56832K)->1516K(56832K)
[43.886s][info][gc,heap        ] GC(241) ParOldGen: 339214K(341504K)->339214K(341504K)
[43.886s][info][gc,metaspace   ] GC(241) Metaspace: 6302K(6528K)->6302K(6528K) NonClass: 5769K(5888K)->5769K(5888K) Class: 533K(640K)->533K(640K)
[43.886s][info][gc             ] GC(241) Pause Full (Ergonomics) 354M->354M(410M) 213.297ms
[43.886s][info][gc,cpu         ] GC(241) User=0.38s Sys=0.00s Real=0.21s
[43.887s][info][gc,start       ] GC(242) Pause Full (Ergonomics)
[43.887s][info][gc,phases,start] GC(242) Marking Phase
[44.038s][info][gc,phases      ] GC(242) Marking Phase 151.604ms
[44.038s][info][gc,phases,start] GC(242) Summary Phase
[44.038s][info][gc,phases      ] GC(242) Summary Phase 0.022ms
[44.038s][info][gc,phases,start] GC(242) Adjust Roots
[44.038s][info][gc,phases      ] GC(242) Adjust Roots 0.204ms
[44.038s][info][gc,phases,start] GC(242) Compaction Phase
[44.100s][info][gc,phases      ] GC(242) Compaction Phase 61.298ms
[44.100s][info][gc,phases,start] GC(242) Post Compact
[44.101s][info][gc,phases      ] GC(242) Post Compact 1.482ms
[44.101s][info][gc,heap        ] GC(242) PSYoungGen: 23532K(78848K)->23532K(78848K) Eden: 22015K(22016K)->22015K(22016K) From: 1516K(56832K)->1516K(56832K)
[44.101s][info][gc,heap        ] GC(242) ParOldGen: 339219K(341504K)->339219K(341504K)
[44.101s][info][gc,metaspace   ] GC(242) Metaspace: 6302K(6528K)->6302K(6528K) NonClass: 5769K(5888K)->5769K(5888K) Class: 533K(640K)->533K(640K)
[44.101s][info][gc             ] GC(242) Pause Full (Ergonomics) 354M->354M(410M) 214.937ms
[44.101s][info][gc,cpu         ] GC(242) User=0.39s Sys=0.00s Real=0.22s
[44.102s][info][gc,start       ] GC(243) Pause Full (Ergonomics)
[44.102s][info][gc,phases,start] GC(243) Marking Phase
[44.253s][info][gc,phases      ] GC(243) Marking Phase 151.365ms
[44.253s][info][gc,phases,start] GC(243) Summary Phase
[44.253s][info][gc,phases      ] GC(243) Summary Phase 0.022ms
[44.253s][info][gc,phases,start] GC(243) Adjust Roots
[44.253s][info][gc,phases      ] GC(243) Adjust Roots 0.221ms
[44.253s][info][gc,phases,start] GC(243) Compaction Phase
[44.315s][info][gc,phases      ] GC(243) Compaction Phase 61.184ms
[44.315s][info][gc,phases,start] GC(243) Post Compact
[44.316s][info][gc,phases      ] GC(243) Post Compact 1.500ms
[44.316s][info][gc,heap        ] GC(243) PSYoungGen: 23532K(78848K)->23532K(78848K) Eden: 22015K(22016K)->22015K(22016K) From: 1516K(56832K)->1516K(56832K)
[44.316s][info][gc,heap        ] GC(243) ParOldGen: 339223K(341504K)->339223K(341504K)
[44.316s][info][gc,metaspace   ] GC(243) Metaspace: 6302K(6528K)->6302K(6528K) NonClass: 5769K(5888K)->5769K(5888K) Class: 533K(640K)->533K(640K)
[44.316s][info][gc             ] GC(243) Pause Full (Ergonomics) 354M->354M(410M) 214.612ms
[44.316s][info][gc,cpu         ] GC(243) User=0.36s Sys=0.00s Real=0.21s
[44.317s][info][gc,start       ] GC(244) Pause Full (Ergonomics)
[44.317s][info][gc,phases,start] GC(244) Marking Phase
[44.468s][info][gc,phases      ] GC(244) Marking Phase 151.621ms
[44.468s][info][gc,phases,start] GC(244) Summary Phase
[44.468s][info][gc,phases      ] GC(244) Summary Phase 0.021ms
[44.468s][info][gc,phases,start] GC(244) Adjust Roots
[44.469s][info][gc,phases      ] GC(244) Adjust Roots 0.199ms
[44.469s][info][gc,phases,start] GC(244) Compaction Phase
[44.530s][info][gc,phases      ] GC(244) Compaction Phase 61.502ms
[44.530s][info][gc,phases,start] GC(244) Post Compact
[44.532s][info][gc,phases      ] GC(244) Post Compact 1.492ms
[44.532s][info][gc,heap        ] GC(244) PSYoungGen: 23532K(78848K)->23532K(78848K) Eden: 22015K(22016K)->22015K(22016K) From: 1516K(56832K)->1516K(56832K)
[44.532s][info][gc,heap        ] GC(244) ParOldGen: 339228K(341504K)->339228K(341504K)
[44.532s][info][gc,metaspace   ] GC(244) Metaspace: 6302K(6528K)->6302K(6528K) NonClass: 5769K(5888K)->5769K(5888K) Class: 533K(640K)->533K(640K)
[44.532s][info][gc             ] GC(244) Pause Full (Ergonomics) 354M->354M(410M) 215.160ms
[44.532s][info][gc,cpu         ] GC(244) User=0.36s Sys=0.00s Real=0.22s
[44.532s][info][gc,start       ] GC(245) Pause Full (Ergonomics)
[44.532s][info][gc,phases,start] GC(245) Marking Phase
[44.682s][info][gc,phases      ] GC(245) Marking Phase 150.396ms
[44.683s][info][gc,phases,start] GC(245) Summary Phase
[44.683s][info][gc,phases      ] GC(245) Summary Phase 0.022ms
[44.683s][info][gc,phases,start] GC(245) Adjust Roots
[44.683s][info][gc,phases      ] GC(245) Adjust Roots 0.192ms
[44.683s][info][gc,phases,start] GC(245) Compaction Phase
[44.745s][info][gc,phases      ] GC(245) Compaction Phase 61.738ms
[44.745s][info][gc,phases,start] GC(245) Post Compact
[44.746s][info][gc,phases      ] GC(245) Post Compact 1.490ms
[44.746s][info][gc,heap        ] GC(245) PSYoungGen: 23532K(78848K)->23532K(78848K) Eden: 22015K(22016K)->22015K(22016K) From: 1516K(56832K)->1516K(56832K)
[44.746s][info][gc,heap        ] GC(245) ParOldGen: 339233K(341504K)->339233K(341504K)
[44.746s][info][gc,metaspace   ] GC(245) Metaspace: 6302K(6528K)->6302K(6528K) NonClass: 5769K(5888K)->5769K(5888K) Class: 533K(640K)->533K(640K)
[44.746s][info][gc             ] GC(245) Pause Full (Ergonomics) 354M->354M(410M) 214.164ms
[44.746s][info][gc,cpu         ] GC(245) User=0.38s Sys=0.00s Real=0.21s
[44.746s][info][gc,start       ] GC(246) Pause Full (Ergonomics)
[44.746s][info][gc,phases,start] GC(246) Marking Phase
[44.898s][info][gc,phases      ] GC(246) Marking Phase 151.517ms
[44.898s][info][gc,phases,start] GC(246) Summary Phase
[44.898s][info][gc,phases      ] GC(246) Summary Phase 0.022ms
[44.898s][info][gc,phases,start] GC(246) Adjust Roots
[44.898s][info][gc,phases      ] GC(246) Adjust Roots 0.199ms
[44.898s][info][gc,phases,start] GC(246) Compaction Phase
[44.959s][info][gc,phases      ] GC(246) Compaction Phase 61.139ms
[44.960s][info][gc,phases,start] GC(246) Post Compact
[44.961s][info][gc,phases      ] GC(246) Post Compact 1.494ms
[44.961s][info][gc,heap        ] GC(246) PSYoungGen: 23532K(78848K)->23532K(78848K) Eden: 22015K(22016K)->22015K(22016K) From: 1516K(56832K)->1516K(56832K)
[44.961s][info][gc,heap        ] GC(246) ParOldGen: 339237K(341504K)->339237K(341504K)
[44.961s][info][gc,metaspace   ] GC(246) Metaspace: 6302K(6528K)->6302K(6528K) NonClass: 5769K(5888K)->5769K(5888K) Class: 533K(640K)->533K(640K)
[44.961s][info][gc             ] GC(246) Pause Full (Ergonomics) 354M->354M(410M) 214.698ms
[44.961s][info][gc,cpu         ] GC(246) User=0.36s Sys=0.00s Real=0.21s
[44.961s][info][gc,start       ] GC(247) Pause Full (Ergonomics)
[44.961s][info][gc,phases,start] GC(247) Marking Phase
[45.113s][info][gc,phases      ] GC(247) Marking Phase 151.236ms
[45.113s][info][gc,phases,start] GC(247) Summary Phase
[45.113s][info][gc,phases      ] GC(247) Summary Phase 0.022ms
[45.113s][info][gc,phases,start] GC(247) Adjust Roots
[45.113s][info][gc,phases      ] GC(247) Adjust Roots 0.204ms
[45.113s][info][gc,phases,start] GC(247) Compaction Phase
[45.174s][info][gc,phases      ] GC(247) Compaction Phase 60.876ms
[45.174s][info][gc,phases,start] GC(247) Post Compact
[45.176s][info][gc,phases      ] GC(247) Post Compact 1.554ms
[45.176s][info][gc,heap        ] GC(247) PSYoungGen: 23532K(78848K)->23532K(78848K) Eden: 22015K(22016K)->22015K(22016K) From: 1516K(56832K)->1516K(56832K)
[45.176s][info][gc,heap        ] GC(247) ParOldGen: 339242K(341504K)->339242K(341504K)
[45.176s][info][gc,metaspace   ] GC(247) Metaspace: 6302K(6528K)->6302K(6528K) NonClass: 5769K(5888K)->5769K(5888K) Class: 533K(640K)->533K(640K)
[45.176s][info][gc             ] GC(247) Pause Full (Ergonomics) 354M->354M(410M) 214.231ms
[45.176s][info][gc,cpu         ] GC(247) User=0.36s Sys=0.00s Real=0.22s
[45.176s][info][gc,start       ] GC(248) Pause Full (Ergonomics)
[45.176s][info][gc,phases,start] GC(248) Marking Phase
[45.321s][info][gc,phases      ] GC(248) Marking Phase 144.732ms
[45.321s][info][gc,phases,start] GC(248) Summary Phase
[45.321s][info][gc,phases      ] GC(248) Summary Phase 0.022ms
[45.321s][info][gc,phases,start] GC(248) Adjust Roots
[45.321s][info][gc,phases      ] GC(248) Adjust Roots 0.191ms
[45.321s][info][gc,phases,start] GC(248) Compaction Phase
[45.376s][info][gc,phases      ] GC(248) Compaction Phase 54.666ms
[45.376s][info][gc,phases,start] GC(248) Post Compact
[45.377s][info][gc,phases      ] GC(248) Post Compact 1.726ms
[45.378s][info][gc,heap        ] GC(248) PSYoungGen: 23532K(78848K)->23532K(78848K) Eden: 22015K(22016K)->22015K(22016K) From: 1516K(56832K)->1516K(56832K)
[45.378s][info][gc,heap        ] GC(248) ParOldGen: 339247K(341504K)->339247K(341504K)
[45.378s][info][gc,metaspace   ] GC(248) Metaspace: 6302K(6528K)->6302K(6528K) NonClass: 5769K(5888K)->5769K(5888K) Class: 533K(640K)->533K(640K)
[45.378s][info][gc             ] GC(248) Pause Full (Ergonomics) 354M->354M(410M) 201.666ms
[45.378s][info][gc,cpu         ] GC(248) User=0.34s Sys=0.00s Real=0.20s
[45.378s][info][gc,start       ] GC(249) Pause Full (Ergonomics)
[45.378s][info][gc,phases,start] GC(249) Marking Phase
[45.530s][info][gc,phases      ] GC(249) Marking Phase 151.907ms
[45.530s][info][gc,phases,start] GC(249) Summary Phase
[45.530s][info][gc,phases      ] GC(249) Summary Phase 0.022ms
[45.530s][info][gc,phases,start] GC(249) Adjust Roots
[45.530s][info][gc,phases      ] GC(249) Adjust Roots 0.221ms
[45.530s][info][gc,phases,start] GC(249) Compaction Phase
[45.591s][info][gc,phases      ] GC(249) Compaction Phase 61.004ms
[45.591s][info][gc,phases,start] GC(249) Post Compact
[45.593s][info][gc,phases      ] GC(249) Post Compact 1.626ms
[45.593s][info][gc,heap        ] GC(249) PSYoungGen: 23532K(78848K)->23532K(78848K) Eden: 22015K(22016K)->22015K(22016K) From: 1516K(56832K)->1516K(56832K)
[45.593s][info][gc,heap        ] GC(249) ParOldGen: 339251K(341504K)->339251K(341504K)
[45.593s][info][gc,metaspace   ] GC(249) Metaspace: 6302K(6528K)->6302K(6528K) NonClass: 5769K(5888K)->5769K(5888K) Class: 533K(640K)->533K(640K)
[45.593s][info][gc             ] GC(249) Pause Full (Ergonomics) 354M->354M(410M) 215.121ms
[45.593s][info][gc,cpu         ] GC(249) User=0.34s Sys=0.00s Real=0.21s
[45.593s][info][gc,start       ] GC(250) Pause Full (Ergonomics)
[45.593s][info][gc,phases,start] GC(250) Marking Phase
[45.743s][info][gc,phases      ] GC(250) Marking Phase 150.164ms
[45.743s][info][gc,phases,start] GC(250) Summary Phase
[45.743s][info][gc,phases      ] GC(250) Summary Phase 0.022ms
[45.743s][info][gc,phases,start] GC(250) Adjust Roots
[45.744s][info][gc,phases      ] GC(250) Adjust Roots 0.200ms
[45.744s][info][gc,phases,start] GC(250) Compaction Phase
[45.804s][info][gc,phases      ] GC(250) Compaction Phase 60.499ms
[45.804s][info][gc,phases,start] GC(250) Post Compact
[45.806s][info][gc,phases      ] GC(250) Post Compact 1.505ms
[45.806s][info][gc,heap        ] GC(250) PSYoungGen: 23532K(78848K)->23532K(78848K) Eden: 22015K(22016K)->22015K(22016K) From: 1516K(56832K)->1516K(56832K)
[45.806s][info][gc,heap        ] GC(250) ParOldGen: 339256K(341504K)->339256K(341504K)
[45.806s][info][gc,metaspace   ] GC(250) Metaspace: 6302K(6528K)->6302K(6528K) NonClass: 5769K(5888K)->5769K(5888K) Class: 533K(640K)->533K(640K)
[45.806s][info][gc             ] GC(250) Pause Full (Ergonomics) 354M->354M(410M) 212.718ms
[45.806s][info][gc,cpu         ] GC(250) User=0.38s Sys=0.00s Real=0.21s
[45.806s][info][gc,start       ] GC(251) Pause Full (Ergonomics)
[45.806s][info][gc,phases,start] GC(251) Marking Phase
[45.957s][info][gc,phases      ] GC(251) Marking Phase 150.755ms
[45.957s][info][gc,phases,start] GC(251) Summary Phase
[45.957s][info][gc,phases      ] GC(251) Summary Phase 0.022ms
[45.957s][info][gc,phases,start] GC(251) Adjust Roots
[45.957s][info][gc,phases      ] GC(251) Adjust Roots 0.186ms
[45.957s][info][gc,phases,start] GC(251) Compaction Phase
[46.018s][info][gc,phases      ] GC(251) Compaction Phase 61.244ms
[46.019s][info][gc,phases,start] GC(251) Post Compact
[46.020s][info][gc,phases      ] GC(251) Post Compact 1.479ms
[46.020s][info][gc,heap        ] GC(251) PSYoungGen: 23532K(78848K)->23532K(78848K) Eden: 22015K(22016K)->22015K(22016K) From: 1516K(56832K)->1516K(56832K)
[46.020s][info][gc,heap        ] GC(251) ParOldGen: 339261K(341504K)->339261K(341504K)
[46.020s][info][gc,metaspace   ] GC(251) Metaspace: 6302K(6528K)->6302K(6528K) NonClass: 5769K(5888K)->5769K(5888K) Class: 533K(640K)->533K(640K)
[46.020s][info][gc             ] GC(251) Pause Full (Ergonomics) 354M->354M(410M) 214.013ms
[46.020s][info][gc,cpu         ] GC(251) User=0.39s Sys=0.00s Real=0.21s
[46.020s][info][gc,start       ] GC(252) Pause Full (Ergonomics)
[46.020s][info][gc,phases,start] GC(252) Marking Phase
[46.171s][info][gc,phases      ] GC(252) Marking Phase 150.741ms
[46.171s][info][gc,phases,start] GC(252) Summary Phase
[46.171s][info][gc,phases      ] GC(252) Summary Phase 0.022ms
[46.171s][info][gc,phases,start] GC(252) Adjust Roots
[46.172s][info][gc,phases      ] GC(252) Adjust Roots 0.221ms
[46.172s][info][gc,phases,start] GC(252) Compaction Phase
[46.232s][info][gc,phases      ] GC(252) Compaction Phase 60.807ms
[46.232s][info][gc,phases,start] GC(252) Post Compact
[46.234s][info][gc,phases      ] GC(252) Post Compact 1.473ms
[46.234s][info][gc,heap        ] GC(252) PSYoungGen: 23532K(78848K)->23532K(78848K) Eden: 22015K(22016K)->22015K(22016K) From: 1516K(56832K)->1516K(56832K)
[46.234s][info][gc,heap        ] GC(252) ParOldGen: 339265K(341504K)->339265K(341504K)
[46.234s][info][gc,metaspace   ] GC(252) Metaspace: 6302K(6528K)->6302K(6528K) NonClass: 5769K(5888K)->5769K(5888K) Class: 533K(640K)->533K(640K)
[46.234s][info][gc             ] GC(252) Pause Full (Ergonomics) 354M->354M(410M) 213.614ms
[46.234s][info][gc,cpu         ] GC(252) User=0.36s Sys=0.00s Real=0.21s
[46.234s][info][gc,start       ] GC(253) Pause Full (Ergonomics)
[46.234s][info][gc,phases,start] GC(253) Marking Phase
[46.385s][info][gc,phases      ] GC(253) Marking Phase 150.185ms
[46.385s][info][gc,phases,start] GC(253) Summary Phase
[46.385s][info][gc,phases      ] GC(253) Summary Phase 0.022ms
[46.385s][info][gc,phases,start] GC(253) Adjust Roots
[46.385s][info][gc,phases      ] GC(253) Adjust Roots 0.220ms
[46.385s][info][gc,phases,start] GC(253) Compaction Phase
[46.446s][info][gc,phases      ] GC(253) Compaction Phase 60.911ms
[46.446s][info][gc,phases,start] GC(253) Post Compact
[46.447s][info][gc,phases      ] GC(253) Post Compact 1.545ms
[46.447s][info][gc,heap        ] GC(253) PSYoungGen: 23532K(78848K)->23532K(78848K) Eden: 22015K(22016K)->22015K(22016K) From: 1516K(56832K)->1516K(56832K)
[46.447s][info][gc,heap        ] GC(253) ParOldGen: 339270K(341504K)->339270K(341504K)
[46.448s][info][gc,metaspace   ] GC(253) Metaspace: 6302K(6528K)->6302K(6528K) NonClass: 5769K(5888K)->5769K(5888K) Class: 533K(640K)->533K(640K)
[46.448s][info][gc             ] GC(253) Pause Full (Ergonomics) 354M->354M(410M) 213.229ms
[46.448s][info][gc,cpu         ] GC(253) User=0.36s Sys=0.00s Real=0.21s
[46.448s][info][gc,start       ] GC(254) Pause Full (Ergonomics)
[46.448s][info][gc,phases,start] GC(254) Marking Phase
[46.598s][info][gc,phases      ] GC(254) Marking Phase 150.438ms
[46.598s][info][gc,phases,start] GC(254) Summary Phase
[46.598s][info][gc,phases      ] GC(254) Summary Phase 0.021ms
[46.598s][info][gc,phases,start] GC(254) Adjust Roots
[46.599s][info][gc,phases      ] GC(254) Adjust Roots 0.195ms
[46.599s][info][gc,phases,start] GC(254) Compaction Phase
[46.659s][info][gc,phases      ] GC(254) Compaction Phase 59.915ms
[46.659s][info][gc,phases,start] GC(254) Post Compact
[46.660s][info][gc,phases      ] GC(254) Post Compact 1.575ms
[46.660s][info][gc,heap        ] GC(254) PSYoungGen: 23532K(78848K)->23532K(78848K) Eden: 22015K(22016K)->22015K(22016K) From: 1516K(56832K)->1516K(56832K)
[46.660s][info][gc,heap        ] GC(254) ParOldGen: 339275K(341504K)->339275K(341504K)
[46.660s][info][gc,metaspace   ] GC(254) Metaspace: 6302K(6528K)->6302K(6528K) NonClass: 5769K(5888K)->5769K(5888K) Class: 533K(640K)->533K(640K)
[46.660s][info][gc             ] GC(254) Pause Full (Ergonomics) 354M->354M(410M) 212.458ms
[46.660s][info][gc,cpu         ] GC(254) User=0.39s Sys=0.00s Real=0.21s
[46.661s][info][gc,start       ] GC(255) Pause Full (Ergonomics)
[46.661s][info][gc,phases,start] GC(255) Marking Phase
[46.810s][info][gc,phases      ] GC(255) Marking Phase 149.770ms
[46.810s][info][gc,phases,start] GC(255) Summary Phase
[46.810s][info][gc,phases      ] GC(255) Summary Phase 0.022ms
[46.810s][info][gc,phases,start] GC(255) Adjust Roots
[46.811s][info][gc,phases      ] GC(255) Adjust Roots 0.230ms
[46.811s][info][gc,phases,start] GC(255) Compaction Phase
[46.871s][info][gc,phases      ] GC(255) Compaction Phase 60.773ms
[46.872s][info][gc,phases,start] GC(255) Post Compact
[46.873s][info][gc,phases      ] GC(255) Post Compact 1.487ms
[46.873s][info][gc,heap        ] GC(255) PSYoungGen: 23532K(78848K)->23532K(78848K) Eden: 22015K(22016K)->22015K(22016K) From: 1516K(56832K)->1516K(56832K)
[46.873s][info][gc,heap        ] GC(255) ParOldGen: 339279K(341504K)->339279K(341504K)
[46.873s][info][gc,metaspace   ] GC(255) Metaspace: 6302K(6528K)->6302K(6528K) NonClass: 5769K(5888K)->5769K(5888K) Class: 533K(640K)->533K(640K)
[46.873s][info][gc             ] GC(255) Pause Full (Ergonomics) 354M->354M(410M) 212.605ms
[46.873s][info][gc,cpu         ] GC(255) User=0.36s Sys=0.00s Real=0.21s
[46.873s][info][gc,start       ] GC(256) Pause Full (Ergonomics)
[46.873s][info][gc,phases,start] GC(256) Marking Phase
[47.023s][info][gc,phases      ] GC(256) Marking Phase 149.653ms
[47.023s][info][gc,phases,start] GC(256) Summary Phase
[47.023s][info][gc,phases      ] GC(256) Summary Phase 0.022ms
[47.023s][info][gc,phases,start] GC(256) Adjust Roots
[47.023s][info][gc,phases      ] GC(256) Adjust Roots 0.223ms
[47.023s][info][gc,phases,start] GC(256) Compaction Phase
[47.085s][info][gc,phases      ] GC(256) Compaction Phase 61.582ms
[47.085s][info][gc,phases,start] GC(256) Post Compact
[47.087s][info][gc,phases      ] GC(256) Post Compact 1.491ms
[47.087s][info][gc,heap        ] GC(256) PSYoungGen: 23532K(78848K)->23532K(78848K) Eden: 22015K(22016K)->22015K(22016K) From: 1516K(56832K)->1516K(56832K)
[47.087s][info][gc,heap        ] GC(256) ParOldGen: 339284K(341504K)->339284K(341504K)
[47.087s][info][gc,metaspace   ] GC(256) Metaspace: 6302K(6528K)->6302K(6528K) NonClass: 5769K(5888K)->5769K(5888K) Class: 533K(640K)->533K(640K)
[47.087s][info][gc             ] GC(256) Pause Full (Ergonomics) 354M->354M(410M) 213.298ms
[47.087s][info][gc,cpu         ] GC(256) User=0.36s Sys=0.00s Real=0.21s
[47.087s][info][gc,start       ] GC(257) Pause Full (Ergonomics)
[47.087s][info][gc,phases,start] GC(257) Marking Phase
[47.237s][info][gc,phases      ] GC(257) Marking Phase 150.044ms
[47.237s][info][gc,phases,start] GC(257) Summary Phase
[47.237s][info][gc,phases      ] GC(257) Summary Phase 0.022ms
[47.237s][info][gc,phases,start] GC(257) Adjust Roots
[47.237s][info][gc,phases      ] GC(257) Adjust Roots 0.206ms
[47.237s][info][gc,phases,start] GC(257) Compaction Phase
[47.298s][info][gc,phases      ] GC(257) Compaction Phase 61.131ms
[47.299s][info][gc,phases,start] GC(257) Post Compact
[47.300s][info][gc,phases      ] GC(257) Post Compact 1.479ms
[47.300s][info][gc,heap        ] GC(257) PSYoungGen: 23532K(78848K)->23532K(78848K) Eden: 22015K(22016K)->22015K(22016K) From: 1516K(56832K)->1516K(56832K)
[47.300s][info][gc,heap        ] GC(257) ParOldGen: 339289K(341504K)->339289K(341504K)
[47.300s][info][gc,metaspace   ] GC(257) Metaspace: 6302K(6528K)->6302K(6528K) NonClass: 5769K(5888K)->5769K(5888K) Class: 533K(640K)->533K(640K)
[47.300s][info][gc             ] GC(257) Pause Full (Ergonomics) 354M->354M(410M) 213.233ms
[47.300s][info][gc,cpu         ] GC(257) User=0.41s Sys=0.00s Real=0.21s
[47.300s][info][gc,start       ] GC(258) Pause Full (Ergonomics)
[47.300s][info][gc,phases,start] GC(258) Marking Phase
[47.450s][info][gc,phases      ] GC(258) Marking Phase 150.001ms
[47.450s][info][gc,phases,start] GC(258) Summary Phase
[47.450s][info][gc,phases      ] GC(258) Summary Phase 0.022ms
[47.451s][info][gc,phases,start] GC(258) Adjust Roots
[47.451s][info][gc,phases      ] GC(258) Adjust Roots 0.203ms
[47.451s][info][gc,phases,start] GC(258) Compaction Phase
[47.512s][info][gc,phases      ] GC(258) Compaction Phase 61.032ms
[47.512s][info][gc,phases,start] GC(258) Post Compact
[47.513s][info][gc,phases      ] GC(258) Post Compact 1.496ms
[47.513s][info][gc,heap        ] GC(258) PSYoungGen: 23532K(78848K)->23532K(78848K) Eden: 22015K(22016K)->22015K(22016K) From: 1516K(56832K)->1516K(56832K)
[47.513s][info][gc,heap        ] GC(258) ParOldGen: 339293K(341504K)->339293K(341504K)
[47.513s][info][gc,metaspace   ] GC(258) Metaspace: 6302K(6528K)->6302K(6528K) NonClass: 5769K(5888K)->5769K(5888K) Class: 533K(640K)->533K(640K)
[47.513s][info][gc             ] GC(258) Pause Full (Ergonomics) 354M->354M(410M) 213.074ms
[47.513s][info][gc,cpu         ] GC(258) User=0.34s Sys=0.00s Real=0.21s
[47.514s][info][gc,start       ] GC(259) Pause Full (Ergonomics)
[47.514s][info][gc,phases,start] GC(259) Marking Phase
[47.659s][info][gc,phases      ] GC(259) Marking Phase 144.764ms
[47.659s][info][gc,phases,start] GC(259) Summary Phase
[47.659s][info][gc,phases      ] GC(259) Summary Phase 0.022ms
[47.659s][info][gc,phases,start] GC(259) Adjust Roots
[47.659s][info][gc,phases      ] GC(259) Adjust Roots 0.201ms
[47.659s][info][gc,phases,start] GC(259) Compaction Phase
[47.713s][info][gc,phases      ] GC(259) Compaction Phase 53.882ms
[47.713s][info][gc,phases,start] GC(259) Post Compact
[47.714s][info][gc,phases      ] GC(259) Post Compact 1.490ms
[47.714s][info][gc,heap        ] GC(259) PSYoungGen: 23532K(78848K)->23532K(78848K) Eden: 22015K(22016K)->22015K(22016K) From: 1516K(56832K)->1516K(56832K)
[47.714s][info][gc,heap        ] GC(259) ParOldGen: 339298K(341504K)->339298K(341504K)
[47.714s][info][gc,metaspace   ] GC(259) Metaspace: 6302K(6528K)->6302K(6528K) NonClass: 5769K(5888K)->5769K(5888K) Class: 533K(640K)->533K(640K)
[47.714s][info][gc             ] GC(259) Pause Full (Ergonomics) 354M->354M(410M) 200.683ms
[47.714s][info][gc,cpu         ] GC(259) User=0.34s Sys=0.00s Real=0.20s
[47.715s][info][gc,start       ] GC(260) Pause Full (Ergonomics)
[47.715s][info][gc,phases,start] GC(260) Marking Phase
[47.866s][info][gc,phases      ] GC(260) Marking Phase 151.216ms
[47.866s][info][gc,phases,start] GC(260) Summary Phase
[47.866s][info][gc,phases      ] GC(260) Summary Phase 0.021ms
[47.866s][info][gc,phases,start] GC(260) Adjust Roots
[47.866s][info][gc,phases      ] GC(260) Adjust Roots 0.223ms
[47.866s][info][gc,phases,start] GC(260) Compaction Phase
[47.927s][info][gc,phases      ] GC(260) Compaction Phase 60.968ms
[47.927s][info][gc,phases,start] GC(260) Post Compact
[47.929s][info][gc,phases      ] GC(260) Post Compact 1.490ms
[47.929s][info][gc,heap        ] GC(260) PSYoungGen: 23532K(78848K)->23532K(78848K) Eden: 22015K(22016K)->22015K(22016K) From: 1516K(56832K)->1516K(56832K)
[47.929s][info][gc,heap        ] GC(260) ParOldGen: 339303K(341504K)->339303K(341504K)
[47.929s][info][gc,metaspace   ] GC(260) Metaspace: 6302K(6528K)->6302K(6528K) NonClass: 5769K(5888K)->5769K(5888K) Class: 533K(640K)->533K(640K)
[47.929s][info][gc             ] GC(260) Pause Full (Ergonomics) 354M->354M(410M) 214.278ms
[47.929s][info][gc,cpu         ] GC(260) User=0.39s Sys=0.00s Real=0.22s
[47.929s][info][gc,start       ] GC(261) Pause Full (Ergonomics)
[47.929s][info][gc,phases,start] GC(261) Marking Phase
[48.080s][info][gc,phases      ] GC(261) Marking Phase 150.306ms
[48.080s][info][gc,phases,start] GC(261) Summary Phase
[48.080s][info][gc,phases      ] GC(261) Summary Phase 0.022ms
[48.080s][info][gc,phases,start] GC(261) Adjust Roots
[48.080s][info][gc,phases      ] GC(261) Adjust Roots 0.204ms
[48.080s][info][gc,phases,start] GC(261) Compaction Phase
[48.140s][info][gc,phases      ] GC(261) Compaction Phase 60.045ms
[48.140s][info][gc,phases,start] GC(261) Post Compact
[48.141s][info][gc,phases      ] GC(261) Post Compact 1.480ms
[48.142s][info][gc,heap        ] GC(261) PSYoungGen: 23532K(78848K)->23532K(78848K) Eden: 22015K(22016K)->22015K(22016K) From: 1516K(56832K)->1516K(56832K)
[48.142s][info][gc,heap        ] GC(261) ParOldGen: 339307K(341504K)->339307K(341504K)
[48.142s][info][gc,metaspace   ] GC(261) Metaspace: 6302K(6528K)->6302K(6528K) NonClass: 5769K(5888K)->5769K(5888K) Class: 533K(640K)->533K(640K)
[48.142s][info][gc             ] GC(261) Pause Full (Ergonomics) 354M->354M(410M) 212.487ms
[48.142s][info][gc,cpu         ] GC(261) User=0.36s Sys=0.00s Real=0.21s
[48.142s][info][gc,start       ] GC(262) Pause Full (Ergonomics)
[48.142s][info][gc,phases,start] GC(262) Marking Phase
[48.294s][info][gc,phases      ] GC(262) Marking Phase 152.275ms
[48.294s][info][gc,phases,start] GC(262) Summary Phase
[48.294s][info][gc,phases      ] GC(262) Summary Phase 0.023ms
[48.294s][info][gc,phases,start] GC(262) Adjust Roots
[48.295s][info][gc,phases      ] GC(262) Adjust Roots 0.207ms
[48.295s][info][gc,phases,start] GC(262) Compaction Phase
[48.355s][info][gc,phases      ] GC(262) Compaction Phase 60.283ms
[48.355s][info][gc,phases,start] GC(262) Post Compact
[48.356s][info][gc,phases      ] GC(262) Post Compact 1.541ms
[48.357s][info][gc,heap        ] GC(262) PSYoungGen: 23532K(78848K)->23532K(78848K) Eden: 22015K(22016K)->22015K(22016K) From: 1516K(56832K)->1516K(56832K)
[48.357s][info][gc,heap        ] GC(262) ParOldGen: 339312K(341504K)->339312K(341504K)
[48.357s][info][gc,metaspace   ] GC(262) Metaspace: 6302K(6528K)->6302K(6528K) NonClass: 5769K(5888K)->5769K(5888K) Class: 533K(640K)->533K(640K)
[48.357s][info][gc             ] GC(262) Pause Full (Ergonomics) 354M->354M(410M) 214.658ms
[48.357s][info][gc,cpu         ] GC(262) User=0.36s Sys=0.00s Real=0.22s
[48.357s][info][gc,start       ] GC(263) Pause Full (Ergonomics)
[48.357s][info][gc,phases,start] GC(263) Marking Phase
[48.500s][info][gc,phases      ] GC(263) Marking Phase 143.331ms
[48.500s][info][gc,phases,start] GC(263) Summary Phase
[48.500s][info][gc,phases      ] GC(263) Summary Phase 0.022ms
[48.500s][info][gc,phases,start] GC(263) Adjust Roots
[48.500s][info][gc,phases      ] GC(263) Adjust Roots 0.189ms
[48.500s][info][gc,phases,start] GC(263) Compaction Phase
[48.555s][info][gc,phases      ] GC(263) Compaction Phase 54.434ms
[48.555s][info][gc,phases,start] GC(263) Post Compact
[48.557s][info][gc,phases      ] GC(263) Post Compact 1.549ms
[48.557s][info][gc,heap        ] GC(263) PSYoungGen: 23532K(78848K)->23532K(78848K) Eden: 22015K(22016K)->22015K(22016K) From: 1516K(56832K)->1516K(56832K)
[48.557s][info][gc,heap        ] GC(263) ParOldGen: 339317K(341504K)->339317K(341504K)
[48.557s][info][gc,metaspace   ] GC(263) Metaspace: 6302K(6528K)->6302K(6528K) NonClass: 5769K(5888K)->5769K(5888K) Class: 533K(640K)->533K(640K)
[48.557s][info][gc             ] GC(263) Pause Full (Ergonomics) 354M->354M(410M) 199.906ms
[48.557s][info][gc,cpu         ] GC(263) User=0.31s Sys=0.00s Real=0.20s
[48.557s][info][gc,start       ] GC(264) Pause Full (Ergonomics)
[48.557s][info][gc,phases,start] GC(264) Marking Phase
[48.713s][info][gc,phases      ] GC(264) Marking Phase 155.567ms
[48.713s][info][gc,phases,start] GC(264) Summary Phase
[48.713s][info][gc,phases      ] GC(264) Summary Phase 0.022ms
[48.713s][info][gc,phases,start] GC(264) Adjust Roots
[48.713s][info][gc,phases      ] GC(264) Adjust Roots 0.217ms
[48.713s][info][gc,phases,start] GC(264) Compaction Phase
[48.774s][info][gc,phases      ] GC(264) Compaction Phase 61.129ms
[48.774s][info][gc,phases,start] GC(264) Post Compact
[48.776s][info][gc,phases      ] GC(264) Post Compact 1.510ms
[48.776s][info][gc,heap        ] GC(264) PSYoungGen: 23532K(78848K)->23532K(78848K) Eden: 22015K(22016K)->22015K(22016K) From: 1516K(56832K)->1516K(56832K)
[48.776s][info][gc,heap        ] GC(264) ParOldGen: 339321K(341504K)->339321K(341504K)
[48.776s][info][gc,metaspace   ] GC(264) Metaspace: 6302K(6528K)->6302K(6528K) NonClass: 5769K(5888K)->5769K(5888K) Class: 533K(640K)->533K(640K)
[48.776s][info][gc             ] GC(264) Pause Full (Ergonomics) 354M->354M(410M) 218.778ms
[48.776s][info][gc,cpu         ] GC(264) User=0.39s Sys=0.00s Real=0.22s
[48.776s][info][gc,start       ] GC(265) Pause Full (Ergonomics)
[48.776s][info][gc,phases,start] GC(265) Marking Phase
[48.919s][info][gc,phases      ] GC(265) Marking Phase 143.132ms
[48.919s][info][gc,phases,start] GC(265) Summary Phase
[48.919s][info][gc,phases      ] GC(265) Summary Phase 0.022ms
[48.919s][info][gc,phases,start] GC(265) Adjust Roots
[48.920s][info][gc,phases      ] GC(265) Adjust Roots 0.204ms
[48.920s][info][gc,phases,start] GC(265) Compaction Phase
[48.974s][info][gc,phases      ] GC(265) Compaction Phase 54.528ms
[48.974s][info][gc,phases,start] GC(265) Post Compact
[48.976s][info][gc,phases      ] GC(265) Post Compact 1.534ms
[48.976s][info][gc,heap        ] GC(265) PSYoungGen: 23532K(78848K)->23532K(78848K) Eden: 22015K(22016K)->22015K(22016K) From: 1516K(56832K)->1516K(56832K)
[48.976s][info][gc,heap        ] GC(265) ParOldGen: 339326K(341504K)->339326K(341504K)
[48.976s][info][gc,metaspace   ] GC(265) Metaspace: 6302K(6528K)->6302K(6528K) NonClass: 5769K(5888K)->5769K(5888K) Class: 533K(640K)->533K(640K)
[48.976s][info][gc             ] GC(265) Pause Full (Ergonomics) 354M->354M(410M) 199.759ms
[48.976s][info][gc,cpu         ] GC(265) User=0.34s Sys=0.00s Real=0.20s
[48.976s][info][gc,start       ] GC(266) Pause Full (Ergonomics)
[48.976s][info][gc,phases,start] GC(266) Marking Phase
[49.120s][info][gc,phases      ] GC(266) Marking Phase 144.101ms
[49.120s][info][gc,phases,start] GC(266) Summary Phase
[49.120s][info][gc,phases      ] GC(266) Summary Phase 0.022ms
[49.120s][info][gc,phases,start] GC(266) Adjust Roots
[49.120s][info][gc,phases      ] GC(266) Adjust Roots 0.190ms
[49.121s][info][gc,phases,start] GC(266) Compaction Phase
[49.175s][info][gc,phases      ] GC(266) Compaction Phase 54.290ms
[49.175s][info][gc,phases,start] GC(266) Post Compact
[49.176s][info][gc,phases      ] GC(266) Post Compact 1.487ms
[49.176s][info][gc,heap        ] GC(266) PSYoungGen: 23532K(78848K)->23532K(78848K) Eden: 22015K(22016K)->22015K(22016K) From: 1516K(56832K)->1516K(56832K)
[49.176s][info][gc,heap        ] GC(266) ParOldGen: 339331K(341504K)->339331K(341504K)
[49.176s][info][gc,metaspace   ] GC(266) Metaspace: 6302K(6528K)->6302K(6528K) NonClass: 5769K(5888K)->5769K(5888K) Class: 533K(640K)->533K(640K)
[49.176s][info][gc             ] GC(266) Pause Full (Ergonomics) 354M->354M(410M) 200.419ms
[49.177s][info][gc,cpu         ] GC(266) User=0.31s Sys=0.00s Real=0.20s
[49.177s][info][gc,start       ] GC(267) Pause Full (Ergonomics)
[49.177s][info][gc,phases,start] GC(267) Marking Phase
[49.327s][info][gc,phases      ] GC(267) Marking Phase 150.573ms
[49.327s][info][gc,phases,start] GC(267) Summary Phase
[49.327s][info][gc,phases      ] GC(267) Summary Phase 0.022ms
[49.327s][info][gc,phases,start] GC(267) Adjust Roots
[49.328s][info][gc,phases      ] GC(267) Adjust Roots 0.203ms
[49.328s][info][gc,phases,start] GC(267) Compaction Phase
[49.389s][info][gc,phases      ] GC(267) Compaction Phase 61.753ms
[49.390s][info][gc,phases,start] GC(267) Post Compact
[49.391s][info][gc,phases      ] GC(267) Post Compact 1.490ms
[49.391s][info][gc,heap        ] GC(267) PSYoungGen: 23532K(78848K)->23532K(78848K) Eden: 22015K(22016K)->22015K(22016K) From: 1516K(56832K)->1516K(56832K)
[49.391s][info][gc,heap        ] GC(267) ParOldGen: 339335K(341504K)->339335K(341504K)
[49.391s][info][gc,metaspace   ] GC(267) Metaspace: 6302K(6528K)->6302K(6528K) NonClass: 5769K(5888K)->5769K(5888K) Class: 533K(640K)->533K(640K)
[49.391s][info][gc             ] GC(267) Pause Full (Ergonomics) 354M->354M(410M) 214.372ms
[49.391s][info][gc,cpu         ] GC(267) User=0.36s Sys=0.00s Real=0.21s
[49.391s][info][gc,start       ] GC(268) Pause Full (Ergonomics)
[49.391s][info][gc,phases,start] GC(268) Marking Phase
[49.543s][info][gc,phases      ] GC(268) Marking Phase 151.473ms
[49.543s][info][gc,phases,start] GC(268) Summary Phase
[49.543s][info][gc,phases      ] GC(268) Summary Phase 0.022ms
[49.543s][info][gc,phases,start] GC(268) Adjust Roots
[49.543s][info][gc,phases      ] GC(268) Adjust Roots 0.227ms
[49.543s][info][gc,phases,start] GC(268) Compaction Phase
[49.604s][info][gc,phases      ] GC(268) Compaction Phase 60.608ms
[49.604s][info][gc,phases,start] GC(268) Post Compact
[49.605s][info][gc,phases      ] GC(268) Post Compact 1.510ms
[49.605s][info][gc,heap        ] GC(268) PSYoungGen: 23532K(78848K)->23532K(78848K) Eden: 22015K(22016K)->22015K(22016K) From: 1516K(56832K)->1516K(56832K)
[49.606s][info][gc,heap        ] GC(268) ParOldGen: 339340K(341504K)->339340K(341504K)
[49.606s][info][gc,metaspace   ] GC(268) Metaspace: 6302K(6528K)->6302K(6528K) NonClass: 5769K(5888K)->5769K(5888K) Class: 533K(640K)->533K(640K)
[49.606s][info][gc             ] GC(268) Pause Full (Ergonomics) 354M->354M(410M) 214.166ms
[49.606s][info][gc,cpu         ] GC(268) User=0.36s Sys=0.00s Real=0.21s
[49.606s][info][gc,start       ] GC(269) Pause Full (Ergonomics)
[49.606s][info][gc,phases,start] GC(269) Marking Phase
[49.756s][info][gc,phases      ] GC(269) Marking Phase 149.968ms
[49.756s][info][gc,phases,start] GC(269) Summary Phase
[49.756s][info][gc,phases      ] GC(269) Summary Phase 0.021ms
[49.756s][info][gc,phases,start] GC(269) Adjust Roots
[49.756s][info][gc,phases      ] GC(269) Adjust Roots 0.204ms
[49.756s][info][gc,phases,start] GC(269) Compaction Phase
[49.817s][info][gc,phases      ] GC(269) Compaction Phase 61.218ms
[49.817s][info][gc,phases,start] GC(269) Post Compact
[49.819s][info][gc,phases      ] GC(269) Post Compact 1.478ms
[49.819s][info][gc,heap        ] GC(269) PSYoungGen: 23532K(78848K)->23532K(78848K) Eden: 22015K(22016K)->22015K(22016K) From: 1516K(56832K)->1516K(56832K)
[49.819s][info][gc,heap        ] GC(269) ParOldGen: 339345K(341504K)->339345K(341504K)
[49.819s][info][gc,metaspace   ] GC(269) Metaspace: 6302K(6528K)->6302K(6528K) NonClass: 5769K(5888K)->5769K(5888K) Class: 533K(640K)->533K(640K)
[49.819s][info][gc             ] GC(269) Pause Full (Ergonomics) 354M->354M(410M) 213.262ms
[49.819s][info][gc,cpu         ] GC(269) User=0.36s Sys=0.00s Real=0.21s
[49.819s][info][gc,start       ] GC(270) Pause Full (Ergonomics)
[49.819s][info][gc,phases,start] GC(270) Marking Phase
[49.963s][info][gc,phases      ] GC(270) Marking Phase 143.341ms
[49.963s][info][gc,phases,start] GC(270) Summary Phase
[49.963s][info][gc,phases      ] GC(270) Summary Phase 0.023ms
[49.963s][info][gc,phases,start] GC(270) Adjust Roots
[49.963s][info][gc,phases      ] GC(270) Adjust Roots 0.206ms
[49.963s][info][gc,phases,start] GC(270) Compaction Phase
[50.018s][info][gc,phases      ] GC(270) Compaction Phase 54.738ms
[50.018s][info][gc,phases,start] GC(270) Post Compact
[50.019s][info][gc,phases      ] GC(270) Post Compact 1.491ms
[50.019s][info][gc,heap        ] GC(270) PSYoungGen: 23532K(78848K)->23532K(78848K) Eden: 22015K(22016K)->22015K(22016K) From: 1516K(56832K)->1516K(56832K)
[50.019s][info][gc,heap        ] GC(270) ParOldGen: 339349K(341504K)->339349K(341504K)
[50.019s][info][gc,metaspace   ] GC(270) Metaspace: 6302K(6528K)->6302K(6528K) NonClass: 5769K(5888K)->5769K(5888K) Class: 533K(640K)->533K(640K)
[50.019s][info][gc             ] GC(270) Pause Full (Ergonomics) 354M->354M(410M) 200.140ms
[50.019s][info][gc,cpu         ] GC(270) User=0.31s Sys=0.00s Real=0.20s
[50.020s][info][gc,start       ] GC(271) Pause Full (Ergonomics)
[50.020s][info][gc,phases,start] GC(271) Marking Phase
[50.163s][info][gc,phases      ] GC(271) Marking Phase 143.373ms
[50.163s][info][gc,phases,start] GC(271) Summary Phase
[50.163s][info][gc,phases      ] GC(271) Summary Phase 0.022ms
[50.163s][info][gc,phases,start] GC(271) Adjust Roots
[50.163s][info][gc,phases      ] GC(271) Adjust Roots 0.207ms
[50.163s][info][gc,phases,start] GC(271) Compaction Phase
[50.218s][info][gc,phases      ] GC(271) Compaction Phase 54.419ms
[50.218s][info][gc,phases,start] GC(271) Post Compact
[50.219s][info][gc,phases      ] GC(271) Post Compact 1.504ms
[50.220s][info][gc,heap        ] GC(271) PSYoungGen: 23532K(78848K)->23532K(78848K) Eden: 22015K(22016K)->22015K(22016K) From: 1516K(56832K)->1516K(56832K)
[50.220s][info][gc,heap        ] GC(271) ParOldGen: 339354K(341504K)->339354K(341504K)
[50.220s][info][gc,metaspace   ] GC(271) Metaspace: 6302K(6528K)->6302K(6528K) NonClass: 5769K(5888K)->5769K(5888K) Class: 533K(640K)->533K(640K)
[50.220s][info][gc             ] GC(271) Pause Full (Ergonomics) 354M->354M(410M) 199.880ms
[50.220s][info][gc,cpu         ] GC(271) User=0.31s Sys=0.00s Real=0.20s
[50.220s][info][gc,start       ] GC(272) Pause Full (Ergonomics)
[50.220s][info][gc,phases,start] GC(272) Marking Phase
[50.370s][info][gc,phases      ] GC(272) Marking Phase 150.586ms
[50.371s][info][gc,phases,start] GC(272) Summary Phase
[50.371s][info][gc,phases      ] GC(272) Summary Phase 0.022ms
[50.371s][info][gc,phases,start] GC(272) Adjust Roots
[50.371s][info][gc,phases      ] GC(272) Adjust Roots 0.207ms
[50.371s][info][gc,phases,start] GC(272) Compaction Phase
[50.432s][info][gc,phases      ] GC(272) Compaction Phase 61.544ms
[50.432s][info][gc,phases,start] GC(272) Post Compact
[50.434s][info][gc,phases      ] GC(272) Post Compact 1.478ms
[50.434s][info][gc,heap        ] GC(272) PSYoungGen: 23532K(78848K)->23532K(78848K) Eden: 22015K(22016K)->22015K(22016K) From: 1516K(56832K)->1516K(56832K)
[50.434s][info][gc,heap        ] GC(272) ParOldGen: 339359K(341504K)->339359K(341504K)
[50.434s][info][gc,metaspace   ] GC(272) Metaspace: 6302K(6528K)->6302K(6528K) NonClass: 5769K(5888K)->5769K(5888K) Class: 533K(640K)->533K(640K)
[50.434s][info][gc             ] GC(272) Pause Full (Ergonomics) 354M->354M(410M) 214.215ms
[50.434s][info][gc,cpu         ] GC(272) User=0.39s Sys=0.00s Real=0.21s
[50.434s][info][gc,start       ] GC(273) Pause Full (Ergonomics)
[50.434s][info][gc,phases,start] GC(273) Marking Phase
[50.578s][info][gc,phases      ] GC(273) Marking Phase 143.936ms
[50.578s][info][gc,phases,start] GC(273) Summary Phase
[50.578s][info][gc,phases      ] GC(273) Summary Phase 0.024ms
[50.578s][info][gc,phases,start] GC(273) Adjust Roots
[50.579s][info][gc,phases      ] GC(273) Adjust Roots 0.204ms
[50.579s][info][gc,phases,start] GC(273) Compaction Phase
[50.633s][info][gc,phases      ] GC(273) Compaction Phase 54.163ms
[50.633s][info][gc,phases,start] GC(273) Post Compact
[50.635s][info][gc,phases      ] GC(273) Post Compact 1.626ms
[50.635s][info][gc,heap        ] GC(273) PSYoungGen: 23532K(78848K)->23532K(78848K) Eden: 22015K(22016K)->22015K(22016K) From: 1516K(56832K)->1516K(56832K)
[50.635s][info][gc,heap        ] GC(273) ParOldGen: 339363K(341504K)->339363K(341504K)
[50.635s][info][gc,metaspace   ] GC(273) Metaspace: 6302K(6528K)->6302K(6528K) NonClass: 5769K(5888K)->5769K(5888K) Class: 533K(640K)->533K(640K)
[50.635s][info][gc             ] GC(273) Pause Full (Ergonomics) 354M->354M(410M) 200.279ms
[50.635s][info][gc,cpu         ] GC(273) User=0.31s Sys=0.00s Real=0.20s
[50.635s][info][gc,start       ] GC(274) Pause Full (Ergonomics)
[50.635s][info][gc,phases,start] GC(274) Marking Phase
[50.779s][info][gc,phases      ] GC(274) Marking Phase 143.635ms
[50.779s][info][gc,phases,start] GC(274) Summary Phase
[50.779s][info][gc,phases      ] GC(274) Summary Phase 0.023ms
[50.779s][info][gc,phases,start] GC(274) Adjust Roots
[50.779s][info][gc,phases      ] GC(274) Adjust Roots 0.210ms
[50.779s][info][gc,phases,start] GC(274) Compaction Phase
[50.833s][info][gc,phases      ] GC(274) Compaction Phase 54.499ms
[50.833s][info][gc,phases,start] GC(274) Post Compact
[50.835s][info][gc,phases      ] GC(274) Post Compact 1.472ms
[50.835s][info][gc,heap        ] GC(274) PSYoungGen: 23532K(78848K)->23532K(78848K) Eden: 22015K(22016K)->22015K(22016K) From: 1516K(56832K)->1516K(56832K)
[50.835s][info][gc,heap        ] GC(274) ParOldGen: 339368K(341504K)->339368K(341504K)
[50.835s][info][gc,metaspace   ] GC(274) Metaspace: 6302K(6528K)->6302K(6528K) NonClass: 5769K(5888K)->5769K(5888K) Class: 533K(640K)->533K(640K)
[50.835s][info][gc             ] GC(274) Pause Full (Ergonomics) 354M->354M(410M) 200.248ms
[50.835s][info][gc,cpu         ] GC(274) User=0.34s Sys=0.00s Real=0.20s
[50.835s][info][gc,start       ] GC(275) Pause Full (Ergonomics)
[50.835s][info][gc,phases,start] GC(275) Marking Phase
[50.979s][info][gc,phases      ] GC(275) Marking Phase 143.079ms
[50.979s][info][gc,phases,start] GC(275) Summary Phase
[50.979s][info][gc,phases      ] GC(275) Summary Phase 0.023ms
[50.979s][info][gc,phases,start] GC(275) Adjust Roots
[50.979s][info][gc,phases      ] GC(275) Adjust Roots 0.203ms
[50.979s][info][gc,phases,start] GC(275) Compaction Phase
[51.034s][info][gc,phases      ] GC(275) Compaction Phase 54.721ms
[51.034s][info][gc,phases,start] GC(275) Post Compact
[51.035s][info][gc,phases      ] GC(275) Post Compact 1.480ms
[51.035s][info][gc,heap        ] GC(275) PSYoungGen: 23532K(78848K)->23532K(78848K) Eden: 22015K(22016K)->22015K(22016K) From: 1516K(56832K)->1516K(56832K)
[51.035s][info][gc,heap        ] GC(275) ParOldGen: 339373K(341504K)->339373K(341504K)
[51.035s][info][gc,metaspace   ] GC(275) Metaspace: 6302K(6528K)->6302K(6528K) NonClass: 5769K(5888K)->5769K(5888K) Class: 533K(640K)->533K(640K)
[51.035s][info][gc             ] GC(275) Pause Full (Ergonomics) 354M->354M(410M) 199.829ms
[51.035s][info][gc,cpu         ] GC(275) User=0.31s Sys=0.00s Real=0.20s
[51.036s][info][gc,start       ] GC(276) Pause Full (Ergonomics)
[51.036s][info][gc,phases,start] GC(276) Marking Phase
[51.180s][info][gc,phases      ] GC(276) Marking Phase 144.413ms
[51.180s][info][gc,phases,start] GC(276) Summary Phase
[51.180s][info][gc,phases      ] GC(276) Summary Phase 0.022ms
[51.180s][info][gc,phases,start] GC(276) Adjust Roots
[51.180s][info][gc,phases      ] GC(276) Adjust Roots 0.215ms
[51.180s][info][gc,phases,start] GC(276) Compaction Phase
[51.235s][info][gc,phases      ] GC(276) Compaction Phase 54.259ms
[51.235s][info][gc,phases,start] GC(276) Post Compact
[51.236s][info][gc,phases      ] GC(276) Post Compact 1.581ms
[51.236s][info][gc,heap        ] GC(276) PSYoungGen: 23532K(78848K)->23532K(78848K) Eden: 22015K(22016K)->22015K(22016K) From: 1516K(56832K)->1516K(56832K)
[51.236s][info][gc,heap        ] GC(276) ParOldGen: 339377K(341504K)->339377K(341504K)
[51.236s][info][gc,metaspace   ] GC(276) Metaspace: 6302K(6528K)->6302K(6528K) NonClass: 5769K(5888K)->5769K(5888K) Class: 533K(640K)->533K(640K)
[51.236s][info][gc             ] GC(276) Pause Full (Ergonomics) 354M->354M(410M) 200.866ms
[51.236s][info][gc,cpu         ] GC(276) User=0.31s Sys=0.00s Real=0.20s
[51.237s][info][gc,start       ] GC(277) Pause Full (Ergonomics)
[51.237s][info][gc,phases,start] GC(277) Marking Phase
[51.387s][info][gc,phases      ] GC(277) Marking Phase 149.957ms
[51.387s][info][gc,phases,start] GC(277) Summary Phase
[51.387s][info][gc,phases      ] GC(277) Summary Phase 0.022ms
[51.387s][info][gc,phases,start] GC(277) Adjust Roots
[51.387s][info][gc,phases      ] GC(277) Adjust Roots 0.214ms
[51.387s][info][gc,phases,start] GC(277) Compaction Phase
[51.448s][info][gc,phases      ] GC(277) Compaction Phase 61.414ms
[51.448s][info][gc,phases,start] GC(277) Post Compact
[51.450s][info][gc,phases      ] GC(277) Post Compact 1.475ms
[51.450s][info][gc,heap        ] GC(277) PSYoungGen: 23532K(78848K)->23532K(78848K) Eden: 22015K(22016K)->22015K(22016K) From: 1516K(56832K)->1516K(56832K)
[51.450s][info][gc,heap        ] GC(277) ParOldGen: 339382K(341504K)->339382K(341504K)
[51.450s][info][gc,metaspace   ] GC(277) Metaspace: 6302K(6528K)->6302K(6528K) NonClass: 5769K(5888K)->5769K(5888K) Class: 533K(640K)->533K(640K)
[51.450s][info][gc             ] GC(277) Pause Full (Ergonomics) 354M->354M(410M) 213.406ms
[51.450s][info][gc,cpu         ] GC(277) User=0.36s Sys=0.00s Real=0.21s
[51.450s][info][gc,start       ] GC(278) Pause Full (Ergonomics)
[51.450s][info][gc,phases,start] GC(278) Marking Phase
[51.602s][info][gc,phases      ] GC(278) Marking Phase 151.388ms
[51.602s][info][gc,phases,start] GC(278) Summary Phase
[51.602s][info][gc,phases      ] GC(278) Summary Phase 0.022ms
[51.602s][info][gc,phases,start] GC(278) Adjust Roots
[51.602s][info][gc,phases      ] GC(278) Adjust Roots 0.186ms
[51.602s][info][gc,phases,start] GC(278) Compaction Phase
[51.663s][info][gc,phases      ] GC(278) Compaction Phase 61.244ms
[51.663s][info][gc,phases,start] GC(278) Post Compact
[51.665s][info][gc,phases      ] GC(278) Post Compact 1.488ms
[51.665s][info][gc,heap        ] GC(278) PSYoungGen: 23532K(78848K)->23532K(78848K) Eden: 22015K(22016K)->22015K(22016K) From: 1516K(56832K)->1516K(56832K)
[51.665s][info][gc,heap        ] GC(278) ParOldGen: 339387K(341504K)->339387K(341504K)
[51.665s][info][gc,metaspace   ] GC(278) Metaspace: 6302K(6528K)->6302K(6528K) NonClass: 5769K(5888K)->5769K(5888K) Class: 533K(640K)->533K(640K)
[51.665s][info][gc             ] GC(278) Pause Full (Ergonomics) 354M->354M(410M) 214.655ms
[51.665s][info][gc,cpu         ] GC(278) User=0.36s Sys=0.02s Real=0.21s
[51.665s][info][gc,start       ] GC(279) Pause Full (Ergonomics)
[51.665s][info][gc,phases,start] GC(279) Marking Phase
[51.810s][info][gc,phases      ] GC(279) Marking Phase 144.538ms
[51.810s][info][gc,phases,start] GC(279) Summary Phase
[51.810s][info][gc,phases      ] GC(279) Summary Phase 0.023ms
[51.810s][info][gc,phases,start] GC(279) Adjust Roots
[51.810s][info][gc,phases      ] GC(279) Adjust Roots 0.208ms
[51.810s][info][gc,phases,start] GC(279) Compaction Phase
[51.865s][info][gc,phases      ] GC(279) Compaction Phase 54.617ms
[51.865s][info][gc,phases,start] GC(279) Post Compact
[51.866s][info][gc,phases      ] GC(279) Post Compact 1.481ms
[51.866s][info][gc,heap        ] GC(279) PSYoungGen: 23532K(78848K)->23532K(78848K) Eden: 22015K(22016K)->22015K(22016K) From: 1516K(56832K)->1516K(56832K)
[51.866s][info][gc,heap        ] GC(279) ParOldGen: 339391K(341504K)->339391K(341504K)
[51.866s][info][gc,metaspace   ] GC(279) Metaspace: 6302K(6528K)->6302K(6528K) NonClass: 5769K(5888K)->5769K(5888K) Class: 533K(640K)->533K(640K)
[51.866s][info][gc             ] GC(279) Pause Full (Ergonomics) 354M->354M(410M) 201.194ms
[51.867s][info][gc,cpu         ] GC(279) User=0.38s Sys=0.00s Real=0.20s
[51.867s][info][gc,start       ] GC(280) Pause Full (Ergonomics)
[51.867s][info][gc,phases,start] GC(280) Marking Phase
[52.018s][info][gc,phases      ] GC(280) Marking Phase 151.116ms
[52.018s][info][gc,phases,start] GC(280) Summary Phase
[52.018s][info][gc,phases      ] GC(280) Summary Phase 0.022ms
[52.018s][info][gc,phases,start] GC(280) Adjust Roots
[52.018s][info][gc,phases      ] GC(280) Adjust Roots 0.227ms
[52.018s][info][gc,phases,start] GC(280) Compaction Phase
[52.079s][info][gc,phases      ] GC(280) Compaction Phase 60.720ms
[52.079s][info][gc,phases,start] GC(280) Post Compact
[52.081s][info][gc,phases      ] GC(280) Post Compact 1.495ms
[52.081s][info][gc,heap        ] GC(280) PSYoungGen: 23532K(78848K)->23532K(78848K) Eden: 22015K(22016K)->22015K(22016K) From: 1516K(56832K)->1516K(56832K)
[52.081s][info][gc,heap        ] GC(280) ParOldGen: 339396K(341504K)->339396K(341504K)
[52.081s][info][gc,metaspace   ] GC(280) Metaspace: 6302K(6528K)->6302K(6528K) NonClass: 5769K(5888K)->5769K(5888K) Class: 533K(640K)->533K(640K)
[52.081s][info][gc             ] GC(280) Pause Full (Ergonomics) 354M->354M(410M) 213.924ms
[52.081s][info][gc,cpu         ] GC(280) User=0.36s Sys=0.00s Real=0.21s
[52.081s][info][gc,start       ] GC(281) Pause Full (Ergonomics)
[52.081s][info][gc,phases,start] GC(281) Marking Phase
[52.231s][info][gc,phases      ] GC(281) Marking Phase 150.068ms
[52.231s][info][gc,phases,start] GC(281) Summary Phase
[52.231s][info][gc,phases      ] GC(281) Summary Phase 0.022ms
[52.231s][info][gc,phases,start] GC(281) Adjust Roots
[52.231s][info][gc,phases      ] GC(281) Adjust Roots 0.204ms
[52.231s][info][gc,phases,start] GC(281) Compaction Phase
[52.293s][info][gc,phases      ] GC(281) Compaction Phase 62.014ms
[52.293s][info][gc,phases,start] GC(281) Post Compact
[52.295s][info][gc,phases      ] GC(281) Post Compact 1.504ms
[52.295s][info][gc,heap        ] GC(281) PSYoungGen: 23532K(78848K)->23532K(78848K) Eden: 22015K(22016K)->22015K(22016K) From: 1516K(56832K)->1516K(56832K)
[52.295s][info][gc,heap        ] GC(281) ParOldGen: 339401K(341504K)->339401K(341504K)
[52.295s][info][gc,metaspace   ] GC(281) Metaspace: 6302K(6528K)->6302K(6528K) NonClass: 5769K(5888K)->5769K(5888K) Class: 533K(640K)->533K(640K)
[52.295s][info][gc             ] GC(281) Pause Full (Ergonomics) 354M->354M(410M) 214.128ms
[52.295s][info][gc,cpu         ] GC(281) User=0.36s Sys=0.00s Real=0.21s
[52.295s][info][gc,start       ] GC(282) Pause Full (Ergonomics)
[52.295s][info][gc,phases,start] GC(282) Marking Phase
[52.440s][info][gc,phases      ] GC(282) Marking Phase 144.226ms
[52.440s][info][gc,phases,start] GC(282) Summary Phase
[52.440s][info][gc,phases      ] GC(282) Summary Phase 0.022ms
[52.440s][info][gc,phases,start] GC(282) Adjust Roots
[52.440s][info][gc,phases      ] GC(282) Adjust Roots 0.212ms
[52.440s][info][gc,phases,start] GC(282) Compaction Phase
[52.494s][info][gc,phases      ] GC(282) Compaction Phase 53.832ms
[52.494s][info][gc,phases,start] GC(282) Post Compact
[52.495s][info][gc,phases      ] GC(282) Post Compact 1.623ms
[52.496s][info][gc,heap        ] GC(282) PSYoungGen: 23532K(78848K)->23532K(78848K) Eden: 22015K(22016K)->22015K(22016K) From: 1516K(56832K)->1516K(56832K)
[52.496s][info][gc,heap        ] GC(282) ParOldGen: 339405K(341504K)->339405K(341504K)
[52.496s][info][gc,metaspace   ] GC(282) Metaspace: 6302K(6528K)->6302K(6528K) NonClass: 5769K(5888K)->5769K(5888K) Class: 533K(640K)->533K(640K)
[52.496s][info][gc             ] GC(282) Pause Full (Ergonomics) 354M->354M(410M) 200.259ms
[52.496s][info][gc,cpu         ] GC(282) User=0.31s Sys=0.00s Real=0.20s
[52.496s][info][gc,start       ] GC(283) Pause Full (Ergonomics)
[52.496s][info][gc,phases,start] GC(283) Marking Phase
[52.641s][info][gc,phases      ] GC(283) Marking Phase 144.711ms
[52.641s][info][gc,phases,start] GC(283) Summary Phase
[52.641s][info][gc,phases      ] GC(283) Summary Phase 0.022ms
[52.641s][info][gc,phases,start] GC(283) Adjust Roots
[52.641s][info][gc,phases      ] GC(283) Adjust Roots 0.205ms
[52.641s][info][gc,phases,start] GC(283) Compaction Phase
[52.696s][info][gc,phases      ] GC(283) Compaction Phase 54.901ms
[52.696s][info][gc,phases,start] GC(283) Post Compact
[52.697s][info][gc,phases      ] GC(283) Post Compact 1.579ms
[52.698s][info][gc,heap        ] GC(283) PSYoungGen: 23532K(78848K)->23532K(78848K) Eden: 22015K(22016K)->22015K(22016K) From: 1516K(56832K)->1516K(56832K)
[52.698s][info][gc,heap        ] GC(283) ParOldGen: 339410K(341504K)->339410K(341504K)
[52.698s][info][gc,metaspace   ] GC(283) Metaspace: 6302K(6528K)->6302K(6528K) NonClass: 5769K(5888K)->5769K(5888K) Class: 533K(640K)->533K(640K)
[52.698s][info][gc             ] GC(283) Pause Full (Ergonomics) 354M->354M(410M) 201.778ms
[52.698s][info][gc,cpu         ] GC(283) User=0.38s Sys=0.00s Real=0.20s
[52.698s][info][gc,start       ] GC(284) Pause Full (Ergonomics)
[52.698s][info][gc,phases,start] GC(284) Marking Phase
[52.841s][info][gc,phases      ] GC(284) Marking Phase 143.376ms
[52.841s][info][gc,phases,start] GC(284) Summary Phase
[52.841s][info][gc,phases      ] GC(284) Summary Phase 0.023ms
[52.841s][info][gc,phases,start] GC(284) Adjust Roots
[52.842s][info][gc,phases      ] GC(284) Adjust Roots 0.190ms
[52.842s][info][gc,phases,start] GC(284) Compaction Phase
[52.897s][info][gc,phases      ] GC(284) Compaction Phase 54.873ms
[52.897s][info][gc,phases,start] GC(284) Post Compact
[52.898s][info][gc,phases      ] GC(284) Post Compact 1.540ms
[52.898s][info][gc,heap        ] GC(284) PSYoungGen: 23532K(78848K)->23532K(78848K) Eden: 22015K(22016K)->22015K(22016K) From: 1516K(56832K)->1516K(56832K)
[52.898s][info][gc,heap        ] GC(284) ParOldGen: 339415K(341504K)->339415K(341504K)
[52.898s][info][gc,metaspace   ] GC(284) Metaspace: 6302K(6528K)->6302K(6528K) NonClass: 5769K(5888K)->5769K(5888K) Class: 533K(640K)->533K(640K)
[52.898s][info][gc             ] GC(284) Pause Full (Ergonomics) 354M->354M(410M) 200.333ms
[52.898s][info][gc,cpu         ] GC(284) User=0.34s Sys=0.00s Real=0.20s
[52.899s][info][gc,start       ] GC(285) Pause Full (Ergonomics)
[52.899s][info][gc,phases,start] GC(285) Marking Phase
[53.050s][info][gc,phases      ] GC(285) Marking Phase 151.912ms
[53.051s][info][gc,phases,start] GC(285) Summary Phase
[53.051s][info][gc,phases      ] GC(285) Summary Phase 0.019ms
[53.051s][info][gc,phases,start] GC(285) Adjust Roots
[53.051s][info][gc,phases      ] GC(285) Adjust Roots 0.260ms
[53.051s][info][gc,phases,start] GC(285) Compaction Phase
[53.113s][info][gc,phases      ] GC(285) Compaction Phase 61.662ms
[53.113s][info][gc,phases,start] GC(285) Post Compact
[53.114s][info][gc,phases      ] GC(285) Post Compact 1.487ms
[53.114s][info][gc,heap        ] GC(285) PSYoungGen: 23532K(78848K)->23532K(78848K) Eden: 22015K(22016K)->22015K(22016K) From: 1516K(56832K)->1516K(56832K)
[53.114s][info][gc,heap        ] GC(285) ParOldGen: 339419K(341504K)->339419K(341504K)
[53.114s][info][gc,metaspace   ] GC(285) Metaspace: 6302K(6528K)->6302K(6528K) NonClass: 5769K(5888K)->5769K(5888K) Class: 533K(640K)->533K(640K)
[53.114s][info][gc             ] GC(285) Pause Full (Ergonomics) 354M->354M(410M) 215.687ms
[53.114s][info][gc,cpu         ] GC(285) User=0.36s Sys=0.00s Real=0.22s
[53.115s][info][gc,start       ] GC(286) Pause Full (Ergonomics)
[53.115s][info][gc,phases,start] GC(286) Marking Phase
[53.259s][info][gc,phases      ] GC(286) Marking Phase 144.407ms
[53.259s][info][gc,phases,start] GC(286) Summary Phase
[53.259s][info][gc,phases      ] GC(286) Summary Phase 0.023ms
[53.259s][info][gc,phases,start] GC(286) Adjust Roots
[53.259s][info][gc,phases      ] GC(286) Adjust Roots 0.209ms
[53.259s][info][gc,phases,start] GC(286) Compaction Phase
[53.314s][info][gc,phases      ] GC(286) Compaction Phase 54.573ms
[53.314s][info][gc,phases,start] GC(286) Post Compact
[53.315s][info][gc,phases      ] GC(286) Post Compact 1.490ms
[53.315s][info][gc,heap        ] GC(286) PSYoungGen: 23532K(78848K)->23532K(78848K) Eden: 22015K(22016K)->22015K(22016K) From: 1516K(56832K)->1516K(56832K)
[53.316s][info][gc,heap        ] GC(286) ParOldGen: 339424K(341504K)->339424K(341504K)
[53.316s][info][gc,metaspace   ] GC(286) Metaspace: 6302K(6528K)->6302K(6528K) NonClass: 5769K(5888K)->5769K(5888K) Class: 533K(640K)->533K(640K)
[53.316s][info][gc             ] GC(286) Pause Full (Ergonomics) 354M->354M(410M) 201.029ms
[53.316s][info][gc,cpu         ] GC(286) User=0.31s Sys=0.00s Real=0.20s
[53.316s][info][gc,start       ] GC(287) Pause Full (Ergonomics)
[53.316s][info][gc,phases,start] GC(287) Marking Phase
[53.459s][info][gc,phases      ] GC(287) Marking Phase 143.480ms
[53.459s][info][gc,phases,start] GC(287) Summary Phase
[53.459s][info][gc,phases      ] GC(287) Summary Phase 0.022ms
[53.459s][info][gc,phases,start] GC(287) Adjust Roots
[53.460s][info][gc,phases      ] GC(287) Adjust Roots 0.366ms
[53.460s][info][gc,phases,start] GC(287) Compaction Phase
[53.514s][info][gc,phases      ] GC(287) Compaction Phase 54.423ms
[53.514s][info][gc,phases,start] GC(287) Post Compact
[53.516s][info][gc,phases      ] GC(287) Post Compact 1.482ms
[53.516s][info][gc,heap        ] GC(287) PSYoungGen: 23532K(78848K)->23532K(78848K) Eden: 22015K(22016K)->22015K(22016K) From: 1516K(56832K)->1516K(56832K)
[53.516s][info][gc,heap        ] GC(287) ParOldGen: 339429K(341504K)->339429K(341504K)
[53.516s][info][gc,metaspace   ] GC(287) Metaspace: 6302K(6528K)->6302K(6528K) NonClass: 5769K(5888K)->5769K(5888K) Class: 533K(640K)->533K(640K)
[53.516s][info][gc             ] GC(287) Pause Full (Ergonomics) 354M->354M(410M) 200.104ms
[53.516s][info][gc,cpu         ] GC(287) User=0.31s Sys=0.00s Real=0.20s
[53.516s][info][gc,start       ] GC(288) Pause Full (Ergonomics)
[53.516s][info][gc,phases,start] GC(288) Marking Phase
[53.667s][info][gc,phases      ] GC(288) Marking Phase 150.943ms
[53.667s][info][gc,phases,start] GC(288) Summary Phase
[53.667s][info][gc,phases      ] GC(288) Summary Phase 0.022ms
[53.667s][info][gc,phases,start] GC(288) Adjust Roots
[53.667s][info][gc,phases      ] GC(288) Adjust Roots 0.229ms
[53.667s][info][gc,phases,start] GC(288) Compaction Phase
[53.729s][info][gc,phases      ] GC(288) Compaction Phase 61.068ms
[53.729s][info][gc,phases,start] GC(288) Post Compact
[53.730s][info][gc,phases      ] GC(288) Post Compact 1.512ms
[53.730s][info][gc,heap        ] GC(288) PSYoungGen: 23532K(78848K)->23532K(78848K) Eden: 22015K(22016K)->22015K(22016K) From: 1516K(56832K)->1516K(56832K)
[53.730s][info][gc,heap        ] GC(288) ParOldGen: 339433K(341504K)->339433K(341504K)
[53.730s][info][gc,metaspace   ] GC(288) Metaspace: 6302K(6528K)->6302K(6528K) NonClass: 5769K(5888K)->5769K(5888K) Class: 533K(640K)->533K(640K)
[53.730s][info][gc             ] GC(288) Pause Full (Ergonomics) 354M->354M(410M) 214.094ms
[53.730s][info][gc,cpu         ] GC(288) User=0.39s Sys=0.00s Real=0.21s
[53.731s][info][gc,start       ] GC(289) Pause Full (Ergonomics)
[53.731s][info][gc,phases,start] GC(289) Marking Phase
[53.881s][info][gc,phases      ] GC(289) Marking Phase 150.620ms
[53.881s][info][gc,phases,start] GC(289) Summary Phase
[53.881s][info][gc,phases      ] GC(289) Summary Phase 0.022ms
[53.881s][info][gc,phases,start] GC(289) Adjust Roots
[53.881s][info][gc,phases      ] GC(289) Adjust Roots 0.238ms
[53.882s][info][gc,phases,start] GC(289) Compaction Phase
[53.943s][info][gc,phases      ] GC(289) Compaction Phase 61.717ms
[53.943s][info][gc,phases,start] GC(289) Post Compact
[53.945s][info][gc,phases      ] GC(289) Post Compact 1.486ms
[53.945s][info][gc,heap        ] GC(289) PSYoungGen: 23532K(78848K)->23532K(78848K) Eden: 22015K(22016K)->22015K(22016K) From: 1516K(56832K)->1516K(56832K)
[53.945s][info][gc,heap        ] GC(289) ParOldGen: 339438K(341504K)->339438K(341504K)
[53.945s][info][gc,metaspace   ] GC(289) Metaspace: 6302K(6528K)->6302K(6528K) NonClass: 5769K(5888K)->5769K(5888K) Class: 533K(640K)->533K(640K)
[53.945s][info][gc             ] GC(289) Pause Full (Ergonomics) 354M->354M(410M) 214.404ms
[53.945s][info][gc,cpu         ] GC(289) User=0.36s Sys=0.00s Real=0.21s
[53.945s][info][gc,start       ] GC(290) Pause Full (Ergonomics)
[53.945s][info][gc,phases,start] GC(290) Marking Phase
[54.096s][info][gc,phases      ] GC(290) Marking Phase 150.499ms
[54.096s][info][gc,phases,start] GC(290) Summary Phase
[54.096s][info][gc,phases      ] GC(290) Summary Phase 0.020ms
[54.096s][info][gc,phases,start] GC(290) Adjust Roots
[54.096s][info][gc,phases      ] GC(290) Adjust Roots 0.181ms
[54.096s][info][gc,phases,start] GC(290) Compaction Phase
[54.157s][info][gc,phases      ] GC(290) Compaction Phase 61.103ms
[54.157s][info][gc,phases,start] GC(290) Post Compact
[54.159s][info][gc,phases      ] GC(290) Post Compact 1.489ms
[54.159s][info][gc,heap        ] GC(290) PSYoungGen: 23532K(78848K)->23532K(78848K) Eden: 22015K(22016K)->22015K(22016K) From: 1516K(56832K)->1516K(56832K)
[54.159s][info][gc,heap        ] GC(290) ParOldGen: 339443K(341504K)->339443K(341504K)
[54.159s][info][gc,metaspace   ] GC(290) Metaspace: 6302K(6528K)->6302K(6528K) NonClass: 5769K(5888K)->5769K(5888K) Class: 533K(640K)->533K(640K)
[54.159s][info][gc             ] GC(290) Pause Full (Ergonomics) 354M->354M(410M) 213.629ms
[54.159s][info][gc,cpu         ] GC(290) User=0.36s Sys=0.00s Real=0.21s
[54.159s][info][gc,start       ] GC(291) Pause Full (Ergonomics)
[54.159s][info][gc,phases,start] GC(291) Marking Phase
[54.303s][info][gc,phases      ] GC(291) Marking Phase 143.491ms
[54.303s][info][gc,phases,start] GC(291) Summary Phase
[54.303s][info][gc,phases      ] GC(291) Summary Phase 0.023ms
[54.303s][info][gc,phases,start] GC(291) Adjust Roots
[54.303s][info][gc,phases      ] GC(291) Adjust Roots 0.209ms
[54.303s][info][gc,phases,start] GC(291) Compaction Phase
[54.357s][info][gc,phases      ] GC(291) Compaction Phase 54.194ms
[54.357s][info][gc,phases,start] GC(291) Post Compact
[54.359s][info][gc,phases      ] GC(291) Post Compact 1.486ms
[54.359s][info][gc,heap        ] GC(291) PSYoungGen: 23532K(78848K)->23532K(78848K) Eden: 22015K(22016K)->22015K(22016K) From: 1516K(56832K)->1516K(56832K)
[54.359s][info][gc,heap        ] GC(291) ParOldGen: 339447K(341504K)->339447K(341504K)
[54.359s][info][gc,metaspace   ] GC(291) Metaspace: 6302K(6528K)->6302K(6528K) NonClass: 5769K(5888K)->5769K(5888K) Class: 533K(640K)->533K(640K)
[54.359s][info][gc             ] GC(291) Pause Full (Ergonomics) 354M->354M(410M) 199.726ms
[54.359s][info][gc,cpu         ] GC(291) User=0.31s Sys=0.00s Real=0.20s
[54.359s][info][gc,start       ] GC(292) Pause Full (Ergonomics)
[54.359s][info][gc,phases,start] GC(292) Marking Phase
[54.502s][info][gc,phases      ] GC(292) Marking Phase 143.174ms
[54.502s][info][gc,phases,start] GC(292) Summary Phase
[54.502s][info][gc,phases      ] GC(292) Summary Phase 0.023ms
[54.502s][info][gc,phases,start] GC(292) Adjust Roots
[54.503s][info][gc,phases      ] GC(292) Adjust Roots 0.211ms
[54.503s][info][gc,phases,start] GC(292) Compaction Phase
[54.556s][info][gc,phases      ] GC(292) Compaction Phase 52.862ms
[54.556s][info][gc,phases,start] GC(292) Post Compact
[54.557s][info][gc,phases      ] GC(292) Post Compact 1.682ms
[54.557s][info][gc,heap        ] GC(292) PSYoungGen: 23532K(78848K)->23532K(78848K) Eden: 22015K(22016K)->22015K(22016K) From: 1516K(56832K)->1516K(56832K)
[54.557s][info][gc,heap        ] GC(292) ParOldGen: 339452K(341504K)->339452K(341504K)
[54.557s][info][gc,metaspace   ] GC(292) Metaspace: 6302K(6528K)->6302K(6528K) NonClass: 5769K(5888K)->5769K(5888K) Class: 533K(640K)->533K(640K)
[54.557s][info][gc             ] GC(292) Pause Full (Ergonomics) 354M->354M(410M) 198.316ms
[54.557s][info][gc,cpu         ] GC(292) User=0.31s Sys=0.00s Real=0.20s
[54.558s][info][gc,start       ] GC(293) Pause Full (Ergonomics)
[54.558s][info][gc,phases,start] GC(293) Marking Phase
[54.709s][info][gc,phases      ] GC(293) Marking Phase 151.716ms
[54.710s][info][gc,phases,start] GC(293) Summary Phase
[54.710s][info][gc,phases      ] GC(293) Summary Phase 0.022ms
[54.710s][info][gc,phases,start] GC(293) Adjust Roots
[54.710s][info][gc,phases      ] GC(293) Adjust Roots 0.185ms
[54.710s][info][gc,phases,start] GC(293) Compaction Phase
[54.771s][info][gc,phases      ] GC(293) Compaction Phase 61.604ms
[54.771s][info][gc,phases,start] GC(293) Post Compact
[54.773s][info][gc,phases      ] GC(293) Post Compact 1.528ms
[54.773s][info][gc,heap        ] GC(293) PSYoungGen: 23532K(78848K)->23532K(78848K) Eden: 22015K(22016K)->22015K(22016K) From: 1516K(56832K)->1516K(56832K)
[54.773s][info][gc,heap        ] GC(293) ParOldGen: 339457K(341504K)->339457K(341504K)
[54.773s][info][gc,metaspace   ] GC(293) Metaspace: 6302K(6528K)->6302K(6528K) NonClass: 5769K(5888K)->5769K(5888K) Class: 533K(640K)->533K(640K)
[54.773s][info][gc             ] GC(293) Pause Full (Ergonomics) 354M->354M(410M) 215.384ms
[54.773s][info][gc,cpu         ] GC(293) User=0.41s Sys=0.00s Real=0.21s
[54.773s][info][gc,start       ] GC(294) Pause Full (Ergonomics)
[54.773s][info][gc,phases,start] GC(294) Marking Phase
[54.925s][info][gc,phases      ] GC(294) Marking Phase 151.094ms
[54.925s][info][gc,phases,start] GC(294) Summary Phase
[54.925s][info][gc,phases      ] GC(294) Summary Phase 0.055ms
[54.925s][info][gc,phases,start] GC(294) Adjust Roots
[54.925s][info][gc,phases      ] GC(294) Adjust Roots 0.187ms
[54.925s][info][gc,phases,start] GC(294) Compaction Phase
[54.986s][info][gc,phases      ] GC(294) Compaction Phase 61.225ms
[54.986s][info][gc,phases,start] GC(294) Post Compact
[54.988s][info][gc,phases      ] GC(294) Post Compact 1.491ms
[54.988s][info][gc,heap        ] GC(294) PSYoungGen: 23532K(78848K)->23532K(78848K) Eden: 22015K(22016K)->22015K(22016K) From: 1516K(56832K)->1516K(56832K)
[54.988s][info][gc,heap        ] GC(294) ParOldGen: 339461K(341504K)->339461K(341504K)
[54.988s][info][gc,metaspace   ] GC(294) Metaspace: 6302K(6528K)->6302K(6528K) NonClass: 5769K(5888K)->5769K(5888K) Class: 533K(640K)->533K(640K)
[54.988s][info][gc             ] GC(294) Pause Full (Ergonomics) 354M->354M(410M) 214.416ms
[54.988s][info][gc,cpu         ] GC(294) User=0.36s Sys=0.00s Real=0.21s
[54.988s][info][gc,start       ] GC(295) Pause Full (Ergonomics)
[54.988s][info][gc,phases,start] GC(295) Marking Phase
[55.131s][info][gc,phases      ] GC(295) Marking Phase 142.984ms
[55.131s][info][gc,phases,start] GC(295) Summary Phase
[55.131s][info][gc,phases      ] GC(295) Summary Phase 0.023ms
[55.131s][info][gc,phases,start] GC(295) Adjust Roots
[55.131s][info][gc,phases      ] GC(295) Adjust Roots 0.189ms
[55.131s][info][gc,phases,start] GC(295) Compaction Phase
[55.186s][info][gc,phases      ] GC(295) Compaction Phase 54.118ms
[55.186s][info][gc,phases,start] GC(295) Post Compact
[55.187s][info][gc,phases      ] GC(295) Post Compact 1.500ms
[55.187s][info][gc,heap        ] GC(295) PSYoungGen: 23532K(78848K)->23532K(78848K) Eden: 22015K(22016K)->22015K(22016K) From: 1516K(56832K)->1516K(56832K)
[55.187s][info][gc,heap        ] GC(295) ParOldGen: 339466K(341504K)->339466K(341504K)
[55.187s][info][gc,metaspace   ] GC(295) Metaspace: 6302K(6528K)->6302K(6528K) NonClass: 5769K(5888K)->5769K(5888K) Class: 533K(640K)->533K(640K)
[55.187s][info][gc             ] GC(295) Pause Full (Ergonomics) 354M->354M(410M) 199.140ms
[55.187s][info][gc,cpu         ] GC(295) User=0.30s Sys=0.02s Real=0.20s
[55.187s][info][gc,start       ] GC(296) Pause Full (Ergonomics)
[55.187s][info][gc,phases,start] GC(296) Marking Phase
[55.332s][info][gc,phases      ] GC(296) Marking Phase 144.185ms
[55.332s][info][gc,phases,start] GC(296) Summary Phase
[55.332s][info][gc,phases      ] GC(296) Summary Phase 0.022ms
[55.332s][info][gc,phases,start] GC(296) Adjust Roots
[55.332s][info][gc,phases      ] GC(296) Adjust Roots 0.188ms
[55.332s][info][gc,phases,start] GC(296) Compaction Phase
[55.386s][info][gc,phases      ] GC(296) Compaction Phase 54.179ms
[55.386s][info][gc,phases,start] GC(296) Post Compact
[55.388s][info][gc,phases      ] GC(296) Post Compact 1.563ms
[55.388s][info][gc,heap        ] GC(296) PSYoungGen: 23532K(78848K)->23532K(78848K) Eden: 22015K(22016K)->22015K(22016K) From: 1516K(56832K)->1516K(56832K)
[55.388s][info][gc,heap        ] GC(296) ParOldGen: 339471K(341504K)->339471K(341504K)
[55.388s][info][gc,metaspace   ] GC(296) Metaspace: 6302K(6528K)->6302K(6528K) NonClass: 5769K(5888K)->5769K(5888K) Class: 533K(640K)->533K(640K)
[55.388s][info][gc             ] GC(296) Pause Full (Ergonomics) 354M->354M(410M) 200.462ms
[55.388s][info][gc,cpu         ] GC(296) User=0.31s Sys=0.00s Real=0.20s
[55.388s][info][gc,start       ] GC(297) Pause Full (Ergonomics)
[55.388s][info][gc,phases,start] GC(297) Marking Phase
[55.538s][info][gc,phases      ] GC(297) Marking Phase 150.061ms
[55.538s][info][gc,phases,start] GC(297) Summary Phase
[55.538s][info][gc,phases      ] GC(297) Summary Phase 0.021ms
[55.538s][info][gc,phases,start] GC(297) Adjust Roots
[55.539s][info][gc,phases      ] GC(297) Adjust Roots 0.201ms
[55.539s][info][gc,phases,start] GC(297) Compaction Phase
[55.600s][info][gc,phases      ] GC(297) Compaction Phase 61.472ms
[55.600s][info][gc,phases,start] GC(297) Post Compact
[55.602s][info][gc,phases      ] GC(297) Post Compact 1.502ms
[55.602s][info][gc,heap        ] GC(297) PSYoungGen: 23532K(78848K)->23532K(78848K) Eden: 22015K(22016K)->22015K(22016K) From: 1516K(56832K)->1516K(56832K)
[55.602s][info][gc,heap        ] GC(297) ParOldGen: 339475K(341504K)->339475K(341504K)
[55.602s][info][gc,metaspace   ] GC(297) Metaspace: 6302K(6528K)->6302K(6528K) NonClass: 5769K(5888K)->5769K(5888K) Class: 533K(640K)->533K(640K)
[55.602s][info][gc             ] GC(297) Pause Full (Ergonomics) 354M->354M(410M) 213.583ms
[55.602s][info][gc,cpu         ] GC(297) User=0.36s Sys=0.00s Real=0.21s
[55.602s][info][gc,start       ] GC(298) Pause Full (Ergonomics)
[55.602s][info][gc,phases,start] GC(298) Marking Phase
[55.746s][info][gc,phases      ] GC(298) Marking Phase 144.275ms
[55.746s][info][gc,phases,start] GC(298) Summary Phase
[55.746s][info][gc,phases      ] GC(298) Summary Phase 0.022ms
[55.746s][info][gc,phases,start] GC(298) Adjust Roots
[55.747s][info][gc,phases      ] GC(298) Adjust Roots 0.190ms
[55.747s][info][gc,phases,start] GC(298) Compaction Phase
[55.801s][info][gc,phases      ] GC(298) Compaction Phase 54.327ms
[55.801s][info][gc,phases,start] GC(298) Post Compact
[55.803s][info][gc,phases      ] GC(298) Post Compact 1.587ms
[55.803s][info][gc,heap        ] GC(298) PSYoungGen: 23532K(78848K)->23532K(78848K) Eden: 22015K(22016K)->22015K(22016K) From: 1516K(56832K)->1516K(56832K)
[55.803s][info][gc,heap        ] GC(298) ParOldGen: 339480K(341504K)->339480K(341504K)
[55.803s][info][gc,metaspace   ] GC(298) Metaspace: 6302K(6528K)->6302K(6528K) NonClass: 5769K(5888K)->5769K(5888K) Class: 533K(640K)->533K(640K)
[55.803s][info][gc             ] GC(298) Pause Full (Ergonomics) 354M->354M(410M) 200.763ms
[55.803s][info][gc,cpu         ] GC(298) User=0.31s Sys=0.00s Real=0.20s
[55.803s][info][gc,start       ] GC(299) Pause Full (Ergonomics)
[55.803s][info][gc,phases,start] GC(299) Marking Phase
[55.947s][info][gc,phases      ] GC(299) Marking Phase 143.678ms
[55.947s][info][gc,phases,start] GC(299) Summary Phase
[55.947s][info][gc,phases      ] GC(299) Summary Phase 0.022ms
[55.947s][info][gc,phases,start] GC(299) Adjust Roots
[55.947s][info][gc,phases      ] GC(299) Adjust Roots 0.187ms
[55.947s][info][gc,phases,start] GC(299) Compaction Phase
[56.001s][info][gc,phases      ] GC(299) Compaction Phase 53.523ms
[56.001s][info][gc,phases,start] GC(299) Post Compact
[56.002s][info][gc,phases      ] GC(299) Post Compact 1.464ms
[56.002s][info][gc,heap        ] GC(299) PSYoungGen: 23532K(78848K)->23532K(78848K) Eden: 22015K(22016K)->22015K(22016K) From: 1516K(56832K)->1516K(56832K)
[56.002s][info][gc,heap        ] GC(299) ParOldGen: 339485K(341504K)->339485K(341504K)
[56.002s][info][gc,metaspace   ] GC(299) Metaspace: 6302K(6528K)->6302K(6528K) NonClass: 5769K(5888K)->5769K(5888K) Class: 533K(640K)->533K(640K)
[56.002s][info][gc             ] GC(299) Pause Full (Ergonomics) 354M->354M(410M) 199.196ms
[56.002s][info][gc,cpu         ] GC(299) User=0.31s Sys=0.00s Real=0.20s
[56.003s][info][gc,start       ] GC(300) Pause Full (Ergonomics)
[56.003s][info][gc,phases,start] GC(300) Marking Phase
[56.147s][info][gc,phases      ] GC(300) Marking Phase 144.640ms
[56.147s][info][gc,phases,start] GC(300) Summary Phase
[56.147s][info][gc,phases      ] GC(300) Summary Phase 0.023ms
[56.147s][info][gc,phases,start] GC(300) Adjust Roots
[56.147s][info][gc,phases      ] GC(300) Adjust Roots 0.194ms
[56.147s][info][gc,phases,start] GC(300) Compaction Phase
[56.201s][info][gc,phases      ] GC(300) Compaction Phase 53.952ms
[56.202s][info][gc,phases,start] GC(300) Post Compact
[56.203s][info][gc,phases      ] GC(300) Post Compact 1.478ms
[56.203s][info][gc,heap        ] GC(300) PSYoungGen: 23532K(78848K)->23532K(78848K) Eden: 22015K(22016K)->22015K(22016K) From: 1516K(56832K)->1516K(56832K)
[56.203s][info][gc,heap        ] GC(300) ParOldGen: 339489K(341504K)->339489K(341504K)
[56.203s][info][gc,metaspace   ] GC(300) Metaspace: 6302K(6528K)->6302K(6528K) NonClass: 5769K(5888K)->5769K(5888K) Class: 533K(640K)->533K(640K)
[56.203s][info][gc             ] GC(300) Pause Full (Ergonomics) 354M->354M(410M) 200.636ms
[56.203s][info][gc,cpu         ] GC(300) User=0.34s Sys=0.00s Real=0.20s
[56.203s][info][gc,start       ] GC(301) Pause Full (Ergonomics)
[56.203s][info][gc,phases,start] GC(301) Marking Phase
[56.348s][info][gc,phases      ] GC(301) Marking Phase 145.014ms
[56.349s][info][gc,phases,start] GC(301) Summary Phase
[56.349s][info][gc,phases      ] GC(301) Summary Phase 0.022ms
[56.349s][info][gc,phases,start] GC(301) Adjust Roots
[56.349s][info][gc,phases      ] GC(301) Adjust Roots 0.233ms
[56.349s][info][gc,phases,start] GC(301) Compaction Phase
[56.403s][info][gc,phases      ] GC(301) Compaction Phase 54.010ms
[56.403s][info][gc,phases,start] GC(301) Post Compact
[56.404s][info][gc,phases      ] GC(301) Post Compact 1.479ms
[56.404s][info][gc,heap        ] GC(301) PSYoungGen: 23532K(78848K)->23532K(78848K) Eden: 22015K(22016K)->22015K(22016K) From: 1516K(56832K)->1516K(56832K)
[56.404s][info][gc,heap        ] GC(301) ParOldGen: 339494K(341504K)->339494K(341504K)
[56.404s][info][gc,metaspace   ] GC(301) Metaspace: 6302K(6528K)->6302K(6528K) NonClass: 5769K(5888K)->5769K(5888K) Class: 533K(640K)->533K(640K)
[56.405s][info][gc             ] GC(301) Pause Full (Ergonomics) 354M->354M(410M) 201.120ms
[56.405s][info][gc,cpu         ] GC(301) User=0.34s Sys=0.00s Real=0.20s
[56.405s][info][gc,start       ] GC(302) Pause Full (Ergonomics)
[56.405s][info][gc,phases,start] GC(302) Marking Phase
[56.556s][info][gc,phases      ] GC(302) Marking Phase 150.997ms
[56.556s][info][gc,phases,start] GC(302) Summary Phase
[56.556s][info][gc,phases      ] GC(302) Summary Phase 0.021ms
[56.556s][info][gc,phases,start] GC(302) Adjust Roots
[56.556s][info][gc,phases      ] GC(302) Adjust Roots 0.205ms
[56.556s][info][gc,phases,start] GC(302) Compaction Phase
[56.617s][info][gc,phases      ] GC(302) Compaction Phase 60.608ms
[56.617s][info][gc,phases,start] GC(302) Post Compact
[56.618s][info][gc,phases      ] GC(302) Post Compact 1.538ms
[56.618s][info][gc,heap        ] GC(302) PSYoungGen: 23532K(78848K)->23532K(78848K) Eden: 22015K(22016K)->22015K(22016K) From: 1516K(56832K)->1516K(56832K)
[56.618s][info][gc,heap        ] GC(302) ParOldGen: 339499K(341504K)->339499K(341504K)
[56.618s][info][gc,metaspace   ] GC(302) Metaspace: 6302K(6528K)->6302K(6528K) NonClass: 5769K(5888K)->5769K(5888K) Class: 533K(640K)->533K(640K)
[56.618s][info][gc             ] GC(302) Pause Full (Ergonomics) 354M->354M(410M) 213.692ms
[56.618s][info][gc,cpu         ] GC(302) User=0.36s Sys=0.00s Real=0.21s
[56.619s][info][gc,start       ] GC(303) Pause Full (Ergonomics)
[56.619s][info][gc,phases,start] GC(303) Marking Phase
[56.762s][info][gc,phases      ] GC(303) Marking Phase 143.257ms
[56.762s][info][gc,phases,start] GC(303) Summary Phase
[56.762s][info][gc,phases      ] GC(303) Summary Phase 0.022ms
[56.762s][info][gc,phases,start] GC(303) Adjust Roots
[56.762s][info][gc,phases      ] GC(303) Adjust Roots 0.192ms
[56.762s][info][gc,phases,start] GC(303) Compaction Phase
[56.817s][info][gc,phases      ] GC(303) Compaction Phase 54.560ms
[56.817s][info][gc,phases,start] GC(303) Post Compact
[56.818s][info][gc,phases      ] GC(303) Post Compact 1.501ms
[56.819s][info][gc,heap        ] GC(303) PSYoungGen: 23532K(78848K)->23532K(78848K) Eden: 22015K(22016K)->22015K(22016K) From: 1516K(56832K)->1516K(56832K)
[56.819s][info][gc,heap        ] GC(303) ParOldGen: 339503K(341504K)->339503K(341504K)
[56.819s][info][gc,metaspace   ] GC(303) Metaspace: 6302K(6528K)->6302K(6528K) NonClass: 5769K(5888K)->5769K(5888K) Class: 533K(640K)->533K(640K)
[56.819s][info][gc             ] GC(303) Pause Full (Ergonomics) 354M->354M(410M) 199.860ms
[56.819s][info][gc,cpu         ] GC(303) User=0.34s Sys=0.00s Real=0.20s
[56.819s][info][gc,start       ] GC(304) Pause Full (Ergonomics)
[56.819s][info][gc,phases,start] GC(304) Marking Phase
[56.962s][info][gc,phases      ] GC(304) Marking Phase 143.170ms
[56.962s][info][gc,phases,start] GC(304) Summary Phase
[56.962s][info][gc,phases      ] GC(304) Summary Phase 0.021ms
[56.962s][info][gc,phases,start] GC(304) Adjust Roots
[56.962s][info][gc,phases      ] GC(304) Adjust Roots 0.229ms
[56.962s][info][gc,phases,start] GC(304) Compaction Phase
[57.017s][info][gc,phases      ] GC(304) Compaction Phase 54.428ms
[57.017s][info][gc,phases,start] GC(304) Post Compact
[57.019s][info][gc,phases      ] GC(304) Post Compact 1.555ms
[57.019s][info][gc,heap        ] GC(304) PSYoungGen: 23532K(78848K)->23532K(78848K) Eden: 22015K(22016K)->22015K(22016K) From: 1516K(56832K)->1516K(56832K)
[57.019s][info][gc,heap        ] GC(304) ParOldGen: 339508K(341504K)->339508K(341504K)
[57.019s][info][gc,metaspace   ] GC(304) Metaspace: 6302K(6528K)->6302K(6528K) NonClass: 5769K(5888K)->5769K(5888K) Class: 533K(640K)->533K(640K)
[57.019s][info][gc             ] GC(304) Pause Full (Ergonomics) 354M->354M(410M) 199.723ms
[57.019s][info][gc,cpu         ] GC(304) User=0.31s Sys=0.00s Real=0.20s
[57.019s][info][gc,start       ] GC(305) Pause Full (Ergonomics)
[57.019s][info][gc,phases,start] GC(305) Marking Phase
[57.164s][info][gc,phases      ] GC(305) Marking Phase 144.590ms
[57.164s][info][gc,phases,start] GC(305) Summary Phase
[57.164s][info][gc,phases      ] GC(305) Summary Phase 0.022ms
[57.164s][info][gc,phases,start] GC(305) Adjust Roots
[57.164s][info][gc,phases      ] GC(305) Adjust Roots 0.187ms
[57.164s][info][gc,phases,start] GC(305) Compaction Phase
[57.218s][info][gc,phases      ] GC(305) Compaction Phase 54.188ms
[57.218s][info][gc,phases,start] GC(305) Post Compact
[57.220s][info][gc,phases      ] GC(305) Post Compact 1.469ms
[57.220s][info][gc,heap        ] GC(305) PSYoungGen: 23532K(78848K)->23532K(78848K) Eden: 22015K(22016K)->22015K(22016K) From: 1516K(56832K)->1516K(56832K)
[57.220s][info][gc,heap        ] GC(305) ParOldGen: 339513K(341504K)->339513K(341504K)
[57.220s][info][gc,metaspace   ] GC(305) Metaspace: 6302K(6528K)->6302K(6528K) NonClass: 5769K(5888K)->5769K(5888K) Class: 533K(640K)->533K(640K)
[57.220s][info][gc             ] GC(305) Pause Full (Ergonomics) 354M->354M(410M) 200.782ms
[57.220s][info][gc,cpu         ] GC(305) User=0.34s Sys=0.00s Real=0.20s
[57.220s][info][gc,start       ] GC(306) Pause Full (Ergonomics)
[57.220s][info][gc,phases,start] GC(306) Marking Phase
[57.371s][info][gc,phases      ] GC(306) Marking Phase 151.300ms
[57.371s][info][gc,phases,start] GC(306) Summary Phase
[57.371s][info][gc,phases      ] GC(306) Summary Phase 0.022ms
[57.371s][info][gc,phases,start] GC(306) Adjust Roots
[57.372s][info][gc,phases      ] GC(306) Adjust Roots 0.209ms
[57.372s][info][gc,phases,start] GC(306) Compaction Phase
[57.432s][info][gc,phases      ] GC(306) Compaction Phase 60.394ms
[57.432s][info][gc,phases,start] GC(306) Post Compact
[57.434s][info][gc,phases      ] GC(306) Post Compact 1.490ms
[57.434s][info][gc,heap        ] GC(306) PSYoungGen: 23532K(78848K)->23532K(78848K) Eden: 22015K(22016K)->22015K(22016K) From: 1516K(56832K)->1516K(56832K)
[57.434s][info][gc,heap        ] GC(306) ParOldGen: 339517K(341504K)->339517K(341504K)
[57.434s][info][gc,metaspace   ] GC(306) Metaspace: 6302K(6528K)->6302K(6528K) NonClass: 5769K(5888K)->5769K(5888K) Class: 533K(640K)->533K(640K)
[57.434s][info][gc             ] GC(306) Pause Full (Ergonomics) 354M->354M(410M) 213.761ms
[57.434s][info][gc,cpu         ] GC(306) User=0.38s Sys=0.00s Real=0.21s
[57.434s][info][gc,start       ] GC(307) Pause Full (Ergonomics)
[57.434s][info][gc,phases,start] GC(307) Marking Phase
[57.579s][info][gc,phases      ] GC(307) Marking Phase 144.487ms
[57.579s][info][gc,phases,start] GC(307) Summary Phase
[57.579s][info][gc,phases      ] GC(307) Summary Phase 0.022ms
[57.579s][info][gc,phases,start] GC(307) Adjust Roots
[57.579s][info][gc,phases      ] GC(307) Adjust Roots 0.198ms
[57.579s][info][gc,phases,start] GC(307) Compaction Phase
[57.633s][info][gc,phases      ] GC(307) Compaction Phase 54.596ms
[57.634s][info][gc,phases,start] GC(307) Post Compact
[57.635s][info][gc,phases      ] GC(307) Post Compact 1.487ms
[57.635s][info][gc,heap        ] GC(307) PSYoungGen: 23532K(78848K)->23532K(78848K) Eden: 22015K(22016K)->22015K(22016K) From: 1516K(56832K)->1516K(56832K)
[57.635s][info][gc,heap        ] GC(307) ParOldGen: 339522K(341504K)->339522K(341504K)
[57.635s][info][gc,metaspace   ] GC(307) Metaspace: 6302K(6528K)->6302K(6528K) NonClass: 5769K(5888K)->5769K(5888K) Class: 533K(640K)->533K(640K)
[57.635s][info][gc             ] GC(307) Pause Full (Ergonomics) 354M->354M(410M) 201.153ms
[57.635s][info][gc,cpu         ] GC(307) User=0.31s Sys=0.00s Real=0.20s
[57.635s][info][gc,start       ] GC(308) Pause Full (Ergonomics)
[57.635s][info][gc,phases,start] GC(308) Marking Phase
[57.787s][info][gc,phases      ] GC(308) Marking Phase 151.499ms
[57.787s][info][gc,phases,start] GC(308) Summary Phase
[57.787s][info][gc,phases      ] GC(308) Summary Phase 0.022ms
[57.787s][info][gc,phases,start] GC(308) Adjust Roots
[57.787s][info][gc,phases      ] GC(308) Adjust Roots 0.206ms
[57.787s][info][gc,phases,start] GC(308) Compaction Phase
[57.848s][info][gc,phases      ] GC(308) Compaction Phase 61.156ms
[57.848s][info][gc,phases,start] GC(308) Post Compact
[57.850s][info][gc,phases      ] GC(308) Post Compact 1.496ms
[57.850s][info][gc,heap        ] GC(308) PSYoungGen: 23532K(78848K)->23532K(78848K) Eden: 22015K(22016K)->22015K(22016K) From: 1516K(56832K)->1516K(56832K)
[57.850s][info][gc,heap        ] GC(308) ParOldGen: 339527K(341504K)->339527K(341504K)
[57.850s][info][gc,metaspace   ] GC(308) Metaspace: 6302K(6528K)->6302K(6528K) NonClass: 5769K(5888K)->5769K(5888K) Class: 533K(640K)->533K(640K)
[57.850s][info][gc             ] GC(308) Pause Full (Ergonomics) 354M->354M(410M) 214.702ms
[57.850s][info][gc,cpu         ] GC(308) User=0.39s Sys=0.00s Real=0.22s
[57.850s][info][gc,start       ] GC(309) Pause Full (Ergonomics)
[57.850s][info][gc,phases,start] GC(309) Marking Phase
[57.994s][info][gc,phases      ] GC(309) Marking Phase 143.382ms
[57.994s][info][gc,phases,start] GC(309) Summary Phase
[57.994s][info][gc,phases      ] GC(309) Summary Phase 0.022ms
[57.994s][info][gc,phases,start] GC(309) Adjust Roots
[57.994s][info][gc,phases      ] GC(309) Adjust Roots 0.191ms
[57.994s][info][gc,phases,start] GC(309) Compaction Phase
[58.048s][info][gc,phases      ] GC(309) Compaction Phase 54.278ms
[58.048s][info][gc,phases,start] GC(309) Post Compact
[58.050s][info][gc,phases      ] GC(309) Post Compact 1.465ms
[58.050s][info][gc,heap        ] GC(309) PSYoungGen: 23532K(78848K)->23532K(78848K) Eden: 22015K(22016K)->22015K(22016K) From: 1516K(56832K)->1516K(56832K)
[58.050s][info][gc,heap        ] GC(309) ParOldGen: 339531K(341504K)->339531K(341504K)
[58.050s][info][gc,metaspace   ] GC(309) Metaspace: 6302K(6528K)->6302K(6528K) NonClass: 5769K(5888K)->5769K(5888K) Class: 533K(640K)->533K(640K)
[58.050s][info][gc             ] GC(309) Pause Full (Ergonomics) 354M->354M(410M) 199.670ms
[58.050s][info][gc,cpu         ] GC(309) User=0.31s Sys=0.00s Real=0.20s
[58.050s][info][gc,start       ] GC(310) Pause Full (Ergonomics)
[58.050s][info][gc,phases,start] GC(310) Marking Phase
[58.195s][info][gc,phases      ] GC(310) Marking Phase 144.173ms
[58.195s][info][gc,phases,start] GC(310) Summary Phase
[58.195s][info][gc,phases      ] GC(310) Summary Phase 0.022ms
[58.195s][info][gc,phases,start] GC(310) Adjust Roots
[58.195s][info][gc,phases      ] GC(310) Adjust Roots 0.210ms
[58.195s][info][gc,phases,start] GC(310) Compaction Phase
[58.249s][info][gc,phases      ] GC(310) Compaction Phase 54.379ms
[58.249s][info][gc,phases,start] GC(310) Post Compact
[58.251s][info][gc,phases      ] GC(310) Post Compact 1.496ms
[58.251s][info][gc,heap        ] GC(310) PSYoungGen: 23532K(78848K)->23532K(78848K) Eden: 22015K(22016K)->22015K(22016K) From: 1516K(56832K)->1516K(56832K)
[58.251s][info][gc,heap        ] GC(310) ParOldGen: 339536K(341504K)->339536K(341504K)
[58.251s][info][gc,metaspace   ] GC(310) Metaspace: 6302K(6528K)->6302K(6528K) NonClass: 5769K(5888K)->5769K(5888K) Class: 533K(640K)->533K(640K)
[58.251s][info][gc             ] GC(310) Pause Full (Ergonomics) 354M->354M(410M) 200.620ms
[58.251s][info][gc,cpu         ] GC(310) User=0.31s Sys=0.00s Real=0.20s
[58.251s][info][gc,start       ] GC(311) Pause Full (Ergonomics)
[58.251s][info][gc,phases,start] GC(311) Marking Phase
[58.395s][info][gc,phases      ] GC(311) Marking Phase 143.938ms
[58.395s][info][gc,phases,start] GC(311) Summary Phase
[58.395s][info][gc,phases      ] GC(311) Summary Phase 0.022ms
[58.395s][info][gc,phases,start] GC(311) Adjust Roots
[58.395s][info][gc,phases      ] GC(311) Adjust Roots 0.188ms
[58.395s][info][gc,phases,start] GC(311) Compaction Phase
[58.450s][info][gc,phases      ] GC(311) Compaction Phase 54.140ms
[58.450s][info][gc,phases,start] GC(311) Post Compact
[58.451s][info][gc,phases      ] GC(311) Post Compact 1.483ms
[58.451s][info][gc,heap        ] GC(311) PSYoungGen: 23532K(78848K)->23532K(78848K) Eden: 22015K(22016K)->22015K(22016K) From: 1516K(56832K)->1516K(56832K)
[58.451s][info][gc,heap        ] GC(311) ParOldGen: 339541K(341504K)->339541K(341504K)
[58.451s][info][gc,metaspace   ] GC(311) Metaspace: 6302K(6528K)->6302K(6528K) NonClass: 5769K(5888K)->5769K(5888K) Class: 533K(640K)->533K(640K)
[58.451s][info][gc             ] GC(311) Pause Full (Ergonomics) 354M->354M(410M) 200.095ms
[58.451s][info][gc,cpu         ] GC(311) User=0.31s Sys=0.00s Real=0.20s
[58.452s][info][gc,start       ] GC(312) Pause Full (Ergonomics)
[58.452s][info][gc,phases,start] GC(312) Marking Phase
[58.596s][info][gc,phases      ] GC(312) Marking Phase 144.518ms
[58.596s][info][gc,phases,start] GC(312) Summary Phase
[58.596s][info][gc,phases      ] GC(312) Summary Phase 0.023ms
[58.596s][info][gc,phases,start] GC(312) Adjust Roots
[58.596s][info][gc,phases      ] GC(312) Adjust Roots 0.193ms
[58.596s][info][gc,phases,start] GC(312) Compaction Phase
[58.650s][info][gc,phases      ] GC(312) Compaction Phase 54.010ms
[58.651s][info][gc,phases,start] GC(312) Post Compact
[58.652s][info][gc,phases      ] GC(312) Post Compact 1.488ms
[58.652s][info][gc,heap        ] GC(312) PSYoungGen: 23532K(78848K)->23532K(78848K) Eden: 22015K(22016K)->22015K(22016K) From: 1516K(56832K)->1516K(56832K)
[58.652s][info][gc,heap        ] GC(312) ParOldGen: 339545K(341504K)->339545K(341504K)
[58.652s][info][gc,metaspace   ] GC(312) Metaspace: 6302K(6528K)->6302K(6528K) NonClass: 5769K(5888K)->5769K(5888K) Class: 533K(640K)->533K(640K)
[58.652s][info][gc             ] GC(312) Pause Full (Ergonomics) 354M->354M(410M) 200.563ms
[58.652s][info][gc,cpu         ] GC(312) User=0.34s Sys=0.00s Real=0.20s
[58.652s][info][gc,start       ] GC(313) Pause Full (Ergonomics)
[58.652s][info][gc,phases,start] GC(313) Marking Phase
[58.798s][info][gc,phases      ] GC(313) Marking Phase 145.631ms
[58.798s][info][gc,phases,start] GC(313) Summary Phase
[58.798s][info][gc,phases      ] GC(313) Summary Phase 0.017ms
[58.798s][info][gc,phases,start] GC(313) Adjust Roots
[58.798s][info][gc,phases      ] GC(313) Adjust Roots 0.226ms
[58.798s][info][gc,phases,start] GC(313) Compaction Phase
[58.854s][info][gc,phases      ] GC(313) Compaction Phase 55.281ms
[58.854s][info][gc,phases,start] GC(313) Post Compact
[58.855s][info][gc,phases      ] GC(313) Post Compact 1.633ms
[58.855s][info][gc,heap        ] GC(313) PSYoungGen: 23532K(78848K)->23532K(78848K) Eden: 22015K(22016K)->22015K(22016K) From: 1516K(56832K)->1516K(56832K)
[58.855s][info][gc,heap        ] GC(313) ParOldGen: 339550K(341504K)->339550K(341504K)
[58.855s][info][gc,metaspace   ] GC(313) Metaspace: 6302K(6528K)->6302K(6528K) NonClass: 5769K(5888K)->5769K(5888K) Class: 533K(640K)->533K(640K)
[58.856s][info][gc             ] GC(313) Pause Full (Ergonomics) 354M->354M(410M) 203.104ms
[58.856s][info][gc,cpu         ] GC(313) User=0.36s Sys=0.00s Real=0.20s
[58.856s][info][gc,start       ] GC(314) Pause Full (Ergonomics)
[58.856s][info][gc,phases,start] GC(314) Marking Phase
[58.999s][info][gc,phases      ] GC(314) Marking Phase 143.312ms
[58.999s][info][gc,phases,start] GC(314) Summary Phase
[58.999s][info][gc,phases      ] GC(314) Summary Phase 0.022ms
[58.999s][info][gc,phases,start] GC(314) Adjust Roots
[58.999s][info][gc,phases      ] GC(314) Adjust Roots 0.188ms
[58.999s][info][gc,phases,start] GC(314) Compaction Phase
[59.055s][info][gc,phases      ] GC(314) Compaction Phase 55.108ms
[59.055s][info][gc,phases,start] GC(314) Post Compact
[59.056s][info][gc,phases      ] GC(314) Post Compact 1.488ms
[59.056s][info][gc,heap        ] GC(314) PSYoungGen: 23532K(78848K)->23532K(78848K) Eden: 22015K(22016K)->22015K(22016K) From: 1516K(56832K)->1516K(56832K)
[59.056s][info][gc,heap        ] GC(314) ParOldGen: 339555K(341504K)->339555K(341504K)
[59.056s][info][gc,metaspace   ] GC(314) Metaspace: 6302K(6528K)->6302K(6528K) NonClass: 5769K(5888K)->5769K(5888K) Class: 533K(640K)->533K(640K)
[59.056s][info][gc             ] GC(314) Pause Full (Ergonomics) 354M->354M(410M) 200.445ms
[59.056s][info][gc,cpu         ] GC(314) User=0.31s Sys=0.00s Real=0.20s
[59.056s][info][gc,start       ] GC(315) Pause Full (Ergonomics)
[59.057s][info][gc,phases,start] GC(315) Marking Phase
[59.207s][info][gc,phases      ] GC(315) Marking Phase 150.383ms
[59.207s][info][gc,phases,start] GC(315) Summary Phase
[59.207s][info][gc,phases      ] GC(315) Summary Phase 0.022ms
[59.207s][info][gc,phases,start] GC(315) Adjust Roots
[59.207s][info][gc,phases      ] GC(315) Adjust Roots 0.215ms
[59.207s][info][gc,phases,start] GC(315) Compaction Phase
[59.268s][info][gc,phases      ] GC(315) Compaction Phase 60.755ms
[59.268s][info][gc,phases,start] GC(315) Post Compact
[59.270s][info][gc,phases      ] GC(315) Post Compact 1.497ms
[59.270s][info][gc,heap        ] GC(315) PSYoungGen: 23532K(78848K)->23532K(78848K) Eden: 22015K(22016K)->22015K(22016K) From: 1516K(56832K)->1516K(56832K)
[59.270s][info][gc,heap        ] GC(315) ParOldGen: 339559K(341504K)->339559K(341504K)
[59.270s][info][gc,metaspace   ] GC(315) Metaspace: 6302K(6528K)->6302K(6528K) NonClass: 5769K(5888K)->5769K(5888K) Class: 533K(640K)->533K(640K)
[59.270s][info][gc             ] GC(315) Pause Full (Ergonomics) 354M->354M(410M) 213.196ms
[59.270s][info][gc,cpu         ] GC(315) User=0.39s Sys=0.00s Real=0.21s
[59.270s][info][gc,start       ] GC(316) Pause Full (Ergonomics)
[59.270s][info][gc,phases,start] GC(316) Marking Phase
[59.414s][info][gc,phases      ] GC(316) Marking Phase 143.822ms
[59.414s][info][gc,phases,start] GC(316) Summary Phase
[59.414s][info][gc,phases      ] GC(316) Summary Phase 0.022ms
[59.414s][info][gc,phases,start] GC(316) Adjust Roots
[59.414s][info][gc,phases      ] GC(316) Adjust Roots 0.193ms
[59.414s][info][gc,phases,start] GC(316) Compaction Phase
[59.469s][info][gc,phases      ] GC(316) Compaction Phase 54.399ms
[59.469s][info][gc,phases,start] GC(316) Post Compact
[59.470s][info][gc,phases      ] GC(316) Post Compact 1.501ms
[59.470s][info][gc,heap        ] GC(316) PSYoungGen: 23532K(78848K)->23532K(78848K) Eden: 22015K(22016K)->22015K(22016K) From: 1516K(56832K)->1516K(56832K)
[59.470s][info][gc,heap        ] GC(316) ParOldGen: 339564K(341504K)->339564K(341504K)
[59.470s][info][gc,metaspace   ] GC(316) Metaspace: 6302K(6528K)->6302K(6528K) NonClass: 5769K(5888K)->5769K(5888K) Class: 533K(640K)->533K(640K)
[59.470s][info][gc             ] GC(316) Pause Full (Ergonomics) 354M->354M(410M) 200.265ms
[59.470s][info][gc,cpu         ] GC(316) User=0.31s Sys=0.00s Real=0.20s
[59.470s][info][gc,start       ] GC(317) Pause Full (Ergonomics)
[59.470s][info][gc,phases,start] GC(317) Marking Phase
[59.614s][info][gc,phases      ] GC(317) Marking Phase 143.850ms
[59.614s][info][gc,phases,start] GC(317) Summary Phase
[59.614s][info][gc,phases      ] GC(317) Summary Phase 0.022ms
[59.614s][info][gc,phases,start] GC(317) Adjust Roots
[59.615s][info][gc,phases      ] GC(317) Adjust Roots 0.193ms
[59.615s][info][gc,phases,start] GC(317) Compaction Phase
[59.669s][info][gc,phases      ] GC(317) Compaction Phase 54.343ms
[59.669s][info][gc,phases,start] GC(317) Post Compact
[59.671s][info][gc,phases      ] GC(317) Post Compact 1.477ms
[59.671s][info][gc,heap        ] GC(317) PSYoungGen: 23532K(78848K)->23532K(78848K) Eden: 22015K(22016K)->22015K(22016K) From: 1516K(56832K)->1516K(56832K)
[59.671s][info][gc,heap        ] GC(317) ParOldGen: 339569K(341504K)->339569K(341504K)
[59.671s][info][gc,metaspace   ] GC(317) Metaspace: 6302K(6528K)->6302K(6528K) NonClass: 5769K(5888K)->5769K(5888K) Class: 533K(640K)->533K(640K)
[59.671s][info][gc             ] GC(317) Pause Full (Ergonomics) 354M->354M(410M) 200.247ms
[59.671s][info][gc,cpu         ] GC(317) User=0.31s Sys=0.00s Real=0.20s
[59.671s][info][gc,start       ] GC(318) Pause Full (Ergonomics)
[59.671s][info][gc,phases,start] GC(318) Marking Phase
[59.814s][info][gc,phases      ] GC(318) Marking Phase 143.145ms
[59.814s][info][gc,phases,start] GC(318) Summary Phase
[59.814s][info][gc,phases      ] GC(318) Summary Phase 0.034ms
[59.814s][info][gc,phases,start] GC(318) Adjust Roots
[59.814s][info][gc,phases      ] GC(318) Adjust Roots 0.192ms
[59.814s][info][gc,phases,start] GC(318) Compaction Phase
[59.869s][info][gc,phases      ] GC(318) Compaction Phase 54.660ms
[59.869s][info][gc,phases,start] GC(318) Post Compact
[59.871s][info][gc,phases      ] GC(318) Post Compact 1.518ms
[59.871s][info][gc,heap        ] GC(318) PSYoungGen: 23532K(78848K)->23532K(78848K) Eden: 22015K(22016K)->22015K(22016K) From: 1516K(56832K)->1516K(56832K)
[59.871s][info][gc,heap        ] GC(318) ParOldGen: 339573K(341504K)->339573K(341504K)
[59.871s][info][gc,metaspace   ] GC(318) Metaspace: 6302K(6528K)->6302K(6528K) NonClass: 5769K(5888K)->5769K(5888K) Class: 533K(640K)->533K(640K)
[59.871s][info][gc             ] GC(318) Pause Full (Ergonomics) 354M->354M(410M) 199.871ms
[59.871s][info][gc,cpu         ] GC(318) User=0.31s Sys=0.00s Real=0.20s
[59.871s][info][gc,start       ] GC(319) Pause Full (Ergonomics)
[59.871s][info][gc,phases,start] GC(319) Marking Phase
[60.015s][info][gc,phases      ] GC(319) Marking Phase 143.532ms
[60.015s][info][gc,phases,start] GC(319) Summary Phase
[60.015s][info][gc,phases      ] GC(319) Summary Phase 0.022ms
[60.015s][info][gc,phases,start] GC(319) Adjust Roots
[60.015s][info][gc,phases      ] GC(319) Adjust Roots 0.195ms
[60.015s][info][gc,phases,start] GC(319) Compaction Phase
[60.069s][info][gc,phases      ] GC(319) Compaction Phase 54.456ms
[60.070s][info][gc,phases,start] GC(319) Post Compact
[60.071s][info][gc,phases      ] GC(319) Post Compact 1.560ms
[60.071s][info][gc,heap        ] GC(319) PSYoungGen: 23532K(78848K)->23532K(78848K) Eden: 22015K(22016K)->22015K(22016K) From: 1516K(56832K)->1516K(56832K)
[60.071s][info][gc,heap        ] GC(319) ParOldGen: 339578K(341504K)->339578K(341504K)
[60.071s][info][gc,metaspace   ] GC(319) Metaspace: 6302K(6528K)->6302K(6528K) NonClass: 5769K(5888K)->5769K(5888K) Class: 533K(640K)->533K(640K)
[60.071s][info][gc             ] GC(319) Pause Full (Ergonomics) 354M->354M(410M) 200.090ms
[60.071s][info][gc,cpu         ] GC(319) User=0.36s Sys=0.00s Real=0.20s
[60.071s][info][gc,start       ] GC(320) Pause Full (Ergonomics)
[60.071s][info][gc,phases,start] GC(320) Marking Phase
[60.215s][info][gc,phases      ] GC(320) Marking Phase 143.278ms
[60.215s][info][gc,phases,start] GC(320) Summary Phase
[60.215s][info][gc,phases      ] GC(320) Summary Phase 0.023ms
[60.215s][info][gc,phases,start] GC(320) Adjust Roots
[60.215s][info][gc,phases      ] GC(320) Adjust Roots 0.187ms
[60.215s][info][gc,phases,start] GC(320) Compaction Phase
[60.269s][info][gc,phases      ] GC(320) Compaction Phase 54.031ms
[60.269s][info][gc,phases,start] GC(320) Post Compact
[60.271s][info][gc,phases      ] GC(320) Post Compact 1.485ms
[60.271s][info][gc,heap        ] GC(320) PSYoungGen: 23532K(78848K)->23532K(78848K) Eden: 22015K(22016K)->22015K(22016K) From: 1516K(56832K)->1516K(56832K)
[60.271s][info][gc,heap        ] GC(320) ParOldGen: 339583K(341504K)->339583K(341504K)
[60.271s][info][gc,metaspace   ] GC(320) Metaspace: 6302K(6528K)->6302K(6528K) NonClass: 5769K(5888K)->5769K(5888K) Class: 533K(640K)->533K(640K)
[60.271s][info][gc             ] GC(320) Pause Full (Ergonomics) 354M->354M(410M) 199.341ms
[60.271s][info][gc,cpu         ] GC(320) User=0.31s Sys=0.00s Real=0.20s
[60.271s][info][gc,start       ] GC(321) Pause Full (Ergonomics)
[60.271s][info][gc,phases,start] GC(321) Marking Phase
[60.416s][info][gc,phases      ] GC(321) Marking Phase 144.838ms
[60.416s][info][gc,phases,start] GC(321) Summary Phase
[60.416s][info][gc,phases      ] GC(321) Summary Phase 0.022ms
[60.416s][info][gc,phases,start] GC(321) Adjust Roots
[60.416s][info][gc,phases      ] GC(321) Adjust Roots 0.195ms
[60.416s][info][gc,phases,start] GC(321) Compaction Phase
[60.471s][info][gc,phases      ] GC(321) Compaction Phase 55.207ms
[60.472s][info][gc,phases,start] GC(321) Post Compact
[60.473s][info][gc,phases      ] GC(321) Post Compact 1.518ms
[60.473s][info][gc,heap        ] GC(321) PSYoungGen: 23532K(78848K)->23532K(78848K) Eden: 22015K(22016K)->22015K(22016K) From: 1516K(56832K)->1516K(56832K)
[60.473s][info][gc,heap        ] GC(321) ParOldGen: 339587K(341504K)->339587K(341504K)
[60.473s][info][gc,metaspace   ] GC(321) Metaspace: 6302K(6528K)->6302K(6528K) NonClass: 5769K(5888K)->5769K(5888K) Class: 533K(640K)->533K(640K)
[60.473s][info][gc             ] GC(321) Pause Full (Ergonomics) 354M->354M(410M) 202.111ms
[60.473s][info][gc,cpu         ] GC(321) User=0.34s Sys=0.00s Real=0.20s
[60.473s][info][gc,start       ] GC(322) Pause Full (Ergonomics)
[60.473s][info][gc,phases,start] GC(322) Marking Phase
[60.618s][info][gc,phases      ] GC(322) Marking Phase 144.487ms
[60.618s][info][gc,phases,start] GC(322) Summary Phase
[60.618s][info][gc,phases      ] GC(322) Summary Phase 0.022ms
[60.618s][info][gc,phases,start] GC(322) Adjust Roots
[60.618s][info][gc,phases      ] GC(322) Adjust Roots 0.193ms
[60.618s][info][gc,phases,start] GC(322) Compaction Phase
[60.671s][info][gc,phases      ] GC(322) Compaction Phase 52.719ms
[60.671s][info][gc,phases,start] GC(322) Post Compact
[60.673s][info][gc,phases      ] GC(322) Post Compact 1.494ms
[60.673s][info][gc,heap        ] GC(322) PSYoungGen: 23532K(78848K)->23532K(78848K) Eden: 22015K(22016K)->22015K(22016K) From: 1516K(56832K)->1516K(56832K)
[60.673s][info][gc,heap        ] GC(322) ParOldGen: 339592K(341504K)->339592K(341504K)
[60.673s][info][gc,metaspace   ] GC(322) Metaspace: 6302K(6528K)->6302K(6528K) NonClass: 5769K(5888K)->5769K(5888K) Class: 533K(640K)->533K(640K)
[60.673s][info][gc             ] GC(322) Pause Full (Ergonomics) 354M->354M(410M) 199.238ms
[60.673s][info][gc,cpu         ] GC(322) User=0.30s Sys=0.02s Real=0.20s
[60.673s][info][gc,start       ] GC(323) Pause Full (Ergonomics)
[60.673s][info][gc,phases,start] GC(323) Marking Phase
[60.823s][info][gc,phases      ] GC(323) Marking Phase 150.009ms
[60.823s][info][gc,phases,start] GC(323) Summary Phase
[60.823s][info][gc,phases      ] GC(323) Summary Phase 0.022ms
[60.823s][info][gc,phases,start] GC(323) Adjust Roots
[60.823s][info][gc,phases      ] GC(323) Adjust Roots 0.186ms
[60.823s][info][gc,phases,start] GC(323) Compaction Phase
[60.885s][info][gc,phases      ] GC(323) Compaction Phase 61.639ms
[60.885s][info][gc,phases,start] GC(323) Post Compact
[60.887s][info][gc,phases      ] GC(323) Post Compact 1.501ms
[60.887s][info][gc,heap        ] GC(323) PSYoungGen: 23532K(78848K)->23532K(78848K) Eden: 22015K(22016K)->22015K(22016K) From: 1516K(56832K)->1516K(56832K)
[60.887s][info][gc,heap        ] GC(323) ParOldGen: 339597K(341504K)->339597K(341504K)
[60.887s][info][gc,metaspace   ] GC(323) Metaspace: 6302K(6528K)->6302K(6528K) NonClass: 5769K(5888K)->5769K(5888K) Class: 533K(640K)->533K(640K)
[60.887s][info][gc             ] GC(323) Pause Full (Ergonomics) 354M->354M(410M) 213.682ms
[60.887s][info][gc,cpu         ] GC(323) User=0.38s Sys=0.00s Real=0.21s
[60.887s][info][gc,start       ] GC(324) Pause Full (Ergonomics)
[60.887s][info][gc,phases,start] GC(324) Marking Phase
[61.030s][info][gc,phases      ] GC(324) Marking Phase 143.526ms
[61.031s][info][gc,phases,start] GC(324) Summary Phase
[61.031s][info][gc,phases      ] GC(324) Summary Phase 0.022ms
[61.031s][info][gc,phases,start] GC(324) Adjust Roots
[61.031s][info][gc,phases      ] GC(324) Adjust Roots 0.194ms
[61.031s][info][gc,phases,start] GC(324) Compaction Phase
[61.085s][info][gc,phases      ] GC(324) Compaction Phase 54.339ms
[61.085s][info][gc,phases,start] GC(324) Post Compact
[61.087s][info][gc,phases      ] GC(324) Post Compact 1.566ms
[61.087s][info][gc,heap        ] GC(324) PSYoungGen: 23532K(78848K)->23532K(78848K) Eden: 22015K(22016K)->22015K(22016K) From: 1516K(56832K)->1516K(56832K)
[61.087s][info][gc,heap        ] GC(324) ParOldGen: 339601K(341504K)->339601K(341504K)
[61.087s][info][gc,metaspace   ] GC(324) Metaspace: 6302K(6528K)->6302K(6528K) NonClass: 5769K(5888K)->5769K(5888K) Class: 533K(640K)->533K(640K)
[61.087s][info][gc             ] GC(324) Pause Full (Ergonomics) 354M->354M(410M) 200.025ms
[61.087s][info][gc,cpu         ] GC(324) User=0.31s Sys=0.00s Real=0.20s
[61.087s][info][gc,start       ] GC(325) Pause Full (Ergonomics)
[61.087s][info][gc,phases,start] GC(325) Marking Phase
[61.231s][info][gc,phases      ] GC(325) Marking Phase 143.575ms
[61.231s][info][gc,phases,start] GC(325) Summary Phase
[61.231s][info][gc,phases      ] GC(325) Summary Phase 0.021ms
[61.231s][info][gc,phases,start] GC(325) Adjust Roots
[61.231s][info][gc,phases      ] GC(325) Adjust Roots 0.198ms
[61.231s][info][gc,phases,start] GC(325) Compaction Phase
[61.285s][info][gc,phases      ] GC(325) Compaction Phase 54.041ms
[61.285s][info][gc,phases,start] GC(325) Post Compact
[61.287s][info][gc,phases      ] GC(325) Post Compact 1.492ms
[61.287s][info][gc,heap        ] GC(325) PSYoungGen: 23532K(78848K)->23532K(78848K) Eden: 22015K(22016K)->22015K(22016K) From: 1516K(56832K)->1516K(56832K)
[61.287s][info][gc,heap        ] GC(325) ParOldGen: 339606K(341504K)->339606K(341504K)
[61.287s][info][gc,metaspace   ] GC(325) Metaspace: 6302K(6528K)->6302K(6528K) NonClass: 5769K(5888K)->5769K(5888K) Class: 533K(640K)->533K(640K)
[61.287s][info][gc             ] GC(325) Pause Full (Ergonomics) 354M->354M(410M) 199.807ms
[61.287s][info][gc,cpu         ] GC(325) User=0.34s Sys=0.00s Real=0.20s
[61.287s][info][gc,start       ] GC(326) Pause Full (Ergonomics)
[61.287s][info][gc,phases,start] GC(326) Marking Phase
[61.432s][info][gc,phases      ] GC(326) Marking Phase 144.291ms
[61.432s][info][gc,phases,start] GC(326) Summary Phase
[61.432s][info][gc,phases      ] GC(326) Summary Phase 0.022ms
[61.432s][info][gc,phases,start] GC(326) Adjust Roots
[61.432s][info][gc,phases      ] GC(326) Adjust Roots 0.192ms
[61.432s][info][gc,phases,start] GC(326) Compaction Phase
[61.486s][info][gc,phases      ] GC(326) Compaction Phase 54.391ms
[61.486s][info][gc,phases,start] GC(326) Post Compact
[61.488s][info][gc,phases      ] GC(326) Post Compact 1.530ms
[61.488s][info][gc,heap        ] GC(326) PSYoungGen: 23532K(78848K)->23532K(78848K) Eden: 22015K(22016K)->22015K(22016K) From: 1516K(56832K)->1516K(56832K)
[61.488s][info][gc,heap        ] GC(326) ParOldGen: 339611K(341504K)->339611K(341504K)
[61.488s][info][gc,metaspace   ] GC(326) Metaspace: 6302K(6528K)->6302K(6528K) NonClass: 5769K(5888K)->5769K(5888K) Class: 533K(640K)->533K(640K)
[61.488s][info][gc             ] GC(326) Pause Full (Ergonomics) 354M->354M(410M) 200.766ms
[61.488s][info][gc,cpu         ] GC(326) User=0.31s Sys=0.00s Real=0.20s
[61.488s][info][gc,start       ] GC(327) Pause Full (Ergonomics)
[61.488s][info][gc,phases,start] GC(327) Marking Phase
[61.632s][info][gc,phases      ] GC(327) Marking Phase 143.384ms
[61.632s][info][gc,phases,start] GC(327) Summary Phase
[61.632s][info][gc,phases      ] GC(327) Summary Phase 0.023ms
[61.632s][info][gc,phases,start] GC(327) Adjust Roots
[61.632s][info][gc,phases      ] GC(327) Adjust Roots 0.198ms
[61.632s][info][gc,phases,start] GC(327) Compaction Phase
[61.686s][info][gc,phases      ] GC(327) Compaction Phase 54.234ms
[61.686s][info][gc,phases,start] GC(327) Post Compact
[61.688s][info][gc,phases      ] GC(327) Post Compact 1.686ms
[61.688s][info][gc,heap        ] GC(327) PSYoungGen: 23532K(78848K)->23532K(78848K) Eden: 22015K(22016K)->22015K(22016K) From: 1516K(56832K)->1516K(56832K)
[61.688s][info][gc,heap        ] GC(327) ParOldGen: 339615K(341504K)->339615K(341504K)
[61.688s][info][gc,metaspace   ] GC(327) Metaspace: 6302K(6528K)->6302K(6528K) NonClass: 5769K(5888K)->5769K(5888K) Class: 533K(640K)->533K(640K)
[61.688s][info][gc             ] GC(327) Pause Full (Ergonomics) 354M->354M(410M) 199.872ms
[61.688s][info][gc,cpu         ] GC(327) User=0.31s Sys=0.00s Real=0.20s
[61.688s][info][gc,start       ] GC(328) Pause Full (Ergonomics)
[61.688s][info][gc,phases,start] GC(328) Marking Phase
[61.832s][info][gc,phases      ] GC(328) Marking Phase 143.737ms
[61.832s][info][gc,phases,start] GC(328) Summary Phase
[61.832s][info][gc,phases      ] GC(328) Summary Phase 0.023ms
[61.832s][info][gc,phases,start] GC(328) Adjust Roots
[61.832s][info][gc,phases      ] GC(328) Adjust Roots 0.201ms
[61.832s][info][gc,phases,start] GC(328) Compaction Phase
[61.886s][info][gc,phases      ] GC(328) Compaction Phase 53.868ms
[61.886s][info][gc,phases,start] GC(328) Post Compact
[61.888s][info][gc,phases      ] GC(328) Post Compact 1.628ms
[61.888s][info][gc,heap        ] GC(328) PSYoungGen: 23532K(78848K)->23532K(78848K) Eden: 22015K(22016K)->22015K(22016K) From: 1516K(56832K)->1516K(56832K)
[61.888s][info][gc,heap        ] GC(328) ParOldGen: 339620K(341504K)->339620K(341504K)
[61.888s][info][gc,metaspace   ] GC(328) Metaspace: 6302K(6528K)->6302K(6528K) NonClass: 5769K(5888K)->5769K(5888K) Class: 533K(640K)->533K(640K)
[61.888s][info][gc             ] GC(328) Pause Full (Ergonomics) 354M->354M(410M) 199.792ms
[61.888s][info][gc,cpu         ] GC(328) User=0.31s Sys=0.00s Real=0.20s
[61.888s][info][gc,start       ] GC(329) Pause Full (Ergonomics)
[61.888s][info][gc,phases,start] GC(329) Marking Phase
[62.032s][info][gc,phases      ] GC(329) Marking Phase 143.752ms
[62.032s][info][gc,phases,start] GC(329) Summary Phase
[62.032s][info][gc,phases      ] GC(329) Summary Phase 0.022ms
[62.032s][info][gc,phases,start] GC(329) Adjust Roots
[62.033s][info][gc,phases      ] GC(329) Adjust Roots 0.188ms
[62.033s][info][gc,phases,start] GC(329) Compaction Phase
[62.087s][info][gc,phases      ] GC(329) Compaction Phase 54.745ms
[62.087s][info][gc,phases,start] GC(329) Post Compact
[62.089s][info][gc,phases      ] GC(329) Post Compact 1.480ms
[62.089s][info][gc,heap        ] GC(329) PSYoungGen: 23532K(78848K)->23532K(78848K) Eden: 22015K(22016K)->22015K(22016K) From: 1516K(56832K)->1516K(56832K)
[62.089s][info][gc,heap        ] GC(329) ParOldGen: 339625K(341504K)->339625K(341504K)
[62.089s][info][gc,metaspace   ] GC(329) Metaspace: 6302K(6528K)->6302K(6528K) NonClass: 5769K(5888K)->5769K(5888K) Class: 533K(640K)->533K(640K)
[62.089s][info][gc             ] GC(329) Pause Full (Ergonomics) 354M->354M(410M) 200.633ms
[62.089s][info][gc,cpu         ] GC(329) User=0.31s Sys=0.00s Real=0.20s
[62.089s][info][gc,start       ] GC(330) Pause Full (Ergonomics)
[62.089s][info][gc,phases,start] GC(330) Marking Phase
[62.233s][info][gc,phases      ] GC(330) Marking Phase 143.303ms
[62.233s][info][gc,phases,start] GC(330) Summary Phase
[62.233s][info][gc,phases      ] GC(330) Summary Phase 0.022ms
[62.233s][info][gc,phases,start] GC(330) Adjust Roots
[62.233s][info][gc,phases      ] GC(330) Adjust Roots 0.199ms
[62.233s][info][gc,phases,start] GC(330) Compaction Phase
[62.287s][info][gc,phases      ] GC(330) Compaction Phase 54.322ms
[62.287s][info][gc,phases,start] GC(330) Post Compact
[62.289s][info][gc,phases      ] GC(330) Post Compact 1.492ms
[62.289s][info][gc,heap        ] GC(330) PSYoungGen: 23532K(78848K)->23532K(78848K) Eden: 22015K(22016K)->22015K(22016K) From: 1516K(56832K)->1516K(56832K)
[62.289s][info][gc,heap        ] GC(330) ParOldGen: 339629K(341504K)->339629K(341504K)
[62.289s][info][gc,metaspace   ] GC(330) Metaspace: 6302K(6528K)->6302K(6528K) NonClass: 5769K(5888K)->5769K(5888K) Class: 533K(640K)->533K(640K)
[62.289s][info][gc             ] GC(330) Pause Full (Ergonomics) 354M->354M(410M) 199.676ms
[62.289s][info][gc,cpu         ] GC(330) User=0.34s Sys=0.00s Real=0.20s
[62.289s][info][gc,start       ] GC(331) Pause Full (Ergonomics)
[62.289s][info][gc,phases,start] GC(331) Marking Phase
[62.434s][info][gc,phases      ] GC(331) Marking Phase 144.476ms
[62.434s][info][gc,phases,start] GC(331) Summary Phase
[62.434s][info][gc,phases      ] GC(331) Summary Phase 0.023ms
[62.434s][info][gc,phases,start] GC(331) Adjust Roots
[62.434s][info][gc,phases      ] GC(331) Adjust Roots 0.204ms
[62.434s][info][gc,phases,start] GC(331) Compaction Phase
[62.489s][info][gc,phases      ] GC(331) Compaction Phase 54.303ms
[62.489s][info][gc,phases,start] GC(331) Post Compact
[62.490s][info][gc,phases      ] GC(331) Post Compact 1.498ms
[62.490s][info][gc,heap        ] GC(331) PSYoungGen: 23532K(78848K)->23532K(78848K) Eden: 22015K(22016K)->22015K(22016K) From: 1516K(56832K)->1516K(56832K)
[62.490s][info][gc,heap        ] GC(331) ParOldGen: 339634K(341504K)->339634K(341504K)
[62.490s][info][gc,metaspace   ] GC(331) Metaspace: 6302K(6528K)->6302K(6528K) NonClass: 5769K(5888K)->5769K(5888K) Class: 533K(640K)->533K(640K)
[62.490s][info][gc             ] GC(331) Pause Full (Ergonomics) 354M->354M(410M) 200.921ms
[62.490s][info][gc,cpu         ] GC(331) User=0.34s Sys=0.00s Real=0.20s
[62.491s][info][gc,start       ] GC(332) Pause Full (Ergonomics)
[62.491s][info][gc,phases,start] GC(332) Marking Phase
[62.635s][info][gc,phases      ] GC(332) Marking Phase 144.479ms
[62.635s][info][gc,phases,start] GC(332) Summary Phase
[62.635s][info][gc,phases      ] GC(332) Summary Phase 0.022ms
[62.635s][info][gc,phases,start] GC(332) Adjust Roots
[62.635s][info][gc,phases      ] GC(332) Adjust Roots 0.189ms
[62.635s][info][gc,phases,start] GC(332) Compaction Phase
[62.690s][info][gc,phases      ] GC(332) Compaction Phase 54.627ms
[62.690s][info][gc,phases,start] GC(332) Post Compact
[62.692s][info][gc,phases      ] GC(332) Post Compact 1.609ms
[62.692s][info][gc,heap        ] GC(332) PSYoungGen: 23532K(78848K)->23532K(78848K) Eden: 22015K(22016K)->22015K(22016K) From: 1516K(56832K)->1516K(56832K)
[62.692s][info][gc,heap        ] GC(332) ParOldGen: 339639K(341504K)->339639K(341504K)
[62.692s][info][gc,metaspace   ] GC(332) Metaspace: 6302K(6528K)->6302K(6528K) NonClass: 5769K(5888K)->5769K(5888K) Class: 533K(640K)->533K(640K)
[62.692s][info][gc             ] GC(332) Pause Full (Ergonomics) 354M->354M(410M) 201.254ms
[62.692s][info][gc,cpu         ] GC(332) User=0.31s Sys=0.02s Real=0.20s
[62.692s][info][gc,start       ] GC(333) Pause Full (Ergonomics)
[62.692s][info][gc,phases,start] GC(333) Marking Phase
[62.836s][info][gc,phases      ] GC(333) Marking Phase 144.383ms
[62.837s][info][gc,phases,start] GC(333) Summary Phase
[62.837s][info][gc,phases      ] GC(333) Summary Phase 0.024ms
[62.837s][info][gc,phases,start] GC(333) Adjust Roots
[62.837s][info][gc,phases      ] GC(333) Adjust Roots 0.197ms
[62.837s][info][gc,phases,start] GC(333) Compaction Phase
[62.891s][info][gc,phases      ] GC(333) Compaction Phase 54.473ms
[62.891s][info][gc,phases,start] GC(333) Post Compact
[62.893s][info][gc,phases      ] GC(333) Post Compact 1.679ms
[62.893s][info][gc,heap        ] GC(333) PSYoungGen: 23532K(78848K)->23532K(78848K) Eden: 22015K(22016K)->22015K(22016K) From: 1516K(56832K)->1516K(56832K)
[62.893s][info][gc,heap        ] GC(333) ParOldGen: 339643K(341504K)->339643K(341504K)
[62.893s][info][gc,metaspace   ] GC(333) Metaspace: 6302K(6528K)->6302K(6528K) NonClass: 5769K(5888K)->5769K(5888K) Class: 533K(640K)->533K(640K)
[62.893s][info][gc             ] GC(333) Pause Full (Ergonomics) 354M->354M(410M) 201.146ms
[62.893s][info][gc,cpu         ] GC(333) User=0.31s Sys=0.00s Real=0.20s
[62.893s][info][gc,start       ] GC(334) Pause Full (Ergonomics)
[62.893s][info][gc,phases,start] GC(334) Marking Phase
[63.037s][info][gc,phases      ] GC(334) Marking Phase 143.785ms
[63.037s][info][gc,phases,start] GC(334) Summary Phase
[63.037s][info][gc,phases      ] GC(334) Summary Phase 0.022ms
[63.037s][info][gc,phases,start] GC(334) Adjust Roots
[63.038s][info][gc,phases      ] GC(334) Adjust Roots 0.197ms
[63.038s][info][gc,phases,start] GC(334) Compaction Phase
[63.092s][info][gc,phases      ] GC(334) Compaction Phase 54.413ms
[63.092s][info][gc,phases,start] GC(334) Post Compact
[63.094s][info][gc,phases      ] GC(334) Post Compact 1.561ms
[63.094s][info][gc,heap        ] GC(334) PSYoungGen: 23532K(78848K)->23532K(78848K) Eden: 22015K(22016K)->22015K(22016K) From: 1516K(56832K)->1516K(56832K)
[63.094s][info][gc,heap        ] GC(334) ParOldGen: 339648K(341504K)->339648K(341504K)
[63.094s][info][gc,metaspace   ] GC(334) Metaspace: 6302K(6528K)->6302K(6528K) NonClass: 5769K(5888K)->5769K(5888K) Class: 533K(640K)->533K(640K)
[63.094s][info][gc             ] GC(334) Pause Full (Ergonomics) 354M->354M(410M) 200.308ms
[63.094s][info][gc,cpu         ] GC(334) User=0.31s Sys=0.00s Real=0.20s
[63.094s][info][gc,start       ] GC(335) Pause Full (Ergonomics)
[63.094s][info][gc,phases,start] GC(335) Marking Phase
[63.237s][info][gc,phases      ] GC(335) Marking Phase 143.364ms
[63.237s][info][gc,phases,start] GC(335) Summary Phase
[63.237s][info][gc,phases      ] GC(335) Summary Phase 0.022ms
[63.237s][info][gc,phases,start] GC(335) Adjust Roots
[63.238s][info][gc,phases      ] GC(335) Adjust Roots 0.186ms
[63.238s][info][gc,phases,start] GC(335) Compaction Phase
[63.292s][info][gc,phases      ] GC(335) Compaction Phase 54.029ms
[63.292s][info][gc,phases,start] GC(335) Post Compact
[63.293s][info][gc,phases      ] GC(335) Post Compact 1.521ms
[63.293s][info][gc,heap        ] GC(335) PSYoungGen: 23532K(78848K)->23532K(78848K) Eden: 22015K(22016K)->22015K(22016K) From: 1516K(56832K)->1516K(56832K)
[63.293s][info][gc,heap        ] GC(335) ParOldGen: 339653K(341504K)->339653K(341504K)
[63.293s][info][gc,metaspace   ] GC(335) Metaspace: 6302K(6528K)->6302K(6528K) NonClass: 5769K(5888K)->5769K(5888K) Class: 533K(640K)->533K(640K)
[63.293s][info][gc             ] GC(335) Pause Full (Ergonomics) 354M->354M(410M) 199.447ms
[63.293s][info][gc,cpu         ] GC(335) User=0.31s Sys=0.00s Real=0.20s
[63.294s][info][gc,start       ] GC(336) Pause Full (Ergonomics)
[63.294s][info][gc,phases,start] GC(336) Marking Phase
[63.438s][info][gc,phases      ] GC(336) Marking Phase 144.539ms
[63.438s][info][gc,phases,start] GC(336) Summary Phase
[63.438s][info][gc,phases      ] GC(336) Summary Phase 0.023ms
[63.438s][info][gc,phases,start] GC(336) Adjust Roots
[63.439s][info][gc,phases      ] GC(336) Adjust Roots 0.194ms
[63.439s][info][gc,phases,start] GC(336) Compaction Phase
[63.493s][info][gc,phases      ] GC(336) Compaction Phase 53.951ms
[63.493s][info][gc,phases,start] GC(336) Post Compact
[63.494s][info][gc,phases      ] GC(336) Post Compact 1.484ms
[63.494s][info][gc,heap        ] GC(336) PSYoungGen: 23532K(78848K)->23532K(78848K) Eden: 22015K(22016K)->22015K(22016K) From: 1516K(56832K)->1516K(56832K)
[63.494s][info][gc,heap        ] GC(336) ParOldGen: 339657K(341504K)->339657K(341504K)
[63.494s][info][gc,metaspace   ] GC(336) Metaspace: 6302K(6528K)->6302K(6528K) NonClass: 5769K(5888K)->5769K(5888K) Class: 533K(640K)->533K(640K)
[63.494s][info][gc             ] GC(336) Pause Full (Ergonomics) 354M->354M(410M) 200.552ms
[63.494s][info][gc,cpu         ] GC(336) User=0.34s Sys=0.00s Real=0.20s
[63.495s][info][gc,start       ] GC(337) Pause Full (Ergonomics)
[63.495s][info][gc,phases,start] GC(337) Marking Phase
[63.639s][info][gc,phases      ] GC(337) Marking Phase 144.747ms
[63.639s][info][gc,phases,start] GC(337) Summary Phase
[63.639s][info][gc,phases      ] GC(337) Summary Phase 0.022ms
[63.639s][info][gc,phases,start] GC(337) Adjust Roots
[63.640s][info][gc,phases      ] GC(337) Adjust Roots 0.204ms
[63.640s][info][gc,phases,start] GC(337) Compaction Phase
[63.694s][info][gc,phases      ] GC(337) Compaction Phase 54.450ms
[63.694s][info][gc,phases,start] GC(337) Post Compact
[63.696s][info][gc,phases      ] GC(337) Post Compact 1.494ms
[63.696s][info][gc,heap        ] GC(337) PSYoungGen: 23532K(78848K)->23532K(78848K) Eden: 22015K(22016K)->22015K(22016K) From: 1516K(56832K)->1516K(56832K)
[63.696s][info][gc,heap        ] GC(337) ParOldGen: 339662K(341504K)->339662K(341504K)
[63.696s][info][gc,metaspace   ] GC(337) Metaspace: 6302K(6528K)->6302K(6528K) NonClass: 5769K(5888K)->5769K(5888K) Class: 533K(640K)->533K(640K)
[63.696s][info][gc             ] GC(337) Pause Full (Ergonomics) 354M->354M(410M) 201.284ms
[63.696s][info][gc,cpu         ] GC(337) User=0.34s Sys=0.00s Real=0.20s
[63.696s][info][gc,start       ] GC(338) Pause Full (Ergonomics)
[63.696s][info][gc,phases,start] GC(338) Marking Phase
[63.840s][info][gc,phases      ] GC(338) Marking Phase 143.588ms
[63.840s][info][gc,phases,start] GC(338) Summary Phase
[63.840s][info][gc,phases      ] GC(338) Summary Phase 0.023ms
[63.840s][info][gc,phases,start] GC(338) Adjust Roots
[63.840s][info][gc,phases      ] GC(338) Adjust Roots 0.187ms
[63.840s][info][gc,phases,start] GC(338) Compaction Phase
[63.894s][info][gc,phases      ] GC(338) Compaction Phase 54.456ms
[63.895s][info][gc,phases,start] GC(338) Post Compact
[63.896s][info][gc,phases      ] GC(338) Post Compact 1.501ms
[63.896s][info][gc,heap        ] GC(338) PSYoungGen: 23532K(78848K)->23532K(78848K) Eden: 22015K(22016K)->22015K(22016K) From: 1516K(56832K)->1516K(56832K)
[63.896s][info][gc,heap        ] GC(338) ParOldGen: 339667K(341504K)->339667K(341504K)
[63.896s][info][gc,metaspace   ] GC(338) Metaspace: 6302K(6528K)->6302K(6528K) NonClass: 5769K(5888K)->5769K(5888K) Class: 533K(640K)->533K(640K)
[63.896s][info][gc             ] GC(338) Pause Full (Ergonomics) 354M->354M(410M) 200.078ms
[63.896s][info][gc,cpu         ] GC(338) User=0.34s Sys=0.00s Real=0.20s
[63.896s][info][gc,start       ] GC(339) Pause Full (Ergonomics)
[63.896s][info][gc,phases,start] GC(339) Marking Phase
[64.042s][info][gc,phases      ] GC(339) Marking Phase 145.224ms
[64.042s][info][gc,phases,start] GC(339) Summary Phase
[64.042s][info][gc,phases      ] GC(339) Summary Phase 0.022ms
[64.042s][info][gc,phases,start] GC(339) Adjust Roots
[64.042s][info][gc,phases      ] GC(339) Adjust Roots 0.198ms
[64.042s][info][gc,phases,start] GC(339) Compaction Phase
[64.097s][info][gc,phases      ] GC(339) Compaction Phase 54.575ms
[64.097s][info][gc,phases,start] GC(339) Post Compact
[64.098s][info][gc,phases      ] GC(339) Post Compact 1.468ms
[64.098s][info][gc,heap        ] GC(339) PSYoungGen: 23532K(78848K)->23532K(78848K) Eden: 22015K(22016K)->22015K(22016K) From: 1516K(56832K)->1516K(56832K)
[64.098s][info][gc,heap        ] GC(339) ParOldGen: 339671K(341504K)->339671K(341504K)
[64.098s][info][gc,metaspace   ] GC(339) Metaspace: 6302K(6528K)->6302K(6528K) NonClass: 5769K(5888K)->5769K(5888K) Class: 533K(640K)->533K(640K)
[64.098s][info][gc             ] GC(339) Pause Full (Ergonomics) 354M->354M(410M) 201.859ms
[64.098s][info][gc,cpu         ] GC(339) User=0.38s Sys=0.00s Real=0.20s
[64.099s][info][gc,start       ] GC(340) Pause Full (Ergonomics)
[64.099s][info][gc,phases,start] GC(340) Marking Phase
[64.242s][info][gc,phases      ] GC(340) Marking Phase 143.319ms
[64.242s][info][gc,phases,start] GC(340) Summary Phase
[64.242s][info][gc,phases      ] GC(340) Summary Phase 0.022ms
[64.242s][info][gc,phases,start] GC(340) Adjust Roots
[64.242s][info][gc,phases      ] GC(340) Adjust Roots 0.199ms
[64.242s][info][gc,phases,start] GC(340) Compaction Phase
[64.296s][info][gc,phases      ] GC(340) Compaction Phase 54.186ms
[64.296s][info][gc,phases,start] GC(340) Post Compact
[64.298s][info][gc,phases      ] GC(340) Post Compact 1.538ms
[64.298s][info][gc,heap        ] GC(340) PSYoungGen: 23532K(78848K)->23532K(78848K) Eden: 22015K(22016K)->22015K(22016K) From: 1516K(56832K)->1516K(56832K)
[64.298s][info][gc,heap        ] GC(340) ParOldGen: 339676K(341504K)->339676K(341504K)
[64.298s][info][gc,metaspace   ] GC(340) Metaspace: 6302K(6528K)->6302K(6528K) NonClass: 5769K(5888K)->5769K(5888K) Class: 533K(640K)->533K(640K)
[64.298s][info][gc             ] GC(340) Pause Full (Ergonomics) 354M->354M(410M) 199.615ms
[64.298s][info][gc,cpu         ] GC(340) User=0.31s Sys=0.00s Real=0.20s
[64.298s][info][gc,start       ] GC(341) Pause Full (Ergonomics)
[64.298s][info][gc,phases,start] GC(341) Marking Phase
[64.450s][info][gc,phases      ] GC(341) Marking Phase 151.702ms
[64.450s][info][gc,phases,start] GC(341) Summary Phase
[64.450s][info][gc,phases      ] GC(341) Summary Phase 0.021ms
[64.450s][info][gc,phases,start] GC(341) Adjust Roots
[64.450s][info][gc,phases      ] GC(341) Adjust Roots 0.207ms
[64.450s][info][gc,phases,start] GC(341) Compaction Phase
[64.511s][info][gc,phases      ] GC(341) Compaction Phase 60.746ms
[64.511s][info][gc,phases,start] GC(341) Post Compact
[64.513s][info][gc,phases      ] GC(341) Post Compact 1.498ms
[64.513s][info][gc,heap        ] GC(341) PSYoungGen: 23532K(78848K)->23532K(78848K) Eden: 22015K(22016K)->22015K(22016K) From: 1516K(56832K)->1516K(56832K)
[64.513s][info][gc,heap        ] GC(341) ParOldGen: 339681K(341504K)->339681K(341504K)
[64.513s][info][gc,metaspace   ] GC(341) Metaspace: 6302K(6528K)->6302K(6528K) NonClass: 5769K(5888K)->5769K(5888K) Class: 533K(640K)->533K(640K)
[64.513s][info][gc             ] GC(341) Pause Full (Ergonomics) 354M->354M(410M) 214.499ms
[64.513s][info][gc,cpu         ] GC(341) User=0.38s Sys=0.00s Real=0.21s
[64.513s][info][gc,start       ] GC(342) Pause Full (Ergonomics)
[64.513s][info][gc,phases,start] GC(342) Marking Phase
[64.664s][info][gc,phases      ] GC(342) Marking Phase 150.721ms
[64.664s][info][gc,phases,start] GC(342) Summary Phase
[64.664s][info][gc,phases      ] GC(342) Summary Phase 0.022ms
[64.664s][info][gc,phases,start] GC(342) Adjust Roots
[64.664s][info][gc,phases      ] GC(342) Adjust Roots 0.218ms
[64.664s][info][gc,phases,start] GC(342) Compaction Phase
[64.725s][info][gc,phases      ] GC(342) Compaction Phase 60.652ms
[64.725s][info][gc,phases,start] GC(342) Post Compact
[64.726s][info][gc,phases      ] GC(342) Post Compact 1.513ms
[64.727s][info][gc,heap        ] GC(342) PSYoungGen: 23532K(78848K)->23532K(78848K) Eden: 22015K(22016K)->22015K(22016K) From: 1516K(56832K)->1516K(56832K)
[64.727s][info][gc,heap        ] GC(342) ParOldGen: 339685K(341504K)->339685K(341504K)
[64.727s][info][gc,metaspace   ] GC(342) Metaspace: 6302K(6528K)->6302K(6528K) NonClass: 5769K(5888K)->5769K(5888K) Class: 533K(640K)->533K(640K)
[64.727s][info][gc             ] GC(342) Pause Full (Ergonomics) 354M->354M(410M) 213.446ms
[64.727s][info][gc,cpu         ] GC(342) User=0.36s Sys=0.02s Real=0.21s
[64.727s][info][gc,start       ] GC(343) Pause Full (Ergonomics)
[64.727s][info][gc,phases,start] GC(343) Marking Phase
[64.871s][info][gc,phases      ] GC(343) Marking Phase 144.489ms
[64.871s][info][gc,phases,start] GC(343) Summary Phase
[64.871s][info][gc,phases      ] GC(343) Summary Phase 0.022ms
[64.871s][info][gc,phases,start] GC(343) Adjust Roots
[64.872s][info][gc,phases      ] GC(343) Adjust Roots 0.198ms
[64.872s][info][gc,phases,start] GC(343) Compaction Phase
[64.926s][info][gc,phases      ] GC(343) Compaction Phase 53.987ms
[64.926s][info][gc,phases,start] GC(343) Post Compact
[64.927s][info][gc,phases      ] GC(343) Post Compact 1.575ms
[64.927s][info][gc,heap        ] GC(343) PSYoungGen: 23532K(78848K)->23532K(78848K) Eden: 22015K(22016K)->22015K(22016K) From: 1516K(56832K)->1516K(56832K)
[64.927s][info][gc,heap        ] GC(343) ParOldGen: 339690K(341504K)->339690K(341504K)
[64.927s][info][gc,metaspace   ] GC(343) Metaspace: 6302K(6528K)->6302K(6528K) NonClass: 5769K(5888K)->5769K(5888K) Class: 533K(640K)->533K(640K)
[64.927s][info][gc             ] GC(343) Pause Full (Ergonomics) 354M->354M(410M) 200.600ms
[64.927s][info][gc,cpu         ] GC(343) User=0.34s Sys=0.02s Real=0.20s
[64.928s][info][gc,start       ] GC(344) Pause Full (Ergonomics)
[64.928s][info][gc,phases,start] GC(344) Marking Phase
[65.072s][info][gc,phases      ] GC(344) Marking Phase 144.119ms
[65.072s][info][gc,phases,start] GC(344) Summary Phase
[65.072s][info][gc,phases      ] GC(344) Summary Phase 0.023ms
[65.072s][info][gc,phases,start] GC(344) Adjust Roots
[65.072s][info][gc,phases      ] GC(344) Adjust Roots 0.190ms
[65.072s][info][gc,phases,start] GC(344) Compaction Phase
[65.126s][info][gc,phases      ] GC(344) Compaction Phase 54.273ms
[65.127s][info][gc,phases,start] GC(344) Post Compact
[65.128s][info][gc,phases      ] GC(344) Post Compact 1.559ms
[65.128s][info][gc,heap        ] GC(344) PSYoungGen: 23532K(78848K)->23532K(78848K) Eden: 22015K(22016K)->22015K(22016K) From: 1516K(56832K)->1516K(56832K)
[65.128s][info][gc,heap        ] GC(344) ParOldGen: 339695K(341504K)->339695K(341504K)
[65.128s][info][gc,metaspace   ] GC(344) Metaspace: 6302K(6528K)->6302K(6528K) NonClass: 5769K(5888K)->5769K(5888K) Class: 533K(640K)->533K(640K)
[65.128s][info][gc             ] GC(344) Pause Full (Ergonomics) 354M->354M(410M) 200.516ms
[65.128s][info][gc,cpu         ] GC(344) User=0.31s Sys=0.00s Real=0.20s
[65.129s][info][gc,start       ] GC(345) Pause Full (Ergonomics)
[65.129s][info][gc,phases,start] GC(345) Marking Phase
[65.273s][info][gc,phases      ] GC(345) Marking Phase 144.294ms
[65.273s][info][gc,phases,start] GC(345) Summary Phase
[65.273s][info][gc,phases      ] GC(345) Summary Phase 0.022ms
[65.273s][info][gc,phases,start] GC(345) Adjust Roots
[65.273s][info][gc,phases      ] GC(345) Adjust Roots 0.197ms
[65.273s][info][gc,phases,start] GC(345) Compaction Phase
[65.328s][info][gc,phases      ] GC(345) Compaction Phase 54.412ms
[65.328s][info][gc,phases,start] GC(345) Post Compact
[65.329s][info][gc,phases      ] GC(345) Post Compact 1.564ms
[65.329s][info][gc,heap        ] GC(345) PSYoungGen: 23532K(78848K)->23532K(78848K) Eden: 22015K(22016K)->22015K(22016K) From: 1516K(56832K)->1516K(56832K)
[65.329s][info][gc,heap        ] GC(345) ParOldGen: 339699K(341504K)->339699K(341504K)
[65.329s][info][gc,metaspace   ] GC(345) Metaspace: 6302K(6528K)->6302K(6528K) NonClass: 5769K(5888K)->5769K(5888K) Class: 533K(640K)->533K(640K)
[65.329s][info][gc             ] GC(345) Pause Full (Ergonomics) 354M->354M(410M) 200.806ms
[65.329s][info][gc,cpu         ] GC(345) User=0.31s Sys=0.00s Real=0.20s
[65.330s][info][gc,start       ] GC(346) Pause Full (Ergonomics)
[65.330s][info][gc,phases,start] GC(346) Marking Phase
[65.473s][info][gc,phases      ] GC(346) Marking Phase 143.317ms
[65.473s][info][gc,phases,start] GC(346) Summary Phase
[65.473s][info][gc,phases      ] GC(346) Summary Phase 0.022ms
[65.473s][info][gc,phases,start] GC(346) Adjust Roots
[65.473s][info][gc,phases      ] GC(346) Adjust Roots 0.199ms
[65.473s][info][gc,phases,start] GC(346) Compaction Phase
[65.527s][info][gc,phases      ] GC(346) Compaction Phase 54.222ms
[65.528s][info][gc,phases,start] GC(346) Post Compact
[65.529s][info][gc,phases      ] GC(346) Post Compact 1.491ms
[65.529s][info][gc,heap        ] GC(346) PSYoungGen: 23532K(78848K)->23532K(78848K) Eden: 22015K(22016K)->22015K(22016K) From: 1516K(56832K)->1516K(56832K)
[65.529s][info][gc,heap        ] GC(346) ParOldGen: 339704K(341504K)->339704K(341504K)
[65.529s][info][gc,metaspace   ] GC(346) Metaspace: 6302K(6528K)->6302K(6528K) NonClass: 5769K(5888K)->5769K(5888K) Class: 533K(640K)->533K(640K)
[65.529s][info][gc             ] GC(346) Pause Full (Ergonomics) 354M->354M(410M) 199.574ms
[65.529s][info][gc,cpu         ] GC(346) User=0.31s Sys=0.00s Real=0.20s
[65.529s][info][gc,start       ] GC(347) Pause Full (Ergonomics)
[65.529s][info][gc,phases,start] GC(347) Marking Phase
[65.674s][info][gc,phases      ] GC(347) Marking Phase 144.567ms
[65.674s][info][gc,phases,start] GC(347) Summary Phase
[65.674s][info][gc,phases      ] GC(347) Summary Phase 0.023ms
[65.674s][info][gc,phases,start] GC(347) Adjust Roots
[65.674s][info][gc,phases      ] GC(347) Adjust Roots 0.201ms
[65.674s][info][gc,phases,start] GC(347) Compaction Phase
[65.729s][info][gc,phases      ] GC(347) Compaction Phase 54.466ms
[65.729s][info][gc,phases,start] GC(347) Post Compact
[65.730s][info][gc,phases      ] GC(347) Post Compact 1.501ms
[65.730s][info][gc,heap        ] GC(347) PSYoungGen: 23532K(78848K)->23532K(78848K) Eden: 22015K(22016K)->22015K(22016K) From: 1516K(56832K)->1516K(56832K)
[65.730s][info][gc,heap        ] GC(347) ParOldGen: 339709K(341504K)->339709K(341504K)
[65.730s][info][gc,metaspace   ] GC(347) Metaspace: 6302K(6528K)->6302K(6528K) NonClass: 5769K(5888K)->5769K(5888K) Class: 533K(640K)->533K(640K)
[65.731s][info][gc             ] GC(347) Pause Full (Ergonomics) 354M->354M(410M) 201.086ms
[65.731s][info][gc,cpu         ] GC(347) User=0.34s Sys=0.00s Real=0.20s
[65.731s][info][gc,start       ] GC(348) Pause Full (Ergonomics)
[65.731s][info][gc,phases,start] GC(348) Marking Phase
[65.874s][info][gc,phases      ] GC(348) Marking Phase 143.502ms
[65.874s][info][gc,phases,start] GC(348) Summary Phase
[65.874s][info][gc,phases      ] GC(348) Summary Phase 0.022ms
[65.874s][info][gc,phases,start] GC(348) Adjust Roots
[65.875s][info][gc,phases      ] GC(348) Adjust Roots 0.201ms
[65.875s][info][gc,phases,start] GC(348) Compaction Phase
[65.930s][info][gc,phases      ] GC(348) Compaction Phase 54.879ms
[65.930s][info][gc,phases,start] GC(348) Post Compact
[65.931s][info][gc,phases      ] GC(348) Post Compact 1.493ms
[65.931s][info][gc,heap        ] GC(348) PSYoungGen: 23532K(78848K)->23532K(78848K) Eden: 22015K(22016K)->22015K(22016K) From: 1516K(56832K)->1516K(56832K)
[65.931s][info][gc,heap        ] GC(348) ParOldGen: 339713K(341504K)->339713K(341504K)
[65.931s][info][gc,metaspace   ] GC(348) Metaspace: 6302K(6528K)->6302K(6528K) NonClass: 5769K(5888K)->5769K(5888K) Class: 533K(640K)->533K(640K)
[65.931s][info][gc             ] GC(348) Pause Full (Ergonomics) 354M->354M(410M) 200.418ms
[65.931s][info][gc,cpu         ] GC(348) User=0.31s Sys=0.00s Real=0.20s
[65.931s][info][gc,start       ] GC(349) Pause Full (Ergonomics)
[65.931s][info][gc,phases,start] GC(349) Marking Phase
[66.083s][info][gc,phases      ] GC(349) Marking Phase 151.978ms
[66.084s][info][gc,phases,start] GC(349) Summary Phase
[66.084s][info][gc,phases      ] GC(349) Summary Phase 0.021ms
[66.084s][info][gc,phases,start] GC(349) Adjust Roots
[66.084s][info][gc,phases      ] GC(349) Adjust Roots 0.215ms
[66.084s][info][gc,phases,start] GC(349) Compaction Phase
[66.147s][info][gc,phases      ] GC(349) Compaction Phase 62.931ms
[66.147s][info][gc,phases,start] GC(349) Post Compact
[66.148s][info][gc,phases      ] GC(349) Post Compact 1.482ms
[66.148s][info][gc,heap        ] GC(349) PSYoungGen: 23532K(78848K)->23532K(78848K) Eden: 22015K(22016K)->22015K(22016K) From: 1516K(56832K)->1516K(56832K)
[66.148s][info][gc,heap        ] GC(349) ParOldGen: 339718K(341504K)->339718K(341504K)
[66.148s][info][gc,metaspace   ] GC(349) Metaspace: 6302K(6528K)->6302K(6528K) NonClass: 5769K(5888K)->5769K(5888K) Class: 533K(640K)->533K(640K)
[66.148s][info][gc             ] GC(349) Pause Full (Ergonomics) 354M->354M(410M) 216.950ms
[66.148s][info][gc,cpu         ] GC(349) User=0.39s Sys=0.00s Real=0.22s
[66.149s][info][gc,start       ] GC(350) Pause Full (Ergonomics)
[66.149s][info][gc,phases,start] GC(350) Marking Phase
[66.293s][info][gc,phases      ] GC(350) Marking Phase 144.643ms
[66.293s][info][gc,phases,start] GC(350) Summary Phase
[66.293s][info][gc,phases      ] GC(350) Summary Phase 0.022ms
[66.293s][info][gc,phases,start] GC(350) Adjust Roots
[66.294s][info][gc,phases      ] GC(350) Adjust Roots 0.190ms
[66.294s][info][gc,phases,start] GC(350) Compaction Phase
[66.349s][info][gc,phases      ] GC(350) Compaction Phase 54.885ms
[66.349s][info][gc,phases,start] GC(350) Post Compact
[66.350s][info][gc,phases      ] GC(350) Post Compact 1.496ms
[66.350s][info][gc,heap        ] GC(350) PSYoungGen: 23532K(78848K)->23532K(78848K) Eden: 22015K(22016K)->22015K(22016K) From: 1516K(56832K)->1516K(56832K)
[66.350s][info][gc,heap        ] GC(350) ParOldGen: 339723K(341504K)->339723K(341504K)
[66.350s][info][gc,metaspace   ] GC(350) Metaspace: 6302K(6528K)->6302K(6528K) NonClass: 5769K(5888K)->5769K(5888K) Class: 533K(640K)->533K(640K)
[66.350s][info][gc             ] GC(350) Pause Full (Ergonomics) 354M->354M(410M) 201.567ms
[66.350s][info][gc,cpu         ] GC(350) User=0.36s Sys=0.00s Real=0.20s
[66.351s][info][gc,start       ] GC(351) Pause Full (Ergonomics)
[66.351s][info][gc,phases,start] GC(351) Marking Phase
[66.495s][info][gc,phases      ] GC(351) Marking Phase 144.171ms
[66.495s][info][gc,phases,start] GC(351) Summary Phase
[66.495s][info][gc,phases      ] GC(351) Summary Phase 0.023ms
[66.495s][info][gc,phases,start] GC(351) Adjust Roots
[66.495s][info][gc,phases      ] GC(351) Adjust Roots 0.201ms
[66.495s][info][gc,phases,start] GC(351) Compaction Phase
[66.550s][info][gc,phases      ] GC(351) Compaction Phase 54.656ms
[66.550s][info][gc,phases,start] GC(351) Post Compact
[66.551s][info][gc,phases      ] GC(351) Post Compact 1.478ms
[66.551s][info][gc,heap        ] GC(351) PSYoungGen: 23532K(78848K)->23532K(78848K) Eden: 22015K(22016K)->22015K(22016K) From: 1516K(56832K)->1516K(56832K)
[66.551s][info][gc,heap        ] GC(351) ParOldGen: 339727K(341504K)->339727K(341504K)
[66.551s][info][gc,metaspace   ] GC(351) Metaspace: 6302K(6528K)->6302K(6528K) NonClass: 5769K(5888K)->5769K(5888K) Class: 533K(640K)->533K(640K)
[66.551s][info][gc             ] GC(351) Pause Full (Ergonomics) 354M->354M(410M) 200.864ms
[66.551s][info][gc,cpu         ] GC(351) User=0.31s Sys=0.02s Real=0.20s
[66.552s][info][gc,start       ] GC(352) Pause Full (Ergonomics)
[66.552s][info][gc,phases,start] GC(352) Marking Phase
[66.696s][info][gc,phases      ] GC(352) Marking Phase 143.870ms
[66.696s][info][gc,phases,start] GC(352) Summary Phase
[66.696s][info][gc,phases      ] GC(352) Summary Phase 0.023ms
[66.696s][info][gc,phases,start] GC(352) Adjust Roots
[66.696s][info][gc,phases      ] GC(352) Adjust Roots 0.202ms
[66.696s][info][gc,phases,start] GC(352) Compaction Phase
[66.751s][info][gc,phases      ] GC(352) Compaction Phase 54.882ms
[66.751s][info][gc,phases,start] GC(352) Post Compact
[66.752s][info][gc,phases      ] GC(352) Post Compact 1.489ms
[66.752s][info][gc,heap        ] GC(352) PSYoungGen: 23532K(78848K)->23532K(78848K) Eden: 22015K(22016K)->22015K(22016K) From: 1516K(56832K)->1516K(56832K)
[66.752s][info][gc,heap        ] GC(352) ParOldGen: 339732K(341504K)->339732K(341504K)
[66.752s][info][gc,metaspace   ] GC(352) Metaspace: 6302K(6528K)->6302K(6528K) NonClass: 5769K(5888K)->5769K(5888K) Class: 533K(640K)->533K(640K)
[66.752s][info][gc             ] GC(352) Pause Full (Ergonomics) 354M->354M(410M) 200.800ms
[66.752s][info][gc,cpu         ] GC(352) User=0.33s Sys=0.00s Real=0.20s
[66.753s][info][gc,start       ] GC(353) Pause Full (Ergonomics)
[66.753s][info][gc,phases,start] GC(353) Marking Phase
[66.898s][info][gc,phases      ] GC(353) Marking Phase 144.804ms
[66.898s][info][gc,phases,start] GC(353) Summary Phase
[66.898s][info][gc,phases      ] GC(353) Summary Phase 0.022ms
[66.898s][info][gc,phases,start] GC(353) Adjust Roots
[66.898s][info][gc,phases      ] GC(353) Adjust Roots 0.187ms
[66.898s][info][gc,phases,start] GC(353) Compaction Phase
[66.953s][info][gc,phases      ] GC(353) Compaction Phase 54.752ms
[66.953s][info][gc,phases,start] GC(353) Post Compact
[66.954s][info][gc,phases      ] GC(353) Post Compact 1.526ms
[66.954s][info][gc,heap        ] GC(353) PSYoungGen: 23532K(78848K)->23532K(78848K) Eden: 22015K(22016K)->22015K(22016K) From: 1516K(56832K)->1516K(56832K)
[66.954s][info][gc,heap        ] GC(353) ParOldGen: 339737K(341504K)->339737K(341504K)
[66.954s][info][gc,metaspace   ] GC(353) Metaspace: 6302K(6528K)->6302K(6528K) NonClass: 5769K(5888K)->5769K(5888K) Class: 533K(640K)->533K(640K)
[66.954s][info][gc             ] GC(353) Pause Full (Ergonomics) 354M->354M(410M) 201.623ms
[66.954s][info][gc,cpu         ] GC(353) User=0.36s Sys=0.00s Real=0.20s
[66.955s][info][gc,start       ] GC(354) Pause Full (Ergonomics)
[66.955s][info][gc,phases,start] GC(354) Marking Phase
[67.099s][info][gc,phases      ] GC(354) Marking Phase 144.393ms
[67.099s][info][gc,phases,start] GC(354) Summary Phase
[67.099s][info][gc,phases      ] GC(354) Summary Phase 0.023ms
[67.099s][info][gc,phases,start] GC(354) Adjust Roots
[67.099s][info][gc,phases      ] GC(354) Adjust Roots 0.198ms
[67.099s][info][gc,phases,start] GC(354) Compaction Phase
[67.154s][info][gc,phases      ] GC(354) Compaction Phase 54.465ms
[67.154s][info][gc,phases,start] GC(354) Post Compact
[67.155s][info][gc,phases      ] GC(354) Post Compact 1.478ms
[67.156s][info][gc,heap        ] GC(354) PSYoungGen: 23532K(78848K)->23532K(78848K) Eden: 22015K(22016K)->22015K(22016K) From: 1516K(56832K)->1516K(56832K)
[67.156s][info][gc,heap        ] GC(354) ParOldGen: 339741K(341504K)->339741K(341504K)
[67.156s][info][gc,metaspace   ] GC(354) Metaspace: 6302K(6528K)->6302K(6528K) NonClass: 5769K(5888K)->5769K(5888K) Class: 533K(640K)->533K(640K)
[67.156s][info][gc             ] GC(354) Pause Full (Ergonomics) 354M->354M(410M) 200.896ms
[67.156s][info][gc,cpu         ] GC(354) User=0.33s Sys=0.00s Real=0.20s
[67.156s][info][gc,start       ] GC(355) Pause Full (Ergonomics)
[67.156s][info][gc,phases,start] GC(355) Marking Phase
[67.306s][info][gc,phases      ] GC(355) Marking Phase 150.145ms
[67.306s][info][gc,phases,start] GC(355) Summary Phase
[67.306s][info][gc,phases      ] GC(355) Summary Phase 0.022ms
[67.306s][info][gc,phases,start] GC(355) Adjust Roots
[67.306s][info][gc,phases      ] GC(355) Adjust Roots 0.200ms
[67.306s][info][gc,phases,start] GC(355) Compaction Phase
[67.368s][info][gc,phases      ] GC(355) Compaction Phase 61.204ms
[67.368s][info][gc,phases,start] GC(355) Post Compact
[67.369s][info][gc,phases      ] GC(355) Post Compact 1.473ms
[67.369s][info][gc,heap        ] GC(355) PSYoungGen: 23532K(78848K)->23532K(78848K) Eden: 22015K(22016K)->22015K(22016K) From: 1516K(56832K)->1516K(56832K)
[67.369s][info][gc,heap        ] GC(355) ParOldGen: 339746K(341504K)->339746K(341504K)
[67.369s][info][gc,metaspace   ] GC(355) Metaspace: 6302K(6528K)->6302K(6528K) NonClass: 5769K(5888K)->5769K(5888K) Class: 533K(640K)->533K(640K)
[67.369s][info][gc             ] GC(355) Pause Full (Ergonomics) 354M->354M(410M) 213.375ms
[67.369s][info][gc,cpu         ] GC(355) User=0.36s Sys=0.00s Real=0.21s
[67.369s][info][gc,start       ] GC(356) Pause Full (Ergonomics)
[67.370s][info][gc,phases,start] GC(356) Marking Phase
[67.514s][info][gc,phases      ] GC(356) Marking Phase 144.906ms
[67.514s][info][gc,phases,start] GC(356) Summary Phase
[67.514s][info][gc,phases      ] GC(356) Summary Phase 0.022ms
[67.515s][info][gc,phases,start] GC(356) Adjust Roots
[67.515s][info][gc,phases      ] GC(356) Adjust Roots 0.228ms
[67.515s][info][gc,phases,start] GC(356) Compaction Phase
[67.569s][info][gc,phases      ] GC(356) Compaction Phase 54.487ms
[67.569s][info][gc,phases,start] GC(356) Post Compact
[67.571s][info][gc,phases      ] GC(356) Post Compact 1.522ms
[67.571s][info][gc,heap        ] GC(356) PSYoungGen: 23532K(78848K)->23532K(78848K) Eden: 22015K(22016K)->22015K(22016K) From: 1516K(56832K)->1516K(56832K)
[67.571s][info][gc,heap        ] GC(356) ParOldGen: 339751K(341504K)->339751K(341504K)
[67.571s][info][gc,metaspace   ] GC(356) Metaspace: 6302K(6528K)->6302K(6528K) NonClass: 5769K(5888K)->5769K(5888K) Class: 533K(640K)->533K(640K)
[67.571s][info][gc             ] GC(356) Pause Full (Ergonomics) 354M->354M(410M) 201.493ms
[67.571s][info][gc,cpu         ] GC(356) User=0.39s Sys=0.00s Real=0.20s
[67.571s][info][gc,start       ] GC(357) Pause Full (Ergonomics)
[67.571s][info][gc,phases,start] GC(357) Marking Phase
[67.716s][info][gc,phases      ] GC(357) Marking Phase 144.824ms
[67.716s][info][gc,phases,start] GC(357) Summary Phase
[67.716s][info][gc,phases      ] GC(357) Summary Phase 0.023ms
[67.716s][info][gc,phases,start] GC(357) Adjust Roots
[67.716s][info][gc,phases      ] GC(357) Adjust Roots 0.204ms
[67.716s][info][gc,phases,start] GC(357) Compaction Phase
[67.771s][info][gc,phases      ] GC(357) Compaction Phase 54.803ms
[67.771s][info][gc,phases,start] GC(357) Post Compact
[67.773s][info][gc,phases      ] GC(357) Post Compact 1.498ms
[67.773s][info][gc,heap        ] GC(357) PSYoungGen: 23532K(78848K)->23532K(78848K) Eden: 22015K(22016K)->22015K(22016K) From: 1516K(56832K)->1516K(56832K)
[67.773s][info][gc,heap        ] GC(357) ParOldGen: 339755K(341504K)->339755K(341504K)
[67.773s][info][gc,metaspace   ] GC(357) Metaspace: 6302K(6528K)->6302K(6528K) NonClass: 5769K(5888K)->5769K(5888K) Class: 533K(640K)->533K(640K)
[67.773s][info][gc             ] GC(357) Pause Full (Ergonomics) 354M->354M(410M) 201.735ms
[67.773s][info][gc,cpu         ] GC(357) User=0.36s Sys=0.00s Real=0.20s
[67.773s][info][gc,start       ] GC(358) Pause Full (Ergonomics)
[67.773s][info][gc,phases,start] GC(358) Marking Phase
[67.925s][info][gc,phases      ] GC(358) Marking Phase 151.315ms
[67.925s][info][gc,phases,start] GC(358) Summary Phase
[67.925s][info][gc,phases      ] GC(358) Summary Phase 0.022ms
[67.925s][info][gc,phases,start] GC(358) Adjust Roots
[67.925s][info][gc,phases      ] GC(358) Adjust Roots 0.212ms
[67.925s][info][gc,phases,start] GC(358) Compaction Phase
[67.985s][info][gc,phases      ] GC(358) Compaction Phase 59.632ms
[67.985s][info][gc,phases,start] GC(358) Post Compact
[67.986s][info][gc,phases      ] GC(358) Post Compact 1.507ms
[67.986s][info][gc,heap        ] GC(358) PSYoungGen: 23532K(78848K)->23532K(78848K) Eden: 22015K(22016K)->22015K(22016K) From: 1516K(56832K)->1516K(56832K)
[67.986s][info][gc,heap        ] GC(358) ParOldGen: 339760K(341504K)->339760K(341504K)
[67.986s][info][gc,metaspace   ] GC(358) Metaspace: 6302K(6528K)->6302K(6528K) NonClass: 5769K(5888K)->5769K(5888K) Class: 533K(640K)->533K(640K)
[67.986s][info][gc             ] GC(358) Pause Full (Ergonomics) 354M->354M(410M) 213.022ms
[67.986s][info][gc,cpu         ] GC(358) User=0.38s Sys=0.00s Real=0.21s
[67.987s][info][gc,start       ] GC(359) Pause Full (Ergonomics)
[67.987s][info][gc,phases,start] GC(359) Marking Phase
[68.129s][info][gc,phases      ] GC(359) Marking Phase 142.488ms
[68.129s][info][gc,phases,start] GC(359) Summary Phase
[68.129s][info][gc,phases      ] GC(359) Summary Phase 0.022ms
[68.129s][info][gc,phases,start] GC(359) Adjust Roots
[68.129s][info][gc,phases      ] GC(359) Adjust Roots 0.187ms
[68.129s][info][gc,phases,start] GC(359) Compaction Phase
[68.184s][info][gc,phases      ] GC(359) Compaction Phase 54.604ms
[68.184s][info][gc,phases,start] GC(359) Post Compact
[68.186s][info][gc,phases      ] GC(359) Post Compact 1.503ms
[68.186s][info][gc,heap        ] GC(359) PSYoungGen: 23532K(78848K)->23532K(78848K) Eden: 22015K(22016K)->22015K(22016K) From: 1516K(56832K)->1516K(56832K)
[68.186s][info][gc,heap        ] GC(359) ParOldGen: 339765K(341504K)->339765K(341504K)
[68.186s][info][gc,metaspace   ] GC(359) Metaspace: 6302K(6528K)->6302K(6528K) NonClass: 5769K(5888K)->5769K(5888K) Class: 533K(640K)->533K(640K)
[68.186s][info][gc             ] GC(359) Pause Full (Ergonomics) 354M->354M(410M) 199.137ms
[68.186s][info][gc,cpu         ] GC(359) User=0.33s Sys=0.00s Real=0.20s
[68.186s][info][gc,start       ] GC(360) Pause Full (Ergonomics)
[68.186s][info][gc,phases,start] GC(360) Marking Phase
[68.331s][info][gc,phases      ] GC(360) Marking Phase 144.699ms
[68.331s][info][gc,phases,start] GC(360) Summary Phase
[68.331s][info][gc,phases      ] GC(360) Summary Phase 0.024ms
[68.331s][info][gc,phases,start] GC(360) Adjust Roots
[68.331s][info][gc,phases      ] GC(360) Adjust Roots 0.199ms
[68.331s][info][gc,phases,start] GC(360) Compaction Phase
[68.385s][info][gc,phases      ] GC(360) Compaction Phase 54.307ms
[68.385s][info][gc,phases,start] GC(360) Post Compact
[68.387s][info][gc,phases      ] GC(360) Post Compact 1.493ms
[68.387s][info][gc,heap        ] GC(360) PSYoungGen: 23532K(78848K)->23532K(78848K) Eden: 22015K(22016K)->22015K(22016K) From: 1516K(56832K)->1516K(56832K)
[68.387s][info][gc,heap        ] GC(360) ParOldGen: 339769K(341504K)->339769K(341504K)
[68.387s][info][gc,metaspace   ] GC(360) Metaspace: 6302K(6528K)->6302K(6528K) NonClass: 5769K(5888K)->5769K(5888K) Class: 533K(640K)->533K(640K)
[68.387s][info][gc             ] GC(360) Pause Full (Ergonomics) 354M->354M(410M) 201.072ms
[68.387s][info][gc,cpu         ] GC(360) User=0.33s Sys=0.00s Real=0.20s
[68.387s][info][gc,start       ] GC(361) Pause Full (Ergonomics)
[68.387s][info][gc,phases,start] GC(361) Marking Phase
[68.531s][info][gc,phases      ] GC(361) Marking Phase 143.771ms
[68.531s][info][gc,phases,start] GC(361) Summary Phase
[68.531s][info][gc,phases      ] GC(361) Summary Phase 0.022ms
[68.531s][info][gc,phases,start] GC(361) Adjust Roots
[68.531s][info][gc,phases      ] GC(361) Adjust Roots 0.201ms
[68.531s][info][gc,phases,start] GC(361) Compaction Phase
[68.586s][info][gc,phases      ] GC(361) Compaction Phase 54.630ms
[68.586s][info][gc,phases,start] GC(361) Post Compact
[68.588s][info][gc,phases      ] GC(361) Post Compact 1.523ms
[68.588s][info][gc,heap        ] GC(361) PSYoungGen: 23532K(78848K)->23532K(78848K) Eden: 22015K(22016K)->22015K(22016K) From: 1516K(56832K)->1516K(56832K)
[68.588s][info][gc,heap        ] GC(361) ParOldGen: 339774K(341504K)->339774K(341504K)
[68.588s][info][gc,metaspace   ] GC(361) Metaspace: 6302K(6528K)->6302K(6528K) NonClass: 5769K(5888K)->5769K(5888K) Class: 533K(640K)->533K(640K)
[68.588s][info][gc             ] GC(361) Pause Full (Ergonomics) 354M->354M(410M) 200.477ms
[68.588s][info][gc,cpu         ] GC(361) User=0.31s Sys=0.00s Real=0.20s
[68.588s][info][gc,start       ] GC(362) Pause Full (Ergonomics)
[68.588s][info][gc,phases,start] GC(362) Marking Phase
[68.732s][info][gc,phases      ] GC(362) Marking Phase 143.988ms
[68.732s][info][gc,phases,start] GC(362) Summary Phase
[68.732s][info][gc,phases      ] GC(362) Summary Phase 0.023ms
[68.732s][info][gc,phases,start] GC(362) Adjust Roots
[68.732s][info][gc,phases      ] GC(362) Adjust Roots 0.185ms
[68.732s][info][gc,phases,start] GC(362) Compaction Phase
[68.787s][info][gc,phases      ] GC(362) Compaction Phase 54.766ms
[68.787s][info][gc,phases,start] GC(362) Post Compact
[68.789s][info][gc,phases      ] GC(362) Post Compact 1.469ms
[68.789s][info][gc,heap        ] GC(362) PSYoungGen: 23532K(78848K)->23532K(78848K) Eden: 22015K(22016K)->22015K(22016K) From: 1516K(56832K)->1516K(56832K)
[68.789s][info][gc,heap        ] GC(362) ParOldGen: 339779K(341504K)->339779K(341504K)
[68.789s][info][gc,metaspace   ] GC(362) Metaspace: 6302K(6528K)->6302K(6528K) NonClass: 5769K(5888K)->5769K(5888K) Class: 533K(640K)->533K(640K)
[68.789s][info][gc             ] GC(362) Pause Full (Ergonomics) 354M->354M(410M) 200.795ms
[68.789s][info][gc,cpu         ] GC(362) User=0.36s Sys=0.00s Real=0.20s
[68.789s][info][gc,start       ] GC(363) Pause Full (Ergonomics)
[68.789s][info][gc,phases,start] GC(363) Marking Phase
[68.934s][info][gc,phases      ] GC(363) Marking Phase 144.679ms
[68.934s][info][gc,phases,start] GC(363) Summary Phase
[68.934s][info][gc,phases      ] GC(363) Summary Phase 0.023ms
[68.934s][info][gc,phases,start] GC(363) Adjust Roots
[68.934s][info][gc,phases      ] GC(363) Adjust Roots 0.202ms
[68.934s][info][gc,phases,start] GC(363) Compaction Phase
[68.989s][info][gc,phases      ] GC(363) Compaction Phase 54.725ms
[68.989s][info][gc,phases,start] GC(363) Post Compact
[68.990s][info][gc,phases      ] GC(363) Post Compact 1.475ms
[68.990s][info][gc,heap        ] GC(363) PSYoungGen: 23532K(78848K)->23532K(78848K) Eden: 22015K(22016K)->22015K(22016K) From: 1516K(56832K)->1516K(56832K)
[68.990s][info][gc,heap        ] GC(363) ParOldGen: 339783K(341504K)->339783K(341504K)
[68.990s][info][gc,metaspace   ] GC(363) Metaspace: 6302K(6528K)->6302K(6528K) NonClass: 5769K(5888K)->5769K(5888K) Class: 533K(640K)->533K(640K)
[68.990s][info][gc             ] GC(363) Pause Full (Ergonomics) 354M->354M(410M) 201.456ms
[68.991s][info][gc,cpu         ] GC(363) User=0.33s Sys=0.00s Real=0.20s
[68.991s][info][gc,start       ] GC(364) Pause Full (Ergonomics)
[68.991s][info][gc,phases,start] GC(364) Marking Phase
[69.135s][info][gc,phases      ] GC(364) Marking Phase 144.218ms
[69.135s][info][gc,phases,start] GC(364) Summary Phase
[69.135s][info][gc,phases      ] GC(364) Summary Phase 0.022ms
[69.135s][info][gc,phases,start] GC(364) Adjust Roots
[69.135s][info][gc,phases      ] GC(364) Adjust Roots 0.206ms
[69.135s][info][gc,phases,start] GC(364) Compaction Phase
[69.190s][info][gc,phases      ] GC(364) Compaction Phase 54.499ms
[69.190s][info][gc,phases,start] GC(364) Post Compact
[69.191s][info][gc,phases      ] GC(364) Post Compact 1.470ms
[69.191s][info][gc,heap        ] GC(364) PSYoungGen: 23532K(78848K)->23532K(78848K) Eden: 22015K(22016K)->22015K(22016K) From: 1516K(56832K)->1516K(56832K)
[69.191s][info][gc,heap        ] GC(364) ParOldGen: 339788K(341504K)->339788K(341504K)
[69.192s][info][gc,metaspace   ] GC(364) Metaspace: 6302K(6528K)->6302K(6528K) NonClass: 5769K(5888K)->5769K(5888K) Class: 533K(640K)->533K(640K)
[69.192s][info][gc             ] GC(364) Pause Full (Ergonomics) 354M->354M(410M) 200.768ms
[69.192s][info][gc,cpu         ] GC(364) User=0.31s Sys=0.02s Real=0.20s
[69.192s][info][gc,start       ] GC(365) Pause Full (Ergonomics)
[69.192s][info][gc,phases,start] GC(365) Marking Phase
[69.344s][info][gc,phases      ] GC(365) Marking Phase 151.863ms
[69.344s][info][gc,phases,start] GC(365) Summary Phase
[69.344s][info][gc,phases      ] GC(365) Summary Phase 0.021ms
[69.344s][info][gc,phases,start] GC(365) Adjust Roots
[69.344s][info][gc,phases      ] GC(365) Adjust Roots 0.265ms
[69.344s][info][gc,phases,start] GC(365) Compaction Phase
[69.401s][info][gc,phases      ] GC(365) Compaction Phase 57.242ms
[69.401s][info][gc,phases,start] GC(365) Post Compact
[69.403s][info][gc,phases      ] GC(365) Post Compact 1.669ms
[69.403s][info][gc,heap        ] GC(365) PSYoungGen: 23532K(78848K)->23532K(78848K) Eden: 22015K(22016K)->22015K(22016K) From: 1516K(56832K)->1516K(56832K)
[69.403s][info][gc,heap        ] GC(365) ParOldGen: 339793K(341504K)->339793K(341504K)
[69.403s][info][gc,metaspace   ] GC(365) Metaspace: 6302K(6528K)->6302K(6528K) NonClass: 5769K(5888K)->5769K(5888K) Class: 533K(640K)->533K(640K)
[69.403s][info][gc             ] GC(365) Pause Full (Ergonomics) 354M->354M(410M) 211.416ms
[69.403s][info][gc,cpu         ] GC(365) User=0.36s Sys=0.00s Real=0.21s
[69.404s][info][gc,start       ] GC(366) Pause Full (Ergonomics)
[69.404s][info][gc,phases,start] GC(366) Marking Phase
[69.547s][info][gc,phases      ] GC(366) Marking Phase 143.766ms
[69.547s][info][gc,phases,start] GC(366) Summary Phase
[69.547s][info][gc,phases      ] GC(366) Summary Phase 0.023ms
[69.547s][info][gc,phases,start] GC(366) Adjust Roots
[69.548s][info][gc,phases      ] GC(366) Adjust Roots 0.202ms
[69.548s][info][gc,phases,start] GC(366) Compaction Phase
[69.602s][info][gc,phases      ] GC(366) Compaction Phase 54.379ms
[69.602s][info][gc,phases,start] GC(366) Post Compact
[69.604s][info][gc,phases      ] GC(366) Post Compact 1.599ms
[69.604s][info][gc,heap        ] GC(366) PSYoungGen: 23532K(78848K)->23532K(78848K) Eden: 22015K(22016K)->22015K(22016K) From: 1516K(56832K)->1516K(56832K)
[69.604s][info][gc,heap        ] GC(366) ParOldGen: 339797K(341504K)->339797K(341504K)
[69.604s][info][gc,metaspace   ] GC(366) Metaspace: 6302K(6528K)->6302K(6528K) NonClass: 5769K(5888K)->5769K(5888K) Class: 533K(640K)->533K(640K)
[69.604s][info][gc             ] GC(366) Pause Full (Ergonomics) 354M->354M(410M) 200.297ms
[69.604s][info][gc,cpu         ] GC(366) User=0.31s Sys=0.00s Real=0.20s
[69.604s][info][gc,start       ] GC(367) Pause Full (Ergonomics)
[69.604s][info][gc,phases,start] GC(367) Marking Phase
[69.747s][info][gc,phases      ] GC(367) Marking Phase 143.050ms
[69.747s][info][gc,phases,start] GC(367) Summary Phase
[69.747s][info][gc,phases      ] GC(367) Summary Phase 0.023ms
[69.747s][info][gc,phases,start] GC(367) Adjust Roots
[69.748s][info][gc,phases      ] GC(367) Adjust Roots 0.224ms
[69.748s][info][gc,phases,start] GC(367) Compaction Phase
[69.802s][info][gc,phases      ] GC(367) Compaction Phase 54.512ms
[69.802s][info][gc,phases,start] GC(367) Post Compact
[69.804s][info][gc,phases      ] GC(367) Post Compact 1.667ms
[69.804s][info][gc,heap        ] GC(367) PSYoungGen: 23532K(78848K)->23532K(78848K) Eden: 22015K(22016K)->22015K(22016K) From: 1516K(56832K)->1516K(56832K)
[69.804s][info][gc,heap        ] GC(367) ParOldGen: 339802K(341504K)->339802K(341504K)
[69.804s][info][gc,metaspace   ] GC(367) Metaspace: 6302K(6528K)->6302K(6528K) NonClass: 5769K(5888K)->5769K(5888K) Class: 533K(640K)->533K(640K)
[69.804s][info][gc             ] GC(367) Pause Full (Ergonomics) 354M->354M(410M) 199.813ms
[69.804s][info][gc,cpu         ] GC(367) User=0.36s Sys=0.00s Real=0.20s
[69.804s][info][gc,start       ] GC(368) Pause Full (Ergonomics)
[69.804s][info][gc,phases,start] GC(368) Marking Phase
[69.955s][info][gc,phases      ] GC(368) Marking Phase 150.541ms
[69.955s][info][gc,phases,start] GC(368) Summary Phase
[69.955s][info][gc,phases      ] GC(368) Summary Phase 0.027ms
[69.955s][info][gc,phases,start] GC(368) Adjust Roots
[69.955s][info][gc,phases      ] GC(368) Adjust Roots 0.198ms
[69.955s][info][gc,phases,start] GC(368) Compaction Phase
[70.016s][info][gc,phases      ] GC(368) Compaction Phase 60.888ms
[70.016s][info][gc,phases,start] GC(368) Post Compact
[70.018s][info][gc,phases      ] GC(368) Post Compact 1.507ms
[70.018s][info][gc,heap        ] GC(368) PSYoungGen: 23532K(78848K)->23532K(78848K) Eden: 22015K(22016K)->22015K(22016K) From: 1516K(56832K)->1516K(56832K)
[70.018s][info][gc,heap        ] GC(368) ParOldGen: 339807K(341504K)->339807K(341504K)
[70.018s][info][gc,metaspace   ] GC(368) Metaspace: 6302K(6528K)->6302K(6528K) NonClass: 5769K(5888K)->5769K(5888K) Class: 533K(640K)->533K(640K)
[70.018s][info][gc             ] GC(368) Pause Full (Ergonomics) 354M->354M(410M) 213.524ms
[70.018s][info][gc,cpu         ] GC(368) User=0.39s Sys=0.00s Real=0.21s
[70.018s][info][gc,start       ] GC(369) Pause Full (Ergonomics)
[70.018s][info][gc,phases,start] GC(369) Marking Phase
[70.162s][info][gc,phases      ] GC(369) Marking Phase 143.911ms
[70.162s][info][gc,phases,start] GC(369) Summary Phase
[70.162s][info][gc,phases      ] GC(369) Summary Phase 0.022ms
[70.162s][info][gc,phases,start] GC(369) Adjust Roots
[70.162s][info][gc,phases      ] GC(369) Adjust Roots 0.201ms
[70.162s][info][gc,phases,start] GC(369) Compaction Phase
[70.217s][info][gc,phases      ] GC(369) Compaction Phase 54.616ms
[70.217s][info][gc,phases,start] GC(369) Post Compact
[70.218s][info][gc,phases      ] GC(369) Post Compact 1.489ms
[70.218s][info][gc,heap        ] GC(369) PSYoungGen: 23532K(78848K)->23532K(78848K) Eden: 22015K(22016K)->22015K(22016K) From: 1516K(56832K)->1516K(56832K)
[70.218s][info][gc,heap        ] GC(369) ParOldGen: 339811K(341504K)->339811K(341504K)
[70.218s][info][gc,metaspace   ] GC(369) Metaspace: 6302K(6528K)->6302K(6528K) NonClass: 5769K(5888K)->5769K(5888K) Class: 533K(640K)->533K(640K)
[70.219s][info][gc             ] GC(369) Pause Full (Ergonomics) 354M->354M(410M) 200.565ms
[70.219s][info][gc,cpu         ] GC(369) User=0.31s Sys=0.02s Real=0.20s
[70.219s][info][gc,start       ] GC(370) Pause Full (Ergonomics)
[70.219s][info][gc,phases,start] GC(370) Marking Phase
[70.362s][info][gc,phases      ] GC(370) Marking Phase 143.247ms
[70.362s][info][gc,phases,start] GC(370) Summary Phase
[70.362s][info][gc,phases      ] GC(370) Summary Phase 0.022ms
[70.362s][info][gc,phases,start] GC(370) Adjust Roots
[70.362s][info][gc,phases      ] GC(370) Adjust Roots 0.205ms
[70.362s][info][gc,phases,start] GC(370) Compaction Phase
[70.418s][info][gc,phases      ] GC(370) Compaction Phase 55.443ms
[70.418s][info][gc,phases,start] GC(370) Post Compact
[70.419s][info][gc,phases      ] GC(370) Post Compact 1.487ms
[70.419s][info][gc,heap        ] GC(370) PSYoungGen: 23532K(78848K)->23532K(78848K) Eden: 22015K(22016K)->22015K(22016K) From: 1516K(56832K)->1516K(56832K)
[70.419s][info][gc,heap        ] GC(370) ParOldGen: 339816K(341504K)->339816K(341504K)
[70.419s][info][gc,metaspace   ] GC(370) Metaspace: 6302K(6528K)->6302K(6528K) NonClass: 5769K(5888K)->5769K(5888K) Class: 533K(640K)->533K(640K)
[70.420s][info][gc             ] GC(370) Pause Full (Ergonomics) 354M->354M(410M) 200.749ms
[70.420s][info][gc,cpu         ] GC(370) User=0.33s Sys=0.00s Real=0.20s
[70.420s][info][gc,start       ] GC(371) Pause Full (Ergonomics)
[70.420s][info][gc,phases,start] GC(371) Marking Phase
[70.563s][info][gc,phases      ] GC(371) Marking Phase 143.679ms
[70.564s][info][gc,phases,start] GC(371) Summary Phase
[70.564s][info][gc,phases      ] GC(371) Summary Phase 0.023ms
[70.564s][info][gc,phases,start] GC(371) Adjust Roots
[70.564s][info][gc,phases      ] GC(371) Adjust Roots 0.189ms
[70.564s][info][gc,phases,start] GC(371) Compaction Phase
[70.619s][info][gc,phases      ] GC(371) Compaction Phase 54.793ms
[70.619s][info][gc,phases,start] GC(371) Post Compact
[70.620s][info][gc,phases      ] GC(371) Post Compact 1.476ms
[70.620s][info][gc,heap        ] GC(371) PSYoungGen: 23532K(78848K)->23532K(78848K) Eden: 22015K(22016K)->22015K(22016K) From: 1516K(56832K)->1516K(56832K)
[70.620s][info][gc,heap        ] GC(371) ParOldGen: 339821K(341504K)->339821K(341504K)
[70.620s][info][gc,metaspace   ] GC(371) Metaspace: 6302K(6528K)->6302K(6528K) NonClass: 5769K(5888K)->5769K(5888K) Class: 533K(640K)->533K(640K)
[70.620s][info][gc             ] GC(371) Pause Full (Ergonomics) 354M->354M(410M) 200.544ms
[70.620s][info][gc,cpu         ] GC(371) User=0.31s Sys=0.00s Real=0.20s
[70.621s][info][gc,start       ] GC(372) Pause Full (Ergonomics)
[70.621s][info][gc,phases,start] GC(372) Marking Phase
[70.764s][info][gc,phases      ] GC(372) Marking Phase 143.614ms
[70.764s][info][gc,phases,start] GC(372) Summary Phase
[70.764s][info][gc,phases      ] GC(372) Summary Phase 0.022ms
[70.764s][info][gc,phases,start] GC(372) Adjust Roots
[70.765s][info][gc,phases      ] GC(372) Adjust Roots 0.203ms
[70.765s][info][gc,phases,start] GC(372) Compaction Phase
[70.819s][info][gc,phases      ] GC(372) Compaction Phase 54.817ms
[70.819s][info][gc,phases,start] GC(372) Post Compact
[70.821s][info][gc,phases      ] GC(372) Post Compact 1.479ms
[70.821s][info][gc,heap        ] GC(372) PSYoungGen: 23532K(78848K)->23532K(78848K) Eden: 22015K(22016K)->22015K(22016K) From: 1516K(56832K)->1516K(56832K)
[70.821s][info][gc,heap        ] GC(372) ParOldGen: 339825K(341504K)->339825K(341504K)
[70.821s][info][gc,metaspace   ] GC(372) Metaspace: 6302K(6528K)->6302K(6528K) NonClass: 5769K(5888K)->5769K(5888K) Class: 533K(640K)->533K(640K)
[70.821s][info][gc             ] GC(372) Pause Full (Ergonomics) 354M->354M(410M) 200.485ms
[70.821s][info][gc,cpu         ] GC(372) User=0.36s Sys=0.00s Real=0.20s
[70.821s][info][gc,start       ] GC(373) Pause Full (Ergonomics)
[70.821s][info][gc,phases,start] GC(373) Marking Phase
[70.966s][info][gc,phases      ] GC(373) Marking Phase 145.068ms
[70.966s][info][gc,phases,start] GC(373) Summary Phase
[70.966s][info][gc,phases      ] GC(373) Summary Phase 0.023ms
[70.966s][info][gc,phases,start] GC(373) Adjust Roots
[70.967s][info][gc,phases      ] GC(373) Adjust Roots 0.203ms
[70.967s][info][gc,phases,start] GC(373) Compaction Phase
[71.022s][info][gc,phases      ] GC(373) Compaction Phase 55.002ms
[71.022s][info][gc,phases,start] GC(373) Post Compact
[71.024s][info][gc,phases      ] GC(373) Post Compact 1.686ms
[71.024s][info][gc,heap        ] GC(373) PSYoungGen: 23532K(78848K)->23532K(78848K) Eden: 22015K(22016K)->22015K(22016K) From: 1516K(56832K)->1516K(56832K)
[71.024s][info][gc,heap        ] GC(373) ParOldGen: 339830K(341504K)->339830K(341504K)
[71.024s][info][gc,metaspace   ] GC(373) Metaspace: 6302K(6528K)->6302K(6528K) NonClass: 5769K(5888K)->5769K(5888K) Class: 533K(640K)->533K(640K)
[71.024s][info][gc             ] GC(373) Pause Full (Ergonomics) 354M->354M(410M) 202.348ms
[71.024s][info][gc,cpu         ] GC(373) User=0.38s Sys=0.00s Real=0.20s
[71.024s][info][gc,start       ] GC(374) Pause Full (Ergonomics)
[71.024s][info][gc,phases,start] GC(374) Marking Phase
[71.174s][info][gc,phases      ] GC(374) Marking Phase 150.043ms
[71.174s][info][gc,phases,start] GC(374) Summary Phase
[71.174s][info][gc,phases      ] GC(374) Summary Phase 0.022ms
[71.174s][info][gc,phases,start] GC(374) Adjust Roots
[71.174s][info][gc,phases      ] GC(374) Adjust Roots 0.185ms
[71.174s][info][gc,phases,start] GC(374) Compaction Phase
[71.236s][info][gc,phases      ] GC(374) Compaction Phase 61.702ms
[71.236s][info][gc,phases,start] GC(374) Post Compact
[71.238s][info][gc,phases      ] GC(374) Post Compact 1.544ms
[71.238s][info][gc,heap        ] GC(374) PSYoungGen: 23532K(78848K)->23532K(78848K) Eden: 22015K(22016K)->22015K(22016K) From: 1516K(56832K)->1516K(56832K)
[71.238s][info][gc,heap        ] GC(374) ParOldGen: 339835K(341504K)->339835K(341504K)
[71.238s][info][gc,metaspace   ] GC(374) Metaspace: 6302K(6528K)->6302K(6528K) NonClass: 5769K(5888K)->5769K(5888K) Class: 533K(640K)->533K(640K)
[71.238s][info][gc             ] GC(374) Pause Full (Ergonomics) 354M->354M(410M) 213.826ms
[71.238s][info][gc,cpu         ] GC(374) User=0.41s Sys=0.00s Real=0.21s
[71.238s][info][gc,start       ] GC(375) Pause Full (Ergonomics)
[71.238s][info][gc,phases,start] GC(375) Marking Phase
[71.383s][info][gc,phases      ] GC(375) Marking Phase 144.510ms
[71.383s][info][gc,phases,start] GC(375) Summary Phase
[71.383s][info][gc,phases      ] GC(375) Summary Phase 0.022ms
[71.383s][info][gc,phases,start] GC(375) Adjust Roots
[71.383s][info][gc,phases      ] GC(375) Adjust Roots 0.202ms
[71.383s][info][gc,phases,start] GC(375) Compaction Phase
[71.437s][info][gc,phases      ] GC(375) Compaction Phase 54.107ms
[71.437s][info][gc,phases,start] GC(375) Post Compact
[71.439s][info][gc,phases      ] GC(375) Post Compact 1.691ms
[71.439s][info][gc,heap        ] GC(375) PSYoungGen: 23532K(78848K)->23532K(78848K) Eden: 22015K(22016K)->22015K(22016K) From: 1516K(56832K)->1516K(56832K)
[71.439s][info][gc,heap        ] GC(375) ParOldGen: 339839K(341504K)->339839K(341504K)
[71.439s][info][gc,metaspace   ] GC(375) Metaspace: 6302K(6528K)->6302K(6528K) NonClass: 5769K(5888K)->5769K(5888K) Class: 533K(640K)->533K(640K)
[71.439s][info][gc             ] GC(375) Pause Full (Ergonomics) 354M->354M(410M) 200.860ms
[71.439s][info][gc,cpu         ] GC(375) User=0.36s Sys=0.00s Real=0.20s
[71.439s][info][gc,start       ] GC(376) Pause Full (Ergonomics)
[71.439s][info][gc,phases,start] GC(376) Marking Phase
[71.589s][info][gc,phases      ] GC(376) Marking Phase 149.839ms
[71.589s][info][gc,phases,start] GC(376) Summary Phase
[71.589s][info][gc,phases      ] GC(376) Summary Phase 0.023ms
[71.589s][info][gc,phases,start] GC(376) Adjust Roots
[71.589s][info][gc,phases      ] GC(376) Adjust Roots 0.214ms
[71.589s][info][gc,phases,start] GC(376) Compaction Phase
[71.645s][info][gc,phases      ] GC(376) Compaction Phase 56.143ms
[71.646s][info][gc,phases,start] GC(376) Post Compact
[71.647s][info][gc,phases      ] GC(376) Post Compact 1.489ms
[71.647s][info][gc,heap        ] GC(376) PSYoungGen: 23532K(78848K)->23532K(78848K) Eden: 22015K(22016K)->22015K(22016K) From: 1516K(56832K)->1516K(56832K)
[71.647s][info][gc,heap        ] GC(376) ParOldGen: 339844K(341504K)->339844K(341504K)
[71.647s][info][gc,metaspace   ] GC(376) Metaspace: 6302K(6528K)->6302K(6528K) NonClass: 5769K(5888K)->5769K(5888K) Class: 533K(640K)->533K(640K)
[71.647s][info][gc             ] GC(376) Pause Full (Ergonomics) 354M->354M(410M) 208.092ms
[71.647s][info][gc,cpu         ] GC(376) User=0.38s Sys=0.00s Real=0.21s
[71.647s][info][gc,start       ] GC(377) Pause Full (Ergonomics)
[71.647s][info][gc,phases,start] GC(377) Marking Phase
[71.791s][info][gc,phases      ] GC(377) Marking Phase 143.474ms
[71.791s][info][gc,phases,start] GC(377) Summary Phase
[71.791s][info][gc,phases      ] GC(377) Summary Phase 0.030ms
[71.791s][info][gc,phases,start] GC(377) Adjust Roots
[71.791s][info][gc,phases      ] GC(377) Adjust Roots 0.188ms
[71.791s][info][gc,phases,start] GC(377) Compaction Phase
[71.846s][info][gc,phases      ] GC(377) Compaction Phase 54.569ms
[71.846s][info][gc,phases,start] GC(377) Post Compact
[71.848s][info][gc,phases      ] GC(377) Post Compact 1.613ms
[71.848s][info][gc,heap        ] GC(377) PSYoungGen: 23532K(78848K)->23532K(78848K) Eden: 22015K(22016K)->22015K(22016K) From: 1516K(56832K)->1516K(56832K)
[71.848s][info][gc,heap        ] GC(377) ParOldGen: 339849K(341504K)->339849K(341504K)
[71.848s][info][gc,metaspace   ] GC(377) Metaspace: 6302K(6528K)->6302K(6528K) NonClass: 5769K(5888K)->5769K(5888K) Class: 533K(640K)->533K(640K)
[71.848s][info][gc             ] GC(377) Pause Full (Ergonomics) 354M->354M(410M) 200.221ms
[71.848s][info][gc,cpu         ] GC(377) User=0.34s Sys=0.00s Real=0.20s
[71.848s][info][gc,start       ] GC(378) Pause Full (Ergonomics)
[71.848s][info][gc,phases,start] GC(378) Marking Phase
[71.992s][info][gc,phases      ] GC(378) Marking Phase 143.798ms
[71.992s][info][gc,phases,start] GC(378) Summary Phase
[71.992s][info][gc,phases      ] GC(378) Summary Phase 0.023ms
[71.992s][info][gc,phases,start] GC(378) Adjust Roots
[71.992s][info][gc,phases      ] GC(378) Adjust Roots 0.259ms
[71.992s][info][gc,phases,start] GC(378) Compaction Phase
[72.047s][info][gc,phases      ] GC(378) Compaction Phase 54.660ms
[72.047s][info][gc,phases,start] GC(378) Post Compact
[72.048s][info][gc,phases      ] GC(378) Post Compact 1.492ms
[72.049s][info][gc,heap        ] GC(378) PSYoungGen: 23532K(78848K)->23532K(78848K) Eden: 22015K(22016K)->22015K(22016K) From: 1516K(56832K)->1516K(56832K)
[72.049s][info][gc,heap        ] GC(378) ParOldGen: 339853K(341504K)->339853K(341504K)
[72.049s][info][gc,metaspace   ] GC(378) Metaspace: 6302K(6528K)->6302K(6528K) NonClass: 5769K(5888K)->5769K(5888K) Class: 533K(640K)->533K(640K)
[72.049s][info][gc             ] GC(378) Pause Full (Ergonomics) 354M->354M(410M) 200.619ms
[72.049s][info][gc,cpu         ] GC(378) User=0.33s Sys=0.00s Real=0.20s
[72.049s][info][gc,start       ] GC(379) Pause Full (Ergonomics)
[72.049s][info][gc,phases,start] GC(379) Marking Phase
[72.193s][info][gc,phases      ] GC(379) Marking Phase 144.510ms
[72.193s][info][gc,phases,start] GC(379) Summary Phase
[72.194s][info][gc,phases      ] GC(379) Summary Phase 0.023ms
[72.194s][info][gc,phases,start] GC(379) Adjust Roots
[72.194s][info][gc,phases      ] GC(379) Adjust Roots 0.207ms
[72.194s][info][gc,phases,start] GC(379) Compaction Phase
[72.249s][info][gc,phases      ] GC(379) Compaction Phase 54.790ms
[72.249s][info][gc,phases,start] GC(379) Post Compact
[72.250s][info][gc,phases      ] GC(379) Post Compact 1.483ms
[72.250s][info][gc,heap        ] GC(379) PSYoungGen: 23532K(78848K)->23532K(78848K) Eden: 22015K(22016K)->22015K(22016K) From: 1516K(56832K)->1516K(56832K)
[72.250s][info][gc,heap        ] GC(379) ParOldGen: 339858K(341504K)->339858K(341504K)
[72.250s][info][gc,metaspace   ] GC(379) Metaspace: 6302K(6528K)->6302K(6528K) NonClass: 5769K(5888K)->5769K(5888K) Class: 533K(640K)->533K(640K)
[72.250s][info][gc             ] GC(379) Pause Full (Ergonomics) 354M->354M(410M) 201.387ms
[72.250s][info][gc,cpu         ] GC(379) User=0.36s Sys=0.00s Real=0.20s
[72.251s][info][gc,start       ] GC(380) Pause Full (Ergonomics)
[72.251s][info][gc,phases,start] GC(380) Marking Phase
[72.395s][info][gc,phases      ] GC(380) Marking Phase 144.249ms
[72.395s][info][gc,phases,start] GC(380) Summary Phase
[72.395s][info][gc,phases      ] GC(380) Summary Phase 0.028ms
[72.395s][info][gc,phases,start] GC(380) Adjust Roots
[72.395s][info][gc,phases      ] GC(380) Adjust Roots 0.186ms
[72.395s][info][gc,phases,start] GC(380) Compaction Phase
[72.450s][info][gc,phases      ] GC(380) Compaction Phase 55.274ms
[72.450s][info][gc,phases,start] GC(380) Post Compact
[72.452s][info][gc,phases      ] GC(380) Post Compact 1.471ms
[72.452s][info][gc,heap        ] GC(380) PSYoungGen: 23532K(78848K)->23532K(78848K) Eden: 22015K(22016K)->22015K(22016K) From: 1516K(56832K)->1516K(56832K)
[72.452s][info][gc,heap        ] GC(380) ParOldGen: 339863K(341504K)->339863K(341504K)
[72.452s][info][gc,metaspace   ] GC(380) Metaspace: 6302K(6528K)->6302K(6528K) NonClass: 5769K(5888K)->5769K(5888K) Class: 533K(640K)->533K(640K)
[72.452s][info][gc             ] GC(380) Pause Full (Ergonomics) 354M->354M(410M) 201.562ms
[72.452s][info][gc,cpu         ] GC(380) User=0.33s Sys=0.00s Real=0.20s
[72.452s][info][gc,start       ] GC(381) Pause Full (Ergonomics)
[72.452s][info][gc,phases,start] GC(381) Marking Phase
[72.603s][info][gc,phases      ] GC(381) Marking Phase 150.959ms
[72.603s][info][gc,phases,start] GC(381) Summary Phase
[72.603s][info][gc,phases      ] GC(381) Summary Phase 0.022ms
[72.603s][info][gc,phases,start] GC(381) Adjust Roots
[72.604s][info][gc,phases      ] GC(381) Adjust Roots 0.222ms
[72.604s][info][gc,phases,start] GC(381) Compaction Phase
[72.665s][info][gc,phases      ] GC(381) Compaction Phase 61.358ms
[72.665s][info][gc,phases,start] GC(381) Post Compact
[72.667s][info][gc,phases      ] GC(381) Post Compact 1.474ms
[72.667s][info][gc,heap        ] GC(381) PSYoungGen: 23532K(78848K)->23532K(78848K) Eden: 22015K(22016K)->22015K(22016K) From: 1516K(56832K)->1516K(56832K)
[72.667s][info][gc,heap        ] GC(381) ParOldGen: 339867K(341504K)->339867K(341504K)
[72.667s][info][gc,metaspace   ] GC(381) Metaspace: 6302K(6528K)->6302K(6528K) NonClass: 5769K(5888K)->5769K(5888K) Class: 533K(640K)->533K(640K)
[72.667s][info][gc             ] GC(381) Pause Full (Ergonomics) 354M->354M(410M) 214.389ms
[72.667s][info][gc,cpu         ] GC(381) User=0.36s Sys=0.00s Real=0.21s
[72.667s][info][gc,start       ] GC(382) Pause Full (Ergonomics)
[72.667s][info][gc,phases,start] GC(382) Marking Phase
[72.811s][info][gc,phases      ] GC(382) Marking Phase 144.406ms
[72.812s][info][gc,phases,start] GC(382) Summary Phase
[72.812s][info][gc,phases      ] GC(382) Summary Phase 0.023ms
[72.812s][info][gc,phases,start] GC(382) Adjust Roots
[72.812s][info][gc,phases      ] GC(382) Adjust Roots 0.204ms
[72.812s][info][gc,phases,start] GC(382) Compaction Phase
[72.866s][info][gc,phases      ] GC(382) Compaction Phase 54.553ms
[72.866s][info][gc,phases,start] GC(382) Post Compact
[72.868s][info][gc,phases      ] GC(382) Post Compact 1.486ms
[72.868s][info][gc,heap        ] GC(382) PSYoungGen: 23532K(78848K)->23532K(78848K) Eden: 22015K(22016K)->22015K(22016K) From: 1516K(56832K)->1516K(56832K)
[72.868s][info][gc,heap        ] GC(382) ParOldGen: 339872K(341504K)->339872K(341504K)
[72.868s][info][gc,metaspace   ] GC(382) Metaspace: 6302K(6528K)->6302K(6528K) NonClass: 5769K(5888K)->5769K(5888K) Class: 533K(640K)->533K(640K)
[72.868s][info][gc             ] GC(382) Pause Full (Ergonomics) 354M->354M(410M) 201.002ms
[72.868s][info][gc,cpu         ] GC(382) User=0.36s Sys=0.00s Real=0.20s
[72.868s][info][gc,start       ] GC(383) Pause Full (Ergonomics)
[72.868s][info][gc,phases,start] GC(383) Marking Phase
[73.013s][info][gc,phases      ] GC(383) Marking Phase 144.387ms
[73.013s][info][gc,phases,start] GC(383) Summary Phase
[73.013s][info][gc,phases      ] GC(383) Summary Phase 0.023ms
[73.013s][info][gc,phases,start] GC(383) Adjust Roots
[73.013s][info][gc,phases      ] GC(383) Adjust Roots 0.187ms
[73.013s][info][gc,phases,start] GC(383) Compaction Phase
[73.067s][info][gc,phases      ] GC(383) Compaction Phase 54.202ms
[73.067s][info][gc,phases,start] GC(383) Post Compact
[73.069s][info][gc,phases      ] GC(383) Post Compact 1.590ms
[73.069s][info][gc,heap        ] GC(383) PSYoungGen: 23532K(78848K)->23532K(78848K) Eden: 22015K(22016K)->22015K(22016K) From: 1516K(56832K)->1516K(56832K)
[73.069s][info][gc,heap        ] GC(383) ParOldGen: 339877K(341504K)->339877K(341504K)
[73.069s][info][gc,metaspace   ] GC(383) Metaspace: 6302K(6528K)->6302K(6528K) NonClass: 5769K(5888K)->5769K(5888K) Class: 533K(640K)->533K(640K)
[73.069s][info][gc             ] GC(383) Pause Full (Ergonomics) 354M->354M(410M) 200.739ms
[73.069s][info][gc,cpu         ] GC(383) User=0.34s Sys=0.02s Real=0.20s
[73.069s][info][gc,start       ] GC(384) Pause Full (Ergonomics)
[73.069s][info][gc,phases,start] GC(384) Marking Phase
[73.214s][info][gc,phases      ] GC(384) Marking Phase 144.259ms
[73.214s][info][gc,phases,start] GC(384) Summary Phase
[73.214s][info][gc,phases      ] GC(384) Summary Phase 0.022ms
[73.214s][info][gc,phases,start] GC(384) Adjust Roots
[73.214s][info][gc,phases      ] GC(384) Adjust Roots 0.207ms
[73.214s][info][gc,phases,start] GC(384) Compaction Phase
[73.268s][info][gc,phases      ] GC(384) Compaction Phase 54.123ms
[73.268s][info][gc,phases,start] GC(384) Post Compact
[73.270s][info][gc,phases      ] GC(384) Post Compact 1.478ms
[73.270s][info][gc,heap        ] GC(384) PSYoungGen: 23532K(78848K)->23532K(78848K) Eden: 22015K(22016K)->22015K(22016K) From: 1516K(56832K)->1516K(56832K)
[73.270s][info][gc,heap        ] GC(384) ParOldGen: 339881K(341504K)->339881K(341504K)
[73.270s][info][gc,metaspace   ] GC(384) Metaspace: 6302K(6528K)->6302K(6528K) NonClass: 5769K(5888K)->5769K(5888K) Class: 533K(640K)->533K(640K)
[73.270s][info][gc             ] GC(384) Pause Full (Ergonomics) 354M->354M(410M) 200.414ms
[73.270s][info][gc,cpu         ] GC(384) User=0.36s Sys=0.00s Real=0.20s
[73.270s][info][gc,start       ] GC(385) Pause Full (Ergonomics)
[73.270s][info][gc,phases,start] GC(385) Marking Phase
[73.414s][info][gc,phases      ] GC(385) Marking Phase 144.473ms
[73.415s][info][gc,phases,start] GC(385) Summary Phase
[73.415s][info][gc,phases      ] GC(385) Summary Phase 0.022ms
[73.415s][info][gc,phases,start] GC(385) Adjust Roots
[73.415s][info][gc,phases      ] GC(385) Adjust Roots 0.206ms
[73.415s][info][gc,phases,start] GC(385) Compaction Phase
[73.469s][info][gc,phases      ] GC(385) Compaction Phase 54.531ms
[73.469s][info][gc,phases,start] GC(385) Post Compact
[73.471s][info][gc,phases      ] GC(385) Post Compact 1.480ms
[73.471s][info][gc,heap        ] GC(385) PSYoungGen: 23532K(78848K)->23532K(78848K) Eden: 22015K(22016K)->22015K(22016K) From: 1516K(56832K)->1516K(56832K)
[73.471s][info][gc,heap        ] GC(385) ParOldGen: 339886K(341504K)->339886K(341504K)
[73.471s][info][gc,metaspace   ] GC(385) Metaspace: 6302K(6528K)->6302K(6528K) NonClass: 5769K(5888K)->5769K(5888K) Class: 533K(640K)->533K(640K)
[73.471s][info][gc             ] GC(385) Pause Full (Ergonomics) 354M->354M(410M) 201.043ms
[73.471s][info][gc,cpu         ] GC(385) User=0.33s Sys=0.00s Real=0.20s
[73.471s][info][gc,start       ] GC(386) Pause Full (Ergonomics)
[73.471s][info][gc,phases,start] GC(386) Marking Phase
[73.620s][info][gc,phases      ] GC(386) Marking Phase 148.282ms
[73.620s][info][gc,phases,start] GC(386) Summary Phase
[73.620s][info][gc,phases      ] GC(386) Summary Phase 0.022ms
[73.620s][info][gc,phases,start] GC(386) Adjust Roots
[73.620s][info][gc,phases      ] GC(386) Adjust Roots 0.200ms
[73.620s][info][gc,phases,start] GC(386) Compaction Phase
[73.675s][info][gc,phases      ] GC(386) Compaction Phase 55.355ms
[73.675s][info][gc,phases,start] GC(386) Post Compact
[73.677s][info][gc,phases      ] GC(386) Post Compact 1.477ms
[73.677s][info][gc,heap        ] GC(386) PSYoungGen: 23532K(78848K)->23532K(78848K) Eden: 22015K(22016K)->22015K(22016K) From: 1516K(56832K)->1516K(56832K)
[73.677s][info][gc,heap        ] GC(386) ParOldGen: 339891K(341504K)->339891K(341504K)
[73.677s][info][gc,metaspace   ] GC(386) Metaspace: 6302K(6528K)->6302K(6528K) NonClass: 5769K(5888K)->5769K(5888K) Class: 533K(640K)->533K(640K)
[73.677s][info][gc             ] GC(386) Pause Full (Ergonomics) 354M->354M(410M) 205.711ms
[73.677s][info][gc,cpu         ] GC(386) User=0.38s Sys=0.00s Real=0.21s
[73.677s][info][gc,start       ] GC(387) Pause Full (Ergonomics)
[73.677s][info][gc,phases,start] GC(387) Marking Phase
[73.821s][info][gc,phases      ] GC(387) Marking Phase 143.508ms
[73.821s][info][gc,phases,start] GC(387) Summary Phase
[73.821s][info][gc,phases      ] GC(387) Summary Phase 0.030ms
[73.821s][info][gc,phases,start] GC(387) Adjust Roots
[73.821s][info][gc,phases      ] GC(387) Adjust Roots 0.204ms
[73.821s][info][gc,phases,start] GC(387) Compaction Phase
[73.876s][info][gc,phases      ] GC(387) Compaction Phase 54.627ms
[73.876s][info][gc,phases,start] GC(387) Post Compact
[73.878s][info][gc,phases      ] GC(387) Post Compact 1.694ms
[73.878s][info][gc,heap        ] GC(387) PSYoungGen: 23532K(78848K)->23532K(78848K) Eden: 22015K(22016K)->22015K(22016K) From: 1516K(56832K)->1516K(56832K)
[73.878s][info][gc,heap        ] GC(387) ParOldGen: 339895K(341504K)->339895K(341504K)
[73.878s][info][gc,metaspace   ] GC(387) Metaspace: 6302K(6528K)->6302K(6528K) NonClass: 5769K(5888K)->5769K(5888K) Class: 533K(640K)->533K(640K)
[73.878s][info][gc             ] GC(387) Pause Full (Ergonomics) 354M->354M(410M) 200.435ms
[73.878s][info][gc,cpu         ] GC(387) User=0.33s Sys=0.00s Real=0.20s
[73.878s][info][gc,start       ] GC(388) Pause Full (Ergonomics)
[73.878s][info][gc,phases,start] GC(388) Marking Phase
[74.021s][info][gc,phases      ] GC(388) Marking Phase 143.538ms
[74.022s][info][gc,phases,start] GC(388) Summary Phase
[74.022s][info][gc,phases      ] GC(388) Summary Phase 0.022ms
[74.022s][info][gc,phases,start] GC(388) Adjust Roots
[74.022s][info][gc,phases      ] GC(388) Adjust Roots 0.205ms
[74.022s][info][gc,phases,start] GC(388) Compaction Phase
[74.076s][info][gc,phases      ] GC(388) Compaction Phase 54.180ms
[74.076s][info][gc,phases,start] GC(388) Post Compact
[74.078s][info][gc,phases      ] GC(388) Post Compact 1.545ms
[74.078s][info][gc,heap        ] GC(388) PSYoungGen: 23532K(78848K)->23532K(78848K) Eden: 22015K(22016K)->22015K(22016K) From: 1516K(56832K)->1516K(56832K)
[74.078s][info][gc,heap        ] GC(388) ParOldGen: 339900K(341504K)->339900K(341504K)
[74.078s][info][gc,metaspace   ] GC(388) Metaspace: 6302K(6528K)->6302K(6528K) NonClass: 5769K(5888K)->5769K(5888K) Class: 533K(640K)->533K(640K)
[74.078s][info][gc             ] GC(388) Pause Full (Ergonomics) 354M->354M(410M) 199.845ms
[74.078s][info][gc,cpu         ] GC(388) User=0.33s Sys=0.00s Real=0.20s
[74.078s][info][gc,start       ] GC(389) Pause Full (Ergonomics)
[74.078s][info][gc,phases,start] GC(389) Marking Phase
[74.222s][info][gc,phases      ] GC(389) Marking Phase 144.301ms
[74.222s][info][gc,phases,start] GC(389) Summary Phase
[74.222s][info][gc,phases      ] GC(389) Summary Phase 0.022ms
[74.222s][info][gc,phases,start] GC(389) Adjust Roots
[74.223s][info][gc,phases      ] GC(389) Adjust Roots 0.187ms
[74.223s][info][gc,phases,start] GC(389) Compaction Phase
[74.277s][info][gc,phases      ] GC(389) Compaction Phase 54.514ms
[74.277s][info][gc,phases,start] GC(389) Post Compact
[74.279s][info][gc,phases      ] GC(389) Post Compact 1.487ms
[74.279s][info][gc,heap        ] GC(389) PSYoungGen: 23532K(78848K)->23532K(78848K) Eden: 22015K(22016K)->22015K(22016K) From: 1516K(56832K)->1516K(56832K)
[74.279s][info][gc,heap        ] GC(389) ParOldGen: 339905K(341504K)->339905K(341504K)
[74.279s][info][gc,metaspace   ] GC(389) Metaspace: 6302K(6528K)->6302K(6528K) NonClass: 5769K(5888K)->5769K(5888K) Class: 533K(640K)->533K(640K)
[74.279s][info][gc             ] GC(389) Pause Full (Ergonomics) 354M->354M(410M) 200.846ms
[74.279s][info][gc,cpu         ] GC(389) User=0.33s Sys=0.00s Real=0.20s
[74.279s][info][gc,start       ] GC(390) Pause Full (Ergonomics)
[74.279s][info][gc,phases,start] GC(390) Marking Phase
[74.422s][info][gc,phases      ] GC(390) Marking Phase 142.954ms
[74.422s][info][gc,phases,start] GC(390) Summary Phase
[74.422s][info][gc,phases      ] GC(390) Summary Phase 0.023ms
[74.422s][info][gc,phases,start] GC(390) Adjust Roots
[74.422s][info][gc,phases      ] GC(390) Adjust Roots 0.207ms
[74.422s][info][gc,phases,start] GC(390) Compaction Phase
[74.477s][info][gc,phases      ] GC(390) Compaction Phase 54.580ms
[74.477s][info][gc,phases,start] GC(390) Post Compact
[74.479s][info][gc,phases      ] GC(390) Post Compact 1.485ms
[74.479s][info][gc,heap        ] GC(390) PSYoungGen: 23532K(78848K)->23532K(78848K) Eden: 22015K(22016K)->22015K(22016K) From: 1516K(56832K)->1516K(56832K)
[74.479s][info][gc,heap        ] GC(390) ParOldGen: 339909K(341504K)->339909K(341504K)
[74.479s][info][gc,metaspace   ] GC(390) Metaspace: 6302K(6528K)->6302K(6528K) NonClass: 5769K(5888K)->5769K(5888K) Class: 533K(640K)->533K(640K)
[74.479s][info][gc             ] GC(390) Pause Full (Ergonomics) 354M->354M(410M) 199.691ms
[74.479s][info][gc,cpu         ] GC(390) User=0.31s Sys=0.00s Real=0.20s
[74.479s][info][gc,start       ] GC(391) Pause Full (Ergonomics)
[74.479s][info][gc,phases,start] GC(391) Marking Phase
[74.622s][info][gc,phases      ] GC(391) Marking Phase 143.125ms
[74.622s][info][gc,phases,start] GC(391) Summary Phase
[74.622s][info][gc,phases      ] GC(391) Summary Phase 0.022ms
[74.622s][info][gc,phases,start] GC(391) Adjust Roots
[74.623s][info][gc,phases      ] GC(391) Adjust Roots 0.208ms
[74.623s][info][gc,phases,start] GC(391) Compaction Phase
[74.678s][info][gc,phases      ] GC(391) Compaction Phase 55.742ms
[74.678s][info][gc,phases,start] GC(391) Post Compact
[74.680s][info][gc,phases      ] GC(391) Post Compact 1.489ms
[74.680s][info][gc,heap        ] GC(391) PSYoungGen: 23532K(78848K)->23532K(78848K) Eden: 22015K(22016K)->22015K(22016K) From: 1516K(56832K)->1516K(56832K)
[74.680s][info][gc,heap        ] GC(391) ParOldGen: 339914K(341504K)->339914K(341504K)
[74.680s][info][gc,metaspace   ] GC(391) Metaspace: 6302K(6528K)->6302K(6528K) NonClass: 5769K(5888K)->5769K(5888K) Class: 533K(640K)->533K(640K)
[74.680s][info][gc             ] GC(391) Pause Full (Ergonomics) 354M->354M(410M) 200.955ms
[74.680s][info][gc,cpu         ] GC(391) User=0.36s Sys=0.00s Real=0.20s
[74.680s][info][gc,start       ] GC(392) Pause Full (Ergonomics)
[74.680s][info][gc,phases,start] GC(392) Marking Phase
[74.824s][info][gc,phases      ] GC(392) Marking Phase 143.497ms
[74.824s][info][gc,phases,start] GC(392) Summary Phase
[74.824s][info][gc,phases      ] GC(392) Summary Phase 0.023ms
[74.824s][info][gc,phases,start] GC(392) Adjust Roots
[74.824s][info][gc,phases      ] GC(392) Adjust Roots 0.187ms
[74.824s][info][gc,phases,start] GC(392) Compaction Phase
[74.879s][info][gc,phases      ] GC(392) Compaction Phase 54.542ms
[74.879s][info][gc,phases,start] GC(392) Post Compact
[74.880s][info][gc,phases      ] GC(392) Post Compact 1.480ms
[74.880s][info][gc,heap        ] GC(392) PSYoungGen: 23532K(78848K)->23532K(78848K) Eden: 22015K(22016K)->22015K(22016K) From: 1516K(56832K)->1516K(56832K)
[74.880s][info][gc,heap        ] GC(392) ParOldGen: 339919K(341504K)->339919K(341504K)
[74.880s][info][gc,metaspace   ] GC(392) Metaspace: 6302K(6528K)->6302K(6528K) NonClass: 5769K(5888K)->5769K(5888K) Class: 533K(640K)->533K(640K)
[74.880s][info][gc             ] GC(392) Pause Full (Ergonomics) 354M->354M(410M) 200.088ms
[74.880s][info][gc,cpu         ] GC(392) User=0.39s Sys=0.00s Real=0.20s
[74.881s][info][gc,start       ] GC(393) Pause Full (Ergonomics)
[74.881s][info][gc,phases,start] GC(393) Marking Phase
[75.027s][info][gc,phases      ] GC(393) Marking Phase 145.886ms
[75.027s][info][gc,phases,start] GC(393) Summary Phase
[75.027s][info][gc,phases      ] GC(393) Summary Phase 0.023ms
[75.027s][info][gc,phases,start] GC(393) Adjust Roots
[75.027s][info][gc,phases      ] GC(393) Adjust Roots 0.207ms
[75.027s][info][gc,phases,start] GC(393) Compaction Phase
[75.081s][info][gc,phases      ] GC(393) Compaction Phase 54.329ms
[75.081s][info][gc,phases,start] GC(393) Post Compact
[75.083s][info][gc,phases      ] GC(393) Post Compact 1.527ms
[75.083s][info][gc,heap        ] GC(393) PSYoungGen: 23532K(78848K)->23532K(78848K) Eden: 22015K(22016K)->22015K(22016K) From: 1516K(56832K)->1516K(56832K)
[75.083s][info][gc,heap        ] GC(393) ParOldGen: 339923K(341504K)->339923K(341504K)
[75.083s][info][gc,metaspace   ] GC(393) Metaspace: 6302K(6528K)->6302K(6528K) NonClass: 5769K(5888K)->5769K(5888K) Class: 533K(640K)->533K(640K)
[75.083s][info][gc             ] GC(393) Pause Full (Ergonomics) 354M->354M(410M) 202.458ms
[75.083s][info][gc,cpu         ] GC(393) User=0.39s Sys=0.00s Real=0.20s
[75.083s][info][gc,start       ] GC(394) Pause Full (Ergonomics)
[75.083s][info][gc,phases,start] GC(394) Marking Phase
[75.234s][info][gc,phases      ] GC(394) Marking Phase 150.775ms
[75.234s][info][gc,phases,start] GC(394) Summary Phase
[75.234s][info][gc,phases      ] GC(394) Summary Phase 0.022ms
[75.234s][info][gc,phases,start] GC(394) Adjust Roots
[75.234s][info][gc,phases      ] GC(394) Adjust Roots 0.227ms
[75.234s][info][gc,phases,start] GC(394) Compaction Phase
[75.296s][info][gc,phases      ] GC(394) Compaction Phase 61.649ms
[75.296s][info][gc,phases,start] GC(394) Post Compact
[75.298s][info][gc,phases      ] GC(394) Post Compact 1.488ms
[75.298s][info][gc,heap        ] GC(394) PSYoungGen: 23532K(78848K)->23532K(78848K) Eden: 22015K(22016K)->22015K(22016K) From: 1516K(56832K)->1516K(56832K)
[75.298s][info][gc,heap        ] GC(394) ParOldGen: 339928K(341504K)->339928K(341504K)
[75.298s][info][gc,metaspace   ] GC(394) Metaspace: 6302K(6528K)->6302K(6528K) NonClass: 5769K(5888K)->5769K(5888K) Class: 533K(640K)->533K(640K)
[75.298s][info][gc             ] GC(394) Pause Full (Ergonomics) 354M->354M(410M) 214.493ms
[75.298s][info][gc,cpu         ] GC(394) User=0.38s Sys=0.00s Real=0.22s
[75.298s][info][gc,start       ] GC(395) Pause Full (Ergonomics)
[75.298s][info][gc,phases,start] GC(395) Marking Phase
[75.441s][info][gc,phases      ] GC(395) Marking Phase 143.366ms
[75.442s][info][gc,phases,start] GC(395) Summary Phase
[75.442s][info][gc,phases      ] GC(395) Summary Phase 0.023ms
[75.442s][info][gc,phases,start] GC(395) Adjust Roots
[75.442s][info][gc,phases      ] GC(395) Adjust Roots 0.187ms
[75.442s][info][gc,phases,start] GC(395) Compaction Phase
[75.496s][info][gc,phases      ] GC(395) Compaction Phase 54.655ms
[75.496s][info][gc,phases,start] GC(395) Post Compact
[75.498s][info][gc,phases      ] GC(395) Post Compact 1.675ms
[75.498s][info][gc,heap        ] GC(395) PSYoungGen: 23532K(78848K)->23532K(78848K) Eden: 22015K(22016K)->22015K(22016K) From: 1516K(56832K)->1516K(56832K)
[75.498s][info][gc,heap        ] GC(395) ParOldGen: 339933K(341504K)->339933K(341504K)
[75.498s][info][gc,metaspace   ] GC(395) Metaspace: 6302K(6528K)->6302K(6528K) NonClass: 5769K(5888K)->5769K(5888K) Class: 533K(640K)->533K(640K)
[75.498s][info][gc             ] GC(395) Pause Full (Ergonomics) 354M->354M(410M) 200.240ms
[75.498s][info][gc,cpu         ] GC(395) User=0.33s Sys=0.00s Real=0.20s
[75.499s][info][gc,start       ] GC(396) Pause Full (Ergonomics)
[75.499s][info][gc,phases,start] GC(396) Marking Phase
[75.642s][info][gc,phases      ] GC(396) Marking Phase 143.593ms
[75.642s][info][gc,phases,start] GC(396) Summary Phase
[75.642s][info][gc,phases      ] GC(396) Summary Phase 0.022ms
[75.642s][info][gc,phases,start] GC(396) Adjust Roots
[75.642s][info][gc,phases      ] GC(396) Adjust Roots 0.211ms
[75.642s][info][gc,phases,start] GC(396) Compaction Phase
[75.709s][info][gc,phases      ] GC(396) Compaction Phase 66.739ms
[75.709s][info][gc,phases,start] GC(396) Post Compact
[75.711s][info][gc,phases      ] GC(396) Post Compact 1.785ms
[75.711s][info][gc,heap        ] GC(396) PSYoungGen: 23532K(78848K)->23532K(78848K) Eden: 22015K(22016K)->22015K(22016K) From: 1516K(56832K)->1516K(56832K)
[75.711s][info][gc,heap        ] GC(396) ParOldGen: 339937K(341504K)->339937K(341504K)
[75.711s][info][gc,metaspace   ] GC(396) Metaspace: 6302K(6528K)->6302K(6528K) NonClass: 5769K(5888K)->5769K(5888K) Class: 533K(640K)->533K(640K)
[75.711s][info][gc             ] GC(396) Pause Full (Ergonomics) 354M->354M(410M) 212.775ms
[75.711s][info][gc,cpu         ] GC(396) User=0.34s Sys=0.00s Real=0.21s
[75.712s][info][gc,start       ] GC(397) Pause Full (Ergonomics)
[75.712s][info][gc,phases,start] GC(397) Marking Phase
[75.874s][info][gc,phases      ] GC(397) Marking Phase 162.556ms
[75.874s][info][gc,phases,start] GC(397) Summary Phase
[75.874s][info][gc,phases      ] GC(397) Summary Phase 0.099ms
[75.874s][info][gc,phases,start] GC(397) Adjust Roots
[75.875s][info][gc,phases      ] GC(397) Adjust Roots 0.229ms
[75.875s][info][gc,phases,start] GC(397) Compaction Phase
[75.936s][info][gc,phases      ] GC(397) Compaction Phase 61.531ms
[75.936s][info][gc,phases,start] GC(397) Post Compact
[75.938s][info][gc,phases      ] GC(397) Post Compact 1.535ms
[75.938s][info][gc,heap        ] GC(397) PSYoungGen: 23532K(78848K)->23532K(78848K) Eden: 22015K(22016K)->22015K(22016K) From: 1516K(56832K)->1516K(56832K)
[75.938s][info][gc,heap        ] GC(397) ParOldGen: 339942K(341504K)->339942K(341504K)
[75.938s][info][gc,metaspace   ] GC(397) Metaspace: 6302K(6528K)->6302K(6528K) NonClass: 5769K(5888K)->5769K(5888K) Class: 533K(640K)->533K(640K)
[75.938s][info][gc             ] GC(397) Pause Full (Ergonomics) 354M->354M(410M) 226.311ms
[75.938s][info][gc,cpu         ] GC(397) User=0.44s Sys=0.00s Real=0.23s
[75.938s][info][gc,start       ] GC(398) Pause Full (Ergonomics)
[75.938s][info][gc,phases,start] GC(398) Marking Phase
[76.092s][info][gc,phases      ] GC(398) Marking Phase 153.916ms
[76.092s][info][gc,phases,start] GC(398) Summary Phase
[76.092s][info][gc,phases      ] GC(398) Summary Phase 0.024ms
[76.092s][info][gc,phases,start] GC(398) Adjust Roots
[76.092s][info][gc,phases      ] GC(398) Adjust Roots 0.189ms
[76.092s][info][gc,phases,start] GC(398) Compaction Phase
[76.147s][info][gc,phases      ] GC(398) Compaction Phase 54.641ms
[76.147s][info][gc,phases,start] GC(398) Post Compact
[76.149s][info][gc,phases      ] GC(398) Post Compact 1.487ms
[76.149s][info][gc,heap        ] GC(398) PSYoungGen: 23532K(78848K)->23532K(78848K) Eden: 22015K(22016K)->22015K(22016K) From: 1516K(56832K)->1516K(56832K)
[76.149s][info][gc,heap        ] GC(398) ParOldGen: 339947K(341504K)->339947K(341504K)
[76.149s][info][gc,metaspace   ] GC(398) Metaspace: 6302K(6528K)->6302K(6528K) NonClass: 5769K(5888K)->5769K(5888K) Class: 533K(640K)->533K(640K)
[76.149s][info][gc             ] GC(398) Pause Full (Ergonomics) 354M->354M(410M) 210.614ms
[76.149s][info][gc,cpu         ] GC(398) User=0.36s Sys=0.00s Real=0.21s
[76.149s][info][gc,start       ] GC(399) Pause Full (Ergonomics)
[76.149s][info][gc,phases,start] GC(399) Marking Phase
[76.293s][info][gc,phases      ] GC(399) Marking Phase 144.119ms
[76.293s][info][gc,phases,start] GC(399) Summary Phase
[76.293s][info][gc,phases      ] GC(399) Summary Phase 0.023ms
[76.293s][info][gc,phases,start] GC(399) Adjust Roots
[76.293s][info][gc,phases      ] GC(399) Adjust Roots 0.208ms
[76.293s][info][gc,phases,start] GC(399) Compaction Phase
[76.348s][info][gc,phases      ] GC(399) Compaction Phase 54.739ms
[76.348s][info][gc,phases,start] GC(399) Post Compact
[76.350s][info][gc,phases      ] GC(399) Post Compact 1.484ms
[76.350s][info][gc,heap        ] GC(399) PSYoungGen: 23532K(78848K)->23532K(78848K) Eden: 22015K(22016K)->22015K(22016K) From: 1516K(56832K)->1516K(56832K)
[76.350s][info][gc,heap        ] GC(399) ParOldGen: 339951K(341504K)->339951K(341504K)
[76.350s][info][gc,metaspace   ] GC(399) Metaspace: 6302K(6528K)->6302K(6528K) NonClass: 5769K(5888K)->5769K(5888K) Class: 533K(640K)->533K(640K)
[76.350s][info][gc             ] GC(399) Pause Full (Ergonomics) 354M->354M(410M) 200.918ms
[76.350s][info][gc,cpu         ] GC(399) User=0.33s Sys=0.02s Real=0.20s
[76.350s][info][gc,start       ] GC(400) Pause Full (Ergonomics)
[76.350s][info][gc,phases,start] GC(400) Marking Phase
[76.494s][info][gc,phases      ] GC(400) Marking Phase 143.416ms
[76.494s][info][gc,phases,start] GC(400) Summary Phase
[76.494s][info][gc,phases      ] GC(400) Summary Phase 0.023ms
[76.494s][info][gc,phases,start] GC(400) Adjust Roots
[76.494s][info][gc,phases      ] GC(400) Adjust Roots 0.209ms
[76.494s][info][gc,phases,start] GC(400) Compaction Phase
[76.549s][info][gc,phases      ] GC(400) Compaction Phase 54.694ms
[76.549s][info][gc,phases,start] GC(400) Post Compact
[76.551s][info][gc,phases      ] GC(400) Post Compact 1.711ms
[76.551s][info][gc,heap        ] GC(400) PSYoungGen: 23532K(78848K)->23532K(78848K) Eden: 22015K(22016K)->22015K(22016K) From: 1516K(56832K)->1516K(56832K)
[76.551s][info][gc,heap        ] GC(400) ParOldGen: 339956K(341504K)->339956K(341504K)
[76.551s][info][gc,metaspace   ] GC(400) Metaspace: 6302K(6528K)->6302K(6528K) NonClass: 5769K(5888K)->5769K(5888K) Class: 533K(640K)->533K(640K)
[76.551s][info][gc             ] GC(400) Pause Full (Ergonomics) 354M->354M(410M) 200.548ms
[76.551s][info][gc,cpu         ] GC(400) User=0.33s Sys=0.00s Real=0.20s
[76.551s][info][gc,start       ] GC(401) Pause Full (Ergonomics)
[76.551s][info][gc,phases,start] GC(401) Marking Phase
[76.696s][info][gc,phases      ] GC(401) Marking Phase 144.905ms
[76.696s][info][gc,phases,start] GC(401) Summary Phase
[76.696s][info][gc,phases      ] GC(401) Summary Phase 0.023ms
[76.696s][info][gc,phases,start] GC(401) Adjust Roots
[76.696s][info][gc,phases      ] GC(401) Adjust Roots 0.214ms
[76.696s][info][gc,phases,start] GC(401) Compaction Phase
[76.760s][info][gc,phases      ] GC(401) Compaction Phase 63.716ms
[76.760s][info][gc,phases,start] GC(401) Post Compact
[76.762s][info][gc,phases      ] GC(401) Post Compact 1.492ms
[76.762s][info][gc,heap        ] GC(401) PSYoungGen: 23532K(78848K)->23532K(78848K) Eden: 22015K(22016K)->22015K(22016K) From: 1516K(56832K)->1516K(56832K)
[76.762s][info][gc,heap        ] GC(401) ParOldGen: 339961K(341504K)->339961K(341504K)
[76.762s][info][gc,metaspace   ] GC(401) Metaspace: 6302K(6528K)->6302K(6528K) NonClass: 5769K(5888K)->5769K(5888K) Class: 533K(640K)->533K(640K)
[76.762s][info][gc             ] GC(401) Pause Full (Ergonomics) 354M->354M(410M) 210.665ms
[76.762s][info][gc,cpu         ] GC(401) User=0.34s Sys=0.00s Real=0.21s
[76.762s][info][gc,start       ] GC(402) Pause Full (Ergonomics)
[76.762s][info][gc,phases,start] GC(402) Marking Phase
[76.909s][info][gc,phases      ] GC(402) Marking Phase 147.028ms
[76.909s][info][gc,phases,start] GC(402) Summary Phase
[76.909s][info][gc,phases      ] GC(402) Summary Phase 0.017ms
[76.909s][info][gc,phases,start] GC(402) Adjust Roots
[76.909s][info][gc,phases      ] GC(402) Adjust Roots 0.196ms
[76.909s][info][gc,phases,start] GC(402) Compaction Phase
[76.964s][info][gc,phases      ] GC(402) Compaction Phase 54.951ms
[76.964s][info][gc,phases,start] GC(402) Post Compact
[76.966s][info][gc,phases      ] GC(402) Post Compact 1.512ms
[76.966s][info][gc,heap        ] GC(402) PSYoungGen: 23532K(78848K)->23532K(78848K) Eden: 22015K(22016K)->22015K(22016K) From: 1516K(56832K)->1516K(56832K)
[76.966s][info][gc,heap        ] GC(402) ParOldGen: 339965K(341504K)->339965K(341504K)
[76.966s][info][gc,metaspace   ] GC(402) Metaspace: 6302K(6528K)->6302K(6528K) NonClass: 5769K(5888K)->5769K(5888K) Class: 533K(640K)->533K(640K)
[76.966s][info][gc             ] GC(402) Pause Full (Ergonomics) 354M->354M(410M) 204.010ms
[76.966s][info][gc,cpu         ] GC(402) User=0.39s Sys=0.00s Real=0.21s
[76.966s][info][gc,start       ] GC(403) Pause Full (Ergonomics)
[76.966s][info][gc,phases,start] GC(403) Marking Phase
[77.113s][info][gc,phases      ] GC(403) Marking Phase 146.640ms
[77.113s][info][gc,phases,start] GC(403) Summary Phase
[77.113s][info][gc,phases      ] GC(403) Summary Phase 0.023ms
[77.113s][info][gc,phases,start] GC(403) Adjust Roots
[77.113s][info][gc,phases      ] GC(403) Adjust Roots 0.229ms
[77.113s][info][gc,phases,start] GC(403) Compaction Phase
[77.174s][info][gc,phases      ] GC(403) Compaction Phase 60.855ms
[77.174s][info][gc,phases,start] GC(403) Post Compact
[77.176s][info][gc,phases      ] GC(403) Post Compact 1.486ms
[77.176s][info][gc,heap        ] GC(403) PSYoungGen: 23532K(78848K)->23532K(78848K) Eden: 22015K(22016K)->22015K(22016K) From: 1516K(56832K)->1516K(56832K)
[77.176s][info][gc,heap        ] GC(403) ParOldGen: 339970K(341504K)->339970K(341504K)
[77.176s][info][gc,metaspace   ] GC(403) Metaspace: 6302K(6528K)->6302K(6528K) NonClass: 5769K(5888K)->5769K(5888K) Class: 533K(640K)->533K(640K)
[77.176s][info][gc             ] GC(403) Pause Full (Ergonomics) 354M->354M(410M) 209.651ms
[77.176s][info][gc,cpu         ] GC(403) User=0.39s Sys=0.00s Real=0.21s
[77.176s][info][gc,start       ] GC(404) Pause Full (Ergonomics)
[77.176s][info][gc,phases,start] GC(404) Marking Phase
[77.322s][info][gc,phases      ] GC(404) Marking Phase 145.743ms
[77.322s][info][gc,phases,start] GC(404) Summary Phase
[77.322s][info][gc,phases      ] GC(404) Summary Phase 0.017ms
[77.322s][info][gc,phases,start] GC(404) Adjust Roots
[77.322s][info][gc,phases      ] GC(404) Adjust Roots 0.246ms
[77.322s][info][gc,phases,start] GC(404) Compaction Phase
[77.385s][info][gc,phases      ] GC(404) Compaction Phase 62.990ms
[77.385s][info][gc,phases,start] GC(404) Post Compact
[77.387s][info][gc,phases      ] GC(404) Post Compact 1.497ms
[77.387s][info][gc,heap        ] GC(404) PSYoungGen: 23532K(78848K)->23532K(78848K) Eden: 22015K(22016K)->22015K(22016K) From: 1516K(56832K)->1516K(56832K)
[77.387s][info][gc,heap        ] GC(404) ParOldGen: 339975K(341504K)->339975K(341504K)
[77.387s][info][gc,metaspace   ] GC(404) Metaspace: 6302K(6528K)->6302K(6528K) NonClass: 5769K(5888K)->5769K(5888K) Class: 533K(640K)->533K(640K)
[77.387s][info][gc             ] GC(404) Pause Full (Ergonomics) 354M->354M(410M) 210.808ms
[77.387s][info][gc,cpu         ] GC(404) User=0.34s Sys=0.02s Real=0.21s
[77.387s][info][gc,start       ] GC(405) Pause Full (Ergonomics)
[77.387s][info][gc,phases,start] GC(405) Marking Phase
[77.531s][info][gc,phases      ] GC(405) Marking Phase 144.088ms
[77.531s][info][gc,phases,start] GC(405) Summary Phase
[77.531s][info][gc,phases      ] GC(405) Summary Phase 0.023ms
[77.531s][info][gc,phases,start] GC(405) Adjust Roots
[77.532s][info][gc,phases      ] GC(405) Adjust Roots 0.188ms
[77.532s][info][gc,phases,start] GC(405) Compaction Phase
[77.585s][info][gc,phases      ] GC(405) Compaction Phase 53.273ms
[77.585s][info][gc,phases,start] GC(405) Post Compact
[77.587s][info][gc,phases      ] GC(405) Post Compact 1.659ms
[77.587s][info][gc,heap        ] GC(405) PSYoungGen: 23532K(78848K)->23532K(78848K) Eden: 22015K(22016K)->22015K(22016K) From: 1516K(56832K)->1516K(56832K)
[77.587s][info][gc,heap        ] GC(405) ParOldGen: 339979K(341504K)->339979K(341504K)
[77.587s][info][gc,metaspace   ] GC(405) Metaspace: 6302K(6528K)->6302K(6528K) NonClass: 5769K(5888K)->5769K(5888K) Class: 533K(640K)->533K(640K)
[77.587s][info][gc             ] GC(405) Pause Full (Ergonomics) 354M->354M(410M) 199.576ms
[77.587s][info][gc,cpu         ] GC(405) User=0.31s Sys=0.00s Real=0.20s
[77.587s][info][gc,start       ] GC(406) Pause Full (Ergonomics)
[77.587s][info][gc,phases,start] GC(406) Marking Phase
[77.730s][info][gc,phases      ] GC(406) Marking Phase 142.805ms
[77.730s][info][gc,phases,start] GC(406) Summary Phase
[77.730s][info][gc,phases      ] GC(406) Summary Phase 0.023ms
[77.730s][info][gc,phases,start] GC(406) Adjust Roots
[77.730s][info][gc,phases      ] GC(406) Adjust Roots 0.190ms
[77.730s][info][gc,phases,start] GC(406) Compaction Phase
[77.785s][info][gc,phases      ] GC(406) Compaction Phase 54.620ms
[77.785s][info][gc,phases,start] GC(406) Post Compact
[77.786s][info][gc,phases      ] GC(406) Post Compact 1.449ms
[77.786s][info][gc,heap        ] GC(406) PSYoungGen: 23532K(78848K)->23532K(78848K) Eden: 22015K(22016K)->22015K(22016K) From: 1516K(56832K)->1516K(56832K)
[77.787s][info][gc,heap        ] GC(406) ParOldGen: 339984K(341504K)->339984K(341504K)
[77.787s][info][gc,metaspace   ] GC(406) Metaspace: 6302K(6528K)->6302K(6528K) NonClass: 5769K(5888K)->5769K(5888K) Class: 533K(640K)->533K(640K)
[77.787s][info][gc             ] GC(406) Pause Full (Ergonomics) 354M->354M(410M) 199.440ms
[77.787s][info][gc,cpu         ] GC(406) User=0.36s Sys=0.02s Real=0.20s
[77.787s][info][gc,start       ] GC(407) Pause Full (Ergonomics)
[77.787s][info][gc,phases,start] GC(407) Marking Phase
[77.933s][info][gc,phases      ] GC(407) Marking Phase 145.999ms
[77.933s][info][gc,phases,start] GC(407) Summary Phase
[77.933s][info][gc,phases      ] GC(407) Summary Phase 0.122ms
[77.933s][info][gc,phases,start] GC(407) Adjust Roots
[77.933s][info][gc,phases      ] GC(407) Adjust Roots 0.187ms
[77.933s][info][gc,phases,start] GC(407) Compaction Phase
[77.989s][info][gc,phases      ] GC(407) Compaction Phase 55.796ms
[77.989s][info][gc,phases,start] GC(407) Post Compact
[77.991s][info][gc,phases      ] GC(407) Post Compact 1.474ms
[77.991s][info][gc,heap        ] GC(407) PSYoungGen: 23532K(78848K)->23532K(78848K) Eden: 22015K(22016K)->22015K(22016K) From: 1516K(56832K)->1516K(56832K)
[77.991s][info][gc,heap        ] GC(407) ParOldGen: 339989K(341504K)->339989K(341504K)
[77.991s][info][gc,metaspace   ] GC(407) Metaspace: 6302K(6528K)->6302K(6528K) NonClass: 5769K(5888K)->5769K(5888K) Class: 533K(640K)->533K(640K)
[77.991s][info][gc             ] GC(407) Pause Full (Ergonomics) 355M->355M(410M) 203.975ms
[77.991s][info][gc,cpu         ] GC(407) User=0.39s Sys=0.00s Real=0.20s
[77.991s][info][gc,start       ] GC(408) Pause Full (Ergonomics)
[77.991s][info][gc,phases,start] GC(408) Marking Phase
[78.141s][info][gc,phases      ] GC(408) Marking Phase 150.288ms
[78.141s][info][gc,phases,start] GC(408) Summary Phase
[78.141s][info][gc,phases      ] GC(408) Summary Phase 0.021ms
[78.141s][info][gc,phases,start] GC(408) Adjust Roots
[78.142s][info][gc,phases      ] GC(408) Adjust Roots 0.186ms
[78.142s][info][gc,phases,start] GC(408) Compaction Phase
[78.204s][info][gc,phases      ] GC(408) Compaction Phase 62.521ms
[78.204s][info][gc,phases,start] GC(408) Post Compact
[78.206s][info][gc,phases      ] GC(408) Post Compact 1.485ms
[78.206s][info][gc,heap        ] GC(408) PSYoungGen: 23532K(78848K)->23532K(78848K) Eden: 22015K(22016K)->22015K(22016K) From: 1516K(56832K)->1516K(56832K)
[78.206s][info][gc,heap        ] GC(408) ParOldGen: 339993K(341504K)->339993K(341504K)
[78.206s][info][gc,metaspace   ] GC(408) Metaspace: 6302K(6528K)->6302K(6528K) NonClass: 5769K(5888K)->5769K(5888K) Class: 533K(640K)->533K(640K)
[78.206s][info][gc             ] GC(408) Pause Full (Ergonomics) 355M->355M(410M) 214.876ms
[78.206s][info][gc,cpu         ] GC(408) User=0.39s Sys=0.00s Real=0.22s
[78.206s][info][gc,start       ] GC(409) Pause Full (Ergonomics)
[78.206s][info][gc,phases,start] GC(409) Marking Phase
[78.351s][info][gc,phases      ] GC(409) Marking Phase 144.685ms
[78.351s][info][gc,phases,start] GC(409) Summary Phase
[78.351s][info][gc,phases      ] GC(409) Summary Phase 0.023ms
[78.351s][info][gc,phases,start] GC(409) Adjust Roots
[78.351s][info][gc,phases      ] GC(409) Adjust Roots 0.196ms
[78.351s][info][gc,phases,start] GC(409) Compaction Phase
[78.406s][info][gc,phases      ] GC(409) Compaction Phase 54.604ms
[78.406s][info][gc,phases,start] GC(409) Post Compact
[78.407s][info][gc,phases      ] GC(409) Post Compact 1.485ms
[78.407s][info][gc,heap        ] GC(409) PSYoungGen: 23532K(78848K)->23532K(78848K) Eden: 22015K(22016K)->22015K(22016K) From: 1516K(56832K)->1516K(56832K)
[78.407s][info][gc,heap        ] GC(409) ParOldGen: 339998K(341504K)->339998K(341504K)
[78.407s][info][gc,metaspace   ] GC(409) Metaspace: 6302K(6528K)->6302K(6528K) NonClass: 5769K(5888K)->5769K(5888K) Class: 533K(640K)->533K(640K)
[78.407s][info][gc             ] GC(409) Pause Full (Ergonomics) 355M->355M(410M) 201.323ms
[78.408s][info][gc,cpu         ] GC(409) User=0.33s Sys=0.00s Real=0.20s
[78.408s][info][gc,start       ] GC(410) Pause Full (Ergonomics)
[78.408s][info][gc,phases,start] GC(410) Marking Phase
[78.552s][info][gc,phases      ] GC(410) Marking Phase 144.253ms
[78.552s][info][gc,phases,start] GC(410) Summary Phase
[78.552s][info][gc,phases      ] GC(410) Summary Phase 0.023ms
[78.552s][info][gc,phases,start] GC(410) Adjust Roots
[78.552s][info][gc,phases      ] GC(410) Adjust Roots 0.190ms
[78.552s][info][gc,phases,start] GC(410) Compaction Phase
[78.607s][info][gc,phases      ] GC(410) Compaction Phase 54.802ms
[78.607s][info][gc,phases,start] GC(410) Post Compact
[78.609s][info][gc,phases      ] GC(410) Post Compact 1.586ms
[78.609s][info][gc,heap        ] GC(410) PSYoungGen: 23532K(78848K)->23532K(78848K) Eden: 22015K(22016K)->22015K(22016K) From: 1516K(56832K)->1516K(56832K)
[78.609s][info][gc,heap        ] GC(410) ParOldGen: 340003K(341504K)->340003K(341504K)
[78.609s][info][gc,metaspace   ] GC(410) Metaspace: 6302K(6528K)->6302K(6528K) NonClass: 5769K(5888K)->5769K(5888K) Class: 533K(640K)->533K(640K)
[78.609s][info][gc             ] GC(410) Pause Full (Ergonomics) 355M->355M(410M) 201.213ms
[78.609s][info][gc,cpu         ] GC(410) User=0.33s Sys=0.00s Real=0.20s
[78.609s][info][gc,start       ] GC(411) Pause Full (Ergonomics)
[78.609s][info][gc,phases,start] GC(411) Marking Phase
[78.754s][info][gc,phases      ] GC(411) Marking Phase 144.559ms
[78.754s][info][gc,phases,start] GC(411) Summary Phase
[78.754s][info][gc,phases      ] GC(411) Summary Phase 0.023ms
[78.754s][info][gc,phases,start] GC(411) Adjust Roots
[78.754s][info][gc,phases      ] GC(411) Adjust Roots 0.187ms
[78.754s][info][gc,phases,start] GC(411) Compaction Phase
[78.808s][info][gc,phases      ] GC(411) Compaction Phase 54.305ms
[78.808s][info][gc,phases,start] GC(411) Post Compact
[78.810s][info][gc,phases      ] GC(411) Post Compact 1.491ms
[78.810s][info][gc,heap        ] GC(411) PSYoungGen: 23532K(78848K)->23532K(78848K) Eden: 22015K(22016K)->22015K(22016K) From: 1516K(56832K)->1516K(56832K)
[78.810s][info][gc,heap        ] GC(411) ParOldGen: 340007K(341504K)->340007K(341504K)
[78.810s][info][gc,metaspace   ] GC(411) Metaspace: 6302K(6528K)->6302K(6528K) NonClass: 5769K(5888K)->5769K(5888K) Class: 533K(640K)->533K(640K)
[78.810s][info][gc             ] GC(411) Pause Full (Ergonomics) 355M->355M(410M) 200.893ms
[78.810s][info][gc,cpu         ] GC(411) User=0.36s Sys=0.00s Real=0.20s
[78.810s][info][gc,start       ] GC(412) Pause Full (Ergonomics)
[78.810s][info][gc,phases,start] GC(412) Marking Phase
[78.955s][info][gc,phases      ] GC(412) Marking Phase 144.552ms
[78.955s][info][gc,phases,start] GC(412) Summary Phase
[78.955s][info][gc,phases      ] GC(412) Summary Phase 0.023ms
[78.955s][info][gc,phases,start] GC(412) Adjust Roots
[78.955s][info][gc,phases      ] GC(412) Adjust Roots 0.190ms
[78.955s][info][gc,phases,start] GC(412) Compaction Phase
[79.010s][info][gc,phases      ] GC(412) Compaction Phase 54.583ms
[79.010s][info][gc,phases,start] GC(412) Post Compact
[79.011s][info][gc,phases      ] GC(412) Post Compact 1.509ms
[79.011s][info][gc,heap        ] GC(412) PSYoungGen: 23532K(78848K)->23532K(78848K) Eden: 22015K(22016K)->22015K(22016K) From: 1516K(56832K)->1516K(56832K)
[79.012s][info][gc,heap        ] GC(412) ParOldGen: 340012K(341504K)->340012K(341504K)
[79.012s][info][gc,metaspace   ] GC(412) Metaspace: 6302K(6528K)->6302K(6528K) NonClass: 5769K(5888K)->5769K(5888K) Class: 533K(640K)->533K(640K)
[79.012s][info][gc             ] GC(412) Pause Full (Ergonomics) 355M->355M(410M) 201.175ms
[79.012s][info][gc,cpu         ] GC(412) User=0.31s Sys=0.00s Real=0.20s
[79.012s][info][gc,start       ] GC(413) Pause Full (Ergonomics)
[79.012s][info][gc,phases,start] GC(413) Marking Phase
[79.155s][info][gc,phases      ] GC(413) Marking Phase 143.409ms
[79.155s][info][gc,phases,start] GC(413) Summary Phase
[79.155s][info][gc,phases      ] GC(413) Summary Phase 0.022ms
[79.155s][info][gc,phases,start] GC(413) Adjust Roots
[79.156s][info][gc,phases      ] GC(413) Adjust Roots 0.185ms
[79.156s][info][gc,phases,start] GC(413) Compaction Phase
[79.210s][info][gc,phases      ] GC(413) Compaction Phase 54.215ms
[79.210s][info][gc,phases,start] GC(413) Post Compact
[79.211s][info][gc,phases      ] GC(413) Post Compact 1.483ms
[79.211s][info][gc,heap        ] GC(413) PSYoungGen: 23532K(78848K)->23532K(78848K) Eden: 22015K(22016K)->22015K(22016K) From: 1516K(56832K)->1516K(56832K)
[79.211s][info][gc,heap        ] GC(413) ParOldGen: 340017K(341504K)->340017K(341504K)
[79.211s][info][gc,metaspace   ] GC(413) Metaspace: 6302K(6528K)->6302K(6528K) NonClass: 5769K(5888K)->5769K(5888K) Class: 533K(640K)->533K(640K)
[79.211s][info][gc             ] GC(413) Pause Full (Ergonomics) 355M->355M(410M) 199.648ms
[79.212s][info][gc,cpu         ] GC(413) User=0.33s Sys=0.00s Real=0.20s
[79.212s][info][gc,start       ] GC(414) Pause Full (Ergonomics)
[79.212s][info][gc,phases,start] GC(414) Marking Phase
[79.355s][info][gc,phases      ] GC(414) Marking Phase 143.556ms
[79.355s][info][gc,phases,start] GC(414) Summary Phase
[79.355s][info][gc,phases      ] GC(414) Summary Phase 0.022ms
[79.355s][info][gc,phases,start] GC(414) Adjust Roots
[79.356s][info][gc,phases      ] GC(414) Adjust Roots 0.224ms
[79.356s][info][gc,phases,start] GC(414) Compaction Phase
[79.411s][info][gc,phases      ] GC(414) Compaction Phase 55.157ms
[79.411s][info][gc,phases,start] GC(414) Post Compact
[79.412s][info][gc,phases      ] GC(414) Post Compact 1.567ms
[79.413s][info][gc,heap        ] GC(414) PSYoungGen: 23532K(78848K)->23532K(78848K) Eden: 22015K(22016K)->22015K(22016K) From: 1516K(56832K)->1516K(56832K)
[79.413s][info][gc,heap        ] GC(414) ParOldGen: 340021K(341504K)->340021K(341504K)
[79.413s][info][gc,metaspace   ] GC(414) Metaspace: 6302K(6528K)->6302K(6528K) NonClass: 5769K(5888K)->5769K(5888K) Class: 533K(640K)->533K(640K)
[79.413s][info][gc             ] GC(414) Pause Full (Ergonomics) 355M->355M(410M) 200.856ms
[79.413s][info][gc,cpu         ] GC(414) User=0.36s Sys=0.00s Real=0.20s
[79.413s][info][gc,start       ] GC(415) Pause Full (Ergonomics)
[79.413s][info][gc,phases,start] GC(415) Marking Phase
[79.558s][info][gc,phases      ] GC(415) Marking Phase 144.702ms
[79.558s][info][gc,phases,start] GC(415) Summary Phase
[79.558s][info][gc,phases      ] GC(415) Summary Phase 0.022ms
[79.558s][info][gc,phases,start] GC(415) Adjust Roots
[79.558s][info][gc,phases      ] GC(415) Adjust Roots 0.193ms
[79.558s][info][gc,phases,start] GC(415) Compaction Phase
[79.613s][info][gc,phases      ] GC(415) Compaction Phase 54.602ms
[79.613s][info][gc,phases,start] GC(415) Post Compact
[79.614s][info][gc,phases      ] GC(415) Post Compact 1.498ms
[79.614s][info][gc,heap        ] GC(415) PSYoungGen: 23532K(78848K)->23532K(78848K) Eden: 22015K(22016K)->22015K(22016K) From: 1516K(56832K)->1516K(56832K)
[79.614s][info][gc,heap        ] GC(415) ParOldGen: 340026K(341504K)->340026K(341504K)
[79.614s][info][gc,metaspace   ] GC(415) Metaspace: 6302K(6528K)->6302K(6528K) NonClass: 5769K(5888K)->5769K(5888K) Class: 533K(640K)->533K(640K)
[79.614s][info][gc             ] GC(415) Pause Full (Ergonomics) 355M->355M(410M) 201.347ms
[79.614s][info][gc,cpu         ] GC(415) User=0.33s Sys=0.00s Real=0.20s
[79.614s][info][gc,start       ] GC(416) Pause Full (Ergonomics)
[79.615s][info][gc,phases,start] GC(416) Marking Phase
[79.758s][info][gc,phases      ] GC(416) Marking Phase 143.701ms
[79.758s][info][gc,phases,start] GC(416) Summary Phase
[79.758s][info][gc,phases      ] GC(416) Summary Phase 0.022ms
[79.758s][info][gc,phases,start] GC(416) Adjust Roots
[79.759s][info][gc,phases      ] GC(416) Adjust Roots 0.184ms
[79.759s][info][gc,phases,start] GC(416) Compaction Phase
[79.813s][info][gc,phases      ] GC(416) Compaction Phase 54.406ms
[79.813s][info][gc,phases,start] GC(416) Post Compact
[79.814s][info][gc,phases      ] GC(416) Post Compact 1.485ms
[79.815s][info][gc,heap        ] GC(416) PSYoungGen: 23532K(78848K)->23532K(78848K) Eden: 22015K(22016K)->22015K(22016K) From: 1516K(56832K)->1516K(56832K)
[79.815s][info][gc,heap        ] GC(416) ParOldGen: 340031K(341504K)->340031K(341504K)
[79.815s][info][gc,metaspace   ] GC(416) Metaspace: 6302K(6528K)->6302K(6528K) NonClass: 5769K(5888K)->5769K(5888K) Class: 533K(640K)->533K(640K)
[79.815s][info][gc             ] GC(416) Pause Full (Ergonomics) 355M->355M(410M) 200.130ms
[79.815s][info][gc,cpu         ] GC(416) User=0.33s Sys=0.00s Real=0.20s
[79.815s][info][gc,start       ] GC(417) Pause Full (Ergonomics)
[79.815s][info][gc,phases,start] GC(417) Marking Phase
[79.959s][info][gc,phases      ] GC(417) Marking Phase 143.777ms
[79.959s][info][gc,phases,start] GC(417) Summary Phase
[79.959s][info][gc,phases      ] GC(417) Summary Phase 0.029ms
[79.959s][info][gc,phases,start] GC(417) Adjust Roots
[79.959s][info][gc,phases      ] GC(417) Adjust Roots 0.197ms
[79.959s][info][gc,phases,start] GC(417) Compaction Phase
[80.015s][info][gc,phases      ] GC(417) Compaction Phase 56.261ms
[80.015s][info][gc,phases,start] GC(417) Post Compact
[80.017s][info][gc,phases      ] GC(417) Post Compact 1.686ms
[80.017s][info][gc,heap        ] GC(417) PSYoungGen: 23532K(78848K)->23532K(78848K) Eden: 22015K(22016K)->22015K(22016K) From: 1516K(56832K)->1516K(56832K)
[80.017s][info][gc,heap        ] GC(417) ParOldGen: 340035K(341504K)->340035K(341504K)
[80.017s][info][gc,metaspace   ] GC(417) Metaspace: 6302K(6528K)->6302K(6528K) NonClass: 5769K(5888K)->5769K(5888K) Class: 533K(640K)->533K(640K)
[80.017s][info][gc             ] GC(417) Pause Full (Ergonomics) 355M->355M(410M) 202.341ms
[80.017s][info][gc,cpu         ] GC(417) User=0.33s Sys=0.00s Real=0.20s
[80.017s][info][gc,start       ] GC(418) Pause Full (Ergonomics)
[80.017s][info][gc,phases,start] GC(418) Marking Phase
[80.162s][info][gc,phases      ] GC(418) Marking Phase 144.946ms
[80.162s][info][gc,phases,start] GC(418) Summary Phase
[80.163s][info][gc,phases      ] GC(418) Summary Phase 0.023ms
[80.163s][info][gc,phases,start] GC(418) Adjust Roots
[80.163s][info][gc,phases      ] GC(418) Adjust Roots 0.191ms
[80.163s][info][gc,phases,start] GC(418) Compaction Phase
[80.217s][info][gc,phases      ] GC(418) Compaction Phase 54.507ms
[80.217s][info][gc,phases,start] GC(418) Post Compact
[80.219s][info][gc,phases      ] GC(418) Post Compact 1.501ms
[80.219s][info][gc,heap        ] GC(418) PSYoungGen: 23532K(78848K)->23532K(78848K) Eden: 22015K(22016K)->22015K(22016K) From: 1516K(56832K)->1516K(56832K)
[80.219s][info][gc,heap        ] GC(418) ParOldGen: 340040K(341504K)->340040K(341504K)
[80.219s][info][gc,metaspace   ] GC(418) Metaspace: 6302K(6528K)->6302K(6528K) NonClass: 5769K(5888K)->5769K(5888K) Class: 533K(640K)->533K(640K)
[80.219s][info][gc             ] GC(418) Pause Full (Ergonomics) 355M->355M(410M) 201.495ms
[80.219s][info][gc,cpu         ] GC(418) User=0.33s Sys=0.00s Real=0.20s
[80.219s][info][gc,start       ] GC(419) Pause Full (Ergonomics)
[80.219s][info][gc,phases,start] GC(419) Marking Phase
[80.363s][info][gc,phases      ] GC(419) Marking Phase 143.295ms
[80.363s][info][gc,phases,start] GC(419) Summary Phase
[80.363s][info][gc,phases      ] GC(419) Summary Phase 0.022ms
[80.363s][info][gc,phases,start] GC(419) Adjust Roots
[80.363s][info][gc,phases      ] GC(419) Adjust Roots 0.189ms
[80.363s][info][gc,phases,start] GC(419) Compaction Phase
[80.417s][info][gc,phases      ] GC(419) Compaction Phase 54.147ms
[80.417s][info][gc,phases,start] GC(419) Post Compact
[80.419s][info][gc,phases      ] GC(419) Post Compact 1.489ms
[80.419s][info][gc,heap        ] GC(419) PSYoungGen: 23532K(78848K)->23532K(78848K) Eden: 22015K(22016K)->22015K(22016K) From: 1516K(56832K)->1516K(56832K)
[80.419s][info][gc,heap        ] GC(419) ParOldGen: 340045K(341504K)->340045K(341504K)
[80.419s][info][gc,metaspace   ] GC(419) Metaspace: 6302K(6528K)->6302K(6528K) NonClass: 5769K(5888K)->5769K(5888K) Class: 533K(640K)->533K(640K)
[80.419s][info][gc             ] GC(419) Pause Full (Ergonomics) 355M->355M(410M) 199.472ms
[80.419s][info][gc,cpu         ] GC(419) User=0.33s Sys=0.00s Real=0.20s
[80.419s][info][gc,start       ] GC(420) Pause Full (Ergonomics)
[80.419s][info][gc,phases,start] GC(420) Marking Phase
[80.563s][info][gc,phases      ] GC(420) Marking Phase 143.638ms
[80.563s][info][gc,phases,start] GC(420) Summary Phase
[80.563s][info][gc,phases      ] GC(420) Summary Phase 0.022ms
[80.563s][info][gc,phases,start] GC(420) Adjust Roots
[80.563s][info][gc,phases      ] GC(420) Adjust Roots 0.191ms
[80.563s][info][gc,phases,start] GC(420) Compaction Phase
[80.618s][info][gc,phases      ] GC(420) Compaction Phase 54.660ms
[80.618s][info][gc,phases,start] GC(420) Post Compact
[80.619s][info][gc,phases      ] GC(420) Post Compact 1.499ms
[80.619s][info][gc,heap        ] GC(420) PSYoungGen: 23532K(78848K)->23532K(78848K) Eden: 22015K(22016K)->22015K(22016K) From: 1516K(56832K)->1516K(56832K)
[80.619s][info][gc,heap        ] GC(420) ParOldGen: 340049K(341504K)->340049K(341504K)
[80.619s][info][gc,metaspace   ] GC(420) Metaspace: 6302K(6528K)->6302K(6528K) NonClass: 5769K(5888K)->5769K(5888K) Class: 533K(640K)->533K(640K)
[80.619s][info][gc             ] GC(420) Pause Full (Ergonomics) 355M->355M(410M) 200.348ms
[80.619s][info][gc,cpu         ] GC(420) User=0.31s Sys=0.00s Real=0.20s
[80.620s][info][gc,start       ] GC(421) Pause Full (Ergonomics)
[80.620s][info][gc,phases,start] GC(421) Marking Phase
[80.764s][info][gc,phases      ] GC(421) Marking Phase 144.246ms
[80.764s][info][gc,phases,start] GC(421) Summary Phase
[80.764s][info][gc,phases      ] GC(421) Summary Phase 0.023ms
[80.764s][info][gc,phases,start] GC(421) Adjust Roots
[80.764s][info][gc,phases      ] GC(421) Adjust Roots 0.191ms
[80.764s][info][gc,phases,start] GC(421) Compaction Phase
[80.819s][info][gc,phases      ] GC(421) Compaction Phase 54.799ms
[80.819s][info][gc,phases,start] GC(421) Post Compact
[80.821s][info][gc,phases      ] GC(421) Post Compact 1.489ms
[80.821s][info][gc,heap        ] GC(421) PSYoungGen: 23532K(78848K)->23532K(78848K) Eden: 22015K(22016K)->22015K(22016K) From: 1516K(56832K)->1516K(56832K)
[80.821s][info][gc,heap        ] GC(421) ParOldGen: 340054K(341504K)->340054K(341504K)
[80.821s][info][gc,metaspace   ] GC(421) Metaspace: 6302K(6528K)->6302K(6528K) NonClass: 5769K(5888K)->5769K(5888K) Class: 533K(640K)->533K(640K)
[80.821s][info][gc             ] GC(421) Pause Full (Ergonomics) 355M->355M(410M) 201.075ms
[80.821s][info][gc,cpu         ] GC(421) User=0.36s Sys=0.00s Real=0.20s
[80.821s][info][gc,start       ] GC(422) Pause Full (Ergonomics)
[80.821s][info][gc,phases,start] GC(422) Marking Phase
[80.964s][info][gc,phases      ] GC(422) Marking Phase 143.362ms
[80.964s][info][gc,phases,start] GC(422) Summary Phase
[80.964s][info][gc,phases      ] GC(422) Summary Phase 0.023ms
[80.964s][info][gc,phases,start] GC(422) Adjust Roots
[80.965s][info][gc,phases      ] GC(422) Adjust Roots 0.186ms
[80.965s][info][gc,phases,start] GC(422) Compaction Phase
[81.020s][info][gc,phases      ] GC(422) Compaction Phase 55.022ms
[81.020s][info][gc,phases,start] GC(422) Post Compact
[81.021s][info][gc,phases      ] GC(422) Post Compact 1.474ms
[81.021s][info][gc,heap        ] GC(422) PSYoungGen: 23532K(78848K)->23532K(78848K) Eden: 22015K(22016K)->22015K(22016K) From: 1516K(56832K)->1516K(56832K)
[81.021s][info][gc,heap        ] GC(422) ParOldGen: 340059K(341504K)->340059K(341504K)
[81.021s][info][gc,metaspace   ] GC(422) Metaspace: 6302K(6528K)->6302K(6528K) NonClass: 5769K(5888K)->5769K(5888K) Class: 533K(640K)->533K(640K)
[81.021s][info][gc             ] GC(422) Pause Full (Ergonomics) 355M->355M(410M) 200.441ms
[81.021s][info][gc,cpu         ] GC(422) User=0.36s Sys=0.00s Real=0.20s
[81.022s][info][gc,start       ] GC(423) Pause Full (Ergonomics)
[81.022s][info][gc,phases,start] GC(423) Marking Phase
[81.166s][info][gc,phases      ] GC(423) Marking Phase 144.886ms
[81.167s][info][gc,phases,start] GC(423) Summary Phase
[81.167s][info][gc,phases      ] GC(423) Summary Phase 0.022ms
[81.167s][info][gc,phases,start] GC(423) Adjust Roots
[81.167s][info][gc,phases      ] GC(423) Adjust Roots 0.191ms
[81.167s][info][gc,phases,start] GC(423) Compaction Phase
[81.222s][info][gc,phases      ] GC(423) Compaction Phase 54.933ms
[81.222s][info][gc,phases,start] GC(423) Post Compact
[81.223s][info][gc,phases      ] GC(423) Post Compact 1.621ms
[81.224s][info][gc,heap        ] GC(423) PSYoungGen: 23532K(78848K)->23532K(78848K) Eden: 22015K(22016K)->22015K(22016K) From: 1516K(56832K)->1516K(56832K)
[81.224s][info][gc,heap        ] GC(423) ParOldGen: 340063K(341504K)->340063K(341504K)
[81.224s][info][gc,metaspace   ] GC(423) Metaspace: 6302K(6528K)->6302K(6528K) NonClass: 5769K(5888K)->5769K(5888K) Class: 533K(640K)->533K(640K)
[81.224s][info][gc             ] GC(423) Pause Full (Ergonomics) 355M->355M(410M) 201.994ms
[81.224s][info][gc,cpu         ] GC(423) User=0.36s Sys=0.00s Real=0.20s
[81.224s][info][gc,start       ] GC(424) Pause Full (Ergonomics)
[81.224s][info][gc,phases,start] GC(424) Marking Phase
[81.368s][info][gc,phases      ] GC(424) Marking Phase 143.699ms
[81.368s][info][gc,phases,start] GC(424) Summary Phase
[81.368s][info][gc,phases      ] GC(424) Summary Phase 0.022ms
[81.368s][info][gc,phases,start] GC(424) Adjust Roots
[81.368s][info][gc,phases      ] GC(424) Adjust Roots 0.198ms
[81.368s][info][gc,phases,start] GC(424) Compaction Phase
[81.422s][info][gc,phases      ] GC(424) Compaction Phase 54.122ms
[81.422s][info][gc,phases,start] GC(424) Post Compact
[81.424s][info][gc,phases      ] GC(424) Post Compact 1.487ms
[81.424s][info][gc,heap        ] GC(424) PSYoungGen: 23532K(78848K)->23532K(78848K) Eden: 22015K(22016K)->22015K(22016K) From: 1516K(56832K)->1516K(56832K)
[81.424s][info][gc,heap        ] GC(424) ParOldGen: 340068K(341504K)->340068K(341504K)
[81.424s][info][gc,metaspace   ] GC(424) Metaspace: 6302K(6528K)->6302K(6528K) NonClass: 5769K(5888K)->5769K(5888K) Class: 533K(640K)->533K(640K)
[81.424s][info][gc             ] GC(424) Pause Full (Ergonomics) 355M->355M(410M) 199.866ms
[81.424s][info][gc,cpu         ] GC(424) User=0.33s Sys=0.00s Real=0.20s
[81.424s][info][gc,start       ] GC(425) Pause Full (Ergonomics)
[81.424s][info][gc,phases,start] GC(425) Marking Phase
[81.569s][info][gc,phases      ] GC(425) Marking Phase 144.761ms
[81.569s][info][gc,phases,start] GC(425) Summary Phase
[81.569s][info][gc,phases      ] GC(425) Summary Phase 0.022ms
[81.569s][info][gc,phases,start] GC(425) Adjust Roots
[81.569s][info][gc,phases      ] GC(425) Adjust Roots 0.196ms
[81.569s][info][gc,phases,start] GC(425) Compaction Phase
[81.623s][info][gc,phases      ] GC(425) Compaction Phase 54.385ms
[81.624s][info][gc,phases,start] GC(425) Post Compact
[81.625s][info][gc,phases      ] GC(425) Post Compact 1.498ms
[81.625s][info][gc,heap        ] GC(425) PSYoungGen: 23532K(78848K)->23532K(78848K) Eden: 22015K(22016K)->22015K(22016K) From: 1516K(56832K)->1516K(56832K)
[81.625s][info][gc,heap        ] GC(425) ParOldGen: 340073K(341504K)->340073K(341504K)
[81.625s][info][gc,metaspace   ] GC(425) Metaspace: 6302K(6528K)->6302K(6528K) NonClass: 5769K(5888K)->5769K(5888K) Class: 533K(640K)->533K(640K)
[81.625s][info][gc             ] GC(425) Pause Full (Ergonomics) 355M->355M(410M) 201.197ms
[81.625s][info][gc,cpu         ] GC(425) User=0.36s Sys=0.00s Real=0.20s
[81.625s][info][gc,start       ] GC(426) Pause Full (Ergonomics)
[81.625s][info][gc,phases,start] GC(426) Marking Phase
[81.769s][info][gc,phases      ] GC(426) Marking Phase 143.582ms
[81.769s][info][gc,phases,start] GC(426) Summary Phase
[81.769s][info][gc,phases      ] GC(426) Summary Phase 0.022ms
[81.769s][info][gc,phases,start] GC(426) Adjust Roots
[81.769s][info][gc,phases      ] GC(426) Adjust Roots 0.191ms
[81.769s][info][gc,phases,start] GC(426) Compaction Phase
[81.824s][info][gc,phases      ] GC(426) Compaction Phase 54.299ms
[81.824s][info][gc,phases,start] GC(426) Post Compact
[81.825s][info][gc,phases      ] GC(426) Post Compact 1.488ms
[81.825s][info][gc,heap        ] GC(426) PSYoungGen: 23532K(78848K)->23532K(78848K) Eden: 22015K(22016K)->22015K(22016K) From: 1516K(56832K)->1516K(56832K)
[81.825s][info][gc,heap        ] GC(426) ParOldGen: 340077K(341504K)->340077K(341504K)
[81.825s][info][gc,metaspace   ] GC(426) Metaspace: 6302K(6528K)->6302K(6528K) NonClass: 5769K(5888K)->5769K(5888K) Class: 533K(640K)->533K(640K)
[81.825s][info][gc             ] GC(426) Pause Full (Ergonomics) 355M->355M(410M) 199.917ms
[81.825s][info][gc,cpu         ] GC(426) User=0.33s Sys=0.00s Real=0.20s
[81.826s][info][gc,start       ] GC(427) Pause Full (Ergonomics)
[81.826s][info][gc,phases,start] GC(427) Marking Phase
[81.970s][info][gc,phases      ] GC(427) Marking Phase 144.851ms
[81.971s][info][gc,phases,start] GC(427) Summary Phase
[81.971s][info][gc,phases      ] GC(427) Summary Phase 0.028ms
[81.971s][info][gc,phases,start] GC(427) Adjust Roots
[81.971s][info][gc,phases      ] GC(427) Adjust Roots 0.199ms
[81.971s][info][gc,phases,start] GC(427) Compaction Phase
[82.025s][info][gc,phases      ] GC(427) Compaction Phase 54.310ms
[82.025s][info][gc,phases,start] GC(427) Post Compact
[82.027s][info][gc,phases      ] GC(427) Post Compact 1.482ms
[82.027s][info][gc,heap        ] GC(427) PSYoungGen: 23532K(78848K)->23532K(78848K) Eden: 22015K(22016K)->22015K(22016K) From: 1516K(56832K)->1516K(56832K)
[82.027s][info][gc,heap        ] GC(427) ParOldGen: 340082K(341504K)->340082K(341504K)
[82.027s][info][gc,metaspace   ] GC(427) Metaspace: 6302K(6528K)->6302K(6528K) NonClass: 5769K(5888K)->5769K(5888K) Class: 533K(640K)->533K(640K)
[82.027s][info][gc             ] GC(427) Pause Full (Ergonomics) 355M->355M(410M) 201.214ms
[82.027s][info][gc,cpu         ] GC(427) User=0.31s Sys=0.00s Real=0.20s
[82.027s][info][gc,start       ] GC(428) Pause Full (Ergonomics)
[82.027s][info][gc,phases,start] GC(428) Marking Phase
[82.171s][info][gc,phases      ] GC(428) Marking Phase 143.656ms
[82.171s][info][gc,phases,start] GC(428) Summary Phase
[82.171s][info][gc,phases      ] GC(428) Summary Phase 0.022ms
[82.171s][info][gc,phases,start] GC(428) Adjust Roots
[82.171s][info][gc,phases      ] GC(428) Adjust Roots 0.195ms
[82.171s][info][gc,phases,start] GC(428) Compaction Phase
[82.226s][info][gc,phases      ] GC(428) Compaction Phase 54.642ms
[82.226s][info][gc,phases,start] GC(428) Post Compact
[82.227s][info][gc,phases      ] GC(428) Post Compact 1.470ms
[82.227s][info][gc,heap        ] GC(428) PSYoungGen: 23532K(78848K)->23532K(78848K) Eden: 22015K(22016K)->22015K(22016K) From: 1516K(56832K)->1516K(56832K)
[82.227s][info][gc,heap        ] GC(428) ParOldGen: 340087K(341504K)->340087K(341504K)
[82.227s][info][gc,metaspace   ] GC(428) Metaspace: 6302K(6528K)->6302K(6528K) NonClass: 5769K(5888K)->5769K(5888K) Class: 533K(640K)->533K(640K)
[82.227s][info][gc             ] GC(428) Pause Full (Ergonomics) 355M->355M(410M) 200.357ms
[82.227s][info][gc,cpu         ] GC(428) User=0.36s Sys=0.00s Real=0.20s
[82.228s][info][gc,start       ] GC(429) Pause Full (Ergonomics)
[82.228s][info][gc,phases,start] GC(429) Marking Phase
[82.371s][info][gc,phases      ] GC(429) Marking Phase 143.492ms
[82.371s][info][gc,phases,start] GC(429) Summary Phase
[82.371s][info][gc,phases      ] GC(429) Summary Phase 0.022ms
[82.371s][info][gc,phases,start] GC(429) Adjust Roots
[82.372s][info][gc,phases      ] GC(429) Adjust Roots 0.195ms
[82.372s][info][gc,phases,start] GC(429) Compaction Phase
[82.426s][info][gc,phases      ] GC(429) Compaction Phase 54.569ms
[82.426s][info][gc,phases,start] GC(429) Post Compact
[82.428s][info][gc,phases      ] GC(429) Post Compact 1.621ms
[82.428s][info][gc,heap        ] GC(429) PSYoungGen: 23532K(78848K)->23532K(78848K) Eden: 22015K(22016K)->22015K(22016K) From: 1516K(56832K)->1516K(56832K)
[82.428s][info][gc,heap        ] GC(429) ParOldGen: 340091K(341504K)->340091K(341504K)
[82.428s][info][gc,metaspace   ] GC(429) Metaspace: 6302K(6528K)->6302K(6528K) NonClass: 5769K(5888K)->5769K(5888K) Class: 533K(640K)->533K(640K)
[82.428s][info][gc             ] GC(429) Pause Full (Ergonomics) 355M->355M(410M) 200.266ms
[82.428s][info][gc,cpu         ] GC(429) User=0.36s Sys=0.00s Real=0.20s
[82.428s][info][gc,start       ] GC(430) Pause Full (Ergonomics)
[82.428s][info][gc,phases,start] GC(430) Marking Phase
[82.573s][info][gc,phases      ] GC(430) Marking Phase 144.969ms
[82.573s][info][gc,phases,start] GC(430) Summary Phase
[82.573s][info][gc,phases      ] GC(430) Summary Phase 0.023ms
[82.573s][info][gc,phases,start] GC(430) Adjust Roots
[82.574s][info][gc,phases      ] GC(430) Adjust Roots 0.197ms
[82.574s][info][gc,phases,start] GC(430) Compaction Phase
[82.629s][info][gc,phases      ] GC(430) Compaction Phase 55.742ms
[82.629s][info][gc,phases,start] GC(430) Post Compact
[82.631s][info][gc,phases      ] GC(430) Post Compact 1.486ms
[82.631s][info][gc,heap        ] GC(430) PSYoungGen: 23532K(78848K)->23532K(78848K) Eden: 22015K(22016K)->22015K(22016K) From: 1516K(56832K)->1516K(56832K)
[82.631s][info][gc,heap        ] GC(430) ParOldGen: 340096K(341504K)->340096K(341504K)
[82.631s][info][gc,metaspace   ] GC(430) Metaspace: 6302K(6528K)->6302K(6528K) NonClass: 5769K(5888K)->5769K(5888K) Class: 533K(640K)->533K(640K)
[82.631s][info][gc             ] GC(430) Pause Full (Ergonomics) 355M->355M(410M) 202.785ms
[82.631s][info][gc,cpu         ] GC(430) User=0.36s Sys=0.00s Real=0.20s
[82.631s][info][gc,start       ] GC(431) Pause Full (Ergonomics)
[82.631s][info][gc,phases,start] GC(431) Marking Phase
[82.776s][info][gc,phases      ] GC(431) Marking Phase 144.611ms
[82.776s][info][gc,phases,start] GC(431) Summary Phase
[82.776s][info][gc,phases      ] GC(431) Summary Phase 0.022ms
[82.776s][info][gc,phases,start] GC(431) Adjust Roots
[82.776s][info][gc,phases      ] GC(431) Adjust Roots 0.191ms
[82.776s][info][gc,phases,start] GC(431) Compaction Phase
[82.831s][info][gc,phases      ] GC(431) Compaction Phase 54.466ms
[82.831s][info][gc,phases,start] GC(431) Post Compact
[82.832s][info][gc,phases      ] GC(431) Post Compact 1.472ms
[82.832s][info][gc,heap        ] GC(431) PSYoungGen: 23532K(78848K)->23532K(78848K) Eden: 22015K(22016K)->22015K(22016K) From: 1516K(56832K)->1516K(56832K)
[82.832s][info][gc,heap        ] GC(431) ParOldGen: 340101K(341504K)->340101K(341504K)
[82.832s][info][gc,metaspace   ] GC(431) Metaspace: 6302K(6528K)->6302K(6528K) NonClass: 5769K(5888K)->5769K(5888K) Class: 533K(640K)->533K(640K)
[82.832s][info][gc             ] GC(431) Pause Full (Ergonomics) 355M->355M(410M) 201.098ms
[82.832s][info][gc,cpu         ] GC(431) User=0.36s Sys=0.00s Real=0.20s
[82.833s][info][gc,start       ] GC(432) Pause Full (Ergonomics)
[82.833s][info][gc,phases,start] GC(432) Marking Phase
[82.982s][info][gc,phases      ] GC(432) Marking Phase 149.012ms
[82.982s][info][gc,phases,start] GC(432) Summary Phase
[82.982s][info][gc,phases      ] GC(432) Summary Phase 0.024ms
[82.982s][info][gc,phases,start] GC(432) Adjust Roots
[82.982s][info][gc,phases      ] GC(432) Adjust Roots 0.199ms
[82.982s][info][gc,phases,start] GC(432) Compaction Phase
[83.037s][info][gc,phases      ] GC(432) Compaction Phase 55.183ms
[83.037s][info][gc,phases,start] GC(432) Post Compact
[83.039s][info][gc,phases      ] GC(432) Post Compact 1.473ms
[83.039s][info][gc,heap        ] GC(432) PSYoungGen: 23532K(78848K)->23532K(78848K) Eden: 22015K(22016K)->22015K(22016K) From: 1516K(56832K)->1516K(56832K)
[83.039s][info][gc,heap        ] GC(432) ParOldGen: 340105K(341504K)->340105K(341504K)
[83.039s][info][gc,metaspace   ] GC(432) Metaspace: 6302K(6528K)->6302K(6528K) NonClass: 5769K(5888K)->5769K(5888K) Class: 533K(640K)->533K(640K)
[83.039s][info][gc             ] GC(432) Pause Full (Ergonomics) 355M->355M(410M) 206.241ms
[83.039s][info][gc,cpu         ] GC(432) User=0.33s Sys=0.00s Real=0.21s
[83.039s][info][gc,start       ] GC(433) Pause Full (Ergonomics)
[83.039s][info][gc,phases,start] GC(433) Marking Phase
[83.183s][info][gc,phases      ] GC(433) Marking Phase 143.763ms
[83.183s][info][gc,phases,start] GC(433) Summary Phase
[83.183s][info][gc,phases      ] GC(433) Summary Phase 0.023ms
[83.183s][info][gc,phases,start] GC(433) Adjust Roots
[83.183s][info][gc,phases      ] GC(433) Adjust Roots 0.204ms
[83.183s][info][gc,phases,start] GC(433) Compaction Phase
[83.238s][info][gc,phases      ] GC(433) Compaction Phase 54.673ms
[83.238s][info][gc,phases,start] GC(433) Post Compact
[83.240s][info][gc,phases      ] GC(433) Post Compact 1.477ms
[83.240s][info][gc,heap        ] GC(433) PSYoungGen: 23532K(78848K)->23532K(78848K) Eden: 22015K(22016K)->22015K(22016K) From: 1516K(56832K)->1516K(56832K)
[83.240s][info][gc,heap        ] GC(433) ParOldGen: 340110K(341504K)->340110K(341504K)
[83.240s][info][gc,metaspace   ] GC(433) Metaspace: 6302K(6528K)->6302K(6528K) NonClass: 5769K(5888K)->5769K(5888K) Class: 533K(640K)->533K(640K)
[83.240s][info][gc             ] GC(433) Pause Full (Ergonomics) 355M->355M(410M) 200.500ms
[83.240s][info][gc,cpu         ] GC(433) User=0.36s Sys=0.00s Real=0.20s
[83.240s][info][gc,start       ] GC(434) Pause Full (Ergonomics)
[83.240s][info][gc,phases,start] GC(434) Marking Phase
[83.384s][info][gc,phases      ] GC(434) Marking Phase 143.993ms
[83.384s][info][gc,phases,start] GC(434) Summary Phase
[83.384s][info][gc,phases      ] GC(434) Summary Phase 0.023ms
[83.384s][info][gc,phases,start] GC(434) Adjust Roots
[83.384s][info][gc,phases      ] GC(434) Adjust Roots 0.235ms
[83.384s][info][gc,phases,start] GC(434) Compaction Phase
[83.440s][info][gc,phases      ] GC(434) Compaction Phase 55.740ms
[83.440s][info][gc,phases,start] GC(434) Post Compact
[83.442s][info][gc,phases      ] GC(434) Post Compact 1.477ms
[83.442s][info][gc,heap        ] GC(434) PSYoungGen: 23532K(78848K)->23532K(78848K) Eden: 22015K(22016K)->22015K(22016K) From: 1516K(56832K)->1516K(56832K)
[83.442s][info][gc,heap        ] GC(434) ParOldGen: 340115K(341504K)->340115K(341504K)
[83.442s][info][gc,metaspace   ] GC(434) Metaspace: 6302K(6528K)->6302K(6528K) NonClass: 5769K(5888K)->5769K(5888K) Class: 533K(640K)->533K(640K)
[83.442s][info][gc             ] GC(434) Pause Full (Ergonomics) 355M->355M(410M) 201.821ms
[83.442s][info][gc,cpu         ] GC(434) User=0.33s Sys=0.00s Real=0.20s
[83.442s][info][gc,start       ] GC(435) Pause Full (Ergonomics)
[83.442s][info][gc,phases,start] GC(435) Marking Phase
[83.587s][info][gc,phases      ] GC(435) Marking Phase 144.377ms
[83.587s][info][gc,phases,start] GC(435) Summary Phase
[83.587s][info][gc,phases      ] GC(435) Summary Phase 0.022ms
[83.587s][info][gc,phases,start] GC(435) Adjust Roots
[83.587s][info][gc,phases      ] GC(435) Adjust Roots 0.193ms
[83.587s][info][gc,phases,start] GC(435) Compaction Phase
[83.641s][info][gc,phases      ] GC(435) Compaction Phase 54.543ms
[83.642s][info][gc,phases,start] GC(435) Post Compact
[83.643s][info][gc,phases      ] GC(435) Post Compact 1.484ms
[83.643s][info][gc,heap        ] GC(435) PSYoungGen: 23532K(78848K)->23532K(78848K) Eden: 22015K(22016K)->22015K(22016K) From: 1516K(56832K)->1516K(56832K)
[83.643s][info][gc,heap        ] GC(435) ParOldGen: 340119K(341504K)->340119K(341504K)
[83.643s][info][gc,metaspace   ] GC(435) Metaspace: 6302K(6528K)->6302K(6528K) NonClass: 5769K(5888K)->5769K(5888K) Class: 533K(640K)->533K(640K)
[83.643s][info][gc             ] GC(435) Pause Full (Ergonomics) 355M->355M(410M) 200.951ms
[83.643s][info][gc,cpu         ] GC(435) User=0.31s Sys=0.02s Real=0.20s
[83.643s][info][gc,start       ] GC(436) Pause Full (Ergonomics)
[83.643s][info][gc,phases,start] GC(436) Marking Phase
[83.787s][info][gc,phases      ] GC(436) Marking Phase 143.893ms
[83.787s][info][gc,phases,start] GC(436) Summary Phase
[83.787s][info][gc,phases      ] GC(436) Summary Phase 0.022ms
[83.787s][info][gc,phases,start] GC(436) Adjust Roots
[83.788s][info][gc,phases      ] GC(436) Adjust Roots 0.197ms
[83.788s][info][gc,phases,start] GC(436) Compaction Phase
[83.842s][info][gc,phases      ] GC(436) Compaction Phase 54.342ms
[83.842s][info][gc,phases,start] GC(436) Post Compact
[83.844s][info][gc,phases      ] GC(436) Post Compact 1.486ms
[83.844s][info][gc,heap        ] GC(436) PSYoungGen: 23532K(78848K)->23532K(78848K) Eden: 22015K(22016K)->22015K(22016K) From: 1516K(56832K)->1516K(56832K)
[83.844s][info][gc,heap        ] GC(436) ParOldGen: 340124K(341504K)->340124K(341504K)
[83.844s][info][gc,metaspace   ] GC(436) Metaspace: 6302K(6528K)->6302K(6528K) NonClass: 5769K(5888K)->5769K(5888K) Class: 533K(640K)->533K(640K)
[83.844s][info][gc             ] GC(436) Pause Full (Ergonomics) 355M->355M(410M) 200.282ms
[83.844s][info][gc,cpu         ] GC(436) User=0.33s Sys=0.00s Real=0.20s
[83.844s][info][gc,start       ] GC(437) Pause Full (Ergonomics)
[83.844s][info][gc,phases,start] GC(437) Marking Phase
[83.989s][info][gc,phases      ] GC(437) Marking Phase 144.842ms
[83.989s][info][gc,phases,start] GC(437) Summary Phase
[83.989s][info][gc,phases      ] GC(437) Summary Phase 0.027ms
[83.989s][info][gc,phases,start] GC(437) Adjust Roots
[83.989s][info][gc,phases      ] GC(437) Adjust Roots 0.187ms
[83.989s][info][gc,phases,start] GC(437) Compaction Phase
[84.044s][info][gc,phases      ] GC(437) Compaction Phase 54.463ms
[84.044s][info][gc,phases,start] GC(437) Post Compact
[84.045s][info][gc,phases      ] GC(437) Post Compact 1.481ms
[84.045s][info][gc,heap        ] GC(437) PSYoungGen: 23532K(78848K)->23532K(78848K) Eden: 22015K(22016K)->22015K(22016K) From: 1516K(56832K)->1516K(56832K)
[84.045s][info][gc,heap        ] GC(437) ParOldGen: 340129K(341504K)->340129K(341504K)
[84.045s][info][gc,metaspace   ] GC(437) Metaspace: 6302K(6528K)->6302K(6528K) NonClass: 5769K(5888K)->5769K(5888K) Class: 533K(640K)->533K(640K)
[84.045s][info][gc             ] GC(437) Pause Full (Ergonomics) 355M->355M(410M) 201.338ms
[84.045s][info][gc,cpu         ] GC(437) User=0.36s Sys=0.00s Real=0.20s
[84.046s][info][gc,start       ] GC(438) Pause Full (Ergonomics)
[84.046s][info][gc,phases,start] GC(438) Marking Phase
[84.190s][info][gc,phases      ] GC(438) Marking Phase 144.109ms
[84.190s][info][gc,phases,start] GC(438) Summary Phase
[84.190s][info][gc,phases      ] GC(438) Summary Phase 0.028ms
[84.190s][info][gc,phases,start] GC(438) Adjust Roots
[84.190s][info][gc,phases      ] GC(438) Adjust Roots 0.195ms
[84.190s][info][gc,phases,start] GC(438) Compaction Phase
[84.245s][info][gc,phases      ] GC(438) Compaction Phase 54.607ms
[84.245s][info][gc,phases,start] GC(438) Post Compact
[84.246s][info][gc,phases      ] GC(438) Post Compact 1.475ms
[84.246s][info][gc,heap        ] GC(438) PSYoungGen: 23532K(78848K)->23532K(78848K) Eden: 22015K(22016K)->22015K(22016K) From: 1516K(56832K)->1516K(56832K)
[84.246s][info][gc,heap        ] GC(438) ParOldGen: 340133K(341504K)->340133K(341504K)
[84.246s][info][gc,metaspace   ] GC(438) Metaspace: 6302K(6528K)->6302K(6528K) NonClass: 5769K(5888K)->5769K(5888K) Class: 533K(640K)->533K(640K)
[84.246s][info][gc             ] GC(438) Pause Full (Ergonomics) 355M->355M(410M) 200.744ms
[84.246s][info][gc,cpu         ] GC(438) User=0.31s Sys=0.00s Real=0.20s
[84.247s][info][gc,start       ] GC(439) Pause Full (Ergonomics)
[84.247s][info][gc,phases,start] GC(439) Marking Phase
[84.392s][info][gc,phases      ] GC(439) Marking Phase 145.852ms
[84.393s][info][gc,phases,start] GC(439) Summary Phase
[84.393s][info][gc,phases      ] GC(439) Summary Phase 0.023ms
[84.393s][info][gc,phases,start] GC(439) Adjust Roots
[84.393s][info][gc,phases      ] GC(439) Adjust Roots 0.203ms
[84.393s][info][gc,phases,start] GC(439) Compaction Phase
[84.447s][info][gc,phases      ] GC(439) Compaction Phase 54.474ms
[84.447s][info][gc,phases,start] GC(439) Post Compact
[84.449s][info][gc,phases      ] GC(439) Post Compact 1.620ms
[84.449s][info][gc,heap        ] GC(439) PSYoungGen: 23532K(78848K)->23532K(78848K) Eden: 22015K(22016K)->22015K(22016K) From: 1516K(56832K)->1516K(56832K)
[84.449s][info][gc,heap        ] GC(439) ParOldGen: 340138K(341504K)->340138K(341504K)
[84.449s][info][gc,metaspace   ] GC(439) Metaspace: 6302K(6528K)->6302K(6528K) NonClass: 5769K(5888K)->5769K(5888K) Class: 533K(640K)->533K(640K)
[84.449s][info][gc             ] GC(439) Pause Full (Ergonomics) 355M->355M(410M) 202.549ms
[84.449s][info][gc,cpu         ] GC(439) User=0.33s Sys=0.00s Real=0.20s
[84.449s][info][gc,start       ] GC(440) Pause Full (Ergonomics)
[84.449s][info][gc,phases,start] GC(440) Marking Phase
[84.593s][info][gc,phases      ] GC(440) Marking Phase 143.280ms
[84.593s][info][gc,phases,start] GC(440) Summary Phase
[84.593s][info][gc,phases      ] GC(440) Summary Phase 0.023ms
[84.593s][info][gc,phases,start] GC(440) Adjust Roots
[84.593s][info][gc,phases      ] GC(440) Adjust Roots 0.186ms
[84.593s][info][gc,phases,start] GC(440) Compaction Phase
[84.647s][info][gc,phases      ] GC(440) Compaction Phase 54.260ms
[84.647s][info][gc,phases,start] GC(440) Post Compact
[84.649s][info][gc,phases      ] GC(440) Post Compact 1.506ms
[84.649s][info][gc,heap        ] GC(440) PSYoungGen: 23532K(78848K)->23532K(78848K) Eden: 22015K(22016K)->22015K(22016K) From: 1516K(56832K)->1516K(56832K)
[84.649s][info][gc,heap        ] GC(440) ParOldGen: 340143K(341504K)->340143K(341504K)
[84.649s][info][gc,metaspace   ] GC(440) Metaspace: 6302K(6528K)->6302K(6528K) NonClass: 5769K(5888K)->5769K(5888K) Class: 533K(640K)->533K(640K)
[84.649s][info][gc             ] GC(440) Pause Full (Ergonomics) 355M->355M(410M) 199.591ms
[84.649s][info][gc,cpu         ] GC(440) User=0.36s Sys=0.00s Real=0.20s
[84.649s][info][gc,start       ] GC(441) Pause Full (Ergonomics)
[84.649s][info][gc,phases,start] GC(441) Marking Phase
[84.793s][info][gc,phases      ] GC(441) Marking Phase 143.709ms
[84.793s][info][gc,phases,start] GC(441) Summary Phase
[84.793s][info][gc,phases      ] GC(441) Summary Phase 0.022ms
[84.793s][info][gc,phases,start] GC(441) Adjust Roots
[84.793s][info][gc,phases      ] GC(441) Adjust Roots 0.208ms
[84.793s][info][gc,phases,start] GC(441) Compaction Phase
[84.848s][info][gc,phases      ] GC(441) Compaction Phase 54.799ms
[84.848s][info][gc,phases,start] GC(441) Post Compact
[84.850s][info][gc,phases      ] GC(441) Post Compact 1.480ms
[84.850s][info][gc,heap        ] GC(441) PSYoungGen: 23532K(78848K)->23532K(78848K) Eden: 22015K(22016K)->22015K(22016K) From: 1516K(56832K)->1516K(56832K)
[84.850s][info][gc,heap        ] GC(441) ParOldGen: 340147K(341504K)->340147K(341504K)
[84.850s][info][gc,metaspace   ] GC(441) Metaspace: 6302K(6528K)->6302K(6528K) NonClass: 5769K(5888K)->5769K(5888K) Class: 533K(640K)->533K(640K)
[84.850s][info][gc             ] GC(441) Pause Full (Ergonomics) 355M->355M(410M) 200.562ms
[84.850s][info][gc,cpu         ] GC(441) User=0.33s Sys=0.02s Real=0.20s
[84.850s][info][gc,start       ] GC(442) Pause Full (Ergonomics)
[84.850s][info][gc,phases,start] GC(442) Marking Phase
[84.994s][info][gc,phases      ] GC(442) Marking Phase 144.286ms
[84.994s][info][gc,phases,start] GC(442) Summary Phase
[84.994s][info][gc,phases      ] GC(442) Summary Phase 0.022ms
[84.995s][info][gc,phases,start] GC(442) Adjust Roots
[84.995s][info][gc,phases      ] GC(442) Adjust Roots 0.198ms
[84.995s][info][gc,phases,start] GC(442) Compaction Phase
[85.049s][info][gc,phases      ] GC(442) Compaction Phase 54.168ms
[85.049s][info][gc,phases,start] GC(442) Post Compact
[85.050s][info][gc,phases      ] GC(442) Post Compact 1.474ms
[85.051s][info][gc,heap        ] GC(442) PSYoungGen: 23532K(78848K)->23532K(78848K) Eden: 22015K(22016K)->22015K(22016K) From: 1516K(56832K)->1516K(56832K)
[85.051s][info][gc,heap        ] GC(442) ParOldGen: 340152K(341504K)->340152K(341504K)
[85.051s][info][gc,metaspace   ] GC(442) Metaspace: 6302K(6528K)->6302K(6528K) NonClass: 5769K(5888K)->5769K(5888K) Class: 533K(640K)->533K(640K)
[85.051s][info][gc             ] GC(442) Pause Full (Ergonomics) 355M->355M(410M) 200.502ms
[85.051s][info][gc,cpu         ] GC(442) User=0.33s Sys=0.00s Real=0.20s
[85.051s][info][gc,start       ] GC(443) Pause Full (Ergonomics)
[85.051s][info][gc,phases,start] GC(443) Marking Phase
[85.195s][info][gc,phases      ] GC(443) Marking Phase 144.004ms
[85.195s][info][gc,phases,start] GC(443) Summary Phase
[85.195s][info][gc,phases      ] GC(443) Summary Phase 0.022ms
[85.195s][info][gc,phases,start] GC(443) Adjust Roots
[85.195s][info][gc,phases      ] GC(443) Adjust Roots 0.187ms
[85.195s][info][gc,phases,start] GC(443) Compaction Phase
[85.249s][info][gc,phases      ] GC(443) Compaction Phase 54.269ms
[85.250s][info][gc,phases,start] GC(443) Post Compact
[85.251s][info][gc,phases      ] GC(443) Post Compact 1.486ms
[85.251s][info][gc,heap        ] GC(443) PSYoungGen: 23532K(78848K)->23532K(78848K) Eden: 22015K(22016K)->22015K(22016K) From: 1516K(56832K)->1516K(56832K)
[85.251s][info][gc,heap        ] GC(443) ParOldGen: 340157K(341504K)->340157K(341504K)
[85.251s][info][gc,metaspace   ] GC(443) Metaspace: 6302K(6528K)->6302K(6528K) NonClass: 5769K(5888K)->5769K(5888K) Class: 533K(640K)->533K(640K)
[85.251s][info][gc             ] GC(443) Pause Full (Ergonomics) 355M->355M(410M) 200.365ms
[85.251s][info][gc,cpu         ] GC(443) User=0.33s Sys=0.00s Real=0.20s
[85.251s][info][gc,start       ] GC(444) Pause Full (Ergonomics)
[85.251s][info][gc,phases,start] GC(444) Marking Phase
[85.397s][info][gc,phases      ] GC(444) Marking Phase 145.235ms
[85.397s][info][gc,phases,start] GC(444) Summary Phase
[85.397s][info][gc,phases      ] GC(444) Summary Phase 0.022ms
[85.397s][info][gc,phases,start] GC(444) Adjust Roots
[85.397s][info][gc,phases      ] GC(444) Adjust Roots 0.195ms
[85.397s][info][gc,phases,start] GC(444) Compaction Phase
[85.451s][info][gc,phases      ] GC(444) Compaction Phase 54.243ms
[85.451s][info][gc,phases,start] GC(444) Post Compact
[85.453s][info][gc,phases      ] GC(444) Post Compact 1.493ms
[85.453s][info][gc,heap        ] GC(444) PSYoungGen: 23532K(78848K)->23532K(78848K) Eden: 22015K(22016K)->22015K(22016K) From: 1516K(56832K)->1516K(56832K)
[85.453s][info][gc,heap        ] GC(444) ParOldGen: 340161K(341504K)->340161K(341504K)
[85.453s][info][gc,metaspace   ] GC(444) Metaspace: 6302K(6528K)->6302K(6528K) NonClass: 5769K(5888K)->5769K(5888K) Class: 533K(640K)->533K(640K)
[85.453s][info][gc             ] GC(444) Pause Full (Ergonomics) 355M->355M(410M) 201.507ms
[85.453s][info][gc,cpu         ] GC(444) User=0.36s Sys=0.00s Real=0.20s
[85.453s][info][gc,start       ] GC(445) Pause Full (Ergonomics)
[85.453s][info][gc,phases,start] GC(445) Marking Phase
[85.597s][info][gc,phases      ] GC(445) Marking Phase 143.928ms
[85.597s][info][gc,phases,start] GC(445) Summary Phase
[85.597s][info][gc,phases      ] GC(445) Summary Phase 0.022ms
[85.597s][info][gc,phases,start] GC(445) Adjust Roots
[85.597s][info][gc,phases      ] GC(445) Adjust Roots 0.197ms
[85.598s][info][gc,phases,start] GC(445) Compaction Phase
[85.652s][info][gc,phases      ] GC(445) Compaction Phase 54.087ms
[85.652s][info][gc,phases,start] GC(445) Post Compact
[85.653s][info][gc,phases      ] GC(445) Post Compact 1.486ms
[85.653s][info][gc,heap        ] GC(445) PSYoungGen: 23532K(78848K)->23532K(78848K) Eden: 22015K(22016K)->22015K(22016K) From: 1516K(56832K)->1516K(56832K)
[85.653s][info][gc,heap        ] GC(445) ParOldGen: 340166K(341504K)->340166K(341504K)
[85.653s][info][gc,metaspace   ] GC(445) Metaspace: 6302K(6528K)->6302K(6528K) NonClass: 5769K(5888K)->5769K(5888K) Class: 533K(640K)->533K(640K)
[85.653s][info][gc             ] GC(445) Pause Full (Ergonomics) 355M->355M(410M) 200.055ms
[85.653s][info][gc,cpu         ] GC(445) User=0.33s Sys=0.00s Real=0.20s
[85.654s][info][gc,start       ] GC(446) Pause Full (Ergonomics)
[85.654s][info][gc,phases,start] GC(446) Marking Phase
[85.798s][info][gc,phases      ] GC(446) Marking Phase 144.867ms
[85.799s][info][gc,phases,start] GC(446) Summary Phase
[85.799s][info][gc,phases      ] GC(446) Summary Phase 0.023ms
[85.799s][info][gc,phases,start] GC(446) Adjust Roots
[85.799s][info][gc,phases      ] GC(446) Adjust Roots 0.185ms
[85.799s][info][gc,phases,start] GC(446) Compaction Phase
[85.854s][info][gc,phases      ] GC(446) Compaction Phase 54.918ms
[85.854s][info][gc,phases,start] GC(446) Post Compact
[85.855s][info][gc,phases      ] GC(446) Post Compact 1.484ms
[85.855s][info][gc,heap        ] GC(446) PSYoungGen: 23532K(78848K)->23532K(78848K) Eden: 22015K(22016K)->22015K(22016K) From: 1516K(56832K)->1516K(56832K)
[85.855s][info][gc,heap        ] GC(446) ParOldGen: 340171K(341504K)->340171K(341504K)
[85.855s][info][gc,metaspace   ] GC(446) Metaspace: 6302K(6528K)->6302K(6528K) NonClass: 5769K(5888K)->5769K(5888K) Class: 533K(640K)->533K(640K)
[85.855s][info][gc             ] GC(446) Pause Full (Ergonomics) 355M->355M(410M) 201.804ms
[85.855s][info][gc,cpu         ] GC(446) User=0.34s Sys=0.02s Real=0.20s
[85.856s][info][gc,start       ] GC(447) Pause Full (Ergonomics)
[85.856s][info][gc,phases,start] GC(447) Marking Phase
[86.001s][info][gc,phases      ] GC(447) Marking Phase 144.966ms
[86.001s][info][gc,phases,start] GC(447) Summary Phase
[86.001s][info][gc,phases      ] GC(447) Summary Phase 0.024ms
[86.001s][info][gc,phases,start] GC(447) Adjust Roots
[86.001s][info][gc,phases      ] GC(447) Adjust Roots 0.196ms
[86.001s][info][gc,phases,start] GC(447) Compaction Phase
[86.055s][info][gc,phases      ] GC(447) Compaction Phase 54.333ms
[86.055s][info][gc,phases,start] GC(447) Post Compact
[86.057s][info][gc,phases      ] GC(447) Post Compact 1.476ms
[86.057s][info][gc,heap        ] GC(447) PSYoungGen: 23532K(78848K)->23532K(78848K) Eden: 22015K(22016K)->22015K(22016K) From: 1516K(56832K)->1516K(56832K)
[86.057s][info][gc,heap        ] GC(447) ParOldGen: 340175K(341504K)->340175K(341504K)
[86.057s][info][gc,metaspace   ] GC(447) Metaspace: 6302K(6528K)->6302K(6528K) NonClass: 5769K(5888K)->5769K(5888K) Class: 533K(640K)->533K(640K)
[86.057s][info][gc             ] GC(447) Pause Full (Ergonomics) 355M->355M(410M) 201.333ms
[86.057s][info][gc,cpu         ] GC(447) User=0.33s Sys=0.00s Real=0.20s
[86.057s][info][gc,start       ] GC(448) Pause Full (Ergonomics)
[86.057s][info][gc,phases,start] GC(448) Marking Phase
[86.202s][info][gc,phases      ] GC(448) Marking Phase 144.450ms
[86.202s][info][gc,phases,start] GC(448) Summary Phase
[86.202s][info][gc,phases      ] GC(448) Summary Phase 0.022ms
[86.202s][info][gc,phases,start] GC(448) Adjust Roots
[86.202s][info][gc,phases      ] GC(448) Adjust Roots 0.204ms
[86.202s][info][gc,phases,start] GC(448) Compaction Phase
[86.257s][info][gc,phases      ] GC(448) Compaction Phase 54.598ms
[86.257s][info][gc,phases,start] GC(448) Post Compact
[86.258s][info][gc,phases      ] GC(448) Post Compact 1.540ms
[86.258s][info][gc,heap        ] GC(448) PSYoungGen: 23532K(78848K)->23532K(78848K) Eden: 22015K(22016K)->22015K(22016K) From: 1516K(56832K)->1516K(56832K)
[86.258s][info][gc,heap        ] GC(448) ParOldGen: 340180K(341504K)->340180K(341504K)
[86.258s][info][gc,metaspace   ] GC(448) Metaspace: 6302K(6528K)->6302K(6528K) NonClass: 5769K(5888K)->5769K(5888K) Class: 533K(640K)->533K(640K)
[86.258s][info][gc             ] GC(448) Pause Full (Ergonomics) 355M->355M(410M) 201.148ms
[86.258s][info][gc,cpu         ] GC(448) User=0.36s Sys=0.00s Real=0.20s
[86.259s][info][gc,start       ] GC(449) Pause Full (Ergonomics)
[86.259s][info][gc,phases,start] GC(449) Marking Phase
[86.403s][info][gc,phases      ] GC(449) Marking Phase 143.911ms
[86.403s][info][gc,phases,start] GC(449) Summary Phase
[86.403s][info][gc,phases      ] GC(449) Summary Phase 0.022ms
[86.403s][info][gc,phases,start] GC(449) Adjust Roots
[86.403s][info][gc,phases      ] GC(449) Adjust Roots 0.186ms
[86.403s][info][gc,phases,start] GC(449) Compaction Phase
[86.458s][info][gc,phases      ] GC(449) Compaction Phase 54.660ms
[86.458s][info][gc,phases,start] GC(449) Post Compact
[86.459s][info][gc,phases      ] GC(449) Post Compact 1.483ms
[86.459s][info][gc,heap        ] GC(449) PSYoungGen: 23532K(78848K)->23532K(78848K) Eden: 22015K(22016K)->22015K(22016K) From: 1516K(56832K)->1516K(56832K)
[86.459s][info][gc,heap        ] GC(449) ParOldGen: 340185K(341504K)->340185K(341504K)
[86.459s][info][gc,metaspace   ] GC(449) Metaspace: 6302K(6528K)->6302K(6528K) NonClass: 5769K(5888K)->5769K(5888K) Class: 533K(640K)->533K(640K)
[86.459s][info][gc             ] GC(449) Pause Full (Ergonomics) 355M->355M(410M) 200.591ms
[86.459s][info][gc,cpu         ] GC(449) User=0.33s Sys=0.02s Real=0.20s
[86.460s][info][gc,start       ] GC(450) Pause Full (Ergonomics)
[86.460s][info][gc,phases,start] GC(450) Marking Phase
[86.604s][info][gc,phases      ] GC(450) Marking Phase 144.761ms
[86.604s][info][gc,phases,start] GC(450) Summary Phase
[86.604s][info][gc,phases      ] GC(450) Summary Phase 0.023ms
[86.604s][info][gc,phases,start] GC(450) Adjust Roots
[86.605s][info][gc,phases      ] GC(450) Adjust Roots 0.195ms
[86.605s][info][gc,phases,start] GC(450) Compaction Phase
[86.659s][info][gc,phases      ] GC(450) Compaction Phase 54.645ms
[86.659s][info][gc,phases,start] GC(450) Post Compact
[86.661s][info][gc,phases      ] GC(450) Post Compact 1.490ms
[86.661s][info][gc,heap        ] GC(450) PSYoungGen: 23532K(78848K)->23532K(78848K) Eden: 22015K(22016K)->22015K(22016K) From: 1516K(56832K)->1516K(56832K)
[86.661s][info][gc,heap        ] GC(450) ParOldGen: 340189K(341504K)->340189K(341504K)
[86.661s][info][gc,metaspace   ] GC(450) Metaspace: 6302K(6528K)->6302K(6528K) NonClass: 5769K(5888K)->5769K(5888K) Class: 533K(640K)->533K(640K)
[86.661s][info][gc             ] GC(450) Pause Full (Ergonomics) 355M->355M(410M) 201.448ms
[86.661s][info][gc,cpu         ] GC(450) User=0.39s Sys=0.00s Real=0.20s
[86.661s][info][gc,start       ] GC(451) Pause Full (Ergonomics)
[86.661s][info][gc,phases,start] GC(451) Marking Phase
[86.805s][info][gc,phases      ] GC(451) Marking Phase 143.554ms
[86.805s][info][gc,phases,start] GC(451) Summary Phase
[86.805s][info][gc,phases      ] GC(451) Summary Phase 0.024ms
[86.805s][info][gc,phases,start] GC(451) Adjust Roots
[86.805s][info][gc,phases      ] GC(451) Adjust Roots 0.198ms
[86.805s][info][gc,phases,start] GC(451) Compaction Phase
[86.860s][info][gc,phases      ] GC(451) Compaction Phase 54.591ms
[86.860s][info][gc,phases,start] GC(451) Post Compact
[86.861s][info][gc,phases      ] GC(451) Post Compact 1.579ms
[86.861s][info][gc,heap        ] GC(451) PSYoungGen: 23532K(78848K)->23532K(78848K) Eden: 22015K(22016K)->22015K(22016K) From: 1516K(56832K)->1516K(56832K)
[86.861s][info][gc,heap        ] GC(451) ParOldGen: 340194K(341504K)->340194K(341504K)
[86.861s][info][gc,metaspace   ] GC(451) Metaspace: 6302K(6528K)->6302K(6528K) NonClass: 5769K(5888K)->5769K(5888K) Class: 533K(640K)->533K(640K)
[86.862s][info][gc             ] GC(451) Pause Full (Ergonomics) 355M->355M(410M) 200.282ms
[86.862s][info][gc,cpu         ] GC(451) User=0.33s Sys=0.00s Real=0.20s
[86.862s][info][gc,start       ] GC(452) Pause Full (Ergonomics)
[86.862s][info][gc,phases,start] GC(452) Marking Phase
[87.006s][info][gc,phases      ] GC(452) Marking Phase 144.059ms
[87.006s][info][gc,phases,start] GC(452) Summary Phase
[87.006s][info][gc,phases      ] GC(452) Summary Phase 0.023ms
[87.006s][info][gc,phases,start] GC(452) Adjust Roots
[87.006s][info][gc,phases      ] GC(452) Adjust Roots 0.185ms
[87.006s][info][gc,phases,start] GC(452) Compaction Phase
[87.061s][info][gc,phases      ] GC(452) Compaction Phase 55.102ms
[87.061s][info][gc,phases,start] GC(452) Post Compact
[87.063s][info][gc,phases      ] GC(452) Post Compact 1.493ms
[87.063s][info][gc,heap        ] GC(452) PSYoungGen: 23532K(78848K)->23532K(78848K) Eden: 22015K(22016K)->22015K(22016K) From: 1516K(56832K)->1516K(56832K)
[87.063s][info][gc,heap        ] GC(452) ParOldGen: 340199K(341504K)->340199K(341504K)
[87.063s][info][gc,metaspace   ] GC(452) Metaspace: 6302K(6528K)->6302K(6528K) NonClass: 5769K(5888K)->5769K(5888K) Class: 533K(640K)->533K(640K)
[87.063s][info][gc             ] GC(452) Pause Full (Ergonomics) 355M->355M(410M) 201.192ms
[87.063s][info][gc,cpu         ] GC(452) User=0.33s Sys=0.00s Real=0.20s
[87.063s][info][gc,start       ] GC(453) Pause Full (Ergonomics)
[87.063s][info][gc,phases,start] GC(453) Marking Phase
[87.215s][info][gc,phases      ] GC(453) Marking Phase 151.563ms
[87.215s][info][gc,phases,start] GC(453) Summary Phase
[87.215s][info][gc,phases      ] GC(453) Summary Phase 0.022ms
[87.215s][info][gc,phases,start] GC(453) Adjust Roots
[87.215s][info][gc,phases      ] GC(453) Adjust Roots 0.194ms
[87.215s][info][gc,phases,start] GC(453) Compaction Phase
[87.277s][info][gc,phases      ] GC(453) Compaction Phase 62.020ms
[87.277s][info][gc,phases,start] GC(453) Post Compact
[87.279s][info][gc,phases      ] GC(453) Post Compact 1.539ms
[87.279s][info][gc,heap        ] GC(453) PSYoungGen: 23532K(78848K)->23532K(78848K) Eden: 22015K(22016K)->22015K(22016K) From: 1516K(56832K)->1516K(56832K)
[87.279s][info][gc,heap        ] GC(453) ParOldGen: 340203K(341504K)->340203K(341504K)
[87.279s][info][gc,metaspace   ] GC(453) Metaspace: 6302K(6528K)->6302K(6528K) NonClass: 5769K(5888K)->5769K(5888K) Class: 533K(640K)->533K(640K)
[87.279s][info][gc             ] GC(453) Pause Full (Ergonomics) 355M->355M(410M) 215.676ms
[87.279s][info][gc,cpu         ] GC(453) User=0.39s Sys=0.03s Real=0.22s
[87.279s][info][gc,start       ] GC(454) Pause Full (Ergonomics)
[87.279s][info][gc,phases,start] GC(454) Marking Phase
[87.424s][info][gc,phases      ] GC(454) Marking Phase 144.503ms
[87.424s][info][gc,phases,start] GC(454) Summary Phase
[87.424s][info][gc,phases      ] GC(454) Summary Phase 0.023ms
[87.424s][info][gc,phases,start] GC(454) Adjust Roots
[87.424s][info][gc,phases      ] GC(454) Adjust Roots 0.195ms
[87.424s][info][gc,phases,start] GC(454) Compaction Phase
[87.479s][info][gc,phases      ] GC(454) Compaction Phase 54.471ms
[87.479s][info][gc,phases,start] GC(454) Post Compact
[87.480s][info][gc,phases      ] GC(454) Post Compact 1.496ms
[87.480s][info][gc,heap        ] GC(454) PSYoungGen: 23532K(78848K)->23532K(78848K) Eden: 22015K(22016K)->22015K(22016K) From: 1516K(56832K)->1516K(56832K)
[87.480s][info][gc,heap        ] GC(454) ParOldGen: 340208K(341504K)->340208K(341504K)
[87.480s][info][gc,metaspace   ] GC(454) Metaspace: 6302K(6528K)->6302K(6528K) NonClass: 5769K(5888K)->5769K(5888K) Class: 533K(640K)->533K(640K)
[87.480s][info][gc             ] GC(454) Pause Full (Ergonomics) 355M->355M(410M) 201.017ms
[87.480s][info][gc,cpu         ] GC(454) User=0.34s Sys=0.00s Real=0.20s
[87.481s][info][gc,start       ] GC(455) Pause Full (Ergonomics)
[87.481s][info][gc,phases,start] GC(455) Marking Phase
[87.624s][info][gc,phases      ] GC(455) Marking Phase 143.349ms
[87.624s][info][gc,phases,start] GC(455) Summary Phase
[87.624s][info][gc,phases      ] GC(455) Summary Phase 0.023ms
[87.624s][info][gc,phases,start] GC(455) Adjust Roots
[87.624s][info][gc,phases      ] GC(455) Adjust Roots 0.190ms
[87.624s][info][gc,phases,start] GC(455) Compaction Phase
[87.679s][info][gc,phases      ] GC(455) Compaction Phase 54.684ms
[87.679s][info][gc,phases,start] GC(455) Post Compact
[87.680s][info][gc,phases      ] GC(455) Post Compact 1.476ms
[87.681s][info][gc,heap        ] GC(455) PSYoungGen: 23532K(78848K)->23532K(78848K) Eden: 22015K(22016K)->22015K(22016K) From: 1516K(56832K)->1516K(56832K)
[87.681s][info][gc,heap        ] GC(455) ParOldGen: 340213K(341504K)->340213K(341504K)
[87.681s][info][gc,metaspace   ] GC(455) Metaspace: 6302K(6528K)->6302K(6528K) NonClass: 5769K(5888K)->5769K(5888K) Class: 533K(640K)->533K(640K)
[87.681s][info][gc             ] GC(455) Pause Full (Ergonomics) 355M->355M(410M) 200.057ms
[87.681s][info][gc,cpu         ] GC(455) User=0.33s Sys=0.00s Real=0.20s
[87.681s][info][gc,start       ] GC(456) Pause Full (Ergonomics)
[87.681s][info][gc,phases,start] GC(456) Marking Phase
[87.826s][info][gc,phases      ] GC(456) Marking Phase 145.052ms
[87.826s][info][gc,phases,start] GC(456) Summary Phase
[87.826s][info][gc,phases      ] GC(456) Summary Phase 0.023ms
[87.826s][info][gc,phases,start] GC(456) Adjust Roots
[87.826s][info][gc,phases      ] GC(456) Adjust Roots 0.197ms
[87.826s][info][gc,phases,start] GC(456) Compaction Phase
[87.881s][info][gc,phases      ] GC(456) Compaction Phase 54.765ms
[87.881s][info][gc,phases,start] GC(456) Post Compact
[87.883s][info][gc,phases      ] GC(456) Post Compact 1.515ms
[87.883s][info][gc,heap        ] GC(456) PSYoungGen: 23532K(78848K)->23532K(78848K) Eden: 22015K(22016K)->22015K(22016K) From: 1516K(56832K)->1516K(56832K)
[87.883s][info][gc,heap        ] GC(456) ParOldGen: 340217K(341504K)->340217K(341504K)
[87.883s][info][gc,metaspace   ] GC(456) Metaspace: 6302K(6528K)->6302K(6528K) NonClass: 5769K(5888K)->5769K(5888K) Class: 533K(640K)->533K(640K)
[87.883s][info][gc             ] GC(456) Pause Full (Ergonomics) 355M->355M(410M) 201.883ms
[87.883s][info][gc,cpu         ] GC(456) User=0.38s Sys=0.00s Real=0.20s
[87.883s][info][gc,start       ] GC(457) Pause Full (Ergonomics)
[87.883s][info][gc,phases,start] GC(457) Marking Phase
[88.028s][info][gc,phases      ] GC(457) Marking Phase 145.266ms
[88.028s][info][gc,phases,start] GC(457) Summary Phase
[88.028s][info][gc,phases      ] GC(457) Summary Phase 0.023ms
[88.028s][info][gc,phases,start] GC(457) Adjust Roots
[88.029s][info][gc,phases      ] GC(457) Adjust Roots 0.203ms
[88.029s][info][gc,phases,start] GC(457) Compaction Phase
[88.083s][info][gc,phases      ] GC(457) Compaction Phase 54.491ms
[88.083s][info][gc,phases,start] GC(457) Post Compact
[88.085s][info][gc,phases      ] GC(457) Post Compact 1.507ms
[88.085s][info][gc,heap        ] GC(457) PSYoungGen: 23532K(78848K)->23532K(78848K) Eden: 22015K(22016K)->22015K(22016K) From: 1516K(56832K)->1516K(56832K)
[88.085s][info][gc,heap        ] GC(457) ParOldGen: 340222K(341504K)->340222K(341504K)
[88.085s][info][gc,metaspace   ] GC(457) Metaspace: 6302K(6528K)->6302K(6528K) NonClass: 5769K(5888K)->5769K(5888K) Class: 533K(640K)->533K(640K)
[88.085s][info][gc             ] GC(457) Pause Full (Ergonomics) 355M->355M(410M) 201.819ms
[88.085s][info][gc,cpu         ] GC(457) User=0.36s Sys=0.00s Real=0.20s
[88.085s][info][gc,start       ] GC(458) Pause Full (Ergonomics)
[88.085s][info][gc,phases,start] GC(458) Marking Phase
[88.229s][info][gc,phases      ] GC(458) Marking Phase 143.720ms
[88.229s][info][gc,phases,start] GC(458) Summary Phase
[88.229s][info][gc,phases      ] GC(458) Summary Phase 0.022ms
[88.229s][info][gc,phases,start] GC(458) Adjust Roots
[88.229s][info][gc,phases      ] GC(458) Adjust Roots 0.190ms
[88.229s][info][gc,phases,start] GC(458) Compaction Phase
[88.284s][info][gc,phases      ] GC(458) Compaction Phase 54.774ms
[88.284s][info][gc,phases,start] GC(458) Post Compact
[88.285s][info][gc,phases      ] GC(458) Post Compact 1.494ms
[88.286s][info][gc,heap        ] GC(458) PSYoungGen: 23532K(78848K)->23532K(78848K) Eden: 22015K(22016K)->22015K(22016K) From: 1516K(56832K)->1516K(56832K)
[88.286s][info][gc,heap        ] GC(458) ParOldGen: 340227K(341504K)->340227K(341504K)
[88.286s][info][gc,metaspace   ] GC(458) Metaspace: 6302K(6528K)->6302K(6528K) NonClass: 5769K(5888K)->5769K(5888K) Class: 533K(640K)->533K(640K)
[88.286s][info][gc             ] GC(458) Pause Full (Ergonomics) 355M->355M(410M) 200.592ms
[88.286s][info][gc,cpu         ] GC(458) User=0.33s Sys=0.00s Real=0.20s
[88.286s][info][gc,start       ] GC(459) Pause Full (Ergonomics)
[88.286s][info][gc,phases,start] GC(459) Marking Phase
[88.435s][info][gc,phases      ] GC(459) Marking Phase 149.199ms
[88.435s][info][gc,phases,start] GC(459) Summary Phase
[88.435s][info][gc,phases      ] GC(459) Summary Phase 0.022ms
[88.435s][info][gc,phases,start] GC(459) Adjust Roots
[88.435s][info][gc,phases      ] GC(459) Adjust Roots 0.216ms
[88.435s][info][gc,phases,start] GC(459) Compaction Phase
[88.492s][info][gc,phases      ] GC(459) Compaction Phase 56.613ms
[88.492s][info][gc,phases,start] GC(459) Post Compact
[88.494s][info][gc,phases      ] GC(459) Post Compact 1.496ms
[88.494s][info][gc,heap        ] GC(459) PSYoungGen: 23532K(78848K)->23532K(78848K) Eden: 22015K(22016K)->22015K(22016K) From: 1516K(56832K)->1516K(56832K)
[88.494s][info][gc,heap        ] GC(459) ParOldGen: 340231K(341504K)->340231K(341504K)
[88.494s][info][gc,metaspace   ] GC(459) Metaspace: 6302K(6528K)->6302K(6528K) NonClass: 5769K(5888K)->5769K(5888K) Class: 533K(640K)->533K(640K)
[88.494s][info][gc             ] GC(459) Pause Full (Ergonomics) 355M->355M(410M) 207.889ms
[88.494s][info][gc,cpu         ] GC(459) User=0.34s Sys=0.00s Real=0.21s
[88.494s][info][gc,start       ] GC(460) Pause Full (Ergonomics)
[88.494s][info][gc,phases,start] GC(460) Marking Phase
[88.639s][info][gc,phases      ] GC(460) Marking Phase 145.037ms
[88.639s][info][gc,phases,start] GC(460) Summary Phase
[88.639s][info][gc,phases      ] GC(460) Summary Phase 0.023ms
[88.639s][info][gc,phases,start] GC(460) Adjust Roots
[88.639s][info][gc,phases      ] GC(460) Adjust Roots 0.211ms
[88.639s][info][gc,phases,start] GC(460) Compaction Phase
[88.694s][info][gc,phases      ] GC(460) Compaction Phase 54.646ms
[88.694s][info][gc,phases,start] GC(460) Post Compact
[88.696s][info][gc,phases      ] GC(460) Post Compact 1.499ms
[88.696s][info][gc,heap        ] GC(460) PSYoungGen: 23532K(78848K)->23532K(78848K) Eden: 22015K(22016K)->22015K(22016K) From: 1516K(56832K)->1516K(56832K)
[88.696s][info][gc,heap        ] GC(460) ParOldGen: 340236K(341504K)->340236K(341504K)
[88.696s][info][gc,metaspace   ] GC(460) Metaspace: 6302K(6528K)->6302K(6528K) NonClass: 5769K(5888K)->5769K(5888K) Class: 533K(640K)->533K(640K)
[88.696s][info][gc             ] GC(460) Pause Full (Ergonomics) 355M->355M(410M) 201.744ms
[88.696s][info][gc,cpu         ] GC(460) User=0.39s Sys=0.00s Real=0.20s
[88.696s][info][gc,start       ] GC(461) Pause Full (Ergonomics)
[88.696s][info][gc,phases,start] GC(461) Marking Phase
[88.847s][info][gc,phases      ] GC(461) Marking Phase 150.690ms
[88.847s][info][gc,phases,start] GC(461) Summary Phase
[88.847s][info][gc,phases      ] GC(461) Summary Phase 0.022ms
[88.847s][info][gc,phases,start] GC(461) Adjust Roots
[88.847s][info][gc,phases      ] GC(461) Adjust Roots 0.206ms
[88.847s][info][gc,phases,start] GC(461) Compaction Phase
[88.907s][info][gc,phases      ] GC(461) Compaction Phase 60.305ms
[88.907s][info][gc,phases,start] GC(461) Post Compact
[88.909s][info][gc,phases      ] GC(461) Post Compact 1.512ms
[88.909s][info][gc,heap        ] GC(461) PSYoungGen: 23532K(78848K)->23532K(78848K) Eden: 22015K(22016K)->22015K(22016K) From: 1516K(56832K)->1516K(56832K)
[88.909s][info][gc,heap        ] GC(461) ParOldGen: 340241K(341504K)->340241K(341504K)
[88.909s][info][gc,metaspace   ] GC(461) Metaspace: 6302K(6528K)->6302K(6528K) NonClass: 5769K(5888K)->5769K(5888K) Class: 533K(640K)->533K(640K)
[88.909s][info][gc             ] GC(461) Pause Full (Ergonomics) 355M->355M(410M) 213.051ms
[88.909s][info][gc,cpu         ] GC(461) User=0.41s Sys=0.00s Real=0.21s
[88.909s][info][gc,start       ] GC(462) Pause Full (Ergonomics)
[88.909s][info][gc,phases,start] GC(462) Marking Phase
[89.054s][info][gc,phases      ] GC(462) Marking Phase 144.520ms
[89.054s][info][gc,phases,start] GC(462) Summary Phase
[89.054s][info][gc,phases      ] GC(462) Summary Phase 0.022ms
[89.054s][info][gc,phases,start] GC(462) Adjust Roots
[89.054s][info][gc,phases      ] GC(462) Adjust Roots 0.199ms
[89.054s][info][gc,phases,start] GC(462) Compaction Phase
[89.109s][info][gc,phases      ] GC(462) Compaction Phase 54.762ms
[89.109s][info][gc,phases,start] GC(462) Post Compact
[89.111s][info][gc,phases      ] GC(462) Post Compact 1.502ms
[89.111s][info][gc,heap        ] GC(462) PSYoungGen: 23532K(78848K)->23532K(78848K) Eden: 22015K(22016K)->22015K(22016K) From: 1516K(56832K)->1516K(56832K)
[89.111s][info][gc,heap        ] GC(462) ParOldGen: 340245K(341504K)->340245K(341504K)
[89.111s][info][gc,metaspace   ] GC(462) Metaspace: 6302K(6528K)->6302K(6528K) NonClass: 5769K(5888K)->5769K(5888K) Class: 533K(640K)->533K(640K)
[89.111s][info][gc             ] GC(462) Pause Full (Ergonomics) 355M->355M(410M) 201.332ms
[89.111s][info][gc,cpu         ] GC(462) User=0.33s Sys=0.00s Real=0.20s
[89.111s][info][gc,start       ] GC(463) Pause Full (Ergonomics)
[89.111s][info][gc,phases,start] GC(463) Marking Phase
[89.254s][info][gc,phases      ] GC(463) Marking Phase 143.427ms
[89.254s][info][gc,phases,start] GC(463) Summary Phase
[89.254s][info][gc,phases      ] GC(463) Summary Phase 0.022ms
[89.254s][info][gc,phases,start] GC(463) Adjust Roots
[89.255s][info][gc,phases      ] GC(463) Adjust Roots 0.201ms
[89.255s][info][gc,phases,start] GC(463) Compaction Phase
[89.310s][info][gc,phases      ] GC(463) Compaction Phase 54.835ms
[89.310s][info][gc,phases,start] GC(463) Post Compact
[89.311s][info][gc,phases      ] GC(463) Post Compact 1.491ms
[89.311s][info][gc,heap        ] GC(463) PSYoungGen: 23532K(78848K)->23532K(78848K) Eden: 22015K(22016K)->22015K(22016K) From: 1516K(56832K)->1516K(56832K)
[89.311s][info][gc,heap        ] GC(463) ParOldGen: 340250K(341504K)->340250K(341504K)
[89.311s][info][gc,metaspace   ] GC(463) Metaspace: 6302K(6528K)->6302K(6528K) NonClass: 5769K(5888K)->5769K(5888K) Class: 533K(640K)->533K(640K)
[89.311s][info][gc             ] GC(463) Pause Full (Ergonomics) 355M->355M(410M) 200.312ms
[89.311s][info][gc,cpu         ] GC(463) User=0.33s Sys=0.00s Real=0.20s
[89.311s][info][gc,start       ] GC(464) Pause Full (Ergonomics)
[89.312s][info][gc,phases,start] GC(464) Marking Phase
[89.455s][info][gc,phases      ] GC(464) Marking Phase 143.799ms
[89.455s][info][gc,phases,start] GC(464) Summary Phase
[89.455s][info][gc,phases      ] GC(464) Summary Phase 0.023ms
[89.455s][info][gc,phases,start] GC(464) Adjust Roots
[89.456s][info][gc,phases      ] GC(464) Adjust Roots 0.184ms
[89.456s][info][gc,phases,start] GC(464) Compaction Phase
[89.510s][info][gc,phases      ] GC(464) Compaction Phase 54.559ms
[89.510s][info][gc,phases,start] GC(464) Post Compact
[89.512s][info][gc,phases      ] GC(464) Post Compact 1.491ms
[89.512s][info][gc,heap        ] GC(464) PSYoungGen: 23532K(78848K)->23532K(78848K) Eden: 22015K(22016K)->22015K(22016K) From: 1516K(56832K)->1516K(56832K)
[89.512s][info][gc,heap        ] GC(464) ParOldGen: 340255K(341504K)->340255K(341504K)
[89.512s][info][gc,metaspace   ] GC(464) Metaspace: 6302K(6528K)->6302K(6528K) NonClass: 5769K(5888K)->5769K(5888K) Class: 533K(640K)->533K(640K)
[89.512s][info][gc             ] GC(464) Pause Full (Ergonomics) 355M->355M(410M) 200.382ms
[89.512s][info][gc,cpu         ] GC(464) User=0.31s Sys=0.00s Real=0.20s
[89.512s][info][gc,start       ] GC(465) Pause Full (Ergonomics)
[89.512s][info][gc,phases,start] GC(465) Marking Phase
[89.657s][info][gc,phases      ] GC(465) Marking Phase 144.585ms
[89.657s][info][gc,phases,start] GC(465) Summary Phase
[89.657s][info][gc,phases      ] GC(465) Summary Phase 0.023ms
[89.657s][info][gc,phases,start] GC(465) Adjust Roots
[89.657s][info][gc,phases      ] GC(465) Adjust Roots 0.203ms
[89.657s][info][gc,phases,start] GC(465) Compaction Phase
[89.712s][info][gc,phases      ] GC(465) Compaction Phase 54.505ms
[89.712s][info][gc,phases,start] GC(465) Post Compact
[89.713s][info][gc,phases      ] GC(465) Post Compact 1.476ms
[89.713s][info][gc,heap        ] GC(465) PSYoungGen: 23532K(78848K)->23532K(78848K) Eden: 22015K(22016K)->22015K(22016K) From: 1516K(56832K)->1516K(56832K)
[89.713s][info][gc,heap        ] GC(465) ParOldGen: 340259K(341504K)->340259K(341504K)
[89.713s][info][gc,metaspace   ] GC(465) Metaspace: 6302K(6528K)->6302K(6528K) NonClass: 5769K(5888K)->5769K(5888K) Class: 533K(640K)->533K(640K)
[89.713s][info][gc             ] GC(465) Pause Full (Ergonomics) 355M->355M(410M) 201.124ms
[89.713s][info][gc,cpu         ] GC(465) User=0.31s Sys=0.00s Real=0.20s
[89.714s][info][gc,start       ] GC(466) Pause Full (Ergonomics)
[89.714s][info][gc,phases,start] GC(466) Marking Phase
[89.858s][info][gc,phases      ] GC(466) Marking Phase 144.022ms
[89.858s][info][gc,phases,start] GC(466) Summary Phase
[89.858s][info][gc,phases      ] GC(466) Summary Phase 0.022ms
[89.858s][info][gc,phases,start] GC(466) Adjust Roots
[89.858s][info][gc,phases      ] GC(466) Adjust Roots 0.200ms
[89.858s][info][gc,phases,start] GC(466) Compaction Phase
[89.913s][info][gc,phases      ] GC(466) Compaction Phase 54.850ms
[89.913s][info][gc,phases,start] GC(466) Post Compact
[89.914s][info][gc,phases      ] GC(466) Post Compact 1.489ms
[89.914s][info][gc,heap        ] GC(466) PSYoungGen: 23532K(78848K)->23532K(78848K) Eden: 22015K(22016K)->22015K(22016K) From: 1516K(56832K)->1516K(56832K)
[89.914s][info][gc,heap        ] GC(466) ParOldGen: 340264K(341504K)->340264K(341504K)
[89.914s][info][gc,metaspace   ] GC(466) Metaspace: 6302K(6528K)->6302K(6528K) NonClass: 5769K(5888K)->5769K(5888K) Class: 533K(640K)->533K(640K)
[89.914s][info][gc             ] GC(466) Pause Full (Ergonomics) 355M->355M(410M) 200.917ms
[89.915s][info][gc,cpu         ] GC(466) User=0.36s Sys=0.00s Real=0.20s
[89.915s][info][gc,start       ] GC(467) Pause Full (Ergonomics)
[89.915s][info][gc,phases,start] GC(467) Marking Phase
[90.062s][info][gc,phases      ] GC(467) Marking Phase 146.865ms
[90.062s][info][gc,phases,start] GC(467) Summary Phase
[90.062s][info][gc,phases      ] GC(467) Summary Phase 0.023ms
[90.062s][info][gc,phases,start] GC(467) Adjust Roots
[90.062s][info][gc,phases      ] GC(467) Adjust Roots 0.195ms
[90.062s][info][gc,phases,start] GC(467) Compaction Phase
[90.117s][info][gc,phases      ] GC(467) Compaction Phase 54.730ms
[90.117s][info][gc,phases,start] GC(467) Post Compact
[90.118s][info][gc,phases      ] GC(467) Post Compact 1.498ms
[90.118s][info][gc,heap        ] GC(467) PSYoungGen: 23532K(78848K)->23532K(78848K) Eden: 22015K(22016K)->22015K(22016K) From: 1516K(56832K)->1516K(56832K)
[90.118s][info][gc,heap        ] GC(467) ParOldGen: 340269K(341504K)->340269K(341504K)
[90.118s][info][gc,metaspace   ] GC(467) Metaspace: 6302K(6528K)->6302K(6528K) NonClass: 5769K(5888K)->5769K(5888K) Class: 533K(640K)->533K(640K)
[90.118s][info][gc             ] GC(467) Pause Full (Ergonomics) 355M->355M(410M) 203.663ms
[90.118s][info][gc,cpu         ] GC(467) User=0.38s Sys=0.00s Real=0.20s
[90.119s][info][gc,start       ] GC(468) Pause Full (Ergonomics)
[90.119s][info][gc,phases,start] GC(468) Marking Phase
[90.263s][info][gc,phases      ] GC(468) Marking Phase 144.448ms
[90.263s][info][gc,phases,start] GC(468) Summary Phase
[90.263s][info][gc,phases      ] GC(468) Summary Phase 0.022ms
[90.263s][info][gc,phases,start] GC(468) Adjust Roots
[90.263s][info][gc,phases      ] GC(468) Adjust Roots 0.202ms
[90.264s][info][gc,phases,start] GC(468) Compaction Phase
[90.319s][info][gc,phases      ] GC(468) Compaction Phase 54.993ms
[90.319s][info][gc,phases,start] GC(468) Post Compact
[90.320s][info][gc,phases      ] GC(468) Post Compact 1.501ms
[90.320s][info][gc,heap        ] GC(468) PSYoungGen: 23532K(78848K)->23532K(78848K) Eden: 22015K(22016K)->22015K(22016K) From: 1516K(56832K)->1516K(56832K)
[90.320s][info][gc,heap        ] GC(468) ParOldGen: 340273K(341504K)->340273K(341504K)
[90.320s][info][gc,metaspace   ] GC(468) Metaspace: 6302K(6528K)->6302K(6528K) NonClass: 5769K(5888K)->5769K(5888K) Class: 533K(640K)->533K(640K)
[90.320s][info][gc             ] GC(468) Pause Full (Ergonomics) 355M->355M(410M) 201.495ms
[90.320s][info][gc,cpu         ] GC(468) User=0.36s Sys=0.00s Real=0.20s
[90.320s][info][gc,start       ] GC(469) Pause Full (Ergonomics)
[90.320s][info][gc,phases,start] GC(469) Marking Phase
[90.465s][info][gc,phases      ] GC(469) Marking Phase 144.750ms
[90.465s][info][gc,phases,start] GC(469) Summary Phase
[90.465s][info][gc,phases      ] GC(469) Summary Phase 0.023ms
[90.465s][info][gc,phases,start] GC(469) Adjust Roots
[90.466s][info][gc,phases      ] GC(469) Adjust Roots 0.203ms
[90.466s][info][gc,phases,start] GC(469) Compaction Phase
[90.520s][info][gc,phases      ] GC(469) Compaction Phase 54.733ms
[90.520s][info][gc,phases,start] GC(469) Post Compact
[90.522s][info][gc,phases      ] GC(469) Post Compact 1.474ms
[90.522s][info][gc,heap        ] GC(469) PSYoungGen: 23532K(78848K)->23532K(78848K) Eden: 22015K(22016K)->22015K(22016K) From: 1516K(56832K)->1516K(56832K)
[90.522s][info][gc,heap        ] GC(469) ParOldGen: 340278K(341504K)->340278K(341504K)
[90.522s][info][gc,metaspace   ] GC(469) Metaspace: 6302K(6528K)->6302K(6528K) NonClass: 5769K(5888K)->5769K(5888K) Class: 533K(640K)->533K(640K)
[90.522s][info][gc             ] GC(469) Pause Full (Ergonomics) 355M->355M(410M) 201.504ms
[90.522s][info][gc,cpu         ] GC(469) User=0.38s Sys=0.00s Real=0.20s
[90.522s][info][gc,start       ] GC(470) Pause Full (Ergonomics)
[90.522s][info][gc,phases,start] GC(470) Marking Phase
[90.666s][info][gc,phases      ] GC(470) Marking Phase 143.650ms
[90.666s][info][gc,phases,start] GC(470) Summary Phase
[90.666s][info][gc,phases      ] GC(470) Summary Phase 0.024ms
[90.666s][info][gc,phases,start] GC(470) Adjust Roots
[90.666s][info][gc,phases      ] GC(470) Adjust Roots 0.186ms
[90.666s][info][gc,phases,start] GC(470) Compaction Phase
[90.722s][info][gc,phases      ] GC(470) Compaction Phase 55.751ms
[90.722s][info][gc,phases,start] GC(470) Post Compact
[90.724s][info][gc,phases      ] GC(470) Post Compact 1.479ms
[90.724s][info][gc,heap        ] GC(470) PSYoungGen: 23532K(78848K)->23532K(78848K) Eden: 22015K(22016K)->22015K(22016K) From: 1516K(56832K)->1516K(56832K)
[90.724s][info][gc,heap        ] GC(470) ParOldGen: 340283K(341504K)->340283K(341504K)
[90.724s][info][gc,metaspace   ] GC(470) Metaspace: 6302K(6528K)->6302K(6528K) NonClass: 5769K(5888K)->5769K(5888K) Class: 533K(640K)->533K(640K)
[90.724s][info][gc             ] GC(470) Pause Full (Ergonomics) 355M->355M(410M) 201.459ms
[90.724s][info][gc,cpu         ] GC(470) User=0.33s Sys=0.00s Real=0.20s
[90.724s][info][gc,start       ] GC(471) Pause Full (Ergonomics)
[90.724s][info][gc,phases,start] GC(471) Marking Phase
[90.868s][info][gc,phases      ] GC(471) Marking Phase 143.688ms
[90.868s][info][gc,phases,start] GC(471) Summary Phase
[90.868s][info][gc,phases      ] GC(471) Summary Phase 0.022ms
[90.868s][info][gc,phases,start] GC(471) Adjust Roots
[90.868s][info][gc,phases      ] GC(471) Adjust Roots 0.203ms
[90.868s][info][gc,phases,start] GC(471) Compaction Phase
[90.925s][info][gc,phases      ] GC(471) Compaction Phase 56.663ms
[90.925s][info][gc,phases,start] GC(471) Post Compact
[90.926s][info][gc,phases      ] GC(471) Post Compact 1.490ms
[90.926s][info][gc,heap        ] GC(471) PSYoungGen: 23532K(78848K)->23532K(78848K) Eden: 22015K(22016K)->22015K(22016K) From: 1516K(56832K)->1516K(56832K)
[90.926s][info][gc,heap        ] GC(471) ParOldGen: 340287K(341504K)->340287K(341504K)
[90.926s][info][gc,metaspace   ] GC(471) Metaspace: 6302K(6528K)->6302K(6528K) NonClass: 5769K(5888K)->5769K(5888K) Class: 533K(640K)->533K(640K)
[90.926s][info][gc             ] GC(471) Pause Full (Ergonomics) 355M->355M(410M) 202.405ms
[90.926s][info][gc,cpu         ] GC(471) User=0.33s Sys=0.00s Real=0.20s
[90.927s][info][gc,start       ] GC(472) Pause Full (Ergonomics)
[90.927s][info][gc,phases,start] GC(472) Marking Phase
[91.070s][info][gc,phases      ] GC(472) Marking Phase 143.580ms
[91.070s][info][gc,phases,start] GC(472) Summary Phase
[91.070s][info][gc,phases      ] GC(472) Summary Phase 0.023ms
[91.070s][info][gc,phases,start] GC(472) Adjust Roots
[91.071s][info][gc,phases      ] GC(472) Adjust Roots 0.204ms
[91.071s][info][gc,phases,start] GC(472) Compaction Phase
[91.126s][info][gc,phases      ] GC(472) Compaction Phase 55.155ms
[91.126s][info][gc,phases,start] GC(472) Post Compact
[91.127s][info][gc,phases      ] GC(472) Post Compact 1.498ms
[91.127s][info][gc,heap        ] GC(472) PSYoungGen: 23532K(78848K)->23532K(78848K) Eden: 22015K(22016K)->22015K(22016K) From: 1516K(56832K)->1516K(56832K)
[91.127s][info][gc,heap        ] GC(472) ParOldGen: 340292K(341504K)->340292K(341504K)
[91.127s][info][gc,metaspace   ] GC(472) Metaspace: 6302K(6528K)->6302K(6528K) NonClass: 5769K(5888K)->5769K(5888K) Class: 533K(640K)->533K(640K)
[91.127s][info][gc             ] GC(472) Pause Full (Ergonomics) 355M->355M(410M) 200.785ms
[91.127s][info][gc,cpu         ] GC(472) User=0.33s Sys=0.00s Real=0.20s
[91.128s][info][gc,start       ] GC(473) Pause Full (Ergonomics)
[91.128s][info][gc,phases,start] GC(473) Marking Phase
[91.272s][info][gc,phases      ] GC(473) Marking Phase 144.574ms
[91.272s][info][gc,phases,start] GC(473) Summary Phase
[91.272s][info][gc,phases      ] GC(473) Summary Phase 0.022ms
[91.272s][info][gc,phases,start] GC(473) Adjust Roots
[91.273s][info][gc,phases      ] GC(473) Adjust Roots 0.187ms
[91.273s][info][gc,phases,start] GC(473) Compaction Phase
[91.327s][info][gc,phases      ] GC(473) Compaction Phase 54.680ms
[91.327s][info][gc,phases,start] GC(473) Post Compact
[91.329s][info][gc,phases      ] GC(473) Post Compact 1.482ms
[91.329s][info][gc,heap        ] GC(473) PSYoungGen: 23532K(78848K)->23532K(78848K) Eden: 22015K(22016K)->22015K(22016K) From: 1516K(56832K)->1516K(56832K)
[91.329s][info][gc,heap        ] GC(473) ParOldGen: 340297K(341504K)->340297K(341504K)
[91.329s][info][gc,metaspace   ] GC(473) Metaspace: 6302K(6528K)->6302K(6528K) NonClass: 5769K(5888K)->5769K(5888K) Class: 533K(640K)->533K(640K)
[91.329s][info][gc             ] GC(473) Pause Full (Ergonomics) 355M->355M(410M) 201.280ms
[91.329s][info][gc,cpu         ] GC(473) User=0.36s Sys=0.00s Real=0.20s
[91.329s][info][gc,start       ] GC(474) Pause Full (Ergonomics)
[91.329s][info][gc,phases,start] GC(474) Marking Phase
[91.473s][info][gc,phases      ] GC(474) Marking Phase 143.519ms
[91.473s][info][gc,phases,start] GC(474) Summary Phase
[91.473s][info][gc,phases      ] GC(474) Summary Phase 0.022ms
[91.473s][info][gc,phases,start] GC(474) Adjust Roots
[91.473s][info][gc,phases      ] GC(474) Adjust Roots 0.202ms
[91.473s][info][gc,phases,start] GC(474) Compaction Phase
[91.528s][info][gc,phases      ] GC(474) Compaction Phase 55.091ms
[91.528s][info][gc,phases,start] GC(474) Post Compact
[91.530s][info][gc,phases      ] GC(474) Post Compact 1.509ms
[91.530s][info][gc,heap        ] GC(474) PSYoungGen: 23532K(78848K)->23532K(78848K) Eden: 22015K(22016K)->22015K(22016K) From: 1516K(56832K)->1516K(56832K)
[91.530s][info][gc,heap        ] GC(474) ParOldGen: 340301K(341504K)->340301K(341504K)
[91.530s][info][gc,metaspace   ] GC(474) Metaspace: 6302K(6528K)->6302K(6528K) NonClass: 5769K(5888K)->5769K(5888K) Class: 533K(640K)->533K(640K)
[91.530s][info][gc             ] GC(474) Pause Full (Ergonomics) 355M->355M(410M) 200.711ms
[91.530s][info][gc,cpu         ] GC(474) User=0.33s Sys=0.00s Real=0.20s
[91.530s][info][gc,start       ] GC(475) Pause Full (Ergonomics)
[91.530s][info][gc,phases,start] GC(475) Marking Phase
[91.674s][info][gc,phases      ] GC(475) Marking Phase 144.020ms
[91.674s][info][gc,phases,start] GC(475) Summary Phase
[91.674s][info][gc,phases      ] GC(475) Summary Phase 0.023ms
[91.674s][info][gc,phases,start] GC(475) Adjust Roots
[91.675s][info][gc,phases      ] GC(475) Adjust Roots 0.199ms
[91.675s][info][gc,phases,start] GC(475) Compaction Phase
[91.729s][info][gc,phases      ] GC(475) Compaction Phase 54.380ms
[91.729s][info][gc,phases,start] GC(475) Post Compact
[91.731s][info][gc,phases      ] GC(475) Post Compact 1.491ms
[91.731s][info][gc,heap        ] GC(475) PSYoungGen: 23532K(78848K)->23532K(78848K) Eden: 22015K(22016K)->22015K(22016K) From: 1516K(56832K)->1516K(56832K)
[91.731s][info][gc,heap        ] GC(475) ParOldGen: 340306K(341504K)->340306K(341504K)
[91.731s][info][gc,metaspace   ] GC(475) Metaspace: 6302K(6528K)->6302K(6528K) NonClass: 5769K(5888K)->5769K(5888K) Class: 533K(640K)->533K(640K)
[91.731s][info][gc             ] GC(475) Pause Full (Ergonomics) 355M->355M(410M) 200.432ms
[91.731s][info][gc,cpu         ] GC(475) User=0.33s Sys=0.00s Real=0.20s
[91.731s][info][gc,start       ] GC(476) Pause Full (Ergonomics)
[91.731s][info][gc,phases,start] GC(476) Marking Phase
[91.876s][info][gc,phases      ] GC(476) Marking Phase 145.272ms
[91.876s][info][gc,phases,start] GC(476) Summary Phase
[91.876s][info][gc,phases      ] GC(476) Summary Phase 0.018ms
[91.876s][info][gc,phases,start] GC(476) Adjust Roots
[91.877s][info][gc,phases      ] GC(476) Adjust Roots 0.236ms
[91.877s][info][gc,phases,start] GC(476) Compaction Phase
[91.941s][info][gc,phases      ] GC(476) Compaction Phase 64.521ms
[91.941s][info][gc,phases,start] GC(476) Post Compact
[91.943s][info][gc,phases      ] GC(476) Post Compact 1.702ms
[91.943s][info][gc,heap        ] GC(476) PSYoungGen: 23532K(78848K)->23532K(78848K) Eden: 22015K(22016K)->22015K(22016K) From: 1516K(56832K)->1516K(56832K)
[91.943s][info][gc,heap        ] GC(476) ParOldGen: 340311K(341504K)->340311K(341504K)
[91.943s][info][gc,metaspace   ] GC(476) Metaspace: 6302K(6528K)->6302K(6528K) NonClass: 5769K(5888K)->5769K(5888K) Class: 533K(640K)->533K(640K)
[91.943s][info][gc             ] GC(476) Pause Full (Ergonomics) 355M->355M(410M) 212.083ms
[91.943s][info][gc,cpu         ] GC(476) User=0.39s Sys=0.00s Real=0.21s
[91.943s][info][gc,start       ] GC(477) Pause Full (Ergonomics)
[91.943s][info][gc,phases,start] GC(477) Marking Phase
[92.094s][info][gc,phases      ] GC(477) Marking Phase 150.471ms
[92.094s][info][gc,phases,start] GC(477) Summary Phase
[92.094s][info][gc,phases      ] GC(477) Summary Phase 0.029ms
[92.094s][info][gc,phases,start] GC(477) Adjust Roots
[92.094s][info][gc,phases      ] GC(477) Adjust Roots 0.210ms
[92.094s][info][gc,phases,start] GC(477) Compaction Phase
[92.156s][info][gc,phases      ] GC(477) Compaction Phase 61.704ms
[92.156s][info][gc,phases,start] GC(477) Post Compact
[92.157s][info][gc,phases      ] GC(477) Post Compact 1.478ms
[92.157s][info][gc,heap        ] GC(477) PSYoungGen: 23532K(78848K)->23532K(78848K) Eden: 22015K(22016K)->22015K(22016K) From: 1516K(56832K)->1516K(56832K)
[92.157s][info][gc,heap        ] GC(477) ParOldGen: 340315K(341504K)->340315K(341504K)
[92.157s][info][gc,metaspace   ] GC(477) Metaspace: 6302K(6528K)->6302K(6528K) NonClass: 5769K(5888K)->5769K(5888K) Class: 533K(640K)->533K(640K)
[92.157s][info][gc             ] GC(477) Pause Full (Ergonomics) 355M->355M(410M) 214.221ms
[92.157s][info][gc,cpu         ] GC(477) User=0.38s Sys=0.00s Real=0.21s
[92.158s][info][gc,start       ] GC(478) Pause Full (Ergonomics)
[92.158s][info][gc,phases,start] GC(478) Marking Phase
[92.303s][info][gc,phases      ] GC(478) Marking Phase 144.988ms
[92.303s][info][gc,phases,start] GC(478) Summary Phase
[92.303s][info][gc,phases      ] GC(478) Summary Phase 0.023ms
[92.303s][info][gc,phases,start] GC(478) Adjust Roots
[92.303s][info][gc,phases      ] GC(478) Adjust Roots 0.204ms
[92.303s][info][gc,phases,start] GC(478) Compaction Phase
[92.358s][info][gc,phases      ] GC(478) Compaction Phase 54.838ms
[92.358s][info][gc,phases,start] GC(478) Post Compact
[92.360s][info][gc,phases      ] GC(478) Post Compact 1.598ms
[92.360s][info][gc,heap        ] GC(478) PSYoungGen: 23532K(78848K)->23532K(78848K) Eden: 22015K(22016K)->22015K(22016K) From: 1516K(56832K)->1516K(56832K)
[92.360s][info][gc,heap        ] GC(478) ParOldGen: 340320K(341504K)->340320K(341504K)
[92.360s][info][gc,metaspace   ] GC(478) Metaspace: 6302K(6528K)->6302K(6528K) NonClass: 5769K(5888K)->5769K(5888K) Class: 533K(640K)->533K(640K)
[92.360s][info][gc             ] GC(478) Pause Full (Ergonomics) 355M->355M(410M) 202.013ms
[92.360s][info][gc,cpu         ] GC(478) User=0.36s Sys=0.00s Real=0.20s
[92.360s][info][gc,start       ] GC(479) Pause Full (Ergonomics)
[92.360s][info][gc,phases,start] GC(479) Marking Phase
[92.505s][info][gc,phases      ] GC(479) Marking Phase 144.783ms
[92.505s][info][gc,phases,start] GC(479) Summary Phase
[92.505s][info][gc,phases      ] GC(479) Summary Phase 0.023ms
[92.505s][info][gc,phases,start] GC(479) Adjust Roots
[92.505s][info][gc,phases      ] GC(479) Adjust Roots 0.185ms
[92.505s][info][gc,phases,start] GC(479) Compaction Phase
[92.560s][info][gc,phases      ] GC(479) Compaction Phase 54.640ms
[92.560s][info][gc,phases,start] GC(479) Post Compact
[92.561s][info][gc,phases      ] GC(479) Post Compact 1.512ms
[92.562s][info][gc,heap        ] GC(479) PSYoungGen: 23532K(78848K)->23532K(78848K) Eden: 22015K(22016K)->22015K(22016K) From: 1516K(56832K)->1516K(56832K)
[92.562s][info][gc,heap        ] GC(479) ParOldGen: 340325K(341504K)->340325K(341504K)
[92.562s][info][gc,metaspace   ] GC(479) Metaspace: 6302K(6528K)->6302K(6528K) NonClass: 5769K(5888K)->5769K(5888K) Class: 533K(640K)->533K(640K)
[92.562s][info][gc             ] GC(479) Pause Full (Ergonomics) 355M->355M(410M) 201.501ms
[92.562s][info][gc,cpu         ] GC(479) User=0.36s Sys=0.00s Real=0.20s
[92.562s][info][gc,start       ] GC(480) Pause Full (Ergonomics)
[92.562s][info][gc,phases,start] GC(480) Marking Phase
[92.710s][info][gc,phases      ] GC(480) Marking Phase 147.895ms
[92.710s][info][gc,phases,start] GC(480) Summary Phase
[92.710s][info][gc,phases      ] GC(480) Summary Phase 0.018ms
[92.710s][info][gc,phases,start] GC(480) Adjust Roots
[92.710s][info][gc,phases      ] GC(480) Adjust Roots 0.229ms
[92.710s][info][gc,phases,start] GC(480) Compaction Phase
[92.765s][info][gc,phases      ] GC(480) Compaction Phase 55.145ms
[92.765s][info][gc,phases,start] GC(480) Post Compact
[92.767s][info][gc,phases      ] GC(480) Post Compact 1.483ms
[92.767s][info][gc,heap        ] GC(480) PSYoungGen: 23532K(78848K)->23532K(78848K) Eden: 22015K(22016K)->22015K(22016K) From: 1516K(56832K)->1516K(56832K)
[92.767s][info][gc,heap        ] GC(480) ParOldGen: 340329K(341504K)->340329K(341504K)
[92.767s][info][gc,metaspace   ] GC(480) Metaspace: 6302K(6528K)->6302K(6528K) NonClass: 5769K(5888K)->5769K(5888K) Class: 533K(640K)->533K(640K)
[92.767s][info][gc             ] GC(480) Pause Full (Ergonomics) 355M->355M(410M) 205.113ms
[92.767s][info][gc,cpu         ] GC(480) User=0.36s Sys=0.00s Real=0.20s
[92.767s][info][gc,start       ] GC(481) Pause Full (Ergonomics)
[92.767s][info][gc,phases,start] GC(481) Marking Phase
[92.912s][info][gc,phases      ] GC(481) Marking Phase 144.386ms
[92.912s][info][gc,phases,start] GC(481) Summary Phase
[92.912s][info][gc,phases      ] GC(481) Summary Phase 0.023ms
[92.912s][info][gc,phases,start] GC(481) Adjust Roots
[92.912s][info][gc,phases      ] GC(481) Adjust Roots 0.203ms
[92.912s][info][gc,phases,start] GC(481) Compaction Phase
[92.967s][info][gc,phases      ] GC(481) Compaction Phase 54.757ms
[92.967s][info][gc,phases,start] GC(481) Post Compact
[92.968s][info][gc,phases      ] GC(481) Post Compact 1.491ms
[92.968s][info][gc,heap        ] GC(481) PSYoungGen: 23532K(78848K)->23532K(78848K) Eden: 22015K(22016K)->22015K(22016K) From: 1516K(56832K)->1516K(56832K)
[92.968s][info][gc,heap        ] GC(481) ParOldGen: 340334K(341504K)->340334K(341504K)
[92.968s][info][gc,metaspace   ] GC(481) Metaspace: 6302K(6528K)->6302K(6528K) NonClass: 5769K(5888K)->5769K(5888K) Class: 533K(640K)->533K(640K)
[92.968s][info][gc             ] GC(481) Pause Full (Ergonomics) 355M->355M(410M) 201.199ms
[92.968s][info][gc,cpu         ] GC(481) User=0.33s Sys=0.00s Real=0.20s
[92.969s][info][gc,start       ] GC(482) Pause Full (Ergonomics)
[92.969s][info][gc,phases,start] GC(482) Marking Phase
[93.112s][info][gc,phases      ] GC(482) Marking Phase 143.665ms
[93.113s][info][gc,phases,start] GC(482) Summary Phase
[93.113s][info][gc,phases      ] GC(482) Summary Phase 0.018ms
[93.113s][info][gc,phases,start] GC(482) Adjust Roots
[93.113s][info][gc,phases      ] GC(482) Adjust Roots 0.191ms
[93.113s][info][gc,phases,start] GC(482) Compaction Phase
[93.170s][info][gc,phases      ] GC(482) Compaction Phase 56.938ms
[93.170s][info][gc,phases,start] GC(482) Post Compact
[93.171s][info][gc,phases      ] GC(482) Post Compact 1.503ms
[93.171s][info][gc,heap        ] GC(482) PSYoungGen: 23532K(78848K)->23532K(78848K) Eden: 22015K(22016K)->22015K(22016K) From: 1516K(56832K)->1516K(56832K)
[93.171s][info][gc,heap        ] GC(482) ParOldGen: 340339K(341504K)->340339K(341504K)
[93.171s][info][gc,metaspace   ] GC(482) Metaspace: 6302K(6528K)->6302K(6528K) NonClass: 5769K(5888K)->5769K(5888K) Class: 533K(640K)->533K(640K)
[93.171s][info][gc             ] GC(482) Pause Full (Ergonomics) 355M->355M(410M) 202.688ms
[93.171s][info][gc,cpu         ] GC(482) User=0.33s Sys=0.00s Real=0.20s
[93.172s][info][gc,start       ] GC(483) Pause Full (Ergonomics)
[93.172s][info][gc,phases,start] GC(483) Marking Phase
[93.317s][info][gc,phases      ] GC(483) Marking Phase 145.537ms
[93.317s][info][gc,phases,start] GC(483) Summary Phase
[93.317s][info][gc,phases      ] GC(483) Summary Phase 0.023ms
[93.317s][info][gc,phases,start] GC(483) Adjust Roots
[93.318s][info][gc,phases      ] GC(483) Adjust Roots 0.205ms
[93.318s][info][gc,phases,start] GC(483) Compaction Phase
[93.372s][info][gc,phases      ] GC(483) Compaction Phase 54.757ms
[93.372s][info][gc,phases,start] GC(483) Post Compact
[93.374s][info][gc,phases      ] GC(483) Post Compact 1.470ms
[93.374s][info][gc,heap        ] GC(483) PSYoungGen: 23532K(78848K)->23532K(78848K) Eden: 22015K(22016K)->22015K(22016K) From: 1516K(56832K)->1516K(56832K)
[93.374s][info][gc,heap        ] GC(483) ParOldGen: 340343K(341504K)->340343K(341504K)
[93.374s][info][gc,metaspace   ] GC(483) Metaspace: 6302K(6528K)->6302K(6528K) NonClass: 5769K(5888K)->5769K(5888K) Class: 533K(640K)->533K(640K)
[93.374s][info][gc             ] GC(483) Pause Full (Ergonomics) 355M->355M(410M) 202.335ms
[93.374s][info][gc,cpu         ] GC(483) User=0.36s Sys=0.00s Real=0.20s
[93.374s][info][gc,start       ] GC(484) Pause Full (Ergonomics)
[93.374s][info][gc,phases,start] GC(484) Marking Phase
[93.518s][info][gc,phases      ] GC(484) Marking Phase 143.749ms
[93.518s][info][gc,phases,start] GC(484) Summary Phase
[93.518s][info][gc,phases      ] GC(484) Summary Phase 0.034ms
[93.518s][info][gc,phases,start] GC(484) Adjust Roots
[93.518s][info][gc,phases      ] GC(484) Adjust Roots 0.210ms
[93.518s][info][gc,phases,start] GC(484) Compaction Phase
[93.573s][info][gc,phases      ] GC(484) Compaction Phase 54.381ms
[93.573s][info][gc,phases,start] GC(484) Post Compact
[93.574s][info][gc,phases      ] GC(484) Post Compact 1.474ms
[93.574s][info][gc,heap        ] GC(484) PSYoungGen: 23532K(78848K)->23532K(78848K) Eden: 22015K(22016K)->22015K(22016K) From: 1516K(56832K)->1516K(56832K)
[93.574s][info][gc,heap        ] GC(484) ParOldGen: 340348K(341504K)->340348K(341504K)
[93.574s][info][gc,metaspace   ] GC(484) Metaspace: 6302K(6528K)->6302K(6528K) NonClass: 5769K(5888K)->5769K(5888K) Class: 533K(640K)->533K(640K)
[93.574s][info][gc             ] GC(484) Pause Full (Ergonomics) 355M->355M(410M) 200.186ms
[93.575s][info][gc,cpu         ] GC(484) User=0.33s Sys=0.00s Real=0.20s
[93.575s][info][gc,start       ] GC(485) Pause Full (Ergonomics)
[93.575s][info][gc,phases,start] GC(485) Marking Phase
[93.720s][info][gc,phases      ] GC(485) Marking Phase 144.850ms
[93.720s][info][gc,phases,start] GC(485) Summary Phase
[93.720s][info][gc,phases      ] GC(485) Summary Phase 0.023ms
[93.720s][info][gc,phases,start] GC(485) Adjust Roots
[93.720s][info][gc,phases      ] GC(485) Adjust Roots 0.185ms
[93.720s][info][gc,phases,start] GC(485) Compaction Phase
[93.775s][info][gc,phases      ] GC(485) Compaction Phase 55.153ms
[93.775s][info][gc,phases,start] GC(485) Post Compact
[93.777s][info][gc,phases      ] GC(485) Post Compact 1.480ms
[93.777s][info][gc,heap        ] GC(485) PSYoungGen: 23532K(78848K)->23532K(78848K) Eden: 22015K(22016K)->22015K(22016K) From: 1516K(56832K)->1516K(56832K)
[93.777s][info][gc,heap        ] GC(485) ParOldGen: 340353K(341504K)->340353K(341504K)
[93.777s][info][gc,metaspace   ] GC(485) Metaspace: 6302K(6528K)->6302K(6528K) NonClass: 5769K(5888K)->5769K(5888K) Class: 533K(640K)->533K(640K)
[93.777s][info][gc             ] GC(485) Pause Full (Ergonomics) 355M->355M(410M) 202.048ms
[93.777s][info][gc,cpu         ] GC(485) User=0.34s Sys=0.00s Real=0.20s
[93.777s][info][gc,start       ] GC(486) Pause Full (Ergonomics)
[93.777s][info][gc,phases,start] GC(486) Marking Phase
[93.921s][info][gc,phases      ] GC(486) Marking Phase 144.343ms
[93.922s][info][gc,phases,start] GC(486) Summary Phase
[93.922s][info][gc,phases      ] GC(486) Summary Phase 0.030ms
[93.922s][info][gc,phases,start] GC(486) Adjust Roots
[93.922s][info][gc,phases      ] GC(486) Adjust Roots 0.205ms
[93.922s][info][gc,phases,start] GC(486) Compaction Phase
[93.977s][info][gc,phases      ] GC(486) Compaction Phase 54.703ms
[93.977s][info][gc,phases,start] GC(486) Post Compact
[93.978s][info][gc,phases      ] GC(486) Post Compact 1.696ms
[93.978s][info][gc,heap        ] GC(486) PSYoungGen: 23532K(78848K)->23532K(78848K) Eden: 22015K(22016K)->22015K(22016K) From: 1516K(56832K)->1516K(56832K)
[93.978s][info][gc,heap        ] GC(486) ParOldGen: 340357K(341504K)->340357K(341504K)
[93.978s][info][gc,metaspace   ] GC(486) Metaspace: 6302K(6528K)->6302K(6528K) NonClass: 5769K(5888K)->5769K(5888K) Class: 533K(640K)->533K(640K)
[93.978s][info][gc             ] GC(486) Pause Full (Ergonomics) 355M->355M(410M) 201.311ms
[93.978s][info][gc,cpu         ] GC(486) User=0.36s Sys=0.00s Real=0.20s
[93.979s][info][gc,start       ] GC(487) Pause Full (Ergonomics)
[93.979s][info][gc,phases,start] GC(487) Marking Phase
[94.123s][info][gc,phases      ] GC(487) Marking Phase 144.460ms
[94.123s][info][gc,phases,start] GC(487) Summary Phase
[94.123s][info][gc,phases      ] GC(487) Summary Phase 0.030ms
[94.123s][info][gc,phases,start] GC(487) Adjust Roots
[94.123s][info][gc,phases      ] GC(487) Adjust Roots 0.203ms
[94.123s][info][gc,phases,start] GC(487) Compaction Phase
[94.178s][info][gc,phases      ] GC(487) Compaction Phase 54.763ms
[94.178s][info][gc,phases,start] GC(487) Post Compact
[94.180s][info][gc,phases      ] GC(487) Post Compact 1.519ms
[94.180s][info][gc,heap        ] GC(487) PSYoungGen: 23532K(78848K)->23532K(78848K) Eden: 22015K(22016K)->22015K(22016K) From: 1516K(56832K)->1516K(56832K)
[94.180s][info][gc,heap        ] GC(487) ParOldGen: 340362K(341504K)->340362K(341504K)
[94.180s][info][gc,metaspace   ] GC(487) Metaspace: 6302K(6528K)->6302K(6528K) NonClass: 5769K(5888K)->5769K(5888K) Class: 533K(640K)->533K(640K)
[94.180s][info][gc             ] GC(487) Pause Full (Ergonomics) 355M->355M(410M) 201.344ms
[94.180s][info][gc,cpu         ] GC(487) User=0.34s Sys=0.00s Real=0.20s
[94.180s][info][gc,start       ] GC(488) Pause Full (Ergonomics)
[94.180s][info][gc,phases,start] GC(488) Marking Phase
[94.330s][info][gc,phases      ] GC(488) Marking Phase 150.194ms
[94.331s][info][gc,phases,start] GC(488) Summary Phase
[94.331s][info][gc,phases      ] GC(488) Summary Phase 0.022ms
[94.331s][info][gc,phases,start] GC(488) Adjust Roots
[94.331s][info][gc,phases      ] GC(488) Adjust Roots 0.184ms
[94.331s][info][gc,phases,start] GC(488) Compaction Phase
[94.392s][info][gc,phases      ] GC(488) Compaction Phase 61.377ms
[94.392s][info][gc,phases,start] GC(488) Post Compact
[94.394s][info][gc,phases      ] GC(488) Post Compact 1.485ms
[94.394s][info][gc,heap        ] GC(488) PSYoungGen: 23532K(78848K)->23532K(78848K) Eden: 22015K(22016K)->22015K(22016K) From: 1516K(56832K)->1516K(56832K)
[94.394s][info][gc,heap        ] GC(488) ParOldGen: 340367K(341504K)->340367K(341504K)
[94.394s][info][gc,metaspace   ] GC(488) Metaspace: 6302K(6528K)->6302K(6528K) NonClass: 5769K(5888K)->5769K(5888K) Class: 533K(640K)->533K(640K)
[94.394s][info][gc             ] GC(488) Pause Full (Ergonomics) 355M->355M(410M) 213.579ms
[94.394s][info][gc,cpu         ] GC(488) User=0.41s Sys=0.00s Real=0.21s
[94.394s][info][gc,start       ] GC(489) Pause Full (Ergonomics)
[94.394s][info][gc,phases,start] GC(489) Marking Phase
[94.538s][info][gc,phases      ] GC(489) Marking Phase 143.484ms
[94.538s][info][gc,phases,start] GC(489) Summary Phase
[94.538s][info][gc,phases      ] GC(489) Summary Phase 0.022ms
[94.538s][info][gc,phases,start] GC(489) Adjust Roots
[94.538s][info][gc,phases      ] GC(489) Adjust Roots 0.205ms
[94.538s][info][gc,phases,start] GC(489) Compaction Phase
[94.593s][info][gc,phases      ] GC(489) Compaction Phase 54.753ms
[94.593s][info][gc,phases,start] GC(489) Post Compact
[94.594s][info][gc,phases      ] GC(489) Post Compact 1.520ms
[94.594s][info][gc,heap        ] GC(489) PSYoungGen: 23532K(78848K)->23532K(78848K) Eden: 22015K(22016K)->22015K(22016K) From: 1516K(56832K)->1516K(56832K)
[94.594s][info][gc,heap        ] GC(489) ParOldGen: 340371K(341504K)->340371K(341504K)
[94.594s][info][gc,metaspace   ] GC(489) Metaspace: 6302K(6528K)->6302K(6528K) NonClass: 5769K(5888K)->5769K(5888K) Class: 533K(640K)->533K(640K)
[94.594s][info][gc             ] GC(489) Pause Full (Ergonomics) 355M->355M(410M) 200.316ms
[94.594s][info][gc,cpu         ] GC(489) User=0.33s Sys=0.00s Real=0.20s
[94.595s][info][gc,start       ] GC(490) Pause Full (Ergonomics)
[94.595s][info][gc,phases,start] GC(490) Marking Phase
[94.740s][info][gc,phases      ] GC(490) Marking Phase 144.870ms
[94.740s][info][gc,phases,start] GC(490) Summary Phase
[94.740s][info][gc,phases      ] GC(490) Summary Phase 0.022ms
[94.740s][info][gc,phases,start] GC(490) Adjust Roots
[94.740s][info][gc,phases      ] GC(490) Adjust Roots 0.210ms
[94.740s][info][gc,phases,start] GC(490) Compaction Phase
[94.795s][info][gc,phases      ] GC(490) Compaction Phase 54.548ms
[94.795s][info][gc,phases,start] GC(490) Post Compact
[94.796s][info][gc,phases      ] GC(490) Post Compact 1.484ms
[94.796s][info][gc,heap        ] GC(490) PSYoungGen: 23532K(78848K)->23532K(78848K) Eden: 22015K(22016K)->22015K(22016K) From: 1516K(56832K)->1516K(56832K)
[94.796s][info][gc,heap        ] GC(490) ParOldGen: 340376K(341504K)->340376K(341504K)
[94.796s][info][gc,metaspace   ] GC(490) Metaspace: 6302K(6528K)->6302K(6528K) NonClass: 5769K(5888K)->5769K(5888K) Class: 533K(640K)->533K(640K)
[94.796s][info][gc             ] GC(490) Pause Full (Ergonomics) 355M->355M(410M) 201.471ms
[94.796s][info][gc,cpu         ] GC(490) User=0.36s Sys=0.00s Real=0.20s
[94.796s][info][gc,start       ] GC(491) Pause Full (Ergonomics)
[94.796s][info][gc,phases,start] GC(491) Marking Phase
[94.940s][info][gc,phases      ] GC(491) Marking Phase 143.602ms
[94.940s][info][gc,phases,start] GC(491) Summary Phase
[94.940s][info][gc,phases      ] GC(491) Summary Phase 0.023ms
[94.940s][info][gc,phases,start] GC(491) Adjust Roots
[94.940s][info][gc,phases      ] GC(491) Adjust Roots 0.184ms
[94.940s][info][gc,phases,start] GC(491) Compaction Phase
[94.995s][info][gc,phases      ] GC(491) Compaction Phase 54.973ms
[94.995s][info][gc,phases,start] GC(491) Post Compact
[94.997s][info][gc,phases      ] GC(491) Post Compact 1.478ms
[94.997s][info][gc,heap        ] GC(491) PSYoungGen: 23532K(78848K)->23532K(78848K) Eden: 22015K(22016K)->22015K(22016K) From: 1516K(56832K)->1516K(56832K)
[94.997s][info][gc,heap        ] GC(491) ParOldGen: 340381K(341504K)->340381K(341504K)
[94.997s][info][gc,metaspace   ] GC(491) Metaspace: 6302K(6528K)->6302K(6528K) NonClass: 5769K(5888K)->5769K(5888K) Class: 533K(640K)->533K(640K)
[94.997s][info][gc             ] GC(491) Pause Full (Ergonomics) 355M->355M(410M) 200.632ms
[94.997s][info][gc,cpu         ] GC(491) User=0.33s Sys=0.00s Real=0.20s
[94.997s][info][gc,start       ] GC(492) Pause Full (Ergonomics)
[94.997s][info][gc,phases,start] GC(492) Marking Phase
[95.142s][info][gc,phases      ] GC(492) Marking Phase 144.636ms
[95.142s][info][gc,phases,start] GC(492) Summary Phase
[95.142s][info][gc,phases      ] GC(492) Summary Phase 0.022ms
[95.142s][info][gc,phases,start] GC(492) Adjust Roots
[95.142s][info][gc,phases      ] GC(492) Adjust Roots 0.203ms
[95.142s][info][gc,phases,start] GC(492) Compaction Phase
[95.197s][info][gc,phases      ] GC(492) Compaction Phase 54.616ms
[95.197s][info][gc,phases,start] GC(492) Post Compact
[95.199s][info][gc,phases      ] GC(492) Post Compact 1.628ms
[95.199s][info][gc,heap        ] GC(492) PSYoungGen: 23532K(78848K)->23532K(78848K) Eden: 22015K(22016K)->22015K(22016K) From: 1516K(56832K)->1516K(56832K)
[95.199s][info][gc,heap        ] GC(492) ParOldGen: 340385K(341504K)->340385K(341504K)
[95.199s][info][gc,metaspace   ] GC(492) Metaspace: 6302K(6528K)->6302K(6528K) NonClass: 5769K(5888K)->5769K(5888K) Class: 533K(640K)->533K(640K)
[95.199s][info][gc             ] GC(492) Pause Full (Ergonomics) 355M->355M(410M) 201.506ms
[95.199s][info][gc,cpu         ] GC(492) User=0.34s Sys=0.00s Real=0.20s
[95.199s][info][gc,start       ] GC(493) Pause Full (Ergonomics)
[95.199s][info][gc,phases,start] GC(493) Marking Phase
[95.343s][info][gc,phases      ] GC(493) Marking Phase 143.993ms
[95.343s][info][gc,phases,start] GC(493) Summary Phase
[95.343s][info][gc,phases      ] GC(493) Summary Phase 0.022ms
[95.343s][info][gc,phases,start] GC(493) Adjust Roots
[95.343s][info][gc,phases      ] GC(493) Adjust Roots 0.204ms
[95.343s][info][gc,phases,start] GC(493) Compaction Phase
[95.398s][info][gc,phases      ] GC(493) Compaction Phase 54.872ms
[95.398s][info][gc,phases,start] GC(493) Post Compact
[95.400s][info][gc,phases      ] GC(493) Post Compact 1.492ms
[95.400s][info][gc,heap        ] GC(493) PSYoungGen: 23532K(78848K)->23532K(78848K) Eden: 22015K(22016K)->22015K(22016K) From: 1516K(56832K)->1516K(56832K)
[95.400s][info][gc,heap        ] GC(493) ParOldGen: 340390K(341504K)->340390K(341504K)
[95.400s][info][gc,metaspace   ] GC(493) Metaspace: 6302K(6528K)->6302K(6528K) NonClass: 5769K(5888K)->5769K(5888K) Class: 533K(640K)->533K(640K)
[95.400s][info][gc             ] GC(493) Pause Full (Ergonomics) 355M->355M(410M) 200.963ms
[95.400s][info][gc,cpu         ] GC(493) User=0.36s Sys=0.00s Real=0.20s
[95.400s][info][gc,start       ] GC(494) Pause Full (Ergonomics)
[95.400s][info][gc,phases,start] GC(494) Marking Phase
[95.545s][info][gc,phases      ] GC(494) Marking Phase 144.697ms
[95.545s][info][gc,phases,start] GC(494) Summary Phase
[95.545s][info][gc,phases      ] GC(494) Summary Phase 0.022ms
[95.545s][info][gc,phases,start] GC(494) Adjust Roots
[95.545s][info][gc,phases      ] GC(494) Adjust Roots 0.186ms
[95.545s][info][gc,phases,start] GC(494) Compaction Phase
[95.600s][info][gc,phases      ] GC(494) Compaction Phase 54.479ms
[95.600s][info][gc,phases,start] GC(494) Post Compact
[95.601s][info][gc,phases      ] GC(494) Post Compact 1.485ms
[95.601s][info][gc,heap        ] GC(494) PSYoungGen: 23532K(78848K)->23532K(78848K) Eden: 22015K(22016K)->22015K(22016K) From: 1516K(56832K)->1516K(56832K)
[95.601s][info][gc,heap        ] GC(494) ParOldGen: 340395K(341504K)->340395K(341504K)
[95.601s][info][gc,metaspace   ] GC(494) Metaspace: 6302K(6528K)->6302K(6528K) NonClass: 5769K(5888K)->5769K(5888K) Class: 533K(640K)->533K(640K)
[95.601s][info][gc             ] GC(494) Pause Full (Ergonomics) 355M->355M(410M) 201.195ms
[95.602s][info][gc,cpu         ] GC(494) User=0.34s Sys=0.02s Real=0.20s
[95.602s][info][gc,start       ] GC(495) Pause Full (Ergonomics)
[95.602s][info][gc,phases,start] GC(495) Marking Phase
[95.746s][info][gc,phases      ] GC(495) Marking Phase 144.424ms
[95.746s][info][gc,phases,start] GC(495) Summary Phase
[95.746s][info][gc,phases      ] GC(495) Summary Phase 0.023ms
[95.746s][info][gc,phases,start] GC(495) Adjust Roots
[95.747s][info][gc,phases      ] GC(495) Adjust Roots 0.217ms
[95.747s][info][gc,phases,start] GC(495) Compaction Phase
[95.801s][info][gc,phases      ] GC(495) Compaction Phase 54.706ms
[95.801s][info][gc,phases,start] GC(495) Post Compact
[95.803s][info][gc,phases      ] GC(495) Post Compact 1.491ms
[95.803s][info][gc,heap        ] GC(495) PSYoungGen: 23532K(78848K)->23532K(78848K) Eden: 22015K(22016K)->22015K(22016K) From: 1516K(56832K)->1516K(56832K)
[95.803s][info][gc,heap        ] GC(495) ParOldGen: 340399K(341504K)->340399K(341504K)
[95.803s][info][gc,metaspace   ] GC(495) Metaspace: 6302K(6528K)->6302K(6528K) NonClass: 5769K(5888K)->5769K(5888K) Class: 533K(640K)->533K(640K)
[95.803s][info][gc             ] GC(495) Pause Full (Ergonomics) 355M->355M(410M) 201.231ms
[95.803s][info][gc,cpu         ] GC(495) User=0.33s Sys=0.02s Real=0.20s
[95.803s][info][gc,start       ] GC(496) Pause Full (Ergonomics)
[95.803s][info][gc,phases,start] GC(496) Marking Phase
[95.948s][info][gc,phases      ] GC(496) Marking Phase 144.239ms
[95.948s][info][gc,phases,start] GC(496) Summary Phase
[95.948s][info][gc,phases      ] GC(496) Summary Phase 0.025ms
[95.948s][info][gc,phases,start] GC(496) Adjust Roots
[95.948s][info][gc,phases      ] GC(496) Adjust Roots 0.213ms
[95.948s][info][gc,phases,start] GC(496) Compaction Phase
[96.003s][info][gc,phases      ] GC(496) Compaction Phase 54.602ms
[96.003s][info][gc,phases,start] GC(496) Post Compact
[96.004s][info][gc,phases      ] GC(496) Post Compact 1.477ms
[96.004s][info][gc,heap        ] GC(496) PSYoungGen: 23532K(78848K)->23532K(78848K) Eden: 22015K(22016K)->22015K(22016K) From: 1516K(56832K)->1516K(56832K)
[96.004s][info][gc,heap        ] GC(496) ParOldGen: 340404K(341504K)->340404K(341504K)
[96.004s][info][gc,metaspace   ] GC(496) Metaspace: 6302K(6528K)->6302K(6528K) NonClass: 5769K(5888K)->5769K(5888K) Class: 533K(640K)->533K(640K)
[96.004s][info][gc             ] GC(496) Pause Full (Ergonomics) 355M->355M(410M) 200.902ms
[96.004s][info][gc,cpu         ] GC(496) User=0.33s Sys=0.00s Real=0.20s
[96.004s][info][gc,start       ] GC(497) Pause Full (Ergonomics)
[96.005s][info][gc,phases,start] GC(497) Marking Phase
[96.149s][info][gc,phases      ] GC(497) Marking Phase 144.226ms
[96.149s][info][gc,phases,start] GC(497) Summary Phase
[96.149s][info][gc,phases      ] GC(497) Summary Phase 0.023ms
[96.149s][info][gc,phases,start] GC(497) Adjust Roots
[96.149s][info][gc,phases      ] GC(497) Adjust Roots 0.186ms
[96.149s][info][gc,phases,start] GC(497) Compaction Phase
[96.204s][info][gc,phases      ] GC(497) Compaction Phase 55.059ms
[96.204s][info][gc,phases,start] GC(497) Post Compact
[96.206s][info][gc,phases      ] GC(497) Post Compact 1.488ms
[96.206s][info][gc,heap        ] GC(497) PSYoungGen: 23532K(78848K)->23532K(78848K) Eden: 22015K(22016K)->22015K(22016K) From: 1516K(56832K)->1516K(56832K)
[96.206s][info][gc,heap        ] GC(497) ParOldGen: 340409K(341504K)->340409K(341504K)
[96.206s][info][gc,metaspace   ] GC(497) Metaspace: 6302K(6528K)->6302K(6528K) NonClass: 5769K(5888K)->5769K(5888K) Class: 533K(640K)->533K(640K)
[96.206s][info][gc             ] GC(497) Pause Full (Ergonomics) 355M->355M(410M) 201.311ms
[96.206s][info][gc,cpu         ] GC(497) User=0.33s Sys=0.00s Real=0.20s
[96.206s][info][gc,start       ] GC(498) Pause Full (Ergonomics)
[96.206s][info][gc,phases,start] GC(498) Marking Phase
[96.350s][info][gc,phases      ] GC(498) Marking Phase 143.756ms
[96.350s][info][gc,phases,start] GC(498) Summary Phase
[96.350s][info][gc,phases      ] GC(498) Summary Phase 0.022ms
[96.350s][info][gc,phases,start] GC(498) Adjust Roots
[96.350s][info][gc,phases      ] GC(498) Adjust Roots 0.207ms
[96.350s][info][gc,phases,start] GC(498) Compaction Phase
[96.405s][info][gc,phases      ] GC(498) Compaction Phase 54.917ms
[96.405s][info][gc,phases,start] GC(498) Post Compact
[96.407s][info][gc,phases      ] GC(498) Post Compact 1.658ms
[96.407s][info][gc,heap        ] GC(498) PSYoungGen: 23532K(78848K)->23532K(78848K) Eden: 22015K(22016K)->22015K(22016K) From: 1516K(56832K)->1516K(56832K)
[96.407s][info][gc,heap        ] GC(498) ParOldGen: 340413K(341504K)->340413K(341504K)
[96.407s][info][gc,metaspace   ] GC(498) Metaspace: 6302K(6528K)->6302K(6528K) NonClass: 5769K(5888K)->5769K(5888K) Class: 533K(640K)->533K(640K)
[96.407s][info][gc             ] GC(498) Pause Full (Ergonomics) 355M->355M(410M) 200.906ms
[96.407s][info][gc,cpu         ] GC(498) User=0.33s Sys=0.00s Real=0.20s
[96.407s][info][gc,start       ] GC(499) Pause Full (Ergonomics)
[96.407s][info][gc,phases,start] GC(499) Marking Phase
[96.552s][info][gc,phases      ] GC(499) Marking Phase 144.558ms
[96.552s][info][gc,phases,start] GC(499) Summary Phase
[96.552s][info][gc,phases      ] GC(499) Summary Phase 0.023ms
[96.552s][info][gc,phases,start] GC(499) Adjust Roots
[96.552s][info][gc,phases      ] GC(499) Adjust Roots 0.205ms
[96.552s][info][gc,phases,start] GC(499) Compaction Phase
[96.606s][info][gc,phases      ] GC(499) Compaction Phase 53.583ms
[96.606s][info][gc,phases,start] GC(499) Post Compact
[96.607s][info][gc,phases      ] GC(499) Post Compact 1.559ms
[96.607s][info][gc,heap        ] GC(499) PSYoungGen: 23532K(78848K)->23532K(78848K) Eden: 22015K(22016K)->22015K(22016K) From: 1516K(56832K)->1516K(56832K)
[96.607s][info][gc,heap        ] GC(499) ParOldGen: 340418K(341504K)->340418K(341504K)
[96.607s][info][gc,metaspace   ] GC(499) Metaspace: 6302K(6528K)->6302K(6528K) NonClass: 5769K(5888K)->5769K(5888K) Class: 533K(640K)->533K(640K)
[96.607s][info][gc             ] GC(499) Pause Full (Ergonomics) 355M->355M(410M) 200.266ms
[96.607s][info][gc,cpu         ] GC(499) User=0.36s Sys=0.00s Real=0.20s
[96.608s][info][gc,start       ] GC(500) Pause Full (Ergonomics)
[96.608s][info][gc,phases,start] GC(500) Marking Phase
[96.751s][info][gc,phases      ] GC(500) Marking Phase 143.312ms
[96.751s][info][gc,phases,start] GC(500) Summary Phase
[96.751s][info][gc,phases      ] GC(500) Summary Phase 0.022ms
[96.751s][info][gc,phases,start] GC(500) Adjust Roots
[96.751s][info][gc,phases      ] GC(500) Adjust Roots 0.186ms
[96.751s][info][gc,phases,start] GC(500) Compaction Phase
[96.806s][info][gc,phases      ] GC(500) Compaction Phase 54.703ms
[96.806s][info][gc,phases,start] GC(500) Post Compact
[96.808s][info][gc,phases      ] GC(500) Post Compact 1.486ms
[96.808s][info][gc,heap        ] GC(500) PSYoungGen: 23532K(78848K)->23532K(78848K) Eden: 22015K(22016K)->22015K(22016K) From: 1516K(56832K)->1516K(56832K)
[96.808s][info][gc,heap        ] GC(500) ParOldGen: 340423K(341504K)->340423K(341504K)
[96.808s][info][gc,metaspace   ] GC(500) Metaspace: 6302K(6528K)->6302K(6528K) NonClass: 5769K(5888K)->5769K(5888K) Class: 533K(640K)->533K(640K)
[96.808s][info][gc             ] GC(500) Pause Full (Ergonomics) 355M->355M(410M) 200.149ms
[96.808s][info][gc,cpu         ] GC(500) User=0.31s Sys=0.00s Real=0.20s
[96.808s][info][gc,start       ] GC(501) Pause Full (Ergonomics)
[96.808s][info][gc,phases,start] GC(501) Marking Phase
[96.952s][info][gc,phases      ] GC(501) Marking Phase 144.307ms
[96.953s][info][gc,phases,start] GC(501) Summary Phase
[96.953s][info][gc,phases      ] GC(501) Summary Phase 0.023ms
[96.953s][info][gc,phases,start] GC(501) Adjust Roots
[96.953s][info][gc,phases      ] GC(501) Adjust Roots 0.210ms
[96.953s][info][gc,phases,start] GC(501) Compaction Phase
[97.008s][info][gc,phases      ] GC(501) Compaction Phase 55.028ms
[97.008s][info][gc,phases,start] GC(501) Post Compact
[97.009s][info][gc,phases      ] GC(501) Post Compact 1.495ms
[97.009s][info][gc,heap        ] GC(501) PSYoungGen: 23532K(78848K)->23532K(78848K) Eden: 22015K(22016K)->22015K(22016K) From: 1516K(56832K)->1516K(56832K)
[97.009s][info][gc,heap        ] GC(501) ParOldGen: 340427K(341504K)->340427K(341504K)
[97.009s][info][gc,metaspace   ] GC(501) Metaspace: 6302K(6528K)->6302K(6528K) NonClass: 5769K(5888K)->5769K(5888K) Class: 533K(640K)->533K(640K)
[97.010s][info][gc             ] GC(501) Pause Full (Ergonomics) 355M->355M(410M) 201.396ms
[97.010s][info][gc,cpu         ] GC(501) User=0.36s Sys=0.00s Real=0.20s
[97.010s][info][gc,start       ] GC(502) Pause Full (Ergonomics)
[97.010s][info][gc,phases,start] GC(502) Marking Phase
[97.154s][info][gc,phases      ] GC(502) Marking Phase 144.555ms
[97.154s][info][gc,phases,start] GC(502) Summary Phase
[97.154s][info][gc,phases      ] GC(502) Summary Phase 0.023ms
[97.154s][info][gc,phases,start] GC(502) Adjust Roots
[97.155s][info][gc,phases      ] GC(502) Adjust Roots 0.207ms
[97.155s][info][gc,phases,start] GC(502) Compaction Phase
[97.209s][info][gc,phases      ] GC(502) Compaction Phase 54.800ms
[97.210s][info][gc,phases,start] GC(502) Post Compact
[97.211s][info][gc,phases      ] GC(502) Post Compact 1.491ms
[97.211s][info][gc,heap        ] GC(502) PSYoungGen: 23532K(78848K)->23532K(78848K) Eden: 22015K(22016K)->22015K(22016K) From: 1516K(56832K)->1516K(56832K)
[97.211s][info][gc,heap        ] GC(502) ParOldGen: 340432K(341504K)->340432K(341504K)
[97.211s][info][gc,metaspace   ] GC(502) Metaspace: 6302K(6528K)->6302K(6528K) NonClass: 5769K(5888K)->5769K(5888K) Class: 533K(640K)->533K(640K)
[97.211s][info][gc             ] GC(502) Pause Full (Ergonomics) 355M->355M(410M) 201.402ms
[97.211s][info][gc,cpu         ] GC(502) User=0.39s Sys=0.00s Real=0.20s
[97.211s][info][gc,start       ] GC(503) Pause Full (Ergonomics)
[97.211s][info][gc,phases,start] GC(503) Marking Phase
[97.363s][info][gc,phases      ] GC(503) Marking Phase 151.874ms
[97.363s][info][gc,phases,start] GC(503) Summary Phase
[97.363s][info][gc,phases      ] GC(503) Summary Phase 0.022ms
[97.363s][info][gc,phases,start] GC(503) Adjust Roots
[97.364s][info][gc,phases      ] GC(503) Adjust Roots 0.203ms
[97.364s][info][gc,phases,start] GC(503) Compaction Phase
[97.426s][info][gc,phases      ] GC(503) Compaction Phase 62.061ms
[97.426s][info][gc,phases,start] GC(503) Post Compact
[97.427s][info][gc,phases      ] GC(503) Post Compact 1.564ms
[97.427s][info][gc,heap        ] GC(503) PSYoungGen: 23532K(78848K)->23532K(78848K) Eden: 22015K(22016K)->22015K(22016K) From: 1516K(56832K)->1516K(56832K)
[97.427s][info][gc,heap        ] GC(503) ParOldGen: 340437K(341504K)->340437K(341504K)
[97.428s][info][gc,metaspace   ] GC(503) Metaspace: 6302K(6528K)->6302K(6528K) NonClass: 5769K(5888K)->5769K(5888K) Class: 533K(640K)->533K(640K)
[97.428s][info][gc             ] GC(503) Pause Full (Ergonomics) 355M->355M(410M) 216.164ms
[97.428s][info][gc,cpu         ] GC(503) User=0.41s Sys=0.00s Real=0.22s
[97.428s][info][gc,start       ] GC(504) Pause Full (Ergonomics)
[97.428s][info][gc,phases,start] GC(504) Marking Phase
[97.572s][info][gc,phases      ] GC(504) Marking Phase 143.907ms
[97.572s][info][gc,phases,start] GC(504) Summary Phase
[97.572s][info][gc,phases      ] GC(504) Summary Phase 0.022ms
[97.572s][info][gc,phases,start] GC(504) Adjust Roots
[97.572s][info][gc,phases      ] GC(504) Adjust Roots 0.210ms
[97.572s][info][gc,phases,start] GC(504) Compaction Phase
[97.627s][info][gc,phases      ] GC(504) Compaction Phase 54.799ms
[97.627s][info][gc,phases,start] GC(504) Post Compact
[97.629s][info][gc,phases      ] GC(504) Post Compact 1.555ms
[97.629s][info][gc,heap        ] GC(504) PSYoungGen: 23532K(78848K)->23532K(78848K) Eden: 22015K(22016K)->22015K(22016K) From: 1516K(56832K)->1516K(56832K)
[97.629s][info][gc,heap        ] GC(504) ParOldGen: 340441K(341504K)->340441K(341504K)
[97.629s][info][gc,metaspace   ] GC(504) Metaspace: 6302K(6528K)->6302K(6528K) NonClass: 5769K(5888K)->5769K(5888K) Class: 533K(640K)->533K(640K)
[97.629s][info][gc             ] GC(504) Pause Full (Ergonomics) 355M->355M(410M) 200.859ms
[97.629s][info][gc,cpu         ] GC(504) User=0.33s Sys=0.00s Real=0.20s
[97.629s][info][gc,start       ] GC(505) Pause Full (Ergonomics)
[97.629s][info][gc,phases,start] GC(505) Marking Phase
[97.774s][info][gc,phases      ] GC(505) Marking Phase 145.025ms
[97.774s][info][gc,phases,start] GC(505) Summary Phase
[97.774s][info][gc,phases      ] GC(505) Summary Phase 0.023ms
[97.774s][info][gc,phases,start] GC(505) Adjust Roots
[97.774s][info][gc,phases      ] GC(505) Adjust Roots 0.229ms
[97.774s][info][gc,phases,start] GC(505) Compaction Phase
[97.829s][info][gc,phases      ] GC(505) Compaction Phase 54.446ms
[97.829s][info][gc,phases,start] GC(505) Post Compact
[97.830s][info][gc,phases      ] GC(505) Post Compact 1.483ms
[97.831s][info][gc,heap        ] GC(505) PSYoungGen: 23532K(78848K)->23532K(78848K) Eden: 22015K(22016K)->22015K(22016K) From: 1516K(56832K)->1516K(56832K)
[97.831s][info][gc,heap        ] GC(505) ParOldGen: 340446K(341504K)->340446K(341504K)
[97.831s][info][gc,metaspace   ] GC(505) Metaspace: 6302K(6528K)->6302K(6528K) NonClass: 5769K(5888K)->5769K(5888K) Class: 533K(640K)->533K(640K)
[97.831s][info][gc             ] GC(505) Pause Full (Ergonomics) 355M->355M(410M) 201.563ms
[97.831s][info][gc,cpu         ] GC(505) User=0.36s Sys=0.00s Real=0.20s
[97.831s][info][gc,start       ] GC(506) Pause Full (Ergonomics)
[97.831s][info][gc,phases,start] GC(506) Marking Phase
[97.976s][info][gc,phases      ] GC(506) Marking Phase 145.390ms
[97.976s][info][gc,phases,start] GC(506) Summary Phase
[97.976s][info][gc,phases      ] GC(506) Summary Phase 0.022ms
[97.976s][info][gc,phases,start] GC(506) Adjust Roots
[97.977s][info][gc,phases      ] GC(506) Adjust Roots 0.186ms
[97.977s][info][gc,phases,start] GC(506) Compaction Phase
[98.032s][info][gc,phases      ] GC(506) Compaction Phase 54.976ms
[98.032s][info][gc,phases,start] GC(506) Post Compact
[98.033s][info][gc,phases      ] GC(506) Post Compact 1.522ms
[98.033s][info][gc,heap        ] GC(506) PSYoungGen: 23532K(78848K)->23532K(78848K) Eden: 22015K(22016K)->22015K(22016K) From: 1516K(56832K)->1516K(56832K)
[98.033s][info][gc,heap        ] GC(506) ParOldGen: 340451K(341504K)->340451K(341504K)
[98.033s][info][gc,metaspace   ] GC(506) Metaspace: 6302K(6528K)->6302K(6528K) NonClass: 5769K(5888K)->5769K(5888K) Class: 533K(640K)->533K(640K)
[98.033s][info][gc             ] GC(506) Pause Full (Ergonomics) 355M->355M(410M) 202.429ms
[98.033s][info][gc,cpu         ] GC(506) User=0.36s Sys=0.00s Real=0.20s
[98.034s][info][gc,start       ] GC(507) Pause Full (Ergonomics)
[98.034s][info][gc,phases,start] GC(507) Marking Phase
[98.179s][info][gc,phases      ] GC(507) Marking Phase 145.149ms
[98.179s][info][gc,phases,start] GC(507) Summary Phase
[98.179s][info][gc,phases      ] GC(507) Summary Phase 0.023ms
[98.179s][info][gc,phases,start] GC(507) Adjust Roots
[98.179s][info][gc,phases      ] GC(507) Adjust Roots 0.207ms
[98.179s][info][gc,phases,start] GC(507) Compaction Phase
[98.234s][info][gc,phases      ] GC(507) Compaction Phase 54.462ms
[98.234s][info][gc,phases,start] GC(507) Post Compact
[98.235s][info][gc,phases      ] GC(507) Post Compact 1.574ms
[98.235s][info][gc,heap        ] GC(507) PSYoungGen: 23532K(78848K)->23532K(78848K) Eden: 22015K(22016K)->22015K(22016K) From: 1516K(56832K)->1516K(56832K)
[98.235s][info][gc,heap        ] GC(507) ParOldGen: 340455K(341504K)->340455K(341504K)
[98.235s][info][gc,metaspace   ] GC(507) Metaspace: 6302K(6528K)->6302K(6528K) NonClass: 5769K(5888K)->5769K(5888K) Class: 533K(640K)->533K(640K)
[98.235s][info][gc             ] GC(507) Pause Full (Ergonomics) 355M->355M(410M) 201.816ms
[98.235s][info][gc,cpu         ] GC(507) User=0.36s Sys=0.00s Real=0.20s
[98.236s][info][gc,start       ] GC(508) Pause Full (Ergonomics)
[98.236s][info][gc,phases,start] GC(508) Marking Phase
[98.380s][info][gc,phases      ] GC(508) Marking Phase 144.278ms
[98.380s][info][gc,phases,start] GC(508) Summary Phase
[98.380s][info][gc,phases      ] GC(508) Summary Phase 0.023ms
[98.380s][info][gc,phases,start] GC(508) Adjust Roots
[98.380s][info][gc,phases      ] GC(508) Adjust Roots 0.207ms
[98.380s][info][gc,phases,start] GC(508) Compaction Phase
[98.435s][info][gc,phases      ] GC(508) Compaction Phase 54.401ms
[98.435s][info][gc,phases,start] GC(508) Post Compact
[98.436s][info][gc,phases      ] GC(508) Post Compact 1.499ms
[98.436s][info][gc,heap        ] GC(508) PSYoungGen: 23532K(78848K)->23532K(78848K) Eden: 22015K(22016K)->22015K(22016K) From: 1516K(56832K)->1516K(56832K)
[98.436s][info][gc,heap        ] GC(508) ParOldGen: 340460K(341504K)->340460K(341504K)
[98.436s][info][gc,metaspace   ] GC(508) Metaspace: 6302K(6528K)->6302K(6528K) NonClass: 5769K(5888K)->5769K(5888K) Class: 533K(640K)->533K(640K)
[98.436s][info][gc             ] GC(508) Pause Full (Ergonomics) 355M->355M(410M) 200.731ms
[98.436s][info][gc,cpu         ] GC(508) User=0.33s Sys=0.00s Real=0.20s
[98.437s][info][gc,start       ] GC(509) Pause Full (Ergonomics)
[98.437s][info][gc,phases,start] GC(509) Marking Phase
[98.581s][info][gc,phases      ] GC(509) Marking Phase 144.781ms
[98.581s][info][gc,phases,start] GC(509) Summary Phase
[98.581s][info][gc,phases      ] GC(509) Summary Phase 0.023ms
[98.581s][info][gc,phases,start] GC(509) Adjust Roots
[98.582s][info][gc,phases      ] GC(509) Adjust Roots 0.188ms
[98.582s][info][gc,phases,start] GC(509) Compaction Phase
[98.637s][info][gc,phases      ] GC(509) Compaction Phase 55.133ms
[98.637s][info][gc,phases,start] GC(509) Post Compact
[98.639s][info][gc,phases      ] GC(509) Post Compact 1.602ms
[98.639s][info][gc,heap        ] GC(509) PSYoungGen: 23532K(78848K)->23532K(78848K) Eden: 22015K(22016K)->22015K(22016K) From: 1516K(56832K)->1516K(56832K)
[98.639s][info][gc,heap        ] GC(509) ParOldGen: 340465K(341504K)->340465K(341504K)
[98.639s][info][gc,metaspace   ] GC(509) Metaspace: 6302K(6528K)->6302K(6528K) NonClass: 5769K(5888K)->5769K(5888K) Class: 533K(640K)->533K(640K)
[98.639s][info][gc             ] GC(509) Pause Full (Ergonomics) 355M->355M(410M) 202.075ms
[98.639s][info][gc,cpu         ] GC(509) User=0.33s Sys=0.00s Real=0.20s
[98.639s][info][gc,start       ] GC(510) Pause Full (Ergonomics)
[98.639s][info][gc,phases,start] GC(510) Marking Phase
[98.786s][info][gc,phases      ] GC(510) Marking Phase 146.831ms
[98.786s][info][gc,phases,start] GC(510) Summary Phase
[98.786s][info][gc,phases      ] GC(510) Summary Phase 0.022ms
[98.786s][info][gc,phases,start] GC(510) Adjust Roots
[98.786s][info][gc,phases      ] GC(510) Adjust Roots 0.216ms
[98.786s][info][gc,phases,start] GC(510) Compaction Phase
[98.843s][info][gc,phases      ] GC(510) Compaction Phase 57.049ms
[98.843s][info][gc,phases,start] GC(510) Post Compact
[98.845s][info][gc,phases      ] GC(510) Post Compact 1.481ms
[98.845s][info][gc,heap        ] GC(510) PSYoungGen: 23532K(78848K)->23532K(78848K) Eden: 22015K(22016K)->22015K(22016K) From: 1516K(56832K)->1516K(56832K)
[98.845s][info][gc,heap        ] GC(510) ParOldGen: 340469K(341504K)->340469K(341504K)
[98.845s][info][gc,metaspace   ] GC(510) Metaspace: 6302K(6528K)->6302K(6528K) NonClass: 5769K(5888K)->5769K(5888K) Class: 533K(640K)->533K(640K)
[98.845s][info][gc             ] GC(510) Pause Full (Ergonomics) 355M->355M(410M) 205.940ms
[98.845s][info][gc,cpu         ] GC(510) User=0.36s Sys=0.00s Real=0.21s
[98.845s][info][gc,start       ] GC(511) Pause Full (Ergonomics)
[98.845s][info][gc,phases,start] GC(511) Marking Phase
[98.990s][info][gc,phases      ] GC(511) Marking Phase 144.743ms
[98.990s][info][gc,phases,start] GC(511) Summary Phase
[98.990s][info][gc,phases      ] GC(511) Summary Phase 0.029ms
[98.990s][info][gc,phases,start] GC(511) Adjust Roots
[98.990s][info][gc,phases      ] GC(511) Adjust Roots 0.214ms
[98.990s][info][gc,phases,start] GC(511) Compaction Phase
[99.045s][info][gc,phases      ] GC(511) Compaction Phase 54.976ms
[99.045s][info][gc,phases,start] GC(511) Post Compact
[99.047s][info][gc,phases      ] GC(511) Post Compact 1.514ms
[99.047s][info][gc,heap        ] GC(511) PSYoungGen: 23532K(78848K)->23532K(78848K) Eden: 22015K(22016K)->22015K(22016K) From: 1516K(56832K)->1516K(56832K)
[99.047s][info][gc,heap        ] GC(511) ParOldGen: 340474K(341504K)->340474K(341504K)
[99.047s][info][gc,metaspace   ] GC(511) Metaspace: 6302K(6528K)->6302K(6528K) NonClass: 5769K(5888K)->5769K(5888K) Class: 533K(640K)->533K(640K)
[99.047s][info][gc             ] GC(511) Pause Full (Ergonomics) 355M->355M(410M) 201.801ms
[99.047s][info][gc,cpu         ] GC(511) User=0.36s Sys=0.00s Real=0.20s
[99.047s][info][gc,start       ] GC(512) Pause Full (Ergonomics)
[99.047s][info][gc,phases,start] GC(512) Marking Phase
[99.192s][info][gc,phases      ] GC(512) Marking Phase 144.480ms
[99.192s][info][gc,phases,start] GC(512) Summary Phase
[99.192s][info][gc,phases      ] GC(512) Summary Phase 0.023ms
[99.192s][info][gc,phases,start] GC(512) Adjust Roots
[99.192s][info][gc,phases      ] GC(512) Adjust Roots 0.188ms
[99.192s][info][gc,phases,start] GC(512) Compaction Phase
[99.247s][info][gc,phases      ] GC(512) Compaction Phase 55.488ms
[99.248s][info][gc,phases,start] GC(512) Post Compact
[99.249s][info][gc,phases      ] GC(512) Post Compact 1.483ms
[99.249s][info][gc,heap        ] GC(512) PSYoungGen: 23532K(78848K)->23532K(78848K) Eden: 22015K(22016K)->22015K(22016K) From: 1516K(56832K)->1516K(56832K)
[99.249s][info][gc,heap        ] GC(512) ParOldGen: 340479K(341504K)->340479K(341504K)
[99.249s][info][gc,metaspace   ] GC(512) Metaspace: 6302K(6528K)->6302K(6528K) NonClass: 5769K(5888K)->5769K(5888K) Class: 533K(640K)->533K(640K)
[99.249s][info][gc             ] GC(512) Pause Full (Ergonomics) 355M->355M(410M) 201.986ms
[99.249s][info][gc,cpu         ] GC(512) User=0.33s Sys=0.00s Real=0.20s
[99.249s][info][gc,start       ] GC(513) Pause Full (Ergonomics)
[99.249s][info][gc,phases,start] GC(513) Marking Phase
[99.393s][info][gc,phases      ] GC(513) Marking Phase 143.397ms
[99.393s][info][gc,phases,start] GC(513) Summary Phase
[99.393s][info][gc,phases      ] GC(513) Summary Phase 0.022ms
[99.393s][info][gc,phases,start] GC(513) Adjust Roots
[99.393s][info][gc,phases      ] GC(513) Adjust Roots 0.192ms
[99.393s][info][gc,phases,start] GC(513) Compaction Phase
[99.448s][info][gc,phases      ] GC(513) Compaction Phase 54.607ms
[99.448s][info][gc,phases,start] GC(513) Post Compact
[99.449s][info][gc,phases      ] GC(513) Post Compact 1.485ms
[99.449s][info][gc,heap        ] GC(513) PSYoungGen: 23532K(78848K)->23532K(78848K) Eden: 22015K(22016K)->22015K(22016K) From: 1516K(56832K)->1516K(56832K)
[99.449s][info][gc,heap        ] GC(513) ParOldGen: 340483K(341504K)->340483K(341504K)
[99.449s][info][gc,metaspace   ] GC(513) Metaspace: 6302K(6528K)->6302K(6528K) NonClass: 5769K(5888K)->5769K(5888K) Class: 533K(640K)->533K(640K)
[99.450s][info][gc             ] GC(513) Pause Full (Ergonomics) 355M->355M(410M) 200.058ms
[99.450s][info][gc,cpu         ] GC(513) User=0.30s Sys=0.03s Real=0.20s
[99.450s][info][gc,start       ] GC(514) Pause Full (Ergonomics)
[99.450s][info][gc,phases,start] GC(514) Marking Phase
[99.594s][info][gc,phases      ] GC(514) Marking Phase 144.604ms
[99.594s][info][gc,phases,start] GC(514) Summary Phase
[99.594s][info][gc,phases      ] GC(514) Summary Phase 0.022ms
[99.594s][info][gc,phases,start] GC(514) Adjust Roots
[99.595s][info][gc,phases      ] GC(514) Adjust Roots 0.192ms
[99.595s][info][gc,phases,start] GC(514) Compaction Phase
[99.650s][info][gc,phases      ] GC(514) Compaction Phase 55.053ms
[99.650s][info][gc,phases,start] GC(514) Post Compact
[99.651s][info][gc,phases      ] GC(514) Post Compact 1.478ms
[99.651s][info][gc,heap        ] GC(514) PSYoungGen: 23532K(78848K)->23532K(78848K) Eden: 22015K(22016K)->22015K(22016K) From: 1516K(56832K)->1516K(56832K)
[99.651s][info][gc,heap        ] GC(514) ParOldGen: 340488K(341504K)->340488K(341504K)
[99.651s][info][gc,metaspace   ] GC(514) Metaspace: 6302K(6528K)->6302K(6528K) NonClass: 5769K(5888K)->5769K(5888K) Class: 533K(640K)->533K(640K)
[99.651s][info][gc             ] GC(514) Pause Full (Ergonomics) 355M->355M(410M) 201.700ms
[99.651s][info][gc,cpu         ] GC(514) User=0.34s Sys=0.00s Real=0.20s
[99.652s][info][gc,start       ] GC(515) Pause Full (Ergonomics)
[99.652s][info][gc,phases,start] GC(515) Marking Phase
[99.795s][info][gc,phases      ] GC(515) Marking Phase 143.574ms
[99.795s][info][gc,phases,start] GC(515) Summary Phase
[99.795s][info][gc,phases      ] GC(515) Summary Phase 0.022ms
[99.795s][info][gc,phases,start] GC(515) Adjust Roots
[99.796s][info][gc,phases      ] GC(515) Adjust Roots 0.188ms
[99.796s][info][gc,phases,start] GC(515) Compaction Phase
[99.850s][info][gc,phases      ] GC(515) Compaction Phase 54.329ms
[99.850s][info][gc,phases,start] GC(515) Post Compact
[99.852s][info][gc,phases      ] GC(515) Post Compact 1.492ms
[99.852s][info][gc,heap        ] GC(515) PSYoungGen: 23532K(78848K)->23532K(78848K) Eden: 22015K(22016K)->22015K(22016K) From: 1516K(56832K)->1516K(56832K)
[99.852s][info][gc,heap        ] GC(515) ParOldGen: 340493K(341504K)->340493K(341504K)
[99.852s][info][gc,metaspace   ] GC(515) Metaspace: 6302K(6528K)->6302K(6528K) NonClass: 5769K(5888K)->5769K(5888K) Class: 533K(640K)->533K(640K)
[99.852s][info][gc             ] GC(515) Pause Full (Ergonomics) 355M->355M(410M) 199.940ms
[99.852s][info][gc,cpu         ] GC(515) User=0.36s Sys=0.00s Real=0.20s
[99.852s][info][gc,start       ] GC(516) Pause Full (Ergonomics)
[99.852s][info][gc,phases,start] GC(516) Marking Phase
[99.996s][info][gc,phases      ] GC(516) Marking Phase 144.035ms
[99.996s][info][gc,phases,start] GC(516) Summary Phase
[99.996s][info][gc,phases      ] GC(516) Summary Phase 0.024ms
[99.996s][info][gc,phases,start] GC(516) Adjust Roots
[99.996s][info][gc,phases      ] GC(516) Adjust Roots 0.186ms
[99.996s][info][gc,phases,start] GC(516) Compaction Phase
[100.051s][info][gc,phases      ] GC(516) Compaction Phase 54.727ms
[100.051s][info][gc,phases,start] GC(516) Post Compact
[100.053s][info][gc,phases      ] GC(516) Post Compact 1.674ms
[100.053s][info][gc,heap        ] GC(516) PSYoungGen: 23532K(78848K)->23532K(78848K) Eden: 22015K(22016K)->22015K(22016K) From: 1516K(56832K)->1516K(56832K)
[100.053s][info][gc,heap        ] GC(516) ParOldGen: 340497K(341504K)->340497K(341504K)
[100.053s][info][gc,metaspace   ] GC(516) Metaspace: 6302K(6528K)->6302K(6528K) NonClass: 5769K(5888K)->5769K(5888K) Class: 533K(640K)->533K(640K)
[100.053s][info][gc             ] GC(516) Pause Full (Ergonomics) 355M->355M(410M) 200.997ms
[100.053s][info][gc,cpu         ] GC(516) User=0.33s Sys=0.02s Real=0.20s
[100.053s][info][gc,start       ] GC(517) Pause Full (Ergonomics)
[100.053s][info][gc,phases,start] GC(517) Marking Phase
[100.197s][info][gc,phases      ] GC(517) Marking Phase 143.669ms
[100.197s][info][gc,phases,start] GC(517) Summary Phase
[100.197s][info][gc,phases      ] GC(517) Summary Phase 0.022ms
[100.197s][info][gc,phases,start] GC(517) Adjust Roots
[100.197s][info][gc,phases      ] GC(517) Adjust Roots 0.199ms
[100.197s][info][gc,phases,start] GC(517) Compaction Phase
[100.252s][info][gc,phases      ] GC(517) Compaction Phase 54.820ms
[100.252s][info][gc,phases,start] GC(517) Post Compact
[100.254s][info][gc,phases      ] GC(517) Post Compact 1.494ms
[100.254s][info][gc,heap        ] GC(517) PSYoungGen: 23532K(78848K)->23532K(78848K) Eden: 22015K(22016K)->22015K(22016K) From: 1516K(56832K)->1516K(56832K)
[100.254s][info][gc,heap        ] GC(517) ParOldGen: 340502K(341504K)->340502K(341504K)
[100.254s][info][gc,metaspace   ] GC(517) Metaspace: 6302K(6528K)->6302K(6528K) NonClass: 5769K(5888K)->5769K(5888K) Class: 533K(640K)->533K(640K)
[100.254s][info][gc             ] GC(517) Pause Full (Ergonomics) 355M->355M(410M) 200.537ms
[100.254s][info][gc,cpu         ] GC(517) User=0.33s Sys=0.00s Real=0.20s
[100.254s][info][gc,start       ] GC(518) Pause Full (Ergonomics)
[100.254s][info][gc,phases,start] GC(518) Marking Phase
[100.399s][info][gc,phases      ] GC(518) Marking Phase 145.475ms
[100.400s][info][gc,phases,start] GC(518) Summary Phase
[100.400s][info][gc,phases      ] GC(518) Summary Phase 0.018ms
[100.400s][info][gc,phases,start] GC(518) Adjust Roots
[100.400s][info][gc,phases      ] GC(518) Adjust Roots 0.180ms
[100.400s][info][gc,phases,start] GC(518) Compaction Phase
[100.456s][info][gc,phases      ] GC(518) Compaction Phase 56.602ms
[100.456s][info][gc,phases,start] GC(518) Post Compact
[100.458s][info][gc,phases      ] GC(518) Post Compact 1.647ms
[100.458s][info][gc,heap        ] GC(518) PSYoungGen: 23532K(78848K)->23532K(78848K) Eden: 22015K(22016K)->22015K(22016K) From: 1516K(56832K)->1516K(56832K)
[100.458s][info][gc,heap        ] GC(518) ParOldGen: 340507K(341504K)->340507K(341504K)
[100.458s][info][gc,metaspace   ] GC(518) Metaspace: 6302K(6528K)->6302K(6528K) NonClass: 5769K(5888K)->5769K(5888K) Class: 533K(640K)->533K(640K)
[100.458s][info][gc             ] GC(518) Pause Full (Ergonomics) 355M->355M(410M) 204.252ms
[100.458s][info][gc,cpu         ] GC(518) User=0.36s Sys=0.00s Real=0.20s
[100.458s][info][gc,start       ] GC(519) Pause Full (Ergonomics)
[100.459s][info][gc,phases,start] GC(519) Marking Phase
[100.604s][info][gc,phases      ] GC(519) Marking Phase 144.997ms
[100.604s][info][gc,phases,start] GC(519) Summary Phase
[100.604s][info][gc,phases      ] GC(519) Summary Phase 0.023ms
[100.604s][info][gc,phases,start] GC(519) Adjust Roots
[100.604s][info][gc,phases      ] GC(519) Adjust Roots 0.191ms
[100.604s][info][gc,phases,start] GC(519) Compaction Phase
[100.659s][info][gc,phases      ] GC(519) Compaction Phase 54.721ms
[100.659s][info][gc,phases,start] GC(519) Post Compact
[100.660s][info][gc,phases      ] GC(519) Post Compact 1.496ms
[100.660s][info][gc,heap        ] GC(519) PSYoungGen: 23532K(78848K)->23532K(78848K) Eden: 22015K(22016K)->22015K(22016K) From: 1516K(56832K)->1516K(56832K)
[100.660s][info][gc,heap        ] GC(519) ParOldGen: 340511K(341504K)->340511K(341504K)
[100.660s][info][gc,metaspace   ] GC(519) Metaspace: 6302K(6528K)->6302K(6528K) NonClass: 5769K(5888K)->5769K(5888K) Class: 533K(640K)->533K(640K)
[100.660s][info][gc             ] GC(519) Pause Full (Ergonomics) 355M->355M(410M) 201.768ms
[100.660s][info][gc,cpu         ] GC(519) User=0.36s Sys=0.00s Real=0.20s
[100.661s][info][gc,start       ] GC(520) Pause Full (Ergonomics)
[100.661s][info][gc,phases,start] GC(520) Marking Phase
[100.805s][info][gc,phases      ] GC(520) Marking Phase 144.578ms
[100.805s][info][gc,phases,start] GC(520) Summary Phase
[100.805s][info][gc,phases      ] GC(520) Summary Phase 0.023ms
[100.805s][info][gc,phases,start] GC(520) Adjust Roots
[100.805s][info][gc,phases      ] GC(520) Adjust Roots 0.190ms
[100.805s][info][gc,phases,start] GC(520) Compaction Phase
[100.860s][info][gc,phases      ] GC(520) Compaction Phase 54.433ms
[100.860s][info][gc,phases,start] GC(520) Post Compact
[100.862s][info][gc,phases      ] GC(520) Post Compact 1.627ms
[100.862s][info][gc,heap        ] GC(520) PSYoungGen: 23532K(78848K)->23532K(78848K) Eden: 22015K(22016K)->22015K(22016K) From: 1516K(56832K)->1516K(56832K)
[100.862s][info][gc,heap        ] GC(520) ParOldGen: 340516K(341504K)->340516K(341504K)
[100.862s][info][gc,metaspace   ] GC(520) Metaspace: 6302K(6528K)->6302K(6528K) NonClass: 5769K(5888K)->5769K(5888K) Class: 533K(640K)->533K(640K)
[100.862s][info][gc             ] GC(520) Pause Full (Ergonomics) 355M->355M(410M) 201.210ms
[100.862s][info][gc,cpu         ] GC(520) User=0.36s Sys=0.00s Real=0.20s
[100.862s][info][gc,start       ] GC(521) Pause Full (Ergonomics)
[100.862s][info][gc,phases,start] GC(521) Marking Phase
[101.007s][info][gc,phases      ] GC(521) Marking Phase 144.720ms
[101.007s][info][gc,phases,start] GC(521) Summary Phase
[101.007s][info][gc,phases      ] GC(521) Summary Phase 0.023ms
[101.007s][info][gc,phases,start] GC(521) Adjust Roots
[101.007s][info][gc,phases      ] GC(521) Adjust Roots 0.193ms
[101.007s][info][gc,phases,start] GC(521) Compaction Phase
[101.062s][info][gc,phases      ] GC(521) Compaction Phase 54.748ms
[101.062s][info][gc,phases,start] GC(521) Post Compact
[101.063s][info][gc,phases      ] GC(521) Post Compact 1.561ms
[101.064s][info][gc,heap        ] GC(521) PSYoungGen: 23532K(78848K)->23532K(78848K) Eden: 22015K(22016K)->22015K(22016K) From: 1516K(56832K)->1516K(56832K)
[101.064s][info][gc,heap        ] GC(521) ParOldGen: 340521K(341504K)->340521K(341504K)
[101.064s][info][gc,metaspace   ] GC(521) Metaspace: 6302K(6528K)->6302K(6528K) NonClass: 5769K(5888K)->5769K(5888K) Class: 533K(640K)->533K(640K)
[101.064s][info][gc             ] GC(521) Pause Full (Ergonomics) 355M->355M(410M) 201.580ms
[101.064s][info][gc,cpu         ] GC(521) User=0.31s Sys=0.00s Real=0.20s
[101.064s][info][gc,start       ] GC(522) Pause Full (Ergonomics)
[101.064s][info][gc,phases,start] GC(522) Marking Phase
[101.210s][info][gc,phases      ] GC(522) Marking Phase 146.116ms
[101.210s][info][gc,phases,start] GC(522) Summary Phase
[101.210s][info][gc,phases      ] GC(522) Summary Phase 0.018ms
[101.210s][info][gc,phases,start] GC(522) Adjust Roots
[101.210s][info][gc,phases      ] GC(522) Adjust Roots 0.188ms
[101.210s][info][gc,phases,start] GC(522) Compaction Phase
[101.266s][info][gc,phases      ] GC(522) Compaction Phase 55.891ms
[101.266s][info][gc,phases,start] GC(522) Post Compact
[101.268s][info][gc,phases      ] GC(522) Post Compact 1.482ms
[101.268s][info][gc,heap        ] GC(522) PSYoungGen: 23532K(78848K)->23532K(78848K) Eden: 22015K(22016K)->22015K(22016K) From: 1516K(56832K)->1516K(56832K)
[101.268s][info][gc,heap        ] GC(522) ParOldGen: 340525K(341504K)->340525K(341504K)
[101.268s][info][gc,metaspace   ] GC(522) Metaspace: 6302K(6528K)->6302K(6528K) NonClass: 5769K(5888K)->5769K(5888K) Class: 533K(640K)->533K(640K)
[101.268s][info][gc             ] GC(522) Pause Full (Ergonomics) 355M->355M(410M) 204.011ms
[101.268s][info][gc,cpu         ] GC(522) User=0.33s Sys=0.00s Real=0.20s
[101.268s][info][gc,start       ] GC(523) Pause Full (Ergonomics)
[101.268s][info][gc,phases,start] GC(523) Marking Phase
[101.413s][info][gc,phases      ] GC(523) Marking Phase 144.678ms
[101.413s][info][gc,phases,start] GC(523) Summary Phase
[101.413s][info][gc,phases      ] GC(523) Summary Phase 0.022ms
[101.413s][info][gc,phases,start] GC(523) Adjust Roots
[101.413s][info][gc,phases      ] GC(523) Adjust Roots 0.197ms
[101.413s][info][gc,phases,start] GC(523) Compaction Phase
[101.468s][info][gc,phases      ] GC(523) Compaction Phase 55.158ms
[101.468s][info][gc,phases,start] GC(523) Post Compact
[101.470s][info][gc,phases      ] GC(523) Post Compact 1.496ms
[101.470s][info][gc,heap        ] GC(523) PSYoungGen: 23532K(78848K)->23532K(78848K) Eden: 22015K(22016K)->22015K(22016K) From: 1516K(56832K)->1516K(56832K)
[101.470s][info][gc,heap        ] GC(523) ParOldGen: 340530K(341504K)->340530K(341504K)
[101.470s][info][gc,metaspace   ] GC(523) Metaspace: 6302K(6528K)->6302K(6528K) NonClass: 5769K(5888K)->5769K(5888K) Class: 533K(640K)->533K(640K)
[101.470s][info][gc             ] GC(523) Pause Full (Ergonomics) 355M->355M(410M) 201.895ms
[101.470s][info][gc,cpu         ] GC(523) User=0.34s Sys=0.00s Real=0.20s
[101.470s][info][gc,start       ] GC(524) Pause Full (Ergonomics)
[101.470s][info][gc,phases,start] GC(524) Marking Phase
[101.614s][info][gc,phases      ] GC(524) Marking Phase 143.920ms
[101.614s][info][gc,phases,start] GC(524) Summary Phase
[101.614s][info][gc,phases      ] GC(524) Summary Phase 0.022ms
[101.614s][info][gc,phases,start] GC(524) Adjust Roots
[101.615s][info][gc,phases      ] GC(524) Adjust Roots 0.189ms
[101.615s][info][gc,phases,start] GC(524) Compaction Phase
[101.669s][info][gc,phases      ] GC(524) Compaction Phase 54.037ms
[101.669s][info][gc,phases,start] GC(524) Post Compact
[101.670s][info][gc,phases      ] GC(524) Post Compact 1.535ms
[101.670s][info][gc,heap        ] GC(524) PSYoungGen: 23532K(78848K)->23532K(78848K) Eden: 22015K(22016K)->22015K(22016K) From: 1516K(56832K)->1516K(56832K)
[101.670s][info][gc,heap        ] GC(524) ParOldGen: 340535K(341504K)->340535K(341504K)
[101.670s][info][gc,metaspace   ] GC(524) Metaspace: 6302K(6528K)->6302K(6528K) NonClass: 5769K(5888K)->5769K(5888K) Class: 533K(640K)->533K(640K)
[101.670s][info][gc             ] GC(524) Pause Full (Ergonomics) 355M->355M(410M) 200.028ms
[101.670s][info][gc,cpu         ] GC(524) User=0.31s Sys=0.00s Real=0.20s
[101.671s][info][gc,start       ] GC(525) Pause Full (Ergonomics)
[101.671s][info][gc,phases,start] GC(525) Marking Phase
[101.815s][info][gc,phases      ] GC(525) Marking Phase 144.026ms
[101.815s][info][gc,phases,start] GC(525) Summary Phase
[101.815s][info][gc,phases      ] GC(525) Summary Phase 0.022ms
[101.815s][info][gc,phases,start] GC(525) Adjust Roots
[101.815s][info][gc,phases      ] GC(525) Adjust Roots 0.191ms
[101.815s][info][gc,phases,start] GC(525) Compaction Phase
[101.870s][info][gc,phases      ] GC(525) Compaction Phase 54.722ms
[101.870s][info][gc,phases,start] GC(525) Post Compact
[101.871s][info][gc,phases      ] GC(525) Post Compact 1.493ms
[101.871s][info][gc,heap        ] GC(525) PSYoungGen: 23532K(78848K)->23532K(78848K) Eden: 22015K(22016K)->22015K(22016K) From: 1516K(56832K)->1516K(56832K)
[101.871s][info][gc,heap        ] GC(525) ParOldGen: 340539K(341504K)->340539K(341504K)
[101.871s][info][gc,metaspace   ] GC(525) Metaspace: 6302K(6528K)->6302K(6528K) NonClass: 5769K(5888K)->5769K(5888K) Class: 533K(640K)->533K(640K)
[101.871s][info][gc             ] GC(525) Pause Full (Ergonomics) 355M->355M(410M) 200.782ms
[101.871s][info][gc,cpu         ] GC(525) User=0.31s Sys=0.00s Real=0.20s
[101.872s][info][gc,start       ] GC(526) Pause Full (Ergonomics)
[101.872s][info][gc,phases,start] GC(526) Marking Phase
[102.016s][info][gc,phases      ] GC(526) Marking Phase 144.249ms
[102.016s][info][gc,phases,start] GC(526) Summary Phase
[102.016s][info][gc,phases      ] GC(526) Summary Phase 0.022ms
[102.016s][info][gc,phases,start] GC(526) Adjust Roots
[102.016s][info][gc,phases      ] GC(526) Adjust Roots 0.189ms
[102.016s][info][gc,phases,start] GC(526) Compaction Phase
[102.071s][info][gc,phases      ] GC(526) Compaction Phase 54.915ms
[102.071s][info][gc,phases,start] GC(526) Post Compact
[102.073s][info][gc,phases      ] GC(526) Post Compact 1.488ms
[102.073s][info][gc,heap        ] GC(526) PSYoungGen: 23532K(78848K)->23532K(78848K) Eden: 22015K(22016K)->22015K(22016K) From: 1516K(56832K)->1516K(56832K)
[102.073s][info][gc,heap        ] GC(526) ParOldGen: 340544K(341504K)->340544K(341504K)
[102.073s][info][gc,metaspace   ] GC(526) Metaspace: 6302K(6528K)->6302K(6528K) NonClass: 5769K(5888K)->5769K(5888K) Class: 533K(640K)->533K(640K)
[102.073s][info][gc             ] GC(526) Pause Full (Ergonomics) 355M->355M(410M) 201.212ms
[102.073s][info][gc,cpu         ] GC(526) User=0.31s Sys=0.00s Real=0.20s
[102.073s][info][gc,start       ] GC(527) Pause Full (Ergonomics)
[102.073s][info][gc,phases,start] GC(527) Marking Phase
[102.217s][info][gc,phases      ] GC(527) Marking Phase 144.041ms
[102.217s][info][gc,phases,start] GC(527) Summary Phase
[102.217s][info][gc,phases      ] GC(527) Summary Phase 0.022ms
[102.217s][info][gc,phases,start] GC(527) Adjust Roots
[102.218s][info][gc,phases      ] GC(527) Adjust Roots 0.187ms
[102.218s][info][gc,phases,start] GC(527) Compaction Phase
[102.272s][info][gc,phases      ] GC(527) Compaction Phase 54.883ms
[102.272s][info][gc,phases,start] GC(527) Post Compact
[102.274s][info][gc,phases      ] GC(527) Post Compact 1.486ms
[102.274s][info][gc,heap        ] GC(527) PSYoungGen: 23532K(78848K)->23532K(78848K) Eden: 22015K(22016K)->22015K(22016K) From: 1516K(56832K)->1516K(56832K)
[102.274s][info][gc,heap        ] GC(527) ParOldGen: 340549K(341504K)->340549K(341504K)
[102.274s][info][gc,metaspace   ] GC(527) Metaspace: 6302K(6528K)->6302K(6528K) NonClass: 5769K(5888K)->5769K(5888K) Class: 533K(640K)->533K(640K)
[102.274s][info][gc             ] GC(527) Pause Full (Ergonomics) 355M->355M(410M) 200.985ms
[102.274s][info][gc,cpu         ] GC(527) User=0.34s Sys=0.00s Real=0.20s
[102.274s][info][gc,start       ] GC(528) Pause Full (Ergonomics)
[102.274s][info][gc,phases,start] GC(528) Marking Phase
[102.418s][info][gc,phases      ] GC(528) Marking Phase 143.789ms
[102.418s][info][gc,phases,start] GC(528) Summary Phase
[102.418s][info][gc,phases      ] GC(528) Summary Phase 0.023ms
[102.418s][info][gc,phases,start] GC(528) Adjust Roots
[102.418s][info][gc,phases      ] GC(528) Adjust Roots 0.191ms
[102.419s][info][gc,phases,start] GC(528) Compaction Phase
[102.473s][info][gc,phases      ] GC(528) Compaction Phase 54.942ms
[102.474s][info][gc,phases,start] GC(528) Post Compact
[102.475s][info][gc,phases      ] GC(528) Post Compact 1.498ms
[102.475s][info][gc,heap        ] GC(528) PSYoungGen: 23532K(78848K)->23532K(78848K) Eden: 22015K(22016K)->22015K(22016K) From: 1516K(56832K)->1516K(56832K)
[102.475s][info][gc,heap        ] GC(528) ParOldGen: 340553K(341504K)->340553K(341504K)
[102.475s][info][gc,metaspace   ] GC(528) Metaspace: 6302K(6528K)->6302K(6528K) NonClass: 5769K(5888K)->5769K(5888K) Class: 533K(640K)->533K(640K)
[102.475s][info][gc             ] GC(528) Pause Full (Ergonomics) 355M->355M(410M) 200.763ms
[102.475s][info][gc,cpu         ] GC(528) User=0.31s Sys=0.00s Real=0.20s
[102.475s][info][gc,start       ] GC(529) Pause Full (Ergonomics)
[102.475s][info][gc,phases,start] GC(529) Marking Phase
[102.621s][info][gc,phases      ] GC(529) Marking Phase 145.802ms
[102.621s][info][gc,phases,start] GC(529) Summary Phase
[102.621s][info][gc,phases      ] GC(529) Summary Phase 0.018ms
[102.621s][info][gc,phases,start] GC(529) Adjust Roots
[102.622s][info][gc,phases      ] GC(529) Adjust Roots 0.235ms
[102.622s][info][gc,phases,start] GC(529) Compaction Phase
[102.678s][info][gc,phases      ] GC(529) Compaction Phase 56.559ms
[102.678s][info][gc,phases,start] GC(529) Post Compact
[102.680s][info][gc,phases      ] GC(529) Post Compact 1.669ms
[102.680s][info][gc,heap        ] GC(529) PSYoungGen: 23532K(78848K)->23532K(78848K) Eden: 22015K(22016K)->22015K(22016K) From: 1516K(56832K)->1516K(56832K)
[102.680s][info][gc,heap        ] GC(529) ParOldGen: 340558K(341504K)->340558K(341504K)
[102.680s][info][gc,metaspace   ] GC(529) Metaspace: 6302K(6528K)->6302K(6528K) NonClass: 5769K(5888K)->5769K(5888K) Class: 533K(640K)->533K(640K)
[102.680s][info][gc             ] GC(529) Pause Full (Ergonomics) 355M->355M(410M) 204.607ms
[102.680s][info][gc,cpu         ] GC(529) User=0.34s Sys=0.00s Real=0.20s
[102.680s][info][gc,start       ] GC(530) Pause Full (Ergonomics)
[102.680s][info][gc,phases,start] GC(530) Marking Phase
[102.824s][info][gc,phases      ] GC(530) Marking Phase 143.832ms
[102.824s][info][gc,phases,start] GC(530) Summary Phase
[102.824s][info][gc,phases      ] GC(530) Summary Phase 0.029ms
[102.824s][info][gc,phases,start] GC(530) Adjust Roots
[102.824s][info][gc,phases      ] GC(530) Adjust Roots 0.187ms
[102.824s][info][gc,phases,start] GC(530) Compaction Phase
[102.879s][info][gc,phases      ] GC(530) Compaction Phase 54.728ms
[102.879s][info][gc,phases,start] GC(530) Post Compact
[102.881s][info][gc,phases      ] GC(530) Post Compact 1.495ms
[102.881s][info][gc,heap        ] GC(530) PSYoungGen: 23532K(78848K)->23532K(78848K) Eden: 22015K(22016K)->22015K(22016K) From: 1516K(56832K)->1516K(56832K)
[102.881s][info][gc,heap        ] GC(530) ParOldGen: 340563K(341504K)->340563K(341504K)
[102.881s][info][gc,metaspace   ] GC(530) Metaspace: 6302K(6528K)->6302K(6528K) NonClass: 5769K(5888K)->5769K(5888K) Class: 533K(640K)->533K(640K)
[102.881s][info][gc             ] GC(530) Pause Full (Ergonomics) 355M->355M(410M) 200.599ms
[102.881s][info][gc,cpu         ] GC(530) User=0.34s Sys=0.00s Real=0.20s
[102.881s][info][gc,start       ] GC(531) Pause Full (Ergonomics)
[102.881s][info][gc,phases,start] GC(531) Marking Phase
[103.025s][info][gc,phases      ] GC(531) Marking Phase 143.833ms
[103.025s][info][gc,phases,start] GC(531) Summary Phase
[103.025s][info][gc,phases      ] GC(531) Summary Phase 0.023ms
[103.025s][info][gc,phases,start] GC(531) Adjust Roots
[103.025s][info][gc,phases      ] GC(531) Adjust Roots 0.190ms
[103.025s][info][gc,phases,start] GC(531) Compaction Phase
[103.080s][info][gc,phases      ] GC(531) Compaction Phase 54.413ms
[103.080s][info][gc,phases,start] GC(531) Post Compact
[103.081s][info][gc,phases      ] GC(531) Post Compact 1.516ms
[103.081s][info][gc,heap        ] GC(531) PSYoungGen: 23532K(78848K)->23532K(78848K) Eden: 22015K(22016K)->22015K(22016K) From: 1516K(56832K)->1516K(56832K)
[103.081s][info][gc,heap        ] GC(531) ParOldGen: 340567K(341504K)->340567K(341504K)
[103.081s][info][gc,metaspace   ] GC(531) Metaspace: 6302K(6528K)->6302K(6528K) NonClass: 5769K(5888K)->5769K(5888K) Class: 533K(640K)->533K(640K)
[103.082s][info][gc             ] GC(531) Pause Full (Ergonomics) 355M->355M(410M) 200.314ms
[103.082s][info][gc,cpu         ] GC(531) User=0.31s Sys=0.00s Real=0.20s
[103.082s][info][gc,start       ] GC(532) Pause Full (Ergonomics)
[103.082s][info][gc,phases,start] GC(532) Marking Phase
[103.227s][info][gc,phases      ] GC(532) Marking Phase 145.124ms
[103.227s][info][gc,phases,start] GC(532) Summary Phase
[103.227s][info][gc,phases      ] GC(532) Summary Phase 0.023ms
[103.227s][info][gc,phases,start] GC(532) Adjust Roots
[103.227s][info][gc,phases      ] GC(532) Adjust Roots 0.194ms
[103.227s][info][gc,phases,start] GC(532) Compaction Phase
[103.282s][info][gc,phases      ] GC(532) Compaction Phase 54.317ms
[103.282s][info][gc,phases,start] GC(532) Post Compact
[103.283s][info][gc,phases      ] GC(532) Post Compact 1.532ms
[103.283s][info][gc,heap        ] GC(532) PSYoungGen: 23532K(78848K)->23532K(78848K) Eden: 22015K(22016K)->22015K(22016K) From: 1516K(56832K)->1516K(56832K)
[103.283s][info][gc,heap        ] GC(532) ParOldGen: 340572K(341504K)->340572K(341504K)
[103.283s][info][gc,metaspace   ] GC(532) Metaspace: 6302K(6528K)->6302K(6528K) NonClass: 5769K(5888K)->5769K(5888K) Class: 533K(640K)->533K(640K)
[103.283s][info][gc             ] GC(532) Pause Full (Ergonomics) 355M->355M(410M) 201.522ms
[103.283s][info][gc,cpu         ] GC(532) User=0.34s Sys=0.00s Real=0.20s
[103.284s][info][gc,start       ] GC(533) Pause Full (Ergonomics)
[103.284s][info][gc,phases,start] GC(533) Marking Phase
[103.428s][info][gc,phases      ] GC(533) Marking Phase 144.430ms
[103.428s][info][gc,phases,start] GC(533) Summary Phase
[103.428s][info][gc,phases      ] GC(533) Summary Phase 0.022ms
[103.428s][info][gc,phases,start] GC(533) Adjust Roots
[103.428s][info][gc,phases      ] GC(533) Adjust Roots 0.190ms
[103.428s][info][gc,phases,start] GC(533) Compaction Phase
[103.483s][info][gc,phases      ] GC(533) Compaction Phase 54.548ms
[103.483s][info][gc,phases,start] GC(533) Post Compact
[103.484s][info][gc,phases      ] GC(533) Post Compact 1.498ms
[103.485s][info][gc,heap        ] GC(533) PSYoungGen: 23532K(78848K)->23532K(78848K) Eden: 22015K(22016K)->22015K(22016K) From: 1516K(56832K)->1516K(56832K)
[103.485s][info][gc,heap        ] GC(533) ParOldGen: 340577K(341504K)->340577K(341504K)
[103.485s][info][gc,metaspace   ] GC(533) Metaspace: 6302K(6528K)->6302K(6528K) NonClass: 5769K(5888K)->5769K(5888K) Class: 533K(640K)->533K(640K)
[103.485s][info][gc             ] GC(533) Pause Full (Ergonomics) 355M->355M(410M) 201.024ms
[103.485s][info][gc,cpu         ] GC(533) User=0.31s Sys=0.00s Real=0.20s
[103.485s][info][gc,start       ] GC(534) Pause Full (Ergonomics)
[103.485s][info][gc,phases,start] GC(534) Marking Phase
[103.630s][info][gc,phases      ] GC(534) Marking Phase 144.804ms
[103.630s][info][gc,phases,start] GC(534) Summary Phase
[103.630s][info][gc,phases      ] GC(534) Summary Phase 0.023ms
[103.630s][info][gc,phases,start] GC(534) Adjust Roots
[103.630s][info][gc,phases      ] GC(534) Adjust Roots 0.193ms
[103.630s][info][gc,phases,start] GC(534) Compaction Phase
[103.684s][info][gc,phases      ] GC(534) Compaction Phase 54.252ms
[103.684s][info][gc,phases,start] GC(534) Post Compact
[103.686s][info][gc,phases      ] GC(534) Post Compact 1.509ms
[103.686s][info][gc,heap        ] GC(534) PSYoungGen: 23532K(78848K)->23532K(78848K) Eden: 22015K(22016K)->22015K(22016K) From: 1516K(56832K)->1516K(56832K)
[103.686s][info][gc,heap        ] GC(534) ParOldGen: 340581K(341504K)->340581K(341504K)
[103.686s][info][gc,metaspace   ] GC(534) Metaspace: 6302K(6528K)->6302K(6528K) NonClass: 5769K(5888K)->5769K(5888K) Class: 533K(640K)->533K(640K)
[103.686s][info][gc             ] GC(534) Pause Full (Ergonomics) 355M->355M(410M) 201.103ms
[103.686s][info][gc,cpu         ] GC(534) User=0.34s Sys=0.00s Real=0.20s
[103.686s][info][gc,start       ] GC(535) Pause Full (Ergonomics)
[103.686s][info][gc,phases,start] GC(535) Marking Phase
[103.831s][info][gc,phases      ] GC(535) Marking Phase 144.382ms
[103.831s][info][gc,phases,start] GC(535) Summary Phase
[103.831s][info][gc,phases      ] GC(535) Summary Phase 0.022ms
[103.831s][info][gc,phases,start] GC(535) Adjust Roots
[103.831s][info][gc,phases      ] GC(535) Adjust Roots 0.191ms
[103.831s][info][gc,phases,start] GC(535) Compaction Phase
[103.885s][info][gc,phases      ] GC(535) Compaction Phase 54.239ms
[103.885s][info][gc,phases,start] GC(535) Post Compact
[103.887s][info][gc,phases      ] GC(535) Post Compact 1.504ms
[103.887s][info][gc,heap        ] GC(535) PSYoungGen: 23532K(78848K)->23532K(78848K) Eden: 22015K(22016K)->22015K(22016K) From: 1516K(56832K)->1516K(56832K)
[103.887s][info][gc,heap        ] GC(535) ParOldGen: 340586K(341504K)->340586K(341504K)
[103.887s][info][gc,metaspace   ] GC(535) Metaspace: 6302K(6528K)->6302K(6528K) NonClass: 5769K(5888K)->5769K(5888K) Class: 533K(640K)->533K(640K)
[103.887s][info][gc             ] GC(535) Pause Full (Ergonomics) 355M->355M(410M) 200.659ms
[103.887s][info][gc,cpu         ] GC(535) User=0.31s Sys=0.00s Real=0.20s
[103.887s][info][gc,start       ] GC(536) Pause Full (Ergonomics)
[103.887s][info][gc,phases,start] GC(536) Marking Phase
[104.031s][info][gc,phases      ] GC(536) Marking Phase 144.310ms
[104.032s][info][gc,phases,start] GC(536) Summary Phase
[104.032s][info][gc,phases      ] GC(536) Summary Phase 0.023ms
[104.032s][info][gc,phases,start] GC(536) Adjust Roots
[104.032s][info][gc,phases      ] GC(536) Adjust Roots 0.188ms
[104.032s][info][gc,phases,start] GC(536) Compaction Phase
[104.086s][info][gc,phases      ] GC(536) Compaction Phase 54.540ms
[104.086s][info][gc,phases,start] GC(536) Post Compact
[104.088s][info][gc,phases      ] GC(536) Post Compact 1.680ms
[104.088s][info][gc,heap        ] GC(536) PSYoungGen: 23532K(78848K)->23532K(78848K) Eden: 22015K(22016K)->22015K(22016K) From: 1516K(56832K)->1516K(56832K)
[104.088s][info][gc,heap        ] GC(536) ParOldGen: 340591K(341504K)->340591K(341504K)
[104.088s][info][gc,metaspace   ] GC(536) Metaspace: 6302K(6528K)->6302K(6528K) NonClass: 5769K(5888K)->5769K(5888K) Class: 533K(640K)->533K(640K)
[104.088s][info][gc             ] GC(536) Pause Full (Ergonomics) 355M->355M(410M) 201.088ms
[104.088s][info][gc,cpu         ] GC(536) User=0.31s Sys=0.00s Real=0.20s
[104.088s][info][gc,start       ] GC(537) Pause Full (Ergonomics)
[104.088s][info][gc,phases,start] GC(537) Marking Phase
[104.233s][info][gc,phases      ] GC(537) Marking Phase 144.077ms
[104.233s][info][gc,phases,start] GC(537) Summary Phase
[104.233s][info][gc,phases      ] GC(537) Summary Phase 0.022ms
[104.233s][info][gc,phases,start] GC(537) Adjust Roots
[104.233s][info][gc,phases      ] GC(537) Adjust Roots 0.193ms
[104.233s][info][gc,phases,start] GC(537) Compaction Phase
[104.287s][info][gc,phases      ] GC(537) Compaction Phase 54.231ms
[104.287s][info][gc,phases,start] GC(537) Post Compact
[104.289s][info][gc,phases      ] GC(537) Post Compact 1.475ms
[104.289s][info][gc,heap        ] GC(537) PSYoungGen: 23532K(78848K)->23532K(78848K) Eden: 22015K(22016K)->22015K(22016K) From: 1516K(56832K)->1516K(56832K)
[104.289s][info][gc,heap        ] GC(537) ParOldGen: 340595K(341504K)->340595K(341504K)
[104.289s][info][gc,metaspace   ] GC(537) Metaspace: 6302K(6528K)->6302K(6528K) NonClass: 5769K(5888K)->5769K(5888K) Class: 533K(640K)->533K(640K)
[104.289s][info][gc             ] GC(537) Pause Full (Ergonomics) 355M->355M(410M) 200.361ms
[104.289s][info][gc,cpu         ] GC(537) User=0.34s Sys=0.00s Real=0.20s
[104.289s][info][gc,start       ] GC(538) Pause Full (Ergonomics)
[104.289s][info][gc,phases,start] GC(538) Marking Phase
[104.434s][info][gc,phases      ] GC(538) Marking Phase 144.606ms
[104.434s][info][gc,phases,start] GC(538) Summary Phase
[104.434s][info][gc,phases      ] GC(538) Summary Phase 0.022ms
[104.434s][info][gc,phases,start] GC(538) Adjust Roots
[104.434s][info][gc,phases      ] GC(538) Adjust Roots 0.192ms
[104.434s][info][gc,phases,start] GC(538) Compaction Phase
[104.489s][info][gc,phases      ] GC(538) Compaction Phase 54.788ms
[104.489s][info][gc,phases,start] GC(538) Post Compact
[104.490s][info][gc,phases      ] GC(538) Post Compact 1.502ms
[104.490s][info][gc,heap        ] GC(538) PSYoungGen: 23532K(78848K)->23532K(78848K) Eden: 22015K(22016K)->22015K(22016K) From: 1516K(56832K)->1516K(56832K)
[104.490s][info][gc,heap        ] GC(538) ParOldGen: 340600K(341504K)->340600K(341504K)
[104.490s][info][gc,metaspace   ] GC(538) Metaspace: 6302K(6528K)->6302K(6528K) NonClass: 5769K(5888K)->5769K(5888K) Class: 533K(640K)->533K(640K)
[104.491s][info][gc             ] GC(538) Pause Full (Ergonomics) 355M->355M(410M) 201.433ms
[104.491s][info][gc,cpu         ] GC(538) User=0.34s Sys=0.00s Real=0.20s
[104.491s][info][gc,start       ] GC(539) Pause Full (Ergonomics)
[104.491s][info][gc,phases,start] GC(539) Marking Phase
[104.640s][info][gc,phases      ] GC(539) Marking Phase 149.136ms
[104.640s][info][gc,phases,start] GC(539) Summary Phase
[104.640s][info][gc,phases      ] GC(539) Summary Phase 0.017ms
[104.640s][info][gc,phases,start] GC(539) Adjust Roots
[104.640s][info][gc,phases      ] GC(539) Adjust Roots 0.179ms
[104.640s][info][gc,phases,start] GC(539) Compaction Phase
[104.695s][info][gc,phases      ] GC(539) Compaction Phase 55.101ms
[104.695s][info][gc,phases,start] GC(539) Post Compact
[104.697s][info][gc,phases      ] GC(539) Post Compact 1.507ms
[104.697s][info][gc,heap        ] GC(539) PSYoungGen: 23532K(78848K)->23532K(78848K) Eden: 22015K(22016K)->22015K(22016K) From: 1516K(56832K)->1516K(56832K)
[104.697s][info][gc,heap        ] GC(539) ParOldGen: 340605K(341504K)->340605K(341504K)
[104.697s][info][gc,metaspace   ] GC(539) Metaspace: 6302K(6528K)->6302K(6528K) NonClass: 5769K(5888K)->5769K(5888K) Class: 533K(640K)->533K(640K)
[104.697s][info][gc             ] GC(539) Pause Full (Ergonomics) 355M->355M(410M) 206.248ms
[104.697s][info][gc,cpu         ] GC(539) User=0.34s Sys=0.00s Real=0.21s
[104.697s][info][gc,start       ] GC(540) Pause Full (Ergonomics)
[104.697s][info][gc,phases,start] GC(540) Marking Phase
[104.841s][info][gc,phases      ] GC(540) Marking Phase 143.948ms
[104.841s][info][gc,phases,start] GC(540) Summary Phase
[104.841s][info][gc,phases      ] GC(540) Summary Phase 0.023ms
[104.841s][info][gc,phases,start] GC(540) Adjust Roots
[104.842s][info][gc,phases      ] GC(540) Adjust Roots 0.194ms
[104.842s][info][gc,phases,start] GC(540) Compaction Phase
[104.896s][info][gc,phases      ] GC(540) Compaction Phase 54.403ms
[104.896s][info][gc,phases,start] GC(540) Post Compact
[104.898s][info][gc,phases      ] GC(540) Post Compact 1.627ms
[104.898s][info][gc,heap        ] GC(540) PSYoungGen: 23532K(78848K)->23532K(78848K) Eden: 22015K(22016K)->22015K(22016K) From: 1516K(56832K)->1516K(56832K)
[104.898s][info][gc,heap        ] GC(540) ParOldGen: 340609K(341504K)->340609K(341504K)
[104.898s][info][gc,metaspace   ] GC(540) Metaspace: 6302K(6528K)->6302K(6528K) NonClass: 5769K(5888K)->5769K(5888K) Class: 533K(640K)->533K(640K)
[104.898s][info][gc             ] GC(540) Pause Full (Ergonomics) 355M->355M(410M) 200.529ms
[104.898s][info][gc,cpu         ] GC(540) User=0.34s Sys=0.00s Real=0.20s
[104.898s][info][gc,start       ] GC(541) Pause Full (Ergonomics)
[104.898s][info][gc,phases,start] GC(541) Marking Phase
[105.042s][info][gc,phases      ] GC(541) Marking Phase 144.190ms
[105.042s][info][gc,phases,start] GC(541) Summary Phase
[105.042s][info][gc,phases      ] GC(541) Summary Phase 0.023ms
[105.042s][info][gc,phases,start] GC(541) Adjust Roots
[105.043s][info][gc,phases      ] GC(541) Adjust Roots 0.206ms
[105.043s][info][gc,phases,start] GC(541) Compaction Phase
[105.097s][info][gc,phases      ] GC(541) Compaction Phase 54.366ms
[105.097s][info][gc,phases,start] GC(541) Post Compact
[105.099s][info][gc,phases      ] GC(541) Post Compact 1.521ms
[105.099s][info][gc,heap        ] GC(541) PSYoungGen: 23532K(78848K)->23532K(78848K) Eden: 22015K(22016K)->22015K(22016K) From: 1516K(56832K)->1516K(56832K)
[105.099s][info][gc,heap        ] GC(541) ParOldGen: 340614K(341504K)->340614K(341504K)
[105.099s][info][gc,metaspace   ] GC(541) Metaspace: 6302K(6528K)->6302K(6528K) NonClass: 5769K(5888K)->5769K(5888K) Class: 533K(640K)->533K(640K)
[105.099s][info][gc             ] GC(541) Pause Full (Ergonomics) 355M->355M(410M) 200.635ms
[105.099s][info][gc,cpu         ] GC(541) User=0.34s Sys=0.00s Real=0.20s
[105.099s][info][gc,start       ] GC(542) Pause Full (Ergonomics)
[105.099s][info][gc,phases,start] GC(542) Marking Phase
[105.244s][info][gc,phases      ] GC(542) Marking Phase 144.602ms
[105.244s][info][gc,phases,start] GC(542) Summary Phase
[105.244s][info][gc,phases      ] GC(542) Summary Phase 0.022ms
[105.244s][info][gc,phases,start] GC(542) Adjust Roots
[105.244s][info][gc,phases      ] GC(542) Adjust Roots 0.196ms
[105.244s][info][gc,phases,start] GC(542) Compaction Phase
[105.298s][info][gc,phases      ] GC(542) Compaction Phase 54.023ms
[105.298s][info][gc,phases,start] GC(542) Post Compact
[105.300s][info][gc,phases      ] GC(542) Post Compact 1.505ms
[105.300s][info][gc,heap        ] GC(542) PSYoungGen: 23532K(78848K)->23532K(78848K) Eden: 22015K(22016K)->22015K(22016K) From: 1516K(56832K)->1516K(56832K)
[105.300s][info][gc,heap        ] GC(542) ParOldGen: 340619K(341504K)->340619K(341504K)
[105.300s][info][gc,metaspace   ] GC(542) Metaspace: 6302K(6528K)->6302K(6528K) NonClass: 5769K(5888K)->5769K(5888K) Class: 533K(640K)->533K(640K)
[105.300s][info][gc             ] GC(542) Pause Full (Ergonomics) 355M->355M(410M) 200.667ms
[105.300s][info][gc,cpu         ] GC(542) User=0.34s Sys=0.00s Real=0.20s
[105.300s][info][gc,start       ] GC(543) Pause Full (Ergonomics)
[105.300s][info][gc,phases,start] GC(543) Marking Phase
[105.445s][info][gc,phases      ] GC(543) Marking Phase 144.640ms
[105.445s][info][gc,phases,start] GC(543) Summary Phase
[105.445s][info][gc,phases      ] GC(543) Summary Phase 0.022ms
[105.445s][info][gc,phases,start] GC(543) Adjust Roots
[105.445s][info][gc,phases      ] GC(543) Adjust Roots 0.193ms
[105.445s][info][gc,phases,start] GC(543) Compaction Phase
[105.499s][info][gc,phases      ] GC(543) Compaction Phase 54.395ms
[105.499s][info][gc,phases,start] GC(543) Post Compact
[105.501s][info][gc,phases      ] GC(543) Post Compact 1.497ms
[105.501s][info][gc,heap        ] GC(543) PSYoungGen: 23532K(78848K)->23532K(78848K) Eden: 22015K(22016K)->22015K(22016K) From: 1516K(56832K)->1516K(56832K)
[105.501s][info][gc,heap        ] GC(543) ParOldGen: 340623K(341504K)->340623K(341504K)
[105.501s][info][gc,metaspace   ] GC(543) Metaspace: 6302K(6528K)->6302K(6528K) NonClass: 5769K(5888K)->5769K(5888K) Class: 533K(640K)->533K(640K)
[105.501s][info][gc             ] GC(543) Pause Full (Ergonomics) 355M->355M(410M) 201.121ms
[105.501s][info][gc,cpu         ] GC(543) User=0.34s Sys=0.00s Real=0.20s
[105.501s][info][gc,start       ] GC(544) Pause Full (Ergonomics)
[105.501s][info][gc,phases,start] GC(544) Marking Phase
[105.646s][info][gc,phases      ] GC(544) Marking Phase 144.659ms
[105.646s][info][gc,phases,start] GC(544) Summary Phase
[105.646s][info][gc,phases      ] GC(544) Summary Phase 0.022ms
[105.646s][info][gc,phases,start] GC(544) Adjust Roots
[105.646s][info][gc,phases      ] GC(544) Adjust Roots 0.195ms
[105.646s][info][gc,phases,start] GC(544) Compaction Phase
[105.701s][info][gc,phases      ] GC(544) Compaction Phase 54.362ms
[105.701s][info][gc,phases,start] GC(544) Post Compact
[105.702s][info][gc,phases      ] GC(544) Post Compact 1.489ms
[105.702s][info][gc,heap        ] GC(544) PSYoungGen: 23532K(78848K)->23532K(78848K) Eden: 22015K(22016K)->22015K(22016K) From: 1516K(56832K)->1516K(56832K)
[105.702s][info][gc,heap        ] GC(544) ParOldGen: 340628K(341504K)->340628K(341504K)
[105.702s][info][gc,metaspace   ] GC(544) Metaspace: 6302K(6528K)->6302K(6528K) NonClass: 5769K(5888K)->5769K(5888K) Class: 533K(640K)->533K(640K)
[105.702s][info][gc             ] GC(544) Pause Full (Ergonomics) 355M->355M(410M) 201.050ms
[105.702s][info][gc,cpu         ] GC(544) User=0.33s Sys=0.00s Real=0.20s
[105.703s][info][gc,start       ] GC(545) Pause Full (Ergonomics)
[105.703s][info][gc,phases,start] GC(545) Marking Phase
[105.847s][info][gc,phases      ] GC(545) Marking Phase 144.713ms
[105.847s][info][gc,phases,start] GC(545) Summary Phase
[105.847s][info][gc,phases      ] GC(545) Summary Phase 0.023ms
[105.847s][info][gc,phases,start] GC(545) Adjust Roots
[105.848s][info][gc,phases      ] GC(545) Adjust Roots 0.187ms
[105.848s][info][gc,phases,start] GC(545) Compaction Phase
[105.902s][info][gc,phases      ] GC(545) Compaction Phase 54.410ms
[105.902s][info][gc,phases,start] GC(545) Post Compact
[105.904s][info][gc,phases      ] GC(545) Post Compact 1.507ms
[105.904s][info][gc,heap        ] GC(545) PSYoungGen: 23532K(78848K)->23532K(78848K) Eden: 22015K(22016K)->22015K(22016K) From: 1516K(56832K)->1516K(56832K)
[105.904s][info][gc,heap        ] GC(545) ParOldGen: 340633K(341504K)->340633K(341504K)
[105.904s][info][gc,metaspace   ] GC(545) Metaspace: 6302K(6528K)->6302K(6528K) NonClass: 5769K(5888K)->5769K(5888K) Class: 533K(640K)->533K(640K)
[105.904s][info][gc             ] GC(545) Pause Full (Ergonomics) 355M->355M(410M) 201.171ms
[105.904s][info][gc,cpu         ] GC(545) User=0.34s Sys=0.00s Real=0.20s
[105.904s][info][gc,start       ] GC(546) Pause Full (Ergonomics)
[105.904s][info][gc,phases,start] GC(546) Marking Phase
[106.049s][info][gc,phases      ] GC(546) Marking Phase 144.878ms
[106.049s][info][gc,phases,start] GC(546) Summary Phase
[106.049s][info][gc,phases      ] GC(546) Summary Phase 0.024ms
[106.049s][info][gc,phases,start] GC(546) Adjust Roots
[106.049s][info][gc,phases      ] GC(546) Adjust Roots 0.195ms
[106.049s][info][gc,phases,start] GC(546) Compaction Phase
[106.104s][info][gc,phases      ] GC(546) Compaction Phase 54.443ms
[106.104s][info][gc,phases,start] GC(546) Post Compact
[106.105s][info][gc,phases      ] GC(546) Post Compact 1.486ms
[106.105s][info][gc,heap        ] GC(546) PSYoungGen: 23532K(78848K)->23532K(78848K) Eden: 22015K(22016K)->22015K(22016K) From: 1516K(56832K)->1516K(56832K)
[106.105s][info][gc,heap        ] GC(546) ParOldGen: 340637K(341504K)->340637K(341504K)
[106.105s][info][gc,metaspace   ] GC(546) Metaspace: 6302K(6528K)->6302K(6528K) NonClass: 5769K(5888K)->5769K(5888K) Class: 533K(640K)->533K(640K)
[106.105s][info][gc             ] GC(546) Pause Full (Ergonomics) 355M->355M(410M) 201.381ms
[106.105s][info][gc,cpu         ] GC(546) User=0.34s Sys=0.00s Real=0.20s
[106.106s][info][gc,start       ] GC(547) Pause Full (Ergonomics)
[106.106s][info][gc,phases,start] GC(547) Marking Phase
[106.251s][info][gc,phases      ] GC(547) Marking Phase 145.622ms
[106.251s][info][gc,phases,start] GC(547) Summary Phase
[106.251s][info][gc,phases      ] GC(547) Summary Phase 0.017ms
[106.251s][info][gc,phases,start] GC(547) Adjust Roots
[106.252s][info][gc,phases      ] GC(547) Adjust Roots 0.188ms
[106.252s][info][gc,phases,start] GC(547) Compaction Phase
[106.307s][info][gc,phases      ] GC(547) Compaction Phase 55.667ms
[106.307s][info][gc,phases,start] GC(547) Post Compact
[106.309s][info][gc,phases      ] GC(547) Post Compact 1.501ms
[106.309s][info][gc,heap        ] GC(547) PSYoungGen: 23532K(78848K)->23532K(78848K) Eden: 22015K(22016K)->22015K(22016K) From: 1516K(56832K)->1516K(56832K)
[106.309s][info][gc,heap        ] GC(547) ParOldGen: 340642K(341504K)->340642K(341504K)
[106.309s][info][gc,metaspace   ] GC(547) Metaspace: 6302K(6528K)->6302K(6528K) NonClass: 5769K(5888K)->5769K(5888K) Class: 533K(640K)->533K(640K)
[106.309s][info][gc             ] GC(547) Pause Full (Ergonomics) 355M->355M(410M) 203.297ms
[106.309s][info][gc,cpu         ] GC(547) User=0.31s Sys=0.00s Real=0.20s
[106.309s][info][gc,start       ] GC(548) Pause Full (Ergonomics)
[106.309s][info][gc,phases,start] GC(548) Marking Phase
[106.454s][info][gc,phases      ] GC(548) Marking Phase 144.655ms
[106.454s][info][gc,phases,start] GC(548) Summary Phase
[106.454s][info][gc,phases      ] GC(548) Summary Phase 0.022ms
[106.454s][info][gc,phases,start] GC(548) Adjust Roots
[106.454s][info][gc,phases      ] GC(548) Adjust Roots 0.214ms
[106.454s][info][gc,phases,start] GC(548) Compaction Phase
[106.509s][info][gc,phases      ] GC(548) Compaction Phase 54.695ms
[106.509s][info][gc,phases,start] GC(548) Post Compact
[106.510s][info][gc,phases      ] GC(548) Post Compact 1.484ms
[106.511s][info][gc,heap        ] GC(548) PSYoungGen: 23532K(78848K)->23532K(78848K) Eden: 22015K(22016K)->22015K(22016K) From: 1516K(56832K)->1516K(56832K)
[106.511s][info][gc,heap        ] GC(548) ParOldGen: 340647K(341504K)->340647K(341504K)
[106.511s][info][gc,metaspace   ] GC(548) Metaspace: 6302K(6528K)->6302K(6528K) NonClass: 5769K(5888K)->5769K(5888K) Class: 533K(640K)->533K(640K)
[106.511s][info][gc             ] GC(548) Pause Full (Ergonomics) 355M->355M(410M) 201.425ms
[106.511s][info][gc,cpu         ] GC(548) User=0.34s Sys=0.00s Real=0.20s
[106.511s][info][gc,start       ] GC(549) Pause Full (Ergonomics)
[106.511s][info][gc,phases,start] GC(549) Marking Phase
[106.655s][info][gc,phases      ] GC(549) Marking Phase 143.731ms
[106.655s][info][gc,phases,start] GC(549) Summary Phase
[106.655s][info][gc,phases      ] GC(549) Summary Phase 0.022ms
[106.655s][info][gc,phases,start] GC(549) Adjust Roots
[106.655s][info][gc,phases      ] GC(549) Adjust Roots 0.196ms
[106.655s][info][gc,phases,start] GC(549) Compaction Phase
[106.710s][info][gc,phases      ] GC(549) Compaction Phase 54.609ms
[106.710s][info][gc,phases,start] GC(549) Post Compact
[106.711s][info][gc,phases      ] GC(549) Post Compact 1.485ms
[106.711s][info][gc,heap        ] GC(549) PSYoungGen: 23532K(78848K)->23532K(78848K) Eden: 22015K(22016K)->22015K(22016K) From: 1516K(56832K)->1516K(56832K)
[106.711s][info][gc,heap        ] GC(549) ParOldGen: 340651K(341504K)->340651K(341504K)
[106.711s][info][gc,metaspace   ] GC(549) Metaspace: 6302K(6528K)->6302K(6528K) NonClass: 5769K(5888K)->5769K(5888K) Class: 533K(640K)->533K(640K)
[106.711s][info][gc             ] GC(549) Pause Full (Ergonomics) 355M->355M(410M) 200.407ms
[106.711s][info][gc,cpu         ] GC(549) User=0.33s Sys=0.02s Real=0.20s
[106.712s][info][gc,start       ] GC(550) Pause Full (Ergonomics)
[106.712s][info][gc,phases,start] GC(550) Marking Phase
[106.857s][info][gc,phases      ] GC(550) Marking Phase 145.008ms
[106.857s][info][gc,phases,start] GC(550) Summary Phase
[106.857s][info][gc,phases      ] GC(550) Summary Phase 0.023ms
[106.857s][info][gc,phases,start] GC(550) Adjust Roots
[106.857s][info][gc,phases      ] GC(550) Adjust Roots 0.196ms
[106.857s][info][gc,phases,start] GC(550) Compaction Phase
[106.912s][info][gc,phases      ] GC(550) Compaction Phase 54.766ms
[106.912s][info][gc,phases,start] GC(550) Post Compact
[106.913s][info][gc,phases      ] GC(550) Post Compact 1.555ms
[106.913s][info][gc,heap        ] GC(550) PSYoungGen: 23532K(78848K)->23532K(78848K) Eden: 22015K(22016K)->22015K(22016K) From: 1516K(56832K)->1516K(56832K)
[106.913s][info][gc,heap        ] GC(550) ParOldGen: 340656K(341504K)->340656K(341504K)
[106.913s][info][gc,metaspace   ] GC(550) Metaspace: 6302K(6528K)->6302K(6528K) NonClass: 5769K(5888K)->5769K(5888K) Class: 533K(640K)->533K(640K)
[106.913s][info][gc             ] GC(550) Pause Full (Ergonomics) 355M->355M(410M) 201.876ms
[106.913s][info][gc,cpu         ] GC(550) User=0.34s Sys=0.02s Real=0.20s
[106.914s][info][gc,start       ] GC(551) Pause Full (Ergonomics)
[106.914s][info][gc,phases,start] GC(551) Marking Phase
[107.059s][info][gc,phases      ] GC(551) Marking Phase 144.916ms
[107.059s][info][gc,phases,start] GC(551) Summary Phase
[107.059s][info][gc,phases      ] GC(551) Summary Phase 0.022ms
[107.059s][info][gc,phases,start] GC(551) Adjust Roots
[107.059s][info][gc,phases      ] GC(551) Adjust Roots 0.186ms
[107.059s][info][gc,phases,start] GC(551) Compaction Phase
[107.114s][info][gc,phases      ] GC(551) Compaction Phase 54.652ms
[107.114s][info][gc,phases,start] GC(551) Post Compact
[107.115s][info][gc,phases      ] GC(551) Post Compact 1.497ms
[107.115s][info][gc,heap        ] GC(551) PSYoungGen: 23532K(78848K)->23532K(78848K) Eden: 22015K(22016K)->22015K(22016K) From: 1516K(56832K)->1516K(56832K)
[107.115s][info][gc,heap        ] GC(551) ParOldGen: 340661K(341504K)->340661K(341504K)
[107.115s][info][gc,metaspace   ] GC(551) Metaspace: 6302K(6528K)->6302K(6528K) NonClass: 5769K(5888K)->5769K(5888K) Class: 533K(640K)->533K(640K)
[107.115s][info][gc             ] GC(551) Pause Full (Ergonomics) 355M->355M(410M) 201.602ms
[107.115s][info][gc,cpu         ] GC(551) User=0.38s Sys=0.00s Real=0.20s
[107.116s][info][gc,start       ] GC(552) Pause Full (Ergonomics)
[107.116s][info][gc,phases,start] GC(552) Marking Phase
[107.260s][info][gc,phases      ] GC(552) Marking Phase 144.033ms
[107.260s][info][gc,phases,start] GC(552) Summary Phase
[107.260s][info][gc,phases      ] GC(552) Summary Phase 0.022ms
[107.260s][info][gc,phases,start] GC(552) Adjust Roots
[107.260s][info][gc,phases      ] GC(552) Adjust Roots 0.206ms
[107.260s][info][gc,phases,start] GC(552) Compaction Phase
[107.315s][info][gc,phases      ] GC(552) Compaction Phase 54.603ms
[107.315s][info][gc,phases,start] GC(552) Post Compact
[107.316s][info][gc,phases      ] GC(552) Post Compact 1.515ms
[107.316s][info][gc,heap        ] GC(552) PSYoungGen: 23532K(78848K)->23532K(78848K) Eden: 22015K(22016K)->22015K(22016K) From: 1516K(56832K)->1516K(56832K)
[107.316s][info][gc,heap        ] GC(552) ParOldGen: 340665K(341504K)->340665K(341504K)
[107.316s][info][gc,metaspace   ] GC(552) Metaspace: 6302K(6528K)->6302K(6528K) NonClass: 5769K(5888K)->5769K(5888K) Class: 533K(640K)->533K(640K)
[107.316s][info][gc             ] GC(552) Pause Full (Ergonomics) 355M->355M(410M) 200.698ms
[107.316s][info][gc,cpu         ] GC(552) User=0.31s Sys=0.00s Real=0.20s
[107.317s][info][gc,start       ] GC(553) Pause Full (Ergonomics)
[107.317s][info][gc,phases,start] GC(553) Marking Phase
[107.460s][info][gc,phases      ] GC(553) Marking Phase 143.649ms
[107.460s][info][gc,phases,start] GC(553) Summary Phase
[107.460s][info][gc,phases      ] GC(553) Summary Phase 0.022ms
[107.460s][info][gc,phases,start] GC(553) Adjust Roots
[107.460s][info][gc,phases      ] GC(553) Adjust Roots 0.202ms
[107.461s][info][gc,phases,start] GC(553) Compaction Phase
[107.515s][info][gc,phases      ] GC(553) Compaction Phase 54.573ms
[107.515s][info][gc,phases,start] GC(553) Post Compact
[107.517s][info][gc,phases      ] GC(553) Post Compact 1.523ms
[107.517s][info][gc,heap        ] GC(553) PSYoungGen: 23532K(78848K)->23532K(78848K) Eden: 22015K(22016K)->22015K(22016K) From: 1516K(56832K)->1516K(56832K)
[107.517s][info][gc,heap        ] GC(553) ParOldGen: 340670K(341504K)->340670K(341504K)
[107.517s][info][gc,metaspace   ] GC(553) Metaspace: 6302K(6528K)->6302K(6528K) NonClass: 5769K(5888K)->5769K(5888K) Class: 533K(640K)->533K(640K)
[107.517s][info][gc             ] GC(553) Pause Full (Ergonomics) 355M->355M(410M) 200.297ms
[107.517s][info][gc,cpu         ] GC(553) User=0.31s Sys=0.00s Real=0.20s
[107.517s][info][gc,start       ] GC(554) Pause Full (Ergonomics)
[107.517s][info][gc,phases,start] GC(554) Marking Phase
[107.662s][info][gc,phases      ] GC(554) Marking Phase 144.918ms
[107.662s][info][gc,phases,start] GC(554) Summary Phase
[107.662s][info][gc,phases      ] GC(554) Summary Phase 0.022ms
[107.662s][info][gc,phases,start] GC(554) Adjust Roots
[107.662s][info][gc,phases      ] GC(554) Adjust Roots 0.217ms
[107.662s][info][gc,phases,start] GC(554) Compaction Phase
[107.717s][info][gc,phases      ] GC(554) Compaction Phase 54.689ms
[107.717s][info][gc,phases,start] GC(554) Post Compact
[107.719s][info][gc,phases      ] GC(554) Post Compact 1.558ms
[107.719s][info][gc,heap        ] GC(554) PSYoungGen: 23532K(78848K)->23532K(78848K) Eden: 22015K(22016K)->22015K(22016K) From: 1516K(56832K)->1516K(56832K)
[107.719s][info][gc,heap        ] GC(554) ParOldGen: 340675K(341504K)->340675K(341504K)
[107.719s][info][gc,metaspace   ] GC(554) Metaspace: 6302K(6528K)->6302K(6528K) NonClass: 5769K(5888K)->5769K(5888K) Class: 533K(640K)->533K(640K)
[107.719s][info][gc             ] GC(554) Pause Full (Ergonomics) 355M->355M(410M) 201.785ms
[107.719s][info][gc,cpu         ] GC(554) User=0.34s Sys=0.00s Real=0.20s
[107.719s][info][gc,start       ] GC(555) Pause Full (Ergonomics)
[107.719s][info][gc,phases,start] GC(555) Marking Phase
[107.863s][info][gc,phases      ] GC(555) Marking Phase 144.012ms
[107.863s][info][gc,phases,start] GC(555) Summary Phase
[107.863s][info][gc,phases      ] GC(555) Summary Phase 0.022ms
[107.863s][info][gc,phases,start] GC(555) Adjust Roots
[107.863s][info][gc,phases      ] GC(555) Adjust Roots 0.197ms
[107.863s][info][gc,phases,start] GC(555) Compaction Phase
[107.918s][info][gc,phases      ] GC(555) Compaction Phase 54.884ms
[107.918s][info][gc,phases,start] GC(555) Post Compact
[107.920s][info][gc,phases      ] GC(555) Post Compact 1.592ms
[107.920s][info][gc,heap        ] GC(555) PSYoungGen: 23532K(78848K)->23532K(78848K) Eden: 22015K(22016K)->22015K(22016K) From: 1516K(56832K)->1516K(56832K)
[107.920s][info][gc,heap        ] GC(555) ParOldGen: 340679K(341504K)->340679K(341504K)
[107.920s][info][gc,metaspace   ] GC(555) Metaspace: 6302K(6528K)->6302K(6528K) NonClass: 5769K(5888K)->5769K(5888K) Class: 533K(640K)->533K(640K)
[107.920s][info][gc             ] GC(555) Pause Full (Ergonomics) 355M->355M(410M) 201.030ms
[107.920s][info][gc,cpu         ] GC(555) User=0.33s Sys=0.00s Real=0.20s
[107.920s][info][gc,start       ] GC(556) Pause Full (Ergonomics)
[107.920s][info][gc,phases,start] GC(556) Marking Phase
[108.065s][info][gc,phases      ] GC(556) Marking Phase 144.998ms
[108.066s][info][gc,phases,start] GC(556) Summary Phase
[108.066s][info][gc,phases      ] GC(556) Summary Phase 0.023ms
[108.066s][info][gc,phases,start] GC(556) Adjust Roots
[108.066s][info][gc,phases      ] GC(556) Adjust Roots 0.198ms
[108.066s][info][gc,phases,start] GC(556) Compaction Phase
[108.120s][info][gc,phases      ] GC(556) Compaction Phase 54.258ms
[108.120s][info][gc,phases,start] GC(556) Post Compact
[108.122s][info][gc,phases      ] GC(556) Post Compact 1.509ms
[108.122s][info][gc,heap        ] GC(556) PSYoungGen: 23532K(78848K)->23532K(78848K) Eden: 22015K(22016K)->22015K(22016K) From: 1516K(56832K)->1516K(56832K)
[108.122s][info][gc,heap        ] GC(556) ParOldGen: 340684K(341504K)->340684K(341504K)
[108.122s][info][gc,metaspace   ] GC(556) Metaspace: 6302K(6528K)->6302K(6528K) NonClass: 5769K(5888K)->5769K(5888K) Class: 533K(640K)->533K(640K)
[108.122s][info][gc             ] GC(556) Pause Full (Ergonomics) 355M->355M(410M) 201.347ms
[108.122s][info][gc,cpu         ] GC(556) User=0.31s Sys=0.00s Real=0.20s
[108.122s][info][gc,start       ] GC(557) Pause Full (Ergonomics)
[108.122s][info][gc,phases,start] GC(557) Marking Phase
[108.276s][info][gc,phases      ] GC(557) Marking Phase 154.405ms
[108.277s][info][gc,phases,start] GC(557) Summary Phase
[108.277s][info][gc,phases      ] GC(557) Summary Phase 0.023ms
[108.277s][info][gc,phases,start] GC(557) Adjust Roots
[108.277s][info][gc,phases      ] GC(557) Adjust Roots 0.194ms
[108.277s][info][gc,phases,start] GC(557) Compaction Phase
[108.331s][info][gc,phases      ] GC(557) Compaction Phase 54.396ms
[108.331s][info][gc,phases,start] GC(557) Post Compact
[108.333s][info][gc,phases      ] GC(557) Post Compact 1.470ms
[108.333s][info][gc,heap        ] GC(557) PSYoungGen: 23532K(78848K)->23532K(78848K) Eden: 22015K(22016K)->22015K(22016K) From: 1516K(56832K)->1516K(56832K)
[108.333s][info][gc,heap        ] GC(557) ParOldGen: 340689K(341504K)->340689K(341504K)
[108.333s][info][gc,metaspace   ] GC(557) Metaspace: 6302K(6528K)->6302K(6528K) NonClass: 5769K(5888K)->5769K(5888K) Class: 533K(640K)->533K(640K)
[108.333s][info][gc             ] GC(557) Pause Full (Ergonomics) 355M->355M(410M) 210.810ms
[108.333s][info][gc,cpu         ] GC(557) User=0.38s Sys=0.00s Real=0.21s
[108.333s][info][gc,start       ] GC(558) Pause Full (Ergonomics)
[108.333s][info][gc,phases,start] GC(558) Marking Phase
[108.477s][info][gc,phases      ] GC(558) Marking Phase 144.004ms
[108.477s][info][gc,phases,start] GC(558) Summary Phase
[108.477s][info][gc,phases      ] GC(558) Summary Phase 0.022ms
[108.477s][info][gc,phases,start] GC(558) Adjust Roots
[108.477s][info][gc,phases      ] GC(558) Adjust Roots 0.199ms
[108.477s][info][gc,phases,start] GC(558) Compaction Phase
[108.533s][info][gc,phases      ] GC(558) Compaction Phase 55.052ms
[108.533s][info][gc,phases,start] GC(558) Post Compact
[108.534s][info][gc,phases      ] GC(558) Post Compact 1.508ms
[108.534s][info][gc,heap        ] GC(558) PSYoungGen: 23532K(78848K)->23532K(78848K) Eden: 22015K(22016K)->22015K(22016K) From: 1516K(56832K)->1516K(56832K)
[108.534s][info][gc,heap        ] GC(558) ParOldGen: 340693K(341504K)->340693K(341504K)
[108.534s][info][gc,metaspace   ] GC(558) Metaspace: 6302K(6528K)->6302K(6528K) NonClass: 5769K(5888K)->5769K(5888K) Class: 533K(640K)->533K(640K)
[108.534s][info][gc             ] GC(558) Pause Full (Ergonomics) 355M->355M(410M) 201.136ms
[108.534s][info][gc,cpu         ] GC(558) User=0.31s Sys=0.00s Real=0.20s
[108.535s][info][gc,start       ] GC(559) Pause Full (Ergonomics)
[108.535s][info][gc,phases,start] GC(559) Marking Phase
[108.681s][info][gc,phases      ] GC(559) Marking Phase 146.022ms
[108.681s][info][gc,phases,start] GC(559) Summary Phase
[108.681s][info][gc,phases      ] GC(559) Summary Phase 0.024ms
[108.681s][info][gc,phases,start] GC(559) Adjust Roots
[108.681s][info][gc,phases      ] GC(559) Adjust Roots 0.205ms
[108.681s][info][gc,phases,start] GC(559) Compaction Phase
[108.738s][info][gc,phases      ] GC(559) Compaction Phase 56.612ms
[108.738s][info][gc,phases,start] GC(559) Post Compact
[108.739s][info][gc,phases      ] GC(559) Post Compact 1.486ms
[108.739s][info][gc,heap        ] GC(559) PSYoungGen: 23532K(78848K)->23532K(78848K) Eden: 22015K(22016K)->22015K(22016K) From: 1516K(56832K)->1516K(56832K)
[108.739s][info][gc,heap        ] GC(559) ParOldGen: 340698K(341504K)->340698K(341504K)
[108.739s][info][gc,metaspace   ] GC(559) Metaspace: 6302K(6528K)->6302K(6528K) NonClass: 5769K(5888K)->5769K(5888K) Class: 533K(640K)->533K(640K)
[108.739s][info][gc             ] GC(559) Pause Full (Ergonomics) 355M->355M(410M) 204.705ms
[108.739s][info][gc,cpu         ] GC(559) User=0.33s Sys=0.00s Real=0.21s
[108.739s][info][gc,start       ] GC(560) Pause Full (Ergonomics)
[108.739s][info][gc,phases,start] GC(560) Marking Phase
[108.884s][info][gc,phases      ] GC(560) Marking Phase 144.208ms
[108.884s][info][gc,phases,start] GC(560) Summary Phase
[108.884s][info][gc,phases      ] GC(560) Summary Phase 0.023ms
[108.884s][info][gc,phases,start] GC(560) Adjust Roots
[108.884s][info][gc,phases      ] GC(560) Adjust Roots 0.186ms
[108.884s][info][gc,phases,start] GC(560) Compaction Phase
[108.939s][info][gc,phases      ] GC(560) Compaction Phase 54.783ms
[108.939s][info][gc,phases,start] GC(560) Post Compact
[108.940s][info][gc,phases      ] GC(560) Post Compact 1.476ms
[108.940s][info][gc,heap        ] GC(560) PSYoungGen: 23532K(78848K)->23532K(78848K) Eden: 22015K(22016K)->22015K(22016K) From: 1516K(56832K)->1516K(56832K)
[108.940s][info][gc,heap        ] GC(560) ParOldGen: 340703K(341504K)->340703K(341504K)
[108.940s][info][gc,metaspace   ] GC(560) Metaspace: 6302K(6528K)->6302K(6528K) NonClass: 5769K(5888K)->5769K(5888K) Class: 533K(640K)->533K(640K)
[108.940s][info][gc             ] GC(560) Pause Full (Ergonomics) 355M->355M(410M) 201.002ms
[108.940s][info][gc,cpu         ] GC(560) User=0.30s Sys=0.02s Real=0.20s
[108.941s][info][gc,start       ] GC(561) Pause Full (Ergonomics)
[108.941s][info][gc,phases,start] GC(561) Marking Phase
[109.085s][info][gc,phases      ] GC(561) Marking Phase 144.031ms
[109.085s][info][gc,phases,start] GC(561) Summary Phase
[109.085s][info][gc,phases      ] GC(561) Summary Phase 0.024ms
[109.085s][info][gc,phases,start] GC(561) Adjust Roots
[109.085s][info][gc,phases      ] GC(561) Adjust Roots 0.214ms
[109.085s][info][gc,phases,start] GC(561) Compaction Phase
[109.140s][info][gc,phases      ] GC(561) Compaction Phase 54.562ms
[109.140s][info][gc,phases,start] GC(561) Post Compact
[109.141s][info][gc,phases      ] GC(561) Post Compact 1.504ms
[109.141s][info][gc,heap        ] GC(561) PSYoungGen: 23532K(78848K)->23532K(78848K) Eden: 22015K(22016K)->22015K(22016K) From: 1516K(56832K)->1516K(56832K)
[109.141s][info][gc,heap        ] GC(561) ParOldGen: 340707K(341504K)->340707K(341504K)
[109.141s][info][gc,metaspace   ] GC(561) Metaspace: 6302K(6528K)->6302K(6528K) NonClass: 5769K(5888K)->5769K(5888K) Class: 533K(640K)->533K(640K)
[109.141s][info][gc             ] GC(561) Pause Full (Ergonomics) 355M->355M(410M) 200.684ms
[109.141s][info][gc,cpu         ] GC(561) User=0.31s Sys=0.00s Real=0.20s
[109.142s][info][gc,start       ] GC(562) Pause Full (Ergonomics)
[109.142s][info][gc,phases,start] GC(562) Marking Phase
[109.286s][info][gc,phases      ] GC(562) Marking Phase 144.625ms
[109.286s][info][gc,phases,start] GC(562) Summary Phase
[109.286s][info][gc,phases      ] GC(562) Summary Phase 0.018ms
[109.286s][info][gc,phases,start] GC(562) Adjust Roots
[109.287s][info][gc,phases      ] GC(562) Adjust Roots 0.195ms
[109.287s][info][gc,phases,start] GC(562) Compaction Phase
[109.343s][info][gc,phases      ] GC(562) Compaction Phase 56.082ms
[109.343s][info][gc,phases,start] GC(562) Post Compact
[109.344s][info][gc,phases      ] GC(562) Post Compact 1.499ms
[109.344s][info][gc,heap        ] GC(562) PSYoungGen: 23532K(78848K)->23532K(78848K) Eden: 22015K(22016K)->22015K(22016K) From: 1516K(56832K)->1516K(56832K)
[109.344s][info][gc,heap        ] GC(562) ParOldGen: 340712K(341504K)->340712K(341504K)
[109.344s][info][gc,metaspace   ] GC(562) Metaspace: 6302K(6528K)->6302K(6528K) NonClass: 5769K(5888K)->5769K(5888K) Class: 533K(640K)->533K(640K)
[109.344s][info][gc             ] GC(562) Pause Full (Ergonomics) 355M->355M(410M) 202.761ms
[109.344s][info][gc,cpu         ] GC(562) User=0.30s Sys=0.02s Real=0.20s
[109.345s][info][gc,start       ] GC(563) Pause Full (Ergonomics)
[109.345s][info][gc,phases,start] GC(563) Marking Phase
[109.490s][info][gc,phases      ] GC(563) Marking Phase 145.226ms
[109.490s][info][gc,phases,start] GC(563) Summary Phase
[109.490s][info][gc,phases      ] GC(563) Summary Phase 0.023ms
[109.490s][info][gc,phases,start] GC(563) Adjust Roots
[109.490s][info][gc,phases      ] GC(563) Adjust Roots 0.188ms
[109.490s][info][gc,phases,start] GC(563) Compaction Phase
[109.545s][info][gc,phases      ] GC(563) Compaction Phase 54.518ms
[109.545s][info][gc,phases,start] GC(563) Post Compact
[109.546s][info][gc,phases      ] GC(563) Post Compact 1.487ms
[109.546s][info][gc,heap        ] GC(563) PSYoungGen: 23532K(78848K)->23532K(78848K) Eden: 22015K(22016K)->22015K(22016K) From: 1516K(56832K)->1516K(56832K)
[109.546s][info][gc,heap        ] GC(563) ParOldGen: 340717K(341504K)->340717K(341504K)
[109.546s][info][gc,metaspace   ] GC(563) Metaspace: 6302K(6528K)->6302K(6528K) NonClass: 5769K(5888K)->5769K(5888K) Class: 533K(640K)->533K(640K)
[109.546s][info][gc             ] GC(563) Pause Full (Ergonomics) 355M->355M(410M) 201.767ms
[109.546s][info][gc,cpu         ] GC(563) User=0.34s Sys=0.00s Real=0.20s
[109.547s][info][gc,start       ] GC(564) Pause Full (Ergonomics)
[109.547s][info][gc,phases,start] GC(564) Marking Phase
[109.690s][info][gc,phases      ] GC(564) Marking Phase 143.476ms
[109.690s][info][gc,phases,start] GC(564) Summary Phase
[109.690s][info][gc,phases      ] GC(564) Summary Phase 0.022ms
[109.690s][info][gc,phases,start] GC(564) Adjust Roots
[109.691s][info][gc,phases      ] GC(564) Adjust Roots 0.200ms
[109.691s][info][gc,phases,start] GC(564) Compaction Phase
[109.745s][info][gc,phases      ] GC(564) Compaction Phase 54.331ms
[109.745s][info][gc,phases,start] GC(564) Post Compact
[109.746s][info][gc,phases      ] GC(564) Post Compact 1.488ms
[109.747s][info][gc,heap        ] GC(564) PSYoungGen: 23532K(78848K)->23532K(78848K) Eden: 22015K(22016K)->22015K(22016K) From: 1516K(56832K)->1516K(56832K)
[109.747s][info][gc,heap        ] GC(564) ParOldGen: 340721K(341504K)->340721K(341504K)
[109.747s][info][gc,metaspace   ] GC(564) Metaspace: 6302K(6528K)->6302K(6528K) NonClass: 5769K(5888K)->5769K(5888K) Class: 533K(640K)->533K(640K)
[109.747s][info][gc             ] GC(564) Pause Full (Ergonomics) 355M->355M(410M) 199.842ms
[109.747s][info][gc,cpu         ] GC(564) User=0.31s Sys=0.00s Real=0.20s
[109.747s][info][gc,start       ] GC(565) Pause Full (Ergonomics)
[109.747s][info][gc,phases,start] GC(565) Marking Phase
[109.891s][info][gc,phases      ] GC(565) Marking Phase 143.947ms
[109.891s][info][gc,phases,start] GC(565) Summary Phase
[109.891s][info][gc,phases      ] GC(565) Summary Phase 0.022ms
[109.891s][info][gc,phases,start] GC(565) Adjust Roots
[109.891s][info][gc,phases      ] GC(565) Adjust Roots 0.202ms
[109.891s][info][gc,phases,start] GC(565) Compaction Phase
[109.946s][info][gc,phases      ] GC(565) Compaction Phase 54.746ms
[109.946s][info][gc,phases,start] GC(565) Post Compact
[109.947s][info][gc,phases      ] GC(565) Post Compact 1.511ms
[109.948s][info][gc,heap        ] GC(565) PSYoungGen: 23532K(78848K)->23532K(78848K) Eden: 22015K(22016K)->22015K(22016K) From: 1516K(56832K)->1516K(56832K)
[109.948s][info][gc,heap        ] GC(565) ParOldGen: 340726K(341504K)->340726K(341504K)
[109.948s][info][gc,metaspace   ] GC(565) Metaspace: 6302K(6528K)->6302K(6528K) NonClass: 5769K(5888K)->5769K(5888K) Class: 533K(640K)->533K(640K)
[109.948s][info][gc             ] GC(565) Pause Full (Ergonomics) 355M->355M(410M) 200.749ms
[109.948s][info][gc,cpu         ] GC(565) User=0.31s Sys=0.00s Real=0.20s
[109.948s][info][gc,start       ] GC(566) Pause Full (Ergonomics)
[109.948s][info][gc,phases,start] GC(566) Marking Phase
[110.092s][info][gc,phases      ] GC(566) Marking Phase 144.268ms
[110.092s][info][gc,phases,start] GC(566) Summary Phase
[110.092s][info][gc,phases      ] GC(566) Summary Phase 0.023ms
[110.092s][info][gc,phases,start] GC(566) Adjust Roots
[110.092s][info][gc,phases      ] GC(566) Adjust Roots 0.187ms
[110.092s][info][gc,phases,start] GC(566) Compaction Phase
[110.147s][info][gc,phases      ] GC(566) Compaction Phase 54.731ms
[110.147s][info][gc,phases,start] GC(566) Post Compact
[110.149s][info][gc,phases      ] GC(566) Post Compact 1.508ms
[110.149s][info][gc,heap        ] GC(566) PSYoungGen: 23532K(78848K)->23532K(78848K) Eden: 22015K(22016K)->22015K(22016K) From: 1516K(56832K)->1516K(56832K)
[110.149s][info][gc,heap        ] GC(566) ParOldGen: 340731K(341504K)->340731K(341504K)
[110.149s][info][gc,metaspace   ] GC(566) Metaspace: 6302K(6528K)->6302K(6528K) NonClass: 5769K(5888K)->5769K(5888K) Class: 533K(640K)->533K(640K)
[110.149s][info][gc             ] GC(566) Pause Full (Ergonomics) 355M->355M(410M) 201.078ms
[110.149s][info][gc,cpu         ] GC(566) User=0.34s Sys=0.00s Real=0.20s
[110.149s][info][gc,start       ] GC(567) Pause Full (Ergonomics)
[110.149s][info][gc,phases,start] GC(567) Marking Phase
[110.293s][info][gc,phases      ] GC(567) Marking Phase 144.105ms
[110.293s][info][gc,phases,start] GC(567) Summary Phase
[110.293s][info][gc,phases      ] GC(567) Summary Phase 0.022ms
[110.293s][info][gc,phases,start] GC(567) Adjust Roots
[110.294s][info][gc,phases      ] GC(567) Adjust Roots 0.199ms
[110.294s][info][gc,phases,start] GC(567) Compaction Phase
[110.348s][info][gc,phases      ] GC(567) Compaction Phase 54.828ms
[110.349s][info][gc,phases,start] GC(567) Post Compact
[110.350s][info][gc,phases      ] GC(567) Post Compact 1.500ms
[110.350s][info][gc,heap        ] GC(567) PSYoungGen: 23532K(78848K)->23532K(78848K) Eden: 22015K(22016K)->22015K(22016K) From: 1516K(56832K)->1516K(56832K)
[110.350s][info][gc,heap        ] GC(567) ParOldGen: 340735K(341504K)->340735K(341504K)
[110.350s][info][gc,metaspace   ] GC(567) Metaspace: 6302K(6528K)->6302K(6528K) NonClass: 5769K(5888K)->5769K(5888K) Class: 533K(640K)->533K(640K)
[110.350s][info][gc             ] GC(567) Pause Full (Ergonomics) 355M->355M(410M) 201.016ms
[110.350s][info][gc,cpu         ] GC(567) User=0.31s Sys=0.00s Real=0.20s
[110.350s][info][gc,start       ] GC(568) Pause Full (Ergonomics)
[110.350s][info][gc,phases,start] GC(568) Marking Phase
[110.495s][info][gc,phases      ] GC(568) Marking Phase 144.945ms
[110.495s][info][gc,phases,start] GC(568) Summary Phase
[110.496s][info][gc,phases      ] GC(568) Summary Phase 0.022ms
[110.496s][info][gc,phases,start] GC(568) Adjust Roots
[110.496s][info][gc,phases      ] GC(568) Adjust Roots 0.206ms
[110.496s][info][gc,phases,start] GC(568) Compaction Phase
[110.550s][info][gc,phases      ] GC(568) Compaction Phase 54.216ms
[110.550s][info][gc,phases,start] GC(568) Post Compact
[110.552s][info][gc,phases      ] GC(568) Post Compact 1.602ms
[110.552s][info][gc,heap        ] GC(568) PSYoungGen: 23532K(78848K)->23532K(78848K) Eden: 22015K(22016K)->22015K(22016K) From: 1516K(56832K)->1516K(56832K)
[110.552s][info][gc,heap        ] GC(568) ParOldGen: 340740K(341504K)->340740K(341504K)
[110.552s][info][gc,metaspace   ] GC(568) Metaspace: 6302K(6528K)->6302K(6528K) NonClass: 5769K(5888K)->5769K(5888K) Class: 533K(640K)->533K(640K)
[110.552s][info][gc             ] GC(568) Pause Full (Ergonomics) 355M->355M(410M) 201.326ms
[110.552s][info][gc,cpu         ] GC(568) User=0.31s Sys=0.00s Real=0.20s
[110.552s][info][gc,start       ] GC(569) Pause Full (Ergonomics)
[110.552s][info][gc,phases,start] GC(569) Marking Phase
[110.697s][info][gc,phases      ] GC(569) Marking Phase 144.944ms
[110.697s][info][gc,phases,start] GC(569) Summary Phase
[110.697s][info][gc,phases      ] GC(569) Summary Phase 0.022ms
[110.697s][info][gc,phases,start] GC(569) Adjust Roots
[110.697s][info][gc,phases      ] GC(569) Adjust Roots 0.187ms
[110.697s][info][gc,phases,start] GC(569) Compaction Phase
[110.752s][info][gc,phases      ] GC(569) Compaction Phase 54.401ms
[110.752s][info][gc,phases,start] GC(569) Post Compact
[110.753s][info][gc,phases      ] GC(569) Post Compact 1.524ms
[110.753s][info][gc,heap        ] GC(569) PSYoungGen: 23532K(78848K)->23532K(78848K) Eden: 22015K(22016K)->22015K(22016K) From: 1516K(56832K)->1516K(56832K)
[110.753s][info][gc,heap        ] GC(569) ParOldGen: 340745K(341504K)->340745K(341504K)
[110.753s][info][gc,metaspace   ] GC(569) Metaspace: 6302K(6528K)->6302K(6528K) NonClass: 5769K(5888K)->5769K(5888K) Class: 533K(640K)->533K(640K)
[110.753s][info][gc             ] GC(569) Pause Full (Ergonomics) 355M->355M(410M) 201.422ms
[110.753s][info][gc,cpu         ] GC(569) User=0.34s Sys=0.00s Real=0.20s
[110.754s][info][gc,start       ] GC(570) Pause Full (Ergonomics)
[110.754s][info][gc,phases,start] GC(570) Marking Phase
[110.897s][info][gc,phases      ] GC(570) Marking Phase 143.619ms
[110.898s][info][gc,phases,start] GC(570) Summary Phase
[110.898s][info][gc,phases      ] GC(570) Summary Phase 0.024ms
[110.898s][info][gc,phases,start] GC(570) Adjust Roots
[110.898s][info][gc,phases      ] GC(570) Adjust Roots 0.210ms
[110.898s][info][gc,phases,start] GC(570) Compaction Phase
[110.953s][info][gc,phases      ] GC(570) Compaction Phase 54.930ms
[110.953s][info][gc,phases,start] GC(570) Post Compact
[110.954s][info][gc,phases      ] GC(570) Post Compact 1.491ms
[110.954s][info][gc,heap        ] GC(570) PSYoungGen: 23532K(78848K)->23532K(78848K) Eden: 22015K(22016K)->22015K(22016K) From: 1516K(56832K)->1516K(56832K)
[110.954s][info][gc,heap        ] GC(570) ParOldGen: 340749K(341504K)->340749K(341504K)
[110.954s][info][gc,metaspace   ] GC(570) Metaspace: 6302K(6528K)->6302K(6528K) NonClass: 5769K(5888K)->5769K(5888K) Class: 533K(640K)->533K(640K)
[110.954s][info][gc             ] GC(570) Pause Full (Ergonomics) 355M->355M(410M) 200.641ms
[110.954s][info][gc,cpu         ] GC(570) User=0.31s Sys=0.00s Real=0.20s
[110.955s][info][gc,start       ] GC(571) Pause Full (Ergonomics)
[110.955s][info][gc,phases,start] GC(571) Marking Phase
[111.098s][info][gc,phases      ] GC(571) Marking Phase 143.105ms
[111.098s][info][gc,phases,start] GC(571) Summary Phase
[111.098s][info][gc,phases      ] GC(571) Summary Phase 0.022ms
[111.098s][info][gc,phases,start] GC(571) Adjust Roots
[111.098s][info][gc,phases      ] GC(571) Adjust Roots 0.200ms
[111.098s][info][gc,phases,start] GC(571) Compaction Phase
[111.153s][info][gc,phases      ] GC(571) Compaction Phase 54.849ms
[111.153s][info][gc,phases,start] GC(571) Post Compact
[111.155s][info][gc,phases      ] GC(571) Post Compact 1.497ms
[111.155s][info][gc,heap        ] GC(571) PSYoungGen: 23532K(78848K)->23532K(78848K) Eden: 22015K(22016K)->22015K(22016K) From: 1516K(56832K)->1516K(56832K)
[111.155s][info][gc,heap        ] GC(571) ParOldGen: 340754K(341504K)->340754K(341504K)
[111.155s][info][gc,metaspace   ] GC(571) Metaspace: 6302K(6528K)->6302K(6528K) NonClass: 5769K(5888K)->5769K(5888K) Class: 533K(640K)->533K(640K)
[111.155s][info][gc             ] GC(571) Pause Full (Ergonomics) 355M->355M(410M) 200.022ms
[111.155s][info][gc,cpu         ] GC(571) User=0.31s Sys=0.00s Real=0.20s
[111.155s][info][gc,start       ] GC(572) Pause Full (Ergonomics)
[111.155s][info][gc,phases,start] GC(572) Marking Phase
[111.300s][info][gc,phases      ] GC(572) Marking Phase 145.210ms
[111.300s][info][gc,phases,start] GC(572) Summary Phase
[111.300s][info][gc,phases      ] GC(572) Summary Phase 0.023ms
[111.300s][info][gc,phases,start] GC(572) Adjust Roots
[111.301s][info][gc,phases      ] GC(572) Adjust Roots 0.188ms
[111.301s][info][gc,phases,start] GC(572) Compaction Phase
[111.356s][info][gc,phases      ] GC(572) Compaction Phase 54.971ms
[111.356s][info][gc,phases,start] GC(572) Post Compact
[111.357s][info][gc,phases      ] GC(572) Post Compact 1.484ms
[111.357s][info][gc,heap        ] GC(572) PSYoungGen: 23532K(78848K)->23532K(78848K) Eden: 22015K(22016K)->22015K(22016K) From: 1516K(56832K)->1516K(56832K)
[111.357s][info][gc,heap        ] GC(572) ParOldGen: 340759K(341504K)->340759K(341504K)
[111.357s][info][gc,metaspace   ] GC(572) Metaspace: 6302K(6528K)->6302K(6528K) NonClass: 5769K(5888K)->5769K(5888K) Class: 533K(640K)->533K(640K)
[111.357s][info][gc             ] GC(572) Pause Full (Ergonomics) 355M->355M(410M) 202.250ms
[111.357s][info][gc,cpu         ] GC(572) User=0.34s Sys=0.00s Real=0.20s
[111.358s][info][gc,start       ] GC(573) Pause Full (Ergonomics)
[111.358s][info][gc,phases,start] GC(573) Marking Phase
[111.502s][info][gc,phases      ] GC(573) Marking Phase 144.188ms
[111.502s][info][gc,phases,start] GC(573) Summary Phase
[111.502s][info][gc,phases      ] GC(573) Summary Phase 0.022ms
[111.502s][info][gc,phases,start] GC(573) Adjust Roots
[111.502s][info][gc,phases      ] GC(573) Adjust Roots 0.199ms
[111.502s][info][gc,phases,start] GC(573) Compaction Phase
[111.557s][info][gc,phases      ] GC(573) Compaction Phase 54.741ms
[111.557s][info][gc,phases,start] GC(573) Post Compact
[111.558s][info][gc,phases      ] GC(573) Post Compact 1.490ms
[111.558s][info][gc,heap        ] GC(573) PSYoungGen: 23532K(78848K)->23532K(78848K) Eden: 22015K(22016K)->22015K(22016K) From: 1516K(56832K)->1516K(56832K)
[111.558s][info][gc,heap        ] GC(573) ParOldGen: 340763K(341504K)->340763K(341504K)
[111.558s][info][gc,metaspace   ] GC(573) Metaspace: 6302K(6528K)->6302K(6528K) NonClass: 5769K(5888K)->5769K(5888K) Class: 533K(640K)->533K(640K)
[111.559s][info][gc             ] GC(573) Pause Full (Ergonomics) 355M->355M(410M) 200.969ms
[111.559s][info][gc,cpu         ] GC(573) User=0.31s Sys=0.00s Real=0.20s
[111.559s][info][gc,start       ] GC(574) Pause Full (Ergonomics)
[111.559s][info][gc,phases,start] GC(574) Marking Phase
[111.703s][info][gc,phases      ] GC(574) Marking Phase 144.180ms
[111.703s][info][gc,phases,start] GC(574) Summary Phase
[111.703s][info][gc,phases      ] GC(574) Summary Phase 0.022ms
[111.703s][info][gc,phases,start] GC(574) Adjust Roots
[111.703s][info][gc,phases      ] GC(574) Adjust Roots 0.201ms
[111.703s][info][gc,phases,start] GC(574) Compaction Phase
[111.757s][info][gc,phases      ] GC(574) Compaction Phase 54.182ms
[111.758s][info][gc,phases,start] GC(574) Post Compact
[111.759s][info][gc,phases      ] GC(574) Post Compact 1.482ms
[111.759s][info][gc,heap        ] GC(574) PSYoungGen: 23532K(78848K)->23532K(78848K) Eden: 22015K(22016K)->22015K(22016K) From: 1516K(56832K)->1516K(56832K)
[111.759s][info][gc,heap        ] GC(574) ParOldGen: 340768K(341504K)->340768K(341504K)
[111.759s][info][gc,metaspace   ] GC(574) Metaspace: 6302K(6528K)->6302K(6528K) NonClass: 5769K(5888K)->5769K(5888K) Class: 533K(640K)->533K(640K)
[111.759s][info][gc             ] GC(574) Pause Full (Ergonomics) 355M->355M(410M) 200.416ms
[111.759s][info][gc,cpu         ] GC(574) User=0.36s Sys=0.00s Real=0.20s
[111.759s][info][gc,start       ] GC(575) Pause Full (Ergonomics)
[111.759s][info][gc,phases,start] GC(575) Marking Phase
[111.904s][info][gc,phases      ] GC(575) Marking Phase 144.398ms
[111.904s][info][gc,phases,start] GC(575) Summary Phase
[111.904s][info][gc,phases      ] GC(575) Summary Phase 0.022ms
[111.904s][info][gc,phases,start] GC(575) Adjust Roots
[111.904s][info][gc,phases      ] GC(575) Adjust Roots 0.187ms
[111.904s][info][gc,phases,start] GC(575) Compaction Phase
[111.959s][info][gc,phases      ] GC(575) Compaction Phase 54.768ms
[111.959s][info][gc,phases,start] GC(575) Post Compact
[111.961s][info][gc,phases      ] GC(575) Post Compact 1.578ms
[111.961s][info][gc,heap        ] GC(575) PSYoungGen: 23532K(78848K)->23532K(78848K) Eden: 22015K(22016K)->22015K(22016K) From: 1516K(56832K)->1516K(56832K)
[111.961s][info][gc,heap        ] GC(575) ParOldGen: 340773K(341504K)->340773K(341504K)
[111.961s][info][gc,metaspace   ] GC(575) Metaspace: 6302K(6528K)->6302K(6528K) NonClass: 5769K(5888K)->5769K(5888K) Class: 533K(640K)->533K(640K)
[111.961s][info][gc             ] GC(575) Pause Full (Ergonomics) 355M->355M(410M) 201.296ms
[111.961s][info][gc,cpu         ] GC(575) User=0.34s Sys=0.00s Real=0.20s
[111.961s][info][gc,start       ] GC(576) Pause Full (Ergonomics)
[111.961s][info][gc,phases,start] GC(576) Marking Phase
[112.106s][info][gc,phases      ] GC(576) Marking Phase 144.680ms
[112.106s][info][gc,phases,start] GC(576) Summary Phase
[112.106s][info][gc,phases      ] GC(576) Summary Phase 0.022ms
[112.106s][info][gc,phases,start] GC(576) Adjust Roots
[112.106s][info][gc,phases      ] GC(576) Adjust Roots 0.207ms
[112.106s][info][gc,phases,start] GC(576) Compaction Phase
[112.161s][info][gc,phases      ] GC(576) Compaction Phase 54.533ms
[112.161s][info][gc,phases,start] GC(576) Post Compact
[112.162s][info][gc,phases      ] GC(576) Post Compact 1.613ms
[112.162s][info][gc,heap        ] GC(576) PSYoungGen: 23532K(78848K)->23532K(78848K) Eden: 22015K(22016K)->22015K(22016K) From: 1516K(56832K)->1516K(56832K)
[112.162s][info][gc,heap        ] GC(576) ParOldGen: 340777K(341504K)->340777K(341504K)
[112.162s][info][gc,metaspace   ] GC(576) Metaspace: 6302K(6528K)->6302K(6528K) NonClass: 5769K(5888K)->5769K(5888K) Class: 533K(640K)->533K(640K)
[112.162s][info][gc             ] GC(576) Pause Full (Ergonomics) 355M->355M(410M) 201.389ms
[112.162s][info][gc,cpu         ] GC(576) User=0.34s Sys=0.00s Real=0.20s
[112.163s][info][gc,start       ] GC(577) Pause Full (Ergonomics)
[112.163s][info][gc,phases,start] GC(577) Marking Phase
[112.307s][info][gc,phases      ] GC(577) Marking Phase 144.706ms
[112.307s][info][gc,phases,start] GC(577) Summary Phase
[112.307s][info][gc,phases      ] GC(577) Summary Phase 0.023ms
[112.307s][info][gc,phases,start] GC(577) Adjust Roots
[112.308s][info][gc,phases      ] GC(577) Adjust Roots 0.206ms
[112.308s][info][gc,phases,start] GC(577) Compaction Phase
[112.362s][info][gc,phases      ] GC(577) Compaction Phase 54.745ms
[112.363s][info][gc,phases,start] GC(577) Post Compact
[112.364s][info][gc,phases      ] GC(577) Post Compact 1.491ms
[112.364s][info][gc,heap        ] GC(577) PSYoungGen: 23532K(78848K)->23532K(78848K) Eden: 22015K(22016K)->22015K(22016K) From: 1516K(56832K)->1516K(56832K)
[112.364s][info][gc,heap        ] GC(577) ParOldGen: 340782K(341504K)->340782K(341504K)
[112.364s][info][gc,metaspace   ] GC(577) Metaspace: 6302K(6528K)->6302K(6528K) NonClass: 5769K(5888K)->5769K(5888K) Class: 533K(640K)->533K(640K)
[112.364s][info][gc             ] GC(577) Pause Full (Ergonomics) 355M->355M(410M) 201.491ms
[112.364s][info][gc,cpu         ] GC(577) User=0.31s Sys=0.00s Real=0.20s
[112.364s][info][gc,start       ] GC(578) Pause Full (Ergonomics)
[112.364s][info][gc,phases,start] GC(578) Marking Phase
[112.510s][info][gc,phases      ] GC(578) Marking Phase 145.397ms
[112.510s][info][gc,phases,start] GC(578) Summary Phase
[112.510s][info][gc,phases      ] GC(578) Summary Phase 0.023ms
[112.510s][info][gc,phases,start] GC(578) Adjust Roots
[112.510s][info][gc,phases      ] GC(578) Adjust Roots 0.192ms
[112.510s][info][gc,phases,start] GC(578) Compaction Phase
[112.565s][info][gc,phases      ] GC(578) Compaction Phase 54.611ms
[112.565s][info][gc,phases,start] GC(578) Post Compact
[112.566s][info][gc,phases      ] GC(578) Post Compact 1.521ms
[112.566s][info][gc,heap        ] GC(578) PSYoungGen: 23532K(78848K)->23532K(78848K) Eden: 22015K(22016K)->22015K(22016K) From: 1516K(56832K)->1516K(56832K)
[112.566s][info][gc,heap        ] GC(578) ParOldGen: 340787K(341504K)->340787K(341504K)
[112.566s][info][gc,metaspace   ] GC(578) Metaspace: 6302K(6528K)->6302K(6528K) NonClass: 5769K(5888K)->5769K(5888K) Class: 533K(640K)->533K(640K)
[112.566s][info][gc             ] GC(578) Pause Full (Ergonomics) 355M->355M(410M) 202.091ms
[112.566s][info][gc,cpu         ] GC(578) User=0.34s Sys=0.00s Real=0.20s
[112.567s][info][gc,start       ] GC(579) Pause Full (Ergonomics)
[112.567s][info][gc,phases,start] GC(579) Marking Phase
[112.711s][info][gc,phases      ] GC(579) Marking Phase 144.243ms
[112.711s][info][gc,phases,start] GC(579) Summary Phase
[112.711s][info][gc,phases      ] GC(579) Summary Phase 0.023ms
[112.711s][info][gc,phases,start] GC(579) Adjust Roots
[112.711s][info][gc,phases      ] GC(579) Adjust Roots 0.229ms
[112.711s][info][gc,phases,start] GC(579) Compaction Phase
[112.767s][info][gc,phases      ] GC(579) Compaction Phase 55.572ms
[112.767s][info][gc,phases,start] GC(579) Post Compact
[112.769s][info][gc,phases      ] GC(579) Post Compact 1.478ms
[112.769s][info][gc,heap        ] GC(579) PSYoungGen: 23532K(78848K)->23532K(78848K) Eden: 22015K(22016K)->22015K(22016K) From: 1516K(56832K)->1516K(56832K)
[112.769s][info][gc,heap        ] GC(579) ParOldGen: 340791K(341504K)->340791K(341504K)
[112.769s][info][gc,metaspace   ] GC(579) Metaspace: 6302K(6528K)->6302K(6528K) NonClass: 5769K(5888K)->5769K(5888K) Class: 533K(640K)->533K(640K)
[112.769s][info][gc             ] GC(579) Pause Full (Ergonomics) 355M->355M(410M) 201.909ms
[112.769s][info][gc,cpu         ] GC(579) User=0.31s Sys=0.00s Real=0.20s
[112.769s][info][gc,start       ] GC(580) Pause Full (Ergonomics)
[112.769s][info][gc,phases,start] GC(580) Marking Phase
[112.913s][info][gc,phases      ] GC(580) Marking Phase 144.313ms
[112.913s][info][gc,phases,start] GC(580) Summary Phase
[112.913s][info][gc,phases      ] GC(580) Summary Phase 0.023ms
[112.913s][info][gc,phases,start] GC(580) Adjust Roots
[112.914s][info][gc,phases      ] GC(580) Adjust Roots 0.229ms
[112.914s][info][gc,phases,start] GC(580) Compaction Phase
[112.969s][info][gc,phases      ] GC(580) Compaction Phase 54.944ms
[112.969s][info][gc,phases,start] GC(580) Post Compact
[112.970s][info][gc,phases      ] GC(580) Post Compact 1.513ms
[112.970s][info][gc,heap        ] GC(580) PSYoungGen: 23532K(78848K)->23532K(78848K) Eden: 22015K(22016K)->22015K(22016K) From: 1516K(56832K)->1516K(56832K)
[112.970s][info][gc,heap        ] GC(580) ParOldGen: 340796K(341504K)->340796K(341504K)
[112.970s][info][gc,metaspace   ] GC(580) Metaspace: 6302K(6528K)->6302K(6528K) NonClass: 5769K(5888K)->5769K(5888K) Class: 533K(640K)->533K(640K)
[112.970s][info][gc             ] GC(580) Pause Full (Ergonomics) 355M->355M(410M) 201.369ms
[112.970s][info][gc,cpu         ] GC(580) User=0.31s Sys=0.00s Real=0.20s
[112.971s][info][gc,start       ] GC(581) Pause Full (Ergonomics)
[112.971s][info][gc,phases,start] GC(581) Marking Phase
[113.116s][info][gc,phases      ] GC(581) Marking Phase 145.073ms
[113.116s][info][gc,phases,start] GC(581) Summary Phase
[113.116s][info][gc,phases      ] GC(581) Summary Phase 0.023ms
[113.116s][info][gc,phases,start] GC(581) Adjust Roots
[113.116s][info][gc,phases      ] GC(581) Adjust Roots 0.186ms
[113.116s][info][gc,phases,start] GC(581) Compaction Phase
[113.170s][info][gc,phases      ] GC(581) Compaction Phase 54.375ms
[113.170s][info][gc,phases,start] GC(581) Post Compact
[113.172s][info][gc,phases      ] GC(581) Post Compact 1.501ms
[113.172s][info][gc,heap        ] GC(581) PSYoungGen: 23532K(78848K)->23532K(78848K) Eden: 22015K(22016K)->22015K(22016K) From: 1516K(56832K)->1516K(56832K)
[113.172s][info][gc,heap        ] GC(581) ParOldGen: 340801K(341504K)->340801K(341504K)
[113.172s][info][gc,metaspace   ] GC(581) Metaspace: 6302K(6528K)->6302K(6528K) NonClass: 5769K(5888K)->5769K(5888K) Class: 533K(640K)->533K(640K)
[113.172s][info][gc             ] GC(581) Pause Full (Ergonomics) 355M->355M(410M) 201.483ms
[113.172s][info][gc,cpu         ] GC(581) User=0.33s Sys=0.02s Real=0.20s
[113.172s][info][gc,start       ] GC(582) Pause Full (Ergonomics)
[113.172s][info][gc,phases,start] GC(582) Marking Phase
[113.316s][info][gc,phases      ] GC(582) Marking Phase 143.561ms
[113.316s][info][gc,phases,start] GC(582) Summary Phase
[113.316s][info][gc,phases      ] GC(582) Summary Phase 0.022ms
[113.316s][info][gc,phases,start] GC(582) Adjust Roots
[113.316s][info][gc,phases      ] GC(582) Adjust Roots 0.204ms
[113.316s][info][gc,phases,start] GC(582) Compaction Phase
[113.371s][info][gc,phases      ] GC(582) Compaction Phase 54.921ms
[113.371s][info][gc,phases,start] GC(582) Post Compact
[113.373s][info][gc,phases      ] GC(582) Post Compact 1.474ms
[113.373s][info][gc,heap        ] GC(582) PSYoungGen: 23532K(78848K)->23532K(78848K) Eden: 22015K(22016K)->22015K(22016K) From: 1516K(56832K)->1516K(56832K)
[113.373s][info][gc,heap        ] GC(582) ParOldGen: 340805K(341504K)->340805K(341504K)
[113.373s][info][gc,metaspace   ] GC(582) Metaspace: 6302K(6528K)->6302K(6528K) NonClass: 5769K(5888K)->5769K(5888K) Class: 533K(640K)->533K(640K)
[113.373s][info][gc             ] GC(582) Pause Full (Ergonomics) 355M->355M(410M) 200.523ms
[113.373s][info][gc,cpu         ] GC(582) User=0.31s Sys=0.00s Real=0.20s
[113.373s][info][gc,start       ] GC(583) Pause Full (Ergonomics)
[113.373s][info][gc,phases,start] GC(583) Marking Phase
[113.518s][info][gc,phases      ] GC(583) Marking Phase 145.165ms
[113.518s][info][gc,phases,start] GC(583) Summary Phase
[113.518s][info][gc,phases      ] GC(583) Summary Phase 0.023ms
[113.518s][info][gc,phases,start] GC(583) Adjust Roots
[113.519s][info][gc,phases      ] GC(583) Adjust Roots 0.202ms
[113.519s][info][gc,phases,start] GC(583) Compaction Phase
[113.573s][info][gc,phases      ] GC(583) Compaction Phase 54.359ms
[113.573s][info][gc,phases,start] GC(583) Post Compact
[113.575s][info][gc,phases      ] GC(583) Post Compact 1.486ms
[113.575s][info][gc,heap        ] GC(583) PSYoungGen: 23532K(78848K)->23532K(78848K) Eden: 22015K(22016K)->22015K(22016K) From: 1516K(56832K)->1516K(56832K)
[113.575s][info][gc,heap        ] GC(583) ParOldGen: 340810K(341504K)->340810K(341504K)
[113.575s][info][gc,metaspace   ] GC(583) Metaspace: 6302K(6528K)->6302K(6528K) NonClass: 5769K(5888K)->5769K(5888K) Class: 533K(640K)->533K(640K)
[113.575s][info][gc             ] GC(583) Pause Full (Ergonomics) 355M->355M(410M) 201.581ms
[113.575s][info][gc,cpu         ] GC(583) User=0.33s Sys=0.02s Real=0.20s
[113.575s][info][gc,start       ] GC(584) Pause Full (Ergonomics)
[113.575s][info][gc,phases,start] GC(584) Marking Phase
[113.720s][info][gc,phases      ] GC(584) Marking Phase 144.533ms
[113.720s][info][gc,phases,start] GC(584) Summary Phase
[113.720s][info][gc,phases      ] GC(584) Summary Phase 0.022ms
[113.720s][info][gc,phases,start] GC(584) Adjust Roots
[113.720s][info][gc,phases      ] GC(584) Adjust Roots 0.210ms
[113.720s][info][gc,phases,start] GC(584) Compaction Phase
[113.774s][info][gc,phases      ] GC(584) Compaction Phase 54.579ms
[113.775s][info][gc,phases,start] GC(584) Post Compact
[113.776s][info][gc,phases      ] GC(584) Post Compact 1.483ms
[113.776s][info][gc,heap        ] GC(584) PSYoungGen: 23532K(78848K)->23532K(78848K) Eden: 22015K(22016K)->22015K(22016K) From: 1516K(56832K)->1516K(56832K)
[113.776s][info][gc,heap        ] GC(584) ParOldGen: 340815K(341504K)->340815K(341504K)
[113.776s][info][gc,metaspace   ] GC(584) Metaspace: 6302K(6528K)->6302K(6528K) NonClass: 5769K(5888K)->5769K(5888K) Class: 533K(640K)->533K(640K)
[113.776s][info][gc             ] GC(584) Pause Full (Ergonomics) 355M->355M(410M) 201.148ms
[113.776s][info][gc,cpu         ] GC(584) User=0.34s Sys=0.00s Real=0.20s
[113.776s][info][gc,start       ] GC(585) Pause Full (Ergonomics)
[113.776s][info][gc,phases,start] GC(585) Marking Phase
[113.922s][info][gc,phases      ] GC(585) Marking Phase 145.562ms
[113.922s][info][gc,phases,start] GC(585) Summary Phase
[113.922s][info][gc,phases      ] GC(585) Summary Phase 0.022ms
[113.922s][info][gc,phases,start] GC(585) Adjust Roots
[113.922s][info][gc,phases      ] GC(585) Adjust Roots 0.203ms
[113.922s][info][gc,phases,start] GC(585) Compaction Phase
[113.977s][info][gc,phases      ] GC(585) Compaction Phase 54.594ms
[113.977s][info][gc,phases,start] GC(585) Post Compact
[113.979s][info][gc,phases      ] GC(585) Post Compact 1.521ms
[113.979s][info][gc,heap        ] GC(585) PSYoungGen: 23532K(78848K)->23532K(78848K) Eden: 22015K(22016K)->22015K(22016K) From: 1516K(56832K)->1516K(56832K)
[113.979s][info][gc,heap        ] GC(585) ParOldGen: 340819K(341504K)->340819K(341504K)
[113.979s][info][gc,metaspace   ] GC(585) Metaspace: 6302K(6528K)->6302K(6528K) NonClass: 5769K(5888K)->5769K(5888K) Class: 533K(640K)->533K(640K)
[113.979s][info][gc             ] GC(585) Pause Full (Ergonomics) 355M->355M(410M) 202.252ms
[113.979s][info][gc,cpu         ] GC(585) User=0.34s Sys=0.02s Real=0.20s
[113.979s][info][gc,start       ] GC(586) Pause Full (Ergonomics)
[113.979s][info][gc,phases,start] GC(586) Marking Phase
[114.124s][info][gc,phases      ] GC(586) Marking Phase 145.113ms
[114.124s][info][gc,phases,start] GC(586) Summary Phase
[114.124s][info][gc,phases      ] GC(586) Summary Phase 0.023ms
[114.124s][info][gc,phases,start] GC(586) Adjust Roots
[114.124s][info][gc,phases      ] GC(586) Adjust Roots 0.207ms
[114.124s][info][gc,phases,start] GC(586) Compaction Phase
[114.179s][info][gc,phases      ] GC(586) Compaction Phase 54.895ms
[114.179s][info][gc,phases,start] GC(586) Post Compact
[114.181s][info][gc,phases      ] GC(586) Post Compact 1.481ms
[114.181s][info][gc,heap        ] GC(586) PSYoungGen: 23532K(78848K)->23532K(78848K) Eden: 22015K(22016K)->22015K(22016K) From: 1516K(56832K)->1516K(56832K)
[114.181s][info][gc,heap        ] GC(586) ParOldGen: 340824K(341504K)->340824K(341504K)
[114.181s][info][gc,metaspace   ] GC(586) Metaspace: 6302K(6528K)->6302K(6528K) NonClass: 5769K(5888K)->5769K(5888K) Class: 533K(640K)->533K(640K)
[114.181s][info][gc             ] GC(586) Pause Full (Ergonomics) 355M->355M(410M) 202.069ms
[114.181s][info][gc,cpu         ] GC(586) User=0.38s Sys=0.00s Real=0.20s
[114.181s][info][gc,start       ] GC(587) Pause Full (Ergonomics)
[114.181s][info][gc,phases,start] GC(587) Marking Phase
[114.325s][info][gc,phases      ] GC(587) Marking Phase 143.921ms
[114.325s][info][gc,phases,start] GC(587) Summary Phase
[114.325s][info][gc,phases      ] GC(587) Summary Phase 0.022ms
[114.325s][info][gc,phases,start] GC(587) Adjust Roots
[114.326s][info][gc,phases      ] GC(587) Adjust Roots 0.186ms
[114.326s][info][gc,phases,start] GC(587) Compaction Phase
[114.380s][info][gc,phases      ] GC(587) Compaction Phase 54.435ms
[114.380s][info][gc,phases,start] GC(587) Post Compact
[114.382s][info][gc,phases      ] GC(587) Post Compact 1.509ms
[114.382s][info][gc,heap        ] GC(587) PSYoungGen: 23532K(78848K)->23532K(78848K) Eden: 22015K(22016K)->22015K(22016K) From: 1516K(56832K)->1516K(56832K)
[114.382s][info][gc,heap        ] GC(587) ParOldGen: 340829K(341504K)->340829K(341504K)
[114.382s][info][gc,metaspace   ] GC(587) Metaspace: 6302K(6528K)->6302K(6528K) NonClass: 5769K(5888K)->5769K(5888K) Class: 533K(640K)->533K(640K)
[114.382s][info][gc             ] GC(587) Pause Full (Ergonomics) 355M->355M(410M) 200.401ms
[114.382s][info][gc,cpu         ] GC(587) User=0.34s Sys=0.00s Real=0.20s
[114.382s][info][gc,start       ] GC(588) Pause Full (Ergonomics)
[114.382s][info][gc,phases,start] GC(588) Marking Phase
[114.527s][info][gc,phases      ] GC(588) Marking Phase 144.970ms
[114.527s][info][gc,phases,start] GC(588) Summary Phase
[114.527s][info][gc,phases      ] GC(588) Summary Phase 0.022ms
[114.527s][info][gc,phases,start] GC(588) Adjust Roots
[114.527s][info][gc,phases      ] GC(588) Adjust Roots 0.203ms
[114.527s][info][gc,phases,start] GC(588) Compaction Phase
[114.582s][info][gc,phases      ] GC(588) Compaction Phase 55.065ms
[114.582s][info][gc,phases,start] GC(588) Post Compact
[114.584s][info][gc,phases      ] GC(588) Post Compact 1.492ms
[114.584s][info][gc,heap        ] GC(588) PSYoungGen: 23532K(78848K)->23532K(78848K) Eden: 22015K(22016K)->22015K(22016K) From: 1516K(56832K)->1516K(56832K)
[114.584s][info][gc,heap        ] GC(588) ParOldGen: 340833K(341504K)->340833K(341504K)
[114.584s][info][gc,metaspace   ] GC(588) Metaspace: 6302K(6528K)->6302K(6528K) NonClass: 5769K(5888K)->5769K(5888K) Class: 533K(640K)->533K(640K)
[114.584s][info][gc             ] GC(588) Pause Full (Ergonomics) 355M->355M(410M) 202.088ms
[114.584s][info][gc,cpu         ] GC(588) User=0.38s Sys=0.00s Real=0.20s
[114.584s][info][gc,start       ] GC(589) Pause Full (Ergonomics)
[114.584s][info][gc,phases,start] GC(589) Marking Phase
[114.730s][info][gc,phases      ] GC(589) Marking Phase 145.845ms
[114.730s][info][gc,phases,start] GC(589) Summary Phase
[114.730s][info][gc,phases      ] GC(589) Summary Phase 0.023ms
[114.730s][info][gc,phases,start] GC(589) Adjust Roots
[114.731s][info][gc,phases      ] GC(589) Adjust Roots 0.202ms
[114.731s][info][gc,phases,start] GC(589) Compaction Phase
[114.785s][info][gc,phases      ] GC(589) Compaction Phase 54.603ms
[114.785s][info][gc,phases,start] GC(589) Post Compact
[114.787s][info][gc,phases      ] GC(589) Post Compact 1.481ms
[114.787s][info][gc,heap        ] GC(589) PSYoungGen: 23532K(78848K)->23532K(78848K) Eden: 22015K(22016K)->22015K(22016K) From: 1516K(56832K)->1516K(56832K)
[114.787s][info][gc,heap        ] GC(589) ParOldGen: 340838K(341504K)->340838K(341504K)
[114.787s][info][gc,metaspace   ] GC(589) Metaspace: 6302K(6528K)->6302K(6528K) NonClass: 5769K(5888K)->5769K(5888K) Class: 533K(640K)->533K(640K)
[114.787s][info][gc             ] GC(589) Pause Full (Ergonomics) 355M->355M(410M) 202.490ms
[114.787s][info][gc,cpu         ] GC(589) User=0.38s Sys=0.00s Real=0.20s
[114.787s][info][gc,start       ] GC(590) Pause Full (Ergonomics)
[114.787s][info][gc,phases,start] GC(590) Marking Phase
[114.931s][info][gc,phases      ] GC(590) Marking Phase 144.313ms
[114.932s][info][gc,phases,start] GC(590) Summary Phase
[114.932s][info][gc,phases      ] GC(590) Summary Phase 0.022ms
[114.932s][info][gc,phases,start] GC(590) Adjust Roots
[114.932s][info][gc,phases      ] GC(590) Adjust Roots 0.197ms
[114.932s][info][gc,phases,start] GC(590) Compaction Phase
[114.987s][info][gc,phases      ] GC(590) Compaction Phase 55.005ms
[114.987s][info][gc,phases,start] GC(590) Post Compact
[114.988s][info][gc,phases      ] GC(590) Post Compact 1.489ms
[114.988s][info][gc,heap        ] GC(590) PSYoungGen: 23532K(78848K)->23532K(78848K) Eden: 22015K(22016K)->22015K(22016K) From: 1516K(56832K)->1516K(56832K)
[114.988s][info][gc,heap        ] GC(590) ParOldGen: 340843K(341504K)->340843K(341504K)
[114.988s][info][gc,metaspace   ] GC(590) Metaspace: 6302K(6528K)->6302K(6528K) NonClass: 5769K(5888K)->5769K(5888K) Class: 533K(640K)->533K(640K)
[114.988s][info][gc             ] GC(590) Pause Full (Ergonomics) 355M->355M(410M) 201.352ms
[114.988s][info][gc,cpu         ] GC(590) User=0.31s Sys=0.00s Real=0.20s
[114.989s][info][gc,start       ] GC(591) Pause Full (Ergonomics)
[114.989s][info][gc,phases,start] GC(591) Marking Phase
[115.133s][info][gc,phases      ] GC(591) Marking Phase 144.445ms
[115.133s][info][gc,phases,start] GC(591) Summary Phase
[115.133s][info][gc,phases      ] GC(591) Summary Phase 0.022ms
[115.133s][info][gc,phases,start] GC(591) Adjust Roots
[115.133s][info][gc,phases      ] GC(591) Adjust Roots 0.203ms
[115.134s][info][gc,phases,start] GC(591) Compaction Phase
[115.187s][info][gc,phases      ] GC(591) Compaction Phase 53.542ms
[115.187s][info][gc,phases,start] GC(591) Post Compact
[115.189s][info][gc,phases      ] GC(591) Post Compact 1.658ms
[115.189s][info][gc,heap        ] GC(591) PSYoungGen: 23532K(78848K)->23532K(78848K) Eden: 22015K(22016K)->22015K(22016K) From: 1516K(56832K)->1516K(56832K)
[115.189s][info][gc,heap        ] GC(591) ParOldGen: 340847K(341504K)->340847K(341504K)
[115.189s][info][gc,metaspace   ] GC(591) Metaspace: 6302K(6528K)->6302K(6528K) NonClass: 5769K(5888K)->5769K(5888K) Class: 533K(640K)->533K(640K)
[115.189s][info][gc             ] GC(591) Pause Full (Ergonomics) 355M->355M(410M) 200.231ms
[115.189s][info][gc,cpu         ] GC(591) User=0.31s Sys=0.00s Real=0.20s
[115.189s][info][gc,start       ] GC(592) Pause Full (Ergonomics)
[115.189s][info][gc,phases,start] GC(592) Marking Phase
[115.333s][info][gc,phases      ] GC(592) Marking Phase 143.266ms
[115.333s][info][gc,phases,start] GC(592) Summary Phase
[115.333s][info][gc,phases      ] GC(592) Summary Phase 0.026ms
[115.333s][info][gc,phases,start] GC(592) Adjust Roots
[115.333s][info][gc,phases      ] GC(592) Adjust Roots 0.284ms
[115.333s][info][gc,phases,start] GC(592) Compaction Phase
[115.388s][info][gc,phases      ] GC(592) Compaction Phase 55.188ms
[115.388s][info][gc,phases,start] GC(592) Post Compact
[115.390s][info][gc,phases      ] GC(592) Post Compact 1.505ms
[115.390s][info][gc,heap        ] GC(592) PSYoungGen: 23532K(78848K)->23532K(78848K) Eden: 22015K(22016K)->22015K(22016K) From: 1516K(56832K)->1516K(56832K)
[115.390s][info][gc,heap        ] GC(592) ParOldGen: 340852K(341504K)->340852K(341504K)
[115.390s][info][gc,metaspace   ] GC(592) Metaspace: 6302K(6528K)->6302K(6528K) NonClass: 5769K(5888K)->5769K(5888K) Class: 533K(640K)->533K(640K)
[115.390s][info][gc             ] GC(592) Pause Full (Ergonomics) 355M->355M(410M) 200.672ms
[115.390s][info][gc,cpu         ] GC(592) User=0.31s Sys=0.00s Real=0.20s
[115.390s][info][gc,start       ] GC(593) Pause Full (Ergonomics)
[115.390s][info][gc,phases,start] GC(593) Marking Phase
[115.543s][info][gc,phases      ] GC(593) Marking Phase 152.893ms
[115.543s][info][gc,phases,start] GC(593) Summary Phase
[115.543s][info][gc,phases      ] GC(593) Summary Phase 0.023ms
[115.543s][info][gc,phases,start] GC(593) Adjust Roots
[115.543s][info][gc,phases      ] GC(593) Adjust Roots 0.269ms
[115.544s][info][gc,phases,start] GC(593) Compaction Phase
[115.605s][info][gc,phases      ] GC(593) Compaction Phase 61.952ms
[115.606s][info][gc,phases,start] GC(593) Post Compact
[115.607s][info][gc,phases      ] GC(593) Post Compact 1.486ms
[115.607s][info][gc,heap        ] GC(593) PSYoungGen: 23532K(78848K)->23532K(78848K) Eden: 22015K(22016K)->22015K(22016K) From: 1516K(56832K)->1516K(56832K)
[115.607s][info][gc,heap        ] GC(593) ParOldGen: 340857K(341504K)->340857K(341504K)
[115.607s][info][gc,metaspace   ] GC(593) Metaspace: 6302K(6528K)->6302K(6528K) NonClass: 5769K(5888K)->5769K(5888K) Class: 533K(640K)->533K(640K)
[115.607s][info][gc             ] GC(593) Pause Full (Ergonomics) 355M->355M(410M) 217.015ms
[115.607s][info][gc,cpu         ] GC(593) User=0.36s Sys=0.00s Real=0.22s
[115.607s][info][gc,start       ] GC(594) Pause Full (Ergonomics)
[115.607s][info][gc,phases,start] GC(594) Marking Phase
[115.752s][info][gc,phases      ] GC(594) Marking Phase 144.991ms
[115.753s][info][gc,phases,start] GC(594) Summary Phase
[115.753s][info][gc,phases      ] GC(594) Summary Phase 0.035ms
[115.753s][info][gc,phases,start] GC(594) Adjust Roots
[115.753s][info][gc,phases      ] GC(594) Adjust Roots 0.265ms
[115.753s][info][gc,phases,start] GC(594) Compaction Phase
[115.807s][info][gc,phases      ] GC(594) Compaction Phase 54.474ms
[115.807s][info][gc,phases,start] GC(594) Post Compact
[115.809s][info][gc,phases      ] GC(594) Post Compact 1.495ms
[115.809s][info][gc,heap        ] GC(594) PSYoungGen: 23532K(78848K)->23532K(78848K) Eden: 22015K(22016K)->22015K(22016K) From: 1516K(56832K)->1516K(56832K)
[115.809s][info][gc,heap        ] GC(594) ParOldGen: 340861K(341504K)->340861K(341504K)
[115.809s][info][gc,metaspace   ] GC(594) Metaspace: 6302K(6528K)->6302K(6528K) NonClass: 5769K(5888K)->5769K(5888K) Class: 533K(640K)->533K(640K)
[115.809s][info][gc             ] GC(594) Pause Full (Ergonomics) 355M->355M(410M) 201.679ms
[115.809s][info][gc,cpu         ] GC(594) User=0.31s Sys=0.00s Real=0.20s
[115.809s][info][gc,start       ] GC(595) Pause Full (Ergonomics)
[115.809s][info][gc,phases,start] GC(595) Marking Phase
[115.954s][info][gc,phases      ] GC(595) Marking Phase 144.148ms
[115.954s][info][gc,phases,start] GC(595) Summary Phase
[115.954s][info][gc,phases      ] GC(595) Summary Phase 0.036ms
[115.954s][info][gc,phases,start] GC(595) Adjust Roots
[115.954s][info][gc,phases      ] GC(595) Adjust Roots 0.271ms
[115.954s][info][gc,phases,start] GC(595) Compaction Phase
[116.009s][info][gc,phases      ] GC(595) Compaction Phase 54.913ms
[116.009s][info][gc,phases,start] GC(595) Post Compact
[116.010s][info][gc,phases      ] GC(595) Post Compact 1.496ms
[116.011s][info][gc,heap        ] GC(595) PSYoungGen: 23532K(78848K)->23532K(78848K) Eden: 22015K(22016K)->22015K(22016K) From: 1516K(56832K)->1516K(56832K)
[116.011s][info][gc,heap        ] GC(595) ParOldGen: 340866K(341504K)->340866K(341504K)
[116.011s][info][gc,metaspace   ] GC(595) Metaspace: 6302K(6528K)->6302K(6528K) NonClass: 5769K(5888K)->5769K(5888K) Class: 533K(640K)->533K(640K)
[116.011s][info][gc             ] GC(595) Pause Full (Ergonomics) 355M->355M(410M) 201.243ms
[116.011s][info][gc,cpu         ] GC(595) User=0.31s Sys=0.00s Real=0.20s
[116.011s][info][gc,start       ] GC(596) Pause Full (Ergonomics)
[116.011s][info][gc,phases,start] GC(596) Marking Phase
[116.155s][info][gc,phases      ] GC(596) Marking Phase 144.067ms
[116.155s][info][gc,phases,start] GC(596) Summary Phase
[116.155s][info][gc,phases      ] GC(596) Summary Phase 0.022ms
[116.155s][info][gc,phases,start] GC(596) Adjust Roots
[116.155s][info][gc,phases      ] GC(596) Adjust Roots 0.187ms
[116.155s][info][gc,phases,start] GC(596) Compaction Phase
[116.210s][info][gc,phases      ] GC(596) Compaction Phase 54.710ms
[116.210s][info][gc,phases,start] GC(596) Post Compact
[116.212s][info][gc,phases      ] GC(596) Post Compact 1.481ms
[116.212s][info][gc,heap        ] GC(596) PSYoungGen: 23532K(78848K)->23532K(78848K) Eden: 22015K(22016K)->22015K(22016K) From: 1516K(56832K)->1516K(56832K)
[116.212s][info][gc,heap        ] GC(596) ParOldGen: 340871K(341504K)->340871K(341504K)
[116.212s][info][gc,metaspace   ] GC(596) Metaspace: 6302K(6528K)->6302K(6528K) NonClass: 5769K(5888K)->5769K(5888K) Class: 533K(640K)->533K(640K)
[116.212s][info][gc             ] GC(596) Pause Full (Ergonomics) 355M->355M(410M) 200.794ms
[116.212s][info][gc,cpu         ] GC(596) User=0.34s Sys=0.00s Real=0.20s
[116.212s][info][gc,start       ] GC(597) Pause Full (Ergonomics)
[116.212s][info][gc,phases,start] GC(597) Marking Phase
[116.356s][info][gc,phases      ] GC(597) Marking Phase 143.606ms
[116.356s][info][gc,phases,start] GC(597) Summary Phase
[116.356s][info][gc,phases      ] GC(597) Summary Phase 0.022ms
[116.356s][info][gc,phases,start] GC(597) Adjust Roots
[116.356s][info][gc,phases      ] GC(597) Adjust Roots 0.206ms
[116.356s][info][gc,phases,start] GC(597) Compaction Phase
[116.410s][info][gc,phases      ] GC(597) Compaction Phase 54.024ms
[116.410s][info][gc,phases,start] GC(597) Post Compact
[116.412s][info][gc,phases      ] GC(597) Post Compact 1.489ms
[116.412s][info][gc,heap        ] GC(597) PSYoungGen: 23532K(78848K)->23532K(78848K) Eden: 22015K(22016K)->22015K(22016K) From: 1516K(56832K)->1516K(56832K)
[116.412s][info][gc,heap        ] GC(597) ParOldGen: 340875K(341504K)->340875K(341504K)
[116.412s][info][gc,metaspace   ] GC(597) Metaspace: 6302K(6528K)->6302K(6528K) NonClass: 5769K(5888K)->5769K(5888K) Class: 533K(640K)->533K(640K)
[116.412s][info][gc             ] GC(597) Pause Full (Ergonomics) 355M->355M(410M) 199.708ms
[116.412s][info][gc,cpu         ] GC(597) User=0.38s Sys=0.00s Real=0.20s
[116.412s][info][gc,start       ] GC(598) Pause Full (Ergonomics)
[116.412s][info][gc,phases,start] GC(598) Marking Phase
[116.556s][info][gc,phases      ] GC(598) Marking Phase 143.735ms
[116.556s][info][gc,phases,start] GC(598) Summary Phase
[116.556s][info][gc,phases      ] GC(598) Summary Phase 0.022ms
[116.556s][info][gc,phases,start] GC(598) Adjust Roots
[116.556s][info][gc,phases      ] GC(598) Adjust Roots 0.207ms
[116.556s][info][gc,phases,start] GC(598) Compaction Phase
[116.611s][info][gc,phases      ] GC(598) Compaction Phase 54.962ms
[116.611s][info][gc,phases,start] GC(598) Post Compact
[116.613s][info][gc,phases      ] GC(598) Post Compact 1.472ms
[116.613s][info][gc,heap        ] GC(598) PSYoungGen: 23532K(78848K)->23532K(78848K) Eden: 22015K(22016K)->22015K(22016K) From: 1516K(56832K)->1516K(56832K)
[116.613s][info][gc,heap        ] GC(598) ParOldGen: 340880K(341504K)->340880K(341504K)
[116.613s][info][gc,metaspace   ] GC(598) Metaspace: 6302K(6528K)->6302K(6528K) NonClass: 5769K(5888K)->5769K(5888K) Class: 533K(640K)->533K(640K)
[116.613s][info][gc             ] GC(598) Pause Full (Ergonomics) 355M->355M(410M) 200.732ms
[116.613s][info][gc,cpu         ] GC(598) User=0.31s Sys=0.00s Real=0.20s
[116.613s][info][gc,start       ] GC(599) Pause Full (Ergonomics)
[116.613s][info][gc,phases,start] GC(599) Marking Phase
[116.757s][info][gc,phases      ] GC(599) Marking Phase 143.847ms
[116.757s][info][gc,phases,start] GC(599) Summary Phase
[116.757s][info][gc,phases      ] GC(599) Summary Phase 0.022ms
[116.757s][info][gc,phases,start] GC(599) Adjust Roots
[116.757s][info][gc,phases      ] GC(599) Adjust Roots 0.193ms
[116.757s][info][gc,phases,start] GC(599) Compaction Phase
[116.812s][info][gc,phases      ] GC(599) Compaction Phase 54.517ms
[116.812s][info][gc,phases,start] GC(599) Post Compact
[116.813s][info][gc,phases      ] GC(599) Post Compact 1.534ms
[116.813s][info][gc,heap        ] GC(599) PSYoungGen: 23532K(78848K)->23532K(78848K) Eden: 22015K(22016K)->22015K(22016K) From: 1516K(56832K)->1516K(56832K)
[116.813s][info][gc,heap        ] GC(599) ParOldGen: 340885K(341504K)->340885K(341504K)
[116.813s][info][gc,metaspace   ] GC(599) Metaspace: 6302K(6528K)->6302K(6528K) NonClass: 5769K(5888K)->5769K(5888K) Class: 533K(640K)->533K(640K)
[116.813s][info][gc             ] GC(599) Pause Full (Ergonomics) 355M->355M(410M) 200.455ms
[116.813s][info][gc,cpu         ] GC(599) User=0.31s Sys=0.00s Real=0.20s
[116.814s][info][gc,start       ] GC(600) Pause Full (Ergonomics)
[116.814s][info][gc,phases,start] GC(600) Marking Phase
[116.958s][info][gc,phases      ] GC(600) Marking Phase 144.119ms
[116.958s][info][gc,phases,start] GC(600) Summary Phase
[116.958s][info][gc,phases      ] GC(600) Summary Phase 0.022ms
[116.958s][info][gc,phases,start] GC(600) Adjust Roots
[116.958s][info][gc,phases      ] GC(600) Adjust Roots 0.209ms
[116.958s][info][gc,phases,start] GC(600) Compaction Phase
[117.013s][info][gc,phases      ] GC(600) Compaction Phase 54.599ms
[117.013s][info][gc,phases,start] GC(600) Post Compact
[117.014s][info][gc,phases      ] GC(600) Post Compact 1.485ms
[117.014s][info][gc,heap        ] GC(600) PSYoungGen: 23532K(78848K)->23532K(78848K) Eden: 22015K(22016K)->22015K(22016K) From: 1516K(56832K)->1516K(56832K)
[117.014s][info][gc,heap        ] GC(600) ParOldGen: 340889K(341504K)->340889K(341504K)
[117.014s][info][gc,metaspace   ] GC(600) Metaspace: 6302K(6528K)->6302K(6528K) NonClass: 5769K(5888K)->5769K(5888K) Class: 533K(640K)->533K(640K)
[117.014s][info][gc             ] GC(600) Pause Full (Ergonomics) 355M->355M(410M) 200.765ms
[117.014s][info][gc,cpu         ] GC(600) User=0.31s Sys=0.00s Real=0.20s
[117.015s][info][gc,start       ] GC(601) Pause Full (Ergonomics)
[117.015s][info][gc,phases,start] GC(601) Marking Phase
[117.159s][info][gc,phases      ] GC(601) Marking Phase 143.879ms
[117.159s][info][gc,phases,start] GC(601) Summary Phase
[117.159s][info][gc,phases      ] GC(601) Summary Phase 0.022ms
[117.159s][info][gc,phases,start] GC(601) Adjust Roots
[117.159s][info][gc,phases      ] GC(601) Adjust Roots 0.207ms
[117.159s][info][gc,phases,start] GC(601) Compaction Phase
[117.214s][info][gc,phases      ] GC(601) Compaction Phase 54.869ms
[117.214s][info][gc,phases,start] GC(601) Post Compact
[117.215s][info][gc,phases      ] GC(601) Post Compact 1.469ms
[117.215s][info][gc,heap        ] GC(601) PSYoungGen: 23532K(78848K)->23532K(78848K) Eden: 22015K(22016K)->22015K(22016K) From: 1516K(56832K)->1516K(56832K)
[117.215s][info][gc,heap        ] GC(601) ParOldGen: 340894K(341504K)->340894K(341504K)
[117.215s][info][gc,metaspace   ] GC(601) Metaspace: 6302K(6528K)->6302K(6528K) NonClass: 5769K(5888K)->5769K(5888K) Class: 533K(640K)->533K(640K)
[117.215s][info][gc             ] GC(601) Pause Full (Ergonomics) 355M->355M(410M) 200.776ms
[117.215s][info][gc,cpu         ] GC(601) User=0.31s Sys=0.00s Real=0.20s
[117.216s][info][gc,start       ] GC(602) Pause Full (Ergonomics)
[117.216s][info][gc,phases,start] GC(602) Marking Phase
[117.361s][info][gc,phases      ] GC(602) Marking Phase 145.210ms
[117.361s][info][gc,phases,start] GC(602) Summary Phase
[117.361s][info][gc,phases      ] GC(602) Summary Phase 0.022ms
[117.361s][info][gc,phases,start] GC(602) Adjust Roots
[117.361s][info][gc,phases      ] GC(602) Adjust Roots 0.187ms
[117.361s][info][gc,phases,start] GC(602) Compaction Phase
[117.416s][info][gc,phases      ] GC(602) Compaction Phase 55.210ms
[117.417s][info][gc,phases,start] GC(602) Post Compact
[117.418s][info][gc,phases      ] GC(602) Post Compact 1.482ms
[117.418s][info][gc,heap        ] GC(602) PSYoungGen: 23532K(78848K)->23532K(78848K) Eden: 22015K(22016K)->22015K(22016K) From: 1516K(56832K)->1516K(56832K)
[117.418s][info][gc,heap        ] GC(602) ParOldGen: 340899K(341504K)->340899K(341504K)
[117.418s][info][gc,metaspace   ] GC(602) Metaspace: 6302K(6528K)->6302K(6528K) NonClass: 5769K(5888K)->5769K(5888K) Class: 533K(640K)->533K(640K)
[117.418s][info][gc             ] GC(602) Pause Full (Ergonomics) 355M->355M(410M) 202.600ms
[117.418s][info][gc,cpu         ] GC(602) User=0.34s Sys=0.00s Real=0.20s
[117.419s][info][gc,start       ] GC(603) Pause Full (Ergonomics)
[117.419s][info][gc,phases,start] GC(603) Marking Phase
[117.563s][info][gc,phases      ] GC(603) Marking Phase 144.735ms
[117.563s][info][gc,phases,start] GC(603) Summary Phase
[117.563s][info][gc,phases      ] GC(603) Summary Phase 0.022ms
[117.563s][info][gc,phases,start] GC(603) Adjust Roots
[117.564s][info][gc,phases      ] GC(603) Adjust Roots 0.208ms
[117.564s][info][gc,phases,start] GC(603) Compaction Phase
[117.618s][info][gc,phases      ] GC(603) Compaction Phase 54.621ms
[117.618s][info][gc,phases,start] GC(603) Post Compact
[117.620s][info][gc,phases      ] GC(603) Post Compact 1.471ms
[117.620s][info][gc,heap        ] GC(603) PSYoungGen: 23532K(78848K)->23532K(78848K) Eden: 22015K(22016K)->22015K(22016K) From: 1516K(56832K)->1516K(56832K)
[117.620s][info][gc,heap        ] GC(603) ParOldGen: 340903K(341504K)->340903K(341504K)
[117.620s][info][gc,metaspace   ] GC(603) Metaspace: 6302K(6528K)->6302K(6528K) NonClass: 5769K(5888K)->5769K(5888K) Class: 533K(640K)->533K(640K)
[117.620s][info][gc             ] GC(603) Pause Full (Ergonomics) 355M->355M(410M) 201.402ms
[117.620s][info][gc,cpu         ] GC(603) User=0.31s Sys=0.00s Real=0.20s
[117.620s][info][gc,start       ] GC(604) Pause Full (Ergonomics)
[117.620s][info][gc,phases,start] GC(604) Marking Phase
[117.765s][info][gc,phases      ] GC(604) Marking Phase 144.595ms
[117.765s][info][gc,phases,start] GC(604) Summary Phase
[117.765s][info][gc,phases      ] GC(604) Summary Phase 0.023ms
[117.765s][info][gc,phases,start] GC(604) Adjust Roots
[117.765s][info][gc,phases      ] GC(604) Adjust Roots 0.207ms
[117.765s][info][gc,phases,start] GC(604) Compaction Phase
[117.820s][info][gc,phases      ] GC(604) Compaction Phase 54.890ms
[117.820s][info][gc,phases,start] GC(604) Post Compact
[117.822s][info][gc,phases      ] GC(604) Post Compact 1.504ms
[117.822s][info][gc,heap        ] GC(604) PSYoungGen: 23532K(78848K)->23532K(78848K) Eden: 22015K(22016K)->22015K(22016K) From: 1516K(56832K)->1516K(56832K)
[117.822s][info][gc,heap        ] GC(604) ParOldGen: 340908K(341504K)->340908K(341504K)
[117.822s][info][gc,metaspace   ] GC(604) Metaspace: 6302K(6528K)->6302K(6528K) NonClass: 5769K(5888K)->5769K(5888K) Class: 533K(640K)->533K(640K)
[117.822s][info][gc             ] GC(604) Pause Full (Ergonomics) 355M->355M(410M) 201.548ms
[117.822s][info][gc,cpu         ] GC(604) User=0.38s Sys=0.00s Real=0.20s
[117.822s][info][gc,start       ] GC(605) Pause Full (Ergonomics)
[117.822s][info][gc,phases,start] GC(605) Marking Phase
[117.966s][info][gc,phases      ] GC(605) Marking Phase 144.173ms
[117.966s][info][gc,phases,start] GC(605) Summary Phase
[117.966s][info][gc,phases      ] GC(605) Summary Phase 0.023ms
[117.966s][info][gc,phases,start] GC(605) Adjust Roots
[117.967s][info][gc,phases      ] GC(605) Adjust Roots 0.188ms
[117.967s][info][gc,phases,start] GC(605) Compaction Phase
[118.022s][info][gc,phases      ] GC(605) Compaction Phase 55.014ms
[118.022s][info][gc,phases,start] GC(605) Post Compact
[118.023s][info][gc,phases      ] GC(605) Post Compact 1.487ms
[118.023s][info][gc,heap        ] GC(605) PSYoungGen: 23532K(78848K)->23532K(78848K) Eden: 22015K(22016K)->22015K(22016K) From: 1516K(56832K)->1516K(56832K)
[118.023s][info][gc,heap        ] GC(605) ParOldGen: 340913K(341504K)->340913K(341504K)
[118.023s][info][gc,metaspace   ] GC(605) Metaspace: 6302K(6528K)->6302K(6528K) NonClass: 5769K(5888K)->5769K(5888K) Class: 533K(640K)->533K(640K)
[118.023s][info][gc             ] GC(605) Pause Full (Ergonomics) 355M->355M(410M) 201.244ms
[118.023s][info][gc,cpu         ] GC(605) User=0.34s Sys=0.00s Real=0.20s
[118.024s][info][gc,start       ] GC(606) Pause Full (Ergonomics)
[118.024s][info][gc,phases,start] GC(606) Marking Phase
[118.169s][info][gc,phases      ] GC(606) Marking Phase 145.271ms
[118.169s][info][gc,phases,start] GC(606) Summary Phase
[118.169s][info][gc,phases      ] GC(606) Summary Phase 0.023ms
[118.169s][info][gc,phases,start] GC(606) Adjust Roots
[118.169s][info][gc,phases      ] GC(606) Adjust Roots 0.209ms
[118.169s][info][gc,phases,start] GC(606) Compaction Phase
[118.224s][info][gc,phases      ] GC(606) Compaction Phase 54.414ms
[118.224s][info][gc,phases,start] GC(606) Post Compact
[118.225s][info][gc,phases      ] GC(606) Post Compact 1.511ms
[118.225s][info][gc,heap        ] GC(606) PSYoungGen: 23532K(78848K)->23532K(78848K) Eden: 22015K(22016K)->22015K(22016K) From: 1516K(56832K)->1516K(56832K)
[118.225s][info][gc,heap        ] GC(606) ParOldGen: 340917K(341504K)->340917K(341504K)
[118.225s][info][gc,metaspace   ] GC(606) Metaspace: 6302K(6528K)->6302K(6528K) NonClass: 5769K(5888K)->5769K(5888K) Class: 533K(640K)->533K(640K)
[118.225s][info][gc             ] GC(606) Pause Full (Ergonomics) 355M->355M(410M) 201.754ms
[118.225s][info][gc,cpu         ] GC(606) User=0.34s Sys=0.00s Real=0.20s
[118.226s][info][gc,start       ] GC(607) Pause Full (Ergonomics)
[118.226s][info][gc,phases,start] GC(607) Marking Phase
[118.371s][info][gc,phases      ] GC(607) Marking Phase 144.938ms
[118.371s][info][gc,phases,start] GC(607) Summary Phase
[118.371s][info][gc,phases      ] GC(607) Summary Phase 0.022ms
[118.371s][info][gc,phases,start] GC(607) Adjust Roots
[118.371s][info][gc,phases      ] GC(607) Adjust Roots 0.208ms
[118.371s][info][gc,phases,start] GC(607) Compaction Phase
[118.426s][info][gc,phases      ] GC(607) Compaction Phase 54.884ms
[118.426s][info][gc,phases,start] GC(607) Post Compact
[118.427s][info][gc,phases      ] GC(607) Post Compact 1.538ms
[118.427s][info][gc,heap        ] GC(607) PSYoungGen: 23532K(78848K)->23532K(78848K) Eden: 22015K(22016K)->22015K(22016K) From: 1516K(56832K)->1516K(56832K)
[118.427s][info][gc,heap        ] GC(607) ParOldGen: 340922K(341504K)->340922K(341504K)
[118.427s][info][gc,metaspace   ] GC(607) Metaspace: 6302K(6528K)->6302K(6528K) NonClass: 5769K(5888K)->5769K(5888K) Class: 533K(640K)->533K(640K)
[118.427s][info][gc             ] GC(607) Pause Full (Ergonomics) 355M->355M(410M) 201.916ms
[118.428s][info][gc,cpu         ] GC(607) User=0.38s Sys=0.00s Real=0.20s
[118.428s][info][gc,start       ] GC(608) Pause Full (Ergonomics)
[118.428s][info][gc,phases,start] GC(608) Marking Phase
[118.571s][info][gc,phases      ] GC(608) Marking Phase 143.638ms
[118.571s][info][gc,phases,start] GC(608) Summary Phase
[118.571s][info][gc,phases      ] GC(608) Summary Phase 0.022ms
[118.572s][info][gc,phases,start] GC(608) Adjust Roots
[118.572s][info][gc,phases      ] GC(608) Adjust Roots 0.199ms
[118.572s][info][gc,phases,start] GC(608) Compaction Phase
[118.626s][info][gc,phases      ] GC(608) Compaction Phase 54.674ms
[118.626s][info][gc,phases,start] GC(608) Post Compact
[118.628s][info][gc,phases      ] GC(608) Post Compact 1.553ms
[118.628s][info][gc,heap        ] GC(608) PSYoungGen: 23532K(78848K)->23532K(78848K) Eden: 22015K(22016K)->22015K(22016K) From: 1516K(56832K)->1516K(56832K)
[118.628s][info][gc,heap        ] GC(608) ParOldGen: 340927K(341504K)->340927K(341504K)
[118.628s][info][gc,metaspace   ] GC(608) Metaspace: 6302K(6528K)->6302K(6528K) NonClass: 5769K(5888K)->5769K(5888K) Class: 533K(640K)->533K(640K)
[118.628s][info][gc             ] GC(608) Pause Full (Ergonomics) 355M->355M(410M) 200.416ms
[118.628s][info][gc,cpu         ] GC(608) User=0.31s Sys=0.00s Real=0.20s
[118.628s][info][gc,start       ] GC(609) Pause Full (Ergonomics)
[118.628s][info][gc,phases,start] GC(609) Marking Phase
[118.772s][info][gc,phases      ] GC(609) Marking Phase 143.874ms
[118.772s][info][gc,phases,start] GC(609) Summary Phase
[118.772s][info][gc,phases      ] GC(609) Summary Phase 0.023ms
[118.772s][info][gc,phases,start] GC(609) Adjust Roots
[118.773s][info][gc,phases      ] GC(609) Adjust Roots 0.208ms
[118.773s][info][gc,phases,start] GC(609) Compaction Phase
[118.829s][info][gc,phases      ] GC(609) Compaction Phase 56.683ms
[118.829s][info][gc,phases,start] GC(609) Post Compact
[118.831s][info][gc,phases      ] GC(609) Post Compact 1.497ms
[118.831s][info][gc,heap        ] GC(609) PSYoungGen: 23532K(78848K)->23532K(78848K) Eden: 22015K(22016K)->22015K(22016K) From: 1516K(56832K)->1516K(56832K)
[118.831s][info][gc,heap        ] GC(609) ParOldGen: 340931K(341504K)->340931K(341504K)
[118.831s][info][gc,metaspace   ] GC(609) Metaspace: 6302K(6528K)->6302K(6528K) NonClass: 5769K(5888K)->5769K(5888K) Class: 533K(640K)->533K(640K)
[118.831s][info][gc             ] GC(609) Pause Full (Ergonomics) 355M->355M(410M) 202.635ms
[118.831s][info][gc,cpu         ] GC(609) User=0.31s Sys=0.00s Real=0.20s
[118.831s][info][gc,start       ] GC(610) Pause Full (Ergonomics)
[118.831s][info][gc,phases,start] GC(610) Marking Phase
[118.975s][info][gc,phases      ] GC(610) Marking Phase 143.401ms
[118.975s][info][gc,phases,start] GC(610) Summary Phase
[118.975s][info][gc,phases      ] GC(610) Summary Phase 0.022ms
[118.975s][info][gc,phases,start] GC(610) Adjust Roots
[118.975s][info][gc,phases      ] GC(610) Adjust Roots 0.209ms
[118.975s][info][gc,phases,start] GC(610) Compaction Phase
[119.030s][info][gc,phases      ] GC(610) Compaction Phase 54.512ms
[119.030s][info][gc,phases,start] GC(610) Post Compact
[119.031s][info][gc,phases      ] GC(610) Post Compact 1.499ms
[119.031s][info][gc,heap        ] GC(610) PSYoungGen: 23532K(78848K)->23532K(78848K) Eden: 22015K(22016K)->22015K(22016K) From: 1516K(56832K)->1516K(56832K)
[119.031s][info][gc,heap        ] GC(610) ParOldGen: 340936K(341504K)->340936K(341504K)
[119.031s][info][gc,metaspace   ] GC(610) Metaspace: 6302K(6528K)->6302K(6528K) NonClass: 5769K(5888K)->5769K(5888K) Class: 533K(640K)->533K(640K)
[119.031s][info][gc             ] GC(610) Pause Full (Ergonomics) 355M->355M(410M) 199.970ms
[119.031s][info][gc,cpu         ] GC(610) User=0.31s Sys=0.00s Real=0.20s
[119.032s][info][gc,start       ] GC(611) Pause Full (Ergonomics)
[119.032s][info][gc,phases,start] GC(611) Marking Phase
[119.177s][info][gc,phases      ] GC(611) Marking Phase 145.307ms
[119.177s][info][gc,phases,start] GC(611) Summary Phase
[119.177s][info][gc,phases      ] GC(611) Summary Phase 0.022ms
[119.177s][info][gc,phases,start] GC(611) Adjust Roots
[119.177s][info][gc,phases      ] GC(611) Adjust Roots 0.187ms
[119.177s][info][gc,phases,start] GC(611) Compaction Phase
[119.232s][info][gc,phases      ] GC(611) Compaction Phase 54.887ms
[119.232s][info][gc,phases,start] GC(611) Post Compact
[119.234s][info][gc,phases      ] GC(611) Post Compact 1.486ms
[119.234s][info][gc,heap        ] GC(611) PSYoungGen: 23532K(78848K)->23532K(78848K) Eden: 22015K(22016K)->22015K(22016K) From: 1516K(56832K)->1516K(56832K)
[119.234s][info][gc,heap        ] GC(611) ParOldGen: 340941K(341504K)->340941K(341504K)
[119.234s][info][gc,metaspace   ] GC(611) Metaspace: 6302K(6528K)->6302K(6528K) NonClass: 5769K(5888K)->5769K(5888K) Class: 533K(640K)->533K(640K)
[119.234s][info][gc             ] GC(611) Pause Full (Ergonomics) 355M->355M(410M) 202.223ms
[119.234s][info][gc,cpu         ] GC(611) User=0.34s Sys=0.00s Real=0.20s
[119.234s][info][gc,start       ] GC(612) Pause Full (Ergonomics)
[119.234s][info][gc,phases,start] GC(612) Marking Phase
[119.379s][info][gc,phases      ] GC(612) Marking Phase 145.009ms
[119.379s][info][gc,phases,start] GC(612) Summary Phase
[119.379s][info][gc,phases      ] GC(612) Summary Phase 0.017ms
[119.379s][info][gc,phases,start] GC(612) Adjust Roots
[119.379s][info][gc,phases      ] GC(612) Adjust Roots 0.206ms
[119.379s][info][gc,phases,start] GC(612) Compaction Phase
[119.435s][info][gc,phases      ] GC(612) Compaction Phase 55.747ms
[119.435s][info][gc,phases,start] GC(612) Post Compact
[119.437s][info][gc,phases      ] GC(612) Post Compact 1.482ms
[119.437s][info][gc,heap        ] GC(612) PSYoungGen: 23532K(78848K)->23532K(78848K) Eden: 22015K(22016K)->22015K(22016K) From: 1516K(56832K)->1516K(56832K)
[119.437s][info][gc,heap        ] GC(612) ParOldGen: 340945K(341504K)->340945K(341504K)
[119.437s][info][gc,metaspace   ] GC(612) Metaspace: 6302K(6528K)->6302K(6528K) NonClass: 5769K(5888K)->5769K(5888K) Class: 533K(640K)->533K(640K)
[119.437s][info][gc             ] GC(612) Pause Full (Ergonomics) 355M->355M(410M) 202.866ms
[119.437s][info][gc,cpu         ] GC(612) User=0.33s Sys=0.00s Real=0.20s
[119.437s][info][gc,start       ] GC(613) Pause Full (Ergonomics)
[119.437s][info][gc,phases,start] GC(613) Marking Phase
[119.582s][info][gc,phases      ] GC(613) Marking Phase 144.840ms
[119.582s][info][gc,phases,start] GC(613) Summary Phase
[119.582s][info][gc,phases      ] GC(613) Summary Phase 0.023ms
[119.582s][info][gc,phases,start] GC(613) Adjust Roots
[119.582s][info][gc,phases      ] GC(613) Adjust Roots 0.207ms
[119.582s][info][gc,phases,start] GC(613) Compaction Phase
[119.637s][info][gc,phases      ] GC(613) Compaction Phase 54.422ms
[119.637s][info][gc,phases,start] GC(613) Post Compact
[119.638s][info][gc,phases      ] GC(613) Post Compact 1.502ms
[119.638s][info][gc,heap        ] GC(613) PSYoungGen: 23532K(78848K)->23532K(78848K) Eden: 22015K(22016K)->22015K(22016K) From: 1516K(56832K)->1516K(56832K)
[119.638s][info][gc,heap        ] GC(613) ParOldGen: 340950K(341504K)->340950K(341504K)
[119.638s][info][gc,metaspace   ] GC(613) Metaspace: 6302K(6528K)->6302K(6528K) NonClass: 5769K(5888K)->5769K(5888K) Class: 533K(640K)->533K(640K)
[119.639s][info][gc             ] GC(613) Pause Full (Ergonomics) 355M->355M(410M) 201.327ms
[119.639s][info][gc,cpu         ] GC(613) User=0.34s Sys=0.00s Real=0.20s
[119.639s][info][gc,start       ] GC(614) Pause Full (Ergonomics)
[119.639s][info][gc,phases,start] GC(614) Marking Phase
[119.784s][info][gc,phases      ] GC(614) Marking Phase 144.745ms
[119.784s][info][gc,phases,start] GC(614) Summary Phase
[119.784s][info][gc,phases      ] GC(614) Summary Phase 0.022ms
[119.784s][info][gc,phases,start] GC(614) Adjust Roots
[119.784s][info][gc,phases      ] GC(614) Adjust Roots 0.186ms
[119.784s][info][gc,phases,start] GC(614) Compaction Phase
[119.839s][info][gc,phases      ] GC(614) Compaction Phase 55.162ms
[119.839s][info][gc,phases,start] GC(614) Post Compact
[119.841s][info][gc,phases      ] GC(614) Post Compact 1.497ms
[119.841s][info][gc,heap        ] GC(614) PSYoungGen: 23532K(78848K)->23532K(78848K) Eden: 22015K(22016K)->22015K(22016K) From: 1516K(56832K)->1516K(56832K)
[119.841s][info][gc,heap        ] GC(614) ParOldGen: 340955K(341504K)->340955K(341504K)
[119.841s][info][gc,metaspace   ] GC(614) Metaspace: 6302K(6528K)->6302K(6528K) NonClass: 5769K(5888K)->5769K(5888K) Class: 533K(640K)->533K(640K)
[119.841s][info][gc             ] GC(614) Pause Full (Ergonomics) 355M->355M(410M) 201.933ms
[119.841s][info][gc,cpu         ] GC(614) User=0.34s Sys=0.00s Real=0.20s
[119.841s][info][gc,start       ] GC(615) Pause Full (Ergonomics)
[119.841s][info][gc,phases,start] GC(615) Marking Phase
[119.986s][info][gc,phases      ] GC(615) Marking Phase 145.348ms
[119.986s][info][gc,phases,start] GC(615) Summary Phase
[119.986s][info][gc,phases      ] GC(615) Summary Phase 0.023ms
[119.986s][info][gc,phases,start] GC(615) Adjust Roots
[119.987s][info][gc,phases      ] GC(615) Adjust Roots 0.209ms
[119.987s][info][gc,phases,start] GC(615) Compaction Phase
[120.042s][info][gc,phases      ] GC(615) Compaction Phase 54.984ms
[120.042s][info][gc,phases,start] GC(615) Post Compact
[120.043s][info][gc,phases      ] GC(615) Post Compact 1.500ms
[120.043s][info][gc,heap        ] GC(615) PSYoungGen: 23532K(78848K)->23532K(78848K) Eden: 22015K(22016K)->22015K(22016K) From: 1516K(56832K)->1516K(56832K)
[120.043s][info][gc,heap        ] GC(615) ParOldGen: 340959K(341504K)->340959K(341504K)
[120.043s][info][gc,metaspace   ] GC(615) Metaspace: 6302K(6528K)->6302K(6528K) NonClass: 5769K(5888K)->5769K(5888K) Class: 533K(640K)->533K(640K)
[120.043s][info][gc             ] GC(615) Pause Full (Ergonomics) 355M->355M(410M) 202.409ms
[120.043s][info][gc,cpu         ] GC(615) User=0.33s Sys=0.00s Real=0.20s
[120.044s][info][gc,start       ] GC(616) Pause Full (Ergonomics)
[120.044s][info][gc,phases,start] GC(616) Marking Phase
[120.188s][info][gc,phases      ] GC(616) Marking Phase 144.304ms
[120.188s][info][gc,phases,start] GC(616) Summary Phase
[120.188s][info][gc,phases      ] GC(616) Summary Phase 0.023ms
[120.188s][info][gc,phases,start] GC(616) Adjust Roots
[120.188s][info][gc,phases      ] GC(616) Adjust Roots 0.209ms
[120.188s][info][gc,phases,start] GC(616) Compaction Phase
[120.243s][info][gc,phases      ] GC(616) Compaction Phase 55.174ms
[120.244s][info][gc,phases,start] GC(616) Post Compact
[120.245s][info][gc,phases      ] GC(616) Post Compact 1.489ms
[120.245s][info][gc,heap        ] GC(616) PSYoungGen: 23532K(78848K)->23532K(78848K) Eden: 22015K(22016K)->22015K(22016K) From: 1516K(56832K)->1516K(56832K)
[120.245s][info][gc,heap        ] GC(616) ParOldGen: 340964K(341504K)->340964K(341504K)
[120.245s][info][gc,metaspace   ] GC(616) Metaspace: 6302K(6528K)->6302K(6528K) NonClass: 5769K(5888K)->5769K(5888K) Class: 533K(640K)->533K(640K)
[120.245s][info][gc             ] GC(616) Pause Full (Ergonomics) 355M->355M(410M) 201.522ms
[120.245s][info][gc,cpu         ] GC(616) User=0.30s Sys=0.00s Real=0.20s
[120.245s][info][gc,start       ] GC(617) Pause Full (Ergonomics)
[120.246s][info][gc,phases,start] GC(617) Marking Phase
[120.397s][info][gc,phases      ] GC(617) Marking Phase 151.529ms
[120.397s][info][gc,phases,start] GC(617) Summary Phase
[120.397s][info][gc,phases      ] GC(617) Summary Phase 0.022ms
[120.397s][info][gc,phases,start] GC(617) Adjust Roots
[120.397s][info][gc,phases      ] GC(617) Adjust Roots 0.192ms
[120.397s][info][gc,phases,start] GC(617) Compaction Phase
[120.453s][info][gc,phases      ] GC(617) Compaction Phase 55.783ms
[120.453s][info][gc,phases,start] GC(617) Post Compact
[120.455s][info][gc,phases      ] GC(617) Post Compact 1.495ms
[120.455s][info][gc,heap        ] GC(617) PSYoungGen: 23532K(78848K)->23532K(78848K) Eden: 22015K(22016K)->22015K(22016K) From: 1516K(56832K)->1516K(56832K)
[120.455s][info][gc,heap        ] GC(617) ParOldGen: 340969K(341504K)->340969K(341504K)
[120.455s][info][gc,metaspace   ] GC(617) Metaspace: 6302K(6528K)->6302K(6528K) NonClass: 5769K(5888K)->5769K(5888K) Class: 533K(640K)->533K(640K)
[120.455s][info][gc             ] GC(617) Pause Full (Ergonomics) 355M->355M(410M) 209.372ms
[120.455s][info][gc,cpu         ] GC(617) User=0.36s Sys=0.02s Real=0.21s
[120.455s][info][gc,start       ] GC(618) Pause Full (Ergonomics)
[120.455s][info][gc,phases,start] GC(618) Marking Phase
[120.599s][info][gc,phases      ] GC(618) Marking Phase 143.820ms
[120.599s][info][gc,phases,start] GC(618) Summary Phase
[120.599s][info][gc,phases      ] GC(618) Summary Phase 0.022ms
[120.599s][info][gc,phases,start] GC(618) Adjust Roots
[120.599s][info][gc,phases      ] GC(618) Adjust Roots 0.211ms
[120.599s][info][gc,phases,start] GC(618) Compaction Phase
[120.654s][info][gc,phases      ] GC(618) Compaction Phase 54.776ms
[120.654s][info][gc,phases,start] GC(618) Post Compact
[120.656s][info][gc,phases      ] GC(618) Post Compact 1.505ms
[120.656s][info][gc,heap        ] GC(618) PSYoungGen: 23532K(78848K)->23532K(78848K) Eden: 22015K(22016K)->22015K(22016K) From: 1516K(56832K)->1516K(56832K)
[120.656s][info][gc,heap        ] GC(618) ParOldGen: 340973K(341504K)->340973K(341504K)
[120.656s][info][gc,metaspace   ] GC(618) Metaspace: 6302K(6528K)->6302K(6528K) NonClass: 5769K(5888K)->5769K(5888K) Class: 533K(640K)->533K(640K)
[120.656s][info][gc             ] GC(618) Pause Full (Ergonomics) 355M->355M(410M) 200.660ms
[120.656s][info][gc,cpu         ] GC(618) User=0.31s Sys=0.00s Real=0.20s
[120.656s][info][gc,start       ] GC(619) Pause Full (Ergonomics)
[120.656s][info][gc,phases,start] GC(619) Marking Phase
[120.800s][info][gc,phases      ] GC(619) Marking Phase 144.102ms
[120.800s][info][gc,phases,start] GC(619) Summary Phase
[120.800s][info][gc,phases      ] GC(619) Summary Phase 0.022ms
[120.800s][info][gc,phases,start] GC(619) Adjust Roots
[120.801s][info][gc,phases      ] GC(619) Adjust Roots 0.211ms
[120.801s][info][gc,phases,start] GC(619) Compaction Phase
[120.856s][info][gc,phases      ] GC(619) Compaction Phase 55.075ms
[120.856s][info][gc,phases,start] GC(619) Post Compact
[120.857s][info][gc,phases      ] GC(619) Post Compact 1.490ms
[120.857s][info][gc,heap        ] GC(619) PSYoungGen: 23532K(78848K)->23532K(78848K) Eden: 22015K(22016K)->22015K(22016K) From: 1516K(56832K)->1516K(56832K)
[120.857s][info][gc,heap        ] GC(619) ParOldGen: 340978K(341504K)->340978K(341504K)
[120.857s][info][gc,metaspace   ] GC(619) Metaspace: 6302K(6528K)->6302K(6528K) NonClass: 5769K(5888K)->5769K(5888K) Class: 533K(640K)->533K(640K)
[120.857s][info][gc             ] GC(619) Pause Full (Ergonomics) 355M->355M(410M) 201.233ms
[120.857s][info][gc,cpu         ] GC(619) User=0.31s Sys=0.00s Real=0.20s
[120.858s][info][gc,start       ] GC(620) Pause Full (Ergonomics)
[120.858s][info][gc,phases,start] GC(620) Marking Phase
[121.003s][info][gc,phases      ] GC(620) Marking Phase 145.574ms
[121.003s][info][gc,phases,start] GC(620) Summary Phase
[121.003s][info][gc,phases      ] GC(620) Summary Phase 0.023ms
[121.003s][info][gc,phases,start] GC(620) Adjust Roots
[121.003s][info][gc,phases      ] GC(620) Adjust Roots 0.189ms
[121.003s][info][gc,phases,start] GC(620) Compaction Phase
[121.058s][info][gc,phases      ] GC(620) Compaction Phase 54.906ms
[121.058s][info][gc,phases,start] GC(620) Post Compact
[121.060s][info][gc,phases      ] GC(620) Post Compact 1.499ms
[121.060s][info][gc,heap        ] GC(620) PSYoungGen: 23532K(78848K)->23532K(78848K) Eden: 22015K(22016K)->22015K(22016K) From: 1516K(56832K)->1516K(56832K)
[121.060s][info][gc,heap        ] GC(620) ParOldGen: 340983K(341504K)->340983K(341504K)
[121.060s][info][gc,metaspace   ] GC(620) Metaspace: 6302K(6528K)->6302K(6528K) NonClass: 5769K(5888K)->5769K(5888K) Class: 533K(640K)->533K(640K)
[121.060s][info][gc             ] GC(620) Pause Full (Ergonomics) 355M->355M(410M) 202.522ms
[121.060s][info][gc,cpu         ] GC(620) User=0.34s Sys=0.00s Real=0.20s
[121.060s][info][gc,start       ] GC(621) Pause Full (Ergonomics)
[121.060s][info][gc,phases,start] GC(621) Marking Phase
[121.204s][info][gc,phases      ] GC(621) Marking Phase 143.507ms
[121.204s][info][gc,phases,start] GC(621) Summary Phase
[121.204s][info][gc,phases      ] GC(621) Summary Phase 0.022ms
[121.204s][info][gc,phases,start] GC(621) Adjust Roots
[121.204s][info][gc,phases      ] GC(621) Adjust Roots 0.210ms
[121.204s][info][gc,phases,start] GC(621) Compaction Phase
[121.259s][info][gc,phases      ] GC(621) Compaction Phase 54.531ms
[121.259s][info][gc,phases,start] GC(621) Post Compact
[121.260s][info][gc,phases      ] GC(621) Post Compact 1.471ms
[121.260s][info][gc,heap        ] GC(621) PSYoungGen: 23532K(78848K)->23532K(78848K) Eden: 22015K(22016K)->22015K(22016K) From: 1516K(56832K)->1516K(56832K)
[121.260s][info][gc,heap        ] GC(621) ParOldGen: 340987K(341504K)->340987K(341504K)
[121.260s][info][gc,metaspace   ] GC(621) Metaspace: 6302K(6528K)->6302K(6528K) NonClass: 5769K(5888K)->5769K(5888K) Class: 533K(640K)->533K(640K)
[121.260s][info][gc             ] GC(621) Pause Full (Ergonomics) 355M->355M(410M) 200.069ms
[121.260s][info][gc,cpu         ] GC(621) User=0.31s Sys=0.00s Real=0.20s
[121.261s][info][gc,start       ] GC(622) Pause Full (Ergonomics)
[121.261s][info][gc,phases,start] GC(622) Marking Phase
[121.406s][info][gc,phases      ] GC(622) Marking Phase 144.921ms
[121.406s][info][gc,phases,start] GC(622) Summary Phase
[121.406s][info][gc,phases      ] GC(622) Summary Phase 0.022ms
[121.406s][info][gc,phases,start] GC(622) Adjust Roots
[121.406s][info][gc,phases      ] GC(622) Adjust Roots 0.195ms
[121.406s][info][gc,phases,start] GC(622) Compaction Phase
[121.461s][info][gc,phases      ] GC(622) Compaction Phase 54.773ms
[121.461s][info][gc,phases,start] GC(622) Post Compact
[121.462s][info][gc,phases      ] GC(622) Post Compact 1.531ms
[121.462s][info][gc,heap        ] GC(622) PSYoungGen: 23532K(78848K)->23532K(78848K) Eden: 22015K(22016K)->22015K(22016K) From: 1516K(56832K)->1516K(56832K)
[121.462s][info][gc,heap        ] GC(622) ParOldGen: 340992K(341504K)->340992K(341504K)
[121.462s][info][gc,metaspace   ] GC(622) Metaspace: 6302K(6528K)->6302K(6528K) NonClass: 5769K(5888K)->5769K(5888K) Class: 533K(640K)->533K(640K)
[121.462s][info][gc             ] GC(622) Pause Full (Ergonomics) 355M->355M(410M) 201.770ms
[121.462s][info][gc,cpu         ] GC(622) User=0.38s Sys=0.00s Real=0.20s
[121.463s][info][gc,start       ] GC(623) Pause Full (Ergonomics)
[121.463s][info][gc,phases,start] GC(623) Marking Phase
[121.607s][info][gc,phases      ] GC(623) Marking Phase 143.765ms
[121.607s][info][gc,phases,start] GC(623) Summary Phase
[121.607s][info][gc,phases      ] GC(623) Summary Phase 0.023ms
[121.607s][info][gc,phases,start] GC(623) Adjust Roots
[121.607s][info][gc,phases      ] GC(623) Adjust Roots 0.187ms
[121.607s][info][gc,phases,start] GC(623) Compaction Phase
[121.661s][info][gc,phases      ] GC(623) Compaction Phase 54.258ms
[121.661s][info][gc,phases,start] GC(623) Post Compact
[121.663s][info][gc,phases      ] GC(623) Post Compact 1.651ms
[121.663s][info][gc,heap        ] GC(623) PSYoungGen: 23532K(78848K)->23532K(78848K) Eden: 22015K(22016K)->22015K(22016K) From: 1516K(56832K)->1516K(56832K)
[121.663s][info][gc,heap        ] GC(623) ParOldGen: 340997K(341504K)->340997K(341504K)
[121.663s][info][gc,metaspace   ] GC(623) Metaspace: 6302K(6528K)->6302K(6528K) NonClass: 5769K(5888K)->5769K(5888K) Class: 533K(640K)->533K(640K)
[121.663s][info][gc             ] GC(623) Pause Full (Ergonomics) 355M->355M(410M) 200.205ms
[121.663s][info][gc,cpu         ] GC(623) User=0.34s Sys=0.00s Real=0.20s
[121.663s][info][gc,start       ] GC(624) Pause Full (Ergonomics)
[121.663s][info][gc,phases,start] GC(624) Marking Phase
[121.808s][info][gc,phases      ] GC(624) Marking Phase 144.582ms
[121.808s][info][gc,phases,start] GC(624) Summary Phase
[121.808s][info][gc,phases      ] GC(624) Summary Phase 0.022ms
[121.808s][info][gc,phases,start] GC(624) Adjust Roots
[121.808s][info][gc,phases      ] GC(624) Adjust Roots 0.191ms
[121.808s][info][gc,phases,start] GC(624) Compaction Phase
[121.863s][info][gc,phases      ] GC(624) Compaction Phase 54.848ms
[121.863s][info][gc,phases,start] GC(624) Post Compact
[121.865s][info][gc,phases      ] GC(624) Post Compact 1.504ms
[121.865s][info][gc,heap        ] GC(624) PSYoungGen: 23532K(78848K)->23532K(78848K) Eden: 22015K(22016K)->22015K(22016K) From: 1516K(56832K)->1516K(56832K)
[121.865s][info][gc,heap        ] GC(624) ParOldGen: 341001K(341504K)->341001K(341504K)
[121.865s][info][gc,metaspace   ] GC(624) Metaspace: 6302K(6528K)->6302K(6528K) NonClass: 5769K(5888K)->5769K(5888K) Class: 533K(640K)->533K(640K)
[121.865s][info][gc             ] GC(624) Pause Full (Ergonomics) 355M->355M(410M) 201.472ms
[121.865s][info][gc,cpu         ] GC(624) User=0.34s Sys=0.00s Real=0.20s
[121.865s][info][gc,start       ] GC(625) Pause Full (Ergonomics)
[121.865s][info][gc,phases,start] GC(625) Marking Phase
[122.009s][info][gc,phases      ] GC(625) Marking Phase 144.045ms
[122.009s][info][gc,phases,start] GC(625) Summary Phase
[122.009s][info][gc,phases      ] GC(625) Summary Phase 0.022ms
[122.009s][info][gc,phases,start] GC(625) Adjust Roots
[122.009s][info][gc,phases      ] GC(625) Adjust Roots 0.193ms
[122.009s][info][gc,phases,start] GC(625) Compaction Phase
[122.064s][info][gc,phases      ] GC(625) Compaction Phase 55.050ms
[122.064s][info][gc,phases,start] GC(625) Post Compact
[122.066s][info][gc,phases      ] GC(625) Post Compact 1.479ms
[122.066s][info][gc,heap        ] GC(625) PSYoungGen: 23532K(78848K)->23532K(78848K) Eden: 22015K(22016K)->22015K(22016K) From: 1516K(56832K)->1516K(56832K)
[122.066s][info][gc,heap        ] GC(625) ParOldGen: 341006K(341504K)->341006K(341504K)
[122.066s][info][gc,metaspace   ] GC(625) Metaspace: 6302K(6528K)->6302K(6528K) NonClass: 5769K(5888K)->5769K(5888K) Class: 533K(640K)->533K(640K)
[122.066s][info][gc             ] GC(625) Pause Full (Ergonomics) 355M->355M(410M) 201.130ms
[122.066s][info][gc,cpu         ] GC(625) User=0.31s Sys=0.00s Real=0.20s
[122.066s][info][gc,start       ] GC(626) Pause Full (Ergonomics)
[122.066s][info][gc,phases,start] GC(626) Marking Phase
[122.213s][info][gc,phases      ] GC(626) Marking Phase 146.318ms
[122.213s][info][gc,phases,start] GC(626) Summary Phase
[122.213s][info][gc,phases      ] GC(626) Summary Phase 0.022ms
[122.213s][info][gc,phases,start] GC(626) Adjust Roots
[122.213s][info][gc,phases      ] GC(626) Adjust Roots 0.192ms
[122.213s][info][gc,phases,start] GC(626) Compaction Phase
[122.269s][info][gc,phases      ] GC(626) Compaction Phase 55.931ms
[122.269s][info][gc,phases,start] GC(626) Post Compact
[122.271s][info][gc,phases      ] GC(626) Post Compact 1.502ms
[122.271s][info][gc,heap        ] GC(626) PSYoungGen: 23532K(78848K)->23532K(78848K) Eden: 22015K(22016K)->22015K(22016K) From: 1516K(56832K)->1516K(56832K)
[122.271s][info][gc,heap        ] GC(626) ParOldGen: 341011K(341504K)->341011K(341504K)
[122.271s][info][gc,metaspace   ] GC(626) Metaspace: 6302K(6528K)->6302K(6528K) NonClass: 5769K(5888K)->5769K(5888K) Class: 533K(640K)->533K(640K)
[122.271s][info][gc             ] GC(626) Pause Full (Ergonomics) 355M->355M(410M) 204.291ms
[122.271s][info][gc,cpu         ] GC(626) User=0.36s Sys=0.00s Real=0.20s
[122.271s][info][gc,start       ] GC(627) Pause Full (Ergonomics)
[122.271s][info][gc,phases,start] GC(627) Marking Phase
[122.415s][info][gc,phases      ] GC(627) Marking Phase 144.424ms
[122.415s][info][gc,phases,start] GC(627) Summary Phase
[122.415s][info][gc,phases      ] GC(627) Summary Phase 0.023ms
[122.415s][info][gc,phases,start] GC(627) Adjust Roots
[122.416s][info][gc,phases      ] GC(627) Adjust Roots 0.213ms
[122.416s][info][gc,phases,start] GC(627) Compaction Phase
[122.471s][info][gc,phases      ] GC(627) Compaction Phase 54.935ms
[122.471s][info][gc,phases,start] GC(627) Post Compact
[122.472s][info][gc,phases      ] GC(627) Post Compact 1.482ms
[122.472s][info][gc,heap        ] GC(627) PSYoungGen: 23532K(78848K)->23532K(78848K) Eden: 22015K(22016K)->22015K(22016K) From: 1516K(56832K)->1516K(56832K)
[122.472s][info][gc,heap        ] GC(627) ParOldGen: 341015K(341504K)->341015K(341504K)
[122.472s][info][gc,metaspace   ] GC(627) Metaspace: 6302K(6528K)->6302K(6528K) NonClass: 5769K(5888K)->5769K(5888K) Class: 533K(640K)->533K(640K)
[122.472s][info][gc             ] GC(627) Pause Full (Ergonomics) 356M->356M(410M) 201.422ms
[122.472s][info][gc,cpu         ] GC(627) User=0.33s Sys=0.00s Real=0.20s
[122.473s][info][gc,start       ] GC(628) Pause Full (Ergonomics)
[122.473s][info][gc,phases,start] GC(628) Marking Phase
[122.618s][info][gc,phases      ] GC(628) Marking Phase 145.510ms
[122.618s][info][gc,phases,start] GC(628) Summary Phase
[122.618s][info][gc,phases      ] GC(628) Summary Phase 0.023ms
[122.618s][info][gc,phases,start] GC(628) Adjust Roots
[122.618s][info][gc,phases      ] GC(628) Adjust Roots 0.192ms
[122.618s][info][gc,phases,start] GC(628) Compaction Phase
[122.674s][info][gc,phases      ] GC(628) Compaction Phase 55.164ms
[122.674s][info][gc,phases,start] GC(628) Post Compact
[122.675s][info][gc,phases      ] GC(628) Post Compact 1.505ms
[122.675s][info][gc,heap        ] GC(628) PSYoungGen: 23532K(78848K)->23532K(78848K) Eden: 22015K(22016K)->22015K(22016K) From: 1516K(56832K)->1516K(56832K)
[122.675s][info][gc,heap        ] GC(628) ParOldGen: 341020K(341504K)->341020K(341504K)
[122.675s][info][gc,metaspace   ] GC(628) Metaspace: 6302K(6528K)->6302K(6528K) NonClass: 5769K(5888K)->5769K(5888K) Class: 533K(640K)->533K(640K)
[122.675s][info][gc             ] GC(628) Pause Full (Ergonomics) 356M->356M(410M) 202.765ms
[122.675s][info][gc,cpu         ] GC(628) User=0.36s Sys=0.00s Real=0.20s
[122.676s][info][gc,start       ] GC(629) Pause Full (Ergonomics)
[122.676s][info][gc,phases,start] GC(629) Marking Phase
[122.821s][info][gc,phases      ] GC(629) Marking Phase 145.143ms
[122.821s][info][gc,phases,start] GC(629) Summary Phase
[122.821s][info][gc,phases      ] GC(629) Summary Phase 0.022ms
[122.821s][info][gc,phases,start] GC(629) Adjust Roots
[122.821s][info][gc,phases      ] GC(629) Adjust Roots 0.185ms
[122.821s][info][gc,phases,start] GC(629) Compaction Phase
[122.875s][info][gc,phases      ] GC(629) Compaction Phase 54.287ms
[122.876s][info][gc,phases,start] GC(629) Post Compact
[122.877s][info][gc,phases      ] GC(629) Post Compact 1.510ms
[122.877s][info][gc,heap        ] GC(629) PSYoungGen: 23532K(78848K)->23532K(78848K) Eden: 22015K(22016K)->22015K(22016K) From: 1516K(56832K)->1516K(56832K)
[122.877s][info][gc,heap        ] GC(629) ParOldGen: 341025K(341504K)->341025K(341504K)
[122.877s][info][gc,metaspace   ] GC(629) Metaspace: 6302K(6528K)->6302K(6528K) NonClass: 5769K(5888K)->5769K(5888K) Class: 533K(640K)->533K(640K)
[122.877s][info][gc             ] GC(629) Pause Full (Ergonomics) 356M->356M(410M) 201.473ms
[122.877s][info][gc,cpu         ] GC(629) User=0.36s Sys=0.00s Real=0.20s
[122.877s][info][gc,start       ] GC(630) Pause Full (Ergonomics)
[122.877s][info][gc,phases,start] GC(630) Marking Phase
[123.023s][info][gc,phases      ] GC(630) Marking Phase 145.195ms
[123.023s][info][gc,phases,start] GC(630) Summary Phase
[123.023s][info][gc,phases      ] GC(630) Summary Phase 0.023ms
[123.023s][info][gc,phases,start] GC(630) Adjust Roots
[123.023s][info][gc,phases      ] GC(630) Adjust Roots 0.193ms
[123.023s][info][gc,phases,start] GC(630) Compaction Phase
[123.078s][info][gc,phases      ] GC(630) Compaction Phase 55.059ms
[123.078s][info][gc,phases,start] GC(630) Post Compact
[123.080s][info][gc,phases      ] GC(630) Post Compact 1.484ms
[123.080s][info][gc,heap        ] GC(630) PSYoungGen: 23532K(78848K)->23532K(78848K) Eden: 22015K(22016K)->22015K(22016K) From: 1516K(56832K)->1516K(56832K)
[123.080s][info][gc,heap        ] GC(630) ParOldGen: 341029K(341504K)->341029K(341504K)
[123.080s][info][gc,metaspace   ] GC(630) Metaspace: 6302K(6528K)->6302K(6528K) NonClass: 5769K(5888K)->5769K(5888K) Class: 533K(640K)->533K(640K)
[123.080s][info][gc             ] GC(630) Pause Full (Ergonomics) 356M->356M(410M) 202.291ms
[123.080s][info][gc,cpu         ] GC(630) User=0.36s Sys=0.00s Real=0.20s
[123.080s][info][gc,start       ] GC(631) Pause Full (Ergonomics)
[123.080s][info][gc,phases,start] GC(631) Marking Phase
[123.225s][info][gc,phases      ] GC(631) Marking Phase 145.102ms
[123.225s][info][gc,phases,start] GC(631) Summary Phase
[123.225s][info][gc,phases      ] GC(631) Summary Phase 0.022ms
[123.225s][info][gc,phases,start] GC(631) Adjust Roots
[123.225s][info][gc,phases      ] GC(631) Adjust Roots 0.187ms
[123.225s][info][gc,phases,start] GC(631) Compaction Phase
[123.280s][info][gc,phases      ] GC(631) Compaction Phase 54.724ms
[123.280s][info][gc,phases,start] GC(631) Post Compact
[123.282s][info][gc,phases      ] GC(631) Post Compact 1.488ms
[123.282s][info][gc,heap        ] GC(631) PSYoungGen: 23532K(78848K)->23532K(78848K) Eden: 22015K(22016K)->22015K(22016K) From: 1516K(56832K)->1516K(56832K)
[123.282s][info][gc,heap        ] GC(631) ParOldGen: 341034K(341504K)->341034K(341504K)
[123.282s][info][gc,metaspace   ] GC(631) Metaspace: 6302K(6528K)->6302K(6528K) NonClass: 5769K(5888K)->5769K(5888K) Class: 533K(640K)->533K(640K)
[123.282s][info][gc             ] GC(631) Pause Full (Ergonomics) 356M->356M(410M) 202.050ms
[123.282s][info][gc,cpu         ] GC(631) User=0.36s Sys=0.00s Real=0.20s
[123.282s][info][gc,start       ] GC(632) Pause Full (Ergonomics)
[123.282s][info][gc,phases,start] GC(632) Marking Phase
[123.427s][info][gc,phases      ] GC(632) Marking Phase 144.453ms
[123.427s][info][gc,phases,start] GC(632) Summary Phase
[123.427s][info][gc,phases      ] GC(632) Summary Phase 0.027ms
[123.427s][info][gc,phases,start] GC(632) Adjust Roots
[123.427s][info][gc,phases      ] GC(632) Adjust Roots 0.188ms
[123.427s][info][gc,phases,start] GC(632) Compaction Phase
[123.482s][info][gc,phases      ] GC(632) Compaction Phase 54.440ms
[123.482s][info][gc,phases,start] GC(632) Post Compact
[123.483s][info][gc,phases      ] GC(632) Post Compact 1.486ms
[123.483s][info][gc,heap        ] GC(632) PSYoungGen: 23532K(78848K)->23532K(78848K) Eden: 22015K(22016K)->22015K(22016K) From: 1516K(56832K)->1516K(56832K)
[123.483s][info][gc,heap        ] GC(632) ParOldGen: 341039K(341504K)->341039K(341504K)
[123.483s][info][gc,metaspace   ] GC(632) Metaspace: 6302K(6528K)->6302K(6528K) NonClass: 5769K(5888K)->5769K(5888K) Class: 533K(640K)->533K(640K)
[123.483s][info][gc             ] GC(632) Pause Full (Ergonomics) 356M->356M(410M) 200.924ms
[123.483s][info][gc,cpu         ] GC(632) User=0.33s Sys=0.00s Real=0.20s
[123.484s][info][gc,start       ] GC(633) Pause Full (Ergonomics)
[123.484s][info][gc,phases,start] GC(633) Marking Phase
[123.628s][info][gc,phases      ] GC(633) Marking Phase 144.722ms
[123.628s][info][gc,phases,start] GC(633) Summary Phase
[123.628s][info][gc,phases      ] GC(633) Summary Phase 0.024ms
[123.628s][info][gc,phases,start] GC(633) Adjust Roots
[123.629s][info][gc,phases      ] GC(633) Adjust Roots 0.189ms
[123.629s][info][gc,phases,start] GC(633) Compaction Phase
[123.682s][info][gc,phases      ] GC(633) Compaction Phase 53.732ms
[123.682s][info][gc,phases,start] GC(633) Post Compact
[123.684s][info][gc,phases      ] GC(633) Post Compact 1.521ms
[123.684s][info][gc,heap        ] GC(633) PSYoungGen: 23532K(78848K)->23532K(78848K) Eden: 22015K(22016K)->22015K(22016K) From: 1516K(56832K)->1516K(56832K)
[123.684s][info][gc,heap        ] GC(633) ParOldGen: 341043K(341504K)->341043K(341504K)
[123.684s][info][gc,metaspace   ] GC(633) Metaspace: 6302K(6528K)->6302K(6528K) NonClass: 5769K(5888K)->5769K(5888K) Class: 533K(640K)->533K(640K)
[123.684s][info][gc             ] GC(633) Pause Full (Ergonomics) 356M->356M(410M) 200.573ms
[123.684s][info][gc,cpu         ] GC(633) User=0.36s Sys=0.00s Real=0.20s
[123.684s][info][gc,start       ] GC(634) Pause Full (Ergonomics)
[123.684s][info][gc,phases,start] GC(634) Marking Phase
[123.829s][info][gc,phases      ] GC(634) Marking Phase 144.754ms
[123.829s][info][gc,phases,start] GC(634) Summary Phase
[123.829s][info][gc,phases      ] GC(634) Summary Phase 0.023ms
[123.829s][info][gc,phases,start] GC(634) Adjust Roots
[123.829s][info][gc,phases      ] GC(634) Adjust Roots 0.194ms
[123.829s][info][gc,phases,start] GC(634) Compaction Phase
[123.884s][info][gc,phases      ] GC(634) Compaction Phase 54.691ms
[123.884s][info][gc,phases,start] GC(634) Post Compact
[123.886s][info][gc,phases      ] GC(634) Post Compact 1.492ms
[123.886s][info][gc,heap        ] GC(634) PSYoungGen: 23532K(78848K)->23532K(78848K) Eden: 22015K(22016K)->22015K(22016K) From: 1516K(56832K)->1516K(56832K)
[123.886s][info][gc,heap        ] GC(634) ParOldGen: 341048K(341504K)->341048K(341504K)
[123.886s][info][gc,metaspace   ] GC(634) Metaspace: 6302K(6528K)->6302K(6528K) NonClass: 5769K(5888K)->5769K(5888K) Class: 533K(640K)->533K(640K)
[123.886s][info][gc             ] GC(634) Pause Full (Ergonomics) 356M->356M(410M) 201.484ms
[123.886s][info][gc,cpu         ] GC(634) User=0.34s Sys=0.00s Real=0.20s
[123.886s][info][gc,start       ] GC(635) Pause Full (Ergonomics)
[123.886s][info][gc,phases,start] GC(635) Marking Phase
[124.030s][info][gc,phases      ] GC(635) Marking Phase 144.184ms
[124.030s][info][gc,phases,start] GC(635) Summary Phase
[124.030s][info][gc,phases      ] GC(635) Summary Phase 0.022ms
[124.030s][info][gc,phases,start] GC(635) Adjust Roots
[124.031s][info][gc,phases      ] GC(635) Adjust Roots 0.187ms
[124.031s][info][gc,phases,start] GC(635) Compaction Phase
[124.085s][info][gc,phases      ] GC(635) Compaction Phase 54.205ms
[124.085s][info][gc,phases,start] GC(635) Post Compact
[124.086s][info][gc,phases      ] GC(635) Post Compact 1.481ms
[124.086s][info][gc,heap        ] GC(635) PSYoungGen: 23532K(78848K)->23532K(78848K) Eden: 22015K(22016K)->22015K(22016K) From: 1516K(56832K)->1516K(56832K)
[124.087s][info][gc,heap        ] GC(635) ParOldGen: 341053K(341504K)->341053K(341504K)
[124.087s][info][gc,metaspace   ] GC(635) Metaspace: 6302K(6528K)->6302K(6528K) NonClass: 5769K(5888K)->5769K(5888K) Class: 533K(640K)->533K(640K)
[124.087s][info][gc             ] GC(635) Pause Full (Ergonomics) 356M->356M(410M) 200.441ms
[124.087s][info][gc,cpu         ] GC(635) User=0.34s Sys=0.00s Real=0.20s
[124.087s][info][gc,start       ] GC(636) Pause Full (Ergonomics)
[124.087s][info][gc,phases,start] GC(636) Marking Phase
[124.231s][info][gc,phases      ] GC(636) Marking Phase 144.517ms
[124.231s][info][gc,phases,start] GC(636) Summary Phase
[124.231s][info][gc,phases      ] GC(636) Summary Phase 0.024ms
[124.231s][info][gc,phases,start] GC(636) Adjust Roots
[124.232s][info][gc,phases      ] GC(636) Adjust Roots 0.196ms
[124.232s][info][gc,phases,start] GC(636) Compaction Phase
[124.287s][info][gc,phases      ] GC(636) Compaction Phase 54.839ms
[124.287s][info][gc,phases,start] GC(636) Post Compact
[124.288s][info][gc,phases      ] GC(636) Post Compact 1.498ms
[124.288s][info][gc,heap        ] GC(636) PSYoungGen: 23532K(78848K)->23532K(78848K) Eden: 22015K(22016K)->22015K(22016K) From: 1516K(56832K)->1516K(56832K)
[124.288s][info][gc,heap        ] GC(636) ParOldGen: 341057K(341504K)->341057K(341504K)
[124.288s][info][gc,metaspace   ] GC(636) Metaspace: 6302K(6528K)->6302K(6528K) NonClass: 5769K(5888K)->5769K(5888K) Class: 533K(640K)->533K(640K)
[124.288s][info][gc             ] GC(636) Pause Full (Ergonomics) 356M->356M(410M) 201.409ms
[124.288s][info][gc,cpu         ] GC(636) User=0.39s Sys=0.00s Real=0.20s
[124.288s][info][gc,start       ] GC(637) Pause Full (Ergonomics)
[124.289s][info][gc,phases,start] GC(637) Marking Phase
[124.432s][info][gc,phases      ] GC(637) Marking Phase 143.534ms
[124.432s][info][gc,phases,start] GC(637) Summary Phase
[124.432s][info][gc,phases      ] GC(637) Summary Phase 0.023ms
[124.432s][info][gc,phases,start] GC(637) Adjust Roots
[124.432s][info][gc,phases      ] GC(637) Adjust Roots 0.199ms
[124.432s][info][gc,phases,start] GC(637) Compaction Phase
[124.488s][info][gc,phases      ] GC(637) Compaction Phase 55.405ms
[124.488s][info][gc,phases,start] GC(637) Post Compact
[124.489s][info][gc,phases      ] GC(637) Post Compact 1.454ms
[124.489s][info][gc,heap        ] GC(637) PSYoungGen: 23532K(78848K)->23532K(78848K) Eden: 22015K(22016K)->22015K(22016K) From: 1516K(56832K)->1516K(56832K)
[124.489s][info][gc,heap        ] GC(637) ParOldGen: 341062K(341504K)->341062K(341504K)
[124.489s][info][gc,metaspace   ] GC(637) Metaspace: 6302K(6528K)->6302K(6528K) NonClass: 5769K(5888K)->5769K(5888K) Class: 533K(640K)->533K(640K)
[124.489s][info][gc             ] GC(637) Pause Full (Ergonomics) 356M->356M(410M) 200.992ms
[124.490s][info][gc,cpu         ] GC(637) User=0.31s Sys=0.00s Real=0.20s
[124.490s][info][gc,start       ] GC(638) Pause Full (Ergonomics)
[124.490s][info][gc,phases,start] GC(638) Marking Phase
[124.635s][info][gc,phases      ] GC(638) Marking Phase 145.071ms
[124.635s][info][gc,phases,start] GC(638) Summary Phase
[124.635s][info][gc,phases      ] GC(638) Summary Phase 0.023ms
[124.635s][info][gc,phases,start] GC(638) Adjust Roots
[124.635s][info][gc,phases      ] GC(638) Adjust Roots 0.212ms
[124.635s][info][gc,phases,start] GC(638) Compaction Phase
[124.690s][info][gc,phases      ] GC(638) Compaction Phase 54.451ms
[124.690s][info][gc,phases,start] GC(638) Post Compact
[124.691s][info][gc,phases      ] GC(638) Post Compact 1.489ms
[124.691s][info][gc,heap        ] GC(638) PSYoungGen: 23532K(78848K)->23532K(78848K) Eden: 22015K(22016K)->22015K(22016K) From: 1516K(56832K)->1516K(56832K)
[124.691s][info][gc,heap        ] GC(638) ParOldGen: 341067K(341504K)->341067K(341504K)
[124.691s][info][gc,metaspace   ] GC(638) Metaspace: 6302K(6528K)->6302K(6528K) NonClass: 5769K(5888K)->5769K(5888K) Class: 533K(640K)->533K(640K)
[124.691s][info][gc             ] GC(638) Pause Full (Ergonomics) 356M->356M(410M) 201.636ms
[124.691s][info][gc,cpu         ] GC(638) User=0.36s Sys=0.00s Real=0.20s
[124.692s][info][gc,start       ] GC(639) Pause Full (Ergonomics)
[124.692s][info][gc,phases,start] GC(639) Marking Phase
[124.839s][info][gc,phases      ] GC(639) Marking Phase 147.220ms
[124.839s][info][gc,phases,start] GC(639) Summary Phase
[124.839s][info][gc,phases      ] GC(639) Summary Phase 0.023ms
[124.839s][info][gc,phases,start] GC(639) Adjust Roots
[124.839s][info][gc,phases      ] GC(639) Adjust Roots 0.222ms
[124.839s][info][gc,phases,start] GC(639) Compaction Phase
[124.895s][info][gc,phases      ] GC(639) Compaction Phase 55.559ms
[124.895s][info][gc,phases,start] GC(639) Post Compact
[124.896s][info][gc,phases      ] GC(639) Post Compact 1.481ms
[124.897s][info][gc,heap        ] GC(639) PSYoungGen: 23532K(78848K)->23532K(78848K) Eden: 22015K(22016K)->22015K(22016K) From: 1516K(56832K)->1516K(56832K)
[124.897s][info][gc,heap        ] GC(639) ParOldGen: 341071K(341504K)->341071K(341504K)
[124.897s][info][gc,metaspace   ] GC(639) Metaspace: 6302K(6528K)->6302K(6528K) NonClass: 5769K(5888K)->5769K(5888K) Class: 533K(640K)->533K(640K)
[124.897s][info][gc             ] GC(639) Pause Full (Ergonomics) 356M->356M(410M) 204.855ms
[124.897s][info][gc,cpu         ] GC(639) User=0.34s Sys=0.00s Real=0.20s
[124.897s][info][gc,start       ] GC(640) Pause Full (Ergonomics)
[124.897s][info][gc,phases,start] GC(640) Marking Phase
[125.041s][info][gc,phases      ] GC(640) Marking Phase 144.031ms
[125.041s][info][gc,phases,start] GC(640) Summary Phase
[125.041s][info][gc,phases      ] GC(640) Summary Phase 0.023ms
[125.041s][info][gc,phases,start] GC(640) Adjust Roots
[125.041s][info][gc,phases      ] GC(640) Adjust Roots 0.189ms
[125.041s][info][gc,phases,start] GC(640) Compaction Phase
[125.096s][info][gc,phases      ] GC(640) Compaction Phase 54.998ms
[125.096s][info][gc,phases,start] GC(640) Post Compact
[125.098s][info][gc,phases      ] GC(640) Post Compact 1.480ms
[125.098s][info][gc,heap        ] GC(640) PSYoungGen: 23532K(78848K)->23532K(78848K) Eden: 22015K(22016K)->22015K(22016K) From: 1516K(56832K)->1516K(56832K)
[125.098s][info][gc,heap        ] GC(640) ParOldGen: 341076K(341504K)->341076K(341504K)
[125.098s][info][gc,metaspace   ] GC(640) Metaspace: 6302K(6528K)->6302K(6528K) NonClass: 5769K(5888K)->5769K(5888K) Class: 533K(640K)->533K(640K)
[125.098s][info][gc             ] GC(640) Pause Full (Ergonomics) 356M->356M(410M) 201.057ms
[125.098s][info][gc,cpu         ] GC(640) User=0.33s Sys=0.00s Real=0.20s
[125.098s][info][gc,start       ] GC(641) Pause Full (Ergonomics)
[125.098s][info][gc,phases,start] GC(641) Marking Phase
[125.243s][info][gc,phases      ] GC(641) Marking Phase 144.926ms
[125.243s][info][gc,phases,start] GC(641) Summary Phase
[125.243s][info][gc,phases      ] GC(641) Summary Phase 0.023ms
[125.243s][info][gc,phases,start] GC(641) Adjust Roots
[125.243s][info][gc,phases      ] GC(641) Adjust Roots 0.191ms
[125.243s][info][gc,phases,start] GC(641) Compaction Phase
[125.298s][info][gc,phases      ] GC(641) Compaction Phase 54.515ms
[125.298s][info][gc,phases,start] GC(641) Post Compact
[125.300s][info][gc,phases      ] GC(641) Post Compact 1.498ms
[125.300s][info][gc,heap        ] GC(641) PSYoungGen: 23532K(78848K)->23532K(78848K) Eden: 22015K(22016K)->22015K(22016K) From: 1516K(56832K)->1516K(56832K)
[125.300s][info][gc,heap        ] GC(641) ParOldGen: 341081K(341504K)->341081K(341504K)
[125.300s][info][gc,metaspace   ] GC(641) Metaspace: 6302K(6528K)->6302K(6528K) NonClass: 5769K(5888K)->5769K(5888K) Class: 533K(640K)->533K(640K)
[125.300s][info][gc             ] GC(641) Pause Full (Ergonomics) 356M->356M(410M) 201.482ms
[125.300s][info][gc,cpu         ] GC(641) User=0.34s Sys=0.00s Real=0.20s
[125.300s][info][gc,start       ] GC(642) Pause Full (Ergonomics)
[125.300s][info][gc,phases,start] GC(642) Marking Phase
[125.444s][info][gc,phases      ] GC(642) Marking Phase 143.503ms
[125.444s][info][gc,phases,start] GC(642) Summary Phase
[125.444s][info][gc,phases      ] GC(642) Summary Phase 0.022ms
[125.444s][info][gc,phases,start] GC(642) Adjust Roots
[125.444s][info][gc,phases      ] GC(642) Adjust Roots 0.192ms
[125.444s][info][gc,phases,start] GC(642) Compaction Phase
[125.499s][info][gc,phases      ] GC(642) Compaction Phase 55.331ms
[125.499s][info][gc,phases,start] GC(642) Post Compact
[125.501s][info][gc,phases      ] GC(642) Post Compact 1.482ms
[125.501s][info][gc,heap        ] GC(642) PSYoungGen: 23532K(78848K)->23532K(78848K) Eden: 22015K(22016K)->22015K(22016K) From: 1516K(56832K)->1516K(56832K)
[125.501s][info][gc,heap        ] GC(642) ParOldGen: 341085K(341504K)->341085K(341504K)
[125.501s][info][gc,metaspace   ] GC(642) Metaspace: 6302K(6528K)->6302K(6528K) NonClass: 5769K(5888K)->5769K(5888K) Class: 533K(640K)->533K(640K)
[125.501s][info][gc             ] GC(642) Pause Full (Ergonomics) 356M->356M(410M) 200.860ms
[125.501s][info][gc,cpu         ] GC(642) User=0.31s Sys=0.02s Real=0.20s
[125.501s][info][gc,start       ] GC(643) Pause Full (Ergonomics)
[125.501s][info][gc,phases,start] GC(643) Marking Phase
[125.645s][info][gc,phases      ] GC(643) Marking Phase 143.653ms
[125.645s][info][gc,phases,start] GC(643) Summary Phase
[125.645s][info][gc,phases      ] GC(643) Summary Phase 0.023ms
[125.645s][info][gc,phases,start] GC(643) Adjust Roots
[125.645s][info][gc,phases      ] GC(643) Adjust Roots 0.191ms
[125.645s][info][gc,phases,start] GC(643) Compaction Phase
[125.700s][info][gc,phases      ] GC(643) Compaction Phase 55.158ms
[125.700s][info][gc,phases,start] GC(643) Post Compact
[125.702s][info][gc,phases      ] GC(643) Post Compact 1.484ms
[125.702s][info][gc,heap        ] GC(643) PSYoungGen: 23532K(78848K)->23532K(78848K) Eden: 22015K(22016K)->22015K(22016K) From: 1516K(56832K)->1516K(56832K)
[125.702s][info][gc,heap        ] GC(643) ParOldGen: 341090K(341504K)->341090K(341504K)
[125.702s][info][gc,metaspace   ] GC(643) Metaspace: 6302K(6528K)->6302K(6528K) NonClass: 5769K(5888K)->5769K(5888K) Class: 533K(640K)->533K(640K)
[125.702s][info][gc             ] GC(643) Pause Full (Ergonomics) 356M->356M(410M) 200.831ms
[125.702s][info][gc,cpu         ] GC(643) User=0.33s Sys=0.00s Real=0.20s
[125.702s][info][gc,start       ] GC(644) Pause Full (Ergonomics)
[125.702s][info][gc,phases,start] GC(644) Marking Phase
[125.847s][info][gc,phases      ] GC(644) Marking Phase 144.931ms
[125.847s][info][gc,phases,start] GC(644) Summary Phase
[125.847s][info][gc,phases      ] GC(644) Summary Phase 0.022ms
[125.847s][info][gc,phases,start] GC(644) Adjust Roots
[125.847s][info][gc,phases      ] GC(644) Adjust Roots 0.186ms
[125.848s][info][gc,phases,start] GC(644) Compaction Phase
[125.902s][info][gc,phases      ] GC(644) Compaction Phase 54.699ms
[125.902s][info][gc,phases,start] GC(644) Post Compact
[125.904s][info][gc,phases      ] GC(644) Post Compact 1.503ms
[125.904s][info][gc,heap        ] GC(644) PSYoungGen: 23532K(78848K)->23532K(78848K) Eden: 22015K(22016K)->22015K(22016K) From: 1516K(56832K)->1516K(56832K)
[125.904s][info][gc,heap        ] GC(644) ParOldGen: 341095K(341504K)->341095K(341504K)
[125.904s][info][gc,metaspace   ] GC(644) Metaspace: 6302K(6528K)->6302K(6528K) NonClass: 5769K(5888K)->5769K(5888K) Class: 533K(640K)->533K(640K)
[125.904s][info][gc             ] GC(644) Pause Full (Ergonomics) 356M->356M(410M) 201.669ms
[125.904s][info][gc,cpu         ] GC(644) User=0.31s Sys=0.02s Real=0.20s
[125.904s][info][gc,start       ] GC(645) Pause Full (Ergonomics)
[125.904s][info][gc,phases,start] GC(645) Marking Phase
[126.049s][info][gc,phases      ] GC(645) Marking Phase 144.532ms
[126.049s][info][gc,phases,start] GC(645) Summary Phase
[126.049s][info][gc,phases      ] GC(645) Summary Phase 0.023ms
[126.049s][info][gc,phases,start] GC(645) Adjust Roots
[126.049s][info][gc,phases      ] GC(645) Adjust Roots 0.197ms
[126.049s][info][gc,phases,start] GC(645) Compaction Phase
[126.104s][info][gc,phases      ] GC(645) Compaction Phase 54.989ms
[126.104s][info][gc,phases,start] GC(645) Post Compact
[126.106s][info][gc,phases      ] GC(645) Post Compact 1.480ms
[126.106s][info][gc,heap        ] GC(645) PSYoungGen: 23532K(78848K)->23532K(78848K) Eden: 22015K(22016K)->22015K(22016K) From: 1516K(56832K)->1516K(56832K)
[126.106s][info][gc,heap        ] GC(645) ParOldGen: 341099K(341504K)->341099K(341504K)
[126.106s][info][gc,metaspace   ] GC(645) Metaspace: 6302K(6528K)->6302K(6528K) NonClass: 5769K(5888K)->5769K(5888K) Class: 533K(640K)->533K(640K)
[126.106s][info][gc             ] GC(645) Pause Full (Ergonomics) 356M->356M(410M) 201.560ms
[126.106s][info][gc,cpu         ] GC(645) User=0.36s Sys=0.00s Real=0.20s
[126.106s][info][gc,start       ] GC(646) Pause Full (Ergonomics)
[126.106s][info][gc,phases,start] GC(646) Marking Phase
[126.251s][info][gc,phases      ] GC(646) Marking Phase 145.264ms
[126.251s][info][gc,phases,start] GC(646) Summary Phase
[126.251s][info][gc,phases      ] GC(646) Summary Phase 0.023ms
[126.251s][info][gc,phases,start] GC(646) Adjust Roots
[126.252s][info][gc,phases      ] GC(646) Adjust Roots 0.191ms
[126.252s][info][gc,phases,start] GC(646) Compaction Phase
[126.306s][info][gc,phases      ] GC(646) Compaction Phase 54.672ms
[126.306s][info][gc,phases,start] GC(646) Post Compact
[126.308s][info][gc,phases      ] GC(646) Post Compact 1.537ms
[126.308s][info][gc,heap        ] GC(646) PSYoungGen: 23532K(78848K)->23532K(78848K) Eden: 22015K(22016K)->22015K(22016K) From: 1516K(56832K)->1516K(56832K)
[126.308s][info][gc,heap        ] GC(646) ParOldGen: 341104K(341504K)->341104K(341504K)
[126.308s][info][gc,metaspace   ] GC(646) Metaspace: 6302K(6528K)->6302K(6528K) NonClass: 5769K(5888K)->5769K(5888K) Class: 533K(640K)->533K(640K)
[126.308s][info][gc             ] GC(646) Pause Full (Ergonomics) 356M->356M(410M) 202.025ms
[126.308s][info][gc,cpu         ] GC(646) User=0.34s Sys=0.00s Real=0.20s
[126.308s][info][gc,start       ] GC(647) Pause Full (Ergonomics)
[126.308s][info][gc,phases,start] GC(647) Marking Phase
[126.453s][info][gc,phases      ] GC(647) Marking Phase 144.483ms
[126.453s][info][gc,phases,start] GC(647) Summary Phase
[126.453s][info][gc,phases      ] GC(647) Summary Phase 0.022ms
[126.453s][info][gc,phases,start] GC(647) Adjust Roots
[126.453s][info][gc,phases      ] GC(647) Adjust Roots 0.191ms
[126.453s][info][gc,phases,start] GC(647) Compaction Phase
[126.508s][info][gc,phases      ] GC(647) Compaction Phase 55.108ms
[126.508s][info][gc,phases,start] GC(647) Post Compact
[126.510s][info][gc,phases      ] GC(647) Post Compact 1.481ms
[126.510s][info][gc,heap        ] GC(647) PSYoungGen: 23532K(78848K)->23532K(78848K) Eden: 22015K(22016K)->22015K(22016K) From: 1516K(56832K)->1516K(56832K)
[126.510s][info][gc,heap        ] GC(647) ParOldGen: 341109K(341504K)->341109K(341504K)
[126.510s][info][gc,metaspace   ] GC(647) Metaspace: 6302K(6528K)->6302K(6528K) NonClass: 5769K(5888K)->5769K(5888K) Class: 533K(640K)->533K(640K)
[126.510s][info][gc             ] GC(647) Pause Full (Ergonomics) 356M->356M(410M) 201.615ms
[126.510s][info][gc,cpu         ] GC(647) User=0.34s Sys=0.00s Real=0.20s
[126.510s][info][gc,start       ] GC(648) Pause Full (Ergonomics)
[126.510s][info][gc,phases,start] GC(648) Marking Phase
[126.655s][info][gc,phases      ] GC(648) Marking Phase 144.526ms
[126.655s][info][gc,phases,start] GC(648) Summary Phase
[126.655s][info][gc,phases      ] GC(648) Summary Phase 0.023ms
[126.655s][info][gc,phases,start] GC(648) Adjust Roots
[126.655s][info][gc,phases      ] GC(648) Adjust Roots 0.199ms
[126.655s][info][gc,phases,start] GC(648) Compaction Phase
[126.710s][info][gc,phases      ] GC(648) Compaction Phase 54.758ms
[126.710s][info][gc,phases,start] GC(648) Post Compact
[126.712s][info][gc,phases      ] GC(648) Post Compact 1.725ms
[126.712s][info][gc,heap        ] GC(648) PSYoungGen: 23532K(78848K)->23532K(78848K) Eden: 22015K(22016K)->22015K(22016K) From: 1516K(56832K)->1516K(56832K)
[126.712s][info][gc,heap        ] GC(648) ParOldGen: 341113K(341504K)->341113K(341504K)
[126.712s][info][gc,metaspace   ] GC(648) Metaspace: 6302K(6528K)->6302K(6528K) NonClass: 5769K(5888K)->5769K(5888K) Class: 533K(640K)->533K(640K)
[126.712s][info][gc             ] GC(648) Pause Full (Ergonomics) 356M->356M(410M) 201.584ms
[126.712s][info][gc,cpu         ] GC(648) User=0.39s Sys=0.00s Real=0.20s
[126.712s][info][gc,start       ] GC(649) Pause Full (Ergonomics)
[126.712s][info][gc,phases,start] GC(649) Marking Phase
[126.857s][info][gc,phases      ] GC(649) Marking Phase 145.153ms
[126.857s][info][gc,phases,start] GC(649) Summary Phase
[126.857s][info][gc,phases      ] GC(649) Summary Phase 0.023ms
[126.857s][info][gc,phases,start] GC(649) Adjust Roots
[126.858s][info][gc,phases      ] GC(649) Adjust Roots 0.192ms
[126.858s][info][gc,phases,start] GC(649) Compaction Phase
[126.913s][info][gc,phases      ] GC(649) Compaction Phase 55.180ms
[126.913s][info][gc,phases,start] GC(649) Post Compact
[126.914s][info][gc,phases      ] GC(649) Post Compact 1.488ms
[126.914s][info][gc,heap        ] GC(649) PSYoungGen: 23532K(78848K)->23532K(78848K) Eden: 22015K(22016K)->22015K(22016K) From: 1516K(56832K)->1516K(56832K)
[126.914s][info][gc,heap        ] GC(649) ParOldGen: 341118K(341504K)->341118K(341504K)
[126.914s][info][gc,metaspace   ] GC(649) Metaspace: 6302K(6528K)->6302K(6528K) NonClass: 5769K(5888K)->5769K(5888K) Class: 533K(640K)->533K(640K)
[126.914s][info][gc             ] GC(649) Pause Full (Ergonomics) 356M->356M(410M) 202.367ms
[126.914s][info][gc,cpu         ] GC(649) User=0.39s Sys=0.00s Real=0.20s
[126.915s][info][gc,start       ] GC(650) Pause Full (Ergonomics)
[126.915s][info][gc,phases,start] GC(650) Marking Phase
[127.060s][info][gc,phases      ] GC(650) Marking Phase 145.286ms
[127.060s][info][gc,phases,start] GC(650) Summary Phase
[127.060s][info][gc,phases      ] GC(650) Summary Phase 0.022ms
[127.060s][info][gc,phases,start] GC(650) Adjust Roots
[127.060s][info][gc,phases      ] GC(650) Adjust Roots 0.190ms
[127.060s][info][gc,phases,start] GC(650) Compaction Phase
[127.115s][info][gc,phases      ] GC(650) Compaction Phase 54.669ms
[127.115s][info][gc,phases,start] GC(650) Post Compact
[127.117s][info][gc,phases      ] GC(650) Post Compact 1.498ms
[127.117s][info][gc,heap        ] GC(650) PSYoungGen: 23532K(78848K)->23532K(78848K) Eden: 22015K(22016K)->22015K(22016K) From: 1516K(56832K)->1516K(56832K)
[127.117s][info][gc,heap        ] GC(650) ParOldGen: 341123K(341504K)->341123K(341504K)
[127.117s][info][gc,metaspace   ] GC(650) Metaspace: 6302K(6528K)->6302K(6528K) NonClass: 5769K(5888K)->5769K(5888K) Class: 533K(640K)->533K(640K)
[127.117s][info][gc             ] GC(650) Pause Full (Ergonomics) 356M->356M(410M) 201.996ms
[127.117s][info][gc,cpu         ] GC(650) User=0.39s Sys=0.00s Real=0.20s
[127.117s][info][gc,start       ] GC(651) Pause Full (Ergonomics)
[127.117s][info][gc,phases,start] GC(651) Marking Phase
[127.262s][info][gc,phases      ] GC(651) Marking Phase 144.836ms
[127.262s][info][gc,phases,start] GC(651) Summary Phase
[127.262s][info][gc,phases      ] GC(651) Summary Phase 0.023ms
[127.262s][info][gc,phases,start] GC(651) Adjust Roots
[127.262s][info][gc,phases      ] GC(651) Adjust Roots 0.197ms
[127.262s][info][gc,phases,start] GC(651) Compaction Phase
[127.317s][info][gc,phases      ] GC(651) Compaction Phase 54.714ms
[127.317s][info][gc,phases,start] GC(651) Post Compact
[127.318s][info][gc,phases      ] GC(651) Post Compact 1.481ms
[127.318s][info][gc,heap        ] GC(651) PSYoungGen: 23532K(78848K)->23532K(78848K) Eden: 22015K(22016K)->22015K(22016K) From: 1516K(56832K)->1516K(56832K)
[127.318s][info][gc,heap        ] GC(651) ParOldGen: 341127K(341504K)->341127K(341504K)
[127.318s][info][gc,metaspace   ] GC(651) Metaspace: 6302K(6528K)->6302K(6528K) NonClass: 5769K(5888K)->5769K(5888K) Class: 533K(640K)->533K(640K)
[127.319s][info][gc             ] GC(651) Pause Full (Ergonomics) 356M->356M(410M) 201.586ms
[127.319s][info][gc,cpu         ] GC(651) User=0.36s Sys=0.02s Real=0.20s
[127.319s][info][gc,start       ] GC(652) Pause Full (Ergonomics)
[127.319s][info][gc,phases,start] GC(652) Marking Phase
[127.465s][info][gc,phases      ] GC(652) Marking Phase 145.858ms
[127.465s][info][gc,phases,start] GC(652) Summary Phase
[127.465s][info][gc,phases      ] GC(652) Summary Phase 0.023ms
[127.465s][info][gc,phases,start] GC(652) Adjust Roots
[127.465s][info][gc,phases      ] GC(652) Adjust Roots 0.193ms
[127.465s][info][gc,phases,start] GC(652) Compaction Phase
[127.520s][info][gc,phases      ] GC(652) Compaction Phase 54.697ms
[127.520s][info][gc,phases,start] GC(652) Post Compact
[127.521s][info][gc,phases      ] GC(652) Post Compact 1.484ms
[127.521s][info][gc,heap        ] GC(652) PSYoungGen: 23532K(78848K)->23532K(78848K) Eden: 22015K(22016K)->22015K(22016K) From: 1516K(56832K)->1516K(56832K)
[127.522s][info][gc,heap        ] GC(652) ParOldGen: 341132K(341504K)->341132K(341504K)
[127.522s][info][gc,metaspace   ] GC(652) Metaspace: 6302K(6528K)->6302K(6528K) NonClass: 5769K(5888K)->5769K(5888K) Class: 533K(640K)->533K(640K)
[127.522s][info][gc             ] GC(652) Pause Full (Ergonomics) 356M->356M(410M) 202.770ms
[127.522s][info][gc,cpu         ] GC(652) User=0.38s Sys=0.00s Real=0.20s
[127.522s][info][gc,start       ] GC(653) Pause Full (Ergonomics)
[127.522s][info][gc,phases,start] GC(653) Marking Phase
[127.667s][info][gc,phases      ] GC(653) Marking Phase 145.200ms
[127.667s][info][gc,phases,start] GC(653) Summary Phase
[127.667s][info][gc,phases      ] GC(653) Summary Phase 0.022ms
[127.667s][info][gc,phases,start] GC(653) Adjust Roots
[127.667s][info][gc,phases      ] GC(653) Adjust Roots 0.185ms
[127.667s][info][gc,phases,start] GC(653) Compaction Phase
[127.722s][info][gc,phases      ] GC(653) Compaction Phase 54.544ms
[127.722s][info][gc,phases,start] GC(653) Post Compact
[127.723s][info][gc,phases      ] GC(653) Post Compact 1.497ms
[127.724s][info][gc,heap        ] GC(653) PSYoungGen: 23532K(78848K)->23532K(78848K) Eden: 22015K(22016K)->22015K(22016K) From: 1516K(56832K)->1516K(56832K)
[127.724s][info][gc,heap        ] GC(653) ParOldGen: 341137K(341504K)->341137K(341504K)
[127.724s][info][gc,metaspace   ] GC(653) Metaspace: 6302K(6528K)->6302K(6528K) NonClass: 5769K(5888K)->5769K(5888K) Class: 533K(640K)->533K(640K)
[127.724s][info][gc             ] GC(653) Pause Full (Ergonomics) 356M->356M(410M) 201.780ms
[127.724s][info][gc,cpu         ] GC(653) User=0.36s Sys=0.00s Real=0.20s
[127.724s][info][gc,start       ] GC(654) Pause Full (Ergonomics)
[127.724s][info][gc,phases,start] GC(654) Marking Phase
[127.868s][info][gc,phases      ] GC(654) Marking Phase 143.706ms
[127.868s][info][gc,phases,start] GC(654) Summary Phase
[127.868s][info][gc,phases      ] GC(654) Summary Phase 0.022ms
[127.868s][info][gc,phases,start] GC(654) Adjust Roots
[127.868s][info][gc,phases      ] GC(654) Adjust Roots 0.195ms
[127.868s][info][gc,phases,start] GC(654) Compaction Phase
[127.923s][info][gc,phases      ] GC(654) Compaction Phase 55.259ms
[127.923s][info][gc,phases,start] GC(654) Post Compact
[127.925s][info][gc,phases      ] GC(654) Post Compact 1.479ms
[127.925s][info][gc,heap        ] GC(654) PSYoungGen: 23532K(78848K)->23532K(78848K) Eden: 22015K(22016K)->22015K(22016K) From: 1516K(56832K)->1516K(56832K)
[127.925s][info][gc,heap        ] GC(654) ParOldGen: 341141K(341504K)->341141K(341504K)
[127.925s][info][gc,metaspace   ] GC(654) Metaspace: 6302K(6528K)->6302K(6528K) NonClass: 5769K(5888K)->5769K(5888K) Class: 533K(640K)->533K(640K)
[127.925s][info][gc             ] GC(654) Pause Full (Ergonomics) 356M->356M(410M) 200.986ms
[127.925s][info][gc,cpu         ] GC(654) User=0.33s Sys=0.00s Real=0.20s
[127.925s][info][gc,start       ] GC(655) Pause Full (Ergonomics)
[127.925s][info][gc,phases,start] GC(655) Marking Phase
[128.071s][info][gc,phases      ] GC(655) Marking Phase 145.327ms
[128.071s][info][gc,phases,start] GC(655) Summary Phase
[128.071s][info][gc,phases      ] GC(655) Summary Phase 0.029ms
[128.071s][info][gc,phases,start] GC(655) Adjust Roots
[128.071s][info][gc,phases      ] GC(655) Adjust Roots 0.199ms
[128.071s][info][gc,phases,start] GC(655) Compaction Phase
[128.126s][info][gc,phases      ] GC(655) Compaction Phase 55.132ms
[128.126s][info][gc,phases,start] GC(655) Post Compact
[128.128s][info][gc,phases      ] GC(655) Post Compact 1.472ms
[128.128s][info][gc,heap        ] GC(655) PSYoungGen: 23532K(78848K)->23532K(78848K) Eden: 22015K(22016K)->22015K(22016K) From: 1516K(56832K)->1516K(56832K)
[128.128s][info][gc,heap        ] GC(655) ParOldGen: 341146K(341504K)->341146K(341504K)
[128.128s][info][gc,metaspace   ] GC(655) Metaspace: 6302K(6528K)->6302K(6528K) NonClass: 5769K(5888K)->5769K(5888K) Class: 533K(640K)->533K(640K)
[128.128s][info][gc             ] GC(655) Pause Full (Ergonomics) 356M->356M(410M) 202.728ms
[128.128s][info][gc,cpu         ] GC(655) User=0.36s Sys=0.00s Real=0.20s
[128.128s][info][gc,start       ] GC(656) Pause Full (Ergonomics)
[128.128s][info][gc,phases,start] GC(656) Marking Phase
[128.272s][info][gc,phases      ] GC(656) Marking Phase 144.120ms
[128.272s][info][gc,phases,start] GC(656) Summary Phase
[128.272s][info][gc,phases      ] GC(656) Summary Phase 0.028ms
[128.272s][info][gc,phases,start] GC(656) Adjust Roots
[128.273s][info][gc,phases      ] GC(656) Adjust Roots 0.184ms
[128.273s][info][gc,phases,start] GC(656) Compaction Phase
[128.327s][info][gc,phases      ] GC(656) Compaction Phase 54.772ms
[128.327s][info][gc,phases,start] GC(656) Post Compact
[128.329s][info][gc,phases      ] GC(656) Post Compact 1.466ms
[128.329s][info][gc,heap        ] GC(656) PSYoungGen: 23532K(78848K)->23532K(78848K) Eden: 22015K(22016K)->22015K(22016K) From: 1516K(56832K)->1516K(56832K)
[128.329s][info][gc,heap        ] GC(656) ParOldGen: 341151K(341504K)->341151K(341504K)
[128.329s][info][gc,metaspace   ] GC(656) Metaspace: 6302K(6528K)->6302K(6528K) NonClass: 5769K(5888K)->5769K(5888K) Class: 533K(640K)->533K(640K)
[128.329s][info][gc             ] GC(656) Pause Full (Ergonomics) 356M->356M(410M) 200.906ms
[128.329s][info][gc,cpu         ] GC(656) User=0.33s Sys=0.00s Real=0.20s
[128.329s][info][gc,start       ] GC(657) Pause Full (Ergonomics)
[128.329s][info][gc,phases,start] GC(657) Marking Phase
[128.474s][info][gc,phases      ] GC(657) Marking Phase 145.086ms
[128.475s][info][gc,phases,start] GC(657) Summary Phase
[128.475s][info][gc,phases      ] GC(657) Summary Phase 0.023ms
[128.475s][info][gc,phases,start] GC(657) Adjust Roots
[128.475s][info][gc,phases      ] GC(657) Adjust Roots 0.200ms
[128.475s][info][gc,phases,start] GC(657) Compaction Phase
[128.531s][info][gc,phases      ] GC(657) Compaction Phase 55.896ms
[128.531s][info][gc,phases,start] GC(657) Post Compact
[128.532s][info][gc,phases      ] GC(657) Post Compact 1.520ms
[128.532s][info][gc,heap        ] GC(657) PSYoungGen: 23532K(78848K)->23532K(78848K) Eden: 22015K(22016K)->22015K(22016K) From: 1516K(56832K)->1516K(56832K)
[128.532s][info][gc,heap        ] GC(657) ParOldGen: 341155K(341504K)->341155K(341504K)
[128.532s][info][gc,metaspace   ] GC(657) Metaspace: 6302K(6528K)->6302K(6528K) NonClass: 5769K(5888K)->5769K(5888K) Class: 533K(640K)->533K(640K)
[128.532s][info][gc             ] GC(657) Pause Full (Ergonomics) 356M->356M(410M) 203.077ms
[128.532s][info][gc,cpu         ] GC(657) User=0.36s Sys=0.00s Real=0.20s
[128.533s][info][gc,start       ] GC(658) Pause Full (Ergonomics)
[128.533s][info][gc,phases,start] GC(658) Marking Phase
[128.678s][info][gc,phases      ] GC(658) Marking Phase 144.887ms
[128.678s][info][gc,phases,start] GC(658) Summary Phase
[128.678s][info][gc,phases      ] GC(658) Summary Phase 0.022ms
[128.678s][info][gc,phases,start] GC(658) Adjust Roots
[128.678s][info][gc,phases      ] GC(658) Adjust Roots 0.199ms
[128.678s][info][gc,phases,start] GC(658) Compaction Phase
[128.733s][info][gc,phases      ] GC(658) Compaction Phase 55.140ms
[128.733s][info][gc,phases,start] GC(658) Post Compact
[128.735s][info][gc,phases      ] GC(658) Post Compact 1.517ms
[128.735s][info][gc,heap        ] GC(658) PSYoungGen: 23532K(78848K)->23532K(78848K) Eden: 22015K(22016K)->22015K(22016K) From: 1516K(56832K)->1516K(56832K)
[128.735s][info][gc,heap        ] GC(658) ParOldGen: 341160K(341504K)->341160K(341504K)
[128.735s][info][gc,metaspace   ] GC(658) Metaspace: 6302K(6528K)->6302K(6528K) NonClass: 5769K(5888K)->5769K(5888K) Class: 533K(640K)->533K(640K)
[128.735s][info][gc             ] GC(658) Pause Full (Ergonomics) 356M->356M(410M) 202.167ms
[128.735s][info][gc,cpu         ] GC(658) User=0.36s Sys=0.00s Real=0.20s
[128.735s][info][gc,start       ] GC(659) Pause Full (Ergonomics)
[128.735s][info][gc,phases,start] GC(659) Marking Phase
[128.880s][info][gc,phases      ] GC(659) Marking Phase 144.703ms
[128.880s][info][gc,phases,start] GC(659) Summary Phase
[128.880s][info][gc,phases      ] GC(659) Summary Phase 0.022ms
[128.880s][info][gc,phases,start] GC(659) Adjust Roots
[128.880s][info][gc,phases      ] GC(659) Adjust Roots 0.187ms
[128.880s][info][gc,phases,start] GC(659) Compaction Phase
[128.935s][info][gc,phases      ] GC(659) Compaction Phase 54.773ms
[128.935s][info][gc,phases,start] GC(659) Post Compact
[128.936s][info][gc,phases      ] GC(659) Post Compact 1.490ms
[128.937s][info][gc,heap        ] GC(659) PSYoungGen: 23532K(78848K)->23532K(78848K) Eden: 22015K(22016K)->22015K(22016K) From: 1516K(56832K)->1516K(56832K)
[128.937s][info][gc,heap        ] GC(659) ParOldGen: 341165K(341504K)->341165K(341504K)
[128.937s][info][gc,metaspace   ] GC(659) Metaspace: 6302K(6528K)->6302K(6528K) NonClass: 5769K(5888K)->5769K(5888K) Class: 533K(640K)->533K(640K)
[128.937s][info][gc             ] GC(659) Pause Full (Ergonomics) 356M->356M(410M) 201.507ms
[128.937s][info][gc,cpu         ] GC(659) User=0.31s Sys=0.00s Real=0.20s
[128.937s][info][gc,start       ] GC(660) Pause Full (Ergonomics)
[128.937s][info][gc,phases,start] GC(660) Marking Phase
[129.083s][info][gc,phases      ] GC(660) Marking Phase 146.360ms
[129.083s][info][gc,phases,start] GC(660) Summary Phase
[129.083s][info][gc,phases      ] GC(660) Summary Phase 0.018ms
[129.083s][info][gc,phases,start] GC(660) Adjust Roots
[129.084s][info][gc,phases      ] GC(660) Adjust Roots 0.195ms
[129.084s][info][gc,phases,start] GC(660) Compaction Phase
[129.140s][info][gc,phases      ] GC(660) Compaction Phase 56.847ms
[129.140s][info][gc,phases,start] GC(660) Post Compact
[129.142s][info][gc,phases      ] GC(660) Post Compact 1.816ms
[129.142s][info][gc,heap        ] GC(660) PSYoungGen: 23532K(78848K)->23532K(78848K) Eden: 22015K(22016K)->22015K(22016K) From: 1516K(56832K)->1516K(56832K)
[129.142s][info][gc,heap        ] GC(660) ParOldGen: 341169K(341504K)->341169K(341504K)
[129.142s][info][gc,metaspace   ] GC(660) Metaspace: 6302K(6528K)->6302K(6528K) NonClass: 5769K(5888K)->5769K(5888K) Class: 533K(640K)->533K(640K)
[129.142s][info][gc             ] GC(660) Pause Full (Ergonomics) 356M->356M(410M) 205.630ms
[129.143s][info][gc,cpu         ] GC(660) User=0.34s Sys=0.00s Real=0.21s
[129.143s][info][gc,start       ] GC(661) Pause Full (Ergonomics)
[129.143s][info][gc,phases,start] GC(661) Marking Phase
[129.288s][info][gc,phases      ] GC(661) Marking Phase 145.095ms
[129.288s][info][gc,phases,start] GC(661) Summary Phase
[129.288s][info][gc,phases      ] GC(661) Summary Phase 0.022ms
[129.288s][info][gc,phases,start] GC(661) Adjust Roots
[129.288s][info][gc,phases      ] GC(661) Adjust Roots 0.197ms
[129.288s][info][gc,phases,start] GC(661) Compaction Phase
[129.343s][info][gc,phases      ] GC(661) Compaction Phase 54.931ms
[129.343s][info][gc,phases,start] GC(661) Post Compact
[129.345s][info][gc,phases      ] GC(661) Post Compact 1.675ms
[129.345s][info][gc,heap        ] GC(661) PSYoungGen: 23532K(78848K)->23532K(78848K) Eden: 22015K(22016K)->22015K(22016K) From: 1516K(56832K)->1516K(56832K)
[129.345s][info][gc,heap        ] GC(661) ParOldGen: 341174K(341504K)->341174K(341504K)
[129.345s][info][gc,metaspace   ] GC(661) Metaspace: 6302K(6528K)->6302K(6528K) NonClass: 5769K(5888K)->5769K(5888K) Class: 533K(640K)->533K(640K)
[129.345s][info][gc             ] GC(661) Pause Full (Ergonomics) 356M->356M(410M) 202.371ms
[129.345s][info][gc,cpu         ] GC(661) User=0.34s Sys=0.00s Real=0.20s
[129.345s][info][gc,start       ] GC(662) Pause Full (Ergonomics)
[129.345s][info][gc,phases,start] GC(662) Marking Phase
[129.490s][info][gc,phases      ] GC(662) Marking Phase 144.264ms
[129.490s][info][gc,phases,start] GC(662) Summary Phase
[129.490s][info][gc,phases      ] GC(662) Summary Phase 0.022ms
[129.490s][info][gc,phases,start] GC(662) Adjust Roots
[129.490s][info][gc,phases      ] GC(662) Adjust Roots 0.187ms
[129.490s][info][gc,phases,start] GC(662) Compaction Phase
[129.545s][info][gc,phases      ] GC(662) Compaction Phase 54.564ms
[129.545s][info][gc,phases,start] GC(662) Post Compact
[129.546s][info][gc,phases      ] GC(662) Post Compact 1.508ms
[129.546s][info][gc,heap        ] GC(662) PSYoungGen: 23532K(78848K)->23532K(78848K) Eden: 22015K(22016K)->22015K(22016K) From: 1516K(56832K)->1516K(56832K)
[129.546s][info][gc,heap        ] GC(662) ParOldGen: 341179K(341504K)->341179K(341504K)
[129.546s][info][gc,metaspace   ] GC(662) Metaspace: 6302K(6528K)->6302K(6528K) NonClass: 5769K(5888K)->5769K(5888K) Class: 533K(640K)->533K(640K)
[129.546s][info][gc             ] GC(662) Pause Full (Ergonomics) 356M->356M(410M) 200.868ms
[129.546s][info][gc,cpu         ] GC(662) User=0.31s Sys=0.00s Real=0.20s
[129.546s][info][gc,start       ] GC(663) Pause Full (Ergonomics)
[129.546s][info][gc,phases,start] GC(663) Marking Phase
[129.693s][info][gc,phases      ] GC(663) Marking Phase 146.074ms
[129.693s][info][gc,phases,start] GC(663) Summary Phase
[129.693s][info][gc,phases      ] GC(663) Summary Phase 0.022ms
[129.693s][info][gc,phases,start] GC(663) Adjust Roots
[129.693s][info][gc,phases      ] GC(663) Adjust Roots 0.198ms
[129.693s][info][gc,phases,start] GC(663) Compaction Phase
[129.748s][info][gc,phases      ] GC(663) Compaction Phase 54.685ms
[129.748s][info][gc,phases,start] GC(663) Post Compact
[129.749s][info][gc,phases      ] GC(663) Post Compact 1.649ms
[129.749s][info][gc,heap        ] GC(663) PSYoungGen: 23532K(78848K)->23532K(78848K) Eden: 22015K(22016K)->22015K(22016K) From: 1516K(56832K)->1516K(56832K)
[129.749s][info][gc,heap        ] GC(663) ParOldGen: 341183K(341504K)->341183K(341504K)
[129.749s][info][gc,metaspace   ] GC(663) Metaspace: 6302K(6528K)->6302K(6528K) NonClass: 5769K(5888K)->5769K(5888K) Class: 533K(640K)->533K(640K)
[129.749s][info][gc             ] GC(663) Pause Full (Ergonomics) 356M->356M(410M) 202.954ms
[129.749s][info][gc,cpu         ] GC(663) User=0.34s Sys=0.00s Real=0.20s
[129.750s][info][gc,start       ] GC(664) Pause Full (Ergonomics)
[129.750s][info][gc,phases,start] GC(664) Marking Phase
[129.894s][info][gc,phases      ] GC(664) Marking Phase 144.502ms
[129.894s][info][gc,phases,start] GC(664) Summary Phase
[129.894s][info][gc,phases      ] GC(664) Summary Phase 0.022ms
[129.894s][info][gc,phases,start] GC(664) Adjust Roots
[129.894s][info][gc,phases      ] GC(664) Adjust Roots 0.208ms
[129.895s][info][gc,phases,start] GC(664) Compaction Phase
[129.949s][info][gc,phases      ] GC(664) Compaction Phase 54.336ms
[129.949s][info][gc,phases,start] GC(664) Post Compact
[129.950s][info][gc,phases      ] GC(664) Post Compact 1.499ms
[129.951s][info][gc,heap        ] GC(664) PSYoungGen: 23532K(78848K)->23532K(78848K) Eden: 22015K(22016K)->22015K(22016K) From: 1516K(56832K)->1516K(56832K)
[129.951s][info][gc,heap        ] GC(664) ParOldGen: 341188K(341504K)->341188K(341504K)
[129.951s][info][gc,metaspace   ] GC(664) Metaspace: 6302K(6528K)->6302K(6528K) NonClass: 5769K(5888K)->5769K(5888K) Class: 533K(640K)->533K(640K)
[129.951s][info][gc             ] GC(664) Pause Full (Ergonomics) 356M->356M(410M) 200.985ms
[129.951s][info][gc,cpu         ] GC(664) User=0.34s Sys=0.00s Real=0.20s
[129.951s][info][gc,start       ] GC(665) Pause Full (Ergonomics)
[129.951s][info][gc,phases,start] GC(665) Marking Phase
[130.095s][info][gc,phases      ] GC(665) Marking Phase 144.279ms
[130.095s][info][gc,phases,start] GC(665) Summary Phase
[130.095s][info][gc,phases      ] GC(665) Summary Phase 0.022ms
[130.095s][info][gc,phases,start] GC(665) Adjust Roots
[130.096s][info][gc,phases      ] GC(665) Adjust Roots 0.187ms
[130.096s][info][gc,phases,start] GC(665) Compaction Phase
[130.150s][info][gc,phases      ] GC(665) Compaction Phase 54.769ms
[130.150s][info][gc,phases,start] GC(665) Post Compact
[130.152s][info][gc,phases      ] GC(665) Post Compact 1.494ms
[130.152s][info][gc,heap        ] GC(665) PSYoungGen: 23532K(78848K)->23532K(78848K) Eden: 22015K(22016K)->22015K(22016K) From: 1516K(56832K)->1516K(56832K)
[130.152s][info][gc,heap        ] GC(665) ParOldGen: 341193K(341504K)->341193K(341504K)
[130.152s][info][gc,metaspace   ] GC(665) Metaspace: 6302K(6528K)->6302K(6528K) NonClass: 5769K(5888K)->5769K(5888K) Class: 533K(640K)->533K(640K)
[130.152s][info][gc             ] GC(665) Pause Full (Ergonomics) 356M->356M(410M) 201.105ms
[130.152s][info][gc,cpu         ] GC(665) User=0.31s Sys=0.00s Real=0.20s
[130.152s][info][gc,start       ] GC(666) Pause Full (Ergonomics)
[130.152s][info][gc,phases,start] GC(666) Marking Phase
[130.297s][info][gc,phases      ] GC(666) Marking Phase 144.142ms
[130.297s][info][gc,phases,start] GC(666) Summary Phase
[130.297s][info][gc,phases      ] GC(666) Summary Phase 0.022ms
[130.297s][info][gc,phases,start] GC(666) Adjust Roots
[130.297s][info][gc,phases      ] GC(666) Adjust Roots 0.196ms
[130.297s][info][gc,phases,start] GC(666) Compaction Phase
[130.352s][info][gc,phases      ] GC(666) Compaction Phase 54.865ms
[130.352s][info][gc,phases,start] GC(666) Post Compact
[130.353s][info][gc,phases      ] GC(666) Post Compact 1.488ms
[130.353s][info][gc,heap        ] GC(666) PSYoungGen: 23532K(78848K)->23532K(78848K) Eden: 22015K(22016K)->22015K(22016K) From: 1516K(56832K)->1516K(56832K)
[130.353s][info][gc,heap        ] GC(666) ParOldGen: 341197K(341504K)->341197K(341504K)
[130.353s][info][gc,metaspace   ] GC(666) Metaspace: 6302K(6528K)->6302K(6528K) NonClass: 5769K(5888K)->5769K(5888K) Class: 533K(640K)->533K(640K)
[130.353s][info][gc             ] GC(666) Pause Full (Ergonomics) 356M->356M(410M) 201.063ms
[130.353s][info][gc,cpu         ] GC(666) User=0.31s Sys=0.00s Real=0.20s
[130.354s][info][gc,start       ] GC(667) Pause Full (Ergonomics)
[130.354s][info][gc,phases,start] GC(667) Marking Phase
[130.499s][info][gc,phases      ] GC(667) Marking Phase 145.243ms
[130.499s][info][gc,phases,start] GC(667) Summary Phase
[130.499s][info][gc,phases      ] GC(667) Summary Phase 0.022ms
[130.499s][info][gc,phases,start] GC(667) Adjust Roots
[130.499s][info][gc,phases      ] GC(667) Adjust Roots 0.203ms
[130.499s][info][gc,phases,start] GC(667) Compaction Phase
[130.555s][info][gc,phases      ] GC(667) Compaction Phase 55.358ms
[130.555s][info][gc,phases,start] GC(667) Post Compact
[130.556s][info][gc,phases      ] GC(667) Post Compact 1.514ms
[130.556s][info][gc,heap        ] GC(667) PSYoungGen: 23532K(78848K)->23532K(78848K) Eden: 22015K(22016K)->22015K(22016K) From: 1516K(56832K)->1516K(56832K)
[130.556s][info][gc,heap        ] GC(667) ParOldGen: 341202K(341504K)->341202K(341504K)
[130.556s][info][gc,metaspace   ] GC(667) Metaspace: 6302K(6528K)->6302K(6528K) NonClass: 5769K(5888K)->5769K(5888K) Class: 533K(640K)->533K(640K)
[130.556s][info][gc             ] GC(667) Pause Full (Ergonomics) 356M->356M(410M) 202.670ms
[130.556s][info][gc,cpu         ] GC(667) User=0.38s Sys=0.00s Real=0.20s
[130.557s][info][gc,start       ] GC(668) Pause Full (Ergonomics)
[130.557s][info][gc,phases,start] GC(668) Marking Phase
[130.701s][info][gc,phases      ] GC(668) Marking Phase 144.327ms
[130.701s][info][gc,phases,start] GC(668) Summary Phase
[130.701s][info][gc,phases      ] GC(668) Summary Phase 0.023ms
[130.701s][info][gc,phases,start] GC(668) Adjust Roots
[130.701s][info][gc,phases      ] GC(668) Adjust Roots 0.197ms
[130.701s][info][gc,phases,start] GC(668) Compaction Phase
[130.756s][info][gc,phases      ] GC(668) Compaction Phase 54.758ms
[130.756s][info][gc,phases,start] GC(668) Post Compact
[130.758s][info][gc,phases      ] GC(668) Post Compact 1.519ms
[130.758s][info][gc,heap        ] GC(668) PSYoungGen: 23532K(78848K)->23532K(78848K) Eden: 22015K(22016K)->22015K(22016K) From: 1516K(56832K)->1516K(56832K)
[130.758s][info][gc,heap        ] GC(668) ParOldGen: 341207K(341504K)->341207K(341504K)
[130.758s][info][gc,metaspace   ] GC(668) Metaspace: 6302K(6528K)->6302K(6528K) NonClass: 5769K(5888K)->5769K(5888K) Class: 533K(640K)->533K(640K)
[130.758s][info][gc             ] GC(668) Pause Full (Ergonomics) 356M->356M(410M) 201.147ms
[130.758s][info][gc,cpu         ] GC(668) User=0.34s Sys=0.00s Real=0.20s
[130.758s][info][gc,start       ] GC(669) Pause Full (Ergonomics)
[130.758s][info][gc,phases,start] GC(669) Marking Phase
[130.903s][info][gc,phases      ] GC(669) Marking Phase 145.059ms
[130.903s][info][gc,phases,start] GC(669) Summary Phase
[130.903s][info][gc,phases      ] GC(669) Summary Phase 0.022ms
[130.903s][info][gc,phases,start] GC(669) Adjust Roots
[130.903s][info][gc,phases      ] GC(669) Adjust Roots 0.198ms
[130.903s][info][gc,phases,start] GC(669) Compaction Phase
[130.958s][info][gc,phases      ] GC(669) Compaction Phase 54.350ms
[130.958s][info][gc,phases,start] GC(669) Post Compact
[130.959s][info][gc,phases      ] GC(669) Post Compact 1.509ms
[130.959s][info][gc,heap        ] GC(669) PSYoungGen: 23532K(78848K)->23532K(78848K) Eden: 22015K(22016K)->22015K(22016K) From: 1516K(56832K)->1516K(56832K)
[130.959s][info][gc,heap        ] GC(669) ParOldGen: 341211K(341504K)->341211K(341504K)
[130.959s][info][gc,metaspace   ] GC(669) Metaspace: 6302K(6528K)->6302K(6528K) NonClass: 5769K(5888K)->5769K(5888K) Class: 533K(640K)->533K(640K)
[130.959s][info][gc             ] GC(669) Pause Full (Ergonomics) 356M->356M(410M) 201.462ms
[130.960s][info][gc,cpu         ] GC(669) User=0.34s Sys=0.00s Real=0.20s
[130.960s][info][gc,start       ] GC(670) Pause Full (Ergonomics)
[130.960s][info][gc,phases,start] GC(670) Marking Phase
[131.105s][info][gc,phases      ] GC(670) Marking Phase 144.776ms
[131.105s][info][gc,phases,start] GC(670) Summary Phase
[131.105s][info][gc,phases      ] GC(670) Summary Phase 0.023ms
[131.105s][info][gc,phases,start] GC(670) Adjust Roots
[131.105s][info][gc,phases      ] GC(670) Adjust Roots 0.199ms
[131.105s][info][gc,phases,start] GC(670) Compaction Phase
[131.159s][info][gc,phases      ] GC(670) Compaction Phase 54.481ms
[131.159s][info][gc,phases,start] GC(670) Post Compact
[131.161s][info][gc,phases      ] GC(670) Post Compact 1.504ms
[131.161s][info][gc,heap        ] GC(670) PSYoungGen: 23532K(78848K)->23532K(78848K) Eden: 22015K(22016K)->22015K(22016K) From: 1516K(56832K)->1516K(56832K)
[131.161s][info][gc,heap        ] GC(670) ParOldGen: 341216K(341504K)->341216K(341504K)
[131.161s][info][gc,metaspace   ] GC(670) Metaspace: 6302K(6528K)->6302K(6528K) NonClass: 5769K(5888K)->5769K(5888K) Class: 533K(640K)->533K(640K)
[131.161s][info][gc             ] GC(670) Pause Full (Ergonomics) 356M->356M(410M) 201.309ms
[131.161s][info][gc,cpu         ] GC(670) User=0.38s Sys=0.00s Real=0.20s
[131.161s][info][gc,start       ] GC(671) Pause Full (Ergonomics)
[131.161s][info][gc,phases,start] GC(671) Marking Phase
[131.311s][info][gc,phases      ] GC(671) Marking Phase 149.427ms
[131.311s][info][gc,phases,start] GC(671) Summary Phase
[131.311s][info][gc,phases      ] GC(671) Summary Phase 0.022ms
[131.311s][info][gc,phases,start] GC(671) Adjust Roots
[131.311s][info][gc,phases      ] GC(671) Adjust Roots 0.197ms
[131.311s][info][gc,phases,start] GC(671) Compaction Phase
[131.368s][info][gc,phases      ] GC(671) Compaction Phase 57.084ms
[131.368s][info][gc,phases,start] GC(671) Post Compact
[131.370s][info][gc,phases      ] GC(671) Post Compact 1.490ms
[131.370s][info][gc,heap        ] GC(671) PSYoungGen: 23532K(78848K)->23532K(78848K) Eden: 22015K(22016K)->22015K(22016K) From: 1516K(56832K)->1516K(56832K)
[131.370s][info][gc,heap        ] GC(671) ParOldGen: 341221K(341504K)->341221K(341504K)
[131.370s][info][gc,metaspace   ] GC(671) Metaspace: 6302K(6528K)->6302K(6528K) NonClass: 5769K(5888K)->5769K(5888K) Class: 533K(640K)->533K(640K)
[131.370s][info][gc             ] GC(671) Pause Full (Ergonomics) 356M->356M(410M) 208.559ms
[131.370s][info][gc,cpu         ] GC(671) User=0.34s Sys=0.00s Real=0.21s
[131.370s][info][gc,start       ] GC(672) Pause Full (Ergonomics)
[131.370s][info][gc,phases,start] GC(672) Marking Phase
[131.515s][info][gc,phases      ] GC(672) Marking Phase 144.878ms
[131.515s][info][gc,phases,start] GC(672) Summary Phase
[131.515s][info][gc,phases      ] GC(672) Summary Phase 0.023ms
[131.515s][info][gc,phases,start] GC(672) Adjust Roots
[131.515s][info][gc,phases      ] GC(672) Adjust Roots 0.196ms
[131.515s][info][gc,phases,start] GC(672) Compaction Phase
[131.571s][info][gc,phases      ] GC(672) Compaction Phase 55.241ms
[131.571s][info][gc,phases,start] GC(672) Post Compact
[131.572s][info][gc,phases      ] GC(672) Post Compact 1.551ms
[131.572s][info][gc,heap        ] GC(672) PSYoungGen: 23532K(78848K)->23532K(78848K) Eden: 22015K(22016K)->22015K(22016K) From: 1516K(56832K)->1516K(56832K)
[131.572s][info][gc,heap        ] GC(672) ParOldGen: 341225K(341504K)->341225K(341504K)
[131.572s][info][gc,metaspace   ] GC(672) Metaspace: 6302K(6528K)->6302K(6528K) NonClass: 5769K(5888K)->5769K(5888K) Class: 533K(640K)->533K(640K)
[131.572s][info][gc             ] GC(672) Pause Full (Ergonomics) 356M->356M(410M) 202.221ms
[131.572s][info][gc,cpu         ] GC(672) User=0.38s Sys=0.00s Real=0.20s
[131.573s][info][gc,start       ] GC(673) Pause Full (Ergonomics)
[131.573s][info][gc,phases,start] GC(673) Marking Phase
[131.717s][info][gc,phases      ] GC(673) Marking Phase 144.195ms
[131.717s][info][gc,phases,start] GC(673) Summary Phase
[131.717s][info][gc,phases      ] GC(673) Summary Phase 0.022ms
[131.717s][info][gc,phases,start] GC(673) Adjust Roots
[131.717s][info][gc,phases      ] GC(673) Adjust Roots 0.200ms
[131.717s][info][gc,phases,start] GC(673) Compaction Phase
[131.770s][info][gc,phases      ] GC(673) Compaction Phase 52.353ms
[131.770s][info][gc,phases,start] GC(673) Post Compact
[131.771s][info][gc,phases      ] GC(673) Post Compact 1.505ms
[131.771s][info][gc,heap        ] GC(673) PSYoungGen: 23532K(78848K)->23532K(78848K) Eden: 22015K(22016K)->22015K(22016K) From: 1516K(56832K)->1516K(56832K)
[131.771s][info][gc,heap        ] GC(673) ParOldGen: 341230K(341504K)->341230K(341504K)
[131.771s][info][gc,metaspace   ] GC(673) Metaspace: 6302K(6528K)->6302K(6528K) NonClass: 5769K(5888K)->5769K(5888K) Class: 533K(640K)->533K(640K)
[131.771s][info][gc             ] GC(673) Pause Full (Ergonomics) 356M->356M(410M) 198.604ms
[131.771s][info][gc,cpu         ] GC(673) User=0.36s Sys=0.00s Real=0.20s
[131.771s][info][gc,start       ] GC(674) Pause Full (Ergonomics)
[131.772s][info][gc,phases,start] GC(674) Marking Phase
[131.916s][info][gc,phases      ] GC(674) Marking Phase 144.272ms
[131.916s][info][gc,phases,start] GC(674) Summary Phase
[131.916s][info][gc,phases      ] GC(674) Summary Phase 0.022ms
[131.916s][info][gc,phases,start] GC(674) Adjust Roots
[131.916s][info][gc,phases      ] GC(674) Adjust Roots 0.187ms
[131.916s][info][gc,phases,start] GC(674) Compaction Phase
[131.971s][info][gc,phases      ] GC(674) Compaction Phase 54.403ms
[131.971s][info][gc,phases,start] GC(674) Post Compact
[131.972s][info][gc,phases      ] GC(674) Post Compact 1.485ms
[131.972s][info][gc,heap        ] GC(674) PSYoungGen: 23532K(78848K)->23532K(78848K) Eden: 22015K(22016K)->22015K(22016K) From: 1516K(56832K)->1516K(56832K)
[131.972s][info][gc,heap        ] GC(674) ParOldGen: 341235K(341504K)->341235K(341504K)
[131.972s][info][gc,metaspace   ] GC(674) Metaspace: 6302K(6528K)->6302K(6528K) NonClass: 5769K(5888K)->5769K(5888K) Class: 533K(640K)->533K(640K)
[131.972s][info][gc             ] GC(674) Pause Full (Ergonomics) 356M->356M(410M) 200.715ms
[131.972s][info][gc,cpu         ] GC(674) User=0.33s Sys=0.00s Real=0.20s
[131.973s][info][gc,start       ] GC(675) Pause Full (Ergonomics)
[131.973s][info][gc,phases,start] GC(675) Marking Phase
[132.117s][info][gc,phases      ] GC(675) Marking Phase 144.109ms
[132.117s][info][gc,phases,start] GC(675) Summary Phase
[132.117s][info][gc,phases      ] GC(675) Summary Phase 0.023ms
[132.117s][info][gc,phases,start] GC(675) Adjust Roots
[132.117s][info][gc,phases      ] GC(675) Adjust Roots 0.199ms
[132.117s][info][gc,phases,start] GC(675) Compaction Phase
[132.185s][info][gc,phases      ] GC(675) Compaction Phase 67.668ms
[132.185s][info][gc,phases,start] GC(675) Post Compact
[132.186s][info][gc,phases      ] GC(675) Post Compact 1.466ms
[132.186s][info][gc,heap        ] GC(675) PSYoungGen: 23532K(78848K)->23532K(78848K) Eden: 22015K(22016K)->22015K(22016K) From: 1516K(56832K)->1516K(56832K)
[132.186s][info][gc,heap        ] GC(675) ParOldGen: 341239K(341504K)->341239K(341504K)
[132.186s][info][gc,metaspace   ] GC(675) Metaspace: 6302K(6528K)->6302K(6528K) NonClass: 5769K(5888K)->5769K(5888K) Class: 533K(640K)->533K(640K)
[132.186s][info][gc             ] GC(675) Pause Full (Ergonomics) 356M->356M(410M) 213.875ms
[132.186s][info][gc,cpu         ] GC(675) User=0.36s Sys=0.00s Real=0.21s
[132.187s][info][gc,start       ] GC(676) Pause Full (Ergonomics)
[132.187s][info][gc,phases,start] GC(676) Marking Phase
[132.333s][info][gc,phases      ] GC(676) Marking Phase 146.533ms
[132.333s][info][gc,phases,start] GC(676) Summary Phase
[132.333s][info][gc,phases      ] GC(676) Summary Phase 0.023ms
[132.333s][info][gc,phases,start] GC(676) Adjust Roots
[132.333s][info][gc,phases      ] GC(676) Adjust Roots 0.197ms
[132.333s][info][gc,phases,start] GC(676) Compaction Phase
[132.388s][info][gc,phases      ] GC(676) Compaction Phase 54.873ms
[132.388s][info][gc,phases,start] GC(676) Post Compact
[132.390s][info][gc,phases      ] GC(676) Post Compact 1.490ms
[132.390s][info][gc,heap        ] GC(676) PSYoungGen: 23532K(78848K)->23532K(78848K) Eden: 22015K(22016K)->22015K(22016K) From: 1516K(56832K)->1516K(56832K)
[132.390s][info][gc,heap        ] GC(676) ParOldGen: 341244K(341504K)->341244K(341504K)
[132.390s][info][gc,metaspace   ] GC(676) Metaspace: 6302K(6528K)->6302K(6528K) NonClass: 5769K(5888K)->5769K(5888K) Class: 533K(640K)->533K(640K)
[132.390s][info][gc             ] GC(676) Pause Full (Ergonomics) 356M->356M(410M) 203.439ms
[132.390s][info][gc,cpu         ] GC(676) User=0.36s Sys=0.00s Real=0.20s
[132.390s][info][gc,start       ] GC(677) Pause Full (Ergonomics)
[132.390s][info][gc,phases,start] GC(677) Marking Phase
[132.542s][info][gc,phases      ] GC(677) Marking Phase 151.781ms
[132.542s][info][gc,phases,start] GC(677) Summary Phase
[132.542s][info][gc,phases      ] GC(677) Summary Phase 0.023ms
[132.542s][info][gc,phases,start] GC(677) Adjust Roots
[132.542s][info][gc,phases      ] GC(677) Adjust Roots 0.197ms
[132.542s][info][gc,phases,start] GC(677) Compaction Phase
[132.605s][info][gc,phases      ] GC(677) Compaction Phase 62.153ms
[132.605s][info][gc,phases,start] GC(677) Post Compact
[132.606s][info][gc,phases      ] GC(677) Post Compact 1.605ms
[132.606s][info][gc,heap        ] GC(677) PSYoungGen: 23532K(78848K)->23532K(78848K) Eden: 22015K(22016K)->22015K(22016K) From: 1516K(56832K)->1516K(56832K)
[132.606s][info][gc,heap        ] GC(677) ParOldGen: 341249K(341504K)->341249K(341504K)
[132.606s][info][gc,metaspace   ] GC(677) Metaspace: 6302K(6528K)->6302K(6528K) NonClass: 5769K(5888K)->5769K(5888K) Class: 533K(640K)->533K(640K)
[132.606s][info][gc             ] GC(677) Pause Full (Ergonomics) 356M->356M(410M) 216.089ms
[132.606s][info][gc,cpu         ] GC(677) User=0.41s Sys=0.00s Real=0.22s
[132.607s][info][gc,start       ] GC(678) Pause Full (Ergonomics)
[132.607s][info][gc,phases,start] GC(678) Marking Phase
[132.752s][info][gc,phases      ] GC(678) Marking Phase 145.220ms
[132.752s][info][gc,phases,start] GC(678) Summary Phase
[132.752s][info][gc,phases      ] GC(678) Summary Phase 0.023ms
[132.752s][info][gc,phases,start] GC(678) Adjust Roots
[132.752s][info][gc,phases      ] GC(678) Adjust Roots 0.197ms
[132.752s][info][gc,phases,start] GC(678) Compaction Phase
[132.808s][info][gc,phases      ] GC(678) Compaction Phase 55.497ms
[132.808s][info][gc,phases,start] GC(678) Post Compact
[132.809s][info][gc,phases      ] GC(678) Post Compact 1.484ms
[132.809s][info][gc,heap        ] GC(678) PSYoungGen: 23532K(78848K)->23532K(78848K) Eden: 22015K(22016K)->22015K(22016K) From: 1516K(56832K)->1516K(56832K)
[132.809s][info][gc,heap        ] GC(678) ParOldGen: 341253K(341504K)->341253K(341504K)
[132.809s][info][gc,metaspace   ] GC(678) Metaspace: 6302K(6528K)->6302K(6528K) NonClass: 5769K(5888K)->5769K(5888K) Class: 533K(640K)->533K(640K)
[132.809s][info][gc             ] GC(678) Pause Full (Ergonomics) 356M->356M(410M) 202.812ms
[132.809s][info][gc,cpu         ] GC(678) User=0.36s Sys=0.00s Real=0.20s
[132.810s][info][gc,start       ] GC(679) Pause Full (Ergonomics)
[132.810s][info][gc,phases,start] GC(679) Marking Phase
[132.954s][info][gc,phases      ] GC(679) Marking Phase 144.008ms
[132.954s][info][gc,phases,start] GC(679) Summary Phase
[132.954s][info][gc,phases      ] GC(679) Summary Phase 0.023ms
[132.954s][info][gc,phases,start] GC(679) Adjust Roots
[132.954s][info][gc,phases      ] GC(679) Adjust Roots 0.204ms
[132.954s][info][gc,phases,start] GC(679) Compaction Phase
[133.010s][info][gc,phases      ] GC(679) Compaction Phase 55.630ms
[133.010s][info][gc,phases,start] GC(679) Post Compact
[133.011s][info][gc,phases      ] GC(679) Post Compact 1.488ms
[133.011s][info][gc,heap        ] GC(679) PSYoungGen: 23532K(78848K)->23532K(78848K) Eden: 22015K(22016K)->22015K(22016K) From: 1516K(56832K)->1516K(56832K)
[133.011s][info][gc,heap        ] GC(679) ParOldGen: 341258K(341504K)->341258K(341504K)
[133.011s][info][gc,metaspace   ] GC(679) Metaspace: 6302K(6528K)->6302K(6528K) NonClass: 5769K(5888K)->5769K(5888K) Class: 533K(640K)->533K(640K)
[133.011s][info][gc             ] GC(679) Pause Full (Ergonomics) 356M->356M(410M) 201.706ms
[133.011s][info][gc,cpu         ] GC(679) User=0.31s Sys=0.00s Real=0.20s
[133.012s][info][gc,start       ] GC(680) Pause Full (Ergonomics)
[133.012s][info][gc,phases,start] GC(680) Marking Phase
[133.156s][info][gc,phases      ] GC(680) Marking Phase 143.840ms
[133.156s][info][gc,phases,start] GC(680) Summary Phase
[133.156s][info][gc,phases      ] GC(680) Summary Phase 0.033ms
[133.156s][info][gc,phases,start] GC(680) Adjust Roots
[133.156s][info][gc,phases      ] GC(680) Adjust Roots 0.228ms
[133.156s][info][gc,phases,start] GC(680) Compaction Phase
[133.211s][info][gc,phases      ] GC(680) Compaction Phase 55.005ms
[133.211s][info][gc,phases,start] GC(680) Post Compact
[133.213s][info][gc,phases      ] GC(680) Post Compact 1.490ms
[133.213s][info][gc,heap        ] GC(680) PSYoungGen: 23532K(78848K)->23532K(78848K) Eden: 22015K(22016K)->22015K(22016K) From: 1516K(56832K)->1516K(56832K)
[133.213s][info][gc,heap        ] GC(680) ParOldGen: 341263K(341504K)->341263K(341504K)
[133.213s][info][gc,metaspace   ] GC(680) Metaspace: 6302K(6528K)->6302K(6528K) NonClass: 5769K(5888K)->5769K(5888K) Class: 533K(640K)->533K(640K)
[133.213s][info][gc             ] GC(680) Pause Full (Ergonomics) 356M->356M(410M) 200.963ms
[133.213s][info][gc,cpu         ] GC(680) User=0.34s Sys=0.00s Real=0.20s
[133.213s][info][gc,start       ] GC(681) Pause Full (Ergonomics)
[133.213s][info][gc,phases,start] GC(681) Marking Phase
[133.358s][info][gc,phases      ] GC(681) Marking Phase 145.395ms
[133.358s][info][gc,phases,start] GC(681) Summary Phase
[133.358s][info][gc,phases      ] GC(681) Summary Phase 0.023ms
[133.358s][info][gc,phases,start] GC(681) Adjust Roots
[133.359s][info][gc,phases      ] GC(681) Adjust Roots 0.199ms
[133.359s][info][gc,phases,start] GC(681) Compaction Phase
[133.413s][info][gc,phases      ] GC(681) Compaction Phase 54.691ms
[133.413s][info][gc,phases,start] GC(681) Post Compact
[133.415s][info][gc,phases      ] GC(681) Post Compact 1.681ms
[133.415s][info][gc,heap        ] GC(681) PSYoungGen: 23532K(78848K)->23532K(78848K) Eden: 22015K(22016K)->22015K(22016K) From: 1516K(56832K)->1516K(56832K)
[133.415s][info][gc,heap        ] GC(681) ParOldGen: 341267K(341504K)->341267K(341504K)
[133.415s][info][gc,metaspace   ] GC(681) Metaspace: 6302K(6528K)->6302K(6528K) NonClass: 5769K(5888K)->5769K(5888K) Class: 533K(640K)->533K(640K)
[133.415s][info][gc             ] GC(681) Pause Full (Ergonomics) 356M->356M(410M) 202.344ms
[133.415s][info][gc,cpu         ] GC(681) User=0.39s Sys=0.00s Real=0.20s
[133.416s][info][gc,start       ] GC(682) Pause Full (Ergonomics)
[133.416s][info][gc,phases,start] GC(682) Marking Phase
[133.561s][info][gc,phases      ] GC(682) Marking Phase 145.299ms
[133.561s][info][gc,phases,start] GC(682) Summary Phase
[133.561s][info][gc,phases      ] GC(682) Summary Phase 0.023ms
[133.561s][info][gc,phases,start] GC(682) Adjust Roots
[133.561s][info][gc,phases      ] GC(682) Adjust Roots 0.199ms
[133.561s][info][gc,phases,start] GC(682) Compaction Phase
[133.615s][info][gc,phases      ] GC(682) Compaction Phase 54.133ms
[133.615s][info][gc,phases,start] GC(682) Post Compact
[133.617s][info][gc,phases      ] GC(682) Post Compact 1.749ms
[133.617s][info][gc,heap        ] GC(682) PSYoungGen: 23532K(78848K)->23532K(78848K) Eden: 22015K(22016K)->22015K(22016K) From: 1516K(56832K)->1516K(56832K)
[133.617s][info][gc,heap        ] GC(682) ParOldGen: 341272K(341504K)->341272K(341504K)
[133.617s][info][gc,metaspace   ] GC(682) Metaspace: 6302K(6528K)->6302K(6528K) NonClass: 5769K(5888K)->5769K(5888K) Class: 533K(640K)->533K(640K)
[133.617s][info][gc             ] GC(682) Pause Full (Ergonomics) 356M->356M(410M) 201.718ms
[133.617s][info][gc,cpu         ] GC(682) User=0.38s Sys=0.00s Real=0.20s
[133.617s][info][gc,start       ] GC(683) Pause Full (Ergonomics)
[133.618s][info][gc,phases,start] GC(683) Marking Phase
[133.762s][info][gc,phases      ] GC(683) Marking Phase 144.732ms
[133.762s][info][gc,phases,start] GC(683) Summary Phase
[133.762s][info][gc,phases      ] GC(683) Summary Phase 0.024ms
[133.762s][info][gc,phases,start] GC(683) Adjust Roots
[133.763s][info][gc,phases      ] GC(683) Adjust Roots 0.213ms
[133.763s][info][gc,phases,start] GC(683) Compaction Phase
[133.817s][info][gc,phases      ] GC(683) Compaction Phase 54.809ms
[133.817s][info][gc,phases,start] GC(683) Post Compact
[133.819s][info][gc,phases      ] GC(683) Post Compact 1.737ms
[133.819s][info][gc,heap        ] GC(683) PSYoungGen: 23532K(78848K)->23532K(78848K) Eden: 22015K(22016K)->22015K(22016K) From: 1516K(56832K)->1516K(56832K)
[133.819s][info][gc,heap        ] GC(683) ParOldGen: 341277K(341504K)->341277K(341504K)
[133.819s][info][gc,metaspace   ] GC(683) Metaspace: 6302K(6528K)->6302K(6528K) NonClass: 5769K(5888K)->5769K(5888K) Class: 533K(640K)->533K(640K)
[133.819s][info][gc             ] GC(683) Pause Full (Ergonomics) 356M->356M(410M) 201.914ms
[133.819s][info][gc,cpu         ] GC(683) User=0.34s Sys=0.00s Real=0.20s
[133.820s][info][gc,start       ] GC(684) Pause Full (Ergonomics)
[133.820s][info][gc,phases,start] GC(684) Marking Phase
[133.965s][info][gc,phases      ] GC(684) Marking Phase 145.488ms
[133.965s][info][gc,phases,start] GC(684) Summary Phase
[133.965s][info][gc,phases      ] GC(684) Summary Phase 0.017ms
[133.965s][info][gc,phases,start] GC(684) Adjust Roots
[133.965s][info][gc,phases      ] GC(684) Adjust Roots 0.207ms
[133.965s][info][gc,phases,start] GC(684) Compaction Phase
[134.019s][info][gc,phases      ] GC(684) Compaction Phase 53.590ms
[134.019s][info][gc,phases,start] GC(684) Post Compact
[134.021s][info][gc,phases      ] GC(684) Post Compact 1.709ms
[134.021s][info][gc,heap        ] GC(684) PSYoungGen: 23532K(78848K)->23532K(78848K) Eden: 22015K(22016K)->22015K(22016K) From: 1516K(56832K)->1516K(56832K)
[134.021s][info][gc,heap        ] GC(684) ParOldGen: 341281K(341504K)->341281K(341504K)
[134.021s][info][gc,metaspace   ] GC(684) Metaspace: 6302K(6528K)->6302K(6528K) NonClass: 5769K(5888K)->5769K(5888K) Class: 533K(640K)->533K(640K)
[134.021s][info][gc             ] GC(684) Pause Full (Ergonomics) 356M->356M(410M) 201.375ms
[134.021s][info][gc,cpu         ] GC(684) User=0.36s Sys=0.02s Real=0.20s
[134.021s][info][gc,start       ] GC(685) Pause Full (Ergonomics)
[134.021s][info][gc,phases,start] GC(685) Marking Phase
[134.167s][info][gc,phases      ] GC(685) Marking Phase 146.064ms
[134.167s][info][gc,phases,start] GC(685) Summary Phase
[134.167s][info][gc,phases      ] GC(685) Summary Phase 0.017ms
[134.167s][info][gc,phases,start] GC(685) Adjust Roots
[134.168s][info][gc,phases      ] GC(685) Adjust Roots 0.189ms
[134.168s][info][gc,phases,start] GC(685) Compaction Phase
[134.221s][info][gc,phases      ] GC(685) Compaction Phase 53.524ms
[134.221s][info][gc,phases,start] GC(685) Post Compact
[134.223s][info][gc,phases      ] GC(685) Post Compact 1.693ms
[134.223s][info][gc,heap        ] GC(685) PSYoungGen: 23532K(78848K)->23532K(78848K) Eden: 22015K(22016K)->22015K(22016K) From: 1516K(56832K)->1516K(56832K)
[134.223s][info][gc,heap        ] GC(685) ParOldGen: 341286K(341504K)->341286K(341504K)
[134.223s][info][gc,metaspace   ] GC(685) Metaspace: 6302K(6528K)->6302K(6528K) NonClass: 5769K(5888K)->5769K(5888K) Class: 533K(640K)->533K(640K)
[134.223s][info][gc             ] GC(685) Pause Full (Ergonomics) 356M->356M(410M) 201.843ms
[134.223s][info][gc,cpu         ] GC(685) User=0.39s Sys=0.00s Real=0.20s
[134.223s][info][gc,start       ] GC(686) Pause Full (Ergonomics)
[134.223s][info][gc,phases,start] GC(686) Marking Phase
[134.367s][info][gc,phases      ] GC(686) Marking Phase 143.334ms
[134.367s][info][gc,phases,start] GC(686) Summary Phase
[134.367s][info][gc,phases      ] GC(686) Summary Phase 0.023ms
[134.367s][info][gc,phases,start] GC(686) Adjust Roots
[134.367s][info][gc,phases      ] GC(686) Adjust Roots 0.195ms
[134.367s][info][gc,phases,start] GC(686) Compaction Phase
[134.422s][info][gc,phases      ] GC(686) Compaction Phase 55.210ms
[134.422s][info][gc,phases,start] GC(686) Post Compact
[134.424s][info][gc,phases      ] GC(686) Post Compact 1.524ms
[134.424s][info][gc,heap        ] GC(686) PSYoungGen: 23532K(78848K)->23532K(78848K) Eden: 22015K(22016K)->22015K(22016K) From: 1516K(56832K)->1516K(56832K)
[134.424s][info][gc,heap        ] GC(686) ParOldGen: 341291K(341504K)->341291K(341504K)
[134.424s][info][gc,metaspace   ] GC(686) Metaspace: 6302K(6528K)->6302K(6528K) NonClass: 5769K(5888K)->5769K(5888K) Class: 533K(640K)->533K(640K)
[134.424s][info][gc             ] GC(686) Pause Full (Ergonomics) 356M->356M(410M) 200.649ms
[134.424s][info][gc,cpu         ] GC(686) User=0.33s Sys=0.00s Real=0.20s
[134.424s][info][gc,start       ] GC(687) Pause Full (Ergonomics)
[134.424s][info][gc,phases,start] GC(687) Marking Phase
[134.572s][info][gc,phases      ] GC(687) Marking Phase 147.961ms
[134.572s][info][gc,phases,start] GC(687) Summary Phase
[134.572s][info][gc,phases      ] GC(687) Summary Phase 0.018ms
[134.572s][info][gc,phases,start] GC(687) Adjust Roots
[134.573s][info][gc,phases      ] GC(687) Adjust Roots 0.204ms
[134.573s][info][gc,phases,start] GC(687) Compaction Phase
[134.628s][info][gc,phases      ] GC(687) Compaction Phase 55.895ms
[134.629s][info][gc,phases,start] GC(687) Post Compact
[134.630s][info][gc,phases      ] GC(687) Post Compact 1.821ms
[134.630s][info][gc,heap        ] GC(687) PSYoungGen: 23532K(78848K)->23532K(78848K) Eden: 22015K(22016K)->22015K(22016K) From: 1516K(56832K)->1516K(56832K)
[134.630s][info][gc,heap        ] GC(687) ParOldGen: 341295K(341504K)->341295K(341504K)
[134.630s][info][gc,metaspace   ] GC(687) Metaspace: 6302K(6528K)->6302K(6528K) NonClass: 5769K(5888K)->5769K(5888K) Class: 533K(640K)->533K(640K)
[134.631s][info][gc             ] GC(687) Pause Full (Ergonomics) 356M->356M(410M) 206.265ms
[134.631s][info][gc,cpu         ] GC(687) User=0.34s Sys=0.00s Real=0.21s
[134.631s][info][gc,start       ] GC(688) Pause Full (Ergonomics)
[134.631s][info][gc,phases,start] GC(688) Marking Phase
[134.777s][info][gc,phases      ] GC(688) Marking Phase 146.351ms
[134.777s][info][gc,phases,start] GC(688) Summary Phase
[134.777s][info][gc,phases      ] GC(688) Summary Phase 0.023ms
[134.777s][info][gc,phases,start] GC(688) Adjust Roots
[134.778s][info][gc,phases      ] GC(688) Adjust Roots 0.207ms
[134.778s][info][gc,phases,start] GC(688) Compaction Phase
[134.834s][info][gc,phases      ] GC(688) Compaction Phase 56.069ms
[134.834s][info][gc,phases,start] GC(688) Post Compact
[134.835s][info][gc,phases      ] GC(688) Post Compact 1.507ms
[134.835s][info][gc,heap        ] GC(688) PSYoungGen: 23532K(78848K)->23532K(78848K) Eden: 22015K(22016K)->22015K(22016K) From: 1516K(56832K)->1516K(56832K)
[134.835s][info][gc,heap        ] GC(688) ParOldGen: 341300K(341504K)->341300K(341504K)
[134.835s][info][gc,metaspace   ] GC(688) Metaspace: 6302K(6528K)->6302K(6528K) NonClass: 5769K(5888K)->5769K(5888K) Class: 533K(640K)->533K(640K)
[134.835s][info][gc             ] GC(688) Pause Full (Ergonomics) 356M->356M(410M) 204.508ms
[134.835s][info][gc,cpu         ] GC(688) User=0.38s Sys=0.00s Real=0.20s
[134.836s][info][gc,start       ] GC(689) Pause Full (Ergonomics)
[134.836s][info][gc,phases,start] GC(689) Marking Phase
[135.004s][info][gc,phases      ] GC(689) Marking Phase 168.304ms
[135.004s][info][gc,phases,start] GC(689) Summary Phase
[135.004s][info][gc,phases      ] GC(689) Summary Phase 0.021ms
[135.004s][info][gc,phases,start] GC(689) Adjust Roots
[135.004s][info][gc,phases      ] GC(689) Adjust Roots 0.218ms
[135.004s][info][gc,phases,start] GC(689) Compaction Phase
[135.065s][info][gc,phases      ] GC(689) Compaction Phase 60.844ms
[135.065s][info][gc,phases,start] GC(689) Post Compact
[135.067s][info][gc,phases      ] GC(689) Post Compact 2.090ms
[135.067s][info][gc,heap        ] GC(689) PSYoungGen: 23532K(78848K)->23532K(78848K) Eden: 22015K(22016K)->22015K(22016K) From: 1516K(56832K)->1516K(56832K)
[135.067s][info][gc,heap        ] GC(689) ParOldGen: 341305K(341504K)->341305K(341504K)
[135.067s][info][gc,metaspace   ] GC(689) Metaspace: 6302K(6528K)->6302K(6528K) NonClass: 5769K(5888K)->5769K(5888K) Class: 533K(640K)->533K(640K)
[135.067s][info][gc             ] GC(689) Pause Full (Ergonomics) 356M->356M(410M) 231.871ms
[135.067s][info][gc,cpu         ] GC(689) User=0.34s Sys=0.00s Real=0.23s
[135.068s][info][gc,start       ] GC(690) Pause Full (Ergonomics)
[135.068s][info][gc,phases,start] GC(690) Marking Phase
[135.229s][info][gc,phases      ] GC(690) Marking Phase 160.869ms
[135.229s][info][gc,phases,start] GC(690) Summary Phase
[135.229s][info][gc,phases      ] GC(690) Summary Phase 0.018ms
[135.229s][info][gc,phases,start] GC(690) Adjust Roots
[135.229s][info][gc,phases      ] GC(690) Adjust Roots 0.238ms
[135.229s][info][gc,phases,start] GC(690) Compaction Phase
[135.283s][info][gc,phases      ] GC(690) Compaction Phase 54.438ms
[135.284s][info][gc,phases,start] GC(690) Post Compact
[135.285s][info][gc,phases      ] GC(690) Post Compact 1.891ms
[135.286s][info][gc,heap        ] GC(690) PSYoungGen: 23532K(78848K)->23532K(78848K) Eden: 22015K(22016K)->22015K(22016K) From: 1516K(56832K)->1516K(56832K)
[135.286s][info][gc,heap        ] GC(690) ParOldGen: 341309K(341504K)->341309K(341504K)
[135.286s][info][gc,metaspace   ] GC(690) Metaspace: 6302K(6528K)->6302K(6528K) NonClass: 5769K(5888K)->5769K(5888K) Class: 533K(640K)->533K(640K)
[135.286s][info][gc             ] GC(690) Pause Full (Ergonomics) 356M->356M(410M) 217.844ms
[135.286s][info][gc,cpu         ] GC(690) User=0.34s Sys=0.00s Real=0.22s
[135.286s][info][gc,start       ] GC(691) Pause Full (Ergonomics)
[135.286s][info][gc,phases,start] GC(691) Marking Phase
[135.438s][info][gc,phases      ] GC(691) Marking Phase 152.188ms
[135.438s][info][gc,phases,start] GC(691) Summary Phase
[135.438s][info][gc,phases      ] GC(691) Summary Phase 0.018ms
[135.438s][info][gc,phases,start] GC(691) Adjust Roots
[135.438s][info][gc,phases      ] GC(691) Adjust Roots 0.219ms
[135.438s][info][gc,phases,start] GC(691) Compaction Phase
[135.492s][info][gc,phases      ] GC(691) Compaction Phase 54.031ms
[135.493s][info][gc,phases,start] GC(691) Post Compact
[135.494s][info][gc,phases      ] GC(691) Post Compact 1.708ms
[135.494s][info][gc,heap        ] GC(691) PSYoungGen: 23532K(78848K)->23532K(78848K) Eden: 22015K(22016K)->22015K(22016K) From: 1516K(56832K)->1516K(56832K)
[135.494s][info][gc,heap        ] GC(691) ParOldGen: 341314K(341504K)->341314K(341504K)
[135.494s][info][gc,metaspace   ] GC(691) Metaspace: 6302K(6528K)->6302K(6528K) NonClass: 5769K(5888K)->5769K(5888K) Class: 533K(640K)->533K(640K)
[135.494s][info][gc             ] GC(691) Pause Full (Ergonomics) 356M->356M(410M) 208.575ms
[135.494s][info][gc,cpu         ] GC(691) User=0.33s Sys=0.00s Real=0.21s
[135.495s][info][gc,start       ] GC(692) Pause Full (Ergonomics)
[135.495s][info][gc,phases,start] GC(692) Marking Phase
[135.638s][info][gc,phases      ] GC(692) Marking Phase 143.194ms
[135.638s][info][gc,phases,start] GC(692) Summary Phase
[135.638s][info][gc,phases      ] GC(692) Summary Phase 0.024ms
[135.638s][info][gc,phases,start] GC(692) Adjust Roots
[135.638s][info][gc,phases      ] GC(692) Adjust Roots 0.195ms
[135.638s][info][gc,phases,start] GC(692) Compaction Phase
[135.695s][info][gc,phases      ] GC(692) Compaction Phase 56.237ms
[135.695s][info][gc,phases,start] GC(692) Post Compact
[135.696s][info][gc,phases      ] GC(692) Post Compact 1.508ms
[135.696s][info][gc,heap        ] GC(692) PSYoungGen: 23532K(78848K)->23532K(78848K) Eden: 22015K(22016K)->22015K(22016K) From: 1516K(56832K)->1516K(56832K)
[135.696s][info][gc,heap        ] GC(692) ParOldGen: 341319K(341504K)->341319K(341504K)
[135.696s][info][gc,metaspace   ] GC(692) Metaspace: 6302K(6528K)->6302K(6528K) NonClass: 5769K(5888K)->5769K(5888K) Class: 533K(640K)->533K(640K)
[135.696s][info][gc             ] GC(692) Pause Full (Ergonomics) 356M->356M(410M) 201.497ms
[135.696s][info][gc,cpu         ] GC(692) User=0.36s Sys=0.00s Real=0.20s
[135.696s][info][gc,start       ] GC(693) Pause Full (Ergonomics)
[135.697s][info][gc,phases,start] GC(693) Marking Phase
[135.842s][info][gc,phases      ] GC(693) Marking Phase 145.481ms
[135.842s][info][gc,phases,start] GC(693) Summary Phase
[135.842s][info][gc,phases      ] GC(693) Summary Phase 0.023ms
[135.842s][info][gc,phases,start] GC(693) Adjust Roots
[135.842s][info][gc,phases      ] GC(693) Adjust Roots 0.208ms
[135.842s][info][gc,phases,start] GC(693) Compaction Phase
[135.899s][info][gc,phases      ] GC(693) Compaction Phase 56.412ms
[135.899s][info][gc,phases,start] GC(693) Post Compact
[135.900s][info][gc,phases      ] GC(693) Post Compact 1.486ms
[135.900s][info][gc,heap        ] GC(693) PSYoungGen: 23532K(78848K)->23532K(78848K) Eden: 22015K(22016K)->22015K(22016K) From: 1516K(56832K)->1516K(56832K)
[135.900s][info][gc,heap        ] GC(693) ParOldGen: 341323K(341504K)->341323K(341504K)
[135.900s][info][gc,metaspace   ] GC(693) Metaspace: 6302K(6528K)->6302K(6528K) NonClass: 5769K(5888K)->5769K(5888K) Class: 533K(640K)->533K(640K)
[135.900s][info][gc             ] GC(693) Pause Full (Ergonomics) 356M->356M(410M) 203.943ms
[135.900s][info][gc,cpu         ] GC(693) User=0.31s Sys=0.02s Real=0.20s
[135.901s][info][gc,start       ] GC(694) Pause Full (Ergonomics)
[135.901s][info][gc,phases,start] GC(694) Marking Phase
[136.045s][info][gc,phases      ] GC(694) Marking Phase 144.380ms
[136.045s][info][gc,phases,start] GC(694) Summary Phase
[136.045s][info][gc,phases      ] GC(694) Summary Phase 0.023ms
[136.045s][info][gc,phases,start] GC(694) Adjust Roots
[136.045s][info][gc,phases      ] GC(694) Adjust Roots 0.205ms
[136.045s][info][gc,phases,start] GC(694) Compaction Phase
[136.100s][info][gc,phases      ] GC(694) Compaction Phase 55.043ms
[136.101s][info][gc,phases,start] GC(694) Post Compact
[136.102s][info][gc,phases      ] GC(694) Post Compact 1.558ms
[136.102s][info][gc,heap        ] GC(694) PSYoungGen: 23532K(78848K)->23532K(78848K) Eden: 22015K(22016K)->22015K(22016K) From: 1516K(56832K)->1516K(56832K)
[136.102s][info][gc,heap        ] GC(694) ParOldGen: 341328K(341504K)->341328K(341504K)
[136.102s][info][gc,metaspace   ] GC(694) Metaspace: 6302K(6528K)->6302K(6528K) NonClass: 5769K(5888K)->5769K(5888K) Class: 533K(640K)->533K(640K)
[136.102s][info][gc             ] GC(694) Pause Full (Ergonomics) 356M->356M(410M) 201.593ms
[136.102s][info][gc,cpu         ] GC(694) User=0.36s Sys=0.00s Real=0.20s
[136.103s][info][gc,start       ] GC(695) Pause Full (Ergonomics)
[136.103s][info][gc,phases,start] GC(695) Marking Phase
[136.246s][info][gc,phases      ] GC(695) Marking Phase 143.612ms
[136.246s][info][gc,phases,start] GC(695) Summary Phase
[136.246s][info][gc,phases      ] GC(695) Summary Phase 0.022ms
[136.246s][info][gc,phases,start] GC(695) Adjust Roots
[136.246s][info][gc,phases      ] GC(695) Adjust Roots 0.186ms
[136.246s][info][gc,phases,start] GC(695) Compaction Phase
[136.302s][info][gc,phases      ] GC(695) Compaction Phase 55.033ms
[136.302s][info][gc,phases,start] GC(695) Post Compact
[136.303s][info][gc,phases      ] GC(695) Post Compact 1.486ms
[136.303s][info][gc,heap        ] GC(695) PSYoungGen: 23532K(78848K)->23532K(78848K) Eden: 22015K(22016K)->22015K(22016K) From: 1516K(56832K)->1516K(56832K)
[136.303s][info][gc,heap        ] GC(695) ParOldGen: 341333K(341504K)->341333K(341504K)
[136.303s][info][gc,metaspace   ] GC(695) Metaspace: 6302K(6528K)->6302K(6528K) NonClass: 5769K(5888K)->5769K(5888K) Class: 533K(640K)->533K(640K)
[136.303s][info][gc             ] GC(695) Pause Full (Ergonomics) 356M->356M(410M) 200.664ms
[136.303s][info][gc,cpu         ] GC(695) User=0.34s Sys=0.00s Real=0.20s
[136.303s][info][gc,start       ] GC(696) Pause Full (Ergonomics)
[136.303s][info][gc,phases,start] GC(696) Marking Phase
[136.448s][info][gc,phases      ] GC(696) Marking Phase 144.516ms
[136.448s][info][gc,phases,start] GC(696) Summary Phase
[136.448s][info][gc,phases      ] GC(696) Summary Phase 0.023ms
[136.448s][info][gc,phases,start] GC(696) Adjust Roots
[136.448s][info][gc,phases      ] GC(696) Adjust Roots 0.205ms
[136.448s][info][gc,phases,start] GC(696) Compaction Phase
[136.503s][info][gc,phases      ] GC(696) Compaction Phase 54.753ms
[136.503s][info][gc,phases,start] GC(696) Post Compact
[136.505s][info][gc,phases      ] GC(696) Post Compact 1.475ms
[136.505s][info][gc,heap        ] GC(696) PSYoungGen: 23532K(78848K)->23532K(78848K) Eden: 22015K(22016K)->22015K(22016K) From: 1516K(56832K)->1516K(56832K)
[136.505s][info][gc,heap        ] GC(696) ParOldGen: 341337K(341504K)->341337K(341504K)
[136.505s][info][gc,metaspace   ] GC(696) Metaspace: 6302K(6528K)->6302K(6528K) NonClass: 5769K(5888K)->5769K(5888K) Class: 533K(640K)->533K(640K)
[136.505s][info][gc             ] GC(696) Pause Full (Ergonomics) 356M->356M(410M) 201.346ms
[136.505s][info][gc,cpu         ] GC(696) User=0.33s Sys=0.00s Real=0.20s
[136.505s][info][gc,start       ] GC(697) Pause Full (Ergonomics)
[136.505s][info][gc,phases,start] GC(697) Marking Phase
[136.650s][info][gc,phases      ] GC(697) Marking Phase 145.171ms
[136.650s][info][gc,phases,start] GC(697) Summary Phase
[136.650s][info][gc,phases      ] GC(697) Summary Phase 0.022ms
[136.650s][info][gc,phases,start] GC(697) Adjust Roots
[136.651s][info][gc,phases      ] GC(697) Adjust Roots 0.203ms
[136.651s][info][gc,phases,start] GC(697) Compaction Phase
[136.705s][info][gc,phases      ] GC(697) Compaction Phase 54.251ms
[136.705s][info][gc,phases,start] GC(697) Post Compact
[136.706s][info][gc,phases      ] GC(697) Post Compact 1.478ms
[136.706s][info][gc,heap        ] GC(697) PSYoungGen: 23532K(78848K)->23532K(78848K) Eden: 22015K(22016K)->22015K(22016K) From: 1516K(56832K)->1516K(56832K)
[136.706s][info][gc,heap        ] GC(697) ParOldGen: 341342K(341504K)->341342K(341504K)
[136.706s][info][gc,metaspace   ] GC(697) Metaspace: 6302K(6528K)->6302K(6528K) NonClass: 5769K(5888K)->5769K(5888K) Class: 533K(640K)->533K(640K)
[136.707s][info][gc             ] GC(697) Pause Full (Ergonomics) 356M->356M(410M) 201.481ms
[136.707s][info][gc,cpu         ] GC(697) User=0.33s Sys=0.00s Real=0.20s
[136.707s][info][gc,start       ] GC(698) Pause Full (Ergonomics)
[136.707s][info][gc,phases,start] GC(698) Marking Phase
[136.851s][info][gc,phases      ] GC(698) Marking Phase 144.299ms
[136.851s][info][gc,phases,start] GC(698) Summary Phase
[136.851s][info][gc,phases      ] GC(698) Summary Phase 0.022ms
[136.851s][info][gc,phases,start] GC(698) Adjust Roots
[136.851s][info][gc,phases      ] GC(698) Adjust Roots 0.186ms
[136.851s][info][gc,phases,start] GC(698) Compaction Phase
[136.907s][info][gc,phases      ] GC(698) Compaction Phase 55.081ms
[136.907s][info][gc,phases,start] GC(698) Post Compact
[136.908s][info][gc,phases      ] GC(698) Post Compact 1.494ms
[136.908s][info][gc,heap        ] GC(698) PSYoungGen: 23532K(78848K)->23532K(78848K) Eden: 22015K(22016K)->22015K(22016K) From: 1516K(56832K)->1516K(56832K)
[136.908s][info][gc,heap        ] GC(698) ParOldGen: 341347K(341504K)->341347K(341504K)
[136.908s][info][gc,metaspace   ] GC(698) Metaspace: 6302K(6528K)->6302K(6528K) NonClass: 5769K(5888K)->5769K(5888K) Class: 533K(640K)->533K(640K)
[136.908s][info][gc             ] GC(698) Pause Full (Ergonomics) 356M->356M(410M) 201.488ms
[136.908s][info][gc,cpu         ] GC(698) User=0.33s Sys=0.00s Real=0.20s
[136.909s][info][gc,start       ] GC(699) Pause Full (Ergonomics)
[136.909s][info][gc,phases,start] GC(699) Marking Phase
[137.053s][info][gc,phases      ] GC(699) Marking Phase 144.717ms
[137.053s][info][gc,phases,start] GC(699) Summary Phase
[137.053s][info][gc,phases      ] GC(699) Summary Phase 0.023ms
[137.053s][info][gc,phases,start] GC(699) Adjust Roots
[137.054s][info][gc,phases      ] GC(699) Adjust Roots 0.202ms
[137.054s][info][gc,phases,start] GC(699) Compaction Phase
[137.108s][info][gc,phases      ] GC(699) Compaction Phase 54.602ms
[137.108s][info][gc,phases,start] GC(699) Post Compact
[137.110s][info][gc,phases      ] GC(699) Post Compact 1.698ms
[137.110s][info][gc,heap        ] GC(699) PSYoungGen: 23532K(78848K)->23532K(78848K) Eden: 22015K(22016K)->22015K(22016K) From: 1516K(56832K)->1516K(56832K)
[137.110s][info][gc,heap        ] GC(699) ParOldGen: 341351K(341504K)->341351K(341504K)
[137.110s][info][gc,metaspace   ] GC(699) Metaspace: 6302K(6528K)->6302K(6528K) NonClass: 5769K(5888K)->5769K(5888K) Class: 533K(640K)->533K(640K)
[137.110s][info][gc             ] GC(699) Pause Full (Ergonomics) 356M->356M(410M) 201.602ms
[137.110s][info][gc,cpu         ] GC(699) User=0.34s Sys=0.02s Real=0.20s
[137.110s][info][gc,start       ] GC(700) Pause Full (Ergonomics)
[137.110s][info][gc,phases,start] GC(700) Marking Phase
[137.255s][info][gc,phases      ] GC(700) Marking Phase 144.627ms
[137.255s][info][gc,phases,start] GC(700) Summary Phase
[137.255s][info][gc,phases      ] GC(700) Summary Phase 0.023ms
[137.255s][info][gc,phases,start] GC(700) Adjust Roots
[137.255s][info][gc,phases      ] GC(700) Adjust Roots 0.208ms
[137.255s][info][gc,phases,start] GC(700) Compaction Phase
[137.312s][info][gc,phases      ] GC(700) Compaction Phase 56.101ms
[137.312s][info][gc,phases,start] GC(700) Post Compact
[137.313s][info][gc,phases      ] GC(700) Post Compact 1.479ms
[137.313s][info][gc,heap        ] GC(700) PSYoungGen: 23532K(78848K)->23532K(78848K) Eden: 22015K(22016K)->22015K(22016K) From: 1516K(56832K)->1516K(56832K)
[137.313s][info][gc,heap        ] GC(700) ParOldGen: 341356K(341504K)->341356K(341504K)
[137.313s][info][gc,metaspace   ] GC(700) Metaspace: 6302K(6528K)->6302K(6528K) NonClass: 5769K(5888K)->5769K(5888K) Class: 533K(640K)->533K(640K)
[137.313s][info][gc             ] GC(700) Pause Full (Ergonomics) 356M->356M(410M) 202.762ms
[137.313s][info][gc,cpu         ] GC(700) User=0.33s Sys=0.00s Real=0.20s
[137.313s][info][gc,start       ] GC(701) Pause Full (Ergonomics)
[137.313s][info][gc,phases,start] GC(701) Marking Phase
[137.458s][info][gc,phases      ] GC(701) Marking Phase 144.077ms
[137.458s][info][gc,phases,start] GC(701) Summary Phase
[137.458s][info][gc,phases      ] GC(701) Summary Phase 0.027ms
[137.458s][info][gc,phases,start] GC(701) Adjust Roots
[137.458s][info][gc,phases      ] GC(701) Adjust Roots 0.187ms
[137.458s][info][gc,phases,start] GC(701) Compaction Phase
[137.512s][info][gc,phases      ] GC(701) Compaction Phase 54.484ms
[137.512s][info][gc,phases,start] GC(701) Post Compact
[137.514s][info][gc,phases      ] GC(701) Post Compact 1.495ms
[137.514s][info][gc,heap        ] GC(701) PSYoungGen: 23532K(78848K)->23532K(78848K) Eden: 22015K(22016K)->22015K(22016K) From: 1516K(56832K)->1516K(56832K)
[137.514s][info][gc,heap        ] GC(701) ParOldGen: 341361K(341504K)->341361K(341504K)
[137.514s][info][gc,metaspace   ] GC(701) Metaspace: 6302K(6528K)->6302K(6528K) NonClass: 5769K(5888K)->5769K(5888K) Class: 533K(640K)->533K(640K)
[137.514s][info][gc             ] GC(701) Pause Full (Ergonomics) 356M->356M(410M) 200.607ms
[137.514s][info][gc,cpu         ] GC(701) User=0.33s Sys=0.00s Real=0.20s
[137.514s][info][gc,start       ] GC(702) Pause Full (Ergonomics)
[137.514s][info][gc,phases,start] GC(702) Marking Phase
[137.659s][info][gc,phases      ] GC(702) Marking Phase 145.108ms
[137.659s][info][gc,phases,start] GC(702) Summary Phase
[137.660s][info][gc,phases      ] GC(702) Summary Phase 0.023ms
[137.660s][info][gc,phases,start] GC(702) Adjust Roots
[137.660s][info][gc,phases      ] GC(702) Adjust Roots 0.202ms
[137.660s][info][gc,phases,start] GC(702) Compaction Phase
[137.715s][info][gc,phases      ] GC(702) Compaction Phase 55.007ms
[137.715s][info][gc,phases,start] GC(702) Post Compact
[137.716s][info][gc,phases      ] GC(702) Post Compact 1.493ms
[137.716s][info][gc,heap        ] GC(702) PSYoungGen: 23532K(78848K)->23532K(78848K) Eden: 22015K(22016K)->22015K(22016K) From: 1516K(56832K)->1516K(56832K)
[137.716s][info][gc,heap        ] GC(702) ParOldGen: 341365K(341504K)->341365K(341504K)
[137.716s][info][gc,metaspace   ] GC(702) Metaspace: 6302K(6528K)->6302K(6528K) NonClass: 5769K(5888K)->5769K(5888K) Class: 533K(640K)->533K(640K)
[137.716s][info][gc             ] GC(702) Pause Full (Ergonomics) 356M->356M(410M) 202.165ms
[137.716s][info][gc,cpu         ] GC(702) User=0.36s Sys=0.00s Real=0.20s
[137.717s][info][gc,start       ] GC(703) Pause Full (Ergonomics)
[137.717s][info][gc,phases,start] GC(703) Marking Phase
[137.862s][info][gc,phases      ] GC(703) Marking Phase 144.954ms
[137.862s][info][gc,phases,start] GC(703) Summary Phase
[137.862s][info][gc,phases      ] GC(703) Summary Phase 0.022ms
[137.862s][info][gc,phases,start] GC(703) Adjust Roots
[137.862s][info][gc,phases      ] GC(703) Adjust Roots 0.205ms
[137.862s][info][gc,phases,start] GC(703) Compaction Phase
[137.917s][info][gc,phases      ] GC(703) Compaction Phase 55.177ms
[137.917s][info][gc,phases,start] GC(703) Post Compact
[137.919s][info][gc,phases      ] GC(703) Post Compact 1.516ms
[137.919s][info][gc,heap        ] GC(703) PSYoungGen: 23532K(78848K)->23532K(78848K) Eden: 22015K(22016K)->22015K(22016K) From: 1516K(56832K)->1516K(56832K)
[137.919s][info][gc,heap        ] GC(703) ParOldGen: 341370K(341504K)->341370K(341504K)
[137.919s][info][gc,metaspace   ] GC(703) Metaspace: 6302K(6528K)->6302K(6528K) NonClass: 5769K(5888K)->5769K(5888K) Class: 533K(640K)->533K(640K)
[137.919s][info][gc             ] GC(703) Pause Full (Ergonomics) 356M->356M(410M) 202.205ms
[137.919s][info][gc,cpu         ] GC(703) User=0.33s Sys=0.00s Real=0.20s
[137.919s][info][gc,start       ] GC(704) Pause Full (Ergonomics)
[137.919s][info][gc,phases,start] GC(704) Marking Phase
[138.064s][info][gc,phases      ] GC(704) Marking Phase 144.872ms
[138.064s][info][gc,phases,start] GC(704) Summary Phase
[138.064s][info][gc,phases      ] GC(704) Summary Phase 0.022ms
[138.064s][info][gc,phases,start] GC(704) Adjust Roots
[138.064s][info][gc,phases      ] GC(704) Adjust Roots 0.196ms
[138.064s][info][gc,phases,start] GC(704) Compaction Phase
[138.119s][info][gc,phases      ] GC(704) Compaction Phase 54.487ms
[138.119s][info][gc,phases,start] GC(704) Post Compact
[138.121s][info][gc,phases      ] GC(704) Post Compact 1.504ms
[138.121s][info][gc,heap        ] GC(704) PSYoungGen: 23532K(78848K)->23532K(78848K) Eden: 22015K(22016K)->22015K(22016K) From: 1516K(56832K)->1516K(56832K)
[138.121s][info][gc,heap        ] GC(704) ParOldGen: 341375K(341504K)->341375K(341504K)
[138.121s][info][gc,metaspace   ] GC(704) Metaspace: 6302K(6528K)->6302K(6528K) NonClass: 5769K(5888K)->5769K(5888K) Class: 533K(640K)->533K(640K)
[138.121s][info][gc             ] GC(704) Pause Full (Ergonomics) 356M->356M(410M) 201.421ms
[138.121s][info][gc,cpu         ] GC(704) User=0.34s Sys=0.00s Real=0.20s
[138.121s][info][gc,start       ] GC(705) Pause Full (Ergonomics)
[138.121s][info][gc,phases,start] GC(705) Marking Phase
[138.269s][info][gc,phases      ] GC(705) Marking Phase 147.792ms
[138.269s][info][gc,phases,start] GC(705) Summary Phase
[138.269s][info][gc,phases      ] GC(705) Summary Phase 0.023ms
[138.269s][info][gc,phases,start] GC(705) Adjust Roots
[138.269s][info][gc,phases      ] GC(705) Adjust Roots 0.244ms
[138.269s][info][gc,phases,start] GC(705) Compaction Phase
[138.324s][info][gc,phases      ] GC(705) Compaction Phase 55.267ms
[138.324s][info][gc,phases,start] GC(705) Post Compact
[138.326s][info][gc,phases      ] GC(705) Post Compact 1.499ms
[138.326s][info][gc,heap        ] GC(705) PSYoungGen: 23532K(78848K)->23532K(78848K) Eden: 22015K(22016K)->22015K(22016K) From: 1516K(56832K)->1516K(56832K)
[138.326s][info][gc,heap        ] GC(705) ParOldGen: 341379K(341504K)->341379K(341504K)
[138.326s][info][gc,metaspace   ] GC(705) Metaspace: 6302K(6528K)->6302K(6528K) NonClass: 5769K(5888K)->5769K(5888K) Class: 533K(640K)->533K(640K)
[138.326s][info][gc             ] GC(705) Pause Full (Ergonomics) 356M->356M(410M) 205.134ms
[138.326s][info][gc,cpu         ] GC(705) User=0.39s Sys=0.00s Real=0.20s
[138.326s][info][gc,start       ] GC(706) Pause Full (Ergonomics)
[138.326s][info][gc,phases,start] GC(706) Marking Phase
[138.471s][info][gc,phases      ] GC(706) Marking Phase 144.608ms
[138.471s][info][gc,phases,start] GC(706) Summary Phase
[138.471s][info][gc,phases      ] GC(706) Summary Phase 0.022ms
[138.471s][info][gc,phases,start] GC(706) Adjust Roots
[138.471s][info][gc,phases      ] GC(706) Adjust Roots 0.201ms
[138.471s][info][gc,phases,start] GC(706) Compaction Phase
[138.526s][info][gc,phases      ] GC(706) Compaction Phase 54.435ms
[138.526s][info][gc,phases,start] GC(706) Post Compact
[138.527s][info][gc,phases      ] GC(706) Post Compact 1.636ms
[138.527s][info][gc,heap        ] GC(706) PSYoungGen: 23532K(78848K)->23532K(78848K) Eden: 22015K(22016K)->22015K(22016K) From: 1516K(56832K)->1516K(56832K)
[138.528s][info][gc,heap        ] GC(706) ParOldGen: 341384K(341504K)->341384K(341504K)
[138.528s][info][gc,metaspace   ] GC(706) Metaspace: 6302K(6528K)->6302K(6528K) NonClass: 5769K(5888K)->5769K(5888K) Class: 533K(640K)->533K(640K)
[138.528s][info][gc             ] GC(706) Pause Full (Ergonomics) 356M->356M(410M) 201.246ms
[138.528s][info][gc,cpu         ] GC(706) User=0.36s Sys=0.00s Real=0.20s
[138.528s][info][gc,start       ] GC(707) Pause Full (Ergonomics)
[138.528s][info][gc,phases,start] GC(707) Marking Phase
[138.672s][info][gc,phases      ] GC(707) Marking Phase 143.882ms
[138.672s][info][gc,phases,start] GC(707) Summary Phase
[138.672s][info][gc,phases      ] GC(707) Summary Phase 0.023ms
[138.672s][info][gc,phases,start] GC(707) Adjust Roots
[138.672s][info][gc,phases      ] GC(707) Adjust Roots 0.192ms
[138.672s][info][gc,phases,start] GC(707) Compaction Phase
[138.727s][info][gc,phases      ] GC(707) Compaction Phase 55.344ms
[138.727s][info][gc,phases,start] GC(707) Post Compact
[138.729s][info][gc,phases      ] GC(707) Post Compact 1.560ms
[138.729s][info][gc,heap        ] GC(707) PSYoungGen: 23532K(78848K)->23532K(78848K) Eden: 22015K(22016K)->22015K(22016K) From: 1516K(56832K)->1516K(56832K)
[138.729s][info][gc,heap        ] GC(707) ParOldGen: 341389K(341504K)->341389K(341504K)
[138.729s][info][gc,metaspace   ] GC(707) Metaspace: 6302K(6528K)->6302K(6528K) NonClass: 5769K(5888K)->5769K(5888K) Class: 533K(640K)->533K(640K)
[138.729s][info][gc             ] GC(707) Pause Full (Ergonomics) 356M->356M(410M) 201.349ms
[138.729s][info][gc,cpu         ] GC(707) User=0.31s Sys=0.00s Real=0.20s
[138.729s][info][gc,start       ] GC(708) Pause Full (Ergonomics)
[138.729s][info][gc,phases,start] GC(708) Marking Phase
[138.874s][info][gc,phases      ] GC(708) Marking Phase 144.599ms
[138.874s][info][gc,phases,start] GC(708) Summary Phase
[138.874s][info][gc,phases      ] GC(708) Summary Phase 0.022ms
[138.874s][info][gc,phases,start] GC(708) Adjust Roots
[138.874s][info][gc,phases      ] GC(708) Adjust Roots 0.205ms
[138.874s][info][gc,phases,start] GC(708) Compaction Phase
[138.929s][info][gc,phases      ] GC(708) Compaction Phase 55.065ms
[138.929s][info][gc,phases,start] GC(708) Post Compact
[138.931s][info][gc,phases      ] GC(708) Post Compact 1.493ms
[138.931s][info][gc,heap        ] GC(708) PSYoungGen: 23532K(78848K)->23532K(78848K) Eden: 22015K(22016K)->22015K(22016K) From: 1516K(56832K)->1516K(56832K)
[138.931s][info][gc,heap        ] GC(708) ParOldGen: 341393K(341504K)->341393K(341504K)
[138.931s][info][gc,metaspace   ] GC(708) Metaspace: 6302K(6528K)->6302K(6528K) NonClass: 5769K(5888K)->5769K(5888K) Class: 533K(640K)->533K(640K)
[138.931s][info][gc             ] GC(708) Pause Full (Ergonomics) 356M->356M(410M) 201.711ms
[138.931s][info][gc,cpu         ] GC(708) User=0.39s Sys=0.00s Real=0.20s
[138.931s][info][gc,start       ] GC(709) Pause Full (Ergonomics)
[138.931s][info][gc,phases,start] GC(709) Marking Phase
[139.077s][info][gc,phases      ] GC(709) Marking Phase 145.579ms
[139.077s][info][gc,phases,start] GC(709) Summary Phase
[139.077s][info][gc,phases      ] GC(709) Summary Phase 0.022ms
[139.077s][info][gc,phases,start] GC(709) Adjust Roots
[139.077s][info][gc,phases      ] GC(709) Adjust Roots 0.205ms
[139.077s][info][gc,phases,start] GC(709) Compaction Phase
[139.132s][info][gc,phases      ] GC(709) Compaction Phase 54.970ms
[139.132s][info][gc,phases,start] GC(709) Post Compact
[139.134s][info][gc,phases      ] GC(709) Post Compact 1.475ms
[139.134s][info][gc,heap        ] GC(709) PSYoungGen: 23532K(78848K)->23532K(78848K) Eden: 22015K(22016K)->22015K(22016K) From: 1516K(56832K)->1516K(56832K)
[139.134s][info][gc,heap        ] GC(709) ParOldGen: 341398K(341504K)->341398K(341504K)
[139.134s][info][gc,metaspace   ] GC(709) Metaspace: 6302K(6528K)->6302K(6528K) NonClass: 5769K(5888K)->5769K(5888K) Class: 533K(640K)->533K(640K)
[139.134s][info][gc             ] GC(709) Pause Full (Ergonomics) 356M->356M(410M) 202.627ms
[139.134s][info][gc,cpu         ] GC(709) User=0.39s Sys=0.00s Real=0.20s
[139.134s][info][gc,start       ] GC(710) Pause Full (Ergonomics)
[139.134s][info][gc,phases,start] GC(710) Marking Phase
[139.280s][info][gc,phases      ] GC(710) Marking Phase 145.399ms
[139.280s][info][gc,phases,start] GC(710) Summary Phase
[139.280s][info][gc,phases      ] GC(710) Summary Phase 0.016ms
[139.280s][info][gc,phases,start] GC(710) Adjust Roots
[139.280s][info][gc,phases      ] GC(710) Adjust Roots 0.235ms
[139.280s][info][gc,phases,start] GC(710) Compaction Phase
[139.336s][info][gc,phases      ] GC(710) Compaction Phase 55.847ms
[139.336s][info][gc,phases,start] GC(710) Post Compact
[139.338s][info][gc,phases      ] GC(710) Post Compact 1.648ms
[139.338s][info][gc,heap        ] GC(710) PSYoungGen: 23532K(78848K)->23532K(78848K) Eden: 22015K(22016K)->22015K(22016K) From: 1516K(56832K)->1516K(56832K)
[139.338s][info][gc,heap        ] GC(710) ParOldGen: 341403K(341504K)->341403K(341504K)
[139.338s][info][gc,metaspace   ] GC(710) Metaspace: 6302K(6528K)->6302K(6528K) NonClass: 5769K(5888K)->5769K(5888K) Class: 533K(640K)->533K(640K)
[139.338s][info][gc             ] GC(710) Pause Full (Ergonomics) 356M->356M(410M) 203.457ms
[139.338s][info][gc,cpu         ] GC(710) User=0.39s Sys=0.00s Real=0.20s
[139.338s][info][gc,start       ] GC(711) Pause Full (Ergonomics)
[139.338s][info][gc,phases,start] GC(711) Marking Phase
[139.482s][info][gc,phases      ] GC(711) Marking Phase 143.992ms
[139.482s][info][gc,phases,start] GC(711) Summary Phase
[139.482s][info][gc,phases      ] GC(711) Summary Phase 0.022ms
[139.482s][info][gc,phases,start] GC(711) Adjust Roots
[139.482s][info][gc,phases      ] GC(711) Adjust Roots 0.204ms
[139.482s][info][gc,phases,start] GC(711) Compaction Phase
[139.537s][info][gc,phases      ] GC(711) Compaction Phase 54.698ms
[139.537s][info][gc,phases,start] GC(711) Post Compact
[139.539s][info][gc,phases      ] GC(711) Post Compact 1.495ms
[139.539s][info][gc,heap        ] GC(711) PSYoungGen: 23532K(78848K)->23532K(78848K) Eden: 22015K(22016K)->22015K(22016K) From: 1516K(56832K)->1516K(56832K)
[139.539s][info][gc,heap        ] GC(711) ParOldGen: 341407K(341504K)->341407K(341504K)
[139.539s][info][gc,metaspace   ] GC(711) Metaspace: 6302K(6528K)->6302K(6528K) NonClass: 5769K(5888K)->5769K(5888K) Class: 533K(640K)->533K(640K)
[139.539s][info][gc             ] GC(711) Pause Full (Ergonomics) 356M->356M(410M) 200.784ms
[139.539s][info][gc,cpu         ] GC(711) User=0.36s Sys=0.00s Real=0.20s
[139.539s][info][gc,start       ] GC(712) Pause Full (Ergonomics)
[139.539s][info][gc,phases,start] GC(712) Marking Phase
[139.683s][info][gc,phases      ] GC(712) Marking Phase 144.188ms
[139.683s][info][gc,phases,start] GC(712) Summary Phase
[139.683s][info][gc,phases      ] GC(712) Summary Phase 0.023ms
[139.683s][info][gc,phases,start] GC(712) Adjust Roots
[139.684s][info][gc,phases      ] GC(712) Adjust Roots 0.205ms
[139.684s][info][gc,phases,start] GC(712) Compaction Phase
[139.739s][info][gc,phases      ] GC(712) Compaction Phase 55.034ms
[139.739s][info][gc,phases,start] GC(712) Post Compact
[139.740s][info][gc,phases      ] GC(712) Post Compact 1.490ms
[139.740s][info][gc,heap        ] GC(712) PSYoungGen: 23532K(78848K)->23532K(78848K) Eden: 22015K(22016K)->22015K(22016K) From: 1516K(56832K)->1516K(56832K)
[139.740s][info][gc,heap        ] GC(712) ParOldGen: 341412K(341504K)->341412K(341504K)
[139.740s][info][gc,metaspace   ] GC(712) Metaspace: 6302K(6528K)->6302K(6528K) NonClass: 5769K(5888K)->5769K(5888K) Class: 533K(640K)->533K(640K)
[139.740s][info][gc             ] GC(712) Pause Full (Ergonomics) 356M->356M(410M) 201.274ms
[139.740s][info][gc,cpu         ] GC(712) User=0.36s Sys=0.02s Real=0.20s
[139.741s][info][gc,start       ] GC(713) Pause Full (Ergonomics)
[139.741s][info][gc,phases,start] GC(713) Marking Phase
[139.886s][info][gc,phases      ] GC(713) Marking Phase 144.954ms
[139.886s][info][gc,phases,start] GC(713) Summary Phase
[139.886s][info][gc,phases      ] GC(713) Summary Phase 0.023ms
[139.886s][info][gc,phases,start] GC(713) Adjust Roots
[139.886s][info][gc,phases      ] GC(713) Adjust Roots 0.185ms
[139.886s][info][gc,phases,start] GC(713) Compaction Phase
[139.941s][info][gc,phases      ] GC(713) Compaction Phase 54.790ms
[139.941s][info][gc,phases,start] GC(713) Post Compact
[139.942s][info][gc,phases      ] GC(713) Post Compact 1.579ms
[139.942s][info][gc,heap        ] GC(713) PSYoungGen: 23532K(78848K)->23532K(78848K) Eden: 22015K(22016K)->22015K(22016K) From: 1516K(56832K)->1516K(56832K)
[139.942s][info][gc,heap        ] GC(713) ParOldGen: 341417K(341504K)->341417K(341504K)
[139.942s][info][gc,metaspace   ] GC(713) Metaspace: 6302K(6528K)->6302K(6528K) NonClass: 5769K(5888K)->5769K(5888K) Class: 533K(640K)->533K(640K)
[139.942s][info][gc             ] GC(713) Pause Full (Ergonomics) 356M->356M(410M) 201.857ms
[139.942s][info][gc,cpu         ] GC(713) User=0.36s Sys=0.00s Real=0.20s
[139.943s][info][gc,start       ] GC(714) Pause Full (Ergonomics)
[139.943s][info][gc,phases,start] GC(714) Marking Phase
[140.088s][info][gc,phases      ] GC(714) Marking Phase 145.527ms
[140.088s][info][gc,phases,start] GC(714) Summary Phase
[140.088s][info][gc,phases      ] GC(714) Summary Phase 0.023ms
[140.088s][info][gc,phases,start] GC(714) Adjust Roots
[140.089s][info][gc,phases      ] GC(714) Adjust Roots 0.212ms
[140.089s][info][gc,phases,start] GC(714) Compaction Phase
[140.143s][info][gc,phases      ] GC(714) Compaction Phase 54.476ms
[140.143s][info][gc,phases,start] GC(714) Post Compact
[140.145s][info][gc,phases      ] GC(714) Post Compact 1.492ms
[140.145s][info][gc,heap        ] GC(714) PSYoungGen: 23532K(78848K)->23532K(78848K) Eden: 22015K(22016K)->22015K(22016K) From: 1516K(56832K)->1516K(56832K)
[140.145s][info][gc,heap        ] GC(714) ParOldGen: 341421K(341504K)->341421K(341504K)
[140.145s][info][gc,metaspace   ] GC(714) Metaspace: 6302K(6528K)->6302K(6528K) NonClass: 5769K(5888K)->5769K(5888K) Class: 533K(640K)->533K(640K)
[140.145s][info][gc             ] GC(714) Pause Full (Ergonomics) 356M->356M(410M) 202.063ms
[140.145s][info][gc,cpu         ] GC(714) User=0.36s Sys=0.00s Real=0.20s
[140.145s][info][gc,start       ] GC(715) Pause Full (Ergonomics)
[140.145s][info][gc,phases,start] GC(715) Marking Phase
[140.289s][info][gc,phases      ] GC(715) Marking Phase 144.010ms
[140.289s][info][gc,phases,start] GC(715) Summary Phase
[140.289s][info][gc,phases      ] GC(715) Summary Phase 0.022ms
[140.289s][info][gc,phases,start] GC(715) Adjust Roots
[140.289s][info][gc,phases      ] GC(715) Adjust Roots 0.212ms
[140.289s][info][gc,phases,start] GC(715) Compaction Phase
[140.344s][info][gc,phases      ] GC(715) Compaction Phase 54.572ms
[140.344s][info][gc,phases,start] GC(715) Post Compact
[140.346s][info][gc,phases      ] GC(715) Post Compact 1.638ms
[140.346s][info][gc,heap        ] GC(715) PSYoungGen: 23532K(78848K)->23532K(78848K) Eden: 22015K(22016K)->22015K(22016K) From: 1516K(56832K)->1516K(56832K)
[140.346s][info][gc,heap        ] GC(715) ParOldGen: 341426K(341504K)->341426K(341504K)
[140.346s][info][gc,metaspace   ] GC(715) Metaspace: 6302K(6528K)->6302K(6528K) NonClass: 5769K(5888K)->5769K(5888K) Class: 533K(640K)->533K(640K)
[140.346s][info][gc             ] GC(715) Pause Full (Ergonomics) 356M->356M(410M) 200.814ms
[140.346s][info][gc,cpu         ] GC(715) User=0.33s Sys=0.00s Real=0.20s
[140.346s][info][gc,start       ] GC(716) Pause Full (Ergonomics)
[140.346s][info][gc,phases,start] GC(716) Marking Phase
[140.490s][info][gc,phases      ] GC(716) Marking Phase 144.015ms
[140.490s][info][gc,phases,start] GC(716) Summary Phase
[140.490s][info][gc,phases      ] GC(716) Summary Phase 0.023ms
[140.490s][info][gc,phases,start] GC(716) Adjust Roots
[140.490s][info][gc,phases      ] GC(716) Adjust Roots 0.186ms
[140.490s][info][gc,phases,start] GC(716) Compaction Phase
[140.546s][info][gc,phases      ] GC(716) Compaction Phase 55.175ms
[140.546s][info][gc,phases,start] GC(716) Post Compact
[140.547s][info][gc,phases      ] GC(716) Post Compact 1.494ms
[140.547s][info][gc,heap        ] GC(716) PSYoungGen: 23532K(78848K)->23532K(78848K) Eden: 22015K(22016K)->22015K(22016K) From: 1516K(56832K)->1516K(56832K)
[140.547s][info][gc,heap        ] GC(716) ParOldGen: 341431K(341504K)->341431K(341504K)
[140.547s][info][gc,metaspace   ] GC(716) Metaspace: 6302K(6528K)->6302K(6528K) NonClass: 5769K(5888K)->5769K(5888K) Class: 533K(640K)->533K(640K)
[140.547s][info][gc             ] GC(716) Pause Full (Ergonomics) 356M->356M(410M) 201.224ms
[140.547s][info][gc,cpu         ] GC(716) User=0.33s Sys=0.00s Real=0.20s
[140.548s][info][gc,start       ] GC(717) Pause Full (Ergonomics)
[140.548s][info][gc,phases,start] GC(717) Marking Phase
[140.692s][info][gc,phases      ] GC(717) Marking Phase 144.227ms
[140.692s][info][gc,phases,start] GC(717) Summary Phase
[140.692s][info][gc,phases      ] GC(717) Summary Phase 0.073ms
[140.692s][info][gc,phases,start] GC(717) Adjust Roots
[140.692s][info][gc,phases      ] GC(717) Adjust Roots 0.205ms
[140.692s][info][gc,phases,start] GC(717) Compaction Phase
[140.747s][info][gc,phases      ] GC(717) Compaction Phase 55.016ms
[140.747s][info][gc,phases,start] GC(717) Post Compact
[140.749s][info][gc,phases      ] GC(717) Post Compact 1.496ms
[140.749s][info][gc,heap        ] GC(717) PSYoungGen: 23532K(78848K)->23532K(78848K) Eden: 22015K(22016K)->22015K(22016K) From: 1516K(56832K)->1516K(56832K)
[140.749s][info][gc,heap        ] GC(717) ParOldGen: 341435K(341504K)->341435K(341504K)
[140.749s][info][gc,metaspace   ] GC(717) Metaspace: 6302K(6528K)->6302K(6528K) NonClass: 5769K(5888K)->5769K(5888K) Class: 533K(640K)->533K(640K)
[140.749s][info][gc             ] GC(717) Pause Full (Ergonomics) 356M->356M(410M) 201.368ms
[140.749s][info][gc,cpu         ] GC(717) User=0.33s Sys=0.00s Real=0.20s
[140.749s][info][gc,start       ] GC(718) Pause Full (Ergonomics)
[140.749s][info][gc,phases,start] GC(718) Marking Phase
[140.894s][info][gc,phases      ] GC(718) Marking Phase 144.909ms
[140.894s][info][gc,phases,start] GC(718) Summary Phase
[140.894s][info][gc,phases      ] GC(718) Summary Phase 0.023ms
[140.894s][info][gc,phases,start] GC(718) Adjust Roots
[140.894s][info][gc,phases      ] GC(718) Adjust Roots 0.203ms
[140.894s][info][gc,phases,start] GC(718) Compaction Phase
[140.949s][info][gc,phases      ] GC(718) Compaction Phase 54.831ms
[140.949s][info][gc,phases,start] GC(718) Post Compact
[140.951s][info][gc,phases      ] GC(718) Post Compact 1.488ms
[140.951s][info][gc,heap        ] GC(718) PSYoungGen: 23532K(78848K)->23532K(78848K) Eden: 22015K(22016K)->22015K(22016K) From: 1516K(56832K)->1516K(56832K)
[140.951s][info][gc,heap        ] GC(718) ParOldGen: 341440K(341504K)->341440K(341504K)
[140.951s][info][gc,metaspace   ] GC(718) Metaspace: 6302K(6528K)->6302K(6528K) NonClass: 5769K(5888K)->5769K(5888K) Class: 533K(640K)->533K(640K)
[140.951s][info][gc             ] GC(718) Pause Full (Ergonomics) 356M->356M(410M) 201.779ms
[140.951s][info][gc,cpu         ] GC(718) User=0.36s Sys=0.00s Real=0.20s
[140.951s][info][gc,start       ] GC(719) Pause Full (Ergonomics)
[140.951s][info][gc,phases,start] GC(719) Marking Phase
[141.095s][info][gc,phases      ] GC(719) Marking Phase 144.080ms
[141.095s][info][gc,phases,start] GC(719) Summary Phase
[141.095s][info][gc,phases      ] GC(719) Summary Phase 0.023ms
[141.095s][info][gc,phases,start] GC(719) Adjust Roots
[141.096s][info][gc,phases      ] GC(719) Adjust Roots 0.187ms
[141.096s][info][gc,phases,start] GC(719) Compaction Phase
[141.151s][info][gc,phases      ] GC(719) Compaction Phase 54.944ms
[141.151s][info][gc,phases,start] GC(719) Post Compact
[141.152s][info][gc,phases      ] GC(719) Post Compact 1.501ms
[141.152s][info][gc,heap        ] GC(719) PSYoungGen: 23532K(78848K)->23532K(78848K) Eden: 22015K(22016K)->22015K(22016K) From: 1516K(56832K)->1516K(56832K)
[141.152s][info][gc,heap        ] GC(719) ParOldGen: 341445K(341504K)->341445K(341504K)
[141.152s][info][gc,metaspace   ] GC(719) Metaspace: 6302K(6528K)->6302K(6528K) NonClass: 5769K(5888K)->5769K(5888K) Class: 533K(640K)->533K(640K)
[141.152s][info][gc             ] GC(719) Pause Full (Ergonomics) 356M->356M(410M) 201.070ms
[141.152s][info][gc,cpu         ] GC(719) User=0.31s Sys=0.00s Real=0.20s
[141.153s][info][gc,start       ] GC(720) Pause Full (Ergonomics)
[141.153s][info][gc,phases,start] GC(720) Marking Phase
[141.297s][info][gc,phases      ] GC(720) Marking Phase 144.494ms
[141.297s][info][gc,phases,start] GC(720) Summary Phase
[141.297s][info][gc,phases      ] GC(720) Summary Phase 0.023ms
[141.297s][info][gc,phases,start] GC(720) Adjust Roots
[141.297s][info][gc,phases      ] GC(720) Adjust Roots 0.211ms
[141.297s][info][gc,phases,start] GC(720) Compaction Phase
[141.353s][info][gc,phases      ] GC(720) Compaction Phase 55.280ms
[141.353s][info][gc,phases,start] GC(720) Post Compact
[141.354s][info][gc,phases      ] GC(720) Post Compact 1.665ms
[141.355s][info][gc,heap        ] GC(720) PSYoungGen: 23532K(78848K)->23532K(78848K) Eden: 22015K(22016K)->22015K(22016K) From: 1516K(56832K)->1516K(56832K)
[141.355s][info][gc,heap        ] GC(720) ParOldGen: 341449K(341504K)->341449K(341504K)
[141.355s][info][gc,metaspace   ] GC(720) Metaspace: 6302K(6528K)->6302K(6528K) NonClass: 5769K(5888K)->5769K(5888K) Class: 533K(640K)->533K(640K)
[141.355s][info][gc             ] GC(720) Pause Full (Ergonomics) 356M->356M(410M) 202.012ms
[141.355s][info][gc,cpu         ] GC(720) User=0.34s Sys=0.00s Real=0.20s
[141.355s][info][gc,start       ] GC(721) Pause Full (Ergonomics)
[141.355s][info][gc,phases,start] GC(721) Marking Phase
[141.502s][info][gc,phases      ] GC(721) Marking Phase 146.844ms
[141.502s][info][gc,phases,start] GC(721) Summary Phase
[141.502s][info][gc,phases      ] GC(721) Summary Phase 0.018ms
[141.502s][info][gc,phases,start] GC(721) Adjust Roots
[141.502s][info][gc,phases      ] GC(721) Adjust Roots 0.210ms
[141.502s][info][gc,phases,start] GC(721) Compaction Phase
[141.559s][info][gc,phases      ] GC(721) Compaction Phase 56.758ms
[141.559s][info][gc,phases,start] GC(721) Post Compact
[141.560s][info][gc,phases      ] GC(721) Post Compact 1.494ms
[141.560s][info][gc,heap        ] GC(721) PSYoungGen: 23532K(78848K)->23532K(78848K) Eden: 22015K(22016K)->22015K(22016K) From: 1516K(56832K)->1516K(56832K)
[141.560s][info][gc,heap        ] GC(721) ParOldGen: 341454K(341504K)->341454K(341504K)
[141.560s][info][gc,metaspace   ] GC(721) Metaspace: 6302K(6528K)->6302K(6528K) NonClass: 5769K(5888K)->5769K(5888K) Class: 533K(640K)->533K(640K)
[141.560s][info][gc             ] GC(721) Pause Full (Ergonomics) 356M->356M(410M) 205.645ms
[141.560s][info][gc,cpu         ] GC(721) User=0.38s Sys=0.00s Real=0.21s
[141.561s][info][gc,start       ] GC(722) Pause Full (Ergonomics)
[141.561s][info][gc,phases,start] GC(722) Marking Phase
[141.706s][info][gc,phases      ] GC(722) Marking Phase 145.124ms
[141.706s][info][gc,phases,start] GC(722) Summary Phase
[141.706s][info][gc,phases      ] GC(722) Summary Phase 0.022ms
[141.706s][info][gc,phases,start] GC(722) Adjust Roots
[141.706s][info][gc,phases      ] GC(722) Adjust Roots 0.187ms
[141.706s][info][gc,phases,start] GC(722) Compaction Phase
[141.761s][info][gc,phases      ] GC(722) Compaction Phase 54.564ms
[141.761s][info][gc,phases,start] GC(722) Post Compact
[141.762s][info][gc,phases      ] GC(722) Post Compact 1.509ms
[141.762s][info][gc,heap        ] GC(722) PSYoungGen: 23532K(78848K)->23532K(78848K) Eden: 22015K(22016K)->22015K(22016K) From: 1516K(56832K)->1516K(56832K)
[141.762s][info][gc,heap        ] GC(722) ParOldGen: 341459K(341504K)->341459K(341504K)
[141.762s][info][gc,metaspace   ] GC(722) Metaspace: 6302K(6528K)->6302K(6528K) NonClass: 5769K(5888K)->5769K(5888K) Class: 533K(640K)->533K(640K)
[141.762s][info][gc             ] GC(722) Pause Full (Ergonomics) 356M->356M(410M) 201.732ms
[141.762s][info][gc,cpu         ] GC(722) User=0.34s Sys=0.00s Real=0.20s
[141.763s][info][gc,start       ] GC(723) Pause Full (Ergonomics)
[141.763s][info][gc,phases,start] GC(723) Marking Phase
[141.908s][info][gc,phases      ] GC(723) Marking Phase 145.229ms
[141.908s][info][gc,phases,start] GC(723) Summary Phase
[141.908s][info][gc,phases      ] GC(723) Summary Phase 0.022ms
[141.908s][info][gc,phases,start] GC(723) Adjust Roots
[141.908s][info][gc,phases      ] GC(723) Adjust Roots 0.217ms
[141.908s][info][gc,phases,start] GC(723) Compaction Phase
[141.963s][info][gc,phases      ] GC(723) Compaction Phase 54.713ms
[141.963s][info][gc,phases,start] GC(723) Post Compact
[141.965s][info][gc,phases      ] GC(723) Post Compact 1.505ms
[141.965s][info][gc,heap        ] GC(723) PSYoungGen: 23532K(78848K)->23532K(78848K) Eden: 22015K(22016K)->22015K(22016K) From: 1516K(56832K)->1516K(56832K)
[141.965s][info][gc,heap        ] GC(723) ParOldGen: 341463K(341504K)->341463K(341504K)
[141.965s][info][gc,metaspace   ] GC(723) Metaspace: 6302K(6528K)->6302K(6528K) NonClass: 5769K(5888K)->5769K(5888K) Class: 533K(640K)->533K(640K)
[141.965s][info][gc             ] GC(723) Pause Full (Ergonomics) 356M->356M(410M) 202.011ms
[141.965s][info][gc,cpu         ] GC(723) User=0.34s Sys=0.00s Real=0.20s
[141.965s][info][gc,start       ] GC(724) Pause Full (Ergonomics)
[141.965s][info][gc,phases,start] GC(724) Marking Phase
[142.110s][info][gc,phases      ] GC(724) Marking Phase 145.366ms
[142.110s][info][gc,phases,start] GC(724) Summary Phase
[142.110s][info][gc,phases      ] GC(724) Summary Phase 0.028ms
[142.111s][info][gc,phases,start] GC(724) Adjust Roots
[142.111s][info][gc,phases      ] GC(724) Adjust Roots 0.206ms
[142.111s][info][gc,phases,start] GC(724) Compaction Phase
[142.166s][info][gc,phases      ] GC(724) Compaction Phase 55.035ms
[142.166s][info][gc,phases,start] GC(724) Post Compact
[142.167s][info][gc,phases      ] GC(724) Post Compact 1.488ms
[142.167s][info][gc,heap        ] GC(724) PSYoungGen: 23532K(78848K)->23532K(78848K) Eden: 22015K(22016K)->22015K(22016K) From: 1516K(56832K)->1516K(56832K)
[142.167s][info][gc,heap        ] GC(724) ParOldGen: 341468K(341504K)->341468K(341504K)
[142.167s][info][gc,metaspace   ] GC(724) Metaspace: 6302K(6528K)->6302K(6528K) NonClass: 5769K(5888K)->5769K(5888K) Class: 533K(640K)->533K(640K)
[142.167s][info][gc             ] GC(724) Pause Full (Ergonomics) 356M->356M(410M) 202.479ms
[142.168s][info][gc,cpu         ] GC(724) User=0.38s Sys=0.00s Real=0.20s
[142.168s][info][gc,start       ] GC(725) Pause Full (Ergonomics)
[142.168s][info][gc,phases,start] GC(725) Marking Phase
[142.313s][info][gc,phases      ] GC(725) Marking Phase 145.004ms
[142.313s][info][gc,phases,start] GC(725) Summary Phase
[142.313s][info][gc,phases      ] GC(725) Summary Phase 0.022ms
[142.313s][info][gc,phases,start] GC(725) Adjust Roots
[142.313s][info][gc,phases      ] GC(725) Adjust Roots 0.189ms
[142.313s][info][gc,phases,start] GC(725) Compaction Phase
[142.368s][info][gc,phases      ] GC(725) Compaction Phase 54.787ms
[142.368s][info][gc,phases,start] GC(725) Post Compact
[142.369s][info][gc,phases      ] GC(725) Post Compact 1.512ms
[142.370s][info][gc,heap        ] GC(725) PSYoungGen: 23532K(78848K)->23532K(78848K) Eden: 22015K(22016K)->22015K(22016K) From: 1516K(56832K)->1516K(56832K)
[142.370s][info][gc,heap        ] GC(725) ParOldGen: 341473K(341504K)->341473K(341504K)
[142.370s][info][gc,metaspace   ] GC(725) Metaspace: 6302K(6528K)->6302K(6528K) NonClass: 5769K(5888K)->5769K(5888K) Class: 533K(640K)->533K(640K)
[142.370s][info][gc             ] GC(725) Pause Full (Ergonomics) 356M->356M(410M) 201.838ms
[142.370s][info][gc,cpu         ] GC(725) User=0.38s Sys=0.00s Real=0.20s
[142.370s][info][gc,start       ] GC(726) Pause Full (Ergonomics)
[142.370s][info][gc,phases,start] GC(726) Marking Phase
[142.515s][info][gc,phases      ] GC(726) Marking Phase 145.425ms
[142.515s][info][gc,phases,start] GC(726) Summary Phase
[142.515s][info][gc,phases      ] GC(726) Summary Phase 0.024ms
[142.515s][info][gc,phases,start] GC(726) Adjust Roots
[142.516s][info][gc,phases      ] GC(726) Adjust Roots 0.209ms
[142.516s][info][gc,phases,start] GC(726) Compaction Phase
[142.571s][info][gc,phases      ] GC(726) Compaction Phase 55.009ms
[142.571s][info][gc,phases,start] GC(726) Post Compact
[142.572s][info][gc,phases      ] GC(726) Post Compact 1.493ms
[142.572s][info][gc,heap        ] GC(726) PSYoungGen: 23532K(78848K)->23532K(78848K) Eden: 22015K(22016K)->22015K(22016K) From: 1516K(56832K)->1516K(56832K)
[142.572s][info][gc,heap        ] GC(726) ParOldGen: 341477K(341504K)->341477K(341504K)
[142.572s][info][gc,metaspace   ] GC(726) Metaspace: 6302K(6528K)->6302K(6528K) NonClass: 5769K(5888K)->5769K(5888K) Class: 533K(640K)->533K(640K)
[142.572s][info][gc             ] GC(726) Pause Full (Ergonomics) 356M->356M(410M) 202.516ms
[142.572s][info][gc,cpu         ] GC(726) User=0.38s Sys=0.00s Real=0.20s
[142.573s][info][gc,start       ] GC(727) Pause Full (Ergonomics)
[142.573s][info][gc,phases,start] GC(727) Marking Phase
[142.720s][info][gc,phases      ] GC(727) Marking Phase 147.247ms
[142.720s][info][gc,phases,start] GC(727) Summary Phase
[142.720s][info][gc,phases      ] GC(727) Summary Phase 0.022ms
[142.720s][info][gc,phases,start] GC(727) Adjust Roots
[142.720s][info][gc,phases      ] GC(727) Adjust Roots 0.212ms
[142.720s][info][gc,phases,start] GC(727) Compaction Phase
[142.776s][info][gc,phases      ] GC(727) Compaction Phase 55.678ms
[142.776s][info][gc,phases,start] GC(727) Post Compact
[142.778s][info][gc,phases      ] GC(727) Post Compact 1.535ms
[142.778s][info][gc,heap        ] GC(727) PSYoungGen: 23532K(78848K)->23532K(78848K) Eden: 22015K(22016K)->22015K(22016K) From: 1516K(56832K)->1516K(56832K)
[142.778s][info][gc,heap        ] GC(727) ParOldGen: 341482K(341504K)->341482K(341504K)
[142.778s][info][gc,metaspace   ] GC(727) Metaspace: 6302K(6528K)->6302K(6528K) NonClass: 5769K(5888K)->5769K(5888K) Class: 533K(640K)->533K(640K)
[142.778s][info][gc             ] GC(727) Pause Full (Ergonomics) 356M->356M(410M) 205.058ms
[142.778s][info][gc,cpu         ] GC(727) User=0.36s Sys=0.00s Real=0.20s
[142.778s][info][gc,start       ] GC(728) Pause Full (Ergonomics)
[142.778s][info][gc,phases,start] GC(728) Marking Phase
[142.923s][info][gc,phases      ] GC(728) Marking Phase 145.338ms
[142.923s][info][gc,phases,start] GC(728) Summary Phase
[142.923s][info][gc,phases      ] GC(728) Summary Phase 0.022ms
[142.923s][info][gc,phases,start] GC(728) Adjust Roots
[142.924s][info][gc,phases      ] GC(728) Adjust Roots 0.187ms
[142.924s][info][gc,phases,start] GC(728) Compaction Phase
[142.978s][info][gc,phases      ] GC(728) Compaction Phase 54.472ms
[142.978s][info][gc,phases,start] GC(728) Post Compact
[142.980s][info][gc,phases      ] GC(728) Post Compact 1.488ms
[142.980s][info][gc,heap        ] GC(728) PSYoungGen: 23532K(78848K)->23532K(78848K) Eden: 22015K(22016K)->22015K(22016K) From: 1516K(56832K)->1516K(56832K)
[142.980s][info][gc,heap        ] GC(728) ParOldGen: 341487K(341504K)->341487K(341504K)
[142.980s][info][gc,metaspace   ] GC(728) Metaspace: 6302K(6528K)->6302K(6528K) NonClass: 5769K(5888K)->5769K(5888K) Class: 533K(640K)->533K(640K)
[142.980s][info][gc             ] GC(728) Pause Full (Ergonomics) 356M->356M(410M) 201.833ms
[142.980s][info][gc,cpu         ] GC(728) User=0.34s Sys=0.00s Real=0.20s
[142.980s][info][gc,start       ] GC(729) Pause Full (Ergonomics)
[142.980s][info][gc,phases,start] GC(729) Marking Phase
[143.124s][info][gc,phases      ] GC(729) Marking Phase 143.929ms
[143.124s][info][gc,phases,start] GC(729) Summary Phase
[143.124s][info][gc,phases      ] GC(729) Summary Phase 0.022ms
[143.124s][info][gc,phases,start] GC(729) Adjust Roots
[143.124s][info][gc,phases      ] GC(729) Adjust Roots 0.212ms
[143.124s][info][gc,phases,start] GC(729) Compaction Phase
[143.179s][info][gc,phases      ] GC(729) Compaction Phase 54.828ms
[143.179s][info][gc,phases,start] GC(729) Post Compact
[143.181s][info][gc,phases      ] GC(729) Post Compact 1.474ms
[143.181s][info][gc,heap        ] GC(729) PSYoungGen: 23532K(78848K)->23532K(78848K) Eden: 22015K(22016K)->22015K(22016K) From: 1516K(56832K)->1516K(56832K)
[143.181s][info][gc,heap        ] GC(729) ParOldGen: 341491K(341504K)->341491K(341504K)
[143.181s][info][gc,metaspace   ] GC(729) Metaspace: 6302K(6528K)->6302K(6528K) NonClass: 5769K(5888K)->5769K(5888K) Class: 533K(640K)->533K(640K)
[143.181s][info][gc             ] GC(729) Pause Full (Ergonomics) 356M->356M(410M) 200.787ms
[143.181s][info][gc,cpu         ] GC(729) User=0.36s Sys=0.00s Real=0.20s
[143.181s][info][gc,start       ] GC(730) Pause Full (Ergonomics)
[143.181s][info][gc,phases,start] GC(730) Marking Phase
[143.326s][info][gc,phases      ] GC(730) Marking Phase 144.472ms
[143.326s][info][gc,phases,start] GC(730) Summary Phase
[143.326s][info][gc,phases      ] GC(730) Summary Phase 0.022ms
[143.326s][info][gc,phases,start] GC(730) Adjust Roots
[143.326s][info][gc,phases      ] GC(730) Adjust Roots 0.498ms
[143.326s][info][gc,phases,start] GC(730) Compaction Phase
[143.403s][info][gc,phases      ] GC(730) Compaction Phase 76.238ms
[143.403s][info][gc,phases,start] GC(730) Post Compact
[143.404s][info][gc,phases      ] GC(730) Post Compact 1.754ms
[143.405s][info][gc,heap        ] GC(730) PSYoungGen: 23532K(78848K)->23532K(78848K) Eden: 22015K(22016K)->22015K(22016K) From: 1516K(56832K)->1516K(56832K)
[143.405s][info][gc,heap        ] GC(730) ParOldGen: 341496K(341504K)->341492K(341504K)
[143.405s][info][gc,metaspace   ] GC(730) Metaspace: 6302K(6528K)->6301K(6528K) NonClass: 5769K(5888K)->5768K(5888K) Class: 533K(640K)->532K(640K)
[143.405s][info][gc             ] GC(730) Pause Full (Ergonomics) 356M->356M(410M) 223.339ms
[143.405s][info][gc,cpu         ] GC(730) User=0.41s Sys=0.00s Real=0.22s
[143.405s][info][gc,start       ] GC(731) Pause Full (Ergonomics)
[143.405s][info][gc,phases,start] GC(731) Marking Phase
[143.550s][info][gc,phases      ] GC(731) Marking Phase 144.712ms
[143.550s][info][gc,phases,start] GC(731) Summary Phase
[143.550s][info][gc,phases      ] GC(731) Summary Phase 0.022ms
[143.550s][info][gc,phases,start] GC(731) Adjust Roots
[143.550s][info][gc,phases      ] GC(731) Adjust Roots 0.280ms
[143.550s][info][gc,phases,start] GC(731) Compaction Phase
[143.627s][info][gc,phases      ] GC(731) Compaction Phase 76.738ms
[143.627s][info][gc,phases,start] GC(731) Post Compact
[143.629s][info][gc,phases      ] GC(731) Post Compact 1.694ms
[143.629s][info][gc,heap        ] GC(731) PSYoungGen: 23532K(78848K)->23532K(78848K) Eden: 22015K(22016K)->22015K(22016K) From: 1516K(56832K)->1516K(56832K)
[143.629s][info][gc,heap        ] GC(731) ParOldGen: 341497K(341504K)->341496K(341504K)
[143.629s][info][gc,metaspace   ] GC(731) Metaspace: 6301K(6528K)->6301K(6528K) NonClass: 5768K(5888K)->5768K(5888K) Class: 532K(640K)->532K(640K)
[143.629s][info][gc             ] GC(731) Pause Full (Ergonomics) 356M->356M(410M) 223.780ms
[143.629s][info][gc,cpu         ] GC(731) User=0.41s Sys=0.00s Real=0.22s
[143.629s][info][gc,start       ] GC(732) Pause Full (Ergonomics)
[143.629s][info][gc,phases,start] GC(732) Marking Phase
[143.773s][info][gc,phases      ] GC(732) Marking Phase 143.831ms
[143.773s][info][gc,phases,start] GC(732) Summary Phase
[143.773s][info][gc,phases      ] GC(732) Summary Phase 0.022ms
[143.773s][info][gc,phases,start] GC(732) Adjust Roots
[143.774s][info][gc,phases      ] GC(732) Adjust Roots 0.217ms
[143.774s][info][gc,phases,start] GC(732) Compaction Phase
[143.827s][info][gc,phases      ] GC(732) Compaction Phase 53.467ms
[143.827s][info][gc,phases,start] GC(732) Post Compact
[143.829s][info][gc,phases      ] GC(732) Post Compact 1.602ms
[143.829s][info][gc,heap        ] GC(732) PSYoungGen: 23532K(78848K)->23532K(78848K) Eden: 22015K(22016K)->22015K(22016K) From: 1516K(56832K)->1516K(56832K)
[143.829s][info][gc,heap        ] GC(732) ParOldGen: 341501K(341504K)->341501K(341504K)
[143.829s][info][gc,metaspace   ] GC(732) Metaspace: 6301K(6528K)->6301K(6528K) NonClass: 5768K(5888K)->5768K(5888K) Class: 532K(640K)->532K(640K)
[143.829s][info][gc             ] GC(732) Pause Full (Ergonomics) 356M->356M(410M) 199.483ms
[143.829s][info][gc,cpu         ] GC(732) User=0.31s Sys=0.00s Real=0.20s
[143.829s][info][gc,start       ] GC(733) Pause Full (Ergonomics)
[143.829s][info][gc,phases,start] GC(733) Marking Phase
[143.973s][info][gc,phases      ] GC(733) Marking Phase 143.295ms
[143.973s][info][gc,phases,start] GC(733) Summary Phase
[143.973s][info][gc,phases      ] GC(733) Summary Phase 0.022ms
[143.973s][info][gc,phases,start] GC(733) Adjust Roots
[143.973s][info][gc,phases      ] GC(733) Adjust Roots 0.210ms
[143.973s][info][gc,phases,start] GC(733) Compaction Phase
[144.027s][info][gc,phases      ] GC(733) Compaction Phase 53.647ms
[144.027s][info][gc,phases,start] GC(733) Post Compact
[144.028s][info][gc,phases      ] GC(733) Post Compact 1.500ms
[144.028s][info][gc,heap        ] GC(733) PSYoungGen: 23532K(78848K)->23532K(78848K) Eden: 22015K(22016K)->22015K(22016K) From: 1516K(56832K)->1516K(56832K)
[144.028s][info][gc,heap        ] GC(733) ParOldGen: 341503K(341504K)->341503K(341504K)
[144.028s][info][gc,metaspace   ] GC(733) Metaspace: 6301K(6528K)->6301K(6528K) NonClass: 5768K(5888K)->5768K(5888K) Class: 532K(640K)->532K(640K)
[144.028s][info][gc             ] GC(733) Pause Full (Ergonomics) 356M->356M(410M) 198.995ms
[144.028s][info][gc,cpu         ] GC(733) User=0.31s Sys=0.00s Real=0.20s
[144.028s][info][gc,start       ] GC(734) Pause Full (Allocation Failure)
[144.028s][info][gc,phases,start] GC(734) Marking Phase
[144.174s][info][gc,phases      ] GC(734) Marking Phase 145.540ms
[144.174s][info][gc,phases,start] GC(734) Summary Phase
[144.174s][info][gc,phases      ] GC(734) Summary Phase 0.022ms
[144.174s][info][gc,phases,start] GC(734) Adjust Roots
[144.174s][info][gc,phases      ] GC(734) Adjust Roots 0.210ms
[144.174s][info][gc,phases,start] GC(734) Compaction Phase
[144.228s][info][gc,phases      ] GC(734) Compaction Phase 53.748ms
[144.228s][info][gc,phases,start] GC(734) Post Compact
[144.230s][info][gc,phases      ] GC(734) Post Compact 1.494ms
[144.230s][info][gc,heap        ] GC(734) PSYoungGen: 23532K(78848K)->23532K(78848K) Eden: 22015K(22016K)->22015K(22016K) From: 1516K(56832K)->1516K(56832K)
[144.230s][info][gc,heap        ] GC(734) ParOldGen: 341503K(341504K)->341503K(341504K)
[144.230s][info][gc,metaspace   ] GC(734) Metaspace: 6301K(6528K)->6301K(6528K) NonClass: 5768K(5888K)->5768K(5888K) Class: 532K(640K)->532K(640K)
[144.230s][info][gc             ] GC(734) Pause Full (Allocation Failure) 356M->356M(410M) 201.345ms
[144.230s][info][gc,cpu         ] GC(734) User=0.34s Sys=0.00s Real=0.20s
[144.230s][info][gc,start       ] GC(735) Pause Full (Ergonomics)
[144.230s][info][gc,phases,start] GC(735) Marking Phase
[144.375s][info][gc,phases      ] GC(735) Marking Phase 145.250ms
[144.376s][info][gc,phases,start] GC(735) Summary Phase
[144.376s][info][gc,phases      ] GC(735) Summary Phase 0.023ms
[144.376s][info][gc,phases,start] GC(735) Adjust Roots
[144.376s][info][gc,phases      ] GC(735) Adjust Roots 0.262ms
[144.376s][info][gc,phases,start] GC(735) Compaction Phase
[144.453s][info][gc,phases      ] GC(735) Compaction Phase 76.937ms
[144.453s][info][gc,phases,start] GC(735) Post Compact
[144.455s][info][gc,phases      ] GC(735) Post Compact 1.719ms
[144.455s][info][gc,heap        ] GC(735) PSYoungGen: 23532K(78848K)->23532K(78848K) Eden: 22015K(22016K)->22015K(22016K) From: 1516K(56832K)->1516K(56832K)
[144.455s][info][gc,heap        ] GC(735) ParOldGen: 341503K(341504K)->341502K(341504K)
[144.455s][info][gc,metaspace   ] GC(735) Metaspace: 6301K(6528K)->6301K(6528K) NonClass: 5768K(5888K)->5768K(5888K) Class: 532K(640K)->532K(640K)
[144.455s][info][gc             ] GC(735) Pause Full (Ergonomics) 356M->356M(410M) 224.523ms
[144.455s][info][gc,cpu         ] GC(735) User=0.41s Sys=0.00s Real=0.22s
[144.456s][info][gc,start       ] GC(736) Pause Full (Ergonomics)
[144.456s][info][gc,phases,start] GC(736) Marking Phase
[144.600s][info][gc,phases      ] GC(736) Marking Phase 144.272ms
[144.600s][info][gc,phases,start] GC(736) Summary Phase
[144.600s][info][gc,phases      ] GC(736) Summary Phase 0.022ms
[144.600s][info][gc,phases,start] GC(736) Adjust Roots
[144.601s][info][gc,phases      ] GC(736) Adjust Roots 0.369ms
[144.601s][info][gc,phases,start] GC(736) Compaction Phase
[144.676s][info][gc,phases      ] GC(736) Compaction Phase 75.285ms
[144.676s][info][gc,phases,start] GC(736) Post Compact
[144.678s][info][gc,phases      ] GC(736) Post Compact 1.777ms
[144.678s][info][gc,heap        ] GC(736) PSYoungGen: 23532K(78848K)->23532K(78848K) Eden: 22016K(22016K)->22016K(22016K) From: 1516K(56832K)->1516K(56832K)
[144.678s][info][gc,heap        ] GC(736) ParOldGen: 341503K(341504K)->341500K(341504K)
[144.678s][info][gc,metaspace   ] GC(736) Metaspace: 6302K(6528K)->6302K(6528K) NonClass: 5768K(5888K)->5768K(5888K) Class: 533K(640K)->533K(640K)
[144.678s][info][gc             ] GC(736) Pause Full (Ergonomics) 356M->356M(410M) 222.083ms
[144.678s][info][gc,cpu         ] GC(736) User=0.38s Sys=0.00s Real=0.22s
[144.678s][info][gc,start       ] GC(737) Pause Full (Ergonomics)
[144.678s][info][gc,phases,start] GC(737) Marking Phase
[144.823s][info][gc,phases      ] GC(737) Marking Phase 144.516ms
[144.823s][info][gc,phases,start] GC(737) Summary Phase
[144.823s][info][gc,phases      ] GC(737) Summary Phase 0.022ms
[144.823s][info][gc,phases,start] GC(737) Adjust Roots
[144.823s][info][gc,phases      ] GC(737) Adjust Roots 0.249ms
[144.823s][info][gc,phases,start] GC(737) Compaction Phase
[144.877s][info][gc,phases      ] GC(737) Compaction Phase 53.571ms
[144.877s][info][gc,phases,start] GC(737) Post Compact
[144.878s][info][gc,phases      ] GC(737) Post Compact 1.509ms
[144.879s][info][gc,heap        ] GC(737) PSYoungGen: 23532K(78848K)->23532K(78848K) Eden: 22016K(22016K)->22016K(22016K) From: 1516K(56832K)->1516K(56832K)
[144.879s][info][gc,heap        ] GC(737) ParOldGen: 341500K(341504K)->341500K(341504K)
[144.879s][info][gc,metaspace   ] GC(737) Metaspace: 6302K(6528K)->6302K(6528K) NonClass: 5768K(5888K)->5768K(5888K) Class: 533K(640K)->533K(640K)
[144.879s][info][gc             ] GC(737) Pause Full (Ergonomics) 356M->356M(410M) 200.242ms
[144.879s][info][gc,cpu         ] GC(737) User=0.38s Sys=0.00s Real=0.20s
[144.879s][info][gc,heap,exit   ] Heap
[144.879s][info][gc,heap,exit   ]  PSYoungGen      total 78848K, used 23532K [0x00000000f5980000, 0x00000000fe100000, 0x0000000100000000)
[144.879s][info][gc,heap,exit   ]   eden space 22016K, 100% used [0x00000000f5980000,0x00000000f6f00000,0x00000000f6f00000)
[144.879s][info][gc,heap,exit   ]   from space 56832K, 2% used [0x00000000fa680000,0x00000000fa7fb240,0x00000000fde00000)
[144.879s][info][gc,heap,exit   ]   to   space 56832K, 0% used [0x00000000f6f00000,0x00000000f6f00000,0x00000000fa680000)
[144.879s][info][gc,heap,exit   ]  ParOldGen       total 341504K, used 341501K [0x00000000e0c00000, 0x00000000f5980000, 0x00000000f5980000)
[144.879s][info][gc,heap,exit   ]   object space 341504K, 99% used [0x00000000e0c00000,0x00000000f597f5b0,0x00000000f5980000)
[144.879s][info][gc,heap,exit   ]  Metaspace       used 6305K, committed 6528K, reserved 1114112K
[144.879s][info][gc,heap,exit   ]   class space    used 534K, committed 640K, reserved 1048576K
