[0.012s][info][gc,init] CardTable entry size: 512
[0.012s][info][gc     ] Using Parallel
[0.012s][info][gc,init] Version: 18.0.1+10 (release)
[0.012s][info][gc,init] CPUs: 8 total, 8 available
[0.012s][info][gc,init] Memory: 16063M
[0.012s][info][gc,init] Large Page Support: Disabled
[0.012s][info][gc,init] NUMA Support: Disabled
[0.012s][info][gc,init] Compressed Oops: Enabled (32-bit)
[0.012s][info][gc,init] Alignments: Space 512K, Generation 512K, Heap 2M
[0.013s][info][gc,init] Heap Min Capacity: 2M
[0.013s][info][gc,init] Heap Initial Capacity: 2M
[0.013s][info][gc,init] Heap Max Capacity: 2M
[0.013s][info][gc,init] Pre-touch: Disabled
[0.013s][info][gc,init] Parallel Workers: 7
[0.013s][info][gc,metaspace] CDS archive(s) not mapped
[0.013s][info][gc,metaspace] Compressed class space mapped at: 0x0000000100000000-0x0000000140000000, reserved size: 1073741824
[0.013s][info][gc,metaspace] Narrow klass base: 0x0000000000000000, Narrow klass shift: 3, Narrow klass range: 0x140000000
[0.120s][info][gc,start    ] GC(0) Pause Young (Allocation Failure)
[0.122s][info][gc,heap     ] GC(0) PSYoungGen: 512K(1024K)->496K(1024K) Eden: 512K(512K)->0K(512K) From: 0K(512K)->496K(512K)
[0.122s][info][gc,heap     ] GC(0) ParOldGen: 0K(512K)->32K(512K)
[0.122s][info][gc,metaspace] GC(0) Metaspace: 4229K(4352K)->4229K(4352K) NonClass: 3908K(3968K)->3908K(3968K) Class: 321K(384K)->321K(384K)
[0.122s][info][gc          ] GC(0) Pause Young (Allocation Failure) 0M->0M(1M) 1.993ms
[0.122s][info][gc,cpu      ] GC(0) User=0.00s Sys=0.00s Real=0.00s
[0.184s][info][gc,start    ] GC(1) Pause Young (Allocation Failure)
[0.185s][info][gc,heap     ] GC(1) PSYoungGen: 1007K(1024K)->496K(1024K) Eden: 511K(512K)->0K(512K) From: 496K(512K)->496K(512K)
[0.185s][info][gc,heap     ] GC(1) ParOldGen: 32K(512K)->128K(512K)
[0.185s][info][gc,metaspace] GC(1) Metaspace: 5877K(5952K)->5877K(5952K) NonClass: 5380K(5440K)->5380K(5440K) Class: 496K(512K)->496K(512K)
[0.185s][info][gc          ] GC(1) Pause Young (Allocation Failure) 1M->0M(1M) 0.999ms
[0.185s][info][gc,cpu      ] GC(1) User=0.00s Sys=0.00s Real=0.00s
[0.206s][info][gc,start    ] GC(2) Pause Young (Allocation Failure)
[0.206s][info][gc,heap     ] GC(2) PSYoungGen: 1008K(1024K)->512K(1024K) Eden: 512K(512K)->0K(512K) From: 496K(512K)->512K(512K)
[0.206s][info][gc,heap     ] GC(2) ParOldGen: 128K(512K)->288K(512K)
[0.206s][info][gc,metaspace] GC(2) Metaspace: 6292K(6464K)->6292K(6464K) NonClass: 5759K(5824K)->5759K(5824K) Class: 533K(640K)->533K(640K)
[0.206s][info][gc          ] GC(2) Pause Young (Allocation Failure) 1M->0M(1M) 0.760ms
[0.206s][info][gc,cpu      ] GC(2) User=0.00s Sys=0.00s Real=0.00s
[0.208s][info][gc,start    ] GC(3) Pause Young (Allocation Failure)
[0.209s][info][gc,promotion] GC(3) Promotion failed
[0.209s][info][gc,heap     ] GC(3) PSYoungGen: 1023K(1024K)->1023K(1024K) Eden: 511K(512K)->511K(512K) From: 512K(512K)->512K(512K)
[0.209s][info][gc,heap     ] GC(3) ParOldGen: 288K(512K)->504K(512K)
[0.209s][info][gc,metaspace] GC(3) Metaspace: 6294K(6464K)->6294K(6464K) NonClass: 5761K(5824K)->5761K(5824K) Class: 533K(640K)->533K(640K)
[0.209s][info][gc          ] GC(3) Pause Young (Allocation Failure) 1M->1M(1M) 1.389ms
[0.209s][info][gc,cpu      ] GC(3) User=0.00s Sys=0.00s Real=0.00s
[0.209s][info][gc,start    ] GC(4) Pause Full (Ergonomics)
[0.209s][info][gc,phases,start] GC(4) Marking Phase
[0.210s][info][gc,phases      ] GC(4) Marking Phase 1.094ms
[0.210s][info][gc,phases,start] GC(4) Summary Phase
[0.210s][info][gc,phases      ] GC(4) Summary Phase 0.014ms
[0.210s][info][gc,phases,start] GC(4) Adjust Roots
[0.211s][info][gc,phases      ] GC(4) Adjust Roots 0.371ms
[0.211s][info][gc,phases,start] GC(4) Compaction Phase
[0.212s][info][gc,phases      ] GC(4) Compaction Phase 1.560ms
[0.212s][info][gc,phases,start] GC(4) Post Compact
[0.213s][info][gc,phases      ] GC(4) Post Compact 0.068ms
[0.213s][info][gc,heap        ] GC(4) PSYoungGen: 1023K(1024K)->508K(1024K) Eden: 511K(512K)->0K(512K) From: 512K(512K)->508K(512K)
[0.213s][info][gc,heap        ] GC(4) ParOldGen: 504K(512K)->457K(512K)
[0.213s][info][gc,metaspace   ] GC(4) Metaspace: 6294K(6464K)->6294K(6464K) NonClass: 5761K(5824K)->5761K(5824K) Class: 533K(640K)->533K(640K)
[0.213s][info][gc             ] GC(4) Pause Full (Ergonomics) 1M->0M(1M) 3.435ms
[0.213s][info][gc,cpu         ] GC(4) User=0.00s Sys=0.00s Real=0.00s
[0.214s][info][gc,start       ] GC(5) Pause Full (Ergonomics)
[0.214s][info][gc,phases,start] GC(5) Marking Phase
[0.215s][info][gc,phases      ] GC(5) Marking Phase 0.970ms
[0.215s][info][gc,phases,start] GC(5) Summary Phase
[0.215s][info][gc,phases      ] GC(5) Summary Phase 0.015ms
[0.215s][info][gc,phases,start] GC(5) Adjust Roots
[0.215s][info][gc,phases      ] GC(5) Adjust Roots 0.388ms
[0.215s][info][gc,phases,start] GC(5) Compaction Phase
[0.217s][info][gc,phases      ] GC(5) Compaction Phase 2.207ms
[0.217s][info][gc,phases,start] GC(5) Post Compact
[0.217s][info][gc,phases      ] GC(5) Post Compact 0.030ms
[0.217s][info][gc,heap        ] GC(5) PSYoungGen: 1020K(1024K)->758K(1024K) Eden: 512K(512K)->258K(512K) From: 508K(512K)->500K(512K)
[0.217s][info][gc,heap        ] GC(5) ParOldGen: 457K(512K)->457K(512K)
[0.217s][info][gc,metaspace   ] GC(5) Metaspace: 6294K(6464K)->6294K(6464K) NonClass: 5761K(5824K)->5761K(5824K) Class: 533K(640K)->533K(640K)
[0.218s][info][gc             ] GC(5) Pause Full (Ergonomics) 1M->1M(1M) 3.928ms
[0.218s][info][gc,cpu         ] GC(5) User=0.00s Sys=0.00s Real=0.00s
[0.218s][info][gc,start       ] GC(6) Pause Full (Ergonomics)
[0.218s][info][gc,phases,start] GC(6) Marking Phase
[0.220s][info][gc,phases      ] GC(6) Marking Phase 1.595ms
[0.220s][info][gc,phases,start] GC(6) Summary Phase
[0.220s][info][gc,phases      ] GC(6) Summary Phase 0.018ms
[0.220s][info][gc,phases,start] GC(6) Adjust Roots
[0.220s][info][gc,phases      ] GC(6) Adjust Roots 0.465ms
[0.220s][info][gc,phases,start] GC(6) Compaction Phase
[0.222s][info][gc,phases      ] GC(6) Compaction Phase 2.086ms
[0.222s][info][gc,phases,start] GC(6) Post Compact
[0.223s][info][gc,phases      ] GC(6) Post Compact 0.047ms
[0.223s][info][gc,heap        ] GC(6) PSYoungGen: 1012K(1024K)->879K(1024K) Eden: 512K(512K)->382K(512K) From: 500K(512K)->497K(512K)
[0.223s][info][gc,heap        ] GC(6) ParOldGen: 457K(512K)->457K(512K)
[0.223s][info][gc,metaspace   ] GC(6) Metaspace: 6294K(6464K)->6293K(6464K) NonClass: 5761K(5824K)->5760K(5824K) Class: 533K(640K)->532K(640K)
[0.223s][info][gc             ] GC(6) Pause Full (Ergonomics) 1M->1M(1M) 4.527ms
[0.223s][info][gc,cpu         ] GC(6) User=0.02s Sys=0.00s Real=0.01s
[0.224s][info][gc,start       ] GC(7) Pause Full (Ergonomics)
[0.224s][info][gc,phases,start] GC(7) Marking Phase
[0.225s][info][gc,phases      ] GC(7) Marking Phase 0.850ms
[0.225s][info][gc,phases,start] GC(7) Summary Phase
[0.225s][info][gc,phases      ] GC(7) Summary Phase 0.013ms
[0.225s][info][gc,phases,start] GC(7) Adjust Roots
[0.225s][info][gc,phases      ] GC(7) Adjust Roots 0.361ms
[0.225s][info][gc,phases,start] GC(7) Compaction Phase
[0.227s][info][gc,phases      ] GC(7) Compaction Phase 1.863ms
[0.227s][info][gc,phases,start] GC(7) Post Compact
[0.227s][info][gc,phases      ] GC(7) Post Compact 0.031ms
[0.227s][info][gc,heap        ] GC(7) PSYoungGen: 1009K(1024K)->941K(1024K) Eden: 512K(512K)->444K(512K) From: 497K(512K)->497K(512K)
[0.227s][info][gc,heap        ] GC(7) ParOldGen: 457K(512K)->457K(512K)
[0.227s][info][gc,metaspace   ] GC(7) Metaspace: 6293K(6464K)->6293K(6464K) NonClass: 5760K(5824K)->5760K(5824K) Class: 532K(640K)->532K(640K)
[0.227s][info][gc             ] GC(7) Pause Full (Ergonomics) 1M->1M(1M) 3.444ms
[0.227s][info][gc,cpu         ] GC(7) User=0.00s Sys=0.00s Real=0.00s
[0.228s][info][gc,start       ] GC(8) Pause Full (Ergonomics)
[0.228s][info][gc,phases,start] GC(8) Marking Phase
[0.229s][info][gc,phases      ] GC(8) Marking Phase 1.240ms
[0.229s][info][gc,phases,start] GC(8) Summary Phase
[0.229s][info][gc,phases      ] GC(8) Summary Phase 0.024ms
[0.229s][info][gc,phases,start] GC(8) Adjust Roots
[0.230s][info][gc,phases      ] GC(8) Adjust Roots 0.517ms
[0.230s][info][gc,phases,start] GC(8) Compaction Phase
[0.232s][info][gc,phases      ] GC(8) Compaction Phase 1.915ms
[0.232s][info][gc,phases,start] GC(8) Post Compact
[0.232s][info][gc,phases      ] GC(8) Post Compact 0.029ms
[0.232s][info][gc,heap        ] GC(8) PSYoungGen: 1009K(1024K)->972K(1024K) Eden: 512K(512K)->475K(512K) From: 497K(512K)->497K(512K)
[0.232s][info][gc,heap        ] GC(8) ParOldGen: 457K(512K)->457K(512K)
[0.232s][info][gc,metaspace   ] GC(8) Metaspace: 6293K(6464K)->6293K(6464K) NonClass: 5760K(5824K)->5760K(5824K) Class: 532K(640K)->532K(640K)
[0.232s][info][gc             ] GC(8) Pause Full (Ergonomics) 1M->1M(1M) 4.047ms
[0.232s][info][gc,cpu         ] GC(8) User=0.00s Sys=0.00s Real=0.00s
[0.232s][info][gc,start       ] GC(9) Pause Full (Ergonomics)
[0.232s][info][gc,phases,start] GC(9) Marking Phase
[0.233s][info][gc,phases      ] GC(9) Marking Phase 0.901ms
[0.233s][info][gc,phases,start] GC(9) Summary Phase
[0.233s][info][gc,phases      ] GC(9) Summary Phase 0.017ms
[0.233s][info][gc,phases,start] GC(9) Adjust Roots
[0.234s][info][gc,phases      ] GC(9) Adjust Roots 0.423ms
[0.234s][info][gc,phases,start] GC(9) Compaction Phase
[0.236s][info][gc,phases      ] GC(9) Compaction Phase 2.075ms
[0.236s][info][gc,phases,start] GC(9) Post Compact
[0.236s][info][gc,phases      ] GC(9) Post Compact 0.025ms
[0.236s][info][gc,heap        ] GC(9) PSYoungGen: 1009K(1024K)->989K(1024K) Eden: 512K(512K)->492K(512K) From: 497K(512K)->497K(512K)
[0.236s][info][gc,heap        ] GC(9) ParOldGen: 457K(512K)->457K(512K)
[0.236s][info][gc,metaspace   ] GC(9) Metaspace: 6293K(6464K)->6293K(6464K) NonClass: 5760K(5824K)->5760K(5824K) Class: 532K(640K)->532K(640K)
[0.236s][info][gc             ] GC(9) Pause Full (Ergonomics) 1M->1M(1M) 3.731ms
[0.236s][info][gc,cpu         ] GC(9) User=0.00s Sys=0.00s Real=0.00s
[0.236s][info][gc,start       ] GC(10) Pause Full (Ergonomics)
[0.236s][info][gc,phases,start] GC(10) Marking Phase
[0.237s][info][gc,phases      ] GC(10) Marking Phase 0.914ms
[0.237s][info][gc,phases,start] GC(10) Summary Phase
[0.237s][info][gc,phases      ] GC(10) Summary Phase 0.017ms
[0.237s][info][gc,phases,start] GC(10) Adjust Roots
[0.238s][info][gc,phases      ] GC(10) Adjust Roots 0.375ms
[0.238s][info][gc,phases,start] GC(10) Compaction Phase
[0.240s][info][gc,phases      ] GC(10) Compaction Phase 1.891ms
[0.240s][info][gc,phases,start] GC(10) Post Compact
[0.240s][info][gc,phases      ] GC(10) Post Compact 0.059ms
[0.240s][info][gc,heap        ] GC(10) PSYoungGen: 1009K(1024K)->997K(1024K) Eden: 512K(512K)->500K(512K) From: 497K(512K)->497K(512K)
[0.240s][info][gc,heap        ] GC(10) ParOldGen: 457K(512K)->457K(512K)
[0.240s][info][gc,metaspace   ] GC(10) Metaspace: 6293K(6464K)->6293K(6464K) NonClass: 5760K(5824K)->5760K(5824K) Class: 532K(640K)->532K(640K)
[0.240s][info][gc             ] GC(10) Pause Full (Ergonomics) 1M->1M(1M) 3.554ms
[0.240s][info][gc,cpu         ] GC(10) User=0.00s Sys=0.02s Real=0.00s
[0.240s][info][gc,start       ] GC(11) Pause Full (Ergonomics)
[0.240s][info][gc,phases,start] GC(11) Marking Phase
[0.241s][info][gc,phases      ] GC(11) Marking Phase 0.859ms
[0.241s][info][gc,phases,start] GC(11) Summary Phase
[0.241s][info][gc,phases      ] GC(11) Summary Phase 0.015ms
[0.241s][info][gc,phases,start] GC(11) Adjust Roots
[0.242s][info][gc,phases      ] GC(11) Adjust Roots 0.359ms
[0.242s][info][gc,phases,start] GC(11) Compaction Phase
[0.244s][info][gc,phases      ] GC(11) Compaction Phase 1.943ms
[0.244s][info][gc,phases,start] GC(11) Post Compact
[0.244s][info][gc,phases      ] GC(11) Post Compact 0.036ms
[0.244s][info][gc,heap        ] GC(11) PSYoungGen: 1008K(1024K)->1002K(1024K) Eden: 511K(512K)->505K(512K) From: 497K(512K)->497K(512K)
[0.244s][info][gc,heap        ] GC(11) ParOldGen: 457K(512K)->457K(512K)
[0.244s][info][gc,metaspace   ] GC(11) Metaspace: 6293K(6464K)->6293K(6464K) NonClass: 5760K(5824K)->5760K(5824K) Class: 532K(640K)->532K(640K)
[0.244s][info][gc             ] GC(11) Pause Full (Ergonomics) 1M->1M(1M) 3.533ms
[0.244s][info][gc,cpu         ] GC(11) User=0.00s Sys=0.00s Real=0.00s
[0.244s][info][gc,start       ] GC(12) Pause Full (Ergonomics)
[0.244s][info][gc,phases,start] GC(12) Marking Phase
[0.245s][info][gc,phases      ] GC(12) Marking Phase 0.860ms
[0.245s][info][gc,phases,start] GC(12) Summary Phase
[0.245s][info][gc,phases      ] GC(12) Summary Phase 0.049ms
[0.245s][info][gc,phases,start] GC(12) Adjust Roots
[0.246s][info][gc,phases      ] GC(12) Adjust Roots 0.469ms
[0.246s][info][gc,phases,start] GC(12) Compaction Phase
[0.248s][info][gc,phases      ] GC(12) Compaction Phase 1.809ms
[0.248s][info][gc,phases,start] GC(12) Post Compact
[0.248s][info][gc,phases      ] GC(12) Post Compact 0.031ms
[0.248s][info][gc,heap        ] GC(12) PSYoungGen: 1008K(1024K)->1005K(1024K) Eden: 511K(512K)->508K(512K) From: 497K(512K)->497K(512K)
[0.248s][info][gc,heap        ] GC(12) ParOldGen: 457K(512K)->457K(512K)
[0.248s][info][gc,metaspace   ] GC(12) Metaspace: 6293K(6464K)->6293K(6464K) NonClass: 5760K(5824K)->5760K(5824K) Class: 532K(640K)->532K(640K)
[0.248s][info][gc             ] GC(12) Pause Full (Ergonomics) 1M->1M(1M) 3.526ms
[0.248s][info][gc,cpu         ] GC(12) User=0.00s Sys=0.00s Real=0.00s
[0.248s][info][gc,start       ] GC(13) Pause Full (Ergonomics)
[0.248s][info][gc,phases,start] GC(13) Marking Phase
[0.249s][info][gc,phases      ] GC(13) Marking Phase 0.804ms
[0.249s][info][gc,phases,start] GC(13) Summary Phase
[0.249s][info][gc,phases      ] GC(13) Summary Phase 0.013ms
[0.249s][info][gc,phases,start] GC(13) Adjust Roots
[0.249s][info][gc,phases      ] GC(13) Adjust Roots 0.380ms
[0.249s][info][gc,phases,start] GC(13) Compaction Phase
[0.252s][info][gc,phases      ] GC(13) Compaction Phase 2.069ms
[0.252s][info][gc,phases,start] GC(13) Post Compact
[0.252s][info][gc,phases      ] GC(13) Post Compact 0.030ms
[0.252s][info][gc,heap        ] GC(13) PSYoungGen: 1008K(1024K)->1006K(1024K) Eden: 511K(512K)->509K(512K) From: 497K(512K)->497K(512K)
[0.252s][info][gc,heap        ] GC(13) ParOldGen: 457K(512K)->457K(512K)
[0.252s][info][gc,metaspace   ] GC(13) Metaspace: 6293K(6464K)->6293K(6464K) NonClass: 5760K(5824K)->5760K(5824K) Class: 532K(640K)->532K(640K)
[0.252s][info][gc             ] GC(13) Pause Full (Ergonomics) 1M->1M(1M) 3.561ms
[0.252s][info][gc,cpu         ] GC(13) User=0.00s Sys=0.00s Real=0.00s
[0.252s][info][gc,start       ] GC(14) Pause Full (Ergonomics)
[0.252s][info][gc,phases,start] GC(14) Marking Phase
[0.253s][info][gc,phases      ] GC(14) Marking Phase 0.866ms
[0.253s][info][gc,phases,start] GC(14) Summary Phase
[0.253s][info][gc,phases      ] GC(14) Summary Phase 0.013ms
[0.253s][info][gc,phases,start] GC(14) Adjust Roots
[0.253s][info][gc,phases      ] GC(14) Adjust Roots 0.397ms
[0.253s][info][gc,phases,start] GC(14) Compaction Phase
[0.255s][info][gc,phases      ] GC(14) Compaction Phase 1.952ms
[0.255s][info][gc,phases,start] GC(14) Post Compact
[0.255s][info][gc,phases      ] GC(14) Post Compact 0.032ms
[0.255s][info][gc,heap        ] GC(14) PSYoungGen: 1009K(1024K)->1007K(1024K) Eden: 512K(512K)->510K(512K) From: 497K(512K)->497K(512K)
[0.256s][info][gc,heap        ] GC(14) ParOldGen: 457K(512K)->457K(512K)
[0.256s][info][gc,metaspace   ] GC(14) Metaspace: 6293K(6464K)->6293K(6464K) NonClass: 5760K(5824K)->5760K(5824K) Class: 532K(640K)->532K(640K)
[0.256s][info][gc             ] GC(14) Pause Full (Ergonomics) 1M->1M(1M) 3.523ms
[0.256s][info][gc,cpu         ] GC(14) User=0.02s Sys=0.00s Real=0.00s
[0.256s][info][gc,start       ] GC(15) Pause Full (Ergonomics)
[0.256s][info][gc,phases,start] GC(15) Marking Phase
[0.257s][info][gc,phases      ] GC(15) Marking Phase 0.837ms
[0.257s][info][gc,phases,start] GC(15) Summary Phase
[0.257s][info][gc,phases      ] GC(15) Summary Phase 0.017ms
[0.257s][info][gc,phases,start] GC(15) Adjust Roots
[0.257s][info][gc,phases      ] GC(15) Adjust Roots 0.409ms
[0.257s][info][gc,phases,start] GC(15) Compaction Phase
[0.259s][info][gc,phases      ] GC(15) Compaction Phase 1.796ms
[0.259s][info][gc,phases,start] GC(15) Post Compact
[0.259s][info][gc,phases      ] GC(15) Post Compact 0.028ms
[0.259s][info][gc,heap        ] GC(15) PSYoungGen: 1009K(1024K)->1008K(1024K) Eden: 511K(512K)->511K(512K) From: 497K(512K)->497K(512K)
[0.259s][info][gc,heap        ] GC(15) ParOldGen: 457K(512K)->457K(512K)
[0.259s][info][gc,metaspace   ] GC(15) Metaspace: 6293K(6464K)->6293K(6464K) NonClass: 5760K(5824K)->5760K(5824K) Class: 532K(640K)->532K(640K)
[0.259s][info][gc             ] GC(15) Pause Full (Ergonomics) 1M->1M(1M) 3.356ms
[0.259s][info][gc,cpu         ] GC(15) User=0.00s Sys=0.00s Real=0.00s
[0.259s][info][gc,start       ] GC(16) Pause Full (Ergonomics)
[0.259s][info][gc,phases,start] GC(16) Marking Phase
[0.260s][info][gc,phases      ] GC(16) Marking Phase 0.828ms
[0.260s][info][gc,phases,start] GC(16) Summary Phase
[0.260s][info][gc,phases      ] GC(16) Summary Phase 0.017ms
[0.260s][info][gc,phases,start] GC(16) Adjust Roots
[0.261s][info][gc,phases      ] GC(16) Adjust Roots 0.372ms
[0.261s][info][gc,phases,start] GC(16) Compaction Phase
[0.263s][info][gc,phases      ] GC(16) Compaction Phase 1.957ms
[0.263s][info][gc,phases,start] GC(16) Post Compact
[0.263s][info][gc,phases      ] GC(16) Post Compact 0.032ms
[0.263s][info][gc,heap        ] GC(16) PSYoungGen: 1009K(1024K)->1008K(1024K) Eden: 511K(512K)->511K(512K) From: 497K(512K)->497K(512K)
[0.263s][info][gc,heap        ] GC(16) ParOldGen: 457K(512K)->457K(512K)
[0.263s][info][gc,metaspace   ] GC(16) Metaspace: 6293K(6464K)->6293K(6464K) NonClass: 5760K(5824K)->5760K(5824K) Class: 532K(640K)->532K(640K)
[0.263s][info][gc             ] GC(16) Pause Full (Ergonomics) 1M->1M(1M) 3.495ms
[0.263s][info][gc,cpu         ] GC(16) User=0.00s Sys=0.00s Real=0.00s
[0.263s][info][gc,start       ] GC(17) Pause Full (Ergonomics)
[0.263s][info][gc,phases,start] GC(17) Marking Phase
[0.264s][info][gc,phases      ] GC(17) Marking Phase 0.934ms
[0.264s][info][gc,phases,start] GC(17) Summary Phase
[0.264s][info][gc,phases      ] GC(17) Summary Phase 0.015ms
[0.264s][info][gc,phases,start] GC(17) Adjust Roots
[0.265s][info][gc,phases      ] GC(17) Adjust Roots 0.446ms
[0.265s][info][gc,phases,start] GC(17) Compaction Phase
[0.267s][info][gc,phases      ] GC(17) Compaction Phase 2.162ms
[0.267s][info][gc,phases,start] GC(17) Post Compact
[0.267s][info][gc,phases      ] GC(17) Post Compact 0.028ms
[0.267s][info][gc,heap        ] GC(17) PSYoungGen: 1009K(1024K)->1008K(1024K) Eden: 512K(512K)->511K(512K) From: 497K(512K)->497K(512K)
[0.267s][info][gc,heap        ] GC(17) ParOldGen: 457K(512K)->457K(512K)
[0.267s][info][gc,metaspace   ] GC(17) Metaspace: 6293K(6464K)->6293K(6464K) NonClass: 5760K(5824K)->5760K(5824K) Class: 532K(640K)->532K(640K)
[0.267s][info][gc             ] GC(17) Pause Full (Ergonomics) 1M->1M(1M) 3.865ms
[0.267s][info][gc,cpu         ] GC(17) User=0.00s Sys=0.00s Real=0.00s
[0.267s][info][gc,start       ] GC(18) Pause Full (Ergonomics)
[0.267s][info][gc,phases,start] GC(18) Marking Phase
[0.268s][info][gc,phases      ] GC(18) Marking Phase 0.849ms
[0.268s][info][gc,phases,start] GC(18) Summary Phase
[0.268s][info][gc,phases      ] GC(18) Summary Phase 0.017ms
[0.268s][info][gc,phases,start] GC(18) Adjust Roots
[0.269s][info][gc,phases      ] GC(18) Adjust Roots 0.369ms
[0.269s][info][gc,phases,start] GC(18) Compaction Phase
[0.270s][info][gc,phases      ] GC(18) Compaction Phase 1.675ms
[0.270s][info][gc,phases,start] GC(18) Post Compact
[0.270s][info][gc,phases      ] GC(18) Post Compact 0.029ms
[0.270s][info][gc,heap        ] GC(18) PSYoungGen: 1009K(1024K)->1009K(1024K) Eden: 512K(512K)->511K(512K) From: 497K(512K)->497K(512K)
[0.270s][info][gc,heap        ] GC(18) ParOldGen: 457K(512K)->457K(512K)
[0.270s][info][gc,metaspace   ] GC(18) Metaspace: 6293K(6464K)->6293K(6464K) NonClass: 5760K(5824K)->5760K(5824K) Class: 532K(640K)->532K(640K)
[0.270s][info][gc             ] GC(18) Pause Full (Ergonomics) 1M->1M(1M) 3.190ms
[0.271s][info][gc,cpu         ] GC(18) User=0.02s Sys=0.00s Real=0.00s
[0.271s][info][gc,start       ] GC(19) Pause Full (Ergonomics)
[0.271s][info][gc,phases,start] GC(19) Marking Phase
[0.272s][info][gc,phases      ] GC(19) Marking Phase 0.991ms
[0.272s][info][gc,phases,start] GC(19) Summary Phase
[0.272s][info][gc,phases      ] GC(19) Summary Phase 0.014ms
[0.272s][info][gc,phases,start] GC(19) Adjust Roots
[0.272s][info][gc,phases      ] GC(19) Adjust Roots 0.363ms
[0.272s][info][gc,phases,start] GC(19) Compaction Phase
[0.274s][info][gc,phases      ] GC(19) Compaction Phase 1.638ms
[0.274s][info][gc,phases,start] GC(19) Post Compact
[0.274s][info][gc,phases      ] GC(19) Post Compact 0.026ms
[0.274s][info][gc,heap        ] GC(19) PSYoungGen: 1009K(1024K)->1009K(1024K) Eden: 512K(512K)->512K(512K) From: 497K(512K)->497K(512K)
[0.274s][info][gc,heap        ] GC(19) ParOldGen: 457K(512K)->457K(512K)
[0.274s][info][gc,metaspace   ] GC(19) Metaspace: 6293K(6464K)->6293K(6464K) NonClass: 5760K(5824K)->5760K(5824K) Class: 532K(640K)->532K(640K)
[0.274s][info][gc             ] GC(19) Pause Full (Ergonomics) 1M->1M(1M) 3.296ms
[0.274s][info][gc,cpu         ] GC(19) User=0.00s Sys=0.00s Real=0.00s
[0.274s][info][gc,start       ] GC(20) Pause Full (Ergonomics)
[0.274s][info][gc,phases,start] GC(20) Marking Phase
[0.275s][info][gc,phases      ] GC(20) Marking Phase 0.863ms
[0.275s][info][gc,phases,start] GC(20) Summary Phase
[0.275s][info][gc,phases      ] GC(20) Summary Phase 0.015ms
[0.275s][info][gc,phases,start] GC(20) Adjust Roots
[0.276s][info][gc,phases      ] GC(20) Adjust Roots 0.316ms
[0.276s][info][gc,phases,start] GC(20) Compaction Phase
[0.278s][info][gc,phases      ] GC(20) Compaction Phase 1.935ms
[0.278s][info][gc,phases,start] GC(20) Post Compact
[0.278s][info][gc,phases      ] GC(20) Post Compact 0.031ms
[0.278s][info][gc,heap        ] GC(20) PSYoungGen: 1009K(1024K)->1008K(1024K) Eden: 512K(512K)->511K(512K) From: 497K(512K)->497K(512K)
[0.278s][info][gc,heap        ] GC(20) ParOldGen: 462K(512K)->460K(512K)
[0.278s][info][gc,metaspace   ] GC(20) Metaspace: 6293K(6464K)->6293K(6464K) NonClass: 5760K(5824K)->5760K(5824K) Class: 532K(640K)->532K(640K)
[0.278s][info][gc             ] GC(20) Pause Full (Ergonomics) 1M->1M(1M) 3.445ms
[0.278s][info][gc,cpu         ] GC(20) User=0.00s Sys=0.00s Real=0.00s
[0.278s][info][gc,start       ] GC(21) Pause Full (Ergonomics)
[0.278s][info][gc,phases,start] GC(21) Marking Phase
[0.279s][info][gc,phases      ] GC(21) Marking Phase 1.209ms
[0.279s][info][gc,phases,start] GC(21) Summary Phase
[0.279s][info][gc,phases      ] GC(21) Summary Phase 0.017ms
[0.279s][info][gc,phases,start] GC(21) Adjust Roots
[0.280s][info][gc,phases      ] GC(21) Adjust Roots 0.367ms
[0.280s][info][gc,phases,start] GC(21) Compaction Phase
[0.282s][info][gc,phases      ] GC(21) Compaction Phase 2.315ms
[0.282s][info][gc,phases,start] GC(21) Post Compact
[0.282s][info][gc,phases      ] GC(21) Post Compact 0.031ms
[0.282s][info][gc,heap        ] GC(21) PSYoungGen: 1008K(1024K)->1008K(1024K) Eden: 511K(512K)->511K(512K) From: 497K(512K)->497K(512K)
[0.282s][info][gc,heap        ] GC(21) ParOldGen: 460K(512K)->460K(512K)
[0.282s][info][gc,metaspace   ] GC(21) Metaspace: 6293K(6464K)->6293K(6464K) NonClass: 5760K(5824K)->5760K(5824K) Class: 532K(640K)->532K(640K)
[0.282s][info][gc             ] GC(21) Pause Full (Ergonomics) 1M->1M(1M) 4.250ms
[0.282s][info][gc,cpu         ] GC(21) User=0.00s Sys=0.00s Real=0.00s
[0.283s][info][gc,start       ] GC(22) Pause Full (Ergonomics)
[0.283s][info][gc,phases,start] GC(22) Marking Phase
[0.283s][info][gc,phases      ] GC(22) Marking Phase 0.824ms
[0.284s][info][gc,phases,start] GC(22) Summary Phase
[0.284s][info][gc,phases      ] GC(22) Summary Phase 0.014ms
[0.284s][info][gc,phases,start] GC(22) Adjust Roots
[0.284s][info][gc,phases      ] GC(22) Adjust Roots 0.330ms
[0.284s][info][gc,phases,start] GC(22) Compaction Phase
[0.286s][info][gc,phases      ] GC(22) Compaction Phase 1.812ms
[0.286s][info][gc,phases,start] GC(22) Post Compact
[0.286s][info][gc,phases      ] GC(22) Post Compact 0.036ms
[0.286s][info][gc,heap        ] GC(22) PSYoungGen: 1009K(1024K)->1008K(1024K) Eden: 512K(512K)->511K(512K) From: 497K(512K)->497K(512K)
[0.286s][info][gc,heap        ] GC(22) ParOldGen: 465K(512K)->463K(512K)
[0.286s][info][gc,metaspace   ] GC(22) Metaspace: 6293K(6464K)->6293K(6464K) NonClass: 5760K(5824K)->5760K(5824K) Class: 532K(640K)->532K(640K)
[0.286s][info][gc             ] GC(22) Pause Full (Ergonomics) 1M->1M(1M) 3.344ms
[0.286s][info][gc,cpu         ] GC(22) User=0.00s Sys=0.00s Real=0.00s
[0.286s][info][gc,start       ] GC(23) Pause Full (Ergonomics)
[0.286s][info][gc,phases,start] GC(23) Marking Phase
[0.287s][info][gc,phases      ] GC(23) Marking Phase 0.861ms
[0.287s][info][gc,phases,start] GC(23) Summary Phase
[0.287s][info][gc,phases      ] GC(23) Summary Phase 0.015ms
[0.287s][info][gc,phases,start] GC(23) Adjust Roots
[0.288s][info][gc,phases      ] GC(23) Adjust Roots 0.339ms
[0.288s][info][gc,phases,start] GC(23) Compaction Phase
[0.289s][info][gc,phases      ] GC(23) Compaction Phase 1.613ms
[0.289s][info][gc,phases,start] GC(23) Post Compact
[0.289s][info][gc,phases      ] GC(23) Post Compact 0.028ms
[0.289s][info][gc,heap        ] GC(23) PSYoungGen: 1009K(1024K)->1009K(1024K) Eden: 511K(512K)->511K(512K) From: 497K(512K)->497K(512K)
[0.289s][info][gc,heap        ] GC(23) ParOldGen: 468K(512K)->465K(512K)
[0.289s][info][gc,metaspace   ] GC(23) Metaspace: 6293K(6464K)->6293K(6464K) NonClass: 5760K(5824K)->5760K(5824K) Class: 532K(640K)->532K(640K)
[0.289s][info][gc             ] GC(23) Pause Full (Ergonomics) 1M->1M(1M) 3.085ms
[0.289s][info][gc,cpu         ] GC(23) User=0.00s Sys=0.00s Real=0.00s
[0.290s][info][gc,start       ] GC(24) Pause Full (Ergonomics)
[0.290s][info][gc,phases,start] GC(24) Marking Phase
[0.290s][info][gc,phases      ] GC(24) Marking Phase 0.779ms
[0.290s][info][gc,phases,start] GC(24) Summary Phase
[0.290s][info][gc,phases      ] GC(24) Summary Phase 0.015ms
[0.290s][info][gc,phases,start] GC(24) Adjust Roots
[0.291s][info][gc,phases      ] GC(24) Adjust Roots 0.320ms
[0.291s][info][gc,phases,start] GC(24) Compaction Phase
[0.293s][info][gc,phases      ] GC(24) Compaction Phase 2.056ms
[0.293s][info][gc,phases,start] GC(24) Post Compact
[0.293s][info][gc,phases      ] GC(24) Post Compact 0.028ms
[0.293s][info][gc,heap        ] GC(24) PSYoungGen: 1009K(1024K)->1009K(1024K) Eden: 511K(512K)->511K(512K) From: 497K(512K)->497K(512K)
[0.293s][info][gc,heap        ] GC(24) ParOldGen: 471K(512K)->468K(512K)
[0.293s][info][gc,metaspace   ] GC(24) Metaspace: 6293K(6464K)->6293K(6464K) NonClass: 5760K(5824K)->5760K(5824K) Class: 532K(640K)->532K(640K)
[0.293s][info][gc             ] GC(24) Pause Full (Ergonomics) 1M->1M(1M) 3.412ms
[0.293s][info][gc,cpu         ] GC(24) User=0.00s Sys=0.00s Real=0.00s
[0.293s][info][gc,start       ] GC(25) Pause Full (Ergonomics)
[0.293s][info][gc,phases,start] GC(25) Marking Phase
[0.294s][info][gc,phases      ] GC(25) Marking Phase 0.854ms
[0.294s][info][gc,phases,start] GC(25) Summary Phase
[0.294s][info][gc,phases      ] GC(25) Summary Phase 0.016ms
[0.294s][info][gc,phases,start] GC(25) Adjust Roots
[0.295s][info][gc,phases      ] GC(25) Adjust Roots 0.370ms
[0.295s][info][gc,phases,start] GC(25) Compaction Phase
[0.297s][info][gc,phases      ] GC(25) Compaction Phase 2.012ms
[0.297s][info][gc,phases,start] GC(25) Post Compact
[0.297s][info][gc,phases      ] GC(25) Post Compact 0.023ms
[0.297s][info][gc,heap        ] GC(25) PSYoungGen: 1009K(1024K)->1009K(1024K) Eden: 511K(512K)->511K(512K) From: 497K(512K)->497K(512K)
[0.297s][info][gc,heap        ] GC(25) ParOldGen: 474K(512K)->471K(512K)
[0.297s][info][gc,metaspace   ] GC(25) Metaspace: 6293K(6464K)->6293K(6464K) NonClass: 5760K(5824K)->5760K(5824K) Class: 532K(640K)->532K(640K)
[0.297s][info][gc             ] GC(25) Pause Full (Ergonomics) 1M->1M(1M) 3.467ms
[0.297s][info][gc,cpu         ] GC(25) User=0.00s Sys=0.00s Real=0.00s
[0.297s][info][gc,start       ] GC(26) Pause Full (Ergonomics)
[0.297s][info][gc,phases,start] GC(26) Marking Phase
[0.298s][info][gc,phases      ] GC(26) Marking Phase 0.747ms
[0.298s][info][gc,phases,start] GC(26) Summary Phase
[0.298s][info][gc,phases      ] GC(26) Summary Phase 0.018ms
[0.298s][info][gc,phases,start] GC(26) Adjust Roots
[0.298s][info][gc,phases      ] GC(26) Adjust Roots 0.357ms
[0.298s][info][gc,phases,start] GC(26) Compaction Phase
[0.300s][info][gc,phases      ] GC(26) Compaction Phase 1.766ms
[0.300s][info][gc,phases,start] GC(26) Post Compact
[0.300s][info][gc,phases      ] GC(26) Post Compact 0.022ms
[0.300s][info][gc,heap        ] GC(26) PSYoungGen: 1009K(1024K)->1009K(1024K) Eden: 511K(512K)->511K(512K) From: 497K(512K)->497K(512K)
[0.300s][info][gc,heap        ] GC(26) ParOldGen: 476K(512K)->474K(512K)
[0.300s][info][gc,metaspace   ] GC(26) Metaspace: 6293K(6464K)->6293K(6464K) NonClass: 5760K(5824K)->5760K(5824K) Class: 532K(640K)->532K(640K)
[0.300s][info][gc             ] GC(26) Pause Full (Ergonomics) 1M->1M(1M) 3.095ms
[0.300s][info][gc,cpu         ] GC(26) User=0.02s Sys=0.00s Real=0.00s
[0.300s][info][gc,start       ] GC(27) Pause Full (Ergonomics)
[0.300s][info][gc,phases,start] GC(27) Marking Phase
[0.301s][info][gc,phases      ] GC(27) Marking Phase 0.770ms
[0.301s][info][gc,phases,start] GC(27) Summary Phase
[0.301s][info][gc,phases      ] GC(27) Summary Phase 0.015ms
[0.301s][info][gc,phases,start] GC(27) Adjust Roots
[0.302s][info][gc,phases      ] GC(27) Adjust Roots 0.369ms
[0.302s][info][gc,phases,start] GC(27) Compaction Phase
[0.303s][info][gc,phases      ] GC(27) Compaction Phase 1.788ms
[0.303s][info][gc,phases,start] GC(27) Post Compact
[0.303s][info][gc,phases      ] GC(27) Post Compact 0.023ms
[0.304s][info][gc,heap        ] GC(27) PSYoungGen: 1009K(1024K)->1009K(1024K) Eden: 511K(512K)->511K(512K) From: 497K(512K)->497K(512K)
[0.304s][info][gc,heap        ] GC(27) ParOldGen: 479K(512K)->477K(512K)
[0.304s][info][gc,metaspace   ] GC(27) Metaspace: 6293K(6464K)->6293K(6464K) NonClass: 5760K(5824K)->5760K(5824K) Class: 532K(640K)->532K(640K)
[0.304s][info][gc             ] GC(27) Pause Full (Ergonomics) 1M->1M(1M) 3.148ms
[0.304s][info][gc,cpu         ] GC(27) User=0.00s Sys=0.00s Real=0.00s
[0.304s][info][gc,start       ] GC(28) Pause Full (Ergonomics)
[0.304s][info][gc,phases,start] GC(28) Marking Phase
[0.305s][info][gc,phases      ] GC(28) Marking Phase 0.688ms
[0.305s][info][gc,phases,start] GC(28) Summary Phase
[0.305s][info][gc,phases      ] GC(28) Summary Phase 0.013ms
[0.305s][info][gc,phases,start] GC(28) Adjust Roots
[0.305s][info][gc,phases      ] GC(28) Adjust Roots 0.282ms
[0.305s][info][gc,phases,start] GC(28) Compaction Phase
[0.306s][info][gc,phases      ] GC(28) Compaction Phase 1.540ms
[0.306s][info][gc,phases,start] GC(28) Post Compact
[0.306s][info][gc,phases      ] GC(28) Post Compact 0.022ms
[0.306s][info][gc,heap        ] GC(28) PSYoungGen: 1009K(1024K)->1009K(1024K) Eden: 511K(512K)->511K(512K) From: 497K(512K)->497K(512K)
[0.306s][info][gc,heap        ] GC(28) ParOldGen: 482K(512K)->479K(512K)
[0.306s][info][gc,metaspace   ] GC(28) Metaspace: 6293K(6464K)->6293K(6464K) NonClass: 5760K(5824K)->5760K(5824K) Class: 532K(640K)->532K(640K)
[0.307s][info][gc             ] GC(28) Pause Full (Ergonomics) 1M->1M(1M) 2.713ms
[0.307s][info][gc,cpu         ] GC(28) User=0.00s Sys=0.00s Real=0.00s
[0.307s][info][gc,start       ] GC(29) Pause Full (Ergonomics)
[0.307s][info][gc,phases,start] GC(29) Marking Phase
[0.308s][info][gc,phases      ] GC(29) Marking Phase 0.752ms
[0.308s][info][gc,phases,start] GC(29) Summary Phase
[0.308s][info][gc,phases      ] GC(29) Summary Phase 0.013ms
[0.308s][info][gc,phases,start] GC(29) Adjust Roots
[0.308s][info][gc,phases      ] GC(29) Adjust Roots 0.312ms
[0.308s][info][gc,phases,start] GC(29) Compaction Phase
[0.309s][info][gc,phases      ] GC(29) Compaction Phase 1.498ms
[0.309s][info][gc,phases,start] GC(29) Post Compact
[0.309s][info][gc,phases      ] GC(29) Post Compact 0.022ms
[0.310s][info][gc,heap        ] GC(29) PSYoungGen: 1009K(1024K)->1009K(1024K) Eden: 511K(512K)->511K(512K) From: 497K(512K)->497K(512K)
[0.310s][info][gc,heap        ] GC(29) ParOldGen: 485K(512K)->482K(512K)
[0.310s][info][gc,metaspace   ] GC(29) Metaspace: 6293K(6464K)->6293K(6464K) NonClass: 5760K(5824K)->5760K(5824K) Class: 532K(640K)->532K(640K)
[0.310s][info][gc             ] GC(29) Pause Full (Ergonomics) 1M->1M(1M) 2.794ms
[0.310s][info][gc,cpu         ] GC(29) User=0.00s Sys=0.00s Real=0.00s
[0.310s][info][gc,start       ] GC(30) Pause Full (Ergonomics)
[0.310s][info][gc,phases,start] GC(30) Marking Phase
[0.311s][info][gc,phases      ] GC(30) Marking Phase 0.700ms
[0.311s][info][gc,phases,start] GC(30) Summary Phase
[0.311s][info][gc,phases      ] GC(30) Summary Phase 0.013ms
[0.311s][info][gc,phases,start] GC(30) Adjust Roots
[0.311s][info][gc,phases      ] GC(30) Adjust Roots 0.368ms
[0.311s][info][gc,phases,start] GC(30) Compaction Phase
[0.312s][info][gc,phases      ] GC(30) Compaction Phase 1.504ms
[0.312s][info][gc,phases,start] GC(30) Post Compact
[0.313s][info][gc,phases      ] GC(30) Post Compact 0.022ms
[0.313s][info][gc,heap        ] GC(30) PSYoungGen: 1009K(1024K)->1009K(1024K) Eden: 511K(512K)->511K(512K) From: 497K(512K)->497K(512K)
[0.313s][info][gc,heap        ] GC(30) ParOldGen: 488K(512K)->485K(512K)
[0.313s][info][gc,metaspace   ] GC(30) Metaspace: 6293K(6464K)->6293K(6464K) NonClass: 5760K(5824K)->5760K(5824K) Class: 532K(640K)->532K(640K)
[0.313s][info][gc             ] GC(30) Pause Full (Ergonomics) 1M->1M(1M) 2.771ms
[0.313s][info][gc,cpu         ] GC(30) User=0.00s Sys=0.00s Real=0.00s
[0.313s][info][gc,start       ] GC(31) Pause Full (Ergonomics)
[0.313s][info][gc,phases,start] GC(31) Marking Phase
[0.314s][info][gc,phases      ] GC(31) Marking Phase 0.703ms
[0.314s][info][gc,phases,start] GC(31) Summary Phase
[0.314s][info][gc,phases      ] GC(31) Summary Phase 0.013ms
[0.314s][info][gc,phases,start] GC(31) Adjust Roots
[0.314s][info][gc,phases      ] GC(31) Adjust Roots 0.325ms
[0.314s][info][gc,phases,start] GC(31) Compaction Phase
[0.315s][info][gc,phases      ] GC(31) Compaction Phase 1.494ms
[0.315s][info][gc,phases,start] GC(31) Post Compact
[0.315s][info][gc,phases      ] GC(31) Post Compact 0.022ms
[0.315s][info][gc,heap        ] GC(31) PSYoungGen: 1009K(1024K)->1009K(1024K) Eden: 511K(512K)->511K(512K) From: 497K(512K)->497K(512K)
[0.315s][info][gc,heap        ] GC(31) ParOldGen: 490K(512K)->488K(512K)
[0.316s][info][gc,metaspace   ] GC(31) Metaspace: 6293K(6464K)->6293K(6464K) NonClass: 5760K(5824K)->5760K(5824K) Class: 532K(640K)->532K(640K)
[0.316s][info][gc             ] GC(31) Pause Full (Ergonomics) 1M->1M(1M) 2.720ms
[0.316s][info][gc,cpu         ] GC(31) User=0.02s Sys=0.00s Real=0.00s
[0.316s][info][gc,start       ] GC(32) Pause Full (Ergonomics)
[0.316s][info][gc,phases,start] GC(32) Marking Phase
[0.316s][info][gc,phases      ] GC(32) Marking Phase 0.695ms
[0.316s][info][gc,phases,start] GC(32) Summary Phase
[0.317s][info][gc,phases      ] GC(32) Summary Phase 0.013ms
[0.317s][info][gc,phases,start] GC(32) Adjust Roots
[0.317s][info][gc,phases      ] GC(32) Adjust Roots 0.346ms
[0.317s][info][gc,phases,start] GC(32) Compaction Phase
[0.318s][info][gc,phases      ] GC(32) Compaction Phase 1.485ms
[0.318s][info][gc,phases,start] GC(32) Post Compact
[0.318s][info][gc,phases      ] GC(32) Post Compact 0.021ms
[0.318s][info][gc,heap        ] GC(32) PSYoungGen: 1009K(1024K)->1009K(1024K) Eden: 511K(512K)->511K(512K) From: 497K(512K)->497K(512K)
[0.318s][info][gc,heap        ] GC(32) ParOldGen: 493K(512K)->491K(512K)
[0.318s][info][gc,metaspace   ] GC(32) Metaspace: 6293K(6464K)->6293K(6464K) NonClass: 5760K(5824K)->5760K(5824K) Class: 532K(640K)->532K(640K)
[0.318s][info][gc             ] GC(32) Pause Full (Ergonomics) 1M->1M(1M) 2.718ms
[0.318s][info][gc,cpu         ] GC(32) User=0.00s Sys=0.00s Real=0.00s
[0.319s][info][gc,start       ] GC(33) Pause Full (Ergonomics)
[0.319s][info][gc,phases,start] GC(33) Marking Phase
[0.320s][info][gc,phases      ] GC(33) Marking Phase 0.821ms
[0.320s][info][gc,phases,start] GC(33) Summary Phase
[0.320s][info][gc,phases      ] GC(33) Summary Phase 0.013ms
[0.320s][info][gc,phases,start] GC(33) Adjust Roots
[0.320s][info][gc,phases      ] GC(33) Adjust Roots 0.317ms
[0.320s][info][gc,phases,start] GC(33) Compaction Phase
[0.321s][info][gc,phases      ] GC(33) Compaction Phase 1.493ms
[0.321s][info][gc,phases,start] GC(33) Post Compact
[0.321s][info][gc,phases      ] GC(33) Post Compact 0.022ms
[0.321s][info][gc,heap        ] GC(33) PSYoungGen: 1009K(1024K)->1009K(1024K) Eden: 511K(512K)->511K(512K) From: 497K(512K)->497K(512K)
[0.322s][info][gc,heap        ] GC(33) ParOldGen: 496K(512K)->493K(512K)
[0.322s][info][gc,metaspace   ] GC(33) Metaspace: 6293K(6464K)->6293K(6464K) NonClass: 5760K(5824K)->5760K(5824K) Class: 532K(640K)->532K(640K)
[0.322s][info][gc             ] GC(33) Pause Full (Ergonomics) 1M->1M(1M) 2.835ms
[0.322s][info][gc,cpu         ] GC(33) User=0.00s Sys=0.00s Real=0.00s
[0.322s][info][gc,start       ] GC(34) Pause Full (Ergonomics)
[0.322s][info][gc,phases,start] GC(34) Marking Phase
[0.323s][info][gc,phases      ] GC(34) Marking Phase 0.721ms
[0.323s][info][gc,phases,start] GC(34) Summary Phase
[0.323s][info][gc,phases      ] GC(34) Summary Phase 0.013ms
[0.323s][info][gc,phases,start] GC(34) Adjust Roots
[0.323s][info][gc,phases      ] GC(34) Adjust Roots 0.302ms
[0.323s][info][gc,phases,start] GC(34) Compaction Phase
[0.325s][info][gc,phases      ] GC(34) Compaction Phase 1.911ms
[0.325s][info][gc,phases,start] GC(34) Post Compact
[0.325s][info][gc,phases      ] GC(34) Post Compact 0.022ms
[0.325s][info][gc,heap        ] GC(34) PSYoungGen: 1009K(1024K)->1009K(1024K) Eden: 511K(512K)->511K(512K) From: 497K(512K)->497K(512K)
[0.325s][info][gc,heap        ] GC(34) ParOldGen: 499K(512K)->496K(512K)
[0.325s][info][gc,metaspace   ] GC(34) Metaspace: 6293K(6464K)->6293K(6464K) NonClass: 5760K(5824K)->5760K(5824K) Class: 532K(640K)->532K(640K)
[0.325s][info][gc             ] GC(34) Pause Full (Ergonomics) 1M->1M(1M) 3.153ms
[0.325s][info][gc,cpu         ] GC(34) User=0.00s Sys=0.00s Real=0.00s
[0.325s][info][gc,start       ] GC(35) Pause Full (Ergonomics)
[0.325s][info][gc,phases,start] GC(35) Marking Phase
[0.326s][info][gc,phases      ] GC(35) Marking Phase 0.718ms
[0.326s][info][gc,phases,start] GC(35) Summary Phase
[0.326s][info][gc,phases      ] GC(35) Summary Phase 0.013ms
[0.326s][info][gc,phases,start] GC(35) Adjust Roots
[0.326s][info][gc,phases      ] GC(35) Adjust Roots 0.356ms
[0.326s][info][gc,phases,start] GC(35) Compaction Phase
[0.328s][info][gc,phases      ] GC(35) Compaction Phase 1.512ms
[0.328s][info][gc,phases,start] GC(35) Post Compact
[0.328s][info][gc,phases      ] GC(35) Post Compact 0.022ms
[0.328s][info][gc,heap        ] GC(35) PSYoungGen: 1009K(1024K)->1009K(1024K) Eden: 511K(512K)->511K(512K) From: 497K(512K)->497K(512K)
[0.328s][info][gc,heap        ] GC(35) ParOldGen: 502K(512K)->499K(512K)
[0.328s][info][gc,metaspace   ] GC(35) Metaspace: 6293K(6464K)->6293K(6464K) NonClass: 5760K(5824K)->5760K(5824K) Class: 532K(640K)->532K(640K)
[0.328s][info][gc             ] GC(35) Pause Full (Ergonomics) 1M->1M(1M) 2.783ms
[0.328s][info][gc,cpu         ] GC(35) User=0.00s Sys=0.00s Real=0.00s
[0.328s][info][gc,start       ] GC(36) Pause Full (Ergonomics)
[0.328s][info][gc,phases,start] GC(36) Marking Phase
[0.329s][info][gc,phases      ] GC(36) Marking Phase 0.713ms
[0.329s][info][gc,phases,start] GC(36) Summary Phase
[0.329s][info][gc,phases      ] GC(36) Summary Phase 0.013ms
[0.329s][info][gc,phases,start] GC(36) Adjust Roots
[0.329s][info][gc,phases      ] GC(36) Adjust Roots 0.315ms
[0.329s][info][gc,phases,start] GC(36) Compaction Phase
[0.331s][info][gc,phases      ] GC(36) Compaction Phase 1.624ms
[0.331s][info][gc,phases,start] GC(36) Post Compact
[0.331s][info][gc,phases      ] GC(36) Post Compact 0.022ms
[0.331s][info][gc,heap        ] GC(36) PSYoungGen: 1009K(1024K)->1009K(1024K) Eden: 511K(512K)->511K(512K) From: 497K(512K)->497K(512K)
[0.331s][info][gc,heap        ] GC(36) ParOldGen: 504K(512K)->502K(512K)
[0.331s][info][gc,metaspace   ] GC(36) Metaspace: 6293K(6464K)->6293K(6464K) NonClass: 5760K(5824K)->5760K(5824K) Class: 532K(640K)->532K(640K)
[0.331s][info][gc             ] GC(36) Pause Full (Ergonomics) 1M->1M(1M) 2.876ms
[0.331s][info][gc,cpu         ] GC(36) User=0.02s Sys=0.00s Real=0.00s
[0.331s][info][gc,start       ] GC(37) Pause Full (Ergonomics)
[0.331s][info][gc,phases,start] GC(37) Marking Phase
[0.332s][info][gc,phases      ] GC(37) Marking Phase 0.701ms
[0.332s][info][gc,phases,start] GC(37) Summary Phase
[0.332s][info][gc,phases      ] GC(37) Summary Phase 0.013ms
[0.332s][info][gc,phases,start] GC(37) Adjust Roots
[0.332s][info][gc,phases      ] GC(37) Adjust Roots 0.368ms
[0.332s][info][gc,phases,start] GC(37) Compaction Phase
[0.334s][info][gc,phases      ] GC(37) Compaction Phase 1.486ms
[0.334s][info][gc,phases,start] GC(37) Post Compact
[0.334s][info][gc,phases      ] GC(37) Post Compact 0.021ms
[0.334s][info][gc,heap        ] GC(37) PSYoungGen: 1009K(1024K)->1009K(1024K) Eden: 511K(512K)->511K(512K) From: 497K(512K)->497K(512K)
[0.334s][info][gc,heap        ] GC(37) ParOldGen: 507K(512K)->505K(512K)
[0.334s][info][gc,metaspace   ] GC(37) Metaspace: 6293K(6464K)->6293K(6464K) NonClass: 5760K(5824K)->5760K(5824K) Class: 532K(640K)->532K(640K)
[0.334s][info][gc             ] GC(37) Pause Full (Ergonomics) 1M->1M(1M) 2.751ms
[0.334s][info][gc,cpu         ] GC(37) User=0.00s Sys=0.00s Real=0.00s
[0.334s][info][gc,start       ] GC(38) Pause Full (Ergonomics)
[0.334s][info][gc,phases,start] GC(38) Marking Phase
[0.335s][info][gc,phases      ] GC(38) Marking Phase 0.703ms
[0.335s][info][gc,phases,start] GC(38) Summary Phase
[0.335s][info][gc,phases      ] GC(38) Summary Phase 0.013ms
[0.335s][info][gc,phases,start] GC(38) Adjust Roots
[0.335s][info][gc,phases      ] GC(38) Adjust Roots 0.323ms
[0.335s][info][gc,phases,start] GC(38) Compaction Phase
[0.337s][info][gc,phases      ] GC(38) Compaction Phase 1.490ms
[0.337s][info][gc,phases,start] GC(38) Post Compact
[0.337s][info][gc,phases      ] GC(38) Post Compact 0.021ms
[0.337s][info][gc,heap        ] GC(38) PSYoungGen: 1009K(1024K)->1009K(1024K) Eden: 511K(512K)->511K(512K) From: 497K(512K)->497K(512K)
[0.337s][info][gc,heap        ] GC(38) ParOldGen: 510K(512K)->507K(512K)
[0.337s][info][gc,metaspace   ] GC(38) Metaspace: 6293K(6464K)->6293K(6464K) NonClass: 5760K(5824K)->5760K(5824K) Class: 532K(640K)->532K(640K)
[0.337s][info][gc             ] GC(38) Pause Full (Ergonomics) 1M->1M(1M) 2.718ms
[0.337s][info][gc,cpu         ] GC(38) User=0.00s Sys=0.00s Real=0.00s
[0.337s][info][gc,start       ] GC(39) Pause Full (Ergonomics)
[0.337s][info][gc,phases,start] GC(39) Marking Phase
[0.338s][info][gc,phases      ] GC(39) Marking Phase 0.752ms
[0.338s][info][gc,phases,start] GC(39) Summary Phase
[0.338s][info][gc,phases      ] GC(39) Summary Phase 0.013ms
[0.338s][info][gc,phases,start] GC(39) Adjust Roots
[0.338s][info][gc,phases      ] GC(39) Adjust Roots 0.344ms
[0.338s][info][gc,phases,start] GC(39) Compaction Phase
[0.340s][info][gc,phases      ] GC(39) Compaction Phase 1.626ms
[0.340s][info][gc,phases,start] GC(39) Post Compact
[0.340s][info][gc,phases      ] GC(39) Post Compact 0.019ms
[0.340s][info][gc,heap        ] GC(39) PSYoungGen: 1009K(1024K)->1009K(1024K) Eden: 511K(512K)->511K(512K) From: 497K(512K)->497K(512K)
[0.340s][info][gc,heap        ] GC(39) ParOldGen: 511K(512K)->509K(512K)
[0.340s][info][gc,metaspace   ] GC(39) Metaspace: 6293K(6464K)->6293K(6464K) NonClass: 5760K(5824K)->5760K(5824K) Class: 532K(640K)->532K(640K)
[0.340s][info][gc             ] GC(39) Pause Full (Ergonomics) 1M->1M(1M) 2.928ms
[0.340s][info][gc,cpu         ] GC(39) User=0.00s Sys=0.00s Real=0.00s
[0.340s][info][gc,start       ] GC(40) Pause Full (Ergonomics)
[0.340s][info][gc,phases,start] GC(40) Marking Phase
[0.341s][info][gc,phases      ] GC(40) Marking Phase 0.778ms
[0.341s][info][gc,phases,start] GC(40) Summary Phase
[0.341s][info][gc,phases      ] GC(40) Summary Phase 0.021ms
[0.341s][info][gc,phases,start] GC(40) Adjust Roots
[0.341s][info][gc,phases      ] GC(40) Adjust Roots 0.266ms
[0.341s][info][gc,phases,start] GC(40) Compaction Phase
[0.343s][info][gc,phases      ] GC(40) Compaction Phase 1.452ms
[0.343s][info][gc,phases,start] GC(40) Post Compact
[0.343s][info][gc,phases      ] GC(40) Post Compact 0.022ms
[0.343s][info][gc,heap        ] GC(40) PSYoungGen: 1009K(1024K)->1009K(1024K) Eden: 511K(512K)->511K(512K) From: 497K(512K)->497K(512K)
[0.343s][info][gc,heap        ] GC(40) ParOldGen: 511K(512K)->510K(512K)
[0.343s][info][gc,metaspace   ] GC(40) Metaspace: 6293K(6464K)->6293K(6464K) NonClass: 5760K(5824K)->5760K(5824K) Class: 532K(640K)->532K(640K)
[0.343s][info][gc             ] GC(40) Pause Full (Ergonomics) 1M->1M(1M) 2.709ms
[0.343s][info][gc,cpu         ] GC(40) User=0.00s Sys=0.00s Real=0.00s
[0.343s][info][gc,start       ] GC(41) Pause Full (Ergonomics)
[0.343s][info][gc,phases,start] GC(41) Marking Phase
[0.344s][info][gc,phases      ] GC(41) Marking Phase 0.637ms
[0.344s][info][gc,phases,start] GC(41) Summary Phase
[0.344s][info][gc,phases      ] GC(41) Summary Phase 0.013ms
[0.344s][info][gc,phases,start] GC(41) Adjust Roots
[0.344s][info][gc,phases      ] GC(41) Adjust Roots 0.269ms
[0.344s][info][gc,phases,start] GC(41) Compaction Phase
[0.346s][info][gc,phases      ] GC(41) Compaction Phase 1.476ms
[0.346s][info][gc,phases,start] GC(41) Post Compact
[0.346s][info][gc,phases      ] GC(41) Post Compact 0.021ms
[0.346s][info][gc,heap        ] GC(41) PSYoungGen: 1009K(1024K)->1009K(1024K) Eden: 511K(512K)->511K(512K) From: 497K(512K)->497K(512K)
[0.346s][info][gc,heap        ] GC(41) ParOldGen: 512K(512K)->511K(512K)
[0.346s][info][gc,metaspace   ] GC(41) Metaspace: 6293K(6464K)->6293K(6464K) NonClass: 5760K(5824K)->5760K(5824K) Class: 532K(640K)->532K(640K)
[0.346s][info][gc             ] GC(41) Pause Full (Ergonomics) 1M->1M(1M) 2.576ms
[0.346s][info][gc,cpu         ] GC(41) User=0.00s Sys=0.00s Real=0.00s
[0.346s][info][gc,start       ] GC(42) Pause Full (Ergonomics)
[0.346s][info][gc,phases,start] GC(42) Marking Phase
[0.347s][info][gc,phases      ] GC(42) Marking Phase 0.646ms
[0.347s][info][gc,phases,start] GC(42) Summary Phase
[0.347s][info][gc,phases      ] GC(42) Summary Phase 0.013ms
[0.347s][info][gc,phases,start] GC(42) Adjust Roots
[0.347s][info][gc,phases      ] GC(42) Adjust Roots 0.312ms
[0.347s][info][gc,phases,start] GC(42) Compaction Phase
[0.349s][info][gc,phases      ] GC(42) Compaction Phase 1.579ms
[0.349s][info][gc,phases,start] GC(42) Post Compact
[0.349s][info][gc,phases      ] GC(42) Post Compact 0.019ms
[0.349s][info][gc,heap        ] GC(42) PSYoungGen: 1009K(1024K)->1009K(1024K) Eden: 511K(512K)->511K(512K) From: 497K(512K)->497K(512K)
[0.349s][info][gc,heap        ] GC(42) ParOldGen: 511K(512K)->511K(512K)
[0.349s][info][gc,metaspace   ] GC(42) Metaspace: 6293K(6464K)->6293K(6464K) NonClass: 5760K(5824K)->5760K(5824K) Class: 532K(640K)->532K(640K)
[0.349s][info][gc             ] GC(42) Pause Full (Ergonomics) 1M->1M(1M) 2.741ms
[0.349s][info][gc,cpu         ] GC(42) User=0.00s Sys=0.00s Real=0.00s
[0.349s][info][gc,start       ] GC(43) Pause Full (Ergonomics)
[0.349s][info][gc,phases,start] GC(43) Marking Phase
[0.350s][info][gc,phases      ] GC(43) Marking Phase 0.670ms
[0.350s][info][gc,phases,start] GC(43) Summary Phase
[0.350s][info][gc,phases      ] GC(43) Summary Phase 0.013ms
[0.350s][info][gc,phases,start] GC(43) Adjust Roots
[0.350s][info][gc,phases      ] GC(43) Adjust Roots 0.261ms
[0.350s][info][gc,phases,start] GC(43) Compaction Phase
[0.351s][info][gc,phases      ] GC(43) Compaction Phase 1.456ms
[0.351s][info][gc,phases,start] GC(43) Post Compact
[0.351s][info][gc,phases      ] GC(43) Post Compact 0.021ms
[0.352s][info][gc,heap        ] GC(43) PSYoungGen: 1009K(1024K)->1009K(1024K) Eden: 511K(512K)->511K(512K) From: 497K(512K)->497K(512K)
[0.352s][info][gc,heap        ] GC(43) ParOldGen: 511K(512K)->511K(512K)
[0.352s][info][gc,metaspace   ] GC(43) Metaspace: 6293K(6464K)->6293K(6464K) NonClass: 5760K(5824K)->5760K(5824K) Class: 532K(640K)->532K(640K)
[0.352s][info][gc             ] GC(43) Pause Full (Ergonomics) 1M->1M(1M) 2.598ms
[0.352s][info][gc,cpu         ] GC(43) User=0.00s Sys=0.00s Real=0.00s
[0.352s][info][gc,start       ] GC(44) Pause Full (Ergonomics)
[0.352s][info][gc,phases,start] GC(44) Marking Phase
[0.353s][info][gc,phases      ] GC(44) Marking Phase 0.762ms
[0.353s][info][gc,phases,start] GC(44) Summary Phase
[0.353s][info][gc,phases      ] GC(44) Summary Phase 0.014ms
[0.353s][info][gc,phases,start] GC(44) Adjust Roots
[0.353s][info][gc,phases      ] GC(44) Adjust Roots 0.336ms
[0.353s][info][gc,phases,start] GC(44) Compaction Phase
[0.354s][info][gc,phases      ] GC(44) Compaction Phase 1.459ms
[0.354s][info][gc,phases,start] GC(44) Post Compact
[0.354s][info][gc,phases      ] GC(44) Post Compact 0.022ms
[0.354s][info][gc,heap        ] GC(44) PSYoungGen: 1009K(1024K)->1009K(1024K) Eden: 511K(512K)->511K(512K) From: 497K(512K)->497K(512K)
[0.354s][info][gc,heap        ] GC(44) ParOldGen: 511K(512K)->511K(512K)
[0.355s][info][gc,metaspace   ] GC(44) Metaspace: 6293K(6464K)->6293K(6464K) NonClass: 5760K(5824K)->5760K(5824K) Class: 532K(640K)->532K(640K)
[0.355s][info][gc             ] GC(44) Pause Full (Ergonomics) 1M->1M(1M) 2.764ms
[0.355s][info][gc,cpu         ] GC(44) User=0.00s Sys=0.00s Real=0.00s
[0.355s][info][gc,start       ] GC(45) Pause Full (Ergonomics)
[0.355s][info][gc,phases,start] GC(45) Marking Phase
[0.355s][info][gc,phases      ] GC(45) Marking Phase 0.639ms
[0.355s][info][gc,phases,start] GC(45) Summary Phase
[0.355s][info][gc,phases      ] GC(45) Summary Phase 0.013ms
[0.355s][info][gc,phases,start] GC(45) Adjust Roots
[0.356s][info][gc,phases      ] GC(45) Adjust Roots 0.356ms
[0.356s][info][gc,phases,start] GC(45) Compaction Phase
[0.357s][info][gc,phases      ] GC(45) Compaction Phase 1.473ms
[0.357s][info][gc,phases,start] GC(45) Post Compact
[0.357s][info][gc,phases      ] GC(45) Post Compact 0.022ms
[0.357s][info][gc,heap        ] GC(45) PSYoungGen: 1009K(1024K)->1009K(1024K) Eden: 511K(512K)->511K(512K) From: 497K(512K)->497K(512K)
[0.357s][info][gc,heap        ] GC(45) ParOldGen: 511K(512K)->511K(512K)
[0.357s][info][gc,metaspace   ] GC(45) Metaspace: 6293K(6464K)->6293K(6464K) NonClass: 5760K(5824K)->5760K(5824K) Class: 532K(640K)->532K(640K)
[0.357s][info][gc             ] GC(45) Pause Full (Ergonomics) 1M->1M(1M) 2.678ms
[0.357s][info][gc,cpu         ] GC(45) User=0.00s Sys=0.00s Real=0.00s
[0.357s][info][gc,start       ] GC(46) Pause Full (Allocation Failure)
[0.357s][info][gc,phases,start] GC(46) Marking Phase
[0.358s][info][gc,phases      ] GC(46) Marking Phase 0.644ms
[0.358s][info][gc,phases,start] GC(46) Summary Phase
[0.358s][info][gc,phases      ] GC(46) Summary Phase 0.013ms
[0.358s][info][gc,phases,start] GC(46) Adjust Roots
[0.358s][info][gc,phases      ] GC(46) Adjust Roots 0.316ms
[0.358s][info][gc,phases,start] GC(46) Compaction Phase
[0.360s][info][gc,phases      ] GC(46) Compaction Phase 1.475ms
[0.360s][info][gc,phases,start] GC(46) Post Compact
[0.360s][info][gc,phases      ] GC(46) Post Compact 0.021ms
[0.360s][info][gc,heap        ] GC(46) PSYoungGen: 1009K(1024K)->1009K(1024K) Eden: 511K(512K)->511K(512K) From: 497K(512K)->497K(512K)
[0.360s][info][gc,heap        ] GC(46) ParOldGen: 511K(512K)->511K(512K)
[0.360s][info][gc,metaspace   ] GC(46) Metaspace: 6293K(6464K)->6293K(6464K) NonClass: 5760K(5824K)->5760K(5824K) Class: 532K(640K)->532K(640K)
[0.360s][info][gc             ] GC(46) Pause Full (Allocation Failure) 1M->1M(1M) 2.619ms
[0.360s][info][gc,cpu         ] GC(46) User=0.00s Sys=0.00s Real=0.00s
[0.360s][info][gc,start       ] GC(47) Pause Full (Ergonomics)
[0.360s][info][gc,phases,start] GC(47) Marking Phase
[0.361s][info][gc,phases      ] GC(47) Marking Phase 0.677ms
[0.361s][info][gc,phases,start] GC(47) Summary Phase
[0.361s][info][gc,phases      ] GC(47) Summary Phase 0.013ms
[0.361s][info][gc,phases,start] GC(47) Adjust Roots
[0.361s][info][gc,phases      ] GC(47) Adjust Roots 0.275ms
[0.361s][info][gc,phases,start] GC(47) Compaction Phase
[0.363s][info][gc,phases      ] GC(47) Compaction Phase 1.423ms
[0.363s][info][gc,phases,start] GC(47) Post Compact
[0.363s][info][gc,phases      ] GC(47) Post Compact 0.021ms
[0.363s][info][gc,heap        ] GC(47) PSYoungGen: 1009K(1024K)->1007K(1024K) Eden: 512K(512K)->512K(512K) From: 497K(512K)->495K(512K)
[0.363s][info][gc,heap        ] GC(47) ParOldGen: 511K(512K)->511K(512K)
[0.363s][info][gc,metaspace   ] GC(47) Metaspace: 6293K(6464K)->6293K(6464K) NonClass: 5760K(5824K)->5760K(5824K) Class: 532K(640K)->532K(640K)
[0.363s][info][gc             ] GC(47) Pause Full (Ergonomics) 1M->1M(1M) 2.596ms
[0.363s][info][gc,cpu         ] GC(47) User=0.02s Sys=0.00s Real=0.00s
[0.363s][info][gc,start       ] GC(48) Pause Full (Ergonomics)
[0.363s][info][gc,phases,start] GC(48) Marking Phase
[0.364s][info][gc,phases      ] GC(48) Marking Phase 0.670ms
[0.364s][info][gc,phases,start] GC(48) Summary Phase
[0.364s][info][gc,phases      ] GC(48) Summary Phase 0.013ms
[0.364s][info][gc,phases,start] GC(48) Adjust Roots
[0.364s][info][gc,phases      ] GC(48) Adjust Roots 0.308ms
[0.364s][info][gc,phases,start] GC(48) Compaction Phase
[0.366s][info][gc,phases      ] GC(48) Compaction Phase 1.405ms
[0.366s][info][gc,phases,start] GC(48) Post Compact
[0.366s][info][gc,phases      ] GC(48) Post Compact 0.020ms
[0.366s][info][gc,heap        ] GC(48) PSYoungGen: 1007K(1024K)->1007K(1024K) Eden: 512K(512K)->512K(512K) From: 495K(512K)->495K(512K)
[0.366s][info][gc,heap        ] GC(48) ParOldGen: 512K(512K)->511K(512K)
[0.366s][info][gc,metaspace   ] GC(48) Metaspace: 6293K(6464K)->6293K(6464K) NonClass: 5760K(5824K)->5760K(5824K) Class: 532K(640K)->532K(640K)
[0.366s][info][gc             ] GC(48) Pause Full (Ergonomics) 1M->1M(1M) 2.579ms
[0.366s][info][gc,cpu         ] GC(48) User=0.00s Sys=0.00s Real=0.00s
[0.366s][info][gc,start       ] GC(49) Pause Full (Ergonomics)
[0.366s][info][gc,phases,start] GC(49) Marking Phase
[0.367s][info][gc,phases      ] GC(49) Marking Phase 0.685ms
[0.367s][info][gc,phases,start] GC(49) Summary Phase
[0.367s][info][gc,phases      ] GC(49) Summary Phase 0.013ms
[0.367s][info][gc,phases,start] GC(49) Adjust Roots
[0.367s][info][gc,phases      ] GC(49) Adjust Roots 0.260ms
[0.367s][info][gc,phases,start] GC(49) Compaction Phase
[0.368s][info][gc,phases      ] GC(49) Compaction Phase 1.448ms
[0.368s][info][gc,phases,start] GC(49) Post Compact
[0.368s][info][gc,phases      ] GC(49) Post Compact 0.023ms
[0.368s][info][gc,heap        ] GC(49) PSYoungGen: 1007K(1024K)->1007K(1024K) Eden: 512K(512K)->512K(512K) From: 495K(512K)->495K(512K)
[0.368s][info][gc,heap        ] GC(49) ParOldGen: 511K(512K)->511K(512K)
[0.368s][info][gc,metaspace   ] GC(49) Metaspace: 6293K(6464K)->6293K(6464K) NonClass: 5760K(5824K)->5760K(5824K) Class: 532K(640K)->532K(640K)
[0.368s][info][gc             ] GC(49) Pause Full (Ergonomics) 1M->1M(1M) 2.610ms
[0.369s][info][gc,cpu         ] GC(49) User=0.00s Sys=0.00s Real=0.00s
[0.369s][info][gc,start       ] GC(50) Pause Full (Allocation Failure)
[0.369s][info][gc,phases,start] GC(50) Marking Phase
[0.369s][info][gc,phases      ] GC(50) Marking Phase 0.641ms
[0.369s][info][gc,phases,start] GC(50) Summary Phase
[0.369s][info][gc,phases      ] GC(50) Summary Phase 0.013ms
[0.369s][info][gc,phases,start] GC(50) Adjust Roots
[0.370s][info][gc,phases      ] GC(50) Adjust Roots 0.278ms
[0.370s][info][gc,phases,start] GC(50) Compaction Phase
[0.371s][info][gc,phases      ] GC(50) Compaction Phase 1.391ms
[0.371s][info][gc,phases,start] GC(50) Post Compact
[0.371s][info][gc,phases      ] GC(50) Post Compact 0.020ms
[0.371s][info][gc,heap        ] GC(50) PSYoungGen: 1007K(1024K)->1007K(1024K) Eden: 512K(512K)->512K(512K) From: 495K(512K)->495K(512K)
[0.371s][info][gc,heap        ] GC(50) ParOldGen: 511K(512K)->511K(512K)
[0.371s][info][gc,metaspace   ] GC(50) Metaspace: 6293K(6464K)->6293K(6464K) NonClass: 5760K(5824K)->5760K(5824K) Class: 532K(640K)->532K(640K)
[0.371s][info][gc             ] GC(50) Pause Full (Allocation Failure) 1M->1M(1M) 2.501ms
[0.371s][info][gc,cpu         ] GC(50) User=0.00s Sys=0.00s Real=0.00s
[0.371s][info][gc,start       ] GC(51) Pause Full (Ergonomics)
[0.371s][info][gc,phases,start] GC(51) Marking Phase
[0.372s][info][gc,phases      ] GC(51) Marking Phase 0.733ms
[0.372s][info][gc,phases,start] GC(51) Summary Phase
[0.372s][info][gc,phases      ] GC(51) Summary Phase 0.013ms
[0.372s][info][gc,phases,start] GC(51) Adjust Roots
[0.372s][info][gc,phases      ] GC(51) Adjust Roots 0.310ms
[0.372s][info][gc,phases,start] GC(51) Compaction Phase
[0.374s][info][gc,phases      ] GC(51) Compaction Phase 1.853ms
[0.374s][info][gc,phases,start] GC(51) Post Compact
[0.374s][info][gc,phases      ] GC(51) Post Compact 0.022ms
[0.374s][info][gc,heap        ] GC(51) PSYoungGen: 1007K(1024K)->1006K(1024K) Eden: 512K(512K)->512K(512K) From: 495K(512K)->494K(512K)
[0.374s][info][gc,heap        ] GC(51) ParOldGen: 511K(512K)->511K(512K)
[0.374s][info][gc,metaspace   ] GC(51) Metaspace: 6293K(6464K)->6293K(6464K) NonClass: 5760K(5824K)->5760K(5824K) Class: 532K(640K)->532K(640K)
[0.374s][info][gc             ] GC(51) Pause Full (Ergonomics) 1M->1M(1M) 3.099ms
[0.374s][info][gc,cpu         ] GC(51) User=0.00s Sys=0.00s Real=0.00s
[0.375s][info][gc,start       ] GC(52) Pause Full (Ergonomics)
[0.375s][info][gc,phases,start] GC(52) Marking Phase
[0.375s][info][gc,phases      ] GC(52) Marking Phase 0.671ms
[0.375s][info][gc,phases,start] GC(52) Summary Phase
[0.375s][info][gc,phases      ] GC(52) Summary Phase 0.013ms
[0.375s][info][gc,phases,start] GC(52) Adjust Roots
[0.376s][info][gc,phases      ] GC(52) Adjust Roots 0.307ms
[0.376s][info][gc,phases,start] GC(52) Compaction Phase
[0.377s][info][gc,phases      ] GC(52) Compaction Phase 1.416ms
[0.377s][info][gc,phases,start] GC(52) Post Compact
[0.377s][info][gc,phases      ] GC(52) Post Compact 0.021ms
[0.377s][info][gc,heap        ] GC(52) PSYoungGen: 1006K(1024K)->1006K(1024K) Eden: 512K(512K)->512K(512K) From: 494K(512K)->494K(512K)
[0.377s][info][gc,heap        ] GC(52) ParOldGen: 511K(512K)->511K(512K)
[0.377s][info][gc,metaspace   ] GC(52) Metaspace: 6293K(6464K)->6293K(6464K) NonClass: 5760K(5824K)->5760K(5824K) Class: 532K(640K)->532K(640K)
[0.377s][info][gc             ] GC(52) Pause Full (Ergonomics) 1M->1M(1M) 2.606ms
[0.377s][info][gc,cpu         ] GC(52) User=0.00s Sys=0.00s Real=0.00s
[0.377s][info][gc,start       ] GC(53) Pause Full (Ergonomics)
[0.377s][info][gc,phases,start] GC(53) Marking Phase
[0.378s][info][gc,phases      ] GC(53) Marking Phase 0.642ms
[0.378s][info][gc,phases,start] GC(53) Summary Phase
[0.378s][info][gc,phases      ] GC(53) Summary Phase 0.013ms
[0.378s][info][gc,phases,start] GC(53) Adjust Roots
[0.378s][info][gc,phases      ] GC(53) Adjust Roots 0.239ms
[0.378s][info][gc,phases,start] GC(53) Compaction Phase
[0.380s][info][gc,phases      ] GC(53) Compaction Phase 1.199ms
[0.380s][info][gc,phases,start] GC(53) Post Compact
[0.380s][info][gc,phases      ] GC(53) Post Compact 0.021ms
[0.380s][info][gc,heap        ] GC(53) PSYoungGen: 1006K(1024K)->1006K(1024K) Eden: 512K(512K)->512K(512K) From: 494K(512K)->494K(512K)
[0.380s][info][gc,heap        ] GC(53) ParOldGen: 512K(512K)->512K(512K)
[0.380s][info][gc,metaspace   ] GC(53) Metaspace: 6293K(6464K)->6293K(6464K) NonClass: 5760K(5824K)->5760K(5824K) Class: 532K(640K)->532K(640K)
[0.380s][info][gc             ] GC(53) Pause Full (Ergonomics) 1M->1M(1M) 2.276ms
[0.380s][info][gc,cpu         ] GC(53) User=0.00s Sys=0.00s Real=0.00s
[0.380s][info][gc,start       ] GC(54) Pause Full (Allocation Failure)
[0.380s][info][gc,phases,start] GC(54) Marking Phase
[0.380s][info][gc,phases      ] GC(54) Marking Phase 0.609ms
[0.380s][info][gc,phases,start] GC(54) Summary Phase
[0.380s][info][gc,phases      ] GC(54) Summary Phase 0.013ms
[0.380s][info][gc,phases,start] GC(54) Adjust Roots
[0.381s][info][gc,phases      ] GC(54) Adjust Roots 0.258ms
[0.381s][info][gc,phases,start] GC(54) Compaction Phase
[0.382s][info][gc,phases      ] GC(54) Compaction Phase 1.293ms
[0.382s][info][gc,phases,start] GC(54) Post Compact
[0.382s][info][gc,phases      ] GC(54) Post Compact 0.020ms
[0.382s][info][gc,heap        ] GC(54) PSYoungGen: 1006K(1024K)->1006K(1024K) Eden: 512K(512K)->512K(512K) From: 494K(512K)->494K(512K)
[0.382s][info][gc,heap        ] GC(54) ParOldGen: 512K(512K)->512K(512K)
[0.382s][info][gc,metaspace   ] GC(54) Metaspace: 6293K(6464K)->6293K(6464K) NonClass: 5760K(5824K)->5760K(5824K) Class: 532K(640K)->532K(640K)
[0.382s][info][gc             ] GC(54) Pause Full (Allocation Failure) 1M->1M(1M) 2.343ms
[0.382s][info][gc,cpu         ] GC(54) User=0.00s Sys=0.00s Real=0.00s
[0.383s][info][gc,start       ] GC(55) Pause Full (Ergonomics)
[0.383s][info][gc,phases,start] GC(55) Marking Phase
[0.383s][info][gc,phases      ] GC(55) Marking Phase 0.762ms
[0.383s][info][gc,phases,start] GC(55) Summary Phase
[0.383s][info][gc,phases      ] GC(55) Summary Phase 0.013ms
[0.383s][info][gc,phases,start] GC(55) Adjust Roots
[0.384s][info][gc,phases      ] GC(55) Adjust Roots 0.309ms
[0.384s][info][gc,phases,start] GC(55) Compaction Phase
[0.385s][info][gc,phases      ] GC(55) Compaction Phase 1.409ms
[0.385s][info][gc,phases,start] GC(55) Post Compact
[0.385s][info][gc,phases      ] GC(55) Post Compact 0.022ms
[0.385s][info][gc,heap        ] GC(55) PSYoungGen: 1006K(1024K)->1006K(1024K) Eden: 512K(512K)->512K(512K) From: 494K(512K)->494K(512K)
[0.385s][info][gc,heap        ] GC(55) ParOldGen: 512K(512K)->511K(512K)
[0.385s][info][gc,metaspace   ] GC(55) Metaspace: 6293K(6464K)->6293K(6464K) NonClass: 5760K(5824K)->5760K(5824K) Class: 533K(640K)->533K(640K)
[0.385s][info][gc             ] GC(55) Pause Full (Ergonomics) 1M->1M(1M) 2.715ms
[0.385s][info][gc,cpu         ] GC(55) User=0.00s Sys=0.00s Real=0.00s
[0.385s][info][gc,start       ] GC(56) Pause Full (Allocation Failure)
[0.385s][info][gc,phases,start] GC(56) Marking Phase
[0.386s][info][gc,phases      ] GC(56) Marking Phase 0.660ms
[0.386s][info][gc,phases,start] GC(56) Summary Phase
[0.386s][info][gc,phases      ] GC(56) Summary Phase 0.013ms
[0.386s][info][gc,phases,start] GC(56) Adjust Roots
[0.386s][info][gc,phases      ] GC(56) Adjust Roots 0.302ms
[0.386s][info][gc,phases,start] GC(56) Compaction Phase
[0.388s][info][gc,phases      ] GC(56) Compaction Phase 1.397ms
[0.388s][info][gc,phases,start] GC(56) Post Compact
[0.388s][info][gc,phases      ] GC(56) Post Compact 0.020ms
[0.388s][info][gc,heap        ] GC(56) PSYoungGen: 1006K(1024K)->1006K(1024K) Eden: 512K(512K)->512K(512K) From: 494K(512K)->494K(512K)
[0.388s][info][gc,heap        ] GC(56) ParOldGen: 511K(512K)->511K(512K)
[0.388s][info][gc,metaspace   ] GC(56) Metaspace: 6293K(6464K)->6293K(6464K) NonClass: 5760K(5824K)->5760K(5824K) Class: 533K(640K)->533K(640K)
[0.388s][info][gc             ] GC(56) Pause Full (Allocation Failure) 1M->1M(1M) 2.541ms
[0.388s][info][gc,cpu         ] GC(56) User=0.00s Sys=0.00s Real=0.00s
[0.388s][info][gc,start       ] GC(57) Pause Full (Ergonomics)
[0.388s][info][gc,phases,start] GC(57) Marking Phase
[0.389s][info][gc,phases      ] GC(57) Marking Phase 0.664ms
[0.389s][info][gc,phases,start] GC(57) Summary Phase
[0.389s][info][gc,phases      ] GC(57) Summary Phase 0.013ms
[0.389s][info][gc,phases,start] GC(57) Adjust Roots
[0.389s][info][gc,phases      ] GC(57) Adjust Roots 0.301ms
[0.389s][info][gc,phases,start] GC(57) Compaction Phase
[0.391s][info][gc,phases      ] GC(57) Compaction Phase 1.400ms
[0.391s][info][gc,phases,start] GC(57) Post Compact
[0.391s][info][gc,phases      ] GC(57) Post Compact 0.036ms
[0.391s][info][gc,heap        ] GC(57) PSYoungGen: 1006K(1024K)->1006K(1024K) Eden: 512K(512K)->512K(512K) From: 494K(512K)->494K(512K)
[0.391s][info][gc,heap        ] GC(57) ParOldGen: 511K(512K)->511K(512K)
[0.391s][info][gc,metaspace   ] GC(57) Metaspace: 6294K(6464K)->6294K(6464K) NonClass: 5760K(5824K)->5760K(5824K) Class: 533K(640K)->533K(640K)
[0.391s][info][gc             ] GC(57) Pause Full (Ergonomics) 1M->1M(1M) 2.584ms
[0.391s][info][gc,cpu         ] GC(57) User=0.00s Sys=0.00s Real=0.00s
[0.391s][info][gc,start       ] GC(58) Pause Full (Allocation Failure)
[0.391s][info][gc,phases,start] GC(58) Marking Phase
[0.392s][info][gc,phases      ] GC(58) Marking Phase 0.632ms
[0.392s][info][gc,phases,start] GC(58) Summary Phase
[0.392s][info][gc,phases      ] GC(58) Summary Phase 0.013ms
[0.392s][info][gc,phases,start] GC(58) Adjust Roots
[0.392s][info][gc,phases      ] GC(58) Adjust Roots 0.300ms
[0.392s][info][gc,phases,start] GC(58) Compaction Phase
[0.393s][info][gc,phases      ] GC(58) Compaction Phase 1.411ms
[0.393s][info][gc,phases,start] GC(58) Post Compact
[0.393s][info][gc,phases      ] GC(58) Post Compact 0.020ms
[0.393s][info][gc,heap        ] GC(58) PSYoungGen: 1006K(1024K)->1006K(1024K) Eden: 512K(512K)->512K(512K) From: 494K(512K)->494K(512K)
[0.393s][info][gc,heap        ] GC(58) ParOldGen: 511K(512K)->511K(512K)
[0.393s][info][gc,metaspace   ] GC(58) Metaspace: 6294K(6464K)->6294K(6464K) NonClass: 5760K(5824K)->5760K(5824K) Class: 533K(640K)->533K(640K)
[0.393s][info][gc             ] GC(58) Pause Full (Allocation Failure) 1M->1M(1M) 2.525ms
[0.393s][info][gc,cpu         ] GC(58) User=0.02s Sys=0.00s Real=0.00s
[0.394s][info][gc,start       ] GC(59) Pause Full (Ergonomics)
[0.394s][info][gc,phases,start] GC(59) Marking Phase
[0.394s][info][gc,phases      ] GC(59) Marking Phase 0.627ms
[0.394s][info][gc,phases,start] GC(59) Summary Phase
[0.394s][info][gc,phases      ] GC(59) Summary Phase 0.012ms
[0.394s][info][gc,phases,start] GC(59) Adjust Roots
[0.395s][info][gc,phases      ] GC(59) Adjust Roots 0.315ms
[0.395s][info][gc,phases,start] GC(59) Compaction Phase
[0.396s][info][gc,phases      ] GC(59) Compaction Phase 1.401ms
[0.396s][info][gc,phases,start] GC(59) Post Compact
[0.396s][info][gc,phases      ] GC(59) Post Compact 0.036ms
[0.396s][info][gc,heap        ] GC(59) PSYoungGen: 1006K(1024K)->1006K(1024K) Eden: 512K(512K)->512K(512K) From: 494K(512K)->494K(512K)
[0.396s][info][gc,heap        ] GC(59) ParOldGen: 511K(512K)->511K(512K)
[0.396s][info][gc,metaspace   ] GC(59) Metaspace: 6294K(6464K)->6294K(6464K) NonClass: 5760K(5824K)->5760K(5824K) Class: 533K(640K)->533K(640K)
[0.396s][info][gc             ] GC(59) Pause Full (Ergonomics) 1M->1M(1M) 2.560ms
[0.396s][info][gc,cpu         ] GC(59) User=0.00s Sys=0.00s Real=0.00s
[0.396s][info][gc,start       ] GC(60) Pause Full (Allocation Failure)
[0.396s][info][gc,phases,start] GC(60) Marking Phase
[0.397s][info][gc,phases      ] GC(60) Marking Phase 0.621ms
[0.397s][info][gc,phases,start] GC(60) Summary Phase
[0.397s][info][gc,phases      ] GC(60) Summary Phase 0.013ms
[0.397s][info][gc,phases,start] GC(60) Adjust Roots
[0.397s][info][gc,phases      ] GC(60) Adjust Roots 0.298ms
[0.397s][info][gc,phases,start] GC(60) Compaction Phase
[0.399s][info][gc,phases      ] GC(60) Compaction Phase 1.461ms
[0.399s][info][gc,phases,start] GC(60) Post Compact
[0.399s][info][gc,phases      ] GC(60) Post Compact 0.022ms
[0.399s][info][gc,heap        ] GC(60) PSYoungGen: 1006K(1024K)->1006K(1024K) Eden: 512K(512K)->512K(512K) From: 494K(512K)->494K(512K)
[0.399s][info][gc,heap        ] GC(60) ParOldGen: 511K(512K)->511K(512K)
[0.399s][info][gc,metaspace   ] GC(60) Metaspace: 6294K(6464K)->6294K(6464K) NonClass: 5760K(5824K)->5760K(5824K) Class: 533K(640K)->533K(640K)
[0.399s][info][gc             ] GC(60) Pause Full (Allocation Failure) 1M->1M(1M) 2.580ms
[0.399s][info][gc,cpu         ] GC(60) User=0.00s Sys=0.00s Real=0.00s
[0.399s][info][gc,start       ] GC(61) Pause Full (Ergonomics)
[0.399s][info][gc,phases,start] GC(61) Marking Phase
[0.400s][info][gc,phases      ] GC(61) Marking Phase 0.699ms
[0.400s][info][gc,phases,start] GC(61) Summary Phase
[0.400s][info][gc,phases      ] GC(61) Summary Phase 0.013ms
[0.400s][info][gc,phases,start] GC(61) Adjust Roots
[0.400s][info][gc,phases      ] GC(61) Adjust Roots 0.356ms
[0.400s][info][gc,phases,start] GC(61) Compaction Phase
[0.402s][info][gc,phases      ] GC(61) Compaction Phase 1.456ms
[0.402s][info][gc,phases,start] GC(61) Post Compact
[0.402s][info][gc,phases      ] GC(61) Post Compact 0.040ms
[0.402s][info][gc,heap        ] GC(61) PSYoungGen: 1006K(1024K)->1006K(1024K) Eden: 512K(512K)->512K(512K) From: 494K(512K)->494K(512K)
[0.402s][info][gc,heap        ] GC(61) ParOldGen: 511K(512K)->511K(512K)
[0.402s][info][gc,metaspace   ] GC(61) Metaspace: 6294K(6464K)->6294K(6464K) NonClass: 5760K(5824K)->5760K(5824K) Class: 533K(640K)->533K(640K)
[0.402s][info][gc             ] GC(61) Pause Full (Ergonomics) 1M->1M(1M) 2.756ms
[0.402s][info][gc,cpu         ] GC(61) User=0.00s Sys=0.00s Real=0.00s
[0.402s][info][gc,start       ] GC(62) Pause Full (Allocation Failure)
[0.402s][info][gc,phases,start] GC(62) Marking Phase
[0.403s][info][gc,phases      ] GC(62) Marking Phase 0.673ms
[0.403s][info][gc,phases,start] GC(62) Summary Phase
[0.403s][info][gc,phases      ] GC(62) Summary Phase 0.013ms
[0.403s][info][gc,phases,start] GC(62) Adjust Roots
[0.403s][info][gc,phases      ] GC(62) Adjust Roots 0.321ms
[0.403s][info][gc,phases,start] GC(62) Compaction Phase
[0.405s][info][gc,phases      ] GC(62) Compaction Phase 1.418ms
[0.405s][info][gc,phases,start] GC(62) Post Compact
[0.405s][info][gc,phases      ] GC(62) Post Compact 0.021ms
[0.405s][info][gc,heap        ] GC(62) PSYoungGen: 1006K(1024K)->1006K(1024K) Eden: 512K(512K)->512K(512K) From: 494K(512K)->494K(512K)
[0.405s][info][gc,heap        ] GC(62) ParOldGen: 511K(512K)->511K(512K)
[0.405s][info][gc,metaspace   ] GC(62) Metaspace: 6294K(6464K)->6294K(6464K) NonClass: 5760K(5824K)->5760K(5824K) Class: 533K(640K)->533K(640K)
[0.405s][info][gc             ] GC(62) Pause Full (Allocation Failure) 1M->1M(1M) 2.607ms
[0.405s][info][gc,cpu         ] GC(62) User=0.00s Sys=0.00s Real=0.00s
