[0.014s][info][gc,init] CardTable entry size: 512
[0.014s][info][gc     ] Using Parallel
[0.014s][info][gc,init] Version: 18.0.1+10 (release)
[0.014s][info][gc,init] CPUs: 8 total, 8 available
[0.014s][info][gc,init] Memory: 16063M
[0.014s][info][gc,init] Large Page Support: Disabled
[0.014s][info][gc,init] NUMA Support: Disabled
[0.014s][info][gc,init] Compressed Oops: Enabled (32-bit)
[0.014s][info][gc,init] Alignments: Space 512K, Generation 512K, Heap 2M
[0.014s][info][gc,init] Heap Min Capacity: 2M
[0.015s][info][gc,init] Heap Initial Capacity: 2M
[0.015s][info][gc,init] Heap Max Capacity: 500M
[0.015s][info][gc,init] Pre-touch: Disabled
[0.015s][info][gc,init] Parallel Workers: 6
[0.015s][info][gc,metaspace] CDS archive(s) not mapped
[0.015s][info][gc,metaspace] Compressed class space mapped at: 0x0000000100000000-0x0000000140000000, reserved size: 1073741824
[0.015s][info][gc,metaspace] Narrow klass base: 0x0000000000000000, Narrow klass shift: 3, Narrow klass range: 0x140000000
[0.127s][info][gc,start    ] GC(0) Pause Young (Allocation Failure)
[0.129s][info][gc,heap     ] GC(0) PSYoungGen: 512K(1024K)->512K(1024K) Eden: 512K(512K)->0K(512K) From: 0K(512K)->512K(512K)
[0.129s][info][gc,heap     ] GC(0) ParOldGen: 0K(512K)->48K(512K)
[0.129s][info][gc,metaspace] GC(0) Metaspace: 4230K(4352K)->4230K(4352K) NonClass: 3909K(3968K)->3909K(3968K) Class: 321K(384K)->321K(384K)
[0.129s][info][gc          ] GC(0) Pause Young (Allocation Failure) 0M->0M(1M) 1.673ms
[0.129s][info][gc,cpu      ] GC(0) User=0.00s Sys=0.00s Real=0.00s
[0.200s][info][gc,start    ] GC(1) Pause Young (Allocation Failure)
[0.201s][info][gc,heap     ] GC(1) PSYoungGen: 1023K(1024K)->496K(1536K) Eden: 511K(512K)->0K(1024K) From: 512K(512K)->496K(512K)
[0.201s][info][gc,heap     ] GC(1) ParOldGen: 48K(512K)->120K(512K)
[0.201s][info][gc,metaspace] GC(1) Metaspace: 5881K(6016K)->5881K(6016K) NonClass: 5384K(5504K)->5384K(5504K) Class: 496K(512K)->496K(512K)
[0.201s][info][gc          ] GC(1) Pause Young (Allocation Failure) 1M->0M(2M) 0.797ms
[0.201s][info][gc,cpu      ] GC(1) User=0.00s Sys=0.00s Real=0.00s
[0.226s][info][gc,start    ] GC(2) Pause Young (Allocation Failure)
[0.227s][info][gc,heap     ] GC(2) PSYoungGen: 1520K(1536K)->512K(1536K) Eden: 1024K(1024K)->0K(1024K) From: 496K(512K)->512K(512K)
[0.227s][info][gc,heap     ] GC(2) ParOldGen: 120K(512K)->552K(1024K)
[0.227s][info][gc,metaspace] GC(2) Metaspace: 6300K(6464K)->6300K(6464K) NonClass: 5767K(5824K)->5767K(5824K) Class: 533K(640K)->533K(640K)
[0.227s][info][gc          ] GC(2) Pause Young (Allocation Failure) 1M->1M(2M) 0.983ms
[0.227s][info][gc,cpu      ] GC(2) User=0.00s Sys=0.00s Real=0.00s
[0.229s][info][gc,start    ] GC(3) Pause Young (Allocation Failure)
[0.230s][info][gc,heap     ] GC(3) PSYoungGen: 1536K(1536K)->480K(2560K) Eden: 1024K(1024K)->0K(2048K) From: 512K(512K)->480K(512K)
[0.230s][info][gc,heap     ] GC(3) ParOldGen: 552K(1024K)->1132K(1536K)
[0.230s][info][gc,metaspace] GC(3) Metaspace: 6300K(6464K)->6300K(6464K) NonClass: 5767K(5824K)->5767K(5824K) Class: 533K(640K)->533K(640K)
[0.230s][info][gc          ] GC(3) Pause Young (Allocation Failure) 2M->1M(4M) 1.062ms
[0.230s][info][gc,cpu      ] GC(3) User=0.00s Sys=0.00s Real=0.00s
[0.230s][info][gc,start    ] GC(4) Pause Full (Ergonomics)
[0.230s][info][gc,phases,start] GC(4) Marking Phase
[0.231s][info][gc,phases      ] GC(4) Marking Phase 1.083ms
[0.232s][info][gc,phases,start] GC(4) Summary Phase
[0.232s][info][gc,phases      ] GC(4) Summary Phase 0.017ms
[0.232s][info][gc,phases,start] GC(4) Adjust Roots
[0.232s][info][gc,phases      ] GC(4) Adjust Roots 0.349ms
[0.232s][info][gc,phases,start] GC(4) Compaction Phase
[0.235s][info][gc,phases      ] GC(4) Compaction Phase 2.997ms
[0.235s][info][gc,phases,start] GC(4) Post Compact
[0.235s][info][gc,phases      ] GC(4) Post Compact 0.092ms
[0.235s][info][gc,heap        ] GC(4) PSYoungGen: 480K(2560K)->0K(2560K) Eden: 0K(2048K)->0K(2048K) From: 480K(512K)->0K(512K)
[0.235s][info][gc,heap        ] GC(4) ParOldGen: 1132K(1536K)->1495K(3584K)
[0.235s][info][gc,metaspace   ] GC(4) Metaspace: 6300K(6464K)->6300K(6464K) NonClass: 5767K(5824K)->5767K(5824K) Class: 533K(640K)->533K(640K)
[0.235s][info][gc             ] GC(4) Pause Full (Ergonomics) 1M->1M(6M) 4.977ms
[0.235s][info][gc,cpu         ] GC(4) User=0.00s Sys=0.00s Real=0.01s
[0.239s][info][gc,start       ] GC(5) Pause Young (Allocation Failure)
[0.240s][info][gc,heap        ] GC(5) PSYoungGen: 2048K(2560K)->480K(3584K) Eden: 2048K(2048K)->0K(3072K) From: 0K(512K)->480K(512K)
[0.240s][info][gc,heap        ] GC(5) ParOldGen: 1495K(3584K)->2135K(3584K)
[0.240s][info][gc,metaspace   ] GC(5) Metaspace: 6300K(6464K)->6300K(6464K) NonClass: 5767K(5824K)->5767K(5824K) Class: 533K(640K)->533K(640K)
[0.240s][info][gc             ] GC(5) Pause Young (Allocation Failure) 3M->2M(7M) 0.965ms
[0.240s][info][gc,cpu         ] GC(5) User=0.00s Sys=0.00s Real=0.00s
[0.245s][info][gc,start       ] GC(6) Pause Young (Allocation Failure)
[0.247s][info][gc,heap        ] GC(6) PSYoungGen: 3552K(3584K)->1504K(4608K) Eden: 3072K(3072K)->0K(3072K) From: 480K(512K)->1504K(1536K)
[0.247s][info][gc,heap        ] GC(6) ParOldGen: 2135K(3584K)->2727K(3584K)
[0.247s][info][gc,metaspace   ] GC(6) Metaspace: 6300K(6464K)->6300K(6464K) NonClass: 5767K(5824K)->5767K(5824K) Class: 533K(640K)->533K(640K)
[0.247s][info][gc             ] GC(6) Pause Young (Allocation Failure) 5M->4M(8M) 1.597ms
[0.247s][info][gc,cpu         ] GC(6) User=0.00s Sys=0.00s Real=0.00s
[0.247s][info][gc,start       ] GC(7) Pause Full (Ergonomics)
[0.247s][info][gc,phases,start] GC(7) Marking Phase
[0.248s][info][gc,phases      ] GC(7) Marking Phase 1.463ms
[0.248s][info][gc,phases,start] GC(7) Summary Phase
[0.248s][info][gc,phases      ] GC(7) Summary Phase 0.016ms
[0.248s][info][gc,phases,start] GC(7) Adjust Roots
[0.249s][info][gc,phases      ] GC(7) Adjust Roots 0.276ms
[0.249s][info][gc,phases,start] GC(7) Compaction Phase
[0.252s][info][gc,phases      ] GC(7) Compaction Phase 2.904ms
[0.252s][info][gc,phases,start] GC(7) Post Compact
[0.252s][info][gc,phases      ] GC(7) Post Compact 0.041ms
[0.252s][info][gc,heap        ] GC(7) PSYoungGen: 1504K(4608K)->990K(4608K) Eden: 0K(3072K)->0K(3072K) From: 1504K(1536K)->990K(1536K)
[0.252s][info][gc,heap        ] GC(7) ParOldGen: 2727K(3584K)->3123K(6144K)
[0.252s][info][gc,metaspace   ] GC(7) Metaspace: 6300K(6464K)->6300K(6464K) NonClass: 5767K(5824K)->5767K(5824K) Class: 533K(640K)->533K(640K)
[0.252s][info][gc             ] GC(7) Pause Full (Ergonomics) 4M->4M(10M) 5.166ms
[0.252s][info][gc,cpu         ] GC(7) User=0.00s Sys=0.00s Real=0.00s
[0.257s][info][gc,start       ] GC(8) Pause Young (Allocation Failure)
[0.259s][info][gc,heap        ] GC(8) PSYoungGen: 4062K(4608K)->2048K(5632K) Eden: 3072K(3072K)->0K(3584K) From: 990K(1536K)->2048K(2048K)
[0.259s][info][gc,heap        ] GC(8) ParOldGen: 3123K(6144K)->3675K(6144K)
[0.259s][info][gc,metaspace   ] GC(8) Metaspace: 6300K(6464K)->6300K(6464K) NonClass: 5767K(5824K)->5767K(5824K) Class: 533K(640K)->533K(640K)
[0.259s][info][gc             ] GC(8) Pause Young (Allocation Failure) 7M->5M(11M) 2.177ms
[0.259s][info][gc,cpu         ] GC(8) User=0.00s Sys=0.00s Real=0.00s
[0.265s][info][gc,start       ] GC(9) Pause Young (Allocation Failure)
[0.269s][info][gc,heap        ] GC(9) PSYoungGen: 5632K(5632K)->3040K(6656K) Eden: 3584K(3584K)->0K(3584K) From: 2048K(2048K)->3040K(3072K)
[0.269s][info][gc,heap        ] GC(9) ParOldGen: 3675K(6144K)->4691K(6144K)
[0.269s][info][gc,metaspace   ] GC(9) Metaspace: 6300K(6464K)->6300K(6464K) NonClass: 5767K(5824K)->5767K(5824K) Class: 533K(640K)->533K(640K)
[0.269s][info][gc             ] GC(9) Pause Young (Allocation Failure) 9M->7M(12M) 3.255ms
[0.269s][info][gc,cpu         ] GC(9) User=0.00s Sys=0.00s Real=0.00s
[0.274s][info][gc,start       ] GC(10) Pause Young (Allocation Failure)
[0.277s][info][gc,heap        ] GC(10) PSYoungGen: 6624K(6656K)->4064K(8704K) Eden: 3584K(3584K)->0K(4608K) From: 3040K(3072K)->4064K(4096K)
[0.277s][info][gc,heap        ] GC(10) ParOldGen: 4691K(6144K)->5547K(6144K)
[0.278s][info][gc,metaspace   ] GC(10) Metaspace: 6300K(6464K)->6300K(6464K) NonClass: 5767K(5824K)->5767K(5824K) Class: 533K(640K)->533K(640K)
[0.278s][info][gc             ] GC(10) Pause Young (Allocation Failure) 11M->9M(14M) 3.218ms
[0.278s][info][gc,cpu         ] GC(10) User=0.00s Sys=0.00s Real=0.00s
[0.278s][info][gc,start       ] GC(11) Pause Full (Ergonomics)
[0.278s][info][gc,phases,start] GC(11) Marking Phase
[0.281s][info][gc,phases      ] GC(11) Marking Phase 3.117ms
[0.281s][info][gc,phases,start] GC(11) Summary Phase
[0.281s][info][gc,phases      ] GC(11) Summary Phase 0.022ms
[0.281s][info][gc,phases,start] GC(11) Adjust Roots
[0.281s][info][gc,phases      ] GC(11) Adjust Roots 0.285ms
[0.281s][info][gc,phases,start] GC(11) Compaction Phase
[0.286s][info][gc,phases      ] GC(11) Compaction Phase 4.876ms
[0.286s][info][gc,phases,start] GC(11) Post Compact
[0.286s][info][gc,phases      ] GC(11) Post Compact 0.036ms
[0.286s][info][gc,heap        ] GC(11) PSYoungGen: 4064K(8704K)->3480K(8704K) Eden: 0K(4608K)->0K(4608K) From: 4064K(4096K)->3480K(4096K)
[0.286s][info][gc,heap        ] GC(11) ParOldGen: 5547K(6144K)->5885K(10240K)
[0.286s][info][gc,metaspace   ] GC(11) Metaspace: 6300K(6464K)->6300K(6464K) NonClass: 5767K(5824K)->5767K(5824K) Class: 533K(640K)->533K(640K)
[0.286s][info][gc             ] GC(11) Pause Full (Ergonomics) 9M->9M(18M) 8.656ms
[0.286s][info][gc,cpu         ] GC(11) User=0.00s Sys=0.00s Real=0.01s
[0.293s][info][gc,start       ] GC(12) Pause Young (Allocation Failure)
[0.296s][info][gc,heap        ] GC(12) PSYoungGen: 8034K(8704K)->3904K(9728K) Eden: 4553K(4608K)->0K(4608K) From: 3480K(4096K)->3904K(5120K)
[0.296s][info][gc,heap        ] GC(12) ParOldGen: 5885K(10240K)->7917K(10240K)
[0.296s][info][gc,metaspace   ] GC(12) Metaspace: 6300K(6464K)->6300K(6464K) NonClass: 5767K(5824K)->5767K(5824K) Class: 533K(640K)->533K(640K)
[0.296s][info][gc             ] GC(12) Pause Young (Allocation Failure) 13M->11M(19M) 3.935ms
[0.296s][info][gc,cpu         ] GC(12) User=0.00s Sys=0.00s Real=0.00s
[0.304s][info][gc,start       ] GC(13) Pause Young (Allocation Failure)
[0.308s][info][gc,heap        ] GC(13) PSYoungGen: 8512K(9728K)->5056K(11776K) Eden: 4608K(4608K)->0K(6144K) From: 3904K(5120K)->5056K(5632K)
[0.308s][info][gc,heap        ] GC(13) ParOldGen: 7917K(10240K)->9477K(10240K)
[0.308s][info][gc,metaspace   ] GC(13) Metaspace: 6300K(6464K)->6300K(6464K) NonClass: 5767K(5824K)->5767K(5824K) Class: 533K(640K)->533K(640K)
[0.308s][info][gc             ] GC(13) Pause Young (Allocation Failure) 16M->14M(21M) 4.463ms
[0.308s][info][gc,cpu         ] GC(13) User=0.00s Sys=0.00s Real=0.01s
[0.308s][info][gc,start       ] GC(14) Pause Full (Ergonomics)
[0.308s][info][gc,phases,start] GC(14) Marking Phase
[0.313s][info][gc,phases      ] GC(14) Marking Phase 4.900ms
[0.313s][info][gc,phases,start] GC(14) Summary Phase
[0.313s][info][gc,phases      ] GC(14) Summary Phase 0.018ms
[0.313s][info][gc,phases,start] GC(14) Adjust Roots
[0.314s][info][gc,phases      ] GC(14) Adjust Roots 0.224ms
[0.314s][info][gc,phases,start] GC(14) Compaction Phase
[0.319s][info][gc,phases      ] GC(14) Compaction Phase 5.768ms
[0.319s][info][gc,phases,start] GC(14) Post Compact
[0.319s][info][gc,phases      ] GC(14) Post Compact 0.071ms
[0.320s][info][gc,heap        ] GC(14) PSYoungGen: 5056K(11776K)->3904K(11776K) Eden: 0K(6144K)->0K(6144K) From: 5056K(5632K)->3904K(5632K)
[0.320s][info][gc,heap        ] GC(14) ParOldGen: 9477K(10240K)->10133K(16384K)
[0.320s][info][gc,metaspace   ] GC(14) Metaspace: 6300K(6464K)->6300K(6464K) NonClass: 5767K(5824K)->5767K(5824K) Class: 533K(640K)->533K(640K)
[0.320s][info][gc             ] GC(14) Pause Full (Ergonomics) 14M->13M(27M) 11.352ms
[0.320s][info][gc,cpu         ] GC(14) User=0.00s Sys=0.00s Real=0.01s
[0.325s][info][gc,start       ] GC(15) Pause Young (Allocation Failure)
[0.330s][info][gc,heap        ] GC(15) PSYoungGen: 10048K(11776K)->3232K(12288K) Eden: 6144K(6144K)->0K(6144K) From: 3904K(5632K)->3232K(6144K)
[0.330s][info][gc,heap        ] GC(15) ParOldGen: 10133K(16384K)->14125K(16384K)
[0.330s][info][gc,metaspace   ] GC(15) Metaspace: 6302K(6464K)->6302K(6464K) NonClass: 5769K(5824K)->5769K(5824K) Class: 533K(640K)->533K(640K)
[0.330s][info][gc             ] GC(15) Pause Young (Allocation Failure) 19M->16M(28M) 4.433ms
[0.330s][info][gc,cpu         ] GC(15) User=0.00s Sys=0.00s Real=0.00s
[0.330s][info][gc,start       ] GC(16) Pause Full (Ergonomics)
[0.330s][info][gc,phases,start] GC(16) Marking Phase
[0.335s][info][gc,phases      ] GC(16) Marking Phase 5.035ms
[0.335s][info][gc,phases,start] GC(16) Summary Phase
[0.335s][info][gc,phases      ] GC(16) Summary Phase 0.017ms
[0.335s][info][gc,phases,start] GC(16) Adjust Roots
[0.335s][info][gc,phases      ] GC(16) Adjust Roots 0.249ms
[0.335s][info][gc,phases,start] GC(16) Compaction Phase
[0.339s][info][gc,phases      ] GC(16) Compaction Phase 3.997ms
[0.339s][info][gc,phases,start] GC(16) Post Compact
[0.339s][info][gc,phases      ] GC(16) Post Compact 0.117ms
[0.340s][info][gc,heap        ] GC(16) PSYoungGen: 3232K(12288K)->1094K(12288K) Eden: 0K(6144K)->0K(6144K) From: 3232K(6144K)->1094K(6144K)
[0.340s][info][gc,heap        ] GC(16) ParOldGen: 14125K(16384K)->16081K(25088K)
[0.340s][info][gc,metaspace   ] GC(16) Metaspace: 6302K(6464K)->6302K(6464K) NonClass: 5769K(5824K)->5769K(5824K) Class: 533K(640K)->533K(640K)
[0.340s][info][gc             ] GC(16) Pause Full (Ergonomics) 16M->16M(36M) 9.890ms
[0.340s][info][gc,cpu         ] GC(16) User=0.02s Sys=0.00s Real=0.01s
[0.345s][info][gc,start       ] GC(17) Pause Young (Allocation Failure)
[0.348s][info][gc,heap        ] GC(17) PSYoungGen: 7238K(12288K)->3232K(14336K) Eden: 6144K(6144K)->0K(8192K) From: 1094K(6144K)->3232K(6144K)
[0.348s][info][gc,heap        ] GC(17) ParOldGen: 16081K(25088K)->17209K(25088K)
[0.348s][info][gc,metaspace   ] GC(17) Metaspace: 6302K(6464K)->6302K(6464K) NonClass: 5769K(5824K)->5769K(5824K) Class: 533K(640K)->533K(640K)
[0.348s][info][gc             ] GC(17) Pause Young (Allocation Failure) 22M->19M(38M) 3.300ms
[0.348s][info][gc,cpu         ] GC(17) User=0.00s Sys=0.00s Real=0.00s
[0.358s][info][gc,start       ] GC(18) Pause Young (Allocation Failure)
[0.363s][info][gc,heap        ] GC(18) PSYoungGen: 11424K(14336K)->6112K(14336K) Eden: 8192K(8192K)->0K(8192K) From: 3232K(6144K)->6112K(6144K)
[0.363s][info][gc,heap        ] GC(18) ParOldGen: 17209K(25088K)->19065K(25088K)
[0.363s][info][gc,metaspace   ] GC(18) Metaspace: 6302K(6464K)->6302K(6464K) NonClass: 5769K(5824K)->5769K(5824K) Class: 533K(640K)->533K(640K)
[0.363s][info][gc             ] GC(18) Pause Young (Allocation Failure) 27M->24M(38M) 5.050ms
[0.363s][info][gc,cpu         ] GC(18) User=0.00s Sys=0.00s Real=0.00s
[0.368s][info][gc,start       ] GC(19) Pause Young (Allocation Failure)
[0.373s][info][gc,heap        ] GC(19) PSYoungGen: 14304K(14336K)->4352K(18432K) Eden: 8192K(8192K)->0K(10752K) From: 6112K(6144K)->4352K(7680K)
[0.373s][info][gc,heap        ] GC(19) ParOldGen: 19065K(25088K)->25273K(25600K)
[0.373s][info][gc,metaspace   ] GC(19) Metaspace: 6302K(6464K)->6302K(6464K) NonClass: 5769K(5824K)->5769K(5824K) Class: 533K(640K)->533K(640K)
[0.373s][info][gc             ] GC(19) Pause Young (Allocation Failure) 32M->28M(43M) 5.535ms
[0.373s][info][gc,cpu         ] GC(19) User=0.00s Sys=0.00s Real=0.01s
[0.373s][info][gc,start       ] GC(20) Pause Full (Ergonomics)
[0.373s][info][gc,phases,start] GC(20) Marking Phase
[0.381s][info][gc,phases      ] GC(20) Marking Phase 7.088ms
[0.381s][info][gc,phases,start] GC(20) Summary Phase
[0.381s][info][gc,phases      ] GC(20) Summary Phase 0.015ms
[0.381s][info][gc,phases,start] GC(20) Adjust Roots
[0.381s][info][gc,phases      ] GC(20) Adjust Roots 0.181ms
[0.381s][info][gc,phases,start] GC(20) Compaction Phase
[0.390s][info][gc,phases      ] GC(20) Compaction Phase 9.200ms
[0.390s][info][gc,phases,start] GC(20) Post Compact
[0.390s][info][gc,phases      ] GC(20) Post Compact 0.100ms
[0.390s][info][gc,heap        ] GC(20) PSYoungGen: 4352K(18432K)->3206K(18432K) Eden: 0K(10752K)->0K(10752K) From: 4352K(7680K)->3206K(7680K)
[0.390s][info][gc,heap        ] GC(20) ParOldGen: 25273K(25600K)->25583K(37376K)
[0.390s][info][gc,metaspace   ] GC(20) Metaspace: 6302K(6464K)->6302K(6464K) NonClass: 5769K(5824K)->5769K(5824K) Class: 533K(640K)->533K(640K)
[0.390s][info][gc             ] GC(20) Pause Full (Ergonomics) 28M->28M(54M) 16.939ms
[0.390s][info][gc,cpu         ] GC(20) User=0.00s Sys=0.00s Real=0.02s
[0.397s][info][gc,start       ] GC(21) Pause Young (Allocation Failure)
[0.403s][info][gc,heap        ] GC(21) PSYoungGen: 13958K(18432K)->5632K(18432K) Eden: 10752K(10752K)->0K(10752K) From: 3206K(7680K)->5632K(7680K)
[0.403s][info][gc,heap        ] GC(21) ParOldGen: 25583K(37376K)->28863K(37376K)
[0.403s][info][gc,metaspace   ] GC(21) Metaspace: 6302K(6464K)->6302K(6464K) NonClass: 5769K(5824K)->5769K(5824K) Class: 533K(640K)->533K(640K)
[0.403s][info][gc             ] GC(21) Pause Young (Allocation Failure) 38M->33M(54M) 6.035ms
[0.403s][info][gc,cpu         ] GC(21) User=0.00s Sys=0.00s Real=0.01s
[0.414s][info][gc,start       ] GC(22) Pause Young (Allocation Failure)
[0.423s][info][gc,heap        ] GC(22) PSYoungGen: 16384K(18432K)->8192K(18432K) Eden: 10752K(10752K)->0K(10240K) From: 5632K(7680K)->8192K(8192K)
[0.423s][info][gc,heap        ] GC(22) ParOldGen: 28863K(37376K)->36615K(37376K)
[0.423s][info][gc,metaspace   ] GC(22) Metaspace: 6302K(6464K)->6302K(6464K) NonClass: 5769K(5824K)->5769K(5824K) Class: 533K(640K)->533K(640K)
[0.423s][info][gc             ] GC(22) Pause Young (Allocation Failure) 44M->43M(54M) 9.138ms
[0.423s][info][gc,cpu         ] GC(22) User=0.00s Sys=0.00s Real=0.01s
[0.423s][info][gc,start       ] GC(23) Pause Full (Ergonomics)
[0.423s][info][gc,phases,start] GC(23) Marking Phase
[0.435s][info][gc,phases      ] GC(23) Marking Phase 11.607ms
[0.435s][info][gc,phases,start] GC(23) Summary Phase
[0.435s][info][gc,phases      ] GC(23) Summary Phase 0.016ms
[0.435s][info][gc,phases,start] GC(23) Adjust Roots
[0.435s][info][gc,phases      ] GC(23) Adjust Roots 0.212ms
[0.435s][info][gc,phases,start] GC(23) Compaction Phase
[0.445s][info][gc,phases      ] GC(23) Compaction Phase 9.306ms
[0.445s][info][gc,phases,start] GC(23) Post Compact
[0.445s][info][gc,phases      ] GC(23) Post Compact 0.260ms
[0.445s][info][gc,heap        ] GC(23) PSYoungGen: 8192K(18432K)->7663K(18432K) Eden: 0K(10240K)->0K(10240K) From: 8192K(8192K)->7663K(8192K)
[0.445s][info][gc,heap        ] GC(23) ParOldGen: 36615K(37376K)->36913K(52736K)
[0.445s][info][gc,metaspace   ] GC(23) Metaspace: 6302K(6464K)->6302K(6464K) NonClass: 5769K(5824K)->5769K(5824K) Class: 533K(640K)->533K(640K)
[0.445s][info][gc             ] GC(23) Pause Full (Ergonomics) 43M->43M(69M) 21.772ms
[0.445s][info][gc,cpu         ] GC(23) User=0.00s Sys=0.00s Real=0.02s
[0.461s][info][gc,start       ] GC(24) Pause Young (Allocation Failure)
[0.473s][info][gc,heap        ] GC(24) PSYoungGen: 17903K(18432K)->10304K(22528K) Eden: 10240K(10240K)->0K(10240K) From: 7663K(8192K)->10304K(12288K)
[0.473s][info][gc,heap        ] GC(24) ParOldGen: 36913K(52736K)->44721K(52736K)
[0.473s][info][gc,metaspace   ] GC(24) Metaspace: 6302K(6464K)->6302K(6464K) NonClass: 5769K(5824K)->5769K(5824K) Class: 533K(640K)->533K(640K)
[0.473s][info][gc             ] GC(24) Pause Young (Allocation Failure) 53M->53M(73M) 12.905ms
[0.474s][info][gc,cpu         ] GC(24) User=0.00s Sys=0.00s Real=0.01s
[0.474s][info][gc,start       ] GC(25) Pause Full (Ergonomics)
[0.474s][info][gc,phases,start] GC(25) Marking Phase
[0.488s][info][gc,phases      ] GC(25) Marking Phase 14.414ms
[0.488s][info][gc,phases,start] GC(25) Summary Phase
[0.488s][info][gc,phases      ] GC(25) Summary Phase 0.015ms
[0.488s][info][gc,phases,start] GC(25) Adjust Roots
[0.488s][info][gc,phases      ] GC(25) Adjust Roots 0.186ms
[0.488s][info][gc,phases,start] GC(25) Compaction Phase
[0.503s][info][gc,phases      ] GC(25) Compaction Phase 14.821ms
[0.503s][info][gc,phases,start] GC(25) Post Compact
[0.503s][info][gc,phases      ] GC(25) Post Compact 0.197ms
[0.504s][info][gc,heap        ] GC(25) PSYoungGen: 10304K(22528K)->1056K(22528K) Eden: 0K(10240K)->0K(10240K) From: 10304K(12288K)->1056K(12288K)
[0.504s][info][gc,heap        ] GC(25) ParOldGen: 44721K(52736K)->52711K(72192K)
[0.504s][info][gc,metaspace   ] GC(25) Metaspace: 6302K(6464K)->6302K(6464K) NonClass: 5769K(5824K)->5769K(5824K) Class: 533K(640K)->533K(640K)
[0.504s][info][gc             ] GC(25) Pause Full (Ergonomics) 53M->52M(92M) 30.021ms
[0.504s][info][gc,cpu         ] GC(25) User=0.00s Sys=0.02s Real=0.03s
[0.514s][info][gc,start       ] GC(26) Pause Young (Allocation Failure)
[0.522s][info][gc,heap        ] GC(26) PSYoungGen: 11296K(22528K)->10336K(25088K) Eden: 10240K(10240K)->0K(11264K) From: 1056K(12288K)->10336K(13824K)
[0.523s][info][gc,heap        ] GC(26) ParOldGen: 52711K(72192K)->53807K(72192K)
[0.523s][info][gc,metaspace   ] GC(26) Metaspace: 6302K(6464K)->6302K(6464K) NonClass: 5769K(5824K)->5769K(5824K) Class: 533K(640K)->533K(640K)
[0.523s][info][gc             ] GC(26) Pause Young (Allocation Failure) 62M->62M(95M) 8.366ms
[0.523s][info][gc,cpu         ] GC(26) User=0.00s Sys=0.00s Real=0.01s
[0.534s][info][gc,start       ] GC(27) Pause Young (Allocation Failure)
[0.546s][info][gc,heap        ] GC(27) PSYoungGen: 21600K(25088K)->14848K(26112K) Eden: 11264K(11264K)->0K(11264K) From: 10336K(13824K)->14848K(14848K)
[0.546s][info][gc,heap        ] GC(27) ParOldGen: 53807K(72192K)->60559K(72192K)
[0.546s][info][gc,metaspace   ] GC(27) Metaspace: 6302K(6464K)->6302K(6464K) NonClass: 5769K(5824K)->5769K(5824K) Class: 533K(640K)->533K(640K)
[0.546s][info][gc             ] GC(27) Pause Young (Allocation Failure) 73M->73M(96M) 11.892ms
[0.546s][info][gc,cpu         ] GC(27) User=0.00s Sys=0.00s Real=0.01s
[0.559s][info][gc,start       ] GC(28) Pause Young (Allocation Failure)
[0.573s][info][gc,heap        ] GC(28) PSYoungGen: 26112K(26112K)->11328K(33792K) Eden: 11264K(11264K)->0K(13824K) From: 14848K(14848K)->11328K(19968K)
[0.573s][info][gc,heap        ] GC(28) ParOldGen: 60559K(72192K)->75631K(75776K)
[0.573s][info][gc,metaspace   ] GC(28) Metaspace: 6302K(6464K)->6302K(6464K) NonClass: 5769K(5824K)->5769K(5824K) Class: 533K(640K)->533K(640K)
[0.573s][info][gc             ] GC(28) Pause Young (Allocation Failure) 84M->84M(107M) 14.281ms
[0.573s][info][gc,cpu         ] GC(28) User=0.02s Sys=0.00s Real=0.01s
[0.573s][info][gc,start       ] GC(29) Pause Full (Ergonomics)
[0.574s][info][gc,phases,start] GC(29) Marking Phase
[0.597s][info][gc,phases      ] GC(29) Marking Phase 23.704ms
[0.597s][info][gc,phases,start] GC(29) Summary Phase
[0.597s][info][gc,phases      ] GC(29) Summary Phase 0.017ms
[0.597s][info][gc,phases,start] GC(29) Adjust Roots
[0.598s][info][gc,phases      ] GC(29) Adjust Roots 0.215ms
[0.598s][info][gc,phases,start] GC(29) Compaction Phase
[0.616s][info][gc,phases      ] GC(29) Compaction Phase 18.358ms
[0.616s][info][gc,phases,start] GC(29) Post Compact
[0.616s][info][gc,phases      ] GC(29) Post Compact 0.366ms
[0.617s][info][gc,heap        ] GC(29) PSYoungGen: 11328K(33792K)->10717K(33792K) Eden: 0K(13824K)->0K(13824K) From: 11328K(19968K)->10717K(19968K)
[0.617s][info][gc,heap        ] GC(29) ParOldGen: 75631K(75776K)->75720K(101376K)
[0.617s][info][gc,metaspace   ] GC(29) Metaspace: 6302K(6464K)->6302K(6464K) NonClass: 5769K(5824K)->5769K(5824K) Class: 533K(640K)->533K(640K)
[0.617s][info][gc             ] GC(29) Pause Full (Ergonomics) 84M->84M(132M) 43.144ms
[0.617s][info][gc,cpu         ] GC(29) User=0.11s Sys=0.00s Real=0.04s
[0.642s][info][gc,start       ] GC(30) Pause Young (Allocation Failure)
[0.658s][info][gc,heap        ] GC(30) PSYoungGen: 24541K(33792K)->13952K(33792K) Eden: 13824K(13824K)->0K(13824K) From: 10717K(19968K)->13952K(19968K)
[0.658s][info][gc,heap        ] GC(30) ParOldGen: 75720K(101376K)->86616K(101376K)
[0.658s][info][gc,metaspace   ] GC(30) Metaspace: 6302K(6464K)->6302K(6464K) NonClass: 5769K(5824K)->5769K(5824K) Class: 533K(640K)->533K(640K)
[0.658s][info][gc             ] GC(30) Pause Young (Allocation Failure) 97M->98M(132M) 16.687ms
[0.659s][info][gc,cpu         ] GC(30) User=0.00s Sys=0.00s Real=0.02s
[0.671s][info][gc,start       ] GC(31) Pause Young (Allocation Failure)
[0.686s][info][gc,heap        ] GC(31) PSYoungGen: 27776K(33792K)->20960K(31744K) Eden: 13824K(13824K)->0K(10752K) From: 13952K(19968K)->20960K(20992K)
[0.686s][info][gc,heap        ] GC(31) ParOldGen: 86616K(101376K)->93408K(101376K)
[0.686s][info][gc,metaspace   ] GC(31) Metaspace: 6302K(6464K)->6302K(6464K) NonClass: 5769K(5824K)->5769K(5824K) Class: 533K(640K)->533K(640K)
[0.686s][info][gc             ] GC(31) Pause Young (Allocation Failure) 111M->111M(130M) 15.245ms
[0.686s][info][gc,cpu         ] GC(31) User=0.00s Sys=0.00s Real=0.01s
[0.686s][info][gc,start       ] GC(32) Pause Full (Ergonomics)
[0.686s][info][gc,phases,start] GC(32) Marking Phase
[0.716s][info][gc,phases      ] GC(32) Marking Phase 30.451ms
[0.716s][info][gc,phases,start] GC(32) Summary Phase
[0.716s][info][gc,phases      ] GC(32) Summary Phase 0.015ms
[0.716s][info][gc,phases,start] GC(32) Adjust Roots
[0.717s][info][gc,phases      ] GC(32) Adjust Roots 0.211ms
[0.717s][info][gc,phases,start] GC(32) Compaction Phase
[0.744s][info][gc,phases      ] GC(32) Compaction Phase 27.779ms
[0.745s][info][gc,phases,start] GC(32) Post Compact
[0.745s][info][gc,phases      ] GC(32) Post Compact 0.531ms
[0.745s][info][gc,heap        ] GC(32) PSYoungGen: 20960K(31744K)->10698K(31744K) Eden: 0K(10752K)->0K(10752K) From: 20960K(20992K)->10698K(20992K)
[0.745s][info][gc,heap        ] GC(32) ParOldGen: 93408K(101376K)->101287K(130048K)
[0.745s][info][gc,metaspace   ] GC(32) Metaspace: 6302K(6464K)->6302K(6464K) NonClass: 5769K(5824K)->5769K(5824K) Class: 533K(640K)->533K(640K)
[0.745s][info][gc             ] GC(32) Pause Full (Ergonomics) 111M->109M(158M) 59.486ms
[0.745s][info][gc,cpu         ] GC(32) User=0.16s Sys=0.00s Real=0.06s
[0.758s][info][gc,start       ] GC(33) Pause Young (Allocation Failure)
[0.775s][info][gc,heap        ] GC(33) PSYoungGen: 21450K(31744K)->10816K(37888K) Eden: 10752K(10752K)->0K(10752K) From: 10698K(20992K)->10816K(27136K)
[0.775s][info][gc,heap        ] GC(33) ParOldGen: 101287K(130048K)->112159K(130048K)
[0.776s][info][gc,metaspace   ] GC(33) Metaspace: 6302K(6464K)->6302K(6464K) NonClass: 5769K(5824K)->5769K(5824K) Class: 533K(640K)->533K(640K)
[0.776s][info][gc             ] GC(33) Pause Young (Allocation Failure) 119M->120M(164M) 17.810ms
[0.776s][info][gc,cpu         ] GC(33) User=0.00s Sys=0.02s Real=0.02s
[0.787s][info][gc,start       ] GC(34) Pause Young (Allocation Failure)
[0.798s][info][gc,heap        ] GC(34) PSYoungGen: 21568K(37888K)->21568K(36352K) Eden: 10752K(10752K)->0K(10752K) From: 10816K(27136K)->21568K(25600K)
[0.799s][info][gc,heap        ] GC(34) ParOldGen: 112159K(130048K)->112159K(130048K)
[0.799s][info][gc,metaspace   ] GC(34) Metaspace: 6302K(6464K)->6302K(6464K) NonClass: 5769K(5824K)->5769K(5824K) Class: 533K(640K)->533K(640K)
[0.799s][info][gc             ] GC(34) Pause Young (Allocation Failure) 130M->130M(162M) 11.462ms
[0.799s][info][gc,cpu         ] GC(34) User=0.00s Sys=0.00s Real=0.01s
[0.810s][info][gc,start       ] GC(35) Pause Young (Allocation Failure)
[0.827s][info][gc,heap        ] GC(35) PSYoungGen: 32320K(36352K)->21600K(38912K) Eden: 10752K(10752K)->0K(10752K) From: 21568K(25600K)->21600K(28160K)
[0.827s][info][gc,heap        ] GC(35) ParOldGen: 112159K(130048K)->123047K(130048K)
[0.827s][info][gc,metaspace   ] GC(35) Metaspace: 6302K(6464K)->6302K(6464K) NonClass: 5769K(5824K)->5769K(5824K) Class: 533K(640K)->533K(640K)
[0.827s][info][gc             ] GC(35) Pause Young (Allocation Failure) 141M->141M(165M) 17.312ms
[0.827s][info][gc,cpu         ] GC(35) User=0.06s Sys=0.00s Real=0.02s
[0.827s][info][gc,start       ] GC(36) Pause Full (Ergonomics)
[0.827s][info][gc,phases,start] GC(36) Marking Phase
[0.866s][info][gc,phases      ] GC(36) Marking Phase 39.014ms
[0.866s][info][gc,phases,start] GC(36) Summary Phase
[0.866s][info][gc,phases      ] GC(36) Summary Phase 0.026ms
[0.866s][info][gc,phases,start] GC(36) Adjust Roots
[0.866s][info][gc,phases      ] GC(36) Adjust Roots 0.223ms
[0.866s][info][gc,phases,start] GC(36) Compaction Phase
[0.891s][info][gc,phases      ] GC(36) Compaction Phase 24.158ms
[0.891s][info][gc,phases,start] GC(36) Post Compact
[0.891s][info][gc,phases      ] GC(36) Post Compact 0.658ms
[0.892s][info][gc,heap        ] GC(36) PSYoungGen: 21600K(38912K)->14291K(38912K) Eden: 0K(10752K)->0K(10752K) From: 21600K(28160K)->14291K(28160K)
[0.892s][info][gc,heap        ] GC(36) ParOldGen: 123047K(130048K)->129863K(162304K)
[0.892s][info][gc,metaspace   ] GC(36) Metaspace: 6302K(6464K)->6302K(6464K) NonClass: 5769K(5824K)->5769K(5824K) Class: 533K(640K)->533K(640K)
[0.892s][info][gc             ] GC(36) Pause Full (Ergonomics) 141M->140M(196M) 64.560ms
[0.892s][info][gc,cpu         ] GC(36) User=0.27s Sys=0.00s Real=0.06s
[0.902s][info][gc,start       ] GC(37) Pause Young (Allocation Failure)
[0.922s][info][gc,heap        ] GC(37) PSYoungGen: 25043K(38912K)->18112K(42496K) Eden: 10752K(10752K)->0K(12288K) From: 14291K(28160K)->18112K(30208K)
[0.922s][info][gc,heap        ] GC(37) ParOldGen: 129863K(162304K)->137023K(162304K)
[0.922s][info][gc,metaspace   ] GC(37) Metaspace: 6302K(6464K)->6302K(6464K) NonClass: 5769K(5824K)->5769K(5824K) Class: 533K(640K)->533K(640K)
[0.922s][info][gc             ] GC(37) Pause Young (Allocation Failure) 151M->151M(200M) 19.503ms
[0.922s][info][gc,cpu         ] GC(37) User=0.03s Sys=0.02s Real=0.02s
[0.935s][info][gc,start       ] GC(38) Pause Young (Allocation Failure)
[0.951s][info][gc,heap        ] GC(38) PSYoungGen: 30400K(42496K)->23104K(43008K) Eden: 12288K(12288K)->0K(12288K) From: 18112K(30208K)->23104K(30720K)
[0.951s][info][gc,heap        ] GC(38) ParOldGen: 137023K(162304K)->144407K(162304K)
[0.951s][info][gc,metaspace   ] GC(38) Metaspace: 6302K(6464K)->6302K(6464K) NonClass: 5769K(5824K)->5769K(5824K) Class: 533K(640K)->533K(640K)
[0.951s][info][gc             ] GC(38) Pause Young (Allocation Failure) 163M->163M(200M) 15.872ms
[0.951s][info][gc,cpu         ] GC(38) User=0.02s Sys=0.00s Real=0.02s
[1.004s][info][gc,start       ] GC(39) Pause Full (Ergonomics)
[1.004s][info][gc,phases,start] GC(39) Marking Phase
[1.054s][info][gc,phases      ] GC(39) Marking Phase 49.794ms
[1.054s][info][gc,phases,start] GC(39) Summary Phase
[1.054s][info][gc,phases      ] GC(39) Summary Phase 0.024ms
[1.054s][info][gc,phases,start] GC(39) Adjust Roots
[1.054s][info][gc,phases      ] GC(39) Adjust Roots 0.199ms
[1.054s][info][gc,phases,start] GC(39) Compaction Phase
[1.094s][info][gc,phases      ] GC(39) Compaction Phase 39.531ms
[1.094s][info][gc,phases,start] GC(39) Post Compact
[1.095s][info][gc,phases      ] GC(39) Post Compact 1.301ms
[1.095s][info][gc,heap        ] GC(39) PSYoungGen: 35392K(43008K)->21437K(43008K) Eden: 12288K(12288K)->0K(12288K) From: 23104K(30720K)->21437K(30720K)
[1.096s][info][gc,heap        ] GC(39) ParOldGen: 152599K(162304K)->162038K(196096K)
[1.096s][info][gc,metaspace   ] GC(39) Metaspace: 6302K(6464K)->6302K(6464K) NonClass: 5769K(5824K)->5769K(5824K) Class: 533K(640K)->533K(640K)
[1.096s][info][gc             ] GC(39) Pause Full (Ergonomics) 183M->179M(233M) 91.426ms
[1.096s][info][gc,cpu         ] GC(39) User=0.33s Sys=0.00s Real=0.09s
[1.108s][info][gc,start       ] GC(40) Pause Young (Allocation Failure)
[1.132s][info][gc,heap        ] GC(40) PSYoungGen: 33725K(43008K)->24160K(45568K) Eden: 12288K(12288K)->0K(12800K) From: 21437K(30720K)->24160K(32768K)
[1.132s][info][gc,heap        ] GC(40) ParOldGen: 162038K(196096K)->171870K(196096K)
[1.132s][info][gc,metaspace   ] GC(40) Metaspace: 6302K(6464K)->6302K(6464K) NonClass: 5769K(5824K)->5769K(5824K) Class: 533K(640K)->533K(640K)
[1.132s][info][gc             ] GC(40) Pause Young (Allocation Failure) 191M->191M(236M) 23.832ms
[1.132s][info][gc,cpu         ] GC(40) User=0.11s Sys=0.00s Real=0.02s
[1.145s][info][gc,start       ] GC(41) Pause Young (Allocation Failure)
[1.164s][info][gc,heap        ] GC(41) PSYoungGen: 36960K(45568K)->34304K(47104K) Eden: 12800K(12800K)->0K(12800K) From: 24160K(32768K)->34304K(34304K)
[1.164s][info][gc,heap        ] GC(41) ParOldGen: 171870K(196096K)->174502K(196096K)
[1.164s][info][gc,metaspace   ] GC(41) Metaspace: 6302K(6464K)->6302K(6464K) NonClass: 5769K(5824K)->5769K(5824K) Class: 533K(640K)->533K(640K)
[1.164s][info][gc             ] GC(41) Pause Young (Allocation Failure) 203M->203M(237M) 19.330ms
[1.164s][info][gc,cpu         ] GC(41) User=0.08s Sys=0.00s Real=0.02s
[1.178s][info][gc,start       ] GC(42) Pause Young (Allocation Failure)
[1.203s][info][gc,heap        ] GC(42) PSYoungGen: 47104K(47104K)->24448K(54784K) Eden: 12800K(12800K)->0K(14336K) From: 34304K(34304K)->24448K(40448K)
[1.203s][info][gc,heap        ] GC(42) ParOldGen: 174502K(196096K)->197582K(197632K)
[1.203s][info][gc,metaspace   ] GC(42) Metaspace: 6302K(6464K)->6302K(6464K) NonClass: 5769K(5824K)->5769K(5824K) Class: 533K(640K)->533K(640K)
[1.203s][info][gc             ] GC(42) Pause Young (Allocation Failure) 216M->216M(246M) 24.907ms
[1.203s][info][gc,cpu         ] GC(42) User=0.08s Sys=0.02s Real=0.02s
[1.203s][info][gc,start       ] GC(43) Pause Full (Ergonomics)
[1.203s][info][gc,phases,start] GC(43) Marking Phase
[1.263s][info][gc,phases      ] GC(43) Marking Phase 60.207ms
[1.263s][info][gc,phases,start] GC(43) Summary Phase
[1.263s][info][gc,phases      ] GC(43) Summary Phase 0.020ms
[1.263s][info][gc,phases,start] GC(43) Adjust Roots
[1.263s][info][gc,phases      ] GC(43) Adjust Roots 0.193ms
[1.263s][info][gc,phases,start] GC(43) Compaction Phase
[1.302s][info][gc,phases      ] GC(43) Compaction Phase 38.393ms
[1.302s][info][gc,phases,start] GC(43) Post Compact
[1.303s][info][gc,phases      ] GC(43) Post Compact 1.118ms
[1.303s][info][gc,heap        ] GC(43) PSYoungGen: 24448K(54784K)->23755K(54784K) Eden: 0K(14336K)->0K(14336K) From: 24448K(40448K)->23755K(40448K)
[1.303s][info][gc,heap        ] GC(43) ParOldGen: 197582K(197632K)->197515K(239616K)
[1.303s][info][gc,metaspace   ] GC(43) Metaspace: 6302K(6464K)->6302K(6464K) NonClass: 5769K(5824K)->5769K(5824K) Class: 533K(640K)->533K(640K)
[1.303s][info][gc             ] GC(43) Pause Full (Ergonomics) 216M->216M(287M) 100.436ms
[1.303s][info][gc,cpu         ] GC(43) User=0.38s Sys=0.00s Real=0.10s
[1.321s][info][gc,start       ] GC(44) Pause Young (Allocation Failure)
[1.348s][info][gc,heap        ] GC(44) PSYoungGen: 38091K(54784K)->14400K(55296K) Eden: 14336K(14336K)->0K(14336K) From: 23755K(40448K)->14400K(40960K)
[1.348s][info][gc,heap        ] GC(44) ParOldGen: 197515K(239616K)->221635K(239616K)
[1.348s][info][gc,metaspace   ] GC(44) Metaspace: 6302K(6464K)->6302K(6464K) NonClass: 5769K(5824K)->5769K(5824K) Class: 533K(640K)->533K(640K)
[1.348s][info][gc             ] GC(44) Pause Young (Allocation Failure) 230M->230M(288M) 27.145ms
[1.348s][info][gc,cpu         ] GC(44) User=0.09s Sys=0.00s Real=0.03s
[1.348s][info][gc,start       ] GC(45) Pause Full (Ergonomics)
[1.348s][info][gc,phases,start] GC(45) Marking Phase
[1.407s][info][gc,phases      ] GC(45) Marking Phase 59.384ms
[1.408s][info][gc,phases,start] GC(45) Summary Phase
[1.408s][info][gc,phases      ] GC(45) Summary Phase 0.022ms
[1.408s][info][gc,phases,start] GC(45) Adjust Roots
[1.408s][info][gc,phases      ] GC(45) Adjust Roots 0.220ms
[1.408s][info][gc,phases,start] GC(45) Compaction Phase
[1.437s][info][gc,phases      ] GC(45) Compaction Phase 28.688ms
[1.437s][info][gc,phases,start] GC(45) Post Compact
[1.438s][info][gc,phases      ] GC(45) Post Compact 1.100ms
[1.438s][info][gc,heap        ] GC(45) PSYoungGen: 14400K(55296K)->0K(55296K) Eden: 0K(14336K)->0K(16384K) From: 14400K(40960K)->0K(38912K)
[1.438s][info][gc,heap        ] GC(45) ParOldGen: 221635K(239616K)->235576K(284672K)
[1.438s][info][gc,metaspace   ] GC(45) Metaspace: 6302K(6464K)->6302K(6464K) NonClass: 5769K(5824K)->5769K(5824K) Class: 533K(640K)->533K(640K)
[1.438s][info][gc             ] GC(45) Pause Full (Ergonomics) 230M->230M(332M) 90.018ms
[1.438s][info][gc,cpu         ] GC(45) User=0.41s Sys=0.03s Real=0.09s
[1.457s][info][gc,start       ] GC(46) Pause Young (Allocation Failure)
[1.467s][info][gc,heap        ] GC(46) PSYoungGen: 16384K(55296K)->16480K(55808K) Eden: 16384K(16384K)->0K(16384K) From: 0K(38912K)->16480K(39424K)
[1.467s][info][gc,heap        ] GC(46) ParOldGen: 235576K(284672K)->235576K(284672K)
[1.467s][info][gc,metaspace   ] GC(46) Metaspace: 6302K(6464K)->6302K(6464K) NonClass: 5769K(5824K)->5769K(5824K) Class: 533K(640K)->533K(640K)
[1.467s][info][gc             ] GC(46) Pause Young (Allocation Failure) 246M->246M(332M) 10.448ms
[1.467s][info][gc,cpu         ] GC(46) User=0.00s Sys=0.00s Real=0.01s
[1.486s][info][gc,start       ] GC(47) Pause Young (Allocation Failure)
[1.503s][info][gc,heap        ] GC(47) PSYoungGen: 32864K(55808K)->32864K(52224K) Eden: 16384K(16384K)->0K(14848K) From: 16480K(39424K)->32864K(37376K)
[1.504s][info][gc,heap        ] GC(47) ParOldGen: 235576K(284672K)->235576K(284672K)
[1.504s][info][gc,metaspace   ] GC(47) Metaspace: 6302K(6464K)->6302K(6464K) NonClass: 5769K(5824K)->5769K(5824K) Class: 533K(640K)->533K(640K)
[1.504s][info][gc             ] GC(47) Pause Young (Allocation Failure) 262M->262M(329M) 17.908ms
[1.504s][info][gc,cpu         ] GC(47) User=0.03s Sys=0.00s Real=0.02s
[1.521s][info][gc,start       ] GC(48) Pause Young (Allocation Failure)
[1.550s][info][gc,heap        ] GC(48) PSYoungGen: 47712K(52224K)->40960K(55808K) Eden: 14848K(14848K)->0K(14848K) From: 32864K(37376K)->40960K(40960K)
[1.550s][info][gc,heap        ] GC(48) ParOldGen: 235576K(284672K)->242336K(284672K)
[1.550s][info][gc,metaspace   ] GC(48) Metaspace: 6302K(6464K)->6302K(6464K) NonClass: 5769K(5824K)->5769K(5824K) Class: 533K(640K)->533K(640K)
[1.550s][info][gc             ] GC(48) Pause Young (Allocation Failure) 276M->276M(332M) 29.150ms
[1.550s][info][gc,cpu         ] GC(48) User=0.11s Sys=0.03s Real=0.03s
[1.575s][info][gc,start       ] GC(49) Pause Young (Allocation Failure)
[1.607s][info][gc,heap        ] GC(49) PSYoungGen: 55808K(55808K)->28320K(65536K) Eden: 14848K(14848K)->0K(16896K) From: 40960K(40960K)->28320K(48640K)
[1.607s][info][gc,heap        ] GC(49) ParOldGen: 242336K(284672K)->270296K(284672K)
[1.607s][info][gc,metaspace   ] GC(49) Metaspace: 6302K(6464K)->6302K(6464K) NonClass: 5769K(5824K)->5769K(5824K) Class: 533K(640K)->533K(640K)
[1.608s][info][gc             ] GC(49) Pause Young (Allocation Failure) 291M->291M(342M) 32.992ms
[1.608s][info][gc,cpu         ] GC(49) User=0.19s Sys=0.00s Real=0.03s
[1.608s][info][gc,start       ] GC(50) Pause Full (Ergonomics)
[1.608s][info][gc,phases,start] GC(50) Marking Phase
[1.703s][info][gc,phases      ] GC(50) Marking Phase 95.429ms
[1.703s][info][gc,phases,start] GC(50) Summary Phase
[1.703s][info][gc,phases      ] GC(50) Summary Phase 0.033ms
[1.703s][info][gc,phases,start] GC(50) Adjust Roots
[1.704s][info][gc,phases      ] GC(50) Adjust Roots 0.387ms
[1.704s][info][gc,phases,start] GC(50) Compaction Phase
[1.758s][info][gc,phases      ] GC(50) Compaction Phase 54.763ms
[1.759s][info][gc,phases,start] GC(50) Post Compact
[1.761s][info][gc,phases      ] GC(50) Post Compact 2.073ms
[1.761s][info][gc,heap        ] GC(50) PSYoungGen: 28320K(65536K)->13355K(66048K) Eden: 0K(16896K)->0K(17408K) From: 28320K(48640K)->13355K(48640K)
[1.761s][info][gc,heap        ] GC(50) ParOldGen: 270296K(284672K)->284568K(339968K)
[1.761s][info][gc,metaspace   ] GC(50) Metaspace: 6302K(6464K)->6302K(6464K) NonClass: 5769K(5824K)->5769K(5824K) Class: 533K(640K)->533K(640K)
[1.761s][info][gc             ] GC(50) Pause Full (Ergonomics) 291M->290M(396M) 153.467ms
[1.761s][info][gc,cpu         ] GC(50) User=0.69s Sys=0.02s Real=0.15s
[1.788s][info][gc,start       ] GC(51) Pause Young (Allocation Failure)
[1.824s][info][gc,heap        ] GC(51) PSYoungGen: 30763K(66048K)->25792K(66560K) Eden: 17408K(17408K)->0K(17408K) From: 13355K(48640K)->25792K(49152K)
[1.824s][info][gc,heap        ] GC(51) ParOldGen: 284568K(339968K)->289712K(339968K)
[1.824s][info][gc,metaspace   ] GC(51) Metaspace: 6302K(6464K)->6302K(6464K) NonClass: 5769K(5824K)->5769K(5824K) Class: 533K(640K)->533K(640K)
[1.824s][info][gc             ] GC(51) Pause Young (Allocation Failure) 307M->308M(397M) 35.677ms
[1.824s][info][gc,cpu         ] GC(51) User=0.12s Sys=0.02s Real=0.04s
[1.850s][info][gc,start       ] GC(52) Pause Young (Allocation Failure)
[1.881s][info][gc,heap        ] GC(52) PSYoungGen: 43200K(66560K)->43232K(61952K) Eden: 17408K(17408K)->0K(14336K) From: 25792K(49152K)->43232K(47616K)
[1.881s][info][gc,heap        ] GC(52) ParOldGen: 289712K(339968K)->289712K(339968K)
[1.881s][info][gc,metaspace   ] GC(52) Metaspace: 6302K(6464K)->6302K(6464K) NonClass: 5769K(5824K)->5769K(5824K) Class: 533K(640K)->533K(640K)
[1.881s][info][gc             ] GC(52) Pause Young (Allocation Failure) 325M->325M(392M) 31.156ms
[1.881s][info][gc,cpu         ] GC(52) User=0.11s Sys=0.02s Real=0.03s
[1.900s][info][gc,start       ] GC(53) Pause Young (Allocation Failure)
[1.931s][info][gc,heap        ] GC(53) PSYoungGen: 57568K(61952K)->52736K(67072K) Eden: 14336K(14336K)->0K(14336K) From: 43232K(47616K)->52736K(52736K)
[1.931s][info][gc,heap        ] GC(53) ParOldGen: 289712K(339968K)->294528K(339968K)
[1.931s][info][gc,metaspace   ] GC(53) Metaspace: 6302K(6464K)->6302K(6464K) NonClass: 5769K(5824K)->5769K(5824K) Class: 533K(640K)->533K(640K)
[1.931s][info][gc             ] GC(53) Pause Young (Allocation Failure) 339M->339M(397M) 30.910ms
[1.931s][info][gc,cpu         ] GC(53) User=0.12s Sys=0.00s Real=0.03s
[2.006s][info][gc,start       ] GC(54) Pause Young (Allocation Failure)
[2.050s][info][gc,heap        ] GC(54) PSYoungGen: 67072K(67072K)->44224K(73216K) Eden: 14336K(14336K)->0K(16384K) From: 52736K(52736K)->44224K(56832K)
[2.050s][info][gc,heap        ] GC(54) ParOldGen: 310912K(339968K)->334152K(339968K)
[2.050s][info][gc,metaspace   ] GC(54) Metaspace: 6302K(6464K)->6302K(6464K) NonClass: 5769K(5824K)->5769K(5824K) Class: 533K(640K)->533K(640K)
[2.050s][info][gc             ] GC(54) Pause Young (Allocation Failure) 369M->369M(403M) 43.882ms
[2.050s][info][gc,cpu         ] GC(54) User=0.14s Sys=0.05s Real=0.04s
[2.050s][info][gc,start       ] GC(55) Pause Full (Ergonomics)
[2.050s][info][gc,phases,start] GC(55) Marking Phase
[2.151s][info][gc,phases      ] GC(55) Marking Phase 100.871ms
[2.151s][info][gc,phases,start] GC(55) Summary Phase
[2.151s][info][gc,phases      ] GC(55) Summary Phase 0.022ms
[2.151s][info][gc,phases,start] GC(55) Adjust Roots
[2.152s][info][gc,phases      ] GC(55) Adjust Roots 0.194ms
[2.152s][info][gc,phases,start] GC(55) Compaction Phase
[2.222s][info][gc,phases      ] GC(55) Compaction Phase 70.771ms
[2.222s][info][gc,phases,start] GC(55) Post Compact
[2.224s][info][gc,phases      ] GC(55) Post Compact 1.932ms
[2.224s][info][gc,heap        ] GC(55) PSYoungGen: 44224K(73216K)->29704K(73216K) Eden: 0K(16384K)->0K(16384K) From: 44224K(56832K)->29704K(56832K)
[2.224s][info][gc,heap        ] GC(55) ParOldGen: 334152K(339968K)->339766K(341504K)
[2.224s][info][gc,metaspace   ] GC(55) Metaspace: 6302K(6464K)->6302K(6464K) NonClass: 5769K(5824K)->5769K(5824K) Class: 533K(640K)->533K(640K)
[2.225s][info][gc             ] GC(55) Pause Full (Ergonomics) 369M->360M(405M) 174.161ms
[2.225s][info][gc,cpu         ] GC(55) User=0.77s Sys=0.00s Real=0.17s
[2.243s][info][gc,start       ] GC(56) Pause Full (Ergonomics)
[2.243s][info][gc,phases,start] GC(56) Marking Phase
[2.329s][info][gc,phases      ] GC(56) Marking Phase 85.728ms
[2.329s][info][gc,phases,start] GC(56) Summary Phase
[2.329s][info][gc,phases      ] GC(56) Summary Phase 0.017ms
[2.329s][info][gc,phases,start] GC(56) Adjust Roots
[2.329s][info][gc,phases      ] GC(56) Adjust Roots 0.178ms
[2.329s][info][gc,phases,start] GC(56) Compaction Phase
[2.360s][info][gc,phases      ] GC(56) Compaction Phase 30.144ms
[2.360s][info][gc,phases,start] GC(56) Post Compact
[2.361s][info][gc,phases      ] GC(56) Post Compact 1.633ms
[2.361s][info][gc,heap        ] GC(56) PSYoungGen: 46088K(73216K)->44524K(73216K) Eden: 16384K(16384K)->16356K(16384K) From: 29704K(56832K)->28168K(56832K)
[2.362s][info][gc,heap        ] GC(56) ParOldGen: 339766K(341504K)->341300K(341504K)
[2.362s][info][gc,metaspace   ] GC(56) Metaspace: 6302K(6464K)->6302K(6464K) NonClass: 5769K(5824K)->5769K(5824K) Class: 533K(640K)->533K(640K)
[2.362s][info][gc             ] GC(56) Pause Full (Ergonomics) 376M->376M(405M) 118.234ms
[2.362s][info][gc,cpu         ] GC(56) User=0.55s Sys=0.00s Real=0.12s
[2.362s][info][gc,start       ] GC(57) Pause Full (Ergonomics)
[2.362s][info][gc,phases,start] GC(57) Marking Phase
[2.452s][info][gc,phases      ] GC(57) Marking Phase 90.542ms
[2.452s][info][gc,phases,start] GC(57) Summary Phase
[2.452s][info][gc,phases      ] GC(57) Summary Phase 0.019ms
[2.453s][info][gc,phases,start] GC(57) Adjust Roots
[2.453s][info][gc,phases      ] GC(57) Adjust Roots 0.190ms
[2.453s][info][gc,phases,start] GC(57) Compaction Phase
[2.481s][info][gc,phases      ] GC(57) Compaction Phase 27.957ms
[2.481s][info][gc,phases,start] GC(57) Post Compact
[2.482s][info][gc,phases      ] GC(57) Post Compact 1.532ms
[2.482s][info][gc,heap        ] GC(57) PSYoungGen: 44552K(73216K)->44551K(73216K) Eden: 16384K(16384K)->16383K(16384K) From: 28168K(56832K)->28168K(56832K)
[2.482s][info][gc,heap        ] GC(57) ParOldGen: 341300K(341504K)->341300K(341504K)
[2.482s][info][gc,metaspace   ] GC(57) Metaspace: 6302K(6464K)->6302K(6464K) NonClass: 5769K(5824K)->5769K(5824K) Class: 533K(640K)->533K(640K)
[2.482s][info][gc             ] GC(57) Pause Full (Ergonomics) 376M->376M(405M) 120.557ms
[2.482s][info][gc,cpu         ] GC(57) User=0.58s Sys=0.00s Real=0.12s
[2.483s][info][gc,start       ] GC(58) Pause Full (Ergonomics)
[2.483s][info][gc,phases,start] GC(58) Marking Phase
[2.574s][info][gc,phases      ] GC(58) Marking Phase 91.021ms
[2.574s][info][gc,phases,start] GC(58) Summary Phase
[2.574s][info][gc,phases      ] GC(58) Summary Phase 0.020ms
[2.574s][info][gc,phases,start] GC(58) Adjust Roots
[2.574s][info][gc,phases      ] GC(58) Adjust Roots 0.223ms
[2.574s][info][gc,phases,start] GC(58) Compaction Phase
[2.605s][info][gc,phases      ] GC(58) Compaction Phase 31.202ms
[2.605s][info][gc,phases,start] GC(58) Post Compact
[2.607s][info][gc,phases      ] GC(58) Post Compact 1.836ms
[2.607s][info][gc,heap        ] GC(58) PSYoungGen: 44552K(73216K)->44552K(73216K) Eden: 16383K(16384K)->16383K(16384K) From: 28168K(56832K)->28168K(56832K)
[2.607s][info][gc,heap        ] GC(58) ParOldGen: 341300K(341504K)->341300K(341504K)
[2.607s][info][gc,metaspace   ] GC(58) Metaspace: 6302K(6464K)->6302K(6464K) NonClass: 5769K(5824K)->5769K(5824K) Class: 533K(640K)->533K(640K)
[2.607s][info][gc             ] GC(58) Pause Full (Ergonomics) 376M->376M(405M) 124.641ms
[2.607s][info][gc,cpu         ] GC(58) User=0.56s Sys=0.00s Real=0.12s
[2.608s][info][gc,start       ] GC(59) Pause Full (Ergonomics)
[2.608s][info][gc,phases,start] GC(59) Marking Phase
[2.696s][info][gc,phases      ] GC(59) Marking Phase 88.171ms
[2.696s][info][gc,phases,start] GC(59) Summary Phase
[2.696s][info][gc,phases      ] GC(59) Summary Phase 0.020ms
[2.696s][info][gc,phases,start] GC(59) Adjust Roots
[2.696s][info][gc,phases      ] GC(59) Adjust Roots 0.185ms
[2.696s][info][gc,phases,start] GC(59) Compaction Phase
[2.724s][info][gc,phases      ] GC(59) Compaction Phase 27.657ms
[2.724s][info][gc,phases,start] GC(59) Post Compact
[2.726s][info][gc,phases      ] GC(59) Post Compact 1.763ms
[2.726s][info][gc,heap        ] GC(59) PSYoungGen: 44552K(73216K)->44552K(73216K) Eden: 16383K(16384K)->16383K(16384K) From: 28168K(56832K)->28168K(56832K)
[2.726s][info][gc,heap        ] GC(59) ParOldGen: 341304K(341504K)->341304K(341504K)
[2.726s][info][gc,metaspace   ] GC(59) Metaspace: 6302K(6464K)->6302K(6464K) NonClass: 5769K(5824K)->5769K(5824K) Class: 533K(640K)->533K(640K)
[2.726s][info][gc             ] GC(59) Pause Full (Ergonomics) 376M->376M(405M) 118.151ms
[2.726s][info][gc,cpu         ] GC(59) User=0.58s Sys=0.00s Real=0.12s
[2.726s][info][gc,start       ] GC(60) Pause Full (Ergonomics)
[2.726s][info][gc,phases,start] GC(60) Marking Phase
[2.820s][info][gc,phases      ] GC(60) Marking Phase 93.594ms
[2.820s][info][gc,phases,start] GC(60) Summary Phase
[2.820s][info][gc,phases      ] GC(60) Summary Phase 0.019ms
[2.820s][info][gc,phases,start] GC(60) Adjust Roots
[2.820s][info][gc,phases      ] GC(60) Adjust Roots 0.180ms
[2.820s][info][gc,phases,start] GC(60) Compaction Phase
[2.848s][info][gc,phases      ] GC(60) Compaction Phase 27.787ms
[2.848s][info][gc,phases,start] GC(60) Post Compact
[2.849s][info][gc,phases      ] GC(60) Post Compact 1.726ms
[2.850s][info][gc,heap        ] GC(60) PSYoungGen: 44552K(73216K)->44552K(73216K) Eden: 16383K(16384K)->16383K(16384K) From: 28168K(56832K)->28168K(56832K)
[2.850s][info][gc,heap        ] GC(60) ParOldGen: 341309K(341504K)->341309K(341504K)
[2.850s][info][gc,metaspace   ] GC(60) Metaspace: 6302K(6464K)->6302K(6464K) NonClass: 5769K(5824K)->5769K(5824K) Class: 533K(640K)->533K(640K)
[2.850s][info][gc             ] GC(60) Pause Full (Ergonomics) 376M->376M(405M) 123.655ms
[2.850s][info][gc,cpu         ] GC(60) User=0.56s Sys=0.00s Real=0.12s
[2.850s][info][gc,start       ] GC(61) Pause Full (Ergonomics)
[2.850s][info][gc,phases,start] GC(61) Marking Phase
[2.944s][info][gc,phases      ] GC(61) Marking Phase 93.843ms
[2.944s][info][gc,phases,start] GC(61) Summary Phase
[2.944s][info][gc,phases      ] GC(61) Summary Phase 0.019ms
[2.944s][info][gc,phases,start] GC(61) Adjust Roots
[2.944s][info][gc,phases      ] GC(61) Adjust Roots 0.180ms
[2.944s][info][gc,phases,start] GC(61) Compaction Phase
[2.970s][info][gc,phases      ] GC(61) Compaction Phase 25.927ms
[2.970s][info][gc,phases,start] GC(61) Post Compact
[2.972s][info][gc,phases      ] GC(61) Post Compact 1.686ms
[2.972s][info][gc,heap        ] GC(61) PSYoungGen: 44552K(73216K)->44552K(73216K) Eden: 16383K(16384K)->16383K(16384K) From: 28168K(56832K)->28168K(56832K)
[2.972s][info][gc,heap        ] GC(61) ParOldGen: 341314K(341504K)->341314K(341504K)
[2.972s][info][gc,metaspace   ] GC(61) Metaspace: 6302K(6464K)->6302K(6464K) NonClass: 5769K(5824K)->5769K(5824K) Class: 533K(640K)->533K(640K)
[2.972s][info][gc             ] GC(61) Pause Full (Ergonomics) 376M->376M(405M) 121.971ms
[2.972s][info][gc,cpu         ] GC(61) User=0.56s Sys=0.00s Real=0.12s
[2.972s][info][gc,start       ] GC(62) Pause Full (Ergonomics)
[2.972s][info][gc,phases,start] GC(62) Marking Phase
[3.071s][info][gc,phases      ] GC(62) Marking Phase 99.245ms
[3.071s][info][gc,phases,start] GC(62) Summary Phase
[3.071s][info][gc,phases      ] GC(62) Summary Phase 0.019ms
[3.071s][info][gc,phases,start] GC(62) Adjust Roots
[3.072s][info][gc,phases      ] GC(62) Adjust Roots 0.184ms
[3.072s][info][gc,phases,start] GC(62) Compaction Phase
[3.103s][info][gc,phases      ] GC(62) Compaction Phase 31.776ms
[3.104s][info][gc,phases,start] GC(62) Post Compact
[3.105s][info][gc,phases      ] GC(62) Post Compact 1.765ms
[3.105s][info][gc,heap        ] GC(62) PSYoungGen: 44552K(73216K)->44552K(73216K) Eden: 16383K(16384K)->16383K(16384K) From: 28168K(56832K)->28168K(56832K)
[3.105s][info][gc,heap        ] GC(62) ParOldGen: 341318K(341504K)->341318K(341504K)
[3.105s][info][gc,metaspace   ] GC(62) Metaspace: 6302K(6464K)->6302K(6464K) NonClass: 5769K(5824K)->5769K(5824K) Class: 533K(640K)->533K(640K)
[3.105s][info][gc             ] GC(62) Pause Full (Ergonomics) 376M->376M(405M) 133.365ms
[3.105s][info][gc,cpu         ] GC(62) User=0.53s Sys=0.02s Real=0.13s
[3.106s][info][gc,start       ] GC(63) Pause Full (Ergonomics)
[3.106s][info][gc,phases,start] GC(63) Marking Phase
[3.198s][info][gc,phases      ] GC(63) Marking Phase 92.524ms
[3.198s][info][gc,phases,start] GC(63) Summary Phase
[3.198s][info][gc,phases      ] GC(63) Summary Phase 0.019ms
[3.198s][info][gc,phases,start] GC(63) Adjust Roots
[3.199s][info][gc,phases      ] GC(63) Adjust Roots 0.185ms
[3.199s][info][gc,phases,start] GC(63) Compaction Phase
[3.225s][info][gc,phases      ] GC(63) Compaction Phase 26.257ms
[3.225s][info][gc,phases,start] GC(63) Post Compact
[3.227s][info][gc,phases      ] GC(63) Post Compact 1.712ms
[3.227s][info][gc,heap        ] GC(63) PSYoungGen: 44552K(73216K)->44552K(73216K) Eden: 16383K(16384K)->16383K(16384K) From: 28168K(56832K)->28168K(56832K)
[3.227s][info][gc,heap        ] GC(63) ParOldGen: 341323K(341504K)->341323K(341504K)
[3.227s][info][gc,metaspace   ] GC(63) Metaspace: 6302K(6464K)->6302K(6464K) NonClass: 5769K(5824K)->5769K(5824K) Class: 533K(640K)->533K(640K)
[3.227s][info][gc             ] GC(63) Pause Full (Ergonomics) 376M->376M(405M) 121.048ms
[3.227s][info][gc,cpu         ] GC(63) User=0.56s Sys=0.00s Real=0.12s
[3.227s][info][gc,start       ] GC(64) Pause Full (Ergonomics)
[3.227s][info][gc,phases,start] GC(64) Marking Phase
[3.318s][info][gc,phases      ] GC(64) Marking Phase 90.725ms
[3.318s][info][gc,phases,start] GC(64) Summary Phase
[3.318s][info][gc,phases      ] GC(64) Summary Phase 0.019ms
[3.318s][info][gc,phases,start] GC(64) Adjust Roots
[3.318s][info][gc,phases      ] GC(64) Adjust Roots 0.181ms
[3.318s][info][gc,phases,start] GC(64) Compaction Phase
[3.346s][info][gc,phases      ] GC(64) Compaction Phase 27.916ms
[3.346s][info][gc,phases,start] GC(64) Post Compact
[3.348s][info][gc,phases      ] GC(64) Post Compact 1.743ms
[3.348s][info][gc,heap        ] GC(64) PSYoungGen: 44552K(73216K)->44552K(73216K) Eden: 16383K(16384K)->16383K(16384K) From: 28168K(56832K)->28168K(56832K)
[3.348s][info][gc,heap        ] GC(64) ParOldGen: 341328K(341504K)->341328K(341504K)
[3.348s][info][gc,metaspace   ] GC(64) Metaspace: 6302K(6464K)->6302K(6464K) NonClass: 5769K(5824K)->5769K(5824K) Class: 533K(640K)->533K(640K)
[3.348s][info][gc             ] GC(64) Pause Full (Ergonomics) 376M->376M(405M) 120.908ms
[3.348s][info][gc,cpu         ] GC(64) User=0.64s Sys=0.00s Real=0.12s
[3.348s][info][gc,start       ] GC(65) Pause Full (Ergonomics)
[3.348s][info][gc,phases,start] GC(65) Marking Phase
[3.438s][info][gc,phases      ] GC(65) Marking Phase 90.174ms
[3.438s][info][gc,phases,start] GC(65) Summary Phase
[3.438s][info][gc,phases      ] GC(65) Summary Phase 0.017ms
[3.438s][info][gc,phases,start] GC(65) Adjust Roots
[3.439s][info][gc,phases      ] GC(65) Adjust Roots 0.174ms
[3.439s][info][gc,phases,start] GC(65) Compaction Phase
[3.466s][info][gc,phases      ] GC(65) Compaction Phase 27.590ms
[3.466s][info][gc,phases,start] GC(65) Post Compact
[3.468s][info][gc,phases      ] GC(65) Post Compact 1.528ms
[3.468s][info][gc,heap        ] GC(65) PSYoungGen: 44552K(73216K)->44552K(73216K) Eden: 16383K(16384K)->16383K(16384K) From: 28168K(56832K)->28168K(56832K)
[3.468s][info][gc,heap        ] GC(65) ParOldGen: 341332K(341504K)->341332K(341504K)
[3.468s][info][gc,metaspace   ] GC(65) Metaspace: 6302K(6464K)->6302K(6464K) NonClass: 5769K(5824K)->5769K(5824K) Class: 533K(640K)->533K(640K)
[3.468s][info][gc             ] GC(65) Pause Full (Ergonomics) 376M->376M(405M) 119.781ms
[3.468s][info][gc,cpu         ] GC(65) User=0.64s Sys=0.00s Real=0.12s
[3.468s][info][gc,start       ] GC(66) Pause Full (Ergonomics)
[3.468s][info][gc,phases,start] GC(66) Marking Phase
[3.562s][info][gc,phases      ] GC(66) Marking Phase 93.697ms
[3.562s][info][gc,phases,start] GC(66) Summary Phase
[3.562s][info][gc,phases      ] GC(66) Summary Phase 0.019ms
[3.562s][info][gc,phases,start] GC(66) Adjust Roots
[3.562s][info][gc,phases      ] GC(66) Adjust Roots 0.191ms
[3.562s][info][gc,phases,start] GC(66) Compaction Phase
[3.590s][info][gc,phases      ] GC(66) Compaction Phase 28.076ms
[3.590s][info][gc,phases,start] GC(66) Post Compact
[3.592s][info][gc,phases      ] GC(66) Post Compact 1.716ms
[3.592s][info][gc,heap        ] GC(66) PSYoungGen: 44552K(73216K)->44552K(73216K) Eden: 16383K(16384K)->16383K(16384K) From: 28168K(56832K)->28168K(56832K)
[3.592s][info][gc,heap        ] GC(66) ParOldGen: 341337K(341504K)->341337K(341504K)
[3.592s][info][gc,metaspace   ] GC(66) Metaspace: 6302K(6464K)->6302K(6464K) NonClass: 5769K(5824K)->5769K(5824K) Class: 533K(640K)->533K(640K)
[3.592s][info][gc             ] GC(66) Pause Full (Ergonomics) 376M->376M(405M) 124.033ms
[3.592s][info][gc,cpu         ] GC(66) User=0.56s Sys=0.00s Real=0.12s
[3.593s][info][gc,start       ] GC(67) Pause Full (Ergonomics)
[3.593s][info][gc,phases,start] GC(67) Marking Phase
[3.687s][info][gc,phases      ] GC(67) Marking Phase 94.831ms
[3.687s][info][gc,phases,start] GC(67) Summary Phase
[3.688s][info][gc,phases      ] GC(67) Summary Phase 0.019ms
[3.688s][info][gc,phases,start] GC(67) Adjust Roots
[3.688s][info][gc,phases      ] GC(67) Adjust Roots 0.184ms
[3.688s][info][gc,phases,start] GC(67) Compaction Phase
[3.716s][info][gc,phases      ] GC(67) Compaction Phase 27.883ms
[3.716s][info][gc,phases,start] GC(67) Post Compact
[3.717s][info][gc,phases      ] GC(67) Post Compact 1.547ms
[3.717s][info][gc,heap        ] GC(67) PSYoungGen: 44552K(73216K)->44552K(73216K) Eden: 16383K(16384K)->16383K(16384K) From: 28168K(56832K)->28168K(56832K)
[3.717s][info][gc,heap        ] GC(67) ParOldGen: 341342K(341504K)->341342K(341504K)
[3.717s][info][gc,metaspace   ] GC(67) Metaspace: 6302K(6464K)->6302K(6464K) NonClass: 5769K(5824K)->5769K(5824K) Class: 533K(640K)->533K(640K)
[3.717s][info][gc             ] GC(67) Pause Full (Ergonomics) 376M->376M(405M) 124.814ms
[3.717s][info][gc,cpu         ] GC(67) User=0.56s Sys=0.00s Real=0.12s
[3.718s][info][gc,start       ] GC(68) Pause Full (Ergonomics)
[3.718s][info][gc,phases,start] GC(68) Marking Phase
[3.805s][info][gc,phases      ] GC(68) Marking Phase 87.596ms
[3.805s][info][gc,phases,start] GC(68) Summary Phase
[3.805s][info][gc,phases      ] GC(68) Summary Phase 0.018ms
[3.805s][info][gc,phases,start] GC(68) Adjust Roots
[3.806s][info][gc,phases      ] GC(68) Adjust Roots 0.184ms
[3.806s][info][gc,phases,start] GC(68) Compaction Phase
[3.833s][info][gc,phases      ] GC(68) Compaction Phase 27.702ms
[3.833s][info][gc,phases,start] GC(68) Post Compact
[3.835s][info][gc,phases      ] GC(68) Post Compact 1.764ms
[3.835s][info][gc,heap        ] GC(68) PSYoungGen: 44552K(73216K)->44552K(73216K) Eden: 16383K(16384K)->16383K(16384K) From: 28168K(56832K)->28168K(56832K)
[3.835s][info][gc,heap        ] GC(68) ParOldGen: 341346K(341504K)->341346K(341504K)
[3.835s][info][gc,metaspace   ] GC(68) Metaspace: 6302K(6464K)->6302K(6464K) NonClass: 5769K(5824K)->5769K(5824K) Class: 533K(640K)->533K(640K)
[3.835s][info][gc             ] GC(68) Pause Full (Ergonomics) 376M->376M(405M) 117.591ms
[3.835s][info][gc,cpu         ] GC(68) User=0.56s Sys=0.00s Real=0.12s
[3.835s][info][gc,start       ] GC(69) Pause Full (Ergonomics)
[3.836s][info][gc,phases,start] GC(69) Marking Phase
[3.930s][info][gc,phases      ] GC(69) Marking Phase 94.824ms
[3.930s][info][gc,phases,start] GC(69) Summary Phase
[3.930s][info][gc,phases      ] GC(69) Summary Phase 0.045ms
[3.930s][info][gc,phases,start] GC(69) Adjust Roots
[3.931s][info][gc,phases      ] GC(69) Adjust Roots 0.185ms
[3.931s][info][gc,phases,start] GC(69) Compaction Phase
[3.958s][info][gc,phases      ] GC(69) Compaction Phase 27.766ms
[3.958s][info][gc,phases,start] GC(69) Post Compact
[3.960s][info][gc,phases      ] GC(69) Post Compact 1.726ms
[3.960s][info][gc,heap        ] GC(69) PSYoungGen: 44552K(73216K)->44552K(73216K) Eden: 16383K(16384K)->16383K(16384K) From: 28168K(56832K)->28168K(56832K)
[3.960s][info][gc,heap        ] GC(69) ParOldGen: 341351K(341504K)->341351K(341504K)
[3.960s][info][gc,metaspace   ] GC(69) Metaspace: 6302K(6464K)->6302K(6464K) NonClass: 5769K(5824K)->5769K(5824K) Class: 533K(640K)->533K(640K)
[3.960s][info][gc             ] GC(69) Pause Full (Ergonomics) 376M->376M(405M) 124.885ms
[3.960s][info][gc,cpu         ] GC(69) User=0.58s Sys=0.00s Real=0.12s
[3.961s][info][gc,start       ] GC(70) Pause Full (Ergonomics)
[3.961s][info][gc,phases,start] GC(70) Marking Phase
[4.058s][info][gc,phases      ] GC(70) Marking Phase 97.150ms
[4.058s][info][gc,phases,start] GC(70) Summary Phase
[4.058s][info][gc,phases      ] GC(70) Summary Phase 0.018ms
[4.058s][info][gc,phases,start] GC(70) Adjust Roots
[4.058s][info][gc,phases      ] GC(70) Adjust Roots 0.192ms
[4.058s][info][gc,phases,start] GC(70) Compaction Phase
[4.086s][info][gc,phases      ] GC(70) Compaction Phase 28.242ms
[4.086s][info][gc,phases,start] GC(70) Post Compact
[4.088s][info][gc,phases      ] GC(70) Post Compact 1.552ms
[4.088s][info][gc,heap        ] GC(70) PSYoungGen: 44552K(73216K)->44552K(73216K) Eden: 16383K(16384K)->16383K(16384K) From: 28168K(56832K)->28168K(56832K)
[4.088s][info][gc,heap        ] GC(70) ParOldGen: 341356K(341504K)->341356K(341504K)
[4.088s][info][gc,metaspace   ] GC(70) Metaspace: 6302K(6464K)->6302K(6464K) NonClass: 5769K(5824K)->5769K(5824K) Class: 533K(640K)->533K(640K)
[4.088s][info][gc             ] GC(70) Pause Full (Ergonomics) 376M->376M(405M) 127.470ms
[4.088s][info][gc,cpu         ] GC(70) User=0.62s Sys=0.00s Real=0.13s
[4.088s][info][gc,start       ] GC(71) Pause Full (Ergonomics)
[4.088s][info][gc,phases,start] GC(71) Marking Phase
[4.183s][info][gc,phases      ] GC(71) Marking Phase 94.421ms
[4.183s][info][gc,phases,start] GC(71) Summary Phase
[4.183s][info][gc,phases      ] GC(71) Summary Phase 0.018ms
[4.183s][info][gc,phases,start] GC(71) Adjust Roots
[4.183s][info][gc,phases      ] GC(71) Adjust Roots 0.175ms
[4.183s][info][gc,phases,start] GC(71) Compaction Phase
[4.209s][info][gc,phases      ] GC(71) Compaction Phase 26.000ms
[4.209s][info][gc,phases,start] GC(71) Post Compact
[4.211s][info][gc,phases      ] GC(71) Post Compact 1.750ms
[4.211s][info][gc,heap        ] GC(71) PSYoungGen: 44552K(73216K)->44552K(73216K) Eden: 16383K(16384K)->16383K(16384K) From: 28168K(56832K)->28168K(56832K)
[4.211s][info][gc,heap        ] GC(71) ParOldGen: 341360K(341504K)->341360K(341504K)
[4.211s][info][gc,metaspace   ] GC(71) Metaspace: 6302K(6464K)->6302K(6464K) NonClass: 5769K(5824K)->5769K(5824K) Class: 533K(640K)->533K(640K)
[4.211s][info][gc             ] GC(71) Pause Full (Ergonomics) 376M->376M(405M) 122.681ms
[4.211s][info][gc,cpu         ] GC(71) User=0.56s Sys=0.00s Real=0.12s
[4.211s][info][gc,start       ] GC(72) Pause Full (Ergonomics)
[4.211s][info][gc,phases,start] GC(72) Marking Phase
[4.305s][info][gc,phases      ] GC(72) Marking Phase 93.961ms
[4.305s][info][gc,phases,start] GC(72) Summary Phase
[4.305s][info][gc,phases      ] GC(72) Summary Phase 0.019ms
[4.305s][info][gc,phases,start] GC(72) Adjust Roots
[4.306s][info][gc,phases      ] GC(72) Adjust Roots 0.187ms
[4.306s][info][gc,phases,start] GC(72) Compaction Phase
[4.333s][info][gc,phases      ] GC(72) Compaction Phase 27.699ms
[4.333s][info][gc,phases,start] GC(72) Post Compact
[4.335s][info][gc,phases      ] GC(72) Post Compact 1.749ms
[4.335s][info][gc,heap        ] GC(72) PSYoungGen: 44552K(73216K)->44552K(73216K) Eden: 16383K(16384K)->16383K(16384K) From: 28168K(56832K)->28168K(56832K)
[4.335s][info][gc,heap        ] GC(72) ParOldGen: 341365K(341504K)->341365K(341504K)
[4.335s][info][gc,metaspace   ] GC(72) Metaspace: 6302K(6464K)->6302K(6464K) NonClass: 5769K(5824K)->5769K(5824K) Class: 533K(640K)->533K(640K)
[4.335s][info][gc             ] GC(72) Pause Full (Ergonomics) 376M->376M(405M) 123.935ms
[4.335s][info][gc,cpu         ] GC(72) User=0.58s Sys=0.00s Real=0.12s
[4.335s][info][gc,start       ] GC(73) Pause Full (Ergonomics)
[4.335s][info][gc,phases,start] GC(73) Marking Phase
[4.430s][info][gc,phases      ] GC(73) Marking Phase 94.256ms
[4.430s][info][gc,phases,start] GC(73) Summary Phase
[4.430s][info][gc,phases      ] GC(73) Summary Phase 0.028ms
[4.430s][info][gc,phases,start] GC(73) Adjust Roots
[4.430s][info][gc,phases      ] GC(73) Adjust Roots 0.183ms
[4.430s][info][gc,phases,start] GC(73) Compaction Phase
[4.458s][info][gc,phases      ] GC(73) Compaction Phase 27.989ms
[4.458s][info][gc,phases,start] GC(73) Post Compact
[4.460s][info][gc,phases      ] GC(73) Post Compact 1.728ms
[4.460s][info][gc,heap        ] GC(73) PSYoungGen: 44552K(73216K)->44552K(73216K) Eden: 16383K(16384K)->16383K(16384K) From: 28168K(56832K)->28168K(56832K)
[4.460s][info][gc,heap        ] GC(73) ParOldGen: 341370K(341504K)->341370K(341504K)
[4.460s][info][gc,metaspace   ] GC(73) Metaspace: 6302K(6464K)->6302K(6464K) NonClass: 5769K(5824K)->5769K(5824K) Class: 533K(640K)->533K(640K)
[4.460s][info][gc             ] GC(73) Pause Full (Ergonomics) 376M->376M(405M) 124.517ms
[4.460s][info][gc,cpu         ] GC(73) User=0.58s Sys=0.00s Real=0.12s
[4.460s][info][gc,start       ] GC(74) Pause Full (Ergonomics)
[4.460s][info][gc,phases,start] GC(74) Marking Phase
[4.556s][info][gc,phases      ] GC(74) Marking Phase 95.493ms
[4.556s][info][gc,phases,start] GC(74) Summary Phase
[4.556s][info][gc,phases      ] GC(74) Summary Phase 0.018ms
[4.556s][info][gc,phases,start] GC(74) Adjust Roots
[4.556s][info][gc,phases      ] GC(74) Adjust Roots 0.180ms
[4.556s][info][gc,phases,start] GC(74) Compaction Phase
[4.582s][info][gc,phases      ] GC(74) Compaction Phase 26.310ms
[4.582s][info][gc,phases,start] GC(74) Post Compact
[4.584s][info][gc,phases      ] GC(74) Post Compact 1.716ms
[4.584s][info][gc,heap        ] GC(74) PSYoungGen: 44552K(73216K)->44552K(73216K) Eden: 16383K(16384K)->16383K(16384K) From: 28168K(56832K)->28168K(56832K)
[4.584s][info][gc,heap        ] GC(74) ParOldGen: 341374K(341504K)->341374K(341504K)
[4.584s][info][gc,metaspace   ] GC(74) Metaspace: 6302K(6464K)->6302K(6464K) NonClass: 5769K(5824K)->5769K(5824K) Class: 533K(640K)->533K(640K)
[4.584s][info][gc             ] GC(74) Pause Full (Ergonomics) 376M->376M(405M) 124.058ms
[4.584s][info][gc,cpu         ] GC(74) User=0.55s Sys=0.02s Real=0.12s
[4.585s][info][gc,start       ] GC(75) Pause Full (Ergonomics)
[4.585s][info][gc,phases,start] GC(75) Marking Phase
[4.677s][info][gc,phases      ] GC(75) Marking Phase 92.873ms
[4.678s][info][gc,phases,start] GC(75) Summary Phase
[4.678s][info][gc,phases      ] GC(75) Summary Phase 0.019ms
[4.678s][info][gc,phases,start] GC(75) Adjust Roots
[4.678s][info][gc,phases      ] GC(75) Adjust Roots 0.176ms
[4.678s][info][gc,phases,start] GC(75) Compaction Phase
[4.704s][info][gc,phases      ] GC(75) Compaction Phase 26.411ms
[4.704s][info][gc,phases,start] GC(75) Post Compact
[4.706s][info][gc,phases      ] GC(75) Post Compact 1.752ms
[4.706s][info][gc,heap        ] GC(75) PSYoungGen: 44552K(73216K)->44552K(73216K) Eden: 16383K(16384K)->16383K(16384K) From: 28168K(56832K)->28168K(56832K)
[4.706s][info][gc,heap        ] GC(75) ParOldGen: 341379K(341504K)->341379K(341504K)
[4.706s][info][gc,metaspace   ] GC(75) Metaspace: 6302K(6464K)->6302K(6464K) NonClass: 5769K(5824K)->5769K(5824K) Class: 533K(640K)->533K(640K)
[4.706s][info][gc             ] GC(75) Pause Full (Ergonomics) 376M->376M(405M) 121.557ms
[4.706s][info][gc,cpu         ] GC(75) User=0.56s Sys=0.00s Real=0.12s
[4.706s][info][gc,start       ] GC(76) Pause Full (Ergonomics)
[4.706s][info][gc,phases,start] GC(76) Marking Phase
[4.804s][info][gc,phases      ] GC(76) Marking Phase 97.169ms
[4.804s][info][gc,phases,start] GC(76) Summary Phase
[4.804s][info][gc,phases      ] GC(76) Summary Phase 0.018ms
[4.804s][info][gc,phases,start] GC(76) Adjust Roots
[4.804s][info][gc,phases      ] GC(76) Adjust Roots 0.187ms
[4.804s][info][gc,phases,start] GC(76) Compaction Phase
[4.830s][info][gc,phases      ] GC(76) Compaction Phase 26.102ms
[4.830s][info][gc,phases,start] GC(76) Post Compact
[4.832s][info][gc,phases      ] GC(76) Post Compact 1.703ms
[4.832s][info][gc,heap        ] GC(76) PSYoungGen: 44552K(73216K)->44552K(73216K) Eden: 16383K(16384K)->16383K(16384K) From: 28168K(56832K)->28168K(56832K)
[4.832s][info][gc,heap        ] GC(76) ParOldGen: 341384K(341504K)->341384K(341504K)
[4.832s][info][gc,metaspace   ] GC(76) Metaspace: 6302K(6464K)->6302K(6464K) NonClass: 5769K(5824K)->5769K(5824K) Class: 533K(640K)->533K(640K)
[4.832s][info][gc             ] GC(76) Pause Full (Ergonomics) 376M->376M(405M) 125.516ms
[4.832s][info][gc,cpu         ] GC(76) User=0.70s Sys=0.00s Real=0.12s
[4.832s][info][gc,start       ] GC(77) Pause Full (Ergonomics)
[4.832s][info][gc,phases,start] GC(77) Marking Phase
[4.921s][info][gc,phases      ] GC(77) Marking Phase 88.878ms
[4.921s][info][gc,phases,start] GC(77) Summary Phase
[4.921s][info][gc,phases      ] GC(77) Summary Phase 0.018ms
[4.921s][info][gc,phases,start] GC(77) Adjust Roots
[4.921s][info][gc,phases      ] GC(77) Adjust Roots 0.183ms
[4.921s][info][gc,phases,start] GC(77) Compaction Phase
[4.949s][info][gc,phases      ] GC(77) Compaction Phase 27.244ms
[4.949s][info][gc,phases,start] GC(77) Post Compact
[4.950s][info][gc,phases      ] GC(77) Post Compact 1.748ms
[4.951s][info][gc,heap        ] GC(77) PSYoungGen: 44552K(73216K)->44552K(73216K) Eden: 16383K(16384K)->16383K(16384K) From: 28168K(56832K)->28168K(56832K)
[4.951s][info][gc,heap        ] GC(77) ParOldGen: 341388K(341504K)->341388K(341504K)
[4.951s][info][gc,metaspace   ] GC(77) Metaspace: 6302K(6464K)->6302K(6464K) NonClass: 5769K(5824K)->5769K(5824K) Class: 533K(640K)->533K(640K)
[4.951s][info][gc             ] GC(77) Pause Full (Ergonomics) 376M->376M(405M) 118.401ms
[4.951s][info][gc,cpu         ] GC(77) User=0.66s Sys=0.00s Real=0.12s
[4.951s][info][gc,start       ] GC(78) Pause Full (Ergonomics)
[4.951s][info][gc,phases,start] GC(78) Marking Phase
[5.042s][info][gc,phases      ] GC(78) Marking Phase 91.565ms
[5.043s][info][gc,phases,start] GC(78) Summary Phase
[5.043s][info][gc,phases      ] GC(78) Summary Phase 0.019ms
[5.043s][info][gc,phases,start] GC(78) Adjust Roots
[5.043s][info][gc,phases      ] GC(78) Adjust Roots 0.185ms
[5.043s][info][gc,phases,start] GC(78) Compaction Phase
[5.074s][info][gc,phases      ] GC(78) Compaction Phase 31.525ms
[5.074s][info][gc,phases,start] GC(78) Post Compact
[5.076s][info][gc,phases      ] GC(78) Post Compact 1.733ms
[5.076s][info][gc,heap        ] GC(78) PSYoungGen: 44552K(73216K)->44552K(73216K) Eden: 16383K(16384K)->16383K(16384K) From: 28168K(56832K)->28168K(56832K)
[5.076s][info][gc,heap        ] GC(78) ParOldGen: 341393K(341504K)->341393K(341504K)
[5.076s][info][gc,metaspace   ] GC(78) Metaspace: 6302K(6464K)->6302K(6464K) NonClass: 5769K(5824K)->5769K(5824K) Class: 533K(640K)->533K(640K)
[5.076s][info][gc             ] GC(78) Pause Full (Ergonomics) 376M->376M(405M) 125.383ms
[5.076s][info][gc,cpu         ] GC(78) User=0.56s Sys=0.00s Real=0.13s
[5.076s][info][gc,start       ] GC(79) Pause Full (Ergonomics)
[5.076s][info][gc,phases,start] GC(79) Marking Phase
[5.161s][info][gc,phases      ] GC(79) Marking Phase 84.125ms
[5.161s][info][gc,phases,start] GC(79) Summary Phase
[5.161s][info][gc,phases      ] GC(79) Summary Phase 0.019ms
[5.161s][info][gc,phases,start] GC(79) Adjust Roots
[5.161s][info][gc,phases      ] GC(79) Adjust Roots 0.192ms
[5.161s][info][gc,phases,start] GC(79) Compaction Phase
[5.187s][info][gc,phases      ] GC(79) Compaction Phase 25.824ms
[5.187s][info][gc,phases,start] GC(79) Post Compact
[5.188s][info][gc,phases      ] GC(79) Post Compact 1.674ms
[5.189s][info][gc,heap        ] GC(79) PSYoungGen: 44552K(73216K)->44552K(73216K) Eden: 16383K(16384K)->16383K(16384K) From: 28168K(56832K)->28168K(56832K)
[5.189s][info][gc,heap        ] GC(79) ParOldGen: 341398K(341504K)->341398K(341504K)
[5.189s][info][gc,metaspace   ] GC(79) Metaspace: 6302K(6464K)->6302K(6464K) NonClass: 5769K(5824K)->5769K(5824K) Class: 533K(640K)->533K(640K)
[5.189s][info][gc             ] GC(79) Pause Full (Ergonomics) 376M->376M(405M) 112.138ms
[5.189s][info][gc,cpu         ] GC(79) User=0.53s Sys=0.02s Real=0.11s
[5.189s][info][gc,start       ] GC(80) Pause Full (Ergonomics)
[5.189s][info][gc,phases,start] GC(80) Marking Phase
[5.279s][info][gc,phases      ] GC(80) Marking Phase 90.126ms
[5.279s][info][gc,phases,start] GC(80) Summary Phase
[5.279s][info][gc,phases      ] GC(80) Summary Phase 0.018ms
[5.279s][info][gc,phases,start] GC(80) Adjust Roots
[5.279s][info][gc,phases      ] GC(80) Adjust Roots 0.183ms
[5.279s][info][gc,phases,start] GC(80) Compaction Phase
[5.313s][info][gc,phases      ] GC(80) Compaction Phase 34.081ms
[5.313s][info][gc,phases,start] GC(80) Post Compact
[5.315s][info][gc,phases      ] GC(80) Post Compact 1.817ms
[5.315s][info][gc,heap        ] GC(80) PSYoungGen: 44552K(73216K)->44552K(73216K) Eden: 16383K(16384K)->16383K(16384K) From: 28168K(56832K)->28168K(56832K)
[5.315s][info][gc,heap        ] GC(80) ParOldGen: 341402K(341504K)->341402K(341504K)
[5.315s][info][gc,metaspace   ] GC(80) Metaspace: 6302K(6464K)->6302K(6464K) NonClass: 5769K(5824K)->5769K(5824K) Class: 533K(640K)->533K(640K)
[5.315s][info][gc             ] GC(80) Pause Full (Ergonomics) 376M->376M(405M) 126.614ms
[5.316s][info][gc,cpu         ] GC(80) User=0.59s Sys=0.02s Real=0.13s
[5.316s][info][gc,start       ] GC(81) Pause Full (Ergonomics)
[5.316s][info][gc,phases,start] GC(81) Marking Phase
[5.412s][info][gc,phases      ] GC(81) Marking Phase 96.312ms
[5.412s][info][gc,phases,start] GC(81) Summary Phase
[5.412s][info][gc,phases      ] GC(81) Summary Phase 0.022ms
[5.412s][info][gc,phases,start] GC(81) Adjust Roots
[5.412s][info][gc,phases      ] GC(81) Adjust Roots 0.215ms
[5.412s][info][gc,phases,start] GC(81) Compaction Phase
[5.444s][info][gc,phases      ] GC(81) Compaction Phase 31.205ms
[5.444s][info][gc,phases,start] GC(81) Post Compact
[5.446s][info][gc,phases      ] GC(81) Post Compact 1.759ms
[5.446s][info][gc,heap        ] GC(81) PSYoungGen: 44552K(73216K)->44552K(73216K) Eden: 16383K(16384K)->16383K(16384K) From: 28168K(56832K)->28168K(56832K)
[5.446s][info][gc,heap        ] GC(81) ParOldGen: 341407K(341504K)->341407K(341504K)
[5.446s][info][gc,metaspace   ] GC(81) Metaspace: 6302K(6464K)->6302K(6464K) NonClass: 5769K(5824K)->5769K(5824K) Class: 533K(640K)->533K(640K)
[5.446s][info][gc             ] GC(81) Pause Full (Ergonomics) 376M->376M(405M) 129.866ms
[5.446s][info][gc,cpu         ] GC(81) User=0.56s Sys=0.02s Real=0.13s
[5.446s][info][gc,start       ] GC(82) Pause Full (Ergonomics)
[5.446s][info][gc,phases,start] GC(82) Marking Phase
[5.542s][info][gc,phases      ] GC(82) Marking Phase 95.854ms
[5.542s][info][gc,phases,start] GC(82) Summary Phase
[5.542s][info][gc,phases      ] GC(82) Summary Phase 0.017ms
[5.542s][info][gc,phases,start] GC(82) Adjust Roots
[5.542s][info][gc,phases      ] GC(82) Adjust Roots 0.190ms
[5.542s][info][gc,phases,start] GC(82) Compaction Phase
[5.568s][info][gc,phases      ] GC(82) Compaction Phase 26.088ms
[5.568s][info][gc,phases,start] GC(82) Post Compact
[5.570s][info][gc,phases      ] GC(82) Post Compact 1.675ms
[5.570s][info][gc,heap        ] GC(82) PSYoungGen: 44552K(73216K)->44552K(73216K) Eden: 16383K(16384K)->16383K(16384K) From: 28168K(56832K)->28168K(56832K)
[5.570s][info][gc,heap        ] GC(82) ParOldGen: 341412K(341504K)->341412K(341504K)
[5.570s][info][gc,metaspace   ] GC(82) Metaspace: 6302K(6464K)->6302K(6464K) NonClass: 5769K(5824K)->5769K(5824K) Class: 533K(640K)->533K(640K)
[5.570s][info][gc             ] GC(82) Pause Full (Ergonomics) 376M->376M(405M) 124.156ms
[5.570s][info][gc,cpu         ] GC(82) User=0.56s Sys=0.00s Real=0.12s
[5.570s][info][gc,start       ] GC(83) Pause Full (Ergonomics)
[5.570s][info][gc,phases,start] GC(83) Marking Phase
[5.662s][info][gc,phases      ] GC(83) Marking Phase 91.165ms
[5.662s][info][gc,phases,start] GC(83) Summary Phase
[5.662s][info][gc,phases      ] GC(83) Summary Phase 0.019ms
[5.662s][info][gc,phases,start] GC(83) Adjust Roots
[5.662s][info][gc,phases      ] GC(83) Adjust Roots 0.182ms
[5.662s][info][gc,phases,start] GC(83) Compaction Phase
[5.688s][info][gc,phases      ] GC(83) Compaction Phase 25.763ms
[5.688s][info][gc,phases,start] GC(83) Post Compact
[5.689s][info][gc,phases      ] GC(83) Post Compact 1.689ms
[5.689s][info][gc,heap        ] GC(83) PSYoungGen: 44552K(73216K)->44552K(73216K) Eden: 16383K(16384K)->16383K(16384K) From: 28168K(56832K)->28168K(56832K)
[5.690s][info][gc,heap        ] GC(83) ParOldGen: 341416K(341504K)->341416K(341504K)
[5.690s][info][gc,metaspace   ] GC(83) Metaspace: 6302K(6464K)->6302K(6464K) NonClass: 5769K(5824K)->5769K(5824K) Class: 533K(640K)->533K(640K)
[5.690s][info][gc             ] GC(83) Pause Full (Ergonomics) 376M->376M(405M) 119.163ms
[5.690s][info][gc,cpu         ] GC(83) User=0.66s Sys=0.00s Real=0.12s
[5.690s][info][gc,start       ] GC(84) Pause Full (Ergonomics)
[5.690s][info][gc,phases,start] GC(84) Marking Phase
[5.776s][info][gc,phases      ] GC(84) Marking Phase 86.097ms
[5.776s][info][gc,phases,start] GC(84) Summary Phase
[5.776s][info][gc,phases      ] GC(84) Summary Phase 0.018ms
[5.776s][info][gc,phases,start] GC(84) Adjust Roots
[5.776s][info][gc,phases      ] GC(84) Adjust Roots 0.177ms
[5.776s][info][gc,phases,start] GC(84) Compaction Phase
[5.804s][info][gc,phases      ] GC(84) Compaction Phase 27.734ms
[5.804s][info][gc,phases,start] GC(84) Post Compact
[5.806s][info][gc,phases      ] GC(84) Post Compact 1.560ms
[5.806s][info][gc,heap        ] GC(84) PSYoungGen: 44552K(73216K)->44552K(73216K) Eden: 16383K(16384K)->16383K(16384K) From: 28168K(56832K)->28168K(56832K)
[5.806s][info][gc,heap        ] GC(84) ParOldGen: 341421K(341504K)->341421K(341504K)
[5.806s][info][gc,metaspace   ] GC(84) Metaspace: 6302K(6464K)->6302K(6464K) NonClass: 5769K(5824K)->5769K(5824K) Class: 533K(640K)->533K(640K)
[5.806s][info][gc             ] GC(84) Pause Full (Ergonomics) 376M->376M(405M) 115.941ms
[5.806s][info][gc,cpu         ] GC(84) User=0.58s Sys=0.00s Real=0.12s
[5.806s][info][gc,start       ] GC(85) Pause Full (Ergonomics)
[5.806s][info][gc,phases,start] GC(85) Marking Phase
[5.895s][info][gc,phases      ] GC(85) Marking Phase 89.148ms
[5.895s][info][gc,phases,start] GC(85) Summary Phase
[5.895s][info][gc,phases      ] GC(85) Summary Phase 0.019ms
[5.895s][info][gc,phases,start] GC(85) Adjust Roots
[5.895s][info][gc,phases      ] GC(85) Adjust Roots 0.186ms
[5.895s][info][gc,phases,start] GC(85) Compaction Phase
[5.927s][info][gc,phases      ] GC(85) Compaction Phase 31.852ms
[5.927s][info][gc,phases,start] GC(85) Post Compact
[5.929s][info][gc,phases      ] GC(85) Post Compact 1.762ms
[5.929s][info][gc,heap        ] GC(85) PSYoungGen: 44552K(73216K)->44552K(73216K) Eden: 16383K(16384K)->16383K(16384K) From: 28168K(56832K)->28168K(56832K)
[5.929s][info][gc,heap        ] GC(85) ParOldGen: 341426K(341504K)->341426K(341504K)
[5.929s][info][gc,metaspace   ] GC(85) Metaspace: 6302K(6464K)->6302K(6464K) NonClass: 5769K(5824K)->5769K(5824K) Class: 533K(640K)->533K(640K)
[5.929s][info][gc             ] GC(85) Pause Full (Ergonomics) 376M->376M(405M) 123.300ms
[5.929s][info][gc,cpu         ] GC(85) User=0.55s Sys=0.00s Real=0.12s
[5.930s][info][gc,start       ] GC(86) Pause Full (Ergonomics)
[5.930s][info][gc,phases,start] GC(86) Marking Phase
[6.016s][info][gc,phases      ] GC(86) Marking Phase 86.645ms
[6.016s][info][gc,phases,start] GC(86) Summary Phase
[6.016s][info][gc,phases      ] GC(86) Summary Phase 0.019ms
[6.016s][info][gc,phases,start] GC(86) Adjust Roots
[6.017s][info][gc,phases      ] GC(86) Adjust Roots 0.189ms
[6.017s][info][gc,phases,start] GC(86) Compaction Phase
[6.042s][info][gc,phases      ] GC(86) Compaction Phase 25.807ms
[6.042s][info][gc,phases,start] GC(86) Post Compact
[6.044s][info][gc,phases      ] GC(86) Post Compact 1.699ms
[6.044s][info][gc,heap        ] GC(86) PSYoungGen: 44552K(73216K)->44552K(73216K) Eden: 16383K(16384K)->16383K(16384K) From: 28168K(56832K)->28168K(56832K)
[6.044s][info][gc,heap        ] GC(86) ParOldGen: 341430K(341504K)->341430K(341504K)
[6.044s][info][gc,metaspace   ] GC(86) Metaspace: 6302K(6464K)->6302K(6464K) NonClass: 5769K(5824K)->5769K(5824K) Class: 533K(640K)->533K(640K)
[6.044s][info][gc             ] GC(86) Pause Full (Ergonomics) 376M->376M(405M) 114.677ms
[6.044s][info][gc,cpu         ] GC(86) User=0.55s Sys=0.00s Real=0.12s
[6.045s][info][gc,start       ] GC(87) Pause Full (Ergonomics)
[6.045s][info][gc,phases,start] GC(87) Marking Phase
[6.140s][info][gc,phases      ] GC(87) Marking Phase 95.330ms
[6.140s][info][gc,phases,start] GC(87) Summary Phase
[6.140s][info][gc,phases      ] GC(87) Summary Phase 0.019ms
[6.140s][info][gc,phases,start] GC(87) Adjust Roots
[6.140s][info][gc,phases      ] GC(87) Adjust Roots 0.186ms
[6.140s][info][gc,phases,start] GC(87) Compaction Phase
[6.166s][info][gc,phases      ] GC(87) Compaction Phase 26.117ms
[6.166s][info][gc,phases,start] GC(87) Post Compact
[6.168s][info][gc,phases      ] GC(87) Post Compact 1.688ms
[6.168s][info][gc,heap        ] GC(87) PSYoungGen: 44552K(73216K)->44552K(73216K) Eden: 16383K(16384K)->16383K(16384K) From: 28168K(56832K)->28168K(56832K)
[6.168s][info][gc,heap        ] GC(87) ParOldGen: 341435K(341504K)->341435K(341504K)
[6.168s][info][gc,metaspace   ] GC(87) Metaspace: 6302K(6464K)->6302K(6464K) NonClass: 5769K(5824K)->5769K(5824K) Class: 533K(640K)->533K(640K)
[6.168s][info][gc             ] GC(87) Pause Full (Ergonomics) 376M->376M(405M) 123.667ms
[6.168s][info][gc,cpu         ] GC(87) User=0.56s Sys=0.00s Real=0.12s
[6.168s][info][gc,start       ] GC(88) Pause Full (Ergonomics)
[6.168s][info][gc,phases,start] GC(88) Marking Phase
[6.259s][info][gc,phases      ] GC(88) Marking Phase 90.326ms
[6.259s][info][gc,phases,start] GC(88) Summary Phase
[6.259s][info][gc,phases      ] GC(88) Summary Phase 0.019ms
[6.259s][info][gc,phases,start] GC(88) Adjust Roots
[6.259s][info][gc,phases      ] GC(88) Adjust Roots 0.177ms
[6.259s][info][gc,phases,start] GC(88) Compaction Phase
[6.285s][info][gc,phases      ] GC(88) Compaction Phase 26.342ms
[6.285s][info][gc,phases,start] GC(88) Post Compact
[6.287s][info][gc,phases      ] GC(88) Post Compact 1.664ms
[6.287s][info][gc,heap        ] GC(88) PSYoungGen: 44552K(73216K)->44552K(73216K) Eden: 16383K(16384K)->16383K(16384K) From: 28168K(56832K)->28168K(56832K)
[6.287s][info][gc,heap        ] GC(88) ParOldGen: 341440K(341504K)->341440K(341504K)
[6.287s][info][gc,metaspace   ] GC(88) Metaspace: 6302K(6464K)->6302K(6464K) NonClass: 5769K(5824K)->5769K(5824K) Class: 533K(640K)->533K(640K)
[6.287s][info][gc             ] GC(88) Pause Full (Ergonomics) 376M->376M(405M) 118.883ms
[6.287s][info][gc,cpu         ] GC(88) User=0.58s Sys=0.00s Real=0.12s
[6.288s][info][gc,start       ] GC(89) Pause Full (Ergonomics)
[6.288s][info][gc,phases,start] GC(89) Marking Phase
[6.381s][info][gc,phases      ] GC(89) Marking Phase 93.518ms
[6.381s][info][gc,phases,start] GC(89) Summary Phase
[6.381s][info][gc,phases      ] GC(89) Summary Phase 0.019ms
[6.381s][info][gc,phases,start] GC(89) Adjust Roots
[6.381s][info][gc,phases      ] GC(89) Adjust Roots 0.184ms
[6.381s][info][gc,phases,start] GC(89) Compaction Phase
[6.409s][info][gc,phases      ] GC(89) Compaction Phase 27.889ms
[6.409s][info][gc,phases,start] GC(89) Post Compact
[6.411s][info][gc,phases      ] GC(89) Post Compact 1.716ms
[6.411s][info][gc,heap        ] GC(89) PSYoungGen: 44552K(73216K)->44552K(73216K) Eden: 16383K(16384K)->16383K(16384K) From: 28168K(56832K)->28168K(56832K)
[6.411s][info][gc,heap        ] GC(89) ParOldGen: 341444K(341504K)->341444K(341504K)
[6.411s][info][gc,metaspace   ] GC(89) Metaspace: 6302K(6464K)->6302K(6464K) NonClass: 5769K(5824K)->5769K(5824K) Class: 533K(640K)->533K(640K)
[6.411s][info][gc             ] GC(89) Pause Full (Ergonomics) 376M->376M(405M) 123.646ms
[6.411s][info][gc,cpu         ] GC(89) User=0.56s Sys=0.00s Real=0.12s
[6.412s][info][gc,start       ] GC(90) Pause Full (Ergonomics)
[6.412s][info][gc,phases,start] GC(90) Marking Phase
[6.509s][info][gc,phases      ] GC(90) Marking Phase 96.968ms
[6.509s][info][gc,phases,start] GC(90) Summary Phase
[6.509s][info][gc,phases      ] GC(90) Summary Phase 0.016ms
[6.509s][info][gc,phases,start] GC(90) Adjust Roots
[6.509s][info][gc,phases      ] GC(90) Adjust Roots 0.186ms
[6.509s][info][gc,phases,start] GC(90) Compaction Phase
[6.540s][info][gc,phases      ] GC(90) Compaction Phase 31.192ms
[6.540s][info][gc,phases,start] GC(90) Post Compact
[6.542s][info][gc,phases      ] GC(90) Post Compact 1.732ms
[6.542s][info][gc,heap        ] GC(90) PSYoungGen: 44552K(73216K)->44552K(73216K) Eden: 16383K(16384K)->16383K(16384K) From: 28168K(56832K)->28168K(56832K)
[6.542s][info][gc,heap        ] GC(90) ParOldGen: 341449K(341504K)->341449K(341504K)
[6.542s][info][gc,metaspace   ] GC(90) Metaspace: 6302K(6464K)->6302K(6464K) NonClass: 5769K(5824K)->5769K(5824K) Class: 533K(640K)->533K(640K)
[6.542s][info][gc             ] GC(90) Pause Full (Ergonomics) 376M->376M(405M) 130.438ms
[6.542s][info][gc,cpu         ] GC(90) User=0.72s Sys=0.00s Real=0.13s
[6.542s][info][gc,start       ] GC(91) Pause Full (Ergonomics)
[6.542s][info][gc,phases,start] GC(91) Marking Phase
[6.636s][info][gc,phases      ] GC(91) Marking Phase 94.193ms
[6.636s][info][gc,phases,start] GC(91) Summary Phase
[6.636s][info][gc,phases      ] GC(91) Summary Phase 0.019ms
[6.636s][info][gc,phases,start] GC(91) Adjust Roots
[6.637s][info][gc,phases      ] GC(91) Adjust Roots 0.180ms
[6.637s][info][gc,phases,start] GC(91) Compaction Phase
[6.663s][info][gc,phases      ] GC(91) Compaction Phase 26.459ms
[6.663s][info][gc,phases,start] GC(91) Post Compact
[6.665s][info][gc,phases      ] GC(91) Post Compact 1.706ms
[6.665s][info][gc,heap        ] GC(91) PSYoungGen: 44552K(73216K)->44552K(73216K) Eden: 16383K(16384K)->16383K(16384K) From: 28168K(56832K)->28168K(56832K)
[6.665s][info][gc,heap        ] GC(91) ParOldGen: 341454K(341504K)->341454K(341504K)
[6.665s][info][gc,metaspace   ] GC(91) Metaspace: 6302K(6464K)->6302K(6464K) NonClass: 5769K(5824K)->5769K(5824K) Class: 533K(640K)->533K(640K)
[6.665s][info][gc             ] GC(91) Pause Full (Ergonomics) 376M->376M(405M) 122.876ms
[6.665s][info][gc,cpu         ] GC(91) User=0.55s Sys=0.00s Real=0.12s
[6.665s][info][gc,start       ] GC(92) Pause Full (Ergonomics)
[6.665s][info][gc,phases,start] GC(92) Marking Phase
[6.760s][info][gc,phases      ] GC(92) Marking Phase 94.586ms
[6.760s][info][gc,phases,start] GC(92) Summary Phase
[6.760s][info][gc,phases      ] GC(92) Summary Phase 0.019ms
[6.760s][info][gc,phases,start] GC(92) Adjust Roots
[6.760s][info][gc,phases      ] GC(92) Adjust Roots 0.185ms
[6.760s][info][gc,phases,start] GC(92) Compaction Phase
[6.787s][info][gc,phases      ] GC(92) Compaction Phase 26.733ms
[6.787s][info][gc,phases,start] GC(92) Post Compact
[6.789s][info][gc,phases      ] GC(92) Post Compact 1.725ms
[6.789s][info][gc,heap        ] GC(92) PSYoungGen: 44552K(73216K)->44552K(73216K) Eden: 16383K(16384K)->16383K(16384K) From: 28168K(56832K)->28168K(56832K)
[6.789s][info][gc,heap        ] GC(92) ParOldGen: 341458K(341504K)->341458K(341504K)
[6.789s][info][gc,metaspace   ] GC(92) Metaspace: 6302K(6464K)->6302K(6464K) NonClass: 5769K(5824K)->5769K(5824K) Class: 533K(640K)->533K(640K)
[6.789s][info][gc             ] GC(92) Pause Full (Ergonomics) 376M->376M(405M) 123.560ms
[6.789s][info][gc,cpu         ] GC(92) User=0.56s Sys=0.00s Real=0.12s
[6.789s][info][gc,start       ] GC(93) Pause Full (Ergonomics)
[6.789s][info][gc,phases,start] GC(93) Marking Phase
[6.885s][info][gc,phases      ] GC(93) Marking Phase 95.469ms
[6.885s][info][gc,phases,start] GC(93) Summary Phase
[6.885s][info][gc,phases      ] GC(93) Summary Phase 0.019ms
[6.885s][info][gc,phases,start] GC(93) Adjust Roots
[6.885s][info][gc,phases      ] GC(93) Adjust Roots 0.183ms
[6.885s][info][gc,phases,start] GC(93) Compaction Phase
[6.913s][info][gc,phases      ] GC(93) Compaction Phase 28.011ms
[6.913s][info][gc,phases,start] GC(93) Post Compact
[6.915s][info][gc,phases      ] GC(93) Post Compact 1.721ms
[6.915s][info][gc,heap        ] GC(93) PSYoungGen: 44552K(73216K)->44552K(73216K) Eden: 16383K(16384K)->16383K(16384K) From: 28168K(56832K)->28168K(56832K)
[6.915s][info][gc,heap        ] GC(93) ParOldGen: 341463K(341504K)->341463K(341504K)
[6.915s][info][gc,metaspace   ] GC(93) Metaspace: 6302K(6464K)->6302K(6464K) NonClass: 5769K(5824K)->5769K(5824K) Class: 533K(640K)->533K(640K)
[6.915s][info][gc             ] GC(93) Pause Full (Ergonomics) 376M->376M(405M) 125.733ms
[6.915s][info][gc,cpu         ] GC(93) User=0.56s Sys=0.02s Real=0.13s
[6.915s][info][gc,start       ] GC(94) Pause Full (Ergonomics)
[6.915s][info][gc,phases,start] GC(94) Marking Phase
[7.008s][info][gc,phases      ] GC(94) Marking Phase 93.296ms
[7.009s][info][gc,phases,start] GC(94) Summary Phase
[7.009s][info][gc,phases      ] GC(94) Summary Phase 0.023ms
[7.009s][info][gc,phases,start] GC(94) Adjust Roots
[7.009s][info][gc,phases      ] GC(94) Adjust Roots 0.195ms
[7.009s][info][gc,phases,start] GC(94) Compaction Phase
[7.040s][info][gc,phases      ] GC(94) Compaction Phase 31.398ms
[7.040s][info][gc,phases,start] GC(94) Post Compact
[7.042s][info][gc,phases      ] GC(94) Post Compact 1.573ms
[7.042s][info][gc,heap        ] GC(94) PSYoungGen: 44552K(73216K)->44552K(73216K) Eden: 16383K(16384K)->16383K(16384K) From: 28168K(56832K)->28168K(56832K)
[7.042s][info][gc,heap        ] GC(94) ParOldGen: 341468K(341504K)->341468K(341504K)
[7.042s][info][gc,metaspace   ] GC(94) Metaspace: 6302K(6464K)->6302K(6464K) NonClass: 5769K(5824K)->5769K(5824K) Class: 533K(640K)->533K(640K)
[7.042s][info][gc             ] GC(94) Pause Full (Ergonomics) 376M->376M(405M) 126.802ms
[7.042s][info][gc,cpu         ] GC(94) User=0.58s Sys=0.00s Real=0.13s
[7.042s][info][gc,start       ] GC(95) Pause Full (Ergonomics)
[7.042s][info][gc,phases,start] GC(95) Marking Phase
[7.136s][info][gc,phases      ] GC(95) Marking Phase 93.623ms
[7.136s][info][gc,phases,start] GC(95) Summary Phase
[7.136s][info][gc,phases      ] GC(95) Summary Phase 0.018ms
[7.136s][info][gc,phases,start] GC(95) Adjust Roots
[7.136s][info][gc,phases      ] GC(95) Adjust Roots 0.186ms
[7.136s][info][gc,phases,start] GC(95) Compaction Phase
[7.162s][info][gc,phases      ] GC(95) Compaction Phase 26.038ms
[7.162s][info][gc,phases,start] GC(95) Post Compact
[7.164s][info][gc,phases      ] GC(95) Post Compact 1.756ms
[7.164s][info][gc,heap        ] GC(95) PSYoungGen: 44552K(73216K)->44552K(73216K) Eden: 16383K(16384K)->16383K(16384K) From: 28168K(56832K)->28168K(56832K)
[7.164s][info][gc,heap        ] GC(95) ParOldGen: 341472K(341504K)->341472K(341504K)
[7.164s][info][gc,metaspace   ] GC(95) Metaspace: 6302K(6464K)->6302K(6464K) NonClass: 5769K(5824K)->5769K(5824K) Class: 533K(640K)->533K(640K)
[7.164s][info][gc             ] GC(95) Pause Full (Ergonomics) 376M->376M(405M) 121.939ms
[7.164s][info][gc,cpu         ] GC(95) User=0.58s Sys=0.00s Real=0.12s
[7.164s][info][gc,start       ] GC(96) Pause Full (Ergonomics)
[7.164s][info][gc,phases,start] GC(96) Marking Phase
[7.251s][info][gc,phases      ] GC(96) Marking Phase 86.875ms
[7.251s][info][gc,phases,start] GC(96) Summary Phase
[7.251s][info][gc,phases      ] GC(96) Summary Phase 0.018ms
[7.251s][info][gc,phases,start] GC(96) Adjust Roots
[7.252s][info][gc,phases      ] GC(96) Adjust Roots 0.183ms
[7.252s][info][gc,phases,start] GC(96) Compaction Phase
[7.277s][info][gc,phases      ] GC(96) Compaction Phase 25.711ms
[7.277s][info][gc,phases,start] GC(96) Post Compact
[7.279s][info][gc,phases      ] GC(96) Post Compact 1.679ms
[7.279s][info][gc,heap        ] GC(96) PSYoungGen: 44552K(73216K)->44552K(73216K) Eden: 16383K(16384K)->16383K(16384K) From: 28168K(56832K)->28168K(56832K)
[7.279s][info][gc,heap        ] GC(96) ParOldGen: 341477K(341504K)->341477K(341504K)
[7.279s][info][gc,metaspace   ] GC(96) Metaspace: 6302K(6464K)->6302K(6464K) NonClass: 5769K(5824K)->5769K(5824K) Class: 533K(640K)->533K(640K)
[7.279s][info][gc             ] GC(96) Pause Full (Ergonomics) 376M->376M(405M) 114.791ms
[7.279s][info][gc,cpu         ] GC(96) User=0.56s Sys=0.00s Real=0.12s
[7.279s][info][gc,start       ] GC(97) Pause Full (Ergonomics)
[7.279s][info][gc,phases,start] GC(97) Marking Phase
[7.374s][info][gc,phases      ] GC(97) Marking Phase 94.832ms
[7.374s][info][gc,phases,start] GC(97) Summary Phase
[7.374s][info][gc,phases      ] GC(97) Summary Phase 0.019ms
[7.374s][info][gc,phases,start] GC(97) Adjust Roots
[7.375s][info][gc,phases      ] GC(97) Adjust Roots 0.188ms
[7.375s][info][gc,phases,start] GC(97) Compaction Phase
[7.402s][info][gc,phases      ] GC(97) Compaction Phase 27.684ms
[7.402s][info][gc,phases,start] GC(97) Post Compact
[7.404s][info][gc,phases      ] GC(97) Post Compact 1.723ms
[7.404s][info][gc,heap        ] GC(97) PSYoungGen: 44552K(73216K)->44552K(73216K) Eden: 16383K(16384K)->16383K(16384K) From: 28168K(56832K)->28168K(56832K)
[7.404s][info][gc,heap        ] GC(97) ParOldGen: 341482K(341504K)->341482K(341504K)
[7.404s][info][gc,metaspace   ] GC(97) Metaspace: 6302K(6464K)->6302K(6464K) NonClass: 5769K(5824K)->5769K(5824K) Class: 533K(640K)->533K(640K)
[7.404s][info][gc             ] GC(97) Pause Full (Ergonomics) 376M->376M(405M) 124.801ms
[7.404s][info][gc,cpu         ] GC(97) User=0.55s Sys=0.02s Real=0.12s
[7.405s][info][gc,start       ] GC(98) Pause Full (Ergonomics)
[7.405s][info][gc,phases,start] GC(98) Marking Phase
[7.495s][info][gc,phases      ] GC(98) Marking Phase 90.770ms
[7.495s][info][gc,phases,start] GC(98) Summary Phase
[7.495s][info][gc,phases      ] GC(98) Summary Phase 0.019ms
[7.495s][info][gc,phases,start] GC(98) Adjust Roots
[7.496s][info][gc,phases      ] GC(98) Adjust Roots 0.181ms
[7.496s][info][gc,phases,start] GC(98) Compaction Phase
[7.523s][info][gc,phases      ] GC(98) Compaction Phase 27.738ms
[7.523s][info][gc,phases,start] GC(98) Post Compact
[7.525s][info][gc,phases      ] GC(98) Post Compact 1.789ms
[7.525s][info][gc,heap        ] GC(98) PSYoungGen: 44552K(73216K)->44552K(73216K) Eden: 16383K(16384K)->16383K(16384K) From: 28168K(56832K)->28168K(56832K)
[7.525s][info][gc,heap        ] GC(98) ParOldGen: 341486K(341504K)->341486K(341504K)
[7.525s][info][gc,metaspace   ] GC(98) Metaspace: 6302K(6464K)->6302K(6464K) NonClass: 5769K(5824K)->5769K(5824K) Class: 533K(640K)->533K(640K)
[7.525s][info][gc             ] GC(98) Pause Full (Ergonomics) 376M->376M(405M) 120.817ms
[7.525s][info][gc,cpu         ] GC(98) User=0.59s Sys=0.00s Real=0.12s
[7.526s][info][gc,start       ] GC(99) Pause Full (Ergonomics)
[7.526s][info][gc,phases,start] GC(99) Marking Phase
[7.620s][info][gc,phases      ] GC(99) Marking Phase 93.907ms
[7.620s][info][gc,phases,start] GC(99) Summary Phase
[7.620s][info][gc,phases      ] GC(99) Summary Phase 0.020ms
[7.620s][info][gc,phases,start] GC(99) Adjust Roots
[7.620s][info][gc,phases      ] GC(99) Adjust Roots 0.193ms
[7.620s][info][gc,phases,start] GC(99) Compaction Phase
[7.651s][info][gc,phases      ] GC(99) Compaction Phase 31.462ms
[7.651s][info][gc,phases,start] GC(99) Post Compact
[7.653s][info][gc,phases      ] GC(99) Post Compact 1.766ms
[7.653s][info][gc,heap        ] GC(99) PSYoungGen: 44552K(73216K)->44552K(73216K) Eden: 16383K(16384K)->16383K(16384K) From: 28168K(56832K)->28168K(56832K)
[7.653s][info][gc,heap        ] GC(99) ParOldGen: 341491K(341504K)->341491K(341504K)
[7.653s][info][gc,metaspace   ] GC(99) Metaspace: 6302K(6464K)->6302K(6464K) NonClass: 5769K(5824K)->5769K(5824K) Class: 533K(640K)->533K(640K)
[7.653s][info][gc             ] GC(99) Pause Full (Ergonomics) 376M->376M(405M) 127.664ms
[7.653s][info][gc,cpu         ] GC(99) User=0.58s Sys=0.00s Real=0.13s
[7.654s][info][gc,start       ] GC(100) Pause Full (Ergonomics)
[7.654s][info][gc,phases,start] GC(100) Marking Phase
[7.742s][info][gc,phases      ] GC(100) Marking Phase 88.096ms
[7.742s][info][gc,phases,start] GC(100) Summary Phase
[7.742s][info][gc,phases      ] GC(100) Summary Phase 0.019ms
[7.742s][info][gc,phases,start] GC(100) Adjust Roots
[7.742s][info][gc,phases      ] GC(100) Adjust Roots 0.189ms
[7.742s][info][gc,phases,start] GC(100) Compaction Phase
[7.772s][info][gc,phases      ] GC(100) Compaction Phase 29.584ms
[7.772s][info][gc,phases,start] GC(100) Post Compact
[7.773s][info][gc,phases      ] GC(100) Post Compact 1.726ms
[7.773s][info][gc,heap        ] GC(100) PSYoungGen: 44552K(73216K)->44552K(73216K) Eden: 16383K(16384K)->16383K(16384K) From: 28168K(56832K)->28168K(56832K)
[7.773s][info][gc,heap        ] GC(100) ParOldGen: 341496K(341504K)->341496K(341504K)
[7.773s][info][gc,metaspace   ] GC(100) Metaspace: 6302K(6464K)->6302K(6464K) NonClass: 5769K(5824K)->5769K(5824K) Class: 533K(640K)->533K(640K)
[7.773s][info][gc             ] GC(100) Pause Full (Ergonomics) 377M->377M(405M) 119.925ms
[7.773s][info][gc,cpu         ] GC(100) User=0.55s Sys=0.02s Real=0.12s
[7.774s][info][gc,start       ] GC(101) Pause Full (Ergonomics)
[7.774s][info][gc,phases,start] GC(101) Marking Phase
[7.865s][info][gc,phases      ] GC(101) Marking Phase 91.166ms
[7.865s][info][gc,phases,start] GC(101) Summary Phase
[7.865s][info][gc,phases      ] GC(101) Summary Phase 0.019ms
[7.865s][info][gc,phases,start] GC(101) Adjust Roots
[7.865s][info][gc,phases      ] GC(101) Adjust Roots 0.178ms
[7.865s][info][gc,phases,start] GC(101) Compaction Phase
[7.892s][info][gc,phases      ] GC(101) Compaction Phase 26.825ms
[7.892s][info][gc,phases,start] GC(101) Post Compact
[7.894s][info][gc,phases      ] GC(101) Post Compact 1.753ms
[7.894s][info][gc,heap        ] GC(101) PSYoungGen: 44552K(73216K)->44552K(73216K) Eden: 16383K(16384K)->16383K(16384K) From: 28168K(56832K)->28168K(56832K)
[7.894s][info][gc,heap        ] GC(101) ParOldGen: 341500K(341504K)->341500K(341504K)
[7.894s][info][gc,metaspace   ] GC(101) Metaspace: 6302K(6464K)->6302K(6464K) NonClass: 5769K(5824K)->5769K(5824K) Class: 533K(640K)->533K(640K)
[7.894s][info][gc             ] GC(101) Pause Full (Ergonomics) 377M->377M(405M) 120.282ms
[7.894s][info][gc,cpu         ] GC(101) User=0.56s Sys=0.02s Real=0.12s
[7.894s][info][gc,start       ] GC(102) Pause Full (Ergonomics)
[7.894s][info][gc,phases,start] GC(102) Marking Phase
[7.987s][info][gc,phases      ] GC(102) Marking Phase 92.709ms
[7.987s][info][gc,phases,start] GC(102) Summary Phase
[7.987s][info][gc,phases      ] GC(102) Summary Phase 0.018ms
[7.987s][info][gc,phases,start] GC(102) Adjust Roots
[7.987s][info][gc,phases      ] GC(102) Adjust Roots 0.186ms
[7.987s][info][gc,phases,start] GC(102) Compaction Phase
[8.013s][info][gc,phases      ] GC(102) Compaction Phase 25.812ms
[8.013s][info][gc,phases,start] GC(102) Post Compact
[8.015s][info][gc,phases      ] GC(102) Post Compact 1.667ms
[8.015s][info][gc,heap        ] GC(102) PSYoungGen: 44552K(73216K)->44552K(73216K) Eden: 16383K(16384K)->16383K(16384K) From: 28168K(56832K)->28168K(56832K)
[8.015s][info][gc,heap        ] GC(102) ParOldGen: 341503K(341504K)->341503K(341504K)
[8.015s][info][gc,metaspace   ] GC(102) Metaspace: 6302K(6464K)->6302K(6464K) NonClass: 5769K(5824K)->5769K(5824K) Class: 533K(640K)->533K(640K)
[8.015s][info][gc             ] GC(102) Pause Full (Ergonomics) 377M->377M(405M) 120.732ms
[8.015s][info][gc,cpu         ] GC(102) User=0.61s Sys=0.00s Real=0.12s
[8.015s][info][gc,start       ] GC(103) Pause Full (Allocation Failure)
[8.015s][info][gc,phases,start] GC(103) Marking Phase
[8.105s][info][gc,phases      ] GC(103) Marking Phase 89.676ms
[8.105s][info][gc,phases,start] GC(103) Summary Phase
[8.105s][info][gc,phases      ] GC(103) Summary Phase 0.049ms
[8.105s][info][gc,phases,start] GC(103) Adjust Roots
[8.105s][info][gc,phases      ] GC(103) Adjust Roots 0.351ms
[8.105s][info][gc,phases,start] GC(103) Compaction Phase
[8.189s][info][gc,phases      ] GC(103) Compaction Phase 83.461ms
[8.189s][info][gc,phases,start] GC(103) Post Compact
[8.191s][info][gc,phases      ] GC(103) Post Compact 1.940ms
[8.191s][info][gc,heap        ] GC(103) PSYoungGen: 44552K(73216K)->44552K(73216K) Eden: 16383K(16384K)->16383K(16384K) From: 28168K(56832K)->28168K(56832K)
[8.191s][info][gc,heap        ] GC(103) ParOldGen: 341503K(341504K)->341499K(341504K)
[8.191s][info][gc,metaspace   ] GC(103) Metaspace: 6302K(6464K)->6300K(6464K) NonClass: 5769K(5824K)->5767K(5824K) Class: 533K(640K)->532K(640K)
[8.191s][info][gc             ] GC(103) Pause Full (Allocation Failure) 377M->377M(405M) 175.850ms
[8.191s][info][gc,cpu         ] GC(103) User=0.84s Sys=0.00s Real=0.18s
[8.191s][info][gc,start       ] GC(104) Pause Full (Ergonomics)
[8.191s][info][gc,phases,start] GC(104) Marking Phase
[8.281s][info][gc,phases      ] GC(104) Marking Phase 89.130ms
[8.281s][info][gc,phases,start] GC(104) Summary Phase
[8.281s][info][gc,phases      ] GC(104) Summary Phase 0.019ms
[8.281s][info][gc,phases,start] GC(104) Adjust Roots
[8.281s][info][gc,phases      ] GC(104) Adjust Roots 0.196ms
[8.281s][info][gc,phases,start] GC(104) Compaction Phase
[8.312s][info][gc,phases      ] GC(104) Compaction Phase 31.011ms
[8.312s][info][gc,phases,start] GC(104) Post Compact
[8.314s][info][gc,phases      ] GC(104) Post Compact 1.788ms
[8.314s][info][gc,heap        ] GC(104) PSYoungGen: 44552K(73216K)->44552K(73216K) Eden: 16383K(16384K)->16383K(16384K) From: 28168K(56832K)->28168K(56832K)
[8.314s][info][gc,heap        ] GC(104) ParOldGen: 341501K(341504K)->341501K(341504K)
[8.314s][info][gc,metaspace   ] GC(104) Metaspace: 6300K(6464K)->6300K(6464K) NonClass: 5767K(5824K)->5767K(5824K) Class: 532K(640K)->532K(640K)
[8.314s][info][gc             ] GC(104) Pause Full (Ergonomics) 377M->377M(405M) 122.525ms
[8.314s][info][gc,cpu         ] GC(104) User=0.67s Sys=0.00s Real=0.12s
[8.314s][info][gc,start       ] GC(105) Pause Full (Ergonomics)
[8.314s][info][gc,phases,start] GC(105) Marking Phase
[8.410s][info][gc,phases      ] GC(105) Marking Phase 95.128ms
[8.410s][info][gc,phases,start] GC(105) Summary Phase
[8.410s][info][gc,phases      ] GC(105) Summary Phase 0.017ms
[8.410s][info][gc,phases,start] GC(105) Adjust Roots
[8.410s][info][gc,phases      ] GC(105) Adjust Roots 0.181ms
[8.410s][info][gc,phases,start] GC(105) Compaction Phase
[8.443s][info][gc,phases      ] GC(105) Compaction Phase 33.271ms
[8.443s][info][gc,phases,start] GC(105) Post Compact
[8.445s][info][gc,phases      ] GC(105) Post Compact 1.576ms
[8.445s][info][gc,heap        ] GC(105) PSYoungGen: 44552K(73216K)->44552K(73216K) Eden: 16383K(16384K)->16383K(16384K) From: 28168K(56832K)->28168K(56832K)
[8.445s][info][gc,heap        ] GC(105) ParOldGen: 341503K(341504K)->341503K(341504K)
[8.445s][info][gc,metaspace   ] GC(105) Metaspace: 6300K(6464K)->6300K(6464K) NonClass: 5767K(5824K)->5767K(5824K) Class: 532K(640K)->532K(640K)
[8.445s][info][gc             ] GC(105) Pause Full (Ergonomics) 377M->377M(405M) 130.582ms
[8.445s][info][gc,cpu         ] GC(105) User=0.59s Sys=0.00s Real=0.13s
[8.445s][info][gc,start       ] GC(106) Pause Full (Allocation Failure)
[8.445s][info][gc,phases,start] GC(106) Marking Phase
[8.540s][info][gc,phases      ] GC(106) Marking Phase 94.528ms
[8.540s][info][gc,phases,start] GC(106) Summary Phase
[8.540s][info][gc,phases      ] GC(106) Summary Phase 0.018ms
[8.540s][info][gc,phases,start] GC(106) Adjust Roots
[8.540s][info][gc,phases      ] GC(106) Adjust Roots 0.213ms
[8.540s][info][gc,phases,start] GC(106) Compaction Phase
[8.566s][info][gc,phases      ] GC(106) Compaction Phase 26.069ms
[8.566s][info][gc,phases,start] GC(106) Post Compact
[8.568s][info][gc,phases      ] GC(106) Post Compact 1.718ms
[8.568s][info][gc,heap        ] GC(106) PSYoungGen: 44552K(73216K)->44552K(73216K) Eden: 16383K(16384K)->16383K(16384K) From: 28168K(56832K)->28168K(56832K)
[8.568s][info][gc,heap        ] GC(106) ParOldGen: 341503K(341504K)->341503K(341504K)
[8.568s][info][gc,metaspace   ] GC(106) Metaspace: 6300K(6464K)->6300K(6464K) NonClass: 5767K(5824K)->5767K(5824K) Class: 532K(640K)->532K(640K)
[8.568s][info][gc             ] GC(106) Pause Full (Allocation Failure) 377M->377M(405M) 122.862ms
[8.568s][info][gc,cpu         ] GC(106) User=0.56s Sys=0.00s Real=0.12s
[8.568s][info][gc,start       ] GC(107) Pause Full (Ergonomics)
[8.568s][info][gc,phases,start] GC(107) Marking Phase
[8.656s][info][gc,phases      ] GC(107) Marking Phase 87.813ms
[8.656s][info][gc,phases,start] GC(107) Summary Phase
[8.656s][info][gc,phases      ] GC(107) Summary Phase 0.019ms
[8.656s][info][gc,phases,start] GC(107) Adjust Roots
[8.657s][info][gc,phases      ] GC(107) Adjust Roots 0.278ms
[8.657s][info][gc,phases,start] GC(107) Compaction Phase
[8.738s][info][gc,phases      ] GC(107) Compaction Phase 80.982ms
[8.738s][info][gc,phases,start] GC(107) Post Compact
[8.740s][info][gc,phases      ] GC(107) Post Compact 1.927ms
[8.740s][info][gc,heap        ] GC(107) PSYoungGen: 44552K(73216K)->44552K(73216K) Eden: 16383K(16384K)->16383K(16384K) From: 28168K(56832K)->28168K(56832K)
[8.740s][info][gc,heap        ] GC(107) ParOldGen: 341503K(341504K)->341502K(341504K)
[8.740s][info][gc,metaspace   ] GC(107) Metaspace: 6300K(6464K)->6300K(6464K) NonClass: 5767K(5824K)->5767K(5824K) Class: 532K(640K)->532K(640K)
[8.740s][info][gc             ] GC(107) Pause Full (Ergonomics) 377M->377M(405M) 171.451ms
[8.740s][info][gc,cpu         ] GC(107) User=0.80s Sys=0.03s Real=0.17s
[8.741s][info][gc,start       ] GC(108) Pause Full (Ergonomics)
[8.741s][info][gc,phases,start] GC(108) Marking Phase
[8.840s][info][gc,phases      ] GC(108) Marking Phase 98.510ms
[8.840s][info][gc,phases,start] GC(108) Summary Phase
[8.840s][info][gc,phases      ] GC(108) Summary Phase 0.017ms
[8.840s][info][gc,phases,start] GC(108) Adjust Roots
[8.840s][info][gc,phases      ] GC(108) Adjust Roots 0.310ms
[8.840s][info][gc,phases,start] GC(108) Compaction Phase
[8.925s][info][gc,phases      ] GC(108) Compaction Phase 85.091ms
[8.925s][info][gc,phases,start] GC(108) Post Compact
[8.927s][info][gc,phases      ] GC(108) Post Compact 1.965ms
[8.927s][info][gc,heap        ] GC(108) PSYoungGen: 44552K(73216K)->44552K(73216K) Eden: 16383K(16384K)->16383K(16384K) From: 28168K(56832K)->28168K(56832K)
[8.927s][info][gc,heap        ] GC(108) ParOldGen: 341503K(341504K)->341502K(341504K)
[8.927s][info][gc,metaspace   ] GC(108) Metaspace: 6301K(6464K)->6301K(6464K) NonClass: 5767K(5824K)->5767K(5824K) Class: 533K(640K)->533K(640K)
[8.927s][info][gc             ] GC(108) Pause Full (Ergonomics) 377M->377M(405M) 186.233ms
[8.927s][info][gc,cpu         ] GC(108) User=0.91s Sys=0.00s Real=0.19s
[8.928s][info][gc,heap,exit   ] Heap
[8.928s][info][gc,heap,exit   ]  PSYoungGen      total 73216K, used 44552K [0x00000000f5980000, 0x00000000fda80000, 0x0000000100000000)
[8.928s][info][gc,heap,exit   ]   eden space 16384K, 99% used [0x00000000f5980000,0x00000000f697fff8,0x00000000f6980000)
[8.928s][info][gc,heap,exit   ]   from space 56832K, 49% used [0x00000000fa100000,0x00000000fbc820d8,0x00000000fd880000)
[8.928s][info][gc,heap,exit   ]   to   space 56832K, 0% used [0x00000000f6980000,0x00000000f6980000,0x00000000fa100000)
[8.928s][info][gc,heap,exit   ]  ParOldGen       total 341504K, used 341503K [0x00000000e0c00000, 0x00000000f5980000, 0x00000000f5980000)
[8.928s][info][gc,heap,exit   ]   object space 341504K, 99% used [0x00000000e0c00000,0x00000000f597fc98,0x00000000f5980000)
[8.928s][info][gc,heap,exit   ]  Metaspace       used 6304K, committed 6528K, reserved 1114112K
[8.928s][info][gc,heap,exit   ]   class space    used 534K, committed 640K, reserved 1048576K
