[0.013s][info][gc,init] CardTable entry size: 512
[0.013s][info][gc     ] Using Parallel
[0.014s][info][gc,init] Version: 18.0.1+10 (release)
[0.014s][info][gc,init] CPUs: 8 total, 8 available
[0.014s][info][gc,init] Memory: 16063M
[0.014s][info][gc,init] Large Page Support: Disabled
[0.014s][info][gc,init] NUMA Support: Disabled
[0.014s][info][gc,init] Compressed Oops: Enabled (32-bit)
[0.014s][info][gc,init] Alignments: Space 512K, Generation 512K, Heap 2M
[0.014s][info][gc,init] Heap Min Capacity: 2M
[0.014s][info][gc,init] Heap Initial Capacity: 2M
[0.014s][info][gc,init] Heap Max Capacity: 1500M
[0.014s][info][gc,init] Pre-touch: Disabled
[0.014s][info][gc,init] Parallel Workers: 3
[0.015s][info][gc,metaspace] CDS archive(s) not mapped
[0.015s][info][gc,metaspace] Compressed class space mapped at: 0x0000000100000000-0x0000000140000000, reserved size: 1073741824
[0.015s][info][gc,metaspace] Narrow klass base: 0x0000000000000000, Narrow klass shift: 3, Narrow klass range: 0x140000000
[0.127s][info][gc,start    ] GC(0) Pause Young (Allocation Failure)
[0.128s][info][gc,heap     ] GC(0) PSYoungGen: 512K(1024K)->512K(1024K) Eden: 512K(512K)->0K(512K) From: 0K(512K)->512K(512K)
[0.128s][info][gc,heap     ] GC(0) ParOldGen: 0K(512K)->8K(512K)
[0.128s][info][gc,metaspace] GC(0) Metaspace: 4230K(4352K)->4230K(4352K) NonClass: 3909K(3968K)->3909K(3968K) Class: 321K(384K)->321K(384K)
[0.128s][info][gc          ] GC(0) Pause Young (Allocation Failure) 0M->0M(1M) 1.414ms
[0.128s][info][gc,cpu      ] GC(0) User=0.00s Sys=0.00s Real=0.00s
[0.194s][info][gc,start    ] GC(1) Pause Young (Allocation Failure)
[0.195s][info][gc,heap     ] GC(1) PSYoungGen: 1023K(1024K)->496K(1536K) Eden: 511K(512K)->0K(1024K) From: 512K(512K)->496K(512K)
[0.195s][info][gc,heap     ] GC(1) ParOldGen: 8K(512K)->96K(512K)
[0.195s][info][gc,metaspace] GC(1) Metaspace: 5879K(6016K)->5879K(6016K) NonClass: 5382K(5504K)->5382K(5504K) Class: 496K(512K)->496K(512K)
[0.195s][info][gc          ] GC(1) Pause Young (Allocation Failure) 1M->0M(2M) 1.037ms
[0.195s][info][gc,cpu      ] GC(1) User=0.00s Sys=0.00s Real=0.00s
[0.219s][info][gc,start    ] GC(2) Pause Young (Allocation Failure)
[0.220s][info][gc,heap     ] GC(2) PSYoungGen: 1520K(1536K)->512K(1536K) Eden: 1024K(1024K)->0K(1024K) From: 496K(512K)->512K(512K)
[0.220s][info][gc,heap     ] GC(2) ParOldGen: 96K(512K)->496K(512K)
[0.220s][info][gc,metaspace] GC(2) Metaspace: 6296K(6464K)->6296K(6464K) NonClass: 5763K(5824K)->5763K(5824K) Class: 533K(640K)->533K(640K)
[0.220s][info][gc          ] GC(2) Pause Young (Allocation Failure) 1M->0M(2M) 1.009ms
[0.220s][info][gc,cpu      ] GC(2) User=0.00s Sys=0.00s Real=0.00s
[0.220s][info][gc,start    ] GC(3) Pause Full (Ergonomics)
[0.220s][info][gc,phases,start] GC(3) Marking Phase
[0.221s][info][gc,phases      ] GC(3) Marking Phase 0.912ms
[0.221s][info][gc,phases,start] GC(3) Summary Phase
[0.221s][info][gc,phases      ] GC(3) Summary Phase 0.015ms
[0.221s][info][gc,phases,start] GC(3) Adjust Roots
[0.221s][info][gc,phases      ] GC(3) Adjust Roots 0.365ms
[0.221s][info][gc,phases,start] GC(3) Compaction Phase
[0.223s][info][gc,phases      ] GC(3) Compaction Phase 2.106ms
[0.223s][info][gc,phases,start] GC(3) Post Compact
[0.223s][info][gc,phases      ] GC(3) Post Compact 0.074ms
[0.223s][info][gc,heap        ] GC(3) PSYoungGen: 512K(1536K)->510K(1536K) Eden: 0K(1024K)->0K(1024K) From: 512K(512K)->510K(512K)
[0.223s][info][gc,heap        ] GC(3) ParOldGen: 496K(512K)->470K(2048K)
[0.223s][info][gc,metaspace   ] GC(3) Metaspace: 6296K(6464K)->6296K(6464K) NonClass: 5763K(5824K)->5763K(5824K) Class: 533K(640K)->533K(640K)
[0.223s][info][gc             ] GC(3) Pause Full (Ergonomics) 0M->0M(3M) 3.761ms
[0.223s][info][gc,cpu         ] GC(3) User=0.00s Sys=0.00s Real=0.00s
[0.226s][info][gc,start       ] GC(4) Pause Young (Allocation Failure)
[0.227s][info][gc,heap        ] GC(4) PSYoungGen: 1534K(1536K)->480K(2560K) Eden: 1024K(1024K)->0K(2048K) From: 510K(512K)->480K(512K)
[0.227s][info][gc,heap        ] GC(4) ParOldGen: 470K(2048K)->1042K(2048K)
[0.227s][info][gc,metaspace   ] GC(4) Metaspace: 6296K(6464K)->6296K(6464K) NonClass: 5763K(5824K)->5763K(5824K) Class: 533K(640K)->533K(640K)
[0.227s][info][gc             ] GC(4) Pause Young (Allocation Failure) 1M->1M(4M) 1.362ms
[0.227s][info][gc,cpu         ] GC(4) User=0.00s Sys=0.00s Real=0.00s
[0.231s][info][gc,start       ] GC(5) Pause Young (Allocation Failure)
[0.233s][info][gc,heap        ] GC(5) PSYoungGen: 2528K(2560K)->480K(2560K) Eden: 2048K(2048K)->0K(2048K) From: 480K(512K)->480K(512K)
[0.233s][info][gc,heap        ] GC(5) ParOldGen: 1042K(2048K)->2114K(2560K)
[0.233s][info][gc,metaspace   ] GC(5) Metaspace: 6296K(6464K)->6296K(6464K) NonClass: 5763K(5824K)->5763K(5824K) Class: 533K(640K)->533K(640K)
[0.233s][info][gc             ] GC(5) Pause Young (Allocation Failure) 3M->2M(5M) 1.919ms
[0.233s][info][gc,cpu         ] GC(5) User=0.00s Sys=0.00s Real=0.00s
[0.233s][info][gc,start       ] GC(6) Pause Full (Ergonomics)
[0.233s][info][gc,phases,start] GC(6) Marking Phase
[0.234s][info][gc,phases      ] GC(6) Marking Phase 1.427ms
[0.235s][info][gc,phases,start] GC(6) Summary Phase
[0.235s][info][gc,phases      ] GC(6) Summary Phase 0.018ms
[0.235s][info][gc,phases,start] GC(6) Adjust Roots
[0.235s][info][gc,phases      ] GC(6) Adjust Roots 0.380ms
[0.235s][info][gc,phases,start] GC(6) Compaction Phase
[0.238s][info][gc,phases      ] GC(6) Compaction Phase 3.249ms
[0.238s][info][gc,phases,start] GC(6) Post Compact
[0.238s][info][gc,phases      ] GC(6) Post Compact 0.032ms
[0.238s][info][gc,heap        ] GC(6) PSYoungGen: 480K(2560K)->0K(4096K) Eden: 0K(2048K)->0K(3072K) From: 480K(512K)->0K(1024K)
[0.238s][info][gc,heap        ] GC(6) ParOldGen: 2114K(2560K)->2542K(6144K)
[0.238s][info][gc,metaspace   ] GC(6) Metaspace: 6296K(6464K)->6296K(6464K) NonClass: 5763K(5824K)->5763K(5824K) Class: 533K(640K)->533K(640K)
[0.238s][info][gc             ] GC(6) Pause Full (Ergonomics) 2M->2M(10M) 5.513ms
[0.239s][info][gc,cpu         ] GC(6) User=0.00s Sys=0.00s Real=0.01s
[0.244s][info][gc,start       ] GC(7) Pause Young (Allocation Failure)
[0.246s][info][gc,heap        ] GC(7) PSYoungGen: 3072K(4096K)->1696K(5120K) Eden: 3072K(3072K)->0K(3072K) From: 0K(1024K)->1696K(2048K)
[0.247s][info][gc,heap        ] GC(7) ParOldGen: 2542K(6144K)->2542K(6144K)
[0.247s][info][gc,metaspace   ] GC(7) Metaspace: 6296K(6464K)->6296K(6464K) NonClass: 5763K(5824K)->5763K(5824K) Class: 533K(640K)->533K(640K)
[0.247s][info][gc             ] GC(7) Pause Young (Allocation Failure) 5M->4M(11M) 2.219ms
[0.247s][info][gc,cpu         ] GC(7) User=0.00s Sys=0.00s Real=0.00s
[0.251s][info][gc,start       ] GC(8) Pause Young (Allocation Failure)
[0.253s][info][gc,heap        ] GC(8) PSYoungGen: 4768K(5120K)->2016K(5632K) Eden: 3072K(3072K)->0K(3584K) From: 1696K(2048K)->2016K(2048K)
[0.253s][info][gc,heap        ] GC(8) ParOldGen: 2542K(6144K)->3782K(6144K)
[0.253s][info][gc,metaspace   ] GC(8) Metaspace: 6296K(6464K)->6296K(6464K) NonClass: 5763K(5824K)->5763K(5824K) Class: 533K(640K)->533K(640K)
[0.254s][info][gc             ] GC(8) Pause Young (Allocation Failure) 7M->5M(11M) 2.774ms
[0.254s][info][gc,cpu         ] GC(8) User=0.00s Sys=0.00s Real=0.00s
[0.260s][info][gc,start       ] GC(9) Pause Young (Allocation Failure)
[0.263s][info][gc,heap        ] GC(9) PSYoungGen: 5600K(5632K)->3040K(6656K) Eden: 3584K(3584K)->0K(3584K) From: 2016K(2048K)->3040K(3072K)
[0.263s][info][gc,heap        ] GC(9) ParOldGen: 3782K(6144K)->4630K(6144K)
[0.263s][info][gc,metaspace   ] GC(9) Metaspace: 6296K(6464K)->6296K(6464K) NonClass: 5763K(5824K)->5763K(5824K) Class: 533K(640K)->533K(640K)
[0.263s][info][gc             ] GC(9) Pause Young (Allocation Failure) 9M->7M(12M) 3.446ms
[0.263s][info][gc,cpu         ] GC(9) User=0.00s Sys=0.00s Real=0.00s
[0.268s][info][gc,start       ] GC(10) Pause Young (Allocation Failure)
[0.271s][info][gc,heap        ] GC(10) PSYoungGen: 6624K(6656K)->4064K(8704K) Eden: 3584K(3584K)->0K(4608K) From: 3040K(3072K)->4064K(4096K)
[0.271s][info][gc,heap        ] GC(10) ParOldGen: 4630K(6144K)->5478K(6144K)
[0.271s][info][gc,metaspace   ] GC(10) Metaspace: 6296K(6464K)->6296K(6464K) NonClass: 5763K(5824K)->5763K(5824K) Class: 533K(640K)->533K(640K)
[0.271s][info][gc             ] GC(10) Pause Young (Allocation Failure) 10M->9M(14M) 3.293ms
[0.271s][info][gc,cpu         ] GC(10) User=0.00s Sys=0.00s Real=0.00s
[0.271s][info][gc,start       ] GC(11) Pause Full (Ergonomics)
[0.271s][info][gc,phases,start] GC(11) Marking Phase
[0.275s][info][gc,phases      ] GC(11) Marking Phase 3.695ms
[0.275s][info][gc,phases,start] GC(11) Summary Phase
[0.275s][info][gc,phases      ] GC(11) Summary Phase 0.017ms
[0.275s][info][gc,phases,start] GC(11) Adjust Roots
[0.275s][info][gc,phases      ] GC(11) Adjust Roots 0.373ms
[0.276s][info][gc,phases,start] GC(11) Compaction Phase
[0.282s][info][gc,phases      ] GC(11) Compaction Phase 6.469ms
[0.282s][info][gc,phases,start] GC(11) Post Compact
[0.282s][info][gc,phases      ] GC(11) Post Compact 0.054ms
[0.282s][info][gc,heap        ] GC(11) PSYoungGen: 4064K(8704K)->3545K(8704K) Eden: 0K(4608K)->0K(4608K) From: 4064K(4096K)->3545K(4096K)
[0.282s][info][gc,heap        ] GC(11) ParOldGen: 5478K(6144K)->5831K(10752K)
[0.282s][info][gc,metaspace   ] GC(11) Metaspace: 6296K(6464K)->6296K(6464K) NonClass: 5763K(5824K)->5763K(5824K) Class: 533K(640K)->533K(640K)
[0.282s][info][gc             ] GC(11) Pause Full (Ergonomics) 9M->9M(19M) 10.955ms
[0.282s][info][gc,cpu         ] GC(11) User=0.00s Sys=0.00s Real=0.01s
[0.288s][info][gc,start       ] GC(12) Pause Young (Allocation Failure)
[0.292s][info][gc,heap        ] GC(12) PSYoungGen: 8013K(8704K)->5088K(9728K) Eden: 4468K(4608K)->0K(4608K) From: 3545K(4096K)->5088K(5120K)
[0.292s][info][gc,heap        ] GC(12) ParOldGen: 5831K(10752K)->6623K(10752K)
[0.292s][info][gc,metaspace   ] GC(12) Metaspace: 6296K(6464K)->6296K(6464K) NonClass: 5763K(5824K)->5763K(5824K) Class: 533K(640K)->533K(640K)
[0.292s][info][gc             ] GC(12) Pause Young (Allocation Failure) 13M->11M(20M) 3.874ms
[0.292s][info][gc,cpu         ] GC(12) User=0.00s Sys=0.00s Real=0.00s
[0.300s][info][gc,start       ] GC(13) Pause Young (Allocation Failure)
[0.306s][info][gc,heap        ] GC(13) PSYoungGen: 9696K(9728K)->6112K(11264K) Eden: 4608K(4608K)->0K(5120K) From: 5088K(5120K)->6112K(6144K)
[0.307s][info][gc,heap        ] GC(13) ParOldGen: 6623K(10752K)->7991K(10752K)
[0.307s][info][gc,metaspace   ] GC(13) Metaspace: 6296K(6464K)->6296K(6464K) NonClass: 5763K(5824K)->5763K(5824K) Class: 533K(640K)->533K(640K)
[0.307s][info][gc             ] GC(13) Pause Young (Allocation Failure) 15M->13M(21M) 6.184ms
[0.307s][info][gc,cpu         ] GC(13) User=0.00s Sys=0.00s Real=0.01s
[0.312s][info][gc,start       ] GC(14) Pause Young (Allocation Failure)
[0.317s][info][gc,heap        ] GC(14) PSYoungGen: 11232K(11264K)->5248K(12800K) Eden: 5120K(5120K)->0K(5120K) From: 6112K(6144K)->5248K(7680K)
[0.317s][info][gc,heap        ] GC(14) ParOldGen: 7991K(10752K)->11583K(11776K)
[0.317s][info][gc,metaspace   ] GC(14) Metaspace: 6298K(6464K)->6298K(6464K) NonClass: 5765K(5824K)->5765K(5824K) Class: 533K(640K)->533K(640K)
[0.317s][info][gc             ] GC(14) Pause Young (Allocation Failure) 18M->16M(24M) 5.692ms
[0.317s][info][gc,cpu         ] GC(14) User=0.00s Sys=0.00s Real=0.01s
[0.317s][info][gc,start       ] GC(15) Pause Full (Ergonomics)
[0.318s][info][gc,phases,start] GC(15) Marking Phase
[0.323s][info][gc,phases      ] GC(15) Marking Phase 5.964ms
[0.324s][info][gc,phases,start] GC(15) Summary Phase
[0.324s][info][gc,phases      ] GC(15) Summary Phase 0.047ms
[0.324s][info][gc,phases,start] GC(15) Adjust Roots
[0.324s][info][gc,phases      ] GC(15) Adjust Roots 0.233ms
[0.324s][info][gc,phases,start] GC(15) Compaction Phase
[0.331s][info][gc,phases      ] GC(15) Compaction Phase 6.773ms
[0.331s][info][gc,phases,start] GC(15) Post Compact
[0.331s][info][gc,phases      ] GC(15) Post Compact 0.062ms
[0.331s][info][gc,heap        ] GC(15) PSYoungGen: 5248K(12800K)->5189K(12800K) Eden: 0K(5120K)->0K(5120K) From: 5248K(7680K)->5189K(7680K)
[0.331s][info][gc,heap        ] GC(15) ParOldGen: 11583K(11776K)->11462K(18432K)
[0.331s][info][gc,metaspace   ] GC(15) Metaspace: 6298K(6464K)->6298K(6464K) NonClass: 5765K(5824K)->5765K(5824K) Class: 533K(640K)->533K(640K)
[0.331s][info][gc             ] GC(15) Pause Full (Ergonomics) 16M->16M(30M) 13.421ms
[0.331s][info][gc,cpu         ] GC(15) User=0.00s Sys=0.00s Real=0.01s
[0.335s][info][gc,start       ] GC(16) Pause Young (Allocation Failure)
[0.341s][info][gc,heap        ] GC(16) PSYoungGen: 10309K(12800K)->2656K(14336K) Eden: 5120K(5120K)->0K(7168K) From: 5189K(7680K)->2656K(7168K)
[0.341s][info][gc,heap        ] GC(16) ParOldGen: 11462K(18432K)->16734K(18432K)
[0.341s][info][gc,metaspace   ] GC(16) Metaspace: 6298K(6464K)->6298K(6464K) NonClass: 5765K(5824K)->5765K(5824K) Class: 533K(640K)->533K(640K)
[0.341s][info][gc             ] GC(16) Pause Young (Allocation Failure) 21M->18M(32M) 5.342ms
[0.341s][info][gc,cpu         ] GC(16) User=0.00s Sys=0.00s Real=0.01s
[0.341s][info][gc,start       ] GC(17) Pause Full (Ergonomics)
[0.341s][info][gc,phases,start] GC(17) Marking Phase
[0.347s][info][gc,phases      ] GC(17) Marking Phase 6.622ms
[0.347s][info][gc,phases,start] GC(17) Summary Phase
[0.347s][info][gc,phases      ] GC(17) Summary Phase 0.017ms
[0.347s][info][gc,phases,start] GC(17) Adjust Roots
[0.348s][info][gc,phases      ] GC(17) Adjust Roots 0.208ms
[0.348s][info][gc,phases,start] GC(17) Compaction Phase
[0.353s][info][gc,phases      ] GC(17) Compaction Phase 5.614ms
[0.353s][info][gc,phases,start] GC(17) Post Compact
[0.353s][info][gc,phases      ] GC(17) Post Compact 0.071ms
[0.354s][info][gc,heap        ] GC(17) PSYoungGen: 2656K(14336K)->1105K(14848K) Eden: 0K(7168K)->0K(7680K) From: 2656K(7168K)->1105K(7168K)
[0.354s][info][gc,heap        ] GC(17) ParOldGen: 16734K(18432K)->18184K(28160K)
[0.354s][info][gc,metaspace   ] GC(17) Metaspace: 6298K(6464K)->6298K(6464K) NonClass: 5765K(5824K)->5765K(5824K) Class: 533K(640K)->533K(640K)
[0.354s][info][gc             ] GC(17) Pause Full (Ergonomics) 18M->18M(42M) 12.861ms
[0.354s][info][gc,cpu         ] GC(17) User=0.00s Sys=0.00s Real=0.01s
[0.359s][info][gc,start       ] GC(18) Pause Young (Allocation Failure)
[0.363s][info][gc,heap        ] GC(18) PSYoungGen: 7799K(14848K)->3456K(15360K) Eden: 6694K(7680K)->0K(7680K) From: 1105K(7168K)->3456K(7680K)
[0.363s][info][gc,heap        ] GC(18) ParOldGen: 18184K(28160K)->19312K(28160K)
[0.363s][info][gc,metaspace   ] GC(18) Metaspace: 6298K(6464K)->6298K(6464K) NonClass: 5765K(5824K)->5765K(5824K) Class: 533K(640K)->533K(640K)
[0.363s][info][gc             ] GC(18) Pause Young (Allocation Failure) 25M->22M(42M) 4.293ms
[0.363s][info][gc,cpu         ] GC(18) User=0.02s Sys=0.00s Real=0.00s
[0.372s][info][gc,start       ] GC(19) Pause Young (Allocation Failure)
[0.379s][info][gc,heap        ] GC(19) PSYoungGen: 11135K(15360K)->7648K(16896K) Eden: 7679K(7680K)->0K(9216K) From: 3456K(7680K)->7648K(7680K)
[0.379s][info][gc,heap        ] GC(19) ParOldGen: 19312K(28160K)->19544K(28160K)
[0.379s][info][gc,metaspace   ] GC(19) Metaspace: 6298K(6464K)->6298K(6464K) NonClass: 5765K(5824K)->5765K(5824K) Class: 533K(640K)->533K(640K)
[0.379s][info][gc             ] GC(19) Pause Young (Allocation Failure) 29M->26M(44M) 6.812ms
[0.379s][info][gc,cpu         ] GC(19) User=0.00s Sys=0.00s Real=0.01s
[0.386s][info][gc,start       ] GC(20) Pause Young (Allocation Failure)
[0.393s][info][gc,heap        ] GC(20) PSYoungGen: 16864K(16896K)->4800K(17920K) Eden: 9216K(9216K)->0K(9216K) From: 7648K(7680K)->4800K(8704K)
[0.393s][info][gc,heap        ] GC(20) ParOldGen: 19544K(28160K)->27288K(28160K)
[0.393s][info][gc,metaspace   ] GC(20) Metaspace: 6298K(6464K)->6298K(6464K) NonClass: 5765K(5824K)->5765K(5824K) Class: 533K(640K)->533K(640K)
[0.393s][info][gc             ] GC(20) Pause Young (Allocation Failure) 35M->31M(45M) 7.512ms
[0.393s][info][gc,cpu         ] GC(20) User=0.00s Sys=0.00s Real=0.01s
[0.393s][info][gc,start       ] GC(21) Pause Full (Ergonomics)
[0.393s][info][gc,phases,start] GC(21) Marking Phase
[0.403s][info][gc,phases      ] GC(21) Marking Phase 9.790ms
[0.403s][info][gc,phases,start] GC(21) Summary Phase
[0.403s][info][gc,phases      ] GC(21) Summary Phase 0.018ms
[0.403s][info][gc,phases,start] GC(21) Adjust Roots
[0.403s][info][gc,phases      ] GC(21) Adjust Roots 0.205ms
[0.403s][info][gc,phases,start] GC(21) Compaction Phase
[0.414s][info][gc,phases      ] GC(21) Compaction Phase 11.018ms
[0.414s][info][gc,phases,start] GC(21) Post Compact
[0.415s][info][gc,phases      ] GC(21) Post Compact 0.117ms
[0.415s][info][gc,heap        ] GC(21) PSYoungGen: 4800K(17920K)->3738K(17920K) Eden: 0K(9216K)->0K(9216K) From: 4800K(8704K)->3738K(8704K)
[0.415s][info][gc,heap        ] GC(21) ParOldGen: 27288K(28160K)->27651K(40960K)
[0.415s][info][gc,metaspace   ] GC(21) Metaspace: 6298K(6464K)->6298K(6464K) NonClass: 5765K(5824K)->5765K(5824K) Class: 533K(640K)->533K(640K)
[0.415s][info][gc             ] GC(21) Pause Full (Ergonomics) 31M->30M(57M) 21.639ms
[0.415s][info][gc,cpu         ] GC(21) User=0.02s Sys=0.00s Real=0.02s
[0.424s][info][gc,start       ] GC(22) Pause Young (Allocation Failure)
[0.434s][info][gc,heap        ] GC(22) PSYoungGen: 12954K(17920K)->7648K(19456K) Eden: 9216K(9216K)->0K(10752K) From: 3738K(8704K)->7648K(8704K)
[0.434s][info][gc,heap        ] GC(22) ParOldGen: 27651K(40960K)->31467K(40960K)
[0.434s][info][gc,metaspace   ] GC(22) Metaspace: 6298K(6464K)->6298K(6464K) NonClass: 5765K(5824K)->5765K(5824K) Class: 533K(640K)->533K(640K)
[0.434s][info][gc             ] GC(22) Pause Young (Allocation Failure) 39M->38M(59M) 9.885ms
[0.434s][info][gc,cpu         ] GC(22) User=0.00s Sys=0.00s Real=0.01s
[0.448s][info][gc,start       ] GC(23) Pause Young (Allocation Failure)
[0.459s][info][gc,heap        ] GC(23) PSYoungGen: 18400K(19456K)->9696K(20480K) Eden: 10752K(10752K)->0K(10752K) From: 7648K(8704K)->9696K(9728K)
[0.459s][info][gc,heap        ] GC(23) ParOldGen: 31467K(40960K)->40275K(40960K)
[0.459s][info][gc,metaspace   ] GC(23) Metaspace: 6298K(6464K)->6298K(6464K) NonClass: 5765K(5824K)->5765K(5824K) Class: 533K(640K)->533K(640K)
[0.459s][info][gc             ] GC(23) Pause Young (Allocation Failure) 48M->48M(60M) 11.678ms
[0.459s][info][gc,cpu         ] GC(23) User=0.02s Sys=0.00s Real=0.01s
[0.459s][info][gc,start       ] GC(24) Pause Full (Ergonomics)
[0.459s][info][gc,phases,start] GC(24) Marking Phase
[0.474s][info][gc,phases      ] GC(24) Marking Phase 14.929ms
[0.474s][info][gc,phases,start] GC(24) Summary Phase
[0.474s][info][gc,phases      ] GC(24) Summary Phase 0.018ms
[0.474s][info][gc,phases,start] GC(24) Adjust Roots
[0.475s][info][gc,phases      ] GC(24) Adjust Roots 0.200ms
[0.475s][info][gc,phases,start] GC(24) Compaction Phase
[0.489s][info][gc,phases      ] GC(24) Compaction Phase 13.840ms
[0.489s][info][gc,phases,start] GC(24) Post Compact
[0.489s][info][gc,phases      ] GC(24) Post Compact 0.162ms
[0.489s][info][gc,heap        ] GC(24) PSYoungGen: 9696K(20480K)->9681K(20480K) Eden: 0K(10752K)->0K(10752K) From: 9696K(9728K)->9681K(9728K)
[0.489s][info][gc,heap        ] GC(24) ParOldGen: 40275K(40960K)->39019K(56320K)
[0.489s][info][gc,metaspace   ] GC(24) Metaspace: 6298K(6464K)->6298K(6464K) NonClass: 5765K(5824K)->5765K(5824K) Class: 533K(640K)->533K(640K)
[0.489s][info][gc             ] GC(24) Pause Full (Ergonomics) 48M->47M(75M) 29.507ms
[0.489s][info][gc,cpu         ] GC(24) User=0.02s Sys=0.00s Real=0.03s
[0.500s][info][gc,start       ] GC(25) Pause Young (Allocation Failure)
[0.513s][info][gc,heap        ] GC(25) PSYoungGen: 20433K(20480K)->10784K(26624K) Eden: 10752K(10752K)->0K(12288K) From: 9681K(9728K)->10784K(14336K)
[0.513s][info][gc,heap        ] GC(25) ParOldGen: 39019K(56320K)->48835K(56320K)
[0.513s][info][gc,metaspace   ] GC(25) Metaspace: 6298K(6464K)->6298K(6464K) NonClass: 5765K(5824K)->5765K(5824K) Class: 533K(640K)->533K(640K)
[0.513s][info][gc             ] GC(25) Pause Young (Allocation Failure) 58M->58M(81M) 13.025ms
[0.513s][info][gc,cpu         ] GC(25) User=0.02s Sys=0.00s Real=0.01s
[0.513s][info][gc,start       ] GC(26) Pause Full (Ergonomics)
[0.513s][info][gc,phases,start] GC(26) Marking Phase
[0.529s][info][gc,phases      ] GC(26) Marking Phase 15.923ms
[0.529s][info][gc,phases,start] GC(26) Summary Phase
[0.529s][info][gc,phases      ] GC(26) Summary Phase 0.021ms
[0.529s][info][gc,phases,start] GC(26) Adjust Roots
[0.529s][info][gc,phases      ] GC(26) Adjust Roots 0.167ms
[0.529s][info][gc,phases,start] GC(26) Compaction Phase
[0.542s][info][gc,phases      ] GC(26) Compaction Phase 13.009ms
[0.542s][info][gc,phases,start] GC(26) Post Compact
[0.542s][info][gc,phases      ] GC(26) Post Compact 0.186ms
[0.543s][info][gc,heap        ] GC(26) PSYoungGen: 10784K(26624K)->3565K(26624K) Eden: 0K(12288K)->0K(12288K) From: 10784K(14336K)->3565K(14336K)
[0.543s][info][gc,heap        ] GC(26) ParOldGen: 48835K(56320K)->55854K(77312K)
[0.543s][info][gc,metaspace   ] GC(26) Metaspace: 6298K(6464K)->6298K(6464K) NonClass: 5765K(5824K)->5765K(5824K) Class: 533K(640K)->533K(640K)
[0.543s][info][gc             ] GC(26) Pause Full (Ergonomics) 58M->58M(101M) 29.657ms
[0.543s][info][gc,cpu         ] GC(26) User=0.02s Sys=0.00s Real=0.03s
[0.555s][info][gc,start       ] GC(27) Pause Young (Allocation Failure)
[0.568s][info][gc,heap        ] GC(27) PSYoungGen: 15853K(26624K)->12352K(27648K) Eden: 12288K(12288K)->0K(12288K) From: 3565K(14336K)->12352K(15360K)
[0.568s][info][gc,heap        ] GC(27) ParOldGen: 55854K(77312K)->59486K(77312K)
[0.568s][info][gc,metaspace   ] GC(27) Metaspace: 6298K(6464K)->6298K(6464K) NonClass: 5765K(5824K)->5765K(5824K) Class: 533K(640K)->533K(640K)
[0.568s][info][gc             ] GC(27) Pause Young (Allocation Failure) 70M->70M(102M) 12.560ms
[0.568s][info][gc,cpu         ] GC(27) User=0.02s Sys=0.00s Real=0.01s
[0.580s][info][gc,start       ] GC(28) Pause Young (Allocation Failure)
[0.596s][info][gc,heap        ] GC(28) PSYoungGen: 24640K(27648K)->16896K(26112K) Eden: 12288K(12288K)->0K(9216K) From: 12352K(15360K)->16896K(16896K)
[0.596s][info][gc,heap        ] GC(28) ParOldGen: 59486K(77312K)->67262K(77312K)
[0.596s][info][gc,metaspace   ] GC(28) Metaspace: 6298K(6464K)->6298K(6464K) NonClass: 5765K(5824K)->5765K(5824K) Class: 533K(640K)->533K(640K)
[0.596s][info][gc             ] GC(28) Pause Young (Allocation Failure) 82M->82M(101M) 15.520ms
[0.596s][info][gc,cpu         ] GC(28) User=0.00s Sys=0.02s Real=0.02s
[0.596s][info][gc,start       ] GC(29) Pause Full (Ergonomics)
[0.596s][info][gc,phases,start] GC(29) Marking Phase
[0.619s][info][gc,phases      ] GC(29) Marking Phase 22.712ms
[0.619s][info][gc,phases,start] GC(29) Summary Phase
[0.619s][info][gc,phases      ] GC(29) Summary Phase 0.016ms
[0.619s][info][gc,phases,start] GC(29) Adjust Roots
[0.619s][info][gc,phases      ] GC(29) Adjust Roots 0.182ms
[0.619s][info][gc,phases,start] GC(29) Compaction Phase
[0.633s][info][gc,phases      ] GC(29) Compaction Phase 14.168ms
[0.633s][info][gc,phases,start] GC(29) Post Compact
[0.633s][info][gc,phases      ] GC(29) Post Compact 0.342ms
[0.634s][info][gc,heap        ] GC(29) PSYoungGen: 16896K(26112K)->6642K(26112K) Eden: 0K(9216K)->0K(9216K) From: 16896K(16896K)->6642K(16896K)
[0.634s][info][gc,heap        ] GC(29) ParOldGen: 67262K(77312K)->77289K(100864K)
[0.634s][info][gc,metaspace   ] GC(29) Metaspace: 6298K(6464K)->6298K(6464K) NonClass: 5765K(5824K)->5765K(5824K) Class: 533K(640K)->533K(640K)
[0.634s][info][gc             ] GC(29) Pause Full (Ergonomics) 82M->81M(124M) 37.821ms
[0.634s][info][gc,cpu         ] GC(29) User=0.05s Sys=0.00s Real=0.04s
[0.652s][info][gc,start       ] GC(30) Pause Young (Allocation Failure)
[0.665s][info][gc,heap        ] GC(30) PSYoungGen: 15858K(26112K)->9248K(31744K) Eden: 9216K(9216K)->0K(9216K) From: 6642K(16896K)->9248K(22528K)
[0.665s][info][gc,heap        ] GC(30) ParOldGen: 77289K(100864K)->84049K(100864K)
[0.665s][info][gc,metaspace   ] GC(30) Metaspace: 6298K(6464K)->6298K(6464K) NonClass: 5765K(5824K)->5765K(5824K) Class: 533K(640K)->533K(640K)
[0.665s][info][gc             ] GC(30) Pause Young (Allocation Failure) 90M->91M(129M) 13.099ms
[0.665s][info][gc,cpu         ] GC(30) User=0.00s Sys=0.00s Real=0.01s
[0.673s][info][gc,start       ] GC(31) Pause Young (Allocation Failure)
[0.682s][info][gc,heap        ] GC(31) PSYoungGen: 18464K(31744K)->18496K(30208K) Eden: 9216K(9216K)->0K(8704K) From: 9248K(22528K)->18496K(21504K)
[0.682s][info][gc,heap        ] GC(31) ParOldGen: 84049K(100864K)->84049K(100864K)
[0.682s][info][gc,metaspace   ] GC(31) Metaspace: 6298K(6464K)->6298K(6464K) NonClass: 5765K(5824K)->5765K(5824K) Class: 533K(640K)->533K(640K)
[0.682s][info][gc             ] GC(31) Pause Young (Allocation Failure) 100M->100M(128M) 8.645ms
[0.682s][info][gc,cpu         ] GC(31) User=0.00s Sys=0.00s Real=0.01s
[0.690s][info][gc,start       ] GC(32) Pause Young (Allocation Failure)
[0.703s][info][gc,heap        ] GC(32) PSYoungGen: 27200K(30208K)->17952K(32768K) Eden: 8704K(8704K)->0K(8704K) From: 18496K(21504K)->17952K(24064K)
[0.703s][info][gc,heap        ] GC(32) ParOldGen: 84049K(100864K)->93337K(100864K)
[0.703s][info][gc,metaspace   ] GC(32) Metaspace: 6298K(6464K)->6298K(6464K) NonClass: 5765K(5824K)->5765K(5824K) Class: 533K(640K)->533K(640K)
[0.703s][info][gc             ] GC(32) Pause Young (Allocation Failure) 108M->108M(130M) 13.090ms
[0.703s][info][gc,cpu         ] GC(32) User=0.00s Sys=0.00s Real=0.01s
[0.703s][info][gc,start       ] GC(33) Pause Full (Ergonomics)
[0.703s][info][gc,phases,start] GC(33) Marking Phase
[0.734s][info][gc,phases      ] GC(33) Marking Phase 31.304ms
[0.734s][info][gc,phases,start] GC(33) Summary Phase
[0.734s][info][gc,phases      ] GC(33) Summary Phase 0.015ms
[0.734s][info][gc,phases,start] GC(33) Adjust Roots
[0.734s][info][gc,phases      ] GC(33) Adjust Roots 0.184ms
[0.734s][info][gc,phases,start] GC(33) Compaction Phase
[0.760s][info][gc,phases      ] GC(33) Compaction Phase 25.219ms
[0.760s][info][gc,phases,start] GC(33) Post Compact
[0.760s][info][gc,phases      ] GC(33) Post Compact 0.478ms
[0.760s][info][gc,heap        ] GC(33) PSYoungGen: 17952K(32768K)->8143K(32768K) Eden: 0K(8704K)->0K(8704K) From: 17952K(24064K)->8143K(24064K)
[0.760s][info][gc,heap        ] GC(33) ParOldGen: 93337K(100864K)->100792K(128000K)
[0.760s][info][gc,metaspace   ] GC(33) Metaspace: 6298K(6464K)->6298K(6464K) NonClass: 5765K(5824K)->5765K(5824K) Class: 533K(640K)->533K(640K)
[0.760s][info][gc             ] GC(33) Pause Full (Ergonomics) 108M->106M(157M) 57.754ms
[0.761s][info][gc,cpu         ] GC(33) User=0.17s Sys=0.00s Real=0.06s
[0.769s][info][gc,start       ] GC(34) Pause Young (Allocation Failure)
[0.786s][info][gc,heap        ] GC(34) PSYoungGen: 16847K(32768K)->10336K(32256K) Eden: 8704K(8704K)->0K(10240K) From: 8143K(24064K)->10336K(22016K)
[0.786s][info][gc,heap        ] GC(34) ParOldGen: 100792K(128000K)->107440K(128000K)
[0.786s][info][gc,metaspace   ] GC(34) Metaspace: 6298K(6464K)->6298K(6464K) NonClass: 5765K(5824K)->5765K(5824K) Class: 533K(640K)->533K(640K)
[0.786s][info][gc             ] GC(34) Pause Young (Allocation Failure) 114M->115M(156M) 17.029ms
[0.786s][info][gc,cpu         ] GC(34) User=0.03s Sys=0.00s Real=0.02s
[0.796s][info][gc,start       ] GC(35) Pause Young (Allocation Failure)
[0.807s][info][gc,heap        ] GC(35) PSYoungGen: 20576K(32256K)->20576K(34304K) Eden: 10240K(10240K)->0K(10240K) From: 10336K(22016K)->20576K(24064K)
[0.807s][info][gc,heap        ] GC(35) ParOldGen: 107440K(128000K)->107440K(128000K)
[0.807s][info][gc,metaspace   ] GC(35) Metaspace: 6298K(6464K)->6298K(6464K) NonClass: 5765K(5824K)->5765K(5824K) Class: 533K(640K)->533K(640K)
[0.807s][info][gc             ] GC(35) Pause Young (Allocation Failure) 125M->125M(158M) 11.930ms
[0.807s][info][gc,cpu         ] GC(35) User=0.02s Sys=0.00s Real=0.01s
[0.817s][info][gc,start       ] GC(36) Pause Young (Allocation Failure)
[0.836s][info][gc,heap        ] GC(36) PSYoungGen: 30816K(34304K)->26624K(33280K) Eden: 10240K(10240K)->0K(6656K) From: 20576K(24064K)->26624K(26624K)
[0.836s][info][gc,heap        ] GC(36) ParOldGen: 107440K(128000K)->111632K(128000K)
[0.836s][info][gc,metaspace   ] GC(36) Metaspace: 6298K(6464K)->6298K(6464K) NonClass: 5765K(5824K)->5765K(5824K) Class: 533K(640K)->533K(640K)
[0.836s][info][gc             ] GC(36) Pause Young (Allocation Failure) 135M->135M(157M) 18.665ms
[0.836s][info][gc,cpu         ] GC(36) User=0.03s Sys=0.02s Real=0.02s
[0.843s][info][gc,start       ] GC(37) Pause Young (Allocation Failure)
[0.861s][info][gc,heap        ] GC(37) PSYoungGen: 33280K(33280K)->16192K(38912K) Eden: 6656K(6656K)->0K(6656K) From: 26624K(26624K)->16192K(32256K)
[0.861s][info][gc,heap        ] GC(37) ParOldGen: 111632K(128000K)->128968K(129024K)
[0.861s][info][gc,metaspace   ] GC(37) Metaspace: 6298K(6464K)->6298K(6464K) NonClass: 5765K(5824K)->5765K(5824K) Class: 533K(640K)->533K(640K)
[0.861s][info][gc             ] GC(37) Pause Young (Allocation Failure) 141M->141M(164M) 18.452ms
[0.861s][info][gc,cpu         ] GC(37) User=0.05s Sys=0.00s Real=0.02s
[0.861s][info][gc,start       ] GC(38) Pause Full (Ergonomics)
[0.861s][info][gc,phases,start] GC(38) Marking Phase
[0.904s][info][gc,phases      ] GC(38) Marking Phase 42.500ms
[0.904s][info][gc,phases,start] GC(38) Summary Phase
[0.904s][info][gc,phases      ] GC(38) Summary Phase 0.021ms
[0.904s][info][gc,phases,start] GC(38) Adjust Roots
[0.904s][info][gc,phases      ] GC(38) Adjust Roots 0.241ms
[0.904s][info][gc,phases,start] GC(38) Compaction Phase
[0.938s][info][gc,phases      ] GC(38) Compaction Phase 34.065ms
[0.938s][info][gc,phases,start] GC(38) Post Compact
[0.939s][info][gc,phases      ] GC(38) Post Compact 0.688ms
[0.939s][info][gc,heap        ] GC(38) PSYoungGen: 16192K(38912K)->15630K(38912K) Eden: 0K(6656K)->0K(6656K) From: 16192K(32256K)->15630K(32256K)
[0.939s][info][gc,heap        ] GC(38) ParOldGen: 128968K(129024K)->129023K(161280K)
[0.939s][info][gc,metaspace   ] GC(38) Metaspace: 6298K(6464K)->6298K(6464K) NonClass: 5765K(5824K)->5765K(5824K) Class: 533K(640K)->533K(640K)
[0.939s][info][gc             ] GC(38) Pause Full (Ergonomics) 141M->141M(195M) 77.953ms
[0.939s][info][gc,cpu         ] GC(38) User=0.16s Sys=0.00s Real=0.08s
[0.946s][info][gc,start       ] GC(39) Pause Young (Allocation Failure)
[0.967s][info][gc,heap        ] GC(39) PSYoungGen: 22286K(38912K)->6656K(38400K) Eden: 6656K(6656K)->0K(8192K) From: 15630K(32256K)->6656K(30208K)
[0.967s][info][gc,heap        ] GC(39) ParOldGen: 129023K(161280K)->144911K(161280K)
[0.967s][info][gc,metaspace   ] GC(39) Metaspace: 6298K(6464K)->6298K(6464K) NonClass: 5765K(5824K)->5765K(5824K) Class: 533K(640K)->533K(640K)
[0.967s][info][gc             ] GC(39) Pause Young (Allocation Failure) 147M->148M(195M) 21.159ms
[0.967s][info][gc,cpu         ] GC(39) User=0.05s Sys=0.00s Real=0.02s
[0.967s][info][gc,start       ] GC(40) Pause Full (Ergonomics)
[0.967s][info][gc,phases,start] GC(40) Marking Phase
[1.009s][info][gc,phases      ] GC(40) Marking Phase 41.577ms
[1.009s][info][gc,phases,start] GC(40) Summary Phase
[1.009s][info][gc,phases      ] GC(40) Summary Phase 0.022ms
[1.009s][info][gc,phases,start] GC(40) Adjust Roots
[1.009s][info][gc,phases      ] GC(40) Adjust Roots 0.185ms
[1.009s][info][gc,phases,start] GC(40) Compaction Phase
[1.029s][info][gc,phases      ] GC(40) Compaction Phase 19.377ms
[1.029s][info][gc,phases,start] GC(40) Post Compact
[1.029s][info][gc,phases      ] GC(40) Post Compact 0.714ms
[1.030s][info][gc,heap        ] GC(40) PSYoungGen: 6656K(38400K)->0K(38912K) Eden: 0K(8192K)->0K(8192K) From: 6656K(30208K)->0K(30720K)
[1.030s][info][gc,heap        ] GC(40) ParOldGen: 144911K(161280K)->151275K(188928K)
[1.030s][info][gc,metaspace   ] GC(40) Metaspace: 6298K(6464K)->6298K(6464K) NonClass: 5765K(5824K)->5765K(5824K) Class: 533K(640K)->533K(640K)
[1.030s][info][gc             ] GC(40) Pause Full (Ergonomics) 148M->147M(222M) 62.439ms
[1.030s][info][gc,cpu         ] GC(40) User=0.16s Sys=0.00s Real=0.06s
[1.038s][info][gc,start       ] GC(41) Pause Young (Allocation Failure)
[1.045s][info][gc,heap        ] GC(41) PSYoungGen: 8192K(38912K)->8224K(38400K) Eden: 8192K(8192K)->0K(9728K) From: 0K(30720K)->8224K(28672K)
[1.045s][info][gc,heap        ] GC(41) ParOldGen: 151275K(188928K)->151275K(188928K)
[1.045s][info][gc,metaspace   ] GC(41) Metaspace: 6298K(6464K)->6298K(6464K) NonClass: 5765K(5824K)->5765K(5824K) Class: 533K(640K)->533K(640K)
[1.045s][info][gc             ] GC(41) Pause Young (Allocation Failure) 155M->155M(222M) 6.599ms
[1.045s][info][gc,cpu         ] GC(41) User=0.00s Sys=0.00s Real=0.01s
[1.054s][info][gc,start       ] GC(42) Pause Young (Allocation Failure)
[1.065s][info][gc,heap        ] GC(42) PSYoungGen: 17952K(38400K)->17952K(39424K) Eden: 9728K(9728K)->0K(9728K) From: 8224K(28672K)->17952K(29696K)
[1.065s][info][gc,heap        ] GC(42) ParOldGen: 151275K(188928K)->151275K(188928K)
[1.065s][info][gc,metaspace   ] GC(42) Metaspace: 6298K(6464K)->6298K(6464K) NonClass: 5765K(5824K)->5765K(5824K) Class: 533K(640K)->533K(640K)
[1.065s][info][gc             ] GC(42) Pause Young (Allocation Failure) 165M->165M(223M) 10.672ms
[1.065s][info][gc,cpu         ] GC(42) User=0.02s Sys=0.00s Real=0.01s
[1.101s][info][gc,start       ] GC(43) Pause Young (Allocation Failure)
[1.123s][info][gc,heap        ] GC(43) PSYoungGen: 27680K(39424K)->27680K(37888K) Eden: 9728K(9728K)->0K(7680K) From: 17952K(29696K)->27680K(30208K)
[1.123s][info][gc,heap        ] GC(43) ParOldGen: 159467K(188928K)->159467K(188928K)
[1.123s][info][gc,metaspace   ] GC(43) Metaspace: 6298K(6464K)->6298K(6464K) NonClass: 5765K(5824K)->5765K(5824K) Class: 533K(640K)->533K(640K)
[1.123s][info][gc             ] GC(43) Pause Young (Allocation Failure) 182M->182M(221M) 22.181ms
[1.123s][info][gc,cpu         ] GC(43) User=0.03s Sys=0.00s Real=0.02s
[1.132s][info][gc,start       ] GC(44) Pause Young (Allocation Failure)
[1.151s][info][gc,heap        ] GC(44) PSYoungGen: 35360K(37888K)->33792K(41472K) Eden: 7680K(7680K)->0K(7680K) From: 27680K(30208K)->33792K(33792K)
[1.151s][info][gc,heap        ] GC(44) ParOldGen: 159467K(188928K)->160987K(188928K)
[1.151s][info][gc,metaspace   ] GC(44) Metaspace: 6298K(6464K)->6298K(6464K) NonClass: 5765K(5824K)->5765K(5824K) Class: 533K(640K)->533K(640K)
[1.151s][info][gc             ] GC(44) Pause Young (Allocation Failure) 190M->190M(225M) 19.228ms
[1.151s][info][gc,cpu         ] GC(44) User=0.05s Sys=0.00s Real=0.02s
[1.158s][info][gc,start       ] GC(45) Pause Young (Allocation Failure)
[1.182s][info][gc,heap        ] GC(45) PSYoungGen: 41472K(41472K)->24256K(48128K) Eden: 7680K(7680K)->0K(8192K) From: 33792K(33792K)->24256K(39936K)
[1.182s][info][gc,heap        ] GC(45) ParOldGen: 160987K(188928K)->178483K(188928K)
[1.182s][info][gc,metaspace   ] GC(45) Metaspace: 6298K(6464K)->6298K(6464K) NonClass: 5765K(5824K)->5765K(5824K) Class: 533K(640K)->533K(640K)
[1.182s][info][gc             ] GC(45) Pause Young (Allocation Failure) 197M->197M(231M) 23.670ms
[1.182s][info][gc,cpu         ] GC(45) User=0.05s Sys=0.00s Real=0.02s
[1.182s][info][gc,start       ] GC(46) Pause Full (Ergonomics)
[1.182s][info][gc,phases,start] GC(46) Marking Phase
[1.239s][info][gc,phases      ] GC(46) Marking Phase 57.062ms
[1.239s][info][gc,phases,start] GC(46) Summary Phase
[1.239s][info][gc,phases      ] GC(46) Summary Phase 0.020ms
[1.239s][info][gc,phases,start] GC(46) Adjust Roots
[1.239s][info][gc,phases      ] GC(46) Adjust Roots 0.183ms
[1.239s][info][gc,phases,start] GC(46) Compaction Phase
[1.282s][info][gc,phases      ] GC(46) Compaction Phase 42.997ms
[1.282s][info][gc,phases,start] GC(46) Post Compact
[1.283s][info][gc,phases      ] GC(46) Post Compact 0.823ms
[1.284s][info][gc,heap        ] GC(46) PSYoungGen: 24256K(48128K)->9350K(48128K) Eden: 0K(8192K)->0K(8192K) From: 24256K(39936K)->9350K(39936K)
[1.284s][info][gc,heap        ] GC(46) ParOldGen: 178483K(188928K)->188875K(229888K)
[1.284s][info][gc,metaspace   ] GC(46) Metaspace: 6298K(6464K)->6298K(6464K) NonClass: 5765K(5824K)->5765K(5824K) Class: 533K(640K)->533K(640K)
[1.284s][info][gc             ] GC(46) Pause Full (Ergonomics) 197M->193M(271M) 101.588ms
[1.284s][info][gc,cpu         ] GC(46) User=0.23s Sys=0.00s Real=0.10s
[1.294s][info][gc,start       ] GC(47) Pause Young (Allocation Failure)
[1.315s][info][gc,heap        ] GC(47) PSYoungGen: 17542K(48128K)->11008K(19456K) Eden: 8192K(8192K)->0K(8192K) From: 9350K(39936K)->11008K(11264K)
[1.315s][info][gc,heap        ] GC(47) ParOldGen: 188875K(229888K)->195539K(229888K)
[1.315s][info][gc,metaspace   ] GC(47) Metaspace: 6298K(6464K)->6298K(6464K) NonClass: 5765K(5824K)->5765K(5824K) Class: 533K(640K)->533K(640K)
[1.316s][info][gc             ] GC(47) Pause Young (Allocation Failure) 201M->201M(243M) 22.002ms
[1.316s][info][gc,cpu         ] GC(47) User=0.06s Sys=0.00s Real=0.02s
[1.324s][info][gc,start       ] GC(48) Pause Young (Allocation Failure)
[1.335s][info][gc,heap        ] GC(48) PSYoungGen: 19200K(19456K)->16416K(45056K) Eden: 8192K(8192K)->0K(9728K) From: 11008K(11264K)->16416K(35328K)
[1.335s][info][gc,heap        ] GC(48) ParOldGen: 195539K(229888K)->198403K(229888K)
[1.335s][info][gc,metaspace   ] GC(48) Metaspace: 6298K(6464K)->6298K(6464K) NonClass: 5765K(5824K)->5765K(5824K) Class: 533K(640K)->533K(640K)
[1.335s][info][gc             ] GC(48) Pause Young (Allocation Failure) 209M->209M(268M) 11.450ms
[1.335s][info][gc,cpu         ] GC(48) User=0.02s Sys=0.00s Real=0.01s
[1.346s][info][gc,start       ] GC(49) Pause Young (Allocation Failure)
[1.361s][info][gc,heap        ] GC(49) PSYoungGen: 26144K(45056K)->17920K(46592K) Eden: 9728K(9728K)->0K(9728K) From: 16416K(35328K)->17920K(36864K)
[1.361s][info][gc,heap        ] GC(49) ParOldGen: 198403K(229888K)->206715K(229888K)
[1.361s][info][gc,metaspace   ] GC(49) Metaspace: 6298K(6464K)->6298K(6464K) NonClass: 5765K(5824K)->5765K(5824K) Class: 533K(640K)->533K(640K)
[1.361s][info][gc             ] GC(49) Pause Young (Allocation Failure) 219M->219M(270M) 15.461ms
[1.361s][info][gc,cpu         ] GC(49) User=0.02s Sys=0.00s Real=0.02s
[1.372s][info][gc,start       ] GC(50) Pause Young (Allocation Failure)
[1.388s][info][gc,heap        ] GC(50) PSYoungGen: 27648K(46592K)->19456K(44544K) Eden: 9728K(9728K)->0K(11264K) From: 17920K(36864K)->19456K(33280K)
[1.388s][info][gc,heap        ] GC(50) ParOldGen: 206715K(229888K)->215019K(229888K)
[1.388s][info][gc,metaspace   ] GC(50) Metaspace: 6298K(6464K)->6298K(6464K) NonClass: 5765K(5824K)->5765K(5824K) Class: 533K(640K)->533K(640K)
[1.388s][info][gc             ] GC(50) Pause Young (Allocation Failure) 228M->228M(268M) 16.102ms
[1.388s][info][gc,cpu         ] GC(50) User=0.02s Sys=0.00s Real=0.02s
[1.388s][info][gc,start       ] GC(51) Pause Full (Ergonomics)
[1.388s][info][gc,phases,start] GC(51) Marking Phase
[1.450s][info][gc,phases      ] GC(51) Marking Phase 62.569ms
[1.450s][info][gc,phases,start] GC(51) Summary Phase
[1.450s][info][gc,phases      ] GC(51) Summary Phase 0.021ms
[1.450s][info][gc,phases,start] GC(51) Adjust Roots
[1.451s][info][gc,phases      ] GC(51) Adjust Roots 0.181ms
[1.451s][info][gc,phases,start] GC(51) Compaction Phase
[1.482s][info][gc,phases      ] GC(51) Compaction Phase 31.441ms
[1.482s][info][gc,phases,start] GC(51) Post Compact
[1.483s][info][gc,phases      ] GC(51) Post Compact 1.280ms
[1.484s][info][gc,heap        ] GC(51) PSYoungGen: 19456K(44544K)->4060K(45568K) Eden: 0K(11264K)->0K(12288K) From: 19456K(33280K)->4060K(33280K)
[1.484s][info][gc,heap        ] GC(51) ParOldGen: 215019K(229888K)->229876K(271360K)
[1.484s][info][gc,metaspace   ] GC(51) Metaspace: 6298K(6464K)->6298K(6464K) NonClass: 5765K(5824K)->5765K(5824K) Class: 533K(640K)->533K(640K)
[1.484s][info][gc             ] GC(51) Pause Full (Ergonomics) 228M->228M(309M) 96.078ms
[1.484s][info][gc,cpu         ] GC(51) User=0.22s Sys=0.00s Real=0.10s
[1.497s][info][gc,start       ] GC(52) Pause Young (Allocation Failure)
[1.521s][info][gc,heap        ] GC(52) PSYoungGen: 16348K(45568K)->12320K(46592K) Eden: 12288K(12288K)->0K(12288K) From: 4060K(33280K)->12320K(34304K)
[1.521s][info][gc,heap        ] GC(52) ParOldGen: 229876K(271360K)->234020K(271360K)
[1.521s][info][gc,metaspace   ] GC(52) Metaspace: 6298K(6464K)->6298K(6464K) NonClass: 5765K(5824K)->5765K(5824K) Class: 533K(640K)->533K(640K)
[1.521s][info][gc             ] GC(52) Pause Young (Allocation Failure) 240M->240M(310M) 23.708ms
[1.521s][info][gc,cpu         ] GC(52) User=0.05s Sys=0.00s Real=0.03s
[1.534s][info][gc,start       ] GC(53) Pause Young (Allocation Failure)
[1.551s][info][gc,heap        ] GC(53) PSYoungGen: 24608K(46592K)->12320K(46592K) Eden: 12288K(12288K)->0K(14336K) From: 12320K(34304K)->12320K(32256K)
[1.551s][info][gc,heap        ] GC(53) ParOldGen: 234020K(271360K)->246484K(271360K)
[1.551s][info][gc,metaspace   ] GC(53) Metaspace: 6298K(6464K)->6298K(6464K) NonClass: 5765K(5824K)->5765K(5824K) Class: 533K(640K)->533K(640K)
[1.551s][info][gc             ] GC(53) Pause Young (Allocation Failure) 252M->252M(310M) 16.906ms
[1.551s][info][gc,cpu         ] GC(53) User=0.05s Sys=0.00s Real=0.02s
[1.566s][info][gc,start       ] GC(54) Pause Young (Allocation Failure)
[1.584s][info][gc,heap        ] GC(54) PSYoungGen: 26656K(46592K)->14400K(47104K) Eden: 14336K(14336K)->0K(14336K) From: 12320K(32256K)->14400K(32768K)
[1.584s][info][gc,heap        ] GC(54) ParOldGen: 246484K(271360K)->258948K(271360K)
[1.584s][info][gc,metaspace   ] GC(54) Metaspace: 6298K(6464K)->6298K(6464K) NonClass: 5765K(5824K)->5765K(5824K) Class: 533K(640K)->533K(640K)
[1.584s][info][gc             ] GC(54) Pause Young (Allocation Failure) 266M->266M(311M) 17.748ms
[1.584s][info][gc,cpu         ] GC(54) User=0.03s Sys=0.00s Real=0.02s
[1.584s][info][gc,start       ] GC(55) Pause Full (Ergonomics)
[1.584s][info][gc,phases,start] GC(55) Marking Phase
[1.663s][info][gc,phases      ] GC(55) Marking Phase 79.218ms
[1.663s][info][gc,phases,start] GC(55) Summary Phase
[1.663s][info][gc,phases      ] GC(55) Summary Phase 0.025ms
[1.664s][info][gc,phases,start] GC(55) Adjust Roots
[1.664s][info][gc,phases      ] GC(55) Adjust Roots 0.187ms
[1.664s][info][gc,phases,start] GC(55) Compaction Phase
[1.701s][info][gc,phases      ] GC(55) Compaction Phase 36.955ms
[1.701s][info][gc,phases,start] GC(55) Post Compact
[1.702s][info][gc,phases      ] GC(55) Post Compact 1.425ms
[1.702s][info][gc,heap        ] GC(55) PSYoungGen: 14400K(47104K)->1530K(47104K) Eden: 0K(14336K)->0K(14336K) From: 14400K(32768K)->1530K(32768K)
[1.702s][info][gc,heap        ] GC(55) ParOldGen: 258948K(271360K)->271228K(317440K)
[1.702s][info][gc,metaspace   ] GC(55) Metaspace: 6298K(6464K)->6298K(6464K) NonClass: 5765K(5824K)->5765K(5824K) Class: 533K(640K)->533K(640K)
[1.703s][info][gc             ] GC(55) Pause Full (Ergonomics) 266M->266M(356M) 118.334ms
[1.703s][info][gc,cpu         ] GC(55) User=0.27s Sys=0.00s Real=0.12s
[1.718s][info][gc,start       ] GC(56) Pause Young (Allocation Failure)
[1.744s][info][gc,heap        ] GC(56) PSYoungGen: 15866K(47104K)->14400K(45568K) Eden: 14336K(14336K)->0K(16384K) From: 1530K(32768K)->14400K(29184K)
[1.744s][info][gc,heap        ] GC(56) ParOldGen: 271228K(317440K)->272796K(317440K)
[1.744s][info][gc,metaspace   ] GC(56) Metaspace: 6298K(6464K)->6298K(6464K) NonClass: 5765K(5824K)->5765K(5824K) Class: 533K(640K)->533K(640K)
[1.744s][info][gc             ] GC(56) Pause Young (Allocation Failure) 280M->280M(354M) 26.362ms
[1.744s][info][gc,cpu         ] GC(56) User=0.06s Sys=0.00s Real=0.03s
[1.761s][info][gc,start       ] GC(57) Pause Young (Allocation Failure)
[1.780s][info][gc,heap        ] GC(57) PSYoungGen: 30784K(45568K)->30208K(46592K) Eden: 16384K(16384K)->0K(16384K) From: 14400K(29184K)->30208K(30208K)
[1.780s][info][gc,heap        ] GC(57) ParOldGen: 272796K(317440K)->273316K(317440K)
[1.780s][info][gc,metaspace   ] GC(57) Metaspace: 6298K(6464K)->6298K(6464K) NonClass: 5765K(5824K)->5765K(5824K) Class: 533K(640K)->533K(640K)
[1.780s][info][gc             ] GC(57) Pause Young (Allocation Failure) 296M->296M(355M) 18.310ms
[1.780s][info][gc,cpu         ] GC(57) User=0.03s Sys=0.00s Real=0.02s
[1.798s][info][gc,start       ] GC(58) Pause Young (Allocation Failure)
[1.826s][info][gc,heap        ] GC(58) PSYoungGen: 46592K(46592K)->16416K(49664K) Eden: 16384K(16384K)->0K(18432K) From: 30208K(30208K)->16416K(31232K)
[1.826s][info][gc,heap        ] GC(58) ParOldGen: 273316K(317440K)->303956K(317440K)
[1.826s][info][gc,metaspace   ] GC(58) Metaspace: 6298K(6464K)->6298K(6464K) NonClass: 5765K(5824K)->5765K(5824K) Class: 533K(640K)->533K(640K)
[1.826s][info][gc             ] GC(58) Pause Young (Allocation Failure) 312M->312M(358M) 28.684ms
[1.826s][info][gc,cpu         ] GC(58) User=0.03s Sys=0.02s Real=0.03s
[1.826s][info][gc,start       ] GC(59) Pause Full (Ergonomics)
[1.827s][info][gc,phases,start] GC(59) Marking Phase
[1.913s][info][gc,phases      ] GC(59) Marking Phase 86.627ms
[1.913s][info][gc,phases,start] GC(59) Summary Phase
[1.913s][info][gc,phases      ] GC(59) Summary Phase 0.023ms
[1.913s][info][gc,phases,start] GC(59) Adjust Roots
[1.913s][info][gc,phases      ] GC(59) Adjust Roots 0.172ms
[1.913s][info][gc,phases,start] GC(59) Compaction Phase
[1.953s][info][gc,phases      ] GC(59) Compaction Phase 39.835ms
[1.953s][info][gc,phases,start] GC(59) Post Compact
[1.955s][info][gc,phases      ] GC(59) Post Compact 1.535ms
[1.955s][info][gc,heap        ] GC(59) PSYoungGen: 16416K(49664K)->2558K(51200K) Eden: 0K(18432K)->0K(19968K) From: 16416K(31232K)->2558K(31232K)
[1.955s][info][gc,heap        ] GC(59) ParOldGen: 303956K(317440K)->317210K(373760K)
[1.955s][info][gc,metaspace   ] GC(59) Metaspace: 6298K(6464K)->6298K(6464K) NonClass: 5765K(5824K)->5765K(5824K) Class: 533K(640K)->533K(640K)
[1.955s][info][gc             ] GC(59) Pause Full (Ergonomics) 312M->312M(415M) 128.808ms
[1.955s][info][gc,cpu         ] GC(59) User=0.36s Sys=0.00s Real=0.13s
[1.978s][info][gc,start       ] GC(60) Pause Young (Allocation Failure)
[2.010s][info][gc,heap        ] GC(60) PSYoungGen: 22526K(51200K)->20032K(52736K) Eden: 19968K(19968K)->0K(19968K) From: 2558K(31232K)->20032K(32768K)
[2.010s][info][gc,heap        ] GC(60) ParOldGen: 317210K(373760K)->319818K(373760K)
[2.010s][info][gc,metaspace   ] GC(60) Metaspace: 6298K(6464K)->6298K(6464K) NonClass: 5765K(5824K)->5765K(5824K) Class: 533K(640K)->533K(640K)
[2.010s][info][gc             ] GC(60) Pause Young (Allocation Failure) 331M->331M(416M) 32.833ms
[2.010s][info][gc,cpu         ] GC(60) User=0.06s Sys=0.00s Real=0.03s
[2.091s][info][gc,start       ] GC(61) Pause Young (Allocation Failure)
[2.127s][info][gc,heap        ] GC(61) PSYoungGen: 40000K(52736K)->32256K(48128K) Eden: 19968K(19968K)->0K(15872K) From: 20032K(32768K)->32256K(32256K)
[2.127s][info][gc,heap        ] GC(61) ParOldGen: 336202K(373760K)->344018K(373760K)
[2.127s][info][gc,metaspace   ] GC(61) Metaspace: 6298K(6464K)->6298K(6464K) NonClass: 5765K(5824K)->5765K(5824K) Class: 533K(640K)->533K(640K)
[2.127s][info][gc             ] GC(61) Pause Young (Allocation Failure) 367M->367M(412M) 36.743ms
[2.127s][info][gc,cpu         ] GC(61) User=0.11s Sys=0.00s Real=0.04s
[2.143s][info][gc,start       ] GC(62) Pause Young (Allocation Failure)
[2.173s][info][gc,heap        ] GC(62) PSYoungGen: 48128K(48128K)->15936K(54784K) Eden: 15872K(15872K)->0K(15872K) From: 32256K(32256K)->15936K(38912K)
[2.173s][info][gc,heap        ] GC(62) ParOldGen: 344018K(373760K)->376738K(376832K)
[2.173s][info][gc,metaspace   ] GC(62) Metaspace: 6298K(6464K)->6298K(6464K) NonClass: 5765K(5824K)->5765K(5824K) Class: 533K(640K)->533K(640K)
[2.173s][info][gc             ] GC(62) Pause Young (Allocation Failure) 382M->383M(421M) 30.179ms
[2.173s][info][gc,cpu         ] GC(62) User=0.05s Sys=0.00s Real=0.03s
[2.173s][info][gc,start       ] GC(63) Pause Full (Ergonomics)
[2.173s][info][gc,phases,start] GC(63) Marking Phase
[2.277s][info][gc,phases      ] GC(63) Marking Phase 103.786ms
[2.277s][info][gc,phases,start] GC(63) Summary Phase
[2.277s][info][gc,phases      ] GC(63) Summary Phase 0.029ms
[2.277s][info][gc,phases,start] GC(63) Adjust Roots
[2.277s][info][gc,phases      ] GC(63) Adjust Roots 0.197ms
[2.277s][info][gc,phases,start] GC(63) Compaction Phase
[2.351s][info][gc,phases      ] GC(63) Compaction Phase 74.230ms
[2.351s][info][gc,phases,start] GC(63) Post Compact
[2.353s][info][gc,phases      ] GC(63) Post Compact 2.024ms
[2.354s][info][gc,heap        ] GC(63) PSYoungGen: 15936K(54784K)->7150K(54784K) Eden: 0K(15872K)->0K(15872K) From: 15936K(38912K)->7150K(38912K)
[2.354s][info][gc,heap        ] GC(63) ParOldGen: 376738K(376832K)->376521K(441856K)
[2.354s][info][gc,metaspace   ] GC(63) Metaspace: 6298K(6464K)->6298K(6464K) NonClass: 5765K(5824K)->5765K(5824K) Class: 533K(640K)->533K(640K)
[2.354s][info][gc             ] GC(63) Pause Full (Ergonomics) 383M->374M(485M) 180.830ms
[2.354s][info][gc,cpu         ] GC(63) User=0.45s Sys=0.00s Real=0.18s
[2.371s][info][gc,start       ] GC(64) Pause Young (Allocation Failure)
[2.408s][info][gc,heap        ] GC(64) PSYoungGen: 23022K(54784K)->15904K(53760K) Eden: 15872K(15872K)->0K(17920K) From: 7150K(38912K)->15904K(35840K)
[2.408s][info][gc,heap        ] GC(64) ParOldGen: 376521K(441856K)->383801K(441856K)
[2.408s][info][gc,metaspace   ] GC(64) Metaspace: 6298K(6464K)->6298K(6464K) NonClass: 5765K(5824K)->5765K(5824K) Class: 533K(640K)->533K(640K)
[2.408s][info][gc             ] GC(64) Pause Young (Allocation Failure) 390M->390M(484M) 36.388ms
[2.408s][info][gc,cpu         ] GC(64) User=0.11s Sys=0.00s Real=0.04s
[2.426s][info][gc,start       ] GC(65) Pause Young (Allocation Failure)
[2.447s][info][gc,heap        ] GC(65) PSYoungGen: 33824K(53760K)->33856K(54784K) Eden: 17920K(17920K)->0K(17920K) From: 15904K(35840K)->33856K(36864K)
[2.447s][info][gc,heap        ] GC(65) ParOldGen: 383801K(441856K)->383801K(441856K)
[2.447s][info][gc,metaspace   ] GC(65) Metaspace: 6298K(6464K)->6298K(6464K) NonClass: 5765K(5824K)->5765K(5824K) Class: 533K(640K)->533K(640K)
[2.447s][info][gc             ] GC(65) Pause Young (Allocation Failure) 407M->407M(485M) 20.361ms
[2.447s][info][gc,cpu         ] GC(65) User=0.05s Sys=0.00s Real=0.02s
[2.465s][info][gc,start       ] GC(66) Pause Young (Allocation Failure)
[2.495s][info][gc,heap        ] GC(66) PSYoungGen: 51776K(54784K)->40448K(50688K) Eden: 17920K(17920K)->0K(10240K) From: 33856K(36864K)->40448K(40448K)
[2.496s][info][gc,heap        ] GC(66) ParOldGen: 383801K(441856K)->395249K(441856K)
[2.496s][info][gc,metaspace   ] GC(66) Metaspace: 6298K(6464K)->6298K(6464K) NonClass: 5765K(5824K)->5765K(5824K) Class: 533K(640K)->533K(640K)
[2.496s][info][gc             ] GC(66) Pause Young (Allocation Failure) 425M->425M(481M) 30.678ms
[2.496s][info][gc,cpu         ] GC(66) User=0.06s Sys=0.00s Real=0.03s
[2.506s][info][gc,start       ] GC(67) Pause Young (Allocation Failure)
[2.538s][info][gc,heap        ] GC(67) PSYoungGen: 50688K(50688K)->24768K(35328K) Eden: 10240K(10240K)->0K(10240K) From: 40448K(40448K)->24768K(25088K)
[2.538s][info][gc,heap        ] GC(67) ParOldGen: 395249K(441856K)->421593K(441856K)
[2.538s][info][gc,metaspace   ] GC(67) Metaspace: 6298K(6464K)->6298K(6464K) NonClass: 5765K(5824K)->5765K(5824K) Class: 533K(640K)->533K(640K)
[2.538s][info][gc             ] GC(67) Pause Young (Allocation Failure) 435M->435M(466M) 31.906ms
[2.538s][info][gc,cpu         ] GC(67) User=0.06s Sys=0.00s Real=0.03s
[2.538s][info][gc,start       ] GC(68) Pause Full (Ergonomics)
[2.538s][info][gc,phases,start] GC(68) Marking Phase
[2.667s][info][gc,phases      ] GC(68) Marking Phase 129.049ms
[2.667s][info][gc,phases,start] GC(68) Summary Phase
[2.667s][info][gc,phases      ] GC(68) Summary Phase 0.023ms
[2.667s][info][gc,phases,start] GC(68) Adjust Roots
[2.667s][info][gc,phases      ] GC(68) Adjust Roots 0.206ms
[2.667s][info][gc,phases,start] GC(68) Compaction Phase
[2.728s][info][gc,phases      ] GC(68) Compaction Phase 61.009ms
[2.728s][info][gc,phases,start] GC(68) Post Compact
[2.730s][info][gc,phases      ] GC(68) Post Compact 2.109ms
[2.731s][info][gc,heap        ] GC(68) PSYoungGen: 24768K(35328K)->3714K(35328K) Eden: 0K(10240K)->0K(10240K) From: 24768K(25088K)->3714K(25088K)
[2.731s][info][gc,heap        ] GC(68) ParOldGen: 421593K(441856K)->441791K(511488K)
[2.731s][info][gc,metaspace   ] GC(68) Metaspace: 6298K(6464K)->6298K(6464K) NonClass: 5765K(5824K)->5765K(5824K) Class: 533K(640K)->533K(640K)
[2.731s][info][gc             ] GC(68) Pause Full (Ergonomics) 435M->435M(534M) 193.098ms
[2.731s][info][gc,cpu         ] GC(68) User=0.52s Sys=0.02s Real=0.19s
[2.742s][info][gc,start       ] GC(69) Pause Young (Allocation Failure)
[2.780s][info][gc,heap        ] GC(69) PSYoungGen: 13954K(35328K)->10304K(59392K) Eden: 10240K(10240K)->0K(11776K) From: 3714K(25088K)->10304K(47616K)
[2.780s][info][gc,heap        ] GC(69) ParOldGen: 441791K(511488K)->445583K(511488K)
[2.780s][info][gc,metaspace   ] GC(69) Metaspace: 6298K(6464K)->6298K(6464K) NonClass: 5765K(5824K)->5765K(5824K) Class: 533K(640K)->533K(640K)
[2.780s][info][gc             ] GC(69) Pause Young (Allocation Failure) 445M->445M(557M) 37.918ms
[2.780s][info][gc,cpu         ] GC(69) User=0.08s Sys=0.00s Real=0.04s
[2.792s][info][gc,start       ] GC(70) Pause Young (Allocation Failure)
[2.807s][info][gc,heap        ] GC(70) PSYoungGen: 22080K(59392K)->22048K(34304K) Eden: 11776K(11776K)->0K(11776K) From: 10304K(47616K)->22048K(22528K)
[2.807s][info][gc,heap        ] GC(70) ParOldGen: 445583K(511488K)->445583K(511488K)
[2.807s][info][gc,metaspace   ] GC(70) Metaspace: 6298K(6464K)->6298K(6464K) NonClass: 5765K(5824K)->5765K(5824K) Class: 533K(640K)->533K(640K)
[2.807s][info][gc             ] GC(70) Pause Young (Allocation Failure) 456M->456M(533M) 14.490ms
[2.807s][info][gc,cpu         ] GC(70) User=0.02s Sys=0.00s Real=0.01s
[2.819s][info][gc,start       ] GC(71) Pause Young (Allocation Failure)
[2.841s][info][gc,heap        ] GC(71) PSYoungGen: 33824K(34304K)->23616K(55296K) Eden: 11776K(11776K)->0K(13312K) From: 22048K(22528K)->23616K(41984K)
[2.841s][info][gc,heap        ] GC(71) ParOldGen: 445583K(511488K)->455959K(511488K)
[2.841s][info][gc,metaspace   ] GC(71) Metaspace: 6298K(6464K)->6298K(6464K) NonClass: 5765K(5824K)->5765K(5824K) Class: 533K(640K)->533K(640K)
[2.841s][info][gc             ] GC(71) Pause Young (Allocation Failure) 468M->468M(553M) 21.738ms
[2.841s][info][gc,cpu         ] GC(71) User=0.05s Sys=0.00s Real=0.02s
[2.855s][info][gc,start       ] GC(72) Pause Young (Allocation Failure)
[2.878s][info][gc,heap        ] GC(72) PSYoungGen: 36928K(55296K)->25120K(56832K) Eden: 13312K(13312K)->0K(13312K) From: 23616K(41984K)->25120K(43520K)
[2.878s][info][gc,heap        ] GC(72) ParOldGen: 455959K(511488K)->467903K(511488K)
[2.878s][info][gc,metaspace   ] GC(72) Metaspace: 6298K(6464K)->6298K(6464K) NonClass: 5765K(5824K)->5765K(5824K) Class: 533K(640K)->533K(640K)
[2.878s][info][gc             ] GC(72) Pause Young (Allocation Failure) 481M->481M(555M) 23.004ms
[2.879s][info][gc,cpu         ] GC(72) User=0.06s Sys=0.00s Real=0.02s
[2.894s][info][gc,start       ] GC(73) Pause Young (Allocation Failure)
[2.917s][info][gc,heap        ] GC(73) PSYoungGen: 38432K(56832K)->26656K(56832K) Eden: 13312K(13312K)->0K(15360K) From: 25120K(43520K)->26656K(41472K)
[2.917s][info][gc,heap        ] GC(73) ParOldGen: 467903K(511488K)->479855K(511488K)
[2.917s][info][gc,metaspace   ] GC(73) Metaspace: 6298K(6464K)->6298K(6464K) NonClass: 5765K(5824K)->5765K(5824K) Class: 533K(640K)->533K(640K)
[2.917s][info][gc             ] GC(73) Pause Young (Allocation Failure) 494M->494M(555M) 23.413ms
[2.917s][info][gc,cpu         ] GC(73) User=0.05s Sys=0.00s Real=0.02s
[2.933s][info][gc,start       ] GC(74) Pause Young (Allocation Failure)
[2.960s][info][gc,heap        ] GC(74) PSYoungGen: 42016K(56832K)->15424K(57344K) Eden: 15360K(15360K)->0K(15360K) From: 26656K(41472K)->15424K(41984K)
[2.960s][info][gc,heap        ] GC(74) ParOldGen: 479855K(511488K)->506855K(511488K)
[2.960s][info][gc,metaspace   ] GC(74) Metaspace: 6298K(6464K)->6298K(6464K) NonClass: 5765K(5824K)->5765K(5824K) Class: 533K(640K)->533K(640K)
[2.960s][info][gc             ] GC(74) Pause Young (Allocation Failure) 509M->510M(555M) 26.983ms
[2.960s][info][gc,cpu         ] GC(74) User=0.06s Sys=0.00s Real=0.03s
[2.961s][info][gc,start       ] GC(75) Pause Full (Ergonomics)
[2.961s][info][gc,phases,start] GC(75) Marking Phase
[3.113s][info][gc,phases      ] GC(75) Marking Phase 152.528ms
[3.113s][info][gc,phases,start] GC(75) Summary Phase
[3.113s][info][gc,phases      ] GC(75) Summary Phase 0.020ms
[3.113s][info][gc,phases,start] GC(75) Adjust Roots
[3.113s][info][gc,phases      ] GC(75) Adjust Roots 0.183ms
[3.113s][info][gc,phases,start] GC(75) Compaction Phase
[3.178s][info][gc,phases      ] GC(75) Compaction Phase 65.097ms
[3.179s][info][gc,phases,start] GC(75) Post Compact
[3.181s][info][gc,phases      ] GC(75) Post Compact 2.466ms
[3.181s][info][gc,heap        ] GC(75) PSYoungGen: 15424K(57344K)->9709K(57344K) Eden: 0K(15360K)->0K(15360K) From: 15424K(41984K)->9709K(41984K)
[3.181s][info][gc,heap        ] GC(75) ParOldGen: 506855K(511488K)->511387K(584704K)
[3.181s][info][gc,metaspace   ] GC(75) Metaspace: 6298K(6464K)->6298K(6464K) NonClass: 5765K(5824K)->5765K(5824K) Class: 533K(640K)->533K(640K)
[3.181s][info][gc             ] GC(75) Pause Full (Ergonomics) 510M->508M(627M) 220.945ms
[3.181s][info][gc,cpu         ] GC(75) User=0.58s Sys=0.02s Real=0.22s
[3.197s][info][gc,start       ] GC(76) Pause Young (Allocation Failure)
[3.247s][info][gc,heap        ] GC(76) PSYoungGen: 25069K(57344K)->15424K(55808K) Eden: 15360K(15360K)->0K(16896K) From: 9709K(41984K)->15424K(38912K)
[3.247s][info][gc,heap        ] GC(76) ParOldGen: 511387K(584704K)->521259K(584704K)
[3.247s][info][gc,metaspace   ] GC(76) Metaspace: 6298K(6464K)->6298K(6464K) NonClass: 5765K(5824K)->5765K(5824K) Class: 533K(640K)->533K(640K)
[3.247s][info][gc             ] GC(76) Pause Young (Allocation Failure) 523M->524M(625M) 49.323ms
[3.247s][info][gc,cpu         ] GC(76) User=0.11s Sys=0.00s Real=0.05s
[3.265s][info][gc,start       ] GC(77) Pause Young (Allocation Failure)
[3.289s][info][gc,heap        ] GC(77) PSYoungGen: 32320K(55808K)->16928K(57344K) Eden: 16896K(16896K)->0K(16896K) From: 15424K(38912K)->16928K(40448K)
[3.289s][info][gc,heap        ] GC(77) ParOldGen: 521259K(584704K)->536843K(584704K)
[3.289s][info][gc,metaspace   ] GC(77) Metaspace: 6298K(6464K)->6298K(6464K) NonClass: 5765K(5824K)->5765K(5824K) Class: 533K(640K)->533K(640K)
[3.289s][info][gc             ] GC(77) Pause Young (Allocation Failure) 540M->540M(627M) 24.220ms
[3.289s][info][gc,cpu         ] GC(77) User=0.05s Sys=0.02s Real=0.02s
[3.307s][info][gc,start       ] GC(78) Pause Young (Allocation Failure)
[3.331s][info][gc,heap        ] GC(78) PSYoungGen: 33824K(57344K)->16928K(56320K) Eden: 16896K(16896K)->0K(18944K) From: 16928K(40448K)->16928K(37376K)
[3.331s][info][gc,heap        ] GC(78) ParOldGen: 536843K(584704K)->553979K(584704K)
[3.331s][info][gc,metaspace   ] GC(78) Metaspace: 6298K(6464K)->6298K(6464K) NonClass: 5765K(5824K)->5765K(5824K) Class: 533K(640K)->533K(640K)
[3.331s][info][gc             ] GC(78) Pause Young (Allocation Failure) 557M->557M(626M) 23.816ms
[3.331s][info][gc,cpu         ] GC(78) User=0.06s Sys=0.00s Real=0.02s
[3.351s][info][gc,start       ] GC(79) Pause Young (Allocation Failure)
[3.377s][info][gc,heap        ] GC(79) PSYoungGen: 35872K(56320K)->19008K(57344K) Eden: 18944K(18944K)->0K(18944K) From: 16928K(37376K)->19008K(38400K)
[3.377s][info][gc,heap        ] GC(79) ParOldGen: 553979K(584704K)->571123K(584704K)
[3.377s][info][gc,metaspace   ] GC(79) Metaspace: 6298K(6464K)->6298K(6464K) NonClass: 5765K(5824K)->5765K(5824K) Class: 533K(640K)->533K(640K)
[3.377s][info][gc             ] GC(79) Pause Young (Allocation Failure) 576M->576M(627M) 25.687ms
[3.377s][info][gc,cpu         ] GC(79) User=0.05s Sys=0.02s Real=0.03s
[3.377s][info][gc,start       ] GC(80) Pause Full (Ergonomics)
[3.377s][info][gc,phases,start] GC(80) Marking Phase
[3.556s][info][gc,phases      ] GC(80) Marking Phase 179.306ms
[3.557s][info][gc,phases,start] GC(80) Summary Phase
[3.557s][info][gc,phases      ] GC(80) Summary Phase 0.025ms
[3.557s][info][gc,phases,start] GC(80) Adjust Roots
[3.557s][info][gc,phases      ] GC(80) Adjust Roots 0.246ms
[3.557s][info][gc,phases,start] GC(80) Compaction Phase
[3.626s][info][gc,phases      ] GC(80) Compaction Phase 69.423ms
[3.626s][info][gc,phases,start] GC(80) Post Compact
[3.627s][info][gc,phases      ] GC(80) Post Compact 1.037ms
[3.628s][info][gc,heap        ] GC(80) PSYoungGen: 19008K(57344K)->4601K(57344K) Eden: 0K(18944K)->0K(18944K) From: 19008K(38400K)->4601K(38400K)
[3.628s][info][gc,heap        ] GC(80) ParOldGen: 571123K(584704K)->584454K(660480K)
[3.628s][info][gc,metaspace   ] GC(80) Metaspace: 6298K(6464K)->6298K(6464K) NonClass: 5765K(5824K)->5765K(5824K) Class: 533K(640K)->533K(640K)
[3.628s][info][gc             ] GC(80) Pause Full (Ergonomics) 576M->575M(701M) 250.608ms
[3.628s][info][gc,cpu         ] GC(80) User=0.70s Sys=0.00s Real=0.25s
[3.648s][info][gc,start       ] GC(81) Pause Young (Allocation Failure)
[3.700s][info][gc,heap        ] GC(81) PSYoungGen: 23545K(57344K)->19008K(55296K) Eden: 18944K(18944K)->0K(20992K) From: 4601K(38400K)->19008K(34304K)
[3.700s][info][gc,heap        ] GC(81) ParOldGen: 584454K(660480K)->589142K(660480K)
[3.700s][info][gc,metaspace   ] GC(81) Metaspace: 6298K(6464K)->6298K(6464K) NonClass: 5765K(5824K)->5765K(5824K) Class: 533K(640K)->533K(640K)
[3.700s][info][gc             ] GC(81) Pause Young (Allocation Failure) 593M->593M(699M) 51.504ms
[3.700s][info][gc,cpu         ] GC(81) User=0.12s Sys=0.00s Real=0.05s
[3.724s][info][gc,start       ] GC(82) Pause Young (Allocation Failure)
[3.749s][info][gc,heap        ] GC(82) PSYoungGen: 40000K(55296K)->35840K(56832K) Eden: 20992K(20992K)->0K(20992K) From: 19008K(34304K)->35840K(35840K)
[3.750s][info][gc,heap        ] GC(82) ParOldGen: 589142K(660480K)->593310K(660480K)
[3.750s][info][gc,metaspace   ] GC(82) Metaspace: 6298K(6464K)->6298K(6464K) NonClass: 5765K(5824K)->5765K(5824K) Class: 533K(640K)->533K(640K)
[3.750s][info][gc             ] GC(82) Pause Young (Allocation Failure) 614M->614M(700M) 25.453ms
[3.750s][info][gc,cpu         ] GC(82) User=0.05s Sys=0.00s Real=0.02s
[3.774s][info][gc,start       ] GC(83) Pause Young (Allocation Failure)
[3.810s][info][gc,heap        ] GC(83) PSYoungGen: 56832K(56832K)->21056K(61952K) Eden: 20992K(20992K)->0K(23552K) From: 35840K(35840K)->21056K(38400K)
[3.810s][info][gc,heap        ] GC(83) ParOldGen: 593310K(660480K)->629662K(660480K)
[3.810s][info][gc,metaspace   ] GC(83) Metaspace: 6298K(6464K)->6298K(6464K) NonClass: 5765K(5824K)->5765K(5824K) Class: 533K(640K)->533K(640K)
[3.810s][info][gc             ] GC(83) Pause Young (Allocation Failure) 634M->635M(705M) 35.792ms
[3.810s][info][gc,cpu         ] GC(83) User=0.09s Sys=0.00s Real=0.03s
[3.810s][info][gc,start       ] GC(84) Pause Full (Ergonomics)
[3.810s][info][gc,phases,start] GC(84) Marking Phase
[3.988s][info][gc,phases      ] GC(84) Marking Phase 177.883ms
[3.988s][info][gc,phases,start] GC(84) Summary Phase
[3.988s][info][gc,phases      ] GC(84) Summary Phase 0.023ms
[3.988s][info][gc,phases,start] GC(84) Adjust Roots
[3.988s][info][gc,phases      ] GC(84) Adjust Roots 0.184ms
[3.988s][info][gc,phases,start] GC(84) Compaction Phase
[4.062s][info][gc,phases      ] GC(84) Compaction Phase 74.213ms
[4.062s][info][gc,phases,start] GC(84) Post Compact
[4.064s][info][gc,phases      ] GC(84) Post Compact 1.127ms
[4.064s][info][gc,heap        ] GC(84) PSYoungGen: 21056K(61952K)->0K(63488K) Eden: 0K(23552K)->0K(23552K) From: 21056K(38400K)->0K(39936K)
[4.064s][info][gc,heap        ] GC(84) ParOldGen: 629662K(660480K)->649882K(737792K)
[4.064s][info][gc,metaspace   ] GC(84) Metaspace: 6298K(6464K)->6298K(6464K) NonClass: 5765K(5824K)->5765K(5824K) Class: 533K(640K)->533K(640K)
[4.064s][info][gc             ] GC(84) Pause Full (Ergonomics) 635M->634M(782M) 254.069ms
[4.064s][info][gc,cpu         ] GC(84) User=0.75s Sys=0.00s Real=0.26s
[4.090s][info][gc,start       ] GC(85) Pause Young (Allocation Failure)
[4.107s][info][gc,heap        ] GC(85) PSYoungGen: 23552K(63488K)->23616K(62976K) Eden: 23552K(23552K)->0K(26112K) From: 0K(39936K)->23616K(36864K)
[4.107s][info][gc,heap        ] GC(85) ParOldGen: 649882K(737792K)->649882K(737792K)
[4.107s][info][gc,metaspace   ] GC(85) Metaspace: 6298K(6464K)->6298K(6464K) NonClass: 5765K(5824K)->5765K(5824K) Class: 533K(640K)->533K(640K)
[4.107s][info][gc             ] GC(85) Pause Young (Allocation Failure) 657M->657M(782M) 17.110ms
[4.107s][info][gc,cpu         ] GC(85) User=0.03s Sys=0.00s Real=0.02s
[4.139s][info][gc,start       ] GC(86) Pause Young (Allocation Failure)
[4.170s][info][gc,heap        ] GC(86) PSYoungGen: 49728K(62976K)->38400K(64512K) Eden: 26112K(26112K)->0K(26112K) From: 23616K(36864K)->38400K(38400K)
[4.170s][info][gc,heap        ] GC(86) ParOldGen: 649882K(737792K)->661346K(737792K)
[4.170s][info][gc,metaspace   ] GC(86) Metaspace: 6298K(6464K)->6298K(6464K) NonClass: 5765K(5824K)->5765K(5824K) Class: 533K(640K)->533K(640K)
[4.170s][info][gc             ] GC(86) Pause Young (Allocation Failure) 683M->683M(783M) 31.304ms
[4.170s][info][gc,cpu         ] GC(86) User=0.06s Sys=0.00s Real=0.03s
[4.345s][info][gc,start       ] GC(87) Pause Young (Allocation Failure)
[4.411s][info][gc,heap        ] GC(87) PSYoungGen: 64512K(64512K)->26176K(72704K) Eden: 26112K(26112K)->0K(28672K) From: 38400K(38400K)->26176K(44032K)
[4.411s][info][gc,heap        ] GC(87) ParOldGen: 694114K(737792K)->733026K(737792K)
[4.411s][info][gc,metaspace   ] GC(87) Metaspace: 6298K(6464K)->6298K(6464K) NonClass: 5765K(5824K)->5765K(5824K) Class: 533K(640K)->533K(640K)
[4.411s][info][gc             ] GC(87) Pause Young (Allocation Failure) 740M->741M(791M) 65.899ms
[4.411s][info][gc,cpu         ] GC(87) User=0.17s Sys=0.02s Real=0.07s
[4.411s][info][gc,start       ] GC(88) Pause Full (Ergonomics)
[4.411s][info][gc,phases,start] GC(88) Marking Phase
[4.633s][info][gc,phases      ] GC(88) Marking Phase 222.140ms
[4.633s][info][gc,phases,start] GC(88) Summary Phase
[4.634s][info][gc,phases      ] GC(88) Summary Phase 0.029ms
[4.634s][info][gc,phases,start] GC(88) Adjust Roots
[4.634s][info][gc,phases      ] GC(88) Adjust Roots 0.263ms
[4.634s][info][gc,phases,start] GC(88) Compaction Phase
[4.772s][info][gc,phases      ] GC(88) Compaction Phase 138.495ms
[4.772s][info][gc,phases,start] GC(88) Post Compact
[4.774s][info][gc,phases      ] GC(88) Post Compact 1.421ms
[4.774s][info][gc,heap        ] GC(88) PSYoungGen: 26176K(72704K)->4619K(74240K) Eden: 0K(28672K)->0K(30208K) From: 26176K(44032K)->4619K(44032K)
[4.774s][info][gc,heap        ] GC(88) ParOldGen: 733026K(737792K)->737333K(835584K)
[4.774s][info][gc,metaspace   ] GC(88) Metaspace: 6298K(6464K)->6298K(6464K) NonClass: 5765K(5824K)->5765K(5824K) Class: 533K(640K)->533K(640K)
[4.774s][info][gc             ] GC(88) Pause Full (Ergonomics) 741M->724M(888M) 363.039ms
[4.774s][info][gc,cpu         ] GC(88) User=0.91s Sys=0.00s Real=0.36s
[4.807s][info][gc,start       ] GC(89) Pause Young (Allocation Failure)
[4.868s][info][gc,heap        ] GC(89) PSYoungGen: 34827K(74240K)->34912K(75776K) Eden: 30208K(30208K)->0K(30208K) From: 4619K(44032K)->34912K(45568K)
[4.868s][info][gc,heap        ] GC(89) ParOldGen: 737333K(835584K)->737333K(835584K)
[4.868s][info][gc,metaspace   ] GC(89) Metaspace: 6298K(6464K)->6298K(6464K) NonClass: 5765K(5824K)->5765K(5824K) Class: 533K(640K)->533K(640K)
[4.868s][info][gc             ] GC(89) Pause Young (Allocation Failure) 754M->754M(890M) 61.017ms
[4.868s][info][gc,cpu         ] GC(89) User=0.12s Sys=0.00s Real=0.06s
[4.899s][info][gc,start       ] GC(90) Pause Young (Allocation Failure)
[4.943s][info][gc,heap        ] GC(90) PSYoungGen: 65120K(75776K)->47104K(67584K) Eden: 30208K(30208K)->0K(20480K) From: 34912K(45568K)->47104K(47104K)
[4.943s][info][gc,heap        ] GC(90) ParOldGen: 737333K(835584K)->755589K(835584K)
[4.943s][info][gc,metaspace   ] GC(90) Metaspace: 6298K(6464K)->6298K(6464K) NonClass: 5765K(5824K)->5765K(5824K) Class: 533K(640K)->533K(640K)
[4.943s][info][gc             ] GC(90) Pause Young (Allocation Failure) 783M->783M(882M) 43.518ms
[4.943s][info][gc,cpu         ] GC(90) User=0.08s Sys=0.02s Real=0.04s
[4.963s][info][gc,start       ] GC(91) Pause Young (Allocation Failure)
[5.004s][info][gc,heap        ] GC(91) PSYoungGen: 67584K(67584K)->40992K(79872K) Eden: 20480K(20480K)->0K(20480K) From: 47104K(47104K)->40992K(59392K)
[5.004s][info][gc,heap        ] GC(91) ParOldGen: 755589K(835584K)->782629K(835584K)
[5.004s][info][gc,metaspace   ] GC(91) Metaspace: 6298K(6464K)->6298K(6464K) NonClass: 5765K(5824K)->5765K(5824K) Class: 533K(640K)->533K(640K)
[5.004s][info][gc             ] GC(91) Pause Young (Allocation Failure) 803M->804M(894M) 40.975ms
[5.004s][info][gc,cpu         ] GC(91) User=0.09s Sys=0.00s Real=0.04s
[5.025s][info][gc,start       ] GC(92) Pause Young (Allocation Failure)
[5.062s][info][gc,heap        ] GC(92) PSYoungGen: 61472K(79872K)->60416K(74752K) Eden: 20480K(20480K)->0K(14336K) From: 40992K(59392K)->60416K(60416K)
[5.062s][info][gc,heap        ] GC(92) ParOldGen: 782629K(835584K)->783645K(835584K)
[5.062s][info][gc,metaspace   ] GC(92) Metaspace: 6298K(6464K)->6298K(6464K) NonClass: 5765K(5824K)->5765K(5824K) Class: 533K(640K)->533K(640K)
[5.062s][info][gc             ] GC(92) Pause Young (Allocation Failure) 824M->824M(889M) 36.407ms
[5.062s][info][gc,cpu         ] GC(92) User=0.06s Sys=0.03s Real=0.04s
[5.077s][info][gc,start       ] GC(93) Pause Young (Allocation Failure)
[5.122s][info][gc,heap        ] GC(93) PSYoungGen: 74752K(74752K)->34176K(48640K) Eden: 14336K(14336K)->0K(14336K) From: 60416K(60416K)->34176K(34304K)
[5.122s][info][gc,heap        ] GC(93) ParOldGen: 783645K(835584K)->824821K(835584K)
[5.122s][info][gc,metaspace   ] GC(93) Metaspace: 6298K(6464K)->6298K(6464K) NonClass: 5765K(5824K)->5765K(5824K) Class: 533K(640K)->533K(640K)
[5.123s][info][gc             ] GC(93) Pause Young (Allocation Failure) 838M->838M(863M) 45.750ms
[5.123s][info][gc,cpu         ] GC(93) User=0.08s Sys=0.02s Real=0.05s
[5.123s][info][gc,start       ] GC(94) Pause Full (Ergonomics)
[5.123s][info][gc,phases,start] GC(94) Marking Phase
[5.361s][info][gc,phases      ] GC(94) Marking Phase 238.010ms
[5.361s][info][gc,phases,start] GC(94) Summary Phase
[5.361s][info][gc,phases      ] GC(94) Summary Phase 0.020ms
[5.361s][info][gc,phases,start] GC(94) Adjust Roots
[5.361s][info][gc,phases      ] GC(94) Adjust Roots 0.187ms
[5.361s][info][gc,phases,start] GC(94) Compaction Phase
[5.464s][info][gc,phases      ] GC(94) Compaction Phase 102.839ms
[5.464s][info][gc,phases,start] GC(94) Post Compact
[5.465s][info][gc,phases      ] GC(94) Post Compact 1.385ms
[5.466s][info][gc,heap        ] GC(94) PSYoungGen: 34176K(48640K)->22306K(48640K) Eden: 0K(14336K)->0K(14336K) From: 34176K(34304K)->22306K(34304K)
[5.466s][info][gc,heap        ] GC(94) ParOldGen: 824821K(835584K)->835198K(947200K)
[5.466s][info][gc,metaspace   ] GC(94) Metaspace: 6298K(6464K)->6298K(6464K) NonClass: 5765K(5824K)->5765K(5824K) Class: 533K(640K)->533K(640K)
[5.466s][info][gc             ] GC(94) Pause Full (Ergonomics) 838M->837M(972M) 343.085ms
[5.466s][info][gc,cpu         ] GC(94) User=0.97s Sys=0.00s Real=0.34s
[5.481s][info][gc,start       ] GC(95) Pause Young (Allocation Failure)
[5.552s][info][gc,heap        ] GC(95) PSYoungGen: 36642K(48640K)->23424K(77824K) Eden: 14336K(14336K)->0K(15872K) From: 22306K(34304K)->23424K(61952K)
[5.552s][info][gc,heap        ] GC(95) ParOldGen: 835198K(947200K)->848726K(947200K)
[5.552s][info][gc,metaspace   ] GC(95) Metaspace: 6298K(6464K)->6298K(6464K) NonClass: 5765K(5824K)->5765K(5824K) Class: 533K(640K)->533K(640K)
[5.553s][info][gc             ] GC(95) Pause Young (Allocation Failure) 851M->851M(1001M) 72.010ms
[5.553s][info][gc,cpu         ] GC(95) User=0.16s Sys=0.00s Real=0.07s
[5.570s][info][gc,start       ] GC(96) Pause Young (Allocation Failure)
[5.595s][info][gc,heap        ] GC(96) PSYoungGen: 39296K(77824K)->39296K(79872K) Eden: 15872K(15872K)->0K(15872K) From: 23424K(61952K)->39296K(64000K)
[5.595s][info][gc,heap        ] GC(96) ParOldGen: 848726K(947200K)->848726K(947200K)
[5.595s][info][gc,metaspace   ] GC(96) Metaspace: 6298K(6464K)->6298K(6464K) NonClass: 5765K(5824K)->5765K(5824K) Class: 533K(640K)->533K(640K)
[5.595s][info][gc             ] GC(96) Pause Young (Allocation Failure) 867M->867M(1003M) 24.825ms
[5.595s][info][gc,cpu         ] GC(96) User=0.05s Sys=0.00s Real=0.02s
[5.612s][info][gc,start       ] GC(97) Pause Young (Allocation Failure)
[5.645s][info][gc,heap        ] GC(97) PSYoungGen: 55168K(79872K)->46112K(79872K) Eden: 15872K(15872K)->0K(16384K) From: 39296K(64000K)->46112K(63488K)
[5.645s][info][gc,heap        ] GC(97) ParOldGen: 848726K(947200K)->857886K(947200K)
[5.645s][info][gc,metaspace   ] GC(97) Metaspace: 6298K(6464K)->6298K(6464K) NonClass: 5765K(5824K)->5765K(5824K) Class: 533K(640K)->533K(640K)
[5.645s][info][gc             ] GC(97) Pause Young (Allocation Failure) 882M->882M(1003M) 33.066ms
[5.645s][info][gc,cpu         ] GC(97) User=0.06s Sys=0.00s Real=0.03s
[5.663s][info][gc,start       ] GC(98) Pause Young (Allocation Failure)
[5.702s][info][gc,heap        ] GC(98) PSYoungGen: 62496K(79872K)->48192K(81408K) Eden: 16384K(16384K)->0K(16384K) From: 46112K(63488K)->48192K(65024K)
[5.702s][info][gc,heap        ] GC(98) ParOldGen: 857886K(947200K)->872414K(947200K)
[5.702s][info][gc,metaspace   ] GC(98) Metaspace: 6298K(6464K)->6298K(6464K) NonClass: 5765K(5824K)->5765K(5824K) Class: 533K(640K)->533K(640K)
[5.702s][info][gc             ] GC(98) Pause Young (Allocation Failure) 898M->899M(1004M) 38.867ms
[5.702s][info][gc,cpu         ] GC(98) User=0.08s Sys=0.02s Real=0.04s
[5.719s][info][gc,start       ] GC(99) Pause Young (Allocation Failure)
[5.760s][info][gc,heap        ] GC(99) PSYoungGen: 64576K(81408K)->32800K(81408K) Eden: 16384K(16384K)->0K(18944K) From: 48192K(65024K)->32800K(62464K)
[5.760s][info][gc,heap        ] GC(99) ParOldGen: 872414K(947200K)->904598K(947200K)
[5.760s][info][gc,metaspace   ] GC(99) Metaspace: 6298K(6464K)->6298K(6464K) NonClass: 5765K(5824K)->5765K(5824K) Class: 533K(640K)->533K(640K)
[5.760s][info][gc             ] GC(99) Pause Young (Allocation Failure) 915M->915M(1004M) 41.532ms
[5.760s][info][gc,cpu         ] GC(99) User=0.08s Sys=0.02s Real=0.04s
[5.761s][info][gc,start       ] GC(100) Pause Full (Ergonomics)
[5.761s][info][gc,phases,start] GC(100) Marking Phase
[6.024s][info][gc,phases      ] GC(100) Marking Phase 263.196ms
[6.024s][info][gc,phases,start] GC(100) Summary Phase
[6.024s][info][gc,phases      ] GC(100) Summary Phase 0.028ms
[6.024s][info][gc,phases,start] GC(100) Adjust Roots
[6.024s][info][gc,phases      ] GC(100) Adjust Roots 0.199ms
[6.024s][info][gc,phases,start] GC(100) Compaction Phase
[6.135s][info][gc,phases      ] GC(100) Compaction Phase 110.927ms
[6.135s][info][gc,phases,start] GC(100) Post Compact
[6.137s][info][gc,phases      ] GC(100) Post Compact 1.577ms
[6.137s][info][gc,heap        ] GC(100) PSYoungGen: 32800K(81408K)->0K(83456K) Eden: 0K(18944K)->0K(18944K) From: 32800K(62464K)->0K(64512K)
[6.137s][info][gc,heap        ] GC(100) ParOldGen: 904598K(947200K)->936200K(1024000K)
[6.137s][info][gc,metaspace   ] GC(100) Metaspace: 6298K(6464K)->6298K(6464K) NonClass: 5765K(5824K)->5765K(5824K) Class: 533K(640K)->533K(640K)
[6.137s][info][gc             ] GC(100) Pause Full (Ergonomics) 915M->914M(1081M) 376.705ms
[6.137s][info][gc,cpu         ] GC(100) User=1.06s Sys=0.00s Real=0.38s
[6.158s][info][gc,start       ] GC(101) Pause Young (Allocation Failure)
[6.173s][info][gc,heap        ] GC(101) PSYoungGen: 18944K(83456K)->19008K(84992K) Eden: 18944K(18944K)->0K(20992K) From: 0K(64512K)->19008K(64000K)
[6.173s][info][gc,heap        ] GC(101) ParOldGen: 936200K(1024000K)->936200K(1024000K)
[6.173s][info][gc,metaspace   ] GC(101) Metaspace: 6298K(6464K)->6298K(6464K) NonClass: 5765K(5824K)->5765K(5824K) Class: 533K(640K)->533K(640K)
[6.173s][info][gc             ] GC(101) Pause Young (Allocation Failure) 932M->932M(1083M) 15.682ms
[6.173s][info][gc,cpu         ] GC(101) User=0.00s Sys=0.00s Real=0.02s
[6.195s][info][gc,start       ] GC(102) Pause Young (Allocation Failure)
[6.221s][info][gc,heap        ] GC(102) PSYoungGen: 40000K(84992K)->40000K(85504K) Eden: 20992K(20992K)->0K(20992K) From: 19008K(64000K)->40000K(64512K)
[6.221s][info][gc,heap        ] GC(102) ParOldGen: 936200K(1024000K)->936200K(1024000K)
[6.222s][info][gc,metaspace   ] GC(102) Metaspace: 6298K(6464K)->6298K(6464K) NonClass: 5765K(5824K)->5765K(5824K) Class: 533K(640K)->533K(640K)
[6.222s][info][gc             ] GC(102) Pause Young (Allocation Failure) 953M->953M(1083M) 26.460ms
[6.222s][info][gc,cpu         ] GC(102) User=0.05s Sys=0.00s Real=0.03s
[6.243s][info][gc,start       ] GC(103) Pause Young (Allocation Failure)
[6.280s][info][gc,heap        ] GC(103) PSYoungGen: 60992K(85504K)->42048K(87040K) Eden: 20992K(20992K)->0K(23552K) From: 40000K(64512K)->42048K(63488K)
[6.280s][info][gc,heap        ] GC(103) ParOldGen: 936200K(1024000K)->955416K(1024000K)
[6.280s][info][gc,metaspace   ] GC(103) Metaspace: 6298K(6464K)->6298K(6464K) NonClass: 5765K(5824K)->5765K(5824K) Class: 533K(640K)->533K(640K)
[6.280s][info][gc             ] GC(103) Pause Young (Allocation Failure) 973M->974M(1085M) 37.244ms
[6.280s][info][gc,cpu         ] GC(103) User=0.05s Sys=0.05s Real=0.04s
[6.306s][info][gc,start       ] GC(104) Pause Young (Allocation Failure)
[6.346s][info][gc,heap        ] GC(104) PSYoungGen: 65600K(87040K)->44640K(87040K) Eden: 23552K(23552K)->0K(23552K) From: 42048K(63488K)->44640K(63488K)
[6.346s][info][gc,heap        ] GC(104) ParOldGen: 955416K(1024000K)->976712K(1024000K)
[6.346s][info][gc,metaspace   ] GC(104) Metaspace: 6298K(6464K)->6298K(6464K) NonClass: 5765K(5824K)->5765K(5824K) Class: 533K(640K)->533K(640K)
[6.346s][info][gc             ] GC(104) Pause Young (Allocation Failure) 997M->997M(1085M) 39.628ms
[6.346s][info][gc,cpu         ] GC(104) User=0.09s Sys=0.00s Real=0.04s
[6.371s][info][gc,start       ] GC(105) Pause Young (Allocation Failure)
[6.412s][info][gc,heap        ] GC(105) PSYoungGen: 68192K(87040K)->47168K(89600K) Eden: 23552K(23552K)->0K(25600K) From: 44640K(63488K)->47168K(64000K)
[6.412s][info][gc,heap        ] GC(105) ParOldGen: 976712K(1024000K)->998008K(1024000K)
[6.412s][info][gc,metaspace   ] GC(105) Metaspace: 6298K(6464K)->6298K(6464K) NonClass: 5765K(5824K)->5765K(5824K) Class: 533K(640K)->533K(640K)
[6.412s][info][gc             ] GC(105) Pause Young (Allocation Failure) 1020M->1020M(1087M) 40.914ms
[6.412s][info][gc,cpu         ] GC(105) User=0.09s Sys=0.00s Real=0.04s
[6.412s][info][gc,start       ] GC(106) Pause Full (Ergonomics)
[6.412s][info][gc,phases,start] GC(106) Marking Phase
[6.702s][info][gc,phases      ] GC(106) Marking Phase 290.108ms
[6.702s][info][gc,phases,start] GC(106) Summary Phase
[6.702s][info][gc,phases      ] GC(106) Summary Phase 0.032ms
[6.702s][info][gc,phases,start] GC(106) Adjust Roots
[6.702s][info][gc,phases      ] GC(106) Adjust Roots 0.197ms
[6.702s][info][gc,phases,start] GC(106) Compaction Phase
[6.820s][info][gc,phases      ] GC(106) Compaction Phase 117.237ms
[6.820s][info][gc,phases,start] GC(106) Post Compact
[6.821s][info][gc,phases      ] GC(106) Post Compact 1.831ms
[6.822s][info][gc,heap        ] GC(106) PSYoungGen: 47168K(89600K)->20470K(89600K) Eden: 0K(25600K)->0K(25600K) From: 47168K(64000K)->20470K(64000K)
[6.822s][info][gc,heap        ] GC(106) ParOldGen: 998008K(1024000K)->1023610K(1024000K)
[6.822s][info][gc,metaspace   ] GC(106) Metaspace: 6298K(6464K)->6298K(6464K) NonClass: 5765K(5824K)->5765K(5824K) Class: 533K(640K)->533K(640K)
[6.822s][info][gc             ] GC(106) Pause Full (Ergonomics) 1020M->1019M(1087M) 409.765ms
[6.822s][info][gc,cpu         ] GC(106) User=1.20s Sys=0.00s Real=0.41s
[6.849s][info][gc,start       ] GC(107) Pause Full (Ergonomics)
[6.849s][info][gc,phases,start] GC(107) Marking Phase
[7.153s][info][gc,phases      ] GC(107) Marking Phase 303.648ms
[7.153s][info][gc,phases,start] GC(107) Summary Phase
[7.153s][info][gc,phases      ] GC(107) Summary Phase 0.024ms
[7.153s][info][gc,phases,start] GC(107) Adjust Roots
[7.153s][info][gc,phases      ] GC(107) Adjust Roots 0.187ms
[7.153s][info][gc,phases,start] GC(107) Compaction Phase
[7.256s][info][gc,phases      ] GC(107) Compaction Phase 103.424ms
[7.256s][info][gc,phases,start] GC(107) Post Compact
[7.258s][info][gc,phases      ] GC(107) Post Compact 1.678ms
[7.258s][info][gc,heap        ] GC(107) PSYoungGen: 46070K(89600K)->46037K(89600K) Eden: 25600K(25600K)->25567K(25600K) From: 20470K(64000K)->20470K(64000K)
[7.258s][info][gc,heap        ] GC(107) ParOldGen: 1023610K(1024000K)->1023610K(1024000K)
[7.258s][info][gc,metaspace   ] GC(107) Metaspace: 6298K(6464K)->6298K(6464K) NonClass: 5765K(5824K)->5765K(5824K) Class: 533K(640K)->533K(640K)
[7.258s][info][gc             ] GC(107) Pause Full (Ergonomics) 1044M->1044M(1087M) 409.332ms
[7.258s][info][gc,cpu         ] GC(107) User=1.12s Sys=0.00s Real=0.41s
[7.258s][info][gc,start       ] GC(108) Pause Full (Ergonomics)
[7.258s][info][gc,phases,start] GC(108) Marking Phase
[7.553s][info][gc,phases      ] GC(108) Marking Phase 294.242ms
[7.553s][info][gc,phases,start] GC(108) Summary Phase
[7.553s][info][gc,phases      ] GC(108) Summary Phase 0.030ms
[7.553s][info][gc,phases,start] GC(108) Adjust Roots
[7.553s][info][gc,phases      ] GC(108) Adjust Roots 0.190ms
[7.553s][info][gc,phases,start] GC(108) Compaction Phase
[7.650s][info][gc,phases      ] GC(108) Compaction Phase 97.392ms
[7.651s][info][gc,phases,start] GC(108) Post Compact
[7.652s][info][gc,phases      ] GC(108) Post Compact 1.683ms
[7.652s][info][gc,heap        ] GC(108) PSYoungGen: 46070K(89600K)->46069K(89600K) Eden: 25600K(25600K)->25599K(25600K) From: 20470K(64000K)->20470K(64000K)
[7.652s][info][gc,heap        ] GC(108) ParOldGen: 1023610K(1024000K)->1023610K(1024000K)
[7.652s][info][gc,metaspace   ] GC(108) Metaspace: 6298K(6464K)->6298K(6464K) NonClass: 5765K(5824K)->5765K(5824K) Class: 533K(640K)->533K(640K)
[7.652s][info][gc             ] GC(108) Pause Full (Ergonomics) 1044M->1044M(1087M) 393.881ms
[7.652s][info][gc,cpu         ] GC(108) User=1.09s Sys=0.00s Real=0.39s
[7.653s][info][gc,start       ] GC(109) Pause Full (Ergonomics)
[7.653s][info][gc,phases,start] GC(109) Marking Phase
[7.951s][info][gc,phases      ] GC(109) Marking Phase 298.103ms
[7.951s][info][gc,phases,start] GC(109) Summary Phase
[7.951s][info][gc,phases      ] GC(109) Summary Phase 0.024ms
[7.951s][info][gc,phases,start] GC(109) Adjust Roots
[7.951s][info][gc,phases      ] GC(109) Adjust Roots 0.177ms
[7.951s][info][gc,phases,start] GC(109) Compaction Phase
[8.049s][info][gc,phases      ] GC(109) Compaction Phase 98.448ms
[8.050s][info][gc,phases,start] GC(109) Post Compact
[8.051s][info][gc,phases      ] GC(109) Post Compact 1.746ms
[8.051s][info][gc,heap        ] GC(109) PSYoungGen: 46070K(89600K)->46070K(89600K) Eden: 25599K(25600K)->25599K(25600K) From: 20470K(64000K)->20470K(64000K)
[8.051s][info][gc,heap        ] GC(109) ParOldGen: 1023610K(1024000K)->1023610K(1024000K)
[8.051s][info][gc,metaspace   ] GC(109) Metaspace: 6298K(6464K)->6298K(6464K) NonClass: 5765K(5824K)->5765K(5824K) Class: 533K(640K)->533K(640K)
[8.052s][info][gc             ] GC(109) Pause Full (Ergonomics) 1044M->1044M(1087M) 398.916ms
[8.052s][info][gc,cpu         ] GC(109) User=1.12s Sys=0.02s Real=0.40s
[8.052s][info][gc,start       ] GC(110) Pause Full (Ergonomics)
[8.052s][info][gc,phases,start] GC(110) Marking Phase
[8.346s][info][gc,phases      ] GC(110) Marking Phase 294.357ms
[8.346s][info][gc,phases,start] GC(110) Summary Phase
[8.346s][info][gc,phases      ] GC(110) Summary Phase 0.030ms
[8.346s][info][gc,phases,start] GC(110) Adjust Roots
[8.347s][info][gc,phases      ] GC(110) Adjust Roots 0.215ms
[8.347s][info][gc,phases,start] GC(110) Compaction Phase
[8.448s][info][gc,phases      ] GC(110) Compaction Phase 101.465ms
[8.448s][info][gc,phases,start] GC(110) Post Compact
[8.450s][info][gc,phases      ] GC(110) Post Compact 1.836ms
[8.450s][info][gc,heap        ] GC(110) PSYoungGen: 46070K(89600K)->46070K(89600K) Eden: 25599K(25600K)->25599K(25600K) From: 20470K(64000K)->20470K(64000K)
[8.450s][info][gc,heap        ] GC(110) ParOldGen: 1023614K(1024000K)->1023614K(1024000K)
[8.450s][info][gc,metaspace   ] GC(110) Metaspace: 6298K(6464K)->6298K(6464K) NonClass: 5765K(5824K)->5765K(5824K) Class: 533K(640K)->533K(640K)
[8.450s][info][gc             ] GC(110) Pause Full (Ergonomics) 1044M->1044M(1087M) 398.335ms
[8.450s][info][gc,cpu         ] GC(110) User=1.09s Sys=0.00s Real=0.40s
[8.450s][info][gc,start       ] GC(111) Pause Full (Ergonomics)
[8.451s][info][gc,phases,start] GC(111) Marking Phase
[8.744s][info][gc,phases      ] GC(111) Marking Phase 293.173ms
[8.744s][info][gc,phases,start] GC(111) Summary Phase
[8.744s][info][gc,phases      ] GC(111) Summary Phase 0.024ms
[8.744s][info][gc,phases,start] GC(111) Adjust Roots
[8.744s][info][gc,phases      ] GC(111) Adjust Roots 0.181ms
[8.744s][info][gc,phases,start] GC(111) Compaction Phase
[8.843s][info][gc,phases      ] GC(111) Compaction Phase 98.652ms
[8.843s][info][gc,phases,start] GC(111) Post Compact
[8.844s][info][gc,phases      ] GC(111) Post Compact 1.680ms
[8.844s][info][gc,heap        ] GC(111) PSYoungGen: 46070K(89600K)->46070K(89600K) Eden: 25599K(25600K)->25599K(25600K) From: 20470K(64000K)->20470K(64000K)
[8.844s][info][gc,heap        ] GC(111) ParOldGen: 1023619K(1024000K)->1023619K(1024000K)
[8.844s][info][gc,metaspace   ] GC(111) Metaspace: 6298K(6464K)->6298K(6464K) NonClass: 5765K(5824K)->5765K(5824K) Class: 533K(640K)->533K(640K)
[8.845s][info][gc             ] GC(111) Pause Full (Ergonomics) 1044M->1044M(1087M) 394.102ms
[8.845s][info][gc,cpu         ] GC(111) User=1.17s Sys=0.00s Real=0.39s
[8.845s][info][gc,start       ] GC(112) Pause Full (Ergonomics)
[8.845s][info][gc,phases,start] GC(112) Marking Phase
[9.136s][info][gc,phases      ] GC(112) Marking Phase 291.436ms
[9.136s][info][gc,phases,start] GC(112) Summary Phase
[9.136s][info][gc,phases      ] GC(112) Summary Phase 0.030ms
[9.136s][info][gc,phases,start] GC(112) Adjust Roots
[9.137s][info][gc,phases      ] GC(112) Adjust Roots 0.181ms
[9.137s][info][gc,phases,start] GC(112) Compaction Phase
[9.234s][info][gc,phases      ] GC(112) Compaction Phase 97.512ms
[9.234s][info][gc,phases,start] GC(112) Post Compact
[9.236s][info][gc,phases      ] GC(112) Post Compact 1.740ms
[9.236s][info][gc,heap        ] GC(112) PSYoungGen: 46070K(89600K)->46070K(89600K) Eden: 25599K(25600K)->25599K(25600K) From: 20470K(64000K)->20470K(64000K)
[9.236s][info][gc,heap        ] GC(112) ParOldGen: 1023624K(1024000K)->1023624K(1024000K)
[9.236s][info][gc,metaspace   ] GC(112) Metaspace: 6298K(6464K)->6298K(6464K) NonClass: 5765K(5824K)->5765K(5824K) Class: 533K(640K)->533K(640K)
[9.236s][info][gc             ] GC(112) Pause Full (Ergonomics) 1044M->1044M(1087M) 391.318ms
[9.236s][info][gc,cpu         ] GC(112) User=1.09s Sys=0.02s Real=0.39s
[9.236s][info][gc,start       ] GC(113) Pause Full (Ergonomics)
[9.237s][info][gc,phases,start] GC(113) Marking Phase
[9.529s][info][gc,phases      ] GC(113) Marking Phase 292.934ms
[9.530s][info][gc,phases,start] GC(113) Summary Phase
[9.530s][info][gc,phases      ] GC(113) Summary Phase 0.029ms
[9.530s][info][gc,phases,start] GC(113) Adjust Roots
[9.530s][info][gc,phases      ] GC(113) Adjust Roots 0.222ms
[9.530s][info][gc,phases,start] GC(113) Compaction Phase
[9.627s][info][gc,phases      ] GC(113) Compaction Phase 97.241ms
[9.627s][info][gc,phases,start] GC(113) Post Compact
[9.629s][info][gc,phases      ] GC(113) Post Compact 1.811ms
[9.629s][info][gc,heap        ] GC(113) PSYoungGen: 46070K(89600K)->46070K(89600K) Eden: 25599K(25600K)->25599K(25600K) From: 20470K(64000K)->20470K(64000K)
[9.629s][info][gc,heap        ] GC(113) ParOldGen: 1023628K(1024000K)->1023628K(1024000K)
[9.629s][info][gc,metaspace   ] GC(113) Metaspace: 6298K(6464K)->6298K(6464K) NonClass: 5765K(5824K)->5765K(5824K) Class: 533K(640K)->533K(640K)
[9.629s][info][gc             ] GC(113) Pause Full (Ergonomics) 1044M->1044M(1087M) 392.574ms
[9.629s][info][gc,cpu         ] GC(113) User=1.14s Sys=0.00s Real=0.39s
[9.629s][info][gc,start       ] GC(114) Pause Full (Ergonomics)
[9.629s][info][gc,phases,start] GC(114) Marking Phase
[9.924s][info][gc,phases      ] GC(114) Marking Phase 294.900ms
[9.924s][info][gc,phases,start] GC(114) Summary Phase
[9.924s][info][gc,phases      ] GC(114) Summary Phase 0.025ms
[9.924s][info][gc,phases,start] GC(114) Adjust Roots
[9.925s][info][gc,phases      ] GC(114) Adjust Roots 0.185ms
[9.925s][info][gc,phases,start] GC(114) Compaction Phase
[10.022s][info][gc,phases      ] GC(114) Compaction Phase 97.835ms
[10.022s][info][gc,phases,start] GC(114) Post Compact
[10.024s][info][gc,phases      ] GC(114) Post Compact 1.683ms
[10.024s][info][gc,heap        ] GC(114) PSYoungGen: 46070K(89600K)->46070K(89600K) Eden: 25599K(25600K)->25599K(25600K) From: 20470K(64000K)->20470K(64000K)
[10.024s][info][gc,heap        ] GC(114) ParOldGen: 1023633K(1024000K)->1023633K(1024000K)
[10.024s][info][gc,metaspace   ] GC(114) Metaspace: 6298K(6464K)->6298K(6464K) NonClass: 5765K(5824K)->5765K(5824K) Class: 533K(640K)->533K(640K)
[10.024s][info][gc             ] GC(114) Pause Full (Ergonomics) 1044M->1044M(1087M) 394.969ms
[10.024s][info][gc,cpu         ] GC(114) User=1.09s Sys=0.00s Real=0.39s
[10.025s][info][gc,start       ] GC(115) Pause Full (Ergonomics)
[10.025s][info][gc,phases,start] GC(115) Marking Phase
[10.326s][info][gc,phases      ] GC(115) Marking Phase 301.170ms
[10.326s][info][gc,phases,start] GC(115) Summary Phase
[10.326s][info][gc,phases      ] GC(115) Summary Phase 0.024ms
[10.326s][info][gc,phases,start] GC(115) Adjust Roots
[10.326s][info][gc,phases      ] GC(115) Adjust Roots 0.177ms
[10.326s][info][gc,phases,start] GC(115) Compaction Phase
[10.427s][info][gc,phases      ] GC(115) Compaction Phase 100.440ms
[10.427s][info][gc,phases,start] GC(115) Post Compact
[10.429s][info][gc,phases      ] GC(115) Post Compact 1.961ms
[10.429s][info][gc,heap        ] GC(115) PSYoungGen: 46070K(89600K)->46070K(89600K) Eden: 25599K(25600K)->25599K(25600K) From: 20470K(64000K)->20470K(64000K)
[10.429s][info][gc,heap        ] GC(115) ParOldGen: 1023638K(1024000K)->1023638K(1024000K)
[10.429s][info][gc,metaspace   ] GC(115) Metaspace: 6298K(6464K)->6298K(6464K) NonClass: 5765K(5824K)->5765K(5824K) Class: 533K(640K)->533K(640K)
[10.429s][info][gc             ] GC(115) Pause Full (Ergonomics) 1044M->1044M(1087M) 404.106ms
[10.429s][info][gc,cpu         ] GC(115) User=1.11s Sys=0.02s Real=0.40s
[10.429s][info][gc,start       ] GC(116) Pause Full (Ergonomics)
[10.429s][info][gc,phases,start] GC(116) Marking Phase
[10.724s][info][gc,phases      ] GC(116) Marking Phase 294.580ms
[10.724s][info][gc,phases,start] GC(116) Summary Phase
[10.724s][info][gc,phases      ] GC(116) Summary Phase 0.023ms
[10.724s][info][gc,phases,start] GC(116) Adjust Roots
[10.724s][info][gc,phases      ] GC(116) Adjust Roots 0.192ms
[10.724s][info][gc,phases,start] GC(116) Compaction Phase
[10.825s][info][gc,phases      ] GC(116) Compaction Phase 101.250ms
[10.825s][info][gc,phases,start] GC(116) Post Compact
[10.827s][info][gc,phases      ] GC(116) Post Compact 1.677ms
[10.827s][info][gc,heap        ] GC(116) PSYoungGen: 46070K(89600K)->46070K(89600K) Eden: 25599K(25600K)->25599K(25600K) From: 20470K(64000K)->20470K(64000K)
[10.827s][info][gc,heap        ] GC(116) ParOldGen: 1023642K(1024000K)->1023642K(1024000K)
[10.827s][info][gc,metaspace   ] GC(116) Metaspace: 6298K(6464K)->6298K(6464K) NonClass: 5765K(5824K)->5765K(5824K) Class: 533K(640K)->533K(640K)
[10.827s][info][gc             ] GC(116) Pause Full (Ergonomics) 1044M->1044M(1087M) 398.040ms
[10.827s][info][gc,cpu         ] GC(116) User=1.09s Sys=0.00s Real=0.40s
[10.827s][info][gc,start       ] GC(117) Pause Full (Ergonomics)
[10.827s][info][gc,phases,start] GC(117) Marking Phase
[11.124s][info][gc,phases      ] GC(117) Marking Phase 297.090ms
[11.125s][info][gc,phases,start] GC(117) Summary Phase
[11.125s][info][gc,phases      ] GC(117) Summary Phase 0.024ms
[11.125s][info][gc,phases,start] GC(117) Adjust Roots
[11.125s][info][gc,phases      ] GC(117) Adjust Roots 0.180ms
[11.125s][info][gc,phases,start] GC(117) Compaction Phase
[11.224s][info][gc,phases      ] GC(117) Compaction Phase 99.220ms
[11.224s][info][gc,phases,start] GC(117) Post Compact
[11.226s][info][gc,phases      ] GC(117) Post Compact 1.688ms
[11.226s][info][gc,heap        ] GC(117) PSYoungGen: 46070K(89600K)->46070K(89600K) Eden: 25599K(25600K)->25599K(25600K) From: 20470K(64000K)->20470K(64000K)
[11.226s][info][gc,heap        ] GC(117) ParOldGen: 1023647K(1024000K)->1023647K(1024000K)
[11.226s][info][gc,metaspace   ] GC(117) Metaspace: 6298K(6464K)->6298K(6464K) NonClass: 5765K(5824K)->5765K(5824K) Class: 533K(640K)->533K(640K)
[11.226s][info][gc             ] GC(117) Pause Full (Ergonomics) 1044M->1044M(1087M) 398.532ms
[11.226s][info][gc,cpu         ] GC(117) User=1.16s Sys=0.00s Real=0.40s
[11.226s][info][gc,start       ] GC(118) Pause Full (Ergonomics)
[11.226s][info][gc,phases,start] GC(118) Marking Phase
[11.522s][info][gc,phases      ] GC(118) Marking Phase 295.898ms
[11.522s][info][gc,phases,start] GC(118) Summary Phase
[11.522s][info][gc,phases      ] GC(118) Summary Phase 0.029ms
[11.522s][info][gc,phases,start] GC(118) Adjust Roots
[11.522s][info][gc,phases      ] GC(118) Adjust Roots 0.190ms
[11.522s][info][gc,phases,start] GC(118) Compaction Phase
[11.624s][info][gc,phases      ] GC(118) Compaction Phase 101.745ms
[11.624s][info][gc,phases,start] GC(118) Post Compact
[11.626s][info][gc,phases      ] GC(118) Post Compact 1.707ms
[11.626s][info][gc,heap        ] GC(118) PSYoungGen: 46070K(89600K)->46070K(89600K) Eden: 25599K(25600K)->25599K(25600K) From: 20470K(64000K)->20470K(64000K)
[11.626s][info][gc,heap        ] GC(118) ParOldGen: 1023652K(1024000K)->1023652K(1024000K)
[11.626s][info][gc,metaspace   ] GC(118) Metaspace: 6298K(6464K)->6298K(6464K) NonClass: 5765K(5824K)->5765K(5824K) Class: 533K(640K)->533K(640K)
[11.626s][info][gc             ] GC(118) Pause Full (Ergonomics) 1044M->1044M(1087M) 399.914ms
[11.626s][info][gc,cpu         ] GC(118) User=1.09s Sys=0.00s Real=0.40s
[11.626s][info][gc,start       ] GC(119) Pause Full (Ergonomics)
[11.626s][info][gc,phases,start] GC(119) Marking Phase
[11.929s][info][gc,phases      ] GC(119) Marking Phase 302.303ms
[11.929s][info][gc,phases,start] GC(119) Summary Phase
[11.929s][info][gc,phases      ] GC(119) Summary Phase 0.022ms
[11.929s][info][gc,phases,start] GC(119) Adjust Roots
[11.929s][info][gc,phases      ] GC(119) Adjust Roots 0.185ms
[11.929s][info][gc,phases,start] GC(119) Compaction Phase
[12.028s][info][gc,phases      ] GC(119) Compaction Phase 98.749ms
[12.028s][info][gc,phases,start] GC(119) Post Compact
[12.029s][info][gc,phases      ] GC(119) Post Compact 1.694ms
[12.030s][info][gc,heap        ] GC(119) PSYoungGen: 46070K(89600K)->46070K(89600K) Eden: 25599K(25600K)->25599K(25600K) From: 20470K(64000K)->20470K(64000K)
[12.030s][info][gc,heap        ] GC(119) ParOldGen: 1023656K(1024000K)->1023656K(1024000K)
[12.030s][info][gc,metaspace   ] GC(119) Metaspace: 6298K(6464K)->6298K(6464K) NonClass: 5765K(5824K)->5765K(5824K) Class: 533K(640K)->533K(640K)
[12.030s][info][gc             ] GC(119) Pause Full (Ergonomics) 1044M->1044M(1087M) 403.290ms
[12.030s][info][gc,cpu         ] GC(119) User=1.09s Sys=0.00s Real=0.40s
[12.030s][info][gc,start       ] GC(120) Pause Full (Ergonomics)
[12.030s][info][gc,phases,start] GC(120) Marking Phase
[12.324s][info][gc,phases      ] GC(120) Marking Phase 293.636ms
[12.324s][info][gc,phases,start] GC(120) Summary Phase
[12.324s][info][gc,phases      ] GC(120) Summary Phase 0.029ms
[12.324s][info][gc,phases,start] GC(120) Adjust Roots
[12.324s][info][gc,phases      ] GC(120) Adjust Roots 0.235ms
[12.324s][info][gc,phases,start] GC(120) Compaction Phase
[12.428s][info][gc,phases      ] GC(120) Compaction Phase 104.489ms
[12.428s][info][gc,phases,start] GC(120) Post Compact
[12.430s][info][gc,phases      ] GC(120) Post Compact 1.801ms
[12.430s][info][gc,heap        ] GC(120) PSYoungGen: 46070K(89600K)->46070K(89600K) Eden: 25599K(25600K)->25599K(25600K) From: 20470K(64000K)->20470K(64000K)
[12.430s][info][gc,heap        ] GC(120) ParOldGen: 1023661K(1024000K)->1023661K(1024000K)
[12.430s][info][gc,metaspace   ] GC(120) Metaspace: 6298K(6464K)->6298K(6464K) NonClass: 5765K(5824K)->5765K(5824K) Class: 533K(640K)->533K(640K)
[12.430s][info][gc             ] GC(120) Pause Full (Ergonomics) 1044M->1044M(1087M) 400.541ms
[12.430s][info][gc,cpu         ] GC(120) User=1.14s Sys=0.02s Real=0.40s
[12.431s][info][gc,start       ] GC(121) Pause Full (Ergonomics)
[12.431s][info][gc,phases,start] GC(121) Marking Phase
[12.727s][info][gc,phases      ] GC(121) Marking Phase 296.462ms
[12.727s][info][gc,phases,start] GC(121) Summary Phase
[12.727s][info][gc,phases      ] GC(121) Summary Phase 0.029ms
[12.727s][info][gc,phases,start] GC(121) Adjust Roots
[12.727s][info][gc,phases      ] GC(121) Adjust Roots 0.182ms
[12.727s][info][gc,phases,start] GC(121) Compaction Phase
[12.825s][info][gc,phases      ] GC(121) Compaction Phase 97.257ms
[12.825s][info][gc,phases,start] GC(121) Post Compact
[12.827s][info][gc,phases      ] GC(121) Post Compact 1.924ms
[12.827s][info][gc,heap        ] GC(121) PSYoungGen: 46070K(89600K)->46070K(89600K) Eden: 25599K(25600K)->25599K(25600K) From: 20470K(64000K)->20470K(64000K)
[12.827s][info][gc,heap        ] GC(121) ParOldGen: 1023666K(1024000K)->1023666K(1024000K)
[12.827s][info][gc,metaspace   ] GC(121) Metaspace: 6298K(6464K)->6298K(6464K) NonClass: 5765K(5824K)->5765K(5824K) Class: 533K(640K)->533K(640K)
[12.827s][info][gc             ] GC(121) Pause Full (Ergonomics) 1044M->1044M(1087M) 396.222ms
[12.827s][info][gc,cpu         ] GC(121) User=1.12s Sys=0.00s Real=0.40s
[12.827s][info][gc,start       ] GC(122) Pause Full (Ergonomics)
[12.827s][info][gc,phases,start] GC(122) Marking Phase
[13.139s][info][gc,phases      ] GC(122) Marking Phase 311.979ms
[13.139s][info][gc,phases,start] GC(122) Summary Phase
[13.139s][info][gc,phases      ] GC(122) Summary Phase 0.024ms
[13.139s][info][gc,phases,start] GC(122) Adjust Roots
[13.139s][info][gc,phases      ] GC(122) Adjust Roots 0.193ms
[13.139s][info][gc,phases,start] GC(122) Compaction Phase
[13.243s][info][gc,phases      ] GC(122) Compaction Phase 103.750ms
[13.243s][info][gc,phases,start] GC(122) Post Compact
[13.245s][info][gc,phases      ] GC(122) Post Compact 1.756ms
[13.245s][info][gc,heap        ] GC(122) PSYoungGen: 46070K(89600K)->46070K(89600K) Eden: 25599K(25600K)->25599K(25600K) From: 20470K(64000K)->20470K(64000K)
[13.245s][info][gc,heap        ] GC(122) ParOldGen: 1023670K(1024000K)->1023670K(1024000K)
[13.245s][info][gc,metaspace   ] GC(122) Metaspace: 6298K(6464K)->6298K(6464K) NonClass: 5765K(5824K)->5765K(5824K) Class: 533K(640K)->533K(640K)
[13.245s][info][gc             ] GC(122) Pause Full (Ergonomics) 1044M->1044M(1087M) 418.008ms
[13.245s][info][gc,cpu         ] GC(122) User=1.09s Sys=0.00s Real=0.42s
[13.245s][info][gc,start       ] GC(123) Pause Full (Ergonomics)
[13.245s][info][gc,phases,start] GC(123) Marking Phase
[13.560s][info][gc,phases      ] GC(123) Marking Phase 314.059ms
[13.560s][info][gc,phases,start] GC(123) Summary Phase
[13.560s][info][gc,phases      ] GC(123) Summary Phase 0.024ms
[13.560s][info][gc,phases,start] GC(123) Adjust Roots
[13.560s][info][gc,phases      ] GC(123) Adjust Roots 0.227ms
[13.560s][info][gc,phases,start] GC(123) Compaction Phase
[13.661s][info][gc,phases      ] GC(123) Compaction Phase 100.915ms
[13.661s][info][gc,phases,start] GC(123) Post Compact
[13.663s][info][gc,phases      ] GC(123) Post Compact 1.928ms
[13.663s][info][gc,heap        ] GC(123) PSYoungGen: 46070K(89600K)->46070K(89600K) Eden: 25599K(25600K)->25599K(25600K) From: 20470K(64000K)->20470K(64000K)
[13.663s][info][gc,heap        ] GC(123) ParOldGen: 1023675K(1024000K)->1023675K(1024000K)
[13.663s][info][gc,metaspace   ] GC(123) Metaspace: 6298K(6464K)->6298K(6464K) NonClass: 5765K(5824K)->5765K(5824K) Class: 533K(640K)->533K(640K)
[13.663s][info][gc             ] GC(123) Pause Full (Ergonomics) 1044M->1044M(1087M) 417.525ms
[13.663s][info][gc,cpu         ] GC(123) User=1.12s Sys=0.00s Real=0.42s
[13.663s][info][gc,start       ] GC(124) Pause Full (Ergonomics)
[13.663s][info][gc,phases,start] GC(124) Marking Phase
[14.036s][info][gc,phases      ] GC(124) Marking Phase 372.707ms
[14.036s][info][gc,phases,start] GC(124) Summary Phase
[14.036s][info][gc,phases      ] GC(124) Summary Phase 0.024ms
[14.036s][info][gc,phases,start] GC(124) Adjust Roots
[14.036s][info][gc,phases      ] GC(124) Adjust Roots 0.179ms
[14.036s][info][gc,phases,start] GC(124) Compaction Phase
[14.160s][info][gc,phases      ] GC(124) Compaction Phase 124.105ms
[14.160s][info][gc,phases,start] GC(124) Post Compact
[14.162s][info][gc,phases      ] GC(124) Post Compact 1.907ms
[14.162s][info][gc,heap        ] GC(124) PSYoungGen: 46070K(89600K)->46070K(89600K) Eden: 25599K(25600K)->25599K(25600K) From: 20470K(64000K)->20470K(64000K)
[14.162s][info][gc,heap        ] GC(124) ParOldGen: 1023680K(1024000K)->1023680K(1024000K)
[14.163s][info][gc,metaspace   ] GC(124) Metaspace: 6298K(6464K)->6298K(6464K) NonClass: 5765K(5824K)->5765K(5824K) Class: 533K(640K)->533K(640K)
[14.163s][info][gc             ] GC(124) Pause Full (Ergonomics) 1044M->1044M(1087M) 499.255ms
[14.163s][info][gc,cpu         ] GC(124) User=1.09s Sys=0.00s Real=0.50s
[14.163s][info][gc,start       ] GC(125) Pause Full (Ergonomics)
[14.163s][info][gc,phases,start] GC(125) Marking Phase
[14.496s][info][gc,phases      ] GC(125) Marking Phase 332.705ms
[14.496s][info][gc,phases,start] GC(125) Summary Phase
[14.496s][info][gc,phases      ] GC(125) Summary Phase 0.025ms
[14.496s][info][gc,phases,start] GC(125) Adjust Roots
[14.496s][info][gc,phases      ] GC(125) Adjust Roots 0.186ms
[14.496s][info][gc,phases,start] GC(125) Compaction Phase
[14.600s][info][gc,phases      ] GC(125) Compaction Phase 103.768ms
[14.600s][info][gc,phases,start] GC(125) Post Compact
[14.601s][info][gc,phases      ] GC(125) Post Compact 1.753ms
[14.602s][info][gc,heap        ] GC(125) PSYoungGen: 46070K(89600K)->46070K(89600K) Eden: 25599K(25600K)->25599K(25600K) From: 20470K(64000K)->20470K(64000K)
[14.602s][info][gc,heap        ] GC(125) ParOldGen: 1023684K(1024000K)->1023684K(1024000K)
[14.602s][info][gc,metaspace   ] GC(125) Metaspace: 6298K(6464K)->6298K(6464K) NonClass: 5765K(5824K)->5765K(5824K) Class: 533K(640K)->533K(640K)
[14.602s][info][gc             ] GC(125) Pause Full (Ergonomics) 1044M->1044M(1087M) 438.752ms
[14.602s][info][gc,cpu         ] GC(125) User=1.22s Sys=0.00s Real=0.44s
[14.602s][info][gc,start       ] GC(126) Pause Full (Ergonomics)
[14.602s][info][gc,phases,start] GC(126) Marking Phase
[14.915s][info][gc,phases      ] GC(126) Marking Phase 313.409ms
[14.915s][info][gc,phases,start] GC(126) Summary Phase
[14.915s][info][gc,phases      ] GC(126) Summary Phase 0.022ms
[14.915s][info][gc,phases,start] GC(126) Adjust Roots
[14.916s][info][gc,phases      ] GC(126) Adjust Roots 0.190ms
[14.916s][info][gc,phases,start] GC(126) Compaction Phase
[15.020s][info][gc,phases      ] GC(126) Compaction Phase 104.808ms
[15.020s][info][gc,phases,start] GC(126) Post Compact
[15.022s][info][gc,phases      ] GC(126) Post Compact 1.820ms
[15.022s][info][gc,heap        ] GC(126) PSYoungGen: 46070K(89600K)->46070K(89600K) Eden: 25599K(25600K)->25599K(25600K) From: 20470K(64000K)->20470K(64000K)
[15.022s][info][gc,heap        ] GC(126) ParOldGen: 1023689K(1024000K)->1023689K(1024000K)
[15.022s][info][gc,metaspace   ] GC(126) Metaspace: 6298K(6464K)->6298K(6464K) NonClass: 5765K(5824K)->5765K(5824K) Class: 533K(640K)->533K(640K)
[15.022s][info][gc             ] GC(126) Pause Full (Ergonomics) 1044M->1044M(1087M) 420.547ms
[15.022s][info][gc,cpu         ] GC(126) User=1.16s Sys=0.00s Real=0.42s
[15.023s][info][gc,start       ] GC(127) Pause Full (Ergonomics)
[15.023s][info][gc,phases,start] GC(127) Marking Phase
[15.324s][info][gc,phases      ] GC(127) Marking Phase 301.652ms
[15.324s][info][gc,phases,start] GC(127) Summary Phase
[15.324s][info][gc,phases      ] GC(127) Summary Phase 0.025ms
[15.324s][info][gc,phases,start] GC(127) Adjust Roots
[15.325s][info][gc,phases      ] GC(127) Adjust Roots 0.191ms
[15.325s][info][gc,phases,start] GC(127) Compaction Phase
[15.423s][info][gc,phases      ] GC(127) Compaction Phase 98.826ms
[15.424s][info][gc,phases,start] GC(127) Post Compact
[15.425s][info][gc,phases      ] GC(127) Post Compact 1.784ms
[15.425s][info][gc,heap        ] GC(127) PSYoungGen: 46070K(89600K)->46070K(89600K) Eden: 25599K(25600K)->25599K(25600K) From: 20470K(64000K)->20470K(64000K)
[15.425s][info][gc,heap        ] GC(127) ParOldGen: 1023694K(1024000K)->1023694K(1024000K)
[15.425s][info][gc,metaspace   ] GC(127) Metaspace: 6298K(6464K)->6298K(6464K) NonClass: 5765K(5824K)->5765K(5824K) Class: 533K(640K)->533K(640K)
[15.425s][info][gc             ] GC(127) Pause Full (Ergonomics) 1044M->1044M(1087M) 402.798ms
[15.425s][info][gc,cpu         ] GC(127) User=1.09s Sys=0.00s Real=0.40s
[15.426s][info][gc,start       ] GC(128) Pause Full (Ergonomics)
[15.426s][info][gc,phases,start] GC(128) Marking Phase
[15.740s][info][gc,phases      ] GC(128) Marking Phase 314.315ms
[15.740s][info][gc,phases,start] GC(128) Summary Phase
[15.740s][info][gc,phases      ] GC(128) Summary Phase 0.022ms
[15.740s][info][gc,phases,start] GC(128) Adjust Roots
[15.740s][info][gc,phases      ] GC(128) Adjust Roots 0.205ms
[15.740s][info][gc,phases,start] GC(128) Compaction Phase
[15.844s][info][gc,phases      ] GC(128) Compaction Phase 104.057ms
[15.844s][info][gc,phases,start] GC(128) Post Compact
[15.846s][info][gc,phases      ] GC(128) Post Compact 1.693ms
[15.846s][info][gc,heap        ] GC(128) PSYoungGen: 46070K(89600K)->46070K(89600K) Eden: 25599K(25600K)->25599K(25600K) From: 20470K(64000K)->20470K(64000K)
[15.846s][info][gc,heap        ] GC(128) ParOldGen: 1023698K(1024000K)->1023698K(1024000K)
[15.846s][info][gc,metaspace   ] GC(128) Metaspace: 6298K(6464K)->6298K(6464K) NonClass: 5765K(5824K)->5765K(5824K) Class: 533K(640K)->533K(640K)
[15.846s][info][gc             ] GC(128) Pause Full (Ergonomics) 1044M->1044M(1087M) 420.603ms
[15.846s][info][gc,cpu         ] GC(128) User=1.02s Sys=0.00s Real=0.42s
[15.847s][info][gc,start       ] GC(129) Pause Full (Ergonomics)
[15.847s][info][gc,phases,start] GC(129) Marking Phase
[16.166s][info][gc,phases      ] GC(129) Marking Phase 319.222ms
[16.166s][info][gc,phases,start] GC(129) Summary Phase
[16.166s][info][gc,phases      ] GC(129) Summary Phase 0.023ms
[16.166s][info][gc,phases,start] GC(129) Adjust Roots
[16.166s][info][gc,phases      ] GC(129) Adjust Roots 0.187ms
[16.166s][info][gc,phases,start] GC(129) Compaction Phase
[16.269s][info][gc,phases      ] GC(129) Compaction Phase 102.498ms
[16.269s][info][gc,phases,start] GC(129) Post Compact
[16.271s][info][gc,phases      ] GC(129) Post Compact 1.998ms
[16.271s][info][gc,heap        ] GC(129) PSYoungGen: 46070K(89600K)->46070K(89600K) Eden: 25599K(25600K)->25599K(25600K) From: 20470K(64000K)->20470K(64000K)
[16.271s][info][gc,heap        ] GC(129) ParOldGen: 1023703K(1024000K)->1023703K(1024000K)
[16.271s][info][gc,metaspace   ] GC(129) Metaspace: 6298K(6464K)->6298K(6464K) NonClass: 5765K(5824K)->5765K(5824K) Class: 533K(640K)->533K(640K)
[16.271s][info][gc             ] GC(129) Pause Full (Ergonomics) 1044M->1044M(1087M) 424.267ms
[16.271s][info][gc,cpu         ] GC(129) User=1.14s Sys=0.00s Real=0.42s
[16.271s][info][gc,start       ] GC(130) Pause Full (Ergonomics)
[16.271s][info][gc,phases,start] GC(130) Marking Phase
[16.570s][info][gc,phases      ] GC(130) Marking Phase 299.231ms
[16.571s][info][gc,phases,start] GC(130) Summary Phase
[16.571s][info][gc,phases      ] GC(130) Summary Phase 0.031ms
[16.571s][info][gc,phases,start] GC(130) Adjust Roots
[16.571s][info][gc,phases      ] GC(130) Adjust Roots 0.189ms
[16.571s][info][gc,phases,start] GC(130) Compaction Phase
[16.669s][info][gc,phases      ] GC(130) Compaction Phase 98.013ms
[16.669s][info][gc,phases,start] GC(130) Post Compact
[16.671s][info][gc,phases      ] GC(130) Post Compact 1.706ms
[16.671s][info][gc,heap        ] GC(130) PSYoungGen: 46070K(89600K)->46070K(89600K) Eden: 25599K(25600K)->25599K(25600K) From: 20470K(64000K)->20470K(64000K)
[16.671s][info][gc,heap        ] GC(130) ParOldGen: 1023708K(1024000K)->1023708K(1024000K)
[16.671s][info][gc,metaspace   ] GC(130) Metaspace: 6298K(6464K)->6298K(6464K) NonClass: 5765K(5824K)->5765K(5824K) Class: 533K(640K)->533K(640K)
[16.671s][info][gc             ] GC(130) Pause Full (Ergonomics) 1044M->1044M(1087M) 399.600ms
[16.671s][info][gc,cpu         ] GC(130) User=1.09s Sys=0.00s Real=0.40s
[16.671s][info][gc,start       ] GC(131) Pause Full (Ergonomics)
[16.671s][info][gc,phases,start] GC(131) Marking Phase
[16.982s][info][gc,phases      ] GC(131) Marking Phase 310.522ms
[16.982s][info][gc,phases,start] GC(131) Summary Phase
[16.982s][info][gc,phases      ] GC(131) Summary Phase 0.025ms
[16.982s][info][gc,phases,start] GC(131) Adjust Roots
[16.982s][info][gc,phases      ] GC(131) Adjust Roots 0.181ms
[16.982s][info][gc,phases,start] GC(131) Compaction Phase
[17.085s][info][gc,phases      ] GC(131) Compaction Phase 103.310ms
[17.085s][info][gc,phases,start] GC(131) Post Compact
[17.087s][info][gc,phases      ] GC(131) Post Compact 2.077ms
[17.087s][info][gc,heap        ] GC(131) PSYoungGen: 46070K(89600K)->46070K(89600K) Eden: 25599K(25600K)->25599K(25600K) From: 20470K(64000K)->20470K(64000K)
[17.087s][info][gc,heap        ] GC(131) ParOldGen: 1023712K(1024000K)->1023712K(1024000K)
[17.087s][info][gc,metaspace   ] GC(131) Metaspace: 6298K(6464K)->6298K(6464K) NonClass: 5765K(5824K)->5765K(5824K) Class: 533K(640K)->533K(640K)
[17.087s][info][gc             ] GC(131) Pause Full (Ergonomics) 1044M->1044M(1087M) 416.467ms
[17.088s][info][gc,cpu         ] GC(131) User=1.12s Sys=0.00s Real=0.42s
[17.088s][info][gc,start       ] GC(132) Pause Full (Ergonomics)
[17.088s][info][gc,phases,start] GC(132) Marking Phase
[17.398s][info][gc,phases      ] GC(132) Marking Phase 310.054ms
[17.398s][info][gc,phases,start] GC(132) Summary Phase
[17.398s][info][gc,phases      ] GC(132) Summary Phase 0.023ms
[17.398s][info][gc,phases,start] GC(132) Adjust Roots
[17.398s][info][gc,phases      ] GC(132) Adjust Roots 0.192ms
[17.398s][info][gc,phases,start] GC(132) Compaction Phase
[17.496s][info][gc,phases      ] GC(132) Compaction Phase 97.971ms
[17.496s][info][gc,phases,start] GC(132) Post Compact
[17.498s][info][gc,phases      ] GC(132) Post Compact 1.908ms
[17.498s][info][gc,heap        ] GC(132) PSYoungGen: 46070K(89600K)->46070K(89600K) Eden: 25599K(25600K)->25599K(25600K) From: 20470K(64000K)->20470K(64000K)
[17.498s][info][gc,heap        ] GC(132) ParOldGen: 1023717K(1024000K)->1023717K(1024000K)
[17.498s][info][gc,metaspace   ] GC(132) Metaspace: 6298K(6464K)->6298K(6464K) NonClass: 5765K(5824K)->5765K(5824K) Class: 533K(640K)->533K(640K)
[17.498s][info][gc             ] GC(132) Pause Full (Ergonomics) 1044M->1044M(1087M) 410.484ms
[17.498s][info][gc,cpu         ] GC(132) User=1.11s Sys=0.02s Real=0.41s
[17.499s][info][gc,start       ] GC(133) Pause Full (Ergonomics)
[17.499s][info][gc,phases,start] GC(133) Marking Phase
[17.805s][info][gc,phases      ] GC(133) Marking Phase 306.526ms
[17.805s][info][gc,phases,start] GC(133) Summary Phase
[17.805s][info][gc,phases      ] GC(133) Summary Phase 0.022ms
[17.805s][info][gc,phases,start] GC(133) Adjust Roots
[17.805s][info][gc,phases      ] GC(133) Adjust Roots 0.173ms
[17.805s][info][gc,phases,start] GC(133) Compaction Phase
[17.909s][info][gc,phases      ] GC(133) Compaction Phase 104.137ms
[17.910s][info][gc,phases,start] GC(133) Post Compact
[17.911s][info][gc,phases      ] GC(133) Post Compact 1.589ms
[17.911s][info][gc,heap        ] GC(133) PSYoungGen: 46070K(89600K)->46070K(89600K) Eden: 25599K(25600K)->25599K(25600K) From: 20470K(64000K)->20470K(64000K)
[17.911s][info][gc,heap        ] GC(133) ParOldGen: 1023722K(1024000K)->1023722K(1024000K)
[17.911s][info][gc,metaspace   ] GC(133) Metaspace: 6298K(6464K)->6298K(6464K) NonClass: 5765K(5824K)->5765K(5824K) Class: 533K(640K)->533K(640K)
[17.911s][info][gc             ] GC(133) Pause Full (Ergonomics) 1044M->1044M(1087M) 412.759ms
[17.911s][info][gc,cpu         ] GC(133) User=1.23s Sys=0.00s Real=0.41s
[17.912s][info][gc,start       ] GC(134) Pause Full (Ergonomics)
[17.912s][info][gc,phases,start] GC(134) Marking Phase
[18.219s][info][gc,phases      ] GC(134) Marking Phase 307.144ms
[18.219s][info][gc,phases,start] GC(134) Summary Phase
[18.219s][info][gc,phases      ] GC(134) Summary Phase 0.025ms
[18.219s][info][gc,phases,start] GC(134) Adjust Roots
[18.219s][info][gc,phases      ] GC(134) Adjust Roots 0.261ms
[18.219s][info][gc,phases,start] GC(134) Compaction Phase
[18.354s][info][gc,phases      ] GC(134) Compaction Phase 134.465ms
[18.354s][info][gc,phases,start] GC(134) Post Compact
[18.357s][info][gc,phases      ] GC(134) Post Compact 3.058ms
[18.357s][info][gc,heap        ] GC(134) PSYoungGen: 46070K(89600K)->46070K(89600K) Eden: 25599K(25600K)->25599K(25600K) From: 20470K(64000K)->20470K(64000K)
[18.357s][info][gc,heap        ] GC(134) ParOldGen: 1023726K(1024000K)->1023726K(1024000K)
[18.357s][info][gc,metaspace   ] GC(134) Metaspace: 6298K(6464K)->6298K(6464K) NonClass: 5765K(5824K)->5765K(5824K) Class: 533K(640K)->533K(640K)
[18.357s][info][gc             ] GC(134) Pause Full (Ergonomics) 1044M->1044M(1087M) 445.461ms
[18.357s][info][gc,cpu         ] GC(134) User=0.98s Sys=0.00s Real=0.45s
[18.357s][info][gc,start       ] GC(135) Pause Full (Ergonomics)
[18.357s][info][gc,phases,start] GC(135) Marking Phase
[18.700s][info][gc,phases      ] GC(135) Marking Phase 342.900ms
[18.700s][info][gc,phases,start] GC(135) Summary Phase
[18.700s][info][gc,phases      ] GC(135) Summary Phase 0.029ms
[18.700s][info][gc,phases,start] GC(135) Adjust Roots
[18.701s][info][gc,phases      ] GC(135) Adjust Roots 0.219ms
[18.701s][info][gc,phases,start] GC(135) Compaction Phase
[18.805s][info][gc,phases      ] GC(135) Compaction Phase 104.751ms
[18.806s][info][gc,phases,start] GC(135) Post Compact
[18.807s][info][gc,phases      ] GC(135) Post Compact 1.656ms
[18.807s][info][gc,heap        ] GC(135) PSYoungGen: 46070K(89600K)->46070K(89600K) Eden: 25599K(25600K)->25599K(25600K) From: 20470K(64000K)->20470K(64000K)
[18.807s][info][gc,heap        ] GC(135) ParOldGen: 1023731K(1024000K)->1023731K(1024000K)
[18.807s][info][gc,metaspace   ] GC(135) Metaspace: 6298K(6464K)->6298K(6464K) NonClass: 5765K(5824K)->5765K(5824K) Class: 533K(640K)->533K(640K)
[18.807s][info][gc             ] GC(135) Pause Full (Ergonomics) 1044M->1044M(1087M) 449.903ms
[18.807s][info][gc,cpu         ] GC(135) User=1.20s Sys=0.03s Real=0.45s
[18.808s][info][gc,start       ] GC(136) Pause Full (Ergonomics)
[18.808s][info][gc,phases,start] GC(136) Marking Phase
[19.111s][info][gc,phases      ] GC(136) Marking Phase 303.272ms
[19.111s][info][gc,phases,start] GC(136) Summary Phase
[19.111s][info][gc,phases      ] GC(136) Summary Phase 0.024ms
[19.111s][info][gc,phases,start] GC(136) Adjust Roots
[19.111s][info][gc,phases      ] GC(136) Adjust Roots 0.181ms
[19.111s][info][gc,phases,start] GC(136) Compaction Phase
[19.211s][info][gc,phases      ] GC(136) Compaction Phase 99.412ms
[19.211s][info][gc,phases,start] GC(136) Post Compact
[19.212s][info][gc,phases      ] GC(136) Post Compact 1.572ms
[19.212s][info][gc,heap        ] GC(136) PSYoungGen: 46070K(89600K)->46070K(89600K) Eden: 25599K(25600K)->25599K(25600K) From: 20470K(64000K)->20470K(64000K)
[19.212s][info][gc,heap        ] GC(136) ParOldGen: 1023736K(1024000K)->1023736K(1024000K)
[19.212s][info][gc,metaspace   ] GC(136) Metaspace: 6298K(6464K)->6298K(6464K) NonClass: 5765K(5824K)->5765K(5824K) Class: 533K(640K)->533K(640K)
[19.212s][info][gc             ] GC(136) Pause Full (Ergonomics) 1044M->1044M(1087M) 404.752ms
[19.212s][info][gc,cpu         ] GC(136) User=1.12s Sys=0.00s Real=0.40s
[19.213s][info][gc,start       ] GC(137) Pause Full (Ergonomics)
[19.213s][info][gc,phases,start] GC(137) Marking Phase
[19.515s][info][gc,phases      ] GC(137) Marking Phase 302.470ms
[19.515s][info][gc,phases,start] GC(137) Summary Phase
[19.515s][info][gc,phases      ] GC(137) Summary Phase 0.024ms
[19.515s][info][gc,phases,start] GC(137) Adjust Roots
[19.515s][info][gc,phases      ] GC(137) Adjust Roots 0.202ms
[19.515s][info][gc,phases,start] GC(137) Compaction Phase
[19.628s][info][gc,phases      ] GC(137) Compaction Phase 112.808ms
[19.628s][info][gc,phases,start] GC(137) Post Compact
[19.630s][info][gc,phases      ] GC(137) Post Compact 1.807ms
[19.630s][info][gc,heap        ] GC(137) PSYoungGen: 46070K(89600K)->46070K(89600K) Eden: 25599K(25600K)->25599K(25600K) From: 20470K(64000K)->20470K(64000K)
[19.630s][info][gc,heap        ] GC(137) ParOldGen: 1023740K(1024000K)->1023740K(1024000K)
[19.630s][info][gc,metaspace   ] GC(137) Metaspace: 6298K(6464K)->6298K(6464K) NonClass: 5765K(5824K)->5765K(5824K) Class: 533K(640K)->533K(640K)
[19.630s][info][gc             ] GC(137) Pause Full (Ergonomics) 1044M->1044M(1087M) 417.686ms
[19.630s][info][gc,cpu         ] GC(137) User=1.14s Sys=0.00s Real=0.42s
[19.631s][info][gc,start       ] GC(138) Pause Full (Ergonomics)
[19.631s][info][gc,phases,start] GC(138) Marking Phase
[19.936s][info][gc,phases      ] GC(138) Marking Phase 305.563ms
[19.936s][info][gc,phases,start] GC(138) Summary Phase
[19.936s][info][gc,phases      ] GC(138) Summary Phase 0.022ms
[19.936s][info][gc,phases,start] GC(138) Adjust Roots
[19.936s][info][gc,phases      ] GC(138) Adjust Roots 0.177ms
[19.936s][info][gc,phases,start] GC(138) Compaction Phase
[20.040s][info][gc,phases      ] GC(138) Compaction Phase 103.623ms
[20.040s][info][gc,phases,start] GC(138) Post Compact
[20.042s][info][gc,phases      ] GC(138) Post Compact 1.742ms
[20.042s][info][gc,heap        ] GC(138) PSYoungGen: 46070K(89600K)->46070K(89600K) Eden: 25599K(25600K)->25599K(25600K) From: 20470K(64000K)->20470K(64000K)
[20.042s][info][gc,heap        ] GC(138) ParOldGen: 1023745K(1024000K)->1023745K(1024000K)
[20.042s][info][gc,metaspace   ] GC(138) Metaspace: 6298K(6464K)->6298K(6464K) NonClass: 5765K(5824K)->5765K(5824K) Class: 533K(640K)->533K(640K)
[20.042s][info][gc             ] GC(138) Pause Full (Ergonomics) 1044M->1044M(1087M) 411.452ms
[20.042s][info][gc,cpu         ] GC(138) User=1.14s Sys=0.02s Real=0.41s
[20.042s][info][gc,start       ] GC(139) Pause Full (Ergonomics)
[20.042s][info][gc,phases,start] GC(139) Marking Phase
[20.339s][info][gc,phases      ] GC(139) Marking Phase 296.440ms
[20.339s][info][gc,phases,start] GC(139) Summary Phase
[20.339s][info][gc,phases      ] GC(139) Summary Phase 0.022ms
[20.339s][info][gc,phases,start] GC(139) Adjust Roots
[20.339s][info][gc,phases      ] GC(139) Adjust Roots 0.178ms
[20.339s][info][gc,phases,start] GC(139) Compaction Phase
[20.440s][info][gc,phases      ] GC(139) Compaction Phase 101.425ms
[20.440s][info][gc,phases,start] GC(139) Post Compact
[20.442s][info][gc,phases      ] GC(139) Post Compact 1.717ms
[20.442s][info][gc,heap        ] GC(139) PSYoungGen: 46070K(89600K)->46070K(89600K) Eden: 25599K(25600K)->25599K(25600K) From: 20470K(64000K)->20470K(64000K)
[20.442s][info][gc,heap        ] GC(139) ParOldGen: 1023750K(1024000K)->1023750K(1024000K)
[20.442s][info][gc,metaspace   ] GC(139) Metaspace: 6298K(6464K)->6298K(6464K) NonClass: 5765K(5824K)->5765K(5824K) Class: 533K(640K)->533K(640K)
[20.442s][info][gc             ] GC(139) Pause Full (Ergonomics) 1044M->1044M(1087M) 400.072ms
[20.442s][info][gc,cpu         ] GC(139) User=1.12s Sys=0.00s Real=0.40s
[20.443s][info][gc,start       ] GC(140) Pause Full (Ergonomics)
[20.443s][info][gc,phases,start] GC(140) Marking Phase
[20.749s][info][gc,phases      ] GC(140) Marking Phase 306.464ms
[20.749s][info][gc,phases,start] GC(140) Summary Phase
[20.749s][info][gc,phases      ] GC(140) Summary Phase 0.024ms
[20.749s][info][gc,phases,start] GC(140) Adjust Roots
[20.749s][info][gc,phases      ] GC(140) Adjust Roots 0.238ms
[20.749s][info][gc,phases,start] GC(140) Compaction Phase
[20.851s][info][gc,phases      ] GC(140) Compaction Phase 101.248ms
[20.851s][info][gc,phases,start] GC(140) Post Compact
[20.852s][info][gc,phases      ] GC(140) Post Compact 1.651ms
[20.852s][info][gc,heap        ] GC(140) PSYoungGen: 46070K(89600K)->46070K(89600K) Eden: 25599K(25600K)->25599K(25600K) From: 20470K(64000K)->20470K(64000K)
[20.852s][info][gc,heap        ] GC(140) ParOldGen: 1023754K(1024000K)->1023754K(1024000K)
[20.852s][info][gc,metaspace   ] GC(140) Metaspace: 6298K(6464K)->6298K(6464K) NonClass: 5765K(5824K)->5765K(5824K) Class: 533K(640K)->533K(640K)
[20.853s][info][gc             ] GC(140) Pause Full (Ergonomics) 1044M->1044M(1087M) 409.936ms
[20.853s][info][gc,cpu         ] GC(140) User=1.20s Sys=0.00s Real=0.41s
[20.853s][info][gc,start       ] GC(141) Pause Full (Ergonomics)
[20.853s][info][gc,phases,start] GC(141) Marking Phase
[21.152s][info][gc,phases      ] GC(141) Marking Phase 299.377ms
[21.152s][info][gc,phases,start] GC(141) Summary Phase
[21.152s][info][gc,phases      ] GC(141) Summary Phase 0.029ms
[21.152s][info][gc,phases,start] GC(141) Adjust Roots
[21.153s][info][gc,phases      ] GC(141) Adjust Roots 0.219ms
[21.153s][info][gc,phases,start] GC(141) Compaction Phase
[21.258s][info][gc,phases      ] GC(141) Compaction Phase 105.757ms
[21.258s][info][gc,phases,start] GC(141) Post Compact
[21.260s][info][gc,phases      ] GC(141) Post Compact 1.620ms
[21.260s][info][gc,heap        ] GC(141) PSYoungGen: 46070K(89600K)->46070K(89600K) Eden: 25599K(25600K)->25599K(25600K) From: 20470K(64000K)->20470K(64000K)
[21.260s][info][gc,heap        ] GC(141) ParOldGen: 1023759K(1024000K)->1023759K(1024000K)
[21.260s][info][gc,metaspace   ] GC(141) Metaspace: 6298K(6464K)->6298K(6464K) NonClass: 5765K(5824K)->5765K(5824K) Class: 533K(640K)->533K(640K)
[21.260s][info][gc             ] GC(141) Pause Full (Ergonomics) 1044M->1044M(1087M) 407.327ms
[21.260s][info][gc,cpu         ] GC(141) User=1.16s Sys=0.00s Real=0.41s
[21.260s][info][gc,start       ] GC(142) Pause Full (Ergonomics)
[21.260s][info][gc,phases,start] GC(142) Marking Phase
[21.562s][info][gc,phases      ] GC(142) Marking Phase 301.371ms
[21.562s][info][gc,phases,start] GC(142) Summary Phase
[21.562s][info][gc,phases      ] GC(142) Summary Phase 0.024ms
[21.562s][info][gc,phases,start] GC(142) Adjust Roots
[21.562s][info][gc,phases      ] GC(142) Adjust Roots 0.186ms
[21.562s][info][gc,phases,start] GC(142) Compaction Phase
[21.671s][info][gc,phases      ] GC(142) Compaction Phase 109.197ms
[21.671s][info][gc,phases,start] GC(142) Post Compact
[21.673s][info][gc,phases      ] GC(142) Post Compact 1.679ms
[21.673s][info][gc,heap        ] GC(142) PSYoungGen: 46070K(89600K)->46070K(89600K) Eden: 25599K(25600K)->25599K(25600K) From: 20470K(64000K)->20470K(64000K)
[21.673s][info][gc,heap        ] GC(142) ParOldGen: 1023764K(1024000K)->1023764K(1024000K)
[21.673s][info][gc,metaspace   ] GC(142) Metaspace: 6298K(6464K)->6298K(6464K) NonClass: 5765K(5824K)->5765K(5824K) Class: 533K(640K)->533K(640K)
[21.673s][info][gc             ] GC(142) Pause Full (Ergonomics) 1044M->1044M(1087M) 412.760ms
[21.673s][info][gc,cpu         ] GC(142) User=1.17s Sys=0.00s Real=0.41s
[21.673s][info][gc,start       ] GC(143) Pause Full (Ergonomics)
[21.673s][info][gc,phases,start] GC(143) Marking Phase
[21.969s][info][gc,phases      ] GC(143) Marking Phase 295.283ms
[21.969s][info][gc,phases,start] GC(143) Summary Phase
[21.969s][info][gc,phases      ] GC(143) Summary Phase 0.024ms
[21.969s][info][gc,phases,start] GC(143) Adjust Roots
[21.969s][info][gc,phases      ] GC(143) Adjust Roots 0.182ms
[21.969s][info][gc,phases,start] GC(143) Compaction Phase
[22.067s][info][gc,phases      ] GC(143) Compaction Phase 97.752ms
[22.067s][info][gc,phases,start] GC(143) Post Compact
[22.069s][info][gc,phases      ] GC(143) Post Compact 1.652ms
[22.069s][info][gc,heap        ] GC(143) PSYoungGen: 46070K(89600K)->46070K(89600K) Eden: 25599K(25600K)->25599K(25600K) From: 20470K(64000K)->20470K(64000K)
[22.069s][info][gc,heap        ] GC(143) ParOldGen: 1023768K(1024000K)->1023768K(1024000K)
[22.069s][info][gc,metaspace   ] GC(143) Metaspace: 6298K(6464K)->6298K(6464K) NonClass: 5765K(5824K)->5765K(5824K) Class: 533K(640K)->533K(640K)
[22.069s][info][gc             ] GC(143) Pause Full (Ergonomics) 1044M->1044M(1087M) 395.236ms
[22.069s][info][gc,cpu         ] GC(143) User=1.06s Sys=0.00s Real=0.40s
[22.069s][info][gc,start       ] GC(144) Pause Full (Ergonomics)
[22.069s][info][gc,phases,start] GC(144) Marking Phase
[22.364s][info][gc,phases      ] GC(144) Marking Phase 294.951ms
[22.364s][info][gc,phases,start] GC(144) Summary Phase
[22.364s][info][gc,phases      ] GC(144) Summary Phase 0.023ms
[22.364s][info][gc,phases,start] GC(144) Adjust Roots
[22.364s][info][gc,phases      ] GC(144) Adjust Roots 0.241ms
[22.364s][info][gc,phases,start] GC(144) Compaction Phase
[22.463s][info][gc,phases      ] GC(144) Compaction Phase 98.922ms
[22.463s][info][gc,phases,start] GC(144) Post Compact
[22.465s][info][gc,phases      ] GC(144) Post Compact 1.717ms
[22.465s][info][gc,heap        ] GC(144) PSYoungGen: 46070K(89600K)->46070K(89600K) Eden: 25599K(25600K)->25599K(25600K) From: 20470K(64000K)->20470K(64000K)
[22.465s][info][gc,heap        ] GC(144) ParOldGen: 1023773K(1024000K)->1023773K(1024000K)
[22.465s][info][gc,metaspace   ] GC(144) Metaspace: 6298K(6464K)->6298K(6464K) NonClass: 5765K(5824K)->5765K(5824K) Class: 533K(640K)->533K(640K)
[22.465s][info][gc             ] GC(144) Pause Full (Ergonomics) 1044M->1044M(1087M) 396.164ms
[22.465s][info][gc,cpu         ] GC(144) User=1.11s Sys=0.00s Real=0.40s
[22.465s][info][gc,start       ] GC(145) Pause Full (Ergonomics)
[22.465s][info][gc,phases,start] GC(145) Marking Phase
[22.764s][info][gc,phases      ] GC(145) Marking Phase 298.555ms
[22.764s][info][gc,phases,start] GC(145) Summary Phase
[22.764s][info][gc,phases      ] GC(145) Summary Phase 0.024ms
[22.764s][info][gc,phases,start] GC(145) Adjust Roots
[22.764s][info][gc,phases      ] GC(145) Adjust Roots 0.200ms
[22.764s][info][gc,phases,start] GC(145) Compaction Phase
[22.863s][info][gc,phases      ] GC(145) Compaction Phase 98.756ms
[22.863s][info][gc,phases,start] GC(145) Post Compact
[22.865s][info][gc,phases      ] GC(145) Post Compact 1.679ms
[22.865s][info][gc,heap        ] GC(145) PSYoungGen: 46070K(89600K)->46070K(89600K) Eden: 25599K(25600K)->25599K(25600K) From: 20470K(64000K)->20470K(64000K)
[22.865s][info][gc,heap        ] GC(145) ParOldGen: 1023778K(1024000K)->1023778K(1024000K)
[22.865s][info][gc,metaspace   ] GC(145) Metaspace: 6298K(6464K)->6298K(6464K) NonClass: 5765K(5824K)->5765K(5824K) Class: 533K(640K)->533K(640K)
[22.865s][info][gc             ] GC(145) Pause Full (Ergonomics) 1044M->1044M(1087M) 399.592ms
[22.865s][info][gc,cpu         ] GC(145) User=1.17s Sys=0.00s Real=0.40s
[22.865s][info][gc,start       ] GC(146) Pause Full (Ergonomics)
[22.865s][info][gc,phases,start] GC(146) Marking Phase
[23.162s][info][gc,phases      ] GC(146) Marking Phase 296.504ms
[23.162s][info][gc,phases,start] GC(146) Summary Phase
[23.162s][info][gc,phases      ] GC(146) Summary Phase 0.023ms
[23.162s][info][gc,phases,start] GC(146) Adjust Roots
[23.162s][info][gc,phases      ] GC(146) Adjust Roots 0.195ms
[23.162s][info][gc,phases,start] GC(146) Compaction Phase
[23.262s][info][gc,phases      ] GC(146) Compaction Phase 100.340ms
[23.262s][info][gc,phases,start] GC(146) Post Compact
[23.264s][info][gc,phases      ] GC(146) Post Compact 1.688ms
[23.264s][info][gc,heap        ] GC(146) PSYoungGen: 46070K(89600K)->46070K(89600K) Eden: 25599K(25600K)->25599K(25600K) From: 20470K(64000K)->20470K(64000K)
[23.264s][info][gc,heap        ] GC(146) ParOldGen: 1023782K(1024000K)->1023782K(1024000K)
[23.264s][info][gc,metaspace   ] GC(146) Metaspace: 6298K(6464K)->6298K(6464K) NonClass: 5765K(5824K)->5765K(5824K) Class: 533K(640K)->533K(640K)
[23.264s][info][gc             ] GC(146) Pause Full (Ergonomics) 1044M->1044M(1087M) 399.070ms
[23.264s][info][gc,cpu         ] GC(146) User=1.09s Sys=0.00s Real=0.40s
[23.265s][info][gc,start       ] GC(147) Pause Full (Ergonomics)
[23.265s][info][gc,phases,start] GC(147) Marking Phase
[23.556s][info][gc,phases      ] GC(147) Marking Phase 291.622ms
[23.556s][info][gc,phases,start] GC(147) Summary Phase
[23.556s][info][gc,phases      ] GC(147) Summary Phase 0.036ms
[23.556s][info][gc,phases,start] GC(147) Adjust Roots
[23.557s][info][gc,phases      ] GC(147) Adjust Roots 0.192ms
[23.557s][info][gc,phases,start] GC(147) Compaction Phase
[23.658s][info][gc,phases      ] GC(147) Compaction Phase 101.851ms
[23.659s][info][gc,phases,start] GC(147) Post Compact
[23.660s][info][gc,phases      ] GC(147) Post Compact 1.662ms
[23.660s][info][gc,heap        ] GC(147) PSYoungGen: 46070K(89600K)->46070K(89600K) Eden: 25599K(25600K)->25599K(25600K) From: 20470K(64000K)->20470K(64000K)
[23.660s][info][gc,heap        ] GC(147) ParOldGen: 1023787K(1024000K)->1023787K(1024000K)
[23.660s][info][gc,metaspace   ] GC(147) Metaspace: 6298K(6464K)->6298K(6464K) NonClass: 5765K(5824K)->5765K(5824K) Class: 533K(640K)->533K(640K)
[23.660s][info][gc             ] GC(147) Pause Full (Ergonomics) 1044M->1044M(1087M) 395.809ms
[23.660s][info][gc,cpu         ] GC(147) User=1.12s Sys=0.00s Real=0.40s
[23.661s][info][gc,start       ] GC(148) Pause Full (Ergonomics)
[23.661s][info][gc,phases,start] GC(148) Marking Phase
[23.961s][info][gc,phases      ] GC(148) Marking Phase 299.916ms
[23.961s][info][gc,phases,start] GC(148) Summary Phase
[23.961s][info][gc,phases      ] GC(148) Summary Phase 0.029ms
[23.961s][info][gc,phases,start] GC(148) Adjust Roots
[23.961s][info][gc,phases      ] GC(148) Adjust Roots 0.185ms
[23.961s][info][gc,phases,start] GC(148) Compaction Phase
[24.062s][info][gc,phases      ] GC(148) Compaction Phase 100.816ms
[24.062s][info][gc,phases,start] GC(148) Post Compact
[24.064s][info][gc,phases      ] GC(148) Post Compact 1.741ms
[24.064s][info][gc,heap        ] GC(148) PSYoungGen: 46070K(89600K)->46070K(89600K) Eden: 25599K(25600K)->25599K(25600K) From: 20470K(64000K)->20470K(64000K)
[24.064s][info][gc,heap        ] GC(148) ParOldGen: 1023792K(1024000K)->1023792K(1024000K)
[24.064s][info][gc,metaspace   ] GC(148) Metaspace: 6298K(6464K)->6298K(6464K) NonClass: 5765K(5824K)->5765K(5824K) Class: 533K(640K)->533K(640K)
[24.064s][info][gc             ] GC(148) Pause Full (Ergonomics) 1044M->1044M(1087M) 403.039ms
[24.064s][info][gc,cpu         ] GC(148) User=1.14s Sys=0.00s Real=0.40s
[24.064s][info][gc,start       ] GC(149) Pause Full (Ergonomics)
[24.064s][info][gc,phases,start] GC(149) Marking Phase
[24.361s][info][gc,phases      ] GC(149) Marking Phase 297.455ms
[24.361s][info][gc,phases,start] GC(149) Summary Phase
[24.361s][info][gc,phases      ] GC(149) Summary Phase 0.029ms
[24.362s][info][gc,phases,start] GC(149) Adjust Roots
[24.362s][info][gc,phases      ] GC(149) Adjust Roots 0.195ms
[24.362s][info][gc,phases,start] GC(149) Compaction Phase
[24.465s][info][gc,phases      ] GC(149) Compaction Phase 103.140ms
[24.465s][info][gc,phases,start] GC(149) Post Compact
[24.467s][info][gc,phases      ] GC(149) Post Compact 1.680ms
[24.467s][info][gc,heap        ] GC(149) PSYoungGen: 46070K(89600K)->46070K(89600K) Eden: 25599K(25600K)->25599K(25600K) From: 20470K(64000K)->20470K(64000K)
[24.467s][info][gc,heap        ] GC(149) ParOldGen: 1023796K(1024000K)->1023796K(1024000K)
[24.467s][info][gc,metaspace   ] GC(149) Metaspace: 6298K(6464K)->6298K(6464K) NonClass: 5765K(5824K)->5765K(5824K) Class: 533K(640K)->533K(640K)
[24.467s][info][gc             ] GC(149) Pause Full (Ergonomics) 1044M->1044M(1087M) 402.879ms
[24.467s][info][gc,cpu         ] GC(149) User=1.11s Sys=0.00s Real=0.40s
[24.467s][info][gc,start       ] GC(150) Pause Full (Ergonomics)
[24.467s][info][gc,phases,start] GC(150) Marking Phase
[24.769s][info][gc,phases      ] GC(150) Marking Phase 302.348ms
[24.770s][info][gc,phases,start] GC(150) Summary Phase
[24.770s][info][gc,phases      ] GC(150) Summary Phase 0.023ms
[24.770s][info][gc,phases,start] GC(150) Adjust Roots
[24.770s][info][gc,phases      ] GC(150) Adjust Roots 0.185ms
[24.770s][info][gc,phases,start] GC(150) Compaction Phase
[24.868s][info][gc,phases      ] GC(150) Compaction Phase 98.203ms
[24.868s][info][gc,phases,start] GC(150) Post Compact
[24.870s][info][gc,phases      ] GC(150) Post Compact 1.696ms
[24.870s][info][gc,heap        ] GC(150) PSYoungGen: 46070K(89600K)->46070K(89600K) Eden: 25599K(25600K)->25599K(25600K) From: 20470K(64000K)->20470K(64000K)
[24.870s][info][gc,heap        ] GC(150) ParOldGen: 1023801K(1024000K)->1023801K(1024000K)
[24.870s][info][gc,metaspace   ] GC(150) Metaspace: 6298K(6464K)->6298K(6464K) NonClass: 5765K(5824K)->5765K(5824K) Class: 533K(640K)->533K(640K)
[24.870s][info][gc             ] GC(150) Pause Full (Ergonomics) 1044M->1044M(1087M) 402.778ms
[24.870s][info][gc,cpu         ] GC(150) User=1.14s Sys=0.00s Real=0.40s
[24.870s][info][gc,start       ] GC(151) Pause Full (Ergonomics)
[24.870s][info][gc,phases,start] GC(151) Marking Phase
[25.163s][info][gc,phases      ] GC(151) Marking Phase 292.999ms
[25.163s][info][gc,phases,start] GC(151) Summary Phase
[25.163s][info][gc,phases      ] GC(151) Summary Phase 0.023ms
[25.163s][info][gc,phases,start] GC(151) Adjust Roots
[25.163s][info][gc,phases      ] GC(151) Adjust Roots 0.185ms
[25.163s][info][gc,phases,start] GC(151) Compaction Phase
[25.272s][info][gc,phases      ] GC(151) Compaction Phase 108.753ms
[25.272s][info][gc,phases,start] GC(151) Post Compact
[25.274s][info][gc,phases      ] GC(151) Post Compact 1.688ms
[25.274s][info][gc,heap        ] GC(151) PSYoungGen: 46070K(89600K)->46070K(89600K) Eden: 25599K(25600K)->25599K(25600K) From: 20470K(64000K)->20470K(64000K)
[25.274s][info][gc,heap        ] GC(151) ParOldGen: 1023806K(1024000K)->1023806K(1024000K)
[25.274s][info][gc,metaspace   ] GC(151) Metaspace: 6298K(6464K)->6298K(6464K) NonClass: 5765K(5824K)->5765K(5824K) Class: 533K(640K)->533K(640K)
[25.274s][info][gc             ] GC(151) Pause Full (Ergonomics) 1044M->1044M(1087M) 403.945ms
[25.274s][info][gc,cpu         ] GC(151) User=1.09s Sys=0.00s Real=0.40s
[25.274s][info][gc,start       ] GC(152) Pause Full (Ergonomics)
[25.274s][info][gc,phases,start] GC(152) Marking Phase
[25.571s][info][gc,phases      ] GC(152) Marking Phase 296.440ms
[25.571s][info][gc,phases,start] GC(152) Summary Phase
[25.571s][info][gc,phases      ] GC(152) Summary Phase 0.029ms
[25.571s][info][gc,phases,start] GC(152) Adjust Roots
[25.571s][info][gc,phases      ] GC(152) Adjust Roots 0.200ms
[25.571s][info][gc,phases,start] GC(152) Compaction Phase
[25.673s][info][gc,phases      ] GC(152) Compaction Phase 101.899ms
[25.673s][info][gc,phases,start] GC(152) Post Compact
[25.675s][info][gc,phases      ] GC(152) Post Compact 1.766ms
[25.675s][info][gc,heap        ] GC(152) PSYoungGen: 46070K(89600K)->46070K(89600K) Eden: 25599K(25600K)->25599K(25600K) From: 20470K(64000K)->20470K(64000K)
[25.675s][info][gc,heap        ] GC(152) ParOldGen: 1023810K(1024000K)->1023810K(1024000K)
[25.675s][info][gc,metaspace   ] GC(152) Metaspace: 6298K(6464K)->6298K(6464K) NonClass: 5765K(5824K)->5765K(5824K) Class: 533K(640K)->533K(640K)
[25.675s][info][gc             ] GC(152) Pause Full (Ergonomics) 1044M->1044M(1087M) 400.709ms
[25.675s][info][gc,cpu         ] GC(152) User=1.14s Sys=0.00s Real=0.40s
[25.675s][info][gc,start       ] GC(153) Pause Full (Ergonomics)
[25.675s][info][gc,phases,start] GC(153) Marking Phase
[25.976s][info][gc,phases      ] GC(153) Marking Phase 300.491ms
[25.976s][info][gc,phases,start] GC(153) Summary Phase
[25.976s][info][gc,phases      ] GC(153) Summary Phase 0.028ms
[25.976s][info][gc,phases,start] GC(153) Adjust Roots
[25.976s][info][gc,phases      ] GC(153) Adjust Roots 0.187ms
[25.976s][info][gc,phases,start] GC(153) Compaction Phase
[26.074s][info][gc,phases      ] GC(153) Compaction Phase 98.301ms
[26.074s][info][gc,phases,start] GC(153) Post Compact
[26.076s][info][gc,phases      ] GC(153) Post Compact 1.663ms
[26.076s][info][gc,heap        ] GC(153) PSYoungGen: 46070K(89600K)->46070K(89600K) Eden: 25599K(25600K)->25599K(25600K) From: 20470K(64000K)->20470K(64000K)
[26.076s][info][gc,heap        ] GC(153) ParOldGen: 1023815K(1024000K)->1023815K(1024000K)
[26.076s][info][gc,metaspace   ] GC(153) Metaspace: 6298K(6464K)->6298K(6464K) NonClass: 5765K(5824K)->5765K(5824K) Class: 533K(640K)->533K(640K)
[26.076s][info][gc             ] GC(153) Pause Full (Ergonomics) 1044M->1044M(1087M) 401.004ms
[26.076s][info][gc,cpu         ] GC(153) User=1.08s Sys=0.00s Real=0.40s
[26.077s][info][gc,start       ] GC(154) Pause Full (Ergonomics)
[26.077s][info][gc,phases,start] GC(154) Marking Phase
[26.371s][info][gc,phases      ] GC(154) Marking Phase 294.168ms
[26.371s][info][gc,phases,start] GC(154) Summary Phase
[26.371s][info][gc,phases      ] GC(154) Summary Phase 0.030ms
[26.371s][info][gc,phases,start] GC(154) Adjust Roots
[26.371s][info][gc,phases      ] GC(154) Adjust Roots 0.216ms
[26.371s][info][gc,phases,start] GC(154) Compaction Phase
[26.475s][info][gc,phases      ] GC(154) Compaction Phase 103.782ms
[26.475s][info][gc,phases,start] GC(154) Post Compact
[26.477s][info][gc,phases      ] GC(154) Post Compact 1.964ms
[26.477s][info][gc,heap        ] GC(154) PSYoungGen: 46070K(89600K)->46070K(89600K) Eden: 25599K(25600K)->25599K(25600K) From: 20470K(64000K)->20470K(64000K)
[26.477s][info][gc,heap        ] GC(154) ParOldGen: 1023820K(1024000K)->1023820K(1024000K)
[26.477s][info][gc,metaspace   ] GC(154) Metaspace: 6298K(6464K)->6298K(6464K) NonClass: 5765K(5824K)->5765K(5824K) Class: 533K(640K)->533K(640K)
[26.477s][info][gc             ] GC(154) Pause Full (Ergonomics) 1044M->1044M(1087M) 400.564ms
[26.477s][info][gc,cpu         ] GC(154) User=1.12s Sys=0.00s Real=0.40s
[26.477s][info][gc,start       ] GC(155) Pause Full (Ergonomics)
[26.477s][info][gc,phases,start] GC(155) Marking Phase
[26.774s][info][gc,phases      ] GC(155) Marking Phase 296.116ms
[26.774s][info][gc,phases,start] GC(155) Summary Phase
[26.774s][info][gc,phases      ] GC(155) Summary Phase 0.029ms
[26.774s][info][gc,phases,start] GC(155) Adjust Roots
[26.774s][info][gc,phases      ] GC(155) Adjust Roots 0.197ms
[26.774s][info][gc,phases,start] GC(155) Compaction Phase
[26.872s][info][gc,phases      ] GC(155) Compaction Phase 98.502ms
[26.872s][info][gc,phases,start] GC(155) Post Compact
[26.874s][info][gc,phases      ] GC(155) Post Compact 1.671ms
[26.874s][info][gc,heap        ] GC(155) PSYoungGen: 46070K(89600K)->46070K(89600K) Eden: 25599K(25600K)->25599K(25600K) From: 20470K(64000K)->20470K(64000K)
[26.874s][info][gc,heap        ] GC(155) ParOldGen: 1023824K(1024000K)->1023824K(1024000K)
[26.874s][info][gc,metaspace   ] GC(155) Metaspace: 6298K(6464K)->6298K(6464K) NonClass: 5765K(5824K)->5765K(5824K) Class: 533K(640K)->533K(640K)
[26.874s][info][gc             ] GC(155) Pause Full (Ergonomics) 1044M->1044M(1087M) 396.864ms
[26.874s][info][gc,cpu         ] GC(155) User=1.14s Sys=0.00s Real=0.40s
[26.875s][info][gc,start       ] GC(156) Pause Full (Ergonomics)
[26.875s][info][gc,phases,start] GC(156) Marking Phase
[27.177s][info][gc,phases      ] GC(156) Marking Phase 302.403ms
[27.177s][info][gc,phases,start] GC(156) Summary Phase
[27.177s][info][gc,phases      ] GC(156) Summary Phase 0.022ms
[27.177s][info][gc,phases,start] GC(156) Adjust Roots
[27.177s][info][gc,phases      ] GC(156) Adjust Roots 0.225ms
[27.177s][info][gc,phases,start] GC(156) Compaction Phase
[27.275s][info][gc,phases      ] GC(156) Compaction Phase 97.338ms
[27.275s][info][gc,phases,start] GC(156) Post Compact
[27.276s][info][gc,phases      ] GC(156) Post Compact 1.573ms
[27.276s][info][gc,heap        ] GC(156) PSYoungGen: 46070K(89600K)->46070K(89600K) Eden: 25599K(25600K)->25599K(25600K) From: 20470K(64000K)->20470K(64000K)
[27.276s][info][gc,heap        ] GC(156) ParOldGen: 1023829K(1024000K)->1023829K(1024000K)
[27.276s][info][gc,metaspace   ] GC(156) Metaspace: 6298K(6464K)->6298K(6464K) NonClass: 5765K(5824K)->5765K(5824K) Class: 533K(640K)->533K(640K)
[27.276s][info][gc             ] GC(156) Pause Full (Ergonomics) 1044M->1044M(1087M) 401.896ms
[27.276s][info][gc,cpu         ] GC(156) User=1.17s Sys=0.00s Real=0.40s
[27.277s][info][gc,start       ] GC(157) Pause Full (Ergonomics)
[27.277s][info][gc,phases,start] GC(157) Marking Phase
[27.569s][info][gc,phases      ] GC(157) Marking Phase 291.896ms
[27.569s][info][gc,phases,start] GC(157) Summary Phase
[27.569s][info][gc,phases      ] GC(157) Summary Phase 0.035ms
[27.569s][info][gc,phases,start] GC(157) Adjust Roots
[27.569s][info][gc,phases      ] GC(157) Adjust Roots 0.183ms
[27.569s][info][gc,phases,start] GC(157) Compaction Phase
[27.674s][info][gc,phases      ] GC(157) Compaction Phase 104.848ms
[27.674s][info][gc,phases,start] GC(157) Post Compact
[27.676s][info][gc,phases      ] GC(157) Post Compact 1.677ms
[27.676s][info][gc,heap        ] GC(157) PSYoungGen: 46070K(89600K)->46070K(89600K) Eden: 25599K(25600K)->25599K(25600K) From: 20470K(64000K)->20470K(64000K)
[27.676s][info][gc,heap        ] GC(157) ParOldGen: 1023834K(1024000K)->1023834K(1024000K)
[27.676s][info][gc,metaspace   ] GC(157) Metaspace: 6298K(6464K)->6298K(6464K) NonClass: 5765K(5824K)->5765K(5824K) Class: 533K(640K)->533K(640K)
[27.676s][info][gc             ] GC(157) Pause Full (Ergonomics) 1044M->1044M(1087M) 398.986ms
[27.676s][info][gc,cpu         ] GC(157) User=1.14s Sys=0.00s Real=0.40s
[27.676s][info][gc,start       ] GC(158) Pause Full (Ergonomics)
[27.676s][info][gc,phases,start] GC(158) Marking Phase
[27.972s][info][gc,phases      ] GC(158) Marking Phase 296.463ms
[27.972s][info][gc,phases,start] GC(158) Summary Phase
[27.973s][info][gc,phases      ] GC(158) Summary Phase 0.021ms
[27.973s][info][gc,phases,start] GC(158) Adjust Roots
[27.973s][info][gc,phases      ] GC(158) Adjust Roots 0.189ms
[27.973s][info][gc,phases,start] GC(158) Compaction Phase
[28.075s][info][gc,phases      ] GC(158) Compaction Phase 102.317ms
[28.075s][info][gc,phases,start] GC(158) Post Compact
[28.077s][info][gc,phases      ] GC(158) Post Compact 1.675ms
[28.077s][info][gc,heap        ] GC(158) PSYoungGen: 46070K(89600K)->46070K(89600K) Eden: 25599K(25600K)->25599K(25600K) From: 20470K(64000K)->20470K(64000K)
[28.077s][info][gc,heap        ] GC(158) ParOldGen: 1023838K(1024000K)->1023838K(1024000K)
[28.077s][info][gc,metaspace   ] GC(158) Metaspace: 6298K(6464K)->6298K(6464K) NonClass: 5765K(5824K)->5765K(5824K) Class: 533K(640K)->533K(640K)
[28.077s][info][gc             ] GC(158) Pause Full (Ergonomics) 1044M->1044M(1087M) 400.978ms
[28.077s][info][gc,cpu         ] GC(158) User=1.11s Sys=0.00s Real=0.40s
[28.077s][info][gc,start       ] GC(159) Pause Full (Ergonomics)
[28.077s][info][gc,phases,start] GC(159) Marking Phase
[28.376s][info][gc,phases      ] GC(159) Marking Phase 298.737ms
[28.376s][info][gc,phases,start] GC(159) Summary Phase
[28.376s][info][gc,phases      ] GC(159) Summary Phase 0.024ms
[28.376s][info][gc,phases,start] GC(159) Adjust Roots
[28.376s][info][gc,phases      ] GC(159) Adjust Roots 0.214ms
[28.376s][info][gc,phases,start] GC(159) Compaction Phase
[28.488s][info][gc,phases      ] GC(159) Compaction Phase 111.762ms
[28.488s][info][gc,phases,start] GC(159) Post Compact
[28.490s][info][gc,phases      ] GC(159) Post Compact 1.733ms
[28.490s][info][gc,heap        ] GC(159) PSYoungGen: 46070K(89600K)->46070K(89600K) Eden: 25599K(25600K)->25599K(25600K) From: 20470K(64000K)->20470K(64000K)
[28.490s][info][gc,heap        ] GC(159) ParOldGen: 1023843K(1024000K)->1023843K(1024000K)
[28.490s][info][gc,metaspace   ] GC(159) Metaspace: 6298K(6464K)->6298K(6464K) NonClass: 5765K(5824K)->5765K(5824K) Class: 533K(640K)->533K(640K)
[28.490s][info][gc             ] GC(159) Pause Full (Ergonomics) 1044M->1044M(1087M) 412.796ms
[28.490s][info][gc,cpu         ] GC(159) User=1.17s Sys=0.00s Real=0.41s
[28.490s][info][gc,start       ] GC(160) Pause Full (Ergonomics)
[28.490s][info][gc,phases,start] GC(160) Marking Phase
[28.784s][info][gc,phases      ] GC(160) Marking Phase 294.148ms
[28.785s][info][gc,phases,start] GC(160) Summary Phase
[28.785s][info][gc,phases      ] GC(160) Summary Phase 0.029ms
[28.785s][info][gc,phases,start] GC(160) Adjust Roots
[28.785s][info][gc,phases      ] GC(160) Adjust Roots 0.181ms
[28.785s][info][gc,phases,start] GC(160) Compaction Phase
[28.883s][info][gc,phases      ] GC(160) Compaction Phase 98.239ms
[28.883s][info][gc,phases,start] GC(160) Post Compact
[28.885s][info][gc,phases      ] GC(160) Post Compact 1.735ms
[28.885s][info][gc,heap        ] GC(160) PSYoungGen: 46070K(89600K)->46070K(89600K) Eden: 25599K(25600K)->25599K(25600K) From: 20470K(64000K)->20470K(64000K)
[28.885s][info][gc,heap        ] GC(160) ParOldGen: 1023848K(1024000K)->1023848K(1024000K)
[28.885s][info][gc,metaspace   ] GC(160) Metaspace: 6298K(6464K)->6298K(6464K) NonClass: 5765K(5824K)->5765K(5824K) Class: 533K(640K)->533K(640K)
[28.885s][info][gc             ] GC(160) Pause Full (Ergonomics) 1044M->1044M(1087M) 394.688ms
[28.885s][info][gc,cpu         ] GC(160) User=1.09s Sys=0.00s Real=0.40s
[28.885s][info][gc,start       ] GC(161) Pause Full (Ergonomics)
[28.885s][info][gc,phases,start] GC(161) Marking Phase
[29.180s][info][gc,phases      ] GC(161) Marking Phase 294.689ms
[29.180s][info][gc,phases,start] GC(161) Summary Phase
[29.180s][info][gc,phases      ] GC(161) Summary Phase 0.029ms
[29.180s][info][gc,phases,start] GC(161) Adjust Roots
[29.180s][info][gc,phases      ] GC(161) Adjust Roots 0.226ms
[29.180s][info][gc,phases,start] GC(161) Compaction Phase
[29.278s][info][gc,phases      ] GC(161) Compaction Phase 98.108ms
[29.279s][info][gc,phases,start] GC(161) Post Compact
[29.280s][info][gc,phases      ] GC(161) Post Compact 1.686ms
[29.280s][info][gc,heap        ] GC(161) PSYoungGen: 46070K(89600K)->46070K(89600K) Eden: 25599K(25600K)->25599K(25600K) From: 20470K(64000K)->20470K(64000K)
[29.280s][info][gc,heap        ] GC(161) ParOldGen: 1023852K(1024000K)->1023852K(1024000K)
[29.280s][info][gc,metaspace   ] GC(161) Metaspace: 6298K(6464K)->6298K(6464K) NonClass: 5765K(5824K)->5765K(5824K) Class: 533K(640K)->533K(640K)
[29.280s][info][gc             ] GC(161) Pause Full (Ergonomics) 1044M->1044M(1087M) 395.114ms
[29.280s][info][gc,cpu         ] GC(161) User=1.12s Sys=0.00s Real=0.39s
[29.281s][info][gc,start       ] GC(162) Pause Full (Ergonomics)
[29.281s][info][gc,phases,start] GC(162) Marking Phase
[29.578s][info][gc,phases      ] GC(162) Marking Phase 297.542ms
[29.578s][info][gc,phases,start] GC(162) Summary Phase
[29.578s][info][gc,phases      ] GC(162) Summary Phase 0.033ms
[29.578s][info][gc,phases,start] GC(162) Adjust Roots
[29.579s][info][gc,phases      ] GC(162) Adjust Roots 0.201ms
[29.579s][info][gc,phases,start] GC(162) Compaction Phase
[29.677s][info][gc,phases      ] GC(162) Compaction Phase 98.538ms
[29.677s][info][gc,phases,start] GC(162) Post Compact
[29.679s][info][gc,phases      ] GC(162) Post Compact 1.681ms
[29.679s][info][gc,heap        ] GC(162) PSYoungGen: 46070K(89600K)->46070K(89600K) Eden: 25599K(25600K)->25599K(25600K) From: 20470K(64000K)->20470K(64000K)
[29.679s][info][gc,heap        ] GC(162) ParOldGen: 1023857K(1024000K)->1023857K(1024000K)
[29.679s][info][gc,metaspace   ] GC(162) Metaspace: 6298K(6464K)->6298K(6464K) NonClass: 5765K(5824K)->5765K(5824K) Class: 533K(640K)->533K(640K)
[29.679s][info][gc             ] GC(162) Pause Full (Ergonomics) 1044M->1044M(1087M) 398.366ms
[29.679s][info][gc,cpu         ] GC(162) User=1.16s Sys=0.00s Real=0.40s
[29.679s][info][gc,start       ] GC(163) Pause Full (Ergonomics)
[29.679s][info][gc,phases,start] GC(163) Marking Phase
[29.975s][info][gc,phases      ] GC(163) Marking Phase 295.456ms
[29.975s][info][gc,phases,start] GC(163) Summary Phase
[29.975s][info][gc,phases      ] GC(163) Summary Phase 0.024ms
[29.975s][info][gc,phases,start] GC(163) Adjust Roots
[29.975s][info][gc,phases      ] GC(163) Adjust Roots 0.183ms
[29.975s][info][gc,phases,start] GC(163) Compaction Phase
[30.080s][info][gc,phases      ] GC(163) Compaction Phase 104.834ms
[30.080s][info][gc,phases,start] GC(163) Post Compact
[30.082s][info][gc,phases      ] GC(163) Post Compact 1.902ms
[30.082s][info][gc,heap        ] GC(163) PSYoungGen: 46070K(89600K)->46070K(89600K) Eden: 25599K(25600K)->25599K(25600K) From: 20470K(64000K)->20470K(64000K)
[30.082s][info][gc,heap        ] GC(163) ParOldGen: 1023862K(1024000K)->1023862K(1024000K)
[30.082s][info][gc,metaspace   ] GC(163) Metaspace: 6298K(6464K)->6298K(6464K) NonClass: 5765K(5824K)->5765K(5824K) Class: 533K(640K)->533K(640K)
[30.082s][info][gc             ] GC(163) Pause Full (Ergonomics) 1044M->1044M(1087M) 402.798ms
[30.082s][info][gc,cpu         ] GC(163) User=1.09s Sys=0.02s Real=0.40s
[30.082s][info][gc,start       ] GC(164) Pause Full (Ergonomics)
[30.082s][info][gc,phases,start] GC(164) Marking Phase
[30.387s][info][gc,phases      ] GC(164) Marking Phase 304.656ms
[30.387s][info][gc,phases,start] GC(164) Summary Phase
[30.387s][info][gc,phases      ] GC(164) Summary Phase 0.030ms
[30.387s][info][gc,phases,start] GC(164) Adjust Roots
[30.387s][info][gc,phases      ] GC(164) Adjust Roots 0.191ms
[30.387s][info][gc,phases,start] GC(164) Compaction Phase
[30.486s][info][gc,phases      ] GC(164) Compaction Phase 98.258ms
[30.486s][info][gc,phases,start] GC(164) Post Compact
[30.487s][info][gc,phases      ] GC(164) Post Compact 1.631ms
[30.487s][info][gc,heap        ] GC(164) PSYoungGen: 46070K(89600K)->46070K(89600K) Eden: 25599K(25600K)->25599K(25600K) From: 20470K(64000K)->20470K(64000K)
[30.487s][info][gc,heap        ] GC(164) ParOldGen: 1023866K(1024000K)->1023866K(1024000K)
[30.487s][info][gc,metaspace   ] GC(164) Metaspace: 6298K(6464K)->6298K(6464K) NonClass: 5765K(5824K)->5765K(5824K) Class: 533K(640K)->533K(640K)
[30.488s][info][gc             ] GC(164) Pause Full (Ergonomics) 1044M->1044M(1087M) 405.106ms
[30.488s][info][gc,cpu         ] GC(164) User=1.16s Sys=0.00s Real=0.41s
[30.488s][info][gc,start       ] GC(165) Pause Full (Ergonomics)
[30.488s][info][gc,phases,start] GC(165) Marking Phase
[30.784s][info][gc,phases      ] GC(165) Marking Phase 296.314ms
[30.784s][info][gc,phases,start] GC(165) Summary Phase
[30.784s][info][gc,phases      ] GC(165) Summary Phase 0.063ms
[30.784s][info][gc,phases,start] GC(165) Adjust Roots
[30.784s][info][gc,phases      ] GC(165) Adjust Roots 0.200ms
[30.784s][info][gc,phases,start] GC(165) Compaction Phase
[30.885s][info][gc,phases      ] GC(165) Compaction Phase 100.978ms
[30.886s][info][gc,phases,start] GC(165) Post Compact
[30.887s][info][gc,phases      ] GC(165) Post Compact 1.663ms
[30.887s][info][gc,heap        ] GC(165) PSYoungGen: 46070K(89600K)->46070K(89600K) Eden: 25599K(25600K)->25599K(25600K) From: 20470K(64000K)->20470K(64000K)
[30.887s][info][gc,heap        ] GC(165) ParOldGen: 1023871K(1024000K)->1023871K(1024000K)
[30.887s][info][gc,metaspace   ] GC(165) Metaspace: 6298K(6464K)->6298K(6464K) NonClass: 5765K(5824K)->5765K(5824K) Class: 533K(640K)->533K(640K)
[30.887s][info][gc             ] GC(165) Pause Full (Ergonomics) 1044M->1044M(1087M) 399.543ms
[30.887s][info][gc,cpu         ] GC(165) User=1.14s Sys=0.00s Real=0.40s
[30.888s][info][gc,start       ] GC(166) Pause Full (Ergonomics)
[30.888s][info][gc,phases,start] GC(166) Marking Phase
[31.182s][info][gc,phases      ] GC(166) Marking Phase 294.850ms
[31.183s][info][gc,phases,start] GC(166) Summary Phase
[31.183s][info][gc,phases      ] GC(166) Summary Phase 0.029ms
[31.183s][info][gc,phases,start] GC(166) Adjust Roots
[31.183s][info][gc,phases      ] GC(166) Adjust Roots 0.191ms
[31.183s][info][gc,phases,start] GC(166) Compaction Phase
[31.286s][info][gc,phases      ] GC(166) Compaction Phase 102.979ms
[31.286s][info][gc,phases,start] GC(166) Post Compact
[31.288s][info][gc,phases      ] GC(166) Post Compact 1.689ms
[31.288s][info][gc,heap        ] GC(166) PSYoungGen: 46070K(89600K)->46070K(89600K) Eden: 25599K(25600K)->25599K(25600K) From: 20470K(64000K)->20470K(64000K)
[31.288s][info][gc,heap        ] GC(166) ParOldGen: 1023876K(1024000K)->1023876K(1024000K)
[31.288s][info][gc,metaspace   ] GC(166) Metaspace: 6298K(6464K)->6298K(6464K) NonClass: 5765K(5824K)->5765K(5824K) Class: 533K(640K)->533K(640K)
[31.288s][info][gc             ] GC(166) Pause Full (Ergonomics) 1044M->1044M(1087M) 400.078ms
[31.288s][info][gc,cpu         ] GC(166) User=1.14s Sys=0.00s Real=0.40s
[31.288s][info][gc,start       ] GC(167) Pause Full (Ergonomics)
[31.288s][info][gc,phases,start] GC(167) Marking Phase
[31.588s][info][gc,phases      ] GC(167) Marking Phase 299.847ms
[31.588s][info][gc,phases,start] GC(167) Summary Phase
[31.588s][info][gc,phases      ] GC(167) Summary Phase 0.021ms
[31.588s][info][gc,phases,start] GC(167) Adjust Roots
[31.588s][info][gc,phases      ] GC(167) Adjust Roots 0.198ms
[31.588s][info][gc,phases,start] GC(167) Compaction Phase
[31.687s][info][gc,phases      ] GC(167) Compaction Phase 98.975ms
[31.687s][info][gc,phases,start] GC(167) Post Compact
[31.689s][info][gc,phases      ] GC(167) Post Compact 1.686ms
[31.689s][info][gc,heap        ] GC(167) PSYoungGen: 46070K(89600K)->46070K(89600K) Eden: 25599K(25600K)->25599K(25600K) From: 20470K(64000K)->20470K(64000K)
[31.689s][info][gc,heap        ] GC(167) ParOldGen: 1023880K(1024000K)->1023880K(1024000K)
[31.689s][info][gc,metaspace   ] GC(167) Metaspace: 6298K(6464K)->6298K(6464K) NonClass: 5765K(5824K)->5765K(5824K) Class: 533K(640K)->533K(640K)
[31.689s][info][gc             ] GC(167) Pause Full (Ergonomics) 1044M->1044M(1087M) 401.048ms
[31.689s][info][gc,cpu         ] GC(167) User=1.11s Sys=0.00s Real=0.40s
[31.689s][info][gc,start       ] GC(168) Pause Full (Ergonomics)
[31.689s][info][gc,phases,start] GC(168) Marking Phase
[31.984s][info][gc,phases      ] GC(168) Marking Phase 294.215ms
[31.984s][info][gc,phases,start] GC(168) Summary Phase
[31.984s][info][gc,phases      ] GC(168) Summary Phase 0.033ms
[31.984s][info][gc,phases,start] GC(168) Adjust Roots
[31.984s][info][gc,phases      ] GC(168) Adjust Roots 0.227ms
[31.984s][info][gc,phases,start] GC(168) Compaction Phase
[32.082s][info][gc,phases      ] GC(168) Compaction Phase 97.800ms
[32.082s][info][gc,phases,start] GC(168) Post Compact
[32.083s][info][gc,phases      ] GC(168) Post Compact 1.689ms
[32.084s][info][gc,heap        ] GC(168) PSYoungGen: 46070K(89600K)->46070K(89600K) Eden: 25599K(25600K)->25599K(25600K) From: 20470K(64000K)->20470K(64000K)
[32.084s][info][gc,heap        ] GC(168) ParOldGen: 1023885K(1024000K)->1023885K(1024000K)
[32.084s][info][gc,metaspace   ] GC(168) Metaspace: 6298K(6464K)->6298K(6464K) NonClass: 5765K(5824K)->5765K(5824K) Class: 533K(640K)->533K(640K)
[32.084s][info][gc             ] GC(168) Pause Full (Ergonomics) 1044M->1044M(1087M) 394.286ms
[32.084s][info][gc,cpu         ] GC(168) User=1.09s Sys=0.02s Real=0.39s
[32.084s][info][gc,start       ] GC(169) Pause Full (Ergonomics)
[32.084s][info][gc,phases,start] GC(169) Marking Phase
[32.381s][info][gc,phases      ] GC(169) Marking Phase 297.396ms
[32.381s][info][gc,phases,start] GC(169) Summary Phase
[32.381s][info][gc,phases      ] GC(169) Summary Phase 0.021ms
[32.381s][info][gc,phases,start] GC(169) Adjust Roots
[32.382s][info][gc,phases      ] GC(169) Adjust Roots 0.195ms
[32.382s][info][gc,phases,start] GC(169) Compaction Phase
[32.479s][info][gc,phases      ] GC(169) Compaction Phase 97.495ms
[32.479s][info][gc,phases,start] GC(169) Post Compact
[32.481s][info][gc,phases      ] GC(169) Post Compact 1.671ms
[32.481s][info][gc,heap        ] GC(169) PSYoungGen: 46070K(89600K)->46070K(89600K) Eden: 25599K(25600K)->25599K(25600K) From: 20470K(64000K)->20470K(64000K)
[32.481s][info][gc,heap        ] GC(169) ParOldGen: 1023890K(1024000K)->1023890K(1024000K)
[32.481s][info][gc,metaspace   ] GC(169) Metaspace: 6298K(6464K)->6298K(6464K) NonClass: 5765K(5824K)->5765K(5824K) Class: 533K(640K)->533K(640K)
[32.481s][info][gc             ] GC(169) Pause Full (Ergonomics) 1044M->1044M(1087M) 397.094ms
[32.481s][info][gc,cpu         ] GC(169) User=1.08s Sys=0.00s Real=0.40s
[32.481s][info][gc,start       ] GC(170) Pause Full (Ergonomics)
[32.481s][info][gc,phases,start] GC(170) Marking Phase
[32.778s][info][gc,phases      ] GC(170) Marking Phase 296.873ms
[32.778s][info][gc,phases,start] GC(170) Summary Phase
[32.778s][info][gc,phases      ] GC(170) Summary Phase 0.024ms
[32.778s][info][gc,phases,start] GC(170) Adjust Roots
[32.778s][info][gc,phases      ] GC(170) Adjust Roots 0.204ms
[32.778s][info][gc,phases,start] GC(170) Compaction Phase
[32.879s][info][gc,phases      ] GC(170) Compaction Phase 100.553ms
[32.879s][info][gc,phases,start] GC(170) Post Compact
[32.881s][info][gc,phases      ] GC(170) Post Compact 1.646ms
[32.881s][info][gc,heap        ] GC(170) PSYoungGen: 46070K(89600K)->46070K(89600K) Eden: 25599K(25600K)->25599K(25600K) From: 20470K(64000K)->20470K(64000K)
[32.881s][info][gc,heap        ] GC(170) ParOldGen: 1023894K(1024000K)->1023894K(1024000K)
[32.881s][info][gc,metaspace   ] GC(170) Metaspace: 6298K(6464K)->6298K(6464K) NonClass: 5765K(5824K)->5765K(5824K) Class: 533K(640K)->533K(640K)
[32.881s][info][gc             ] GC(170) Pause Full (Ergonomics) 1044M->1044M(1087M) 399.630ms
[32.881s][info][gc,cpu         ] GC(170) User=1.12s Sys=0.02s Real=0.40s
[32.881s][info][gc,start       ] GC(171) Pause Full (Ergonomics)
[32.881s][info][gc,phases,start] GC(171) Marking Phase
[33.182s][info][gc,phases      ] GC(171) Marking Phase 300.418ms
[33.182s][info][gc,phases,start] GC(171) Summary Phase
[33.182s][info][gc,phases      ] GC(171) Summary Phase 0.023ms
[33.182s][info][gc,phases,start] GC(171) Adjust Roots
[33.182s][info][gc,phases      ] GC(171) Adjust Roots 0.197ms
[33.182s][info][gc,phases,start] GC(171) Compaction Phase
[33.280s][info][gc,phases      ] GC(171) Compaction Phase 98.328ms
[33.280s][info][gc,phases,start] GC(171) Post Compact
[33.282s][info][gc,phases      ] GC(171) Post Compact 1.775ms
[33.282s][info][gc,heap        ] GC(171) PSYoungGen: 46070K(89600K)->46070K(89600K) Eden: 25599K(25600K)->25599K(25600K) From: 20470K(64000K)->20470K(64000K)
[33.282s][info][gc,heap        ] GC(171) ParOldGen: 1023899K(1024000K)->1023899K(1024000K)
[33.282s][info][gc,metaspace   ] GC(171) Metaspace: 6298K(6464K)->6298K(6464K) NonClass: 5765K(5824K)->5765K(5824K) Class: 533K(640K)->533K(640K)
[33.282s][info][gc             ] GC(171) Pause Full (Ergonomics) 1044M->1044M(1087M) 401.095ms
[33.282s][info][gc,cpu         ] GC(171) User=1.11s Sys=0.00s Real=0.40s
[33.282s][info][gc,start       ] GC(172) Pause Full (Ergonomics)
[33.282s][info][gc,phases,start] GC(172) Marking Phase
[33.575s][info][gc,phases      ] GC(172) Marking Phase 292.141ms
[33.575s][info][gc,phases,start] GC(172) Summary Phase
[33.575s][info][gc,phases      ] GC(172) Summary Phase 0.029ms
[33.575s][info][gc,phases,start] GC(172) Adjust Roots
[33.575s][info][gc,phases      ] GC(172) Adjust Roots 0.184ms
[33.575s][info][gc,phases,start] GC(172) Compaction Phase
[33.672s][info][gc,phases      ] GC(172) Compaction Phase 97.421ms
[33.672s][info][gc,phases,start] GC(172) Post Compact
[33.674s][info][gc,phases      ] GC(172) Post Compact 1.681ms
[33.674s][info][gc,heap        ] GC(172) PSYoungGen: 46070K(89600K)->46070K(89600K) Eden: 25599K(25600K)->25599K(25600K) From: 20470K(64000K)->20470K(64000K)
[33.674s][info][gc,heap        ] GC(172) ParOldGen: 1023904K(1024000K)->1023904K(1024000K)
[33.674s][info][gc,metaspace   ] GC(172) Metaspace: 6298K(6464K)->6298K(6464K) NonClass: 5765K(5824K)->5765K(5824K) Class: 533K(640K)->533K(640K)
[33.674s][info][gc             ] GC(172) Pause Full (Ergonomics) 1044M->1044M(1087M) 391.800ms
[33.674s][info][gc,cpu         ] GC(172) User=1.09s Sys=0.00s Real=0.39s
[33.675s][info][gc,start       ] GC(173) Pause Full (Ergonomics)
[33.675s][info][gc,phases,start] GC(173) Marking Phase
[33.968s][info][gc,phases      ] GC(173) Marking Phase 293.435ms
[33.968s][info][gc,phases,start] GC(173) Summary Phase
[33.968s][info][gc,phases      ] GC(173) Summary Phase 0.029ms
[33.968s][info][gc,phases,start] GC(173) Adjust Roots
[33.968s][info][gc,phases      ] GC(173) Adjust Roots 0.226ms
[33.968s][info][gc,phases,start] GC(173) Compaction Phase
[34.067s][info][gc,phases      ] GC(173) Compaction Phase 98.450ms
[34.067s][info][gc,phases,start] GC(173) Post Compact
[34.069s][info][gc,phases      ] GC(173) Post Compact 1.673ms
[34.069s][info][gc,heap        ] GC(173) PSYoungGen: 46070K(89600K)->46070K(89600K) Eden: 25599K(25600K)->25599K(25600K) From: 20470K(64000K)->20470K(64000K)
[34.069s][info][gc,heap        ] GC(173) ParOldGen: 1023908K(1024000K)->1023908K(1024000K)
[34.069s][info][gc,metaspace   ] GC(173) Metaspace: 6298K(6464K)->6298K(6464K) NonClass: 5765K(5824K)->5765K(5824K) Class: 533K(640K)->533K(640K)
[34.069s][info][gc             ] GC(173) Pause Full (Ergonomics) 1044M->1044M(1087M) 394.198ms
[34.069s][info][gc,cpu         ] GC(173) User=1.14s Sys=0.00s Real=0.39s
[34.069s][info][gc,start       ] GC(174) Pause Full (Ergonomics)
[34.069s][info][gc,phases,start] GC(174) Marking Phase
[34.366s][info][gc,phases      ] GC(174) Marking Phase 297.167ms
[34.366s][info][gc,phases,start] GC(174) Summary Phase
[34.366s][info][gc,phases      ] GC(174) Summary Phase 0.029ms
[34.366s][info][gc,phases,start] GC(174) Adjust Roots
[34.367s][info][gc,phases      ] GC(174) Adjust Roots 0.221ms
[34.367s][info][gc,phases,start] GC(174) Compaction Phase
[34.465s][info][gc,phases      ] GC(174) Compaction Phase 98.500ms
[34.465s][info][gc,phases,start] GC(174) Post Compact
[34.467s][info][gc,phases      ] GC(174) Post Compact 1.687ms
[34.467s][info][gc,heap        ] GC(174) PSYoungGen: 46070K(89600K)->46070K(89600K) Eden: 25599K(25600K)->25599K(25600K) From: 20470K(64000K)->20470K(64000K)
[34.467s][info][gc,heap        ] GC(174) ParOldGen: 1023913K(1024000K)->1023913K(1024000K)
[34.467s][info][gc,metaspace   ] GC(174) Metaspace: 6298K(6464K)->6298K(6464K) NonClass: 5765K(5824K)->5765K(5824K) Class: 533K(640K)->533K(640K)
[34.467s][info][gc             ] GC(174) Pause Full (Ergonomics) 1044M->1044M(1087M) 397.980ms
[34.467s][info][gc,cpu         ] GC(174) User=1.09s Sys=0.00s Real=0.40s
[34.467s][info][gc,start       ] GC(175) Pause Full (Ergonomics)
[34.467s][info][gc,phases,start] GC(175) Marking Phase
[34.764s][info][gc,phases      ] GC(175) Marking Phase 296.578ms
[34.764s][info][gc,phases,start] GC(175) Summary Phase
[34.764s][info][gc,phases      ] GC(175) Summary Phase 0.029ms
[34.764s][info][gc,phases,start] GC(175) Adjust Roots
[34.764s][info][gc,phases      ] GC(175) Adjust Roots 0.211ms
[34.764s][info][gc,phases,start] GC(175) Compaction Phase
[34.868s][info][gc,phases      ] GC(175) Compaction Phase 103.339ms
[34.868s][info][gc,phases,start] GC(175) Post Compact
[34.869s][info][gc,phases      ] GC(175) Post Compact 1.677ms
[34.869s][info][gc,heap        ] GC(175) PSYoungGen: 46070K(89600K)->46070K(89600K) Eden: 25599K(25600K)->25599K(25600K) From: 20470K(64000K)->20470K(64000K)
[34.869s][info][gc,heap        ] GC(175) ParOldGen: 1023918K(1024000K)->1023918K(1024000K)
[34.869s][info][gc,metaspace   ] GC(175) Metaspace: 6298K(6464K)->6298K(6464K) NonClass: 5765K(5824K)->5765K(5824K) Class: 533K(640K)->533K(640K)
[34.870s][info][gc             ] GC(175) Pause Full (Ergonomics) 1044M->1044M(1087M) 402.204ms
[34.870s][info][gc,cpu         ] GC(175) User=1.19s Sys=0.00s Real=0.40s
[34.870s][info][gc,start       ] GC(176) Pause Full (Ergonomics)
[34.870s][info][gc,phases,start] GC(176) Marking Phase
[35.170s][info][gc,phases      ] GC(176) Marking Phase 300.307ms
[35.170s][info][gc,phases,start] GC(176) Summary Phase
[35.170s][info][gc,phases      ] GC(176) Summary Phase 0.033ms
[35.170s][info][gc,phases,start] GC(176) Adjust Roots
[35.171s][info][gc,phases      ] GC(176) Adjust Roots 0.225ms
[35.171s][info][gc,phases,start] GC(176) Compaction Phase
[35.269s][info][gc,phases      ] GC(176) Compaction Phase 97.944ms
[35.269s][info][gc,phases,start] GC(176) Post Compact
[35.270s][info][gc,phases      ] GC(176) Post Compact 1.703ms
[35.270s][info][gc,heap        ] GC(176) PSYoungGen: 46070K(89600K)->46070K(89600K) Eden: 25599K(25600K)->25599K(25600K) From: 20470K(64000K)->20470K(64000K)
[35.270s][info][gc,heap        ] GC(176) ParOldGen: 1023922K(1024000K)->1023922K(1024000K)
[35.270s][info][gc,metaspace   ] GC(176) Metaspace: 6298K(6464K)->6298K(6464K) NonClass: 5765K(5824K)->5765K(5824K) Class: 533K(640K)->533K(640K)
[35.270s][info][gc             ] GC(176) Pause Full (Ergonomics) 1044M->1044M(1087M) 400.542ms
[35.271s][info][gc,cpu         ] GC(176) User=1.16s Sys=0.03s Real=0.40s
[35.271s][info][gc,start       ] GC(177) Pause Full (Ergonomics)
[35.271s][info][gc,phases,start] GC(177) Marking Phase
[35.565s][info][gc,phases      ] GC(177) Marking Phase 294.503ms
[35.565s][info][gc,phases,start] GC(177) Summary Phase
[35.565s][info][gc,phases      ] GC(177) Summary Phase 0.029ms
[35.565s][info][gc,phases,start] GC(177) Adjust Roots
[35.566s][info][gc,phases      ] GC(177) Adjust Roots 0.197ms
[35.566s][info][gc,phases,start] GC(177) Compaction Phase
[35.667s][info][gc,phases      ] GC(177) Compaction Phase 101.859ms
[35.668s][info][gc,phases,start] GC(177) Post Compact
[35.669s][info][gc,phases      ] GC(177) Post Compact 1.655ms
[35.669s][info][gc,heap        ] GC(177) PSYoungGen: 46070K(89600K)->46070K(89600K) Eden: 25599K(25600K)->25599K(25600K) From: 20470K(64000K)->20470K(64000K)
[35.669s][info][gc,heap        ] GC(177) ParOldGen: 1023927K(1024000K)->1023927K(1024000K)
[35.669s][info][gc,metaspace   ] GC(177) Metaspace: 6298K(6464K)->6298K(6464K) NonClass: 5765K(5824K)->5765K(5824K) Class: 533K(640K)->533K(640K)
[35.669s][info][gc             ] GC(177) Pause Full (Ergonomics) 1044M->1044M(1087M) 398.553ms
[35.669s][info][gc,cpu         ] GC(177) User=1.11s Sys=0.00s Real=0.40s
[35.670s][info][gc,start       ] GC(178) Pause Full (Ergonomics)
[35.670s][info][gc,phases,start] GC(178) Marking Phase
[35.965s][info][gc,phases      ] GC(178) Marking Phase 295.627ms
[35.965s][info][gc,phases,start] GC(178) Summary Phase
[35.965s][info][gc,phases      ] GC(178) Summary Phase 0.025ms
[35.965s][info][gc,phases,start] GC(178) Adjust Roots
[35.966s][info][gc,phases      ] GC(178) Adjust Roots 0.173ms
[35.966s][info][gc,phases,start] GC(178) Compaction Phase
[36.063s][info][gc,phases      ] GC(178) Compaction Phase 97.775ms
[36.063s][info][gc,phases,start] GC(178) Post Compact
[36.065s][info][gc,phases      ] GC(178) Post Compact 1.646ms
[36.065s][info][gc,heap        ] GC(178) PSYoungGen: 46070K(89600K)->46070K(89600K) Eden: 25599K(25600K)->25599K(25600K) From: 20470K(64000K)->20470K(64000K)
[36.065s][info][gc,heap        ] GC(178) ParOldGen: 1023932K(1024000K)->1023932K(1024000K)
[36.065s][info][gc,metaspace   ] GC(178) Metaspace: 6298K(6464K)->6298K(6464K) NonClass: 5765K(5824K)->5765K(5824K) Class: 533K(640K)->533K(640K)
[36.065s][info][gc             ] GC(178) Pause Full (Ergonomics) 1044M->1044M(1087M) 395.634ms
[36.065s][info][gc,cpu         ] GC(178) User=1.14s Sys=0.02s Real=0.40s
[36.066s][info][gc,start       ] GC(179) Pause Full (Ergonomics)
[36.066s][info][gc,phases,start] GC(179) Marking Phase
[36.372s][info][gc,phases      ] GC(179) Marking Phase 306.797ms
[36.372s][info][gc,phases,start] GC(179) Summary Phase
[36.372s][info][gc,phases      ] GC(179) Summary Phase 0.021ms
[36.372s][info][gc,phases,start] GC(179) Adjust Roots
[36.373s][info][gc,phases      ] GC(179) Adjust Roots 0.181ms
[36.373s][info][gc,phases,start] GC(179) Compaction Phase
[36.471s][info][gc,phases      ] GC(179) Compaction Phase 98.108ms
[36.471s][info][gc,phases,start] GC(179) Post Compact
[36.473s][info][gc,phases      ] GC(179) Post Compact 1.690ms
[36.473s][info][gc,heap        ] GC(179) PSYoungGen: 46070K(89600K)->46070K(89600K) Eden: 25599K(25600K)->25599K(25600K) From: 20470K(64000K)->20470K(64000K)
[36.473s][info][gc,heap        ] GC(179) ParOldGen: 1023936K(1024000K)->1023936K(1024000K)
[36.473s][info][gc,metaspace   ] GC(179) Metaspace: 6298K(6464K)->6298K(6464K) NonClass: 5765K(5824K)->5765K(5824K) Class: 533K(640K)->533K(640K)
[36.473s][info][gc             ] GC(179) Pause Full (Ergonomics) 1044M->1044M(1087M) 407.130ms
[36.473s][info][gc,cpu         ] GC(179) User=1.11s Sys=0.02s Real=0.41s
[36.473s][info][gc,start       ] GC(180) Pause Full (Ergonomics)
[36.473s][info][gc,phases,start] GC(180) Marking Phase
[36.765s][info][gc,phases      ] GC(180) Marking Phase 292.299ms
[36.765s][info][gc,phases,start] GC(180) Summary Phase
[36.765s][info][gc,phases      ] GC(180) Summary Phase 0.031ms
[36.765s][info][gc,phases,start] GC(180) Adjust Roots
[36.766s][info][gc,phases      ] GC(180) Adjust Roots 0.228ms
[36.766s][info][gc,phases,start] GC(180) Compaction Phase
[36.864s][info][gc,phases      ] GC(180) Compaction Phase 98.376ms
[36.864s][info][gc,phases,start] GC(180) Post Compact
[36.866s][info][gc,phases      ] GC(180) Post Compact 1.914ms
[36.866s][info][gc,heap        ] GC(180) PSYoungGen: 46070K(89600K)->46070K(89600K) Eden: 25599K(25600K)->25599K(25600K) From: 20470K(64000K)->20470K(64000K)
[36.866s][info][gc,heap        ] GC(180) ParOldGen: 1023941K(1024000K)->1023941K(1024000K)
[36.866s][info][gc,metaspace   ] GC(180) Metaspace: 6298K(6464K)->6298K(6464K) NonClass: 5765K(5824K)->5765K(5824K) Class: 533K(640K)->533K(640K)
[36.866s][info][gc             ] GC(180) Pause Full (Ergonomics) 1044M->1044M(1087M) 393.263ms
[36.866s][info][gc,cpu         ] GC(180) User=1.16s Sys=0.00s Real=0.39s
[36.866s][info][gc,start       ] GC(181) Pause Full (Ergonomics)
[36.867s][info][gc,phases,start] GC(181) Marking Phase
[37.165s][info][gc,phases      ] GC(181) Marking Phase 298.821ms
[37.165s][info][gc,phases,start] GC(181) Summary Phase
[37.165s][info][gc,phases      ] GC(181) Summary Phase 0.035ms
[37.165s][info][gc,phases,start] GC(181) Adjust Roots
[37.166s][info][gc,phases      ] GC(181) Adjust Roots 0.193ms
[37.166s][info][gc,phases,start] GC(181) Compaction Phase
[37.267s][info][gc,phases      ] GC(181) Compaction Phase 101.288ms
[37.267s][info][gc,phases,start] GC(181) Post Compact
[37.269s][info][gc,phases      ] GC(181) Post Compact 1.665ms
[37.269s][info][gc,heap        ] GC(181) PSYoungGen: 46070K(89600K)->46070K(89600K) Eden: 25599K(25600K)->25599K(25600K) From: 20470K(64000K)->20470K(64000K)
[37.269s][info][gc,heap        ] GC(181) ParOldGen: 1023946K(1024000K)->1023946K(1024000K)
[37.269s][info][gc,metaspace   ] GC(181) Metaspace: 6298K(6464K)->6298K(6464K) NonClass: 5765K(5824K)->5765K(5824K) Class: 533K(640K)->533K(640K)
[37.269s][info][gc             ] GC(181) Pause Full (Ergonomics) 1044M->1044M(1087M) 402.338ms
[37.269s][info][gc,cpu         ] GC(181) User=1.08s Sys=0.00s Real=0.40s
[37.269s][info][gc,start       ] GC(182) Pause Full (Ergonomics)
[37.269s][info][gc,phases,start] GC(182) Marking Phase
[37.563s][info][gc,phases      ] GC(182) Marking Phase 294.102ms
[37.563s][info][gc,phases,start] GC(182) Summary Phase
[37.563s][info][gc,phases      ] GC(182) Summary Phase 0.029ms
[37.563s][info][gc,phases,start] GC(182) Adjust Roots
[37.564s][info][gc,phases      ] GC(182) Adjust Roots 0.216ms
[37.564s][info][gc,phases,start] GC(182) Compaction Phase
[37.662s][info][gc,phases      ] GC(182) Compaction Phase 98.735ms
[37.662s][info][gc,phases,start] GC(182) Post Compact
[37.664s][info][gc,phases      ] GC(182) Post Compact 1.689ms
[37.664s][info][gc,heap        ] GC(182) PSYoungGen: 46070K(89600K)->46070K(89600K) Eden: 25599K(25600K)->25599K(25600K) From: 20470K(64000K)->20470K(64000K)
[37.664s][info][gc,heap        ] GC(182) ParOldGen: 1023950K(1024000K)->1023950K(1024000K)
[37.664s][info][gc,metaspace   ] GC(182) Metaspace: 6298K(6464K)->6298K(6464K) NonClass: 5765K(5824K)->5765K(5824K) Class: 533K(640K)->533K(640K)
[37.664s][info][gc             ] GC(182) Pause Full (Ergonomics) 1044M->1044M(1087M) 395.143ms
[37.664s][info][gc,cpu         ] GC(182) User=1.08s Sys=0.00s Real=0.39s
[37.665s][info][gc,start       ] GC(183) Pause Full (Ergonomics)
[37.665s][info][gc,phases,start] GC(183) Marking Phase
[37.968s][info][gc,phases      ] GC(183) Marking Phase 303.567ms
[37.968s][info][gc,phases,start] GC(183) Summary Phase
[37.968s][info][gc,phases      ] GC(183) Summary Phase 0.024ms
[37.968s][info][gc,phases,start] GC(183) Adjust Roots
[37.968s][info][gc,phases      ] GC(183) Adjust Roots 0.232ms
[37.968s][info][gc,phases,start] GC(183) Compaction Phase
[38.067s][info][gc,phases      ] GC(183) Compaction Phase 98.541ms
[38.067s][info][gc,phases,start] GC(183) Post Compact
[38.069s][info][gc,phases      ] GC(183) Post Compact 1.764ms
[38.069s][info][gc,heap        ] GC(183) PSYoungGen: 46070K(89600K)->46070K(89600K) Eden: 25599K(25600K)->25599K(25600K) From: 20470K(64000K)->20470K(64000K)
[38.069s][info][gc,heap        ] GC(183) ParOldGen: 1023955K(1024000K)->1023955K(1024000K)
[38.069s][info][gc,metaspace   ] GC(183) Metaspace: 6298K(6464K)->6298K(6464K) NonClass: 5765K(5824K)->5765K(5824K) Class: 533K(640K)->533K(640K)
[38.069s][info][gc             ] GC(183) Pause Full (Ergonomics) 1044M->1044M(1087M) 404.503ms
[38.069s][info][gc,cpu         ] GC(183) User=1.17s Sys=0.00s Real=0.40s
[38.069s][info][gc,start       ] GC(184) Pause Full (Ergonomics)
[38.069s][info][gc,phases,start] GC(184) Marking Phase
[38.363s][info][gc,phases      ] GC(184) Marking Phase 293.384ms
[38.363s][info][gc,phases,start] GC(184) Summary Phase
[38.363s][info][gc,phases      ] GC(184) Summary Phase 0.029ms
[38.363s][info][gc,phases,start] GC(184) Adjust Roots
[38.363s][info][gc,phases      ] GC(184) Adjust Roots 0.189ms
[38.363s][info][gc,phases,start] GC(184) Compaction Phase
[38.467s][info][gc,phases      ] GC(184) Compaction Phase 103.437ms
[38.467s][info][gc,phases,start] GC(184) Post Compact
[38.468s][info][gc,phases      ] GC(184) Post Compact 1.669ms
[38.468s][info][gc,heap        ] GC(184) PSYoungGen: 46070K(89600K)->46070K(89600K) Eden: 25599K(25600K)->25599K(25600K) From: 20470K(64000K)->20470K(64000K)
[38.468s][info][gc,heap        ] GC(184) ParOldGen: 1023960K(1024000K)->1023960K(1024000K)
[38.468s][info][gc,metaspace   ] GC(184) Metaspace: 6298K(6464K)->6298K(6464K) NonClass: 5765K(5824K)->5765K(5824K) Class: 533K(640K)->533K(640K)
[38.468s][info][gc             ] GC(184) Pause Full (Ergonomics) 1044M->1044M(1087M) 399.042ms
[38.468s][info][gc,cpu         ] GC(184) User=1.08s Sys=0.00s Real=0.40s
[38.469s][info][gc,start       ] GC(185) Pause Full (Ergonomics)
[38.469s][info][gc,phases,start] GC(185) Marking Phase
[38.765s][info][gc,phases      ] GC(185) Marking Phase 296.609ms
[38.765s][info][gc,phases,start] GC(185) Summary Phase
[38.765s][info][gc,phases      ] GC(185) Summary Phase 0.025ms
[38.765s][info][gc,phases,start] GC(185) Adjust Roots
[38.766s][info][gc,phases      ] GC(185) Adjust Roots 0.226ms
[38.766s][info][gc,phases,start] GC(185) Compaction Phase
[38.864s][info][gc,phases      ] GC(185) Compaction Phase 98.129ms
[38.864s][info][gc,phases,start] GC(185) Post Compact
[38.865s][info][gc,phases      ] GC(185) Post Compact 1.549ms
[38.865s][info][gc,heap        ] GC(185) PSYoungGen: 46070K(89600K)->46070K(89600K) Eden: 25599K(25600K)->25599K(25600K) From: 20470K(64000K)->20470K(64000K)
[38.865s][info][gc,heap        ] GC(185) ParOldGen: 1023964K(1024000K)->1023964K(1024000K)
[38.865s][info][gc,metaspace   ] GC(185) Metaspace: 6298K(6464K)->6298K(6464K) NonClass: 5765K(5824K)->5765K(5824K) Class: 533K(640K)->533K(640K)
[38.866s][info][gc             ] GC(185) Pause Full (Ergonomics) 1044M->1044M(1087M) 396.879ms
[38.866s][info][gc,cpu         ] GC(185) User=1.14s Sys=0.00s Real=0.40s
[38.866s][info][gc,start       ] GC(186) Pause Full (Ergonomics)
[38.866s][info][gc,phases,start] GC(186) Marking Phase
[39.162s][info][gc,phases      ] GC(186) Marking Phase 295.939ms
[39.162s][info][gc,phases,start] GC(186) Summary Phase
[39.162s][info][gc,phases      ] GC(186) Summary Phase 0.029ms
[39.162s][info][gc,phases,start] GC(186) Adjust Roots
[39.162s][info][gc,phases      ] GC(186) Adjust Roots 0.207ms
[39.162s][info][gc,phases,start] GC(186) Compaction Phase
[39.262s][info][gc,phases      ] GC(186) Compaction Phase 100.191ms
[39.262s][info][gc,phases,start] GC(186) Post Compact
[39.264s][info][gc,phases      ] GC(186) Post Compact 1.675ms
[39.264s][info][gc,heap        ] GC(186) PSYoungGen: 46070K(89600K)->46070K(89600K) Eden: 25599K(25600K)->25599K(25600K) From: 20470K(64000K)->20470K(64000K)
[39.264s][info][gc,heap        ] GC(186) ParOldGen: 1023969K(1024000K)->1023969K(1024000K)
[39.264s][info][gc,metaspace   ] GC(186) Metaspace: 6298K(6464K)->6298K(6464K) NonClass: 5765K(5824K)->5765K(5824K) Class: 533K(640K)->533K(640K)
[39.264s][info][gc             ] GC(186) Pause Full (Ergonomics) 1044M->1044M(1087M) 398.422ms
[39.264s][info][gc,cpu         ] GC(186) User=1.11s Sys=0.00s Real=0.40s
[39.264s][info][gc,start       ] GC(187) Pause Full (Ergonomics)
[39.264s][info][gc,phases,start] GC(187) Marking Phase
[39.563s][info][gc,phases      ] GC(187) Marking Phase 298.513ms
[39.563s][info][gc,phases,start] GC(187) Summary Phase
[39.563s][info][gc,phases      ] GC(187) Summary Phase 0.023ms
[39.563s][info][gc,phases,start] GC(187) Adjust Roots
[39.563s][info][gc,phases      ] GC(187) Adjust Roots 0.186ms
[39.563s][info][gc,phases,start] GC(187) Compaction Phase
[39.664s][info][gc,phases      ] GC(187) Compaction Phase 100.855ms
[39.664s][info][gc,phases,start] GC(187) Post Compact
[39.666s][info][gc,phases      ] GC(187) Post Compact 1.746ms
[39.666s][info][gc,heap        ] GC(187) PSYoungGen: 46070K(89600K)->46070K(89600K) Eden: 25599K(25600K)->25599K(25600K) From: 20470K(64000K)->20470K(64000K)
[39.666s][info][gc,heap        ] GC(187) ParOldGen: 1023974K(1024000K)->1023974K(1024000K)
[39.666s][info][gc,metaspace   ] GC(187) Metaspace: 6298K(6464K)->6298K(6464K) NonClass: 5765K(5824K)->5765K(5824K) Class: 533K(640K)->533K(640K)
[39.666s][info][gc             ] GC(187) Pause Full (Ergonomics) 1044M->1044M(1087M) 401.742ms
[39.666s][info][gc,cpu         ] GC(187) User=1.14s Sys=0.00s Real=0.40s
[39.666s][info][gc,start       ] GC(188) Pause Full (Ergonomics)
[39.666s][info][gc,phases,start] GC(188) Marking Phase
[39.963s][info][gc,phases      ] GC(188) Marking Phase 296.055ms
[39.963s][info][gc,phases,start] GC(188) Summary Phase
[39.963s][info][gc,phases      ] GC(188) Summary Phase 0.029ms
[39.963s][info][gc,phases,start] GC(188) Adjust Roots
[39.963s][info][gc,phases      ] GC(188) Adjust Roots 0.205ms
[39.963s][info][gc,phases,start] GC(188) Compaction Phase
[40.062s][info][gc,phases      ] GC(188) Compaction Phase 99.062ms
[40.062s][info][gc,phases,start] GC(188) Post Compact
[40.064s][info][gc,phases      ] GC(188) Post Compact 1.637ms
[40.064s][info][gc,heap        ] GC(188) PSYoungGen: 46070K(89600K)->46070K(89600K) Eden: 25599K(25600K)->25599K(25600K) From: 20470K(64000K)->20470K(64000K)
[40.064s][info][gc,heap        ] GC(188) ParOldGen: 1023978K(1024000K)->1023978K(1024000K)
[40.064s][info][gc,metaspace   ] GC(188) Metaspace: 6298K(6464K)->6298K(6464K) NonClass: 5765K(5824K)->5765K(5824K) Class: 533K(640K)->533K(640K)
[40.064s][info][gc             ] GC(188) Pause Full (Ergonomics) 1044M->1044M(1087M) 397.316ms
[40.064s][info][gc,cpu         ] GC(188) User=1.12s Sys=0.00s Real=0.40s
[40.064s][info][gc,start       ] GC(189) Pause Full (Ergonomics)
[40.064s][info][gc,phases,start] GC(189) Marking Phase
[40.362s][info][gc,phases      ] GC(189) Marking Phase 297.872ms
[40.362s][info][gc,phases,start] GC(189) Summary Phase
[40.362s][info][gc,phases      ] GC(189) Summary Phase 0.024ms
[40.362s][info][gc,phases,start] GC(189) Adjust Roots
[40.362s][info][gc,phases      ] GC(189) Adjust Roots 0.227ms
[40.362s][info][gc,phases,start] GC(189) Compaction Phase
[40.461s][info][gc,phases      ] GC(189) Compaction Phase 98.792ms
[40.461s][info][gc,phases,start] GC(189) Post Compact
[40.463s][info][gc,phases      ] GC(189) Post Compact 1.562ms
[40.463s][info][gc,heap        ] GC(189) PSYoungGen: 46070K(89600K)->46070K(89600K) Eden: 25599K(25600K)->25599K(25600K) From: 20470K(64000K)->20470K(64000K)
[40.463s][info][gc,heap        ] GC(189) ParOldGen: 1023983K(1024000K)->1023983K(1024000K)
[40.463s][info][gc,metaspace   ] GC(189) Metaspace: 6298K(6464K)->6298K(6464K) NonClass: 5765K(5824K)->5765K(5824K) Class: 533K(640K)->533K(640K)
[40.463s][info][gc             ] GC(189) Pause Full (Ergonomics) 1044M->1044M(1087M) 398.779ms
[40.463s][info][gc,cpu         ] GC(189) User=1.14s Sys=0.00s Real=0.40s
[40.463s][info][gc,start       ] GC(190) Pause Full (Ergonomics)
[40.463s][info][gc,phases,start] GC(190) Marking Phase
[40.759s][info][gc,phases      ] GC(190) Marking Phase 295.362ms
[40.759s][info][gc,phases,start] GC(190) Summary Phase
[40.759s][info][gc,phases      ] GC(190) Summary Phase 0.024ms
[40.759s][info][gc,phases,start] GC(190) Adjust Roots
[40.759s][info][gc,phases      ] GC(190) Adjust Roots 0.174ms
[40.759s][info][gc,phases,start] GC(190) Compaction Phase
[40.857s][info][gc,phases      ] GC(190) Compaction Phase 97.746ms
[40.857s][info][gc,phases,start] GC(190) Post Compact
[40.858s][info][gc,phases      ] GC(190) Post Compact 1.688ms
[40.858s][info][gc,heap        ] GC(190) PSYoungGen: 46070K(89600K)->46070K(89600K) Eden: 25599K(25600K)->25599K(25600K) From: 20470K(64000K)->20470K(64000K)
[40.858s][info][gc,heap        ] GC(190) ParOldGen: 1023988K(1024000K)->1023988K(1024000K)
[40.858s][info][gc,metaspace   ] GC(190) Metaspace: 6298K(6464K)->6298K(6464K) NonClass: 5765K(5824K)->5765K(5824K) Class: 533K(640K)->533K(640K)
[40.858s][info][gc             ] GC(190) Pause Full (Ergonomics) 1044M->1044M(1087M) 395.344ms
[40.858s][info][gc,cpu         ] GC(190) User=1.16s Sys=0.00s Real=0.39s
[40.859s][info][gc,start       ] GC(191) Pause Full (Ergonomics)
[40.859s][info][gc,phases,start] GC(191) Marking Phase
[41.157s][info][gc,phases      ] GC(191) Marking Phase 298.370ms
[41.157s][info][gc,phases,start] GC(191) Summary Phase
[41.157s][info][gc,phases      ] GC(191) Summary Phase 0.023ms
[41.157s][info][gc,phases,start] GC(191) Adjust Roots
[41.157s][info][gc,phases      ] GC(191) Adjust Roots 0.200ms
[41.157s][info][gc,phases,start] GC(191) Compaction Phase
[41.259s][info][gc,phases      ] GC(191) Compaction Phase 101.899ms
[41.259s][info][gc,phases,start] GC(191) Post Compact
[41.261s][info][gc,phases      ] GC(191) Post Compact 1.680ms
[41.261s][info][gc,heap        ] GC(191) PSYoungGen: 46070K(89600K)->46070K(89600K) Eden: 25599K(25600K)->25599K(25600K) From: 20470K(64000K)->20470K(64000K)
[41.261s][info][gc,heap        ] GC(191) ParOldGen: 1023992K(1024000K)->1023992K(1024000K)
[41.261s][info][gc,metaspace   ] GC(191) Metaspace: 6298K(6464K)->6298K(6464K) NonClass: 5765K(5824K)->5765K(5824K) Class: 533K(640K)->533K(640K)
[41.261s][info][gc             ] GC(191) Pause Full (Ergonomics) 1044M->1044M(1087M) 402.476ms
[41.261s][info][gc,cpu         ] GC(191) User=1.14s Sys=0.02s Real=0.40s
[41.261s][info][gc,start       ] GC(192) Pause Full (Ergonomics)
[41.262s][info][gc,phases,start] GC(192) Marking Phase
[41.563s][info][gc,phases      ] GC(192) Marking Phase 301.087ms
[41.563s][info][gc,phases,start] GC(192) Summary Phase
[41.563s][info][gc,phases      ] GC(192) Summary Phase 0.024ms
[41.563s][info][gc,phases,start] GC(192) Adjust Roots
[41.563s][info][gc,phases      ] GC(192) Adjust Roots 0.196ms
[41.563s][info][gc,phases,start] GC(192) Compaction Phase
[41.661s][info][gc,phases      ] GC(192) Compaction Phase 98.150ms
[41.661s][info][gc,phases,start] GC(192) Post Compact
[41.663s][info][gc,phases      ] GC(192) Post Compact 1.641ms
[41.663s][info][gc,heap        ] GC(192) PSYoungGen: 46070K(89600K)->46070K(89600K) Eden: 25599K(25600K)->25599K(25600K) From: 20470K(64000K)->20470K(64000K)
[41.663s][info][gc,heap        ] GC(192) ParOldGen: 1023997K(1024000K)->1023997K(1024000K)
[41.663s][info][gc,metaspace   ] GC(192) Metaspace: 6298K(6464K)->6298K(6464K) NonClass: 5765K(5824K)->5765K(5824K) Class: 533K(640K)->533K(640K)
[41.663s][info][gc             ] GC(192) Pause Full (Ergonomics) 1044M->1044M(1087M) 401.426ms
[41.663s][info][gc,cpu         ] GC(192) User=1.11s Sys=0.00s Real=0.40s
[41.663s][info][gc,start       ] GC(193) Pause Full (Ergonomics)
[41.663s][info][gc,phases,start] GC(193) Marking Phase
[41.960s][info][gc,phases      ] GC(193) Marking Phase 297.015ms
[41.960s][info][gc,phases,start] GC(193) Summary Phase
[41.960s][info][gc,phases      ] GC(193) Summary Phase 0.029ms
[41.960s][info][gc,phases,start] GC(193) Adjust Roots
[41.961s][info][gc,phases      ] GC(193) Adjust Roots 0.199ms
[41.961s][info][gc,phases,start] GC(193) Compaction Phase
[42.063s][info][gc,phases      ] GC(193) Compaction Phase 102.248ms
[42.063s][info][gc,phases,start] GC(193) Post Compact
[42.064s][info][gc,phases      ] GC(193) Post Compact 1.573ms
[42.065s][info][gc,heap        ] GC(193) PSYoungGen: 46070K(89600K)->46070K(89600K) Eden: 25599K(25600K)->25599K(25600K) From: 20470K(64000K)->20470K(64000K)
[42.065s][info][gc,heap        ] GC(193) ParOldGen: 1023999K(1024000K)->1023999K(1024000K)
[42.065s][info][gc,metaspace   ] GC(193) Metaspace: 6298K(6464K)->6298K(6464K) NonClass: 5765K(5824K)->5765K(5824K) Class: 533K(640K)->533K(640K)
[42.065s][info][gc             ] GC(193) Pause Full (Ergonomics) 1044M->1044M(1087M) 401.392ms
[42.065s][info][gc,cpu         ] GC(193) User=1.12s Sys=0.00s Real=0.40s
[42.065s][info][gc,start       ] GC(194) Pause Full (Allocation Failure)
[42.065s][info][gc,phases,start] GC(194) Marking Phase
[42.361s][info][gc,phases      ] GC(194) Marking Phase 296.064ms
[42.361s][info][gc,phases,start] GC(194) Summary Phase
[42.361s][info][gc,phases      ] GC(194) Summary Phase 0.024ms
[42.361s][info][gc,phases,start] GC(194) Adjust Roots
[42.361s][info][gc,phases      ] GC(194) Adjust Roots 0.426ms
[42.361s][info][gc,phases,start] GC(194) Compaction Phase
[42.553s][info][gc,phases      ] GC(194) Compaction Phase 191.259ms
[42.553s][info][gc,phases,start] GC(194) Post Compact
[42.555s][info][gc,phases      ] GC(194) Post Compact 2.226ms
[42.555s][info][gc,heap        ] GC(194) PSYoungGen: 46070K(89600K)->46070K(89600K) Eden: 25599K(25600K)->25599K(25600K) From: 20470K(64000K)->20470K(64000K)
[42.555s][info][gc,heap        ] GC(194) ParOldGen: 1023999K(1024000K)->1023995K(1024000K)
[42.555s][info][gc,metaspace   ] GC(194) Metaspace: 6298K(6464K)->6296K(6464K) NonClass: 5765K(5824K)->5763K(5824K) Class: 533K(640K)->532K(640K)
[42.555s][info][gc             ] GC(194) Pause Full (Allocation Failure) 1044M->1044M(1087M) 490.316ms
[42.555s][info][gc,cpu         ] GC(194) User=1.34s Sys=0.00s Real=0.49s
[42.555s][info][gc,start       ] GC(195) Pause Full (Ergonomics)
[42.555s][info][gc,phases,start] GC(195) Marking Phase
[42.848s][info][gc,phases      ] GC(195) Marking Phase 292.069ms
[42.848s][info][gc,phases,start] GC(195) Summary Phase
[42.848s][info][gc,phases      ] GC(195) Summary Phase 0.029ms
[42.848s][info][gc,phases,start] GC(195) Adjust Roots
[42.848s][info][gc,phases      ] GC(195) Adjust Roots 0.194ms
[42.848s][info][gc,phases,start] GC(195) Compaction Phase
[42.949s][info][gc,phases      ] GC(195) Compaction Phase 101.586ms
[42.950s][info][gc,phases,start] GC(195) Post Compact
[42.951s][info][gc,phases      ] GC(195) Post Compact 1.796ms
[42.951s][info][gc,heap        ] GC(195) PSYoungGen: 46070K(89600K)->46070K(89600K) Eden: 25599K(25600K)->25599K(25600K) From: 20470K(64000K)->20470K(64000K)
[42.951s][info][gc,heap        ] GC(195) ParOldGen: 1023997K(1024000K)->1023997K(1024000K)
[42.951s][info][gc,metaspace   ] GC(195) Metaspace: 6296K(6464K)->6296K(6464K) NonClass: 5763K(5824K)->5763K(5824K) Class: 532K(640K)->532K(640K)
[42.951s][info][gc             ] GC(195) Pause Full (Ergonomics) 1044M->1044M(1087M) 396.035ms
[42.952s][info][gc,cpu         ] GC(195) User=1.16s Sys=0.00s Real=0.40s
[42.952s][info][gc,start       ] GC(196) Pause Full (Ergonomics)
[42.952s][info][gc,phases,start] GC(196) Marking Phase
[43.253s][info][gc,phases      ] GC(196) Marking Phase 301.037ms
[43.253s][info][gc,phases,start] GC(196) Summary Phase
[43.253s][info][gc,phases      ] GC(196) Summary Phase 0.022ms
[43.253s][info][gc,phases,start] GC(196) Adjust Roots
[43.253s][info][gc,phases      ] GC(196) Adjust Roots 0.171ms
[43.253s][info][gc,phases,start] GC(196) Compaction Phase
[43.356s][info][gc,phases      ] GC(196) Compaction Phase 102.825ms
[43.356s][info][gc,phases,start] GC(196) Post Compact
[43.358s][info][gc,phases      ] GC(196) Post Compact 1.727ms
[43.358s][info][gc,heap        ] GC(196) PSYoungGen: 46070K(89600K)->46070K(89600K) Eden: 25599K(25600K)->25599K(25600K) From: 20470K(64000K)->20470K(64000K)
[43.358s][info][gc,heap        ] GC(196) ParOldGen: 1023999K(1024000K)->1023999K(1024000K)
[43.358s][info][gc,metaspace   ] GC(196) Metaspace: 6296K(6464K)->6296K(6464K) NonClass: 5763K(5824K)->5763K(5824K) Class: 532K(640K)->532K(640K)
[43.358s][info][gc             ] GC(196) Pause Full (Ergonomics) 1044M->1044M(1087M) 406.095ms
[43.358s][info][gc,cpu         ] GC(196) User=1.19s Sys=0.00s Real=0.41s
[43.358s][info][gc,start       ] GC(197) Pause Full (Allocation Failure)
[43.358s][info][gc,phases,start] GC(197) Marking Phase
[43.655s][info][gc,phases      ] GC(197) Marking Phase 296.733ms
[43.655s][info][gc,phases,start] GC(197) Summary Phase
[43.655s][info][gc,phases      ] GC(197) Summary Phase 0.023ms
[43.655s][info][gc,phases,start] GC(197) Adjust Roots
[43.655s][info][gc,phases      ] GC(197) Adjust Roots 0.176ms
[43.655s][info][gc,phases,start] GC(197) Compaction Phase
[43.756s][info][gc,phases      ] GC(197) Compaction Phase 100.318ms
[43.756s][info][gc,phases,start] GC(197) Post Compact
[43.757s][info][gc,phases      ] GC(197) Post Compact 1.653ms
[43.757s][info][gc,heap        ] GC(197) PSYoungGen: 46070K(89600K)->46070K(89600K) Eden: 25599K(25600K)->25599K(25600K) From: 20470K(64000K)->20470K(64000K)
[43.757s][info][gc,heap        ] GC(197) ParOldGen: 1023999K(1024000K)->1023999K(1024000K)
[43.757s][info][gc,metaspace   ] GC(197) Metaspace: 6296K(6464K)->6296K(6464K) NonClass: 5763K(5824K)->5763K(5824K) Class: 532K(640K)->532K(640K)
[43.757s][info][gc             ] GC(197) Pause Full (Allocation Failure) 1044M->1044M(1087M) 399.200ms
[43.757s][info][gc,cpu         ] GC(197) User=1.19s Sys=0.00s Real=0.40s
[43.758s][info][gc,start       ] GC(198) Pause Full (Ergonomics)
[43.758s][info][gc,phases,start] GC(198) Marking Phase
[44.052s][info][gc,phases      ] GC(198) Marking Phase 293.650ms
[44.052s][info][gc,phases,start] GC(198) Summary Phase
[44.052s][info][gc,phases      ] GC(198) Summary Phase 0.030ms
[44.052s][info][gc,phases,start] GC(198) Adjust Roots
[44.052s][info][gc,phases      ] GC(198) Adjust Roots 0.263ms
[44.052s][info][gc,phases,start] GC(198) Compaction Phase
[44.244s][info][gc,phases      ] GC(198) Compaction Phase 192.074ms
[44.244s][info][gc,phases,start] GC(198) Post Compact
[44.246s][info][gc,phases      ] GC(198) Post Compact 2.102ms
[44.246s][info][gc,heap        ] GC(198) PSYoungGen: 46070K(89600K)->46070K(89600K) Eden: 25600K(25600K)->25600K(25600K) From: 20470K(64000K)->20470K(64000K)
[44.246s][info][gc,heap        ] GC(198) ParOldGen: 1024000K(1024000K)->1023998K(1024000K)
[44.246s][info][gc,metaspace   ] GC(198) Metaspace: 6296K(6464K)->6296K(6464K) NonClass: 5763K(5824K)->5763K(5824K) Class: 532K(640K)->532K(640K)
[44.247s][info][gc             ] GC(198) Pause Full (Ergonomics) 1044M->1044M(1087M) 488.476ms
[44.247s][info][gc,cpu         ] GC(198) User=1.30s Sys=0.03s Real=0.49s
[44.248s][info][gc,start       ] GC(199) Pause Full (Ergonomics)
[44.248s][info][gc,phases,start] GC(199) Marking Phase
[44.544s][info][gc,phases      ] GC(199) Marking Phase 296.292ms
[44.544s][info][gc,phases,start] GC(199) Summary Phase
[44.544s][info][gc,phases      ] GC(199) Summary Phase 0.024ms
[44.544s][info][gc,phases,start] GC(199) Adjust Roots
[44.545s][info][gc,phases      ] GC(199) Adjust Roots 0.512ms
[44.545s][info][gc,phases,start] GC(199) Compaction Phase
[44.738s][info][gc,phases      ] GC(199) Compaction Phase 193.056ms
[44.738s][info][gc,phases,start] GC(199) Post Compact
[44.740s][info][gc,phases      ] GC(199) Post Compact 2.138ms
[44.740s][info][gc,heap        ] GC(199) PSYoungGen: 46070K(89600K)->46070K(89600K) Eden: 25600K(25600K)->25600K(25600K) From: 20470K(64000K)->20470K(64000K)
[44.740s][info][gc,heap        ] GC(199) ParOldGen: 1023999K(1024000K)->1023996K(1024000K)
[44.740s][info][gc,metaspace   ] GC(199) Metaspace: 6298K(6464K)->6298K(6464K) NonClass: 5764K(5824K)->5764K(5824K) Class: 533K(640K)->533K(640K)
[44.740s][info][gc             ] GC(199) Pause Full (Ergonomics) 1044M->1044M(1087M) 492.372ms
[44.740s][info][gc,cpu         ] GC(199) User=1.38s Sys=0.00s Real=0.49s
[44.741s][info][gc,start       ] GC(200) Pause Full (Ergonomics)
[44.741s][info][gc,phases,start] GC(200) Marking Phase
[45.036s][info][gc,phases      ] GC(200) Marking Phase 295.043ms
[45.036s][info][gc,phases,start] GC(200) Summary Phase
[45.036s][info][gc,phases      ] GC(200) Summary Phase 0.030ms
[45.036s][info][gc,phases,start] GC(200) Adjust Roots
[45.036s][info][gc,phases      ] GC(200) Adjust Roots 0.220ms
[45.036s][info][gc,phases,start] GC(200) Compaction Phase
[45.135s][info][gc,phases      ] GC(200) Compaction Phase 99.123ms
[45.135s][info][gc,phases,start] GC(200) Post Compact
[45.137s][info][gc,phases      ] GC(200) Post Compact 1.670ms
[45.137s][info][gc,heap        ] GC(200) PSYoungGen: 46070K(89600K)->46070K(89600K) Eden: 25600K(25600K)->25600K(25600K) From: 20470K(64000K)->20470K(64000K)
[45.137s][info][gc,heap        ] GC(200) ParOldGen: 1023997K(1024000K)->1023997K(1024000K)
[45.137s][info][gc,metaspace   ] GC(200) Metaspace: 6299K(6464K)->6299K(6464K) NonClass: 5765K(5824K)->5765K(5824K) Class: 534K(640K)->534K(640K)
[45.137s][info][gc             ] GC(200) Pause Full (Ergonomics) 1044M->1044M(1087M) 396.424ms
[45.137s][info][gc,cpu         ] GC(200) User=1.08s Sys=0.00s Real=0.40s
[45.138s][info][gc,heap,exit   ] Heap
[45.138s][info][gc,heap,exit   ]  PSYoungGen      total 89600K, used 46070K [0x00000000e0c00000, 0x00000000ea700000, 0x0000000100000000)
[45.138s][info][gc,heap,exit   ]   eden space 25600K, 100% used [0x00000000e0c00000,0x00000000e2500000,0x00000000e2500000)
[45.138s][info][gc,heap,exit   ]   from space 64000K, 31% used [0x00000000e6480000,0x00000000e787d988,0x00000000ea300000)
[45.138s][info][gc,heap,exit   ]   to   space 65024K, 0% used [0x00000000e2500000,0x00000000e2500000,0x00000000e6480000)
[45.138s][info][gc,heap,exit   ]  ParOldGen       total 1024000K, used 1023997K [0x00000000a2400000, 0x00000000e0c00000, 0x00000000e0c00000)
[45.138s][info][gc,heap,exit   ]   object space 1024000K, 99% used [0x00000000a2400000,0x00000000e0bff5c8,0x00000000e0c00000)
[45.138s][info][gc,heap,exit   ]  Metaspace       used 6301K, committed 6464K, reserved 1114112K
[45.138s][info][gc,heap,exit   ]   class space    used 534K, committed 640K, reserved 1048576K
