[0.013s][info][gc,init] CardTable entry size: 512
[0.014s][info][gc     ] Using Parallel
[0.014s][info][gc,init] Version: 18.0.1+10 (release)
[0.014s][info][gc,init] CPUs: 8 total, 8 available
[0.014s][info][gc,init] Memory: 16063M
[0.014s][info][gc,init] Large Page Support: Disabled
[0.014s][info][gc,init] NUMA Support: Disabled
[0.014s][info][gc,init] Compressed Oops: Enabled (32-bit)
[0.014s][info][gc,init] Alignments: Space 512K, Generation 512K, Heap 2M
[0.014s][info][gc,init] Heap Min Capacity: 2M
[0.014s][info][gc,init] Heap Initial Capacity: 2M
[0.014s][info][gc,init] Heap Max Capacity: 1500M
[0.015s][info][gc,init] Pre-touch: Disabled
[0.015s][info][gc,init] Parallel Workers: 8
[0.015s][info][gc,metaspace] CDS archive(s) not mapped
[0.015s][info][gc,metaspace] Compressed class space mapped at: 0x0000000100000000-0x0000000140000000, reserved size: 1073741824
[0.015s][info][gc,metaspace] Narrow klass base: 0x0000000000000000, Narrow klass shift: 3, Narrow klass range: 0x140000000
[0.123s][info][gc,start    ] GC(0) Pause Young (Allocation Failure)
[0.124s][info][gc,heap     ] GC(0) PSYoungGen: 512K(1024K)->496K(1024K) Eden: 512K(512K)->0K(512K) From: 0K(512K)->496K(512K)
[0.125s][info][gc,heap     ] GC(0) ParOldGen: 0K(512K)->40K(512K)
[0.125s][info][gc,metaspace] GC(0) Metaspace: 4230K(4352K)->4230K(4352K) NonClass: 3909K(3968K)->3909K(3968K) Class: 321K(384K)->321K(384K)
[0.125s][info][gc          ] GC(0) Pause Young (Allocation Failure) 0M->0M(1M) 1.638ms
[0.125s][info][gc,cpu      ] GC(0) User=0.00s Sys=0.00s Real=0.00s
[0.184s][info][gc,start    ] GC(1) Pause Young (Allocation Failure)
[0.185s][info][gc,heap     ] GC(1) PSYoungGen: 1007K(1024K)->512K(1536K) Eden: 511K(512K)->0K(1024K) From: 496K(512K)->512K(512K)
[0.185s][info][gc,heap     ] GC(1) ParOldGen: 40K(512K)->136K(512K)
[0.185s][info][gc,metaspace] GC(1) Metaspace: 5882K(6016K)->5882K(6016K) NonClass: 5385K(5504K)->5385K(5504K) Class: 496K(512K)->496K(512K)
[0.185s][info][gc          ] GC(1) Pause Young (Allocation Failure) 1M->0M(2M) 0.927ms
[0.185s][info][gc,cpu      ] GC(1) User=0.00s Sys=0.00s Real=0.00s
[0.205s][info][gc,start    ] GC(2) Pause Young (Allocation Failure)
[0.206s][info][gc,heap     ] GC(2) PSYoungGen: 1536K(1536K)->512K(1536K) Eden: 1024K(1024K)->0K(1024K) From: 512K(512K)->512K(512K)
[0.206s][info][gc,heap     ] GC(2) ParOldGen: 136K(512K)->568K(1024K)
[0.206s][info][gc,metaspace] GC(2) Metaspace: 6300K(6464K)->6300K(6464K) NonClass: 5766K(5824K)->5766K(5824K) Class: 533K(640K)->533K(640K)
[0.206s][info][gc          ] GC(2) Pause Young (Allocation Failure) 1M->1M(2M) 0.979ms
[0.206s][info][gc,cpu      ] GC(2) User=0.00s Sys=0.00s Real=0.00s
[0.206s][info][gc,start    ] GC(3) Pause Full (Ergonomics)
[0.206s][info][gc,phases,start] GC(3) Marking Phase
[0.207s][info][gc,phases      ] GC(3) Marking Phase 0.851ms
[0.207s][info][gc,phases,start] GC(3) Summary Phase
[0.207s][info][gc,phases      ] GC(3) Summary Phase 0.013ms
[0.207s][info][gc,phases,start] GC(3) Adjust Roots
[0.208s][info][gc,phases      ] GC(3) Adjust Roots 0.336ms
[0.208s][info][gc,phases,start] GC(3) Compaction Phase
[0.211s][info][gc,phases      ] GC(3) Compaction Phase 3.107ms
[0.211s][info][gc,phases,start] GC(3) Post Compact
[0.211s][info][gc,phases      ] GC(3) Post Compact 0.095ms
[0.211s][info][gc,heap        ] GC(3) PSYoungGen: 512K(1536K)->0K(2048K) Eden: 0K(1024K)->0K(1536K) From: 512K(512K)->0K(512K)
[0.211s][info][gc,heap        ] GC(3) ParOldGen: 568K(1024K)->980K(2560K)
[0.211s][info][gc,metaspace   ] GC(3) Metaspace: 6300K(6464K)->6300K(6464K) NonClass: 5766K(5824K)->5766K(5824K) Class: 533K(640K)->533K(640K)
[0.211s][info][gc             ] GC(3) Pause Full (Ergonomics) 1M->0M(4M) 4.673ms
[0.211s][info][gc,cpu         ] GC(3) User=0.00s Sys=0.02s Real=0.01s
[0.214s][info][gc,start       ] GC(4) Pause Young (Allocation Failure)
[0.215s][info][gc,heap        ] GC(4) PSYoungGen: 1536K(2048K)->480K(2560K) Eden: 1536K(1536K)->0K(2048K) From: 0K(512K)->480K(512K)
[0.215s][info][gc,heap        ] GC(4) ParOldGen: 980K(2560K)->1332K(2560K)
[0.215s][info][gc,metaspace   ] GC(4) Metaspace: 6300K(6464K)->6300K(6464K) NonClass: 5766K(5824K)->5766K(5824K) Class: 533K(640K)->533K(640K)
[0.215s][info][gc             ] GC(4) Pause Young (Allocation Failure) 2M->1M(5M) 0.959ms
[0.215s][info][gc,cpu         ] GC(4) User=0.00s Sys=0.00s Real=0.00s
[0.217s][info][gc,start       ] GC(5) Pause Young (Allocation Failure)
[0.219s][info][gc,heap        ] GC(5) PSYoungGen: 2528K(2560K)->480K(1536K) Eden: 2047K(2048K)->0K(1024K) From: 480K(512K)->480K(512K)
[0.219s][info][gc,heap        ] GC(5) ParOldGen: 1332K(2560K)->2532K(2560K)
[0.219s][info][gc,metaspace   ] GC(5) Metaspace: 6300K(6464K)->6300K(6464K) NonClass: 5766K(5824K)->5766K(5824K) Class: 533K(640K)->533K(640K)
[0.219s][info][gc             ] GC(5) Pause Young (Allocation Failure) 3M->2M(4M) 1.589ms
[0.219s][info][gc,cpu         ] GC(5) User=0.00s Sys=0.00s Real=0.00s
[0.219s][info][gc,start       ] GC(6) Pause Full (Ergonomics)
[0.219s][info][gc,phases,start] GC(6) Marking Phase
[0.220s][info][gc,phases      ] GC(6) Marking Phase 1.392ms
[0.221s][info][gc,phases,start] GC(6) Summary Phase
[0.221s][info][gc,phases      ] GC(6) Summary Phase 0.014ms
[0.221s][info][gc,phases,start] GC(6) Adjust Roots
[0.221s][info][gc,phases      ] GC(6) Adjust Roots 0.267ms
[0.221s][info][gc,phases,start] GC(6) Compaction Phase
[0.223s][info][gc,phases      ] GC(6) Compaction Phase 1.808ms
[0.223s][info][gc,phases,start] GC(6) Post Compact
[0.223s][info][gc,phases      ] GC(6) Post Compact 0.028ms
[0.223s][info][gc,heap        ] GC(6) PSYoungGen: 480K(1536K)->346K(1536K) Eden: 0K(1024K)->0K(1024K) From: 480K(512K)->346K(512K)
[0.223s][info][gc,heap        ] GC(6) ParOldGen: 2532K(2560K)->2457K(5632K)
[0.223s][info][gc,metaspace   ] GC(6) Metaspace: 6300K(6464K)->6300K(6464K) NonClass: 5766K(5824K)->5766K(5824K) Class: 533K(640K)->533K(640K)
[0.223s][info][gc             ] GC(6) Pause Full (Ergonomics) 2M->2M(7M) 3.824ms
[0.223s][info][gc,cpu         ] GC(6) User=0.02s Sys=0.00s Real=0.00s
[0.224s][info][gc,start       ] GC(7) Pause Young (Allocation Failure)
[0.225s][info][gc,heap        ] GC(7) PSYoungGen: 1370K(1536K)->960K(3072K) Eden: 1023K(1024K)->0K(1024K) From: 346K(512K)->960K(2048K)
[0.225s][info][gc,heap        ] GC(7) ParOldGen: 2457K(5632K)->2457K(5632K)
[0.225s][info][gc,metaspace   ] GC(7) Metaspace: 6300K(6464K)->6300K(6464K) NonClass: 5766K(5824K)->5766K(5824K) Class: 533K(640K)->533K(640K)
[0.225s][info][gc             ] GC(7) Pause Young (Allocation Failure) 3M->3M(8M) 0.970ms
[0.225s][info][gc,cpu         ] GC(7) User=0.00s Sys=0.00s Real=0.00s
[0.227s][info][gc,start       ] GC(8) Pause Young (Allocation Failure)
[0.228s][info][gc,heap        ] GC(8) PSYoungGen: 1984K(3072K)->1504K(2560K) Eden: 1024K(1024K)->0K(1024K) From: 960K(2048K)->1504K(1536K)
[0.228s][info][gc,heap        ] GC(8) ParOldGen: 2457K(5632K)->2465K(5632K)
[0.228s][info][gc,metaspace   ] GC(8) Metaspace: 6300K(6464K)->6300K(6464K) NonClass: 5766K(5824K)->5766K(5824K) Class: 533K(640K)->533K(640K)
[0.229s][info][gc             ] GC(8) Pause Young (Allocation Failure) 4M->3M(8M) 1.120ms
[0.229s][info][gc,cpu         ] GC(8) User=0.00s Sys=0.00s Real=0.00s
[0.230s][info][gc,start       ] GC(9) Pause Young (Allocation Failure)
[0.231s][info][gc,heap        ] GC(9) PSYoungGen: 2527K(2560K)->1984K(3072K) Eden: 1023K(1024K)->0K(1024K) From: 1504K(1536K)->1984K(2048K)
[0.231s][info][gc,heap        ] GC(9) ParOldGen: 2465K(5632K)->2465K(5632K)
[0.231s][info][gc,metaspace   ] GC(9) Metaspace: 6300K(6464K)->6300K(6464K) NonClass: 5766K(5824K)->5766K(5824K) Class: 533K(640K)->533K(640K)
[0.231s][info][gc             ] GC(9) Pause Young (Allocation Failure) 4M->4M(8M) 1.000ms
[0.231s][info][gc,cpu         ] GC(9) User=0.00s Sys=0.00s Real=0.00s
[0.233s][info][gc,start       ] GC(10) Pause Young (Allocation Failure)
[0.235s][info][gc,heap        ] GC(10) PSYoungGen: 3007K(3072K)->2400K(4608K) Eden: 1023K(1024K)->0K(2048K) From: 1984K(2048K)->2400K(2560K)
[0.235s][info][gc,heap        ] GC(10) ParOldGen: 2465K(5632K)->2609K(5632K)
[0.235s][info][gc,metaspace   ] GC(10) Metaspace: 6300K(6464K)->6300K(6464K) NonClass: 5766K(5824K)->5766K(5824K) Class: 533K(640K)->533K(640K)
[0.235s][info][gc             ] GC(10) Pause Young (Allocation Failure) 5M->4M(10M) 2.026ms
[0.235s][info][gc,cpu         ] GC(10) User=0.00s Sys=0.00s Real=0.00s
[0.238s][info][gc,start       ] GC(11) Pause Young (Allocation Failure)
[0.240s][info][gc,heap        ] GC(11) PSYoungGen: 4448K(4608K)->2528K(4608K) Eden: 2048K(2048K)->0K(2048K) From: 2400K(2560K)->2528K(2560K)
[0.240s][info][gc,heap        ] GC(11) ParOldGen: 2609K(5632K)->3497K(5632K)
[0.240s][info][gc,metaspace   ] GC(11) Metaspace: 6300K(6464K)->6300K(6464K) NonClass: 5766K(5824K)->5766K(5824K) Class: 533K(640K)->533K(640K)
[0.240s][info][gc             ] GC(11) Pause Young (Allocation Failure) 6M->5M(10M) 1.933ms
[0.240s][info][gc,cpu         ] GC(11) User=0.02s Sys=0.00s Real=0.00s
[0.244s][info][gc,start       ] GC(12) Pause Young (Allocation Failure)
[0.246s][info][gc,heap        ] GC(12) PSYoungGen: 4576K(4608K)->2848K(6656K) Eden: 2048K(2048K)->0K(3072K) From: 2528K(2560K)->2848K(3584K)
[0.246s][info][gc,heap        ] GC(12) ParOldGen: 3497K(5632K)->4353K(5632K)
[0.246s][info][gc,metaspace   ] GC(12) Metaspace: 6300K(6464K)->6300K(6464K) NonClass: 5766K(5824K)->5766K(5824K) Class: 533K(640K)->533K(640K)
[0.246s][info][gc             ] GC(12) Pause Young (Allocation Failure) 7M->7M(12M) 2.037ms
[0.246s][info][gc,cpu         ] GC(12) User=0.00s Sys=0.00s Real=0.00s
[0.250s][info][gc,start       ] GC(13) Pause Young (Allocation Failure)
[0.252s][info][gc,heap        ] GC(13) PSYoungGen: 5920K(6656K)->2848K(6656K) Eden: 3072K(3072K)->0K(3072K) From: 2848K(3584K)->2848K(3584K)
[0.252s][info][gc,heap        ] GC(13) ParOldGen: 4353K(5632K)->5977K(6144K)
[0.252s][info][gc,metaspace   ] GC(13) Metaspace: 6300K(6464K)->6300K(6464K) NonClass: 5766K(5824K)->5766K(5824K) Class: 533K(640K)->533K(640K)
[0.252s][info][gc             ] GC(13) Pause Young (Allocation Failure) 10M->8M(12M) 2.305ms
[0.252s][info][gc,cpu         ] GC(13) User=0.00s Sys=0.00s Real=0.00s
[0.252s][info][gc,start       ] GC(14) Pause Full (Ergonomics)
[0.252s][info][gc,phases,start] GC(14) Marking Phase
[0.255s][info][gc,phases      ] GC(14) Marking Phase 2.607ms
[0.255s][info][gc,phases,start] GC(14) Summary Phase
[0.255s][info][gc,phases      ] GC(14) Summary Phase 0.013ms
[0.255s][info][gc,phases,start] GC(14) Adjust Roots
[0.255s][info][gc,phases      ] GC(14) Adjust Roots 0.186ms
[0.255s][info][gc,phases,start] GC(14) Compaction Phase
[0.258s][info][gc,phases      ] GC(14) Compaction Phase 3.335ms
[0.258s][info][gc,phases,start] GC(14) Post Compact
[0.258s][info][gc,phases      ] GC(14) Post Compact 0.037ms
[0.259s][info][gc,heap        ] GC(14) PSYoungGen: 2848K(6656K)->2747K(6656K) Eden: 0K(3072K)->0K(3072K) From: 2848K(3584K)->2747K(3584K)
[0.259s][info][gc,heap        ] GC(14) ParOldGen: 5977K(6144K)->5776K(10752K)
[0.259s][info][gc,metaspace   ] GC(14) Metaspace: 6300K(6464K)->6300K(6464K) NonClass: 5766K(5824K)->5766K(5824K) Class: 533K(640K)->533K(640K)
[0.259s][info][gc             ] GC(14) Pause Full (Ergonomics) 8M->8M(17M) 6.467ms
[0.259s][info][gc,cpu         ] GC(14) User=0.00s Sys=0.00s Real=0.01s
[0.263s][info][gc,start       ] GC(15) Pause Young (Allocation Failure)
[0.266s][info][gc,heap        ] GC(15) PSYoungGen: 5819K(6656K)->1696K(7680K) Eden: 3072K(3072K)->0K(4608K) From: 2747K(3584K)->1696K(3072K)
[0.266s][info][gc,heap        ] GC(15) ParOldGen: 5776K(10752K)->8600K(10752K)
[0.266s][info][gc,metaspace   ] GC(15) Metaspace: 6300K(6464K)->6300K(6464K) NonClass: 5766K(5824K)->5766K(5824K) Class: 533K(640K)->533K(640K)
[0.266s][info][gc             ] GC(15) Pause Young (Allocation Failure) 11M->10M(18M) 2.991ms
[0.266s][info][gc,cpu         ] GC(15) User=0.00s Sys=0.00s Real=0.00s
[0.266s][info][gc,start       ] GC(16) Pause Full (Ergonomics)
[0.266s][info][gc,phases,start] GC(16) Marking Phase
[0.269s][info][gc,phases      ] GC(16) Marking Phase 2.997ms
[0.269s][info][gc,phases,start] GC(16) Summary Phase
[0.269s][info][gc,phases      ] GC(16) Summary Phase 0.018ms
[0.269s][info][gc,phases,start] GC(16) Adjust Roots
[0.269s][info][gc,phases      ] GC(16) Adjust Roots 0.194ms
[0.269s][info][gc,phases,start] GC(16) Compaction Phase
[0.272s][info][gc,phases      ] GC(16) Compaction Phase 2.900ms
[0.272s][info][gc,phases,start] GC(16) Post Compact
[0.272s][info][gc,phases      ] GC(16) Post Compact 0.052ms
[0.272s][info][gc,heap        ] GC(16) PSYoungGen: 1696K(7680K)->0K(8192K) Eden: 0K(4608K)->0K(4608K) From: 1696K(3072K)->0K(3584K)
[0.273s][info][gc,heap        ] GC(16) ParOldGen: 8600K(10752K)->10100K(16896K)
[0.273s][info][gc,metaspace   ] GC(16) Metaspace: 6300K(6464K)->6300K(6464K) NonClass: 5766K(5824K)->5766K(5824K) Class: 533K(640K)->533K(640K)
[0.273s][info][gc             ] GC(16) Pause Full (Ergonomics) 10M->9M(24M) 6.492ms
[0.273s][info][gc,cpu         ] GC(16) User=0.00s Sys=0.00s Real=0.01s
[0.280s][info][gc,start       ] GC(17) Pause Young (Allocation Failure)
[0.282s][info][gc,heap        ] GC(17) PSYoungGen: 4608K(8192K)->2752K(9728K) Eden: 4608K(4608K)->0K(6144K) From: 0K(3584K)->2752K(3584K)
[0.282s][info][gc,heap        ] GC(17) ParOldGen: 10100K(16896K)->10100K(16896K)
[0.282s][info][gc,metaspace   ] GC(17) Metaspace: 6300K(6464K)->6300K(6464K) NonClass: 5766K(5824K)->5766K(5824K) Class: 533K(640K)->533K(640K)
[0.282s][info][gc             ] GC(17) Pause Young (Allocation Failure) 14M->12M(26M) 2.274ms
[0.282s][info][gc,cpu         ] GC(17) User=0.00s Sys=0.00s Real=0.00s
[0.288s][info][gc,start       ] GC(18) Pause Young (Allocation Failure)
[0.292s][info][gc,heap        ] GC(18) PSYoungGen: 8896K(9728K)->3264K(10240K) Eden: 6144K(6144K)->0K(6144K) From: 2752K(3584K)->3264K(4096K)
[0.292s][info][gc,heap        ] GC(18) ParOldGen: 10100K(16896K)->12796K(16896K)
[0.292s][info][gc,metaspace   ] GC(18) Metaspace: 6301K(6464K)->6301K(6464K) NonClass: 5768K(5824K)->5768K(5824K) Class: 533K(640K)->533K(640K)
[0.292s][info][gc             ] GC(18) Pause Young (Allocation Failure) 18M->15M(26M) 3.526ms
[0.292s][info][gc,cpu         ] GC(18) User=0.00s Sys=0.00s Real=0.00s
[0.296s][info][gc,start       ] GC(19) Pause Young (Allocation Failure)
[0.300s][info][gc,heap        ] GC(19) PSYoungGen: 9408K(10240K)->3296K(12288K) Eden: 6144K(6144K)->0K(8192K) From: 3264K(4096K)->3296K(4096K)
[0.300s][info][gc,heap        ] GC(19) ParOldGen: 12796K(16896K)->16004K(16896K)
[0.300s][info][gc,metaspace   ] GC(19) Metaspace: 6301K(6464K)->6301K(6464K) NonClass: 5768K(5824K)->5768K(5824K) Class: 533K(640K)->533K(640K)
[0.300s][info][gc             ] GC(19) Pause Young (Allocation Failure) 21M->18M(28M) 4.104ms
[0.300s][info][gc,cpu         ] GC(19) User=0.00s Sys=0.00s Real=0.00s
[0.300s][info][gc,start       ] GC(20) Pause Full (Ergonomics)
[0.300s][info][gc,phases,start] GC(20) Marking Phase
[0.304s][info][gc,phases      ] GC(20) Marking Phase 4.151ms
[0.305s][info][gc,phases,start] GC(20) Summary Phase
[0.305s][info][gc,phases      ] GC(20) Summary Phase 0.016ms
[0.305s][info][gc,phases,start] GC(20) Adjust Roots
[0.305s][info][gc,phases      ] GC(20) Adjust Roots 0.201ms
[0.305s][info][gc,phases,start] GC(20) Compaction Phase
[0.311s][info][gc,phases      ] GC(20) Compaction Phase 6.201ms
[0.311s][info][gc,phases,start] GC(20) Post Compact
[0.311s][info][gc,phases      ] GC(20) Post Compact 0.083ms
[0.311s][info][gc,heap        ] GC(20) PSYoungGen: 3296K(12288K)->2148K(12288K) Eden: 0K(8192K)->0K(8192K) From: 3296K(4096K)->2148K(4096K)
[0.311s][info][gc,heap        ] GC(20) ParOldGen: 16004K(16896K)->16622K(25600K)
[0.311s][info][gc,metaspace   ] GC(20) Metaspace: 6301K(6464K)->6301K(6464K) NonClass: 5768K(5824K)->5768K(5824K) Class: 533K(640K)->533K(640K)
[0.311s][info][gc             ] GC(20) Pause Full (Ergonomics) 18M->18M(37M) 10.965ms
[0.311s][info][gc,cpu         ] GC(20) User=0.02s Sys=0.00s Real=0.01s
[0.316s][info][gc,start       ] GC(21) Pause Young (Allocation Failure)
[0.320s][info][gc,heap        ] GC(21) PSYoungGen: 9773K(12288K)->4064K(12800K) Eden: 7624K(8192K)->0K(8192K) From: 2148K(4096K)->4064K(4608K)
[0.320s][info][gc,heap        ] GC(21) ParOldGen: 16622K(25600K)->18838K(25600K)
[0.320s][info][gc,metaspace   ] GC(21) Metaspace: 6301K(6464K)->6301K(6464K) NonClass: 5768K(5824K)->5768K(5824K) Class: 533K(640K)->533K(640K)
[0.320s][info][gc             ] GC(21) Pause Young (Allocation Failure) 25M->22M(37M) 4.025ms
[0.320s][info][gc,cpu         ] GC(21) User=0.12s Sys=0.00s Real=0.00s
[0.328s][info][gc,start       ] GC(22) Pause Young (Allocation Failure)
[0.335s][info][gc,heap        ] GC(22) PSYoungGen: 12256K(12800K)->5088K(12800K) Eden: 8192K(8192K)->0K(7680K) From: 4064K(4608K)->5088K(5120K)
[0.335s][info][gc,heap        ] GC(22) ParOldGen: 18838K(25600K)->23654K(25600K)
[0.335s][info][gc,metaspace   ] GC(22) Metaspace: 6301K(6464K)->6301K(6464K) NonClass: 5768K(5824K)->5768K(5824K) Class: 533K(640K)->533K(640K)
[0.335s][info][gc             ] GC(22) Pause Young (Allocation Failure) 30M->28M(37M) 6.919ms
[0.335s][info][gc,cpu         ] GC(22) User=0.03s Sys=0.00s Real=0.01s
[0.335s][info][gc,start       ] GC(23) Pause Full (Ergonomics)
[0.335s][info][gc,phases,start] GC(23) Marking Phase
[0.341s][info][gc,phases      ] GC(23) Marking Phase 5.707ms
[0.341s][info][gc,phases,start] GC(23) Summary Phase
[0.341s][info][gc,phases      ] GC(23) Summary Phase 0.016ms
[0.341s][info][gc,phases,start] GC(23) Adjust Roots
[0.341s][info][gc,phases      ] GC(23) Adjust Roots 0.200ms
[0.341s][info][gc,phases,start] GC(23) Compaction Phase
[0.349s][info][gc,phases      ] GC(23) Compaction Phase 8.035ms
[0.349s][info][gc,phases,start] GC(23) Post Compact
[0.349s][info][gc,phases      ] GC(23) Post Compact 0.121ms
[0.349s][info][gc,heap        ] GC(23) PSYoungGen: 5088K(12800K)->1415K(12800K) Eden: 0K(7680K)->0K(7680K) From: 5088K(5120K)->1415K(5120K)
[0.349s][info][gc,heap        ] GC(23) ParOldGen: 23654K(25600K)->25480K(36864K)
[0.349s][info][gc,metaspace   ] GC(23) Metaspace: 6301K(6464K)->6301K(6464K) NonClass: 5768K(5824K)->5768K(5824K) Class: 533K(640K)->533K(640K)
[0.349s][info][gc             ] GC(23) Pause Full (Ergonomics) 28M->26M(48M) 14.428ms
[0.349s][info][gc,cpu         ] GC(23) User=0.00s Sys=0.00s Real=0.01s
[0.354s][info][gc,start       ] GC(24) Pause Young (Allocation Failure)
[0.359s][info][gc,heap        ] GC(24) PSYoungGen: 9095K(12800K)->4128K(15360K) Eden: 7680K(7680K)->0K(7680K) From: 1415K(5120K)->4128K(7680K)
[0.359s][info][gc,heap        ] GC(24) ParOldGen: 25480K(36864K)->26944K(36864K)
[0.359s][info][gc,metaspace   ] GC(24) Metaspace: 6301K(6464K)->6301K(6464K) NonClass: 5768K(5824K)->5768K(5824K) Class: 533K(640K)->533K(640K)
[0.359s][info][gc             ] GC(24) Pause Young (Allocation Failure) 33M->30M(51M) 4.719ms
[0.359s][info][gc,cpu         ] GC(24) User=0.00s Sys=0.00s Real=0.01s
[0.365s][info][gc,start       ] GC(25) Pause Young (Allocation Failure)
[0.370s][info][gc,heap        ] GC(25) PSYoungGen: 11808K(15360K)->5696K(16896K) Eden: 7680K(7680K)->0K(9216K) From: 4128K(7680K)->5696K(7680K)
[0.370s][info][gc,heap        ] GC(25) ParOldGen: 26944K(36864K)->31000K(36864K)
[0.370s][info][gc,metaspace   ] GC(25) Metaspace: 6301K(6464K)->6301K(6464K) NonClass: 5768K(5824K)->5768K(5824K) Class: 533K(640K)->533K(640K)
[0.370s][info][gc             ] GC(25) Pause Young (Allocation Failure) 37M->35M(52M) 5.059ms
[0.370s][info][gc,cpu         ] GC(25) User=0.00s Sys=0.00s Real=0.01s
[0.378s][info][gc,start       ] GC(26) Pause Young (Allocation Failure)
[0.386s][info][gc,heap        ] GC(26) PSYoungGen: 14126K(16896K)->8192K(17408K) Eden: 8430K(9216K)->0K(9216K) From: 5696K(7680K)->8192K(8192K)
[0.386s][info][gc,heap        ] GC(26) ParOldGen: 31000K(36864K)->36792K(36864K)
[0.386s][info][gc,metaspace   ] GC(26) Metaspace: 6301K(6464K)->6301K(6464K) NonClass: 5768K(5824K)->5768K(5824K) Class: 533K(640K)->533K(640K)
[0.386s][info][gc             ] GC(26) Pause Young (Allocation Failure) 44M->43M(53M) 7.175ms
[0.386s][info][gc,cpu         ] GC(26) User=0.02s Sys=0.00s Real=0.01s
[0.386s][info][gc,start       ] GC(27) Pause Full (Ergonomics)
[0.386s][info][gc,phases,start] GC(27) Marking Phase
[0.397s][info][gc,phases      ] GC(27) Marking Phase 10.930ms
[0.397s][info][gc,phases,start] GC(27) Summary Phase
[0.397s][info][gc,phases      ] GC(27) Summary Phase 0.015ms
[0.397s][info][gc,phases,start] GC(27) Adjust Roots
[0.397s][info][gc,phases      ] GC(27) Adjust Roots 0.195ms
[0.397s][info][gc,phases,start] GC(27) Compaction Phase
[0.408s][info][gc,phases      ] GC(27) Compaction Phase 10.852ms
[0.408s][info][gc,phases,start] GC(27) Post Compact
[0.408s][info][gc,phases      ] GC(27) Post Compact 0.167ms
[0.408s][info][gc,heap        ] GC(27) PSYoungGen: 8192K(17408K)->8148K(17408K) Eden: 0K(9216K)->0K(9216K) From: 8192K(8192K)->8148K(8192K)
[0.408s][info][gc,heap        ] GC(27) ParOldGen: 36792K(36864K)->36548K(50176K)
[0.408s][info][gc,metaspace   ] GC(27) Metaspace: 6301K(6464K)->6301K(6464K) NonClass: 5768K(5824K)->5768K(5824K) Class: 533K(640K)->533K(640K)
[0.408s][info][gc             ] GC(27) Pause Full (Ergonomics) 43M->43M(66M) 22.481ms
[0.408s][info][gc,cpu         ] GC(27) User=0.05s Sys=0.00s Real=0.02s
[0.422s][info][gc,start       ] GC(28) Pause Young (Allocation Failure)
[0.436s][info][gc,heap        ] GC(28) PSYoungGen: 17364K(17408K)->9312K(22528K) Eden: 9216K(9216K)->0K(10752K) From: 8148K(8192K)->9312K(11776K)
[0.436s][info][gc,heap        ] GC(28) ParOldGen: 36548K(50176K)->44852K(50176K)
[0.436s][info][gc,metaspace   ] GC(28) Metaspace: 6301K(6464K)->6301K(6464K) NonClass: 5768K(5824K)->5768K(5824K) Class: 533K(640K)->533K(640K)
[0.436s][info][gc             ] GC(28) Pause Young (Allocation Failure) 52M->52M(71M) 14.377ms
[0.436s][info][gc,cpu         ] GC(28) User=0.00s Sys=0.00s Real=0.02s
[0.436s][info][gc,start       ] GC(29) Pause Full (Ergonomics)
[0.436s][info][gc,phases,start] GC(29) Marking Phase
[0.450s][info][gc,phases      ] GC(29) Marking Phase 13.307ms
[0.450s][info][gc,phases,start] GC(29) Summary Phase
[0.450s][info][gc,phases      ] GC(29) Summary Phase 0.016ms
[0.450s][info][gc,phases,start] GC(29) Adjust Roots
[0.450s][info][gc,phases      ] GC(29) Adjust Roots 0.193ms
[0.450s][info][gc,phases,start] GC(29) Compaction Phase
[0.463s][info][gc,phases      ] GC(29) Compaction Phase 13.218ms
[0.463s][info][gc,phases,start] GC(29) Post Compact
[0.464s][info][gc,phases      ] GC(29) Post Compact 0.209ms
[0.464s][info][gc,heap        ] GC(29) PSYoungGen: 9312K(22528K)->3087K(22528K) Eden: 0K(10752K)->0K(10752K) From: 9312K(11776K)->3087K(11776K)
[0.464s][info][gc,heap        ] GC(29) ParOldGen: 44852K(50176K)->49777K(67072K)
[0.464s][info][gc,metaspace   ] GC(29) Metaspace: 6301K(6464K)->6301K(6464K) NonClass: 5768K(5824K)->5768K(5824K) Class: 533K(640K)->533K(640K)
[0.464s][info][gc             ] GC(29) Pause Full (Ergonomics) 52M->51M(87M) 27.285ms
[0.464s][info][gc,cpu         ] GC(29) User=0.03s Sys=0.00s Real=0.03s
[0.475s][info][gc,start       ] GC(30) Pause Young (Allocation Failure)
[0.483s][info][gc,heap        ] GC(30) PSYoungGen: 13839K(22528K)->10880K(23552K) Eden: 10752K(10752K)->0K(10752K) From: 3087K(11776K)->10880K(12800K)
[0.483s][info][gc,heap        ] GC(30) ParOldGen: 49777K(67072K)->52929K(67072K)
[0.483s][info][gc,metaspace   ] GC(30) Metaspace: 6301K(6464K)->6301K(6464K) NonClass: 5768K(5824K)->5768K(5824K) Class: 533K(640K)->533K(640K)
[0.483s][info][gc             ] GC(30) Pause Young (Allocation Failure) 62M->62M(88M) 8.573ms
[0.483s][info][gc,cpu         ] GC(30) User=0.00s Sys=0.00s Real=0.01s
[0.494s][info][gc,start       ] GC(31) Pause Young (Allocation Failure)
[0.505s][info][gc,heap        ] GC(31) PSYoungGen: 21632K(23552K)->14336K(22528K) Eden: 10752K(10752K)->0K(8192K) From: 10880K(12800K)->14336K(14336K)
[0.505s][info][gc,heap        ] GC(31) ParOldGen: 52929K(67072K)->60193K(67072K)
[0.505s][info][gc,metaspace   ] GC(31) Metaspace: 6301K(6464K)->6301K(6464K) NonClass: 5768K(5824K)->5768K(5824K) Class: 533K(640K)->533K(640K)
[0.505s][info][gc             ] GC(31) Pause Young (Allocation Failure) 72M->72M(87M) 10.684ms
[0.505s][info][gc,cpu         ] GC(31) User=0.02s Sys=0.00s Real=0.01s
[0.505s][info][gc,start       ] GC(32) Pause Full (Ergonomics)
[0.505s][info][gc,phases,start] GC(32) Marking Phase
[0.520s][info][gc,phases      ] GC(32) Marking Phase 15.436ms
[0.521s][info][gc,phases,start] GC(32) Summary Phase
[0.521s][info][gc,phases      ] GC(32) Summary Phase 0.016ms
[0.521s][info][gc,phases,start] GC(32) Adjust Roots
[0.521s][info][gc,phases      ] GC(32) Adjust Roots 0.184ms
[0.521s][info][gc,phases,start] GC(32) Compaction Phase
[0.531s][info][gc,phases      ] GC(32) Compaction Phase 10.146ms
[0.531s][info][gc,phases,start] GC(32) Post Compact
[0.531s][info][gc,phases      ] GC(32) Post Compact 0.328ms
[0.531s][info][gc,heap        ] GC(32) PSYoungGen: 14336K(22528K)->7662K(22528K) Eden: 0K(8192K)->0K(8192K) From: 14336K(14336K)->7662K(14336K)
[0.531s][info][gc,heap        ] GC(32) ParOldGen: 60193K(67072K)->66645K(86016K)
[0.531s][info][gc,metaspace   ] GC(32) Metaspace: 6301K(6464K)->6301K(6464K) NonClass: 5768K(5824K)->5768K(5824K) Class: 533K(640K)->533K(640K)
[0.532s][info][gc             ] GC(32) Pause Full (Ergonomics) 72M->72M(106M) 26.483ms
[0.532s][info][gc,cpu         ] GC(32) User=0.02s Sys=0.00s Real=0.03s
[0.540s][info][gc,start       ] GC(33) Pause Young (Allocation Failure)
[0.550s][info][gc,heap        ] GC(33) PSYoungGen: 15854K(22528K)->8288K(27648K) Eden: 8192K(8192K)->0K(8192K) From: 7662K(14336K)->8288K(19456K)
[0.550s][info][gc,heap        ] GC(33) ParOldGen: 66645K(86016K)->74437K(86016K)
[0.550s][info][gc,metaspace   ] GC(33) Metaspace: 6301K(6464K)->6301K(6464K) NonClass: 5768K(5824K)->5768K(5824K) Class: 533K(640K)->533K(640K)
[0.550s][info][gc             ] GC(33) Pause Young (Allocation Failure) 80M->80M(111M) 9.987ms
[0.550s][info][gc,cpu         ] GC(33) User=0.00s Sys=0.00s Real=0.01s
[0.582s][info][gc,start       ] GC(34) Pause Full (Ergonomics)
[0.582s][info][gc,phases,start] GC(34) Marking Phase
[0.604s][info][gc,phases      ] GC(34) Marking Phase 22.172ms
[0.604s][info][gc,phases,start] GC(34) Summary Phase
[0.604s][info][gc,phases      ] GC(34) Summary Phase 0.017ms
[0.604s][info][gc,phases,start] GC(34) Adjust Roots
[0.605s][info][gc,phases      ] GC(34) Adjust Roots 0.188ms
[0.605s][info][gc,phases,start] GC(34) Compaction Phase
[0.625s][info][gc,phases      ] GC(34) Compaction Phase 20.349ms
[0.625s][info][gc,phases,start] GC(34) Post Compact
[0.625s][info][gc,phases      ] GC(34) Post Compact 0.344ms
[0.625s][info][gc,heap        ] GC(34) PSYoungGen: 16480K(27648K)->7139K(27648K) Eden: 8192K(8192K)->0K(8192K) From: 8288K(19456K)->7139K(19456K)
[0.625s][info][gc,heap        ] GC(34) ParOldGen: 78533K(86016K)->85536K(107520K)
[0.626s][info][gc,metaspace   ] GC(34) Metaspace: 6301K(6464K)->6301K(6464K) NonClass: 5768K(5824K)->5768K(5824K) Class: 533K(640K)->533K(640K)
[0.626s][info][gc             ] GC(34) Pause Full (Ergonomics) 92M->90M(132M) 43.478ms
[0.626s][info][gc,cpu         ] GC(34) User=0.14s Sys=0.00s Real=0.04s
[0.633s][info][gc,start       ] GC(35) Pause Young (Allocation Failure)
[0.644s][info][gc,heap        ] GC(35) PSYoungGen: 15331K(27648K)->15456K(26112K) Eden: 8192K(8192K)->0K(7680K) From: 7139K(19456K)->15456K(18432K)
[0.644s][info][gc,heap        ] GC(35) ParOldGen: 85536K(107520K)->85536K(107520K)
[0.644s][info][gc,metaspace   ] GC(35) Metaspace: 6301K(6464K)->6301K(6464K) NonClass: 5768K(5824K)->5768K(5824K) Class: 533K(640K)->533K(640K)
[0.644s][info][gc             ] GC(35) Pause Young (Allocation Failure) 98M->98M(130M) 10.778ms
[0.644s][info][gc,cpu         ] GC(35) User=0.00s Sys=0.00s Real=0.01s
[0.651s][info][gc,start       ] GC(36) Pause Young (Allocation Failure)
[0.662s][info][gc,heap        ] GC(36) PSYoungGen: 23136K(26112K)->20480K(28160K) Eden: 7680K(7680K)->0K(7680K) From: 15456K(18432K)->20480K(20480K)
[0.662s][info][gc,heap        ] GC(36) ParOldGen: 85536K(107520K)->88120K(107520K)
[0.662s][info][gc,metaspace   ] GC(36) Metaspace: 6301K(6464K)->6301K(6464K) NonClass: 5768K(5824K)->5768K(5824K) Class: 533K(640K)->533K(640K)
[0.662s][info][gc             ] GC(36) Pause Young (Allocation Failure) 106M->106M(132M) 10.777ms
[0.662s][info][gc,cpu         ] GC(36) User=0.02s Sys=0.00s Real=0.01s
[0.669s][info][gc,start       ] GC(37) Pause Young (Allocation Failure)
[0.682s][info][gc,heap        ] GC(37) PSYoungGen: 28160K(28160K)->13760K(33792K) Eden: 7680K(7680K)->0K(9216K) From: 20480K(20480K)->13760K(24576K)
[0.682s][info][gc,heap        ] GC(37) ParOldGen: 88120K(107520K)->102816K(107520K)
[0.682s][info][gc,metaspace   ] GC(37) Metaspace: 6301K(6464K)->6301K(6464K) NonClass: 5768K(5824K)->5768K(5824K) Class: 533K(640K)->533K(640K)
[0.682s][info][gc             ] GC(37) Pause Young (Allocation Failure) 113M->113M(138M) 13.187ms
[0.682s][info][gc,cpu         ] GC(37) User=0.00s Sys=0.02s Real=0.01s
[0.682s][info][gc,start       ] GC(38) Pause Full (Ergonomics)
[0.682s][info][gc,phases,start] GC(38) Marking Phase
[0.708s][info][gc,phases      ] GC(38) Marking Phase 25.649ms
[0.708s][info][gc,phases,start] GC(38) Summary Phase
[0.708s][info][gc,phases      ] GC(38) Summary Phase 0.020ms
[0.708s][info][gc,phases,start] GC(38) Adjust Roots
[0.708s][info][gc,phases      ] GC(38) Adjust Roots 0.192ms
[0.708s][info][gc,phases,start] GC(38) Compaction Phase
[0.726s][info][gc,phases      ] GC(38) Compaction Phase 17.229ms
[0.726s][info][gc,phases,start] GC(38) Post Compact
[0.726s][info][gc,phases      ] GC(38) Post Compact 0.381ms
[0.726s][info][gc,heap        ] GC(38) PSYoungGen: 13760K(33792K)->9001K(33792K) Eden: 0K(9216K)->0K(9216K) From: 13760K(24576K)->9001K(24576K)
[0.726s][info][gc,heap        ] GC(38) ParOldGen: 102816K(107520K)->107139K(133632K)
[0.726s][info][gc,metaspace   ] GC(38) Metaspace: 6301K(6464K)->6301K(6464K) NonClass: 5768K(5824K)->5768K(5824K) Class: 533K(640K)->533K(640K)
[0.726s][info][gc             ] GC(38) Pause Full (Ergonomics) 113M->113M(163M) 43.910ms
[0.726s][info][gc,cpu         ] GC(38) User=0.17s Sys=0.00s Real=0.04s
[0.736s][info][gc,start       ] GC(39) Pause Young (Allocation Failure)
[0.749s][info][gc,heap        ] GC(39) PSYoungGen: 18217K(33792K)->14592K(33792K) Eden: 9216K(9216K)->0K(9216K) From: 9001K(24576K)->14592K(24576K)
[0.749s][info][gc,heap        ] GC(39) ParOldGen: 107139K(133632K)->110971K(133632K)
[0.749s][info][gc,metaspace   ] GC(39) Metaspace: 6301K(6464K)->6301K(6464K) NonClass: 5768K(5824K)->5768K(5824K) Class: 533K(640K)->533K(640K)
[0.749s][info][gc             ] GC(39) Pause Young (Allocation Failure) 122M->122M(163M) 13.349ms
[0.749s][info][gc,cpu         ] GC(39) User=0.00s Sys=0.00s Real=0.01s
[0.758s][info][gc,start       ] GC(40) Pause Young (Allocation Failure)
[0.770s][info][gc,heap        ] GC(40) PSYoungGen: 23808K(33792K)->18528K(34304K) Eden: 9216K(9216K)->0K(9216K) From: 14592K(24576K)->18528K(25088K)
[0.770s][info][gc,heap        ] GC(40) ParOldGen: 110971K(133632K)->116323K(133632K)
[0.770s][info][gc,metaspace   ] GC(40) Metaspace: 6301K(6464K)->6301K(6464K) NonClass: 5768K(5824K)->5768K(5824K) Class: 533K(640K)->533K(640K)
[0.770s][info][gc             ] GC(40) Pause Young (Allocation Failure) 131M->131M(164M) 12.356ms
[0.770s][info][gc,cpu         ] GC(40) User=0.00s Sys=0.00s Real=0.01s
[0.780s][info][gc,start       ] GC(41) Pause Young (Allocation Failure)
[0.794s][info][gc,heap        ] GC(41) PSYoungGen: 27744K(34304K)->18528K(35840K) Eden: 9216K(9216K)->0K(9216K) From: 18528K(25088K)->18528K(26624K)
[0.794s][info][gc,heap        ] GC(41) ParOldGen: 116323K(133632K)->125675K(133632K)
[0.794s][info][gc,metaspace   ] GC(41) Metaspace: 6301K(6464K)->6301K(6464K) NonClass: 5768K(5824K)->5768K(5824K) Class: 533K(640K)->533K(640K)
[0.794s][info][gc             ] GC(41) Pause Young (Allocation Failure) 140M->140M(165M) 14.291ms
[0.794s][info][gc,cpu         ] GC(41) User=0.00s Sys=0.00s Real=0.02s
[0.794s][info][gc,start       ] GC(42) Pause Full (Ergonomics)
[0.794s][info][gc,phases,start] GC(42) Marking Phase
[0.828s][info][gc,phases      ] GC(42) Marking Phase 33.525ms
[0.828s][info][gc,phases,start] GC(42) Summary Phase
[0.828s][info][gc,phases      ] GC(42) Summary Phase 0.024ms
[0.828s][info][gc,phases,start] GC(42) Adjust Roots
[0.828s][info][gc,phases      ] GC(42) Adjust Roots 0.277ms
[0.828s][info][gc,phases,start] GC(42) Compaction Phase
[0.846s][info][gc,phases      ] GC(42) Compaction Phase 17.897ms
[0.846s][info][gc,phases,start] GC(42) Post Compact
[0.847s][info][gc,phases      ] GC(42) Post Compact 0.533ms
[0.847s][info][gc,heap        ] GC(42) PSYoungGen: 18528K(35840K)->10196K(35840K) Eden: 0K(9216K)->0K(9216K) From: 18528K(26624K)->10196K(26624K)
[0.847s][info][gc,heap        ] GC(42) ParOldGen: 125675K(133632K)->133503K(161280K)
[0.847s][info][gc,metaspace   ] GC(42) Metaspace: 6301K(6464K)->6301K(6464K) NonClass: 5768K(5824K)->5768K(5824K) Class: 533K(640K)->533K(640K)
[0.847s][info][gc             ] GC(42) Pause Full (Ergonomics) 140M->140M(192M) 52.763ms
[0.847s][info][gc,cpu         ] GC(42) User=0.25s Sys=0.00s Real=0.05s
[0.856s][info][gc,start       ] GC(43) Pause Young (Allocation Failure)
[0.872s][info][gc,heap        ] GC(43) PSYoungGen: 19412K(35840K)->9312K(35840K) Eden: 9216K(9216K)->0K(10752K) From: 10196K(26624K)->9312K(25088K)
[0.872s][info][gc,heap        ] GC(43) ParOldGen: 133503K(161280K)->143879K(161280K)
[0.872s][info][gc,metaspace   ] GC(43) Metaspace: 6301K(6464K)->6301K(6464K) NonClass: 5768K(5824K)->5768K(5824K) Class: 533K(640K)->533K(640K)
[0.872s][info][gc             ] GC(43) Pause Young (Allocation Failure) 149M->149M(192M) 15.944ms
[0.872s][info][gc,cpu         ] GC(43) User=0.00s Sys=0.00s Real=0.02s
[0.883s][info][gc,start       ] GC(44) Pause Young (Allocation Failure)
[0.895s][info][gc,heap        ] GC(44) PSYoungGen: 20064K(35840K)->10848K(37376K) Eden: 10752K(10752K)->0K(10752K) From: 9312K(25088K)->10848K(26624K)
[0.895s][info][gc,heap        ] GC(44) ParOldGen: 143879K(161280K)->153223K(161280K)
[0.895s][info][gc,metaspace   ] GC(44) Metaspace: 6301K(6464K)->6301K(6464K) NonClass: 5768K(5824K)->5768K(5824K) Class: 533K(640K)->533K(640K)
[0.895s][info][gc             ] GC(44) Pause Young (Allocation Failure) 160M->160M(194M) 11.409ms
[0.895s][info][gc,cpu         ] GC(44) User=0.02s Sys=0.00s Real=0.01s
[0.895s][info][gc,start       ] GC(45) Pause Full (Ergonomics)
[0.895s][info][gc,phases,start] GC(45) Marking Phase
[0.935s][info][gc,phases      ] GC(45) Marking Phase 40.297ms
[0.935s][info][gc,phases,start] GC(45) Summary Phase
[0.935s][info][gc,phases      ] GC(45) Summary Phase 0.020ms
[0.935s][info][gc,phases,start] GC(45) Adjust Roots
[0.935s][info][gc,phases      ] GC(45) Adjust Roots 0.230ms
[0.935s][info][gc,phases,start] GC(45) Compaction Phase
[0.953s][info][gc,phases      ] GC(45) Compaction Phase 17.941ms
[0.953s][info][gc,phases,start] GC(45) Post Compact
[0.954s][info][gc,phases      ] GC(45) Post Compact 0.772ms
[0.954s][info][gc,heap        ] GC(45) PSYoungGen: 10848K(37376K)->2546K(37376K) Eden: 0K(10752K)->0K(10752K) From: 10848K(26624K)->2546K(26624K)
[0.955s][info][gc,heap        ] GC(45) ParOldGen: 153223K(161280K)->161061K(192512K)
[0.955s][info][gc,metaspace   ] GC(45) Metaspace: 6301K(6464K)->6301K(6464K) NonClass: 5768K(5824K)->5768K(5824K) Class: 533K(640K)->533K(640K)
[0.955s][info][gc             ] GC(45) Pause Full (Ergonomics) 160M->159M(224M) 59.770ms
[0.955s][info][gc,cpu         ] GC(45) User=0.28s Sys=0.00s Real=0.06s
[0.966s][info][gc,start       ] GC(46) Pause Young (Allocation Failure)
[0.980s][info][gc,heap        ] GC(46) PSYoungGen: 13298K(37376K)->10848K(34816K) Eden: 10752K(10752K)->0K(12288K) From: 2546K(26624K)->10848K(22528K)
[0.980s][info][gc,heap        ] GC(46) ParOldGen: 161061K(192512K)->163677K(192512K)
[0.980s][info][gc,metaspace   ] GC(46) Metaspace: 6301K(6464K)->6301K(6464K) NonClass: 5768K(5824K)->5768K(5824K) Class: 533K(640K)->533K(640K)
[0.980s][info][gc             ] GC(46) Pause Young (Allocation Failure) 170M->170M(222M) 14.365ms
[0.980s][info][gc,cpu         ] GC(46) User=0.00s Sys=0.00s Real=0.01s
[1.026s][info][gc,start       ] GC(47) Pause Young (Allocation Failure)
[1.043s][info][gc,heap        ] GC(47) PSYoungGen: 23136K(34816K)->23200K(36352K) Eden: 12288K(12288K)->0K(12288K) From: 10848K(22528K)->23200K(24064K)
[1.043s][info][gc,heap        ] GC(47) ParOldGen: 163677K(192512K)->163677K(192512K)
[1.043s][info][gc,metaspace   ] GC(47) Metaspace: 6301K(6464K)->6301K(6464K) NonClass: 5768K(5824K)->5768K(5824K) Class: 533K(640K)->533K(640K)
[1.043s][info][gc             ] GC(47) Pause Young (Allocation Failure) 182M->182M(223M) 17.726ms
[1.044s][info][gc,cpu         ] GC(47) User=0.02s Sys=0.00s Real=0.02s
[1.055s][info][gc,start       ] GC(48) Pause Young (Allocation Failure)
[1.076s][info][gc,heap        ] GC(48) PSYoungGen: 35488K(36352K)->27104K(33792K) Eden: 12288K(12288K)->0K(6656K) From: 23200K(24064K)->27104K(27136K)
[1.076s][info][gc,heap        ] GC(48) ParOldGen: 163677K(192512K)->172021K(192512K)
[1.076s][info][gc,metaspace   ] GC(48) Metaspace: 6301K(6464K)->6301K(6464K) NonClass: 5768K(5824K)->5768K(5824K) Class: 533K(640K)->533K(640K)
[1.076s][info][gc             ] GC(48) Pause Young (Allocation Failure) 194M->194M(221M) 20.958ms
[1.076s][info][gc,cpu         ] GC(48) User=0.00s Sys=0.00s Real=0.02s
[1.083s][info][gc,start       ] GC(49) Pause Young (Allocation Failure)
[1.103s][info][gc,heap        ] GC(49) PSYoungGen: 33760K(33792K)->14816K(21504K) Eden: 6656K(6656K)->0K(6656K) From: 27104K(27136K)->14816K(14848K)
[1.103s][info][gc,heap        ] GC(49) ParOldGen: 172021K(192512K)->199437K(199680K)
[1.103s][info][gc,metaspace   ] GC(49) Metaspace: 6301K(6464K)->6301K(6464K) NonClass: 5768K(5824K)->5768K(5824K) Class: 533K(640K)->533K(640K)
[1.103s][info][gc             ] GC(49) Pause Young (Allocation Failure) 200M->209M(216M) 20.827ms
[1.104s][info][gc,cpu         ] GC(49) User=0.00s Sys=0.00s Real=0.02s
[1.104s][info][gc,start       ] GC(50) Pause Full (Ergonomics)
[1.104s][info][gc,phases,start] GC(50) Marking Phase
[1.149s][info][gc,phases      ] GC(50) Marking Phase 45.774ms
[1.149s][info][gc,phases,start] GC(50) Summary Phase
[1.149s][info][gc,phases      ] GC(50) Summary Phase 0.017ms
[1.149s][info][gc,phases,start] GC(50) Adjust Roots
[1.150s][info][gc,phases      ] GC(50) Adjust Roots 0.191ms
[1.150s][info][gc,phases,start] GC(50) Compaction Phase
[1.192s][info][gc,phases      ] GC(50) Compaction Phase 41.900ms
[1.192s][info][gc,phases,start] GC(50) Post Compact
[1.193s][info][gc,phases      ] GC(50) Post Compact 1.065ms
[1.193s][info][gc,heap        ] GC(50) PSYoungGen: 14816K(21504K)->1932K(21504K) Eden: 0K(6656K)->0K(6656K) From: 14816K(14848K)->1932K(14848K)
[1.193s][info][gc,heap        ] GC(50) ParOldGen: 199437K(199680K)->199461K(240128K)
[1.193s][info][gc,metaspace   ] GC(50) Metaspace: 6301K(6464K)->6301K(6464K) NonClass: 5768K(5824K)->5768K(5824K) Class: 533K(640K)->533K(640K)
[1.194s][info][gc             ] GC(50) Pause Full (Ergonomics) 209M->196M(255M) 89.950ms
[1.194s][info][gc,cpu         ] GC(50) User=0.41s Sys=0.00s Real=0.09s
[1.201s][info][gc,start       ] GC(51) Pause Young (Allocation Failure)
[1.214s][info][gc,heap        ] GC(51) PSYoungGen: 8588K(21504K)->6752K(39424K) Eden: 6656K(6656K)->0K(7680K) From: 1932K(14848K)->6752K(31744K)
[1.215s][info][gc,heap        ] GC(51) ParOldGen: 199461K(240128K)->201445K(240128K)
[1.215s][info][gc,metaspace   ] GC(51) Metaspace: 6301K(6464K)->6301K(6464K) NonClass: 5768K(5824K)->5768K(5824K) Class: 533K(640K)->533K(640K)
[1.215s][info][gc             ] GC(51) Pause Young (Allocation Failure) 203M->203M(273M) 13.052ms
[1.215s][info][gc,cpu         ] GC(51) User=0.02s Sys=0.00s Real=0.01s
[1.223s][info][gc,start       ] GC(52) Pause Young (Allocation Failure)
[1.231s][info][gc,heap        ] GC(52) PSYoungGen: 14432K(39424K)->7808K(39936K) Eden: 7680K(7680K)->0K(7680K) From: 6752K(31744K)->7808K(32256K)
[1.231s][info][gc,heap        ] GC(52) ParOldGen: 201445K(240128K)->208197K(240128K)
[1.231s][info][gc,metaspace   ] GC(52) Metaspace: 6301K(6464K)->6301K(6464K) NonClass: 5768K(5824K)->5768K(5824K) Class: 533K(640K)->533K(640K)
[1.231s][info][gc             ] GC(52) Pause Young (Allocation Failure) 210M->210M(273M) 8.380ms
[1.231s][info][gc,cpu         ] GC(52) User=0.00s Sys=0.00s Real=0.01s
[1.239s][info][gc,start       ] GC(53) Pause Young (Allocation Failure)
[1.248s][info][gc,heap        ] GC(53) PSYoungGen: 15488K(39936K)->7808K(39936K) Eden: 7680K(7680K)->0K(9216K) From: 7808K(32256K)->7808K(30720K)
[1.248s][info][gc,heap        ] GC(53) ParOldGen: 208197K(240128K)->215989K(240128K)
[1.248s][info][gc,metaspace   ] GC(53) Metaspace: 6301K(6464K)->6301K(6464K) NonClass: 5768K(5824K)->5768K(5824K) Class: 533K(640K)->533K(640K)
[1.248s][info][gc             ] GC(53) Pause Young (Allocation Failure) 218M->218M(273M) 8.588ms
[1.248s][info][gc,cpu         ] GC(53) User=0.00s Sys=0.00s Real=0.01s
[1.259s][info][gc,start       ] GC(54) Pause Young (Allocation Failure)
[1.268s][info][gc,heap        ] GC(54) PSYoungGen: 17024K(39936K)->9312K(39936K) Eden: 9216K(9216K)->0K(9216K) From: 7808K(30720K)->9312K(30720K)
[1.268s][info][gc,heap        ] GC(54) ParOldGen: 215989K(240128K)->223773K(240128K)
[1.268s][info][gc,metaspace   ] GC(54) Metaspace: 6301K(6464K)->6301K(6464K) NonClass: 5768K(5824K)->5768K(5824K) Class: 533K(640K)->533K(640K)
[1.268s][info][gc             ] GC(54) Pause Young (Allocation Failure) 227M->227M(273M) 9.453ms
[1.268s][info][gc,cpu         ] GC(54) User=0.00s Sys=0.00s Real=0.01s
[1.268s][info][gc,start       ] GC(55) Pause Full (Ergonomics)
[1.268s][info][gc,phases,start] GC(55) Marking Phase
[1.316s][info][gc,phases      ] GC(55) Marking Phase 48.065ms
[1.316s][info][gc,phases,start] GC(55) Summary Phase
[1.316s][info][gc,phases      ] GC(55) Summary Phase 0.019ms
[1.316s][info][gc,phases,start] GC(55) Adjust Roots
[1.316s][info][gc,phases      ] GC(55) Adjust Roots 0.200ms
[1.316s][info][gc,phases,start] GC(55) Compaction Phase
[1.341s][info][gc,phases      ] GC(55) Compaction Phase 25.003ms
[1.341s][info][gc,phases,start] GC(55) Post Compact
[1.343s][info][gc,phases      ] GC(55) Post Compact 1.014ms
[1.343s][info][gc,heap        ] GC(55) PSYoungGen: 9312K(39936K)->0K(40448K) Eden: 0K(9216K)->0K(10752K) From: 9312K(30720K)->0K(29696K)
[1.343s][info][gc,heap        ] GC(55) ParOldGen: 223773K(240128K)->232509K(271360K)
[1.343s][info][gc,metaspace   ] GC(55) Metaspace: 6301K(6464K)->6301K(6464K) NonClass: 5768K(5824K)->5768K(5824K) Class: 533K(640K)->533K(640K)
[1.343s][info][gc             ] GC(55) Pause Full (Ergonomics) 227M->227M(304M) 74.741ms
[1.343s][info][gc,cpu         ] GC(55) User=0.41s Sys=0.00s Real=0.07s
[1.355s][info][gc,start       ] GC(56) Pause Young (Allocation Failure)
[1.363s][info][gc,heap        ] GC(56) PSYoungGen: 10752K(40448K)->10816K(40448K) Eden: 10752K(10752K)->0K(10752K) From: 0K(29696K)->10816K(29696K)
[1.363s][info][gc,heap        ] GC(56) ParOldGen: 232509K(271360K)->232509K(271360K)
[1.363s][info][gc,metaspace   ] GC(56) Metaspace: 6301K(6464K)->6301K(6464K) NonClass: 5768K(5824K)->5768K(5824K) Class: 533K(640K)->533K(640K)
[1.363s][info][gc             ] GC(56) Pause Young (Allocation Failure) 237M->237M(304M) 7.468ms
[1.363s][info][gc,cpu         ] GC(56) User=0.00s Sys=0.00s Real=0.01s
[1.375s][info][gc,start       ] GC(57) Pause Young (Allocation Failure)
[1.386s][info][gc,heap        ] GC(57) PSYoungGen: 21568K(40448K)->21664K(38400K) Eden: 10752K(10752K)->0K(10240K) From: 10816K(29696K)->21664K(28160K)
[1.386s][info][gc,heap        ] GC(57) ParOldGen: 232509K(271360K)->232509K(271360K)
[1.386s][info][gc,metaspace   ] GC(57) Metaspace: 6301K(6464K)->6301K(6464K) NonClass: 5768K(5824K)->5768K(5824K) Class: 533K(640K)->533K(640K)
[1.386s][info][gc             ] GC(57) Pause Young (Allocation Failure) 248M->248M(302M) 11.417ms
[1.386s][info][gc,cpu         ] GC(57) User=0.02s Sys=0.00s Real=0.01s
[1.398s][info][gc,start       ] GC(58) Pause Young (Allocation Failure)
[1.414s][info][gc,heap        ] GC(58) PSYoungGen: 31904K(38400K)->30208K(40448K) Eden: 10240K(10240K)->0K(10240K) From: 21664K(28160K)->30208K(30208K)
[1.414s][info][gc,heap        ] GC(58) ParOldGen: 232509K(271360K)->234069K(271360K)
[1.414s][info][gc,metaspace   ] GC(58) Metaspace: 6301K(6464K)->6301K(6464K) NonClass: 5768K(5824K)->5768K(5824K) Class: 533K(640K)->533K(640K)
[1.414s][info][gc             ] GC(58) Pause Young (Allocation Failure) 258M->258M(304M) 15.642ms
[1.414s][info][gc,cpu         ] GC(58) User=0.02s Sys=0.00s Real=0.02s
[1.426s][info][gc,start       ] GC(59) Pause Young (Allocation Failure)
[1.445s][info][gc,heap        ] GC(59) PSYoungGen: 40448K(40448K)->20032K(46080K) Eden: 10240K(10240K)->0K(11776K) From: 30208K(30208K)->20032K(34304K)
[1.445s][info][gc,heap        ] GC(59) ParOldGen: 234069K(271360K)->254909K(271360K)
[1.445s][info][gc,metaspace   ] GC(59) Metaspace: 6301K(6464K)->6301K(6464K) NonClass: 5768K(5824K)->5768K(5824K) Class: 533K(640K)->533K(640K)
[1.445s][info][gc             ] GC(59) Pause Young (Allocation Failure) 268M->268M(310M) 19.082ms
[1.445s][info][gc,cpu         ] GC(59) User=0.14s Sys=0.00s Real=0.02s
[1.445s][info][gc,start       ] GC(60) Pause Full (Ergonomics)
[1.445s][info][gc,phases,start] GC(60) Marking Phase
[1.508s][info][gc,phases      ] GC(60) Marking Phase 63.184ms
[1.508s][info][gc,phases,start] GC(60) Summary Phase
[1.508s][info][gc,phases      ] GC(60) Summary Phase 0.026ms
[1.508s][info][gc,phases,start] GC(60) Adjust Roots
[1.508s][info][gc,phases      ] GC(60) Adjust Roots 0.204ms
[1.508s][info][gc,phases,start] GC(60) Compaction Phase
[1.535s][info][gc,phases      ] GC(60) Compaction Phase 27.243ms
[1.535s][info][gc,phases,start] GC(60) Post Compact
[1.537s][info][gc,phases      ] GC(60) Post Compact 1.399ms
[1.537s][info][gc,heap        ] GC(60) PSYoungGen: 20032K(46080K)->3490K(46592K) Eden: 0K(11776K)->0K(12288K) From: 20032K(34304K)->3490K(34304K)
[1.537s][info][gc,heap        ] GC(60) ParOldGen: 254909K(271360K)->270876K(315392K)
[1.537s][info][gc,metaspace   ] GC(60) Metaspace: 6301K(6464K)->6301K(6464K) NonClass: 5768K(5824K)->5768K(5824K) Class: 533K(640K)->533K(640K)
[1.537s][info][gc             ] GC(60) Pause Full (Ergonomics) 268M->267M(353M) 92.565ms
[1.537s][info][gc,cpu         ] GC(60) User=0.52s Sys=0.00s Real=0.09s
[1.552s][info][gc,start       ] GC(61) Pause Young (Allocation Failure)
[1.575s][info][gc,heap        ] GC(61) PSYoungGen: 15778K(46592K)->14176K(47104K) Eden: 12288K(12288K)->0K(12288K) From: 3490K(34304K)->14176K(34816K)
[1.575s][info][gc,heap        ] GC(61) ParOldGen: 270876K(315392K)->272652K(315392K)
[1.575s][info][gc,metaspace   ] GC(61) Metaspace: 6301K(6464K)->6301K(6464K) NonClass: 5768K(5824K)->5768K(5824K) Class: 533K(640K)->533K(640K)
[1.575s][info][gc             ] GC(61) Pause Young (Allocation Failure) 279M->280M(354M) 23.611ms
[1.575s][info][gc,cpu         ] GC(61) User=0.11s Sys=0.00s Real=0.02s
[1.590s][info][gc,start       ] GC(62) Pause Young (Allocation Failure)
[1.604s][info][gc,heap        ] GC(62) PSYoungGen: 26464K(47104K)->26464K(44544K) Eden: 12288K(12288K)->0K(11264K) From: 14176K(34816K)->26464K(33280K)
[1.604s][info][gc,heap        ] GC(62) ParOldGen: 272652K(315392K)->272652K(315392K)
[1.604s][info][gc,metaspace   ] GC(62) Metaspace: 6301K(6464K)->6301K(6464K) NonClass: 5768K(5824K)->5768K(5824K) Class: 533K(640K)->533K(640K)
[1.604s][info][gc             ] GC(62) Pause Young (Allocation Failure) 292M->292M(351M) 14.567ms
[1.604s][info][gc,cpu         ] GC(62) User=0.02s Sys=0.00s Real=0.02s
[1.618s][info][gc,start       ] GC(63) Pause Young (Allocation Failure)
[1.636s][info][gc,heap        ] GC(63) PSYoungGen: 37728K(44544K)->35840K(47104K) Eden: 11264K(11264K)->0K(11264K) From: 26464K(33280K)->35840K(35840K)
[1.636s][info][gc,heap        ] GC(63) ParOldGen: 272652K(315392K)->274500K(315392K)
[1.636s][info][gc,metaspace   ] GC(63) Metaspace: 6301K(6464K)->6301K(6464K) NonClass: 5768K(5824K)->5768K(5824K) Class: 533K(640K)->533K(640K)
[1.636s][info][gc             ] GC(63) Pause Young (Allocation Failure) 303M->303M(354M) 18.683ms
[1.636s][info][gc,cpu         ] GC(63) User=0.11s Sys=0.02s Real=0.02s
[1.650s][info][gc,start       ] GC(64) Pause Young (Allocation Failure)
[1.674s][info][gc,heap        ] GC(64) PSYoungGen: 47104K(47104K)->22624K(53248K) Eden: 11264K(11264K)->0K(12800K) From: 35840K(35840K)->22624K(40448K)
[1.674s][info][gc,heap        ] GC(64) ParOldGen: 274500K(315392K)->299372K(315392K)
[1.674s][info][gc,metaspace   ] GC(64) Metaspace: 6301K(6464K)->6301K(6464K) NonClass: 5768K(5824K)->5768K(5824K) Class: 533K(640K)->533K(640K)
[1.674s][info][gc             ] GC(64) Pause Young (Allocation Failure) 314M->314M(360M) 24.334ms
[1.674s][info][gc,cpu         ] GC(64) User=0.12s Sys=0.00s Real=0.02s
[1.674s][info][gc,start       ] GC(65) Pause Full (Ergonomics)
[1.674s][info][gc,phases,start] GC(65) Marking Phase
[1.746s][info][gc,phases      ] GC(65) Marking Phase 72.266ms
[1.746s][info][gc,phases,start] GC(65) Summary Phase
[1.746s][info][gc,phases      ] GC(65) Summary Phase 0.022ms
[1.746s][info][gc,phases,start] GC(65) Adjust Roots
[1.747s][info][gc,phases      ] GC(65) Adjust Roots 0.195ms
[1.747s][info][gc,phases,start] GC(65) Compaction Phase
[1.778s][info][gc,phases      ] GC(65) Compaction Phase 30.884ms
[1.778s][info][gc,phases,start] GC(65) Post Compact
[1.779s][info][gc,phases      ] GC(65) Post Compact 1.524ms
[1.779s][info][gc,heap        ] GC(65) PSYoungGen: 22624K(53248K)->6109K(53760K) Eden: 0K(12800K)->0K(13312K) From: 22624K(40448K)->6109K(40448K)
[1.779s][info][gc,heap        ] GC(65) ParOldGen: 299372K(315392K)->315239K(366080K)
[1.779s][info][gc,metaspace   ] GC(65) Metaspace: 6301K(6464K)->6301K(6464K) NonClass: 5768K(5824K)->5768K(5824K) Class: 533K(640K)->533K(640K)
[1.779s][info][gc             ] GC(65) Pause Full (Ergonomics) 314M->313M(410M) 105.423ms
[1.779s][info][gc,cpu         ] GC(65) User=0.70s Sys=0.03s Real=0.11s
[1.795s][info][gc,start       ] GC(66) Pause Young (Allocation Failure)
[1.818s][info][gc,heap        ] GC(66) PSYoungGen: 19421K(53760K)->13408K(54272K) Eden: 13312K(13312K)->0K(13312K) From: 6109K(40448K)->13408K(40960K)
[1.818s][info][gc,heap        ] GC(66) ParOldGen: 315239K(366080K)->321455K(366080K)
[1.818s][info][gc,metaspace   ] GC(66) Metaspace: 6301K(6464K)->6301K(6464K) NonClass: 5768K(5824K)->5768K(5824K) Class: 533K(640K)->533K(640K)
[1.818s][info][gc             ] GC(66) Pause Young (Allocation Failure) 326M->327M(410M) 23.008ms
[1.818s][info][gc,cpu         ] GC(66) User=0.12s Sys=0.00s Real=0.02s
[1.833s][info][gc,start       ] GC(67) Pause Young (Allocation Failure)
[1.848s][info][gc,heap        ] GC(67) PSYoungGen: 26720K(54272K)->13408K(52224K) Eden: 13312K(13312K)->0K(14848K) From: 13408K(40960K)->13408K(37376K)
[1.848s][info][gc,heap        ] GC(67) ParOldGen: 321455K(366080K)->334951K(366080K)
[1.848s][info][gc,metaspace   ] GC(67) Metaspace: 6301K(6464K)->6301K(6464K) NonClass: 5768K(5824K)->5768K(5824K) Class: 533K(640K)->533K(640K)
[1.848s][info][gc             ] GC(67) Pause Young (Allocation Failure) 340M->340M(408M) 15.049ms
[1.848s][info][gc,cpu         ] GC(67) User=0.00s Sys=0.02s Real=0.01s
[1.930s][info][gc,start       ] GC(68) Pause Full (Ergonomics)
[1.930s][info][gc,phases,start] GC(68) Marking Phase
[2.015s][info][gc,phases      ] GC(68) Marking Phase 85.787ms
[2.015s][info][gc,phases,start] GC(68) Summary Phase
[2.015s][info][gc,phases      ] GC(68) Summary Phase 0.020ms
[2.015s][info][gc,phases,start] GC(68) Adjust Roots
[2.016s][info][gc,phases      ] GC(68) Adjust Roots 0.194ms
[2.016s][info][gc,phases,start] GC(68) Compaction Phase
[2.079s][info][gc,phases      ] GC(68) Compaction Phase 63.063ms
[2.079s][info][gc,phases,start] GC(68) Post Compact
[2.081s][info][gc,phases      ] GC(68) Post Compact 1.895ms
[2.081s][info][gc,heap        ] GC(68) PSYoungGen: 28256K(52224K)->5105K(53248K) Eden: 14848K(14848K)->0K(15872K) From: 13408K(37376K)->5105K(37376K)
[2.081s][info][gc,heap        ] GC(68) ParOldGen: 351335K(366080K)->365814K(419328K)
[2.081s][info][gc,metaspace   ] GC(68) Metaspace: 6301K(6464K)->6301K(6464K) NonClass: 5768K(5824K)->5768K(5824K) Class: 533K(640K)->533K(640K)
[2.081s][info][gc             ] GC(68) Pause Full (Ergonomics) 370M->362M(461M) 151.743ms
[2.081s][info][gc,cpu         ] GC(68) User=0.92s Sys=0.00s Real=0.15s
[2.100s][info][gc,start       ] GC(69) Pause Young (Allocation Failure)
[2.125s][info][gc,heap        ] GC(69) PSYoungGen: 20977K(53248K)->15936K(54272K) Eden: 15872K(15872K)->0K(15872K) From: 5105K(37376K)->15936K(38400K)
[2.125s][info][gc,heap        ] GC(69) ParOldGen: 365814K(419328K)->370998K(419328K)
[2.125s][info][gc,metaspace   ] GC(69) Metaspace: 6301K(6464K)->6301K(6464K) NonClass: 5768K(5824K)->5768K(5824K) Class: 533K(640K)->533K(640K)
[2.125s][info][gc             ] GC(69) Pause Young (Allocation Failure) 377M->377M(462M) 25.428ms
[2.125s][info][gc,cpu         ] GC(69) User=0.11s Sys=0.00s Real=0.03s
[2.141s][info][gc,start       ] GC(70) Pause Young (Allocation Failure)
[2.159s][info][gc,heap        ] GC(70) PSYoungGen: 31808K(54272K)->31904K(51712K) Eden: 15872K(15872K)->0K(14848K) From: 15936K(38400K)->31904K(36864K)
[2.159s][info][gc,heap        ] GC(70) ParOldGen: 370998K(419328K)->370998K(419328K)
[2.159s][info][gc,metaspace   ] GC(70) Metaspace: 6301K(6464K)->6301K(6464K) NonClass: 5768K(5824K)->5768K(5824K) Class: 533K(640K)->533K(640K)
[2.159s][info][gc             ] GC(70) Pause Young (Allocation Failure) 393M->393M(460M) 17.694ms
[2.159s][info][gc,cpu         ] GC(70) User=0.08s Sys=0.00s Real=0.02s
[2.175s][info][gc,start       ] GC(71) Pause Young (Allocation Failure)
[2.198s][info][gc,heap        ] GC(71) PSYoungGen: 46752K(51712K)->39936K(54784K) Eden: 14848K(14848K)->0K(14848K) From: 31904K(36864K)->39936K(39936K)
[2.198s][info][gc,heap        ] GC(71) ParOldGen: 370998K(419328K)->377750K(419328K)
[2.198s][info][gc,metaspace   ] GC(71) Metaspace: 6301K(6464K)->6301K(6464K) NonClass: 5768K(5824K)->5768K(5824K) Class: 533K(640K)->533K(640K)
[2.198s][info][gc             ] GC(71) Pause Young (Allocation Failure) 407M->407M(463M) 22.716ms
[2.198s][info][gc,cpu         ] GC(71) User=0.14s Sys=0.00s Real=0.02s
[2.213s][info][gc,start       ] GC(72) Pause Young (Allocation Failure)
[2.240s][info][gc,heap        ] GC(72) PSYoungGen: 54784K(54784K)->28352K(65024K) Eden: 14848K(14848K)->0K(16896K) From: 39936K(39936K)->28352K(48128K)
[2.240s][info][gc,heap        ] GC(72) ParOldGen: 377750K(419328K)->404662K(419328K)
[2.240s][info][gc,metaspace   ] GC(72) Metaspace: 6301K(6464K)->6301K(6464K) NonClass: 5768K(5824K)->5768K(5824K) Class: 533K(640K)->533K(640K)
[2.240s][info][gc             ] GC(72) Pause Young (Allocation Failure) 422M->422M(473M) 26.770ms
[2.240s][info][gc,cpu         ] GC(72) User=0.14s Sys=0.00s Real=0.03s
[2.240s][info][gc,start       ] GC(73) Pause Full (Ergonomics)
[2.240s][info][gc,phases,start] GC(73) Marking Phase
[2.335s][info][gc,phases      ] GC(73) Marking Phase 95.319ms
[2.335s][info][gc,phases,start] GC(73) Summary Phase
[2.335s][info][gc,phases      ] GC(73) Summary Phase 0.019ms
[2.335s][info][gc,phases,start] GC(73) Adjust Roots
[2.336s][info][gc,phases      ] GC(73) Adjust Roots 0.205ms
[2.336s][info][gc,phases,start] GC(73) Compaction Phase
[2.384s][info][gc,phases      ] GC(73) Compaction Phase 48.324ms
[2.384s][info][gc,phases,start] GC(73) Post Compact
[2.386s][info][gc,phases      ] GC(73) Post Compact 2.089ms
[2.387s][info][gc,heap        ] GC(73) PSYoungGen: 28352K(65024K)->13325K(65024K) Eden: 0K(16896K)->0K(16896K) From: 28352K(48128K)->13325K(48128K)
[2.387s][info][gc,heap        ] GC(73) ParOldGen: 404662K(419328K)->418914K(478208K)
[2.387s][info][gc,metaspace   ] GC(73) Metaspace: 6301K(6464K)->6301K(6464K) NonClass: 5768K(5824K)->5768K(5824K) Class: 533K(640K)->533K(640K)
[2.387s][info][gc             ] GC(73) Pause Full (Ergonomics) 422M->422M(530M) 146.601ms
[2.387s][info][gc,cpu         ] GC(73) User=0.86s Sys=0.03s Real=0.15s
[2.404s][info][gc,start       ] GC(74) Pause Young (Allocation Failure)
[2.436s][info][gc,heap        ] GC(74) PSYoungGen: 30221K(65024K)->24000K(65024K) Eden: 16896K(16896K)->0K(16896K) From: 13325K(48128K)->24000K(48128K)
[2.436s][info][gc,heap        ] GC(74) ParOldGen: 418914K(478208K)->425402K(478208K)
[2.436s][info][gc,metaspace   ] GC(74) Metaspace: 6301K(6464K)->6301K(6464K) NonClass: 5768K(5824K)->5768K(5824K) Class: 533K(640K)->533K(640K)
[2.436s][info][gc             ] GC(74) Pause Young (Allocation Failure) 438M->438M(530M) 31.478ms
[2.436s][info][gc,cpu         ] GC(74) User=0.14s Sys=0.00s Real=0.03s
[2.454s][info][gc,start       ] GC(75) Pause Young (Allocation Failure)
[2.475s][info][gc,heap        ] GC(75) PSYoungGen: 40896K(65024K)->40896K(60928K) Eden: 16896K(16896K)->0K(14848K) From: 24000K(48128K)->40896K(46080K)
[2.475s][info][gc,heap        ] GC(75) ParOldGen: 425402K(478208K)->425402K(478208K)
[2.475s][info][gc,metaspace   ] GC(75) Metaspace: 6301K(6464K)->6301K(6464K) NonClass: 5768K(5824K)->5768K(5824K) Class: 533K(640K)->533K(640K)
[2.475s][info][gc             ] GC(75) Pause Young (Allocation Failure) 455M->455M(526M) 20.999ms
[2.475s][info][gc,cpu         ] GC(75) User=0.12s Sys=0.02s Real=0.02s
[2.492s][info][gc,start       ] GC(76) Pause Young (Allocation Failure)
[2.518s][info][gc,heap        ] GC(76) PSYoungGen: 55744K(60928K)->48800K(65024K) Eden: 14848K(14848K)->0K(14848K) From: 40896K(46080K)->48800K(50176K)
[2.518s][info][gc,heap        ] GC(76) ParOldGen: 425402K(478208K)->432458K(478208K)
[2.518s][info][gc,metaspace   ] GC(76) Metaspace: 6301K(6464K)->6301K(6464K) NonClass: 5768K(5824K)->5768K(5824K) Class: 533K(640K)->533K(640K)
[2.518s][info][gc             ] GC(76) Pause Young (Allocation Failure) 469M->469M(530M) 26.433ms
[2.518s][info][gc,cpu         ] GC(76) User=0.11s Sys=0.02s Real=0.03s
[2.535s][info][gc,start       ] GC(77) Pause Young (Allocation Failure)
[2.566s][info][gc,heap        ] GC(77) PSYoungGen: 63648K(65024K)->46752K(69632K) Eden: 14848K(14848K)->0K(12800K) From: 48800K(50176K)->46752K(56832K)
[2.566s][info][gc,heap        ] GC(77) ParOldGen: 432458K(478208K)->449594K(478208K)
[2.566s][info][gc,metaspace   ] GC(77) Metaspace: 6301K(6464K)->6301K(6464K) NonClass: 5768K(5824K)->5768K(5824K) Class: 533K(640K)->533K(640K)
[2.566s][info][gc             ] GC(77) Pause Young (Allocation Failure) 484M->484M(535M) 30.744ms
[2.566s][info][gc,cpu         ] GC(77) User=0.14s Sys=0.00s Real=0.03s
[2.579s][info][gc,start       ] GC(78) Pause Young (Allocation Failure)
[2.609s][info][gc,heap        ] GC(78) PSYoungGen: 59552K(69632K)->27776K(40960K) Eden: 12800K(12800K)->0K(12800K) From: 46752K(56832K)->27776K(28160K)
[2.609s][info][gc,heap        ] GC(78) ParOldGen: 449594K(478208K)->481754K(481792K)
[2.609s][info][gc,metaspace   ] GC(78) Metaspace: 6301K(6464K)->6301K(6464K) NonClass: 5768K(5824K)->5768K(5824K) Class: 533K(640K)->533K(640K)
[2.609s][info][gc             ] GC(78) Pause Young (Allocation Failure) 497M->497M(510M) 29.616ms
[2.609s][info][gc,cpu         ] GC(78) User=0.14s Sys=0.00s Real=0.03s
[2.609s][info][gc,start       ] GC(79) Pause Full (Ergonomics)
[2.609s][info][gc,phases,start] GC(79) Marking Phase
[2.730s][info][gc,phases      ] GC(79) Marking Phase 121.150ms
[2.730s][info][gc,phases,start] GC(79) Summary Phase
[2.730s][info][gc,phases      ] GC(79) Summary Phase 0.020ms
[2.730s][info][gc,phases,start] GC(79) Adjust Roots
[2.730s][info][gc,phases      ] GC(79) Adjust Roots 0.198ms
[2.730s][info][gc,phases,start] GC(79) Compaction Phase
[2.789s][info][gc,phases      ] GC(79) Compaction Phase 58.378ms
[2.789s][info][gc,phases,start] GC(79) Post Compact
[2.791s][info][gc,phases      ] GC(79) Post Compact 2.597ms
[2.792s][info][gc,heap        ] GC(79) PSYoungGen: 27776K(40960K)->27076K(40960K) Eden: 0K(12800K)->0K(12800K) From: 27776K(28160K)->27076K(28160K)
[2.792s][info][gc,heap        ] GC(79) ParOldGen: 481754K(481792K)->481300K(549376K)
[2.792s][info][gc,metaspace   ] GC(79) Metaspace: 6301K(6464K)->6301K(6464K) NonClass: 5768K(5824K)->5768K(5824K) Class: 533K(640K)->533K(640K)
[2.792s][info][gc             ] GC(79) Pause Full (Ergonomics) 497M->496M(576M) 183.146ms
[2.792s][info][gc,cpu         ] GC(79) User=1.16s Sys=0.02s Real=0.18s
[2.807s][info][gc,start       ] GC(80) Pause Young (Allocation Failure)
[2.845s][info][gc,heap        ] GC(80) PSYoungGen: 39876K(40960K)->12928K(71680K) Eden: 12800K(12800K)->0K(14336K) From: 27076K(28160K)->12928K(57344K)
[2.845s][info][gc,heap        ] GC(80) ParOldGen: 481300K(549376K)->508780K(549376K)
[2.845s][info][gc,metaspace   ] GC(80) Metaspace: 6301K(6464K)->6301K(6464K) NonClass: 5768K(5824K)->5768K(5824K) Class: 533K(640K)->533K(640K)
[2.845s][info][gc             ] GC(80) Pause Young (Allocation Failure) 508M->509M(606M) 37.813ms
[2.845s][info][gc,cpu         ] GC(80) User=0.22s Sys=0.03s Real=0.04s
[2.860s][info][gc,start       ] GC(81) Pause Young (Allocation Failure)
[2.876s][info][gc,heap        ] GC(81) PSYoungGen: 27264K(71680K)->14464K(72192K) Eden: 14336K(14336K)->0K(14336K) From: 12928K(57344K)->14464K(57856K)
[2.876s][info][gc,heap        ] GC(81) ParOldGen: 508780K(549376K)->521764K(549376K)
[2.876s][info][gc,metaspace   ] GC(81) Metaspace: 6301K(6464K)->6301K(6464K) NonClass: 5768K(5824K)->5768K(5824K) Class: 533K(640K)->533K(640K)
[2.876s][info][gc             ] GC(81) Pause Young (Allocation Failure) 523M->523M(607M) 15.844ms
[2.876s][info][gc,cpu         ] GC(81) User=0.02s Sys=0.00s Real=0.01s
[2.876s][info][gc,start       ] GC(82) Pause Full (Ergonomics)
[2.876s][info][gc,phases,start] GC(82) Marking Phase
[2.994s][info][gc,phases      ] GC(82) Marking Phase 118.001ms
[2.994s][info][gc,phases,start] GC(82) Summary Phase
[2.994s][info][gc,phases      ] GC(82) Summary Phase 0.034ms
[2.994s][info][gc,phases,start] GC(82) Adjust Roots
[2.994s][info][gc,phases      ] GC(82) Adjust Roots 0.247ms
[2.994s][info][gc,phases,start] GC(82) Compaction Phase
[3.043s][info][gc,phases      ] GC(82) Compaction Phase 48.684ms
[3.043s][info][gc,phases,start] GC(82) Post Compact
[3.044s][info][gc,phases      ] GC(82) Post Compact 0.820ms
[3.044s][info][gc,heap        ] GC(82) PSYoungGen: 14464K(72192K)->0K(72192K) Eden: 0K(14336K)->0K(15872K) From: 14464K(57856K)->0K(56320K)
[3.044s][info][gc,heap        ] GC(82) ParOldGen: 521764K(549376K)->535453K(609280K)
[3.044s][info][gc,metaspace   ] GC(82) Metaspace: 6301K(6464K)->6301K(6464K) NonClass: 5768K(5824K)->5768K(5824K) Class: 533K(640K)->533K(640K)
[3.044s][info][gc             ] GC(82) Pause Full (Ergonomics) 523M->522M(665M) 168.323ms
[3.044s][info][gc,cpu         ] GC(82) User=1.16s Sys=0.02s Real=0.17s
[3.062s][info][gc,start       ] GC(83) Pause Young (Allocation Failure)
[3.073s][info][gc,heap        ] GC(83) PSYoungGen: 15872K(72192K)->16032K(72704K) Eden: 15872K(15872K)->0K(15872K) From: 0K(56320K)->16032K(56832K)
[3.073s][info][gc,heap        ] GC(83) ParOldGen: 535453K(609280K)->535453K(609280K)
[3.073s][info][gc,metaspace   ] GC(83) Metaspace: 6301K(6464K)->6301K(6464K) NonClass: 5768K(5824K)->5768K(5824K) Class: 533K(640K)->533K(640K)
[3.073s][info][gc             ] GC(83) Pause Young (Allocation Failure) 538M->538M(666M) 10.832ms
[3.073s][info][gc,cpu         ] GC(83) User=0.02s Sys=0.00s Real=0.01s
[3.092s][info][gc,start       ] GC(84) Pause Young (Allocation Failure)
[3.111s][info][gc,heap        ] GC(84) PSYoungGen: 31904K(72704K)->31904K(73216K) Eden: 15872K(15872K)->0K(17920K) From: 16032K(56832K)->31904K(55296K)
[3.111s][info][gc,heap        ] GC(84) ParOldGen: 535453K(609280K)->535453K(609280K)
[3.111s][info][gc,metaspace   ] GC(84) Metaspace: 6301K(6464K)->6301K(6464K) NonClass: 5768K(5824K)->5768K(5824K) Class: 533K(640K)->533K(640K)
[3.111s][info][gc             ] GC(84) Pause Young (Allocation Failure) 554M->554M(666M) 18.970ms
[3.111s][info][gc,cpu         ] GC(84) User=0.11s Sys=0.00s Real=0.02s
[3.132s][info][gc,start       ] GC(85) Pause Young (Allocation Failure)
[3.158s][info][gc,heap        ] GC(85) PSYoungGen: 49824K(73216K)->49824K(73216K) Eden: 17920K(17920K)->0K(17920K) From: 31904K(55296K)->49824K(55296K)
[3.158s][info][gc,heap        ] GC(85) ParOldGen: 535453K(609280K)->535453K(609280K)
[3.158s][info][gc,metaspace   ] GC(85) Metaspace: 6301K(6464K)->6301K(6464K) NonClass: 5768K(5824K)->5768K(5824K) Class: 533K(640K)->533K(640K)
[3.158s][info][gc             ] GC(85) Pause Young (Allocation Failure) 571M->571M(666M) 26.373ms
[3.158s][info][gc,cpu         ] GC(85) User=0.08s Sys=0.02s Real=0.03s
[3.178s][info][gc,start       ] GC(86) Pause Young (Allocation Failure)
[3.212s][info][gc,heap        ] GC(86) PSYoungGen: 67744K(73216K)->61440K(70144K) Eden: 17920K(17920K)->0K(8704K) From: 49824K(55296K)->61440K(61440K)
[3.212s][info][gc,heap        ] GC(86) ParOldGen: 535453K(609280K)->541717K(609280K)
[3.212s][info][gc,metaspace   ] GC(86) Metaspace: 6301K(6464K)->6301K(6464K) NonClass: 5768K(5824K)->5768K(5824K) Class: 533K(640K)->533K(640K)
[3.212s][info][gc             ] GC(86) Pause Young (Allocation Failure) 589M->589M(663M) 34.383ms
[3.213s][info][gc,cpu         ] GC(86) User=0.12s Sys=0.00s Real=0.03s
[3.223s][info][gc,start       ] GC(87) Pause Young (Allocation Failure)
[3.256s][info][gc,heap        ] GC(87) PSYoungGen: 70144K(70144K)->42048K(81408K) Eden: 8704K(8704K)->0K(8704K) From: 61440K(61440K)->42048K(72704K)
[3.256s][info][gc,heap        ] GC(87) ParOldGen: 541717K(609280K)->570253K(609280K)
[3.256s][info][gc,metaspace   ] GC(87) Metaspace: 6301K(6464K)->6301K(6464K) NonClass: 5768K(5824K)->5768K(5824K) Class: 533K(640K)->533K(640K)
[3.256s][info][gc             ] GC(87) Pause Young (Allocation Failure) 597M->597M(674M) 33.001ms
[3.256s][info][gc,cpu         ] GC(87) User=0.16s Sys=0.00s Real=0.03s
[3.266s][info][gc,start       ] GC(88) Pause Young (Allocation Failure)
[3.292s][info][gc,heap        ] GC(88) PSYoungGen: 50752K(81408K)->33952K(75264K) Eden: 8704K(8704K)->0K(10240K) From: 42048K(72704K)->33952K(65024K)
[3.292s][info][gc,heap        ] GC(88) ParOldGen: 570253K(609280K)->587325K(609280K)
[3.292s][info][gc,metaspace   ] GC(88) Metaspace: 6301K(6464K)->6301K(6464K) NonClass: 5768K(5824K)->5768K(5824K) Class: 533K(640K)->533K(640K)
[3.292s][info][gc             ] GC(88) Pause Young (Allocation Failure) 606M->606M(668M) 25.247ms
[3.292s][info][gc,cpu         ] GC(88) User=0.09s Sys=0.05s Real=0.03s
[3.292s][info][gc,start       ] GC(89) Pause Full (Ergonomics)
[3.292s][info][gc,phases,start] GC(89) Marking Phase
[3.441s][info][gc,phases      ] GC(89) Marking Phase 149.000ms
[3.441s][info][gc,phases,start] GC(89) Summary Phase
[3.441s][info][gc,phases      ] GC(89) Summary Phase 0.021ms
[3.441s][info][gc,phases,start] GC(89) Adjust Roots
[3.441s][info][gc,phases      ] GC(89) Adjust Roots 0.208ms
[3.441s][info][gc,phases,start] GC(89) Compaction Phase
[3.505s][info][gc,phases      ] GC(89) Compaction Phase 63.729ms
[3.505s][info][gc,phases,start] GC(89) Post Compact
[3.506s][info][gc,phases      ] GC(89) Post Compact 1.172ms
[3.506s][info][gc,heap        ] GC(89) PSYoungGen: 33952K(75264K)->11253K(76800K) Eden: 0K(10240K)->0K(11776K) From: 33952K(65024K)->11253K(65024K)
[3.507s][info][gc,heap        ] GC(89) ParOldGen: 587325K(609280K)->609001K(687616K)
[3.507s][info][gc,metaspace   ] GC(89) Metaspace: 6301K(6464K)->6301K(6464K) NonClass: 5768K(5824K)->5768K(5824K) Class: 533K(640K)->533K(640K)
[3.507s][info][gc             ] GC(89) Pause Full (Ergonomics) 606M->605M(746M) 214.807ms
[3.507s][info][gc,cpu         ] GC(89) User=1.45s Sys=0.00s Real=0.21s
[3.522s][info][gc,start       ] GC(90) Pause Young (Allocation Failure)
[3.562s][info][gc,heap        ] GC(90) PSYoungGen: 23029K(76800K)->14624K(80384K) Eden: 11776K(11776K)->0K(11776K) From: 11253K(65024K)->14624K(68608K)
[3.562s][info][gc,heap        ] GC(90) ParOldGen: 609001K(687616K)->617657K(687616K)
[3.562s][info][gc,metaspace   ] GC(90) Metaspace: 6301K(6464K)->6301K(6464K) NonClass: 5768K(5824K)->5768K(5824K) Class: 533K(640K)->533K(640K)
[3.562s][info][gc             ] GC(90) Pause Young (Allocation Failure) 617M->617M(750M) 40.402ms
[3.562s][info][gc,cpu         ] GC(90) User=0.19s Sys=0.02s Real=0.04s
[3.577s][info][gc,start       ] GC(91) Pause Young (Allocation Failure)
[3.594s][info][gc,heap        ] GC(91) PSYoungGen: 26400K(80384K)->23584K(77312K) Eden: 11776K(11776K)->0K(13312K) From: 14624K(68608K)->23584K(64000K)
[3.594s][info][gc,heap        ] GC(91) ParOldGen: 617657K(687616K)->620489K(687616K)
[3.594s][info][gc,metaspace   ] GC(91) Metaspace: 6301K(6464K)->6301K(6464K) NonClass: 5768K(5824K)->5768K(5824K) Class: 533K(640K)->533K(640K)
[3.594s][info][gc             ] GC(91) Pause Young (Allocation Failure) 628M->628M(747M) 16.882ms
[3.594s][info][gc,cpu         ] GC(91) User=0.03s Sys=0.00s Real=0.02s
[3.610s][info][gc,start       ] GC(92) Pause Young (Allocation Failure)
[3.632s][info][gc,heap        ] GC(92) PSYoungGen: 36896K(77312K)->25216K(38912K) Eden: 13312K(13312K)->0K(13312K) From: 23584K(64000K)->25216K(25600K)
[3.632s][info][gc,heap        ] GC(92) ParOldGen: 620489K(687616K)->632441K(687616K)
[3.632s][info][gc,metaspace   ] GC(92) Metaspace: 6301K(6464K)->6301K(6464K) NonClass: 5768K(5824K)->5768K(5824K) Class: 533K(640K)->533K(640K)
[3.632s][info][gc             ] GC(92) Pause Young (Allocation Failure) 641M->642M(709M) 21.649ms
[3.632s][info][gc,cpu         ] GC(92) User=0.11s Sys=0.00s Real=0.02s
[3.647s][info][gc,start       ] GC(93) Pause Young (Allocation Failure)
[3.670s][info][gc,heap        ] GC(93) PSYoungGen: 38528K(38912K)->26752K(72704K) Eden: 13312K(13312K)->0K(15360K) From: 25216K(25600K)->26752K(57344K)
[3.670s][info][gc,heap        ] GC(93) ParOldGen: 632441K(687616K)->644393K(687616K)
[3.670s][info][gc,metaspace   ] GC(93) Metaspace: 6301K(6464K)->6301K(6464K) NonClass: 5768K(5824K)->5768K(5824K) Class: 533K(640K)->533K(640K)
[3.670s][info][gc             ] GC(93) Pause Young (Allocation Failure) 655M->655M(742M) 23.218ms
[3.670s][info][gc,cpu         ] GC(93) User=0.11s Sys=0.00s Real=0.02s
[3.690s][info][gc,start       ] GC(94) Pause Young (Allocation Failure)
[3.715s][info][gc,heap        ] GC(94) PSYoungGen: 42112K(72704K)->28800K(44544K) Eden: 15360K(15360K)->0K(15360K) From: 26752K(57344K)->28800K(29184K)
[3.715s][info][gc,heap        ] GC(94) ParOldGen: 644393K(687616K)->657913K(687616K)
[3.715s][info][gc,metaspace   ] GC(94) Metaspace: 6301K(6464K)->6301K(6464K) NonClass: 5768K(5824K)->5768K(5824K) Class: 533K(640K)->533K(640K)
[3.715s][info][gc             ] GC(94) Pause Young (Allocation Failure) 670M->670M(715M) 25.832ms
[3.715s][info][gc,cpu         ] GC(94) User=0.12s Sys=0.00s Real=0.03s
[3.735s][info][gc,start       ] GC(95) Pause Young (Allocation Failure)
[3.762s][info][gc,heap        ] GC(95) PSYoungGen: 44160K(44544K)->30880K(70144K) Eden: 15360K(15360K)->0K(17408K) From: 28800K(29184K)->30880K(52736K)
[3.762s][info][gc,heap        ] GC(95) ParOldGen: 657913K(687616K)->671401K(687616K)
[3.762s][info][gc,metaspace   ] GC(95) Metaspace: 6301K(6464K)->6301K(6464K) NonClass: 5768K(5824K)->5768K(5824K) Class: 533K(640K)->533K(640K)
[3.762s][info][gc             ] GC(95) Pause Young (Allocation Failure) 685M->685M(740M) 26.228ms
[3.762s][info][gc,cpu         ] GC(95) User=0.11s Sys=0.00s Real=0.03s
[3.762s][info][gc,start       ] GC(96) Pause Full (Ergonomics)
[3.762s][info][gc,phases,start] GC(96) Marking Phase
[3.934s][info][gc,phases      ] GC(96) Marking Phase 172.644ms
[3.934s][info][gc,phases,start] GC(96) Summary Phase
[3.935s][info][gc,phases      ] GC(96) Summary Phase 0.028ms
[3.935s][info][gc,phases,start] GC(96) Adjust Roots
[3.935s][info][gc,phases      ] GC(96) Adjust Roots 0.200ms
[3.935s][info][gc,phases,start] GC(96) Compaction Phase
[4.002s][info][gc,phases      ] GC(96) Compaction Phase 67.292ms
[4.002s][info][gc,phases,start] GC(96) Post Compact
[4.003s][info][gc,phases      ] GC(96) Post Compact 1.256ms
[4.004s][info][gc,heap        ] GC(96) PSYoungGen: 30880K(70144K)->13795K(72192K) Eden: 0K(17408K)->0K(19456K) From: 30880K(52736K)->13795K(52736K)
[4.004s][info][gc,heap        ] GC(96) ParOldGen: 671401K(687616K)->687174K(763392K)
[4.004s][info][gc,metaspace   ] GC(96) Metaspace: 6301K(6464K)->6301K(6464K) NonClass: 5768K(5824K)->5768K(5824K) Class: 533K(640K)->533K(640K)
[4.004s][info][gc             ] GC(96) Pause Full (Ergonomics) 685M->684M(816M) 241.991ms
[4.004s][info][gc,cpu         ] GC(96) User=1.44s Sys=0.02s Real=0.24s
[4.202s][info][gc,start       ] GC(97) Pause Young (Allocation Failure)
[4.255s][info][gc,heap        ] GC(97) PSYoungGen: 33251K(72192K)->26208K(74752K) Eden: 19456K(19456K)->0K(19456K) From: 13795K(52736K)->26208K(55296K)
[4.255s][info][gc,heap        ] GC(97) ParOldGen: 719942K(763392K)->727270K(763392K)
[4.255s][info][gc,metaspace   ] GC(97) Metaspace: 6301K(6464K)->6301K(6464K) NonClass: 5768K(5824K)->5768K(5824K) Class: 533K(640K)->533K(640K)
[4.255s][info][gc             ] GC(97) Pause Young (Allocation Failure) 735M->735M(818M) 52.499ms
[4.255s][info][gc,cpu         ] GC(97) User=0.20s Sys=0.02s Real=0.05s
[4.278s][info][gc,start       ] GC(98) Pause Young (Allocation Failure)
[4.308s][info][gc,heap        ] GC(98) PSYoungGen: 45664K(74752K)->45696K(71168K) Eden: 19456K(19456K)->0K(17920K) From: 26208K(55296K)->45696K(53248K)
[4.308s][info][gc,heap        ] GC(98) ParOldGen: 727270K(763392K)->727270K(763392K)
[4.308s][info][gc,metaspace   ] GC(98) Metaspace: 6301K(6464K)->6301K(6464K) NonClass: 5768K(5824K)->5768K(5824K) Class: 533K(640K)->533K(640K)
[4.308s][info][gc             ] GC(98) Pause Young (Allocation Failure) 754M->754M(815M) 29.736ms
[4.308s][info][gc,cpu         ] GC(98) User=0.16s Sys=0.00s Real=0.03s
[4.328s][info][gc,start       ] GC(99) Pause Young (Allocation Failure)
[4.365s][info][gc,heap        ] GC(99) PSYoungGen: 63616K(71168K)->56832K(74752K) Eden: 17920K(17920K)->0K(17920K) From: 45696K(53248K)->56832K(56832K)
[4.365s][info][gc,heap        ] GC(99) ParOldGen: 727270K(763392K)->734078K(763392K)
[4.365s][info][gc,metaspace   ] GC(99) Metaspace: 6301K(6464K)->6301K(6464K) NonClass: 5768K(5824K)->5768K(5824K) Class: 533K(640K)->533K(640K)
[4.365s][info][gc             ] GC(99) Pause Young (Allocation Failure) 772M->772M(818M) 36.481ms
[4.365s][info][gc,cpu         ] GC(99) User=0.22s Sys=0.03s Real=0.04s
[4.384s][info][gc,start       ] GC(100) Pause Young (Allocation Failure)
[4.427s][info][gc,heap        ] GC(100) PSYoungGen: 74752K(74752K)->35936K(81408K) Eden: 17920K(17920K)->0K(19968K) From: 56832K(56832K)->35936K(61440K)
[4.427s][info][gc,heap        ] GC(100) ParOldGen: 734078K(763392K)->773486K(773632K)
[4.427s][info][gc,metaspace   ] GC(100) Metaspace: 6301K(6464K)->6301K(6464K) NonClass: 5768K(5824K)->5768K(5824K) Class: 533K(640K)->533K(640K)
[4.427s][info][gc             ] GC(100) Pause Young (Allocation Failure) 789M->790M(835M) 43.083ms
[4.427s][info][gc,cpu         ] GC(100) User=0.20s Sys=0.02s Real=0.04s
[4.428s][info][gc,start       ] GC(101) Pause Full (Ergonomics)
[4.428s][info][gc,phases,start] GC(101) Marking Phase
[4.621s][info][gc,phases      ] GC(101) Marking Phase 193.492ms
[4.621s][info][gc,phases,start] GC(101) Summary Phase
[4.621s][info][gc,phases      ] GC(101) Summary Phase 0.026ms
[4.621s][info][gc,phases,start] GC(101) Adjust Roots
[4.621s][info][gc,phases      ] GC(101) Adjust Roots 0.257ms
[4.621s][info][gc,phases,start] GC(101) Compaction Phase
[4.767s][info][gc,phases      ] GC(101) Compaction Phase 145.560ms
[4.767s][info][gc,phases,start] GC(101) Post Compact
[4.769s][info][gc,phases      ] GC(101) Post Compact 1.808ms
[4.769s][info][gc,heap        ] GC(101) PSYoungGen: 35936K(81408K)->18390K(83968K) Eden: 0K(19968K)->0K(22528K) From: 35936K(61440K)->18390K(61440K)
[4.769s][info][gc,heap        ] GC(101) ParOldGen: 773486K(773632K)->773594K(861696K)
[4.769s][info][gc,metaspace   ] GC(101) Metaspace: 6301K(6464K)->6301K(6464K) NonClass: 5768K(5824K)->5768K(5824K) Class: 533K(640K)->533K(640K)
[4.769s][info][gc             ] GC(101) Pause Full (Ergonomics) 790M->773M(923M) 341.798ms
[4.769s][info][gc,cpu         ] GC(101) User=1.78s Sys=0.03s Real=0.34s
[4.793s][info][gc,start       ] GC(102) Pause Young (Allocation Failure)
[4.846s][info][gc,heap        ] GC(102) PSYoungGen: 40918K(83968K)->22656K(86528K) Eden: 22528K(22528K)->0K(22528K) From: 18390K(61440K)->22656K(64000K)
[4.846s][info][gc,heap        ] GC(102) ParOldGen: 773594K(861696K)->792250K(861696K)
[4.846s][info][gc,metaspace   ] GC(102) Metaspace: 6301K(6464K)->6301K(6464K) NonClass: 5768K(5824K)->5768K(5824K) Class: 533K(640K)->533K(640K)
[4.846s][info][gc             ] GC(102) Pause Young (Allocation Failure) 795M->795M(926M) 53.319ms
[4.846s][info][gc,cpu         ] GC(102) User=0.36s Sys=0.02s Real=0.05s
[4.870s][info][gc,start       ] GC(103) Pause Young (Allocation Failure)
[4.898s][info][gc,heap        ] GC(103) PSYoungGen: 45184K(86528K)->22720K(86016K) Eden: 22528K(22528K)->0K(25088K) From: 22656K(64000K)->22720K(60928K)
[4.898s][info][gc,heap        ] GC(103) ParOldGen: 792250K(861696K)->815090K(861696K)
[4.898s][info][gc,metaspace   ] GC(103) Metaspace: 6301K(6464K)->6301K(6464K) NonClass: 5768K(5824K)->5768K(5824K) Class: 533K(640K)->533K(640K)
[4.898s][info][gc             ] GC(103) Pause Young (Allocation Failure) 817M->818M(925M) 27.972ms
[4.898s][info][gc,cpu         ] GC(103) User=0.06s Sys=0.00s Real=0.03s
[4.926s][info][gc,start       ] GC(104) Pause Young (Allocation Failure)
[4.953s][info][gc,heap        ] GC(104) PSYoungGen: 47808K(86016K)->25216K(87040K) Eden: 25088K(25088K)->0K(25088K) From: 22720K(60928K)->25216K(61952K)
[4.953s][info][gc,heap        ] GC(104) ParOldGen: 815090K(861696K)->837930K(861696K)
[4.953s][info][gc,metaspace   ] GC(104) Metaspace: 6301K(6464K)->6301K(6464K) NonClass: 5768K(5824K)->5768K(5824K) Class: 533K(640K)->533K(640K)
[4.953s][info][gc             ] GC(104) Pause Young (Allocation Failure) 842M->842M(926M) 27.176ms
[4.953s][info][gc,cpu         ] GC(104) User=0.25s Sys=0.00s Real=0.03s
[4.953s][info][gc,start       ] GC(105) Pause Full (Ergonomics)
[4.953s][info][gc,phases,start] GC(105) Marking Phase
[5.149s][info][gc,phases      ] GC(105) Marking Phase 195.989ms
[5.149s][info][gc,phases,start] GC(105) Summary Phase
[5.149s][info][gc,phases      ] GC(105) Summary Phase 0.032ms
[5.149s][info][gc,phases,start] GC(105) Adjust Roots
[5.149s][info][gc,phases      ] GC(105) Adjust Roots 0.210ms
[5.149s][info][gc,phases,start] GC(105) Compaction Phase
[5.241s][info][gc,phases      ] GC(105) Compaction Phase 91.389ms
[5.241s][info][gc,phases,start] GC(105) Post Compact
[5.242s][info][gc,phases      ] GC(105) Post Compact 1.554ms
[5.243s][info][gc,heap        ] GC(105) PSYoungGen: 25216K(87040K)->533K(87040K) Eden: 0K(25088K)->0K(25088K) From: 25216K(61952K)->533K(61952K)
[5.243s][info][gc,heap        ] GC(105) ParOldGen: 837930K(861696K)->861492K(958464K)
[5.243s][info][gc,metaspace   ] GC(105) Metaspace: 6301K(6464K)->6301K(6464K) NonClass: 5768K(5824K)->5768K(5824K) Class: 533K(640K)->533K(640K)
[5.243s][info][gc             ] GC(105) Pause Full (Ergonomics) 842M->841M(1021M) 289.817ms
[5.243s][info][gc,cpu         ] GC(105) User=2.09s Sys=0.05s Real=0.29s
[5.271s][info][gc,start       ] GC(106) Pause Young (Allocation Failure)
[5.321s][info][gc,heap        ] GC(106) PSYoungGen: 25621K(87040K)->25280K(84480K) Eden: 25088K(25088K)->0K(27648K) From: 533K(61952K)->25280K(56832K)
[5.321s][info][gc,heap        ] GC(106) ParOldGen: 861492K(958464K)->862060K(958464K)
[5.321s][info][gc,metaspace   ] GC(106) Metaspace: 6301K(6464K)->6301K(6464K) NonClass: 5768K(5824K)->5768K(5824K) Class: 533K(640K)->533K(640K)
[5.321s][info][gc             ] GC(106) Pause Young (Allocation Failure) 866M->866M(1018M) 49.618ms
[5.321s][info][gc,cpu         ] GC(106) User=0.25s Sys=0.00s Real=0.05s
[5.351s][info][gc,start       ] GC(107) Pause Young (Allocation Failure)
[5.380s][info][gc,heap        ] GC(107) PSYoungGen: 52928K(84480K)->52896K(86016K) Eden: 27648K(27648K)->0K(27648K) From: 25280K(56832K)->52896K(58368K)
[5.380s][info][gc,heap        ] GC(107) ParOldGen: 862060K(958464K)->862060K(958464K)
[5.381s][info][gc,metaspace   ] GC(107) Metaspace: 6301K(6464K)->6301K(6464K) NonClass: 5768K(5824K)->5768K(5824K) Class: 533K(640K)->533K(640K)
[5.381s][info][gc             ] GC(107) Pause Young (Allocation Failure) 893M->893M(1020M) 29.208ms
[5.381s][info][gc,cpu         ] GC(107) User=0.14s Sys=0.00s Real=0.03s
[5.411s][info][gc,start       ] GC(108) Pause Young (Allocation Failure)
[5.452s][info][gc,heap        ] GC(108) PSYoungGen: 80544K(86016K)->64000K(79872K) Eden: 27648K(27648K)->0K(15872K) From: 52896K(58368K)->64000K(64000K)
[5.452s][info][gc,heap        ] GC(108) ParOldGen: 862060K(958464K)->878700K(958464K)
[5.452s][info][gc,metaspace   ] GC(108) Metaspace: 6301K(6464K)->6301K(6464K) NonClass: 5768K(5824K)->5768K(5824K) Class: 533K(640K)->533K(640K)
[5.452s][info][gc             ] GC(108) Pause Young (Allocation Failure) 920M->920M(1014M) 41.165ms
[5.452s][info][gc,cpu         ] GC(108) User=0.22s Sys=0.03s Real=0.04s
[5.470s][info][gc,start       ] GC(109) Pause Young (Allocation Failure)
[5.510s][info][gc,heap        ] GC(109) PSYoungGen: 79872K(79872K)->37280K(53248K) Eden: 15872K(15872K)->0K(15872K) From: 64000K(64000K)->37280K(37376K)
[5.510s][info][gc,heap        ] GC(109) ParOldGen: 878700K(958464K)->921932K(958464K)
[5.510s][info][gc,metaspace   ] GC(109) Metaspace: 6301K(6464K)->6301K(6464K) NonClass: 5768K(5824K)->5768K(5824K) Class: 533K(640K)->533K(640K)
[5.510s][info][gc             ] GC(109) Pause Young (Allocation Failure) 936M->936M(988M) 39.936ms
[5.510s][info][gc,cpu         ] GC(109) User=0.23s Sys=0.03s Real=0.04s
[5.510s][info][gc,start       ] GC(110) Pause Full (Ergonomics)
[5.510s][info][gc,phases,start] GC(110) Marking Phase
[5.731s][info][gc,phases      ] GC(110) Marking Phase 220.534ms
[5.731s][info][gc,phases,start] GC(110) Summary Phase
[5.731s][info][gc,phases      ] GC(110) Summary Phase 0.037ms
[5.731s][info][gc,phases,start] GC(110) Adjust Roots
[5.731s][info][gc,phases      ] GC(110) Adjust Roots 0.204ms
[5.731s][info][gc,phases,start] GC(110) Compaction Phase
[5.822s][info][gc,phases      ] GC(110) Compaction Phase 90.206ms
[5.822s][info][gc,phases,start] GC(110) Post Compact
[5.823s][info][gc,phases      ] GC(110) Post Compact 1.717ms
[5.824s][info][gc,heap        ] GC(110) PSYoungGen: 37280K(53248K)->0K(92160K) Eden: 0K(15872K)->0K(17920K) From: 37280K(37376K)->0K(74240K)
[5.824s][info][gc,heap        ] GC(110) ParOldGen: 921932K(958464K)->958146K(1024000K)
[5.824s][info][gc,metaspace   ] GC(110) Metaspace: 6301K(6464K)->6301K(6464K) NonClass: 5768K(5824K)->5768K(5824K) Class: 533K(640K)->533K(640K)
[5.824s][info][gc             ] GC(110) Pause Full (Ergonomics) 936M->935M(1090M) 313.454ms
[5.824s][info][gc,cpu         ] GC(110) User=2.14s Sys=0.03s Real=0.31s
[5.844s][info][gc,start       ] GC(111) Pause Young (Allocation Failure)
[5.859s][info][gc,heap        ] GC(111) PSYoungGen: 17920K(92160K)->18080K(92160K) Eden: 17920K(17920K)->0K(17920K) From: 0K(74240K)->18080K(74240K)
[5.859s][info][gc,heap        ] GC(111) ParOldGen: 958146K(1024000K)->958146K(1024000K)
[5.859s][info][gc,metaspace   ] GC(111) Metaspace: 6301K(6464K)->6301K(6464K) NonClass: 5768K(5824K)->5768K(5824K) Class: 533K(640K)->533K(640K)
[5.859s][info][gc             ] GC(111) Pause Young (Allocation Failure) 953M->953M(1090M) 15.508ms
[5.859s][info][gc,cpu         ] GC(111) User=0.02s Sys=0.00s Real=0.02s
[5.880s][info][gc,start       ] GC(112) Pause Young (Allocation Failure)
[5.903s][info][gc,heap        ] GC(112) PSYoungGen: 36000K(92160K)->36000K(86016K) Eden: 17920K(17920K)->0K(19968K) From: 18080K(74240K)->36000K(66048K)
[5.903s][info][gc,heap        ] GC(112) ParOldGen: 958146K(1024000K)->958146K(1024000K)
[5.903s][info][gc,metaspace   ] GC(112) Metaspace: 6301K(6464K)->6301K(6464K) NonClass: 5768K(5824K)->5768K(5824K) Class: 533K(640K)->533K(640K)
[5.903s][info][gc             ] GC(112) Pause Young (Allocation Failure) 970M->970M(1084M) 23.565ms
[5.903s][info][gc,cpu         ] GC(112) User=0.02s Sys=0.00s Real=0.02s
[5.926s][info][gc,start       ] GC(113) Pause Young (Allocation Failure)
[5.957s][info][gc,heap        ] GC(113) PSYoungGen: 55968K(86016K)->55968K(90112K) Eden: 19968K(19968K)->0K(19968K) From: 36000K(66048K)->55968K(70144K)
[5.957s][info][gc,heap        ] GC(113) ParOldGen: 958146K(1024000K)->958146K(1024000K)
[5.957s][info][gc,metaspace   ] GC(113) Metaspace: 6301K(6464K)->6301K(6464K) NonClass: 5768K(5824K)->5768K(5824K) Class: 533K(640K)->533K(640K)
[5.957s][info][gc             ] GC(113) Pause Young (Allocation Failure) 990M->990M(1088M) 30.814ms
[5.957s][info][gc,cpu         ] GC(113) User=0.09s Sys=0.00s Real=0.03s
[5.979s][info][gc,start       ] GC(114) Pause Young (Allocation Failure)
[6.018s][info][gc,heap        ] GC(114) PSYoungGen: 75936K(90112K)->74240K(85504K) Eden: 19968K(19968K)->0K(11264K) From: 55968K(70144K)->74240K(74240K)
[6.018s][info][gc,heap        ] GC(114) ParOldGen: 958146K(1024000K)->959786K(1024000K)
[6.018s][info][gc,metaspace   ] GC(114) Metaspace: 6301K(6464K)->6301K(6464K) NonClass: 5768K(5824K)->5768K(5824K) Class: 533K(640K)->533K(640K)
[6.018s][info][gc             ] GC(114) Pause Young (Allocation Failure) 1009M->1009M(1083M) 39.102ms
[6.018s][info][gc,cpu         ] GC(114) User=0.25s Sys=0.00s Real=0.04s
[6.030s][info][gc,start       ] GC(115) Pause Young (Allocation Failure)
[6.075s][info][gc,heap        ] GC(115) PSYoungGen: 85504K(85504K)->68000K(96256K) Eden: 11264K(11264K)->0K(11264K) From: 74240K(74240K)->68000K(84992K)
[6.075s][info][gc,heap        ] GC(115) ParOldGen: 959786K(1024000K)->977658K(1024000K)
[6.075s][info][gc,metaspace   ] GC(115) Metaspace: 6301K(6464K)->6301K(6464K) NonClass: 5768K(5824K)->5768K(5824K) Class: 533K(640K)->533K(640K)
[6.075s][info][gc             ] GC(115) Pause Young (Allocation Failure) 1020M->1021M(1094M) 44.351ms
[6.075s][info][gc,cpu         ] GC(115) User=0.20s Sys=0.00s Real=0.04s
[6.087s][info][gc,start       ] GC(116) Pause Young (Allocation Failure)
[6.126s][info][gc,heap        ] GC(116) PSYoungGen: 79264K(96256K)->61664K(100864K) Eden: 11264K(11264K)->0K(10752K) From: 68000K(84992K)->61664K(90112K)
[6.126s][info][gc,heap        ] GC(116) ParOldGen: 977658K(1024000K)->995458K(1024000K)
[6.126s][info][gc,metaspace   ] GC(116) Metaspace: 6301K(6464K)->6301K(6464K) NonClass: 5768K(5824K)->5768K(5824K) Class: 533K(640K)->533K(640K)
[6.126s][info][gc             ] GC(116) Pause Young (Allocation Failure) 1032M->1032M(1098M) 39.083ms
[6.126s][info][gc,cpu         ] GC(116) User=0.22s Sys=0.03s Real=0.04s
[6.126s][info][gc,start       ] GC(117) Pause Full (Ergonomics)
[6.126s][info][gc,phases,start] GC(117) Marking Phase
[6.375s][info][gc,phases      ] GC(117) Marking Phase 248.647ms
[6.375s][info][gc,phases,start] GC(117) Summary Phase
[6.375s][info][gc,phases      ] GC(117) Summary Phase 0.027ms
[6.375s][info][gc,phases,start] GC(117) Adjust Roots
[6.376s][info][gc,phases      ] GC(117) Adjust Roots 0.524ms
[6.376s][info][gc,phases,start] GC(117) Compaction Phase
[6.471s][info][gc,phases      ] GC(117) Compaction Phase 95.569ms
[6.471s][info][gc,phases,start] GC(117) Post Compact
[6.473s][info][gc,phases      ] GC(117) Post Compact 2.047ms
[6.473s][info][gc,heap        ] GC(117) PSYoungGen: 61664K(100864K)->32320K(100864K) Eden: 0K(10752K)->0K(10752K) From: 61664K(90112K)->32320K(90112K)
[6.473s][info][gc,heap        ] GC(117) ParOldGen: 995458K(1024000K)->1023946K(1024000K)
[6.474s][info][gc,metaspace   ] GC(117) Metaspace: 6301K(6464K)->6301K(6464K) NonClass: 5768K(5824K)->5768K(5824K) Class: 533K(640K)->533K(640K)
[6.474s][info][gc             ] GC(117) Pause Full (Ergonomics) 1032M->1031M(1098M) 347.195ms
[6.474s][info][gc,cpu         ] GC(117) User=2.36s Sys=0.08s Real=0.35s
[6.486s][info][gc,start       ] GC(118) Pause Full (Ergonomics)
[6.486s][info][gc,phases,start] GC(118) Marking Phase
[6.774s][info][gc,phases      ] GC(118) Marking Phase 287.786ms
[6.774s][info][gc,phases,start] GC(118) Summary Phase
[6.774s][info][gc,phases      ] GC(118) Summary Phase 0.038ms
[6.774s][info][gc,phases,start] GC(118) Adjust Roots
[6.774s][info][gc,phases      ] GC(118) Adjust Roots 0.385ms
[6.774s][info][gc,phases,start] GC(118) Compaction Phase
[6.854s][info][gc,phases      ] GC(118) Compaction Phase 80.065ms
[6.854s][info][gc,phases,start] GC(118) Post Compact
[6.857s][info][gc,phases      ] GC(118) Post Compact 2.478ms
[6.857s][info][gc,heap        ] GC(118) PSYoungGen: 43072K(100864K)->43044K(100864K) Eden: 10752K(10752K)->10723K(10752K) From: 32320K(90112K)->32320K(90112K)
[6.857s][info][gc,heap        ] GC(118) ParOldGen: 1023946K(1024000K)->1023946K(1024000K)
[6.857s][info][gc,metaspace   ] GC(118) Metaspace: 6301K(6464K)->6301K(6464K) NonClass: 5768K(5824K)->5768K(5824K) Class: 533K(640K)->533K(640K)
[6.857s][info][gc             ] GC(118) Pause Full (Ergonomics) 1042M->1041M(1098M) 371.260ms
[6.857s][info][gc,cpu         ] GC(118) User=2.44s Sys=0.03s Real=0.37s
[6.857s][info][gc,start       ] GC(119) Pause Full (Ergonomics)
[6.857s][info][gc,phases,start] GC(119) Marking Phase
[7.116s][info][gc,phases      ] GC(119) Marking Phase 258.110ms
[7.116s][info][gc,phases,start] GC(119) Summary Phase
[7.116s][info][gc,phases      ] GC(119) Summary Phase 0.029ms
[7.116s][info][gc,phases,start] GC(119) Adjust Roots
[7.116s][info][gc,phases      ] GC(119) Adjust Roots 0.292ms
[7.116s][info][gc,phases,start] GC(119) Compaction Phase
[7.187s][info][gc,phases      ] GC(119) Compaction Phase 71.249ms
[7.187s][info][gc,phases,start] GC(119) Post Compact
[7.190s][info][gc,phases      ] GC(119) Post Compact 2.490ms
[7.190s][info][gc,heap        ] GC(119) PSYoungGen: 43072K(100864K)->43072K(100864K) Eden: 10752K(10752K)->10751K(10752K) From: 32320K(90112K)->32320K(90112K)
[7.190s][info][gc,heap        ] GC(119) ParOldGen: 1023946K(1024000K)->1023946K(1024000K)
[7.190s][info][gc,metaspace   ] GC(119) Metaspace: 6301K(6464K)->6301K(6464K) NonClass: 5768K(5824K)->5768K(5824K) Class: 533K(640K)->533K(640K)
[7.190s][info][gc             ] GC(119) Pause Full (Ergonomics) 1042M->1042M(1098M) 332.576ms
[7.190s][info][gc,cpu         ] GC(119) User=2.38s Sys=0.06s Real=0.33s
[7.190s][info][gc,start       ] GC(120) Pause Full (Ergonomics)
[7.190s][info][gc,phases,start] GC(120) Marking Phase
[7.448s][info][gc,phases      ] GC(120) Marking Phase 258.125ms
[7.449s][info][gc,phases,start] GC(120) Summary Phase
[7.449s][info][gc,phases      ] GC(120) Summary Phase 0.032ms
[7.449s][info][gc,phases,start] GC(120) Adjust Roots
[7.449s][info][gc,phases      ] GC(120) Adjust Roots 0.263ms
[7.449s][info][gc,phases,start] GC(120) Compaction Phase
[7.522s][info][gc,phases      ] GC(120) Compaction Phase 73.471ms
[7.522s][info][gc,phases,start] GC(120) Post Compact
[7.524s][info][gc,phases      ] GC(120) Post Compact 1.913ms
[7.524s][info][gc,heap        ] GC(120) PSYoungGen: 43072K(100864K)->43072K(100864K) Eden: 10752K(10752K)->10752K(10752K) From: 32320K(90112K)->32320K(90112K)
[7.524s][info][gc,heap        ] GC(120) ParOldGen: 1023946K(1024000K)->1023946K(1024000K)
[7.524s][info][gc,metaspace   ] GC(120) Metaspace: 6301K(6464K)->6301K(6464K) NonClass: 5768K(5824K)->5768K(5824K) Class: 533K(640K)->533K(640K)
[7.524s][info][gc             ] GC(120) Pause Full (Ergonomics) 1042M->1042M(1098M) 334.158ms
[7.525s][info][gc,cpu         ] GC(120) User=2.44s Sys=0.00s Real=0.33s
[7.525s][info][gc,start       ] GC(121) Pause Full (Ergonomics)
[7.525s][info][gc,phases,start] GC(121) Marking Phase
[7.781s][info][gc,phases      ] GC(121) Marking Phase 256.232ms
[7.781s][info][gc,phases,start] GC(121) Summary Phase
[7.781s][info][gc,phases      ] GC(121) Summary Phase 0.025ms
[7.781s][info][gc,phases,start] GC(121) Adjust Roots
[7.781s][info][gc,phases      ] GC(121) Adjust Roots 0.213ms
[7.781s][info][gc,phases,start] GC(121) Compaction Phase
[7.851s][info][gc,phases      ] GC(121) Compaction Phase 69.195ms
[7.851s][info][gc,phases,start] GC(121) Post Compact
[7.853s][info][gc,phases      ] GC(121) Post Compact 1.927ms
[7.853s][info][gc,heap        ] GC(121) PSYoungGen: 43072K(100864K)->43072K(100864K) Eden: 10752K(10752K)->10752K(10752K) From: 32320K(90112K)->32320K(90112K)
[7.853s][info][gc,heap        ] GC(121) ParOldGen: 1023951K(1024000K)->1023951K(1024000K)
[7.853s][info][gc,metaspace   ] GC(121) Metaspace: 6301K(6464K)->6301K(6464K) NonClass: 5768K(5824K)->5768K(5824K) Class: 533K(640K)->533K(640K)
[7.853s][info][gc             ] GC(121) Pause Full (Ergonomics) 1042M->1042M(1098M) 327.968ms
[7.853s][info][gc,cpu         ] GC(121) User=2.27s Sys=0.00s Real=0.33s
[7.853s][info][gc,start       ] GC(122) Pause Full (Ergonomics)
[7.853s][info][gc,phases,start] GC(122) Marking Phase
[8.097s][info][gc,phases      ] GC(122) Marking Phase 243.907ms
[8.097s][info][gc,phases,start] GC(122) Summary Phase
[8.097s][info][gc,phases      ] GC(122) Summary Phase 0.025ms
[8.097s][info][gc,phases,start] GC(122) Adjust Roots
[8.097s][info][gc,phases      ] GC(122) Adjust Roots 0.217ms
[8.097s][info][gc,phases,start] GC(122) Compaction Phase
[8.162s][info][gc,phases      ] GC(122) Compaction Phase 64.145ms
[8.162s][info][gc,phases,start] GC(122) Post Compact
[8.163s][info][gc,phases      ] GC(122) Post Compact 1.716ms
[8.163s][info][gc,heap        ] GC(122) PSYoungGen: 43072K(100864K)->43072K(100864K) Eden: 10752K(10752K)->10752K(10752K) From: 32320K(90112K)->32320K(90112K)
[8.163s][info][gc,heap        ] GC(122) ParOldGen: 1023956K(1024000K)->1023956K(1024000K)
[8.163s][info][gc,metaspace   ] GC(122) Metaspace: 6301K(6464K)->6301K(6464K) NonClass: 5768K(5824K)->5768K(5824K) Class: 533K(640K)->533K(640K)
[8.163s][info][gc             ] GC(122) Pause Full (Ergonomics) 1042M->1042M(1098M) 310.346ms
[8.164s][info][gc,cpu         ] GC(122) User=2.36s Sys=0.00s Real=0.31s
[8.164s][info][gc,start       ] GC(123) Pause Full (Ergonomics)
[8.164s][info][gc,phases,start] GC(123) Marking Phase
[8.404s][info][gc,phases      ] GC(123) Marking Phase 239.982ms
[8.404s][info][gc,phases,start] GC(123) Summary Phase
[8.404s][info][gc,phases      ] GC(123) Summary Phase 0.024ms
[8.404s][info][gc,phases,start] GC(123) Adjust Roots
[8.404s][info][gc,phases      ] GC(123) Adjust Roots 0.193ms
[8.404s][info][gc,phases,start] GC(123) Compaction Phase
[8.469s][info][gc,phases      ] GC(123) Compaction Phase 65.332ms
[8.469s][info][gc,phases,start] GC(123) Post Compact
[8.471s][info][gc,phases      ] GC(123) Post Compact 1.679ms
[8.471s][info][gc,heap        ] GC(123) PSYoungGen: 43072K(100864K)->43072K(100864K) Eden: 10752K(10752K)->10752K(10752K) From: 32320K(90112K)->32320K(90112K)
[8.471s][info][gc,heap        ] GC(123) ParOldGen: 1023960K(1024000K)->1023960K(1024000K)
[8.471s][info][gc,metaspace   ] GC(123) Metaspace: 6301K(6464K)->6301K(6464K) NonClass: 5768K(5824K)->5768K(5824K) Class: 533K(640K)->533K(640K)
[8.471s][info][gc             ] GC(123) Pause Full (Ergonomics) 1042M->1042M(1098M) 307.558ms
[8.471s][info][gc,cpu         ] GC(123) User=2.22s Sys=0.00s Real=0.31s
[8.472s][info][gc,start       ] GC(124) Pause Full (Ergonomics)
[8.472s][info][gc,phases,start] GC(124) Marking Phase
[8.712s][info][gc,phases      ] GC(124) Marking Phase 240.721ms
[8.712s][info][gc,phases,start] GC(124) Summary Phase
[8.712s][info][gc,phases      ] GC(124) Summary Phase 0.024ms
[8.712s][info][gc,phases,start] GC(124) Adjust Roots
[8.713s][info][gc,phases      ] GC(124) Adjust Roots 0.253ms
[8.713s][info][gc,phases,start] GC(124) Compaction Phase
[8.784s][info][gc,phases      ] GC(124) Compaction Phase 70.951ms
[8.784s][info][gc,phases,start] GC(124) Post Compact
[8.786s][info][gc,phases      ] GC(124) Post Compact 1.955ms
[8.786s][info][gc,heap        ] GC(124) PSYoungGen: 43072K(100864K)->43072K(100864K) Eden: 10752K(10752K)->10752K(10752K) From: 32320K(90112K)->32320K(90112K)
[8.786s][info][gc,heap        ] GC(124) ParOldGen: 1023965K(1024000K)->1023965K(1024000K)
[8.786s][info][gc,metaspace   ] GC(124) Metaspace: 6301K(6464K)->6301K(6464K) NonClass: 5768K(5824K)->5768K(5824K) Class: 533K(640K)->533K(640K)
[8.786s][info][gc             ] GC(124) Pause Full (Ergonomics) 1042M->1042M(1098M) 314.244ms
[8.786s][info][gc,cpu         ] GC(124) User=2.28s Sys=0.03s Real=0.31s
[8.786s][info][gc,start       ] GC(125) Pause Full (Ergonomics)
[8.786s][info][gc,phases,start] GC(125) Marking Phase
[9.034s][info][gc,phases      ] GC(125) Marking Phase 247.964ms
[9.034s][info][gc,phases,start] GC(125) Summary Phase
[9.034s][info][gc,phases      ] GC(125) Summary Phase 0.024ms
[9.034s][info][gc,phases,start] GC(125) Adjust Roots
[9.034s][info][gc,phases      ] GC(125) Adjust Roots 0.198ms
[9.034s][info][gc,phases,start] GC(125) Compaction Phase
[9.099s][info][gc,phases      ] GC(125) Compaction Phase 64.302ms
[9.099s][info][gc,phases,start] GC(125) Post Compact
[9.100s][info][gc,phases      ] GC(125) Post Compact 1.585ms
[9.100s][info][gc,heap        ] GC(125) PSYoungGen: 43072K(100864K)->43072K(100864K) Eden: 10752K(10752K)->10752K(10752K) From: 32320K(90112K)->32320K(90112K)
[9.101s][info][gc,heap        ] GC(125) ParOldGen: 1023970K(1024000K)->1023970K(1024000K)
[9.101s][info][gc,metaspace   ] GC(125) Metaspace: 6301K(6464K)->6301K(6464K) NonClass: 5768K(5824K)->5768K(5824K) Class: 533K(640K)->533K(640K)
[9.101s][info][gc             ] GC(125) Pause Full (Ergonomics) 1042M->1042M(1098M) 314.392ms
[9.101s][info][gc,cpu         ] GC(125) User=2.38s Sys=0.00s Real=0.31s
[9.101s][info][gc,start       ] GC(126) Pause Full (Ergonomics)
[9.101s][info][gc,phases,start] GC(126) Marking Phase
[9.341s][info][gc,phases      ] GC(126) Marking Phase 240.646ms
[9.342s][info][gc,phases,start] GC(126) Summary Phase
[9.342s][info][gc,phases      ] GC(126) Summary Phase 0.024ms
[9.342s][info][gc,phases,start] GC(126) Adjust Roots
[9.342s][info][gc,phases      ] GC(126) Adjust Roots 0.199ms
[9.342s][info][gc,phases,start] GC(126) Compaction Phase
[9.407s][info][gc,phases      ] GC(126) Compaction Phase 65.334ms
[9.407s][info][gc,phases,start] GC(126) Post Compact
[9.409s][info][gc,phases      ] GC(126) Post Compact 1.680ms
[9.409s][info][gc,heap        ] GC(126) PSYoungGen: 43072K(100864K)->43072K(100864K) Eden: 10752K(10752K)->10752K(10752K) From: 32320K(90112K)->32320K(90112K)
[9.409s][info][gc,heap        ] GC(126) ParOldGen: 1023974K(1024000K)->1023974K(1024000K)
[9.409s][info][gc,metaspace   ] GC(126) Metaspace: 6301K(6464K)->6301K(6464K) NonClass: 5768K(5824K)->5768K(5824K) Class: 533K(640K)->533K(640K)
[9.409s][info][gc             ] GC(126) Pause Full (Ergonomics) 1042M->1042M(1098M) 308.225ms
[9.409s][info][gc,cpu         ] GC(126) User=2.19s Sys=0.00s Real=0.31s
[9.409s][info][gc,start       ] GC(127) Pause Full (Ergonomics)
[9.409s][info][gc,phases,start] GC(127) Marking Phase
[9.649s][info][gc,phases      ] GC(127) Marking Phase 239.922ms
[9.649s][info][gc,phases,start] GC(127) Summary Phase
[9.649s][info][gc,phases      ] GC(127) Summary Phase 0.025ms
[9.649s][info][gc,phases,start] GC(127) Adjust Roots
[9.650s][info][gc,phases      ] GC(127) Adjust Roots 0.215ms
[9.650s][info][gc,phases,start] GC(127) Compaction Phase
[9.716s][info][gc,phases      ] GC(127) Compaction Phase 66.191ms
[9.716s][info][gc,phases,start] GC(127) Post Compact
[9.718s][info][gc,phases      ] GC(127) Post Compact 1.732ms
[9.718s][info][gc,heap        ] GC(127) PSYoungGen: 43072K(100864K)->43072K(100864K) Eden: 10752K(10752K)->10752K(10752K) From: 32320K(90112K)->32320K(90112K)
[9.718s][info][gc,heap        ] GC(127) ParOldGen: 1023979K(1024000K)->1023979K(1024000K)
[9.718s][info][gc,metaspace   ] GC(127) Metaspace: 6301K(6464K)->6301K(6464K) NonClass: 5768K(5824K)->5768K(5824K) Class: 533K(640K)->533K(640K)
[9.718s][info][gc             ] GC(127) Pause Full (Ergonomics) 1042M->1042M(1098M) 308.390ms
[9.718s][info][gc,cpu         ] GC(127) User=2.30s Sys=0.00s Real=0.31s
[9.718s][info][gc,start       ] GC(128) Pause Full (Ergonomics)
[9.718s][info][gc,phases,start] GC(128) Marking Phase
[9.963s][info][gc,phases      ] GC(128) Marking Phase 245.358ms
[9.963s][info][gc,phases,start] GC(128) Summary Phase
[9.963s][info][gc,phases      ] GC(128) Summary Phase 0.025ms
[9.963s][info][gc,phases,start] GC(128) Adjust Roots
[9.964s][info][gc,phases      ] GC(128) Adjust Roots 0.262ms
[9.964s][info][gc,phases,start] GC(128) Compaction Phase
[10.035s][info][gc,phases      ] GC(128) Compaction Phase 70.943ms
[10.035s][info][gc,phases,start] GC(128) Post Compact
[10.037s][info][gc,phases      ] GC(128) Post Compact 1.938ms
[10.037s][info][gc,heap        ] GC(128) PSYoungGen: 43072K(100864K)->43072K(100864K) Eden: 10752K(10752K)->10752K(10752K) From: 32320K(90112K)->32320K(90112K)
[10.037s][info][gc,heap        ] GC(128) ParOldGen: 1023984K(1024000K)->1023984K(1024000K)
[10.037s][info][gc,metaspace   ] GC(128) Metaspace: 6301K(6464K)->6301K(6464K) NonClass: 5768K(5824K)->5768K(5824K) Class: 533K(640K)->533K(640K)
[10.037s][info][gc             ] GC(128) Pause Full (Ergonomics) 1042M->1042M(1098M) 318.899ms
[10.037s][info][gc,cpu         ] GC(128) User=2.33s Sys=0.05s Real=0.32s
[10.037s][info][gc,start       ] GC(129) Pause Full (Ergonomics)
[10.037s][info][gc,phases,start] GC(129) Marking Phase
[10.283s][info][gc,phases      ] GC(129) Marking Phase 245.647ms
[10.283s][info][gc,phases,start] GC(129) Summary Phase
[10.283s][info][gc,phases      ] GC(129) Summary Phase 0.024ms
[10.283s][info][gc,phases,start] GC(129) Adjust Roots
[10.283s][info][gc,phases      ] GC(129) Adjust Roots 0.197ms
[10.283s][info][gc,phases,start] GC(129) Compaction Phase
[10.349s][info][gc,phases      ] GC(129) Compaction Phase 66.044ms
[10.349s][info][gc,phases,start] GC(129) Post Compact
[10.351s][info][gc,phases      ] GC(129) Post Compact 1.698ms
[10.351s][info][gc,heap        ] GC(129) PSYoungGen: 43072K(100864K)->43072K(100864K) Eden: 10752K(10752K)->10752K(10752K) From: 32320K(90112K)->32320K(90112K)
[10.351s][info][gc,heap        ] GC(129) ParOldGen: 1023988K(1024000K)->1023988K(1024000K)
[10.351s][info][gc,metaspace   ] GC(129) Metaspace: 6301K(6464K)->6301K(6464K) NonClass: 5768K(5824K)->5768K(5824K) Class: 533K(640K)->533K(640K)
[10.351s][info][gc             ] GC(129) Pause Full (Ergonomics) 1042M->1042M(1098M) 313.947ms
[10.351s][info][gc,cpu         ] GC(129) User=2.27s Sys=0.02s Real=0.31s
[10.351s][info][gc,start       ] GC(130) Pause Full (Ergonomics)
[10.352s][info][gc,phases,start] GC(130) Marking Phase
[10.591s][info][gc,phases      ] GC(130) Marking Phase 239.654ms
[10.591s][info][gc,phases,start] GC(130) Summary Phase
[10.591s][info][gc,phases      ] GC(130) Summary Phase 0.024ms
[10.591s][info][gc,phases,start] GC(130) Adjust Roots
[10.591s][info][gc,phases      ] GC(130) Adjust Roots 0.195ms
[10.591s][info][gc,phases,start] GC(130) Compaction Phase
[10.659s][info][gc,phases      ] GC(130) Compaction Phase 67.136ms
[10.659s][info][gc,phases,start] GC(130) Post Compact
[10.660s][info][gc,phases      ] GC(130) Post Compact 1.695ms
[10.660s][info][gc,heap        ] GC(130) PSYoungGen: 43072K(100864K)->43072K(100864K) Eden: 10752K(10752K)->10752K(10752K) From: 32320K(90112K)->32320K(90112K)
[10.660s][info][gc,heap        ] GC(130) ParOldGen: 1023993K(1024000K)->1023993K(1024000K)
[10.660s][info][gc,metaspace   ] GC(130) Metaspace: 6301K(6464K)->6301K(6464K) NonClass: 5768K(5824K)->5768K(5824K) Class: 533K(640K)->533K(640K)
[10.660s][info][gc             ] GC(130) Pause Full (Ergonomics) 1042M->1042M(1098M) 309.012ms
[10.661s][info][gc,cpu         ] GC(130) User=2.16s Sys=0.02s Real=0.31s
[10.661s][info][gc,start       ] GC(131) Pause Full (Ergonomics)
[10.661s][info][gc,phases,start] GC(131) Marking Phase
[10.908s][info][gc,phases      ] GC(131) Marking Phase 247.067ms
[10.908s][info][gc,phases,start] GC(131) Summary Phase
[10.908s][info][gc,phases      ] GC(131) Summary Phase 0.025ms
[10.908s][info][gc,phases,start] GC(131) Adjust Roots
[10.908s][info][gc,phases      ] GC(131) Adjust Roots 0.195ms
[10.908s][info][gc,phases,start] GC(131) Compaction Phase
[10.974s][info][gc,phases      ] GC(131) Compaction Phase 65.577ms
[10.974s][info][gc,phases,start] GC(131) Post Compact
[10.976s][info][gc,phases      ] GC(131) Post Compact 1.725ms
[10.976s][info][gc,heap        ] GC(131) PSYoungGen: 43072K(100864K)->43072K(100864K) Eden: 10752K(10752K)->10752K(10752K) From: 32320K(90112K)->32320K(90112K)
[10.976s][info][gc,heap        ] GC(131) ParOldGen: 1023998K(1024000K)->1023998K(1024000K)
[10.976s][info][gc,metaspace   ] GC(131) Metaspace: 6301K(6464K)->6301K(6464K) NonClass: 5768K(5824K)->5768K(5824K) Class: 533K(640K)->533K(640K)
[10.976s][info][gc             ] GC(131) Pause Full (Ergonomics) 1042M->1042M(1098M) 314.983ms
[10.976s][info][gc,cpu         ] GC(131) User=2.30s Sys=0.00s Real=0.31s
[10.976s][info][gc,start       ] GC(132) Pause Full (Ergonomics)
[10.976s][info][gc,phases,start] GC(132) Marking Phase
[11.209s][info][gc,phases      ] GC(132) Marking Phase 232.706ms
[11.209s][info][gc,phases,start] GC(132) Summary Phase
[11.209s][info][gc,phases      ] GC(132) Summary Phase 0.025ms
[11.209s][info][gc,phases,start] GC(132) Adjust Roots
[11.209s][info][gc,phases      ] GC(132) Adjust Roots 0.214ms
[11.209s][info][gc,phases,start] GC(132) Compaction Phase
[11.274s][info][gc,phases      ] GC(132) Compaction Phase 64.518ms
[11.274s][info][gc,phases,start] GC(132) Post Compact
[11.275s][info][gc,phases      ] GC(132) Post Compact 1.592ms
[11.275s][info][gc,heap        ] GC(132) PSYoungGen: 43072K(100864K)->43072K(100864K) Eden: 10752K(10752K)->10752K(10752K) From: 32320K(90112K)->32320K(90112K)
[11.275s][info][gc,heap        ] GC(132) ParOldGen: 1023999K(1024000K)->1023999K(1024000K)
[11.275s][info][gc,metaspace   ] GC(132) Metaspace: 6301K(6464K)->6301K(6464K) NonClass: 5768K(5824K)->5768K(5824K) Class: 533K(640K)->533K(640K)
[11.275s][info][gc             ] GC(132) Pause Full (Ergonomics) 1042M->1042M(1098M) 299.385ms
[11.275s][info][gc,cpu         ] GC(132) User=2.12s Sys=0.03s Real=0.30s
[11.275s][info][gc,start       ] GC(133) Pause Full (Allocation Failure)
[11.275s][info][gc,phases,start] GC(133) Marking Phase
[11.525s][info][gc,phases      ] GC(133) Marking Phase 249.410ms
[11.525s][info][gc,phases,start] GC(133) Summary Phase
[11.525s][info][gc,phases      ] GC(133) Summary Phase 0.025ms
[11.525s][info][gc,phases,start] GC(133) Adjust Roots
[11.525s][info][gc,phases      ] GC(133) Adjust Roots 0.409ms
[11.525s][info][gc,phases,start] GC(133) Compaction Phase
[11.797s][info][gc,phases      ] GC(133) Compaction Phase 271.238ms
[11.797s][info][gc,phases,start] GC(133) Post Compact
[11.799s][info][gc,phases      ] GC(133) Post Compact 2.109ms
[11.799s][info][gc,heap        ] GC(133) PSYoungGen: 43072K(100864K)->43072K(100864K) Eden: 10752K(10752K)->10752K(10752K) From: 32320K(90112K)->32320K(90112K)
[11.799s][info][gc,heap        ] GC(133) ParOldGen: 1023999K(1024000K)->1023995K(1024000K)
[11.799s][info][gc,metaspace   ] GC(133) Metaspace: 6301K(6464K)->6300K(6464K) NonClass: 5768K(5824K)->5767K(5824K) Class: 533K(640K)->532K(640K)
[11.799s][info][gc             ] GC(133) Pause Full (Allocation Failure) 1042M->1042M(1098M) 523.520ms
[11.799s][info][gc,cpu         ] GC(133) User=3.73s Sys=0.03s Real=0.52s
[11.800s][info][gc,start       ] GC(134) Pause Full (Ergonomics)
[11.800s][info][gc,phases,start] GC(134) Marking Phase
[12.039s][info][gc,phases      ] GC(134) Marking Phase 239.448ms
[12.039s][info][gc,phases,start] GC(134) Summary Phase
[12.039s][info][gc,phases      ] GC(134) Summary Phase 0.031ms
[12.039s][info][gc,phases,start] GC(134) Adjust Roots
[12.039s][info][gc,phases      ] GC(134) Adjust Roots 0.248ms
[12.039s][info][gc,phases,start] GC(134) Compaction Phase
[12.110s][info][gc,phases      ] GC(134) Compaction Phase 70.564ms
[12.110s][info][gc,phases,start] GC(134) Post Compact
[12.112s][info][gc,phases      ] GC(134) Post Compact 1.701ms
[12.112s][info][gc,heap        ] GC(134) PSYoungGen: 43072K(100864K)->43072K(100864K) Eden: 10752K(10752K)->10752K(10752K) From: 32320K(90112K)->32320K(90112K)
[12.112s][info][gc,heap        ] GC(134) ParOldGen: 1023998K(1024000K)->1023998K(1024000K)
[12.112s][info][gc,metaspace   ] GC(134) Metaspace: 6300K(6464K)->6300K(6464K) NonClass: 5767K(5824K)->5767K(5824K) Class: 532K(640K)->532K(640K)
[12.112s][info][gc             ] GC(134) Pause Full (Ergonomics) 1042M->1042M(1098M) 312.320ms
[12.112s][info][gc,cpu         ] GC(134) User=2.27s Sys=0.00s Real=0.31s
[12.112s][info][gc,start       ] GC(135) Pause Full (Ergonomics)
[12.112s][info][gc,phases,start] GC(135) Marking Phase
[12.356s][info][gc,phases      ] GC(135) Marking Phase 243.120ms
[12.356s][info][gc,phases,start] GC(135) Summary Phase
[12.356s][info][gc,phases      ] GC(135) Summary Phase 0.028ms
[12.356s][info][gc,phases,start] GC(135) Adjust Roots
[12.356s][info][gc,phases      ] GC(135) Adjust Roots 0.191ms
[12.356s][info][gc,phases,start] GC(135) Compaction Phase
[12.426s][info][gc,phases      ] GC(135) Compaction Phase 69.635ms
[12.426s][info][gc,phases,start] GC(135) Post Compact
[12.427s][info][gc,phases      ] GC(135) Post Compact 1.849ms
[12.428s][info][gc,heap        ] GC(135) PSYoungGen: 43072K(100864K)->43072K(100864K) Eden: 10752K(10752K)->10752K(10752K) From: 32320K(90112K)->32320K(90112K)
[12.428s][info][gc,heap        ] GC(135) ParOldGen: 1023999K(1024000K)->1023999K(1024000K)
[12.428s][info][gc,metaspace   ] GC(135) Metaspace: 6300K(6464K)->6300K(6464K) NonClass: 5767K(5824K)->5767K(5824K) Class: 532K(640K)->532K(640K)
[12.428s][info][gc             ] GC(135) Pause Full (Ergonomics) 1042M->1042M(1098M) 315.200ms
[12.428s][info][gc,cpu         ] GC(135) User=2.41s Sys=0.00s Real=0.32s
[12.428s][info][gc,start       ] GC(136) Pause Full (Allocation Failure)
[12.428s][info][gc,phases,start] GC(136) Marking Phase
[12.671s][info][gc,phases      ] GC(136) Marking Phase 243.057ms
[12.671s][info][gc,phases,start] GC(136) Summary Phase
[12.671s][info][gc,phases      ] GC(136) Summary Phase 0.024ms
[12.671s][info][gc,phases,start] GC(136) Adjust Roots
[12.671s][info][gc,phases      ] GC(136) Adjust Roots 0.196ms
[12.671s][info][gc,phases,start] GC(136) Compaction Phase
[12.744s][info][gc,phases      ] GC(136) Compaction Phase 72.474ms
[12.744s][info][gc,phases,start] GC(136) Post Compact
[12.746s][info][gc,phases      ] GC(136) Post Compact 1.938ms
[12.746s][info][gc,heap        ] GC(136) PSYoungGen: 43072K(100864K)->43072K(100864K) Eden: 10752K(10752K)->10752K(10752K) From: 32320K(90112K)->32320K(90112K)
[12.746s][info][gc,heap        ] GC(136) ParOldGen: 1023999K(1024000K)->1023999K(1024000K)
[12.746s][info][gc,metaspace   ] GC(136) Metaspace: 6300K(6464K)->6300K(6464K) NonClass: 5767K(5824K)->5767K(5824K) Class: 532K(640K)->532K(640K)
[12.746s][info][gc             ] GC(136) Pause Full (Allocation Failure) 1042M->1042M(1098M) 318.010ms
[12.746s][info][gc,cpu         ] GC(136) User=2.30s Sys=0.02s Real=0.32s
[12.746s][info][gc,start       ] GC(137) Pause Full (Ergonomics)
[12.746s][info][gc,phases,start] GC(137) Marking Phase
[12.999s][info][gc,phases      ] GC(137) Marking Phase 253.063ms
[12.999s][info][gc,phases,start] GC(137) Summary Phase
[12.999s][info][gc,phases      ] GC(137) Summary Phase 0.026ms
[12.999s][info][gc,phases,start] GC(137) Adjust Roots
[13.000s][info][gc,phases      ] GC(137) Adjust Roots 0.296ms
[13.000s][info][gc,phases,start] GC(137) Compaction Phase
[13.273s][info][gc,phases      ] GC(137) Compaction Phase 273.449ms
[13.273s][info][gc,phases,start] GC(137) Post Compact
[13.275s][info][gc,phases      ] GC(137) Post Compact 2.098ms
[13.275s][info][gc,heap        ] GC(137) PSYoungGen: 43072K(100864K)->43072K(100864K) Eden: 10752K(10752K)->10752K(10752K) From: 32320K(90112K)->32320K(90112K)
[13.275s][info][gc,heap        ] GC(137) ParOldGen: 1023999K(1024000K)->1023998K(1024000K)
[13.276s][info][gc,metaspace   ] GC(137) Metaspace: 6300K(6464K)->6300K(6464K) NonClass: 5767K(5824K)->5767K(5824K) Class: 532K(640K)->532K(640K)
[13.276s][info][gc             ] GC(137) Pause Full (Ergonomics) 1042M->1042M(1098M) 529.272ms
[13.276s][info][gc,cpu         ] GC(137) User=3.78s Sys=0.09s Real=0.53s
[13.277s][info][gc,start       ] GC(138) Pause Full (Ergonomics)
[13.277s][info][gc,phases,start] GC(138) Marking Phase
[13.529s][info][gc,phases      ] GC(138) Marking Phase 251.860ms
[13.529s][info][gc,phases,start] GC(138) Summary Phase
[13.529s][info][gc,phases      ] GC(138) Summary Phase 0.024ms
[13.529s][info][gc,phases,start] GC(138) Adjust Roots
[13.529s][info][gc,phases      ] GC(138) Adjust Roots 0.275ms
[13.529s][info][gc,phases,start] GC(138) Compaction Phase
[13.796s][info][gc,phases      ] GC(138) Compaction Phase 266.576ms
[13.796s][info][gc,phases,start] GC(138) Post Compact
[13.798s][info][gc,phases      ] GC(138) Post Compact 2.183ms
[13.798s][info][gc,heap        ] GC(138) PSYoungGen: 43072K(100864K)->43072K(100864K) Eden: 10752K(10752K)->10752K(10752K) From: 32320K(90112K)->32320K(90112K)
[13.798s][info][gc,heap        ] GC(138) ParOldGen: 1023999K(1024000K)->1023997K(1024000K)
[13.798s][info][gc,metaspace   ] GC(138) Metaspace: 6301K(6464K)->6301K(6464K) NonClass: 5767K(5824K)->5767K(5824K) Class: 533K(640K)->533K(640K)
[13.798s][info][gc             ] GC(138) Pause Full (Ergonomics) 1042M->1042M(1098M) 521.331ms
[13.798s][info][gc,cpu         ] GC(138) User=3.81s Sys=0.00s Real=0.52s
[13.799s][info][gc,heap,exit   ] Heap
[13.799s][info][gc,heap,exit   ]  PSYoungGen      total 100864K, used 43072K [0x00000000e0c00000, 0x00000000ecc80000, 0x0000000100000000)
[13.799s][info][gc,heap,exit   ]   eden space 10752K, 100% used [0x00000000e0c00000,0x00000000e1680000,0x00000000e1680000)
[13.799s][info][gc,heap,exit   ]   from space 90112K, 35% used [0x00000000e7080000,0x00000000e9010378,0x00000000ec880000)
[13.799s][info][gc,heap,exit   ]   to   space 92160K, 0% used [0x00000000e1680000,0x00000000e1680000,0x00000000e7080000)
[13.799s][info][gc,heap,exit   ]  ParOldGen       total 1024000K, used 1023997K [0x00000000a2400000, 0x00000000e0c00000, 0x00000000e0c00000)
[13.799s][info][gc,heap,exit   ]   object space 1024000K, 99% used [0x00000000a2400000,0x00000000e0bff7c8,0x00000000e0c00000)
[13.799s][info][gc,heap,exit   ]  Metaspace       used 6304K, committed 6528K, reserved 1114112K
[13.799s][info][gc,heap,exit   ]   class space    used 534K, committed 640K, reserved 1048576K
