[0.013s][info][gc,init] CardTable entry size: 512
[0.014s][info][gc     ] Using Parallel
[0.014s][info][gc,init] Version: 18.0.1+10 (release)
[0.014s][info][gc,init] CPUs: 8 total, 8 available
[0.014s][info][gc,init] Memory: 16063M
[0.014s][info][gc,init] Large Page Support: Disabled
[0.014s][info][gc,init] NUMA Support: Disabled
[0.014s][info][gc,init] Compressed Oops: Enabled (Zero based)
[0.014s][info][gc,init] Alignments: Space 512K, Generation 512K, Heap 2M
[0.014s][info][gc,init] Heap Min Capacity: 2M
[0.014s][info][gc,init] Heap Initial Capacity: 2M
[0.014s][info][gc,init] Heap Max Capacity: 2500M
[0.015s][info][gc,init] Pre-touch: Disabled
[0.015s][info][gc,init] Parallel Workers: 8
[0.016s][info][gc,metaspace] CDS archive(s) not mapped
[0.016s][info][gc,metaspace] Compressed class space mapped at: 0x0000000800000000-0x0000000840000000, reserved size: 1073741824
[0.016s][info][gc,metaspace] Narrow klass base: 0x0000000800000000, Narrow klass shift: 0, Narrow klass range: 0x40000000
[0.138s][info][gc,start    ] GC(0) Pause Young (Allocation Failure)
[0.140s][info][gc,heap     ] GC(0) PSYoungGen: 512K(1024K)->512K(1024K) Eden: 512K(512K)->0K(512K) From: 0K(512K)->512K(512K)
[0.140s][info][gc,heap     ] GC(0) ParOldGen: 0K(512K)->32K(512K)
[0.140s][info][gc,metaspace] GC(0) Metaspace: 4229K(4352K)->4229K(4352K) NonClass: 3908K(3968K)->3908K(3968K) Class: 321K(384K)->321K(384K)
[0.140s][info][gc          ] GC(0) Pause Young (Allocation Failure) 0M->0M(1M) 1.747ms
[0.140s][info][gc,cpu      ] GC(0) User=0.00s Sys=0.00s Real=0.00s
[0.205s][info][gc,start    ] GC(1) Pause Young (Allocation Failure)
[0.206s][info][gc,heap     ] GC(1) PSYoungGen: 1023K(1024K)->512K(1536K) Eden: 511K(512K)->0K(1024K) From: 512K(512K)->512K(512K)
[0.206s][info][gc,heap     ] GC(1) ParOldGen: 32K(512K)->120K(512K)
[0.206s][info][gc,metaspace] GC(1) Metaspace: 5879K(6016K)->5879K(6016K) NonClass: 5382K(5504K)->5382K(5504K) Class: 496K(512K)->496K(512K)
[0.206s][info][gc          ] GC(1) Pause Young (Allocation Failure) 1M->0M(2M) 1.105ms
[0.206s][info][gc,cpu      ] GC(1) User=0.00s Sys=0.00s Real=0.00s
[0.230s][info][gc,start    ] GC(2) Pause Young (Allocation Failure)
[0.230s][info][gc,heap     ] GC(2) PSYoungGen: 1536K(1536K)->512K(1536K) Eden: 1024K(1024K)->0K(1024K) From: 512K(512K)->512K(512K)
[0.230s][info][gc,heap     ] GC(2) ParOldGen: 120K(512K)->544K(1024K)
[0.231s][info][gc,metaspace] GC(2) Metaspace: 6300K(6464K)->6300K(6464K) NonClass: 5766K(5824K)->5766K(5824K) Class: 533K(640K)->533K(640K)
[0.231s][info][gc          ] GC(2) Pause Young (Allocation Failure) 1M->1M(2M) 0.994ms
[0.231s][info][gc,cpu      ] GC(2) User=0.00s Sys=0.00s Real=0.00s
[0.232s][info][gc,start    ] GC(3) Pause Young (Allocation Failure)
[0.234s][info][gc,heap     ] GC(3) PSYoungGen: 1536K(1536K)->512K(2560K) Eden: 1024K(1024K)->0K(2048K) From: 512K(512K)->512K(512K)
[0.234s][info][gc,heap     ] GC(3) ParOldGen: 544K(1024K)->1104K(1536K)
[0.234s][info][gc,metaspace] GC(3) Metaspace: 6300K(6464K)->6300K(6464K) NonClass: 5766K(5824K)->5766K(5824K) Class: 533K(640K)->533K(640K)
[0.234s][info][gc          ] GC(3) Pause Young (Allocation Failure) 2M->1M(4M) 1.235ms
[0.234s][info][gc,cpu      ] GC(3) User=0.00s Sys=0.00s Real=0.00s
[0.234s][info][gc,start    ] GC(4) Pause Full (Ergonomics)
[0.234s][info][gc,phases,start] GC(4) Marking Phase
[0.235s][info][gc,phases      ] GC(4) Marking Phase 0.980ms
[0.235s][info][gc,phases,start] GC(4) Summary Phase
[0.235s][info][gc,phases      ] GC(4) Summary Phase 0.016ms
[0.235s][info][gc,phases,start] GC(4) Adjust Roots
[0.235s][info][gc,phases      ] GC(4) Adjust Roots 0.415ms
[0.235s][info][gc,phases,start] GC(4) Compaction Phase
[0.237s][info][gc,phases      ] GC(4) Compaction Phase 2.168ms
[0.237s][info][gc,phases,start] GC(4) Post Compact
[0.238s][info][gc,phases      ] GC(4) Post Compact 0.092ms
[0.238s][info][gc,heap        ] GC(4) PSYoungGen: 512K(2560K)->0K(2560K) Eden: 0K(2048K)->0K(2048K) From: 512K(512K)->0K(512K)
[0.238s][info][gc,heap        ] GC(4) ParOldGen: 1104K(1536K)->1495K(3584K)
[0.238s][info][gc,metaspace   ] GC(4) Metaspace: 6300K(6464K)->6300K(6464K) NonClass: 5766K(5824K)->5766K(5824K) Class: 533K(640K)->533K(640K)
[0.238s][info][gc             ] GC(4) Pause Full (Ergonomics) 1M->1M(6M) 4.079ms
[0.238s][info][gc,cpu         ] GC(4) User=0.00s Sys=0.00s Real=0.00s
[0.241s][info][gc,start       ] GC(5) Pause Young (Allocation Failure)
[0.242s][info][gc,heap        ] GC(5) PSYoungGen: 2048K(2560K)->480K(3584K) Eden: 2048K(2048K)->0K(3072K) From: 0K(512K)->480K(512K)
[0.242s][info][gc,heap        ] GC(5) ParOldGen: 1495K(3584K)->2143K(3584K)
[0.242s][info][gc,metaspace   ] GC(5) Metaspace: 6300K(6464K)->6300K(6464K) NonClass: 5766K(5824K)->5766K(5824K) Class: 533K(640K)->533K(640K)
[0.242s][info][gc             ] GC(5) Pause Young (Allocation Failure) 3M->2M(7M) 0.984ms
[0.242s][info][gc,cpu         ] GC(5) User=0.00s Sys=0.02s Real=0.00s
[0.246s][info][gc,start       ] GC(6) Pause Young (Allocation Failure)
[0.248s][info][gc,heap        ] GC(6) PSYoungGen: 3552K(3584K)->1504K(4608K) Eden: 3072K(3072K)->0K(3072K) From: 480K(512K)->1504K(1536K)
[0.248s][info][gc,heap        ] GC(6) ParOldGen: 2143K(3584K)->2759K(3584K)
[0.248s][info][gc,metaspace   ] GC(6) Metaspace: 6300K(6464K)->6300K(6464K) NonClass: 5766K(5824K)->5766K(5824K) Class: 533K(640K)->533K(640K)
[0.248s][info][gc             ] GC(6) Pause Young (Allocation Failure) 5M->4M(8M) 1.790ms
[0.248s][info][gc,cpu         ] GC(6) User=0.00s Sys=0.00s Real=0.00s
[0.248s][info][gc,start       ] GC(7) Pause Full (Ergonomics)
[0.248s][info][gc,phases,start] GC(7) Marking Phase
[0.249s][info][gc,phases      ] GC(7) Marking Phase 1.497ms
[0.249s][info][gc,phases,start] GC(7) Summary Phase
[0.249s][info][gc,phases      ] GC(7) Summary Phase 0.014ms
[0.249s][info][gc,phases,start] GC(7) Adjust Roots
[0.250s][info][gc,phases      ] GC(7) Adjust Roots 0.352ms
[0.250s][info][gc,phases,start] GC(7) Compaction Phase
[0.252s][info][gc,phases      ] GC(7) Compaction Phase 2.197ms
[0.252s][info][gc,phases,start] GC(7) Post Compact
[0.252s][info][gc,phases      ] GC(7) Post Compact 0.031ms
[0.252s][info][gc,heap        ] GC(7) PSYoungGen: 1504K(4608K)->961K(4608K) Eden: 0K(3072K)->0K(3072K) From: 1504K(1536K)->961K(1536K)
[0.252s][info][gc,heap        ] GC(7) ParOldGen: 2759K(3584K)->3156K(6144K)
[0.252s][info][gc,metaspace   ] GC(7) Metaspace: 6300K(6464K)->6300K(6464K) NonClass: 5766K(5824K)->5766K(5824K) Class: 533K(640K)->533K(640K)
[0.252s][info][gc             ] GC(7) Pause Full (Ergonomics) 4M->4M(10M) 4.528ms
[0.252s][info][gc,cpu         ] GC(7) User=0.00s Sys=0.00s Real=0.01s
[0.257s][info][gc,start       ] GC(8) Pause Young (Allocation Failure)
[0.259s][info][gc,heap        ] GC(8) PSYoungGen: 4033K(4608K)->2048K(5632K) Eden: 3072K(3072K)->0K(3584K) From: 961K(1536K)->2048K(2048K)
[0.259s][info][gc,heap        ] GC(8) ParOldGen: 3156K(6144K)->3692K(6144K)
[0.259s][info][gc,metaspace   ] GC(8) Metaspace: 6300K(6464K)->6300K(6464K) NonClass: 5766K(5824K)->5766K(5824K) Class: 533K(640K)->533K(640K)
[0.259s][info][gc             ] GC(8) Pause Young (Allocation Failure) 7M->5M(11M) 2.117ms
[0.259s][info][gc,cpu         ] GC(8) User=0.00s Sys=0.00s Real=0.00s
[0.265s][info][gc,start       ] GC(9) Pause Young (Allocation Failure)
[0.268s][info][gc,heap        ] GC(9) PSYoungGen: 5632K(5632K)->3040K(6656K) Eden: 3584K(3584K)->0K(3584K) From: 2048K(2048K)->3040K(3072K)
[0.268s][info][gc,heap        ] GC(9) ParOldGen: 3692K(6144K)->4716K(6144K)
[0.268s][info][gc,metaspace   ] GC(9) Metaspace: 6300K(6464K)->6300K(6464K) NonClass: 5766K(5824K)->5766K(5824K) Class: 533K(640K)->533K(640K)
[0.268s][info][gc             ] GC(9) Pause Young (Allocation Failure) 9M->7M(12M) 2.570ms
[0.268s][info][gc,cpu         ] GC(9) User=0.00s Sys=0.00s Real=0.00s
[0.274s][info][gc,start       ] GC(10) Pause Young (Allocation Failure)
[0.277s][info][gc,heap        ] GC(10) PSYoungGen: 6624K(6656K)->4064K(8704K) Eden: 3584K(3584K)->0K(4608K) From: 3040K(3072K)->4064K(4096K)
[0.277s][info][gc,heap        ] GC(10) ParOldGen: 4716K(6144K)->5612K(6144K)
[0.277s][info][gc,metaspace   ] GC(10) Metaspace: 6300K(6464K)->6300K(6464K) NonClass: 5766K(5824K)->5766K(5824K) Class: 533K(640K)->533K(640K)
[0.277s][info][gc             ] GC(10) Pause Young (Allocation Failure) 11M->9M(14M) 3.150ms
[0.277s][info][gc,cpu         ] GC(10) User=0.00s Sys=0.00s Real=0.00s
[0.277s][info][gc,start       ] GC(11) Pause Full (Ergonomics)
[0.277s][info][gc,phases,start] GC(11) Marking Phase
[0.280s][info][gc,phases      ] GC(11) Marking Phase 2.929ms
[0.280s][info][gc,phases,start] GC(11) Summary Phase
[0.280s][info][gc,phases      ] GC(11) Summary Phase 0.018ms
[0.280s][info][gc,phases,start] GC(11) Adjust Roots
[0.280s][info][gc,phases      ] GC(11) Adjust Roots 0.217ms
[0.280s][info][gc,phases,start] GC(11) Compaction Phase
[0.285s][info][gc,phases      ] GC(11) Compaction Phase 4.671ms
[0.285s][info][gc,phases,start] GC(11) Post Compact
[0.285s][info][gc,phases      ] GC(11) Post Compact 0.052ms
[0.285s][info][gc,heap        ] GC(11) PSYoungGen: 4064K(8704K)->3514K(8704K) Eden: 0K(4608K)->0K(4608K) From: 4064K(4096K)->3514K(4096K)
[0.285s][info][gc,heap        ] GC(11) ParOldGen: 5612K(6144K)->5862K(10240K)
[0.285s][info][gc,metaspace   ] GC(11) Metaspace: 6300K(6464K)->6300K(6464K) NonClass: 5766K(5824K)->5766K(5824K) Class: 533K(640K)->533K(640K)
[0.285s][info][gc             ] GC(11) Pause Full (Ergonomics) 9M->9M(18M) 8.243ms
[0.285s][info][gc,cpu         ] GC(11) User=0.00s Sys=0.00s Real=0.01s
[0.292s][info][gc,start       ] GC(12) Pause Young (Allocation Failure)
[0.295s][info][gc,heap        ] GC(12) PSYoungGen: 7982K(8704K)->3872K(9728K) Eden: 4468K(4608K)->0K(4608K) From: 3514K(4096K)->3872K(5120K)
[0.295s][info][gc,heap        ] GC(12) ParOldGen: 5862K(10240K)->8030K(10240K)
[0.295s][info][gc,metaspace   ] GC(12) Metaspace: 6300K(6464K)->6300K(6464K) NonClass: 5766K(5824K)->5766K(5824K) Class: 533K(640K)->533K(640K)
[0.295s][info][gc             ] GC(12) Pause Young (Allocation Failure) 13M->11M(19M) 3.325ms
[0.295s][info][gc,cpu         ] GC(12) User=0.00s Sys=0.00s Real=0.00s
[0.301s][info][gc,start       ] GC(13) Pause Young (Allocation Failure)
[0.305s][info][gc,heap        ] GC(13) PSYoungGen: 8480K(9728K)->5056K(11776K) Eden: 4608K(4608K)->0K(6144K) From: 3872K(5120K)->5056K(5632K)
[0.305s][info][gc,heap        ] GC(13) ParOldGen: 8030K(10240K)->9486K(10240K)
[0.305s][info][gc,metaspace   ] GC(13) Metaspace: 6300K(6464K)->6300K(6464K) NonClass: 5766K(5824K)->5766K(5824K) Class: 533K(640K)->533K(640K)
[0.305s][info][gc             ] GC(13) Pause Young (Allocation Failure) 16M->14M(21M) 3.968ms
[0.305s][info][gc,cpu         ] GC(13) User=0.02s Sys=0.00s Real=0.00s
[0.305s][info][gc,start       ] GC(14) Pause Full (Ergonomics)
[0.305s][info][gc,phases,start] GC(14) Marking Phase
[0.308s][info][gc,phases      ] GC(14) Marking Phase 2.943ms
[0.308s][info][gc,phases,start] GC(14) Summary Phase
[0.308s][info][gc,phases      ] GC(14) Summary Phase 0.017ms
[0.308s][info][gc,phases,start] GC(14) Adjust Roots
[0.308s][info][gc,phases      ] GC(14) Adjust Roots 0.221ms
[0.308s][info][gc,phases,start] GC(14) Compaction Phase
[0.313s][info][gc,phases      ] GC(14) Compaction Phase 5.096ms
[0.313s][info][gc,phases,start] GC(14) Post Compact
[0.314s][info][gc,phases      ] GC(14) Post Compact 0.066ms
[0.314s][info][gc,heap        ] GC(14) PSYoungGen: 5056K(11776K)->3892K(11776K) Eden: 0K(6144K)->0K(6144K) From: 5056K(5632K)->3892K(5632K)
[0.314s][info][gc,heap        ] GC(14) ParOldGen: 9486K(10240K)->10144K(16384K)
[0.314s][info][gc,metaspace   ] GC(14) Metaspace: 6300K(6464K)->6300K(6464K) NonClass: 5766K(5824K)->5766K(5824K) Class: 533K(640K)->533K(640K)
[0.314s][info][gc             ] GC(14) Pause Full (Ergonomics) 14M->13M(27M) 8.721ms
[0.314s][info][gc,cpu         ] GC(14) User=0.00s Sys=0.00s Real=0.01s
[0.320s][info][gc,start       ] GC(15) Pause Young (Allocation Failure)
[0.324s][info][gc,heap        ] GC(15) PSYoungGen: 10036K(11776K)->3296K(12288K) Eden: 6144K(6144K)->0K(6144K) From: 3892K(5632K)->3296K(6144K)
[0.324s][info][gc,heap        ] GC(15) ParOldGen: 10144K(16384K)->14120K(16384K)
[0.324s][info][gc,metaspace   ] GC(15) Metaspace: 6301K(6464K)->6301K(6464K) NonClass: 5768K(5824K)->5768K(5824K) Class: 533K(640K)->533K(640K)
[0.324s][info][gc             ] GC(15) Pause Young (Allocation Failure) 19M->17M(28M) 4.338ms
[0.325s][info][gc,cpu         ] GC(15) User=0.00s Sys=0.00s Real=0.00s
[0.325s][info][gc,start       ] GC(16) Pause Full (Ergonomics)
[0.325s][info][gc,phases,start] GC(16) Marking Phase
[0.329s][info][gc,phases      ] GC(16) Marking Phase 4.421ms
[0.329s][info][gc,phases,start] GC(16) Summary Phase
[0.329s][info][gc,phases      ] GC(16) Summary Phase 0.016ms
[0.329s][info][gc,phases,start] GC(16) Adjust Roots
[0.329s][info][gc,phases      ] GC(16) Adjust Roots 0.210ms
[0.329s][info][gc,phases,start] GC(16) Compaction Phase
[0.333s][info][gc,phases      ] GC(16) Compaction Phase 3.178ms
[0.333s][info][gc,phases,start] GC(16) Post Compact
[0.333s][info][gc,phases      ] GC(16) Post Compact 0.095ms
[0.333s][info][gc,heap        ] GC(16) PSYoungGen: 3296K(12288K)->1095K(12288K) Eden: 0K(6144K)->0K(6144K) From: 3296K(6144K)->1095K(6144K)
[0.333s][info][gc,heap        ] GC(16) ParOldGen: 14120K(16384K)->16080K(25088K)
[0.333s][info][gc,metaspace   ] GC(16) Metaspace: 6301K(6464K)->6301K(6464K) NonClass: 5768K(5824K)->5768K(5824K) Class: 533K(640K)->533K(640K)
[0.333s][info][gc             ] GC(16) Pause Full (Ergonomics) 17M->16M(36M) 8.347ms
[0.333s][info][gc,cpu         ] GC(16) User=0.00s Sys=0.00s Real=0.01s
[0.338s][info][gc,start       ] GC(17) Pause Young (Allocation Failure)
[0.341s][info][gc,heap        ] GC(17) PSYoungGen: 7239K(12288K)->3264K(14336K) Eden: 6144K(6144K)->0K(8192K) From: 1095K(6144K)->3264K(6144K)
[0.341s][info][gc,heap        ] GC(17) ParOldGen: 16080K(25088K)->17232K(25088K)
[0.341s][info][gc,metaspace   ] GC(17) Metaspace: 6301K(6464K)->6301K(6464K) NonClass: 5768K(5824K)->5768K(5824K) Class: 533K(640K)->533K(640K)
[0.341s][info][gc             ] GC(17) Pause Young (Allocation Failure) 22M->20M(38M) 3.174ms
[0.341s][info][gc,cpu         ] GC(17) User=0.00s Sys=0.00s Real=0.00s
[0.349s][info][gc,start       ] GC(18) Pause Young (Allocation Failure)
[0.355s][info][gc,heap        ] GC(18) PSYoungGen: 11456K(14336K)->6112K(14336K) Eden: 8192K(8192K)->0K(8192K) From: 3264K(6144K)->6112K(6144K)
[0.355s][info][gc,heap        ] GC(18) ParOldGen: 17232K(25088K)->19088K(25088K)
[0.355s][info][gc,metaspace   ] GC(18) Metaspace: 6301K(6464K)->6301K(6464K) NonClass: 5768K(5824K)->5768K(5824K) Class: 533K(640K)->533K(640K)
[0.355s][info][gc             ] GC(18) Pause Young (Allocation Failure) 28M->24M(38M) 5.622ms
[0.355s][info][gc,cpu         ] GC(18) User=0.00s Sys=0.00s Real=0.01s
[0.360s][info][gc,start       ] GC(19) Pause Young (Allocation Failure)
[0.365s][info][gc,heap        ] GC(19) PSYoungGen: 14304K(14336K)->4384K(18432K) Eden: 8192K(8192K)->0K(10752K) From: 6112K(6144K)->4384K(7680K)
[0.365s][info][gc,heap        ] GC(19) ParOldGen: 19088K(25088K)->25296K(25600K)
[0.365s][info][gc,metaspace   ] GC(19) Metaspace: 6301K(6464K)->6301K(6464K) NonClass: 5768K(5824K)->5768K(5824K) Class: 533K(640K)->533K(640K)
[0.366s][info][gc             ] GC(19) Pause Young (Allocation Failure) 32M->28M(43M) 5.617ms
[0.366s][info][gc,cpu         ] GC(19) User=0.00s Sys=0.00s Real=0.01s
[0.366s][info][gc,start       ] GC(20) Pause Full (Ergonomics)
[0.366s][info][gc,phases,start] GC(20) Marking Phase
[0.373s][info][gc,phases      ] GC(20) Marking Phase 7.258ms
[0.373s][info][gc,phases,start] GC(20) Summary Phase
[0.373s][info][gc,phases      ] GC(20) Summary Phase 0.015ms
[0.373s][info][gc,phases,start] GC(20) Adjust Roots
[0.373s][info][gc,phases      ] GC(20) Adjust Roots 0.193ms
[0.373s][info][gc,phases,start] GC(20) Compaction Phase
[0.382s][info][gc,phases      ] GC(20) Compaction Phase 9.277ms
[0.383s][info][gc,phases,start] GC(20) Post Compact
[0.383s][info][gc,phases      ] GC(20) Post Compact 0.122ms
[0.383s][info][gc,heap        ] GC(20) PSYoungGen: 4384K(18432K)->3209K(18432K) Eden: 0K(10752K)->0K(10752K) From: 4384K(7680K)->3209K(7680K)
[0.383s][info][gc,heap        ] GC(20) ParOldGen: 25296K(25600K)->25582K(37888K)
[0.383s][info][gc,metaspace   ] GC(20) Metaspace: 6301K(6464K)->6301K(6464K) NonClass: 5768K(5824K)->5768K(5824K) Class: 533K(640K)->533K(640K)
[0.383s][info][gc             ] GC(20) Pause Full (Ergonomics) 28M->28M(55M) 17.258ms
[0.383s][info][gc,cpu         ] GC(20) User=0.03s Sys=0.00s Real=0.02s
[0.390s][info][gc,start       ] GC(21) Pause Young (Allocation Failure)
[0.395s][info][gc,heap        ] GC(21) PSYoungGen: 13961K(18432K)->5728K(18432K) Eden: 10752K(10752K)->0K(10752K) From: 3209K(7680K)->5728K(7680K)
[0.395s][info][gc,heap        ] GC(21) ParOldGen: 25582K(37888K)->28854K(37888K)
[0.395s][info][gc,metaspace   ] GC(21) Metaspace: 6301K(6464K)->6301K(6464K) NonClass: 5768K(5824K)->5768K(5824K) Class: 533K(640K)->533K(640K)
[0.395s][info][gc             ] GC(21) Pause Young (Allocation Failure) 38M->33M(55M) 5.602ms
[0.395s][info][gc,cpu         ] GC(21) User=0.00s Sys=0.00s Real=0.00s
[0.406s][info][gc,start       ] GC(22) Pause Young (Allocation Failure)
[0.415s][info][gc,heap        ] GC(22) PSYoungGen: 16480K(18432K)->8192K(18432K) Eden: 10752K(10752K)->0K(10240K) From: 5728K(7680K)->8192K(8192K)
[0.415s][info][gc,heap        ] GC(22) ParOldGen: 28854K(37888K)->36606K(37888K)
[0.415s][info][gc,metaspace   ] GC(22) Metaspace: 6301K(6464K)->6301K(6464K) NonClass: 5768K(5824K)->5768K(5824K) Class: 533K(640K)->533K(640K)
[0.415s][info][gc             ] GC(22) Pause Young (Allocation Failure) 44M->43M(55M) 8.404ms
[0.415s][info][gc,cpu         ] GC(22) User=0.02s Sys=0.00s Real=0.01s
[0.415s][info][gc,start       ] GC(23) Pause Full (Ergonomics)
[0.415s][info][gc,phases,start] GC(23) Marking Phase
[0.425s][info][gc,phases      ] GC(23) Marking Phase 9.836ms
[0.425s][info][gc,phases,start] GC(23) Summary Phase
[0.425s][info][gc,phases      ] GC(23) Summary Phase 0.017ms
[0.425s][info][gc,phases,start] GC(23) Adjust Roots
[0.425s][info][gc,phases      ] GC(23) Adjust Roots 0.196ms
[0.425s][info][gc,phases,start] GC(23) Compaction Phase
[0.435s][info][gc,phases      ] GC(23) Compaction Phase 10.241ms
[0.435s][info][gc,phases,start] GC(23) Post Compact
[0.436s][info][gc,phases      ] GC(23) Post Compact 0.144ms
[0.436s][info][gc,heap        ] GC(23) PSYoungGen: 8192K(18432K)->7152K(18432K) Eden: 0K(10240K)->0K(10240K) From: 8192K(8192K)->7152K(8192K)
[0.436s][info][gc,heap        ] GC(23) ParOldGen: 36606K(37888K)->37440K(53248K)
[0.436s][info][gc,metaspace   ] GC(23) Metaspace: 6301K(6464K)->6301K(6464K) NonClass: 5768K(5824K)->5768K(5824K) Class: 533K(640K)->533K(640K)
[0.436s][info][gc             ] GC(23) Pause Full (Ergonomics) 43M->43M(70M) 20.803ms
[0.436s][info][gc,cpu         ] GC(23) User=0.00s Sys=0.00s Real=0.02s
[0.451s][info][gc,start       ] GC(24) Pause Young (Allocation Failure)
[0.462s][info][gc,heap        ] GC(24) PSYoungGen: 17392K(18432K)->10368K(22528K) Eden: 10240K(10240K)->0K(10240K) From: 7152K(8192K)->10368K(12288K)
[0.462s][info][gc,heap        ] GC(24) ParOldGen: 37440K(53248K)->44736K(53248K)
[0.462s][info][gc,metaspace   ] GC(24) Metaspace: 6301K(6464K)->6301K(6464K) NonClass: 5768K(5824K)->5768K(5824K) Class: 533K(640K)->533K(640K)
[0.462s][info][gc             ] GC(24) Pause Young (Allocation Failure) 53M->53M(74M) 11.133ms
[0.462s][info][gc,cpu         ] GC(24) User=0.02s Sys=0.00s Real=0.01s
[0.473s][info][gc,start       ] GC(25) Pause Young (Allocation Failure)
[0.485s][info][gc,heap        ] GC(25) PSYoungGen: 20608K(22528K)->10368K(25088K) Eden: 10240K(10240K)->0K(11264K) From: 10368K(12288K)->10368K(13824K)
[0.485s][info][gc,heap        ] GC(25) ParOldGen: 44736K(53248K)->55112K(55296K)
[0.485s][info][gc,metaspace   ] GC(25) Metaspace: 6301K(6464K)->6301K(6464K) NonClass: 5768K(5824K)->5768K(5824K) Class: 533K(640K)->533K(640K)
[0.485s][info][gc             ] GC(25) Pause Young (Allocation Failure) 63M->63M(78M) 12.305ms
[0.485s][info][gc,cpu         ] GC(25) User=0.02s Sys=0.00s Real=0.01s
[0.485s][info][gc,start       ] GC(26) Pause Full (Ergonomics)
[0.485s][info][gc,phases,start] GC(26) Marking Phase
[0.500s][info][gc,phases      ] GC(26) Marking Phase 15.164ms
[0.500s][info][gc,phases,start] GC(26) Summary Phase
[0.500s][info][gc,phases      ] GC(26) Summary Phase 0.018ms
[0.500s][info][gc,phases,start] GC(26) Adjust Roots
[0.501s][info][gc,phases      ] GC(26) Adjust Roots 0.217ms
[0.501s][info][gc,phases,start] GC(26) Compaction Phase
[0.521s][info][gc,phases      ] GC(26) Compaction Phase 20.575ms
[0.521s][info][gc,phases,start] GC(26) Post Compact
[0.522s][info][gc,phases      ] GC(26) Post Compact 0.259ms
[0.522s][info][gc,heap        ] GC(26) PSYoungGen: 10368K(25088K)->9187K(25088K) Eden: 0K(11264K)->0K(11264K) From: 10368K(13824K)->9187K(13824K)
[0.522s][info][gc,heap        ] GC(26) ParOldGen: 55112K(55296K)->54805K(75776K)
[0.522s][info][gc,metaspace   ] GC(26) Metaspace: 6301K(6464K)->6301K(6464K) NonClass: 5768K(5824K)->5768K(5824K) Class: 533K(640K)->533K(640K)
[0.522s][info][gc             ] GC(26) Pause Full (Ergonomics) 63M->62M(98M) 36.611ms
[0.522s][info][gc,cpu         ] GC(26) User=0.03s Sys=0.00s Real=0.04s
[0.534s][info][gc,start       ] GC(27) Pause Young (Allocation Failure)
[0.545s][info][gc,heap        ] GC(27) PSYoungGen: 20451K(25088K)->11392K(26112K) Eden: 11264K(11264K)->0K(11264K) From: 9187K(13824K)->11392K(14848K)
[0.545s][info][gc,heap        ] GC(27) ParOldGen: 54805K(75776K)->64149K(75776K)
[0.545s][info][gc,metaspace   ] GC(27) Metaspace: 6301K(6464K)->6301K(6464K) NonClass: 5768K(5824K)->5768K(5824K) Class: 533K(640K)->533K(640K)
[0.545s][info][gc             ] GC(27) Pause Young (Allocation Failure) 73M->73M(99M) 11.621ms
[0.545s][info][gc,cpu         ] GC(27) User=0.03s Sys=0.00s Real=0.01s
[0.545s][info][gc,start       ] GC(28) Pause Full (Ergonomics)
[0.545s][info][gc,phases,start] GC(28) Marking Phase
[0.561s][info][gc,phases      ] GC(28) Marking Phase 15.404ms
[0.561s][info][gc,phases,start] GC(28) Summary Phase
[0.561s][info][gc,phases      ] GC(28) Summary Phase 0.015ms
[0.561s][info][gc,phases,start] GC(28) Adjust Roots
[0.561s][info][gc,phases      ] GC(28) Adjust Roots 0.180ms
[0.561s][info][gc,phases,start] GC(28) Compaction Phase
[0.570s][info][gc,phases      ] GC(28) Compaction Phase 9.195ms
[0.570s][info][gc,phases,start] GC(28) Post Compact
[0.570s][info][gc,phases      ] GC(28) Post Compact 0.330ms
[0.571s][info][gc,heap        ] GC(28) PSYoungGen: 11392K(26112K)->0K(29696K) Eden: 0K(11264K)->0K(13824K) From: 11392K(14848K)->0K(15872K)
[0.571s][info][gc,heap        ] GC(28) ParOldGen: 64149K(75776K)->75223K(99328K)
[0.571s][info][gc,metaspace   ] GC(28) Metaspace: 6301K(6464K)->6301K(6464K) NonClass: 5768K(5824K)->5768K(5824K) Class: 533K(640K)->533K(640K)
[0.571s][info][gc             ] GC(28) Pause Full (Ergonomics) 73M->73M(126M) 25.447ms
[0.571s][info][gc,cpu         ] GC(28) User=0.02s Sys=0.00s Real=0.03s
[0.585s][info][gc,start       ] GC(29) Pause Young (Allocation Failure)
[0.592s][info][gc,heap        ] GC(29) PSYoungGen: 13783K(29696K)->13664K(29696K) Eden: 13783K(13824K)->0K(13824K) From: 0K(15872K)->13664K(15872K)
[0.592s][info][gc,heap        ] GC(29) ParOldGen: 75223K(99328K)->75223K(99328K)
[0.592s][info][gc,metaspace   ] GC(29) Metaspace: 6301K(6464K)->6301K(6464K) NonClass: 5768K(5824K)->5768K(5824K) Class: 533K(640K)->533K(640K)
[0.592s][info][gc             ] GC(29) Pause Young (Allocation Failure) 86M->86M(126M) 7.565ms
[0.592s][info][gc,cpu         ] GC(29) User=0.00s Sys=0.02s Real=0.01s
[0.615s][info][gc,start       ] GC(30) Pause Young (Allocation Failure)
[0.632s][info][gc,heap        ] GC(30) PSYoungGen: 27488K(29696K)->17888K(26624K) Eden: 13824K(13824K)->0K(8704K) From: 13664K(15872K)->17888K(17920K)
[0.632s][info][gc,heap        ] GC(30) ParOldGen: 75223K(99328K)->88991K(99328K)
[0.632s][info][gc,metaspace   ] GC(30) Metaspace: 6301K(6464K)->6301K(6464K) NonClass: 5768K(5824K)->5768K(5824K) Class: 533K(640K)->533K(640K)
[0.632s][info][gc             ] GC(30) Pause Young (Allocation Failure) 100M->104M(123M) 17.662ms
[0.632s][info][gc,cpu         ] GC(30) User=0.03s Sys=0.00s Real=0.02s
[0.632s][info][gc,start       ] GC(31) Pause Full (Ergonomics)
[0.632s][info][gc,phases,start] GC(31) Marking Phase
[0.654s][info][gc,phases      ] GC(31) Marking Phase 21.794ms
[0.654s][info][gc,phases,start] GC(31) Summary Phase
[0.654s][info][gc,phases      ] GC(31) Summary Phase 0.015ms
[0.654s][info][gc,phases,start] GC(31) Adjust Roots
[0.654s][info][gc,phases      ] GC(31) Adjust Roots 0.215ms
[0.654s][info][gc,phases,start] GC(31) Compaction Phase
[0.677s][info][gc,phases      ] GC(31) Compaction Phase 22.297ms
[0.677s][info][gc,phases,start] GC(31) Post Compact
[0.677s][info][gc,phases      ] GC(31) Post Compact 0.457ms
[0.678s][info][gc,heap        ] GC(31) PSYoungGen: 17888K(26624K)->1501K(26624K) Eden: 0K(8704K)->0K(8704K) From: 17888K(17920K)->1501K(17920K)
[0.678s][info][gc,heap        ] GC(31) ParOldGen: 88991K(99328K)->98978K(127488K)
[0.678s][info][gc,metaspace   ] GC(31) Metaspace: 6301K(6464K)->6301K(6464K) NonClass: 5768K(5824K)->5768K(5824K) Class: 533K(640K)->533K(640K)
[0.678s][info][gc             ] GC(31) Pause Full (Ergonomics) 104M->98M(150M) 45.217ms
[0.678s][info][gc,cpu         ] GC(31) User=0.14s Sys=0.00s Real=0.04s
[0.686s][info][gc,start       ] GC(32) Pause Young (Allocation Failure)
[0.695s][info][gc,heap        ] GC(32) PSYoungGen: 10205K(26624K)->8800K(34304K) Eden: 8704K(8704K)->0K(8704K) From: 1501K(17920K)->8800K(25600K)
[0.695s][info][gc,heap        ] GC(32) ParOldGen: 98978K(127488K)->100538K(127488K)
[0.695s][info][gc,metaspace   ] GC(32) Metaspace: 6301K(6464K)->6301K(6464K) NonClass: 5768K(5824K)->5768K(5824K) Class: 533K(640K)->533K(640K)
[0.695s][info][gc             ] GC(32) Pause Young (Allocation Failure) 106M->106M(158M) 9.217ms
[0.695s][info][gc,cpu         ] GC(32) User=0.02s Sys=0.00s Real=0.01s
[0.704s][info][gc,start       ] GC(33) Pause Young (Allocation Failure)
[0.712s][info][gc,heap        ] GC(33) PSYoungGen: 17504K(34304K)->17568K(33280K) Eden: 8704K(8704K)->0K(8704K) From: 8800K(25600K)->17568K(24576K)
[0.712s][info][gc,heap        ] GC(33) ParOldGen: 100538K(127488K)->100538K(127488K)
[0.712s][info][gc,metaspace   ] GC(33) Metaspace: 6301K(6464K)->6301K(6464K) NonClass: 5768K(5824K)->5768K(5824K) Class: 533K(640K)->533K(640K)
[0.712s][info][gc             ] GC(33) Pause Young (Allocation Failure) 115M->115M(157M) 8.600ms
[0.712s][info][gc,cpu         ] GC(33) User=0.02s Sys=0.00s Real=0.01s
[0.721s][info][gc,start       ] GC(34) Pause Young (Allocation Failure)
[0.733s][info][gc,heap        ] GC(34) PSYoungGen: 26272K(33280K)->26112K(34816K) Eden: 8704K(8704K)->0K(8704K) From: 17568K(24576K)->26112K(26112K)
[0.733s][info][gc,heap        ] GC(34) ParOldGen: 100538K(127488K)->100570K(127488K)
[0.733s][info][gc,metaspace   ] GC(34) Metaspace: 6301K(6464K)->6301K(6464K) NonClass: 5768K(5824K)->5768K(5824K) Class: 533K(640K)->533K(640K)
[0.733s][info][gc             ] GC(34) Pause Young (Allocation Failure) 123M->123M(158M) 12.389ms
[0.733s][info][gc,cpu         ] GC(34) User=0.02s Sys=0.00s Real=0.01s
[0.743s][info][gc,start       ] GC(35) Pause Young (Allocation Failure)
[0.759s][info][gc,heap        ] GC(35) PSYoungGen: 34816K(34816K)->17472K(40448K) Eden: 8704K(8704K)->0K(10240K) From: 26112K(26112K)->17472K(30208K)
[0.759s][info][gc,heap        ] GC(35) ParOldGen: 100570K(127488K)->118162K(127488K)
[0.759s][info][gc,metaspace   ] GC(35) Metaspace: 6301K(6464K)->6301K(6464K) NonClass: 5768K(5824K)->5768K(5824K) Class: 533K(640K)->533K(640K)
[0.759s][info][gc             ] GC(35) Pause Young (Allocation Failure) 132M->132M(164M) 16.176ms
[0.759s][info][gc,cpu         ] GC(35) User=0.02s Sys=0.00s Real=0.02s
[0.759s][info][gc,start       ] GC(36) Pause Full (Ergonomics)
[0.759s][info][gc,phases,start] GC(36) Marking Phase
[0.789s][info][gc,phases      ] GC(36) Marking Phase 30.426ms
[0.789s][info][gc,phases,start] GC(36) Summary Phase
[0.789s][info][gc,phases      ] GC(36) Summary Phase 0.050ms
[0.790s][info][gc,phases,start] GC(36) Adjust Roots
[0.790s][info][gc,phases      ] GC(36) Adjust Roots 0.196ms
[0.790s][info][gc,phases,start] GC(36) Compaction Phase
[0.807s][info][gc,phases      ] GC(36) Compaction Phase 17.567ms
[0.807s][info][gc,phases,start] GC(36) Post Compact
[0.808s][info][gc,phases      ] GC(36) Post Compact 0.507ms
[0.808s][info][gc,heap        ] GC(36) PSYoungGen: 17472K(40448K)->8143K(40448K) Eden: 0K(10240K)->0K(10240K) From: 17472K(30208K)->8143K(30208K)
[0.808s][info][gc,heap        ] GC(36) ParOldGen: 118162K(127488K)->127026K(160256K)
[0.808s][info][gc,metaspace   ] GC(36) Metaspace: 6301K(6464K)->6301K(6464K) NonClass: 5768K(5824K)->5768K(5824K) Class: 533K(640K)->533K(640K)
[0.808s][info][gc             ] GC(36) Pause Full (Ergonomics) 132M->132M(196M) 49.178ms
[0.808s][info][gc,cpu         ] GC(36) User=0.17s Sys=0.00s Real=0.05s
[0.818s][info][gc,start       ] GC(37) Pause Young (Allocation Failure)
[0.832s][info][gc,heap        ] GC(37) PSYoungGen: 18383K(40448K)->10336K(40448K) Eden: 10240K(10240K)->0K(10240K) From: 8143K(30208K)->10336K(30208K)
[0.832s][info][gc,heap        ] GC(37) ParOldGen: 127026K(160256K)->135306K(160256K)
[0.832s][info][gc,metaspace   ] GC(37) Metaspace: 6301K(6464K)->6301K(6464K) NonClass: 5768K(5824K)->5768K(5824K) Class: 533K(640K)->533K(640K)
[0.832s][info][gc             ] GC(37) Pause Young (Allocation Failure) 142M->142M(196M) 14.011ms
[0.832s][info][gc,cpu         ] GC(37) User=0.00s Sys=0.00s Real=0.02s
[0.843s][info][gc,start       ] GC(38) Pause Young (Allocation Failure)
[0.854s][info][gc,heap        ] GC(38) PSYoungGen: 20576K(40448K)->10336K(38912K) Eden: 10240K(10240K)->0K(12288K) From: 10336K(30208K)->10336K(26624K)
[0.854s][info][gc,heap        ] GC(38) ParOldGen: 135306K(160256K)->145682K(160256K)
[0.854s][info][gc,metaspace   ] GC(38) Metaspace: 6301K(6464K)->6301K(6464K) NonClass: 5768K(5824K)->5768K(5824K) Class: 533K(640K)->533K(640K)
[0.854s][info][gc             ] GC(38) Pause Young (Allocation Failure) 152M->152M(194M) 11.169ms
[0.854s][info][gc,cpu         ] GC(38) User=0.02s Sys=0.00s Real=0.01s
[0.854s][info][gc,start       ] GC(39) Pause Full (Ergonomics)
[0.854s][info][gc,phases,start] GC(39) Marking Phase
[0.889s][info][gc,phases      ] GC(39) Marking Phase 35.195ms
[0.889s][info][gc,phases,start] GC(39) Summary Phase
[0.889s][info][gc,phases      ] GC(39) Summary Phase 0.019ms
[0.889s][info][gc,phases,start] GC(39) Adjust Roots
[0.890s][info][gc,phases      ] GC(39) Adjust Roots 0.220ms
[0.890s][info][gc,phases,start] GC(39) Compaction Phase
[0.907s][info][gc,phases      ] GC(39) Compaction Phase 17.069ms
[0.907s][info][gc,phases,start] GC(39) Post Compact
[0.908s][info][gc,phases      ] GC(39) Post Compact 0.725ms
[0.908s][info][gc,heap        ] GC(39) PSYoungGen: 10336K(38912K)->0K(39936K) Eden: 0K(12288K)->0K(12288K) From: 10336K(26624K)->0K(27648K)
[0.908s][info][gc,heap        ] GC(39) ParOldGen: 145682K(160256K)->155587K(191488K)
[0.908s][info][gc,metaspace   ] GC(39) Metaspace: 6301K(6464K)->6301K(6464K) NonClass: 5768K(5824K)->5768K(5824K) Class: 533K(640K)->533K(640K)
[0.908s][info][gc             ] GC(39) Pause Full (Ergonomics) 152M->151M(226M) 53.692ms
[0.908s][info][gc,cpu         ] GC(39) User=0.30s Sys=0.00s Real=0.05s
[0.920s][info][gc,start       ] GC(40) Pause Young (Allocation Failure)
[0.928s][info][gc,heap        ] GC(40) PSYoungGen: 12288K(39936K)->12384K(38912K) Eden: 12288K(12288K)->0K(14336K) From: 0K(27648K)->12384K(24576K)
[0.928s][info][gc,heap        ] GC(40) ParOldGen: 155587K(191488K)->155587K(191488K)
[0.928s][info][gc,metaspace   ] GC(40) Metaspace: 6301K(6464K)->6301K(6464K) NonClass: 5768K(5824K)->5768K(5824K) Class: 533K(640K)->533K(640K)
[0.928s][info][gc             ] GC(40) Pause Young (Allocation Failure) 163M->164M(225M) 7.308ms
[0.928s][info][gc,cpu         ] GC(40) User=0.00s Sys=0.00s Real=0.01s
[0.980s][info][gc,start       ] GC(41) Pause Young (Allocation Failure)
[0.997s][info][gc,heap        ] GC(41) PSYoungGen: 26720K(38912K)->26112K(40448K) Eden: 14336K(14336K)->0K(14336K) From: 12384K(24576K)->26112K(26112K)
[0.997s][info][gc,heap        ] GC(41) ParOldGen: 163779K(191488K)->164323K(191488K)
[0.997s][info][gc,metaspace   ] GC(41) Metaspace: 6301K(6464K)->6301K(6464K) NonClass: 5768K(5824K)->5768K(5824K) Class: 533K(640K)->533K(640K)
[0.997s][info][gc             ] GC(41) Pause Young (Allocation Failure) 186M->185M(226M) 16.510ms
[0.997s][info][gc,cpu         ] GC(41) User=0.03s Sys=0.03s Real=0.02s
[1.011s][info][gc,start       ] GC(42) Pause Young (Allocation Failure)
[1.032s][info][gc,heap        ] GC(42) PSYoungGen: 40448K(40448K)->14496K(45568K) Eden: 14336K(14336K)->0K(16896K) From: 26112K(26112K)->14496K(28672K)
[1.032s][info][gc,heap        ] GC(42) ParOldGen: 164323K(191488K)->190755K(191488K)
[1.032s][info][gc,metaspace   ] GC(42) Metaspace: 6301K(6464K)->6301K(6464K) NonClass: 5768K(5824K)->5768K(5824K) Class: 533K(640K)->533K(640K)
[1.032s][info][gc             ] GC(42) Pause Young (Allocation Failure) 199M->200M(231M) 20.767ms
[1.032s][info][gc,cpu         ] GC(42) User=0.09s Sys=0.03s Real=0.02s
[1.032s][info][gc,start       ] GC(43) Pause Full (Ergonomics)
[1.032s][info][gc,phases,start] GC(43) Marking Phase
[1.080s][info][gc,phases      ] GC(43) Marking Phase 47.544ms
[1.080s][info][gc,phases,start] GC(43) Summary Phase
[1.080s][info][gc,phases      ] GC(43) Summary Phase 0.018ms
[1.080s][info][gc,phases,start] GC(43) Adjust Roots
[1.080s][info][gc,phases      ] GC(43) Adjust Roots 0.254ms
[1.080s][info][gc,phases,start] GC(43) Compaction Phase
[1.123s][info][gc,phases      ] GC(43) Compaction Phase 42.549ms
[1.123s][info][gc,phases,start] GC(43) Post Compact
[1.124s][info][gc,phases      ] GC(43) Post Compact 1.018ms
[1.124s][info][gc,heap        ] GC(43) PSYoungGen: 14496K(45568K)->9194K(46080K) Eden: 0K(16896K)->0K(17408K) From: 14496K(28672K)->9194K(28672K)
[1.124s][info][gc,heap        ] GC(43) ParOldGen: 190755K(191488K)->191358K(235520K)
[1.124s][info][gc,metaspace   ] GC(43) Metaspace: 6301K(6464K)->6301K(6464K) NonClass: 5768K(5824K)->5768K(5824K) Class: 533K(640K)->533K(640K)
[1.124s][info][gc             ] GC(43) Pause Full (Ergonomics) 200M->195M(275M) 91.877ms
[1.124s][info][gc,cpu         ] GC(43) User=0.41s Sys=0.00s Real=0.09s
[1.143s][info][gc,start       ] GC(44) Pause Young (Allocation Failure)
[1.163s][info][gc,heap        ] GC(44) PSYoungGen: 26602K(46080K)->26784K(46592K) Eden: 17408K(17408K)->0K(17408K) From: 9194K(28672K)->26784K(29184K)
[1.163s][info][gc,heap        ] GC(44) ParOldGen: 191358K(235520K)->191358K(235520K)
[1.163s][info][gc,metaspace   ] GC(44) Metaspace: 6301K(6464K)->6301K(6464K) NonClass: 5768K(5824K)->5768K(5824K) Class: 533K(640K)->533K(640K)
[1.163s][info][gc             ] GC(44) Pause Young (Allocation Failure) 212M->213M(275M) 20.034ms
[1.163s][info][gc,cpu         ] GC(44) User=0.11s Sys=0.03s Real=0.02s
[1.183s][info][gc,start       ] GC(45) Pause Young (Allocation Failure)
[1.206s][info][gc,heap        ] GC(45) PSYoungGen: 44192K(46592K)->32256K(43008K) Eden: 17408K(17408K)->0K(10752K) From: 26784K(29184K)->32256K(32256K)
[1.206s][info][gc,heap        ] GC(45) ParOldGen: 191358K(235520K)->203294K(235520K)
[1.206s][info][gc,metaspace   ] GC(45) Metaspace: 6301K(6464K)->6301K(6464K) NonClass: 5768K(5824K)->5768K(5824K) Class: 533K(640K)->533K(640K)
[1.206s][info][gc             ] GC(45) Pause Young (Allocation Failure) 230M->230M(272M) 23.235ms
[1.206s][info][gc,cpu         ] GC(45) User=0.12s Sys=0.00s Real=0.02s
[1.219s][info][gc,start       ] GC(46) Pause Young (Allocation Failure)
[1.239s][info][gc,heap        ] GC(46) PSYoungGen: 43008K(43008K)->24000K(52224K) Eden: 10752K(10752K)->0K(10752K) From: 32256K(32256K)->24000K(41472K)
[1.239s][info][gc,heap        ] GC(46) ParOldGen: 203294K(235520K)->222638K(235520K)
[1.239s][info][gc,metaspace   ] GC(46) Metaspace: 6301K(6464K)->6301K(6464K) NonClass: 5768K(5824K)->5768K(5824K) Class: 533K(640K)->533K(640K)
[1.239s][info][gc             ] GC(46) Pause Young (Allocation Failure) 240M->240M(281M) 20.165ms
[1.239s][info][gc,cpu         ] GC(46) User=0.09s Sys=0.03s Real=0.02s
[1.239s][info][gc,start       ] GC(47) Pause Full (Ergonomics)
[1.239s][info][gc,phases,start] GC(47) Marking Phase
[1.296s][info][gc,phases      ] GC(47) Marking Phase 56.165ms
[1.296s][info][gc,phases,start] GC(47) Summary Phase
[1.296s][info][gc,phases      ] GC(47) Summary Phase 0.017ms
[1.296s][info][gc,phases,start] GC(47) Adjust Roots
[1.296s][info][gc,phases      ] GC(47) Adjust Roots 0.208ms
[1.296s][info][gc,phases,start] GC(47) Compaction Phase
[1.327s][info][gc,phases      ] GC(47) Compaction Phase 30.732ms
[1.327s][info][gc,phases,start] GC(47) Post Compact
[1.328s][info][gc,phases      ] GC(47) Post Compact 1.105ms
[1.328s][info][gc,heap        ] GC(47) PSYoungGen: 24000K(52224K)->10574K(52224K) Eden: 0K(10752K)->0K(10752K) From: 24000K(41472K)->10574K(41472K)
[1.328s][info][gc,heap        ] GC(47) ParOldGen: 222638K(235520K)->235448K(284672K)
[1.328s][info][gc,metaspace   ] GC(47) Metaspace: 6301K(6464K)->6301K(6464K) NonClass: 5768K(5824K)->5768K(5824K) Class: 533K(640K)->533K(640K)
[1.328s][info][gc             ] GC(47) Pause Full (Ergonomics) 240M->240M(329M) 88.747ms
[1.328s][info][gc,cpu         ] GC(47) User=0.48s Sys=0.03s Real=0.09s
[1.341s][info][gc,start       ] GC(48) Pause Young (Allocation Failure)
[1.361s][info][gc,heap        ] GC(48) PSYoungGen: 21326K(52224K)->16192K(49152K) Eden: 10752K(10752K)->0K(12288K) From: 10574K(41472K)->16192K(36864K)
[1.361s][info][gc,heap        ] GC(48) ParOldGen: 235448K(284672K)->240744K(284672K)
[1.361s][info][gc,metaspace   ] GC(48) Metaspace: 6301K(6464K)->6301K(6464K) NonClass: 5768K(5824K)->5768K(5824K) Class: 533K(640K)->533K(640K)
[1.361s][info][gc             ] GC(48) Pause Young (Allocation Failure) 250M->250M(326M) 20.285ms
[1.361s][info][gc,cpu         ] GC(48) User=0.12s Sys=0.00s Real=0.02s
[1.376s][info][gc,start       ] GC(49) Pause Young (Allocation Failure)
[1.391s][info][gc,heap        ] GC(49) PSYoungGen: 28480K(49152K)->28576K(51712K) Eden: 12288K(12288K)->0K(12288K) From: 16192K(36864K)->28576K(39424K)
[1.391s][info][gc,heap        ] GC(49) ParOldGen: 240744K(284672K)->240744K(284672K)
[1.391s][info][gc,metaspace   ] GC(49) Metaspace: 6301K(6464K)->6301K(6464K) NonClass: 5768K(5824K)->5768K(5824K) Class: 533K(640K)->533K(640K)
[1.391s][info][gc             ] GC(49) Pause Young (Allocation Failure) 262M->263M(328M) 14.977ms
[1.391s][info][gc,cpu         ] GC(49) User=0.02s Sys=0.00s Real=0.01s
[1.405s][info][gc,start       ] GC(50) Pause Young (Allocation Failure)
[1.425s][info][gc,heap        ] GC(50) PSYoungGen: 40864K(51712K)->35424K(51712K) Eden: 12288K(12288K)->0K(10240K) From: 28576K(39424K)->35424K(41472K)
[1.425s][info][gc,heap        ] GC(50) ParOldGen: 240744K(284672K)->246216K(284672K)
[1.425s][info][gc,metaspace   ] GC(50) Metaspace: 6301K(6464K)->6301K(6464K) NonClass: 5768K(5824K)->5768K(5824K) Class: 533K(640K)->533K(640K)
[1.425s][info][gc             ] GC(50) Pause Young (Allocation Failure) 275M->275M(328M) 20.547ms
[1.425s][info][gc,cpu         ] GC(50) User=0.08s Sys=0.05s Real=0.02s
[1.439s][info][gc,start       ] GC(51) Pause Young (Allocation Failure)
[1.463s][info][gc,heap        ] GC(51) PSYoungGen: 45664K(51712K)->34944K(55296K) Eden: 10240K(10240K)->0K(10240K) From: 35424K(41472K)->34944K(45056K)
[1.463s][info][gc,heap        ] GC(51) ParOldGen: 246216K(284672K)->257112K(284672K)
[1.463s][info][gc,metaspace   ] GC(51) Metaspace: 6301K(6464K)->6301K(6464K) NonClass: 5768K(5824K)->5768K(5824K) Class: 533K(640K)->533K(640K)
[1.463s][info][gc             ] GC(51) Pause Young (Allocation Failure) 285M->285M(332M) 23.566ms
[1.463s][info][gc,cpu         ] GC(51) User=0.14s Sys=0.00s Real=0.02s
[1.476s][info][gc,start       ] GC(52) Pause Young (Allocation Failure)
[1.498s][info][gc,heap        ] GC(52) PSYoungGen: 45184K(55296K)->20576K(55296K) Eden: 10240K(10240K)->0K(11776K) From: 34944K(45056K)->20576K(43520K)
[1.498s][info][gc,heap        ] GC(52) ParOldGen: 257112K(284672K)->282008K(284672K)
[1.498s][info][gc,metaspace   ] GC(52) Metaspace: 6301K(6464K)->6301K(6464K) NonClass: 5768K(5824K)->5768K(5824K) Class: 533K(640K)->533K(640K)
[1.498s][info][gc             ] GC(52) Pause Young (Allocation Failure) 295M->295M(332M) 22.062ms
[1.498s][info][gc,cpu         ] GC(52) User=0.19s Sys=0.06s Real=0.02s
[1.498s][info][gc,start       ] GC(53) Pause Full (Ergonomics)
[1.498s][info][gc,phases,start] GC(53) Marking Phase
[1.567s][info][gc,phases      ] GC(53) Marking Phase 69.105ms
[1.567s][info][gc,phases,start] GC(53) Summary Phase
[1.567s][info][gc,phases      ] GC(53) Summary Phase 0.019ms
[1.567s][info][gc,phases,start] GC(53) Adjust Roots
[1.567s][info][gc,phases      ] GC(53) Adjust Roots 0.218ms
[1.567s][info][gc,phases,start] GC(53) Compaction Phase
[1.600s][info][gc,phases      ] GC(53) Compaction Phase 32.721ms
[1.600s][info][gc,phases,start] GC(53) Post Compact
[1.602s][info][gc,phases      ] GC(53) Post Compact 1.704ms
[1.602s][info][gc,heap        ] GC(53) PSYoungGen: 20576K(55296K)->17353K(57344K) Eden: 0K(11776K)->0K(13824K) From: 20576K(43520K)->17353K(43520K)
[1.602s][info][gc,heap        ] GC(53) ParOldGen: 282008K(284672K)->284328K(336896K)
[1.602s][info][gc,metaspace   ] GC(53) Metaspace: 6301K(6464K)->6301K(6464K) NonClass: 5768K(5824K)->5768K(5824K) Class: 533K(640K)->533K(640K)
[1.602s][info][gc             ] GC(53) Pause Full (Ergonomics) 295M->294M(385M) 104.316ms
[1.602s][info][gc,cpu         ] GC(53) User=0.69s Sys=0.02s Real=0.10s
[1.619s][info][gc,start       ] GC(54) Pause Young (Allocation Failure)
[1.645s][info][gc,heap        ] GC(54) PSYoungGen: 31177K(57344K)->13952K(59392K) Eden: 13824K(13824K)->0K(13824K) From: 17353K(43520K)->13952K(45568K)
[1.645s][info][gc,heap        ] GC(54) ParOldGen: 284328K(336896K)->301960K(336896K)
[1.645s][info][gc,metaspace   ] GC(54) Metaspace: 6301K(6464K)->6301K(6464K) NonClass: 5768K(5824K)->5768K(5824K) Class: 533K(640K)->533K(640K)
[1.645s][info][gc             ] GC(54) Pause Young (Allocation Failure) 308M->308M(387M) 25.736ms
[1.645s][info][gc,cpu         ] GC(54) User=0.12s Sys=0.00s Real=0.02s
[1.661s][info][gc,start       ] GC(55) Pause Young (Allocation Failure)
[1.677s][info][gc,heap        ] GC(55) PSYoungGen: 27776K(59392K)->13984K(58368K) Eden: 13824K(13824K)->0K(15872K) From: 13952K(45568K)->13984K(42496K)
[1.677s][info][gc,heap        ] GC(55) ParOldGen: 301960K(336896K)->315976K(336896K)
[1.677s][info][gc,metaspace   ] GC(55) Metaspace: 6301K(6464K)->6301K(6464K) NonClass: 5768K(5824K)->5768K(5824K) Class: 533K(640K)->533K(640K)
[1.677s][info][gc             ] GC(55) Pause Young (Allocation Failure) 322M->322M(386M) 16.009ms
[1.677s][info][gc,cpu         ] GC(55) User=0.02s Sys=0.00s Real=0.02s
[1.677s][info][gc,start       ] GC(56) Pause Full (Ergonomics)
[1.677s][info][gc,phases,start] GC(56) Marking Phase
[1.754s][info][gc,phases      ] GC(56) Marking Phase 76.724ms
[1.754s][info][gc,phases,start] GC(56) Summary Phase
[1.754s][info][gc,phases      ] GC(56) Summary Phase 0.039ms
[1.754s][info][gc,phases,start] GC(56) Adjust Roots
[1.754s][info][gc,phases      ] GC(56) Adjust Roots 0.225ms
[1.754s][info][gc,phases,start] GC(56) Compaction Phase
[1.783s][info][gc,phases      ] GC(56) Compaction Phase 29.248ms
[1.784s][info][gc,phases,start] GC(56) Post Compact
[1.785s][info][gc,phases      ] GC(56) Post Compact 1.669ms
[1.786s][info][gc,heap        ] GC(56) PSYoungGen: 13984K(58368K)->0K(59392K) Eden: 0K(15872K)->0K(15872K) From: 13984K(42496K)->0K(43520K)
[1.786s][info][gc,heap        ] GC(56) ParOldGen: 315976K(336896K)->329264K(386048K)
[1.786s][info][gc,metaspace   ] GC(56) Metaspace: 6301K(6464K)->6301K(6464K) NonClass: 5768K(5824K)->5768K(5824K) Class: 533K(640K)->533K(640K)
[1.786s][info][gc             ] GC(56) Pause Full (Ergonomics) 322M->321M(435M) 108.516ms
[1.786s][info][gc,cpu         ] GC(56) User=0.77s Sys=0.02s Real=0.11s
[1.805s][info][gc,start       ] GC(57) Pause Young (Allocation Failure)
[1.816s][info][gc,heap        ] GC(57) PSYoungGen: 15872K(59392K)->16032K(58368K) Eden: 15872K(15872K)->0K(17920K) From: 0K(43520K)->16032K(40448K)
[1.816s][info][gc,heap        ] GC(57) ParOldGen: 329264K(386048K)->329264K(386048K)
[1.816s][info][gc,metaspace   ] GC(57) Metaspace: 6301K(6464K)->6301K(6464K) NonClass: 5768K(5824K)->5768K(5824K) Class: 533K(640K)->533K(640K)
[1.816s][info][gc             ] GC(57) Pause Young (Allocation Failure) 337M->337M(434M) 10.778ms
[1.816s][info][gc,cpu         ] GC(57) User=0.00s Sys=0.00s Real=0.01s
[1.896s][info][gc,start       ] GC(58) Pause Young (Allocation Failure)
[1.921s][info][gc,heap        ] GC(58) PSYoungGen: 33952K(58368K)->33920K(59904K) Eden: 17920K(17920K)->0K(17920K) From: 16032K(40448K)->33920K(41984K)
[1.921s][info][gc,heap        ] GC(58) ParOldGen: 345648K(386048K)->345648K(386048K)
[1.921s][info][gc,metaspace   ] GC(58) Metaspace: 6301K(6464K)->6301K(6464K) NonClass: 5768K(5824K)->5768K(5824K) Class: 533K(640K)->533K(640K)
[1.921s][info][gc             ] GC(58) Pause Young (Allocation Failure) 370M->370M(435M) 25.289ms
[1.921s][info][gc,cpu         ] GC(58) User=0.12s Sys=0.00s Real=0.02s
[1.940s][info][gc,start       ] GC(59) Pause Young (Allocation Failure)
[1.966s][info][gc,heap        ] GC(59) PSYoungGen: 51840K(59904K)->45056K(56320K) Eden: 17920K(17920K)->0K(11264K) From: 33920K(41984K)->45056K(45056K)
[1.966s][info][gc,heap        ] GC(59) ParOldGen: 345648K(386048K)->352440K(386048K)
[1.966s][info][gc,metaspace   ] GC(59) Metaspace: 6301K(6464K)->6301K(6464K) NonClass: 5768K(5824K)->5768K(5824K) Class: 533K(640K)->533K(640K)
[1.966s][info][gc             ] GC(59) Pause Young (Allocation Failure) 388M->388M(432M) 26.163ms
[1.966s][info][gc,cpu         ] GC(59) User=0.14s Sys=0.00s Real=0.03s
[1.978s][info][gc,start       ] GC(60) Pause Young (Allocation Failure)
[2.005s][info][gc,heap        ] GC(60) PSYoungGen: 56320K(56320K)->27392K(65024K) Eden: 11264K(11264K)->0K(11264K) From: 45056K(45056K)->27392K(53760K)
[2.005s][info][gc,heap        ] GC(60) ParOldGen: 352440K(386048K)->381848K(386048K)
[2.005s][info][gc,metaspace   ] GC(60) Metaspace: 6301K(6464K)->6301K(6464K) NonClass: 5768K(5824K)->5768K(5824K) Class: 533K(640K)->533K(640K)
[2.005s][info][gc             ] GC(60) Pause Young (Allocation Failure) 399M->399M(440M) 26.827ms
[2.005s][info][gc,cpu         ] GC(60) User=0.12s Sys=0.00s Real=0.03s
[2.005s][info][gc,start       ] GC(61) Pause Full (Ergonomics)
[2.005s][info][gc,phases,start] GC(61) Marking Phase
[2.095s][info][gc,phases      ] GC(61) Marking Phase 90.739ms
[2.096s][info][gc,phases,start] GC(61) Summary Phase
[2.096s][info][gc,phases      ] GC(61) Summary Phase 0.020ms
[2.096s][info][gc,phases,start] GC(61) Adjust Roots
[2.096s][info][gc,phases      ] GC(61) Adjust Roots 0.219ms
[2.096s][info][gc,phases,start] GC(61) Compaction Phase
[2.167s][info][gc,phases      ] GC(61) Compaction Phase 71.041ms
[2.167s][info][gc,phases,start] GC(61) Post Compact
[2.169s][info][gc,phases      ] GC(61) Post Compact 2.162ms
[2.169s][info][gc,heap        ] GC(61) PSYoungGen: 27392K(65024K)->14429K(65024K) Eden: 0K(11264K)->0K(11264K) From: 27392K(53760K)->14429K(53760K)
[2.169s][info][gc,heap        ] GC(61) ParOldGen: 381848K(386048K)->385880K(448000K)
[2.169s][info][gc,metaspace   ] GC(61) Metaspace: 6301K(6464K)->6301K(6464K) NonClass: 5768K(5824K)->5768K(5824K) Class: 533K(640K)->533K(640K)
[2.169s][info][gc             ] GC(61) Pause Full (Ergonomics) 399M->390M(501M) 164.815ms
[2.170s][info][gc,cpu         ] GC(61) User=1.00s Sys=0.05s Real=0.16s
[2.184s][info][gc,start       ] GC(62) Pause Young (Allocation Failure)
[2.213s][info][gc,heap        ] GC(62) PSYoungGen: 25693K(65024K)->17728K(61952K) Eden: 11264K(11264K)->0K(12800K) From: 14429K(53760K)->17728K(49152K)
[2.213s][info][gc,heap        ] GC(62) ParOldGen: 385880K(448000K)->394096K(448000K)
[2.213s][info][gc,metaspace   ] GC(62) Metaspace: 6301K(6464K)->6301K(6464K) NonClass: 5768K(5824K)->5768K(5824K) Class: 533K(640K)->533K(640K)
[2.213s][info][gc             ] GC(62) Pause Young (Allocation Failure) 401M->402M(498M) 29.048ms
[2.213s][info][gc,cpu         ] GC(62) User=0.14s Sys=0.00s Real=0.03s
[2.227s][info][gc,start       ] GC(63) Pause Young (Allocation Failure)
[2.242s][info][gc,heap        ] GC(63) PSYoungGen: 30528K(61952K)->30560K(63488K) Eden: 12800K(12800K)->0K(12800K) From: 17728K(49152K)->30560K(50688K)
[2.243s][info][gc,heap        ] GC(63) ParOldGen: 394096K(448000K)->394096K(448000K)
[2.243s][info][gc,metaspace   ] GC(63) Metaspace: 6301K(6464K)->6301K(6464K) NonClass: 5768K(5824K)->5768K(5824K) Class: 533K(640K)->533K(640K)
[2.243s][info][gc             ] GC(63) Pause Young (Allocation Failure) 414M->414M(499M) 15.550ms
[2.243s][info][gc,cpu         ] GC(63) User=0.02s Sys=0.00s Real=0.02s
[2.256s][info][gc,start       ] GC(64) Pause Young (Allocation Failure)
[2.278s][info][gc,heap        ] GC(64) PSYoungGen: 43360K(63488K)->36960K(62464K) Eden: 12800K(12800K)->0K(12288K) From: 30560K(50688K)->36960K(50176K)
[2.278s][info][gc,heap        ] GC(64) ParOldGen: 394096K(448000K)->400528K(448000K)
[2.278s][info][gc,metaspace   ] GC(64) Metaspace: 6301K(6464K)->6301K(6464K) NonClass: 5768K(5824K)->5768K(5824K) Class: 533K(640K)->533K(640K)
[2.278s][info][gc             ] GC(64) Pause Young (Allocation Failure) 427M->427M(498M) 21.889ms
[2.278s][info][gc,cpu         ] GC(64) User=0.23s Sys=0.00s Real=0.02s
[2.292s][info][gc,start       ] GC(65) Pause Young (Allocation Failure)
[2.316s][info][gc,heap        ] GC(65) PSYoungGen: 49248K(62464K)->38048K(64512K) Eden: 12288K(12288K)->0K(12288K) From: 36960K(50176K)->38048K(52224K)
[2.316s][info][gc,heap        ] GC(65) ParOldGen: 400528K(448000K)->411952K(448000K)
[2.316s][info][gc,metaspace   ] GC(65) Metaspace: 6301K(6464K)->6301K(6464K) NonClass: 5768K(5824K)->5768K(5824K) Class: 533K(640K)->533K(640K)
[2.316s][info][gc             ] GC(65) Pause Young (Allocation Failure) 439M->439M(500M) 24.306ms
[2.316s][info][gc,cpu         ] GC(65) User=0.11s Sys=0.02s Real=0.02s
[2.330s][info][gc,start       ] GC(66) Pause Young (Allocation Failure)
[2.354s][info][gc,heap        ] GC(66) PSYoungGen: 50336K(64512K)->24640K(63488K) Eden: 12288K(12288K)->0K(14336K) From: 38048K(52224K)->24640K(49152K)
[2.354s][info][gc,heap        ] GC(66) ParOldGen: 411952K(448000K)->437864K(448000K)
[2.354s][info][gc,metaspace   ] GC(66) Metaspace: 6301K(6464K)->6301K(6464K) NonClass: 5768K(5824K)->5768K(5824K) Class: 533K(640K)->533K(640K)
[2.354s][info][gc             ] GC(66) Pause Young (Allocation Failure) 451M->451M(499M) 24.899ms
[2.354s][info][gc,cpu         ] GC(66) User=0.11s Sys=0.03s Real=0.02s
[2.354s][info][gc,start       ] GC(67) Pause Full (Ergonomics)
[2.355s][info][gc,phases,start] GC(67) Marking Phase
[2.461s][info][gc,phases      ] GC(67) Marking Phase 106.016ms
[2.461s][info][gc,phases,start] GC(67) Summary Phase
[2.461s][info][gc,phases      ] GC(67) Summary Phase 0.020ms
[2.461s][info][gc,phases,start] GC(67) Adjust Roots
[2.461s][info][gc,phases      ] GC(67) Adjust Roots 0.199ms
[2.461s][info][gc,phases,start] GC(67) Compaction Phase
[2.510s][info][gc,phases      ] GC(67) Compaction Phase 49.118ms
[2.510s][info][gc,phases,start] GC(67) Post Compact
[2.512s][info][gc,phases      ] GC(67) Post Compact 2.255ms
[2.513s][info][gc,heap        ] GC(67) PSYoungGen: 24640K(63488K)->13786K(65536K) Eden: 0K(14336K)->0K(16384K) From: 24640K(49152K)->13786K(49152K)
[2.513s][info][gc,heap        ] GC(67) ParOldGen: 437864K(448000K)->447816K(512512K)
[2.513s][info][gc,metaspace   ] GC(67) Metaspace: 6301K(6464K)->6301K(6464K) NonClass: 5768K(5824K)->5768K(5824K) Class: 533K(640K)->533K(640K)
[2.513s][info][gc             ] GC(67) Pause Full (Ergonomics) 451M->450M(564M) 158.262ms
[2.513s][info][gc,cpu         ] GC(67) User=1.02s Sys=0.02s Real=0.16s
[2.531s][info][gc,start       ] GC(68) Pause Young (Allocation Failure)
[2.565s][info][gc,heap        ] GC(68) PSYoungGen: 30170K(65536K)->16512K(68096K) Eden: 16384K(16384K)->0K(16384K) From: 13786K(49152K)->16512K(51712K)
[2.565s][info][gc,heap        ] GC(68) ParOldGen: 447816K(512512K)->461808K(512512K)
[2.565s][info][gc,metaspace   ] GC(68) Metaspace: 6301K(6464K)->6301K(6464K) NonClass: 5768K(5824K)->5768K(5824K) Class: 533K(640K)->533K(640K)
[2.565s][info][gc             ] GC(68) Pause Young (Allocation Failure) 466M->467M(567M) 34.115ms
[2.565s][info][gc,cpu         ] GC(68) User=0.16s Sys=0.00s Real=0.03s
[2.585s][info][gc,start       ] GC(69) Pause Young (Allocation Failure)
[2.604s][info][gc,heap        ] GC(69) PSYoungGen: 32896K(68096K)->16480K(67584K) Eden: 16384K(16384K)->0K(18432K) From: 16512K(51712K)->16480K(49152K)
[2.604s][info][gc,heap        ] GC(69) ParOldGen: 461808K(512512K)->478416K(512512K)
[2.604s][info][gc,metaspace   ] GC(69) Metaspace: 6301K(6464K)->6301K(6464K) NonClass: 5768K(5824K)->5768K(5824K) Class: 533K(640K)->533K(640K)
[2.604s][info][gc             ] GC(69) Pause Young (Allocation Failure) 483M->483M(566M) 19.067ms
[2.604s][info][gc,cpu         ] GC(69) User=0.23s Sys=0.02s Real=0.02s
[2.625s][info][gc,start       ] GC(70) Pause Young (Allocation Failure)
[2.644s][info][gc,heap        ] GC(70) PSYoungGen: 34912K(67584K)->18528K(68608K) Eden: 18432K(18432K)->0K(18432K) From: 16480K(49152K)->18528K(50176K)
[2.644s][info][gc,heap        ] GC(70) ParOldGen: 478416K(512512K)->495040K(512512K)
[2.644s][info][gc,metaspace   ] GC(70) Metaspace: 6301K(6464K)->6301K(6464K) NonClass: 5768K(5824K)->5768K(5824K) Class: 533K(640K)->533K(640K)
[2.644s][info][gc             ] GC(70) Pause Young (Allocation Failure) 501M->501M(567M) 19.687ms
[2.644s][info][gc,cpu         ] GC(70) User=0.12s Sys=0.00s Real=0.02s
[2.644s][info][gc,start       ] GC(71) Pause Full (Ergonomics)
[2.644s][info][gc,phases,start] GC(71) Marking Phase
[2.758s][info][gc,phases      ] GC(71) Marking Phase 113.893ms
[2.758s][info][gc,phases,start] GC(71) Summary Phase
[2.758s][info][gc,phases      ] GC(71) Summary Phase 0.020ms
[2.758s][info][gc,phases,start] GC(71) Adjust Roots
[2.759s][info][gc,phases      ] GC(71) Adjust Roots 0.245ms
[2.759s][info][gc,phases,start] GC(71) Compaction Phase
[2.811s][info][gc,phases      ] GC(71) Compaction Phase 52.767ms
[2.812s][info][gc,phases,start] GC(71) Post Compact
[2.814s][info][gc,phases      ] GC(71) Post Compact 2.547ms
[2.815s][info][gc,heap        ] GC(71) PSYoungGen: 18528K(68608K)->520K(68608K) Eden: 0K(18432K)->0K(18432K) From: 18528K(50176K)->520K(50176K)
[2.815s][info][gc,heap        ] GC(71) ParOldGen: 495040K(512512K)->512187K(580608K)
[2.815s][info][gc,metaspace   ] GC(71) Metaspace: 6301K(6464K)->6301K(6464K) NonClass: 5768K(5824K)->5768K(5824K) Class: 533K(640K)->533K(640K)
[2.815s][info][gc             ] GC(71) Pause Full (Ergonomics) 501M->500M(634M) 170.152ms
[2.815s][info][gc,cpu         ] GC(71) User=1.14s Sys=0.05s Real=0.17s
[2.835s][info][gc,start       ] GC(72) Pause Young (Allocation Failure)
[2.867s][info][gc,heap        ] GC(72) PSYoungGen: 18952K(68608K)->18592K(66560K) Eden: 18432K(18432K)->0K(20480K) From: 520K(50176K)->18592K(46080K)
[2.867s][info][gc,heap        ] GC(72) ParOldGen: 512187K(580608K)->512747K(580608K)
[2.867s][info][gc,metaspace   ] GC(72) Metaspace: 6301K(6464K)->6301K(6464K) NonClass: 5768K(5824K)->5768K(5824K) Class: 533K(640K)->533K(640K)
[2.867s][info][gc             ] GC(72) Pause Young (Allocation Failure) 518M->518M(632M) 31.899ms
[2.867s][info][gc,cpu         ] GC(72) User=0.14s Sys=0.00s Real=0.03s
[2.890s][info][gc,start       ] GC(73) Pause Young (Allocation Failure)
[2.911s][info][gc,heap        ] GC(73) PSYoungGen: 39072K(66560K)->39104K(68096K) Eden: 20480K(20480K)->0K(20480K) From: 18592K(46080K)->39104K(47616K)
[2.911s][info][gc,heap        ] GC(73) ParOldGen: 512747K(580608K)->512747K(580608K)
[2.911s][info][gc,metaspace   ] GC(73) Metaspace: 6301K(6464K)->6301K(6464K) NonClass: 5768K(5824K)->5768K(5824K) Class: 533K(640K)->533K(640K)
[2.911s][info][gc             ] GC(73) Pause Young (Allocation Failure) 538M->538M(633M) 21.409ms
[2.911s][info][gc,cpu         ] GC(73) User=0.12s Sys=0.00s Real=0.02s
[2.934s][info][gc,start       ] GC(74) Pause Young (Allocation Failure)
[2.964s][info][gc,heap        ] GC(74) PSYoungGen: 59584K(68096K)->50688K(63488K) Eden: 20480K(20480K)->0K(12800K) From: 39104K(47616K)->50688K(50688K)
[2.964s][info][gc,heap        ] GC(74) ParOldGen: 512747K(580608K)->521611K(580608K)
[2.964s][info][gc,metaspace   ] GC(74) Metaspace: 6301K(6464K)->6301K(6464K) NonClass: 5768K(5824K)->5768K(5824K) Class: 533K(640K)->533K(640K)
[2.964s][info][gc             ] GC(74) Pause Young (Allocation Failure) 558M->558M(629M) 30.011ms
[2.964s][info][gc,cpu         ] GC(74) User=0.09s Sys=0.00s Real=0.03s
[2.979s][info][gc,start       ] GC(75) Pause Young (Allocation Failure)
[3.010s][info][gc,heap        ] GC(75) PSYoungGen: 63488K(63488K)->29952K(43008K) Eden: 12800K(12800K)->0K(12800K) From: 50688K(50688K)->29952K(30208K)
[3.010s][info][gc,heap        ] GC(75) ParOldGen: 521611K(580608K)->555731K(580608K)
[3.010s][info][gc,metaspace   ] GC(75) Metaspace: 6301K(6464K)->6301K(6464K) NonClass: 5768K(5824K)->5768K(5824K) Class: 533K(640K)->533K(640K)
[3.010s][info][gc             ] GC(75) Pause Young (Allocation Failure) 571M->571M(609M) 30.973ms
[3.010s][info][gc,cpu         ] GC(75) User=0.14s Sys=0.00s Real=0.03s
[3.010s][info][gc,start       ] GC(76) Pause Full (Ergonomics)
[3.010s][info][gc,phases,start] GC(76) Marking Phase
[3.134s][info][gc,phases      ] GC(76) Marking Phase 124.288ms
[3.135s][info][gc,phases,start] GC(76) Summary Phase
[3.135s][info][gc,phases      ] GC(76) Summary Phase 0.083ms
[3.135s][info][gc,phases,start] GC(76) Adjust Roots
[3.135s][info][gc,phases      ] GC(76) Adjust Roots 0.244ms
[3.135s][info][gc,phases,start] GC(76) Compaction Phase
[3.185s][info][gc,phases      ] GC(76) Compaction Phase 50.406ms
[3.185s][info][gc,phases,start] GC(76) Post Compact
[3.186s][info][gc,phases      ] GC(76) Post Compact 0.875ms
[3.187s][info][gc,heap        ] GC(76) PSYoungGen: 29952K(43008K)->4186K(43008K) Eden: 0K(12800K)->0K(12800K) From: 29952K(30208K)->4186K(30208K)
[3.187s][info][gc,heap        ] GC(76) ParOldGen: 555731K(580608K)->580585K(657408K)
[3.187s][info][gc,metaspace   ] GC(76) Metaspace: 6301K(6464K)->6301K(6464K) NonClass: 5768K(5824K)->5768K(5824K) Class: 533K(640K)->533K(640K)
[3.187s][info][gc             ] GC(76) Pause Full (Ergonomics) 571M->571M(684M) 176.487ms
[3.187s][info][gc,cpu         ] GC(76) User=1.11s Sys=0.08s Real=0.18s
[3.201s][info][gc,start       ] GC(77) Pause Young (Allocation Failure)
[3.234s][info][gc,heap        ] GC(77) PSYoungGen: 16986K(43008K)->15040K(71680K) Eden: 12800K(12800K)->0K(14336K) From: 4186K(30208K)->15040K(57344K)
[3.234s][info][gc,heap        ] GC(77) ParOldGen: 580585K(657408K)->582737K(657408K)
[3.234s][info][gc,metaspace   ] GC(77) Metaspace: 6301K(6464K)->6301K(6464K) NonClass: 5768K(5824K)->5768K(5824K) Class: 533K(640K)->533K(640K)
[3.234s][info][gc             ] GC(77) Pause Young (Allocation Failure) 583M->583M(712M) 33.391ms
[3.234s][info][gc,cpu         ] GC(77) User=0.16s Sys=0.00s Real=0.03s
[3.251s][info][gc,start       ] GC(78) Pause Young (Allocation Failure)
[3.269s][info][gc,heap        ] GC(78) PSYoungGen: 29376K(71680K)->29376K(44032K) Eden: 14336K(14336K)->0K(14336K) From: 15040K(57344K)->29376K(29696K)
[3.269s][info][gc,heap        ] GC(78) ParOldGen: 582737K(657408K)->582737K(657408K)
[3.269s][info][gc,metaspace   ] GC(78) Metaspace: 6301K(6464K)->6301K(6464K) NonClass: 5768K(5824K)->5768K(5824K) Class: 533K(640K)->533K(640K)
[3.269s][info][gc             ] GC(78) Pause Young (Allocation Failure) 597M->597M(685M) 17.663ms
[3.269s][info][gc,cpu         ] GC(78) User=0.03s Sys=0.00s Real=0.02s
[3.287s][info][gc,start       ] GC(79) Pause Young (Allocation Failure)
[3.309s][info][gc,heap        ] GC(79) PSYoungGen: 43712K(44032K)->43712K(68096K) Eden: 14336K(14336K)->0K(12800K) From: 29376K(29696K)->43712K(55296K)
[3.310s][info][gc,heap        ] GC(79) ParOldGen: 582737K(657408K)->582737K(657408K)
[3.310s][info][gc,metaspace   ] GC(79) Metaspace: 6301K(6464K)->6301K(6464K) NonClass: 5768K(5824K)->5768K(5824K) Class: 533K(640K)->533K(640K)
[3.310s][info][gc             ] GC(79) Pause Young (Allocation Failure) 611M->611M(708M) 23.014ms
[3.310s][info][gc,cpu         ] GC(79) User=0.14s Sys=0.00s Real=0.02s
[3.325s][info][gc,start       ] GC(80) Pause Young (Allocation Failure)
[3.354s][info][gc,heap        ] GC(80) PSYoungGen: 56512K(68096K)->54432K(71168K) Eden: 12800K(12800K)->0K(12800K) From: 43712K(55296K)->54432K(58368K)
[3.354s][info][gc,heap        ] GC(80) ParOldGen: 582737K(657408K)->584913K(657408K)
[3.354s][info][gc,metaspace   ] GC(80) Metaspace: 6301K(6464K)->6301K(6464K) NonClass: 5768K(5824K)->5768K(5824K) Class: 533K(640K)->533K(640K)
[3.354s][info][gc             ] GC(80) Pause Young (Allocation Failure) 624M->624M(711M) 28.809ms
[3.354s][info][gc,cpu         ] GC(80) User=0.12s Sys=0.00s Real=0.03s
[3.371s][info][gc,start       ] GC(81) Pause Young (Allocation Failure)
[3.404s][info][gc,heap        ] GC(81) PSYoungGen: 67232K(71168K)->54432K(74240K) Eden: 12800K(12800K)->0K(9216K) From: 54432K(58368K)->54432K(65024K)
[3.404s][info][gc,heap        ] GC(81) ParOldGen: 584913K(657408K)->597897K(657408K)
[3.404s][info][gc,metaspace   ] GC(81) Metaspace: 6301K(6464K)->6301K(6464K) NonClass: 5768K(5824K)->5768K(5824K) Class: 533K(640K)->533K(640K)
[3.404s][info][gc             ] GC(81) Pause Young (Allocation Failure) 636M->637M(714M) 33.654ms
[3.404s][info][gc,cpu         ] GC(81) User=0.16s Sys=0.00s Real=0.03s
[3.414s][info][gc,start       ] GC(82) Pause Young (Allocation Failure)
[3.448s][info][gc,heap        ] GC(82) PSYoungGen: 63648K(74240K)->34944K(44544K) Eden: 9216K(9216K)->0K(9216K) From: 54432K(65024K)->34944K(35328K)
[3.448s][info][gc,heap        ] GC(82) ParOldGen: 597897K(657408K)->626937K(657408K)
[3.448s][info][gc,metaspace   ] GC(82) Metaspace: 6301K(6464K)->6301K(6464K) NonClass: 5768K(5824K)->5768K(5824K) Class: 533K(640K)->533K(640K)
[3.448s][info][gc             ] GC(82) Pause Young (Allocation Failure) 646M->646M(685M) 33.483ms
[3.448s][info][gc,cpu         ] GC(82) User=0.12s Sys=0.03s Real=0.03s
[3.448s][info][gc,start       ] GC(83) Pause Full (Ergonomics)
[3.448s][info][gc,phases,start] GC(83) Marking Phase
[3.606s][info][gc,phases      ] GC(83) Marking Phase 158.211ms
[3.606s][info][gc,phases,start] GC(83) Summary Phase
[3.606s][info][gc,phases      ] GC(83) Summary Phase 0.035ms
[3.606s][info][gc,phases,start] GC(83) Adjust Roots
[3.607s][info][gc,phases      ] GC(83) Adjust Roots 0.325ms
[3.607s][info][gc,phases,start] GC(83) Compaction Phase
[3.666s][info][gc,phases      ] GC(83) Compaction Phase 59.307ms
[3.666s][info][gc,phases,start] GC(83) Post Compact
[3.667s][info][gc,phases      ] GC(83) Post Compact 1.121ms
[3.668s][info][gc,heap        ] GC(83) PSYoungGen: 34944K(44544K)->3560K(44544K) Eden: 0K(9216K)->0K(9216K) From: 34944K(35328K)->3560K(35328K)
[3.668s][info][gc,heap        ] GC(83) ParOldGen: 626937K(657408K)->657321K(739840K)
[3.668s][info][gc,metaspace   ] GC(83) Metaspace: 6301K(6464K)->6301K(6464K) NonClass: 5768K(5824K)->5768K(5824K) Class: 533K(640K)->533K(640K)
[3.668s][info][gc             ] GC(83) Pause Full (Ergonomics) 646M->645M(766M) 219.653ms
[3.668s][info][gc,cpu         ] GC(83) User=1.47s Sys=0.05s Real=0.22s
[3.679s][info][gc,start       ] GC(84) Pause Young (Allocation Failure)
[3.715s][info][gc,heap        ] GC(84) PSYoungGen: 12776K(44544K)->10048K(77312K) Eden: 9216K(9216K)->0K(10240K) From: 3560K(35328K)->10048K(67072K)
[3.715s][info][gc,heap        ] GC(84) ParOldGen: 657321K(739840K)->660281K(739840K)
[3.715s][info][gc,metaspace   ] GC(84) Metaspace: 6301K(6464K)->6301K(6464K) NonClass: 5768K(5824K)->5768K(5824K) Class: 533K(640K)->533K(640K)
[3.715s][info][gc             ] GC(84) Pause Young (Allocation Failure) 654M->654M(798M) 35.335ms
[3.715s][info][gc,cpu         ] GC(84) User=0.14s Sys=0.02s Real=0.04s
[3.727s][info][gc,start       ] GC(85) Pause Young (Allocation Failure)
[3.740s][info][gc,heap        ] GC(85) PSYoungGen: 20288K(77312K)->19520K(77824K) Eden: 10240K(10240K)->0K(10240K) From: 10048K(67072K)->19520K(67584K)
[3.741s][info][gc,heap        ] GC(85) ParOldGen: 660281K(739840K)->661001K(739840K)
[3.741s][info][gc,metaspace   ] GC(85) Metaspace: 6301K(6464K)->6301K(6464K) NonClass: 5768K(5824K)->5768K(5824K) Class: 533K(640K)->533K(640K)
[3.741s][info][gc             ] GC(85) Pause Young (Allocation Failure) 664M->664M(798M) 13.270ms
[3.741s][info][gc,cpu         ] GC(85) User=0.00s Sys=0.00s Real=0.01s
[3.755s][info][gc,start       ] GC(86) Pause Young (Allocation Failure)
[3.772s][info][gc,heap        ] GC(86) PSYoungGen: 29760K(77824K)->20576K(74752K) Eden: 10240K(10240K)->0K(11776K) From: 19520K(67584K)->20576K(62976K)
[3.772s][info][gc,heap        ] GC(86) ParOldGen: 661001K(739840K)->670345K(739840K)
[3.772s][info][gc,metaspace   ] GC(86) Metaspace: 6301K(6464K)->6301K(6464K) NonClass: 5768K(5824K)->5768K(5824K) Class: 533K(640K)->533K(640K)
[3.772s][info][gc             ] GC(86) Pause Young (Allocation Failure) 674M->674M(795M) 17.788ms
[3.772s][info][gc,cpu         ] GC(86) User=0.03s Sys=0.00s Real=0.02s
[3.788s][info][gc,start       ] GC(87) Pause Young (Allocation Failure)
[3.807s][info][gc,heap        ] GC(87) PSYoungGen: 32352K(74752K)->22144K(34304K) Eden: 11776K(11776K)->0K(11776K) From: 20576K(62976K)->22144K(22528K)
[3.807s][info][gc,heap        ] GC(87) ParOldGen: 670345K(739840K)->680737K(739840K)
[3.807s][info][gc,metaspace   ] GC(87) Metaspace: 6301K(6464K)->6301K(6464K) NonClass: 5768K(5824K)->5768K(5824K) Class: 533K(640K)->533K(640K)
[3.807s][info][gc             ] GC(87) Pause Young (Allocation Failure) 686M->686M(756M) 19.336ms
[3.807s][info][gc,cpu         ] GC(87) User=0.22s Sys=0.00s Real=0.02s
[3.935s][info][gc,start       ] GC(88) Pause Full (Ergonomics)
[3.935s][info][gc,phases,start] GC(88) Marking Phase
[4.098s][info][gc,phases      ] GC(88) Marking Phase 162.549ms
[4.098s][info][gc,phases,start] GC(88) Summary Phase
[4.098s][info][gc,phases      ] GC(88) Summary Phase 0.034ms
[4.098s][info][gc,phases,start] GC(88) Adjust Roots
[4.098s][info][gc,phases      ] GC(88) Adjust Roots 0.195ms
[4.098s][info][gc,phases,start] GC(88) Compaction Phase
[4.214s][info][gc,phases      ] GC(88) Compaction Phase 116.086ms
[4.214s][info][gc,phases,start] GC(88) Post Compact
[4.216s][info][gc,phases      ] GC(88) Post Compact 1.460ms
[4.216s][info][gc,heap        ] GC(88) PSYoungGen: 33920K(34304K)->0K(75264K) Eden: 11776K(11776K)->0K(13312K) From: 22144K(22528K)->0K(61952K)
[4.216s][info][gc,heap        ] GC(88) ParOldGen: 713505K(739840K)->730368K(812032K)
[4.216s][info][gc,metaspace   ] GC(88) Metaspace: 6301K(6464K)->6301K(6464K) NonClass: 5768K(5824K)->5768K(5824K) Class: 533K(640K)->533K(640K)
[4.216s][info][gc             ] GC(88) Pause Full (Ergonomics) 729M->713M(866M) 280.931ms
[4.216s][info][gc,cpu         ] GC(88) User=1.83s Sys=0.08s Real=0.28s
[4.232s][info][gc,start       ] GC(89) Pause Young (Allocation Failure)
[4.245s][info][gc,heap        ] GC(89) PSYoungGen: 13312K(75264K)->13408K(75264K) Eden: 13312K(13312K)->0K(13312K) From: 0K(61952K)->13408K(61952K)
[4.246s][info][gc,heap        ] GC(89) ParOldGen: 730368K(812032K)->730368K(812032K)
[4.246s][info][gc,metaspace   ] GC(89) Metaspace: 6301K(6464K)->6301K(6464K) NonClass: 5768K(5824K)->5768K(5824K) Class: 533K(640K)->533K(640K)
[4.246s][info][gc             ] GC(89) Pause Young (Allocation Failure) 726M->726M(866M) 13.145ms
[4.246s][info][gc,cpu         ] GC(89) User=0.02s Sys=0.00s Real=0.01s
[4.260s][info][gc,start       ] GC(90) Pause Young (Allocation Failure)
[4.278s][info][gc,heap        ] GC(90) PSYoungGen: 26720K(75264K)->26720K(69120K) Eden: 13312K(13312K)->0K(14848K) From: 13408K(61952K)->26720K(54272K)
[4.278s][info][gc,heap        ] GC(90) ParOldGen: 730368K(812032K)->730368K(812032K)
[4.278s][info][gc,metaspace   ] GC(90) Metaspace: 6301K(6464K)->6301K(6464K) NonClass: 5768K(5824K)->5768K(5824K) Class: 533K(640K)->533K(640K)
[4.278s][info][gc             ] GC(90) Pause Young (Allocation Failure) 739M->739M(860M) 18.140ms
[4.278s][info][gc,cpu         ] GC(90) User=0.03s Sys=0.00s Real=0.02s
[4.294s][info][gc,start       ] GC(91) Pause Young (Allocation Failure)
[4.316s][info][gc,heap        ] GC(91) PSYoungGen: 41568K(69120K)->41600K(72704K) Eden: 14848K(14848K)->0K(14848K) From: 26720K(54272K)->41600K(57856K)
[4.316s][info][gc,heap        ] GC(91) ParOldGen: 730368K(812032K)->730368K(812032K)
[4.316s][info][gc,metaspace   ] GC(91) Metaspace: 6301K(6464K)->6301K(6464K) NonClass: 5768K(5824K)->5768K(5824K) Class: 533K(640K)->533K(640K)
[4.316s][info][gc             ] GC(91) Pause Young (Allocation Failure) 753M->753M(864M) 21.869ms
[4.316s][info][gc,cpu         ] GC(91) User=0.03s Sys=0.00s Real=0.02s
[4.332s][info][gc,start       ] GC(92) Pause Young (Allocation Failure)
[4.359s][info][gc,heap        ] GC(92) PSYoungGen: 56448K(72704K)->56416K(69632K) Eden: 14848K(14848K)->0K(9216K) From: 41600K(57856K)->56416K(60416K)
[4.359s][info][gc,heap        ] GC(92) ParOldGen: 730368K(812032K)->730368K(812032K)
[4.359s][info][gc,metaspace   ] GC(92) Metaspace: 6301K(6464K)->6301K(6464K) NonClass: 5768K(5824K)->5768K(5824K) Class: 533K(640K)->533K(640K)
[4.359s][info][gc             ] GC(92) Pause Young (Allocation Failure) 768M->768M(861M) 27.049ms
[4.359s][info][gc,cpu         ] GC(92) User=0.14s Sys=0.00s Real=0.03s
[4.369s][info][gc,start       ] GC(93) Pause Young (Allocation Failure)
[4.400s][info][gc,heap        ] GC(93) PSYoungGen: 65632K(69632K)->52352K(76800K) Eden: 9216K(9216K)->0K(9216K) From: 56416K(60416K)->52352K(67584K)
[4.400s][info][gc,heap        ] GC(93) ParOldGen: 730368K(812032K)->743856K(812032K)
[4.400s][info][gc,metaspace   ] GC(93) Metaspace: 6301K(6464K)->6301K(6464K) NonClass: 5768K(5824K)->5768K(5824K) Class: 533K(640K)->533K(640K)
[4.401s][info][gc             ] GC(93) Pause Young (Allocation Failure) 777M->777M(868M) 31.823ms
[4.401s][info][gc,cpu         ] GC(93) User=0.05s Sys=0.00s Real=0.03s
[4.411s][info][gc,start       ] GC(94) Pause Young (Allocation Failure)
[4.440s][info][gc,heap        ] GC(94) PSYoungGen: 61568K(76800K)->33376K(75264K) Eden: 9216K(9216K)->0K(10752K) From: 52352K(67584K)->33376K(64512K)
[4.440s][info][gc,heap        ] GC(94) ParOldGen: 743856K(812032K)->772368K(812032K)
[4.440s][info][gc,metaspace   ] GC(94) Metaspace: 6301K(6464K)->6301K(6464K) NonClass: 5768K(5824K)->5768K(5824K) Class: 533K(640K)->533K(640K)
[4.440s][info][gc             ] GC(94) Pause Young (Allocation Failure) 786M->786M(866M) 29.578ms
[4.440s][info][gc,cpu         ] GC(94) User=0.14s Sys=0.00s Real=0.03s
[4.452s][info][gc,start       ] GC(95) Pause Young (Allocation Failure)
[4.475s][info][gc,heap        ] GC(95) PSYoungGen: 44128K(75264K)->20096K(78848K) Eden: 10752K(10752K)->0K(10752K) From: 33376K(64512K)->20096K(68096K)
[4.475s][info][gc,heap        ] GC(95) ParOldGen: 772368K(812032K)->796728K(812032K)
[4.475s][info][gc,metaspace   ] GC(95) Metaspace: 6301K(6464K)->6301K(6464K) NonClass: 5768K(5824K)->5768K(5824K) Class: 533K(640K)->533K(640K)
[4.475s][info][gc             ] GC(95) Pause Young (Allocation Failure) 797M->797M(870M) 23.166ms
[4.475s][info][gc,cpu         ] GC(95) User=0.03s Sys=0.00s Real=0.02s
[4.475s][info][gc,start       ] GC(96) Pause Full (Ergonomics)
[4.475s][info][gc,phases,start] GC(96) Marking Phase
[4.660s][info][gc,phases      ] GC(96) Marking Phase 185.184ms
[4.660s][info][gc,phases,start] GC(96) Summary Phase
[4.660s][info][gc,phases      ] GC(96) Summary Phase 0.022ms
[4.660s][info][gc,phases,start] GC(96) Adjust Roots
[4.660s][info][gc,phases      ] GC(96) Adjust Roots 0.188ms
[4.660s][info][gc,phases,start] GC(96) Compaction Phase
[4.741s][info][gc,phases      ] GC(96) Compaction Phase 80.847ms
[4.741s][info][gc,phases,start] GC(96) Post Compact
[4.743s][info][gc,phases      ] GC(96) Post Compact 1.492ms
[4.743s][info][gc,heap        ] GC(96) PSYoungGen: 20096K(78848K)->4092K(78848K) Eden: 0K(10752K)->0K(10752K) From: 20096K(68096K)->4092K(68096K)
[4.743s][info][gc,heap        ] GC(96) ParOldGen: 796728K(812032K)->811565K(905728K)
[4.743s][info][gc,metaspace   ] GC(96) Metaspace: 6301K(6464K)->6301K(6464K) NonClass: 5768K(5824K)->5768K(5824K) Class: 533K(640K)->533K(640K)
[4.743s][info][gc             ] GC(96) Pause Full (Ergonomics) 797M->796M(961M) 268.547ms
[4.744s][info][gc,cpu         ] GC(96) User=1.84s Sys=0.02s Real=0.27s
[4.756s][info][gc,start       ] GC(97) Pause Young (Allocation Failure)
[4.798s][info][gc,heap        ] GC(97) PSYoungGen: 14844K(78848K)->10880K(78848K) Eden: 10752K(10752K)->0K(12288K) From: 4092K(68096K)->10880K(66560K)
[4.798s][info][gc,heap        ] GC(97) ParOldGen: 811565K(905728K)->815749K(905728K)
[4.798s][info][gc,metaspace   ] GC(97) Metaspace: 6301K(6464K)->6301K(6464K) NonClass: 5768K(5824K)->5768K(5824K) Class: 533K(640K)->533K(640K)
[4.798s][info][gc             ] GC(97) Pause Young (Allocation Failure) 807M->807M(961M) 42.250ms
[4.798s][info][gc,cpu         ] GC(97) User=0.27s Sys=0.00s Real=0.04s
[4.812s][info][gc,start       ] GC(98) Pause Young (Allocation Failure)
[4.827s][info][gc,heap        ] GC(98) PSYoungGen: 23168K(78848K)->12416K(79360K) Eden: 12288K(12288K)->0K(12288K) From: 10880K(66560K)->12416K(67072K)
[4.827s][info][gc,heap        ] GC(98) ParOldGen: 815749K(905728K)->826653K(905728K)
[4.827s][info][gc,metaspace   ] GC(98) Metaspace: 6301K(6464K)->6301K(6464K) NonClass: 5768K(5824K)->5768K(5824K) Class: 533K(640K)->533K(640K)
[4.828s][info][gc             ] GC(98) Pause Young (Allocation Failure) 819M->819M(962M) 15.973ms
[4.828s][info][gc,cpu         ] GC(98) User=0.02s Sys=0.00s Real=0.02s
[4.841s][info][gc,start       ] GC(99) Pause Young (Allocation Failure)
[4.859s][info][gc,heap        ] GC(99) PSYoungGen: 24704K(79360K)->12448K(77824K) Eden: 12288K(12288K)->0K(13824K) From: 12416K(67072K)->12448K(64000K)
[4.859s][info][gc,heap        ] GC(99) ParOldGen: 826653K(905728K)->839117K(905728K)
[4.859s][info][gc,metaspace   ] GC(99) Metaspace: 6301K(6464K)->6301K(6464K) NonClass: 5768K(5824K)->5768K(5824K) Class: 533K(640K)->533K(640K)
[4.859s][info][gc             ] GC(99) Pause Young (Allocation Failure) 831M->831M(960M) 17.712ms
[4.859s][info][gc,cpu         ] GC(99) User=0.03s Sys=0.00s Real=0.02s
[4.874s][info][gc,start       ] GC(100) Pause Young (Allocation Failure)
[4.892s][info][gc,heap        ] GC(100) PSYoungGen: 26272K(77824K)->13920K(78848K) Eden: 13824K(13824K)->0K(13824K) From: 12448K(64000K)->13920K(65024K)
[4.892s][info][gc,heap        ] GC(100) ParOldGen: 839117K(905728K)->851573K(905728K)
[4.892s][info][gc,metaspace   ] GC(100) Metaspace: 6301K(6464K)->6301K(6464K) NonClass: 5768K(5824K)->5768K(5824K) Class: 533K(640K)->533K(640K)
[4.892s][info][gc             ] GC(100) Pause Young (Allocation Failure) 845M->845M(961M) 18.152ms
[4.893s][info][gc,cpu         ] GC(100) User=0.02s Sys=0.02s Real=0.02s
[4.908s][info][gc,start       ] GC(101) Pause Young (Allocation Failure)
[4.927s][info][gc,heap        ] GC(101) PSYoungGen: 27744K(78848K)->13888K(76288K) Eden: 13824K(13824K)->0K(15872K) From: 13920K(65024K)->13888K(60416K)
[4.927s][info][gc,heap        ] GC(101) ParOldGen: 851573K(905728K)->865597K(905728K)
[4.927s][info][gc,metaspace   ] GC(101) Metaspace: 6301K(6464K)->6301K(6464K) NonClass: 5768K(5824K)->5768K(5824K) Class: 533K(640K)->533K(640K)
[4.927s][info][gc             ] GC(101) Pause Young (Allocation Failure) 858M->858M(959M) 19.596ms
[4.927s][info][gc,cpu         ] GC(101) User=0.02s Sys=0.02s Real=0.02s
[4.944s][info][gc,start       ] GC(102) Pause Young (Allocation Failure)
[4.963s][info][gc,heap        ] GC(102) PSYoungGen: 29760K(76288K)->16000K(32256K) Eden: 15872K(15872K)->0K(15872K) From: 13888K(60416K)->16000K(16384K)
[4.963s][info][gc,heap        ] GC(102) ParOldGen: 865597K(905728K)->879605K(905728K)
[4.964s][info][gc,metaspace   ] GC(102) Metaspace: 6301K(6464K)->6301K(6464K) NonClass: 5768K(5824K)->5768K(5824K) Class: 533K(640K)->533K(640K)
[4.964s][info][gc             ] GC(102) Pause Young (Allocation Failure) 874M->874M(916M) 19.321ms
[4.964s][info][gc,cpu         ] GC(102) User=0.05s Sys=0.00s Real=0.02s
[4.964s][info][gc,start       ] GC(103) Pause Full (Ergonomics)
[4.964s][info][gc,phases,start] GC(103) Marking Phase
[5.173s][info][gc,phases      ] GC(103) Marking Phase 208.918ms
[5.173s][info][gc,phases,start] GC(103) Summary Phase
[5.173s][info][gc,phases      ] GC(103) Summary Phase 0.034ms
[5.173s][info][gc,phases,start] GC(103) Adjust Roots
[5.173s][info][gc,phases      ] GC(103) Adjust Roots 0.189ms
[5.173s][info][gc,phases,start] GC(103) Compaction Phase
[5.255s][info][gc,phases      ] GC(103) Compaction Phase 82.090ms
[5.255s][info][gc,phases,start] GC(103) Post Compact
[5.257s][info][gc,phases      ] GC(103) Post Compact 1.505ms
[5.257s][info][gc,heap        ] GC(103) PSYoungGen: 16000K(32256K)->0K(77312K) Eden: 0K(15872K)->0K(17920K) From: 16000K(16384K)->0K(59392K)
[5.257s][info][gc,heap        ] GC(103) ParOldGen: 879605K(905728K)->894314K(986624K)
[5.257s][info][gc,metaspace   ] GC(103) Metaspace: 6301K(6464K)->6301K(6464K) NonClass: 5768K(5824K)->5768K(5824K) Class: 533K(640K)->533K(640K)
[5.257s][info][gc             ] GC(103) Pause Full (Ergonomics) 874M->873M(1039M) 293.495ms
[5.257s][info][gc,cpu         ] GC(103) User=2.02s Sys=0.03s Real=0.29s
[5.278s][info][gc,start       ] GC(104) Pause Young (Allocation Failure)
[5.292s][info][gc,heap        ] GC(104) PSYoungGen: 17920K(77312K)->18048K(36352K) Eden: 17920K(17920K)->0K(17920K) From: 0K(59392K)->18048K(18432K)
[5.292s][info][gc,heap        ] GC(104) ParOldGen: 894314K(986624K)->894314K(986624K)
[5.292s][info][gc,metaspace   ] GC(104) Metaspace: 6301K(6464K)->6301K(6464K) NonClass: 5768K(5824K)->5768K(5824K) Class: 533K(640K)->533K(640K)
[5.292s][info][gc             ] GC(104) Pause Young (Allocation Failure) 890M->890M(999M) 14.682ms
[5.292s][info][gc,cpu         ] GC(104) User=0.02s Sys=0.00s Real=0.01s
[5.312s][info][gc,start       ] GC(105) Pause Young (Allocation Failure)
[5.333s][info][gc,heap        ] GC(105) PSYoungGen: 35968K(36352K)->36000K(75264K) Eden: 17920K(17920K)->0K(18432K) From: 18048K(18432K)->36000K(56832K)
[5.333s][info][gc,heap        ] GC(105) ParOldGen: 894314K(986624K)->894314K(986624K)
[5.333s][info][gc,metaspace   ] GC(105) Metaspace: 6301K(6464K)->6301K(6464K) NonClass: 5768K(5824K)->5768K(5824K) Class: 533K(640K)->533K(640K)
[5.333s][info][gc             ] GC(105) Pause Young (Allocation Failure) 908M->908M(1037M) 20.355ms
[5.333s][info][gc,cpu         ] GC(105) User=0.05s Sys=0.00s Real=0.02s
[5.353s][info][gc,start       ] GC(106) Pause Young (Allocation Failure)
[5.381s][info][gc,heap        ] GC(106) PSYoungGen: 54432K(75264K)->54432K(76800K) Eden: 18432K(18432K)->0K(18432K) From: 36000K(56832K)->54432K(58368K)
[5.381s][info][gc,heap        ] GC(106) ParOldGen: 894314K(986624K)->894314K(986624K)
[5.381s][info][gc,metaspace   ] GC(106) Metaspace: 6301K(6464K)->6301K(6464K) NonClass: 5768K(5824K)->5768K(5824K) Class: 533K(640K)->533K(640K)
[5.381s][info][gc             ] GC(106) Pause Young (Allocation Failure) 926M->926M(1038M) 27.739ms
[5.381s][info][gc,cpu         ] GC(106) User=0.12s Sys=0.00s Real=0.03s
[5.402s][info][gc,start       ] GC(107) Pause Young (Allocation Failure)
[5.438s][info][gc,heap        ] GC(107) PSYoungGen: 72864K(76800K)->54944K(80384K) Eden: 18432K(18432K)->0K(14336K) From: 54432K(58368K)->54944K(66048K)
[5.438s][info][gc,heap        ] GC(107) ParOldGen: 894314K(986624K)->912474K(986624K)
[5.438s][info][gc,metaspace   ] GC(107) Metaspace: 6301K(6464K)->6301K(6464K) NonClass: 5768K(5824K)->5768K(5824K) Class: 533K(640K)->533K(640K)
[5.438s][info][gc             ] GC(107) Pause Young (Allocation Failure) 944M->944M(1042M) 36.160ms
[5.438s][info][gc,cpu         ] GC(107) User=0.23s Sys=0.02s Real=0.04s
[5.454s][info][gc,start       ] GC(108) Pause Young (Allocation Failure)
[5.489s][info][gc,heap        ] GC(108) PSYoungGen: 69280K(80384K)->51328K(86528K) Eden: 14336K(14336K)->0K(14336K) From: 54944K(66048K)->51328K(72192K)
[5.489s][info][gc,heap        ] GC(108) ParOldGen: 912474K(986624K)->930650K(986624K)
[5.489s][info][gc,metaspace   ] GC(108) Metaspace: 6301K(6464K)->6301K(6464K) NonClass: 5768K(5824K)->5768K(5824K) Class: 533K(640K)->533K(640K)
[5.489s][info][gc             ] GC(108) Pause Young (Allocation Failure) 958M->958M(1048M) 35.557ms
[5.489s][info][gc,cpu         ] GC(108) User=0.17s Sys=0.06s Real=0.04s
[5.506s][info][gc,start       ] GC(109) Pause Young (Allocation Failure)
[5.538s][info][gc,heap        ] GC(109) PSYoungGen: 65664K(86528K)->47200K(91648K) Eden: 14336K(14336K)->0K(15360K) From: 51328K(72192K)->47200K(76288K)
[5.538s][info][gc,heap        ] GC(109) ParOldGen: 930650K(986624K)->949330K(986624K)
[5.538s][info][gc,metaspace   ] GC(109) Metaspace: 6301K(6464K)->6301K(6464K) NonClass: 5768K(5824K)->5768K(5824K) Class: 533K(640K)->533K(640K)
[5.538s][info][gc             ] GC(109) Pause Young (Allocation Failure) 972M->973M(1053M) 32.650ms
[5.538s][info][gc,cpu         ] GC(109) User=0.14s Sys=0.02s Real=0.03s
[5.556s][info][gc,start       ] GC(110) Pause Young (Allocation Failure)
[5.588s][info][gc,heap        ] GC(110) PSYoungGen: 62560K(91648K)->29856K(45568K) Eden: 15360K(15360K)->0K(15360K) From: 47200K(76288K)->29856K(30208K)
[5.588s][info][gc,heap        ] GC(110) ParOldGen: 949330K(986624K)->982498K(986624K)
[5.588s][info][gc,metaspace   ] GC(110) Metaspace: 6301K(6464K)->6301K(6464K) NonClass: 5768K(5824K)->5768K(5824K) Class: 533K(640K)->533K(640K)
[5.589s][info][gc             ] GC(110) Pause Young (Allocation Failure) 988M->988M(1008M) 32.406ms
[5.589s][info][gc,cpu         ] GC(110) User=0.12s Sys=0.02s Real=0.03s
[5.589s][info][gc,start       ] GC(111) Pause Full (Ergonomics)
[5.589s][info][gc,phases,start] GC(111) Marking Phase
[5.819s][info][gc,phases      ] GC(111) Marking Phase 229.936ms
[5.819s][info][gc,phases,start] GC(111) Summary Phase
[5.819s][info][gc,phases      ] GC(111) Summary Phase 0.066ms
[5.819s][info][gc,phases,start] GC(111) Adjust Roots
[5.819s][info][gc,phases      ] GC(111) Adjust Roots 0.231ms
[5.819s][info][gc,phases,start] GC(111) Compaction Phase
[5.914s][info][gc,phases      ] GC(111) Compaction Phase 95.126ms
[5.914s][info][gc,phases,start] GC(111) Post Compact
[5.916s][info][gc,phases      ] GC(111) Post Compact 1.836ms
[5.917s][info][gc,heap        ] GC(111) PSYoungGen: 29856K(45568K)->24518K(45568K) Eden: 0K(15360K)->0K(15360K) From: 29856K(30208K)->24518K(30208K)
[5.917s][info][gc,heap        ] GC(111) ParOldGen: 982498K(986624K)->986308K(1093632K)
[5.917s][info][gc,metaspace   ] GC(111) Metaspace: 6301K(6464K)->6301K(6464K) NonClass: 5768K(5824K)->5768K(5824K) Class: 533K(640K)->533K(640K)
[5.917s][info][gc             ] GC(111) Pause Full (Ergonomics) 988M->987M(1112M) 328.029ms
[5.917s][info][gc,cpu         ] GC(111) User=2.34s Sys=0.02s Real=0.33s
[5.934s][info][gc,start       ] GC(112) Pause Young (Allocation Failure)
[5.994s][info][gc,heap        ] GC(112) PSYoungGen: 39878K(45568K)->15488K(88064K) Eden: 15360K(15360K)->0K(16896K) From: 24518K(30208K)->15488K(71168K)
[5.994s][info][gc,heap        ] GC(112) ParOldGen: 986308K(1093632K)->1011204K(1093632K)
[5.994s][info][gc,metaspace   ] GC(112) Metaspace: 6301K(6464K)->6301K(6464K) NonClass: 5768K(5824K)->5768K(5824K) Class: 533K(640K)->533K(640K)
[5.994s][info][gc             ] GC(112) Pause Young (Allocation Failure) 1002M->1002M(1154M) 59.423ms
[5.994s][info][gc,cpu         ] GC(112) User=0.31s Sys=0.02s Real=0.06s
[6.012s][info][gc,start       ] GC(113) Pause Young (Allocation Failure)
[6.033s][info][gc,heap        ] GC(113) PSYoungGen: 32384K(88064K)->17024K(89600K) Eden: 16896K(16896K)->0K(16896K) From: 15488K(71168K)->17024K(72704K)
[6.033s][info][gc,heap        ] GC(113) ParOldGen: 1011204K(1093632K)->1026772K(1093632K)
[6.033s][info][gc,metaspace   ] GC(113) Metaspace: 6301K(6464K)->6301K(6464K) NonClass: 5768K(5824K)->5768K(5824K) Class: 533K(640K)->533K(640K)
[6.033s][info][gc             ] GC(113) Pause Young (Allocation Failure) 1019M->1019M(1155M) 20.562ms
[6.033s][info][gc,cpu         ] GC(113) User=0.03s Sys=0.00s Real=0.02s
[6.051s][info][gc,start       ] GC(114) Pause Young (Allocation Failure)
[6.072s][info][gc,heap        ] GC(114) PSYoungGen: 33920K(89600K)->16992K(86016K) Eden: 16896K(16896K)->0K(18944K) From: 17024K(72704K)->16992K(67072K)
[6.072s][info][gc,heap        ] GC(114) ParOldGen: 1026772K(1093632K)->1043900K(1093632K)
[6.072s][info][gc,metaspace   ] GC(114) Metaspace: 6301K(6464K)->6301K(6464K) NonClass: 5768K(5824K)->5768K(5824K) Class: 533K(640K)->533K(640K)
[6.072s][info][gc             ] GC(114) Pause Young (Allocation Failure) 1035M->1036M(1152M) 21.091ms
[6.072s][info][gc,cpu         ] GC(114) User=0.14s Sys=0.00s Real=0.02s
[6.094s][info][gc,start       ] GC(115) Pause Young (Allocation Failure)
[6.116s][info][gc,heap        ] GC(115) PSYoungGen: 35936K(86016K)->19040K(38400K) Eden: 18944K(18944K)->0K(18944K) From: 16992K(67072K)->19040K(19456K)
[6.116s][info][gc,heap        ] GC(115) ParOldGen: 1043900K(1093632K)->1061036K(1093632K)
[6.116s][info][gc,metaspace   ] GC(115) Metaspace: 6301K(6464K)->6301K(6464K) NonClass: 5768K(5824K)->5768K(5824K) Class: 533K(640K)->533K(640K)
[6.116s][info][gc             ] GC(115) Pause Young (Allocation Failure) 1054M->1054M(1105M) 22.065ms
[6.116s][info][gc,cpu         ] GC(115) User=0.12s Sys=0.00s Real=0.02s
[6.116s][info][gc,start       ] GC(116) Pause Full (Ergonomics)
[6.116s][info][gc,phases,start] GC(116) Marking Phase
[6.367s][info][gc,phases      ] GC(116) Marking Phase 250.962ms
[6.367s][info][gc,phases,start] GC(116) Summary Phase
[6.367s][info][gc,phases      ] GC(116) Summary Phase 0.031ms
[6.367s][info][gc,phases,start] GC(116) Adjust Roots
[6.367s][info][gc,phases      ] GC(116) Adjust Roots 0.198ms
[6.367s][info][gc,phases,start] GC(116) Compaction Phase
[6.458s][info][gc,phases      ] GC(116) Compaction Phase 90.770ms
[6.458s][info][gc,phases,start] GC(116) Post Compact
[6.460s][info][gc,phases      ] GC(116) Post Compact 2.040ms
[6.461s][info][gc,heap        ] GC(116) PSYoungGen: 19040K(38400K)->0K(87552K) Eden: 0K(18944K)->0K(20992K) From: 19040K(19456K)->0K(66560K)
[6.461s][info][gc,heap        ] GC(116) ParOldGen: 1061036K(1093632K)->1078796K(1191936K)
[6.461s][info][gc,metaspace   ] GC(116) Metaspace: 6301K(6464K)->6301K(6464K) NonClass: 5768K(5824K)->5768K(5824K) Class: 533K(640K)->533K(640K)
[6.461s][info][gc             ] GC(116) Pause Full (Ergonomics) 1054M->1053M(1249M) 344.901ms
[6.461s][info][gc,cpu         ] GC(116) User=2.55s Sys=0.00s Real=0.34s
[6.486s][info][gc,start       ] GC(117) Pause Young (Allocation Failure)
[6.502s][info][gc,heap        ] GC(117) PSYoungGen: 20992K(87552K)->21184K(42496K) Eden: 20992K(20992K)->0K(20992K) From: 0K(66560K)->21184K(21504K)
[6.502s][info][gc,heap        ] GC(117) ParOldGen: 1078796K(1191936K)->1078796K(1191936K)
[6.502s][info][gc,metaspace   ] GC(117) Metaspace: 6301K(6464K)->6301K(6464K) NonClass: 5768K(5824K)->5768K(5824K) Class: 533K(640K)->533K(640K)
[6.502s][info][gc             ] GC(117) Pause Young (Allocation Failure) 1074M->1074M(1205M) 16.227ms
[6.502s][info][gc,cpu         ] GC(117) User=0.02s Sys=0.00s Real=0.02s
[6.525s][info][gc,start       ] GC(118) Pause Young (Allocation Failure)
[6.548s][info][gc,heap        ] GC(118) PSYoungGen: 42176K(42496K)->42112K(84992K) Eden: 20992K(20992K)->0K(20992K) From: 21184K(21504K)->42112K(64000K)
[6.548s][info][gc,heap        ] GC(118) ParOldGen: 1078796K(1191936K)->1078796K(1191936K)
[6.548s][info][gc,metaspace   ] GC(118) Metaspace: 6301K(6464K)->6301K(6464K) NonClass: 5768K(5824K)->5768K(5824K) Class: 533K(640K)->533K(640K)
[6.548s][info][gc             ] GC(118) Pause Young (Allocation Failure) 1094M->1094M(1247M) 23.399ms
[6.548s][info][gc,cpu         ] GC(118) User=0.12s Sys=0.00s Real=0.02s
[6.571s][info][gc,start       ] GC(119) Pause Young (Allocation Failure)
[6.604s][info][gc,heap        ] GC(119) PSYoungGen: 63104K(84992K)->63136K(87040K) Eden: 20992K(20992K)->0K(20992K) From: 42112K(64000K)->63136K(66048K)
[6.604s][info][gc,heap        ] GC(119) ParOldGen: 1078796K(1191936K)->1078796K(1191936K)
[6.604s][info][gc,metaspace   ] GC(119) Metaspace: 6301K(6464K)->6301K(6464K) NonClass: 5768K(5824K)->5768K(5824K) Class: 533K(640K)->533K(640K)
[6.604s][info][gc             ] GC(119) Pause Young (Allocation Failure) 1115M->1115M(1249M) 33.201ms
[6.604s][info][gc,cpu         ] GC(119) User=0.16s Sys=0.00s Real=0.03s
[6.629s][info][gc,start       ] GC(120) Pause Young (Allocation Failure)
[6.673s][info][gc,heap        ] GC(120) PSYoungGen: 84128K(87040K)->74752K(82944K) Eden: 20992K(20992K)->0K(8192K) From: 63136K(66048K)->74752K(74752K)
[6.673s][info][gc,heap        ] GC(120) ParOldGen: 1078796K(1191936K)->1088196K(1191936K)
[6.673s][info][gc,metaspace   ] GC(120) Metaspace: 6301K(6464K)->6301K(6464K) NonClass: 5768K(5824K)->5768K(5824K) Class: 533K(640K)->533K(640K)
[6.673s][info][gc             ] GC(120) Pause Young (Allocation Failure) 1135M->1135M(1245M) 44.419ms
[6.673s][info][gc,cpu         ] GC(120) User=0.25s Sys=0.02s Real=0.04s
[6.684s][info][gc,start       ] GC(121) Pause Young (Allocation Failure)
[6.724s][info][gc,heap        ] GC(121) PSYoungGen: 82944K(82944K)->43776K(52224K) Eden: 8192K(8192K)->0K(8192K) From: 74752K(74752K)->43776K(44032K)
[6.724s][info][gc,heap        ] GC(121) ParOldGen: 1088196K(1191936K)->1127996K(1191936K)
[6.724s][info][gc,metaspace   ] GC(121) Metaspace: 6301K(6464K)->6301K(6464K) NonClass: 5768K(5824K)->5768K(5824K) Class: 533K(640K)->533K(640K)
[6.724s][info][gc             ] GC(121) Pause Young (Allocation Failure) 1143M->1144M(1215M) 40.361ms
[6.724s][info][gc,cpu         ] GC(121) User=0.20s Sys=0.02s Real=0.04s
[6.734s][info][gc,start       ] GC(122) Pause Young (Allocation Failure)
[6.760s][info][gc,heap        ] GC(122) PSYoungGen: 51968K(52224K)->33952K(88576K) Eden: 8192K(8192K)->0K(9728K) From: 43776K(44032K)->33952K(78848K)
[6.760s][info][gc,heap        ] GC(122) ParOldGen: 1127996K(1191936K)->1146148K(1191936K)
[6.760s][info][gc,metaspace   ] GC(122) Metaspace: 6301K(6464K)->6301K(6464K) NonClass: 5768K(5824K)->5768K(5824K) Class: 533K(640K)->533K(640K)
[6.760s][info][gc             ] GC(122) Pause Young (Allocation Failure) 1152M->1152M(1250M) 26.529ms
[6.760s][info][gc,cpu         ] GC(122) User=0.14s Sys=0.00s Real=0.03s
[6.772s][info][gc,start       ] GC(123) Pause Young (Allocation Failure)
[6.796s][info][gc,heap        ] GC(123) PSYoungGen: 43680K(88576K)->18016K(92672K) Eden: 9728K(9728K)->0K(9728K) From: 33952K(78848K)->18016K(82944K)
[6.796s][info][gc,heap        ] GC(123) ParOldGen: 1146148K(1191936K)->1172204K(1191936K)
[6.796s][info][gc,metaspace   ] GC(123) Metaspace: 6301K(6464K)->6301K(6464K) NonClass: 5768K(5824K)->5768K(5824K) Class: 533K(640K)->533K(640K)
[6.796s][info][gc             ] GC(123) Pause Young (Allocation Failure) 1161M->1162M(1254M) 24.281ms
[6.796s][info][gc,cpu         ] GC(123) User=0.12s Sys=0.02s Real=0.02s
[6.796s][info][gc,start       ] GC(124) Pause Full (Ergonomics)
[6.796s][info][gc,phases,start] GC(124) Marking Phase
[7.069s][info][gc,phases      ] GC(124) Marking Phase 272.775ms
[7.069s][info][gc,phases,start] GC(124) Summary Phase
[7.069s][info][gc,phases      ] GC(124) Summary Phase 0.039ms
[7.069s][info][gc,phases,start] GC(124) Adjust Roots
[7.069s][info][gc,phases      ] GC(124) Adjust Roots 0.271ms
[7.069s][info][gc,phases,start] GC(124) Compaction Phase
[7.171s][info][gc,phases      ] GC(124) Compaction Phase 101.744ms
[7.171s][info][gc,phases,start] GC(124) Post Compact
[7.173s][info][gc,phases      ] GC(124) Post Compact 2.116ms
[7.174s][info][gc,heap        ] GC(124) PSYoungGen: 18016K(92672K)->0K(93184K) Eden: 0K(9728K)->0K(11264K) From: 18016K(82944K)->0K(81920K)
[7.174s][info][gc,heap        ] GC(124) ParOldGen: 1172204K(1191936K)->1188656K(1314816K)
[7.174s][info][gc,metaspace   ] GC(124) Metaspace: 6301K(6464K)->6301K(6464K) NonClass: 5768K(5824K)->5768K(5824K) Class: 533K(640K)->533K(640K)
[7.174s][info][gc             ] GC(124) Pause Full (Ergonomics) 1162M->1160M(1375M) 377.880ms
[7.174s][info][gc,cpu         ] GC(124) User=2.72s Sys=0.03s Real=0.38s
[7.189s][info][gc,start       ] GC(125) Pause Young (Allocation Failure)
[7.203s][info][gc,heap        ] GC(125) PSYoungGen: 11264K(93184K)->11392K(93184K) Eden: 11264K(11264K)->0K(11264K) From: 0K(81920K)->11392K(81920K)
[7.203s][info][gc,heap        ] GC(125) ParOldGen: 1188656K(1314816K)->1188656K(1314816K)
[7.203s][info][gc,metaspace   ] GC(125) Metaspace: 6301K(6464K)->6301K(6464K) NonClass: 5768K(5824K)->5768K(5824K) Class: 533K(640K)->533K(640K)
[7.203s][info][gc             ] GC(125) Pause Young (Allocation Failure) 1171M->1171M(1375M) 14.008ms
[7.203s][info][gc,cpu         ] GC(125) User=0.02s Sys=0.00s Real=0.01s
[7.217s][info][gc,start       ] GC(126) Pause Young (Allocation Failure)
[7.234s][info][gc,heap        ] GC(126) PSYoungGen: 22656K(93184K)->22592K(88064K) Eden: 11264K(11264K)->0K(12800K) From: 11392K(81920K)->22592K(75264K)
[7.234s][info][gc,heap        ] GC(126) ParOldGen: 1188656K(1314816K)->1188656K(1314816K)
[7.234s][info][gc,metaspace   ] GC(126) Metaspace: 6301K(6464K)->6301K(6464K) NonClass: 5768K(5824K)->5768K(5824K) Class: 533K(640K)->533K(640K)
[7.234s][info][gc             ] GC(126) Pause Young (Allocation Failure) 1182M->1182M(1370M) 16.975ms
[7.234s][info][gc,cpu         ] GC(126) User=0.03s Sys=0.00s Real=0.02s
[7.250s][info][gc,start       ] GC(127) Pause Young (Allocation Failure)
[7.271s][info][gc,heap        ] GC(127) PSYoungGen: 35392K(88064K)->24224K(37376K) Eden: 12800K(12800K)->0K(12800K) From: 22592K(75264K)->24224K(24576K)
[7.271s][info][gc,heap        ] GC(127) ParOldGen: 1188656K(1314816K)->1200064K(1314816K)
[7.271s][info][gc,metaspace   ] GC(127) Metaspace: 6301K(6464K)->6301K(6464K) NonClass: 5768K(5824K)->5768K(5824K) Class: 533K(640K)->533K(640K)
[7.271s][info][gc             ] GC(127) Pause Young (Allocation Failure) 1195M->1195M(1320M) 21.740ms
[7.271s][info][gc,cpu         ] GC(127) User=0.05s Sys=0.00s Real=0.02s
[7.287s][info][gc,start       ] GC(128) Pause Young (Allocation Failure)
[7.309s][info][gc,heap        ] GC(128) PSYoungGen: 37024K(37376K)->25728K(82944K) Eden: 12800K(12800K)->0K(14336K) From: 24224K(24576K)->25728K(68608K)
[7.309s][info][gc,heap        ] GC(128) ParOldGen: 1200064K(1314816K)->1211480K(1314816K)
[7.309s][info][gc,metaspace   ] GC(128) Metaspace: 6301K(6464K)->6301K(6464K) NonClass: 5768K(5824K)->5768K(5824K) Class: 533K(640K)->533K(640K)
[7.309s][info][gc             ] GC(128) Pause Young (Allocation Failure) 1208M->1208M(1365M) 21.947ms
[7.309s][info][gc,cpu         ] GC(128) User=0.14s Sys=0.00s Real=0.02s
[7.326s][info][gc,start       ] GC(129) Pause Young (Allocation Failure)
[7.350s][info][gc,heap        ] GC(129) PSYoungGen: 40064K(82944K)->27296K(41984K) Eden: 14336K(14336K)->0K(14336K) From: 25728K(68608K)->27296K(27648K)
[7.350s][info][gc,heap        ] GC(129) ParOldGen: 1211480K(1314816K)->1224472K(1314816K)
[7.350s][info][gc,metaspace   ] GC(129) Metaspace: 6301K(6464K)->6301K(6464K) NonClass: 5768K(5824K)->5768K(5824K) Class: 533K(640K)->533K(640K)
[7.350s][info][gc             ] GC(129) Pause Young (Allocation Failure) 1222M->1222M(1325M) 24.099ms
[7.350s][info][gc,cpu         ] GC(129) User=0.12s Sys=0.00s Real=0.03s
[7.367s][info][gc,start       ] GC(130) Pause Young (Allocation Failure)
[7.392s][info][gc,heap        ] GC(130) PSYoungGen: 41632K(41984K)->28800K(77312K) Eden: 14336K(14336K)->0K(16384K) From: 27296K(27648K)->28800K(60928K)
[7.392s][info][gc,heap        ] GC(130) ParOldGen: 1224472K(1314816K)->1237456K(1314816K)
[7.392s][info][gc,metaspace   ] GC(130) Metaspace: 6301K(6464K)->6301K(6464K) NonClass: 5768K(5824K)->5768K(5824K) Class: 533K(640K)->533K(640K)
[7.392s][info][gc             ] GC(130) Pause Young (Allocation Failure) 1236M->1236M(1359M) 24.670ms
[7.392s][info][gc,cpu         ] GC(130) User=0.12s Sys=0.00s Real=0.03s
[7.412s][info][gc,start       ] GC(131) Pause Young (Allocation Failure)
[7.438s][info][gc,heap        ] GC(131) PSYoungGen: 45184K(77312K)->30816K(47616K) Eden: 16384K(16384K)->0K(16384K) From: 28800K(60928K)->30816K(31232K)
[7.438s][info][gc,heap        ] GC(131) ParOldGen: 1237456K(1314816K)->1251992K(1314816K)
[7.438s][info][gc,metaspace   ] GC(131) Metaspace: 6301K(6464K)->6301K(6464K) NonClass: 5768K(5824K)->5768K(5824K) Class: 533K(640K)->533K(640K)
[7.438s][info][gc             ] GC(131) Pause Young (Allocation Failure) 1252M->1252M(1330M) 26.434ms
[7.438s][info][gc,cpu         ] GC(131) User=0.05s Sys=0.09s Real=0.03s
[7.459s][info][gc,start       ] GC(132) Pause Young (Allocation Failure)
[7.486s][info][gc,heap        ] GC(132) PSYoungGen: 47200K(47616K)->32928K(75776K) Eden: 16384K(16384K)->0K(18432K) From: 30816K(31232K)->32928K(57344K)
[7.486s][info][gc,heap        ] GC(132) ParOldGen: 1251992K(1314816K)->1266536K(1314816K)
[7.486s][info][gc,metaspace   ] GC(132) Metaspace: 6301K(6464K)->6301K(6464K) NonClass: 5768K(5824K)->5768K(5824K) Class: 533K(640K)->533K(640K)
[7.486s][info][gc             ] GC(132) Pause Young (Allocation Failure) 1268M->1269M(1358M) 27.574ms
[7.487s][info][gc,cpu         ] GC(132) User=0.14s Sys=0.00s Real=0.03s
[7.505s][info][gc,start       ] GC(133) Pause Young (Allocation Failure)
[7.531s][info][gc,heap        ] GC(133) PSYoungGen: 51360K(75776K)->27616K(77824K) Eden: 18432K(18432K)->0K(18432K) From: 32928K(57344K)->27616K(59392K)
[7.531s][info][gc,heap        ] GC(133) ParOldGen: 1266536K(1314816K)->1283160K(1314816K)
[7.531s][info][gc,metaspace   ] GC(133) Metaspace: 6301K(6464K)->6301K(6464K) NonClass: 5768K(5824K)->5768K(5824K) Class: 533K(640K)->533K(640K)
[7.531s][info][gc             ] GC(133) Pause Young (Allocation Failure) 1287M->1280M(1360M) 25.955ms
[7.531s][info][gc,cpu         ] GC(133) User=0.12s Sys=0.02s Real=0.03s
[7.545s][info][gc,start       ] GC(134) Pause Young (Allocation Failure)
[7.568s][info][gc,heap        ] GC(134) PSYoungGen: 46048K(77824K)->20768K(75776K) Eden: 18432K(18432K)->0K(20992K) From: 27616K(59392K)->20768K(54784K)
[7.568s][info][gc,heap        ] GC(134) ParOldGen: 1283160K(1314816K)->1299784K(1314816K)
[7.568s][info][gc,metaspace   ] GC(134) Metaspace: 6301K(6464K)->6301K(6464K) NonClass: 5768K(5824K)->5768K(5824K) Class: 533K(640K)->533K(640K)
[7.569s][info][gc             ] GC(134) Pause Young (Allocation Failure) 1298M->1289M(1358M) 23.159ms
[7.569s][info][gc,cpu         ] GC(134) User=0.14s Sys=0.00s Real=0.02s
[7.569s][info][gc,start       ] GC(135) Pause Full (Ergonomics)
[7.569s][info][gc,phases,start] GC(135) Marking Phase
[7.881s][info][gc,phases      ] GC(135) Marking Phase 311.912ms
[7.881s][info][gc,phases,start] GC(135) Summary Phase
[7.881s][info][gc,phases      ] GC(135) Summary Phase 0.057ms
[7.881s][info][gc,phases,start] GC(135) Adjust Roots
[7.881s][info][gc,phases      ] GC(135) Adjust Roots 0.387ms
[7.881s][info][gc,phases,start] GC(135) Compaction Phase
[8.245s][info][gc,phases      ] GC(135) Compaction Phase 364.239ms
[8.245s][info][gc,phases,start] GC(135) Post Compact
[8.248s][info][gc,phases      ] GC(135) Post Compact 2.603ms
[8.249s][info][gc,heap        ] GC(135) PSYoungGen: 20768K(75776K)->4262K(76800K) Eden: 0K(20992K)->0K(22016K) From: 20768K(54784K)->4262K(54784K)
[8.249s][info][gc,heap        ] GC(135) ParOldGen: 1299784K(1314816K)->1314320K(1438720K)
[8.249s][info][gc,metaspace   ] GC(135) Metaspace: 6301K(6464K)->6301K(6464K) NonClass: 5768K(5824K)->5768K(5824K) Class: 533K(640K)->533K(640K)
[8.249s][info][gc             ] GC(135) Pause Full (Ergonomics) 1289M->1287M(1480M) 680.035ms
[8.249s][info][gc,cpu         ] GC(135) User=5.00s Sys=0.06s Real=0.68s
[8.276s][info][gc,start       ] GC(136) Pause Young (Allocation Failure)
[8.346s][info][gc,heap        ] GC(136) PSYoungGen: 26278K(76800K)->22432K(77824K) Eden: 22016K(22016K)->0K(22016K) From: 4262K(54784K)->22432K(55808K)
[8.346s][info][gc,heap        ] GC(136) ParOldGen: 1314320K(1438720K)->1316240K(1438720K)
[8.346s][info][gc,metaspace   ] GC(136) Metaspace: 6301K(6464K)->6301K(6464K) NonClass: 5768K(5824K)->5768K(5824K) Class: 533K(640K)->533K(640K)
[8.346s][info][gc             ] GC(136) Pause Young (Allocation Failure) 1309M->1307M(1481M) 70.006ms
[8.347s][info][gc,cpu         ] GC(136) User=0.38s Sys=0.02s Real=0.07s
[8.376s][info][gc,start       ] GC(137) Pause Young (Allocation Failure)
[8.404s][info][gc,heap        ] GC(137) PSYoungGen: 44448K(77824K)->44448K(75264K) Eden: 22016K(22016K)->0K(20992K) From: 22432K(55808K)->44448K(54272K)
[8.404s][info][gc,heap        ] GC(137) ParOldGen: 1316240K(1438720K)->1316240K(1438720K)
[8.404s][info][gc,metaspace   ] GC(137) Metaspace: 6301K(6464K)->6301K(6464K) NonClass: 5768K(5824K)->5768K(5824K) Class: 533K(640K)->533K(640K)
[8.404s][info][gc             ] GC(137) Pause Young (Allocation Failure) 1328M->1328M(1478M) 28.739ms
[8.404s][info][gc,cpu         ] GC(137) User=0.14s Sys=0.00s Real=0.03s
[8.431s][info][gc,start       ] GC(138) Pause Young (Allocation Failure)
[8.467s][info][gc,heap        ] GC(138) PSYoungGen: 65440K(75264K)->57856K(78848K) Eden: 20992K(20992K)->0K(20992K) From: 44448K(54272K)->57856K(57856K)
[8.467s][info][gc,heap        ] GC(138) ParOldGen: 1316240K(1438720K)->1323848K(1438720K)
[8.467s][info][gc,metaspace   ] GC(138) Metaspace: 6301K(6464K)->6301K(6464K) NonClass: 5768K(5824K)->5768K(5824K) Class: 533K(640K)->533K(640K)
[8.468s][info][gc             ] GC(138) Pause Young (Allocation Failure) 1349M->1349M(1482M) 36.481ms
[8.468s][info][gc,cpu         ] GC(138) User=0.16s Sys=0.00s Real=0.04s
[8.494s][info][gc,start       ] GC(139) Pause Young (Allocation Failure)
[8.536s][info][gc,heap        ] GC(139) PSYoungGen: 78848K(78848K)->60192K(85504K) Eden: 20992K(20992K)->0K(17408K) From: 57856K(57856K)->60192K(68096K)
[8.536s][info][gc,heap        ] GC(139) ParOldGen: 1323848K(1438720K)->1342920K(1438720K)
[8.536s][info][gc,metaspace   ] GC(139) Metaspace: 6301K(6464K)->6301K(6464K) NonClass: 5768K(5824K)->5768K(5824K) Class: 533K(640K)->533K(640K)
[8.536s][info][gc             ] GC(139) Pause Young (Allocation Failure) 1369M->1370M(1488M) 42.013ms
[8.536s][info][gc,cpu         ] GC(139) User=0.23s Sys=0.02s Real=0.04s
[8.793s][info][gc,start       ] GC(140) Pause Young (Allocation Failure)
[8.870s][info][gc,heap        ] GC(140) PSYoungGen: 77600K(85504K)->57344K(91648K) Eden: 17408K(17408K)->0K(17408K) From: 60192K(68096K)->57344K(74240K)
[8.870s][info][gc,heap        ] GC(140) ParOldGen: 1408456K(1438720K)->1428976K(1438720K)
[8.870s][info][gc,metaspace   ] GC(140) Metaspace: 6301K(6464K)->6301K(6464K) NonClass: 5768K(5824K)->5768K(5824K) Class: 533K(640K)->533K(640K)
[8.870s][info][gc             ] GC(140) Pause Young (Allocation Failure) 1451M->1451M(1494M) 77.169ms
[8.870s][info][gc,cpu         ] GC(140) User=0.39s Sys=0.03s Real=0.08s
[8.870s][info][gc,start       ] GC(141) Pause Full (Ergonomics)
[8.870s][info][gc,phases,start] GC(141) Marking Phase
[9.222s][info][gc,phases      ] GC(141) Marking Phase 351.867ms
[9.222s][info][gc,phases,start] GC(141) Summary Phase
[9.222s][info][gc,phases      ] GC(141) Summary Phase 0.028ms
[9.222s][info][gc,phases,start] GC(141) Adjust Roots
[9.222s][info][gc,phases      ] GC(141) Adjust Roots 0.229ms
[9.222s][info][gc,phases,start] GC(141) Compaction Phase
[9.454s][info][gc,phases      ] GC(141) Compaction Phase 232.201ms
[9.454s][info][gc,phases,start] GC(141) Post Compact
[9.458s][info][gc,phases      ] GC(141) Post Compact 3.078ms
[9.458s][info][gc,heap        ] GC(141) PSYoungGen: 57344K(91648K)->14164K(91648K) Eden: 0K(17408K)->0K(17408K) From: 57344K(74240K)->14164K(74240K)
[9.458s][info][gc,heap        ] GC(141) ParOldGen: 1428976K(1438720K)->1438333K(1575424K)
[9.458s][info][gc,metaspace   ] GC(141) Metaspace: 6301K(6464K)->6301K(6464K) NonClass: 5768K(5824K)->5768K(5824K) Class: 533K(640K)->533K(640K)
[9.458s][info][gc             ] GC(141) Pause Full (Ergonomics) 1451M->1418M(1628M) 588.250ms
[9.458s][info][gc,cpu         ] GC(141) User=3.92s Sys=0.08s Real=0.59s
[9.476s][info][gc,start       ] GC(142) Pause Young (Allocation Failure)
[9.552s][info][gc,heap        ] GC(142) PSYoungGen: 31572K(91648K)->31712K(91648K) Eden: 17408K(17408K)->0K(18944K) From: 14164K(74240K)->31712K(72704K)
[9.552s][info][gc,heap        ] GC(142) ParOldGen: 1438333K(1575424K)->1438333K(1575424K)
[9.552s][info][gc,metaspace   ] GC(142) Metaspace: 6301K(6464K)->6301K(6464K) NonClass: 5768K(5824K)->5768K(5824K) Class: 533K(640K)->533K(640K)
[9.552s][info][gc             ] GC(142) Pause Young (Allocation Failure) 1435M->1435M(1628M) 76.200ms
[9.552s][info][gc,cpu         ] GC(142) User=0.39s Sys=0.00s Real=0.08s
[9.571s][info][gc,start       ] GC(143) Pause Young (Allocation Failure)
[9.602s][info][gc,heap        ] GC(143) PSYoungGen: 50656K(91648K)->50656K(94720K) Eden: 18944K(18944K)->0K(18944K) From: 31712K(72704K)->50656K(75776K)
[9.602s][info][gc,heap        ] GC(143) ParOldGen: 1438333K(1575424K)->1438333K(1575424K)
[9.602s][info][gc,metaspace   ] GC(143) Metaspace: 6301K(6464K)->6301K(6464K) NonClass: 5768K(5824K)->5768K(5824K) Class: 533K(640K)->533K(640K)
[9.602s][info][gc             ] GC(143) Pause Young (Allocation Failure) 1454M->1454M(1631M) 31.654ms
[9.602s][info][gc,cpu         ] GC(143) User=0.05s Sys=0.00s Real=0.03s
[9.621s][info][gc,start       ] GC(144) Pause Young (Allocation Failure)
[9.658s][info][gc,heap        ] GC(144) PSYoungGen: 69600K(94720K)->69696K(90624K) Eden: 18944K(18944K)->0K(13824K) From: 50656K(75776K)->69696K(76800K)
[9.658s][info][gc,heap        ] GC(144) ParOldGen: 1438333K(1575424K)->1438333K(1575424K)
[9.658s][info][gc,metaspace   ] GC(144) Metaspace: 6301K(6464K)->6301K(6464K) NonClass: 5768K(5824K)->5768K(5824K) Class: 533K(640K)->533K(640K)
[9.658s][info][gc             ] GC(144) Pause Young (Allocation Failure) 1472M->1472M(1627M) 37.111ms
[9.658s][info][gc,cpu         ] GC(144) User=0.08s Sys=0.00s Real=0.04s
[9.671s][info][gc,start       ] GC(145) Pause Young (Allocation Failure)
[9.713s][info][gc,heap        ] GC(145) PSYoungGen: 83520K(90624K)->83488K(97792K) Eden: 13824K(13824K)->0K(13824K) From: 69696K(76800K)->83488K(83968K)
[9.713s][info][gc,heap        ] GC(145) ParOldGen: 1438333K(1575424K)->1438333K(1575424K)
[9.713s][info][gc,metaspace   ] GC(145) Metaspace: 6301K(6464K)->6301K(6464K) NonClass: 5768K(5824K)->5768K(5824K) Class: 533K(640K)->533K(640K)
[9.713s][info][gc             ] GC(145) Pause Young (Allocation Failure) 1486M->1486M(1634M) 41.761ms
[9.713s][info][gc,cpu         ] GC(145) User=0.05s Sys=0.00s Real=0.04s
[9.726s][info][gc,start       ] GC(146) Pause Young (Allocation Failure)
[9.774s][info][gc,heap        ] GC(146) PSYoungGen: 97312K(97792K)->91744K(98816K) Eden: 13824K(13824K)->0K(3584K) From: 83488K(83968K)->91744K(95232K)
[9.774s][info][gc,heap        ] GC(146) ParOldGen: 1438333K(1575424K)->1444005K(1575424K)
[9.774s][info][gc,metaspace   ] GC(146) Metaspace: 6301K(6464K)->6301K(6464K) NonClass: 5768K(5824K)->5768K(5824K) Class: 533K(640K)->533K(640K)
[9.774s][info][gc             ] GC(146) Pause Young (Allocation Failure) 1499M->1499M(1635M) 47.427ms
[9.774s][info][gc,cpu         ] GC(146) User=0.20s Sys=0.00s Real=0.05s
[9.777s][info][gc,start       ] GC(147) Pause Young (Allocation Failure)
[9.822s][info][gc,heap        ] GC(147) PSYoungGen: 95328K(98816K)->86656K(111104K) Eden: 3584K(3584K)->0K(3584K) From: 91744K(95232K)->86656K(107520K)
[9.822s][info][gc,heap        ] GC(147) ParOldGen: 1444005K(1575424K)->1452717K(1575424K)
[9.822s][info][gc,metaspace   ] GC(147) Metaspace: 6301K(6464K)->6301K(6464K) NonClass: 5768K(5824K)->5768K(5824K) Class: 533K(640K)->533K(640K)
[9.822s][info][gc             ] GC(147) Pause Young (Allocation Failure) 1503M->1503M(1647M) 44.250ms
[9.822s][info][gc,cpu         ] GC(147) User=0.27s Sys=0.00s Real=0.04s
[9.825s][info][gc,start       ] GC(148) Pause Young (Allocation Failure)
[9.869s][info][gc,heap        ] GC(148) PSYoungGen: 90240K(111104K)->53824K(108032K) Eden: 3584K(3584K)->0K(4608K) From: 86656K(107520K)->53824K(103424K)
[9.869s][info][gc,heap        ] GC(148) ParOldGen: 1452717K(1575424K)->1489501K(1575424K)
[9.869s][info][gc,metaspace   ] GC(148) Metaspace: 6301K(6464K)->6301K(6464K) NonClass: 5768K(5824K)->5768K(5824K) Class: 533K(640K)->533K(640K)
[9.869s][info][gc             ] GC(148) Pause Young (Allocation Failure) 1506M->1507M(1644M) 43.496ms
[9.869s][info][gc,cpu         ] GC(148) User=0.23s Sys=0.03s Real=0.04s
[9.874s][info][gc,start       ] GC(149) Pause Young (Allocation Failure)
[9.907s][info][gc,heap        ] GC(149) PSYoungGen: 58432K(108032K)->25632K(113664K) Eden: 4608K(4608K)->0K(4608K) From: 53824K(103424K)->25632K(109056K)
[9.907s][info][gc,heap        ] GC(149) ParOldGen: 1489501K(1575424K)->1522661K(1575424K)
[9.907s][info][gc,metaspace   ] GC(149) Metaspace: 6301K(6464K)->6301K(6464K) NonClass: 5768K(5824K)->5768K(5824K) Class: 533K(640K)->533K(640K)
[9.907s][info][gc             ] GC(149) Pause Young (Allocation Failure) 1511M->1512M(1649M) 33.158ms
[9.907s][info][gc,cpu         ] GC(149) User=0.14s Sys=0.00s Real=0.03s
[9.912s][info][gc,start       ] GC(150) Pause Young (Allocation Failure)
[9.939s][info][gc,heap        ] GC(150) PSYoungGen: 30240K(113664K)->12896K(113152K) Eden: 4608K(4608K)->0K(4608K) From: 25632K(109056K)->12896K(108544K)
[9.939s][info][gc,heap        ] GC(150) ParOldGen: 1522661K(1575424K)->1540269K(1575424K)
[9.939s][info][gc,metaspace   ] GC(150) Metaspace: 6301K(6464K)->6301K(6464K) NonClass: 5768K(5824K)->5768K(5824K) Class: 533K(640K)->533K(640K)
[9.939s][info][gc             ] GC(150) Pause Young (Allocation Failure) 1516M->1516M(1649M) 27.482ms
[9.939s][info][gc,cpu         ] GC(150) User=0.03s Sys=0.00s Real=0.03s
[9.939s][info][gc,start       ] GC(151) Pause Full (Ergonomics)
[9.939s][info][gc,phases,start] GC(151) Marking Phase
[10.289s][info][gc,phases      ] GC(151) Marking Phase 349.950ms
[10.289s][info][gc,phases,start] GC(151) Summary Phase
[10.289s][info][gc,phases      ] GC(151) Summary Phase 0.037ms
[10.289s][info][gc,phases,start] GC(151) Adjust Roots
[10.290s][info][gc,phases      ] GC(151) Adjust Roots 0.235ms
[10.290s][info][gc,phases,start] GC(151) Compaction Phase
[10.434s][info][gc,phases      ] GC(151) Compaction Phase 143.779ms
[10.434s][info][gc,phases,start] GC(151) Post Compact
[10.437s][info][gc,phases      ] GC(151) Post Compact 2.939ms
[10.437s][info][gc,heap        ] GC(151) PSYoungGen: 12896K(113152K)->0K(114176K) Eden: 0K(4608K)->0K(4608K) From: 12896K(108544K)->0K(109568K)
[10.437s][info][gc,heap        ] GC(151) ParOldGen: 1540269K(1575424K)->1551551K(1707008K)
[10.437s][info][gc,metaspace   ] GC(151) Metaspace: 6301K(6464K)->6301K(6464K) NonClass: 5768K(5824K)->5768K(5824K) Class: 533K(640K)->533K(640K)
[10.437s][info][gc             ] GC(151) Pause Full (Ergonomics) 1516M->1515M(1778M) 498.036ms
[10.437s][info][gc,cpu         ] GC(151) User=3.56s Sys=0.00s Real=0.50s
[10.444s][info][gc,start       ] GC(152) Pause Young (Allocation Failure)
[10.460s][info][gc,heap        ] GC(152) PSYoungGen: 4608K(114176K)->4736K(114176K) Eden: 4608K(4608K)->0K(4608K) From: 0K(109568K)->4736K(109568K)
[10.460s][info][gc,heap        ] GC(152) ParOldGen: 1551551K(1707008K)->1551551K(1707008K)
[10.460s][info][gc,metaspace   ] GC(152) Metaspace: 6301K(6464K)->6301K(6464K) NonClass: 5768K(5824K)->5768K(5824K) Class: 533K(640K)->533K(640K)
[10.460s][info][gc             ] GC(152) Pause Young (Allocation Failure) 1519M->1519M(1778M) 15.479ms
[10.460s][info][gc,cpu         ] GC(152) User=0.02s Sys=0.00s Real=0.02s
[10.464s][info][gc,start       ] GC(153) Pause Young (Allocation Failure)
[10.482s][info][gc,heap        ] GC(153) PSYoungGen: 9344K(114176K)->4704K(115200K) Eden: 4608K(4608K)->0K(4608K) From: 4736K(109568K)->4704K(110592K)
[10.482s][info][gc,heap        ] GC(153) ParOldGen: 1551551K(1707008K)->1556231K(1707008K)
[10.482s][info][gc,metaspace   ] GC(153) Metaspace: 6301K(6464K)->6301K(6464K) NonClass: 5768K(5824K)->5768K(5824K) Class: 533K(640K)->533K(640K)
[10.482s][info][gc             ] GC(153) Pause Young (Allocation Failure) 1524M->1524M(1779M) 17.865ms
[10.482s][info][gc,cpu         ] GC(153) User=0.02s Sys=0.00s Real=0.02s
[10.488s][info][gc,start       ] GC(154) Pause Young (Allocation Failure)
[10.506s][info][gc,heap        ] GC(154) PSYoungGen: 9312K(115200K)->4704K(113152K) Eden: 4608K(4608K)->0K(5632K) From: 4704K(110592K)->4704K(107520K)
[10.506s][info][gc,heap        ] GC(154) ParOldGen: 1556231K(1707008K)->1560903K(1707008K)
[10.506s][info][gc,metaspace   ] GC(154) Metaspace: 6301K(6464K)->6301K(6464K) NonClass: 5768K(5824K)->5768K(5824K) Class: 533K(640K)->533K(640K)
[10.506s][info][gc             ] GC(154) Pause Young (Allocation Failure) 1528M->1528M(1777M) 18.024ms
[10.506s][info][gc,cpu         ] GC(154) User=0.03s Sys=0.00s Real=0.02s
[10.513s][info][gc,start       ] GC(155) Pause Young (Allocation Failure)
[10.531s][info][gc,heap        ] GC(155) PSYoungGen: 10336K(113152K)->5760K(11776K) Eden: 5632K(5632K)->0K(5632K) From: 4704K(107520K)->5760K(6144K)
[10.531s][info][gc,heap        ] GC(155) ParOldGen: 1560903K(1707008K)->1565591K(1707008K)
[10.531s][info][gc,metaspace   ] GC(155) Metaspace: 6301K(6464K)->6301K(6464K) NonClass: 5768K(5824K)->5768K(5824K) Class: 533K(640K)->533K(640K)
[10.531s][info][gc             ] GC(155) Pause Young (Allocation Failure) 1534M->1534M(1678M) 18.067ms
[10.531s][info][gc,cpu         ] GC(155) User=0.02s Sys=0.00s Real=0.02s
[10.537s][info][gc,start       ] GC(156) Pause Young (Allocation Failure)
[10.554s][info][gc,heap        ] GC(156) PSYoungGen: 11392K(11776K)->5728K(109056K) Eden: 5632K(5632K)->0K(7168K) From: 5760K(6144K)->5728K(101888K)
[10.555s][info][gc,heap        ] GC(156) ParOldGen: 1565591K(1707008K)->1571327K(1707008K)
[10.555s][info][gc,metaspace   ] GC(156) Metaspace: 6301K(6464K)->6301K(6464K) NonClass: 5768K(5824K)->5768K(5824K) Class: 533K(640K)->533K(640K)
[10.555s][info][gc             ] GC(156) Pause Young (Allocation Failure) 1540M->1540M(1773M) 17.768ms
[10.555s][info][gc,cpu         ] GC(156) User=0.03s Sys=0.00s Real=0.02s
[10.562s][info][gc,start       ] GC(157) Pause Young (Allocation Failure)
[10.581s][info][gc,heap        ] GC(157) PSYoungGen: 12896K(109056K)->7296K(14848K) Eden: 7168K(7168K)->0K(7168K) From: 5728K(101888K)->7296K(7680K)
[10.581s][info][gc,heap        ] GC(157) ParOldGen: 1571327K(1707008K)->1577047K(1707008K)
[10.581s][info][gc,metaspace   ] GC(157) Metaspace: 6301K(6464K)->6301K(6464K) NonClass: 5768K(5824K)->5768K(5824K) Class: 533K(640K)->533K(640K)
[10.581s][info][gc             ] GC(157) Pause Young (Allocation Failure) 1547M->1547M(1681M) 19.281ms
[10.581s][info][gc,cpu         ] GC(157) User=0.02s Sys=0.00s Real=0.02s
[10.589s][info][gc,start       ] GC(158) Pause Young (Allocation Failure)
[10.612s][info][gc,heap        ] GC(158) PSYoungGen: 14464K(14848K)->7264K(102400K) Eden: 7168K(7168K)->0K(8704K) From: 7296K(7680K)->7264K(93696K)
[10.612s][info][gc,heap        ] GC(158) ParOldGen: 1577047K(1707008K)->1584351K(1707008K)
[10.612s][info][gc,metaspace   ] GC(158) Metaspace: 6301K(6464K)->6301K(6464K) NonClass: 5768K(5824K)->5768K(5824K) Class: 533K(640K)->533K(640K)
[10.613s][info][gc             ] GC(158) Pause Young (Allocation Failure) 1554M->1554M(1767M) 23.705ms
[10.613s][info][gc,cpu         ] GC(158) User=0.02s Sys=0.00s Real=0.02s
[10.621s][info][gc,start       ] GC(159) Pause Young (Allocation Failure)
[10.642s][info][gc,heap        ] GC(159) PSYoungGen: 15968K(102400K)->8800K(17920K) Eden: 8704K(8704K)->0K(8704K) From: 7264K(93696K)->8800K(9216K)
[10.642s][info][gc,heap        ] GC(159) ParOldGen: 1584351K(1707008K)->1591647K(1707008K)
[10.642s][info][gc,metaspace   ] GC(159) Metaspace: 6301K(6464K)->6301K(6464K) NonClass: 5768K(5824K)->5768K(5824K) Class: 533K(640K)->533K(640K)
[10.642s][info][gc             ] GC(159) Pause Young (Allocation Failure) 1562M->1562M(1684M) 20.765ms
[10.642s][info][gc,cpu         ] GC(159) User=0.03s Sys=0.00s Real=0.02s
[10.651s][info][gc,start       ] GC(160) Pause Young (Allocation Failure)
[10.673s][info][gc,heap        ] GC(160) PSYoungGen: 17504K(17920K)->8832K(94720K) Eden: 8704K(8704K)->0K(10240K) From: 8800K(9216K)->8832K(84480K)
[10.673s][info][gc,heap        ] GC(160) ParOldGen: 1591647K(1707008K)->1600495K(1707008K)
[10.673s][info][gc,metaspace   ] GC(160) Metaspace: 6301K(6464K)->6301K(6464K) NonClass: 5768K(5824K)->5768K(5824K) Class: 533K(640K)->533K(640K)
[10.673s][info][gc             ] GC(160) Pause Young (Allocation Failure) 1571M->1571M(1759M) 22.530ms
[10.673s][info][gc,cpu         ] GC(160) User=0.02s Sys=0.00s Real=0.02s
[10.683s][info][gc,start       ] GC(161) Pause Young (Allocation Failure)
[10.705s][info][gc,heap        ] GC(161) PSYoungGen: 19072K(94720K)->10336K(20992K) Eden: 10240K(10240K)->0K(10240K) From: 8832K(84480K)->10336K(10752K)
[10.705s][info][gc,heap        ] GC(161) ParOldGen: 1600495K(1707008K)->1609335K(1707008K)
[10.705s][info][gc,metaspace   ] GC(161) Metaspace: 6301K(6464K)->6301K(6464K) NonClass: 5768K(5824K)->5768K(5824K) Class: 533K(640K)->533K(640K)
[10.705s][info][gc             ] GC(161) Pause Young (Allocation Failure) 1581M->1581M(1687M) 21.881ms
[10.705s][info][gc,cpu         ] GC(161) User=0.02s Sys=0.00s Real=0.02s
[10.715s][info][gc,start       ] GC(162) Pause Young (Allocation Failure)
[10.737s][info][gc,heap        ] GC(162) PSYoungGen: 20576K(20992K)->10368K(87552K) Eden: 10240K(10240K)->0K(11776K) From: 10336K(10752K)->10368K(75776K)
[10.737s][info][gc,heap        ] GC(162) ParOldGen: 1609335K(1707008K)->1619735K(1707008K)
[10.737s][info][gc,metaspace   ] GC(162) Metaspace: 6301K(6464K)->6301K(6464K) NonClass: 5768K(5824K)->5768K(5824K) Class: 533K(640K)->533K(640K)
[10.737s][info][gc             ] GC(162) Pause Young (Allocation Failure) 1591M->1591M(1752M) 21.520ms
[10.737s][info][gc,cpu         ] GC(162) User=0.02s Sys=0.00s Real=0.02s
[10.748s][info][gc,start       ] GC(163) Pause Young (Allocation Failure)
[10.769s][info][gc,heap        ] GC(163) PSYoungGen: 22144K(87552K)->11936K(24064K) Eden: 11776K(11776K)->0K(11776K) From: 10368K(75776K)->11936K(12288K)
[10.769s][info][gc,heap        ] GC(163) ParOldGen: 1619735K(1707008K)->1630135K(1707008K)
[10.769s][info][gc,metaspace   ] GC(163) Metaspace: 6301K(6464K)->6301K(6464K) NonClass: 5768K(5824K)->5768K(5824K) Class: 533K(640K)->533K(640K)
[10.769s][info][gc             ] GC(163) Pause Young (Allocation Failure) 1603M->1603M(1690M) 20.914ms
[10.769s][info][gc,cpu         ] GC(163) User=0.02s Sys=0.00s Real=0.02s
[10.782s][info][gc,start       ] GC(164) Pause Young (Allocation Failure)
[10.804s][info][gc,heap        ] GC(164) PSYoungGen: 23712K(24064K)->11904K(80896K) Eden: 11776K(11776K)->0K(13824K) From: 11936K(12288K)->11904K(67072K)
[10.804s][info][gc,heap        ] GC(164) ParOldGen: 1630135K(1707008K)->1642095K(1707008K)
[10.804s][info][gc,metaspace   ] GC(164) Metaspace: 6301K(6464K)->6301K(6464K) NonClass: 5768K(5824K)->5768K(5824K) Class: 533K(640K)->533K(640K)
[10.804s][info][gc             ] GC(164) Pause Young (Allocation Failure) 1615M->1615M(1746M) 22.536ms
[10.804s][info][gc,cpu         ] GC(164) User=0.02s Sys=0.00s Real=0.02s
[10.818s][info][gc,start       ] GC(165) Pause Young (Allocation Failure)
[10.841s][info][gc,heap        ] GC(165) PSYoungGen: 25728K(80896K)->13984K(28160K) Eden: 13824K(13824K)->0K(13824K) From: 11904K(67072K)->13984K(14336K)
[10.841s][info][gc,heap        ] GC(165) ParOldGen: 1642095K(1707008K)->1654047K(1707008K)
[10.841s][info][gc,metaspace   ] GC(165) Metaspace: 6301K(6464K)->6301K(6464K) NonClass: 5768K(5824K)->5768K(5824K) Class: 533K(640K)->533K(640K)
[10.841s][info][gc             ] GC(165) Pause Young (Allocation Failure) 1628M->1628M(1694M) 22.763ms
[10.841s][info][gc,cpu         ] GC(165) User=0.05s Sys=0.00s Real=0.02s
[10.855s][info][gc,start       ] GC(166) Pause Young (Allocation Failure)
[10.878s][info][gc,heap        ] GC(166) PSYoungGen: 27808K(28160K)->13984K(74240K) Eden: 13824K(13824K)->0K(15872K) From: 13984K(14336K)->13984K(58368K)
[10.878s][info][gc,heap        ] GC(166) ParOldGen: 1654047K(1707008K)->1668095K(1707008K)
[10.878s][info][gc,metaspace   ] GC(166) Metaspace: 6301K(6464K)->6301K(6464K) NonClass: 5768K(5824K)->5768K(5824K) Class: 533K(640K)->533K(640K)
[10.878s][info][gc             ] GC(166) Pause Young (Allocation Failure) 1642M->1642M(1739M) 23.345ms
[10.878s][info][gc,cpu         ] GC(166) User=0.02s Sys=0.00s Real=0.02s
[10.895s][info][gc,start       ] GC(167) Pause Young (Allocation Failure)
[10.919s][info][gc,heap        ] GC(167) PSYoungGen: 29856K(74240K)->16032K(32256K) Eden: 15872K(15872K)->0K(15872K) From: 13984K(58368K)->16032K(16384K)
[10.920s][info][gc,heap        ] GC(167) ParOldGen: 1668095K(1707008K)->1682127K(1707008K)
[10.920s][info][gc,metaspace   ] GC(167) Metaspace: 6301K(6464K)->6301K(6464K) NonClass: 5768K(5824K)->5768K(5824K) Class: 533K(640K)->533K(640K)
[10.920s][info][gc             ] GC(167) Pause Young (Allocation Failure) 1658M->1658M(1698M) 24.760ms
[10.920s][info][gc,cpu         ] GC(167) User=0.03s Sys=0.00s Real=0.03s
[10.936s][info][gc,start       ] GC(168) Pause Young (Allocation Failure)
[10.964s][info][gc,heap        ] GC(168) PSYoungGen: 31904K(32256K)->16032K(69632K) Eden: 15872K(15872K)->0K(18432K) From: 16032K(16384K)->16032K(51200K)
[10.964s][info][gc,heap        ] GC(168) ParOldGen: 1682127K(1707008K)->1698247K(1707008K)
[10.964s][info][gc,metaspace   ] GC(168) Metaspace: 6301K(6464K)->6301K(6464K) NonClass: 5768K(5824K)->5768K(5824K) Class: 533K(640K)->533K(640K)
[10.964s][info][gc             ] GC(168) Pause Young (Allocation Failure) 1673M->1674M(1735M) 28.093ms
[10.964s][info][gc,cpu         ] GC(168) User=0.03s Sys=0.02s Real=0.03s
[10.964s][info][gc,start       ] GC(169) Pause Full (Ergonomics)
[10.964s][info][gc,phases,start] GC(169) Marking Phase
[11.355s][info][gc,phases      ] GC(169) Marking Phase 391.363ms
[11.355s][info][gc,phases,start] GC(169) Summary Phase
[11.355s][info][gc,phases      ] GC(169) Summary Phase 0.030ms
[11.355s][info][gc,phases,start] GC(169) Adjust Roots
[11.355s][info][gc,phases      ] GC(169) Adjust Roots 0.252ms
[11.356s][info][gc,phases,start] GC(169) Compaction Phase
[11.521s][info][gc,phases      ] GC(169) Compaction Phase 165.632ms
[11.521s][info][gc,phases,start] GC(169) Post Compact
[11.525s][info][gc,phases      ] GC(169) Post Compact 3.277ms
[11.525s][info][gc,heap        ] GC(169) PSYoungGen: 16032K(69632K)->4601K(72192K) Eden: 0K(18432K)->0K(20992K) From: 16032K(51200K)->4601K(51200K)
[11.525s][info][gc,heap        ] GC(169) ParOldGen: 1698247K(1707008K)->1706680K(1707008K)
[11.525s][info][gc,metaspace   ] GC(169) Metaspace: 6301K(6464K)->6301K(6464K) NonClass: 5768K(5824K)->5768K(5824K) Class: 533K(640K)->533K(640K)
[11.525s][info][gc             ] GC(169) Pause Full (Ergonomics) 1674M->1671M(1737M) 560.957ms
[11.525s][info][gc,cpu         ] GC(169) User=3.89s Sys=0.06s Real=0.56s
[11.548s][info][gc,start       ] GC(170) Pause Full (Ergonomics)
[11.548s][info][gc,phases,start] GC(170) Marking Phase
[11.944s][info][gc,phases      ] GC(170) Marking Phase 395.823ms
[11.944s][info][gc,phases,start] GC(170) Summary Phase
[11.944s][info][gc,phases      ] GC(170) Summary Phase 0.029ms
[11.944s][info][gc,phases,start] GC(170) Adjust Roots
[11.944s][info][gc,phases      ] GC(170) Adjust Roots 0.205ms
[11.944s][info][gc,phases,start] GC(170) Compaction Phase
[12.077s][info][gc,phases      ] GC(170) Compaction Phase 132.728ms
[12.077s][info][gc,phases,start] GC(170) Post Compact
[12.080s][info][gc,phases      ] GC(170) Post Compact 3.042ms
[12.080s][info][gc,heap        ] GC(170) PSYoungGen: 25593K(72192K)->25564K(72192K) Eden: 20992K(20992K)->20962K(20992K) From: 4601K(51200K)->4601K(51200K)
[12.080s][info][gc,heap        ] GC(170) ParOldGen: 1706680K(1707008K)->1706680K(1707008K)
[12.080s][info][gc,metaspace   ] GC(170) Metaspace: 6301K(6464K)->6301K(6464K) NonClass: 5768K(5824K)->5768K(5824K) Class: 533K(640K)->533K(640K)
[12.080s][info][gc             ] GC(170) Pause Full (Ergonomics) 1691M->1691M(1737M) 532.232ms
[12.080s][info][gc,cpu         ] GC(170) User=3.75s Sys=0.00s Real=0.53s
[12.081s][info][gc,start       ] GC(171) Pause Full (Ergonomics)
[12.081s][info][gc,phases,start] GC(171) Marking Phase
[12.466s][info][gc,phases      ] GC(171) Marking Phase 385.031ms
[12.466s][info][gc,phases,start] GC(171) Summary Phase
[12.466s][info][gc,phases      ] GC(171) Summary Phase 0.031ms
[12.466s][info][gc,phases,start] GC(171) Adjust Roots
[12.466s][info][gc,phases      ] GC(171) Adjust Roots 0.227ms
[12.466s][info][gc,phases,start] GC(171) Compaction Phase
[12.594s][info][gc,phases      ] GC(171) Compaction Phase 128.273ms
[12.595s][info][gc,phases,start] GC(171) Post Compact
[12.598s][info][gc,phases      ] GC(171) Post Compact 3.264ms
[12.598s][info][gc,heap        ] GC(171) PSYoungGen: 25593K(72192K)->25593K(72192K) Eden: 20992K(20992K)->20991K(20992K) From: 4601K(51200K)->4601K(51200K)
[12.598s][info][gc,heap        ] GC(171) ParOldGen: 1706680K(1707008K)->1706680K(1707008K)
[12.598s][info][gc,metaspace   ] GC(171) Metaspace: 6301K(6464K)->6301K(6464K) NonClass: 5768K(5824K)->5768K(5824K) Class: 533K(640K)->533K(640K)
[12.598s][info][gc             ] GC(171) Pause Full (Ergonomics) 1691M->1691M(1737M) 517.210ms
[12.598s][info][gc,cpu         ] GC(171) User=3.69s Sys=0.02s Real=0.52s
[12.598s][info][gc,start       ] GC(172) Pause Full (Ergonomics)
[12.598s][info][gc,phases,start] GC(172) Marking Phase
[12.986s][info][gc,phases      ] GC(172) Marking Phase 388.057ms
[12.986s][info][gc,phases,start] GC(172) Summary Phase
[12.986s][info][gc,phases      ] GC(172) Summary Phase 0.030ms
[12.986s][info][gc,phases,start] GC(172) Adjust Roots
[12.987s][info][gc,phases      ] GC(172) Adjust Roots 0.211ms
[12.987s][info][gc,phases,start] GC(172) Compaction Phase
[13.114s][info][gc,phases      ] GC(172) Compaction Phase 127.504ms
[13.114s][info][gc,phases,start] GC(172) Post Compact
[13.117s][info][gc,phases      ] GC(172) Post Compact 3.043ms
[13.117s][info][gc,heap        ] GC(172) PSYoungGen: 25593K(72192K)->25593K(72192K) Eden: 20991K(20992K)->20991K(20992K) From: 4601K(51200K)->4601K(51200K)
[13.117s][info][gc,heap        ] GC(172) ParOldGen: 1706680K(1707008K)->1706680K(1707008K)
[13.117s][info][gc,metaspace   ] GC(172) Metaspace: 6301K(6464K)->6301K(6464K) NonClass: 5768K(5824K)->5768K(5824K) Class: 533K(640K)->533K(640K)
[13.117s][info][gc             ] GC(172) Pause Full (Ergonomics) 1691M->1691M(1737M) 519.192ms
[13.117s][info][gc,cpu         ] GC(172) User=3.78s Sys=0.00s Real=0.52s
[13.118s][info][gc,start       ] GC(173) Pause Full (Ergonomics)
[13.118s][info][gc,phases,start] GC(173) Marking Phase
[13.514s][info][gc,phases      ] GC(173) Marking Phase 396.414ms
[13.514s][info][gc,phases,start] GC(173) Summary Phase
[13.514s][info][gc,phases      ] GC(173) Summary Phase 0.030ms
[13.514s][info][gc,phases,start] GC(173) Adjust Roots
[13.514s][info][gc,phases      ] GC(173) Adjust Roots 0.250ms
[13.515s][info][gc,phases,start] GC(173) Compaction Phase
[13.643s][info][gc,phases      ] GC(173) Compaction Phase 128.063ms
[13.643s][info][gc,phases,start] GC(173) Post Compact
[13.646s][info][gc,phases      ] GC(173) Post Compact 3.315ms
[13.646s][info][gc,heap        ] GC(173) PSYoungGen: 25593K(72192K)->25593K(72192K) Eden: 20991K(20992K)->20991K(20992K) From: 4601K(51200K)->4601K(51200K)
[13.646s][info][gc,heap        ] GC(173) ParOldGen: 1706685K(1707008K)->1706685K(1707008K)
[13.646s][info][gc,metaspace   ] GC(173) Metaspace: 6301K(6464K)->6301K(6464K) NonClass: 5768K(5824K)->5768K(5824K) Class: 533K(640K)->533K(640K)
[13.646s][info][gc             ] GC(173) Pause Full (Ergonomics) 1691M->1691M(1737M) 528.436ms
[13.646s][info][gc,cpu         ] GC(173) User=3.59s Sys=0.06s Real=0.53s
[13.647s][info][gc,start       ] GC(174) Pause Full (Ergonomics)
[13.647s][info][gc,phases,start] GC(174) Marking Phase
[14.046s][info][gc,phases      ] GC(174) Marking Phase 399.222ms
[14.046s][info][gc,phases,start] GC(174) Summary Phase
[14.046s][info][gc,phases      ] GC(174) Summary Phase 0.029ms
[14.046s][info][gc,phases,start] GC(174) Adjust Roots
[14.046s][info][gc,phases      ] GC(174) Adjust Roots 0.202ms
[14.046s][info][gc,phases,start] GC(174) Compaction Phase
[14.173s][info][gc,phases      ] GC(174) Compaction Phase 127.182ms
[14.173s][info][gc,phases,start] GC(174) Post Compact
[14.176s][info][gc,phases      ] GC(174) Post Compact 3.057ms
[14.177s][info][gc,heap        ] GC(174) PSYoungGen: 25593K(72192K)->25593K(72192K) Eden: 20991K(20992K)->20991K(20992K) From: 4601K(51200K)->4601K(51200K)
[14.177s][info][gc,heap        ] GC(174) ParOldGen: 1706690K(1707008K)->1706690K(1707008K)
[14.177s][info][gc,metaspace   ] GC(174) Metaspace: 6301K(6464K)->6301K(6464K) NonClass: 5768K(5824K)->5768K(5824K) Class: 533K(640K)->533K(640K)
[14.177s][info][gc             ] GC(174) Pause Full (Ergonomics) 1691M->1691M(1737M) 530.078ms
[14.177s][info][gc,cpu         ] GC(174) User=3.80s Sys=0.00s Real=0.53s
[14.177s][info][gc,start       ] GC(175) Pause Full (Ergonomics)
[14.177s][info][gc,phases,start] GC(175) Marking Phase
[14.570s][info][gc,phases      ] GC(175) Marking Phase 393.196ms
[14.570s][info][gc,phases,start] GC(175) Summary Phase
[14.570s][info][gc,phases      ] GC(175) Summary Phase 0.035ms
[14.570s][info][gc,phases,start] GC(175) Adjust Roots
[14.571s][info][gc,phases      ] GC(175) Adjust Roots 0.248ms
[14.571s][info][gc,phases,start] GC(175) Compaction Phase
[14.695s][info][gc,phases      ] GC(175) Compaction Phase 124.370ms
[14.695s][info][gc,phases,start] GC(175) Post Compact
[14.698s][info][gc,phases      ] GC(175) Post Compact 3.189ms
[14.698s][info][gc,heap        ] GC(175) PSYoungGen: 25593K(72192K)->25593K(72192K) Eden: 20991K(20992K)->20991K(20992K) From: 4601K(51200K)->4601K(51200K)
[14.698s][info][gc,heap        ] GC(175) ParOldGen: 1706694K(1707008K)->1706694K(1707008K)
[14.698s][info][gc,metaspace   ] GC(175) Metaspace: 6301K(6464K)->6301K(6464K) NonClass: 5768K(5824K)->5768K(5824K) Class: 533K(640K)->533K(640K)
[14.698s][info][gc             ] GC(175) Pause Full (Ergonomics) 1691M->1691M(1737M) 521.468ms
[14.698s][info][gc,cpu         ] GC(175) User=3.77s Sys=0.00s Real=0.52s
[14.699s][info][gc,start       ] GC(176) Pause Full (Ergonomics)
[14.699s][info][gc,phases,start] GC(176) Marking Phase
[15.103s][info][gc,phases      ] GC(176) Marking Phase 404.811ms
[15.104s][info][gc,phases,start] GC(176) Summary Phase
[15.104s][info][gc,phases      ] GC(176) Summary Phase 0.029ms
[15.104s][info][gc,phases,start] GC(176) Adjust Roots
[15.104s][info][gc,phases      ] GC(176) Adjust Roots 0.224ms
[15.104s][info][gc,phases,start] GC(176) Compaction Phase
[15.228s][info][gc,phases      ] GC(176) Compaction Phase 124.599ms
[15.228s][info][gc,phases,start] GC(176) Post Compact
[15.232s][info][gc,phases      ] GC(176) Post Compact 3.064ms
[15.232s][info][gc,heap        ] GC(176) PSYoungGen: 25593K(72192K)->25593K(72192K) Eden: 20991K(20992K)->20991K(20992K) From: 4601K(51200K)->4601K(51200K)
[15.232s][info][gc,heap        ] GC(176) ParOldGen: 1706699K(1707008K)->1706699K(1707008K)
[15.232s][info][gc,metaspace   ] GC(176) Metaspace: 6301K(6464K)->6301K(6464K) NonClass: 5768K(5824K)->5768K(5824K) Class: 533K(640K)->533K(640K)
[15.232s][info][gc             ] GC(176) Pause Full (Ergonomics) 1691M->1691M(1737M) 533.042ms
[15.232s][info][gc,cpu         ] GC(176) User=3.81s Sys=0.02s Real=0.53s
[15.232s][info][gc,start       ] GC(177) Pause Full (Ergonomics)
[15.232s][info][gc,phases,start] GC(177) Marking Phase
[15.632s][info][gc,phases      ] GC(177) Marking Phase 399.632ms
[15.632s][info][gc,phases,start] GC(177) Summary Phase
[15.632s][info][gc,phases      ] GC(177) Summary Phase 0.030ms
[15.632s][info][gc,phases,start] GC(177) Adjust Roots
[15.632s][info][gc,phases      ] GC(177) Adjust Roots 0.247ms
[15.632s][info][gc,phases,start] GC(177) Compaction Phase
[15.757s][info][gc,phases      ] GC(177) Compaction Phase 125.089ms
[15.757s][info][gc,phases,start] GC(177) Post Compact
[15.760s][info][gc,phases      ] GC(177) Post Compact 3.123ms
[15.760s][info][gc,heap        ] GC(177) PSYoungGen: 25593K(72192K)->25593K(72192K) Eden: 20991K(20992K)->20991K(20992K) From: 4601K(51200K)->4601K(51200K)
[15.760s][info][gc,heap        ] GC(177) ParOldGen: 1706704K(1707008K)->1706704K(1707008K)
[15.760s][info][gc,metaspace   ] GC(177) Metaspace: 6301K(6464K)->6301K(6464K) NonClass: 5768K(5824K)->5768K(5824K) Class: 533K(640K)->533K(640K)
[15.760s][info][gc             ] GC(177) Pause Full (Ergonomics) 1691M->1691M(1737M) 528.466ms
[15.760s][info][gc,cpu         ] GC(177) User=3.78s Sys=0.02s Real=0.53s
[15.761s][info][gc,start       ] GC(178) Pause Full (Ergonomics)
[15.761s][info][gc,phases,start] GC(178) Marking Phase
[16.148s][info][gc,phases      ] GC(178) Marking Phase 387.589ms
[16.148s][info][gc,phases,start] GC(178) Summary Phase
[16.148s][info][gc,phases      ] GC(178) Summary Phase 0.029ms
[16.148s][info][gc,phases,start] GC(178) Adjust Roots
[16.149s][info][gc,phases      ] GC(178) Adjust Roots 0.210ms
[16.149s][info][gc,phases,start] GC(178) Compaction Phase
[16.278s][info][gc,phases      ] GC(178) Compaction Phase 129.809ms
[16.279s][info][gc,phases,start] GC(178) Post Compact
[16.282s][info][gc,phases      ] GC(178) Post Compact 3.229ms
[16.282s][info][gc,heap        ] GC(178) PSYoungGen: 25593K(72192K)->25593K(72192K) Eden: 20991K(20992K)->20991K(20992K) From: 4601K(51200K)->4601K(51200K)
[16.282s][info][gc,heap        ] GC(178) ParOldGen: 1706708K(1707008K)->1706708K(1707008K)
[16.282s][info][gc,metaspace   ] GC(178) Metaspace: 6301K(6464K)->6301K(6464K) NonClass: 5768K(5824K)->5768K(5824K) Class: 533K(640K)->533K(640K)
[16.282s][info][gc             ] GC(178) Pause Full (Ergonomics) 1691M->1691M(1737M) 521.222ms
[16.282s][info][gc,cpu         ] GC(178) User=3.64s Sys=0.00s Real=0.52s
[16.282s][info][gc,start       ] GC(179) Pause Full (Ergonomics)
[16.282s][info][gc,phases,start] GC(179) Marking Phase
[16.668s][info][gc,phases      ] GC(179) Marking Phase 385.341ms
[16.668s][info][gc,phases,start] GC(179) Summary Phase
[16.668s][info][gc,phases      ] GC(179) Summary Phase 0.036ms
[16.668s][info][gc,phases,start] GC(179) Adjust Roots
[16.668s][info][gc,phases      ] GC(179) Adjust Roots 0.248ms
[16.668s][info][gc,phases,start] GC(179) Compaction Phase
[16.793s][info][gc,phases      ] GC(179) Compaction Phase 124.576ms
[16.793s][info][gc,phases,start] GC(179) Post Compact
[16.796s][info][gc,phases      ] GC(179) Post Compact 3.132ms
[16.796s][info][gc,heap        ] GC(179) PSYoungGen: 25593K(72192K)->25593K(72192K) Eden: 20991K(20992K)->20991K(20992K) From: 4601K(51200K)->4601K(51200K)
[16.796s][info][gc,heap        ] GC(179) ParOldGen: 1706713K(1707008K)->1706713K(1707008K)
[16.796s][info][gc,metaspace   ] GC(179) Metaspace: 6301K(6464K)->6301K(6464K) NonClass: 5768K(5824K)->5768K(5824K) Class: 533K(640K)->533K(640K)
[16.796s][info][gc             ] GC(179) Pause Full (Ergonomics) 1691M->1691M(1737M) 513.705ms
[16.796s][info][gc,cpu         ] GC(179) User=3.66s Sys=0.00s Real=0.51s
[16.796s][info][gc,start       ] GC(180) Pause Full (Ergonomics)
[16.796s][info][gc,phases,start] GC(180) Marking Phase
[17.192s][info][gc,phases      ] GC(180) Marking Phase 395.288ms
[17.192s][info][gc,phases,start] GC(180) Summary Phase
[17.192s][info][gc,phases      ] GC(180) Summary Phase 0.029ms
[17.192s][info][gc,phases,start] GC(180) Adjust Roots
[17.192s][info][gc,phases      ] GC(180) Adjust Roots 0.198ms
[17.192s][info][gc,phases,start] GC(180) Compaction Phase
[17.316s][info][gc,phases      ] GC(180) Compaction Phase 123.890ms
[17.316s][info][gc,phases,start] GC(180) Post Compact
[17.319s][info][gc,phases      ] GC(180) Post Compact 3.149ms
[17.319s][info][gc,heap        ] GC(180) PSYoungGen: 25593K(72192K)->25593K(72192K) Eden: 20991K(20992K)->20991K(20992K) From: 4601K(51200K)->4601K(51200K)
[17.319s][info][gc,heap        ] GC(180) ParOldGen: 1706718K(1707008K)->1706718K(1707008K)
[17.319s][info][gc,metaspace   ] GC(180) Metaspace: 6301K(6464K)->6301K(6464K) NonClass: 5768K(5824K)->5768K(5824K) Class: 533K(640K)->533K(640K)
[17.319s][info][gc             ] GC(180) Pause Full (Ergonomics) 1691M->1691M(1737M) 522.896ms
[17.319s][info][gc,cpu         ] GC(180) User=3.80s Sys=0.02s Real=0.52s
[17.319s][info][gc,start       ] GC(181) Pause Full (Ergonomics)
[17.320s][info][gc,phases,start] GC(181) Marking Phase
[17.716s][info][gc,phases      ] GC(181) Marking Phase 396.403ms
[17.716s][info][gc,phases,start] GC(181) Summary Phase
[17.716s][info][gc,phases      ] GC(181) Summary Phase 0.030ms
[17.716s][info][gc,phases,start] GC(181) Adjust Roots
[17.716s][info][gc,phases      ] GC(181) Adjust Roots 0.265ms
[17.716s][info][gc,phases,start] GC(181) Compaction Phase
[17.844s][info][gc,phases      ] GC(181) Compaction Phase 127.244ms
[17.844s][info][gc,phases,start] GC(181) Post Compact
[17.847s][info][gc,phases      ] GC(181) Post Compact 3.083ms
[17.847s][info][gc,heap        ] GC(181) PSYoungGen: 25593K(72192K)->25593K(72192K) Eden: 20991K(20992K)->20991K(20992K) From: 4601K(51200K)->4601K(51200K)
[17.847s][info][gc,heap        ] GC(181) ParOldGen: 1706722K(1707008K)->1706722K(1707008K)
[17.847s][info][gc,metaspace   ] GC(181) Metaspace: 6301K(6464K)->6301K(6464K) NonClass: 5768K(5824K)->5768K(5824K) Class: 533K(640K)->533K(640K)
[17.847s][info][gc             ] GC(181) Pause Full (Ergonomics) 1691M->1691M(1737M) 527.360ms
[17.847s][info][gc,cpu         ] GC(181) User=3.66s Sys=0.02s Real=0.53s
[17.847s][info][gc,start       ] GC(182) Pause Full (Ergonomics)
[17.847s][info][gc,phases,start] GC(182) Marking Phase
[18.246s][info][gc,phases      ] GC(182) Marking Phase 398.828ms
[18.246s][info][gc,phases,start] GC(182) Summary Phase
[18.246s][info][gc,phases      ] GC(182) Summary Phase 0.031ms
[18.246s][info][gc,phases,start] GC(182) Adjust Roots
[18.246s][info][gc,phases      ] GC(182) Adjust Roots 0.332ms
[18.246s][info][gc,phases,start] GC(182) Compaction Phase
[18.375s][info][gc,phases      ] GC(182) Compaction Phase 128.320ms
[18.375s][info][gc,phases,start] GC(182) Post Compact
[18.378s][info][gc,phases      ] GC(182) Post Compact 3.059ms
[18.378s][info][gc,heap        ] GC(182) PSYoungGen: 25593K(72192K)->25593K(72192K) Eden: 20991K(20992K)->20991K(20992K) From: 4601K(51200K)->4601K(51200K)
[18.378s][info][gc,heap        ] GC(182) ParOldGen: 1706727K(1707008K)->1706727K(1707008K)
[18.378s][info][gc,metaspace   ] GC(182) Metaspace: 6301K(6464K)->6301K(6464K) NonClass: 5768K(5824K)->5768K(5824K) Class: 533K(640K)->533K(640K)
[18.378s][info][gc             ] GC(182) Pause Full (Ergonomics) 1691M->1691M(1737M) 530.898ms
[18.378s][info][gc,cpu         ] GC(182) User=3.80s Sys=0.00s Real=0.53s
[18.378s][info][gc,start       ] GC(183) Pause Full (Ergonomics)
[18.378s][info][gc,phases,start] GC(183) Marking Phase
[18.775s][info][gc,phases      ] GC(183) Marking Phase 396.485ms
[18.775s][info][gc,phases,start] GC(183) Summary Phase
[18.775s][info][gc,phases      ] GC(183) Summary Phase 0.045ms
[18.775s][info][gc,phases,start] GC(183) Adjust Roots
[18.775s][info][gc,phases      ] GC(183) Adjust Roots 0.304ms
[18.775s][info][gc,phases,start] GC(183) Compaction Phase
[18.904s][info][gc,phases      ] GC(183) Compaction Phase 128.401ms
[18.904s][info][gc,phases,start] GC(183) Post Compact
[18.907s][info][gc,phases      ] GC(183) Post Compact 3.223ms
[18.907s][info][gc,heap        ] GC(183) PSYoungGen: 25593K(72192K)->25593K(72192K) Eden: 20991K(20992K)->20991K(20992K) From: 4601K(51200K)->4601K(51200K)
[18.907s][info][gc,heap        ] GC(183) ParOldGen: 1706732K(1707008K)->1706732K(1707008K)
[18.907s][info][gc,metaspace   ] GC(183) Metaspace: 6301K(6464K)->6301K(6464K) NonClass: 5768K(5824K)->5768K(5824K) Class: 533K(640K)->533K(640K)
[18.907s][info][gc             ] GC(183) Pause Full (Ergonomics) 1691M->1691M(1737M) 528.880ms
[18.907s][info][gc,cpu         ] GC(183) User=3.78s Sys=0.00s Real=0.53s
[18.908s][info][gc,start       ] GC(184) Pause Full (Ergonomics)
[18.908s][info][gc,phases,start] GC(184) Marking Phase
[19.298s][info][gc,phases      ] GC(184) Marking Phase 390.850ms
[19.299s][info][gc,phases,start] GC(184) Summary Phase
[19.299s][info][gc,phases      ] GC(184) Summary Phase 0.029ms
[19.299s][info][gc,phases,start] GC(184) Adjust Roots
[19.299s][info][gc,phases      ] GC(184) Adjust Roots 0.220ms
[19.299s][info][gc,phases,start] GC(184) Compaction Phase
[19.428s][info][gc,phases      ] GC(184) Compaction Phase 128.847ms
[19.428s][info][gc,phases,start] GC(184) Post Compact
[19.431s][info][gc,phases      ] GC(184) Post Compact 3.204ms
[19.431s][info][gc,heap        ] GC(184) PSYoungGen: 25593K(72192K)->25593K(72192K) Eden: 20991K(20992K)->20991K(20992K) From: 4601K(51200K)->4601K(51200K)
[19.431s][info][gc,heap        ] GC(184) ParOldGen: 1706736K(1707008K)->1706736K(1707008K)
[19.431s][info][gc,metaspace   ] GC(184) Metaspace: 6301K(6464K)->6301K(6464K) NonClass: 5768K(5824K)->5768K(5824K) Class: 533K(640K)->533K(640K)
[19.431s][info][gc             ] GC(184) Pause Full (Ergonomics) 1691M->1691M(1737M) 523.575ms
[19.431s][info][gc,cpu         ] GC(184) User=3.81s Sys=0.00s Real=0.52s
[19.431s][info][gc,start       ] GC(185) Pause Full (Ergonomics)
[19.432s][info][gc,phases,start] GC(185) Marking Phase
[19.827s][info][gc,phases      ] GC(185) Marking Phase 395.664ms
[19.827s][info][gc,phases,start] GC(185) Summary Phase
[19.827s][info][gc,phases      ] GC(185) Summary Phase 0.030ms
[19.827s][info][gc,phases,start] GC(185) Adjust Roots
[19.827s][info][gc,phases      ] GC(185) Adjust Roots 0.223ms
[19.828s][info][gc,phases,start] GC(185) Compaction Phase
[19.955s][info][gc,phases      ] GC(185) Compaction Phase 127.695ms
[19.955s][info][gc,phases,start] GC(185) Post Compact
[19.958s][info][gc,phases      ] GC(185) Post Compact 3.061ms
[19.958s][info][gc,heap        ] GC(185) PSYoungGen: 25593K(72192K)->25593K(72192K) Eden: 20991K(20992K)->20991K(20992K) From: 4601K(51200K)->4601K(51200K)
[19.958s][info][gc,heap        ] GC(185) ParOldGen: 1706741K(1707008K)->1706741K(1707008K)
[19.958s][info][gc,metaspace   ] GC(185) Metaspace: 6301K(6464K)->6301K(6464K) NonClass: 5768K(5824K)->5768K(5824K) Class: 533K(640K)->533K(640K)
[19.958s][info][gc             ] GC(185) Pause Full (Ergonomics) 1691M->1691M(1737M) 527.005ms
[19.959s][info][gc,cpu         ] GC(185) User=3.64s Sys=0.00s Real=0.53s
[19.959s][info][gc,start       ] GC(186) Pause Full (Ergonomics)
[19.959s][info][gc,phases,start] GC(186) Marking Phase
[20.350s][info][gc,phases      ] GC(186) Marking Phase 391.119ms
[20.350s][info][gc,phases,start] GC(186) Summary Phase
[20.350s][info][gc,phases      ] GC(186) Summary Phase 0.029ms
[20.350s][info][gc,phases,start] GC(186) Adjust Roots
[20.350s][info][gc,phases      ] GC(186) Adjust Roots 0.203ms
[20.350s][info][gc,phases,start] GC(186) Compaction Phase
[20.478s][info][gc,phases      ] GC(186) Compaction Phase 128.240ms
[20.479s][info][gc,phases,start] GC(186) Post Compact
[20.482s][info][gc,phases      ] GC(186) Post Compact 3.051ms
[20.482s][info][gc,heap        ] GC(186) PSYoungGen: 25593K(72192K)->25593K(72192K) Eden: 20991K(20992K)->20991K(20992K) From: 4601K(51200K)->4601K(51200K)
[20.482s][info][gc,heap        ] GC(186) ParOldGen: 1706746K(1707008K)->1706746K(1707008K)
[20.482s][info][gc,metaspace   ] GC(186) Metaspace: 6301K(6464K)->6301K(6464K) NonClass: 5768K(5824K)->5768K(5824K) Class: 533K(640K)->533K(640K)
[20.482s][info][gc             ] GC(186) Pause Full (Ergonomics) 1691M->1691M(1737M) 522.971ms
[20.482s][info][gc,cpu         ] GC(186) User=3.81s Sys=0.02s Real=0.52s
[20.482s][info][gc,start       ] GC(187) Pause Full (Ergonomics)
[20.482s][info][gc,phases,start] GC(187) Marking Phase
[20.877s][info][gc,phases      ] GC(187) Marking Phase 395.028ms
[20.877s][info][gc,phases,start] GC(187) Summary Phase
[20.877s][info][gc,phases      ] GC(187) Summary Phase 0.029ms
[20.877s][info][gc,phases,start] GC(187) Adjust Roots
[20.877s][info][gc,phases      ] GC(187) Adjust Roots 0.221ms
[20.877s][info][gc,phases,start] GC(187) Compaction Phase
[21.007s][info][gc,phases      ] GC(187) Compaction Phase 129.779ms
[21.007s][info][gc,phases,start] GC(187) Post Compact
[21.011s][info][gc,phases      ] GC(187) Post Compact 3.315ms
[21.011s][info][gc,heap        ] GC(187) PSYoungGen: 25593K(72192K)->25593K(72192K) Eden: 20991K(20992K)->20991K(20992K) From: 4601K(51200K)->4601K(51200K)
[21.011s][info][gc,heap        ] GC(187) ParOldGen: 1706750K(1707008K)->1706750K(1707008K)
[21.011s][info][gc,metaspace   ] GC(187) Metaspace: 6301K(6464K)->6301K(6464K) NonClass: 5768K(5824K)->5768K(5824K) Class: 533K(640K)->533K(640K)
[21.011s][info][gc             ] GC(187) Pause Full (Ergonomics) 1691M->1691M(1737M) 528.728ms
[21.011s][info][gc,cpu         ] GC(187) User=3.78s Sys=0.03s Real=0.53s
[21.011s][info][gc,start       ] GC(188) Pause Full (Ergonomics)
[21.011s][info][gc,phases,start] GC(188) Marking Phase
[21.391s][info][gc,phases      ] GC(188) Marking Phase 380.037ms
[21.391s][info][gc,phases,start] GC(188) Summary Phase
[21.391s][info][gc,phases      ] GC(188) Summary Phase 0.029ms
[21.391s][info][gc,phases,start] GC(188) Adjust Roots
[21.391s][info][gc,phases      ] GC(188) Adjust Roots 0.202ms
[21.391s][info][gc,phases,start] GC(188) Compaction Phase
[21.518s][info][gc,phases      ] GC(188) Compaction Phase 126.523ms
[21.518s][info][gc,phases,start] GC(188) Post Compact
[21.521s][info][gc,phases      ] GC(188) Post Compact 3.305ms
[21.521s][info][gc,heap        ] GC(188) PSYoungGen: 25593K(72192K)->25593K(72192K) Eden: 20991K(20992K)->20991K(20992K) From: 4601K(51200K)->4601K(51200K)
[21.521s][info][gc,heap        ] GC(188) ParOldGen: 1706755K(1707008K)->1706755K(1707008K)
[21.521s][info][gc,metaspace   ] GC(188) Metaspace: 6301K(6464K)->6301K(6464K) NonClass: 5768K(5824K)->5768K(5824K) Class: 533K(640K)->533K(640K)
[21.522s][info][gc             ] GC(188) Pause Full (Ergonomics) 1691M->1691M(1737M) 510.434ms
[21.522s][info][gc,cpu         ] GC(188) User=3.59s Sys=0.02s Real=0.51s
[21.522s][info][gc,start       ] GC(189) Pause Full (Ergonomics)
[21.522s][info][gc,phases,start] GC(189) Marking Phase
[21.915s][info][gc,phases      ] GC(189) Marking Phase 392.947ms
[21.915s][info][gc,phases,start] GC(189) Summary Phase
[21.915s][info][gc,phases      ] GC(189) Summary Phase 0.043ms
[21.915s][info][gc,phases,start] GC(189) Adjust Roots
[21.915s][info][gc,phases      ] GC(189) Adjust Roots 0.271ms
[21.915s][info][gc,phases,start] GC(189) Compaction Phase
[22.040s][info][gc,phases      ] GC(189) Compaction Phase 125.213ms
[22.041s][info][gc,phases,start] GC(189) Post Compact
[22.044s][info][gc,phases      ] GC(189) Post Compact 3.214ms
[22.044s][info][gc,heap        ] GC(189) PSYoungGen: 25593K(72192K)->25593K(72192K) Eden: 20991K(20992K)->20991K(20992K) From: 4601K(51200K)->4601K(51200K)
[22.044s][info][gc,heap        ] GC(189) ParOldGen: 1706760K(1707008K)->1706760K(1707008K)
[22.044s][info][gc,metaspace   ] GC(189) Metaspace: 6301K(6464K)->6301K(6464K) NonClass: 5768K(5824K)->5768K(5824K) Class: 533K(640K)->533K(640K)
[22.044s][info][gc             ] GC(189) Pause Full (Ergonomics) 1691M->1691M(1737M) 522.080ms
[22.044s][info][gc,cpu         ] GC(189) User=3.77s Sys=0.02s Real=0.52s
[22.044s][info][gc,start       ] GC(190) Pause Full (Ergonomics)
[22.044s][info][gc,phases,start] GC(190) Marking Phase
[22.431s][info][gc,phases      ] GC(190) Marking Phase 386.764ms
[22.431s][info][gc,phases,start] GC(190) Summary Phase
[22.431s][info][gc,phases      ] GC(190) Summary Phase 0.029ms
[22.431s][info][gc,phases,start] GC(190) Adjust Roots
[22.431s][info][gc,phases      ] GC(190) Adjust Roots 0.214ms
[22.431s][info][gc,phases,start] GC(190) Compaction Phase
[22.557s][info][gc,phases      ] GC(190) Compaction Phase 125.848ms
[22.557s][info][gc,phases,start] GC(190) Post Compact
[22.560s][info][gc,phases      ] GC(190) Post Compact 3.077ms
[22.560s][info][gc,heap        ] GC(190) PSYoungGen: 25593K(72192K)->25593K(72192K) Eden: 20991K(20992K)->20991K(20992K) From: 4601K(51200K)->4601K(51200K)
[22.560s][info][gc,heap        ] GC(190) ParOldGen: 1706764K(1707008K)->1706764K(1707008K)
[22.560s][info][gc,metaspace   ] GC(190) Metaspace: 6301K(6464K)->6301K(6464K) NonClass: 5768K(5824K)->5768K(5824K) Class: 533K(640K)->533K(640K)
[22.561s][info][gc             ] GC(190) Pause Full (Ergonomics) 1691M->1691M(1737M) 516.261ms
[22.561s][info][gc,cpu         ] GC(190) User=3.73s Sys=0.03s Real=0.52s
[22.561s][info][gc,start       ] GC(191) Pause Full (Ergonomics)
[22.561s][info][gc,phases,start] GC(191) Marking Phase
[22.950s][info][gc,phases      ] GC(191) Marking Phase 389.296ms
[22.950s][info][gc,phases,start] GC(191) Summary Phase
[22.950s][info][gc,phases      ] GC(191) Summary Phase 0.029ms
[22.950s][info][gc,phases,start] GC(191) Adjust Roots
[22.950s][info][gc,phases      ] GC(191) Adjust Roots 0.220ms
[22.950s][info][gc,phases,start] GC(191) Compaction Phase
[23.083s][info][gc,phases      ] GC(191) Compaction Phase 132.295ms
[23.083s][info][gc,phases,start] GC(191) Post Compact
[23.086s][info][gc,phases      ] GC(191) Post Compact 3.068ms
[23.086s][info][gc,heap        ] GC(191) PSYoungGen: 25593K(72192K)->25593K(72192K) Eden: 20991K(20992K)->20991K(20992K) From: 4601K(51200K)->4601K(51200K)
[23.086s][info][gc,heap        ] GC(191) ParOldGen: 1706769K(1707008K)->1706769K(1707008K)
[23.086s][info][gc,metaspace   ] GC(191) Metaspace: 6301K(6464K)->6301K(6464K) NonClass: 5768K(5824K)->5768K(5824K) Class: 533K(640K)->533K(640K)
[23.086s][info][gc             ] GC(191) Pause Full (Ergonomics) 1691M->1691M(1737M) 525.254ms
[23.086s][info][gc,cpu         ] GC(191) User=3.67s Sys=0.05s Real=0.52s
[23.086s][info][gc,start       ] GC(192) Pause Full (Ergonomics)
[23.086s][info][gc,phases,start] GC(192) Marking Phase
[23.479s][info][gc,phases      ] GC(192) Marking Phase 392.325ms
[23.479s][info][gc,phases,start] GC(192) Summary Phase
[23.479s][info][gc,phases      ] GC(192) Summary Phase 0.029ms
[23.479s][info][gc,phases,start] GC(192) Adjust Roots
[23.479s][info][gc,phases      ] GC(192) Adjust Roots 0.206ms
[23.479s][info][gc,phases,start] GC(192) Compaction Phase
[23.608s][info][gc,phases      ] GC(192) Compaction Phase 129.049ms
[23.608s][info][gc,phases,start] GC(192) Post Compact
[23.611s][info][gc,phases      ] GC(192) Post Compact 3.227ms
[23.611s][info][gc,heap        ] GC(192) PSYoungGen: 25593K(72192K)->25593K(72192K) Eden: 20991K(20992K)->20991K(20992K) From: 4601K(51200K)->4601K(51200K)
[23.612s][info][gc,heap        ] GC(192) ParOldGen: 1706774K(1707008K)->1706774K(1707008K)
[23.612s][info][gc,metaspace   ] GC(192) Metaspace: 6301K(6464K)->6301K(6464K) NonClass: 5768K(5824K)->5768K(5824K) Class: 533K(640K)->533K(640K)
[23.612s][info][gc             ] GC(192) Pause Full (Ergonomics) 1691M->1691M(1737M) 525.202ms
[23.612s][info][gc,cpu         ] GC(192) User=3.64s Sys=0.00s Real=0.53s
[23.612s][info][gc,start       ] GC(193) Pause Full (Ergonomics)
[23.612s][info][gc,phases,start] GC(193) Marking Phase
[24.010s][info][gc,phases      ] GC(193) Marking Phase 398.550ms
[24.010s][info][gc,phases,start] GC(193) Summary Phase
[24.011s][info][gc,phases      ] GC(193) Summary Phase 0.034ms
[24.011s][info][gc,phases,start] GC(193) Adjust Roots
[24.011s][info][gc,phases      ] GC(193) Adjust Roots 0.250ms
[24.011s][info][gc,phases,start] GC(193) Compaction Phase
[24.141s][info][gc,phases      ] GC(193) Compaction Phase 130.205ms
[24.141s][info][gc,phases,start] GC(193) Post Compact
[24.144s][info][gc,phases      ] GC(193) Post Compact 3.049ms
[24.144s][info][gc,heap        ] GC(193) PSYoungGen: 25593K(72192K)->25593K(72192K) Eden: 20991K(20992K)->20991K(20992K) From: 4601K(51200K)->4601K(51200K)
[24.144s][info][gc,heap        ] GC(193) ParOldGen: 1706778K(1707008K)->1706778K(1707008K)
[24.144s][info][gc,metaspace   ] GC(193) Metaspace: 6301K(6464K)->6301K(6464K) NonClass: 5768K(5824K)->5768K(5824K) Class: 533K(640K)->533K(640K)
[24.144s][info][gc             ] GC(193) Pause Full (Ergonomics) 1691M->1691M(1737M) 532.434ms
[24.144s][info][gc,cpu         ] GC(193) User=3.80s Sys=0.00s Real=0.53s
[24.145s][info][gc,start       ] GC(194) Pause Full (Ergonomics)
[24.145s][info][gc,phases,start] GC(194) Marking Phase
[24.543s][info][gc,phases      ] GC(194) Marking Phase 398.438ms
[24.543s][info][gc,phases,start] GC(194) Summary Phase
[24.543s][info][gc,phases      ] GC(194) Summary Phase 0.028ms
[24.543s][info][gc,phases,start] GC(194) Adjust Roots
[24.543s][info][gc,phases      ] GC(194) Adjust Roots 0.196ms
[24.543s][info][gc,phases,start] GC(194) Compaction Phase
[24.672s][info][gc,phases      ] GC(194) Compaction Phase 128.855ms
[24.672s][info][gc,phases,start] GC(194) Post Compact
[24.676s][info][gc,phases      ] GC(194) Post Compact 3.232ms
[24.676s][info][gc,heap        ] GC(194) PSYoungGen: 25593K(72192K)->25593K(72192K) Eden: 20991K(20992K)->20991K(20992K) From: 4601K(51200K)->4601K(51200K)
[24.676s][info][gc,heap        ] GC(194) ParOldGen: 1706783K(1707008K)->1706783K(1707008K)
[24.676s][info][gc,metaspace   ] GC(194) Metaspace: 6301K(6464K)->6301K(6464K) NonClass: 5768K(5824K)->5768K(5824K) Class: 533K(640K)->533K(640K)
[24.676s][info][gc             ] GC(194) Pause Full (Ergonomics) 1691M->1691M(1737M) 531.133ms
[24.676s][info][gc,cpu         ] GC(194) User=3.78s Sys=0.03s Real=0.53s
[24.676s][info][gc,start       ] GC(195) Pause Full (Ergonomics)
[24.676s][info][gc,phases,start] GC(195) Marking Phase
[25.071s][info][gc,phases      ] GC(195) Marking Phase 394.583ms
[25.071s][info][gc,phases,start] GC(195) Summary Phase
[25.071s][info][gc,phases      ] GC(195) Summary Phase 0.030ms
[25.071s][info][gc,phases,start] GC(195) Adjust Roots
[25.071s][info][gc,phases      ] GC(195) Adjust Roots 0.213ms
[25.071s][info][gc,phases,start] GC(195) Compaction Phase
[25.203s][info][gc,phases      ] GC(195) Compaction Phase 131.614ms
[25.203s][info][gc,phases,start] GC(195) Post Compact
[25.206s][info][gc,phases      ] GC(195) Post Compact 3.215ms
[25.206s][info][gc,heap        ] GC(195) PSYoungGen: 25593K(72192K)->25593K(72192K) Eden: 20991K(20992K)->20991K(20992K) From: 4601K(51200K)->4601K(51200K)
[25.206s][info][gc,heap        ] GC(195) ParOldGen: 1706788K(1707008K)->1706788K(1707008K)
[25.206s][info][gc,metaspace   ] GC(195) Metaspace: 6301K(6464K)->6301K(6464K) NonClass: 5768K(5824K)->5768K(5824K) Class: 533K(640K)->533K(640K)
[25.206s][info][gc             ] GC(195) Pause Full (Ergonomics) 1691M->1691M(1737M) 530.028ms
[25.206s][info][gc,cpu         ] GC(195) User=3.80s Sys=0.00s Real=0.53s
[25.206s][info][gc,start       ] GC(196) Pause Full (Ergonomics)
[25.207s][info][gc,phases,start] GC(196) Marking Phase
[25.592s][info][gc,phases      ] GC(196) Marking Phase 385.343ms
[25.592s][info][gc,phases,start] GC(196) Summary Phase
[25.592s][info][gc,phases      ] GC(196) Summary Phase 0.029ms
[25.592s][info][gc,phases,start] GC(196) Adjust Roots
[25.592s][info][gc,phases      ] GC(196) Adjust Roots 0.203ms
[25.592s][info][gc,phases,start] GC(196) Compaction Phase
[25.726s][info][gc,phases      ] GC(196) Compaction Phase 133.623ms
[25.726s][info][gc,phases,start] GC(196) Post Compact
[25.729s][info][gc,phases      ] GC(196) Post Compact 3.070ms
[25.729s][info][gc,heap        ] GC(196) PSYoungGen: 25593K(72192K)->25593K(72192K) Eden: 20991K(20992K)->20991K(20992K) From: 4601K(51200K)->4601K(51200K)
[25.729s][info][gc,heap        ] GC(196) ParOldGen: 1706792K(1707008K)->1706792K(1707008K)
[25.729s][info][gc,metaspace   ] GC(196) Metaspace: 6301K(6464K)->6301K(6464K) NonClass: 5768K(5824K)->5768K(5824K) Class: 533K(640K)->533K(640K)
[25.729s][info][gc             ] GC(196) Pause Full (Ergonomics) 1691M->1691M(1737M) 522.584ms
[25.729s][info][gc,cpu         ] GC(196) User=3.77s Sys=0.02s Real=0.52s
[25.729s][info][gc,start       ] GC(197) Pause Full (Ergonomics)
[25.729s][info][gc,phases,start] GC(197) Marking Phase
[26.125s][info][gc,phases      ] GC(197) Marking Phase 396.005ms
[26.125s][info][gc,phases,start] GC(197) Summary Phase
[26.125s][info][gc,phases      ] GC(197) Summary Phase 0.030ms
[26.125s][info][gc,phases,start] GC(197) Adjust Roots
[26.126s][info][gc,phases      ] GC(197) Adjust Roots 0.207ms
[26.126s][info][gc,phases,start] GC(197) Compaction Phase
[26.256s][info][gc,phases      ] GC(197) Compaction Phase 130.220ms
[26.256s][info][gc,phases,start] GC(197) Post Compact
[26.259s][info][gc,phases      ] GC(197) Post Compact 3.062ms
[26.259s][info][gc,heap        ] GC(197) PSYoungGen: 25593K(72192K)->25593K(72192K) Eden: 20991K(20992K)->20991K(20992K) From: 4601K(51200K)->4601K(51200K)
[26.259s][info][gc,heap        ] GC(197) ParOldGen: 1706797K(1707008K)->1706797K(1707008K)
[26.259s][info][gc,metaspace   ] GC(197) Metaspace: 6301K(6464K)->6301K(6464K) NonClass: 5768K(5824K)->5768K(5824K) Class: 533K(640K)->533K(640K)
[26.259s][info][gc             ] GC(197) Pause Full (Ergonomics) 1691M->1691M(1737M) 529.866ms
[26.259s][info][gc,cpu         ] GC(197) User=3.58s Sys=0.03s Real=0.53s
[26.260s][info][gc,start       ] GC(198) Pause Full (Ergonomics)
[26.260s][info][gc,phases,start] GC(198) Marking Phase
[26.649s][info][gc,phases      ] GC(198) Marking Phase 389.656ms
[26.649s][info][gc,phases,start] GC(198) Summary Phase
[26.649s][info][gc,phases      ] GC(198) Summary Phase 0.029ms
[26.649s][info][gc,phases,start] GC(198) Adjust Roots
[26.650s][info][gc,phases      ] GC(198) Adjust Roots 0.197ms
[26.650s][info][gc,phases,start] GC(198) Compaction Phase
[26.778s][info][gc,phases      ] GC(198) Compaction Phase 128.349ms
[26.778s][info][gc,phases,start] GC(198) Post Compact
[26.781s][info][gc,phases      ] GC(198) Post Compact 3.241ms
[26.781s][info][gc,heap        ] GC(198) PSYoungGen: 25593K(72192K)->25593K(72192K) Eden: 20991K(20992K)->20991K(20992K) From: 4601K(51200K)->4601K(51200K)
[26.781s][info][gc,heap        ] GC(198) ParOldGen: 1706802K(1707008K)->1706802K(1707008K)
[26.781s][info][gc,metaspace   ] GC(198) Metaspace: 6301K(6464K)->6301K(6464K) NonClass: 5768K(5824K)->5768K(5824K) Class: 533K(640K)->533K(640K)
[26.781s][info][gc             ] GC(198) Pause Full (Ergonomics) 1691M->1691M(1737M) 521.837ms
[26.781s][info][gc,cpu         ] GC(198) User=3.50s Sys=0.02s Real=0.52s
[26.782s][info][gc,start       ] GC(199) Pause Full (Ergonomics)
[26.782s][info][gc,phases,start] GC(199) Marking Phase
[27.181s][info][gc,phases      ] GC(199) Marking Phase 399.714ms
[27.181s][info][gc,phases,start] GC(199) Summary Phase
[27.181s][info][gc,phases      ] GC(199) Summary Phase 0.041ms
[27.182s][info][gc,phases,start] GC(199) Adjust Roots
[27.182s][info][gc,phases      ] GC(199) Adjust Roots 0.256ms
[27.182s][info][gc,phases,start] GC(199) Compaction Phase
[27.312s][info][gc,phases      ] GC(199) Compaction Phase 129.919ms
[27.312s][info][gc,phases,start] GC(199) Post Compact
[27.315s][info][gc,phases      ] GC(199) Post Compact 3.064ms
[27.315s][info][gc,heap        ] GC(199) PSYoungGen: 25593K(72192K)->25593K(72192K) Eden: 20991K(20992K)->20991K(20992K) From: 4601K(51200K)->4601K(51200K)
[27.315s][info][gc,heap        ] GC(199) ParOldGen: 1706806K(1707008K)->1706806K(1707008K)
[27.315s][info][gc,metaspace   ] GC(199) Metaspace: 6301K(6464K)->6301K(6464K) NonClass: 5768K(5824K)->5768K(5824K) Class: 533K(640K)->533K(640K)
[27.315s][info][gc             ] GC(199) Pause Full (Ergonomics) 1691M->1691M(1737M) 533.349ms
[27.315s][info][gc,cpu         ] GC(199) User=3.78s Sys=0.05s Real=0.53s
[27.315s][info][gc,start       ] GC(200) Pause Full (Ergonomics)
[27.315s][info][gc,phases,start] GC(200) Marking Phase
[27.711s][info][gc,phases      ] GC(200) Marking Phase 395.825ms
[27.711s][info][gc,phases,start] GC(200) Summary Phase
[27.711s][info][gc,phases      ] GC(200) Summary Phase 0.029ms
[27.711s][info][gc,phases,start] GC(200) Adjust Roots
[27.711s][info][gc,phases      ] GC(200) Adjust Roots 0.200ms
[27.711s][info][gc,phases,start] GC(200) Compaction Phase
[27.844s][info][gc,phases      ] GC(200) Compaction Phase 132.773ms
[27.844s][info][gc,phases,start] GC(200) Post Compact
[27.848s][info][gc,phases      ] GC(200) Post Compact 3.256ms
[27.848s][info][gc,heap        ] GC(200) PSYoungGen: 25593K(72192K)->25593K(72192K) Eden: 20991K(20992K)->20991K(20992K) From: 4601K(51200K)->4601K(51200K)
[27.848s][info][gc,heap        ] GC(200) ParOldGen: 1706811K(1707008K)->1706811K(1707008K)
[27.848s][info][gc,metaspace   ] GC(200) Metaspace: 6301K(6464K)->6301K(6464K) NonClass: 5768K(5824K)->5768K(5824K) Class: 533K(640K)->533K(640K)
[27.848s][info][gc             ] GC(200) Pause Full (Ergonomics) 1691M->1691M(1737M) 532.453ms
[27.848s][info][gc,cpu         ] GC(200) User=3.81s Sys=0.00s Real=0.53s
[27.848s][info][gc,start       ] GC(201) Pause Full (Ergonomics)
[27.848s][info][gc,phases,start] GC(201) Marking Phase
[28.239s][info][gc,phases      ] GC(201) Marking Phase 390.998ms
[28.239s][info][gc,phases,start] GC(201) Summary Phase
[28.239s][info][gc,phases      ] GC(201) Summary Phase 0.037ms
[28.239s][info][gc,phases,start] GC(201) Adjust Roots
[28.239s][info][gc,phases      ] GC(201) Adjust Roots 0.254ms
[28.240s][info][gc,phases,start] GC(201) Compaction Phase
[28.367s][info][gc,phases      ] GC(201) Compaction Phase 127.640ms
[28.367s][info][gc,phases,start] GC(201) Post Compact
[28.370s][info][gc,phases      ] GC(201) Post Compact 3.214ms
[28.371s][info][gc,heap        ] GC(201) PSYoungGen: 25593K(72192K)->25593K(72192K) Eden: 20991K(20992K)->20991K(20992K) From: 4601K(51200K)->4601K(51200K)
[28.371s][info][gc,heap        ] GC(201) ParOldGen: 1706816K(1707008K)->1706816K(1707008K)
[28.371s][info][gc,metaspace   ] GC(201) Metaspace: 6301K(6464K)->6301K(6464K) NonClass: 5768K(5824K)->5768K(5824K) Class: 533K(640K)->533K(640K)
[28.371s][info][gc             ] GC(201) Pause Full (Ergonomics) 1691M->1691M(1737M) 522.522ms
[28.371s][info][gc,cpu         ] GC(201) User=3.86s Sys=0.02s Real=0.52s
[28.371s][info][gc,start       ] GC(202) Pause Full (Ergonomics)
[28.371s][info][gc,phases,start] GC(202) Marking Phase
[28.767s][info][gc,phases      ] GC(202) Marking Phase 395.634ms
[28.767s][info][gc,phases,start] GC(202) Summary Phase
[28.767s][info][gc,phases      ] GC(202) Summary Phase 0.030ms
[28.767s][info][gc,phases,start] GC(202) Adjust Roots
[28.767s][info][gc,phases      ] GC(202) Adjust Roots 0.211ms
[28.767s][info][gc,phases,start] GC(202) Compaction Phase
[28.904s][info][gc,phases      ] GC(202) Compaction Phase 137.153ms
[28.904s][info][gc,phases,start] GC(202) Post Compact
[28.907s][info][gc,phases      ] GC(202) Post Compact 3.228ms
[28.907s][info][gc,heap        ] GC(202) PSYoungGen: 25593K(72192K)->25593K(72192K) Eden: 20991K(20992K)->20991K(20992K) From: 4601K(51200K)->4601K(51200K)
[28.907s][info][gc,heap        ] GC(202) ParOldGen: 1706820K(1707008K)->1706820K(1707008K)
[28.908s][info][gc,metaspace   ] GC(202) Metaspace: 6301K(6464K)->6301K(6464K) NonClass: 5768K(5824K)->5768K(5824K) Class: 533K(640K)->533K(640K)
[28.908s][info][gc             ] GC(202) Pause Full (Ergonomics) 1691M->1691M(1737M) 536.613ms
[28.908s][info][gc,cpu         ] GC(202) User=3.66s Sys=0.02s Real=0.54s
[28.908s][info][gc,start       ] GC(203) Pause Full (Ergonomics)
[28.908s][info][gc,phases,start] GC(203) Marking Phase
[29.302s][info][gc,phases      ] GC(203) Marking Phase 394.129ms
[29.302s][info][gc,phases,start] GC(203) Summary Phase
[29.302s][info][gc,phases      ] GC(203) Summary Phase 0.031ms
[29.302s][info][gc,phases,start] GC(203) Adjust Roots
[29.302s][info][gc,phases      ] GC(203) Adjust Roots 0.291ms
[29.302s][info][gc,phases,start] GC(203) Compaction Phase
[29.431s][info][gc,phases      ] GC(203) Compaction Phase 128.391ms
[29.431s][info][gc,phases,start] GC(203) Post Compact
[29.434s][info][gc,phases      ] GC(203) Post Compact 3.322ms
[29.434s][info][gc,heap        ] GC(203) PSYoungGen: 25593K(72192K)->25593K(72192K) Eden: 20991K(20992K)->20991K(20992K) From: 4601K(51200K)->4601K(51200K)
[29.434s][info][gc,heap        ] GC(203) ParOldGen: 1706825K(1707008K)->1706825K(1707008K)
[29.434s][info][gc,metaspace   ] GC(203) Metaspace: 6301K(6464K)->6301K(6464K) NonClass: 5768K(5824K)->5768K(5824K) Class: 533K(640K)->533K(640K)
[29.434s][info][gc             ] GC(203) Pause Full (Ergonomics) 1691M->1691M(1737M) 526.545ms
[29.434s][info][gc,cpu         ] GC(203) User=3.84s Sys=0.06s Real=0.53s
[29.435s][info][gc,start       ] GC(204) Pause Full (Ergonomics)
[29.435s][info][gc,phases,start] GC(204) Marking Phase
[29.835s][info][gc,phases      ] GC(204) Marking Phase 400.315ms
[29.835s][info][gc,phases,start] GC(204) Summary Phase
[29.835s][info][gc,phases      ] GC(204) Summary Phase 0.029ms
[29.835s][info][gc,phases,start] GC(204) Adjust Roots
[29.835s][info][gc,phases      ] GC(204) Adjust Roots 0.201ms
[29.835s][info][gc,phases,start] GC(204) Compaction Phase
[29.962s][info][gc,phases      ] GC(204) Compaction Phase 126.513ms
[29.962s][info][gc,phases,start] GC(204) Post Compact
[29.965s][info][gc,phases      ] GC(204) Post Compact 3.100ms
[29.965s][info][gc,heap        ] GC(204) PSYoungGen: 25593K(72192K)->25593K(72192K) Eden: 20991K(20992K)->20991K(20992K) From: 4601K(51200K)->4601K(51200K)
[29.965s][info][gc,heap        ] GC(204) ParOldGen: 1706830K(1707008K)->1706830K(1707008K)
[29.965s][info][gc,metaspace   ] GC(204) Metaspace: 6301K(6464K)->6301K(6464K) NonClass: 5768K(5824K)->5768K(5824K) Class: 533K(640K)->533K(640K)
[29.965s][info][gc             ] GC(204) Pause Full (Ergonomics) 1691M->1691M(1737M) 530.516ms
[29.965s][info][gc,cpu         ] GC(204) User=3.72s Sys=0.02s Real=0.53s
[29.966s][info][gc,start       ] GC(205) Pause Full (Ergonomics)
[29.966s][info][gc,phases,start] GC(205) Marking Phase
[30.368s][info][gc,phases      ] GC(205) Marking Phase 402.183ms
[30.368s][info][gc,phases,start] GC(205) Summary Phase
[30.368s][info][gc,phases      ] GC(205) Summary Phase 0.030ms
[30.368s][info][gc,phases,start] GC(205) Adjust Roots
[30.368s][info][gc,phases      ] GC(205) Adjust Roots 0.213ms
[30.368s][info][gc,phases,start] GC(205) Compaction Phase
[30.515s][info][gc,phases      ] GC(205) Compaction Phase 146.379ms
[30.515s][info][gc,phases,start] GC(205) Post Compact
[30.518s][info][gc,phases      ] GC(205) Post Compact 3.008ms
[30.518s][info][gc,heap        ] GC(205) PSYoungGen: 25593K(72192K)->25593K(72192K) Eden: 20991K(20992K)->20991K(20992K) From: 4601K(51200K)->4601K(51200K)
[30.518s][info][gc,heap        ] GC(205) ParOldGen: 1706834K(1707008K)->1706834K(1707008K)
[30.518s][info][gc,metaspace   ] GC(205) Metaspace: 6301K(6464K)->6301K(6464K) NonClass: 5768K(5824K)->5768K(5824K) Class: 533K(640K)->533K(640K)
[30.518s][info][gc             ] GC(205) Pause Full (Ergonomics) 1691M->1691M(1737M) 552.151ms
[30.518s][info][gc,cpu         ] GC(205) User=3.89s Sys=0.05s Real=0.55s
[30.518s][info][gc,start       ] GC(206) Pause Full (Ergonomics)
[30.518s][info][gc,phases,start] GC(206) Marking Phase
[30.912s][info][gc,phases      ] GC(206) Marking Phase 393.557ms
[30.912s][info][gc,phases,start] GC(206) Summary Phase
[30.912s][info][gc,phases      ] GC(206) Summary Phase 0.029ms
[30.912s][info][gc,phases,start] GC(206) Adjust Roots
[30.912s][info][gc,phases      ] GC(206) Adjust Roots 0.208ms
[30.912s][info][gc,phases,start] GC(206) Compaction Phase
[31.036s][info][gc,phases      ] GC(206) Compaction Phase 123.604ms
[31.036s][info][gc,phases,start] GC(206) Post Compact
[31.039s][info][gc,phases      ] GC(206) Post Compact 3.062ms
[31.039s][info][gc,heap        ] GC(206) PSYoungGen: 25593K(72192K)->25593K(72192K) Eden: 20991K(20992K)->20991K(20992K) From: 4601K(51200K)->4601K(51200K)
[31.039s][info][gc,heap        ] GC(206) ParOldGen: 1706839K(1707008K)->1706839K(1707008K)
[31.039s][info][gc,metaspace   ] GC(206) Metaspace: 6301K(6464K)->6301K(6464K) NonClass: 5768K(5824K)->5768K(5824K) Class: 533K(640K)->533K(640K)
[31.039s][info][gc             ] GC(206) Pause Full (Ergonomics) 1691M->1691M(1737M) 520.792ms
[31.039s][info][gc,cpu         ] GC(206) User=3.80s Sys=0.06s Real=0.52s
[31.039s][info][gc,start       ] GC(207) Pause Full (Ergonomics)
[31.039s][info][gc,phases,start] GC(207) Marking Phase
[31.447s][info][gc,phases      ] GC(207) Marking Phase 407.707ms
[31.447s][info][gc,phases,start] GC(207) Summary Phase
[31.447s][info][gc,phases      ] GC(207) Summary Phase 0.047ms
[31.447s][info][gc,phases,start] GC(207) Adjust Roots
[31.447s][info][gc,phases      ] GC(207) Adjust Roots 0.352ms
[31.447s][info][gc,phases,start] GC(207) Compaction Phase
[31.578s][info][gc,phases      ] GC(207) Compaction Phase 130.278ms
[31.578s][info][gc,phases,start] GC(207) Post Compact
[31.581s][info][gc,phases      ] GC(207) Post Compact 3.149ms
[31.581s][info][gc,heap        ] GC(207) PSYoungGen: 25593K(72192K)->25593K(72192K) Eden: 20991K(20992K)->20991K(20992K) From: 4601K(51200K)->4601K(51200K)
[31.581s][info][gc,heap        ] GC(207) ParOldGen: 1706844K(1707008K)->1706844K(1707008K)
[31.581s][info][gc,metaspace   ] GC(207) Metaspace: 6301K(6464K)->6301K(6464K) NonClass: 5768K(5824K)->5768K(5824K) Class: 533K(640K)->533K(640K)
[31.581s][info][gc             ] GC(207) Pause Full (Ergonomics) 1691M->1691M(1737M) 541.928ms
[31.581s][info][gc,cpu         ] GC(207) User=3.83s Sys=0.00s Real=0.54s
[31.581s][info][gc,start       ] GC(208) Pause Full (Ergonomics)
[31.581s][info][gc,phases,start] GC(208) Marking Phase
[31.975s][info][gc,phases      ] GC(208) Marking Phase 393.715ms
[31.975s][info][gc,phases,start] GC(208) Summary Phase
[31.975s][info][gc,phases      ] GC(208) Summary Phase 0.030ms
[31.975s][info][gc,phases,start] GC(208) Adjust Roots
[31.975s][info][gc,phases      ] GC(208) Adjust Roots 0.207ms
[31.975s][info][gc,phases,start] GC(208) Compaction Phase
[32.104s][info][gc,phases      ] GC(208) Compaction Phase 128.173ms
[32.104s][info][gc,phases,start] GC(208) Post Compact
[32.107s][info][gc,phases      ] GC(208) Post Compact 3.076ms
[32.107s][info][gc,heap        ] GC(208) PSYoungGen: 25593K(72192K)->25593K(72192K) Eden: 20991K(20992K)->20991K(20992K) From: 4601K(51200K)->4601K(51200K)
[32.107s][info][gc,heap        ] GC(208) ParOldGen: 1706848K(1707008K)->1706848K(1707008K)
[32.107s][info][gc,metaspace   ] GC(208) Metaspace: 6301K(6464K)->6301K(6464K) NonClass: 5768K(5824K)->5768K(5824K) Class: 533K(640K)->533K(640K)
[32.107s][info][gc             ] GC(208) Pause Full (Ergonomics) 1691M->1691M(1737M) 525.523ms
[32.107s][info][gc,cpu         ] GC(208) User=3.77s Sys=0.02s Real=0.52s
[32.107s][info][gc,start       ] GC(209) Pause Full (Ergonomics)
[32.107s][info][gc,phases,start] GC(209) Marking Phase
[32.512s][info][gc,phases      ] GC(209) Marking Phase 404.925ms
[32.512s][info][gc,phases,start] GC(209) Summary Phase
[32.512s][info][gc,phases      ] GC(209) Summary Phase 0.029ms
[32.512s][info][gc,phases,start] GC(209) Adjust Roots
[32.512s][info][gc,phases      ] GC(209) Adjust Roots 0.219ms
[32.512s][info][gc,phases,start] GC(209) Compaction Phase
[32.640s][info][gc,phases      ] GC(209) Compaction Phase 127.633ms
[32.640s][info][gc,phases,start] GC(209) Post Compact
[32.643s][info][gc,phases      ] GC(209) Post Compact 3.215ms
[32.643s][info][gc,heap        ] GC(209) PSYoungGen: 25593K(72192K)->25593K(72192K) Eden: 20991K(20992K)->20991K(20992K) From: 4601K(51200K)->4601K(51200K)
[32.643s][info][gc,heap        ] GC(209) ParOldGen: 1706853K(1707008K)->1706853K(1707008K)
[32.644s][info][gc,metaspace   ] GC(209) Metaspace: 6301K(6464K)->6301K(6464K) NonClass: 5768K(5824K)->5768K(5824K) Class: 533K(640K)->533K(640K)
[32.644s][info][gc             ] GC(209) Pause Full (Ergonomics) 1691M->1691M(1737M) 536.436ms
[32.644s][info][gc,cpu         ] GC(209) User=3.92s Sys=0.02s Real=0.54s
[32.644s][info][gc,start       ] GC(210) Pause Full (Ergonomics)
[32.644s][info][gc,phases,start] GC(210) Marking Phase
[33.049s][info][gc,phases      ] GC(210) Marking Phase 404.639ms
[33.049s][info][gc,phases,start] GC(210) Summary Phase
[33.049s][info][gc,phases      ] GC(210) Summary Phase 0.029ms
[33.049s][info][gc,phases,start] GC(210) Adjust Roots
[33.049s][info][gc,phases      ] GC(210) Adjust Roots 0.209ms
[33.049s][info][gc,phases,start] GC(210) Compaction Phase
[33.178s][info][gc,phases      ] GC(210) Compaction Phase 128.770ms
[33.178s][info][gc,phases,start] GC(210) Post Compact
[33.181s][info][gc,phases      ] GC(210) Post Compact 3.079ms
[33.181s][info][gc,heap        ] GC(210) PSYoungGen: 25593K(72192K)->25593K(72192K) Eden: 20991K(20992K)->20991K(20992K) From: 4601K(51200K)->4601K(51200K)
[33.181s][info][gc,heap        ] GC(210) ParOldGen: 1706858K(1707008K)->1706858K(1707008K)
[33.181s][info][gc,metaspace   ] GC(210) Metaspace: 6301K(6464K)->6301K(6464K) NonClass: 5768K(5824K)->5768K(5824K) Class: 533K(640K)->533K(640K)
[33.181s][info][gc             ] GC(210) Pause Full (Ergonomics) 1691M->1691M(1737M) 537.052ms
[33.181s][info][gc,cpu         ] GC(210) User=3.88s Sys=0.03s Real=0.54s
[33.181s][info][gc,start       ] GC(211) Pause Full (Ergonomics)
[33.181s][info][gc,phases,start] GC(211) Marking Phase
[33.576s][info][gc,phases      ] GC(211) Marking Phase 394.578ms
[33.576s][info][gc,phases,start] GC(211) Summary Phase
[33.576s][info][gc,phases      ] GC(211) Summary Phase 0.031ms
[33.576s][info][gc,phases,start] GC(211) Adjust Roots
[33.576s][info][gc,phases      ] GC(211) Adjust Roots 0.233ms
[33.576s][info][gc,phases,start] GC(211) Compaction Phase
[33.706s][info][gc,phases      ] GC(211) Compaction Phase 129.596ms
[33.706s][info][gc,phases,start] GC(211) Post Compact
[33.709s][info][gc,phases      ] GC(211) Post Compact 3.230ms
[33.709s][info][gc,heap        ] GC(211) PSYoungGen: 25593K(72192K)->25593K(72192K) Eden: 20991K(20992K)->20991K(20992K) From: 4601K(51200K)->4601K(51200K)
[33.709s][info][gc,heap        ] GC(211) ParOldGen: 1706862K(1707008K)->1706862K(1707008K)
[33.709s][info][gc,metaspace   ] GC(211) Metaspace: 6301K(6464K)->6301K(6464K) NonClass: 5768K(5824K)->5768K(5824K) Class: 533K(640K)->533K(640K)
[33.709s][info][gc             ] GC(211) Pause Full (Ergonomics) 1691M->1691M(1737M) 528.001ms
[33.709s][info][gc,cpu         ] GC(211) User=3.69s Sys=0.02s Real=0.53s
[33.710s][info][gc,start       ] GC(212) Pause Full (Ergonomics)
[33.710s][info][gc,phases,start] GC(212) Marking Phase
[34.106s][info][gc,phases      ] GC(212) Marking Phase 396.288ms
[34.106s][info][gc,phases,start] GC(212) Summary Phase
[34.106s][info][gc,phases      ] GC(212) Summary Phase 0.030ms
[34.106s][info][gc,phases,start] GC(212) Adjust Roots
[34.106s][info][gc,phases      ] GC(212) Adjust Roots 0.220ms
[34.106s][info][gc,phases,start] GC(212) Compaction Phase
[34.243s][info][gc,phases      ] GC(212) Compaction Phase 136.489ms
[34.243s][info][gc,phases,start] GC(212) Post Compact
[34.246s][info][gc,phases      ] GC(212) Post Compact 3.040ms
[34.246s][info][gc,heap        ] GC(212) PSYoungGen: 25593K(72192K)->25593K(72192K) Eden: 20991K(20992K)->20991K(20992K) From: 4601K(51200K)->4601K(51200K)
[34.246s][info][gc,heap        ] GC(212) ParOldGen: 1706867K(1707008K)->1706867K(1707008K)
[34.246s][info][gc,metaspace   ] GC(212) Metaspace: 6301K(6464K)->6301K(6464K) NonClass: 5768K(5824K)->5768K(5824K) Class: 533K(640K)->533K(640K)
[34.246s][info][gc             ] GC(212) Pause Full (Ergonomics) 1691M->1691M(1737M) 536.403ms
[34.246s][info][gc,cpu         ] GC(212) User=3.69s Sys=0.05s Real=0.54s
[34.246s][info][gc,start       ] GC(213) Pause Full (Ergonomics)
[34.246s][info][gc,phases,start] GC(213) Marking Phase
[34.644s][info][gc,phases      ] GC(213) Marking Phase 397.310ms
[34.644s][info][gc,phases,start] GC(213) Summary Phase
[34.644s][info][gc,phases      ] GC(213) Summary Phase 0.031ms
[34.644s][info][gc,phases,start] GC(213) Adjust Roots
[34.644s][info][gc,phases      ] GC(213) Adjust Roots 0.239ms
[34.644s][info][gc,phases,start] GC(213) Compaction Phase
[34.773s][info][gc,phases      ] GC(213) Compaction Phase 128.882ms
[34.773s][info][gc,phases,start] GC(213) Post Compact
[34.776s][info][gc,phases      ] GC(213) Post Compact 3.243ms
[34.776s][info][gc,heap        ] GC(213) PSYoungGen: 25593K(72192K)->25593K(72192K) Eden: 20991K(20992K)->20991K(20992K) From: 4601K(51200K)->4601K(51200K)
[34.776s][info][gc,heap        ] GC(213) ParOldGen: 1706872K(1707008K)->1706872K(1707008K)
[34.776s][info][gc,metaspace   ] GC(213) Metaspace: 6301K(6464K)->6301K(6464K) NonClass: 5768K(5824K)->5768K(5824K) Class: 533K(640K)->533K(640K)
[34.776s][info][gc             ] GC(213) Pause Full (Ergonomics) 1691M->1691M(1737M) 530.142ms
[34.776s][info][gc,cpu         ] GC(213) User=3.73s Sys=0.00s Real=0.53s
[34.777s][info][gc,start       ] GC(214) Pause Full (Ergonomics)
[34.777s][info][gc,phases,start] GC(214) Marking Phase
[35.176s][info][gc,phases      ] GC(214) Marking Phase 398.886ms
[35.176s][info][gc,phases,start] GC(214) Summary Phase
[35.176s][info][gc,phases      ] GC(214) Summary Phase 0.030ms
[35.176s][info][gc,phases,start] GC(214) Adjust Roots
[35.176s][info][gc,phases      ] GC(214) Adjust Roots 0.214ms
[35.176s][info][gc,phases,start] GC(214) Compaction Phase
[35.323s][info][gc,phases      ] GC(214) Compaction Phase 147.250ms
[35.323s][info][gc,phases,start] GC(214) Post Compact
[35.326s][info][gc,phases      ] GC(214) Post Compact 3.035ms
[35.326s][info][gc,heap        ] GC(214) PSYoungGen: 25593K(72192K)->25593K(72192K) Eden: 20991K(20992K)->20991K(20992K) From: 4601K(51200K)->4601K(51200K)
[35.326s][info][gc,heap        ] GC(214) ParOldGen: 1706876K(1707008K)->1706876K(1707008K)
[35.327s][info][gc,metaspace   ] GC(214) Metaspace: 6301K(6464K)->6301K(6464K) NonClass: 5768K(5824K)->5768K(5824K) Class: 533K(640K)->533K(640K)
[35.327s][info][gc             ] GC(214) Pause Full (Ergonomics) 1691M->1691M(1737M) 549.785ms
[35.327s][info][gc,cpu         ] GC(214) User=3.72s Sys=0.02s Real=0.55s
[35.327s][info][gc,start       ] GC(215) Pause Full (Ergonomics)
[35.327s][info][gc,phases,start] GC(215) Marking Phase
[35.716s][info][gc,phases      ] GC(215) Marking Phase 389.315ms
[35.716s][info][gc,phases,start] GC(215) Summary Phase
[35.716s][info][gc,phases      ] GC(215) Summary Phase 0.031ms
[35.716s][info][gc,phases,start] GC(215) Adjust Roots
[35.717s][info][gc,phases      ] GC(215) Adjust Roots 0.228ms
[35.717s][info][gc,phases,start] GC(215) Compaction Phase
[35.853s][info][gc,phases      ] GC(215) Compaction Phase 136.458ms
[35.853s][info][gc,phases,start] GC(215) Post Compact
[35.856s][info][gc,phases      ] GC(215) Post Compact 3.045ms
[35.856s][info][gc,heap        ] GC(215) PSYoungGen: 25593K(72192K)->25593K(72192K) Eden: 20991K(20992K)->20991K(20992K) From: 4601K(51200K)->4601K(51200K)
[35.856s][info][gc,heap        ] GC(215) ParOldGen: 1706881K(1707008K)->1706881K(1707008K)
[35.856s][info][gc,metaspace   ] GC(215) Metaspace: 6301K(6464K)->6301K(6464K) NonClass: 5768K(5824K)->5768K(5824K) Class: 533K(640K)->533K(640K)
[35.856s][info][gc             ] GC(215) Pause Full (Ergonomics) 1691M->1691M(1737M) 529.425ms
[35.856s][info][gc,cpu         ] GC(215) User=3.80s Sys=0.00s Real=0.53s
[35.857s][info][gc,start       ] GC(216) Pause Full (Ergonomics)
[35.857s][info][gc,phases,start] GC(216) Marking Phase
[36.243s][info][gc,phases      ] GC(216) Marking Phase 385.952ms
[36.243s][info][gc,phases,start] GC(216) Summary Phase
[36.243s][info][gc,phases      ] GC(216) Summary Phase 0.053ms
[36.243s][info][gc,phases,start] GC(216) Adjust Roots
[36.243s][info][gc,phases      ] GC(216) Adjust Roots 0.326ms
[36.243s][info][gc,phases,start] GC(216) Compaction Phase
[36.388s][info][gc,phases      ] GC(216) Compaction Phase 144.823ms
[36.388s][info][gc,phases,start] GC(216) Post Compact
[36.391s][info][gc,phases      ] GC(216) Post Compact 3.021ms
[36.391s][info][gc,heap        ] GC(216) PSYoungGen: 25593K(72192K)->25593K(72192K) Eden: 20991K(20992K)->20991K(20992K) From: 4601K(51200K)->4601K(51200K)
[36.391s][info][gc,heap        ] GC(216) ParOldGen: 1706886K(1707008K)->1706886K(1707008K)
[36.391s][info][gc,metaspace   ] GC(216) Metaspace: 6301K(6464K)->6301K(6464K) NonClass: 5768K(5824K)->5768K(5824K) Class: 533K(640K)->533K(640K)
[36.391s][info][gc             ] GC(216) Pause Full (Ergonomics) 1691M->1691M(1737M) 534.587ms
[36.391s][info][gc,cpu         ] GC(216) User=3.83s Sys=0.00s Real=0.53s
[36.391s][info][gc,start       ] GC(217) Pause Full (Ergonomics)
[36.392s][info][gc,phases,start] GC(217) Marking Phase
[36.784s][info][gc,phases      ] GC(217) Marking Phase 392.977ms
[36.785s][info][gc,phases,start] GC(217) Summary Phase
[36.785s][info][gc,phases      ] GC(217) Summary Phase 0.030ms
[36.785s][info][gc,phases,start] GC(217) Adjust Roots
[36.785s][info][gc,phases      ] GC(217) Adjust Roots 0.211ms
[36.785s][info][gc,phases,start] GC(217) Compaction Phase
[36.927s][info][gc,phases      ] GC(217) Compaction Phase 141.689ms
[36.927s][info][gc,phases,start] GC(217) Post Compact
[36.930s][info][gc,phases      ] GC(217) Post Compact 3.333ms
[36.930s][info][gc,heap        ] GC(217) PSYoungGen: 25593K(72192K)->25593K(72192K) Eden: 20991K(20992K)->20991K(20992K) From: 4601K(51200K)->4601K(51200K)
[36.930s][info][gc,heap        ] GC(217) ParOldGen: 1706890K(1707008K)->1706890K(1707008K)
[36.930s][info][gc,metaspace   ] GC(217) Metaspace: 6301K(6464K)->6301K(6464K) NonClass: 5768K(5824K)->5768K(5824K) Class: 533K(640K)->533K(640K)
[36.930s][info][gc             ] GC(217) Pause Full (Ergonomics) 1691M->1691M(1737M) 538.629ms
[36.930s][info][gc,cpu         ] GC(217) User=3.83s Sys=0.03s Real=0.54s
[36.930s][info][gc,start       ] GC(218) Pause Full (Ergonomics)
[36.930s][info][gc,phases,start] GC(218) Marking Phase
[37.319s][info][gc,phases      ] GC(218) Marking Phase 388.393ms
[37.319s][info][gc,phases,start] GC(218) Summary Phase
[37.319s][info][gc,phases      ] GC(218) Summary Phase 0.028ms
[37.319s][info][gc,phases,start] GC(218) Adjust Roots
[37.319s][info][gc,phases      ] GC(218) Adjust Roots 0.209ms
[37.319s][info][gc,phases,start] GC(218) Compaction Phase
[37.445s][info][gc,phases      ] GC(218) Compaction Phase 126.218ms
[37.446s][info][gc,phases,start] GC(218) Post Compact
[37.449s][info][gc,phases      ] GC(218) Post Compact 3.068ms
[37.449s][info][gc,heap        ] GC(218) PSYoungGen: 25593K(72192K)->25593K(72192K) Eden: 20991K(20992K)->20991K(20992K) From: 4601K(51200K)->4601K(51200K)
[37.449s][info][gc,heap        ] GC(218) ParOldGen: 1706895K(1707008K)->1706895K(1707008K)
[37.449s][info][gc,metaspace   ] GC(218) Metaspace: 6301K(6464K)->6301K(6464K) NonClass: 5768K(5824K)->5768K(5824K) Class: 533K(640K)->533K(640K)
[37.449s][info][gc             ] GC(218) Pause Full (Ergonomics) 1691M->1691M(1737M) 518.280ms
[37.449s][info][gc,cpu         ] GC(218) User=3.67s Sys=0.03s Real=0.52s
[37.449s][info][gc,start       ] GC(219) Pause Full (Ergonomics)
[37.449s][info][gc,phases,start] GC(219) Marking Phase
[37.838s][info][gc,phases      ] GC(219) Marking Phase 389.175ms
[37.838s][info][gc,phases,start] GC(219) Summary Phase
[37.838s][info][gc,phases      ] GC(219) Summary Phase 0.030ms
[37.838s][info][gc,phases,start] GC(219) Adjust Roots
[37.839s][info][gc,phases      ] GC(219) Adjust Roots 0.208ms
[37.839s][info][gc,phases,start] GC(219) Compaction Phase
[37.967s][info][gc,phases      ] GC(219) Compaction Phase 128.063ms
[37.967s][info][gc,phases,start] GC(219) Post Compact
[37.970s][info][gc,phases      ] GC(219) Post Compact 3.060ms
[37.970s][info][gc,heap        ] GC(219) PSYoungGen: 25593K(72192K)->25593K(72192K) Eden: 20991K(20992K)->20991K(20992K) From: 4601K(51200K)->4601K(51200K)
[37.970s][info][gc,heap        ] GC(219) ParOldGen: 1706900K(1707008K)->1706900K(1707008K)
[37.970s][info][gc,metaspace   ] GC(219) Metaspace: 6301K(6464K)->6301K(6464K) NonClass: 5768K(5824K)->5768K(5824K) Class: 533K(640K)->533K(640K)
[37.970s][info][gc             ] GC(219) Pause Full (Ergonomics) 1691M->1691M(1737M) 520.864ms
[37.970s][info][gc,cpu         ] GC(219) User=3.70s Sys=0.03s Real=0.52s
[37.970s][info][gc,start       ] GC(220) Pause Full (Ergonomics)
[37.970s][info][gc,phases,start] GC(220) Marking Phase
[38.363s][info][gc,phases      ] GC(220) Marking Phase 393.064ms
[38.363s][info][gc,phases,start] GC(220) Summary Phase
[38.363s][info][gc,phases      ] GC(220) Summary Phase 0.029ms
[38.363s][info][gc,phases,start] GC(220) Adjust Roots
[38.364s][info][gc,phases      ] GC(220) Adjust Roots 0.208ms
[38.364s][info][gc,phases,start] GC(220) Compaction Phase
[38.494s][info][gc,phases      ] GC(220) Compaction Phase 130.294ms
[38.494s][info][gc,phases,start] GC(220) Post Compact
[38.497s][info][gc,phases      ] GC(220) Post Compact 3.224ms
[38.497s][info][gc,heap        ] GC(220) PSYoungGen: 25593K(72192K)->25593K(72192K) Eden: 20991K(20992K)->20991K(20992K) From: 4601K(51200K)->4601K(51200K)
[38.497s][info][gc,heap        ] GC(220) ParOldGen: 1706904K(1707008K)->1706904K(1707008K)
[38.497s][info][gc,metaspace   ] GC(220) Metaspace: 6301K(6464K)->6301K(6464K) NonClass: 5768K(5824K)->5768K(5824K) Class: 533K(640K)->533K(640K)
[38.497s][info][gc             ] GC(220) Pause Full (Ergonomics) 1691M->1691M(1737M) 527.175ms
[38.497s][info][gc,cpu         ] GC(220) User=3.91s Sys=0.02s Real=0.53s
[38.498s][info][gc,start       ] GC(221) Pause Full (Ergonomics)
[38.498s][info][gc,phases,start] GC(221) Marking Phase
[38.898s][info][gc,phases      ] GC(221) Marking Phase 400.757ms
[38.899s][info][gc,phases,start] GC(221) Summary Phase
[38.899s][info][gc,phases      ] GC(221) Summary Phase 0.031ms
[38.899s][info][gc,phases,start] GC(221) Adjust Roots
[38.899s][info][gc,phases      ] GC(221) Adjust Roots 0.243ms
[38.899s][info][gc,phases,start] GC(221) Compaction Phase
[39.026s][info][gc,phases      ] GC(221) Compaction Phase 127.181ms
[39.026s][info][gc,phases,start] GC(221) Post Compact
[39.029s][info][gc,phases      ] GC(221) Post Compact 3.253ms
[39.029s][info][gc,heap        ] GC(221) PSYoungGen: 25593K(72192K)->25593K(72192K) Eden: 20991K(20992K)->20991K(20992K) From: 4601K(51200K)->4601K(51200K)
[39.029s][info][gc,heap        ] GC(221) ParOldGen: 1706909K(1707008K)->1706909K(1707008K)
[39.029s][info][gc,metaspace   ] GC(221) Metaspace: 6301K(6464K)->6301K(6464K) NonClass: 5768K(5824K)->5768K(5824K) Class: 533K(640K)->533K(640K)
[39.030s][info][gc             ] GC(221) Pause Full (Ergonomics) 1691M->1691M(1737M) 531.832ms
[39.030s][info][gc,cpu         ] GC(221) User=3.72s Sys=0.03s Real=0.53s
[39.030s][info][gc,start       ] GC(222) Pause Full (Ergonomics)
[39.030s][info][gc,phases,start] GC(222) Marking Phase
[39.429s][info][gc,phases      ] GC(222) Marking Phase 399.168ms
[39.429s][info][gc,phases,start] GC(222) Summary Phase
[39.429s][info][gc,phases      ] GC(222) Summary Phase 0.029ms
[39.429s][info][gc,phases,start] GC(222) Adjust Roots
[39.429s][info][gc,phases      ] GC(222) Adjust Roots 0.201ms
[39.429s][info][gc,phases,start] GC(222) Compaction Phase
[39.558s][info][gc,phases      ] GC(222) Compaction Phase 128.898ms
[39.558s][info][gc,phases,start] GC(222) Post Compact
[39.562s][info][gc,phases      ] GC(222) Post Compact 3.299ms
[39.562s][info][gc,heap        ] GC(222) PSYoungGen: 25593K(72192K)->25593K(72192K) Eden: 20991K(20992K)->20991K(20992K) From: 4601K(51200K)->4601K(51200K)
[39.562s][info][gc,heap        ] GC(222) ParOldGen: 1706914K(1707008K)->1706914K(1707008K)
[39.562s][info][gc,metaspace   ] GC(222) Metaspace: 6301K(6464K)->6301K(6464K) NonClass: 5768K(5824K)->5768K(5824K) Class: 533K(640K)->533K(640K)
[39.562s][info][gc             ] GC(222) Pause Full (Ergonomics) 1691M->1691M(1737M) 531.967ms
[39.562s][info][gc,cpu         ] GC(222) User=3.86s Sys=0.00s Real=0.53s
[39.562s][info][gc,start       ] GC(223) Pause Full (Ergonomics)
[39.562s][info][gc,phases,start] GC(223) Marking Phase
[39.960s][info][gc,phases      ] GC(223) Marking Phase 397.882ms
[39.960s][info][gc,phases,start] GC(223) Summary Phase
[39.960s][info][gc,phases      ] GC(223) Summary Phase 0.030ms
[39.960s][info][gc,phases,start] GC(223) Adjust Roots
[39.960s][info][gc,phases      ] GC(223) Adjust Roots 0.229ms
[39.960s][info][gc,phases,start] GC(223) Compaction Phase
[40.087s][info][gc,phases      ] GC(223) Compaction Phase 127.005ms
[40.088s][info][gc,phases,start] GC(223) Post Compact
[40.091s][info][gc,phases      ] GC(223) Post Compact 3.298ms
[40.091s][info][gc,heap        ] GC(223) PSYoungGen: 25593K(72192K)->25593K(72192K) Eden: 20991K(20992K)->20991K(20992K) From: 4601K(51200K)->4601K(51200K)
[40.091s][info][gc,heap        ] GC(223) ParOldGen: 1706918K(1707008K)->1706918K(1707008K)
[40.091s][info][gc,metaspace   ] GC(223) Metaspace: 6301K(6464K)->6301K(6464K) NonClass: 5768K(5824K)->5768K(5824K) Class: 533K(640K)->533K(640K)
[40.091s][info][gc             ] GC(223) Pause Full (Ergonomics) 1691M->1691M(1737M) 528.825ms
[40.091s][info][gc,cpu         ] GC(223) User=3.78s Sys=0.05s Real=0.53s
[40.091s][info][gc,start       ] GC(224) Pause Full (Ergonomics)
[40.091s][info][gc,phases,start] GC(224) Marking Phase
[40.493s][info][gc,phases      ] GC(224) Marking Phase 401.799ms
[40.493s][info][gc,phases,start] GC(224) Summary Phase
[40.493s][info][gc,phases      ] GC(224) Summary Phase 0.028ms
[40.493s][info][gc,phases,start] GC(224) Adjust Roots
[40.493s][info][gc,phases      ] GC(224) Adjust Roots 0.208ms
[40.494s][info][gc,phases,start] GC(224) Compaction Phase
[40.622s][info][gc,phases      ] GC(224) Compaction Phase 128.945ms
[40.623s][info][gc,phases,start] GC(224) Post Compact
[40.626s][info][gc,phases      ] GC(224) Post Compact 3.070ms
[40.626s][info][gc,heap        ] GC(224) PSYoungGen: 25593K(72192K)->25593K(72192K) Eden: 20991K(20992K)->20991K(20992K) From: 4601K(51200K)->4601K(51200K)
[40.626s][info][gc,heap        ] GC(224) ParOldGen: 1706923K(1707008K)->1706923K(1707008K)
[40.626s][info][gc,metaspace   ] GC(224) Metaspace: 6301K(6464K)->6301K(6464K) NonClass: 5768K(5824K)->5768K(5824K) Class: 533K(640K)->533K(640K)
[40.626s][info][gc             ] GC(224) Pause Full (Ergonomics) 1691M->1691M(1737M) 534.397ms
[40.626s][info][gc,cpu         ] GC(224) User=3.97s Sys=0.00s Real=0.54s
[40.626s][info][gc,start       ] GC(225) Pause Full (Ergonomics)
[40.626s][info][gc,phases,start] GC(225) Marking Phase
[41.022s][info][gc,phases      ] GC(225) Marking Phase 395.560ms
[41.022s][info][gc,phases,start] GC(225) Summary Phase
[41.022s][info][gc,phases      ] GC(225) Summary Phase 0.030ms
[41.022s][info][gc,phases,start] GC(225) Adjust Roots
[41.022s][info][gc,phases      ] GC(225) Adjust Roots 0.211ms
[41.022s][info][gc,phases,start] GC(225) Compaction Phase
[41.152s][info][gc,phases      ] GC(225) Compaction Phase 130.046ms
[41.152s][info][gc,phases,start] GC(225) Post Compact
[41.155s][info][gc,phases      ] GC(225) Post Compact 3.292ms
[41.155s][info][gc,heap        ] GC(225) PSYoungGen: 25593K(72192K)->25593K(72192K) Eden: 20991K(20992K)->20991K(20992K) From: 4601K(51200K)->4601K(51200K)
[41.155s][info][gc,heap        ] GC(225) ParOldGen: 1706928K(1707008K)->1706928K(1707008K)
[41.155s][info][gc,metaspace   ] GC(225) Metaspace: 6301K(6464K)->6301K(6464K) NonClass: 5768K(5824K)->5768K(5824K) Class: 533K(640K)->533K(640K)
[41.156s][info][gc             ] GC(225) Pause Full (Ergonomics) 1691M->1691M(1737M) 529.500ms
[41.156s][info][gc,cpu         ] GC(225) User=3.89s Sys=0.05s Real=0.53s
[41.156s][info][gc,start       ] GC(226) Pause Full (Ergonomics)
[41.156s][info][gc,phases,start] GC(226) Marking Phase
[41.548s][info][gc,phases      ] GC(226) Marking Phase 392.409ms
[41.548s][info][gc,phases,start] GC(226) Summary Phase
[41.548s][info][gc,phases      ] GC(226) Summary Phase 0.032ms
[41.548s][info][gc,phases,start] GC(226) Adjust Roots
[41.549s][info][gc,phases      ] GC(226) Adjust Roots 0.244ms
[41.549s][info][gc,phases,start] GC(226) Compaction Phase
[41.683s][info][gc,phases      ] GC(226) Compaction Phase 133.915ms
[41.683s][info][gc,phases,start] GC(226) Post Compact
[41.686s][info][gc,phases      ] GC(226) Post Compact 3.070ms
[41.686s][info][gc,heap        ] GC(226) PSYoungGen: 25593K(72192K)->25593K(72192K) Eden: 20991K(20992K)->20991K(20992K) From: 4601K(51200K)->4601K(51200K)
[41.686s][info][gc,heap        ] GC(226) ParOldGen: 1706932K(1707008K)->1706932K(1707008K)
[41.686s][info][gc,metaspace   ] GC(226) Metaspace: 6301K(6464K)->6301K(6464K) NonClass: 5768K(5824K)->5768K(5824K) Class: 533K(640K)->533K(640K)
[41.686s][info][gc             ] GC(226) Pause Full (Ergonomics) 1691M->1691M(1737M) 530.037ms
[41.686s][info][gc,cpu         ] GC(226) User=3.86s Sys=0.00s Real=0.53s
[41.686s][info][gc,start       ] GC(227) Pause Full (Ergonomics)
[41.686s][info][gc,phases,start] GC(227) Marking Phase
[42.086s][info][gc,phases      ] GC(227) Marking Phase 399.652ms
[42.086s][info][gc,phases,start] GC(227) Summary Phase
[42.086s][info][gc,phases      ] GC(227) Summary Phase 0.029ms
[42.086s][info][gc,phases,start] GC(227) Adjust Roots
[42.086s][info][gc,phases      ] GC(227) Adjust Roots 0.214ms
[42.086s][info][gc,phases,start] GC(227) Compaction Phase
[42.215s][info][gc,phases      ] GC(227) Compaction Phase 128.508ms
[42.215s][info][gc,phases,start] GC(227) Post Compact
[42.218s][info][gc,phases      ] GC(227) Post Compact 3.341ms
[42.218s][info][gc,heap        ] GC(227) PSYoungGen: 25593K(72192K)->25593K(72192K) Eden: 20991K(20992K)->20991K(20992K) From: 4601K(51200K)->4601K(51200K)
[42.218s][info][gc,heap        ] GC(227) ParOldGen: 1706937K(1707008K)->1706937K(1707008K)
[42.218s][info][gc,metaspace   ] GC(227) Metaspace: 6301K(6464K)->6301K(6464K) NonClass: 5768K(5824K)->5768K(5824K) Class: 533K(640K)->533K(640K)
[42.218s][info][gc             ] GC(227) Pause Full (Ergonomics) 1691M->1691M(1737M) 532.234ms
[42.218s][info][gc,cpu         ] GC(227) User=3.84s Sys=0.00s Real=0.53s
[42.219s][info][gc,start       ] GC(228) Pause Full (Ergonomics)
[42.219s][info][gc,phases,start] GC(228) Marking Phase
[42.620s][info][gc,phases      ] GC(228) Marking Phase 401.250ms
[42.620s][info][gc,phases,start] GC(228) Summary Phase
[42.620s][info][gc,phases      ] GC(228) Summary Phase 0.029ms
[42.620s][info][gc,phases,start] GC(228) Adjust Roots
[42.620s][info][gc,phases      ] GC(228) Adjust Roots 0.210ms
[42.620s][info][gc,phases,start] GC(228) Compaction Phase
[42.756s][info][gc,phases      ] GC(228) Compaction Phase 135.459ms
[42.756s][info][gc,phases,start] GC(228) Post Compact
[42.759s][info][gc,phases      ] GC(228) Post Compact 3.175ms
[42.759s][info][gc,heap        ] GC(228) PSYoungGen: 25593K(72192K)->25593K(72192K) Eden: 20991K(20992K)->20991K(20992K) From: 4601K(51200K)->4601K(51200K)
[42.759s][info][gc,heap        ] GC(228) ParOldGen: 1706942K(1707008K)->1706942K(1707008K)
[42.759s][info][gc,metaspace   ] GC(228) Metaspace: 6301K(6464K)->6301K(6464K) NonClass: 5768K(5824K)->5768K(5824K) Class: 533K(640K)->533K(640K)
[42.759s][info][gc             ] GC(228) Pause Full (Ergonomics) 1691M->1691M(1737M) 540.475ms
[42.759s][info][gc,cpu         ] GC(228) User=3.92s Sys=0.02s Real=0.54s
[42.759s][info][gc,start       ] GC(229) Pause Full (Ergonomics)
[42.760s][info][gc,phases,start] GC(229) Marking Phase
[43.149s][info][gc,phases      ] GC(229) Marking Phase 389.290ms
[43.149s][info][gc,phases,start] GC(229) Summary Phase
[43.149s][info][gc,phases      ] GC(229) Summary Phase 0.031ms
[43.149s][info][gc,phases,start] GC(229) Adjust Roots
[43.149s][info][gc,phases      ] GC(229) Adjust Roots 0.217ms
[43.149s][info][gc,phases,start] GC(229) Compaction Phase
[43.284s][info][gc,phases      ] GC(229) Compaction Phase 134.641ms
[43.284s][info][gc,phases,start] GC(229) Post Compact
[43.287s][info][gc,phases      ] GC(229) Post Compact 3.182ms
[43.287s][info][gc,heap        ] GC(229) PSYoungGen: 25593K(72192K)->25593K(72192K) Eden: 20991K(20992K)->20991K(20992K) From: 4601K(51200K)->4601K(51200K)
[43.287s][info][gc,heap        ] GC(229) ParOldGen: 1706946K(1707008K)->1706946K(1707008K)
[43.287s][info][gc,metaspace   ] GC(229) Metaspace: 6301K(6464K)->6301K(6464K) NonClass: 5768K(5824K)->5768K(5824K) Class: 533K(640K)->533K(640K)
[43.287s][info][gc             ] GC(229) Pause Full (Ergonomics) 1691M->1691M(1737M) 527.718ms
[43.287s][info][gc,cpu         ] GC(229) User=3.61s Sys=0.02s Real=0.53s
[43.287s][info][gc,start       ] GC(230) Pause Full (Ergonomics)
[43.288s][info][gc,phases,start] GC(230) Marking Phase
[43.687s][info][gc,phases      ] GC(230) Marking Phase 399.215ms
[43.687s][info][gc,phases,start] GC(230) Summary Phase
[43.687s][info][gc,phases      ] GC(230) Summary Phase 0.030ms
[43.687s][info][gc,phases,start] GC(230) Adjust Roots
[43.687s][info][gc,phases      ] GC(230) Adjust Roots 0.198ms
[43.687s][info][gc,phases,start] GC(230) Compaction Phase
[43.825s][info][gc,phases      ] GC(230) Compaction Phase 137.483ms
[43.825s][info][gc,phases,start] GC(230) Post Compact
[43.828s][info][gc,phases      ] GC(230) Post Compact 3.298ms
[43.828s][info][gc,heap        ] GC(230) PSYoungGen: 25593K(72192K)->25593K(72192K) Eden: 20991K(20992K)->20991K(20992K) From: 4601K(51200K)->4601K(51200K)
[43.828s][info][gc,heap        ] GC(230) ParOldGen: 1706951K(1707008K)->1706951K(1707008K)
[43.828s][info][gc,metaspace   ] GC(230) Metaspace: 6301K(6464K)->6301K(6464K) NonClass: 5768K(5824K)->5768K(5824K) Class: 533K(640K)->533K(640K)
[43.828s][info][gc             ] GC(230) Pause Full (Ergonomics) 1691M->1691M(1737M) 540.586ms
[43.828s][info][gc,cpu         ] GC(230) User=3.84s Sys=0.00s Real=0.54s
[43.828s][info][gc,start       ] GC(231) Pause Full (Ergonomics)
[43.828s][info][gc,phases,start] GC(231) Marking Phase
[44.233s][info][gc,phases      ] GC(231) Marking Phase 404.900ms
[44.233s][info][gc,phases,start] GC(231) Summary Phase
[44.233s][info][gc,phases      ] GC(231) Summary Phase 0.030ms
[44.233s][info][gc,phases,start] GC(231) Adjust Roots
[44.234s][info][gc,phases      ] GC(231) Adjust Roots 0.268ms
[44.234s][info][gc,phases,start] GC(231) Compaction Phase
[44.361s][info][gc,phases      ] GC(231) Compaction Phase 127.167ms
[44.361s][info][gc,phases,start] GC(231) Post Compact
[44.364s][info][gc,phases      ] GC(231) Post Compact 3.235ms
[44.364s][info][gc,heap        ] GC(231) PSYoungGen: 25593K(72192K)->25593K(72192K) Eden: 20991K(20992K)->20991K(20992K) From: 4601K(51200K)->4601K(51200K)
[44.364s][info][gc,heap        ] GC(231) ParOldGen: 1706956K(1707008K)->1706956K(1707008K)
[44.364s][info][gc,metaspace   ] GC(231) Metaspace: 6301K(6464K)->6301K(6464K) NonClass: 5768K(5824K)->5768K(5824K) Class: 533K(640K)->533K(640K)
[44.364s][info][gc             ] GC(231) Pause Full (Ergonomics) 1691M->1691M(1737M) 535.977ms
[44.364s][info][gc,cpu         ] GC(231) User=3.81s Sys=0.03s Real=0.54s
[44.365s][info][gc,start       ] GC(232) Pause Full (Ergonomics)
[44.365s][info][gc,phases,start] GC(232) Marking Phase
[44.761s][info][gc,phases      ] GC(232) Marking Phase 396.216ms
[44.761s][info][gc,phases,start] GC(232) Summary Phase
[44.761s][info][gc,phases      ] GC(232) Summary Phase 0.029ms
[44.761s][info][gc,phases,start] GC(232) Adjust Roots
[44.761s][info][gc,phases      ] GC(232) Adjust Roots 0.201ms
[44.761s][info][gc,phases,start] GC(232) Compaction Phase
[44.892s][info][gc,phases      ] GC(232) Compaction Phase 131.152ms
[44.893s][info][gc,phases,start] GC(232) Post Compact
[44.896s][info][gc,phases      ] GC(232) Post Compact 3.236ms
[44.896s][info][gc,heap        ] GC(232) PSYoungGen: 25593K(72192K)->25593K(72192K) Eden: 20991K(20992K)->20991K(20992K) From: 4601K(51200K)->4601K(51200K)
[44.896s][info][gc,heap        ] GC(232) ParOldGen: 1706960K(1707008K)->1706960K(1707008K)
[44.896s][info][gc,metaspace   ] GC(232) Metaspace: 6301K(6464K)->6301K(6464K) NonClass: 5768K(5824K)->5768K(5824K) Class: 533K(640K)->533K(640K)
[44.896s][info][gc             ] GC(232) Pause Full (Ergonomics) 1691M->1691M(1737M) 531.237ms
[44.896s][info][gc,cpu         ] GC(232) User=3.83s Sys=0.05s Real=0.53s
[44.896s][info][gc,start       ] GC(233) Pause Full (Ergonomics)
[44.896s][info][gc,phases,start] GC(233) Marking Phase
[45.295s][info][gc,phases      ] GC(233) Marking Phase 398.476ms
[45.295s][info][gc,phases,start] GC(233) Summary Phase
[45.295s][info][gc,phases      ] GC(233) Summary Phase 0.029ms
[45.295s][info][gc,phases,start] GC(233) Adjust Roots
[45.295s][info][gc,phases      ] GC(233) Adjust Roots 0.211ms
[45.295s][info][gc,phases,start] GC(233) Compaction Phase
[45.424s][info][gc,phases      ] GC(233) Compaction Phase 129.031ms
[45.424s][info][gc,phases,start] GC(233) Post Compact
[45.427s][info][gc,phases      ] GC(233) Post Compact 3.208ms
[45.428s][info][gc,heap        ] GC(233) PSYoungGen: 25593K(72192K)->25593K(72192K) Eden: 20991K(20992K)->20991K(20992K) From: 4601K(51200K)->4601K(51200K)
[45.428s][info][gc,heap        ] GC(233) ParOldGen: 1706965K(1707008K)->1706965K(1707008K)
[45.428s][info][gc,metaspace   ] GC(233) Metaspace: 6301K(6464K)->6301K(6464K) NonClass: 5768K(5824K)->5768K(5824K) Class: 533K(640K)->533K(640K)
[45.428s][info][gc             ] GC(233) Pause Full (Ergonomics) 1691M->1691M(1737M) 531.314ms
[45.428s][info][gc,cpu         ] GC(233) User=3.84s Sys=0.00s Real=0.53s
[45.428s][info][gc,start       ] GC(234) Pause Full (Ergonomics)
[45.428s][info][gc,phases,start] GC(234) Marking Phase
[45.821s][info][gc,phases      ] GC(234) Marking Phase 393.479ms
[45.822s][info][gc,phases,start] GC(234) Summary Phase
[45.822s][info][gc,phases      ] GC(234) Summary Phase 0.030ms
[45.822s][info][gc,phases,start] GC(234) Adjust Roots
[45.822s][info][gc,phases      ] GC(234) Adjust Roots 0.207ms
[45.822s][info][gc,phases,start] GC(234) Compaction Phase
[45.953s][info][gc,phases      ] GC(234) Compaction Phase 131.132ms
[45.953s][info][gc,phases,start] GC(234) Post Compact
[45.956s][info][gc,phases      ] GC(234) Post Compact 3.095ms
[45.956s][info][gc,heap        ] GC(234) PSYoungGen: 25593K(72192K)->25593K(72192K) Eden: 20991K(20992K)->20991K(20992K) From: 4601K(51200K)->4601K(51200K)
[45.956s][info][gc,heap        ] GC(234) ParOldGen: 1706970K(1707008K)->1706970K(1707008K)
[45.956s][info][gc,metaspace   ] GC(234) Metaspace: 6301K(6464K)->6301K(6464K) NonClass: 5768K(5824K)->5768K(5824K) Class: 533K(640K)->533K(640K)
[45.956s][info][gc             ] GC(234) Pause Full (Ergonomics) 1691M->1691M(1737M) 528.275ms
[45.956s][info][gc,cpu         ] GC(234) User=3.80s Sys=0.00s Real=0.53s
[45.957s][info][gc,start       ] GC(235) Pause Full (Ergonomics)
[45.957s][info][gc,phases,start] GC(235) Marking Phase
[46.341s][info][gc,phases      ] GC(235) Marking Phase 384.107ms
[46.341s][info][gc,phases,start] GC(235) Summary Phase
[46.341s][info][gc,phases      ] GC(235) Summary Phase 0.029ms
[46.341s][info][gc,phases,start] GC(235) Adjust Roots
[46.341s][info][gc,phases      ] GC(235) Adjust Roots 0.221ms
[46.341s][info][gc,phases,start] GC(235) Compaction Phase
[46.478s][info][gc,phases      ] GC(235) Compaction Phase 136.942ms
[46.478s][info][gc,phases,start] GC(235) Post Compact
[46.481s][info][gc,phases      ] GC(235) Post Compact 3.297ms
[46.481s][info][gc,heap        ] GC(235) PSYoungGen: 25593K(72192K)->25593K(72192K) Eden: 20991K(20992K)->20991K(20992K) From: 4601K(51200K)->4601K(51200K)
[46.481s][info][gc,heap        ] GC(235) ParOldGen: 1706974K(1707008K)->1706974K(1707008K)
[46.481s][info][gc,metaspace   ] GC(235) Metaspace: 6301K(6464K)->6301K(6464K) NonClass: 5768K(5824K)->5768K(5824K) Class: 533K(640K)->533K(640K)
[46.481s][info][gc             ] GC(235) Pause Full (Ergonomics) 1691M->1691M(1737M) 524.970ms
[46.482s][info][gc,cpu         ] GC(235) User=3.64s Sys=0.00s Real=0.53s
[46.482s][info][gc,start       ] GC(236) Pause Full (Ergonomics)
[46.482s][info][gc,phases,start] GC(236) Marking Phase
[46.876s][info][gc,phases      ] GC(236) Marking Phase 394.085ms
[46.876s][info][gc,phases,start] GC(236) Summary Phase
[46.876s][info][gc,phases      ] GC(236) Summary Phase 0.028ms
[46.876s][info][gc,phases,start] GC(236) Adjust Roots
[46.876s][info][gc,phases      ] GC(236) Adjust Roots 0.202ms
[46.876s][info][gc,phases,start] GC(236) Compaction Phase
[47.009s][info][gc,phases      ] GC(236) Compaction Phase 132.359ms
[47.009s][info][gc,phases,start] GC(236) Post Compact
[47.012s][info][gc,phases      ] GC(236) Post Compact 3.052ms
[47.012s][info][gc,heap        ] GC(236) PSYoungGen: 25593K(72192K)->25593K(72192K) Eden: 20991K(20992K)->20991K(20992K) From: 4601K(51200K)->4601K(51200K)
[47.012s][info][gc,heap        ] GC(236) ParOldGen: 1706979K(1707008K)->1706979K(1707008K)
[47.012s][info][gc,metaspace   ] GC(236) Metaspace: 6301K(6464K)->6301K(6464K) NonClass: 5768K(5824K)->5768K(5824K) Class: 533K(640K)->533K(640K)
[47.012s][info][gc             ] GC(236) Pause Full (Ergonomics) 1691M->1691M(1737M) 530.081ms
[47.012s][info][gc,cpu         ] GC(236) User=3.72s Sys=0.08s Real=0.53s
[47.012s][info][gc,start       ] GC(237) Pause Full (Ergonomics)
[47.012s][info][gc,phases,start] GC(237) Marking Phase
[47.402s][info][gc,phases      ] GC(237) Marking Phase 390.082ms
[47.402s][info][gc,phases,start] GC(237) Summary Phase
[47.402s][info][gc,phases      ] GC(237) Summary Phase 0.030ms
[47.402s][info][gc,phases,start] GC(237) Adjust Roots
[47.403s][info][gc,phases      ] GC(237) Adjust Roots 0.223ms
[47.403s][info][gc,phases,start] GC(237) Compaction Phase
[47.543s][info][gc,phases      ] GC(237) Compaction Phase 140.358ms
[47.543s][info][gc,phases,start] GC(237) Post Compact
[47.546s][info][gc,phases      ] GC(237) Post Compact 3.101ms
[47.546s][info][gc,heap        ] GC(237) PSYoungGen: 25593K(72192K)->25593K(72192K) Eden: 20991K(20992K)->20991K(20992K) From: 4601K(51200K)->4601K(51200K)
[47.546s][info][gc,heap        ] GC(237) ParOldGen: 1706984K(1707008K)->1706984K(1707008K)
[47.546s][info][gc,metaspace   ] GC(237) Metaspace: 6301K(6464K)->6301K(6464K) NonClass: 5768K(5824K)->5768K(5824K) Class: 533K(640K)->533K(640K)
[47.546s][info][gc             ] GC(237) Pause Full (Ergonomics) 1691M->1691M(1737M) 534.149ms
[47.546s][info][gc,cpu         ] GC(237) User=3.70s Sys=0.00s Real=0.54s
[47.547s][info][gc,start       ] GC(238) Pause Full (Ergonomics)
[47.547s][info][gc,phases,start] GC(238) Marking Phase
[47.940s][info][gc,phases      ] GC(238) Marking Phase 392.975ms
[47.940s][info][gc,phases,start] GC(238) Summary Phase
[47.940s][info][gc,phases      ] GC(238) Summary Phase 0.030ms
[47.940s][info][gc,phases,start] GC(238) Adjust Roots
[47.940s][info][gc,phases      ] GC(238) Adjust Roots 0.197ms
[47.940s][info][gc,phases,start] GC(238) Compaction Phase
[48.078s][info][gc,phases      ] GC(238) Compaction Phase 138.443ms
[48.078s][info][gc,phases,start] GC(238) Post Compact
[48.082s][info][gc,phases      ] GC(238) Post Compact 3.233ms
[48.082s][info][gc,heap        ] GC(238) PSYoungGen: 25593K(72192K)->25593K(72192K) Eden: 20991K(20992K)->20991K(20992K) From: 4601K(51200K)->4601K(51200K)
[48.082s][info][gc,heap        ] GC(238) ParOldGen: 1706988K(1707008K)->1706988K(1707008K)
[48.082s][info][gc,metaspace   ] GC(238) Metaspace: 6301K(6464K)->6301K(6464K) NonClass: 5768K(5824K)->5768K(5824K) Class: 533K(640K)->533K(640K)
[48.082s][info][gc             ] GC(238) Pause Full (Ergonomics) 1691M->1691M(1737M) 535.224ms
[48.082s][info][gc,cpu         ] GC(238) User=3.81s Sys=0.03s Real=0.53s
[48.082s][info][gc,start       ] GC(239) Pause Full (Ergonomics)
[48.082s][info][gc,phases,start] GC(239) Marking Phase
[48.475s][info][gc,phases      ] GC(239) Marking Phase 392.365ms
[48.475s][info][gc,phases,start] GC(239) Summary Phase
[48.475s][info][gc,phases      ] GC(239) Summary Phase 0.029ms
[48.475s][info][gc,phases,start] GC(239) Adjust Roots
[48.475s][info][gc,phases      ] GC(239) Adjust Roots 0.289ms
[48.475s][info][gc,phases,start] GC(239) Compaction Phase
[48.609s][info][gc,phases      ] GC(239) Compaction Phase 133.889ms
[48.609s][info][gc,phases,start] GC(239) Post Compact
[48.612s][info][gc,phases      ] GC(239) Post Compact 3.366ms
[48.612s][info][gc,heap        ] GC(239) PSYoungGen: 25593K(72192K)->25593K(72192K) Eden: 20991K(20992K)->20991K(20992K) From: 4601K(51200K)->4601K(51200K)
[48.613s][info][gc,heap        ] GC(239) ParOldGen: 1706993K(1707008K)->1706993K(1707008K)
[48.613s][info][gc,metaspace   ] GC(239) Metaspace: 6301K(6464K)->6301K(6464K) NonClass: 5768K(5824K)->5768K(5824K) Class: 533K(640K)->533K(640K)
[48.613s][info][gc             ] GC(239) Pause Full (Ergonomics) 1691M->1691M(1737M) 530.377ms
[48.613s][info][gc,cpu         ] GC(239) User=3.92s Sys=0.02s Real=0.53s
[48.613s][info][gc,start       ] GC(240) Pause Full (Ergonomics)
[48.613s][info][gc,phases,start] GC(240) Marking Phase
[49.010s][info][gc,phases      ] GC(240) Marking Phase 396.745ms
[49.010s][info][gc,phases,start] GC(240) Summary Phase
[49.010s][info][gc,phases      ] GC(240) Summary Phase 0.029ms
[49.010s][info][gc,phases,start] GC(240) Adjust Roots
[49.010s][info][gc,phases      ] GC(240) Adjust Roots 0.202ms
[49.010s][info][gc,phases,start] GC(240) Compaction Phase
[49.140s][info][gc,phases      ] GC(240) Compaction Phase 129.924ms
[49.140s][info][gc,phases,start] GC(240) Post Compact
[49.143s][info][gc,phases      ] GC(240) Post Compact 3.038ms
[49.143s][info][gc,heap        ] GC(240) PSYoungGen: 25593K(72192K)->25593K(72192K) Eden: 20991K(20992K)->20991K(20992K) From: 4601K(51200K)->4601K(51200K)
[49.143s][info][gc,heap        ] GC(240) ParOldGen: 1706998K(1707008K)->1706998K(1707008K)
[49.143s][info][gc,metaspace   ] GC(240) Metaspace: 6301K(6464K)->6301K(6464K) NonClass: 5768K(5824K)->5768K(5824K) Class: 533K(640K)->533K(640K)
[49.143s][info][gc             ] GC(240) Pause Full (Ergonomics) 1691M->1691M(1737M) 530.290ms
[49.143s][info][gc,cpu         ] GC(240) User=3.81s Sys=0.05s Real=0.53s
[49.143s][info][gc,start       ] GC(241) Pause Full (Ergonomics)
[49.144s][info][gc,phases,start] GC(241) Marking Phase
[49.539s][info][gc,phases      ] GC(241) Marking Phase 395.831ms
[49.539s][info][gc,phases,start] GC(241) Summary Phase
[49.539s][info][gc,phases      ] GC(241) Summary Phase 0.034ms
[49.539s][info][gc,phases,start] GC(241) Adjust Roots
[49.540s][info][gc,phases      ] GC(241) Adjust Roots 0.262ms
[49.540s][info][gc,phases,start] GC(241) Compaction Phase
[49.669s][info][gc,phases      ] GC(241) Compaction Phase 128.906ms
[49.669s][info][gc,phases,start] GC(241) Post Compact
[49.672s][info][gc,phases      ] GC(241) Post Compact 3.219ms
[49.672s][info][gc,heap        ] GC(241) PSYoungGen: 25593K(72192K)->25593K(72192K) Eden: 20991K(20992K)->20991K(20992K) From: 4601K(51200K)->4601K(51200K)
[49.672s][info][gc,heap        ] GC(241) ParOldGen: 1707002K(1707008K)->1707002K(1707008K)
[49.672s][info][gc,metaspace   ] GC(241) Metaspace: 6301K(6464K)->6301K(6464K) NonClass: 5768K(5824K)->5768K(5824K) Class: 533K(640K)->533K(640K)
[49.672s][info][gc             ] GC(241) Pause Full (Ergonomics) 1691M->1691M(1737M) 528.627ms
[49.672s][info][gc,cpu         ] GC(241) User=3.84s Sys=0.00s Real=0.53s
[49.672s][info][gc,start       ] GC(242) Pause Full (Ergonomics)
[49.673s][info][gc,phases,start] GC(242) Marking Phase
[50.066s][info][gc,phases      ] GC(242) Marking Phase 393.214ms
[50.066s][info][gc,phases,start] GC(242) Summary Phase
[50.066s][info][gc,phases      ] GC(242) Summary Phase 0.048ms
[50.066s][info][gc,phases,start] GC(242) Adjust Roots
[50.066s][info][gc,phases      ] GC(242) Adjust Roots 0.218ms
[50.066s][info][gc,phases,start] GC(242) Compaction Phase
[50.199s][info][gc,phases      ] GC(242) Compaction Phase 133.383ms
[50.200s][info][gc,phases,start] GC(242) Post Compact
[50.203s][info][gc,phases      ] GC(242) Post Compact 3.266ms
[50.203s][info][gc,heap        ] GC(242) PSYoungGen: 25593K(72192K)->25593K(72192K) Eden: 20991K(20992K)->20991K(20992K) From: 4601K(51200K)->4601K(51200K)
[50.203s][info][gc,heap        ] GC(242) ParOldGen: 1707007K(1707008K)->1707007K(1707008K)
[50.203s][info][gc,metaspace   ] GC(242) Metaspace: 6301K(6464K)->6301K(6464K) NonClass: 5768K(5824K)->5768K(5824K) Class: 533K(640K)->533K(640K)
[50.203s][info][gc             ] GC(242) Pause Full (Ergonomics) 1691M->1691M(1737M) 530.505ms
[50.203s][info][gc,cpu         ] GC(242) User=3.88s Sys=0.00s Real=0.53s
[50.203s][info][gc,start       ] GC(243) Pause Full (Ergonomics)
[50.203s][info][gc,phases,start] GC(243) Marking Phase
[50.591s][info][gc,phases      ] GC(243) Marking Phase 387.650ms
[50.591s][info][gc,phases,start] GC(243) Summary Phase
[50.591s][info][gc,phases      ] GC(243) Summary Phase 0.035ms
[50.591s][info][gc,phases,start] GC(243) Adjust Roots
[50.591s][info][gc,phases      ] GC(243) Adjust Roots 0.231ms
[50.591s][info][gc,phases,start] GC(243) Compaction Phase
[50.718s][info][gc,phases      ] GC(243) Compaction Phase 127.106ms
[50.718s][info][gc,phases,start] GC(243) Post Compact
[50.722s][info][gc,phases      ] GC(243) Post Compact 3.080ms
[50.722s][info][gc,heap        ] GC(243) PSYoungGen: 25593K(72192K)->25593K(72192K) Eden: 20991K(20992K)->20991K(20992K) From: 4601K(51200K)->4601K(51200K)
[50.722s][info][gc,heap        ] GC(243) ParOldGen: 1707007K(1707008K)->1707007K(1707008K)
[50.722s][info][gc,metaspace   ] GC(243) Metaspace: 6301K(6464K)->6301K(6464K) NonClass: 5768K(5824K)->5768K(5824K) Class: 533K(640K)->533K(640K)
[50.722s][info][gc             ] GC(243) Pause Full (Ergonomics) 1691M->1691M(1737M) 518.439ms
[50.722s][info][gc,cpu         ] GC(243) User=3.84s Sys=0.02s Real=0.52s
[50.722s][info][gc,start       ] GC(244) Pause Full (Allocation Failure)
[50.722s][info][gc,phases,start] GC(244) Marking Phase
[51.126s][info][gc,phases      ] GC(244) Marking Phase 403.899ms
[51.126s][info][gc,phases,start] GC(244) Summary Phase
[51.126s][info][gc,phases      ] GC(244) Summary Phase 0.032ms
[51.126s][info][gc,phases,start] GC(244) Adjust Roots
[51.126s][info][gc,phases      ] GC(244) Adjust Roots 0.339ms
[51.126s][info][gc,phases,start] GC(244) Compaction Phase
[51.576s][info][gc,phases      ] GC(244) Compaction Phase 450.263ms
[51.577s][info][gc,phases,start] GC(244) Post Compact
[51.580s][info][gc,phases      ] GC(244) Post Compact 3.394ms
[51.580s][info][gc,heap        ] GC(244) PSYoungGen: 25593K(72192K)->25593K(72192K) Eden: 20991K(20992K)->20991K(20992K) From: 4601K(51200K)->4601K(51200K)
[51.580s][info][gc,heap        ] GC(244) ParOldGen: 1707007K(1707008K)->1707003K(1707008K)
[51.580s][info][gc,metaspace   ] GC(244) Metaspace: 6301K(6464K)->6300K(6464K) NonClass: 5768K(5824K)->5767K(5824K) Class: 533K(640K)->532K(640K)
[51.580s][info][gc             ] GC(244) Pause Full (Allocation Failure) 1691M->1691M(1737M) 858.274ms
[51.580s][info][gc,cpu         ] GC(244) User=6.34s Sys=0.14s Real=0.86s
[51.581s][info][gc,start       ] GC(245) Pause Full (Ergonomics)
[51.581s][info][gc,phases,start] GC(245) Marking Phase
[51.979s][info][gc,phases      ] GC(245) Marking Phase 397.945ms
[51.979s][info][gc,phases,start] GC(245) Summary Phase
[51.979s][info][gc,phases      ] GC(245) Summary Phase 0.030ms
[51.979s][info][gc,phases,start] GC(245) Adjust Roots
[51.979s][info][gc,phases      ] GC(245) Adjust Roots 0.247ms
[51.979s][info][gc,phases,start] GC(245) Compaction Phase
[52.110s][info][gc,phases      ] GC(245) Compaction Phase 130.503ms
[52.110s][info][gc,phases,start] GC(245) Post Compact
[52.113s][info][gc,phases      ] GC(245) Post Compact 3.207ms
[52.113s][info][gc,heap        ] GC(245) PSYoungGen: 25593K(72192K)->25593K(72192K) Eden: 20991K(20992K)->20991K(20992K) From: 4601K(51200K)->4601K(51200K)
[52.113s][info][gc,heap        ] GC(245) ParOldGen: 1707007K(1707008K)->1707007K(1707008K)
[52.113s][info][gc,metaspace   ] GC(245) Metaspace: 6300K(6464K)->6300K(6464K) NonClass: 5767K(5824K)->5767K(5824K) Class: 532K(640K)->532K(640K)
[52.113s][info][gc             ] GC(245) Pause Full (Ergonomics) 1691M->1691M(1737M) 532.293ms
[52.113s][info][gc,cpu         ] GC(245) User=3.73s Sys=0.06s Real=0.53s
[52.114s][info][gc,start       ] GC(246) Pause Full (Ergonomics)
[52.114s][info][gc,phases,start] GC(246) Marking Phase
[52.515s][info][gc,phases      ] GC(246) Marking Phase 401.440ms
[52.515s][info][gc,phases,start] GC(246) Summary Phase
[52.515s][info][gc,phases      ] GC(246) Summary Phase 0.029ms
[52.515s][info][gc,phases,start] GC(246) Adjust Roots
[52.515s][info][gc,phases      ] GC(246) Adjust Roots 0.248ms
[52.515s][info][gc,phases,start] GC(246) Compaction Phase
[52.645s][info][gc,phases      ] GC(246) Compaction Phase 129.704ms
[52.645s][info][gc,phases,start] GC(246) Post Compact
[52.648s][info][gc,phases      ] GC(246) Post Compact 3.257ms
[52.649s][info][gc,heap        ] GC(246) PSYoungGen: 25593K(72192K)->25593K(72192K) Eden: 20991K(20992K)->20991K(20992K) From: 4601K(51200K)->4601K(51200K)
[52.649s][info][gc,heap        ] GC(246) ParOldGen: 1707007K(1707008K)->1707007K(1707008K)
[52.649s][info][gc,metaspace   ] GC(246) Metaspace: 6300K(6464K)->6300K(6464K) NonClass: 5767K(5824K)->5767K(5824K) Class: 532K(640K)->532K(640K)
[52.649s][info][gc             ] GC(246) Pause Full (Ergonomics) 1691M->1691M(1737M) 535.088ms
[52.649s][info][gc,cpu         ] GC(246) User=3.97s Sys=0.02s Real=0.54s
[52.649s][info][gc,start       ] GC(247) Pause Full (Allocation Failure)
[52.649s][info][gc,phases,start] GC(247) Marking Phase
[53.045s][info][gc,phases      ] GC(247) Marking Phase 396.491ms
[53.045s][info][gc,phases,start] GC(247) Summary Phase
[53.045s][info][gc,phases      ] GC(247) Summary Phase 0.029ms
[53.045s][info][gc,phases,start] GC(247) Adjust Roots
[53.046s][info][gc,phases      ] GC(247) Adjust Roots 0.210ms
[53.046s][info][gc,phases,start] GC(247) Compaction Phase
[53.182s][info][gc,phases      ] GC(247) Compaction Phase 136.344ms
[53.182s][info][gc,phases,start] GC(247) Post Compact
[53.185s][info][gc,phases      ] GC(247) Post Compact 3.107ms
[53.185s][info][gc,heap        ] GC(247) PSYoungGen: 25593K(72192K)->25593K(72192K) Eden: 20991K(20992K)->20991K(20992K) From: 4601K(51200K)->4601K(51200K)
[53.185s][info][gc,heap        ] GC(247) ParOldGen: 1707007K(1707008K)->1707007K(1707008K)
[53.185s][info][gc,metaspace   ] GC(247) Metaspace: 6300K(6464K)->6300K(6464K) NonClass: 5767K(5824K)->5767K(5824K) Class: 532K(640K)->532K(640K)
[53.185s][info][gc             ] GC(247) Pause Full (Allocation Failure) 1691M->1691M(1737M) 536.514ms
[53.185s][info][gc,cpu         ] GC(247) User=3.75s Sys=0.02s Real=0.54s
[53.186s][info][gc,start       ] GC(248) Pause Full (Ergonomics)
[53.186s][info][gc,phases,start] GC(248) Marking Phase
[53.582s][info][gc,phases      ] GC(248) Marking Phase 396.546ms
[53.582s][info][gc,phases,start] GC(248) Summary Phase
[53.582s][info][gc,phases      ] GC(248) Summary Phase 0.029ms
[53.582s][info][gc,phases,start] GC(248) Adjust Roots
[53.583s][info][gc,phases      ] GC(248) Adjust Roots 0.281ms
[53.583s][info][gc,phases,start] GC(248) Compaction Phase
[54.043s][info][gc,phases      ] GC(248) Compaction Phase 460.653ms
[54.044s][info][gc,phases,start] GC(248) Post Compact
[54.047s][info][gc,phases      ] GC(248) Post Compact 3.225ms
[54.047s][info][gc,heap        ] GC(248) PSYoungGen: 25593K(72192K)->25593K(72192K) Eden: 20991K(20992K)->20991K(20992K) From: 4601K(51200K)->4601K(51200K)
[54.047s][info][gc,heap        ] GC(248) ParOldGen: 1707007K(1707008K)->1707006K(1707008K)
[54.047s][info][gc,metaspace   ] GC(248) Metaspace: 6300K(6464K)->6300K(6464K) NonClass: 5767K(5824K)->5767K(5824K) Class: 532K(640K)->532K(640K)
[54.047s][info][gc             ] GC(248) Pause Full (Ergonomics) 1691M->1691M(1737M) 861.134ms
[54.047s][info][gc,cpu         ] GC(248) User=6.28s Sys=0.08s Real=0.86s
[54.048s][info][gc,start       ] GC(249) Pause Full (Ergonomics)
[54.048s][info][gc,phases,start] GC(249) Marking Phase
[54.442s][info][gc,phases      ] GC(249) Marking Phase 393.776ms
[54.442s][info][gc,phases,start] GC(249) Summary Phase
[54.442s][info][gc,phases      ] GC(249) Summary Phase 0.029ms
[54.442s][info][gc,phases,start] GC(249) Adjust Roots
[54.442s][info][gc,phases      ] GC(249) Adjust Roots 0.302ms
[54.443s][info][gc,phases,start] GC(249) Compaction Phase
[54.888s][info][gc,phases      ] GC(249) Compaction Phase 445.075ms
[54.888s][info][gc,phases,start] GC(249) Post Compact
[54.891s][info][gc,phases      ] GC(249) Post Compact 3.265ms
[54.891s][info][gc,heap        ] GC(249) PSYoungGen: 25593K(72192K)->25593K(72192K) Eden: 20992K(20992K)->20992K(20992K) From: 4601K(51200K)->4601K(51200K)
[54.891s][info][gc,heap        ] GC(249) ParOldGen: 1707007K(1707008K)->1707005K(1707008K)
[54.891s][info][gc,metaspace   ] GC(249) Metaspace: 6301K(6464K)->6301K(6464K) NonClass: 5767K(5824K)->5767K(5824K) Class: 533K(640K)->533K(640K)
[54.891s][info][gc             ] GC(249) Pause Full (Ergonomics) 1691M->1691M(1737M) 842.813ms
[54.891s][info][gc,cpu         ] GC(249) User=6.06s Sys=0.17s Real=0.84s
[54.892s][info][gc,heap,exit   ] Heap
[54.892s][info][gc,heap,exit   ]  PSYoungGen      total 72192K, used 25593K [0x00000007cbf00000, 0x00000007d4180000, 0x0000000800000000)
[54.892s][info][gc,heap,exit   ]   eden space 20992K, 100% used [0x00000007cbf00000,0x00000007cd380000,0x00000007cd380000)
[54.892s][info][gc,heap,exit   ]   from space 51200K, 8% used [0x00000007d0a00000,0x00000007d0e7e6c8,0x00000007d3c00000)
[54.892s][info][gc,heap,exit   ]   to   space 54784K, 0% used [0x00000007cd380000,0x00000007cd380000,0x00000007d0900000)
[54.892s][info][gc,heap,exit   ]  ParOldGen       total 1707008K, used 1707006K [0x0000000763c00000, 0x00000007cbf00000, 0x00000007cbf00000)
[54.892s][info][gc,heap,exit   ]   object space 1707008K, 99% used [0x0000000763c00000,0x00000007cbeff808,0x00000007cbf00000)
[54.892s][info][gc,heap,exit   ]  Metaspace       used 6304K, committed 6528K, reserved 1114112K
[54.892s][info][gc,heap,exit   ]   class space    used 534K, committed 640K, reserved 1048576K
