[0.015s][info][gc,init] CardTable entry size: 512
[0.015s][info][gc     ] Using Parallel
[0.016s][info][gc,init] Version: 18.0.1+10 (release)
[0.016s][info][gc,init] CPUs: 8 total, 8 available
[0.016s][info][gc,init] Memory: 16063M
[0.016s][info][gc,init] Large Page Support: Disabled
[0.016s][info][gc,init] NUMA Support: Disabled
[0.016s][info][gc,init] Compressed Oops: Enabled (32-bit)
[0.016s][info][gc,init] Alignments: Space 512K, Generation 512K, Heap 2M
[0.016s][info][gc,init] Heap Min Capacity: 2M
[0.016s][info][gc,init] Heap Initial Capacity: 2M
[0.016s][info][gc,init] Heap Max Capacity: 1500M
[0.016s][info][gc,init] Pre-touch: Disabled
[0.016s][info][gc,init] Parallel Workers: 2
[0.017s][info][gc,metaspace] CDS archive(s) not mapped
[0.017s][info][gc,metaspace] Compressed class space mapped at: 0x0000000100000000-0x0000000140000000, reserved size: 1073741824
[0.017s][info][gc,metaspace] Narrow klass base: 0x0000000000000000, Narrow klass shift: 3, Narrow klass range: 0x140000000
[0.180s][info][gc,start    ] GC(0) Pause Young (Allocation Failure)
[0.182s][info][gc,heap     ] GC(0) PSYoungGen: 512K(1024K)->480K(1024K) Eden: 512K(512K)->0K(512K) From: 0K(512K)->480K(512K)
[0.182s][info][gc,heap     ] GC(0) ParOldGen: 0K(512K)->8K(512K)
[0.182s][info][gc,metaspace] GC(0) Metaspace: 4229K(4352K)->4229K(4352K) NonClass: 3908K(3968K)->3908K(3968K) Class: 321K(384K)->321K(384K)
[0.182s][info][gc          ] GC(0) Pause Young (Allocation Failure) 0M->0M(1M) 2.092ms
[0.182s][info][gc,cpu      ] GC(0) User=0.00s Sys=0.00s Real=0.00s
[0.279s][info][gc,start    ] GC(1) Pause Young (Allocation Failure)
[0.280s][info][gc,heap     ] GC(1) PSYoungGen: 991K(1024K)->512K(1536K) Eden: 511K(512K)->0K(1024K) From: 480K(512K)->512K(512K)
[0.280s][info][gc,heap     ] GC(1) ParOldGen: 8K(512K)->80K(512K)
[0.280s][info][gc,metaspace] GC(1) Metaspace: 5882K(6016K)->5882K(6016K) NonClass: 5385K(5504K)->5385K(5504K) Class: 496K(512K)->496K(512K)
[0.280s][info][gc          ] GC(1) Pause Young (Allocation Failure) 0M->0M(2M) 1.301ms
[0.281s][info][gc,cpu      ] GC(1) User=0.00s Sys=0.00s Real=0.00s
[0.310s][info][gc,start    ] GC(2) Pause Young (Allocation Failure)
[0.312s][info][gc,heap     ] GC(2) PSYoungGen: 1536K(1536K)->512K(1536K) Eden: 1024K(1024K)->0K(1024K) From: 512K(512K)->512K(512K)
[0.312s][info][gc,heap     ] GC(2) ParOldGen: 80K(512K)->496K(512K)
[0.312s][info][gc,metaspace] GC(2) Metaspace: 6300K(6464K)->6300K(6464K) NonClass: 5767K(5824K)->5767K(5824K) Class: 533K(640K)->533K(640K)
[0.312s][info][gc          ] GC(2) Pause Young (Allocation Failure) 1M->0M(2M) 1.826ms
[0.312s][info][gc,cpu      ] GC(2) User=0.00s Sys=0.00s Real=0.00s
[0.312s][info][gc,start    ] GC(3) Pause Full (Ergonomics)
[0.312s][info][gc,phases,start] GC(3) Marking Phase
[0.314s][info][gc,phases      ] GC(3) Marking Phase 1.408ms
[0.314s][info][gc,phases,start] GC(3) Summary Phase
[0.314s][info][gc,phases      ] GC(3) Summary Phase 0.018ms
[0.314s][info][gc,phases,start] GC(3) Adjust Roots
[0.314s][info][gc,phases      ] GC(3) Adjust Roots 0.501ms
[0.314s][info][gc,phases,start] GC(3) Compaction Phase
[0.317s][info][gc,phases      ] GC(3) Compaction Phase 2.072ms
[0.317s][info][gc,phases,start] GC(3) Post Compact
[0.317s][info][gc,phases      ] GC(3) Post Compact 0.092ms
[0.317s][info][gc,heap        ] GC(3) PSYoungGen: 512K(1536K)->511K(1536K) Eden: 0K(1024K)->0K(1024K) From: 512K(512K)->511K(512K)
[0.317s][info][gc,heap        ] GC(3) ParOldGen: 496K(512K)->469K(2048K)
[0.317s][info][gc,metaspace   ] GC(3) Metaspace: 6300K(6464K)->6300K(6464K) NonClass: 5767K(5824K)->5767K(5824K) Class: 533K(640K)->533K(640K)
[0.317s][info][gc             ] GC(3) Pause Full (Ergonomics) 0M->0M(3M) 4.423ms
[0.317s][info][gc,cpu         ] GC(3) User=0.00s Sys=0.00s Real=0.01s
[0.320s][info][gc,start       ] GC(4) Pause Young (Allocation Failure)
[0.322s][info][gc,heap        ] GC(4) PSYoungGen: 1535K(1536K)->480K(2560K) Eden: 1024K(1024K)->0K(2048K) From: 511K(512K)->480K(512K)
[0.322s][info][gc,heap        ] GC(4) ParOldGen: 469K(2048K)->1030K(2048K)
[0.322s][info][gc,metaspace   ] GC(4) Metaspace: 6300K(6464K)->6300K(6464K) NonClass: 5767K(5824K)->5767K(5824K) Class: 533K(640K)->533K(640K)
[0.322s][info][gc             ] GC(4) Pause Young (Allocation Failure) 1M->1M(4M) 2.340ms
[0.322s][info][gc,cpu         ] GC(4) User=0.00s Sys=0.00s Real=0.00s
[0.328s][info][gc,start       ] GC(5) Pause Young (Allocation Failure)
[0.330s][info][gc,heap        ] GC(5) PSYoungGen: 2528K(2560K)->480K(2560K) Eden: 2048K(2048K)->0K(2048K) From: 480K(512K)->480K(512K)
[0.330s][info][gc,heap        ] GC(5) ParOldGen: 1030K(2048K)->2102K(2560K)
[0.330s][info][gc,metaspace   ] GC(5) Metaspace: 6300K(6464K)->6300K(6464K) NonClass: 5767K(5824K)->5767K(5824K) Class: 533K(640K)->533K(640K)
[0.330s][info][gc             ] GC(5) Pause Young (Allocation Failure) 3M->2M(5M) 2.231ms
[0.330s][info][gc,cpu         ] GC(5) User=0.00s Sys=0.00s Real=0.00s
[0.330s][info][gc,start       ] GC(6) Pause Full (Ergonomics)
[0.330s][info][gc,phases,start] GC(6) Marking Phase
[0.332s][info][gc,phases      ] GC(6) Marking Phase 1.990ms
[0.332s][info][gc,phases,start] GC(6) Summary Phase
[0.332s][info][gc,phases      ] GC(6) Summary Phase 0.020ms
[0.332s][info][gc,phases,start] GC(6) Adjust Roots
[0.333s][info][gc,phases      ] GC(6) Adjust Roots 0.445ms
[0.333s][info][gc,phases,start] GC(6) Compaction Phase
[0.336s][info][gc,phases      ] GC(6) Compaction Phase 2.873ms
[0.336s][info][gc,phases,start] GC(6) Post Compact
[0.336s][info][gc,phases      ] GC(6) Post Compact 0.044ms
[0.336s][info][gc,heap        ] GC(6) PSYoungGen: 480K(2560K)->0K(4096K) Eden: 0K(2048K)->0K(3072K) From: 480K(512K)->0K(1024K)
[0.336s][info][gc,heap        ] GC(6) ParOldGen: 2102K(2560K)->2542K(6144K)
[0.336s][info][gc,metaspace   ] GC(6) Metaspace: 6300K(6464K)->6300K(6464K) NonClass: 5767K(5824K)->5767K(5824K) Class: 533K(640K)->533K(640K)
[0.336s][info][gc             ] GC(6) Pause Full (Ergonomics) 2M->2M(10M) 5.812ms
[0.336s][info][gc,cpu         ] GC(6) User=0.00s Sys=0.00s Real=0.01s
[0.343s][info][gc,start       ] GC(7) Pause Young (Allocation Failure)
[0.345s][info][gc,heap        ] GC(7) PSYoungGen: 3072K(4096K)->1664K(5120K) Eden: 3072K(3072K)->0K(3072K) From: 0K(1024K)->1664K(2048K)
[0.346s][info][gc,heap        ] GC(7) ParOldGen: 2542K(6144K)->2542K(6144K)
[0.346s][info][gc,metaspace   ] GC(7) Metaspace: 6300K(6464K)->6300K(6464K) NonClass: 5767K(5824K)->5767K(5824K) Class: 533K(640K)->533K(640K)
[0.346s][info][gc             ] GC(7) Pause Young (Allocation Failure) 5M->4M(11M) 2.513ms
[0.346s][info][gc,cpu         ] GC(7) User=0.00s Sys=0.00s Real=0.00s
[0.354s][info][gc,start       ] GC(8) Pause Young (Allocation Failure)
[0.358s][info][gc,heap        ] GC(8) PSYoungGen: 4736K(5120K)->2016K(5632K) Eden: 3072K(3072K)->0K(3584K) From: 1664K(2048K)->2016K(2048K)
[0.358s][info][gc,heap        ] GC(8) ParOldGen: 2542K(6144K)->3766K(6144K)
[0.358s][info][gc,metaspace   ] GC(8) Metaspace: 6300K(6464K)->6300K(6464K) NonClass: 5767K(5824K)->5767K(5824K) Class: 533K(640K)->533K(640K)
[0.358s][info][gc             ] GC(8) Pause Young (Allocation Failure) 7M->5M(11M) 4.229ms
[0.359s][info][gc,cpu         ] GC(8) User=0.00s Sys=0.00s Real=0.00s
[0.368s][info][gc,start       ] GC(9) Pause Young (Allocation Failure)
[0.373s][info][gc,heap        ] GC(9) PSYoungGen: 5600K(5632K)->3040K(6656K) Eden: 3584K(3584K)->0K(3584K) From: 2016K(2048K)->3040K(3072K)
[0.373s][info][gc,heap        ] GC(9) ParOldGen: 3766K(6144K)->4606K(6144K)
[0.373s][info][gc,metaspace   ] GC(9) Metaspace: 6300K(6464K)->6300K(6464K) NonClass: 5767K(5824K)->5767K(5824K) Class: 533K(640K)->533K(640K)
[0.373s][info][gc             ] GC(9) Pause Young (Allocation Failure) 9M->7M(12M) 5.115ms
[0.373s][info][gc,cpu         ] GC(9) User=0.00s Sys=0.00s Real=0.00s
[0.380s][info][gc,start       ] GC(10) Pause Young (Allocation Failure)
[0.386s][info][gc,heap        ] GC(10) PSYoungGen: 6624K(6656K)->4064K(9216K) Eden: 3584K(3584K)->0K(5120K) From: 3040K(3072K)->4064K(4096K)
[0.386s][info][gc,heap        ] GC(10) ParOldGen: 4606K(6144K)->5446K(6144K)
[0.386s][info][gc,metaspace   ] GC(10) Metaspace: 6300K(6464K)->6300K(6464K) NonClass: 5767K(5824K)->5767K(5824K) Class: 533K(640K)->533K(640K)
[0.386s][info][gc             ] GC(10) Pause Young (Allocation Failure) 10M->9M(15M) 5.354ms
[0.386s][info][gc,cpu         ] GC(10) User=0.00s Sys=0.00s Real=0.01s
[0.386s][info][gc,start       ] GC(11) Pause Full (Ergonomics)
[0.386s][info][gc,phases,start] GC(11) Marking Phase
[0.392s][info][gc,phases      ] GC(11) Marking Phase 6.631ms
[0.393s][info][gc,phases,start] GC(11) Summary Phase
[0.393s][info][gc,phases      ] GC(11) Summary Phase 0.021ms
[0.393s][info][gc,phases,start] GC(11) Adjust Roots
[0.393s][info][gc,phases      ] GC(11) Adjust Roots 0.598ms
[0.393s][info][gc,phases,start] GC(11) Compaction Phase
[0.403s][info][gc,phases      ] GC(11) Compaction Phase 9.954ms
[0.403s][info][gc,phases,start] GC(11) Post Compact
[0.403s][info][gc,phases      ] GC(11) Post Compact 0.068ms
[0.403s][info][gc,heap        ] GC(11) PSYoungGen: 4064K(9216K)->3545K(9216K) Eden: 0K(5120K)->0K(5120K) From: 4064K(4096K)->3545K(4096K)
[0.403s][info][gc,heap        ] GC(11) ParOldGen: 5446K(6144K)->5820K(10752K)
[0.403s][info][gc,metaspace   ] GC(11) Metaspace: 6300K(6464K)->6300K(6464K) NonClass: 5767K(5824K)->5767K(5824K) Class: 533K(640K)->533K(640K)
[0.404s][info][gc             ] GC(11) Pause Full (Ergonomics) 9M->9M(19M) 17.709ms
[0.404s][info][gc,cpu         ] GC(11) User=0.02s Sys=0.02s Real=0.02s
[0.429s][info][gc,start       ] GC(12) Pause Young (Allocation Failure)
[0.436s][info][gc,heap        ] GC(12) PSYoungGen: 8665K(9216K)->5088K(10240K) Eden: 5120K(5120K)->0K(5120K) From: 3545K(4096K)->5088K(5120K)
[0.436s][info][gc,heap        ] GC(12) ParOldGen: 5820K(10752K)->6940K(10752K)
[0.436s][info][gc,metaspace   ] GC(12) Metaspace: 6300K(6464K)->6300K(6464K) NonClass: 5767K(5824K)->5767K(5824K) Class: 533K(640K)->533K(640K)
[0.436s][info][gc             ] GC(12) Pause Young (Allocation Failure) 14M->11M(20M) 6.772ms
[0.436s][info][gc,cpu         ] GC(12) User=0.02s Sys=0.00s Real=0.01s
[0.444s][info][gc,start       ] GC(13) Pause Young (Allocation Failure)
[0.452s][info][gc,heap        ] GC(13) PSYoungGen: 10208K(10240K)->6464K(12800K) Eden: 5120K(5120K)->0K(6144K) From: 5088K(5120K)->6464K(6656K)
[0.452s][info][gc,heap        ] GC(13) ParOldGen: 6940K(10752K)->8236K(10752K)
[0.452s][info][gc,metaspace   ] GC(13) Metaspace: 6302K(6464K)->6302K(6464K) NonClass: 5769K(5824K)->5769K(5824K) Class: 533K(640K)->533K(640K)
[0.452s][info][gc             ] GC(13) Pause Young (Allocation Failure) 16M->14M(23M) 8.123ms
[0.452s][info][gc,cpu         ] GC(13) User=0.02s Sys=0.00s Real=0.01s
[0.458s][info][gc,start       ] GC(14) Pause Young (Allocation Failure)
[0.465s][info][gc,heap        ] GC(14) PSYoungGen: 12608K(12800K)->5824K(13824K) Eden: 6144K(6144K)->0K(6144K) From: 6464K(6656K)->5824K(7680K)
[0.465s][info][gc,heap        ] GC(14) ParOldGen: 8236K(10752K)->12108K(12288K)
[0.465s][info][gc,metaspace   ] GC(14) Metaspace: 6302K(6464K)->6302K(6464K) NonClass: 5769K(5824K)->5769K(5824K) Class: 533K(640K)->533K(640K)
[0.465s][info][gc             ] GC(14) Pause Young (Allocation Failure) 20M->17M(25M) 7.226ms
[0.465s][info][gc,cpu         ] GC(14) User=0.00s Sys=0.00s Real=0.01s
[0.465s][info][gc,start       ] GC(15) Pause Full (Ergonomics)
[0.465s][info][gc,phases,start] GC(15) Marking Phase
[0.475s][info][gc,phases      ] GC(15) Marking Phase 10.144ms
[0.475s][info][gc,phases,start] GC(15) Summary Phase
[0.475s][info][gc,phases      ] GC(15) Summary Phase 0.023ms
[0.475s][info][gc,phases,start] GC(15) Adjust Roots
[0.476s][info][gc,phases      ] GC(15) Adjust Roots 0.319ms
[0.476s][info][gc,phases,start] GC(15) Compaction Phase
[0.485s][info][gc,phases      ] GC(15) Compaction Phase 9.190ms
[0.485s][info][gc,phases,start] GC(15) Post Compact
[0.485s][info][gc,phases      ] GC(15) Post Compact 0.132ms
[0.485s][info][gc,heap        ] GC(15) PSYoungGen: 5824K(13824K)->5780K(13824K) Eden: 0K(6144K)->0K(6144K) From: 5824K(7680K)->5780K(7680K)
[0.485s][info][gc,heap        ] GC(15) ParOldGen: 12108K(12288K)->11997K(18944K)
[0.485s][info][gc,metaspace   ] GC(15) Metaspace: 6302K(6464K)->6302K(6464K) NonClass: 5769K(5824K)->5769K(5824K) Class: 533K(640K)->533K(640K)
[0.485s][info][gc             ] GC(15) Pause Full (Ergonomics) 17M->17M(32M) 20.422ms
[0.485s][info][gc,cpu         ] GC(15) User=0.00s Sys=0.00s Real=0.02s
[0.491s][info][gc,start       ] GC(16) Pause Young (Allocation Failure)
[0.500s][info][gc,heap        ] GC(16) PSYoungGen: 11924K(13824K)->3200K(15360K) Eden: 6144K(6144K)->0K(8704K) From: 5780K(7680K)->3200K(6656K)
[0.500s][info][gc,heap        ] GC(16) ParOldGen: 11997K(18944K)->17877K(18944K)
[0.500s][info][gc,metaspace   ] GC(16) Metaspace: 6302K(6464K)->6302K(6464K) NonClass: 5769K(5824K)->5769K(5824K) Class: 533K(640K)->533K(640K)
[0.500s][info][gc             ] GC(16) Pause Young (Allocation Failure) 23M->20M(33M) 9.108ms
[0.500s][info][gc,cpu         ] GC(16) User=0.00s Sys=0.02s Real=0.01s
[0.500s][info][gc,start       ] GC(17) Pause Full (Ergonomics)
[0.500s][info][gc,phases,start] GC(17) Marking Phase
[0.511s][info][gc,phases      ] GC(17) Marking Phase 10.803ms
[0.511s][info][gc,phases,start] GC(17) Summary Phase
[0.511s][info][gc,phases      ] GC(17) Summary Phase 0.015ms
[0.511s][info][gc,phases,start] GC(17) Adjust Roots
[0.511s][info][gc,phases      ] GC(17) Adjust Roots 0.261ms
[0.511s][info][gc,phases,start] GC(17) Compaction Phase
[0.518s][info][gc,phases      ] GC(17) Compaction Phase 7.486ms
[0.519s][info][gc,phases,start] GC(17) Post Compact
[0.519s][info][gc,phases      ] GC(17) Post Compact 0.132ms
[0.519s][info][gc,heap        ] GC(17) PSYoungGen: 3200K(15360K)->2148K(16384K) Eden: 0K(8704K)->0K(9728K) From: 3200K(6656K)->2148K(6656K)
[0.519s][info][gc,heap        ] GC(17) ParOldGen: 17877K(18944K)->18800K(28672K)
[0.519s][info][gc,metaspace   ] GC(17) Metaspace: 6302K(6464K)->6302K(6464K) NonClass: 5769K(5824K)->5769K(5824K) Class: 533K(640K)->533K(640K)
[0.519s][info][gc             ] GC(17) Pause Full (Ergonomics) 20M->20M(44M) 19.101ms
[0.519s][info][gc,cpu         ] GC(17) User=0.02s Sys=0.00s Real=0.02s
[0.533s][info][gc,start       ] GC(18) Pause Young (Allocation Failure)
[0.543s][info][gc,heap        ] GC(18) PSYoungGen: 11876K(16384K)->5568K(17408K) Eden: 9728K(9728K)->0K(9728K) From: 2148K(6656K)->5568K(7680K)
[0.543s][info][gc,heap        ] GC(18) ParOldGen: 18800K(28672K)->20992K(28672K)
[0.543s][info][gc,metaspace   ] GC(18) Metaspace: 6302K(6464K)->6302K(6464K) NonClass: 5769K(5824K)->5769K(5824K) Class: 533K(640K)->533K(640K)
[0.543s][info][gc             ] GC(18) Pause Young (Allocation Failure) 29M->25M(45M) 10.100ms
[0.543s][info][gc,cpu         ] GC(18) User=0.00s Sys=0.00s Real=0.01s
[0.552s][info][gc,start       ] GC(19) Pause Young (Allocation Failure)
[0.563s][info][gc,heap        ] GC(19) PSYoungGen: 15296K(17408K)->5088K(21504K) Eden: 9728K(9728K)->0K(13312K) From: 5568K(7680K)->5088K(8192K)
[0.563s][info][gc,heap        ] GC(19) ParOldGen: 20992K(28672K)->26600K(28672K)
[0.563s][info][gc,metaspace   ] GC(19) Metaspace: 6302K(6464K)->6302K(6464K) NonClass: 5769K(5824K)->5769K(5824K) Class: 533K(640K)->533K(640K)
[0.563s][info][gc             ] GC(19) Pause Young (Allocation Failure) 35M->30M(49M) 11.652ms
[0.563s][info][gc,cpu         ] GC(19) User=0.00s Sys=0.00s Real=0.01s
[0.563s][info][gc,start       ] GC(20) Pause Full (Ergonomics)
[0.563s][info][gc,phases,start] GC(20) Marking Phase
[0.583s][info][gc,phases      ] GC(20) Marking Phase 19.740ms
[0.583s][info][gc,phases,start] GC(20) Summary Phase
[0.583s][info][gc,phases      ] GC(20) Summary Phase 0.016ms
[0.583s][info][gc,phases,start] GC(20) Adjust Roots
[0.584s][info][gc,phases      ] GC(20) Adjust Roots 0.281ms
[0.584s][info][gc,phases,start] GC(20) Compaction Phase
[0.600s][info][gc,phases      ] GC(20) Compaction Phase 16.331ms
[0.600s][info][gc,phases,start] GC(20) Post Compact
[0.600s][info][gc,phases      ] GC(20) Post Compact 0.147ms
[0.600s][info][gc,heap        ] GC(20) PSYoungGen: 5088K(21504K)->2474K(21504K) Eden: 0K(13312K)->0K(13312K) From: 5088K(8192K)->2474K(8192K)
[0.600s][info][gc,heap        ] GC(20) ParOldGen: 26600K(28672K)->28515K(40448K)
[0.600s][info][gc,metaspace   ] GC(20) Metaspace: 6302K(6464K)->6302K(6464K) NonClass: 5769K(5824K)->5769K(5824K) Class: 533K(640K)->533K(640K)
[0.600s][info][gc             ] GC(20) Pause Full (Ergonomics) 30M->30M(60M) 36.962ms
[0.600s][info][gc,cpu         ] GC(20) User=0.03s Sys=0.00s Real=0.04s
[0.617s][info][gc,start       ] GC(21) Pause Young (Allocation Failure)
[0.636s][info][gc,heap        ] GC(21) PSYoungGen: 15786K(21504K)->8192K(21504K) Eden: 13312K(13312K)->0K(13312K) From: 2474K(8192K)->8192K(8192K)
[0.636s][info][gc,heap        ] GC(21) ParOldGen: 28515K(40448K)->34251K(40448K)
[0.636s][info][gc,metaspace   ] GC(21) Metaspace: 6302K(6464K)->6302K(6464K) NonClass: 5769K(5824K)->5769K(5824K) Class: 533K(640K)->533K(640K)
[0.636s][info][gc             ] GC(21) Pause Young (Allocation Failure) 43M->41M(60M) 18.417ms
[0.636s][info][gc,cpu         ] GC(21) User=0.03s Sys=0.00s Real=0.02s
[0.636s][info][gc,start       ] GC(22) Pause Full (Ergonomics)
[0.636s][info][gc,phases,start] GC(22) Marking Phase
[0.659s][info][gc,phases      ] GC(22) Marking Phase 22.896ms
[0.659s][info][gc,phases,start] GC(22) Summary Phase
[0.659s][info][gc,phases      ] GC(22) Summary Phase 0.025ms
[0.659s][info][gc,phases,start] GC(22) Adjust Roots
[0.659s][info][gc,phases      ] GC(22) Adjust Roots 0.403ms
[0.659s][info][gc,phases,start] GC(22) Compaction Phase
[0.675s][info][gc,phases      ] GC(22) Compaction Phase 15.366ms
[0.675s][info][gc,phases,start] GC(22) Post Compact
[0.675s][info][gc,phases      ] GC(22) Post Compact 0.179ms
[0.675s][info][gc,heap        ] GC(22) PSYoungGen: 8192K(21504K)->2044K(21504K) Eden: 0K(13312K)->0K(13312K) From: 8192K(8192K)->2044K(8192K)
[0.675s][info][gc,heap        ] GC(22) ParOldGen: 34251K(40448K)->40283K(54784K)
[0.675s][info][gc,metaspace   ] GC(22) Metaspace: 6302K(6464K)->6302K(6464K) NonClass: 5769K(5824K)->5769K(5824K) Class: 533K(640K)->533K(640K)
[0.675s][info][gc             ] GC(22) Pause Full (Ergonomics) 41M->41M(74M) 39.357ms
[0.675s][info][gc,cpu         ] GC(22) User=0.05s Sys=0.00s Real=0.04s
[0.696s][info][gc,start       ] GC(23) Pause Young (Allocation Failure)
[0.715s][info][gc,heap        ] GC(23) PSYoungGen: 15356K(21504K)->11744K(25088K) Eden: 13312K(13312K)->0K(13312K) From: 2044K(8192K)->11744K(11776K)
[0.715s][info][gc,heap        ] GC(23) ParOldGen: 40283K(54784K)->43955K(54784K)
[0.715s][info][gc,metaspace   ] GC(23) Metaspace: 6302K(6464K)->6302K(6464K) NonClass: 5769K(5824K)->5769K(5824K) Class: 533K(640K)->533K(640K)
[0.715s][info][gc             ] GC(23) Pause Young (Allocation Failure) 54M->54M(78M) 19.653ms
[0.715s][info][gc,cpu         ] GC(23) User=0.02s Sys=0.00s Real=0.02s
[0.735s][info][gc,start       ] GC(24) Pause Young (Allocation Failure)
[0.759s][info][gc,heap        ] GC(24) PSYoungGen: 25056K(25088K)->13344K(28160K) Eden: 13312K(13312K)->0K(13312K) From: 11744K(11776K)->13344K(14848K)
[0.759s][info][gc,heap        ] GC(24) ParOldGen: 43955K(54784K)->55843K(56320K)
[0.759s][info][gc,metaspace   ] GC(24) Metaspace: 6302K(6464K)->6302K(6464K) NonClass: 5769K(5824K)->5769K(5824K) Class: 533K(640K)->533K(640K)
[0.759s][info][gc             ] GC(24) Pause Young (Allocation Failure) 67M->67M(82M) 24.051ms
[0.759s][info][gc,cpu         ] GC(24) User=0.02s Sys=0.00s Real=0.02s
[0.759s][info][gc,start       ] GC(25) Pause Full (Ergonomics)
[0.759s][info][gc,phases,start] GC(25) Marking Phase
[0.802s][info][gc,phases      ] GC(25) Marking Phase 43.117ms
[0.803s][info][gc,phases,start] GC(25) Summary Phase
[0.803s][info][gc,phases      ] GC(25) Summary Phase 0.026ms
[0.803s][info][gc,phases,start] GC(25) Adjust Roots
[0.803s][info][gc,phases      ] GC(25) Adjust Roots 0.353ms
[0.803s][info][gc,phases,start] GC(25) Compaction Phase
[0.830s][info][gc,phases      ] GC(25) Compaction Phase 26.933ms
[0.830s][info][gc,phases,start] GC(25) Post Compact
[0.830s][info][gc,phases      ] GC(25) Post Compact 0.276ms
[0.830s][info][gc,heap        ] GC(25) PSYoungGen: 13344K(28160K)->11748K(28160K) Eden: 0K(13312K)->0K(13312K) From: 13344K(14848K)->11748K(14848K)
[0.830s][info][gc,heap        ] GC(25) ParOldGen: 55843K(56320K)->56121K(75264K)
[0.830s][info][gc,metaspace   ] GC(25) Metaspace: 6302K(6464K)->6302K(6464K) NonClass: 5769K(5824K)->5769K(5824K) Class: 533K(640K)->533K(640K)
[0.830s][info][gc             ] GC(25) Pause Full (Ergonomics) 67M->66M(101M) 71.111ms
[0.830s][info][gc,cpu         ] GC(25) User=0.09s Sys=0.02s Real=0.07s
[0.846s][info][gc,start       ] GC(26) Pause Young (Allocation Failure)
[0.875s][info][gc,heap        ] GC(26) PSYoungGen: 25060K(28160K)->13344K(31744K) Eden: 13312K(13312K)->0K(14848K) From: 11748K(14848K)->13344K(16896K)
[0.875s][info][gc,heap        ] GC(26) ParOldGen: 56121K(75264K)->68065K(75264K)
[0.875s][info][gc,metaspace   ] GC(26) Metaspace: 6302K(6464K)->6302K(6464K) NonClass: 5769K(5824K)->5769K(5824K) Class: 533K(640K)->533K(640K)
[0.875s][info][gc             ] GC(26) Pause Young (Allocation Failure) 79M->79M(104M) 28.998ms
[0.875s][info][gc,cpu         ] GC(26) User=0.03s Sys=0.00s Real=0.03s
[0.875s][info][gc,start       ] GC(27) Pause Full (Ergonomics)
[0.875s][info][gc,phases,start] GC(27) Marking Phase
[0.907s][info][gc,phases      ] GC(27) Marking Phase 32.145ms
[0.907s][info][gc,phases,start] GC(27) Summary Phase
[0.907s][info][gc,phases      ] GC(27) Summary Phase 0.021ms
[0.907s][info][gc,phases,start] GC(27) Adjust Roots
[0.907s][info][gc,phases      ] GC(27) Adjust Roots 0.232ms
[0.908s][info][gc,phases,start] GC(27) Compaction Phase
[0.928s][info][gc,phases      ] GC(27) Compaction Phase 20.573ms
[0.928s][info][gc,phases,start] GC(27) Post Compact
[0.929s][info][gc,phases      ] GC(27) Post Compact 0.412ms
[0.929s][info][gc,heap        ] GC(27) PSYoungGen: 13344K(31744K)->6122K(31744K) Eden: 0K(14848K)->0K(14848K) From: 13344K(16896K)->6122K(16896K)
[0.929s][info][gc,heap        ] GC(27) ParOldGen: 68065K(75264K)->75024K(98304K)
[0.929s][info][gc,metaspace   ] GC(27) Metaspace: 6302K(6464K)->6302K(6464K) NonClass: 5769K(5824K)->5769K(5824K) Class: 533K(640K)->533K(640K)
[0.929s][info][gc             ] GC(27) Pause Full (Ergonomics) 79M->79M(127M) 53.940ms
[0.929s][info][gc,cpu         ] GC(27) User=0.06s Sys=0.00s Real=0.05s
[0.950s][info][gc,start       ] GC(28) Pause Young (Allocation Failure)
[0.969s][info][gc,heap        ] GC(28) PSYoungGen: 20970K(31744K)->18400K(33280K) Eden: 14848K(14848K)->0K(14848K) From: 6122K(16896K)->18400K(18432K)
[0.969s][info][gc,heap        ] GC(28) ParOldGen: 75024K(98304K)->77648K(98304K)
[0.969s][info][gc,metaspace   ] GC(28) Metaspace: 6302K(6464K)->6302K(6464K) NonClass: 5769K(5824K)->5769K(5824K) Class: 533K(640K)->533K(640K)
[0.969s][info][gc             ] GC(28) Pause Young (Allocation Failure) 93M->93M(128M) 18.782ms
[0.969s][info][gc,cpu         ] GC(28) User=0.06s Sys=0.00s Real=0.02s
[0.983s][info][gc,start       ] GC(29) Pause Young (Allocation Failure)
[1.014s][info][gc,heap        ] GC(29) PSYoungGen: 33248K(33280K)->14880K(38912K) Eden: 14848K(14848K)->0K(16384K) From: 18400K(18432K)->14880K(22528K)
[1.014s][info][gc,heap        ] GC(29) ParOldGen: 77648K(98304K)->96256K(98304K)
[1.014s][info][gc,metaspace   ] GC(29) Metaspace: 6302K(6464K)->6302K(6464K) NonClass: 5769K(5824K)->5769K(5824K) Class: 533K(640K)->533K(640K)
[1.014s][info][gc             ] GC(29) Pause Young (Allocation Failure) 108M->108M(134M) 30.330ms
[1.014s][info][gc,cpu         ] GC(29) User=0.03s Sys=0.02s Real=0.03s
[1.014s][info][gc,start       ] GC(30) Pause Full (Ergonomics)
[1.014s][info][gc,phases,start] GC(30) Marking Phase
[1.071s][info][gc,phases      ] GC(30) Marking Phase 57.393ms
[1.071s][info][gc,phases,start] GC(30) Summary Phase
[1.071s][info][gc,phases      ] GC(30) Summary Phase 0.018ms
[1.071s][info][gc,phases,start] GC(30) Adjust Roots
[1.071s][info][gc,phases      ] GC(30) Adjust Roots 0.252ms
[1.072s][info][gc,phases,start] GC(30) Compaction Phase
[1.111s][info][gc,phases      ] GC(30) Compaction Phase 39.661ms
[1.111s][info][gc,phases,start] GC(30) Post Compact
[1.112s][info][gc,phases      ] GC(30) Post Compact 0.591ms
[1.112s][info][gc,heap        ] GC(30) PSYoungGen: 14880K(38912K)->10726K(38912K) Eden: 0K(16384K)->0K(16384K) From: 14880K(22528K)->10726K(22528K)
[1.112s][info][gc,heap        ] GC(30) ParOldGen: 96256K(98304K)->98013K(127488K)
[1.112s][info][gc,metaspace   ] GC(30) Metaspace: 6302K(6464K)->6302K(6464K) NonClass: 5769K(5824K)->5769K(5824K) Class: 533K(640K)->533K(640K)
[1.112s][info][gc             ] GC(30) Pause Full (Ergonomics) 108M->106M(162M) 98.501ms
[1.112s][info][gc,cpu         ] GC(30) User=0.16s Sys=0.00s Real=0.10s
[1.131s][info][gc,start       ] GC(31) Pause Young (Allocation Failure)
[1.163s][info][gc,heap        ] GC(31) PSYoungGen: 27110K(38912K)->16448K(39936K) Eden: 16384K(16384K)->0K(16384K) From: 10726K(22528K)->16448K(23552K)
[1.163s][info][gc,heap        ] GC(31) ParOldGen: 98013K(127488K)->108917K(127488K)
[1.163s][info][gc,metaspace   ] GC(31) Metaspace: 6302K(6464K)->6302K(6464K) NonClass: 5769K(5824K)->5769K(5824K) Class: 533K(640K)->533K(640K)
[1.163s][info][gc             ] GC(31) Pause Young (Allocation Failure) 122M->122M(163M) 32.099ms
[1.163s][info][gc,cpu         ] GC(31) User=0.02s Sys=0.02s Real=0.03s
[1.181s][info][gc,start       ] GC(32) Pause Young (Allocation Failure)
[1.216s][info][gc,heap        ] GC(32) PSYoungGen: 32832K(39936K)->24576K(36864K) Eden: 16384K(16384K)->0K(12288K) From: 16448K(23552K)->24576K(24576K)
[1.216s][info][gc,heap        ] GC(32) ParOldGen: 108917K(127488K)->117229K(127488K)
[1.216s][info][gc,metaspace   ] GC(32) Metaspace: 6302K(6464K)->6302K(6464K) NonClass: 5769K(5824K)->5769K(5824K) Class: 533K(640K)->533K(640K)
[1.216s][info][gc             ] GC(32) Pause Young (Allocation Failure) 138M->138M(160M) 35.004ms
[1.216s][info][gc,cpu         ] GC(32) User=0.02s Sys=0.05s Real=0.04s
[1.216s][info][gc,start       ] GC(33) Pause Full (Ergonomics)
[1.216s][info][gc,phases,start] GC(33) Marking Phase
[1.290s][info][gc,phases      ] GC(33) Marking Phase 74.042ms
[1.290s][info][gc,phases,start] GC(33) Summary Phase
[1.290s][info][gc,phases      ] GC(33) Summary Phase 0.019ms
[1.290s][info][gc,phases,start] GC(33) Adjust Roots
[1.291s][info][gc,phases      ] GC(33) Adjust Roots 0.338ms
[1.291s][info][gc,phases,start] GC(33) Compaction Phase
[1.334s][info][gc,phases      ] GC(33) Compaction Phase 43.770ms
[1.334s][info][gc,phases,start] GC(33) Post Compact
[1.336s][info][gc,phases      ] GC(33) Post Compact 1.060ms
[1.336s][info][gc,heap        ] GC(33) PSYoungGen: 24576K(36864K)->14308K(36864K) Eden: 0K(12288K)->0K(12288K) From: 24576K(24576K)->14308K(24576K)
[1.336s][info][gc,heap        ] GC(33) ParOldGen: 117229K(127488K)->127140K(159232K)
[1.336s][info][gc,metaspace   ] GC(33) Metaspace: 6302K(6464K)->6302K(6464K) NonClass: 5769K(5824K)->5769K(5824K) Class: 533K(640K)->533K(640K)
[1.336s][info][gc             ] GC(33) Pause Full (Ergonomics) 138M->138M(191M) 119.923ms
[1.336s][info][gc,cpu         ] GC(33) User=0.16s Sys=0.00s Real=0.12s
[1.350s][info][gc,start       ] GC(34) Pause Young (Allocation Failure)
[1.385s][info][gc,heap        ] GC(34) PSYoungGen: 26596K(36864K)->12288K(44032K) Eden: 12288K(12288K)->0K(12288K) From: 14308K(24576K)->12288K(31744K)
[1.385s][info][gc,heap        ] GC(34) ParOldGen: 127140K(159232K)->141684K(159232K)
[1.385s][info][gc,metaspace   ] GC(34) Metaspace: 6302K(6464K)->6302K(6464K) NonClass: 5769K(5824K)->5769K(5824K) Class: 533K(640K)->533K(640K)
[1.385s][info][gc             ] GC(34) Pause Young (Allocation Failure) 150M->150M(198M) 35.169ms
[1.385s][info][gc,cpu         ] GC(34) User=0.03s Sys=0.00s Real=0.03s
[1.385s][info][gc,start       ] GC(35) Pause Full (Ergonomics)
[1.385s][info][gc,phases,start] GC(35) Marking Phase
[1.465s][info][gc,phases      ] GC(35) Marking Phase 79.615ms
[1.465s][info][gc,phases,start] GC(35) Summary Phase
[1.465s][info][gc,phases      ] GC(35) Summary Phase 0.031ms
[1.465s][info][gc,phases,start] GC(35) Adjust Roots
[1.465s][info][gc,phases      ] GC(35) Adjust Roots 0.301ms
[1.465s][info][gc,phases,start] GC(35) Compaction Phase
[1.508s][info][gc,phases      ] GC(35) Compaction Phase 42.618ms
[1.508s][info][gc,phases,start] GC(35) Post Compact
[1.509s][info][gc,phases      ] GC(35) Post Compact 1.208ms
[1.509s][info][gc,heap        ] GC(35) PSYoungGen: 12288K(44032K)->0K(44032K) Eden: 0K(12288K)->0K(14336K) From: 12288K(31744K)->0K(29696K)
[1.509s][info][gc,heap        ] GC(35) ParOldGen: 141684K(159232K)->153704K(190464K)
[1.509s][info][gc,metaspace   ] GC(35) Metaspace: 6302K(6464K)->6302K(6464K) NonClass: 5769K(5824K)->5769K(5824K) Class: 533K(640K)->533K(640K)
[1.509s][info][gc             ] GC(35) Pause Full (Ergonomics) 150M->150M(229M) 124.433ms
[1.509s][info][gc,cpu         ] GC(35) User=0.17s Sys=0.00s Real=0.12s
[1.527s][info][gc,start       ] GC(36) Pause Young (Allocation Failure)
[1.544s][info][gc,heap        ] GC(36) PSYoungGen: 14336K(44032K)->14336K(44544K) Eden: 14336K(14336K)->0K(14336K) From: 0K(29696K)->14336K(30208K)
[1.544s][info][gc,heap        ] GC(36) ParOldGen: 153704K(190464K)->153704K(190464K)
[1.544s][info][gc,metaspace   ] GC(36) Metaspace: 6302K(6464K)->6302K(6464K) NonClass: 5769K(5824K)->5769K(5824K) Class: 533K(640K)->533K(640K)
[1.544s][info][gc             ] GC(36) Pause Young (Allocation Failure) 164M->164M(229M) 17.221ms
[1.544s][info][gc,cpu         ] GC(36) User=0.03s Sys=0.00s Real=0.02s
[1.601s][info][gc,start       ] GC(37) Pause Young (Allocation Failure)
[1.636s][info][gc,heap        ] GC(37) PSYoungGen: 28672K(44544K)->28704K(41472K) Eden: 14336K(14336K)->0K(12288K) From: 14336K(30208K)->28704K(29184K)
[1.636s][info][gc,heap        ] GC(37) ParOldGen: 161896K(190464K)->161896K(190464K)
[1.636s][info][gc,metaspace   ] GC(37) Metaspace: 6302K(6464K)->6302K(6464K) NonClass: 5769K(5824K)->5769K(5824K) Class: 533K(640K)->533K(640K)
[1.636s][info][gc             ] GC(37) Pause Young (Allocation Failure) 186M->186M(226M) 35.114ms
[1.636s][info][gc,cpu         ] GC(37) User=0.06s Sys=0.00s Real=0.04s
[1.650s][info][gc,start       ] GC(38) Pause Young (Allocation Failure)
[1.689s][info][gc,heap        ] GC(38) PSYoungGen: 40992K(41472K)->33280K(45568K) Eden: 12288K(12288K)->0K(12288K) From: 28704K(29184K)->33280K(33280K)
[1.689s][info][gc,heap        ] GC(38) ParOldGen: 161896K(190464K)->169688K(190464K)
[1.689s][info][gc,metaspace   ] GC(38) Metaspace: 6302K(6464K)->6302K(6464K) NonClass: 5769K(5824K)->5769K(5824K) Class: 533K(640K)->533K(640K)
[1.689s][info][gc             ] GC(38) Pause Young (Allocation Failure) 198M->198M(230M) 38.918ms
[1.689s][info][gc,cpu         ] GC(38) User=0.02s Sys=0.03s Real=0.04s
[1.705s][info][gc,start       ] GC(39) Pause Young (Allocation Failure)
[1.741s][info][gc,heap        ] GC(39) PSYoungGen: 45568K(45568K)->35104K(51200K) Eden: 12288K(12288K)->0K(9728K) From: 33280K(33280K)->35104K(41472K)
[1.741s][info][gc,heap        ] GC(39) ParOldGen: 169688K(190464K)->180328K(190464K)
[1.741s][info][gc,metaspace   ] GC(39) Metaspace: 6302K(6464K)->6302K(6464K) NonClass: 5769K(5824K)->5769K(5824K) Class: 533K(640K)->533K(640K)
[1.741s][info][gc             ] GC(39) Pause Young (Allocation Failure) 210M->210M(236M) 36.138ms
[1.741s][info][gc,cpu         ] GC(39) User=0.05s Sys=0.00s Real=0.04s
[1.741s][info][gc,start       ] GC(40) Pause Full (Ergonomics)
[1.741s][info][gc,phases,start] GC(40) Marking Phase
[1.848s][info][gc,phases      ] GC(40) Marking Phase 106.240ms
[1.848s][info][gc,phases,start] GC(40) Summary Phase
[1.848s][info][gc,phases      ] GC(40) Summary Phase 0.044ms
[1.848s][info][gc,phases,start] GC(40) Adjust Roots
[1.848s][info][gc,phases      ] GC(40) Adjust Roots 0.629ms
[1.849s][info][gc,phases,start] GC(40) Compaction Phase
[1.916s][info][gc,phases      ] GC(40) Compaction Phase 67.540ms
[1.916s][info][gc,phases,start] GC(40) Post Compact
[1.917s][info][gc,phases      ] GC(40) Post Compact 0.979ms
[1.917s][info][gc,heap        ] GC(40) PSYoungGen: 35104K(51200K)->20696K(51200K) Eden: 0K(9728K)->0K(9728K) From: 35104K(41472K)->20696K(41472K)
[1.917s][info][gc,heap        ] GC(40) ParOldGen: 180328K(190464K)->190234K(228352K)
[1.918s][info][gc,metaspace   ] GC(40) Metaspace: 6302K(6464K)->6302K(6464K) NonClass: 5769K(5824K)->5769K(5824K) Class: 533K(640K)->533K(640K)
[1.918s][info][gc             ] GC(40) Pause Full (Ergonomics) 210M->205M(273M) 176.261ms
[1.918s][info][gc,cpu         ] GC(40) User=0.28s Sys=0.00s Real=0.18s
[1.929s][info][gc,start       ] GC(41) Pause Young (Allocation Failure)
[1.962s][info][gc,heap        ] GC(41) PSYoungGen: 30424K(51200K)->22432K(55808K) Eden: 9728K(9728K)->0K(9728K) From: 20696K(41472K)->22432K(46080K)
[1.962s][info][gc,heap        ] GC(41) ParOldGen: 190234K(228352K)->198410K(228352K)
[1.962s][info][gc,metaspace   ] GC(41) Metaspace: 6302K(6464K)->6302K(6464K) NonClass: 5769K(5824K)->5769K(5824K) Class: 533K(640K)->533K(640K)
[1.962s][info][gc             ] GC(41) Pause Young (Allocation Failure) 215M->215M(277M) 33.276ms
[1.962s][info][gc,cpu         ] GC(41) User=0.06s Sys=0.00s Real=0.03s
[1.972s][info][gc,start       ] GC(42) Pause Young (Allocation Failure)
[1.991s][info][gc,heap        ] GC(42) PSYoungGen: 32160K(55808K)->32160K(53248K) Eden: 9728K(9728K)->0K(8704K) From: 22432K(46080K)->32160K(44544K)
[1.991s][info][gc,heap        ] GC(42) ParOldGen: 198410K(228352K)->198410K(228352K)
[1.991s][info][gc,metaspace   ] GC(42) Metaspace: 6302K(6464K)->6302K(6464K) NonClass: 5769K(5824K)->5769K(5824K) Class: 533K(640K)->533K(640K)
[1.991s][info][gc             ] GC(42) Pause Young (Allocation Failure) 225M->225M(275M) 18.664ms
[1.991s][info][gc,cpu         ] GC(42) User=0.03s Sys=0.00s Real=0.02s
[2.000s][info][gc,start       ] GC(43) Pause Young (Allocation Failure)
[2.022s][info][gc,heap        ] GC(43) PSYoungGen: 40864K(53248K)->40864K(55808K) Eden: 8704K(8704K)->0K(8704K) From: 32160K(44544K)->40864K(47104K)
[2.022s][info][gc,heap        ] GC(43) ParOldGen: 198410K(228352K)->198410K(228352K)
[2.022s][info][gc,metaspace   ] GC(43) Metaspace: 6302K(6464K)->6302K(6464K) NonClass: 5769K(5824K)->5769K(5824K) Class: 533K(640K)->533K(640K)
[2.022s][info][gc             ] GC(43) Pause Young (Allocation Failure) 233M->233M(277M) 21.906ms
[2.022s][info][gc,cpu         ] GC(43) User=0.03s Sys=0.00s Real=0.02s
[2.031s][info][gc,start       ] GC(44) Pause Young (Allocation Failure)
[2.060s][info][gc,heap        ] GC(44) PSYoungGen: 49568K(55808K)->43808K(57344K) Eden: 8704K(8704K)->0K(5632K) From: 40864K(47104K)->43808K(51712K)
[2.060s][info][gc,heap        ] GC(44) ParOldGen: 198410K(228352K)->204202K(228352K)
[2.060s][info][gc,metaspace   ] GC(44) Metaspace: 6302K(6464K)->6302K(6464K) NonClass: 5769K(5824K)->5769K(5824K) Class: 533K(640K)->533K(640K)
[2.060s][info][gc             ] GC(44) Pause Young (Allocation Failure) 242M->242M(279M) 29.141ms
[2.060s][info][gc,cpu         ] GC(44) User=0.02s Sys=0.02s Real=0.03s
[2.066s][info][gc,start       ] GC(45) Pause Young (Allocation Failure)
[2.095s][info][gc,heap        ] GC(45) PSYoungGen: 49440K(57344K)->32736K(62464K) Eden: 5632K(5632K)->0K(5632K) From: 43808K(51712K)->32736K(56832K)
[2.095s][info][gc,heap        ] GC(45) ParOldGen: 204202K(228352K)->221146K(228352K)
[2.095s][info][gc,metaspace   ] GC(45) Metaspace: 6302K(6464K)->6302K(6464K) NonClass: 5769K(5824K)->5769K(5824K) Class: 533K(640K)->533K(640K)
[2.095s][info][gc             ] GC(45) Pause Young (Allocation Failure) 247M->247M(284M) 28.423ms
[2.095s][info][gc,cpu         ] GC(45) User=0.02s Sys=0.02s Real=0.03s
[2.095s][info][gc,start       ] GC(46) Pause Full (Ergonomics)
[2.095s][info][gc,phases,start] GC(46) Marking Phase
[2.191s][info][gc,phases      ] GC(46) Marking Phase 96.093ms
[2.191s][info][gc,phases,start] GC(46) Summary Phase
[2.191s][info][gc,phases      ] GC(46) Summary Phase 0.022ms
[2.191s][info][gc,phases,start] GC(46) Adjust Roots
[2.191s][info][gc,phases      ] GC(46) Adjust Roots 0.190ms
[2.191s][info][gc,phases,start] GC(46) Compaction Phase
[2.242s][info][gc,phases      ] GC(46) Compaction Phase 50.184ms
[2.242s][info][gc,phases,start] GC(46) Post Compact
[2.243s][info][gc,phases      ] GC(46) Post Compact 1.213ms
[2.243s][info][gc,heap        ] GC(46) PSYoungGen: 32736K(62464K)->24971K(62464K) Eden: 0K(5632K)->0K(5632K) From: 32736K(56832K)->24971K(56832K)
[2.243s][info][gc,heap        ] GC(46) ParOldGen: 221146K(228352K)->228294K(269312K)
[2.243s][info][gc,metaspace   ] GC(46) Metaspace: 6302K(6464K)->6302K(6464K) NonClass: 5769K(5824K)->5769K(5824K) Class: 533K(640K)->533K(640K)
[2.243s][info][gc             ] GC(46) Pause Full (Ergonomics) 247M->247M(324M) 148.320ms
[2.243s][info][gc,cpu         ] GC(46) User=0.23s Sys=0.02s Real=0.15s
[2.249s][info][gc,start       ] GC(47) Pause Young (Allocation Failure)
[2.287s][info][gc,heap        ] GC(47) PSYoungGen: 30603K(62464K)->16544K(60416K) Eden: 5632K(5632K)->0K(6656K) From: 24971K(56832K)->16544K(53760K)
[2.287s][info][gc,heap        ] GC(47) ParOldGen: 228294K(269312K)->242638K(269312K)
[2.287s][info][gc,metaspace   ] GC(47) Metaspace: 6302K(6464K)->6302K(6464K) NonClass: 5769K(5824K)->5769K(5824K) Class: 533K(640K)->533K(640K)
[2.287s][info][gc             ] GC(47) Pause Young (Allocation Failure) 252M->253M(322M) 37.565ms
[2.287s][info][gc,cpu         ] GC(47) User=0.06s Sys=0.00s Real=0.04s
[2.294s][info][gc,start       ] GC(48) Pause Young (Allocation Failure)
[2.310s][info][gc,heap        ] GC(48) PSYoungGen: 23200K(60416K)->16608K(23552K) Eden: 6656K(6656K)->0K(6656K) From: 16544K(53760K)->16608K(16896K)
[2.310s][info][gc,heap        ] GC(48) ParOldGen: 242638K(269312K)->249302K(269312K)
[2.310s][info][gc,metaspace   ] GC(48) Metaspace: 6302K(6464K)->6302K(6464K) NonClass: 5769K(5824K)->5769K(5824K) Class: 533K(640K)->533K(640K)
[2.310s][info][gc             ] GC(48) Pause Young (Allocation Failure) 259M->259M(286M) 15.782ms
[2.310s][info][gc,cpu         ] GC(48) User=0.00s Sys=0.00s Real=0.02s
[2.318s][info][gc,start       ] GC(49) Pause Young (Allocation Failure)
[2.335s][info][gc,heap        ] GC(49) PSYoungGen: 23264K(23552K)->13312K(59392K) Eden: 6656K(6656K)->0K(8192K) From: 16608K(16896K)->13312K(51200K)
[2.335s][info][gc,heap        ] GC(49) ParOldGen: 249302K(269312K)->259382K(269312K)
[2.335s][info][gc,metaspace   ] GC(49) Metaspace: 6302K(6464K)->6302K(6464K) NonClass: 5769K(5824K)->5769K(5824K) Class: 533K(640K)->533K(640K)
[2.335s][info][gc             ] GC(49) Pause Young (Allocation Failure) 266M->266M(321M) 16.417ms
[2.335s][info][gc,cpu         ] GC(49) User=0.03s Sys=0.00s Real=0.02s
[2.335s][info][gc,start       ] GC(50) Pause Full (Ergonomics)
[2.335s][info][gc,phases,start] GC(50) Marking Phase
[2.439s][info][gc,phases      ] GC(50) Marking Phase 104.408ms
[2.439s][info][gc,phases,start] GC(50) Summary Phase
[2.439s][info][gc,phases      ] GC(50) Summary Phase 0.030ms
[2.439s][info][gc,phases,start] GC(50) Adjust Roots
[2.440s][info][gc,phases      ] GC(50) Adjust Roots 0.194ms
[2.440s][info][gc,phases,start] GC(50) Compaction Phase
[2.489s][info][gc,phases      ] GC(50) Compaction Phase 49.452ms
[2.489s][info][gc,phases,start] GC(50) Post Compact
[2.491s][info][gc,phases      ] GC(50) Post Compact 1.512ms
[2.491s][info][gc,heap        ] GC(50) PSYoungGen: 13312K(59392K)->3031K(60416K) Eden: 0K(8192K)->0K(9216K) From: 13312K(51200K)->3031K(51200K)
[2.491s][info][gc,heap        ] GC(50) ParOldGen: 259382K(269312K)->269088K(313344K)
[2.491s][info][gc,metaspace   ] GC(50) Metaspace: 6302K(6464K)->6302K(6464K) NonClass: 5769K(5824K)->5769K(5824K) Class: 533K(640K)->533K(640K)
[2.491s][info][gc             ] GC(50) Pause Full (Ergonomics) 266M->265M(365M) 156.228ms
[2.491s][info][gc,cpu         ] GC(50) User=0.27s Sys=0.02s Real=0.16s
[2.501s][info][gc,start       ] GC(51) Pause Young (Allocation Failure)
[2.535s][info][gc,heap        ] GC(51) PSYoungGen: 12247K(60416K)->9248K(61440K) Eden: 9216K(9216K)->0K(9216K) From: 3031K(51200K)->9248K(52224K)
[2.535s][info][gc,heap        ] GC(51) ParOldGen: 269088K(313344K)->272176K(313344K)
[2.535s][info][gc,metaspace   ] GC(51) Metaspace: 6302K(6464K)->6302K(6464K) NonClass: 5769K(5824K)->5769K(5824K) Class: 533K(640K)->533K(640K)
[2.535s][info][gc             ] GC(51) Pause Young (Allocation Failure) 274M->274M(366M) 33.186ms
[2.535s][info][gc,cpu         ] GC(51) User=0.06s Sys=0.00s Real=0.03s
[2.545s][info][gc,start       ] GC(52) Pause Young (Allocation Failure)
[2.559s][info][gc,heap        ] GC(52) PSYoungGen: 18464K(61440K)->18432K(57344K) Eden: 9216K(9216K)->0K(10752K) From: 9248K(52224K)->18432K(46592K)
[2.559s][info][gc,heap        ] GC(52) ParOldGen: 272176K(313344K)->272176K(313344K)
[2.559s][info][gc,metaspace   ] GC(52) Metaspace: 6302K(6464K)->6302K(6464K) NonClass: 5769K(5824K)->5769K(5824K) Class: 533K(640K)->533K(640K)
[2.559s][info][gc             ] GC(52) Pause Young (Allocation Failure) 283M->283M(362M) 13.656ms
[2.559s][info][gc,cpu         ] GC(52) User=0.00s Sys=0.00s Real=0.01s
[2.570s][info][gc,start       ] GC(53) Pause Young (Allocation Failure)
[2.591s][info][gc,heap        ] GC(53) PSYoungGen: 29184K(57344K)->19968K(30720K) Eden: 10752K(10752K)->0K(10752K) From: 18432K(46592K)->19968K(19968K)
[2.591s][info][gc,heap        ] GC(53) ParOldGen: 272176K(313344K)->281520K(313344K)
[2.591s][info][gc,metaspace   ] GC(53) Metaspace: 6302K(6464K)->6302K(6464K) NonClass: 5769K(5824K)->5769K(5824K) Class: 533K(640K)->533K(640K)
[2.591s][info][gc             ] GC(53) Pause Young (Allocation Failure) 294M->294M(336M) 20.718ms
[2.591s][info][gc,cpu         ] GC(53) User=0.03s Sys=0.00s Real=0.02s
[2.603s][info][gc,start       ] GC(54) Pause Young (Allocation Failure)
[2.624s][info][gc,heap        ] GC(54) PSYoungGen: 30720K(30720K)->21536K(54272K) Eden: 10752K(10752K)->0K(12800K) From: 19968K(19968K)->21536K(41472K)
[2.624s][info][gc,heap        ] GC(54) ParOldGen: 281520K(313344K)->290856K(313344K)
[2.624s][info][gc,metaspace   ] GC(54) Metaspace: 6302K(6464K)->6302K(6464K) NonClass: 5769K(5824K)->5769K(5824K) Class: 533K(640K)->533K(640K)
[2.624s][info][gc             ] GC(54) Pause Young (Allocation Failure) 304M->305M(359M) 21.531ms
[2.624s][info][gc,cpu         ] GC(54) User=0.03s Sys=0.00s Real=0.02s
[2.639s][info][gc,start       ] GC(55) Pause Young (Allocation Failure)
[2.663s][info][gc,heap        ] GC(55) PSYoungGen: 34336K(54272K)->23552K(56832K) Eden: 12800K(12800K)->0K(12800K) From: 21536K(41472K)->23552K(44032K)
[2.663s][info][gc,heap        ] GC(55) ParOldGen: 290856K(313344K)->301752K(313344K)
[2.663s][info][gc,metaspace   ] GC(55) Metaspace: 6302K(6464K)->6302K(6464K) NonClass: 5769K(5824K)->5769K(5824K) Class: 533K(640K)->533K(640K)
[2.663s][info][gc             ] GC(55) Pause Young (Allocation Failure) 317M->317M(361M) 24.435ms
[2.663s][info][gc,cpu         ] GC(55) User=0.06s Sys=0.00s Real=0.03s
[2.663s][info][gc,start       ] GC(56) Pause Full (Ergonomics)
[2.663s][info][gc,phases,start] GC(56) Marking Phase
[2.795s][info][gc,phases      ] GC(56) Marking Phase 131.362ms
[2.795s][info][gc,phases,start] GC(56) Summary Phase
[2.795s][info][gc,phases      ] GC(56) Summary Phase 0.022ms
[2.795s][info][gc,phases,start] GC(56) Adjust Roots
[2.795s][info][gc,phases      ] GC(56) Adjust Roots 0.188ms
[2.795s][info][gc,phases,start] GC(56) Compaction Phase
[2.860s][info][gc,phases      ] GC(56) Compaction Phase 64.859ms
[2.860s][info][gc,phases,start] GC(56) Post Compact
[2.861s][info][gc,phases      ] GC(56) Post Compact 1.601ms
[2.862s][info][gc,heap        ] GC(56) PSYoungGen: 23552K(56832K)->11734K(56832K) Eden: 0K(12800K)->0K(12800K) From: 23552K(44032K)->11734K(44032K)
[2.862s][info][gc,heap        ] GC(56) ParOldGen: 301752K(313344K)->312962K(359424K)
[2.862s][info][gc,metaspace   ] GC(56) Metaspace: 6302K(6464K)->6302K(6464K) NonClass: 5769K(5824K)->5769K(5824K) Class: 533K(640K)->533K(640K)
[2.862s][info][gc             ] GC(56) Pause Full (Ergonomics) 317M->317M(406M) 198.576ms
[2.862s][info][gc,cpu         ] GC(56) User=0.39s Sys=0.00s Real=0.20s
[2.877s][info][gc,start       ] GC(57) Pause Young (Allocation Failure)
[2.922s][info][gc,heap        ] GC(57) PSYoungGen: 24534K(56832K)->19232K(52736K) Eden: 12800K(12800K)->0K(14336K) From: 11734K(44032K)->19232K(38400K)
[2.922s][info][gc,heap        ] GC(57) ParOldGen: 312962K(359424K)->318386K(359424K)
[2.922s][info][gc,metaspace   ] GC(57) Metaspace: 6302K(6464K)->6302K(6464K) NonClass: 5769K(5824K)->5769K(5824K) Class: 533K(640K)->533K(640K)
[2.922s][info][gc             ] GC(57) Pause Young (Allocation Failure) 329M->329M(402M) 45.836ms
[2.922s][info][gc,cpu         ] GC(57) User=0.06s Sys=0.00s Real=0.05s
[2.938s][info][gc,start       ] GC(58) Pause Young (Allocation Failure)
[2.960s][info][gc,heap        ] GC(58) PSYoungGen: 33568K(52736K)->33568K(55296K) Eden: 14336K(14336K)->0K(14336K) From: 19232K(38400K)->33568K(40960K)
[2.960s][info][gc,heap        ] GC(58) ParOldGen: 318386K(359424K)->318386K(359424K)
[2.961s][info][gc,metaspace   ] GC(58) Metaspace: 6302K(6464K)->6302K(6464K) NonClass: 5769K(5824K)->5769K(5824K) Class: 533K(640K)->533K(640K)
[2.961s][info][gc             ] GC(58) Pause Young (Allocation Failure) 343M->343M(405M) 22.359ms
[2.961s][info][gc,cpu         ] GC(58) User=0.03s Sys=0.00s Real=0.02s
[3.037s][info][gc,start       ] GC(59) Pause Young (Allocation Failure)
[3.085s][info][gc,heap        ] GC(59) PSYoungGen: 47904K(55296K)->41472K(54784K) Eden: 14336K(14336K)->0K(11264K) From: 33568K(40960K)->41472K(43520K)
[3.085s][info][gc,heap        ] GC(59) ParOldGen: 334770K(359424K)->341282K(359424K)
[3.085s][info][gc,metaspace   ] GC(59) Metaspace: 6302K(6464K)->6302K(6464K) NonClass: 5769K(5824K)->5769K(5824K) Class: 533K(640K)->533K(640K)
[3.085s][info][gc             ] GC(59) Pause Young (Allocation Failure) 373M->373M(404M) 48.061ms
[3.085s][info][gc,cpu         ] GC(59) User=0.06s Sys=0.00s Real=0.05s
[3.096s][info][gc,start       ] GC(60) Pause Young (Allocation Failure)
[3.128s][info][gc,heap        ] GC(60) PSYoungGen: 52736K(54784K)->48640K(59904K) Eden: 11264K(11264K)->0K(11264K) From: 41472K(43520K)->48640K(48640K)
[3.128s][info][gc,heap        ] GC(60) ParOldGen: 341282K(359424K)->345426K(359424K)
[3.128s][info][gc,metaspace   ] GC(60) Metaspace: 6302K(6464K)->6302K(6464K) NonClass: 5769K(5824K)->5769K(5824K) Class: 533K(640K)->533K(640K)
[3.128s][info][gc             ] GC(60) Pause Young (Allocation Failure) 384M->384M(409M) 31.977ms
[3.128s][info][gc,cpu         ] GC(60) User=0.03s Sys=0.00s Real=0.03s
[3.128s][info][gc,start       ] GC(61) Pause Full (Ergonomics)
[3.128s][info][gc,phases,start] GC(61) Marking Phase
[3.275s][info][gc,phases      ] GC(61) Marking Phase 146.591ms
[3.275s][info][gc,phases,start] GC(61) Summary Phase
[3.275s][info][gc,phases      ] GC(61) Summary Phase 0.037ms
[3.275s][info][gc,phases,start] GC(61) Adjust Roots
[3.276s][info][gc,phases      ] GC(61) Adjust Roots 0.246ms
[3.276s][info][gc,phases,start] GC(61) Compaction Phase
[3.367s][info][gc,phases      ] GC(61) Compaction Phase 91.141ms
[3.367s][info][gc,phases,start] GC(61) Post Compact
[3.369s][info][gc,phases      ] GC(61) Post Compact 1.844ms
[3.369s][info][gc,heap        ] GC(61) PSYoungGen: 48640K(59904K)->26570K(59904K) Eden: 0K(11264K)->0K(11264K) From: 48640K(48640K)->26570K(48640K)
[3.369s][info][gc,heap        ] GC(61) ParOldGen: 345426K(359424K)->358928K(405504K)
[3.369s][info][gc,metaspace   ] GC(61) Metaspace: 6302K(6464K)->6302K(6464K) NonClass: 5769K(5824K)->5769K(5824K) Class: 533K(640K)->533K(640K)
[3.369s][info][gc             ] GC(61) Pause Full (Ergonomics) 384M->376M(454M) 240.534ms
[3.369s][info][gc,cpu         ] GC(61) User=0.42s Sys=0.00s Real=0.24s
[3.382s][info][gc,start       ] GC(62) Pause Young (Allocation Failure)
[3.436s][info][gc,heap        ] GC(62) PSYoungGen: 37834K(59904K)->24256K(64512K) Eden: 11264K(11264K)->0K(12800K) From: 26570K(48640K)->24256K(51712K)
[3.436s][info][gc,heap        ] GC(62) ParOldGen: 358928K(405504K)->372768K(405504K)
[3.436s][info][gc,metaspace   ] GC(62) Metaspace: 6302K(6464K)->6302K(6464K) NonClass: 5769K(5824K)->5769K(5824K) Class: 533K(640K)->533K(640K)
[3.436s][info][gc             ] GC(62) Pause Young (Allocation Failure) 387M->387M(459M) 53.606ms
[3.436s][info][gc,cpu         ] GC(62) User=0.08s Sys=0.02s Real=0.05s
[3.450s][info][gc,start       ] GC(63) Pause Young (Allocation Failure)
[3.472s][info][gc,heap        ] GC(63) PSYoungGen: 37056K(64512K)->37088K(67072K) Eden: 12800K(12800K)->0K(12800K) From: 24256K(51712K)->37088K(54272K)
[3.472s][info][gc,heap        ] GC(63) ParOldGen: 372768K(405504K)->372768K(405504K)
[3.472s][info][gc,metaspace   ] GC(63) Metaspace: 6302K(6464K)->6302K(6464K) NonClass: 5769K(5824K)->5769K(5824K) Class: 533K(640K)->533K(640K)
[3.472s][info][gc             ] GC(63) Pause Young (Allocation Failure) 400M->400M(461M) 22.464ms
[3.472s][info][gc,cpu         ] GC(63) User=0.03s Sys=0.00s Real=0.02s
[3.485s][info][gc,start       ] GC(64) Pause Young (Allocation Failure)
[3.515s][info][gc,heap        ] GC(64) PSYoungGen: 49888K(67072K)->42432K(67072K) Eden: 12800K(12800K)->0K(11776K) From: 37088K(54272K)->42432K(55296K)
[3.515s][info][gc,heap        ] GC(64) ParOldGen: 372768K(405504K)->380296K(405504K)
[3.515s][info][gc,metaspace   ] GC(64) Metaspace: 6302K(6464K)->6302K(6464K) NonClass: 5769K(5824K)->5769K(5824K) Class: 533K(640K)->533K(640K)
[3.515s][info][gc             ] GC(64) Pause Young (Allocation Failure) 412M->412M(461M) 30.305ms
[3.515s][info][gc,cpu         ] GC(64) User=0.03s Sys=0.00s Real=0.03s
[3.527s][info][gc,start       ] GC(65) Pause Young (Allocation Failure)
[3.558s][info][gc,heap        ] GC(65) PSYoungGen: 54208K(67072K)->48672K(69632K) Eden: 11776K(11776K)->0K(11776K) From: 42432K(55296K)->48672K(57856K)
[3.558s][info][gc,heap        ] GC(65) ParOldGen: 380296K(405504K)->385936K(405504K)
[3.558s][info][gc,metaspace   ] GC(65) Metaspace: 6302K(6464K)->6302K(6464K) NonClass: 5769K(5824K)->5769K(5824K) Class: 533K(640K)->533K(640K)
[3.558s][info][gc             ] GC(65) Pause Young (Allocation Failure) 424M->424M(464M) 31.523ms
[3.558s][info][gc,cpu         ] GC(65) User=0.03s Sys=0.00s Real=0.03s
[3.570s][info][gc,start       ] GC(66) Pause Young (Allocation Failure)
[3.608s][info][gc,heap        ] GC(66) PSYoungGen: 60448K(69632K)->36352K(74752K) Eden: 11776K(11776K)->0K(13824K) From: 48672K(57856K)->36352K(60928K)
[3.608s][info][gc,heap        ] GC(66) ParOldGen: 385936K(405504K)->410312K(410624K)
[3.608s][info][gc,metaspace   ] GC(66) Metaspace: 6302K(6464K)->6302K(6464K) NonClass: 5769K(5824K)->5769K(5824K) Class: 533K(640K)->533K(640K)
[3.608s][info][gc             ] GC(66) Pause Young (Allocation Failure) 435M->436M(474M) 38.732ms
[3.609s][info][gc,cpu         ] GC(66) User=0.05s Sys=0.00s Real=0.04s
[3.609s][info][gc,start       ] GC(67) Pause Full (Ergonomics)
[3.609s][info][gc,phases,start] GC(67) Marking Phase
[3.776s][info][gc,phases      ] GC(67) Marking Phase 167.439ms
[3.776s][info][gc,phases,start] GC(67) Summary Phase
[3.776s][info][gc,phases      ] GC(67) Summary Phase 0.024ms
[3.776s][info][gc,phases,start] GC(67) Adjust Roots
[3.776s][info][gc,phases      ] GC(67) Adjust Roots 0.235ms
[3.776s][info][gc,phases,start] GC(67) Compaction Phase
[3.856s][info][gc,phases      ] GC(67) Compaction Phase 79.564ms
[3.856s][info][gc,phases,start] GC(67) Post Compact
[3.858s][info][gc,phases      ] GC(67) Post Compact 2.240ms
[3.859s][info][gc,heap        ] GC(67) PSYoungGen: 36352K(74752K)->35236K(75264K) Eden: 0K(13824K)->0K(14336K) From: 36352K(60928K)->35236K(60928K)
[3.859s][info][gc,heap        ] GC(67) ParOldGen: 410312K(410624K)->410526K(466432K)
[3.859s][info][gc,metaspace   ] GC(67) Metaspace: 6302K(6464K)->6302K(6464K) NonClass: 5769K(5824K)->5769K(5824K) Class: 533K(640K)->533K(640K)
[3.859s][info][gc             ] GC(67) Pause Full (Ergonomics) 436M->435M(529M) 250.387ms
[3.859s][info][gc,cpu         ] GC(67) User=0.45s Sys=0.00s Real=0.25s
[3.874s][info][gc,start       ] GC(68) Pause Young (Allocation Failure)
[3.939s][info][gc,heap        ] GC(68) PSYoungGen: 49572K(75264K)->25856K(75776K) Eden: 14336K(14336K)->0K(14336K) From: 35236K(60928K)->25856K(61440K)
[3.939s][info][gc,heap        ] GC(68) ParOldGen: 410526K(466432K)->434678K(466432K)
[3.939s][info][gc,metaspace   ] GC(68) Metaspace: 6302K(6464K)->6302K(6464K) NonClass: 5769K(5824K)->5769K(5824K) Class: 533K(640K)->533K(640K)
[3.939s][info][gc             ] GC(68) Pause Young (Allocation Failure) 449M->449M(529M) 65.020ms
[3.939s][info][gc,cpu         ] GC(68) User=0.12s Sys=0.00s Real=0.07s
[3.954s][info][gc,start       ] GC(69) Pause Young (Allocation Failure)
[3.981s][info][gc,heap        ] GC(69) PSYoungGen: 40192K(75776K)->28704K(70656K) Eden: 14336K(14336K)->0K(16384K) From: 25856K(61440K)->28704K(54272K)
[3.981s][info][gc,heap        ] GC(69) ParOldGen: 434678K(466432K)->446342K(466432K)
[3.981s][info][gc,metaspace   ] GC(69) Metaspace: 6302K(6464K)->6302K(6464K) NonClass: 5769K(5824K)->5769K(5824K) Class: 533K(640K)->533K(640K)
[3.981s][info][gc             ] GC(69) Pause Young (Allocation Failure) 463M->463M(524M) 27.828ms
[3.981s][info][gc,cpu         ] GC(69) User=0.03s Sys=0.00s Real=0.03s
[3.981s][info][gc,start       ] GC(70) Pause Full (Ergonomics)
[3.981s][info][gc,phases,start] GC(70) Marking Phase
[4.165s][info][gc,phases      ] GC(70) Marking Phase 183.923ms
[4.165s][info][gc,phases,start] GC(70) Summary Phase
[4.165s][info][gc,phases      ] GC(70) Summary Phase 0.019ms
[4.165s][info][gc,phases,start] GC(70) Adjust Roots
[4.166s][info][gc,phases      ] GC(70) Adjust Roots 0.229ms
[4.166s][info][gc,phases,start] GC(70) Compaction Phase
[4.249s][info][gc,phases      ] GC(70) Compaction Phase 83.511ms
[4.249s][info][gc,phases,start] GC(70) Post Compact
[4.252s][info][gc,phases      ] GC(70) Post Compact 2.421ms
[4.252s][info][gc,heap        ] GC(70) PSYoungGen: 28704K(70656K)->8161K(72704K) Eden: 0K(16384K)->0K(18432K) From: 28704K(54272K)->8161K(54272K)
[4.252s][info][gc,heap        ] GC(70) ParOldGen: 446342K(466432K)->466203K(529920K)
[4.252s][info][gc,metaspace   ] GC(70) Metaspace: 6302K(6464K)->6302K(6464K) NonClass: 5769K(5824K)->5769K(5824K) Class: 533K(640K)->533K(640K)
[4.252s][info][gc             ] GC(70) Pause Full (Ergonomics) 463M->463M(588M) 270.755ms
[4.252s][info][gc,cpu         ] GC(70) User=0.52s Sys=0.00s Real=0.27s
[4.272s][info][gc,start       ] GC(71) Pause Young (Allocation Failure)
[4.333s][info][gc,heap        ] GC(71) PSYoungGen: 26593K(72704K)->22816K(75264K) Eden: 18432K(18432K)->0K(18432K) From: 8161K(54272K)->22816K(56832K)
[4.333s][info][gc,heap        ] GC(71) ParOldGen: 466203K(529920K)->470107K(529920K)
[4.333s][info][gc,metaspace   ] GC(71) Metaspace: 6302K(6464K)->6302K(6464K) NonClass: 5769K(5824K)->5769K(5824K) Class: 533K(640K)->533K(640K)
[4.333s][info][gc             ] GC(71) Pause Young (Allocation Failure) 481M->481M(591M) 60.431ms
[4.333s][info][gc,cpu         ] GC(71) User=0.09s Sys=0.00s Real=0.06s
[4.351s][info][gc,start       ] GC(72) Pause Young (Allocation Failure)
[4.380s][info][gc,heap        ] GC(72) PSYoungGen: 41248K(75264K)->41248K(74752K) Eden: 18432K(18432K)->0K(18944K) From: 22816K(56832K)->41248K(55808K)
[4.380s][info][gc,heap        ] GC(72) ParOldGen: 470107K(529920K)->470107K(529920K)
[4.380s][info][gc,metaspace   ] GC(72) Metaspace: 6302K(6464K)->6302K(6464K) NonClass: 5769K(5824K)->5769K(5824K) Class: 533K(640K)->533K(640K)
[4.380s][info][gc             ] GC(72) Pause Young (Allocation Failure) 499M->499M(590M) 28.537ms
[4.380s][info][gc,cpu         ] GC(72) User=0.03s Sys=0.00s Real=0.03s
[4.399s][info][gc,start       ] GC(73) Pause Young (Allocation Failure)
[4.437s][info][gc,heap        ] GC(73) PSYoungGen: 60192K(74752K)->57344K(76288K) Eden: 18944K(18944K)->0K(18944K) From: 41248K(55808K)->57344K(57344K)
[4.437s][info][gc,heap        ] GC(73) ParOldGen: 470107K(529920K)->472963K(529920K)
[4.437s][info][gc,metaspace   ] GC(73) Metaspace: 6302K(6464K)->6302K(6464K) NonClass: 5769K(5824K)->5769K(5824K) Class: 533K(640K)->533K(640K)
[4.437s][info][gc             ] GC(73) Pause Young (Allocation Failure) 517M->517M(592M) 37.933ms
[4.437s][info][gc,cpu         ] GC(73) User=0.06s Sys=0.00s Real=0.04s
[4.458s][info][gc,start       ] GC(74) Pause Young (Allocation Failure)
[4.509s][info][gc,heap        ] GC(74) PSYoungGen: 76288K(76288K)->54560K(82432K) Eden: 18944K(18944K)->0K(16896K) From: 57344K(57344K)->54560K(65536K)
[4.509s][info][gc,heap        ] GC(74) ParOldGen: 472963K(529920K)->495027K(529920K)
[4.509s][info][gc,metaspace   ] GC(74) Metaspace: 6302K(6464K)->6302K(6464K) NonClass: 5769K(5824K)->5769K(5824K) Class: 533K(640K)->533K(640K)
[4.509s][info][gc             ] GC(74) Pause Young (Allocation Failure) 536M->536M(598M) 50.333ms
[4.509s][info][gc,cpu         ] GC(74) User=0.08s Sys=0.02s Real=0.05s
[4.527s][info][gc,start       ] GC(75) Pause Young (Allocation Failure)
[4.570s][info][gc,heap        ] GC(75) PSYoungGen: 71456K(82432K)->53728K(87040K) Eden: 16896K(16896K)->0K(16896K) From: 54560K(65536K)->53728K(70144K)
[4.570s][info][gc,heap        ] GC(75) ParOldGen: 495027K(529920K)->513011K(529920K)
[4.570s][info][gc,metaspace   ] GC(75) Metaspace: 6302K(6464K)->6302K(6464K) NonClass: 5769K(5824K)->5769K(5824K) Class: 533K(640K)->533K(640K)
[4.570s][info][gc             ] GC(75) Pause Young (Allocation Failure) 553M->553M(602M) 43.584ms
[4.570s][info][gc,cpu         ] GC(75) User=0.06s Sys=0.00s Real=0.04s
[4.570s][info][gc,start       ] GC(76) Pause Full (Ergonomics)
[4.570s][info][gc,phases,start] GC(76) Marking Phase
[4.785s][info][gc,phases      ] GC(76) Marking Phase 214.586ms
[4.785s][info][gc,phases,start] GC(76) Summary Phase
[4.785s][info][gc,phases      ] GC(76) Summary Phase 0.033ms
[4.785s][info][gc,phases,start] GC(76) Adjust Roots
[4.785s][info][gc,phases      ] GC(76) Adjust Roots 0.214ms
[4.785s][info][gc,phases,start] GC(76) Compaction Phase
[4.886s][info][gc,phases      ] GC(76) Compaction Phase 100.995ms
[4.886s][info][gc,phases,start] GC(76) Post Compact
[4.887s][info][gc,phases      ] GC(76) Post Compact 1.197ms
[4.888s][info][gc,heap        ] GC(76) PSYoungGen: 53728K(87040K)->36214K(87040K) Eden: 0K(16896K)->0K(16896K) From: 53728K(70144K)->36214K(70144K)
[4.888s][info][gc,heap        ] GC(76) ParOldGen: 513011K(529920K)->529649K(601600K)
[4.888s][info][gc,metaspace   ] GC(76) Metaspace: 6302K(6464K)->6302K(6464K) NonClass: 5769K(5824K)->5769K(5824K) Class: 533K(640K)->533K(640K)
[4.888s][info][gc             ] GC(76) Pause Full (Ergonomics) 553M->552M(672M) 317.758ms
[4.888s][info][gc,cpu         ] GC(76) User=0.59s Sys=0.00s Real=0.32s
[4.906s][info][gc,start       ] GC(77) Pause Young (Allocation Failure)
[4.983s][info][gc,heap        ] GC(77) PSYoungGen: 53110K(87040K)->41536K(87552K) Eden: 16896K(16896K)->0K(18944K) From: 36214K(70144K)->41536K(68608K)
[4.983s][info][gc,heap        ] GC(77) ParOldGen: 529649K(601600K)->541505K(601600K)
[4.983s][info][gc,metaspace   ] GC(77) Metaspace: 6302K(6464K)->6302K(6464K) NonClass: 5769K(5824K)->5769K(5824K) Class: 533K(640K)->533K(640K)
[4.983s][info][gc             ] GC(77) Pause Young (Allocation Failure) 569M->569M(673M) 76.810ms
[4.983s][info][gc,cpu         ] GC(77) User=0.12s Sys=0.00s Real=0.08s
[5.003s][info][gc,start       ] GC(78) Pause Young (Allocation Failure)
[5.041s][info][gc,heap        ] GC(78) PSYoungGen: 60480K(87552K)->48000K(90112K) Eden: 18944K(18944K)->0K(18944K) From: 41536K(68608K)->48000K(71168K)
[5.041s][info][gc,heap        ] GC(78) ParOldGen: 541505K(601600K)->554153K(601600K)
[5.041s][info][gc,metaspace   ] GC(78) Metaspace: 6302K(6464K)->6302K(6464K) NonClass: 5769K(5824K)->5769K(5824K) Class: 533K(640K)->533K(640K)
[5.041s][info][gc             ] GC(78) Pause Young (Allocation Failure) 587M->588M(675M) 38.707ms
[5.042s][info][gc,cpu         ] GC(78) User=0.05s Sys=0.02s Real=0.04s
[5.062s][info][gc,start       ] GC(79) Pause Young (Allocation Failure)
[5.107s][info][gc,heap        ] GC(79) PSYoungGen: 66944K(90112K)->54816K(90112K) Eden: 18944K(18944K)->0K(18944K) From: 48000K(71168K)->54816K(71168K)
[5.107s][info][gc,heap        ] GC(79) ParOldGen: 554153K(601600K)->566449K(601600K)
[5.107s][info][gc,metaspace   ] GC(79) Metaspace: 6302K(6464K)->6302K(6464K) NonClass: 5769K(5824K)->5769K(5824K) Class: 533K(640K)->533K(640K)
[5.107s][info][gc             ] GC(79) Pause Young (Allocation Failure) 606M->606M(675M) 44.353ms
[5.107s][info][gc,cpu         ] GC(79) User=0.06s Sys=0.00s Real=0.04s
[5.129s][info][gc,start       ] GC(80) Pause Young (Allocation Failure)
[5.178s][info][gc,heap        ] GC(80) PSYoungGen: 73760K(90112K)->56864K(92672K) Eden: 18944K(18944K)->0K(18944K) From: 54816K(71168K)->56864K(73728K)
[5.178s][info][gc,heap        ] GC(80) ParOldGen: 566449K(601600K)->583585K(601600K)
[5.178s][info][gc,metaspace   ] GC(80) Metaspace: 6302K(6464K)->6302K(6464K) NonClass: 5769K(5824K)->5769K(5824K) Class: 533K(640K)->533K(640K)
[5.178s][info][gc             ] GC(80) Pause Young (Allocation Failure) 625M->625M(678M) 48.994ms
[5.178s][info][gc,cpu         ] GC(80) User=0.09s Sys=0.00s Real=0.05s
[5.178s][info][gc,start       ] GC(81) Pause Full (Ergonomics)
[5.178s][info][gc,phases,start] GC(81) Marking Phase
[5.432s][info][gc,phases      ] GC(81) Marking Phase 253.304ms
[5.432s][info][gc,phases,start] GC(81) Summary Phase
[5.432s][info][gc,phases      ] GC(81) Summary Phase 0.021ms
[5.432s][info][gc,phases,start] GC(81) Adjust Roots
[5.432s][info][gc,phases      ] GC(81) Adjust Roots 0.227ms
[5.432s][info][gc,phases,start] GC(81) Compaction Phase
[5.548s][info][gc,phases      ] GC(81) Compaction Phase 116.096ms
[5.548s][info][gc,phases,start] GC(81) Post Compact
[5.550s][info][gc,phases      ] GC(81) Post Compact 1.286ms
[5.550s][info][gc,heap        ] GC(81) PSYoungGen: 56864K(92672K)->38343K(92672K) Eden: 0K(18944K)->0K(18944K) From: 56864K(73728K)->38343K(73728K)
[5.550s][info][gc,heap        ] GC(81) ParOldGen: 583585K(601600K)->601124K(675840K)
[5.550s][info][gc,metaspace   ] GC(81) Metaspace: 6302K(6464K)->6302K(6464K) NonClass: 5769K(5824K)->5769K(5824K) Class: 533K(640K)->533K(640K)
[5.550s][info][gc             ] GC(81) Pause Full (Ergonomics) 625M->624M(750M) 371.572ms
[5.550s][info][gc,cpu         ] GC(81) User=0.69s Sys=0.02s Real=0.37s
[5.571s][info][gc,start       ] GC(82) Pause Young (Allocation Failure)
[5.660s][info][gc,heap        ] GC(82) PSYoungGen: 57287K(92672K)->31104K(94720K) Eden: 18944K(18944K)->0K(20992K) From: 38343K(73728K)->31104K(73728K)
[5.660s][info][gc,heap        ] GC(82) ParOldGen: 601124K(675840K)->627788K(675840K)
[5.660s][info][gc,metaspace   ] GC(82) Metaspace: 6302K(6464K)->6302K(6464K) NonClass: 5769K(5824K)->5769K(5824K) Class: 533K(640K)->533K(640K)
[5.660s][info][gc             ] GC(82) Pause Young (Allocation Failure) 642M->643M(752M) 88.757ms
[5.660s][info][gc,cpu         ] GC(82) User=0.16s Sys=0.00s Real=0.09s
[5.684s][info][gc,start       ] GC(83) Pause Young (Allocation Failure)
[5.720s][info][gc,heap        ] GC(83) PSYoungGen: 52096K(94720K)->52128K(96256K) Eden: 20992K(20992K)->0K(20992K) From: 31104K(73728K)->52128K(75264K)
[5.720s][info][gc,heap        ] GC(83) ParOldGen: 627788K(675840K)->627788K(675840K)
[5.720s][info][gc,metaspace   ] GC(83) Metaspace: 6302K(6464K)->6302K(6464K) NonClass: 5769K(5824K)->5769K(5824K) Class: 533K(640K)->533K(640K)
[5.720s][info][gc             ] GC(83) Pause Young (Allocation Failure) 663M->663M(754M) 35.887ms
[5.720s][info][gc,cpu         ] GC(83) User=0.09s Sys=0.00s Real=0.03s
[5.746s][info][gc,start       ] GC(84) Pause Young (Allocation Failure)
[5.797s][info][gc,heap        ] GC(84) PSYoungGen: 73120K(96256K)->60992K(95744K) Eden: 20992K(20992K)->0K(19968K) From: 52128K(75264K)->60992K(75776K)
[5.797s][info][gc,heap        ] GC(84) ParOldGen: 627788K(675840K)->640084K(675840K)
[5.797s][info][gc,metaspace   ] GC(84) Metaspace: 6302K(6464K)->6302K(6464K) NonClass: 5769K(5824K)->5769K(5824K) Class: 533K(640K)->533K(640K)
[5.797s][info][gc             ] GC(84) Pause Young (Allocation Failure) 684M->684M(753M) 50.400ms
[5.797s][info][gc,cpu         ] GC(84) User=0.08s Sys=0.02s Real=0.05s
[5.955s][info][gc,start       ] GC(85) Pause Full (Ergonomics)
[5.955s][info][gc,phases,start] GC(85) Marking Phase
[6.254s][info][gc,phases      ] GC(85) Marking Phase 299.534ms
[6.254s][info][gc,phases,start] GC(85) Summary Phase
[6.254s][info][gc,phases      ] GC(85) Summary Phase 0.028ms
[6.254s][info][gc,phases,start] GC(85) Adjust Roots
[6.255s][info][gc,phases      ] GC(85) Adjust Roots 0.323ms
[6.255s][info][gc,phases,start] GC(85) Compaction Phase
[6.432s][info][gc,phases      ] GC(85) Compaction Phase 177.216ms
[6.432s][info][gc,phases,start] GC(85) Post Compact
[6.433s][info][gc,phases      ] GC(85) Post Compact 1.518ms
[6.434s][info][gc,heap        ] GC(85) PSYoungGen: 80960K(95744K)->60832K(95744K) Eden: 19968K(19968K)->0K(19968K) From: 60992K(75776K)->60832K(75776K)
[6.434s][info][gc,heap        ] GC(85) ParOldGen: 672852K(675840K)->675790K(757760K)
[6.434s][info][gc,metaspace   ] GC(85) Metaspace: 6302K(6464K)->6302K(6464K) NonClass: 5769K(5824K)->5769K(5824K) Class: 533K(640K)->533K(640K)
[6.434s][info][gc             ] GC(85) Pause Full (Ergonomics) 736M->719M(833M) 479.345ms
[6.434s][info][gc,cpu         ] GC(85) User=0.86s Sys=0.00s Real=0.48s
[6.456s][info][gc,start       ] GC(86) Pause Young (Allocation Failure)
[6.561s][info][gc,heap        ] GC(86) PSYoungGen: 80800K(95744K)->62016K(99328K) Eden: 19968K(19968K)->0K(19968K) From: 60832K(75776K)->62016K(79360K)
[6.561s][info][gc,heap        ] GC(86) ParOldGen: 675790K(757760K)->694974K(757760K)
[6.561s][info][gc,metaspace   ] GC(86) Metaspace: 6302K(6464K)->6302K(6464K) NonClass: 5769K(5824K)->5769K(5824K) Class: 533K(640K)->533K(640K)
[6.561s][info][gc             ] GC(86) Pause Young (Allocation Failure) 738M->739M(837M) 105.195ms
[6.561s][info][gc,cpu         ] GC(86) User=0.16s Sys=0.03s Real=0.11s
[6.582s][info][gc,start       ] GC(87) Pause Young (Allocation Failure)
[6.635s][info][gc,heap        ] GC(87) PSYoungGen: 81984K(99328K)->81984K(94720K) Eden: 19968K(19968K)->0K(12288K) From: 62016K(79360K)->81984K(82432K)
[6.635s][info][gc,heap        ] GC(87) ParOldGen: 694974K(757760K)->694974K(757760K)
[6.635s][info][gc,metaspace   ] GC(87) Metaspace: 6302K(6464K)->6302K(6464K) NonClass: 5769K(5824K)->5769K(5824K) Class: 533K(640K)->533K(640K)
[6.635s][info][gc             ] GC(87) Pause Young (Allocation Failure) 758M->758M(832M) 52.946ms
[6.635s][info][gc,cpu         ] GC(87) User=0.09s Sys=0.00s Real=0.05s
[6.647s][info][gc,start       ] GC(88) Pause Young (Allocation Failure)
[6.704s][info][gc,heap        ] GC(88) PSYoungGen: 94272K(94720K)->73280K(104448K) Eden: 12288K(12288K)->0K(12288K) From: 81984K(82432K)->73280K(92160K)
[6.704s][info][gc,heap        ] GC(88) ParOldGen: 694974K(757760K)->716246K(757760K)
[6.704s][info][gc,metaspace   ] GC(88) Metaspace: 6302K(6464K)->6302K(6464K) NonClass: 5769K(5824K)->5769K(5824K) Class: 533K(640K)->533K(640K)
[6.704s][info][gc             ] GC(88) Pause Young (Allocation Failure) 770M->771M(842M) 56.978ms
[6.704s][info][gc,cpu         ] GC(88) User=0.08s Sys=0.00s Real=0.06s
[6.716s][info][gc,start       ] GC(89) Pause Young (Allocation Failure)
[6.770s][info][gc,heap        ] GC(89) PSYoungGen: 85568K(104448K)->64544K(110592K) Eden: 12288K(12288K)->0K(13824K) From: 73280K(92160K)->64544K(96768K)
[6.770s][info][gc,heap        ] GC(89) ParOldGen: 716246K(757760K)->737526K(757760K)
[6.770s][info][gc,metaspace   ] GC(89) Metaspace: 6302K(6464K)->6302K(6464K) NonClass: 5769K(5824K)->5769K(5824K) Class: 533K(640K)->533K(640K)
[6.770s][info][gc             ] GC(89) Pause Young (Allocation Failure) 783M->783M(848M) 53.442ms
[6.770s][info][gc,cpu         ] GC(89) User=0.09s Sys=0.00s Real=0.05s
[6.770s][info][gc,start       ] GC(90) Pause Full (Ergonomics)
[6.770s][info][gc,phases,start] GC(90) Marking Phase
[7.071s][info][gc,phases      ] GC(90) Marking Phase 301.055ms
[7.071s][info][gc,phases,start] GC(90) Summary Phase
[7.071s][info][gc,phases      ] GC(90) Summary Phase 0.028ms
[7.071s][info][gc,phases,start] GC(90) Adjust Roots
[7.071s][info][gc,phases      ] GC(90) Adjust Roots 0.217ms
[7.071s][info][gc,phases,start] GC(90) Compaction Phase
[7.212s][info][gc,phases      ] GC(90) Compaction Phase 140.642ms
[7.212s][info][gc,phases,start] GC(90) Post Compact
[7.214s][info][gc,phases      ] GC(90) Post Compact 1.750ms
[7.214s][info][gc,heap        ] GC(90) PSYoungGen: 64544K(110592K)->43429K(110592K) Eden: 0K(13824K)->0K(13824K) From: 64544K(96768K)->43429K(96768K)
[7.214s][info][gc,heap        ] GC(90) ParOldGen: 737526K(757760K)->757574K(849920K)
[7.214s][info][gc,metaspace   ] GC(90) Metaspace: 6302K(6464K)->6302K(6464K) NonClass: 5769K(5824K)->5769K(5824K) Class: 533K(640K)->533K(640K)
[7.215s][info][gc             ] GC(90) Pause Full (Ergonomics) 783M->782M(938M) 444.514ms
[7.215s][info][gc,cpu         ] GC(90) User=0.81s Sys=0.00s Real=0.45s
[7.228s][info][gc,start       ] GC(91) Pause Young (Allocation Failure)
[7.326s][info][gc,heap        ] GC(91) PSYoungGen: 57253K(110592K)->31008K(110592K) Eden: 13824K(13824K)->0K(13824K) From: 43429K(96768K)->31008K(96768K)
[7.326s][info][gc,heap        ] GC(91) ParOldGen: 757574K(849920K)->784238K(849920K)
[7.326s][info][gc,metaspace   ] GC(91) Metaspace: 6302K(6464K)->6302K(6464K) NonClass: 5769K(5824K)->5769K(5824K) Class: 533K(640K)->533K(640K)
[7.326s][info][gc             ] GC(91) Pause Young (Allocation Failure) 795M->796M(938M) 97.529ms
[7.326s][info][gc,cpu         ] GC(91) User=0.19s Sys=0.00s Real=0.10s
[7.339s][info][gc,start       ] GC(92) Pause Young (Allocation Failure)
[7.368s][info][gc,heap        ] GC(92) PSYoungGen: 44832K(110592K)->35904K(108032K) Eden: 13824K(13824K)->0K(15872K) From: 31008K(96768K)->35904K(92160K)
[7.368s][info][gc,heap        ] GC(92) ParOldGen: 784238K(849920K)->793302K(849920K)
[7.368s][info][gc,metaspace   ] GC(92) Metaspace: 6302K(6464K)->6302K(6464K) NonClass: 5769K(5824K)->5769K(5824K) Class: 533K(640K)->533K(640K)
[7.368s][info][gc             ] GC(92) Pause Young (Allocation Failure) 809M->809M(935M) 29.312ms
[7.368s][info][gc,cpu         ] GC(92) User=0.02s Sys=0.02s Real=0.03s
[7.385s][info][gc,start       ] GC(93) Pause Young (Allocation Failure)
[7.418s][info][gc,heap        ] GC(93) PSYoungGen: 51776K(108032K)->43552K(59904K) Eden: 15872K(15872K)->0K(15872K) From: 35904K(92160K)->43552K(44032K)
[7.418s][info][gc,heap        ] GC(93) ParOldGen: 793302K(849920K)->801662K(849920K)
[7.418s][info][gc,metaspace   ] GC(93) Metaspace: 6302K(6464K)->6302K(6464K) NonClass: 5769K(5824K)->5769K(5824K) Class: 533K(640K)->533K(640K)
[7.418s][info][gc             ] GC(93) Pause Young (Allocation Failure) 825M->825M(888M) 33.348ms
[7.418s][info][gc,cpu         ] GC(93) User=0.06s Sys=0.00s Real=0.03s
[7.435s][info][gc,start       ] GC(94) Pause Young (Allocation Failure)
[7.474s][info][gc,heap        ] GC(94) PSYoungGen: 59424K(59904K)->45600K(101376K) Eden: 15872K(15872K)->0K(18432K) From: 43552K(44032K)->45600K(82944K)
[7.474s][info][gc,heap        ] GC(94) ParOldGen: 801662K(849920K)->815670K(849920K)
[7.474s][info][gc,metaspace   ] GC(94) Metaspace: 6302K(6464K)->6302K(6464K) NonClass: 5769K(5824K)->5769K(5824K) Class: 533K(640K)->533K(640K)
[7.474s][info][gc             ] GC(94) Pause Young (Allocation Failure) 840M->841M(929M) 39.185ms
[7.474s][info][gc,cpu         ] GC(94) User=0.09s Sys=0.00s Real=0.04s
[7.493s][info][gc,start       ] GC(95) Pause Young (Allocation Failure)
[7.539s][info][gc,heap        ] GC(95) PSYoungGen: 64032K(101376K)->34336K(105472K) Eden: 18432K(18432K)->0K(18432K) From: 45600K(82944K)->34336K(87040K)
[7.539s][info][gc,heap        ] GC(95) ParOldGen: 815670K(849920K)->845766K(849920K)
[7.539s][info][gc,metaspace   ] GC(95) Metaspace: 6302K(6464K)->6302K(6464K) NonClass: 5769K(5824K)->5769K(5824K) Class: 533K(640K)->533K(640K)
[7.539s][info][gc             ] GC(95) Pause Young (Allocation Failure) 859M->859M(933M) 46.609ms
[7.539s][info][gc,cpu         ] GC(95) User=0.06s Sys=0.00s Real=0.05s
[7.539s][info][gc,start       ] GC(96) Pause Full (Ergonomics)
[7.539s][info][gc,phases,start] GC(96) Marking Phase
[7.875s][info][gc,phases      ] GC(96) Marking Phase 335.249ms
[7.875s][info][gc,phases,start] GC(96) Summary Phase
[7.875s][info][gc,phases      ] GC(96) Summary Phase 0.028ms
[7.875s][info][gc,phases,start] GC(96) Adjust Roots
[7.875s][info][gc,phases      ] GC(96) Adjust Roots 0.252ms
[7.875s][info][gc,phases,start] GC(96) Compaction Phase
[8.024s][info][gc,phases      ] GC(96) Compaction Phase 148.543ms
[8.024s][info][gc,phases,start] GC(96) Post Compact
[8.025s][info][gc,phases      ] GC(96) Post Compact 1.704ms
[8.026s][info][gc,heap        ] GC(96) PSYoungGen: 34336K(105472K)->29132K(105472K) Eden: 0K(18432K)->0K(18432K) From: 34336K(87040K)->29132K(87040K)
[8.026s][info][gc,heap        ] GC(96) ParOldGen: 845766K(849920K)->849540K(952832K)
[8.026s][info][gc,metaspace   ] GC(96) Metaspace: 6302K(6464K)->6302K(6464K) NonClass: 5769K(5824K)->5769K(5824K) Class: 533K(640K)->533K(640K)
[8.026s][info][gc             ] GC(96) Pause Full (Ergonomics) 859M->858M(1033M) 486.611ms
[8.026s][info][gc,cpu         ] GC(96) User=0.92s Sys=0.00s Real=0.49s
[8.045s][info][gc,start       ] GC(97) Pause Young (Allocation Failure)
[8.147s][info][gc,heap        ] GC(97) PSYoungGen: 47564K(105472K)->18464K(106496K) Eden: 18432K(18432K)->0K(20480K) From: 29132K(87040K)->18464K(86016K)
[8.147s][info][gc,heap        ] GC(97) ParOldGen: 849540K(952832K)->879140K(952832K)
[8.147s][info][gc,metaspace   ] GC(97) Metaspace: 6302K(6464K)->6302K(6464K) NonClass: 5769K(5824K)->5769K(5824K) Class: 533K(640K)->533K(640K)
[8.147s][info][gc             ] GC(97) Pause Young (Allocation Failure) 876M->876M(1034M) 102.519ms
[8.148s][info][gc,cpu         ] GC(97) User=0.19s Sys=0.00s Real=0.10s
[8.169s][info][gc,start       ] GC(98) Pause Young (Allocation Failure)
[8.203s][info][gc,heap        ] GC(98) PSYoungGen: 38944K(106496K)->20544K(107520K) Eden: 20480K(20480K)->0K(20480K) From: 18464K(86016K)->20544K(87040K)
[8.203s][info][gc,heap        ] GC(98) ParOldGen: 879140K(952832K)->897836K(952832K)
[8.203s][info][gc,metaspace   ] GC(98) Metaspace: 6302K(6464K)->6302K(6464K) NonClass: 5769K(5824K)->5769K(5824K) Class: 533K(640K)->533K(640K)
[8.203s][info][gc             ] GC(98) Pause Young (Allocation Failure) 896M->896M(1035M) 33.607ms
[8.203s][info][gc,cpu         ] GC(98) User=0.09s Sys=0.00s Real=0.03s
[8.224s][info][gc,start       ] GC(99) Pause Young (Allocation Failure)
[8.257s][info][gc,heap        ] GC(99) PSYoungGen: 41024K(107520K)->20512K(108544K) Eden: 20480K(20480K)->0K(23040K) From: 20544K(87040K)->20512K(85504K)
[8.258s][info][gc,heap        ] GC(99) ParOldGen: 897836K(952832K)->918620K(952832K)
[8.258s][info][gc,metaspace   ] GC(99) Metaspace: 6302K(6464K)->6302K(6464K) NonClass: 5769K(5824K)->5769K(5824K) Class: 533K(640K)->533K(640K)
[8.258s][info][gc             ] GC(99) Pause Young (Allocation Failure) 916M->917M(1036M) 33.608ms
[8.258s][info][gc,cpu         ] GC(99) User=0.06s Sys=0.00s Real=0.03s
[8.258s][info][gc,start       ] GC(100) Pause Full (Ergonomics)
[8.258s][info][gc,phases,start] GC(100) Marking Phase
[8.614s][info][gc,phases      ] GC(100) Marking Phase 356.551ms
[8.614s][info][gc,phases,start] GC(100) Summary Phase
[8.614s][info][gc,phases      ] GC(100) Summary Phase 0.041ms
[8.614s][info][gc,phases,start] GC(100) Adjust Roots
[8.615s][info][gc,phases      ] GC(100) Adjust Roots 0.235ms
[8.615s][info][gc,phases,start] GC(100) Compaction Phase
[8.773s][info][gc,phases      ] GC(100) Compaction Phase 157.870ms
[8.773s][info][gc,phases,start] GC(100) Post Compact
[8.774s][info][gc,phases      ] GC(100) Post Compact 1.786ms
[8.775s][info][gc,heap        ] GC(100) PSYoungGen: 20512K(108544K)->0K(109056K) Eden: 0K(23040K)->0K(23040K) From: 20512K(85504K)->0K(86016K)
[8.775s][info][gc,heap        ] GC(100) ParOldGen: 918620K(952832K)->937970K(1024000K)
[8.775s][info][gc,metaspace   ] GC(100) Metaspace: 6302K(6464K)->6302K(6464K) NonClass: 5769K(5824K)->5769K(5824K) Class: 533K(640K)->533K(640K)
[8.775s][info][gc             ] GC(100) Pause Full (Ergonomics) 917M->915M(1106M) 517.143ms
[8.775s][info][gc,cpu         ] GC(100) User=0.95s Sys=0.02s Real=0.52s
[8.800s][info][gc,start       ] GC(101) Pause Young (Allocation Failure)
[8.820s][info][gc,heap        ] GC(101) PSYoungGen: 23040K(109056K)->23072K(105984K) Eden: 23040K(23040K)->0K(25088K) From: 0K(86016K)->23072K(80896K)
[8.821s][info][gc,heap        ] GC(101) ParOldGen: 937970K(1024000K)->937970K(1024000K)
[8.821s][info][gc,metaspace   ] GC(101) Metaspace: 6302K(6464K)->6302K(6464K) NonClass: 5769K(5824K)->5769K(5824K) Class: 533K(640K)->533K(640K)
[8.821s][info][gc             ] GC(101) Pause Young (Allocation Failure) 938M->938M(1103M) 20.540ms
[8.821s][info][gc,cpu         ] GC(101) User=0.03s Sys=0.00s Real=0.02s
[8.846s][info][gc,start       ] GC(102) Pause Young (Allocation Failure)
[8.880s][info][gc,heap        ] GC(102) PSYoungGen: 48160K(105984K)->48192K(109056K) Eden: 25088K(25088K)->0K(25088K) From: 23072K(80896K)->48192K(83968K)
[8.880s][info][gc,heap        ] GC(102) ParOldGen: 937970K(1024000K)->937970K(1024000K)
[8.880s][info][gc,metaspace   ] GC(102) Metaspace: 6302K(6464K)->6302K(6464K) NonClass: 5769K(5824K)->5769K(5824K) Class: 533K(640K)->533K(640K)
[8.880s][info][gc             ] GC(102) Pause Young (Allocation Failure) 963M->963M(1106M) 33.601ms
[8.880s][info][gc,cpu         ] GC(102) User=0.06s Sys=0.00s Real=0.03s
[8.907s][info][gc,start       ] GC(103) Pause Young (Allocation Failure)
[8.954s][info][gc,heap        ] GC(103) PSYoungGen: 73280K(109056K)->73312K(102912K) Eden: 25088K(25088K)->0K(19456K) From: 48192K(83968K)->73312K(83456K)
[8.954s][info][gc,heap        ] GC(103) ParOldGen: 937970K(1024000K)->937970K(1024000K)
[8.954s][info][gc,metaspace   ] GC(103) Metaspace: 6302K(6464K)->6302K(6464K) NonClass: 5769K(5824K)->5769K(5824K) Class: 533K(640K)->533K(640K)
[8.954s][info][gc             ] GC(103) Pause Young (Allocation Failure) 987M->987M(1100M) 47.414ms
[8.954s][info][gc,cpu         ] GC(103) User=0.06s Sys=0.00s Real=0.05s
[8.975s][info][gc,start       ] GC(104) Pause Young (Allocation Failure)
[9.032s][info][gc,heap        ] GC(104) PSYoungGen: 92768K(102912K)->91648K(111104K) Eden: 19456K(19456K)->0K(19456K) From: 73312K(83456K)->91648K(91648K)
[9.032s][info][gc,heap        ] GC(104) ParOldGen: 937970K(1024000K)->939074K(1024000K)
[9.032s][info][gc,metaspace   ] GC(104) Metaspace: 6302K(6464K)->6302K(6464K) NonClass: 5769K(5824K)->5769K(5824K) Class: 533K(640K)->533K(640K)
[9.032s][info][gc             ] GC(104) Pause Young (Allocation Failure) 1006M->1006M(1108M) 56.991ms
[9.032s][info][gc,cpu         ] GC(104) User=0.09s Sys=0.00s Real=0.06s
[9.052s][info][gc,start       ] GC(105) Pause Young (Allocation Failure)
[9.126s][info][gc,heap        ] GC(105) PSYoungGen: 111104K(111104K)->63296K(127488K) Eden: 19456K(19456K)->0K(22016K) From: 91648K(91648K)->63296K(105472K)
[9.126s][info][gc,heap        ] GC(105) ParOldGen: 939074K(1024000K)->987538K(1024000K)
[9.127s][info][gc,metaspace   ] GC(105) Metaspace: 6302K(6464K)->6302K(6464K) NonClass: 5769K(5824K)->5769K(5824K) Class: 533K(640K)->533K(640K)
[9.127s][info][gc             ] GC(105) Pause Young (Allocation Failure) 1025M->1026M(1124M) 74.829ms
[9.127s][info][gc,cpu         ] GC(105) User=0.09s Sys=0.03s Real=0.08s
[9.127s][info][gc,start       ] GC(106) Pause Full (Ergonomics)
[9.127s][info][gc,phases,start] GC(106) Marking Phase
[9.524s][info][gc,phases      ] GC(106) Marking Phase 397.037ms
[9.524s][info][gc,phases,start] GC(106) Summary Phase
[9.524s][info][gc,phases      ] GC(106) Summary Phase 0.030ms
[9.524s][info][gc,phases,start] GC(106) Adjust Roots
[9.524s][info][gc,phases      ] GC(106) Adjust Roots 0.236ms
[9.524s][info][gc,phases,start] GC(106) Compaction Phase
[9.696s][info][gc,phases      ] GC(106) Compaction Phase 172.273ms
[9.696s][info][gc,phases,start] GC(106) Post Compact
[9.699s][info][gc,phases      ] GC(106) Post Compact 2.073ms
[9.699s][info][gc,heap        ] GC(106) PSYoungGen: 63296K(127488K)->26318K(127488K) Eden: 0K(22016K)->0K(22016K) From: 63296K(105472K)->26318K(105472K)
[9.699s][info][gc,heap        ] GC(106) ParOldGen: 987538K(1024000K)->1023617K(1024000K)
[9.699s][info][gc,metaspace   ] GC(106) Metaspace: 6302K(6464K)->6302K(6464K) NonClass: 5769K(5824K)->5769K(5824K) Class: 533K(640K)->533K(640K)
[9.699s][info][gc             ] GC(106) Pause Full (Ergonomics) 1026M->1025M(1124M) 572.094ms
[9.699s][info][gc,cpu         ] GC(106) User=1.06s Sys=0.00s Real=0.57s
[9.721s][info][gc,start       ] GC(107) Pause Full (Ergonomics)
[9.721s][info][gc,phases,start] GC(107) Marking Phase
[10.142s][info][gc,phases      ] GC(107) Marking Phase 420.665ms
[10.142s][info][gc,phases,start] GC(107) Summary Phase
[10.142s][info][gc,phases      ] GC(107) Summary Phase 0.030ms
[10.142s][info][gc,phases,start] GC(107) Adjust Roots
[10.142s][info][gc,phases      ] GC(107) Adjust Roots 0.226ms
[10.142s][info][gc,phases,start] GC(107) Compaction Phase
[10.290s][info][gc,phases      ] GC(107) Compaction Phase 148.356ms
[10.290s][info][gc,phases,start] GC(107) Post Compact
[10.292s][info][gc,phases      ] GC(107) Post Compact 1.868ms
[10.292s][info][gc,heap        ] GC(107) PSYoungGen: 48334K(127488K)->48304K(127488K) Eden: 22016K(22016K)->21986K(22016K) From: 26318K(105472K)->26318K(105472K)
[10.292s][info][gc,heap        ] GC(107) ParOldGen: 1023617K(1024000K)->1023617K(1024000K)
[10.292s][info][gc,metaspace   ] GC(107) Metaspace: 6302K(6464K)->6302K(6464K) NonClass: 5769K(5824K)->5769K(5824K) Class: 533K(640K)->533K(640K)
[10.292s][info][gc             ] GC(107) Pause Full (Ergonomics) 1046M->1046M(1124M) 571.570ms
[10.293s][info][gc,cpu         ] GC(107) User=1.05s Sys=0.02s Real=0.57s
[10.293s][info][gc,start       ] GC(108) Pause Full (Ergonomics)
[10.293s][info][gc,phases,start] GC(108) Marking Phase
[10.711s][info][gc,phases      ] GC(108) Marking Phase 418.114ms
[10.711s][info][gc,phases,start] GC(108) Summary Phase
[10.711s][info][gc,phases      ] GC(108) Summary Phase 0.034ms
[10.711s][info][gc,phases,start] GC(108) Adjust Roots
[10.711s][info][gc,phases      ] GC(108) Adjust Roots 0.224ms
[10.711s][info][gc,phases,start] GC(108) Compaction Phase
[10.855s][info][gc,phases      ] GC(108) Compaction Phase 143.346ms
[10.855s][info][gc,phases,start] GC(108) Post Compact
[10.857s][info][gc,phases      ] GC(108) Post Compact 1.860ms
[10.857s][info][gc,heap        ] GC(108) PSYoungGen: 48334K(127488K)->48333K(127488K) Eden: 22016K(22016K)->22015K(22016K) From: 26318K(105472K)->26318K(105472K)
[10.857s][info][gc,heap        ] GC(108) ParOldGen: 1023617K(1024000K)->1023617K(1024000K)
[10.857s][info][gc,metaspace   ] GC(108) Metaspace: 6302K(6464K)->6302K(6464K) NonClass: 5769K(5824K)->5769K(5824K) Class: 533K(640K)->533K(640K)
[10.857s][info][gc             ] GC(108) Pause Full (Ergonomics) 1046M->1046M(1124M) 563.935ms
[10.857s][info][gc,cpu         ] GC(108) User=1.08s Sys=0.00s Real=0.56s
[10.857s][info][gc,start       ] GC(109) Pause Full (Ergonomics)
[10.857s][info][gc,phases,start] GC(109) Marking Phase
[11.263s][info][gc,phases      ] GC(109) Marking Phase 405.909ms
[11.263s][info][gc,phases,start] GC(109) Summary Phase
[11.263s][info][gc,phases      ] GC(109) Summary Phase 0.030ms
[11.263s][info][gc,phases,start] GC(109) Adjust Roots
[11.263s][info][gc,phases      ] GC(109) Adjust Roots 0.203ms
[11.263s][info][gc,phases,start] GC(109) Compaction Phase
[11.415s][info][gc,phases      ] GC(109) Compaction Phase 151.699ms
[11.415s][info][gc,phases,start] GC(109) Post Compact
[11.417s][info][gc,phases      ] GC(109) Post Compact 1.685ms
[11.417s][info][gc,heap        ] GC(109) PSYoungGen: 48334K(127488K)->48334K(127488K) Eden: 22015K(22016K)->22015K(22016K) From: 26318K(105472K)->26318K(105472K)
[11.417s][info][gc,heap        ] GC(109) ParOldGen: 1023617K(1024000K)->1023617K(1024000K)
[11.417s][info][gc,metaspace   ] GC(109) Metaspace: 6302K(6464K)->6302K(6464K) NonClass: 5769K(5824K)->5769K(5824K) Class: 533K(640K)->533K(640K)
[11.417s][info][gc             ] GC(109) Pause Full (Ergonomics) 1046M->1046M(1124M) 559.920ms
[11.417s][info][gc,cpu         ] GC(109) User=1.06s Sys=0.02s Real=0.56s
[11.417s][info][gc,start       ] GC(110) Pause Full (Ergonomics)
[11.417s][info][gc,phases,start] GC(110) Marking Phase
[11.823s][info][gc,phases      ] GC(110) Marking Phase 405.977ms
[11.823s][info][gc,phases,start] GC(110) Summary Phase
[11.823s][info][gc,phases      ] GC(110) Summary Phase 0.030ms
[11.823s][info][gc,phases,start] GC(110) Adjust Roots
[11.824s][info][gc,phases      ] GC(110) Adjust Roots 0.225ms
[11.824s][info][gc,phases,start] GC(110) Compaction Phase
[11.964s][info][gc,phases      ] GC(110) Compaction Phase 140.814ms
[11.964s][info][gc,phases,start] GC(110) Post Compact
[11.966s][info][gc,phases      ] GC(110) Post Compact 1.924ms
[11.966s][info][gc,heap        ] GC(110) PSYoungGen: 48334K(127488K)->48334K(127488K) Eden: 22015K(22016K)->22015K(22016K) From: 26318K(105472K)->26318K(105472K)
[11.966s][info][gc,heap        ] GC(110) ParOldGen: 1023622K(1024000K)->1023622K(1024000K)
[11.967s][info][gc,metaspace   ] GC(110) Metaspace: 6302K(6464K)->6302K(6464K) NonClass: 5769K(5824K)->5769K(5824K) Class: 533K(640K)->533K(640K)
[11.967s][info][gc             ] GC(110) Pause Full (Ergonomics) 1046M->1046M(1124M) 549.348ms
[11.967s][info][gc,cpu         ] GC(110) User=1.11s Sys=0.00s Real=0.55s
[11.967s][info][gc,start       ] GC(111) Pause Full (Ergonomics)
[11.967s][info][gc,phases,start] GC(111) Marking Phase
[12.377s][info][gc,phases      ] GC(111) Marking Phase 409.647ms
[12.377s][info][gc,phases,start] GC(111) Summary Phase
[12.377s][info][gc,phases      ] GC(111) Summary Phase 0.030ms
[12.377s][info][gc,phases,start] GC(111) Adjust Roots
[12.377s][info][gc,phases      ] GC(111) Adjust Roots 0.231ms
[12.377s][info][gc,phases,start] GC(111) Compaction Phase
[12.519s][info][gc,phases      ] GC(111) Compaction Phase 141.831ms
[12.519s][info][gc,phases,start] GC(111) Post Compact
[12.521s][info][gc,phases      ] GC(111) Post Compact 1.848ms
[12.521s][info][gc,heap        ] GC(111) PSYoungGen: 48334K(127488K)->48334K(127488K) Eden: 22015K(22016K)->22015K(22016K) From: 26318K(105472K)->26318K(105472K)
[12.521s][info][gc,heap        ] GC(111) ParOldGen: 1023626K(1024000K)->1023626K(1024000K)
[12.521s][info][gc,metaspace   ] GC(111) Metaspace: 6302K(6464K)->6302K(6464K) NonClass: 5769K(5824K)->5769K(5824K) Class: 533K(640K)->533K(640K)
[12.521s][info][gc             ] GC(111) Pause Full (Ergonomics) 1046M->1046M(1124M) 554.050ms
[12.521s][info][gc,cpu         ] GC(111) User=1.03s Sys=0.00s Real=0.55s
[12.521s][info][gc,start       ] GC(112) Pause Full (Ergonomics)
[12.521s][info][gc,phases,start] GC(112) Marking Phase
[12.927s][info][gc,phases      ] GC(112) Marking Phase 405.379ms
[12.927s][info][gc,phases,start] GC(112) Summary Phase
[12.927s][info][gc,phases      ] GC(112) Summary Phase 0.051ms
[12.927s][info][gc,phases,start] GC(112) Adjust Roots
[12.927s][info][gc,phases      ] GC(112) Adjust Roots 0.219ms
[12.927s][info][gc,phases,start] GC(112) Compaction Phase
[13.068s][info][gc,phases      ] GC(112) Compaction Phase 141.319ms
[13.068s][info][gc,phases,start] GC(112) Post Compact
[13.070s][info][gc,phases      ] GC(112) Post Compact 1.871ms
[13.070s][info][gc,heap        ] GC(112) PSYoungGen: 48334K(127488K)->48334K(127488K) Eden: 22015K(22016K)->22015K(22016K) From: 26318K(105472K)->26318K(105472K)
[13.070s][info][gc,heap        ] GC(112) ParOldGen: 1023631K(1024000K)->1023631K(1024000K)
[13.070s][info][gc,metaspace   ] GC(112) Metaspace: 6302K(6464K)->6302K(6464K) NonClass: 5769K(5824K)->5769K(5824K) Class: 533K(640K)->533K(640K)
[13.070s][info][gc             ] GC(112) Pause Full (Ergonomics) 1046M->1046M(1124M) 549.228ms
[13.071s][info][gc,cpu         ] GC(112) User=1.06s Sys=0.00s Real=0.55s
[13.071s][info][gc,start       ] GC(113) Pause Full (Ergonomics)
[13.071s][info][gc,phases,start] GC(113) Marking Phase
[13.485s][info][gc,phases      ] GC(113) Marking Phase 414.155ms
[13.485s][info][gc,phases,start] GC(113) Summary Phase
[13.485s][info][gc,phases      ] GC(113) Summary Phase 0.031ms
[13.485s][info][gc,phases,start] GC(113) Adjust Roots
[13.485s][info][gc,phases      ] GC(113) Adjust Roots 0.212ms
[13.485s][info][gc,phases,start] GC(113) Compaction Phase
[13.629s][info][gc,phases      ] GC(113) Compaction Phase 143.457ms
[13.629s][info][gc,phases,start] GC(113) Post Compact
[13.631s][info][gc,phases      ] GC(113) Post Compact 1.856ms
[13.631s][info][gc,heap        ] GC(113) PSYoungGen: 48334K(127488K)->48334K(127488K) Eden: 22015K(22016K)->22015K(22016K) From: 26318K(105472K)->26318K(105472K)
[13.631s][info][gc,heap        ] GC(113) ParOldGen: 1023636K(1024000K)->1023636K(1024000K)
[13.631s][info][gc,metaspace   ] GC(113) Metaspace: 6302K(6464K)->6302K(6464K) NonClass: 5769K(5824K)->5769K(5824K) Class: 533K(640K)->533K(640K)
[13.631s][info][gc             ] GC(113) Pause Full (Ergonomics) 1046M->1046M(1124M) 560.082ms
[13.631s][info][gc,cpu         ] GC(113) User=1.09s Sys=0.00s Real=0.56s
[13.631s][info][gc,start       ] GC(114) Pause Full (Ergonomics)
[13.631s][info][gc,phases,start] GC(114) Marking Phase
[14.040s][info][gc,phases      ] GC(114) Marking Phase 408.940ms
[14.040s][info][gc,phases,start] GC(114) Summary Phase
[14.040s][info][gc,phases      ] GC(114) Summary Phase 0.023ms
[14.040s][info][gc,phases,start] GC(114) Adjust Roots
[14.040s][info][gc,phases      ] GC(114) Adjust Roots 0.192ms
[14.041s][info][gc,phases,start] GC(114) Compaction Phase
[14.182s][info][gc,phases      ] GC(114) Compaction Phase 141.000ms
[14.182s][info][gc,phases,start] GC(114) Post Compact
[14.183s][info][gc,phases      ] GC(114) Post Compact 1.862ms
[14.184s][info][gc,heap        ] GC(114) PSYoungGen: 48334K(127488K)->48334K(127488K) Eden: 22015K(22016K)->22015K(22016K) From: 26318K(105472K)->26318K(105472K)
[14.184s][info][gc,heap        ] GC(114) ParOldGen: 1023640K(1024000K)->1023640K(1024000K)
[14.184s][info][gc,metaspace   ] GC(114) Metaspace: 6302K(6464K)->6302K(6464K) NonClass: 5769K(5824K)->5769K(5824K) Class: 533K(640K)->533K(640K)
[14.184s][info][gc             ] GC(114) Pause Full (Ergonomics) 1046M->1046M(1124M) 552.390ms
[14.184s][info][gc,cpu         ] GC(114) User=1.05s Sys=0.00s Real=0.55s
[14.184s][info][gc,start       ] GC(115) Pause Full (Ergonomics)
[14.184s][info][gc,phases,start] GC(115) Marking Phase
[14.590s][info][gc,phases      ] GC(115) Marking Phase 405.666ms
[14.590s][info][gc,phases,start] GC(115) Summary Phase
[14.590s][info][gc,phases      ] GC(115) Summary Phase 0.030ms
[14.590s][info][gc,phases,start] GC(115) Adjust Roots
[14.590s][info][gc,phases      ] GC(115) Adjust Roots 0.186ms
[14.590s][info][gc,phases,start] GC(115) Compaction Phase
[14.731s][info][gc,phases      ] GC(115) Compaction Phase 141.236ms
[14.731s][info][gc,phases,start] GC(115) Post Compact
[14.733s][info][gc,phases      ] GC(115) Post Compact 1.856ms
[14.733s][info][gc,heap        ] GC(115) PSYoungGen: 48334K(127488K)->48334K(127488K) Eden: 22015K(22016K)->22015K(22016K) From: 26318K(105472K)->26318K(105472K)
[14.733s][info][gc,heap        ] GC(115) ParOldGen: 1023645K(1024000K)->1023645K(1024000K)
[14.733s][info][gc,metaspace   ] GC(115) Metaspace: 6302K(6464K)->6302K(6464K) NonClass: 5769K(5824K)->5769K(5824K) Class: 533K(640K)->533K(640K)
[14.733s][info][gc             ] GC(115) Pause Full (Ergonomics) 1046M->1046M(1124M) 549.387ms
[14.733s][info][gc,cpu         ] GC(115) User=1.09s Sys=0.02s Real=0.55s
[14.734s][info][gc,start       ] GC(116) Pause Full (Ergonomics)
[14.734s][info][gc,phases,start] GC(116) Marking Phase
[15.141s][info][gc,phases      ] GC(116) Marking Phase 407.241ms
[15.141s][info][gc,phases,start] GC(116) Summary Phase
[15.141s][info][gc,phases      ] GC(116) Summary Phase 0.024ms
[15.141s][info][gc,phases,start] GC(116) Adjust Roots
[15.141s][info][gc,phases      ] GC(116) Adjust Roots 0.211ms
[15.141s][info][gc,phases,start] GC(116) Compaction Phase
[15.283s][info][gc,phases      ] GC(116) Compaction Phase 141.533ms
[15.283s][info][gc,phases,start] GC(116) Post Compact
[15.285s][info][gc,phases      ] GC(116) Post Compact 1.845ms
[15.285s][info][gc,heap        ] GC(116) PSYoungGen: 48334K(127488K)->48334K(127488K) Eden: 22015K(22016K)->22015K(22016K) From: 26318K(105472K)->26318K(105472K)
[15.285s][info][gc,heap        ] GC(116) ParOldGen: 1023650K(1024000K)->1023650K(1024000K)
[15.285s][info][gc,metaspace   ] GC(116) Metaspace: 6302K(6464K)->6302K(6464K) NonClass: 5769K(5824K)->5769K(5824K) Class: 533K(640K)->533K(640K)
[15.285s][info][gc             ] GC(116) Pause Full (Ergonomics) 1046M->1046M(1124M) 551.253ms
[15.285s][info][gc,cpu         ] GC(116) User=1.00s Sys=0.00s Real=0.55s
[15.285s][info][gc,start       ] GC(117) Pause Full (Ergonomics)
[15.285s][info][gc,phases,start] GC(117) Marking Phase
[15.691s][info][gc,phases      ] GC(117) Marking Phase 405.735ms
[15.691s][info][gc,phases,start] GC(117) Summary Phase
[15.691s][info][gc,phases      ] GC(117) Summary Phase 0.034ms
[15.691s][info][gc,phases,start] GC(117) Adjust Roots
[15.691s][info][gc,phases      ] GC(117) Adjust Roots 0.243ms
[15.691s][info][gc,phases,start] GC(117) Compaction Phase
[15.833s][info][gc,phases      ] GC(117) Compaction Phase 141.333ms
[15.833s][info][gc,phases,start] GC(117) Post Compact
[15.835s][info][gc,phases      ] GC(117) Post Compact 1.969ms
[15.835s][info][gc,heap        ] GC(117) PSYoungGen: 48334K(127488K)->48334K(127488K) Eden: 22015K(22016K)->22015K(22016K) From: 26318K(105472K)->26318K(105472K)
[15.835s][info][gc,heap        ] GC(117) ParOldGen: 1023654K(1024000K)->1023654K(1024000K)
[15.835s][info][gc,metaspace   ] GC(117) Metaspace: 6302K(6464K)->6302K(6464K) NonClass: 5769K(5824K)->5769K(5824K) Class: 533K(640K)->533K(640K)
[15.835s][info][gc             ] GC(117) Pause Full (Ergonomics) 1046M->1046M(1124M) 549.716ms
[15.835s][info][gc,cpu         ] GC(117) User=1.06s Sys=0.00s Real=0.55s
[15.835s][info][gc,start       ] GC(118) Pause Full (Ergonomics)
[15.835s][info][gc,phases,start] GC(118) Marking Phase
[16.242s][info][gc,phases      ] GC(118) Marking Phase 406.655ms
[16.242s][info][gc,phases,start] GC(118) Summary Phase
[16.242s][info][gc,phases      ] GC(118) Summary Phase 0.066ms
[16.242s][info][gc,phases,start] GC(118) Adjust Roots
[16.242s][info][gc,phases      ] GC(118) Adjust Roots 0.248ms
[16.242s][info][gc,phases,start] GC(118) Compaction Phase
[16.385s][info][gc,phases      ] GC(118) Compaction Phase 142.160ms
[16.385s][info][gc,phases,start] GC(118) Post Compact
[16.387s][info][gc,phases      ] GC(118) Post Compact 2.071ms
[16.387s][info][gc,heap        ] GC(118) PSYoungGen: 48334K(127488K)->48334K(127488K) Eden: 22015K(22016K)->22015K(22016K) From: 26318K(105472K)->26318K(105472K)
[16.387s][info][gc,heap        ] GC(118) ParOldGen: 1023659K(1024000K)->1023659K(1024000K)
[16.387s][info][gc,metaspace   ] GC(118) Metaspace: 6302K(6464K)->6302K(6464K) NonClass: 5769K(5824K)->5769K(5824K) Class: 533K(640K)->533K(640K)
[16.387s][info][gc             ] GC(118) Pause Full (Ergonomics) 1046M->1046M(1124M) 551.664ms
[16.387s][info][gc,cpu         ] GC(118) User=1.06s Sys=0.00s Real=0.55s
[16.387s][info][gc,start       ] GC(119) Pause Full (Ergonomics)
[16.387s][info][gc,phases,start] GC(119) Marking Phase
[16.805s][info][gc,phases      ] GC(119) Marking Phase 417.216ms
[16.805s][info][gc,phases,start] GC(119) Summary Phase
[16.805s][info][gc,phases      ] GC(119) Summary Phase 0.053ms
[16.805s][info][gc,phases,start] GC(119) Adjust Roots
[16.805s][info][gc,phases      ] GC(119) Adjust Roots 0.241ms
[16.805s][info][gc,phases,start] GC(119) Compaction Phase
[16.950s][info][gc,phases      ] GC(119) Compaction Phase 145.484ms
[16.951s][info][gc,phases,start] GC(119) Post Compact
[16.953s][info][gc,phases      ] GC(119) Post Compact 1.984ms
[16.953s][info][gc,heap        ] GC(119) PSYoungGen: 48334K(127488K)->48334K(127488K) Eden: 22015K(22016K)->22015K(22016K) From: 26318K(105472K)->26318K(105472K)
[16.953s][info][gc,heap        ] GC(119) ParOldGen: 1023664K(1024000K)->1023664K(1024000K)
[16.953s][info][gc,metaspace   ] GC(119) Metaspace: 6302K(6464K)->6302K(6464K) NonClass: 5769K(5824K)->5769K(5824K) Class: 533K(640K)->533K(640K)
[16.953s][info][gc             ] GC(119) Pause Full (Ergonomics) 1046M->1046M(1124M) 565.393ms
[16.953s][info][gc,cpu         ] GC(119) User=1.09s Sys=0.00s Real=0.57s
[16.953s][info][gc,start       ] GC(120) Pause Full (Ergonomics)
[16.953s][info][gc,phases,start] GC(120) Marking Phase
[17.360s][info][gc,phases      ] GC(120) Marking Phase 407.039ms
[17.360s][info][gc,phases,start] GC(120) Summary Phase
[17.360s][info][gc,phases      ] GC(120) Summary Phase 0.030ms
[17.360s][info][gc,phases,start] GC(120) Adjust Roots
[17.360s][info][gc,phases      ] GC(120) Adjust Roots 0.224ms
[17.360s][info][gc,phases,start] GC(120) Compaction Phase
[17.502s][info][gc,phases      ] GC(120) Compaction Phase 141.086ms
[17.502s][info][gc,phases,start] GC(120) Post Compact
[17.504s][info][gc,phases      ] GC(120) Post Compact 2.069ms
[17.504s][info][gc,heap        ] GC(120) PSYoungGen: 48334K(127488K)->48334K(127488K) Eden: 22015K(22016K)->22015K(22016K) From: 26318K(105472K)->26318K(105472K)
[17.504s][info][gc,heap        ] GC(120) ParOldGen: 1023668K(1024000K)->1023668K(1024000K)
[17.504s][info][gc,metaspace   ] GC(120) Metaspace: 6302K(6464K)->6302K(6464K) NonClass: 5769K(5824K)->5769K(5824K) Class: 533K(640K)->533K(640K)
[17.504s][info][gc             ] GC(120) Pause Full (Ergonomics) 1046M->1046M(1124M) 550.956ms
[17.504s][info][gc,cpu         ] GC(120) User=1.03s Sys=0.00s Real=0.55s
[17.504s][info][gc,start       ] GC(121) Pause Full (Ergonomics)
[17.504s][info][gc,phases,start] GC(121) Marking Phase
[17.910s][info][gc,phases      ] GC(121) Marking Phase 405.725ms
[17.910s][info][gc,phases,start] GC(121) Summary Phase
[17.910s][info][gc,phases      ] GC(121) Summary Phase 0.046ms
[17.910s][info][gc,phases,start] GC(121) Adjust Roots
[17.911s][info][gc,phases      ] GC(121) Adjust Roots 0.246ms
[17.911s][info][gc,phases,start] GC(121) Compaction Phase
[18.052s][info][gc,phases      ] GC(121) Compaction Phase 141.748ms
[18.052s][info][gc,phases,start] GC(121) Post Compact
[18.054s][info][gc,phases      ] GC(121) Post Compact 1.979ms
[18.055s][info][gc,heap        ] GC(121) PSYoungGen: 48334K(127488K)->48334K(127488K) Eden: 22015K(22016K)->22015K(22016K) From: 26318K(105472K)->26318K(105472K)
[18.055s][info][gc,heap        ] GC(121) ParOldGen: 1023673K(1024000K)->1023673K(1024000K)
[18.055s][info][gc,metaspace   ] GC(121) Metaspace: 6302K(6464K)->6302K(6464K) NonClass: 5769K(5824K)->5769K(5824K) Class: 533K(640K)->533K(640K)
[18.055s][info][gc             ] GC(121) Pause Full (Ergonomics) 1046M->1046M(1124M) 550.224ms
[18.055s][info][gc,cpu         ] GC(121) User=1.05s Sys=0.02s Real=0.55s
[18.055s][info][gc,start       ] GC(122) Pause Full (Ergonomics)
[18.055s][info][gc,phases,start] GC(122) Marking Phase
[18.477s][info][gc,phases      ] GC(122) Marking Phase 422.175ms
[18.477s][info][gc,phases,start] GC(122) Summary Phase
[18.477s][info][gc,phases      ] GC(122) Summary Phase 0.026ms
[18.477s][info][gc,phases,start] GC(122) Adjust Roots
[18.477s][info][gc,phases      ] GC(122) Adjust Roots 0.192ms
[18.477s][info][gc,phases,start] GC(122) Compaction Phase
[18.624s][info][gc,phases      ] GC(122) Compaction Phase 146.110ms
[18.624s][info][gc,phases,start] GC(122) Post Compact
[18.626s][info][gc,phases      ] GC(122) Post Compact 1.867ms
[18.626s][info][gc,heap        ] GC(122) PSYoungGen: 48334K(127488K)->48334K(127488K) Eden: 22015K(22016K)->22015K(22016K) From: 26318K(105472K)->26318K(105472K)
[18.626s][info][gc,heap        ] GC(122) ParOldGen: 1023678K(1024000K)->1023678K(1024000K)
[18.626s][info][gc,metaspace   ] GC(122) Metaspace: 6302K(6464K)->6302K(6464K) NonClass: 5769K(5824K)->5769K(5824K) Class: 533K(640K)->533K(640K)
[18.626s][info][gc             ] GC(122) Pause Full (Ergonomics) 1046M->1046M(1124M) 570.709ms
[18.626s][info][gc,cpu         ] GC(122) User=1.11s Sys=0.00s Real=0.57s
[18.626s][info][gc,start       ] GC(123) Pause Full (Ergonomics)
[18.626s][info][gc,phases,start] GC(123) Marking Phase
[19.036s][info][gc,phases      ] GC(123) Marking Phase 409.708ms
[19.036s][info][gc,phases,start] GC(123) Summary Phase
[19.036s][info][gc,phases      ] GC(123) Summary Phase 0.045ms
[19.036s][info][gc,phases,start] GC(123) Adjust Roots
[19.036s][info][gc,phases      ] GC(123) Adjust Roots 0.264ms
[19.036s][info][gc,phases,start] GC(123) Compaction Phase
[19.181s][info][gc,phases      ] GC(123) Compaction Phase 144.888ms
[19.181s][info][gc,phases,start] GC(123) Post Compact
[19.183s][info][gc,phases      ] GC(123) Post Compact 1.845ms
[19.183s][info][gc,heap        ] GC(123) PSYoungGen: 48334K(127488K)->48334K(127488K) Eden: 22015K(22016K)->22015K(22016K) From: 26318K(105472K)->26318K(105472K)
[19.183s][info][gc,heap        ] GC(123) ParOldGen: 1023682K(1024000K)->1023682K(1024000K)
[19.183s][info][gc,metaspace   ] GC(123) Metaspace: 6302K(6464K)->6302K(6464K) NonClass: 5769K(5824K)->5769K(5824K) Class: 533K(640K)->533K(640K)
[19.183s][info][gc             ] GC(123) Pause Full (Ergonomics) 1046M->1046M(1124M) 557.169ms
[19.183s][info][gc,cpu         ] GC(123) User=1.03s Sys=0.00s Real=0.56s
[19.183s][info][gc,start       ] GC(124) Pause Full (Ergonomics)
[19.183s][info][gc,phases,start] GC(124) Marking Phase
[19.598s][info][gc,phases      ] GC(124) Marking Phase 414.096ms
[19.598s][info][gc,phases,start] GC(124) Summary Phase
[19.598s][info][gc,phases      ] GC(124) Summary Phase 0.023ms
[19.598s][info][gc,phases,start] GC(124) Adjust Roots
[19.598s][info][gc,phases      ] GC(124) Adjust Roots 0.192ms
[19.598s][info][gc,phases,start] GC(124) Compaction Phase
[19.741s][info][gc,phases      ] GC(124) Compaction Phase 143.389ms
[19.741s][info][gc,phases,start] GC(124) Post Compact
[19.743s][info][gc,phases      ] GC(124) Post Compact 1.857ms
[19.743s][info][gc,heap        ] GC(124) PSYoungGen: 48334K(127488K)->48334K(127488K) Eden: 22015K(22016K)->22015K(22016K) From: 26318K(105472K)->26318K(105472K)
[19.743s][info][gc,heap        ] GC(124) ParOldGen: 1023687K(1024000K)->1023687K(1024000K)
[19.743s][info][gc,metaspace   ] GC(124) Metaspace: 6302K(6464K)->6302K(6464K) NonClass: 5769K(5824K)->5769K(5824K) Class: 533K(640K)->533K(640K)
[19.743s][info][gc             ] GC(124) Pause Full (Ergonomics) 1046M->1046M(1124M) 559.924ms
[19.743s][info][gc,cpu         ] GC(124) User=1.05s Sys=0.00s Real=0.56s
[19.744s][info][gc,start       ] GC(125) Pause Full (Ergonomics)
[19.744s][info][gc,phases,start] GC(125) Marking Phase
[20.154s][info][gc,phases      ] GC(125) Marking Phase 410.741ms
[20.154s][info][gc,phases,start] GC(125) Summary Phase
[20.154s][info][gc,phases      ] GC(125) Summary Phase 0.029ms
[20.155s][info][gc,phases,start] GC(125) Adjust Roots
[20.155s][info][gc,phases      ] GC(125) Adjust Roots 0.231ms
[20.155s][info][gc,phases,start] GC(125) Compaction Phase
[20.296s][info][gc,phases      ] GC(125) Compaction Phase 140.998ms
[20.296s][info][gc,phases,start] GC(125) Post Compact
[20.298s][info][gc,phases      ] GC(125) Post Compact 1.864ms
[20.298s][info][gc,heap        ] GC(125) PSYoungGen: 48334K(127488K)->48334K(127488K) Eden: 22015K(22016K)->22015K(22016K) From: 26318K(105472K)->26318K(105472K)
[20.298s][info][gc,heap        ] GC(125) ParOldGen: 1023692K(1024000K)->1023692K(1024000K)
[20.298s][info][gc,metaspace   ] GC(125) Metaspace: 6302K(6464K)->6302K(6464K) NonClass: 5769K(5824K)->5769K(5824K) Class: 533K(640K)->533K(640K)
[20.298s][info][gc             ] GC(125) Pause Full (Ergonomics) 1046M->1046M(1124M) 554.235ms
[20.298s][info][gc,cpu         ] GC(125) User=1.08s Sys=0.00s Real=0.55s
[20.298s][info][gc,start       ] GC(126) Pause Full (Ergonomics)
[20.298s][info][gc,phases,start] GC(126) Marking Phase
[20.708s][info][gc,phases      ] GC(126) Marking Phase 409.310ms
[20.708s][info][gc,phases,start] GC(126) Summary Phase
[20.708s][info][gc,phases      ] GC(126) Summary Phase 0.030ms
[20.708s][info][gc,phases,start] GC(126) Adjust Roots
[20.708s][info][gc,phases      ] GC(126) Adjust Roots 0.228ms
[20.708s][info][gc,phases,start] GC(126) Compaction Phase
[20.850s][info][gc,phases      ] GC(126) Compaction Phase 142.430ms
[20.850s][info][gc,phases,start] GC(126) Post Compact
[20.852s][info][gc,phases      ] GC(126) Post Compact 1.850ms
[20.852s][info][gc,heap        ] GC(126) PSYoungGen: 48334K(127488K)->48334K(127488K) Eden: 22015K(22016K)->22015K(22016K) From: 26318K(105472K)->26318K(105472K)
[20.852s][info][gc,heap        ] GC(126) ParOldGen: 1023696K(1024000K)->1023696K(1024000K)
[20.852s][info][gc,metaspace   ] GC(126) Metaspace: 6302K(6464K)->6302K(6464K) NonClass: 5769K(5824K)->5769K(5824K) Class: 533K(640K)->533K(640K)
[20.852s][info][gc             ] GC(126) Pause Full (Ergonomics) 1046M->1046M(1124M) 554.254ms
[20.852s][info][gc,cpu         ] GC(126) User=1.02s Sys=0.00s Real=0.56s
[20.853s][info][gc,start       ] GC(127) Pause Full (Ergonomics)
[20.853s][info][gc,phases,start] GC(127) Marking Phase
[21.260s][info][gc,phases      ] GC(127) Marking Phase 407.600ms
[21.260s][info][gc,phases,start] GC(127) Summary Phase
[21.260s][info][gc,phases      ] GC(127) Summary Phase 0.030ms
[21.261s][info][gc,phases,start] GC(127) Adjust Roots
[21.261s][info][gc,phases      ] GC(127) Adjust Roots 0.222ms
[21.261s][info][gc,phases,start] GC(127) Compaction Phase
[21.404s][info][gc,phases      ] GC(127) Compaction Phase 142.720ms
[21.404s][info][gc,phases,start] GC(127) Post Compact
[21.405s][info][gc,phases      ] GC(127) Post Compact 1.839ms
[21.406s][info][gc,heap        ] GC(127) PSYoungGen: 48334K(127488K)->48334K(127488K) Eden: 22015K(22016K)->22015K(22016K) From: 26318K(105472K)->26318K(105472K)
[21.406s][info][gc,heap        ] GC(127) ParOldGen: 1023701K(1024000K)->1023701K(1024000K)
[21.406s][info][gc,metaspace   ] GC(127) Metaspace: 6302K(6464K)->6302K(6464K) NonClass: 5769K(5824K)->5769K(5824K) Class: 533K(640K)->533K(640K)
[21.406s][info][gc             ] GC(127) Pause Full (Ergonomics) 1046M->1046M(1124M) 552.870ms
[21.406s][info][gc,cpu         ] GC(127) User=1.09s Sys=0.00s Real=0.55s
[21.406s][info][gc,start       ] GC(128) Pause Full (Ergonomics)
[21.406s][info][gc,phases,start] GC(128) Marking Phase
[21.816s][info][gc,phases      ] GC(128) Marking Phase 410.279ms
[21.816s][info][gc,phases,start] GC(128) Summary Phase
[21.816s][info][gc,phases      ] GC(128) Summary Phase 0.029ms
[21.816s][info][gc,phases,start] GC(128) Adjust Roots
[21.817s][info][gc,phases      ] GC(128) Adjust Roots 0.233ms
[21.817s][info][gc,phases,start] GC(128) Compaction Phase
[21.958s][info][gc,phases      ] GC(128) Compaction Phase 141.777ms
[21.959s][info][gc,phases,start] GC(128) Post Compact
[21.960s][info][gc,phases      ] GC(128) Post Compact 1.858ms
[21.960s][info][gc,heap        ] GC(128) PSYoungGen: 48334K(127488K)->48334K(127488K) Eden: 22015K(22016K)->22015K(22016K) From: 26318K(105472K)->26318K(105472K)
[21.961s][info][gc,heap        ] GC(128) ParOldGen: 1023706K(1024000K)->1023706K(1024000K)
[21.961s][info][gc,metaspace   ] GC(128) Metaspace: 6302K(6464K)->6302K(6464K) NonClass: 5769K(5824K)->5769K(5824K) Class: 533K(640K)->533K(640K)
[21.961s][info][gc             ] GC(128) Pause Full (Ergonomics) 1046M->1046M(1124M) 554.563ms
[21.961s][info][gc,cpu         ] GC(128) User=1.00s Sys=0.03s Real=0.56s
[21.961s][info][gc,start       ] GC(129) Pause Full (Ergonomics)
[21.961s][info][gc,phases,start] GC(129) Marking Phase
[22.367s][info][gc,phases      ] GC(129) Marking Phase 406.045ms
[22.367s][info][gc,phases,start] GC(129) Summary Phase
[22.367s][info][gc,phases      ] GC(129) Summary Phase 0.030ms
[22.367s][info][gc,phases,start] GC(129) Adjust Roots
[22.367s][info][gc,phases      ] GC(129) Adjust Roots 0.225ms
[22.367s][info][gc,phases,start] GC(129) Compaction Phase
[22.511s][info][gc,phases      ] GC(129) Compaction Phase 143.581ms
[22.511s][info][gc,phases,start] GC(129) Post Compact
[22.513s][info][gc,phases      ] GC(129) Post Compact 1.886ms
[22.513s][info][gc,heap        ] GC(129) PSYoungGen: 48334K(127488K)->48334K(127488K) Eden: 22015K(22016K)->22015K(22016K) From: 26318K(105472K)->26318K(105472K)
[22.513s][info][gc,heap        ] GC(129) ParOldGen: 1023710K(1024000K)->1023710K(1024000K)
[22.513s][info][gc,metaspace   ] GC(129) Metaspace: 6302K(6464K)->6302K(6464K) NonClass: 5769K(5824K)->5769K(5824K) Class: 533K(640K)->533K(640K)
[22.513s][info][gc             ] GC(129) Pause Full (Ergonomics) 1046M->1046M(1124M) 552.136ms
[22.513s][info][gc,cpu         ] GC(129) User=1.06s Sys=0.00s Real=0.55s
[22.513s][info][gc,start       ] GC(130) Pause Full (Ergonomics)
[22.513s][info][gc,phases,start] GC(130) Marking Phase
[22.921s][info][gc,phases      ] GC(130) Marking Phase 407.435ms
[22.921s][info][gc,phases,start] GC(130) Summary Phase
[22.921s][info][gc,phases      ] GC(130) Summary Phase 0.030ms
[22.921s][info][gc,phases,start] GC(130) Adjust Roots
[22.921s][info][gc,phases      ] GC(130) Adjust Roots 0.215ms
[22.921s][info][gc,phases,start] GC(130) Compaction Phase
[23.063s][info][gc,phases      ] GC(130) Compaction Phase 141.482ms
[23.063s][info][gc,phases,start] GC(130) Post Compact
[23.065s][info][gc,phases      ] GC(130) Post Compact 1.850ms
[23.065s][info][gc,heap        ] GC(130) PSYoungGen: 48334K(127488K)->48334K(127488K) Eden: 22015K(22016K)->22015K(22016K) From: 26318K(105472K)->26318K(105472K)
[23.065s][info][gc,heap        ] GC(130) ParOldGen: 1023715K(1024000K)->1023715K(1024000K)
[23.065s][info][gc,metaspace   ] GC(130) Metaspace: 6302K(6464K)->6302K(6464K) NonClass: 5769K(5824K)->5769K(5824K) Class: 533K(640K)->533K(640K)
[23.065s][info][gc             ] GC(130) Pause Full (Ergonomics) 1046M->1046M(1124M) 551.408ms
[23.065s][info][gc,cpu         ] GC(130) User=1.03s Sys=0.00s Real=0.55s
[23.065s][info][gc,start       ] GC(131) Pause Full (Ergonomics)
[23.065s][info][gc,phases,start] GC(131) Marking Phase
[23.475s][info][gc,phases      ] GC(131) Marking Phase 410.067ms
[23.475s][info][gc,phases,start] GC(131) Summary Phase
[23.475s][info][gc,phases      ] GC(131) Summary Phase 0.024ms
[23.475s][info][gc,phases,start] GC(131) Adjust Roots
[23.476s][info][gc,phases      ] GC(131) Adjust Roots 0.246ms
[23.476s][info][gc,phases,start] GC(131) Compaction Phase
[23.617s][info][gc,phases      ] GC(131) Compaction Phase 141.352ms
[23.617s][info][gc,phases,start] GC(131) Post Compact
[23.619s][info][gc,phases      ] GC(131) Post Compact 1.858ms
[23.619s][info][gc,heap        ] GC(131) PSYoungGen: 48334K(127488K)->48334K(127488K) Eden: 22015K(22016K)->22015K(22016K) From: 26318K(105472K)->26318K(105472K)
[23.619s][info][gc,heap        ] GC(131) ParOldGen: 1023720K(1024000K)->1023720K(1024000K)
[23.619s][info][gc,metaspace   ] GC(131) Metaspace: 6302K(6464K)->6302K(6464K) NonClass: 5769K(5824K)->5769K(5824K) Class: 533K(640K)->533K(640K)
[23.619s][info][gc             ] GC(131) Pause Full (Ergonomics) 1046M->1046M(1124M) 553.906ms
[23.619s][info][gc,cpu         ] GC(131) User=1.00s Sys=0.00s Real=0.55s
[23.619s][info][gc,start       ] GC(132) Pause Full (Ergonomics)
[23.619s][info][gc,phases,start] GC(132) Marking Phase
[24.027s][info][gc,phases      ] GC(132) Marking Phase 407.772ms
[24.027s][info][gc,phases,start] GC(132) Summary Phase
[24.027s][info][gc,phases      ] GC(132) Summary Phase 0.030ms
[24.027s][info][gc,phases,start] GC(132) Adjust Roots
[24.027s][info][gc,phases      ] GC(132) Adjust Roots 0.272ms
[24.027s][info][gc,phases,start] GC(132) Compaction Phase
[24.169s][info][gc,phases      ] GC(132) Compaction Phase 141.694ms
[24.169s][info][gc,phases,start] GC(132) Post Compact
[24.171s][info][gc,phases      ] GC(132) Post Compact 1.919ms
[24.171s][info][gc,heap        ] GC(132) PSYoungGen: 48334K(127488K)->48334K(127488K) Eden: 22015K(22016K)->22015K(22016K) From: 26318K(105472K)->26318K(105472K)
[24.171s][info][gc,heap        ] GC(132) ParOldGen: 1023724K(1024000K)->1023724K(1024000K)
[24.171s][info][gc,metaspace   ] GC(132) Metaspace: 6302K(6464K)->6302K(6464K) NonClass: 5769K(5824K)->5769K(5824K) Class: 533K(640K)->533K(640K)
[24.171s][info][gc             ] GC(132) Pause Full (Ergonomics) 1046M->1046M(1124M) 552.078ms
[24.171s][info][gc,cpu         ] GC(132) User=1.08s Sys=0.02s Real=0.55s
[24.172s][info][gc,start       ] GC(133) Pause Full (Ergonomics)
[24.172s][info][gc,phases,start] GC(133) Marking Phase
[24.577s][info][gc,phases      ] GC(133) Marking Phase 405.580ms
[24.577s][info][gc,phases,start] GC(133) Summary Phase
[24.577s][info][gc,phases      ] GC(133) Summary Phase 0.034ms
[24.577s][info][gc,phases,start] GC(133) Adjust Roots
[24.578s][info][gc,phases      ] GC(133) Adjust Roots 0.235ms
[24.578s][info][gc,phases,start] GC(133) Compaction Phase
[24.720s][info][gc,phases      ] GC(133) Compaction Phase 142.599ms
[24.720s][info][gc,phases,start] GC(133) Post Compact
[24.722s][info][gc,phases      ] GC(133) Post Compact 1.894ms
[24.722s][info][gc,heap        ] GC(133) PSYoungGen: 48334K(127488K)->48334K(127488K) Eden: 22015K(22016K)->22015K(22016K) From: 26318K(105472K)->26318K(105472K)
[24.722s][info][gc,heap        ] GC(133) ParOldGen: 1023729K(1024000K)->1023729K(1024000K)
[24.722s][info][gc,metaspace   ] GC(133) Metaspace: 6302K(6464K)->6302K(6464K) NonClass: 5769K(5824K)->5769K(5824K) Class: 533K(640K)->533K(640K)
[24.722s][info][gc             ] GC(133) Pause Full (Ergonomics) 1046M->1046M(1124M) 550.761ms
[24.722s][info][gc,cpu         ] GC(133) User=1.03s Sys=0.00s Real=0.55s
[24.723s][info][gc,start       ] GC(134) Pause Full (Ergonomics)
[24.723s][info][gc,phases,start] GC(134) Marking Phase
[25.131s][info][gc,phases      ] GC(134) Marking Phase 408.220ms
[25.131s][info][gc,phases,start] GC(134) Summary Phase
[25.131s][info][gc,phases      ] GC(134) Summary Phase 0.029ms
[25.131s][info][gc,phases,start] GC(134) Adjust Roots
[25.131s][info][gc,phases      ] GC(134) Adjust Roots 0.227ms
[25.131s][info][gc,phases,start] GC(134) Compaction Phase
[25.273s][info][gc,phases      ] GC(134) Compaction Phase 141.687ms
[25.273s][info][gc,phases,start] GC(134) Post Compact
[25.275s][info][gc,phases      ] GC(134) Post Compact 1.861ms
[25.275s][info][gc,heap        ] GC(134) PSYoungGen: 48334K(127488K)->48334K(127488K) Eden: 22015K(22016K)->22015K(22016K) From: 26318K(105472K)->26318K(105472K)
[25.275s][info][gc,heap        ] GC(134) ParOldGen: 1023734K(1024000K)->1023734K(1024000K)
[25.275s][info][gc,metaspace   ] GC(134) Metaspace: 6302K(6464K)->6302K(6464K) NonClass: 5769K(5824K)->5769K(5824K) Class: 533K(640K)->533K(640K)
[25.275s][info][gc             ] GC(134) Pause Full (Ergonomics) 1046M->1046M(1124M) 552.410ms
[25.275s][info][gc,cpu         ] GC(134) User=1.06s Sys=0.00s Real=0.55s
[25.275s][info][gc,start       ] GC(135) Pause Full (Ergonomics)
[25.275s][info][gc,phases,start] GC(135) Marking Phase
[25.684s][info][gc,phases      ] GC(135) Marking Phase 409.002ms
[25.685s][info][gc,phases,start] GC(135) Summary Phase
[25.685s][info][gc,phases      ] GC(135) Summary Phase 0.023ms
[25.685s][info][gc,phases,start] GC(135) Adjust Roots
[25.685s][info][gc,phases      ] GC(135) Adjust Roots 0.196ms
[25.685s][info][gc,phases,start] GC(135) Compaction Phase
[25.828s][info][gc,phases      ] GC(135) Compaction Phase 142.679ms
[25.828s][info][gc,phases,start] GC(135) Post Compact
[25.829s][info][gc,phases      ] GC(135) Post Compact 1.855ms
[25.830s][info][gc,heap        ] GC(135) PSYoungGen: 48334K(127488K)->48334K(127488K) Eden: 22015K(22016K)->22015K(22016K) From: 26318K(105472K)->26318K(105472K)
[25.830s][info][gc,heap        ] GC(135) ParOldGen: 1023738K(1024000K)->1023738K(1024000K)
[25.830s][info][gc,metaspace   ] GC(135) Metaspace: 6302K(6464K)->6302K(6464K) NonClass: 5769K(5824K)->5769K(5824K) Class: 533K(640K)->533K(640K)
[25.830s][info][gc             ] GC(135) Pause Full (Ergonomics) 1046M->1046M(1124M) 554.110ms
[25.830s][info][gc,cpu         ] GC(135) User=1.08s Sys=0.00s Real=0.55s
[25.830s][info][gc,start       ] GC(136) Pause Full (Ergonomics)
[25.830s][info][gc,phases,start] GC(136) Marking Phase
[26.247s][info][gc,phases      ] GC(136) Marking Phase 417.538ms
[26.247s][info][gc,phases,start] GC(136) Summary Phase
[26.247s][info][gc,phases      ] GC(136) Summary Phase 0.025ms
[26.248s][info][gc,phases,start] GC(136) Adjust Roots
[26.248s][info][gc,phases      ] GC(136) Adjust Roots 0.231ms
[26.248s][info][gc,phases,start] GC(136) Compaction Phase
[26.391s][info][gc,phases      ] GC(136) Compaction Phase 143.442ms
[26.391s][info][gc,phases,start] GC(136) Post Compact
[26.393s][info][gc,phases      ] GC(136) Post Compact 1.863ms
[26.393s][info][gc,heap        ] GC(136) PSYoungGen: 48334K(127488K)->48334K(127488K) Eden: 22015K(22016K)->22015K(22016K) From: 26318K(105472K)->26318K(105472K)
[26.393s][info][gc,heap        ] GC(136) ParOldGen: 1023743K(1024000K)->1023743K(1024000K)
[26.393s][info][gc,metaspace   ] GC(136) Metaspace: 6302K(6464K)->6302K(6464K) NonClass: 5769K(5824K)->5769K(5824K) Class: 533K(640K)->533K(640K)
[26.393s][info][gc             ] GC(136) Pause Full (Ergonomics) 1046M->1046M(1124M) 563.462ms
[26.393s][info][gc,cpu         ] GC(136) User=1.05s Sys=0.00s Real=0.56s
[26.394s][info][gc,start       ] GC(137) Pause Full (Ergonomics)
[26.394s][info][gc,phases,start] GC(137) Marking Phase
[26.801s][info][gc,phases      ] GC(137) Marking Phase 407.335ms
[26.801s][info][gc,phases,start] GC(137) Summary Phase
[26.801s][info][gc,phases      ] GC(137) Summary Phase 0.029ms
[26.801s][info][gc,phases,start] GC(137) Adjust Roots
[26.801s][info][gc,phases      ] GC(137) Adjust Roots 0.200ms
[26.801s][info][gc,phases,start] GC(137) Compaction Phase
[26.943s][info][gc,phases      ] GC(137) Compaction Phase 141.531ms
[26.943s][info][gc,phases,start] GC(137) Post Compact
[26.945s][info][gc,phases      ] GC(137) Post Compact 1.985ms
[26.945s][info][gc,heap        ] GC(137) PSYoungGen: 48334K(127488K)->48334K(127488K) Eden: 22015K(22016K)->22015K(22016K) From: 26318K(105472K)->26318K(105472K)
[26.945s][info][gc,heap        ] GC(137) ParOldGen: 1023748K(1024000K)->1023748K(1024000K)
[26.945s][info][gc,metaspace   ] GC(137) Metaspace: 6302K(6464K)->6302K(6464K) NonClass: 5769K(5824K)->5769K(5824K) Class: 533K(640K)->533K(640K)
[26.945s][info][gc             ] GC(137) Pause Full (Ergonomics) 1046M->1046M(1124M) 551.463ms
[26.945s][info][gc,cpu         ] GC(137) User=1.09s Sys=0.00s Real=0.55s
[26.945s][info][gc,start       ] GC(138) Pause Full (Ergonomics)
[26.946s][info][gc,phases,start] GC(138) Marking Phase
[27.356s][info][gc,phases      ] GC(138) Marking Phase 410.073ms
[27.356s][info][gc,phases,start] GC(138) Summary Phase
[27.356s][info][gc,phases      ] GC(138) Summary Phase 0.045ms
[27.356s][info][gc,phases,start] GC(138) Adjust Roots
[27.356s][info][gc,phases      ] GC(138) Adjust Roots 0.260ms
[27.356s][info][gc,phases,start] GC(138) Compaction Phase
[27.498s][info][gc,phases      ] GC(138) Compaction Phase 142.247ms
[27.498s][info][gc,phases,start] GC(138) Post Compact
[27.500s][info][gc,phases      ] GC(138) Post Compact 1.922ms
[27.500s][info][gc,heap        ] GC(138) PSYoungGen: 48334K(127488K)->48334K(127488K) Eden: 22015K(22016K)->22015K(22016K) From: 26318K(105472K)->26318K(105472K)
[27.500s][info][gc,heap        ] GC(138) ParOldGen: 1023752K(1024000K)->1023752K(1024000K)
[27.500s][info][gc,metaspace   ] GC(138) Metaspace: 6302K(6464K)->6302K(6464K) NonClass: 5769K(5824K)->5769K(5824K) Class: 533K(640K)->533K(640K)
[27.500s][info][gc             ] GC(138) Pause Full (Ergonomics) 1046M->1046M(1124M) 554.996ms
[27.500s][info][gc,cpu         ] GC(138) User=1.08s Sys=0.00s Real=0.56s
[27.501s][info][gc,start       ] GC(139) Pause Full (Ergonomics)
[27.501s][info][gc,phases,start] GC(139) Marking Phase
[27.907s][info][gc,phases      ] GC(139) Marking Phase 406.507ms
[27.907s][info][gc,phases,start] GC(139) Summary Phase
[27.907s][info][gc,phases      ] GC(139) Summary Phase 0.026ms
[27.907s][info][gc,phases,start] GC(139) Adjust Roots
[27.908s][info][gc,phases      ] GC(139) Adjust Roots 0.207ms
[27.908s][info][gc,phases,start] GC(139) Compaction Phase
[28.049s][info][gc,phases      ] GC(139) Compaction Phase 140.811ms
[28.049s][info][gc,phases,start] GC(139) Post Compact
[28.050s][info][gc,phases      ] GC(139) Post Compact 1.846ms
[28.051s][info][gc,heap        ] GC(139) PSYoungGen: 48334K(127488K)->48334K(127488K) Eden: 22015K(22016K)->22015K(22016K) From: 26318K(105472K)->26318K(105472K)
[28.051s][info][gc,heap        ] GC(139) ParOldGen: 1023757K(1024000K)->1023757K(1024000K)
[28.051s][info][gc,metaspace   ] GC(139) Metaspace: 6302K(6464K)->6302K(6464K) NonClass: 5769K(5824K)->5769K(5824K) Class: 533K(640K)->533K(640K)
[28.051s][info][gc             ] GC(139) Pause Full (Ergonomics) 1046M->1046M(1124M) 549.898ms
[28.051s][info][gc,cpu         ] GC(139) User=1.03s Sys=0.00s Real=0.55s
[28.051s][info][gc,start       ] GC(140) Pause Full (Ergonomics)
[28.051s][info][gc,phases,start] GC(140) Marking Phase
[28.462s][info][gc,phases      ] GC(140) Marking Phase 411.280ms
[28.462s][info][gc,phases,start] GC(140) Summary Phase
[28.462s][info][gc,phases      ] GC(140) Summary Phase 0.023ms
[28.462s][info][gc,phases,start] GC(140) Adjust Roots
[28.463s][info][gc,phases      ] GC(140) Adjust Roots 0.223ms
[28.463s][info][gc,phases,start] GC(140) Compaction Phase
[28.604s][info][gc,phases      ] GC(140) Compaction Phase 141.709ms
[28.604s][info][gc,phases,start] GC(140) Post Compact
[28.606s][info][gc,phases      ] GC(140) Post Compact 1.928ms
[28.606s][info][gc,heap        ] GC(140) PSYoungGen: 48334K(127488K)->48334K(127488K) Eden: 22015K(22016K)->22015K(22016K) From: 26318K(105472K)->26318K(105472K)
[28.607s][info][gc,heap        ] GC(140) ParOldGen: 1023762K(1024000K)->1023762K(1024000K)
[28.607s][info][gc,metaspace   ] GC(140) Metaspace: 6302K(6464K)->6302K(6464K) NonClass: 5769K(5824K)->5769K(5824K) Class: 533K(640K)->533K(640K)
[28.607s][info][gc             ] GC(140) Pause Full (Ergonomics) 1046M->1046M(1124M) 555.550ms
[28.607s][info][gc,cpu         ] GC(140) User=1.08s Sys=0.00s Real=0.56s
[28.607s][info][gc,start       ] GC(141) Pause Full (Ergonomics)
[28.607s][info][gc,phases,start] GC(141) Marking Phase
[29.016s][info][gc,phases      ] GC(141) Marking Phase 408.924ms
[29.016s][info][gc,phases,start] GC(141) Summary Phase
[29.016s][info][gc,phases      ] GC(141) Summary Phase 0.046ms
[29.016s][info][gc,phases,start] GC(141) Adjust Roots
[29.016s][info][gc,phases      ] GC(141) Adjust Roots 0.260ms
[29.016s][info][gc,phases,start] GC(141) Compaction Phase
[29.160s][info][gc,phases      ] GC(141) Compaction Phase 143.389ms
[29.160s][info][gc,phases,start] GC(141) Post Compact
[29.162s][info][gc,phases      ] GC(141) Post Compact 1.977ms
[29.162s][info][gc,heap        ] GC(141) PSYoungGen: 48334K(127488K)->48334K(127488K) Eden: 22015K(22016K)->22015K(22016K) From: 26318K(105472K)->26318K(105472K)
[29.162s][info][gc,heap        ] GC(141) ParOldGen: 1023766K(1024000K)->1023766K(1024000K)
[29.162s][info][gc,metaspace   ] GC(141) Metaspace: 6302K(6464K)->6302K(6464K) NonClass: 5769K(5824K)->5769K(5824K) Class: 533K(640K)->533K(640K)
[29.162s][info][gc             ] GC(141) Pause Full (Ergonomics) 1046M->1046M(1124M) 555.037ms
[29.162s][info][gc,cpu         ] GC(141) User=1.03s Sys=0.00s Real=0.56s
[29.162s][info][gc,start       ] GC(142) Pause Full (Ergonomics)
[29.162s][info][gc,phases,start] GC(142) Marking Phase
[29.568s][info][gc,phases      ] GC(142) Marking Phase 406.200ms
[29.569s][info][gc,phases,start] GC(142) Summary Phase
[29.569s][info][gc,phases      ] GC(142) Summary Phase 0.030ms
[29.569s][info][gc,phases,start] GC(142) Adjust Roots
[29.569s][info][gc,phases      ] GC(142) Adjust Roots 0.217ms
[29.569s][info][gc,phases,start] GC(142) Compaction Phase
[29.712s][info][gc,phases      ] GC(142) Compaction Phase 142.747ms
[29.712s][info][gc,phases,start] GC(142) Post Compact
[29.714s][info][gc,phases      ] GC(142) Post Compact 1.966ms
[29.714s][info][gc,heap        ] GC(142) PSYoungGen: 48334K(127488K)->48334K(127488K) Eden: 22015K(22016K)->22015K(22016K) From: 26318K(105472K)->26318K(105472K)
[29.714s][info][gc,heap        ] GC(142) ParOldGen: 1023771K(1024000K)->1023771K(1024000K)
[29.714s][info][gc,metaspace   ] GC(142) Metaspace: 6302K(6464K)->6302K(6464K) NonClass: 5769K(5824K)->5769K(5824K) Class: 533K(640K)->533K(640K)
[29.714s][info][gc             ] GC(142) Pause Full (Ergonomics) 1046M->1046M(1124M) 551.557ms
[29.714s][info][gc,cpu         ] GC(142) User=1.05s Sys=0.02s Real=0.55s
[29.714s][info][gc,start       ] GC(143) Pause Full (Ergonomics)
[29.714s][info][gc,phases,start] GC(143) Marking Phase
[30.121s][info][gc,phases      ] GC(143) Marking Phase 407.019ms
[30.121s][info][gc,phases,start] GC(143) Summary Phase
[30.121s][info][gc,phases      ] GC(143) Summary Phase 0.045ms
[30.121s][info][gc,phases,start] GC(143) Adjust Roots
[30.122s][info][gc,phases      ] GC(143) Adjust Roots 0.233ms
[30.122s][info][gc,phases,start] GC(143) Compaction Phase
[30.263s][info][gc,phases      ] GC(143) Compaction Phase 141.776ms
[30.264s][info][gc,phases,start] GC(143) Post Compact
[30.265s][info][gc,phases      ] GC(143) Post Compact 1.938ms
[30.266s][info][gc,heap        ] GC(143) PSYoungGen: 48334K(127488K)->48334K(127488K) Eden: 22015K(22016K)->22015K(22016K) From: 26318K(105472K)->26318K(105472K)
[30.266s][info][gc,heap        ] GC(143) ParOldGen: 1023776K(1024000K)->1023776K(1024000K)
[30.266s][info][gc,metaspace   ] GC(143) Metaspace: 6302K(6464K)->6302K(6464K) NonClass: 5769K(5824K)->5769K(5824K) Class: 533K(640K)->533K(640K)
[30.266s][info][gc             ] GC(143) Pause Full (Ergonomics) 1046M->1046M(1124M) 551.442ms
[30.266s][info][gc,cpu         ] GC(143) User=1.05s Sys=0.02s Real=0.55s
[30.266s][info][gc,start       ] GC(144) Pause Full (Ergonomics)
[30.266s][info][gc,phases,start] GC(144) Marking Phase
[30.673s][info][gc,phases      ] GC(144) Marking Phase 406.538ms
[30.673s][info][gc,phases,start] GC(144) Summary Phase
[30.673s][info][gc,phases      ] GC(144) Summary Phase 0.065ms
[30.673s][info][gc,phases,start] GC(144) Adjust Roots
[30.673s][info][gc,phases      ] GC(144) Adjust Roots 0.261ms
[30.673s][info][gc,phases,start] GC(144) Compaction Phase
[30.815s][info][gc,phases      ] GC(144) Compaction Phase 141.692ms
[30.815s][info][gc,phases,start] GC(144) Post Compact
[30.817s][info][gc,phases      ] GC(144) Post Compact 1.996ms
[30.817s][info][gc,heap        ] GC(144) PSYoungGen: 48334K(127488K)->48334K(127488K) Eden: 22015K(22016K)->22015K(22016K) From: 26318K(105472K)->26318K(105472K)
[30.817s][info][gc,heap        ] GC(144) ParOldGen: 1023780K(1024000K)->1023780K(1024000K)
[30.817s][info][gc,metaspace   ] GC(144) Metaspace: 6302K(6464K)->6302K(6464K) NonClass: 5769K(5824K)->5769K(5824K) Class: 533K(640K)->533K(640K)
[30.817s][info][gc             ] GC(144) Pause Full (Ergonomics) 1046M->1046M(1124M) 551.000ms
[30.817s][info][gc,cpu         ] GC(144) User=1.03s Sys=0.00s Real=0.55s
[30.817s][info][gc,start       ] GC(145) Pause Full (Ergonomics)
[30.817s][info][gc,phases,start] GC(145) Marking Phase
[31.225s][info][gc,phases      ] GC(145) Marking Phase 407.401ms
[31.225s][info][gc,phases,start] GC(145) Summary Phase
[31.225s][info][gc,phases      ] GC(145) Summary Phase 0.022ms
[31.225s][info][gc,phases,start] GC(145) Adjust Roots
[31.225s][info][gc,phases      ] GC(145) Adjust Roots 0.184ms
[31.225s][info][gc,phases,start] GC(145) Compaction Phase
[31.367s][info][gc,phases      ] GC(145) Compaction Phase 142.120ms
[31.367s][info][gc,phases,start] GC(145) Post Compact
[31.369s][info][gc,phases      ] GC(145) Post Compact 2.012ms
[31.369s][info][gc,heap        ] GC(145) PSYoungGen: 48334K(127488K)->48334K(127488K) Eden: 22015K(22016K)->22015K(22016K) From: 26318K(105472K)->26318K(105472K)
[31.369s][info][gc,heap        ] GC(145) ParOldGen: 1023785K(1024000K)->1023785K(1024000K)
[31.369s][info][gc,metaspace   ] GC(145) Metaspace: 6302K(6464K)->6302K(6464K) NonClass: 5769K(5824K)->5769K(5824K) Class: 533K(640K)->533K(640K)
[31.369s][info][gc             ] GC(145) Pause Full (Ergonomics) 1046M->1046M(1124M) 552.091ms
[31.369s][info][gc,cpu         ] GC(145) User=1.02s Sys=0.00s Real=0.55s
[31.370s][info][gc,start       ] GC(146) Pause Full (Ergonomics)
[31.370s][info][gc,phases,start] GC(146) Marking Phase
[31.780s][info][gc,phases      ] GC(146) Marking Phase 410.057ms
[31.780s][info][gc,phases,start] GC(146) Summary Phase
[31.780s][info][gc,phases      ] GC(146) Summary Phase 0.068ms
[31.780s][info][gc,phases,start] GC(146) Adjust Roots
[31.780s][info][gc,phases      ] GC(146) Adjust Roots 0.296ms
[31.780s][info][gc,phases,start] GC(146) Compaction Phase
[31.923s][info][gc,phases      ] GC(146) Compaction Phase 142.374ms
[31.923s][info][gc,phases,start] GC(146) Post Compact
[31.925s][info][gc,phases      ] GC(146) Post Compact 1.893ms
[31.925s][info][gc,heap        ] GC(146) PSYoungGen: 48334K(127488K)->48334K(127488K) Eden: 22015K(22016K)->22015K(22016K) From: 26318K(105472K)->26318K(105472K)
[31.925s][info][gc,heap        ] GC(146) ParOldGen: 1023790K(1024000K)->1023790K(1024000K)
[31.925s][info][gc,metaspace   ] GC(146) Metaspace: 6302K(6464K)->6302K(6464K) NonClass: 5769K(5824K)->5769K(5824K) Class: 533K(640K)->533K(640K)
[31.925s][info][gc             ] GC(146) Pause Full (Ergonomics) 1046M->1046M(1124M) 555.228ms
[31.925s][info][gc,cpu         ] GC(146) User=1.05s Sys=0.00s Real=0.56s
[31.925s][info][gc,start       ] GC(147) Pause Full (Ergonomics)
[31.925s][info][gc,phases,start] GC(147) Marking Phase
[32.333s][info][gc,phases      ] GC(147) Marking Phase 407.552ms
[32.333s][info][gc,phases,start] GC(147) Summary Phase
[32.333s][info][gc,phases      ] GC(147) Summary Phase 0.045ms
[32.333s][info][gc,phases,start] GC(147) Adjust Roots
[32.333s][info][gc,phases      ] GC(147) Adjust Roots 0.268ms
[32.333s][info][gc,phases,start] GC(147) Compaction Phase
[32.477s][info][gc,phases      ] GC(147) Compaction Phase 143.392ms
[32.477s][info][gc,phases,start] GC(147) Post Compact
[32.479s][info][gc,phases      ] GC(147) Post Compact 2.105ms
[32.479s][info][gc,heap        ] GC(147) PSYoungGen: 48334K(127488K)->48334K(127488K) Eden: 22015K(22016K)->22015K(22016K) From: 26318K(105472K)->26318K(105472K)
[32.479s][info][gc,heap        ] GC(147) ParOldGen: 1023794K(1024000K)->1023794K(1024000K)
[32.479s][info][gc,metaspace   ] GC(147) Metaspace: 6302K(6464K)->6302K(6464K) NonClass: 5769K(5824K)->5769K(5824K) Class: 533K(640K)->533K(640K)
[32.479s][info][gc             ] GC(147) Pause Full (Ergonomics) 1047M->1047M(1124M) 553.833ms
[32.479s][info][gc,cpu         ] GC(147) User=1.03s Sys=0.00s Real=0.55s
[32.479s][info][gc,start       ] GC(148) Pause Full (Ergonomics)
[32.480s][info][gc,phases,start] GC(148) Marking Phase
[32.886s][info][gc,phases      ] GC(148) Marking Phase 406.323ms
[32.886s][info][gc,phases,start] GC(148) Summary Phase
[32.886s][info][gc,phases      ] GC(148) Summary Phase 0.046ms
[32.886s][info][gc,phases,start] GC(148) Adjust Roots
[32.886s][info][gc,phases      ] GC(148) Adjust Roots 0.250ms
[32.886s][info][gc,phases,start] GC(148) Compaction Phase
[33.027s][info][gc,phases      ] GC(148) Compaction Phase 140.414ms
[33.027s][info][gc,phases,start] GC(148) Post Compact
[33.029s][info][gc,phases      ] GC(148) Post Compact 1.962ms
[33.029s][info][gc,heap        ] GC(148) PSYoungGen: 48334K(127488K)->48334K(127488K) Eden: 22015K(22016K)->22015K(22016K) From: 26318K(105472K)->26318K(105472K)
[33.029s][info][gc,heap        ] GC(148) ParOldGen: 1023799K(1024000K)->1023799K(1024000K)
[33.029s][info][gc,metaspace   ] GC(148) Metaspace: 6302K(6464K)->6302K(6464K) NonClass: 5769K(5824K)->5769K(5824K) Class: 533K(640K)->533K(640K)
[33.029s][info][gc             ] GC(148) Pause Full (Ergonomics) 1047M->1047M(1124M) 549.457ms
[33.029s][info][gc,cpu         ] GC(148) User=1.09s Sys=0.00s Real=0.55s
[33.029s][info][gc,start       ] GC(149) Pause Full (Ergonomics)
[33.029s][info][gc,phases,start] GC(149) Marking Phase
[33.439s][info][gc,phases      ] GC(149) Marking Phase 409.782ms
[33.439s][info][gc,phases,start] GC(149) Summary Phase
[33.439s][info][gc,phases      ] GC(149) Summary Phase 0.044ms
[33.439s][info][gc,phases,start] GC(149) Adjust Roots
[33.440s][info][gc,phases      ] GC(149) Adjust Roots 0.263ms
[33.440s][info][gc,phases,start] GC(149) Compaction Phase
[33.582s][info][gc,phases      ] GC(149) Compaction Phase 142.569ms
[33.582s][info][gc,phases,start] GC(149) Post Compact
[33.584s][info][gc,phases      ] GC(149) Post Compact 2.068ms
[33.584s][info][gc,heap        ] GC(149) PSYoungGen: 48334K(127488K)->48334K(127488K) Eden: 22015K(22016K)->22015K(22016K) From: 26318K(105472K)->26318K(105472K)
[33.585s][info][gc,heap        ] GC(149) ParOldGen: 1023804K(1024000K)->1023804K(1024000K)
[33.585s][info][gc,metaspace   ] GC(149) Metaspace: 6302K(6464K)->6302K(6464K) NonClass: 5769K(5824K)->5769K(5824K) Class: 533K(640K)->533K(640K)
[33.585s][info][gc             ] GC(149) Pause Full (Ergonomics) 1047M->1047M(1124M) 555.300ms
[33.585s][info][gc,cpu         ] GC(149) User=1.03s Sys=0.00s Real=0.56s
[33.585s][info][gc,start       ] GC(150) Pause Full (Ergonomics)
[33.585s][info][gc,phases,start] GC(150) Marking Phase
[33.992s][info][gc,phases      ] GC(150) Marking Phase 407.092ms
[33.992s][info][gc,phases,start] GC(150) Summary Phase
[33.992s][info][gc,phases      ] GC(150) Summary Phase 0.045ms
[33.992s][info][gc,phases,start] GC(150) Adjust Roots
[33.993s][info][gc,phases      ] GC(150) Adjust Roots 0.262ms
[33.993s][info][gc,phases,start] GC(150) Compaction Phase
[34.135s][info][gc,phases      ] GC(150) Compaction Phase 142.056ms
[34.135s][info][gc,phases,start] GC(150) Post Compact
[34.137s][info][gc,phases      ] GC(150) Post Compact 1.952ms
[34.137s][info][gc,heap        ] GC(150) PSYoungGen: 48334K(127488K)->48334K(127488K) Eden: 22015K(22016K)->22015K(22016K) From: 26318K(105472K)->26318K(105472K)
[34.137s][info][gc,heap        ] GC(150) ParOldGen: 1023808K(1024000K)->1023808K(1024000K)
[34.137s][info][gc,metaspace   ] GC(150) Metaspace: 6302K(6464K)->6302K(6464K) NonClass: 5769K(5824K)->5769K(5824K) Class: 533K(640K)->533K(640K)
[34.137s][info][gc             ] GC(150) Pause Full (Ergonomics) 1047M->1047M(1124M) 551.900ms
[34.137s][info][gc,cpu         ] GC(150) User=1.06s Sys=0.00s Real=0.55s
[34.137s][info][gc,start       ] GC(151) Pause Full (Ergonomics)
[34.137s][info][gc,phases,start] GC(151) Marking Phase
[34.544s][info][gc,phases      ] GC(151) Marking Phase 406.479ms
[34.544s][info][gc,phases,start] GC(151) Summary Phase
[34.544s][info][gc,phases      ] GC(151) Summary Phase 0.030ms
[34.544s][info][gc,phases,start] GC(151) Adjust Roots
[34.544s][info][gc,phases      ] GC(151) Adjust Roots 0.215ms
[34.544s][info][gc,phases,start] GC(151) Compaction Phase
[34.685s][info][gc,phases      ] GC(151) Compaction Phase 140.587ms
[34.685s][info][gc,phases,start] GC(151) Post Compact
[34.687s][info][gc,phases      ] GC(151) Post Compact 1.996ms
[34.687s][info][gc,heap        ] GC(151) PSYoungGen: 48334K(127488K)->48334K(127488K) Eden: 22015K(22016K)->22015K(22016K) From: 26318K(105472K)->26318K(105472K)
[34.687s][info][gc,heap        ] GC(151) ParOldGen: 1023813K(1024000K)->1023813K(1024000K)
[34.687s][info][gc,metaspace   ] GC(151) Metaspace: 6302K(6464K)->6302K(6464K) NonClass: 5769K(5824K)->5769K(5824K) Class: 533K(640K)->533K(640K)
[34.687s][info][gc             ] GC(151) Pause Full (Ergonomics) 1047M->1047M(1124M) 549.718ms
[34.687s][info][gc,cpu         ] GC(151) User=1.08s Sys=0.00s Real=0.55s
[34.687s][info][gc,start       ] GC(152) Pause Full (Ergonomics)
[34.687s][info][gc,phases,start] GC(152) Marking Phase
[35.095s][info][gc,phases      ] GC(152) Marking Phase 407.557ms
[35.095s][info][gc,phases,start] GC(152) Summary Phase
[35.095s][info][gc,phases      ] GC(152) Summary Phase 0.046ms
[35.095s][info][gc,phases,start] GC(152) Adjust Roots
[35.095s][info][gc,phases      ] GC(152) Adjust Roots 0.262ms
[35.095s][info][gc,phases,start] GC(152) Compaction Phase
[35.236s][info][gc,phases      ] GC(152) Compaction Phase 140.759ms
[35.236s][info][gc,phases,start] GC(152) Post Compact
[35.238s][info][gc,phases      ] GC(152) Post Compact 1.992ms
[35.238s][info][gc,heap        ] GC(152) PSYoungGen: 48334K(127488K)->48334K(127488K) Eden: 22015K(22016K)->22015K(22016K) From: 26318K(105472K)->26318K(105472K)
[35.238s][info][gc,heap        ] GC(152) ParOldGen: 1023818K(1024000K)->1023818K(1024000K)
[35.238s][info][gc,metaspace   ] GC(152) Metaspace: 6302K(6464K)->6302K(6464K) NonClass: 5769K(5824K)->5769K(5824K) Class: 533K(640K)->533K(640K)
[35.238s][info][gc             ] GC(152) Pause Full (Ergonomics) 1047M->1047M(1124M) 551.059ms
[35.238s][info][gc,cpu         ] GC(152) User=1.03s Sys=0.00s Real=0.55s
[35.239s][info][gc,start       ] GC(153) Pause Full (Ergonomics)
[35.239s][info][gc,phases,start] GC(153) Marking Phase
[35.647s][info][gc,phases      ] GC(153) Marking Phase 408.117ms
[35.647s][info][gc,phases,start] GC(153) Summary Phase
[35.647s][info][gc,phases      ] GC(153) Summary Phase 0.029ms
[35.647s][info][gc,phases,start] GC(153) Adjust Roots
[35.647s][info][gc,phases      ] GC(153) Adjust Roots 0.238ms
[35.647s][info][gc,phases,start] GC(153) Compaction Phase
[35.789s][info][gc,phases      ] GC(153) Compaction Phase 141.682ms
[35.789s][info][gc,phases,start] GC(153) Post Compact
[35.791s][info][gc,phases      ] GC(153) Post Compact 1.996ms
[35.791s][info][gc,heap        ] GC(153) PSYoungGen: 48334K(127488K)->48334K(127488K) Eden: 22015K(22016K)->22015K(22016K) From: 26318K(105472K)->26318K(105472K)
[35.791s][info][gc,heap        ] GC(153) ParOldGen: 1023822K(1024000K)->1023822K(1024000K)
[35.791s][info][gc,metaspace   ] GC(153) Metaspace: 6302K(6464K)->6302K(6464K) NonClass: 5769K(5824K)->5769K(5824K) Class: 533K(640K)->533K(640K)
[35.791s][info][gc             ] GC(153) Pause Full (Ergonomics) 1047M->1047M(1124M) 552.489ms
[35.791s][info][gc,cpu         ] GC(153) User=1.05s Sys=0.02s Real=0.55s
[35.792s][info][gc,start       ] GC(154) Pause Full (Ergonomics)
[35.792s][info][gc,phases,start] GC(154) Marking Phase
[36.197s][info][gc,phases      ] GC(154) Marking Phase 405.713ms
[36.197s][info][gc,phases,start] GC(154) Summary Phase
[36.197s][info][gc,phases      ] GC(154) Summary Phase 0.045ms
[36.197s][info][gc,phases,start] GC(154) Adjust Roots
[36.198s][info][gc,phases      ] GC(154) Adjust Roots 0.227ms
[36.198s][info][gc,phases,start] GC(154) Compaction Phase
[36.340s][info][gc,phases      ] GC(154) Compaction Phase 142.464ms
[36.340s][info][gc,phases,start] GC(154) Post Compact
[36.342s][info][gc,phases      ] GC(154) Post Compact 2.050ms
[36.342s][info][gc,heap        ] GC(154) PSYoungGen: 48334K(127488K)->48334K(127488K) Eden: 22015K(22016K)->22015K(22016K) From: 26318K(105472K)->26318K(105472K)
[36.342s][info][gc,heap        ] GC(154) ParOldGen: 1023827K(1024000K)->1023827K(1024000K)
[36.342s][info][gc,metaspace   ] GC(154) Metaspace: 6302K(6464K)->6302K(6464K) NonClass: 5769K(5824K)->5769K(5824K) Class: 533K(640K)->533K(640K)
[36.342s][info][gc             ] GC(154) Pause Full (Ergonomics) 1047M->1047M(1124M) 550.926ms
[36.342s][info][gc,cpu         ] GC(154) User=1.08s Sys=0.02s Real=0.55s
[36.343s][info][gc,start       ] GC(155) Pause Full (Ergonomics)
[36.343s][info][gc,phases,start] GC(155) Marking Phase
[36.753s][info][gc,phases      ] GC(155) Marking Phase 409.651ms
[36.753s][info][gc,phases,start] GC(155) Summary Phase
[36.753s][info][gc,phases      ] GC(155) Summary Phase 0.045ms
[36.753s][info][gc,phases,start] GC(155) Adjust Roots
[36.753s][info][gc,phases      ] GC(155) Adjust Roots 0.263ms
[36.753s][info][gc,phases,start] GC(155) Compaction Phase
[36.895s][info][gc,phases      ] GC(155) Compaction Phase 141.537ms
[36.895s][info][gc,phases,start] GC(155) Post Compact
[36.897s][info][gc,phases      ] GC(155) Post Compact 2.062ms
[36.897s][info][gc,heap        ] GC(155) PSYoungGen: 48334K(127488K)->48334K(127488K) Eden: 22015K(22016K)->22015K(22016K) From: 26318K(105472K)->26318K(105472K)
[36.897s][info][gc,heap        ] GC(155) ParOldGen: 1023832K(1024000K)->1023832K(1024000K)
[36.897s][info][gc,metaspace   ] GC(155) Metaspace: 6302K(6464K)->6302K(6464K) NonClass: 5769K(5824K)->5769K(5824K) Class: 533K(640K)->533K(640K)
[36.897s][info][gc             ] GC(155) Pause Full (Ergonomics) 1047M->1047M(1124M) 554.036ms
[36.897s][info][gc,cpu         ] GC(155) User=1.03s Sys=0.00s Real=0.55s
[36.897s][info][gc,start       ] GC(156) Pause Full (Ergonomics)
[36.897s][info][gc,phases,start] GC(156) Marking Phase
[37.304s][info][gc,phases      ] GC(156) Marking Phase 406.973ms
[37.304s][info][gc,phases,start] GC(156) Summary Phase
[37.304s][info][gc,phases      ] GC(156) Summary Phase 0.115ms
[37.304s][info][gc,phases,start] GC(156) Adjust Roots
[37.305s][info][gc,phases      ] GC(156) Adjust Roots 0.221ms
[37.305s][info][gc,phases,start] GC(156) Compaction Phase
[37.447s][info][gc,phases      ] GC(156) Compaction Phase 141.974ms
[37.447s][info][gc,phases,start] GC(156) Post Compact
[37.449s][info][gc,phases      ] GC(156) Post Compact 1.925ms
[37.449s][info][gc,heap        ] GC(156) PSYoungGen: 48334K(127488K)->48334K(127488K) Eden: 22015K(22016K)->22015K(22016K) From: 26318K(105472K)->26318K(105472K)
[37.449s][info][gc,heap        ] GC(156) ParOldGen: 1023836K(1024000K)->1023836K(1024000K)
[37.449s][info][gc,metaspace   ] GC(156) Metaspace: 6302K(6464K)->6302K(6464K) NonClass: 5769K(5824K)->5769K(5824K) Class: 533K(640K)->533K(640K)
[37.449s][info][gc             ] GC(156) Pause Full (Ergonomics) 1047M->1047M(1124M) 551.566ms
[37.449s][info][gc,cpu         ] GC(156) User=1.06s Sys=0.00s Real=0.55s
[37.449s][info][gc,start       ] GC(157) Pause Full (Ergonomics)
[37.449s][info][gc,phases,start] GC(157) Marking Phase
[37.857s][info][gc,phases      ] GC(157) Marking Phase 407.657ms
[37.857s][info][gc,phases,start] GC(157) Summary Phase
[37.857s][info][gc,phases      ] GC(157) Summary Phase 0.024ms
[37.857s][info][gc,phases,start] GC(157) Adjust Roots
[37.857s][info][gc,phases      ] GC(157) Adjust Roots 0.185ms
[37.857s][info][gc,phases,start] GC(157) Compaction Phase
[37.999s][info][gc,phases      ] GC(157) Compaction Phase 141.882ms
[37.999s][info][gc,phases,start] GC(157) Post Compact
[38.001s][info][gc,phases      ] GC(157) Post Compact 1.870ms
[38.001s][info][gc,heap        ] GC(157) PSYoungGen: 48334K(127488K)->48334K(127488K) Eden: 22015K(22016K)->22015K(22016K) From: 26318K(105472K)->26318K(105472K)
[38.001s][info][gc,heap        ] GC(157) ParOldGen: 1023841K(1024000K)->1023841K(1024000K)
[38.001s][info][gc,metaspace   ] GC(157) Metaspace: 6302K(6464K)->6302K(6464K) NonClass: 5769K(5824K)->5769K(5824K) Class: 533K(640K)->533K(640K)
[38.001s][info][gc             ] GC(157) Pause Full (Ergonomics) 1047M->1047M(1124M) 551.999ms
[38.001s][info][gc,cpu         ] GC(157) User=1.09s Sys=0.00s Real=0.55s
[38.001s][info][gc,start       ] GC(158) Pause Full (Ergonomics)
[38.001s][info][gc,phases,start] GC(158) Marking Phase
[38.412s][info][gc,phases      ] GC(158) Marking Phase 410.192ms
[38.412s][info][gc,phases,start] GC(158) Summary Phase
[38.412s][info][gc,phases      ] GC(158) Summary Phase 0.029ms
[38.412s][info][gc,phases,start] GC(158) Adjust Roots
[38.412s][info][gc,phases      ] GC(158) Adjust Roots 0.240ms
[38.412s][info][gc,phases,start] GC(158) Compaction Phase
[38.554s][info][gc,phases      ] GC(158) Compaction Phase 142.274ms
[38.554s][info][gc,phases,start] GC(158) Post Compact
[38.556s][info][gc,phases      ] GC(158) Post Compact 2.035ms
[38.557s][info][gc,heap        ] GC(158) PSYoungGen: 48334K(127488K)->48334K(127488K) Eden: 22015K(22016K)->22015K(22016K) From: 26318K(105472K)->26318K(105472K)
[38.557s][info][gc,heap        ] GC(158) ParOldGen: 1023846K(1024000K)->1023846K(1024000K)
[38.557s][info][gc,metaspace   ] GC(158) Metaspace: 6302K(6464K)->6302K(6464K) NonClass: 5769K(5824K)->5769K(5824K) Class: 533K(640K)->533K(640K)
[38.557s][info][gc             ] GC(158) Pause Full (Ergonomics) 1047M->1047M(1124M) 555.168ms
[38.557s][info][gc,cpu         ] GC(158) User=1.02s Sys=0.00s Real=0.56s
[38.557s][info][gc,start       ] GC(159) Pause Full (Ergonomics)
[38.557s][info][gc,phases,start] GC(159) Marking Phase
[38.969s][info][gc,phases      ] GC(159) Marking Phase 411.597ms
[38.969s][info][gc,phases,start] GC(159) Summary Phase
[38.969s][info][gc,phases      ] GC(159) Summary Phase 0.052ms
[38.969s][info][gc,phases,start] GC(159) Adjust Roots
[38.969s][info][gc,phases      ] GC(159) Adjust Roots 0.287ms
[38.969s][info][gc,phases,start] GC(159) Compaction Phase
[39.110s][info][gc,phases      ] GC(159) Compaction Phase 141.158ms
[39.110s][info][gc,phases,start] GC(159) Post Compact
[39.112s][info][gc,phases      ] GC(159) Post Compact 2.039ms
[39.113s][info][gc,heap        ] GC(159) PSYoungGen: 48334K(127488K)->48334K(127488K) Eden: 22015K(22016K)->22015K(22016K) From: 26318K(105472K)->26318K(105472K)
[39.113s][info][gc,heap        ] GC(159) ParOldGen: 1023850K(1024000K)->1023850K(1024000K)
[39.113s][info][gc,metaspace   ] GC(159) Metaspace: 6302K(6464K)->6302K(6464K) NonClass: 5769K(5824K)->5769K(5824K) Class: 533K(640K)->533K(640K)
[39.113s][info][gc             ] GC(159) Pause Full (Ergonomics) 1047M->1047M(1124M) 555.639ms
[39.113s][info][gc,cpu         ] GC(159) User=1.06s Sys=0.00s Real=0.56s
[39.113s][info][gc,start       ] GC(160) Pause Full (Ergonomics)
[39.113s][info][gc,phases,start] GC(160) Marking Phase
[39.523s][info][gc,phases      ] GC(160) Marking Phase 410.071ms
[39.523s][info][gc,phases,start] GC(160) Summary Phase
[39.523s][info][gc,phases      ] GC(160) Summary Phase 0.045ms
[39.523s][info][gc,phases,start] GC(160) Adjust Roots
[39.523s][info][gc,phases      ] GC(160) Adjust Roots 0.228ms
[39.524s][info][gc,phases,start] GC(160) Compaction Phase
[39.665s][info][gc,phases      ] GC(160) Compaction Phase 141.817ms
[39.665s][info][gc,phases,start] GC(160) Post Compact
[39.668s][info][gc,phases      ] GC(160) Post Compact 2.267ms
[39.668s][info][gc,heap        ] GC(160) PSYoungGen: 48334K(127488K)->48334K(127488K) Eden: 22015K(22016K)->22015K(22016K) From: 26318K(105472K)->26318K(105472K)
[39.668s][info][gc,heap        ] GC(160) ParOldGen: 1023855K(1024000K)->1023855K(1024000K)
[39.668s][info][gc,metaspace   ] GC(160) Metaspace: 6302K(6464K)->6302K(6464K) NonClass: 5769K(5824K)->5769K(5824K) Class: 533K(640K)->533K(640K)
[39.668s][info][gc             ] GC(160) Pause Full (Ergonomics) 1047M->1047M(1124M) 554.949ms
[39.668s][info][gc,cpu         ] GC(160) User=1.06s Sys=0.00s Real=0.55s
[39.668s][info][gc,start       ] GC(161) Pause Full (Ergonomics)
[39.668s][info][gc,phases,start] GC(161) Marking Phase
[40.076s][info][gc,phases      ] GC(161) Marking Phase 407.534ms
[40.076s][info][gc,phases,start] GC(161) Summary Phase
[40.076s][info][gc,phases      ] GC(161) Summary Phase 0.045ms
[40.076s][info][gc,phases,start] GC(161) Adjust Roots
[40.076s][info][gc,phases      ] GC(161) Adjust Roots 0.263ms
[40.076s][info][gc,phases,start] GC(161) Compaction Phase
[40.218s][info][gc,phases      ] GC(161) Compaction Phase 142.107ms
[40.218s][info][gc,phases,start] GC(161) Post Compact
[40.220s][info][gc,phases      ] GC(161) Post Compact 1.910ms
[40.220s][info][gc,heap        ] GC(161) PSYoungGen: 48334K(127488K)->48334K(127488K) Eden: 22015K(22016K)->22015K(22016K) From: 26318K(105472K)->26318K(105472K)
[40.221s][info][gc,heap        ] GC(161) ParOldGen: 1023860K(1024000K)->1023860K(1024000K)
[40.221s][info][gc,metaspace   ] GC(161) Metaspace: 6302K(6464K)->6302K(6464K) NonClass: 5769K(5824K)->5769K(5824K) Class: 533K(640K)->533K(640K)
[40.221s][info][gc             ] GC(161) Pause Full (Ergonomics) 1047M->1047M(1124M) 552.337ms
[40.221s][info][gc,cpu         ] GC(161) User=1.06s Sys=0.02s Real=0.55s
[40.221s][info][gc,start       ] GC(162) Pause Full (Ergonomics)
[40.221s][info][gc,phases,start] GC(162) Marking Phase
[40.628s][info][gc,phases      ] GC(162) Marking Phase 407.356ms
[40.628s][info][gc,phases,start] GC(162) Summary Phase
[40.628s][info][gc,phases      ] GC(162) Summary Phase 0.037ms
[40.628s][info][gc,phases,start] GC(162) Adjust Roots
[40.629s][info][gc,phases      ] GC(162) Adjust Roots 0.234ms
[40.629s][info][gc,phases,start] GC(162) Compaction Phase
[40.771s][info][gc,phases      ] GC(162) Compaction Phase 142.146ms
[40.771s][info][gc,phases,start] GC(162) Post Compact
[40.773s][info][gc,phases      ] GC(162) Post Compact 1.866ms
[40.773s][info][gc,heap        ] GC(162) PSYoungGen: 48334K(127488K)->48334K(127488K) Eden: 22015K(22016K)->22015K(22016K) From: 26318K(105472K)->26318K(105472K)
[40.773s][info][gc,heap        ] GC(162) ParOldGen: 1023864K(1024000K)->1023864K(1024000K)
[40.773s][info][gc,metaspace   ] GC(162) Metaspace: 6302K(6464K)->6302K(6464K) NonClass: 5769K(5824K)->5769K(5824K) Class: 533K(640K)->533K(640K)
[40.773s][info][gc             ] GC(162) Pause Full (Ergonomics) 1047M->1047M(1124M) 552.038ms
[40.773s][info][gc,cpu         ] GC(162) User=1.02s Sys=0.00s Real=0.55s
[40.773s][info][gc,start       ] GC(163) Pause Full (Ergonomics)
[40.773s][info][gc,phases,start] GC(163) Marking Phase
[41.181s][info][gc,phases      ] GC(163) Marking Phase 407.252ms
[41.181s][info][gc,phases,start] GC(163) Summary Phase
[41.181s][info][gc,phases      ] GC(163) Summary Phase 0.030ms
[41.181s][info][gc,phases,start] GC(163) Adjust Roots
[41.181s][info][gc,phases      ] GC(163) Adjust Roots 0.216ms
[41.181s][info][gc,phases,start] GC(163) Compaction Phase
[41.322s][info][gc,phases      ] GC(163) Compaction Phase 141.120ms
[41.322s][info][gc,phases,start] GC(163) Post Compact
[41.324s][info][gc,phases      ] GC(163) Post Compact 1.855ms
[41.324s][info][gc,heap        ] GC(163) PSYoungGen: 48334K(127488K)->48334K(127488K) Eden: 22015K(22016K)->22015K(22016K) From: 26318K(105472K)->26318K(105472K)
[41.324s][info][gc,heap        ] GC(163) ParOldGen: 1023869K(1024000K)->1023869K(1024000K)
[41.324s][info][gc,metaspace   ] GC(163) Metaspace: 6302K(6464K)->6302K(6464K) NonClass: 5769K(5824K)->5769K(5824K) Class: 533K(640K)->533K(640K)
[41.324s][info][gc             ] GC(163) Pause Full (Ergonomics) 1047M->1047M(1124M) 550.904ms
[41.324s][info][gc,cpu         ] GC(163) User=1.06s Sys=0.00s Real=0.55s
[41.324s][info][gc,start       ] GC(164) Pause Full (Ergonomics)
[41.325s][info][gc,phases,start] GC(164) Marking Phase
[41.730s][info][gc,phases      ] GC(164) Marking Phase 405.735ms
[41.730s][info][gc,phases,start] GC(164) Summary Phase
[41.730s][info][gc,phases      ] GC(164) Summary Phase 0.029ms
[41.730s][info][gc,phases,start] GC(164) Adjust Roots
[41.731s][info][gc,phases      ] GC(164) Adjust Roots 0.231ms
[41.731s][info][gc,phases,start] GC(164) Compaction Phase
[41.872s][info][gc,phases      ] GC(164) Compaction Phase 141.034ms
[41.872s][info][gc,phases,start] GC(164) Post Compact
[41.874s][info][gc,phases      ] GC(164) Post Compact 2.016ms
[41.874s][info][gc,heap        ] GC(164) PSYoungGen: 48334K(127488K)->48334K(127488K) Eden: 22015K(22016K)->22015K(22016K) From: 26318K(105472K)->26318K(105472K)
[41.874s][info][gc,heap        ] GC(164) ParOldGen: 1023874K(1024000K)->1023874K(1024000K)
[41.874s][info][gc,metaspace   ] GC(164) Metaspace: 6302K(6464K)->6302K(6464K) NonClass: 5769K(5824K)->5769K(5824K) Class: 533K(640K)->533K(640K)
[41.874s][info][gc             ] GC(164) Pause Full (Ergonomics) 1047M->1047M(1124M) 549.466ms
[41.874s][info][gc,cpu         ] GC(164) User=1.11s Sys=0.00s Real=0.55s
[41.874s][info][gc,start       ] GC(165) Pause Full (Ergonomics)
[41.874s][info][gc,phases,start] GC(165) Marking Phase
[42.281s][info][gc,phases      ] GC(165) Marking Phase 406.487ms
[42.281s][info][gc,phases,start] GC(165) Summary Phase
[42.281s][info][gc,phases      ] GC(165) Summary Phase 0.032ms
[42.281s][info][gc,phases,start] GC(165) Adjust Roots
[42.281s][info][gc,phases      ] GC(165) Adjust Roots 0.237ms
[42.281s][info][gc,phases,start] GC(165) Compaction Phase
[42.422s][info][gc,phases      ] GC(165) Compaction Phase 140.952ms
[42.422s][info][gc,phases,start] GC(165) Post Compact
[42.424s][info][gc,phases      ] GC(165) Post Compact 1.897ms
[42.424s][info][gc,heap        ] GC(165) PSYoungGen: 48334K(127488K)->48334K(127488K) Eden: 22015K(22016K)->22015K(22016K) From: 26318K(105472K)->26318K(105472K)
[42.424s][info][gc,heap        ] GC(165) ParOldGen: 1023878K(1024000K)->1023878K(1024000K)
[42.424s][info][gc,metaspace   ] GC(165) Metaspace: 6302K(6464K)->6302K(6464K) NonClass: 5769K(5824K)->5769K(5824K) Class: 533K(640K)->533K(640K)
[42.424s][info][gc             ] GC(165) Pause Full (Ergonomics) 1047M->1047M(1124M) 550.096ms
[42.424s][info][gc,cpu         ] GC(165) User=1.03s Sys=0.00s Real=0.55s
[42.425s][info][gc,start       ] GC(166) Pause Full (Ergonomics)
[42.425s][info][gc,phases,start] GC(166) Marking Phase
[42.831s][info][gc,phases      ] GC(166) Marking Phase 405.901ms
[42.831s][info][gc,phases,start] GC(166) Summary Phase
[42.831s][info][gc,phases      ] GC(166) Summary Phase 0.030ms
[42.831s][info][gc,phases,start] GC(166) Adjust Roots
[42.831s][info][gc,phases      ] GC(166) Adjust Roots 0.252ms
[42.831s][info][gc,phases,start] GC(166) Compaction Phase
[42.973s][info][gc,phases      ] GC(166) Compaction Phase 141.688ms
[42.973s][info][gc,phases,start] GC(166) Post Compact
[42.975s][info][gc,phases      ] GC(166) Post Compact 1.857ms
[42.975s][info][gc,heap        ] GC(166) PSYoungGen: 48334K(127488K)->48334K(127488K) Eden: 22015K(22016K)->22015K(22016K) From: 26318K(105472K)->26318K(105472K)
[42.975s][info][gc,heap        ] GC(166) ParOldGen: 1023883K(1024000K)->1023883K(1024000K)
[42.975s][info][gc,metaspace   ] GC(166) Metaspace: 6302K(6464K)->6302K(6464K) NonClass: 5769K(5824K)->5769K(5824K) Class: 533K(640K)->533K(640K)
[42.975s][info][gc             ] GC(166) Pause Full (Ergonomics) 1047M->1047M(1124M) 550.131ms
[42.975s][info][gc,cpu         ] GC(166) User=1.08s Sys=0.00s Real=0.55s
[42.975s][info][gc,start       ] GC(167) Pause Full (Ergonomics)
[42.975s][info][gc,phases,start] GC(167) Marking Phase
[43.385s][info][gc,phases      ] GC(167) Marking Phase 410.106ms
[43.385s][info][gc,phases,start] GC(167) Summary Phase
[43.385s][info][gc,phases      ] GC(167) Summary Phase 0.029ms
[43.385s][info][gc,phases,start] GC(167) Adjust Roots
[43.386s][info][gc,phases      ] GC(167) Adjust Roots 0.236ms
[43.386s][info][gc,phases,start] GC(167) Compaction Phase
[43.528s][info][gc,phases      ] GC(167) Compaction Phase 142.278ms
[43.528s][info][gc,phases,start] GC(167) Post Compact
[43.530s][info][gc,phases      ] GC(167) Post Compact 1.858ms
[43.530s][info][gc,heap        ] GC(167) PSYoungGen: 48334K(127488K)->48334K(127488K) Eden: 22015K(22016K)->22015K(22016K) From: 26318K(105472K)->26318K(105472K)
[43.530s][info][gc,heap        ] GC(167) ParOldGen: 1023888K(1024000K)->1023888K(1024000K)
[43.530s][info][gc,metaspace   ] GC(167) Metaspace: 6302K(6464K)->6302K(6464K) NonClass: 5769K(5824K)->5769K(5824K) Class: 533K(640K)->533K(640K)
[43.530s][info][gc             ] GC(167) Pause Full (Ergonomics) 1047M->1047M(1124M) 554.898ms
[43.530s][info][gc,cpu         ] GC(167) User=1.09s Sys=0.00s Real=0.55s
[43.530s][info][gc,start       ] GC(168) Pause Full (Ergonomics)
[43.530s][info][gc,phases,start] GC(168) Marking Phase
[43.941s][info][gc,phases      ] GC(168) Marking Phase 410.707ms
[43.941s][info][gc,phases,start] GC(168) Summary Phase
[43.941s][info][gc,phases      ] GC(168) Summary Phase 0.030ms
[43.941s][info][gc,phases,start] GC(168) Adjust Roots
[43.942s][info][gc,phases      ] GC(168) Adjust Roots 0.239ms
[43.942s][info][gc,phases,start] GC(168) Compaction Phase
[44.083s][info][gc,phases      ] GC(168) Compaction Phase 141.477ms
[44.083s][info][gc,phases,start] GC(168) Post Compact
[44.085s][info][gc,phases      ] GC(168) Post Compact 1.872ms
[44.085s][info][gc,heap        ] GC(168) PSYoungGen: 48334K(127488K)->48334K(127488K) Eden: 22015K(22016K)->22015K(22016K) From: 26318K(105472K)->26318K(105472K)
[44.085s][info][gc,heap        ] GC(168) ParOldGen: 1023892K(1024000K)->1023892K(1024000K)
[44.085s][info][gc,metaspace   ] GC(168) Metaspace: 6302K(6464K)->6302K(6464K) NonClass: 5769K(5824K)->5769K(5824K) Class: 533K(640K)->533K(640K)
[44.085s][info][gc             ] GC(168) Pause Full (Ergonomics) 1047M->1047M(1124M) 554.702ms
[44.085s][info][gc,cpu         ] GC(168) User=1.05s Sys=0.00s Real=0.55s
[44.086s][info][gc,start       ] GC(169) Pause Full (Ergonomics)
[44.086s][info][gc,phases,start] GC(169) Marking Phase
[44.494s][info][gc,phases      ] GC(169) Marking Phase 408.842ms
[44.494s][info][gc,phases,start] GC(169) Summary Phase
[44.495s][info][gc,phases      ] GC(169) Summary Phase 0.045ms
[44.495s][info][gc,phases,start] GC(169) Adjust Roots
[44.495s][info][gc,phases      ] GC(169) Adjust Roots 0.237ms
[44.495s][info][gc,phases,start] GC(169) Compaction Phase
[44.637s][info][gc,phases      ] GC(169) Compaction Phase 142.065ms
[44.637s][info][gc,phases,start] GC(169) Post Compact
[44.639s][info][gc,phases      ] GC(169) Post Compact 1.924ms
[44.639s][info][gc,heap        ] GC(169) PSYoungGen: 48334K(127488K)->48334K(127488K) Eden: 22015K(22016K)->22015K(22016K) From: 26318K(105472K)->26318K(105472K)
[44.639s][info][gc,heap        ] GC(169) ParOldGen: 1023897K(1024000K)->1023897K(1024000K)
[44.639s][info][gc,metaspace   ] GC(169) Metaspace: 6302K(6464K)->6302K(6464K) NonClass: 5769K(5824K)->5769K(5824K) Class: 533K(640K)->533K(640K)
[44.639s][info][gc             ] GC(169) Pause Full (Ergonomics) 1047M->1047M(1124M) 553.583ms
[44.639s][info][gc,cpu         ] GC(169) User=1.09s Sys=0.00s Real=0.55s
[44.639s][info][gc,start       ] GC(170) Pause Full (Ergonomics)
[44.639s][info][gc,phases,start] GC(170) Marking Phase
[45.048s][info][gc,phases      ] GC(170) Marking Phase 408.591ms
[45.048s][info][gc,phases,start] GC(170) Summary Phase
[45.048s][info][gc,phases      ] GC(170) Summary Phase 0.045ms
[45.048s][info][gc,phases,start] GC(170) Adjust Roots
[45.048s][info][gc,phases      ] GC(170) Adjust Roots 0.267ms
[45.049s][info][gc,phases,start] GC(170) Compaction Phase
[45.190s][info][gc,phases      ] GC(170) Compaction Phase 141.791ms
[45.190s][info][gc,phases,start] GC(170) Post Compact
[45.192s][info][gc,phases      ] GC(170) Post Compact 1.900ms
[45.192s][info][gc,heap        ] GC(170) PSYoungGen: 48334K(127488K)->48334K(127488K) Eden: 22015K(22016K)->22015K(22016K) From: 26318K(105472K)->26318K(105472K)
[45.192s][info][gc,heap        ] GC(170) ParOldGen: 1023902K(1024000K)->1023902K(1024000K)
[45.192s][info][gc,metaspace   ] GC(170) Metaspace: 6302K(6464K)->6302K(6464K) NonClass: 5769K(5824K)->5769K(5824K) Class: 533K(640K)->533K(640K)
[45.192s][info][gc             ] GC(170) Pause Full (Ergonomics) 1047M->1047M(1124M) 553.037ms
[45.192s][info][gc,cpu         ] GC(170) User=1.03s Sys=0.00s Real=0.55s
[45.193s][info][gc,start       ] GC(171) Pause Full (Ergonomics)
[45.193s][info][gc,phases,start] GC(171) Marking Phase
[45.600s][info][gc,phases      ] GC(171) Marking Phase 407.434ms
[45.600s][info][gc,phases,start] GC(171) Summary Phase
[45.600s][info][gc,phases      ] GC(171) Summary Phase 0.046ms
[45.600s][info][gc,phases,start] GC(171) Adjust Roots
[45.601s][info][gc,phases      ] GC(171) Adjust Roots 0.265ms
[45.601s][info][gc,phases,start] GC(171) Compaction Phase
[45.742s][info][gc,phases      ] GC(171) Compaction Phase 141.544ms
[45.742s][info][gc,phases,start] GC(171) Post Compact
[45.744s][info][gc,phases      ] GC(171) Post Compact 1.963ms
[45.744s][info][gc,heap        ] GC(171) PSYoungGen: 48334K(127488K)->48334K(127488K) Eden: 22015K(22016K)->22015K(22016K) From: 26318K(105472K)->26318K(105472K)
[45.744s][info][gc,heap        ] GC(171) ParOldGen: 1023906K(1024000K)->1023906K(1024000K)
[45.744s][info][gc,metaspace   ] GC(171) Metaspace: 6302K(6464K)->6302K(6464K) NonClass: 5769K(5824K)->5769K(5824K) Class: 533K(640K)->533K(640K)
[45.745s][info][gc             ] GC(171) Pause Full (Ergonomics) 1047M->1047M(1124M) 551.775ms
[45.745s][info][gc,cpu         ] GC(171) User=1.06s Sys=0.00s Real=0.55s
[45.745s][info][gc,start       ] GC(172) Pause Full (Ergonomics)
[45.745s][info][gc,phases,start] GC(172) Marking Phase
[46.151s][info][gc,phases      ] GC(172) Marking Phase 406.096ms
[46.151s][info][gc,phases,start] GC(172) Summary Phase
[46.151s][info][gc,phases      ] GC(172) Summary Phase 0.046ms
[46.151s][info][gc,phases,start] GC(172) Adjust Roots
[46.151s][info][gc,phases      ] GC(172) Adjust Roots 0.257ms
[46.151s][info][gc,phases,start] GC(172) Compaction Phase
[46.293s][info][gc,phases      ] GC(172) Compaction Phase 141.793ms
[46.293s][info][gc,phases,start] GC(172) Post Compact
[46.296s][info][gc,phases      ] GC(172) Post Compact 2.153ms
[46.296s][info][gc,heap        ] GC(172) PSYoungGen: 48334K(127488K)->48334K(127488K) Eden: 22015K(22016K)->22015K(22016K) From: 26318K(105472K)->26318K(105472K)
[46.296s][info][gc,heap        ] GC(172) ParOldGen: 1023911K(1024000K)->1023911K(1024000K)
[46.296s][info][gc,metaspace   ] GC(172) Metaspace: 6302K(6464K)->6302K(6464K) NonClass: 5769K(5824K)->5769K(5824K) Class: 533K(640K)->533K(640K)
[46.296s][info][gc             ] GC(172) Pause Full (Ergonomics) 1047M->1047M(1124M) 550.851ms
[46.296s][info][gc,cpu         ] GC(172) User=1.09s Sys=0.00s Real=0.55s
[46.296s][info][gc,start       ] GC(173) Pause Full (Ergonomics)
[46.296s][info][gc,phases,start] GC(173) Marking Phase
[46.713s][info][gc,phases      ] GC(173) Marking Phase 416.953ms
[46.713s][info][gc,phases,start] GC(173) Summary Phase
[46.713s][info][gc,phases      ] GC(173) Summary Phase 0.045ms
[46.713s][info][gc,phases,start] GC(173) Adjust Roots
[46.714s][info][gc,phases      ] GC(173) Adjust Roots 0.287ms
[46.714s][info][gc,phases,start] GC(173) Compaction Phase
[46.856s][info][gc,phases      ] GC(173) Compaction Phase 142.621ms
[46.856s][info][gc,phases,start] GC(173) Post Compact
[46.858s][info][gc,phases      ] GC(173) Post Compact 1.863ms
[46.858s][info][gc,heap        ] GC(173) PSYoungGen: 48334K(127488K)->48334K(127488K) Eden: 22015K(22016K)->22015K(22016K) From: 26318K(105472K)->26318K(105472K)
[46.858s][info][gc,heap        ] GC(173) ParOldGen: 1023916K(1024000K)->1023916K(1024000K)
[46.858s][info][gc,metaspace   ] GC(173) Metaspace: 6302K(6464K)->6302K(6464K) NonClass: 5769K(5824K)->5769K(5824K) Class: 533K(640K)->533K(640K)
[46.858s][info][gc             ] GC(173) Pause Full (Ergonomics) 1047M->1047M(1124M) 562.194ms
[46.858s][info][gc,cpu         ] GC(173) User=1.09s Sys=0.00s Real=0.56s
[46.859s][info][gc,start       ] GC(174) Pause Full (Ergonomics)
[46.859s][info][gc,phases,start] GC(174) Marking Phase
[47.266s][info][gc,phases      ] GC(174) Marking Phase 407.399ms
[47.266s][info][gc,phases,start] GC(174) Summary Phase
[47.266s][info][gc,phases      ] GC(174) Summary Phase 0.036ms
[47.266s][info][gc,phases,start] GC(174) Adjust Roots
[47.267s][info][gc,phases      ] GC(174) Adjust Roots 0.279ms
[47.267s][info][gc,phases,start] GC(174) Compaction Phase
[47.407s][info][gc,phases      ] GC(174) Compaction Phase 140.878ms
[47.408s][info][gc,phases,start] GC(174) Post Compact
[47.409s][info][gc,phases      ] GC(174) Post Compact 1.861ms
[47.409s][info][gc,heap        ] GC(174) PSYoungGen: 48334K(127488K)->48334K(127488K) Eden: 22015K(22016K)->22015K(22016K) From: 26318K(105472K)->26318K(105472K)
[47.409s][info][gc,heap        ] GC(174) ParOldGen: 1023920K(1024000K)->1023920K(1024000K)
[47.409s][info][gc,metaspace   ] GC(174) Metaspace: 6302K(6464K)->6302K(6464K) NonClass: 5769K(5824K)->5769K(5824K) Class: 533K(640K)->533K(640K)
[47.410s][info][gc             ] GC(174) Pause Full (Ergonomics) 1047M->1047M(1124M) 550.837ms
[47.410s][info][gc,cpu         ] GC(174) User=1.02s Sys=0.00s Real=0.55s
[47.410s][info][gc,start       ] GC(175) Pause Full (Ergonomics)
[47.410s][info][gc,phases,start] GC(175) Marking Phase
[47.816s][info][gc,phases      ] GC(175) Marking Phase 406.278ms
[47.816s][info][gc,phases,start] GC(175) Summary Phase
[47.816s][info][gc,phases      ] GC(175) Summary Phase 0.029ms
[47.816s][info][gc,phases,start] GC(175) Adjust Roots
[47.816s][info][gc,phases      ] GC(175) Adjust Roots 0.215ms
[47.816s][info][gc,phases,start] GC(175) Compaction Phase
[47.957s][info][gc,phases      ] GC(175) Compaction Phase 140.406ms
[47.957s][info][gc,phases,start] GC(175) Post Compact
[47.959s][info][gc,phases      ] GC(175) Post Compact 1.852ms
[47.959s][info][gc,heap        ] GC(175) PSYoungGen: 48334K(127488K)->48334K(127488K) Eden: 22015K(22016K)->22015K(22016K) From: 26318K(105472K)->26318K(105472K)
[47.959s][info][gc,heap        ] GC(175) ParOldGen: 1023925K(1024000K)->1023925K(1024000K)
[47.959s][info][gc,metaspace   ] GC(175) Metaspace: 6302K(6464K)->6302K(6464K) NonClass: 5769K(5824K)->5769K(5824K) Class: 533K(640K)->533K(640K)
[47.959s][info][gc             ] GC(175) Pause Full (Ergonomics) 1047M->1047M(1124M) 549.176ms
[47.959s][info][gc,cpu         ] GC(175) User=1.05s Sys=0.00s Real=0.55s
[47.959s][info][gc,start       ] GC(176) Pause Full (Ergonomics)
[47.959s][info][gc,phases,start] GC(176) Marking Phase
[48.377s][info][gc,phases      ] GC(176) Marking Phase 417.931ms
[48.377s][info][gc,phases,start] GC(176) Summary Phase
[48.377s][info][gc,phases      ] GC(176) Summary Phase 0.022ms
[48.377s][info][gc,phases,start] GC(176) Adjust Roots
[48.378s][info][gc,phases      ] GC(176) Adjust Roots 0.204ms
[48.378s][info][gc,phases,start] GC(176) Compaction Phase
[48.519s][info][gc,phases      ] GC(176) Compaction Phase 141.762ms
[48.519s][info][gc,phases,start] GC(176) Post Compact
[48.521s][info][gc,phases      ] GC(176) Post Compact 1.872ms
[48.521s][info][gc,heap        ] GC(176) PSYoungGen: 48334K(127488K)->48334K(127488K) Eden: 22015K(22016K)->22015K(22016K) From: 26318K(105472K)->26318K(105472K)
[48.521s][info][gc,heap        ] GC(176) ParOldGen: 1023930K(1024000K)->1023930K(1024000K)
[48.521s][info][gc,metaspace   ] GC(176) Metaspace: 6302K(6464K)->6302K(6464K) NonClass: 5769K(5824K)->5769K(5824K) Class: 533K(640K)->533K(640K)
[48.521s][info][gc             ] GC(176) Pause Full (Ergonomics) 1047M->1047M(1124M) 562.135ms
[48.521s][info][gc,cpu         ] GC(176) User=1.06s Sys=0.00s Real=0.56s
[48.522s][info][gc,start       ] GC(177) Pause Full (Ergonomics)
[48.522s][info][gc,phases,start] GC(177) Marking Phase
[48.928s][info][gc,phases      ] GC(177) Marking Phase 405.977ms
[48.928s][info][gc,phases,start] GC(177) Summary Phase
[48.928s][info][gc,phases      ] GC(177) Summary Phase 0.064ms
[48.928s][info][gc,phases,start] GC(177) Adjust Roots
[48.928s][info][gc,phases      ] GC(177) Adjust Roots 0.268ms
[48.928s][info][gc,phases,start] GC(177) Compaction Phase
[49.070s][info][gc,phases      ] GC(177) Compaction Phase 142.138ms
[49.070s][info][gc,phases,start] GC(177) Post Compact
[49.072s][info][gc,phases      ] GC(177) Post Compact 1.991ms
[49.073s][info][gc,heap        ] GC(177) PSYoungGen: 48334K(127488K)->48334K(127488K) Eden: 22015K(22016K)->22015K(22016K) From: 26318K(105472K)->26318K(105472K)
[49.073s][info][gc,heap        ] GC(177) ParOldGen: 1023934K(1024000K)->1023934K(1024000K)
[49.073s][info][gc,metaspace   ] GC(177) Metaspace: 6302K(6464K)->6302K(6464K) NonClass: 5769K(5824K)->5769K(5824K) Class: 533K(640K)->533K(640K)
[49.073s][info][gc             ] GC(177) Pause Full (Ergonomics) 1047M->1047M(1124M) 550.907ms
[49.073s][info][gc,cpu         ] GC(177) User=1.06s Sys=0.00s Real=0.55s
[49.073s][info][gc,start       ] GC(178) Pause Full (Ergonomics)
[49.073s][info][gc,phases,start] GC(178) Marking Phase
[49.481s][info][gc,phases      ] GC(178) Marking Phase 407.927ms
[49.481s][info][gc,phases,start] GC(178) Summary Phase
[49.481s][info][gc,phases      ] GC(178) Summary Phase 0.045ms
[49.481s][info][gc,phases,start] GC(178) Adjust Roots
[49.481s][info][gc,phases      ] GC(178) Adjust Roots 0.237ms
[49.481s][info][gc,phases,start] GC(178) Compaction Phase
[49.623s][info][gc,phases      ] GC(178) Compaction Phase 141.902ms
[49.623s][info][gc,phases,start] GC(178) Post Compact
[49.625s][info][gc,phases      ] GC(178) Post Compact 1.853ms
[49.625s][info][gc,heap        ] GC(178) PSYoungGen: 48334K(127488K)->48334K(127488K) Eden: 22015K(22016K)->22015K(22016K) From: 26318K(105472K)->26318K(105472K)
[49.625s][info][gc,heap        ] GC(178) ParOldGen: 1023939K(1024000K)->1023939K(1024000K)
[49.625s][info][gc,metaspace   ] GC(178) Metaspace: 6302K(6464K)->6302K(6464K) NonClass: 5769K(5824K)->5769K(5824K) Class: 533K(640K)->533K(640K)
[49.625s][info][gc             ] GC(178) Pause Full (Ergonomics) 1047M->1047M(1124M) 552.377ms
[49.625s][info][gc,cpu         ] GC(178) User=1.09s Sys=0.00s Real=0.55s
[49.626s][info][gc,start       ] GC(179) Pause Full (Ergonomics)
[49.626s][info][gc,phases,start] GC(179) Marking Phase
[50.033s][info][gc,phases      ] GC(179) Marking Phase 406.749ms
[50.033s][info][gc,phases,start] GC(179) Summary Phase
[50.033s][info][gc,phases      ] GC(179) Summary Phase 0.025ms
[50.033s][info][gc,phases,start] GC(179) Adjust Roots
[50.033s][info][gc,phases      ] GC(179) Adjust Roots 0.211ms
[50.033s][info][gc,phases,start] GC(179) Compaction Phase
[50.175s][info][gc,phases      ] GC(179) Compaction Phase 142.414ms
[50.175s][info][gc,phases,start] GC(179) Post Compact
[50.177s][info][gc,phases      ] GC(179) Post Compact 1.859ms
[50.177s][info][gc,heap        ] GC(179) PSYoungGen: 48334K(127488K)->48334K(127488K) Eden: 22015K(22016K)->22015K(22016K) From: 26318K(105472K)->26318K(105472K)
[50.177s][info][gc,heap        ] GC(179) ParOldGen: 1023944K(1024000K)->1023944K(1024000K)
[50.177s][info][gc,metaspace   ] GC(179) Metaspace: 6302K(6464K)->6302K(6464K) NonClass: 5769K(5824K)->5769K(5824K) Class: 533K(640K)->533K(640K)
[50.177s][info][gc             ] GC(179) Pause Full (Ergonomics) 1047M->1047M(1124M) 551.639ms
[50.177s][info][gc,cpu         ] GC(179) User=1.03s Sys=0.00s Real=0.55s
[50.178s][info][gc,start       ] GC(180) Pause Full (Ergonomics)
[50.178s][info][gc,phases,start] GC(180) Marking Phase
[50.589s][info][gc,phases      ] GC(180) Marking Phase 411.533ms
[50.589s][info][gc,phases,start] GC(180) Summary Phase
[50.589s][info][gc,phases      ] GC(180) Summary Phase 0.030ms
[50.589s][info][gc,phases,start] GC(180) Adjust Roots
[50.590s][info][gc,phases      ] GC(180) Adjust Roots 0.243ms
[50.590s][info][gc,phases,start] GC(180) Compaction Phase
[50.732s][info][gc,phases      ] GC(180) Compaction Phase 142.310ms
[50.732s][info][gc,phases,start] GC(180) Post Compact
[50.734s][info][gc,phases      ] GC(180) Post Compact 2.064ms
[50.734s][info][gc,heap        ] GC(180) PSYoungGen: 48334K(127488K)->48334K(127488K) Eden: 22015K(22016K)->22015K(22016K) From: 26318K(105472K)->26318K(105472K)
[50.734s][info][gc,heap        ] GC(180) ParOldGen: 1023948K(1024000K)->1023948K(1024000K)
[50.734s][info][gc,metaspace   ] GC(180) Metaspace: 6302K(6464K)->6302K(6464K) NonClass: 5769K(5824K)->5769K(5824K) Class: 533K(640K)->533K(640K)
[50.734s][info][gc             ] GC(180) Pause Full (Ergonomics) 1047M->1047M(1124M) 556.590ms
[50.734s][info][gc,cpu         ] GC(180) User=1.06s Sys=0.00s Real=0.56s
[50.735s][info][gc,start       ] GC(181) Pause Full (Ergonomics)
[50.735s][info][gc,phases,start] GC(181) Marking Phase
[51.143s][info][gc,phases      ] GC(181) Marking Phase 408.521ms
[51.143s][info][gc,phases,start] GC(181) Summary Phase
[51.143s][info][gc,phases      ] GC(181) Summary Phase 0.024ms
[51.143s][info][gc,phases,start] GC(181) Adjust Roots
[51.143s][info][gc,phases      ] GC(181) Adjust Roots 0.185ms
[51.143s][info][gc,phases,start] GC(181) Compaction Phase
[51.286s][info][gc,phases      ] GC(181) Compaction Phase 142.980ms
[51.286s][info][gc,phases,start] GC(181) Post Compact
[51.288s][info][gc,phases      ] GC(181) Post Compact 1.857ms
[51.288s][info][gc,heap        ] GC(181) PSYoungGen: 48334K(127488K)->48334K(127488K) Eden: 22015K(22016K)->22015K(22016K) From: 26318K(105472K)->26318K(105472K)
[51.288s][info][gc,heap        ] GC(181) ParOldGen: 1023953K(1024000K)->1023953K(1024000K)
[51.288s][info][gc,metaspace   ] GC(181) Metaspace: 6302K(6464K)->6302K(6464K) NonClass: 5769K(5824K)->5769K(5824K) Class: 533K(640K)->533K(640K)
[51.288s][info][gc             ] GC(181) Pause Full (Ergonomics) 1047M->1047M(1124M) 553.912ms
[51.289s][info][gc,cpu         ] GC(181) User=1.02s Sys=0.00s Real=0.55s
[51.289s][info][gc,start       ] GC(182) Pause Full (Ergonomics)
[51.289s][info][gc,phases,start] GC(182) Marking Phase
[51.706s][info][gc,phases      ] GC(182) Marking Phase 417.097ms
[51.706s][info][gc,phases,start] GC(182) Summary Phase
[51.706s][info][gc,phases      ] GC(182) Summary Phase 0.022ms
[51.706s][info][gc,phases,start] GC(182) Adjust Roots
[51.706s][info][gc,phases      ] GC(182) Adjust Roots 0.226ms
[51.706s][info][gc,phases,start] GC(182) Compaction Phase
[51.849s][info][gc,phases      ] GC(182) Compaction Phase 142.798ms
[51.849s][info][gc,phases,start] GC(182) Post Compact
[51.851s][info][gc,phases      ] GC(182) Post Compact 1.865ms
[51.851s][info][gc,heap        ] GC(182) PSYoungGen: 48334K(127488K)->48334K(127488K) Eden: 22015K(22016K)->22015K(22016K) From: 26318K(105472K)->26318K(105472K)
[51.851s][info][gc,heap        ] GC(182) ParOldGen: 1023958K(1024000K)->1023958K(1024000K)
[51.851s][info][gc,metaspace   ] GC(182) Metaspace: 6302K(6464K)->6302K(6464K) NonClass: 5769K(5824K)->5769K(5824K) Class: 533K(640K)->533K(640K)
[51.851s][info][gc             ] GC(182) Pause Full (Ergonomics) 1047M->1047M(1124M) 562.397ms
[51.851s][info][gc,cpu         ] GC(182) User=1.09s Sys=0.00s Real=0.56s
[51.851s][info][gc,start       ] GC(183) Pause Full (Ergonomics)
[51.851s][info][gc,phases,start] GC(183) Marking Phase
[52.261s][info][gc,phases      ] GC(183) Marking Phase 409.096ms
[52.261s][info][gc,phases,start] GC(183) Summary Phase
[52.261s][info][gc,phases      ] GC(183) Summary Phase 0.046ms
[52.261s][info][gc,phases,start] GC(183) Adjust Roots
[52.261s][info][gc,phases      ] GC(183) Adjust Roots 0.265ms
[52.261s][info][gc,phases,start] GC(183) Compaction Phase
[52.402s][info][gc,phases      ] GC(183) Compaction Phase 140.986ms
[52.402s][info][gc,phases,start] GC(183) Post Compact
[52.404s][info][gc,phases      ] GC(183) Post Compact 1.862ms
[52.404s][info][gc,heap        ] GC(183) PSYoungGen: 48334K(127488K)->48334K(127488K) Eden: 22015K(22016K)->22015K(22016K) From: 26318K(105472K)->26318K(105472K)
[52.404s][info][gc,heap        ] GC(183) ParOldGen: 1023962K(1024000K)->1023962K(1024000K)
[52.404s][info][gc,metaspace   ] GC(183) Metaspace: 6302K(6464K)->6302K(6464K) NonClass: 5769K(5824K)->5769K(5824K) Class: 533K(640K)->533K(640K)
[52.404s][info][gc             ] GC(183) Pause Full (Ergonomics) 1047M->1047M(1124M) 552.681ms
[52.404s][info][gc,cpu         ] GC(183) User=1.11s Sys=0.00s Real=0.55s
[52.404s][info][gc,start       ] GC(184) Pause Full (Ergonomics)
[52.405s][info][gc,phases,start] GC(184) Marking Phase
[52.811s][info][gc,phases      ] GC(184) Marking Phase 406.009ms
[52.811s][info][gc,phases,start] GC(184) Summary Phase
[52.811s][info][gc,phases      ] GC(184) Summary Phase 0.030ms
[52.811s][info][gc,phases,start] GC(184) Adjust Roots
[52.811s][info][gc,phases      ] GC(184) Adjust Roots 0.217ms
[52.811s][info][gc,phases,start] GC(184) Compaction Phase
[52.952s][info][gc,phases      ] GC(184) Compaction Phase 141.082ms
[52.952s][info][gc,phases,start] GC(184) Post Compact
[52.954s][info][gc,phases      ] GC(184) Post Compact 1.962ms
[52.954s][info][gc,heap        ] GC(184) PSYoungGen: 48334K(127488K)->48334K(127488K) Eden: 22015K(22016K)->22015K(22016K) From: 26318K(105472K)->26318K(105472K)
[52.954s][info][gc,heap        ] GC(184) ParOldGen: 1023967K(1024000K)->1023967K(1024000K)
[52.954s][info][gc,metaspace   ] GC(184) Metaspace: 6302K(6464K)->6302K(6464K) NonClass: 5769K(5824K)->5769K(5824K) Class: 533K(640K)->533K(640K)
[52.954s][info][gc             ] GC(184) Pause Full (Ergonomics) 1047M->1047M(1124M) 549.752ms
[52.954s][info][gc,cpu         ] GC(184) User=1.03s Sys=0.02s Real=0.55s
[52.955s][info][gc,start       ] GC(185) Pause Full (Ergonomics)
[52.955s][info][gc,phases,start] GC(185) Marking Phase
[53.362s][info][gc,phases      ] GC(185) Marking Phase 407.915ms
[53.363s][info][gc,phases,start] GC(185) Summary Phase
[53.363s][info][gc,phases      ] GC(185) Summary Phase 0.044ms
[53.363s][info][gc,phases,start] GC(185) Adjust Roots
[53.363s][info][gc,phases      ] GC(185) Adjust Roots 0.256ms
[53.363s][info][gc,phases,start] GC(185) Compaction Phase
[53.505s][info][gc,phases      ] GC(185) Compaction Phase 141.966ms
[53.505s][info][gc,phases,start] GC(185) Post Compact
[53.507s][info][gc,phases      ] GC(185) Post Compact 1.951ms
[53.507s][info][gc,heap        ] GC(185) PSYoungGen: 48334K(127488K)->48334K(127488K) Eden: 22015K(22016K)->22015K(22016K) From: 26318K(105472K)->26318K(105472K)
[53.507s][info][gc,heap        ] GC(185) ParOldGen: 1023972K(1024000K)->1023972K(1024000K)
[53.507s][info][gc,metaspace   ] GC(185) Metaspace: 6302K(6464K)->6302K(6464K) NonClass: 5769K(5824K)->5769K(5824K) Class: 533K(640K)->533K(640K)
[53.507s][info][gc             ] GC(185) Pause Full (Ergonomics) 1047M->1047M(1124M) 552.519ms
[53.507s][info][gc,cpu         ] GC(185) User=1.03s Sys=0.00s Real=0.55s
[53.507s][info][gc,start       ] GC(186) Pause Full (Ergonomics)
[53.507s][info][gc,phases,start] GC(186) Marking Phase
[53.913s][info][gc,phases      ] GC(186) Marking Phase 405.512ms
[53.913s][info][gc,phases,start] GC(186) Summary Phase
[53.913s][info][gc,phases      ] GC(186) Summary Phase 0.045ms
[53.913s][info][gc,phases,start] GC(186) Adjust Roots
[53.913s][info][gc,phases      ] GC(186) Adjust Roots 0.256ms
[53.913s][info][gc,phases,start] GC(186) Compaction Phase
[54.054s][info][gc,phases      ] GC(186) Compaction Phase 141.004ms
[54.054s][info][gc,phases,start] GC(186) Post Compact
[54.056s][info][gc,phases      ] GC(186) Post Compact 2.030ms
[54.057s][info][gc,heap        ] GC(186) PSYoungGen: 48334K(127488K)->48334K(127488K) Eden: 22015K(22016K)->22015K(22016K) From: 26318K(105472K)->26318K(105472K)
[54.057s][info][gc,heap        ] GC(186) ParOldGen: 1023976K(1024000K)->1023976K(1024000K)
[54.057s][info][gc,metaspace   ] GC(186) Metaspace: 6302K(6464K)->6302K(6464K) NonClass: 5769K(5824K)->5769K(5824K) Class: 533K(640K)->533K(640K)
[54.057s][info][gc             ] GC(186) Pause Full (Ergonomics) 1047M->1047M(1124M) 549.261ms
[54.057s][info][gc,cpu         ] GC(186) User=1.05s Sys=0.02s Real=0.55s
[54.057s][info][gc,start       ] GC(187) Pause Full (Ergonomics)
[54.057s][info][gc,phases,start] GC(187) Marking Phase
[54.463s][info][gc,phases      ] GC(187) Marking Phase 406.508ms
[54.464s][info][gc,phases,start] GC(187) Summary Phase
[54.464s][info][gc,phases      ] GC(187) Summary Phase 0.045ms
[54.464s][info][gc,phases,start] GC(187) Adjust Roots
[54.464s][info][gc,phases      ] GC(187) Adjust Roots 0.251ms
[54.464s][info][gc,phases,start] GC(187) Compaction Phase
[54.605s][info][gc,phases      ] GC(187) Compaction Phase 141.325ms
[54.605s][info][gc,phases,start] GC(187) Post Compact
[54.607s][info][gc,phases      ] GC(187) Post Compact 1.990ms
[54.607s][info][gc,heap        ] GC(187) PSYoungGen: 48334K(127488K)->48334K(127488K) Eden: 22015K(22016K)->22015K(22016K) From: 26318K(105472K)->26318K(105472K)
[54.607s][info][gc,heap        ] GC(187) ParOldGen: 1023981K(1024000K)->1023981K(1024000K)
[54.607s][info][gc,metaspace   ] GC(187) Metaspace: 6302K(6464K)->6302K(6464K) NonClass: 5769K(5824K)->5769K(5824K) Class: 533K(640K)->533K(640K)
[54.607s][info][gc             ] GC(187) Pause Full (Ergonomics) 1047M->1047M(1124M) 550.585ms
[54.607s][info][gc,cpu         ] GC(187) User=1.08s Sys=0.00s Real=0.55s
[54.608s][info][gc,start       ] GC(188) Pause Full (Ergonomics)
[54.608s][info][gc,phases,start] GC(188) Marking Phase
[55.015s][info][gc,phases      ] GC(188) Marking Phase 406.877ms
[55.015s][info][gc,phases,start] GC(188) Summary Phase
[55.015s][info][gc,phases      ] GC(188) Summary Phase 0.046ms
[55.015s][info][gc,phases,start] GC(188) Adjust Roots
[55.015s][info][gc,phases      ] GC(188) Adjust Roots 0.269ms
[55.015s][info][gc,phases,start] GC(188) Compaction Phase
[55.157s][info][gc,phases      ] GC(188) Compaction Phase 141.703ms
[55.157s][info][gc,phases,start] GC(188) Post Compact
[55.159s][info][gc,phases      ] GC(188) Post Compact 1.873ms
[55.159s][info][gc,heap        ] GC(188) PSYoungGen: 48334K(127488K)->48334K(127488K) Eden: 22015K(22016K)->22015K(22016K) From: 26318K(105472K)->26318K(105472K)
[55.159s][info][gc,heap        ] GC(188) ParOldGen: 1023986K(1024000K)->1023986K(1024000K)
[55.159s][info][gc,metaspace   ] GC(188) Metaspace: 6302K(6464K)->6302K(6464K) NonClass: 5769K(5824K)->5769K(5824K) Class: 533K(640K)->533K(640K)
[55.159s][info][gc             ] GC(188) Pause Full (Ergonomics) 1047M->1047M(1124M) 551.195ms
[55.159s][info][gc,cpu         ] GC(188) User=1.03s Sys=0.00s Real=0.55s
[55.159s][info][gc,start       ] GC(189) Pause Full (Ergonomics)
[55.159s][info][gc,phases,start] GC(189) Marking Phase
[55.581s][info][gc,phases      ] GC(189) Marking Phase 421.660ms
[55.581s][info][gc,phases,start] GC(189) Summary Phase
[55.581s][info][gc,phases      ] GC(189) Summary Phase 0.030ms
[55.581s][info][gc,phases,start] GC(189) Adjust Roots
[55.581s][info][gc,phases      ] GC(189) Adjust Roots 0.214ms
[55.581s][info][gc,phases,start] GC(189) Compaction Phase
[55.723s][info][gc,phases      ] GC(189) Compaction Phase 141.763ms
[55.723s][info][gc,phases,start] GC(189) Post Compact
[55.725s][info][gc,phases      ] GC(189) Post Compact 1.851ms
[55.725s][info][gc,heap        ] GC(189) PSYoungGen: 48334K(127488K)->48334K(127488K) Eden: 22015K(22016K)->22015K(22016K) From: 26318K(105472K)->26318K(105472K)
[55.725s][info][gc,heap        ] GC(189) ParOldGen: 1023990K(1024000K)->1023990K(1024000K)
[55.725s][info][gc,metaspace   ] GC(189) Metaspace: 6302K(6464K)->6302K(6464K) NonClass: 5769K(5824K)->5769K(5824K) Class: 533K(640K)->533K(640K)
[55.725s][info][gc             ] GC(189) Pause Full (Ergonomics) 1047M->1047M(1124M) 565.909ms
[55.725s][info][gc,cpu         ] GC(189) User=1.06s Sys=0.00s Real=0.57s
[55.726s][info][gc,start       ] GC(190) Pause Full (Ergonomics)
[55.726s][info][gc,phases,start] GC(190) Marking Phase
[56.133s][info][gc,phases      ] GC(190) Marking Phase 407.087ms
[56.133s][info][gc,phases,start] GC(190) Summary Phase
[56.133s][info][gc,phases      ] GC(190) Summary Phase 0.045ms
[56.133s][info][gc,phases,start] GC(190) Adjust Roots
[56.133s][info][gc,phases      ] GC(190) Adjust Roots 0.222ms
[56.133s][info][gc,phases,start] GC(190) Compaction Phase
[56.287s][info][gc,phases      ] GC(190) Compaction Phase 153.632ms
[56.287s][info][gc,phases,start] GC(190) Post Compact
[56.289s][info][gc,phases      ] GC(190) Post Compact 1.970ms
[56.289s][info][gc,heap        ] GC(190) PSYoungGen: 48334K(127488K)->48334K(127488K) Eden: 22015K(22016K)->22015K(22016K) From: 26318K(105472K)->26318K(105472K)
[56.289s][info][gc,heap        ] GC(190) ParOldGen: 1023995K(1024000K)->1023995K(1024000K)
[56.289s][info][gc,metaspace   ] GC(190) Metaspace: 6302K(6464K)->6302K(6464K) NonClass: 5769K(5824K)->5769K(5824K) Class: 533K(640K)->533K(640K)
[56.289s][info][gc             ] GC(190) Pause Full (Ergonomics) 1047M->1047M(1124M) 563.369ms
[56.289s][info][gc,cpu         ] GC(190) User=1.09s Sys=0.00s Real=0.56s
[56.289s][info][gc,start       ] GC(191) Pause Full (Ergonomics)
[56.289s][info][gc,phases,start] GC(191) Marking Phase
[56.696s][info][gc,phases      ] GC(191) Marking Phase 407.235ms
[56.697s][info][gc,phases,start] GC(191) Summary Phase
[56.697s][info][gc,phases      ] GC(191) Summary Phase 0.034ms
[56.697s][info][gc,phases,start] GC(191) Adjust Roots
[56.697s][info][gc,phases      ] GC(191) Adjust Roots 0.217ms
[56.697s][info][gc,phases,start] GC(191) Compaction Phase
[56.839s][info][gc,phases      ] GC(191) Compaction Phase 141.850ms
[56.839s][info][gc,phases,start] GC(191) Post Compact
[56.841s][info][gc,phases      ] GC(191) Post Compact 1.887ms
[56.841s][info][gc,heap        ] GC(191) PSYoungGen: 48334K(127488K)->48334K(127488K) Eden: 22015K(22016K)->22015K(22016K) From: 26318K(105472K)->26318K(105472K)
[56.841s][info][gc,heap        ] GC(191) ParOldGen: 1023999K(1024000K)->1023999K(1024000K)
[56.841s][info][gc,metaspace   ] GC(191) Metaspace: 6302K(6464K)->6302K(6464K) NonClass: 5769K(5824K)->5769K(5824K) Class: 533K(640K)->533K(640K)
[56.841s][info][gc             ] GC(191) Pause Full (Ergonomics) 1047M->1047M(1124M) 551.779ms
[56.841s][info][gc,cpu         ] GC(191) User=1.06s Sys=0.00s Real=0.55s
[56.841s][info][gc,start       ] GC(192) Pause Full (Allocation Failure)
[56.841s][info][gc,phases,start] GC(192) Marking Phase
[57.247s][info][gc,phases      ] GC(192) Marking Phase 406.357ms
[57.248s][info][gc,phases,start] GC(192) Summary Phase
[57.248s][info][gc,phases      ] GC(192) Summary Phase 0.045ms
[57.248s][info][gc,phases,start] GC(192) Adjust Roots
[57.248s][info][gc,phases      ] GC(192) Adjust Roots 0.454ms
[57.248s][info][gc,phases,start] GC(192) Compaction Phase
[57.476s][info][gc,phases      ] GC(192) Compaction Phase 227.603ms
[57.476s][info][gc,phases,start] GC(192) Post Compact
[57.478s][info][gc,phases      ] GC(192) Post Compact 2.111ms
[57.478s][info][gc,heap        ] GC(192) PSYoungGen: 48334K(127488K)->48334K(127488K) Eden: 22015K(22016K)->22015K(22016K) From: 26318K(105472K)->26318K(105472K)
[57.478s][info][gc,heap        ] GC(192) ParOldGen: 1023999K(1024000K)->1023995K(1024000K)
[57.478s][info][gc,metaspace   ] GC(192) Metaspace: 6302K(6464K)->6300K(6464K) NonClass: 5769K(5824K)->5767K(5824K) Class: 533K(640K)->532K(640K)
[57.478s][info][gc             ] GC(192) Pause Full (Allocation Failure) 1047M->1047M(1124M) 636.962ms
[57.478s][info][gc,cpu         ] GC(192) User=1.20s Sys=0.00s Real=0.64s
[57.479s][info][gc,start       ] GC(193) Pause Full (Ergonomics)
[57.479s][info][gc,phases,start] GC(193) Marking Phase
[57.889s][info][gc,phases      ] GC(193) Marking Phase 410.798ms
[57.889s][info][gc,phases,start] GC(193) Summary Phase
[57.889s][info][gc,phases      ] GC(193) Summary Phase 0.066ms
[57.890s][info][gc,phases,start] GC(193) Adjust Roots
[57.890s][info][gc,phases      ] GC(193) Adjust Roots 0.255ms
[57.890s][info][gc,phases,start] GC(193) Compaction Phase
[58.030s][info][gc,phases      ] GC(193) Compaction Phase 139.822ms
[58.030s][info][gc,phases,start] GC(193) Post Compact
[58.032s][info][gc,phases      ] GC(193) Post Compact 2.120ms
[58.032s][info][gc,heap        ] GC(193) PSYoungGen: 48334K(127488K)->48334K(127488K) Eden: 22015K(22016K)->22015K(22016K) From: 26318K(105472K)->26318K(105472K)
[58.032s][info][gc,heap        ] GC(193) ParOldGen: 1023995K(1024000K)->1023995K(1024000K)
[58.032s][info][gc,metaspace   ] GC(193) Metaspace: 6300K(6464K)->6300K(6464K) NonClass: 5767K(5824K)->5767K(5824K) Class: 532K(640K)->532K(640K)
[58.032s][info][gc             ] GC(193) Pause Full (Ergonomics) 1047M->1047M(1124M) 553.533ms
[58.032s][info][gc,cpu         ] GC(193) User=1.06s Sys=0.00s Real=0.55s
[58.033s][info][gc,start       ] GC(194) Pause Full (Ergonomics)
[58.033s][info][gc,phases,start] GC(194) Marking Phase
[58.446s][info][gc,phases      ] GC(194) Marking Phase 412.890ms
[58.446s][info][gc,phases,start] GC(194) Summary Phase
[58.446s][info][gc,phases      ] GC(194) Summary Phase 0.026ms
[58.446s][info][gc,phases,start] GC(194) Adjust Roots
[58.446s][info][gc,phases      ] GC(194) Adjust Roots 0.192ms
[58.446s][info][gc,phases,start] GC(194) Compaction Phase
[58.588s][info][gc,phases      ] GC(194) Compaction Phase 142.398ms
[58.588s][info][gc,phases,start] GC(194) Post Compact
[58.590s][info][gc,phases      ] GC(194) Post Compact 1.896ms
[58.590s][info][gc,heap        ] GC(194) PSYoungGen: 48334K(127488K)->48334K(127488K) Eden: 22015K(22016K)->22015K(22016K) From: 26318K(105472K)->26318K(105472K)
[58.590s][info][gc,heap        ] GC(194) ParOldGen: 1023999K(1024000K)->1023999K(1024000K)
[58.590s][info][gc,metaspace   ] GC(194) Metaspace: 6300K(6464K)->6300K(6464K) NonClass: 5767K(5824K)->5767K(5824K) Class: 532K(640K)->532K(640K)
[58.590s][info][gc             ] GC(194) Pause Full (Ergonomics) 1047M->1047M(1124M) 557.851ms
[58.590s][info][gc,cpu         ] GC(194) User=1.06s Sys=0.00s Real=0.56s
[58.591s][info][gc,start       ] GC(195) Pause Full (Allocation Failure)
[58.591s][info][gc,phases,start] GC(195) Marking Phase
[59.008s][info][gc,phases      ] GC(195) Marking Phase 417.021ms
[59.008s][info][gc,phases,start] GC(195) Summary Phase
[59.008s][info][gc,phases      ] GC(195) Summary Phase 0.030ms
[59.008s][info][gc,phases,start] GC(195) Adjust Roots
[59.008s][info][gc,phases      ] GC(195) Adjust Roots 0.216ms
[59.008s][info][gc,phases,start] GC(195) Compaction Phase
[59.148s][info][gc,phases      ] GC(195) Compaction Phase 140.210ms
[59.148s][info][gc,phases,start] GC(195) Post Compact
[59.150s][info][gc,phases      ] GC(195) Post Compact 1.904ms
[59.150s][info][gc,heap        ] GC(195) PSYoungGen: 48334K(127488K)->48334K(127488K) Eden: 22015K(22016K)->22015K(22016K) From: 26318K(105472K)->26318K(105472K)
[59.150s][info][gc,heap        ] GC(195) ParOldGen: 1023999K(1024000K)->1023999K(1024000K)
[59.150s][info][gc,metaspace   ] GC(195) Metaspace: 6300K(6464K)->6300K(6464K) NonClass: 5767K(5824K)->5767K(5824K) Class: 532K(640K)->532K(640K)
[59.150s][info][gc             ] GC(195) Pause Full (Allocation Failure) 1047M->1047M(1124M) 559.760ms
[59.150s][info][gc,cpu         ] GC(195) User=1.06s Sys=0.00s Real=0.56s
[59.151s][info][gc,start       ] GC(196) Pause Full (Ergonomics)
[59.151s][info][gc,phases,start] GC(196) Marking Phase
[59.560s][info][gc,phases      ] GC(196) Marking Phase 408.751ms
[59.560s][info][gc,phases,start] GC(196) Summary Phase
[59.560s][info][gc,phases      ] GC(196) Summary Phase 0.067ms
[59.560s][info][gc,phases,start] GC(196) Adjust Roots
[59.560s][info][gc,phases      ] GC(196) Adjust Roots 0.332ms
[59.560s][info][gc,phases,start] GC(196) Compaction Phase
[59.781s][info][gc,phases      ] GC(196) Compaction Phase 220.759ms
[59.781s][info][gc,phases,start] GC(196) Post Compact
[59.783s][info][gc,phases      ] GC(196) Post Compact 2.248ms
[59.783s][info][gc,heap        ] GC(196) PSYoungGen: 48334K(127488K)->48334K(127488K) Eden: 22015K(22016K)->22015K(22016K) From: 26318K(105472K)->26318K(105472K)
[59.783s][info][gc,heap        ] GC(196) ParOldGen: 1023999K(1024000K)->1023998K(1024000K)
[59.783s][info][gc,metaspace   ] GC(196) Metaspace: 6300K(6464K)->6300K(6464K) NonClass: 5767K(5824K)->5767K(5824K) Class: 532K(640K)->532K(640K)
[59.783s][info][gc             ] GC(196) Pause Full (Ergonomics) 1047M->1047M(1124M) 632.607ms
[59.783s][info][gc,cpu         ] GC(196) User=1.17s Sys=0.03s Real=0.63s
[59.784s][info][gc,start       ] GC(197) Pause Full (Ergonomics)
[59.784s][info][gc,phases,start] GC(197) Marking Phase
[60.194s][info][gc,phases      ] GC(197) Marking Phase 410.375ms
[60.194s][info][gc,phases,start] GC(197) Summary Phase
[60.194s][info][gc,phases      ] GC(197) Summary Phase 0.045ms
[60.194s][info][gc,phases,start] GC(197) Adjust Roots
[60.195s][info][gc,phases      ] GC(197) Adjust Roots 0.271ms
[60.195s][info][gc,phases,start] GC(197) Compaction Phase
[60.338s][info][gc,phases      ] GC(197) Compaction Phase 142.912ms
[60.338s][info][gc,phases,start] GC(197) Post Compact
[60.340s][info][gc,phases      ] GC(197) Post Compact 2.026ms
[60.340s][info][gc,heap        ] GC(197) PSYoungGen: 48334K(127488K)->48334K(127488K) Eden: 22016K(22016K)->22016K(22016K) From: 26318K(105472K)->26318K(105472K)
[60.340s][info][gc,heap        ] GC(197) ParOldGen: 1023998K(1024000K)->1023998K(1024000K)
[60.340s][info][gc,metaspace   ] GC(197) Metaspace: 6300K(6464K)->6300K(6464K) NonClass: 5767K(5824K)->5767K(5824K) Class: 532K(640K)->532K(640K)
[60.340s][info][gc             ] GC(197) Pause Full (Ergonomics) 1047M->1047M(1124M) 556.076ms
[60.340s][info][gc,cpu         ] GC(197) User=1.03s Sys=0.00s Real=0.56s
[60.341s][info][gc,start       ] GC(198) Pause Full (Ergonomics)
[60.341s][info][gc,phases,start] GC(198) Marking Phase
[60.752s][info][gc,phases      ] GC(198) Marking Phase 410.539ms
[60.752s][info][gc,phases,start] GC(198) Summary Phase
[60.752s][info][gc,phases      ] GC(198) Summary Phase 0.032ms
[60.752s][info][gc,phases,start] GC(198) Adjust Roots
[60.752s][info][gc,phases      ] GC(198) Adjust Roots 0.300ms
[60.752s][info][gc,phases,start] GC(198) Compaction Phase
[60.972s][info][gc,phases      ] GC(198) Compaction Phase 219.939ms
[60.972s][info][gc,phases,start] GC(198) Post Compact
[60.974s][info][gc,phases      ] GC(198) Post Compact 2.088ms
[60.974s][info][gc,heap        ] GC(198) PSYoungGen: 48334K(127488K)->48334K(127488K) Eden: 22016K(22016K)->22016K(22016K) From: 26318K(105472K)->26318K(105472K)
[60.974s][info][gc,heap        ] GC(198) ParOldGen: 1023999K(1024000K)->1023997K(1024000K)
[60.974s][info][gc,metaspace   ] GC(198) Metaspace: 6301K(6464K)->6301K(6464K) NonClass: 5767K(5824K)->5767K(5824K) Class: 533K(640K)->533K(640K)
[60.975s][info][gc             ] GC(198) Pause Full (Ergonomics) 1047M->1047M(1124M) 633.312ms
[60.975s][info][gc,cpu         ] GC(198) User=1.17s Sys=0.02s Real=0.63s
[60.975s][info][gc,heap,exit   ] Heap
[60.975s][info][gc,heap,exit   ]  PSYoungGen      total 127488K, used 48334K [0x00000000e0c00000, 0x00000000ef280000, 0x0000000100000000)
[60.975s][info][gc,heap,exit   ]   eden space 22016K, 100% used [0x00000000e0c00000,0x00000000e2180000,0x00000000e2180000)
[60.975s][info][gc,heap,exit   ]   from space 105472K, 24% used [0x00000000e8880000,0x00000000ea2338c8,0x00000000eef80000)
[60.975s][info][gc,heap,exit   ]   to   space 105472K, 0% used [0x00000000e2180000,0x00000000e2180000,0x00000000e8880000)
[60.975s][info][gc,heap,exit   ]  ParOldGen       total 1024000K, used 1023997K [0x00000000a2400000, 0x00000000e0c00000, 0x00000000e0c00000)
[60.975s][info][gc,heap,exit   ]   object space 1024000K, 99% used [0x00000000a2400000,0x00000000e0bff7f8,0x00000000e0c00000)
[60.975s][info][gc,heap,exit   ]  Metaspace       used 6304K, committed 6528K, reserved 1114112K
[60.975s][info][gc,heap,exit   ]   class space    used 534K, committed 640K, reserved 1048576K
