[0.014s][info][gc,init] CardTable entry size: 512
[0.014s][info][gc     ] Using Parallel
[0.014s][info][gc,init] Version: 18.0.1+10 (release)
[0.014s][info][gc,init] CPUs: 8 total, 8 available
[0.014s][info][gc,init] Memory: 16063M
[0.014s][info][gc,init] Large Page Support: Disabled
[0.014s][info][gc,init] NUMA Support: Disabled
[0.014s][info][gc,init] Compressed Oops: Enabled (32-bit)
[0.014s][info][gc,init] Alignments: Space 512K, Generation 512K, Heap 2M
[0.015s][info][gc,init] Heap Min Capacity: 2M
[0.015s][info][gc,init] Heap Initial Capacity: 2M
[0.015s][info][gc,init] Heap Max Capacity: 1500M
[0.015s][info][gc,init] Pre-touch: Disabled
[0.015s][info][gc,init] Parallel Workers: 1
[0.015s][info][gc,metaspace] CDS archive(s) not mapped
[0.015s][info][gc,metaspace] Compressed class space mapped at: 0x0000000100000000-0x0000000140000000, reserved size: 1073741824
[0.015s][info][gc,metaspace] Narrow klass base: 0x0000000000000000, Narrow klass shift: 3, Narrow klass range: 0x140000000
[0.123s][info][gc,start    ] GC(0) Pause Young (Allocation Failure)
[0.125s][info][gc,heap     ] GC(0) PSYoungGen: 512K(1024K)->448K(1024K) Eden: 512K(512K)->0K(512K) From: 0K(512K)->448K(512K)
[0.125s][info][gc,heap     ] GC(0) ParOldGen: 0K(512K)->0K(512K)
[0.125s][info][gc,metaspace] GC(0) Metaspace: 4229K(4352K)->4229K(4352K) NonClass: 3908K(3968K)->3908K(3968K) Class: 321K(384K)->321K(384K)
[0.125s][info][gc          ] GC(0) Pause Young (Allocation Failure) 0M->0M(1M) 2.034ms
[0.125s][info][gc,cpu      ] GC(0) User=0.00s Sys=0.00s Real=0.00s
[0.188s][info][gc,start    ] GC(1) Pause Young (Allocation Failure)
[0.190s][info][gc,heap     ] GC(1) PSYoungGen: 959K(1024K)->496K(1536K) Eden: 511K(512K)->0K(1024K) From: 448K(512K)->496K(512K)
[0.190s][info][gc,heap     ] GC(1) ParOldGen: 0K(512K)->96K(512K)
[0.190s][info][gc,metaspace] GC(1) Metaspace: 5879K(6016K)->5879K(6016K) NonClass: 5382K(5504K)->5382K(5504K) Class: 496K(512K)->496K(512K)
[0.190s][info][gc          ] GC(1) Pause Young (Allocation Failure) 0M->0M(2M) 2.218ms
[0.190s][info][gc,cpu      ] GC(1) User=0.00s Sys=0.00s Real=0.00s
[0.214s][info][gc,start    ] GC(2) Pause Young (Allocation Failure)
[0.217s][info][gc,heap     ] GC(2) PSYoungGen: 1520K(1536K)->512K(1536K) Eden: 1024K(1024K)->0K(1024K) From: 496K(512K)->512K(512K)
[0.217s][info][gc,heap     ] GC(2) ParOldGen: 96K(512K)->488K(512K)
[0.217s][info][gc,metaspace] GC(2) Metaspace: 6296K(6464K)->6296K(6464K) NonClass: 5763K(5824K)->5763K(5824K) Class: 533K(640K)->533K(640K)
[0.217s][info][gc          ] GC(2) Pause Young (Allocation Failure) 1M->0M(2M) 2.430ms
[0.217s][info][gc,cpu      ] GC(2) User=0.00s Sys=0.00s Real=0.00s
[0.217s][info][gc,start    ] GC(3) Pause Full (Ergonomics)
[0.217s][info][gc,phases,start] GC(3) Marking Phase
[0.218s][info][gc,phases      ] GC(3) Marking Phase 1.691ms
[0.219s][info][gc,phases,start] GC(3) Summary Phase
[0.219s][info][gc,phases      ] GC(3) Summary Phase 0.016ms
[0.219s][info][gc,phases,start] GC(3) Adjust Roots
[0.219s][info][gc,phases      ] GC(3) Adjust Roots 0.524ms
[0.219s][info][gc,phases,start] GC(3) Compaction Phase
[0.221s][info][gc,phases      ] GC(3) Compaction Phase 2.238ms
[0.221s][info][gc,phases,start] GC(3) Post Compact
[0.222s][info][gc,phases      ] GC(3) Post Compact 0.090ms
[0.222s][info][gc,heap        ] GC(3) PSYoungGen: 512K(1536K)->511K(1536K) Eden: 0K(1024K)->0K(1024K) From: 512K(512K)->511K(512K)
[0.222s][info][gc,heap        ] GC(3) ParOldGen: 488K(512K)->469K(2048K)
[0.222s][info][gc,metaspace   ] GC(3) Metaspace: 6296K(6464K)->6296K(6464K) NonClass: 5763K(5824K)->5763K(5824K) Class: 533K(640K)->533K(640K)
[0.222s][info][gc             ] GC(3) Pause Full (Ergonomics) 0M->0M(3M) 4.867ms
[0.222s][info][gc,cpu         ] GC(3) User=0.00s Sys=0.00s Real=0.00s
[0.224s][info][gc,start       ] GC(4) Pause Young (Allocation Failure)
[0.227s][info][gc,heap        ] GC(4) PSYoungGen: 1535K(1536K)->480K(2560K) Eden: 1024K(1024K)->0K(2048K) From: 511K(512K)->480K(512K)
[0.227s][info][gc,heap        ] GC(4) ParOldGen: 469K(2048K)->1029K(2048K)
[0.227s][info][gc,metaspace   ] GC(4) Metaspace: 6296K(6464K)->6296K(6464K) NonClass: 5763K(5824K)->5763K(5824K) Class: 533K(640K)->533K(640K)
[0.227s][info][gc             ] GC(4) Pause Young (Allocation Failure) 1M->1M(4M) 2.682ms
[0.227s][info][gc,cpu         ] GC(4) User=0.00s Sys=0.00s Real=0.00s
[0.230s][info][gc,start       ] GC(5) Pause Young (Allocation Failure)
[0.233s][info][gc,heap        ] GC(5) PSYoungGen: 2528K(2560K)->480K(2560K) Eden: 2048K(2048K)->0K(2048K) From: 480K(512K)->480K(512K)
[0.233s][info][gc,heap        ] GC(5) ParOldGen: 1029K(2048K)->2093K(2560K)
[0.233s][info][gc,metaspace   ] GC(5) Metaspace: 6296K(6464K)->6296K(6464K) NonClass: 5763K(5824K)->5763K(5824K) Class: 533K(640K)->533K(640K)
[0.233s][info][gc             ] GC(5) Pause Young (Allocation Failure) 3M->2M(5M) 2.897ms
[0.233s][info][gc,cpu         ] GC(5) User=0.00s Sys=0.00s Real=0.00s
[0.233s][info][gc,start       ] GC(6) Pause Full (Ergonomics)
[0.233s][info][gc,phases,start] GC(6) Marking Phase
[0.236s][info][gc,phases      ] GC(6) Marking Phase 2.628ms
[0.236s][info][gc,phases,start] GC(6) Summary Phase
[0.236s][info][gc,phases      ] GC(6) Summary Phase 0.021ms
[0.236s][info][gc,phases,start] GC(6) Adjust Roots
[0.237s][info][gc,phases      ] GC(6) Adjust Roots 0.474ms
[0.237s][info][gc,phases,start] GC(6) Compaction Phase
[0.239s][info][gc,phases      ] GC(6) Compaction Phase 2.777ms
[0.239s][info][gc,phases,start] GC(6) Post Compact
[0.240s][info][gc,phases      ] GC(6) Post Compact 0.037ms
[0.240s][info][gc,heap        ] GC(6) PSYoungGen: 480K(2560K)->0K(4096K) Eden: 0K(2048K)->0K(3072K) From: 480K(512K)->0K(1024K)
[0.240s][info][gc,heap        ] GC(6) ParOldGen: 2093K(2560K)->2542K(6144K)
[0.240s][info][gc,metaspace   ] GC(6) Metaspace: 6296K(6464K)->6296K(6464K) NonClass: 5763K(5824K)->5763K(5824K) Class: 533K(640K)->533K(640K)
[0.240s][info][gc             ] GC(6) Pause Full (Ergonomics) 2M->2M(10M) 6.312ms
[0.240s][info][gc,cpu         ] GC(6) User=0.00s Sys=0.00s Real=0.01s
[0.245s][info][gc,start       ] GC(7) Pause Young (Allocation Failure)
[0.248s][info][gc,heap        ] GC(7) PSYoungGen: 3072K(4096K)->1664K(5120K) Eden: 3072K(3072K)->0K(3072K) From: 0K(1024K)->1664K(2048K)
[0.248s][info][gc,heap        ] GC(7) ParOldGen: 2542K(6144K)->2542K(6144K)
[0.248s][info][gc,metaspace   ] GC(7) Metaspace: 6296K(6464K)->6296K(6464K) NonClass: 5763K(5824K)->5763K(5824K) Class: 533K(640K)->533K(640K)
[0.248s][info][gc             ] GC(7) Pause Young (Allocation Failure) 5M->4M(11M) 3.192ms
[0.248s][info][gc,cpu         ] GC(7) User=0.00s Sys=0.00s Real=0.00s
[0.253s][info][gc,start       ] GC(8) Pause Young (Allocation Failure)
[0.259s][info][gc,heap        ] GC(8) PSYoungGen: 4736K(5120K)->2016K(5632K) Eden: 3072K(3072K)->0K(3584K) From: 1664K(2048K)->2016K(2048K)
[0.259s][info][gc,heap        ] GC(8) ParOldGen: 2542K(6144K)->3766K(6144K)
[0.259s][info][gc,metaspace   ] GC(8) Metaspace: 6296K(6464K)->6296K(6464K) NonClass: 5763K(5824K)->5763K(5824K) Class: 533K(640K)->533K(640K)
[0.259s][info][gc             ] GC(8) Pause Young (Allocation Failure) 7M->5M(11M) 5.904ms
[0.259s][info][gc,cpu         ] GC(8) User=0.00s Sys=0.00s Real=0.01s
[0.266s][info][gc,start       ] GC(9) Pause Young (Allocation Failure)
[0.272s][info][gc,heap        ] GC(9) PSYoungGen: 5600K(5632K)->3040K(6656K) Eden: 3584K(3584K)->0K(3584K) From: 2016K(2048K)->3040K(3072K)
[0.272s][info][gc,heap        ] GC(9) ParOldGen: 3766K(6144K)->4598K(6144K)
[0.272s][info][gc,metaspace   ] GC(9) Metaspace: 6296K(6464K)->6296K(6464K) NonClass: 5763K(5824K)->5763K(5824K) Class: 533K(640K)->533K(640K)
[0.272s][info][gc             ] GC(9) Pause Young (Allocation Failure) 9M->7M(12M) 6.280ms
[0.272s][info][gc,cpu         ] GC(9) User=0.00s Sys=0.00s Real=0.01s
[0.277s][info][gc,start       ] GC(10) Pause Young (Allocation Failure)
[0.284s][info][gc,heap        ] GC(10) PSYoungGen: 6624K(6656K)->4064K(9216K) Eden: 3584K(3584K)->0K(5120K) From: 3040K(3072K)->4064K(4096K)
[0.284s][info][gc,heap        ] GC(10) ParOldGen: 4598K(6144K)->5430K(6144K)
[0.284s][info][gc,metaspace   ] GC(10) Metaspace: 6296K(6464K)->6296K(6464K) NonClass: 5763K(5824K)->5763K(5824K) Class: 533K(640K)->533K(640K)
[0.284s][info][gc             ] GC(10) Pause Young (Allocation Failure) 10M->9M(15M) 7.033ms
[0.284s][info][gc,cpu         ] GC(10) User=0.00s Sys=0.00s Real=0.01s
[0.284s][info][gc,start       ] GC(11) Pause Full (Ergonomics)
[0.284s][info][gc,phases,start] GC(11) Marking Phase
[0.293s][info][gc,phases      ] GC(11) Marking Phase 8.688ms
[0.293s][info][gc,phases,start] GC(11) Summary Phase
[0.293s][info][gc,phases      ] GC(11) Summary Phase 0.014ms
[0.293s][info][gc,phases,start] GC(11) Adjust Roots
[0.293s][info][gc,phases      ] GC(11) Adjust Roots 0.498ms
[0.293s][info][gc,phases,start] GC(11) Compaction Phase
[0.301s][info][gc,phases      ] GC(11) Compaction Phase 7.846ms
[0.301s][info][gc,phases,start] GC(11) Post Compact
[0.301s][info][gc,phases      ] GC(11) Post Compact 0.051ms
[0.301s][info][gc,heap        ] GC(11) PSYoungGen: 4064K(9216K)->3545K(9216K) Eden: 0K(5120K)->0K(5120K) From: 4064K(4096K)->3545K(4096K)
[0.302s][info][gc,heap        ] GC(11) ParOldGen: 5430K(6144K)->5820K(10752K)
[0.302s][info][gc,metaspace   ] GC(11) Metaspace: 6296K(6464K)->6296K(6464K) NonClass: 5763K(5824K)->5763K(5824K) Class: 533K(640K)->533K(640K)
[0.302s][info][gc             ] GC(11) Pause Full (Ergonomics) 9M->9M(19M) 17.409ms
[0.302s][info][gc,cpu         ] GC(11) User=0.00s Sys=0.00s Real=0.02s
[0.309s][info][gc,start       ] GC(12) Pause Young (Allocation Failure)
[0.317s][info][gc,heap        ] GC(12) PSYoungGen: 8665K(9216K)->4928K(10240K) Eden: 5120K(5120K)->0K(5120K) From: 3545K(4096K)->4928K(5120K)
[0.318s][info][gc,heap        ] GC(12) ParOldGen: 5820K(10752K)->7108K(10752K)
[0.318s][info][gc,metaspace   ] GC(12) Metaspace: 6296K(6464K)->6296K(6464K) NonClass: 5763K(5824K)->5763K(5824K) Class: 533K(640K)->533K(640K)
[0.318s][info][gc             ] GC(12) Pause Young (Allocation Failure) 14M->11M(20M) 8.157ms
[0.318s][info][gc,cpu         ] GC(12) User=0.00s Sys=0.00s Real=0.01s
[0.323s][info][gc,start       ] GC(13) Pause Young (Allocation Failure)
[0.332s][info][gc,heap        ] GC(13) PSYoungGen: 10048K(10240K)->5536K(12800K) Eden: 5120K(5120K)->0K(6656K) From: 4928K(5120K)->5536K(6144K)
[0.332s][info][gc,heap        ] GC(13) ParOldGen: 7108K(10752K)->9172K(10752K)
[0.332s][info][gc,metaspace   ] GC(13) Metaspace: 6298K(6464K)->6298K(6464K) NonClass: 5765K(5824K)->5765K(5824K) Class: 533K(640K)->533K(640K)
[0.332s][info][gc             ] GC(13) Pause Young (Allocation Failure) 16M->14M(23M) 9.431ms
[0.332s][info][gc,cpu         ] GC(13) User=0.00s Sys=0.00s Real=0.01s
[0.332s][info][gc,start       ] GC(14) Pause Full (Ergonomics)
[0.332s][info][gc,phases,start] GC(14) Marking Phase
[0.345s][info][gc,phases      ] GC(14) Marking Phase 12.675ms
[0.345s][info][gc,phases,start] GC(14) Summary Phase
[0.345s][info][gc,phases      ] GC(14) Summary Phase 0.015ms
[0.345s][info][gc,phases,start] GC(14) Adjust Roots
[0.345s][info][gc,phases      ] GC(14) Adjust Roots 0.270ms
[0.345s][info][gc,phases,start] GC(14) Compaction Phase
[0.355s][info][gc,phases      ] GC(14) Compaction Phase 10.098ms
[0.355s][info][gc,phases,start] GC(14) Post Compact
[0.355s][info][gc,phases      ] GC(14) Post Compact 0.056ms
[0.355s][info][gc,heap        ] GC(14) PSYoungGen: 5536K(12800K)->3964K(12800K) Eden: 0K(6656K)->0K(6656K) From: 5536K(6144K)->3964K(6144K)
[0.356s][info][gc,heap        ] GC(14) ParOldGen: 9172K(10752K)->10643K(16896K)
[0.356s][info][gc,metaspace   ] GC(14) Metaspace: 6298K(6464K)->6298K(6464K) NonClass: 5765K(5824K)->5765K(5824K) Class: 533K(640K)->533K(640K)
[0.356s][info][gc             ] GC(14) Pause Full (Ergonomics) 14M->14M(29M) 23.426ms
[0.356s][info][gc,cpu         ] GC(14) User=0.00s Sys=0.00s Real=0.02s
[0.361s][info][gc,start       ] GC(15) Pause Young (Allocation Failure)
[0.371s][info][gc,heap        ] GC(15) PSYoungGen: 10620K(12800K)->3424K(13312K) Eden: 6656K(6656K)->0K(6656K) From: 3964K(6144K)->3424K(6656K)
[0.371s][info][gc,heap        ] GC(15) ParOldGen: 10643K(16896K)->14675K(16896K)
[0.371s][info][gc,metaspace   ] GC(15) Metaspace: 6298K(6464K)->6298K(6464K) NonClass: 5765K(5824K)->5765K(5824K) Class: 533K(640K)->533K(640K)
[0.371s][info][gc             ] GC(15) Pause Young (Allocation Failure) 20M->17M(29M) 10.527ms
[0.371s][info][gc,cpu         ] GC(15) User=0.02s Sys=0.00s Real=0.01s
[0.371s][info][gc,start       ] GC(16) Pause Full (Ergonomics)
[0.371s][info][gc,phases,start] GC(16) Marking Phase
[0.386s][info][gc,phases      ] GC(16) Marking Phase 14.689ms
[0.386s][info][gc,phases,start] GC(16) Summary Phase
[0.386s][info][gc,phases      ] GC(16) Summary Phase 0.018ms
[0.386s][info][gc,phases,start] GC(16) Adjust Roots
[0.386s][info][gc,phases      ] GC(16) Adjust Roots 0.376ms
[0.386s][info][gc,phases,start] GC(16) Compaction Phase
[0.397s][info][gc,phases      ] GC(16) Compaction Phase 10.265ms
[0.397s][info][gc,phases,start] GC(16) Post Compact
[0.397s][info][gc,phases      ] GC(16) Post Compact 0.122ms
[0.397s][info][gc,heap        ] GC(16) PSYoungGen: 3424K(13312K)->1368K(13312K) Eden: 0K(6656K)->0K(6656K) From: 3424K(6656K)->1368K(6656K)
[0.397s][info][gc,heap        ] GC(16) ParOldGen: 14675K(16896K)->16652K(25088K)
[0.397s][info][gc,metaspace   ] GC(16) Metaspace: 6298K(6464K)->6298K(6464K) NonClass: 5765K(5824K)->5765K(5824K) Class: 533K(640K)->533K(640K)
[0.397s][info][gc             ] GC(16) Pause Full (Ergonomics) 17M->17M(37M) 25.833ms
[0.397s][info][gc,cpu         ] GC(16) User=0.02s Sys=0.00s Real=0.03s
[0.401s][info][gc,start       ] GC(17) Pause Young (Allocation Failure)
[0.411s][info][gc,heap        ] GC(17) PSYoungGen: 8024K(13312K)->3456K(14848K) Eden: 6656K(6656K)->0K(8704K) From: 1368K(6656K)->3456K(6144K)
[0.411s][info][gc,heap        ] GC(17) ParOldGen: 16652K(25088K)->18044K(25088K)
[0.411s][info][gc,metaspace   ] GC(17) Metaspace: 6298K(6464K)->6298K(6464K) NonClass: 5765K(5824K)->5765K(5824K) Class: 533K(640K)->533K(640K)
[0.411s][info][gc             ] GC(17) Pause Young (Allocation Failure) 24M->20M(39M) 9.742ms
[0.411s][info][gc,cpu         ] GC(17) User=0.00s Sys=0.00s Real=0.01s
[0.419s][info][gc,start       ] GC(18) Pause Young (Allocation Failure)
[0.431s][info][gc,heap        ] GC(18) PSYoungGen: 12160K(14848K)->5024K(15360K) Eden: 8704K(8704K)->0K(8704K) From: 3456K(6144K)->5024K(6656K)
[0.431s][info][gc,heap        ] GC(18) ParOldGen: 18044K(25088K)->21532K(25088K)
[0.432s][info][gc,metaspace   ] GC(18) Metaspace: 6298K(6464K)->6298K(6464K) NonClass: 5765K(5824K)->5765K(5824K) Class: 533K(640K)->533K(640K)
[0.432s][info][gc             ] GC(18) Pause Young (Allocation Failure) 29M->25M(39M) 12.271ms
[0.432s][info][gc,cpu         ] GC(18) User=0.00s Sys=0.00s Real=0.01s
[0.432s][info][gc,start       ] GC(19) Pause Full (Ergonomics)
[0.432s][info][gc,phases,start] GC(19) Marking Phase
[0.454s][info][gc,phases      ] GC(19) Marking Phase 22.379ms
[0.454s][info][gc,phases,start] GC(19) Summary Phase
[0.454s][info][gc,phases      ] GC(19) Summary Phase 0.018ms
[0.454s][info][gc,phases,start] GC(19) Adjust Roots
[0.454s][info][gc,phases      ] GC(19) Adjust Roots 0.232ms
[0.454s][info][gc,phases,start] GC(19) Compaction Phase
[0.468s][info][gc,phases      ] GC(19) Compaction Phase 13.708ms
[0.468s][info][gc,phases,start] GC(19) Post Compact
[0.468s][info][gc,phases      ] GC(19) Post Compact 0.101ms
[0.468s][info][gc,heap        ] GC(19) PSYoungGen: 5024K(15360K)->901K(15360K) Eden: 0K(8704K)->0K(8704K) From: 5024K(6656K)->901K(6656K)
[0.468s][info][gc,heap        ] GC(19) ParOldGen: 21532K(25088K)->25032K(35328K)
[0.468s][info][gc,metaspace   ] GC(19) Metaspace: 6298K(6464K)->6298K(6464K) NonClass: 5765K(5824K)->5765K(5824K) Class: 533K(640K)->533K(640K)
[0.468s][info][gc             ] GC(19) Pause Full (Ergonomics) 25M->25M(49M) 36.763ms
[0.468s][info][gc,cpu         ] GC(19) User=0.02s Sys=0.00s Real=0.04s
[0.475s][info][gc,start       ] GC(20) Pause Young (Allocation Failure)
[0.487s][info][gc,heap        ] GC(20) PSYoungGen: 9605K(15360K)->4512K(18944K) Eden: 8704K(8704K)->0K(11776K) From: 901K(6656K)->4512K(7168K)
[0.487s][info][gc,heap        ] GC(20) ParOldGen: 25032K(35328K)->25952K(35328K)
[0.487s][info][gc,metaspace   ] GC(20) Metaspace: 6298K(6464K)->6298K(6464K) NonClass: 5765K(5824K)->5765K(5824K) Class: 533K(640K)->533K(640K)
[0.487s][info][gc             ] GC(20) Pause Young (Allocation Failure) 33M->29M(53M) 12.497ms
[0.487s][info][gc,cpu         ] GC(20) User=0.00s Sys=0.00s Real=0.01s
[0.497s][info][gc,start       ] GC(21) Pause Young (Allocation Failure)
[0.520s][info][gc,heap        ] GC(21) PSYoungGen: 16288K(18944K)->7168K(18944K) Eden: 11776K(11776K)->0K(11776K) From: 4512K(7168K)->7168K(7168K)
[0.520s][info][gc,heap        ] GC(21) ParOldGen: 25952K(35328K)->34368K(35328K)
[0.520s][info][gc,metaspace   ] GC(21) Metaspace: 6298K(6464K)->6298K(6464K) NonClass: 5765K(5824K)->5765K(5824K) Class: 533K(640K)->533K(640K)
[0.520s][info][gc             ] GC(21) Pause Young (Allocation Failure) 41M->40M(53M) 22.556ms
[0.520s][info][gc,cpu         ] GC(21) User=0.02s Sys=0.00s Real=0.02s
[0.520s][info][gc,start       ] GC(22) Pause Full (Ergonomics)
[0.520s][info][gc,phases,start] GC(22) Marking Phase
[0.551s][info][gc,phases      ] GC(22) Marking Phase 30.665ms
[0.551s][info][gc,phases,start] GC(22) Summary Phase
[0.551s][info][gc,phases      ] GC(22) Summary Phase 0.042ms
[0.551s][info][gc,phases,start] GC(22) Adjust Roots
[0.551s][info][gc,phases      ] GC(22) Adjust Roots 0.183ms
[0.551s][info][gc,phases,start] GC(22) Compaction Phase
[0.570s][info][gc,phases      ] GC(22) Compaction Phase 18.925ms
[0.570s][info][gc,phases,start] GC(22) Post Compact
[0.570s][info][gc,phases      ] GC(22) Post Compact 0.220ms
[0.570s][info][gc,heap        ] GC(22) PSYoungGen: 7168K(18944K)->6132K(18944K) Eden: 0K(11776K)->0K(11776K) From: 7168K(7168K)->6132K(7168K)
[0.570s][info][gc,heap        ] GC(22) ParOldGen: 34368K(35328K)->35233K(48640K)
[0.570s][info][gc,metaspace   ] GC(22) Metaspace: 6298K(6464K)->6298K(6464K) NonClass: 5765K(5824K)->5765K(5824K) Class: 533K(640K)->533K(640K)
[0.570s][info][gc             ] GC(22) Pause Full (Ergonomics) 40M->40M(66M) 50.391ms
[0.570s][info][gc,cpu         ] GC(22) User=0.03s Sys=0.00s Real=0.05s
[0.586s][info][gc,start       ] GC(23) Pause Young (Allocation Failure)
[0.613s][info][gc,heap        ] GC(23) PSYoungGen: 17908K(18944K)->11232K(21504K) Eden: 11776K(11776K)->0K(10240K) From: 6132K(7168K)->11232K(11264K)
[0.613s][info][gc,heap        ] GC(23) ParOldGen: 35233K(48640K)->42009K(48640K)
[0.613s][info][gc,metaspace   ] GC(23) Metaspace: 6298K(6464K)->6298K(6464K) NonClass: 5765K(5824K)->5765K(5824K) Class: 533K(640K)->533K(640K)
[0.613s][info][gc             ] GC(23) Pause Young (Allocation Failure) 51M->51M(68M) 26.690ms
[0.613s][info][gc,cpu         ] GC(23) User=0.02s Sys=0.00s Real=0.03s
[0.613s][info][gc,start       ] GC(24) Pause Full (Ergonomics)
[0.613s][info][gc,phases,start] GC(24) Marking Phase
[0.651s][info][gc,phases      ] GC(24) Marking Phase 37.703ms
[0.651s][info][gc,phases,start] GC(24) Summary Phase
[0.651s][info][gc,phases      ] GC(24) Summary Phase 0.021ms
[0.651s][info][gc,phases,start] GC(24) Adjust Roots
[0.651s][info][gc,phases      ] GC(24) Adjust Roots 0.185ms
[0.651s][info][gc,phases,start] GC(24) Compaction Phase
[0.678s][info][gc,phases      ] GC(24) Compaction Phase 26.543ms
[0.678s][info][gc,phases,start] GC(24) Post Compact
[0.678s][info][gc,phases      ] GC(24) Post Compact 0.205ms
[0.678s][info][gc,heap        ] GC(24) PSYoungGen: 11232K(21504K)->3545K(21504K) Eden: 0K(10240K)->0K(10240K) From: 11232K(11264K)->3545K(11264K)
[0.678s][info][gc,heap        ] GC(24) ParOldGen: 42009K(48640K)->48543K(65024K)
[0.678s][info][gc,metaspace   ] GC(24) Metaspace: 6298K(6464K)->6298K(6464K) NonClass: 5765K(5824K)->5765K(5824K) Class: 533K(640K)->533K(640K)
[0.678s][info][gc             ] GC(24) Pause Full (Ergonomics) 51M->50M(84M) 65.120ms
[0.678s][info][gc,cpu         ] GC(24) User=0.06s Sys=0.00s Real=0.06s
[0.689s][info][gc,start       ] GC(25) Pause Young (Allocation Failure)
[0.711s][info][gc,heap        ] GC(25) PSYoungGen: 13785K(21504K)->10240K(26112K) Eden: 10240K(10240K)->0K(10240K) From: 3545K(11264K)->10240K(15872K)
[0.711s][info][gc,heap        ] GC(25) ParOldGen: 48543K(65024K)->52151K(65024K)
[0.711s][info][gc,metaspace   ] GC(25) Metaspace: 6298K(6464K)->6298K(6464K) NonClass: 5765K(5824K)->5765K(5824K) Class: 533K(640K)->533K(640K)
[0.711s][info][gc             ] GC(25) Pause Young (Allocation Failure) 60M->60M(89M) 22.369ms
[0.711s][info][gc,cpu         ] GC(25) User=0.02s Sys=0.00s Real=0.02s
[0.722s][info][gc,start       ] GC(26) Pause Young (Allocation Failure)
[0.748s][info][gc,heap        ] GC(26) PSYoungGen: 20480K(26112K)->16384K(24064K) Eden: 10240K(10240K)->0K(7680K) From: 10240K(15872K)->16384K(16384K)
[0.748s][info][gc,heap        ] GC(26) ParOldGen: 52151K(65024K)->56279K(65024K)
[0.748s][info][gc,metaspace   ] GC(26) Metaspace: 6298K(6464K)->6298K(6464K) NonClass: 5765K(5824K)->5765K(5824K) Class: 533K(640K)->533K(640K)
[0.748s][info][gc             ] GC(26) Pause Young (Allocation Failure) 70M->70M(87M) 26.855ms
[0.749s][info][gc,cpu         ] GC(26) User=0.02s Sys=0.00s Real=0.03s
[0.758s][info][gc,start       ] GC(27) Pause Young (Allocation Failure)
[0.788s][info][gc,heap        ] GC(27) PSYoungGen: 24064K(24064K)->7680K(28672K) Eden: 7680K(7680K)->0K(7680K) From: 16384K(16384K)->7680K(20992K)
[0.788s][info][gc,heap        ] GC(27) ParOldGen: 56279K(65024K)->72895K(73216K)
[0.788s][info][gc,metaspace   ] GC(27) Metaspace: 6298K(6464K)->6298K(6464K) NonClass: 5765K(5824K)->5765K(5824K) Class: 533K(640K)->533K(640K)
[0.788s][info][gc             ] GC(27) Pause Young (Allocation Failure) 78M->78M(99M) 30.852ms
[0.788s][info][gc,cpu         ] GC(27) User=0.02s Sys=0.00s Real=0.03s
[0.788s][info][gc,start       ] GC(28) Pause Full (Ergonomics)
[0.788s][info][gc,phases,start] GC(28) Marking Phase
[0.850s][info][gc,phases      ] GC(28) Marking Phase 61.539ms
[0.850s][info][gc,phases,start] GC(28) Summary Phase
[0.850s][info][gc,phases      ] GC(28) Summary Phase 0.021ms
[0.850s][info][gc,phases,start] GC(28) Adjust Roots
[0.850s][info][gc,phases      ] GC(28) Adjust Roots 0.256ms
[0.850s][info][gc,phases,start] GC(28) Compaction Phase
[0.888s][info][gc,phases      ] GC(28) Compaction Phase 38.080ms
[0.889s][info][gc,phases,start] GC(28) Post Compact
[0.889s][info][gc,phases      ] GC(28) Post Compact 0.442ms
[0.889s][info][gc,heap        ] GC(28) PSYoungGen: 7680K(28672K)->7139K(28672K) Eden: 0K(7680K)->0K(7680K) From: 7680K(20992K)->7139K(20992K)
[0.889s][info][gc,heap        ] GC(28) ParOldGen: 72895K(73216K)->73015K(95744K)
[0.889s][info][gc,metaspace   ] GC(28) Metaspace: 6298K(6464K)->6298K(6464K) NonClass: 5765K(5824K)->5765K(5824K) Class: 533K(640K)->533K(640K)
[0.889s][info][gc             ] GC(28) Pause Full (Ergonomics) 78M->78M(121M) 100.764ms
[0.889s][info][gc,cpu         ] GC(28) User=0.08s Sys=0.00s Real=0.10s
[0.900s][info][gc,start       ] GC(29) Pause Young (Allocation Failure)
[0.935s][info][gc,heap        ] GC(29) PSYoungGen: 14819K(28672K)->7680K(26112K) Eden: 7680K(7680K)->0K(9216K) From: 7139K(20992K)->7680K(16896K)
[0.935s][info][gc,heap        ] GC(29) ParOldGen: 73015K(95744K)->80271K(95744K)
[0.935s][info][gc,metaspace   ] GC(29) Metaspace: 6298K(6464K)->6298K(6464K) NonClass: 5765K(5824K)->5765K(5824K) Class: 533K(640K)->533K(640K)
[0.935s][info][gc             ] GC(29) Pause Young (Allocation Failure) 85M->85M(119M) 35.025ms
[0.935s][info][gc,cpu         ] GC(29) User=0.02s Sys=0.00s Real=0.03s
[0.952s][info][gc,start       ] GC(30) Pause Young (Allocation Failure)
[0.980s][info][gc,heap        ] GC(30) PSYoungGen: 16896K(26112K)->9216K(27648K) Eden: 9216K(9216K)->0K(9216K) From: 7680K(16896K)->9216K(18432K)
[0.980s][info][gc,heap        ] GC(30) ParOldGen: 80271K(95744K)->88047K(95744K)
[0.980s][info][gc,metaspace   ] GC(30) Metaspace: 6298K(6464K)->6298K(6464K) NonClass: 5765K(5824K)->5765K(5824K) Class: 533K(640K)->533K(640K)
[0.980s][info][gc             ] GC(30) Pause Young (Allocation Failure) 94M->94M(120M) 28.052ms
[0.980s][info][gc,cpu         ] GC(30) User=0.02s Sys=0.00s Real=0.03s
[0.980s][info][gc,start       ] GC(31) Pause Full (Ergonomics)
[0.980s][info][gc,phases,start] GC(31) Marking Phase
[1.063s][info][gc,phases      ] GC(31) Marking Phase 82.406ms
[1.063s][info][gc,phases,start] GC(31) Summary Phase
[1.063s][info][gc,phases      ] GC(31) Summary Phase 0.020ms
[1.063s][info][gc,phases,start] GC(31) Adjust Roots
[1.063s][info][gc,phases      ] GC(31) Adjust Roots 0.187ms
[1.063s][info][gc,phases,start] GC(31) Compaction Phase
[1.110s][info][gc,phases      ] GC(31) Compaction Phase 46.329ms
[1.110s][info][gc,phases,start] GC(31) Post Compact
[1.110s][info][gc,phases      ] GC(31) Post Compact 0.398ms
[1.110s][info][gc,heap        ] GC(31) PSYoungGen: 9216K(27648K)->0K(28672K) Eden: 0K(9216K)->0K(11264K) From: 9216K(18432K)->0K(17408K)
[1.110s][info][gc,heap        ] GC(31) ParOldGen: 88047K(95744K)->94957K(119808K)
[1.110s][info][gc,metaspace   ] GC(31) Metaspace: 6298K(6464K)->6298K(6464K) NonClass: 5765K(5824K)->5765K(5824K) Class: 533K(640K)->533K(640K)
[1.110s][info][gc             ] GC(31) Pause Full (Ergonomics) 94M->92M(145M) 129.736ms
[1.110s][info][gc,cpu         ] GC(31) User=0.08s Sys=0.00s Real=0.13s
[1.120s][info][gc,start       ] GC(32) Pause Young (Allocation Failure)
[1.133s][info][gc,heap        ] GC(32) PSYoungGen: 11264K(28672K)->11264K(29184K) Eden: 11264K(11264K)->0K(11264K) From: 0K(17408K)->11264K(17920K)
[1.134s][info][gc,heap        ] GC(32) ParOldGen: 94957K(119808K)->94957K(119808K)
[1.134s][info][gc,metaspace   ] GC(32) Metaspace: 6298K(6464K)->6298K(6464K) NonClass: 5765K(5824K)->5765K(5824K) Class: 533K(640K)->533K(640K)
[1.134s][info][gc             ] GC(32) Pause Young (Allocation Failure) 103M->103M(145M) 13.189ms
[1.134s][info][gc,cpu         ] GC(32) User=0.00s Sys=0.00s Real=0.01s
[1.146s][info][gc,start       ] GC(33) Pause Young (Allocation Failure)
[1.170s][info][gc,heap        ] GC(33) PSYoungGen: 22528K(29184K)->18432K(27648K) Eden: 11264K(11264K)->0K(9216K) From: 11264K(17920K)->18432K(18432K)
[1.170s][info][gc,heap        ] GC(33) ParOldGen: 94957K(119808K)->99101K(119808K)
[1.170s][info][gc,metaspace   ] GC(33) Metaspace: 6298K(6464K)->6298K(6464K) NonClass: 5765K(5824K)->5765K(5824K) Class: 533K(640K)->533K(640K)
[1.170s][info][gc             ] GC(33) Pause Young (Allocation Failure) 114M->114M(144M) 24.442ms
[1.170s][info][gc,cpu         ] GC(33) User=0.03s Sys=0.00s Real=0.02s
[1.179s][info][gc,start       ] GC(34) Pause Young (Allocation Failure)
[1.211s][info][gc,heap        ] GC(34) PSYoungGen: 27648K(27648K)->9216K(31744K) Eden: 9216K(9216K)->0K(9216K) From: 18432K(18432K)->9216K(22528K)
[1.211s][info][gc,heap        ] GC(34) ParOldGen: 99101K(119808K)->117789K(119808K)
[1.211s][info][gc,metaspace   ] GC(34) Metaspace: 6298K(6464K)->6298K(6464K) NonClass: 5765K(5824K)->5765K(5824K) Class: 533K(640K)->533K(640K)
[1.211s][info][gc             ] GC(34) Pause Young (Allocation Failure) 123M->124M(148M) 32.040ms
[1.212s][info][gc,cpu         ] GC(34) User=0.00s Sys=0.02s Real=0.03s
[1.212s][info][gc,start       ] GC(35) Pause Full (Ergonomics)
[1.212s][info][gc,phases,start] GC(35) Marking Phase
[1.309s][info][gc,phases      ] GC(35) Marking Phase 97.029ms
[1.309s][info][gc,phases,start] GC(35) Summary Phase
[1.309s][info][gc,phases      ] GC(35) Summary Phase 0.016ms
[1.309s][info][gc,phases,start] GC(35) Adjust Roots
[1.309s][info][gc,phases      ] GC(35) Adjust Roots 0.187ms
[1.309s][info][gc,phases,start] GC(35) Compaction Phase
[1.366s][info][gc,phases      ] GC(35) Compaction Phase 57.373ms
[1.366s][info][gc,phases,start] GC(35) Post Compact
[1.367s][info][gc,phases      ] GC(35) Post Compact 0.580ms
[1.367s][info][gc,heap        ] GC(35) PSYoungGen: 9216K(31744K)->7138K(31744K) Eden: 0K(9216K)->0K(9216K) From: 9216K(22528K)->7138K(22528K)
[1.367s][info][gc,heap        ] GC(35) ParOldGen: 117789K(119808K)->119470K(149504K)
[1.367s][info][gc,metaspace   ] GC(35) Metaspace: 6298K(6464K)->6298K(6464K) NonClass: 5765K(5824K)->5765K(5824K) Class: 533K(640K)->533K(640K)
[1.367s][info][gc             ] GC(35) Pause Full (Ergonomics) 124M->123M(177M) 155.708ms
[1.367s][info][gc,cpu         ] GC(35) User=0.11s Sys=0.00s Real=0.16s
[1.376s][info][gc,start       ] GC(36) Pause Young (Allocation Failure)
[1.410s][info][gc,heap        ] GC(36) PSYoungGen: 16354K(31744K)->9216K(29696K) Eden: 9216K(9216K)->0K(10752K) From: 7138K(22528K)->9216K(18944K)
[1.410s][info][gc,heap        ] GC(36) ParOldGen: 119470K(149504K)->126726K(149504K)
[1.410s][info][gc,metaspace   ] GC(36) Metaspace: 6298K(6464K)->6298K(6464K) NonClass: 5765K(5824K)->5765K(5824K) Class: 533K(640K)->533K(640K)
[1.410s][info][gc             ] GC(36) Pause Young (Allocation Failure) 132M->132M(175M) 34.116ms
[1.410s][info][gc,cpu         ] GC(36) User=0.02s Sys=0.02s Real=0.03s
[1.422s][info][gc,start       ] GC(37) Pause Young (Allocation Failure)
[1.444s][info][gc,heap        ] GC(37) PSYoungGen: 19968K(29696K)->19968K(31232K) Eden: 10752K(10752K)->0K(10752K) From: 9216K(18944K)->19968K(20480K)
[1.444s][info][gc,heap        ] GC(37) ParOldGen: 126726K(149504K)->126726K(149504K)
[1.444s][info][gc,metaspace   ] GC(37) Metaspace: 6298K(6464K)->6298K(6464K) NonClass: 5765K(5824K)->5765K(5824K) Class: 533K(640K)->533K(640K)
[1.444s][info][gc             ] GC(37) Pause Young (Allocation Failure) 143M->143M(176M) 21.734ms
[1.444s][info][gc,cpu         ] GC(37) User=0.02s Sys=0.00s Real=0.02s
[1.456s][info][gc,start       ] GC(38) Pause Young (Allocation Failure)
[1.493s][info][gc,heap        ] GC(38) PSYoungGen: 30720K(31232K)->21504K(32768K) Eden: 10752K(10752K)->0K(9728K) From: 19968K(20480K)->21504K(23040K)
[1.493s][info][gc,heap        ] GC(38) ParOldGen: 126726K(149504K)->136062K(149504K)
[1.493s][info][gc,metaspace   ] GC(38) Metaspace: 6298K(6464K)->6298K(6464K) NonClass: 5765K(5824K)->5765K(5824K) Class: 533K(640K)->533K(640K)
[1.493s][info][gc             ] GC(38) Pause Young (Allocation Failure) 153M->153M(178M) 37.183ms
[1.493s][info][gc,cpu         ] GC(38) User=0.03s Sys=0.00s Real=0.04s
[1.493s][info][gc,start       ] GC(39) Pause Full (Ergonomics)
[1.493s][info][gc,phases,start] GC(39) Marking Phase
[1.617s][info][gc,phases      ] GC(39) Marking Phase 124.133ms
[1.618s][info][gc,phases,start] GC(39) Summary Phase
[1.618s][info][gc,phases      ] GC(39) Summary Phase 0.017ms
[1.618s][info][gc,phases,start] GC(39) Adjust Roots
[1.618s][info][gc,phases      ] GC(39) Adjust Roots 0.265ms
[1.618s][info][gc,phases,start] GC(39) Compaction Phase
[1.686s][info][gc,phases      ] GC(39) Compaction Phase 68.070ms
[1.686s][info][gc,phases,start] GC(39) Post Compact
[1.687s][info][gc,phases      ] GC(39) Post Compact 0.775ms
[1.687s][info][gc,heap        ] GC(39) PSYoungGen: 21504K(32768K)->8157K(32768K) Eden: 0K(9728K)->0K(9728K) From: 21504K(23040K)->8157K(23040K)
[1.687s][info][gc,heap        ] GC(39) ParOldGen: 136062K(149504K)->149079K(180736K)
[1.687s][info][gc,metaspace   ] GC(39) Metaspace: 6298K(6464K)->6298K(6464K) NonClass: 5765K(5824K)->5765K(5824K) Class: 533K(640K)->533K(640K)
[1.687s][info][gc             ] GC(39) Pause Full (Ergonomics) 153M->153M(208M) 193.946ms
[1.687s][info][gc,cpu         ] GC(39) User=0.16s Sys=0.02s Real=0.19s
[1.698s][info][gc,start       ] GC(40) Pause Young (Allocation Failure)
[1.742s][info][gc,heap        ] GC(40) PSYoungGen: 17885K(32768K)->15360K(35840K) Eden: 9728K(9728K)->0K(9728K) From: 8157K(23040K)->15360K(26112K)
[1.742s][info][gc,heap        ] GC(40) ParOldGen: 149079K(180736K)->151663K(180736K)
[1.742s][info][gc,metaspace   ] GC(40) Metaspace: 6298K(6464K)->6298K(6464K) NonClass: 5765K(5824K)->5765K(5824K) Class: 533K(640K)->533K(640K)
[1.742s][info][gc             ] GC(40) Pause Young (Allocation Failure) 163M->163M(211M) 43.691ms
[1.742s][info][gc,cpu         ] GC(40) User=0.03s Sys=0.00s Real=0.04s
[1.753s][info][gc,start       ] GC(41) Pause Young (Allocation Failure)
[1.781s][info][gc,heap        ] GC(41) PSYoungGen: 25088K(35840K)->25088K(34304K) Eden: 9728K(9728K)->0K(8192K) From: 15360K(26112K)->25088K(26112K)
[1.781s][info][gc,heap        ] GC(41) ParOldGen: 151663K(180736K)->151663K(180736K)
[1.781s][info][gc,metaspace   ] GC(41) Metaspace: 6298K(6464K)->6298K(6464K) NonClass: 5765K(5824K)->5765K(5824K) Class: 533K(640K)->533K(640K)
[1.781s][info][gc             ] GC(41) Pause Young (Allocation Failure) 172M->172M(210M) 27.620ms
[1.781s][info][gc,cpu         ] GC(41) User=0.02s Sys=0.00s Real=0.03s
[1.810s][info][gc,start       ] GC(42) Pause Young (Allocation Failure)
[1.855s][info][gc,heap        ] GC(42) PSYoungGen: 33280K(34304K)->27616K(37376K) Eden: 8192K(8192K)->0K(8192K) From: 25088K(26112K)->27616K(29184K)
[1.855s][info][gc,heap        ] GC(42) ParOldGen: 159855K(180736K)->165567K(180736K)
[1.855s][info][gc,metaspace   ] GC(42) Metaspace: 6298K(6464K)->6298K(6464K) NonClass: 5765K(5824K)->5765K(5824K) Class: 533K(640K)->533K(640K)
[1.855s][info][gc             ] GC(42) Pause Young (Allocation Failure) 188M->188M(213M) 44.864ms
[1.855s][info][gc,cpu         ] GC(42) User=0.03s Sys=0.00s Real=0.04s
[1.865s][info][gc,start       ] GC(43) Pause Young (Allocation Failure)
[1.902s][info][gc,heap        ] GC(43) PSYoungGen: 35808K(37376K)->26080K(40960K) Eden: 8192K(8192K)->0K(7680K) From: 27616K(29184K)->26080K(33280K)
[1.902s][info][gc,heap        ] GC(43) ParOldGen: 165567K(180736K)->175423K(180736K)
[1.902s][info][gc,metaspace   ] GC(43) Metaspace: 6298K(6464K)->6298K(6464K) NonClass: 5765K(5824K)->5765K(5824K) Class: 533K(640K)->533K(640K)
[1.902s][info][gc             ] GC(43) Pause Young (Allocation Failure) 196M->196M(216M) 37.256ms
[1.902s][info][gc,cpu         ] GC(43) User=0.03s Sys=0.02s Real=0.04s
[1.902s][info][gc,start       ] GC(44) Pause Full (Ergonomics)
[1.902s][info][gc,phases,start] GC(44) Marking Phase
[2.046s][info][gc,phases      ] GC(44) Marking Phase 144.243ms
[2.046s][info][gc,phases,start] GC(44) Summary Phase
[2.046s][info][gc,phases      ] GC(44) Summary Phase 0.022ms
[2.046s][info][gc,phases,start] GC(44) Adjust Roots
[2.047s][info][gc,phases      ] GC(44) Adjust Roots 0.275ms
[2.047s][info][gc,phases,start] GC(44) Compaction Phase
[2.138s][info][gc,phases      ] GC(44) Compaction Phase 91.111ms
[2.138s][info][gc,phases,start] GC(44) Post Compact
[2.139s][info][gc,phases      ] GC(44) Post Compact 1.003ms
[2.139s][info][gc,heap        ] GC(44) PSYoungGen: 26080K(40960K)->16825K(40960K) Eden: 0K(7680K)->0K(7680K) From: 26080K(33280K)->16825K(33280K)
[2.139s][info][gc,heap        ] GC(44) ParOldGen: 175423K(180736K)->180229K(213504K)
[2.139s][info][gc,metaspace   ] GC(44) Metaspace: 6298K(6464K)->6298K(6464K) NonClass: 5765K(5824K)->5765K(5824K) Class: 533K(640K)->533K(640K)
[2.139s][info][gc             ] GC(44) Pause Full (Ergonomics) 196M->192M(248M) 237.135ms
[2.139s][info][gc,cpu         ] GC(44) User=0.19s Sys=0.00s Real=0.24s
[2.148s][info][gc,start       ] GC(45) Pause Young (Allocation Failure)
[2.197s][info][gc,heap        ] GC(45) PSYoungGen: 24505K(40960K)->13248K(20992K) Eden: 7680K(7680K)->0K(7680K) From: 16825K(33280K)->13248K(13312K)
[2.197s][info][gc,heap        ] GC(45) ParOldGen: 180229K(213504K)->191685K(213504K)
[2.197s][info][gc,metaspace   ] GC(45) Metaspace: 6298K(6464K)->6298K(6464K) NonClass: 5765K(5824K)->5765K(5824K) Class: 533K(640K)->533K(640K)
[2.197s][info][gc             ] GC(45) Pause Young (Allocation Failure) 199M->200M(229M) 49.449ms
[2.197s][info][gc,cpu         ] GC(45) User=0.05s Sys=0.00s Real=0.05s
[2.206s][info][gc,start       ] GC(46) Pause Young (Allocation Failure)
[2.229s][info][gc,heap        ] GC(46) PSYoungGen: 20928K(20992K)->15328K(40448K) Eden: 7680K(7680K)->0K(9216K) From: 13248K(13312K)->15328K(31232K)
[2.229s][info][gc,heap        ] GC(46) ParOldGen: 191685K(213504K)->197333K(213504K)
[2.229s][info][gc,metaspace   ] GC(46) Metaspace: 6298K(6464K)->6298K(6464K) NonClass: 5765K(5824K)->5765K(5824K) Class: 533K(640K)->533K(640K)
[2.229s][info][gc             ] GC(46) Pause Young (Allocation Failure) 207M->207M(248M) 22.809ms
[2.229s][info][gc,cpu         ] GC(46) User=0.02s Sys=0.00s Real=0.02s
[2.239s][info][gc,start       ] GC(47) Pause Young (Allocation Failure)
[2.267s][info][gc,heap        ] GC(47) PSYoungGen: 24544K(40448K)->16896K(41472K) Eden: 9216K(9216K)->0K(9216K) From: 15328K(31232K)->16896K(32256K)
[2.267s][info][gc,heap        ] GC(47) ParOldGen: 197333K(213504K)->205101K(213504K)
[2.267s][info][gc,metaspace   ] GC(47) Metaspace: 6298K(6464K)->6298K(6464K) NonClass: 5765K(5824K)->5765K(5824K) Class: 533K(640K)->533K(640K)
[2.267s][info][gc             ] GC(47) Pause Young (Allocation Failure) 216M->216M(249M) 28.525ms
[2.267s][info][gc,cpu         ] GC(47) User=0.02s Sys=0.00s Real=0.03s
[2.267s][info][gc,start       ] GC(48) Pause Full (Ergonomics)
[2.267s][info][gc,phases,start] GC(48) Marking Phase
[2.434s][info][gc,phases      ] GC(48) Marking Phase 166.423ms
[2.434s][info][gc,phases,start] GC(48) Summary Phase
[2.434s][info][gc,phases      ] GC(48) Summary Phase 0.029ms
[2.434s][info][gc,phases,start] GC(48) Adjust Roots
[2.434s][info][gc,phases      ] GC(48) Adjust Roots 0.190ms
[2.434s][info][gc,phases,start] GC(48) Compaction Phase
[2.516s][info][gc,phases      ] GC(48) Compaction Phase 82.317ms
[2.516s][info][gc,phases,start] GC(48) Post Compact
[2.517s][info][gc,phases      ] GC(48) Post Compact 0.981ms
[2.518s][info][gc,heap        ] GC(48) PSYoungGen: 16896K(41472K)->8149K(41472K) Eden: 0K(9216K)->0K(9216K) From: 16896K(32256K)->8149K(32256K)
[2.518s][info][gc,heap        ] GC(48) ParOldGen: 205101K(213504K)->213386K(248832K)
[2.518s][info][gc,metaspace   ] GC(48) Metaspace: 6298K(6464K)->6298K(6464K) NonClass: 5765K(5824K)->5765K(5824K) Class: 533K(640K)->533K(640K)
[2.518s][info][gc             ] GC(48) Pause Full (Ergonomics) 216M->216M(283M) 250.419ms
[2.518s][info][gc,cpu         ] GC(48) User=0.25s Sys=0.00s Real=0.25s
[2.528s][info][gc,start       ] GC(49) Pause Young (Allocation Failure)
[2.584s][info][gc,heap        ] GC(49) PSYoungGen: 17365K(41472K)->9216K(40960K) Eden: 9216K(9216K)->0K(10752K) From: 8149K(32256K)->9216K(30208K)
[2.584s][info][gc,heap        ] GC(49) ParOldGen: 213386K(248832K)->221666K(248832K)
[2.584s][info][gc,metaspace   ] GC(49) Metaspace: 6298K(6464K)->6298K(6464K) NonClass: 5765K(5824K)->5765K(5824K) Class: 533K(640K)->533K(640K)
[2.584s][info][gc             ] GC(49) Pause Young (Allocation Failure) 225M->225M(283M) 56.135ms
[2.584s][info][gc,cpu         ] GC(49) User=0.05s Sys=0.00s Real=0.06s
[2.595s][info][gc,start       ] GC(50) Pause Young (Allocation Failure)
[2.619s][info][gc,heap        ] GC(50) PSYoungGen: 19968K(40960K)->19968K(41472K) Eden: 10752K(10752K)->0K(10752K) From: 9216K(30208K)->19968K(30720K)
[2.619s][info][gc,heap        ] GC(50) ParOldGen: 221666K(248832K)->221666K(248832K)
[2.619s][info][gc,metaspace   ] GC(50) Metaspace: 6298K(6464K)->6298K(6464K) NonClass: 5765K(5824K)->5765K(5824K) Class: 533K(640K)->533K(640K)
[2.619s][info][gc             ] GC(50) Pause Young (Allocation Failure) 235M->235M(283M) 24.358ms
[2.619s][info][gc,cpu         ] GC(50) User=0.02s Sys=0.00s Real=0.02s
[2.632s][info][gc,start       ] GC(51) Pause Young (Allocation Failure)
[2.667s][info][gc,heap        ] GC(51) PSYoungGen: 30720K(41472K)->21504K(42496K) Eden: 10752K(10752K)->0K(11776K) From: 19968K(30720K)->21504K(30720K)
[2.667s][info][gc,heap        ] GC(51) ParOldGen: 221666K(248832K)->231002K(248832K)
[2.667s][info][gc,metaspace   ] GC(51) Metaspace: 6298K(6464K)->6298K(6464K) NonClass: 5765K(5824K)->5765K(5824K) Class: 533K(640K)->533K(640K)
[2.667s][info][gc             ] GC(51) Pause Young (Allocation Failure) 246M->246M(284M) 34.945ms
[2.667s][info][gc,cpu         ] GC(51) User=0.03s Sys=0.00s Real=0.03s
[2.681s][info][gc,start       ] GC(52) Pause Young (Allocation Failure)
[2.733s][info][gc,heap        ] GC(52) PSYoungGen: 33280K(42496K)->22528K(43520K) Eden: 11776K(11776K)->0K(11776K) From: 21504K(30720K)->22528K(31744K)
[2.733s][info][gc,heap        ] GC(52) ParOldGen: 231002K(248832K)->241898K(248832K)
[2.733s][info][gc,metaspace   ] GC(52) Metaspace: 6298K(6464K)->6298K(6464K) NonClass: 5765K(5824K)->5765K(5824K) Class: 533K(640K)->533K(640K)
[2.733s][info][gc             ] GC(52) Pause Young (Allocation Failure) 258M->258M(285M) 52.456ms
[2.733s][info][gc,cpu         ] GC(52) User=0.02s Sys=0.02s Real=0.05s
[2.733s][info][gc,start       ] GC(53) Pause Full (Ergonomics)
[2.733s][info][gc,phases,start] GC(53) Marking Phase
[2.963s][info][gc,phases      ] GC(53) Marking Phase 229.905ms
[2.963s][info][gc,phases,start] GC(53) Summary Phase
[2.963s][info][gc,phases      ] GC(53) Summary Phase 0.020ms
[2.963s][info][gc,phases,start] GC(53) Adjust Roots
[2.964s][info][gc,phases      ] GC(53) Adjust Roots 0.218ms
[2.964s][info][gc,phases,start] GC(53) Compaction Phase
[3.057s][info][gc,phases      ] GC(53) Compaction Phase 93.165ms
[3.057s][info][gc,phases,start] GC(53) Post Compact
[3.058s][info][gc,phases      ] GC(53) Post Compact 1.411ms
[3.059s][info][gc,heap        ] GC(53) PSYoungGen: 22528K(43520K)->15308K(43520K) Eden: 0K(11776K)->0K(11776K) From: 22528K(31744K)->15308K(31744K)
[3.059s][info][gc,heap        ] GC(53) ParOldGen: 241898K(248832K)->248598K(287744K)
[3.059s][info][gc,metaspace   ] GC(53) Metaspace: 6298K(6464K)->6298K(6464K) NonClass: 5765K(5824K)->5765K(5824K) Class: 533K(640K)->533K(640K)
[3.059s][info][gc             ] GC(53) Pause Full (Ergonomics) 258M->257M(323M) 325.247ms
[3.059s][info][gc,cpu         ] GC(53) User=0.25s Sys=0.00s Real=0.33s
[3.073s][info][gc,start       ] GC(54) Pause Young (Allocation Failure)
[3.153s][info][gc,heap        ] GC(54) PSYoungGen: 27084K(43520K)->11776K(45056K) Eden: 11776K(11776K)->0K(13824K) From: 15308K(31744K)->11776K(31232K)
[3.153s][info][gc,heap        ] GC(54) ParOldGen: 248598K(287744K)->264150K(287744K)
[3.153s][info][gc,metaspace   ] GC(54) Metaspace: 6298K(6464K)->6298K(6464K) NonClass: 5765K(5824K)->5765K(5824K) Class: 533K(640K)->533K(640K)
[3.153s][info][gc             ] GC(54) Pause Young (Allocation Failure) 269M->269M(325M) 79.649ms
[3.153s][info][gc,cpu         ] GC(54) User=0.05s Sys=0.00s Real=0.08s
[3.168s][info][gc,start       ] GC(55) Pause Young (Allocation Failure)
[3.202s][info][gc,heap        ] GC(55) PSYoungGen: 25600K(45056K)->13824K(45568K) Eden: 13824K(13824K)->0K(13824K) From: 11776K(31232K)->13824K(31744K)
[3.202s][info][gc,heap        ] GC(55) ParOldGen: 264150K(287744K)->276078K(287744K)
[3.202s][info][gc,metaspace   ] GC(55) Metaspace: 6298K(6464K)->6298K(6464K) NonClass: 5765K(5824K)->5765K(5824K) Class: 533K(640K)->533K(640K)
[3.202s][info][gc             ] GC(55) Pause Young (Allocation Failure) 282M->283M(325M) 34.252ms
[3.202s][info][gc,cpu         ] GC(55) User=0.03s Sys=0.00s Real=0.03s
[3.202s][info][gc,start       ] GC(56) Pause Full (Ergonomics)
[3.202s][info][gc,phases,start] GC(56) Marking Phase
[3.418s][info][gc,phases      ] GC(56) Marking Phase 216.576ms
[3.418s][info][gc,phases,start] GC(56) Summary Phase
[3.419s][info][gc,phases      ] GC(56) Summary Phase 0.023ms
[3.419s][info][gc,phases,start] GC(56) Adjust Roots
[3.419s][info][gc,phases      ] GC(56) Adjust Roots 0.322ms
[3.419s][info][gc,phases,start] GC(56) Compaction Phase
[3.520s][info][gc,phases      ] GC(56) Compaction Phase 101.481ms
[3.520s][info][gc,phases,start] GC(56) Post Compact
[3.522s][info][gc,phases      ] GC(56) Post Compact 1.365ms
[3.522s][info][gc,heap        ] GC(56) PSYoungGen: 13824K(45568K)->2039K(45568K) Eden: 0K(13824K)->0K(13824K) From: 13824K(31744K)->2039K(31744K)
[3.522s][info][gc,heap        ] GC(56) ParOldGen: 276078K(287744K)->287401K(332288K)
[3.522s][info][gc,metaspace   ] GC(56) Metaspace: 6298K(6464K)->6298K(6464K) NonClass: 5765K(5824K)->5765K(5824K) Class: 533K(640K)->533K(640K)
[3.522s][info][gc             ] GC(56) Pause Full (Ergonomics) 283M->282M(369M) 320.417ms
[3.522s][info][gc,cpu         ] GC(56) User=0.27s Sys=0.00s Real=0.32s
[3.538s][info][gc,start       ] GC(57) Pause Young (Allocation Failure)
[3.601s][info][gc,heap        ] GC(57) PSYoungGen: 15863K(45568K)->13824K(43520K) Eden: 13824K(13824K)->0K(15360K) From: 2039K(31744K)->13824K(28160K)
[3.602s][info][gc,heap        ] GC(57) ParOldGen: 287401K(332288K)->289473K(332288K)
[3.602s][info][gc,metaspace   ] GC(57) Metaspace: 6298K(6464K)->6298K(6464K) NonClass: 5765K(5824K)->5765K(5824K) Class: 533K(640K)->533K(640K)
[3.602s][info][gc             ] GC(57) Pause Young (Allocation Failure) 296M->296M(367M) 63.627ms
[3.602s][info][gc,cpu         ] GC(57) User=0.05s Sys=0.00s Real=0.06s
[3.621s][info][gc,start       ] GC(58) Pause Young (Allocation Failure)
[3.654s][info][gc,heap        ] GC(58) PSYoungGen: 29184K(43520K)->29184K(45056K) Eden: 15360K(15360K)->0K(15360K) From: 13824K(28160K)->29184K(29696K)
[3.655s][info][gc,heap        ] GC(58) ParOldGen: 289473K(332288K)->289473K(332288K)
[3.655s][info][gc,metaspace   ] GC(58) Metaspace: 6298K(6464K)->6298K(6464K) NonClass: 5765K(5824K)->5765K(5824K) Class: 533K(640K)->533K(640K)
[3.655s][info][gc             ] GC(58) Pause Young (Allocation Failure) 311M->311M(368M) 33.585ms
[3.655s][info][gc,cpu         ] GC(58) User=0.02s Sys=0.00s Real=0.03s
[3.673s][info][gc,start       ] GC(59) Pause Young (Allocation Failure)
[3.726s][info][gc,heap        ] GC(59) PSYoungGen: 44544K(45056K)->33280K(41984K) Eden: 15360K(15360K)->0K(8704K) From: 29184K(29696K)->33280K(33280K)
[3.726s][info][gc,heap        ] GC(59) ParOldGen: 289473K(332288K)->300889K(332288K)
[3.726s][info][gc,metaspace   ] GC(59) Metaspace: 6298K(6464K)->6298K(6464K) NonClass: 5765K(5824K)->5765K(5824K) Class: 533K(640K)->533K(640K)
[3.726s][info][gc             ] GC(59) Pause Young (Allocation Failure) 326M->326M(365M) 53.078ms
[3.726s][info][gc,cpu         ] GC(59) User=0.03s Sys=0.02s Real=0.05s
[3.736s][info][gc,start       ] GC(60) Pause Young (Allocation Failure)
[3.782s][info][gc,heap        ] GC(60) PSYoungGen: 41984K(41984K)->20064K(29184K) Eden: 8704K(8704K)->0K(8704K) From: 33280K(33280K)->20064K(20480K)
[3.782s][info][gc,heap        ] GC(60) ParOldGen: 300889K(332288K)->323129K(332288K)
[3.782s][info][gc,metaspace   ] GC(60) Metaspace: 6298K(6464K)->6298K(6464K) NonClass: 5765K(5824K)->5765K(5824K) Class: 533K(640K)->533K(640K)
[3.782s][info][gc             ] GC(60) Pause Young (Allocation Failure) 334M->335M(353M) 45.934ms
[3.782s][info][gc,cpu         ] GC(60) User=0.03s Sys=0.00s Real=0.05s
[3.782s][info][gc,start       ] GC(61) Pause Full (Ergonomics)
[3.782s][info][gc,phases,start] GC(61) Marking Phase
[4.044s][info][gc,phases      ] GC(61) Marking Phase 261.862ms
[4.044s][info][gc,phases,start] GC(61) Summary Phase
[4.044s][info][gc,phases      ] GC(61) Summary Phase 0.022ms
[4.044s][info][gc,phases,start] GC(61) Adjust Roots
[4.045s][info][gc,phases      ] GC(61) Adjust Roots 0.281ms
[4.045s][info][gc,phases,start] GC(61) Compaction Phase
[4.165s][info][gc,phases      ] GC(61) Compaction Phase 119.926ms
[4.165s][info][gc,phases,start] GC(61) Post Compact
[4.166s][info][gc,phases      ] GC(61) Post Compact 1.667ms
[4.167s][info][gc,heap        ] GC(61) PSYoungGen: 20064K(29184K)->10294K(29184K) Eden: 0K(8704K)->0K(8704K) From: 20064K(20480K)->10294K(20480K)
[4.167s][info][gc,heap        ] GC(61) ParOldGen: 323129K(332288K)->332269K(385024K)
[4.167s][info][gc,metaspace   ] GC(61) Metaspace: 6298K(6464K)->6298K(6464K) NonClass: 5765K(5824K)->5765K(5824K) Class: 533K(640K)->533K(640K)
[4.167s][info][gc             ] GC(61) Pause Full (Ergonomics) 335M->334M(404M) 384.438ms
[4.167s][info][gc,cpu         ] GC(61) User=0.33s Sys=0.02s Real=0.38s
[4.178s][info][gc,start       ] GC(62) Pause Young (Allocation Failure)
[4.248s][info][gc,heap        ] GC(62) PSYoungGen: 18998K(29184K)->14016K(48128K) Eden: 8704K(8704K)->0K(10240K) From: 10294K(20480K)->14016K(37888K)
[4.248s][info][gc,heap        ] GC(62) ParOldGen: 332269K(385024K)->337333K(385024K)
[4.249s][info][gc,metaspace   ] GC(62) Metaspace: 6298K(6464K)->6298K(6464K) NonClass: 5765K(5824K)->5765K(5824K) Class: 533K(640K)->533K(640K)
[4.249s][info][gc             ] GC(62) Pause Young (Allocation Failure) 343M->343M(423M) 70.737ms
[4.249s][info][gc,cpu         ] GC(62) User=0.06s Sys=0.00s Real=0.07s
[4.316s][info][gc,start       ] GC(63) Pause Young (Allocation Failure)
[4.371s][info][gc,heap        ] GC(63) PSYoungGen: 24256K(48128K)->24256K(49152K) Eden: 10240K(10240K)->0K(10240K) From: 14016K(37888K)->24256K(38912K)
[4.371s][info][gc,heap        ] GC(63) ParOldGen: 353717K(385024K)->353717K(385024K)
[4.371s][info][gc,metaspace   ] GC(63) Metaspace: 6298K(6464K)->6298K(6464K) NonClass: 5765K(5824K)->5765K(5824K) Class: 533K(640K)->533K(640K)
[4.371s][info][gc             ] GC(63) Pause Young (Allocation Failure) 369M->369M(424M) 54.528ms
[4.371s][info][gc,cpu         ] GC(63) User=0.06s Sys=0.00s Real=0.05s
[4.382s][info][gc,start       ] GC(64) Pause Young (Allocation Failure)
[4.416s][info][gc,heap        ] GC(64) PSYoungGen: 34496K(49152K)->34496K(46592K) Eden: 10240K(10240K)->0K(8192K) From: 24256K(38912K)->34496K(38400K)
[4.416s][info][gc,heap        ] GC(64) ParOldGen: 353717K(385024K)->353717K(385024K)
[4.416s][info][gc,metaspace   ] GC(64) Metaspace: 6298K(6464K)->6298K(6464K) NonClass: 5765K(5824K)->5765K(5824K) Class: 533K(640K)->533K(640K)
[4.416s][info][gc             ] GC(64) Pause Young (Allocation Failure) 379M->379M(421M) 33.859ms
[4.416s][info][gc,cpu         ] GC(64) User=0.03s Sys=0.00s Real=0.03s
[4.426s][info][gc,start       ] GC(65) Pause Young (Allocation Failure)
[4.468s][info][gc,heap        ] GC(65) PSYoungGen: 42688K(46592K)->37344K(50176K) Eden: 8192K(8192K)->0K(8192K) From: 34496K(38400K)->37344K(41984K)
[4.468s][info][gc,heap        ] GC(65) ParOldGen: 353717K(385024K)->359117K(385024K)
[4.468s][info][gc,metaspace   ] GC(65) Metaspace: 6298K(6464K)->6298K(6464K) NonClass: 5765K(5824K)->5765K(5824K) Class: 533K(640K)->533K(640K)
[4.468s][info][gc             ] GC(65) Pause Young (Allocation Failure) 387M->387M(425M) 41.748ms
[4.468s][info][gc,cpu         ] GC(65) User=0.03s Sys=0.00s Real=0.04s
[4.477s][info][gc,start       ] GC(66) Pause Young (Allocation Failure)
[4.523s][info][gc,heap        ] GC(66) PSYoungGen: 45536K(50176K)->36832K(52736K) Eden: 8192K(8192K)->0K(6656K) From: 37344K(41984K)->36832K(46080K)
[4.523s][info][gc,heap        ] GC(66) ParOldGen: 359117K(385024K)->367933K(385024K)
[4.523s][info][gc,metaspace   ] GC(66) Metaspace: 6298K(6464K)->6298K(6464K) NonClass: 5765K(5824K)->5765K(5824K) Class: 533K(640K)->533K(640K)
[4.523s][info][gc             ] GC(66) Pause Young (Allocation Failure) 395M->395M(427M) 45.936ms
[4.523s][info][gc,cpu         ] GC(66) User=0.03s Sys=0.00s Real=0.05s
[4.523s][info][gc,start       ] GC(67) Pause Full (Ergonomics)
[4.523s][info][gc,phases,start] GC(67) Marking Phase
[4.818s][info][gc,phases      ] GC(67) Marking Phase 294.735ms
[4.818s][info][gc,phases,start] GC(67) Summary Phase
[4.818s][info][gc,phases      ] GC(67) Summary Phase 0.023ms
[4.818s][info][gc,phases,start] GC(67) Adjust Roots
[4.818s][info][gc,phases      ] GC(67) Adjust Roots 0.391ms
[4.818s][info][gc,phases,start] GC(67) Compaction Phase
[4.972s][info][gc,phases      ] GC(67) Compaction Phase 153.942ms
[4.972s][info][gc,phases,start] GC(67) Post Compact
[4.974s][info][gc,phases      ] GC(67) Post Compact 1.937ms
[4.975s][info][gc,heap        ] GC(67) PSYoungGen: 36832K(52736K)->11187K(52736K) Eden: 0K(6656K)->0K(6656K) From: 36832K(46080K)->11187K(46080K)
[4.975s][info][gc,heap        ] GC(67) ParOldGen: 367933K(385024K)->384980K(437760K)
[4.975s][info][gc,metaspace   ] GC(67) Metaspace: 6298K(6464K)->6298K(6464K) NonClass: 5765K(5824K)->5765K(5824K) Class: 533K(640K)->533K(640K)
[4.975s][info][gc             ] GC(67) Pause Full (Ergonomics) 395M->386M(479M) 451.649ms
[4.975s][info][gc,cpu         ] GC(67) User=0.42s Sys=0.02s Real=0.45s
[4.983s][info][gc,start       ] GC(68) Pause Young (Allocation Failure)
[5.054s][info][gc,heap        ] GC(68) PSYoungGen: 17843K(52736K)->11072K(55808K) Eden: 6656K(6656K)->0K(6656K) From: 11187K(46080K)->11072K(49152K)
[5.054s][info][gc,heap        ] GC(68) ParOldGen: 384980K(437760K)->391860K(437760K)
[5.054s][info][gc,metaspace   ] GC(68) Metaspace: 6298K(6464K)->6298K(6464K) NonClass: 5765K(5824K)->5765K(5824K) Class: 533K(640K)->533K(640K)
[5.054s][info][gc             ] GC(68) Pause Young (Allocation Failure) 393M->393M(482M) 71.044ms
[5.054s][info][gc,cpu         ] GC(68) User=0.06s Sys=0.00s Real=0.07s
[5.063s][info][gc,start       ] GC(69) Pause Young (Allocation Failure)
[5.083s][info][gc,heap        ] GC(69) PSYoungGen: 17728K(55808K)->17728K(53248K) Eden: 6656K(6656K)->0K(7680K) From: 11072K(49152K)->17728K(45568K)
[5.083s][info][gc,heap        ] GC(69) ParOldGen: 391860K(437760K)->391860K(437760K)
[5.083s][info][gc,metaspace   ] GC(69) Metaspace: 6298K(6464K)->6298K(6464K) NonClass: 5765K(5824K)->5765K(5824K) Class: 533K(640K)->533K(640K)
[5.083s][info][gc             ] GC(69) Pause Young (Allocation Failure) 399M->399M(479M) 20.709ms
[5.083s][info][gc,cpu         ] GC(69) User=0.02s Sys=0.02s Real=0.02s
[5.092s][info][gc,start       ] GC(70) Pause Young (Allocation Failure)
[5.119s][info][gc,heap        ] GC(70) PSYoungGen: 25408K(53248K)->23008K(30720K) Eden: 7680K(7680K)->0K(7680K) From: 17728K(45568K)->23008K(23040K)
[5.119s][info][gc,heap        ] GC(70) ParOldGen: 391860K(437760K)->394268K(437760K)
[5.119s][info][gc,metaspace   ] GC(70) Metaspace: 6298K(6464K)->6298K(6464K) NonClass: 5765K(5824K)->5765K(5824K) Class: 533K(640K)->533K(640K)
[5.119s][info][gc             ] GC(70) Pause Young (Allocation Failure) 407M->407M(457M) 26.632ms
[5.119s][info][gc,cpu         ] GC(70) User=0.02s Sys=0.00s Real=0.03s
[5.128s][info][gc,start       ] GC(71) Pause Young (Allocation Failure)
[5.158s][info][gc,heap        ] GC(71) PSYoungGen: 30688K(30720K)->28608K(54272K) Eden: 7680K(7680K)->0K(9216K) From: 23008K(23040K)->28608K(45056K)
[5.158s][info][gc,heap        ] GC(71) ParOldGen: 394268K(437760K)->396356K(437760K)
[5.158s][info][gc,metaspace   ] GC(71) Metaspace: 6298K(6464K)->6298K(6464K) NonClass: 5765K(5824K)->5765K(5824K) Class: 533K(640K)->533K(640K)
[5.158s][info][gc             ] GC(71) Pause Young (Allocation Failure) 414M->415M(480M) 29.960ms
[5.158s][info][gc,cpu         ] GC(71) User=0.02s Sys=0.00s Real=0.03s
[5.169s][info][gc,start       ] GC(72) Pause Young (Allocation Failure)
[5.211s][info][gc,heap        ] GC(72) PSYoungGen: 37824K(54272K)->24544K(54272K) Eden: 9216K(9216K)->0K(9216K) From: 28608K(45056K)->24544K(45056K)
[5.211s][info][gc,heap        ] GC(72) ParOldGen: 396356K(437760K)->409820K(437760K)
[5.211s][info][gc,metaspace   ] GC(72) Metaspace: 6298K(6464K)->6298K(6464K) NonClass: 5765K(5824K)->5765K(5824K) Class: 533K(640K)->533K(640K)
[5.211s][info][gc             ] GC(72) Pause Young (Allocation Failure) 424M->424M(480M) 41.969ms
[5.211s][info][gc,cpu         ] GC(72) User=0.03s Sys=0.00s Real=0.04s
[5.221s][info][gc,start       ] GC(73) Pause Young (Allocation Failure)
[5.260s][info][gc,heap        ] GC(73) PSYoungGen: 33760K(54272K)->18432K(51200K) Eden: 9216K(9216K)->0K(10752K) From: 24544K(45056K)->18432K(40448K)
[5.260s][info][gc,heap        ] GC(73) ParOldGen: 409820K(437760K)->425364K(437760K)
[5.260s][info][gc,metaspace   ] GC(73) Metaspace: 6298K(6464K)->6298K(6464K) NonClass: 5765K(5824K)->5765K(5824K) Class: 533K(640K)->533K(640K)
[5.260s][info][gc             ] GC(73) Pause Young (Allocation Failure) 433M->433M(477M) 38.686ms
[5.260s][info][gc,cpu         ] GC(73) User=0.02s Sys=0.02s Real=0.04s
[5.260s][info][gc,start       ] GC(74) Pause Full (Ergonomics)
[5.260s][info][gc,phases,start] GC(74) Marking Phase
[5.589s][info][gc,phases      ] GC(74) Marking Phase 328.785ms
[5.589s][info][gc,phases,start] GC(74) Summary Phase
[5.589s][info][gc,phases      ] GC(74) Summary Phase 0.023ms
[5.589s][info][gc,phases,start] GC(74) Adjust Roots
[5.589s][info][gc,phases      ] GC(74) Adjust Roots 0.248ms
[5.589s][info][gc,phases,start] GC(74) Compaction Phase
[5.737s][info][gc,phases      ] GC(74) Compaction Phase 148.087ms
[5.737s][info][gc,phases,start] GC(74) Post Compact
[5.739s][info][gc,phases      ] GC(74) Post Compact 2.142ms
[5.740s][info][gc,heap        ] GC(74) PSYoungGen: 18432K(51200K)->5592K(52736K) Eden: 0K(10752K)->0K(12288K) From: 18432K(40448K)->5592K(40448K)
[5.740s][info][gc,heap        ] GC(74) ParOldGen: 425364K(437760K)->437485K(496640K)
[5.740s][info][gc,metaspace   ] GC(74) Metaspace: 6298K(6464K)->6298K(6464K) NonClass: 5765K(5824K)->5765K(5824K) Class: 533K(640K)->533K(640K)
[5.740s][info][gc             ] GC(74) Pause Full (Ergonomics) 433M->432M(536M) 479.998ms
[5.740s][info][gc,cpu         ] GC(74) User=0.44s Sys=0.00s Real=0.48s
[5.754s][info][gc,start       ] GC(75) Pause Young (Allocation Failure)
[5.837s][info][gc,heap        ] GC(75) PSYoungGen: 17880K(52736K)->12288K(54272K) Eden: 12288K(12288K)->0K(12288K) From: 5592K(40448K)->12288K(41984K)
[5.837s][info][gc,heap        ] GC(75) ParOldGen: 437485K(496640K)->443173K(496640K)
[5.837s][info][gc,metaspace   ] GC(75) Metaspace: 6298K(6464K)->6298K(6464K) NonClass: 5765K(5824K)->5765K(5824K) Class: 533K(640K)->533K(640K)
[5.837s][info][gc             ] GC(75) Pause Young (Allocation Failure) 444M->444M(538M) 83.422ms
[5.837s][info][gc,cpu         ] GC(75) User=0.09s Sys=0.00s Real=0.08s
[5.851s][info][gc,start       ] GC(76) Pause Young (Allocation Failure)
[5.885s][info][gc,heap        ] GC(76) PSYoungGen: 24576K(54272K)->12288K(55808K) Eden: 12288K(12288K)->0K(14336K) From: 12288K(41984K)->12288K(41472K)
[5.886s][info][gc,heap        ] GC(76) ParOldGen: 443173K(496640K)->455629K(496640K)
[5.886s][info][gc,metaspace   ] GC(76) Metaspace: 6298K(6464K)->6298K(6464K) NonClass: 5765K(5824K)->5765K(5824K) Class: 533K(640K)->533K(640K)
[5.886s][info][gc             ] GC(76) Pause Young (Allocation Failure) 456M->456M(539M) 34.568ms
[5.886s][info][gc,cpu         ] GC(76) User=0.02s Sys=0.02s Real=0.03s
[5.902s][info][gc,start       ] GC(77) Pause Young (Allocation Failure)
[5.938s][info][gc,heap        ] GC(77) PSYoungGen: 26624K(55808K)->14336K(55808K) Eden: 14336K(14336K)->0K(14336K) From: 12288K(41472K)->14336K(41472K)
[5.938s][info][gc,heap        ] GC(77) ParOldGen: 455629K(496640K)->468085K(496640K)
[5.938s][info][gc,metaspace   ] GC(77) Metaspace: 6298K(6464K)->6298K(6464K) NonClass: 5765K(5824K)->5765K(5824K) Class: 533K(640K)->533K(640K)
[5.938s][info][gc             ] GC(77) Pause Young (Allocation Failure) 470M->471M(539M) 36.566ms
[5.938s][info][gc,cpu         ] GC(77) User=0.03s Sys=0.00s Real=0.04s
[5.954s][info][gc,start       ] GC(78) Pause Young (Allocation Failure)
[5.994s][info][gc,heap        ] GC(78) PSYoungGen: 28672K(55808K)->14336K(54784K) Eden: 14336K(14336K)->0K(16384K) From: 14336K(41472K)->14336K(38400K)
[5.994s][info][gc,heap        ] GC(78) ParOldGen: 468085K(496640K)->482621K(496640K)
[5.994s][info][gc,metaspace   ] GC(78) Metaspace: 6298K(6464K)->6298K(6464K) NonClass: 5765K(5824K)->5765K(5824K) Class: 533K(640K)->533K(640K)
[5.994s][info][gc             ] GC(78) Pause Young (Allocation Failure) 485M->485M(538M) 39.451ms
[5.994s][info][gc,cpu         ] GC(78) User=0.03s Sys=0.00s Real=0.04s
[5.994s][info][gc,start       ] GC(79) Pause Full (Ergonomics)
[5.994s][info][gc,phases,start] GC(79) Marking Phase
[6.363s][info][gc,phases      ] GC(79) Marking Phase 369.358ms
[6.363s][info][gc,phases,start] GC(79) Summary Phase
[6.363s][info][gc,phases      ] GC(79) Summary Phase 0.023ms
[6.363s][info][gc,phases,start] GC(79) Adjust Roots
[6.364s][info][gc,phases      ] GC(79) Adjust Roots 0.270ms
[6.364s][info][gc,phases,start] GC(79) Compaction Phase
[6.523s][info][gc,phases      ] GC(79) Compaction Phase 159.540ms
[6.523s][info][gc,phases,start] GC(79) Post Compact
[6.526s][info][gc,phases      ] GC(79) Post Compact 2.435ms
[6.526s][info][gc,heap        ] GC(79) PSYoungGen: 14336K(54784K)->0K(55808K) Eden: 0K(16384K)->0K(16384K) From: 14336K(38400K)->0K(39424K)
[6.526s][info][gc,heap        ] GC(79) ParOldGen: 482621K(496640K)->496202K(561664K)
[6.526s][info][gc,metaspace   ] GC(79) Metaspace: 6298K(6464K)->6298K(6464K) NonClass: 5765K(5824K)->5765K(5824K) Class: 533K(640K)->533K(640K)
[6.526s][info][gc             ] GC(79) Pause Full (Ergonomics) 485M->484M(603M) 532.307ms
[6.526s][info][gc,cpu         ] GC(79) User=0.52s Sys=0.00s Real=0.53s
[6.545s][info][gc,start       ] GC(80) Pause Young (Allocation Failure)
[6.568s][info][gc,heap        ] GC(80) PSYoungGen: 16384K(55808K)->16384K(55296K) Eden: 16384K(16384K)->0K(18432K) From: 0K(39424K)->16384K(36864K)
[6.568s][info][gc,heap        ] GC(80) ParOldGen: 496202K(561664K)->496202K(561664K)
[6.568s][info][gc,metaspace   ] GC(80) Metaspace: 6298K(6464K)->6298K(6464K) NonClass: 5765K(5824K)->5765K(5824K) Class: 533K(640K)->533K(640K)
[6.568s][info][gc             ] GC(80) Pause Young (Allocation Failure) 500M->500M(602M) 23.706ms
[6.568s][info][gc,cpu         ] GC(80) User=0.02s Sys=0.00s Real=0.02s
[6.588s][info][gc,start       ] GC(81) Pause Young (Allocation Failure)
[6.626s][info][gc,heap        ] GC(81) PSYoungGen: 34816K(55296K)->34848K(56832K) Eden: 18432K(18432K)->0K(18432K) From: 16384K(36864K)->34848K(38400K)
[6.626s][info][gc,heap        ] GC(81) ParOldGen: 496202K(561664K)->496202K(561664K)
[6.626s][info][gc,metaspace   ] GC(81) Metaspace: 6298K(6464K)->6298K(6464K) NonClass: 5765K(5824K)->5765K(5824K) Class: 533K(640K)->533K(640K)
[6.626s][info][gc             ] GC(81) Pause Young (Allocation Failure) 518M->518M(604M) 38.221ms
[6.626s][info][gc,cpu         ] GC(81) User=0.03s Sys=0.00s Real=0.04s
[6.647s][info][gc,start       ] GC(82) Pause Young (Allocation Failure)
[6.707s][info][gc,heap        ] GC(82) PSYoungGen: 53280K(56832K)->41984K(52736K) Eden: 18432K(18432K)->0K(10752K) From: 34848K(38400K)->41984K(41984K)
[6.707s][info][gc,heap        ] GC(82) ParOldGen: 496202K(561664K)->507634K(561664K)
[6.707s][info][gc,metaspace   ] GC(82) Metaspace: 6298K(6464K)->6298K(6464K) NonClass: 5765K(5824K)->5765K(5824K) Class: 533K(640K)->533K(640K)
[6.707s][info][gc             ] GC(82) Pause Young (Allocation Failure) 536M->536M(600M) 60.039ms
[6.707s][info][gc,cpu         ] GC(82) User=0.05s Sys=0.00s Real=0.06s
[6.719s][info][gc,start       ] GC(83) Pause Young (Allocation Failure)
[6.775s][info][gc,heap        ] GC(83) PSYoungGen: 52736K(52736K)->24960K(35840K) Eden: 10752K(10752K)->0K(10752K) From: 41984K(41984K)->24960K(25088K)
[6.775s][info][gc,heap        ] GC(83) ParOldGen: 507634K(561664K)->535794K(561664K)
[6.775s][info][gc,metaspace   ] GC(83) Metaspace: 6298K(6464K)->6298K(6464K) NonClass: 5765K(5824K)->5765K(5824K) Class: 533K(640K)->533K(640K)
[6.775s][info][gc             ] GC(83) Pause Young (Allocation Failure) 547M->547M(583M) 55.767ms
[6.775s][info][gc,cpu         ] GC(83) User=0.03s Sys=0.02s Real=0.06s
[6.775s][info][gc,start       ] GC(84) Pause Full (Ergonomics)
[6.775s][info][gc,phases,start] GC(84) Marking Phase
[7.189s][info][gc,phases      ] GC(84) Marking Phase 413.267ms
[7.189s][info][gc,phases,start] GC(84) Summary Phase
[7.189s][info][gc,phases      ] GC(84) Summary Phase 0.043ms
[7.189s][info][gc,phases,start] GC(84) Adjust Roots
[7.189s][info][gc,phases      ] GC(84) Adjust Roots 0.237ms
[7.189s][info][gc,phases,start] GC(84) Compaction Phase
[7.376s][info][gc,phases      ] GC(84) Compaction Phase 186.882ms
[7.376s][info][gc,phases,start] GC(84) Post Compact
[7.377s][info][gc,phases      ] GC(84) Post Compact 1.265ms
[7.378s][info][gc,heap        ] GC(84) PSYoungGen: 24960K(35840K)->0K(62464K) Eden: 0K(10752K)->0K(12800K) From: 24960K(25088K)->0K(49664K)
[7.378s][info][gc,heap        ] GC(84) ParOldGen: 535794K(561664K)->560075K(636416K)
[7.378s][info][gc,metaspace   ] GC(84) Metaspace: 6298K(6464K)->6298K(6464K) NonClass: 5765K(5824K)->5765K(5824K) Class: 533K(640K)->533K(640K)
[7.378s][info][gc             ] GC(84) Pause Full (Ergonomics) 547M->546M(682M) 602.430ms
[7.378s][info][gc,cpu         ] GC(84) User=0.56s Sys=0.02s Real=0.60s
[7.391s][info][gc,start       ] GC(85) Pause Young (Allocation Failure)
[7.412s][info][gc,heap        ] GC(85) PSYoungGen: 12800K(62464K)->12800K(62464K) Eden: 12800K(12800K)->0K(12800K) From: 0K(49664K)->12800K(49664K)
[7.412s][info][gc,heap        ] GC(85) ParOldGen: 560075K(636416K)->560075K(636416K)
[7.412s][info][gc,metaspace   ] GC(85) Metaspace: 6298K(6464K)->6298K(6464K) NonClass: 5765K(5824K)->5765K(5824K) Class: 533K(640K)->533K(640K)
[7.412s][info][gc             ] GC(85) Pause Young (Allocation Failure) 559M->559M(682M) 21.110ms
[7.412s][info][gc,cpu         ] GC(85) User=0.02s Sys=0.00s Real=0.02s
[7.427s][info][gc,start       ] GC(86) Pause Young (Allocation Failure)
[7.458s][info][gc,heap        ] GC(86) PSYoungGen: 25600K(62464K)->25600K(60416K) Eden: 12800K(12800K)->0K(14336K) From: 12800K(49664K)->25600K(46080K)
[7.458s][info][gc,heap        ] GC(86) ParOldGen: 560075K(636416K)->560075K(636416K)
[7.458s][info][gc,metaspace   ] GC(86) Metaspace: 6298K(6464K)->6298K(6464K) NonClass: 5765K(5824K)->5765K(5824K) Class: 533K(640K)->533K(640K)
[7.458s][info][gc             ] GC(86) Pause Young (Allocation Failure) 571M->571M(680M) 30.602ms
[7.458s][info][gc,cpu         ] GC(86) User=0.02s Sys=0.00s Real=0.03s
[7.473s][info][gc,start       ] GC(87) Pause Young (Allocation Failure)
[7.515s][info][gc,heap        ] GC(87) PSYoungGen: 39936K(60416K)->39936K(61952K) Eden: 14336K(14336K)->0K(14336K) From: 25600K(46080K)->39936K(47616K)
[7.515s][info][gc,heap        ] GC(87) ParOldGen: 560075K(636416K)->560075K(636416K)
[7.515s][info][gc,metaspace   ] GC(87) Metaspace: 6298K(6464K)->6298K(6464K) NonClass: 5765K(5824K)->5765K(5824K) Class: 533K(640K)->533K(640K)
[7.515s][info][gc             ] GC(87) Pause Young (Allocation Failure) 585M->585M(682M) 41.314ms
[7.515s][info][gc,cpu         ] GC(87) User=0.03s Sys=0.00s Real=0.04s
[7.531s][info][gc,start       ] GC(88) Pause Young (Allocation Failure)
[7.589s][info][gc,heap        ] GC(88) PSYoungGen: 54272K(61952K)->51200K(59392K) Eden: 14336K(14336K)->0K(8192K) From: 39936K(47616K)->51200K(51200K)
[7.589s][info][gc,heap        ] GC(88) ParOldGen: 560075K(636416K)->563179K(636416K)
[7.589s][info][gc,metaspace   ] GC(88) Metaspace: 6298K(6464K)->6298K(6464K) NonClass: 5765K(5824K)->5765K(5824K) Class: 533K(640K)->533K(640K)
[7.589s][info][gc             ] GC(88) Pause Young (Allocation Failure) 599M->599M(679M) 57.745ms
[7.589s][info][gc,cpu         ] GC(88) User=0.03s Sys=0.02s Real=0.06s
[7.600s][info][gc,start       ] GC(89) Pause Young (Allocation Failure)
[7.661s][info][gc,heap        ] GC(89) PSYoungGen: 59392K(59392K)->47072K(67584K) Eden: 8192K(8192K)->0K(8192K) From: 51200K(51200K)->47072K(59392K)
[7.661s][info][gc,heap        ] GC(89) ParOldGen: 563179K(636416K)->575659K(636416K)
[7.661s][info][gc,metaspace   ] GC(89) Metaspace: 6298K(6464K)->6298K(6464K) NonClass: 5765K(5824K)->5765K(5824K) Class: 533K(640K)->533K(640K)
[7.661s][info][gc             ] GC(89) Pause Young (Allocation Failure) 607M->608M(687M) 61.436ms
[7.661s][info][gc,cpu         ] GC(89) User=0.05s Sys=0.00s Real=0.06s
[7.673s][info][gc,start       ] GC(90) Pause Young (Allocation Failure)
[7.729s][info][gc,heap        ] GC(90) PSYoungGen: 55264K(67584K)->42944K(71680K) Eden: 8192K(8192K)->0K(8192K) From: 47072K(59392K)->42944K(63488K)
[7.729s][info][gc,heap        ] GC(90) ParOldGen: 575659K(636416K)->588155K(636416K)
[7.729s][info][gc,metaspace   ] GC(90) Metaspace: 6298K(6464K)->6298K(6464K) NonClass: 5765K(5824K)->5765K(5824K) Class: 533K(640K)->533K(640K)
[7.729s][info][gc             ] GC(90) Pause Young (Allocation Failure) 616M->616M(691M) 56.247ms
[7.729s][info][gc,cpu         ] GC(90) User=0.05s Sys=0.00s Real=0.06s
[7.739s][info][gc,start       ] GC(91) Pause Young (Allocation Failure)
[7.798s][info][gc,heap        ] GC(91) PSYoungGen: 51136K(71680K)->24544K(32768K) Eden: 8192K(8192K)->0K(8192K) From: 42944K(63488K)->24544K(24576K)
[7.798s][info][gc,heap        ] GC(91) ParOldGen: 588155K(636416K)->615099K(636416K)
[7.798s][info][gc,metaspace   ] GC(91) Metaspace: 6298K(6464K)->6298K(6464K) NonClass: 5765K(5824K)->5765K(5824K) Class: 533K(640K)->533K(640K)
[7.798s][info][gc             ] GC(91) Pause Young (Allocation Failure) 624M->624M(653M) 58.809ms
[7.798s][info][gc,cpu         ] GC(91) User=0.06s Sys=0.00s Real=0.06s
[7.798s][info][gc,start       ] GC(92) Pause Full (Ergonomics)
[7.798s][info][gc,phases,start] GC(92) Marking Phase
[8.268s][info][gc,phases      ] GC(92) Marking Phase 469.356ms
[8.268s][info][gc,phases,start] GC(92) Summary Phase
[8.268s][info][gc,phases      ] GC(92) Summary Phase 0.033ms
[8.268s][info][gc,phases,start] GC(92) Adjust Roots
[8.268s][info][gc,phases      ] GC(92) Adjust Roots 0.209ms
[8.268s][info][gc,phases,start] GC(92) Compaction Phase
[8.477s][info][gc,phases      ] GC(92) Compaction Phase 208.735ms
[8.477s][info][gc,phases,start] GC(92) Post Compact
[8.478s][info][gc,phases      ] GC(92) Post Compact 1.220ms
[8.478s][info][gc,heap        ] GC(92) PSYoungGen: 24544K(32768K)->2510K(32768K) Eden: 0K(8192K)->0K(8192K) From: 24544K(24576K)->2510K(24576K)
[8.478s][info][gc,heap        ] GC(92) ParOldGen: 615099K(636416K)->636204K(721920K)
[8.479s][info][gc,metaspace   ] GC(92) Metaspace: 6298K(6464K)->6298K(6464K) NonClass: 5765K(5824K)->5765K(5824K) Class: 533K(640K)->533K(640K)
[8.479s][info][gc             ] GC(92) Pause Full (Ergonomics) 624M->623M(737M) 680.299ms
[8.479s][info][gc,cpu         ] GC(92) User=0.64s Sys=0.02s Real=0.68s
[8.490s][info][gc,start       ] GC(93) Pause Young (Allocation Failure)
[8.598s][info][gc,heap        ] GC(93) PSYoungGen: 10702K(32768K)->8704K(72192K) Eden: 8192K(8192K)->0K(9728K) From: 2510K(24576K)->8704K(62464K)
[8.598s][info][gc,heap        ] GC(93) ParOldGen: 636204K(721920K)->638236K(721920K)
[8.598s][info][gc,metaspace   ] GC(93) Metaspace: 6298K(6464K)->6298K(6464K) NonClass: 5765K(5824K)->5765K(5824K) Class: 533K(640K)->533K(640K)
[8.598s][info][gc             ] GC(93) Pause Young (Allocation Failure) 631M->631M(775M) 108.236ms
[8.599s][info][gc,cpu         ] GC(93) User=0.09s Sys=0.00s Real=0.11s
[8.609s][info][gc,start       ] GC(94) Pause Young (Allocation Failure)
[8.635s][info][gc,heap        ] GC(94) PSYoungGen: 18432K(72192K)->17920K(72704K) Eden: 9728K(9728K)->0K(9728K) From: 8704K(62464K)->17920K(62976K)
[8.635s][info][gc,heap        ] GC(94) ParOldGen: 638236K(721920K)->638764K(721920K)
[8.635s][info][gc,metaspace   ] GC(94) Metaspace: 6298K(6464K)->6298K(6464K) NonClass: 5765K(5824K)->5765K(5824K) Class: 533K(640K)->533K(640K)
[8.635s][info][gc             ] GC(94) Pause Young (Allocation Failure) 641M->641M(776M) 25.865ms
[8.635s][info][gc,cpu         ] GC(94) User=0.02s Sys=0.00s Real=0.03s
[8.648s][info][gc,start       ] GC(95) Pause Young (Allocation Failure)
[8.683s][info][gc,heap        ] GC(95) PSYoungGen: 27648K(72704K)->19456K(68608K) Eden: 9728K(9728K)->0K(11264K) From: 17920K(62976K)->19456K(57344K)
[8.683s][info][gc,heap        ] GC(95) ParOldGen: 638764K(721920K)->647060K(721920K)
[8.684s][info][gc,metaspace   ] GC(95) Metaspace: 6298K(6464K)->6298K(6464K) NonClass: 5765K(5824K)->5765K(5824K) Class: 533K(640K)->533K(640K)
[8.684s][info][gc             ] GC(95) Pause Young (Allocation Failure) 650M->650M(772M) 35.981ms
[8.684s][info][gc,cpu         ] GC(95) User=0.03s Sys=0.00s Real=0.04s
[8.698s][info][gc,start       ] GC(96) Pause Young (Allocation Failure)
[8.738s][info][gc,heap        ] GC(96) PSYoungGen: 30720K(68608K)->20992K(32256K) Eden: 11264K(11264K)->0K(11264K) From: 19456K(57344K)->20992K(20992K)
[8.738s][info][gc,heap        ] GC(96) ParOldGen: 647060K(721920K)->656908K(721920K)
[8.738s][info][gc,metaspace   ] GC(96) Metaspace: 6298K(6464K)->6298K(6464K) NonClass: 5765K(5824K)->5765K(5824K) Class: 533K(640K)->533K(640K)
[8.738s][info][gc             ] GC(96) Pause Young (Allocation Failure) 661M->662M(736M) 39.851ms
[8.738s][info][gc,cpu         ] GC(96) User=0.03s Sys=0.00s Real=0.04s
[8.752s][info][gc,start       ] GC(97) Pause Young (Allocation Failure)
[8.794s][info][gc,heap        ] GC(97) PSYoungGen: 32256K(32256K)->22528K(66048K) Eden: 11264K(11264K)->0K(13312K) From: 20992K(20992K)->22528K(52736K)
[8.794s][info][gc,heap        ] GC(97) ParOldGen: 656908K(721920K)->666756K(721920K)
[8.794s][info][gc,metaspace   ] GC(97) Metaspace: 6298K(6464K)->6298K(6464K) NonClass: 5765K(5824K)->5765K(5824K) Class: 533K(640K)->533K(640K)
[8.795s][info][gc             ] GC(97) Pause Young (Allocation Failure) 673M->673M(769M) 42.018ms
[8.795s][info][gc,cpu         ] GC(97) User=0.03s Sys=0.00s Real=0.04s
[8.812s][info][gc,start       ] GC(98) Pause Young (Allocation Failure)
[8.859s][info][gc,heap        ] GC(98) PSYoungGen: 35840K(66048K)->24576K(37888K) Eden: 13312K(13312K)->0K(13312K) From: 22528K(52736K)->24576K(24576K)
[8.859s][info][gc,heap        ] GC(98) ParOldGen: 666756K(721920K)->678172K(721920K)
[8.859s][info][gc,metaspace   ] GC(98) Metaspace: 6298K(6464K)->6298K(6464K) NonClass: 5765K(5824K)->5765K(5824K) Class: 533K(640K)->533K(640K)
[8.859s][info][gc             ] GC(98) Pause Young (Allocation Failure) 686M->686M(742M) 47.196ms
[8.859s][info][gc,cpu         ] GC(98) User=0.03s Sys=0.00s Real=0.05s
[8.964s][info][gc,start       ] GC(99) Pause Full (Ergonomics)
[8.964s][info][gc,phases,start] GC(99) Marking Phase
[9.516s][info][gc,phases      ] GC(99) Marking Phase 551.848ms
[9.516s][info][gc,phases,start] GC(99) Summary Phase
[9.516s][info][gc,phases      ] GC(99) Summary Phase 0.022ms
[9.516s][info][gc,phases,start] GC(99) Adjust Roots
[9.516s][info][gc,phases      ] GC(99) Adjust Roots 0.248ms
[9.516s][info][gc,phases,start] GC(99) Compaction Phase
[9.780s][info][gc,phases      ] GC(99) Compaction Phase 263.495ms
[9.780s][info][gc,phases,start] GC(99) Post Compact
[9.781s][info][gc,phases      ] GC(99) Post Compact 1.444ms
[9.781s][info][gc,heap        ] GC(99) PSYoungGen: 37888K(37888K)->10200K(37888K) Eden: 13312K(13312K)->0K(13312K) From: 24576K(24576K)->10200K(24576K)
[9.782s][info][gc,heap        ] GC(99) ParOldGen: 710940K(721920K)->721470K(808448K)
[9.782s][info][gc,metaspace   ] GC(99) Metaspace: 6298K(6464K)->6298K(6464K) NonClass: 5765K(5824K)->5765K(5824K) Class: 533K(640K)->533K(640K)
[9.782s][info][gc             ] GC(99) Pause Full (Ergonomics) 731M->714M(826M) 817.758ms
[9.782s][info][gc,cpu         ] GC(99) User=0.78s Sys=0.02s Real=0.82s
[9.797s][info][gc,start       ] GC(100) Pause Young (Allocation Failure)
[9.927s][info][gc,heap        ] GC(100) PSYoungGen: 23512K(37888K)->19232K(63488K) Eden: 13312K(13312K)->0K(15360K) From: 10200K(24576K)->19232K(48128K)
[9.927s][info][gc,heap        ] GC(100) ParOldGen: 721470K(808448K)->725846K(808448K)
[9.927s][info][gc,metaspace   ] GC(100) Metaspace: 6298K(6464K)->6298K(6464K) NonClass: 5765K(5824K)->5765K(5824K) Class: 533K(640K)->533K(640K)
[9.927s][info][gc             ] GC(100) Pause Young (Allocation Failure) 727M->727M(851M) 130.126ms
[9.927s][info][gc,cpu         ] GC(100) User=0.12s Sys=0.00s Real=0.13s
[9.943s][info][gc,start       ] GC(101) Pause Young (Allocation Failure)
[9.985s][info][gc,heap        ] GC(101) PSYoungGen: 34592K(63488K)->34592K(65536K) Eden: 15360K(15360K)->0K(15360K) From: 19232K(48128K)->34592K(50176K)
[9.985s][info][gc,heap        ] GC(101) ParOldGen: 725846K(808448K)->725846K(808448K)
[9.985s][info][gc,metaspace   ] GC(101) Metaspace: 6298K(6464K)->6298K(6464K) NonClass: 5765K(5824K)->5765K(5824K) Class: 533K(640K)->533K(640K)
[9.985s][info][gc             ] GC(101) Pause Young (Allocation Failure) 742M->742M(853M) 41.932ms
[9.985s][info][gc,cpu         ] GC(101) User=0.05s Sys=0.00s Real=0.04s
[10.002s][info][gc,start       ] GC(102) Pause Young (Allocation Failure)
[10.057s][info][gc,heap        ] GC(102) PSYoungGen: 49952K(65536K)->44032K(64000K) Eden: 15360K(15360K)->0K(12800K) From: 34592K(50176K)->44032K(51200K)
[10.057s][info][gc,heap        ] GC(102) ParOldGen: 725846K(808448K)->731846K(808448K)
[10.057s][info][gc,metaspace   ] GC(102) Metaspace: 6298K(6464K)->6298K(6464K) NonClass: 5765K(5824K)->5765K(5824K) Class: 533K(640K)->533K(640K)
[10.057s][info][gc             ] GC(102) Pause Young (Allocation Failure) 757M->757M(852M) 55.058ms
[10.057s][info][gc,cpu         ] GC(102) User=0.05s Sys=0.00s Real=0.05s
[10.071s][info][gc,start       ] GC(103) Pause Young (Allocation Failure)
[10.133s][info][gc,heap        ] GC(103) PSYoungGen: 56832K(64000K)->43520K(68608K) Eden: 12800K(12800K)->0K(12800K) From: 44032K(51200K)->43520K(55808K)
[10.133s][info][gc,heap        ] GC(103) ParOldGen: 731846K(808448K)->745342K(808448K)
[10.133s][info][gc,metaspace   ] GC(103) Metaspace: 6298K(6464K)->6298K(6464K) NonClass: 5765K(5824K)->5765K(5824K) Class: 533K(640K)->533K(640K)
[10.133s][info][gc             ] GC(103) Pause Young (Allocation Failure) 770M->770M(856M) 61.862ms
[10.133s][info][gc,cpu         ] GC(103) User=0.05s Sys=0.00s Real=0.06s
[10.146s][info][gc,start       ] GC(104) Pause Young (Allocation Failure)
[10.207s][info][gc,heap        ] GC(104) PSYoungGen: 56320K(68608K)->40960K(72704K) Eden: 12800K(12800K)->0K(13824K) From: 43520K(55808K)->40960K(58880K)
[10.207s][info][gc,heap        ] GC(104) ParOldGen: 745342K(808448K)->760918K(808448K)
[10.208s][info][gc,metaspace   ] GC(104) Metaspace: 6298K(6464K)->6298K(6464K) NonClass: 5765K(5824K)->5765K(5824K) Class: 533K(640K)->533K(640K)
[10.208s][info][gc             ] GC(104) Pause Young (Allocation Failure) 782M->783M(860M) 61.130ms
[10.208s][info][gc,cpu         ] GC(104) User=0.03s Sys=0.02s Real=0.06s
[10.222s][info][gc,start       ] GC(105) Pause Young (Allocation Failure)
[10.287s][info][gc,heap        ] GC(105) PSYoungGen: 54784K(72704K)->26624K(73728K) Eden: 13824K(13824K)->0K(13824K) From: 40960K(58880K)->26624K(59904K)
[10.287s][info][gc,heap        ] GC(105) ParOldGen: 760918K(808448K)->789470K(808448K)
[10.287s][info][gc,metaspace   ] GC(105) Metaspace: 6298K(6464K)->6298K(6464K) NonClass: 5765K(5824K)->5765K(5824K) Class: 533K(640K)->533K(640K)
[10.287s][info][gc             ] GC(105) Pause Young (Allocation Failure) 796M->796M(861M) 65.155ms
[10.287s][info][gc,cpu         ] GC(105) User=0.05s Sys=0.02s Real=0.06s
[10.287s][info][gc,start       ] GC(106) Pause Full (Ergonomics)
[10.287s][info][gc,phases,start] GC(106) Marking Phase
[10.900s][info][gc,phases      ] GC(106) Marking Phase 612.549ms
[10.900s][info][gc,phases,start] GC(106) Summary Phase
[10.900s][info][gc,phases      ] GC(106) Summary Phase 0.063ms
[10.900s][info][gc,phases,start] GC(106) Adjust Roots
[10.900s][info][gc,phases      ] GC(106) Adjust Roots 0.240ms
[10.900s][info][gc,phases,start] GC(106) Compaction Phase
[11.170s][info][gc,phases      ] GC(106) Compaction Phase 269.120ms
[11.170s][info][gc,phases,start] GC(106) Post Compact
[11.171s][info][gc,phases      ] GC(106) Post Compact 1.625ms
[11.172s][info][gc,heap        ] GC(106) PSYoungGen: 26624K(73728K)->6633K(73728K) Eden: 0K(13824K)->0K(13824K) From: 26624K(59904K)->6633K(59904K)
[11.172s][info][gc,heap        ] GC(106) ParOldGen: 789470K(808448K)->808312K(908800K)
[11.172s][info][gc,metaspace   ] GC(106) Metaspace: 6298K(6464K)->6298K(6464K) NonClass: 5765K(5824K)->5765K(5824K) Class: 533K(640K)->533K(640K)
[11.172s][info][gc             ] GC(106) Pause Full (Ergonomics) 796M->795M(959M) 884.491ms
[11.172s][info][gc,cpu         ] GC(106) User=0.88s Sys=0.00s Real=0.88s
[11.187s][info][gc,start       ] GC(107) Pause Young (Allocation Failure)
[11.333s][info][gc,heap        ] GC(107) PSYoungGen: 20457K(73728K)->13824K(73216K) Eden: 13824K(13824K)->0K(15872K) From: 6633K(59904K)->13824K(57344K)
[11.333s][info][gc,heap        ] GC(107) ParOldGen: 808312K(908800K)->815056K(908800K)
[11.333s][info][gc,metaspace   ] GC(107) Metaspace: 6298K(6464K)->6298K(6464K) NonClass: 5765K(5824K)->5765K(5824K) Class: 533K(640K)->533K(640K)
[11.333s][info][gc             ] GC(107) Pause Young (Allocation Failure) 809M->809M(959M) 145.549ms
[11.333s][info][gc,cpu         ] GC(107) User=0.14s Sys=0.00s Real=0.14s
[11.350s][info][gc,start       ] GC(108) Pause Young (Allocation Failure)
[11.393s][info][gc,heap        ] GC(108) PSYoungGen: 29696K(73216K)->15904K(73728K) Eden: 15872K(15872K)->0K(15872K) From: 13824K(57344K)->15904K(57856K)
[11.393s][info][gc,heap        ] GC(108) ParOldGen: 815056K(908800K)->829072K(908800K)
[11.393s][info][gc,metaspace   ] GC(108) Metaspace: 6298K(6464K)->6298K(6464K) NonClass: 5765K(5824K)->5765K(5824K) Class: 533K(640K)->533K(640K)
[11.393s][info][gc             ] GC(108) Pause Young (Allocation Failure) 824M->825M(959M) 43.256ms
[11.393s][info][gc,cpu         ] GC(108) User=0.03s Sys=0.00s Real=0.04s
[11.412s][info][gc,start       ] GC(109) Pause Young (Allocation Failure)
[11.457s][info][gc,heap        ] GC(109) PSYoungGen: 31776K(73728K)->15872K(73216K) Eden: 15872K(15872K)->0K(18432K) From: 15904K(57856K)->15872K(54784K)
[11.457s][info][gc,heap        ] GC(109) ParOldGen: 829072K(908800K)->845168K(908800K)
[11.457s][info][gc,metaspace   ] GC(109) Metaspace: 6298K(6464K)->6298K(6464K) NonClass: 5765K(5824K)->5765K(5824K) Class: 533K(640K)->533K(640K)
[11.457s][info][gc             ] GC(109) Pause Young (Allocation Failure) 840M->840M(959M) 44.998ms
[11.457s][info][gc,cpu         ] GC(109) User=0.02s Sys=0.02s Real=0.05s
[11.477s][info][gc,start       ] GC(110) Pause Young (Allocation Failure)
[11.526s][info][gc,heap        ] GC(110) PSYoungGen: 34304K(73216K)->18464K(74240K) Eden: 18432K(18432K)->0K(18432K) From: 15872K(54784K)->18464K(55808K)
[11.526s][info][gc,heap        ] GC(110) ParOldGen: 845168K(908800K)->861264K(908800K)
[11.526s][info][gc,metaspace   ] GC(110) Metaspace: 6298K(6464K)->6298K(6464K) NonClass: 5765K(5824K)->5765K(5824K) Class: 533K(640K)->533K(640K)
[11.526s][info][gc             ] GC(110) Pause Young (Allocation Failure) 858M->859M(960M) 48.926ms
[11.526s][info][gc,cpu         ] GC(110) User=0.03s Sys=0.02s Real=0.05s
[11.545s][info][gc,start       ] GC(111) Pause Young (Allocation Failure)
[11.597s][info][gc,heap        ] GC(111) PSYoungGen: 36896K(74240K)->18464K(72704K) Eden: 18432K(18432K)->0K(21504K) From: 18464K(55808K)->18464K(51200K)
[11.597s][info][gc,heap        ] GC(111) ParOldGen: 861264K(908800K)->879960K(908800K)
[11.597s][info][gc,metaspace   ] GC(111) Metaspace: 6298K(6464K)->6298K(6464K) NonClass: 5765K(5824K)->5765K(5824K) Class: 533K(640K)->533K(640K)
[11.597s][info][gc             ] GC(111) Pause Young (Allocation Failure) 877M->877M(958M) 52.139ms
[11.597s][info][gc,cpu         ] GC(111) User=0.03s Sys=0.02s Real=0.05s
[11.597s][info][gc,start       ] GC(112) Pause Full (Ergonomics)
[11.597s][info][gc,phases,start] GC(112) Marking Phase
[12.260s][info][gc,phases      ] GC(112) Marking Phase 662.458ms
[12.260s][info][gc,phases,start] GC(112) Summary Phase
[12.260s][info][gc,phases      ] GC(112) Summary Phase 0.060ms
[12.260s][info][gc,phases,start] GC(112) Adjust Roots
[12.260s][info][gc,phases      ] GC(112) Adjust Roots 0.246ms
[12.260s][info][gc,phases,start] GC(112) Compaction Phase
[12.537s][info][gc,phases      ] GC(112) Compaction Phase 276.416ms
[12.537s][info][gc,phases,start] GC(112) Post Compact
[12.539s][info][gc,phases      ] GC(112) Post Compact 1.717ms
[12.539s][info][gc,heap        ] GC(112) PSYoungGen: 18464K(72704K)->0K(74240K) Eden: 0K(21504K)->0K(21504K) From: 18464K(51200K)->0K(52736K)
[12.539s][info][gc,heap        ] GC(112) ParOldGen: 879960K(908800K)->897225K(1007104K)
[12.539s][info][gc,metaspace   ] GC(112) Metaspace: 6298K(6464K)->6298K(6464K) NonClass: 5765K(5824K)->5765K(5824K) Class: 533K(640K)->533K(640K)
[12.539s][info][gc             ] GC(112) Pause Full (Ergonomics) 877M->876M(1056M) 941.738ms
[12.539s][info][gc,cpu         ] GC(112) User=0.92s Sys=0.00s Real=0.94s
[12.562s][info][gc,start       ] GC(113) Pause Young (Allocation Failure)
[12.596s][info][gc,heap        ] GC(113) PSYoungGen: 21504K(74240K)->21536K(70656K) Eden: 21504K(21504K)->0K(24064K) From: 0K(52736K)->21536K(46592K)
[12.597s][info][gc,heap        ] GC(113) ParOldGen: 897225K(1007104K)->897225K(1007104K)
[12.597s][info][gc,metaspace   ] GC(113) Metaspace: 6298K(6464K)->6298K(6464K) NonClass: 5765K(5824K)->5765K(5824K) Class: 533K(640K)->533K(640K)
[12.597s][info][gc             ] GC(113) Pause Young (Allocation Failure) 897M->897M(1052M) 34.127ms
[12.597s][info][gc,cpu         ] GC(113) User=0.03s Sys=0.00s Real=0.03s
[12.622s][info][gc,start       ] GC(114) Pause Young (Allocation Failure)
[12.674s][info][gc,heap        ] GC(114) PSYoungGen: 45600K(70656K)->45600K(74240K) Eden: 24064K(24064K)->0K(24064K) From: 21536K(46592K)->45600K(50176K)
[12.674s][info][gc,heap        ] GC(114) ParOldGen: 897225K(1007104K)->897225K(1007104K)
[12.674s][info][gc,metaspace   ] GC(114) Metaspace: 6298K(6464K)->6298K(6464K) NonClass: 5765K(5824K)->5765K(5824K) Class: 533K(640K)->533K(640K)
[12.674s][info][gc             ] GC(114) Pause Young (Allocation Failure) 920M->920M(1056M) 51.807ms
[12.674s][info][gc,cpu         ] GC(114) User=0.05s Sys=0.00s Real=0.05s
[12.699s][info][gc,start       ] GC(115) Pause Young (Allocation Failure)
[12.781s][info][gc,heap        ] GC(115) PSYoungGen: 69664K(74240K)->55808K(70144K) Eden: 24064K(24064K)->0K(14336K) From: 45600K(50176K)->55808K(55808K)
[12.781s][info][gc,heap        ] GC(115) ParOldGen: 897225K(1007104K)->911297K(1007104K)
[12.781s][info][gc,metaspace   ] GC(115) Metaspace: 6298K(6464K)->6298K(6464K) NonClass: 5765K(5824K)->5765K(5824K) Class: 533K(640K)->533K(640K)
[12.781s][info][gc             ] GC(115) Pause Young (Allocation Failure) 944M->944M(1052M) 81.703ms
[12.781s][info][gc,cpu         ] GC(115) User=0.06s Sys=0.02s Real=0.08s
[12.797s][info][gc,start       ] GC(116) Pause Young (Allocation Failure)
[12.876s][info][gc,heap        ] GC(116) PSYoungGen: 70144K(70144K)->34720K(82944K) Eden: 14336K(14336K)->0K(14336K) From: 55808K(55808K)->34720K(68608K)
[12.876s][info][gc,heap        ] GC(116) ParOldGen: 911297K(1007104K)->947217K(1007104K)
[12.876s][info][gc,metaspace   ] GC(116) Metaspace: 6298K(6464K)->6298K(6464K) NonClass: 5765K(5824K)->5765K(5824K) Class: 533K(640K)->533K(640K)
[12.876s][info][gc             ] GC(116) Pause Young (Allocation Failure) 958M->958M(1064M) 79.764ms
[12.876s][info][gc,cpu         ] GC(116) User=0.06s Sys=0.00s Real=0.08s
[12.892s][info][gc,start       ] GC(117) Pause Young (Allocation Failure)
[12.950s][info][gc,heap        ] GC(117) PSYoungGen: 49056K(82944K)->28672K(77824K) Eden: 14336K(14336K)->0K(16896K) From: 34720K(68608K)->28672K(60928K)
[12.950s][info][gc,heap        ] GC(117) ParOldGen: 947217K(1007104K)->967889K(1007104K)
[12.950s][info][gc,metaspace   ] GC(117) Metaspace: 6298K(6464K)->6298K(6464K) NonClass: 5765K(5824K)->5765K(5824K) Class: 533K(640K)->533K(640K)
[12.950s][info][gc             ] GC(117) Pause Young (Allocation Failure) 972M->973M(1059M) 57.618ms
[12.950s][info][gc,cpu         ] GC(117) User=0.05s Sys=0.00s Real=0.06s
[12.969s][info][gc,start       ] GC(118) Pause Young (Allocation Failure)
[13.025s][info][gc,heap        ] GC(118) PSYoungGen: 45568K(77824K)->31264K(48640K) Eden: 16896K(16896K)->0K(16896K) From: 28672K(60928K)->31264K(31744K)
[13.025s][info][gc,heap        ] GC(118) ParOldGen: 967889K(1007104K)->982425K(1007104K)
[13.025s][info][gc,metaspace   ] GC(118) Metaspace: 6298K(6464K)->6298K(6464K) NonClass: 5765K(5824K)->5765K(5824K) Class: 533K(640K)->533K(640K)
[13.025s][info][gc             ] GC(118) Pause Young (Allocation Failure) 989M->989M(1031M) 55.928ms
[13.025s][info][gc,cpu         ] GC(118) User=0.03s Sys=0.02s Real=0.06s
[13.025s][info][gc,start       ] GC(119) Pause Full (Ergonomics)
[13.025s][info][gc,phases,start] GC(119) Marking Phase
[13.773s][info][gc,phases      ] GC(119) Marking Phase 748.144ms
[13.773s][info][gc,phases,start] GC(119) Summary Phase
[13.773s][info][gc,phases      ] GC(119) Summary Phase 0.024ms
[13.773s][info][gc,phases,start] GC(119) Adjust Roots
[13.774s][info][gc,phases      ] GC(119) Adjust Roots 0.411ms
[13.774s][info][gc,phases,start] GC(119) Compaction Phase
[14.095s][info][gc,phases      ] GC(119) Compaction Phase 320.820ms
[14.095s][info][gc,phases,start] GC(119) Post Compact
[14.097s][info][gc,phases      ] GC(119) Post Compact 2.155ms
[14.097s][info][gc,heap        ] GC(119) PSYoungGen: 31264K(48640K)->5622K(48640K) Eden: 0K(16896K)->0K(16896K) From: 31264K(31744K)->5622K(31744K)
[14.097s][info][gc,heap        ] GC(119) ParOldGen: 982425K(1007104K)->1006627K(1024000K)
[14.097s][info][gc,metaspace   ] GC(119) Metaspace: 6298K(6464K)->6298K(6464K) NonClass: 5765K(5824K)->5765K(5824K) Class: 533K(640K)->533K(640K)
[14.097s][info][gc             ] GC(119) Pause Full (Ergonomics) 989M->988M(1047M) 1071.999ms
[14.097s][info][gc,cpu         ] GC(119) User=1.02s Sys=0.02s Real=1.07s
[14.116s][info][gc,start       ] GC(120) Pause Full (Ergonomics)
[14.116s][info][gc,phases,start] GC(120) Marking Phase
[14.891s][info][gc,phases      ] GC(120) Marking Phase 775.148ms
[14.891s][info][gc,phases,start] GC(120) Summary Phase
[14.891s][info][gc,phases      ] GC(120) Summary Phase 0.023ms
[14.891s][info][gc,phases,start] GC(120) Adjust Roots
[14.892s][info][gc,phases      ] GC(120) Adjust Roots 0.412ms
[14.892s][info][gc,phases,start] GC(120) Compaction Phase
[15.180s][info][gc,phases      ] GC(120) Compaction Phase 288.668ms
[15.180s][info][gc,phases,start] GC(120) Post Compact
[15.182s][info][gc,phases      ] GC(120) Post Compact 1.822ms
[15.182s][info][gc,heap        ] GC(120) PSYoungGen: 22518K(48640K)->5622K(48640K) Eden: 16896K(16896K)->0K(16896K) From: 5622K(31744K)->5622K(31744K)
[15.182s][info][gc,heap        ] GC(120) ParOldGen: 1006627K(1024000K)->1023492K(1024000K)
[15.182s][info][gc,metaspace   ] GC(120) Metaspace: 6298K(6464K)->6298K(6464K) NonClass: 5765K(5824K)->5765K(5824K) Class: 533K(640K)->533K(640K)
[15.182s][info][gc             ] GC(120) Pause Full (Ergonomics) 1005M->1004M(1047M) 1066.434ms
[15.182s][info][gc,cpu         ] GC(120) User=1.02s Sys=0.02s Real=1.07s
[15.201s][info][gc,start       ] GC(121) Pause Full (Ergonomics)
[15.201s][info][gc,phases,start] GC(121) Marking Phase
[15.991s][info][gc,phases      ] GC(121) Marking Phase 789.980ms
[15.991s][info][gc,phases,start] GC(121) Summary Phase
[15.991s][info][gc,phases      ] GC(121) Summary Phase 0.044ms
[15.991s][info][gc,phases,start] GC(121) Adjust Roots
[15.992s][info][gc,phases      ] GC(121) Adjust Roots 0.313ms
[15.992s][info][gc,phases,start] GC(121) Compaction Phase
[16.276s][info][gc,phases      ] GC(121) Compaction Phase 284.170ms
[16.276s][info][gc,phases,start] GC(121) Post Compact
[16.278s][info][gc,phases      ] GC(121) Post Compact 1.870ms
[16.278s][info][gc,heap        ] GC(121) PSYoungGen: 22518K(48640K)->22487K(48640K) Eden: 16896K(16896K)->16865K(16896K) From: 5622K(31744K)->5622K(31744K)
[16.278s][info][gc,heap        ] GC(121) ParOldGen: 1023492K(1024000K)->1023492K(1024000K)
[16.278s][info][gc,metaspace   ] GC(121) Metaspace: 6298K(6464K)->6298K(6464K) NonClass: 5765K(5824K)->5765K(5824K) Class: 533K(640K)->533K(640K)
[16.278s][info][gc             ] GC(121) Pause Full (Ergonomics) 1021M->1021M(1047M) 1076.866ms
[16.278s][info][gc,cpu         ] GC(121) User=1.00s Sys=0.02s Real=1.08s
[16.278s][info][gc,start       ] GC(122) Pause Full (Ergonomics)
[16.278s][info][gc,phases,start] GC(122) Marking Phase
[17.062s][info][gc,phases      ] GC(122) Marking Phase 783.188ms
[17.062s][info][gc,phases,start] GC(122) Summary Phase
[17.062s][info][gc,phases      ] GC(122) Summary Phase 0.029ms
[17.062s][info][gc,phases,start] GC(122) Adjust Roots
[17.062s][info][gc,phases      ] GC(122) Adjust Roots 0.185ms
[17.062s][info][gc,phases,start] GC(122) Compaction Phase
[17.332s][info][gc,phases      ] GC(122) Compaction Phase 270.335ms
[17.332s][info][gc,phases,start] GC(122) Post Compact
[17.334s][info][gc,phases      ] GC(122) Post Compact 1.741ms
[17.334s][info][gc,heap        ] GC(122) PSYoungGen: 22518K(48640K)->22517K(48640K) Eden: 16896K(16896K)->16895K(16896K) From: 5622K(31744K)->5622K(31744K)
[17.334s][info][gc,heap        ] GC(122) ParOldGen: 1023492K(1024000K)->1023492K(1024000K)
[17.334s][info][gc,metaspace   ] GC(122) Metaspace: 6298K(6464K)->6298K(6464K) NonClass: 5765K(5824K)->5765K(5824K) Class: 533K(640K)->533K(640K)
[17.334s][info][gc             ] GC(122) Pause Full (Ergonomics) 1021M->1021M(1047M) 1055.839ms
[17.334s][info][gc,cpu         ] GC(122) User=1.03s Sys=0.00s Real=1.06s
[17.335s][info][gc,start       ] GC(123) Pause Full (Ergonomics)
[17.335s][info][gc,phases,start] GC(123) Marking Phase
[18.109s][info][gc,phases      ] GC(123) Marking Phase 774.592ms
[18.109s][info][gc,phases,start] GC(123) Summary Phase
[18.109s][info][gc,phases      ] GC(123) Summary Phase 0.050ms
[18.109s][info][gc,phases,start] GC(123) Adjust Roots
[18.110s][info][gc,phases      ] GC(123) Adjust Roots 0.211ms
[18.110s][info][gc,phases,start] GC(123) Compaction Phase
[18.380s][info][gc,phases      ] GC(123) Compaction Phase 270.501ms
[18.380s][info][gc,phases,start] GC(123) Post Compact
[18.382s][info][gc,phases      ] GC(123) Post Compact 1.885ms
[18.382s][info][gc,heap        ] GC(123) PSYoungGen: 22518K(48640K)->22518K(48640K) Eden: 16896K(16896K)->16896K(16896K) From: 5622K(31744K)->5622K(31744K)
[18.382s][info][gc,heap        ] GC(123) ParOldGen: 1023492K(1024000K)->1023492K(1024000K)
[18.382s][info][gc,metaspace   ] GC(123) Metaspace: 6298K(6464K)->6298K(6464K) NonClass: 5765K(5824K)->5765K(5824K) Class: 533K(640K)->533K(640K)
[18.382s][info][gc             ] GC(123) Pause Full (Ergonomics) 1021M->1021M(1047M) 1047.626ms
[18.382s][info][gc,cpu         ] GC(123) User=1.02s Sys=0.02s Real=1.05s
[18.383s][info][gc,start       ] GC(124) Pause Full (Ergonomics)
[18.383s][info][gc,phases,start] GC(124) Marking Phase
[19.162s][info][gc,phases      ] GC(124) Marking Phase 779.767ms
[19.162s][info][gc,phases,start] GC(124) Summary Phase
[19.163s][info][gc,phases      ] GC(124) Summary Phase 0.044ms
[19.163s][info][gc,phases,start] GC(124) Adjust Roots
[19.163s][info][gc,phases      ] GC(124) Adjust Roots 0.305ms
[19.163s][info][gc,phases,start] GC(124) Compaction Phase
[19.437s][info][gc,phases      ] GC(124) Compaction Phase 273.864ms
[19.437s][info][gc,phases,start] GC(124) Post Compact
[19.439s][info][gc,phases      ] GC(124) Post Compact 1.737ms
[19.439s][info][gc,heap        ] GC(124) PSYoungGen: 22518K(48640K)->22518K(48640K) Eden: 16896K(16896K)->16896K(16896K) From: 5622K(31744K)->5622K(31744K)
[19.439s][info][gc,heap        ] GC(124) ParOldGen: 1023497K(1024000K)->1023497K(1024000K)
[19.439s][info][gc,metaspace   ] GC(124) Metaspace: 6298K(6464K)->6298K(6464K) NonClass: 5765K(5824K)->5765K(5824K) Class: 533K(640K)->533K(640K)
[19.439s][info][gc             ] GC(124) Pause Full (Ergonomics) 1021M->1021M(1047M) 1056.155ms
[19.439s][info][gc,cpu         ] GC(124) User=0.98s Sys=0.00s Real=1.06s
[19.439s][info][gc,start       ] GC(125) Pause Full (Ergonomics)
[19.439s][info][gc,phases,start] GC(125) Marking Phase
[20.240s][info][gc,phases      ] GC(125) Marking Phase 800.755ms
[20.240s][info][gc,phases,start] GC(125) Summary Phase
[20.240s][info][gc,phases      ] GC(125) Summary Phase 0.030ms
[20.240s][info][gc,phases,start] GC(125) Adjust Roots
[20.240s][info][gc,phases      ] GC(125) Adjust Roots 0.259ms
[20.240s][info][gc,phases,start] GC(125) Compaction Phase
[20.517s][info][gc,phases      ] GC(125) Compaction Phase 276.670ms
[20.517s][info][gc,phases,start] GC(125) Post Compact
[20.519s][info][gc,phases      ] GC(125) Post Compact 1.740ms
[20.519s][info][gc,heap        ] GC(125) PSYoungGen: 22518K(48640K)->22518K(48640K) Eden: 16896K(16896K)->16896K(16896K) From: 5622K(31744K)->5622K(31744K)
[20.519s][info][gc,heap        ] GC(125) ParOldGen: 1023501K(1024000K)->1023501K(1024000K)
[20.519s][info][gc,metaspace   ] GC(125) Metaspace: 6298K(6464K)->6298K(6464K) NonClass: 5765K(5824K)->5765K(5824K) Class: 533K(640K)->533K(640K)
[20.519s][info][gc             ] GC(125) Pause Full (Ergonomics) 1021M->1021M(1047M) 1079.866ms
[20.519s][info][gc,cpu         ] GC(125) User=1.05s Sys=0.00s Real=1.08s
[20.519s][info][gc,start       ] GC(126) Pause Full (Ergonomics)
[20.519s][info][gc,phases,start] GC(126) Marking Phase
[21.301s][info][gc,phases      ] GC(126) Marking Phase 781.233ms
[21.301s][info][gc,phases,start] GC(126) Summary Phase
[21.301s][info][gc,phases      ] GC(126) Summary Phase 0.025ms
[21.301s][info][gc,phases,start] GC(126) Adjust Roots
[21.301s][info][gc,phases      ] GC(126) Adjust Roots 0.251ms
[21.301s][info][gc,phases,start] GC(126) Compaction Phase
[21.574s][info][gc,phases      ] GC(126) Compaction Phase 272.819ms
[21.574s][info][gc,phases,start] GC(126) Post Compact
[21.576s][info][gc,phases      ] GC(126) Post Compact 1.876ms
[21.576s][info][gc,heap        ] GC(126) PSYoungGen: 22518K(48640K)->22518K(48640K) Eden: 16896K(16896K)->16896K(16896K) From: 5622K(31744K)->5622K(31744K)
[21.576s][info][gc,heap        ] GC(126) ParOldGen: 1023506K(1024000K)->1023506K(1024000K)
[21.576s][info][gc,metaspace   ] GC(126) Metaspace: 6298K(6464K)->6298K(6464K) NonClass: 5765K(5824K)->5765K(5824K) Class: 533K(640K)->533K(640K)
[21.576s][info][gc             ] GC(126) Pause Full (Ergonomics) 1021M->1021M(1047M) 1056.560ms
[21.576s][info][gc,cpu         ] GC(126) User=1.02s Sys=0.00s Real=1.06s
[21.576s][info][gc,start       ] GC(127) Pause Full (Ergonomics)
[21.576s][info][gc,phases,start] GC(127) Marking Phase
[22.349s][info][gc,phases      ] GC(127) Marking Phase 772.826ms
[22.349s][info][gc,phases,start] GC(127) Summary Phase
[22.349s][info][gc,phases      ] GC(127) Summary Phase 0.044ms
[22.349s][info][gc,phases,start] GC(127) Adjust Roots
[22.350s][info][gc,phases      ] GC(127) Adjust Roots 0.241ms
[22.350s][info][gc,phases,start] GC(127) Compaction Phase
[22.622s][info][gc,phases      ] GC(127) Compaction Phase 272.465ms
[22.622s][info][gc,phases,start] GC(127) Post Compact
[22.624s][info][gc,phases      ] GC(127) Post Compact 1.953ms
[22.624s][info][gc,heap        ] GC(127) PSYoungGen: 22518K(48640K)->22518K(48640K) Eden: 16896K(16896K)->16896K(16896K) From: 5622K(31744K)->5622K(31744K)
[22.624s][info][gc,heap        ] GC(127) ParOldGen: 1023511K(1024000K)->1023511K(1024000K)
[22.624s][info][gc,metaspace   ] GC(127) Metaspace: 6298K(6464K)->6298K(6464K) NonClass: 5765K(5824K)->5765K(5824K) Class: 533K(640K)->533K(640K)
[22.624s][info][gc             ] GC(127) Pause Full (Ergonomics) 1021M->1021M(1047M) 1047.968ms
[22.624s][info][gc,cpu         ] GC(127) User=1.02s Sys=0.02s Real=1.05s
[22.625s][info][gc,start       ] GC(128) Pause Full (Ergonomics)
[22.625s][info][gc,phases,start] GC(128) Marking Phase
[23.403s][info][gc,phases      ] GC(128) Marking Phase 778.799ms
[23.404s][info][gc,phases,start] GC(128) Summary Phase
[23.404s][info][gc,phases      ] GC(128) Summary Phase 0.043ms
[23.404s][info][gc,phases,start] GC(128) Adjust Roots
[23.404s][info][gc,phases      ] GC(128) Adjust Roots 0.249ms
[23.404s][info][gc,phases,start] GC(128) Compaction Phase
[23.673s][info][gc,phases      ] GC(128) Compaction Phase 269.352ms
[23.673s][info][gc,phases,start] GC(128) Post Compact
[23.675s][info][gc,phases      ] GC(128) Post Compact 1.962ms
[23.675s][info][gc,heap        ] GC(128) PSYoungGen: 22518K(48640K)->22518K(48640K) Eden: 16896K(16896K)->16896K(16896K) From: 5622K(31744K)->5622K(31744K)
[23.675s][info][gc,heap        ] GC(128) ParOldGen: 1023515K(1024000K)->1023515K(1024000K)
[23.675s][info][gc,metaspace   ] GC(128) Metaspace: 6298K(6464K)->6298K(6464K) NonClass: 5765K(5824K)->5765K(5824K) Class: 533K(640K)->533K(640K)
[23.676s][info][gc             ] GC(128) Pause Full (Ergonomics) 1021M->1021M(1047M) 1050.878ms
[23.676s][info][gc,cpu         ] GC(128) User=1.02s Sys=0.00s Real=1.05s
[23.676s][info][gc,start       ] GC(129) Pause Full (Ergonomics)
[23.676s][info][gc,phases,start] GC(129) Marking Phase
[24.458s][info][gc,phases      ] GC(129) Marking Phase 782.488ms
[24.459s][info][gc,phases,start] GC(129) Summary Phase
[24.459s][info][gc,phases      ] GC(129) Summary Phase 0.044ms
[24.459s][info][gc,phases,start] GC(129) Adjust Roots
[24.459s][info][gc,phases      ] GC(129) Adjust Roots 0.326ms
[24.459s][info][gc,phases,start] GC(129) Compaction Phase
[24.728s][info][gc,phases      ] GC(129) Compaction Phase 268.900ms
[24.728s][info][gc,phases,start] GC(129) Post Compact
[24.730s][info][gc,phases      ] GC(129) Post Compact 1.735ms
[24.730s][info][gc,heap        ] GC(129) PSYoungGen: 22518K(48640K)->22518K(48640K) Eden: 16896K(16896K)->16896K(16896K) From: 5622K(31744K)->5622K(31744K)
[24.730s][info][gc,heap        ] GC(129) ParOldGen: 1023520K(1024000K)->1023520K(1024000K)
[24.730s][info][gc,metaspace   ] GC(129) Metaspace: 6298K(6464K)->6298K(6464K) NonClass: 5765K(5824K)->5765K(5824K) Class: 533K(640K)->533K(640K)
[24.730s][info][gc             ] GC(129) Pause Full (Ergonomics) 1021M->1021M(1047M) 1053.912ms
[24.730s][info][gc,cpu         ] GC(129) User=1.03s Sys=0.00s Real=1.05s
[24.730s][info][gc,start       ] GC(130) Pause Full (Ergonomics)
[24.730s][info][gc,phases,start] GC(130) Marking Phase
[25.508s][info][gc,phases      ] GC(130) Marking Phase 778.012ms
[25.508s][info][gc,phases,start] GC(130) Summary Phase
[25.508s][info][gc,phases      ] GC(130) Summary Phase 0.029ms
[25.508s][info][gc,phases,start] GC(130) Adjust Roots
[25.509s][info][gc,phases      ] GC(130) Adjust Roots 0.237ms
[25.509s][info][gc,phases,start] GC(130) Compaction Phase
[25.781s][info][gc,phases      ] GC(130) Compaction Phase 272.308ms
[25.781s][info][gc,phases,start] GC(130) Post Compact
[25.783s][info][gc,phases      ] GC(130) Post Compact 1.806ms
[25.783s][info][gc,heap        ] GC(130) PSYoungGen: 22518K(48640K)->22518K(48640K) Eden: 16896K(16896K)->16896K(16896K) From: 5622K(31744K)->5622K(31744K)
[25.783s][info][gc,heap        ] GC(130) ParOldGen: 1023525K(1024000K)->1023525K(1024000K)
[25.783s][info][gc,metaspace   ] GC(130) Metaspace: 6298K(6464K)->6298K(6464K) NonClass: 5765K(5824K)->5765K(5824K) Class: 533K(640K)->533K(640K)
[25.783s][info][gc             ] GC(130) Pause Full (Ergonomics) 1021M->1021M(1047M) 1052.768ms
[25.783s][info][gc,cpu         ] GC(130) User=0.98s Sys=0.00s Real=1.05s
[25.783s][info][gc,start       ] GC(131) Pause Full (Ergonomics)
[25.783s][info][gc,phases,start] GC(131) Marking Phase
[26.555s][info][gc,phases      ] GC(131) Marking Phase 771.304ms
[26.555s][info][gc,phases,start] GC(131) Summary Phase
[26.555s][info][gc,phases      ] GC(131) Summary Phase 0.029ms
[26.555s][info][gc,phases,start] GC(131) Adjust Roots
[26.555s][info][gc,phases      ] GC(131) Adjust Roots 0.217ms
[26.555s][info][gc,phases,start] GC(131) Compaction Phase
[26.824s][info][gc,phases      ] GC(131) Compaction Phase 268.864ms
[26.824s][info][gc,phases,start] GC(131) Post Compact
[26.826s][info][gc,phases      ] GC(131) Post Compact 1.746ms
[26.826s][info][gc,heap        ] GC(131) PSYoungGen: 22518K(48640K)->22518K(48640K) Eden: 16896K(16896K)->16896K(16896K) From: 5622K(31744K)->5622K(31744K)
[26.826s][info][gc,heap        ] GC(131) ParOldGen: 1023529K(1024000K)->1023529K(1024000K)
[26.826s][info][gc,metaspace   ] GC(131) Metaspace: 6298K(6464K)->6298K(6464K) NonClass: 5765K(5824K)->5765K(5824K) Class: 533K(640K)->533K(640K)
[26.826s][info][gc             ] GC(131) Pause Full (Ergonomics) 1021M->1021M(1047M) 1042.534ms
[26.826s][info][gc,cpu         ] GC(131) User=1.03s Sys=0.00s Real=1.04s
[26.826s][info][gc,start       ] GC(132) Pause Full (Ergonomics)
[26.826s][info][gc,phases,start] GC(132) Marking Phase
[27.602s][info][gc,phases      ] GC(132) Marking Phase 775.925ms
[27.602s][info][gc,phases,start] GC(132) Summary Phase
[27.603s][info][gc,phases      ] GC(132) Summary Phase 0.028ms
[27.603s][info][gc,phases,start] GC(132) Adjust Roots
[27.603s][info][gc,phases      ] GC(132) Adjust Roots 0.218ms
[27.603s][info][gc,phases,start] GC(132) Compaction Phase
[27.875s][info][gc,phases      ] GC(132) Compaction Phase 272.416ms
[27.875s][info][gc,phases,start] GC(132) Post Compact
[27.877s][info][gc,phases      ] GC(132) Post Compact 1.835ms
[27.877s][info][gc,heap        ] GC(132) PSYoungGen: 22518K(48640K)->22518K(48640K) Eden: 16896K(16896K)->16896K(16896K) From: 5622K(31744K)->5622K(31744K)
[27.877s][info][gc,heap        ] GC(132) ParOldGen: 1023534K(1024000K)->1023534K(1024000K)
[27.877s][info][gc,metaspace   ] GC(132) Metaspace: 6298K(6464K)->6298K(6464K) NonClass: 5765K(5824K)->5765K(5824K) Class: 533K(640K)->533K(640K)
[27.877s][info][gc             ] GC(132) Pause Full (Ergonomics) 1021M->1021M(1047M) 1050.805ms
[27.877s][info][gc,cpu         ] GC(132) User=1.02s Sys=0.00s Real=1.05s
[27.878s][info][gc,start       ] GC(133) Pause Full (Ergonomics)
[27.878s][info][gc,phases,start] GC(133) Marking Phase
[28.666s][info][gc,phases      ] GC(133) Marking Phase 788.149ms
[28.666s][info][gc,phases,start] GC(133) Summary Phase
[28.666s][info][gc,phases      ] GC(133) Summary Phase 0.044ms
[28.666s][info][gc,phases,start] GC(133) Adjust Roots
[28.666s][info][gc,phases      ] GC(133) Adjust Roots 0.242ms
[28.666s][info][gc,phases,start] GC(133) Compaction Phase
[28.942s][info][gc,phases      ] GC(133) Compaction Phase 276.112ms
[28.942s][info][gc,phases,start] GC(133) Post Compact
[28.944s][info][gc,phases      ] GC(133) Post Compact 1.738ms
[28.944s][info][gc,heap        ] GC(133) PSYoungGen: 22518K(48640K)->22518K(48640K) Eden: 16896K(16896K)->16896K(16896K) From: 5622K(31744K)->5622K(31744K)
[28.944s][info][gc,heap        ] GC(133) ParOldGen: 1023539K(1024000K)->1023539K(1024000K)
[28.944s][info][gc,metaspace   ] GC(133) Metaspace: 6298K(6464K)->6298K(6464K) NonClass: 5765K(5824K)->5765K(5824K) Class: 533K(640K)->533K(640K)
[28.944s][info][gc             ] GC(133) Pause Full (Ergonomics) 1021M->1021M(1047M) 1066.695ms
[28.944s][info][gc,cpu         ] GC(133) User=1.06s Sys=0.00s Real=1.07s
[28.945s][info][gc,start       ] GC(134) Pause Full (Ergonomics)
[28.945s][info][gc,phases,start] GC(134) Marking Phase
[29.729s][info][gc,phases      ] GC(134) Marking Phase 784.037ms
[29.729s][info][gc,phases,start] GC(134) Summary Phase
[29.729s][info][gc,phases      ] GC(134) Summary Phase 0.045ms
[29.729s][info][gc,phases,start] GC(134) Adjust Roots
[29.729s][info][gc,phases      ] GC(134) Adjust Roots 0.252ms
[29.729s][info][gc,phases,start] GC(134) Compaction Phase
[30.005s][info][gc,phases      ] GC(134) Compaction Phase 275.777ms
[30.005s][info][gc,phases,start] GC(134) Post Compact
[30.007s][info][gc,phases      ] GC(134) Post Compact 1.840ms
[30.007s][info][gc,heap        ] GC(134) PSYoungGen: 22518K(48640K)->22518K(48640K) Eden: 16896K(16896K)->16896K(16896K) From: 5622K(31744K)->5622K(31744K)
[30.007s][info][gc,heap        ] GC(134) ParOldGen: 1023543K(1024000K)->1023543K(1024000K)
[30.007s][info][gc,metaspace   ] GC(134) Metaspace: 6298K(6464K)->6298K(6464K) NonClass: 5765K(5824K)->5765K(5824K) Class: 533K(640K)->533K(640K)
[30.007s][info][gc             ] GC(134) Pause Full (Ergonomics) 1021M->1021M(1047M) 1062.406ms
[30.007s][info][gc,cpu         ] GC(134) User=1.05s Sys=0.00s Real=1.06s
[30.007s][info][gc,start       ] GC(135) Pause Full (Ergonomics)
[30.008s][info][gc,phases,start] GC(135) Marking Phase
[30.797s][info][gc,phases      ] GC(135) Marking Phase 789.818ms
[30.797s][info][gc,phases,start] GC(135) Summary Phase
[30.797s][info][gc,phases      ] GC(135) Summary Phase 0.064ms
[30.798s][info][gc,phases,start] GC(135) Adjust Roots
[30.798s][info][gc,phases      ] GC(135) Adjust Roots 0.270ms
[30.798s][info][gc,phases,start] GC(135) Compaction Phase
[31.074s][info][gc,phases      ] GC(135) Compaction Phase 276.156ms
[31.074s][info][gc,phases,start] GC(135) Post Compact
[31.076s][info][gc,phases      ] GC(135) Post Compact 1.841ms
[31.076s][info][gc,heap        ] GC(135) PSYoungGen: 22518K(48640K)->22518K(48640K) Eden: 16896K(16896K)->16896K(16896K) From: 5622K(31744K)->5622K(31744K)
[31.076s][info][gc,heap        ] GC(135) ParOldGen: 1023548K(1024000K)->1023548K(1024000K)
[31.076s][info][gc,metaspace   ] GC(135) Metaspace: 6298K(6464K)->6298K(6464K) NonClass: 5765K(5824K)->5765K(5824K) Class: 533K(640K)->533K(640K)
[31.076s][info][gc             ] GC(135) Pause Full (Ergonomics) 1021M->1021M(1047M) 1068.586ms
[31.076s][info][gc,cpu         ] GC(135) User=1.00s Sys=0.03s Real=1.07s
[31.076s][info][gc,start       ] GC(136) Pause Full (Ergonomics)
[31.076s][info][gc,phases,start] GC(136) Marking Phase
[31.864s][info][gc,phases      ] GC(136) Marking Phase 787.800ms
[31.864s][info][gc,phases,start] GC(136) Summary Phase
[31.864s][info][gc,phases      ] GC(136) Summary Phase 0.044ms
[31.864s][info][gc,phases,start] GC(136) Adjust Roots
[31.865s][info][gc,phases      ] GC(136) Adjust Roots 0.250ms
[31.865s][info][gc,phases,start] GC(136) Compaction Phase
[32.138s][info][gc,phases      ] GC(136) Compaction Phase 273.406ms
[32.138s][info][gc,phases,start] GC(136) Post Compact
[32.140s][info][gc,phases      ] GC(136) Post Compact 1.964ms
[32.140s][info][gc,heap        ] GC(136) PSYoungGen: 22518K(48640K)->22518K(48640K) Eden: 16896K(16896K)->16896K(16896K) From: 5622K(31744K)->5622K(31744K)
[32.140s][info][gc,heap        ] GC(136) ParOldGen: 1023553K(1024000K)->1023553K(1024000K)
[32.140s][info][gc,metaspace   ] GC(136) Metaspace: 6298K(6464K)->6298K(6464K) NonClass: 5765K(5824K)->5765K(5824K) Class: 533K(640K)->533K(640K)
[32.140s][info][gc             ] GC(136) Pause Full (Ergonomics) 1021M->1021M(1047M) 1063.968ms
[32.140s][info][gc,cpu         ] GC(136) User=1.03s Sys=0.02s Real=1.06s
[32.141s][info][gc,start       ] GC(137) Pause Full (Ergonomics)
[32.141s][info][gc,phases,start] GC(137) Marking Phase
[32.928s][info][gc,phases      ] GC(137) Marking Phase 787.202ms
[32.928s][info][gc,phases,start] GC(137) Summary Phase
[32.928s][info][gc,phases      ] GC(137) Summary Phase 0.044ms
[32.928s][info][gc,phases,start] GC(137) Adjust Roots
[32.929s][info][gc,phases      ] GC(137) Adjust Roots 0.253ms
[32.929s][info][gc,phases,start] GC(137) Compaction Phase
[33.203s][info][gc,phases      ] GC(137) Compaction Phase 274.462ms
[33.203s][info][gc,phases,start] GC(137) Post Compact
[33.205s][info][gc,phases      ] GC(137) Post Compact 1.843ms
[33.205s][info][gc,heap        ] GC(137) PSYoungGen: 22518K(48640K)->22518K(48640K) Eden: 16896K(16896K)->16896K(16896K) From: 5622K(31744K)->5622K(31744K)
[33.205s][info][gc,heap        ] GC(137) ParOldGen: 1023557K(1024000K)->1023557K(1024000K)
[33.205s][info][gc,metaspace   ] GC(137) Metaspace: 6298K(6464K)->6298K(6464K) NonClass: 5765K(5824K)->5765K(5824K) Class: 533K(640K)->533K(640K)
[33.205s][info][gc             ] GC(137) Pause Full (Ergonomics) 1021M->1021M(1047M) 1064.262ms
[33.205s][info][gc,cpu         ] GC(137) User=1.05s Sys=0.00s Real=1.07s
[33.206s][info][gc,start       ] GC(138) Pause Full (Ergonomics)
[33.206s][info][gc,phases,start] GC(138) Marking Phase
[33.993s][info][gc,phases      ] GC(138) Marking Phase 787.297ms
[33.993s][info][gc,phases,start] GC(138) Summary Phase
[33.993s][info][gc,phases      ] GC(138) Summary Phase 0.045ms
[33.993s][info][gc,phases,start] GC(138) Adjust Roots
[33.993s][info][gc,phases      ] GC(138) Adjust Roots 0.254ms
[33.993s][info][gc,phases,start] GC(138) Compaction Phase
[34.279s][info][gc,phases      ] GC(138) Compaction Phase 285.319ms
[34.279s][info][gc,phases,start] GC(138) Post Compact
[34.280s][info][gc,phases      ] GC(138) Post Compact 1.734ms
[34.281s][info][gc,heap        ] GC(138) PSYoungGen: 22518K(48640K)->22518K(48640K) Eden: 16896K(16896K)->16896K(16896K) From: 5622K(31744K)->5622K(31744K)
[34.281s][info][gc,heap        ] GC(138) ParOldGen: 1023562K(1024000K)->1023562K(1024000K)
[34.281s][info][gc,metaspace   ] GC(138) Metaspace: 6298K(6464K)->6298K(6464K) NonClass: 5765K(5824K)->5765K(5824K) Class: 533K(640K)->533K(640K)
[34.281s][info][gc             ] GC(138) Pause Full (Ergonomics) 1021M->1021M(1047M) 1075.051ms
[34.281s][info][gc,cpu         ] GC(138) User=1.05s Sys=0.00s Real=1.07s
[34.281s][info][gc,start       ] GC(139) Pause Full (Ergonomics)
[34.281s][info][gc,phases,start] GC(139) Marking Phase
[35.065s][info][gc,phases      ] GC(139) Marking Phase 784.143ms
[35.065s][info][gc,phases,start] GC(139) Summary Phase
[35.065s][info][gc,phases      ] GC(139) Summary Phase 0.120ms
[35.065s][info][gc,phases,start] GC(139) Adjust Roots
[35.066s][info][gc,phases      ] GC(139) Adjust Roots 0.297ms
[35.066s][info][gc,phases,start] GC(139) Compaction Phase
[35.344s][info][gc,phases      ] GC(139) Compaction Phase 277.923ms
[35.344s][info][gc,phases,start] GC(139) Post Compact
[35.346s][info][gc,phases      ] GC(139) Post Compact 1.945ms
[35.346s][info][gc,heap        ] GC(139) PSYoungGen: 22518K(48640K)->22518K(48640K) Eden: 16896K(16896K)->16896K(16896K) From: 5622K(31744K)->5622K(31744K)
[35.346s][info][gc,heap        ] GC(139) ParOldGen: 1023567K(1024000K)->1023567K(1024000K)
[35.346s][info][gc,metaspace   ] GC(139) Metaspace: 6298K(6464K)->6298K(6464K) NonClass: 5765K(5824K)->5765K(5824K) Class: 533K(640K)->533K(640K)
[35.346s][info][gc             ] GC(139) Pause Full (Ergonomics) 1021M->1021M(1047M) 1064.934ms
[35.346s][info][gc,cpu         ] GC(139) User=1.05s Sys=0.00s Real=1.07s
[35.346s][info][gc,start       ] GC(140) Pause Full (Ergonomics)
[35.346s][info][gc,phases,start] GC(140) Marking Phase
[36.131s][info][gc,phases      ] GC(140) Marking Phase 784.550ms
[36.131s][info][gc,phases,start] GC(140) Summary Phase
[36.131s][info][gc,phases      ] GC(140) Summary Phase 0.066ms
[36.131s][info][gc,phases,start] GC(140) Adjust Roots
[36.131s][info][gc,phases      ] GC(140) Adjust Roots 0.256ms
[36.131s][info][gc,phases,start] GC(140) Compaction Phase
[36.405s][info][gc,phases      ] GC(140) Compaction Phase 273.662ms
[36.405s][info][gc,phases,start] GC(140) Post Compact
[36.407s][info][gc,phases      ] GC(140) Post Compact 1.936ms
[36.407s][info][gc,heap        ] GC(140) PSYoungGen: 22518K(48640K)->22518K(48640K) Eden: 16896K(16896K)->16896K(16896K) From: 5622K(31744K)->5622K(31744K)
[36.407s][info][gc,heap        ] GC(140) ParOldGen: 1023571K(1024000K)->1023571K(1024000K)
[36.407s][info][gc,metaspace   ] GC(140) Metaspace: 6298K(6464K)->6298K(6464K) NonClass: 5765K(5824K)->5765K(5824K) Class: 533K(640K)->533K(640K)
[36.407s][info][gc             ] GC(140) Pause Full (Ergonomics) 1021M->1021M(1047M) 1060.904ms
[36.407s][info][gc,cpu         ] GC(140) User=1.05s Sys=0.00s Real=1.06s
[36.408s][info][gc,start       ] GC(141) Pause Full (Ergonomics)
[36.408s][info][gc,phases,start] GC(141) Marking Phase
[37.192s][info][gc,phases      ] GC(141) Marking Phase 784.229ms
[37.192s][info][gc,phases,start] GC(141) Summary Phase
[37.192s][info][gc,phases      ] GC(141) Summary Phase 0.044ms
[37.192s][info][gc,phases,start] GC(141) Adjust Roots
[37.192s][info][gc,phases      ] GC(141) Adjust Roots 0.263ms
[37.192s][info][gc,phases,start] GC(141) Compaction Phase
[37.469s][info][gc,phases      ] GC(141) Compaction Phase 276.521ms
[37.469s][info][gc,phases,start] GC(141) Post Compact
[37.471s][info][gc,phases      ] GC(141) Post Compact 2.032ms
[37.471s][info][gc,heap        ] GC(141) PSYoungGen: 22518K(48640K)->22518K(48640K) Eden: 16896K(16896K)->16896K(16896K) From: 5622K(31744K)->5622K(31744K)
[37.471s][info][gc,heap        ] GC(141) ParOldGen: 1023576K(1024000K)->1023576K(1024000K)
[37.471s][info][gc,metaspace   ] GC(141) Metaspace: 6298K(6464K)->6298K(6464K) NonClass: 5765K(5824K)->5765K(5824K) Class: 533K(640K)->533K(640K)
[37.471s][info][gc             ] GC(141) Pause Full (Ergonomics) 1021M->1021M(1047M) 1063.524ms
[37.471s][info][gc,cpu         ] GC(141) User=1.03s Sys=0.00s Real=1.06s
[37.471s][info][gc,start       ] GC(142) Pause Full (Ergonomics)
[37.471s][info][gc,phases,start] GC(142) Marking Phase
[38.256s][info][gc,phases      ] GC(142) Marking Phase 784.883ms
[38.256s][info][gc,phases,start] GC(142) Summary Phase
[38.257s][info][gc,phases      ] GC(142) Summary Phase 0.066ms
[38.257s][info][gc,phases,start] GC(142) Adjust Roots
[38.257s][info][gc,phases      ] GC(142) Adjust Roots 0.229ms
[38.257s][info][gc,phases,start] GC(142) Compaction Phase
[38.534s][info][gc,phases      ] GC(142) Compaction Phase 277.084ms
[38.534s][info][gc,phases,start] GC(142) Post Compact
[38.536s][info][gc,phases      ] GC(142) Post Compact 1.741ms
[38.536s][info][gc,heap        ] GC(142) PSYoungGen: 22518K(48640K)->22518K(48640K) Eden: 16896K(16896K)->16896K(16896K) From: 5622K(31744K)->5622K(31744K)
[38.536s][info][gc,heap        ] GC(142) ParOldGen: 1023581K(1024000K)->1023581K(1024000K)
[38.536s][info][gc,metaspace   ] GC(142) Metaspace: 6298K(6464K)->6298K(6464K) NonClass: 5765K(5824K)->5765K(5824K) Class: 533K(640K)->533K(640K)
[38.536s][info][gc             ] GC(142) Pause Full (Ergonomics) 1021M->1021M(1047M) 1064.417ms
[38.536s][info][gc,cpu         ] GC(142) User=1.02s Sys=0.03s Real=1.06s
[38.536s][info][gc,start       ] GC(143) Pause Full (Ergonomics)
[38.536s][info][gc,phases,start] GC(143) Marking Phase
[39.327s][info][gc,phases      ] GC(143) Marking Phase 790.920ms
[39.327s][info][gc,phases,start] GC(143) Summary Phase
[39.327s][info][gc,phases      ] GC(143) Summary Phase 0.043ms
[39.327s][info][gc,phases,start] GC(143) Adjust Roots
[39.328s][info][gc,phases      ] GC(143) Adjust Roots 0.320ms
[39.328s][info][gc,phases,start] GC(143) Compaction Phase
[39.605s][info][gc,phases      ] GC(143) Compaction Phase 277.548ms
[39.605s][info][gc,phases,start] GC(143) Post Compact
[39.607s][info][gc,phases      ] GC(143) Post Compact 1.741ms
[39.607s][info][gc,heap        ] GC(143) PSYoungGen: 22518K(48640K)->22518K(48640K) Eden: 16896K(16896K)->16896K(16896K) From: 5622K(31744K)->5622K(31744K)
[39.607s][info][gc,heap        ] GC(143) ParOldGen: 1023585K(1024000K)->1023585K(1024000K)
[39.607s][info][gc,metaspace   ] GC(143) Metaspace: 6298K(6464K)->6298K(6464K) NonClass: 5765K(5824K)->5765K(5824K) Class: 533K(640K)->533K(640K)
[39.607s][info][gc             ] GC(143) Pause Full (Ergonomics) 1021M->1021M(1047M) 1070.985ms
[39.607s][info][gc,cpu         ] GC(143) User=1.05s Sys=0.00s Real=1.07s
[39.608s][info][gc,start       ] GC(144) Pause Full (Ergonomics)
[39.608s][info][gc,phases,start] GC(144) Marking Phase
[40.399s][info][gc,phases      ] GC(144) Marking Phase 790.833ms
[40.399s][info][gc,phases,start] GC(144) Summary Phase
[40.399s][info][gc,phases      ] GC(144) Summary Phase 0.028ms
[40.399s][info][gc,phases,start] GC(144) Adjust Roots
[40.399s][info][gc,phases      ] GC(144) Adjust Roots 0.229ms
[40.399s][info][gc,phases,start] GC(144) Compaction Phase
[40.672s][info][gc,phases      ] GC(144) Compaction Phase 272.758ms
[40.672s][info][gc,phases,start] GC(144) Post Compact
[40.673s][info][gc,phases      ] GC(144) Post Compact 1.747ms
[40.674s][info][gc,heap        ] GC(144) PSYoungGen: 22518K(48640K)->22518K(48640K) Eden: 16896K(16896K)->16896K(16896K) From: 5622K(31744K)->5622K(31744K)
[40.674s][info][gc,heap        ] GC(144) ParOldGen: 1023590K(1024000K)->1023590K(1024000K)
[40.674s][info][gc,metaspace   ] GC(144) Metaspace: 6298K(6464K)->6298K(6464K) NonClass: 5765K(5824K)->5765K(5824K) Class: 533K(640K)->533K(640K)
[40.674s][info][gc             ] GC(144) Pause Full (Ergonomics) 1021M->1021M(1047M) 1065.977ms
[40.674s][info][gc,cpu         ] GC(144) User=1.03s Sys=0.02s Real=1.07s
[40.674s][info][gc,start       ] GC(145) Pause Full (Ergonomics)
[40.674s][info][gc,phases,start] GC(145) Marking Phase
[41.470s][info][gc,phases      ] GC(145) Marking Phase 796.114ms
[41.470s][info][gc,phases,start] GC(145) Summary Phase
[41.470s][info][gc,phases      ] GC(145) Summary Phase 0.044ms
[41.470s][info][gc,phases,start] GC(145) Adjust Roots
[41.471s][info][gc,phases      ] GC(145) Adjust Roots 0.251ms
[41.471s][info][gc,phases,start] GC(145) Compaction Phase
[41.746s][info][gc,phases      ] GC(145) Compaction Phase 275.738ms
[41.746s][info][gc,phases,start] GC(145) Post Compact
[41.748s][info][gc,phases      ] GC(145) Post Compact 1.760ms
[41.748s][info][gc,heap        ] GC(145) PSYoungGen: 22518K(48640K)->22518K(48640K) Eden: 16896K(16896K)->16896K(16896K) From: 5622K(31744K)->5622K(31744K)
[41.748s][info][gc,heap        ] GC(145) ParOldGen: 1023595K(1024000K)->1023595K(1024000K)
[41.748s][info][gc,metaspace   ] GC(145) Metaspace: 6298K(6464K)->6298K(6464K) NonClass: 5765K(5824K)->5765K(5824K) Class: 533K(640K)->533K(640K)
[41.748s][info][gc             ] GC(145) Pause Full (Ergonomics) 1021M->1021M(1047M) 1074.327ms
[41.748s][info][gc,cpu         ] GC(145) User=1.06s Sys=0.00s Real=1.08s
[41.749s][info][gc,start       ] GC(146) Pause Full (Ergonomics)
[41.749s][info][gc,phases,start] GC(146) Marking Phase
[42.534s][info][gc,phases      ] GC(146) Marking Phase 785.350ms
[42.534s][info][gc,phases,start] GC(146) Summary Phase
[42.534s][info][gc,phases      ] GC(146) Summary Phase 0.044ms
[42.534s][info][gc,phases,start] GC(146) Adjust Roots
[42.535s][info][gc,phases      ] GC(146) Adjust Roots 0.267ms
[42.535s][info][gc,phases,start] GC(146) Compaction Phase
[42.812s][info][gc,phases      ] GC(146) Compaction Phase 277.092ms
[42.812s][info][gc,phases,start] GC(146) Post Compact
[42.814s][info][gc,phases      ] GC(146) Post Compact 1.894ms
[42.814s][info][gc,heap        ] GC(146) PSYoungGen: 22518K(48640K)->22518K(48640K) Eden: 16896K(16896K)->16896K(16896K) From: 5622K(31744K)->5622K(31744K)
[42.814s][info][gc,heap        ] GC(146) ParOldGen: 1023599K(1024000K)->1023599K(1024000K)
[42.814s][info][gc,metaspace   ] GC(146) Metaspace: 6298K(6464K)->6298K(6464K) NonClass: 5765K(5824K)->5765K(5824K) Class: 533K(640K)->533K(640K)
[42.814s][info][gc             ] GC(146) Pause Full (Ergonomics) 1021M->1021M(1047M) 1065.139ms
[42.814s][info][gc,cpu         ] GC(146) User=1.05s Sys=0.00s Real=1.06s
[42.814s][info][gc,start       ] GC(147) Pause Full (Ergonomics)
[42.814s][info][gc,phases,start] GC(147) Marking Phase
[43.610s][info][gc,phases      ] GC(147) Marking Phase 795.725ms
[43.610s][info][gc,phases,start] GC(147) Summary Phase
[43.610s][info][gc,phases      ] GC(147) Summary Phase 0.033ms
[43.610s][info][gc,phases,start] GC(147) Adjust Roots
[43.611s][info][gc,phases      ] GC(147) Adjust Roots 0.289ms
[43.611s][info][gc,phases,start] GC(147) Compaction Phase
[43.881s][info][gc,phases      ] GC(147) Compaction Phase 270.612ms
[43.881s][info][gc,phases,start] GC(147) Post Compact
[43.883s][info][gc,phases      ] GC(147) Post Compact 1.736ms
[43.883s][info][gc,heap        ] GC(147) PSYoungGen: 22518K(48640K)->22518K(48640K) Eden: 16896K(16896K)->16896K(16896K) From: 5622K(31744K)->5622K(31744K)
[43.883s][info][gc,heap        ] GC(147) ParOldGen: 1023604K(1024000K)->1023604K(1024000K)
[43.883s][info][gc,metaspace   ] GC(147) Metaspace: 6298K(6464K)->6298K(6464K) NonClass: 5765K(5824K)->5765K(5824K) Class: 533K(640K)->533K(640K)
[43.883s][info][gc             ] GC(147) Pause Full (Ergonomics) 1021M->1021M(1047M) 1068.772ms
[43.883s][info][gc,cpu         ] GC(147) User=1.05s Sys=0.00s Real=1.07s
[43.883s][info][gc,start       ] GC(148) Pause Full (Ergonomics)
[43.883s][info][gc,phases,start] GC(148) Marking Phase
[44.662s][info][gc,phases      ] GC(148) Marking Phase 778.787ms
[44.662s][info][gc,phases,start] GC(148) Summary Phase
[44.662s][info][gc,phases      ] GC(148) Summary Phase 0.030ms
[44.662s][info][gc,phases,start] GC(148) Adjust Roots
[44.663s][info][gc,phases      ] GC(148) Adjust Roots 0.307ms
[44.663s][info][gc,phases,start] GC(148) Compaction Phase
[44.933s][info][gc,phases      ] GC(148) Compaction Phase 270.644ms
[44.934s][info][gc,phases,start] GC(148) Post Compact
[44.935s][info][gc,phases      ] GC(148) Post Compact 1.743ms
[44.935s][info][gc,heap        ] GC(148) PSYoungGen: 22518K(48640K)->22518K(48640K) Eden: 16896K(16896K)->16896K(16896K) From: 5622K(31744K)->5622K(31744K)
[44.935s][info][gc,heap        ] GC(148) ParOldGen: 1023609K(1024000K)->1023609K(1024000K)
[44.935s][info][gc,metaspace   ] GC(148) Metaspace: 6298K(6464K)->6298K(6464K) NonClass: 5765K(5824K)->5765K(5824K) Class: 533K(640K)->533K(640K)
[44.935s][info][gc             ] GC(148) Pause Full (Ergonomics) 1021M->1021M(1047M) 1051.986ms
[44.935s][info][gc,cpu         ] GC(148) User=0.98s Sys=0.00s Real=1.05s
[44.936s][info][gc,start       ] GC(149) Pause Full (Ergonomics)
[44.936s][info][gc,phases,start] GC(149) Marking Phase
[45.720s][info][gc,phases      ] GC(149) Marking Phase 784.226ms
[45.720s][info][gc,phases,start] GC(149) Summary Phase
[45.720s][info][gc,phases      ] GC(149) Summary Phase 0.043ms
[45.720s][info][gc,phases,start] GC(149) Adjust Roots
[45.721s][info][gc,phases      ] GC(149) Adjust Roots 0.284ms
[45.721s][info][gc,phases,start] GC(149) Compaction Phase
[45.992s][info][gc,phases      ] GC(149) Compaction Phase 271.312ms
[45.992s][info][gc,phases,start] GC(149) Post Compact
[45.994s][info][gc,phases      ] GC(149) Post Compact 2.091ms
[45.994s][info][gc,heap        ] GC(149) PSYoungGen: 22518K(48640K)->22518K(48640K) Eden: 16896K(16896K)->16896K(16896K) From: 5622K(31744K)->5622K(31744K)
[45.994s][info][gc,heap        ] GC(149) ParOldGen: 1023613K(1024000K)->1023613K(1024000K)
[45.994s][info][gc,metaspace   ] GC(149) Metaspace: 6298K(6464K)->6298K(6464K) NonClass: 5765K(5824K)->5765K(5824K) Class: 533K(640K)->533K(640K)
[45.994s][info][gc             ] GC(149) Pause Full (Ergonomics) 1021M->1021M(1047M) 1058.429ms
[45.994s][info][gc,cpu         ] GC(149) User=1.05s Sys=0.00s Real=1.06s
[45.995s][info][gc,start       ] GC(150) Pause Full (Ergonomics)
[45.995s][info][gc,phases,start] GC(150) Marking Phase
[46.774s][info][gc,phases      ] GC(150) Marking Phase 779.568ms
[46.775s][info][gc,phases,start] GC(150) Summary Phase
[46.775s][info][gc,phases      ] GC(150) Summary Phase 0.044ms
[46.775s][info][gc,phases,start] GC(150) Adjust Roots
[46.775s][info][gc,phases      ] GC(150) Adjust Roots 0.257ms
[46.775s][info][gc,phases,start] GC(150) Compaction Phase
[47.053s][info][gc,phases      ] GC(150) Compaction Phase 278.168ms
[47.053s][info][gc,phases,start] GC(150) Post Compact
[47.055s][info][gc,phases      ] GC(150) Post Compact 1.970ms
[47.055s][info][gc,heap        ] GC(150) PSYoungGen: 22518K(48640K)->22518K(48640K) Eden: 16896K(16896K)->16896K(16896K) From: 5622K(31744K)->5622K(31744K)
[47.055s][info][gc,heap        ] GC(150) ParOldGen: 1023618K(1024000K)->1023618K(1024000K)
[47.055s][info][gc,metaspace   ] GC(150) Metaspace: 6298K(6464K)->6298K(6464K) NonClass: 5765K(5824K)->5765K(5824K) Class: 533K(640K)->533K(640K)
[47.055s][info][gc             ] GC(150) Pause Full (Ergonomics) 1021M->1021M(1047M) 1060.436ms
[47.055s][info][gc,cpu         ] GC(150) User=1.03s Sys=0.00s Real=1.06s
[47.056s][info][gc,start       ] GC(151) Pause Full (Ergonomics)
[47.056s][info][gc,phases,start] GC(151) Marking Phase
[47.839s][info][gc,phases      ] GC(151) Marking Phase 783.844ms
[47.840s][info][gc,phases,start] GC(151) Summary Phase
[47.840s][info][gc,phases      ] GC(151) Summary Phase 0.029ms
[47.840s][info][gc,phases,start] GC(151) Adjust Roots
[47.840s][info][gc,phases      ] GC(151) Adjust Roots 0.214ms
[47.840s][info][gc,phases,start] GC(151) Compaction Phase
[48.115s][info][gc,phases      ] GC(151) Compaction Phase 275.355ms
[48.115s][info][gc,phases,start] GC(151) Post Compact
[48.117s][info][gc,phases      ] GC(151) Post Compact 1.891ms
[48.117s][info][gc,heap        ] GC(151) PSYoungGen: 22518K(48640K)->22518K(48640K) Eden: 16896K(16896K)->16896K(16896K) From: 5622K(31744K)->5622K(31744K)
[48.117s][info][gc,heap        ] GC(151) ParOldGen: 1023623K(1024000K)->1023623K(1024000K)
[48.117s][info][gc,metaspace   ] GC(151) Metaspace: 6298K(6464K)->6298K(6464K) NonClass: 5765K(5824K)->5765K(5824K) Class: 533K(640K)->533K(640K)
[48.117s][info][gc             ] GC(151) Pause Full (Ergonomics) 1021M->1021M(1047M) 1061.719ms
[48.117s][info][gc,cpu         ] GC(151) User=1.02s Sys=0.02s Real=1.06s
[48.118s][info][gc,start       ] GC(152) Pause Full (Ergonomics)
[48.118s][info][gc,phases,start] GC(152) Marking Phase
[48.900s][info][gc,phases      ] GC(152) Marking Phase 782.211ms
[48.900s][info][gc,phases,start] GC(152) Summary Phase
[48.900s][info][gc,phases      ] GC(152) Summary Phase 0.023ms
[48.900s][info][gc,phases,start] GC(152) Adjust Roots
[48.900s][info][gc,phases      ] GC(152) Adjust Roots 0.295ms
[48.900s][info][gc,phases,start] GC(152) Compaction Phase
[49.174s][info][gc,phases      ] GC(152) Compaction Phase 273.873ms
[49.174s][info][gc,phases,start] GC(152) Post Compact
[49.176s][info][gc,phases      ] GC(152) Post Compact 1.741ms
[49.176s][info][gc,heap        ] GC(152) PSYoungGen: 22518K(48640K)->22518K(48640K) Eden: 16896K(16896K)->16896K(16896K) From: 5622K(31744K)->5622K(31744K)
[49.176s][info][gc,heap        ] GC(152) ParOldGen: 1023627K(1024000K)->1023627K(1024000K)
[49.176s][info][gc,metaspace   ] GC(152) Metaspace: 6298K(6464K)->6298K(6464K) NonClass: 5765K(5824K)->5765K(5824K) Class: 533K(640K)->533K(640K)
[49.176s][info][gc             ] GC(152) Pause Full (Ergonomics) 1021M->1021M(1047M) 1058.485ms
[49.176s][info][gc,cpu         ] GC(152) User=1.02s Sys=0.02s Real=1.06s
[49.176s][info][gc,start       ] GC(153) Pause Full (Ergonomics)
[49.177s][info][gc,phases,start] GC(153) Marking Phase
[49.947s][info][gc,phases      ] GC(153) Marking Phase 770.879ms
[49.947s][info][gc,phases,start] GC(153) Summary Phase
[49.948s][info][gc,phases      ] GC(153) Summary Phase 0.043ms
[49.948s][info][gc,phases,start] GC(153) Adjust Roots
[49.948s][info][gc,phases      ] GC(153) Adjust Roots 0.247ms
[49.948s][info][gc,phases,start] GC(153) Compaction Phase
[50.219s][info][gc,phases      ] GC(153) Compaction Phase 271.539ms
[50.219s][info][gc,phases,start] GC(153) Post Compact
[50.221s][info][gc,phases      ] GC(153) Post Compact 1.854ms
[50.221s][info][gc,heap        ] GC(153) PSYoungGen: 22518K(48640K)->22518K(48640K) Eden: 16896K(16896K)->16896K(16896K) From: 5622K(31744K)->5622K(31744K)
[50.221s][info][gc,heap        ] GC(153) ParOldGen: 1023632K(1024000K)->1023632K(1024000K)
[50.221s][info][gc,metaspace   ] GC(153) Metaspace: 6298K(6464K)->6298K(6464K) NonClass: 5765K(5824K)->5765K(5824K) Class: 533K(640K)->533K(640K)
[50.221s][info][gc             ] GC(153) Pause Full (Ergonomics) 1021M->1021M(1047M) 1044.973ms
[50.221s][info][gc,cpu         ] GC(153) User=1.03s Sys=0.00s Real=1.04s
[50.222s][info][gc,start       ] GC(154) Pause Full (Ergonomics)
[50.222s][info][gc,phases,start] GC(154) Marking Phase
[51.006s][info][gc,phases      ] GC(154) Marking Phase 784.079ms
[51.006s][info][gc,phases,start] GC(154) Summary Phase
[51.006s][info][gc,phases      ] GC(154) Summary Phase 0.066ms
[51.006s][info][gc,phases,start] GC(154) Adjust Roots
[51.006s][info][gc,phases      ] GC(154) Adjust Roots 0.258ms
[51.006s][info][gc,phases,start] GC(154) Compaction Phase
[51.277s][info][gc,phases      ] GC(154) Compaction Phase 270.744ms
[51.277s][info][gc,phases,start] GC(154) Post Compact
[51.279s][info][gc,phases      ] GC(154) Post Compact 1.729ms
[51.279s][info][gc,heap        ] GC(154) PSYoungGen: 22518K(48640K)->22518K(48640K) Eden: 16896K(16896K)->16896K(16896K) From: 5622K(31744K)->5622K(31744K)
[51.279s][info][gc,heap        ] GC(154) ParOldGen: 1023637K(1024000K)->1023637K(1024000K)
[51.279s][info][gc,metaspace   ] GC(154) Metaspace: 6298K(6464K)->6298K(6464K) NonClass: 5765K(5824K)->5765K(5824K) Class: 533K(640K)->533K(640K)
[51.279s][info][gc             ] GC(154) Pause Full (Ergonomics) 1021M->1021M(1047M) 1057.298ms
[51.279s][info][gc,cpu         ] GC(154) User=1.02s Sys=0.00s Real=1.06s
[51.280s][info][gc,start       ] GC(155) Pause Full (Ergonomics)
[51.280s][info][gc,phases,start] GC(155) Marking Phase
[52.053s][info][gc,phases      ] GC(155) Marking Phase 772.814ms
[52.053s][info][gc,phases,start] GC(155) Summary Phase
[52.053s][info][gc,phases      ] GC(155) Summary Phase 0.063ms
[52.053s][info][gc,phases,start] GC(155) Adjust Roots
[52.053s][info][gc,phases      ] GC(155) Adjust Roots 0.431ms
[52.053s][info][gc,phases,start] GC(155) Compaction Phase
[52.332s][info][gc,phases      ] GC(155) Compaction Phase 278.617ms
[52.332s][info][gc,phases,start] GC(155) Post Compact
[52.334s][info][gc,phases      ] GC(155) Post Compact 1.919ms
[52.334s][info][gc,heap        ] GC(155) PSYoungGen: 22518K(48640K)->22518K(48640K) Eden: 16896K(16896K)->16896K(16896K) From: 5622K(31744K)->5622K(31744K)
[52.334s][info][gc,heap        ] GC(155) ParOldGen: 1023641K(1024000K)->1023641K(1024000K)
[52.334s][info][gc,metaspace   ] GC(155) Metaspace: 6298K(6464K)->6298K(6464K) NonClass: 5765K(5824K)->5765K(5824K) Class: 533K(640K)->533K(640K)
[52.334s][info][gc             ] GC(155) Pause Full (Ergonomics) 1021M->1021M(1047M) 1054.275ms
[52.334s][info][gc,cpu         ] GC(155) User=1.00s Sys=0.02s Real=1.06s
[52.334s][info][gc,start       ] GC(156) Pause Full (Ergonomics)
[52.334s][info][gc,phases,start] GC(156) Marking Phase
[53.120s][info][gc,phases      ] GC(156) Marking Phase 786.005ms
[53.120s][info][gc,phases,start] GC(156) Summary Phase
[53.120s][info][gc,phases      ] GC(156) Summary Phase 0.049ms
[53.121s][info][gc,phases,start] GC(156) Adjust Roots
[53.121s][info][gc,phases      ] GC(156) Adjust Roots 0.275ms
[53.121s][info][gc,phases,start] GC(156) Compaction Phase
[53.392s][info][gc,phases      ] GC(156) Compaction Phase 270.933ms
[53.392s][info][gc,phases,start] GC(156) Post Compact
[53.394s][info][gc,phases      ] GC(156) Post Compact 1.885ms
[53.394s][info][gc,heap        ] GC(156) PSYoungGen: 22518K(48640K)->22518K(48640K) Eden: 16896K(16896K)->16896K(16896K) From: 5622K(31744K)->5622K(31744K)
[53.394s][info][gc,heap        ] GC(156) ParOldGen: 1023646K(1024000K)->1023646K(1024000K)
[53.394s][info][gc,metaspace   ] GC(156) Metaspace: 6298K(6464K)->6298K(6464K) NonClass: 5765K(5824K)->5765K(5824K) Class: 533K(640K)->533K(640K)
[53.394s][info][gc             ] GC(156) Pause Full (Ergonomics) 1021M->1021M(1047M) 1059.582ms
[53.394s][info][gc,cpu         ] GC(156) User=1.02s Sys=0.00s Real=1.06s
[53.394s][info][gc,start       ] GC(157) Pause Full (Ergonomics)
[53.394s][info][gc,phases,start] GC(157) Marking Phase
[54.167s][info][gc,phases      ] GC(157) Marking Phase 772.722ms
[54.167s][info][gc,phases,start] GC(157) Summary Phase
[54.167s][info][gc,phases      ] GC(157) Summary Phase 0.043ms
[54.167s][info][gc,phases,start] GC(157) Adjust Roots
[54.167s][info][gc,phases      ] GC(157) Adjust Roots 0.242ms
[54.167s][info][gc,phases,start] GC(157) Compaction Phase
[54.438s][info][gc,phases      ] GC(157) Compaction Phase 270.322ms
[54.438s][info][gc,phases,start] GC(157) Post Compact
[54.440s][info][gc,phases      ] GC(157) Post Compact 1.890ms
[54.440s][info][gc,heap        ] GC(157) PSYoungGen: 22518K(48640K)->22518K(48640K) Eden: 16896K(16896K)->16896K(16896K) From: 5622K(31744K)->5622K(31744K)
[54.440s][info][gc,heap        ] GC(157) ParOldGen: 1023651K(1024000K)->1023651K(1024000K)
[54.440s][info][gc,metaspace   ] GC(157) Metaspace: 6298K(6464K)->6298K(6464K) NonClass: 5765K(5824K)->5765K(5824K) Class: 533K(640K)->533K(640K)
[54.440s][info][gc             ] GC(157) Pause Full (Ergonomics) 1021M->1021M(1047M) 1045.650ms
[54.440s][info][gc,cpu         ] GC(157) User=1.03s Sys=0.00s Real=1.05s
[54.440s][info][gc,start       ] GC(158) Pause Full (Ergonomics)
[54.440s][info][gc,phases,start] GC(158) Marking Phase
[55.214s][info][gc,phases      ] GC(158) Marking Phase 773.987ms
[55.214s][info][gc,phases,start] GC(158) Summary Phase
[55.214s][info][gc,phases      ] GC(158) Summary Phase 0.064ms
[55.214s][info][gc,phases,start] GC(158) Adjust Roots
[55.215s][info][gc,phases      ] GC(158) Adjust Roots 0.259ms
[55.215s][info][gc,phases,start] GC(158) Compaction Phase
[55.483s][info][gc,phases      ] GC(158) Compaction Phase 268.444ms
[55.483s][info][gc,phases,start] GC(158) Post Compact
[55.485s][info][gc,phases      ] GC(158) Post Compact 1.767ms
[55.485s][info][gc,heap        ] GC(158) PSYoungGen: 22518K(48640K)->22518K(48640K) Eden: 16896K(16896K)->16896K(16896K) From: 5622K(31744K)->5622K(31744K)
[55.485s][info][gc,heap        ] GC(158) ParOldGen: 1023655K(1024000K)->1023655K(1024000K)
[55.485s][info][gc,metaspace   ] GC(158) Metaspace: 6298K(6464K)->6298K(6464K) NonClass: 5765K(5824K)->5765K(5824K) Class: 533K(640K)->533K(640K)
[55.485s][info][gc             ] GC(158) Pause Full (Ergonomics) 1021M->1021M(1047M) 1044.935ms
[55.485s][info][gc,cpu         ] GC(158) User=1.03s Sys=0.00s Real=1.04s
[55.486s][info][gc,start       ] GC(159) Pause Full (Ergonomics)
[55.486s][info][gc,phases,start] GC(159) Marking Phase
[56.259s][info][gc,phases      ] GC(159) Marking Phase 773.661ms
[56.259s][info][gc,phases,start] GC(159) Summary Phase
[56.259s][info][gc,phases      ] GC(159) Summary Phase 0.043ms
[56.259s][info][gc,phases,start] GC(159) Adjust Roots
[56.260s][info][gc,phases      ] GC(159) Adjust Roots 0.254ms
[56.260s][info][gc,phases,start] GC(159) Compaction Phase
[56.529s][info][gc,phases      ] GC(159) Compaction Phase 269.045ms
[56.529s][info][gc,phases,start] GC(159) Post Compact
[56.531s][info][gc,phases      ] GC(159) Post Compact 1.877ms
[56.531s][info][gc,heap        ] GC(159) PSYoungGen: 22518K(48640K)->22518K(48640K) Eden: 16896K(16896K)->16896K(16896K) From: 5622K(31744K)->5622K(31744K)
[56.531s][info][gc,heap        ] GC(159) ParOldGen: 1023660K(1024000K)->1023660K(1024000K)
[56.531s][info][gc,metaspace   ] GC(159) Metaspace: 6298K(6464K)->6298K(6464K) NonClass: 5765K(5824K)->5765K(5824K) Class: 533K(640K)->533K(640K)
[56.531s][info][gc             ] GC(159) Pause Full (Ergonomics) 1021M->1021M(1047M) 1045.323ms
[56.531s][info][gc,cpu         ] GC(159) User=1.02s Sys=0.00s Real=1.04s
[56.531s][info][gc,start       ] GC(160) Pause Full (Ergonomics)
[56.531s][info][gc,phases,start] GC(160) Marking Phase
[57.304s][info][gc,phases      ] GC(160) Marking Phase 772.809ms
[57.304s][info][gc,phases,start] GC(160) Summary Phase
[57.304s][info][gc,phases      ] GC(160) Summary Phase 0.043ms
[57.304s][info][gc,phases,start] GC(160) Adjust Roots
[57.304s][info][gc,phases      ] GC(160) Adjust Roots 0.239ms
[57.304s][info][gc,phases,start] GC(160) Compaction Phase
[57.575s][info][gc,phases      ] GC(160) Compaction Phase 270.068ms
[57.575s][info][gc,phases,start] GC(160) Post Compact
[57.576s][info][gc,phases      ] GC(160) Post Compact 1.745ms
[57.576s][info][gc,heap        ] GC(160) PSYoungGen: 22518K(48640K)->22518K(48640K) Eden: 16896K(16896K)->16896K(16896K) From: 5622K(31744K)->5622K(31744K)
[57.576s][info][gc,heap        ] GC(160) ParOldGen: 1023665K(1024000K)->1023665K(1024000K)
[57.576s][info][gc,metaspace   ] GC(160) Metaspace: 6298K(6464K)->6298K(6464K) NonClass: 5765K(5824K)->5765K(5824K) Class: 533K(640K)->533K(640K)
[57.577s][info][gc             ] GC(160) Pause Full (Ergonomics) 1021M->1021M(1047M) 1045.317ms
[57.577s][info][gc,cpu         ] GC(160) User=1.00s Sys=0.02s Real=1.04s
[57.577s][info][gc,start       ] GC(161) Pause Full (Ergonomics)
[57.577s][info][gc,phases,start] GC(161) Marking Phase
[58.357s][info][gc,phases      ] GC(161) Marking Phase 780.418ms
[58.357s][info][gc,phases,start] GC(161) Summary Phase
[58.357s][info][gc,phases      ] GC(161) Summary Phase 0.028ms
[58.357s][info][gc,phases,start] GC(161) Adjust Roots
[58.358s][info][gc,phases      ] GC(161) Adjust Roots 0.247ms
[58.358s][info][gc,phases,start] GC(161) Compaction Phase
[58.628s][info][gc,phases      ] GC(161) Compaction Phase 270.353ms
[58.628s][info][gc,phases,start] GC(161) Post Compact
[58.630s][info][gc,phases      ] GC(161) Post Compact 1.737ms
[58.630s][info][gc,heap        ] GC(161) PSYoungGen: 22518K(48640K)->22518K(48640K) Eden: 16896K(16896K)->16896K(16896K) From: 5622K(31744K)->5622K(31744K)
[58.630s][info][gc,heap        ] GC(161) ParOldGen: 1023669K(1024000K)->1023669K(1024000K)
[58.630s][info][gc,metaspace   ] GC(161) Metaspace: 6298K(6464K)->6298K(6464K) NonClass: 5765K(5824K)->5765K(5824K) Class: 533K(640K)->533K(640K)
[58.630s][info][gc             ] GC(161) Pause Full (Ergonomics) 1021M->1021M(1047M) 1053.152ms
[58.630s][info][gc,cpu         ] GC(161) User=1.03s Sys=0.00s Real=1.05s
[58.631s][info][gc,start       ] GC(162) Pause Full (Ergonomics)
[58.631s][info][gc,phases,start] GC(162) Marking Phase
[59.407s][info][gc,phases      ] GC(162) Marking Phase 776.295ms
[59.407s][info][gc,phases,start] GC(162) Summary Phase
[59.407s][info][gc,phases      ] GC(162) Summary Phase 0.024ms
[59.407s][info][gc,phases,start] GC(162) Adjust Roots
[59.407s][info][gc,phases      ] GC(162) Adjust Roots 0.304ms
[59.407s][info][gc,phases,start] GC(162) Compaction Phase
[59.685s][info][gc,phases      ] GC(162) Compaction Phase 277.528ms
[59.685s][info][gc,phases,start] GC(162) Post Compact
[59.687s][info][gc,phases      ] GC(162) Post Compact 1.741ms
[59.687s][info][gc,heap        ] GC(162) PSYoungGen: 22518K(48640K)->22518K(48640K) Eden: 16896K(16896K)->16896K(16896K) From: 5622K(31744K)->5622K(31744K)
[59.687s][info][gc,heap        ] GC(162) ParOldGen: 1023674K(1024000K)->1023674K(1024000K)
[59.687s][info][gc,metaspace   ] GC(162) Metaspace: 6298K(6464K)->6298K(6464K) NonClass: 5765K(5824K)->5765K(5824K) Class: 533K(640K)->533K(640K)
[59.687s][info][gc             ] GC(162) Pause Full (Ergonomics) 1021M->1021M(1047M) 1056.240ms
[59.687s][info][gc,cpu         ] GC(162) User=1.05s Sys=0.00s Real=1.06s
[59.688s][info][gc,start       ] GC(163) Pause Full (Ergonomics)
[59.688s][info][gc,phases,start] GC(163) Marking Phase
[60.459s][info][gc,phases      ] GC(163) Marking Phase 771.685ms
[60.459s][info][gc,phases,start] GC(163) Summary Phase
[60.459s][info][gc,phases      ] GC(163) Summary Phase 0.043ms
[60.459s][info][gc,phases,start] GC(163) Adjust Roots
[60.460s][info][gc,phases      ] GC(163) Adjust Roots 0.264ms
[60.460s][info][gc,phases,start] GC(163) Compaction Phase
[60.733s][info][gc,phases      ] GC(163) Compaction Phase 273.331ms
[60.733s][info][gc,phases,start] GC(163) Post Compact
[60.735s][info][gc,phases      ] GC(163) Post Compact 1.946ms
[60.735s][info][gc,heap        ] GC(163) PSYoungGen: 22518K(48640K)->22518K(48640K) Eden: 16896K(16896K)->16896K(16896K) From: 5622K(31744K)->5622K(31744K)
[60.735s][info][gc,heap        ] GC(163) ParOldGen: 1023679K(1024000K)->1023679K(1024000K)
[60.735s][info][gc,metaspace   ] GC(163) Metaspace: 6298K(6464K)->6298K(6464K) NonClass: 5765K(5824K)->5765K(5824K) Class: 533K(640K)->533K(640K)
[60.735s][info][gc             ] GC(163) Pause Full (Ergonomics) 1021M->1021M(1047M) 1047.701ms
[60.735s][info][gc,cpu         ] GC(163) User=1.00s Sys=0.02s Real=1.05s
[60.736s][info][gc,start       ] GC(164) Pause Full (Ergonomics)
[60.736s][info][gc,phases,start] GC(164) Marking Phase
[61.508s][info][gc,phases      ] GC(164) Marking Phase 772.487ms
[61.508s][info][gc,phases,start] GC(164) Summary Phase
[61.508s][info][gc,phases      ] GC(164) Summary Phase 0.043ms
[61.508s][info][gc,phases,start] GC(164) Adjust Roots
[61.509s][info][gc,phases      ] GC(164) Adjust Roots 0.257ms
[61.509s][info][gc,phases,start] GC(164) Compaction Phase
[61.781s][info][gc,phases      ] GC(164) Compaction Phase 272.666ms
[61.781s][info][gc,phases,start] GC(164) Post Compact
[61.783s][info][gc,phases      ] GC(164) Post Compact 1.935ms
[61.783s][info][gc,heap        ] GC(164) PSYoungGen: 22518K(48640K)->22518K(48640K) Eden: 16896K(16896K)->16896K(16896K) From: 5622K(31744K)->5622K(31744K)
[61.783s][info][gc,heap        ] GC(164) ParOldGen: 1023683K(1024000K)->1023683K(1024000K)
[61.783s][info][gc,metaspace   ] GC(164) Metaspace: 6298K(6464K)->6298K(6464K) NonClass: 5765K(5824K)->5765K(5824K) Class: 533K(640K)->533K(640K)
[61.783s][info][gc             ] GC(164) Pause Full (Ergonomics) 1021M->1021M(1047M) 1047.860ms
[61.784s][info][gc,cpu         ] GC(164) User=1.03s Sys=0.00s Real=1.05s
[61.784s][info][gc,start       ] GC(165) Pause Full (Ergonomics)
[61.784s][info][gc,phases,start] GC(165) Marking Phase
[62.562s][info][gc,phases      ] GC(165) Marking Phase 777.778ms
[62.562s][info][gc,phases,start] GC(165) Summary Phase
[62.562s][info][gc,phases      ] GC(165) Summary Phase 0.028ms
[62.562s][info][gc,phases,start] GC(165) Adjust Roots
[62.562s][info][gc,phases      ] GC(165) Adjust Roots 0.258ms
[62.562s][info][gc,phases,start] GC(165) Compaction Phase
[62.828s][info][gc,phases      ] GC(165) Compaction Phase 265.517ms
[62.828s][info][gc,phases,start] GC(165) Post Compact
[62.829s][info][gc,phases      ] GC(165) Post Compact 1.746ms
[62.829s][info][gc,heap        ] GC(165) PSYoungGen: 22518K(48640K)->22518K(48640K) Eden: 16896K(16896K)->16896K(16896K) From: 5622K(31744K)->5622K(31744K)
[62.829s][info][gc,heap        ] GC(165) ParOldGen: 1023688K(1024000K)->1023688K(1024000K)
[62.829s][info][gc,metaspace   ] GC(165) Metaspace: 6298K(6464K)->6298K(6464K) NonClass: 5765K(5824K)->5765K(5824K) Class: 533K(640K)->533K(640K)
[62.830s][info][gc             ] GC(165) Pause Full (Ergonomics) 1021M->1021M(1047M) 1045.701ms
[62.830s][info][gc,cpu         ] GC(165) User=1.05s Sys=0.00s Real=1.05s
[62.830s][info][gc,start       ] GC(166) Pause Full (Ergonomics)
[62.830s][info][gc,phases,start] GC(166) Marking Phase
[63.602s][info][gc,phases      ] GC(166) Marking Phase 772.317ms
[63.602s][info][gc,phases,start] GC(166) Summary Phase
[63.602s][info][gc,phases      ] GC(166) Summary Phase 0.029ms
[63.602s][info][gc,phases,start] GC(166) Adjust Roots
[63.603s][info][gc,phases      ] GC(166) Adjust Roots 0.222ms
[63.603s][info][gc,phases,start] GC(166) Compaction Phase
[63.874s][info][gc,phases      ] GC(166) Compaction Phase 271.274ms
[63.874s][info][gc,phases,start] GC(166) Post Compact
[63.876s][info][gc,phases      ] GC(166) Post Compact 1.936ms
[63.876s][info][gc,heap        ] GC(166) PSYoungGen: 22518K(48640K)->22518K(48640K) Eden: 16896K(16896K)->16896K(16896K) From: 5622K(31744K)->5622K(31744K)
[63.876s][info][gc,heap        ] GC(166) ParOldGen: 1023693K(1024000K)->1023693K(1024000K)
[63.876s][info][gc,metaspace   ] GC(166) Metaspace: 6298K(6464K)->6298K(6464K) NonClass: 5765K(5824K)->5765K(5824K) Class: 533K(640K)->533K(640K)
[63.876s][info][gc             ] GC(166) Pause Full (Ergonomics) 1021M->1021M(1047M) 1046.189ms
[63.876s][info][gc,cpu         ] GC(166) User=1.03s Sys=0.00s Real=1.05s
[63.877s][info][gc,start       ] GC(167) Pause Full (Ergonomics)
[63.877s][info][gc,phases,start] GC(167) Marking Phase
[64.655s][info][gc,phases      ] GC(167) Marking Phase 778.520ms
[64.655s][info][gc,phases,start] GC(167) Summary Phase
[64.655s][info][gc,phases      ] GC(167) Summary Phase 0.035ms
[64.655s][info][gc,phases,start] GC(167) Adjust Roots
[64.655s][info][gc,phases      ] GC(167) Adjust Roots 0.270ms
[64.656s][info][gc,phases,start] GC(167) Compaction Phase
[64.923s][info][gc,phases      ] GC(167) Compaction Phase 267.466ms
[64.923s][info][gc,phases,start] GC(167) Post Compact
[64.925s][info][gc,phases      ] GC(167) Post Compact 1.757ms
[64.925s][info][gc,heap        ] GC(167) PSYoungGen: 22518K(48640K)->22518K(48640K) Eden: 16896K(16896K)->16896K(16896K) From: 5622K(31744K)->5622K(31744K)
[64.925s][info][gc,heap        ] GC(167) ParOldGen: 1023697K(1024000K)->1023697K(1024000K)
[64.925s][info][gc,metaspace   ] GC(167) Metaspace: 6298K(6464K)->6298K(6464K) NonClass: 5765K(5824K)->5765K(5824K) Class: 533K(640K)->533K(640K)
[64.925s][info][gc             ] GC(167) Pause Full (Ergonomics) 1021M->1021M(1047M) 1048.381ms
[64.925s][info][gc,cpu         ] GC(167) User=1.02s Sys=0.00s Real=1.05s
[64.925s][info][gc,start       ] GC(168) Pause Full (Ergonomics)
[64.925s][info][gc,phases,start] GC(168) Marking Phase
[65.713s][info][gc,phases      ] GC(168) Marking Phase 787.743ms
[65.713s][info][gc,phases,start] GC(168) Summary Phase
[65.713s][info][gc,phases      ] GC(168) Summary Phase 0.062ms
[65.713s][info][gc,phases,start] GC(168) Adjust Roots
[65.713s][info][gc,phases      ] GC(168) Adjust Roots 0.263ms
[65.713s][info][gc,phases,start] GC(168) Compaction Phase
[65.984s][info][gc,phases      ] GC(168) Compaction Phase 270.923ms
[65.984s][info][gc,phases,start] GC(168) Post Compact
[65.987s][info][gc,phases      ] GC(168) Post Compact 2.061ms
[65.987s][info][gc,heap        ] GC(168) PSYoungGen: 22518K(48640K)->22518K(48640K) Eden: 16896K(16896K)->16896K(16896K) From: 5622K(31744K)->5622K(31744K)
[65.987s][info][gc,heap        ] GC(168) ParOldGen: 1023702K(1024000K)->1023702K(1024000K)
[65.987s][info][gc,metaspace   ] GC(168) Metaspace: 6298K(6464K)->6298K(6464K) NonClass: 5765K(5824K)->5765K(5824K) Class: 533K(640K)->533K(640K)
[65.987s][info][gc             ] GC(168) Pause Full (Ergonomics) 1021M->1021M(1047M) 1061.533ms
[65.987s][info][gc,cpu         ] GC(168) User=1.02s Sys=0.00s Real=1.06s
[65.987s][info][gc,start       ] GC(169) Pause Full (Ergonomics)
[65.987s][info][gc,phases,start] GC(169) Marking Phase
[66.772s][info][gc,phases      ] GC(169) Marking Phase 784.803ms
[66.772s][info][gc,phases,start] GC(169) Summary Phase
[66.772s][info][gc,phases      ] GC(169) Summary Phase 0.043ms
[66.772s][info][gc,phases,start] GC(169) Adjust Roots
[66.772s][info][gc,phases      ] GC(169) Adjust Roots 0.242ms
[66.772s][info][gc,phases,start] GC(169) Compaction Phase
[67.047s][info][gc,phases      ] GC(169) Compaction Phase 274.265ms
[67.047s][info][gc,phases,start] GC(169) Post Compact
[67.049s][info][gc,phases      ] GC(169) Post Compact 1.963ms
[67.049s][info][gc,heap        ] GC(169) PSYoungGen: 22518K(48640K)->22518K(48640K) Eden: 16896K(16896K)->16896K(16896K) From: 5622K(31744K)->5622K(31744K)
[67.049s][info][gc,heap        ] GC(169) ParOldGen: 1023707K(1024000K)->1023707K(1024000K)
[67.049s][info][gc,metaspace   ] GC(169) Metaspace: 6298K(6464K)->6298K(6464K) NonClass: 5765K(5824K)->5765K(5824K) Class: 533K(640K)->533K(640K)
[67.049s][info][gc             ] GC(169) Pause Full (Ergonomics) 1021M->1021M(1047M) 1061.754ms
[67.049s][info][gc,cpu         ] GC(169) User=1.06s Sys=0.00s Real=1.06s
[67.049s][info][gc,start       ] GC(170) Pause Full (Ergonomics)
[67.049s][info][gc,phases,start] GC(170) Marking Phase
[67.822s][info][gc,phases      ] GC(170) Marking Phase 772.757ms
[67.822s][info][gc,phases,start] GC(170) Summary Phase
[67.822s][info][gc,phases      ] GC(170) Summary Phase 0.044ms
[67.822s][info][gc,phases,start] GC(170) Adjust Roots
[67.822s][info][gc,phases      ] GC(170) Adjust Roots 0.271ms
[67.822s][info][gc,phases,start] GC(170) Compaction Phase
[68.094s][info][gc,phases      ] GC(170) Compaction Phase 271.647ms
[68.094s][info][gc,phases,start] GC(170) Post Compact
[68.096s][info][gc,phases      ] GC(170) Post Compact 1.909ms
[68.096s][info][gc,heap        ] GC(170) PSYoungGen: 22518K(48640K)->22518K(48640K) Eden: 16896K(16896K)->16896K(16896K) From: 5622K(31744K)->5622K(31744K)
[68.096s][info][gc,heap        ] GC(170) ParOldGen: 1023711K(1024000K)->1023711K(1024000K)
[68.096s][info][gc,metaspace   ] GC(170) Metaspace: 6298K(6464K)->6298K(6464K) NonClass: 5765K(5824K)->5765K(5824K) Class: 533K(640K)->533K(640K)
[68.096s][info][gc             ] GC(170) Pause Full (Ergonomics) 1021M->1021M(1047M) 1047.076ms
[68.096s][info][gc,cpu         ] GC(170) User=1.03s Sys=0.00s Real=1.05s
[68.097s][info][gc,start       ] GC(171) Pause Full (Ergonomics)
[68.097s][info][gc,phases,start] GC(171) Marking Phase
[68.870s][info][gc,phases      ] GC(171) Marking Phase 773.556ms
[68.870s][info][gc,phases,start] GC(171) Summary Phase
[68.870s][info][gc,phases      ] GC(171) Summary Phase 0.063ms
[68.870s][info][gc,phases,start] GC(171) Adjust Roots
[68.871s][info][gc,phases      ] GC(171) Adjust Roots 0.263ms
[68.871s][info][gc,phases,start] GC(171) Compaction Phase
[69.140s][info][gc,phases      ] GC(171) Compaction Phase 269.443ms
[69.140s][info][gc,phases,start] GC(171) Post Compact
[69.142s][info][gc,phases      ] GC(171) Post Compact 1.911ms
[69.142s][info][gc,heap        ] GC(171) PSYoungGen: 22518K(48640K)->22518K(48640K) Eden: 16896K(16896K)->16896K(16896K) From: 5622K(31744K)->5622K(31744K)
[69.142s][info][gc,heap        ] GC(171) ParOldGen: 1023716K(1024000K)->1023716K(1024000K)
[69.142s][info][gc,metaspace   ] GC(171) Metaspace: 6298K(6464K)->6298K(6464K) NonClass: 5765K(5824K)->5765K(5824K) Class: 533K(640K)->533K(640K)
[69.142s][info][gc             ] GC(171) Pause Full (Ergonomics) 1021M->1021M(1047M) 1045.665ms
[69.142s][info][gc,cpu         ] GC(171) User=1.03s Sys=0.00s Real=1.05s
[69.143s][info][gc,start       ] GC(172) Pause Full (Ergonomics)
[69.143s][info][gc,phases,start] GC(172) Marking Phase
[69.917s][info][gc,phases      ] GC(172) Marking Phase 774.218ms
[69.917s][info][gc,phases,start] GC(172) Summary Phase
[69.917s][info][gc,phases      ] GC(172) Summary Phase 0.025ms
[69.917s][info][gc,phases,start] GC(172) Adjust Roots
[69.917s][info][gc,phases      ] GC(172) Adjust Roots 0.391ms
[69.917s][info][gc,phases,start] GC(172) Compaction Phase
[70.190s][info][gc,phases      ] GC(172) Compaction Phase 272.444ms
[70.190s][info][gc,phases,start] GC(172) Post Compact
[70.192s][info][gc,phases      ] GC(172) Post Compact 1.760ms
[70.192s][info][gc,heap        ] GC(172) PSYoungGen: 22518K(48640K)->22518K(48640K) Eden: 16896K(16896K)->16896K(16896K) From: 5622K(31744K)->5622K(31744K)
[70.192s][info][gc,heap        ] GC(172) ParOldGen: 1023721K(1024000K)->1023721K(1024000K)
[70.192s][info][gc,metaspace   ] GC(172) Metaspace: 6298K(6464K)->6298K(6464K) NonClass: 5765K(5824K)->5765K(5824K) Class: 533K(640K)->533K(640K)
[70.192s][info][gc             ] GC(172) Pause Full (Ergonomics) 1021M->1021M(1047M) 1049.195ms
[70.192s][info][gc,cpu         ] GC(172) User=1.03s Sys=0.00s Real=1.05s
[70.192s][info][gc,start       ] GC(173) Pause Full (Ergonomics)
[70.192s][info][gc,phases,start] GC(173) Marking Phase
[70.965s][info][gc,phases      ] GC(173) Marking Phase 772.827ms
[70.965s][info][gc,phases,start] GC(173) Summary Phase
[70.965s][info][gc,phases      ] GC(173) Summary Phase 0.043ms
[70.965s][info][gc,phases,start] GC(173) Adjust Roots
[70.966s][info][gc,phases      ] GC(173) Adjust Roots 0.265ms
[70.966s][info][gc,phases,start] GC(173) Compaction Phase
[71.237s][info][gc,phases      ] GC(173) Compaction Phase 271.548ms
[71.237s][info][gc,phases,start] GC(173) Post Compact
[71.239s][info][gc,phases      ] GC(173) Post Compact 1.849ms
[71.239s][info][gc,heap        ] GC(173) PSYoungGen: 22518K(48640K)->22518K(48640K) Eden: 16896K(16896K)->16896K(16896K) From: 5622K(31744K)->5622K(31744K)
[71.239s][info][gc,heap        ] GC(173) ParOldGen: 1023725K(1024000K)->1023725K(1024000K)
[71.239s][info][gc,metaspace   ] GC(173) Metaspace: 6298K(6464K)->6298K(6464K) NonClass: 5765K(5824K)->5765K(5824K) Class: 533K(640K)->533K(640K)
[71.239s][info][gc             ] GC(173) Pause Full (Ergonomics) 1021M->1021M(1047M) 1046.961ms
[71.239s][info][gc,cpu         ] GC(173) User=1.03s Sys=0.00s Real=1.05s
[71.240s][info][gc,start       ] GC(174) Pause Full (Ergonomics)
[71.240s][info][gc,phases,start] GC(174) Marking Phase
[72.024s][info][gc,phases      ] GC(174) Marking Phase 784.830ms
[72.024s][info][gc,phases,start] GC(174) Summary Phase
[72.025s][info][gc,phases      ] GC(174) Summary Phase 0.043ms
[72.025s][info][gc,phases,start] GC(174) Adjust Roots
[72.025s][info][gc,phases      ] GC(174) Adjust Roots 0.246ms
[72.025s][info][gc,phases,start] GC(174) Compaction Phase
[72.294s][info][gc,phases      ] GC(174) Compaction Phase 269.349ms
[72.294s][info][gc,phases,start] GC(174) Post Compact
[72.296s][info][gc,phases      ] GC(174) Post Compact 1.803ms
[72.296s][info][gc,heap        ] GC(174) PSYoungGen: 22518K(48640K)->22518K(48640K) Eden: 16896K(16896K)->16896K(16896K) From: 5622K(31744K)->5622K(31744K)
[72.296s][info][gc,heap        ] GC(174) ParOldGen: 1023730K(1024000K)->1023730K(1024000K)
[72.296s][info][gc,metaspace   ] GC(174) Metaspace: 6298K(6464K)->6298K(6464K) NonClass: 5765K(5824K)->5765K(5824K) Class: 533K(640K)->533K(640K)
[72.296s][info][gc             ] GC(174) Pause Full (Ergonomics) 1021M->1021M(1047M) 1056.788ms
[72.296s][info][gc,cpu         ] GC(174) User=1.03s Sys=0.00s Real=1.06s
[72.297s][info][gc,start       ] GC(175) Pause Full (Ergonomics)
[72.297s][info][gc,phases,start] GC(175) Marking Phase
[73.075s][info][gc,phases      ] GC(175) Marking Phase 778.057ms
[73.075s][info][gc,phases,start] GC(175) Summary Phase
[73.075s][info][gc,phases      ] GC(175) Summary Phase 0.028ms
[73.075s][info][gc,phases,start] GC(175) Adjust Roots
[73.075s][info][gc,phases      ] GC(175) Adjust Roots 0.215ms
[73.075s][info][gc,phases,start] GC(175) Compaction Phase
[73.350s][info][gc,phases      ] GC(175) Compaction Phase 274.940ms
[73.350s][info][gc,phases,start] GC(175) Post Compact
[73.352s][info][gc,phases      ] GC(175) Post Compact 1.768ms
[73.352s][info][gc,heap        ] GC(175) PSYoungGen: 22518K(48640K)->22518K(48640K) Eden: 16896K(16896K)->16896K(16896K) From: 5622K(31744K)->5622K(31744K)
[73.352s][info][gc,heap        ] GC(175) ParOldGen: 1023735K(1024000K)->1023735K(1024000K)
[73.352s][info][gc,metaspace   ] GC(175) Metaspace: 6298K(6464K)->6298K(6464K) NonClass: 5765K(5824K)->5765K(5824K) Class: 533K(640K)->533K(640K)
[73.352s][info][gc             ] GC(175) Pause Full (Ergonomics) 1021M->1021M(1047M) 1055.437ms
[73.352s][info][gc,cpu         ] GC(175) User=1.02s Sys=0.00s Real=1.06s
[73.353s][info][gc,start       ] GC(176) Pause Full (Ergonomics)
[73.353s][info][gc,phases,start] GC(176) Marking Phase
[74.128s][info][gc,phases      ] GC(176) Marking Phase 775.166ms
[74.128s][info][gc,phases,start] GC(176) Summary Phase
[74.128s][info][gc,phases      ] GC(176) Summary Phase 0.043ms
[74.128s][info][gc,phases,start] GC(176) Adjust Roots
[74.128s][info][gc,phases      ] GC(176) Adjust Roots 0.274ms
[74.128s][info][gc,phases,start] GC(176) Compaction Phase
[74.397s][info][gc,phases      ] GC(176) Compaction Phase 268.622ms
[74.397s][info][gc,phases,start] GC(176) Post Compact
[74.399s][info][gc,phases      ] GC(176) Post Compact 1.806ms
[74.399s][info][gc,heap        ] GC(176) PSYoungGen: 22518K(48640K)->22518K(48640K) Eden: 16896K(16896K)->16896K(16896K) From: 5622K(31744K)->5622K(31744K)
[74.399s][info][gc,heap        ] GC(176) ParOldGen: 1023739K(1024000K)->1023739K(1024000K)
[74.399s][info][gc,metaspace   ] GC(176) Metaspace: 6298K(6464K)->6298K(6464K) NonClass: 5765K(5824K)->5765K(5824K) Class: 533K(640K)->533K(640K)
[74.399s][info][gc             ] GC(176) Pause Full (Ergonomics) 1021M->1021M(1047M) 1046.404ms
[74.399s][info][gc,cpu         ] GC(176) User=1.02s Sys=0.00s Real=1.05s
[74.399s][info][gc,start       ] GC(177) Pause Full (Ergonomics)
[74.399s][info][gc,phases,start] GC(177) Marking Phase
[75.179s][info][gc,phases      ] GC(177) Marking Phase 779.283ms
[75.179s][info][gc,phases,start] GC(177) Summary Phase
[75.179s][info][gc,phases      ] GC(177) Summary Phase 0.095ms
[75.179s][info][gc,phases,start] GC(177) Adjust Roots
[75.179s][info][gc,phases      ] GC(177) Adjust Roots 0.309ms
[75.179s][info][gc,phases,start] GC(177) Compaction Phase
[75.452s][info][gc,phases      ] GC(177) Compaction Phase 273.188ms
[75.453s][info][gc,phases,start] GC(177) Post Compact
[75.454s][info][gc,phases      ] GC(177) Post Compact 1.730ms
[75.454s][info][gc,heap        ] GC(177) PSYoungGen: 22518K(48640K)->22518K(48640K) Eden: 16896K(16896K)->16896K(16896K) From: 5622K(31744K)->5622K(31744K)
[75.454s][info][gc,heap        ] GC(177) ParOldGen: 1023744K(1024000K)->1023744K(1024000K)
[75.454s][info][gc,metaspace   ] GC(177) Metaspace: 6298K(6464K)->6298K(6464K) NonClass: 5765K(5824K)->5765K(5824K) Class: 533K(640K)->533K(640K)
[75.454s][info][gc             ] GC(177) Pause Full (Ergonomics) 1021M->1021M(1047M) 1055.004ms
[75.454s][info][gc,cpu         ] GC(177) User=1.00s Sys=0.00s Real=1.05s
[75.455s][info][gc,start       ] GC(178) Pause Full (Ergonomics)
[75.455s][info][gc,phases,start] GC(178) Marking Phase
[76.233s][info][gc,phases      ] GC(178) Marking Phase 778.377ms
[76.233s][info][gc,phases,start] GC(178) Summary Phase
[76.233s][info][gc,phases      ] GC(178) Summary Phase 0.024ms
[76.233s][info][gc,phases,start] GC(178) Adjust Roots
[76.234s][info][gc,phases      ] GC(178) Adjust Roots 0.242ms
[76.234s][info][gc,phases,start] GC(178) Compaction Phase
[76.512s][info][gc,phases      ] GC(178) Compaction Phase 278.708ms
[76.512s][info][gc,phases,start] GC(178) Post Compact
[76.514s][info][gc,phases      ] GC(178) Post Compact 1.761ms
[76.514s][info][gc,heap        ] GC(178) PSYoungGen: 22518K(48640K)->22518K(48640K) Eden: 16896K(16896K)->16896K(16896K) From: 5622K(31744K)->5622K(31744K)
[76.514s][info][gc,heap        ] GC(178) ParOldGen: 1023749K(1024000K)->1023749K(1024000K)
[76.514s][info][gc,metaspace   ] GC(178) Metaspace: 6298K(6464K)->6298K(6464K) NonClass: 5765K(5824K)->5765K(5824K) Class: 533K(640K)->533K(640K)
[76.514s][info][gc             ] GC(178) Pause Full (Ergonomics) 1021M->1021M(1047M) 1059.474ms
[76.514s][info][gc,cpu         ] GC(178) User=1.02s Sys=0.02s Real=1.06s
[76.515s][info][gc,start       ] GC(179) Pause Full (Ergonomics)
[76.515s][info][gc,phases,start] GC(179) Marking Phase
[77.305s][info][gc,phases      ] GC(179) Marking Phase 790.298ms
[77.305s][info][gc,phases,start] GC(179) Summary Phase
[77.305s][info][gc,phases      ] GC(179) Summary Phase 0.060ms
[77.305s][info][gc,phases,start] GC(179) Adjust Roots
[77.305s][info][gc,phases      ] GC(179) Adjust Roots 0.249ms
[77.305s][info][gc,phases,start] GC(179) Compaction Phase
[77.582s][info][gc,phases      ] GC(179) Compaction Phase 276.959ms
[77.582s][info][gc,phases,start] GC(179) Post Compact
[77.584s][info][gc,phases      ] GC(179) Post Compact 1.734ms
[77.584s][info][gc,heap        ] GC(179) PSYoungGen: 22518K(48640K)->22518K(48640K) Eden: 16896K(16896K)->16896K(16896K) From: 5622K(31744K)->5622K(31744K)
[77.584s][info][gc,heap        ] GC(179) ParOldGen: 1023753K(1024000K)->1023753K(1024000K)
[77.584s][info][gc,metaspace   ] GC(179) Metaspace: 6298K(6464K)->6298K(6464K) NonClass: 5765K(5824K)->5765K(5824K) Class: 533K(640K)->533K(640K)
[77.584s][info][gc             ] GC(179) Pause Full (Ergonomics) 1021M->1021M(1047M) 1069.669ms
[77.584s][info][gc,cpu         ] GC(179) User=1.05s Sys=0.02s Real=1.07s
[77.585s][info][gc,start       ] GC(180) Pause Full (Ergonomics)
[77.585s][info][gc,phases,start] GC(180) Marking Phase
[78.371s][info][gc,phases      ] GC(180) Marking Phase 785.867ms
[78.371s][info][gc,phases,start] GC(180) Summary Phase
[78.371s][info][gc,phases      ] GC(180) Summary Phase 0.022ms
[78.371s][info][gc,phases,start] GC(180) Adjust Roots
[78.371s][info][gc,phases      ] GC(180) Adjust Roots 0.450ms
[78.371s][info][gc,phases,start] GC(180) Compaction Phase
[78.648s][info][gc,phases      ] GC(180) Compaction Phase 276.409ms
[78.648s][info][gc,phases,start] GC(180) Post Compact
[78.650s][info][gc,phases      ] GC(180) Post Compact 1.751ms
[78.650s][info][gc,heap        ] GC(180) PSYoungGen: 22518K(48640K)->22518K(48640K) Eden: 16896K(16896K)->16896K(16896K) From: 5622K(31744K)->5622K(31744K)
[78.650s][info][gc,heap        ] GC(180) ParOldGen: 1023758K(1024000K)->1023758K(1024000K)
[78.650s][info][gc,metaspace   ] GC(180) Metaspace: 6298K(6464K)->6298K(6464K) NonClass: 5765K(5824K)->5765K(5824K) Class: 533K(640K)->533K(640K)
[78.650s][info][gc             ] GC(180) Pause Full (Ergonomics) 1021M->1021M(1047M) 1064.857ms
[78.650s][info][gc,cpu         ] GC(180) User=1.06s Sys=0.00s Real=1.07s
[78.650s][info][gc,start       ] GC(181) Pause Full (Ergonomics)
[78.650s][info][gc,phases,start] GC(181) Marking Phase
[79.425s][info][gc,phases      ] GC(181) Marking Phase 774.943ms
[79.425s][info][gc,phases,start] GC(181) Summary Phase
[79.425s][info][gc,phases      ] GC(181) Summary Phase 0.029ms
[79.425s][info][gc,phases,start] GC(181) Adjust Roots
[79.426s][info][gc,phases      ] GC(181) Adjust Roots 0.398ms
[79.426s][info][gc,phases,start] GC(181) Compaction Phase
[79.701s][info][gc,phases      ] GC(181) Compaction Phase 275.409ms
[79.701s][info][gc,phases,start] GC(181) Post Compact
[79.703s][info][gc,phases      ] GC(181) Post Compact 1.821ms
[79.703s][info][gc,heap        ] GC(181) PSYoungGen: 22518K(48640K)->22518K(48640K) Eden: 16896K(16896K)->16896K(16896K) From: 5622K(31744K)->5622K(31744K)
[79.703s][info][gc,heap        ] GC(181) ParOldGen: 1023763K(1024000K)->1023763K(1024000K)
[79.703s][info][gc,metaspace   ] GC(181) Metaspace: 6298K(6464K)->6298K(6464K) NonClass: 5765K(5824K)->5765K(5824K) Class: 533K(640K)->533K(640K)
[79.703s][info][gc             ] GC(181) Pause Full (Ergonomics) 1021M->1021M(1047M) 1053.018ms
[79.703s][info][gc,cpu         ] GC(181) User=1.02s Sys=0.03s Real=1.05s
[79.704s][info][gc,start       ] GC(182) Pause Full (Ergonomics)
[79.704s][info][gc,phases,start] GC(182) Marking Phase
[80.486s][info][gc,phases      ] GC(182) Marking Phase 782.624ms
[80.486s][info][gc,phases,start] GC(182) Summary Phase
[80.486s][info][gc,phases      ] GC(182) Summary Phase 0.063ms
[80.486s][info][gc,phases,start] GC(182) Adjust Roots
[80.487s][info][gc,phases      ] GC(182) Adjust Roots 0.271ms
[80.487s][info][gc,phases,start] GC(182) Compaction Phase
[80.757s][info][gc,phases      ] GC(182) Compaction Phase 270.540ms
[80.757s][info][gc,phases,start] GC(182) Post Compact
[80.759s][info][gc,phases      ] GC(182) Post Compact 1.896ms
[80.759s][info][gc,heap        ] GC(182) PSYoungGen: 22518K(48640K)->22518K(48640K) Eden: 16896K(16896K)->16896K(16896K) From: 5622K(31744K)->5622K(31744K)
[80.759s][info][gc,heap        ] GC(182) ParOldGen: 1023767K(1024000K)->1023767K(1024000K)
[80.759s][info][gc,metaspace   ] GC(182) Metaspace: 6298K(6464K)->6298K(6464K) NonClass: 5765K(5824K)->5765K(5824K) Class: 533K(640K)->533K(640K)
[80.759s][info][gc             ] GC(182) Pause Full (Ergonomics) 1021M->1021M(1047M) 1055.820ms
[80.759s][info][gc,cpu         ] GC(182) User=1.03s Sys=0.00s Real=1.06s
[80.760s][info][gc,start       ] GC(183) Pause Full (Ergonomics)
[80.760s][info][gc,phases,start] GC(183) Marking Phase
[81.535s][info][gc,phases      ] GC(183) Marking Phase 774.742ms
[81.535s][info][gc,phases,start] GC(183) Summary Phase
[81.535s][info][gc,phases      ] GC(183) Summary Phase 0.033ms
[81.535s][info][gc,phases,start] GC(183) Adjust Roots
[81.535s][info][gc,phases      ] GC(183) Adjust Roots 0.238ms
[81.535s][info][gc,phases,start] GC(183) Compaction Phase
[81.804s][info][gc,phases      ] GC(183) Compaction Phase 268.690ms
[81.804s][info][gc,phases,start] GC(183) Post Compact
[81.805s][info][gc,phases      ] GC(183) Post Compact 1.737ms
[81.806s][info][gc,heap        ] GC(183) PSYoungGen: 22518K(48640K)->22518K(48640K) Eden: 16896K(16896K)->16896K(16896K) From: 5622K(31744K)->5622K(31744K)
[81.806s][info][gc,heap        ] GC(183) ParOldGen: 1023772K(1024000K)->1023772K(1024000K)
[81.806s][info][gc,metaspace   ] GC(183) Metaspace: 6298K(6464K)->6298K(6464K) NonClass: 5765K(5824K)->5765K(5824K) Class: 533K(640K)->533K(640K)
[81.806s][info][gc             ] GC(183) Pause Full (Ergonomics) 1021M->1021M(1047M) 1045.836ms
[81.806s][info][gc,cpu         ] GC(183) User=1.03s Sys=0.00s Real=1.05s
[81.806s][info][gc,start       ] GC(184) Pause Full (Ergonomics)
[81.806s][info][gc,phases,start] GC(184) Marking Phase
[82.593s][info][gc,phases      ] GC(184) Marking Phase 786.856ms
[82.593s][info][gc,phases,start] GC(184) Summary Phase
[82.593s][info][gc,phases      ] GC(184) Summary Phase 0.070ms
[82.593s][info][gc,phases,start] GC(184) Adjust Roots
[82.594s][info][gc,phases      ] GC(184) Adjust Roots 0.459ms
[82.594s][info][gc,phases,start] GC(184) Compaction Phase
[82.867s][info][gc,phases      ] GC(184) Compaction Phase 273.147ms
[82.867s][info][gc,phases,start] GC(184) Post Compact
[82.869s][info][gc,phases      ] GC(184) Post Compact 1.744ms
[82.869s][info][gc,heap        ] GC(184) PSYoungGen: 22518K(48640K)->22518K(48640K) Eden: 16896K(16896K)->16896K(16896K) From: 5622K(31744K)->5622K(31744K)
[82.869s][info][gc,heap        ] GC(184) ParOldGen: 1023777K(1024000K)->1023777K(1024000K)
[82.869s][info][gc,metaspace   ] GC(184) Metaspace: 6298K(6464K)->6298K(6464K) NonClass: 5765K(5824K)->5765K(5824K) Class: 533K(640K)->533K(640K)
[82.869s][info][gc             ] GC(184) Pause Full (Ergonomics) 1021M->1021M(1047M) 1062.693ms
[82.869s][info][gc,cpu         ] GC(184) User=1.03s Sys=0.00s Real=1.06s
[82.869s][info][gc,start       ] GC(185) Pause Full (Ergonomics)
[82.869s][info][gc,phases,start] GC(185) Marking Phase
[83.648s][info][gc,phases      ] GC(185) Marking Phase 779.413ms
[83.648s][info][gc,phases,start] GC(185) Summary Phase
[83.649s][info][gc,phases      ] GC(185) Summary Phase 0.021ms
[83.649s][info][gc,phases,start] GC(185) Adjust Roots
[83.649s][info][gc,phases      ] GC(185) Adjust Roots 0.283ms
[83.649s][info][gc,phases,start] GC(185) Compaction Phase
[83.929s][info][gc,phases      ] GC(185) Compaction Phase 279.916ms
[83.929s][info][gc,phases,start] GC(185) Post Compact
[83.931s][info][gc,phases      ] GC(185) Post Compact 1.754ms
[83.931s][info][gc,heap        ] GC(185) PSYoungGen: 22518K(48640K)->22518K(48640K) Eden: 16896K(16896K)->16896K(16896K) From: 5622K(31744K)->5622K(31744K)
[83.931s][info][gc,heap        ] GC(185) ParOldGen: 1023781K(1024000K)->1023781K(1024000K)
[83.931s][info][gc,metaspace   ] GC(185) Metaspace: 6298K(6464K)->6298K(6464K) NonClass: 5765K(5824K)->5765K(5824K) Class: 533K(640K)->533K(640K)
[83.931s][info][gc             ] GC(185) Pause Full (Ergonomics) 1021M->1021M(1047M) 1061.714ms
[83.931s][info][gc,cpu         ] GC(185) User=1.03s Sys=0.02s Real=1.06s
[83.931s][info][gc,start       ] GC(186) Pause Full (Ergonomics)
[83.931s][info][gc,phases,start] GC(186) Marking Phase
[84.719s][info][gc,phases      ] GC(186) Marking Phase 787.800ms
[84.719s][info][gc,phases,start] GC(186) Summary Phase
[84.719s][info][gc,phases      ] GC(186) Summary Phase 0.065ms
[84.719s][info][gc,phases,start] GC(186) Adjust Roots
[84.719s][info][gc,phases      ] GC(186) Adjust Roots 0.254ms
[84.719s][info][gc,phases,start] GC(186) Compaction Phase
[84.997s][info][gc,phases      ] GC(186) Compaction Phase 277.923ms
[84.997s][info][gc,phases,start] GC(186) Post Compact
[84.999s][info][gc,phases      ] GC(186) Post Compact 1.906ms
[84.999s][info][gc,heap        ] GC(186) PSYoungGen: 22518K(48640K)->22518K(48640K) Eden: 16896K(16896K)->16896K(16896K) From: 5622K(31744K)->5622K(31744K)
[84.999s][info][gc,heap        ] GC(186) ParOldGen: 1023786K(1024000K)->1023786K(1024000K)
[84.999s][info][gc,metaspace   ] GC(186) Metaspace: 6298K(6464K)->6298K(6464K) NonClass: 5765K(5824K)->5765K(5824K) Class: 533K(640K)->533K(640K)
[84.999s][info][gc             ] GC(186) Pause Full (Ergonomics) 1021M->1021M(1047M) 1068.346ms
[84.999s][info][gc,cpu         ] GC(186) User=1.05s Sys=0.00s Real=1.07s
[85.000s][info][gc,start       ] GC(187) Pause Full (Ergonomics)
[85.000s][info][gc,phases,start] GC(187) Marking Phase
[85.794s][info][gc,phases      ] GC(187) Marking Phase 793.843ms
[85.794s][info][gc,phases,start] GC(187) Summary Phase
[85.794s][info][gc,phases      ] GC(187) Summary Phase 0.029ms
[85.794s][info][gc,phases,start] GC(187) Adjust Roots
[85.794s][info][gc,phases      ] GC(187) Adjust Roots 0.238ms
[85.794s][info][gc,phases,start] GC(187) Compaction Phase
[86.074s][info][gc,phases      ] GC(187) Compaction Phase 279.930ms
[86.074s][info][gc,phases,start] GC(187) Post Compact
[86.076s][info][gc,phases      ] GC(187) Post Compact 1.730ms
[86.076s][info][gc,heap        ] GC(187) PSYoungGen: 22518K(48640K)->22518K(48640K) Eden: 16896K(16896K)->16896K(16896K) From: 5622K(31744K)->5622K(31744K)
[86.076s][info][gc,heap        ] GC(187) ParOldGen: 1023791K(1024000K)->1023791K(1024000K)
[86.076s][info][gc,metaspace   ] GC(187) Metaspace: 6298K(6464K)->6298K(6464K) NonClass: 5765K(5824K)->5765K(5824K) Class: 533K(640K)->533K(640K)
[86.076s][info][gc             ] GC(187) Pause Full (Ergonomics) 1021M->1021M(1047M) 1076.155ms
[86.076s][info][gc,cpu         ] GC(187) User=1.06s Sys=0.00s Real=1.08s
[86.076s][info][gc,start       ] GC(188) Pause Full (Ergonomics)
[86.077s][info][gc,phases,start] GC(188) Marking Phase
[86.861s][info][gc,phases      ] GC(188) Marking Phase 784.861ms
[86.861s][info][gc,phases,start] GC(188) Summary Phase
[86.861s][info][gc,phases      ] GC(188) Summary Phase 0.025ms
[86.861s][info][gc,phases,start] GC(188) Adjust Roots
[86.862s][info][gc,phases      ] GC(188) Adjust Roots 0.300ms
[86.862s][info][gc,phases,start] GC(188) Compaction Phase
[87.140s][info][gc,phases      ] GC(188) Compaction Phase 278.437ms
[87.140s][info][gc,phases,start] GC(188) Post Compact
[87.142s][info][gc,phases      ] GC(188) Post Compact 1.743ms
[87.142s][info][gc,heap        ] GC(188) PSYoungGen: 22518K(48640K)->22518K(48640K) Eden: 16896K(16896K)->16896K(16896K) From: 5622K(31744K)->5622K(31744K)
[87.142s][info][gc,heap        ] GC(188) ParOldGen: 1023795K(1024000K)->1023795K(1024000K)
[87.142s][info][gc,metaspace   ] GC(188) Metaspace: 6298K(6464K)->6298K(6464K) NonClass: 5765K(5824K)->5765K(5824K) Class: 533K(640K)->533K(640K)
[87.142s][info][gc             ] GC(188) Pause Full (Ergonomics) 1021M->1021M(1047M) 1065.708ms
[87.142s][info][gc,cpu         ] GC(188) User=1.06s Sys=0.00s Real=1.07s
[87.143s][info][gc,start       ] GC(189) Pause Full (Ergonomics)
[87.143s][info][gc,phases,start] GC(189) Marking Phase
[87.935s][info][gc,phases      ] GC(189) Marking Phase 792.737ms
[87.935s][info][gc,phases,start] GC(189) Summary Phase
[87.935s][info][gc,phases      ] GC(189) Summary Phase 0.029ms
[87.935s][info][gc,phases,start] GC(189) Adjust Roots
[87.936s][info][gc,phases      ] GC(189) Adjust Roots 0.372ms
[87.936s][info][gc,phases,start] GC(189) Compaction Phase
[88.204s][info][gc,phases      ] GC(189) Compaction Phase 267.947ms
[88.204s][info][gc,phases,start] GC(189) Post Compact
[88.206s][info][gc,phases      ] GC(189) Post Compact 1.723ms
[88.206s][info][gc,heap        ] GC(189) PSYoungGen: 22518K(48640K)->22518K(48640K) Eden: 16896K(16896K)->16896K(16896K) From: 5622K(31744K)->5622K(31744K)
[88.206s][info][gc,heap        ] GC(189) ParOldGen: 1023800K(1024000K)->1023800K(1024000K)
[88.206s][info][gc,metaspace   ] GC(189) Metaspace: 6298K(6464K)->6298K(6464K) NonClass: 5765K(5824K)->5765K(5824K) Class: 533K(640K)->533K(640K)
[88.206s][info][gc             ] GC(189) Pause Full (Ergonomics) 1021M->1021M(1047M) 1063.225ms
[88.206s][info][gc,cpu         ] GC(189) User=1.05s Sys=0.00s Real=1.06s
[88.206s][info][gc,start       ] GC(190) Pause Full (Ergonomics)
[88.206s][info][gc,phases,start] GC(190) Marking Phase
[88.984s][info][gc,phases      ] GC(190) Marking Phase 777.797ms
[88.984s][info][gc,phases,start] GC(190) Summary Phase
[88.984s][info][gc,phases      ] GC(190) Summary Phase 0.024ms
[88.984s][info][gc,phases,start] GC(190) Adjust Roots
[88.984s][info][gc,phases      ] GC(190) Adjust Roots 0.248ms
[88.984s][info][gc,phases,start] GC(190) Compaction Phase
[89.256s][info][gc,phases      ] GC(190) Compaction Phase 271.823ms
[89.256s][info][gc,phases,start] GC(190) Post Compact
[89.258s][info][gc,phases      ] GC(190) Post Compact 1.771ms
[89.258s][info][gc,heap        ] GC(190) PSYoungGen: 22518K(48640K)->22518K(48640K) Eden: 16896K(16896K)->16896K(16896K) From: 5622K(31744K)->5622K(31744K)
[89.258s][info][gc,heap        ] GC(190) ParOldGen: 1023805K(1024000K)->1023805K(1024000K)
[89.258s][info][gc,metaspace   ] GC(190) Metaspace: 6298K(6464K)->6298K(6464K) NonClass: 5765K(5824K)->5765K(5824K) Class: 533K(640K)->533K(640K)
[89.258s][info][gc             ] GC(190) Pause Full (Ergonomics) 1021M->1021M(1047M) 1052.000ms
[89.258s][info][gc,cpu         ] GC(190) User=1.00s Sys=0.02s Real=1.05s
[89.258s][info][gc,start       ] GC(191) Pause Full (Ergonomics)
[89.258s][info][gc,phases,start] GC(191) Marking Phase
[90.032s][info][gc,phases      ] GC(191) Marking Phase 773.593ms
[90.032s][info][gc,phases,start] GC(191) Summary Phase
[90.032s][info][gc,phases      ] GC(191) Summary Phase 0.043ms
[90.032s][info][gc,phases,start] GC(191) Adjust Roots
[90.033s][info][gc,phases      ] GC(191) Adjust Roots 0.294ms
[90.033s][info][gc,phases,start] GC(191) Compaction Phase
[90.302s][info][gc,phases      ] GC(191) Compaction Phase 269.627ms
[90.302s][info][gc,phases,start] GC(191) Post Compact
[90.304s][info][gc,phases      ] GC(191) Post Compact 1.864ms
[90.304s][info][gc,heap        ] GC(191) PSYoungGen: 22518K(48640K)->22518K(48640K) Eden: 16896K(16896K)->16896K(16896K) From: 5622K(31744K)->5622K(31744K)
[90.304s][info][gc,heap        ] GC(191) ParOldGen: 1023809K(1024000K)->1023809K(1024000K)
[90.304s][info][gc,metaspace   ] GC(191) Metaspace: 6298K(6464K)->6298K(6464K) NonClass: 5765K(5824K)->5765K(5824K) Class: 533K(640K)->533K(640K)
[90.304s][info][gc             ] GC(191) Pause Full (Ergonomics) 1021M->1021M(1047M) 1045.855ms
[90.304s][info][gc,cpu         ] GC(191) User=1.05s Sys=0.00s Real=1.05s
[90.305s][info][gc,start       ] GC(192) Pause Full (Ergonomics)
[90.305s][info][gc,phases,start] GC(192) Marking Phase
[91.086s][info][gc,phases      ] GC(192) Marking Phase 781.248ms
[91.086s][info][gc,phases,start] GC(192) Summary Phase
[91.086s][info][gc,phases      ] GC(192) Summary Phase 0.043ms
[91.086s][info][gc,phases,start] GC(192) Adjust Roots
[91.087s][info][gc,phases      ] GC(192) Adjust Roots 0.520ms
[91.087s][info][gc,phases,start] GC(192) Compaction Phase
[91.360s][info][gc,phases      ] GC(192) Compaction Phase 273.704ms
[91.361s][info][gc,phases,start] GC(192) Post Compact
[91.362s][info][gc,phases      ] GC(192) Post Compact 1.788ms
[91.362s][info][gc,heap        ] GC(192) PSYoungGen: 22518K(48640K)->22518K(48640K) Eden: 16896K(16896K)->16896K(16896K) From: 5622K(31744K)->5622K(31744K)
[91.362s][info][gc,heap        ] GC(192) ParOldGen: 1023814K(1024000K)->1023814K(1024000K)
[91.362s][info][gc,metaspace   ] GC(192) Metaspace: 6298K(6464K)->6298K(6464K) NonClass: 5765K(5824K)->5765K(5824K) Class: 533K(640K)->533K(640K)
[91.362s][info][gc             ] GC(192) Pause Full (Ergonomics) 1021M->1021M(1047M) 1057.747ms
[91.362s][info][gc,cpu         ] GC(192) User=1.02s Sys=0.02s Real=1.06s
[91.363s][info][gc,start       ] GC(193) Pause Full (Ergonomics)
[91.363s][info][gc,phases,start] GC(193) Marking Phase
[92.143s][info][gc,phases      ] GC(193) Marking Phase 780.303ms
[92.143s][info][gc,phases,start] GC(193) Summary Phase
[92.143s][info][gc,phases      ] GC(193) Summary Phase 0.023ms
[92.143s][info][gc,phases,start] GC(193) Adjust Roots
[92.144s][info][gc,phases      ] GC(193) Adjust Roots 0.248ms
[92.144s][info][gc,phases,start] GC(193) Compaction Phase
[92.420s][info][gc,phases      ] GC(193) Compaction Phase 276.482ms
[92.420s][info][gc,phases,start] GC(193) Post Compact
[92.422s][info][gc,phases      ] GC(193) Post Compact 1.718ms
[92.422s][info][gc,heap        ] GC(193) PSYoungGen: 22518K(48640K)->22518K(48640K) Eden: 16896K(16896K)->16896K(16896K) From: 5622K(31744K)->5622K(31744K)
[92.422s][info][gc,heap        ] GC(193) ParOldGen: 1023819K(1024000K)->1023819K(1024000K)
[92.422s][info][gc,metaspace   ] GC(193) Metaspace: 6298K(6464K)->6298K(6464K) NonClass: 5765K(5824K)->5765K(5824K) Class: 533K(640K)->533K(640K)
[92.422s][info][gc             ] GC(193) Pause Full (Ergonomics) 1021M->1021M(1047M) 1059.113ms
[92.422s][info][gc,cpu         ] GC(193) User=1.02s Sys=0.00s Real=1.06s
[92.422s][info][gc,start       ] GC(194) Pause Full (Ergonomics)
[92.422s][info][gc,phases,start] GC(194) Marking Phase
[93.214s][info][gc,phases      ] GC(194) Marking Phase 791.933ms
[93.214s][info][gc,phases,start] GC(194) Summary Phase
[93.214s][info][gc,phases      ] GC(194) Summary Phase 0.065ms
[93.214s][info][gc,phases,start] GC(194) Adjust Roots
[93.215s][info][gc,phases      ] GC(194) Adjust Roots 0.290ms
[93.215s][info][gc,phases,start] GC(194) Compaction Phase
[93.496s][info][gc,phases      ] GC(194) Compaction Phase 281.208ms
[93.496s][info][gc,phases,start] GC(194) Post Compact
[93.498s][info][gc,phases      ] GC(194) Post Compact 1.883ms
[93.498s][info][gc,heap        ] GC(194) PSYoungGen: 22518K(48640K)->22518K(48640K) Eden: 16896K(16896K)->16896K(16896K) From: 5622K(31744K)->5622K(31744K)
[93.498s][info][gc,heap        ] GC(194) ParOldGen: 1023823K(1024000K)->1023823K(1024000K)
[93.498s][info][gc,metaspace   ] GC(194) Metaspace: 6298K(6464K)->6298K(6464K) NonClass: 5765K(5824K)->5765K(5824K) Class: 533K(640K)->533K(640K)
[93.498s][info][gc             ] GC(194) Pause Full (Ergonomics) 1021M->1021M(1047M) 1075.832ms
[93.498s][info][gc,cpu         ] GC(194) User=1.03s Sys=0.00s Real=1.08s
[93.499s][info][gc,start       ] GC(195) Pause Full (Ergonomics)
[93.499s][info][gc,phases,start] GC(195) Marking Phase
[94.301s][info][gc,phases      ] GC(195) Marking Phase 802.586ms
[94.301s][info][gc,phases,start] GC(195) Summary Phase
[94.301s][info][gc,phases      ] GC(195) Summary Phase 0.044ms
[94.301s][info][gc,phases,start] GC(195) Adjust Roots
[94.302s][info][gc,phases      ] GC(195) Adjust Roots 0.335ms
[94.302s][info][gc,phases,start] GC(195) Compaction Phase
[94.569s][info][gc,phases      ] GC(195) Compaction Phase 267.205ms
[94.569s][info][gc,phases,start] GC(195) Post Compact
[94.571s][info][gc,phases      ] GC(195) Post Compact 1.732ms
[94.571s][info][gc,heap        ] GC(195) PSYoungGen: 22518K(48640K)->22518K(48640K) Eden: 16896K(16896K)->16896K(16896K) From: 5622K(31744K)->5622K(31744K)
[94.571s][info][gc,heap        ] GC(195) ParOldGen: 1023828K(1024000K)->1023828K(1024000K)
[94.571s][info][gc,metaspace   ] GC(195) Metaspace: 6298K(6464K)->6298K(6464K) NonClass: 5765K(5824K)->5765K(5824K) Class: 533K(640K)->533K(640K)
[94.571s][info][gc             ] GC(195) Pause Full (Ergonomics) 1021M->1021M(1047M) 1072.309ms
[94.571s][info][gc,cpu         ] GC(195) User=1.06s Sys=0.00s Real=1.07s
[94.571s][info][gc,start       ] GC(196) Pause Full (Ergonomics)
[94.571s][info][gc,phases,start] GC(196) Marking Phase
[95.347s][info][gc,phases      ] GC(196) Marking Phase 775.563ms
[95.347s][info][gc,phases,start] GC(196) Summary Phase
[95.347s][info][gc,phases      ] GC(196) Summary Phase 0.024ms
[95.347s][info][gc,phases,start] GC(196) Adjust Roots
[95.347s][info][gc,phases      ] GC(196) Adjust Roots 0.244ms
[95.347s][info][gc,phases,start] GC(196) Compaction Phase
[95.623s][info][gc,phases      ] GC(196) Compaction Phase 275.715ms
[95.623s][info][gc,phases,start] GC(196) Post Compact
[95.625s][info][gc,phases      ] GC(196) Post Compact 1.707ms
[95.625s][info][gc,heap        ] GC(196) PSYoungGen: 22518K(48640K)->22518K(48640K) Eden: 16896K(16896K)->16896K(16896K) From: 5622K(31744K)->5622K(31744K)
[95.625s][info][gc,heap        ] GC(196) ParOldGen: 1023833K(1024000K)->1023833K(1024000K)
[95.625s][info][gc,metaspace   ] GC(196) Metaspace: 6298K(6464K)->6298K(6464K) NonClass: 5765K(5824K)->5765K(5824K) Class: 533K(640K)->533K(640K)
[95.625s][info][gc             ] GC(196) Pause Full (Ergonomics) 1021M->1021M(1047M) 1053.632ms
[95.625s][info][gc,cpu         ] GC(196) User=1.05s Sys=0.00s Real=1.05s
[95.625s][info][gc,start       ] GC(197) Pause Full (Ergonomics)
[95.625s][info][gc,phases,start] GC(197) Marking Phase
[96.402s][info][gc,phases      ] GC(197) Marking Phase 777.121ms
[96.403s][info][gc,phases,start] GC(197) Summary Phase
[96.403s][info][gc,phases      ] GC(197) Summary Phase 0.021ms
[96.403s][info][gc,phases,start] GC(197) Adjust Roots
[96.403s][info][gc,phases      ] GC(197) Adjust Roots 0.297ms
[96.403s][info][gc,phases,start] GC(197) Compaction Phase
[96.683s][info][gc,phases      ] GC(197) Compaction Phase 279.726ms
[96.683s][info][gc,phases,start] GC(197) Post Compact
[96.685s][info][gc,phases      ] GC(197) Post Compact 1.829ms
[96.685s][info][gc,heap        ] GC(197) PSYoungGen: 22518K(48640K)->22518K(48640K) Eden: 16896K(16896K)->16896K(16896K) From: 5622K(31744K)->5622K(31744K)
[96.685s][info][gc,heap        ] GC(197) ParOldGen: 1023837K(1024000K)->1023837K(1024000K)
[96.685s][info][gc,metaspace   ] GC(197) Metaspace: 6298K(6464K)->6298K(6464K) NonClass: 5765K(5824K)->5765K(5824K) Class: 533K(640K)->533K(640K)
[96.685s][info][gc             ] GC(197) Pause Full (Ergonomics) 1021M->1021M(1047M) 1059.339ms
[96.685s][info][gc,cpu         ] GC(197) User=1.02s Sys=0.02s Real=1.06s
[96.685s][info][gc,start       ] GC(198) Pause Full (Ergonomics)
[96.685s][info][gc,phases,start] GC(198) Marking Phase
[97.460s][info][gc,phases      ] GC(198) Marking Phase 774.932ms
[97.460s][info][gc,phases,start] GC(198) Summary Phase
[97.460s][info][gc,phases      ] GC(198) Summary Phase 0.044ms
[97.460s][info][gc,phases,start] GC(198) Adjust Roots
[97.460s][info][gc,phases      ] GC(198) Adjust Roots 0.258ms
[97.460s][info][gc,phases,start] GC(198) Compaction Phase
[97.734s][info][gc,phases      ] GC(198) Compaction Phase 273.285ms
[97.734s][info][gc,phases,start] GC(198) Post Compact
[97.735s][info][gc,phases      ] GC(198) Post Compact 1.744ms
[97.736s][info][gc,heap        ] GC(198) PSYoungGen: 22518K(48640K)->22518K(48640K) Eden: 16896K(16896K)->16896K(16896K) From: 5622K(31744K)->5622K(31744K)
[97.736s][info][gc,heap        ] GC(198) ParOldGen: 1023842K(1024000K)->1023842K(1024000K)
[97.736s][info][gc,metaspace   ] GC(198) Metaspace: 6298K(6464K)->6298K(6464K) NonClass: 5765K(5824K)->5765K(5824K) Class: 533K(640K)->533K(640K)
[97.736s][info][gc             ] GC(198) Pause Full (Ergonomics) 1021M->1021M(1047M) 1050.682ms
[97.736s][info][gc,cpu         ] GC(198) User=1.00s Sys=0.02s Real=1.05s
[97.736s][info][gc,start       ] GC(199) Pause Full (Ergonomics)
[97.736s][info][gc,phases,start] GC(199) Marking Phase
[98.514s][info][gc,phases      ] GC(199) Marking Phase 777.973ms
[98.514s][info][gc,phases,start] GC(199) Summary Phase
[98.514s][info][gc,phases      ] GC(199) Summary Phase 0.049ms
[98.514s][info][gc,phases,start] GC(199) Adjust Roots
[98.514s][info][gc,phases      ] GC(199) Adjust Roots 0.251ms
[98.514s][info][gc,phases,start] GC(199) Compaction Phase
[98.785s][info][gc,phases      ] GC(199) Compaction Phase 270.577ms
[98.785s][info][gc,phases,start] GC(199) Post Compact
[98.787s][info][gc,phases      ] GC(199) Post Compact 1.862ms
[98.787s][info][gc,heap        ] GC(199) PSYoungGen: 22518K(48640K)->22518K(48640K) Eden: 16896K(16896K)->16896K(16896K) From: 5622K(31744K)->5622K(31744K)
[98.787s][info][gc,heap        ] GC(199) ParOldGen: 1023847K(1024000K)->1023847K(1024000K)
[98.787s][info][gc,metaspace   ] GC(199) Metaspace: 6298K(6464K)->6298K(6464K) NonClass: 5765K(5824K)->5765K(5824K) Class: 533K(640K)->533K(640K)
[98.787s][info][gc             ] GC(199) Pause Full (Ergonomics) 1021M->1021M(1047M) 1051.171ms
[98.787s][info][gc,cpu         ] GC(199) User=1.03s Sys=0.00s Real=1.05s
[98.788s][info][gc,start       ] GC(200) Pause Full (Ergonomics)
[98.788s][info][gc,phases,start] GC(200) Marking Phase
[99.571s][info][gc,phases      ] GC(200) Marking Phase 783.601ms
[99.571s][info][gc,phases,start] GC(200) Summary Phase
[99.571s][info][gc,phases      ] GC(200) Summary Phase 0.044ms
[99.571s][info][gc,phases,start] GC(200) Adjust Roots
[99.572s][info][gc,phases      ] GC(200) Adjust Roots 0.362ms
[99.572s][info][gc,phases,start] GC(200) Compaction Phase
[99.845s][info][gc,phases      ] GC(200) Compaction Phase 273.631ms
[99.845s][info][gc,phases,start] GC(200) Post Compact
[99.847s][info][gc,phases      ] GC(200) Post Compact 1.726ms
[99.847s][info][gc,heap        ] GC(200) PSYoungGen: 22518K(48640K)->22518K(48640K) Eden: 16896K(16896K)->16896K(16896K) From: 5622K(31744K)->5622K(31744K)
[99.847s][info][gc,heap        ] GC(200) ParOldGen: 1023851K(1024000K)->1023851K(1024000K)
[99.847s][info][gc,metaspace   ] GC(200) Metaspace: 6298K(6464K)->6298K(6464K) NonClass: 5765K(5824K)->5765K(5824K) Class: 533K(640K)->533K(640K)
[99.847s][info][gc             ] GC(200) Pause Full (Ergonomics) 1021M->1021M(1047M) 1059.871ms
[99.847s][info][gc,cpu         ] GC(200) User=0.98s Sys=0.00s Real=1.06s
[99.848s][info][gc,start       ] GC(201) Pause Full (Ergonomics)
[99.848s][info][gc,phases,start] GC(201) Marking Phase
[100.634s][info][gc,phases      ] GC(201) Marking Phase 786.258ms
[100.634s][info][gc,phases,start] GC(201) Summary Phase
[100.634s][info][gc,phases      ] GC(201) Summary Phase 0.029ms
[100.634s][info][gc,phases,start] GC(201) Adjust Roots
[100.634s][info][gc,phases      ] GC(201) Adjust Roots 0.244ms
[100.634s][info][gc,phases,start] GC(201) Compaction Phase
[100.912s][info][gc,phases      ] GC(201) Compaction Phase 277.900ms
[100.912s][info][gc,phases,start] GC(201) Post Compact
[100.914s][info][gc,phases      ] GC(201) Post Compact 1.742ms
[100.914s][info][gc,heap        ] GC(201) PSYoungGen: 22518K(48640K)->22518K(48640K) Eden: 16896K(16896K)->16896K(16896K) From: 5622K(31744K)->5622K(31744K)
[100.914s][info][gc,heap        ] GC(201) ParOldGen: 1023856K(1024000K)->1023856K(1024000K)
[100.914s][info][gc,metaspace   ] GC(201) Metaspace: 6298K(6464K)->6298K(6464K) NonClass: 5765K(5824K)->5765K(5824K) Class: 533K(640K)->533K(640K)
[100.914s][info][gc             ] GC(201) Pause Full (Ergonomics) 1021M->1021M(1047M) 1066.558ms
[100.914s][info][gc,cpu         ] GC(201) User=1.03s Sys=0.00s Real=1.07s
[100.915s][info][gc,start       ] GC(202) Pause Full (Ergonomics)
[100.915s][info][gc,phases,start] GC(202) Marking Phase
[101.701s][info][gc,phases      ] GC(202) Marking Phase 785.580ms
[101.701s][info][gc,phases,start] GC(202) Summary Phase
[101.701s][info][gc,phases      ] GC(202) Summary Phase 0.029ms
[101.701s][info][gc,phases,start] GC(202) Adjust Roots
[101.701s][info][gc,phases      ] GC(202) Adjust Roots 0.214ms
[101.701s][info][gc,phases,start] GC(202) Compaction Phase
[101.977s][info][gc,phases      ] GC(202) Compaction Phase 275.675ms
[101.977s][info][gc,phases,start] GC(202) Post Compact
[101.978s][info][gc,phases      ] GC(202) Post Compact 1.742ms
[101.979s][info][gc,heap        ] GC(202) PSYoungGen: 22518K(48640K)->22518K(48640K) Eden: 16896K(16896K)->16896K(16896K) From: 5622K(31744K)->5622K(31744K)
[101.979s][info][gc,heap        ] GC(202) ParOldGen: 1023861K(1024000K)->1023861K(1024000K)
[101.979s][info][gc,metaspace   ] GC(202) Metaspace: 6298K(6464K)->6298K(6464K) NonClass: 5765K(5824K)->5765K(5824K) Class: 533K(640K)->533K(640K)
[101.979s][info][gc             ] GC(202) Pause Full (Ergonomics) 1021M->1021M(1047M) 1063.658ms
[101.979s][info][gc,cpu         ] GC(202) User=1.03s Sys=0.00s Real=1.06s
[101.979s][info][gc,start       ] GC(203) Pause Full (Ergonomics)
[101.979s][info][gc,phases,start] GC(203) Marking Phase
[102.764s][info][gc,phases      ] GC(203) Marking Phase 785.385ms
[102.765s][info][gc,phases,start] GC(203) Summary Phase
[102.765s][info][gc,phases      ] GC(203) Summary Phase 0.029ms
[102.765s][info][gc,phases,start] GC(203) Adjust Roots
[102.765s][info][gc,phases      ] GC(203) Adjust Roots 0.247ms
[102.765s][info][gc,phases,start] GC(203) Compaction Phase
[103.042s][info][gc,phases      ] GC(203) Compaction Phase 277.322ms
[103.042s][info][gc,phases,start] GC(203) Post Compact
[103.044s][info][gc,phases      ] GC(203) Post Compact 1.937ms
[103.044s][info][gc,heap        ] GC(203) PSYoungGen: 22518K(48640K)->22518K(48640K) Eden: 16896K(16896K)->16896K(16896K) From: 5622K(31744K)->5622K(31744K)
[103.044s][info][gc,heap        ] GC(203) ParOldGen: 1023865K(1024000K)->1023865K(1024000K)
[103.044s][info][gc,metaspace   ] GC(203) Metaspace: 6298K(6464K)->6298K(6464K) NonClass: 5765K(5824K)->5765K(5824K) Class: 533K(640K)->533K(640K)
[103.044s][info][gc             ] GC(203) Pause Full (Ergonomics) 1021M->1021M(1047M) 1065.331ms
[103.044s][info][gc,cpu         ] GC(203) User=1.03s Sys=0.02s Real=1.07s
[103.045s][info][gc,start       ] GC(204) Pause Full (Ergonomics)
[103.045s][info][gc,phases,start] GC(204) Marking Phase
[103.829s][info][gc,phases      ] GC(204) Marking Phase 784.446ms
[103.829s][info][gc,phases,start] GC(204) Summary Phase
[103.829s][info][gc,phases      ] GC(204) Summary Phase 0.029ms
[103.829s][info][gc,phases,start] GC(204) Adjust Roots
[103.830s][info][gc,phases      ] GC(204) Adjust Roots 0.245ms
[103.830s][info][gc,phases,start] GC(204) Compaction Phase
[104.105s][info][gc,phases      ] GC(204) Compaction Phase 275.388ms
[104.105s][info][gc,phases,start] GC(204) Post Compact
[104.107s][info][gc,phases      ] GC(204) Post Compact 1.735ms
[104.107s][info][gc,heap        ] GC(204) PSYoungGen: 22518K(48640K)->22518K(48640K) Eden: 16896K(16896K)->16896K(16896K) From: 5622K(31744K)->5622K(31744K)
[104.107s][info][gc,heap        ] GC(204) ParOldGen: 1023870K(1024000K)->1023870K(1024000K)
[104.107s][info][gc,metaspace   ] GC(204) Metaspace: 6298K(6464K)->6298K(6464K) NonClass: 5765K(5824K)->5765K(5824K) Class: 533K(640K)->533K(640K)
[104.107s][info][gc             ] GC(204) Pause Full (Ergonomics) 1021M->1021M(1047M) 1062.221ms
[104.107s][info][gc,cpu         ] GC(204) User=1.05s Sys=0.00s Real=1.06s
[104.107s][info][gc,start       ] GC(205) Pause Full (Ergonomics)
[104.107s][info][gc,phases,start] GC(205) Marking Phase
[104.891s][info][gc,phases      ] GC(205) Marking Phase 783.191ms
[104.891s][info][gc,phases,start] GC(205) Summary Phase
[104.891s][info][gc,phases      ] GC(205) Summary Phase 0.024ms
[104.891s][info][gc,phases,start] GC(205) Adjust Roots
[104.891s][info][gc,phases      ] GC(205) Adjust Roots 0.412ms
[104.891s][info][gc,phases,start] GC(205) Compaction Phase
[105.171s][info][gc,phases      ] GC(205) Compaction Phase 279.419ms
[105.171s][info][gc,phases,start] GC(205) Post Compact
[105.172s][info][gc,phases      ] GC(205) Post Compact 1.754ms
[105.172s][info][gc,heap        ] GC(205) PSYoungGen: 22518K(48640K)->22518K(48640K) Eden: 16896K(16896K)->16896K(16896K) From: 5622K(31744K)->5622K(31744K)
[105.173s][info][gc,heap        ] GC(205) ParOldGen: 1023875K(1024000K)->1023875K(1024000K)
[105.173s][info][gc,metaspace   ] GC(205) Metaspace: 6298K(6464K)->6298K(6464K) NonClass: 5765K(5824K)->5765K(5824K) Class: 533K(640K)->533K(640K)
[105.173s][info][gc             ] GC(205) Pause Full (Ergonomics) 1021M->1021M(1047M) 1065.253ms
[105.173s][info][gc,cpu         ] GC(205) User=1.05s Sys=0.02s Real=1.07s
[105.173s][info][gc,start       ] GC(206) Pause Full (Ergonomics)
[105.173s][info][gc,phases,start] GC(206) Marking Phase
[105.953s][info][gc,phases      ] GC(206) Marking Phase 779.409ms
[105.953s][info][gc,phases,start] GC(206) Summary Phase
[105.953s][info][gc,phases      ] GC(206) Summary Phase 0.029ms
[105.953s][info][gc,phases,start] GC(206) Adjust Roots
[105.953s][info][gc,phases      ] GC(206) Adjust Roots 0.264ms
[105.953s][info][gc,phases,start] GC(206) Compaction Phase
[106.230s][info][gc,phases      ] GC(206) Compaction Phase 277.113ms
[106.230s][info][gc,phases,start] GC(206) Post Compact
[106.232s][info][gc,phases      ] GC(206) Post Compact 1.890ms
[106.232s][info][gc,heap        ] GC(206) PSYoungGen: 22518K(48640K)->22518K(48640K) Eden: 16896K(16896K)->16896K(16896K) From: 5622K(31744K)->5622K(31744K)
[106.232s][info][gc,heap        ] GC(206) ParOldGen: 1023879K(1024000K)->1023879K(1024000K)
[106.232s][info][gc,metaspace   ] GC(206) Metaspace: 6298K(6464K)->6298K(6464K) NonClass: 5765K(5824K)->5765K(5824K) Class: 533K(640K)->533K(640K)
[106.232s][info][gc             ] GC(206) Pause Full (Ergonomics) 1021M->1021M(1047M) 1059.063ms
[106.232s][info][gc,cpu         ] GC(206) User=1.00s Sys=0.00s Real=1.06s
[106.233s][info][gc,start       ] GC(207) Pause Full (Ergonomics)
[106.233s][info][gc,phases,start] GC(207) Marking Phase
[107.012s][info][gc,phases      ] GC(207) Marking Phase 779.552ms
[107.012s][info][gc,phases,start] GC(207) Summary Phase
[107.012s][info][gc,phases      ] GC(207) Summary Phase 0.022ms
[107.012s][info][gc,phases,start] GC(207) Adjust Roots
[107.013s][info][gc,phases      ] GC(207) Adjust Roots 0.285ms
[107.013s][info][gc,phases,start] GC(207) Compaction Phase
[107.292s][info][gc,phases      ] GC(207) Compaction Phase 279.156ms
[107.292s][info][gc,phases,start] GC(207) Post Compact
[107.294s][info][gc,phases      ] GC(207) Post Compact 1.968ms
[107.294s][info][gc,heap        ] GC(207) PSYoungGen: 22518K(48640K)->22518K(48640K) Eden: 16896K(16896K)->16896K(16896K) From: 5622K(31744K)->5622K(31744K)
[107.294s][info][gc,heap        ] GC(207) ParOldGen: 1023884K(1024000K)->1023884K(1024000K)
[107.294s][info][gc,metaspace   ] GC(207) Metaspace: 6298K(6464K)->6298K(6464K) NonClass: 5765K(5824K)->5765K(5824K) Class: 533K(640K)->533K(640K)
[107.294s][info][gc             ] GC(207) Pause Full (Ergonomics) 1021M->1021M(1047M) 1061.341ms
[107.294s][info][gc,cpu         ] GC(207) User=1.05s Sys=0.00s Real=1.06s
[107.294s][info][gc,start       ] GC(208) Pause Full (Ergonomics)
[107.294s][info][gc,phases,start] GC(208) Marking Phase
[108.071s][info][gc,phases      ] GC(208) Marking Phase 776.352ms
[108.071s][info][gc,phases,start] GC(208) Summary Phase
[108.071s][info][gc,phases      ] GC(208) Summary Phase 0.028ms
[108.071s][info][gc,phases,start] GC(208) Adjust Roots
[108.071s][info][gc,phases      ] GC(208) Adjust Roots 0.211ms
[108.071s][info][gc,phases,start] GC(208) Compaction Phase
[108.343s][info][gc,phases      ] GC(208) Compaction Phase 271.472ms
[108.343s][info][gc,phases,start] GC(208) Post Compact
[108.344s][info][gc,phases      ] GC(208) Post Compact 1.855ms
[108.345s][info][gc,heap        ] GC(208) PSYoungGen: 22518K(48640K)->22518K(48640K) Eden: 16896K(16896K)->16896K(16896K) From: 5622K(31744K)->5622K(31744K)
[108.345s][info][gc,heap        ] GC(208) ParOldGen: 1023889K(1024000K)->1023889K(1024000K)
[108.345s][info][gc,metaspace   ] GC(208) Metaspace: 6298K(6464K)->6298K(6464K) NonClass: 5765K(5824K)->5765K(5824K) Class: 533K(640K)->533K(640K)
[108.345s][info][gc             ] GC(208) Pause Full (Ergonomics) 1021M->1021M(1047M) 1050.288ms
[108.345s][info][gc,cpu         ] GC(208) User=1.02s Sys=0.00s Real=1.05s
[108.345s][info][gc,start       ] GC(209) Pause Full (Ergonomics)
[108.345s][info][gc,phases,start] GC(209) Marking Phase
[109.118s][info][gc,phases      ] GC(209) Marking Phase 772.926ms
[109.118s][info][gc,phases,start] GC(209) Summary Phase
[109.118s][info][gc,phases      ] GC(209) Summary Phase 0.043ms
[109.118s][info][gc,phases,start] GC(209) Adjust Roots
[109.118s][info][gc,phases      ] GC(209) Adjust Roots 0.257ms
[109.118s][info][gc,phases,start] GC(209) Compaction Phase
[109.390s][info][gc,phases      ] GC(209) Compaction Phase 271.628ms
[109.390s][info][gc,phases,start] GC(209) Post Compact
[109.392s][info][gc,phases      ] GC(209) Post Compact 1.866ms
[109.392s][info][gc,heap        ] GC(209) PSYoungGen: 22518K(48640K)->22518K(48640K) Eden: 16896K(16896K)->16896K(16896K) From: 5622K(31744K)->5622K(31744K)
[109.392s][info][gc,heap        ] GC(209) ParOldGen: 1023893K(1024000K)->1023893K(1024000K)
[109.392s][info][gc,metaspace   ] GC(209) Metaspace: 6298K(6464K)->6298K(6464K) NonClass: 5765K(5824K)->5765K(5824K) Class: 533K(640K)->533K(640K)
[109.392s][info][gc             ] GC(209) Pause Full (Ergonomics) 1021M->1021M(1047M) 1047.140ms
[109.392s][info][gc,cpu         ] GC(209) User=1.03s Sys=0.00s Real=1.05s
[109.393s][info][gc,start       ] GC(210) Pause Full (Ergonomics)
[109.393s][info][gc,phases,start] GC(210) Marking Phase
[110.168s][info][gc,phases      ] GC(210) Marking Phase 775.182ms
[110.168s][info][gc,phases,start] GC(210) Summary Phase
[110.168s][info][gc,phases      ] GC(210) Summary Phase 0.024ms
[110.168s][info][gc,phases,start] GC(210) Adjust Roots
[110.168s][info][gc,phases      ] GC(210) Adjust Roots 0.497ms
[110.168s][info][gc,phases,start] GC(210) Compaction Phase
[110.450s][info][gc,phases      ] GC(210) Compaction Phase 281.686ms
[110.450s][info][gc,phases,start] GC(210) Post Compact
[110.452s][info][gc,phases      ] GC(210) Post Compact 1.772ms
[110.452s][info][gc,heap        ] GC(210) PSYoungGen: 22518K(48640K)->22518K(48640K) Eden: 16896K(16896K)->16896K(16896K) From: 5622K(31744K)->5622K(31744K)
[110.452s][info][gc,heap        ] GC(210) ParOldGen: 1023898K(1024000K)->1023898K(1024000K)
[110.452s][info][gc,metaspace   ] GC(210) Metaspace: 6298K(6464K)->6298K(6464K) NonClass: 5765K(5824K)->5765K(5824K) Class: 533K(640K)->533K(640K)
[110.452s][info][gc             ] GC(210) Pause Full (Ergonomics) 1021M->1021M(1047M) 1059.512ms
[110.452s][info][gc,cpu         ] GC(210) User=1.05s Sys=0.00s Real=1.06s
[110.452s][info][gc,start       ] GC(211) Pause Full (Ergonomics)
[110.452s][info][gc,phases,start] GC(211) Marking Phase
[111.246s][info][gc,phases      ] GC(211) Marking Phase 793.523ms
[111.246s][info][gc,phases,start] GC(211) Summary Phase
[111.246s][info][gc,phases      ] GC(211) Summary Phase 0.067ms
[111.246s][info][gc,phases,start] GC(211) Adjust Roots
[111.246s][info][gc,phases      ] GC(211) Adjust Roots 0.234ms
[111.246s][info][gc,phases,start] GC(211) Compaction Phase
[111.522s][info][gc,phases      ] GC(211) Compaction Phase 275.336ms
[111.522s][info][gc,phases,start] GC(211) Post Compact
[111.524s][info][gc,phases      ] GC(211) Post Compact 1.749ms
[111.524s][info][gc,heap        ] GC(211) PSYoungGen: 22518K(48640K)->22518K(48640K) Eden: 16896K(16896K)->16896K(16896K) From: 5622K(31744K)->5622K(31744K)
[111.524s][info][gc,heap        ] GC(211) ParOldGen: 1023903K(1024000K)->1023903K(1024000K)
[111.524s][info][gc,metaspace   ] GC(211) Metaspace: 6298K(6464K)->6298K(6464K) NonClass: 5765K(5824K)->5765K(5824K) Class: 533K(640K)->533K(640K)
[111.524s][info][gc             ] GC(211) Pause Full (Ergonomics) 1021M->1021M(1047M) 1071.359ms
[111.524s][info][gc,cpu         ] GC(211) User=1.06s Sys=0.00s Real=1.07s
[111.525s][info][gc,start       ] GC(212) Pause Full (Ergonomics)
[111.525s][info][gc,phases,start] GC(212) Marking Phase
[112.309s][info][gc,phases      ] GC(212) Marking Phase 783.858ms
[112.309s][info][gc,phases,start] GC(212) Summary Phase
[112.309s][info][gc,phases      ] GC(212) Summary Phase 0.022ms
[112.309s][info][gc,phases,start] GC(212) Adjust Roots
[112.309s][info][gc,phases      ] GC(212) Adjust Roots 0.344ms
[112.309s][info][gc,phases,start] GC(212) Compaction Phase
[112.584s][info][gc,phases      ] GC(212) Compaction Phase 274.895ms
[112.584s][info][gc,phases,start] GC(212) Post Compact
[112.586s][info][gc,phases      ] GC(212) Post Compact 1.740ms
[112.586s][info][gc,heap        ] GC(212) PSYoungGen: 22518K(48640K)->22518K(48640K) Eden: 16896K(16896K)->16896K(16896K) From: 5622K(31744K)->5622K(31744K)
[112.586s][info][gc,heap        ] GC(212) ParOldGen: 1023907K(1024000K)->1023907K(1024000K)
[112.586s][info][gc,metaspace   ] GC(212) Metaspace: 6298K(6464K)->6298K(6464K) NonClass: 5765K(5824K)->5765K(5824K) Class: 533K(640K)->533K(640K)
[112.586s][info][gc             ] GC(212) Pause Full (Ergonomics) 1021M->1021M(1047M) 1061.329ms
[112.586s][info][gc,cpu         ] GC(212) User=1.02s Sys=0.02s Real=1.06s
[112.586s][info][gc,start       ] GC(213) Pause Full (Ergonomics)
[112.586s][info][gc,phases,start] GC(213) Marking Phase
[113.370s][info][gc,phases      ] GC(213) Marking Phase 783.702ms
[113.370s][info][gc,phases,start] GC(213) Summary Phase
[113.370s][info][gc,phases      ] GC(213) Summary Phase 0.066ms
[113.370s][info][gc,phases,start] GC(213) Adjust Roots
[113.370s][info][gc,phases      ] GC(213) Adjust Roots 0.277ms
[113.371s][info][gc,phases,start] GC(213) Compaction Phase
[113.641s][info][gc,phases      ] GC(213) Compaction Phase 270.707ms
[113.641s][info][gc,phases,start] GC(213) Post Compact
[113.643s][info][gc,phases      ] GC(213) Post Compact 1.913ms
[113.643s][info][gc,heap        ] GC(213) PSYoungGen: 22518K(48640K)->22518K(48640K) Eden: 16896K(16896K)->16896K(16896K) From: 5622K(31744K)->5622K(31744K)
[113.643s][info][gc,heap        ] GC(213) ParOldGen: 1023912K(1024000K)->1023912K(1024000K)
[113.643s][info][gc,metaspace   ] GC(213) Metaspace: 6298K(6464K)->6298K(6464K) NonClass: 5765K(5824K)->5765K(5824K) Class: 533K(640K)->533K(640K)
[113.643s][info][gc             ] GC(213) Pause Full (Ergonomics) 1021M->1021M(1047M) 1057.129ms
[113.643s][info][gc,cpu         ] GC(213) User=1.05s Sys=0.00s Real=1.06s
[113.644s][info][gc,start       ] GC(214) Pause Full (Ergonomics)
[113.644s][info][gc,phases,start] GC(214) Marking Phase
[114.421s][info][gc,phases      ] GC(214) Marking Phase 777.046ms
[114.421s][info][gc,phases,start] GC(214) Summary Phase
[114.421s][info][gc,phases      ] GC(214) Summary Phase 0.024ms
[114.421s][info][gc,phases,start] GC(214) Adjust Roots
[114.421s][info][gc,phases      ] GC(214) Adjust Roots 0.425ms
[114.421s][info][gc,phases,start] GC(214) Compaction Phase
[114.696s][info][gc,phases      ] GC(214) Compaction Phase 274.325ms
[114.696s][info][gc,phases,start] GC(214) Post Compact
[114.698s][info][gc,phases      ] GC(214) Post Compact 1.744ms
[114.698s][info][gc,heap        ] GC(214) PSYoungGen: 22518K(48640K)->22518K(48640K) Eden: 16896K(16896K)->16896K(16896K) From: 5622K(31744K)->5622K(31744K)
[114.698s][info][gc,heap        ] GC(214) ParOldGen: 1023917K(1024000K)->1023917K(1024000K)
[114.698s][info][gc,metaspace   ] GC(214) Metaspace: 6298K(6464K)->6298K(6464K) NonClass: 5765K(5824K)->5765K(5824K) Class: 533K(640K)->533K(640K)
[114.698s][info][gc             ] GC(214) Pause Full (Ergonomics) 1021M->1021M(1047M) 1053.929ms
[114.698s][info][gc,cpu         ] GC(214) User=1.06s Sys=0.00s Real=1.05s
[114.698s][info][gc,start       ] GC(215) Pause Full (Ergonomics)
[114.698s][info][gc,phases,start] GC(215) Marking Phase
[115.486s][info][gc,phases      ] GC(215) Marking Phase 787.622ms
[115.486s][info][gc,phases,start] GC(215) Summary Phase
[115.486s][info][gc,phases      ] GC(215) Summary Phase 0.044ms
[115.486s][info][gc,phases,start] GC(215) Adjust Roots
[115.486s][info][gc,phases      ] GC(215) Adjust Roots 0.355ms
[115.486s][info][gc,phases,start] GC(215) Compaction Phase
[115.766s][info][gc,phases      ] GC(215) Compaction Phase 279.141ms
[115.766s][info][gc,phases,start] GC(215) Post Compact
[115.768s][info][gc,phases      ] GC(215) Post Compact 2.001ms
[115.768s][info][gc,heap        ] GC(215) PSYoungGen: 22518K(48640K)->22518K(48640K) Eden: 16896K(16896K)->16896K(16896K) From: 5622K(31744K)->5622K(31744K)
[115.768s][info][gc,heap        ] GC(215) ParOldGen: 1023921K(1024000K)->1023921K(1024000K)
[115.768s][info][gc,metaspace   ] GC(215) Metaspace: 6298K(6464K)->6298K(6464K) NonClass: 5765K(5824K)->5765K(5824K) Class: 533K(640K)->533K(640K)
[115.768s][info][gc             ] GC(215) Pause Full (Ergonomics) 1021M->1021M(1047M) 1069.582ms
[115.768s][info][gc,cpu         ] GC(215) User=1.03s Sys=0.00s Real=1.07s
[115.768s][info][gc,start       ] GC(216) Pause Full (Ergonomics)
[115.768s][info][gc,phases,start] GC(216) Marking Phase
[116.553s][info][gc,phases      ] GC(216) Marking Phase 784.943ms
[116.553s][info][gc,phases,start] GC(216) Summary Phase
[116.553s][info][gc,phases      ] GC(216) Summary Phase 0.029ms
[116.553s][info][gc,phases,start] GC(216) Adjust Roots
[116.554s][info][gc,phases      ] GC(216) Adjust Roots 0.251ms
[116.554s][info][gc,phases,start] GC(216) Compaction Phase
[116.828s][info][gc,phases      ] GC(216) Compaction Phase 274.310ms
[116.828s][info][gc,phases,start] GC(216) Post Compact
[116.830s][info][gc,phases      ] GC(216) Post Compact 1.743ms
[116.830s][info][gc,heap        ] GC(216) PSYoungGen: 22518K(48640K)->22518K(48640K) Eden: 16896K(16896K)->16896K(16896K) From: 5622K(31744K)->5622K(31744K)
[116.830s][info][gc,heap        ] GC(216) ParOldGen: 1023926K(1024000K)->1023926K(1024000K)
[116.830s][info][gc,metaspace   ] GC(216) Metaspace: 6298K(6464K)->6298K(6464K) NonClass: 5765K(5824K)->5765K(5824K) Class: 533K(640K)->533K(640K)
[116.830s][info][gc             ] GC(216) Pause Full (Ergonomics) 1021M->1021M(1047M) 1061.691ms
[116.830s][info][gc,cpu         ] GC(216) User=1.03s Sys=0.00s Real=1.06s
[116.831s][info][gc,start       ] GC(217) Pause Full (Ergonomics)
[116.831s][info][gc,phases,start] GC(217) Marking Phase
[117.620s][info][gc,phases      ] GC(217) Marking Phase 789.077ms
[117.620s][info][gc,phases,start] GC(217) Summary Phase
[117.620s][info][gc,phases      ] GC(217) Summary Phase 0.037ms
[117.620s][info][gc,phases,start] GC(217) Adjust Roots
[117.620s][info][gc,phases      ] GC(217) Adjust Roots 0.279ms
[117.620s][info][gc,phases,start] GC(217) Compaction Phase
[117.896s][info][gc,phases      ] GC(217) Compaction Phase 275.979ms
[117.896s][info][gc,phases,start] GC(217) Post Compact
[117.898s][info][gc,phases      ] GC(217) Post Compact 1.918ms
[117.898s][info][gc,heap        ] GC(217) PSYoungGen: 22518K(48640K)->22518K(48640K) Eden: 16896K(16896K)->16896K(16896K) From: 5622K(31744K)->5622K(31744K)
[117.898s][info][gc,heap        ] GC(217) ParOldGen: 1023931K(1024000K)->1023931K(1024000K)
[117.898s][info][gc,metaspace   ] GC(217) Metaspace: 6298K(6464K)->6298K(6464K) NonClass: 5765K(5824K)->5765K(5824K) Class: 533K(640K)->533K(640K)
[117.898s][info][gc             ] GC(217) Pause Full (Ergonomics) 1021M->1021M(1047M) 1067.649ms
[117.898s][info][gc,cpu         ] GC(217) User=1.06s Sys=0.00s Real=1.07s
[117.899s][info][gc,start       ] GC(218) Pause Full (Ergonomics)
[117.899s][info][gc,phases,start] GC(218) Marking Phase
[118.679s][info][gc,phases      ] GC(218) Marking Phase 780.056ms
[118.679s][info][gc,phases,start] GC(218) Summary Phase
[118.679s][info][gc,phases      ] GC(218) Summary Phase 0.048ms
[118.679s][info][gc,phases,start] GC(218) Adjust Roots
[118.679s][info][gc,phases      ] GC(218) Adjust Roots 0.246ms
[118.679s][info][gc,phases,start] GC(218) Compaction Phase
[118.949s][info][gc,phases      ] GC(218) Compaction Phase 270.104ms
[118.949s][info][gc,phases,start] GC(218) Post Compact
[118.951s][info][gc,phases      ] GC(218) Post Compact 1.730ms
[118.951s][info][gc,heap        ] GC(218) PSYoungGen: 22518K(48640K)->22518K(48640K) Eden: 16896K(16896K)->16896K(16896K) From: 5622K(31744K)->5622K(31744K)
[118.951s][info][gc,heap        ] GC(218) ParOldGen: 1023935K(1024000K)->1023935K(1024000K)
[118.951s][info][gc,metaspace   ] GC(218) Metaspace: 6298K(6464K)->6298K(6464K) NonClass: 5765K(5824K)->5765K(5824K) Class: 533K(640K)->533K(640K)
[118.951s][info][gc             ] GC(218) Pause Full (Ergonomics) 1021M->1021M(1047M) 1052.584ms
[118.951s][info][gc,cpu         ] GC(218) User=1.02s Sys=0.02s Real=1.05s
[118.952s][info][gc,start       ] GC(219) Pause Full (Ergonomics)
[118.952s][info][gc,phases,start] GC(219) Marking Phase
[119.732s][info][gc,phases      ] GC(219) Marking Phase 780.775ms
[119.732s][info][gc,phases,start] GC(219) Summary Phase
[119.732s][info][gc,phases      ] GC(219) Summary Phase 0.044ms
[119.732s][info][gc,phases,start] GC(219) Adjust Roots
[119.733s][info][gc,phases      ] GC(219) Adjust Roots 0.271ms
[119.733s][info][gc,phases,start] GC(219) Compaction Phase
[120.002s][info][gc,phases      ] GC(219) Compaction Phase 269.582ms
[120.002s][info][gc,phases,start] GC(219) Post Compact
[120.004s][info][gc,phases      ] GC(219) Post Compact 1.746ms
[120.004s][info][gc,heap        ] GC(219) PSYoungGen: 22518K(48640K)->22518K(48640K) Eden: 16896K(16896K)->16896K(16896K) From: 5622K(31744K)->5622K(31744K)
[120.004s][info][gc,heap        ] GC(219) ParOldGen: 1023940K(1024000K)->1023940K(1024000K)
[120.004s][info][gc,metaspace   ] GC(219) Metaspace: 6298K(6464K)->6298K(6464K) NonClass: 5765K(5824K)->5765K(5824K) Class: 533K(640K)->533K(640K)
[120.004s][info][gc             ] GC(219) Pause Full (Ergonomics) 1021M->1021M(1047M) 1052.812ms
[120.004s][info][gc,cpu         ] GC(219) User=0.98s Sys=0.02s Real=1.05s
[120.005s][info][gc,start       ] GC(220) Pause Full (Ergonomics)
[120.005s][info][gc,phases,start] GC(220) Marking Phase
[120.805s][info][gc,phases      ] GC(220) Marking Phase 799.971ms
[120.805s][info][gc,phases,start] GC(220) Summary Phase
[120.805s][info][gc,phases      ] GC(220) Summary Phase 0.066ms
[120.805s][info][gc,phases,start] GC(220) Adjust Roots
[120.805s][info][gc,phases      ] GC(220) Adjust Roots 0.467ms
[120.805s][info][gc,phases,start] GC(220) Compaction Phase
[121.077s][info][gc,phases      ] GC(220) Compaction Phase 272.049ms
[121.077s][info][gc,phases,start] GC(220) Post Compact
[121.079s][info][gc,phases      ] GC(220) Post Compact 1.789ms
[121.079s][info][gc,heap        ] GC(220) PSYoungGen: 22518K(48640K)->22518K(48640K) Eden: 16896K(16896K)->16896K(16896K) From: 5622K(31744K)->5622K(31744K)
[121.079s][info][gc,heap        ] GC(220) ParOldGen: 1023945K(1024000K)->1023945K(1024000K)
[121.079s][info][gc,metaspace   ] GC(220) Metaspace: 6298K(6464K)->6298K(6464K) NonClass: 5765K(5824K)->5765K(5824K) Class: 533K(640K)->533K(640K)
[121.079s][info][gc             ] GC(220) Pause Full (Ergonomics) 1021M->1021M(1047M) 1074.759ms
[121.079s][info][gc,cpu         ] GC(220) User=1.05s Sys=0.00s Real=1.07s
[121.080s][info][gc,start       ] GC(221) Pause Full (Ergonomics)
[121.080s][info][gc,phases,start] GC(221) Marking Phase
[121.862s][info][gc,phases      ] GC(221) Marking Phase 782.220ms
[121.862s][info][gc,phases,start] GC(221) Summary Phase
[121.862s][info][gc,phases      ] GC(221) Summary Phase 0.043ms
[121.862s][info][gc,phases,start] GC(221) Adjust Roots
[121.862s][info][gc,phases      ] GC(221) Adjust Roots 0.261ms
[121.862s][info][gc,phases,start] GC(221) Compaction Phase
[122.133s][info][gc,phases      ] GC(221) Compaction Phase 270.132ms
[122.133s][info][gc,phases,start] GC(221) Post Compact
[122.134s][info][gc,phases      ] GC(221) Post Compact 1.745ms
[122.135s][info][gc,heap        ] GC(221) PSYoungGen: 22518K(48640K)->22518K(48640K) Eden: 16896K(16896K)->16896K(16896K) From: 5622K(31744K)->5622K(31744K)
[122.135s][info][gc,heap        ] GC(221) ParOldGen: 1023949K(1024000K)->1023949K(1024000K)
[122.135s][info][gc,metaspace   ] GC(221) Metaspace: 6298K(6464K)->6298K(6464K) NonClass: 5765K(5824K)->5765K(5824K) Class: 533K(640K)->533K(640K)
[122.135s][info][gc             ] GC(221) Pause Full (Ergonomics) 1021M->1021M(1047M) 1054.824ms
[122.135s][info][gc,cpu         ] GC(221) User=1.03s Sys=0.02s Real=1.06s
[122.135s][info][gc,start       ] GC(222) Pause Full (Ergonomics)
[122.135s][info][gc,phases,start] GC(222) Marking Phase
[122.908s][info][gc,phases      ] GC(222) Marking Phase 772.730ms
[122.908s][info][gc,phases,start] GC(222) Summary Phase
[122.908s][info][gc,phases      ] GC(222) Summary Phase 0.028ms
[122.908s][info][gc,phases,start] GC(222) Adjust Roots
[122.908s][info][gc,phases      ] GC(222) Adjust Roots 0.250ms
[122.908s][info][gc,phases,start] GC(222) Compaction Phase
[123.179s][info][gc,phases      ] GC(222) Compaction Phase 270.272ms
[123.179s][info][gc,phases,start] GC(222) Post Compact
[123.181s][info][gc,phases      ] GC(222) Post Compact 1.728ms
[123.181s][info][gc,heap        ] GC(222) PSYoungGen: 22518K(48640K)->22518K(48640K) Eden: 16896K(16896K)->16896K(16896K) From: 5622K(31744K)->5622K(31744K)
[123.181s][info][gc,heap        ] GC(222) ParOldGen: 1023954K(1024000K)->1023954K(1024000K)
[123.181s][info][gc,metaspace   ] GC(222) Metaspace: 6298K(6464K)->6298K(6464K) NonClass: 5765K(5824K)->5765K(5824K) Class: 533K(640K)->533K(640K)
[123.181s][info][gc             ] GC(222) Pause Full (Ergonomics) 1021M->1021M(1047M) 1045.402ms
[123.181s][info][gc,cpu         ] GC(222) User=1.03s Sys=0.00s Real=1.05s
[123.181s][info][gc,start       ] GC(223) Pause Full (Ergonomics)
[123.181s][info][gc,phases,start] GC(223) Marking Phase
[123.955s][info][gc,phases      ] GC(223) Marking Phase 774.239ms
[123.955s][info][gc,phases,start] GC(223) Summary Phase
[123.955s][info][gc,phases      ] GC(223) Summary Phase 0.064ms
[123.956s][info][gc,phases,start] GC(223) Adjust Roots
[123.956s][info][gc,phases      ] GC(223) Adjust Roots 0.228ms
[123.956s][info][gc,phases,start] GC(223) Compaction Phase
[124.222s][info][gc,phases      ] GC(223) Compaction Phase 265.715ms
[124.222s][info][gc,phases,start] GC(223) Post Compact
[124.224s][info][gc,phases      ] GC(223) Post Compact 1.918ms
[124.224s][info][gc,heap        ] GC(223) PSYoungGen: 22518K(48640K)->22518K(48640K) Eden: 16896K(16896K)->16896K(16896K) From: 5622K(31744K)->5622K(31744K)
[124.224s][info][gc,heap        ] GC(223) ParOldGen: 1023959K(1024000K)->1023959K(1024000K)
[124.224s][info][gc,metaspace   ] GC(223) Metaspace: 6298K(6464K)->6298K(6464K) NonClass: 5765K(5824K)->5765K(5824K) Class: 533K(640K)->533K(640K)
[124.224s][info][gc             ] GC(223) Pause Full (Ergonomics) 1021M->1021M(1047M) 1042.572ms
[124.224s][info][gc,cpu         ] GC(223) User=1.03s Sys=0.00s Real=1.04s
[124.224s][info][gc,start       ] GC(224) Pause Full (Ergonomics)
[124.224s][info][gc,phases,start] GC(224) Marking Phase
[125.010s][info][gc,phases      ] GC(224) Marking Phase 785.950ms
[125.010s][info][gc,phases,start] GC(224) Summary Phase
[125.010s][info][gc,phases      ] GC(224) Summary Phase 0.029ms
[125.010s][info][gc,phases,start] GC(224) Adjust Roots
[125.010s][info][gc,phases      ] GC(224) Adjust Roots 0.258ms
[125.010s][info][gc,phases,start] GC(224) Compaction Phase
[125.285s][info][gc,phases      ] GC(224) Compaction Phase 274.781ms
[125.285s][info][gc,phases,start] GC(224) Post Compact
[125.287s][info][gc,phases      ] GC(224) Post Compact 1.743ms
[125.287s][info][gc,heap        ] GC(224) PSYoungGen: 22518K(48640K)->22518K(48640K) Eden: 16896K(16896K)->16896K(16896K) From: 5622K(31744K)->5622K(31744K)
[125.287s][info][gc,heap        ] GC(224) ParOldGen: 1023963K(1024000K)->1023963K(1024000K)
[125.287s][info][gc,metaspace   ] GC(224) Metaspace: 6298K(6464K)->6298K(6464K) NonClass: 5765K(5824K)->5765K(5824K) Class: 533K(640K)->533K(640K)
[125.287s][info][gc             ] GC(224) Pause Full (Ergonomics) 1021M->1021M(1047M) 1063.136ms
[125.287s][info][gc,cpu         ] GC(224) User=1.05s Sys=0.00s Real=1.06s
[125.287s][info][gc,start       ] GC(225) Pause Full (Ergonomics)
[125.287s][info][gc,phases,start] GC(225) Marking Phase
[126.072s][info][gc,phases      ] GC(225) Marking Phase 784.080ms
[126.072s][info][gc,phases,start] GC(225) Summary Phase
[126.072s][info][gc,phases      ] GC(225) Summary Phase 0.034ms
[126.072s][info][gc,phases,start] GC(225) Adjust Roots
[126.072s][info][gc,phases      ] GC(225) Adjust Roots 0.277ms
[126.072s][info][gc,phases,start] GC(225) Compaction Phase
[126.349s][info][gc,phases      ] GC(225) Compaction Phase 276.880ms
[126.349s][info][gc,phases,start] GC(225) Post Compact
[126.351s][info][gc,phases      ] GC(225) Post Compact 1.729ms
[126.351s][info][gc,heap        ] GC(225) PSYoungGen: 22518K(48640K)->22518K(48640K) Eden: 16896K(16896K)->16896K(16896K) From: 5622K(31744K)->5622K(31744K)
[126.351s][info][gc,heap        ] GC(225) ParOldGen: 1023968K(1024000K)->1023968K(1024000K)
[126.351s][info][gc,metaspace   ] GC(225) Metaspace: 6298K(6464K)->6298K(6464K) NonClass: 5765K(5824K)->5765K(5824K) Class: 533K(640K)->533K(640K)
[126.351s][info][gc             ] GC(225) Pause Full (Ergonomics) 1021M->1021M(1047M) 1063.450ms
[126.351s][info][gc,cpu         ] GC(225) User=1.03s Sys=0.02s Real=1.06s
[126.351s][info][gc,start       ] GC(226) Pause Full (Ergonomics)
[126.351s][info][gc,phases,start] GC(226) Marking Phase
[127.136s][info][gc,phases      ] GC(226) Marking Phase 784.460ms
[127.136s][info][gc,phases,start] GC(226) Summary Phase
[127.136s][info][gc,phases      ] GC(226) Summary Phase 0.029ms
[127.136s][info][gc,phases,start] GC(226) Adjust Roots
[127.136s][info][gc,phases      ] GC(226) Adjust Roots 0.225ms
[127.136s][info][gc,phases,start] GC(226) Compaction Phase
[127.412s][info][gc,phases      ] GC(226) Compaction Phase 275.637ms
[127.412s][info][gc,phases,start] GC(226) Post Compact
[127.414s][info][gc,phases      ] GC(226) Post Compact 1.953ms
[127.414s][info][gc,heap        ] GC(226) PSYoungGen: 22518K(48640K)->22518K(48640K) Eden: 16896K(16896K)->16896K(16896K) From: 5622K(31744K)->5622K(31744K)
[127.414s][info][gc,heap        ] GC(226) ParOldGen: 1023973K(1024000K)->1023973K(1024000K)
[127.414s][info][gc,metaspace   ] GC(226) Metaspace: 6298K(6464K)->6298K(6464K) NonClass: 5765K(5824K)->5765K(5824K) Class: 533K(640K)->533K(640K)
[127.414s][info][gc             ] GC(226) Pause Full (Ergonomics) 1021M->1021M(1047M) 1062.700ms
[127.414s][info][gc,cpu         ] GC(226) User=1.03s Sys=0.00s Real=1.06s
[127.414s][info][gc,start       ] GC(227) Pause Full (Ergonomics)
[127.414s][info][gc,phases,start] GC(227) Marking Phase
[128.202s][info][gc,phases      ] GC(227) Marking Phase 787.004ms
[128.202s][info][gc,phases,start] GC(227) Summary Phase
[128.202s][info][gc,phases      ] GC(227) Summary Phase 0.065ms
[128.202s][info][gc,phases,start] GC(227) Adjust Roots
[128.202s][info][gc,phases      ] GC(227) Adjust Roots 0.284ms
[128.202s][info][gc,phases,start] GC(227) Compaction Phase
[128.474s][info][gc,phases      ] GC(227) Compaction Phase 271.884ms
[128.474s][info][gc,phases,start] GC(227) Post Compact
[128.476s][info][gc,phases      ] GC(227) Post Compact 1.853ms
[128.476s][info][gc,heap        ] GC(227) PSYoungGen: 22518K(48640K)->22518K(48640K) Eden: 16896K(16896K)->16896K(16896K) From: 5622K(31744K)->5622K(31744K)
[128.476s][info][gc,heap        ] GC(227) ParOldGen: 1023977K(1024000K)->1023977K(1024000K)
[128.476s][info][gc,metaspace   ] GC(227) Metaspace: 6298K(6464K)->6298K(6464K) NonClass: 5765K(5824K)->5765K(5824K) Class: 533K(640K)->533K(640K)
[128.476s][info][gc             ] GC(227) Pause Full (Ergonomics) 1021M->1021M(1047M) 1061.553ms
[128.476s][info][gc,cpu         ] GC(227) User=1.06s Sys=0.00s Real=1.06s
[128.476s][info][gc,start       ] GC(228) Pause Full (Ergonomics)
[128.476s][info][gc,phases,start] GC(228) Marking Phase
[129.258s][info][gc,phases      ] GC(228) Marking Phase 781.212ms
[129.258s][info][gc,phases,start] GC(228) Summary Phase
[129.258s][info][gc,phases      ] GC(228) Summary Phase 0.025ms
[129.258s][info][gc,phases,start] GC(228) Adjust Roots
[129.258s][info][gc,phases      ] GC(228) Adjust Roots 0.334ms
[129.258s][info][gc,phases,start] GC(228) Compaction Phase
[129.532s][info][gc,phases      ] GC(228) Compaction Phase 274.071ms
[129.532s][info][gc,phases,start] GC(228) Post Compact
[129.534s][info][gc,phases      ] GC(228) Post Compact 1.757ms
[129.534s][info][gc,heap        ] GC(228) PSYoungGen: 22518K(48640K)->22518K(48640K) Eden: 16896K(16896K)->16896K(16896K) From: 5622K(31744K)->5622K(31744K)
[129.534s][info][gc,heap        ] GC(228) ParOldGen: 1023982K(1024000K)->1023982K(1024000K)
[129.534s][info][gc,metaspace   ] GC(228) Metaspace: 6298K(6464K)->6298K(6464K) NonClass: 5765K(5824K)->5765K(5824K) Class: 533K(640K)->533K(640K)
[129.534s][info][gc             ] GC(228) Pause Full (Ergonomics) 1021M->1021M(1047M) 1057.767ms
[129.534s][info][gc,cpu         ] GC(228) User=1.03s Sys=0.00s Real=1.06s
[129.534s][info][gc,start       ] GC(229) Pause Full (Ergonomics)
[129.534s][info][gc,phases,start] GC(229) Marking Phase
[130.323s][info][gc,phases      ] GC(229) Marking Phase 788.744ms
[130.323s][info][gc,phases,start] GC(229) Summary Phase
[130.323s][info][gc,phases      ] GC(229) Summary Phase 0.045ms
[130.323s][info][gc,phases,start] GC(229) Adjust Roots
[130.324s][info][gc,phases      ] GC(229) Adjust Roots 0.228ms
[130.324s][info][gc,phases,start] GC(229) Compaction Phase
[130.600s][info][gc,phases      ] GC(229) Compaction Phase 276.009ms
[130.600s][info][gc,phases,start] GC(229) Post Compact
[130.602s][info][gc,phases      ] GC(229) Post Compact 1.901ms
[130.602s][info][gc,heap        ] GC(229) PSYoungGen: 22518K(48640K)->22518K(48640K) Eden: 16896K(16896K)->16896K(16896K) From: 5622K(31744K)->5622K(31744K)
[130.602s][info][gc,heap        ] GC(229) ParOldGen: 1023987K(1024000K)->1023987K(1024000K)
[130.602s][info][gc,metaspace   ] GC(229) Metaspace: 6298K(6464K)->6298K(6464K) NonClass: 5765K(5824K)->5765K(5824K) Class: 533K(640K)->533K(640K)
[130.602s][info][gc             ] GC(229) Pause Full (Ergonomics) 1021M->1021M(1047M) 1067.381ms
[130.602s][info][gc,cpu         ] GC(229) User=1.06s Sys=0.00s Real=1.07s
[130.602s][info][gc,start       ] GC(230) Pause Full (Ergonomics)
[130.602s][info][gc,phases,start] GC(230) Marking Phase
[131.388s][info][gc,phases      ] GC(230) Marking Phase 785.304ms
[131.388s][info][gc,phases,start] GC(230) Summary Phase
[131.388s][info][gc,phases      ] GC(230) Summary Phase 0.044ms
[131.388s][info][gc,phases,start] GC(230) Adjust Roots
[131.388s][info][gc,phases      ] GC(230) Adjust Roots 0.308ms
[131.388s][info][gc,phases,start] GC(230) Compaction Phase
[131.666s][info][gc,phases      ] GC(230) Compaction Phase 277.396ms
[131.666s][info][gc,phases,start] GC(230) Post Compact
[131.668s][info][gc,phases      ] GC(230) Post Compact 1.939ms
[131.668s][info][gc,heap        ] GC(230) PSYoungGen: 22518K(48640K)->22518K(48640K) Eden: 16896K(16896K)->16896K(16896K) From: 5622K(31744K)->5622K(31744K)
[131.668s][info][gc,heap        ] GC(230) ParOldGen: 1023991K(1024000K)->1023991K(1024000K)
[131.668s][info][gc,metaspace   ] GC(230) Metaspace: 6298K(6464K)->6298K(6464K) NonClass: 5765K(5824K)->5765K(5824K) Class: 533K(640K)->533K(640K)
[131.668s][info][gc             ] GC(230) Pause Full (Ergonomics) 1021M->1021M(1047M) 1065.448ms
[131.668s][info][gc,cpu         ] GC(230) User=1.02s Sys=0.00s Real=1.07s
[131.668s][info][gc,start       ] GC(231) Pause Full (Ergonomics)
[131.668s][info][gc,phases,start] GC(231) Marking Phase
[132.455s][info][gc,phases      ] GC(231) Marking Phase 787.187ms
[132.455s][info][gc,phases,start] GC(231) Summary Phase
[132.455s][info][gc,phases      ] GC(231) Summary Phase 0.064ms
[132.455s][info][gc,phases,start] GC(231) Adjust Roots
[132.456s][info][gc,phases      ] GC(231) Adjust Roots 0.292ms
[132.456s][info][gc,phases,start] GC(231) Compaction Phase
[132.733s][info][gc,phases      ] GC(231) Compaction Phase 276.974ms
[132.733s][info][gc,phases,start] GC(231) Post Compact
[132.735s][info][gc,phases      ] GC(231) Post Compact 1.870ms
[132.735s][info][gc,heap        ] GC(231) PSYoungGen: 22518K(48640K)->22518K(48640K) Eden: 16896K(16896K)->16896K(16896K) From: 5622K(31744K)->5622K(31744K)
[132.735s][info][gc,heap        ] GC(231) ParOldGen: 1023996K(1024000K)->1023996K(1024000K)
[132.735s][info][gc,metaspace   ] GC(231) Metaspace: 6298K(6464K)->6298K(6464K) NonClass: 5765K(5824K)->5765K(5824K) Class: 533K(640K)->533K(640K)
[132.735s][info][gc             ] GC(231) Pause Full (Ergonomics) 1021M->1021M(1047M) 1066.831ms
[132.735s][info][gc,cpu         ] GC(231) User=1.06s Sys=0.00s Real=1.07s
[132.735s][info][gc,start       ] GC(232) Pause Full (Ergonomics)
[132.735s][info][gc,phases,start] GC(232) Marking Phase
[133.521s][info][gc,phases      ] GC(232) Marking Phase 785.166ms
[133.521s][info][gc,phases,start] GC(232) Summary Phase
[133.521s][info][gc,phases      ] GC(232) Summary Phase 0.064ms
[133.521s][info][gc,phases,start] GC(232) Adjust Roots
[133.521s][info][gc,phases      ] GC(232) Adjust Roots 0.589ms
[133.521s][info][gc,phases,start] GC(232) Compaction Phase
[133.795s][info][gc,phases      ] GC(232) Compaction Phase 273.589ms
[133.795s][info][gc,phases,start] GC(232) Post Compact
[133.797s][info][gc,phases      ] GC(232) Post Compact 1.953ms
[133.797s][info][gc,heap        ] GC(232) PSYoungGen: 22518K(48640K)->22518K(48640K) Eden: 16896K(16896K)->16896K(16896K) From: 5622K(31744K)->5622K(31744K)
[133.797s][info][gc,heap        ] GC(232) ParOldGen: 1023999K(1024000K)->1023999K(1024000K)
[133.797s][info][gc,metaspace   ] GC(232) Metaspace: 6298K(6464K)->6298K(6464K) NonClass: 5765K(5824K)->5765K(5824K) Class: 533K(640K)->533K(640K)
[133.797s][info][gc             ] GC(232) Pause Full (Ergonomics) 1021M->1021M(1047M) 1061.841ms
[133.797s][info][gc,cpu         ] GC(232) User=1.03s Sys=0.00s Real=1.06s
[133.797s][info][gc,start       ] GC(233) Pause Full (Allocation Failure)
[133.797s][info][gc,phases,start] GC(233) Marking Phase
[134.583s][info][gc,phases      ] GC(233) Marking Phase 785.276ms
[134.583s][info][gc,phases,start] GC(233) Summary Phase
[134.583s][info][gc,phases      ] GC(233) Summary Phase 0.029ms
[134.583s][info][gc,phases,start] GC(233) Adjust Roots
[134.583s][info][gc,phases      ] GC(233) Adjust Roots 0.511ms
[134.583s][info][gc,phases,start] GC(233) Compaction Phase
[134.931s][info][gc,phases      ] GC(233) Compaction Phase 347.407ms
[134.931s][info][gc,phases,start] GC(233) Post Compact
[134.933s][info][gc,phases      ] GC(233) Post Compact 1.938ms
[134.933s][info][gc,heap        ] GC(233) PSYoungGen: 22518K(48640K)->22518K(48640K) Eden: 16896K(16896K)->16896K(16896K) From: 5622K(31744K)->5622K(31744K)
[134.933s][info][gc,heap        ] GC(233) ParOldGen: 1023999K(1024000K)->1023995K(1024000K)
[134.933s][info][gc,metaspace   ] GC(233) Metaspace: 6298K(6464K)->6296K(6464K) NonClass: 5765K(5824K)->5764K(5824K) Class: 533K(640K)->532K(640K)
[134.933s][info][gc             ] GC(233) Pause Full (Allocation Failure) 1021M->1021M(1047M) 1135.523ms
[134.933s][info][gc,cpu         ] GC(233) User=1.09s Sys=0.00s Real=1.13s
[134.933s][info][gc,start       ] GC(234) Pause Full (Ergonomics)
[134.933s][info][gc,phases,start] GC(234) Marking Phase
[135.729s][info][gc,phases      ] GC(234) Marking Phase 795.916ms
[135.729s][info][gc,phases,start] GC(234) Summary Phase
[135.729s][info][gc,phases      ] GC(234) Summary Phase 0.067ms
[135.729s][info][gc,phases,start] GC(234) Adjust Roots
[135.730s][info][gc,phases      ] GC(234) Adjust Roots 0.258ms
[135.730s][info][gc,phases,start] GC(234) Compaction Phase
[136.003s][info][gc,phases      ] GC(234) Compaction Phase 273.304ms
[136.003s][info][gc,phases,start] GC(234) Post Compact
[136.005s][info][gc,phases      ] GC(234) Post Compact 1.733ms
[136.005s][info][gc,heap        ] GC(234) PSYoungGen: 22518K(48640K)->22518K(48640K) Eden: 16896K(16896K)->16896K(16896K) From: 5622K(31744K)->5622K(31744K)
[136.005s][info][gc,heap        ] GC(234) ParOldGen: 1023996K(1024000K)->1023996K(1024000K)
[136.005s][info][gc,metaspace   ] GC(234) Metaspace: 6296K(6464K)->6296K(6464K) NonClass: 5764K(5824K)->5764K(5824K) Class: 532K(640K)->532K(640K)
[136.005s][info][gc             ] GC(234) Pause Full (Ergonomics) 1021M->1021M(1047M) 1071.684ms
[136.005s][info][gc,cpu         ] GC(234) User=1.03s Sys=0.02s Real=1.07s
[136.006s][info][gc,start       ] GC(235) Pause Full (Ergonomics)
[136.006s][info][gc,phases,start] GC(235) Marking Phase
[136.793s][info][gc,phases      ] GC(235) Marking Phase 786.887ms
[136.793s][info][gc,phases,start] GC(235) Summary Phase
[136.793s][info][gc,phases      ] GC(235) Summary Phase 0.029ms
[136.793s][info][gc,phases,start] GC(235) Adjust Roots
[136.793s][info][gc,phases      ] GC(235) Adjust Roots 0.214ms
[136.793s][info][gc,phases,start] GC(235) Compaction Phase
[137.064s][info][gc,phases      ] GC(235) Compaction Phase 270.792ms
[137.064s][info][gc,phases,start] GC(235) Post Compact
[137.066s][info][gc,phases      ] GC(235) Post Compact 1.731ms
[137.066s][info][gc,heap        ] GC(235) PSYoungGen: 22518K(48640K)->22518K(48640K) Eden: 16896K(16896K)->16896K(16896K) From: 5622K(31744K)->5622K(31744K)
[137.066s][info][gc,heap        ] GC(235) ParOldGen: 1023999K(1024000K)->1023999K(1024000K)
[137.066s][info][gc,metaspace   ] GC(235) Metaspace: 6296K(6464K)->6296K(6464K) NonClass: 5764K(5824K)->5764K(5824K) Class: 532K(640K)->532K(640K)
[137.066s][info][gc             ] GC(235) Pause Full (Ergonomics) 1021M->1021M(1047M) 1060.031ms
[137.066s][info][gc,cpu         ] GC(235) User=1.03s Sys=0.00s Real=1.06s
[137.066s][info][gc,start       ] GC(236) Pause Full (Allocation Failure)
[137.066s][info][gc,phases,start] GC(236) Marking Phase
[137.851s][info][gc,phases      ] GC(236) Marking Phase 785.055ms
[137.851s][info][gc,phases,start] GC(236) Summary Phase
[137.851s][info][gc,phases      ] GC(236) Summary Phase 0.029ms
[137.851s][info][gc,phases,start] GC(236) Adjust Roots
[137.851s][info][gc,phases      ] GC(236) Adjust Roots 0.214ms
[137.851s][info][gc,phases,start] GC(236) Compaction Phase
[138.122s][info][gc,phases      ] GC(236) Compaction Phase 270.554ms
[138.122s][info][gc,phases,start] GC(236) Post Compact
[138.124s][info][gc,phases      ] GC(236) Post Compact 1.789ms
[138.124s][info][gc,heap        ] GC(236) PSYoungGen: 22518K(48640K)->22518K(48640K) Eden: 16896K(16896K)->16896K(16896K) From: 5622K(31744K)->5622K(31744K)
[138.124s][info][gc,heap        ] GC(236) ParOldGen: 1023999K(1024000K)->1023999K(1024000K)
[138.124s][info][gc,metaspace   ] GC(236) Metaspace: 6296K(6464K)->6296K(6464K) NonClass: 5764K(5824K)->5764K(5824K) Class: 532K(640K)->532K(640K)
[138.124s][info][gc             ] GC(236) Pause Full (Allocation Failure) 1021M->1021M(1047M) 1058.005ms
[138.124s][info][gc,cpu         ] GC(236) User=1.03s Sys=0.00s Real=1.06s
[138.125s][info][gc,start       ] GC(237) Pause Full (Ergonomics)
[138.125s][info][gc,phases,start] GC(237) Marking Phase
[138.909s][info][gc,phases      ] GC(237) Marking Phase 784.345ms
[138.909s][info][gc,phases,start] GC(237) Summary Phase
[138.909s][info][gc,phases      ] GC(237) Summary Phase 0.029ms
[138.909s][info][gc,phases,start] GC(237) Adjust Roots
[138.910s][info][gc,phases      ] GC(237) Adjust Roots 0.517ms
[138.910s][info][gc,phases,start] GC(237) Compaction Phase
[139.255s][info][gc,phases      ] GC(237) Compaction Phase 344.898ms
[139.255s][info][gc,phases,start] GC(237) Post Compact
[139.257s][info][gc,phases      ] GC(237) Post Compact 1.913ms
[139.257s][info][gc,heap        ] GC(237) PSYoungGen: 22518K(48640K)->22518K(48640K) Eden: 16896K(16896K)->16896K(16896K) From: 5622K(31744K)->5622K(31744K)
[139.257s][info][gc,heap        ] GC(237) ParOldGen: 1023999K(1024000K)->1023998K(1024000K)
[139.257s][info][gc,metaspace   ] GC(237) Metaspace: 6296K(6464K)->6296K(6464K) NonClass: 5764K(5824K)->5764K(5824K) Class: 532K(640K)->532K(640K)
[139.257s][info][gc             ] GC(237) Pause Full (Ergonomics) 1021M->1021M(1047M) 1132.078ms
[139.257s][info][gc,cpu         ] GC(237) User=1.08s Sys=0.00s Real=1.13s
[139.258s][info][gc,start       ] GC(238) Pause Full (Ergonomics)
[139.258s][info][gc,phases,start] GC(238) Marking Phase
[140.040s][info][gc,phases      ] GC(238) Marking Phase 781.691ms
[140.040s][info][gc,phases,start] GC(238) Summary Phase
[140.040s][info][gc,phases      ] GC(238) Summary Phase 0.029ms
[140.040s][info][gc,phases,start] GC(238) Adjust Roots
[140.040s][info][gc,phases      ] GC(238) Adjust Roots 0.268ms
[140.040s][info][gc,phases,start] GC(238) Compaction Phase
[140.308s][info][gc,phases      ] GC(238) Compaction Phase 268.404ms
[140.308s][info][gc,phases,start] GC(238) Post Compact
[140.310s][info][gc,phases      ] GC(238) Post Compact 1.733ms
[140.310s][info][gc,heap        ] GC(238) PSYoungGen: 22518K(48640K)->22518K(48640K) Eden: 16896K(16896K)->16896K(16896K) From: 5622K(31744K)->5622K(31744K)
[140.310s][info][gc,heap        ] GC(238) ParOldGen: 1023999K(1024000K)->1023998K(1024000K)
[140.310s][info][gc,metaspace   ] GC(238) Metaspace: 6296K(6464K)->6296K(6464K) NonClass: 5764K(5824K)->5764K(5824K) Class: 532K(640K)->532K(640K)
[140.310s][info][gc             ] GC(238) Pause Full (Ergonomics) 1021M->1021M(1047M) 1052.499ms
[140.310s][info][gc,cpu         ] GC(238) User=1.02s Sys=0.00s Real=1.05s
[140.312s][info][gc,start       ] GC(239) Pause Full (Ergonomics)
[140.312s][info][gc,phases,start] GC(239) Marking Phase
[141.096s][info][gc,phases      ] GC(239) Marking Phase 783.449ms
[141.096s][info][gc,phases,start] GC(239) Summary Phase
[141.096s][info][gc,phases      ] GC(239) Summary Phase 0.029ms
[141.096s][info][gc,phases,start] GC(239) Adjust Roots
[141.096s][info][gc,phases      ] GC(239) Adjust Roots 0.477ms
[141.096s][info][gc,phases,start] GC(239) Compaction Phase
[141.443s][info][gc,phases      ] GC(239) Compaction Phase 346.566ms
[141.443s][info][gc,phases,start] GC(239) Post Compact
[141.445s][info][gc,phases      ] GC(239) Post Compact 2.110ms
[141.445s][info][gc,heap        ] GC(239) PSYoungGen: 22518K(48640K)->22518K(48640K) Eden: 16896K(16896K)->16896K(16896K) From: 5622K(31744K)->5622K(31744K)
[141.445s][info][gc,heap        ] GC(239) ParOldGen: 1023999K(1024000K)->1023997K(1024000K)
[141.445s][info][gc,metaspace   ] GC(239) Metaspace: 6301K(6464K)->6301K(6464K) NonClass: 5766K(5824K)->5766K(5824K) Class: 534K(640K)->534K(640K)
[141.445s][info][gc             ] GC(239) Pause Full (Ergonomics) 1021M->1021M(1047M) 1133.028ms
[141.445s][info][gc,cpu         ] GC(239) User=1.12s Sys=0.00s Real=1.13s
[141.445s][info][gc,heap,exit   ] Heap
[141.445s][info][gc,heap,exit   ]  PSYoungGen      total 48640K, used 22518K [0x00000000e0c00000, 0x00000000e9500000, 0x0000000100000000)
[141.445s][info][gc,heap,exit   ]   eden space 16896K, 100% used [0x00000000e0c00000,0x00000000e1c80000,0x00000000e1c80000)
[141.445s][info][gc,heap,exit   ]   from space 31744K, 17% used [0x00000000e1c80000,0x00000000e21fd8e8,0x00000000e3b80000)
[141.445s][info][gc,heap,exit   ]   to   space 60416K, 0% used [0x00000000e5a00000,0x00000000e5a00000,0x00000000e9500000)
[141.446s][info][gc,heap,exit   ]  ParOldGen       total 1024000K, used 1023997K [0x00000000a2400000, 0x00000000e0c00000, 0x00000000e0c00000)
[141.446s][info][gc,heap,exit   ]   object space 1024000K, 99% used [0x00000000a2400000,0x00000000e0bff5e0,0x00000000e0c00000)
[141.446s][info][gc,heap,exit   ]  Metaspace       used 6301K, committed 6464K, reserved 1114112K
[141.446s][info][gc,heap,exit   ]   class space    used 534K, committed 640K, reserved 1048576K
