[0.013s][info][gc,init] CardTable entry size: 512
[0.013s][info][gc     ] Using Parallel
[0.014s][info][gc,init] Version: 18.0.1+10 (release)
[0.014s][info][gc,init] CPUs: 8 total, 8 available
[0.014s][info][gc,init] Memory: 16063M
[0.014s][info][gc,init] Large Page Support: Disabled
[0.014s][info][gc,init] NUMA Support: Disabled
[0.014s][info][gc,init] Compressed Oops: Enabled (Zero based)
[0.014s][info][gc,init] Alignments: Space 512K, Generation 512K, Heap 2M
[0.014s][info][gc,init] Heap Min Capacity: 2M
[0.014s][info][gc,init] Heap Initial Capacity: 2M
[0.014s][info][gc,init] Heap Max Capacity: 2500M
[0.014s][info][gc,init] Pre-touch: Disabled
[0.014s][info][gc,init] Parallel Workers: 2
[0.015s][info][gc,metaspace] CDS archive(s) not mapped
[0.015s][info][gc,metaspace] Compressed class space mapped at: 0x0000000800000000-0x0000000840000000, reserved size: 1073741824
[0.015s][info][gc,metaspace] Narrow klass base: 0x0000000800000000, Narrow klass shift: 0, Narrow klass range: 0x40000000
[0.117s][info][gc,start    ] GC(0) Pause Young (Allocation Failure)
[0.119s][info][gc,heap     ] GC(0) PSYoungGen: 512K(1024K)->480K(1024K) Eden: 512K(512K)->0K(512K) From: 0K(512K)->480K(512K)
[0.119s][info][gc,heap     ] GC(0) ParOldGen: 0K(512K)->8K(512K)
[0.119s][info][gc,metaspace] GC(0) Metaspace: 4229K(4352K)->4229K(4352K) NonClass: 3908K(3968K)->3908K(3968K) Class: 321K(384K)->321K(384K)
[0.119s][info][gc          ] GC(0) Pause Young (Allocation Failure) 0M->0M(1M) 1.318ms
[0.119s][info][gc,cpu      ] GC(0) User=0.00s Sys=0.00s Real=0.00s
[0.191s][info][gc,start    ] GC(1) Pause Young (Allocation Failure)
[0.192s][info][gc,heap     ] GC(1) PSYoungGen: 991K(1024K)->512K(1536K) Eden: 511K(512K)->0K(1024K) From: 480K(512K)->512K(512K)
[0.192s][info][gc,heap     ] GC(1) ParOldGen: 8K(512K)->88K(512K)
[0.192s][info][gc,metaspace] GC(1) Metaspace: 5882K(6016K)->5882K(6016K) NonClass: 5385K(5504K)->5385K(5504K) Class: 496K(512K)->496K(512K)
[0.192s][info][gc          ] GC(1) Pause Young (Allocation Failure) 0M->0M(2M) 1.388ms
[0.192s][info][gc,cpu      ] GC(1) User=0.00s Sys=0.00s Real=0.00s
[0.217s][info][gc,start    ] GC(2) Pause Young (Allocation Failure)
[0.218s][info][gc,heap     ] GC(2) PSYoungGen: 1536K(1536K)->512K(1536K) Eden: 1024K(1024K)->0K(1024K) From: 512K(512K)->512K(512K)
[0.218s][info][gc,heap     ] GC(2) ParOldGen: 88K(512K)->512K(1024K)
[0.218s][info][gc,metaspace] GC(2) Metaspace: 6299K(6464K)->6299K(6464K) NonClass: 5766K(5824K)->5766K(5824K) Class: 533K(640K)->533K(640K)
[0.218s][info][gc          ] GC(2) Pause Young (Allocation Failure) 1M->1M(2M) 1.357ms
[0.218s][info][gc,cpu      ] GC(2) User=0.00s Sys=0.00s Real=0.00s
[0.221s][info][gc,start    ] GC(3) Pause Young (Allocation Failure)
[0.222s][info][gc,heap     ] GC(3) PSYoungGen: 1536K(1536K)->480K(2560K) Eden: 1024K(1024K)->0K(2048K) From: 512K(512K)->480K(512K)
[0.222s][info][gc,heap     ] GC(3) ParOldGen: 512K(1024K)->1068K(1536K)
[0.222s][info][gc,metaspace] GC(3) Metaspace: 6300K(6464K)->6300K(6464K) NonClass: 5766K(5824K)->5766K(5824K) Class: 533K(640K)->533K(640K)
[0.222s][info][gc          ] GC(3) Pause Young (Allocation Failure) 2M->1M(4M) 1.521ms
[0.222s][info][gc,cpu      ] GC(3) User=0.00s Sys=0.00s Real=0.00s
[0.222s][info][gc,start    ] GC(4) Pause Full (Ergonomics)
[0.222s][info][gc,phases,start] GC(4) Marking Phase
[0.224s][info][gc,phases      ] GC(4) Marking Phase 1.304ms
[0.224s][info][gc,phases,start] GC(4) Summary Phase
[0.224s][info][gc,phases      ] GC(4) Summary Phase 0.017ms
[0.224s][info][gc,phases,start] GC(4) Adjust Roots
[0.224s][info][gc,phases      ] GC(4) Adjust Roots 0.451ms
[0.224s][info][gc,phases,start] GC(4) Compaction Phase
[0.227s][info][gc,phases      ] GC(4) Compaction Phase 2.523ms
[0.227s][info][gc,phases,start] GC(4) Post Compact
[0.227s][info][gc,phases      ] GC(4) Post Compact 0.071ms
[0.227s][info][gc,heap        ] GC(4) PSYoungGen: 480K(2560K)->0K(2560K) Eden: 0K(2048K)->0K(2048K) From: 480K(512K)->0K(512K)
[0.227s][info][gc,heap        ] GC(4) ParOldGen: 1068K(1536K)->1496K(3584K)
[0.227s][info][gc,metaspace   ] GC(4) Metaspace: 6300K(6464K)->6300K(6464K) NonClass: 5766K(5824K)->5766K(5824K) Class: 533K(640K)->533K(640K)
[0.227s][info][gc             ] GC(4) Pause Full (Ergonomics) 1M->1M(6M) 4.727ms
[0.227s][info][gc,cpu         ] GC(4) User=0.00s Sys=0.00s Real=0.01s
[0.230s][info][gc,start       ] GC(5) Pause Young (Allocation Failure)
[0.232s][info][gc,heap        ] GC(5) PSYoungGen: 2048K(2560K)->480K(3584K) Eden: 2048K(2048K)->0K(3072K) From: 0K(512K)->480K(512K)
[0.232s][info][gc,heap        ] GC(5) ParOldGen: 1496K(3584K)->2112K(3584K)
[0.232s][info][gc,metaspace   ] GC(5) Metaspace: 6300K(6464K)->6300K(6464K) NonClass: 5766K(5824K)->5766K(5824K) Class: 533K(640K)->533K(640K)
[0.232s][info][gc             ] GC(5) Pause Young (Allocation Failure) 3M->2M(7M) 1.914ms
[0.232s][info][gc,cpu         ] GC(5) User=0.00s Sys=0.00s Real=0.00s
[0.237s][info][gc,start       ] GC(6) Pause Young (Allocation Failure)
[0.239s][info][gc,heap        ] GC(6) PSYoungGen: 3552K(3584K)->1504K(4608K) Eden: 3072K(3072K)->0K(3072K) From: 480K(512K)->1504K(1536K)
[0.239s][info][gc,heap        ] GC(6) ParOldGen: 2112K(3584K)->2680K(3584K)
[0.239s][info][gc,metaspace   ] GC(6) Metaspace: 6300K(6464K)->6300K(6464K) NonClass: 5766K(5824K)->5766K(5824K) Class: 533K(640K)->533K(640K)
[0.239s][info][gc             ] GC(6) Pause Young (Allocation Failure) 5M->4M(8M) 2.706ms
[0.239s][info][gc,cpu         ] GC(6) User=0.00s Sys=0.00s Real=0.00s
[0.244s][info][gc,start       ] GC(7) Pause Young (Allocation Failure)
[0.247s][info][gc,heap        ] GC(7) PSYoungGen: 4576K(4608K)->2016K(7168K) Eden: 3072K(3072K)->0K(5120K) From: 1504K(1536K)->2016K(2048K)
[0.247s][info][gc,heap        ] GC(7) ParOldGen: 2680K(3584K)->3768K(4096K)
[0.247s][info][gc,metaspace   ] GC(7) Metaspace: 6300K(6464K)->6300K(6464K) NonClass: 5766K(5824K)->5766K(5824K) Class: 533K(640K)->533K(640K)
[0.247s][info][gc             ] GC(7) Pause Young (Allocation Failure) 7M->5M(11M) 2.940ms
[0.247s][info][gc,cpu         ] GC(7) User=0.00s Sys=0.00s Real=0.00s
[0.247s][info][gc,start       ] GC(8) Pause Full (Ergonomics)
[0.247s][info][gc,phases,start] GC(8) Marking Phase
[0.250s][info][gc,phases      ] GC(8) Marking Phase 2.657ms
[0.250s][info][gc,phases,start] GC(8) Summary Phase
[0.250s][info][gc,phases      ] GC(8) Summary Phase 0.015ms
[0.250s][info][gc,phases,start] GC(8) Adjust Roots
[0.250s][info][gc,phases      ] GC(8) Adjust Roots 0.336ms
[0.250s][info][gc,phases,start] GC(8) Compaction Phase
[0.254s][info][gc,phases      ] GC(8) Compaction Phase 3.951ms
[0.254s][info][gc,phases,start] GC(8) Post Compact
[0.255s][info][gc,phases      ] GC(8) Post Compact 0.036ms
[0.255s][info][gc,heap        ] GC(8) PSYoungGen: 2016K(7168K)->2012K(7168K) Eden: 0K(5120K)->0K(5120K) From: 2016K(2048K)->2012K(2048K)
[0.255s][info][gc,heap        ] GC(8) ParOldGen: 3768K(4096K)->3676K(6656K)
[0.255s][info][gc,metaspace   ] GC(8) Metaspace: 6300K(6464K)->6300K(6464K) NonClass: 5766K(5824K)->5766K(5824K) Class: 533K(640K)->533K(640K)
[0.255s][info][gc             ] GC(8) Pause Full (Ergonomics) 5M->5M(13M) 7.325ms
[0.255s][info][gc,cpu         ] GC(8) User=0.00s Sys=0.00s Real=0.01s
[0.263s][info][gc,start       ] GC(9) Pause Young (Allocation Failure)
[0.269s][info][gc,heap        ] GC(9) PSYoungGen: 7132K(7168K)->3040K(8192K) Eden: 5120K(5120K)->0K(5120K) From: 2012K(2048K)->3040K(3072K)
[0.269s][info][gc,heap        ] GC(9) ParOldGen: 3676K(6656K)->5316K(6656K)
[0.269s][info][gc,metaspace   ] GC(9) Metaspace: 6300K(6464K)->6300K(6464K) NonClass: 5766K(5824K)->5766K(5824K) Class: 533K(640K)->533K(640K)
[0.269s][info][gc             ] GC(9) Pause Young (Allocation Failure) 10M->8M(14M) 5.473ms
[0.269s][info][gc,cpu         ] GC(9) User=0.00s Sys=0.00s Real=0.01s
[0.269s][info][gc,start       ] GC(10) Pause Full (Ergonomics)
[0.269s][info][gc,phases,start] GC(10) Marking Phase
[0.273s][info][gc,phases      ] GC(10) Marking Phase 4.359ms
[0.273s][info][gc,phases,start] GC(10) Summary Phase
[0.273s][info][gc,phases      ] GC(10) Summary Phase 0.016ms
[0.273s][info][gc,phases,start] GC(10) Adjust Roots
[0.274s][info][gc,phases      ] GC(10) Adjust Roots 0.275ms
[0.274s][info][gc,phases,start] GC(10) Compaction Phase
[0.277s][info][gc,phases      ] GC(10) Compaction Phase 2.847ms
[0.277s][info][gc,phases,start] GC(10) Post Compact
[0.277s][info][gc,phases      ] GC(10) Post Compact 0.065ms
[0.277s][info][gc,heap        ] GC(10) PSYoungGen: 3040K(8192K)->2012K(8192K) Eden: 0K(5120K)->0K(5120K) From: 3040K(3072K)->2012K(3072K)
[0.277s][info][gc,heap        ] GC(10) ParOldGen: 5316K(6656K)->6311K(10240K)
[0.277s][info][gc,metaspace   ] GC(10) Metaspace: 6300K(6464K)->6300K(6464K) NonClass: 5766K(5824K)->5766K(5824K) Class: 533K(640K)->533K(640K)
[0.277s][info][gc             ] GC(10) Pause Full (Ergonomics) 8M->8M(18M) 7.978ms
[0.277s][info][gc,cpu         ] GC(10) User=0.00s Sys=0.00s Real=0.01s
[0.283s][info][gc,start       ] GC(11) Pause Young (Allocation Failure)
[0.288s][info][gc,heap        ] GC(11) PSYoungGen: 7132K(8192K)->4192K(11264K) Eden: 5120K(5120K)->0K(6656K) From: 2012K(3072K)->4192K(4608K)
[0.288s][info][gc,heap        ] GC(11) ParOldGen: 6311K(10240K)->6807K(10240K)
[0.288s][info][gc,metaspace   ] GC(11) Metaspace: 6300K(6464K)->6300K(6464K) NonClass: 5766K(5824K)->5766K(5824K) Class: 533K(640K)->533K(640K)
[0.288s][info][gc             ] GC(11) Pause Young (Allocation Failure) 13M->10M(21M) 5.100ms
[0.288s][info][gc,cpu         ] GC(11) User=0.00s Sys=0.00s Real=0.00s
[0.295s][info][gc,start       ] GC(12) Pause Young (Allocation Failure)
[0.301s][info][gc,heap        ] GC(12) PSYoungGen: 10848K(11264K)->5088K(11776K) Eden: 6656K(6656K)->0K(6656K) From: 4192K(4608K)->5088K(5120K)
[0.301s][info][gc,heap        ] GC(12) ParOldGen: 6807K(10240K)->9639K(10240K)
[0.301s][info][gc,metaspace   ] GC(12) Metaspace: 6300K(6464K)->6300K(6464K) NonClass: 5766K(5824K)->5766K(5824K) Class: 533K(640K)->533K(640K)
[0.301s][info][gc             ] GC(12) Pause Young (Allocation Failure) 17M->14M(21M) 5.870ms
[0.301s][info][gc,cpu         ] GC(12) User=0.00s Sys=0.00s Real=0.01s
[0.301s][info][gc,start       ] GC(13) Pause Full (Ergonomics)
[0.301s][info][gc,phases,start] GC(13) Marking Phase
[0.308s][info][gc,phases      ] GC(13) Marking Phase 6.762ms
[0.308s][info][gc,phases,start] GC(13) Summary Phase
[0.308s][info][gc,phases      ] GC(13) Summary Phase 0.020ms
[0.308s][info][gc,phases,start] GC(13) Adjust Roots
[0.308s][info][gc,phases      ] GC(13) Adjust Roots 0.225ms
[0.308s][info][gc,phases,start] GC(13) Compaction Phase
[0.315s][info][gc,phases      ] GC(13) Compaction Phase 6.485ms
[0.315s][info][gc,phases,start] GC(13) Post Compact
[0.315s][info][gc,phases      ] GC(13) Post Compact 0.071ms
[0.315s][info][gc,heap        ] GC(13) PSYoungGen: 5088K(11776K)->4375K(11776K) Eden: 0K(6656K)->0K(6656K) From: 5088K(5120K)->4375K(5120K)
[0.315s][info][gc,heap        ] GC(13) ParOldGen: 9639K(10240K)->10012K(15360K)
[0.315s][info][gc,metaspace   ] GC(13) Metaspace: 6300K(6464K)->6300K(6464K) NonClass: 5766K(5824K)->5766K(5824K) Class: 533K(640K)->533K(640K)
[0.315s][info][gc             ] GC(13) Pause Full (Ergonomics) 14M->14M(26M) 13.880ms
[0.315s][info][gc,cpu         ] GC(13) User=0.02s Sys=0.00s Real=0.01s
[0.320s][info][gc,start       ] GC(14) Pause Young (Allocation Failure)
[0.327s][info][gc,heap        ] GC(14) PSYoungGen: 11031K(11776K)->3424K(16384K) Eden: 6656K(6656K)->0K(9216K) From: 4375K(5120K)->3424K(7168K)
[0.327s][info][gc,heap        ] GC(14) ParOldGen: 10012K(15360K)->14460K(15360K)
[0.327s][info][gc,metaspace   ] GC(14) Metaspace: 6302K(6464K)->6302K(6464K) NonClass: 5768K(5824K)->5768K(5824K) Class: 533K(640K)->533K(640K)
[0.327s][info][gc             ] GC(14) Pause Young (Allocation Failure) 20M->17M(31M) 6.619ms
[0.327s][info][gc,cpu         ] GC(14) User=0.02s Sys=0.00s Real=0.01s
[0.327s][info][gc,start       ] GC(15) Pause Full (Ergonomics)
[0.327s][info][gc,phases,start] GC(15) Marking Phase
[0.335s][info][gc,phases      ] GC(15) Marking Phase 8.234ms
[0.335s][info][gc,phases,start] GC(15) Summary Phase
[0.335s][info][gc,phases      ] GC(15) Summary Phase 0.025ms
[0.335s][info][gc,phases,start] GC(15) Adjust Roots
[0.335s][info][gc,phases      ] GC(15) Adjust Roots 0.260ms
[0.335s][info][gc,phases,start] GC(15) Compaction Phase
[0.341s][info][gc,phases      ] GC(15) Compaction Phase 5.212ms
[0.341s][info][gc,phases,start] GC(15) Post Compact
[0.341s][info][gc,phases      ] GC(15) Post Compact 0.124ms
[0.341s][info][gc,heap        ] GC(15) PSYoungGen: 3424K(16384K)->2889K(16384K) Eden: 0K(9216K)->0K(9216K) From: 3424K(7168K)->2889K(7168K)
[0.341s][info][gc,heap        ] GC(15) ParOldGen: 14460K(15360K)->14898K(22528K)
[0.341s][info][gc,metaspace   ] GC(15) Metaspace: 6302K(6464K)->6302K(6464K) NonClass: 5768K(5824K)->5768K(5824K) Class: 533K(640K)->533K(640K)
[0.341s][info][gc             ] GC(15) Pause Full (Ergonomics) 17M->17M(38M) 14.284ms
[0.341s][info][gc,cpu         ] GC(15) User=0.02s Sys=0.00s Real=0.01s
[0.347s][info][gc,start       ] GC(16) Pause Young (Allocation Failure)
[0.353s][info][gc,heap        ] GC(16) PSYoungGen: 12105K(16384K)->4832K(16384K) Eden: 9216K(9216K)->0K(9216K) From: 2889K(7168K)->4832K(7168K)
[0.353s][info][gc,heap        ] GC(16) ParOldGen: 14898K(22528K)->17834K(22528K)
[0.353s][info][gc,metaspace   ] GC(16) Metaspace: 6302K(6464K)->6302K(6464K) NonClass: 5768K(5824K)->5768K(5824K) Class: 533K(640K)->533K(640K)
[0.353s][info][gc             ] GC(16) Pause Young (Allocation Failure) 26M->22M(38M) 6.500ms
[0.353s][info][gc,cpu         ] GC(16) User=0.00s Sys=0.00s Real=0.01s
[0.362s][info][gc,start       ] GC(17) Pause Young (Allocation Failure)
[0.370s][info][gc,heap        ] GC(17) PSYoungGen: 14048K(16384K)->7136K(16384K) Eden: 9216K(9216K)->0K(9216K) From: 4832K(7168K)->7136K(7168K)
[0.370s][info][gc,heap        ] GC(17) ParOldGen: 17834K(22528K)->20778K(22528K)
[0.370s][info][gc,metaspace   ] GC(17) Metaspace: 6302K(6464K)->6302K(6464K) NonClass: 5768K(5824K)->5768K(5824K) Class: 533K(640K)->533K(640K)
[0.370s][info][gc             ] GC(17) Pause Young (Allocation Failure) 31M->27M(38M) 8.201ms
[0.370s][info][gc,cpu         ] GC(17) User=0.02s Sys=0.00s Real=0.01s
[0.370s][info][gc,start       ] GC(18) Pause Full (Ergonomics)
[0.370s][info][gc,phases,start] GC(18) Marking Phase
[0.382s][info][gc,phases      ] GC(18) Marking Phase 11.304ms
[0.382s][info][gc,phases,start] GC(18) Summary Phase
[0.382s][info][gc,phases      ] GC(18) Summary Phase 0.018ms
[0.382s][info][gc,phases,start] GC(18) Adjust Roots
[0.382s][info][gc,phases      ] GC(18) Adjust Roots 0.215ms
[0.382s][info][gc,phases,start] GC(18) Compaction Phase
[0.392s][info][gc,phases      ] GC(18) Compaction Phase 9.909ms
[0.392s][info][gc,phases,start] GC(18) Post Compact
[0.392s][info][gc,phases      ] GC(18) Post Compact 0.099ms
[0.392s][info][gc,heap        ] GC(18) PSYoungGen: 7136K(16384K)->5078K(16384K) Eden: 0K(9216K)->0K(9216K) From: 7136K(7168K)->5078K(7168K)
[0.392s][info][gc,heap        ] GC(18) ParOldGen: 20778K(22528K)->22216K(32256K)
[0.392s][info][gc,metaspace   ] GC(18) Metaspace: 6302K(6464K)->6302K(6464K) NonClass: 5768K(5824K)->5768K(5824K) Class: 533K(640K)->533K(640K)
[0.392s][info][gc             ] GC(18) Pause Full (Ergonomics) 27M->26M(47M) 21.894ms
[0.392s][info][gc,cpu         ] GC(18) User=0.02s Sys=0.00s Real=0.02s
[0.398s][info][gc,start       ] GC(19) Pause Young (Allocation Failure)
[0.407s][info][gc,heap        ] GC(19) PSYoungGen: 14294K(16384K)->4800K(18944K) Eden: 9216K(9216K)->0K(9216K) From: 5078K(7168K)->4800K(9728K)
[0.407s][info][gc,heap        ] GC(19) ParOldGen: 22216K(32256K)->27376K(32256K)
[0.407s][info][gc,metaspace   ] GC(19) Metaspace: 6302K(6464K)->6302K(6464K) NonClass: 5768K(5824K)->5768K(5824K) Class: 533K(640K)->533K(640K)
[0.407s][info][gc             ] GC(19) Pause Young (Allocation Failure) 35M->31M(50M) 9.650ms
[0.407s][info][gc,cpu         ] GC(19) User=0.02s Sys=0.00s Real=0.01s
[0.407s][info][gc,start       ] GC(20) Pause Full (Ergonomics)
[0.408s][info][gc,phases,start] GC(20) Marking Phase
[0.420s][info][gc,phases      ] GC(20) Marking Phase 12.975ms
[0.421s][info][gc,phases,start] GC(20) Summary Phase
[0.421s][info][gc,phases      ] GC(20) Summary Phase 0.021ms
[0.421s][info][gc,phases,start] GC(20) Adjust Roots
[0.421s][info][gc,phases      ] GC(20) Adjust Roots 0.203ms
[0.421s][info][gc,phases,start] GC(20) Compaction Phase
[0.429s][info][gc,phases      ] GC(20) Compaction Phase 7.803ms
[0.429s][info][gc,phases,start] GC(20) Post Compact
[0.429s][info][gc,phases      ] GC(20) Post Compact 0.151ms
[0.429s][info][gc,heap        ] GC(20) PSYoungGen: 4800K(18944K)->0K(20480K) Eden: 0K(9216K)->0K(11776K) From: 4800K(9728K)->0K(8704K)
[0.429s][info][gc,heap        ] GC(20) ParOldGen: 27376K(32256K)->32057K(44544K)
[0.429s][info][gc,metaspace   ] GC(20) Metaspace: 6302K(6464K)->6302K(6464K) NonClass: 5768K(5824K)->5768K(5824K) Class: 533K(640K)->533K(640K)
[0.429s][info][gc             ] GC(20) Pause Full (Ergonomics) 31M->31M(63M) 21.514ms
[0.429s][info][gc,cpu         ] GC(20) User=0.02s Sys=0.00s Real=0.02s
[0.440s][info][gc,start       ] GC(21) Pause Young (Allocation Failure)
[0.448s][info][gc,heap        ] GC(21) PSYoungGen: 11776K(20480K)->9216K(20992K) Eden: 11776K(11776K)->0K(11776K) From: 0K(8704K)->9216K(9216K)
[0.448s][info][gc,heap        ] GC(21) ParOldGen: 32057K(44544K)->33657K(44544K)
[0.448s][info][gc,metaspace   ] GC(21) Metaspace: 6302K(6464K)->6302K(6464K) NonClass: 5768K(5824K)->5768K(5824K) Class: 533K(640K)->533K(640K)
[0.448s][info][gc             ] GC(21) Pause Young (Allocation Failure) 42M->41M(64M) 8.497ms
[0.448s][info][gc,cpu         ] GC(21) User=0.02s Sys=0.00s Real=0.01s
[0.464s][info][gc,start       ] GC(22) Pause Young (Allocation Failure)
[0.480s][info][gc,heap        ] GC(22) PSYoungGen: 20992K(20992K)->11744K(21504K) Eden: 11776K(11776K)->0K(9728K) From: 9216K(9216K)->11744K(11776K)
[0.480s][info][gc,heap        ] GC(22) ParOldGen: 33657K(44544K)->43041K(44544K)
[0.480s][info][gc,metaspace   ] GC(22) Metaspace: 6302K(6464K)->6302K(6464K) NonClass: 5768K(5824K)->5768K(5824K) Class: 533K(640K)->533K(640K)
[0.480s][info][gc             ] GC(22) Pause Young (Allocation Failure) 53M->53M(64M) 15.944ms
[0.480s][info][gc,cpu         ] GC(22) User=0.02s Sys=0.00s Real=0.02s
[0.480s][info][gc,start       ] GC(23) Pause Full (Ergonomics)
[0.480s][info][gc,phases,start] GC(23) Marking Phase
[0.500s][info][gc,phases      ] GC(23) Marking Phase 20.438ms
[0.500s][info][gc,phases,start] GC(23) Summary Phase
[0.501s][info][gc,phases      ] GC(23) Summary Phase 0.017ms
[0.501s][info][gc,phases,start] GC(23) Adjust Roots
[0.501s][info][gc,phases      ] GC(23) Adjust Roots 0.185ms
[0.501s][info][gc,phases,start] GC(23) Compaction Phase
[0.522s][info][gc,phases      ] GC(23) Compaction Phase 21.381ms
[0.522s][info][gc,phases,start] GC(23) Post Compact
[0.522s][info][gc,phases      ] GC(23) Post Compact 0.158ms
[0.522s][info][gc,heap        ] GC(23) PSYoungGen: 11744K(21504K)->9166K(21504K) Eden: 0K(9728K)->0K(9728K) From: 11744K(11776K)->9166K(11776K)
[0.522s][info][gc,heap        ] GC(23) ParOldGen: 43041K(44544K)->44385K(60928K)
[0.523s][info][gc,metaspace   ] GC(23) Metaspace: 6302K(6464K)->6302K(6464K) NonClass: 5768K(5824K)->5768K(5824K) Class: 533K(640K)->533K(640K)
[0.523s][info][gc             ] GC(23) Pause Full (Ergonomics) 53M->52M(80M) 42.563ms
[0.523s][info][gc,cpu         ] GC(23) User=0.06s Sys=0.00s Real=0.04s
[0.532s][info][gc,start       ] GC(24) Pause Young (Allocation Failure)
[0.548s][info][gc,heap        ] GC(24) PSYoungGen: 18894K(21504K)->9728K(26624K) Eden: 9728K(9728K)->0K(9728K) From: 9166K(11776K)->9728K(16896K)
[0.548s][info][gc,heap        ] GC(24) ParOldGen: 44385K(60928K)->53705K(60928K)
[0.548s][info][gc,metaspace   ] GC(24) Metaspace: 6302K(6464K)->6302K(6464K) NonClass: 5768K(5824K)->5768K(5824K) Class: 533K(640K)->533K(640K)
[0.548s][info][gc             ] GC(24) Pause Young (Allocation Failure) 61M->61M(85M) 15.465ms
[0.548s][info][gc,cpu         ] GC(24) User=0.02s Sys=0.00s Real=0.01s
[0.548s][info][gc,start       ] GC(25) Pause Full (Ergonomics)
[0.548s][info][gc,phases,start] GC(25) Marking Phase
[0.572s][info][gc,phases      ] GC(25) Marking Phase 23.732ms
[0.572s][info][gc,phases,start] GC(25) Summary Phase
[0.572s][info][gc,phases      ] GC(25) Summary Phase 0.017ms
[0.572s][info][gc,phases,start] GC(25) Adjust Roots
[0.572s][info][gc,phases      ] GC(25) Adjust Roots 0.198ms
[0.572s][info][gc,phases,start] GC(25) Compaction Phase
[0.586s][info][gc,phases      ] GC(25) Compaction Phase 14.378ms
[0.587s][info][gc,phases,start] GC(25) Post Compact
[0.587s][info][gc,phases      ] GC(25) Post Compact 0.285ms
[0.587s][info][gc,heap        ] GC(25) PSYoungGen: 9728K(26624K)->2541K(26624K) Eden: 0K(9728K)->0K(9728K) From: 9728K(16896K)->2541K(16896K)
[0.587s][info][gc,heap        ] GC(25) ParOldGen: 53705K(60928K)->60705K(81408K)
[0.587s][info][gc,metaspace   ] GC(25) Metaspace: 6302K(6464K)->6302K(6464K) NonClass: 5768K(5824K)->5768K(5824K) Class: 533K(640K)->533K(640K)
[0.587s][info][gc             ] GC(25) Pause Full (Ergonomics) 61M->61M(105M) 39.008ms
[0.587s][info][gc,cpu         ] GC(25) User=0.03s Sys=0.00s Real=0.04s
[0.596s][info][gc,start       ] GC(26) Pause Young (Allocation Failure)
[0.609s][info][gc,heap        ] GC(26) PSYoungGen: 12269K(26624K)->12320K(28160K) Eden: 9728K(9728K)->0K(10752K) From: 2541K(16896K)->12320K(17408K)
[0.609s][info][gc,heap        ] GC(26) ParOldGen: 60705K(81408K)->60705K(81408K)
[0.609s][info][gc,metaspace   ] GC(26) Metaspace: 6302K(6464K)->6302K(6464K) NonClass: 5768K(5824K)->5768K(5824K) Class: 533K(640K)->533K(640K)
[0.609s][info][gc             ] GC(26) Pause Young (Allocation Failure) 71M->71M(107M) 12.338ms
[0.609s][info][gc,cpu         ] GC(26) User=0.02s Sys=0.00s Real=0.01s
[0.619s][info][gc,start       ] GC(27) Pause Young (Allocation Failure)
[0.633s][info][gc,heap        ] GC(27) PSYoungGen: 23072K(28160K)->18432K(29184K) Eden: 10752K(10752K)->0K(10752K) From: 12320K(17408K)->18432K(18432K)
[0.634s][info][gc,heap        ] GC(27) ParOldGen: 60705K(81408K)->65353K(81408K)
[0.634s][info][gc,metaspace   ] GC(27) Metaspace: 6302K(6464K)->6302K(6464K) NonClass: 5768K(5824K)->5768K(5824K) Class: 533K(640K)->533K(640K)
[0.634s][info][gc             ] GC(27) Pause Young (Allocation Failure) 81M->81M(108M) 14.261ms
[0.634s][info][gc,cpu         ] GC(27) User=0.00s Sys=0.00s Real=0.01s
[0.658s][info][gc,start       ] GC(28) Pause Young (Allocation Failure)
[0.678s][info][gc,heap        ] GC(28) PSYoungGen: 29184K(29184K)->19936K(32768K) Eden: 10752K(10752K)->0K(9728K) From: 18432K(18432K)->19936K(23040K)
[0.678s][info][gc,heap        ] GC(28) ParOldGen: 65353K(81408K)->74793K(81408K)
[0.678s][info][gc,metaspace   ] GC(28) Metaspace: 6302K(6464K)->6302K(6464K) NonClass: 5768K(5824K)->5768K(5824K) Class: 533K(640K)->533K(640K)
[0.678s][info][gc             ] GC(28) Pause Young (Allocation Failure) 92M->92M(111M) 20.828ms
[0.678s][info][gc,cpu         ] GC(28) User=0.03s Sys=0.00s Real=0.02s
[0.678s][info][gc,start       ] GC(29) Pause Full (Ergonomics)
[0.678s][info][gc,phases,start] GC(29) Marking Phase
[0.713s][info][gc,phases      ] GC(29) Marking Phase 34.882ms
[0.713s][info][gc,phases,start] GC(29) Summary Phase
[0.713s][info][gc,phases      ] GC(29) Summary Phase 0.019ms
[0.713s][info][gc,phases,start] GC(29) Adjust Roots
[0.714s][info][gc,phases      ] GC(29) Adjust Roots 0.208ms
[0.714s][info][gc,phases,start] GC(29) Compaction Phase
[0.741s][info][gc,phases      ] GC(29) Compaction Phase 27.369ms
[0.741s][info][gc,phases,start] GC(29) Post Compact
[0.741s][info][gc,phases      ] GC(29) Post Compact 0.322ms
[0.742s][info][gc,heap        ] GC(29) PSYoungGen: 19936K(32768K)->11149K(32768K) Eden: 0K(9728K)->0K(9728K) From: 19936K(23040K)->11149K(23040K)
[0.742s][info][gc,heap        ] GC(29) ParOldGen: 74793K(81408K)->81201K(104960K)
[0.742s][info][gc,metaspace   ] GC(29) Metaspace: 6302K(6464K)->6302K(6464K) NonClass: 5768K(5824K)->5768K(5824K) Class: 533K(640K)->533K(640K)
[0.742s][info][gc             ] GC(29) Pause Full (Ergonomics) 92M->90M(134M) 63.234ms
[0.742s][info][gc,cpu         ] GC(29) User=0.11s Sys=0.00s Real=0.06s
[0.751s][info][gc,start       ] GC(30) Pause Young (Allocation Failure)
[0.769s][info][gc,heap        ] GC(30) PSYoungGen: 20877K(32768K)->20928K(35840K) Eden: 9728K(9728K)->0K(9728K) From: 11149K(23040K)->20928K(26112K)
[0.770s][info][gc,heap        ] GC(30) ParOldGen: 81201K(104960K)->81201K(104960K)
[0.770s][info][gc,metaspace   ] GC(30) Metaspace: 6302K(6464K)->6302K(6464K) NonClass: 5768K(5824K)->5768K(5824K) Class: 533K(640K)->533K(640K)
[0.770s][info][gc             ] GC(30) Pause Young (Allocation Failure) 99M->99M(137M) 18.403ms
[0.770s][info][gc,cpu         ] GC(30) User=0.03s Sys=0.00s Real=0.02s
[0.778s][info][gc,start       ] GC(31) Pause Young (Allocation Failure)
[0.796s][info][gc,heap        ] GC(31) PSYoungGen: 30656K(35840K)->28672K(34816K) Eden: 9728K(9728K)->0K(6144K) From: 20928K(26112K)->28672K(28672K)
[0.796s][info][gc,heap        ] GC(31) ParOldGen: 81201K(104960K)->83169K(104960K)
[0.796s][info][gc,metaspace   ] GC(31) Metaspace: 6302K(6464K)->6302K(6464K) NonClass: 5768K(5824K)->5768K(5824K) Class: 533K(640K)->533K(640K)
[0.796s][info][gc             ] GC(31) Pause Young (Allocation Failure) 109M->109M(136M) 18.363ms
[0.796s][info][gc,cpu         ] GC(31) User=0.03s Sys=0.00s Real=0.02s
[0.802s][info][gc,start       ] GC(32) Pause Young (Allocation Failure)
[0.820s][info][gc,heap        ] GC(32) PSYoungGen: 34816K(34816K)->24352K(40448K) Eden: 6144K(6144K)->0K(6144K) From: 28672K(28672K)->24352K(34304K)
[0.820s][info][gc,heap        ] GC(32) ParOldGen: 83169K(104960K)->93801K(104960K)
[0.820s][info][gc,metaspace   ] GC(32) Metaspace: 6302K(6464K)->6302K(6464K) NonClass: 5768K(5824K)->5768K(5824K) Class: 533K(640K)->533K(640K)
[0.820s][info][gc             ] GC(32) Pause Young (Allocation Failure) 115M->115M(142M) 18.305ms
[0.820s][info][gc,cpu         ] GC(32) User=0.03s Sys=0.00s Real=0.02s
[0.820s][info][gc,start       ] GC(33) Pause Full (Ergonomics)
[0.820s][info][gc,phases,start] GC(33) Marking Phase
[0.863s][info][gc,phases      ] GC(33) Marking Phase 42.856ms
[0.863s][info][gc,phases,start] GC(33) Summary Phase
[0.863s][info][gc,phases      ] GC(33) Summary Phase 0.019ms
[0.863s][info][gc,phases,start] GC(33) Adjust Roots
[0.864s][info][gc,phases      ] GC(33) Adjust Roots 0.205ms
[0.864s][info][gc,phases,start] GC(33) Compaction Phase
[0.889s][info][gc,phases      ] GC(33) Compaction Phase 25.523ms
[0.889s][info][gc,phases,start] GC(33) Post Compact
[0.890s][info][gc,phases      ] GC(33) Post Compact 0.565ms
[0.890s][info][gc,heap        ] GC(33) PSYoungGen: 24352K(40448K)->13027K(40448K) Eden: 0K(6144K)->0K(6144K) From: 24352K(34304K)->13027K(34304K)
[0.890s][info][gc,heap        ] GC(33) ParOldGen: 93801K(104960K)->104831K(131584K)
[0.890s][info][gc,metaspace   ] GC(33) Metaspace: 6302K(6464K)->6302K(6464K) NonClass: 5768K(5824K)->5768K(5824K) Class: 533K(640K)->533K(640K)
[0.890s][info][gc             ] GC(33) Pause Full (Ergonomics) 115M->115M(168M) 69.625ms
[0.890s][info][gc,cpu         ] GC(33) User=0.11s Sys=0.02s Real=0.07s
[0.896s][info][gc,start       ] GC(34) Pause Young (Allocation Failure)
[0.917s][info][gc,heap        ] GC(34) PSYoungGen: 19171K(40448K)->9920K(40960K) Eden: 6144K(6144K)->0K(7680K) From: 13027K(34304K)->9920K(33280K)
[0.917s][info][gc,heap        ] GC(34) ParOldGen: 104831K(131584K)->114279K(131584K)
[0.917s][info][gc,metaspace   ] GC(34) Metaspace: 6302K(6464K)->6302K(6464K) NonClass: 5768K(5824K)->5768K(5824K) Class: 533K(640K)->533K(640K)
[0.917s][info][gc             ] GC(34) Pause Young (Allocation Failure) 121M->121M(168M) 20.801ms
[0.917s][info][gc,cpu         ] GC(34) User=0.02s Sys=0.00s Real=0.02s
[0.925s][info][gc,start       ] GC(35) Pause Young (Allocation Failure)
[0.936s][info][gc,heap        ] GC(35) PSYoungGen: 17600K(40960K)->13824K(21504K) Eden: 7680K(7680K)->0K(7680K) From: 9920K(33280K)->13824K(13824K)
[0.937s][info][gc,heap        ] GC(35) ParOldGen: 114279K(131584K)->118087K(131584K)
[0.937s][info][gc,metaspace   ] GC(35) Metaspace: 6302K(6464K)->6302K(6464K) NonClass: 5768K(5824K)->5768K(5824K) Class: 533K(640K)->533K(640K)
[0.937s][info][gc             ] GC(35) Pause Young (Allocation Failure) 128M->128M(149M) 11.258ms
[0.937s][info][gc,cpu         ] GC(35) User=0.02s Sys=0.00s Real=0.01s
[0.944s][info][gc,start       ] GC(36) Pause Young (Allocation Failure)
[0.957s][info][gc,heap        ] GC(36) PSYoungGen: 21504K(21504K)->15360K(38912K) Eden: 7680K(7680K)->0K(9216K) From: 13824K(13824K)->15360K(29696K)
[0.957s][info][gc,heap        ] GC(36) ParOldGen: 118087K(131584K)->124303K(131584K)
[0.957s][info][gc,metaspace   ] GC(36) Metaspace: 6302K(6464K)->6302K(6464K) NonClass: 5768K(5824K)->5768K(5824K) Class: 533K(640K)->533K(640K)
[0.957s][info][gc             ] GC(36) Pause Young (Allocation Failure) 136M->136M(166M) 13.484ms
[0.957s][info][gc,cpu         ] GC(36) User=0.02s Sys=0.00s Real=0.01s
[0.958s][info][gc,start       ] GC(37) Pause Full (Ergonomics)
[0.958s][info][gc,phases,start] GC(37) Marking Phase
[1.008s][info][gc,phases      ] GC(37) Marking Phase 50.615ms
[1.008s][info][gc,phases,start] GC(37) Summary Phase
[1.008s][info][gc,phases      ] GC(37) Summary Phase 0.019ms
[1.008s][info][gc,phases,start] GC(37) Adjust Roots
[1.008s][info][gc,phases      ] GC(37) Adjust Roots 0.185ms
[1.008s][info][gc,phases,start] GC(37) Compaction Phase
[1.037s][info][gc,phases      ] GC(37) Compaction Phase 28.943ms
[1.038s][info][gc,phases,start] GC(37) Post Compact
[1.038s][info][gc,phases      ] GC(37) Post Compact 0.885ms
[1.039s][info][gc,heap        ] GC(37) PSYoungGen: 15360K(38912K)->8138K(40448K) Eden: 0K(9216K)->0K(10752K) From: 15360K(29696K)->8138K(29696K)
[1.039s][info][gc,heap        ] GC(37) ParOldGen: 124303K(131584K)->131127K(160256K)
[1.039s][info][gc,metaspace   ] GC(37) Metaspace: 6302K(6464K)->6302K(6464K) NonClass: 5768K(5824K)->5768K(5824K) Class: 533K(640K)->533K(640K)
[1.039s][info][gc             ] GC(37) Pause Full (Ergonomics) 136M->136M(196M) 81.174ms
[1.039s][info][gc,cpu         ] GC(37) User=0.14s Sys=0.00s Real=0.08s
[1.049s][info][gc,start       ] GC(38) Pause Young (Allocation Failure)
[1.072s][info][gc,heap        ] GC(38) PSYoungGen: 18890K(40448K)->10784K(41984K) Eden: 10752K(10752K)->0K(10752K) From: 8138K(29696K)->10784K(31232K)
[1.072s][info][gc,heap        ] GC(38) ParOldGen: 131127K(160256K)->139399K(160256K)
[1.072s][info][gc,metaspace   ] GC(38) Metaspace: 6302K(6464K)->6302K(6464K) NonClass: 5768K(5824K)->5768K(5824K) Class: 533K(640K)->533K(640K)
[1.072s][info][gc             ] GC(38) Pause Young (Allocation Failure) 146M->146M(197M) 22.599ms
[1.072s][info][gc,cpu         ] GC(38) User=0.03s Sys=0.00s Real=0.02s
[1.082s][info][gc,start       ] GC(39) Pause Young (Allocation Failure)
[1.096s][info][gc,heap        ] GC(39) PSYoungGen: 21536K(41984K)->21504K(41472K) Eden: 10752K(10752K)->0K(11264K) From: 10784K(31232K)->21504K(30208K)
[1.096s][info][gc,heap        ] GC(39) ParOldGen: 139399K(160256K)->139399K(160256K)
[1.096s][info][gc,metaspace   ] GC(39) Metaspace: 6302K(6464K)->6302K(6464K) NonClass: 5768K(5824K)->5768K(5824K) Class: 533K(640K)->533K(640K)
[1.096s][info][gc             ] GC(39) Pause Young (Allocation Failure) 157M->157M(197M) 13.640ms
[1.096s][info][gc,cpu         ] GC(39) User=0.02s Sys=0.00s Real=0.01s
[1.106s][info][gc,start       ] GC(40) Pause Young (Allocation Failure)
[1.128s][info][gc,heap        ] GC(40) PSYoungGen: 32768K(41472K)->22016K(43008K) Eden: 11264K(11264K)->0K(11264K) From: 21504K(30208K)->22016K(31744K)
[1.128s][info][gc,heap        ] GC(40) ParOldGen: 139399K(160256K)->150295K(160256K)
[1.128s][info][gc,metaspace   ] GC(40) Metaspace: 6302K(6464K)->6302K(6464K) NonClass: 5768K(5824K)->5768K(5824K) Class: 533K(640K)->533K(640K)
[1.128s][info][gc             ] GC(40) Pause Young (Allocation Failure) 168M->168M(198M) 21.801ms
[1.128s][info][gc,cpu         ] GC(40) User=0.03s Sys=0.00s Real=0.02s
[1.128s][info][gc,start       ] GC(41) Pause Full (Ergonomics)
[1.128s][info][gc,phases,start] GC(41) Marking Phase
[1.193s][info][gc,phases      ] GC(41) Marking Phase 65.014ms
[1.193s][info][gc,phases,start] GC(41) Summary Phase
[1.193s][info][gc,phases      ] GC(41) Summary Phase 0.028ms
[1.193s][info][gc,phases,start] GC(41) Adjust Roots
[1.194s][info][gc,phases      ] GC(41) Adjust Roots 0.195ms
[1.194s][info][gc,phases,start] GC(41) Compaction Phase
[1.228s][info][gc,phases      ] GC(41) Compaction Phase 34.345ms
[1.228s][info][gc,phases,start] GC(41) Post Compact
[1.229s][info][gc,phases      ] GC(41) Post Compact 0.836ms
[1.229s][info][gc,heap        ] GC(41) PSYoungGen: 22016K(43008K)->11728K(43008K) Eden: 0K(11264K)->0K(11264K) From: 22016K(31744K)->11728K(31744K)
[1.229s][info][gc,heap        ] GC(41) ParOldGen: 150295K(160256K)->160209K(193024K)
[1.229s][info][gc,metaspace   ] GC(41) Metaspace: 6302K(6464K)->6302K(6464K) NonClass: 5768K(5824K)->5768K(5824K) Class: 533K(640K)->533K(640K)
[1.229s][info][gc             ] GC(41) Pause Full (Ergonomics) 168M->167M(230M) 100.943ms
[1.229s][info][gc,cpu         ] GC(41) User=0.17s Sys=0.02s Real=0.10s
[1.267s][info][gc,start       ] GC(42) Pause Young (Allocation Failure)
[1.295s][info][gc,heap        ] GC(42) PSYoungGen: 22992K(43008K)->16800K(44032K) Eden: 11264K(11264K)->0K(13312K) From: 11728K(31744K)->16800K(30720K)
[1.295s][info][gc,heap        ] GC(42) ParOldGen: 168401K(193024K)->174745K(193024K)
[1.295s][info][gc,metaspace   ] GC(42) Metaspace: 6302K(6464K)->6302K(6464K) NonClass: 5768K(5824K)->5768K(5824K) Class: 533K(640K)->533K(640K)
[1.295s][info][gc             ] GC(42) Pause Young (Allocation Failure) 186M->187M(231M) 28.178ms
[1.295s][info][gc,cpu         ] GC(42) User=0.05s Sys=0.00s Real=0.03s
[1.307s][info][gc,start       ] GC(43) Pause Young (Allocation Failure)
[1.326s][info][gc,heap        ] GC(43) PSYoungGen: 30112K(44032K)->30080K(45056K) Eden: 13312K(13312K)->0K(13312K) From: 16800K(30720K)->30080K(31744K)
[1.326s][info][gc,heap        ] GC(43) ParOldGen: 174745K(193024K)->174745K(193024K)
[1.326s][info][gc,metaspace   ] GC(43) Metaspace: 6302K(6464K)->6302K(6464K) NonClass: 5768K(5824K)->5768K(5824K) Class: 533K(640K)->533K(640K)
[1.326s][info][gc             ] GC(43) Pause Young (Allocation Failure) 200M->200M(232M) 18.974ms
[1.326s][info][gc,cpu         ] GC(43) User=0.03s Sys=0.00s Real=0.02s
[1.338s][info][gc,start       ] GC(44) Pause Young (Allocation Failure)
[1.366s][info][gc,heap        ] GC(44) PSYoungGen: 43392K(45056K)->35328K(42496K) Eden: 13312K(13312K)->0K(7168K) From: 30080K(31744K)->35328K(35328K)
[1.366s][info][gc,heap        ] GC(44) ParOldGen: 174745K(193024K)->182897K(193024K)
[1.366s][info][gc,metaspace   ] GC(44) Metaspace: 6302K(6464K)->6302K(6464K) NonClass: 5768K(5824K)->5768K(5824K) Class: 533K(640K)->533K(640K)
[1.366s][info][gc             ] GC(44) Pause Young (Allocation Failure) 213M->213M(230M) 27.756ms
[1.366s][info][gc,cpu         ] GC(44) User=0.03s Sys=0.00s Real=0.03s
[1.366s][info][gc,start       ] GC(45) Pause Full (Ergonomics)
[1.366s][info][gc,phases,start] GC(45) Marking Phase
[1.446s][info][gc,phases      ] GC(45) Marking Phase 79.299ms
[1.446s][info][gc,phases,start] GC(45) Summary Phase
[1.446s][info][gc,phases      ] GC(45) Summary Phase 0.021ms
[1.446s][info][gc,phases,start] GC(45) Adjust Roots
[1.446s][info][gc,phases      ] GC(45) Adjust Roots 0.207ms
[1.446s][info][gc,phases,start] GC(45) Compaction Phase
[1.499s][info][gc,phases      ] GC(45) Compaction Phase 52.852ms
[1.499s][info][gc,phases,start] GC(45) Post Compact
[1.500s][info][gc,phases      ] GC(45) Post Compact 1.041ms
[1.500s][info][gc,heap        ] GC(45) PSYoungGen: 35328K(42496K)->20951K(42496K) Eden: 0K(7168K)->0K(7168K) From: 35328K(35328K)->20951K(35328K)
[1.500s][info][gc,heap        ] GC(45) ParOldGen: 182897K(193024K)->192866K(227328K)
[1.500s][info][gc,metaspace   ] GC(45) Metaspace: 6302K(6464K)->6302K(6464K) NonClass: 5768K(5824K)->5768K(5824K) Class: 533K(640K)->533K(640K)
[1.500s][info][gc             ] GC(45) Pause Full (Ergonomics) 213M->208M(263M) 133.993ms
[1.500s][info][gc,cpu         ] GC(45) User=0.23s Sys=0.00s Real=0.13s
[1.509s][info][gc,start       ] GC(46) Pause Young (Allocation Failure)
[1.541s][info][gc,heap        ] GC(46) PSYoungGen: 28119K(42496K)->14368K(22016K) Eden: 7168K(7168K)->0K(7168K) From: 20951K(35328K)->14368K(14848K)
[1.541s][info][gc,heap        ] GC(46) ParOldGen: 192866K(227328K)->206866K(227328K)
[1.541s][info][gc,metaspace   ] GC(46) Metaspace: 6302K(6464K)->6302K(6464K) NonClass: 5768K(5824K)->5768K(5824K) Class: 533K(640K)->533K(640K)
[1.541s][info][gc             ] GC(46) Pause Young (Allocation Failure) 215M->216M(243M) 32.384ms
[1.541s][info][gc,cpu         ] GC(46) User=0.06s Sys=0.00s Real=0.03s
[1.549s][info][gc,start       ] GC(47) Pause Young (Allocation Failure)
[1.564s][info][gc,heap        ] GC(47) PSYoungGen: 21536K(22016K)->21504K(47104K) Eden: 7168K(7168K)->0K(8192K) From: 14368K(14848K)->21504K(38912K)
[1.564s][info][gc,heap        ] GC(47) ParOldGen: 206866K(227328K)->206866K(227328K)
[1.564s][info][gc,metaspace   ] GC(47) Metaspace: 6302K(6464K)->6302K(6464K) NonClass: 5768K(5824K)->5768K(5824K) Class: 533K(640K)->533K(640K)
[1.564s][info][gc             ] GC(47) Pause Young (Allocation Failure) 223M->223M(268M) 14.696ms
[1.564s][info][gc,cpu         ] GC(47) User=0.02s Sys=0.00s Real=0.02s
[1.573s][info][gc,start       ] GC(48) Pause Young (Allocation Failure)
[1.592s][info][gc,heap        ] GC(48) PSYoungGen: 29696K(47104K)->22496K(48640K) Eden: 8192K(8192K)->0K(8192K) From: 21504K(38912K)->22496K(40448K)
[1.592s][info][gc,heap        ] GC(48) ParOldGen: 206866K(227328K)->214154K(227328K)
[1.592s][info][gc,metaspace   ] GC(48) Metaspace: 6302K(6464K)->6302K(6464K) NonClass: 5768K(5824K)->5768K(5824K) Class: 533K(640K)->533K(640K)
[1.592s][info][gc             ] GC(48) Pause Young (Allocation Failure) 231M->231M(269M) 18.989ms
[1.592s][info][gc,cpu         ] GC(48) User=0.03s Sys=0.00s Real=0.02s
[1.592s][info][gc,start       ] GC(49) Pause Full (Ergonomics)
[1.592s][info][gc,phases,start] GC(49) Marking Phase
[1.680s][info][gc,phases      ] GC(49) Marking Phase 87.987ms
[1.680s][info][gc,phases,start] GC(49) Summary Phase
[1.680s][info][gc,phases      ] GC(49) Summary Phase 0.022ms
[1.680s][info][gc,phases,start] GC(49) Adjust Roots
[1.680s][info][gc,phases      ] GC(49) Adjust Roots 0.188ms
[1.680s][info][gc,phases,start] GC(49) Compaction Phase
[1.724s][info][gc,phases      ] GC(49) Compaction Phase 43.525ms
[1.724s][info][gc,phases,start] GC(49) Post Compact
[1.725s][info][gc,phases      ] GC(49) Post Compact 1.176ms
[1.725s][info][gc,heap        ] GC(49) PSYoungGen: 22496K(48640K)->9143K(48640K) Eden: 0K(8192K)->0K(8192K) From: 22496K(40448K)->9143K(40448K)
[1.725s][info][gc,heap        ] GC(49) ParOldGen: 214154K(227328K)->227103K(265728K)
[1.725s][info][gc,metaspace   ] GC(49) Metaspace: 6302K(6464K)->6302K(6464K) NonClass: 5768K(5824K)->5768K(5824K) Class: 533K(640K)->533K(640K)
[1.725s][info][gc             ] GC(49) Pause Full (Ergonomics) 231M->230M(307M) 133.492ms
[1.725s][info][gc,cpu         ] GC(49) User=0.23s Sys=0.00s Real=0.13s
[1.734s][info][gc,start       ] GC(50) Pause Young (Allocation Failure)
[1.762s][info][gc,heap        ] GC(50) PSYoungGen: 17335K(48640K)->13728K(46592K) Eden: 8192K(8192K)->0K(9216K) From: 9143K(40448K)->13728K(37376K)
[1.762s][info][gc,heap        ] GC(50) ParOldGen: 227103K(265728K)->230799K(265728K)
[1.762s][info][gc,metaspace   ] GC(50) Metaspace: 6302K(6464K)->6302K(6464K) NonClass: 5768K(5824K)->5768K(5824K) Class: 533K(640K)->533K(640K)
[1.762s][info][gc             ] GC(50) Pause Young (Allocation Failure) 238M->238M(305M) 27.607ms
[1.762s][info][gc,cpu         ] GC(50) User=0.05s Sys=0.00s Real=0.03s
[1.771s][info][gc,start       ] GC(51) Pause Young (Allocation Failure)
[1.786s][info][gc,heap        ] GC(51) PSYoungGen: 22944K(46592K)->22944K(48128K) Eden: 9216K(9216K)->0K(9216K) From: 13728K(37376K)->22944K(38912K)
[1.786s][info][gc,heap        ] GC(51) ParOldGen: 230799K(265728K)->230799K(265728K)
[1.786s][info][gc,metaspace   ] GC(51) Metaspace: 6302K(6464K)->6302K(6464K) NonClass: 5768K(5824K)->5768K(5824K) Class: 533K(640K)->533K(640K)
[1.786s][info][gc             ] GC(51) Pause Young (Allocation Failure) 247M->247M(306M) 14.756ms
[1.786s][info][gc,cpu         ] GC(51) User=0.02s Sys=0.00s Real=0.02s
[1.796s][info][gc,start       ] GC(52) Pause Young (Allocation Failure)
[1.815s][info][gc,heap        ] GC(52) PSYoungGen: 32160K(48128K)->30112K(47104K) Eden: 9216K(9216K)->0K(8704K) From: 22944K(38912K)->30112K(38400K)
[1.815s][info][gc,heap        ] GC(52) ParOldGen: 230799K(265728K)->232831K(265728K)
[1.815s][info][gc,metaspace   ] GC(52) Metaspace: 6302K(6464K)->6302K(6464K) NonClass: 5768K(5824K)->5768K(5824K) Class: 533K(640K)->533K(640K)
[1.815s][info][gc             ] GC(52) Pause Young (Allocation Failure) 256M->256M(305M) 19.410ms
[1.815s][info][gc,cpu         ] GC(52) User=0.03s Sys=0.00s Real=0.02s
[1.824s][info][gc,start       ] GC(53) Pause Young (Allocation Failure)
[1.847s][info][gc,heap        ] GC(53) PSYoungGen: 38816K(47104K)->35328K(49152K) Eden: 8704K(8704K)->0K(8704K) From: 30112K(38400K)->35328K(40448K)
[1.847s][info][gc,heap        ] GC(53) ParOldGen: 232831K(265728K)->236415K(265728K)
[1.847s][info][gc,metaspace   ] GC(53) Metaspace: 6302K(6464K)->6302K(6464K) NonClass: 5768K(5824K)->5768K(5824K) Class: 533K(640K)->533K(640K)
[1.847s][info][gc             ] GC(53) Pause Young (Allocation Failure) 265M->265M(307M) 22.839ms
[1.847s][info][gc,cpu         ] GC(53) User=0.02s Sys=0.00s Real=0.02s
[1.856s][info][gc,start       ] GC(54) Pause Young (Allocation Failure)
[1.883s][info][gc,heap        ] GC(54) PSYoungGen: 44032K(49152K)->26624K(54272K) Eden: 8704K(8704K)->0K(10752K) From: 35328K(40448K)->26624K(43520K)
[1.883s][info][gc,heap        ] GC(54) ParOldGen: 236415K(265728K)->254031K(265728K)
[1.883s][info][gc,metaspace   ] GC(54) Metaspace: 6302K(6464K)->6302K(6464K) NonClass: 5768K(5824K)->5768K(5824K) Class: 533K(640K)->533K(640K)
[1.883s][info][gc             ] GC(54) Pause Young (Allocation Failure) 273M->274M(312M) 27.399ms
[1.883s][info][gc,cpu         ] GC(54) User=0.02s Sys=0.02s Real=0.03s
[1.884s][info][gc,start       ] GC(55) Pause Full (Ergonomics)
[1.884s][info][gc,phases,start] GC(55) Marking Phase
[1.988s][info][gc,phases      ] GC(55) Marking Phase 104.522ms
[1.988s][info][gc,phases,start] GC(55) Summary Phase
[1.988s][info][gc,phases      ] GC(55) Summary Phase 0.042ms
[1.988s][info][gc,phases,start] GC(55) Adjust Roots
[1.988s][info][gc,phases      ] GC(55) Adjust Roots 0.238ms
[1.988s][info][gc,phases,start] GC(55) Compaction Phase
[2.039s][info][gc,phases      ] GC(55) Compaction Phase 50.238ms
[2.039s][info][gc,phases,start] GC(55) Post Compact
[2.040s][info][gc,phases      ] GC(55) Post Compact 1.429ms
[2.041s][info][gc,heap        ] GC(55) PSYoungGen: 26624K(54272K)->14776K(54272K) Eden: 0K(10752K)->0K(10752K) From: 26624K(43520K)->14776K(43520K)
[2.041s][info][gc,heap        ] GC(55) ParOldGen: 254031K(265728K)->265341K(308224K)
[2.041s][info][gc,metaspace   ] GC(55) Metaspace: 6302K(6464K)->6302K(6464K) NonClass: 5768K(5824K)->5768K(5824K) Class: 533K(640K)->533K(640K)
[2.041s][info][gc             ] GC(55) Pause Full (Ergonomics) 274M->273M(354M) 157.115ms
[2.041s][info][gc,cpu         ] GC(55) User=0.27s Sys=0.05s Real=0.16s
[2.054s][info][gc,start       ] GC(56) Pause Young (Allocation Failure)
[2.091s][info][gc,heap        ] GC(56) PSYoungGen: 25528K(54272K)->15872K(54272K) Eden: 10752K(10752K)->0K(10752K) From: 14776K(43520K)->15872K(43520K)
[2.091s][info][gc,heap        ] GC(56) ParOldGen: 265341K(308224K)->275189K(308224K)
[2.091s][info][gc,metaspace   ] GC(56) Metaspace: 6302K(6464K)->6302K(6464K) NonClass: 5768K(5824K)->5768K(5824K) Class: 533K(640K)->533K(640K)
[2.091s][info][gc             ] GC(56) Pause Young (Allocation Failure) 284M->284M(354M) 36.525ms
[2.091s][info][gc,cpu         ] GC(56) User=0.06s Sys=0.00s Real=0.04s
[2.102s][info][gc,start       ] GC(57) Pause Young (Allocation Failure)
[2.121s][info][gc,heap        ] GC(57) PSYoungGen: 26624K(54272K)->21536K(50688K) Eden: 10752K(10752K)->0K(12288K) From: 15872K(43520K)->21536K(38400K)
[2.121s][info][gc,heap        ] GC(57) ParOldGen: 275189K(308224K)->280357K(308224K)
[2.121s][info][gc,metaspace   ] GC(57) Metaspace: 6302K(6464K)->6302K(6464K) NonClass: 5768K(5824K)->5768K(5824K) Class: 533K(640K)->533K(640K)
[2.121s][info][gc             ] GC(57) Pause Young (Allocation Failure) 294M->294M(350M) 19.512ms
[2.121s][info][gc,cpu         ] GC(57) User=0.02s Sys=0.02s Real=0.02s
[2.136s][info][gc,start       ] GC(58) Pause Young (Allocation Failure)
[2.160s][info][gc,heap        ] GC(58) PSYoungGen: 33824K(50688K)->23040K(52736K) Eden: 12288K(12288K)->0K(12288K) From: 21536K(38400K)->23040K(40448K)
[2.160s][info][gc,heap        ] GC(58) ParOldGen: 280357K(308224K)->291253K(308224K)
[2.160s][info][gc,metaspace   ] GC(58) Metaspace: 6302K(6464K)->6302K(6464K) NonClass: 5768K(5824K)->5768K(5824K) Class: 533K(640K)->533K(640K)
[2.160s][info][gc             ] GC(58) Pause Young (Allocation Failure) 306M->306M(352M) 23.229ms
[2.160s][info][gc,cpu         ] GC(58) User=0.03s Sys=0.00s Real=0.02s
[2.160s][info][gc,start       ] GC(59) Pause Full (Ergonomics)
[2.160s][info][gc,phases,start] GC(59) Marking Phase
[2.276s][info][gc,phases      ] GC(59) Marking Phase 116.508ms
[2.276s][info][gc,phases,start] GC(59) Summary Phase
[2.276s][info][gc,phases      ] GC(59) Summary Phase 0.023ms
[2.276s][info][gc,phases,start] GC(59) Adjust Roots
[2.277s][info][gc,phases      ] GC(59) Adjust Roots 0.195ms
[2.277s][info][gc,phases,start] GC(59) Compaction Phase
[2.331s][info][gc,phases      ] GC(59) Compaction Phase 54.038ms
[2.331s][info][gc,phases,start] GC(59) Post Compact
[2.332s][info][gc,phases      ] GC(59) Post Compact 1.784ms
[2.333s][info][gc,heap        ] GC(59) PSYoungGen: 23040K(52736K)->5606K(52736K) Eden: 0K(12288K)->0K(12288K) From: 23040K(40448K)->5606K(40448K)
[2.333s][info][gc,heap        ] GC(59) ParOldGen: 291253K(308224K)->308215K(354304K)
[2.333s][info][gc,metaspace   ] GC(59) Metaspace: 6302K(6464K)->6302K(6464K) NonClass: 5768K(5824K)->5768K(5824K) Class: 533K(640K)->533K(640K)
[2.333s][info][gc             ] GC(59) Pause Full (Ergonomics) 306M->306M(397M) 173.133ms
[2.333s][info][gc,cpu         ] GC(59) User=0.31s Sys=0.00s Real=0.17s
[2.346s][info][gc,start       ] GC(60) Pause Young (Allocation Failure)
[2.381s][info][gc,heap        ] GC(60) PSYoungGen: 17894K(52736K)->15776K(51200K) Eden: 12288K(12288K)->0K(13824K) From: 5606K(40448K)->15776K(37376K)
[2.381s][info][gc,heap        ] GC(60) ParOldGen: 308215K(354304K)->310407K(354304K)
[2.381s][info][gc,metaspace   ] GC(60) Metaspace: 6302K(6464K)->6302K(6464K) NonClass: 5768K(5824K)->5768K(5824K) Class: 533K(640K)->533K(640K)
[2.381s][info][gc             ] GC(60) Pause Young (Allocation Failure) 318M->318M(396M) 35.027ms
[2.381s][info][gc,cpu         ] GC(60) User=0.06s Sys=0.00s Real=0.04s
[2.396s][info][gc,start       ] GC(61) Pause Young (Allocation Failure)
[2.416s][info][gc,heap        ] GC(61) PSYoungGen: 29600K(51200K)->29600K(52224K) Eden: 13824K(13824K)->0K(13824K) From: 15776K(37376K)->29600K(38400K)
[2.416s][info][gc,heap        ] GC(61) ParOldGen: 310407K(354304K)->310407K(354304K)
[2.416s][info][gc,metaspace   ] GC(61) Metaspace: 6302K(6464K)->6302K(6464K) NonClass: 5768K(5824K)->5768K(5824K) Class: 533K(640K)->533K(640K)
[2.416s][info][gc             ] GC(61) Pause Young (Allocation Failure) 332M->332M(397M) 20.266ms
[2.416s][info][gc,cpu         ] GC(61) User=0.03s Sys=0.00s Real=0.02s
[2.482s][info][gc,start       ] GC(62) Pause Young (Allocation Failure)
[2.525s][info][gc,heap        ] GC(62) PSYoungGen: 43424K(52224K)->39936K(49152K) Eden: 13824K(13824K)->0K(9216K) From: 29600K(38400K)->39936K(39936K)
[2.526s][info][gc,heap        ] GC(62) ParOldGen: 326791K(354304K)->330287K(354304K)
[2.526s][info][gc,metaspace   ] GC(62) Metaspace: 6302K(6464K)->6302K(6464K) NonClass: 5768K(5824K)->5768K(5824K) Class: 533K(640K)->533K(640K)
[2.526s][info][gc             ] GC(62) Pause Young (Allocation Failure) 361M->361M(394M) 43.456ms
[2.526s][info][gc,cpu         ] GC(62) User=0.06s Sys=0.00s Real=0.04s
[2.534s][info][gc,start       ] GC(63) Pause Young (Allocation Failure)
[2.564s][info][gc,heap        ] GC(63) PSYoungGen: 49152K(49152K)->33792K(55296K) Eden: 9216K(9216K)->0K(9216K) From: 39936K(39936K)->33792K(46080K)
[2.564s][info][gc,heap        ] GC(63) ParOldGen: 330287K(354304K)->345895K(354304K)
[2.564s][info][gc,metaspace   ] GC(63) Metaspace: 6302K(6464K)->6302K(6464K) NonClass: 5768K(5824K)->5768K(5824K) Class: 533K(640K)->533K(640K)
[2.564s][info][gc             ] GC(63) Pause Young (Allocation Failure) 370M->370M(400M) 29.681ms
[2.564s][info][gc,cpu         ] GC(63) User=0.03s Sys=0.00s Real=0.03s
[2.564s][info][gc,start       ] GC(64) Pause Full (Ergonomics)
[2.564s][info][gc,phases,start] GC(64) Marking Phase
[2.703s][info][gc,phases      ] GC(64) Marking Phase 139.154ms
[2.703s][info][gc,phases,start] GC(64) Summary Phase
[2.703s][info][gc,phases      ] GC(64) Summary Phase 0.019ms
[2.703s][info][gc,phases,start] GC(64) Adjust Roots
[2.703s][info][gc,phases      ] GC(64) Adjust Roots 0.249ms
[2.703s][info][gc,phases,start] GC(64) Compaction Phase
[2.788s][info][gc,phases      ] GC(64) Compaction Phase 84.170ms
[2.788s][info][gc,phases,start] GC(64) Post Compact
[2.789s][info][gc,phases      ] GC(64) Post Compact 1.785ms
[2.790s][info][gc,heap        ] GC(64) PSYoungGen: 33792K(55296K)->16819K(55296K) Eden: 0K(9216K)->0K(9216K) From: 33792K(46080K)->16819K(46080K)
[2.790s][info][gc,heap        ] GC(64) ParOldGen: 345895K(354304K)->354217K(404992K)
[2.790s][info][gc,metaspace   ] GC(64) Metaspace: 6302K(6464K)->6302K(6464K) NonClass: 5768K(5824K)->5768K(5824K) Class: 533K(640K)->533K(640K)
[2.790s][info][gc             ] GC(64) Pause Full (Ergonomics) 370M->362M(449M) 225.912ms
[2.790s][info][gc,cpu         ] GC(64) User=0.39s Sys=0.00s Real=0.23s
[2.800s][info][gc,start       ] GC(65) Pause Young (Allocation Failure)
[2.839s][info][gc,heap        ] GC(65) PSYoungGen: 26035K(55296K)->20992K(54272K) Eden: 9216K(9216K)->0K(10240K) From: 16819K(46080K)->20992K(44032K)
[2.839s][info][gc,heap        ] GC(65) ParOldGen: 354217K(404992K)->359377K(404992K)
[2.839s][info][gc,metaspace   ] GC(65) Metaspace: 6302K(6464K)->6302K(6464K) NonClass: 5768K(5824K)->5768K(5824K) Class: 533K(640K)->533K(640K)
[2.839s][info][gc             ] GC(65) Pause Young (Allocation Failure) 371M->371M(448M) 38.801ms
[2.839s][info][gc,cpu         ] GC(65) User=0.06s Sys=0.00s Real=0.04s
[2.849s][info][gc,start       ] GC(66) Pause Young (Allocation Failure)
[2.867s][info][gc,heap        ] GC(66) PSYoungGen: 31232K(54272K)->31232K(56320K) Eden: 10240K(10240K)->0K(10240K) From: 20992K(44032K)->31232K(46080K)
[2.867s][info][gc,heap        ] GC(66) ParOldGen: 359377K(404992K)->359377K(404992K)
[2.867s][info][gc,metaspace   ] GC(66) Metaspace: 6302K(6464K)->6302K(6464K) NonClass: 5768K(5824K)->5768K(5824K) Class: 533K(640K)->533K(640K)
[2.867s][info][gc             ] GC(66) Pause Young (Allocation Failure) 381M->381M(450M) 18.156ms
[2.867s][info][gc,cpu         ] GC(66) User=0.03s Sys=0.00s Real=0.02s
[2.876s][info][gc,start       ] GC(67) Pause Young (Allocation Failure)
[2.899s][info][gc,heap        ] GC(67) PSYoungGen: 41472K(56320K)->34560K(56320K) Eden: 10240K(10240K)->0K(10240K) From: 31232K(46080K)->34560K(46080K)
[2.899s][info][gc,heap        ] GC(67) ParOldGen: 359377K(404992K)->366361K(404992K)
[2.899s][info][gc,metaspace   ] GC(67) Metaspace: 6302K(6464K)->6302K(6464K) NonClass: 5768K(5824K)->5768K(5824K) Class: 533K(640K)->533K(640K)
[2.899s][info][gc             ] GC(67) Pause Young (Allocation Failure) 391M->391M(450M) 23.284ms
[2.899s][info][gc,cpu         ] GC(67) User=0.03s Sys=0.00s Real=0.02s
[2.910s][info][gc,start       ] GC(68) Pause Young (Allocation Failure)
[2.936s][info][gc,heap        ] GC(68) PSYoungGen: 44800K(56320K)->39936K(57856K) Eden: 10240K(10240K)->0K(10240K) From: 34560K(46080K)->39936K(47616K)
[2.936s][info][gc,heap        ] GC(68) ParOldGen: 366361K(404992K)->371321K(404992K)
[2.936s][info][gc,metaspace   ] GC(68) Metaspace: 6302K(6464K)->6302K(6464K) NonClass: 5768K(5824K)->5768K(5824K) Class: 533K(640K)->533K(640K)
[2.936s][info][gc             ] GC(68) Pause Young (Allocation Failure) 401M->401M(452M) 25.711ms
[2.936s][info][gc,cpu         ] GC(68) User=0.03s Sys=0.00s Real=0.02s
[2.945s][info][gc,start       ] GC(69) Pause Young (Allocation Failure)
[2.976s][info][gc,heap        ] GC(69) PSYoungGen: 50176K(57856K)->30720K(60416K) Eden: 10240K(10240K)->0K(12288K) From: 39936K(47616K)->30720K(48128K)
[2.976s][info][gc,heap        ] GC(69) ParOldGen: 371321K(404992K)->391033K(404992K)
[2.976s][info][gc,metaspace   ] GC(69) Metaspace: 6302K(6464K)->6302K(6464K) NonClass: 5768K(5824K)->5768K(5824K) Class: 533K(640K)->533K(640K)
[2.976s][info][gc             ] GC(69) Pause Young (Allocation Failure) 411M->411M(454M) 30.988ms
[2.976s][info][gc,cpu         ] GC(69) User=0.06s Sys=0.00s Real=0.03s
[2.976s][info][gc,start       ] GC(70) Pause Full (Ergonomics)
[2.976s][info][gc,phases,start] GC(70) Marking Phase
[3.132s][info][gc,phases      ] GC(70) Marking Phase 155.578ms
[3.132s][info][gc,phases,start] GC(70) Summary Phase
[3.132s][info][gc,phases      ] GC(70) Summary Phase 0.023ms
[3.132s][info][gc,phases,start] GC(70) Adjust Roots
[3.132s][info][gc,phases      ] GC(70) Adjust Roots 0.188ms
[3.132s][info][gc,phases,start] GC(70) Compaction Phase
[3.204s][info][gc,phases      ] GC(70) Compaction Phase 71.493ms
[3.204s][info][gc,phases,start] GC(70) Post Compact
[3.206s][info][gc,phases      ] GC(70) Post Compact 2.064ms
[3.206s][info][gc,heap        ] GC(70) PSYoungGen: 30720K(60416K)->16324K(61440K) Eden: 0K(12288K)->0K(13312K) From: 30720K(48128K)->16324K(48128K)
[3.206s][info][gc,heap        ] GC(70) ParOldGen: 391033K(404992K)->404741K(460288K)
[3.206s][info][gc,metaspace   ] GC(70) Metaspace: 6302K(6464K)->6302K(6464K) NonClass: 5768K(5824K)->5768K(5824K) Class: 533K(640K)->533K(640K)
[3.206s][info][gc             ] GC(70) Pause Full (Ergonomics) 411M->411M(509M) 230.043ms
[3.206s][info][gc,cpu         ] GC(70) User=0.42s Sys=0.02s Real=0.23s
[3.220s][info][gc,start       ] GC(71) Pause Young (Allocation Failure)
[3.267s][info][gc,heap        ] GC(71) PSYoungGen: 29636K(61440K)->19392K(62464K) Eden: 13312K(13312K)->0K(13312K) From: 16324K(48128K)->19392K(49152K)
[3.267s][info][gc,heap        ] GC(71) ParOldGen: 404741K(460288K)->415205K(460288K)
[3.267s][info][gc,metaspace   ] GC(71) Metaspace: 6302K(6464K)->6302K(6464K) NonClass: 5768K(5824K)->5768K(5824K) Class: 533K(640K)->533K(640K)
[3.267s][info][gc             ] GC(71) Pause Young (Allocation Failure) 424M->424M(510M) 47.358ms
[3.267s][info][gc,cpu         ] GC(71) User=0.05s Sys=0.02s Real=0.05s
[3.279s][info][gc,start       ] GC(72) Pause Young (Allocation Failure)
[3.301s][info][gc,heap        ] GC(72) PSYoungGen: 32704K(62464K)->26656K(59904K) Eden: 13312K(13312K)->0K(15360K) From: 19392K(49152K)->26656K(44544K)
[3.301s][info][gc,heap        ] GC(72) ParOldGen: 415205K(460288K)->421341K(460288K)
[3.301s][info][gc,metaspace   ] GC(72) Metaspace: 6302K(6464K)->6302K(6464K) NonClass: 5768K(5824K)->5768K(5824K) Class: 533K(640K)->533K(640K)
[3.301s][info][gc             ] GC(72) Pause Young (Allocation Failure) 437M->437M(508M) 21.570ms
[3.301s][info][gc,cpu         ] GC(72) User=0.03s Sys=0.00s Real=0.02s
[3.316s][info][gc,start       ] GC(73) Pause Young (Allocation Failure)
[3.344s][info][gc,heap        ] GC(73) PSYoungGen: 42016K(59904K)->28704K(61952K) Eden: 15360K(15360K)->0K(15360K) From: 26656K(44544K)->28704K(46592K)
[3.344s][info][gc,heap        ] GC(73) ParOldGen: 421341K(460288K)->434845K(460288K)
[3.344s][info][gc,metaspace   ] GC(73) Metaspace: 6302K(6464K)->6302K(6464K) NonClass: 5768K(5824K)->5768K(5824K) Class: 533K(640K)->533K(640K)
[3.344s][info][gc             ] GC(73) Pause Young (Allocation Failure) 452M->452M(510M) 27.893ms
[3.344s][info][gc,cpu         ] GC(73) User=0.02s Sys=0.02s Real=0.03s
[3.360s][info][gc,start       ] GC(74) Pause Young (Allocation Failure)
[3.389s][info][gc,heap        ] GC(74) PSYoungGen: 44064K(61952K)->30752K(62976K) Eden: 15360K(15360K)->0K(17920K) From: 28704K(46592K)->30752K(45056K)
[3.389s][info][gc,heap        ] GC(74) ParOldGen: 434845K(460288K)->448349K(460288K)
[3.389s][info][gc,metaspace   ] GC(74) Metaspace: 6302K(6464K)->6302K(6464K) NonClass: 5768K(5824K)->5768K(5824K) Class: 533K(640K)->533K(640K)
[3.389s][info][gc             ] GC(74) Pause Young (Allocation Failure) 467M->467M(511M) 29.086ms
[3.389s][info][gc,cpu         ] GC(74) User=0.03s Sys=0.00s Real=0.03s
[3.389s][info][gc,start       ] GC(75) Pause Full (Ergonomics)
[3.389s][info][gc,phases,start] GC(75) Marking Phase
[3.565s][info][gc,phases      ] GC(75) Marking Phase 176.345ms
[3.565s][info][gc,phases,start] GC(75) Summary Phase
[3.565s][info][gc,phases      ] GC(75) Summary Phase 0.024ms
[3.565s][info][gc,phases,start] GC(75) Adjust Roots
[3.565s][info][gc,phases      ] GC(75) Adjust Roots 0.222ms
[3.565s][info][gc,phases,start] GC(75) Compaction Phase
[3.646s][info][gc,phases      ] GC(75) Compaction Phase 80.208ms
[3.646s][info][gc,phases,start] GC(75) Post Compact
[3.648s][info][gc,phases      ] GC(75) Post Compact 2.481ms
[3.649s][info][gc,heap        ] GC(75) PSYoungGen: 30752K(62976K)->18394K(62976K) Eden: 0K(17920K)->0K(17920K) From: 30752K(45056K)->18394K(45056K)
[3.649s][info][gc,heap        ] GC(75) ParOldGen: 448349K(460288K)->459894K(520704K)
[3.649s][info][gc,metaspace   ] GC(75) Metaspace: 6302K(6464K)->6302K(6464K) NonClass: 5768K(5824K)->5768K(5824K) Class: 533K(640K)->533K(640K)
[3.649s][info][gc             ] GC(75) Pause Full (Ergonomics) 467M->467M(570M) 259.996ms
[3.649s][info][gc,cpu         ] GC(75) User=0.42s Sys=0.02s Real=0.26s
[3.667s][info][gc,start       ] GC(76) Pause Young (Allocation Failure)
[3.724s][info][gc,heap        ] GC(76) PSYoungGen: 36314K(62976K)->17952K(62976K) Eden: 17920K(17920K)->0K(17920K) From: 18394K(45056K)->17952K(45056K)
[3.724s][info][gc,heap        ] GC(76) ParOldGen: 459894K(520704K)->478590K(520704K)
[3.724s][info][gc,metaspace   ] GC(76) Metaspace: 6302K(6464K)->6302K(6464K) NonClass: 5768K(5824K)->5768K(5824K) Class: 533K(640K)->533K(640K)
[3.725s][info][gc             ] GC(76) Pause Young (Allocation Failure) 484M->484M(570M) 57.580ms
[3.725s][info][gc,cpu         ] GC(76) User=0.09s Sys=0.00s Real=0.06s
[3.742s][info][gc,start       ] GC(77) Pause Young (Allocation Failure)
[3.768s][info][gc,heap        ] GC(77) PSYoungGen: 35872K(62976K)->35904K(62464K) Eden: 17920K(17920K)->0K(17920K) From: 17952K(45056K)->35904K(44544K)
[3.768s][info][gc,heap        ] GC(77) ParOldGen: 478590K(520704K)->478590K(520704K)
[3.768s][info][gc,metaspace   ] GC(77) Metaspace: 6302K(6464K)->6302K(6464K) NonClass: 5768K(5824K)->5768K(5824K) Class: 533K(640K)->533K(640K)
[3.768s][info][gc             ] GC(77) Pause Young (Allocation Failure) 502M->502M(569M) 25.275ms
[3.768s][info][gc,cpu         ] GC(77) User=0.03s Sys=0.00s Real=0.03s
[3.786s][info][gc,start       ] GC(78) Pause Young (Allocation Failure)
[3.821s][info][gc,heap        ] GC(78) PSYoungGen: 53824K(62464K)->35872K(64512K) Eden: 17920K(17920K)->0K(17920K) From: 35904K(44544K)->35872K(46592K)
[3.821s][info][gc,heap        ] GC(78) ParOldGen: 478590K(520704K)->496766K(520704K)
[3.821s][info][gc,metaspace   ] GC(78) Metaspace: 6302K(6464K)->6302K(6464K) NonClass: 5768K(5824K)->5768K(5824K) Class: 533K(640K)->533K(640K)
[3.821s][info][gc             ] GC(78) Pause Young (Allocation Failure) 519M->520M(571M) 35.778ms
[3.821s][info][gc,cpu         ] GC(78) User=0.05s Sys=0.02s Real=0.03s
[3.822s][info][gc,start       ] GC(79) Pause Full (Ergonomics)
[3.822s][info][gc,phases,start] GC(79) Marking Phase
[4.018s][info][gc,phases      ] GC(79) Marking Phase 196.900ms
[4.018s][info][gc,phases,start] GC(79) Summary Phase
[4.019s][info][gc,phases      ] GC(79) Summary Phase 0.024ms
[4.019s][info][gc,phases,start] GC(79) Adjust Roots
[4.019s][info][gc,phases      ] GC(79) Adjust Roots 0.215ms
[4.019s][info][gc,phases,start] GC(79) Compaction Phase
[4.107s][info][gc,phases      ] GC(79) Compaction Phase 88.096ms
[4.107s][info][gc,phases,start] GC(79) Post Compact
[4.110s][info][gc,phases      ] GC(79) Post Compact 2.670ms
[4.110s][info][gc,heap        ] GC(79) PSYoungGen: 35872K(64512K)->11758K(64512K) Eden: 0K(17920K)->0K(17920K) From: 35872K(46592K)->11758K(46592K)
[4.110s][info][gc,heap        ] GC(79) ParOldGen: 496766K(520704K)->520196K(589824K)
[4.110s][info][gc,metaspace   ] GC(79) Metaspace: 6302K(6464K)->6302K(6464K) NonClass: 5768K(5824K)->5768K(5824K) Class: 533K(640K)->533K(640K)
[4.110s][info][gc             ] GC(79) Pause Full (Ergonomics) 520M->519M(639M) 288.615ms
[4.110s][info][gc,cpu         ] GC(79) User=0.53s Sys=0.03s Real=0.29s
[4.129s][info][gc,start       ] GC(80) Pause Young (Allocation Failure)
[4.187s][info][gc,heap        ] GC(80) PSYoungGen: 29678K(64512K)->22016K(65536K) Eden: 17920K(17920K)->0K(19968K) From: 11758K(46592K)->22016K(45568K)
[4.187s][info][gc,heap        ] GC(80) ParOldGen: 520196K(589824K)->528036K(589824K)
[4.187s][info][gc,metaspace   ] GC(80) Metaspace: 6302K(6464K)->6302K(6464K) NonClass: 5768K(5824K)->5768K(5824K) Class: 533K(640K)->533K(640K)
[4.187s][info][gc             ] GC(80) Pause Young (Allocation Failure) 536M->537M(640M) 57.992ms
[4.187s][info][gc,cpu         ] GC(80) User=0.09s Sys=0.00s Real=0.06s
[4.208s][info][gc,start       ] GC(81) Pause Young (Allocation Failure)
[4.236s][info][gc,heap        ] GC(81) PSYoungGen: 41984K(65536K)->41984K(66560K) Eden: 19968K(19968K)->0K(19968K) From: 22016K(45568K)->41984K(46592K)
[4.236s][info][gc,heap        ] GC(81) ParOldGen: 528036K(589824K)->528036K(589824K)
[4.236s][info][gc,metaspace   ] GC(81) Metaspace: 6302K(6464K)->6302K(6464K) NonClass: 5768K(5824K)->5768K(5824K) Class: 533K(640K)->533K(640K)
[4.236s][info][gc             ] GC(81) Pause Young (Allocation Failure) 556M->556M(641M) 28.632ms
[4.236s][info][gc,cpu         ] GC(81) User=0.03s Sys=0.00s Real=0.03s
[4.257s][info][gc,start       ] GC(82) Pause Young (Allocation Failure)
[4.300s][info][gc,heap        ] GC(82) PSYoungGen: 61952K(66560K)->50176K(61952K) Eden: 19968K(19968K)->0K(11776K) From: 41984K(46592K)->50176K(50176K)
[4.300s][info][gc,heap        ] GC(82) ParOldGen: 528036K(589824K)->539924K(589824K)
[4.300s][info][gc,metaspace   ] GC(82) Metaspace: 6302K(6464K)->6302K(6464K) NonClass: 5768K(5824K)->5768K(5824K) Class: 533K(640K)->533K(640K)
[4.300s][info][gc             ] GC(82) Pause Young (Allocation Failure) 576M->576M(636M) 43.032ms
[4.300s][info][gc,cpu         ] GC(82) User=0.06s Sys=0.00s Real=0.04s
[4.312s][info][gc,start       ] GC(83) Pause Young (Allocation Failure)
[4.348s][info][gc,heap        ] GC(83) PSYoungGen: 61952K(61952K)->44224K(72192K) Eden: 11776K(11776K)->0K(11776K) From: 50176K(50176K)->44224K(60416K)
[4.348s][info][gc,heap        ] GC(83) ParOldGen: 539924K(589824K)->557924K(589824K)
[4.348s][info][gc,metaspace   ] GC(83) Metaspace: 6302K(6464K)->6302K(6464K) NonClass: 5768K(5824K)->5768K(5824K) Class: 533K(640K)->533K(640K)
[4.348s][info][gc             ] GC(83) Pause Young (Allocation Failure) 587M->588M(646M) 36.322ms
[4.348s][info][gc,cpu         ] GC(83) User=0.05s Sys=0.02s Real=0.04s
[4.361s][info][gc,start       ] GC(84) Pause Young (Allocation Failure)
[4.396s][info][gc,heap        ] GC(84) PSYoungGen: 56000K(72192K)->39712K(75264K) Eden: 11776K(11776K)->0K(13824K) From: 44224K(60416K)->39712K(61440K)
[4.396s][info][gc,heap        ] GC(84) ParOldGen: 557924K(589824K)->574460K(589824K)
[4.396s][info][gc,metaspace   ] GC(84) Metaspace: 6302K(6464K)->6302K(6464K) NonClass: 5768K(5824K)->5768K(5824K) Class: 533K(640K)->533K(640K)
[4.396s][info][gc             ] GC(84) Pause Young (Allocation Failure) 599M->599M(649M) 34.996ms
[4.396s][info][gc,cpu         ] GC(84) User=0.06s Sys=0.00s Real=0.03s
[4.396s][info][gc,start       ] GC(85) Pause Full (Ergonomics)
[4.396s][info][gc,phases,start] GC(85) Marking Phase
[4.624s][info][gc,phases      ] GC(85) Marking Phase 227.589ms
[4.624s][info][gc,phases,start] GC(85) Summary Phase
[4.624s][info][gc,phases      ] GC(85) Summary Phase 0.042ms
[4.624s][info][gc,phases,start] GC(85) Adjust Roots
[4.624s][info][gc,phases      ] GC(85) Adjust Roots 0.212ms
[4.624s][info][gc,phases,start] GC(85) Compaction Phase
[4.726s][info][gc,phases      ] GC(85) Compaction Phase 101.647ms
[4.726s][info][gc,phases,start] GC(85) Post Compact
[4.727s][info][gc,phases      ] GC(85) Post Compact 1.310ms
[4.728s][info][gc,heap        ] GC(85) PSYoungGen: 39712K(75264K)->23743K(75264K) Eden: 0K(13824K)->0K(13824K) From: 39712K(61440K)->23743K(61440K)
[4.728s][info][gc,heap        ] GC(85) ParOldGen: 574460K(589824K)->589459K(665600K)
[4.728s][info][gc,metaspace   ] GC(85) Metaspace: 6302K(6464K)->6302K(6464K) NonClass: 5768K(5824K)->5768K(5824K) Class: 533K(640K)->533K(640K)
[4.728s][info][gc             ] GC(85) Pause Full (Ergonomics) 599M->598M(723M) 331.447ms
[4.728s][info][gc,cpu         ] GC(85) User=0.66s Sys=0.00s Real=0.33s
[4.743s][info][gc,start       ] GC(86) Pause Young (Allocation Failure)
[4.811s][info][gc,heap        ] GC(86) PSYoungGen: 37567K(75264K)->28768K(75264K) Eden: 13824K(13824K)->0K(13824K) From: 23743K(61440K)->28768K(61440K)
[4.811s][info][gc,heap        ] GC(86) ParOldGen: 589459K(665600K)->598451K(665600K)
[4.811s][info][gc,metaspace   ] GC(86) Metaspace: 6302K(6464K)->6302K(6464K) NonClass: 5768K(5824K)->5768K(5824K) Class: 533K(640K)->533K(640K)
[4.811s][info][gc             ] GC(86) Pause Young (Allocation Failure) 612M->612M(723M) 67.924ms
[4.811s][info][gc,cpu         ] GC(86) User=0.16s Sys=0.00s Real=0.07s
[4.826s][info][gc,start       ] GC(87) Pause Young (Allocation Failure)
[4.855s][info][gc,heap        ] GC(87) PSYoungGen: 42592K(75264K)->42624K(74240K) Eden: 13824K(13824K)->0K(14848K) From: 28768K(61440K)->42624K(59392K)
[4.855s][info][gc,heap        ] GC(87) ParOldGen: 598451K(665600K)->598451K(665600K)
[4.855s][info][gc,metaspace   ] GC(87) Metaspace: 6302K(6464K)->6302K(6464K) NonClass: 5768K(5824K)->5768K(5824K) Class: 533K(640K)->533K(640K)
[4.855s][info][gc             ] GC(87) Pause Young (Allocation Failure) 626M->626M(722M) 28.522ms
[4.855s][info][gc,cpu         ] GC(87) User=0.03s Sys=0.00s Real=0.03s
[4.872s][info][gc,start       ] GC(88) Pause Young (Allocation Failure)
[4.908s][info][gc,heap        ] GC(88) PSYoungGen: 57472K(74240K)->50944K(75264K) Eden: 14848K(14848K)->0K(14848K) From: 42624K(59392K)->50944K(60416K)
[4.908s][info][gc,heap        ] GC(88) ParOldGen: 598451K(665600K)->605075K(665600K)
[4.908s][info][gc,metaspace   ] GC(88) Metaspace: 6302K(6464K)->6302K(6464K) NonClass: 5768K(5824K)->5768K(5824K) Class: 533K(640K)->533K(640K)
[4.908s][info][gc             ] GC(88) Pause Young (Allocation Failure) 640M->640M(723M) 36.370ms
[4.908s][info][gc,cpu         ] GC(88) User=0.05s Sys=0.02s Real=0.04s
[4.924s][info][gc,start       ] GC(89) Pause Young (Allocation Failure)
[4.967s][info][gc,heap        ] GC(89) PSYoungGen: 65792K(75264K)->57376K(75776K) Eden: 14848K(14848K)->0K(11776K) From: 50944K(60416K)->57376K(64000K)
[4.967s][info][gc,heap        ] GC(89) ParOldGen: 605075K(665600K)->613603K(665600K)
[4.967s][info][gc,metaspace   ] GC(89) Metaspace: 6302K(6464K)->6302K(6464K) NonClass: 5768K(5824K)->5768K(5824K) Class: 533K(640K)->533K(640K)
[4.967s][info][gc             ] GC(89) Pause Young (Allocation Failure) 655M->655M(724M) 43.088ms
[4.967s][info][gc,cpu         ] GC(89) User=0.05s Sys=0.02s Real=0.04s
[4.980s][info][gc,start       ] GC(90) Pause Young (Allocation Failure)
[5.025s][info][gc,heap        ] GC(90) PSYoungGen: 69152K(75776K)->41504K(80896K) Eden: 11776K(11776K)->0K(11776K) From: 57376K(64000K)->41504K(69120K)
[5.025s][info][gc,heap        ] GC(90) ParOldGen: 613603K(665600K)->641627K(665600K)
[5.025s][info][gc,metaspace   ] GC(90) Metaspace: 6302K(6464K)->6302K(6464K) NonClass: 5768K(5824K)->5768K(5824K) Class: 533K(640K)->533K(640K)
[5.025s][info][gc             ] GC(90) Pause Young (Allocation Failure) 666M->667M(729M) 45.311ms
[5.025s][info][gc,cpu         ] GC(90) User=0.06s Sys=0.00s Real=0.04s
[5.025s][info][gc,start       ] GC(91) Pause Full (Ergonomics)
[5.025s][info][gc,phases,start] GC(91) Marking Phase
[5.280s][info][gc,phases      ] GC(91) Marking Phase 254.944ms
[5.280s][info][gc,phases,start] GC(91) Summary Phase
[5.280s][info][gc,phases      ] GC(91) Summary Phase 0.025ms
[5.280s][info][gc,phases,start] GC(91) Adjust Roots
[5.281s][info][gc,phases      ] GC(91) Adjust Roots 0.212ms
[5.281s][info][gc,phases,start] GC(91) Compaction Phase
[5.392s][info][gc,phases      ] GC(91) Compaction Phase 111.746ms
[5.393s][info][gc,phases,start] GC(91) Post Compact
[5.394s][info][gc,phases      ] GC(91) Post Compact 1.341ms
[5.394s][info][gc,heap        ] GC(91) PSYoungGen: 41504K(80896K)->16850K(80896K) Eden: 0K(11776K)->0K(11776K) From: 41504K(69120K)->16850K(69120K)
[5.394s][info][gc,heap        ] GC(91) ParOldGen: 641627K(665600K)->665315K(749056K)
[5.394s][info][gc,metaspace   ] GC(91) Metaspace: 6302K(6464K)->6302K(6464K) NonClass: 5768K(5824K)->5768K(5824K) Class: 533K(640K)->533K(640K)
[5.394s][info][gc             ] GC(91) Pause Full (Ergonomics) 667M->666M(810M) 369.037ms
[5.394s][info][gc,cpu         ] GC(91) User=0.66s Sys=0.00s Real=0.37s
[5.409s][info][gc,start       ] GC(92) Pause Young (Allocation Failure)
[5.477s][info][gc,heap        ] GC(92) PSYoungGen: 28626K(80896K)->16480K(79872K) Eden: 11776K(11776K)->0K(12800K) From: 16850K(69120K)->16480K(67072K)
[5.477s][info][gc,heap        ] GC(92) ParOldGen: 665315K(749056K)->677715K(749056K)
[5.477s][info][gc,metaspace   ] GC(92) Metaspace: 6302K(6464K)->6302K(6464K) NonClass: 5768K(5824K)->5768K(5824K) Class: 533K(640K)->533K(640K)
[5.477s][info][gc             ] GC(92) Pause Young (Allocation Failure) 677M->677M(809M) 68.105ms
[5.477s][info][gc,cpu         ] GC(92) User=0.12s Sys=0.00s Real=0.07s
[5.637s][info][gc,start       ] GC(93) Pause Young (Allocation Failure)
[5.688s][info][gc,heap        ] GC(93) PSYoungGen: 29280K(79872K)->24576K(80896K) Eden: 12800K(12800K)->0K(12800K) From: 16480K(67072K)->24576K(68096K)
[5.688s][info][gc,heap        ] GC(93) ParOldGen: 710483K(749056K)->715219K(749056K)
[5.688s][info][gc,metaspace   ] GC(93) Metaspace: 6302K(6464K)->6302K(6464K) NonClass: 5768K(5824K)->5768K(5824K) Class: 533K(640K)->533K(640K)
[5.688s][info][gc             ] GC(93) Pause Young (Allocation Failure) 722M->722M(810M) 51.060ms
[5.688s][info][gc,cpu         ] GC(93) User=0.09s Sys=0.00s Real=0.05s
[5.701s][info][gc,start       ] GC(94) Pause Young (Allocation Failure)
[5.728s][info][gc,heap        ] GC(94) PSYoungGen: 37376K(80896K)->37376K(76288K) Eden: 12800K(12800K)->0K(14336K) From: 24576K(68096K)->37376K(61952K)
[5.728s][info][gc,heap        ] GC(94) ParOldGen: 715219K(749056K)->715219K(749056K)
[5.728s][info][gc,metaspace   ] GC(94) Metaspace: 6302K(6464K)->6302K(6464K) NonClass: 5768K(5824K)->5768K(5824K) Class: 533K(640K)->533K(640K)
[5.728s][info][gc             ] GC(94) Pause Young (Allocation Failure) 734M->734M(806M) 26.890ms
[5.728s][info][gc,cpu         ] GC(94) User=0.05s Sys=0.00s Real=0.03s
[5.742s][info][gc,start       ] GC(95) Pause Young (Allocation Failure)
[5.778s][info][gc,heap        ] GC(95) PSYoungGen: 51712K(76288K)->39968K(78848K) Eden: 14336K(14336K)->0K(14336K) From: 37376K(61952K)->39968K(64512K)
[5.778s][info][gc,heap        ] GC(95) ParOldGen: 715219K(749056K)->727155K(749056K)
[5.778s][info][gc,metaspace   ] GC(95) Metaspace: 6302K(6464K)->6302K(6464K) NonClass: 5768K(5824K)->5768K(5824K) Class: 533K(640K)->533K(640K)
[5.778s][info][gc             ] GC(95) Pause Young (Allocation Failure) 748M->749M(808M) 35.802ms
[5.778s][info][gc,cpu         ] GC(95) User=0.06s Sys=0.00s Real=0.03s
[5.778s][info][gc,start       ] GC(96) Pause Full (Ergonomics)
[5.778s][info][gc,phases,start] GC(96) Marking Phase
[6.058s][info][gc,phases      ] GC(96) Marking Phase 279.637ms
[6.058s][info][gc,phases,start] GC(96) Summary Phase
[6.058s][info][gc,phases      ] GC(96) Summary Phase 0.036ms
[6.058s][info][gc,phases,start] GC(96) Adjust Roots
[6.058s][info][gc,phases      ] GC(96) Adjust Roots 0.219ms
[6.058s][info][gc,phases,start] GC(96) Compaction Phase
[6.217s][info][gc,phases      ] GC(96) Compaction Phase 158.150ms
[6.217s][info][gc,phases,start] GC(96) Post Compact
[6.218s][info][gc,phases      ] GC(96) Post Compact 1.647ms
[6.219s][info][gc,heap        ] GC(96) PSYoungGen: 39968K(78848K)->1511K(78848K) Eden: 0K(14336K)->0K(14336K) From: 39968K(64512K)->1511K(64512K)
[6.219s][info][gc,heap        ] GC(96) ParOldGen: 727155K(749056K)->748618K(836096K)
[6.219s][info][gc,metaspace   ] GC(96) Metaspace: 6302K(6464K)->6302K(6464K) NonClass: 5768K(5824K)->5768K(5824K) Class: 533K(640K)->533K(640K)
[6.219s][info][gc             ] GC(96) Pause Full (Ergonomics) 749M->732M(893M) 440.440ms
[6.219s][info][gc,cpu         ] GC(96) User=0.80s Sys=0.02s Real=0.44s
[6.234s][info][gc,start       ] GC(97) Pause Young (Allocation Failure)
[6.298s][info][gc,heap        ] GC(97) PSYoungGen: 15847K(78848K)->15872K(79360K) Eden: 14336K(14336K)->0K(15872K) From: 1511K(64512K)->15872K(63488K)
[6.298s][info][gc,heap        ] GC(97) ParOldGen: 748618K(836096K)->748618K(836096K)
[6.298s][info][gc,metaspace   ] GC(97) Metaspace: 6302K(6464K)->6302K(6464K) NonClass: 5768K(5824K)->5768K(5824K) Class: 533K(640K)->533K(640K)
[6.298s][info][gc             ] GC(97) Pause Young (Allocation Failure) 746M->746M(894M) 63.414ms
[6.298s][info][gc,cpu         ] GC(97) User=0.09s Sys=0.00s Real=0.06s
[6.314s][info][gc,start       ] GC(98) Pause Young (Allocation Failure)
[6.336s][info][gc,heap        ] GC(98) PSYoungGen: 31744K(79360K)->31744K(47616K) Eden: 15872K(15872K)->0K(15872K) From: 15872K(63488K)->31744K(31744K)
[6.336s][info][gc,heap        ] GC(98) ParOldGen: 748618K(836096K)->748618K(836096K)
[6.336s][info][gc,metaspace   ] GC(98) Metaspace: 6302K(6464K)->6302K(6464K) NonClass: 5768K(5824K)->5768K(5824K) Class: 533K(640K)->533K(640K)
[6.336s][info][gc             ] GC(98) Pause Young (Allocation Failure) 762M->762M(863M) 22.912ms
[6.336s][info][gc,cpu         ] GC(98) User=0.03s Sys=0.00s Real=0.02s
[6.352s][info][gc,start       ] GC(99) Pause Young (Allocation Failure)
[6.382s][info][gc,heap        ] GC(99) PSYoungGen: 47616K(47616K)->47616K(76800K) Eden: 15872K(15872K)->0K(15360K) From: 31744K(31744K)->47616K(61440K)
[6.382s][info][gc,heap        ] GC(99) ParOldGen: 748618K(836096K)->748618K(836096K)
[6.382s][info][gc,metaspace   ] GC(99) Metaspace: 6302K(6464K)->6302K(6464K) NonClass: 5768K(5824K)->5768K(5824K) Class: 533K(640K)->533K(640K)
[6.382s][info][gc             ] GC(99) Pause Young (Allocation Failure) 777M->777M(891M) 30.137ms
[6.382s][info][gc,cpu         ] GC(99) User=0.03s Sys=0.00s Real=0.03s
[6.396s][info][gc,start       ] GC(100) Pause Young (Allocation Failure)
[6.434s][info][gc,heap        ] GC(100) PSYoungGen: 62976K(76800K)->62432K(79360K) Eden: 15360K(15360K)->0K(15360K) From: 47616K(61440K)->62432K(64000K)
[6.434s][info][gc,heap        ] GC(100) ParOldGen: 748618K(836096K)->749186K(836096K)
[6.434s][info][gc,metaspace   ] GC(100) Metaspace: 6302K(6464K)->6302K(6464K) NonClass: 5768K(5824K)->5768K(5824K) Class: 533K(640K)->533K(640K)
[6.434s][info][gc             ] GC(100) Pause Young (Allocation Failure) 792M->792M(894M) 37.711ms
[6.434s][info][gc,cpu         ] GC(100) User=0.06s Sys=0.00s Real=0.04s
[6.448s][info][gc,start       ] GC(101) Pause Young (Allocation Failure)
[6.498s][info][gc,heap        ] GC(101) PSYoungGen: 77792K(79360K)->71168K(77312K) Eden: 15360K(15360K)->0K(6144K) From: 62432K(64000K)->71168K(71168K)
[6.498s][info][gc,heap        ] GC(101) ParOldGen: 749186K(836096K)->755866K(836096K)
[6.498s][info][gc,metaspace   ] GC(101) Metaspace: 6302K(6464K)->6302K(6464K) NonClass: 5768K(5824K)->5768K(5824K) Class: 533K(640K)->533K(640K)
[6.498s][info][gc             ] GC(101) Pause Young (Allocation Failure) 807M->807M(892M) 49.703ms
[6.498s][info][gc,cpu         ] GC(101) User=0.06s Sys=0.03s Real=0.05s
[6.504s][info][gc,start       ] GC(102) Pause Young (Allocation Failure)
[6.552s][info][gc,heap        ] GC(102) PSYoungGen: 77312K(77312K)->48544K(88576K) Eden: 6144K(6144K)->0K(6144K) From: 71168K(71168K)->48544K(82432K)
[6.552s][info][gc,heap        ] GC(102) ParOldGen: 755866K(836096K)->785042K(836096K)
[6.552s][info][gc,metaspace   ] GC(102) Metaspace: 6302K(6464K)->6302K(6464K) NonClass: 5768K(5824K)->5768K(5824K) Class: 533K(640K)->533K(640K)
[6.552s][info][gc             ] GC(102) Pause Young (Allocation Failure) 813M->814M(903M) 47.952ms
[6.552s][info][gc,cpu         ] GC(102) User=0.06s Sys=0.03s Real=0.05s
[6.559s][info][gc,start       ] GC(103) Pause Young (Allocation Failure)
[6.595s][info][gc,heap        ] GC(103) PSYoungGen: 54688K(88576K)->26176K(86528K) Eden: 6144K(6144K)->0K(7680K) From: 48544K(82432K)->26176K(78848K)
[6.595s][info][gc,heap        ] GC(103) ParOldGen: 785042K(836096K)->813890K(836096K)
[6.595s][info][gc,metaspace   ] GC(103) Metaspace: 6302K(6464K)->6302K(6464K) NonClass: 5768K(5824K)->5768K(5824K) Class: 533K(640K)->533K(640K)
[6.595s][info][gc             ] GC(103) Pause Young (Allocation Failure) 820M->820M(901M) 36.264ms
[6.595s][info][gc,cpu         ] GC(103) User=0.06s Sys=0.00s Real=0.04s
[6.595s][info][gc,start       ] GC(104) Pause Full (Ergonomics)
[6.595s][info][gc,phases,start] GC(104) Marking Phase
[6.908s][info][gc,phases      ] GC(104) Marking Phase 312.812ms
[6.908s][info][gc,phases,start] GC(104) Summary Phase
[6.908s][info][gc,phases      ] GC(104) Summary Phase 0.026ms
[6.908s][info][gc,phases,start] GC(104) Adjust Roots
[6.908s][info][gc,phases      ] GC(104) Adjust Roots 0.234ms
[6.908s][info][gc,phases,start] GC(104) Compaction Phase
[7.042s][info][gc,phases      ] GC(104) Compaction Phase 133.482ms
[7.042s][info][gc,phases,start] GC(104) Post Compact
[7.044s][info][gc,phases      ] GC(104) Post Compact 1.605ms
[7.044s][info][gc,heap        ] GC(104) PSYoungGen: 26176K(86528K)->3123K(87552K) Eden: 0K(7680K)->0K(8704K) From: 26176K(78848K)->3123K(78848K)
[7.044s][info][gc,heap        ] GC(104) ParOldGen: 813890K(836096K)->835863K(939008K)
[7.044s][info][gc,metaspace   ] GC(104) Metaspace: 6302K(6464K)->6302K(6464K) NonClass: 5768K(5824K)->5768K(5824K) Class: 533K(640K)->533K(640K)
[7.044s][info][gc             ] GC(104) Pause Full (Ergonomics) 820M->819M(1002M) 448.971ms
[7.044s][info][gc,cpu         ] GC(104) User=0.84s Sys=0.00s Real=0.45s
[7.055s][info][gc,start       ] GC(105) Pause Young (Allocation Failure)
[7.124s][info][gc,heap        ] GC(105) PSYoungGen: 11827K(87552K)->10688K(88576K) Eden: 8704K(8704K)->0K(8704K) From: 3123K(78848K)->10688K(79872K)
[7.124s][info][gc,heap        ] GC(105) ParOldGen: 835863K(939008K)->837055K(939008K)
[7.124s][info][gc,metaspace   ] GC(105) Metaspace: 6302K(6464K)->6302K(6464K) NonClass: 5768K(5824K)->5768K(5824K) Class: 533K(640K)->533K(640K)
[7.124s][info][gc             ] GC(105) Pause Young (Allocation Failure) 827M->827M(1003M) 69.749ms
[7.125s][info][gc,cpu         ] GC(105) User=0.14s Sys=0.02s Real=0.07s
[7.133s][info][gc,start       ] GC(106) Pause Young (Allocation Failure)
[7.150s][info][gc,heap        ] GC(106) PSYoungGen: 19392K(88576K)->17408K(89600K) Eden: 8704K(8704K)->0K(10240K) From: 10688K(79872K)->17408K(79360K)
[7.150s][info][gc,heap        ] GC(106) ParOldGen: 837055K(939008K)->839055K(939008K)
[7.150s][info][gc,metaspace   ] GC(106) Metaspace: 6302K(6464K)->6302K(6464K) NonClass: 5768K(5824K)->5768K(5824K) Class: 533K(640K)->533K(640K)
[7.150s][info][gc             ] GC(106) Pause Young (Allocation Failure) 836M->836M(1004M) 16.665ms
[7.150s][info][gc,cpu         ] GC(106) User=0.03s Sys=0.00s Real=0.02s
[7.160s][info][gc,start       ] GC(107) Pause Young (Allocation Failure)
[7.182s][info][gc,heap        ] GC(107) PSYoungGen: 27648K(89600K)->18944K(90624K) Eden: 10240K(10240K)->0K(10240K) From: 17408K(79360K)->18944K(80384K)
[7.182s][info][gc,heap        ] GC(107) ParOldGen: 839055K(939008K)->847879K(939008K)
[7.182s][info][gc,metaspace   ] GC(107) Metaspace: 6302K(6464K)->6302K(6464K) NonClass: 5768K(5824K)->5768K(5824K) Class: 533K(640K)->533K(640K)
[7.183s][info][gc             ] GC(107) Pause Young (Allocation Failure) 846M->846M(1005M) 22.127ms
[7.183s][info][gc,cpu         ] GC(107) User=0.03s Sys=0.00s Real=0.02s
[7.193s][info][gc,start       ] GC(108) Pause Young (Allocation Failure)
[7.218s][info][gc,heap        ] GC(108) PSYoungGen: 29184K(90624K)->10272K(89600K) Eden: 10240K(10240K)->0K(11776K) From: 18944K(80384K)->10272K(77824K)
[7.218s][info][gc,heap        ] GC(108) ParOldGen: 847879K(939008K)->867071K(939008K)
[7.218s][info][gc,metaspace   ] GC(108) Metaspace: 6302K(6464K)->6302K(6464K) NonClass: 5768K(5824K)->5768K(5824K) Class: 533K(640K)->533K(640K)
[7.218s][info][gc             ] GC(108) Pause Young (Allocation Failure) 856M->856M(1004M) 24.989ms
[7.218s][info][gc,cpu         ] GC(108) User=0.03s Sys=0.00s Real=0.02s
[7.230s][info][gc,start       ] GC(109) Pause Young (Allocation Failure)
[7.250s][info][gc,heap        ] GC(109) PSYoungGen: 22048K(89600K)->11776K(90112K) Eden: 11776K(11776K)->0K(11776K) From: 10272K(77824K)->11776K(78336K)
[7.250s][info][gc,heap        ] GC(109) ParOldGen: 867071K(939008K)->877447K(939008K)
[7.250s][info][gc,metaspace   ] GC(109) Metaspace: 6302K(6464K)->6302K(6464K) NonClass: 5768K(5824K)->5768K(5824K) Class: 533K(640K)->533K(640K)
[7.250s][info][gc             ] GC(109) Pause Young (Allocation Failure) 868M->868M(1005M) 19.928ms
[7.250s][info][gc,cpu         ] GC(109) User=0.03s Sys=0.00s Real=0.02s
[7.261s][info][gc,start       ] GC(110) Pause Young (Allocation Failure)
[7.283s][info][gc,heap        ] GC(110) PSYoungGen: 23552K(90112K)->11808K(87040K) Eden: 11776K(11776K)->0K(13824K) From: 11776K(78336K)->11808K(73216K)
[7.283s][info][gc,heap        ] GC(110) ParOldGen: 877447K(939008K)->889383K(939008K)
[7.283s][info][gc,metaspace   ] GC(110) Metaspace: 6302K(6464K)->6302K(6464K) NonClass: 5768K(5824K)->5768K(5824K) Class: 533K(640K)->533K(640K)
[7.283s][info][gc             ] GC(110) Pause Young (Allocation Failure) 879M->880M(1002M) 21.628ms
[7.283s][info][gc,cpu         ] GC(110) User=0.02s Sys=0.02s Real=0.02s
[7.297s][info][gc,start       ] GC(111) Pause Young (Allocation Failure)
[7.321s][info][gc,heap        ] GC(111) PSYoungGen: 25632K(87040K)->13856K(89088K) Eden: 13824K(13824K)->0K(13824K) From: 11808K(73216K)->13856K(75264K)
[7.321s][info][gc,heap        ] GC(111) ParOldGen: 889383K(939008K)->901319K(939008K)
[7.321s][info][gc,metaspace   ] GC(111) Metaspace: 6302K(6464K)->6302K(6464K) NonClass: 5768K(5824K)->5768K(5824K) Class: 533K(640K)->533K(640K)
[7.321s][info][gc             ] GC(111) Pause Young (Allocation Failure) 893M->893M(1004M) 23.464ms
[7.321s][info][gc,cpu         ] GC(111) User=0.03s Sys=0.00s Real=0.02s
[7.335s][info][gc,start       ] GC(112) Pause Young (Allocation Failure)
[7.360s][info][gc,heap        ] GC(112) PSYoungGen: 27680K(89088K)->13856K(83968K) Eden: 13824K(13824K)->0K(15872K) From: 13856K(75264K)->13856K(68096K)
[7.360s][info][gc,heap        ] GC(112) ParOldGen: 901319K(939008K)->915335K(939008K)
[7.360s][info][gc,metaspace   ] GC(112) Metaspace: 6302K(6464K)->6302K(6464K) NonClass: 5768K(5824K)->5768K(5824K) Class: 533K(640K)->533K(640K)
[7.360s][info][gc             ] GC(112) Pause Young (Allocation Failure) 907M->907M(999M) 25.003ms
[7.360s][info][gc,cpu         ] GC(112) User=0.03s Sys=0.00s Real=0.02s
[7.360s][info][gc,start       ] GC(113) Pause Full (Ergonomics)
[7.360s][info][gc,phases,start] GC(113) Marking Phase
[7.710s][info][gc,phases      ] GC(113) Marking Phase 349.661ms
[7.710s][info][gc,phases,start] GC(113) Summary Phase
[7.710s][info][gc,phases      ] GC(113) Summary Phase 0.040ms
[7.710s][info][gc,phases,start] GC(113) Adjust Roots
[7.710s][info][gc,phases      ] GC(113) Adjust Roots 0.222ms
[7.710s][info][gc,phases,start] GC(113) Compaction Phase
[7.852s][info][gc,phases      ] GC(113) Compaction Phase 141.969ms
[7.852s][info][gc,phases,start] GC(113) Post Compact
[7.854s][info][gc,phases      ] GC(113) Post Compact 1.752ms
[7.854s][info][gc,heap        ] GC(113) PSYoungGen: 13856K(83968K)->0K(86528K) Eden: 0K(15872K)->0K(15872K) From: 13856K(68096K)->0K(70656K)
[7.854s][info][gc,heap        ] GC(113) ParOldGen: 915335K(939008K)->927821K(1033216K)
[7.854s][info][gc,metaspace   ] GC(113) Metaspace: 6302K(6464K)->6302K(6464K) NonClass: 5768K(5824K)->5768K(5824K) Class: 533K(640K)->533K(640K)
[7.854s][info][gc             ] GC(113) Pause Full (Ergonomics) 907M->906M(1093M) 494.509ms
[7.854s][info][gc,cpu         ] GC(113) User=0.97s Sys=0.00s Real=0.49s
[7.871s][info][gc,start       ] GC(114) Pause Young (Allocation Failure)
[7.886s][info][gc,heap        ] GC(114) PSYoungGen: 15872K(86528K)->15904K(81920K) Eden: 15872K(15872K)->0K(17920K) From: 0K(70656K)->15904K(64000K)
[7.886s][info][gc,heap        ] GC(114) ParOldGen: 927821K(1033216K)->927821K(1033216K)
[7.886s][info][gc,metaspace   ] GC(114) Metaspace: 6302K(6464K)->6302K(6464K) NonClass: 5768K(5824K)->5768K(5824K) Class: 533K(640K)->533K(640K)
[7.886s][info][gc             ] GC(114) Pause Young (Allocation Failure) 921M->921M(1089M) 15.488ms
[7.886s][info][gc,cpu         ] GC(114) User=0.00s Sys=0.00s Real=0.02s
[7.905s][info][gc,start       ] GC(115) Pause Young (Allocation Failure)
[7.930s][info][gc,heap        ] GC(115) PSYoungGen: 33824K(81920K)->33824K(85504K) Eden: 17920K(17920K)->0K(17920K) From: 15904K(64000K)->33824K(67584K)
[7.930s][info][gc,heap        ] GC(115) ParOldGen: 927821K(1033216K)->927821K(1033216K)
[7.930s][info][gc,metaspace   ] GC(115) Metaspace: 6302K(6464K)->6302K(6464K) NonClass: 5768K(5824K)->5768K(5824K) Class: 533K(640K)->533K(640K)
[7.930s][info][gc             ] GC(115) Pause Young (Allocation Failure) 939M->939M(1092M) 25.356ms
[7.930s][info][gc,cpu         ] GC(115) User=0.03s Sys=0.00s Real=0.03s
[7.948s][info][gc,start       ] GC(116) Pause Young (Allocation Failure)
[7.981s][info][gc,heap        ] GC(116) PSYoungGen: 51744K(85504K)->51744K(81408K) Eden: 17920K(17920K)->0K(14336K) From: 33824K(67584K)->51744K(67072K)
[7.981s][info][gc,heap        ] GC(116) ParOldGen: 927821K(1033216K)->927821K(1033216K)
[7.981s][info][gc,metaspace   ] GC(116) Metaspace: 6302K(6464K)->6302K(6464K) NonClass: 5768K(5824K)->5768K(5824K) Class: 533K(640K)->533K(640K)
[7.981s][info][gc             ] GC(116) Pause Young (Allocation Failure) 956M->956M(1088M) 33.560ms
[7.981s][info][gc,cpu         ] GC(116) User=0.06s Sys=0.00s Real=0.03s
[7.996s][info][gc,start       ] GC(117) Pause Young (Allocation Failure)
[8.038s][info][gc,heap        ] GC(117) PSYoungGen: 66080K(81408K)->50240K(87040K) Eden: 14336K(14336K)->0K(14336K) From: 51744K(67072K)->50240K(72704K)
[8.038s][info][gc,heap        ] GC(117) ParOldGen: 927821K(1033216K)->943917K(1033216K)
[8.038s][info][gc,metaspace   ] GC(117) Metaspace: 6302K(6464K)->6302K(6464K) NonClass: 5768K(5824K)->5768K(5824K) Class: 533K(640K)->533K(640K)
[8.038s][info][gc             ] GC(117) Pause Young (Allocation Failure) 970M->970M(1094M) 42.071ms
[8.038s][info][gc,cpu         ] GC(117) User=0.06s Sys=0.00s Real=0.04s
[8.053s][info][gc,start       ] GC(118) Pause Young (Allocation Failure)
[8.094s][info][gc,heap        ] GC(118) PSYoungGen: 64576K(87040K)->46624K(91136K) Eden: 14336K(14336K)->0K(14848K) From: 50240K(72704K)->46624K(76288K)
[8.094s][info][gc,heap        ] GC(118) ParOldGen: 943917K(1033216K)->962093K(1033216K)
[8.094s][info][gc,metaspace   ] GC(118) Metaspace: 6302K(6464K)->6302K(6464K) NonClass: 5768K(5824K)->5768K(5824K) Class: 533K(640K)->533K(640K)
[8.094s][info][gc             ] GC(118) Pause Young (Allocation Failure) 984M->985M(1098M) 41.277ms
[8.094s][info][gc,cpu         ] GC(118) User=0.06s Sys=0.00s Real=0.04s
[8.110s][info][gc,start       ] GC(119) Pause Young (Allocation Failure)
[8.153s][info][gc,heap        ] GC(119) PSYoungGen: 61472K(91136K)->29216K(44544K) Eden: 14848K(14848K)->0K(14848K) From: 46624K(76288K)->29216K(29696K)
[8.153s][info][gc,heap        ] GC(119) ParOldGen: 962093K(1033216K)->994805K(1033216K)
[8.153s][info][gc,metaspace   ] GC(119) Metaspace: 6302K(6464K)->6302K(6464K) NonClass: 5768K(5824K)->5768K(5824K) Class: 533K(640K)->533K(640K)
[8.153s][info][gc             ] GC(119) Pause Young (Allocation Failure) 999M->1000M(1052M) 43.352ms
[8.153s][info][gc,cpu         ] GC(119) User=0.05s Sys=0.02s Real=0.04s
[8.168s][info][gc,start       ] GC(120) Pause Young (Allocation Failure)
[8.203s][info][gc,heap        ] GC(120) PSYoungGen: 44064K(44544K)->14880K(87552K) Eden: 14848K(14848K)->0K(16896K) From: 29216K(29696K)->14880K(70656K)
[8.203s][info][gc,heap        ] GC(120) ParOldGen: 994805K(1033216K)->1024397K(1033216K)
[8.203s][info][gc,metaspace   ] GC(120) Metaspace: 6302K(6464K)->6302K(6464K) NonClass: 5768K(5824K)->5768K(5824K) Class: 533K(640K)->533K(640K)
[8.203s][info][gc             ] GC(120) Pause Young (Allocation Failure) 1014M->1014M(1094M) 34.853ms
[8.203s][info][gc,cpu         ] GC(120) User=0.06s Sys=0.00s Real=0.04s
[8.203s][info][gc,start       ] GC(121) Pause Full (Ergonomics)
[8.203s][info][gc,phases,start] GC(121) Marking Phase
[8.591s][info][gc,phases      ] GC(121) Marking Phase 388.234ms
[8.591s][info][gc,phases,start] GC(121) Summary Phase
[8.591s][info][gc,phases      ] GC(121) Summary Phase 0.029ms
[8.591s][info][gc,phases,start] GC(121) Adjust Roots
[8.591s][info][gc,phases      ] GC(121) Adjust Roots 0.218ms
[8.591s][info][gc,phases,start] GC(121) Compaction Phase
[8.749s][info][gc,phases      ] GC(121) Compaction Phase 158.051ms
[8.749s][info][gc,phases,start] GC(121) Post Compact
[8.751s][info][gc,phases      ] GC(121) Post Compact 1.941ms
[8.752s][info][gc,heap        ] GC(121) PSYoungGen: 14880K(87552K)->4598K(89088K) Eden: 0K(16896K)->0K(18432K) From: 14880K(70656K)->4598K(70656K)
[8.752s][info][gc,heap        ] GC(121) ParOldGen: 1024397K(1033216K)->1033086K(1159168K)
[8.752s][info][gc,metaspace   ] GC(121) Metaspace: 6302K(6464K)->6302K(6464K) NonClass: 5768K(5824K)->5768K(5824K) Class: 533K(640K)->533K(640K)
[8.752s][info][gc             ] GC(121) Pause Full (Ergonomics) 1014M->1013M(1219M) 549.407ms
[8.752s][info][gc,cpu         ] GC(121) User=1.06s Sys=0.00s Real=0.55s
[8.771s][info][gc,start       ] GC(122) Pause Young (Allocation Failure)
[8.862s][info][gc,heap        ] GC(122) PSYoungGen: 23030K(89088K)->18496K(90624K) Eden: 18432K(18432K)->0K(18432K) From: 4598K(70656K)->18496K(72192K)
[8.862s][info][gc,heap        ] GC(122) ParOldGen: 1033086K(1159168K)->1037766K(1159168K)
[8.862s][info][gc,metaspace   ] GC(122) Metaspace: 6302K(6464K)->6302K(6464K) NonClass: 5768K(5824K)->5768K(5824K) Class: 533K(640K)->533K(640K)
[8.862s][info][gc             ] GC(122) Pause Young (Allocation Failure) 1031M->1031M(1220M) 91.515ms
[8.862s][info][gc,cpu         ] GC(122) User=0.17s Sys=0.00s Real=0.09s
[8.881s][info][gc,start       ] GC(123) Pause Young (Allocation Failure)
[8.913s][info][gc,heap        ] GC(123) PSYoungGen: 36928K(90624K)->18464K(86016K) Eden: 18432K(18432K)->0K(20992K) From: 18496K(72192K)->18464K(65024K)
[8.913s][info][gc,heap        ] GC(123) ParOldGen: 1037766K(1159168K)->1056470K(1159168K)
[8.913s][info][gc,metaspace   ] GC(123) Metaspace: 6302K(6464K)->6302K(6464K) NonClass: 5768K(5824K)->5768K(5824K) Class: 533K(640K)->533K(640K)
[8.913s][info][gc             ] GC(123) Pause Young (Allocation Failure) 1049M->1049M(1216M) 32.109ms
[8.913s][info][gc,cpu         ] GC(123) User=0.02s Sys=0.02s Real=0.03s
[8.935s][info][gc,start       ] GC(124) Pause Young (Allocation Failure)
[8.968s][info][gc,heap        ] GC(124) PSYoungGen: 39456K(86016K)->21024K(88576K) Eden: 20992K(20992K)->0K(20992K) From: 18464K(65024K)->21024K(67584K)
[8.968s][info][gc,heap        ] GC(124) ParOldGen: 1056470K(1159168K)->1075174K(1159168K)
[8.968s][info][gc,metaspace   ] GC(124) Metaspace: 6302K(6464K)->6302K(6464K) NonClass: 5768K(5824K)->5768K(5824K) Class: 533K(640K)->533K(640K)
[8.968s][info][gc             ] GC(124) Pause Young (Allocation Failure) 1070M->1070M(1218M) 33.284ms
[8.968s][info][gc,cpu         ] GC(124) User=0.06s Sys=0.00s Real=0.03s
[8.990s][info][gc,start       ] GC(125) Pause Young (Allocation Failure)
[9.025s][info][gc,heap        ] GC(125) PSYoungGen: 42016K(88576K)->21024K(82944K) Eden: 20992K(20992K)->0K(24064K) From: 21024K(67584K)->21024K(58880K)
[9.025s][info][gc,heap        ] GC(125) ParOldGen: 1075174K(1159168K)->1096470K(1159168K)
[9.025s][info][gc,metaspace   ] GC(125) Metaspace: 6302K(6464K)->6302K(6464K) NonClass: 5768K(5824K)->5768K(5824K) Class: 533K(640K)->533K(640K)
[9.025s][info][gc             ] GC(125) Pause Young (Allocation Failure) 1091M->1091M(1213M) 35.577ms
[9.025s][info][gc,cpu         ] GC(125) User=0.06s Sys=0.02s Real=0.03s
[9.050s][info][gc,start       ] GC(126) Pause Young (Allocation Failure)
[9.087s][info][gc,heap        ] GC(126) PSYoungGen: 45088K(82944K)->24128K(86016K) Eden: 24064K(24064K)->0K(24064K) From: 21024K(58880K)->24128K(61952K)
[9.087s][info][gc,heap        ] GC(126) ParOldGen: 1096470K(1159168K)->1117766K(1159168K)
[9.087s][info][gc,metaspace   ] GC(126) Metaspace: 6302K(6464K)->6302K(6464K) NonClass: 5768K(5824K)->5768K(5824K) Class: 533K(640K)->533K(640K)
[9.087s][info][gc             ] GC(126) Pause Young (Allocation Failure) 1114M->1115M(1216M) 37.825ms
[9.087s][info][gc,cpu         ] GC(126) User=0.06s Sys=0.00s Real=0.04s
[9.112s][info][gc,start       ] GC(127) Pause Young (Allocation Failure)
[9.151s][info][gc,heap        ] GC(127) PSYoungGen: 48192K(86016K)->24128K(80896K) Eden: 24064K(24064K)->0K(27136K) From: 24128K(61952K)->24128K(53760K)
[9.151s][info][gc,heap        ] GC(127) ParOldGen: 1117766K(1159168K)->1142182K(1159168K)
[9.151s][info][gc,metaspace   ] GC(127) Metaspace: 6302K(6464K)->6302K(6464K) NonClass: 5768K(5824K)->5768K(5824K) Class: 533K(640K)->533K(640K)
[9.151s][info][gc             ] GC(127) Pause Young (Allocation Failure) 1138M->1138M(1211M) 38.685ms
[9.151s][info][gc,cpu         ] GC(127) User=0.06s Sys=0.00s Real=0.04s
[9.151s][info][gc,start       ] GC(128) Pause Full (Ergonomics)
[9.151s][info][gc,phases,start] GC(128) Marking Phase
[9.588s][info][gc,phases      ] GC(128) Marking Phase 436.966ms
[9.588s][info][gc,phases,start] GC(128) Summary Phase
[9.588s][info][gc,phases      ] GC(128) Summary Phase 0.077ms
[9.588s][info][gc,phases,start] GC(128) Adjust Roots
[9.589s][info][gc,phases      ] GC(128) Adjust Roots 0.237ms
[9.589s][info][gc,phases,start] GC(128) Compaction Phase
[9.768s][info][gc,phases      ] GC(128) Compaction Phase 178.977ms
[9.768s][info][gc,phases,start] GC(128) Post Compact
[9.770s][info][gc,phases      ] GC(128) Post Compact 1.990ms
[9.770s][info][gc,heap        ] GC(128) PSYoungGen: 24128K(80896K)->5638K(83456K) Eden: 0K(27136K)->0K(29696K) From: 24128K(53760K)->5638K(53760K)
[9.770s][info][gc,heap        ] GC(128) ParOldGen: 1142182K(1159168K)->1158841K(1296384K)
[9.770s][info][gc,metaspace   ] GC(128) Metaspace: 6302K(6464K)->6302K(6464K) NonClass: 5768K(5824K)->5768K(5824K) Class: 533K(640K)->533K(640K)
[9.770s][info][gc             ] GC(128) Pause Full (Ergonomics) 1138M->1137M(1347M) 619.279ms
[9.770s][info][gc,cpu         ] GC(128) User=1.19s Sys=0.00s Real=0.62s
[9.802s][info][gc,start       ] GC(129) Pause Young (Allocation Failure)
[9.908s][info][gc,heap        ] GC(129) PSYoungGen: 35334K(83456K)->29760K(86016K) Eden: 29696K(29696K)->0K(29696K) From: 5638K(53760K)->29760K(56320K)
[9.908s][info][gc,heap        ] GC(129) ParOldGen: 1158841K(1296384K)->1164577K(1296384K)
[9.908s][info][gc,metaspace   ] GC(129) Metaspace: 6302K(6464K)->6302K(6464K) NonClass: 5768K(5824K)->5768K(5824K) Class: 533K(640K)->533K(640K)
[9.908s][info][gc             ] GC(129) Pause Young (Allocation Failure) 1166M->1166M(1350M) 106.690ms
[9.909s][info][gc,cpu         ] GC(129) User=0.19s Sys=0.00s Real=0.11s
[9.941s][info][gc,start       ] GC(130) Pause Young (Allocation Failure)
[9.985s][info][gc,heap        ] GC(130) PSYoungGen: 59456K(86016K)->54272K(77312K) Eden: 29696K(29696K)->0K(23040K) From: 29760K(56320K)->54272K(54272K)
[9.985s][info][gc,heap        ] GC(130) ParOldGen: 1164577K(1296384K)->1169825K(1296384K)
[9.985s][info][gc,metaspace   ] GC(130) Metaspace: 6302K(6464K)->6302K(6464K) NonClass: 5768K(5824K)->5768K(5824K) Class: 533K(640K)->533K(640K)
[9.985s][info][gc             ] GC(130) Pause Young (Allocation Failure) 1195M->1195M(1341M) 43.974ms
[9.985s][info][gc,cpu         ] GC(130) User=0.06s Sys=0.00s Real=0.04s
[10.010s][info][gc,start       ] GC(131) Pause Young (Allocation Failure)
[10.070s][info][gc,heap        ] GC(131) PSYoungGen: 77312K(77312K)->23104K(87040K) Eden: 23040K(23040K)->0K(23040K) From: 54272K(54272K)->23104K(64000K)
[10.070s][info][gc,heap        ] GC(131) ParOldGen: 1169825K(1296384K)->1224849K(1296384K)
[10.070s][info][gc,metaspace   ] GC(131) Metaspace: 6302K(6464K)->6302K(6464K) NonClass: 5768K(5824K)->5768K(5824K) Class: 533K(640K)->533K(640K)
[10.070s][info][gc             ] GC(131) Pause Young (Allocation Failure) 1217M->1218M(1351M) 60.595ms
[10.070s][info][gc,cpu         ] GC(131) User=0.09s Sys=0.00s Real=0.06s
[10.095s][info][gc,start       ] GC(132) Pause Young (Allocation Failure)
[10.134s][info][gc,heap        ] GC(132) PSYoungGen: 46144K(87040K)->23104K(83456K) Eden: 23040K(23040K)->0K(26112K) From: 23104K(64000K)->23104K(57344K)
[10.134s][info][gc,heap        ] GC(132) ParOldGen: 1224849K(1296384K)->1248225K(1296384K)
[10.134s][info][gc,metaspace   ] GC(132) Metaspace: 6302K(6464K)->6302K(6464K) NonClass: 5768K(5824K)->5768K(5824K) Class: 533K(640K)->533K(640K)
[10.134s][info][gc             ] GC(132) Pause Young (Allocation Failure) 1241M->1241M(1347M) 39.132ms
[10.134s][info][gc,cpu         ] GC(132) User=0.06s Sys=0.00s Real=0.04s
[10.134s][info][gc,start       ] GC(133) Pause Full (Ergonomics)
[10.134s][info][gc,phases,start] GC(133) Marking Phase
[10.614s][info][gc,phases      ] GC(133) Marking Phase 479.643ms
[10.614s][info][gc,phases,start] GC(133) Summary Phase
[10.614s][info][gc,phases      ] GC(133) Summary Phase 0.069ms
[10.614s][info][gc,phases,start] GC(133) Adjust Roots
[10.615s][info][gc,phases      ] GC(133) Adjust Roots 0.284ms
[10.615s][info][gc,phases,start] GC(133) Compaction Phase
[10.805s][info][gc,phases      ] GC(133) Compaction Phase 190.386ms
[10.805s][info][gc,phases,start] GC(133) Post Compact
[10.807s][info][gc,phases      ] GC(133) Post Compact 2.251ms
[10.808s][info][gc,heap        ] GC(133) PSYoungGen: 23104K(83456K)->0K(85504K) Eden: 0K(26112K)->0K(26112K) From: 23104K(57344K)->0K(59392K)
[10.808s][info][gc,heap        ] GC(133) ParOldGen: 1248225K(1296384K)->1269828K(1430016K)
[10.808s][info][gc,metaspace   ] GC(133) Metaspace: 6302K(6464K)->6302K(6464K) NonClass: 5768K(5824K)->5768K(5824K) Class: 533K(640K)->533K(640K)
[10.808s][info][gc             ] GC(133) Pause Full (Ergonomics) 1241M->1240M(1480M) 673.659ms
[10.808s][info][gc,cpu         ] GC(133) User=1.28s Sys=0.00s Real=0.67s
[10.837s][info][gc,start       ] GC(134) Pause Young (Allocation Failure)
[10.861s][info][gc,heap        ] GC(134) PSYoungGen: 26112K(85504K)->26176K(81920K) Eden: 26112K(26112K)->0K(28672K) From: 0K(59392K)->26176K(53248K)
[10.862s][info][gc,heap        ] GC(134) ParOldGen: 1269828K(1430016K)->1269828K(1430016K)
[10.862s][info][gc,metaspace   ] GC(134) Metaspace: 6302K(6464K)->6302K(6464K) NonClass: 5768K(5824K)->5768K(5824K) Class: 533K(640K)->533K(640K)
[10.862s][info][gc             ] GC(134) Pause Young (Allocation Failure) 1265M->1265M(1476M) 24.553ms
[10.862s][info][gc,cpu         ] GC(134) User=0.03s Sys=0.00s Real=0.02s
[10.886s][info][gc,start       ] GC(135) Pause Young (Allocation Failure)
[10.919s][info][gc,heap        ] GC(135) PSYoungGen: 54848K(81920K)->43584K(85504K) Eden: 28672K(28672K)->0K(28672K) From: 26176K(53248K)->43584K(56832K)
[10.919s][info][gc,heap        ] GC(135) ParOldGen: 1269828K(1430016K)->1269828K(1430016K)
[10.919s][info][gc,metaspace   ] GC(135) Metaspace: 6302K(6464K)->6302K(6464K) NonClass: 5768K(5824K)->5768K(5824K) Class: 533K(640K)->533K(640K)
[10.919s][info][gc             ] GC(135) Pause Young (Allocation Failure) 1293M->1282M(1480M) 32.750ms
[10.919s][info][gc,cpu         ] GC(135) User=0.06s Sys=0.00s Real=0.03s
[10.946s][info][gc,start       ] GC(136) Pause Young (Allocation Failure)
[10.994s][info][gc,heap        ] GC(136) PSYoungGen: 72256K(85504K)->59392K(80896K) Eden: 28672K(28672K)->0K(21504K) From: 43584K(56832K)->59392K(59392K)
[10.994s][info][gc,heap        ] GC(136) ParOldGen: 1269828K(1430016K)->1275692K(1430016K)
[10.994s][info][gc,metaspace   ] GC(136) Metaspace: 6302K(6464K)->6302K(6464K) NonClass: 5768K(5824K)->5768K(5824K) Class: 533K(640K)->533K(640K)
[10.994s][info][gc             ] GC(136) Pause Young (Allocation Failure) 1310M->1303M(1475M) 47.855ms
[10.994s][info][gc,cpu         ] GC(136) User=0.09s Sys=0.00s Real=0.05s
[11.019s][info][gc,start       ] GC(137) Pause Young (Allocation Failure)
[11.077s][info][gc,heap        ] GC(137) PSYoungGen: 80896K(80896K)->40704K(91136K) Eden: 21504K(21504K)->0K(21504K) From: 59392K(59392K)->40704K(69632K)
[11.077s][info][gc,heap        ] GC(137) ParOldGen: 1275692K(1430016K)->1316500K(1430016K)
[11.077s][info][gc,metaspace   ] GC(137) Metaspace: 6302K(6464K)->6302K(6464K) NonClass: 5768K(5824K)->5768K(5824K) Class: 533K(640K)->533K(640K)
[11.078s][info][gc             ] GC(137) Pause Young (Allocation Failure) 1324M->1325M(1485M) 58.507ms
[11.078s][info][gc,cpu         ] GC(137) User=0.06s Sys=0.03s Real=0.06s
[11.101s][info][gc,start       ] GC(138) Pause Young (Allocation Failure)
[11.147s][info][gc,heap        ] GC(138) PSYoungGen: 62208K(91136K)->43072K(93184K) Eden: 21504K(21504K)->0K(24576K) From: 40704K(69632K)->43072K(68608K)
[11.147s][info][gc,heap        ] GC(138) ParOldGen: 1316500K(1430016K)->1335916K(1430016K)
[11.147s][info][gc,metaspace   ] GC(138) Metaspace: 6302K(6464K)->6302K(6464K) NonClass: 5768K(5824K)->5768K(5824K) Class: 533K(640K)->533K(640K)
[11.147s][info][gc             ] GC(138) Pause Young (Allocation Failure) 1346M->1346M(1487M) 45.594ms
[11.147s][info][gc,cpu         ] GC(138) User=0.06s Sys=0.00s Real=0.05s
[11.175s][info][gc,start       ] GC(139) Pause Young (Allocation Failure)
[11.225s][info][gc,heap        ] GC(139) PSYoungGen: 67648K(93184K)->46144K(93184K) Eden: 24576K(24576K)->0K(24576K) From: 43072K(68608K)->46144K(68608K)
[11.225s][info][gc,heap        ] GC(139) ParOldGen: 1335916K(1430016K)->1357740K(1430016K)
[11.225s][info][gc,metaspace   ] GC(139) Metaspace: 6302K(6464K)->6302K(6464K) NonClass: 5768K(5824K)->5768K(5824K) Class: 533K(640K)->533K(640K)
[11.225s][info][gc             ] GC(139) Pause Young (Allocation Failure) 1370M->1370M(1487M) 50.008ms
[11.225s][info][gc,cpu         ] GC(139) User=0.09s Sys=0.00s Real=0.05s
[11.517s][info][gc,start       ] GC(140) Pause Full (Ergonomics)
[11.517s][info][gc,phases,start] GC(140) Marking Phase
[12.067s][info][gc,phases      ] GC(140) Marking Phase 549.804ms
[12.067s][info][gc,phases,start] GC(140) Summary Phase
[12.067s][info][gc,phases      ] GC(140) Summary Phase 0.051ms
[12.067s][info][gc,phases,start] GC(140) Adjust Roots
[12.067s][info][gc,phases      ] GC(140) Adjust Roots 0.310ms
[12.067s][info][gc,phases,start] GC(140) Compaction Phase
[12.407s][info][gc,phases      ] GC(140) Compaction Phase 339.633ms
[12.407s][info][gc,phases,start] GC(140) Post Compact
[12.410s][info][gc,phases      ] GC(140) Post Compact 3.096ms
[12.411s][info][gc,heap        ] GC(140) PSYoungGen: 70720K(93184K)->30178K(93184K) Eden: 24576K(24576K)->0K(24576K) From: 46144K(68608K)->30178K(68608K)
[12.411s][info][gc,heap        ] GC(140) ParOldGen: 1423276K(1430016K)->1429509K(1601024K)
[12.411s][info][gc,metaspace   ] GC(140) Metaspace: 6302K(6464K)->6302K(6464K) NonClass: 5768K(5824K)->5768K(5824K) Class: 533K(640K)->533K(640K)
[12.411s][info][gc             ] GC(140) Pause Full (Ergonomics) 1458M->1425M(1654M) 893.952ms
[12.411s][info][gc,cpu         ] GC(140) User=1.72s Sys=0.00s Real=0.89s
[12.434s][info][gc,start       ] GC(141) Pause Young (Allocation Failure)
[12.564s][info][gc,heap        ] GC(141) PSYoungGen: 54754K(93184K)->40192K(92160K) Eden: 24576K(24576K)->0K(27136K) From: 30178K(68608K)->40192K(65024K)
[12.564s][info][gc,heap        ] GC(141) ParOldGen: 1429509K(1601024K)->1444389K(1601024K)
[12.564s][info][gc,metaspace   ] GC(141) Metaspace: 6302K(6464K)->6302K(6464K) NonClass: 5768K(5824K)->5768K(5824K) Class: 533K(640K)->533K(640K)
[12.564s][info][gc             ] GC(141) Pause Young (Allocation Failure) 1449M->1449M(1653M) 129.364ms
[12.564s][info][gc,cpu         ] GC(141) User=0.22s Sys=0.00s Real=0.13s
[12.587s][info][gc,start       ] GC(142) Pause Young (Allocation Failure)
[12.631s][info][gc,heap        ] GC(142) PSYoungGen: 67328K(92160K)->67328K(94720K) Eden: 27136K(27136K)->0K(27136K) From: 40192K(65024K)->67328K(67584K)
[12.631s][info][gc,heap        ] GC(142) ParOldGen: 1444389K(1601024K)->1444389K(1601024K)
[12.631s][info][gc,metaspace   ] GC(142) Metaspace: 6302K(6464K)->6302K(6464K) NonClass: 5768K(5824K)->5768K(5824K) Class: 533K(640K)->533K(640K)
[12.631s][info][gc             ] GC(142) Pause Young (Allocation Failure) 1476M->1476M(1656M) 43.296ms
[12.631s][info][gc,cpu         ] GC(142) User=0.08s Sys=0.00s Real=0.04s
[12.655s][info][gc,start       ] GC(143) Pause Young (Allocation Failure)
[12.721s][info][gc,heap        ] GC(143) PSYoungGen: 94464K(94720K)->76288K(90112K) Eden: 27136K(27136K)->0K(13824K) From: 67328K(67584K)->76288K(76288K)
[12.721s][info][gc,heap        ] GC(143) ParOldGen: 1444389K(1601024K)->1462797K(1601024K)
[12.721s][info][gc,metaspace   ] GC(143) Metaspace: 6302K(6464K)->6302K(6464K) NonClass: 5768K(5824K)->5768K(5824K) Class: 533K(640K)->533K(640K)
[12.721s][info][gc             ] GC(143) Pause Young (Allocation Failure) 1502M->1503M(1651M) 66.184ms
[12.721s][info][gc,cpu         ] GC(143) User=0.08s Sys=0.05s Real=0.07s
[12.735s][info][gc,start       ] GC(144) Pause Young (Allocation Failure)
[12.797s][info][gc,heap        ] GC(144) PSYoungGen: 90112K(90112K)->58240K(106496K) Eden: 13824K(13824K)->0K(13824K) From: 76288K(76288K)->58240K(92672K)
[12.797s][info][gc,heap        ] GC(144) ParOldGen: 1462797K(1601024K)->1495069K(1601024K)
[12.797s][info][gc,metaspace   ] GC(144) Metaspace: 6302K(6464K)->6302K(6464K) NonClass: 5768K(5824K)->5768K(5824K) Class: 533K(640K)->533K(640K)
[12.797s][info][gc             ] GC(144) Pause Young (Allocation Failure) 1516M->1516M(1667M) 62.226ms
[12.797s][info][gc,cpu         ] GC(144) User=0.09s Sys=0.00s Real=0.06s
[12.810s][info][gc,start       ] GC(145) Pause Young (Allocation Failure)
[12.861s][info][gc,heap        ] GC(145) PSYoungGen: 72064K(106496K)->48064K(101888K) Eden: 13824K(13824K)->0K(16384K) From: 58240K(92672K)->48064K(85504K)
[12.861s][info][gc,heap        ] GC(145) ParOldGen: 1495069K(1601024K)->1519413K(1601024K)
[12.861s][info][gc,metaspace   ] GC(145) Metaspace: 6302K(6464K)->6302K(6464K) NonClass: 5768K(5824K)->5768K(5824K) Class: 533K(640K)->533K(640K)
[12.861s][info][gc             ] GC(145) Pause Young (Allocation Failure) 1530M->1530M(1663M) 50.665ms
[12.861s][info][gc,cpu         ] GC(145) User=0.08s Sys=0.02s Real=0.05s
[12.877s][info][gc,start       ] GC(146) Pause Young (Allocation Failure)
[12.926s][info][gc,heap        ] GC(146) PSYoungGen: 64448K(101888K)->30240K(105472K) Eden: 16384K(16384K)->0K(16384K) From: 48064K(85504K)->30240K(89088K)
[12.926s][info][gc,heap        ] GC(146) ParOldGen: 1519413K(1601024K)->1554069K(1601024K)
[12.926s][info][gc,metaspace   ] GC(146) Metaspace: 6302K(6464K)->6302K(6464K) NonClass: 5768K(5824K)->5768K(5824K) Class: 533K(640K)->533K(640K)
[12.926s][info][gc             ] GC(146) Pause Young (Allocation Failure) 1546M->1547M(1666M) 49.573ms
[12.926s][info][gc,cpu         ] GC(146) User=0.09s Sys=0.00s Real=0.05s
[12.926s][info][gc,start       ] GC(147) Pause Full (Ergonomics)
[12.926s][info][gc,phases,start] GC(147) Marking Phase
[13.517s][info][gc,phases      ] GC(147) Marking Phase 591.001ms
[13.517s][info][gc,phases,start] GC(147) Summary Phase
[13.518s][info][gc,phases      ] GC(147) Summary Phase 0.053ms
[13.518s][info][gc,phases,start] GC(147) Adjust Roots
[13.518s][info][gc,phases      ] GC(147) Adjust Roots 0.222ms
[13.518s][info][gc,phases,start] GC(147) Compaction Phase
[13.759s][info][gc,phases      ] GC(147) Compaction Phase 241.201ms
[13.759s][info][gc,phases,start] GC(147) Post Compact
[13.762s][info][gc,phases      ] GC(147) Post Compact 2.492ms
[13.762s][info][gc,heap        ] GC(147) PSYoungGen: 30240K(105472K)->0K(106496K) Eden: 0K(16384K)->0K(18944K) From: 30240K(89088K)->0K(87552K)
[13.762s][info][gc,heap        ] GC(147) ParOldGen: 1554069K(1601024K)->1582376K(1707008K)
[13.762s][info][gc,metaspace   ] GC(147) Metaspace: 6302K(6464K)->6302K(6464K) NonClass: 5768K(5824K)->5768K(5824K) Class: 533K(640K)->533K(640K)
[13.762s][info][gc             ] GC(147) Pause Full (Ergonomics) 1547M->1545M(1771M) 835.880ms
[13.762s][info][gc,cpu         ] GC(147) User=1.61s Sys=0.00s Real=0.84s
[13.780s][info][gc,start       ] GC(148) Pause Young (Allocation Failure)
[13.801s][info][gc,heap        ] GC(148) PSYoungGen: 18944K(106496K)->18976K(106496K) Eden: 18944K(18944K)->0K(18944K) From: 0K(87552K)->18976K(87552K)
[13.801s][info][gc,heap        ] GC(148) ParOldGen: 1582376K(1707008K)->1582376K(1707008K)
[13.801s][info][gc,metaspace   ] GC(148) Metaspace: 6302K(6464K)->6302K(6464K) NonClass: 5768K(5824K)->5768K(5824K) Class: 533K(640K)->533K(640K)
[13.801s][info][gc             ] GC(148) Pause Young (Allocation Failure) 1563M->1563M(1771M) 20.532ms
[13.801s][info][gc,cpu         ] GC(148) User=0.03s Sys=0.00s Real=0.02s
[13.818s][info][gc,start       ] GC(149) Pause Young (Allocation Failure)
[13.846s][info][gc,heap        ] GC(149) PSYoungGen: 37920K(106496K)->37952K(101888K) Eden: 18944K(18944K)->0K(21504K) From: 18976K(87552K)->37952K(80384K)
[13.846s][info][gc,heap        ] GC(149) ParOldGen: 1582376K(1707008K)->1582376K(1707008K)
[13.846s][info][gc,metaspace   ] GC(149) Metaspace: 6302K(6464K)->6302K(6464K) NonClass: 5768K(5824K)->5768K(5824K) Class: 533K(640K)->533K(640K)
[13.846s][info][gc             ] GC(149) Pause Young (Allocation Failure) 1582M->1582M(1766M) 28.329ms
[13.846s][info][gc,cpu         ] GC(149) User=0.03s Sys=0.00s Real=0.03s
[13.865s][info][gc,start       ] GC(150) Pause Young (Allocation Failure)
[13.908s][info][gc,heap        ] GC(150) PSYoungGen: 59456K(101888K)->40512K(62464K) Eden: 21504K(21504K)->0K(21504K) From: 37952K(80384K)->40512K(40960K)
[13.908s][info][gc,heap        ] GC(150) ParOldGen: 1582376K(1707008K)->1601600K(1707008K)
[13.908s][info][gc,metaspace   ] GC(150) Metaspace: 6302K(6464K)->6302K(6464K) NonClass: 5768K(5824K)->5768K(5824K) Class: 533K(640K)->533K(640K)
[13.908s][info][gc             ] GC(150) Pause Young (Allocation Failure) 1603M->1603M(1728M) 42.825ms
[13.908s][info][gc,cpu         ] GC(150) User=0.06s Sys=0.00s Real=0.04s
[13.928s][info][gc,start       ] GC(151) Pause Young (Allocation Failure)
[13.972s][info][gc,heap        ] GC(151) PSYoungGen: 62016K(62464K)->43072K(98304K) Eden: 21504K(21504K)->0K(24576K) From: 40512K(40960K)->43072K(73728K)
[13.972s][info][gc,heap        ] GC(151) ParOldGen: 1601600K(1707008K)->1620816K(1707008K)
[13.972s][info][gc,metaspace   ] GC(151) Metaspace: 6302K(6464K)->6302K(6464K) NonClass: 5768K(5824K)->5768K(5824K) Class: 533K(640K)->533K(640K)
[13.972s][info][gc             ] GC(151) Pause Young (Allocation Failure) 1624M->1624M(1763M) 44.075ms
[13.972s][info][gc,cpu         ] GC(151) User=0.06s Sys=0.00s Real=0.04s
[13.995s][info][gc,start       ] GC(152) Pause Young (Allocation Failure)
[14.042s][info][gc,heap        ] GC(152) PSYoungGen: 67648K(98304K)->46144K(101376K) Eden: 24576K(24576K)->0K(24576K) From: 43072K(73728K)->46144K(76800K)
[14.043s][info][gc,heap        ] GC(152) ParOldGen: 1620816K(1707008K)->1642640K(1707008K)
[14.043s][info][gc,metaspace   ] GC(152) Metaspace: 6302K(6464K)->6302K(6464K) NonClass: 5768K(5824K)->5768K(5824K) Class: 533K(640K)->533K(640K)
[14.043s][info][gc             ] GC(152) Pause Young (Allocation Failure) 1648M->1649M(1766M) 47.137ms
[14.043s][info][gc,cpu         ] GC(152) User=0.06s Sys=0.00s Real=0.05s
[14.066s][info][gc,start       ] GC(153) Pause Young (Allocation Failure)
[14.118s][info][gc,heap        ] GC(153) PSYoungGen: 70720K(101376K)->49216K(101888K) Eden: 24576K(24576K)->0K(28160K) From: 46144K(76800K)->49216K(73728K)
[14.118s][info][gc,heap        ] GC(153) ParOldGen: 1642640K(1707008K)->1664448K(1707008K)
[14.118s][info][gc,metaspace   ] GC(153) Metaspace: 6302K(6464K)->6302K(6464K) NonClass: 5768K(5824K)->5768K(5824K) Class: 533K(640K)->533K(640K)
[14.118s][info][gc             ] GC(153) Pause Young (Allocation Failure) 1673M->1673M(1766M) 51.676ms
[14.118s][info][gc,cpu         ] GC(153) User=0.09s Sys=0.00s Real=0.05s
[14.146s][info][gc,start       ] GC(154) Pause Young (Allocation Failure)
[14.215s][info][gc,heap        ] GC(154) PSYoungGen: 77376K(101888K)->52800K(102400K) Eden: 28160K(28160K)->0K(28160K) From: 49216K(73728K)->52800K(74240K)
[14.215s][info][gc,heap        ] GC(154) ParOldGen: 1664448K(1707008K)->1689368K(1707008K)
[14.215s][info][gc,metaspace   ] GC(154) Metaspace: 6302K(6464K)->6302K(6464K) NonClass: 5768K(5824K)->5768K(5824K) Class: 533K(640K)->533K(640K)
[14.215s][info][gc             ] GC(154) Pause Young (Allocation Failure) 1701M->1701M(1767M) 68.839ms
[14.215s][info][gc,cpu         ] GC(154) User=0.11s Sys=0.02s Real=0.07s
[14.215s][info][gc,start       ] GC(155) Pause Full (Ergonomics)
[14.215s][info][gc,phases,start] GC(155) Marking Phase
[14.869s][info][gc,phases      ] GC(155) Marking Phase 653.534ms
[14.869s][info][gc,phases,start] GC(155) Summary Phase
[14.869s][info][gc,phases      ] GC(155) Summary Phase 0.036ms
[14.869s][info][gc,phases,start] GC(155) Adjust Roots
[14.869s][info][gc,phases      ] GC(155) Adjust Roots 0.220ms
[14.869s][info][gc,phases,start] GC(155) Compaction Phase
[15.134s][info][gc,phases      ] GC(155) Compaction Phase 264.815ms
[15.134s][info][gc,phases,start] GC(155) Post Compact
[15.137s][info][gc,phases      ] GC(155) Post Compact 2.882ms
[15.137s][info][gc,heap        ] GC(155) PSYoungGen: 52800K(102400K)->33766K(102400K) Eden: 0K(28160K)->0K(28160K) From: 52800K(74240K)->33766K(74240K)
[15.137s][info][gc,heap        ] GC(155) ParOldGen: 1689368K(1707008K)->1706606K(1707008K)
[15.137s][info][gc,metaspace   ] GC(155) Metaspace: 6302K(6464K)->6302K(6464K) NonClass: 5768K(5824K)->5768K(5824K) Class: 533K(640K)->533K(640K)
[15.137s][info][gc             ] GC(155) Pause Full (Ergonomics) 1701M->1699M(1767M) 921.851ms
[15.137s][info][gc,cpu         ] GC(155) User=1.77s Sys=0.03s Real=0.92s
[15.165s][info][gc,start       ] GC(156) Pause Full (Ergonomics)
[15.165s][info][gc,phases,start] GC(156) Marking Phase
[15.823s][info][gc,phases      ] GC(156) Marking Phase 657.512ms
[15.823s][info][gc,phases,start] GC(156) Summary Phase
[15.823s][info][gc,phases      ] GC(156) Summary Phase 0.035ms
[15.823s][info][gc,phases,start] GC(156) Adjust Roots
[15.823s][info][gc,phases      ] GC(156) Adjust Roots 0.222ms
[15.823s][info][gc,phases,start] GC(156) Compaction Phase
[16.052s][info][gc,phases      ] GC(156) Compaction Phase 229.008ms
[16.052s][info][gc,phases,start] GC(156) Post Compact
[16.055s][info][gc,phases      ] GC(156) Post Compact 2.926ms
[16.055s][info][gc,heap        ] GC(156) PSYoungGen: 61926K(102400K)->61891K(102400K) Eden: 28160K(28160K)->28125K(28160K) From: 33766K(74240K)->33766K(74240K)
[16.055s][info][gc,heap        ] GC(156) ParOldGen: 1706606K(1707008K)->1706606K(1707008K)
[16.055s][info][gc,metaspace   ] GC(156) Metaspace: 6302K(6464K)->6302K(6464K) NonClass: 5768K(5824K)->5768K(5824K) Class: 533K(640K)->533K(640K)
[16.055s][info][gc             ] GC(156) Pause Full (Ergonomics) 1727M->1727M(1767M) 890.218ms
[16.055s][info][gc,cpu         ] GC(156) User=1.73s Sys=0.05s Real=0.89s
[16.056s][info][gc,start       ] GC(157) Pause Full (Ergonomics)
[16.056s][info][gc,phases,start] GC(157) Marking Phase
[16.711s][info][gc,phases      ] GC(157) Marking Phase 655.493ms
[16.711s][info][gc,phases,start] GC(157) Summary Phase
[16.711s][info][gc,phases      ] GC(157) Summary Phase 0.035ms
[16.711s][info][gc,phases,start] GC(157) Adjust Roots
[16.712s][info][gc,phases      ] GC(157) Adjust Roots 0.247ms
[16.712s][info][gc,phases,start] GC(157) Compaction Phase
[16.938s][info][gc,phases      ] GC(157) Compaction Phase 226.801ms
[16.938s][info][gc,phases,start] GC(157) Post Compact
[16.942s][info][gc,phases      ] GC(157) Post Compact 3.150ms
[16.942s][info][gc,heap        ] GC(157) PSYoungGen: 61926K(102400K)->61925K(102400K) Eden: 28160K(28160K)->28159K(28160K) From: 33766K(74240K)->33766K(74240K)
[16.942s][info][gc,heap        ] GC(157) ParOldGen: 1706606K(1707008K)->1706606K(1707008K)
[16.942s][info][gc,metaspace   ] GC(157) Metaspace: 6302K(6464K)->6302K(6464K) NonClass: 5768K(5824K)->5768K(5824K) Class: 533K(640K)->533K(640K)
[16.942s][info][gc             ] GC(157) Pause Full (Ergonomics) 1727M->1727M(1767M) 886.199ms
[16.942s][info][gc,cpu         ] GC(157) User=1.72s Sys=0.00s Real=0.89s
[16.942s][info][gc,start       ] GC(158) Pause Full (Ergonomics)
[16.942s][info][gc,phases,start] GC(158) Marking Phase
[17.608s][info][gc,phases      ] GC(158) Marking Phase 665.212ms
[17.608s][info][gc,phases,start] GC(158) Summary Phase
[17.608s][info][gc,phases      ] GC(158) Summary Phase 0.042ms
[17.608s][info][gc,phases,start] GC(158) Adjust Roots
[17.608s][info][gc,phases      ] GC(158) Adjust Roots 0.232ms
[17.608s][info][gc,phases,start] GC(158) Compaction Phase
[17.834s][info][gc,phases      ] GC(158) Compaction Phase 226.282ms
[17.834s][info][gc,phases,start] GC(158) Post Compact
[17.837s][info][gc,phases      ] GC(158) Post Compact 2.970ms
[17.837s][info][gc,heap        ] GC(158) PSYoungGen: 61926K(102400K)->61926K(102400K) Eden: 28159K(28160K)->28159K(28160K) From: 33766K(74240K)->33766K(74240K)
[17.837s][info][gc,heap        ] GC(158) ParOldGen: 1706606K(1707008K)->1706606K(1707008K)
[17.837s][info][gc,metaspace   ] GC(158) Metaspace: 6302K(6464K)->6302K(6464K) NonClass: 5768K(5824K)->5768K(5824K) Class: 533K(640K)->533K(640K)
[17.837s][info][gc             ] GC(158) Pause Full (Ergonomics) 1727M->1727M(1767M) 895.189ms
[17.837s][info][gc,cpu         ] GC(158) User=1.72s Sys=0.00s Real=0.89s
[17.838s][info][gc,start       ] GC(159) Pause Full (Ergonomics)
[17.838s][info][gc,phases,start] GC(159) Marking Phase
[18.495s][info][gc,phases      ] GC(159) Marking Phase 656.784ms
[18.495s][info][gc,phases,start] GC(159) Summary Phase
[18.495s][info][gc,phases      ] GC(159) Summary Phase 0.035ms
[18.495s][info][gc,phases,start] GC(159) Adjust Roots
[18.495s][info][gc,phases      ] GC(159) Adjust Roots 0.234ms
[18.495s][info][gc,phases,start] GC(159) Compaction Phase
[18.719s][info][gc,phases      ] GC(159) Compaction Phase 224.413ms
[18.720s][info][gc,phases,start] GC(159) Post Compact
[18.722s][info][gc,phases      ] GC(159) Post Compact 2.891ms
[18.723s][info][gc,heap        ] GC(159) PSYoungGen: 61926K(102400K)->61926K(102400K) Eden: 28159K(28160K)->28159K(28160K) From: 33766K(74240K)->33766K(74240K)
[18.723s][info][gc,heap        ] GC(159) ParOldGen: 1706611K(1707008K)->1706611K(1707008K)
[18.723s][info][gc,metaspace   ] GC(159) Metaspace: 6302K(6464K)->6302K(6464K) NonClass: 5768K(5824K)->5768K(5824K) Class: 533K(640K)->533K(640K)
[18.723s][info][gc             ] GC(159) Pause Full (Ergonomics) 1727M->1727M(1767M) 884.750ms
[18.723s][info][gc,cpu         ] GC(159) User=1.69s Sys=0.00s Real=0.88s
[18.723s][info][gc,start       ] GC(160) Pause Full (Ergonomics)
[18.723s][info][gc,phases,start] GC(160) Marking Phase
[19.378s][info][gc,phases      ] GC(160) Marking Phase 654.781ms
[19.378s][info][gc,phases,start] GC(160) Summary Phase
[19.378s][info][gc,phases      ] GC(160) Summary Phase 0.041ms
[19.378s][info][gc,phases,start] GC(160) Adjust Roots
[19.378s][info][gc,phases      ] GC(160) Adjust Roots 0.225ms
[19.378s][info][gc,phases,start] GC(160) Compaction Phase
[19.602s][info][gc,phases      ] GC(160) Compaction Phase 223.485ms
[19.602s][info][gc,phases,start] GC(160) Post Compact
[19.605s][info][gc,phases      ] GC(160) Post Compact 3.078ms
[19.605s][info][gc,heap        ] GC(160) PSYoungGen: 61926K(102400K)->61926K(102400K) Eden: 28159K(28160K)->28159K(28160K) From: 33766K(74240K)->33766K(74240K)
[19.605s][info][gc,heap        ] GC(160) ParOldGen: 1706616K(1707008K)->1706616K(1707008K)
[19.605s][info][gc,metaspace   ] GC(160) Metaspace: 6302K(6464K)->6302K(6464K) NonClass: 5768K(5824K)->5768K(5824K) Class: 533K(640K)->533K(640K)
[19.605s][info][gc             ] GC(160) Pause Full (Ergonomics) 1727M->1727M(1767M) 882.025ms
[19.605s][info][gc,cpu         ] GC(160) User=1.70s Sys=0.00s Real=0.88s
[19.605s][info][gc,start       ] GC(161) Pause Full (Ergonomics)
[19.605s][info][gc,phases,start] GC(161) Marking Phase
[20.264s][info][gc,phases      ] GC(161) Marking Phase 658.579ms
[20.264s][info][gc,phases,start] GC(161) Summary Phase
[20.264s][info][gc,phases      ] GC(161) Summary Phase 0.035ms
[20.264s][info][gc,phases,start] GC(161) Adjust Roots
[20.264s][info][gc,phases      ] GC(161) Adjust Roots 0.221ms
[20.264s][info][gc,phases,start] GC(161) Compaction Phase
[20.487s][info][gc,phases      ] GC(161) Compaction Phase 222.957ms
[20.487s][info][gc,phases,start] GC(161) Post Compact
[20.490s][info][gc,phases      ] GC(161) Post Compact 2.897ms
[20.490s][info][gc,heap        ] GC(161) PSYoungGen: 61926K(102400K)->61926K(102400K) Eden: 28159K(28160K)->28159K(28160K) From: 33766K(74240K)->33766K(74240K)
[20.490s][info][gc,heap        ] GC(161) ParOldGen: 1706620K(1707008K)->1706620K(1707008K)
[20.490s][info][gc,metaspace   ] GC(161) Metaspace: 6302K(6464K)->6302K(6464K) NonClass: 5768K(5824K)->5768K(5824K) Class: 533K(640K)->533K(640K)
[20.490s][info][gc             ] GC(161) Pause Full (Ergonomics) 1727M->1727M(1767M) 885.085ms
[20.490s][info][gc,cpu         ] GC(161) User=1.72s Sys=0.00s Real=0.88s
[20.491s][info][gc,start       ] GC(162) Pause Full (Ergonomics)
[20.491s][info][gc,phases,start] GC(162) Marking Phase
[21.147s][info][gc,phases      ] GC(162) Marking Phase 655.980ms
[21.147s][info][gc,phases,start] GC(162) Summary Phase
[21.147s][info][gc,phases      ] GC(162) Summary Phase 0.035ms
[21.147s][info][gc,phases,start] GC(162) Adjust Roots
[21.147s][info][gc,phases      ] GC(162) Adjust Roots 0.241ms
[21.147s][info][gc,phases,start] GC(162) Compaction Phase
[21.370s][info][gc,phases      ] GC(162) Compaction Phase 222.855ms
[21.370s][info][gc,phases,start] GC(162) Post Compact
[21.373s][info][gc,phases      ] GC(162) Post Compact 2.911ms
[21.373s][info][gc,heap        ] GC(162) PSYoungGen: 61926K(102400K)->61926K(102400K) Eden: 28159K(28160K)->28159K(28160K) From: 33766K(74240K)->33766K(74240K)
[21.373s][info][gc,heap        ] GC(162) ParOldGen: 1706625K(1707008K)->1706625K(1707008K)
[21.373s][info][gc,metaspace   ] GC(162) Metaspace: 6302K(6464K)->6302K(6464K) NonClass: 5768K(5824K)->5768K(5824K) Class: 533K(640K)->533K(640K)
[21.373s][info][gc             ] GC(162) Pause Full (Ergonomics) 1727M->1727M(1767M) 882.417ms
[21.373s][info][gc,cpu         ] GC(162) User=1.72s Sys=0.00s Real=0.88s
[21.373s][info][gc,start       ] GC(163) Pause Full (Ergonomics)
[21.373s][info][gc,phases,start] GC(163) Marking Phase
[22.029s][info][gc,phases      ] GC(163) Marking Phase 655.632ms
[22.029s][info][gc,phases,start] GC(163) Summary Phase
[22.029s][info][gc,phases      ] GC(163) Summary Phase 0.035ms
[22.029s][info][gc,phases,start] GC(163) Adjust Roots
[22.029s][info][gc,phases      ] GC(163) Adjust Roots 0.292ms
[22.030s][info][gc,phases,start] GC(163) Compaction Phase
[22.256s][info][gc,phases      ] GC(163) Compaction Phase 226.532ms
[22.256s][info][gc,phases,start] GC(163) Post Compact
[22.259s][info][gc,phases      ] GC(163) Post Compact 3.035ms
[22.259s][info][gc,heap        ] GC(163) PSYoungGen: 61926K(102400K)->61926K(102400K) Eden: 28159K(28160K)->28159K(28160K) From: 33766K(74240K)->33766K(74240K)
[22.259s][info][gc,heap        ] GC(163) ParOldGen: 1706630K(1707008K)->1706630K(1707008K)
[22.259s][info][gc,metaspace   ] GC(163) Metaspace: 6302K(6464K)->6302K(6464K) NonClass: 5768K(5824K)->5768K(5824K) Class: 533K(640K)->533K(640K)
[22.259s][info][gc             ] GC(163) Pause Full (Ergonomics) 1727M->1727M(1767M) 885.957ms
[22.259s][info][gc,cpu         ] GC(163) User=1.70s Sys=0.00s Real=0.89s
[22.260s][info][gc,start       ] GC(164) Pause Full (Ergonomics)
[22.260s][info][gc,phases,start] GC(164) Marking Phase
[22.921s][info][gc,phases      ] GC(164) Marking Phase 660.868ms
[22.921s][info][gc,phases,start] GC(164) Summary Phase
[22.921s][info][gc,phases      ] GC(164) Summary Phase 0.036ms
[22.921s][info][gc,phases,start] GC(164) Adjust Roots
[22.921s][info][gc,phases      ] GC(164) Adjust Roots 0.226ms
[22.921s][info][gc,phases,start] GC(164) Compaction Phase
[23.145s][info][gc,phases      ] GC(164) Compaction Phase 224.242ms
[23.145s][info][gc,phases,start] GC(164) Post Compact
[23.148s][info][gc,phases      ] GC(164) Post Compact 2.926ms
[23.148s][info][gc,heap        ] GC(164) PSYoungGen: 61926K(102400K)->61926K(102400K) Eden: 28159K(28160K)->28159K(28160K) From: 33766K(74240K)->33766K(74240K)
[23.148s][info][gc,heap        ] GC(164) ParOldGen: 1706634K(1707008K)->1706634K(1707008K)
[23.148s][info][gc,metaspace   ] GC(164) Metaspace: 6302K(6464K)->6302K(6464K) NonClass: 5768K(5824K)->5768K(5824K) Class: 533K(640K)->533K(640K)
[23.148s][info][gc             ] GC(164) Pause Full (Ergonomics) 1727M->1727M(1767M) 888.722ms
[23.148s][info][gc,cpu         ] GC(164) User=1.70s Sys=0.02s Real=0.89s
[23.149s][info][gc,start       ] GC(165) Pause Full (Ergonomics)
[23.149s][info][gc,phases,start] GC(165) Marking Phase
[23.805s][info][gc,phases      ] GC(165) Marking Phase 655.832ms
[23.805s][info][gc,phases,start] GC(165) Summary Phase
[23.805s][info][gc,phases      ] GC(165) Summary Phase 0.034ms
[23.805s][info][gc,phases,start] GC(165) Adjust Roots
[23.805s][info][gc,phases      ] GC(165) Adjust Roots 0.229ms
[23.805s][info][gc,phases,start] GC(165) Compaction Phase
[24.031s][info][gc,phases      ] GC(165) Compaction Phase 225.557ms
[24.031s][info][gc,phases,start] GC(165) Post Compact
[24.034s][info][gc,phases      ] GC(165) Post Compact 3.208ms
[24.034s][info][gc,heap        ] GC(165) PSYoungGen: 61926K(102400K)->61926K(102400K) Eden: 28159K(28160K)->28159K(28160K) From: 33766K(74240K)->33766K(74240K)
[24.034s][info][gc,heap        ] GC(165) ParOldGen: 1706639K(1707008K)->1706639K(1707008K)
[24.034s][info][gc,metaspace   ] GC(165) Metaspace: 6302K(6464K)->6302K(6464K) NonClass: 5768K(5824K)->5768K(5824K) Class: 533K(640K)->533K(640K)
[24.034s][info][gc             ] GC(165) Pause Full (Ergonomics) 1727M->1727M(1767M) 885.321ms
[24.034s][info][gc,cpu         ] GC(165) User=1.73s Sys=0.00s Real=0.88s
[24.034s][info][gc,start       ] GC(166) Pause Full (Ergonomics)
[24.034s][info][gc,phases,start] GC(166) Marking Phase
[24.689s][info][gc,phases      ] GC(166) Marking Phase 654.819ms
[24.689s][info][gc,phases,start] GC(166) Summary Phase
[24.689s][info][gc,phases      ] GC(166) Summary Phase 0.035ms
[24.689s][info][gc,phases,start] GC(166) Adjust Roots
[24.690s][info][gc,phases      ] GC(166) Adjust Roots 0.217ms
[24.690s][info][gc,phases,start] GC(166) Compaction Phase
[24.915s][info][gc,phases      ] GC(166) Compaction Phase 225.567ms
[24.915s][info][gc,phases,start] GC(166) Post Compact
[24.918s][info][gc,phases      ] GC(166) Post Compact 2.959ms
[24.918s][info][gc,heap        ] GC(166) PSYoungGen: 61926K(102400K)->61926K(102400K) Eden: 28159K(28160K)->28159K(28160K) From: 33766K(74240K)->33766K(74240K)
[24.918s][info][gc,heap        ] GC(166) ParOldGen: 1706644K(1707008K)->1706644K(1707008K)
[24.918s][info][gc,metaspace   ] GC(166) Metaspace: 6302K(6464K)->6302K(6464K) NonClass: 5768K(5824K)->5768K(5824K) Class: 533K(640K)->533K(640K)
[24.918s][info][gc             ] GC(166) Pause Full (Ergonomics) 1727M->1727M(1767M) 883.990ms
[24.918s][info][gc,cpu         ] GC(166) User=1.70s Sys=0.02s Real=0.88s
[24.919s][info][gc,start       ] GC(167) Pause Full (Ergonomics)
[24.919s][info][gc,phases,start] GC(167) Marking Phase
[25.623s][info][gc,phases      ] GC(167) Marking Phase 703.629ms
[25.623s][info][gc,phases,start] GC(167) Summary Phase
[25.623s][info][gc,phases      ] GC(167) Summary Phase 0.036ms
[25.623s][info][gc,phases,start] GC(167) Adjust Roots
[25.623s][info][gc,phases      ] GC(167) Adjust Roots 0.200ms
[25.623s][info][gc,phases,start] GC(167) Compaction Phase
[25.865s][info][gc,phases      ] GC(167) Compaction Phase 241.745ms
[25.865s][info][gc,phases,start] GC(167) Post Compact
[25.868s][info][gc,phases      ] GC(167) Post Compact 3.030ms
[25.868s][info][gc,heap        ] GC(167) PSYoungGen: 61926K(102400K)->61926K(102400K) Eden: 28159K(28160K)->28159K(28160K) From: 33766K(74240K)->33766K(74240K)
[25.868s][info][gc,heap        ] GC(167) ParOldGen: 1706648K(1707008K)->1706648K(1707008K)
[25.868s][info][gc,metaspace   ] GC(167) Metaspace: 6302K(6464K)->6302K(6464K) NonClass: 5768K(5824K)->5768K(5824K) Class: 533K(640K)->533K(640K)
[25.868s][info][gc             ] GC(167) Pause Full (Ergonomics) 1727M->1727M(1767M) 949.171ms
[25.868s][info][gc,cpu         ] GC(167) User=1.84s Sys=0.00s Real=0.95s
[25.868s][info][gc,start       ] GC(168) Pause Full (Ergonomics)
[25.868s][info][gc,phases,start] GC(168) Marking Phase
[26.568s][info][gc,phases      ] GC(168) Marking Phase 699.812ms
[26.568s][info][gc,phases,start] GC(168) Summary Phase
[26.568s][info][gc,phases      ] GC(168) Summary Phase 0.035ms
[26.568s][info][gc,phases,start] GC(168) Adjust Roots
[26.568s][info][gc,phases      ] GC(168) Adjust Roots 0.229ms
[26.569s][info][gc,phases,start] GC(168) Compaction Phase
[26.810s][info][gc,phases      ] GC(168) Compaction Phase 241.970ms
[26.811s][info][gc,phases,start] GC(168) Post Compact
[26.813s][info][gc,phases      ] GC(168) Post Compact 2.840ms
[26.813s][info][gc,heap        ] GC(168) PSYoungGen: 61926K(102400K)->61926K(102400K) Eden: 28159K(28160K)->28159K(28160K) From: 33766K(74240K)->33766K(74240K)
[26.813s][info][gc,heap        ] GC(168) ParOldGen: 1706653K(1707008K)->1706653K(1707008K)
[26.813s][info][gc,metaspace   ] GC(168) Metaspace: 6302K(6464K)->6302K(6464K) NonClass: 5768K(5824K)->5768K(5824K) Class: 533K(640K)->533K(640K)
[26.814s][info][gc             ] GC(168) Pause Full (Ergonomics) 1727M->1727M(1767M) 945.221ms
[26.814s][info][gc,cpu         ] GC(168) User=1.88s Sys=0.02s Real=0.94s
[26.814s][info][gc,start       ] GC(169) Pause Full (Ergonomics)
[26.814s][info][gc,phases,start] GC(169) Marking Phase
[27.474s][info][gc,phases      ] GC(169) Marking Phase 660.198ms
[27.474s][info][gc,phases,start] GC(169) Summary Phase
[27.474s][info][gc,phases      ] GC(169) Summary Phase 0.036ms
[27.474s][info][gc,phases,start] GC(169) Adjust Roots
[27.474s][info][gc,phases      ] GC(169) Adjust Roots 0.201ms
[27.474s][info][gc,phases,start] GC(169) Compaction Phase
[27.698s][info][gc,phases      ] GC(169) Compaction Phase 224.016ms
[27.698s][info][gc,phases,start] GC(169) Post Compact
[27.701s][info][gc,phases      ] GC(169) Post Compact 2.959ms
[27.701s][info][gc,heap        ] GC(169) PSYoungGen: 61926K(102400K)->61926K(102400K) Eden: 28159K(28160K)->28159K(28160K) From: 33766K(74240K)->33766K(74240K)
[27.701s][info][gc,heap        ] GC(169) ParOldGen: 1706658K(1707008K)->1706658K(1707008K)
[27.702s][info][gc,metaspace   ] GC(169) Metaspace: 6302K(6464K)->6302K(6464K) NonClass: 5768K(5824K)->5768K(5824K) Class: 533K(640K)->533K(640K)
[27.702s][info][gc             ] GC(169) Pause Full (Ergonomics) 1727M->1727M(1767M) 887.769ms
[27.702s][info][gc,cpu         ] GC(169) User=1.73s Sys=0.02s Real=0.89s
[27.702s][info][gc,start       ] GC(170) Pause Full (Ergonomics)
[27.702s][info][gc,phases,start] GC(170) Marking Phase
[28.361s][info][gc,phases      ] GC(170) Marking Phase 659.147ms
[28.361s][info][gc,phases,start] GC(170) Summary Phase
[28.361s][info][gc,phases      ] GC(170) Summary Phase 0.029ms
[28.361s][info][gc,phases,start] GC(170) Adjust Roots
[28.361s][info][gc,phases      ] GC(170) Adjust Roots 0.235ms
[28.361s][info][gc,phases,start] GC(170) Compaction Phase
[28.587s][info][gc,phases      ] GC(170) Compaction Phase 225.301ms
[28.587s][info][gc,phases,start] GC(170) Post Compact
[28.590s][info][gc,phases      ] GC(170) Post Compact 2.995ms
[28.590s][info][gc,heap        ] GC(170) PSYoungGen: 61926K(102400K)->61926K(102400K) Eden: 28159K(28160K)->28159K(28160K) From: 33766K(74240K)->33766K(74240K)
[28.590s][info][gc,heap        ] GC(170) ParOldGen: 1706662K(1707008K)->1706662K(1707008K)
[28.590s][info][gc,metaspace   ] GC(170) Metaspace: 6302K(6464K)->6302K(6464K) NonClass: 5768K(5824K)->5768K(5824K) Class: 533K(640K)->533K(640K)
[28.590s][info][gc             ] GC(170) Pause Full (Ergonomics) 1727M->1727M(1767M) 888.184ms
[28.590s][info][gc,cpu         ] GC(170) User=1.73s Sys=0.00s Real=0.89s
[28.590s][info][gc,start       ] GC(171) Pause Full (Ergonomics)
[28.590s][info][gc,phases,start] GC(171) Marking Phase
[29.252s][info][gc,phases      ] GC(171) Marking Phase 662.004ms
[29.253s][info][gc,phases,start] GC(171) Summary Phase
[29.253s][info][gc,phases      ] GC(171) Summary Phase 0.037ms
[29.253s][info][gc,phases,start] GC(171) Adjust Roots
[29.253s][info][gc,phases      ] GC(171) Adjust Roots 0.255ms
[29.253s][info][gc,phases,start] GC(171) Compaction Phase
[29.476s][info][gc,phases      ] GC(171) Compaction Phase 223.120ms
[29.476s][info][gc,phases,start] GC(171) Post Compact
[29.479s][info][gc,phases      ] GC(171) Post Compact 3.161ms
[29.479s][info][gc,heap        ] GC(171) PSYoungGen: 61926K(102400K)->61926K(102400K) Eden: 28159K(28160K)->28159K(28160K) From: 33766K(74240K)->33766K(74240K)
[29.479s][info][gc,heap        ] GC(171) ParOldGen: 1706667K(1707008K)->1706667K(1707008K)
[29.479s][info][gc,metaspace   ] GC(171) Metaspace: 6302K(6464K)->6302K(6464K) NonClass: 5768K(5824K)->5768K(5824K) Class: 533K(640K)->533K(640K)
[29.479s][info][gc             ] GC(171) Pause Full (Ergonomics) 1727M->1727M(1767M) 889.002ms
[29.479s][info][gc,cpu         ] GC(171) User=1.73s Sys=0.00s Real=0.89s
[29.480s][info][gc,start       ] GC(172) Pause Full (Ergonomics)
[29.480s][info][gc,phases,start] GC(172) Marking Phase
[30.141s][info][gc,phases      ] GC(172) Marking Phase 661.047ms
[30.141s][info][gc,phases,start] GC(172) Summary Phase
[30.141s][info][gc,phases      ] GC(172) Summary Phase 0.027ms
[30.141s][info][gc,phases,start] GC(172) Adjust Roots
[30.141s][info][gc,phases      ] GC(172) Adjust Roots 0.207ms
[30.141s][info][gc,phases,start] GC(172) Compaction Phase
[30.367s][info][gc,phases      ] GC(172) Compaction Phase 226.139ms
[30.367s][info][gc,phases,start] GC(172) Post Compact
[30.370s][info][gc,phases      ] GC(172) Post Compact 2.911ms
[30.370s][info][gc,heap        ] GC(172) PSYoungGen: 61926K(102400K)->61926K(102400K) Eden: 28159K(28160K)->28159K(28160K) From: 33766K(74240K)->33766K(74240K)
[30.370s][info][gc,heap        ] GC(172) ParOldGen: 1706672K(1707008K)->1706672K(1707008K)
[30.370s][info][gc,metaspace   ] GC(172) Metaspace: 6302K(6464K)->6302K(6464K) NonClass: 5768K(5824K)->5768K(5824K) Class: 533K(640K)->533K(640K)
[30.370s][info][gc             ] GC(172) Pause Full (Ergonomics) 1727M->1727M(1767M) 890.725ms
[30.370s][info][gc,cpu         ] GC(172) User=1.73s Sys=0.00s Real=0.89s
[30.371s][info][gc,start       ] GC(173) Pause Full (Ergonomics)
[30.371s][info][gc,phases,start] GC(173) Marking Phase
[31.029s][info][gc,phases      ] GC(173) Marking Phase 658.026ms
[31.029s][info][gc,phases,start] GC(173) Summary Phase
[31.029s][info][gc,phases      ] GC(173) Summary Phase 0.035ms
[31.029s][info][gc,phases,start] GC(173) Adjust Roots
[31.029s][info][gc,phases      ] GC(173) Adjust Roots 0.222ms
[31.029s][info][gc,phases,start] GC(173) Compaction Phase
[31.252s][info][gc,phases      ] GC(173) Compaction Phase 223.280ms
[31.253s][info][gc,phases,start] GC(173) Post Compact
[31.255s][info][gc,phases      ] GC(173) Post Compact 2.901ms
[31.255s][info][gc,heap        ] GC(173) PSYoungGen: 61926K(102400K)->61926K(102400K) Eden: 28159K(28160K)->28159K(28160K) From: 33766K(74240K)->33766K(74240K)
[31.256s][info][gc,heap        ] GC(173) ParOldGen: 1706676K(1707008K)->1706676K(1707008K)
[31.256s][info][gc,metaspace   ] GC(173) Metaspace: 6302K(6464K)->6302K(6464K) NonClass: 5768K(5824K)->5768K(5824K) Class: 533K(640K)->533K(640K)
[31.256s][info][gc             ] GC(173) Pause Full (Ergonomics) 1727M->1727M(1767M) 884.841ms
[31.256s][info][gc,cpu         ] GC(173) User=1.69s Sys=0.02s Real=0.88s
[31.256s][info][gc,start       ] GC(174) Pause Full (Ergonomics)
[31.256s][info][gc,phases,start] GC(174) Marking Phase
[31.913s][info][gc,phases      ] GC(174) Marking Phase 657.416ms
[31.913s][info][gc,phases,start] GC(174) Summary Phase
[31.914s][info][gc,phases      ] GC(174) Summary Phase 0.040ms
[31.914s][info][gc,phases,start] GC(174) Adjust Roots
[31.914s][info][gc,phases      ] GC(174) Adjust Roots 0.228ms
[31.914s][info][gc,phases,start] GC(174) Compaction Phase
[32.138s][info][gc,phases      ] GC(174) Compaction Phase 224.587ms
[32.138s][info][gc,phases,start] GC(174) Post Compact
[32.141s][info][gc,phases      ] GC(174) Post Compact 2.899ms
[32.141s][info][gc,heap        ] GC(174) PSYoungGen: 61926K(102400K)->61926K(102400K) Eden: 28159K(28160K)->28159K(28160K) From: 33766K(74240K)->33766K(74240K)
[32.141s][info][gc,heap        ] GC(174) ParOldGen: 1706681K(1707008K)->1706681K(1707008K)
[32.142s][info][gc,metaspace   ] GC(174) Metaspace: 6302K(6464K)->6302K(6464K) NonClass: 5768K(5824K)->5768K(5824K) Class: 533K(640K)->533K(640K)
[32.142s][info][gc             ] GC(174) Pause Full (Ergonomics) 1727M->1727M(1767M) 885.578ms
[32.142s][info][gc,cpu         ] GC(174) User=1.72s Sys=0.00s Real=0.89s
[32.142s][info][gc,start       ] GC(175) Pause Full (Ergonomics)
[32.142s][info][gc,phases,start] GC(175) Marking Phase
[32.797s][info][gc,phases      ] GC(175) Marking Phase 654.873ms
[32.797s][info][gc,phases,start] GC(175) Summary Phase
[32.797s][info][gc,phases      ] GC(175) Summary Phase 0.036ms
[32.797s][info][gc,phases,start] GC(175) Adjust Roots
[32.797s][info][gc,phases      ] GC(175) Adjust Roots 0.225ms
[32.797s][info][gc,phases,start] GC(175) Compaction Phase
[33.021s][info][gc,phases      ] GC(175) Compaction Phase 224.027ms
[33.021s][info][gc,phases,start] GC(175) Post Compact
[33.024s][info][gc,phases      ] GC(175) Post Compact 2.910ms
[33.024s][info][gc,heap        ] GC(175) PSYoungGen: 61926K(102400K)->61926K(102400K) Eden: 28159K(28160K)->28159K(28160K) From: 33766K(74240K)->33766K(74240K)
[33.024s][info][gc,heap        ] GC(175) ParOldGen: 1706686K(1707008K)->1706686K(1707008K)
[33.024s][info][gc,metaspace   ] GC(175) Metaspace: 6302K(6464K)->6302K(6464K) NonClass: 5768K(5824K)->5768K(5824K) Class: 533K(640K)->533K(640K)
[33.024s][info][gc             ] GC(175) Pause Full (Ergonomics) 1727M->1727M(1767M) 882.512ms
[33.024s][info][gc,cpu         ] GC(175) User=1.69s Sys=0.00s Real=0.88s
[33.025s][info][gc,start       ] GC(176) Pause Full (Ergonomics)
[33.025s][info][gc,phases,start] GC(176) Marking Phase
[33.680s][info][gc,phases      ] GC(176) Marking Phase 655.589ms
[33.680s][info][gc,phases,start] GC(176) Summary Phase
[33.681s][info][gc,phases      ] GC(176) Summary Phase 0.035ms
[33.681s][info][gc,phases,start] GC(176) Adjust Roots
[33.681s][info][gc,phases      ] GC(176) Adjust Roots 0.223ms
[33.681s][info][gc,phases,start] GC(176) Compaction Phase
[33.906s][info][gc,phases      ] GC(176) Compaction Phase 224.719ms
[33.906s][info][gc,phases,start] GC(176) Post Compact
[33.909s][info][gc,phases      ] GC(176) Post Compact 2.975ms
[33.909s][info][gc,heap        ] GC(176) PSYoungGen: 61926K(102400K)->61926K(102400K) Eden: 28159K(28160K)->28159K(28160K) From: 33766K(74240K)->33766K(74240K)
[33.909s][info][gc,heap        ] GC(176) ParOldGen: 1706690K(1707008K)->1706690K(1707008K)
[33.909s][info][gc,metaspace   ] GC(176) Metaspace: 6302K(6464K)->6302K(6464K) NonClass: 5768K(5824K)->5768K(5824K) Class: 533K(640K)->533K(640K)
[33.909s][info][gc             ] GC(176) Pause Full (Ergonomics) 1727M->1727M(1767M) 883.937ms
[33.909s][info][gc,cpu         ] GC(176) User=1.75s Sys=0.00s Real=0.88s
[33.909s][info][gc,start       ] GC(177) Pause Full (Ergonomics)
[33.909s][info][gc,phases,start] GC(177) Marking Phase
[34.564s][info][gc,phases      ] GC(177) Marking Phase 655.047ms
[34.564s][info][gc,phases,start] GC(177) Summary Phase
[34.564s][info][gc,phases      ] GC(177) Summary Phase 0.034ms
[34.564s][info][gc,phases,start] GC(177) Adjust Roots
[34.565s][info][gc,phases      ] GC(177) Adjust Roots 0.212ms
[34.565s][info][gc,phases,start] GC(177) Compaction Phase
[34.789s][info][gc,phases      ] GC(177) Compaction Phase 224.633ms
[34.789s][info][gc,phases,start] GC(177) Post Compact
[34.793s][info][gc,phases      ] GC(177) Post Compact 3.372ms
[34.793s][info][gc,heap        ] GC(177) PSYoungGen: 61926K(102400K)->61926K(102400K) Eden: 28159K(28160K)->28159K(28160K) From: 33766K(74240K)->33766K(74240K)
[34.793s][info][gc,heap        ] GC(177) ParOldGen: 1706695K(1707008K)->1706695K(1707008K)
[34.793s][info][gc,metaspace   ] GC(177) Metaspace: 6302K(6464K)->6302K(6464K) NonClass: 5768K(5824K)->5768K(5824K) Class: 533K(640K)->533K(640K)
[34.793s][info][gc             ] GC(177) Pause Full (Ergonomics) 1727M->1727M(1767M) 883.806ms
[34.793s][info][gc,cpu         ] GC(177) User=1.70s Sys=0.02s Real=0.88s
[34.793s][info][gc,start       ] GC(178) Pause Full (Ergonomics)
[34.793s][info][gc,phases,start] GC(178) Marking Phase
[35.453s][info][gc,phases      ] GC(178) Marking Phase 659.694ms
[35.453s][info][gc,phases,start] GC(178) Summary Phase
[35.453s][info][gc,phases      ] GC(178) Summary Phase 0.036ms
[35.453s][info][gc,phases,start] GC(178) Adjust Roots
[35.453s][info][gc,phases      ] GC(178) Adjust Roots 0.229ms
[35.453s][info][gc,phases,start] GC(178) Compaction Phase
[35.677s][info][gc,phases      ] GC(178) Compaction Phase 223.567ms
[35.677s][info][gc,phases,start] GC(178) Post Compact
[35.680s][info][gc,phases      ] GC(178) Post Compact 2.895ms
[35.680s][info][gc,heap        ] GC(178) PSYoungGen: 61926K(102400K)->61926K(102400K) Eden: 28159K(28160K)->28159K(28160K) From: 33766K(74240K)->33766K(74240K)
[35.680s][info][gc,heap        ] GC(178) ParOldGen: 1706700K(1707008K)->1706700K(1707008K)
[35.680s][info][gc,metaspace   ] GC(178) Metaspace: 6302K(6464K)->6302K(6464K) NonClass: 5768K(5824K)->5768K(5824K) Class: 533K(640K)->533K(640K)
[35.680s][info][gc             ] GC(178) Pause Full (Ergonomics) 1727M->1727M(1767M) 886.853ms
[35.680s][info][gc,cpu         ] GC(178) User=1.70s Sys=0.02s Real=0.89s
[35.680s][info][gc,start       ] GC(179) Pause Full (Ergonomics)
[35.680s][info][gc,phases,start] GC(179) Marking Phase
[36.340s][info][gc,phases      ] GC(179) Marking Phase 659.774ms
[36.340s][info][gc,phases,start] GC(179) Summary Phase
[36.340s][info][gc,phases      ] GC(179) Summary Phase 0.035ms
[36.340s][info][gc,phases,start] GC(179) Adjust Roots
[36.341s][info][gc,phases      ] GC(179) Adjust Roots 0.228ms
[36.341s][info][gc,phases,start] GC(179) Compaction Phase
[36.564s][info][gc,phases      ] GC(179) Compaction Phase 222.885ms
[36.564s][info][gc,phases,start] GC(179) Post Compact
[36.567s][info][gc,phases      ] GC(179) Post Compact 2.929ms
[36.567s][info][gc,heap        ] GC(179) PSYoungGen: 61926K(102400K)->61926K(102400K) Eden: 28159K(28160K)->28159K(28160K) From: 33766K(74240K)->33766K(74240K)
[36.567s][info][gc,heap        ] GC(179) ParOldGen: 1706704K(1707008K)->1706704K(1707008K)
[36.567s][info][gc,metaspace   ] GC(179) Metaspace: 6302K(6464K)->6302K(6464K) NonClass: 5768K(5824K)->5768K(5824K) Class: 533K(640K)->533K(640K)
[36.567s][info][gc             ] GC(179) Pause Full (Ergonomics) 1727M->1727M(1767M) 886.266ms
[36.567s][info][gc,cpu         ] GC(179) User=1.73s Sys=0.00s Real=0.89s
[36.567s][info][gc,start       ] GC(180) Pause Full (Ergonomics)
[36.567s][info][gc,phases,start] GC(180) Marking Phase
[37.225s][info][gc,phases      ] GC(180) Marking Phase 658.330ms
[37.225s][info][gc,phases,start] GC(180) Summary Phase
[37.225s][info][gc,phases      ] GC(180) Summary Phase 0.035ms
[37.226s][info][gc,phases,start] GC(180) Adjust Roots
[37.226s][info][gc,phases      ] GC(180) Adjust Roots 0.231ms
[37.226s][info][gc,phases,start] GC(180) Compaction Phase
[37.450s][info][gc,phases      ] GC(180) Compaction Phase 224.044ms
[37.450s][info][gc,phases,start] GC(180) Post Compact
[37.453s][info][gc,phases      ] GC(180) Post Compact 2.889ms
[37.453s][info][gc,heap        ] GC(180) PSYoungGen: 61926K(102400K)->61926K(102400K) Eden: 28159K(28160K)->28159K(28160K) From: 33766K(74240K)->33766K(74240K)
[37.453s][info][gc,heap        ] GC(180) ParOldGen: 1706709K(1707008K)->1706709K(1707008K)
[37.453s][info][gc,metaspace   ] GC(180) Metaspace: 6302K(6464K)->6302K(6464K) NonClass: 5768K(5824K)->5768K(5824K) Class: 533K(640K)->533K(640K)
[37.453s][info][gc             ] GC(180) Pause Full (Ergonomics) 1727M->1727M(1767M) 885.936ms
[37.453s][info][gc,cpu         ] GC(180) User=1.75s Sys=0.00s Real=0.88s
[37.453s][info][gc,start       ] GC(181) Pause Full (Ergonomics)
[37.453s][info][gc,phases,start] GC(181) Marking Phase
[38.109s][info][gc,phases      ] GC(181) Marking Phase 655.817ms
[38.109s][info][gc,phases,start] GC(181) Summary Phase
[38.109s][info][gc,phases      ] GC(181) Summary Phase 0.036ms
[38.109s][info][gc,phases,start] GC(181) Adjust Roots
[38.110s][info][gc,phases      ] GC(181) Adjust Roots 0.238ms
[38.110s][info][gc,phases,start] GC(181) Compaction Phase
[38.334s][info][gc,phases      ] GC(181) Compaction Phase 224.844ms
[38.335s][info][gc,phases,start] GC(181) Post Compact
[38.337s][info][gc,phases      ] GC(181) Post Compact 2.901ms
[38.338s][info][gc,heap        ] GC(181) PSYoungGen: 61926K(102400K)->61926K(102400K) Eden: 28159K(28160K)->28159K(28160K) From: 33766K(74240K)->33766K(74240K)
[38.338s][info][gc,heap        ] GC(181) ParOldGen: 1706714K(1707008K)->1706714K(1707008K)
[38.338s][info][gc,metaspace   ] GC(181) Metaspace: 6302K(6464K)->6302K(6464K) NonClass: 5768K(5824K)->5768K(5824K) Class: 533K(640K)->533K(640K)
[38.338s][info][gc             ] GC(181) Pause Full (Ergonomics) 1727M->1727M(1767M) 884.267ms
[38.338s][info][gc,cpu         ] GC(181) User=1.70s Sys=0.00s Real=0.88s
[38.338s][info][gc,start       ] GC(182) Pause Full (Ergonomics)
[38.338s][info][gc,phases,start] GC(182) Marking Phase
[38.995s][info][gc,phases      ] GC(182) Marking Phase 657.271ms
[38.995s][info][gc,phases,start] GC(182) Summary Phase
[38.995s][info][gc,phases      ] GC(182) Summary Phase 0.035ms
[38.995s][info][gc,phases,start] GC(182) Adjust Roots
[38.996s][info][gc,phases      ] GC(182) Adjust Roots 0.223ms
[38.996s][info][gc,phases,start] GC(182) Compaction Phase
[39.221s][info][gc,phases      ] GC(182) Compaction Phase 225.323ms
[39.221s][info][gc,phases,start] GC(182) Post Compact
[39.224s][info][gc,phases      ] GC(182) Post Compact 2.892ms
[39.224s][info][gc,heap        ] GC(182) PSYoungGen: 61926K(102400K)->61926K(102400K) Eden: 28159K(28160K)->28159K(28160K) From: 33766K(74240K)->33766K(74240K)
[39.224s][info][gc,heap        ] GC(182) ParOldGen: 1706718K(1707008K)->1706718K(1707008K)
[39.224s][info][gc,metaspace   ] GC(182) Metaspace: 6302K(6464K)->6302K(6464K) NonClass: 5768K(5824K)->5768K(5824K) Class: 533K(640K)->533K(640K)
[39.224s][info][gc             ] GC(182) Pause Full (Ergonomics) 1727M->1727M(1767M) 886.168ms
[39.224s][info][gc,cpu         ] GC(182) User=1.67s Sys=0.02s Real=0.89s
[39.224s][info][gc,start       ] GC(183) Pause Full (Ergonomics)
[39.225s][info][gc,phases,start] GC(183) Marking Phase
[39.885s][info][gc,phases      ] GC(183) Marking Phase 660.495ms
[39.885s][info][gc,phases,start] GC(183) Summary Phase
[39.885s][info][gc,phases      ] GC(183) Summary Phase 0.035ms
[39.885s][info][gc,phases,start] GC(183) Adjust Roots
[39.885s][info][gc,phases      ] GC(183) Adjust Roots 0.237ms
[39.885s][info][gc,phases,start] GC(183) Compaction Phase
[40.109s][info][gc,phases      ] GC(183) Compaction Phase 223.113ms
[40.109s][info][gc,phases,start] GC(183) Post Compact
[40.111s][info][gc,phases      ] GC(183) Post Compact 2.881ms
[40.112s][info][gc,heap        ] GC(183) PSYoungGen: 61926K(102400K)->61926K(102400K) Eden: 28159K(28160K)->28159K(28160K) From: 33766K(74240K)->33766K(74240K)
[40.112s][info][gc,heap        ] GC(183) ParOldGen: 1706723K(1707008K)->1706723K(1707008K)
[40.112s][info][gc,metaspace   ] GC(183) Metaspace: 6302K(6464K)->6302K(6464K) NonClass: 5768K(5824K)->5768K(5824K) Class: 533K(640K)->533K(640K)
[40.112s][info][gc             ] GC(183) Pause Full (Ergonomics) 1727M->1727M(1767M) 887.175ms
[40.112s][info][gc,cpu         ] GC(183) User=1.69s Sys=0.00s Real=0.89s
[40.112s][info][gc,start       ] GC(184) Pause Full (Ergonomics)
[40.112s][info][gc,phases,start] GC(184) Marking Phase
[40.813s][info][gc,phases      ] GC(184) Marking Phase 701.333ms
[40.813s][info][gc,phases,start] GC(184) Summary Phase
[40.813s][info][gc,phases      ] GC(184) Summary Phase 0.035ms
[40.813s][info][gc,phases,start] GC(184) Adjust Roots
[40.814s][info][gc,phases      ] GC(184) Adjust Roots 0.274ms
[40.814s][info][gc,phases,start] GC(184) Compaction Phase
[41.043s][info][gc,phases      ] GC(184) Compaction Phase 229.070ms
[41.043s][info][gc,phases,start] GC(184) Post Compact
[41.046s][info][gc,phases      ] GC(184) Post Compact 2.984ms
[41.046s][info][gc,heap        ] GC(184) PSYoungGen: 61926K(102400K)->61926K(102400K) Eden: 28159K(28160K)->28159K(28160K) From: 33766K(74240K)->33766K(74240K)
[41.046s][info][gc,heap        ] GC(184) ParOldGen: 1706728K(1707008K)->1706728K(1707008K)
[41.046s][info][gc,metaspace   ] GC(184) Metaspace: 6302K(6464K)->6302K(6464K) NonClass: 5768K(5824K)->5768K(5824K) Class: 533K(640K)->533K(640K)
[41.046s][info][gc             ] GC(184) Pause Full (Ergonomics) 1727M->1727M(1767M) 934.044ms
[41.046s][info][gc,cpu         ] GC(184) User=1.81s Sys=0.00s Real=0.93s
[41.046s][info][gc,start       ] GC(185) Pause Full (Ergonomics)
[41.046s][info][gc,phases,start] GC(185) Marking Phase
[41.707s][info][gc,phases      ] GC(185) Marking Phase 660.342ms
[41.707s][info][gc,phases,start] GC(185) Summary Phase
[41.707s][info][gc,phases      ] GC(185) Summary Phase 0.035ms
[41.707s][info][gc,phases,start] GC(185) Adjust Roots
[41.707s][info][gc,phases      ] GC(185) Adjust Roots 0.222ms
[41.707s][info][gc,phases,start] GC(185) Compaction Phase
[41.932s][info][gc,phases      ] GC(185) Compaction Phase 225.431ms
[41.933s][info][gc,phases,start] GC(185) Post Compact
[41.935s][info][gc,phases      ] GC(185) Post Compact 2.898ms
[41.936s][info][gc,heap        ] GC(185) PSYoungGen: 61926K(102400K)->61926K(102400K) Eden: 28159K(28160K)->28159K(28160K) From: 33766K(74240K)->33766K(74240K)
[41.936s][info][gc,heap        ] GC(185) ParOldGen: 1706732K(1707008K)->1706732K(1707008K)
[41.936s][info][gc,metaspace   ] GC(185) Metaspace: 6302K(6464K)->6302K(6464K) NonClass: 5768K(5824K)->5768K(5824K) Class: 533K(640K)->533K(640K)
[41.936s][info][gc             ] GC(185) Pause Full (Ergonomics) 1727M->1727M(1767M) 889.302ms
[41.936s][info][gc,cpu         ] GC(185) User=1.73s Sys=0.00s Real=0.89s
[41.936s][info][gc,start       ] GC(186) Pause Full (Ergonomics)
[41.936s][info][gc,phases,start] GC(186) Marking Phase
[42.637s][info][gc,phases      ] GC(186) Marking Phase 700.955ms
[42.637s][info][gc,phases,start] GC(186) Summary Phase
[42.637s][info][gc,phases      ] GC(186) Summary Phase 0.035ms
[42.637s][info][gc,phases,start] GC(186) Adjust Roots
[42.637s][info][gc,phases      ] GC(186) Adjust Roots 0.233ms
[42.637s][info][gc,phases,start] GC(186) Compaction Phase
[42.879s][info][gc,phases      ] GC(186) Compaction Phase 241.647ms
[42.879s][info][gc,phases,start] GC(186) Post Compact
[42.882s][info][gc,phases      ] GC(186) Post Compact 2.891ms
[42.882s][info][gc,heap        ] GC(186) PSYoungGen: 61926K(102400K)->61926K(102400K) Eden: 28159K(28160K)->28159K(28160K) From: 33766K(74240K)->33766K(74240K)
[42.882s][info][gc,heap        ] GC(186) ParOldGen: 1706737K(1707008K)->1706737K(1707008K)
[42.882s][info][gc,metaspace   ] GC(186) Metaspace: 6302K(6464K)->6302K(6464K) NonClass: 5768K(5824K)->5768K(5824K) Class: 533K(640K)->533K(640K)
[42.882s][info][gc             ] GC(186) Pause Full (Ergonomics) 1727M->1727M(1767M) 946.158ms
[42.882s][info][gc,cpu         ] GC(186) User=1.83s Sys=0.00s Real=0.95s
[42.882s][info][gc,start       ] GC(187) Pause Full (Ergonomics)
[42.882s][info][gc,phases,start] GC(187) Marking Phase
[43.588s][info][gc,phases      ] GC(187) Marking Phase 705.280ms
[43.588s][info][gc,phases,start] GC(187) Summary Phase
[43.588s][info][gc,phases      ] GC(187) Summary Phase 0.030ms
[43.588s][info][gc,phases,start] GC(187) Adjust Roots
[43.588s][info][gc,phases      ] GC(187) Adjust Roots 0.253ms
[43.588s][info][gc,phases,start] GC(187) Compaction Phase
[43.832s][info][gc,phases      ] GC(187) Compaction Phase 244.327ms
[43.833s][info][gc,phases,start] GC(187) Post Compact
[43.835s][info][gc,phases      ] GC(187) Post Compact 2.876ms
[43.836s][info][gc,heap        ] GC(187) PSYoungGen: 61926K(102400K)->61926K(102400K) Eden: 28159K(28160K)->28159K(28160K) From: 33766K(74240K)->33766K(74240K)
[43.836s][info][gc,heap        ] GC(187) ParOldGen: 1706742K(1707008K)->1706742K(1707008K)
[43.836s][info][gc,metaspace   ] GC(187) Metaspace: 6302K(6464K)->6302K(6464K) NonClass: 5768K(5824K)->5768K(5824K) Class: 533K(640K)->533K(640K)
[43.836s][info][gc             ] GC(187) Pause Full (Ergonomics) 1727M->1727M(1767M) 953.121ms
[43.836s][info][gc,cpu         ] GC(187) User=1.84s Sys=0.00s Real=0.95s
[43.836s][info][gc,start       ] GC(188) Pause Full (Ergonomics)
[43.836s][info][gc,phases,start] GC(188) Marking Phase
[44.522s][info][gc,phases      ] GC(188) Marking Phase 685.742ms
[44.522s][info][gc,phases,start] GC(188) Summary Phase
[44.522s][info][gc,phases      ] GC(188) Summary Phase 0.053ms
[44.522s][info][gc,phases,start] GC(188) Adjust Roots
[44.522s][info][gc,phases      ] GC(188) Adjust Roots 0.265ms
[44.522s][info][gc,phases,start] GC(188) Compaction Phase
[44.748s][info][gc,phases      ] GC(188) Compaction Phase 226.060ms
[44.748s][info][gc,phases,start] GC(188) Post Compact
[44.751s][info][gc,phases      ] GC(188) Post Compact 2.910ms
[44.751s][info][gc,heap        ] GC(188) PSYoungGen: 61926K(102400K)->61926K(102400K) Eden: 28159K(28160K)->28159K(28160K) From: 33766K(74240K)->33766K(74240K)
[44.751s][info][gc,heap        ] GC(188) ParOldGen: 1706746K(1707008K)->1706746K(1707008K)
[44.751s][info][gc,metaspace   ] GC(188) Metaspace: 6302K(6464K)->6302K(6464K) NonClass: 5768K(5824K)->5768K(5824K) Class: 533K(640K)->533K(640K)
[44.751s][info][gc             ] GC(188) Pause Full (Ergonomics) 1727M->1727M(1767M) 915.456ms
[44.751s][info][gc,cpu         ] GC(188) User=1.80s Sys=0.02s Real=0.92s
[44.752s][info][gc,start       ] GC(189) Pause Full (Ergonomics)
[44.752s][info][gc,phases,start] GC(189) Marking Phase
[45.407s][info][gc,phases      ] GC(189) Marking Phase 655.571ms
[45.407s][info][gc,phases,start] GC(189) Summary Phase
[45.407s][info][gc,phases      ] GC(189) Summary Phase 0.035ms
[45.408s][info][gc,phases,start] GC(189) Adjust Roots
[45.408s][info][gc,phases      ] GC(189) Adjust Roots 0.261ms
[45.408s][info][gc,phases,start] GC(189) Compaction Phase
[45.632s][info][gc,phases      ] GC(189) Compaction Phase 224.338ms
[45.632s][info][gc,phases,start] GC(189) Post Compact
[45.635s][info][gc,phases      ] GC(189) Post Compact 2.965ms
[45.635s][info][gc,heap        ] GC(189) PSYoungGen: 61926K(102400K)->61926K(102400K) Eden: 28159K(28160K)->28159K(28160K) From: 33766K(74240K)->33766K(74240K)
[45.635s][info][gc,heap        ] GC(189) ParOldGen: 1706751K(1707008K)->1706751K(1707008K)
[45.635s][info][gc,metaspace   ] GC(189) Metaspace: 6302K(6464K)->6302K(6464K) NonClass: 5768K(5824K)->5768K(5824K) Class: 533K(640K)->533K(640K)
[45.635s][info][gc             ] GC(189) Pause Full (Ergonomics) 1727M->1727M(1767M) 883.561ms
[45.635s][info][gc,cpu         ] GC(189) User=1.70s Sys=0.00s Real=0.88s
[45.636s][info][gc,start       ] GC(190) Pause Full (Ergonomics)
[45.636s][info][gc,phases,start] GC(190) Marking Phase
[46.294s][info][gc,phases      ] GC(190) Marking Phase 657.825ms
[46.294s][info][gc,phases,start] GC(190) Summary Phase
[46.294s][info][gc,phases      ] GC(190) Summary Phase 0.030ms
[46.294s][info][gc,phases,start] GC(190) Adjust Roots
[46.294s][info][gc,phases      ] GC(190) Adjust Roots 0.263ms
[46.294s][info][gc,phases,start] GC(190) Compaction Phase
[46.519s][info][gc,phases      ] GC(190) Compaction Phase 225.508ms
[46.520s][info][gc,phases,start] GC(190) Post Compact
[46.522s][info][gc,phases      ] GC(190) Post Compact 2.896ms
[46.523s][info][gc,heap        ] GC(190) PSYoungGen: 61926K(102400K)->61926K(102400K) Eden: 28159K(28160K)->28159K(28160K) From: 33766K(74240K)->33766K(74240K)
[46.523s][info][gc,heap        ] GC(190) ParOldGen: 1706756K(1707008K)->1706756K(1707008K)
[46.523s][info][gc,metaspace   ] GC(190) Metaspace: 6302K(6464K)->6302K(6464K) NonClass: 5768K(5824K)->5768K(5824K) Class: 533K(640K)->533K(640K)
[46.523s][info][gc             ] GC(190) Pause Full (Ergonomics) 1727M->1727M(1767M) 886.884ms
[46.523s][info][gc,cpu         ] GC(190) User=1.69s Sys=0.02s Real=0.89s
[46.523s][info][gc,start       ] GC(191) Pause Full (Ergonomics)
[46.523s][info][gc,phases,start] GC(191) Marking Phase
[47.181s][info][gc,phases      ] GC(191) Marking Phase 658.412ms
[47.181s][info][gc,phases,start] GC(191) Summary Phase
[47.181s][info][gc,phases      ] GC(191) Summary Phase 0.055ms
[47.181s][info][gc,phases,start] GC(191) Adjust Roots
[47.182s][info][gc,phases      ] GC(191) Adjust Roots 0.254ms
[47.182s][info][gc,phases,start] GC(191) Compaction Phase
[47.412s][info][gc,phases      ] GC(191) Compaction Phase 230.186ms
[47.412s][info][gc,phases,start] GC(191) Post Compact
[47.415s][info][gc,phases      ] GC(191) Post Compact 3.214ms
[47.415s][info][gc,heap        ] GC(191) PSYoungGen: 61926K(102400K)->61926K(102400K) Eden: 28159K(28160K)->28159K(28160K) From: 33766K(74240K)->33766K(74240K)
[47.415s][info][gc,heap        ] GC(191) ParOldGen: 1706760K(1707008K)->1706760K(1707008K)
[47.415s][info][gc,metaspace   ] GC(191) Metaspace: 6302K(6464K)->6302K(6464K) NonClass: 5768K(5824K)->5768K(5824K) Class: 533K(640K)->533K(640K)
[47.415s][info][gc             ] GC(191) Pause Full (Ergonomics) 1727M->1727M(1767M) 892.582ms
[47.415s][info][gc,cpu         ] GC(191) User=1.73s Sys=0.02s Real=0.89s
[47.416s][info][gc,start       ] GC(192) Pause Full (Ergonomics)
[47.416s][info][gc,phases,start] GC(192) Marking Phase
[48.123s][info][gc,phases      ] GC(192) Marking Phase 706.901ms
[48.123s][info][gc,phases,start] GC(192) Summary Phase
[48.123s][info][gc,phases      ] GC(192) Summary Phase 0.055ms
[48.123s][info][gc,phases,start] GC(192) Adjust Roots
[48.123s][info][gc,phases      ] GC(192) Adjust Roots 0.266ms
[48.123s][info][gc,phases,start] GC(192) Compaction Phase
[48.367s][info][gc,phases      ] GC(192) Compaction Phase 243.424ms
[48.367s][info][gc,phases,start] GC(192) Post Compact
[48.370s][info][gc,phases      ] GC(192) Post Compact 3.290ms
[48.370s][info][gc,heap        ] GC(192) PSYoungGen: 61926K(102400K)->61926K(102400K) Eden: 28159K(28160K)->28159K(28160K) From: 33766K(74240K)->33766K(74240K)
[48.370s][info][gc,heap        ] GC(192) ParOldGen: 1706765K(1707008K)->1706765K(1707008K)
[48.370s][info][gc,metaspace   ] GC(192) Metaspace: 6302K(6464K)->6302K(6464K) NonClass: 5768K(5824K)->5768K(5824K) Class: 533K(640K)->533K(640K)
[48.370s][info][gc             ] GC(192) Pause Full (Ergonomics) 1727M->1727M(1767M) 954.434ms
[48.370s][info][gc,cpu         ] GC(192) User=1.86s Sys=0.00s Real=0.95s
[48.370s][info][gc,start       ] GC(193) Pause Full (Ergonomics)
[48.371s][info][gc,phases,start] GC(193) Marking Phase
[49.079s][info][gc,phases      ] GC(193) Marking Phase 708.203ms
[49.079s][info][gc,phases,start] GC(193) Summary Phase
[49.079s][info][gc,phases      ] GC(193) Summary Phase 0.055ms
[49.079s][info][gc,phases,start] GC(193) Adjust Roots
[49.079s][info][gc,phases      ] GC(193) Adjust Roots 0.256ms
[49.079s][info][gc,phases,start] GC(193) Compaction Phase
[49.325s][info][gc,phases      ] GC(193) Compaction Phase 245.998ms
[49.325s][info][gc,phases,start] GC(193) Post Compact
[49.329s][info][gc,phases      ] GC(193) Post Compact 3.223ms
[49.329s][info][gc,heap        ] GC(193) PSYoungGen: 61926K(102400K)->61926K(102400K) Eden: 28159K(28160K)->28159K(28160K) From: 33766K(74240K)->33766K(74240K)
[49.329s][info][gc,heap        ] GC(193) ParOldGen: 1706770K(1707008K)->1706770K(1707008K)
[49.329s][info][gc,metaspace   ] GC(193) Metaspace: 6302K(6464K)->6302K(6464K) NonClass: 5768K(5824K)->5768K(5824K) Class: 533K(640K)->533K(640K)
[49.329s][info][gc             ] GC(193) Pause Full (Ergonomics) 1727M->1727M(1767M) 958.192ms
[49.329s][info][gc,cpu         ] GC(193) User=1.84s Sys=0.02s Real=0.96s
[49.329s][info][gc,start       ] GC(194) Pause Full (Ergonomics)
[49.329s][info][gc,phases,start] GC(194) Marking Phase
[50.031s][info][gc,phases      ] GC(194) Marking Phase 701.602ms
[50.031s][info][gc,phases,start] GC(194) Summary Phase
[50.031s][info][gc,phases      ] GC(194) Summary Phase 0.035ms
[50.031s][info][gc,phases,start] GC(194) Adjust Roots
[50.031s][info][gc,phases      ] GC(194) Adjust Roots 0.226ms
[50.031s][info][gc,phases,start] GC(194) Compaction Phase
[50.274s][info][gc,phases      ] GC(194) Compaction Phase 242.499ms
[50.274s][info][gc,phases,start] GC(194) Post Compact
[50.277s][info][gc,phases      ] GC(194) Post Compact 3.191ms
[50.277s][info][gc,heap        ] GC(194) PSYoungGen: 61926K(102400K)->61926K(102400K) Eden: 28159K(28160K)->28159K(28160K) From: 33766K(74240K)->33766K(74240K)
[50.277s][info][gc,heap        ] GC(194) ParOldGen: 1706774K(1707008K)->1706774K(1707008K)
[50.277s][info][gc,metaspace   ] GC(194) Metaspace: 6302K(6464K)->6302K(6464K) NonClass: 5768K(5824K)->5768K(5824K) Class: 533K(640K)->533K(640K)
[50.277s][info][gc             ] GC(194) Pause Full (Ergonomics) 1727M->1727M(1767M) 947.964ms
[50.277s][info][gc,cpu         ] GC(194) User=1.84s Sys=0.00s Real=0.95s
[50.277s][info][gc,start       ] GC(195) Pause Full (Ergonomics)
[50.277s][info][gc,phases,start] GC(195) Marking Phase
[50.980s][info][gc,phases      ] GC(195) Marking Phase 702.166ms
[50.980s][info][gc,phases,start] GC(195) Summary Phase
[50.980s][info][gc,phases      ] GC(195) Summary Phase 0.034ms
[50.980s][info][gc,phases,start] GC(195) Adjust Roots
[50.980s][info][gc,phases      ] GC(195) Adjust Roots 0.233ms
[50.980s][info][gc,phases,start] GC(195) Compaction Phase
[51.224s][info][gc,phases      ] GC(195) Compaction Phase 244.168ms
[51.224s][info][gc,phases,start] GC(195) Post Compact
[51.227s][info][gc,phases      ] GC(195) Post Compact 2.905ms
[51.227s][info][gc,heap        ] GC(195) PSYoungGen: 61926K(102400K)->61926K(102400K) Eden: 28159K(28160K)->28159K(28160K) From: 33766K(74240K)->33766K(74240K)
[51.227s][info][gc,heap        ] GC(195) ParOldGen: 1706779K(1707008K)->1706779K(1707008K)
[51.227s][info][gc,metaspace   ] GC(195) Metaspace: 6302K(6464K)->6302K(6464K) NonClass: 5768K(5824K)->5768K(5824K) Class: 533K(640K)->533K(640K)
[51.227s][info][gc             ] GC(195) Pause Full (Ergonomics) 1727M->1727M(1767M) 949.890ms
[51.227s][info][gc,cpu         ] GC(195) User=1.84s Sys=0.00s Real=0.95s
[51.228s][info][gc,start       ] GC(196) Pause Full (Ergonomics)
[51.228s][info][gc,phases,start] GC(196) Marking Phase
[51.924s][info][gc,phases      ] GC(196) Marking Phase 696.695ms
[51.924s][info][gc,phases,start] GC(196) Summary Phase
[51.924s][info][gc,phases      ] GC(196) Summary Phase 0.054ms
[51.925s][info][gc,phases,start] GC(196) Adjust Roots
[51.925s][info][gc,phases      ] GC(196) Adjust Roots 0.270ms
[51.925s][info][gc,phases,start] GC(196) Compaction Phase
[52.149s][info][gc,phases      ] GC(196) Compaction Phase 223.889ms
[52.149s][info][gc,phases,start] GC(196) Post Compact
[52.152s][info][gc,phases      ] GC(196) Post Compact 2.923ms
[52.152s][info][gc,heap        ] GC(196) PSYoungGen: 61926K(102400K)->61926K(102400K) Eden: 28159K(28160K)->28159K(28160K) From: 33766K(74240K)->33766K(74240K)
[52.152s][info][gc,heap        ] GC(196) ParOldGen: 1706784K(1707008K)->1706784K(1707008K)
[52.152s][info][gc,metaspace   ] GC(196) Metaspace: 6302K(6464K)->6302K(6464K) NonClass: 5768K(5824K)->5768K(5824K) Class: 533K(640K)->533K(640K)
[52.152s][info][gc             ] GC(196) Pause Full (Ergonomics) 1727M->1727M(1767M) 924.261ms
[52.152s][info][gc,cpu         ] GC(196) User=1.81s Sys=0.00s Real=0.92s
[52.152s][info][gc,start       ] GC(197) Pause Full (Ergonomics)
[52.152s][info][gc,phases,start] GC(197) Marking Phase
[52.810s][info][gc,phases      ] GC(197) Marking Phase 658.117ms
[52.810s][info][gc,phases,start] GC(197) Summary Phase
[52.810s][info][gc,phases      ] GC(197) Summary Phase 0.035ms
[52.810s][info][gc,phases,start] GC(197) Adjust Roots
[52.811s][info][gc,phases      ] GC(197) Adjust Roots 0.223ms
[52.811s][info][gc,phases,start] GC(197) Compaction Phase
[53.034s][info][gc,phases      ] GC(197) Compaction Phase 223.721ms
[53.035s][info][gc,phases,start] GC(197) Post Compact
[53.037s][info][gc,phases      ] GC(197) Post Compact 2.868ms
[53.038s][info][gc,heap        ] GC(197) PSYoungGen: 61926K(102400K)->61926K(102400K) Eden: 28159K(28160K)->28159K(28160K) From: 33766K(74240K)->33766K(74240K)
[53.038s][info][gc,heap        ] GC(197) ParOldGen: 1706788K(1707008K)->1706788K(1707008K)
[53.038s][info][gc,metaspace   ] GC(197) Metaspace: 6302K(6464K)->6302K(6464K) NonClass: 5768K(5824K)->5768K(5824K) Class: 533K(640K)->533K(640K)
[53.038s][info][gc             ] GC(197) Pause Full (Ergonomics) 1727M->1727M(1767M) 885.346ms
[53.038s][info][gc,cpu         ] GC(197) User=1.73s Sys=0.00s Real=0.88s
[53.038s][info][gc,start       ] GC(198) Pause Full (Ergonomics)
[53.038s][info][gc,phases,start] GC(198) Marking Phase
[53.695s][info][gc,phases      ] GC(198) Marking Phase 656.791ms
[53.695s][info][gc,phases,start] GC(198) Summary Phase
[53.695s][info][gc,phases      ] GC(198) Summary Phase 0.035ms
[53.695s][info][gc,phases,start] GC(198) Adjust Roots
[53.695s][info][gc,phases      ] GC(198) Adjust Roots 0.244ms
[53.695s][info][gc,phases,start] GC(198) Compaction Phase
[53.919s][info][gc,phases      ] GC(198) Compaction Phase 223.983ms
[53.919s][info][gc,phases,start] GC(198) Post Compact
[53.922s][info][gc,phases      ] GC(198) Post Compact 3.092ms
[53.922s][info][gc,heap        ] GC(198) PSYoungGen: 61926K(102400K)->61926K(102400K) Eden: 28159K(28160K)->28159K(28160K) From: 33766K(74240K)->33766K(74240K)
[53.922s][info][gc,heap        ] GC(198) ParOldGen: 1706793K(1707008K)->1706793K(1707008K)
[53.922s][info][gc,metaspace   ] GC(198) Metaspace: 6302K(6464K)->6302K(6464K) NonClass: 5768K(5824K)->5768K(5824K) Class: 533K(640K)->533K(640K)
[53.922s][info][gc             ] GC(198) Pause Full (Ergonomics) 1727M->1727M(1767M) 884.525ms
[53.922s][info][gc,cpu         ] GC(198) User=1.72s Sys=0.00s Real=0.88s
[53.923s][info][gc,start       ] GC(199) Pause Full (Ergonomics)
[53.923s][info][gc,phases,start] GC(199) Marking Phase
[54.583s][info][gc,phases      ] GC(199) Marking Phase 659.792ms
[54.583s][info][gc,phases,start] GC(199) Summary Phase
[54.583s][info][gc,phases      ] GC(199) Summary Phase 0.035ms
[54.583s][info][gc,phases,start] GC(199) Adjust Roots
[54.583s][info][gc,phases      ] GC(199) Adjust Roots 0.243ms
[54.583s][info][gc,phases,start] GC(199) Compaction Phase
[54.808s][info][gc,phases      ] GC(199) Compaction Phase 225.049ms
[54.808s][info][gc,phases,start] GC(199) Post Compact
[54.811s][info][gc,phases      ] GC(199) Post Compact 2.797ms
[54.811s][info][gc,heap        ] GC(199) PSYoungGen: 61926K(102400K)->61926K(102400K) Eden: 28159K(28160K)->28159K(28160K) From: 33766K(74240K)->33766K(74240K)
[54.811s][info][gc,heap        ] GC(199) ParOldGen: 1706798K(1707008K)->1706798K(1707008K)
[54.811s][info][gc,metaspace   ] GC(199) Metaspace: 6302K(6464K)->6302K(6464K) NonClass: 5768K(5824K)->5768K(5824K) Class: 533K(640K)->533K(640K)
[54.811s][info][gc             ] GC(199) Pause Full (Ergonomics) 1727M->1727M(1767M) 888.309ms
[54.811s][info][gc,cpu         ] GC(199) User=1.72s Sys=0.00s Real=0.89s
[54.811s][info][gc,start       ] GC(200) Pause Full (Ergonomics)
[54.812s][info][gc,phases,start] GC(200) Marking Phase
[55.470s][info][gc,phases      ] GC(200) Marking Phase 658.499ms
[55.470s][info][gc,phases,start] GC(200) Summary Phase
[55.470s][info][gc,phases      ] GC(200) Summary Phase 0.035ms
[55.470s][info][gc,phases,start] GC(200) Adjust Roots
[55.470s][info][gc,phases      ] GC(200) Adjust Roots 0.237ms
[55.470s][info][gc,phases,start] GC(200) Compaction Phase
[55.693s][info][gc,phases      ] GC(200) Compaction Phase 222.669ms
[55.693s][info][gc,phases,start] GC(200) Post Compact
[55.696s][info][gc,phases      ] GC(200) Post Compact 2.881ms
[55.696s][info][gc,heap        ] GC(200) PSYoungGen: 61926K(102400K)->61926K(102400K) Eden: 28159K(28160K)->28159K(28160K) From: 33766K(74240K)->33766K(74240K)
[55.696s][info][gc,heap        ] GC(200) ParOldGen: 1706802K(1707008K)->1706802K(1707008K)
[55.696s][info][gc,metaspace   ] GC(200) Metaspace: 6302K(6464K)->6302K(6464K) NonClass: 5768K(5824K)->5768K(5824K) Class: 533K(640K)->533K(640K)
[55.696s][info][gc             ] GC(200) Pause Full (Ergonomics) 1727M->1727M(1767M) 884.737ms
[55.696s][info][gc,cpu         ] GC(200) User=1.69s Sys=0.03s Real=0.88s
[55.697s][info][gc,start       ] GC(201) Pause Full (Ergonomics)
[55.697s][info][gc,phases,start] GC(201) Marking Phase
[56.353s][info][gc,phases      ] GC(201) Marking Phase 656.729ms
[56.353s][info][gc,phases,start] GC(201) Summary Phase
[56.353s][info][gc,phases      ] GC(201) Summary Phase 0.029ms
[56.353s][info][gc,phases,start] GC(201) Adjust Roots
[56.354s][info][gc,phases      ] GC(201) Adjust Roots 0.207ms
[56.354s][info][gc,phases,start] GC(201) Compaction Phase
[56.579s][info][gc,phases      ] GC(201) Compaction Phase 225.302ms
[56.579s][info][gc,phases,start] GC(201) Post Compact
[56.582s][info][gc,phases      ] GC(201) Post Compact 2.934ms
[56.582s][info][gc,heap        ] GC(201) PSYoungGen: 61926K(102400K)->61926K(102400K) Eden: 28159K(28160K)->28159K(28160K) From: 33766K(74240K)->33766K(74240K)
[56.582s][info][gc,heap        ] GC(201) ParOldGen: 1706807K(1707008K)->1706807K(1707008K)
[56.582s][info][gc,metaspace   ] GC(201) Metaspace: 6302K(6464K)->6302K(6464K) NonClass: 5768K(5824K)->5768K(5824K) Class: 533K(640K)->533K(640K)
[56.582s][info][gc             ] GC(201) Pause Full (Ergonomics) 1727M->1727M(1767M) 885.545ms
[56.582s][info][gc,cpu         ] GC(201) User=1.70s Sys=0.00s Real=0.89s
[56.582s][info][gc,start       ] GC(202) Pause Full (Ergonomics)
[56.582s][info][gc,phases,start] GC(202) Marking Phase
[57.242s][info][gc,phases      ] GC(202) Marking Phase 659.064ms
[57.242s][info][gc,phases,start] GC(202) Summary Phase
[57.242s][info][gc,phases      ] GC(202) Summary Phase 0.053ms
[57.242s][info][gc,phases,start] GC(202) Adjust Roots
[57.242s][info][gc,phases      ] GC(202) Adjust Roots 0.264ms
[57.242s][info][gc,phases,start] GC(202) Compaction Phase
[57.467s][info][gc,phases      ] GC(202) Compaction Phase 224.790ms
[57.467s][info][gc,phases,start] GC(202) Post Compact
[57.470s][info][gc,phases      ] GC(202) Post Compact 2.946ms
[57.470s][info][gc,heap        ] GC(202) PSYoungGen: 61926K(102400K)->61926K(102400K) Eden: 28159K(28160K)->28159K(28160K) From: 33766K(74240K)->33766K(74240K)
[57.470s][info][gc,heap        ] GC(202) ParOldGen: 1706812K(1707008K)->1706812K(1707008K)
[57.470s][info][gc,metaspace   ] GC(202) Metaspace: 6302K(6464K)->6302K(6464K) NonClass: 5768K(5824K)->5768K(5824K) Class: 533K(640K)->533K(640K)
[57.470s][info][gc             ] GC(202) Pause Full (Ergonomics) 1727M->1727M(1767M) 887.576ms
[57.470s][info][gc,cpu         ] GC(202) User=1.77s Sys=0.00s Real=0.89s
[57.470s][info][gc,start       ] GC(203) Pause Full (Ergonomics)
[57.470s][info][gc,phases,start] GC(203) Marking Phase
[58.128s][info][gc,phases      ] GC(203) Marking Phase 657.712ms
[58.128s][info][gc,phases,start] GC(203) Summary Phase
[58.128s][info][gc,phases      ] GC(203) Summary Phase 0.054ms
[58.128s][info][gc,phases,start] GC(203) Adjust Roots
[58.128s][info][gc,phases      ] GC(203) Adjust Roots 0.261ms
[58.129s][info][gc,phases,start] GC(203) Compaction Phase
[58.351s][info][gc,phases      ] GC(203) Compaction Phase 222.619ms
[58.351s][info][gc,phases,start] GC(203) Post Compact
[58.354s][info][gc,phases      ] GC(203) Post Compact 3.095ms
[58.354s][info][gc,heap        ] GC(203) PSYoungGen: 61926K(102400K)->61926K(102400K) Eden: 28159K(28160K)->28159K(28160K) From: 33766K(74240K)->33766K(74240K)
[58.354s][info][gc,heap        ] GC(203) ParOldGen: 1706816K(1707008K)->1706816K(1707008K)
[58.354s][info][gc,metaspace   ] GC(203) Metaspace: 6302K(6464K)->6302K(6464K) NonClass: 5768K(5824K)->5768K(5824K) Class: 533K(640K)->533K(640K)
[58.354s][info][gc             ] GC(203) Pause Full (Ergonomics) 1727M->1727M(1767M) 884.192ms
[58.354s][info][gc,cpu         ] GC(203) User=1.75s Sys=0.00s Real=0.88s
[58.355s][info][gc,start       ] GC(204) Pause Full (Ergonomics)
[58.355s][info][gc,phases,start] GC(204) Marking Phase
[59.014s][info][gc,phases      ] GC(204) Marking Phase 659.338ms
[59.014s][info][gc,phases,start] GC(204) Summary Phase
[59.014s][info][gc,phases      ] GC(204) Summary Phase 0.075ms
[59.014s][info][gc,phases,start] GC(204) Adjust Roots
[59.015s][info][gc,phases      ] GC(204) Adjust Roots 0.237ms
[59.015s][info][gc,phases,start] GC(204) Compaction Phase
[59.237s][info][gc,phases      ] GC(204) Compaction Phase 222.388ms
[59.237s][info][gc,phases,start] GC(204) Post Compact
[59.240s][info][gc,phases      ] GC(204) Post Compact 3.163ms
[59.240s][info][gc,heap        ] GC(204) PSYoungGen: 61926K(102400K)->61926K(102400K) Eden: 28159K(28160K)->28159K(28160K) From: 33766K(74240K)->33766K(74240K)
[59.240s][info][gc,heap        ] GC(204) ParOldGen: 1706821K(1707008K)->1706821K(1707008K)
[59.240s][info][gc,metaspace   ] GC(204) Metaspace: 6302K(6464K)->6302K(6464K) NonClass: 5768K(5824K)->5768K(5824K) Class: 533K(640K)->533K(640K)
[59.240s][info][gc             ] GC(204) Pause Full (Ergonomics) 1727M->1727M(1767M) 885.640ms
[59.240s][info][gc,cpu         ] GC(204) User=1.72s Sys=0.00s Real=0.88s
[59.241s][info][gc,start       ] GC(205) Pause Full (Ergonomics)
[59.241s][info][gc,phases,start] GC(205) Marking Phase
[59.898s][info][gc,phases      ] GC(205) Marking Phase 656.776ms
[59.898s][info][gc,phases,start] GC(205) Summary Phase
[59.898s][info][gc,phases      ] GC(205) Summary Phase 0.029ms
[59.898s][info][gc,phases,start] GC(205) Adjust Roots
[59.898s][info][gc,phases      ] GC(205) Adjust Roots 0.207ms
[59.898s][info][gc,phases,start] GC(205) Compaction Phase
[60.122s][info][gc,phases      ] GC(205) Compaction Phase 224.288ms
[60.122s][info][gc,phases,start] GC(205) Post Compact
[60.125s][info][gc,phases      ] GC(205) Post Compact 2.944ms
[60.125s][info][gc,heap        ] GC(205) PSYoungGen: 61926K(102400K)->61926K(102400K) Eden: 28159K(28160K)->28159K(28160K) From: 33766K(74240K)->33766K(74240K)
[60.125s][info][gc,heap        ] GC(205) ParOldGen: 1706826K(1707008K)->1706826K(1707008K)
[60.125s][info][gc,metaspace   ] GC(205) Metaspace: 6302K(6464K)->6302K(6464K) NonClass: 5768K(5824K)->5768K(5824K) Class: 533K(640K)->533K(640K)
[60.125s][info][gc             ] GC(205) Pause Full (Ergonomics) 1727M->1727M(1767M) 884.635ms
[60.125s][info][gc,cpu         ] GC(205) User=1.70s Sys=0.02s Real=0.89s
[60.126s][info][gc,start       ] GC(206) Pause Full (Ergonomics)
[60.126s][info][gc,phases,start] GC(206) Marking Phase
[60.783s][info][gc,phases      ] GC(206) Marking Phase 657.038ms
[60.783s][info][gc,phases,start] GC(206) Summary Phase
[60.783s][info][gc,phases      ] GC(206) Summary Phase 0.103ms
[60.783s][info][gc,phases,start] GC(206) Adjust Roots
[60.783s][info][gc,phases      ] GC(206) Adjust Roots 0.261ms
[60.783s][info][gc,phases,start] GC(206) Compaction Phase
[61.008s][info][gc,phases      ] GC(206) Compaction Phase 224.327ms
[61.008s][info][gc,phases,start] GC(206) Post Compact
[61.011s][info][gc,phases      ] GC(206) Post Compact 3.094ms
[61.011s][info][gc,heap        ] GC(206) PSYoungGen: 61926K(102400K)->61926K(102400K) Eden: 28159K(28160K)->28159K(28160K) From: 33766K(74240K)->33766K(74240K)
[61.011s][info][gc,heap        ] GC(206) ParOldGen: 1706830K(1707008K)->1706830K(1707008K)
[61.011s][info][gc,metaspace   ] GC(206) Metaspace: 6302K(6464K)->6302K(6464K) NonClass: 5768K(5824K)->5768K(5824K) Class: 533K(640K)->533K(640K)
[61.011s][info][gc             ] GC(206) Pause Full (Ergonomics) 1727M->1727M(1767M) 885.278ms
[61.011s][info][gc,cpu         ] GC(206) User=1.69s Sys=0.00s Real=0.88s
[61.011s][info][gc,start       ] GC(207) Pause Full (Ergonomics)
[61.011s][info][gc,phases,start] GC(207) Marking Phase
[61.675s][info][gc,phases      ] GC(207) Marking Phase 663.649ms
[61.675s][info][gc,phases,start] GC(207) Summary Phase
[61.675s][info][gc,phases      ] GC(207) Summary Phase 0.029ms
[61.675s][info][gc,phases,start] GC(207) Adjust Roots
[61.675s][info][gc,phases      ] GC(207) Adjust Roots 0.233ms
[61.675s][info][gc,phases,start] GC(207) Compaction Phase
[61.900s][info][gc,phases      ] GC(207) Compaction Phase 224.325ms
[61.900s][info][gc,phases,start] GC(207) Post Compact
[61.903s][info][gc,phases      ] GC(207) Post Compact 2.873ms
[61.903s][info][gc,heap        ] GC(207) PSYoungGen: 61926K(102400K)->61926K(102400K) Eden: 28159K(28160K)->28159K(28160K) From: 33766K(74240K)->33766K(74240K)
[61.903s][info][gc,heap        ] GC(207) ParOldGen: 1706835K(1707008K)->1706835K(1707008K)
[61.903s][info][gc,metaspace   ] GC(207) Metaspace: 6302K(6464K)->6302K(6464K) NonClass: 5768K(5824K)->5768K(5824K) Class: 533K(640K)->533K(640K)
[61.903s][info][gc             ] GC(207) Pause Full (Ergonomics) 1727M->1727M(1767M) 891.452ms
[61.903s][info][gc,cpu         ] GC(207) User=1.73s Sys=0.00s Real=0.89s
[61.903s][info][gc,start       ] GC(208) Pause Full (Ergonomics)
[61.903s][info][gc,phases,start] GC(208) Marking Phase
[62.595s][info][gc,phases      ] GC(208) Marking Phase 691.416ms
[62.595s][info][gc,phases,start] GC(208) Summary Phase
[62.595s][info][gc,phases      ] GC(208) Summary Phase 0.035ms
[62.595s][info][gc,phases,start] GC(208) Adjust Roots
[62.595s][info][gc,phases      ] GC(208) Adjust Roots 0.238ms
[62.595s][info][gc,phases,start] GC(208) Compaction Phase
[62.838s][info][gc,phases      ] GC(208) Compaction Phase 243.043ms
[62.838s][info][gc,phases,start] GC(208) Post Compact
[62.841s][info][gc,phases      ] GC(208) Post Compact 3.119ms
[62.841s][info][gc,heap        ] GC(208) PSYoungGen: 61926K(102400K)->61926K(102400K) Eden: 28159K(28160K)->28159K(28160K) From: 33766K(74240K)->33766K(74240K)
[62.841s][info][gc,heap        ] GC(208) ParOldGen: 1706840K(1707008K)->1706840K(1707008K)
[62.841s][info][gc,metaspace   ] GC(208) Metaspace: 6302K(6464K)->6302K(6464K) NonClass: 5768K(5824K)->5768K(5824K) Class: 533K(640K)->533K(640K)
[62.841s][info][gc             ] GC(208) Pause Full (Ergonomics) 1727M->1727M(1767M) 938.243ms
[62.841s][info][gc,cpu         ] GC(208) User=1.84s Sys=0.00s Real=0.94s
[62.842s][info][gc,start       ] GC(209) Pause Full (Ergonomics)
[62.842s][info][gc,phases,start] GC(209) Marking Phase
[63.526s][info][gc,phases      ] GC(209) Marking Phase 683.908ms
[63.526s][info][gc,phases,start] GC(209) Summary Phase
[63.526s][info][gc,phases      ] GC(209) Summary Phase 0.053ms
[63.526s][info][gc,phases,start] GC(209) Adjust Roots
[63.526s][info][gc,phases      ] GC(209) Adjust Roots 0.240ms
[63.526s][info][gc,phases,start] GC(209) Compaction Phase
[63.751s][info][gc,phases      ] GC(209) Compaction Phase 224.793ms
[63.751s][info][gc,phases,start] GC(209) Post Compact
[63.754s][info][gc,phases      ] GC(209) Post Compact 2.923ms
[63.754s][info][gc,heap        ] GC(209) PSYoungGen: 61926K(102400K)->61926K(102400K) Eden: 28159K(28160K)->28159K(28160K) From: 33766K(74240K)->33766K(74240K)
[63.754s][info][gc,heap        ] GC(209) ParOldGen: 1706844K(1707008K)->1706844K(1707008K)
[63.754s][info][gc,metaspace   ] GC(209) Metaspace: 6302K(6464K)->6302K(6464K) NonClass: 5768K(5824K)->5768K(5824K) Class: 533K(640K)->533K(640K)
[63.754s][info][gc             ] GC(209) Pause Full (Ergonomics) 1727M->1727M(1767M) 912.330ms
[63.754s][info][gc,cpu         ] GC(209) User=1.77s Sys=0.00s Real=0.91s
[63.754s][info][gc,start       ] GC(210) Pause Full (Ergonomics)
[63.754s][info][gc,phases,start] GC(210) Marking Phase
[64.412s][info][gc,phases      ] GC(210) Marking Phase 657.910ms
[64.412s][info][gc,phases,start] GC(210) Summary Phase
[64.413s][info][gc,phases      ] GC(210) Summary Phase 0.043ms
[64.413s][info][gc,phases,start] GC(210) Adjust Roots
[64.413s][info][gc,phases      ] GC(210) Adjust Roots 0.236ms
[64.413s][info][gc,phases,start] GC(210) Compaction Phase
[64.636s][info][gc,phases      ] GC(210) Compaction Phase 222.941ms
[64.636s][info][gc,phases,start] GC(210) Post Compact
[64.639s][info][gc,phases      ] GC(210) Post Compact 2.943ms
[64.639s][info][gc,heap        ] GC(210) PSYoungGen: 61926K(102400K)->61926K(102400K) Eden: 28159K(28160K)->28159K(28160K) From: 33766K(74240K)->33766K(74240K)
[64.639s][info][gc,heap        ] GC(210) ParOldGen: 1706849K(1707008K)->1706849K(1707008K)
[64.639s][info][gc,metaspace   ] GC(210) Metaspace: 6302K(6464K)->6302K(6464K) NonClass: 5768K(5824K)->5768K(5824K) Class: 533K(640K)->533K(640K)
[64.639s][info][gc             ] GC(210) Pause Full (Ergonomics) 1727M->1727M(1767M) 884.525ms
[64.639s][info][gc,cpu         ] GC(210) User=1.75s Sys=0.00s Real=0.88s
[64.639s][info][gc,start       ] GC(211) Pause Full (Ergonomics)
[64.639s][info][gc,phases,start] GC(211) Marking Phase
[65.293s][info][gc,phases      ] GC(211) Marking Phase 654.056ms
[65.293s][info][gc,phases,start] GC(211) Summary Phase
[65.293s][info][gc,phases      ] GC(211) Summary Phase 0.035ms
[65.293s][info][gc,phases,start] GC(211) Adjust Roots
[65.294s][info][gc,phases      ] GC(211) Adjust Roots 0.234ms
[65.294s][info][gc,phases,start] GC(211) Compaction Phase
[65.518s][info][gc,phases      ] GC(211) Compaction Phase 223.913ms
[65.518s][info][gc,phases,start] GC(211) Post Compact
[65.521s][info][gc,phases      ] GC(211) Post Compact 2.903ms
[65.521s][info][gc,heap        ] GC(211) PSYoungGen: 61926K(102400K)->61926K(102400K) Eden: 28159K(28160K)->28159K(28160K) From: 33766K(74240K)->33766K(74240K)
[65.521s][info][gc,heap        ] GC(211) ParOldGen: 1706854K(1707008K)->1706854K(1707008K)
[65.521s][info][gc,metaspace   ] GC(211) Metaspace: 6302K(6464K)->6302K(6464K) NonClass: 5768K(5824K)->5768K(5824K) Class: 533K(640K)->533K(640K)
[65.521s][info][gc             ] GC(211) Pause Full (Ergonomics) 1727M->1727M(1767M) 881.527ms
[65.521s][info][gc,cpu         ] GC(211) User=1.67s Sys=0.02s Real=0.88s
[65.521s][info][gc,start       ] GC(212) Pause Full (Ergonomics)
[65.521s][info][gc,phases,start] GC(212) Marking Phase
[66.180s][info][gc,phases      ] GC(212) Marking Phase 658.454ms
[66.180s][info][gc,phases,start] GC(212) Summary Phase
[66.180s][info][gc,phases      ] GC(212) Summary Phase 0.035ms
[66.180s][info][gc,phases,start] GC(212) Adjust Roots
[66.180s][info][gc,phases      ] GC(212) Adjust Roots 0.193ms
[66.180s][info][gc,phases,start] GC(212) Compaction Phase
[66.403s][info][gc,phases      ] GC(212) Compaction Phase 223.210ms
[66.403s][info][gc,phases,start] GC(212) Post Compact
[66.406s][info][gc,phases      ] GC(212) Post Compact 2.893ms
[66.406s][info][gc,heap        ] GC(212) PSYoungGen: 61926K(102400K)->61926K(102400K) Eden: 28159K(28160K)->28159K(28160K) From: 33766K(74240K)->33766K(74240K)
[66.406s][info][gc,heap        ] GC(212) ParOldGen: 1706858K(1707008K)->1706858K(1707008K)
[66.406s][info][gc,metaspace   ] GC(212) Metaspace: 6302K(6464K)->6302K(6464K) NonClass: 5768K(5824K)->5768K(5824K) Class: 533K(640K)->533K(640K)
[66.406s][info][gc             ] GC(212) Pause Full (Ergonomics) 1727M->1727M(1767M) 885.151ms
[66.406s][info][gc,cpu         ] GC(212) User=1.75s Sys=0.00s Real=0.88s
[66.407s][info][gc,start       ] GC(213) Pause Full (Ergonomics)
[66.407s][info][gc,phases,start] GC(213) Marking Phase
[67.064s][info][gc,phases      ] GC(213) Marking Phase 657.066ms
[67.064s][info][gc,phases,start] GC(213) Summary Phase
[67.064s][info][gc,phases      ] GC(213) Summary Phase 0.035ms
[67.064s][info][gc,phases,start] GC(213) Adjust Roots
[67.064s][info][gc,phases      ] GC(213) Adjust Roots 0.235ms
[67.064s][info][gc,phases,start] GC(213) Compaction Phase
[67.287s][info][gc,phases      ] GC(213) Compaction Phase 222.612ms
[67.287s][info][gc,phases,start] GC(213) Post Compact
[67.290s][info][gc,phases      ] GC(213) Post Compact 3.043ms
[67.290s][info][gc,heap        ] GC(213) PSYoungGen: 61926K(102400K)->61926K(102400K) Eden: 28159K(28160K)->28159K(28160K) From: 33766K(74240K)->33766K(74240K)
[67.290s][info][gc,heap        ] GC(213) ParOldGen: 1706863K(1707008K)->1706863K(1707008K)
[67.290s][info][gc,metaspace   ] GC(213) Metaspace: 6302K(6464K)->6302K(6464K) NonClass: 5768K(5824K)->5768K(5824K) Class: 533K(640K)->533K(640K)
[67.290s][info][gc             ] GC(213) Pause Full (Ergonomics) 1727M->1727M(1767M) 883.436ms
[67.290s][info][gc,cpu         ] GC(213) User=1.69s Sys=0.00s Real=0.88s
[67.290s][info][gc,start       ] GC(214) Pause Full (Ergonomics)
[67.290s][info][gc,phases,start] GC(214) Marking Phase
[67.945s][info][gc,phases      ] GC(214) Marking Phase 654.738ms
[67.945s][info][gc,phases,start] GC(214) Summary Phase
[67.945s][info][gc,phases      ] GC(214) Summary Phase 0.035ms
[67.945s][info][gc,phases,start] GC(214) Adjust Roots
[67.946s][info][gc,phases      ] GC(214) Adjust Roots 0.235ms
[67.946s][info][gc,phases,start] GC(214) Compaction Phase
[68.168s][info][gc,phases      ] GC(214) Compaction Phase 222.682ms
[68.168s][info][gc,phases,start] GC(214) Post Compact
[68.171s][info][gc,phases      ] GC(214) Post Compact 2.838ms
[68.171s][info][gc,heap        ] GC(214) PSYoungGen: 61926K(102400K)->61926K(102400K) Eden: 28159K(28160K)->28159K(28160K) From: 33766K(74240K)->33766K(74240K)
[68.171s][info][gc,heap        ] GC(214) ParOldGen: 1706868K(1707008K)->1706868K(1707008K)
[68.171s][info][gc,metaspace   ] GC(214) Metaspace: 6302K(6464K)->6302K(6464K) NonClass: 5768K(5824K)->5768K(5824K) Class: 533K(640K)->533K(640K)
[68.171s][info][gc             ] GC(214) Pause Full (Ergonomics) 1727M->1727M(1767M) 880.946ms
[68.171s][info][gc,cpu         ] GC(214) User=1.75s Sys=0.00s Real=0.88s
[68.172s][info][gc,start       ] GC(215) Pause Full (Ergonomics)
[68.172s][info][gc,phases,start] GC(215) Marking Phase
[68.832s][info][gc,phases      ] GC(215) Marking Phase 660.112ms
[68.832s][info][gc,phases,start] GC(215) Summary Phase
[68.832s][info][gc,phases      ] GC(215) Summary Phase 0.030ms
[68.832s][info][gc,phases,start] GC(215) Adjust Roots
[68.832s][info][gc,phases      ] GC(215) Adjust Roots 0.344ms
[68.832s][info][gc,phases,start] GC(215) Compaction Phase
[69.056s][info][gc,phases      ] GC(215) Compaction Phase 223.974ms
[69.056s][info][gc,phases,start] GC(215) Post Compact
[69.059s][info][gc,phases      ] GC(215) Post Compact 2.885ms
[69.059s][info][gc,heap        ] GC(215) PSYoungGen: 61926K(102400K)->61926K(102400K) Eden: 28159K(28160K)->28159K(28160K) From: 33766K(74240K)->33766K(74240K)
[69.059s][info][gc,heap        ] GC(215) ParOldGen: 1706872K(1707008K)->1706872K(1707008K)
[69.059s][info][gc,metaspace   ] GC(215) Metaspace: 6302K(6464K)->6302K(6464K) NonClass: 5768K(5824K)->5768K(5824K) Class: 533K(640K)->533K(640K)
[69.059s][info][gc             ] GC(215) Pause Full (Ergonomics) 1727M->1727M(1767M) 887.735ms
[69.059s][info][gc,cpu         ] GC(215) User=1.75s Sys=0.00s Real=0.89s
[69.060s][info][gc,start       ] GC(216) Pause Full (Ergonomics)
[69.060s][info][gc,phases,start] GC(216) Marking Phase
[69.759s][info][gc,phases      ] GC(216) Marking Phase 699.521ms
[69.759s][info][gc,phases,start] GC(216) Summary Phase
[69.759s][info][gc,phases      ] GC(216) Summary Phase 0.076ms
[69.759s][info][gc,phases,start] GC(216) Adjust Roots
[69.760s][info][gc,phases      ] GC(216) Adjust Roots 0.293ms
[69.760s][info][gc,phases,start] GC(216) Compaction Phase
[70.002s][info][gc,phases      ] GC(216) Compaction Phase 241.785ms
[70.002s][info][gc,phases,start] GC(216) Post Compact
[70.005s][info][gc,phases      ] GC(216) Post Compact 3.135ms
[70.005s][info][gc,heap        ] GC(216) PSYoungGen: 61926K(102400K)->61926K(102400K) Eden: 28159K(28160K)->28159K(28160K) From: 33766K(74240K)->33766K(74240K)
[70.005s][info][gc,heap        ] GC(216) ParOldGen: 1706877K(1707008K)->1706877K(1707008K)
[70.005s][info][gc,metaspace   ] GC(216) Metaspace: 6302K(6464K)->6302K(6464K) NonClass: 5768K(5824K)->5768K(5824K) Class: 533K(640K)->533K(640K)
[70.005s][info][gc             ] GC(216) Pause Full (Ergonomics) 1727M->1727M(1767M) 945.254ms
[70.005s][info][gc,cpu         ] GC(216) User=1.83s Sys=0.02s Real=0.95s
[70.005s][info][gc,start       ] GC(217) Pause Full (Ergonomics)
[70.005s][info][gc,phases,start] GC(217) Marking Phase
[70.705s][info][gc,phases      ] GC(217) Marking Phase 700.004ms
[70.705s][info][gc,phases,start] GC(217) Summary Phase
[70.706s][info][gc,phases      ] GC(217) Summary Phase 0.054ms
[70.706s][info][gc,phases,start] GC(217) Adjust Roots
[70.706s][info][gc,phases      ] GC(217) Adjust Roots 0.297ms
[70.706s][info][gc,phases,start] GC(217) Compaction Phase
[70.948s][info][gc,phases      ] GC(217) Compaction Phase 242.359ms
[70.948s][info][gc,phases,start] GC(217) Post Compact
[70.951s][info][gc,phases      ] GC(217) Post Compact 2.948ms
[70.951s][info][gc,heap        ] GC(217) PSYoungGen: 61926K(102400K)->61926K(102400K) Eden: 28159K(28160K)->28159K(28160K) From: 33766K(74240K)->33766K(74240K)
[70.951s][info][gc,heap        ] GC(217) ParOldGen: 1706882K(1707008K)->1706882K(1707008K)
[70.951s][info][gc,metaspace   ] GC(217) Metaspace: 6302K(6464K)->6302K(6464K) NonClass: 5768K(5824K)->5768K(5824K) Class: 533K(640K)->533K(640K)
[70.951s][info][gc             ] GC(217) Pause Full (Ergonomics) 1727M->1727M(1767M) 946.102ms
[70.951s][info][gc,cpu         ] GC(217) User=1.83s Sys=0.02s Real=0.95s
[70.952s][info][gc,start       ] GC(218) Pause Full (Ergonomics)
[70.952s][info][gc,phases,start] GC(218) Marking Phase
[71.654s][info][gc,phases      ] GC(218) Marking Phase 701.988ms
[71.654s][info][gc,phases,start] GC(218) Summary Phase
[71.654s][info][gc,phases      ] GC(218) Summary Phase 0.075ms
[71.654s][info][gc,phases,start] GC(218) Adjust Roots
[71.654s][info][gc,phases      ] GC(218) Adjust Roots 0.258ms
[71.654s][info][gc,phases,start] GC(218) Compaction Phase
[71.897s][info][gc,phases      ] GC(218) Compaction Phase 242.827ms
[71.897s][info][gc,phases,start] GC(218) Post Compact
[71.900s][info][gc,phases      ] GC(218) Post Compact 3.181ms
[71.901s][info][gc,heap        ] GC(218) PSYoungGen: 61926K(102400K)->61926K(102400K) Eden: 28159K(28160K)->28159K(28160K) From: 33766K(74240K)->33766K(74240K)
[71.901s][info][gc,heap        ] GC(218) ParOldGen: 1706886K(1707008K)->1706886K(1707008K)
[71.901s][info][gc,metaspace   ] GC(218) Metaspace: 6302K(6464K)->6302K(6464K) NonClass: 5768K(5824K)->5768K(5824K) Class: 533K(640K)->533K(640K)
[71.901s][info][gc             ] GC(218) Pause Full (Ergonomics) 1727M->1727M(1767M) 948.770ms
[71.901s][info][gc,cpu         ] GC(218) User=1.84s Sys=0.00s Real=0.95s
[71.901s][info][gc,start       ] GC(219) Pause Full (Ergonomics)
[71.901s][info][gc,phases,start] GC(219) Marking Phase
[72.609s][info][gc,phases      ] GC(219) Marking Phase 707.582ms
[72.609s][info][gc,phases,start] GC(219) Summary Phase
[72.609s][info][gc,phases      ] GC(219) Summary Phase 0.056ms
[72.609s][info][gc,phases,start] GC(219) Adjust Roots
[72.609s][info][gc,phases      ] GC(219) Adjust Roots 0.278ms
[72.609s][info][gc,phases,start] GC(219) Compaction Phase
[72.856s][info][gc,phases      ] GC(219) Compaction Phase 246.837ms
[72.856s][info][gc,phases,start] GC(219) Post Compact
[72.859s][info][gc,phases      ] GC(219) Post Compact 3.171ms
[72.859s][info][gc,heap        ] GC(219) PSYoungGen: 61926K(102400K)->61926K(102400K) Eden: 28159K(28160K)->28159K(28160K) From: 33766K(74240K)->33766K(74240K)
[72.859s][info][gc,heap        ] GC(219) ParOldGen: 1706891K(1707008K)->1706891K(1707008K)
[72.859s][info][gc,metaspace   ] GC(219) Metaspace: 6302K(6464K)->6302K(6464K) NonClass: 5768K(5824K)->5768K(5824K) Class: 533K(640K)->533K(640K)
[72.859s][info][gc             ] GC(219) Pause Full (Ergonomics) 1727M->1727M(1767M) 958.360ms
[72.859s][info][gc,cpu         ] GC(219) User=1.86s Sys=0.00s Real=0.96s
[72.860s][info][gc,start       ] GC(220) Pause Full (Ergonomics)
[72.860s][info][gc,phases,start] GC(220) Marking Phase
[73.561s][info][gc,phases      ] GC(220) Marking Phase 701.557ms
[73.561s][info][gc,phases,start] GC(220) Summary Phase
[73.561s][info][gc,phases      ] GC(220) Summary Phase 0.030ms
[73.561s][info][gc,phases,start] GC(220) Adjust Roots
[73.562s][info][gc,phases      ] GC(220) Adjust Roots 0.375ms
[73.562s][info][gc,phases,start] GC(220) Compaction Phase
[73.805s][info][gc,phases      ] GC(220) Compaction Phase 243.768ms
[73.806s][info][gc,phases,start] GC(220) Post Compact
[73.808s][info][gc,phases      ] GC(220) Post Compact 2.907ms
[73.809s][info][gc,heap        ] GC(220) PSYoungGen: 61926K(102400K)->61926K(102400K) Eden: 28159K(28160K)->28159K(28160K) From: 33766K(74240K)->33766K(74240K)
[73.809s][info][gc,heap        ] GC(220) ParOldGen: 1706896K(1707008K)->1706896K(1707008K)
[73.809s][info][gc,metaspace   ] GC(220) Metaspace: 6302K(6464K)->6302K(6464K) NonClass: 5768K(5824K)->5768K(5824K) Class: 533K(640K)->533K(640K)
[73.809s][info][gc             ] GC(220) Pause Full (Ergonomics) 1727M->1727M(1767M) 948.988ms
[73.809s][info][gc,cpu         ] GC(220) User=1.84s Sys=0.00s Real=0.95s
[73.809s][info][gc,start       ] GC(221) Pause Full (Ergonomics)
[73.809s][info][gc,phases,start] GC(221) Marking Phase
[74.511s][info][gc,phases      ] GC(221) Marking Phase 701.662ms
[74.511s][info][gc,phases,start] GC(221) Summary Phase
[74.511s][info][gc,phases      ] GC(221) Summary Phase 0.055ms
[74.511s][info][gc,phases,start] GC(221) Adjust Roots
[74.511s][info][gc,phases      ] GC(221) Adjust Roots 0.280ms
[74.511s][info][gc,phases,start] GC(221) Compaction Phase
[74.757s][info][gc,phases      ] GC(221) Compaction Phase 245.329ms
[74.757s][info][gc,phases,start] GC(221) Post Compact
[74.760s][info][gc,phases      ] GC(221) Post Compact 3.205ms
[74.760s][info][gc,heap        ] GC(221) PSYoungGen: 61926K(102400K)->61926K(102400K) Eden: 28159K(28160K)->28159K(28160K) From: 33766K(74240K)->33766K(74240K)
[74.760s][info][gc,heap        ] GC(221) ParOldGen: 1706900K(1707008K)->1706900K(1707008K)
[74.760s][info][gc,metaspace   ] GC(221) Metaspace: 6302K(6464K)->6302K(6464K) NonClass: 5768K(5824K)->5768K(5824K) Class: 533K(640K)->533K(640K)
[74.760s][info][gc             ] GC(221) Pause Full (Ergonomics) 1727M->1727M(1767M) 951.015ms
[74.760s][info][gc,cpu         ] GC(221) User=1.81s Sys=0.02s Real=0.95s
[74.760s][info][gc,start       ] GC(222) Pause Full (Ergonomics)
[74.760s][info][gc,phases,start] GC(222) Marking Phase
[75.467s][info][gc,phases      ] GC(222) Marking Phase 706.970ms
[75.468s][info][gc,phases,start] GC(222) Summary Phase
[75.468s][info][gc,phases      ] GC(222) Summary Phase 0.055ms
[75.468s][info][gc,phases,start] GC(222) Adjust Roots
[75.468s][info][gc,phases      ] GC(222) Adjust Roots 0.257ms
[75.468s][info][gc,phases,start] GC(222) Compaction Phase
[75.710s][info][gc,phases      ] GC(222) Compaction Phase 241.986ms
[75.710s][info][gc,phases,start] GC(222) Post Compact
[75.713s][info][gc,phases      ] GC(222) Post Compact 3.129ms
[75.713s][info][gc,heap        ] GC(222) PSYoungGen: 61926K(102400K)->61926K(102400K) Eden: 28159K(28160K)->28159K(28160K) From: 33766K(74240K)->33766K(74240K)
[75.713s][info][gc,heap        ] GC(222) ParOldGen: 1706905K(1707008K)->1706905K(1707008K)
[75.713s][info][gc,metaspace   ] GC(222) Metaspace: 6302K(6464K)->6302K(6464K) NonClass: 5768K(5824K)->5768K(5824K) Class: 533K(640K)->533K(640K)
[75.713s][info][gc             ] GC(222) Pause Full (Ergonomics) 1727M->1727M(1767M) 952.889ms
[75.713s][info][gc,cpu         ] GC(222) User=1.86s Sys=0.00s Real=0.95s
[75.714s][info][gc,start       ] GC(223) Pause Full (Ergonomics)
[75.714s][info][gc,phases,start] GC(223) Marking Phase
[76.419s][info][gc,phases      ] GC(223) Marking Phase 705.802ms
[76.419s][info][gc,phases,start] GC(223) Summary Phase
[76.419s][info][gc,phases      ] GC(223) Summary Phase 0.030ms
[76.420s][info][gc,phases,start] GC(223) Adjust Roots
[76.420s][info][gc,phases      ] GC(223) Adjust Roots 0.241ms
[76.420s][info][gc,phases,start] GC(223) Compaction Phase
[76.663s][info][gc,phases      ] GC(223) Compaction Phase 243.296ms
[76.663s][info][gc,phases,start] GC(223) Post Compact
[76.666s][info][gc,phases      ] GC(223) Post Compact 2.895ms
[76.666s][info][gc,heap        ] GC(223) PSYoungGen: 61926K(102400K)->61926K(102400K) Eden: 28159K(28160K)->28159K(28160K) From: 33766K(74240K)->33766K(74240K)
[76.666s][info][gc,heap        ] GC(223) ParOldGen: 1706910K(1707008K)->1706910K(1707008K)
[76.666s][info][gc,metaspace   ] GC(223) Metaspace: 6302K(6464K)->6302K(6464K) NonClass: 5768K(5824K)->5768K(5824K) Class: 533K(640K)->533K(640K)
[76.666s][info][gc             ] GC(223) Pause Full (Ergonomics) 1727M->1727M(1767M) 952.608ms
[76.666s][info][gc,cpu         ] GC(223) User=1.84s Sys=0.00s Real=0.95s
[76.667s][info][gc,start       ] GC(224) Pause Full (Ergonomics)
[76.667s][info][gc,phases,start] GC(224) Marking Phase
[77.369s][info][gc,phases      ] GC(224) Marking Phase 701.980ms
[77.369s][info][gc,phases,start] GC(224) Summary Phase
[77.369s][info][gc,phases      ] GC(224) Summary Phase 0.076ms
[77.369s][info][gc,phases,start] GC(224) Adjust Roots
[77.369s][info][gc,phases      ] GC(224) Adjust Roots 0.241ms
[77.369s][info][gc,phases,start] GC(224) Compaction Phase
[77.612s][info][gc,phases      ] GC(224) Compaction Phase 243.325ms
[77.612s][info][gc,phases,start] GC(224) Post Compact
[77.616s][info][gc,phases      ] GC(224) Post Compact 3.201ms
[77.616s][info][gc,heap        ] GC(224) PSYoungGen: 61926K(102400K)->61926K(102400K) Eden: 28159K(28160K)->28159K(28160K) From: 33766K(74240K)->33766K(74240K)
[77.616s][info][gc,heap        ] GC(224) ParOldGen: 1706914K(1707008K)->1706914K(1707008K)
[77.616s][info][gc,metaspace   ] GC(224) Metaspace: 6302K(6464K)->6302K(6464K) NonClass: 5768K(5824K)->5768K(5824K) Class: 533K(640K)->533K(640K)
[77.616s][info][gc             ] GC(224) Pause Full (Ergonomics) 1727M->1727M(1767M) 949.241ms
[77.616s][info][gc,cpu         ] GC(224) User=1.84s Sys=0.00s Real=0.95s
[77.616s][info][gc,start       ] GC(225) Pause Full (Ergonomics)
[77.616s][info][gc,phases,start] GC(225) Marking Phase
[78.317s][info][gc,phases      ] GC(225) Marking Phase 700.536ms
[78.317s][info][gc,phases,start] GC(225) Summary Phase
[78.317s][info][gc,phases      ] GC(225) Summary Phase 0.102ms
[78.317s][info][gc,phases,start] GC(225) Adjust Roots
[78.317s][info][gc,phases      ] GC(225) Adjust Roots 0.269ms
[78.317s][info][gc,phases,start] GC(225) Compaction Phase
[78.561s][info][gc,phases      ] GC(225) Compaction Phase 243.928ms
[78.561s][info][gc,phases,start] GC(225) Post Compact
[78.564s][info][gc,phases      ] GC(225) Post Compact 3.100ms
[78.564s][info][gc,heap        ] GC(225) PSYoungGen: 61926K(102400K)->61926K(102400K) Eden: 28159K(28160K)->28159K(28160K) From: 33766K(74240K)->33766K(74240K)
[78.564s][info][gc,heap        ] GC(225) ParOldGen: 1706919K(1707008K)->1706919K(1707008K)
[78.564s][info][gc,metaspace   ] GC(225) Metaspace: 6302K(6464K)->6302K(6464K) NonClass: 5768K(5824K)->5768K(5824K) Class: 533K(640K)->533K(640K)
[78.564s][info][gc             ] GC(225) Pause Full (Ergonomics) 1727M->1727M(1767M) 948.380ms
[78.565s][info][gc,cpu         ] GC(225) User=1.88s Sys=0.00s Real=0.95s
[78.565s][info][gc,start       ] GC(226) Pause Full (Ergonomics)
[78.565s][info][gc,phases,start] GC(226) Marking Phase
[79.266s][info][gc,phases      ] GC(226) Marking Phase 701.005ms
[79.266s][info][gc,phases,start] GC(226) Summary Phase
[79.266s][info][gc,phases      ] GC(226) Summary Phase 0.075ms
[79.266s][info][gc,phases,start] GC(226) Adjust Roots
[79.266s][info][gc,phases      ] GC(226) Adjust Roots 0.274ms
[79.266s][info][gc,phases,start] GC(226) Compaction Phase
[79.511s][info][gc,phases      ] GC(226) Compaction Phase 244.935ms
[79.511s][info][gc,phases,start] GC(226) Post Compact
[79.514s][info][gc,phases      ] GC(226) Post Compact 2.981ms
[79.514s][info][gc,heap        ] GC(226) PSYoungGen: 61926K(102400K)->61926K(102400K) Eden: 28159K(28160K)->28159K(28160K) From: 33766K(74240K)->33766K(74240K)
[79.514s][info][gc,heap        ] GC(226) ParOldGen: 1706924K(1707008K)->1706924K(1707008K)
[79.515s][info][gc,metaspace   ] GC(226) Metaspace: 6302K(6464K)->6302K(6464K) NonClass: 5768K(5824K)->5768K(5824K) Class: 533K(640K)->533K(640K)
[79.515s][info][gc             ] GC(226) Pause Full (Ergonomics) 1727M->1727M(1767M) 949.727ms
[79.515s][info][gc,cpu         ] GC(226) User=1.84s Sys=0.00s Real=0.95s
[79.515s][info][gc,start       ] GC(227) Pause Full (Ergonomics)
[79.515s][info][gc,phases,start] GC(227) Marking Phase
[80.224s][info][gc,phases      ] GC(227) Marking Phase 708.607ms
[80.224s][info][gc,phases,start] GC(227) Summary Phase
[80.224s][info][gc,phases      ] GC(227) Summary Phase 0.035ms
[80.224s][info][gc,phases,start] GC(227) Adjust Roots
[80.224s][info][gc,phases      ] GC(227) Adjust Roots 0.260ms
[80.224s][info][gc,phases,start] GC(227) Compaction Phase
[80.471s][info][gc,phases      ] GC(227) Compaction Phase 246.739ms
[80.471s][info][gc,phases,start] GC(227) Post Compact
[80.474s][info][gc,phases      ] GC(227) Post Compact 2.895ms
[80.474s][info][gc,heap        ] GC(227) PSYoungGen: 61926K(102400K)->61926K(102400K) Eden: 28159K(28160K)->28159K(28160K) From: 33766K(74240K)->33766K(74240K)
[80.474s][info][gc,heap        ] GC(227) ParOldGen: 1706928K(1707008K)->1706928K(1707008K)
[80.474s][info][gc,metaspace   ] GC(227) Metaspace: 6302K(6464K)->6302K(6464K) NonClass: 5768K(5824K)->5768K(5824K) Class: 533K(640K)->533K(640K)
[80.474s][info][gc             ] GC(227) Pause Full (Ergonomics) 1727M->1727M(1767M) 958.949ms
[80.474s][info][gc,cpu         ] GC(227) User=1.88s Sys=0.00s Real=0.96s
[80.474s][info][gc,start       ] GC(228) Pause Full (Ergonomics)
[80.474s][info][gc,phases,start] GC(228) Marking Phase
[81.174s][info][gc,phases      ] GC(228) Marking Phase 699.704ms
[81.174s][info][gc,phases,start] GC(228) Summary Phase
[81.174s][info][gc,phases      ] GC(228) Summary Phase 0.046ms
[81.174s][info][gc,phases,start] GC(228) Adjust Roots
[81.174s][info][gc,phases      ] GC(228) Adjust Roots 0.220ms
[81.174s][info][gc,phases,start] GC(228) Compaction Phase
[81.407s][info][gc,phases      ] GC(228) Compaction Phase 232.963ms
[81.407s][info][gc,phases,start] GC(228) Post Compact
[81.410s][info][gc,phases      ] GC(228) Post Compact 2.711ms
[81.410s][info][gc,heap        ] GC(228) PSYoungGen: 61926K(102400K)->61926K(102400K) Eden: 28159K(28160K)->28159K(28160K) From: 33766K(74240K)->33766K(74240K)
[81.410s][info][gc,heap        ] GC(228) ParOldGen: 1706933K(1707008K)->1706933K(1707008K)
[81.410s][info][gc,metaspace   ] GC(228) Metaspace: 6302K(6464K)->6302K(6464K) NonClass: 5768K(5824K)->5768K(5824K) Class: 533K(640K)->533K(640K)
[81.410s][info][gc             ] GC(228) Pause Full (Ergonomics) 1727M->1727M(1767M) 936.018ms
[81.410s][info][gc,cpu         ] GC(228) User=1.81s Sys=0.00s Real=0.94s
[81.410s][info][gc,start       ] GC(229) Pause Full (Ergonomics)
[81.411s][info][gc,phases,start] GC(229) Marking Phase
[82.115s][info][gc,phases      ] GC(229) Marking Phase 704.018ms
[82.115s][info][gc,phases,start] GC(229) Summary Phase
[82.115s][info][gc,phases      ] GC(229) Summary Phase 0.035ms
[82.115s][info][gc,phases,start] GC(229) Adjust Roots
[82.115s][info][gc,phases      ] GC(229) Adjust Roots 0.276ms
[82.115s][info][gc,phases,start] GC(229) Compaction Phase
[82.359s][info][gc,phases      ] GC(229) Compaction Phase 243.857ms
[82.359s][info][gc,phases,start] GC(229) Post Compact
[82.362s][info][gc,phases      ] GC(229) Post Compact 2.858ms
[82.362s][info][gc,heap        ] GC(229) PSYoungGen: 61926K(102400K)->61926K(102400K) Eden: 28159K(28160K)->28159K(28160K) From: 33766K(74240K)->33766K(74240K)
[82.362s][info][gc,heap        ] GC(229) ParOldGen: 1706938K(1707008K)->1706938K(1707008K)
[82.362s][info][gc,metaspace   ] GC(229) Metaspace: 6302K(6464K)->6302K(6464K) NonClass: 5768K(5824K)->5768K(5824K) Class: 533K(640K)->533K(640K)
[82.362s][info][gc             ] GC(229) Pause Full (Ergonomics) 1727M->1727M(1767M) 951.380ms
[82.362s][info][gc,cpu         ] GC(229) User=1.88s Sys=0.00s Real=0.95s
[82.362s][info][gc,start       ] GC(230) Pause Full (Ergonomics)
[82.362s][info][gc,phases,start] GC(230) Marking Phase
[83.068s][info][gc,phases      ] GC(230) Marking Phase 705.734ms
[83.068s][info][gc,phases,start] GC(230) Summary Phase
[83.068s][info][gc,phases      ] GC(230) Summary Phase 0.053ms
[83.068s][info][gc,phases,start] GC(230) Adjust Roots
[83.068s][info][gc,phases      ] GC(230) Adjust Roots 0.258ms
[83.068s][info][gc,phases,start] GC(230) Compaction Phase
[83.295s][info][gc,phases      ] GC(230) Compaction Phase 226.963ms
[83.296s][info][gc,phases,start] GC(230) Post Compact
[83.299s][info][gc,phases      ] GC(230) Post Compact 3.178ms
[83.299s][info][gc,heap        ] GC(230) PSYoungGen: 61926K(102400K)->61926K(102400K) Eden: 28159K(28160K)->28159K(28160K) From: 33766K(74240K)->33766K(74240K)
[83.299s][info][gc,heap        ] GC(230) ParOldGen: 1706942K(1707008K)->1706942K(1707008K)
[83.299s][info][gc,metaspace   ] GC(230) Metaspace: 6302K(6464K)->6302K(6464K) NonClass: 5768K(5824K)->5768K(5824K) Class: 533K(640K)->533K(640K)
[83.299s][info][gc             ] GC(230) Pause Full (Ergonomics) 1727M->1727M(1767M) 936.666ms
[83.299s][info][gc,cpu         ] GC(230) User=1.86s Sys=0.00s Real=0.94s
[83.299s][info][gc,start       ] GC(231) Pause Full (Ergonomics)
[83.299s][info][gc,phases,start] GC(231) Marking Phase
[84.009s][info][gc,phases      ] GC(231) Marking Phase 709.583ms
[84.009s][info][gc,phases,start] GC(231) Summary Phase
[84.009s][info][gc,phases      ] GC(231) Summary Phase 0.035ms
[84.009s][info][gc,phases,start] GC(231) Adjust Roots
[84.009s][info][gc,phases      ] GC(231) Adjust Roots 0.213ms
[84.009s][info][gc,phases,start] GC(231) Compaction Phase
[84.253s][info][gc,phases      ] GC(231) Compaction Phase 243.542ms
[84.253s][info][gc,phases,start] GC(231) Post Compact
[84.256s][info][gc,phases      ] GC(231) Post Compact 2.900ms
[84.256s][info][gc,heap        ] GC(231) PSYoungGen: 61926K(102400K)->61926K(102400K) Eden: 28159K(28160K)->28159K(28160K) From: 33766K(74240K)->33766K(74240K)
[84.256s][info][gc,heap        ] GC(231) ParOldGen: 1706947K(1707008K)->1706947K(1707008K)
[84.256s][info][gc,metaspace   ] GC(231) Metaspace: 6302K(6464K)->6302K(6464K) NonClass: 5768K(5824K)->5768K(5824K) Class: 533K(640K)->533K(640K)
[84.256s][info][gc             ] GC(231) Pause Full (Ergonomics) 1727M->1727M(1767M) 956.680ms
[84.256s][info][gc,cpu         ] GC(231) User=1.88s Sys=0.02s Real=0.96s
[84.256s][info][gc,start       ] GC(232) Pause Full (Ergonomics)
[84.256s][info][gc,phases,start] GC(232) Marking Phase
[84.959s][info][gc,phases      ] GC(232) Marking Phase 702.853ms
[84.959s][info][gc,phases,start] GC(232) Summary Phase
[84.959s][info][gc,phases      ] GC(232) Summary Phase 0.034ms
[84.959s][info][gc,phases,start] GC(232) Adjust Roots
[84.959s][info][gc,phases      ] GC(232) Adjust Roots 0.289ms
[84.959s][info][gc,phases,start] GC(232) Compaction Phase
[85.202s][info][gc,phases      ] GC(232) Compaction Phase 242.556ms
[85.202s][info][gc,phases,start] GC(232) Post Compact
[85.205s][info][gc,phases      ] GC(232) Post Compact 2.946ms
[85.205s][info][gc,heap        ] GC(232) PSYoungGen: 61926K(102400K)->61926K(102400K) Eden: 28159K(28160K)->28159K(28160K) From: 33766K(74240K)->33766K(74240K)
[85.205s][info][gc,heap        ] GC(232) ParOldGen: 1706952K(1707008K)->1706952K(1707008K)
[85.205s][info][gc,metaspace   ] GC(232) Metaspace: 6302K(6464K)->6302K(6464K) NonClass: 5768K(5824K)->5768K(5824K) Class: 533K(640K)->533K(640K)
[85.205s][info][gc             ] GC(232) Pause Full (Ergonomics) 1727M->1727M(1767M) 949.054ms
[85.205s][info][gc,cpu         ] GC(232) User=1.88s Sys=0.00s Real=0.95s
[85.206s][info][gc,start       ] GC(233) Pause Full (Ergonomics)
[85.206s][info][gc,phases,start] GC(233) Marking Phase
[85.910s][info][gc,phases      ] GC(233) Marking Phase 704.290ms
[85.910s][info][gc,phases,start] GC(233) Summary Phase
[85.910s][info][gc,phases      ] GC(233) Summary Phase 0.035ms
[85.910s][info][gc,phases,start] GC(233) Adjust Roots
[85.910s][info][gc,phases      ] GC(233) Adjust Roots 0.252ms
[85.910s][info][gc,phases,start] GC(233) Compaction Phase
[86.153s][info][gc,phases      ] GC(233) Compaction Phase 242.163ms
[86.153s][info][gc,phases,start] GC(233) Post Compact
[86.155s][info][gc,phases      ] GC(233) Post Compact 2.881ms
[86.156s][info][gc,heap        ] GC(233) PSYoungGen: 61926K(102400K)->61926K(102400K) Eden: 28159K(28160K)->28159K(28160K) From: 33766K(74240K)->33766K(74240K)
[86.156s][info][gc,heap        ] GC(233) ParOldGen: 1706956K(1707008K)->1706956K(1707008K)
[86.156s][info][gc,metaspace   ] GC(233) Metaspace: 6302K(6464K)->6302K(6464K) NonClass: 5768K(5824K)->5768K(5824K) Class: 533K(640K)->533K(640K)
[86.156s][info][gc             ] GC(233) Pause Full (Ergonomics) 1727M->1727M(1767M) 950.056ms
[86.156s][info][gc,cpu         ] GC(233) User=1.88s Sys=0.00s Real=0.95s
[86.156s][info][gc,start       ] GC(234) Pause Full (Ergonomics)
[86.156s][info][gc,phases,start] GC(234) Marking Phase
[86.859s][info][gc,phases      ] GC(234) Marking Phase 702.738ms
[86.859s][info][gc,phases,start] GC(234) Summary Phase
[86.859s][info][gc,phases      ] GC(234) Summary Phase 0.035ms
[86.859s][info][gc,phases,start] GC(234) Adjust Roots
[86.859s][info][gc,phases      ] GC(234) Adjust Roots 0.261ms
[86.859s][info][gc,phases,start] GC(234) Compaction Phase
[87.086s][info][gc,phases      ] GC(234) Compaction Phase 226.795ms
[87.086s][info][gc,phases,start] GC(234) Post Compact
[87.089s][info][gc,phases      ] GC(234) Post Compact 2.858ms
[87.089s][info][gc,heap        ] GC(234) PSYoungGen: 61926K(102400K)->61926K(102400K) Eden: 28159K(28160K)->28159K(28160K) From: 33766K(74240K)->33766K(74240K)
[87.089s][info][gc,heap        ] GC(234) ParOldGen: 1706961K(1707008K)->1706961K(1707008K)
[87.089s][info][gc,metaspace   ] GC(234) Metaspace: 6302K(6464K)->6302K(6464K) NonClass: 5768K(5824K)->5768K(5824K) Class: 533K(640K)->533K(640K)
[87.089s][info][gc             ] GC(234) Pause Full (Ergonomics) 1727M->1727M(1767M) 933.128ms
[87.089s][info][gc,cpu         ] GC(234) User=1.81s Sys=0.00s Real=0.93s
[87.089s][info][gc,start       ] GC(235) Pause Full (Ergonomics)
[87.089s][info][gc,phases,start] GC(235) Marking Phase
[87.792s][info][gc,phases      ] GC(235) Marking Phase 702.086ms
[87.792s][info][gc,phases,start] GC(235) Summary Phase
[87.792s][info][gc,phases      ] GC(235) Summary Phase 0.036ms
[87.792s][info][gc,phases,start] GC(235) Adjust Roots
[87.792s][info][gc,phases      ] GC(235) Adjust Roots 0.242ms
[87.792s][info][gc,phases,start] GC(235) Compaction Phase
[88.034s][info][gc,phases      ] GC(235) Compaction Phase 241.927ms
[88.034s][info][gc,phases,start] GC(235) Post Compact
[88.037s][info][gc,phases      ] GC(235) Post Compact 2.888ms
[88.037s][info][gc,heap        ] GC(235) PSYoungGen: 61926K(102400K)->61926K(102400K) Eden: 28159K(28160K)->28159K(28160K) From: 33766K(74240K)->33766K(74240K)
[88.037s][info][gc,heap        ] GC(235) ParOldGen: 1706966K(1707008K)->1706966K(1707008K)
[88.037s][info][gc,metaspace   ] GC(235) Metaspace: 6302K(6464K)->6302K(6464K) NonClass: 5768K(5824K)->5768K(5824K) Class: 533K(640K)->533K(640K)
[88.037s][info][gc             ] GC(235) Pause Full (Ergonomics) 1727M->1727M(1767M) 947.559ms
[88.037s][info][gc,cpu         ] GC(235) User=1.84s Sys=0.00s Real=0.95s
[88.037s][info][gc,start       ] GC(236) Pause Full (Ergonomics)
[88.037s][info][gc,phases,start] GC(236) Marking Phase
[88.739s][info][gc,phases      ] GC(236) Marking Phase 701.724ms
[88.739s][info][gc,phases,start] GC(236) Summary Phase
[88.739s][info][gc,phases      ] GC(236) Summary Phase 0.035ms
[88.739s][info][gc,phases,start] GC(236) Adjust Roots
[88.739s][info][gc,phases      ] GC(236) Adjust Roots 0.235ms
[88.740s][info][gc,phases,start] GC(236) Compaction Phase
[88.983s][info][gc,phases      ] GC(236) Compaction Phase 243.208ms
[88.983s][info][gc,phases,start] GC(236) Post Compact
[88.986s][info][gc,phases      ] GC(236) Post Compact 2.892ms
[88.986s][info][gc,heap        ] GC(236) PSYoungGen: 61926K(102400K)->61926K(102400K) Eden: 28159K(28160K)->28159K(28160K) From: 33766K(74240K)->33766K(74240K)
[88.986s][info][gc,heap        ] GC(236) ParOldGen: 1706970K(1707008K)->1706970K(1707008K)
[88.986s][info][gc,metaspace   ] GC(236) Metaspace: 6302K(6464K)->6302K(6464K) NonClass: 5768K(5824K)->5768K(5824K) Class: 533K(640K)->533K(640K)
[88.986s][info][gc             ] GC(236) Pause Full (Ergonomics) 1727M->1727M(1767M) 948.566ms
[88.986s][info][gc,cpu         ] GC(236) User=1.86s Sys=0.00s Real=0.95s
[88.986s][info][gc,start       ] GC(237) Pause Full (Ergonomics)
[88.986s][info][gc,phases,start] GC(237) Marking Phase
[89.689s][info][gc,phases      ] GC(237) Marking Phase 703.104ms
[89.689s][info][gc,phases,start] GC(237) Summary Phase
[89.690s][info][gc,phases      ] GC(237) Summary Phase 0.048ms
[89.690s][info][gc,phases,start] GC(237) Adjust Roots
[89.690s][info][gc,phases      ] GC(237) Adjust Roots 0.265ms
[89.690s][info][gc,phases,start] GC(237) Compaction Phase
[89.932s][info][gc,phases      ] GC(237) Compaction Phase 241.921ms
[89.932s][info][gc,phases,start] GC(237) Post Compact
[89.935s][info][gc,phases      ] GC(237) Post Compact 2.905ms
[89.935s][info][gc,heap        ] GC(237) PSYoungGen: 61926K(102400K)->61926K(102400K) Eden: 28159K(28160K)->28159K(28160K) From: 33766K(74240K)->33766K(74240K)
[89.935s][info][gc,heap        ] GC(237) ParOldGen: 1706975K(1707008K)->1706975K(1707008K)
[89.935s][info][gc,metaspace   ] GC(237) Metaspace: 6302K(6464K)->6302K(6464K) NonClass: 5768K(5824K)->5768K(5824K) Class: 533K(640K)->533K(640K)
[89.935s][info][gc             ] GC(237) Pause Full (Ergonomics) 1727M->1727M(1767M) 948.639ms
[89.935s][info][gc,cpu         ] GC(237) User=1.84s Sys=0.00s Real=0.95s
[89.935s][info][gc,start       ] GC(238) Pause Full (Ergonomics)
[89.935s][info][gc,phases,start] GC(238) Marking Phase
[90.638s][info][gc,phases      ] GC(238) Marking Phase 702.304ms
[90.638s][info][gc,phases,start] GC(238) Summary Phase
[90.638s][info][gc,phases      ] GC(238) Summary Phase 0.029ms
[90.638s][info][gc,phases,start] GC(238) Adjust Roots
[90.638s][info][gc,phases      ] GC(238) Adjust Roots 0.268ms
[90.638s][info][gc,phases,start] GC(238) Compaction Phase
[90.881s][info][gc,phases      ] GC(238) Compaction Phase 242.686ms
[90.881s][info][gc,phases,start] GC(238) Post Compact
[90.884s][info][gc,phases      ] GC(238) Post Compact 2.910ms
[90.884s][info][gc,heap        ] GC(238) PSYoungGen: 61926K(102400K)->61926K(102400K) Eden: 28159K(28160K)->28159K(28160K) From: 33766K(74240K)->33766K(74240K)
[90.884s][info][gc,heap        ] GC(238) ParOldGen: 1706980K(1707008K)->1706980K(1707008K)
[90.884s][info][gc,metaspace   ] GC(238) Metaspace: 6302K(6464K)->6302K(6464K) NonClass: 5768K(5824K)->5768K(5824K) Class: 533K(640K)->533K(640K)
[90.884s][info][gc             ] GC(238) Pause Full (Ergonomics) 1727M->1727M(1767M) 948.575ms
[90.884s][info][gc,cpu         ] GC(238) User=1.84s Sys=0.00s Real=0.95s
[90.884s][info][gc,start       ] GC(239) Pause Full (Ergonomics)
[90.884s][info][gc,phases,start] GC(239) Marking Phase
[91.567s][info][gc,phases      ] GC(239) Marking Phase 683.048ms
[91.567s][info][gc,phases,start] GC(239) Summary Phase
[91.567s][info][gc,phases      ] GC(239) Summary Phase 0.029ms
[91.567s][info][gc,phases,start] GC(239) Adjust Roots
[91.568s][info][gc,phases      ] GC(239) Adjust Roots 0.240ms
[91.568s][info][gc,phases,start] GC(239) Compaction Phase
[91.791s][info][gc,phases      ] GC(239) Compaction Phase 223.750ms
[91.791s][info][gc,phases,start] GC(239) Post Compact
[91.794s][info][gc,phases      ] GC(239) Post Compact 2.707ms
[91.794s][info][gc,heap        ] GC(239) PSYoungGen: 61926K(102400K)->61926K(102400K) Eden: 28159K(28160K)->28159K(28160K) From: 33766K(74240K)->33766K(74240K)
[91.794s][info][gc,heap        ] GC(239) ParOldGen: 1706984K(1707008K)->1706984K(1707008K)
[91.794s][info][gc,metaspace   ] GC(239) Metaspace: 6302K(6464K)->6302K(6464K) NonClass: 5768K(5824K)->5768K(5824K) Class: 533K(640K)->533K(640K)
[91.794s][info][gc             ] GC(239) Pause Full (Ergonomics) 1727M->1727M(1767M) 910.190ms
[91.794s][info][gc,cpu         ] GC(239) User=1.75s Sys=0.00s Real=0.91s
[91.795s][info][gc,start       ] GC(240) Pause Full (Ergonomics)
[91.795s][info][gc,phases,start] GC(240) Marking Phase
[92.452s][info][gc,phases      ] GC(240) Marking Phase 657.235ms
[92.452s][info][gc,phases,start] GC(240) Summary Phase
[92.452s][info][gc,phases      ] GC(240) Summary Phase 0.055ms
[92.452s][info][gc,phases,start] GC(240) Adjust Roots
[92.452s][info][gc,phases      ] GC(240) Adjust Roots 0.275ms
[92.452s][info][gc,phases,start] GC(240) Compaction Phase
[92.675s][info][gc,phases      ] GC(240) Compaction Phase 222.508ms
[92.675s][info][gc,phases,start] GC(240) Post Compact
[92.678s][info][gc,phases      ] GC(240) Post Compact 2.999ms
[92.678s][info][gc,heap        ] GC(240) PSYoungGen: 61926K(102400K)->61926K(102400K) Eden: 28159K(28160K)->28159K(28160K) From: 33766K(74240K)->33766K(74240K)
[92.678s][info][gc,heap        ] GC(240) ParOldGen: 1706989K(1707008K)->1706989K(1707008K)
[92.678s][info][gc,metaspace   ] GC(240) Metaspace: 6302K(6464K)->6302K(6464K) NonClass: 5768K(5824K)->5768K(5824K) Class: 533K(640K)->533K(640K)
[92.678s][info][gc             ] GC(240) Pause Full (Ergonomics) 1727M->1727M(1767M) 883.526ms
[92.678s][info][gc,cpu         ] GC(240) User=1.64s Sys=0.02s Real=0.88s
[92.678s][info][gc,start       ] GC(241) Pause Full (Ergonomics)
[92.679s][info][gc,phases,start] GC(241) Marking Phase
[93.335s][info][gc,phases      ] GC(241) Marking Phase 656.238ms
[93.335s][info][gc,phases,start] GC(241) Summary Phase
[93.335s][info][gc,phases      ] GC(241) Summary Phase 0.029ms
[93.335s][info][gc,phases,start] GC(241) Adjust Roots
[93.335s][info][gc,phases      ] GC(241) Adjust Roots 0.251ms
[93.335s][info][gc,phases,start] GC(241) Compaction Phase
[93.560s][info][gc,phases      ] GC(241) Compaction Phase 224.961ms
[93.560s][info][gc,phases,start] GC(241) Post Compact
[93.563s][info][gc,phases      ] GC(241) Post Compact 2.968ms
[93.563s][info][gc,heap        ] GC(241) PSYoungGen: 61926K(102400K)->61926K(102400K) Eden: 28159K(28160K)->28159K(28160K) From: 33766K(74240K)->33766K(74240K)
[93.563s][info][gc,heap        ] GC(241) ParOldGen: 1706994K(1707008K)->1706994K(1707008K)
[93.563s][info][gc,metaspace   ] GC(241) Metaspace: 6302K(6464K)->6302K(6464K) NonClass: 5768K(5824K)->5768K(5824K) Class: 533K(640K)->533K(640K)
[93.563s][info][gc             ] GC(241) Pause Full (Ergonomics) 1727M->1727M(1767M) 884.822ms
[93.563s][info][gc,cpu         ] GC(241) User=1.69s Sys=0.03s Real=0.88s
[93.564s][info][gc,start       ] GC(242) Pause Full (Ergonomics)
[93.564s][info][gc,phases,start] GC(242) Marking Phase
[94.264s][info][gc,phases      ] GC(242) Marking Phase 700.535ms
[94.264s][info][gc,phases,start] GC(242) Summary Phase
[94.264s][info][gc,phases      ] GC(242) Summary Phase 0.054ms
[94.264s][info][gc,phases,start] GC(242) Adjust Roots
[94.265s][info][gc,phases      ] GC(242) Adjust Roots 0.257ms
[94.265s][info][gc,phases,start] GC(242) Compaction Phase
[94.506s][info][gc,phases      ] GC(242) Compaction Phase 241.764ms
[94.507s][info][gc,phases,start] GC(242) Post Compact
[94.509s][info][gc,phases      ] GC(242) Post Compact 2.799ms
[94.509s][info][gc,heap        ] GC(242) PSYoungGen: 61926K(102400K)->61926K(102400K) Eden: 28159K(28160K)->28159K(28160K) From: 33766K(74240K)->33766K(74240K)
[94.509s][info][gc,heap        ] GC(242) ParOldGen: 1706998K(1707008K)->1706998K(1707008K)
[94.509s][info][gc,metaspace   ] GC(242) Metaspace: 6302K(6464K)->6302K(6464K) NonClass: 5768K(5824K)->5768K(5824K) Class: 533K(640K)->533K(640K)
[94.509s][info][gc             ] GC(242) Pause Full (Ergonomics) 1727M->1727M(1767M) 945.862ms
[94.510s][info][gc,cpu         ] GC(242) User=1.84s Sys=0.02s Real=0.95s
[94.510s][info][gc,start       ] GC(243) Pause Full (Ergonomics)
[94.510s][info][gc,phases,start] GC(243) Marking Phase
[95.212s][info][gc,phases      ] GC(243) Marking Phase 701.655ms
[95.212s][info][gc,phases,start] GC(243) Summary Phase
[95.212s][info][gc,phases      ] GC(243) Summary Phase 0.084ms
[95.212s][info][gc,phases,start] GC(243) Adjust Roots
[95.212s][info][gc,phases      ] GC(243) Adjust Roots 0.308ms
[95.212s][info][gc,phases,start] GC(243) Compaction Phase
[95.455s][info][gc,phases      ] GC(243) Compaction Phase 242.553ms
[95.455s][info][gc,phases,start] GC(243) Post Compact
[95.458s][info][gc,phases      ] GC(243) Post Compact 2.893ms
[95.458s][info][gc,heap        ] GC(243) PSYoungGen: 61926K(102400K)->61926K(102400K) Eden: 28159K(28160K)->28159K(28160K) From: 33766K(74240K)->33766K(74240K)
[95.458s][info][gc,heap        ] GC(243) ParOldGen: 1707003K(1707008K)->1707003K(1707008K)
[95.458s][info][gc,metaspace   ] GC(243) Metaspace: 6302K(6464K)->6302K(6464K) NonClass: 5768K(5824K)->5768K(5824K) Class: 533K(640K)->533K(640K)
[95.458s][info][gc             ] GC(243) Pause Full (Ergonomics) 1727M->1727M(1767M) 947.938ms
[95.458s][info][gc,cpu         ] GC(243) User=1.84s Sys=0.00s Real=0.95s
[95.458s][info][gc,start       ] GC(244) Pause Full (Ergonomics)
[95.458s][info][gc,phases,start] GC(244) Marking Phase
[96.160s][info][gc,phases      ] GC(244) Marking Phase 701.674ms
[96.160s][info][gc,phases,start] GC(244) Summary Phase
[96.160s][info][gc,phases      ] GC(244) Summary Phase 0.054ms
[96.160s][info][gc,phases,start] GC(244) Adjust Roots
[96.160s][info][gc,phases      ] GC(244) Adjust Roots 0.356ms
[96.160s][info][gc,phases,start] GC(244) Compaction Phase
[96.402s][info][gc,phases      ] GC(244) Compaction Phase 241.706ms
[96.402s][info][gc,phases,start] GC(244) Post Compact
[96.405s][info][gc,phases      ] GC(244) Post Compact 2.898ms
[96.405s][info][gc,heap        ] GC(244) PSYoungGen: 61926K(102400K)->61926K(102400K) Eden: 28159K(28160K)->28159K(28160K) From: 33766K(74240K)->33766K(74240K)
[96.405s][info][gc,heap        ] GC(244) ParOldGen: 1707007K(1707008K)->1707007K(1707008K)
[96.405s][info][gc,metaspace   ] GC(244) Metaspace: 6302K(6464K)->6302K(6464K) NonClass: 5768K(5824K)->5768K(5824K) Class: 533K(640K)->533K(640K)
[96.405s][info][gc             ] GC(244) Pause Full (Ergonomics) 1727M->1727M(1767M) 947.125ms
[96.405s][info][gc,cpu         ] GC(244) User=1.88s Sys=0.00s Real=0.95s
[96.405s][info][gc,start       ] GC(245) Pause Full (Allocation Failure)
[96.405s][info][gc,phases,start] GC(245) Marking Phase
[97.109s][info][gc,phases      ] GC(245) Marking Phase 703.402ms
[97.109s][info][gc,phases,start] GC(245) Summary Phase
[97.109s][info][gc,phases      ] GC(245) Summary Phase 0.036ms
[97.109s][info][gc,phases,start] GC(245) Adjust Roots
[97.109s][info][gc,phases      ] GC(245) Adjust Roots 0.448ms
[97.109s][info][gc,phases,start] GC(245) Compaction Phase
[97.496s][info][gc,phases      ] GC(245) Compaction Phase 387.080ms
[97.497s][info][gc,phases,start] GC(245) Post Compact
[97.500s][info][gc,phases      ] GC(245) Post Compact 3.387ms
[97.500s][info][gc,heap        ] GC(245) PSYoungGen: 61926K(102400K)->61926K(102400K) Eden: 28159K(28160K)->28159K(28160K) From: 33766K(74240K)->33766K(74240K)
[97.500s][info][gc,heap        ] GC(245) ParOldGen: 1707007K(1707008K)->1707003K(1707008K)
[97.500s][info][gc,metaspace   ] GC(245) Metaspace: 6302K(6464K)->6300K(6464K) NonClass: 5768K(5824K)->5767K(5824K) Class: 533K(640K)->532K(640K)
[97.500s][info][gc             ] GC(245) Pause Full (Allocation Failure) 1727M->1727M(1767M) 1094.735ms
[97.500s][info][gc,cpu         ] GC(245) User=2.08s Sys=0.00s Real=1.10s
[97.501s][info][gc,start       ] GC(246) Pause Full (Ergonomics)
[97.501s][info][gc,phases,start] GC(246) Marking Phase
[98.201s][info][gc,phases      ] GC(246) Marking Phase 700.662ms
[98.201s][info][gc,phases,start] GC(246) Summary Phase
[98.201s][info][gc,phases      ] GC(246) Summary Phase 0.036ms
[98.201s][info][gc,phases,start] GC(246) Adjust Roots
[98.202s][info][gc,phases      ] GC(246) Adjust Roots 0.265ms
[98.202s][info][gc,phases,start] GC(246) Compaction Phase
[98.448s][info][gc,phases      ] GC(246) Compaction Phase 246.306ms
[98.448s][info][gc,phases,start] GC(246) Post Compact
[98.451s][info][gc,phases      ] GC(246) Post Compact 2.845ms
[98.451s][info][gc,heap        ] GC(246) PSYoungGen: 61926K(102400K)->61926K(102400K) Eden: 28159K(28160K)->28159K(28160K) From: 33766K(74240K)->33766K(74240K)
[98.451s][info][gc,heap        ] GC(246) ParOldGen: 1707003K(1707008K)->1707003K(1707008K)
[98.451s][info][gc,metaspace   ] GC(246) Metaspace: 6300K(6464K)->6300K(6464K) NonClass: 5767K(5824K)->5767K(5824K) Class: 532K(640K)->532K(640K)
[98.451s][info][gc             ] GC(246) Pause Full (Ergonomics) 1727M->1727M(1767M) 950.557ms
[98.451s][info][gc,cpu         ] GC(246) User=1.84s Sys=0.00s Real=0.95s
[98.452s][info][gc,start       ] GC(247) Pause Full (Ergonomics)
[98.452s][info][gc,phases,start] GC(247) Marking Phase
[99.151s][info][gc,phases      ] GC(247) Marking Phase 699.475ms
[99.151s][info][gc,phases,start] GC(247) Summary Phase
[99.151s][info][gc,phases      ] GC(247) Summary Phase 0.042ms
[99.151s][info][gc,phases,start] GC(247) Adjust Roots
[99.152s][info][gc,phases      ] GC(247) Adjust Roots 0.245ms
[99.152s][info][gc,phases,start] GC(247) Compaction Phase
[99.399s][info][gc,phases      ] GC(247) Compaction Phase 246.831ms
[99.399s][info][gc,phases,start] GC(247) Post Compact
[99.402s][info][gc,phases      ] GC(247) Post Compact 2.894ms
[99.402s][info][gc,heap        ] GC(247) PSYoungGen: 61926K(102400K)->61926K(102400K) Eden: 28159K(28160K)->28159K(28160K) From: 33766K(74240K)->33766K(74240K)
[99.402s][info][gc,heap        ] GC(247) ParOldGen: 1707007K(1707008K)->1707007K(1707008K)
[99.402s][info][gc,metaspace   ] GC(247) Metaspace: 6300K(6464K)->6300K(6464K) NonClass: 5767K(5824K)->5767K(5824K) Class: 532K(640K)->532K(640K)
[99.402s][info][gc             ] GC(247) Pause Full (Ergonomics) 1727M->1727M(1767M) 949.914ms
[99.402s][info][gc,cpu         ] GC(247) User=1.86s Sys=0.00s Real=0.95s
[99.402s][info][gc,start       ] GC(248) Pause Full (Allocation Failure)
[99.402s][info][gc,phases,start] GC(248) Marking Phase
[100.101s][info][gc,phases      ] GC(248) Marking Phase 699.066ms
[100.101s][info][gc,phases,start] GC(248) Summary Phase
[100.101s][info][gc,phases      ] GC(248) Summary Phase 0.036ms
[100.101s][info][gc,phases,start] GC(248) Adjust Roots
[100.101s][info][gc,phases      ] GC(248) Adjust Roots 0.238ms
[100.101s][info][gc,phases,start] GC(248) Compaction Phase
[100.349s][info][gc,phases      ] GC(248) Compaction Phase 247.656ms
[100.349s][info][gc,phases,start] GC(248) Post Compact
[100.352s][info][gc,phases      ] GC(248) Post Compact 2.876ms
[100.352s][info][gc,heap        ] GC(248) PSYoungGen: 61926K(102400K)->61926K(102400K) Eden: 28159K(28160K)->28159K(28160K) From: 33766K(74240K)->33766K(74240K)
[100.352s][info][gc,heap        ] GC(248) ParOldGen: 1707007K(1707008K)->1707007K(1707008K)
[100.352s][info][gc,metaspace   ] GC(248) Metaspace: 6300K(6464K)->6300K(6464K) NonClass: 5767K(5824K)->5767K(5824K) Class: 532K(640K)->532K(640K)
[100.352s][info][gc             ] GC(248) Pause Full (Allocation Failure) 1727M->1727M(1767M) 950.357ms
[100.352s][info][gc,cpu         ] GC(248) User=1.88s Sys=0.00s Real=0.95s
[100.353s][info][gc,start       ] GC(249) Pause Full (Ergonomics)
[100.353s][info][gc,phases,start] GC(249) Marking Phase
[101.053s][info][gc,phases      ] GC(249) Marking Phase 699.740ms
[101.053s][info][gc,phases,start] GC(249) Summary Phase
[101.053s][info][gc,phases      ] GC(249) Summary Phase 0.035ms
[101.053s][info][gc,phases,start] GC(249) Adjust Roots
[101.053s][info][gc,phases      ] GC(249) Adjust Roots 0.351ms
[101.053s][info][gc,phases,start] GC(249) Compaction Phase
[101.438s][info][gc,phases      ] GC(249) Compaction Phase 385.043ms
[101.438s][info][gc,phases,start] GC(249) Post Compact
[101.442s][info][gc,phases      ] GC(249) Post Compact 3.406ms
[101.442s][info][gc,heap        ] GC(249) PSYoungGen: 61926K(102400K)->61926K(102400K) Eden: 28159K(28160K)->28159K(28160K) From: 33766K(74240K)->33766K(74240K)
[101.442s][info][gc,heap        ] GC(249) ParOldGen: 1707007K(1707008K)->1707006K(1707008K)
[101.442s][info][gc,metaspace   ] GC(249) Metaspace: 6300K(6464K)->6300K(6464K) NonClass: 5767K(5824K)->5767K(5824K) Class: 532K(640K)->532K(640K)
[101.442s][info][gc             ] GC(249) Pause Full (Ergonomics) 1727M->1727M(1767M) 1088.974ms
[101.442s][info][gc,cpu         ] GC(249) User=2.14s Sys=0.00s Real=1.09s
[101.442s][info][gc,start       ] GC(250) Pause Full (Ergonomics)
[101.442s][info][gc,phases,start] GC(250) Marking Phase
[102.148s][info][gc,phases      ] GC(250) Marking Phase 705.530ms
[102.148s][info][gc,phases,start] GC(250) Summary Phase
[102.148s][info][gc,phases      ] GC(250) Summary Phase 0.035ms
[102.148s][info][gc,phases,start] GC(250) Adjust Roots
[102.148s][info][gc,phases      ] GC(250) Adjust Roots 0.243ms
[102.148s][info][gc,phases,start] GC(250) Compaction Phase
[102.398s][info][gc,phases      ] GC(250) Compaction Phase 250.209ms
[102.398s][info][gc,phases,start] GC(250) Post Compact
[102.401s][info][gc,phases      ] GC(250) Post Compact 2.891ms
[102.401s][info][gc,heap        ] GC(250) PSYoungGen: 61926K(102400K)->61926K(102400K) Eden: 28160K(28160K)->28160K(28160K) From: 33766K(74240K)->33766K(74240K)
[102.401s][info][gc,heap        ] GC(250) ParOldGen: 1707006K(1707008K)->1707006K(1707008K)
[102.401s][info][gc,metaspace   ] GC(250) Metaspace: 6300K(6464K)->6300K(6464K) NonClass: 5767K(5824K)->5767K(5824K) Class: 532K(640K)->532K(640K)
[102.402s][info][gc             ] GC(250) Pause Full (Ergonomics) 1727M->1727M(1767M) 959.284ms
[102.402s][info][gc,cpu         ] GC(250) User=1.89s Sys=0.00s Real=0.96s
[102.403s][info][gc,start       ] GC(251) Pause Full (Ergonomics)
[102.403s][info][gc,phases,start] GC(251) Marking Phase
[103.103s][info][gc,phases      ] GC(251) Marking Phase 699.744ms
[103.103s][info][gc,phases,start] GC(251) Summary Phase
[103.103s][info][gc,phases      ] GC(251) Summary Phase 0.035ms
[103.103s][info][gc,phases,start] GC(251) Adjust Roots
[103.103s][info][gc,phases      ] GC(251) Adjust Roots 0.536ms
[103.103s][info][gc,phases,start] GC(251) Compaction Phase
[103.490s][info][gc,phases      ] GC(251) Compaction Phase 386.903ms
[103.490s][info][gc,phases,start] GC(251) Post Compact
[103.494s][info][gc,phases      ] GC(251) Post Compact 3.495ms
[103.494s][info][gc,heap        ] GC(251) PSYoungGen: 61926K(102400K)->61926K(102400K) Eden: 28160K(28160K)->28160K(28160K) From: 33766K(74240K)->33766K(74240K)
[103.494s][info][gc,heap        ] GC(251) ParOldGen: 1707007K(1707008K)->1707005K(1707008K)
[103.494s][info][gc,metaspace   ] GC(251) Metaspace: 6302K(6528K)->6302K(6528K) NonClass: 5768K(5888K)->5768K(5888K) Class: 533K(640K)->533K(640K)
[103.494s][info][gc             ] GC(251) Pause Full (Ergonomics) 1727M->1727M(1767M) 1091.131ms
[103.494s][info][gc,cpu         ] GC(251) User=2.08s Sys=0.02s Real=1.09s
[103.495s][info][gc,heap,exit   ] Heap
[103.495s][info][gc,heap,exit   ]  PSYoungGen      total 102400K, used 61926K [0x00000007cbf00000, 0x00000007d7080000, 0x0000000800000000)
[103.495s][info][gc,heap,exit   ]   eden space 28160K, 100% used [0x00000007cbf00000,0x00000007cda80000,0x00000007cda80000)
[103.495s][info][gc,heap,exit   ]   from space 74240K, 45% used [0x00000007cda80000,0x00000007cfb79890,0x00000007d2300000)
[103.495s][info][gc,heap,exit   ]   to   space 74752K, 0% used [0x00000007d2780000,0x00000007d2780000,0x00000007d7080000)
[103.495s][info][gc,heap,exit   ]  ParOldGen       total 1707008K, used 1707005K [0x0000000763c00000, 0x00000007cbf00000, 0x00000007cbf00000)
[103.495s][info][gc,heap,exit   ]   object space 1707008K, 99% used [0x0000000763c00000,0x00000007cbeff7e0,0x00000007cbf00000)
[103.495s][info][gc,heap,exit   ]  Metaspace       used 6305K, committed 6528K, reserved 1114112K
[103.495s][info][gc,heap,exit   ]   class space    used 534K, committed 640K, reserved 1048576K
