[0.014s][info][gc,init] CardTable entry size: 512
[0.014s][info][gc     ] Using Parallel
[0.014s][info][gc,init] Version: 18.0.1+10 (release)
[0.014s][info][gc,init] CPUs: 8 total, 8 available
[0.014s][info][gc,init] Memory: 16063M
[0.014s][info][gc,init] Large Page Support: Disabled
[0.015s][info][gc,init] NUMA Support: Disabled
[0.015s][info][gc,init] Compressed Oops: Enabled (32-bit)
[0.015s][info][gc,init] Alignments: Space 512K, Generation 512K, Heap 2M
[0.015s][info][gc,init] Heap Min Capacity: 2M
[0.015s][info][gc,init] Heap Initial Capacity: 2M
[0.015s][info][gc,init] Heap Max Capacity: 2000M
[0.015s][info][gc,init] Pre-touch: Disabled
[0.015s][info][gc,init] Parallel Workers: 2
[0.015s][info][gc,metaspace] CDS archive(s) not mapped
[0.015s][info][gc,metaspace] Compressed class space mapped at: 0x0000000100000000-0x0000000140000000, reserved size: 1073741824
[0.015s][info][gc,metaspace] Narrow klass base: 0x0000000000000000, Narrow klass shift: 3, Narrow klass range: 0x140000000
[0.121s][info][gc,start    ] GC(0) Pause Young (Allocation Failure)
[0.122s][info][gc,heap     ] GC(0) PSYoungGen: 512K(1024K)->480K(1024K) Eden: 512K(512K)->0K(512K) From: 0K(512K)->480K(512K)
[0.122s][info][gc,heap     ] GC(0) ParOldGen: 0K(512K)->8K(512K)
[0.122s][info][gc,metaspace] GC(0) Metaspace: 4230K(4352K)->4230K(4352K) NonClass: 3909K(3968K)->3909K(3968K) Class: 321K(384K)->321K(384K)
[0.122s][info][gc          ] GC(0) Pause Young (Allocation Failure) 0M->0M(1M) 1.243ms
[0.122s][info][gc,cpu      ] GC(0) User=0.00s Sys=0.00s Real=0.00s
[0.183s][info][gc,start    ] GC(1) Pause Young (Allocation Failure)
[0.184s][info][gc,heap     ] GC(1) PSYoungGen: 991K(1024K)->496K(1024K) Eden: 511K(512K)->0K(512K) From: 480K(512K)->496K(512K)
[0.184s][info][gc,heap     ] GC(1) ParOldGen: 8K(512K)->88K(512K)
[0.184s][info][gc,metaspace] GC(1) Metaspace: 5878K(6016K)->5878K(6016K) NonClass: 5381K(5504K)->5381K(5504K) Class: 496K(512K)->496K(512K)
[0.184s][info][gc          ] GC(1) Pause Young (Allocation Failure) 0M->0M(1M) 0.909ms
[0.184s][info][gc,cpu      ] GC(1) User=0.00s Sys=0.00s Real=0.00s
[0.202s][info][gc,start    ] GC(2) Pause Young (Allocation Failure)
[0.203s][info][gc,heap     ] GC(2) PSYoungGen: 1008K(1024K)->512K(1024K) Eden: 512K(512K)->0K(512K) From: 496K(512K)->512K(512K)
[0.203s][info][gc,heap     ] GC(2) ParOldGen: 88K(512K)->248K(512K)
[0.203s][info][gc,metaspace] GC(2) Metaspace: 6293K(6464K)->6293K(6464K) NonClass: 5760K(5824K)->5760K(5824K) Class: 533K(640K)->533K(640K)
[0.203s][info][gc          ] GC(2) Pause Young (Allocation Failure) 1M->0M(1M) 0.971ms
[0.203s][info][gc,cpu      ] GC(2) User=0.00s Sys=0.00s Real=0.00s
[0.205s][info][gc,start    ] GC(3) Pause Young (Allocation Failure)
[0.205s][info][gc,heap     ] GC(3) PSYoungGen: 1023K(1024K)->512K(1536K) Eden: 511K(512K)->0K(1024K) From: 512K(512K)->512K(512K)
[0.205s][info][gc,heap     ] GC(3) ParOldGen: 248K(512K)->496K(512K)
[0.206s][info][gc,metaspace] GC(3) Metaspace: 6295K(6464K)->6295K(6464K) NonClass: 5762K(5824K)->5762K(5824K) Class: 533K(640K)->533K(640K)
[0.206s][info][gc          ] GC(3) Pause Young (Allocation Failure) 1M->0M(2M) 0.922ms
[0.206s][info][gc,cpu      ] GC(3) User=0.00s Sys=0.00s Real=0.00s
[0.206s][info][gc,start    ] GC(4) Pause Full (Ergonomics)
[0.206s][info][gc,phases,start] GC(4) Marking Phase
[0.207s][info][gc,phases      ] GC(4) Marking Phase 0.923ms
[0.207s][info][gc,phases,start] GC(4) Summary Phase
[0.207s][info][gc,phases      ] GC(4) Summary Phase 0.014ms
[0.207s][info][gc,phases,start] GC(4) Adjust Roots
[0.207s][info][gc,phases      ] GC(4) Adjust Roots 0.343ms
[0.207s][info][gc,phases,start] GC(4) Compaction Phase
[0.209s][info][gc,phases      ] GC(4) Compaction Phase 1.531ms
[0.209s][info][gc,phases,start] GC(4) Post Compact
[0.209s][info][gc,phases      ] GC(4) Post Compact 0.084ms
[0.209s][info][gc,heap        ] GC(4) PSYoungGen: 512K(1536K)->505K(1536K) Eden: 0K(1024K)->0K(1024K) From: 512K(512K)->505K(512K)
[0.209s][info][gc,heap        ] GC(4) ParOldGen: 496K(512K)->461K(2048K)
[0.209s][info][gc,metaspace   ] GC(4) Metaspace: 6295K(6464K)->6295K(6464K) NonClass: 5762K(5824K)->5762K(5824K) Class: 533K(640K)->533K(640K)
[0.209s][info][gc             ] GC(4) Pause Full (Ergonomics) 0M->0M(3M) 3.263ms
[0.209s][info][gc,cpu         ] GC(4) User=0.00s Sys=0.00s Real=0.00s
[0.210s][info][gc,start       ] GC(5) Pause Young (Allocation Failure)
[0.211s][info][gc,heap        ] GC(5) PSYoungGen: 1529K(1536K)->480K(1536K) Eden: 1024K(1024K)->0K(1024K) From: 505K(512K)->480K(512K)
[0.211s][info][gc,heap        ] GC(5) ParOldGen: 461K(2048K)->1021K(2048K)
[0.212s][info][gc,metaspace   ] GC(5) Metaspace: 6295K(6464K)->6295K(6464K) NonClass: 5762K(5824K)->5762K(5824K) Class: 533K(640K)->533K(640K)
[0.212s][info][gc             ] GC(5) Pause Young (Allocation Failure) 1M->1M(3M) 1.133ms
[0.212s][info][gc,cpu         ] GC(5) User=0.00s Sys=0.00s Real=0.00s
[0.213s][info][gc,start       ] GC(6) Pause Young (Allocation Failure)
[0.214s][info][gc,heap        ] GC(6) PSYoungGen: 1504K(1536K)->1024K(3584K) Eden: 1024K(1024K)->0K(2048K) From: 480K(512K)->1024K(1536K)
[0.214s][info][gc,heap        ] GC(6) ParOldGen: 1021K(2048K)->1021K(2048K)
[0.214s][info][gc,metaspace   ] GC(6) Metaspace: 6295K(6464K)->6295K(6464K) NonClass: 5762K(5824K)->5762K(5824K) Class: 533K(640K)->533K(640K)
[0.214s][info][gc             ] GC(6) Pause Young (Allocation Failure) 2M->1M(5M) 1.257ms
[0.214s][info][gc,cpu         ] GC(6) User=0.00s Sys=0.00s Real=0.00s
[0.217s][info][gc,start       ] GC(7) Pause Young (Allocation Failure)
[0.219s][info][gc,heap        ] GC(7) PSYoungGen: 3072K(3584K)->1504K(3584K) Eden: 2048K(2048K)->0K(2048K) From: 1024K(1536K)->1504K(1536K)
[0.219s][info][gc,heap        ] GC(7) ParOldGen: 1021K(2048K)->1573K(2048K)
[0.219s][info][gc,metaspace   ] GC(7) Metaspace: 6295K(6464K)->6295K(6464K) NonClass: 5762K(5824K)->5762K(5824K) Class: 533K(640K)->533K(640K)
[0.219s][info][gc             ] GC(7) Pause Young (Allocation Failure) 3M->3M(5M) 2.001ms
[0.219s][info][gc,cpu         ] GC(7) User=0.00s Sys=0.00s Real=0.00s
[0.219s][info][gc,start       ] GC(8) Pause Full (Ergonomics)
[0.219s][info][gc,phases,start] GC(8) Marking Phase
[0.221s][info][gc,phases      ] GC(8) Marking Phase 1.710ms
[0.221s][info][gc,phases,start] GC(8) Summary Phase
[0.221s][info][gc,phases      ] GC(8) Summary Phase 0.015ms
[0.221s][info][gc,phases,start] GC(8) Adjust Roots
[0.221s][info][gc,phases      ] GC(8) Adjust Roots 0.426ms
[0.221s][info][gc,phases,start] GC(8) Compaction Phase
[0.224s][info][gc,phases      ] GC(8) Compaction Phase 2.328ms
[0.224s][info][gc,phases,start] GC(8) Post Compact
[0.224s][info][gc,phases      ] GC(8) Post Compact 0.028ms
[0.224s][info][gc,heap        ] GC(8) PSYoungGen: 1504K(3584K)->1501K(3584K) Eden: 0K(2048K)->0K(2048K) From: 1504K(1536K)->1501K(1536K)
[0.224s][info][gc,heap        ] GC(8) ParOldGen: 1573K(2048K)->1539K(4096K)
[0.224s][info][gc,metaspace   ] GC(8) Metaspace: 6295K(6464K)->6295K(6464K) NonClass: 5762K(5824K)->5762K(5824K) Class: 533K(640K)->533K(640K)
[0.224s][info][gc             ] GC(8) Pause Full (Ergonomics) 3M->2M(7M) 4.847ms
[0.224s][info][gc,cpu         ] GC(8) User=0.00s Sys=0.00s Real=0.00s
[0.227s][info][gc,start       ] GC(9) Pause Young (Allocation Failure)
[0.230s][info][gc,heap        ] GC(9) PSYoungGen: 3549K(3584K)->2016K(5120K) Eden: 2048K(2048K)->0K(3072K) From: 1501K(1536K)->2016K(2048K)
[0.230s][info][gc,heap        ] GC(9) ParOldGen: 1539K(4096K)->2091K(4096K)
[0.230s][info][gc,metaspace   ] GC(9) Metaspace: 6295K(6464K)->6295K(6464K) NonClass: 5762K(5824K)->5762K(5824K) Class: 533K(640K)->533K(640K)
[0.230s][info][gc             ] GC(9) Pause Young (Allocation Failure) 4M->4M(9M) 2.550ms
[0.230s][info][gc,cpu         ] GC(9) User=0.00s Sys=0.00s Real=0.00s
[0.234s][info][gc,start       ] GC(10) Pause Young (Allocation Failure)
[0.236s][info][gc,heap        ] GC(10) PSYoungGen: 5088K(5120K)->2528K(5632K) Eden: 3072K(3072K)->0K(3072K) From: 2016K(2048K)->2528K(2560K)
[0.236s][info][gc,heap        ] GC(10) ParOldGen: 2091K(4096K)->3187K(4096K)
[0.236s][info][gc,metaspace   ] GC(10) Metaspace: 6295K(6464K)->6295K(6464K) NonClass: 5762K(5824K)->5762K(5824K) Class: 533K(640K)->533K(640K)
[0.236s][info][gc             ] GC(10) Pause Young (Allocation Failure) 7M->5M(9M) 2.750ms
[0.236s][info][gc,cpu         ] GC(10) User=0.00s Sys=0.00s Real=0.00s
[0.236s][info][gc,start       ] GC(11) Pause Full (Ergonomics)
[0.236s][info][gc,phases,start] GC(11) Marking Phase
[0.239s][info][gc,phases      ] GC(11) Marking Phase 2.963ms
[0.239s][info][gc,phases,start] GC(11) Summary Phase
[0.239s][info][gc,phases      ] GC(11) Summary Phase 0.016ms
[0.239s][info][gc,phases,start] GC(11) Adjust Roots
[0.240s][info][gc,phases      ] GC(11) Adjust Roots 0.245ms
[0.240s][info][gc,phases,start] GC(11) Compaction Phase
[0.243s][info][gc,phases      ] GC(11) Compaction Phase 3.144ms
[0.243s][info][gc,phases,start] GC(11) Post Compact
[0.243s][info][gc,phases      ] GC(11) Post Compact 0.048ms
[0.243s][info][gc,heap        ] GC(11) PSYoungGen: 2528K(5632K)->2012K(5632K) Eden: 0K(3072K)->0K(3072K) From: 2528K(2560K)->2012K(2560K)
[0.243s][info][gc,heap        ] GC(11) ParOldGen: 3187K(4096K)->3650K(7168K)
[0.243s][info][gc,metaspace   ] GC(11) Metaspace: 6295K(6464K)->6295K(6464K) NonClass: 5762K(5824K)->5762K(5824K) Class: 533K(640K)->533K(640K)
[0.243s][info][gc             ] GC(11) Pause Full (Ergonomics) 5M->5M(12M) 6.746ms
[0.243s][info][gc,cpu         ] GC(11) User=0.00s Sys=0.00s Real=0.01s
[0.248s][info][gc,start       ] GC(12) Pause Young (Allocation Failure)
[0.251s][info][gc,heap        ] GC(12) PSYoungGen: 5084K(5632K)->2688K(8192K) Eden: 3072K(3072K)->0K(4608K) From: 2012K(2560K)->2688K(3584K)
[0.251s][info][gc,heap        ] GC(12) ParOldGen: 3650K(7168K)->4626K(7168K)
[0.252s][info][gc,metaspace   ] GC(12) Metaspace: 6295K(6464K)->6295K(6464K) NonClass: 5762K(5824K)->5762K(5824K) Class: 533K(640K)->533K(640K)
[0.252s][info][gc             ] GC(12) Pause Young (Allocation Failure) 8M->7M(15M) 3.784ms
[0.252s][info][gc,cpu         ] GC(12) User=0.00s Sys=0.00s Real=0.00s
[0.257s][info][gc,start       ] GC(13) Pause Young (Allocation Failure)
[0.261s][info][gc,heap        ] GC(13) PSYoungGen: 7296K(8192K)->2432K(8192K) Eden: 4608K(4608K)->0K(4608K) From: 2688K(3584K)->2432K(3584K)
[0.261s][info][gc,heap        ] GC(13) ParOldGen: 4626K(7168K)->7298K(7680K)
[0.261s][info][gc,metaspace   ] GC(13) Metaspace: 6295K(6464K)->6295K(6464K) NonClass: 5762K(5824K)->5762K(5824K) Class: 533K(640K)->533K(640K)
[0.261s][info][gc             ] GC(13) Pause Young (Allocation Failure) 11M->9M(15M) 4.354ms
[0.261s][info][gc,cpu         ] GC(13) User=0.00s Sys=0.00s Real=0.01s
[0.261s][info][gc,start       ] GC(14) Pause Full (Ergonomics)
[0.261s][info][gc,phases,start] GC(14) Marking Phase
[0.266s][info][gc,phases      ] GC(14) Marking Phase 4.558ms
[0.266s][info][gc,phases,start] GC(14) Summary Phase
[0.266s][info][gc,phases      ] GC(14) Summary Phase 0.014ms
[0.266s][info][gc,phases,start] GC(14) Adjust Roots
[0.266s][info][gc,phases      ] GC(14) Adjust Roots 0.200ms
[0.266s][info][gc,phases,start] GC(14) Compaction Phase
[0.270s][info][gc,phases      ] GC(14) Compaction Phase 3.864ms
[0.270s][info][gc,phases,start] GC(14) Post Compact
[0.270s][info][gc,phases      ] GC(14) Post Compact 0.043ms
[0.270s][info][gc,heap        ] GC(14) PSYoungGen: 2432K(8192K)->2374K(8192K) Eden: 0K(4608K)->0K(4608K) From: 2432K(3584K)->2374K(3584K)
[0.270s][info][gc,heap        ] GC(14) ParOldGen: 7298K(7680K)->7233K(12288K)
[0.270s][info][gc,metaspace   ] GC(14) Metaspace: 6295K(6464K)->6295K(6464K) NonClass: 5762K(5824K)->5762K(5824K) Class: 533K(640K)->533K(640K)
[0.270s][info][gc             ] GC(14) Pause Full (Ergonomics) 9M->9M(20M) 8.950ms
[0.270s][info][gc,cpu         ] GC(14) User=0.00s Sys=0.00s Real=0.01s
[0.276s][info][gc,start       ] GC(15) Pause Young (Allocation Failure)
[0.281s][info][gc,heap        ] GC(15) PSYoungGen: 6982K(8192K)->2656K(10752K) Eden: 4608K(4608K)->0K(6656K) From: 2374K(3584K)->2656K(4096K)
[0.281s][info][gc,heap        ] GC(15) ParOldGen: 7233K(12288K)->9649K(12288K)
[0.281s][info][gc,metaspace   ] GC(15) Metaspace: 6295K(6464K)->6295K(6464K) NonClass: 5762K(5824K)->5762K(5824K) Class: 533K(640K)->533K(640K)
[0.281s][info][gc             ] GC(15) Pause Young (Allocation Failure) 13M->12M(22M) 4.780ms
[0.281s][info][gc,cpu         ] GC(15) User=0.00s Sys=0.00s Real=0.01s
[0.287s][info][gc,start       ] GC(16) Pause Young (Allocation Failure)
[0.292s][info][gc,heap        ] GC(16) PSYoungGen: 9312K(10752K)->3456K(10752K) Eden: 6656K(6656K)->0K(6656K) From: 2656K(4096K)->3456K(4096K)
[0.292s][info][gc,heap        ] GC(16) ParOldGen: 9649K(12288K)->12313K(12800K)
[0.292s][info][gc,metaspace   ] GC(16) Metaspace: 6297K(6464K)->6297K(6464K) NonClass: 5764K(5824K)->5764K(5824K) Class: 533K(640K)->533K(640K)
[0.292s][info][gc             ] GC(16) Pause Young (Allocation Failure) 18M->15M(23M) 4.692ms
[0.292s][info][gc,cpu         ] GC(16) User=0.00s Sys=0.00s Real=0.00s
[0.292s][info][gc,start       ] GC(17) Pause Full (Ergonomics)
[0.292s][info][gc,phases,start] GC(17) Marking Phase
[0.299s][info][gc,phases      ] GC(17) Marking Phase 7.399ms
[0.299s][info][gc,phases,start] GC(17) Summary Phase
[0.300s][info][gc,phases      ] GC(17) Summary Phase 0.022ms
[0.300s][info][gc,phases,start] GC(17) Adjust Roots
[0.300s][info][gc,phases      ] GC(17) Adjust Roots 0.247ms
[0.300s][info][gc,phases,start] GC(17) Compaction Phase
[0.307s][info][gc,phases      ] GC(17) Compaction Phase 7.482ms
[0.307s][info][gc,phases,start] GC(17) Post Compact
[0.307s][info][gc,phases      ] GC(17) Post Compact 0.081ms
[0.307s][info][gc,heap        ] GC(17) PSYoungGen: 3456K(10752K)->2888K(10752K) Eden: 0K(6656K)->0K(6656K) From: 3456K(4096K)->2888K(4096K)
[0.308s][info][gc,heap        ] GC(17) ParOldGen: 12313K(12800K)->12484K(19968K)
[0.308s][info][gc,metaspace   ] GC(17) Metaspace: 6297K(6464K)->6297K(6464K) NonClass: 5764K(5824K)->5764K(5824K) Class: 533K(640K)->533K(640K)
[0.308s][info][gc             ] GC(17) Pause Full (Ergonomics) 15M->15M(30M) 15.616ms
[0.308s][info][gc,cpu         ] GC(17) User=0.00s Sys=0.00s Real=0.02s
[0.312s][info][gc,start       ] GC(18) Pause Young (Allocation Failure)
[0.318s][info][gc,heap        ] GC(18) PSYoungGen: 9544K(10752K)->3456K(13312K) Eden: 6656K(6656K)->0K(8704K) From: 2888K(4096K)->3456K(4608K)
[0.318s][info][gc,heap        ] GC(18) ParOldGen: 12484K(19968K)->15428K(19968K)
[0.318s][info][gc,metaspace   ] GC(18) Metaspace: 6297K(6464K)->6297K(6464K) NonClass: 5764K(5824K)->5764K(5824K) Class: 533K(640K)->533K(640K)
[0.318s][info][gc             ] GC(18) Pause Young (Allocation Failure) 21M->18M(32M) 6.054ms
[0.318s][info][gc,cpu         ] GC(18) User=0.00s Sys=0.00s Real=0.01s
[0.326s][info][gc,start       ] GC(19) Pause Young (Allocation Failure)
[0.333s][info][gc,heap        ] GC(19) PSYoungGen: 12160K(13312K)->5024K(13824K) Eden: 8704K(8704K)->0K(8704K) From: 3456K(4608K)->5024K(5120K)
[0.333s][info][gc,heap        ] GC(19) ParOldGen: 15428K(19968K)->18924K(19968K)
[0.333s][info][gc,metaspace   ] GC(19) Metaspace: 6297K(6464K)->6297K(6464K) NonClass: 5764K(5824K)->5764K(5824K) Class: 533K(640K)->533K(640K)
[0.333s][info][gc             ] GC(19) Pause Young (Allocation Failure) 26M->23M(33M) 7.335ms
[0.333s][info][gc,cpu         ] GC(19) User=0.02s Sys=0.00s Real=0.01s
[0.333s][info][gc,start       ] GC(20) Pause Full (Ergonomics)
[0.333s][info][gc,phases,start] GC(20) Marking Phase
[0.344s][info][gc,phases      ] GC(20) Marking Phase 10.469ms
[0.344s][info][gc,phases,start] GC(20) Summary Phase
[0.344s][info][gc,phases      ] GC(20) Summary Phase 0.017ms
[0.344s][info][gc,phases,start] GC(20) Adjust Roots
[0.344s][info][gc,phases      ] GC(20) Adjust Roots 0.188ms
[0.344s][info][gc,phases,start] GC(20) Compaction Phase
[0.354s][info][gc,phases      ] GC(20) Compaction Phase 9.542ms
[0.354s][info][gc,phases,start] GC(20) Post Compact
[0.354s][info][gc,phases      ] GC(20) Post Compact 0.090ms
[0.354s][info][gc,heap        ] GC(20) PSYoungGen: 5024K(13824K)->3360K(13824K) Eden: 0K(8704K)->0K(8704K) From: 5024K(5120K)->3360K(5120K)
[0.354s][info][gc,heap        ] GC(20) ParOldGen: 18924K(19968K)->19925K(29184K)
[0.354s][info][gc,metaspace   ] GC(20) Metaspace: 6297K(6464K)->6297K(6464K) NonClass: 5764K(5824K)->5764K(5824K) Class: 533K(640K)->533K(640K)
[0.354s][info][gc             ] GC(20) Pause Full (Ergonomics) 23M->22M(42M) 20.748ms
[0.354s][info][gc,cpu         ] GC(20) User=0.00s Sys=0.00s Real=0.02s
[0.359s][info][gc,start       ] GC(21) Pause Young (Allocation Failure)
[0.367s][info][gc,heap        ] GC(21) PSYoungGen: 12064K(13824K)->4544K(16896K) Eden: 8704K(8704K)->0K(11264K) From: 3360K(5120K)->4544K(5632K)
[0.367s][info][gc,heap        ] GC(21) ParOldGen: 19925K(29184K)->23349K(29184K)
[0.367s][info][gc,metaspace   ] GC(21) Metaspace: 6297K(6464K)->6297K(6464K) NonClass: 5764K(5824K)->5764K(5824K) Class: 533K(640K)->533K(640K)
[0.367s][info][gc             ] GC(21) Pause Young (Allocation Failure) 31M->27M(45M) 7.716ms
[0.367s][info][gc,cpu         ] GC(21) User=0.00s Sys=0.00s Real=0.01s
[0.375s][info][gc,start       ] GC(22) Pause Young (Allocation Failure)
[0.383s][info][gc,heap        ] GC(22) PSYoungGen: 15808K(16896K)->5856K(17408K) Eden: 11264K(11264K)->0K(11264K) From: 4544K(5632K)->5856K(6144K)
[0.383s][info][gc,heap        ] GC(22) ParOldGen: 23349K(29184K)->27925K(29184K)
[0.383s][info][gc,metaspace   ] GC(22) Metaspace: 6297K(6464K)->6297K(6464K) NonClass: 5764K(5824K)->5764K(5824K) Class: 533K(640K)->533K(640K)
[0.383s][info][gc             ] GC(22) Pause Young (Allocation Failure) 38M->32M(45M) 8.071ms
[0.383s][info][gc,cpu         ] GC(22) User=0.00s Sys=0.00s Real=0.01s
[0.383s][info][gc,start       ] GC(23) Pause Full (Ergonomics)
[0.383s][info][gc,phases,start] GC(23) Marking Phase
[0.397s][info][gc,phases      ] GC(23) Marking Phase 14.061ms
[0.397s][info][gc,phases,start] GC(23) Summary Phase
[0.397s][info][gc,phases      ] GC(23) Summary Phase 0.018ms
[0.397s][info][gc,phases,start] GC(23) Adjust Roots
[0.397s][info][gc,phases      ] GC(23) Adjust Roots 0.205ms
[0.397s][info][gc,phases,start] GC(23) Compaction Phase
[0.408s][info][gc,phases      ] GC(23) Compaction Phase 10.400ms
[0.408s][info][gc,phases,start] GC(23) Post Compact
[0.408s][info][gc,phases      ] GC(23) Post Compact 0.128ms
[0.408s][info][gc,heap        ] GC(23) PSYoungGen: 5856K(17408K)->4800K(17408K) Eden: 0K(11264K)->0K(11264K) From: 5856K(6144K)->4800K(6144K)
[0.408s][info][gc,heap        ] GC(23) ParOldGen: 27925K(29184K)->28804K(40448K)
[0.408s][info][gc,metaspace   ] GC(23) Metaspace: 6297K(6464K)->6297K(6464K) NonClass: 5764K(5824K)->5764K(5824K) Class: 533K(640K)->533K(640K)
[0.408s][info][gc             ] GC(23) Pause Full (Ergonomics) 32M->32M(56M) 25.128ms
[0.408s][info][gc,cpu         ] GC(23) User=0.00s Sys=0.00s Real=0.03s
[0.419s][info][gc,start       ] GC(24) Pause Young (Allocation Failure)
[0.431s][info][gc,heap        ] GC(24) PSYoungGen: 16064K(17408K)->7168K(16896K) Eden: 11264K(11264K)->0K(9728K) From: 4800K(6144K)->7168K(7168K)
[0.432s][info][gc,heap        ] GC(24) ParOldGen: 28804K(40448K)->36628K(40448K)
[0.432s][info][gc,metaspace   ] GC(24) Metaspace: 6297K(6464K)->6297K(6464K) NonClass: 5764K(5824K)->5764K(5824K) Class: 533K(640K)->533K(640K)
[0.432s][info][gc             ] GC(24) Pause Young (Allocation Failure) 43M->42M(56M) 12.452ms
[0.432s][info][gc,cpu         ] GC(24) User=0.00s Sys=0.00s Real=0.01s
[0.432s][info][gc,start       ] GC(25) Pause Full (Ergonomics)
[0.432s][info][gc,phases,start] GC(25) Marking Phase
[0.449s][info][gc,phases      ] GC(25) Marking Phase 16.901ms
[0.449s][info][gc,phases,start] GC(25) Summary Phase
[0.449s][info][gc,phases      ] GC(25) Summary Phase 0.020ms
[0.449s][info][gc,phases,start] GC(25) Adjust Roots
[0.449s][info][gc,phases      ] GC(25) Adjust Roots 0.184ms
[0.449s][info][gc,phases,start] GC(25) Compaction Phase
[0.459s][info][gc,phases      ] GC(25) Compaction Phase 10.144ms
[0.459s][info][gc,phases,start] GC(25) Post Compact
[0.459s][info][gc,phases      ] GC(25) Post Compact 0.210ms
[0.460s][info][gc,heap        ] GC(25) PSYoungGen: 7168K(16896K)->3577K(16896K) Eden: 0K(9728K)->0K(9728K) From: 7168K(7168K)->3577K(7168K)
[0.460s][info][gc,heap        ] GC(25) ParOldGen: 36628K(40448K)->40074K(55296K)
[0.460s][info][gc,metaspace   ] GC(25) Metaspace: 6297K(6464K)->6297K(6464K) NonClass: 5764K(5824K)->5764K(5824K) Class: 533K(640K)->533K(640K)
[0.460s][info][gc             ] GC(25) Pause Full (Ergonomics) 42M->42M(70M) 27.964ms
[0.460s][info][gc,cpu         ] GC(25) User=0.03s Sys=0.00s Real=0.03s
[0.473s][info][gc,start       ] GC(26) Pause Young (Allocation Failure)
[0.484s][info][gc,heap        ] GC(26) PSYoungGen: 13305K(16896K)->9728K(20992K) Eden: 9728K(9728K)->0K(9728K) From: 3577K(7168K)->9728K(11264K)
[0.485s][info][gc,heap        ] GC(26) ParOldGen: 40074K(55296K)->43714K(55296K)
[0.485s][info][gc,metaspace   ] GC(26) Metaspace: 6297K(6464K)->6297K(6464K) NonClass: 5764K(5824K)->5764K(5824K) Class: 533K(640K)->533K(640K)
[0.485s][info][gc             ] GC(26) Pause Young (Allocation Failure) 52M->52M(74M) 11.315ms
[0.485s][info][gc,cpu         ] GC(26) User=0.00s Sys=0.00s Real=0.01s
[0.495s][info][gc,start       ] GC(27) Pause Young (Allocation Failure)
[0.509s][info][gc,heap        ] GC(27) PSYoungGen: 19456K(20992K)->12768K(19968K) Eden: 9728K(9728K)->0K(7168K) From: 9728K(11264K)->12768K(12800K)
[0.509s][info][gc,heap        ] GC(27) ParOldGen: 43714K(55296K)->50482K(55296K)
[0.509s][info][gc,metaspace   ] GC(27) Metaspace: 6297K(6464K)->6297K(6464K) NonClass: 5764K(5824K)->5764K(5824K) Class: 533K(640K)->533K(640K)
[0.509s][info][gc             ] GC(27) Pause Young (Allocation Failure) 61M->61M(73M) 13.607ms
[0.509s][info][gc,cpu         ] GC(27) User=0.00s Sys=0.00s Real=0.01s
[0.509s][info][gc,start       ] GC(28) Pause Full (Ergonomics)
[0.509s][info][gc,phases,start] GC(28) Marking Phase
[0.533s][info][gc,phases      ] GC(28) Marking Phase 24.526ms
[0.533s][info][gc,phases,start] GC(28) Summary Phase
[0.533s][info][gc,phases      ] GC(28) Summary Phase 0.025ms
[0.533s][info][gc,phases,start] GC(28) Adjust Roots
[0.534s][info][gc,phases      ] GC(28) Adjust Roots 0.234ms
[0.534s][info][gc,phases,start] GC(28) Compaction Phase
[0.554s][info][gc,phases      ] GC(28) Compaction Phase 20.565ms
[0.554s][info][gc,phases,start] GC(28) Post Compact
[0.555s][info][gc,phases      ] GC(28) Post Compact 0.264ms
[0.555s][info][gc,heap        ] GC(28) PSYoungGen: 12768K(19968K)->7637K(19968K) Eden: 0K(7168K)->0K(7168K) From: 12768K(12800K)->7637K(12800K)
[0.555s][info][gc,heap        ] GC(28) ParOldGen: 50482K(55296K)->54389K(72192K)
[0.555s][info][gc,metaspace   ] GC(28) Metaspace: 6297K(6464K)->6297K(6464K) NonClass: 5764K(5824K)->5764K(5824K) Class: 533K(640K)->533K(640K)
[0.555s][info][gc             ] GC(28) Pause Full (Ergonomics) 61M->60M(90M) 46.005ms
[0.555s][info][gc,cpu         ] GC(28) User=0.05s Sys=0.00s Real=0.05s
[0.564s][info][gc,start       ] GC(29) Pause Young (Allocation Failure)
[0.577s][info][gc,heap        ] GC(29) PSYoungGen: 14805K(19968K)->7200K(24576K) Eden: 7168K(7168K)->0K(7168K) From: 7637K(12800K)->7200K(17408K)
[0.577s][info][gc,heap        ] GC(29) ParOldGen: 54389K(72192K)->62117K(72192K)
[0.577s][info][gc,metaspace   ] GC(29) Metaspace: 6297K(6464K)->6297K(6464K) NonClass: 5764K(5824K)->5764K(5824K) Class: 533K(640K)->533K(640K)
[0.577s][info][gc             ] GC(29) Pause Young (Allocation Failure) 67M->67M(94M) 12.868ms
[0.577s][info][gc,cpu         ] GC(29) User=0.00s Sys=0.00s Real=0.01s
[0.584s][info][gc,start       ] GC(30) Pause Young (Allocation Failure)
[0.594s][info][gc,heap        ] GC(30) PSYoungGen: 14368K(24576K)->14336K(23040K) Eden: 7168K(7168K)->0K(6656K) From: 7200K(17408K)->14336K(16384K)
[0.594s][info][gc,heap        ] GC(30) ParOldGen: 62117K(72192K)->62117K(72192K)
[0.594s][info][gc,metaspace   ] GC(30) Metaspace: 6297K(6464K)->6297K(6464K) NonClass: 5764K(5824K)->5764K(5824K) Class: 533K(640K)->533K(640K)
[0.594s][info][gc             ] GC(30) Pause Young (Allocation Failure) 74M->74M(93M) 9.923ms
[0.594s][info][gc,cpu         ] GC(30) User=0.00s Sys=0.00s Real=0.01s
[0.602s][info][gc,start       ] GC(31) Pause Young (Allocation Failure)
[0.614s][info][gc,heap        ] GC(31) PSYoungGen: 20992K(23040K)->18432K(25088K) Eden: 6656K(6656K)->0K(6656K) From: 14336K(16384K)->18432K(18432K)
[0.614s][info][gc,heap        ] GC(31) ParOldGen: 62117K(72192K)->64661K(72192K)
[0.614s][info][gc,metaspace   ] GC(31) Metaspace: 6297K(6464K)->6297K(6464K) NonClass: 5764K(5824K)->5764K(5824K) Class: 533K(640K)->533K(640K)
[0.614s][info][gc             ] GC(31) Pause Young (Allocation Failure) 81M->81M(95M) 12.382ms
[0.614s][info][gc,cpu         ] GC(31) User=0.00s Sys=0.00s Real=0.01s
[0.614s][info][gc,start       ] GC(32) Pause Full (Ergonomics)
[0.614s][info][gc,phases,start] GC(32) Marking Phase
[0.646s][info][gc,phases      ] GC(32) Marking Phase 31.511ms
[0.646s][info][gc,phases,start] GC(32) Summary Phase
[0.646s][info][gc,phases      ] GC(32) Summary Phase 0.019ms
[0.646s][info][gc,phases,start] GC(32) Adjust Roots
[0.646s][info][gc,phases      ] GC(32) Adjust Roots 0.190ms
[0.646s][info][gc,phases,start] GC(32) Compaction Phase
[0.669s][info][gc,phases      ] GC(32) Compaction Phase 22.637ms
[0.669s][info][gc,phases,start] GC(32) Post Compact
[0.669s][info][gc,phases      ] GC(32) Post Compact 0.297ms
[0.669s][info][gc,heap        ] GC(32) PSYoungGen: 18432K(25088K)->11242K(25088K) Eden: 0K(6656K)->0K(6656K) From: 18432K(18432K)->11242K(18432K)
[0.669s][info][gc,heap        ] GC(32) ParOldGen: 64661K(72192K)->71683K(91136K)
[0.669s][info][gc,metaspace   ] GC(32) Metaspace: 6297K(6464K)->6297K(6464K) NonClass: 5764K(5824K)->5764K(5824K) Class: 533K(640K)->533K(640K)
[0.669s][info][gc             ] GC(32) Pause Full (Ergonomics) 81M->80M(113M) 55.053ms
[0.669s][info][gc,cpu         ] GC(32) User=0.06s Sys=0.00s Real=0.06s
[0.690s][info][gc,start       ] GC(33) Pause Young (Allocation Failure)
[0.706s][info][gc,heap        ] GC(33) PSYoungGen: 17898K(25088K)->10272K(29696K) Eden: 6656K(6656K)->0K(8192K) From: 11242K(18432K)->10272K(21504K)
[0.706s][info][gc,heap        ] GC(33) ParOldGen: 75779K(91136K)->83531K(91136K)
[0.706s][info][gc,metaspace   ] GC(33) Metaspace: 6297K(6464K)->6297K(6464K) NonClass: 5764K(5824K)->5764K(5824K) Class: 533K(640K)->533K(640K)
[0.706s][info][gc             ] GC(33) Pause Young (Allocation Failure) 91M->91M(118M) 16.201ms
[0.706s][info][gc,cpu         ] GC(33) User=0.00s Sys=0.00s Real=0.02s
[0.707s][info][gc,start       ] GC(34) Pause Full (Ergonomics)
[0.707s][info][gc,phases,start] GC(34) Marking Phase
[0.743s][info][gc,phases      ] GC(34) Marking Phase 36.433ms
[0.743s][info][gc,phases,start] GC(34) Summary Phase
[0.743s][info][gc,phases      ] GC(34) Summary Phase 0.019ms
[0.743s][info][gc,phases,start] GC(34) Adjust Roots
[0.743s][info][gc,phases      ] GC(34) Adjust Roots 0.214ms
[0.743s][info][gc,phases,start] GC(34) Compaction Phase
[0.767s][info][gc,phases      ] GC(34) Compaction Phase 23.897ms
[0.767s][info][gc,phases,start] GC(34) Post Compact
[0.768s][info][gc,phases      ] GC(34) Post Compact 0.324ms
[0.768s][info][gc,heap        ] GC(34) PSYoungGen: 10272K(29696K)->530K(30208K) Eden: 0K(8192K)->0K(8704K) From: 10272K(21504K)->530K(21504K)
[0.768s][info][gc,heap        ] GC(34) ParOldGen: 83531K(91136K)->91069K(113152K)
[0.768s][info][gc,metaspace   ] GC(34) Metaspace: 6297K(6464K)->6297K(6464K) NonClass: 5764K(5824K)->5764K(5824K) Class: 533K(640K)->533K(640K)
[0.768s][info][gc             ] GC(34) Pause Full (Ergonomics) 91M->89M(140M) 61.293ms
[0.768s][info][gc,cpu         ] GC(34) User=0.09s Sys=0.00s Real=0.06s
[0.777s][info][gc,start       ] GC(35) Pause Young (Allocation Failure)
[0.790s][info][gc,heap        ] GC(35) PSYoungGen: 9234K(30208K)->9248K(30720K) Eden: 8704K(8704K)->0K(8704K) From: 530K(21504K)->9248K(22016K)
[0.790s][info][gc,heap        ] GC(35) ParOldGen: 91069K(113152K)->91069K(113152K)
[0.790s][info][gc,metaspace   ] GC(35) Metaspace: 6297K(6464K)->6297K(6464K) NonClass: 5764K(5824K)->5764K(5824K) Class: 533K(640K)->533K(640K)
[0.790s][info][gc             ] GC(35) Pause Young (Allocation Failure) 97M->97M(140M) 13.115ms
[0.790s][info][gc,cpu         ] GC(35) User=0.02s Sys=0.00s Real=0.01s
[0.799s][info][gc,start       ] GC(36) Pause Young (Allocation Failure)
[0.811s][info][gc,heap        ] GC(36) PSYoungGen: 17952K(30720K)->17920K(29184K) Eden: 8704K(8704K)->0K(8192K) From: 9248K(22016K)->17920K(20992K)
[0.811s][info][gc,heap        ] GC(36) ParOldGen: 91069K(113152K)->91069K(113152K)
[0.811s][info][gc,metaspace   ] GC(36) Metaspace: 6297K(6464K)->6297K(6464K) NonClass: 5764K(5824K)->5764K(5824K) Class: 533K(640K)->533K(640K)
[0.811s][info][gc             ] GC(36) Pause Young (Allocation Failure) 106M->106M(139M) 12.124ms
[0.811s][info][gc,cpu         ] GC(36) User=0.00s Sys=0.00s Real=0.01s
[0.819s][info][gc,start       ] GC(37) Pause Young (Allocation Failure)
[0.834s][info][gc,heap        ] GC(37) PSYoungGen: 26112K(29184K)->23040K(31232K) Eden: 8192K(8192K)->0K(8192K) From: 17920K(20992K)->23040K(23040K)
[0.834s][info][gc,heap        ] GC(37) ParOldGen: 91069K(113152K)->94165K(113152K)
[0.834s][info][gc,metaspace   ] GC(37) Metaspace: 6297K(6464K)->6297K(6464K) NonClass: 5764K(5824K)->5764K(5824K) Class: 533K(640K)->533K(640K)
[0.834s][info][gc             ] GC(37) Pause Young (Allocation Failure) 114M->114M(141M) 14.354ms
[0.834s][info][gc,cpu         ] GC(37) User=0.00s Sys=0.00s Real=0.01s
[0.842s][info][gc,start       ] GC(38) Pause Young (Allocation Failure)
[0.861s][info][gc,heap        ] GC(38) PSYoungGen: 31232K(31232K)->27648K(31232K) Eden: 8192K(8192K)->0K(3584K) From: 23040K(23040K)->27648K(27648K)
[0.861s][info][gc,heap        ] GC(38) ParOldGen: 94165K(113152K)->97789K(113152K)
[0.861s][info][gc,metaspace   ] GC(38) Metaspace: 6297K(6464K)->6297K(6464K) NonClass: 5764K(5824K)->5764K(5824K) Class: 533K(640K)->533K(640K)
[0.861s][info][gc             ] GC(38) Pause Young (Allocation Failure) 122M->122M(141M) 19.381ms
[0.861s][info][gc,cpu         ] GC(38) User=0.02s Sys=0.02s Real=0.02s
[0.865s][info][gc,start       ] GC(39) Pause Young (Allocation Failure)
[0.883s][info][gc,heap        ] GC(39) PSYoungGen: 31232K(31232K)->16096K(37376K) Eden: 3584K(3584K)->0K(3584K) From: 27648K(27648K)->16096K(33792K)
[0.883s][info][gc,heap        ] GC(39) ParOldGen: 97789K(113152K)->113117K(113152K)
[0.883s][info][gc,metaspace   ] GC(39) Metaspace: 6297K(6464K)->6297K(6464K) NonClass: 5764K(5824K)->5764K(5824K) Class: 533K(640K)->533K(640K)
[0.883s][info][gc             ] GC(39) Pause Young (Allocation Failure) 125M->126M(147M) 18.103ms
[0.883s][info][gc,cpu         ] GC(39) User=0.02s Sys=0.02s Real=0.02s
[0.883s][info][gc,start       ] GC(40) Pause Full (Ergonomics)
[0.883s][info][gc,phases,start] GC(40) Marking Phase
[0.934s][info][gc,phases      ] GC(40) Marking Phase 50.799ms
[0.934s][info][gc,phases,start] GC(40) Summary Phase
[0.934s][info][gc,phases      ] GC(40) Summary Phase 0.015ms
[0.934s][info][gc,phases,start] GC(40) Adjust Roots
[0.934s][info][gc,phases      ] GC(40) Adjust Roots 0.221ms
[0.934s][info][gc,phases,start] GC(40) Compaction Phase
[0.961s][info][gc,phases      ] GC(40) Compaction Phase 27.507ms
[0.962s][info][gc,phases,start] GC(40) Post Compact
[0.962s][info][gc,phases      ] GC(40) Post Compact 0.669ms
[0.962s][info][gc,heap        ] GC(40) PSYoungGen: 16096K(37376K)->16056K(37376K) Eden: 0K(3584K)->0K(3584K) From: 16096K(33792K)->16056K(33792K)
[0.962s][info][gc,heap        ] GC(40) ParOldGen: 113117K(113152K)->112755K(139264K)
[0.962s][info][gc,metaspace   ] GC(40) Metaspace: 6297K(6464K)->6297K(6464K) NonClass: 5764K(5824K)->5764K(5824K) Class: 533K(640K)->533K(640K)
[0.962s][info][gc             ] GC(40) Pause Full (Ergonomics) 126M->125M(172M) 79.656ms
[0.962s][info][gc,cpu         ] GC(40) User=0.12s Sys=0.00s Real=0.08s
[0.966s][info][gc,start       ] GC(41) Pause Young (Allocation Failure)
[0.986s][info][gc,heap        ] GC(41) PSYoungGen: 19640K(37376K)->7136K(35328K) Eden: 3584K(3584K)->0K(4608K) From: 16056K(33792K)->7136K(30720K)
[0.986s][info][gc,heap        ] GC(41) ParOldGen: 112755K(139264K)->125467K(139264K)
[0.987s][info][gc,metaspace   ] GC(41) Metaspace: 6297K(6464K)->6297K(6464K) NonClass: 5764K(5824K)->5764K(5824K) Class: 533K(640K)->533K(640K)
[0.987s][info][gc             ] GC(41) Pause Young (Allocation Failure) 129M->129M(170M) 20.498ms
[0.987s][info][gc,cpu         ] GC(41) User=0.03s Sys=0.00s Real=0.02s
[0.987s][info][gc,start       ] GC(42) Pause Full (Ergonomics)
[0.987s][info][gc,phases,start] GC(42) Marking Phase
[1.041s][info][gc,phases      ] GC(42) Marking Phase 54.359ms
[1.041s][info][gc,phases,start] GC(42) Summary Phase
[1.041s][info][gc,phases      ] GC(42) Summary Phase 0.021ms
[1.041s][info][gc,phases,start] GC(42) Adjust Roots
[1.041s][info][gc,phases      ] GC(42) Adjust Roots 0.238ms
[1.041s][info][gc,phases,start] GC(42) Compaction Phase
[1.065s][info][gc,phases      ] GC(42) Compaction Phase 23.981ms
[1.065s][info][gc,phases,start] GC(42) Post Compact
[1.066s][info][gc,phases      ] GC(42) Post Compact 0.621ms
[1.066s][info][gc,heap        ] GC(42) PSYoungGen: 7136K(35328K)->0K(36352K) Eden: 0K(4608K)->0K(4608K) From: 7136K(30720K)->0K(31744K)
[1.066s][info][gc,heap        ] GC(42) ParOldGen: 125467K(139264K)->132366K(163328K)
[1.066s][info][gc,metaspace   ] GC(42) Metaspace: 6297K(6464K)->6297K(6464K) NonClass: 5764K(5824K)->5764K(5824K) Class: 533K(640K)->533K(640K)
[1.066s][info][gc             ] GC(42) Pause Full (Ergonomics) 129M->129M(195M) 79.700ms
[1.066s][info][gc,cpu         ] GC(42) User=0.16s Sys=0.00s Real=0.08s
[1.071s][info][gc,start       ] GC(43) Pause Young (Allocation Failure)
[1.075s][info][gc,heap        ] GC(43) PSYoungGen: 4608K(36352K)->4640K(36352K) Eden: 4608K(4608K)->0K(5632K) From: 0K(31744K)->4640K(30720K)
[1.075s][info][gc,heap        ] GC(43) ParOldGen: 132366K(163328K)->132366K(163328K)
[1.075s][info][gc,metaspace   ] GC(43) Metaspace: 6297K(6464K)->6297K(6464K) NonClass: 5764K(5824K)->5764K(5824K) Class: 533K(640K)->533K(640K)
[1.075s][info][gc             ] GC(43) Pause Young (Allocation Failure) 133M->133M(195M) 3.915ms
[1.075s][info][gc,cpu         ] GC(43) User=0.00s Sys=0.00s Real=0.00s
[1.082s][info][gc,start       ] GC(44) Pause Young (Allocation Failure)
[1.089s][info][gc,heap        ] GC(44) PSYoungGen: 10272K(36352K)->10240K(15872K) Eden: 5632K(5632K)->0K(5632K) From: 4640K(30720K)->10240K(10240K)
[1.089s][info][gc,heap        ] GC(44) ParOldGen: 132366K(163328K)->132366K(163328K)
[1.089s][info][gc,metaspace   ] GC(44) Metaspace: 6297K(6464K)->6297K(6464K) NonClass: 5764K(5824K)->5764K(5824K) Class: 533K(640K)->533K(640K)
[1.089s][info][gc             ] GC(44) Pause Young (Allocation Failure) 139M->139M(175M) 6.805ms
[1.089s][info][gc,cpu         ] GC(44) User=0.00s Sys=0.00s Real=0.01s
[1.094s][info][gc,start       ] GC(45) Pause Young (Allocation Failure)
[1.104s][info][gc,heap        ] GC(45) PSYoungGen: 15872K(15872K)->15840K(36352K) Eden: 5632K(5632K)->0K(6656K) From: 10240K(10240K)->15840K(29696K)
[1.104s][info][gc,heap        ] GC(45) ParOldGen: 132366K(163328K)->132366K(163328K)
[1.104s][info][gc,metaspace   ] GC(45) Metaspace: 6297K(6464K)->6297K(6464K) NonClass: 5764K(5824K)->5764K(5824K) Class: 533K(640K)->533K(640K)
[1.104s][info][gc             ] GC(45) Pause Young (Allocation Failure) 144M->144M(195M) 9.393ms
[1.104s][info][gc,cpu         ] GC(45) User=0.00s Sys=0.00s Real=0.01s
[1.111s][info][gc,start       ] GC(46) Pause Young (Allocation Failure)
[1.124s][info][gc,heap        ] GC(46) PSYoungGen: 22496K(36352K)->22464K(36352K) Eden: 6656K(6656K)->0K(6656K) From: 15840K(29696K)->22464K(29696K)
[1.124s][info][gc,heap        ] GC(46) ParOldGen: 132366K(163328K)->132366K(163328K)
[1.124s][info][gc,metaspace   ] GC(46) Metaspace: 6297K(6464K)->6297K(6464K) NonClass: 5764K(5824K)->5764K(5824K) Class: 533K(640K)->533K(640K)
[1.124s][info][gc             ] GC(46) Pause Young (Allocation Failure) 151M->151M(195M) 12.972ms
[1.124s][info][gc,cpu         ] GC(46) User=0.00s Sys=0.00s Real=0.01s
[1.130s][info][gc,start       ] GC(47) Pause Young (Allocation Failure)
[1.147s][info][gc,heap        ] GC(47) PSYoungGen: 29120K(36352K)->29120K(35840K) Eden: 6656K(6656K)->0K(4096K) From: 22464K(29696K)->29120K(31744K)
[1.147s][info][gc,heap        ] GC(47) ParOldGen: 132366K(163328K)->132366K(163328K)
[1.147s][info][gc,metaspace   ] GC(47) Metaspace: 6297K(6464K)->6297K(6464K) NonClass: 5764K(5824K)->5764K(5824K) Class: 533K(640K)->533K(640K)
[1.147s][info][gc             ] GC(47) Pause Young (Allocation Failure) 157M->157M(194M) 16.677ms
[1.147s][info][gc,cpu         ] GC(47) User=0.03s Sys=0.00s Real=0.02s
[1.151s][info][gc,start       ] GC(48) Pause Young (Allocation Failure)
[1.169s][info][gc,heap        ] GC(48) PSYoungGen: 33216K(35840K)->28608K(39936K) Eden: 4096K(4096K)->0K(4096K) From: 29120K(31744K)->28608K(35840K)
[1.169s][info][gc,heap        ] GC(48) ParOldGen: 132366K(163328K)->137022K(163328K)
[1.169s][info][gc,metaspace   ] GC(48) Metaspace: 6297K(6464K)->6297K(6464K) NonClass: 5764K(5824K)->5764K(5824K) Class: 533K(640K)->533K(640K)
[1.169s][info][gc             ] GC(48) Pause Young (Allocation Failure) 161M->161M(198M) 17.898ms
[1.169s][info][gc,cpu         ] GC(48) User=0.03s Sys=0.00s Real=0.02s
[1.173s][info][gc,start       ] GC(49) Pause Young (Allocation Failure)
[1.192s][info][gc,heap        ] GC(49) PSYoungGen: 32704K(39936K)->21440K(43520K) Eden: 4096K(4096K)->0K(5120K) From: 28608K(35840K)->21440K(38400K)
[1.192s][info][gc,heap        ] GC(49) ParOldGen: 137022K(163328K)->148414K(163328K)
[1.192s][info][gc,metaspace   ] GC(49) Metaspace: 6297K(6464K)->6297K(6464K) NonClass: 5764K(5824K)->5764K(5824K) Class: 533K(640K)->533K(640K)
[1.192s][info][gc             ] GC(49) Pause Young (Allocation Failure) 165M->165M(202M) 18.892ms
[1.192s][info][gc,cpu         ] GC(49) User=0.03s Sys=0.00s Real=0.02s
[1.198s][info][gc,start       ] GC(50) Pause Young (Allocation Failure)
[1.215s][info][gc,heap        ] GC(50) PSYoungGen: 26560K(43520K)->13280K(43520K) Eden: 5120K(5120K)->0K(5120K) From: 21440K(38400K)->13280K(38400K)
[1.215s][info][gc,heap        ] GC(50) ParOldGen: 148414K(163328K)->161878K(163328K)
[1.215s][info][gc,metaspace   ] GC(50) Metaspace: 6297K(6464K)->6297K(6464K) NonClass: 5764K(5824K)->5764K(5824K) Class: 533K(640K)->533K(640K)
[1.215s][info][gc             ] GC(50) Pause Young (Allocation Failure) 170M->171M(202M) 17.347ms
[1.215s][info][gc,cpu         ] GC(50) User=0.03s Sys=0.00s Real=0.02s
[1.215s][info][gc,start       ] GC(51) Pause Full (Ergonomics)
[1.215s][info][gc,phases,start] GC(51) Marking Phase
[1.282s][info][gc,phases      ] GC(51) Marking Phase 66.535ms
[1.282s][info][gc,phases,start] GC(51) Summary Phase
[1.282s][info][gc,phases      ] GC(51) Summary Phase 0.022ms
[1.282s][info][gc,phases,start] GC(51) Adjust Roots
[1.282s][info][gc,phases      ] GC(51) Adjust Roots 0.185ms
[1.282s][info][gc,phases,start] GC(51) Compaction Phase
[1.316s][info][gc,phases      ] GC(51) Compaction Phase 33.733ms
[1.316s][info][gc,phases,start] GC(51) Post Compact
[1.317s][info][gc,phases      ] GC(51) Post Compact 0.816ms
[1.317s][info][gc,heap        ] GC(51) PSYoungGen: 13280K(43520K)->11685K(43520K) Eden: 0K(5120K)->0K(5120K) From: 13280K(38400K)->11685K(38400K)
[1.317s][info][gc,heap        ] GC(51) ParOldGen: 161878K(163328K)->162930K(198144K)
[1.317s][info][gc,metaspace   ] GC(51) Metaspace: 6297K(6464K)->6297K(6464K) NonClass: 5764K(5824K)->5764K(5824K) Class: 533K(640K)->533K(640K)
[1.317s][info][gc             ] GC(51) Pause Full (Ergonomics) 171M->170M(236M) 101.884ms
[1.317s][info][gc,cpu         ] GC(51) User=0.19s Sys=0.00s Real=0.10s
[1.348s][info][gc,start       ] GC(52) Pause Young (Allocation Failure)
[1.371s][info][gc,heap        ] GC(52) PSYoungGen: 16805K(43520K)->9408K(40448K) Eden: 5120K(5120K)->0K(6144K) From: 11685K(38400K)->9408K(34304K)
[1.372s][info][gc,heap        ] GC(52) ParOldGen: 171122K(198144K)->178682K(198144K)
[1.372s][info][gc,metaspace   ] GC(52) Metaspace: 6297K(6464K)->6297K(6464K) NonClass: 5764K(5824K)->5764K(5824K) Class: 533K(640K)->533K(640K)
[1.372s][info][gc             ] GC(52) Pause Young (Allocation Failure) 183M->183M(233M) 23.428ms
[1.372s][info][gc,cpu         ] GC(52) User=0.03s Sys=0.00s Real=0.02s
[1.378s][info][gc,start       ] GC(53) Pause Young (Allocation Failure)
[1.388s][info][gc,heap        ] GC(53) PSYoungGen: 15552K(40448K)->11264K(41984K) Eden: 6144K(6144K)->0K(6144K) From: 9408K(34304K)->11264K(35840K)
[1.388s][info][gc,heap        ] GC(53) ParOldGen: 178682K(198144K)->183010K(198144K)
[1.388s][info][gc,metaspace   ] GC(53) Metaspace: 6297K(6464K)->6297K(6464K) NonClass: 5764K(5824K)->5764K(5824K) Class: 533K(640K)->533K(640K)
[1.388s][info][gc             ] GC(53) Pause Young (Allocation Failure) 189M->189M(234M) 10.900ms
[1.389s][info][gc,cpu         ] GC(53) User=0.00s Sys=0.00s Real=0.01s
[1.389s][info][gc,start       ] GC(54) Pause Full (Ergonomics)
[1.389s][info][gc,phases,start] GC(54) Marking Phase
[1.462s][info][gc,phases      ] GC(54) Marking Phase 73.508ms
[1.462s][info][gc,phases,start] GC(54) Summary Phase
[1.462s][info][gc,phases      ] GC(54) Summary Phase 0.021ms
[1.462s][info][gc,phases,start] GC(54) Adjust Roots
[1.462s][info][gc,phases      ] GC(54) Adjust Roots 0.253ms
[1.462s][info][gc,phases,start] GC(54) Compaction Phase
[1.509s][info][gc,phases      ] GC(54) Compaction Phase 46.227ms
[1.509s][info][gc,phases,start] GC(54) Post Compact
[1.510s][info][gc,phases      ] GC(54) Post Compact 1.034ms
[1.510s][info][gc,heap        ] GC(54) PSYoungGen: 11264K(41984K)->0K(41984K) Eden: 0K(6144K)->0K(7168K) From: 11264K(35840K)->0K(34816K)
[1.510s][info][gc,heap        ] GC(54) ParOldGen: 183010K(198144K)->189910K(225792K)
[1.510s][info][gc,metaspace   ] GC(54) Metaspace: 6297K(6464K)->6297K(6464K) NonClass: 5764K(5824K)->5764K(5824K) Class: 533K(640K)->533K(640K)
[1.510s][info][gc             ] GC(54) Pause Full (Ergonomics) 189M->185M(261M) 121.568ms
[1.510s][info][gc,cpu         ] GC(54) User=0.19s Sys=0.00s Real=0.12s
[1.519s][info][gc,start       ] GC(55) Pause Young (Allocation Failure)
[1.525s][info][gc,heap        ] GC(55) PSYoungGen: 7168K(41984K)->7200K(41984K) Eden: 7168K(7168K)->0K(7168K) From: 0K(34816K)->7200K(34816K)
[1.525s][info][gc,heap        ] GC(55) ParOldGen: 189910K(225792K)->189910K(225792K)
[1.525s][info][gc,metaspace   ] GC(55) Metaspace: 6297K(6464K)->6297K(6464K) NonClass: 5764K(5824K)->5764K(5824K) Class: 533K(640K)->533K(640K)
[1.525s][info][gc             ] GC(55) Pause Young (Allocation Failure) 192M->192M(261M) 6.200ms
[1.525s][info][gc,cpu         ] GC(55) User=0.00s Sys=0.00s Real=0.01s
[1.533s][info][gc,start       ] GC(56) Pause Young (Allocation Failure)
[1.542s][info][gc,heap        ] GC(56) PSYoungGen: 14368K(41984K)->14336K(38400K) Eden: 7168K(7168K)->0K(8192K) From: 7200K(34816K)->14336K(30208K)
[1.542s][info][gc,heap        ] GC(56) ParOldGen: 189910K(225792K)->189910K(225792K)
[1.542s][info][gc,metaspace   ] GC(56) Metaspace: 6297K(6464K)->6297K(6464K) NonClass: 5764K(5824K)->5764K(5824K) Class: 533K(640K)->533K(640K)
[1.542s][info][gc             ] GC(56) Pause Young (Allocation Failure) 199M->199M(258M) 9.640ms
[1.542s][info][gc,cpu         ] GC(56) User=0.00s Sys=0.00s Real=0.01s
[1.551s][info][gc,start       ] GC(57) Pause Young (Allocation Failure)
[1.566s][info][gc,heap        ] GC(57) PSYoungGen: 22528K(38400K)->22528K(40448K) Eden: 8192K(8192K)->0K(8192K) From: 14336K(30208K)->22528K(32256K)
[1.566s][info][gc,heap        ] GC(57) ParOldGen: 189910K(225792K)->189910K(225792K)
[1.567s][info][gc,metaspace   ] GC(57) Metaspace: 6297K(6464K)->6297K(6464K) NonClass: 5764K(5824K)->5764K(5824K) Class: 533K(640K)->533K(640K)
[1.567s][info][gc             ] GC(57) Pause Young (Allocation Failure) 207M->207M(260M) 15.655ms
[1.567s][info][gc,cpu         ] GC(57) User=0.00s Sys=0.00s Real=0.02s
[1.575s][info][gc,start       ] GC(58) Pause Young (Allocation Failure)
[1.595s][info][gc,heap        ] GC(58) PSYoungGen: 30720K(40448K)->23552K(41472K) Eden: 8192K(8192K)->0K(8192K) From: 22528K(32256K)->23552K(33280K)
[1.595s][info][gc,heap        ] GC(58) ParOldGen: 189910K(225792K)->197166K(225792K)
[1.595s][info][gc,metaspace   ] GC(58) Metaspace: 6297K(6464K)->6297K(6464K) NonClass: 5764K(5824K)->5764K(5824K) Class: 533K(640K)->533K(640K)
[1.595s][info][gc             ] GC(58) Pause Young (Allocation Failure) 215M->215M(261M) 19.624ms
[1.595s][info][gc,cpu         ] GC(58) User=0.02s Sys=0.00s Real=0.02s
[1.604s][info][gc,start       ] GC(59) Pause Young (Allocation Failure)
[1.623s][info][gc,heap        ] GC(59) PSYoungGen: 31744K(41472K)->24576K(43008K) Eden: 8192K(8192K)->0K(8192K) From: 23552K(33280K)->24576K(34816K)
[1.623s][info][gc,heap        ] GC(59) ParOldGen: 197166K(225792K)->204422K(225792K)
[1.623s][info][gc,metaspace   ] GC(59) Metaspace: 6297K(6464K)->6297K(6464K) NonClass: 5764K(5824K)->5764K(5824K) Class: 533K(640K)->533K(640K)
[1.623s][info][gc             ] GC(59) Pause Young (Allocation Failure) 223M->223M(262M) 19.850ms
[1.623s][info][gc,cpu         ] GC(59) User=0.03s Sys=0.00s Real=0.02s
[1.632s][info][gc,start       ] GC(60) Pause Young (Allocation Failure)
[1.653s][info][gc,heap        ] GC(60) PSYoungGen: 32768K(43008K)->24576K(44544K) Eden: 8192K(8192K)->0K(8704K) From: 24576K(34816K)->24576K(35840K)
[1.653s][info][gc,heap        ] GC(60) ParOldGen: 204422K(225792K)->212726K(225792K)
[1.653s][info][gc,metaspace   ] GC(60) Metaspace: 6297K(6464K)->6297K(6464K) NonClass: 5764K(5824K)->5764K(5824K) Class: 533K(640K)->533K(640K)
[1.653s][info][gc             ] GC(60) Pause Young (Allocation Failure) 231M->231M(264M) 20.832ms
[1.653s][info][gc,cpu         ] GC(60) User=0.03s Sys=0.00s Real=0.02s
[1.653s][info][gc,start       ] GC(61) Pause Full (Ergonomics)
[1.653s][info][gc,phases,start] GC(61) Marking Phase
[1.744s][info][gc,phases      ] GC(61) Marking Phase 91.223ms
[1.744s][info][gc,phases,start] GC(61) Summary Phase
[1.744s][info][gc,phases      ] GC(61) Summary Phase 0.021ms
[1.744s][info][gc,phases,start] GC(61) Adjust Roots
[1.745s][info][gc,phases      ] GC(61) Adjust Roots 0.247ms
[1.745s][info][gc,phases,start] GC(61) Compaction Phase
[1.793s][info][gc,phases      ] GC(61) Compaction Phase 48.165ms
[1.793s][info][gc,phases,start] GC(61) Post Compact
[1.794s][info][gc,phases      ] GC(61) Post Compact 1.201ms
[1.794s][info][gc,heap        ] GC(61) PSYoungGen: 24576K(44544K)->11198K(44544K) Eden: 0K(8704K)->0K(8704K) From: 24576K(35840K)->11198K(35840K)
[1.794s][info][gc,heap        ] GC(61) ParOldGen: 212726K(225792K)->225628K(263680K)
[1.794s][info][gc,metaspace   ] GC(61) Metaspace: 6297K(6464K)->6297K(6464K) NonClass: 5764K(5824K)->5764K(5824K) Class: 533K(640K)->533K(640K)
[1.794s][info][gc             ] GC(61) Pause Full (Ergonomics) 231M->231M(301M) 141.456ms
[1.795s][info][gc,cpu         ] GC(61) User=0.22s Sys=0.02s Real=0.14s
[1.804s][info][gc,start       ] GC(62) Pause Young (Allocation Failure)
[1.834s][info][gc,heap        ] GC(62) PSYoungGen: 19902K(44544K)->12832K(45568K) Eden: 8704K(8704K)->0K(8704K) From: 11198K(35840K)->12832K(36864K)
[1.834s][info][gc,heap        ] GC(62) ParOldGen: 225628K(263680K)->232860K(263680K)
[1.834s][info][gc,metaspace   ] GC(62) Metaspace: 6297K(6464K)->6297K(6464K) NonClass: 5764K(5824K)->5764K(5824K) Class: 533K(640K)->533K(640K)
[1.834s][info][gc             ] GC(62) Pause Young (Allocation Failure) 239M->239M(302M) 30.036ms
[1.834s][info][gc,cpu         ] GC(62) User=0.03s Sys=0.00s Real=0.03s
[1.844s][info][gc,start       ] GC(63) Pause Young (Allocation Failure)
[1.859s][info][gc,heap        ] GC(63) PSYoungGen: 21536K(45568K)->17408K(43008K) Eden: 8704K(8704K)->0K(10240K) From: 12832K(36864K)->17408K(32768K)
[1.859s][info][gc,heap        ] GC(63) ParOldGen: 232860K(263680K)->237020K(263680K)
[1.859s][info][gc,metaspace   ] GC(63) Metaspace: 6297K(6464K)->6297K(6464K) NonClass: 5764K(5824K)->5764K(5824K) Class: 533K(640K)->533K(640K)
[1.859s][info][gc             ] GC(63) Pause Young (Allocation Failure) 248M->248M(299M) 14.788ms
[1.859s][info][gc,cpu         ] GC(63) User=0.00s Sys=0.00s Real=0.01s
[1.870s][info][gc,start       ] GC(64) Pause Young (Allocation Failure)
[1.890s][info][gc,heap        ] GC(64) PSYoungGen: 27648K(43008K)->18944K(44544K) Eden: 10240K(10240K)->0K(10240K) From: 17408K(32768K)->18944K(34304K)
[1.890s][info][gc,heap        ] GC(64) ParOldGen: 237020K(263680K)->245844K(263680K)
[1.890s][info][gc,metaspace   ] GC(64) Metaspace: 6297K(6464K)->6297K(6464K) NonClass: 5764K(5824K)->5764K(5824K) Class: 533K(640K)->533K(640K)
[1.890s][info][gc             ] GC(64) Pause Young (Allocation Failure) 258M->258M(301M) 19.601ms
[1.890s][info][gc,cpu         ] GC(64) User=0.03s Sys=0.00s Real=0.02s
[1.900s][info][gc,start       ] GC(65) Pause Young (Allocation Failure)
[1.920s][info][gc,heap        ] GC(65) PSYoungGen: 29184K(44544K)->20480K(44032K) Eden: 10240K(10240K)->0K(11776K) From: 18944K(34304K)->20480K(32256K)
[1.920s][info][gc,heap        ] GC(65) ParOldGen: 245844K(263680K)->254660K(263680K)
[1.920s][info][gc,metaspace   ] GC(65) Metaspace: 6297K(6464K)->6297K(6464K) NonClass: 5764K(5824K)->5764K(5824K) Class: 533K(640K)->533K(640K)
[1.920s][info][gc             ] GC(65) Pause Young (Allocation Failure) 268M->268M(300M) 19.822ms
[1.920s][info][gc,cpu         ] GC(65) User=0.03s Sys=0.00s Real=0.02s
[1.920s][info][gc,start       ] GC(66) Pause Full (Ergonomics)
[1.920s][info][gc,phases,start] GC(66) Marking Phase
[2.026s][info][gc,phases      ] GC(66) Marking Phase 105.233ms
[2.026s][info][gc,phases,start] GC(66) Summary Phase
[2.026s][info][gc,phases      ] GC(66) Summary Phase 0.029ms
[2.026s][info][gc,phases,start] GC(66) Adjust Roots
[2.026s][info][gc,phases      ] GC(66) Adjust Roots 0.210ms
[2.026s][info][gc,phases,start] GC(66) Compaction Phase
[2.076s][info][gc,phases      ] GC(66) Compaction Phase 49.906ms
[2.076s][info][gc,phases,start] GC(66) Post Compact
[2.078s][info][gc,phases      ] GC(66) Post Compact 1.570ms
[2.078s][info][gc,heap        ] GC(66) PSYoungGen: 20480K(44032K)->11220K(44544K) Eden: 0K(11776K)->0K(12288K) From: 20480K(32256K)->11220K(32256K)
[2.078s][info][gc,heap        ] GC(66) ParOldGen: 254660K(263680K)->263375K(303616K)
[2.078s][info][gc,metaspace   ] GC(66) Metaspace: 6297K(6464K)->6297K(6464K) NonClass: 5764K(5824K)->5764K(5824K) Class: 533K(640K)->533K(640K)
[2.078s][info][gc             ] GC(66) Pause Full (Ergonomics) 268M->268M(340M) 157.559ms
[2.078s][info][gc,cpu         ] GC(66) User=0.27s Sys=0.00s Real=0.16s
[2.092s][info][gc,start       ] GC(67) Pause Young (Allocation Failure)
[2.126s][info][gc,heap        ] GC(67) PSYoungGen: 23508K(44544K)->18272K(45056K) Eden: 12288K(12288K)->0K(12288K) From: 11220K(32256K)->18272K(32768K)
[2.126s][info][gc,heap        ] GC(67) ParOldGen: 263375K(303616K)->268767K(303616K)
[2.126s][info][gc,metaspace   ] GC(67) Metaspace: 6297K(6464K)->6297K(6464K) NonClass: 5764K(5824K)->5764K(5824K) Class: 533K(640K)->533K(640K)
[2.126s][info][gc             ] GC(67) Pause Young (Allocation Failure) 280M->280M(340M) 34.555ms
[2.126s][info][gc,cpu         ] GC(67) User=0.06s Sys=0.00s Real=0.03s
[2.140s][info][gc,start       ] GC(68) Pause Young (Allocation Failure)
[2.162s][info][gc,heap        ] GC(68) PSYoungGen: 30560K(45056K)->30560K(41472K) Eden: 12288K(12288K)->0K(10240K) From: 18272K(32768K)->30560K(31232K)
[2.162s][info][gc,heap        ] GC(68) ParOldGen: 268767K(303616K)->268767K(303616K)
[2.162s][info][gc,metaspace   ] GC(68) Metaspace: 6297K(6464K)->6297K(6464K) NonClass: 5764K(5824K)->5764K(5824K) Class: 533K(640K)->533K(640K)
[2.162s][info][gc             ] GC(68) Pause Young (Allocation Failure) 292M->292M(337M) 21.417ms
[2.162s][info][gc,cpu         ] GC(68) User=0.00s Sys=0.03s Real=0.02s
[2.174s][info][gc,start       ] GC(69) Pause Young (Allocation Failure)
[2.199s][info][gc,heap        ] GC(69) PSYoungGen: 40800K(41472K)->34816K(45056K) Eden: 10240K(10240K)->0K(10240K) From: 30560K(31232K)->34816K(34816K)
[2.199s][info][gc,heap        ] GC(69) ParOldGen: 268767K(303616K)->274791K(303616K)
[2.199s][info][gc,metaspace   ] GC(69) Metaspace: 6297K(6464K)->6297K(6464K) NonClass: 5764K(5824K)->5764K(5824K) Class: 533K(640K)->533K(640K)
[2.199s][info][gc             ] GC(69) Pause Young (Allocation Failure) 302M->302M(340M) 24.898ms
[2.199s][info][gc,cpu         ] GC(69) User=0.02s Sys=0.02s Real=0.02s
[2.210s][info][gc,start       ] GC(70) Pause Young (Allocation Failure)
[2.240s][info][gc,heap        ] GC(70) PSYoungGen: 45056K(45056K)->20512K(49152K) Eden: 10240K(10240K)->0K(11776K) From: 34816K(34816K)->20512K(37376K)
[2.240s][info][gc,heap        ] GC(70) ParOldGen: 274791K(303616K)->299695K(303616K)
[2.240s][info][gc,metaspace   ] GC(70) Metaspace: 6297K(6464K)->6297K(6464K) NonClass: 5764K(5824K)->5764K(5824K) Class: 533K(640K)->533K(640K)
[2.240s][info][gc             ] GC(70) Pause Young (Allocation Failure) 312M->312M(344M) 30.426ms
[2.240s][info][gc,cpu         ] GC(70) User=0.03s Sys=0.00s Real=0.03s
[2.240s][info][gc,start       ] GC(71) Pause Full (Ergonomics)
[2.240s][info][gc,phases,start] GC(71) Marking Phase
[2.363s][info][gc,phases      ] GC(71) Marking Phase 122.728ms
[2.363s][info][gc,phases,start] GC(71) Summary Phase
[2.363s][info][gc,phases      ] GC(71) Summary Phase 0.035ms
[2.363s][info][gc,phases,start] GC(71) Adjust Roots
[2.364s][info][gc,phases      ] GC(71) Adjust Roots 0.244ms
[2.364s][info][gc,phases,start] GC(71) Compaction Phase
[2.420s][info][gc,phases      ] GC(71) Compaction Phase 56.540ms
[2.420s][info][gc,phases,start] GC(71) Post Compact
[2.422s][info][gc,phases      ] GC(71) Post Compact 1.618ms
[2.422s][info][gc,heap        ] GC(71) PSYoungGen: 20512K(49152K)->16332K(50688K) Eden: 0K(11776K)->0K(13312K) From: 20512K(37376K)->16332K(37376K)
[2.422s][info][gc,heap        ] GC(71) ParOldGen: 299695K(303616K)->303198K(351232K)
[2.422s][info][gc,metaspace   ] GC(71) Metaspace: 6297K(6464K)->6297K(6464K) NonClass: 5764K(5824K)->5764K(5824K) Class: 533K(640K)->533K(640K)
[2.422s][info][gc             ] GC(71) Pause Full (Ergonomics) 312M->312M(392M) 181.879ms
[2.422s][info][gc,cpu         ] GC(71) User=0.31s Sys=0.00s Real=0.18s
[2.437s][info][gc,start       ] GC(72) Pause Young (Allocation Failure)
[2.483s][info][gc,heap        ] GC(72) PSYoungGen: 29644K(50688K)->13344K(52736K) Eden: 13312K(13312K)->0K(13312K) From: 16332K(37376K)->13344K(39424K)
[2.483s][info][gc,heap        ] GC(72) ParOldGen: 303198K(351232K)->319798K(351232K)
[2.483s][info][gc,metaspace   ] GC(72) Metaspace: 6297K(6464K)->6297K(6464K) NonClass: 5764K(5824K)->5764K(5824K) Class: 533K(640K)->533K(640K)
[2.483s][info][gc             ] GC(72) Pause Young (Allocation Failure) 325M->325M(394M) 45.461ms
[2.483s][info][gc,cpu         ] GC(72) User=0.05s Sys=0.02s Real=0.05s
[2.497s][info][gc,start       ] GC(73) Pause Young (Allocation Failure)
[2.519s][info][gc,heap        ] GC(73) PSYoungGen: 26656K(52736K)->13344K(53760K) Eden: 13312K(13312K)->0K(15360K) From: 13344K(39424K)->13344K(38400K)
[2.519s][info][gc,heap        ] GC(73) ParOldGen: 319798K(351232K)->333294K(351232K)
[2.519s][info][gc,metaspace   ] GC(73) Metaspace: 6297K(6464K)->6297K(6464K) NonClass: 5764K(5824K)->5764K(5824K) Class: 533K(640K)->533K(640K)
[2.519s][info][gc             ] GC(73) Pause Young (Allocation Failure) 338M->338M(395M) 21.986ms
[2.519s][info][gc,cpu         ] GC(73) User=0.03s Sys=0.00s Real=0.02s
[2.519s][info][gc,start       ] GC(74) Pause Full (Ergonomics)
[2.519s][info][gc,phases,start] GC(74) Marking Phase
[2.664s][info][gc,phases      ] GC(74) Marking Phase 144.363ms
[2.664s][info][gc,phases,start] GC(74) Summary Phase
[2.664s][info][gc,phases      ] GC(74) Summary Phase 0.039ms
[2.664s][info][gc,phases,start] GC(74) Adjust Roots
[2.664s][info][gc,phases      ] GC(74) Adjust Roots 0.262ms
[2.664s][info][gc,phases,start] GC(74) Compaction Phase
[2.727s][info][gc,phases      ] GC(74) Compaction Phase 63.200ms
[2.727s][info][gc,phases,start] GC(74) Post Compact
[2.730s][info][gc,phases      ] GC(74) Post Compact 2.094ms
[2.730s][info][gc,heap        ] GC(74) PSYoungGen: 13344K(53760K)->0K(53760K) Eden: 0K(15360K)->0K(15360K) From: 13344K(38400K)->0K(38400K)
[2.730s][info][gc,heap        ] GC(74) ParOldGen: 333294K(351232K)->346096K(400384K)
[2.730s][info][gc,metaspace   ] GC(74) Metaspace: 6297K(6464K)->6297K(6464K) NonClass: 5764K(5824K)->5764K(5824K) Class: 533K(640K)->533K(640K)
[2.730s][info][gc             ] GC(74) Pause Full (Ergonomics) 338M->337M(443M) 210.672ms
[2.730s][info][gc,cpu         ] GC(74) User=0.27s Sys=0.00s Real=0.21s
[2.807s][info][gc,start       ] GC(75) Pause Young (Allocation Failure)
[2.837s][info][gc,heap        ] GC(75) PSYoungGen: 15360K(53760K)->15392K(52736K) Eden: 15360K(15360K)->0K(16896K) From: 0K(38400K)->15392K(35840K)
[2.837s][info][gc,heap        ] GC(75) ParOldGen: 362480K(400384K)->362480K(400384K)
[2.837s][info][gc,metaspace   ] GC(75) Metaspace: 6297K(6464K)->6297K(6464K) NonClass: 5764K(5824K)->5764K(5824K) Class: 533K(640K)->533K(640K)
[2.837s][info][gc             ] GC(75) Pause Young (Allocation Failure) 368M->369M(442M) 29.774ms
[2.837s][info][gc,cpu         ] GC(75) User=0.03s Sys=0.00s Real=0.03s
[2.854s][info][gc,start       ] GC(76) Pause Young (Allocation Failure)
[2.876s][info][gc,heap        ] GC(76) PSYoungGen: 32288K(52736K)->32288K(54272K) Eden: 16896K(16896K)->0K(16896K) From: 15392K(35840K)->32288K(37376K)
[2.876s][info][gc,heap        ] GC(76) ParOldGen: 362480K(400384K)->362480K(400384K)
[2.876s][info][gc,metaspace   ] GC(76) Metaspace: 6297K(6464K)->6297K(6464K) NonClass: 5764K(5824K)->5764K(5824K) Class: 533K(640K)->533K(640K)
[2.876s][info][gc             ] GC(76) Pause Young (Allocation Failure) 385M->385M(444M) 21.873ms
[2.876s][info][gc,cpu         ] GC(76) User=0.03s Sys=0.00s Real=0.02s
[2.893s][info][gc,start       ] GC(77) Pause Young (Allocation Failure)
[2.928s][info][gc,heap        ] GC(77) PSYoungGen: 49184K(54272K)->40448K(50688K) Eden: 16896K(16896K)->0K(10240K) From: 32288K(37376K)->40448K(40448K)
[2.928s][info][gc,heap        ] GC(77) ParOldGen: 362480K(400384K)->371320K(400384K)
[2.928s][info][gc,metaspace   ] GC(77) Metaspace: 6297K(6464K)->6297K(6464K) NonClass: 5764K(5824K)->5764K(5824K) Class: 533K(640K)->533K(640K)
[2.928s][info][gc             ] GC(77) Pause Young (Allocation Failure) 402M->402M(440M) 35.398ms
[2.928s][info][gc,cpu         ] GC(77) User=0.06s Sys=0.03s Real=0.04s
[2.940s][info][gc,start       ] GC(78) Pause Young (Allocation Failure)
[2.974s][info][gc,heap        ] GC(78) PSYoungGen: 50688K(50688K)->23904K(34304K) Eden: 10240K(10240K)->0K(10240K) From: 40448K(40448K)->23904K(24064K)
[2.974s][info][gc,heap        ] GC(78) ParOldGen: 371320K(400384K)->398504K(400384K)
[2.974s][info][gc,metaspace   ] GC(78) Metaspace: 6297K(6464K)->6297K(6464K) NonClass: 5764K(5824K)->5764K(5824K) Class: 533K(640K)->533K(640K)
[2.974s][info][gc             ] GC(78) Pause Young (Allocation Failure) 412M->412M(424M) 34.526ms
[2.975s][info][gc,cpu         ] GC(78) User=0.09s Sys=0.00s Real=0.03s
[2.975s][info][gc,start       ] GC(79) Pause Full (Ergonomics)
[2.975s][info][gc,phases,start] GC(79) Marking Phase
[3.142s][info][gc,phases      ] GC(79) Marking Phase 166.875ms
[3.142s][info][gc,phases,start] GC(79) Summary Phase
[3.142s][info][gc,phases      ] GC(79) Summary Phase 0.024ms
[3.142s][info][gc,phases,start] GC(79) Adjust Roots
[3.142s][info][gc,phases      ] GC(79) Adjust Roots 0.228ms
[3.142s][info][gc,phases,start] GC(79) Compaction Phase
[3.239s][info][gc,phases      ] GC(79) Compaction Phase 96.917ms
[3.239s][info][gc,phases,start] GC(79) Post Compact
[3.241s][info][gc,phases      ] GC(79) Post Compact 2.014ms
[3.241s][info][gc,heap        ] GC(79) PSYoungGen: 23904K(34304K)->13606K(34304K) Eden: 0K(10240K)->0K(10240K) From: 23904K(24064K)->13606K(24064K)
[3.241s][info][gc,heap        ] GC(79) ParOldGen: 398504K(400384K)->399949K(462336K)
[3.241s][info][gc,metaspace   ] GC(79) Metaspace: 6297K(6464K)->6297K(6464K) NonClass: 5764K(5824K)->5764K(5824K) Class: 533K(640K)->533K(640K)
[3.241s][info][gc             ] GC(79) Pause Full (Ergonomics) 412M->403M(485M) 266.703ms
[3.241s][info][gc,cpu         ] GC(79) User=0.45s Sys=0.00s Real=0.27s
[3.254s][info][gc,start       ] GC(80) Pause Young (Allocation Failure)
[3.297s][info][gc,heap        ] GC(80) PSYoungGen: 23846K(34304K)->15904K(55296K) Eden: 10240K(10240K)->0K(11264K) From: 13606K(24064K)->15904K(44032K)
[3.297s][info][gc,heap        ] GC(80) ParOldGen: 399949K(462336K)->408045K(462336K)
[3.297s][info][gc,metaspace   ] GC(80) Metaspace: 6297K(6464K)->6297K(6464K) NonClass: 5764K(5824K)->5764K(5824K) Class: 533K(640K)->533K(640K)
[3.297s][info][gc             ] GC(80) Pause Young (Allocation Failure) 413M->414M(505M) 43.211ms
[3.297s][info][gc,cpu         ] GC(80) User=0.06s Sys=0.00s Real=0.04s
[3.309s][info][gc,start       ] GC(81) Pause Young (Allocation Failure)
[3.327s][info][gc,heap        ] GC(81) PSYoungGen: 27168K(55296K)->27168K(56832K) Eden: 11264K(11264K)->0K(11264K) From: 15904K(44032K)->27168K(45568K)
[3.327s][info][gc,heap        ] GC(81) ParOldGen: 408045K(462336K)->408045K(462336K)
[3.327s][info][gc,metaspace   ] GC(81) Metaspace: 6297K(6464K)->6297K(6464K) NonClass: 5764K(5824K)->5764K(5824K) Class: 533K(640K)->533K(640K)
[3.327s][info][gc             ] GC(81) Pause Young (Allocation Failure) 425M->425M(507M) 17.790ms
[3.327s][info][gc,cpu         ] GC(81) User=0.03s Sys=0.00s Real=0.02s
[3.338s][info][gc,start       ] GC(82) Pause Young (Allocation Failure)
[3.360s][info][gc,heap        ] GC(82) PSYoungGen: 38432K(56832K)->38432K(54272K) Eden: 11264K(11264K)->0K(9216K) From: 27168K(45568K)->38432K(45056K)
[3.361s][info][gc,heap        ] GC(82) ParOldGen: 408045K(462336K)->408045K(462336K)
[3.361s][info][gc,metaspace   ] GC(82) Metaspace: 6297K(6464K)->6297K(6464K) NonClass: 5764K(5824K)->5764K(5824K) Class: 533K(640K)->533K(640K)
[3.361s][info][gc             ] GC(82) Pause Young (Allocation Failure) 436M->436M(504M) 22.194ms
[3.361s][info][gc,cpu         ] GC(82) User=0.03s Sys=0.00s Real=0.02s
[3.370s][info][gc,start       ] GC(83) Pause Young (Allocation Failure)
[3.397s][info][gc,heap        ] GC(83) PSYoungGen: 47648K(54272K)->41984K(57856K) Eden: 9216K(9216K)->0K(9216K) From: 38432K(45056K)->41984K(48640K)
[3.397s][info][gc,heap        ] GC(83) ParOldGen: 408045K(462336K)->413789K(462336K)
[3.397s][info][gc,metaspace   ] GC(83) Metaspace: 6297K(6464K)->6297K(6464K) NonClass: 5764K(5824K)->5764K(5824K) Class: 533K(640K)->533K(640K)
[3.397s][info][gc             ] GC(83) Pause Young (Allocation Failure) 445M->445M(508M) 27.100ms
[3.397s][info][gc,cpu         ] GC(83) User=0.03s Sys=0.00s Real=0.03s
[3.407s][info][gc,start       ] GC(84) Pause Young (Allocation Failure)
[3.438s][info][gc,heap        ] GC(84) PSYoungGen: 51200K(57856K)->40960K(60928K) Eden: 9216K(9216K)->0K(8192K) From: 41984K(48640K)->40960K(52736K)
[3.438s][info][gc,heap        ] GC(84) ParOldGen: 413789K(462336K)->424165K(462336K)
[3.438s][info][gc,metaspace   ] GC(84) Metaspace: 6297K(6464K)->6297K(6464K) NonClass: 5764K(5824K)->5764K(5824K) Class: 533K(640K)->533K(640K)
[3.438s][info][gc             ] GC(84) Pause Young (Allocation Failure) 454M->454M(511M) 30.912ms
[3.438s][info][gc,cpu         ] GC(84) User=0.03s Sys=0.00s Real=0.03s
[3.446s][info][gc,start       ] GC(85) Pause Young (Allocation Failure)
[3.478s][info][gc,heap        ] GC(85) PSYoungGen: 49152K(60928K)->26592K(34816K) Eden: 8192K(8192K)->0K(8192K) From: 40960K(52736K)->26592K(26624K)
[3.478s][info][gc,heap        ] GC(85) ParOldGen: 424165K(462336K)->446989K(462336K)
[3.478s][info][gc,metaspace   ] GC(85) Metaspace: 6297K(6464K)->6297K(6464K) NonClass: 5764K(5824K)->5764K(5824K) Class: 533K(640K)->533K(640K)
[3.478s][info][gc             ] GC(85) Pause Young (Allocation Failure) 462M->462M(485M) 31.662ms
[3.478s][info][gc,cpu         ] GC(85) User=0.03s Sys=0.00s Real=0.03s
[3.478s][info][gc,start       ] GC(86) Pause Full (Ergonomics)
[3.478s][info][gc,phases,start] GC(86) Marking Phase
[3.665s][info][gc,phases      ] GC(86) Marking Phase 187.088ms
[3.665s][info][gc,phases,start] GC(86) Summary Phase
[3.665s][info][gc,phases      ] GC(86) Summary Phase 0.025ms
[3.665s][info][gc,phases,start] GC(86) Adjust Roots
[3.665s][info][gc,phases      ] GC(86) Adjust Roots 0.195ms
[3.665s][info][gc,phases,start] GC(86) Compaction Phase
[3.747s][info][gc,phases      ] GC(86) Compaction Phase 81.712ms
[3.747s][info][gc,phases,start] GC(86) Post Compact
[3.750s][info][gc,phases      ] GC(86) Post Compact 2.449ms
[3.750s][info][gc,heap        ] GC(86) PSYoungGen: 26592K(34816K)->10689K(34816K) Eden: 0K(8192K)->0K(8192K) From: 26592K(26624K)->10689K(26624K)
[3.750s][info][gc,heap        ] GC(86) ParOldGen: 446989K(462336K)->462068K(527872K)
[3.750s][info][gc,metaspace   ] GC(86) Metaspace: 6297K(6464K)->6297K(6464K) NonClass: 5764K(5824K)->5764K(5824K) Class: 533K(640K)->533K(640K)
[3.750s][info][gc             ] GC(86) Pause Full (Ergonomics) 462M->461M(549M) 272.144ms
[3.750s][info][gc,cpu         ] GC(86) User=0.47s Sys=0.00s Real=0.27s
[3.759s][info][gc,start       ] GC(87) Pause Young (Allocation Failure)
[3.805s][info][gc,heap        ] GC(87) PSYoungGen: 18881K(34816K)->11232K(61952K) Eden: 8192K(8192K)->0K(9216K) From: 10689K(26624K)->11232K(52736K)
[3.805s][info][gc,heap        ] GC(87) ParOldGen: 462068K(527872K)->469860K(527872K)
[3.806s][info][gc,metaspace   ] GC(87) Metaspace: 6297K(6464K)->6297K(6464K) NonClass: 5764K(5824K)->5764K(5824K) Class: 533K(640K)->533K(640K)
[3.806s][info][gc             ] GC(87) Pause Young (Allocation Failure) 469M->469M(576M) 46.312ms
[3.806s][info][gc,cpu         ] GC(87) User=0.06s Sys=0.00s Real=0.05s
[3.815s][info][gc,start       ] GC(88) Pause Young (Allocation Failure)
[3.831s][info][gc,heap        ] GC(88) PSYoungGen: 20448K(61952K)->17408K(62464K) Eden: 9216K(9216K)->0K(9216K) From: 11232K(52736K)->17408K(53248K)
[3.831s][info][gc,heap        ] GC(88) ParOldGen: 469860K(527872K)->472948K(527872K)
[3.831s][info][gc,metaspace   ] GC(88) Metaspace: 6297K(6464K)->6297K(6464K) NonClass: 5764K(5824K)->5764K(5824K) Class: 533K(640K)->533K(640K)
[3.831s][info][gc             ] GC(88) Pause Young (Allocation Failure) 478M->478M(576M) 15.756ms
[3.831s][info][gc,cpu         ] GC(88) User=0.00s Sys=0.00s Real=0.02s
[3.841s][info][gc,start       ] GC(89) Pause Young (Allocation Failure)
[3.860s][info][gc,heap        ] GC(89) PSYoungGen: 26624K(62464K)->18432K(60416K) Eden: 9216K(9216K)->0K(10752K) From: 17408K(53248K)->18432K(49664K)
[3.860s][info][gc,heap        ] GC(89) ParOldGen: 472948K(527872K)->481252K(527872K)
[3.860s][info][gc,metaspace   ] GC(89) Metaspace: 6297K(6464K)->6297K(6464K) NonClass: 5764K(5824K)->5764K(5824K) Class: 533K(640K)->533K(640K)
[3.860s][info][gc             ] GC(89) Pause Young (Allocation Failure) 487M->487M(574M) 19.742ms
[3.860s][info][gc,cpu         ] GC(89) User=0.02s Sys=0.02s Real=0.02s
[3.871s][info][gc,start       ] GC(90) Pause Young (Allocation Failure)
[3.892s][info][gc,heap        ] GC(90) PSYoungGen: 29184K(60416K)->19968K(30720K) Eden: 10752K(10752K)->0K(10752K) From: 18432K(49664K)->19968K(19968K)
[3.892s][info][gc,heap        ] GC(90) ParOldGen: 481252K(527872K)->490588K(527872K)
[3.892s][info][gc,metaspace   ] GC(90) Metaspace: 6297K(6464K)->6297K(6464K) NonClass: 5764K(5824K)->5764K(5824K) Class: 533K(640K)->533K(640K)
[3.892s][info][gc             ] GC(90) Pause Young (Allocation Failure) 498M->498M(545M) 20.944ms
[3.892s][info][gc,cpu         ] GC(90) User=0.03s Sys=0.00s Real=0.02s
[3.904s][info][gc,start       ] GC(91) Pause Young (Allocation Failure)
[3.926s][info][gc,heap        ] GC(91) PSYoungGen: 30720K(30720K)->21504K(57856K) Eden: 10752K(10752K)->0K(12800K) From: 19968K(19968K)->21504K(45056K)
[3.926s][info][gc,heap        ] GC(91) ParOldGen: 490588K(527872K)->499924K(527872K)
[3.926s][info][gc,metaspace   ] GC(91) Metaspace: 6297K(6464K)->6297K(6464K) NonClass: 5764K(5824K)->5764K(5824K) Class: 533K(640K)->533K(640K)
[3.926s][info][gc             ] GC(91) Pause Young (Allocation Failure) 509M->509M(572M) 21.940ms
[3.926s][info][gc,cpu         ] GC(91) User=0.03s Sys=0.00s Real=0.02s
[3.939s][info][gc,start       ] GC(92) Pause Young (Allocation Failure)
[3.965s][info][gc,heap        ] GC(92) PSYoungGen: 34304K(57856K)->12800K(59392K) Eden: 12800K(12800K)->0K(12800K) From: 21504K(45056K)->12800K(46592K)
[3.965s][info][gc,heap        ] GC(92) ParOldGen: 499924K(527872K)->521716K(527872K)
[3.965s][info][gc,metaspace   ] GC(92) Metaspace: 6297K(6464K)->6297K(6464K) NonClass: 5764K(5824K)->5764K(5824K) Class: 533K(640K)->533K(640K)
[3.965s][info][gc             ] GC(92) Pause Young (Allocation Failure) 521M->521M(573M) 26.346ms
[3.965s][info][gc,cpu         ] GC(92) User=0.02s Sys=0.02s Real=0.03s
[3.965s][info][gc,start       ] GC(93) Pause Full (Ergonomics)
[3.965s][info][gc,phases,start] GC(93) Marking Phase
[4.173s][info][gc,phases      ] GC(93) Marking Phase 208.081ms
[4.173s][info][gc,phases,start] GC(93) Summary Phase
[4.174s][info][gc,phases      ] GC(93) Summary Phase 0.046ms
[4.174s][info][gc,phases,start] GC(93) Adjust Roots
[4.174s][info][gc,phases      ] GC(93) Adjust Roots 0.248ms
[4.174s][info][gc,phases,start] GC(93) Compaction Phase
[4.262s][info][gc,phases      ] GC(93) Compaction Phase 87.955ms
[4.262s][info][gc,phases,start] GC(93) Post Compact
[4.263s][info][gc,phases      ] GC(93) Post Compact 1.135ms
[4.264s][info][gc,heap        ] GC(93) PSYoungGen: 12800K(59392K)->6126K(59392K) Eden: 0K(12800K)->0K(12800K) From: 12800K(46592K)->6126K(46592K)
[4.264s][info][gc,heap        ] GC(93) ParOldGen: 521716K(527872K)->527379K(595968K)
[4.264s][info][gc,metaspace   ] GC(93) Metaspace: 6297K(6464K)->6297K(6464K) NonClass: 5764K(5824K)->5764K(5824K) Class: 533K(640K)->533K(640K)
[4.264s][info][gc             ] GC(93) Pause Full (Ergonomics) 521M->521M(640M) 298.309ms
[4.264s][info][gc,cpu         ] GC(93) User=0.56s Sys=0.00s Real=0.30s
[4.277s][info][gc,start       ] GC(94) Pause Young (Allocation Failure)
[4.331s][info][gc,heap        ] GC(94) PSYoungGen: 18926K(59392K)->12800K(58880K) Eden: 12800K(12800K)->0K(14336K) From: 6126K(46592K)->12800K(44544K)
[4.331s][info][gc,heap        ] GC(94) ParOldGen: 527379K(595968K)->533611K(595968K)
[4.331s][info][gc,metaspace   ] GC(94) Metaspace: 6297K(6464K)->6297K(6464K) NonClass: 5764K(5824K)->5764K(5824K) Class: 533K(640K)->533K(640K)
[4.331s][info][gc             ] GC(94) Pause Young (Allocation Failure) 533M->533M(639M) 53.652ms
[4.331s][info][gc,cpu         ] GC(94) User=0.09s Sys=0.00s Real=0.05s
[4.347s][info][gc,start       ] GC(95) Pause Young (Allocation Failure)
[4.367s][info][gc,heap        ] GC(95) PSYoungGen: 27136K(58880K)->27168K(59904K) Eden: 14336K(14336K)->0K(14336K) From: 12800K(44544K)->27168K(45568K)
[4.367s][info][gc,heap        ] GC(95) ParOldGen: 533611K(595968K)->533611K(595968K)
[4.367s][info][gc,metaspace   ] GC(95) Metaspace: 6297K(6464K)->6297K(6464K) NonClass: 5764K(5824K)->5764K(5824K) Class: 533K(640K)->533K(640K)
[4.367s][info][gc             ] GC(95) Pause Young (Allocation Failure) 547M->547M(640M) 20.071ms
[4.367s][info][gc,cpu         ] GC(95) User=0.03s Sys=0.00s Real=0.02s
[4.382s][info][gc,start       ] GC(96) Pause Young (Allocation Failure)
[4.412s][info][gc,heap        ] GC(96) PSYoungGen: 41504K(59904K)->28704K(60928K) Eden: 14336K(14336K)->0K(15872K) From: 27168K(45568K)->28704K(45056K)
[4.412s][info][gc,heap        ] GC(96) ParOldGen: 533611K(595968K)->546587K(595968K)
[4.412s][info][gc,metaspace   ] GC(96) Metaspace: 6297K(6464K)->6297K(6464K) NonClass: 5764K(5824K)->5764K(5824K) Class: 533K(640K)->533K(640K)
[4.412s][info][gc             ] GC(96) Pause Young (Allocation Failure) 561M->561M(641M) 29.697ms
[4.412s][info][gc,cpu         ] GC(96) User=0.02s Sys=0.02s Real=0.03s
[4.428s][info][gc,start       ] GC(97) Pause Young (Allocation Failure)
[4.460s][info][gc,heap        ] GC(97) PSYoungGen: 44576K(60928K)->30240K(61440K) Eden: 15872K(15872K)->0K(15872K) From: 28704K(45056K)->30240K(45568K)
[4.460s][info][gc,heap        ] GC(97) ParOldGen: 546587K(595968K)->561123K(595968K)
[4.460s][info][gc,metaspace   ] GC(97) Metaspace: 6297K(6464K)->6297K(6464K) NonClass: 5764K(5824K)->5764K(5824K) Class: 533K(640K)->533K(640K)
[4.460s][info][gc             ] GC(97) Pause Young (Allocation Failure) 577M->577M(642M) 31.797ms
[4.460s][info][gc,cpu         ] GC(97) User=0.03s Sys=0.00s Real=0.03s
[4.477s][info][gc,start       ] GC(98) Pause Young (Allocation Failure)
[4.509s][info][gc,heap        ] GC(98) PSYoungGen: 46112K(61440K)->31776K(64000K) Eden: 15872K(15872K)->0K(17920K) From: 30240K(45568K)->31776K(46080K)
[4.510s][info][gc,heap        ] GC(98) ParOldGen: 561123K(595968K)->575659K(595968K)
[4.510s][info][gc,metaspace   ] GC(98) Metaspace: 6297K(6464K)->6297K(6464K) NonClass: 5764K(5824K)->5764K(5824K) Class: 533K(640K)->533K(640K)
[4.510s][info][gc             ] GC(98) Pause Young (Allocation Failure) 593M->593M(644M) 32.159ms
[4.510s][info][gc,cpu         ] GC(98) User=0.03s Sys=0.00s Real=0.03s
[4.510s][info][gc,start       ] GC(99) Pause Full (Ergonomics)
[4.510s][info][gc,phases,start] GC(99) Marking Phase
[4.762s][info][gc,phases      ] GC(99) Marking Phase 252.033ms
[4.762s][info][gc,phases,start] GC(99) Summary Phase
[4.762s][info][gc,phases      ] GC(99) Summary Phase 0.050ms
[4.762s][info][gc,phases,start] GC(99) Adjust Roots
[4.762s][info][gc,phases      ] GC(99) Adjust Roots 0.247ms
[4.762s][info][gc,phases,start] GC(99) Compaction Phase
[4.875s][info][gc,phases      ] GC(99) Compaction Phase 112.848ms
[4.875s][info][gc,phases,start] GC(99) Post Compact
[4.876s][info][gc,phases      ] GC(99) Post Compact 1.236ms
[4.877s][info][gc,heap        ] GC(99) PSYoungGen: 31776K(64000K)->10734K(64000K) Eden: 0K(17920K)->0K(17920K) From: 31776K(46080K)->10734K(46080K)
[4.877s][info][gc,heap        ] GC(99) ParOldGen: 575659K(595968K)->595829K(669696K)
[4.877s][info][gc,metaspace   ] GC(99) Metaspace: 6297K(6464K)->6297K(6464K) NonClass: 5764K(5824K)->5764K(5824K) Class: 533K(640K)->533K(640K)
[4.877s][info][gc             ] GC(99) Pause Full (Ergonomics) 593M->592M(716M) 367.086ms
[4.877s][info][gc,cpu         ] GC(99) User=0.70s Sys=0.00s Real=0.37s
[4.897s][info][gc,start       ] GC(100) Pause Young (Allocation Failure)
[4.960s][info][gc,heap        ] GC(100) PSYoungGen: 28654K(64000K)->23200K(64512K) Eden: 17920K(17920K)->0K(17920K) From: 10734K(46080K)->23200K(46592K)
[4.960s][info][gc,heap        ] GC(100) ParOldGen: 595829K(669696K)->601429K(669696K)
[4.960s][info][gc,metaspace   ] GC(100) Metaspace: 6297K(6464K)->6297K(6464K) NonClass: 5764K(5824K)->5764K(5824K) Class: 533K(640K)->533K(640K)
[4.960s][info][gc             ] GC(100) Pause Young (Allocation Failure) 609M->609M(717M) 62.395ms
[4.960s][info][gc,cpu         ] GC(100) User=0.09s Sys=0.00s Real=0.06s
[4.981s][info][gc,start       ] GC(101) Pause Young (Allocation Failure)
[5.011s][info][gc,heap        ] GC(101) PSYoungGen: 41120K(64512K)->41120K(59904K) Eden: 17920K(17920K)->0K(15360K) From: 23200K(46592K)->41120K(44544K)
[5.011s][info][gc,heap        ] GC(101) ParOldGen: 601429K(669696K)->601429K(669696K)
[5.011s][info][gc,metaspace   ] GC(101) Metaspace: 6297K(6464K)->6297K(6464K) NonClass: 5764K(5824K)->5764K(5824K) Class: 533K(640K)->533K(640K)
[5.011s][info][gc             ] GC(101) Pause Young (Allocation Failure) 627M->627M(712M) 30.177ms
[5.011s][info][gc,cpu         ] GC(101) User=0.03s Sys=0.00s Real=0.03s
[5.028s][info][gc,start       ] GC(102) Pause Young (Allocation Failure)
[5.067s][info][gc,heap        ] GC(102) PSYoungGen: 56480K(59904K)->49152K(64512K) Eden: 15360K(15360K)->0K(15360K) From: 41120K(44544K)->49152K(49152K)
[5.067s][info][gc,heap        ] GC(102) ParOldGen: 601429K(669696K)->608821K(669696K)
[5.067s][info][gc,metaspace   ] GC(102) Metaspace: 6297K(6464K)->6297K(6464K) NonClass: 5764K(5824K)->5764K(5824K) Class: 533K(640K)->533K(640K)
[5.067s][info][gc             ] GC(102) Pause Young (Allocation Failure) 642M->642M(717M) 38.263ms
[5.067s][info][gc,cpu         ] GC(102) User=0.06s Sys=0.00s Real=0.04s
[5.084s][info][gc,start       ] GC(103) Pause Young (Allocation Failure)
[5.129s][info][gc,heap        ] GC(103) PSYoungGen: 64512K(64512K)->44576K(72192K) Eden: 15360K(15360K)->0K(14336K) From: 49152K(49152K)->44576K(57856K)
[5.129s][info][gc,heap        ] GC(103) ParOldGen: 608821K(669696K)->629077K(669696K)
[5.129s][info][gc,metaspace   ] GC(103) Metaspace: 6297K(6464K)->6297K(6464K) NonClass: 5764K(5824K)->5764K(5824K) Class: 533K(640K)->533K(640K)
[5.129s][info][gc             ] GC(103) Pause Young (Allocation Failure) 657M->657M(724M) 44.593ms
[5.129s][info][gc,cpu         ] GC(103) User=0.05s Sys=0.02s Real=0.04s
[5.147s][info][gc,start       ] GC(104) Pause Young (Allocation Failure)
[5.185s][info][gc,heap        ] GC(104) PSYoungGen: 58912K(72192K)->43360K(75264K) Eden: 14336K(14336K)->0K(14336K) From: 44576K(57856K)->43360K(60928K)
[5.185s][info][gc,heap        ] GC(104) ParOldGen: 629077K(669696K)->644861K(669696K)
[5.185s][info][gc,metaspace   ] GC(104) Metaspace: 6297K(6464K)->6297K(6464K) NonClass: 5764K(5824K)->5764K(5824K) Class: 533K(640K)->533K(640K)
[5.185s][info][gc             ] GC(104) Pause Young (Allocation Failure) 671M->672M(727M) 38.859ms
[5.185s][info][gc,cpu         ] GC(104) User=0.06s Sys=0.00s Real=0.04s
[5.185s][info][gc,start       ] GC(105) Pause Full (Ergonomics)
[5.186s][info][gc,phases,start] GC(105) Marking Phase
[5.454s][info][gc,phases      ] GC(105) Marking Phase 268.823ms
[5.454s][info][gc,phases,start] GC(105) Summary Phase
[5.454s][info][gc,phases      ] GC(105) Summary Phase 0.020ms
[5.454s][info][gc,phases,start] GC(105) Adjust Roots
[5.455s][info][gc,phases      ] GC(105) Adjust Roots 0.251ms
[5.455s][info][gc,phases,start] GC(105) Compaction Phase
[5.570s][info][gc,phases      ] GC(105) Compaction Phase 115.651ms
[5.570s][info][gc,phases,start] GC(105) Post Compact
[5.572s][info][gc,phases      ] GC(105) Post Compact 1.514ms
[5.572s][info][gc,heap        ] GC(105) PSYoungGen: 43360K(75264K)->17677K(75264K) Eden: 0K(14336K)->0K(14336K) From: 43360K(60928K)->17677K(60928K)
[5.572s][info][gc,heap        ] GC(105) ParOldGen: 644861K(669696K)->669628K(751104K)
[5.572s][info][gc,metaspace   ] GC(105) Metaspace: 6297K(6464K)->6297K(6464K) NonClass: 5764K(5824K)->5764K(5824K) Class: 533K(640K)->533K(640K)
[5.572s][info][gc             ] GC(105) Pause Full (Ergonomics) 672M->671M(807M) 386.943ms
[5.572s][info][gc,cpu         ] GC(105) User=0.75s Sys=0.03s Real=0.39s
[5.590s][info][gc,start       ] GC(106) Pause Young (Allocation Failure)
[5.659s][info][gc,heap        ] GC(106) PSYoungGen: 32013K(75264K)->26496K(73728K) Eden: 14336K(14336K)->0K(15872K) From: 17677K(60928K)->26496K(57856K)
[5.659s][info][gc,heap        ] GC(106) ParOldGen: 669628K(751104K)->675316K(751104K)
[5.659s][info][gc,metaspace   ] GC(106) Metaspace: 6297K(6464K)->6297K(6464K) NonClass: 5764K(5824K)->5764K(5824K) Class: 533K(640K)->533K(640K)
[5.659s][info][gc             ] GC(106) Pause Young (Allocation Failure) 685M->685M(805M) 68.643ms
[5.659s][info][gc,cpu         ] GC(106) User=0.12s Sys=0.02s Real=0.07s
[5.818s][info][gc,start       ] GC(107) Pause Young (Allocation Failure)
[5.878s][info][gc,heap        ] GC(107) PSYoungGen: 42368K(73728K)->42336K(76288K) Eden: 15872K(15872K)->0K(15872K) From: 26496K(57856K)->42336K(60416K)
[5.878s][info][gc,heap        ] GC(107) ParOldGen: 708084K(751104K)->708084K(751104K)
[5.878s][info][gc,metaspace   ] GC(107) Metaspace: 6297K(6464K)->6297K(6464K) NonClass: 5764K(5824K)->5764K(5824K) Class: 533K(640K)->533K(640K)
[5.878s][info][gc             ] GC(107) Pause Young (Allocation Failure) 732M->732M(808M) 59.808ms
[5.878s][info][gc,cpu         ] GC(107) User=0.09s Sys=0.00s Real=0.06s
[5.894s][info][gc,start       ] GC(108) Pause Young (Allocation Failure)
[5.934s][info][gc,heap        ] GC(108) PSYoungGen: 58208K(76288K)->58240K(72704K) Eden: 15872K(15872K)->0K(11264K) From: 42336K(60416K)->58240K(61440K)
[5.934s][info][gc,heap        ] GC(108) ParOldGen: 708084K(751104K)->708084K(751104K)
[5.934s][info][gc,metaspace   ] GC(108) Metaspace: 6297K(6464K)->6297K(6464K) NonClass: 5764K(5824K)->5764K(5824K) Class: 533K(640K)->533K(640K)
[5.934s][info][gc             ] GC(108) Pause Young (Allocation Failure) 748M->748M(804M) 39.466ms
[5.934s][info][gc,cpu         ] GC(108) User=0.06s Sys=0.00s Real=0.04s
[5.945s][info][gc,start       ] GC(109) Pause Young (Allocation Failure)
[5.986s][info][gc,heap        ] GC(109) PSYoungGen: 69504K(72704K)->68096K(79360K) Eden: 11264K(11264K)->0K(11264K) From: 58240K(61440K)->68096K(68096K)
[5.986s][info][gc,heap        ] GC(109) ParOldGen: 708084K(751104K)->709460K(751104K)
[5.986s][info][gc,metaspace   ] GC(109) Metaspace: 6297K(6464K)->6297K(6464K) NonClass: 5764K(5824K)->5764K(5824K) Class: 533K(640K)->533K(640K)
[5.986s][info][gc             ] GC(109) Pause Young (Allocation Failure) 759M->759M(811M) 41.128ms
[5.986s][info][gc,cpu         ] GC(109) User=0.06s Sys=0.00s Real=0.04s
[5.997s][info][gc,start       ] GC(110) Pause Young (Allocation Failure)
[6.052s][info][gc,heap        ] GC(110) PSYoungGen: 79360K(79360K)->67552K(83968K) Eden: 11264K(11264K)->0K(6144K) From: 68096K(68096K)->67552K(77824K)
[6.052s][info][gc,heap        ] GC(110) ParOldGen: 709460K(751104K)->721492K(751104K)
[6.052s][info][gc,metaspace   ] GC(110) Metaspace: 6297K(6464K)->6297K(6464K) NonClass: 5764K(5824K)->5764K(5824K) Class: 533K(640K)->533K(640K)
[6.052s][info][gc             ] GC(110) Pause Young (Allocation Failure) 770M->770M(815M) 54.830ms
[6.052s][info][gc,cpu         ] GC(110) User=0.09s Sys=0.00s Real=0.06s
[6.059s][info][gc,start       ] GC(111) Pause Young (Allocation Failure)
[6.107s][info][gc,heap        ] GC(111) PSYoungGen: 73696K(83968K)->44352K(50688K) Eden: 6144K(6144K)->0K(6144K) From: 67552K(77824K)->44352K(44544K)
[6.107s][info][gc,heap        ] GC(111) ParOldGen: 721492K(751104K)->751196K(751616K)
[6.107s][info][gc,metaspace   ] GC(111) Metaspace: 6297K(6464K)->6297K(6464K) NonClass: 5764K(5824K)->5764K(5824K) Class: 533K(640K)->533K(640K)
[6.107s][info][gc             ] GC(111) Pause Young (Allocation Failure) 776M->776M(783M) 47.867ms
[6.107s][info][gc,cpu         ] GC(111) User=0.06s Sys=0.00s Real=0.05s
[6.107s][info][gc,start       ] GC(112) Pause Full (Ergonomics)
[6.107s][info][gc,phases,start] GC(112) Marking Phase
[6.414s][info][gc,phases      ] GC(112) Marking Phase 307.034ms
[6.414s][info][gc,phases,start] GC(112) Summary Phase
[6.414s][info][gc,phases      ] GC(112) Summary Phase 0.022ms
[6.415s][info][gc,phases,start] GC(112) Adjust Roots
[6.415s][info][gc,phases      ] GC(112) Adjust Roots 0.228ms
[6.415s][info][gc,phases,start] GC(112) Compaction Phase
[6.581s][info][gc,phases      ] GC(112) Compaction Phase 166.661ms
[6.581s][info][gc,phases,start] GC(112) Post Compact
[6.583s][info][gc,phases      ] GC(112) Post Compact 1.613ms
[6.583s][info][gc,heap        ] GC(112) PSYoungGen: 44352K(50688K)->26858K(50688K) Eden: 0K(6144K)->0K(6144K) From: 44352K(44544K)->26858K(44544K)
[6.584s][info][gc,heap        ] GC(112) ParOldGen: 751196K(751616K)->751397K(843264K)
[6.584s][info][gc,metaspace   ] GC(112) Metaspace: 6297K(6464K)->6297K(6464K) NonClass: 5764K(5824K)->5764K(5824K) Class: 533K(640K)->533K(640K)
[6.584s][info][gc             ] GC(112) Pause Full (Ergonomics) 776M->760M(873M) 476.201ms
[6.584s][info][gc,cpu         ] GC(112) User=0.84s Sys=0.02s Real=0.48s
[6.592s][info][gc,start       ] GC(113) Pause Young (Allocation Failure)
[6.665s][info][gc,heap        ] GC(113) PSYoungGen: 33002K(50688K)->16480K(88576K) Eden: 6144K(6144K)->0K(7168K) From: 26858K(44544K)->16480K(81408K)
[6.665s][info][gc,heap        ] GC(113) ParOldGen: 751397K(843264K)->768229K(843264K)
[6.665s][info][gc,metaspace   ] GC(113) Metaspace: 6297K(6464K)->6297K(6464K) NonClass: 5764K(5824K)->5764K(5824K) Class: 533K(640K)->533K(640K)
[6.665s][info][gc             ] GC(113) Pause Young (Allocation Failure) 766M->766M(910M) 73.349ms
[6.665s][info][gc,cpu         ] GC(113) User=0.12s Sys=0.00s Real=0.07s
[6.672s][info][gc,start       ] GC(114) Pause Young (Allocation Failure)
[6.690s][info][gc,heap        ] GC(114) PSYoungGen: 23648K(88576K)->16768K(89088K) Eden: 7168K(7168K)->0K(7168K) From: 16480K(81408K)->16768K(81920K)
[6.690s][info][gc,heap        ] GC(114) ParOldGen: 768229K(843264K)->775221K(843264K)
[6.690s][info][gc,metaspace   ] GC(114) Metaspace: 6297K(6464K)->6297K(6464K) NonClass: 5764K(5824K)->5764K(5824K) Class: 533K(640K)->533K(640K)
[6.690s][info][gc             ] GC(114) Pause Young (Allocation Failure) 773M->773M(910M) 17.324ms
[6.690s][info][gc,cpu         ] GC(114) User=0.00s Sys=0.00s Real=0.02s
[6.697s][info][gc,start       ] GC(115) Pause Young (Allocation Failure)
[6.714s][info][gc,heap        ] GC(115) PSYoungGen: 23936K(89088K)->20448K(86528K) Eden: 7168K(7168K)->0K(8192K) From: 16768K(81920K)->20448K(78336K)
[6.714s][info][gc,heap        ] GC(115) ParOldGen: 775221K(843264K)->778709K(843264K)
[6.714s][info][gc,metaspace   ] GC(115) Metaspace: 6297K(6464K)->6297K(6464K) NonClass: 5764K(5824K)->5764K(5824K) Class: 533K(640K)->533K(640K)
[6.714s][info][gc             ] GC(115) Pause Young (Allocation Failure) 780M->780M(908M) 17.489ms
[6.714s][info][gc,cpu         ] GC(115) User=0.03s Sys=0.00s Real=0.02s
[6.722s][info][gc,start       ] GC(116) Pause Young (Allocation Failure)
[6.744s][info][gc,heap        ] GC(116) PSYoungGen: 28640K(86528K)->15360K(88064K) Eden: 8192K(8192K)->0K(8192K) From: 20448K(78336K)->15360K(79872K)
[6.744s][info][gc,heap        ] GC(116) ParOldGen: 778709K(843264K)->792181K(843264K)
[6.744s][info][gc,metaspace   ] GC(116) Metaspace: 6297K(6464K)->6297K(6464K) NonClass: 5764K(5824K)->5764K(5824K) Class: 533K(640K)->533K(640K)
[6.744s][info][gc             ] GC(116) Pause Young (Allocation Failure) 788M->788M(909M) 21.573ms
[6.744s][info][gc,cpu         ] GC(116) User=0.03s Sys=0.00s Real=0.02s
[6.752s][info][gc,start       ] GC(117) Pause Young (Allocation Failure)
[6.773s][info][gc,heap        ] GC(117) PSYoungGen: 23552K(88064K)->8192K(87552K) Eden: 8192K(8192K)->0K(9728K) From: 15360K(79872K)->8192K(77824K)
[6.773s][info][gc,heap        ] GC(117) ParOldGen: 792181K(843264K)->807733K(843264K)
[6.773s][info][gc,metaspace   ] GC(117) Metaspace: 6297K(6464K)->6297K(6464K) NonClass: 5764K(5824K)->5764K(5824K) Class: 533K(640K)->533K(640K)
[6.773s][info][gc             ] GC(117) Pause Young (Allocation Failure) 796M->796M(909M) 20.958ms
[6.773s][info][gc,cpu         ] GC(117) User=0.03s Sys=0.03s Real=0.02s
[6.784s][info][gc,start       ] GC(118) Pause Young (Allocation Failure)
[6.800s][info][gc,heap        ] GC(118) PSYoungGen: 17920K(87552K)->9760K(88064K) Eden: 9728K(9728K)->0K(9728K) From: 8192K(77824K)->9760K(78336K)
[6.800s][info][gc,heap        ] GC(118) ParOldGen: 807733K(843264K)->816029K(843264K)
[6.800s][info][gc,metaspace   ] GC(118) Metaspace: 6297K(6464K)->6297K(6464K) NonClass: 5764K(5824K)->5764K(5824K) Class: 533K(640K)->533K(640K)
[6.800s][info][gc             ] GC(118) Pause Young (Allocation Failure) 806M->806M(909M) 16.406ms
[6.800s][info][gc,cpu         ] GC(118) User=0.06s Sys=0.00s Real=0.02s
[6.810s][info][gc,start       ] GC(119) Pause Young (Allocation Failure)
[6.828s][info][gc,heap        ] GC(119) PSYoungGen: 19488K(88064K)->9760K(85504K) Eden: 9728K(9728K)->0K(11264K) From: 9760K(78336K)->9760K(74240K)
[6.828s][info][gc,heap        ] GC(119) ParOldGen: 816029K(843264K)->825885K(843264K)
[6.828s][info][gc,metaspace   ] GC(119) Metaspace: 6297K(6464K)->6297K(6464K) NonClass: 5764K(5824K)->5764K(5824K) Class: 533K(640K)->533K(640K)
[6.828s][info][gc             ] GC(119) Pause Young (Allocation Failure) 815M->816M(907M) 17.745ms
[6.828s][info][gc,cpu         ] GC(119) User=0.03s Sys=0.00s Real=0.02s
[6.828s][info][gc,start       ] GC(120) Pause Full (Ergonomics)
[6.828s][info][gc,phases,start] GC(120) Marking Phase
[7.151s][info][gc,phases      ] GC(120) Marking Phase 322.947ms
[7.151s][info][gc,phases,start] GC(120) Summary Phase
[7.151s][info][gc,phases      ] GC(120) Summary Phase 0.033ms
[7.151s][info][gc,phases,start] GC(120) Adjust Roots
[7.151s][info][gc,phases      ] GC(120) Adjust Roots 0.252ms
[7.151s][info][gc,phases,start] GC(120) Compaction Phase
[7.281s][info][gc,phases      ] GC(120) Compaction Phase 130.180ms
[7.282s][info][gc,phases,start] GC(120) Post Compact
[7.283s][info][gc,phases      ] GC(120) Post Compact 1.505ms
[7.284s][info][gc,heap        ] GC(120) PSYoungGen: 9760K(85504K)->0K(87040K) Eden: 0K(11264K)->0K(11264K) From: 9760K(74240K)->0K(75776K)
[7.284s][info][gc,heap        ] GC(120) ParOldGen: 825885K(843264K)->834360K(929792K)
[7.284s][info][gc,metaspace   ] GC(120) Metaspace: 6297K(6464K)->6297K(6464K) NonClass: 5764K(5824K)->5764K(5824K) Class: 533K(640K)->533K(640K)
[7.284s][info][gc             ] GC(120) Pause Full (Ergonomics) 816M->814M(993M) 455.685ms
[7.284s][info][gc,cpu         ] GC(120) User=0.89s Sys=0.00s Real=0.46s
[7.295s][info][gc,start       ] GC(121) Pause Young (Allocation Failure)
[7.308s][info][gc,heap        ] GC(121) PSYoungGen: 11264K(87040K)->11264K(82944K) Eden: 11264K(11264K)->0K(12800K) From: 0K(75776K)->11264K(70144K)
[7.308s][info][gc,heap        ] GC(121) ParOldGen: 834360K(929792K)->834360K(929792K)
[7.308s][info][gc,metaspace   ] GC(121) Metaspace: 6297K(6464K)->6297K(6464K) NonClass: 5764K(5824K)->5764K(5824K) Class: 533K(640K)->533K(640K)
[7.308s][info][gc             ] GC(121) Pause Young (Allocation Failure) 825M->825M(989M) 12.224ms
[7.308s][info][gc,cpu         ] GC(121) User=0.00s Sys=0.00s Real=0.01s
[7.323s][info][gc,start       ] GC(122) Pause Young (Allocation Failure)
[7.343s][info][gc,heap        ] GC(122) PSYoungGen: 24064K(82944K)->24096K(37376K) Eden: 12800K(12800K)->0K(12800K) From: 11264K(70144K)->24096K(24576K)
[7.344s][info][gc,heap        ] GC(122) ParOldGen: 834360K(929792K)->834360K(929792K)
[7.344s][info][gc,metaspace   ] GC(122) Metaspace: 6297K(6464K)->6297K(6464K) NonClass: 5764K(5824K)->5764K(5824K) Class: 533K(640K)->533K(640K)
[7.344s][info][gc             ] GC(122) Pause Young (Allocation Failure) 838M->838M(944M) 20.611ms
[7.344s][info][gc,cpu         ] GC(122) User=0.03s Sys=0.00s Real=0.02s
[7.357s][info][gc,start       ] GC(123) Pause Young (Allocation Failure)
[7.382s][info][gc,heap        ] GC(123) PSYoungGen: 36896K(37376K)->36864K(82944K) Eden: 12800K(12800K)->0K(14336K) From: 24096K(24576K)->36864K(68608K)
[7.383s][info][gc,heap        ] GC(123) ParOldGen: 834360K(929792K)->834360K(929792K)
[7.383s][info][gc,metaspace   ] GC(123) Metaspace: 6297K(6464K)->6297K(6464K) NonClass: 5764K(5824K)->5764K(5824K) Class: 533K(640K)->533K(640K)
[7.383s][info][gc             ] GC(123) Pause Young (Allocation Failure) 850M->850M(989M) 25.075ms
[7.383s][info][gc,cpu         ] GC(123) User=0.03s Sys=0.00s Real=0.02s
[7.398s][info][gc,start       ] GC(124) Pause Young (Allocation Failure)
[7.433s][info][gc,heap        ] GC(124) PSYoungGen: 51200K(82944K)->39968K(82944K) Eden: 14336K(14336K)->0K(14336K) From: 36864K(68608K)->39968K(68608K)
[7.433s][info][gc,heap        ] GC(124) ParOldGen: 834360K(929792K)->845784K(929792K)
[7.433s][info][gc,metaspace   ] GC(124) Metaspace: 6297K(6464K)->6297K(6464K) NonClass: 5764K(5824K)->5764K(5824K) Class: 533K(640K)->533K(640K)
[7.433s][info][gc             ] GC(124) Pause Young (Allocation Failure) 864M->864M(989M) 35.011ms
[7.433s][info][gc,cpu         ] GC(124) User=0.06s Sys=0.00s Real=0.04s
[7.448s][info][gc,start       ] GC(125) Pause Young (Allocation Failure)
[7.484s][info][gc,heap        ] GC(125) PSYoungGen: 54304K(82944K)->41472K(84992K) Eden: 14336K(14336K)->0K(15360K) From: 39968K(68608K)->41472K(69632K)
[7.485s][info][gc,heap        ] GC(125) ParOldGen: 845784K(929792K)->858752K(929792K)
[7.485s][info][gc,metaspace   ] GC(125) Metaspace: 6297K(6464K)->6297K(6464K) NonClass: 5764K(5824K)->5764K(5824K) Class: 533K(640K)->533K(640K)
[7.485s][info][gc             ] GC(125) Pause Young (Allocation Failure) 878M->879M(991M) 36.827ms
[7.485s][info][gc,cpu         ] GC(125) User=0.05s Sys=0.02s Real=0.04s
[7.501s][info][gc,start       ] GC(126) Pause Young (Allocation Failure)
[7.540s][info][gc,heap        ] GC(126) PSYoungGen: 56832K(84992K)->44064K(86016K) Eden: 15360K(15360K)->0K(15360K) From: 41472K(69632K)->44064K(70656K)
[7.540s][info][gc,heap        ] GC(126) ParOldGen: 858752K(929792K)->871712K(929792K)
[7.540s][info][gc,metaspace   ] GC(126) Metaspace: 6297K(6464K)->6297K(6464K) NonClass: 5764K(5824K)->5764K(5824K) Class: 533K(640K)->533K(640K)
[7.540s][info][gc             ] GC(126) Pause Young (Allocation Failure) 894M->894M(992M) 38.686ms
[7.540s][info][gc,cpu         ] GC(126) User=0.06s Sys=0.00s Real=0.04s
[7.556s][info][gc,start       ] GC(127) Pause Young (Allocation Failure)
[7.597s][info][gc,heap        ] GC(127) PSYoungGen: 59424K(86016K)->30752K(81408K) Eden: 15360K(15360K)->0K(17408K) From: 44064K(70656K)->30752K(64000K)
[7.597s][info][gc,heap        ] GC(127) ParOldGen: 871712K(929792K)->900768K(929792K)
[7.597s][info][gc,metaspace   ] GC(127) Metaspace: 6297K(6464K)->6297K(6464K) NonClass: 5764K(5824K)->5764K(5824K) Class: 533K(640K)->533K(640K)
[7.597s][info][gc             ] GC(127) Pause Young (Allocation Failure) 909M->909M(987M) 41.784ms
[7.597s][info][gc,cpu         ] GC(127) User=0.06s Sys=0.00s Real=0.04s
[7.616s][info][gc,start       ] GC(128) Pause Young (Allocation Failure)
[7.653s][info][gc,heap        ] GC(128) PSYoungGen: 48160K(81408K)->17440K(85504K) Eden: 17408K(17408K)->0K(17408K) From: 30752K(64000K)->17440K(68096K)
[7.653s][info][gc,heap        ] GC(128) ParOldGen: 900768K(929792K)->931920K(932352K)
[7.653s][info][gc,metaspace   ] GC(128) Metaspace: 6297K(6464K)->6297K(6464K) NonClass: 5764K(5824K)->5764K(5824K) Class: 533K(640K)->533K(640K)
[7.653s][info][gc             ] GC(128) Pause Young (Allocation Failure) 926M->927M(994M) 37.521ms
[7.653s][info][gc,cpu         ] GC(128) User=0.05s Sys=0.02s Real=0.04s
[7.653s][info][gc,start       ] GC(129) Pause Full (Ergonomics)
[7.653s][info][gc,phases,start] GC(129) Marking Phase
[8.019s][info][gc,phases      ] GC(129) Marking Phase 365.762ms
[8.019s][info][gc,phases,start] GC(129) Summary Phase
[8.019s][info][gc,phases      ] GC(129) Summary Phase 0.029ms
[8.019s][info][gc,phases,start] GC(129) Adjust Roots
[8.020s][info][gc,phases      ] GC(129) Adjust Roots 0.220ms
[8.020s][info][gc,phases,start] GC(129) Compaction Phase
[8.171s][info][gc,phases      ] GC(129) Compaction Phase 151.725ms
[8.171s][info][gc,phases,start] GC(129) Post Compact
[8.173s][info][gc,phases      ] GC(129) Post Compact 1.779ms
[8.174s][info][gc,heap        ] GC(129) PSYoungGen: 17440K(85504K)->15843K(85504K) Eden: 0K(17408K)->0K(17408K) From: 17440K(68096K)->15843K(68096K)
[8.174s][info][gc,heap        ] GC(129) ParOldGen: 931920K(932352K)->931925K(1045504K)
[8.174s][info][gc,metaspace   ] GC(129) Metaspace: 6297K(6464K)->6297K(6464K) NonClass: 5764K(5824K)->5764K(5824K) Class: 533K(640K)->533K(640K)
[8.174s][info][gc             ] GC(129) Pause Full (Ergonomics) 927M->925M(1104M) 520.439ms
[8.174s][info][gc,cpu         ] GC(129) User=0.94s Sys=0.00s Real=0.52s
[8.192s][info][gc,start       ] GC(130) Pause Young (Allocation Failure)
[8.284s][info][gc,heap        ] GC(130) PSYoungGen: 33251K(85504K)->17440K(82432K) Eden: 17408K(17408K)->0K(19456K) From: 15843K(68096K)->17440K(62976K)
[8.284s][info][gc,heap        ] GC(130) ParOldGen: 931925K(1045504K)->948021K(1045504K)
[8.284s][info][gc,metaspace   ] GC(130) Metaspace: 6297K(6464K)->6297K(6464K) NonClass: 5764K(5824K)->5764K(5824K) Class: 533K(640K)->533K(640K)
[8.284s][info][gc             ] GC(130) Pause Young (Allocation Failure) 942M->942M(1101M) 91.282ms
[8.284s][info][gc,cpu         ] GC(130) User=0.17s Sys=0.00s Real=0.09s
[8.303s][info][gc,start       ] GC(131) Pause Young (Allocation Failure)
[8.336s][info][gc,heap        ] GC(131) PSYoungGen: 36896K(82432K)->19488K(84480K) Eden: 19456K(19456K)->0K(19456K) From: 17440K(62976K)->19488K(65024K)
[8.336s][info][gc,heap        ] GC(131) ParOldGen: 948021K(1045504K)->965677K(1045504K)
[8.336s][info][gc,metaspace   ] GC(131) Metaspace: 6297K(6464K)->6297K(6464K) NonClass: 5764K(5824K)->5764K(5824K) Class: 533K(640K)->533K(640K)
[8.336s][info][gc             ] GC(131) Pause Young (Allocation Failure) 961M->962M(1103M) 33.052ms
[8.336s][info][gc,cpu         ] GC(131) User=0.06s Sys=0.00s Real=0.03s
[8.357s][info][gc,start       ] GC(132) Pause Young (Allocation Failure)
[8.391s][info][gc,heap        ] GC(132) PSYoungGen: 38944K(84480K)->19488K(80384K) Eden: 19456K(19456K)->0K(22016K) From: 19488K(65024K)->19488K(58368K)
[8.391s][info][gc,heap        ] GC(132) ParOldGen: 965677K(1045504K)->985421K(1045504K)
[8.391s][info][gc,metaspace   ] GC(132) Metaspace: 6297K(6464K)->6297K(6464K) NonClass: 5764K(5824K)->5764K(5824K) Class: 533K(640K)->533K(640K)
[8.391s][info][gc             ] GC(132) Pause Young (Allocation Failure) 981M->981M(1099M) 34.095ms
[8.391s][info][gc,cpu         ] GC(132) User=0.06s Sys=0.00s Real=0.03s
[8.416s][info][gc,start       ] GC(133) Pause Young (Allocation Failure)
[8.450s][info][gc,heap        ] GC(133) PSYoungGen: 41504K(80384K)->22048K(82432K) Eden: 22016K(22016K)->0K(22016K) From: 19488K(58368K)->22048K(60416K)
[8.450s][info][gc,heap        ] GC(133) ParOldGen: 985421K(1045504K)->1005157K(1045504K)
[8.451s][info][gc,metaspace   ] GC(133) Metaspace: 6297K(6464K)->6297K(6464K) NonClass: 5764K(5824K)->5764K(5824K) Class: 533K(640K)->533K(640K)
[8.451s][info][gc             ] GC(133) Pause Young (Allocation Failure) 1002M->1003M(1101M) 34.882ms
[8.451s][info][gc,cpu         ] GC(133) User=0.06s Sys=0.00s Real=0.04s
[8.474s][info][gc,start       ] GC(134) Pause Young (Allocation Failure)
[8.510s][info][gc,heap        ] GC(134) PSYoungGen: 44064K(82432K)->22048K(77824K) Eden: 22016K(22016K)->0K(25088K) From: 22048K(60416K)->22048K(52736K)
[8.510s][info][gc,heap        ] GC(134) ParOldGen: 1005157K(1045504K)->1027493K(1045504K)
[8.510s][info][gc,metaspace   ] GC(134) Metaspace: 6297K(6464K)->6297K(6464K) NonClass: 5764K(5824K)->5764K(5824K) Class: 533K(640K)->533K(640K)
[8.510s][info][gc             ] GC(134) Pause Young (Allocation Failure) 1024M->1024M(1097M) 36.917ms
[8.510s][info][gc,cpu         ] GC(134) User=0.05s Sys=0.02s Real=0.04s
[8.511s][info][gc,start       ] GC(135) Pause Full (Ergonomics)
[8.511s][info][gc,phases,start] GC(135) Marking Phase
[8.917s][info][gc,phases      ] GC(135) Marking Phase 406.708ms
[8.917s][info][gc,phases,start] GC(135) Summary Phase
[8.917s][info][gc,phases      ] GC(135) Summary Phase 0.024ms
[8.917s][info][gc,phases,start] GC(135) Adjust Roots
[8.918s][info][gc,phases      ] GC(135) Adjust Roots 0.208ms
[8.918s][info][gc,phases,start] GC(135) Compaction Phase
[9.086s][info][gc,phases      ] GC(135) Compaction Phase 168.439ms
[9.086s][info][gc,phases,start] GC(135) Post Compact
[9.088s][info][gc,phases      ] GC(135) Post Compact 2.078ms
[9.089s][info][gc,heap        ] GC(135) PSYoungGen: 22048K(77824K)->2562K(80384K) Eden: 0K(25088K)->0K(27648K) From: 22048K(52736K)->2562K(52736K)
[9.089s][info][gc,heap        ] GC(135) ParOldGen: 1027493K(1045504K)->1045389K(1168896K)
[9.089s][info][gc,metaspace   ] GC(135) Metaspace: 6297K(6464K)->6297K(6464K) NonClass: 5764K(5824K)->5764K(5824K) Class: 533K(640K)->533K(640K)
[9.089s][info][gc             ] GC(135) Pause Full (Ergonomics) 1024M->1023M(1220M) 578.206ms
[9.089s][info][gc,cpu         ] GC(135) User=1.02s Sys=0.02s Real=0.58s
[9.118s][info][gc,start       ] GC(136) Pause Young (Allocation Failure)
[9.215s][info][gc,heap        ] GC(136) PSYoungGen: 30210K(80384K)->27712K(82944K) Eden: 27648K(27648K)->0K(27648K) From: 2562K(52736K)->27712K(55296K)
[9.215s][info][gc,heap        ] GC(136) ParOldGen: 1045389K(1168896K)->1047997K(1168896K)
[9.215s][info][gc,metaspace   ] GC(136) Metaspace: 6297K(6464K)->6297K(6464K) NonClass: 5764K(5824K)->5764K(5824K) Class: 533K(640K)->533K(640K)
[9.215s][info][gc             ] GC(136) Pause Young (Allocation Failure) 1050M->1050M(1222M) 97.401ms
[9.215s][info][gc,cpu         ] GC(136) User=0.16s Sys=0.02s Real=0.10s
[9.244s][info][gc,start       ] GC(137) Pause Young (Allocation Failure)
[9.287s][info][gc,heap        ] GC(137) PSYoungGen: 55360K(82944K)->53248K(75776K) Eden: 27648K(27648K)->0K(22528K) From: 27712K(55296K)->53248K(53248K)
[9.287s][info][gc,heap        ] GC(137) ParOldGen: 1047997K(1168896K)->1050125K(1168896K)
[9.287s][info][gc,metaspace   ] GC(137) Metaspace: 6297K(6464K)->6297K(6464K) NonClass: 5764K(5824K)->5764K(5824K) Class: 533K(640K)->533K(640K)
[9.287s][info][gc             ] GC(137) Pause Young (Allocation Failure) 1077M->1077M(1215M) 42.117ms
[9.287s][info][gc,cpu         ] GC(137) User=0.06s Sys=0.00s Real=0.04s
[9.311s][info][gc,start       ] GC(138) Pause Young (Allocation Failure)
[9.369s][info][gc,heap        ] GC(138) PSYoungGen: 75776K(75776K)->22560K(83968K) Eden: 22528K(22528K)->0K(22528K) From: 53248K(53248K)->22560K(61440K)
[9.369s][info][gc,heap        ] GC(138) ParOldGen: 1050125K(1168896K)->1104101K(1168896K)
[9.369s][info][gc,metaspace   ] GC(138) Metaspace: 6297K(6464K)->6297K(6464K) NonClass: 5764K(5824K)->5764K(5824K) Class: 533K(640K)->533K(640K)
[9.369s][info][gc             ] GC(138) Pause Young (Allocation Failure) 1099M->1100M(1223M) 58.433ms
[9.369s][info][gc,cpu         ] GC(138) User=0.05s Sys=0.05s Real=0.06s
[9.392s][info][gc,start       ] GC(139) Pause Young (Allocation Failure)
[9.430s][info][gc,heap        ] GC(139) PSYoungGen: 45088K(83968K)->22592K(80384K) Eden: 22528K(22528K)->0K(25600K) From: 22560K(61440K)->22592K(54784K)
[9.430s][info][gc,heap        ] GC(139) ParOldGen: 1104101K(1168896K)->1126965K(1168896K)
[9.430s][info][gc,metaspace   ] GC(139) Metaspace: 6297K(6464K)->6297K(6464K) NonClass: 5764K(5824K)->5764K(5824K) Class: 533K(640K)->533K(640K)
[9.430s][info][gc             ] GC(139) Pause Young (Allocation Failure) 1122M->1122M(1220M) 37.986ms
[9.430s][info][gc,cpu         ] GC(139) User=0.05s Sys=0.02s Real=0.04s
[9.430s][info][gc,start       ] GC(140) Pause Full (Ergonomics)
[9.430s][info][gc,phases,start] GC(140) Marking Phase
[9.874s][info][gc,phases      ] GC(140) Marking Phase 444.401ms
[9.874s][info][gc,phases,start] GC(140) Summary Phase
[9.874s][info][gc,phases      ] GC(140) Summary Phase 0.080ms
[9.874s][info][gc,phases,start] GC(140) Adjust Roots
[9.875s][info][gc,phases      ] GC(140) Adjust Roots 0.215ms
[9.875s][info][gc,phases,start] GC(140) Compaction Phase
[10.056s][info][gc,phases      ] GC(140) Compaction Phase 180.748ms
[10.056s][info][gc,phases,start] GC(140) Post Compact
[10.058s][info][gc,phases      ] GC(140) Post Compact 2.146ms
[10.058s][info][gc,heap        ] GC(140) PSYoungGen: 22592K(80384K)->0K(82432K) Eden: 0K(25600K)->0K(25600K) From: 22592K(54784K)->0K(56832K)
[10.058s][info][gc,heap        ] GC(140) ParOldGen: 1126965K(1168896K)->1148184K(1294848K)
[10.058s][info][gc,metaspace   ] GC(140) Metaspace: 6297K(6464K)->6297K(6464K) NonClass: 5764K(5824K)->5764K(5824K) Class: 533K(640K)->533K(640K)
[10.058s][info][gc             ] GC(140) Pause Full (Ergonomics) 1122M->1121M(1345M) 628.557ms
[10.058s][info][gc,cpu         ] GC(140) User=1.16s Sys=0.02s Real=0.63s
[10.086s][info][gc,start       ] GC(141) Pause Young (Allocation Failure)
[10.111s][info][gc,heap        ] GC(141) PSYoungGen: 25600K(82432K)->25664K(79360K) Eden: 25600K(25600K)->0K(28160K) From: 0K(56832K)->25664K(51200K)
[10.111s][info][gc,heap        ] GC(141) ParOldGen: 1148184K(1294848K)->1148184K(1294848K)
[10.111s][info][gc,metaspace   ] GC(141) Metaspace: 6297K(6464K)->6297K(6464K) NonClass: 5764K(5824K)->5764K(5824K) Class: 533K(640K)->533K(640K)
[10.111s][info][gc             ] GC(141) Pause Young (Allocation Failure) 1146M->1146M(1342M) 25.003ms
[10.111s][info][gc,cpu         ] GC(141) User=0.03s Sys=0.00s Real=0.03s
[10.141s][info][gc,start       ] GC(142) Pause Young (Allocation Failure)
[10.182s][info][gc,heap        ] GC(142) PSYoungGen: 53824K(79360K)->53856K(82432K) Eden: 28160K(28160K)->0K(28160K) From: 25664K(51200K)->53856K(54272K)
[10.182s][info][gc,heap        ] GC(142) ParOldGen: 1148184K(1294848K)->1148184K(1294848K)
[10.182s][info][gc,metaspace   ] GC(142) Metaspace: 6297K(6464K)->6297K(6464K) NonClass: 5764K(5824K)->5764K(5824K) Class: 533K(640K)->533K(640K)
[10.182s][info][gc             ] GC(142) Pause Young (Allocation Failure) 1173M->1173M(1345M) 40.401ms
[10.182s][info][gc,cpu         ] GC(142) User=0.06s Sys=0.00s Real=0.04s
[10.213s][info][gc,start       ] GC(143) Pause Young (Allocation Failure)
[10.275s][info][gc,heap        ] GC(143) PSYoungGen: 82016K(82432K)->61440K(76288K) Eden: 28160K(28160K)->0K(14848K) From: 53856K(54272K)->61440K(61440K)
[10.275s][info][gc,heap        ] GC(143) ParOldGen: 1148184K(1294848K)->1168976K(1294848K)
[10.275s][info][gc,metaspace   ] GC(143) Metaspace: 6297K(6464K)->6297K(6464K) NonClass: 5764K(5824K)->5764K(5824K) Class: 533K(640K)->533K(640K)
[10.275s][info][gc             ] GC(143) Pause Young (Allocation Failure) 1201M->1201M(1339M) 62.395ms
[10.275s][info][gc,cpu         ] GC(143) User=0.08s Sys=0.02s Real=0.06s
[10.291s][info][gc,start       ] GC(144) Pause Young (Allocation Failure)
[10.344s][info][gc,heap        ] GC(144) PSYoungGen: 76288K(76288K)->34240K(49152K) Eden: 14848K(14848K)->0K(14848K) From: 61440K(61440K)->34240K(34304K)
[10.344s][info][gc,heap        ] GC(144) ParOldGen: 1168976K(1294848K)->1211656K(1294848K)
[10.344s][info][gc,metaspace   ] GC(144) Metaspace: 6297K(6464K)->6297K(6464K) NonClass: 5764K(5824K)->5764K(5824K) Class: 533K(640K)->533K(640K)
[10.344s][info][gc             ] GC(144) Pause Young (Allocation Failure) 1216M->1216M(1312M) 52.944ms
[10.344s][info][gc,cpu         ] GC(144) User=0.09s Sys=0.00s Real=0.05s
[10.361s][info][gc,start       ] GC(145) Pause Young (Allocation Failure)
[10.398s][info][gc,heap        ] GC(145) PSYoungGen: 49088K(49152K)->29728K(84480K) Eden: 14848K(14848K)->0K(16896K) From: 34240K(34304K)->29728K(67584K)
[10.398s][info][gc,heap        ] GC(145) ParOldGen: 1211656K(1294848K)->1231280K(1294848K)
[10.398s][info][gc,metaspace   ] GC(145) Metaspace: 6297K(6464K)->6297K(6464K) NonClass: 5764K(5824K)->5764K(5824K) Class: 533K(640K)->533K(640K)
[10.398s][info][gc             ] GC(145) Pause Young (Allocation Failure) 1231M->1231M(1347M) 36.860ms
[10.398s][info][gc,cpu         ] GC(145) User=0.05s Sys=0.05s Real=0.04s
[10.416s][info][gc,start       ] GC(146) Pause Young (Allocation Failure)
[10.452s][info][gc,heap        ] GC(146) PSYoungGen: 46624K(84480K)->31776K(49152K) Eden: 16896K(16896K)->0K(16896K) From: 29728K(67584K)->31776K(32256K)
[10.452s][info][gc,heap        ] GC(146) ParOldGen: 1231280K(1294848K)->1246344K(1294848K)
[10.452s][info][gc,metaspace   ] GC(146) Metaspace: 6297K(6464K)->6297K(6464K) NonClass: 5764K(5824K)->5764K(5824K) Class: 533K(640K)->533K(640K)
[10.452s][info][gc             ] GC(146) Pause Young (Allocation Failure) 1247M->1248M(1312M) 35.339ms
[10.452s][info][gc,cpu         ] GC(146) User=0.06s Sys=0.00s Real=0.03s
[10.472s][info][gc,start       ] GC(147) Pause Young (Allocation Failure)
[10.510s][info][gc,heap        ] GC(147) PSYoungGen: 48672K(49152K)->33824K(80896K) Eden: 16896K(16896K)->0K(19456K) From: 31776K(32256K)->33824K(61440K)
[10.511s][info][gc,heap        ] GC(147) ParOldGen: 1246344K(1294848K)->1261400K(1294848K)
[10.511s][info][gc,metaspace   ] GC(147) Metaspace: 6297K(6464K)->6297K(6464K) NonClass: 5764K(5824K)->5764K(5824K) Class: 533K(640K)->533K(640K)
[10.511s][info][gc             ] GC(147) Pause Young (Allocation Failure) 1264M->1264M(1343M) 38.132ms
[10.511s][info][gc,cpu         ] GC(147) User=0.05s Sys=0.00s Real=0.04s
[10.511s][info][gc,start       ] GC(148) Pause Full (Ergonomics)
[10.511s][info][gc,phases,start] GC(148) Marking Phase
[11.018s][info][gc,phases      ] GC(148) Marking Phase 507.483ms
[11.018s][info][gc,phases,start] GC(148) Summary Phase
[11.018s][info][gc,phases      ] GC(148) Summary Phase 0.042ms
[11.018s][info][gc,phases,start] GC(148) Adjust Roots
[11.018s][info][gc,phases      ] GC(148) Adjust Roots 0.224ms
[11.019s][info][gc,phases,start] GC(148) Compaction Phase
[11.230s][info][gc,phases      ] GC(148) Compaction Phase 211.444ms
[11.230s][info][gc,phases,start] GC(148) Post Compact
[11.232s][info][gc,phases      ] GC(148) Post Compact 2.256ms
[11.233s][info][gc,heap        ] GC(148) PSYoungGen: 33824K(80896K)->0K(83968K) Eden: 0K(19456K)->0K(19456K) From: 33824K(61440K)->0K(64512K)
[11.233s][info][gc,heap        ] GC(148) ParOldGen: 1261400K(1294848K)->1293368K(1365504K)
[11.233s][info][gc,metaspace   ] GC(148) Metaspace: 6297K(6464K)->6297K(6464K) NonClass: 5764K(5824K)->5764K(5824K) Class: 533K(640K)->533K(640K)
[11.233s][info][gc             ] GC(148) Pause Full (Ergonomics) 1264M->1263M(1415M) 722.150ms
[11.233s][info][gc,cpu         ] GC(148) User=1.33s Sys=0.00s Real=0.72s
[11.254s][info][gc,start       ] GC(149) Pause Young (Allocation Failure)
[11.271s][info][gc,heap        ] GC(149) PSYoungGen: 19456K(83968K)->13888K(86016K) Eden: 19456K(19456K)->0K(21504K) From: 0K(64512K)->13888K(64512K)
[11.271s][info][gc,heap        ] GC(149) ParOldGen: 1293368K(1365504K)->1293368K(1365504K)
[11.271s][info][gc,metaspace   ] GC(149) Metaspace: 6297K(6464K)->6297K(6464K) NonClass: 5764K(5824K)->5764K(5824K) Class: 533K(640K)->533K(640K)
[11.271s][info][gc             ] GC(149) Pause Young (Allocation Failure) 1282M->1276M(1417M) 16.792ms
[11.271s][info][gc,cpu         ] GC(149) User=0.03s Sys=0.00s Real=0.02s
[11.288s][info][gc,start       ] GC(150) Pause Young (Allocation Failure)
[11.313s][info][gc,heap        ] GC(150) PSYoungGen: 35392K(86016K)->25024K(86528K) Eden: 21504K(21504K)->0K(21504K) From: 13888K(64512K)->25024K(65024K)
[11.313s][info][gc,heap        ] GC(150) ParOldGen: 1293368K(1365504K)->1293368K(1365504K)
[11.313s][info][gc,metaspace   ] GC(150) Metaspace: 6297K(6464K)->6297K(6464K) NonClass: 5764K(5824K)->5764K(5824K) Class: 533K(640K)->533K(640K)
[11.313s][info][gc             ] GC(150) Pause Young (Allocation Failure) 1297M->1287M(1418M) 25.129ms
[11.313s][info][gc,cpu         ] GC(150) User=0.03s Sys=0.00s Real=0.02s
[11.337s][info][gc,start       ] GC(151) Pause Young (Allocation Failure)
[11.374s][info][gc,heap        ] GC(151) PSYoungGen: 46528K(86528K)->45856K(84992K) Eden: 21504K(21504K)->0K(22016K) From: 25024K(65024K)->45856K(62976K)
[11.374s][info][gc,heap        ] GC(151) ParOldGen: 1293368K(1365504K)->1293368K(1365504K)
[11.374s][info][gc,metaspace   ] GC(151) Metaspace: 6297K(6464K)->6297K(6464K) NonClass: 5764K(5824K)->5764K(5824K) Class: 533K(640K)->533K(640K)
[11.374s][info][gc             ] GC(151) Pause Young (Allocation Failure) 1308M->1307M(1416M) 36.414ms
[11.374s][info][gc,cpu         ] GC(151) User=0.06s Sys=0.00s Real=0.04s
[11.399s][info][gc,start       ] GC(152) Pause Young (Allocation Failure)
[11.446s][info][gc,heap        ] GC(152) PSYoungGen: 67872K(84992K)->65024K(87040K) Eden: 22016K(22016K)->0K(22016K) From: 45856K(62976K)->65024K(65024K)
[11.446s][info][gc,heap        ] GC(152) ParOldGen: 1293368K(1365504K)->1296232K(1365504K)
[11.446s][info][gc,metaspace   ] GC(152) Metaspace: 6297K(6464K)->6297K(6464K) NonClass: 5764K(5824K)->5764K(5824K) Class: 533K(640K)->533K(640K)
[11.446s][info][gc             ] GC(152) Pause Young (Allocation Failure) 1329M->1329M(1418M) 47.026ms
[11.446s][info][gc,cpu         ] GC(152) User=0.06s Sys=0.00s Real=0.05s
[11.471s][info][gc,start       ] GC(153) Pause Young (Allocation Failure)
[11.533s][info][gc,heap        ] GC(153) PSYoungGen: 87040K(87040K)->73536K(89600K) Eden: 22016K(22016K)->0K(14848K) From: 65024K(65024K)->73536K(74752K)
[11.533s][info][gc,heap        ] GC(153) ParOldGen: 1296232K(1365504K)->1309968K(1365504K)
[11.533s][info][gc,metaspace   ] GC(153) Metaspace: 6297K(6464K)->6297K(6464K) NonClass: 5764K(5824K)->5764K(5824K) Class: 533K(640K)->533K(640K)
[11.533s][info][gc             ] GC(153) Pause Young (Allocation Failure) 1350M->1351M(1421M) 62.267ms
[11.533s][info][gc,cpu         ] GC(153) User=0.09s Sys=0.00s Real=0.06s
[11.552s][info][gc,start       ] GC(154) Pause Young (Allocation Failure)
[11.608s][info][gc,heap        ] GC(154) PSYoungGen: 88384K(89600K)->77632K(99840K) Eden: 14848K(14848K)->0K(14848K) From: 73536K(74752K)->77632K(84992K)
[11.608s][info][gc,heap        ] GC(154) ParOldGen: 1309968K(1365504K)->1320872K(1365504K)
[11.608s][info][gc,metaspace   ] GC(154) Metaspace: 6297K(6464K)->6297K(6464K) NonClass: 5764K(5824K)->5764K(5824K) Class: 533K(640K)->533K(640K)
[11.608s][info][gc             ] GC(154) Pause Young (Allocation Failure) 1365M->1365M(1431M) 55.995ms
[11.608s][info][gc,cpu         ] GC(154) User=0.09s Sys=0.00s Real=0.06s
[11.622s][info][gc,start       ] GC(155) Pause Young (Allocation Failure)
[11.680s][info][gc,heap        ] GC(155) PSYoungGen: 89497K(99840K)->69280K(106496K) Eden: 11865K(14848K)->0K(12288K) From: 77632K(84992K)->69280K(94208K)
[11.680s][info][gc,heap        ] GC(155) ParOldGen: 1320872K(1365504K)->1341352K(1365504K)
[11.680s][info][gc,metaspace   ] GC(155) Metaspace: 6297K(6464K)->6297K(6464K) NonClass: 5764K(5824K)->5764K(5824K) Class: 533K(640K)->533K(640K)
[11.680s][info][gc             ] GC(155) Pause Young (Allocation Failure) 1377M->1377M(1437M) 58.145ms
[11.680s][info][gc,cpu         ] GC(155) User=0.09s Sys=0.00s Real=0.06s
[11.680s][info][gc,start       ] GC(156) Pause Full (Ergonomics)
[11.680s][info][gc,phases,start] GC(156) Marking Phase
[12.236s][info][gc,phases      ] GC(156) Marking Phase 555.782ms
[12.236s][info][gc,phases,start] GC(156) Summary Phase
[12.236s][info][gc,phases      ] GC(156) Summary Phase 0.033ms
[12.236s][info][gc,phases,start] GC(156) Adjust Roots
[12.237s][info][gc,phases      ] GC(156) Adjust Roots 0.338ms
[12.237s][info][gc,phases,start] GC(156) Compaction Phase
[12.559s][info][gc,phases      ] GC(156) Compaction Phase 322.213ms
[12.559s][info][gc,phases,start] GC(156) Post Compact
[12.562s][info][gc,phases      ] GC(156) Post Compact 2.662ms
[12.562s][info][gc,heap        ] GC(156) PSYoungGen: 69280K(106496K)->44575K(106496K) Eden: 0K(12288K)->0K(12288K) From: 69280K(94208K)->44575K(94208K)
[12.562s][info][gc,heap        ] GC(156) ParOldGen: 1341352K(1365504K)->1365113K(1365504K)
[12.562s][info][gc,metaspace   ] GC(156) Metaspace: 6297K(6464K)->6297K(6464K) NonClass: 5764K(5824K)->5764K(5824K) Class: 533K(640K)->533K(640K)
[12.562s][info][gc             ] GC(156) Pause Full (Ergonomics) 1377M->1376M(1437M) 881.483ms
[12.562s][info][gc,cpu         ] GC(156) User=1.61s Sys=0.02s Real=0.88s
[12.562s][info][gc,start       ] GC(157) Pause Full (Allocation Failure)
[12.562s][info][gc,phases,start] GC(157) Marking Phase
[13.130s][info][gc,phases      ] GC(157) Marking Phase 567.733ms
[13.130s][info][gc,phases,start] GC(157) Summary Phase
[13.130s][info][gc,phases      ] GC(157) Summary Phase 0.032ms
[13.130s][info][gc,phases,start] GC(157) Adjust Roots
[13.130s][info][gc,phases      ] GC(157) Adjust Roots 0.522ms
[13.130s][info][gc,phases,start] GC(157) Compaction Phase
[13.434s][info][gc,phases      ] GC(157) Compaction Phase 303.656ms
[13.434s][info][gc,phases,start] GC(157) Post Compact
[13.437s][info][gc,phases      ] GC(157) Post Compact 2.720ms
[13.437s][info][gc,heap        ] GC(157) PSYoungGen: 44575K(106496K)->44575K(106496K) Eden: 0K(12288K)->0K(12288K) From: 44575K(94208K)->44575K(94208K)
[13.437s][info][gc,heap        ] GC(157) ParOldGen: 1365113K(1365504K)->1365109K(1365504K)
[13.437s][info][gc,metaspace   ] GC(157) Metaspace: 6297K(6464K)->6295K(6464K) NonClass: 5764K(5824K)->5763K(5824K) Class: 533K(640K)->532K(640K)
[13.437s][info][gc             ] GC(157) Pause Full (Allocation Failure) 1376M->1376M(1437M) 875.020ms
[13.437s][info][gc,cpu         ] GC(157) User=1.59s Sys=0.02s Real=0.88s
[13.438s][info][gc,heap,exit   ] Heap
[13.439s][info][gc,heap,exit   ]  PSYoungGen      total 106496K, used 45064K [0x00000000d6580000, 0x00000000e3480000, 0x0000000100000000)
[13.439s][info][gc,heap,exit   ]   eden space 12288K, 3% used [0x00000000d6580000,0x00000000d65fa530,0x00000000d7180000)
[13.439s][info][gc,heap,exit   ]   from space 94208K, 47% used [0x00000000dd200000,0x00000000dfd87c10,0x00000000e2e00000)
[13.439s][info][gc,heap,exit   ]   to   space 98816K, 0% used [0x00000000d7180000,0x00000000d7180000,0x00000000dd200000)
[13.439s][info][gc,heap,exit   ]  ParOldGen       total 1365504K, used 1365109K [0x0000000083000000, 0x00000000d6580000, 0x00000000d6580000)
[13.439s][info][gc,heap,exit   ]   object space 1365504K, 99% used [0x0000000083000000,0x00000000d651d5a8,0x00000000d6580000)
[13.439s][info][gc,heap,exit   ]  Metaspace       used 6300K, committed 6464K, reserved 1114112K
[13.439s][info][gc,heap,exit   ]   class space    used 534K, committed 640K, reserved 1048576K
