[0.013s][info][gc,init] CardTable entry size: 512
[0.014s][info][gc     ] Using Parallel
[0.014s][info][gc,init] Version: 18.0.1+10 (release)
[0.014s][info][gc,init] CPUs: 8 total, 8 available
[0.014s][info][gc,init] Memory: 16063M
[0.014s][info][gc,init] Large Page Support: Disabled
[0.014s][info][gc,init] NUMA Support: Disabled
[0.014s][info][gc,init] Compressed Oops: Enabled (32-bit)
[0.014s][info][gc,init] Alignments: Space 512K, Generation 512K, Heap 2M
[0.014s][info][gc,init] Heap Min Capacity: 2M
[0.014s][info][gc,init] Heap Initial Capacity: 2M
[0.014s][info][gc,init] Heap Max Capacity: 1000M
[0.015s][info][gc,init] Pre-touch: Disabled
[0.015s][info][gc,init] Parallel Workers: 8
[0.015s][info][gc,metaspace] CDS archive(s) not mapped
[0.015s][info][gc,metaspace] Compressed class space mapped at: 0x0000000100000000-0x0000000140000000, reserved size: 1073741824
[0.015s][info][gc,metaspace] Narrow klass base: 0x0000000000000000, Narrow klass shift: 3, Narrow klass range: 0x140000000
[0.121s][info][gc,start    ] GC(0) Pause Young (Allocation Failure)
[0.122s][info][gc,heap     ] GC(0) PSYoungGen: 512K(1024K)->512K(1024K) Eden: 512K(512K)->0K(512K) From: 0K(512K)->512K(512K)
[0.122s][info][gc,heap     ] GC(0) ParOldGen: 0K(512K)->40K(512K)
[0.122s][info][gc,metaspace] GC(0) Metaspace: 4230K(4352K)->4230K(4352K) NonClass: 3909K(3968K)->3909K(3968K) Class: 321K(384K)->321K(384K)
[0.122s][info][gc          ] GC(0) Pause Young (Allocation Failure) 0M->0M(1M) 1.726ms
[0.122s][info][gc,cpu      ] GC(0) User=0.00s Sys=0.00s Real=0.00s
[0.182s][info][gc,start    ] GC(1) Pause Young (Allocation Failure)
[0.183s][info][gc,heap     ] GC(1) PSYoungGen: 1023K(1024K)->512K(1536K) Eden: 511K(512K)->0K(1024K) From: 512K(512K)->512K(512K)
[0.183s][info][gc,heap     ] GC(1) ParOldGen: 40K(512K)->168K(512K)
[0.183s][info][gc,metaspace] GC(1) Metaspace: 5882K(6016K)->5882K(6016K) NonClass: 5386K(5504K)->5386K(5504K) Class: 496K(512K)->496K(512K)
[0.183s][info][gc          ] GC(1) Pause Young (Allocation Failure) 1M->0M(2M) 1.257ms
[0.183s][info][gc,cpu      ] GC(1) User=0.00s Sys=0.00s Real=0.00s
[0.206s][info][gc,start    ] GC(2) Pause Young (Allocation Failure)
[0.207s][info][gc,heap     ] GC(2) PSYoungGen: 1536K(1536K)->512K(1536K) Eden: 1024K(1024K)->0K(1024K) From: 512K(512K)->512K(512K)
[0.207s][info][gc,heap     ] GC(2) ParOldGen: 168K(512K)->588K(1024K)
[0.207s][info][gc,metaspace] GC(2) Metaspace: 6301K(6528K)->6301K(6528K) NonClass: 5767K(5888K)->5767K(5888K) Class: 533K(640K)->533K(640K)
[0.208s][info][gc          ] GC(2) Pause Young (Allocation Failure) 1M->1M(2M) 1.024ms
[0.208s][info][gc,cpu      ] GC(2) User=0.00s Sys=0.00s Real=0.00s
[0.208s][info][gc,start    ] GC(3) Pause Full (Ergonomics)
[0.208s][info][gc,phases,start] GC(3) Marking Phase
[0.209s][info][gc,phases      ] GC(3) Marking Phase 0.983ms
[0.209s][info][gc,phases,start] GC(3) Summary Phase
[0.209s][info][gc,phases      ] GC(3) Summary Phase 0.015ms
[0.209s][info][gc,phases,start] GC(3) Adjust Roots
[0.209s][info][gc,phases      ] GC(3) Adjust Roots 0.340ms
[0.209s][info][gc,phases,start] GC(3) Compaction Phase
[0.212s][info][gc,phases      ] GC(3) Compaction Phase 3.072ms
[0.212s][info][gc,phases,start] GC(3) Post Compact
[0.212s][info][gc,phases      ] GC(3) Post Compact 0.082ms
[0.212s][info][gc,heap        ] GC(3) PSYoungGen: 512K(1536K)->0K(2048K) Eden: 0K(1024K)->0K(1536K) From: 512K(512K)->0K(512K)
[0.212s][info][gc,heap        ] GC(3) ParOldGen: 588K(1024K)->981K(2560K)
[0.212s][info][gc,metaspace   ] GC(3) Metaspace: 6301K(6528K)->6301K(6528K) NonClass: 5767K(5888K)->5767K(5888K) Class: 533K(640K)->533K(640K)
[0.212s][info][gc             ] GC(3) Pause Full (Ergonomics) 1M->0M(4M) 4.782ms
[0.212s][info][gc,cpu         ] GC(3) User=0.00s Sys=0.00s Real=0.00s
[0.215s][info][gc,start       ] GC(4) Pause Young (Allocation Failure)
[0.216s][info][gc,heap        ] GC(4) PSYoungGen: 1536K(2048K)->480K(2560K) Eden: 1536K(1536K)->0K(2048K) From: 0K(512K)->480K(512K)
[0.216s][info][gc,heap        ] GC(4) ParOldGen: 981K(2560K)->1317K(2560K)
[0.216s][info][gc,metaspace   ] GC(4) Metaspace: 6301K(6528K)->6301K(6528K) NonClass: 5767K(5888K)->5767K(5888K) Class: 533K(640K)->533K(640K)
[0.216s][info][gc             ] GC(4) Pause Young (Allocation Failure) 2M->1M(5M) 0.905ms
[0.216s][info][gc,cpu         ] GC(4) User=0.00s Sys=0.00s Real=0.00s
[0.219s][info][gc,start       ] GC(5) Pause Young (Allocation Failure)
[0.220s][info][gc,heap        ] GC(5) PSYoungGen: 2527K(2560K)->480K(2048K) Eden: 2047K(2048K)->0K(1536K) From: 480K(512K)->480K(512K)
[0.221s][info][gc,heap        ] GC(5) ParOldGen: 1317K(2560K)->2421K(2560K)
[0.221s][info][gc,metaspace   ] GC(5) Metaspace: 6301K(6528K)->6301K(6528K) NonClass: 5767K(5888K)->5767K(5888K) Class: 533K(640K)->533K(640K)
[0.221s][info][gc             ] GC(5) Pause Young (Allocation Failure) 3M->2M(4M) 1.230ms
[0.221s][info][gc,cpu         ] GC(5) User=0.00s Sys=0.00s Real=0.00s
[0.221s][info][gc,start       ] GC(6) Pause Full (Ergonomics)
[0.221s][info][gc,phases,start] GC(6) Marking Phase
[0.222s][info][gc,phases      ] GC(6) Marking Phase 1.353ms
[0.222s][info][gc,phases,start] GC(6) Summary Phase
[0.222s][info][gc,phases      ] GC(6) Summary Phase 0.015ms
[0.222s][info][gc,phases,start] GC(6) Adjust Roots
[0.222s][info][gc,phases      ] GC(6) Adjust Roots 0.308ms
[0.222s][info][gc,phases,start] GC(6) Compaction Phase
[0.224s][info][gc,phases      ] GC(6) Compaction Phase 1.910ms
[0.224s][info][gc,phases,start] GC(6) Post Compact
[0.224s][info][gc,phases      ] GC(6) Post Compact 0.032ms
[0.225s][info][gc,heap        ] GC(6) PSYoungGen: 480K(2048K)->479K(2048K) Eden: 0K(1536K)->0K(1536K) From: 480K(512K)->479K(512K)
[0.225s][info][gc,heap        ] GC(6) ParOldGen: 2421K(2560K)->2324K(5632K)
[0.225s][info][gc,metaspace   ] GC(6) Metaspace: 6301K(6528K)->6301K(6528K) NonClass: 5767K(5888K)->5767K(5888K) Class: 533K(640K)->533K(640K)
[0.225s][info][gc             ] GC(6) Pause Full (Ergonomics) 2M->2M(7M) 3.960ms
[0.225s][info][gc,cpu         ] GC(6) User=0.00s Sys=0.00s Real=0.00s
[0.228s][info][gc,start       ] GC(7) Pause Young (Allocation Failure)
[0.229s][info][gc,heap        ] GC(7) PSYoungGen: 2015K(2048K)->1440K(3072K) Eden: 1536K(1536K)->0K(1536K) From: 479K(512K)->1440K(1536K)
[0.229s][info][gc,heap        ] GC(7) ParOldGen: 2324K(5632K)->2324K(5632K)
[0.229s][info][gc,metaspace   ] GC(7) Metaspace: 6301K(6528K)->6301K(6528K) NonClass: 5767K(5888K)->5767K(5888K) Class: 533K(640K)->533K(640K)
[0.229s][info][gc             ] GC(7) Pause Young (Allocation Failure) 4M->3M(8M) 1.088ms
[0.229s][info][gc,cpu         ] GC(7) User=0.00s Sys=0.00s Real=0.00s
[0.231s][info][gc,start       ] GC(8) Pause Young (Allocation Failure)
[0.232s][info][gc,heap        ] GC(8) PSYoungGen: 2975K(3072K)->2016K(4096K) Eden: 1535K(1536K)->0K(2048K) From: 1440K(1536K)->2016K(2048K)
[0.232s][info][gc,heap        ] GC(8) ParOldGen: 2324K(5632K)->2420K(5632K)
[0.232s][info][gc,metaspace   ] GC(8) Metaspace: 6301K(6528K)->6301K(6528K) NonClass: 5767K(5888K)->5767K(5888K) Class: 533K(640K)->533K(640K)
[0.232s][info][gc             ] GC(8) Pause Young (Allocation Failure) 5M->4M(9M) 1.465ms
[0.232s][info][gc,cpu         ] GC(8) User=0.00s Sys=0.00s Real=0.00s
[0.235s][info][gc,start       ] GC(9) Pause Young (Allocation Failure)
[0.237s][info][gc,heap        ] GC(9) PSYoungGen: 4064K(4096K)->2528K(4608K) Eden: 2048K(2048K)->0K(2048K) From: 2016K(2048K)->2528K(2560K)
[0.238s][info][gc,heap        ] GC(9) ParOldGen: 2420K(5632K)->2948K(5632K)
[0.238s][info][gc,metaspace   ] GC(9) Metaspace: 6301K(6528K)->6301K(6528K) NonClass: 5767K(5888K)->5767K(5888K) Class: 533K(640K)->533K(640K)
[0.238s][info][gc             ] GC(9) Pause Young (Allocation Failure) 6M->5M(10M) 2.137ms
[0.238s][info][gc,cpu         ] GC(9) User=0.00s Sys=0.00s Real=0.00s
[0.243s][info][gc,start       ] GC(10) Pause Young (Allocation Failure)
[0.245s][info][gc,heap        ] GC(10) PSYoungGen: 4576K(4608K)->3040K(5632K) Eden: 2048K(2048K)->0K(2560K) From: 2528K(2560K)->3040K(3072K)
[0.245s][info][gc,heap        ] GC(10) ParOldGen: 2948K(5632K)->3540K(5632K)
[0.245s][info][gc,metaspace   ] GC(10) Metaspace: 6301K(6528K)->6301K(6528K) NonClass: 5767K(5888K)->5767K(5888K) Class: 533K(640K)->533K(640K)
[0.245s][info][gc             ] GC(10) Pause Young (Allocation Failure) 7M->6M(11M) 2.535ms
[0.245s][info][gc,cpu         ] GC(10) User=0.00s Sys=0.00s Real=0.00s
[0.248s][info][gc,start       ] GC(11) Pause Young (Allocation Failure)
[0.251s][info][gc,heap        ] GC(11) PSYoungGen: 5600K(5632K)->3744K(6656K) Eden: 2560K(2560K)->0K(2560K) From: 3040K(3072K)->3744K(4096K)
[0.251s][info][gc,heap        ] GC(11) ParOldGen: 3540K(5632K)->4332K(5632K)
[0.251s][info][gc,metaspace   ] GC(11) Metaspace: 6301K(6528K)->6301K(6528K) NonClass: 5767K(5888K)->5767K(5888K) Class: 533K(640K)->533K(640K)
[0.251s][info][gc             ] GC(11) Pause Young (Allocation Failure) 8M->7M(12M) 2.615ms
[0.251s][info][gc,cpu         ] GC(11) User=0.00s Sys=0.00s Real=0.00s
[0.255s][info][gc,start       ] GC(12) Pause Young (Allocation Failure)
[0.258s][info][gc,heap        ] GC(12) PSYoungGen: 6304K(6656K)->3808K(7680K) Eden: 2560K(2560K)->0K(3072K) From: 3744K(4096K)->3808K(4608K)
[0.258s][info][gc,heap        ] GC(12) ParOldGen: 4332K(5632K)->5596K(5632K)
[0.258s][info][gc,metaspace   ] GC(12) Metaspace: 6301K(6528K)->6301K(6528K) NonClass: 5767K(5888K)->5767K(5888K) Class: 533K(640K)->533K(640K)
[0.258s][info][gc             ] GC(12) Pause Young (Allocation Failure) 10M->9M(13M) 2.814ms
[0.258s][info][gc,cpu         ] GC(12) User=0.00s Sys=0.00s Real=0.00s
[0.258s][info][gc,start       ] GC(13) Pause Full (Ergonomics)
[0.258s][info][gc,phases,start] GC(13) Marking Phase
[0.261s][info][gc,phases      ] GC(13) Marking Phase 3.481ms
[0.261s][info][gc,phases,start] GC(13) Summary Phase
[0.261s][info][gc,phases      ] GC(13) Summary Phase 0.017ms
[0.262s][info][gc,phases,start] GC(13) Adjust Roots
[0.262s][info][gc,phases      ] GC(13) Adjust Roots 0.250ms
[0.262s][info][gc,phases,start] GC(13) Compaction Phase
[0.266s][info][gc,phases      ] GC(13) Compaction Phase 4.115ms
[0.266s][info][gc,phases,start] GC(13) Post Compact
[0.266s][info][gc,phases      ] GC(13) Post Compact 0.041ms
[0.266s][info][gc,heap        ] GC(13) PSYoungGen: 3808K(7680K)->3680K(7680K) Eden: 0K(3072K)->0K(3072K) From: 3808K(4608K)->3680K(4608K)
[0.266s][info][gc,heap        ] GC(13) ParOldGen: 5596K(5632K)->5391K(10240K)
[0.266s][info][gc,metaspace   ] GC(13) Metaspace: 6301K(6528K)->6301K(6528K) NonClass: 5767K(5888K)->5767K(5888K) Class: 533K(640K)->533K(640K)
[0.266s][info][gc             ] GC(13) Pause Full (Ergonomics) 9M->8M(17M) 8.233ms
[0.266s][info][gc,cpu         ] GC(13) User=0.00s Sys=0.00s Real=0.01s
[0.271s][info][gc,start       ] GC(14) Pause Young (Allocation Failure)
[0.274s][info][gc,heap        ] GC(14) PSYoungGen: 6752K(7680K)->3008K(8192K) Eden: 3072K(3072K)->0K(3072K) From: 3680K(4608K)->3008K(5120K)
[0.274s][info][gc,heap        ] GC(14) ParOldGen: 5391K(10240K)->7831K(10240K)
[0.274s][info][gc,metaspace   ] GC(14) Metaspace: 6301K(6528K)->6301K(6528K) NonClass: 5767K(5888K)->5767K(5888K) Class: 533K(640K)->533K(640K)
[0.274s][info][gc             ] GC(14) Pause Young (Allocation Failure) 11M->10M(18M) 3.091ms
[0.274s][info][gc,cpu         ] GC(14) User=0.00s Sys=0.00s Real=0.00s
[0.280s][info][gc,start       ] GC(15) Pause Young (Allocation Failure)
[0.283s][info][gc,heap        ] GC(15) PSYoungGen: 6080K(8192K)->1952K(8704K) Eden: 3072K(3072K)->0K(4608K) From: 3008K(5120K)->1952K(4096K)
[0.283s][info][gc,heap        ] GC(15) ParOldGen: 7831K(10240K)->10799K(11264K)
[0.283s][info][gc,metaspace   ] GC(15) Metaspace: 6301K(6528K)->6301K(6528K) NonClass: 5767K(5888K)->5767K(5888K) Class: 533K(640K)->533K(640K)
[0.283s][info][gc             ] GC(15) Pause Young (Allocation Failure) 13M->12M(19M) 3.369ms
[0.283s][info][gc,cpu         ] GC(15) User=0.00s Sys=0.00s Real=0.00s
[0.283s][info][gc,start       ] GC(16) Pause Full (Ergonomics)
[0.283s][info][gc,phases,start] GC(16) Marking Phase
[0.286s][info][gc,phases      ] GC(16) Marking Phase 3.465ms
[0.287s][info][gc,phases,start] GC(16) Summary Phase
[0.287s][info][gc,phases      ] GC(16) Summary Phase 0.024ms
[0.287s][info][gc,phases,start] GC(16) Adjust Roots
[0.287s][info][gc,phases      ] GC(16) Adjust Roots 0.270ms
[0.287s][info][gc,phases,start] GC(16) Compaction Phase
[0.292s][info][gc,phases      ] GC(16) Compaction Phase 5.482ms
[0.292s][info][gc,phases,start] GC(16) Post Compact
[0.292s][info][gc,phases      ] GC(16) Post Compact 0.066ms
[0.293s][info][gc,heap        ] GC(16) PSYoungGen: 1952K(8704K)->960K(9216K) Eden: 0K(4608K)->0K(5120K) From: 1952K(4096K)->960K(4096K)
[0.293s][info][gc,heap        ] GC(16) ParOldGen: 10799K(11264K)->11257K(18432K)
[0.293s][info][gc,metaspace   ] GC(16) Metaspace: 6301K(6528K)->6301K(6528K) NonClass: 5767K(5888K)->5767K(5888K) Class: 533K(640K)->533K(640K)
[0.293s][info][gc             ] GC(16) Pause Full (Ergonomics) 12M->11M(27M) 9.726ms
[0.293s][info][gc,cpu         ] GC(16) User=0.00s Sys=0.00s Real=0.01s
[0.298s][info][gc,start       ] GC(17) Pause Young (Allocation Failure)
[0.301s][info][gc,heap        ] GC(17) PSYoungGen: 6080K(9216K)->2752K(9728K) Eden: 5120K(5120K)->0K(5120K) From: 960K(4096K)->2752K(4608K)
[0.301s][info][gc,heap        ] GC(17) ParOldGen: 11257K(18432K)->12257K(18432K)
[0.301s][info][gc,metaspace   ] GC(17) Metaspace: 6303K(6528K)->6303K(6528K) NonClass: 5769K(5888K)->5769K(5888K) Class: 533K(640K)->533K(640K)
[0.301s][info][gc             ] GC(17) Pause Young (Allocation Failure) 16M->14M(27M) 3.256ms
[0.301s][info][gc,cpu         ] GC(17) User=0.00s Sys=0.00s Real=0.00s
[0.306s][info][gc,start       ] GC(18) Pause Young (Allocation Failure)
[0.310s][info][gc,heap        ] GC(18) PSYoungGen: 7872K(9728K)->2784K(11776K) Eden: 5120K(5120K)->0K(7168K) From: 2752K(4608K)->2784K(4608K)
[0.310s][info][gc,heap        ] GC(18) ParOldGen: 12257K(18432K)->14953K(18432K)
[0.310s][info][gc,metaspace   ] GC(18) Metaspace: 6303K(6528K)->6303K(6528K) NonClass: 5769K(5888K)->5769K(5888K) Class: 533K(640K)->533K(640K)
[0.310s][info][gc             ] GC(18) Pause Young (Allocation Failure) 19M->17M(29M) 4.159ms
[0.310s][info][gc,cpu         ] GC(18) User=0.00s Sys=0.00s Real=0.00s
[0.316s][info][gc,start       ] GC(19) Pause Young (Allocation Failure)
[0.320s][info][gc,heap        ] GC(19) PSYoungGen: 9952K(11776K)->3840K(11776K) Eden: 7168K(7168K)->0K(7168K) From: 2784K(4608K)->3840K(4608K)
[0.320s][info][gc,heap        ] GC(19) ParOldGen: 14953K(18432K)->17665K(18432K)
[0.320s][info][gc,metaspace   ] GC(19) Metaspace: 6303K(6528K)->6303K(6528K) NonClass: 5769K(5888K)->5769K(5888K) Class: 533K(640K)->533K(640K)
[0.320s][info][gc             ] GC(19) Pause Young (Allocation Failure) 24M->21M(29M) 4.296ms
[0.320s][info][gc,cpu         ] GC(19) User=0.00s Sys=0.00s Real=0.00s
[0.320s][info][gc,start       ] GC(20) Pause Full (Ergonomics)
[0.320s][info][gc,phases,start] GC(20) Marking Phase
[0.326s][info][gc,phases      ] GC(20) Marking Phase 5.384ms
[0.326s][info][gc,phases,start] GC(20) Summary Phase
[0.326s][info][gc,phases      ] GC(20) Summary Phase 0.018ms
[0.326s][info][gc,phases,start] GC(20) Adjust Roots
[0.326s][info][gc,phases      ] GC(20) Adjust Roots 0.220ms
[0.326s][info][gc,phases,start] GC(20) Compaction Phase
[0.333s][info][gc,phases      ] GC(20) Compaction Phase 7.223ms
[0.333s][info][gc,phases,start] GC(20) Post Compact
[0.333s][info][gc,phases      ] GC(20) Post Compact 0.103ms
[0.333s][info][gc,heap        ] GC(20) PSYoungGen: 3840K(11776K)->3188K(11776K) Eden: 0K(7168K)->0K(7168K) From: 3840K(4608K)->3188K(4608K)
[0.334s][info][gc,heap        ] GC(20) ParOldGen: 17665K(18432K)->17980K(26624K)
[0.334s][info][gc,metaspace   ] GC(20) Metaspace: 6303K(6528K)->6303K(6528K) NonClass: 5769K(5888K)->5769K(5888K) Class: 533K(640K)->533K(640K)
[0.334s][info][gc             ] GC(20) Pause Full (Ergonomics) 21M->20M(37M) 13.414ms
[0.334s][info][gc,cpu         ] GC(20) User=0.02s Sys=0.00s Real=0.01s
[0.342s][info][gc,start       ] GC(21) Pause Young (Allocation Failure)
[0.347s][info][gc,heap        ] GC(21) PSYoungGen: 10356K(11776K)->4352K(13824K) Eden: 7168K(7168K)->0K(8704K) From: 3188K(4608K)->4352K(5120K)
[0.347s][info][gc,heap        ] GC(21) ParOldGen: 17980K(26624K)->21244K(26624K)
[0.347s][info][gc,metaspace   ] GC(21) Metaspace: 6303K(6528K)->6303K(6528K) NonClass: 5769K(5888K)->5769K(5888K) Class: 533K(640K)->533K(640K)
[0.347s][info][gc             ] GC(21) Pause Young (Allocation Failure) 27M->24M(39M) 5.288ms
[0.347s][info][gc,cpu         ] GC(21) User=0.00s Sys=0.00s Real=0.01s
[0.352s][info][gc,start       ] GC(22) Pause Young (Allocation Failure)
[0.357s][info][gc,heap        ] GC(22) PSYoungGen: 13056K(13824K)->4608K(14336K) Eden: 8704K(8704K)->0K(8704K) From: 4352K(5120K)->4608K(5632K)
[0.357s][info][gc,heap        ] GC(22) ParOldGen: 21244K(26624K)->25524K(26624K)
[0.357s][info][gc,metaspace   ] GC(22) Metaspace: 6303K(6528K)->6303K(6528K) NonClass: 5769K(5888K)->5769K(5888K) Class: 533K(640K)->533K(640K)
[0.357s][info][gc             ] GC(22) Pause Young (Allocation Failure) 33M->29M(40M) 4.924ms
[0.357s][info][gc,cpu         ] GC(22) User=0.05s Sys=0.00s Real=0.00s
[0.357s][info][gc,start       ] GC(23) Pause Full (Ergonomics)
[0.357s][info][gc,phases,start] GC(23) Marking Phase
[0.365s][info][gc,phases      ] GC(23) Marking Phase 7.424ms
[0.365s][info][gc,phases,start] GC(23) Summary Phase
[0.365s][info][gc,phases      ] GC(23) Summary Phase 0.015ms
[0.365s][info][gc,phases,start] GC(23) Adjust Roots
[0.365s][info][gc,phases      ] GC(23) Adjust Roots 0.190ms
[0.365s][info][gc,phases,start] GC(23) Compaction Phase
[0.374s][info][gc,phases      ] GC(23) Compaction Phase 8.567ms
[0.374s][info][gc,phases,start] GC(23) Post Compact
[0.374s][info][gc,phases      ] GC(23) Post Compact 0.110ms
[0.374s][info][gc,heap        ] GC(23) PSYoungGen: 4608K(14336K)->2963K(14336K) Eden: 0K(8704K)->0K(8704K) From: 4608K(5632K)->2963K(5632K)
[0.374s][info][gc,heap        ] GC(23) ParOldGen: 25524K(26624K)->26386K(37376K)
[0.374s][info][gc,metaspace   ] GC(23) Metaspace: 6303K(6528K)->6303K(6528K) NonClass: 5769K(5888K)->5769K(5888K) Class: 533K(640K)->533K(640K)
[0.374s][info][gc             ] GC(23) Pause Full (Ergonomics) 29M->28M(50M) 16.657ms
[0.374s][info][gc,cpu         ] GC(23) User=0.00s Sys=0.00s Real=0.02s
[0.380s][info][gc,start       ] GC(24) Pause Young (Allocation Failure)
[0.385s][info][gc,heap        ] GC(24) PSYoungGen: 11667K(14336K)->4640K(16384K) Eden: 8704K(8704K)->0K(10240K) From: 2963K(5632K)->4640K(6144K)
[0.385s][info][gc,heap        ] GC(24) ParOldGen: 26386K(37376K)->29426K(37376K)
[0.385s][info][gc,metaspace   ] GC(24) Metaspace: 6303K(6528K)->6303K(6528K) NonClass: 5769K(5888K)->5769K(5888K) Class: 533K(640K)->533K(640K)
[0.385s][info][gc             ] GC(24) Pause Young (Allocation Failure) 37M->33M(52M) 5.077ms
[0.385s][info][gc,cpu         ] GC(24) User=0.00s Sys=0.00s Real=0.01s
[0.394s][info][gc,start       ] GC(25) Pause Young (Allocation Failure)
[0.402s][info][gc,heap        ] GC(25) PSYoungGen: 14880K(16384K)->6656K(16896K) Eden: 10240K(10240K)->0K(10240K) From: 4640K(6144K)->6656K(6656K)
[0.402s][info][gc,heap        ] GC(25) ParOldGen: 29426K(37376K)->36634K(37376K)
[0.402s][info][gc,metaspace   ] GC(25) Metaspace: 6303K(6528K)->6303K(6528K) NonClass: 5769K(5888K)->5769K(5888K) Class: 533K(640K)->533K(640K)
[0.402s][info][gc             ] GC(25) Pause Young (Allocation Failure) 43M->42M(53M) 7.621ms
[0.402s][info][gc,cpu         ] GC(25) User=0.00s Sys=0.02s Real=0.01s
[0.402s][info][gc,start       ] GC(26) Pause Full (Ergonomics)
[0.402s][info][gc,phases,start] GC(26) Marking Phase
[0.413s][info][gc,phases      ] GC(26) Marking Phase 10.518ms
[0.413s][info][gc,phases,start] GC(26) Summary Phase
[0.413s][info][gc,phases      ] GC(26) Summary Phase 0.018ms
[0.413s][info][gc,phases,start] GC(26) Adjust Roots
[0.413s][info][gc,phases      ] GC(26) Adjust Roots 0.217ms
[0.413s][info][gc,phases,start] GC(26) Compaction Phase
[0.425s][info][gc,phases      ] GC(26) Compaction Phase 11.503ms
[0.425s][info][gc,phases,start] GC(26) Post Compact
[0.425s][info][gc,phases      ] GC(26) Post Compact 0.252ms
[0.425s][info][gc,heap        ] GC(26) PSYoungGen: 6656K(16896K)->6131K(16896K) Eden: 0K(10240K)->0K(10240K) From: 6656K(6656K)->6131K(6656K)
[0.425s][info][gc,heap        ] GC(26) ParOldGen: 36634K(37376K)->36940K(51200K)
[0.425s][info][gc,metaspace   ] GC(26) Metaspace: 6303K(6528K)->6303K(6528K) NonClass: 5769K(5888K)->5769K(5888K) Class: 533K(640K)->533K(640K)
[0.425s][info][gc             ] GC(26) Pause Full (Ergonomics) 42M->42M(66M) 22.911ms
[0.425s][info][gc,cpu         ] GC(26) User=0.00s Sys=0.02s Real=0.02s
[0.440s][info][gc,start       ] GC(27) Pause Young (Allocation Failure)
[0.452s][info][gc,heap        ] GC(27) PSYoungGen: 16371K(16896K)->10208K(18944K) Eden: 10240K(10240K)->0K(8704K) From: 6131K(6656K)->10208K(10240K)
[0.452s][info][gc,heap        ] GC(27) ParOldGen: 36940K(51200K)->43308K(51200K)
[0.452s][info][gc,metaspace   ] GC(27) Metaspace: 6303K(6528K)->6303K(6528K) NonClass: 5769K(5888K)->5769K(5888K) Class: 533K(640K)->533K(640K)
[0.452s][info][gc             ] GC(27) Pause Young (Allocation Failure) 52M->52M(68M) 12.377ms
[0.452s][info][gc,cpu         ] GC(27) User=0.00s Sys=0.00s Real=0.01s
[0.461s][info][gc,start       ] GC(28) Pause Young (Allocation Failure)
[0.472s][info][gc,heap        ] GC(28) PSYoungGen: 18912K(18944K)->8800K(23040K) Eden: 8704K(8704K)->0K(8704K) From: 10208K(10240K)->8800K(14336K)
[0.472s][info][gc,heap        ] GC(28) ParOldGen: 43308K(51200K)->53572K(53760K)
[0.472s][info][gc,metaspace   ] GC(28) Metaspace: 6303K(6528K)->6303K(6528K) NonClass: 5769K(5888K)->5769K(5888K) Class: 533K(640K)->533K(640K)
[0.472s][info][gc             ] GC(28) Pause Young (Allocation Failure) 60M->60M(75M) 10.679ms
[0.472s][info][gc,cpu         ] GC(28) User=0.02s Sys=0.00s Real=0.01s
[0.472s][info][gc,start       ] GC(29) Pause Full (Ergonomics)
[0.472s][info][gc,phases,start] GC(29) Marking Phase
[0.486s][info][gc,phases      ] GC(29) Marking Phase 13.769ms
[0.486s][info][gc,phases,start] GC(29) Summary Phase
[0.486s][info][gc,phases      ] GC(29) Summary Phase 0.018ms
[0.486s][info][gc,phases,start] GC(29) Adjust Roots
[0.486s][info][gc,phases      ] GC(29) Adjust Roots 0.232ms
[0.486s][info][gc,phases,start] GC(29) Compaction Phase
[0.504s][info][gc,phases      ] GC(29) Compaction Phase 18.332ms
[0.504s][info][gc,phases,start] GC(29) Post Compact
[0.505s][info][gc,phases      ] GC(29) Post Compact 0.243ms
[0.505s][info][gc,heap        ] GC(29) PSYoungGen: 8800K(23040K)->7651K(23040K) Eden: 0K(8704K)->0K(8704K) From: 8800K(14336K)->7651K(14336K)
[0.505s][info][gc,heap        ] GC(29) ParOldGen: 53572K(53760K)->53282K(72192K)
[0.505s][info][gc,metaspace   ] GC(29) Metaspace: 6303K(6528K)->6303K(6528K) NonClass: 5769K(5888K)->5769K(5888K) Class: 533K(640K)->533K(640K)
[0.505s][info][gc             ] GC(29) Pause Full (Ergonomics) 60M->59M(93M) 32.974ms
[0.505s][info][gc,cpu         ] GC(29) User=0.03s Sys=0.00s Real=0.03s
[0.514s][info][gc,start       ] GC(30) Pause Young (Allocation Failure)
[0.524s][info][gc,heap        ] GC(30) PSYoungGen: 16355K(23040K)->8832K(25600K) Eden: 8704K(8704K)->0K(10752K) From: 7651K(14336K)->8832K(14848K)
[0.524s][info][gc,heap        ] GC(30) ParOldGen: 53282K(72192K)->61066K(72192K)
[0.524s][info][gc,metaspace   ] GC(30) Metaspace: 6303K(6528K)->6303K(6528K) NonClass: 5769K(5888K)->5769K(5888K) Class: 533K(640K)->533K(640K)
[0.524s][info][gc             ] GC(30) Pause Young (Allocation Failure) 68M->68M(95M) 9.856ms
[0.524s][info][gc,cpu         ] GC(30) User=0.00s Sys=0.00s Real=0.01s
[0.535s][info][gc,start       ] GC(31) Pause Young (Allocation Failure)
[0.545s][info][gc,heap        ] GC(31) PSYoungGen: 19584K(25600K)->10880K(25600K) Eden: 10752K(10752K)->0K(10752K) From: 8832K(14848K)->10880K(14848K)
[0.545s][info][gc,heap        ] GC(31) ParOldGen: 61066K(72192K)->69898K(72192K)
[0.545s][info][gc,metaspace   ] GC(31) Metaspace: 6303K(6528K)->6303K(6528K) NonClass: 5769K(5888K)->5769K(5888K) Class: 533K(640K)->533K(640K)
[0.545s][info][gc             ] GC(31) Pause Young (Allocation Failure) 78M->78M(95M) 10.319ms
[0.545s][info][gc,cpu         ] GC(31) User=0.02s Sys=0.00s Real=0.01s
[0.545s][info][gc,start       ] GC(32) Pause Full (Ergonomics)
[0.545s][info][gc,phases,start] GC(32) Marking Phase
[0.564s][info][gc,phases      ] GC(32) Marking Phase 18.735ms
[0.564s][info][gc,phases,start] GC(32) Summary Phase
[0.564s][info][gc,phases      ] GC(32) Summary Phase 0.018ms
[0.564s][info][gc,phases,start] GC(32) Adjust Roots
[0.564s][info][gc,phases      ] GC(32) Adjust Roots 0.225ms
[0.564s][info][gc,phases,start] GC(32) Compaction Phase
[0.577s][info][gc,phases      ] GC(32) Compaction Phase 13.020ms
[0.577s][info][gc,phases,start] GC(32) Post Compact
[0.578s][info][gc,phases      ] GC(32) Post Compact 0.261ms
[0.578s][info][gc,heap        ] GC(32) PSYoungGen: 10880K(25600K)->8167K(25600K) Eden: 0K(10752K)->0K(10752K) From: 10880K(14848K)->8167K(14848K)
[0.578s][info][gc,heap        ] GC(32) ParOldGen: 69898K(72192K)->72164K(94720K)
[0.578s][info][gc,metaspace   ] GC(32) Metaspace: 6303K(6528K)->6303K(6528K) NonClass: 5769K(5888K)->5769K(5888K) Class: 533K(640K)->533K(640K)
[0.578s][info][gc             ] GC(32) Pause Full (Ergonomics) 78M->78M(117M) 32.716ms
[0.578s][info][gc,cpu         ] GC(32) User=0.14s Sys=0.00s Real=0.03s
[0.587s][info][gc,start       ] GC(33) Pause Young (Allocation Failure)
[0.598s][info][gc,heap        ] GC(33) PSYoungGen: 16747K(25600K)->8544K(28672K) Eden: 8580K(10752K)->0K(12800K) From: 8167K(14848K)->8544K(15872K)
[0.598s][info][gc,heap        ] GC(33) ParOldGen: 72164K(94720K)->80484K(94720K)
[0.598s][info][gc,metaspace   ] GC(33) Metaspace: 6303K(6528K)->6303K(6528K) NonClass: 5769K(5888K)->5769K(5888K) Class: 533K(640K)->533K(640K)
[0.598s][info][gc             ] GC(33) Pause Young (Allocation Failure) 86M->86M(120M) 10.508ms
[0.598s][info][gc,cpu         ] GC(33) User=0.02s Sys=0.00s Real=0.01s
[0.619s][info][gc,start       ] GC(34) Pause Young (Allocation Failure)
[0.634s][info][gc,heap        ] GC(34) PSYoungGen: 21344K(28672K)->15840K(28672K) Eden: 12800K(12800K)->0K(12800K) From: 8544K(15872K)->15840K(15872K)
[0.634s][info][gc,heap        ] GC(34) ParOldGen: 80484K(94720K)->85948K(94720K)
[0.634s][info][gc,metaspace   ] GC(34) Metaspace: 6303K(6528K)->6303K(6528K) NonClass: 5769K(5888K)->5769K(5888K) Class: 533K(640K)->533K(640K)
[0.634s][info][gc             ] GC(34) Pause Young (Allocation Failure) 99M->99M(120M) 14.714ms
[0.634s][info][gc,cpu         ] GC(34) User=0.02s Sys=0.00s Real=0.01s
[0.634s][info][gc,start       ] GC(35) Pause Full (Ergonomics)
[0.634s][info][gc,phases,start] GC(35) Marking Phase
[0.657s][info][gc,phases      ] GC(35) Marking Phase 23.164ms
[0.657s][info][gc,phases,start] GC(35) Summary Phase
[0.657s][info][gc,phases      ] GC(35) Summary Phase 0.017ms
[0.657s][info][gc,phases,start] GC(35) Adjust Roots
[0.657s][info][gc,phases      ] GC(35) Adjust Roots 0.187ms
[0.657s][info][gc,phases,start] GC(35) Compaction Phase
[0.681s][info][gc,phases      ] GC(35) Compaction Phase 23.985ms
[0.681s][info][gc,phases,start] GC(35) Post Compact
[0.682s][info][gc,phases      ] GC(35) Post Compact 0.576ms
[0.682s][info][gc,heap        ] GC(35) PSYoungGen: 15840K(28672K)->5078K(28672K) Eden: 0K(12800K)->0K(12800K) From: 15840K(15872K)->5078K(15872K)
[0.682s][info][gc,heap        ] GC(35) ParOldGen: 85948K(94720K)->94377K(118272K)
[0.682s][info][gc,metaspace   ] GC(35) Metaspace: 6303K(6528K)->6303K(6528K) NonClass: 5769K(5888K)->5769K(5888K) Class: 533K(640K)->533K(640K)
[0.682s][info][gc             ] GC(35) Pause Full (Ergonomics) 99M->97M(143M) 48.336ms
[0.682s][info][gc,cpu         ] GC(35) User=0.16s Sys=0.00s Real=0.05s
[0.694s][info][gc,start       ] GC(36) Pause Young (Allocation Failure)
[0.707s][info][gc,heap        ] GC(36) PSYoungGen: 17878K(28672K)->12960K(34816K) Eden: 12800K(12800K)->0K(14336K) From: 5078K(15872K)->12960K(20480K)
[0.708s][info][gc,heap        ] GC(36) ParOldGen: 94377K(118272K)->99545K(118272K)
[0.708s][info][gc,metaspace   ] GC(36) Metaspace: 6303K(6528K)->6303K(6528K) NonClass: 5769K(5888K)->5769K(5888K) Class: 533K(640K)->533K(640K)
[0.708s][info][gc             ] GC(36) Pause Young (Allocation Failure) 109M->109M(149M) 13.471ms
[0.708s][info][gc,cpu         ] GC(36) User=0.02s Sys=0.00s Real=0.01s
[0.722s][info][gc,start       ] GC(37) Pause Young (Allocation Failure)
[0.736s][info][gc,heap        ] GC(37) PSYoungGen: 27296K(34816K)->20992K(35328K) Eden: 14336K(14336K)->0K(14336K) From: 12960K(20480K)->20992K(20992K)
[0.736s][info][gc,heap        ] GC(37) ParOldGen: 99545K(118272K)->105777K(118272K)
[0.736s][info][gc,metaspace   ] GC(37) Metaspace: 6303K(6528K)->6303K(6528K) NonClass: 5769K(5888K)->5769K(5888K) Class: 533K(640K)->533K(640K)
[0.736s][info][gc             ] GC(37) Pause Young (Allocation Failure) 123M->123M(150M) 13.632ms
[0.736s][info][gc,cpu         ] GC(37) User=0.02s Sys=0.00s Real=0.01s
[0.750s][info][gc,start       ] GC(38) Pause Young (Allocation Failure)
[0.768s][info][gc,heap        ] GC(38) PSYoungGen: 35328K(35328K)->14464K(43520K) Eden: 14336K(14336K)->0K(16896K) From: 20992K(20992K)->14464K(26624K)
[0.768s][info][gc,heap        ] GC(38) ParOldGen: 105777K(118272K)->127041K(127488K)
[0.768s][info][gc,metaspace   ] GC(38) Metaspace: 6303K(6528K)->6303K(6528K) NonClass: 5769K(5888K)->5769K(5888K) Class: 533K(640K)->533K(640K)
[0.768s][info][gc             ] GC(38) Pause Young (Allocation Failure) 137M->138M(167M) 18.078ms
[0.768s][info][gc,cpu         ] GC(38) User=0.02s Sys=0.02s Real=0.02s
[0.768s][info][gc,start       ] GC(39) Pause Full (Ergonomics)
[0.768s][info][gc,phases,start] GC(39) Marking Phase
[0.801s][info][gc,phases      ] GC(39) Marking Phase 32.699ms
[0.801s][info][gc,phases,start] GC(39) Summary Phase
[0.801s][info][gc,phases      ] GC(39) Summary Phase 0.019ms
[0.801s][info][gc,phases,start] GC(39) Adjust Roots
[0.801s][info][gc,phases      ] GC(39) Adjust Roots 0.220ms
[0.801s][info][gc,phases,start] GC(39) Compaction Phase
[0.827s][info][gc,phases      ] GC(39) Compaction Phase 25.684ms
[0.827s][info][gc,phases,start] GC(39) Post Compact
[0.828s][info][gc,phases      ] GC(39) Post Compact 0.541ms
[0.828s][info][gc,heap        ] GC(39) PSYoungGen: 14464K(43520K)->13795K(43520K) Eden: 0K(16896K)->0K(16896K) From: 14464K(26624K)->13795K(26624K)
[0.828s][info][gc,heap        ] GC(39) ParOldGen: 127041K(127488K)->127038K(157696K)
[0.828s][info][gc,metaspace   ] GC(39) Metaspace: 6303K(6528K)->6303K(6528K) NonClass: 5769K(5888K)->5769K(5888K) Class: 533K(640K)->533K(640K)
[0.828s][info][gc             ] GC(39) Pause Full (Ergonomics) 138M->137M(196M) 59.626ms
[0.828s][info][gc,cpu         ] GC(39) User=0.30s Sys=0.00s Real=0.06s
[0.846s][info][gc,start       ] GC(40) Pause Young (Allocation Failure)
[0.865s][info][gc,heap        ] GC(40) PSYoungGen: 30691K(43520K)->17024K(43520K) Eden: 16896K(16896K)->0K(16896K) From: 13795K(26624K)->17024K(26624K)
[0.865s][info][gc,heap        ] GC(40) ParOldGen: 127038K(157696K)->141062K(157696K)
[0.865s][info][gc,metaspace   ] GC(40) Metaspace: 6303K(6528K)->6303K(6528K) NonClass: 5769K(5888K)->5769K(5888K) Class: 533K(640K)->533K(640K)
[0.865s][info][gc             ] GC(40) Pause Young (Allocation Failure) 154M->154M(196M) 19.247ms
[0.865s][info][gc,cpu         ] GC(40) User=0.12s Sys=0.00s Real=0.02s
[0.865s][info][gc,start       ] GC(41) Pause Full (Ergonomics)
[0.865s][info][gc,phases,start] GC(41) Marking Phase
[0.901s][info][gc,phases      ] GC(41) Marking Phase 36.403ms
[0.902s][info][gc,phases,start] GC(41) Summary Phase
[0.902s][info][gc,phases      ] GC(41) Summary Phase 0.025ms
[0.902s][info][gc,phases,start] GC(41) Adjust Roots
[0.902s][info][gc,phases      ] GC(41) Adjust Roots 0.197ms
[0.902s][info][gc,phases,start] GC(41) Compaction Phase
[0.919s][info][gc,phases      ] GC(41) Compaction Phase 17.019ms
[0.919s][info][gc,phases,start] GC(41) Post Compact
[0.920s][info][gc,phases      ] GC(41) Post Compact 0.716ms
[0.920s][info][gc,heap        ] GC(41) PSYoungGen: 17024K(43520K)->32K(43520K) Eden: 0K(16896K)->0K(16896K) From: 17024K(26624K)->32K(26624K)
[0.920s][info][gc,heap        ] GC(41) ParOldGen: 141062K(157696K)->157666K(192000K)
[0.920s][info][gc,metaspace   ] GC(41) Metaspace: 6303K(6528K)->6303K(6528K) NonClass: 5769K(5888K)->5769K(5888K) Class: 533K(640K)->533K(640K)
[0.920s][info][gc             ] GC(41) Pause Full (Ergonomics) 154M->154M(230M) 54.815ms
[0.920s][info][gc,cpu         ] GC(41) User=0.30s Sys=0.00s Real=0.05s
[0.937s][info][gc,start       ] GC(42) Pause Young (Allocation Failure)
[0.952s][info][gc,heap        ] GC(42) PSYoungGen: 16928K(43520K)->17088K(46080K) Eden: 16896K(16896K)->0K(18944K) From: 32K(26624K)->17088K(27136K)
[0.952s][info][gc,heap        ] GC(42) ParOldGen: 157666K(192000K)->157666K(192000K)
[0.952s][info][gc,metaspace   ] GC(42) Metaspace: 6303K(6528K)->6303K(6528K) NonClass: 5769K(5888K)->5769K(5888K) Class: 533K(640K)->533K(640K)
[0.952s][info][gc             ] GC(42) Pause Young (Allocation Failure) 170M->170M(232M) 14.988ms
[0.952s][info][gc,cpu         ] GC(42) User=0.02s Sys=0.00s Real=0.01s
[0.997s][info][gc,start       ] GC(43) Pause Young (Allocation Failure)
[1.022s][info][gc,heap        ] GC(43) PSYoungGen: 36032K(46080K)->27616K(46592K) Eden: 18944K(18944K)->0K(18944K) From: 17088K(27136K)->27616K(27648K)
[1.022s][info][gc,heap        ] GC(43) ParOldGen: 157666K(192000K)->166074K(192000K)
[1.022s][info][gc,metaspace   ] GC(43) Metaspace: 6303K(6528K)->6303K(6528K) NonClass: 5769K(5888K)->5769K(5888K) Class: 533K(640K)->533K(640K)
[1.022s][info][gc             ] GC(43) Pause Young (Allocation Failure) 189M->189M(233M) 24.976ms
[1.022s][info][gc,cpu         ] GC(43) User=0.00s Sys=0.00s Real=0.02s
[1.040s][info][gc,start       ] GC(44) Pause Young (Allocation Failure)
[1.067s][info][gc,heap        ] GC(44) PSYoungGen: 46560K(46592K)->34336K(50688K) Eden: 18944K(18944K)->0K(15872K) From: 27616K(27648K)->34336K(34816K)
[1.067s][info][gc,heap        ] GC(44) ParOldGen: 166074K(192000K)->178626K(192000K)
[1.067s][info][gc,metaspace   ] GC(44) Metaspace: 6303K(6528K)->6303K(6528K) NonClass: 5769K(5888K)->5769K(5888K) Class: 533K(640K)->533K(640K)
[1.067s][info][gc             ] GC(44) Pause Young (Allocation Failure) 207M->207M(237M) 27.048ms
[1.067s][info][gc,cpu         ] GC(44) User=0.03s Sys=0.00s Real=0.03s
[1.067s][info][gc,start       ] GC(45) Pause Full (Ergonomics)
[1.067s][info][gc,phases,start] GC(45) Marking Phase
[1.116s][info][gc,phases      ] GC(45) Marking Phase 48.482ms
[1.116s][info][gc,phases,start] GC(45) Summary Phase
[1.116s][info][gc,phases      ] GC(45) Summary Phase 0.018ms
[1.116s][info][gc,phases,start] GC(45) Adjust Roots
[1.116s][info][gc,phases      ] GC(45) Adjust Roots 0.234ms
[1.116s][info][gc,phases,start] GC(45) Compaction Phase
[1.158s][info][gc,phases      ] GC(45) Compaction Phase 42.343ms
[1.158s][info][gc,phases,start] GC(45) Post Compact
[1.159s][info][gc,phases      ] GC(45) Post Compact 0.982ms
[1.160s][info][gc,heap        ] GC(45) PSYoungGen: 34336K(50688K)->16765K(50688K) Eden: 0K(15872K)->0K(15872K) From: 34336K(34816K)->16765K(34816K)
[1.160s][info][gc,heap        ] GC(45) ParOldGen: 178626K(192000K)->191543K(227840K)
[1.160s][info][gc,metaspace   ] GC(45) Metaspace: 6303K(6528K)->6303K(6528K) NonClass: 5769K(5888K)->5769K(5888K) Class: 533K(640K)->533K(640K)
[1.160s][info][gc             ] GC(45) Pause Full (Ergonomics) 207M->203M(272M) 92.618ms
[1.160s][info][gc,cpu         ] GC(45) User=0.52s Sys=0.00s Real=0.09s
[1.178s][info][gc,start       ] GC(46) Pause Young (Allocation Failure)
[1.202s][info][gc,heap        ] GC(46) PSYoungGen: 32637K(50688K)->32800K(56320K) Eden: 15872K(15872K)->0K(15872K) From: 16765K(34816K)->32800K(40448K)
[1.202s][info][gc,heap        ] GC(46) ParOldGen: 191543K(227840K)->191543K(227840K)
[1.202s][info][gc,metaspace   ] GC(46) Metaspace: 6303K(6528K)->6303K(6528K) NonClass: 5769K(5888K)->5769K(5888K) Class: 533K(640K)->533K(640K)
[1.202s][info][gc             ] GC(46) Pause Young (Allocation Failure) 218M->219M(277M) 23.400ms
[1.202s][info][gc,cpu         ] GC(46) User=0.14s Sys=0.00s Real=0.02s
[1.220s][info][gc,start       ] GC(47) Pause Young (Allocation Failure)
[1.244s][info][gc,heap        ] GC(47) PSYoungGen: 48672K(56320K)->44032K(53248K) Eden: 15872K(15872K)->0K(9216K) From: 32800K(40448K)->44032K(44032K)
[1.244s][info][gc,heap        ] GC(47) ParOldGen: 191543K(227840K)->196135K(227840K)
[1.244s][info][gc,metaspace   ] GC(47) Metaspace: 6303K(6528K)->6303K(6528K) NonClass: 5769K(5888K)->5769K(5888K) Class: 533K(640K)->533K(640K)
[1.244s][info][gc             ] GC(47) Pause Young (Allocation Failure) 234M->234M(274M) 23.632ms
[1.244s][info][gc,cpu         ] GC(47) User=0.11s Sys=0.02s Real=0.02s
[1.255s][info][gc,start       ] GC(48) Pause Young (Allocation Failure)
[1.279s][info][gc,heap        ] GC(48) PSYoungGen: 53248K(53248K)->38624K(61952K) Eden: 9216K(9216K)->0K(9216K) From: 44032K(44032K)->38624K(52736K)
[1.279s][info][gc,heap        ] GC(48) ParOldGen: 196135K(227840K)->211047K(227840K)
[1.279s][info][gc,metaspace   ] GC(48) Metaspace: 6303K(6528K)->6303K(6528K) NonClass: 5769K(5888K)->5769K(5888K) Class: 533K(640K)->533K(640K)
[1.279s][info][gc             ] GC(48) Pause Young (Allocation Failure) 243M->243M(283M) 23.333ms
[1.279s][info][gc,cpu         ] GC(48) User=0.12s Sys=0.02s Real=0.02s
[1.279s][info][gc,start       ] GC(49) Pause Full (Ergonomics)
[1.279s][info][gc,phases,start] GC(49) Marking Phase
[1.335s][info][gc,phases      ] GC(49) Marking Phase 56.266ms
[1.335s][info][gc,phases,start] GC(49) Summary Phase
[1.335s][info][gc,phases      ] GC(49) Summary Phase 0.018ms
[1.335s][info][gc,phases,start] GC(49) Adjust Roots
[1.335s][info][gc,phases      ] GC(49) Adjust Roots 0.196ms
[1.335s][info][gc,phases,start] GC(49) Compaction Phase
[1.366s][info][gc,phases      ] GC(49) Compaction Phase 30.413ms
[1.366s][info][gc,phases,start] GC(49) Post Compact
[1.367s][info][gc,phases      ] GC(49) Post Compact 1.107ms
[1.367s][info][gc,heap        ] GC(49) PSYoungGen: 38624K(61952K)->21559K(61952K) Eden: 0K(9216K)->0K(9216K) From: 38624K(52736K)->21559K(52736K)
[1.367s][info][gc,heap        ] GC(49) ParOldGen: 211047K(227840K)->227611K(266752K)
[1.367s][info][gc,metaspace   ] GC(49) Metaspace: 6303K(6528K)->6303K(6528K) NonClass: 5769K(5888K)->5769K(5888K) Class: 533K(640K)->533K(640K)
[1.367s][info][gc             ] GC(49) Pause Full (Ergonomics) 243M->243M(321M) 88.508ms
[1.367s][info][gc,cpu         ] GC(49) User=0.48s Sys=0.03s Real=0.09s
[1.378s][info][gc,start       ] GC(50) Pause Young (Allocation Failure)
[1.401s][info][gc,heap        ] GC(50) PSYoungGen: 30775K(61952K)->22496K(59904K) Eden: 9216K(9216K)->0K(10752K) From: 21559K(52736K)->22496K(49152K)
[1.401s][info][gc,heap        ] GC(50) ParOldGen: 227611K(266752K)->236155K(266752K)
[1.401s][info][gc,metaspace   ] GC(50) Metaspace: 6303K(6528K)->6303K(6528K) NonClass: 5769K(5888K)->5769K(5888K) Class: 533K(640K)->533K(640K)
[1.401s][info][gc             ] GC(50) Pause Young (Allocation Failure) 252M->252M(319M) 23.061ms
[1.401s][info][gc,cpu         ] GC(50) User=0.12s Sys=0.00s Real=0.02s
[1.414s][info][gc,start       ] GC(51) Pause Young (Allocation Failure)
[1.430s][info][gc,heap        ] GC(51) PSYoungGen: 33248K(59904K)->33248K(63488K) Eden: 10752K(10752K)->0K(10752K) From: 22496K(49152K)->33248K(52736K)
[1.430s][info][gc,heap        ] GC(51) ParOldGen: 236155K(266752K)->236155K(266752K)
[1.430s][info][gc,metaspace   ] GC(51) Metaspace: 6303K(6528K)->6303K(6528K) NonClass: 5769K(5888K)->5769K(5888K) Class: 533K(640K)->533K(640K)
[1.430s][info][gc             ] GC(51) Pause Young (Allocation Failure) 263M->263M(322M) 16.271ms
[1.430s][info][gc,cpu         ] GC(51) User=0.02s Sys=0.00s Real=0.02s
[1.442s][info][gc,start       ] GC(52) Pause Young (Allocation Failure)
[1.464s][info][gc,heap        ] GC(52) PSYoungGen: 44000K(63488K)->36288K(64512K) Eden: 10752K(10752K)->0K(10752K) From: 33248K(52736K)->36288K(53760K)
[1.464s][info][gc,heap        ] GC(52) ParOldGen: 236155K(266752K)->244019K(266752K)
[1.464s][info][gc,metaspace   ] GC(52) Metaspace: 6303K(6528K)->6303K(6528K) NonClass: 5769K(5888K)->5769K(5888K) Class: 533K(640K)->533K(640K)
[1.464s][info][gc             ] GC(52) Pause Young (Allocation Failure) 273M->273M(323M) 21.279ms
[1.464s][info][gc,cpu         ] GC(52) User=0.12s Sys=0.00s Real=0.02s
[1.477s][info][gc,start       ] GC(53) Pause Young (Allocation Failure)
[1.500s][info][gc,heap        ] GC(53) PSYoungGen: 47040K(64512K)->32320K(66048K) Eden: 10752K(10752K)->0K(10752K) From: 36288K(53760K)->32320K(55296K)
[1.500s][info][gc,heap        ] GC(53) ParOldGen: 244019K(266752K)->258859K(266752K)
[1.500s][info][gc,metaspace   ] GC(53) Metaspace: 6303K(6528K)->6303K(6528K) NonClass: 5769K(5888K)->5769K(5888K) Class: 533K(640K)->533K(640K)
[1.500s][info][gc             ] GC(53) Pause Young (Allocation Failure) 284M->284M(325M) 22.551ms
[1.500s][info][gc,cpu         ] GC(53) User=0.12s Sys=0.02s Real=0.02s
[1.500s][info][gc,start       ] GC(54) Pause Full (Ergonomics)
[1.500s][info][gc,phases,start] GC(54) Marking Phase
[1.565s][info][gc,phases      ] GC(54) Marking Phase 64.803ms
[1.565s][info][gc,phases,start] GC(54) Summary Phase
[1.565s][info][gc,phases      ] GC(54) Summary Phase 0.027ms
[1.565s][info][gc,phases,start] GC(54) Adjust Roots
[1.565s][info][gc,phases      ] GC(54) Adjust Roots 0.206ms
[1.565s][info][gc,phases,start] GC(54) Compaction Phase
[1.598s][info][gc,phases      ] GC(54) Compaction Phase 33.266ms
[1.598s][info][gc,phases,start] GC(54) Post Compact
[1.600s][info][gc,phases      ] GC(54) Post Compact 1.581ms
[1.600s][info][gc,heap        ] GC(54) PSYoungGen: 32320K(66048K)->23980K(66048K) Eden: 0K(10752K)->0K(10752K) From: 32320K(55296K)->23980K(55296K)
[1.600s][info][gc,heap        ] GC(54) ParOldGen: 258859K(266752K)->266533K(307712K)
[1.600s][info][gc,metaspace   ] GC(54) Metaspace: 6303K(6528K)->6303K(6528K) NonClass: 5769K(5888K)->5769K(5888K) Class: 533K(640K)->533K(640K)
[1.601s][info][gc             ] GC(54) Pause Full (Ergonomics) 284M->283M(365M) 100.663ms
[1.601s][info][gc,cpu         ] GC(54) User=0.58s Sys=0.00s Real=0.10s
[1.613s][info][gc,start       ] GC(55) Pause Young (Allocation Failure)
[1.641s][info][gc,heap        ] GC(55) PSYoungGen: 34732K(66048K)->18912K(63488K) Eden: 10752K(10752K)->0K(12288K) From: 23980K(55296K)->18912K(51200K)
[1.641s][info][gc,heap        ] GC(55) ParOldGen: 266533K(307712K)->282749K(307712K)
[1.641s][info][gc,metaspace   ] GC(55) Metaspace: 6303K(6528K)->6303K(6528K) NonClass: 5769K(5888K)->5769K(5888K) Class: 533K(640K)->533K(640K)
[1.641s][info][gc             ] GC(55) Pause Young (Allocation Failure) 294M->294M(362M) 27.981ms
[1.641s][info][gc,cpu         ] GC(55) User=0.09s Sys=0.02s Real=0.03s
[1.656s][info][gc,start       ] GC(56) Pause Young (Allocation Failure)
[1.672s][info][gc,heap        ] GC(56) PSYoungGen: 31200K(63488K)->23200K(35840K) Eden: 12288K(12288K)->0K(12288K) From: 18912K(51200K)->23200K(23552K)
[1.673s][info][gc,heap        ] GC(56) ParOldGen: 282749K(307712K)->290917K(307712K)
[1.673s][info][gc,metaspace   ] GC(56) Metaspace: 6303K(6528K)->6303K(6528K) NonClass: 5769K(5888K)->5769K(5888K) Class: 533K(640K)->533K(640K)
[1.673s][info][gc             ] GC(56) Pause Young (Allocation Failure) 306M->306M(335M) 16.985ms
[1.673s][info][gc,cpu         ] GC(56) User=0.02s Sys=0.00s Real=0.02s
[1.673s][info][gc,start       ] GC(57) Pause Full (Ergonomics)
[1.673s][info][gc,phases,start] GC(57) Marking Phase
[1.743s][info][gc,phases      ] GC(57) Marking Phase 70.241ms
[1.743s][info][gc,phases,start] GC(57) Summary Phase
[1.743s][info][gc,phases      ] GC(57) Summary Phase 0.018ms
[1.743s][info][gc,phases,start] GC(57) Adjust Roots
[1.743s][info][gc,phases      ] GC(57) Adjust Roots 0.217ms
[1.743s][info][gc,phases,start] GC(57) Compaction Phase
[1.773s][info][gc,phases      ] GC(57) Compaction Phase 29.362ms
[1.773s][info][gc,phases,start] GC(57) Post Compact
[1.774s][info][gc,phases      ] GC(57) Post Compact 1.532ms
[1.775s][info][gc,heap        ] GC(57) PSYoungGen: 23200K(35840K)->6115K(35840K) Eden: 0K(12288K)->0K(12288K) From: 23200K(23552K)->6115K(23552K)
[1.775s][info][gc,heap        ] GC(57) ParOldGen: 290917K(307712K)->307374K(351744K)
[1.775s][info][gc,metaspace   ] GC(57) Metaspace: 6303K(6528K)->6303K(6528K) NonClass: 5769K(5888K)->5769K(5888K) Class: 533K(640K)->533K(640K)
[1.775s][info][gc             ] GC(57) Pause Full (Ergonomics) 306M->306M(378M) 102.042ms
[1.775s][info][gc,cpu         ] GC(57) User=0.61s Sys=0.03s Real=0.10s
[1.789s][info][gc,start       ] GC(58) Pause Young (Allocation Failure)
[1.812s][info][gc,heap        ] GC(58) PSYoungGen: 18403K(35840K)->15296K(63488K) Eden: 12288K(12288K)->0K(13824K) From: 6115K(23552K)->15296K(49664K)
[1.812s][info][gc,heap        ] GC(58) ParOldGen: 307374K(351744K)->310686K(351744K)
[1.812s][info][gc,metaspace   ] GC(58) Metaspace: 6303K(6528K)->6303K(6528K) NonClass: 5769K(5888K)->5769K(5888K) Class: 533K(640K)->533K(640K)
[1.812s][info][gc             ] GC(58) Pause Young (Allocation Failure) 318M->318M(405M) 22.736ms
[1.812s][info][gc,cpu         ] GC(58) User=0.14s Sys=0.00s Real=0.02s
[1.828s][info][gc,start       ] GC(59) Pause Young (Allocation Failure)
[1.844s][info][gc,heap        ] GC(59) PSYoungGen: 29120K(63488K)->29120K(64000K) Eden: 13824K(13824K)->0K(13824K) From: 15296K(49664K)->29120K(50176K)
[1.844s][info][gc,heap        ] GC(59) ParOldGen: 310686K(351744K)->310686K(351744K)
[1.844s][info][gc,metaspace   ] GC(59) Metaspace: 6303K(6528K)->6303K(6528K) NonClass: 5769K(5888K)->5769K(5888K) Class: 533K(640K)->533K(640K)
[1.844s][info][gc             ] GC(59) Pause Young (Allocation Failure) 331M->331M(406M) 15.808ms
[1.844s][info][gc,cpu         ] GC(59) User=0.02s Sys=0.00s Real=0.02s
[1.910s][info][gc,start       ] GC(60) Pause Young (Allocation Failure)
[1.940s][info][gc,heap        ] GC(60) PSYoungGen: 42944K(64000K)->42912K(59904K) Eden: 13824K(13824K)->0K(10752K) From: 29120K(50176K)->42912K(49152K)
[1.940s][info][gc,heap        ] GC(60) ParOldGen: 327070K(351744K)->327070K(351744K)
[1.940s][info][gc,metaspace   ] GC(60) Metaspace: 6303K(6528K)->6303K(6528K) NonClass: 5769K(5888K)->5769K(5888K) Class: 533K(640K)->533K(640K)
[1.940s][info][gc             ] GC(60) Pause Young (Allocation Failure) 361M->361M(402M) 30.152ms
[1.940s][info][gc,cpu         ] GC(60) User=0.05s Sys=0.00s Real=0.03s
[1.952s][info][gc,start       ] GC(61) Pause Young (Allocation Failure)
[1.977s][info][gc,heap        ] GC(61) PSYoungGen: 53664K(59904K)->53696K(64512K) Eden: 10752K(10752K)->0K(10752K) From: 42912K(49152K)->53696K(53760K)
[1.977s][info][gc,heap        ] GC(61) ParOldGen: 327070K(351744K)->327070K(351744K)
[1.977s][info][gc,metaspace   ] GC(61) Metaspace: 6303K(6528K)->6303K(6528K) NonClass: 5769K(5888K)->5769K(5888K) Class: 533K(640K)->533K(640K)
[1.977s][info][gc             ] GC(61) Pause Young (Allocation Failure) 371M->371M(406M) 25.408ms
[1.977s][info][gc,cpu         ] GC(61) User=0.03s Sys=0.00s Real=0.03s
[1.988s][info][gc,start       ] GC(62) Pause Young (Allocation Failure)
[2.018s][info][gc,heap        ] GC(62) PSYoungGen: 64448K(64512K)->60928K(62976K) Eden: 10752K(10752K)->0K(2048K) From: 53696K(53760K)->60928K(60928K)
[2.018s][info][gc,heap        ] GC(62) ParOldGen: 327070K(351744K)->330510K(351744K)
[2.018s][info][gc,metaspace   ] GC(62) Metaspace: 6303K(6528K)->6303K(6528K) NonClass: 5769K(5888K)->5769K(5888K) Class: 533K(640K)->533K(640K)
[2.018s][info][gc             ] GC(62) Pause Young (Allocation Failure) 382M->382M(405M) 30.187ms
[2.018s][info][gc,cpu         ] GC(62) User=0.14s Sys=0.00s Real=0.03s
[2.021s][info][gc,start       ] GC(63) Pause Young (Allocation Failure)
[2.050s][info][gc,heap        ] GC(63) PSYoungGen: 62975K(62976K)->37120K(39424K) Eden: 2047K(2048K)->0K(2048K) From: 60928K(60928K)->37120K(37376K)
[2.050s][info][gc,heap        ] GC(63) ParOldGen: 330510K(351744K)->356758K(356864K)
[2.050s][info][gc,metaspace   ] GC(63) Metaspace: 6303K(6528K)->6303K(6528K) NonClass: 5769K(5888K)->5769K(5888K) Class: 533K(640K)->533K(640K)
[2.050s][info][gc             ] GC(63) Pause Young (Allocation Failure) 384M->384M(387M) 29.343ms
[2.050s][info][gc,cpu         ] GC(63) User=0.14s Sys=0.00s Real=0.03s
[2.050s][info][gc,start       ] GC(64) Pause Full (Ergonomics)
[2.050s][info][gc,phases,start] GC(64) Marking Phase
[2.138s][info][gc,phases      ] GC(64) Marking Phase 87.810ms
[2.138s][info][gc,phases,start] GC(64) Summary Phase
[2.138s][info][gc,phases      ] GC(64) Summary Phase 0.019ms
[2.138s][info][gc,phases,start] GC(64) Adjust Roots
[2.138s][info][gc,phases      ] GC(64) Adjust Roots 0.200ms
[2.138s][info][gc,phases,start] GC(64) Compaction Phase
[2.204s][info][gc,phases      ] GC(64) Compaction Phase 65.796ms
[2.204s][info][gc,phases,start] GC(64) Post Compact
[2.206s][info][gc,phases      ] GC(64) Post Compact 1.985ms
[2.206s][info][gc,heap        ] GC(64) PSYoungGen: 37120K(39424K)->28236K(39424K) Eden: 0K(2048K)->0K(2048K) From: 37120K(37376K)->28236K(37376K)
[2.206s][info][gc,heap        ] GC(64) ParOldGen: 356758K(356864K)->356743K(407040K)
[2.206s][info][gc,metaspace   ] GC(64) Metaspace: 6303K(6528K)->6303K(6528K) NonClass: 5769K(5888K)->5769K(5888K) Class: 533K(640K)->533K(640K)
[2.206s][info][gc             ] GC(64) Pause Full (Ergonomics) 384M->375M(436M) 156.327ms
[2.206s][info][gc,cpu         ] GC(64) User=0.91s Sys=0.02s Real=0.16s
[2.210s][info][gc,start       ] GC(65) Pause Young (Allocation Failure)
[2.238s][info][gc,heap        ] GC(65) PSYoungGen: 30284K(39424K)->11840K(71168K) Eden: 2048K(2048K)->0K(2560K) From: 28236K(37376K)->11840K(68608K)
[2.238s][info][gc,heap        ] GC(65) ParOldGen: 356743K(407040K)->375567K(407040K)
[2.238s][info][gc,metaspace   ] GC(65) Metaspace: 6303K(6528K)->6303K(6528K) NonClass: 5769K(5888K)->5769K(5888K) Class: 533K(640K)->533K(640K)
[2.238s][info][gc             ] GC(65) Pause Young (Allocation Failure) 377M->378M(467M) 28.393ms
[2.238s][info][gc,cpu         ] GC(65) User=0.11s Sys=0.03s Real=0.03s
[2.241s][info][gc,start       ] GC(66) Pause Young (Allocation Failure)
[2.250s][info][gc,heap        ] GC(66) PSYoungGen: 14400K(71168K)->4704K(71168K) Eden: 2560K(2560K)->0K(2560K) From: 11840K(68608K)->4704K(68608K)
[2.250s][info][gc,heap        ] GC(66) ParOldGen: 375567K(407040K)->385407K(407040K)
[2.250s][info][gc,metaspace   ] GC(66) Metaspace: 6303K(6528K)->6303K(6528K) NonClass: 5769K(5888K)->5769K(5888K) Class: 533K(640K)->533K(640K)
[2.250s][info][gc             ] GC(66) Pause Young (Allocation Failure) 380M->380M(467M) 8.600ms
[2.250s][info][gc,cpu         ] GC(66) User=0.02s Sys=0.00s Real=0.01s
[2.250s][info][gc,start       ] GC(67) Pause Full (Ergonomics)
[2.250s][info][gc,phases,start] GC(67) Marking Phase
[2.341s][info][gc,phases      ] GC(67) Marking Phase 90.851ms
[2.341s][info][gc,phases,start] GC(67) Summary Phase
[2.341s][info][gc,phases      ] GC(67) Summary Phase 0.021ms
[2.341s][info][gc,phases,start] GC(67) Adjust Roots
[2.341s][info][gc,phases      ] GC(67) Adjust Roots 0.206ms
[2.341s][info][gc,phases,start] GC(67) Compaction Phase
[2.377s][info][gc,phases      ] GC(67) Compaction Phase 36.233ms
[2.377s][info][gc,phases,start] GC(67) Post Compact
[2.379s][info][gc,phases      ] GC(67) Post Compact 1.837ms
[2.380s][info][gc,heap        ] GC(67) PSYoungGen: 4704K(71168K)->0K(73216K) Eden: 0K(2560K)->0K(3584K) From: 4704K(68608K)->0K(69632K)
[2.380s][info][gc,heap        ] GC(67) ParOldGen: 385407K(407040K)->389528K(444416K)
[2.380s][info][gc,metaspace   ] GC(67) Metaspace: 6303K(6528K)->6303K(6528K) NonClass: 5769K(5888K)->5769K(5888K) Class: 533K(640K)->533K(640K)
[2.380s][info][gc             ] GC(67) Pause Full (Ergonomics) 380M->380M(505M) 129.682ms
[2.380s][info][gc,cpu         ] GC(67) User=0.77s Sys=0.02s Real=0.13s
[2.384s][info][gc,start       ] GC(68) Pause Young (Allocation Failure)
[2.390s][info][gc,heap        ] GC(68) PSYoungGen: 3584K(73216K)->3680K(73216K) Eden: 3584K(3584K)->0K(3584K) From: 0K(69632K)->3680K(69632K)
[2.390s][info][gc,heap        ] GC(68) ParOldGen: 389528K(444416K)->389528K(444416K)
[2.390s][info][gc,metaspace   ] GC(68) Metaspace: 6303K(6528K)->6303K(6528K) NonClass: 5769K(5888K)->5769K(5888K) Class: 533K(640K)->533K(640K)
[2.390s][info][gc             ] GC(68) Pause Young (Allocation Failure) 383M->383M(505M) 5.306ms
[2.390s][info][gc,cpu         ] GC(68) User=0.00s Sys=0.00s Real=0.01s
[2.393s][info][gc,start       ] GC(69) Pause Young (Allocation Failure)
[2.400s][info][gc,heap        ] GC(69) PSYoungGen: 7264K(73216K)->7200K(71680K) Eden: 3584K(3584K)->0K(4096K) From: 3680K(69632K)->7200K(67584K)
[2.400s][info][gc,heap        ] GC(69) ParOldGen: 389528K(444416K)->389528K(444416K)
[2.400s][info][gc,metaspace   ] GC(69) Metaspace: 6303K(6528K)->6303K(6528K) NonClass: 5769K(5888K)->5769K(5888K) Class: 533K(640K)->533K(640K)
[2.400s][info][gc             ] GC(69) Pause Young (Allocation Failure) 387M->387M(504M) 6.742ms
[2.400s][info][gc,cpu         ] GC(69) User=0.00s Sys=0.00s Real=0.01s
[2.404s][info][gc,start       ] GC(70) Pause Young (Allocation Failure)
[2.412s][info][gc,heap        ] GC(70) PSYoungGen: 11296K(71680K)->7808K(12288K) Eden: 4096K(4096K)->0K(4096K) From: 7200K(67584K)->7808K(8192K)
[2.412s][info][gc,heap        ] GC(70) ParOldGen: 389528K(444416K)->393160K(444416K)
[2.412s][info][gc,metaspace   ] GC(70) Metaspace: 6303K(6528K)->6303K(6528K) NonClass: 5769K(5888K)->5769K(5888K) Class: 533K(640K)->533K(640K)
[2.412s][info][gc             ] GC(70) Pause Young (Allocation Failure) 391M->391M(446M) 7.797ms
[2.412s][info][gc,cpu         ] GC(70) User=0.00s Sys=0.00s Real=0.01s
[2.417s][info][gc,start       ] GC(71) Pause Young (Allocation Failure)
[2.424s][info][gc,heap        ] GC(71) PSYoungGen: 11904K(12288K)->8256K(67584K) Eden: 4096K(4096K)->0K(5120K) From: 7808K(8192K)->8256K(62464K)
[2.424s][info][gc,heap        ] GC(71) ParOldGen: 393160K(444416K)->396784K(444416K)
[2.424s][info][gc,metaspace   ] GC(71) Metaspace: 6303K(6528K)->6303K(6528K) NonClass: 5769K(5888K)->5769K(5888K) Class: 533K(640K)->533K(640K)
[2.424s][info][gc             ] GC(71) Pause Young (Allocation Failure) 395M->395M(500M) 7.726ms
[2.424s][info][gc,cpu         ] GC(71) User=0.00s Sys=0.00s Real=0.01s
[2.430s][info][gc,start       ] GC(72) Pause Young (Allocation Failure)
[2.439s][info][gc,heap        ] GC(72) PSYoungGen: 13376K(67584K)->9280K(14848K) Eden: 5120K(5120K)->0K(5120K) From: 8256K(62464K)->9280K(9728K)
[2.439s][info][gc,heap        ] GC(72) ParOldGen: 396784K(444416K)->400944K(444416K)
[2.439s][info][gc,metaspace   ] GC(72) Metaspace: 6303K(6528K)->6303K(6528K) NonClass: 5769K(5888K)->5769K(5888K) Class: 533K(640K)->533K(640K)
[2.439s][info][gc             ] GC(72) Pause Young (Allocation Failure) 400M->400M(448M) 9.000ms
[2.440s][info][gc,cpu         ] GC(72) User=0.02s Sys=0.00s Real=0.01s
[2.445s][info][gc,start       ] GC(73) Pause Young (Allocation Failure)
[2.454s][info][gc,heap        ] GC(73) PSYoungGen: 14400K(14848K)->10336K(63488K) Eden: 5120K(5120K)->0K(6144K) From: 9280K(9728K)->10336K(57344K)
[2.454s][info][gc,heap        ] GC(73) ParOldGen: 400944K(444416K)->405096K(444416K)
[2.454s][info][gc,metaspace   ] GC(73) Metaspace: 6303K(6528K)->6303K(6528K) NonClass: 5769K(5888K)->5769K(5888K) Class: 533K(640K)->533K(640K)
[2.454s][info][gc             ] GC(73) Pause Young (Allocation Failure) 405M->405M(496M) 9.066ms
[2.454s][info][gc,cpu         ] GC(73) User=0.02s Sys=0.00s Real=0.01s
[2.461s][info][gc,start       ] GC(74) Pause Young (Allocation Failure)
[2.471s][info][gc,heap        ] GC(74) PSYoungGen: 16480K(63488K)->11392K(17920K) Eden: 6144K(6144K)->0K(6144K) From: 10336K(57344K)->11392K(11776K)
[2.471s][info][gc,heap        ] GC(74) ParOldGen: 405096K(444416K)->410280K(444416K)
[2.471s][info][gc,metaspace   ] GC(74) Metaspace: 6303K(6528K)->6303K(6528K) NonClass: 5769K(5888K)->5769K(5888K) Class: 533K(640K)->533K(640K)
[2.471s][info][gc             ] GC(74) Pause Young (Allocation Failure) 411M->411M(451M) 10.502ms
[2.471s][info][gc,cpu         ] GC(74) User=0.02s Sys=0.00s Real=0.01s
[2.478s][info][gc,start       ] GC(75) Pause Young (Allocation Failure)
[2.489s][info][gc,heap        ] GC(75) PSYoungGen: 17536K(17920K)->12384K(58880K) Eden: 6144K(6144K)->0K(7168K) From: 11392K(11776K)->12384K(51712K)
[2.489s][info][gc,heap        ] GC(75) ParOldGen: 410280K(444416K)->415464K(444416K)
[2.489s][info][gc,metaspace   ] GC(75) Metaspace: 6303K(6528K)->6303K(6528K) NonClass: 5769K(5888K)->5769K(5888K) Class: 533K(640K)->533K(640K)
[2.489s][info][gc             ] GC(75) Pause Young (Allocation Failure) 417M->417M(491M) 10.470ms
[2.489s][info][gc,cpu         ] GC(75) User=0.02s Sys=0.00s Real=0.01s
[2.496s][info][gc,start       ] GC(76) Pause Young (Allocation Failure)
[2.507s][info][gc,heap        ] GC(76) PSYoungGen: 19552K(58880K)->13408K(20992K) Eden: 7168K(7168K)->0K(7168K) From: 12384K(51712K)->13408K(13824K)
[2.507s][info][gc,heap        ] GC(76) ParOldGen: 415464K(444416K)->421696K(444416K)
[2.507s][info][gc,metaspace   ] GC(76) Metaspace: 6303K(6528K)->6303K(6528K) NonClass: 5769K(5888K)->5769K(5888K) Class: 533K(640K)->533K(640K)
[2.507s][info][gc             ] GC(76) Pause Young (Allocation Failure) 424M->424M(454M) 11.018ms
[2.507s][info][gc,cpu         ] GC(76) User=0.00s Sys=0.00s Real=0.01s
[2.515s][info][gc,start       ] GC(77) Pause Young (Allocation Failure)
[2.526s][info][gc,heap        ] GC(77) PSYoungGen: 20576K(20992K)->14432K(53248K) Eden: 7168K(7168K)->0K(8192K) From: 13408K(13824K)->14432K(45056K)
[2.527s][info][gc,heap        ] GC(77) ParOldGen: 421696K(444416K)->427912K(444416K)
[2.527s][info][gc,metaspace   ] GC(77) Metaspace: 6303K(6528K)->6303K(6528K) NonClass: 5769K(5888K)->5769K(5888K) Class: 533K(640K)->533K(640K)
[2.527s][info][gc             ] GC(77) Pause Young (Allocation Failure) 431M->431M(486M) 11.788ms
[2.527s][info][gc,cpu         ] GC(77) User=0.00s Sys=0.00s Real=0.01s
[2.535s][info][gc,start       ] GC(78) Pause Young (Allocation Failure)
[2.548s][info][gc,heap        ] GC(78) PSYoungGen: 22624K(53248K)->15424K(24064K) Eden: 8192K(8192K)->0K(8192K) From: 14432K(45056K)->15424K(15872K)
[2.548s][info][gc,heap        ] GC(78) ParOldGen: 427912K(444416K)->435184K(444416K)
[2.548s][info][gc,metaspace   ] GC(78) Metaspace: 6303K(6528K)->6303K(6528K) NonClass: 5769K(5888K)->5769K(5888K) Class: 533K(640K)->533K(640K)
[2.548s][info][gc             ] GC(78) Pause Young (Allocation Failure) 439M->440M(457M) 12.450ms
[2.548s][info][gc,cpu         ] GC(78) User=0.02s Sys=0.00s Real=0.01s
[2.548s][info][gc,start       ] GC(79) Pause Full (Ergonomics)
[2.548s][info][gc,phases,start] GC(79) Marking Phase
[2.650s][info][gc,phases      ] GC(79) Marking Phase 102.291ms
[2.650s][info][gc,phases,start] GC(79) Summary Phase
[2.650s][info][gc,phases      ] GC(79) Summary Phase 0.019ms
[2.650s][info][gc,phases,start] GC(79) Adjust Roots
[2.650s][info][gc,phases      ] GC(79) Adjust Roots 0.240ms
[2.650s][info][gc,phases,start] GC(79) Compaction Phase
[2.702s][info][gc,phases      ] GC(79) Compaction Phase 51.292ms
[2.702s][info][gc,phases,start] GC(79) Post Compact
[2.704s][info][gc,phases      ] GC(79) Post Compact 2.378ms
[2.704s][info][gc,heap        ] GC(79) PSYoungGen: 15424K(24064K)->5590K(24064K) Eden: 0K(8192K)->0K(8192K) From: 15424K(15872K)->5590K(15872K)
[2.704s][info][gc,heap        ] GC(79) ParOldGen: 435184K(444416K)->443997K(492544K)
[2.704s][info][gc,metaspace   ] GC(79) Metaspace: 6303K(6528K)->6303K(6528K) NonClass: 5769K(5888K)->5769K(5888K) Class: 533K(640K)->533K(640K)
[2.705s][info][gc             ] GC(79) Pause Full (Ergonomics) 440M->439M(504M) 156.785ms
[2.705s][info][gc,cpu         ] GC(79) User=1.05s Sys=0.00s Real=0.16s
[2.715s][info][gc,start       ] GC(80) Pause Young (Allocation Failure)
[2.741s][info][gc,heap        ] GC(80) PSYoungGen: 13782K(24064K)->10592K(50176K) Eden: 8192K(8192K)->0K(9216K) From: 5590K(15872K)->10592K(40960K)
[2.741s][info][gc,heap        ] GC(80) ParOldGen: 443997K(492544K)->447389K(492544K)
[2.741s][info][gc,metaspace   ] GC(80) Metaspace: 6303K(6528K)->6303K(6528K) NonClass: 5769K(5888K)->5769K(5888K) Class: 533K(640K)->533K(640K)
[2.741s][info][gc             ] GC(80) Pause Young (Allocation Failure) 447M->447M(530M) 25.847ms
[2.741s][info][gc,cpu         ] GC(80) User=0.12s Sys=0.00s Real=0.03s
[2.751s][info][gc,start       ] GC(81) Pause Young (Allocation Failure)
[2.762s][info][gc,heap        ] GC(81) PSYoungGen: 19808K(50176K)->19776K(29184K) Eden: 9216K(9216K)->0K(9216K) From: 10592K(40960K)->19776K(19968K)
[2.763s][info][gc,heap        ] GC(81) ParOldGen: 447389K(492544K)->447389K(492544K)
[2.763s][info][gc,metaspace   ] GC(81) Metaspace: 6303K(6528K)->6303K(6528K) NonClass: 5769K(5888K)->5769K(5888K) Class: 533K(640K)->533K(640K)
[2.763s][info][gc             ] GC(81) Pause Young (Allocation Failure) 456M->456M(509M) 11.659ms
[2.763s][info][gc,cpu         ] GC(81) User=0.02s Sys=0.00s Real=0.01s
[2.773s][info][gc,start       ] GC(82) Pause Young (Allocation Failure)
[2.788s][info][gc,heap        ] GC(82) PSYoungGen: 28992K(29184K)->26720K(50688K) Eden: 9216K(9216K)->0K(8704K) From: 19776K(19968K)->26720K(41984K)
[2.788s][info][gc,heap        ] GC(82) ParOldGen: 447389K(492544K)->449717K(492544K)
[2.789s][info][gc,metaspace   ] GC(82) Metaspace: 6303K(6528K)->6303K(6528K) NonClass: 5769K(5888K)->5769K(5888K) Class: 533K(640K)->533K(640K)
[2.789s][info][gc             ] GC(82) Pause Young (Allocation Failure) 465M->465M(530M) 15.832ms
[2.789s][info][gc,cpu         ] GC(82) User=0.02s Sys=0.00s Real=0.02s
[2.799s][info][gc,start       ] GC(83) Pause Young (Allocation Failure)
[2.817s][info][gc,heap        ] GC(83) PSYoungGen: 35424K(50688K)->27232K(52224K) Eden: 8704K(8704K)->0K(8704K) From: 26720K(41984K)->27232K(43520K)
[2.817s][info][gc,heap        ] GC(83) ParOldGen: 449717K(492544K)->458013K(492544K)
[2.817s][info][gc,metaspace   ] GC(83) Metaspace: 6303K(6528K)->6303K(6528K) NonClass: 5769K(5888K)->5769K(5888K) Class: 533K(640K)->533K(640K)
[2.817s][info][gc             ] GC(83) Pause Young (Allocation Failure) 473M->473M(532M) 18.107ms
[2.817s][info][gc,cpu         ] GC(83) User=0.12s Sys=0.00s Real=0.02s
[2.828s][info][gc,start       ] GC(84) Pause Young (Allocation Failure)
[2.846s][info][gc,heap        ] GC(84) PSYoungGen: 35936K(52224K)->26720K(54272K) Eden: 8704K(8704K)->0K(9728K) From: 27232K(43520K)->26720K(44544K)
[2.846s][info][gc,heap        ] GC(84) ParOldGen: 458013K(492544K)->467349K(492544K)
[2.846s][info][gc,metaspace   ] GC(84) Metaspace: 6303K(6528K)->6303K(6528K) NonClass: 5769K(5888K)->5769K(5888K) Class: 533K(640K)->533K(640K)
[2.846s][info][gc             ] GC(84) Pause Young (Allocation Failure) 482M->482M(534M) 18.468ms
[2.846s][info][gc,cpu         ] GC(84) User=0.12s Sys=0.00s Real=0.02s
[2.856s][info][gc,start       ] GC(85) Pause Young (Allocation Failure)
[2.875s][info][gc,heap        ] GC(85) PSYoungGen: 36448K(54272K)->27232K(54784K) Eden: 9728K(9728K)->0K(9728K) From: 26720K(44544K)->27232K(45056K)
[2.875s][info][gc,heap        ] GC(85) ParOldGen: 467349K(492544K)->476685K(492544K)
[2.875s][info][gc,metaspace   ] GC(85) Metaspace: 6303K(6528K)->6303K(6528K) NonClass: 5769K(5888K)->5769K(5888K) Class: 533K(640K)->533K(640K)
[2.875s][info][gc             ] GC(85) Pause Young (Allocation Failure) 491M->492M(534M) 18.714ms
[2.875s][info][gc,cpu         ] GC(85) User=0.12s Sys=0.00s Real=0.02s
[2.886s][info][gc,start       ] GC(86) Pause Young (Allocation Failure)
[2.905s][info][gc,heap        ] GC(86) PSYoungGen: 36960K(54784K)->19584K(51712K) Eden: 9728K(9728K)->0K(11264K) From: 27232K(45056K)->19584K(40448K)
[2.905s][info][gc,heap        ] GC(86) ParOldGen: 476685K(492544K)->494317K(494592K)
[2.905s][info][gc,metaspace   ] GC(86) Metaspace: 6303K(6528K)->6303K(6528K) NonClass: 5769K(5888K)->5769K(5888K) Class: 533K(640K)->533K(640K)
[2.905s][info][gc             ] GC(86) Pause Young (Allocation Failure) 501M->501M(533M) 19.657ms
[2.906s][info][gc,cpu         ] GC(86) User=0.12s Sys=0.00s Real=0.02s
[2.906s][info][gc,start       ] GC(87) Pause Full (Ergonomics)
[2.906s][info][gc,phases,start] GC(87) Marking Phase
[3.020s][info][gc,phases      ] GC(87) Marking Phase 114.121ms
[3.020s][info][gc,phases,start] GC(87) Summary Phase
[3.020s][info][gc,phases      ] GC(87) Summary Phase 0.026ms
[3.020s][info][gc,phases,start] GC(87) Adjust Roots
[3.020s][info][gc,phases      ] GC(87) Adjust Roots 0.212ms
[3.020s][info][gc,phases,start] GC(87) Compaction Phase
[3.071s][info][gc,phases      ] GC(87) Compaction Phase 50.513ms
[3.071s][info][gc,phases,start] GC(87) Post Compact
[3.073s][info][gc,phases      ] GC(87) Post Compact 2.658ms
[3.074s][info][gc,heap        ] GC(87) PSYoungGen: 19584K(51712K)->18366K(53248K) Eden: 0K(11264K)->0K(12800K) From: 19584K(40448K)->18366K(40448K)
[3.074s][info][gc,heap        ] GC(87) ParOldGen: 494317K(494592K)->494490K(550400K)
[3.074s][info][gc,metaspace   ] GC(87) Metaspace: 6303K(6528K)->6303K(6528K) NonClass: 5769K(5888K)->5769K(5888K) Class: 533K(640K)->533K(640K)
[3.074s][info][gc             ] GC(87) Pause Full (Ergonomics) 501M->500M(589M) 168.114ms
[3.074s][info][gc,cpu         ] GC(87) User=1.14s Sys=0.03s Real=0.17s
[3.088s][info][gc,start       ] GC(88) Pause Young (Allocation Failure)
[3.124s][info][gc,heap        ] GC(88) PSYoungGen: 31166K(53248K)->12928K(55808K) Eden: 12800K(12800K)->0K(12800K) From: 18366K(40448K)->12928K(43008K)
[3.124s][info][gc,heap        ] GC(88) ParOldGen: 494490K(550400K)->513130K(550400K)
[3.124s][info][gc,metaspace   ] GC(88) Metaspace: 6303K(6528K)->6303K(6528K) NonClass: 5769K(5888K)->5769K(5888K) Class: 533K(640K)->533K(640K)
[3.124s][info][gc             ] GC(88) Pause Young (Allocation Failure) 513M->513M(592M) 36.030ms
[3.124s][info][gc,cpu         ] GC(88) User=0.20s Sys=0.05s Real=0.04s
[3.138s][info][gc,start       ] GC(89) Pause Young (Allocation Failure)
[3.154s][info][gc,heap        ] GC(89) PSYoungGen: 25728K(55808K)->12960K(54272K) Eden: 12800K(12800K)->0K(14336K) From: 12928K(43008K)->12960K(39936K)
[3.154s][info][gc,heap        ] GC(89) ParOldGen: 513130K(550400K)->526114K(550400K)
[3.154s][info][gc,metaspace   ] GC(89) Metaspace: 6303K(6528K)->6303K(6528K) NonClass: 5769K(5888K)->5769K(5888K) Class: 533K(640K)->533K(640K)
[3.154s][info][gc             ] GC(89) Pause Young (Allocation Failure) 526M->526M(590M) 15.620ms
[3.154s][info][gc,cpu         ] GC(89) User=0.02s Sys=0.00s Real=0.02s
[3.170s][info][gc,start       ] GC(90) Pause Young (Allocation Failure)
[3.186s][info][gc,heap        ] GC(90) PSYoungGen: 27296K(54272K)->14432K(55296K) Eden: 14336K(14336K)->0K(14336K) From: 12960K(39936K)->14432K(40960K)
[3.186s][info][gc,heap        ] GC(90) ParOldGen: 526114K(550400K)->539090K(550400K)
[3.186s][info][gc,metaspace   ] GC(90) Metaspace: 6303K(6528K)->6303K(6528K) NonClass: 5769K(5888K)->5769K(5888K) Class: 533K(640K)->533K(640K)
[3.186s][info][gc             ] GC(90) Pause Young (Allocation Failure) 540M->540M(591M) 16.395ms
[3.186s][info][gc,cpu         ] GC(90) User=0.00s Sys=0.02s Real=0.02s
[3.186s][info][gc,start       ] GC(91) Pause Full (Ergonomics)
[3.186s][info][gc,phases,start] GC(91) Marking Phase
[3.315s][info][gc,phases      ] GC(91) Marking Phase 128.814ms
[3.315s][info][gc,phases,start] GC(91) Summary Phase
[3.315s][info][gc,phases      ] GC(91) Summary Phase 0.019ms
[3.315s][info][gc,phases,start] GC(91) Adjust Roots
[3.316s][info][gc,phases      ] GC(91) Adjust Roots 0.197ms
[3.316s][info][gc,phases,start] GC(91) Compaction Phase
[3.365s][info][gc,phases      ] GC(91) Compaction Phase 49.583ms
[3.365s][info][gc,phases,start] GC(91) Post Compact
[3.366s][info][gc,phases      ] GC(91) Post Compact 1.051ms
[3.367s][info][gc,heap        ] GC(91) PSYoungGen: 14432K(55296K)->2554K(55296K) Eden: 0K(14336K)->0K(14336K) From: 14432K(40960K)->2554K(40960K)
[3.367s][info][gc,heap        ] GC(91) ParOldGen: 539090K(550400K)->550147K(613888K)
[3.367s][info][gc,metaspace   ] GC(91) Metaspace: 6303K(6528K)->6303K(6528K) NonClass: 5769K(5888K)->5769K(5888K) Class: 533K(640K)->533K(640K)
[3.367s][info][gc             ] GC(91) Pause Full (Ergonomics) 540M->539M(653M) 180.225ms
[3.367s][info][gc,cpu         ] GC(91) User=1.19s Sys=0.05s Real=0.18s
[3.383s][info][gc,start       ] GC(92) Pause Young (Allocation Failure)
[3.416s][info][gc,heap        ] GC(92) PSYoungGen: 16890K(55296K)->14464K(52224K) Eden: 14336K(14336K)->0K(15872K) From: 2554K(40960K)->14464K(36352K)
[3.416s][info][gc,heap        ] GC(92) ParOldGen: 550147K(613888K)->552763K(613888K)
[3.416s][info][gc,metaspace   ] GC(92) Metaspace: 6303K(6528K)->6303K(6528K) NonClass: 5769K(5888K)->5769K(5888K) Class: 533K(640K)->533K(640K)
[3.416s][info][gc             ] GC(92) Pause Young (Allocation Failure) 553M->553M(650M) 33.184ms
[3.417s][info][gc,cpu         ] GC(92) User=0.16s Sys=0.00s Real=0.03s
[3.435s][info][gc,start       ] GC(93) Pause Young (Allocation Failure)
[3.452s][info][gc,heap        ] GC(93) PSYoungGen: 30336K(52224K)->30304K(53760K) Eden: 15872K(15872K)->0K(15872K) From: 14464K(36352K)->30304K(37888K)
[3.452s][info][gc,heap        ] GC(93) ParOldGen: 552763K(613888K)->552763K(613888K)
[3.453s][info][gc,metaspace   ] GC(93) Metaspace: 6303K(6528K)->6303K(6528K) NonClass: 5769K(5888K)->5769K(5888K) Class: 533K(640K)->533K(640K)
[3.453s][info][gc             ] GC(93) Pause Young (Allocation Failure) 569M->569M(652M) 17.538ms
[3.453s][info][gc,cpu         ] GC(93) User=0.03s Sys=0.00s Real=0.02s
[3.470s][info][gc,start       ] GC(94) Pause Young (Allocation Failure)
[3.494s][info][gc,heap        ] GC(94) PSYoungGen: 46176K(53760K)->40448K(50688K) Eden: 15872K(15872K)->0K(10240K) From: 30304K(37888K)->40448K(40448K)
[3.494s][info][gc,heap        ] GC(94) ParOldGen: 552763K(613888K)->558483K(613888K)
[3.494s][info][gc,metaspace   ] GC(94) Metaspace: 6303K(6528K)->6303K(6528K) NonClass: 5769K(5888K)->5769K(5888K) Class: 533K(640K)->533K(640K)
[3.494s][info][gc             ] GC(94) Pause Young (Allocation Failure) 584M->584M(649M) 24.402ms
[3.494s][info][gc,cpu         ] GC(94) User=0.11s Sys=0.02s Real=0.03s
[3.506s][info][gc,start       ] GC(95) Pause Young (Allocation Failure)
[3.532s][info][gc,heap        ] GC(95) PSYoungGen: 50688K(50688K)->25120K(58368K) Eden: 10240K(10240K)->0K(10240K) From: 40448K(40448K)->25120K(48128K)
[3.532s][info][gc,heap        ] GC(95) ParOldGen: 558483K(613888K)->584499K(613888K)
[3.532s][info][gc,metaspace   ] GC(95) Metaspace: 6303K(6528K)->6303K(6528K) NonClass: 5769K(5888K)->5769K(5888K) Class: 533K(640K)->533K(640K)
[3.532s][info][gc             ] GC(95) Pause Young (Allocation Failure) 594M->595M(656M) 25.586ms
[3.532s][info][gc,cpu         ] GC(95) User=0.14s Sys=0.00s Real=0.03s
[3.544s][info][gc,start       ] GC(96) Pause Young (Allocation Failure)
[3.563s][info][gc,heap        ] GC(96) PSYoungGen: 35360K(58368K)->20608K(53760K) Eden: 10240K(10240K)->0K(11776K) From: 25120K(48128K)->20608K(41984K)
[3.563s][info][gc,heap        ] GC(96) ParOldGen: 584499K(613888K)->599491K(613888K)
[3.564s][info][gc,metaspace   ] GC(96) Metaspace: 6303K(6528K)->6303K(6528K) NonClass: 5769K(5888K)->5769K(5888K) Class: 533K(640K)->533K(640K)
[3.564s][info][gc             ] GC(96) Pause Young (Allocation Failure) 605M->605M(652M) 19.802ms
[3.564s][info][gc,cpu         ] GC(96) User=0.02s Sys=0.09s Real=0.02s
[3.564s][info][gc,start       ] GC(97) Pause Full (Ergonomics)
[3.564s][info][gc,phases,start] GC(97) Marking Phase
[3.707s][info][gc,phases      ] GC(97) Marking Phase 143.064ms
[3.707s][info][gc,phases,start] GC(97) Summary Phase
[3.707s][info][gc,phases      ] GC(97) Summary Phase 0.024ms
[3.707s][info][gc,phases,start] GC(97) Adjust Roots
[3.707s][info][gc,phases      ] GC(97) Adjust Roots 0.260ms
[3.707s][info][gc,phases,start] GC(97) Compaction Phase
[3.763s][info][gc,phases      ] GC(97) Compaction Phase 55.478ms
[3.763s][info][gc,phases,start] GC(97) Post Compact
[3.764s][info][gc,phases      ] GC(97) Post Compact 0.970ms
[3.764s][info][gc,heap        ] GC(97) PSYoungGen: 20608K(53760K)->5600K(55296K) Eden: 0K(11776K)->0K(13312K) From: 20608K(41984K)->5600K(41984K)
[3.764s][info][gc,heap        ] GC(97) ParOldGen: 599491K(613888K)->613506K(683008K)
[3.764s][info][gc,metaspace   ] GC(97) Metaspace: 6303K(6528K)->6303K(6528K) NonClass: 5769K(5888K)->5769K(5888K) Class: 533K(640K)->533K(640K)
[3.764s][info][gc             ] GC(97) Pause Full (Ergonomics) 605M->604M(721M) 200.409ms
[3.764s][info][gc,cpu         ] GC(97) User=1.28s Sys=0.05s Real=0.20s
[3.781s][info][gc,start       ] GC(98) Pause Young (Allocation Failure)
[3.817s][info][gc,heap        ] GC(98) PSYoungGen: 18912K(55296K)->16544K(57856K) Eden: 13312K(13312K)->0K(13312K) From: 5600K(41984K)->16544K(44544K)
[3.817s][info][gc,heap        ] GC(98) ParOldGen: 613506K(683008K)->616050K(683008K)
[3.817s][info][gc,metaspace   ] GC(98) Metaspace: 6303K(6528K)->6303K(6528K) NonClass: 5769K(5888K)->5769K(5888K) Class: 533K(640K)->533K(640K)
[3.817s][info][gc             ] GC(98) Pause Young (Allocation Failure) 617M->617M(723M) 36.549ms
[3.817s][info][gc,cpu         ] GC(98) User=0.16s Sys=0.00s Real=0.04s
[3.834s][info][gc,start       ] GC(99) Pause Young (Allocation Failure)
[3.852s][info][gc,heap        ] GC(99) PSYoungGen: 29856K(57856K)->29824K(57344K) Eden: 13312K(13312K)->0K(13824K) From: 16544K(44544K)->29824K(43520K)
[3.852s][info][gc,heap        ] GC(99) ParOldGen: 616050K(683008K)->616050K(683008K)
[3.852s][info][gc,metaspace   ] GC(99) Metaspace: 6303K(6528K)->6303K(6528K) NonClass: 5769K(5888K)->5769K(5888K) Class: 533K(640K)->533K(640K)
[3.852s][info][gc             ] GC(99) Pause Young (Allocation Failure) 630M->630M(723M) 18.090ms
[3.852s][info][gc,cpu         ] GC(99) User=0.03s Sys=0.00s Real=0.02s
[3.868s][info][gc,start       ] GC(100) Pause Young (Allocation Failure)
[3.891s][info][gc,heap        ] GC(100) PSYoungGen: 43648K(57344K)->43680K(58368K) Eden: 13824K(13824K)->0K(13824K) From: 29824K(43520K)->43680K(44544K)
[3.891s][info][gc,heap        ] GC(100) ParOldGen: 616050K(683008K)->616050K(683008K)
[3.891s][info][gc,metaspace   ] GC(100) Metaspace: 6303K(6528K)->6303K(6528K) NonClass: 5769K(5888K)->5769K(5888K) Class: 533K(640K)->533K(640K)
[3.891s][info][gc             ] GC(100) Pause Young (Allocation Failure) 644M->644M(724M) 23.310ms
[3.891s][info][gc,cpu         ] GC(100) User=0.12s Sys=0.00s Real=0.02s
[3.908s][info][gc,start       ] GC(101) Pause Young (Allocation Failure)
[3.938s][info][gc,heap        ] GC(101) PSYoungGen: 57504K(58368K)->50176K(55808K) Eden: 13824K(13824K)->0K(5632K) From: 43680K(44544K)->50176K(50176K)
[3.938s][info][gc,heap        ] GC(101) ParOldGen: 616050K(683008K)->623386K(683008K)
[3.938s][info][gc,metaspace   ] GC(101) Metaspace: 6303K(6528K)->6303K(6528K) NonClass: 5769K(5888K)->5769K(5888K) Class: 533K(640K)->533K(640K)
[3.938s][info][gc             ] GC(101) Pause Young (Allocation Failure) 657M->657M(721M) 29.675ms
[3.938s][info][gc,cpu         ] GC(101) User=0.14s Sys=0.00s Real=0.03s
[3.945s][info][gc,start       ] GC(102) Pause Young (Allocation Failure)
[3.972s][info][gc,heap        ] GC(102) PSYoungGen: 55808K(55808K)->31360K(37376K) Eden: 5632K(5632K)->0K(5632K) From: 50176K(50176K)->31360K(31744K)
[3.972s][info][gc,heap        ] GC(102) ParOldGen: 623386K(683008K)->648314K(683008K)
[3.972s][info][gc,metaspace   ] GC(102) Metaspace: 6303K(6528K)->6303K(6528K) NonClass: 5769K(5888K)->5769K(5888K) Class: 533K(640K)->533K(640K)
[3.972s][info][gc             ] GC(102) Pause Young (Allocation Failure) 663M->663M(703M) 27.034ms
[3.972s][info][gc,cpu         ] GC(102) User=0.14s Sys=0.00s Real=0.03s
[3.979s][info][gc,start       ] GC(103) Pause Young (Allocation Failure)
[3.999s][info][gc,heap        ] GC(103) PSYoungGen: 36992K(37376K)->11328K(64512K) Eden: 5632K(5632K)->0K(6656K) From: 31360K(31744K)->11328K(57856K)
[3.999s][info][gc,heap        ] GC(103) ParOldGen: 648314K(683008K)->674258K(683008K)
[3.999s][info][gc,metaspace   ] GC(103) Metaspace: 6303K(6528K)->6303K(6528K) NonClass: 5769K(5888K)->5769K(5888K) Class: 533K(640K)->533K(640K)
[3.999s][info][gc             ] GC(103) Pause Young (Allocation Failure) 669M->669M(730M) 20.004ms
[3.999s][info][gc,cpu         ] GC(103) User=0.12s Sys=0.12s Real=0.02s
[3.999s][info][gc,start       ] GC(104) Pause Full (Ergonomics)
[3.999s][info][gc,phases,start] GC(104) Marking Phase
[4.150s][info][gc,phases      ] GC(104) Marking Phase 151.374ms
[4.151s][info][gc,phases,start] GC(104) Summary Phase
[4.151s][info][gc,phases      ] GC(104) Summary Phase 0.025ms
[4.151s][info][gc,phases,start] GC(104) Adjust Roots
[4.151s][info][gc,phases      ] GC(104) Adjust Roots 0.232ms
[4.151s][info][gc,phases,start] GC(104) Compaction Phase
[4.208s][info][gc,phases      ] GC(104) Compaction Phase 56.891ms
[4.208s][info][gc,phases,start] GC(104) Post Compact
[4.209s][info][gc,phases      ] GC(104) Post Compact 1.009ms
[4.209s][info][gc,heap        ] GC(104) PSYoungGen: 11328K(64512K)->1493K(64512K) Eden: 0K(6656K)->0K(6656K) From: 11328K(57856K)->1493K(57856K)
[4.209s][info][gc,heap        ] GC(104) ParOldGen: 674258K(683008K)->682967K(683008K)
[4.209s][info][gc,metaspace   ] GC(104) Metaspace: 6303K(6528K)->6303K(6528K) NonClass: 5769K(5888K)->5769K(5888K) Class: 533K(640K)->533K(640K)
[4.209s][info][gc             ] GC(104) Pause Full (Ergonomics) 669M->668M(730M) 209.840ms
[4.209s][info][gc,cpu         ] GC(104) User=1.52s Sys=0.02s Real=0.21s
[4.218s][info][gc,start       ] GC(105) Pause Full (Ergonomics)
[4.218s][info][gc,phases,start] GC(105) Marking Phase
[4.377s][info][gc,phases      ] GC(105) Marking Phase 158.929ms
[4.377s][info][gc,phases,start] GC(105) Summary Phase
[4.377s][info][gc,phases      ] GC(105) Summary Phase 0.021ms
[4.377s][info][gc,phases,start] GC(105) Adjust Roots
[4.378s][info][gc,phases      ] GC(105) Adjust Roots 0.214ms
[4.378s][info][gc,phases,start] GC(105) Compaction Phase
[4.421s][info][gc,phases      ] GC(105) Compaction Phase 42.949ms
[4.421s][info][gc,phases,start] GC(105) Post Compact
[4.422s][info][gc,phases      ] GC(105) Post Compact 0.939ms
[4.422s][info][gc,heap        ] GC(105) PSYoungGen: 8149K(64512K)->8118K(64512K) Eden: 6656K(6656K)->6625K(6656K) From: 1493K(57856K)->1493K(57856K)
[4.422s][info][gc,heap        ] GC(105) ParOldGen: 682967K(683008K)->682967K(683008K)
[4.422s][info][gc,metaspace   ] GC(105) Metaspace: 6303K(6528K)->6303K(6528K) NonClass: 5769K(5888K)->5769K(5888K) Class: 533K(640K)->533K(640K)
[4.422s][info][gc             ] GC(105) Pause Full (Ergonomics) 674M->674M(730M) 203.391ms
[4.422s][info][gc,cpu         ] GC(105) User=1.39s Sys=0.02s Real=0.20s
[4.422s][info][gc,start       ] GC(106) Pause Full (Ergonomics)
[4.422s][info][gc,phases,start] GC(106) Marking Phase
[4.578s][info][gc,phases      ] GC(106) Marking Phase 155.678ms
[4.578s][info][gc,phases,start] GC(106) Summary Phase
[4.578s][info][gc,phases      ] GC(106) Summary Phase 0.021ms
[4.578s][info][gc,phases,start] GC(106) Adjust Roots
[4.578s][info][gc,phases      ] GC(106) Adjust Roots 0.202ms
[4.578s][info][gc,phases,start] GC(106) Compaction Phase
[4.621s][info][gc,phases      ] GC(106) Compaction Phase 42.810ms
[4.621s][info][gc,phases,start] GC(106) Post Compact
[4.622s][info][gc,phases      ] GC(106) Post Compact 0.979ms
[4.622s][info][gc,heap        ] GC(106) PSYoungGen: 8149K(64512K)->8148K(64512K) Eden: 6656K(6656K)->6655K(6656K) From: 1493K(57856K)->1493K(57856K)
[4.622s][info][gc,heap        ] GC(106) ParOldGen: 682967K(683008K)->682967K(683008K)
[4.622s][info][gc,metaspace   ] GC(106) Metaspace: 6303K(6528K)->6303K(6528K) NonClass: 5769K(5888K)->5769K(5888K) Class: 533K(640K)->533K(640K)
[4.622s][info][gc             ] GC(106) Pause Full (Ergonomics) 674M->674M(730M) 199.981ms
[4.622s][info][gc,cpu         ] GC(106) User=1.39s Sys=0.00s Real=0.20s
[4.622s][info][gc,start       ] GC(107) Pause Full (Ergonomics)
[4.622s][info][gc,phases,start] GC(107) Marking Phase
[4.779s][info][gc,phases      ] GC(107) Marking Phase 156.661ms
[4.779s][info][gc,phases,start] GC(107) Summary Phase
[4.779s][info][gc,phases      ] GC(107) Summary Phase 0.022ms
[4.779s][info][gc,phases,start] GC(107) Adjust Roots
[4.779s][info][gc,phases      ] GC(107) Adjust Roots 0.215ms
[4.779s][info][gc,phases,start] GC(107) Compaction Phase
[4.820s][info][gc,phases      ] GC(107) Compaction Phase 41.299ms
[4.820s][info][gc,phases,start] GC(107) Post Compact
[4.821s][info][gc,phases      ] GC(107) Post Compact 0.940ms
[4.821s][info][gc,heap        ] GC(107) PSYoungGen: 8149K(64512K)->8149K(64512K) Eden: 6655K(6656K)->6655K(6656K) From: 1493K(57856K)->1493K(57856K)
[4.821s][info][gc,heap        ] GC(107) ParOldGen: 682967K(683008K)->682967K(683008K)
[4.821s][info][gc,metaspace   ] GC(107) Metaspace: 6303K(6528K)->6303K(6528K) NonClass: 5769K(5888K)->5769K(5888K) Class: 533K(640K)->533K(640K)
[4.821s][info][gc             ] GC(107) Pause Full (Ergonomics) 674M->674M(730M) 199.427ms
[4.822s][info][gc,cpu         ] GC(107) User=1.39s Sys=0.00s Real=0.20s
[4.822s][info][gc,start       ] GC(108) Pause Full (Ergonomics)
[4.822s][info][gc,phases,start] GC(108) Marking Phase
[4.973s][info][gc,phases      ] GC(108) Marking Phase 151.634ms
[4.973s][info][gc,phases,start] GC(108) Summary Phase
[4.973s][info][gc,phases      ] GC(108) Summary Phase 0.021ms
[4.973s][info][gc,phases,start] GC(108) Adjust Roots
[4.974s][info][gc,phases      ] GC(108) Adjust Roots 0.204ms
[4.974s][info][gc,phases,start] GC(108) Compaction Phase
[5.014s][info][gc,phases      ] GC(108) Compaction Phase 40.663ms
[5.014s][info][gc,phases,start] GC(108) Post Compact
[5.015s][info][gc,phases      ] GC(108) Post Compact 0.936ms
[5.015s][info][gc,heap        ] GC(108) PSYoungGen: 8149K(64512K)->8149K(64512K) Eden: 6655K(6656K)->6655K(6656K) From: 1493K(57856K)->1493K(57856K)
[5.015s][info][gc,heap        ] GC(108) ParOldGen: 682972K(683008K)->682972K(683008K)
[5.015s][info][gc,metaspace   ] GC(108) Metaspace: 6303K(6528K)->6303K(6528K) NonClass: 5769K(5888K)->5769K(5888K) Class: 533K(640K)->533K(640K)
[5.015s][info][gc             ] GC(108) Pause Full (Ergonomics) 674M->674M(730M) 193.737ms
[5.015s][info][gc,cpu         ] GC(108) User=1.50s Sys=0.02s Real=0.19s
[5.016s][info][gc,start       ] GC(109) Pause Full (Ergonomics)
[5.016s][info][gc,phases,start] GC(109) Marking Phase
[5.166s][info][gc,phases      ] GC(109) Marking Phase 150.581ms
[5.166s][info][gc,phases,start] GC(109) Summary Phase
[5.166s][info][gc,phases      ] GC(109) Summary Phase 0.021ms
[5.166s][info][gc,phases,start] GC(109) Adjust Roots
[5.167s][info][gc,phases      ] GC(109) Adjust Roots 0.214ms
[5.167s][info][gc,phases,start] GC(109) Compaction Phase
[5.208s][info][gc,phases      ] GC(109) Compaction Phase 41.264ms
[5.208s][info][gc,phases,start] GC(109) Post Compact
[5.209s][info][gc,phases      ] GC(109) Post Compact 0.937ms
[5.209s][info][gc,heap        ] GC(109) PSYoungGen: 8149K(64512K)->8149K(64512K) Eden: 6655K(6656K)->6655K(6656K) From: 1493K(57856K)->1493K(57856K)
[5.209s][info][gc,heap        ] GC(109) ParOldGen: 682976K(683008K)->682976K(683008K)
[5.209s][info][gc,metaspace   ] GC(109) Metaspace: 6303K(6528K)->6303K(6528K) NonClass: 5769K(5888K)->5769K(5888K) Class: 533K(640K)->533K(640K)
[5.209s][info][gc             ] GC(109) Pause Full (Ergonomics) 674M->674M(730M) 193.333ms
[5.209s][info][gc,cpu         ] GC(109) User=1.36s Sys=0.03s Real=0.19s
[5.209s][info][gc,start       ] GC(110) Pause Full (Ergonomics)
[5.209s][info][gc,phases,start] GC(110) Marking Phase
[5.368s][info][gc,phases      ] GC(110) Marking Phase 158.841ms
[5.368s][info][gc,phases,start] GC(110) Summary Phase
[5.368s][info][gc,phases      ] GC(110) Summary Phase 0.021ms
[5.368s][info][gc,phases,start] GC(110) Adjust Roots
[5.368s][info][gc,phases      ] GC(110) Adjust Roots 0.195ms
[5.368s][info][gc,phases,start] GC(110) Compaction Phase
[5.410s][info][gc,phases      ] GC(110) Compaction Phase 41.223ms
[5.410s][info][gc,phases,start] GC(110) Post Compact
[5.411s][info][gc,phases      ] GC(110) Post Compact 0.935ms
[5.411s][info][gc,heap        ] GC(110) PSYoungGen: 8149K(64512K)->8149K(64512K) Eden: 6655K(6656K)->6655K(6656K) From: 1493K(57856K)->1493K(57856K)
[5.411s][info][gc,heap        ] GC(110) ParOldGen: 682981K(683008K)->682981K(683008K)
[5.411s][info][gc,metaspace   ] GC(110) Metaspace: 6303K(6528K)->6303K(6528K) NonClass: 5769K(5888K)->5769K(5888K) Class: 533K(640K)->533K(640K)
[5.411s][info][gc             ] GC(110) Pause Full (Ergonomics) 674M->674M(730M) 201.534ms
[5.411s][info][gc,cpu         ] GC(110) User=1.38s Sys=0.03s Real=0.20s
[5.411s][info][gc,start       ] GC(111) Pause Full (Ergonomics)
[5.411s][info][gc,phases,start] GC(111) Marking Phase
[5.572s][info][gc,phases      ] GC(111) Marking Phase 160.921ms
[5.572s][info][gc,phases,start] GC(111) Summary Phase
[5.572s][info][gc,phases      ] GC(111) Summary Phase 0.021ms
[5.572s][info][gc,phases,start] GC(111) Adjust Roots
[5.572s][info][gc,phases      ] GC(111) Adjust Roots 0.196ms
[5.572s][info][gc,phases,start] GC(111) Compaction Phase
[5.614s][info][gc,phases      ] GC(111) Compaction Phase 41.165ms
[5.614s][info][gc,phases,start] GC(111) Post Compact
[5.615s][info][gc,phases      ] GC(111) Post Compact 0.942ms
[5.615s][info][gc,heap        ] GC(111) PSYoungGen: 8149K(64512K)->8149K(64512K) Eden: 6655K(6656K)->6655K(6656K) From: 1493K(57856K)->1493K(57856K)
[5.615s][info][gc,heap        ] GC(111) ParOldGen: 682986K(683008K)->682986K(683008K)
[5.615s][info][gc,metaspace   ] GC(111) Metaspace: 6303K(6528K)->6303K(6528K) NonClass: 5769K(5888K)->5769K(5888K) Class: 533K(640K)->533K(640K)
[5.615s][info][gc             ] GC(111) Pause Full (Ergonomics) 674M->674M(730M) 203.520ms
[5.615s][info][gc,cpu         ] GC(111) User=1.61s Sys=0.00s Real=0.20s
[5.615s][info][gc,start       ] GC(112) Pause Full (Ergonomics)
[5.615s][info][gc,phases,start] GC(112) Marking Phase
[5.766s][info][gc,phases      ] GC(112) Marking Phase 151.148ms
[5.766s][info][gc,phases,start] GC(112) Summary Phase
[5.766s][info][gc,phases      ] GC(112) Summary Phase 0.021ms
[5.766s][info][gc,phases,start] GC(112) Adjust Roots
[5.766s][info][gc,phases      ] GC(112) Adjust Roots 0.199ms
[5.766s][info][gc,phases,start] GC(112) Compaction Phase
[5.806s][info][gc,phases      ] GC(112) Compaction Phase 39.925ms
[5.806s][info][gc,phases,start] GC(112) Post Compact
[5.807s][info][gc,phases      ] GC(112) Post Compact 1.000ms
[5.807s][info][gc,heap        ] GC(112) PSYoungGen: 8149K(64512K)->8149K(64512K) Eden: 6655K(6656K)->6655K(6656K) From: 1493K(57856K)->1493K(57856K)
[5.807s][info][gc,heap        ] GC(112) ParOldGen: 682990K(683008K)->682990K(683008K)
[5.807s][info][gc,metaspace   ] GC(112) Metaspace: 6303K(6528K)->6303K(6528K) NonClass: 5769K(5888K)->5769K(5888K) Class: 533K(640K)->533K(640K)
[5.807s][info][gc             ] GC(112) Pause Full (Ergonomics) 674M->674M(730M) 192.580ms
[5.807s][info][gc,cpu         ] GC(112) User=1.39s Sys=0.02s Real=0.19s
[5.808s][info][gc,start       ] GC(113) Pause Full (Ergonomics)
[5.808s][info][gc,phases,start] GC(113) Marking Phase
[5.966s][info][gc,phases      ] GC(113) Marking Phase 158.390ms
[5.966s][info][gc,phases,start] GC(113) Summary Phase
[5.966s][info][gc,phases      ] GC(113) Summary Phase 0.021ms
[5.966s][info][gc,phases,start] GC(113) Adjust Roots
[5.966s][info][gc,phases      ] GC(113) Adjust Roots 0.193ms
[5.966s][info][gc,phases,start] GC(113) Compaction Phase
[6.008s][info][gc,phases      ] GC(113) Compaction Phase 41.681ms
[6.008s][info][gc,phases,start] GC(113) Post Compact
[6.009s][info][gc,phases      ] GC(113) Post Compact 0.948ms
[6.009s][info][gc,heap        ] GC(113) PSYoungGen: 8149K(64512K)->8149K(64512K) Eden: 6655K(6656K)->6655K(6656K) From: 1493K(57856K)->1493K(57856K)
[6.009s][info][gc,heap        ] GC(113) ParOldGen: 682995K(683008K)->682995K(683008K)
[6.009s][info][gc,metaspace   ] GC(113) Metaspace: 6303K(6528K)->6303K(6528K) NonClass: 5769K(5888K)->5769K(5888K) Class: 533K(640K)->533K(640K)
[6.009s][info][gc             ] GC(113) Pause Full (Ergonomics) 674M->674M(730M) 201.512ms
[6.009s][info][gc,cpu         ] GC(113) User=1.39s Sys=0.00s Real=0.20s
[6.009s][info][gc,start       ] GC(114) Pause Full (Ergonomics)
[6.009s][info][gc,phases,start] GC(114) Marking Phase
[6.158s][info][gc,phases      ] GC(114) Marking Phase 148.542ms
[6.158s][info][gc,phases,start] GC(114) Summary Phase
[6.158s][info][gc,phases      ] GC(114) Summary Phase 0.022ms
[6.158s][info][gc,phases,start] GC(114) Adjust Roots
[6.158s][info][gc,phases      ] GC(114) Adjust Roots 0.240ms
[6.158s][info][gc,phases,start] GC(114) Compaction Phase
[6.200s][info][gc,phases      ] GC(114) Compaction Phase 41.280ms
[6.200s][info][gc,phases,start] GC(114) Post Compact
[6.201s][info][gc,phases      ] GC(114) Post Compact 0.937ms
[6.201s][info][gc,heap        ] GC(114) PSYoungGen: 8149K(64512K)->8149K(64512K) Eden: 6655K(6656K)->6655K(6656K) From: 1493K(57856K)->1493K(57856K)
[6.201s][info][gc,heap        ] GC(114) ParOldGen: 683000K(683008K)->683000K(683008K)
[6.201s][info][gc,metaspace   ] GC(114) Metaspace: 6303K(6528K)->6303K(6528K) NonClass: 5769K(5888K)->5769K(5888K) Class: 533K(640K)->533K(640K)
[6.201s][info][gc             ] GC(114) Pause Full (Ergonomics) 674M->674M(730M) 191.300ms
[6.201s][info][gc,cpu         ] GC(114) User=1.50s Sys=0.00s Real=0.19s
[6.201s][info][gc,start       ] GC(115) Pause Full (Ergonomics)
[6.201s][info][gc,phases,start] GC(115) Marking Phase
[6.354s][info][gc,phases      ] GC(115) Marking Phase 152.909ms
[6.354s][info][gc,phases,start] GC(115) Summary Phase
[6.354s][info][gc,phases      ] GC(115) Summary Phase 0.021ms
[6.354s][info][gc,phases,start] GC(115) Adjust Roots
[6.354s][info][gc,phases      ] GC(115) Adjust Roots 0.200ms
[6.354s][info][gc,phases,start] GC(115) Compaction Phase
[6.395s][info][gc,phases      ] GC(115) Compaction Phase 41.092ms
[6.395s][info][gc,phases,start] GC(115) Post Compact
[6.396s][info][gc,phases      ] GC(115) Post Compact 0.936ms
[6.396s][info][gc,heap        ] GC(115) PSYoungGen: 8149K(64512K)->8149K(64512K) Eden: 6655K(6656K)->6655K(6656K) From: 1493K(57856K)->1493K(57856K)
[6.396s][info][gc,heap        ] GC(115) ParOldGen: 683004K(683008K)->683004K(683008K)
[6.396s][info][gc,metaspace   ] GC(115) Metaspace: 6303K(6528K)->6303K(6528K) NonClass: 5769K(5888K)->5769K(5888K) Class: 533K(640K)->533K(640K)
[6.396s][info][gc             ] GC(115) Pause Full (Ergonomics) 674M->674M(730M) 195.439ms
[6.396s][info][gc,cpu         ] GC(115) User=1.34s Sys=0.03s Real=0.19s
[6.397s][info][gc,start       ] GC(116) Pause Full (Ergonomics)
[6.397s][info][gc,phases,start] GC(116) Marking Phase
[6.542s][info][gc,phases      ] GC(116) Marking Phase 145.843ms
[6.543s][info][gc,phases,start] GC(116) Summary Phase
[6.543s][info][gc,phases      ] GC(116) Summary Phase 0.020ms
[6.543s][info][gc,phases,start] GC(116) Adjust Roots
[6.543s][info][gc,phases      ] GC(116) Adjust Roots 0.190ms
[6.543s][info][gc,phases,start] GC(116) Compaction Phase
[6.587s][info][gc,phases      ] GC(116) Compaction Phase 43.753ms
[6.587s][info][gc,phases,start] GC(116) Post Compact
[6.588s][info][gc,phases      ] GC(116) Post Compact 0.977ms
[6.588s][info][gc,heap        ] GC(116) PSYoungGen: 8149K(64512K)->8149K(64512K) Eden: 6655K(6656K)->6655K(6656K) From: 1493K(57856K)->1493K(57856K)
[6.588s][info][gc,heap        ] GC(116) ParOldGen: 683008K(683008K)->683008K(683008K)
[6.588s][info][gc,metaspace   ] GC(116) Metaspace: 6303K(6528K)->6303K(6528K) NonClass: 5769K(5888K)->5769K(5888K) Class: 533K(640K)->533K(640K)
[6.588s][info][gc             ] GC(116) Pause Full (Ergonomics) 674M->674M(730M) 191.028ms
[6.588s][info][gc,cpu         ] GC(116) User=1.38s Sys=0.00s Real=0.19s
[6.588s][info][gc,start       ] GC(117) Pause Full (Allocation Failure)
[6.588s][info][gc,phases,start] GC(117) Marking Phase
[6.745s][info][gc,phases      ] GC(117) Marking Phase 156.989ms
[6.745s][info][gc,phases,start] GC(117) Summary Phase
[6.745s][info][gc,phases      ] GC(117) Summary Phase 0.022ms
[6.745s][info][gc,phases,start] GC(117) Adjust Roots
[6.745s][info][gc,phases      ] GC(117) Adjust Roots 0.349ms
[6.745s][info][gc,phases,start] GC(117) Compaction Phase
[6.921s][info][gc,phases      ] GC(117) Compaction Phase 175.922ms
[6.921s][info][gc,phases,start] GC(117) Post Compact
[6.923s][info][gc,phases      ] GC(117) Post Compact 1.348ms
[6.923s][info][gc,heap        ] GC(117) PSYoungGen: 8149K(64512K)->8149K(64512K) Eden: 6655K(6656K)->6655K(6656K) From: 1493K(57856K)->1493K(57856K)
[6.923s][info][gc,heap        ] GC(117) ParOldGen: 683008K(683008K)->683003K(683008K)
[6.923s][info][gc,metaspace   ] GC(117) Metaspace: 6303K(6528K)->6301K(6528K) NonClass: 5769K(5888K)->5768K(5888K) Class: 533K(640K)->532K(640K)
[6.923s][info][gc             ] GC(117) Pause Full (Allocation Failure) 674M->674M(730M) 334.950ms
[6.923s][info][gc,cpu         ] GC(117) User=2.47s Sys=0.02s Real=0.34s
[6.923s][info][gc,start       ] GC(118) Pause Full (Ergonomics)
[6.923s][info][gc,phases,start] GC(118) Marking Phase
[7.080s][info][gc,phases      ] GC(118) Marking Phase 156.902ms
[7.080s][info][gc,phases,start] GC(118) Summary Phase
[7.080s][info][gc,phases      ] GC(118) Summary Phase 0.046ms
[7.080s][info][gc,phases,start] GC(118) Adjust Roots
[7.080s][info][gc,phases      ] GC(118) Adjust Roots 0.195ms
[7.080s][info][gc,phases,start] GC(118) Compaction Phase
[7.121s][info][gc,phases      ] GC(118) Compaction Phase 40.459ms
[7.121s][info][gc,phases,start] GC(118) Post Compact
[7.122s][info][gc,phases      ] GC(118) Post Compact 0.938ms
[7.122s][info][gc,heap        ] GC(118) PSYoungGen: 8149K(64512K)->8149K(64512K) Eden: 6655K(6656K)->6655K(6656K) From: 1493K(57856K)->1493K(57856K)
[7.122s][info][gc,heap        ] GC(118) ParOldGen: 683005K(683008K)->683005K(683008K)
[7.122s][info][gc,metaspace   ] GC(118) Metaspace: 6301K(6528K)->6301K(6528K) NonClass: 5768K(5888K)->5768K(5888K) Class: 532K(640K)->532K(640K)
[7.122s][info][gc             ] GC(118) Pause Full (Ergonomics) 674M->674M(730M) 198.817ms
[7.122s][info][gc,cpu         ] GC(118) User=1.36s Sys=0.03s Real=0.20s
[7.122s][info][gc,start       ] GC(119) Pause Full (Ergonomics)
[7.122s][info][gc,phases,start] GC(119) Marking Phase
[7.283s][info][gc,phases      ] GC(119) Marking Phase 160.807ms
[7.283s][info][gc,phases,start] GC(119) Summary Phase
[7.283s][info][gc,phases      ] GC(119) Summary Phase 0.021ms
[7.283s][info][gc,phases,start] GC(119) Adjust Roots
[7.284s][info][gc,phases      ] GC(119) Adjust Roots 0.216ms
[7.284s][info][gc,phases,start] GC(119) Compaction Phase
[7.324s][info][gc,phases      ] GC(119) Compaction Phase 40.617ms
[7.324s][info][gc,phases,start] GC(119) Post Compact
[7.325s][info][gc,phases      ] GC(119) Post Compact 0.935ms
[7.325s][info][gc,heap        ] GC(119) PSYoungGen: 8149K(64512K)->8149K(64512K) Eden: 6655K(6656K)->6655K(6656K) From: 1493K(57856K)->1493K(57856K)
[7.325s][info][gc,heap        ] GC(119) ParOldGen: 683007K(683008K)->683007K(683008K)
[7.325s][info][gc,metaspace   ] GC(119) Metaspace: 6301K(6528K)->6301K(6528K) NonClass: 5768K(5888K)->5768K(5888K) Class: 532K(640K)->532K(640K)
[7.325s][info][gc             ] GC(119) Pause Full (Ergonomics) 674M->674M(730M) 202.874ms
[7.325s][info][gc,cpu         ] GC(119) User=1.47s Sys=0.03s Real=0.20s
[7.325s][info][gc,start       ] GC(120) Pause Full (Allocation Failure)
[7.325s][info][gc,phases,start] GC(120) Marking Phase
[7.475s][info][gc,phases      ] GC(120) Marking Phase 149.413ms
[7.475s][info][gc,phases,start] GC(120) Summary Phase
[7.475s][info][gc,phases      ] GC(120) Summary Phase 0.024ms
[7.475s][info][gc,phases,start] GC(120) Adjust Roots
[7.475s][info][gc,phases      ] GC(120) Adjust Roots 0.209ms
[7.475s][info][gc,phases,start] GC(120) Compaction Phase
[7.516s][info][gc,phases      ] GC(120) Compaction Phase 40.685ms
[7.516s][info][gc,phases,start] GC(120) Post Compact
[7.517s][info][gc,phases      ] GC(120) Post Compact 0.933ms
[7.517s][info][gc,heap        ] GC(120) PSYoungGen: 8149K(64512K)->8149K(64512K) Eden: 6655K(6656K)->6655K(6656K) From: 1493K(57856K)->1493K(57856K)
[7.517s][info][gc,heap        ] GC(120) ParOldGen: 683007K(683008K)->683007K(683008K)
[7.517s][info][gc,metaspace   ] GC(120) Metaspace: 6301K(6528K)->6301K(6528K) NonClass: 5768K(5888K)->5768K(5888K) Class: 532K(640K)->532K(640K)
[7.517s][info][gc             ] GC(120) Pause Full (Allocation Failure) 674M->674M(730M) 191.558ms
[7.517s][info][gc,cpu         ] GC(120) User=1.38s Sys=0.00s Real=0.19s
[7.517s][info][gc,start       ] GC(121) Pause Full (Ergonomics)
[7.517s][info][gc,phases,start] GC(121) Marking Phase
[7.675s][info][gc,phases      ] GC(121) Marking Phase 157.803ms
[7.675s][info][gc,phases,start] GC(121) Summary Phase
[7.675s][info][gc,phases      ] GC(121) Summary Phase 0.021ms
[7.675s][info][gc,phases,start] GC(121) Adjust Roots
[7.676s][info][gc,phases      ] GC(121) Adjust Roots 0.298ms
[7.676s][info][gc,phases,start] GC(121) Compaction Phase
[7.853s][info][gc,phases      ] GC(121) Compaction Phase 177.760ms
[7.853s][info][gc,phases,start] GC(121) Post Compact
[7.855s][info][gc,phases      ] GC(121) Post Compact 1.290ms
[7.855s][info][gc,heap        ] GC(121) PSYoungGen: 8149K(64512K)->8149K(64512K) Eden: 6656K(6656K)->6656K(6656K) From: 1493K(57856K)->1493K(57856K)
[7.855s][info][gc,heap        ] GC(121) ParOldGen: 683007K(683008K)->683006K(683008K)
[7.855s][info][gc,metaspace   ] GC(121) Metaspace: 6301K(6528K)->6301K(6528K) NonClass: 5768K(5888K)->5768K(5888K) Class: 532K(640K)->532K(640K)
[7.855s][info][gc             ] GC(121) Pause Full (Ergonomics) 674M->674M(730M) 337.476ms
[7.855s][info][gc,cpu         ] GC(121) User=2.41s Sys=0.00s Real=0.34s
[7.856s][info][gc,start       ] GC(122) Pause Full (Ergonomics)
[7.856s][info][gc,phases,start] GC(122) Marking Phase
[8.011s][info][gc,phases      ] GC(122) Marking Phase 154.723ms
[8.011s][info][gc,phases,start] GC(122) Summary Phase
[8.011s][info][gc,phases      ] GC(122) Summary Phase 0.021ms
[8.011s][info][gc,phases,start] GC(122) Adjust Roots
[8.011s][info][gc,phases      ] GC(122) Adjust Roots 0.301ms
[8.011s][info][gc,phases,start] GC(122) Compaction Phase
[8.189s][info][gc,phases      ] GC(122) Compaction Phase 177.726ms
[8.189s][info][gc,phases,start] GC(122) Post Compact
[8.190s][info][gc,phases      ] GC(122) Post Compact 1.219ms
[8.190s][info][gc,heap        ] GC(122) PSYoungGen: 8149K(64512K)->8149K(64512K) Eden: 6656K(6656K)->6656K(6656K) From: 1493K(57856K)->1493K(57856K)
[8.190s][info][gc,heap        ] GC(122) ParOldGen: 683007K(683008K)->683006K(683008K)
[8.190s][info][gc,metaspace   ] GC(122) Metaspace: 6301K(6528K)->6301K(6528K) NonClass: 5768K(5888K)->5768K(5888K) Class: 533K(640K)->533K(640K)
[8.190s][info][gc             ] GC(122) Pause Full (Ergonomics) 674M->674M(730M) 334.339ms
[8.190s][info][gc,cpu         ] GC(122) User=2.30s Sys=0.03s Real=0.34s
[8.191s][info][gc,heap,exit   ] Heap
[8.191s][info][gc,heap,exit   ]  PSYoungGen      total 64512K, used 8149K [0x00000000eb300000, 0x00000000f2b80000, 0x0000000100000000)
[8.191s][info][gc,heap,exit   ]   eden space 6656K, 100% used [0x00000000eb300000,0x00000000eb980000,0x00000000eb980000)
[8.191s][info][gc,heap,exit   ]   from space 57856K, 2% used [0x00000000ef200000,0x00000000ef375498,0x00000000f2a80000)
[8.191s][info][gc,heap,exit   ]   to   space 57856K, 0% used [0x00000000eb980000,0x00000000eb980000,0x00000000ef200000)
[8.191s][info][gc,heap,exit   ]  ParOldGen       total 683008K, used 683007K [0x00000000c1800000, 0x00000000eb300000, 0x00000000eb300000)
[8.191s][info][gc,heap,exit   ]   object space 683008K, 99% used [0x00000000c1800000,0x00000000eb2ffcb0,0x00000000eb300000)
[8.191s][info][gc,heap,exit   ]  Metaspace       used 6305K, committed 6528K, reserved 1114112K
[8.191s][info][gc,heap,exit   ]   class space    used 534K, committed 640K, reserved 1048576K
