[0.014s][info][gc,init] CardTable entry size: 512
[0.014s][info][gc     ] Using Parallel
[0.015s][info][gc,init] Version: 18.0.1+10 (release)
[0.015s][info][gc,init] CPUs: 8 total, 8 available
[0.015s][info][gc,init] Memory: 16063M
[0.015s][info][gc,init] Large Page Support: Disabled
[0.015s][info][gc,init] NUMA Support: Disabled
[0.015s][info][gc,init] Compressed Oops: Enabled (32-bit)
[0.015s][info][gc,init] Alignments: Space 512K, Generation 512K, Heap 2M
[0.016s][info][gc,init] Heap Min Capacity: 2M
[0.016s][info][gc,init] Heap Initial Capacity: 2M
[0.016s][info][gc,init] Heap Max Capacity: 1000M
[0.016s][info][gc,init] Pre-touch: Disabled
[0.016s][info][gc,init] Parallel Workers: 7
[0.016s][info][gc,metaspace] CDS archive(s) not mapped
[0.016s][info][gc,metaspace] Compressed class space mapped at: 0x0000000100000000-0x0000000140000000, reserved size: 1073741824
[0.016s][info][gc,metaspace] Narrow klass base: 0x0000000000000000, Narrow klass shift: 3, Narrow klass range: 0x140000000
[0.138s][info][gc,start    ] GC(0) Pause Young (Allocation Failure)
[0.140s][info][gc,heap     ] GC(0) PSYoungGen: 512K(1024K)->512K(1024K) Eden: 512K(512K)->0K(512K) From: 0K(512K)->512K(512K)
[0.140s][info][gc,heap     ] GC(0) ParOldGen: 0K(512K)->48K(512K)
[0.140s][info][gc,metaspace] GC(0) Metaspace: 4230K(4352K)->4230K(4352K) NonClass: 3909K(3968K)->3909K(3968K) Class: 321K(384K)->321K(384K)
[0.140s][info][gc          ] GC(0) Pause Young (Allocation Failure) 0M->0M(1M) 1.753ms
[0.140s][info][gc,cpu      ] GC(0) User=0.00s Sys=0.00s Real=0.00s
[0.217s][info][gc,start    ] GC(1) Pause Young (Allocation Failure)
[0.218s][info][gc,heap     ] GC(1) PSYoungGen: 1023K(1024K)->496K(1536K) Eden: 511K(512K)->0K(1024K) From: 512K(512K)->496K(512K)
[0.218s][info][gc,heap     ] GC(1) ParOldGen: 48K(512K)->132K(512K)
[0.218s][info][gc,metaspace] GC(1) Metaspace: 5881K(6016K)->5881K(6016K) NonClass: 5385K(5504K)->5385K(5504K) Class: 496K(512K)->496K(512K)
[0.218s][info][gc          ] GC(1) Pause Young (Allocation Failure) 1M->0M(2M) 1.318ms
[0.218s][info][gc,cpu      ] GC(1) User=0.00s Sys=0.00s Real=0.00s
[0.242s][info][gc,start    ] GC(2) Pause Young (Allocation Failure)
[0.243s][info][gc,heap     ] GC(2) PSYoungGen: 1520K(1536K)->512K(1536K) Eden: 1024K(1024K)->0K(1024K) From: 496K(512K)->512K(512K)
[0.243s][info][gc,heap     ] GC(2) ParOldGen: 132K(512K)->572K(1024K)
[0.243s][info][gc,metaspace] GC(2) Metaspace: 6300K(6528K)->6300K(6528K) NonClass: 5767K(5888K)->5767K(5888K) Class: 533K(640K)->533K(640K)
[0.243s][info][gc          ] GC(2) Pause Young (Allocation Failure) 1M->1M(2M) 1.092ms
[0.243s][info][gc,cpu      ] GC(2) User=0.00s Sys=0.00s Real=0.00s
[0.243s][info][gc,start    ] GC(3) Pause Full (Ergonomics)
[0.243s][info][gc,phases,start] GC(3) Marking Phase
[0.244s][info][gc,phases      ] GC(3) Marking Phase 1.007ms
[0.244s][info][gc,phases,start] GC(3) Summary Phase
[0.244s][info][gc,phases      ] GC(3) Summary Phase 0.017ms
[0.244s][info][gc,phases,start] GC(3) Adjust Roots
[0.245s][info][gc,phases      ] GC(3) Adjust Roots 0.451ms
[0.245s][info][gc,phases,start] GC(3) Compaction Phase
[0.248s][info][gc,phases      ] GC(3) Compaction Phase 3.363ms
[0.248s][info][gc,phases,start] GC(3) Post Compact
[0.248s][info][gc,phases      ] GC(3) Post Compact 0.072ms
[0.248s][info][gc,heap        ] GC(3) PSYoungGen: 512K(1536K)->0K(2048K) Eden: 0K(1024K)->0K(1536K) From: 512K(512K)->0K(512K)
[0.248s][info][gc,heap        ] GC(3) ParOldGen: 572K(1024K)->980K(2560K)
[0.248s][info][gc,metaspace   ] GC(3) Metaspace: 6300K(6528K)->6300K(6528K) NonClass: 5767K(5888K)->5767K(5888K) Class: 533K(640K)->533K(640K)
[0.248s][info][gc             ] GC(3) Pause Full (Ergonomics) 1M->0M(4M) 5.191ms
[0.248s][info][gc,cpu         ] GC(3) User=0.00s Sys=0.00s Real=0.00s
[0.252s][info][gc,start       ] GC(4) Pause Young (Allocation Failure)
[0.253s][info][gc,heap        ] GC(4) PSYoungGen: 1536K(2048K)->480K(2560K) Eden: 1536K(1536K)->0K(2048K) From: 0K(512K)->480K(512K)
[0.253s][info][gc,heap        ] GC(4) ParOldGen: 980K(2560K)->1324K(2560K)
[0.253s][info][gc,metaspace   ] GC(4) Metaspace: 6300K(6528K)->6300K(6528K) NonClass: 5767K(5888K)->5767K(5888K) Class: 533K(640K)->533K(640K)
[0.253s][info][gc             ] GC(4) Pause Young (Allocation Failure) 2M->1M(5M) 1.211ms
[0.253s][info][gc,cpu         ] GC(4) User=0.00s Sys=0.00s Real=0.00s
[0.257s][info][gc,start       ] GC(5) Pause Young (Allocation Failure)
[0.258s][info][gc,heap        ] GC(5) PSYoungGen: 2527K(2560K)->480K(2048K) Eden: 2047K(2048K)->0K(1536K) From: 480K(512K)->480K(512K)
[0.258s][info][gc,heap        ] GC(5) ParOldGen: 1324K(2560K)->2412K(2560K)
[0.258s][info][gc,metaspace   ] GC(5) Metaspace: 6300K(6528K)->6300K(6528K) NonClass: 5767K(5888K)->5767K(5888K) Class: 533K(640K)->533K(640K)
[0.258s][info][gc             ] GC(5) Pause Young (Allocation Failure) 3M->2M(4M) 1.424ms
[0.258s][info][gc,cpu         ] GC(5) User=0.00s Sys=0.00s Real=0.00s
[0.258s][info][gc,start       ] GC(6) Pause Full (Ergonomics)
[0.258s][info][gc,phases,start] GC(6) Marking Phase
[0.260s][info][gc,phases      ] GC(6) Marking Phase 1.417ms
[0.260s][info][gc,phases,start] GC(6) Summary Phase
[0.260s][info][gc,phases      ] GC(6) Summary Phase 0.016ms
[0.260s][info][gc,phases,start] GC(6) Adjust Roots
[0.260s][info][gc,phases      ] GC(6) Adjust Roots 0.370ms
[0.260s][info][gc,phases,start] GC(6) Compaction Phase
[0.262s][info][gc,phases      ] GC(6) Compaction Phase 2.174ms
[0.262s][info][gc,phases,start] GC(6) Post Compact
[0.262s][info][gc,phases      ] GC(6) Post Compact 0.030ms
[0.263s][info][gc,heap        ] GC(6) PSYoungGen: 480K(2048K)->475K(2048K) Eden: 0K(1536K)->0K(1536K) From: 480K(512K)->475K(512K)
[0.263s][info][gc,heap        ] GC(6) ParOldGen: 2412K(2560K)->2328K(5632K)
[0.263s][info][gc,metaspace   ] GC(6) Metaspace: 6300K(6528K)->6300K(6528K) NonClass: 5767K(5888K)->5767K(5888K) Class: 533K(640K)->533K(640K)
[0.263s][info][gc             ] GC(6) Pause Full (Ergonomics) 2M->2M(7M) 4.348ms
[0.263s][info][gc,cpu         ] GC(6) User=0.00s Sys=0.00s Real=0.01s
[0.266s][info][gc,start       ] GC(7) Pause Young (Allocation Failure)
[0.267s][info][gc,heap        ] GC(7) PSYoungGen: 2011K(2048K)->1344K(3072K) Eden: 1536K(1536K)->0K(1536K) From: 475K(512K)->1344K(1536K)
[0.267s][info][gc,heap        ] GC(7) ParOldGen: 2328K(5632K)->2328K(5632K)
[0.267s][info][gc,metaspace   ] GC(7) Metaspace: 6300K(6528K)->6300K(6528K) NonClass: 5767K(5888K)->5767K(5888K) Class: 533K(640K)->533K(640K)
[0.267s][info][gc             ] GC(7) Pause Young (Allocation Failure) 4M->3M(8M) 1.448ms
[0.267s][info][gc,cpu         ] GC(7) User=0.00s Sys=0.00s Real=0.00s
[0.271s][info][gc,start       ] GC(8) Pause Young (Allocation Failure)
[0.272s][info][gc,heap        ] GC(8) PSYoungGen: 2879K(3072K)->2016K(4096K) Eden: 1535K(1536K)->0K(2048K) From: 1344K(1536K)->2016K(2048K)
[0.273s][info][gc,heap        ] GC(8) ParOldGen: 2328K(5632K)->2432K(5632K)
[0.273s][info][gc,metaspace   ] GC(8) Metaspace: 6300K(6528K)->6300K(6528K) NonClass: 5767K(5888K)->5767K(5888K) Class: 533K(640K)->533K(640K)
[0.273s][info][gc             ] GC(8) Pause Young (Allocation Failure) 5M->4M(9M) 2.020ms
[0.273s][info][gc,cpu         ] GC(8) User=0.00s Sys=0.00s Real=0.00s
[0.277s][info][gc,start       ] GC(9) Pause Young (Allocation Failure)
[0.279s][info][gc,heap        ] GC(9) PSYoungGen: 4064K(4096K)->2528K(4608K) Eden: 2048K(2048K)->0K(2048K) From: 2016K(2048K)->2528K(2560K)
[0.279s][info][gc,heap        ] GC(9) ParOldGen: 2432K(5632K)->2952K(5632K)
[0.279s][info][gc,metaspace   ] GC(9) Metaspace: 6300K(6528K)->6300K(6528K) NonClass: 5767K(5888K)->5767K(5888K) Class: 533K(640K)->533K(640K)
[0.279s][info][gc             ] GC(9) Pause Young (Allocation Failure) 6M->5M(10M) 2.372ms
[0.279s][info][gc,cpu         ] GC(9) User=0.00s Sys=0.00s Real=0.00s
[0.284s][info][gc,start       ] GC(10) Pause Young (Allocation Failure)
[0.287s][info][gc,heap        ] GC(10) PSYoungGen: 4576K(4608K)->3040K(5632K) Eden: 2048K(2048K)->0K(2560K) From: 2528K(2560K)->3040K(3072K)
[0.287s][info][gc,heap        ] GC(10) ParOldGen: 2952K(5632K)->3496K(5632K)
[0.287s][info][gc,metaspace   ] GC(10) Metaspace: 6300K(6528K)->6300K(6528K) NonClass: 5767K(5888K)->5767K(5888K) Class: 533K(640K)->533K(640K)
[0.287s][info][gc             ] GC(10) Pause Young (Allocation Failure) 7M->6M(11M) 2.937ms
[0.287s][info][gc,cpu         ] GC(10) User=0.00s Sys=0.00s Real=0.00s
[0.291s][info][gc,start       ] GC(11) Pause Young (Allocation Failure)
[0.295s][info][gc,heap        ] GC(11) PSYoungGen: 5600K(5632K)->3744K(6656K) Eden: 2560K(2560K)->0K(2560K) From: 3040K(3072K)->3744K(4096K)
[0.295s][info][gc,heap        ] GC(11) ParOldGen: 3496K(5632K)->4272K(5632K)
[0.295s][info][gc,metaspace   ] GC(11) Metaspace: 6300K(6528K)->6300K(6528K) NonClass: 5767K(5888K)->5767K(5888K) Class: 533K(640K)->533K(640K)
[0.295s][info][gc             ] GC(11) Pause Young (Allocation Failure) 8M->7M(12M) 3.449ms
[0.295s][info][gc,cpu         ] GC(11) User=0.00s Sys=0.00s Real=0.00s
[0.299s][info][gc,start       ] GC(12) Pause Young (Allocation Failure)
[0.303s][info][gc,heap        ] GC(12) PSYoungGen: 6304K(6656K)->3776K(7680K) Eden: 2560K(2560K)->0K(3072K) From: 3744K(4096K)->3776K(4608K)
[0.303s][info][gc,heap        ] GC(12) ParOldGen: 4272K(5632K)->5544K(5632K)
[0.303s][info][gc,metaspace   ] GC(12) Metaspace: 6300K(6528K)->6300K(6528K) NonClass: 5767K(5888K)->5767K(5888K) Class: 533K(640K)->533K(640K)
[0.304s][info][gc             ] GC(12) Pause Young (Allocation Failure) 10M->9M(13M) 4.493ms
[0.304s][info][gc,cpu         ] GC(12) User=0.00s Sys=0.00s Real=0.00s
[0.304s][info][gc,start       ] GC(13) Pause Full (Ergonomics)
[0.304s][info][gc,phases,start] GC(13) Marking Phase
[0.307s][info][gc,phases      ] GC(13) Marking Phase 3.218ms
[0.307s][info][gc,phases,start] GC(13) Summary Phase
[0.307s][info][gc,phases      ] GC(13) Summary Phase 0.015ms
[0.307s][info][gc,phases,start] GC(13) Adjust Roots
[0.307s][info][gc,phases      ] GC(13) Adjust Roots 0.332ms
[0.307s][info][gc,phases,start] GC(13) Compaction Phase
[0.313s][info][gc,phases      ] GC(13) Compaction Phase 5.392ms
[0.313s][info][gc,phases,start] GC(13) Post Compact
[0.313s][info][gc,phases      ] GC(13) Post Compact 0.056ms
[0.313s][info][gc,heap        ] GC(13) PSYoungGen: 3776K(7680K)->3680K(7680K) Eden: 0K(3072K)->0K(3072K) From: 3776K(4608K)->3680K(4608K)
[0.313s][info][gc,heap        ] GC(13) ParOldGen: 5544K(5632K)->5392K(10240K)
[0.313s][info][gc,metaspace   ] GC(13) Metaspace: 6300K(6528K)->6300K(6528K) NonClass: 5767K(5888K)->5767K(5888K) Class: 533K(640K)->533K(640K)
[0.313s][info][gc             ] GC(13) Pause Full (Ergonomics) 9M->8M(17M) 9.381ms
[0.313s][info][gc,cpu         ] GC(13) User=0.00s Sys=0.00s Real=0.01s
[0.318s][info][gc,start       ] GC(14) Pause Young (Allocation Failure)
[0.321s][info][gc,heap        ] GC(14) PSYoungGen: 6752K(7680K)->3008K(8192K) Eden: 3072K(3072K)->0K(3072K) From: 3680K(4608K)->3008K(5120K)
[0.321s][info][gc,heap        ] GC(14) ParOldGen: 5392K(10240K)->7824K(10240K)
[0.321s][info][gc,metaspace   ] GC(14) Metaspace: 6300K(6528K)->6300K(6528K) NonClass: 5767K(5888K)->5767K(5888K) Class: 533K(640K)->533K(640K)
[0.321s][info][gc             ] GC(14) Pause Young (Allocation Failure) 11M->10M(18M) 3.589ms
[0.321s][info][gc,cpu         ] GC(14) User=0.00s Sys=0.00s Real=0.00s
[0.328s][info][gc,start       ] GC(15) Pause Young (Allocation Failure)
[0.332s][info][gc,heap        ] GC(15) PSYoungGen: 6080K(8192K)->1920K(8704K) Eden: 3072K(3072K)->0K(4608K) From: 3008K(5120K)->1920K(4096K)
[0.332s][info][gc,heap        ] GC(15) ParOldGen: 7824K(10240K)->10800K(11264K)
[0.332s][info][gc,metaspace   ] GC(15) Metaspace: 6300K(6528K)->6300K(6528K) NonClass: 5767K(5888K)->5767K(5888K) Class: 533K(640K)->533K(640K)
[0.332s][info][gc             ] GC(15) Pause Young (Allocation Failure) 13M->12M(19M) 3.700ms
[0.332s][info][gc,cpu         ] GC(15) User=0.00s Sys=0.00s Real=0.00s
[0.332s][info][gc,start       ] GC(16) Pause Full (Ergonomics)
[0.332s][info][gc,phases,start] GC(16) Marking Phase
[0.336s][info][gc,phases      ] GC(16) Marking Phase 4.354ms
[0.336s][info][gc,phases,start] GC(16) Summary Phase
[0.336s][info][gc,phases      ] GC(16) Summary Phase 0.023ms
[0.336s][info][gc,phases,start] GC(16) Adjust Roots
[0.337s][info][gc,phases      ] GC(16) Adjust Roots 0.268ms
[0.337s][info][gc,phases,start] GC(16) Compaction Phase
[0.342s][info][gc,phases      ] GC(16) Compaction Phase 5.463ms
[0.342s][info][gc,phases,start] GC(16) Post Compact
[0.342s][info][gc,phases      ] GC(16) Post Compact 0.080ms
[0.342s][info][gc,heap        ] GC(16) PSYoungGen: 1920K(8704K)->1824K(9216K) Eden: 0K(4608K)->0K(5120K) From: 1920K(4096K)->1824K(4096K)
[0.342s][info][gc,heap        ] GC(16) ParOldGen: 10800K(11264K)->10393K(17408K)
[0.342s][info][gc,metaspace   ] GC(16) Metaspace: 6300K(6528K)->6300K(6528K) NonClass: 5767K(5888K)->5767K(5888K) Class: 533K(640K)->533K(640K)
[0.342s][info][gc             ] GC(16) Pause Full (Ergonomics) 12M->11M(26M) 10.664ms
[0.342s][info][gc,cpu         ] GC(16) User=0.00s Sys=0.00s Real=0.01s
[0.349s][info][gc,start       ] GC(17) Pause Young (Allocation Failure)
[0.353s][info][gc,heap        ] GC(17) PSYoungGen: 6944K(9216K)->2720K(9728K) Eden: 5120K(5120K)->0K(5120K) From: 1824K(4096K)->2720K(4608K)
[0.353s][info][gc,heap        ] GC(17) ParOldGen: 10393K(17408K)->12265K(17408K)
[0.353s][info][gc,metaspace   ] GC(17) Metaspace: 6302K(6528K)->6302K(6528K) NonClass: 5769K(5888K)->5769K(5888K) Class: 533K(640K)->533K(640K)
[0.353s][info][gc             ] GC(17) Pause Young (Allocation Failure) 16M->14M(26M) 3.712ms
[0.353s][info][gc,cpu         ] GC(17) User=0.00s Sys=0.00s Real=0.00s
[0.357s][info][gc,start       ] GC(18) Pause Young (Allocation Failure)
[0.362s][info][gc,heap        ] GC(18) PSYoungGen: 7840K(9728K)->2752K(11776K) Eden: 5120K(5120K)->0K(7168K) From: 2720K(4608K)->2752K(4608K)
[0.362s][info][gc,heap        ] GC(18) ParOldGen: 12265K(17408K)->14937K(17408K)
[0.362s][info][gc,metaspace   ] GC(18) Metaspace: 6302K(6528K)->6302K(6528K) NonClass: 5769K(5888K)->5769K(5888K) Class: 533K(640K)->533K(640K)
[0.362s][info][gc             ] GC(18) Pause Young (Allocation Failure) 19M->17M(28M) 4.831ms
[0.362s][info][gc,cpu         ] GC(18) User=0.00s Sys=0.00s Real=0.01s
[0.362s][info][gc,start       ] GC(19) Pause Full (Ergonomics)
[0.362s][info][gc,phases,start] GC(19) Marking Phase
[0.368s][info][gc,phases      ] GC(19) Marking Phase 5.969ms
[0.368s][info][gc,phases,start] GC(19) Summary Phase
[0.368s][info][gc,phases      ] GC(19) Summary Phase 0.018ms
[0.368s][info][gc,phases,start] GC(19) Adjust Roots
[0.369s][info][gc,phases      ] GC(19) Adjust Roots 0.266ms
[0.369s][info][gc,phases,start] GC(19) Compaction Phase
[0.374s][info][gc,phases      ] GC(19) Compaction Phase 5.352ms
[0.374s][info][gc,phases,start] GC(19) Post Compact
[0.374s][info][gc,phases      ] GC(19) Post Compact 0.083ms
[0.374s][info][gc,heap        ] GC(19) PSYoungGen: 2752K(11776K)->134K(11776K) Eden: 0K(7168K)->0K(7168K) From: 2752K(4608K)->134K(4608K)
[0.374s][info][gc,heap        ] GC(19) ParOldGen: 14937K(17408K)->17334K(26112K)
[0.374s][info][gc,metaspace   ] GC(19) Metaspace: 6302K(6528K)->6302K(6528K) NonClass: 5769K(5888K)->5769K(5888K) Class: 533K(640K)->533K(640K)
[0.374s][info][gc             ] GC(19) Pause Full (Ergonomics) 17M->17M(37M) 12.037ms
[0.374s][info][gc,cpu         ] GC(19) User=0.00s Sys=0.00s Real=0.01s
[0.380s][info][gc,start       ] GC(20) Pause Young (Allocation Failure)
[0.383s][info][gc,heap        ] GC(20) PSYoungGen: 7302K(11776K)->3840K(11776K) Eden: 7168K(7168K)->0K(7168K) From: 134K(4608K)->3840K(4608K)
[0.384s][info][gc,heap        ] GC(20) ParOldGen: 17334K(26112K)->17510K(26112K)
[0.384s][info][gc,metaspace   ] GC(20) Metaspace: 6302K(6528K)->6302K(6528K) NonClass: 5769K(5888K)->5769K(5888K) Class: 533K(640K)->533K(640K)
[0.384s][info][gc             ] GC(20) Pause Young (Allocation Failure) 24M->20M(37M) 3.782ms
[0.384s][info][gc,cpu         ] GC(20) User=0.00s Sys=0.00s Real=0.00s
[0.393s][info][gc,start       ] GC(21) Pause Young (Allocation Failure)
[0.400s][info][gc,heap        ] GC(21) PSYoungGen: 11008K(11776K)->4320K(14336K) Eden: 7168K(7168K)->0K(9216K) From: 3840K(4608K)->4320K(5120K)
[0.400s][info][gc,heap        ] GC(21) ParOldGen: 17510K(26112K)->21302K(26112K)
[0.400s][info][gc,metaspace   ] GC(21) Metaspace: 6302K(6528K)->6302K(6528K) NonClass: 5769K(5888K)->5769K(5888K) Class: 533K(640K)->533K(640K)
[0.400s][info][gc             ] GC(21) Pause Young (Allocation Failure) 27M->25M(39M) 6.924ms
[0.400s][info][gc,cpu         ] GC(21) User=0.00s Sys=0.00s Real=0.01s
[0.410s][info][gc,start       ] GC(22) Pause Young (Allocation Failure)
[0.417s][info][gc,heap        ] GC(22) PSYoungGen: 13536K(14336K)->4864K(14848K) Eden: 9216K(9216K)->0K(9216K) From: 4320K(5120K)->4864K(5632K)
[0.417s][info][gc,heap        ] GC(22) ParOldGen: 21302K(26112K)->25574K(26112K)
[0.417s][info][gc,metaspace   ] GC(22) Metaspace: 6302K(6528K)->6302K(6528K) NonClass: 5769K(5888K)->5769K(5888K) Class: 533K(640K)->533K(640K)
[0.417s][info][gc             ] GC(22) Pause Young (Allocation Failure) 34M->29M(40M) 7.471ms
[0.417s][info][gc,cpu         ] GC(22) User=0.00s Sys=0.00s Real=0.01s
[0.417s][info][gc,start       ] GC(23) Pause Full (Ergonomics)
[0.417s][info][gc,phases,start] GC(23) Marking Phase
[0.425s][info][gc,phases      ] GC(23) Marking Phase 7.862ms
[0.425s][info][gc,phases,start] GC(23) Summary Phase
[0.425s][info][gc,phases      ] GC(23) Summary Phase 0.018ms
[0.425s][info][gc,phases,start] GC(23) Adjust Roots
[0.425s][info][gc,phases      ] GC(23) Adjust Roots 0.210ms
[0.425s][info][gc,phases,start] GC(23) Compaction Phase
[0.437s][info][gc,phases      ] GC(23) Compaction Phase 11.733ms
[0.437s][info][gc,phases,start] GC(23) Post Compact
[0.437s][info][gc,phases      ] GC(23) Post Compact 0.108ms
[0.437s][info][gc,heap        ] GC(23) PSYoungGen: 4864K(14848K)->3741K(14848K) Eden: 0K(9216K)->0K(9216K) From: 4864K(5632K)->3741K(5632K)
[0.437s][info][gc,heap        ] GC(23) ParOldGen: 25574K(26112K)->25875K(37376K)
[0.437s][info][gc,metaspace   ] GC(23) Metaspace: 6302K(6528K)->6302K(6528K) NonClass: 5769K(5888K)->5769K(5888K) Class: 533K(640K)->533K(640K)
[0.437s][info][gc             ] GC(23) Pause Full (Ergonomics) 29M->28M(51M) 20.271ms
[0.438s][info][gc,cpu         ] GC(23) User=0.00s Sys=0.00s Real=0.02s
[0.447s][info][gc,start       ] GC(24) Pause Young (Allocation Failure)
[0.455s][info][gc,heap        ] GC(24) PSYoungGen: 12957K(14848K)->6144K(14848K) Eden: 9216K(9216K)->0K(8704K) From: 3741K(5632K)->6144K(6144K)
[0.455s][info][gc,heap        ] GC(24) ParOldGen: 25875K(37376K)->31227K(37376K)
[0.455s][info][gc,metaspace   ] GC(24) Metaspace: 6302K(6528K)->6302K(6528K) NonClass: 5769K(5888K)->5769K(5888K) Class: 533K(640K)->533K(640K)
[0.456s][info][gc             ] GC(24) Pause Young (Allocation Failure) 37M->36M(51M) 8.548ms
[0.456s][info][gc,cpu         ] GC(24) User=0.02s Sys=0.00s Real=0.01s
[0.465s][info][gc,start       ] GC(25) Pause Young (Allocation Failure)
[0.473s][info][gc,heap        ] GC(25) PSYoungGen: 13774K(14848K)->7552K(17920K) Eden: 7630K(8704K)->0K(8704K) From: 6144K(6144K)->7552K(9216K)
[0.473s][info][gc,heap        ] GC(25) ParOldGen: 31227K(37376K)->37483K(37888K)
[0.473s][info][gc,metaspace   ] GC(25) Metaspace: 6302K(6528K)->6302K(6528K) NonClass: 5769K(5888K)->5769K(5888K) Class: 533K(640K)->533K(640K)
[0.473s][info][gc             ] GC(25) Pause Young (Allocation Failure) 43M->43M(54M) 8.856ms
[0.473s][info][gc,cpu         ] GC(25) User=0.00s Sys=0.00s Real=0.01s
[0.473s][info][gc,start       ] GC(26) Pause Full (Ergonomics)
[0.473s][info][gc,phases,start] GC(26) Marking Phase
[0.487s][info][gc,phases      ] GC(26) Marking Phase 13.661ms
[0.487s][info][gc,phases,start] GC(26) Summary Phase
[0.487s][info][gc,phases      ] GC(26) Summary Phase 0.018ms
[0.487s][info][gc,phases,start] GC(26) Adjust Roots
[0.487s][info][gc,phases      ] GC(26) Adjust Roots 0.218ms
[0.487s][info][gc,phases,start] GC(26) Compaction Phase
[0.500s][info][gc,phases      ] GC(26) Compaction Phase 12.416ms
[0.500s][info][gc,phases,start] GC(26) Post Compact
[0.500s][info][gc,phases      ] GC(26) Post Compact 0.207ms
[0.500s][info][gc,heap        ] GC(26) PSYoungGen: 7552K(17920K)->6930K(17920K) Eden: 0K(8704K)->0K(8704K) From: 7552K(9216K)->6930K(9216K)
[0.500s][info][gc,heap        ] GC(26) ParOldGen: 37483K(37888K)->37765K(52224K)
[0.500s][info][gc,metaspace   ] GC(26) Metaspace: 6302K(6528K)->6302K(6528K) NonClass: 5769K(5888K)->5769K(5888K) Class: 533K(640K)->533K(640K)
[0.500s][info][gc             ] GC(26) Pause Full (Ergonomics) 43M->43M(68M) 26.878ms
[0.500s][info][gc,cpu         ] GC(26) User=0.03s Sys=0.00s Real=0.03s
[0.516s][info][gc,start       ] GC(27) Pause Young (Allocation Failure)
[0.529s][info][gc,heap        ] GC(27) PSYoungGen: 15634K(17920K)->8768K(19968K) Eden: 8704K(8704K)->0K(9728K) From: 6930K(9216K)->8768K(10240K)
[0.530s][info][gc,heap        ] GC(27) ParOldGen: 37765K(52224K)->44829K(52224K)
[0.530s][info][gc,metaspace   ] GC(27) Metaspace: 6302K(6528K)->6302K(6528K) NonClass: 5769K(5888K)->5769K(5888K) Class: 533K(640K)->533K(640K)
[0.530s][info][gc             ] GC(27) Pause Young (Allocation Failure) 52M->52M(70M) 13.664ms
[0.530s][info][gc,cpu         ] GC(27) User=0.00s Sys=0.00s Real=0.01s
[0.530s][info][gc,start       ] GC(28) Pause Full (Ergonomics)
[0.530s][info][gc,phases,start] GC(28) Marking Phase
[0.544s][info][gc,phases      ] GC(28) Marking Phase 14.293ms
[0.544s][info][gc,phases,start] GC(28) Summary Phase
[0.544s][info][gc,phases      ] GC(28) Summary Phase 0.055ms
[0.544s][info][gc,phases,start] GC(28) Adjust Roots
[0.544s][info][gc,phases      ] GC(28) Adjust Roots 0.262ms
[0.544s][info][gc,phases,start] GC(28) Compaction Phase
[0.558s][info][gc,phases      ] GC(28) Compaction Phase 14.023ms
[0.558s][info][gc,phases,start] GC(28) Post Compact
[0.559s][info][gc,phases      ] GC(28) Post Compact 0.192ms
[0.559s][info][gc,heap        ] GC(28) PSYoungGen: 8768K(19968K)->553K(19968K) Eden: 0K(9728K)->0K(9728K) From: 8768K(10240K)->553K(10240K)
[0.559s][info][gc,heap        ] GC(28) ParOldGen: 44829K(52224K)->51799K(69120K)
[0.559s][info][gc,metaspace   ] GC(28) Metaspace: 6302K(6528K)->6302K(6528K) NonClass: 5769K(5888K)->5769K(5888K) Class: 533K(640K)->533K(640K)
[0.559s][info][gc             ] GC(28) Pause Full (Ergonomics) 52M->51M(87M) 29.253ms
[0.559s][info][gc,cpu         ] GC(28) User=0.00s Sys=0.00s Real=0.03s
[0.570s][info][gc,start       ] GC(29) Pause Young (Allocation Failure)
[0.578s][info][gc,heap        ] GC(29) PSYoungGen: 10281K(19968K)->9824K(20992K) Eden: 9728K(9728K)->0K(9728K) From: 553K(10240K)->9824K(11264K)
[0.578s][info][gc,heap        ] GC(29) ParOldGen: 51799K(69120K)->52399K(69120K)
[0.578s][info][gc,metaspace   ] GC(29) Metaspace: 6302K(6528K)->6302K(6528K) NonClass: 5769K(5888K)->5769K(5888K) Class: 533K(640K)->533K(640K)
[0.578s][info][gc             ] GC(29) Pause Young (Allocation Failure) 60M->60M(88M) 7.189ms
[0.578s][info][gc,cpu         ] GC(29) User=0.02s Sys=0.00s Real=0.01s
[0.588s][info][gc,start       ] GC(30) Pause Young (Allocation Failure)
[0.598s][info][gc,heap        ] GC(30) PSYoungGen: 19552K(20992K)->12288K(19456K) Eden: 9728K(9728K)->0K(7168K) From: 9824K(11264K)->12288K(12288K)
[0.598s][info][gc,heap        ] GC(30) ParOldGen: 52399K(69120K)->59647K(69120K)
[0.598s][info][gc,metaspace   ] GC(30) Metaspace: 6302K(6528K)->6302K(6528K) NonClass: 5769K(5888K)->5769K(5888K) Class: 533K(640K)->533K(640K)
[0.598s][info][gc             ] GC(30) Pause Young (Allocation Failure) 70M->70M(86M) 10.243ms
[0.598s][info][gc,cpu         ] GC(30) User=0.00s Sys=0.00s Real=0.01s
[0.606s][info][gc,start       ] GC(31) Pause Young (Allocation Failure)
[0.616s][info][gc,heap        ] GC(31) PSYoungGen: 19456K(19456K)->7296K(24064K) Eden: 7168K(7168K)->0K(7168K) From: 12288K(12288K)->7296K(16896K)
[0.616s][info][gc,heap        ] GC(31) ParOldGen: 59647K(69120K)->72127K(72192K)
[0.616s][info][gc,metaspace   ] GC(31) Metaspace: 6302K(6528K)->6302K(6528K) NonClass: 5769K(5888K)->5769K(5888K) Class: 533K(640K)->533K(640K)
[0.616s][info][gc             ] GC(31) Pause Young (Allocation Failure) 77M->77M(94M) 10.196ms
[0.616s][info][gc,cpu         ] GC(31) User=0.00s Sys=0.00s Real=0.01s
[0.616s][info][gc,start       ] GC(32) Pause Full (Ergonomics)
[0.616s][info][gc,phases,start] GC(32) Marking Phase
[0.635s][info][gc,phases      ] GC(32) Marking Phase 19.245ms
[0.635s][info][gc,phases,start] GC(32) Summary Phase
[0.635s][info][gc,phases      ] GC(32) Summary Phase 0.016ms
[0.635s][info][gc,phases,start] GC(32) Adjust Roots
[0.636s][info][gc,phases      ] GC(32) Adjust Roots 0.185ms
[0.636s][info][gc,phases,start] GC(32) Compaction Phase
[0.648s][info][gc,phases      ] GC(32) Compaction Phase 12.698ms
[0.648s][info][gc,phases,start] GC(32) Post Compact
[0.649s][info][gc,phases      ] GC(32) Post Compact 0.235ms
[0.649s][info][gc,heap        ] GC(32) PSYoungGen: 7296K(24064K)->7139K(24064K) Eden: 0K(7168K)->0K(7168K) From: 7296K(16896K)->7139K(16896K)
[0.649s][info][gc,heap        ] GC(32) ParOldGen: 72127K(72192K)->71740K(94208K)
[0.649s][info][gc,metaspace   ] GC(32) Metaspace: 6302K(6528K)->6302K(6528K) NonClass: 5769K(5888K)->5769K(5888K) Class: 533K(640K)->533K(640K)
[0.649s][info][gc             ] GC(32) Pause Full (Ergonomics) 77M->77M(115M) 32.800ms
[0.649s][info][gc,cpu         ] GC(32) User=0.11s Sys=0.00s Real=0.03s
[0.657s][info][gc,start       ] GC(33) Pause Young (Allocation Failure)
[0.667s][info][gc,heap        ] GC(33) PSYoungGen: 14307K(24064K)->7264K(24064K) Eden: 7168K(7168K)->0K(8704K) From: 7139K(16896K)->7264K(15360K)
[0.667s][info][gc,heap        ] GC(33) ParOldGen: 71740K(94208K)->79004K(94208K)
[0.667s][info][gc,metaspace   ] GC(33) Metaspace: 6302K(6528K)->6302K(6528K) NonClass: 5769K(5888K)->5769K(5888K) Class: 533K(640K)->533K(640K)
[0.667s][info][gc             ] GC(33) Pause Young (Allocation Failure) 84M->84M(115M) 10.640ms
[0.667s][info][gc,cpu         ] GC(33) User=0.02s Sys=0.00s Real=0.01s
[0.686s][info][gc,start       ] GC(34) Pause Young (Allocation Failure)
[0.699s][info][gc,heap        ] GC(34) PSYoungGen: 15968K(24064K)->8800K(24576K) Eden: 8704K(8704K)->0K(8704K) From: 7264K(15360K)->8800K(15872K)
[0.699s][info][gc,heap        ] GC(34) ParOldGen: 79004K(94208K)->86292K(94208K)
[0.699s][info][gc,metaspace   ] GC(34) Metaspace: 6302K(6528K)->6302K(6528K) NonClass: 5769K(5888K)->5769K(5888K) Class: 533K(640K)->533K(640K)
[0.699s][info][gc             ] GC(34) Pause Young (Allocation Failure) 92M->92M(116M) 13.185ms
[0.699s][info][gc,cpu         ] GC(34) User=0.00s Sys=0.00s Real=0.01s
[0.699s][info][gc,start       ] GC(35) Pause Full (Ergonomics)
[0.699s][info][gc,phases,start] GC(35) Marking Phase
[0.725s][info][gc,phases      ] GC(35) Marking Phase 25.264ms
[0.725s][info][gc,phases,start] GC(35) Summary Phase
[0.725s][info][gc,phases      ] GC(35) Summary Phase 0.019ms
[0.725s][info][gc,phases,start] GC(35) Adjust Roots
[0.725s][info][gc,phases      ] GC(35) Adjust Roots 0.200ms
[0.725s][info][gc,phases,start] GC(35) Compaction Phase
[0.747s][info][gc,phases      ] GC(35) Compaction Phase 22.014ms
[0.747s][info][gc,phases,start] GC(35) Post Compact
[0.747s][info][gc,phases      ] GC(35) Post Compact 0.320ms
[0.748s][info][gc,heap        ] GC(35) PSYoungGen: 8800K(24576K)->0K(25088K) Eden: 0K(8704K)->0K(10240K) From: 8800K(15872K)->0K(14848K)
[0.748s][info][gc,heap        ] GC(35) ParOldGen: 86292K(94208K)->92657K(117248K)
[0.748s][info][gc,metaspace   ] GC(35) Metaspace: 6302K(6528K)->6302K(6528K) NonClass: 5769K(5888K)->5769K(5888K) Class: 533K(640K)->533K(640K)
[0.748s][info][gc             ] GC(35) Pause Full (Ergonomics) 92M->90M(139M) 48.258ms
[0.748s][info][gc,cpu         ] GC(35) User=0.12s Sys=0.00s Real=0.05s
[0.757s][info][gc,start       ] GC(36) Pause Young (Allocation Failure)
[0.763s][info][gc,heap        ] GC(36) PSYoungGen: 10240K(25088K)->10368K(25600K) Eden: 10240K(10240K)->0K(10240K) From: 0K(14848K)->10368K(15360K)
[0.763s][info][gc,heap        ] GC(36) ParOldGen: 92657K(117248K)->92657K(117248K)
[0.763s][info][gc,metaspace   ] GC(36) Metaspace: 6302K(6528K)->6302K(6528K) NonClass: 5769K(5888K)->5769K(5888K) Class: 533K(640K)->533K(640K)
[0.763s][info][gc             ] GC(36) Pause Young (Allocation Failure) 100M->100M(139M) 5.768ms
[0.763s][info][gc,cpu         ] GC(36) User=0.02s Sys=0.00s Real=0.01s
[0.772s][info][gc,start       ] GC(37) Pause Young (Allocation Failure)
[0.782s][info][gc,heap        ] GC(37) PSYoungGen: 20608K(25600K)->15872K(23552K) Eden: 10240K(10240K)->0K(7680K) From: 10368K(15360K)->15872K(15872K)
[0.782s][info][gc,heap        ] GC(37) ParOldGen: 92657K(117248K)->97321K(117248K)
[0.782s][info][gc,metaspace   ] GC(37) Metaspace: 6302K(6528K)->6302K(6528K) NonClass: 5769K(5888K)->5769K(5888K) Class: 533K(640K)->533K(640K)
[0.782s][info][gc             ] GC(37) Pause Young (Allocation Failure) 110M->110M(137M) 9.752ms
[0.782s][info][gc,cpu         ] GC(37) User=0.02s Sys=0.00s Real=0.01s
[0.790s][info][gc,start       ] GC(38) Pause Young (Allocation Failure)
[0.801s][info][gc,heap        ] GC(38) PSYoungGen: 23552K(23552K)->7776K(27648K) Eden: 7680K(7680K)->0K(7680K) From: 15872K(15872K)->7776K(19968K)
[0.801s][info][gc,heap        ] GC(38) ParOldGen: 97321K(117248K)->113401K(117248K)
[0.802s][info][gc,metaspace   ] GC(38) Metaspace: 6302K(6528K)->6302K(6528K) NonClass: 5769K(5888K)->5769K(5888K) Class: 533K(640K)->533K(640K)
[0.802s][info][gc             ] GC(38) Pause Young (Allocation Failure) 118M->118M(141M) 11.597ms
[0.802s][info][gc,cpu         ] GC(38) User=0.02s Sys=0.00s Real=0.01s
[0.802s][info][gc,start       ] GC(39) Pause Full (Ergonomics)
[0.802s][info][gc,phases,start] GC(39) Marking Phase
[0.830s][info][gc,phases      ] GC(39) Marking Phase 28.455ms
[0.830s][info][gc,phases,start] GC(39) Summary Phase
[0.830s][info][gc,phases      ] GC(39) Summary Phase 0.017ms
[0.830s][info][gc,phases,start] GC(39) Adjust Roots
[0.830s][info][gc,phases      ] GC(39) Adjust Roots 0.175ms
[0.830s][info][gc,phases,start] GC(39) Compaction Phase
[0.846s][info][gc,phases      ] GC(39) Compaction Phase 15.653ms
[0.846s][info][gc,phases,start] GC(39) Post Compact
[0.847s][info][gc,phases      ] GC(39) Post Compact 0.434ms
[0.847s][info][gc,heap        ] GC(39) PSYoungGen: 7776K(27648K)->3562K(27648K) Eden: 0K(7680K)->0K(7680K) From: 7776K(19968K)->3562K(19968K)
[0.847s][info][gc,heap        ] GC(39) ParOldGen: 113401K(117248K)->117165K(146432K)
[0.847s][info][gc,metaspace   ] GC(39) Metaspace: 6302K(6528K)->6302K(6528K) NonClass: 5769K(5888K)->5769K(5888K) Class: 533K(640K)->533K(640K)
[0.847s][info][gc             ] GC(39) Pause Full (Ergonomics) 118M->117M(170M) 45.129ms
[0.847s][info][gc,cpu         ] GC(39) User=0.12s Sys=0.00s Real=0.05s
[0.854s][info][gc,start       ] GC(40) Pause Young (Allocation Failure)
[0.865s][info][gc,heap        ] GC(40) PSYoungGen: 11242K(27648K)->7744K(27136K) Eden: 7680K(7680K)->0K(9216K) From: 3562K(19968K)->7744K(17920K)
[0.865s][info][gc,heap        ] GC(40) ParOldGen: 117165K(146432K)->120813K(146432K)
[0.865s][info][gc,metaspace   ] GC(40) Metaspace: 6302K(6528K)->6302K(6528K) NonClass: 5769K(5888K)->5769K(5888K) Class: 533K(640K)->533K(640K)
[0.865s][info][gc             ] GC(40) Pause Young (Allocation Failure) 125M->125M(169M) 10.647ms
[0.865s][info][gc,cpu         ] GC(40) User=0.00s Sys=0.00s Real=0.01s
[0.874s][info][gc,start       ] GC(41) Pause Young (Allocation Failure)
[0.883s][info][gc,heap        ] GC(41) PSYoungGen: 16960K(27136K)->16960K(27648K) Eden: 9216K(9216K)->0K(9216K) From: 7744K(17920K)->16960K(18432K)
[0.883s][info][gc,heap        ] GC(41) ParOldGen: 120813K(146432K)->120813K(146432K)
[0.883s][info][gc,metaspace   ] GC(41) Metaspace: 6302K(6528K)->6302K(6528K) NonClass: 5769K(5888K)->5769K(5888K) Class: 533K(640K)->533K(640K)
[0.883s][info][gc             ] GC(41) Pause Young (Allocation Failure) 134M->134M(170M) 8.724ms
[0.883s][info][gc,cpu         ] GC(41) User=0.00s Sys=0.00s Real=0.01s
[0.892s][info][gc,start       ] GC(42) Pause Young (Allocation Failure)
[0.905s][info][gc,heap        ] GC(42) PSYoungGen: 26176K(27648K)->18496K(29184K) Eden: 9216K(9216K)->0K(8704K) From: 16960K(18432K)->18496K(20480K)
[0.905s][info][gc,heap        ] GC(42) ParOldGen: 120813K(146432K)->128597K(146432K)
[0.905s][info][gc,metaspace   ] GC(42) Metaspace: 6302K(6528K)->6302K(6528K) NonClass: 5769K(5888K)->5769K(5888K) Class: 533K(640K)->533K(640K)
[0.905s][info][gc             ] GC(42) Pause Young (Allocation Failure) 143M->143M(171M) 12.837ms
[0.905s][info][gc,cpu         ] GC(42) User=0.00s Sys=0.02s Real=0.01s
[0.914s][info][gc,start       ] GC(43) Pause Young (Allocation Failure)
[0.927s][info][gc,heap        ] GC(43) PSYoungGen: 27200K(29184K)->18016K(31232K) Eden: 8704K(8704K)->0K(8704K) From: 18496K(20480K)->18016K(22528K)
[0.927s][info][gc,heap        ] GC(43) ParOldGen: 128597K(146432K)->137949K(146432K)
[0.927s][info][gc,metaspace   ] GC(43) Metaspace: 6302K(6528K)->6302K(6528K) NonClass: 5769K(5888K)->5769K(5888K) Class: 533K(640K)->533K(640K)
[0.927s][info][gc             ] GC(43) Pause Young (Allocation Failure) 152M->152M(173M) 12.997ms
[0.927s][info][gc,cpu         ] GC(43) User=0.02s Sys=0.00s Real=0.01s
[0.927s][info][gc,start       ] GC(44) Pause Full (Ergonomics)
[0.927s][info][gc,phases,start] GC(44) Marking Phase
[0.966s][info][gc,phases      ] GC(44) Marking Phase 38.411ms
[0.966s][info][gc,phases,start] GC(44) Summary Phase
[0.966s][info][gc,phases      ] GC(44) Summary Phase 0.018ms
[0.966s][info][gc,phases,start] GC(44) Adjust Roots
[0.966s][info][gc,phases      ] GC(44) Adjust Roots 0.200ms
[0.966s][info][gc,phases,start] GC(44) Compaction Phase
[0.986s][info][gc,phases      ] GC(44) Compaction Phase 20.079ms
[0.986s][info][gc,phases,start] GC(44) Post Compact
[0.987s][info][gc,phases      ] GC(44) Post Compact 0.609ms
[0.987s][info][gc,heap        ] GC(44) PSYoungGen: 18016K(31232K)->9171K(31232K) Eden: 0K(8704K)->0K(8704K) From: 18016K(22528K)->9171K(22528K)
[0.987s][info][gc,heap        ] GC(44) ParOldGen: 137949K(146432K)->146252K(176640K)
[0.987s][info][gc,metaspace   ] GC(44) Metaspace: 6302K(6528K)->6302K(6528K) NonClass: 5769K(5888K)->5769K(5888K) Class: 533K(640K)->533K(640K)
[0.987s][info][gc             ] GC(44) Pause Full (Ergonomics) 152M->151M(203M) 59.718ms
[0.987s][info][gc,cpu         ] GC(44) User=0.33s Sys=0.00s Real=0.06s
[0.996s][info][gc,start       ] GC(45) Pause Young (Allocation Failure)
[1.012s][info][gc,heap        ] GC(45) PSYoungGen: 17875K(31232K)->8832K(32768K) Eden: 8704K(8704K)->0K(10240K) From: 9171K(22528K)->8832K(22528K)
[1.012s][info][gc,heap        ] GC(45) ParOldGen: 146252K(176640K)->155572K(176640K)
[1.012s][info][gc,metaspace   ] GC(45) Metaspace: 6302K(6528K)->6302K(6528K) NonClass: 5769K(5888K)->5769K(5888K) Class: 533K(640K)->533K(640K)
[1.012s][info][gc             ] GC(45) Pause Young (Allocation Failure) 160M->160M(204M) 15.967ms
[1.012s][info][gc,cpu         ] GC(45) User=0.00s Sys=0.02s Real=0.02s
[1.022s][info][gc,start       ] GC(46) Pause Young (Allocation Failure)
[1.033s][info][gc,heap        ] GC(46) PSYoungGen: 19072K(32768K)->10368K(33792K) Eden: 10240K(10240K)->0K(10240K) From: 8832K(22528K)->10368K(23552K)
[1.033s][info][gc,heap        ] GC(46) ParOldGen: 155572K(176640K)->164380K(176640K)
[1.033s][info][gc,metaspace   ] GC(46) Metaspace: 6302K(6528K)->6302K(6528K) NonClass: 5769K(5888K)->5769K(5888K) Class: 533K(640K)->533K(640K)
[1.033s][info][gc             ] GC(46) Pause Young (Allocation Failure) 170M->170M(205M) 10.881ms
[1.033s][info][gc,cpu         ] GC(46) User=0.02s Sys=0.00s Real=0.01s
[1.033s][info][gc,start       ] GC(47) Pause Full (Ergonomics)
[1.033s][info][gc,phases,start] GC(47) Marking Phase
[1.076s][info][gc,phases      ] GC(47) Marking Phase 42.886ms
[1.076s][info][gc,phases,start] GC(47) Summary Phase
[1.076s][info][gc,phases      ] GC(47) Summary Phase 0.019ms
[1.076s][info][gc,phases,start] GC(47) Adjust Roots
[1.077s][info][gc,phases      ] GC(47) Adjust Roots 0.191ms
[1.077s][info][gc,phases,start] GC(47) Compaction Phase
[1.097s][info][gc,phases      ] GC(47) Compaction Phase 20.484ms
[1.097s][info][gc,phases,start] GC(47) Post Compact
[1.098s][info][gc,phases      ] GC(47) Post Compact 1.150ms
[1.099s][info][gc,heap        ] GC(47) PSYoungGen: 10368K(33792K)->0K(34304K) Eden: 0K(10240K)->0K(11776K) From: 10368K(23552K)->0K(22528K)
[1.099s][info][gc,heap        ] GC(47) ParOldGen: 164380K(176640K)->174307K(207360K)
[1.099s][info][gc,metaspace   ] GC(47) Metaspace: 6302K(6528K)->6302K(6528K) NonClass: 5769K(5888K)->5769K(5888K) Class: 533K(640K)->533K(640K)
[1.099s][info][gc             ] GC(47) Pause Full (Ergonomics) 170M->170M(236M) 65.292ms
[1.099s][info][gc,cpu         ] GC(47) User=0.28s Sys=0.02s Real=0.07s
[1.129s][info][gc,start       ] GC(48) Pause Young (Allocation Failure)
[1.141s][info][gc,heap        ] GC(48) PSYoungGen: 11776K(34304K)->11872K(34304K) Eden: 11776K(11776K)->0K(11776K) From: 0K(22528K)->11872K(22528K)
[1.141s][info][gc,heap        ] GC(48) ParOldGen: 174307K(207360K)->174307K(207360K)
[1.141s][info][gc,metaspace   ] GC(48) Metaspace: 6302K(6528K)->6302K(6528K) NonClass: 5769K(5888K)->5769K(5888K) Class: 533K(640K)->533K(640K)
[1.141s][info][gc             ] GC(48) Pause Young (Allocation Failure) 181M->181M(236M) 12.295ms
[1.141s][info][gc,cpu         ] GC(48) User=0.00s Sys=0.00s Real=0.01s
[1.152s][info][gc,start       ] GC(49) Pause Young (Allocation Failure)
[1.167s][info][gc,heap        ] GC(49) PSYoungGen: 23648K(34304K)->21472K(31232K) Eden: 11776K(11776K)->0K(9728K) From: 11872K(22528K)->21472K(21504K)
[1.167s][info][gc,heap        ] GC(49) ParOldGen: 174307K(207360K)->176419K(207360K)
[1.167s][info][gc,metaspace   ] GC(49) Metaspace: 6302K(6528K)->6302K(6528K) NonClass: 5769K(5888K)->5769K(5888K) Class: 533K(640K)->533K(640K)
[1.167s][info][gc             ] GC(49) Pause Young (Allocation Failure) 193M->193M(233M) 14.776ms
[1.167s][info][gc,cpu         ] GC(49) User=0.00s Sys=0.00s Real=0.01s
[1.177s][info][gc,start       ] GC(50) Pause Young (Allocation Failure)
[1.197s][info][gc,heap        ] GC(50) PSYoungGen: 31200K(31232K)->9824K(34816K) Eden: 9728K(9728K)->0K(9728K) From: 21472K(21504K)->9824K(25088K)
[1.197s][info][gc,heap        ] GC(50) ParOldGen: 176419K(207360K)->198099K(207360K)
[1.197s][info][gc,metaspace   ] GC(50) Metaspace: 6302K(6528K)->6302K(6528K) NonClass: 5769K(5888K)->5769K(5888K) Class: 533K(640K)->533K(640K)
[1.197s][info][gc             ] GC(50) Pause Young (Allocation Failure) 202M->203M(236M) 20.278ms
[1.197s][info][gc,cpu         ] GC(50) User=0.00s Sys=0.02s Real=0.02s
[1.197s][info][gc,start       ] GC(51) Pause Full (Ergonomics)
[1.197s][info][gc,phases,start] GC(51) Marking Phase
[1.251s][info][gc,phases      ] GC(51) Marking Phase 53.361ms
[1.251s][info][gc,phases,start] GC(51) Summary Phase
[1.251s][info][gc,phases      ] GC(51) Summary Phase 0.023ms
[1.251s][info][gc,phases,start] GC(51) Adjust Roots
[1.251s][info][gc,phases      ] GC(51) Adjust Roots 0.217ms
[1.251s][info][gc,phases,start] GC(51) Compaction Phase
[1.294s][info][gc,phases      ] GC(51) Compaction Phase 43.195ms
[1.294s][info][gc,phases,start] GC(51) Post Compact
[1.296s][info][gc,phases      ] GC(51) Post Compact 1.304ms
[1.296s][info][gc,heap        ] GC(51) PSYoungGen: 9824K(34816K)->0K(35840K) Eden: 0K(9728K)->0K(11264K) From: 9824K(25088K)->0K(24576K)
[1.296s][info][gc,heap        ] GC(51) ParOldGen: 198099K(207360K)->203417K(243200K)
[1.296s][info][gc,metaspace   ] GC(51) Metaspace: 6302K(6528K)->6302K(6528K) NonClass: 5769K(5888K)->5769K(5888K) Class: 533K(640K)->533K(640K)
[1.296s][info][gc             ] GC(51) Pause Full (Ergonomics) 203M->198M(272M) 98.685ms
[1.296s][info][gc,cpu         ] GC(51) User=0.52s Sys=0.00s Real=0.10s
[1.311s][info][gc,start       ] GC(52) Pause Young (Allocation Failure)
[1.321s][info][gc,heap        ] GC(52) PSYoungGen: 11264K(35840K)->11360K(35840K) Eden: 11264K(11264K)->0K(11264K) From: 0K(24576K)->11360K(24576K)
[1.321s][info][gc,heap        ] GC(52) ParOldGen: 203417K(243200K)->203417K(243200K)
[1.321s][info][gc,metaspace   ] GC(52) Metaspace: 6302K(6528K)->6302K(6528K) NonClass: 5769K(5888K)->5769K(5888K) Class: 533K(640K)->533K(640K)
[1.321s][info][gc             ] GC(52) Pause Young (Allocation Failure) 209M->209M(272M) 9.966ms
[1.321s][info][gc,cpu         ] GC(52) User=0.00s Sys=0.00s Real=0.01s
[1.336s][info][gc,start       ] GC(53) Pause Young (Allocation Failure)
[1.349s][info][gc,heap        ] GC(53) PSYoungGen: 22624K(35840K)->22592K(32768K) Eden: 11264K(11264K)->0K(9728K) From: 11360K(24576K)->22592K(23040K)
[1.349s][info][gc,heap        ] GC(53) ParOldGen: 203417K(243200K)->203417K(243200K)
[1.349s][info][gc,metaspace   ] GC(53) Metaspace: 6302K(6528K)->6302K(6528K) NonClass: 5769K(5888K)->5769K(5888K) Class: 533K(640K)->533K(640K)
[1.349s][info][gc             ] GC(53) Pause Young (Allocation Failure) 220M->220M(269M) 13.036ms
[1.349s][info][gc,cpu         ] GC(53) User=0.02s Sys=0.00s Real=0.01s
[1.360s][info][gc,start       ] GC(54) Pause Young (Allocation Failure)
[1.382s][info][gc,heap        ] GC(54) PSYoungGen: 32320K(32768K)->26112K(35840K) Eden: 9728K(9728K)->0K(9728K) From: 22592K(23040K)->26112K(26112K)
[1.382s][info][gc,heap        ] GC(54) ParOldGen: 203417K(243200K)->209729K(243200K)
[1.382s][info][gc,metaspace   ] GC(54) Metaspace: 6302K(6528K)->6302K(6528K) NonClass: 5769K(5888K)->5769K(5888K) Class: 533K(640K)->533K(640K)
[1.382s][info][gc             ] GC(54) Pause Young (Allocation Failure) 230M->230M(272M) 21.375ms
[1.382s][info][gc,cpu         ] GC(54) User=0.03s Sys=0.00s Real=0.02s
[1.394s][info][gc,start       ] GC(55) Pause Young (Allocation Failure)
[1.417s][info][gc,heap        ] GC(55) PSYoungGen: 35840K(35840K)->17632K(41472K) Eden: 9728K(9728K)->0K(11264K) From: 26112K(26112K)->17632K(30208K)
[1.417s][info][gc,heap        ] GC(55) ParOldGen: 209729K(243200K)->228257K(243200K)
[1.417s][info][gc,metaspace   ] GC(55) Metaspace: 6302K(6528K)->6302K(6528K) NonClass: 5769K(5888K)->5769K(5888K) Class: 533K(640K)->533K(640K)
[1.417s][info][gc             ] GC(55) Pause Young (Allocation Failure) 239M->240M(278M) 23.216ms
[1.417s][info][gc,cpu         ] GC(55) User=0.05s Sys=0.03s Real=0.02s
[1.417s][info][gc,start       ] GC(56) Pause Full (Ergonomics)
[1.417s][info][gc,phases,start] GC(56) Marking Phase
[1.478s][info][gc,phases      ] GC(56) Marking Phase 60.376ms
[1.478s][info][gc,phases,start] GC(56) Summary Phase
[1.478s][info][gc,phases      ] GC(56) Summary Phase 0.018ms
[1.478s][info][gc,phases,start] GC(56) Adjust Roots
[1.478s][info][gc,phases      ] GC(56) Adjust Roots 0.194ms
[1.478s][info][gc,phases,start] GC(56) Compaction Phase
[1.508s][info][gc,phases      ] GC(56) Compaction Phase 30.389ms
[1.508s][info][gc,phases,start] GC(56) Post Compact
[1.510s][info][gc,phases      ] GC(56) Post Compact 1.149ms
[1.510s][info][gc,heap        ] GC(56) PSYoungGen: 17632K(41472K)->2118K(42496K) Eden: 0K(11264K)->0K(12288K) From: 17632K(30208K)->2118K(30208K)
[1.510s][info][gc,heap        ] GC(56) ParOldGen: 228257K(243200K)->243162K(286720K)
[1.510s][info][gc,metaspace   ] GC(56) Metaspace: 6302K(6528K)->6302K(6528K) NonClass: 5769K(5888K)->5769K(5888K) Class: 533K(640K)->533K(640K)
[1.510s][info][gc             ] GC(56) Pause Full (Ergonomics) 240M->239M(321M) 92.718ms
[1.510s][info][gc,cpu         ] GC(56) User=0.47s Sys=0.05s Real=0.09s
[1.525s][info][gc,start       ] GC(57) Pause Young (Allocation Failure)
[1.545s][info][gc,heap        ] GC(57) PSYoungGen: 14406K(42496K)->14336K(43520K) Eden: 12288K(12288K)->0K(12288K) From: 2118K(30208K)->14336K(31232K)
[1.545s][info][gc,heap        ] GC(57) ParOldGen: 243162K(286720K)->243330K(286720K)
[1.545s][info][gc,metaspace   ] GC(57) Metaspace: 6302K(6528K)->6302K(6528K) NonClass: 5769K(5888K)->5769K(5888K) Class: 533K(640K)->533K(640K)
[1.545s][info][gc             ] GC(57) Pause Young (Allocation Failure) 251M->251M(322M) 20.833ms
[1.545s][info][gc,cpu         ] GC(57) User=0.16s Sys=0.00s Real=0.02s
[1.559s][info][gc,start       ] GC(58) Pause Young (Allocation Failure)
[1.577s][info][gc,heap        ] GC(58) PSYoungGen: 26624K(43520K)->24640K(41472K) Eden: 12288K(12288K)->0K(11776K) From: 14336K(31232K)->24640K(29696K)
[1.577s][info][gc,heap        ] GC(58) ParOldGen: 243330K(286720K)->245362K(286720K)
[1.577s][info][gc,metaspace   ] GC(58) Metaspace: 6302K(6528K)->6302K(6528K) NonClass: 5769K(5888K)->5769K(5888K) Class: 533K(640K)->533K(640K)
[1.577s][info][gc             ] GC(58) Pause Young (Allocation Failure) 263M->263M(320M) 17.724ms
[1.577s][info][gc,cpu         ] GC(58) User=0.06s Sys=0.02s Real=0.02s
[1.591s][info][gc,start       ] GC(59) Pause Young (Allocation Failure)
[1.612s][info][gc,heap        ] GC(59) PSYoungGen: 36416K(41472K)->24160K(43520K) Eden: 11776K(11776K)->0K(11776K) From: 24640K(29696K)->24160K(31744K)
[1.612s][info][gc,heap        ] GC(59) ParOldGen: 245362K(286720K)->257810K(286720K)
[1.612s][info][gc,metaspace   ] GC(59) Metaspace: 6302K(6528K)->6302K(6528K) NonClass: 5769K(5888K)->5769K(5888K) Class: 533K(640K)->533K(640K)
[1.612s][info][gc             ] GC(59) Pause Young (Allocation Failure) 275M->275M(322M) 21.073ms
[1.612s][info][gc,cpu         ] GC(59) User=0.09s Sys=0.02s Real=0.02s
[1.626s][info][gc,start       ] GC(60) Pause Young (Allocation Failure)
[1.647s][info][gc,heap        ] GC(60) PSYoungGen: 35936K(43520K)->23648K(46080K) Eden: 11776K(11776K)->0K(12800K) From: 24160K(31744K)->23648K(33280K)
[1.647s][info][gc,heap        ] GC(60) ParOldGen: 257810K(286720K)->270266K(286720K)
[1.647s][info][gc,metaspace   ] GC(60) Metaspace: 6302K(6528K)->6302K(6528K) NonClass: 5769K(5888K)->5769K(5888K) Class: 533K(640K)->533K(640K)
[1.647s][info][gc             ] GC(60) Pause Young (Allocation Failure) 286M->287M(325M) 20.880ms
[1.647s][info][gc,cpu         ] GC(60) User=0.11s Sys=0.00s Real=0.02s
[1.647s][info][gc,start       ] GC(61) Pause Full (Ergonomics)
[1.647s][info][gc,phases,start] GC(61) Marking Phase
[1.721s][info][gc,phases      ] GC(61) Marking Phase 74.474ms
[1.721s][info][gc,phases,start] GC(61) Summary Phase
[1.721s][info][gc,phases      ] GC(61) Summary Phase 0.020ms
[1.722s][info][gc,phases,start] GC(61) Adjust Roots
[1.722s][info][gc,phases      ] GC(61) Adjust Roots 0.299ms
[1.722s][info][gc,phases,start] GC(61) Compaction Phase
[1.754s][info][gc,phases      ] GC(61) Compaction Phase 32.139ms
[1.754s][info][gc,phases,start] GC(61) Post Compact
[1.756s][info][gc,phases      ] GC(61) Post Compact 1.846ms
[1.756s][info][gc,heap        ] GC(61) PSYoungGen: 23648K(46080K)->6631K(46080K) Eden: 0K(12800K)->0K(12800K) From: 23648K(33280K)->6631K(33280K)
[1.756s][info][gc,heap        ] GC(61) ParOldGen: 270266K(286720K)->286651K(333312K)
[1.756s][info][gc,metaspace   ] GC(61) Metaspace: 6302K(6528K)->6302K(6528K) NonClass: 5769K(5888K)->5769K(5888K) Class: 533K(640K)->533K(640K)
[1.756s][info][gc             ] GC(61) Pause Full (Ergonomics) 287M->286M(370M) 109.269ms
[1.756s][info][gc,cpu         ] GC(61) User=0.55s Sys=0.03s Real=0.11s
[1.772s][info][gc,start       ] GC(62) Pause Young (Allocation Failure)
[1.798s][info][gc,heap        ] GC(62) PSYoungGen: 19431K(46080K)->12928K(47104K) Eden: 12800K(12800K)->0K(12800K) From: 6631K(33280K)->12928K(34304K)
[1.798s][info][gc,heap        ] GC(62) ParOldGen: 286651K(333312K)->293403K(333312K)
[1.798s][info][gc,metaspace   ] GC(62) Metaspace: 6302K(6528K)->6302K(6528K) NonClass: 5769K(5888K)->5769K(5888K) Class: 533K(640K)->533K(640K)
[1.798s][info][gc             ] GC(62) Pause Young (Allocation Failure) 298M->299M(371M) 26.101ms
[1.798s][info][gc,cpu         ] GC(62) User=0.09s Sys=0.00s Real=0.03s
[1.813s][info][gc,start       ] GC(63) Pause Young (Allocation Failure)
[1.830s][info][gc,heap        ] GC(63) PSYoungGen: 25728K(47104K)->12928K(46592K) Eden: 12800K(12800K)->0K(14336K) From: 12928K(34304K)->12928K(32256K)
[1.830s][info][gc,heap        ] GC(63) ParOldGen: 293403K(333312K)->306387K(333312K)
[1.830s][info][gc,metaspace   ] GC(63) Metaspace: 6302K(6528K)->6302K(6528K) NonClass: 5769K(5888K)->5769K(5888K) Class: 533K(640K)->533K(640K)
[1.830s][info][gc             ] GC(63) Pause Young (Allocation Failure) 311M->311M(371M) 16.432ms
[1.830s][info][gc,cpu         ] GC(63) User=0.00s Sys=0.00s Real=0.02s
[1.846s][info][gc,start       ] GC(64) Pause Young (Allocation Failure)
[1.864s][info][gc,heap        ] GC(64) PSYoungGen: 27264K(46592K)->14432K(47104K) Eden: 14336K(14336K)->0K(14336K) From: 12928K(32256K)->14432K(32768K)
[1.864s][info][gc,heap        ] GC(64) ParOldGen: 306387K(333312K)->319379K(333312K)
[1.864s][info][gc,metaspace   ] GC(64) Metaspace: 6302K(6528K)->6302K(6528K) NonClass: 5769K(5888K)->5769K(5888K) Class: 533K(640K)->533K(640K)
[1.864s][info][gc             ] GC(64) Pause Young (Allocation Failure) 325M->325M(371M) 17.452ms
[1.864s][info][gc,cpu         ] GC(64) User=0.03s Sys=0.00s Real=0.02s
[1.864s][info][gc,start       ] GC(65) Pause Full (Ergonomics)
[1.864s][info][gc,phases,start] GC(65) Marking Phase
[1.944s][info][gc,phases      ] GC(65) Marking Phase 80.103ms
[1.944s][info][gc,phases,start] GC(65) Summary Phase
[1.944s][info][gc,phases      ] GC(65) Summary Phase 0.021ms
[1.944s][info][gc,phases,start] GC(65) Adjust Roots
[1.944s][info][gc,phases      ] GC(65) Adjust Roots 0.190ms
[1.944s][info][gc,phases,start] GC(65) Compaction Phase
[1.980s][info][gc,phases      ] GC(65) Compaction Phase 35.248ms
[1.980s][info][gc,phases,start] GC(65) Post Compact
[1.982s][info][gc,phases      ] GC(65) Post Compact 1.816ms
[1.982s][info][gc,heap        ] GC(65) PSYoungGen: 14432K(47104K)->0K(46592K) Eden: 0K(14336K)->0K(15872K) From: 14432K(32768K)->0K(30720K)
[1.982s][info][gc,heap        ] GC(65) ParOldGen: 319379K(333312K)->333119K(382976K)
[1.982s][info][gc,metaspace   ] GC(65) Metaspace: 6302K(6528K)->6302K(6528K) NonClass: 5769K(5888K)->5769K(5888K) Class: 533K(640K)->533K(640K)
[1.982s][info][gc             ] GC(65) Pause Full (Ergonomics) 325M->325M(419M) 118.058ms
[1.982s][info][gc,cpu         ] GC(65) User=0.56s Sys=0.00s Real=0.12s
[2.001s][info][gc,start       ] GC(66) Pause Young (Allocation Failure)
[2.012s][info][gc,heap        ] GC(66) PSYoungGen: 15872K(46592K)->15968K(47104K) Eden: 15872K(15872K)->0K(15872K) From: 0K(30720K)->15968K(31232K)
[2.012s][info][gc,heap        ] GC(66) ParOldGen: 333119K(382976K)->333119K(382976K)
[2.012s][info][gc,metaspace   ] GC(66) Metaspace: 6302K(6528K)->6302K(6528K) NonClass: 5769K(5888K)->5769K(5888K) Class: 533K(640K)->533K(640K)
[2.012s][info][gc             ] GC(66) Pause Young (Allocation Failure) 340M->340M(420M) 11.105ms
[2.012s][info][gc,cpu         ] GC(66) User=0.00s Sys=0.00s Real=0.01s
[2.098s][info][gc,start       ] GC(67) Pause Young (Allocation Failure)
[2.126s][info][gc,heap        ] GC(67) PSYoungGen: 31840K(47104K)->29696K(43008K) Eden: 15872K(15872K)->0K(13312K) From: 15968K(31232K)->29696K(29696K)
[2.126s][info][gc,heap        ] GC(67) ParOldGen: 349503K(382976K)->351615K(382976K)
[2.126s][info][gc,metaspace   ] GC(67) Metaspace: 6302K(6528K)->6302K(6528K) NonClass: 5769K(5888K)->5769K(5888K) Class: 533K(640K)->533K(640K)
[2.126s][info][gc             ] GC(67) Pause Young (Allocation Failure) 372M->372M(416M) 28.018ms
[2.126s][info][gc,cpu         ] GC(67) User=0.12s Sys=0.00s Real=0.03s
[2.142s][info][gc,start       ] GC(68) Pause Young (Allocation Failure)
[2.166s][info][gc,heap        ] GC(68) PSYoungGen: 43008K(43008K)->13440K(47616K) Eden: 13312K(13312K)->0K(13312K) From: 29696K(29696K)->13440K(34304K)
[2.166s][info][gc,heap        ] GC(68) ParOldGen: 351615K(382976K)->381679K(382976K)
[2.166s][info][gc,metaspace   ] GC(68) Metaspace: 6302K(6528K)->6302K(6528K) NonClass: 5769K(5888K)->5769K(5888K) Class: 533K(640K)->533K(640K)
[2.166s][info][gc             ] GC(68) Pause Young (Allocation Failure) 385M->385M(420M) 24.164ms
[2.166s][info][gc,cpu         ] GC(68) User=0.11s Sys=0.02s Real=0.02s
[2.166s][info][gc,start       ] GC(69) Pause Full (Ergonomics)
[2.166s][info][gc,phases,start] GC(69) Marking Phase
[2.262s][info][gc,phases      ] GC(69) Marking Phase 95.817ms
[2.262s][info][gc,phases,start] GC(69) Summary Phase
[2.262s][info][gc,phases      ] GC(69) Summary Phase 0.019ms
[2.262s][info][gc,phases,start] GC(69) Adjust Roots
[2.262s][info][gc,phases      ] GC(69) Adjust Roots 0.202ms
[2.262s][info][gc,phases,start] GC(69) Compaction Phase
[2.328s][info][gc,phases      ] GC(69) Compaction Phase 66.325ms
[2.328s][info][gc,phases,start] GC(69) Post Compact
[2.330s][info][gc,phases      ] GC(69) Post Compact 2.174ms
[2.331s][info][gc,heap        ] GC(69) PSYoungGen: 13440K(47616K)->3571K(47616K) Eden: 0K(13312K)->0K(13312K) From: 13440K(34304K)->3571K(34304K)
[2.331s][info][gc,heap        ] GC(69) ParOldGen: 381679K(382976K)->382704K(441344K)
[2.331s][info][gc,metaspace   ] GC(69) Metaspace: 6302K(6528K)->6302K(6528K) NonClass: 5769K(5888K)->5769K(5888K) Class: 533K(640K)->533K(640K)
[2.331s][info][gc             ] GC(69) Pause Full (Ergonomics) 385M->377M(477M) 165.126ms
[2.331s][info][gc,cpu         ] GC(69) User=0.80s Sys=0.00s Real=0.16s
[2.345s][info][gc,start       ] GC(70) Pause Young (Allocation Failure)
[2.371s][info][gc,heap        ] GC(70) PSYoungGen: 16883K(47616K)->16992K(45056K) Eden: 13312K(13312K)->0K(14848K) From: 3571K(34304K)->16992K(30208K)
[2.371s][info][gc,heap        ] GC(70) ParOldGen: 382704K(441344K)->382704K(441344K)
[2.372s][info][gc,metaspace   ] GC(70) Metaspace: 6302K(6528K)->6302K(6528K) NonClass: 5769K(5888K)->5769K(5888K) Class: 533K(640K)->533K(640K)
[2.372s][info][gc             ] GC(70) Pause Young (Allocation Failure) 390M->390M(475M) 26.129ms
[2.372s][info][gc,cpu         ] GC(70) User=0.11s Sys=0.00s Real=0.03s
[2.388s][info][gc,start       ] GC(71) Pause Young (Allocation Failure)
[2.406s][info][gc,heap        ] GC(71) PSYoungGen: 31840K(45056K)->31744K(46592K) Eden: 14848K(14848K)->0K(14848K) From: 16992K(30208K)->31744K(31744K)
[2.406s][info][gc,heap        ] GC(71) ParOldGen: 382704K(441344K)->382744K(441344K)
[2.406s][info][gc,metaspace   ] GC(71) Metaspace: 6302K(6528K)->6302K(6528K) NonClass: 5769K(5888K)->5769K(5888K) Class: 533K(640K)->533K(640K)
[2.406s][info][gc             ] GC(71) Pause Young (Allocation Failure) 404M->404M(476M) 17.577ms
[2.406s][info][gc,cpu         ] GC(71) User=0.05s Sys=0.00s Real=0.02s
[2.422s][info][gc,start       ] GC(72) Pause Young (Allocation Failure)
[2.447s][info][gc,heap        ] GC(72) PSYoungGen: 46592K(46592K)->29792K(50176K) Eden: 14848K(14848K)->0K(14336K) From: 31744K(31744K)->29792K(35840K)
[2.447s][info][gc,heap        ] GC(72) ParOldGen: 382744K(441344K)->399848K(441344K)
[2.447s][info][gc,metaspace   ] GC(72) Metaspace: 6302K(6528K)->6302K(6528K) NonClass: 5769K(5888K)->5769K(5888K) Class: 533K(640K)->533K(640K)
[2.447s][info][gc             ] GC(72) Pause Young (Allocation Failure) 419M->419M(480M) 24.648ms
[2.447s][info][gc,cpu         ] GC(72) User=0.02s Sys=0.06s Real=0.03s
[2.461s][info][gc,start       ] GC(73) Pause Young (Allocation Failure)
[2.485s][info][gc,heap        ] GC(73) PSYoungGen: 44128K(50176K)->29280K(52736K) Eden: 14336K(14336K)->0K(14336K) From: 29792K(35840K)->29280K(38400K)
[2.485s][info][gc,heap        ] GC(73) ParOldGen: 399848K(441344K)->414888K(441344K)
[2.485s][info][gc,metaspace   ] GC(73) Metaspace: 6302K(6528K)->6302K(6528K) NonClass: 5769K(5888K)->5769K(5888K) Class: 533K(640K)->533K(640K)
[2.485s][info][gc             ] GC(73) Pause Young (Allocation Failure) 433M->433M(482M) 23.183ms
[2.485s][info][gc,cpu         ] GC(73) User=0.11s Sys=0.02s Real=0.02s
[2.485s][info][gc,start       ] GC(74) Pause Full (Ergonomics)
[2.485s][info][gc,phases,start] GC(74) Marking Phase
[2.591s][info][gc,phases      ] GC(74) Marking Phase 106.708ms
[2.592s][info][gc,phases,start] GC(74) Summary Phase
[2.592s][info][gc,phases      ] GC(74) Summary Phase 0.032ms
[2.592s][info][gc,phases,start] GC(74) Adjust Roots
[2.592s][info][gc,phases      ] GC(74) Adjust Roots 0.196ms
[2.592s][info][gc,phases,start] GC(74) Compaction Phase
[2.639s][info][gc,phases      ] GC(74) Compaction Phase 47.472ms
[2.639s][info][gc,phases,start] GC(74) Post Compact
[2.642s][info][gc,phases      ] GC(74) Post Compact 2.256ms
[2.642s][info][gc,heap        ] GC(74) PSYoungGen: 29280K(52736K)->2554K(52736K) Eden: 0K(14336K)->0K(14336K) From: 29280K(38400K)->2554K(38400K)
[2.642s][info][gc,heap        ] GC(74) ParOldGen: 414888K(441344K)->440945K(504320K)
[2.642s][info][gc,metaspace   ] GC(74) Metaspace: 6302K(6528K)->6302K(6528K) NonClass: 5769K(5888K)->5769K(5888K) Class: 533K(640K)->533K(640K)
[2.642s][info][gc             ] GC(74) Pause Full (Ergonomics) 433M->433M(544M) 157.495ms
[2.642s][info][gc,cpu         ] GC(74) User=0.81s Sys=0.00s Real=0.16s
[2.658s][info][gc,start       ] GC(75) Pause Young (Allocation Failure)
[2.689s][info][gc,heap        ] GC(75) PSYoungGen: 16890K(52736K)->15904K(53760K) Eden: 14336K(14336K)->0K(15872K) From: 2554K(38400K)->15904K(37888K)
[2.689s][info][gc,heap        ] GC(75) ParOldGen: 440945K(504320K)->442105K(504320K)
[2.689s][info][gc,metaspace   ] GC(75) Metaspace: 6302K(6528K)->6302K(6528K) NonClass: 5769K(5888K)->5769K(5888K) Class: 533K(640K)->533K(640K)
[2.689s][info][gc             ] GC(75) Pause Young (Allocation Failure) 447M->447M(545M) 30.844ms
[2.689s][info][gc,cpu         ] GC(75) User=0.09s Sys=0.00s Real=0.03s
[2.706s][info][gc,start       ] GC(76) Pause Young (Allocation Failure)
[2.724s][info][gc,heap        ] GC(76) PSYoungGen: 31776K(53760K)->31776K(54784K) Eden: 15872K(15872K)->0K(15872K) From: 15904K(37888K)->31776K(38912K)
[2.725s][info][gc,heap        ] GC(76) ParOldGen: 442105K(504320K)->442105K(504320K)
[2.725s][info][gc,metaspace   ] GC(76) Metaspace: 6302K(6528K)->6302K(6528K) NonClass: 5769K(5888K)->5769K(5888K) Class: 533K(640K)->533K(640K)
[2.725s][info][gc             ] GC(76) Pause Young (Allocation Failure) 462M->462M(546M) 18.213ms
[2.725s][info][gc,cpu         ] GC(76) User=0.11s Sys=0.00s Real=0.02s
[2.743s][info][gc,start       ] GC(77) Pause Young (Allocation Failure)
[2.770s][info][gc,heap        ] GC(77) PSYoungGen: 47648K(54784K)->41472K(51712K) Eden: 15872K(15872K)->0K(10240K) From: 31776K(38912K)->41472K(41472K)
[2.770s][info][gc,heap        ] GC(77) ParOldGen: 442105K(504320K)->448249K(504320K)
[2.770s][info][gc,metaspace   ] GC(77) Metaspace: 6302K(6528K)->6302K(6528K) NonClass: 5769K(5888K)->5769K(5888K) Class: 533K(640K)->533K(640K)
[2.770s][info][gc             ] GC(77) Pause Young (Allocation Failure) 478M->478M(543M) 26.968ms
[2.770s][info][gc,cpu         ] GC(77) User=0.11s Sys=0.03s Real=0.03s
[2.781s][info][gc,start       ] GC(78) Pause Young (Allocation Failure)
[2.808s][info][gc,heap        ] GC(78) PSYoungGen: 51712K(51712K)->38688K(59392K) Eden: 10240K(10240K)->0K(10240K) From: 41472K(41472K)->38688K(49152K)
[2.808s][info][gc,heap        ] GC(78) ParOldGen: 448249K(504320K)->461577K(504320K)
[2.808s][info][gc,metaspace   ] GC(78) Metaspace: 6302K(6528K)->6302K(6528K) NonClass: 5769K(5888K)->5769K(5888K) Class: 533K(640K)->533K(640K)
[2.808s][info][gc             ] GC(78) Pause Young (Allocation Failure) 488M->488M(550M) 26.997ms
[2.808s][info][gc,cpu         ] GC(78) User=0.11s Sys=0.00s Real=0.03s
[2.819s][info][gc,start       ] GC(79) Pause Young (Allocation Failure)
[2.845s][info][gc,heap        ] GC(79) PSYoungGen: 48928K(59392K)->35040K(62464K) Eden: 10240K(10240K)->0K(10752K) From: 38688K(49152K)->35040K(51712K)
[2.845s][info][gc,heap        ] GC(79) ParOldGen: 461577K(504320K)->475681K(504320K)
[2.845s][info][gc,metaspace   ] GC(79) Metaspace: 6302K(6528K)->6302K(6528K) NonClass: 5769K(5888K)->5769K(5888K) Class: 533K(640K)->533K(640K)
[2.845s][info][gc             ] GC(79) Pause Young (Allocation Failure) 498M->498M(553M) 25.936ms
[2.845s][info][gc,cpu         ] GC(79) User=0.11s Sys=0.02s Real=0.03s
[2.857s][info][gc,start       ] GC(80) Pause Young (Allocation Failure)
[2.884s][info][gc,heap        ] GC(80) PSYoungGen: 45792K(62464K)->21056K(63488K) Eden: 10752K(10752K)->0K(10752K) From: 35040K(51712K)->21056K(52736K)
[2.884s][info][gc,heap        ] GC(80) ParOldGen: 475681K(504320K)->500689K(504320K)
[2.884s][info][gc,metaspace   ] GC(80) Metaspace: 6302K(6528K)->6302K(6528K) NonClass: 5769K(5888K)->5769K(5888K) Class: 533K(640K)->533K(640K)
[2.884s][info][gc             ] GC(80) Pause Young (Allocation Failure) 509M->509M(554M) 26.527ms
[2.884s][info][gc,cpu         ] GC(80) User=0.06s Sys=0.02s Real=0.03s
[2.884s][info][gc,start       ] GC(81) Pause Full (Ergonomics)
[2.884s][info][gc,phases,start] GC(81) Marking Phase
[3.015s][info][gc,phases      ] GC(81) Marking Phase 131.424ms
[3.016s][info][gc,phases,start] GC(81) Summary Phase
[3.016s][info][gc,phases      ] GC(81) Summary Phase 0.115ms
[3.016s][info][gc,phases,start] GC(81) Adjust Roots
[3.016s][info][gc,phases      ] GC(81) Adjust Roots 0.220ms
[3.016s][info][gc,phases,start] GC(81) Compaction Phase
[3.072s][info][gc,phases      ] GC(81) Compaction Phase 55.921ms
[3.072s][info][gc,phases,start] GC(81) Post Compact
[3.075s][info][gc,phases      ] GC(81) Post Compact 2.737ms
[3.075s][info][gc,heap        ] GC(81) PSYoungGen: 21056K(63488K)->16327K(63488K) Eden: 0K(10752K)->0K(10752K) From: 21056K(52736K)->16327K(52736K)
[3.075s][info][gc,heap        ] GC(81) ParOldGen: 500689K(504320K)->504291K(572928K)
[3.075s][info][gc,metaspace   ] GC(81) Metaspace: 6302K(6528K)->6302K(6528K) NonClass: 5769K(5888K)->5769K(5888K) Class: 533K(640K)->533K(640K)
[3.075s][info][gc             ] GC(81) Pause Full (Ergonomics) 509M->508M(621M) 191.086ms
[3.075s][info][gc,cpu         ] GC(81) User=1.09s Sys=0.03s Real=0.19s
[3.087s][info][gc,start       ] GC(82) Pause Young (Allocation Failure)
[3.126s][info][gc,heap        ] GC(82) PSYoungGen: 27079K(63488K)->10816K(63488K) Eden: 10752K(10752K)->0K(12288K) From: 16327K(52736K)->10816K(51200K)
[3.126s][info][gc,heap        ] GC(82) ParOldGen: 504291K(572928K)->520875K(572928K)
[3.126s][info][gc,metaspace   ] GC(82) Metaspace: 6302K(6528K)->6302K(6528K) NonClass: 5769K(5888K)->5769K(5888K) Class: 533K(640K)->533K(640K)
[3.126s][info][gc             ] GC(82) Pause Young (Allocation Failure) 518M->519M(621M) 38.867ms
[3.126s][info][gc,cpu         ] GC(82) User=0.20s Sys=0.05s Real=0.04s
[3.140s][info][gc,start       ] GC(83) Pause Young (Allocation Failure)
[3.155s][info][gc,heap        ] GC(83) PSYoungGen: 23104K(63488K)->12352K(63488K) Eden: 12288K(12288K)->0K(12288K) From: 10816K(51200K)->12352K(51200K)
[3.155s][info][gc,heap        ] GC(83) ParOldGen: 520875K(572928K)->531771K(572928K)
[3.155s][info][gc,metaspace   ] GC(83) Metaspace: 6302K(6528K)->6302K(6528K) NonClass: 5769K(5888K)->5769K(5888K) Class: 533K(640K)->533K(640K)
[3.156s][info][gc             ] GC(83) Pause Young (Allocation Failure) 531M->531M(621M) 15.020ms
[3.156s][info][gc,cpu         ] GC(83) User=0.02s Sys=0.00s Real=0.02s
[3.169s][info][gc,start       ] GC(84) Pause Young (Allocation Failure)
[3.186s][info][gc,heap        ] GC(84) PSYoungGen: 24640K(63488K)->12352K(62464K) Eden: 12288K(12288K)->0K(13824K) From: 12352K(51200K)->12352K(48640K)
[3.186s][info][gc,heap        ] GC(84) ParOldGen: 531771K(572928K)->544235K(572928K)
[3.186s][info][gc,metaspace   ] GC(84) Metaspace: 6302K(6528K)->6302K(6528K) NonClass: 5769K(5888K)->5769K(5888K) Class: 533K(640K)->533K(640K)
[3.186s][info][gc             ] GC(84) Pause Young (Allocation Failure) 543M->543M(620M) 16.679ms
[3.186s][info][gc,cpu         ] GC(84) User=0.00s Sys=0.00s Real=0.02s
[3.201s][info][gc,start       ] GC(85) Pause Young (Allocation Failure)
[3.218s][info][gc,heap        ] GC(85) PSYoungGen: 26176K(62464K)->13984K(63488K) Eden: 13824K(13824K)->0K(13824K) From: 12352K(48640K)->13984K(49664K)
[3.219s][info][gc,heap        ] GC(85) ParOldGen: 544235K(572928K)->556691K(572928K)
[3.219s][info][gc,metaspace   ] GC(85) Metaspace: 6302K(6528K)->6302K(6528K) NonClass: 5769K(5888K)->5769K(5888K) Class: 533K(640K)->533K(640K)
[3.219s][info][gc             ] GC(85) Pause Young (Allocation Failure) 557M->557M(621M) 17.204ms
[3.219s][info][gc,cpu         ] GC(85) User=0.02s Sys=0.00s Real=0.02s
[3.219s][info][gc,start       ] GC(86) Pause Full (Ergonomics)
[3.219s][info][gc,phases,start] GC(86) Marking Phase
[3.366s][info][gc,phases      ] GC(86) Marking Phase 147.191ms
[3.366s][info][gc,phases,start] GC(86) Summary Phase
[3.366s][info][gc,phases      ] GC(86) Summary Phase 0.028ms
[3.366s][info][gc,phases,start] GC(86) Adjust Roots
[3.366s][info][gc,phases      ] GC(86) Adjust Roots 0.260ms
[3.366s][info][gc,phases,start] GC(86) Compaction Phase
[3.425s][info][gc,phases      ] GC(86) Compaction Phase 58.529ms
[3.425s][info][gc,phases,start] GC(86) Post Compact
[3.426s][info][gc,phases      ] GC(86) Post Compact 0.888ms
[3.426s][info][gc,heap        ] GC(86) PSYoungGen: 13984K(63488K)->0K(64512K) Eden: 0K(13824K)->0K(15872K) From: 13984K(49664K)->0K(48640K)
[3.426s][info][gc,heap        ] GC(86) ParOldGen: 556691K(572928K)->569636K(638464K)
[3.426s][info][gc,metaspace   ] GC(86) Metaspace: 6302K(6528K)->6302K(6528K) NonClass: 5769K(5888K)->5769K(5888K) Class: 533K(640K)->533K(640K)
[3.426s][info][gc             ] GC(86) Pause Full (Ergonomics) 557M->556M(686M) 207.598ms
[3.426s][info][gc,cpu         ] GC(86) User=1.20s Sys=0.05s Real=0.21s
[3.446s][info][gc,start       ] GC(87) Pause Young (Allocation Failure)
[3.456s][info][gc,heap        ] GC(87) PSYoungGen: 15872K(64512K)->16032K(64512K) Eden: 15872K(15872K)->0K(15872K) From: 0K(48640K)->16032K(48640K)
[3.456s][info][gc,heap        ] GC(87) ParOldGen: 569636K(638464K)->569636K(638464K)
[3.456s][info][gc,metaspace   ] GC(87) Metaspace: 6302K(6528K)->6302K(6528K) NonClass: 5769K(5888K)->5769K(5888K) Class: 533K(640K)->533K(640K)
[3.457s][info][gc             ] GC(87) Pause Young (Allocation Failure) 571M->571M(686M) 10.786ms
[3.457s][info][gc,cpu         ] GC(87) User=0.02s Sys=0.00s Real=0.01s
[3.474s][info][gc,start       ] GC(88) Pause Young (Allocation Failure)
[3.492s][info][gc,heap        ] GC(88) PSYoungGen: 31904K(64512K)->31872K(62976K) Eden: 15872K(15872K)->0K(16384K) From: 16032K(48640K)->31872K(46592K)
[3.492s][info][gc,heap        ] GC(88) ParOldGen: 569636K(638464K)->569636K(638464K)
[3.492s][info][gc,metaspace   ] GC(88) Metaspace: 6302K(6528K)->6302K(6528K) NonClass: 5769K(5888K)->5769K(5888K) Class: 533K(640K)->533K(640K)
[3.492s][info][gc             ] GC(88) Pause Young (Allocation Failure) 587M->587M(685M) 17.640ms
[3.492s][info][gc,cpu         ] GC(88) User=0.03s Sys=0.00s Real=0.02s
[3.511s][info][gc,start       ] GC(89) Pause Young (Allocation Failure)
[3.535s][info][gc,heap        ] GC(89) PSYoungGen: 48256K(62976K)->48128K(64512K) Eden: 16384K(16384K)->0K(16384K) From: 31872K(46592K)->48128K(48128K)
[3.535s][info][gc,heap        ] GC(89) ParOldGen: 569636K(638464K)->569692K(638464K)
[3.535s][info][gc,metaspace   ] GC(89) Metaspace: 6302K(6528K)->6302K(6528K) NonClass: 5769K(5888K)->5769K(5888K) Class: 533K(640K)->533K(640K)
[3.535s][info][gc             ] GC(89) Pause Young (Allocation Failure) 603M->603M(686M) 24.288ms
[3.535s][info][gc,cpu         ] GC(89) User=0.11s Sys=0.00s Real=0.02s
[3.556s][info][gc,start       ] GC(90) Pause Young (Allocation Failure)
[3.590s][info][gc,heap        ] GC(90) PSYoungGen: 64512K(64512K)->32896K(73728K) Eden: 16384K(16384K)->0K(18432K) From: 48128K(48128K)->32896K(55296K)
[3.590s][info][gc,heap        ] GC(90) ParOldGen: 569692K(638464K)->601828K(638464K)
[3.590s][info][gc,metaspace   ] GC(90) Metaspace: 6302K(6528K)->6302K(6528K) NonClass: 5769K(5888K)->5769K(5888K) Class: 533K(640K)->533K(640K)
[3.590s][info][gc             ] GC(90) Pause Young (Allocation Failure) 619M->619M(695M) 34.031ms
[3.590s][info][gc,cpu         ] GC(90) User=0.12s Sys=0.02s Real=0.03s
[3.612s][info][gc,start       ] GC(91) Pause Young (Allocation Failure)
[3.641s][info][gc,heap        ] GC(91) PSYoungGen: 51328K(73728K)->34944K(73728K) Eden: 18432K(18432K)->0K(18432K) From: 32896K(55296K)->34944K(55296K)
[3.641s][info][gc,heap        ] GC(91) ParOldGen: 601828K(638464K)->618436K(638464K)
[3.641s][info][gc,metaspace   ] GC(91) Metaspace: 6302K(6528K)->6302K(6528K) NonClass: 5769K(5888K)->5769K(5888K) Class: 533K(640K)->533K(640K)
[3.641s][info][gc             ] GC(91) Pause Young (Allocation Failure) 637M->638M(695M) 29.086ms
[3.641s][info][gc,cpu         ] GC(91) User=0.11s Sys=0.02s Real=0.03s
[3.641s][info][gc,start       ] GC(92) Pause Full (Ergonomics)
[3.641s][info][gc,phases,start] GC(92) Marking Phase
[3.809s][info][gc,phases      ] GC(92) Marking Phase 167.653ms
[3.809s][info][gc,phases,start] GC(92) Summary Phase
[3.809s][info][gc,phases      ] GC(92) Summary Phase 0.031ms
[3.809s][info][gc,phases,start] GC(92) Adjust Roots
[3.809s][info][gc,phases      ] GC(92) Adjust Roots 0.214ms
[3.809s][info][gc,phases,start] GC(92) Compaction Phase
[3.867s][info][gc,phases      ] GC(92) Compaction Phase 57.732ms
[3.867s][info][gc,phases,start] GC(92) Post Compact
[3.868s][info][gc,phases      ] GC(92) Post Compact 1.137ms
[3.869s][info][gc,heap        ] GC(92) PSYoungGen: 34944K(73728K)->14317K(73728K) Eden: 0K(18432K)->0K(18432K) From: 34944K(55296K)->14317K(55296K)
[3.869s][info][gc,heap        ] GC(92) ParOldGen: 618436K(638464K)->638105K(683008K)
[3.869s][info][gc,metaspace   ] GC(92) Metaspace: 6302K(6528K)->6302K(6528K) NonClass: 5769K(5888K)->5769K(5888K) Class: 533K(640K)->533K(640K)
[3.869s][info][gc             ] GC(92) Pause Full (Ergonomics) 638M->637M(739M) 227.242ms
[3.869s][info][gc,cpu         ] GC(92) User=1.38s Sys=0.03s Real=0.23s
[3.890s][info][gc,start       ] GC(93) Pause Young (Allocation Failure)
[3.938s][info][gc,heap        ] GC(93) PSYoungGen: 32749K(73728K)->26176K(70656K) Eden: 18432K(18432K)->0K(20480K) From: 14317K(55296K)->26176K(50176K)
[3.938s][info][gc,heap        ] GC(93) ParOldGen: 638105K(683008K)->644993K(683008K)
[3.938s][info][gc,metaspace   ] GC(93) Metaspace: 6302K(6528K)->6302K(6528K) NonClass: 5769K(5888K)->5769K(5888K) Class: 533K(640K)->533K(640K)
[3.938s][info][gc             ] GC(93) Pause Young (Allocation Failure) 655M->655M(736M) 47.696ms
[3.938s][info][gc,cpu         ] GC(93) User=0.20s Sys=0.00s Real=0.05s
[3.964s][info][gc,start       ] GC(94) Pause Young (Allocation Failure)
[3.990s][info][gc,heap        ] GC(94) PSYoungGen: 46656K(70656K)->46592K(73728K) Eden: 20480K(20480K)->0K(20480K) From: 26176K(50176K)->46592K(53248K)
[3.990s][info][gc,heap        ] GC(94) ParOldGen: 644993K(683008K)->644993K(683008K)
[3.990s][info][gc,metaspace   ] GC(94) Metaspace: 6302K(6528K)->6302K(6528K) NonClass: 5769K(5888K)->5769K(5888K) Class: 533K(640K)->533K(640K)
[3.990s][info][gc             ] GC(94) Pause Young (Allocation Failure) 675M->675M(739M) 26.328ms
[3.990s][info][gc,cpu         ] GC(94) User=0.08s Sys=0.00s Real=0.03s
[4.188s][info][gc,start       ] GC(95) Pause Full (Ergonomics)
[4.188s][info][gc,phases,start] GC(95) Marking Phase
[4.367s][info][gc,phases      ] GC(95) Marking Phase 179.458ms
[4.367s][info][gc,phases,start] GC(95) Summary Phase
[4.367s][info][gc,phases      ] GC(95) Summary Phase 0.022ms
[4.367s][info][gc,phases,start] GC(95) Adjust Roots
[4.367s][info][gc,phases      ] GC(95) Adjust Roots 0.209ms
[4.368s][info][gc,phases,start] GC(95) Compaction Phase
[4.492s][info][gc,phases      ] GC(95) Compaction Phase 124.345ms
[4.492s][info][gc,phases,start] GC(95) Post Compact
[4.494s][info][gc,phases      ] GC(95) Post Compact 1.636ms
[4.494s][info][gc,heap        ] GC(95) PSYoungGen: 67072K(73728K)->45375K(73728K) Eden: 20480K(20480K)->0K(20480K) From: 46592K(53248K)->45375K(53248K)
[4.494s][info][gc,heap        ] GC(95) ParOldGen: 677761K(683008K)->682729K(683008K)
[4.494s][info][gc,metaspace   ] GC(95) Metaspace: 6302K(6528K)->6302K(6528K) NonClass: 5769K(5888K)->5769K(5888K) Class: 533K(640K)->533K(640K)
[4.494s][info][gc             ] GC(95) Pause Full (Ergonomics) 727M->711M(739M) 306.097ms
[4.494s][info][gc,cpu         ] GC(95) User=1.73s Sys=0.00s Real=0.31s
[4.518s][info][gc,start       ] GC(96) Pause Full (Ergonomics)
[4.518s][info][gc,phases,start] GC(96) Marking Phase
[4.711s][info][gc,phases      ] GC(96) Marking Phase 193.236ms
[4.711s][info][gc,phases,start] GC(96) Summary Phase
[4.711s][info][gc,phases      ] GC(96) Summary Phase 0.022ms
[4.711s][info][gc,phases,start] GC(96) Adjust Roots
[4.711s][info][gc,phases      ] GC(96) Adjust Roots 0.193ms
[4.711s][info][gc,phases,start] GC(96) Compaction Phase
[4.772s][info][gc,phases      ] GC(96) Compaction Phase 61.282ms
[4.773s][info][gc,phases,start] GC(96) Post Compact
[4.774s][info][gc,phases      ] GC(96) Post Compact 1.368ms
[4.774s][info][gc,heap        ] GC(96) PSYoungGen: 65855K(73728K)->65820K(73728K) Eden: 20480K(20480K)->20445K(20480K) From: 45375K(53248K)->45375K(53248K)
[4.774s][info][gc,heap        ] GC(96) ParOldGen: 682729K(683008K)->682729K(683008K)
[4.774s][info][gc,metaspace   ] GC(96) Metaspace: 6302K(6528K)->6302K(6528K) NonClass: 5769K(5888K)->5769K(5888K) Class: 533K(640K)->533K(640K)
[4.774s][info][gc             ] GC(96) Pause Full (Ergonomics) 731M->731M(739M) 256.490ms
[4.774s][info][gc,cpu         ] GC(96) User=1.47s Sys=0.00s Real=0.26s
[4.774s][info][gc,start       ] GC(97) Pause Full (Ergonomics)
[4.774s][info][gc,phases,start] GC(97) Marking Phase
[4.955s][info][gc,phases      ] GC(97) Marking Phase 180.519ms
[4.955s][info][gc,phases,start] GC(97) Summary Phase
[4.955s][info][gc,phases      ] GC(97) Summary Phase 0.021ms
[4.955s][info][gc,phases,start] GC(97) Adjust Roots
[4.955s][info][gc,phases      ] GC(97) Adjust Roots 0.196ms
[4.955s][info][gc,phases,start] GC(97) Compaction Phase
[5.010s][info][gc,phases      ] GC(97) Compaction Phase 55.225ms
[5.011s][info][gc,phases,start] GC(97) Post Compact
[5.012s][info][gc,phases      ] GC(97) Post Compact 1.343ms
[5.012s][info][gc,heap        ] GC(97) PSYoungGen: 65855K(73728K)->65854K(73728K) Eden: 20480K(20480K)->20479K(20480K) From: 45375K(53248K)->45375K(53248K)
[5.012s][info][gc,heap        ] GC(97) ParOldGen: 682729K(683008K)->682729K(683008K)
[5.012s][info][gc,metaspace   ] GC(97) Metaspace: 6302K(6528K)->6302K(6528K) NonClass: 5769K(5888K)->5769K(5888K) Class: 533K(640K)->533K(640K)
[5.012s][info][gc             ] GC(97) Pause Full (Ergonomics) 731M->731M(739M) 237.680ms
[5.012s][info][gc,cpu         ] GC(97) User=1.25s Sys=0.02s Real=0.24s
[5.012s][info][gc,start       ] GC(98) Pause Full (Ergonomics)
[5.012s][info][gc,phases,start] GC(98) Marking Phase
[5.198s][info][gc,phases      ] GC(98) Marking Phase 185.927ms
[5.198s][info][gc,phases,start] GC(98) Summary Phase
[5.198s][info][gc,phases      ] GC(98) Summary Phase 0.022ms
[5.198s][info][gc,phases,start] GC(98) Adjust Roots
[5.199s][info][gc,phases      ] GC(98) Adjust Roots 0.196ms
[5.199s][info][gc,phases,start] GC(98) Compaction Phase
[5.257s][info][gc,phases      ] GC(98) Compaction Phase 58.140ms
[5.257s][info][gc,phases,start] GC(98) Post Compact
[5.258s][info][gc,phases      ] GC(98) Post Compact 1.411ms
[5.258s][info][gc,heap        ] GC(98) PSYoungGen: 65855K(73728K)->65855K(73728K) Eden: 20480K(20480K)->20480K(20480K) From: 45375K(53248K)->45375K(53248K)
[5.258s][info][gc,heap        ] GC(98) ParOldGen: 682729K(683008K)->682729K(683008K)
[5.258s][info][gc,metaspace   ] GC(98) Metaspace: 6302K(6528K)->6302K(6528K) NonClass: 5769K(5888K)->5769K(5888K) Class: 533K(640K)->533K(640K)
[5.258s][info][gc             ] GC(98) Pause Full (Ergonomics) 731M->731M(739M) 246.065ms
[5.258s][info][gc,cpu         ] GC(98) User=1.48s Sys=0.02s Real=0.25s
[5.259s][info][gc,start       ] GC(99) Pause Full (Ergonomics)
[5.259s][info][gc,phases,start] GC(99) Marking Phase
[5.440s][info][gc,phases      ] GC(99) Marking Phase 181.388ms
[5.440s][info][gc,phases,start] GC(99) Summary Phase
[5.440s][info][gc,phases      ] GC(99) Summary Phase 0.023ms
[5.440s][info][gc,phases,start] GC(99) Adjust Roots
[5.440s][info][gc,phases      ] GC(99) Adjust Roots 0.192ms
[5.440s][info][gc,phases,start] GC(99) Compaction Phase
[5.495s][info][gc,phases      ] GC(99) Compaction Phase 54.309ms
[5.495s][info][gc,phases,start] GC(99) Post Compact
[5.496s][info][gc,phases      ] GC(99) Post Compact 1.268ms
[5.496s][info][gc,heap        ] GC(99) PSYoungGen: 65855K(73728K)->65855K(73728K) Eden: 20480K(20480K)->20480K(20480K) From: 45375K(53248K)->45375K(53248K)
[5.496s][info][gc,heap        ] GC(99) ParOldGen: 682734K(683008K)->682734K(683008K)
[5.496s][info][gc,metaspace   ] GC(99) Metaspace: 6302K(6528K)->6302K(6528K) NonClass: 5769K(5888K)->5769K(5888K) Class: 533K(640K)->533K(640K)
[5.496s][info][gc             ] GC(99) Pause Full (Ergonomics) 731M->731M(739M) 237.532ms
[5.496s][info][gc,cpu         ] GC(99) User=1.34s Sys=0.05s Real=0.24s
[5.497s][info][gc,start       ] GC(100) Pause Full (Ergonomics)
[5.497s][info][gc,phases,start] GC(100) Marking Phase
[5.675s][info][gc,phases      ] GC(100) Marking Phase 177.846ms
[5.675s][info][gc,phases,start] GC(100) Summary Phase
[5.675s][info][gc,phases      ] GC(100) Summary Phase 0.023ms
[5.675s][info][gc,phases,start] GC(100) Adjust Roots
[5.675s][info][gc,phases      ] GC(100) Adjust Roots 0.190ms
[5.675s][info][gc,phases,start] GC(100) Compaction Phase
[5.730s][info][gc,phases      ] GC(100) Compaction Phase 55.435ms
[5.730s][info][gc,phases,start] GC(100) Post Compact
[5.732s][info][gc,phases      ] GC(100) Post Compact 1.260ms
[5.732s][info][gc,heap        ] GC(100) PSYoungGen: 65855K(73728K)->65855K(73728K) Eden: 20480K(20480K)->20480K(20480K) From: 45375K(53248K)->45375K(53248K)
[5.732s][info][gc,heap        ] GC(100) ParOldGen: 682738K(683008K)->682738K(683008K)
[5.732s][info][gc,metaspace   ] GC(100) Metaspace: 6302K(6528K)->6302K(6528K) NonClass: 5769K(5888K)->5769K(5888K) Class: 533K(640K)->533K(640K)
[5.732s][info][gc             ] GC(100) Pause Full (Ergonomics) 731M->731M(739M) 235.072ms
[5.732s][info][gc,cpu         ] GC(100) User=1.34s Sys=0.00s Real=0.23s
[5.732s][info][gc,start       ] GC(101) Pause Full (Ergonomics)
[5.732s][info][gc,phases,start] GC(101) Marking Phase
[5.916s][info][gc,phases      ] GC(101) Marking Phase 183.877ms
[5.916s][info][gc,phases,start] GC(101) Summary Phase
[5.916s][info][gc,phases      ] GC(101) Summary Phase 0.022ms
[5.916s][info][gc,phases,start] GC(101) Adjust Roots
[5.916s][info][gc,phases      ] GC(101) Adjust Roots 0.188ms
[5.916s][info][gc,phases,start] GC(101) Compaction Phase
[5.966s][info][gc,phases      ] GC(101) Compaction Phase 50.102ms
[5.966s][info][gc,phases,start] GC(101) Post Compact
[5.968s][info][gc,phases      ] GC(101) Post Compact 1.251ms
[5.968s][info][gc,heap        ] GC(101) PSYoungGen: 65855K(73728K)->65855K(73728K) Eden: 20480K(20480K)->20480K(20480K) From: 45375K(53248K)->45375K(53248K)
[5.968s][info][gc,heap        ] GC(101) ParOldGen: 682743K(683008K)->682743K(683008K)
[5.968s][info][gc,metaspace   ] GC(101) Metaspace: 6302K(6528K)->6302K(6528K) NonClass: 5769K(5888K)->5769K(5888K) Class: 533K(640K)->533K(640K)
[5.968s][info][gc             ] GC(101) Pause Full (Ergonomics) 731M->731M(739M) 235.767ms
[5.968s][info][gc,cpu         ] GC(101) User=1.45s Sys=0.02s Real=0.24s
[5.968s][info][gc,start       ] GC(102) Pause Full (Ergonomics)
[5.968s][info][gc,phases,start] GC(102) Marking Phase
[6.148s][info][gc,phases      ] GC(102) Marking Phase 179.433ms
[6.148s][info][gc,phases,start] GC(102) Summary Phase
[6.148s][info][gc,phases      ] GC(102) Summary Phase 0.022ms
[6.148s][info][gc,phases,start] GC(102) Adjust Roots
[6.148s][info][gc,phases      ] GC(102) Adjust Roots 0.197ms
[6.148s][info][gc,phases,start] GC(102) Compaction Phase
[6.199s][info][gc,phases      ] GC(102) Compaction Phase 51.443ms
[6.199s][info][gc,phases,start] GC(102) Post Compact
[6.201s][info][gc,phases      ] GC(102) Post Compact 1.570ms
[6.201s][info][gc,heap        ] GC(102) PSYoungGen: 65855K(73728K)->65855K(73728K) Eden: 20480K(20480K)->20480K(20480K) From: 45375K(53248K)->45375K(53248K)
[6.201s][info][gc,heap        ] GC(102) ParOldGen: 682748K(683008K)->682748K(683008K)
[6.201s][info][gc,metaspace   ] GC(102) Metaspace: 6302K(6528K)->6302K(6528K) NonClass: 5769K(5888K)->5769K(5888K) Class: 533K(640K)->533K(640K)
[6.201s][info][gc             ] GC(102) Pause Full (Ergonomics) 731M->731M(739M) 233.097ms
[6.201s][info][gc,cpu         ] GC(102) User=1.31s Sys=0.02s Real=0.23s
[6.201s][info][gc,start       ] GC(103) Pause Full (Ergonomics)
[6.201s][info][gc,phases,start] GC(103) Marking Phase
[6.381s][info][gc,phases      ] GC(103) Marking Phase 180.005ms
[6.382s][info][gc,phases,start] GC(103) Summary Phase
[6.382s][info][gc,phases      ] GC(103) Summary Phase 0.022ms
[6.382s][info][gc,phases,start] GC(103) Adjust Roots
[6.382s][info][gc,phases      ] GC(103) Adjust Roots 0.195ms
[6.382s][info][gc,phases,start] GC(103) Compaction Phase
[6.432s][info][gc,phases      ] GC(103) Compaction Phase 50.693ms
[6.433s][info][gc,phases,start] GC(103) Post Compact
[6.434s][info][gc,phases      ] GC(103) Post Compact 1.249ms
[6.434s][info][gc,heap        ] GC(103) PSYoungGen: 65855K(73728K)->65855K(73728K) Eden: 20480K(20480K)->20480K(20480K) From: 45375K(53248K)->45375K(53248K)
[6.434s][info][gc,heap        ] GC(103) ParOldGen: 682752K(683008K)->682752K(683008K)
[6.434s][info][gc,metaspace   ] GC(103) Metaspace: 6302K(6528K)->6302K(6528K) NonClass: 5769K(5888K)->5769K(5888K) Class: 533K(640K)->533K(640K)
[6.434s][info][gc             ] GC(103) Pause Full (Ergonomics) 731M->731M(739M) 232.482ms
[6.434s][info][gc,cpu         ] GC(103) User=1.42s Sys=0.00s Real=0.23s
[6.434s][info][gc,start       ] GC(104) Pause Full (Ergonomics)
[6.434s][info][gc,phases,start] GC(104) Marking Phase
[6.612s][info][gc,phases      ] GC(104) Marking Phase 177.722ms
[6.612s][info][gc,phases,start] GC(104) Summary Phase
[6.612s][info][gc,phases      ] GC(104) Summary Phase 0.021ms
[6.612s][info][gc,phases,start] GC(104) Adjust Roots
[6.612s][info][gc,phases      ] GC(104) Adjust Roots 0.186ms
[6.612s][info][gc,phases,start] GC(104) Compaction Phase
[6.667s][info][gc,phases      ] GC(104) Compaction Phase 54.669ms
[6.667s][info][gc,phases,start] GC(104) Post Compact
[6.668s][info][gc,phases      ] GC(104) Post Compact 1.246ms
[6.668s][info][gc,heap        ] GC(104) PSYoungGen: 65855K(73728K)->65855K(73728K) Eden: 20480K(20480K)->20480K(20480K) From: 45375K(53248K)->45375K(53248K)
[6.668s][info][gc,heap        ] GC(104) ParOldGen: 682757K(683008K)->682757K(683008K)
[6.668s][info][gc,metaspace   ] GC(104) Metaspace: 6302K(6528K)->6302K(6528K) NonClass: 5769K(5888K)->5769K(5888K) Class: 533K(640K)->533K(640K)
[6.668s][info][gc             ] GC(104) Pause Full (Ergonomics) 731M->731M(739M) 234.138ms
[6.668s][info][gc,cpu         ] GC(104) User=1.33s Sys=0.00s Real=0.23s
[6.669s][info][gc,start       ] GC(105) Pause Full (Ergonomics)
[6.669s][info][gc,phases,start] GC(105) Marking Phase
[6.848s][info][gc,phases      ] GC(105) Marking Phase 179.562ms
[6.848s][info][gc,phases,start] GC(105) Summary Phase
[6.848s][info][gc,phases      ] GC(105) Summary Phase 0.021ms
[6.848s][info][gc,phases,start] GC(105) Adjust Roots
[6.848s][info][gc,phases      ] GC(105) Adjust Roots 0.195ms
[6.848s][info][gc,phases,start] GC(105) Compaction Phase
[6.906s][info][gc,phases      ] GC(105) Compaction Phase 57.519ms
[6.906s][info][gc,phases,start] GC(105) Post Compact
[6.907s][info][gc,phases      ] GC(105) Post Compact 1.416ms
[6.908s][info][gc,heap        ] GC(105) PSYoungGen: 65855K(73728K)->65855K(73728K) Eden: 20480K(20480K)->20480K(20480K) From: 45375K(53248K)->45375K(53248K)
[6.908s][info][gc,heap        ] GC(105) ParOldGen: 682762K(683008K)->682762K(683008K)
[6.908s][info][gc,metaspace   ] GC(105) Metaspace: 6302K(6528K)->6302K(6528K) NonClass: 5769K(5888K)->5769K(5888K) Class: 533K(640K)->533K(640K)
[6.908s][info][gc             ] GC(105) Pause Full (Ergonomics) 731M->731M(739M) 239.039ms
[6.908s][info][gc,cpu         ] GC(105) User=1.42s Sys=0.00s Real=0.24s
[6.908s][info][gc,start       ] GC(106) Pause Full (Ergonomics)
[6.908s][info][gc,phases,start] GC(106) Marking Phase
[7.085s][info][gc,phases      ] GC(106) Marking Phase 177.326ms
[7.085s][info][gc,phases,start] GC(106) Summary Phase
[7.085s][info][gc,phases      ] GC(106) Summary Phase 0.021ms
[7.085s][info][gc,phases,start] GC(106) Adjust Roots
[7.086s][info][gc,phases      ] GC(106) Adjust Roots 0.184ms
[7.086s][info][gc,phases,start] GC(106) Compaction Phase
[7.142s][info][gc,phases      ] GC(106) Compaction Phase 56.570ms
[7.142s][info][gc,phases,start] GC(106) Post Compact
[7.144s][info][gc,phases      ] GC(106) Post Compact 1.311ms
[7.144s][info][gc,heap        ] GC(106) PSYoungGen: 65855K(73728K)->65855K(73728K) Eden: 20480K(20480K)->20480K(20480K) From: 45375K(53248K)->45375K(53248K)
[7.144s][info][gc,heap        ] GC(106) ParOldGen: 682766K(683008K)->682766K(683008K)
[7.144s][info][gc,metaspace   ] GC(106) Metaspace: 6302K(6528K)->6302K(6528K) NonClass: 5769K(5888K)->5769K(5888K) Class: 533K(640K)->533K(640K)
[7.144s][info][gc             ] GC(106) Pause Full (Ergonomics) 731M->731M(739M) 235.737ms
[7.144s][info][gc,cpu         ] GC(106) User=1.33s Sys=0.00s Real=0.23s
[7.144s][info][gc,start       ] GC(107) Pause Full (Ergonomics)
[7.144s][info][gc,phases,start] GC(107) Marking Phase
[7.315s][info][gc,phases      ] GC(107) Marking Phase 171.415ms
[7.315s][info][gc,phases,start] GC(107) Summary Phase
[7.315s][info][gc,phases      ] GC(107) Summary Phase 0.021ms
[7.315s][info][gc,phases,start] GC(107) Adjust Roots
[7.316s][info][gc,phases      ] GC(107) Adjust Roots 0.180ms
[7.316s][info][gc,phases,start] GC(107) Compaction Phase
[7.371s][info][gc,phases      ] GC(107) Compaction Phase 54.947ms
[7.371s][info][gc,phases,start] GC(107) Post Compact
[7.372s][info][gc,phases      ] GC(107) Post Compact 1.361ms
[7.372s][info][gc,heap        ] GC(107) PSYoungGen: 65855K(73728K)->65855K(73728K) Eden: 20480K(20480K)->20480K(20480K) From: 45375K(53248K)->45375K(53248K)
[7.372s][info][gc,heap        ] GC(107) ParOldGen: 682771K(683008K)->682771K(683008K)
[7.372s][info][gc,metaspace   ] GC(107) Metaspace: 6302K(6528K)->6302K(6528K) NonClass: 5769K(5888K)->5769K(5888K) Class: 533K(640K)->533K(640K)
[7.372s][info][gc             ] GC(107) Pause Full (Ergonomics) 731M->731M(739M) 228.255ms
[7.372s][info][gc,cpu         ] GC(107) User=1.28s Sys=0.00s Real=0.23s
[7.372s][info][gc,start       ] GC(108) Pause Full (Ergonomics)
[7.372s][info][gc,phases,start] GC(108) Marking Phase
[7.553s][info][gc,phases      ] GC(108) Marking Phase 180.579ms
[7.553s][info][gc,phases,start] GC(108) Summary Phase
[7.553s][info][gc,phases      ] GC(108) Summary Phase 0.022ms
[7.553s][info][gc,phases,start] GC(108) Adjust Roots
[7.553s][info][gc,phases      ] GC(108) Adjust Roots 0.184ms
[7.553s][info][gc,phases,start] GC(108) Compaction Phase
[7.612s][info][gc,phases      ] GC(108) Compaction Phase 58.485ms
[7.612s][info][gc,phases,start] GC(108) Post Compact
[7.613s][info][gc,phases      ] GC(108) Post Compact 1.396ms
[7.613s][info][gc,heap        ] GC(108) PSYoungGen: 65855K(73728K)->65855K(73728K) Eden: 20480K(20480K)->20480K(20480K) From: 45375K(53248K)->45375K(53248K)
[7.613s][info][gc,heap        ] GC(108) ParOldGen: 682776K(683008K)->682776K(683008K)
[7.613s][info][gc,metaspace   ] GC(108) Metaspace: 6302K(6528K)->6302K(6528K) NonClass: 5769K(5888K)->5769K(5888K) Class: 533K(640K)->533K(640K)
[7.613s][info][gc             ] GC(108) Pause Full (Ergonomics) 731M->731M(739M) 241.048ms
[7.613s][info][gc,cpu         ] GC(108) User=1.31s Sys=0.00s Real=0.24s
[7.614s][info][gc,start       ] GC(109) Pause Full (Ergonomics)
[7.614s][info][gc,phases,start] GC(109) Marking Phase
[7.791s][info][gc,phases      ] GC(109) Marking Phase 176.877ms
[7.791s][info][gc,phases,start] GC(109) Summary Phase
[7.791s][info][gc,phases      ] GC(109) Summary Phase 0.022ms
[7.791s][info][gc,phases,start] GC(109) Adjust Roots
[7.791s][info][gc,phases      ] GC(109) Adjust Roots 0.189ms
[7.791s][info][gc,phases,start] GC(109) Compaction Phase
[7.845s][info][gc,phases      ] GC(109) Compaction Phase 54.410ms
[7.845s][info][gc,phases,start] GC(109) Post Compact
[7.847s][info][gc,phases      ] GC(109) Post Compact 1.405ms
[7.847s][info][gc,heap        ] GC(109) PSYoungGen: 65855K(73728K)->65855K(73728K) Eden: 20480K(20480K)->20480K(20480K) From: 45375K(53248K)->45375K(53248K)
[7.847s][info][gc,heap        ] GC(109) ParOldGen: 682780K(683008K)->682780K(683008K)
[7.847s][info][gc,metaspace   ] GC(109) Metaspace: 6302K(6528K)->6302K(6528K) NonClass: 5769K(5888K)->5769K(5888K) Class: 533K(640K)->533K(640K)
[7.847s][info][gc             ] GC(109) Pause Full (Ergonomics) 731M->731M(739M) 233.264ms
[7.847s][info][gc,cpu         ] GC(109) User=1.38s Sys=0.00s Real=0.23s
[7.847s][info][gc,start       ] GC(110) Pause Full (Ergonomics)
[7.847s][info][gc,phases,start] GC(110) Marking Phase
[8.021s][info][gc,phases      ] GC(110) Marking Phase 173.811ms
[8.021s][info][gc,phases,start] GC(110) Summary Phase
[8.021s][info][gc,phases      ] GC(110) Summary Phase 0.021ms
[8.021s][info][gc,phases,start] GC(110) Adjust Roots
[8.021s][info][gc,phases      ] GC(110) Adjust Roots 0.187ms
[8.021s][info][gc,phases,start] GC(110) Compaction Phase
[8.076s][info][gc,phases      ] GC(110) Compaction Phase 54.946ms
[8.077s][info][gc,phases,start] GC(110) Post Compact
[8.078s][info][gc,phases      ] GC(110) Post Compact 1.409ms
[8.078s][info][gc,heap        ] GC(110) PSYoungGen: 65855K(73728K)->65855K(73728K) Eden: 20480K(20480K)->20480K(20480K) From: 45375K(53248K)->45375K(53248K)
[8.078s][info][gc,heap        ] GC(110) ParOldGen: 682785K(683008K)->682785K(683008K)
[8.078s][info][gc,metaspace   ] GC(110) Metaspace: 6302K(6528K)->6302K(6528K) NonClass: 5769K(5888K)->5769K(5888K) Class: 533K(640K)->533K(640K)
[8.078s][info][gc             ] GC(110) Pause Full (Ergonomics) 731M->731M(739M) 230.725ms
[8.078s][info][gc,cpu         ] GC(110) User=1.34s Sys=0.00s Real=0.23s
[8.078s][info][gc,start       ] GC(111) Pause Full (Ergonomics)
[8.078s][info][gc,phases,start] GC(111) Marking Phase
[8.254s][info][gc,phases      ] GC(111) Marking Phase 175.437ms
[8.254s][info][gc,phases,start] GC(111) Summary Phase
[8.254s][info][gc,phases      ] GC(111) Summary Phase 0.021ms
[8.254s][info][gc,phases,start] GC(111) Adjust Roots
[8.254s][info][gc,phases      ] GC(111) Adjust Roots 0.203ms
[8.254s][info][gc,phases,start] GC(111) Compaction Phase
[8.313s][info][gc,phases      ] GC(111) Compaction Phase 58.534ms
[8.313s][info][gc,phases,start] GC(111) Post Compact
[8.314s][info][gc,phases      ] GC(111) Post Compact 1.434ms
[8.314s][info][gc,heap        ] GC(111) PSYoungGen: 65855K(73728K)->65855K(73728K) Eden: 20480K(20480K)->20480K(20480K) From: 45375K(53248K)->45375K(53248K)
[8.314s][info][gc,heap        ] GC(111) ParOldGen: 682790K(683008K)->682790K(683008K)
[8.314s][info][gc,metaspace   ] GC(111) Metaspace: 6302K(6528K)->6302K(6528K) NonClass: 5769K(5888K)->5769K(5888K) Class: 533K(640K)->533K(640K)
[8.314s][info][gc             ] GC(111) Pause Full (Ergonomics) 731M->731M(739M) 235.970ms
[8.314s][info][gc,cpu         ] GC(111) User=1.34s Sys=0.03s Real=0.24s
[8.315s][info][gc,start       ] GC(112) Pause Full (Ergonomics)
[8.315s][info][gc,phases,start] GC(112) Marking Phase
[8.495s][info][gc,phases      ] GC(112) Marking Phase 179.955ms
[8.495s][info][gc,phases,start] GC(112) Summary Phase
[8.495s][info][gc,phases      ] GC(112) Summary Phase 0.022ms
[8.495s][info][gc,phases,start] GC(112) Adjust Roots
[8.495s][info][gc,phases      ] GC(112) Adjust Roots 0.195ms
[8.495s][info][gc,phases,start] GC(112) Compaction Phase
[8.550s][info][gc,phases      ] GC(112) Compaction Phase 55.199ms
[8.550s][info][gc,phases,start] GC(112) Post Compact
[8.552s][info][gc,phases      ] GC(112) Post Compact 1.313ms
[8.552s][info][gc,heap        ] GC(112) PSYoungGen: 65855K(73728K)->65855K(73728K) Eden: 20480K(20480K)->20480K(20480K) From: 45375K(53248K)->45375K(53248K)
[8.552s][info][gc,heap        ] GC(112) ParOldGen: 682794K(683008K)->682794K(683008K)
[8.552s][info][gc,metaspace   ] GC(112) Metaspace: 6302K(6528K)->6302K(6528K) NonClass: 5769K(5888K)->5769K(5888K) Class: 533K(640K)->533K(640K)
[8.552s][info][gc             ] GC(112) Pause Full (Ergonomics) 731M->731M(739M) 237.036ms
[8.552s][info][gc,cpu         ] GC(112) User=1.41s Sys=0.00s Real=0.24s
[8.552s][info][gc,start       ] GC(113) Pause Full (Ergonomics)
[8.552s][info][gc,phases,start] GC(113) Marking Phase
[8.731s][info][gc,phases      ] GC(113) Marking Phase 179.082ms
[8.731s][info][gc,phases,start] GC(113) Summary Phase
[8.731s][info][gc,phases      ] GC(113) Summary Phase 0.023ms
[8.731s][info][gc,phases,start] GC(113) Adjust Roots
[8.731s][info][gc,phases      ] GC(113) Adjust Roots 0.206ms
[8.731s][info][gc,phases,start] GC(113) Compaction Phase
[8.786s][info][gc,phases      ] GC(113) Compaction Phase 54.423ms
[8.786s][info][gc,phases,start] GC(113) Post Compact
[8.787s][info][gc,phases      ] GC(113) Post Compact 1.410ms
[8.787s][info][gc,heap        ] GC(113) PSYoungGen: 65855K(73728K)->65855K(73728K) Eden: 20480K(20480K)->20480K(20480K) From: 45375K(53248K)->45375K(53248K)
[8.787s][info][gc,heap        ] GC(113) ParOldGen: 682799K(683008K)->682799K(683008K)
[8.787s][info][gc,metaspace   ] GC(113) Metaspace: 6302K(6528K)->6302K(6528K) NonClass: 5769K(5888K)->5769K(5888K) Class: 533K(640K)->533K(640K)
[8.787s][info][gc             ] GC(113) Pause Full (Ergonomics) 731M->731M(739M) 235.507ms
[8.787s][info][gc,cpu         ] GC(113) User=1.36s Sys=0.00s Real=0.23s
[8.788s][info][gc,start       ] GC(114) Pause Full (Ergonomics)
[8.788s][info][gc,phases,start] GC(114) Marking Phase
[8.965s][info][gc,phases      ] GC(114) Marking Phase 177.212ms
[8.965s][info][gc,phases,start] GC(114) Summary Phase
[8.965s][info][gc,phases      ] GC(114) Summary Phase 0.022ms
[8.965s][info][gc,phases,start] GC(114) Adjust Roots
[8.965s][info][gc,phases      ] GC(114) Adjust Roots 0.177ms
[8.965s][info][gc,phases,start] GC(114) Compaction Phase
[9.019s][info][gc,phases      ] GC(114) Compaction Phase 53.858ms
[9.019s][info][gc,phases,start] GC(114) Post Compact
[9.020s][info][gc,phases      ] GC(114) Post Compact 1.243ms
[9.021s][info][gc,heap        ] GC(114) PSYoungGen: 65855K(73728K)->65855K(73728K) Eden: 20480K(20480K)->20480K(20480K) From: 45375K(53248K)->45375K(53248K)
[9.021s][info][gc,heap        ] GC(114) ParOldGen: 682804K(683008K)->682804K(683008K)
[9.021s][info][gc,metaspace   ] GC(114) Metaspace: 6302K(6528K)->6302K(6528K) NonClass: 5769K(5888K)->5769K(5888K) Class: 533K(640K)->533K(640K)
[9.021s][info][gc             ] GC(114) Pause Full (Ergonomics) 731M->731M(739M) 232.881ms
[9.021s][info][gc,cpu         ] GC(114) User=1.50s Sys=0.00s Real=0.23s
[9.021s][info][gc,start       ] GC(115) Pause Full (Ergonomics)
[9.021s][info][gc,phases,start] GC(115) Marking Phase
[9.200s][info][gc,phases      ] GC(115) Marking Phase 179.364ms
[9.200s][info][gc,phases,start] GC(115) Summary Phase
[9.200s][info][gc,phases      ] GC(115) Summary Phase 0.021ms
[9.200s][info][gc,phases,start] GC(115) Adjust Roots
[9.201s][info][gc,phases      ] GC(115) Adjust Roots 0.186ms
[9.201s][info][gc,phases,start] GC(115) Compaction Phase
[9.254s][info][gc,phases      ] GC(115) Compaction Phase 53.311ms
[9.254s][info][gc,phases,start] GC(115) Post Compact
[9.255s][info][gc,phases      ] GC(115) Post Compact 1.415ms
[9.255s][info][gc,heap        ] GC(115) PSYoungGen: 65855K(73728K)->65855K(73728K) Eden: 20480K(20480K)->20480K(20480K) From: 45375K(53248K)->45375K(53248K)
[9.255s][info][gc,heap        ] GC(115) ParOldGen: 682808K(683008K)->682808K(683008K)
[9.256s][info][gc,metaspace   ] GC(115) Metaspace: 6302K(6528K)->6302K(6528K) NonClass: 5769K(5888K)->5769K(5888K) Class: 533K(640K)->533K(640K)
[9.256s][info][gc             ] GC(115) Pause Full (Ergonomics) 731M->731M(739M) 234.630ms
[9.256s][info][gc,cpu         ] GC(115) User=1.47s Sys=0.00s Real=0.23s
[9.256s][info][gc,start       ] GC(116) Pause Full (Ergonomics)
[9.256s][info][gc,phases,start] GC(116) Marking Phase
[9.438s][info][gc,phases      ] GC(116) Marking Phase 181.706ms
[9.438s][info][gc,phases,start] GC(116) Summary Phase
[9.438s][info][gc,phases      ] GC(116) Summary Phase 0.022ms
[9.438s][info][gc,phases,start] GC(116) Adjust Roots
[9.438s][info][gc,phases      ] GC(116) Adjust Roots 0.188ms
[9.438s][info][gc,phases,start] GC(116) Compaction Phase
[9.494s][info][gc,phases      ] GC(116) Compaction Phase 55.794ms
[9.494s][info][gc,phases,start] GC(116) Post Compact
[9.495s][info][gc,phases      ] GC(116) Post Compact 1.287ms
[9.495s][info][gc,heap        ] GC(116) PSYoungGen: 65855K(73728K)->65855K(73728K) Eden: 20480K(20480K)->20480K(20480K) From: 45375K(53248K)->45375K(53248K)
[9.495s][info][gc,heap        ] GC(116) ParOldGen: 682813K(683008K)->682813K(683008K)
[9.495s][info][gc,metaspace   ] GC(116) Metaspace: 6302K(6528K)->6302K(6528K) NonClass: 5769K(5888K)->5769K(5888K) Class: 533K(640K)->533K(640K)
[9.495s][info][gc             ] GC(116) Pause Full (Ergonomics) 731M->731M(739M) 239.326ms
[9.495s][info][gc,cpu         ] GC(116) User=1.47s Sys=0.02s Real=0.24s
[9.495s][info][gc,start       ] GC(117) Pause Full (Ergonomics)
[9.495s][info][gc,phases,start] GC(117) Marking Phase
[9.675s][info][gc,phases      ] GC(117) Marking Phase 179.279ms
[9.675s][info][gc,phases,start] GC(117) Summary Phase
[9.675s][info][gc,phases      ] GC(117) Summary Phase 0.022ms
[9.675s][info][gc,phases,start] GC(117) Adjust Roots
[9.675s][info][gc,phases      ] GC(117) Adjust Roots 0.215ms
[9.675s][info][gc,phases,start] GC(117) Compaction Phase
[9.728s][info][gc,phases      ] GC(117) Compaction Phase 53.411ms
[9.729s][info][gc,phases,start] GC(117) Post Compact
[9.730s][info][gc,phases      ] GC(117) Post Compact 1.234ms
[9.730s][info][gc,heap        ] GC(117) PSYoungGen: 65855K(73728K)->65855K(73728K) Eden: 20480K(20480K)->20480K(20480K) From: 45375K(53248K)->45375K(53248K)
[9.730s][info][gc,heap        ] GC(117) ParOldGen: 682818K(683008K)->682818K(683008K)
[9.730s][info][gc,metaspace   ] GC(117) Metaspace: 6302K(6528K)->6302K(6528K) NonClass: 5769K(5888K)->5769K(5888K) Class: 533K(640K)->533K(640K)
[9.730s][info][gc             ] GC(117) Pause Full (Ergonomics) 731M->731M(739M) 234.498ms
[9.730s][info][gc,cpu         ] GC(117) User=1.44s Sys=0.00s Real=0.24s
[9.730s][info][gc,start       ] GC(118) Pause Full (Ergonomics)
[9.730s][info][gc,phases,start] GC(118) Marking Phase
[9.908s][info][gc,phases      ] GC(118) Marking Phase 177.698ms
[9.908s][info][gc,phases,start] GC(118) Summary Phase
[9.908s][info][gc,phases      ] GC(118) Summary Phase 0.022ms
[9.908s][info][gc,phases,start] GC(118) Adjust Roots
[9.908s][info][gc,phases      ] GC(118) Adjust Roots 0.185ms
[9.908s][info][gc,phases,start] GC(118) Compaction Phase
[9.964s][info][gc,phases      ] GC(118) Compaction Phase 55.905ms
[9.964s][info][gc,phases,start] GC(118) Post Compact
[9.966s][info][gc,phases      ] GC(118) Post Compact 1.395ms
[9.966s][info][gc,heap        ] GC(118) PSYoungGen: 65855K(73728K)->65855K(73728K) Eden: 20480K(20480K)->20480K(20480K) From: 45375K(53248K)->45375K(53248K)
[9.966s][info][gc,heap        ] GC(118) ParOldGen: 682822K(683008K)->682822K(683008K)
[9.966s][info][gc,metaspace   ] GC(118) Metaspace: 6302K(6528K)->6302K(6528K) NonClass: 5769K(5888K)->5769K(5888K) Class: 533K(640K)->533K(640K)
[9.966s][info][gc             ] GC(118) Pause Full (Ergonomics) 731M->731M(739M) 235.580ms
[9.966s][info][gc,cpu         ] GC(118) User=1.39s Sys=0.00s Real=0.23s
[9.966s][info][gc,start       ] GC(119) Pause Full (Ergonomics)
[9.966s][info][gc,phases,start] GC(119) Marking Phase
[10.158s][info][gc,phases      ] GC(119) Marking Phase 192.099ms
[10.158s][info][gc,phases,start] GC(119) Summary Phase
[10.158s][info][gc,phases      ] GC(119) Summary Phase 0.022ms
[10.158s][info][gc,phases,start] GC(119) Adjust Roots
[10.158s][info][gc,phases      ] GC(119) Adjust Roots 0.208ms
[10.159s][info][gc,phases,start] GC(119) Compaction Phase
[10.223s][info][gc,phases      ] GC(119) Compaction Phase 64.842ms
[10.223s][info][gc,phases,start] GC(119) Post Compact
[10.225s][info][gc,phases      ] GC(119) Post Compact 1.561ms
[10.225s][info][gc,heap        ] GC(119) PSYoungGen: 65855K(73728K)->65855K(73728K) Eden: 20480K(20480K)->20480K(20480K) From: 45375K(53248K)->45375K(53248K)
[10.225s][info][gc,heap        ] GC(119) ParOldGen: 682827K(683008K)->682827K(683008K)
[10.225s][info][gc,metaspace   ] GC(119) Metaspace: 6302K(6528K)->6302K(6528K) NonClass: 5769K(5888K)->5769K(5888K) Class: 533K(640K)->533K(640K)
[10.225s][info][gc             ] GC(119) Pause Full (Ergonomics) 731M->731M(739M) 259.144ms
[10.225s][info][gc,cpu         ] GC(119) User=1.41s Sys=0.00s Real=0.26s
[10.226s][info][gc,start       ] GC(120) Pause Full (Ergonomics)
[10.226s][info][gc,phases,start] GC(120) Marking Phase
[10.417s][info][gc,phases      ] GC(120) Marking Phase 191.412ms
[10.417s][info][gc,phases,start] GC(120) Summary Phase
[10.417s][info][gc,phases      ] GC(120) Summary Phase 0.022ms
[10.417s][info][gc,phases,start] GC(120) Adjust Roots
[10.417s][info][gc,phases      ] GC(120) Adjust Roots 0.209ms
[10.417s][info][gc,phases,start] GC(120) Compaction Phase
[10.475s][info][gc,phases      ] GC(120) Compaction Phase 57.443ms
[10.475s][info][gc,phases,start] GC(120) Post Compact
[10.476s][info][gc,phases      ] GC(120) Post Compact 1.537ms
[10.476s][info][gc,heap        ] GC(120) PSYoungGen: 65855K(73728K)->65855K(73728K) Eden: 20480K(20480K)->20480K(20480K) From: 45375K(53248K)->45375K(53248K)
[10.476s][info][gc,heap        ] GC(120) ParOldGen: 682832K(683008K)->682832K(683008K)
[10.476s][info][gc,metaspace   ] GC(120) Metaspace: 6302K(6528K)->6302K(6528K) NonClass: 5769K(5888K)->5769K(5888K) Class: 533K(640K)->533K(640K)
[10.477s][info][gc             ] GC(120) Pause Full (Ergonomics) 731M->731M(739M) 250.995ms
[10.477s][info][gc,cpu         ] GC(120) User=1.31s Sys=0.00s Real=0.25s
[10.477s][info][gc,start       ] GC(121) Pause Full (Ergonomics)
[10.477s][info][gc,phases,start] GC(121) Marking Phase
[10.666s][info][gc,phases      ] GC(121) Marking Phase 188.975ms
[10.666s][info][gc,phases,start] GC(121) Summary Phase
[10.666s][info][gc,phases      ] GC(121) Summary Phase 0.021ms
[10.666s][info][gc,phases,start] GC(121) Adjust Roots
[10.666s][info][gc,phases      ] GC(121) Adjust Roots 0.192ms
[10.666s][info][gc,phases,start] GC(121) Compaction Phase
[10.721s][info][gc,phases      ] GC(121) Compaction Phase 54.386ms
[10.721s][info][gc,phases,start] GC(121) Post Compact
[10.722s][info][gc,phases      ] GC(121) Post Compact 1.411ms
[10.722s][info][gc,heap        ] GC(121) PSYoungGen: 65855K(73728K)->65855K(73728K) Eden: 20480K(20480K)->20480K(20480K) From: 45375K(53248K)->45375K(53248K)
[10.722s][info][gc,heap        ] GC(121) ParOldGen: 682836K(683008K)->682836K(683008K)
[10.722s][info][gc,metaspace   ] GC(121) Metaspace: 6302K(6528K)->6302K(6528K) NonClass: 5769K(5888K)->5769K(5888K) Class: 533K(640K)->533K(640K)
[10.722s][info][gc             ] GC(121) Pause Full (Ergonomics) 731M->731M(739M) 245.327ms
[10.722s][info][gc,cpu         ] GC(121) User=1.38s Sys=0.00s Real=0.24s
[10.723s][info][gc,start       ] GC(122) Pause Full (Ergonomics)
[10.723s][info][gc,phases,start] GC(122) Marking Phase
[10.900s][info][gc,phases      ] GC(122) Marking Phase 177.218ms
[10.900s][info][gc,phases,start] GC(122) Summary Phase
[10.900s][info][gc,phases      ] GC(122) Summary Phase 0.023ms
[10.900s][info][gc,phases,start] GC(122) Adjust Roots
[10.900s][info][gc,phases      ] GC(122) Adjust Roots 0.214ms
[10.900s][info][gc,phases,start] GC(122) Compaction Phase
[10.959s][info][gc,phases      ] GC(122) Compaction Phase 58.643ms
[10.959s][info][gc,phases,start] GC(122) Post Compact
[10.960s][info][gc,phases      ] GC(122) Post Compact 1.396ms
[10.960s][info][gc,heap        ] GC(122) PSYoungGen: 65855K(73728K)->65855K(73728K) Eden: 20480K(20480K)->20480K(20480K) From: 45375K(53248K)->45375K(53248K)
[10.960s][info][gc,heap        ] GC(122) ParOldGen: 682841K(683008K)->682841K(683008K)
[10.960s][info][gc,metaspace   ] GC(122) Metaspace: 6302K(6528K)->6302K(6528K) NonClass: 5769K(5888K)->5769K(5888K) Class: 533K(640K)->533K(640K)
[10.960s][info][gc             ] GC(122) Pause Full (Ergonomics) 731M->731M(739M) 237.867ms
[10.960s][info][gc,cpu         ] GC(122) User=1.39s Sys=0.02s Real=0.24s
[10.961s][info][gc,start       ] GC(123) Pause Full (Ergonomics)
[10.961s][info][gc,phases,start] GC(123) Marking Phase
[11.143s][info][gc,phases      ] GC(123) Marking Phase 182.024ms
[11.143s][info][gc,phases,start] GC(123) Summary Phase
[11.143s][info][gc,phases      ] GC(123) Summary Phase 0.021ms
[11.143s][info][gc,phases,start] GC(123) Adjust Roots
[11.143s][info][gc,phases      ] GC(123) Adjust Roots 0.186ms
[11.143s][info][gc,phases,start] GC(123) Compaction Phase
[11.199s][info][gc,phases      ] GC(123) Compaction Phase 56.182ms
[11.199s][info][gc,phases,start] GC(123) Post Compact
[11.201s][info][gc,phases      ] GC(123) Post Compact 1.461ms
[11.201s][info][gc,heap        ] GC(123) PSYoungGen: 65855K(73728K)->65855K(73728K) Eden: 20480K(20480K)->20480K(20480K) From: 45375K(53248K)->45375K(53248K)
[11.201s][info][gc,heap        ] GC(123) ParOldGen: 682846K(683008K)->682846K(683008K)
[11.201s][info][gc,metaspace   ] GC(123) Metaspace: 6302K(6528K)->6302K(6528K) NonClass: 5769K(5888K)->5769K(5888K) Class: 533K(640K)->533K(640K)
[11.201s][info][gc             ] GC(123) Pause Full (Ergonomics) 731M->731M(739M) 240.197ms
[11.201s][info][gc,cpu         ] GC(123) User=1.41s Sys=0.02s Real=0.24s
[11.201s][info][gc,start       ] GC(124) Pause Full (Ergonomics)
[11.201s][info][gc,phases,start] GC(124) Marking Phase
[11.382s][info][gc,phases      ] GC(124) Marking Phase 181.240ms
[11.382s][info][gc,phases,start] GC(124) Summary Phase
[11.383s][info][gc,phases      ] GC(124) Summary Phase 0.021ms
[11.383s][info][gc,phases,start] GC(124) Adjust Roots
[11.383s][info][gc,phases      ] GC(124) Adjust Roots 0.192ms
[11.383s][info][gc,phases,start] GC(124) Compaction Phase
[11.439s][info][gc,phases      ] GC(124) Compaction Phase 56.276ms
[11.439s][info][gc,phases,start] GC(124) Post Compact
[11.441s][info][gc,phases      ] GC(124) Post Compact 1.427ms
[11.441s][info][gc,heap        ] GC(124) PSYoungGen: 65855K(73728K)->65855K(73728K) Eden: 20480K(20480K)->20480K(20480K) From: 45375K(53248K)->45375K(53248K)
[11.441s][info][gc,heap        ] GC(124) ParOldGen: 682850K(683008K)->682850K(683008K)
[11.441s][info][gc,metaspace   ] GC(124) Metaspace: 6302K(6528K)->6302K(6528K) NonClass: 5769K(5888K)->5769K(5888K) Class: 533K(640K)->533K(640K)
[11.441s][info][gc             ] GC(124) Pause Full (Ergonomics) 731M->731M(739M) 239.477ms
[11.441s][info][gc,cpu         ] GC(124) User=1.39s Sys=0.00s Real=0.24s
[11.441s][info][gc,start       ] GC(125) Pause Full (Ergonomics)
[11.441s][info][gc,phases,start] GC(125) Marking Phase
[11.618s][info][gc,phases      ] GC(125) Marking Phase 177.376ms
[11.618s][info][gc,phases,start] GC(125) Summary Phase
[11.618s][info][gc,phases      ] GC(125) Summary Phase 0.022ms
[11.618s][info][gc,phases,start] GC(125) Adjust Roots
[11.619s][info][gc,phases      ] GC(125) Adjust Roots 0.187ms
[11.619s][info][gc,phases,start] GC(125) Compaction Phase
[11.672s][info][gc,phases      ] GC(125) Compaction Phase 53.740ms
[11.672s][info][gc,phases,start] GC(125) Post Compact
[11.674s][info][gc,phases      ] GC(125) Post Compact 1.237ms
[11.674s][info][gc,heap        ] GC(125) PSYoungGen: 65855K(73728K)->65855K(73728K) Eden: 20480K(20480K)->20480K(20480K) From: 45375K(53248K)->45375K(53248K)
[11.674s][info][gc,heap        ] GC(125) ParOldGen: 682855K(683008K)->682855K(683008K)
[11.674s][info][gc,metaspace   ] GC(125) Metaspace: 6302K(6528K)->6302K(6528K) NonClass: 5769K(5888K)->5769K(5888K) Class: 533K(640K)->533K(640K)
[11.674s][info][gc             ] GC(125) Pause Full (Ergonomics) 731M->731M(739M) 232.863ms
[11.674s][info][gc,cpu         ] GC(125) User=1.48s Sys=0.02s Real=0.23s
[11.674s][info][gc,start       ] GC(126) Pause Full (Ergonomics)
[11.674s][info][gc,phases,start] GC(126) Marking Phase
[11.857s][info][gc,phases      ] GC(126) Marking Phase 183.139ms
[11.857s][info][gc,phases,start] GC(126) Summary Phase
[11.857s][info][gc,phases      ] GC(126) Summary Phase 0.022ms
[11.857s][info][gc,phases,start] GC(126) Adjust Roots
[11.858s][info][gc,phases      ] GC(126) Adjust Roots 0.218ms
[11.858s][info][gc,phases,start] GC(126) Compaction Phase
[11.918s][info][gc,phases      ] GC(126) Compaction Phase 60.271ms
[11.918s][info][gc,phases,start] GC(126) Post Compact
[11.920s][info][gc,phases      ] GC(126) Post Compact 1.666ms
[11.920s][info][gc,heap        ] GC(126) PSYoungGen: 65855K(73728K)->65855K(73728K) Eden: 20480K(20480K)->20480K(20480K) From: 45375K(53248K)->45375K(53248K)
[11.920s][info][gc,heap        ] GC(126) ParOldGen: 682860K(683008K)->682860K(683008K)
[11.920s][info][gc,metaspace   ] GC(126) Metaspace: 6302K(6528K)->6302K(6528K) NonClass: 5769K(5888K)->5769K(5888K) Class: 533K(640K)->533K(640K)
[11.920s][info][gc             ] GC(126) Pause Full (Ergonomics) 731M->731M(739M) 245.708ms
[11.920s][info][gc,cpu         ] GC(126) User=1.41s Sys=0.00s Real=0.24s
[11.920s][info][gc,start       ] GC(127) Pause Full (Ergonomics)
[11.920s][info][gc,phases,start] GC(127) Marking Phase
[12.098s][info][gc,phases      ] GC(127) Marking Phase 177.712ms
[12.098s][info][gc,phases,start] GC(127) Summary Phase
[12.098s][info][gc,phases      ] GC(127) Summary Phase 0.022ms
[12.098s][info][gc,phases,start] GC(127) Adjust Roots
[12.098s][info][gc,phases      ] GC(127) Adjust Roots 0.185ms
[12.098s][info][gc,phases,start] GC(127) Compaction Phase
[12.149s][info][gc,phases      ] GC(127) Compaction Phase 50.994ms
[12.149s][info][gc,phases,start] GC(127) Post Compact
[12.151s][info][gc,phases      ] GC(127) Post Compact 1.287ms
[12.151s][info][gc,heap        ] GC(127) PSYoungGen: 65855K(73728K)->65855K(73728K) Eden: 20480K(20480K)->20480K(20480K) From: 45375K(53248K)->45375K(53248K)
[12.151s][info][gc,heap        ] GC(127) ParOldGen: 682864K(683008K)->682864K(683008K)
[12.151s][info][gc,metaspace   ] GC(127) Metaspace: 6302K(6528K)->6302K(6528K) NonClass: 5769K(5888K)->5769K(5888K) Class: 533K(640K)->533K(640K)
[12.151s][info][gc             ] GC(127) Pause Full (Ergonomics) 731M->731M(739M) 230.566ms
[12.151s][info][gc,cpu         ] GC(127) User=1.33s Sys=0.00s Real=0.23s
[12.151s][info][gc,start       ] GC(128) Pause Full (Ergonomics)
[12.151s][info][gc,phases,start] GC(128) Marking Phase
[12.330s][info][gc,phases      ] GC(128) Marking Phase 178.627ms
[12.330s][info][gc,phases,start] GC(128) Summary Phase
[12.330s][info][gc,phases      ] GC(128) Summary Phase 0.022ms
[12.330s][info][gc,phases,start] GC(128) Adjust Roots
[12.330s][info][gc,phases      ] GC(128) Adjust Roots 0.187ms
[12.330s][info][gc,phases,start] GC(128) Compaction Phase
[12.385s][info][gc,phases      ] GC(128) Compaction Phase 54.770ms
[12.385s][info][gc,phases,start] GC(128) Post Compact
[12.386s][info][gc,phases      ] GC(128) Post Compact 1.341ms
[12.386s][info][gc,heap        ] GC(128) PSYoungGen: 65855K(73728K)->65855K(73728K) Eden: 20480K(20480K)->20480K(20480K) From: 45375K(53248K)->45375K(53248K)
[12.386s][info][gc,heap        ] GC(128) ParOldGen: 682869K(683008K)->682869K(683008K)
[12.386s][info][gc,metaspace   ] GC(128) Metaspace: 6302K(6528K)->6302K(6528K) NonClass: 5769K(5888K)->5769K(5888K) Class: 533K(640K)->533K(640K)
[12.386s][info][gc             ] GC(128) Pause Full (Ergonomics) 731M->731M(739M) 235.289ms
[12.386s][info][gc,cpu         ] GC(128) User=1.47s Sys=0.00s Real=0.23s
[12.387s][info][gc,start       ] GC(129) Pause Full (Ergonomics)
[12.387s][info][gc,phases,start] GC(129) Marking Phase
[12.560s][info][gc,phases      ] GC(129) Marking Phase 173.255ms
[12.560s][info][gc,phases,start] GC(129) Summary Phase
[12.560s][info][gc,phases      ] GC(129) Summary Phase 0.022ms
[12.560s][info][gc,phases,start] GC(129) Adjust Roots
[12.560s][info][gc,phases      ] GC(129) Adjust Roots 0.198ms
[12.560s][info][gc,phases,start] GC(129) Compaction Phase
[12.618s][info][gc,phases      ] GC(129) Compaction Phase 57.671ms
[12.618s][info][gc,phases,start] GC(129) Post Compact
[12.619s][info][gc,phases      ] GC(129) Post Compact 1.392ms
[12.619s][info][gc,heap        ] GC(129) PSYoungGen: 65855K(73728K)->65855K(73728K) Eden: 20480K(20480K)->20480K(20480K) From: 45375K(53248K)->45375K(53248K)
[12.619s][info][gc,heap        ] GC(129) ParOldGen: 682874K(683008K)->682874K(683008K)
[12.619s][info][gc,metaspace   ] GC(129) Metaspace: 6302K(6528K)->6302K(6528K) NonClass: 5769K(5888K)->5769K(5888K) Class: 533K(640K)->533K(640K)
[12.619s][info][gc             ] GC(129) Pause Full (Ergonomics) 731M->731M(739M) 232.904ms
[12.619s][info][gc,cpu         ] GC(129) User=1.30s Sys=0.03s Real=0.23s
[12.620s][info][gc,start       ] GC(130) Pause Full (Ergonomics)
[12.620s][info][gc,phases,start] GC(130) Marking Phase
[12.797s][info][gc,phases      ] GC(130) Marking Phase 177.493ms
[12.797s][info][gc,phases,start] GC(130) Summary Phase
[12.797s][info][gc,phases      ] GC(130) Summary Phase 0.021ms
[12.797s][info][gc,phases,start] GC(130) Adjust Roots
[12.798s][info][gc,phases      ] GC(130) Adjust Roots 0.189ms
[12.798s][info][gc,phases,start] GC(130) Compaction Phase
[12.852s][info][gc,phases      ] GC(130) Compaction Phase 54.868ms
[12.853s][info][gc,phases,start] GC(130) Post Compact
[12.854s][info][gc,phases      ] GC(130) Post Compact 1.451ms
[12.854s][info][gc,heap        ] GC(130) PSYoungGen: 65855K(73728K)->65855K(73728K) Eden: 20480K(20480K)->20480K(20480K) From: 45375K(53248K)->45375K(53248K)
[12.854s][info][gc,heap        ] GC(130) ParOldGen: 682878K(683008K)->682878K(683008K)
[12.854s][info][gc,metaspace   ] GC(130) Metaspace: 6302K(6528K)->6302K(6528K) NonClass: 5769K(5888K)->5769K(5888K) Class: 533K(640K)->533K(640K)
[12.854s][info][gc             ] GC(130) Pause Full (Ergonomics) 731M->731M(739M) 234.390ms
[12.854s][info][gc,cpu         ] GC(130) User=1.42s Sys=0.00s Real=0.23s
[12.854s][info][gc,start       ] GC(131) Pause Full (Ergonomics)
[12.854s][info][gc,phases,start] GC(131) Marking Phase
[13.034s][info][gc,phases      ] GC(131) Marking Phase 179.202ms
[13.034s][info][gc,phases,start] GC(131) Summary Phase
[13.034s][info][gc,phases      ] GC(131) Summary Phase 0.021ms
[13.034s][info][gc,phases,start] GC(131) Adjust Roots
[13.034s][info][gc,phases      ] GC(131) Adjust Roots 0.192ms
[13.034s][info][gc,phases,start] GC(131) Compaction Phase
[13.091s][info][gc,phases      ] GC(131) Compaction Phase 56.580ms
[13.091s][info][gc,phases,start] GC(131) Post Compact
[13.092s][info][gc,phases      ] GC(131) Post Compact 1.346ms
[13.092s][info][gc,heap        ] GC(131) PSYoungGen: 65855K(73728K)->65855K(73728K) Eden: 20480K(20480K)->20480K(20480K) From: 45375K(53248K)->45375K(53248K)
[13.092s][info][gc,heap        ] GC(131) ParOldGen: 682883K(683008K)->682883K(683008K)
[13.092s][info][gc,metaspace   ] GC(131) Metaspace: 6302K(6528K)->6302K(6528K) NonClass: 5769K(5888K)->5769K(5888K) Class: 533K(640K)->533K(640K)
[13.092s][info][gc             ] GC(131) Pause Full (Ergonomics) 731M->731M(739M) 237.683ms
[13.092s][info][gc,cpu         ] GC(131) User=1.36s Sys=0.00s Real=0.24s
[13.092s][info][gc,start       ] GC(132) Pause Full (Ergonomics)
[13.092s][info][gc,phases,start] GC(132) Marking Phase
[13.278s][info][gc,phases      ] GC(132) Marking Phase 185.381ms
[13.278s][info][gc,phases,start] GC(132) Summary Phase
[13.278s][info][gc,phases      ] GC(132) Summary Phase 0.021ms
[13.278s][info][gc,phases,start] GC(132) Adjust Roots
[13.278s][info][gc,phases      ] GC(132) Adjust Roots 0.191ms
[13.278s][info][gc,phases,start] GC(132) Compaction Phase
[13.337s][info][gc,phases      ] GC(132) Compaction Phase 58.519ms
[13.337s][info][gc,phases,start] GC(132) Post Compact
[13.338s][info][gc,phases      ] GC(132) Post Compact 1.252ms
[13.338s][info][gc,heap        ] GC(132) PSYoungGen: 65855K(73728K)->65855K(73728K) Eden: 20480K(20480K)->20480K(20480K) From: 45375K(53248K)->45375K(53248K)
[13.338s][info][gc,heap        ] GC(132) ParOldGen: 682888K(683008K)->682888K(683008K)
[13.338s][info][gc,metaspace   ] GC(132) Metaspace: 6302K(6528K)->6302K(6528K) NonClass: 5769K(5888K)->5769K(5888K) Class: 533K(640K)->533K(640K)
[13.338s][info][gc             ] GC(132) Pause Full (Ergonomics) 731M->731M(739M) 245.681ms
[13.338s][info][gc,cpu         ] GC(132) User=1.36s Sys=0.00s Real=0.25s
[13.338s][info][gc,start       ] GC(133) Pause Full (Ergonomics)
[13.338s][info][gc,phases,start] GC(133) Marking Phase
[13.525s][info][gc,phases      ] GC(133) Marking Phase 186.766ms
[13.525s][info][gc,phases,start] GC(133) Summary Phase
[13.525s][info][gc,phases      ] GC(133) Summary Phase 0.034ms
[13.525s][info][gc,phases,start] GC(133) Adjust Roots
[13.526s][info][gc,phases      ] GC(133) Adjust Roots 0.344ms
[13.526s][info][gc,phases,start] GC(133) Compaction Phase
[13.589s][info][gc,phases      ] GC(133) Compaction Phase 63.128ms
[13.589s][info][gc,phases,start] GC(133) Post Compact
[13.591s][info][gc,phases      ] GC(133) Post Compact 2.451ms
[13.592s][info][gc,heap        ] GC(133) PSYoungGen: 65855K(73728K)->65855K(73728K) Eden: 20480K(20480K)->20480K(20480K) From: 45375K(53248K)->45375K(53248K)
[13.592s][info][gc,heap        ] GC(133) ParOldGen: 682892K(683008K)->682892K(683008K)
[13.592s][info][gc,metaspace   ] GC(133) Metaspace: 6302K(6528K)->6302K(6528K) NonClass: 5769K(5888K)->5769K(5888K) Class: 533K(640K)->533K(640K)
[13.592s][info][gc             ] GC(133) Pause Full (Ergonomics) 731M->731M(739M) 253.242ms
[13.592s][info][gc,cpu         ] GC(133) User=1.41s Sys=0.03s Real=0.25s
[13.592s][info][gc,start       ] GC(134) Pause Full (Ergonomics)
[13.592s][info][gc,phases,start] GC(134) Marking Phase
[13.788s][info][gc,phases      ] GC(134) Marking Phase 196.339ms
[13.788s][info][gc,phases,start] GC(134) Summary Phase
[13.788s][info][gc,phases      ] GC(134) Summary Phase 0.032ms
[13.789s][info][gc,phases,start] GC(134) Adjust Roots
[13.789s][info][gc,phases      ] GC(134) Adjust Roots 0.256ms
[13.789s][info][gc,phases,start] GC(134) Compaction Phase
[13.849s][info][gc,phases      ] GC(134) Compaction Phase 60.162ms
[13.849s][info][gc,phases,start] GC(134) Post Compact
[13.851s][info][gc,phases      ] GC(134) Post Compact 2.193ms
[13.851s][info][gc,heap        ] GC(134) PSYoungGen: 65855K(73728K)->65855K(73728K) Eden: 20480K(20480K)->20480K(20480K) From: 45375K(53248K)->45375K(53248K)
[13.851s][info][gc,heap        ] GC(134) ParOldGen: 682897K(683008K)->682897K(683008K)
[13.851s][info][gc,metaspace   ] GC(134) Metaspace: 6302K(6528K)->6302K(6528K) NonClass: 5769K(5888K)->5769K(5888K) Class: 533K(640K)->533K(640K)
[13.851s][info][gc             ] GC(134) Pause Full (Ergonomics) 731M->731M(739M) 259.425ms
[13.851s][info][gc,cpu         ] GC(134) User=1.44s Sys=0.02s Real=0.26s
[13.852s][info][gc,start       ] GC(135) Pause Full (Ergonomics)
[13.852s][info][gc,phases,start] GC(135) Marking Phase
[14.047s][info][gc,phases      ] GC(135) Marking Phase 195.423ms
[14.047s][info][gc,phases,start] GC(135) Summary Phase
[14.047s][info][gc,phases      ] GC(135) Summary Phase 0.023ms
[14.047s][info][gc,phases,start] GC(135) Adjust Roots
[14.048s][info][gc,phases      ] GC(135) Adjust Roots 0.293ms
[14.048s][info][gc,phases,start] GC(135) Compaction Phase
[14.106s][info][gc,phases      ] GC(135) Compaction Phase 58.374ms
[14.106s][info][gc,phases,start] GC(135) Post Compact
[14.108s][info][gc,phases      ] GC(135) Post Compact 1.257ms
[14.108s][info][gc,heap        ] GC(135) PSYoungGen: 65855K(73728K)->65855K(73728K) Eden: 20480K(20480K)->20480K(20480K) From: 45375K(53248K)->45375K(53248K)
[14.108s][info][gc,heap        ] GC(135) ParOldGen: 682902K(683008K)->682902K(683008K)
[14.108s][info][gc,metaspace   ] GC(135) Metaspace: 6302K(6528K)->6302K(6528K) NonClass: 5769K(5888K)->5769K(5888K) Class: 533K(640K)->533K(640K)
[14.108s][info][gc             ] GC(135) Pause Full (Ergonomics) 731M->731M(739M) 255.703ms
[14.108s][info][gc,cpu         ] GC(135) User=1.52s Sys=0.11s Real=0.25s
[14.108s][info][gc,start       ] GC(136) Pause Full (Ergonomics)
[14.108s][info][gc,phases,start] GC(136) Marking Phase
[14.286s][info][gc,phases      ] GC(136) Marking Phase 178.303ms
[14.286s][info][gc,phases,start] GC(136) Summary Phase
[14.286s][info][gc,phases      ] GC(136) Summary Phase 0.022ms
[14.286s][info][gc,phases,start] GC(136) Adjust Roots
[14.286s][info][gc,phases      ] GC(136) Adjust Roots 0.190ms
[14.286s][info][gc,phases,start] GC(136) Compaction Phase
[14.343s][info][gc,phases      ] GC(136) Compaction Phase 56.792ms
[14.343s][info][gc,phases,start] GC(136) Post Compact
[14.345s][info][gc,phases      ] GC(136) Post Compact 1.239ms
[14.345s][info][gc,heap        ] GC(136) PSYoungGen: 65855K(73728K)->65855K(73728K) Eden: 20480K(20480K)->20480K(20480K) From: 45375K(53248K)->45375K(53248K)
[14.345s][info][gc,heap        ] GC(136) ParOldGen: 682906K(683008K)->682906K(683008K)
[14.345s][info][gc,metaspace   ] GC(136) Metaspace: 6302K(6528K)->6302K(6528K) NonClass: 5769K(5888K)->5769K(5888K) Class: 533K(640K)->533K(640K)
[14.345s][info][gc             ] GC(136) Pause Full (Ergonomics) 731M->731M(739M) 236.867ms
[14.345s][info][gc,cpu         ] GC(136) User=1.34s Sys=0.00s Real=0.24s
[14.345s][info][gc,start       ] GC(137) Pause Full (Ergonomics)
[14.345s][info][gc,phases,start] GC(137) Marking Phase
[14.526s][info][gc,phases      ] GC(137) Marking Phase 180.967ms
[14.526s][info][gc,phases,start] GC(137) Summary Phase
[14.526s][info][gc,phases      ] GC(137) Summary Phase 0.022ms
[14.526s][info][gc,phases,start] GC(137) Adjust Roots
[14.526s][info][gc,phases      ] GC(137) Adjust Roots 0.199ms
[14.526s][info][gc,phases,start] GC(137) Compaction Phase
[14.583s][info][gc,phases      ] GC(137) Compaction Phase 56.916ms
[14.583s][info][gc,phases,start] GC(137) Post Compact
[14.585s][info][gc,phases      ] GC(137) Post Compact 1.587ms
[14.585s][info][gc,heap        ] GC(137) PSYoungGen: 65855K(73728K)->65855K(73728K) Eden: 20480K(20480K)->20480K(20480K) From: 45375K(53248K)->45375K(53248K)
[14.585s][info][gc,heap        ] GC(137) ParOldGen: 682911K(683008K)->682911K(683008K)
[14.585s][info][gc,metaspace   ] GC(137) Metaspace: 6302K(6528K)->6302K(6528K) NonClass: 5769K(5888K)->5769K(5888K) Class: 533K(640K)->533K(640K)
[14.585s][info][gc             ] GC(137) Pause Full (Ergonomics) 731M->731M(739M) 240.061ms
[14.585s][info][gc,cpu         ] GC(137) User=1.33s Sys=0.00s Real=0.24s
[14.585s][info][gc,start       ] GC(138) Pause Full (Ergonomics)
[14.585s][info][gc,phases,start] GC(138) Marking Phase
[14.757s][info][gc,phases      ] GC(138) Marking Phase 171.958ms
[14.757s][info][gc,phases,start] GC(138) Summary Phase
[14.758s][info][gc,phases      ] GC(138) Summary Phase 0.022ms
[14.758s][info][gc,phases,start] GC(138) Adjust Roots
[14.758s][info][gc,phases      ] GC(138) Adjust Roots 0.194ms
[14.758s][info][gc,phases,start] GC(138) Compaction Phase
[14.810s][info][gc,phases      ] GC(138) Compaction Phase 51.767ms
[14.810s][info][gc,phases,start] GC(138) Post Compact
[14.811s][info][gc,phases      ] GC(138) Post Compact 1.264ms
[14.811s][info][gc,heap        ] GC(138) PSYoungGen: 65855K(73728K)->65855K(73728K) Eden: 20480K(20480K)->20480K(20480K) From: 45375K(53248K)->45375K(53248K)
[14.811s][info][gc,heap        ] GC(138) ParOldGen: 682916K(683008K)->682916K(683008K)
[14.811s][info][gc,metaspace   ] GC(138) Metaspace: 6302K(6528K)->6302K(6528K) NonClass: 5769K(5888K)->5769K(5888K) Class: 533K(640K)->533K(640K)
[14.811s][info][gc             ] GC(138) Pause Full (Ergonomics) 731M->731M(739M) 225.546ms
[14.811s][info][gc,cpu         ] GC(138) User=1.36s Sys=0.00s Real=0.23s
[14.811s][info][gc,start       ] GC(139) Pause Full (Ergonomics)
[14.811s][info][gc,phases,start] GC(139) Marking Phase
[14.990s][info][gc,phases      ] GC(139) Marking Phase 178.939ms
[14.990s][info][gc,phases,start] GC(139) Summary Phase
[14.990s][info][gc,phases      ] GC(139) Summary Phase 0.021ms
[14.990s][info][gc,phases,start] GC(139) Adjust Roots
[14.991s][info][gc,phases      ] GC(139) Adjust Roots 0.189ms
[14.991s][info][gc,phases,start] GC(139) Compaction Phase
[15.044s][info][gc,phases      ] GC(139) Compaction Phase 53.791ms
[15.044s][info][gc,phases,start] GC(139) Post Compact
[15.046s][info][gc,phases      ] GC(139) Post Compact 1.471ms
[15.046s][info][gc,heap        ] GC(139) PSYoungGen: 65855K(73728K)->65855K(73728K) Eden: 20480K(20480K)->20480K(20480K) From: 45375K(53248K)->45375K(53248K)
[15.046s][info][gc,heap        ] GC(139) ParOldGen: 682920K(683008K)->682920K(683008K)
[15.046s][info][gc,metaspace   ] GC(139) Metaspace: 6302K(6528K)->6302K(6528K) NonClass: 5769K(5888K)->5769K(5888K) Class: 533K(640K)->533K(640K)
[15.046s][info][gc             ] GC(139) Pause Full (Ergonomics) 731M->731M(739M) 234.748ms
[15.046s][info][gc,cpu         ] GC(139) User=1.31s Sys=0.03s Real=0.24s
[15.046s][info][gc,start       ] GC(140) Pause Full (Ergonomics)
[15.046s][info][gc,phases,start] GC(140) Marking Phase
[15.214s][info][gc,phases      ] GC(140) Marking Phase 167.453ms
[15.214s][info][gc,phases,start] GC(140) Summary Phase
[15.214s][info][gc,phases      ] GC(140) Summary Phase 0.021ms
[15.214s][info][gc,phases,start] GC(140) Adjust Roots
[15.214s][info][gc,phases      ] GC(140) Adjust Roots 0.187ms
[15.214s][info][gc,phases,start] GC(140) Compaction Phase
[15.271s][info][gc,phases      ] GC(140) Compaction Phase 57.233ms
[15.271s][info][gc,phases,start] GC(140) Post Compact
[15.273s][info][gc,phases      ] GC(140) Post Compact 1.405ms
[15.273s][info][gc,heap        ] GC(140) PSYoungGen: 65855K(73728K)->65855K(73728K) Eden: 20480K(20480K)->20480K(20480K) From: 45375K(53248K)->45375K(53248K)
[15.273s][info][gc,heap        ] GC(140) ParOldGen: 682925K(683008K)->682925K(683008K)
[15.273s][info][gc,metaspace   ] GC(140) Metaspace: 6302K(6528K)->6302K(6528K) NonClass: 5769K(5888K)->5769K(5888K) Class: 533K(640K)->533K(640K)
[15.273s][info][gc             ] GC(140) Pause Full (Ergonomics) 731M->731M(739M) 226.637ms
[15.273s][info][gc,cpu         ] GC(140) User=1.22s Sys=0.00s Real=0.23s
[15.273s][info][gc,start       ] GC(141) Pause Full (Ergonomics)
[15.273s][info][gc,phases,start] GC(141) Marking Phase
[15.446s][info][gc,phases      ] GC(141) Marking Phase 172.528ms
[15.446s][info][gc,phases,start] GC(141) Summary Phase
[15.446s][info][gc,phases      ] GC(141) Summary Phase 0.023ms
[15.446s][info][gc,phases,start] GC(141) Adjust Roots
[15.446s][info][gc,phases      ] GC(141) Adjust Roots 0.191ms
[15.446s][info][gc,phases,start] GC(141) Compaction Phase
[15.500s][info][gc,phases      ] GC(141) Compaction Phase 53.995ms
[15.500s][info][gc,phases,start] GC(141) Post Compact
[15.502s][info][gc,phases      ] GC(141) Post Compact 1.412ms
[15.502s][info][gc,heap        ] GC(141) PSYoungGen: 65855K(73728K)->65855K(73728K) Eden: 20480K(20480K)->20480K(20480K) From: 45375K(53248K)->45375K(53248K)
[15.502s][info][gc,heap        ] GC(141) ParOldGen: 682930K(683008K)->682930K(683008K)
[15.502s][info][gc,metaspace   ] GC(141) Metaspace: 6302K(6528K)->6302K(6528K) NonClass: 5769K(5888K)->5769K(5888K) Class: 533K(640K)->533K(640K)
[15.502s][info][gc             ] GC(141) Pause Full (Ergonomics) 731M->731M(739M) 228.498ms
[15.502s][info][gc,cpu         ] GC(141) User=1.52s Sys=0.00s Real=0.23s
[15.502s][info][gc,start       ] GC(142) Pause Full (Ergonomics)
[15.502s][info][gc,phases,start] GC(142) Marking Phase
[15.671s][info][gc,phases      ] GC(142) Marking Phase 169.008ms
[15.671s][info][gc,phases,start] GC(142) Summary Phase
[15.671s][info][gc,phases      ] GC(142) Summary Phase 0.022ms
[15.671s][info][gc,phases,start] GC(142) Adjust Roots
[15.671s][info][gc,phases      ] GC(142) Adjust Roots 0.185ms
[15.671s][info][gc,phases,start] GC(142) Compaction Phase
[15.720s][info][gc,phases      ] GC(142) Compaction Phase 49.074ms
[15.721s][info][gc,phases,start] GC(142) Post Compact
[15.722s][info][gc,phases      ] GC(142) Post Compact 1.221ms
[15.722s][info][gc,heap        ] GC(142) PSYoungGen: 65855K(73728K)->65855K(73728K) Eden: 20480K(20480K)->20480K(20480K) From: 45375K(53248K)->45375K(53248K)
[15.722s][info][gc,heap        ] GC(142) ParOldGen: 682934K(683008K)->682934K(683008K)
[15.722s][info][gc,metaspace   ] GC(142) Metaspace: 6302K(6528K)->6302K(6528K) NonClass: 5769K(5888K)->5769K(5888K) Class: 533K(640K)->533K(640K)
[15.722s][info][gc             ] GC(142) Pause Full (Ergonomics) 731M->731M(739M) 219.852ms
[15.722s][info][gc,cpu         ] GC(142) User=1.33s Sys=0.00s Real=0.22s
[15.722s][info][gc,start       ] GC(143) Pause Full (Ergonomics)
[15.722s][info][gc,phases,start] GC(143) Marking Phase
[15.894s][info][gc,phases      ] GC(143) Marking Phase 171.461ms
[15.894s][info][gc,phases,start] GC(143) Summary Phase
[15.894s][info][gc,phases      ] GC(143) Summary Phase 0.030ms
[15.894s][info][gc,phases,start] GC(143) Adjust Roots
[15.894s][info][gc,phases      ] GC(143) Adjust Roots 0.183ms
[15.894s][info][gc,phases,start] GC(143) Compaction Phase
[15.950s][info][gc,phases      ] GC(143) Compaction Phase 55.857ms
[15.950s][info][gc,phases,start] GC(143) Post Compact
[15.951s][info][gc,phases      ] GC(143) Post Compact 1.399ms
[15.951s][info][gc,heap        ] GC(143) PSYoungGen: 65855K(73728K)->65855K(73728K) Eden: 20480K(20480K)->20480K(20480K) From: 45375K(53248K)->45375K(53248K)
[15.951s][info][gc,heap        ] GC(143) ParOldGen: 682939K(683008K)->682939K(683008K)
[15.951s][info][gc,metaspace   ] GC(143) Metaspace: 6302K(6528K)->6302K(6528K) NonClass: 5769K(5888K)->5769K(5888K) Class: 533K(640K)->533K(640K)
[15.952s][info][gc             ] GC(143) Pause Full (Ergonomics) 731M->731M(739M) 229.347ms
[15.952s][info][gc,cpu         ] GC(143) User=1.34s Sys=0.00s Real=0.23s
[15.952s][info][gc,start       ] GC(144) Pause Full (Ergonomics)
[15.952s][info][gc,phases,start] GC(144) Marking Phase
[16.135s][info][gc,phases      ] GC(144) Marking Phase 182.703ms
[16.135s][info][gc,phases,start] GC(144) Summary Phase
[16.135s][info][gc,phases      ] GC(144) Summary Phase 0.022ms
[16.135s][info][gc,phases,start] GC(144) Adjust Roots
[16.135s][info][gc,phases      ] GC(144) Adjust Roots 0.186ms
[16.135s][info][gc,phases,start] GC(144) Compaction Phase
[16.189s][info][gc,phases      ] GC(144) Compaction Phase 53.950ms
[16.189s][info][gc,phases,start] GC(144) Post Compact
[16.190s][info][gc,phases      ] GC(144) Post Compact 1.373ms
[16.190s][info][gc,heap        ] GC(144) PSYoungGen: 65855K(73728K)->65855K(73728K) Eden: 20480K(20480K)->20480K(20480K) From: 45375K(53248K)->45375K(53248K)
[16.190s][info][gc,heap        ] GC(144) ParOldGen: 682944K(683008K)->682944K(683008K)
[16.190s][info][gc,metaspace   ] GC(144) Metaspace: 6302K(6528K)->6302K(6528K) NonClass: 5769K(5888K)->5769K(5888K) Class: 533K(640K)->533K(640K)
[16.190s][info][gc             ] GC(144) Pause Full (Ergonomics) 731M->731M(739M) 238.590ms
[16.190s][info][gc,cpu         ] GC(144) User=1.42s Sys=0.00s Real=0.24s
[16.191s][info][gc,start       ] GC(145) Pause Full (Ergonomics)
[16.191s][info][gc,phases,start] GC(145) Marking Phase
[16.371s][info][gc,phases      ] GC(145) Marking Phase 179.884ms
[16.371s][info][gc,phases,start] GC(145) Summary Phase
[16.371s][info][gc,phases      ] GC(145) Summary Phase 0.022ms
[16.371s][info][gc,phases,start] GC(145) Adjust Roots
[16.371s][info][gc,phases      ] GC(145) Adjust Roots 0.213ms
[16.371s][info][gc,phases,start] GC(145) Compaction Phase
[16.429s][info][gc,phases      ] GC(145) Compaction Phase 57.620ms
[16.429s][info][gc,phases,start] GC(145) Post Compact
[16.430s][info][gc,phases      ] GC(145) Post Compact 1.258ms
[16.430s][info][gc,heap        ] GC(145) PSYoungGen: 65855K(73728K)->65855K(73728K) Eden: 20480K(20480K)->20480K(20480K) From: 45375K(53248K)->45375K(53248K)
[16.430s][info][gc,heap        ] GC(145) ParOldGen: 682948K(683008K)->682948K(683008K)
[16.430s][info][gc,metaspace   ] GC(145) Metaspace: 6302K(6528K)->6302K(6528K) NonClass: 5769K(5888K)->5769K(5888K) Class: 533K(640K)->533K(640K)
[16.430s][info][gc             ] GC(145) Pause Full (Ergonomics) 731M->731M(739M) 239.314ms
[16.430s][info][gc,cpu         ] GC(145) User=1.41s Sys=0.00s Real=0.24s
[16.430s][info][gc,start       ] GC(146) Pause Full (Ergonomics)
[16.430s][info][gc,phases,start] GC(146) Marking Phase
[16.611s][info][gc,phases      ] GC(146) Marking Phase 180.300ms
[16.611s][info][gc,phases,start] GC(146) Summary Phase
[16.611s][info][gc,phases      ] GC(146) Summary Phase 0.022ms
[16.611s][info][gc,phases,start] GC(146) Adjust Roots
[16.611s][info][gc,phases      ] GC(146) Adjust Roots 0.198ms
[16.611s][info][gc,phases,start] GC(146) Compaction Phase
[16.673s][info][gc,phases      ] GC(146) Compaction Phase 62.164ms
[16.673s][info][gc,phases,start] GC(146) Post Compact
[16.674s][info][gc,phases      ] GC(146) Post Compact 1.232ms
[16.675s][info][gc,heap        ] GC(146) PSYoungGen: 65855K(73728K)->65855K(73728K) Eden: 20480K(20480K)->20480K(20480K) From: 45375K(53248K)->45375K(53248K)
[16.675s][info][gc,heap        ] GC(146) ParOldGen: 682953K(683008K)->682953K(683008K)
[16.675s][info][gc,metaspace   ] GC(146) Metaspace: 6302K(6528K)->6302K(6528K) NonClass: 5769K(5888K)->5769K(5888K) Class: 533K(640K)->533K(640K)
[16.675s][info][gc             ] GC(146) Pause Full (Ergonomics) 731M->731M(739M) 244.330ms
[16.675s][info][gc,cpu         ] GC(146) User=1.50s Sys=0.00s Real=0.24s
[16.675s][info][gc,start       ] GC(147) Pause Full (Ergonomics)
[16.675s][info][gc,phases,start] GC(147) Marking Phase
[16.852s][info][gc,phases      ] GC(147) Marking Phase 177.031ms
[16.852s][info][gc,phases,start] GC(147) Summary Phase
[16.852s][info][gc,phases      ] GC(147) Summary Phase 0.022ms
[16.852s][info][gc,phases,start] GC(147) Adjust Roots
[16.852s][info][gc,phases      ] GC(147) Adjust Roots 0.185ms
[16.852s][info][gc,phases,start] GC(147) Compaction Phase
[16.907s][info][gc,phases      ] GC(147) Compaction Phase 54.368ms
[16.907s][info][gc,phases,start] GC(147) Post Compact
[16.908s][info][gc,phases      ] GC(147) Post Compact 1.445ms
[16.908s][info][gc,heap        ] GC(147) PSYoungGen: 65855K(73728K)->65855K(73728K) Eden: 20480K(20480K)->20480K(20480K) From: 45375K(53248K)->45375K(53248K)
[16.908s][info][gc,heap        ] GC(147) ParOldGen: 682958K(683008K)->682958K(683008K)
[16.908s][info][gc,metaspace   ] GC(147) Metaspace: 6302K(6528K)->6302K(6528K) NonClass: 5769K(5888K)->5769K(5888K) Class: 533K(640K)->533K(640K)
[16.908s][info][gc             ] GC(147) Pause Full (Ergonomics) 731M->731M(739M) 233.399ms
[16.908s][info][gc,cpu         ] GC(147) User=1.53s Sys=0.00s Real=0.23s
[16.909s][info][gc,start       ] GC(148) Pause Full (Ergonomics)
[16.909s][info][gc,phases,start] GC(148) Marking Phase
[17.090s][info][gc,phases      ] GC(148) Marking Phase 181.692ms
[17.090s][info][gc,phases,start] GC(148) Summary Phase
[17.090s][info][gc,phases      ] GC(148) Summary Phase 0.022ms
[17.091s][info][gc,phases,start] GC(148) Adjust Roots
[17.091s][info][gc,phases      ] GC(148) Adjust Roots 0.186ms
[17.091s][info][gc,phases,start] GC(148) Compaction Phase
[17.146s][info][gc,phases      ] GC(148) Compaction Phase 55.010ms
[17.146s][info][gc,phases,start] GC(148) Post Compact
[17.147s][info][gc,phases      ] GC(148) Post Compact 1.236ms
[17.147s][info][gc,heap        ] GC(148) PSYoungGen: 65855K(73728K)->65855K(73728K) Eden: 20480K(20480K)->20480K(20480K) From: 45375K(53248K)->45375K(53248K)
[17.147s][info][gc,heap        ] GC(148) ParOldGen: 682962K(683008K)->682962K(683008K)
[17.147s][info][gc,metaspace   ] GC(148) Metaspace: 6302K(6528K)->6302K(6528K) NonClass: 5769K(5888K)->5769K(5888K) Class: 533K(640K)->533K(640K)
[17.147s][info][gc             ] GC(148) Pause Full (Ergonomics) 731M->731M(739M) 238.488ms
[17.147s][info][gc,cpu         ] GC(148) User=1.44s Sys=0.00s Real=0.24s
[17.147s][info][gc,start       ] GC(149) Pause Full (Ergonomics)
[17.147s][info][gc,phases,start] GC(149) Marking Phase
[17.327s][info][gc,phases      ] GC(149) Marking Phase 179.482ms
[17.327s][info][gc,phases,start] GC(149) Summary Phase
[17.327s][info][gc,phases      ] GC(149) Summary Phase 0.021ms
[17.327s][info][gc,phases,start] GC(149) Adjust Roots
[17.327s][info][gc,phases      ] GC(149) Adjust Roots 0.188ms
[17.327s][info][gc,phases,start] GC(149) Compaction Phase
[17.381s][info][gc,phases      ] GC(149) Compaction Phase 53.963ms
[17.381s][info][gc,phases,start] GC(149) Post Compact
[17.383s][info][gc,phases      ] GC(149) Post Compact 1.221ms
[17.383s][info][gc,heap        ] GC(149) PSYoungGen: 65855K(73728K)->65855K(73728K) Eden: 20480K(20480K)->20480K(20480K) From: 45375K(53248K)->45375K(53248K)
[17.383s][info][gc,heap        ] GC(149) ParOldGen: 682967K(683008K)->682967K(683008K)
[17.383s][info][gc,metaspace   ] GC(149) Metaspace: 6302K(6528K)->6302K(6528K) NonClass: 5769K(5888K)->5769K(5888K) Class: 533K(640K)->533K(640K)
[17.383s][info][gc             ] GC(149) Pause Full (Ergonomics) 731M->731M(739M) 235.193ms
[17.383s][info][gc,cpu         ] GC(149) User=1.47s Sys=0.03s Real=0.24s
[17.383s][info][gc,start       ] GC(150) Pause Full (Ergonomics)
[17.383s][info][gc,phases,start] GC(150) Marking Phase
[17.564s][info][gc,phases      ] GC(150) Marking Phase 181.304ms
[17.564s][info][gc,phases,start] GC(150) Summary Phase
[17.564s][info][gc,phases      ] GC(150) Summary Phase 0.021ms
[17.564s][info][gc,phases,start] GC(150) Adjust Roots
[17.565s][info][gc,phases      ] GC(150) Adjust Roots 0.182ms
[17.565s][info][gc,phases,start] GC(150) Compaction Phase
[17.619s][info][gc,phases      ] GC(150) Compaction Phase 54.566ms
[17.619s][info][gc,phases,start] GC(150) Post Compact
[17.620s][info][gc,phases      ] GC(150) Post Compact 1.219ms
[17.620s][info][gc,heap        ] GC(150) PSYoungGen: 65855K(73728K)->65855K(73728K) Eden: 20480K(20480K)->20480K(20480K) From: 45375K(53248K)->45375K(53248K)
[17.620s][info][gc,heap        ] GC(150) ParOldGen: 682972K(683008K)->682972K(683008K)
[17.620s][info][gc,metaspace   ] GC(150) Metaspace: 6302K(6528K)->6302K(6528K) NonClass: 5769K(5888K)->5769K(5888K) Class: 533K(640K)->533K(640K)
[17.621s][info][gc             ] GC(150) Pause Full (Ergonomics) 731M->731M(739M) 237.597ms
[17.621s][info][gc,cpu         ] GC(150) User=1.52s Sys=0.00s Real=0.24s
[17.621s][info][gc,start       ] GC(151) Pause Full (Ergonomics)
[17.621s][info][gc,phases,start] GC(151) Marking Phase
[17.796s][info][gc,phases      ] GC(151) Marking Phase 174.843ms
[17.796s][info][gc,phases,start] GC(151) Summary Phase
[17.796s][info][gc,phases      ] GC(151) Summary Phase 0.021ms
[17.796s][info][gc,phases,start] GC(151) Adjust Roots
[17.796s][info][gc,phases      ] GC(151) Adjust Roots 0.185ms
[17.796s][info][gc,phases,start] GC(151) Compaction Phase
[17.854s][info][gc,phases      ] GC(151) Compaction Phase 58.219ms
[17.854s][info][gc,phases,start] GC(151) Post Compact
[17.856s][info][gc,phases      ] GC(151) Post Compact 1.501ms
[17.856s][info][gc,heap        ] GC(151) PSYoungGen: 65855K(73728K)->65855K(73728K) Eden: 20480K(20480K)->20480K(20480K) From: 45375K(53248K)->45375K(53248K)
[17.856s][info][gc,heap        ] GC(151) ParOldGen: 682976K(683008K)->682976K(683008K)
[17.856s][info][gc,metaspace   ] GC(151) Metaspace: 6302K(6528K)->6302K(6528K) NonClass: 5769K(5888K)->5769K(5888K) Class: 533K(640K)->533K(640K)
[17.856s][info][gc             ] GC(151) Pause Full (Ergonomics) 731M->731M(739M) 235.123ms
[17.856s][info][gc,cpu         ] GC(151) User=1.33s Sys=0.00s Real=0.24s
[17.856s][info][gc,start       ] GC(152) Pause Full (Ergonomics)
[17.856s][info][gc,phases,start] GC(152) Marking Phase
[18.030s][info][gc,phases      ] GC(152) Marking Phase 173.220ms
[18.030s][info][gc,phases,start] GC(152) Summary Phase
[18.030s][info][gc,phases      ] GC(152) Summary Phase 0.022ms
[18.030s][info][gc,phases,start] GC(152) Adjust Roots
[18.030s][info][gc,phases      ] GC(152) Adjust Roots 0.193ms
[18.030s][info][gc,phases,start] GC(152) Compaction Phase
[18.086s][info][gc,phases      ] GC(152) Compaction Phase 56.379ms
[18.086s][info][gc,phases,start] GC(152) Post Compact
[18.088s][info][gc,phases      ] GC(152) Post Compact 1.421ms
[18.088s][info][gc,heap        ] GC(152) PSYoungGen: 65855K(73728K)->65855K(73728K) Eden: 20480K(20480K)->20480K(20480K) From: 45375K(53248K)->45375K(53248K)
[18.088s][info][gc,heap        ] GC(152) ParOldGen: 682981K(683008K)->682981K(683008K)
[18.088s][info][gc,metaspace   ] GC(152) Metaspace: 6302K(6528K)->6302K(6528K) NonClass: 5769K(5888K)->5769K(5888K) Class: 533K(640K)->533K(640K)
[18.088s][info][gc             ] GC(152) Pause Full (Ergonomics) 731M->731M(739M) 231.638ms
[18.088s][info][gc,cpu         ] GC(152) User=1.28s Sys=0.03s Real=0.23s
[18.088s][info][gc,start       ] GC(153) Pause Full (Ergonomics)
[18.088s][info][gc,phases,start] GC(153) Marking Phase
[18.272s][info][gc,phases      ] GC(153) Marking Phase 183.902ms
[18.272s][info][gc,phases,start] GC(153) Summary Phase
[18.272s][info][gc,phases      ] GC(153) Summary Phase 0.022ms
[18.272s][info][gc,phases,start] GC(153) Adjust Roots
[18.272s][info][gc,phases      ] GC(153) Adjust Roots 0.198ms
[18.272s][info][gc,phases,start] GC(153) Compaction Phase
[18.326s][info][gc,phases      ] GC(153) Compaction Phase 54.040ms
[18.327s][info][gc,phases,start] GC(153) Post Compact
[18.328s][info][gc,phases      ] GC(153) Post Compact 1.215ms
[18.328s][info][gc,heap        ] GC(153) PSYoungGen: 65855K(73728K)->65855K(73728K) Eden: 20480K(20480K)->20480K(20480K) From: 45375K(53248K)->45375K(53248K)
[18.328s][info][gc,heap        ] GC(153) ParOldGen: 682986K(683008K)->682986K(683008K)
[18.328s][info][gc,metaspace   ] GC(153) Metaspace: 6302K(6528K)->6302K(6528K) NonClass: 5769K(5888K)->5769K(5888K) Class: 533K(640K)->533K(640K)
[18.328s][info][gc             ] GC(153) Pause Full (Ergonomics) 731M->731M(739M) 239.692ms
[18.328s][info][gc,cpu         ] GC(153) User=1.44s Sys=0.00s Real=0.24s
[18.328s][info][gc,start       ] GC(154) Pause Full (Ergonomics)
[18.328s][info][gc,phases,start] GC(154) Marking Phase
[18.503s][info][gc,phases      ] GC(154) Marking Phase 174.690ms
[18.503s][info][gc,phases,start] GC(154) Summary Phase
[18.503s][info][gc,phases      ] GC(154) Summary Phase 0.020ms
[18.503s][info][gc,phases,start] GC(154) Adjust Roots
[18.503s][info][gc,phases      ] GC(154) Adjust Roots 0.196ms
[18.503s][info][gc,phases,start] GC(154) Compaction Phase
[18.561s][info][gc,phases      ] GC(154) Compaction Phase 57.369ms
[18.561s][info][gc,phases,start] GC(154) Post Compact
[18.562s][info][gc,phases      ] GC(154) Post Compact 1.405ms
[18.562s][info][gc,heap        ] GC(154) PSYoungGen: 65855K(73728K)->65855K(73728K) Eden: 20480K(20480K)->20480K(20480K) From: 45375K(53248K)->45375K(53248K)
[18.562s][info][gc,heap        ] GC(154) ParOldGen: 682990K(683008K)->682990K(683008K)
[18.562s][info][gc,metaspace   ] GC(154) Metaspace: 6302K(6528K)->6302K(6528K) NonClass: 5769K(5888K)->5769K(5888K) Class: 533K(640K)->533K(640K)
[18.562s][info][gc             ] GC(154) Pause Full (Ergonomics) 731M->731M(739M) 234.013ms
[18.562s][info][gc,cpu         ] GC(154) User=1.31s Sys=0.00s Real=0.23s
[18.562s][info][gc,start       ] GC(155) Pause Full (Ergonomics)
[18.562s][info][gc,phases,start] GC(155) Marking Phase
[18.733s][info][gc,phases      ] GC(155) Marking Phase 170.440ms
[18.733s][info][gc,phases,start] GC(155) Summary Phase
[18.733s][info][gc,phases      ] GC(155) Summary Phase 0.021ms
[18.733s][info][gc,phases,start] GC(155) Adjust Roots
[18.733s][info][gc,phases      ] GC(155) Adjust Roots 0.190ms
[18.733s][info][gc,phases,start] GC(155) Compaction Phase
[18.791s][info][gc,phases      ] GC(155) Compaction Phase 57.744ms
[18.791s][info][gc,phases,start] GC(155) Post Compact
[18.792s][info][gc,phases      ] GC(155) Post Compact 1.442ms
[18.793s][info][gc,heap        ] GC(155) PSYoungGen: 65855K(73728K)->65855K(73728K) Eden: 20480K(20480K)->20480K(20480K) From: 45375K(53248K)->45375K(53248K)
[18.793s][info][gc,heap        ] GC(155) ParOldGen: 682995K(683008K)->682995K(683008K)
[18.793s][info][gc,metaspace   ] GC(155) Metaspace: 6302K(6528K)->6302K(6528K) NonClass: 5769K(5888K)->5769K(5888K) Class: 533K(640K)->533K(640K)
[18.793s][info][gc             ] GC(155) Pause Full (Ergonomics) 731M->731M(739M) 230.174ms
[18.793s][info][gc,cpu         ] GC(155) User=1.34s Sys=0.00s Real=0.23s
[18.793s][info][gc,start       ] GC(156) Pause Full (Ergonomics)
[18.793s][info][gc,phases,start] GC(156) Marking Phase
[18.970s][info][gc,phases      ] GC(156) Marking Phase 177.459ms
[18.970s][info][gc,phases,start] GC(156) Summary Phase
[18.970s][info][gc,phases      ] GC(156) Summary Phase 0.021ms
[18.970s][info][gc,phases,start] GC(156) Adjust Roots
[18.971s][info][gc,phases      ] GC(156) Adjust Roots 0.192ms
[18.971s][info][gc,phases,start] GC(156) Compaction Phase
[19.024s][info][gc,phases      ] GC(156) Compaction Phase 53.764ms
[19.024s][info][gc,phases,start] GC(156) Post Compact
[19.026s][info][gc,phases      ] GC(156) Post Compact 1.222ms
[19.026s][info][gc,heap        ] GC(156) PSYoungGen: 65855K(73728K)->65855K(73728K) Eden: 20480K(20480K)->20480K(20480K) From: 45375K(53248K)->45375K(53248K)
[19.026s][info][gc,heap        ] GC(156) ParOldGen: 683000K(683008K)->683000K(683008K)
[19.026s][info][gc,metaspace   ] GC(156) Metaspace: 6302K(6528K)->6302K(6528K) NonClass: 5769K(5888K)->5769K(5888K) Class: 533K(640K)->533K(640K)
[19.026s][info][gc             ] GC(156) Pause Full (Ergonomics) 731M->731M(739M) 232.969ms
[19.026s][info][gc,cpu         ] GC(156) User=1.44s Sys=0.00s Real=0.23s
[19.026s][info][gc,start       ] GC(157) Pause Full (Ergonomics)
[19.026s][info][gc,phases,start] GC(157) Marking Phase
[19.198s][info][gc,phases      ] GC(157) Marking Phase 171.931ms
[19.198s][info][gc,phases,start] GC(157) Summary Phase
[19.198s][info][gc,phases      ] GC(157) Summary Phase 0.021ms
[19.198s][info][gc,phases,start] GC(157) Adjust Roots
[19.198s][info][gc,phases      ] GC(157) Adjust Roots 0.190ms
[19.198s][info][gc,phases,start] GC(157) Compaction Phase
[19.252s][info][gc,phases      ] GC(157) Compaction Phase 54.006ms
[19.252s][info][gc,phases,start] GC(157) Post Compact
[19.254s][info][gc,phases      ] GC(157) Post Compact 1.224ms
[19.254s][info][gc,heap        ] GC(157) PSYoungGen: 65855K(73728K)->65855K(73728K) Eden: 20480K(20480K)->20480K(20480K) From: 45375K(53248K)->45375K(53248K)
[19.254s][info][gc,heap        ] GC(157) ParOldGen: 683004K(683008K)->683004K(683008K)
[19.254s][info][gc,metaspace   ] GC(157) Metaspace: 6302K(6528K)->6302K(6528K) NonClass: 5769K(5888K)->5769K(5888K) Class: 533K(640K)->533K(640K)
[19.254s][info][gc             ] GC(157) Pause Full (Ergonomics) 731M->731M(739M) 227.670ms
[19.254s][info][gc,cpu         ] GC(157) User=1.31s Sys=0.00s Real=0.23s
[19.254s][info][gc,start       ] GC(158) Pause Full (Ergonomics)
[19.254s][info][gc,phases,start] GC(158) Marking Phase
[19.430s][info][gc,phases      ] GC(158) Marking Phase 176.452ms
[19.431s][info][gc,phases,start] GC(158) Summary Phase
[19.431s][info][gc,phases      ] GC(158) Summary Phase 0.021ms
[19.431s][info][gc,phases,start] GC(158) Adjust Roots
[19.431s][info][gc,phases      ] GC(158) Adjust Roots 0.186ms
[19.431s][info][gc,phases,start] GC(158) Compaction Phase
[19.485s][info][gc,phases      ] GC(158) Compaction Phase 54.626ms
[19.485s][info][gc,phases,start] GC(158) Post Compact
[19.487s][info][gc,phases      ] GC(158) Post Compact 1.246ms
[19.487s][info][gc,heap        ] GC(158) PSYoungGen: 65855K(73728K)->65855K(73728K) Eden: 20480K(20480K)->20480K(20480K) From: 45375K(53248K)->45375K(53248K)
[19.487s][info][gc,heap        ] GC(158) ParOldGen: 683007K(683008K)->683007K(683008K)
[19.487s][info][gc,metaspace   ] GC(158) Metaspace: 6302K(6528K)->6302K(6528K) NonClass: 5769K(5888K)->5769K(5888K) Class: 533K(640K)->533K(640K)
[19.487s][info][gc             ] GC(158) Pause Full (Ergonomics) 731M->731M(739M) 232.832ms
[19.487s][info][gc,cpu         ] GC(158) User=1.45s Sys=0.00s Real=0.23s
[19.487s][info][gc,start       ] GC(159) Pause Full (Allocation Failure)
[19.487s][info][gc,phases,start] GC(159) Marking Phase
[19.663s][info][gc,phases      ] GC(159) Marking Phase 176.437ms
[19.663s][info][gc,phases,start] GC(159) Summary Phase
[19.663s][info][gc,phases      ] GC(159) Summary Phase 0.021ms
[19.663s][info][gc,phases,start] GC(159) Adjust Roots
[19.664s][info][gc,phases      ] GC(159) Adjust Roots 0.370ms
[19.664s][info][gc,phases,start] GC(159) Compaction Phase
[19.842s][info][gc,phases      ] GC(159) Compaction Phase 178.444ms
[19.842s][info][gc,phases,start] GC(159) Post Compact
[19.844s][info][gc,phases      ] GC(159) Post Compact 1.556ms
[19.844s][info][gc,heap        ] GC(159) PSYoungGen: 65855K(73728K)->65855K(73728K) Eden: 20480K(20480K)->20480K(20480K) From: 45375K(53248K)->45375K(53248K)
[19.844s][info][gc,heap        ] GC(159) ParOldGen: 683007K(683008K)->683003K(683008K)
[19.844s][info][gc,metaspace   ] GC(159) Metaspace: 6302K(6528K)->6300K(6528K) NonClass: 5769K(5888K)->5768K(5888K) Class: 533K(640K)->532K(640K)
[19.844s][info][gc             ] GC(159) Pause Full (Allocation Failure) 731M->731M(739M) 357.144ms
[19.844s][info][gc,cpu         ] GC(159) User=2.20s Sys=0.02s Real=0.36s
[19.845s][info][gc,start       ] GC(160) Pause Full (Ergonomics)
[19.845s][info][gc,phases,start] GC(160) Marking Phase
[20.023s][info][gc,phases      ] GC(160) Marking Phase 178.002ms
[20.023s][info][gc,phases,start] GC(160) Summary Phase
[20.023s][info][gc,phases      ] GC(160) Summary Phase 0.021ms
[20.023s][info][gc,phases,start] GC(160) Adjust Roots
[20.023s][info][gc,phases      ] GC(160) Adjust Roots 0.185ms
[20.023s][info][gc,phases,start] GC(160) Compaction Phase
[20.079s][info][gc,phases      ] GC(160) Compaction Phase 55.604ms
[20.079s][info][gc,phases,start] GC(160) Post Compact
[20.080s][info][gc,phases      ] GC(160) Post Compact 1.561ms
[20.080s][info][gc,heap        ] GC(160) PSYoungGen: 65855K(73728K)->65855K(73728K) Eden: 20480K(20480K)->20480K(20480K) From: 45375K(53248K)->45375K(53248K)
[20.080s][info][gc,heap        ] GC(160) ParOldGen: 683005K(683008K)->683005K(683008K)
[20.080s][info][gc,metaspace   ] GC(160) Metaspace: 6300K(6528K)->6300K(6528K) NonClass: 5768K(5888K)->5768K(5888K) Class: 532K(640K)->532K(640K)
[20.080s][info][gc             ] GC(160) Pause Full (Ergonomics) 731M->731M(739M) 235.741ms
[20.080s][info][gc,cpu         ] GC(160) User=1.44s Sys=0.00s Real=0.24s
[20.081s][info][gc,start       ] GC(161) Pause Full (Ergonomics)
[20.081s][info][gc,phases,start] GC(161) Marking Phase
[20.254s][info][gc,phases      ] GC(161) Marking Phase 172.918ms
[20.254s][info][gc,phases,start] GC(161) Summary Phase
[20.254s][info][gc,phases      ] GC(161) Summary Phase 0.021ms
[20.254s][info][gc,phases,start] GC(161) Adjust Roots
[20.254s][info][gc,phases      ] GC(161) Adjust Roots 0.187ms
[20.254s][info][gc,phases,start] GC(161) Compaction Phase
[20.311s][info][gc,phases      ] GC(161) Compaction Phase 57.219ms
[20.311s][info][gc,phases,start] GC(161) Post Compact
[20.313s][info][gc,phases      ] GC(161) Post Compact 1.396ms
[20.313s][info][gc,heap        ] GC(161) PSYoungGen: 65855K(73728K)->65855K(73728K) Eden: 20480K(20480K)->20480K(20480K) From: 45375K(53248K)->45375K(53248K)
[20.313s][info][gc,heap        ] GC(161) ParOldGen: 683007K(683008K)->683007K(683008K)
[20.313s][info][gc,metaspace   ] GC(161) Metaspace: 6300K(6528K)->6300K(6528K) NonClass: 5768K(5888K)->5768K(5888K) Class: 532K(640K)->532K(640K)
[20.313s][info][gc             ] GC(161) Pause Full (Ergonomics) 731M->731M(739M) 232.085ms
[20.313s][info][gc,cpu         ] GC(161) User=1.30s Sys=0.03s Real=0.23s
[20.313s][info][gc,start       ] GC(162) Pause Full (Allocation Failure)
[20.313s][info][gc,phases,start] GC(162) Marking Phase
[20.489s][info][gc,phases      ] GC(162) Marking Phase 176.081ms
[20.489s][info][gc,phases,start] GC(162) Summary Phase
[20.489s][info][gc,phases      ] GC(162) Summary Phase 0.021ms
[20.489s][info][gc,phases,start] GC(162) Adjust Roots
[20.490s][info][gc,phases      ] GC(162) Adjust Roots 0.188ms
[20.490s][info][gc,phases,start] GC(162) Compaction Phase
[20.547s][info][gc,phases      ] GC(162) Compaction Phase 57.584ms
[20.547s][info][gc,phases,start] GC(162) Post Compact
[20.549s][info][gc,phases      ] GC(162) Post Compact 1.413ms
[20.549s][info][gc,heap        ] GC(162) PSYoungGen: 65855K(73728K)->65855K(73728K) Eden: 20480K(20480K)->20480K(20480K) From: 45375K(53248K)->45375K(53248K)
[20.549s][info][gc,heap        ] GC(162) ParOldGen: 683007K(683008K)->683007K(683008K)
[20.549s][info][gc,metaspace   ] GC(162) Metaspace: 6300K(6528K)->6300K(6528K) NonClass: 5768K(5888K)->5768K(5888K) Class: 532K(640K)->532K(640K)
[20.549s][info][gc             ] GC(162) Pause Full (Allocation Failure) 731M->731M(739M) 235.641ms
[20.549s][info][gc,cpu         ] GC(162) User=1.34s Sys=0.00s Real=0.24s
[20.549s][info][gc,start       ] GC(163) Pause Full (Ergonomics)
[20.549s][info][gc,phases,start] GC(163) Marking Phase
[20.729s][info][gc,phases      ] GC(163) Marking Phase 179.317ms
[20.729s][info][gc,phases,start] GC(163) Summary Phase
[20.729s][info][gc,phases      ] GC(163) Summary Phase 0.022ms
[20.729s][info][gc,phases,start] GC(163) Adjust Roots
[20.729s][info][gc,phases      ] GC(163) Adjust Roots 0.289ms
[20.729s][info][gc,phases,start] GC(163) Compaction Phase
[20.909s][info][gc,phases      ] GC(163) Compaction Phase 179.683ms
[20.909s][info][gc,phases,start] GC(163) Post Compact
[20.910s][info][gc,phases      ] GC(163) Post Compact 1.570ms
[20.911s][info][gc,heap        ] GC(163) PSYoungGen: 65855K(73728K)->65855K(73728K) Eden: 20480K(20480K)->20480K(20480K) From: 45375K(53248K)->45375K(53248K)
[20.911s][info][gc,heap        ] GC(163) ParOldGen: 683007K(683008K)->683006K(683008K)
[20.911s][info][gc,metaspace   ] GC(163) Metaspace: 6300K(6528K)->6300K(6528K) NonClass: 5768K(5888K)->5768K(5888K) Class: 532K(640K)->532K(640K)
[20.911s][info][gc             ] GC(163) Pause Full (Ergonomics) 731M->731M(739M) 361.298ms
[20.911s][info][gc,cpu         ] GC(163) User=2.17s Sys=0.05s Real=0.36s
[20.911s][info][gc,start       ] GC(164) Pause Full (Ergonomics)
[20.911s][info][gc,phases,start] GC(164) Marking Phase
[21.095s][info][gc,phases      ] GC(164) Marking Phase 183.505ms
[21.095s][info][gc,phases,start] GC(164) Summary Phase
[21.095s][info][gc,phases      ] GC(164) Summary Phase 0.021ms
[21.095s][info][gc,phases,start] GC(164) Adjust Roots
[21.095s][info][gc,phases      ] GC(164) Adjust Roots 0.292ms
[21.095s][info][gc,phases,start] GC(164) Compaction Phase
[21.276s][info][gc,phases      ] GC(164) Compaction Phase 180.278ms
[21.276s][info][gc,phases,start] GC(164) Post Compact
[21.277s][info][gc,phases      ] GC(164) Post Compact 1.420ms
[21.277s][info][gc,heap        ] GC(164) PSYoungGen: 65855K(73728K)->65855K(73728K) Eden: 20480K(20480K)->20480K(20480K) From: 45375K(53248K)->45375K(53248K)
[21.277s][info][gc,heap        ] GC(164) ParOldGen: 683007K(683008K)->683006K(683008K)
[21.277s][info][gc,metaspace   ] GC(164) Metaspace: 6300K(6528K)->6300K(6528K) NonClass: 5768K(5888K)->5768K(5888K) Class: 532K(640K)->532K(640K)
[21.277s][info][gc             ] GC(164) Pause Full (Ergonomics) 731M->731M(739M) 365.863ms
[21.277s][info][gc,cpu         ] GC(164) User=2.16s Sys=0.03s Real=0.37s
[21.278s][info][gc,heap,exit   ] Heap
[21.279s][info][gc,heap,exit   ]  PSYoungGen      total 73728K, used 65855K [0x00000000eb300000, 0x00000000f3a00000, 0x0000000100000000)
[21.279s][info][gc,heap,exit   ]   eden space 20480K, 100% used [0x00000000eb300000,0x00000000ec700000,0x00000000ec700000)
[21.279s][info][gc,heap,exit   ]   from space 53248K, 85% used [0x00000000ec700000,0x00000000ef34fc58,0x00000000efb00000)
[21.279s][info][gc,heap,exit   ]   to   space 57856K, 0% used [0x00000000f0180000,0x00000000f0180000,0x00000000f3a00000)
[21.279s][info][gc,heap,exit   ]  ParOldGen       total 683008K, used 683007K [0x00000000c1800000, 0x00000000eb300000, 0x00000000eb300000)
[21.279s][info][gc,heap,exit   ]   object space 683008K, 99% used [0x00000000c1800000,0x00000000eb2ffd48,0x00000000eb300000)
[21.279s][info][gc,heap,exit   ]  Metaspace       used 6305K, committed 6528K, reserved 1114112K
[21.279s][info][gc,heap,exit   ]   class space    used 534K, committed 640K, reserved 1048576K
