[0.013s][info][gc,init] CardTable entry size: 512
[0.013s][info][gc     ] Using Parallel
[0.013s][info][gc,init] Version: 18.0.1+10 (release)
[0.014s][info][gc,init] CPUs: 8 total, 8 available
[0.014s][info][gc,init] Memory: 16063M
[0.014s][info][gc,init] Large Page Support: Disabled
[0.014s][info][gc,init] NUMA Support: Disabled
[0.014s][info][gc,init] Compressed Oops: Enabled (32-bit)
[0.014s][info][gc,init] Alignments: Space 512K, Generation 512K, Heap 2M
[0.014s][info][gc,init] Heap Min Capacity: 2M
[0.014s][info][gc,init] Heap Initial Capacity: 2M
[0.014s][info][gc,init] Heap Max Capacity: 500M
[0.014s][info][gc,init] Pre-touch: Disabled
[0.014s][info][gc,init] Parallel Workers: 1
[0.014s][info][gc,metaspace] CDS archive(s) not mapped
[0.014s][info][gc,metaspace] Compressed class space mapped at: 0x0000000100000000-0x0000000140000000, reserved size: 1073741824
[0.014s][info][gc,metaspace] Narrow klass base: 0x0000000000000000, Narrow klass shift: 3, Narrow klass range: 0x140000000
[0.113s][info][gc,start    ] GC(0) Pause Young (Allocation Failure)
[0.115s][info][gc,heap     ] GC(0) PSYoungGen: 512K(1024K)->448K(1024K) Eden: 512K(512K)->0K(512K) From: 0K(512K)->448K(512K)
[0.115s][info][gc,heap     ] GC(0) ParOldGen: 0K(512K)->0K(512K)
[0.115s][info][gc,metaspace] GC(0) Metaspace: 4229K(4352K)->4229K(4352K) NonClass: 3908K(3968K)->3908K(3968K) Class: 321K(384K)->321K(384K)
[0.115s][info][gc          ] GC(0) Pause Young (Allocation Failure) 0M->0M(1M) 2.006ms
[0.115s][info][gc,cpu      ] GC(0) User=0.00s Sys=0.00s Real=0.00s
[0.179s][info][gc,start    ] GC(1) Pause Young (Allocation Failure)
[0.181s][info][gc,heap     ] GC(1) PSYoungGen: 959K(1024K)->496K(1536K) Eden: 511K(512K)->0K(1024K) From: 448K(512K)->496K(512K)
[0.181s][info][gc,heap     ] GC(1) ParOldGen: 0K(512K)->96K(512K)
[0.181s][info][gc,metaspace] GC(1) Metaspace: 5878K(6016K)->5878K(6016K) NonClass: 5382K(5504K)->5382K(5504K) Class: 496K(512K)->496K(512K)
[0.181s][info][gc          ] GC(1) Pause Young (Allocation Failure) 0M->0M(2M) 1.420ms
[0.181s][info][gc,cpu      ] GC(1) User=0.00s Sys=0.00s Real=0.00s
[0.201s][info][gc,start    ] GC(2) Pause Young (Allocation Failure)
[0.203s][info][gc,heap     ] GC(2) PSYoungGen: 1520K(1536K)->512K(1536K) Eden: 1024K(1024K)->0K(1024K) From: 496K(512K)->512K(512K)
[0.203s][info][gc,heap     ] GC(2) ParOldGen: 96K(512K)->488K(512K)
[0.203s][info][gc,metaspace] GC(2) Metaspace: 6296K(6464K)->6296K(6464K) NonClass: 5762K(5824K)->5762K(5824K) Class: 533K(640K)->533K(640K)
[0.203s][info][gc          ] GC(2) Pause Young (Allocation Failure) 1M->0M(2M) 2.338ms
[0.203s][info][gc,cpu      ] GC(2) User=0.00s Sys=0.00s Real=0.00s
[0.203s][info][gc,start    ] GC(3) Pause Full (Ergonomics)
[0.203s][info][gc,phases,start] GC(3) Marking Phase
[0.205s][info][gc,phases      ] GC(3) Marking Phase 1.776ms
[0.205s][info][gc,phases,start] GC(3) Summary Phase
[0.205s][info][gc,phases      ] GC(3) Summary Phase 0.015ms
[0.205s][info][gc,phases,start] GC(3) Adjust Roots
[0.206s][info][gc,phases      ] GC(3) Adjust Roots 0.634ms
[0.206s][info][gc,phases,start] GC(3) Compaction Phase
[0.208s][info][gc,phases      ] GC(3) Compaction Phase 2.385ms
[0.208s][info][gc,phases,start] GC(3) Post Compact
[0.208s][info][gc,phases      ] GC(3) Post Compact 0.078ms
[0.208s][info][gc,heap        ] GC(3) PSYoungGen: 512K(1536K)->511K(1536K) Eden: 0K(1024K)->0K(1024K) From: 512K(512K)->511K(512K)
[0.208s][info][gc,heap        ] GC(3) ParOldGen: 488K(512K)->469K(2048K)
[0.209s][info][gc,metaspace   ] GC(3) Metaspace: 6296K(6464K)->6296K(6464K) NonClass: 5762K(5824K)->5762K(5824K) Class: 533K(640K)->533K(640K)
[0.209s][info][gc             ] GC(3) Pause Full (Ergonomics) 0M->0M(3M) 5.181ms
[0.209s][info][gc,cpu         ] GC(3) User=0.00s Sys=0.00s Real=0.01s
[0.210s][info][gc,start       ] GC(4) Pause Young (Allocation Failure)
[0.213s][info][gc,heap        ] GC(4) PSYoungGen: 1535K(1536K)->480K(2560K) Eden: 1024K(1024K)->0K(2048K) From: 511K(512K)->480K(512K)
[0.213s][info][gc,heap        ] GC(4) ParOldGen: 469K(2048K)->1029K(2048K)
[0.213s][info][gc,metaspace   ] GC(4) Metaspace: 6296K(6464K)->6296K(6464K) NonClass: 5762K(5824K)->5762K(5824K) Class: 533K(640K)->533K(640K)
[0.213s][info][gc             ] GC(4) Pause Young (Allocation Failure) 1M->1M(4M) 2.605ms
[0.213s][info][gc,cpu         ] GC(4) User=0.00s Sys=0.00s Real=0.00s
[0.216s][info][gc,start       ] GC(5) Pause Young (Allocation Failure)
[0.219s][info][gc,heap        ] GC(5) PSYoungGen: 2528K(2560K)->480K(2560K) Eden: 2048K(2048K)->0K(2048K) From: 480K(512K)->480K(512K)
[0.219s][info][gc,heap        ] GC(5) ParOldGen: 1029K(2048K)->2093K(2560K)
[0.219s][info][gc,metaspace   ] GC(5) Metaspace: 6296K(6464K)->6296K(6464K) NonClass: 5762K(5824K)->5762K(5824K) Class: 533K(640K)->533K(640K)
[0.219s][info][gc             ] GC(5) Pause Young (Allocation Failure) 3M->2M(5M) 2.825ms
[0.219s][info][gc,cpu         ] GC(5) User=0.00s Sys=0.00s Real=0.00s
[0.219s][info][gc,start       ] GC(6) Pause Full (Ergonomics)
[0.219s][info][gc,phases,start] GC(6) Marking Phase
[0.222s][info][gc,phases      ] GC(6) Marking Phase 3.025ms
[0.222s][info][gc,phases,start] GC(6) Summary Phase
[0.222s][info][gc,phases      ] GC(6) Summary Phase 0.018ms
[0.222s][info][gc,phases,start] GC(6) Adjust Roots
[0.223s][info][gc,phases      ] GC(6) Adjust Roots 0.448ms
[0.223s][info][gc,phases,start] GC(6) Compaction Phase
[0.226s][info][gc,phases      ] GC(6) Compaction Phase 3.107ms
[0.226s][info][gc,phases,start] GC(6) Post Compact
[0.226s][info][gc,phases      ] GC(6) Post Compact 0.035ms
[0.226s][info][gc,heap        ] GC(6) PSYoungGen: 480K(2560K)->0K(4096K) Eden: 0K(2048K)->0K(3072K) From: 480K(512K)->0K(1024K)
[0.226s][info][gc,heap        ] GC(6) ParOldGen: 2093K(2560K)->2542K(6144K)
[0.226s][info][gc,metaspace   ] GC(6) Metaspace: 6296K(6464K)->6296K(6464K) NonClass: 5762K(5824K)->5762K(5824K) Class: 533K(640K)->533K(640K)
[0.226s][info][gc             ] GC(6) Pause Full (Ergonomics) 2M->2M(10M) 6.980ms
[0.226s][info][gc,cpu         ] GC(6) User=0.00s Sys=0.00s Real=0.01s
[0.231s][info][gc,start       ] GC(7) Pause Young (Allocation Failure)
[0.234s][info][gc,heap        ] GC(7) PSYoungGen: 3072K(4096K)->1664K(5120K) Eden: 3072K(3072K)->0K(3072K) From: 0K(1024K)->1664K(2048K)
[0.234s][info][gc,heap        ] GC(7) ParOldGen: 2542K(6144K)->2542K(6144K)
[0.234s][info][gc,metaspace   ] GC(7) Metaspace: 6296K(6464K)->6296K(6464K) NonClass: 5762K(5824K)->5762K(5824K) Class: 533K(640K)->533K(640K)
[0.234s][info][gc             ] GC(7) Pause Young (Allocation Failure) 5M->4M(11M) 3.157ms
[0.234s][info][gc,cpu         ] GC(7) User=0.00s Sys=0.00s Real=0.00s
[0.239s][info][gc,start       ] GC(8) Pause Young (Allocation Failure)
[0.244s][info][gc,heap        ] GC(8) PSYoungGen: 4736K(5120K)->2016K(5632K) Eden: 3072K(3072K)->0K(3584K) From: 1664K(2048K)->2016K(2048K)
[0.244s][info][gc,heap        ] GC(8) ParOldGen: 2542K(6144K)->3774K(6144K)
[0.244s][info][gc,metaspace   ] GC(8) Metaspace: 6296K(6464K)->6296K(6464K) NonClass: 5762K(5824K)->5762K(5824K) Class: 533K(640K)->533K(640K)
[0.244s][info][gc             ] GC(8) Pause Young (Allocation Failure) 7M->5M(11M) 5.312ms
[0.244s][info][gc,cpu         ] GC(8) User=0.00s Sys=0.00s Real=0.01s
[0.249s][info][gc,start       ] GC(9) Pause Young (Allocation Failure)
[0.255s][info][gc,heap        ] GC(9) PSYoungGen: 5600K(5632K)->3040K(6656K) Eden: 3584K(3584K)->0K(3584K) From: 2016K(2048K)->3040K(3072K)
[0.255s][info][gc,heap        ] GC(9) ParOldGen: 3774K(6144K)->4606K(6144K)
[0.255s][info][gc,metaspace   ] GC(9) Metaspace: 6296K(6464K)->6296K(6464K) NonClass: 5762K(5824K)->5762K(5824K) Class: 533K(640K)->533K(640K)
[0.255s][info][gc             ] GC(9) Pause Young (Allocation Failure) 9M->7M(12M) 5.649ms
[0.255s][info][gc,cpu         ] GC(9) User=0.00s Sys=0.00s Real=0.01s
[0.259s][info][gc,start       ] GC(10) Pause Young (Allocation Failure)
[0.266s][info][gc,heap        ] GC(10) PSYoungGen: 6624K(6656K)->4064K(9216K) Eden: 3584K(3584K)->0K(5120K) From: 3040K(3072K)->4064K(4096K)
[0.266s][info][gc,heap        ] GC(10) ParOldGen: 4606K(6144K)->5446K(6144K)
[0.266s][info][gc,metaspace   ] GC(10) Metaspace: 6296K(6464K)->6296K(6464K) NonClass: 5762K(5824K)->5762K(5824K) Class: 533K(640K)->533K(640K)
[0.266s][info][gc             ] GC(10) Pause Young (Allocation Failure) 10M->9M(15M) 6.398ms
[0.266s][info][gc,cpu         ] GC(10) User=0.00s Sys=0.00s Real=0.01s
[0.266s][info][gc,start       ] GC(11) Pause Full (Ergonomics)
[0.266s][info][gc,phases,start] GC(11) Marking Phase
[0.274s][info][gc,phases      ] GC(11) Marking Phase 8.251ms
[0.274s][info][gc,phases,start] GC(11) Summary Phase
[0.274s][info][gc,phases      ] GC(11) Summary Phase 0.015ms
[0.274s][info][gc,phases,start] GC(11) Adjust Roots
[0.275s][info][gc,phases      ] GC(11) Adjust Roots 0.621ms
[0.275s][info][gc,phases,start] GC(11) Compaction Phase
[0.284s][info][gc,phases      ] GC(11) Compaction Phase 8.781ms
[0.284s][info][gc,phases,start] GC(11) Post Compact
[0.284s][info][gc,phases      ] GC(11) Post Compact 0.066ms
[0.284s][info][gc,heap        ] GC(11) PSYoungGen: 4064K(9216K)->3545K(9216K) Eden: 0K(5120K)->0K(5120K) From: 4064K(4096K)->3545K(4096K)
[0.284s][info][gc,heap        ] GC(11) ParOldGen: 5446K(6144K)->5831K(10752K)
[0.284s][info][gc,metaspace   ] GC(11) Metaspace: 6296K(6464K)->6296K(6464K) NonClass: 5762K(5824K)->5762K(5824K) Class: 533K(640K)->533K(640K)
[0.284s][info][gc             ] GC(11) Pause Full (Ergonomics) 9M->9M(19M) 18.103ms
[0.284s][info][gc,cpu         ] GC(11) User=0.00s Sys=0.00s Real=0.02s
[0.293s][info][gc,start       ] GC(12) Pause Young (Allocation Failure)
[0.301s][info][gc,heap        ] GC(12) PSYoungGen: 8665K(9216K)->5088K(10240K) Eden: 5120K(5120K)->0K(5120K) From: 3545K(4096K)->5088K(5120K)
[0.301s][info][gc,heap        ] GC(12) ParOldGen: 5831K(10752K)->6943K(10752K)
[0.301s][info][gc,metaspace   ] GC(12) Metaspace: 6296K(6464K)->6296K(6464K) NonClass: 5762K(5824K)->5762K(5824K) Class: 533K(640K)->533K(640K)
[0.301s][info][gc             ] GC(12) Pause Young (Allocation Failure) 14M->11M(20M) 8.340ms
[0.301s][info][gc,cpu         ] GC(12) User=0.00s Sys=0.00s Real=0.01s
[0.306s][info][gc,start       ] GC(13) Pause Young (Allocation Failure)
[0.316s][info][gc,heap        ] GC(13) PSYoungGen: 10208K(10240K)->6400K(12800K) Eden: 5120K(5120K)->0K(6144K) From: 5088K(5120K)->6400K(6656K)
[0.316s][info][gc,heap        ] GC(13) ParOldGen: 6943K(10752K)->8271K(10752K)
[0.316s][info][gc,metaspace   ] GC(13) Metaspace: 6298K(6464K)->6298K(6464K) NonClass: 5764K(5824K)->5764K(5824K) Class: 533K(640K)->533K(640K)
[0.316s][info][gc             ] GC(13) Pause Young (Allocation Failure) 16M->14M(23M) 10.097ms
[0.316s][info][gc,cpu         ] GC(13) User=0.00s Sys=0.00s Real=0.01s
[0.321s][info][gc,start       ] GC(14) Pause Young (Allocation Failure)
[0.331s][info][gc,heap        ] GC(14) PSYoungGen: 12544K(12800K)->5792K(13824K) Eden: 6144K(6144K)->0K(6144K) From: 6400K(6656K)->5792K(7680K)
[0.331s][info][gc,heap        ] GC(14) ParOldGen: 8271K(10752K)->12103K(12288K)
[0.331s][info][gc,metaspace   ] GC(14) Metaspace: 6298K(6464K)->6298K(6464K) NonClass: 5764K(5824K)->5764K(5824K) Class: 533K(640K)->533K(640K)
[0.331s][info][gc             ] GC(14) Pause Young (Allocation Failure) 20M->17M(25M) 10.655ms
[0.331s][info][gc,cpu         ] GC(14) User=0.00s Sys=0.00s Real=0.01s
[0.332s][info][gc,start       ] GC(15) Pause Full (Ergonomics)
[0.332s][info][gc,phases,start] GC(15) Marking Phase
[0.346s][info][gc,phases      ] GC(15) Marking Phase 14.370ms
[0.346s][info][gc,phases,start] GC(15) Summary Phase
[0.346s][info][gc,phases      ] GC(15) Summary Phase 0.017ms
[0.346s][info][gc,phases,start] GC(15) Adjust Roots
[0.346s][info][gc,phases      ] GC(15) Adjust Roots 0.307ms
[0.346s][info][gc,phases,start] GC(15) Compaction Phase
[0.359s][info][gc,phases      ] GC(15) Compaction Phase 12.273ms
[0.359s][info][gc,phases,start] GC(15) Post Compact
[0.359s][info][gc,phases      ] GC(15) Post Compact 0.070ms
[0.359s][info][gc,heap        ] GC(15) PSYoungGen: 5792K(13824K)->5758K(13824K) Eden: 0K(6144K)->0K(6144K) From: 5792K(7680K)->5758K(7680K)
[0.359s][info][gc,heap        ] GC(15) ParOldGen: 12103K(12288K)->12005K(18944K)
[0.359s][info][gc,metaspace   ] GC(15) Metaspace: 6298K(6464K)->6298K(6464K) NonClass: 5764K(5824K)->5764K(5824K) Class: 533K(640K)->533K(640K)
[0.359s][info][gc             ] GC(15) Pause Full (Ergonomics) 17M->17M(32M) 27.349ms
[0.359s][info][gc,cpu         ] GC(15) User=0.00s Sys=0.00s Real=0.03s
[0.363s][info][gc,start       ] GC(16) Pause Young (Allocation Failure)
[0.374s][info][gc,heap        ] GC(16) PSYoungGen: 11902K(13824K)->3200K(15360K) Eden: 6144K(6144K)->0K(8704K) From: 5758K(7680K)->3200K(6656K)
[0.374s][info][gc,heap        ] GC(16) ParOldGen: 12005K(18944K)->17861K(18944K)
[0.375s][info][gc,metaspace   ] GC(16) Metaspace: 6298K(6464K)->6298K(6464K) NonClass: 5764K(5824K)->5764K(5824K) Class: 533K(640K)->533K(640K)
[0.375s][info][gc             ] GC(16) Pause Young (Allocation Failure) 23M->20M(33M) 11.381ms
[0.375s][info][gc,cpu         ] GC(16) User=0.00s Sys=0.00s Real=0.01s
[0.375s][info][gc,start       ] GC(17) Pause Full (Ergonomics)
[0.375s][info][gc,phases,start] GC(17) Marking Phase
[0.391s][info][gc,phases      ] GC(17) Marking Phase 16.241ms
[0.391s][info][gc,phases,start] GC(17) Summary Phase
[0.391s][info][gc,phases      ] GC(17) Summary Phase 0.014ms
[0.391s][info][gc,phases,start] GC(17) Adjust Roots
[0.391s][info][gc,phases      ] GC(17) Adjust Roots 0.235ms
[0.391s][info][gc,phases,start] GC(17) Compaction Phase
[0.402s][info][gc,phases      ] GC(17) Compaction Phase 10.358ms
[0.402s][info][gc,phases,start] GC(17) Post Compact
[0.402s][info][gc,phases      ] GC(17) Post Compact 0.100ms
[0.402s][info][gc,heap        ] GC(17) PSYoungGen: 3200K(15360K)->2146K(16384K) Eden: 0K(8704K)->0K(9728K) From: 3200K(6656K)->2146K(6656K)
[0.402s][info][gc,heap        ] GC(17) ParOldGen: 17861K(18944K)->18786K(28672K)
[0.402s][info][gc,metaspace   ] GC(17) Metaspace: 6298K(6464K)->6298K(6464K) NonClass: 5764K(5824K)->5764K(5824K) Class: 533K(640K)->533K(640K)
[0.402s][info][gc             ] GC(17) Pause Full (Ergonomics) 20M->20M(44M) 27.274ms
[0.402s][info][gc,cpu         ] GC(17) User=0.00s Sys=0.00s Real=0.03s
[0.412s][info][gc,start       ] GC(18) Pause Young (Allocation Failure)
[0.424s][info][gc,heap        ] GC(18) PSYoungGen: 11874K(16384K)->5536K(17408K) Eden: 9728K(9728K)->0K(9728K) From: 2146K(6656K)->5536K(7680K)
[0.424s][info][gc,heap        ] GC(18) ParOldGen: 18786K(28672K)->20970K(28672K)
[0.424s][info][gc,metaspace   ] GC(18) Metaspace: 6298K(6464K)->6298K(6464K) NonClass: 5764K(5824K)->5764K(5824K) Class: 533K(640K)->533K(640K)
[0.424s][info][gc             ] GC(18) Pause Young (Allocation Failure) 29M->25M(45M) 12.257ms
[0.424s][info][gc,cpu         ] GC(18) User=0.00s Sys=0.00s Real=0.01s
[0.430s][info][gc,start       ] GC(19) Pause Young (Allocation Failure)
[0.444s][info][gc,heap        ] GC(19) PSYoungGen: 15264K(17408K)->5056K(21504K) Eden: 9728K(9728K)->0K(13312K) From: 5536K(7680K)->5056K(8192K)
[0.444s][info][gc,heap        ] GC(19) ParOldGen: 20970K(28672K)->26570K(28672K)
[0.444s][info][gc,metaspace   ] GC(19) Metaspace: 6298K(6464K)->6298K(6464K) NonClass: 5764K(5824K)->5764K(5824K) Class: 533K(640K)->533K(640K)
[0.445s][info][gc             ] GC(19) Pause Young (Allocation Failure) 35M->30M(49M) 14.267ms
[0.445s][info][gc,cpu         ] GC(19) User=0.00s Sys=0.00s Real=0.01s
[0.445s][info][gc,start       ] GC(20) Pause Full (Ergonomics)
[0.445s][info][gc,phases,start] GC(20) Marking Phase
[0.469s][info][gc,phases      ] GC(20) Marking Phase 23.991ms
[0.469s][info][gc,phases,start] GC(20) Summary Phase
[0.469s][info][gc,phases      ] GC(20) Summary Phase 0.017ms
[0.469s][info][gc,phases,start] GC(20) Adjust Roots
[0.469s][info][gc,phases      ] GC(20) Adjust Roots 0.223ms
[0.469s][info][gc,phases,start] GC(20) Compaction Phase
[0.485s][info][gc,phases      ] GC(20) Compaction Phase 15.738ms
[0.485s][info][gc,phases,start] GC(20) Post Compact
[0.485s][info][gc,phases      ] GC(20) Post Compact 0.102ms
[0.485s][info][gc,heap        ] GC(20) PSYoungGen: 5056K(21504K)->2471K(21504K) Eden: 0K(13312K)->0K(13312K) From: 5056K(8192K)->2471K(8192K)
[0.485s][info][gc,heap        ] GC(20) ParOldGen: 26570K(28672K)->28497K(40448K)
[0.485s][info][gc,metaspace   ] GC(20) Metaspace: 6298K(6464K)->6298K(6464K) NonClass: 5764K(5824K)->5764K(5824K) Class: 533K(640K)->533K(640K)
[0.485s][info][gc             ] GC(20) Pause Full (Ergonomics) 30M->30M(60M) 40.482ms
[0.485s][info][gc,cpu         ] GC(20) User=0.02s Sys=0.00s Real=0.04s
[0.496s][info][gc,start       ] GC(21) Pause Young (Allocation Failure)
[0.517s][info][gc,heap        ] GC(21) PSYoungGen: 15783K(21504K)->8192K(21504K) Eden: 13312K(13312K)->0K(13312K) From: 2471K(8192K)->8192K(8192K)
[0.517s][info][gc,heap        ] GC(21) ParOldGen: 28497K(40448K)->34193K(40448K)
[0.517s][info][gc,metaspace   ] GC(21) Metaspace: 6298K(6464K)->6298K(6464K) NonClass: 5764K(5824K)->5764K(5824K) Class: 533K(640K)->533K(640K)
[0.517s][info][gc             ] GC(21) Pause Young (Allocation Failure) 43M->41M(60M) 20.334ms
[0.517s][info][gc,cpu         ] GC(21) User=0.02s Sys=0.00s Real=0.02s
[0.517s][info][gc,start       ] GC(22) Pause Full (Ergonomics)
[0.517s][info][gc,phases,start] GC(22) Marking Phase
[0.549s][info][gc,phases      ] GC(22) Marking Phase 31.824ms
[0.549s][info][gc,phases,start] GC(22) Summary Phase
[0.549s][info][gc,phases      ] GC(22) Summary Phase 0.015ms
[0.549s][info][gc,phases,start] GC(22) Adjust Roots
[0.549s][info][gc,phases      ] GC(22) Adjust Roots 0.232ms
[0.549s][info][gc,phases,start] GC(22) Compaction Phase
[0.569s][info][gc,phases      ] GC(22) Compaction Phase 20.287ms
[0.569s][info][gc,phases,start] GC(22) Post Compact
[0.570s][info][gc,phases      ] GC(22) Post Compact 0.199ms
[0.570s][info][gc,heap        ] GC(22) PSYoungGen: 8192K(21504K)->2044K(21504K) Eden: 0K(13312K)->0K(13312K) From: 8192K(8192K)->2044K(8192K)
[0.570s][info][gc,heap        ] GC(22) ParOldGen: 34193K(40448K)->40230K(54784K)
[0.570s][info][gc,metaspace   ] GC(22) Metaspace: 6298K(6464K)->6298K(6464K) NonClass: 5764K(5824K)->5764K(5824K) Class: 533K(640K)->533K(640K)
[0.570s][info][gc             ] GC(22) Pause Full (Ergonomics) 41M->41M(74M) 52.875ms
[0.570s][info][gc,cpu         ] GC(22) User=0.02s Sys=0.02s Real=0.05s
[0.586s][info][gc,start       ] GC(23) Pause Young (Allocation Failure)
[0.611s][info][gc,heap        ] GC(23) PSYoungGen: 15356K(21504K)->11744K(25088K) Eden: 13312K(13312K)->0K(13312K) From: 2044K(8192K)->11744K(11776K)
[0.611s][info][gc,heap        ] GC(23) ParOldGen: 40230K(54784K)->43894K(54784K)
[0.611s][info][gc,metaspace   ] GC(23) Metaspace: 6298K(6464K)->6298K(6464K) NonClass: 5764K(5824K)->5764K(5824K) Class: 533K(640K)->533K(640K)
[0.611s][info][gc             ] GC(23) Pause Young (Allocation Failure) 54M->54M(78M) 25.327ms
[0.611s][info][gc,cpu         ] GC(23) User=0.02s Sys=0.00s Real=0.02s
[0.624s][info][gc,start       ] GC(24) Pause Young (Allocation Failure)
[0.653s][info][gc,heap        ] GC(24) PSYoungGen: 25056K(25088K)->13312K(28160K) Eden: 13312K(13312K)->0K(13312K) From: 11744K(11776K)->13312K(14848K)
[0.653s][info][gc,heap        ] GC(24) ParOldGen: 43894K(54784K)->55774K(55808K)
[0.653s][info][gc,metaspace   ] GC(24) Metaspace: 6298K(6464K)->6298K(6464K) NonClass: 5764K(5824K)->5764K(5824K) Class: 533K(640K)->533K(640K)
[0.653s][info][gc             ] GC(24) Pause Young (Allocation Failure) 67M->67M(82M) 28.495ms
[0.653s][info][gc,cpu         ] GC(24) User=0.02s Sys=0.00s Real=0.03s
[0.653s][info][gc,start       ] GC(25) Pause Full (Ergonomics)
[0.653s][info][gc,phases,start] GC(25) Marking Phase
[0.702s][info][gc,phases      ] GC(25) Marking Phase 49.731ms
[0.703s][info][gc,phases,start] GC(25) Summary Phase
[0.703s][info][gc,phases      ] GC(25) Summary Phase 0.020ms
[0.703s][info][gc,phases,start] GC(25) Adjust Roots
[0.703s][info][gc,phases      ] GC(25) Adjust Roots 0.187ms
[0.703s][info][gc,phases,start] GC(25) Compaction Phase
[0.736s][info][gc,phases      ] GC(25) Compaction Phase 33.224ms
[0.736s][info][gc,phases,start] GC(25) Post Compact
[0.736s][info][gc,phases      ] GC(25) Post Compact 0.217ms
[0.736s][info][gc,heap        ] GC(25) PSYoungGen: 13312K(28160K)->12254K(28160K) Eden: 0K(13312K)->0K(13312K) From: 13312K(14848K)->12254K(14848K)
[0.736s][info][gc,heap        ] GC(25) ParOldGen: 55774K(55808K)->55556K(74752K)
[0.737s][info][gc,metaspace   ] GC(25) Metaspace: 6298K(6464K)->6298K(6464K) NonClass: 5764K(5824K)->5764K(5824K) Class: 533K(640K)->533K(640K)
[0.737s][info][gc             ] GC(25) Pause Full (Ergonomics) 67M->66M(100M) 83.814ms
[0.737s][info][gc,cpu         ] GC(25) User=0.06s Sys=0.00s Real=0.08s
[0.749s][info][gc,start       ] GC(26) Pause Young (Allocation Failure)
[0.786s][info][gc,heap        ] GC(26) PSYoungGen: 25566K(28160K)->13312K(31744K) Eden: 13312K(13312K)->0K(14848K) From: 12254K(14848K)->13312K(16896K)
[0.786s][info][gc,heap        ] GC(26) ParOldGen: 55556K(74752K)->68012K(74752K)
[0.786s][info][gc,metaspace   ] GC(26) Metaspace: 6298K(6464K)->6298K(6464K) NonClass: 5764K(5824K)->5764K(5824K) Class: 533K(640K)->533K(640K)
[0.786s][info][gc             ] GC(26) Pause Young (Allocation Failure) 79M->79M(104M) 36.532ms
[0.786s][info][gc,cpu         ] GC(26) User=0.02s Sys=0.02s Real=0.04s
[0.786s][info][gc,start       ] GC(27) Pause Full (Ergonomics)
[0.786s][info][gc,phases,start] GC(27) Marking Phase
[0.846s][info][gc,phases      ] GC(27) Marking Phase 60.360ms
[0.846s][info][gc,phases,start] GC(27) Summary Phase
[0.846s][info][gc,phases      ] GC(27) Summary Phase 0.019ms
[0.846s][info][gc,phases,start] GC(27) Adjust Roots
[0.846s][info][gc,phases      ] GC(27) Adjust Roots 0.219ms
[0.846s][info][gc,phases,start] GC(27) Compaction Phase
[0.882s][info][gc,phases      ] GC(27) Compaction Phase 35.384ms
[0.882s][info][gc,phases,start] GC(27) Post Compact
[0.882s][info][gc,phases      ] GC(27) Post Compact 0.379ms
[0.882s][info][gc,heap        ] GC(27) PSYoungGen: 13312K(31744K)->6639K(31744K) Eden: 0K(14848K)->0K(14848K) From: 13312K(16896K)->6639K(16896K)
[0.882s][info][gc,heap        ] GC(27) ParOldGen: 68012K(74752K)->74454K(97792K)
[0.882s][info][gc,metaspace   ] GC(27) Metaspace: 6298K(6464K)->6298K(6464K) NonClass: 5764K(5824K)->5764K(5824K) Class: 533K(640K)->533K(640K)
[0.883s][info][gc             ] GC(27) Pause Full (Ergonomics) 79M->79M(126M) 96.805ms
[0.883s][info][gc,cpu         ] GC(27) User=0.08s Sys=0.00s Real=0.10s
[0.907s][info][gc,start       ] GC(28) Pause Young (Allocation Failure)
[0.936s][info][gc,heap        ] GC(28) PSYoungGen: 21487K(31744K)->18400K(33280K) Eden: 14848K(14848K)->0K(14848K) From: 6639K(16896K)->18400K(18432K)
[0.936s][info][gc,heap        ] GC(28) ParOldGen: 74454K(97792K)->77598K(97792K)
[0.936s][info][gc,metaspace   ] GC(28) Metaspace: 6298K(6464K)->6298K(6464K) NonClass: 5764K(5824K)->5764K(5824K) Class: 533K(640K)->533K(640K)
[0.936s][info][gc             ] GC(28) Pause Young (Allocation Failure) 93M->93M(128M) 28.990ms
[0.936s][info][gc,cpu         ] GC(28) User=0.02s Sys=0.00s Real=0.03s
[0.950s][info][gc,start       ] GC(29) Pause Young (Allocation Failure)
[0.984s][info][gc,heap        ] GC(29) PSYoungGen: 33248K(33280K)->14848K(38912K) Eden: 14848K(14848K)->0K(16384K) From: 18400K(18432K)->14848K(22528K)
[0.984s][info][gc,heap        ] GC(29) ParOldGen: 77598K(97792K)->96198K(97792K)
[0.984s][info][gc,metaspace   ] GC(29) Metaspace: 6298K(6464K)->6298K(6464K) NonClass: 5764K(5824K)->5764K(5824K) Class: 533K(640K)->533K(640K)
[0.985s][info][gc             ] GC(29) Pause Young (Allocation Failure) 108M->108M(133M) 34.577ms
[0.985s][info][gc,cpu         ] GC(29) User=0.03s Sys=0.00s Real=0.04s
[0.985s][info][gc,start       ] GC(30) Pause Full (Ergonomics)
[0.985s][info][gc,phases,start] GC(30) Marking Phase
[1.065s][info][gc,phases      ] GC(30) Marking Phase 80.336ms
[1.065s][info][gc,phases,start] GC(30) Summary Phase
[1.065s][info][gc,phases      ] GC(30) Summary Phase 0.021ms
[1.065s][info][gc,phases,start] GC(30) Adjust Roots
[1.065s][info][gc,phases      ] GC(30) Adjust Roots 0.186ms
[1.065s][info][gc,phases,start] GC(30) Compaction Phase
[1.114s][info][gc,phases      ] GC(30) Compaction Phase 48.690ms
[1.114s][info][gc,phases,start] GC(30) Post Compact
[1.114s][info][gc,phases      ] GC(30) Post Compact 0.422ms
[1.115s][info][gc,heap        ] GC(30) PSYoungGen: 14848K(38912K)->11239K(38912K) Eden: 0K(16384K)->0K(16384K) From: 14848K(22528K)->11239K(22528K)
[1.115s][info][gc,heap        ] GC(30) ParOldGen: 96198K(97792K)->97445K(126976K)
[1.115s][info][gc,metaspace   ] GC(30) Metaspace: 6298K(6464K)->6298K(6464K) NonClass: 5764K(5824K)->5764K(5824K) Class: 533K(640K)->533K(640K)
[1.115s][info][gc             ] GC(30) Pause Full (Ergonomics) 108M->106M(162M) 130.066ms
[1.115s][info][gc,cpu         ] GC(30) User=0.09s Sys=0.00s Real=0.13s
[1.131s][info][gc,start       ] GC(31) Pause Young (Allocation Failure)
[1.170s][info][gc,heap        ] GC(31) PSYoungGen: 27623K(38912K)->23552K(39936K) Eden: 16384K(16384K)->0K(16384K) From: 11239K(22528K)->23552K(23552K)
[1.170s][info][gc,heap        ] GC(31) ParOldGen: 97445K(126976K)->101597K(126976K)
[1.170s][info][gc,metaspace   ] GC(31) Metaspace: 6298K(6464K)->6298K(6464K) NonClass: 5764K(5824K)->5764K(5824K) Class: 533K(640K)->533K(640K)
[1.170s][info][gc             ] GC(31) Pause Young (Allocation Failure) 122M->122M(163M) 39.021ms
[1.170s][info][gc,cpu         ] GC(31) User=0.03s Sys=0.00s Real=0.04s
[1.186s][info][gc,start       ] GC(32) Pause Young (Allocation Failure)
[1.235s][info][gc,heap        ] GC(32) PSYoungGen: 39936K(39936K)->16416K(48640K) Eden: 16384K(16384K)->0K(19456K) From: 23552K(23552K)->16416K(29184K)
[1.235s][info][gc,heap        ] GC(32) ParOldGen: 101597K(126976K)->125477K(126976K)
[1.235s][info][gc,metaspace   ] GC(32) Metaspace: 6298K(6464K)->6298K(6464K) NonClass: 5764K(5824K)->5764K(5824K) Class: 533K(640K)->533K(640K)
[1.235s][info][gc             ] GC(32) Pause Young (Allocation Failure) 138M->138M(171M) 48.224ms
[1.235s][info][gc,cpu         ] GC(32) User=0.03s Sys=0.00s Real=0.05s
[1.235s][info][gc,start       ] GC(33) Pause Full (Ergonomics)
[1.235s][info][gc,phases,start] GC(33) Marking Phase
[1.337s][info][gc,phases      ] GC(33) Marking Phase 102.206ms
[1.337s][info][gc,phases,start] GC(33) Summary Phase
[1.337s][info][gc,phases      ] GC(33) Summary Phase 0.021ms
[1.337s][info][gc,phases,start] GC(33) Adjust Roots
[1.337s][info][gc,phases      ] GC(33) Adjust Roots 0.185ms
[1.337s][info][gc,phases,start] GC(33) Compaction Phase
[1.393s][info][gc,phases      ] GC(33) Compaction Phase 56.049ms
[1.393s][info][gc,phases,start] GC(33) Post Compact
[1.394s][info][gc,phases      ] GC(33) Post Compact 0.669ms
[1.394s][info][gc,heap        ] GC(33) PSYoungGen: 16416K(48640K)->14821K(48640K) Eden: 0K(19456K)->0K(19456K) From: 16416K(29184K)->14821K(29184K)
[1.394s][info][gc,heap        ] GC(33) ParOldGen: 125477K(126976K)->126567K(162816K)
[1.394s][info][gc,metaspace   ] GC(33) Metaspace: 6298K(6464K)->6298K(6464K) NonClass: 5764K(5824K)->5764K(5824K) Class: 533K(640K)->533K(640K)
[1.394s][info][gc             ] GC(33) Pause Full (Ergonomics) 138M->138M(206M) 159.684ms
[1.394s][info][gc,cpu         ] GC(33) User=0.14s Sys=0.00s Real=0.16s
[1.414s][info][gc,start       ] GC(34) Pause Young (Allocation Failure)
[1.462s][info][gc,heap        ] GC(34) PSYoungGen: 34277K(48640K)->29184K(48640K) Eden: 19456K(19456K)->0K(19456K) From: 14821K(29184K)->29184K(29184K)
[1.462s][info][gc,heap        ] GC(34) ParOldGen: 126567K(162816K)->131775K(162816K)
[1.462s][info][gc,metaspace   ] GC(34) Metaspace: 6298K(6464K)->6298K(6464K) NonClass: 5764K(5824K)->5764K(5824K) Class: 533K(640K)->533K(640K)
[1.462s][info][gc             ] GC(34) Pause Young (Allocation Failure) 157M->157M(206M) 48.184ms
[1.462s][info][gc,cpu         ] GC(34) User=0.03s Sys=0.00s Real=0.05s
[1.479s][info][gc,start       ] GC(35) Pause Young (Allocation Failure)
[1.533s][info][gc,heap        ] GC(35) PSYoungGen: 45502K(48640K)->16032K(55808K) Eden: 16318K(19456K)->0K(22528K) From: 29184K(29184K)->16032K(33280K)
[1.533s][info][gc,heap        ] GC(35) ParOldGen: 131775K(162816K)->161367K(162816K)
[1.533s][info][gc,metaspace   ] GC(35) Metaspace: 6298K(6464K)->6298K(6464K) NonClass: 5764K(5824K)->5764K(5824K) Class: 533K(640K)->533K(640K)
[1.533s][info][gc             ] GC(35) Pause Young (Allocation Failure) 173M->173M(213M) 54.226ms
[1.533s][info][gc,cpu         ] GC(35) User=0.05s Sys=0.00s Real=0.05s
[1.534s][info][gc,start       ] GC(36) Pause Full (Ergonomics)
[1.534s][info][gc,phases,start] GC(36) Marking Phase
[1.664s][info][gc,phases      ] GC(36) Marking Phase 130.561ms
[1.664s][info][gc,phases,start] GC(36) Summary Phase
[1.664s][info][gc,phases      ] GC(36) Summary Phase 0.022ms
[1.664s][info][gc,phases,start] GC(36) Adjust Roots
[1.664s][info][gc,phases      ] GC(36) Adjust Roots 0.254ms
[1.665s][info][gc,phases,start] GC(36) Compaction Phase
[1.735s][info][gc,phases      ] GC(36) Compaction Phase 70.824ms
[1.735s][info][gc,phases,start] GC(36) Post Compact
[1.736s][info][gc,phases      ] GC(36) Post Compact 0.934ms
[1.737s][info][gc,heap        ] GC(36) PSYoungGen: 16032K(55808K)->14444K(57344K) Eden: 0K(22528K)->0K(24064K) From: 16032K(33280K)->14444K(33280K)
[1.737s][info][gc,heap        ] GC(36) ParOldGen: 161367K(162816K)->162347K(206848K)
[1.737s][info][gc,metaspace   ] GC(36) Metaspace: 6298K(6464K)->6298K(6464K) NonClass: 5764K(5824K)->5764K(5824K) Class: 533K(640K)->533K(640K)
[1.737s][info][gc             ] GC(36) Pause Full (Ergonomics) 173M->172M(258M) 203.183ms
[1.737s][info][gc,cpu         ] GC(36) User=0.20s Sys=0.00s Real=0.20s
[1.769s][info][gc,start       ] GC(37) Pause Young (Allocation Failure)
[1.829s][info][gc,heap        ] GC(37) PSYoungGen: 38508K(57344K)->24096K(58880K) Eden: 24064K(24064K)->0K(24064K) From: 14444K(33280K)->24096K(34816K)
[1.829s][info][gc,heap        ] GC(37) ParOldGen: 162347K(206848K)->177027K(206848K)
[1.829s][info][gc,metaspace   ] GC(37) Metaspace: 6298K(6464K)->6298K(6464K) NonClass: 5764K(5824K)->5764K(5824K) Class: 533K(640K)->533K(640K)
[1.829s][info][gc             ] GC(37) Pause Young (Allocation Failure) 196M->196M(259M) 59.802ms
[1.829s][info][gc,cpu         ] GC(37) User=0.03s Sys=0.02s Real=0.06s
[1.853s][info][gc,start       ] GC(38) Pause Young (Allocation Failure)
[1.910s][info][gc,heap        ] GC(38) PSYoungGen: 48160K(58880K)->36320K(53760K) Eden: 24064K(24064K)->0K(17408K) From: 24096K(34816K)->36320K(36352K)
[1.910s][info][gc,heap        ] GC(38) ParOldGen: 177027K(206848K)->189035K(206848K)
[1.910s][info][gc,metaspace   ] GC(38) Metaspace: 6298K(6464K)->6298K(6464K) NonClass: 5764K(5824K)->5764K(5824K) Class: 533K(640K)->533K(640K)
[1.910s][info][gc             ] GC(38) Pause Young (Allocation Failure) 219M->220M(254M) 57.360ms
[1.910s][info][gc,cpu         ] GC(38) User=0.05s Sys=0.00s Real=0.06s
[1.910s][info][gc,start       ] GC(39) Pause Full (Ergonomics)
[1.911s][info][gc,phases,start] GC(39) Marking Phase
[2.074s][info][gc,phases      ] GC(39) Marking Phase 163.827ms
[2.074s][info][gc,phases,start] GC(39) Summary Phase
[2.074s][info][gc,phases      ] GC(39) Summary Phase 0.055ms
[2.074s][info][gc,phases,start] GC(39) Adjust Roots
[2.075s][info][gc,phases      ] GC(39) Adjust Roots 0.210ms
[2.075s][info][gc,phases,start] GC(39) Compaction Phase
[2.173s][info][gc,phases      ] GC(39) Compaction Phase 97.897ms
[2.173s][info][gc,phases,start] GC(39) Post Compact
[2.174s][info][gc,phases      ] GC(39) Post Compact 1.040ms
[2.174s][info][gc,heap        ] GC(39) PSYoungGen: 36320K(53760K)->14276K(53760K) Eden: 0K(17408K)->0K(17408K) From: 36320K(36352K)->14276K(36352K)
[2.174s][info][gc,heap        ] GC(39) ParOldGen: 189035K(206848K)->206498K(252416K)
[2.174s][info][gc,metaspace   ] GC(39) Metaspace: 6298K(6464K)->6298K(6464K) NonClass: 5764K(5824K)->5764K(5824K) Class: 533K(640K)->533K(640K)
[2.174s][info][gc             ] GC(39) Pause Full (Ergonomics) 220M->215M(299M) 263.628ms
[2.174s][info][gc,cpu         ] GC(39) User=0.27s Sys=0.00s Real=0.26s
[2.194s][info][gc,start       ] GC(40) Pause Young (Allocation Failure)
[2.260s][info][gc,heap        ] GC(40) PSYoungGen: 31684K(53760K)->17440K(64000K) Eden: 17408K(17408K)->0K(17408K) From: 14276K(36352K)->17440K(46592K)
[2.260s][info][gc,heap        ] GC(40) ParOldGen: 206498K(252416K)->221002K(252416K)
[2.260s][info][gc,metaspace   ] GC(40) Metaspace: 6298K(6464K)->6298K(6464K) NonClass: 5764K(5824K)->5764K(5824K) Class: 533K(640K)->533K(640K)
[2.260s][info][gc             ] GC(40) Pause Young (Allocation Failure) 232M->232M(309M) 66.724ms
[2.260s][info][gc,cpu         ] GC(40) User=0.06s Sys=0.00s Real=0.07s
[2.280s][info][gc,start       ] GC(41) Pause Young (Allocation Failure)
[2.318s][info][gc,heap        ] GC(41) PSYoungGen: 34848K(64000K)->34848K(60416K) Eden: 17408K(17408K)->0K(16384K) From: 17440K(46592K)->34848K(44032K)
[2.318s][info][gc,heap        ] GC(41) ParOldGen: 221002K(252416K)->221002K(252416K)
[2.318s][info][gc,metaspace   ] GC(41) Metaspace: 6298K(6464K)->6298K(6464K) NonClass: 5764K(5824K)->5764K(5824K) Class: 533K(640K)->533K(640K)
[2.318s][info][gc             ] GC(41) Pause Young (Allocation Failure) 249M->249M(305M) 38.379ms
[2.318s][info][gc,cpu         ] GC(41) User=0.03s Sys=0.00s Real=0.04s
[2.336s][info][gc,start       ] GC(42) Pause Young (Allocation Failure)
[2.386s][info][gc,heap        ] GC(42) PSYoungGen: 51232K(60416K)->47616K(64000K) Eden: 16384K(16384K)->0K(16384K) From: 34848K(44032K)->47616K(47616K)
[2.386s][info][gc,heap        ] GC(42) ParOldGen: 221002K(252416K)->224642K(252416K)
[2.386s][info][gc,metaspace   ] GC(42) Metaspace: 6298K(6464K)->6298K(6464K) NonClass: 5764K(5824K)->5764K(5824K) Class: 533K(640K)->533K(640K)
[2.386s][info][gc             ] GC(42) Pause Young (Allocation Failure) 265M->265M(309M) 49.784ms
[2.386s][info][gc,cpu         ] GC(42) User=0.03s Sys=0.02s Real=0.05s
[2.405s][info][gc,start       ] GC(43) Pause Young (Allocation Failure)
[2.476s][info][gc,heap        ] GC(43) PSYoungGen: 64000K(64000K)->31392K(75776K) Eden: 16384K(16384K)->0K(19456K) From: 47616K(47616K)->31392K(56320K)
[2.476s][info][gc,heap        ] GC(43) ParOldGen: 224642K(252416K)->257722K(258048K)
[2.476s][info][gc,metaspace   ] GC(43) Metaspace: 6298K(6464K)->6298K(6464K) NonClass: 5764K(5824K)->5764K(5824K) Class: 533K(640K)->533K(640K)
[2.476s][info][gc             ] GC(43) Pause Young (Allocation Failure) 281M->282M(326M) 71.150ms
[2.476s][info][gc,cpu         ] GC(43) User=0.05s Sys=0.02s Real=0.07s
[2.476s][info][gc,start       ] GC(44) Pause Full (Ergonomics)
[2.476s][info][gc,phases,start] GC(44) Marking Phase
[2.696s][info][gc,phases      ] GC(44) Marking Phase 219.293ms
[2.696s][info][gc,phases,start] GC(44) Summary Phase
[2.696s][info][gc,phases      ] GC(44) Summary Phase 0.023ms
[2.696s][info][gc,phases,start] GC(44) Adjust Roots
[2.696s][info][gc,phases      ] GC(44) Adjust Roots 0.264ms
[2.696s][info][gc,phases,start] GC(44) Compaction Phase
[2.812s][info][gc,phases      ] GC(44) Compaction Phase 115.647ms
[2.812s][info][gc,phases,start] GC(44) Post Compact
[2.813s][info][gc,phases      ] GC(44) Post Compact 1.536ms
[2.814s][info][gc,heap        ] GC(44) PSYoungGen: 31392K(75776K)->30292K(75776K) Eden: 0K(19456K)->0K(19456K) From: 31392K(56320K)->30292K(56320K)
[2.814s][info][gc,heap        ] GC(44) ParOldGen: 257722K(258048K)->257936K(311808K)
[2.814s][info][gc,metaspace   ] GC(44) Metaspace: 6298K(6464K)->6298K(6464K) NonClass: 5764K(5824K)->5764K(5824K) Class: 533K(640K)->533K(640K)
[2.814s][info][gc             ] GC(44) Pause Full (Ergonomics) 282M->281M(378M) 337.505ms
[2.814s][info][gc,cpu         ] GC(44) User=0.31s Sys=0.00s Real=0.34s
[2.836s][info][gc,start       ] GC(45) Pause Young (Allocation Failure)
[2.921s][info][gc,heap        ] GC(45) PSYoungGen: 49748K(75776K)->35296K(75776K) Eden: 19456K(19456K)->0K(19456K) From: 30292K(56320K)->35296K(56320K)
[2.921s][info][gc,heap        ] GC(45) ParOldGen: 257936K(311808K)->272680K(311808K)
[2.922s][info][gc,metaspace   ] GC(45) Metaspace: 6298K(6464K)->6298K(6464K) NonClass: 5764K(5824K)->5764K(5824K) Class: 533K(640K)->533K(640K)
[2.922s][info][gc             ] GC(45) Pause Young (Allocation Failure) 300M->300M(378M) 85.552ms
[2.922s][info][gc,cpu         ] GC(45) User=0.08s Sys=0.00s Real=0.09s
[2.944s][info][gc,start       ] GC(46) Pause Young (Allocation Failure)
[3.011s][info][gc,heap        ] GC(46) PSYoungGen: 54752K(75776K)->19488K(75264K) Eden: 19456K(19456K)->0K(22528K) From: 35296K(56320K)->19488K(52736K)
[3.011s][info][gc,heap        ] GC(46) ParOldGen: 272680K(311808K)->308448K(311808K)
[3.011s][info][gc,metaspace   ] GC(46) Metaspace: 6298K(6464K)->6298K(6464K) NonClass: 5764K(5824K)->5764K(5824K) Class: 533K(640K)->533K(640K)
[3.011s][info][gc             ] GC(46) Pause Young (Allocation Failure) 319M->320M(378M) 67.440ms
[3.011s][info][gc,cpu         ] GC(46) User=0.06s Sys=0.00s Real=0.07s
[3.011s][info][gc,start       ] GC(47) Pause Full (Ergonomics)
[3.011s][info][gc,phases,start] GC(47) Marking Phase
[3.254s][info][gc,phases      ] GC(47) Marking Phase 242.937ms
[3.254s][info][gc,phases,start] GC(47) Summary Phase
[3.254s][info][gc,phases      ] GC(47) Summary Phase 0.022ms
[3.254s][info][gc,phases,start] GC(47) Adjust Roots
[3.255s][info][gc,phases      ] GC(47) Adjust Roots 0.223ms
[3.255s][info][gc,phases,start] GC(47) Compaction Phase
[3.374s][info][gc,phases      ] GC(47) Compaction Phase 119.828ms
[3.375s][info][gc,phases,start] GC(47) Post Compact
[3.377s][info][gc,phases      ] GC(47) Post Compact 1.926ms
[3.377s][info][gc,heap        ] GC(47) PSYoungGen: 19488K(75264K)->15339K(77312K) Eden: 0K(22528K)->0K(24576K) From: 19488K(52736K)->15339K(52736K)
[3.377s][info][gc,heap        ] GC(47) ParOldGen: 308448K(311808K)->311737K(341504K)
[3.377s][info][gc,metaspace   ] GC(47) Metaspace: 6298K(6464K)->6298K(6464K) NonClass: 5764K(5824K)->5764K(5824K) Class: 533K(640K)->533K(640K)
[3.377s][info][gc             ] GC(47) Pause Full (Ergonomics) 320M->319M(409M) 365.504ms
[3.377s][info][gc,cpu         ] GC(47) User=0.36s Sys=0.00s Real=0.37s
[3.404s][info][gc,start       ] GC(48) Pause Full (Ergonomics)
[3.404s][info][gc,phases,start] GC(48) Marking Phase
[3.668s][info][gc,phases      ] GC(48) Marking Phase 263.775ms
[3.668s][info][gc,phases,start] GC(48) Summary Phase
[3.668s][info][gc,phases      ] GC(48) Summary Phase 0.024ms
[3.668s][info][gc,phases,start] GC(48) Adjust Roots
[3.668s][info][gc,phases      ] GC(48) Adjust Roots 0.187ms
[3.669s][info][gc,phases,start] GC(48) Compaction Phase
[3.783s][info][gc,phases      ] GC(48) Compaction Phase 114.267ms
[3.783s][info][gc,phases,start] GC(48) Post Compact
[3.785s][info][gc,phases      ] GC(48) Post Compact 1.780ms
[3.785s][info][gc,heap        ] GC(48) PSYoungGen: 39915K(77312K)->10219K(77312K) Eden: 24576K(24576K)->0K(24576K) From: 15339K(52736K)->10219K(52736K)
[3.785s][info][gc,heap        ] GC(48) ParOldGen: 311737K(341504K)->341404K(341504K)
[3.785s][info][gc,metaspace   ] GC(48) Metaspace: 6298K(6464K)->6298K(6464K) NonClass: 5764K(5824K)->5764K(5824K) Class: 533K(640K)->533K(640K)
[3.785s][info][gc             ] GC(48) Pause Full (Ergonomics) 343M->343M(409M) 380.465ms
[3.785s][info][gc,cpu         ] GC(48) User=0.36s Sys=0.00s Real=0.38s
[3.834s][info][gc,start       ] GC(49) Pause Full (Ergonomics)
[3.834s][info][gc,phases,start] GC(49) Marking Phase
[4.117s][info][gc,phases      ] GC(49) Marking Phase 282.437ms
[4.117s][info][gc,phases,start] GC(49) Summary Phase
[4.117s][info][gc,phases      ] GC(49) Summary Phase 0.023ms
[4.117s][info][gc,phases,start] GC(49) Adjust Roots
[4.117s][info][gc,phases      ] GC(49) Adjust Roots 0.214ms
[4.117s][info][gc,phases,start] GC(49) Compaction Phase
[4.235s][info][gc,phases      ] GC(49) Compaction Phase 117.904ms
[4.235s][info][gc,phases,start] GC(49) Post Compact
[4.237s][info][gc,phases      ] GC(49) Post Compact 1.706ms
[4.237s][info][gc,heap        ] GC(49) PSYoungGen: 34795K(77312K)->33761K(77312K) Eden: 24576K(24576K)->24566K(24576K) From: 10219K(52736K)->9195K(52736K)
[4.237s][info][gc,heap        ] GC(49) ParOldGen: 341404K(341504K)->334235K(341504K)
[4.237s][info][gc,metaspace   ] GC(49) Metaspace: 6298K(6464K)->6298K(6464K) NonClass: 5764K(5824K)->5764K(5824K) Class: 533K(640K)->533K(640K)
[4.237s][info][gc             ] GC(49) Pause Full (Ergonomics) 367M->359M(409M) 402.692ms
[4.237s][info][gc,cpu         ] GC(49) User=0.36s Sys=0.00s Real=0.40s
[4.237s][info][gc,start       ] GC(50) Pause Full (Ergonomics)
[4.237s][info][gc,phases,start] GC(50) Marking Phase
[4.516s][info][gc,phases      ] GC(50) Marking Phase 279.278ms
[4.516s][info][gc,phases,start] GC(50) Summary Phase
[4.516s][info][gc,phases      ] GC(50) Summary Phase 0.035ms
[4.516s][info][gc,phases,start] GC(50) Adjust Roots
[4.517s][info][gc,phases      ] GC(50) Adjust Roots 0.294ms
[4.517s][info][gc,phases,start] GC(50) Compaction Phase
[4.612s][info][gc,phases      ] GC(50) Compaction Phase 94.902ms
[4.612s][info][gc,phases,start] GC(50) Post Compact
[4.613s][info][gc,phases      ] GC(50) Post Compact 1.535ms
[4.613s][info][gc,heap        ] GC(50) PSYoungGen: 33771K(77312K)->33770K(77312K) Eden: 24576K(24576K)->24575K(24576K) From: 9195K(52736K)->9195K(52736K)
[4.613s][info][gc,heap        ] GC(50) ParOldGen: 334235K(341504K)->334235K(341504K)
[4.613s][info][gc,metaspace   ] GC(50) Metaspace: 6298K(6464K)->6298K(6464K) NonClass: 5764K(5824K)->5764K(5824K) Class: 533K(640K)->533K(640K)
[4.613s][info][gc             ] GC(50) Pause Full (Ergonomics) 359M->359M(409M) 376.429ms
[4.613s][info][gc,cpu         ] GC(50) User=0.36s Sys=0.00s Real=0.38s
[4.614s][info][gc,start       ] GC(51) Pause Full (Ergonomics)
[4.614s][info][gc,phases,start] GC(51) Marking Phase
[4.897s][info][gc,phases      ] GC(51) Marking Phase 283.641ms
[4.897s][info][gc,phases,start] GC(51) Summary Phase
[4.898s][info][gc,phases      ] GC(51) Summary Phase 0.034ms
[4.898s][info][gc,phases,start] GC(51) Adjust Roots
[4.898s][info][gc,phases      ] GC(51) Adjust Roots 0.259ms
[4.898s][info][gc,phases,start] GC(51) Compaction Phase
[4.999s][info][gc,phases      ] GC(51) Compaction Phase 101.491ms
[4.999s][info][gc,phases,start] GC(51) Post Compact
[5.001s][info][gc,phases      ] GC(51) Post Compact 1.517ms
[5.001s][info][gc,heap        ] GC(51) PSYoungGen: 33770K(77312K)->33770K(77312K) Eden: 24575K(24576K)->24575K(24576K) From: 9195K(52736K)->9195K(52736K)
[5.001s][info][gc,heap        ] GC(51) ParOldGen: 334235K(341504K)->334235K(341504K)
[5.001s][info][gc,metaspace   ] GC(51) Metaspace: 6298K(6464K)->6298K(6464K) NonClass: 5764K(5824K)->5764K(5824K) Class: 533K(640K)->533K(640K)
[5.001s][info][gc             ] GC(51) Pause Full (Ergonomics) 359M->359M(409M) 387.329ms
[5.001s][info][gc,cpu         ] GC(51) User=0.36s Sys=0.00s Real=0.39s
[5.001s][info][gc,start       ] GC(52) Pause Full (Ergonomics)
[5.001s][info][gc,phases,start] GC(52) Marking Phase
[5.278s][info][gc,phases      ] GC(52) Marking Phase 276.949ms
[5.278s][info][gc,phases,start] GC(52) Summary Phase
[5.278s][info][gc,phases      ] GC(52) Summary Phase 0.034ms
[5.278s][info][gc,phases,start] GC(52) Adjust Roots
[5.279s][info][gc,phases      ] GC(52) Adjust Roots 0.239ms
[5.279s][info][gc,phases,start] GC(52) Compaction Phase
[5.375s][info][gc,phases      ] GC(52) Compaction Phase 96.380ms
[5.375s][info][gc,phases,start] GC(52) Post Compact
[5.377s][info][gc,phases      ] GC(52) Post Compact 1.531ms
[5.377s][info][gc,heap        ] GC(52) PSYoungGen: 33771K(77312K)->33771K(77312K) Eden: 24575K(24576K)->24575K(24576K) From: 9195K(52736K)->9195K(52736K)
[5.377s][info][gc,heap        ] GC(52) ParOldGen: 334240K(341504K)->334240K(341504K)
[5.377s][info][gc,metaspace   ] GC(52) Metaspace: 6298K(6464K)->6298K(6464K) NonClass: 5764K(5824K)->5764K(5824K) Class: 533K(640K)->533K(640K)
[5.377s][info][gc             ] GC(52) Pause Full (Ergonomics) 359M->359M(409M) 375.521ms
[5.377s][info][gc,cpu         ] GC(52) User=0.38s Sys=0.00s Real=0.38s
[5.377s][info][gc,start       ] GC(53) Pause Full (Ergonomics)
[5.377s][info][gc,phases,start] GC(53) Marking Phase
[5.657s][info][gc,phases      ] GC(53) Marking Phase 279.541ms
[5.657s][info][gc,phases,start] GC(53) Summary Phase
[5.657s][info][gc,phases      ] GC(53) Summary Phase 0.029ms
[5.657s][info][gc,phases,start] GC(53) Adjust Roots
[5.657s][info][gc,phases      ] GC(53) Adjust Roots 0.246ms
[5.657s][info][gc,phases,start] GC(53) Compaction Phase
[5.752s][info][gc,phases      ] GC(53) Compaction Phase 95.123ms
[5.752s][info][gc,phases,start] GC(53) Post Compact
[5.754s][info][gc,phases      ] GC(53) Post Compact 1.479ms
[5.754s][info][gc,heap        ] GC(53) PSYoungGen: 33771K(77312K)->33771K(77312K) Eden: 24575K(24576K)->24575K(24576K) From: 9195K(52736K)->9195K(52736K)
[5.754s][info][gc,heap        ] GC(53) ParOldGen: 334245K(341504K)->334245K(341504K)
[5.754s][info][gc,metaspace   ] GC(53) Metaspace: 6298K(6464K)->6298K(6464K) NonClass: 5764K(5824K)->5764K(5824K) Class: 533K(640K)->533K(640K)
[5.754s][info][gc             ] GC(53) Pause Full (Ergonomics) 359M->359M(409M) 376.894ms
[5.754s][info][gc,cpu         ] GC(53) User=0.36s Sys=0.00s Real=0.38s
[5.755s][info][gc,start       ] GC(54) Pause Full (Ergonomics)
[5.755s][info][gc,phases,start] GC(54) Marking Phase
[6.034s][info][gc,phases      ] GC(54) Marking Phase 279.197ms
[6.034s][info][gc,phases,start] GC(54) Summary Phase
[6.034s][info][gc,phases      ] GC(54) Summary Phase 0.023ms
[6.034s][info][gc,phases,start] GC(54) Adjust Roots
[6.034s][info][gc,phases      ] GC(54) Adjust Roots 0.243ms
[6.034s][info][gc,phases,start] GC(54) Compaction Phase
[6.130s][info][gc,phases      ] GC(54) Compaction Phase 95.681ms
[6.130s][info][gc,phases,start] GC(54) Post Compact
[6.132s][info][gc,phases      ] GC(54) Post Compact 1.519ms
[6.132s][info][gc,heap        ] GC(54) PSYoungGen: 33771K(77312K)->33771K(77312K) Eden: 24575K(24576K)->24575K(24576K) From: 9195K(52736K)->9195K(52736K)
[6.132s][info][gc,heap        ] GC(54) ParOldGen: 334249K(341504K)->334249K(341504K)
[6.132s][info][gc,metaspace   ] GC(54) Metaspace: 6298K(6464K)->6298K(6464K) NonClass: 5764K(5824K)->5764K(5824K) Class: 533K(640K)->533K(640K)
[6.132s][info][gc             ] GC(54) Pause Full (Ergonomics) 359M->359M(409M) 377.015ms
[6.132s][info][gc,cpu         ] GC(54) User=0.38s Sys=0.00s Real=0.38s
[6.132s][info][gc,start       ] GC(55) Pause Full (Ergonomics)
[6.132s][info][gc,phases,start] GC(55) Marking Phase
[6.412s][info][gc,phases      ] GC(55) Marking Phase 279.522ms
[6.412s][info][gc,phases,start] GC(55) Summary Phase
[6.412s][info][gc,phases      ] GC(55) Summary Phase 0.023ms
[6.412s][info][gc,phases,start] GC(55) Adjust Roots
[6.412s][info][gc,phases      ] GC(55) Adjust Roots 0.210ms
[6.412s][info][gc,phases,start] GC(55) Compaction Phase
[6.508s][info][gc,phases      ] GC(55) Compaction Phase 96.159ms
[6.508s][info][gc,phases,start] GC(55) Post Compact
[6.510s][info][gc,phases      ] GC(55) Post Compact 1.502ms
[6.510s][info][gc,heap        ] GC(55) PSYoungGen: 33771K(77312K)->33771K(77312K) Eden: 24575K(24576K)->24575K(24576K) From: 9195K(52736K)->9195K(52736K)
[6.510s][info][gc,heap        ] GC(55) ParOldGen: 334254K(341504K)->334254K(341504K)
[6.510s][info][gc,metaspace   ] GC(55) Metaspace: 6298K(6464K)->6298K(6464K) NonClass: 5764K(5824K)->5764K(5824K) Class: 533K(640K)->533K(640K)
[6.510s][info][gc             ] GC(55) Pause Full (Ergonomics) 359M->359M(409M) 377.798ms
[6.510s][info][gc,cpu         ] GC(55) User=0.36s Sys=0.00s Real=0.38s
[6.510s][info][gc,start       ] GC(56) Pause Full (Ergonomics)
[6.511s][info][gc,phases,start] GC(56) Marking Phase
[6.786s][info][gc,phases      ] GC(56) Marking Phase 275.207ms
[6.786s][info][gc,phases,start] GC(56) Summary Phase
[6.786s][info][gc,phases      ] GC(56) Summary Phase 0.035ms
[6.786s][info][gc,phases,start] GC(56) Adjust Roots
[6.786s][info][gc,phases      ] GC(56) Adjust Roots 0.299ms
[6.786s][info][gc,phases,start] GC(56) Compaction Phase
[6.883s][info][gc,phases      ] GC(56) Compaction Phase 96.618ms
[6.883s][info][gc,phases,start] GC(56) Post Compact
[6.884s][info][gc,phases      ] GC(56) Post Compact 1.519ms
[6.885s][info][gc,heap        ] GC(56) PSYoungGen: 33771K(77312K)->33771K(77312K) Eden: 24575K(24576K)->24575K(24576K) From: 9195K(52736K)->9195K(52736K)
[6.885s][info][gc,heap        ] GC(56) ParOldGen: 334259K(341504K)->334259K(341504K)
[6.885s][info][gc,metaspace   ] GC(56) Metaspace: 6298K(6464K)->6298K(6464K) NonClass: 5764K(5824K)->5764K(5824K) Class: 533K(640K)->533K(640K)
[6.885s][info][gc             ] GC(56) Pause Full (Ergonomics) 359M->359M(409M) 374.084ms
[6.885s][info][gc,cpu         ] GC(56) User=0.34s Sys=0.00s Real=0.38s
[6.885s][info][gc,start       ] GC(57) Pause Full (Ergonomics)
[6.885s][info][gc,phases,start] GC(57) Marking Phase
[7.159s][info][gc,phases      ] GC(57) Marking Phase 274.272ms
[7.159s][info][gc,phases,start] GC(57) Summary Phase
[7.159s][info][gc,phases      ] GC(57) Summary Phase 0.034ms
[7.159s][info][gc,phases,start] GC(57) Adjust Roots
[7.160s][info][gc,phases      ] GC(57) Adjust Roots 0.260ms
[7.160s][info][gc,phases,start] GC(57) Compaction Phase
[7.256s][info][gc,phases      ] GC(57) Compaction Phase 96.020ms
[7.256s][info][gc,phases,start] GC(57) Post Compact
[7.257s][info][gc,phases      ] GC(57) Post Compact 1.493ms
[7.257s][info][gc,heap        ] GC(57) PSYoungGen: 33771K(77312K)->33771K(77312K) Eden: 24575K(24576K)->24575K(24576K) From: 9195K(52736K)->9195K(52736K)
[7.257s][info][gc,heap        ] GC(57) ParOldGen: 334263K(341504K)->334263K(341504K)
[7.257s][info][gc,metaspace   ] GC(57) Metaspace: 6298K(6464K)->6298K(6464K) NonClass: 5764K(5824K)->5764K(5824K) Class: 533K(640K)->533K(640K)
[7.257s][info][gc             ] GC(57) Pause Full (Ergonomics) 359M->359M(409M) 372.451ms
[7.257s][info][gc,cpu         ] GC(57) User=0.38s Sys=0.00s Real=0.37s
[7.258s][info][gc,start       ] GC(58) Pause Full (Ergonomics)
[7.258s][info][gc,phases,start] GC(58) Marking Phase
[7.537s][info][gc,phases      ] GC(58) Marking Phase 279.522ms
[7.537s][info][gc,phases,start] GC(58) Summary Phase
[7.537s][info][gc,phases      ] GC(58) Summary Phase 0.034ms
[7.538s][info][gc,phases,start] GC(58) Adjust Roots
[7.538s][info][gc,phases      ] GC(58) Adjust Roots 0.261ms
[7.538s][info][gc,phases,start] GC(58) Compaction Phase
[7.634s][info][gc,phases      ] GC(58) Compaction Phase 96.103ms
[7.634s][info][gc,phases,start] GC(58) Post Compact
[7.636s][info][gc,phases      ] GC(58) Post Compact 1.535ms
[7.636s][info][gc,heap        ] GC(58) PSYoungGen: 33771K(77312K)->33771K(77312K) Eden: 24575K(24576K)->24575K(24576K) From: 9195K(52736K)->9195K(52736K)
[7.636s][info][gc,heap        ] GC(58) ParOldGen: 334268K(341504K)->334268K(341504K)
[7.636s][info][gc,metaspace   ] GC(58) Metaspace: 6298K(6464K)->6298K(6464K) NonClass: 5764K(5824K)->5764K(5824K) Class: 533K(640K)->533K(640K)
[7.636s][info][gc             ] GC(58) Pause Full (Ergonomics) 359M->359M(409M) 377.869ms
[7.636s][info][gc,cpu         ] GC(58) User=0.34s Sys=0.00s Real=0.38s
[7.636s][info][gc,start       ] GC(59) Pause Full (Ergonomics)
[7.636s][info][gc,phases,start] GC(59) Marking Phase
[7.916s][info][gc,phases      ] GC(59) Marking Phase 279.675ms
[7.916s][info][gc,phases,start] GC(59) Summary Phase
[7.916s][info][gc,phases      ] GC(59) Summary Phase 0.023ms
[7.916s][info][gc,phases,start] GC(59) Adjust Roots
[7.916s][info][gc,phases      ] GC(59) Adjust Roots 0.248ms
[7.916s][info][gc,phases,start] GC(59) Compaction Phase
[8.013s][info][gc,phases      ] GC(59) Compaction Phase 96.646ms
[8.013s][info][gc,phases,start] GC(59) Post Compact
[8.014s][info][gc,phases      ] GC(59) Post Compact 1.522ms
[8.014s][info][gc,heap        ] GC(59) PSYoungGen: 33771K(77312K)->33771K(77312K) Eden: 24575K(24576K)->24575K(24576K) From: 9195K(52736K)->9195K(52736K)
[8.014s][info][gc,heap        ] GC(59) ParOldGen: 334273K(341504K)->334273K(341504K)
[8.014s][info][gc,metaspace   ] GC(59) Metaspace: 6298K(6464K)->6298K(6464K) NonClass: 5764K(5824K)->5764K(5824K) Class: 533K(640K)->533K(640K)
[8.014s][info][gc             ] GC(59) Pause Full (Ergonomics) 359M->359M(409M) 378.463ms
[8.014s][info][gc,cpu         ] GC(59) User=0.34s Sys=0.00s Real=0.38s
[8.015s][info][gc,start       ] GC(60) Pause Full (Ergonomics)
[8.015s][info][gc,phases,start] GC(60) Marking Phase
[8.294s][info][gc,phases      ] GC(60) Marking Phase 279.551ms
[8.294s][info][gc,phases,start] GC(60) Summary Phase
[8.294s][info][gc,phases      ] GC(60) Summary Phase 0.035ms
[8.294s][info][gc,phases,start] GC(60) Adjust Roots
[8.295s][info][gc,phases      ] GC(60) Adjust Roots 0.276ms
[8.295s][info][gc,phases,start] GC(60) Compaction Phase
[8.391s][info][gc,phases      ] GC(60) Compaction Phase 96.562ms
[8.391s][info][gc,phases,start] GC(60) Post Compact
[8.393s][info][gc,phases      ] GC(60) Post Compact 1.519ms
[8.393s][info][gc,heap        ] GC(60) PSYoungGen: 33771K(77312K)->33771K(77312K) Eden: 24575K(24576K)->24575K(24576K) From: 9195K(52736K)->9195K(52736K)
[8.393s][info][gc,heap        ] GC(60) ParOldGen: 334277K(341504K)->334277K(341504K)
[8.393s][info][gc,metaspace   ] GC(60) Metaspace: 6298K(6464K)->6298K(6464K) NonClass: 5764K(5824K)->5764K(5824K) Class: 533K(640K)->533K(640K)
[8.393s][info][gc             ] GC(60) Pause Full (Ergonomics) 359M->359M(409M) 378.336ms
[8.393s][info][gc,cpu         ] GC(60) User=0.36s Sys=0.00s Real=0.38s
[8.393s][info][gc,start       ] GC(61) Pause Full (Ergonomics)
[8.393s][info][gc,phases,start] GC(61) Marking Phase
[8.673s][info][gc,phases      ] GC(61) Marking Phase 279.448ms
[8.673s][info][gc,phases,start] GC(61) Summary Phase
[8.673s][info][gc,phases      ] GC(61) Summary Phase 0.035ms
[8.673s][info][gc,phases,start] GC(61) Adjust Roots
[8.673s][info][gc,phases      ] GC(61) Adjust Roots 0.260ms
[8.673s][info][gc,phases,start] GC(61) Compaction Phase
[8.769s][info][gc,phases      ] GC(61) Compaction Phase 95.882ms
[8.769s][info][gc,phases,start] GC(61) Post Compact
[8.771s][info][gc,phases      ] GC(61) Post Compact 1.523ms
[8.771s][info][gc,heap        ] GC(61) PSYoungGen: 33771K(77312K)->33771K(77312K) Eden: 24575K(24576K)->24575K(24576K) From: 9195K(52736K)->9195K(52736K)
[8.771s][info][gc,heap        ] GC(61) ParOldGen: 334282K(341504K)->334282K(341504K)
[8.771s][info][gc,metaspace   ] GC(61) Metaspace: 6298K(6464K)->6298K(6464K) NonClass: 5764K(5824K)->5764K(5824K) Class: 533K(640K)->533K(640K)
[8.771s][info][gc             ] GC(61) Pause Full (Ergonomics) 359M->359M(409M) 377.529ms
[8.771s][info][gc,cpu         ] GC(61) User=0.36s Sys=0.00s Real=0.38s
[8.771s][info][gc,start       ] GC(62) Pause Full (Ergonomics)
[8.771s][info][gc,phases,start] GC(62) Marking Phase
[9.050s][info][gc,phases      ] GC(62) Marking Phase 279.169ms
[9.050s][info][gc,phases,start] GC(62) Summary Phase
[9.050s][info][gc,phases      ] GC(62) Summary Phase 0.034ms
[9.050s][info][gc,phases,start] GC(62) Adjust Roots
[9.051s][info][gc,phases      ] GC(62) Adjust Roots 0.279ms
[9.051s][info][gc,phases,start] GC(62) Compaction Phase
[9.148s][info][gc,phases      ] GC(62) Compaction Phase 97.091ms
[9.148s][info][gc,phases,start] GC(62) Post Compact
[9.149s][info][gc,phases      ] GC(62) Post Compact 1.505ms
[9.150s][info][gc,heap        ] GC(62) PSYoungGen: 33771K(77312K)->33771K(77312K) Eden: 24575K(24576K)->24575K(24576K) From: 9195K(52736K)->9195K(52736K)
[9.150s][info][gc,heap        ] GC(62) ParOldGen: 334287K(341504K)->334287K(341504K)
[9.150s][info][gc,metaspace   ] GC(62) Metaspace: 6298K(6464K)->6298K(6464K) NonClass: 5764K(5824K)->5764K(5824K) Class: 533K(640K)->533K(640K)
[9.150s][info][gc             ] GC(62) Pause Full (Ergonomics) 359M->359M(409M) 378.464ms
[9.150s][info][gc,cpu         ] GC(62) User=0.33s Sys=0.00s Real=0.38s
[9.150s][info][gc,start       ] GC(63) Pause Full (Ergonomics)
[9.150s][info][gc,phases,start] GC(63) Marking Phase
[9.430s][info][gc,phases      ] GC(63) Marking Phase 279.640ms
[9.430s][info][gc,phases,start] GC(63) Summary Phase
[9.430s][info][gc,phases      ] GC(63) Summary Phase 0.034ms
[9.430s][info][gc,phases,start] GC(63) Adjust Roots
[9.430s][info][gc,phases      ] GC(63) Adjust Roots 0.275ms
[9.430s][info][gc,phases,start] GC(63) Compaction Phase
[9.526s][info][gc,phases      ] GC(63) Compaction Phase 95.709ms
[9.526s][info][gc,phases,start] GC(63) Post Compact
[9.527s][info][gc,phases      ] GC(63) Post Compact 1.508ms
[9.527s][info][gc,heap        ] GC(63) PSYoungGen: 33771K(77312K)->33771K(77312K) Eden: 24575K(24576K)->24575K(24576K) From: 9195K(52736K)->9195K(52736K)
[9.527s][info][gc,heap        ] GC(63) ParOldGen: 334291K(341504K)->334291K(341504K)
[9.527s][info][gc,metaspace   ] GC(63) Metaspace: 6298K(6464K)->6298K(6464K) NonClass: 5764K(5824K)->5764K(5824K) Class: 533K(640K)->533K(640K)
[9.527s][info][gc             ] GC(63) Pause Full (Ergonomics) 359M->359M(409M) 377.583ms
[9.527s][info][gc,cpu         ] GC(63) User=0.34s Sys=0.00s Real=0.38s
[9.528s][info][gc,start       ] GC(64) Pause Full (Ergonomics)
[9.528s][info][gc,phases,start] GC(64) Marking Phase
[9.803s][info][gc,phases      ] GC(64) Marking Phase 275.469ms
[9.803s][info][gc,phases,start] GC(64) Summary Phase
[9.803s][info][gc,phases      ] GC(64) Summary Phase 0.034ms
[9.803s][info][gc,phases,start] GC(64) Adjust Roots
[9.804s][info][gc,phases      ] GC(64) Adjust Roots 0.263ms
[9.804s][info][gc,phases,start] GC(64) Compaction Phase
[9.900s][info][gc,phases      ] GC(64) Compaction Phase 96.056ms
[9.900s][info][gc,phases,start] GC(64) Post Compact
[9.901s][info][gc,phases      ] GC(64) Post Compact 1.639ms
[9.902s][info][gc,heap        ] GC(64) PSYoungGen: 33771K(77312K)->33771K(77312K) Eden: 24575K(24576K)->24575K(24576K) From: 9195K(52736K)->9195K(52736K)
[9.902s][info][gc,heap        ] GC(64) ParOldGen: 334296K(341504K)->334296K(341504K)
[9.902s][info][gc,metaspace   ] GC(64) Metaspace: 6298K(6464K)->6298K(6464K) NonClass: 5764K(5824K)->5764K(5824K) Class: 533K(640K)->533K(640K)
[9.902s][info][gc             ] GC(64) Pause Full (Ergonomics) 359M->359M(409M) 373.864ms
[9.902s][info][gc,cpu         ] GC(64) User=0.34s Sys=0.00s Real=0.37s
[9.902s][info][gc,start       ] GC(65) Pause Full (Ergonomics)
[9.902s][info][gc,phases,start] GC(65) Marking Phase
[10.181s][info][gc,phases      ] GC(65) Marking Phase 279.558ms
[10.181s][info][gc,phases,start] GC(65) Summary Phase
[10.182s][info][gc,phases      ] GC(65) Summary Phase 0.023ms
[10.182s][info][gc,phases,start] GC(65) Adjust Roots
[10.182s][info][gc,phases      ] GC(65) Adjust Roots 0.270ms
[10.182s][info][gc,phases,start] GC(65) Compaction Phase
[10.278s][info][gc,phases      ] GC(65) Compaction Phase 96.560ms
[10.278s][info][gc,phases,start] GC(65) Post Compact
[10.280s][info][gc,phases      ] GC(65) Post Compact 1.499ms
[10.280s][info][gc,heap        ] GC(65) PSYoungGen: 33771K(77312K)->33771K(77312K) Eden: 24575K(24576K)->24575K(24576K) From: 9195K(52736K)->9195K(52736K)
[10.280s][info][gc,heap        ] GC(65) ParOldGen: 334301K(341504K)->334301K(341504K)
[10.280s][info][gc,metaspace   ] GC(65) Metaspace: 6298K(6464K)->6298K(6464K) NonClass: 5764K(5824K)->5764K(5824K) Class: 533K(640K)->533K(640K)
[10.280s][info][gc             ] GC(65) Pause Full (Ergonomics) 359M->359M(409M) 378.271ms
[10.280s][info][gc,cpu         ] GC(65) User=0.36s Sys=0.00s Real=0.38s
[10.281s][info][gc,start       ] GC(66) Pause Full (Ergonomics)
[10.281s][info][gc,phases,start] GC(66) Marking Phase
[10.562s][info][gc,phases      ] GC(66) Marking Phase 280.971ms
[10.562s][info][gc,phases,start] GC(66) Summary Phase
[10.562s][info][gc,phases      ] GC(66) Summary Phase 0.034ms
[10.562s][info][gc,phases,start] GC(66) Adjust Roots
[10.562s][info][gc,phases      ] GC(66) Adjust Roots 0.289ms
[10.562s][info][gc,phases,start] GC(66) Compaction Phase
[10.657s][info][gc,phases      ] GC(66) Compaction Phase 95.343ms
[10.657s][info][gc,phases,start] GC(66) Post Compact
[10.659s][info][gc,phases      ] GC(66) Post Compact 1.509ms
[10.659s][info][gc,heap        ] GC(66) PSYoungGen: 33771K(77312K)->33771K(77312K) Eden: 24575K(24576K)->24575K(24576K) From: 9195K(52736K)->9195K(52736K)
[10.659s][info][gc,heap        ] GC(66) ParOldGen: 334305K(341504K)->334305K(341504K)
[10.659s][info][gc,metaspace   ] GC(66) Metaspace: 6298K(6464K)->6298K(6464K) NonClass: 5764K(5824K)->5764K(5824K) Class: 533K(640K)->533K(640K)
[10.659s][info][gc             ] GC(66) Pause Full (Ergonomics) 359M->359M(409M) 378.524ms
[10.659s][info][gc,cpu         ] GC(66) User=0.36s Sys=0.00s Real=0.38s
[10.659s][info][gc,start       ] GC(67) Pause Full (Ergonomics)
[10.659s][info][gc,phases,start] GC(67) Marking Phase
[10.939s][info][gc,phases      ] GC(67) Marking Phase 279.577ms
[10.939s][info][gc,phases,start] GC(67) Summary Phase
[10.939s][info][gc,phases      ] GC(67) Summary Phase 0.034ms
[10.939s][info][gc,phases,start] GC(67) Adjust Roots
[10.939s][info][gc,phases      ] GC(67) Adjust Roots 0.261ms
[10.939s][info][gc,phases,start] GC(67) Compaction Phase
[11.036s][info][gc,phases      ] GC(67) Compaction Phase 96.811ms
[11.036s][info][gc,phases,start] GC(67) Post Compact
[11.038s][info][gc,phases      ] GC(67) Post Compact 1.500ms
[11.038s][info][gc,heap        ] GC(67) PSYoungGen: 33771K(77312K)->33771K(77312K) Eden: 24575K(24576K)->24575K(24576K) From: 9195K(52736K)->9195K(52736K)
[11.038s][info][gc,heap        ] GC(67) ParOldGen: 334310K(341504K)->334310K(341504K)
[11.038s][info][gc,metaspace   ] GC(67) Metaspace: 6298K(6464K)->6298K(6464K) NonClass: 5764K(5824K)->5764K(5824K) Class: 533K(640K)->533K(640K)
[11.038s][info][gc             ] GC(67) Pause Full (Ergonomics) 359M->359M(409M) 378.591ms
[11.038s][info][gc,cpu         ] GC(67) User=0.36s Sys=0.00s Real=0.38s
[11.038s][info][gc,start       ] GC(68) Pause Full (Ergonomics)
[11.038s][info][gc,phases,start] GC(68) Marking Phase
[11.318s][info][gc,phases      ] GC(68) Marking Phase 279.541ms
[11.318s][info][gc,phases,start] GC(68) Summary Phase
[11.318s][info][gc,phases      ] GC(68) Summary Phase 0.034ms
[11.318s][info][gc,phases,start] GC(68) Adjust Roots
[11.318s][info][gc,phases      ] GC(68) Adjust Roots 0.279ms
[11.318s][info][gc,phases,start] GC(68) Compaction Phase
[11.415s][info][gc,phases      ] GC(68) Compaction Phase 96.650ms
[11.415s][info][gc,phases,start] GC(68) Post Compact
[11.417s][info][gc,phases      ] GC(68) Post Compact 1.520ms
[11.417s][info][gc,heap        ] GC(68) PSYoungGen: 33771K(77312K)->33771K(77312K) Eden: 24575K(24576K)->24575K(24576K) From: 9195K(52736K)->9195K(52736K)
[11.417s][info][gc,heap        ] GC(68) ParOldGen: 334315K(341504K)->334315K(341504K)
[11.417s][info][gc,metaspace   ] GC(68) Metaspace: 6298K(6464K)->6298K(6464K) NonClass: 5764K(5824K)->5764K(5824K) Class: 533K(640K)->533K(640K)
[11.417s][info][gc             ] GC(68) Pause Full (Ergonomics) 359M->359M(409M) 378.410ms
[11.417s][info][gc,cpu         ] GC(68) User=0.34s Sys=0.00s Real=0.38s
[11.417s][info][gc,start       ] GC(69) Pause Full (Ergonomics)
[11.417s][info][gc,phases,start] GC(69) Marking Phase
[11.698s][info][gc,phases      ] GC(69) Marking Phase 281.176ms
[11.698s][info][gc,phases,start] GC(69) Summary Phase
[11.698s][info][gc,phases      ] GC(69) Summary Phase 0.080ms
[11.698s][info][gc,phases,start] GC(69) Adjust Roots
[11.699s][info][gc,phases      ] GC(69) Adjust Roots 0.296ms
[11.699s][info][gc,phases,start] GC(69) Compaction Phase
[11.795s][info][gc,phases      ] GC(69) Compaction Phase 96.527ms
[11.795s][info][gc,phases,start] GC(69) Post Compact
[11.797s][info][gc,phases      ] GC(69) Post Compact 1.507ms
[11.797s][info][gc,heap        ] GC(69) PSYoungGen: 33771K(77312K)->33771K(77312K) Eden: 24575K(24576K)->24575K(24576K) From: 9195K(52736K)->9195K(52736K)
[11.797s][info][gc,heap        ] GC(69) ParOldGen: 334319K(341504K)->334319K(341504K)
[11.797s][info][gc,metaspace   ] GC(69) Metaspace: 6298K(6464K)->6298K(6464K) NonClass: 5764K(5824K)->5764K(5824K) Class: 533K(640K)->533K(640K)
[11.797s][info][gc             ] GC(69) Pause Full (Ergonomics) 359M->359M(409M) 380.012ms
[11.797s][info][gc,cpu         ] GC(69) User=0.34s Sys=0.00s Real=0.38s
[11.797s][info][gc,start       ] GC(70) Pause Full (Ergonomics)
[11.797s][info][gc,phases,start] GC(70) Marking Phase
[12.077s][info][gc,phases      ] GC(70) Marking Phase 279.650ms
[12.077s][info][gc,phases,start] GC(70) Summary Phase
[12.077s][info][gc,phases      ] GC(70) Summary Phase 0.106ms
[12.077s][info][gc,phases,start] GC(70) Adjust Roots
[12.077s][info][gc,phases      ] GC(70) Adjust Roots 0.226ms
[12.077s][info][gc,phases,start] GC(70) Compaction Phase
[12.180s][info][gc,phases      ] GC(70) Compaction Phase 102.868ms
[12.180s][info][gc,phases,start] GC(70) Post Compact
[12.182s][info][gc,phases      ] GC(70) Post Compact 1.519ms
[12.182s][info][gc,heap        ] GC(70) PSYoungGen: 33771K(77312K)->33771K(77312K) Eden: 24575K(24576K)->24575K(24576K) From: 9195K(52736K)->9195K(52736K)
[12.182s][info][gc,heap        ] GC(70) ParOldGen: 334324K(341504K)->334324K(341504K)
[12.182s][info][gc,metaspace   ] GC(70) Metaspace: 6298K(6464K)->6298K(6464K) NonClass: 5764K(5824K)->5764K(5824K) Class: 533K(640K)->533K(640K)
[12.182s][info][gc             ] GC(70) Pause Full (Ergonomics) 359M->359M(409M) 384.724ms
[12.182s][info][gc,cpu         ] GC(70) User=0.36s Sys=0.00s Real=0.38s
[12.182s][info][gc,start       ] GC(71) Pause Full (Ergonomics)
[12.182s][info][gc,phases,start] GC(71) Marking Phase
[12.457s][info][gc,phases      ] GC(71) Marking Phase 274.698ms
[12.457s][info][gc,phases,start] GC(71) Summary Phase
[12.457s][info][gc,phases      ] GC(71) Summary Phase 0.035ms
[12.457s][info][gc,phases,start] GC(71) Adjust Roots
[12.457s][info][gc,phases      ] GC(71) Adjust Roots 0.289ms
[12.457s][info][gc,phases,start] GC(71) Compaction Phase
[12.557s][info][gc,phases      ] GC(71) Compaction Phase 99.585ms
[12.557s][info][gc,phases,start] GC(71) Post Compact
[12.559s][info][gc,phases      ] GC(71) Post Compact 1.701ms
[12.559s][info][gc,heap        ] GC(71) PSYoungGen: 33771K(77312K)->33771K(77312K) Eden: 24575K(24576K)->24575K(24576K) From: 9195K(52736K)->9195K(52736K)
[12.559s][info][gc,heap        ] GC(71) ParOldGen: 334329K(341504K)->334329K(341504K)
[12.559s][info][gc,metaspace   ] GC(71) Metaspace: 6298K(6464K)->6298K(6464K) NonClass: 5764K(5824K)->5764K(5824K) Class: 533K(640K)->533K(640K)
[12.559s][info][gc             ] GC(71) Pause Full (Ergonomics) 359M->359M(409M) 376.690ms
[12.559s][info][gc,cpu         ] GC(71) User=0.31s Sys=0.05s Real=0.38s
[12.559s][info][gc,start       ] GC(72) Pause Full (Ergonomics)
[12.559s][info][gc,phases,start] GC(72) Marking Phase
[12.842s][info][gc,phases      ] GC(72) Marking Phase 282.962ms
[12.842s][info][gc,phases,start] GC(72) Summary Phase
[12.842s][info][gc,phases      ] GC(72) Summary Phase 0.020ms
[12.842s][info][gc,phases,start] GC(72) Adjust Roots
[12.843s][info][gc,phases      ] GC(72) Adjust Roots 0.232ms
[12.843s][info][gc,phases,start] GC(72) Compaction Phase
[12.937s][info][gc,phases      ] GC(72) Compaction Phase 94.834ms
[12.937s][info][gc,phases,start] GC(72) Post Compact
[12.939s][info][gc,phases      ] GC(72) Post Compact 1.715ms
[12.939s][info][gc,heap        ] GC(72) PSYoungGen: 33771K(77312K)->33771K(77312K) Eden: 24575K(24576K)->24575K(24576K) From: 9195K(52736K)->9195K(52736K)
[12.939s][info][gc,heap        ] GC(72) ParOldGen: 334333K(341504K)->334333K(341504K)
[12.939s][info][gc,metaspace   ] GC(72) Metaspace: 6298K(6464K)->6298K(6464K) NonClass: 5764K(5824K)->5764K(5824K) Class: 533K(640K)->533K(640K)
[12.939s][info][gc             ] GC(72) Pause Full (Ergonomics) 359M->359M(409M) 380.107ms
[12.939s][info][gc,cpu         ] GC(72) User=0.36s Sys=0.00s Real=0.38s
[12.940s][info][gc,start       ] GC(73) Pause Full (Ergonomics)
[12.940s][info][gc,phases,start] GC(73) Marking Phase
[13.217s][info][gc,phases      ] GC(73) Marking Phase 277.253ms
[13.217s][info][gc,phases,start] GC(73) Summary Phase
[13.217s][info][gc,phases      ] GC(73) Summary Phase 0.024ms
[13.217s][info][gc,phases,start] GC(73) Adjust Roots
[13.217s][info][gc,phases      ] GC(73) Adjust Roots 0.186ms
[13.217s][info][gc,phases,start] GC(73) Compaction Phase
[13.318s][info][gc,phases      ] GC(73) Compaction Phase 100.894ms
[13.318s][info][gc,phases,start] GC(73) Post Compact
[13.320s][info][gc,phases      ] GC(73) Post Compact 1.738ms
[13.320s][info][gc,heap        ] GC(73) PSYoungGen: 33771K(77312K)->33771K(77312K) Eden: 24575K(24576K)->24575K(24576K) From: 9195K(52736K)->9195K(52736K)
[13.320s][info][gc,heap        ] GC(73) ParOldGen: 334338K(341504K)->334338K(341504K)
[13.320s][info][gc,metaspace   ] GC(73) Metaspace: 6298K(6464K)->6298K(6464K) NonClass: 5764K(5824K)->5764K(5824K) Class: 533K(640K)->533K(640K)
[13.320s][info][gc             ] GC(73) Pause Full (Ergonomics) 359M->359M(409M) 380.560ms
[13.320s][info][gc,cpu         ] GC(73) User=0.36s Sys=0.00s Real=0.38s
[13.320s][info][gc,start       ] GC(74) Pause Full (Ergonomics)
[13.320s][info][gc,phases,start] GC(74) Marking Phase
[13.603s][info][gc,phases      ] GC(74) Marking Phase 282.153ms
[13.603s][info][gc,phases,start] GC(74) Summary Phase
[13.603s][info][gc,phases      ] GC(74) Summary Phase 0.022ms
[13.603s][info][gc,phases,start] GC(74) Adjust Roots
[13.603s][info][gc,phases      ] GC(74) Adjust Roots 0.263ms
[13.603s][info][gc,phases,start] GC(74) Compaction Phase
[13.704s][info][gc,phases      ] GC(74) Compaction Phase 100.974ms
[13.704s][info][gc,phases,start] GC(74) Post Compact
[13.706s][info][gc,phases      ] GC(74) Post Compact 1.722ms
[13.706s][info][gc,heap        ] GC(74) PSYoungGen: 33771K(77312K)->33771K(77312K) Eden: 24575K(24576K)->24575K(24576K) From: 9195K(52736K)->9195K(52736K)
[13.706s][info][gc,heap        ] GC(74) ParOldGen: 334343K(341504K)->334343K(341504K)
[13.706s][info][gc,metaspace   ] GC(74) Metaspace: 6298K(6464K)->6298K(6464K) NonClass: 5764K(5824K)->5764K(5824K) Class: 533K(640K)->533K(640K)
[13.706s][info][gc             ] GC(74) Pause Full (Ergonomics) 359M->359M(409M) 385.454ms
[13.706s][info][gc,cpu         ] GC(74) User=0.36s Sys=0.00s Real=0.38s
[13.706s][info][gc,start       ] GC(75) Pause Full (Ergonomics)
[13.706s][info][gc,phases,start] GC(75) Marking Phase
[13.984s][info][gc,phases      ] GC(75) Marking Phase 277.700ms
[13.984s][info][gc,phases,start] GC(75) Summary Phase
[13.984s][info][gc,phases      ] GC(75) Summary Phase 0.023ms
[13.984s][info][gc,phases,start] GC(75) Adjust Roots
[13.984s][info][gc,phases      ] GC(75) Adjust Roots 0.208ms
[13.984s][info][gc,phases,start] GC(75) Compaction Phase
[14.082s][info][gc,phases      ] GC(75) Compaction Phase 97.933ms
[14.082s][info][gc,phases,start] GC(75) Post Compact
[14.084s][info][gc,phases      ] GC(75) Post Compact 2.078ms
[14.084s][info][gc,heap        ] GC(75) PSYoungGen: 33771K(77312K)->33771K(77312K) Eden: 24575K(24576K)->24575K(24576K) From: 9195K(52736K)->9195K(52736K)
[14.084s][info][gc,heap        ] GC(75) ParOldGen: 334347K(341504K)->334347K(341504K)
[14.085s][info][gc,metaspace   ] GC(75) Metaspace: 6298K(6464K)->6298K(6464K) NonClass: 5764K(5824K)->5764K(5824K) Class: 533K(640K)->533K(640K)
[14.085s][info][gc             ] GC(75) Pause Full (Ergonomics) 359M->359M(409M) 378.309ms
[14.085s][info][gc,cpu         ] GC(75) User=0.38s Sys=0.00s Real=0.38s
[14.085s][info][gc,start       ] GC(76) Pause Full (Ergonomics)
[14.085s][info][gc,phases,start] GC(76) Marking Phase
[14.362s][info][gc,phases      ] GC(76) Marking Phase 277.111ms
[14.362s][info][gc,phases,start] GC(76) Summary Phase
[14.362s][info][gc,phases      ] GC(76) Summary Phase 0.024ms
[14.362s][info][gc,phases,start] GC(76) Adjust Roots
[14.362s][info][gc,phases      ] GC(76) Adjust Roots 0.186ms
[14.362s][info][gc,phases,start] GC(76) Compaction Phase
[14.457s][info][gc,phases      ] GC(76) Compaction Phase 95.118ms
[14.457s][info][gc,phases,start] GC(76) Post Compact
[14.459s][info][gc,phases      ] GC(76) Post Compact 1.648ms
[14.459s][info][gc,heap        ] GC(76) PSYoungGen: 33771K(77312K)->33771K(77312K) Eden: 24575K(24576K)->24575K(24576K) From: 9195K(52736K)->9195K(52736K)
[14.459s][info][gc,heap        ] GC(76) ParOldGen: 334352K(341504K)->334352K(341504K)
[14.459s][info][gc,metaspace   ] GC(76) Metaspace: 6298K(6464K)->6298K(6464K) NonClass: 5764K(5824K)->5764K(5824K) Class: 533K(640K)->533K(640K)
[14.459s][info][gc             ] GC(76) Pause Full (Ergonomics) 359M->359M(409M) 374.455ms
[14.459s][info][gc,cpu         ] GC(76) User=0.34s Sys=0.00s Real=0.38s
[14.460s][info][gc,start       ] GC(77) Pause Full (Ergonomics)
[14.460s][info][gc,phases,start] GC(77) Marking Phase
[14.737s][info][gc,phases      ] GC(77) Marking Phase 277.199ms
[14.737s][info][gc,phases,start] GC(77) Summary Phase
[14.737s][info][gc,phases      ] GC(77) Summary Phase 0.023ms
[14.737s][info][gc,phases,start] GC(77) Adjust Roots
[14.737s][info][gc,phases      ] GC(77) Adjust Roots 0.261ms
[14.737s][info][gc,phases,start] GC(77) Compaction Phase
[14.837s][info][gc,phases      ] GC(77) Compaction Phase 99.806ms
[14.837s][info][gc,phases,start] GC(77) Post Compact
[14.839s][info][gc,phases      ] GC(77) Post Compact 1.502ms
[14.839s][info][gc,heap        ] GC(77) PSYoungGen: 33771K(77312K)->33771K(77312K) Eden: 24575K(24576K)->24575K(24576K) From: 9195K(52736K)->9195K(52736K)
[14.839s][info][gc,heap        ] GC(77) ParOldGen: 334357K(341504K)->334357K(341504K)
[14.839s][info][gc,metaspace   ] GC(77) Metaspace: 6298K(6464K)->6298K(6464K) NonClass: 5764K(5824K)->5764K(5824K) Class: 533K(640K)->533K(640K)
[14.839s][info][gc             ] GC(77) Pause Full (Ergonomics) 359M->359M(409M) 379.130ms
[14.839s][info][gc,cpu         ] GC(77) User=0.34s Sys=0.02s Real=0.38s
[14.839s][info][gc,start       ] GC(78) Pause Full (Ergonomics)
[14.839s][info][gc,phases,start] GC(78) Marking Phase
[15.131s][info][gc,phases      ] GC(78) Marking Phase 291.355ms
[15.131s][info][gc,phases,start] GC(78) Summary Phase
[15.131s][info][gc,phases      ] GC(78) Summary Phase 0.021ms
[15.131s][info][gc,phases,start] GC(78) Adjust Roots
[15.131s][info][gc,phases      ] GC(78) Adjust Roots 0.268ms
[15.131s][info][gc,phases,start] GC(78) Compaction Phase
[15.226s][info][gc,phases      ] GC(78) Compaction Phase 95.107ms
[15.226s][info][gc,phases,start] GC(78) Post Compact
[15.228s][info][gc,phases      ] GC(78) Post Compact 1.793ms
[15.228s][info][gc,heap        ] GC(78) PSYoungGen: 33771K(77312K)->33771K(77312K) Eden: 24575K(24576K)->24575K(24576K) From: 9195K(52736K)->9195K(52736K)
[15.228s][info][gc,heap        ] GC(78) ParOldGen: 334361K(341504K)->334361K(341504K)
[15.228s][info][gc,metaspace   ] GC(78) Metaspace: 6298K(6464K)->6298K(6464K) NonClass: 5764K(5824K)->5764K(5824K) Class: 533K(640K)->533K(640K)
[15.228s][info][gc             ] GC(78) Pause Full (Ergonomics) 359M->359M(409M) 388.878ms
[15.228s][info][gc,cpu         ] GC(78) User=0.31s Sys=0.00s Real=0.39s
[15.228s][info][gc,start       ] GC(79) Pause Full (Ergonomics)
[15.228s][info][gc,phases,start] GC(79) Marking Phase
[15.508s][info][gc,phases      ] GC(79) Marking Phase 279.671ms
[15.508s][info][gc,phases,start] GC(79) Summary Phase
[15.508s][info][gc,phases      ] GC(79) Summary Phase 0.020ms
[15.508s][info][gc,phases,start] GC(79) Adjust Roots
[15.508s][info][gc,phases      ] GC(79) Adjust Roots 0.185ms
[15.508s][info][gc,phases,start] GC(79) Compaction Phase
[15.605s][info][gc,phases      ] GC(79) Compaction Phase 96.893ms
[15.605s][info][gc,phases,start] GC(79) Post Compact
[15.607s][info][gc,phases      ] GC(79) Post Compact 1.523ms
[15.607s][info][gc,heap        ] GC(79) PSYoungGen: 33771K(77312K)->33771K(77312K) Eden: 24575K(24576K)->24575K(24576K) From: 9195K(52736K)->9195K(52736K)
[15.607s][info][gc,heap        ] GC(79) ParOldGen: 334366K(341504K)->334366K(341504K)
[15.607s][info][gc,metaspace   ] GC(79) Metaspace: 6298K(6464K)->6298K(6464K) NonClass: 5764K(5824K)->5764K(5824K) Class: 533K(640K)->533K(640K)
[15.607s][info][gc             ] GC(79) Pause Full (Ergonomics) 359M->359M(409M) 378.615ms
[15.607s][info][gc,cpu         ] GC(79) User=0.34s Sys=0.00s Real=0.38s
[15.607s][info][gc,start       ] GC(80) Pause Full (Ergonomics)
[15.607s][info][gc,phases,start] GC(80) Marking Phase
[15.895s][info][gc,phases      ] GC(80) Marking Phase 287.724ms
[15.895s][info][gc,phases,start] GC(80) Summary Phase
[15.895s][info][gc,phases      ] GC(80) Summary Phase 0.023ms
[15.895s][info][gc,phases,start] GC(80) Adjust Roots
[15.895s][info][gc,phases      ] GC(80) Adjust Roots 0.193ms
[15.895s][info][gc,phases,start] GC(80) Compaction Phase
[15.997s][info][gc,phases      ] GC(80) Compaction Phase 101.635ms
[15.997s][info][gc,phases,start] GC(80) Post Compact
[15.999s][info][gc,phases      ] GC(80) Post Compact 1.816ms
[15.999s][info][gc,heap        ] GC(80) PSYoungGen: 33771K(77312K)->33771K(77312K) Eden: 24575K(24576K)->24575K(24576K) From: 9195K(52736K)->9195K(52736K)
[15.999s][info][gc,heap        ] GC(80) ParOldGen: 334371K(341504K)->334371K(341504K)
[15.999s][info][gc,metaspace   ] GC(80) Metaspace: 6298K(6464K)->6298K(6464K) NonClass: 5764K(5824K)->5764K(5824K) Class: 533K(640K)->533K(640K)
[15.999s][info][gc             ] GC(80) Pause Full (Ergonomics) 359M->359M(409M) 392.219ms
[15.999s][info][gc,cpu         ] GC(80) User=0.36s Sys=0.00s Real=0.39s
[16.000s][info][gc,start       ] GC(81) Pause Full (Ergonomics)
[16.000s][info][gc,phases,start] GC(81) Marking Phase
[16.277s][info][gc,phases      ] GC(81) Marking Phase 277.771ms
[16.278s][info][gc,phases,start] GC(81) Summary Phase
[16.278s][info][gc,phases      ] GC(81) Summary Phase 0.023ms
[16.278s][info][gc,phases,start] GC(81) Adjust Roots
[16.278s][info][gc,phases      ] GC(81) Adjust Roots 0.261ms
[16.278s][info][gc,phases,start] GC(81) Compaction Phase
[16.375s][info][gc,phases      ] GC(81) Compaction Phase 97.401ms
[16.375s][info][gc,phases,start] GC(81) Post Compact
[16.377s][info][gc,phases      ] GC(81) Post Compact 1.720ms
[16.377s][info][gc,heap        ] GC(81) PSYoungGen: 33771K(77312K)->33771K(77312K) Eden: 24575K(24576K)->24575K(24576K) From: 9195K(52736K)->9195K(52736K)
[16.377s][info][gc,heap        ] GC(81) ParOldGen: 334375K(341504K)->334375K(341504K)
[16.377s][info][gc,metaspace   ] GC(81) Metaspace: 6298K(6464K)->6298K(6464K) NonClass: 5764K(5824K)->5764K(5824K) Class: 533K(640K)->533K(640K)
[16.377s][info][gc             ] GC(81) Pause Full (Ergonomics) 359M->359M(409M) 377.499ms
[16.377s][info][gc,cpu         ] GC(81) User=0.34s Sys=0.00s Real=0.38s
[16.377s][info][gc,start       ] GC(82) Pause Full (Ergonomics)
[16.377s][info][gc,phases,start] GC(82) Marking Phase
[16.656s][info][gc,phases      ] GC(82) Marking Phase 278.135ms
[16.656s][info][gc,phases,start] GC(82) Summary Phase
[16.656s][info][gc,phases      ] GC(82) Summary Phase 0.034ms
[16.656s][info][gc,phases,start] GC(82) Adjust Roots
[16.656s][info][gc,phases      ] GC(82) Adjust Roots 0.222ms
[16.656s][info][gc,phases,start] GC(82) Compaction Phase
[16.753s][info][gc,phases      ] GC(82) Compaction Phase 97.473ms
[16.754s][info][gc,phases,start] GC(82) Post Compact
[16.755s][info][gc,phases      ] GC(82) Post Compact 1.514ms
[16.755s][info][gc,heap        ] GC(82) PSYoungGen: 33771K(77312K)->33771K(77312K) Eden: 24575K(24576K)->24575K(24576K) From: 9195K(52736K)->9195K(52736K)
[16.755s][info][gc,heap        ] GC(82) ParOldGen: 334380K(341504K)->334380K(341504K)
[16.755s][info][gc,metaspace   ] GC(82) Metaspace: 6298K(6464K)->6298K(6464K) NonClass: 5764K(5824K)->5764K(5824K) Class: 533K(640K)->533K(640K)
[16.755s][info][gc             ] GC(82) Pause Full (Ergonomics) 359M->359M(409M) 377.750ms
[16.755s][info][gc,cpu         ] GC(82) User=0.38s Sys=0.00s Real=0.38s
[16.756s][info][gc,start       ] GC(83) Pause Full (Ergonomics)
[16.756s][info][gc,phases,start] GC(83) Marking Phase
[17.036s][info][gc,phases      ] GC(83) Marking Phase 280.154ms
[17.036s][info][gc,phases,start] GC(83) Summary Phase
[17.036s][info][gc,phases      ] GC(83) Summary Phase 0.034ms
[17.036s][info][gc,phases,start] GC(83) Adjust Roots
[17.036s][info][gc,phases      ] GC(83) Adjust Roots 0.230ms
[17.036s][info][gc,phases,start] GC(83) Compaction Phase
[17.134s][info][gc,phases      ] GC(83) Compaction Phase 97.204ms
[17.134s][info][gc,phases,start] GC(83) Post Compact
[17.135s][info][gc,phases      ] GC(83) Post Compact 1.657ms
[17.135s][info][gc,heap        ] GC(83) PSYoungGen: 33771K(77312K)->33771K(77312K) Eden: 24575K(24576K)->24575K(24576K) From: 9195K(52736K)->9195K(52736K)
[17.135s][info][gc,heap        ] GC(83) ParOldGen: 334385K(341504K)->334385K(341504K)
[17.135s][info][gc,metaspace   ] GC(83) Metaspace: 6298K(6464K)->6298K(6464K) NonClass: 5764K(5824K)->5764K(5824K) Class: 533K(640K)->533K(640K)
[17.135s][info][gc             ] GC(83) Pause Full (Ergonomics) 359M->359M(409M) 379.764ms
[17.136s][info][gc,cpu         ] GC(83) User=0.33s Sys=0.00s Real=0.38s
[17.136s][info][gc,start       ] GC(84) Pause Full (Ergonomics)
[17.136s][info][gc,phases,start] GC(84) Marking Phase
[17.415s][info][gc,phases      ] GC(84) Marking Phase 279.642ms
[17.415s][info][gc,phases,start] GC(84) Summary Phase
[17.416s][info][gc,phases      ] GC(84) Summary Phase 0.035ms
[17.416s][info][gc,phases,start] GC(84) Adjust Roots
[17.416s][info][gc,phases      ] GC(84) Adjust Roots 0.254ms
[17.416s][info][gc,phases,start] GC(84) Compaction Phase
[17.512s][info][gc,phases      ] GC(84) Compaction Phase 95.847ms
[17.512s][info][gc,phases,start] GC(84) Post Compact
[17.513s][info][gc,phases      ] GC(84) Post Compact 1.506ms
[17.513s][info][gc,heap        ] GC(84) PSYoungGen: 33771K(77312K)->33771K(77312K) Eden: 24575K(24576K)->24575K(24576K) From: 9195K(52736K)->9195K(52736K)
[17.513s][info][gc,heap        ] GC(84) ParOldGen: 334389K(341504K)->334389K(341504K)
[17.513s][info][gc,metaspace   ] GC(84) Metaspace: 6298K(6464K)->6298K(6464K) NonClass: 5764K(5824K)->5764K(5824K) Class: 533K(640K)->533K(640K)
[17.513s][info][gc             ] GC(84) Pause Full (Ergonomics) 359M->359M(409M) 377.692ms
[17.513s][info][gc,cpu         ] GC(84) User=0.34s Sys=0.00s Real=0.38s
[17.514s][info][gc,start       ] GC(85) Pause Full (Ergonomics)
[17.514s][info][gc,phases,start] GC(85) Marking Phase
[17.789s][info][gc,phases      ] GC(85) Marking Phase 274.770ms
[17.789s][info][gc,phases,start] GC(85) Summary Phase
[17.789s][info][gc,phases      ] GC(85) Summary Phase 0.034ms
[17.789s][info][gc,phases,start] GC(85) Adjust Roots
[17.789s][info][gc,phases      ] GC(85) Adjust Roots 0.241ms
[17.789s][info][gc,phases,start] GC(85) Compaction Phase
[17.885s][info][gc,phases      ] GC(85) Compaction Phase 96.264ms
[17.885s][info][gc,phases,start] GC(85) Post Compact
[17.887s][info][gc,phases      ] GC(85) Post Compact 1.531ms
[17.887s][info][gc,heap        ] GC(85) PSYoungGen: 33771K(77312K)->33771K(77312K) Eden: 24575K(24576K)->24575K(24576K) From: 9195K(52736K)->9195K(52736K)
[17.887s][info][gc,heap        ] GC(85) ParOldGen: 334394K(341504K)->334394K(341504K)
[17.887s][info][gc,metaspace   ] GC(85) Metaspace: 6298K(6464K)->6298K(6464K) NonClass: 5764K(5824K)->5764K(5824K) Class: 533K(640K)->533K(640K)
[17.887s][info][gc             ] GC(85) Pause Full (Ergonomics) 359M->359M(409M) 373.223ms
[17.887s][info][gc,cpu         ] GC(85) User=0.34s Sys=0.00s Real=0.37s
[17.887s][info][gc,start       ] GC(86) Pause Full (Ergonomics)
[17.887s][info][gc,phases,start] GC(86) Marking Phase
[18.166s][info][gc,phases      ] GC(86) Marking Phase 278.756ms
[18.166s][info][gc,phases,start] GC(86) Summary Phase
[18.166s][info][gc,phases      ] GC(86) Summary Phase 0.018ms
[18.166s][info][gc,phases,start] GC(86) Adjust Roots
[18.166s][info][gc,phases      ] GC(86) Adjust Roots 0.275ms
[18.166s][info][gc,phases,start] GC(86) Compaction Phase
[18.264s][info][gc,phases      ] GC(86) Compaction Phase 97.593ms
[18.264s][info][gc,phases,start] GC(86) Post Compact
[18.266s][info][gc,phases      ] GC(86) Post Compact 1.651ms
[18.266s][info][gc,heap        ] GC(86) PSYoungGen: 33771K(77312K)->33771K(77312K) Eden: 24575K(24576K)->24575K(24576K) From: 9195K(52736K)->9195K(52736K)
[18.266s][info][gc,heap        ] GC(86) ParOldGen: 334399K(341504K)->334399K(341504K)
[18.266s][info][gc,metaspace   ] GC(86) Metaspace: 6298K(6464K)->6298K(6464K) NonClass: 5764K(5824K)->5764K(5824K) Class: 533K(640K)->533K(640K)
[18.266s][info][gc             ] GC(86) Pause Full (Ergonomics) 359M->359M(409M) 378.658ms
[18.266s][info][gc,cpu         ] GC(86) User=0.34s Sys=0.00s Real=0.38s
[18.266s][info][gc,start       ] GC(87) Pause Full (Ergonomics)
[18.266s][info][gc,phases,start] GC(87) Marking Phase
[18.543s][info][gc,phases      ] GC(87) Marking Phase 276.891ms
[18.543s][info][gc,phases,start] GC(87) Summary Phase
[18.543s][info][gc,phases      ] GC(87) Summary Phase 0.023ms
[18.543s][info][gc,phases,start] GC(87) Adjust Roots
[18.543s][info][gc,phases      ] GC(87) Adjust Roots 0.200ms
[18.543s][info][gc,phases,start] GC(87) Compaction Phase
[18.640s][info][gc,phases      ] GC(87) Compaction Phase 96.562ms
[18.640s][info][gc,phases,start] GC(87) Post Compact
[18.642s][info][gc,phases      ] GC(87) Post Compact 1.645ms
[18.642s][info][gc,heap        ] GC(87) PSYoungGen: 33771K(77312K)->33771K(77312K) Eden: 24575K(24576K)->24575K(24576K) From: 9195K(52736K)->9195K(52736K)
[18.642s][info][gc,heap        ] GC(87) ParOldGen: 334403K(341504K)->334403K(341504K)
[18.642s][info][gc,metaspace   ] GC(87) Metaspace: 6298K(6464K)->6298K(6464K) NonClass: 5764K(5824K)->5764K(5824K) Class: 533K(640K)->533K(640K)
[18.642s][info][gc             ] GC(87) Pause Full (Ergonomics) 359M->359M(409M) 375.698ms
[18.642s][info][gc,cpu         ] GC(87) User=0.36s Sys=0.00s Real=0.38s
[18.642s][info][gc,start       ] GC(88) Pause Full (Ergonomics)
[18.642s][info][gc,phases,start] GC(88) Marking Phase
[18.919s][info][gc,phases      ] GC(88) Marking Phase 276.979ms
[18.919s][info][gc,phases,start] GC(88) Summary Phase
[18.919s][info][gc,phases      ] GC(88) Summary Phase 0.022ms
[18.919s][info][gc,phases,start] GC(88) Adjust Roots
[18.919s][info][gc,phases      ] GC(88) Adjust Roots 0.192ms
[18.919s][info][gc,phases,start] GC(88) Compaction Phase
[19.014s][info][gc,phases      ] GC(88) Compaction Phase 94.534ms
[19.014s][info][gc,phases,start] GC(88) Post Compact
[19.016s][info][gc,phases      ] GC(88) Post Compact 1.754ms
[19.016s][info][gc,heap        ] GC(88) PSYoungGen: 33771K(77312K)->33771K(77312K) Eden: 24575K(24576K)->24575K(24576K) From: 9195K(52736K)->9195K(52736K)
[19.016s][info][gc,heap        ] GC(88) ParOldGen: 334408K(341504K)->334408K(341504K)
[19.016s][info][gc,metaspace   ] GC(88) Metaspace: 6298K(6464K)->6298K(6464K) NonClass: 5764K(5824K)->5764K(5824K) Class: 533K(640K)->533K(640K)
[19.016s][info][gc             ] GC(88) Pause Full (Ergonomics) 359M->359M(409M) 373.844ms
[19.016s][info][gc,cpu         ] GC(88) User=0.36s Sys=0.00s Real=0.37s
[19.016s][info][gc,start       ] GC(89) Pause Full (Ergonomics)
[19.016s][info][gc,phases,start] GC(89) Marking Phase
[19.292s][info][gc,phases      ] GC(89) Marking Phase 275.790ms
[19.292s][info][gc,phases,start] GC(89) Summary Phase
[19.292s][info][gc,phases      ] GC(89) Summary Phase 0.024ms
[19.292s][info][gc,phases,start] GC(89) Adjust Roots
[19.292s][info][gc,phases      ] GC(89) Adjust Roots 0.199ms
[19.292s][info][gc,phases,start] GC(89) Compaction Phase
[19.388s][info][gc,phases      ] GC(89) Compaction Phase 95.448ms
[19.388s][info][gc,phases,start] GC(89) Post Compact
[19.390s][info][gc,phases      ] GC(89) Post Compact 1.801ms
[19.390s][info][gc,heap        ] GC(89) PSYoungGen: 33771K(77312K)->33771K(77312K) Eden: 24575K(24576K)->24575K(24576K) From: 9195K(52736K)->9195K(52736K)
[19.390s][info][gc,heap        ] GC(89) ParOldGen: 334413K(341504K)->334413K(341504K)
[19.390s][info][gc,metaspace   ] GC(89) Metaspace: 6298K(6464K)->6298K(6464K) NonClass: 5764K(5824K)->5764K(5824K) Class: 533K(640K)->533K(640K)
[19.390s][info][gc             ] GC(89) Pause Full (Ergonomics) 359M->359M(409M) 373.634ms
[19.390s][info][gc,cpu         ] GC(89) User=0.36s Sys=0.00s Real=0.37s
[19.390s][info][gc,start       ] GC(90) Pause Full (Ergonomics)
[19.390s][info][gc,phases,start] GC(90) Marking Phase
[19.669s][info][gc,phases      ] GC(90) Marking Phase 279.118ms
[19.669s][info][gc,phases,start] GC(90) Summary Phase
[19.669s][info][gc,phases      ] GC(90) Summary Phase 0.017ms
[19.669s][info][gc,phases,start] GC(90) Adjust Roots
[19.670s][info][gc,phases      ] GC(90) Adjust Roots 0.212ms
[19.670s][info][gc,phases,start] GC(90) Compaction Phase
[19.786s][info][gc,phases      ] GC(90) Compaction Phase 116.794ms
[19.787s][info][gc,phases,start] GC(90) Post Compact
[19.789s][info][gc,phases      ] GC(90) Post Compact 1.995ms
[19.789s][info][gc,heap        ] GC(90) PSYoungGen: 33771K(77312K)->33771K(77312K) Eden: 24575K(24576K)->24575K(24576K) From: 9195K(52736K)->9195K(52736K)
[19.789s][info][gc,heap        ] GC(90) ParOldGen: 334417K(341504K)->334417K(341504K)
[19.789s][info][gc,metaspace   ] GC(90) Metaspace: 6298K(6464K)->6298K(6464K) NonClass: 5764K(5824K)->5764K(5824K) Class: 533K(640K)->533K(640K)
[19.789s][info][gc             ] GC(90) Pause Full (Ergonomics) 359M->359M(409M) 398.585ms
[19.789s][info][gc,cpu         ] GC(90) User=0.34s Sys=0.00s Real=0.40s
[19.789s][info][gc,start       ] GC(91) Pause Full (Ergonomics)
[19.789s][info][gc,phases,start] GC(91) Marking Phase
[20.078s][info][gc,phases      ] GC(91) Marking Phase 288.903ms
[20.078s][info][gc,phases,start] GC(91) Summary Phase
[20.078s][info][gc,phases      ] GC(91) Summary Phase 0.027ms
[20.078s][info][gc,phases,start] GC(91) Adjust Roots
[20.078s][info][gc,phases      ] GC(91) Adjust Roots 0.461ms
[20.079s][info][gc,phases,start] GC(91) Compaction Phase
[20.180s][info][gc,phases      ] GC(91) Compaction Phase 101.080ms
[20.180s][info][gc,phases,start] GC(91) Post Compact
[20.181s][info][gc,phases      ] GC(91) Post Compact 1.603ms
[20.181s][info][gc,heap        ] GC(91) PSYoungGen: 33771K(77312K)->33771K(77312K) Eden: 24575K(24576K)->24575K(24576K) From: 9195K(52736K)->9195K(52736K)
[20.181s][info][gc,heap        ] GC(91) ParOldGen: 334422K(341504K)->334422K(341504K)
[20.181s][info][gc,metaspace   ] GC(91) Metaspace: 6298K(6464K)->6298K(6464K) NonClass: 5764K(5824K)->5764K(5824K) Class: 533K(640K)->533K(640K)
[20.181s][info][gc             ] GC(91) Pause Full (Ergonomics) 359M->359M(409M) 392.454ms
[20.181s][info][gc,cpu         ] GC(91) User=0.34s Sys=0.00s Real=0.39s
[20.182s][info][gc,start       ] GC(92) Pause Full (Ergonomics)
[20.182s][info][gc,phases,start] GC(92) Marking Phase
[20.459s][info][gc,phases      ] GC(92) Marking Phase 277.068ms
[20.459s][info][gc,phases,start] GC(92) Summary Phase
[20.459s][info][gc,phases      ] GC(92) Summary Phase 0.024ms
[20.459s][info][gc,phases,start] GC(92) Adjust Roots
[20.459s][info][gc,phases      ] GC(92) Adjust Roots 0.199ms
[20.459s][info][gc,phases,start] GC(92) Compaction Phase
[20.555s][info][gc,phases      ] GC(92) Compaction Phase 96.005ms
[20.555s][info][gc,phases,start] GC(92) Post Compact
[20.557s][info][gc,phases      ] GC(92) Post Compact 1.522ms
[20.557s][info][gc,heap        ] GC(92) PSYoungGen: 33771K(77312K)->33771K(77312K) Eden: 24575K(24576K)->24575K(24576K) From: 9195K(52736K)->9195K(52736K)
[20.557s][info][gc,heap        ] GC(92) ParOldGen: 334427K(341504K)->334427K(341504K)
[20.557s][info][gc,metaspace   ] GC(92) Metaspace: 6298K(6464K)->6298K(6464K) NonClass: 5764K(5824K)->5764K(5824K) Class: 533K(640K)->533K(640K)
[20.557s][info][gc             ] GC(92) Pause Full (Ergonomics) 359M->359M(409M) 375.147ms
[20.557s][info][gc,cpu         ] GC(92) User=0.34s Sys=0.00s Real=0.38s
[20.557s][info][gc,start       ] GC(93) Pause Full (Ergonomics)
[20.557s][info][gc,phases,start] GC(93) Marking Phase
[20.836s][info][gc,phases      ] GC(93) Marking Phase 278.980ms
[20.836s][info][gc,phases,start] GC(93) Summary Phase
[20.836s][info][gc,phases      ] GC(93) Summary Phase 0.025ms
[20.836s][info][gc,phases,start] GC(93) Adjust Roots
[20.836s][info][gc,phases      ] GC(93) Adjust Roots 0.197ms
[20.836s][info][gc,phases,start] GC(93) Compaction Phase
[20.933s][info][gc,phases      ] GC(93) Compaction Phase 96.257ms
[20.933s][info][gc,phases,start] GC(93) Post Compact
[20.935s][info][gc,phases      ] GC(93) Post Compact 1.871ms
[20.935s][info][gc,heap        ] GC(93) PSYoungGen: 33771K(77312K)->33771K(77312K) Eden: 24575K(24576K)->24575K(24576K) From: 9195K(52736K)->9195K(52736K)
[20.935s][info][gc,heap        ] GC(93) ParOldGen: 334431K(341504K)->334431K(341504K)
[20.935s][info][gc,metaspace   ] GC(93) Metaspace: 6298K(6464K)->6298K(6464K) NonClass: 5764K(5824K)->5764K(5824K) Class: 533K(640K)->533K(640K)
[20.935s][info][gc             ] GC(93) Pause Full (Ergonomics) 359M->359M(409M) 377.762ms
[20.935s][info][gc,cpu         ] GC(93) User=0.33s Sys=0.00s Real=0.38s
[20.935s][info][gc,start       ] GC(94) Pause Full (Ergonomics)
[20.935s][info][gc,phases,start] GC(94) Marking Phase
[21.215s][info][gc,phases      ] GC(94) Marking Phase 279.420ms
[21.215s][info][gc,phases,start] GC(94) Summary Phase
[21.215s][info][gc,phases      ] GC(94) Summary Phase 0.023ms
[21.215s][info][gc,phases,start] GC(94) Adjust Roots
[21.215s][info][gc,phases      ] GC(94) Adjust Roots 0.192ms
[21.215s][info][gc,phases,start] GC(94) Compaction Phase
[21.310s][info][gc,phases      ] GC(94) Compaction Phase 95.134ms
[21.310s][info][gc,phases,start] GC(94) Post Compact
[21.312s][info][gc,phases      ] GC(94) Post Compact 1.704ms
[21.312s][info][gc,heap        ] GC(94) PSYoungGen: 33771K(77312K)->33771K(77312K) Eden: 24575K(24576K)->24575K(24576K) From: 9195K(52736K)->9195K(52736K)
[21.312s][info][gc,heap        ] GC(94) ParOldGen: 334436K(341504K)->334436K(341504K)
[21.312s][info][gc,metaspace   ] GC(94) Metaspace: 6298K(6464K)->6298K(6464K) NonClass: 5764K(5824K)->5764K(5824K) Class: 533K(640K)->533K(640K)
[21.312s][info][gc             ] GC(94) Pause Full (Ergonomics) 359M->359M(409M) 376.846ms
[21.312s][info][gc,cpu         ] GC(94) User=0.33s Sys=0.00s Real=0.38s
[21.312s][info][gc,start       ] GC(95) Pause Full (Ergonomics)
[21.312s][info][gc,phases,start] GC(95) Marking Phase
[21.589s][info][gc,phases      ] GC(95) Marking Phase 276.452ms
[21.589s][info][gc,phases,start] GC(95) Summary Phase
[21.589s][info][gc,phases      ] GC(95) Summary Phase 0.018ms
[21.589s][info][gc,phases,start] GC(95) Adjust Roots
[21.589s][info][gc,phases      ] GC(95) Adjust Roots 0.191ms
[21.589s][info][gc,phases,start] GC(95) Compaction Phase
[21.685s][info][gc,phases      ] GC(95) Compaction Phase 95.793ms
[21.685s][info][gc,phases,start] GC(95) Post Compact
[21.686s][info][gc,phases      ] GC(95) Post Compact 1.520ms
[21.686s][info][gc,heap        ] GC(95) PSYoungGen: 33771K(77312K)->33771K(77312K) Eden: 24575K(24576K)->24575K(24576K) From: 9195K(52736K)->9195K(52736K)
[21.686s][info][gc,heap        ] GC(95) ParOldGen: 334441K(341504K)->334441K(341504K)
[21.686s][info][gc,metaspace   ] GC(95) Metaspace: 6298K(6464K)->6298K(6464K) NonClass: 5764K(5824K)->5764K(5824K) Class: 533K(640K)->533K(640K)
[21.687s][info][gc             ] GC(95) Pause Full (Ergonomics) 359M->359M(409M) 374.283ms
[21.687s][info][gc,cpu         ] GC(95) User=0.36s Sys=0.00s Real=0.38s
[21.687s][info][gc,start       ] GC(96) Pause Full (Ergonomics)
[21.687s][info][gc,phases,start] GC(96) Marking Phase
[21.966s][info][gc,phases      ] GC(96) Marking Phase 278.748ms
[21.966s][info][gc,phases,start] GC(96) Summary Phase
[21.966s][info][gc,phases      ] GC(96) Summary Phase 0.022ms
[21.966s][info][gc,phases,start] GC(96) Adjust Roots
[21.966s][info][gc,phases      ] GC(96) Adjust Roots 0.195ms
[21.966s][info][gc,phases,start] GC(96) Compaction Phase
[22.061s][info][gc,phases      ] GC(96) Compaction Phase 95.299ms
[22.061s][info][gc,phases,start] GC(96) Post Compact
[22.063s][info][gc,phases      ] GC(96) Post Compact 1.521ms
[22.063s][info][gc,heap        ] GC(96) PSYoungGen: 33771K(77312K)->33771K(77312K) Eden: 24575K(24576K)->24575K(24576K) From: 9195K(52736K)->9195K(52736K)
[22.063s][info][gc,heap        ] GC(96) ParOldGen: 334445K(341504K)->334445K(341504K)
[22.063s][info][gc,metaspace   ] GC(96) Metaspace: 6298K(6464K)->6298K(6464K) NonClass: 5764K(5824K)->5764K(5824K) Class: 533K(640K)->533K(640K)
[22.063s][info][gc             ] GC(96) Pause Full (Ergonomics) 359M->359M(409M) 376.104ms
[22.063s][info][gc,cpu         ] GC(96) User=0.36s Sys=0.00s Real=0.38s
[22.063s][info][gc,start       ] GC(97) Pause Full (Ergonomics)
[22.063s][info][gc,phases,start] GC(97) Marking Phase
[22.343s][info][gc,phases      ] GC(97) Marking Phase 279.992ms
[22.343s][info][gc,phases,start] GC(97) Summary Phase
[22.343s][info][gc,phases      ] GC(97) Summary Phase 0.166ms
[22.343s][info][gc,phases,start] GC(97) Adjust Roots
[22.344s][info][gc,phases      ] GC(97) Adjust Roots 0.244ms
[22.344s][info][gc,phases,start] GC(97) Compaction Phase
[22.440s][info][gc,phases      ] GC(97) Compaction Phase 96.294ms
[22.440s][info][gc,phases,start] GC(97) Post Compact
[22.442s][info][gc,phases      ] GC(97) Post Compact 1.521ms
[22.442s][info][gc,heap        ] GC(97) PSYoungGen: 33771K(77312K)->33771K(77312K) Eden: 24575K(24576K)->24575K(24576K) From: 9195K(52736K)->9195K(52736K)
[22.442s][info][gc,heap        ] GC(97) ParOldGen: 334450K(341504K)->334450K(341504K)
[22.442s][info][gc,metaspace   ] GC(97) Metaspace: 6298K(6464K)->6298K(6464K) NonClass: 5764K(5824K)->5764K(5824K) Class: 533K(640K)->533K(640K)
[22.442s][info][gc             ] GC(97) Pause Full (Ergonomics) 359M->359M(409M) 378.616ms
[22.442s][info][gc,cpu         ] GC(97) User=0.36s Sys=0.00s Real=0.38s
[22.442s][info][gc,start       ] GC(98) Pause Full (Ergonomics)
[22.442s][info][gc,phases,start] GC(98) Marking Phase
[22.721s][info][gc,phases      ] GC(98) Marking Phase 279.182ms
[22.721s][info][gc,phases,start] GC(98) Summary Phase
[22.721s][info][gc,phases      ] GC(98) Summary Phase 0.022ms
[22.721s][info][gc,phases,start] GC(98) Adjust Roots
[22.722s][info][gc,phases      ] GC(98) Adjust Roots 0.241ms
[22.722s][info][gc,phases,start] GC(98) Compaction Phase
[22.818s][info][gc,phases      ] GC(98) Compaction Phase 96.669ms
[22.818s][info][gc,phases,start] GC(98) Post Compact
[22.820s][info][gc,phases      ] GC(98) Post Compact 1.530ms
[22.820s][info][gc,heap        ] GC(98) PSYoungGen: 33771K(77312K)->33771K(77312K) Eden: 24575K(24576K)->24575K(24576K) From: 9195K(52736K)->9195K(52736K)
[22.820s][info][gc,heap        ] GC(98) ParOldGen: 334455K(341504K)->334455K(341504K)
[22.820s][info][gc,metaspace   ] GC(98) Metaspace: 6298K(6464K)->6298K(6464K) NonClass: 5764K(5824K)->5764K(5824K) Class: 533K(640K)->533K(640K)
[22.820s][info][gc             ] GC(98) Pause Full (Ergonomics) 359M->359M(409M) 378.005ms
[22.820s][info][gc,cpu         ] GC(98) User=0.38s Sys=0.00s Real=0.38s
[22.820s][info][gc,start       ] GC(99) Pause Full (Ergonomics)
[22.820s][info][gc,phases,start] GC(99) Marking Phase
[23.100s][info][gc,phases      ] GC(99) Marking Phase 279.760ms
[23.100s][info][gc,phases,start] GC(99) Summary Phase
[23.100s][info][gc,phases      ] GC(99) Summary Phase 0.024ms
[23.100s][info][gc,phases,start] GC(99) Adjust Roots
[23.101s][info][gc,phases      ] GC(99) Adjust Roots 0.221ms
[23.101s][info][gc,phases,start] GC(99) Compaction Phase
[23.199s][info][gc,phases      ] GC(99) Compaction Phase 98.797ms
[23.199s][info][gc,phases,start] GC(99) Post Compact
[23.201s][info][gc,phases      ] GC(99) Post Compact 1.513ms
[23.201s][info][gc,heap        ] GC(99) PSYoungGen: 33771K(77312K)->33771K(77312K) Eden: 24575K(24576K)->24575K(24576K) From: 9195K(52736K)->9195K(52736K)
[23.201s][info][gc,heap        ] GC(99) ParOldGen: 334459K(341504K)->334459K(341504K)
[23.201s][info][gc,metaspace   ] GC(99) Metaspace: 6298K(6464K)->6298K(6464K) NonClass: 5764K(5824K)->5764K(5824K) Class: 533K(640K)->533K(640K)
[23.201s][info][gc             ] GC(99) Pause Full (Ergonomics) 359M->359M(409M) 380.708ms
[23.201s][info][gc,cpu         ] GC(99) User=0.34s Sys=0.00s Real=0.38s
[23.202s][info][gc,start       ] GC(100) Pause Full (Ergonomics)
[23.202s][info][gc,phases,start] GC(100) Marking Phase
[23.486s][info][gc,phases      ] GC(100) Marking Phase 284.651ms
[23.486s][info][gc,phases,start] GC(100) Summary Phase
[23.486s][info][gc,phases      ] GC(100) Summary Phase 0.035ms
[23.486s][info][gc,phases,start] GC(100) Adjust Roots
[23.487s][info][gc,phases      ] GC(100) Adjust Roots 0.260ms
[23.487s][info][gc,phases,start] GC(100) Compaction Phase
[23.582s][info][gc,phases      ] GC(100) Compaction Phase 95.392ms
[23.582s][info][gc,phases,start] GC(100) Post Compact
[23.584s][info][gc,phases      ] GC(100) Post Compact 1.502ms
[23.584s][info][gc,heap        ] GC(100) PSYoungGen: 33771K(77312K)->33771K(77312K) Eden: 24575K(24576K)->24575K(24576K) From: 9195K(52736K)->9195K(52736K)
[23.584s][info][gc,heap        ] GC(100) ParOldGen: 334464K(341504K)->334464K(341504K)
[23.584s][info][gc,metaspace   ] GC(100) Metaspace: 6298K(6464K)->6298K(6464K) NonClass: 5764K(5824K)->5764K(5824K) Class: 533K(640K)->533K(640K)
[23.584s][info][gc             ] GC(100) Pause Full (Ergonomics) 359M->359M(409M) 382.252ms
[23.584s][info][gc,cpu         ] GC(100) User=0.36s Sys=0.00s Real=0.38s
[23.584s][info][gc,start       ] GC(101) Pause Full (Ergonomics)
[23.584s][info][gc,phases,start] GC(101) Marking Phase
[23.864s][info][gc,phases      ] GC(101) Marking Phase 279.373ms
[23.864s][info][gc,phases,start] GC(101) Summary Phase
[23.864s][info][gc,phases      ] GC(101) Summary Phase 0.026ms
[23.864s][info][gc,phases,start] GC(101) Adjust Roots
[23.864s][info][gc,phases      ] GC(101) Adjust Roots 0.223ms
[23.864s][info][gc,phases,start] GC(101) Compaction Phase
[23.960s][info][gc,phases      ] GC(101) Compaction Phase 95.950ms
[23.960s][info][gc,phases,start] GC(101) Post Compact
[23.961s][info][gc,phases      ] GC(101) Post Compact 1.510ms
[23.961s][info][gc,heap        ] GC(101) PSYoungGen: 33771K(77312K)->33771K(77312K) Eden: 24575K(24576K)->24575K(24576K) From: 9195K(52736K)->9195K(52736K)
[23.962s][info][gc,heap        ] GC(101) ParOldGen: 334469K(341504K)->334469K(341504K)
[23.962s][info][gc,metaspace   ] GC(101) Metaspace: 6298K(6464K)->6298K(6464K) NonClass: 5764K(5824K)->5764K(5824K) Class: 533K(640K)->533K(640K)
[23.962s][info][gc             ] GC(101) Pause Full (Ergonomics) 359M->359M(409M) 377.433ms
[23.962s][info][gc,cpu         ] GC(101) User=0.36s Sys=0.00s Real=0.38s
[23.962s][info][gc,start       ] GC(102) Pause Full (Ergonomics)
[23.962s][info][gc,phases,start] GC(102) Marking Phase
[24.241s][info][gc,phases      ] GC(102) Marking Phase 279.209ms
[24.241s][info][gc,phases,start] GC(102) Summary Phase
[24.241s][info][gc,phases      ] GC(102) Summary Phase 0.034ms
[24.241s][info][gc,phases,start] GC(102) Adjust Roots
[24.241s][info][gc,phases      ] GC(102) Adjust Roots 0.259ms
[24.242s][info][gc,phases,start] GC(102) Compaction Phase
[24.338s][info][gc,phases      ] GC(102) Compaction Phase 96.701ms
[24.338s][info][gc,phases,start] GC(102) Post Compact
[24.340s][info][gc,phases      ] GC(102) Post Compact 1.554ms
[24.340s][info][gc,heap        ] GC(102) PSYoungGen: 33771K(77312K)->33771K(77312K) Eden: 24575K(24576K)->24575K(24576K) From: 9195K(52736K)->9195K(52736K)
[24.340s][info][gc,heap        ] GC(102) ParOldGen: 334473K(341504K)->334473K(341504K)
[24.340s][info][gc,metaspace   ] GC(102) Metaspace: 6298K(6464K)->6298K(6464K) NonClass: 5764K(5824K)->5764K(5824K) Class: 533K(640K)->533K(640K)
[24.340s][info][gc             ] GC(102) Pause Full (Ergonomics) 359M->359M(409M) 378.142ms
[24.340s][info][gc,cpu         ] GC(102) User=0.34s Sys=0.00s Real=0.38s
[24.340s][info][gc,start       ] GC(103) Pause Full (Ergonomics)
[24.340s][info][gc,phases,start] GC(103) Marking Phase
[24.622s][info][gc,phases      ] GC(103) Marking Phase 281.352ms
[24.622s][info][gc,phases,start] GC(103) Summary Phase
[24.622s][info][gc,phases      ] GC(103) Summary Phase 0.034ms
[24.622s][info][gc,phases,start] GC(103) Adjust Roots
[24.622s][info][gc,phases      ] GC(103) Adjust Roots 0.255ms
[24.622s][info][gc,phases,start] GC(103) Compaction Phase
[24.718s][info][gc,phases      ] GC(103) Compaction Phase 95.917ms
[24.718s][info][gc,phases,start] GC(103) Post Compact
[24.720s][info][gc,phases      ] GC(103) Post Compact 1.520ms
[24.720s][info][gc,heap        ] GC(103) PSYoungGen: 33771K(77312K)->33771K(77312K) Eden: 24575K(24576K)->24575K(24576K) From: 9195K(52736K)->9195K(52736K)
[24.720s][info][gc,heap        ] GC(103) ParOldGen: 334478K(341504K)->334478K(341504K)
[24.720s][info][gc,metaspace   ] GC(103) Metaspace: 6298K(6464K)->6298K(6464K) NonClass: 5764K(5824K)->5764K(5824K) Class: 533K(640K)->533K(640K)
[24.720s][info][gc             ] GC(103) Pause Full (Ergonomics) 359M->359M(409M) 379.488ms
[24.720s][info][gc,cpu         ] GC(103) User=0.36s Sys=0.00s Real=0.38s
[24.720s][info][gc,start       ] GC(104) Pause Full (Ergonomics)
[24.721s][info][gc,phases,start] GC(104) Marking Phase
[25.000s][info][gc,phases      ] GC(104) Marking Phase 279.406ms
[25.000s][info][gc,phases,start] GC(104) Summary Phase
[25.000s][info][gc,phases      ] GC(104) Summary Phase 0.023ms
[25.000s][info][gc,phases,start] GC(104) Adjust Roots
[25.000s][info][gc,phases      ] GC(104) Adjust Roots 0.223ms
[25.000s][info][gc,phases,start] GC(104) Compaction Phase
[25.096s][info][gc,phases      ] GC(104) Compaction Phase 95.505ms
[25.096s][info][gc,phases,start] GC(104) Post Compact
[25.097s][info][gc,phases      ] GC(104) Post Compact 1.516ms
[25.097s][info][gc,heap        ] GC(104) PSYoungGen: 33771K(77312K)->33771K(77312K) Eden: 24575K(24576K)->24575K(24576K) From: 9195K(52736K)->9195K(52736K)
[25.097s][info][gc,heap        ] GC(104) ParOldGen: 334483K(341504K)->334483K(341504K)
[25.097s][info][gc,metaspace   ] GC(104) Metaspace: 6298K(6464K)->6298K(6464K) NonClass: 5764K(5824K)->5764K(5824K) Class: 533K(640K)->533K(640K)
[25.098s][info][gc             ] GC(104) Pause Full (Ergonomics) 359M->359M(409M) 377.023ms
[25.098s][info][gc,cpu         ] GC(104) User=0.36s Sys=0.00s Real=0.38s
[25.098s][info][gc,start       ] GC(105) Pause Full (Ergonomics)
[25.098s][info][gc,phases,start] GC(105) Marking Phase
[25.377s][info][gc,phases      ] GC(105) Marking Phase 279.043ms
[25.377s][info][gc,phases,start] GC(105) Summary Phase
[25.377s][info][gc,phases      ] GC(105) Summary Phase 0.022ms
[25.377s][info][gc,phases,start] GC(105) Adjust Roots
[25.377s][info][gc,phases      ] GC(105) Adjust Roots 0.222ms
[25.377s][info][gc,phases,start] GC(105) Compaction Phase
[25.473s][info][gc,phases      ] GC(105) Compaction Phase 95.402ms
[25.473s][info][gc,phases,start] GC(105) Post Compact
[25.474s][info][gc,phases      ] GC(105) Post Compact 1.506ms
[25.475s][info][gc,heap        ] GC(105) PSYoungGen: 33771K(77312K)->33771K(77312K) Eden: 24575K(24576K)->24575K(24576K) From: 9195K(52736K)->9195K(52736K)
[25.475s][info][gc,heap        ] GC(105) ParOldGen: 334487K(341504K)->334487K(341504K)
[25.475s][info][gc,metaspace   ] GC(105) Metaspace: 6298K(6464K)->6298K(6464K) NonClass: 5764K(5824K)->5764K(5824K) Class: 533K(640K)->533K(640K)
[25.475s][info][gc             ] GC(105) Pause Full (Ergonomics) 359M->359M(409M) 376.541ms
[25.475s][info][gc,cpu         ] GC(105) User=0.36s Sys=0.00s Real=0.38s
[25.475s][info][gc,start       ] GC(106) Pause Full (Ergonomics)
[25.475s][info][gc,phases,start] GC(106) Marking Phase
[25.756s][info][gc,phases      ] GC(106) Marking Phase 280.967ms
[25.756s][info][gc,phases,start] GC(106) Summary Phase
[25.756s][info][gc,phases      ] GC(106) Summary Phase 0.035ms
[25.756s][info][gc,phases,start] GC(106) Adjust Roots
[25.756s][info][gc,phases      ] GC(106) Adjust Roots 0.242ms
[25.756s][info][gc,phases,start] GC(106) Compaction Phase
[25.852s][info][gc,phases      ] GC(106) Compaction Phase 96.189ms
[25.853s][info][gc,phases,start] GC(106) Post Compact
[25.854s][info][gc,phases      ] GC(106) Post Compact 1.554ms
[25.854s][info][gc,heap        ] GC(106) PSYoungGen: 33771K(77312K)->33771K(77312K) Eden: 24575K(24576K)->24575K(24576K) From: 9195K(52736K)->9195K(52736K)
[25.854s][info][gc,heap        ] GC(106) ParOldGen: 334492K(341504K)->334492K(341504K)
[25.854s][info][gc,metaspace   ] GC(106) Metaspace: 6298K(6464K)->6298K(6464K) NonClass: 5764K(5824K)->5764K(5824K) Class: 533K(640K)->533K(640K)
[25.854s][info][gc             ] GC(106) Pause Full (Ergonomics) 359M->359M(409M) 379.408ms
[25.854s][info][gc,cpu         ] GC(106) User=0.33s Sys=0.00s Real=0.38s
[25.855s][info][gc,start       ] GC(107) Pause Full (Ergonomics)
[25.855s][info][gc,phases,start] GC(107) Marking Phase
[26.134s][info][gc,phases      ] GC(107) Marking Phase 279.707ms
[26.134s][info][gc,phases,start] GC(107) Summary Phase
[26.134s][info][gc,phases      ] GC(107) Summary Phase 0.034ms
[26.134s][info][gc,phases,start] GC(107) Adjust Roots
[26.135s][info][gc,phases      ] GC(107) Adjust Roots 0.273ms
[26.135s][info][gc,phases,start] GC(107) Compaction Phase
[26.231s][info][gc,phases      ] GC(107) Compaction Phase 95.933ms
[26.231s][info][gc,phases,start] GC(107) Post Compact
[26.232s][info][gc,phases      ] GC(107) Post Compact 1.507ms
[26.232s][info][gc,heap        ] GC(107) PSYoungGen: 33771K(77312K)->33771K(77312K) Eden: 24575K(24576K)->24575K(24576K) From: 9195K(52736K)->9195K(52736K)
[26.232s][info][gc,heap        ] GC(107) ParOldGen: 334497K(341504K)->334497K(341504K)
[26.232s][info][gc,metaspace   ] GC(107) Metaspace: 6298K(6464K)->6298K(6464K) NonClass: 5764K(5824K)->5764K(5824K) Class: 533K(640K)->533K(640K)
[26.232s][info][gc             ] GC(107) Pause Full (Ergonomics) 359M->359M(409M) 377.834ms
[26.232s][info][gc,cpu         ] GC(107) User=0.34s Sys=0.00s Real=0.38s
[26.233s][info][gc,start       ] GC(108) Pause Full (Ergonomics)
[26.233s][info][gc,phases,start] GC(108) Marking Phase
[26.513s][info][gc,phases      ] GC(108) Marking Phase 280.037ms
[26.513s][info][gc,phases,start] GC(108) Summary Phase
[26.513s][info][gc,phases      ] GC(108) Summary Phase 0.034ms
[26.513s][info][gc,phases,start] GC(108) Adjust Roots
[26.513s][info][gc,phases      ] GC(108) Adjust Roots 0.251ms
[26.513s][info][gc,phases,start] GC(108) Compaction Phase
[26.607s][info][gc,phases      ] GC(108) Compaction Phase 94.109ms
[26.607s][info][gc,phases,start] GC(108) Post Compact
[26.609s][info][gc,phases      ] GC(108) Post Compact 1.518ms
[26.609s][info][gc,heap        ] GC(108) PSYoungGen: 33771K(77312K)->33771K(77312K) Eden: 24575K(24576K)->24575K(24576K) From: 9195K(52736K)->9195K(52736K)
[26.609s][info][gc,heap        ] GC(108) ParOldGen: 334501K(341504K)->334501K(341504K)
[26.609s][info][gc,metaspace   ] GC(108) Metaspace: 6298K(6464K)->6298K(6464K) NonClass: 5764K(5824K)->5764K(5824K) Class: 533K(640K)->533K(640K)
[26.609s][info][gc             ] GC(108) Pause Full (Ergonomics) 359M->359M(409M) 376.347ms
[26.609s][info][gc,cpu         ] GC(108) User=0.38s Sys=0.00s Real=0.38s
[26.610s][info][gc,start       ] GC(109) Pause Full (Ergonomics)
[26.610s][info][gc,phases,start] GC(109) Marking Phase
[26.889s][info][gc,phases      ] GC(109) Marking Phase 279.715ms
[26.889s][info][gc,phases,start] GC(109) Summary Phase
[26.889s][info][gc,phases      ] GC(109) Summary Phase 0.035ms
[26.889s][info][gc,phases,start] GC(109) Adjust Roots
[26.890s][info][gc,phases      ] GC(109) Adjust Roots 0.241ms
[26.890s][info][gc,phases,start] GC(109) Compaction Phase
[26.986s][info][gc,phases      ] GC(109) Compaction Phase 96.374ms
[26.986s][info][gc,phases,start] GC(109) Post Compact
[26.988s][info][gc,phases      ] GC(109) Post Compact 1.517ms
[26.988s][info][gc,heap        ] GC(109) PSYoungGen: 33771K(77312K)->33771K(77312K) Eden: 24575K(24576K)->24575K(24576K) From: 9195K(52736K)->9195K(52736K)
[26.988s][info][gc,heap        ] GC(109) ParOldGen: 334506K(341504K)->334506K(341504K)
[26.988s][info][gc,metaspace   ] GC(109) Metaspace: 6298K(6464K)->6298K(6464K) NonClass: 5764K(5824K)->5764K(5824K) Class: 533K(640K)->533K(640K)
[26.988s][info][gc             ] GC(109) Pause Full (Ergonomics) 359M->359M(409M) 378.267ms
[26.988s][info][gc,cpu         ] GC(109) User=0.36s Sys=0.00s Real=0.38s
[26.988s][info][gc,start       ] GC(110) Pause Full (Ergonomics)
[26.988s][info][gc,phases,start] GC(110) Marking Phase
[27.264s][info][gc,phases      ] GC(110) Marking Phase 275.548ms
[27.264s][info][gc,phases,start] GC(110) Summary Phase
[27.264s][info][gc,phases      ] GC(110) Summary Phase 0.035ms
[27.264s][info][gc,phases,start] GC(110) Adjust Roots
[27.264s][info][gc,phases      ] GC(110) Adjust Roots 0.294ms
[27.264s][info][gc,phases,start] GC(110) Compaction Phase
[27.360s][info][gc,phases      ] GC(110) Compaction Phase 96.198ms
[27.361s][info][gc,phases,start] GC(110) Post Compact
[27.362s][info][gc,phases      ] GC(110) Post Compact 1.512ms
[27.362s][info][gc,heap        ] GC(110) PSYoungGen: 33771K(77312K)->33771K(77312K) Eden: 24575K(24576K)->24575K(24576K) From: 9195K(52736K)->9195K(52736K)
[27.362s][info][gc,heap        ] GC(110) ParOldGen: 334511K(341504K)->334511K(341504K)
[27.362s][info][gc,metaspace   ] GC(110) Metaspace: 6298K(6464K)->6298K(6464K) NonClass: 5764K(5824K)->5764K(5824K) Class: 533K(640K)->533K(640K)
[27.362s][info][gc             ] GC(110) Pause Full (Ergonomics) 359M->359M(409M) 373.989ms
[27.362s][info][gc,cpu         ] GC(110) User=0.36s Sys=0.00s Real=0.37s
[27.362s][info][gc,start       ] GC(111) Pause Full (Ergonomics)
[27.362s][info][gc,phases,start] GC(111) Marking Phase
[27.642s][info][gc,phases      ] GC(111) Marking Phase 279.710ms
[27.642s][info][gc,phases,start] GC(111) Summary Phase
[27.642s][info][gc,phases      ] GC(111) Summary Phase 0.034ms
[27.642s][info][gc,phases,start] GC(111) Adjust Roots
[27.643s][info][gc,phases      ] GC(111) Adjust Roots 0.280ms
[27.643s][info][gc,phases,start] GC(111) Compaction Phase
[27.742s][info][gc,phases      ] GC(111) Compaction Phase 99.287ms
[27.742s][info][gc,phases,start] GC(111) Post Compact
[27.744s][info][gc,phases      ] GC(111) Post Compact 1.499ms
[27.744s][info][gc,heap        ] GC(111) PSYoungGen: 33771K(77312K)->33771K(77312K) Eden: 24575K(24576K)->24575K(24576K) From: 9195K(52736K)->9195K(52736K)
[27.744s][info][gc,heap        ] GC(111) ParOldGen: 334515K(341504K)->334515K(341504K)
[27.744s][info][gc,metaspace   ] GC(111) Metaspace: 6298K(6464K)->6298K(6464K) NonClass: 5764K(5824K)->5764K(5824K) Class: 533K(640K)->533K(640K)
[27.744s][info][gc             ] GC(111) Pause Full (Ergonomics) 359M->359M(409M) 381.226ms
[27.744s][info][gc,cpu         ] GC(111) User=0.34s Sys=0.02s Real=0.38s
[27.744s][info][gc,start       ] GC(112) Pause Full (Ergonomics)
[27.744s][info][gc,phases,start] GC(112) Marking Phase
[28.024s][info][gc,phases      ] GC(112) Marking Phase 279.984ms
[28.024s][info][gc,phases,start] GC(112) Summary Phase
[28.024s][info][gc,phases      ] GC(112) Summary Phase 0.034ms
[28.024s][info][gc,phases,start] GC(112) Adjust Roots
[28.024s][info][gc,phases      ] GC(112) Adjust Roots 0.242ms
[28.025s][info][gc,phases,start] GC(112) Compaction Phase
[28.121s][info][gc,phases      ] GC(112) Compaction Phase 96.347ms
[28.121s][info][gc,phases,start] GC(112) Post Compact
[28.123s][info][gc,phases      ] GC(112) Post Compact 1.608ms
[28.123s][info][gc,heap        ] GC(112) PSYoungGen: 33771K(77312K)->33771K(77312K) Eden: 24575K(24576K)->24575K(24576K) From: 9195K(52736K)->9195K(52736K)
[28.123s][info][gc,heap        ] GC(112) ParOldGen: 334520K(341504K)->334520K(341504K)
[28.123s][info][gc,metaspace   ] GC(112) Metaspace: 6298K(6464K)->6298K(6464K) NonClass: 5764K(5824K)->5764K(5824K) Class: 533K(640K)->533K(640K)
[28.123s][info][gc             ] GC(112) Pause Full (Ergonomics) 359M->359M(409M) 378.661ms
[28.123s][info][gc,cpu         ] GC(112) User=0.34s Sys=0.00s Real=0.38s
[28.123s][info][gc,start       ] GC(113) Pause Full (Ergonomics)
[28.123s][info][gc,phases,start] GC(113) Marking Phase
[28.403s][info][gc,phases      ] GC(113) Marking Phase 279.684ms
[28.403s][info][gc,phases,start] GC(113) Summary Phase
[28.403s][info][gc,phases      ] GC(113) Summary Phase 0.035ms
[28.403s][info][gc,phases,start] GC(113) Adjust Roots
[28.403s][info][gc,phases      ] GC(113) Adjust Roots 0.285ms
[28.403s][info][gc,phases,start] GC(113) Compaction Phase
[28.500s][info][gc,phases      ] GC(113) Compaction Phase 96.447ms
[28.500s][info][gc,phases,start] GC(113) Post Compact
[28.501s][info][gc,phases      ] GC(113) Post Compact 1.519ms
[28.501s][info][gc,heap        ] GC(113) PSYoungGen: 33771K(77312K)->33771K(77312K) Eden: 24575K(24576K)->24575K(24576K) From: 9195K(52736K)->9195K(52736K)
[28.501s][info][gc,heap        ] GC(113) ParOldGen: 334525K(341504K)->334525K(341504K)
[28.501s][info][gc,metaspace   ] GC(113) Metaspace: 6298K(6464K)->6298K(6464K) NonClass: 5764K(5824K)->5764K(5824K) Class: 533K(640K)->533K(640K)
[28.501s][info][gc             ] GC(113) Pause Full (Ergonomics) 359M->359M(409M) 378.361ms
[28.501s][info][gc,cpu         ] GC(113) User=0.34s Sys=0.00s Real=0.38s
[28.502s][info][gc,start       ] GC(114) Pause Full (Ergonomics)
[28.502s][info][gc,phases,start] GC(114) Marking Phase
[28.783s][info][gc,phases      ] GC(114) Marking Phase 281.456ms
[28.783s][info][gc,phases,start] GC(114) Summary Phase
[28.783s][info][gc,phases      ] GC(114) Summary Phase 0.034ms
[28.783s][info][gc,phases,start] GC(114) Adjust Roots
[28.784s][info][gc,phases      ] GC(114) Adjust Roots 0.286ms
[28.784s][info][gc,phases,start] GC(114) Compaction Phase
[28.879s][info][gc,phases      ] GC(114) Compaction Phase 95.118ms
[28.879s][info][gc,phases,start] GC(114) Post Compact
[28.880s][info][gc,phases      ] GC(114) Post Compact 1.540ms
[28.880s][info][gc,heap        ] GC(114) PSYoungGen: 33771K(77312K)->33771K(77312K) Eden: 24575K(24576K)->24575K(24576K) From: 9195K(52736K)->9195K(52736K)
[28.880s][info][gc,heap        ] GC(114) ParOldGen: 334529K(341504K)->334529K(341504K)
[28.880s][info][gc,metaspace   ] GC(114) Metaspace: 6298K(6464K)->6298K(6464K) NonClass: 5764K(5824K)->5764K(5824K) Class: 533K(640K)->533K(640K)
[28.880s][info][gc             ] GC(114) Pause Full (Ergonomics) 359M->359M(409M) 378.817ms
[28.880s][info][gc,cpu         ] GC(114) User=0.36s Sys=0.00s Real=0.38s
[28.881s][info][gc,start       ] GC(115) Pause Full (Ergonomics)
[28.881s][info][gc,phases,start] GC(115) Marking Phase
[29.160s][info][gc,phases      ] GC(115) Marking Phase 279.691ms
[29.160s][info][gc,phases,start] GC(115) Summary Phase
[29.161s][info][gc,phases      ] GC(115) Summary Phase 0.034ms
[29.161s][info][gc,phases,start] GC(115) Adjust Roots
[29.161s][info][gc,phases      ] GC(115) Adjust Roots 0.253ms
[29.161s][info][gc,phases,start] GC(115) Compaction Phase
[29.258s][info][gc,phases      ] GC(115) Compaction Phase 97.463ms
[29.258s][info][gc,phases,start] GC(115) Post Compact
[29.260s][info][gc,phases      ] GC(115) Post Compact 1.547ms
[29.260s][info][gc,heap        ] GC(115) PSYoungGen: 33771K(77312K)->33771K(77312K) Eden: 24575K(24576K)->24575K(24576K) From: 9195K(52736K)->9195K(52736K)
[29.260s][info][gc,heap        ] GC(115) ParOldGen: 334534K(341504K)->334534K(341504K)
[29.260s][info][gc,metaspace   ] GC(115) Metaspace: 6298K(6464K)->6298K(6464K) NonClass: 5764K(5824K)->5764K(5824K) Class: 533K(640K)->533K(640K)
[29.260s][info][gc             ] GC(115) Pause Full (Ergonomics) 359M->359M(409M) 379.379ms
[29.260s][info][gc,cpu         ] GC(115) User=0.36s Sys=0.00s Real=0.38s
[29.260s][info][gc,start       ] GC(116) Pause Full (Ergonomics)
[29.260s][info][gc,phases,start] GC(116) Marking Phase
[29.541s][info][gc,phases      ] GC(116) Marking Phase 280.309ms
[29.541s][info][gc,phases,start] GC(116) Summary Phase
[29.541s][info][gc,phases      ] GC(116) Summary Phase 0.034ms
[29.541s][info][gc,phases,start] GC(116) Adjust Roots
[29.541s][info][gc,phases      ] GC(116) Adjust Roots 0.266ms
[29.541s][info][gc,phases,start] GC(116) Compaction Phase
[29.638s][info][gc,phases      ] GC(116) Compaction Phase 96.555ms
[29.638s][info][gc,phases,start] GC(116) Post Compact
[29.639s][info][gc,phases      ] GC(116) Post Compact 1.522ms
[29.639s][info][gc,heap        ] GC(116) PSYoungGen: 33771K(77312K)->33771K(77312K) Eden: 24575K(24576K)->24575K(24576K) From: 9195K(52736K)->9195K(52736K)
[29.639s][info][gc,heap        ] GC(116) ParOldGen: 334539K(341504K)->334539K(341504K)
[29.639s][info][gc,metaspace   ] GC(116) Metaspace: 6298K(6464K)->6298K(6464K) NonClass: 5764K(5824K)->5764K(5824K) Class: 533K(640K)->533K(640K)
[29.639s][info][gc             ] GC(116) Pause Full (Ergonomics) 359M->359M(409M) 379.073ms
[29.639s][info][gc,cpu         ] GC(116) User=0.34s Sys=0.00s Real=0.38s
[29.640s][info][gc,start       ] GC(117) Pause Full (Ergonomics)
[29.640s][info][gc,phases,start] GC(117) Marking Phase
[29.919s][info][gc,phases      ] GC(117) Marking Phase 279.375ms
[29.919s][info][gc,phases,start] GC(117) Summary Phase
[29.919s][info][gc,phases      ] GC(117) Summary Phase 0.062ms
[29.919s][info][gc,phases,start] GC(117) Adjust Roots
[29.920s][info][gc,phases      ] GC(117) Adjust Roots 0.271ms
[29.920s][info][gc,phases,start] GC(117) Compaction Phase
[30.016s][info][gc,phases      ] GC(117) Compaction Phase 95.880ms
[30.016s][info][gc,phases,start] GC(117) Post Compact
[30.017s][info][gc,phases      ] GC(117) Post Compact 1.536ms
[30.017s][info][gc,heap        ] GC(117) PSYoungGen: 33771K(77312K)->33771K(77312K) Eden: 24575K(24576K)->24575K(24576K) From: 9195K(52736K)->9195K(52736K)
[30.017s][info][gc,heap        ] GC(117) ParOldGen: 334543K(341504K)->334543K(341504K)
[30.017s][info][gc,metaspace   ] GC(117) Metaspace: 6298K(6464K)->6298K(6464K) NonClass: 5764K(5824K)->5764K(5824K) Class: 533K(640K)->533K(640K)
[30.017s][info][gc             ] GC(117) Pause Full (Ergonomics) 359M->359M(409M) 377.519ms
[30.017s][info][gc,cpu         ] GC(117) User=0.36s Sys=0.00s Real=0.38s
[30.018s][info][gc,start       ] GC(118) Pause Full (Ergonomics)
[30.018s][info][gc,phases,start] GC(118) Marking Phase
[30.293s][info][gc,phases      ] GC(118) Marking Phase 275.567ms
[30.293s][info][gc,phases,start] GC(118) Summary Phase
[30.293s][info][gc,phases      ] GC(118) Summary Phase 0.035ms
[30.293s][info][gc,phases,start] GC(118) Adjust Roots
[30.294s][info][gc,phases      ] GC(118) Adjust Roots 0.350ms
[30.294s][info][gc,phases,start] GC(118) Compaction Phase
[30.390s][info][gc,phases      ] GC(118) Compaction Phase 96.526ms
[30.390s][info][gc,phases,start] GC(118) Post Compact
[30.392s][info][gc,phases      ] GC(118) Post Compact 1.512ms
[30.392s][info][gc,heap        ] GC(118) PSYoungGen: 33771K(77312K)->33771K(77312K) Eden: 24575K(24576K)->24575K(24576K) From: 9195K(52736K)->9195K(52736K)
[30.392s][info][gc,heap        ] GC(118) ParOldGen: 334548K(341504K)->334548K(341504K)
[30.392s][info][gc,metaspace   ] GC(118) Metaspace: 6298K(6464K)->6298K(6464K) NonClass: 5764K(5824K)->5764K(5824K) Class: 533K(640K)->533K(640K)
[30.392s][info][gc             ] GC(118) Pause Full (Ergonomics) 359M->359M(409M) 374.429ms
[30.392s][info][gc,cpu         ] GC(118) User=0.36s Sys=0.00s Real=0.38s
[30.392s][info][gc,start       ] GC(119) Pause Full (Ergonomics)
[30.392s][info][gc,phases,start] GC(119) Marking Phase
[30.672s][info][gc,phases      ] GC(119) Marking Phase 279.347ms
[30.672s][info][gc,phases,start] GC(119) Summary Phase
[30.672s][info][gc,phases      ] GC(119) Summary Phase 0.035ms
[30.672s][info][gc,phases,start] GC(119) Adjust Roots
[30.672s][info][gc,phases      ] GC(119) Adjust Roots 0.284ms
[30.672s][info][gc,phases,start] GC(119) Compaction Phase
[30.768s][info][gc,phases      ] GC(119) Compaction Phase 95.829ms
[30.768s][info][gc,phases,start] GC(119) Post Compact
[30.770s][info][gc,phases      ] GC(119) Post Compact 1.525ms
[30.770s][info][gc,heap        ] GC(119) PSYoungGen: 33771K(77312K)->33771K(77312K) Eden: 24575K(24576K)->24575K(24576K) From: 9195K(52736K)->9195K(52736K)
[30.770s][info][gc,heap        ] GC(119) ParOldGen: 334553K(341504K)->334553K(341504K)
[30.770s][info][gc,metaspace   ] GC(119) Metaspace: 6298K(6464K)->6298K(6464K) NonClass: 5764K(5824K)->5764K(5824K) Class: 533K(640K)->533K(640K)
[30.770s][info][gc             ] GC(119) Pause Full (Ergonomics) 359M->359M(409M) 377.402ms
[30.770s][info][gc,cpu         ] GC(119) User=0.36s Sys=0.00s Real=0.38s
[30.770s][info][gc,start       ] GC(120) Pause Full (Ergonomics)
[30.770s][info][gc,phases,start] GC(120) Marking Phase
[31.052s][info][gc,phases      ] GC(120) Marking Phase 281.638ms
[31.052s][info][gc,phases,start] GC(120) Summary Phase
[31.052s][info][gc,phases      ] GC(120) Summary Phase 0.034ms
[31.052s][info][gc,phases,start] GC(120) Adjust Roots
[31.052s][info][gc,phases      ] GC(120) Adjust Roots 0.272ms
[31.052s][info][gc,phases,start] GC(120) Compaction Phase
[31.148s][info][gc,phases      ] GC(120) Compaction Phase 95.632ms
[31.148s][info][gc,phases,start] GC(120) Post Compact
[31.149s][info][gc,phases      ] GC(120) Post Compact 1.561ms
[31.149s][info][gc,heap        ] GC(120) PSYoungGen: 33771K(77312K)->33771K(77312K) Eden: 24575K(24576K)->24575K(24576K) From: 9195K(52736K)->9195K(52736K)
[31.149s][info][gc,heap        ] GC(120) ParOldGen: 334557K(341504K)->334557K(341504K)
[31.149s][info][gc,metaspace   ] GC(120) Metaspace: 6298K(6464K)->6298K(6464K) NonClass: 5764K(5824K)->5764K(5824K) Class: 533K(640K)->533K(640K)
[31.149s][info][gc             ] GC(120) Pause Full (Ergonomics) 359M->359M(409M) 379.554ms
[31.149s][info][gc,cpu         ] GC(120) User=0.36s Sys=0.00s Real=0.38s
[31.150s][info][gc,start       ] GC(121) Pause Full (Ergonomics)
[31.150s][info][gc,phases,start] GC(121) Marking Phase
[31.430s][info][gc,phases      ] GC(121) Marking Phase 279.971ms
[31.430s][info][gc,phases,start] GC(121) Summary Phase
[31.430s][info][gc,phases      ] GC(121) Summary Phase 0.035ms
[31.430s][info][gc,phases,start] GC(121) Adjust Roots
[31.430s][info][gc,phases      ] GC(121) Adjust Roots 0.239ms
[31.430s][info][gc,phases,start] GC(121) Compaction Phase
[31.527s][info][gc,phases      ] GC(121) Compaction Phase 96.522ms
[31.527s][info][gc,phases,start] GC(121) Post Compact
[31.528s][info][gc,phases      ] GC(121) Post Compact 1.519ms
[31.528s][info][gc,heap        ] GC(121) PSYoungGen: 33771K(77312K)->33771K(77312K) Eden: 24575K(24576K)->24575K(24576K) From: 9195K(52736K)->9195K(52736K)
[31.528s][info][gc,heap        ] GC(121) ParOldGen: 334562K(341504K)->334562K(341504K)
[31.528s][info][gc,metaspace   ] GC(121) Metaspace: 6298K(6464K)->6298K(6464K) NonClass: 5764K(5824K)->5764K(5824K) Class: 533K(640K)->533K(640K)
[31.528s][info][gc             ] GC(121) Pause Full (Ergonomics) 359M->359M(409M) 378.669ms
[31.528s][info][gc,cpu         ] GC(121) User=0.34s Sys=0.00s Real=0.38s
[31.529s][info][gc,start       ] GC(122) Pause Full (Ergonomics)
[31.529s][info][gc,phases,start] GC(122) Marking Phase
[31.804s][info][gc,phases      ] GC(122) Marking Phase 275.489ms
[31.804s][info][gc,phases,start] GC(122) Summary Phase
[31.804s][info][gc,phases      ] GC(122) Summary Phase 0.035ms
[31.804s][info][gc,phases,start] GC(122) Adjust Roots
[31.805s][info][gc,phases      ] GC(122) Adjust Roots 0.266ms
[31.805s][info][gc,phases,start] GC(122) Compaction Phase
[31.901s][info][gc,phases      ] GC(122) Compaction Phase 95.943ms
[31.901s][info][gc,phases,start] GC(122) Post Compact
[31.902s][info][gc,phases      ] GC(122) Post Compact 1.513ms
[31.902s][info][gc,heap        ] GC(122) PSYoungGen: 33771K(77312K)->33771K(77312K) Eden: 24575K(24576K)->24575K(24576K) From: 9195K(52736K)->9195K(52736K)
[31.902s][info][gc,heap        ] GC(122) ParOldGen: 334567K(341504K)->334567K(341504K)
[31.902s][info][gc,metaspace   ] GC(122) Metaspace: 6298K(6464K)->6298K(6464K) NonClass: 5764K(5824K)->5764K(5824K) Class: 533K(640K)->533K(640K)
[31.902s][info][gc             ] GC(122) Pause Full (Ergonomics) 359M->359M(409M) 373.649ms
[31.902s][info][gc,cpu         ] GC(122) User=0.34s Sys=0.00s Real=0.37s
[31.903s][info][gc,start       ] GC(123) Pause Full (Ergonomics)
[31.903s][info][gc,phases,start] GC(123) Marking Phase
[32.178s][info][gc,phases      ] GC(123) Marking Phase 275.322ms
[32.178s][info][gc,phases,start] GC(123) Summary Phase
[32.178s][info][gc,phases      ] GC(123) Summary Phase 0.035ms
[32.178s][info][gc,phases,start] GC(123) Adjust Roots
[32.178s][info][gc,phases      ] GC(123) Adjust Roots 0.261ms
[32.178s][info][gc,phases,start] GC(123) Compaction Phase
[32.275s][info][gc,phases      ] GC(123) Compaction Phase 96.200ms
[32.275s][info][gc,phases,start] GC(123) Post Compact
[32.276s][info][gc,phases      ] GC(123) Post Compact 1.507ms
[32.276s][info][gc,heap        ] GC(123) PSYoungGen: 33771K(77312K)->33771K(77312K) Eden: 24575K(24576K)->24575K(24576K) From: 9195K(52736K)->9195K(52736K)
[32.276s][info][gc,heap        ] GC(123) ParOldGen: 334571K(341504K)->334571K(341504K)
[32.276s][info][gc,metaspace   ] GC(123) Metaspace: 6298K(6464K)->6298K(6464K) NonClass: 5764K(5824K)->5764K(5824K) Class: 533K(640K)->533K(640K)
[32.276s][info][gc             ] GC(123) Pause Full (Ergonomics) 359M->359M(409M) 373.719ms
[32.276s][info][gc,cpu         ] GC(123) User=0.34s Sys=0.00s Real=0.37s
[32.277s][info][gc,start       ] GC(124) Pause Full (Ergonomics)
[32.277s][info][gc,phases,start] GC(124) Marking Phase
[32.557s][info][gc,phases      ] GC(124) Marking Phase 279.990ms
[32.557s][info][gc,phases,start] GC(124) Summary Phase
[32.557s][info][gc,phases      ] GC(124) Summary Phase 0.110ms
[32.557s][info][gc,phases,start] GC(124) Adjust Roots
[32.557s][info][gc,phases      ] GC(124) Adjust Roots 0.237ms
[32.557s][info][gc,phases,start] GC(124) Compaction Phase
[32.655s][info][gc,phases      ] GC(124) Compaction Phase 97.716ms
[32.655s][info][gc,phases,start] GC(124) Post Compact
[32.657s][info][gc,phases      ] GC(124) Post Compact 1.514ms
[32.657s][info][gc,heap        ] GC(124) PSYoungGen: 33771K(77312K)->33771K(77312K) Eden: 24575K(24576K)->24575K(24576K) From: 9195K(52736K)->9195K(52736K)
[32.657s][info][gc,heap        ] GC(124) ParOldGen: 334576K(341504K)->334576K(341504K)
[32.657s][info][gc,metaspace   ] GC(124) Metaspace: 6298K(6464K)->6298K(6464K) NonClass: 5764K(5824K)->5764K(5824K) Class: 533K(640K)->533K(640K)
[32.657s][info][gc             ] GC(124) Pause Full (Ergonomics) 359M->359M(409M) 379.987ms
[32.657s][info][gc,cpu         ] GC(124) User=0.34s Sys=0.00s Real=0.38s
[32.657s][info][gc,start       ] GC(125) Pause Full (Ergonomics)
[32.657s][info][gc,phases,start] GC(125) Marking Phase
[32.932s][info][gc,phases      ] GC(125) Marking Phase 275.232ms
[32.932s][info][gc,phases,start] GC(125) Summary Phase
[32.932s][info][gc,phases      ] GC(125) Summary Phase 0.083ms
[32.932s][info][gc,phases,start] GC(125) Adjust Roots
[32.933s][info][gc,phases      ] GC(125) Adjust Roots 0.302ms
[32.933s][info][gc,phases,start] GC(125) Compaction Phase
[33.029s][info][gc,phases      ] GC(125) Compaction Phase 96.383ms
[33.029s][info][gc,phases,start] GC(125) Post Compact
[33.031s][info][gc,phases      ] GC(125) Post Compact 1.502ms
[33.031s][info][gc,heap        ] GC(125) PSYoungGen: 33771K(77312K)->33771K(77312K) Eden: 24575K(24576K)->24575K(24576K) From: 9195K(52736K)->9195K(52736K)
[33.031s][info][gc,heap        ] GC(125) ParOldGen: 334581K(341504K)->334581K(341504K)
[33.031s][info][gc,metaspace   ] GC(125) Metaspace: 6298K(6464K)->6298K(6464K) NonClass: 5764K(5824K)->5764K(5824K) Class: 533K(640K)->533K(640K)
[33.031s][info][gc             ] GC(125) Pause Full (Ergonomics) 359M->359M(409M) 373.955ms
[33.031s][info][gc,cpu         ] GC(125) User=0.36s Sys=0.00s Real=0.37s
[33.031s][info][gc,start       ] GC(126) Pause Full (Ergonomics)
[33.031s][info][gc,phases,start] GC(126) Marking Phase
[33.311s][info][gc,phases      ] GC(126) Marking Phase 279.395ms
[33.311s][info][gc,phases,start] GC(126) Summary Phase
[33.311s][info][gc,phases      ] GC(126) Summary Phase 0.034ms
[33.311s][info][gc,phases,start] GC(126) Adjust Roots
[33.311s][info][gc,phases      ] GC(126) Adjust Roots 0.266ms
[33.311s][info][gc,phases,start] GC(126) Compaction Phase
[33.407s][info][gc,phases      ] GC(126) Compaction Phase 95.635ms
[33.407s][info][gc,phases,start] GC(126) Post Compact
[33.408s][info][gc,phases      ] GC(126) Post Compact 1.540ms
[33.408s][info][gc,heap        ] GC(126) PSYoungGen: 33771K(77312K)->33771K(77312K) Eden: 24575K(24576K)->24575K(24576K) From: 9195K(52736K)->9195K(52736K)
[33.408s][info][gc,heap        ] GC(126) ParOldGen: 334585K(341504K)->334585K(341504K)
[33.408s][info][gc,metaspace   ] GC(126) Metaspace: 6298K(6464K)->6298K(6464K) NonClass: 5764K(5824K)->5764K(5824K) Class: 533K(640K)->533K(640K)
[33.408s][info][gc             ] GC(126) Pause Full (Ergonomics) 359M->359M(409M) 377.263ms
[33.408s][info][gc,cpu         ] GC(126) User=0.38s Sys=0.00s Real=0.38s
[33.409s][info][gc,start       ] GC(127) Pause Full (Ergonomics)
[33.409s][info][gc,phases,start] GC(127) Marking Phase
[33.689s][info][gc,phases      ] GC(127) Marking Phase 279.743ms
[33.689s][info][gc,phases,start] GC(127) Summary Phase
[33.689s][info][gc,phases      ] GC(127) Summary Phase 0.030ms
[33.689s][info][gc,phases,start] GC(127) Adjust Roots
[33.689s][info][gc,phases      ] GC(127) Adjust Roots 0.208ms
[33.689s][info][gc,phases,start] GC(127) Compaction Phase
[33.785s][info][gc,phases      ] GC(127) Compaction Phase 95.961ms
[33.785s][info][gc,phases,start] GC(127) Post Compact
[33.786s][info][gc,phases      ] GC(127) Post Compact 1.538ms
[33.787s][info][gc,heap        ] GC(127) PSYoungGen: 33771K(77312K)->33771K(77312K) Eden: 24575K(24576K)->24575K(24576K) From: 9195K(52736K)->9195K(52736K)
[33.787s][info][gc,heap        ] GC(127) ParOldGen: 334590K(341504K)->334590K(341504K)
[33.787s][info][gc,metaspace   ] GC(127) Metaspace: 6298K(6464K)->6298K(6464K) NonClass: 5764K(5824K)->5764K(5824K) Class: 533K(640K)->533K(640K)
[33.787s][info][gc             ] GC(127) Pause Full (Ergonomics) 359M->359M(409M) 377.834ms
[33.787s][info][gc,cpu         ] GC(127) User=0.38s Sys=0.00s Real=0.38s
[33.787s][info][gc,start       ] GC(128) Pause Full (Ergonomics)
[33.787s][info][gc,phases,start] GC(128) Marking Phase
[34.067s][info][gc,phases      ] GC(128) Marking Phase 280.112ms
[34.067s][info][gc,phases,start] GC(128) Summary Phase
[34.067s][info][gc,phases      ] GC(128) Summary Phase 0.035ms
[34.067s][info][gc,phases,start] GC(128) Adjust Roots
[34.068s][info][gc,phases      ] GC(128) Adjust Roots 0.273ms
[34.068s][info][gc,phases,start] GC(128) Compaction Phase
[34.164s][info][gc,phases      ] GC(128) Compaction Phase 96.322ms
[34.164s][info][gc,phases,start] GC(128) Post Compact
[34.166s][info][gc,phases      ] GC(128) Post Compact 1.507ms
[34.166s][info][gc,heap        ] GC(128) PSYoungGen: 33771K(77312K)->33771K(77312K) Eden: 24575K(24576K)->24575K(24576K) From: 9195K(52736K)->9195K(52736K)
[34.166s][info][gc,heap        ] GC(128) ParOldGen: 334595K(341504K)->334595K(341504K)
[34.166s][info][gc,metaspace   ] GC(128) Metaspace: 6298K(6464K)->6298K(6464K) NonClass: 5764K(5824K)->5764K(5824K) Class: 533K(640K)->533K(640K)
[34.166s][info][gc             ] GC(128) Pause Full (Ergonomics) 359M->359M(409M) 378.640ms
[34.166s][info][gc,cpu         ] GC(128) User=0.33s Sys=0.00s Real=0.38s
[34.166s][info][gc,start       ] GC(129) Pause Full (Ergonomics)
[34.166s][info][gc,phases,start] GC(129) Marking Phase
[34.447s][info][gc,phases      ] GC(129) Marking Phase 280.957ms
[34.447s][info][gc,phases,start] GC(129) Summary Phase
[34.447s][info][gc,phases      ] GC(129) Summary Phase 0.036ms
[34.447s][info][gc,phases,start] GC(129) Adjust Roots
[34.448s][info][gc,phases      ] GC(129) Adjust Roots 0.263ms
[34.448s][info][gc,phases,start] GC(129) Compaction Phase
[34.544s][info][gc,phases      ] GC(129) Compaction Phase 96.398ms
[34.544s][info][gc,phases,start] GC(129) Post Compact
[34.546s][info][gc,phases      ] GC(129) Post Compact 1.492ms
[34.546s][info][gc,heap        ] GC(129) PSYoungGen: 33771K(77312K)->33771K(77312K) Eden: 24575K(24576K)->24575K(24576K) From: 9195K(52736K)->9195K(52736K)
[34.546s][info][gc,heap        ] GC(129) ParOldGen: 334599K(341504K)->334599K(341504K)
[34.546s][info][gc,metaspace   ] GC(129) Metaspace: 6298K(6464K)->6298K(6464K) NonClass: 5764K(5824K)->5764K(5824K) Class: 533K(640K)->533K(640K)
[34.546s][info][gc             ] GC(129) Pause Full (Ergonomics) 359M->359M(409M) 379.621ms
[34.546s][info][gc,cpu         ] GC(129) User=0.34s Sys=0.00s Real=0.38s
[34.546s][info][gc,start       ] GC(130) Pause Full (Ergonomics)
[34.546s][info][gc,phases,start] GC(130) Marking Phase
[34.826s][info][gc,phases      ] GC(130) Marking Phase 280.098ms
[34.826s][info][gc,phases,start] GC(130) Summary Phase
[34.826s][info][gc,phases      ] GC(130) Summary Phase 0.035ms
[34.826s][info][gc,phases,start] GC(130) Adjust Roots
[34.827s][info][gc,phases      ] GC(130) Adjust Roots 0.263ms
[34.827s][info][gc,phases,start] GC(130) Compaction Phase
[34.923s][info][gc,phases      ] GC(130) Compaction Phase 96.600ms
[34.923s][info][gc,phases,start] GC(130) Post Compact
[34.925s][info][gc,phases      ] GC(130) Post Compact 1.515ms
[34.925s][info][gc,heap        ] GC(130) PSYoungGen: 33771K(77312K)->33771K(77312K) Eden: 24575K(24576K)->24575K(24576K) From: 9195K(52736K)->9195K(52736K)
[34.925s][info][gc,heap        ] GC(130) ParOldGen: 334604K(341504K)->334604K(341504K)
[34.925s][info][gc,metaspace   ] GC(130) Metaspace: 6298K(6464K)->6298K(6464K) NonClass: 5764K(5824K)->5764K(5824K) Class: 533K(640K)->533K(640K)
[34.925s][info][gc             ] GC(130) Pause Full (Ergonomics) 359M->359M(409M) 378.913ms
[34.925s][info][gc,cpu         ] GC(130) User=0.36s Sys=0.00s Real=0.38s
[34.925s][info][gc,start       ] GC(131) Pause Full (Ergonomics)
[34.925s][info][gc,phases,start] GC(131) Marking Phase
[35.207s][info][gc,phases      ] GC(131) Marking Phase 282.130ms
[35.207s][info][gc,phases,start] GC(131) Summary Phase
[35.208s][info][gc,phases      ] GC(131) Summary Phase 0.018ms
[35.208s][info][gc,phases,start] GC(131) Adjust Roots
[35.208s][info][gc,phases      ] GC(131) Adjust Roots 0.198ms
[35.208s][info][gc,phases,start] GC(131) Compaction Phase
[35.304s][info][gc,phases      ] GC(131) Compaction Phase 96.722ms
[35.305s][info][gc,phases,start] GC(131) Post Compact
[35.306s][info][gc,phases      ] GC(131) Post Compact 1.501ms
[35.306s][info][gc,heap        ] GC(131) PSYoungGen: 33771K(77312K)->33771K(77312K) Eden: 24575K(24576K)->24575K(24576K) From: 9195K(52736K)->9195K(52736K)
[35.306s][info][gc,heap        ] GC(131) ParOldGen: 334609K(341504K)->334609K(341504K)
[35.306s][info][gc,metaspace   ] GC(131) Metaspace: 6298K(6464K)->6298K(6464K) NonClass: 5764K(5824K)->5764K(5824K) Class: 533K(640K)->533K(640K)
[35.306s][info][gc             ] GC(131) Pause Full (Ergonomics) 359M->359M(409M) 380.905ms
[35.306s][info][gc,cpu         ] GC(131) User=0.38s Sys=0.00s Real=0.38s
[35.306s][info][gc,start       ] GC(132) Pause Full (Ergonomics)
[35.306s][info][gc,phases,start] GC(132) Marking Phase
[35.582s][info][gc,phases      ] GC(132) Marking Phase 275.666ms
[35.582s][info][gc,phases,start] GC(132) Summary Phase
[35.582s][info][gc,phases      ] GC(132) Summary Phase 0.035ms
[35.582s][info][gc,phases,start] GC(132) Adjust Roots
[35.583s][info][gc,phases      ] GC(132) Adjust Roots 0.266ms
[35.583s][info][gc,phases,start] GC(132) Compaction Phase
[35.679s][info][gc,phases      ] GC(132) Compaction Phase 96.647ms
[35.679s][info][gc,phases,start] GC(132) Post Compact
[35.681s][info][gc,phases      ] GC(132) Post Compact 1.531ms
[35.681s][info][gc,heap        ] GC(132) PSYoungGen: 33771K(77312K)->33771K(77312K) Eden: 24575K(24576K)->24575K(24576K) From: 9195K(52736K)->9195K(52736K)
[35.681s][info][gc,heap        ] GC(132) ParOldGen: 334613K(341504K)->334613K(341504K)
[35.681s][info][gc,metaspace   ] GC(132) Metaspace: 6298K(6464K)->6298K(6464K) NonClass: 5764K(5824K)->5764K(5824K) Class: 533K(640K)->533K(640K)
[35.681s][info][gc             ] GC(132) Pause Full (Ergonomics) 359M->359M(409M) 374.531ms
[35.681s][info][gc,cpu         ] GC(132) User=0.36s Sys=0.00s Real=0.38s
[35.681s][info][gc,start       ] GC(133) Pause Full (Ergonomics)
[35.681s][info][gc,phases,start] GC(133) Marking Phase
[35.961s][info][gc,phases      ] GC(133) Marking Phase 279.348ms
[35.961s][info][gc,phases,start] GC(133) Summary Phase
[35.961s][info][gc,phases      ] GC(133) Summary Phase 0.035ms
[35.961s][info][gc,phases,start] GC(133) Adjust Roots
[35.961s][info][gc,phases      ] GC(133) Adjust Roots 0.267ms
[35.961s][info][gc,phases,start] GC(133) Compaction Phase
[36.057s][info][gc,phases      ] GC(133) Compaction Phase 95.962ms
[36.057s][info][gc,phases,start] GC(133) Post Compact
[36.059s][info][gc,phases      ] GC(133) Post Compact 1.522ms
[36.059s][info][gc,heap        ] GC(133) PSYoungGen: 33771K(77312K)->33771K(77312K) Eden: 24575K(24576K)->24575K(24576K) From: 9195K(52736K)->9195K(52736K)
[36.059s][info][gc,heap        ] GC(133) ParOldGen: 334618K(341504K)->334618K(341504K)
[36.059s][info][gc,metaspace   ] GC(133) Metaspace: 6298K(6464K)->6298K(6464K) NonClass: 5764K(5824K)->5764K(5824K) Class: 533K(640K)->533K(640K)
[36.059s][info][gc             ] GC(133) Pause Full (Ergonomics) 359M->359M(409M) 377.531ms
[36.059s][info][gc,cpu         ] GC(133) User=0.34s Sys=0.00s Real=0.38s
[36.059s][info][gc,start       ] GC(134) Pause Full (Ergonomics)
[36.059s][info][gc,phases,start] GC(134) Marking Phase
[36.339s][info][gc,phases      ] GC(134) Marking Phase 279.662ms
[36.339s][info][gc,phases,start] GC(134) Summary Phase
[36.339s][info][gc,phases      ] GC(134) Summary Phase 0.034ms
[36.339s][info][gc,phases,start] GC(134) Adjust Roots
[36.339s][info][gc,phases      ] GC(134) Adjust Roots 0.294ms
[36.339s][info][gc,phases,start] GC(134) Compaction Phase
[36.435s][info][gc,phases      ] GC(134) Compaction Phase 95.883ms
[36.435s][info][gc,phases,start] GC(134) Post Compact
[36.437s][info][gc,phases      ] GC(134) Post Compact 1.516ms
[36.437s][info][gc,heap        ] GC(134) PSYoungGen: 33771K(77312K)->33771K(77312K) Eden: 24575K(24576K)->24575K(24576K) From: 9195K(52736K)->9195K(52736K)
[36.437s][info][gc,heap        ] GC(134) ParOldGen: 334623K(341504K)->334623K(341504K)
[36.437s][info][gc,metaspace   ] GC(134) Metaspace: 6298K(6464K)->6298K(6464K) NonClass: 5764K(5824K)->5764K(5824K) Class: 533K(640K)->533K(640K)
[36.437s][info][gc             ] GC(134) Pause Full (Ergonomics) 359M->359M(409M) 377.776ms
[36.437s][info][gc,cpu         ] GC(134) User=0.34s Sys=0.00s Real=0.38s
[36.437s][info][gc,start       ] GC(135) Pause Full (Ergonomics)
[36.437s][info][gc,phases,start] GC(135) Marking Phase
[36.717s][info][gc,phases      ] GC(135) Marking Phase 279.756ms
[36.717s][info][gc,phases,start] GC(135) Summary Phase
[36.717s][info][gc,phases      ] GC(135) Summary Phase 0.022ms
[36.717s][info][gc,phases,start] GC(135) Adjust Roots
[36.717s][info][gc,phases      ] GC(135) Adjust Roots 0.233ms
[36.717s][info][gc,phases,start] GC(135) Compaction Phase
[36.813s][info][gc,phases      ] GC(135) Compaction Phase 95.821ms
[36.813s][info][gc,phases,start] GC(135) Post Compact
[36.815s][info][gc,phases      ] GC(135) Post Compact 1.564ms
[36.815s][info][gc,heap        ] GC(135) PSYoungGen: 33771K(77312K)->33771K(77312K) Eden: 24575K(24576K)->24575K(24576K) From: 9195K(52736K)->9195K(52736K)
[36.815s][info][gc,heap        ] GC(135) ParOldGen: 334627K(341504K)->334627K(341504K)
[36.815s][info][gc,metaspace   ] GC(135) Metaspace: 6298K(6464K)->6298K(6464K) NonClass: 5764K(5824K)->5764K(5824K) Class: 533K(640K)->533K(640K)
[36.815s][info][gc             ] GC(135) Pause Full (Ergonomics) 359M->359M(409M) 377.743ms
[36.815s][info][gc,cpu         ] GC(135) User=0.38s Sys=0.00s Real=0.38s
[36.815s][info][gc,start       ] GC(136) Pause Full (Ergonomics)
[36.815s][info][gc,phases,start] GC(136) Marking Phase
[37.094s][info][gc,phases      ] GC(136) Marking Phase 279.102ms
[37.094s][info][gc,phases,start] GC(136) Summary Phase
[37.094s][info][gc,phases      ] GC(136) Summary Phase 0.023ms
[37.094s][info][gc,phases,start] GC(136) Adjust Roots
[37.095s][info][gc,phases      ] GC(136) Adjust Roots 0.209ms
[37.095s][info][gc,phases,start] GC(136) Compaction Phase
[37.190s][info][gc,phases      ] GC(136) Compaction Phase 95.815ms
[37.191s][info][gc,phases,start] GC(136) Post Compact
[37.192s][info][gc,phases      ] GC(136) Post Compact 1.511ms
[37.192s][info][gc,heap        ] GC(136) PSYoungGen: 33771K(77312K)->33771K(77312K) Eden: 24575K(24576K)->24575K(24576K) From: 9195K(52736K)->9195K(52736K)
[37.192s][info][gc,heap        ] GC(136) ParOldGen: 334632K(341504K)->334632K(341504K)
[37.192s][info][gc,metaspace   ] GC(136) Metaspace: 6298K(6464K)->6298K(6464K) NonClass: 5764K(5824K)->5764K(5824K) Class: 533K(640K)->533K(640K)
[37.192s][info][gc             ] GC(136) Pause Full (Ergonomics) 359M->359M(409M) 377.050ms
[37.192s][info][gc,cpu         ] GC(136) User=0.36s Sys=0.00s Real=0.38s
[37.193s][info][gc,start       ] GC(137) Pause Full (Ergonomics)
[37.193s][info][gc,phases,start] GC(137) Marking Phase
[37.476s][info][gc,phases      ] GC(137) Marking Phase 282.758ms
[37.476s][info][gc,phases,start] GC(137) Summary Phase
[37.476s][info][gc,phases      ] GC(137) Summary Phase 0.024ms
[37.476s][info][gc,phases,start] GC(137) Adjust Roots
[37.476s][info][gc,phases      ] GC(137) Adjust Roots 0.300ms
[37.476s][info][gc,phases,start] GC(137) Compaction Phase
[37.574s][info][gc,phases      ] GC(137) Compaction Phase 97.708ms
[37.574s][info][gc,phases,start] GC(137) Post Compact
[37.575s][info][gc,phases      ] GC(137) Post Compact 1.519ms
[37.575s][info][gc,heap        ] GC(137) PSYoungGen: 33771K(77312K)->33771K(77312K) Eden: 24575K(24576K)->24575K(24576K) From: 9195K(52736K)->9195K(52736K)
[37.575s][info][gc,heap        ] GC(137) ParOldGen: 334637K(341504K)->334637K(341504K)
[37.575s][info][gc,metaspace   ] GC(137) Metaspace: 6298K(6464K)->6298K(6464K) NonClass: 5764K(5824K)->5764K(5824K) Class: 533K(640K)->533K(640K)
[37.575s][info][gc             ] GC(137) Pause Full (Ergonomics) 359M->359M(409M) 382.620ms
[37.575s][info][gc,cpu         ] GC(137) User=0.34s Sys=0.00s Real=0.38s
[37.576s][info][gc,start       ] GC(138) Pause Full (Ergonomics)
[37.576s][info][gc,phases,start] GC(138) Marking Phase
[37.855s][info][gc,phases      ] GC(138) Marking Phase 279.494ms
[37.855s][info][gc,phases,start] GC(138) Summary Phase
[37.855s][info][gc,phases      ] GC(138) Summary Phase 0.064ms
[37.855s][info][gc,phases,start] GC(138) Adjust Roots
[37.856s][info][gc,phases      ] GC(138) Adjust Roots 0.265ms
[37.856s][info][gc,phases,start] GC(138) Compaction Phase
[37.952s][info][gc,phases      ] GC(138) Compaction Phase 96.305ms
[37.952s][info][gc,phases,start] GC(138) Post Compact
[37.954s][info][gc,phases      ] GC(138) Post Compact 1.504ms
[37.954s][info][gc,heap        ] GC(138) PSYoungGen: 33771K(77312K)->33771K(77312K) Eden: 24575K(24576K)->24575K(24576K) From: 9195K(52736K)->9195K(52736K)
[37.954s][info][gc,heap        ] GC(138) ParOldGen: 334641K(341504K)->334641K(341504K)
[37.954s][info][gc,metaspace   ] GC(138) Metaspace: 6298K(6464K)->6298K(6464K) NonClass: 5764K(5824K)->5764K(5824K) Class: 533K(640K)->533K(640K)
[37.954s][info][gc             ] GC(138) Pause Full (Ergonomics) 359M->359M(409M) 378.041ms
[37.954s][info][gc,cpu         ] GC(138) User=0.36s Sys=0.00s Real=0.38s
[37.954s][info][gc,start       ] GC(139) Pause Full (Ergonomics)
[37.954s][info][gc,phases,start] GC(139) Marking Phase
[38.230s][info][gc,phases      ] GC(139) Marking Phase 275.814ms
[38.230s][info][gc,phases,start] GC(139) Summary Phase
[38.230s][info][gc,phases      ] GC(139) Summary Phase 0.034ms
[38.230s][info][gc,phases,start] GC(139) Adjust Roots
[38.230s][info][gc,phases      ] GC(139) Adjust Roots 0.262ms
[38.230s][info][gc,phases,start] GC(139) Compaction Phase
[38.327s][info][gc,phases      ] GC(139) Compaction Phase 96.368ms
[38.327s][info][gc,phases,start] GC(139) Post Compact
[38.328s][info][gc,phases      ] GC(139) Post Compact 1.530ms
[38.328s][info][gc,heap        ] GC(139) PSYoungGen: 33771K(77312K)->33771K(77312K) Eden: 24575K(24576K)->24575K(24576K) From: 9195K(52736K)->9195K(52736K)
[38.328s][info][gc,heap        ] GC(139) ParOldGen: 334646K(341504K)->334646K(341504K)
[38.328s][info][gc,metaspace   ] GC(139) Metaspace: 6298K(6464K)->6298K(6464K) NonClass: 5764K(5824K)->5764K(5824K) Class: 533K(640K)->533K(640K)
[38.328s][info][gc             ] GC(139) Pause Full (Ergonomics) 359M->359M(409M) 374.388ms
[38.328s][info][gc,cpu         ] GC(139) User=0.34s Sys=0.02s Real=0.37s
[38.329s][info][gc,start       ] GC(140) Pause Full (Ergonomics)
[38.329s][info][gc,phases,start] GC(140) Marking Phase
[38.608s][info][gc,phases      ] GC(140) Marking Phase 279.732ms
[38.609s][info][gc,phases,start] GC(140) Summary Phase
[38.609s][info][gc,phases      ] GC(140) Summary Phase 0.036ms
[38.609s][info][gc,phases,start] GC(140) Adjust Roots
[38.609s][info][gc,phases      ] GC(140) Adjust Roots 0.275ms
[38.609s][info][gc,phases,start] GC(140) Compaction Phase
[38.705s][info][gc,phases      ] GC(140) Compaction Phase 96.347ms
[38.705s][info][gc,phases,start] GC(140) Post Compact
[38.707s][info][gc,phases      ] GC(140) Post Compact 1.496ms
[38.707s][info][gc,heap        ] GC(140) PSYoungGen: 33771K(77312K)->33771K(77312K) Eden: 24575K(24576K)->24575K(24576K) From: 9195K(52736K)->9195K(52736K)
[38.707s][info][gc,heap        ] GC(140) ParOldGen: 334651K(341504K)->334651K(341504K)
[38.707s][info][gc,metaspace   ] GC(140) Metaspace: 6298K(6464K)->6298K(6464K) NonClass: 5764K(5824K)->5764K(5824K) Class: 533K(640K)->533K(640K)
[38.707s][info][gc             ] GC(140) Pause Full (Ergonomics) 359M->359M(409M) 378.369ms
[38.707s][info][gc,cpu         ] GC(140) User=0.36s Sys=0.00s Real=0.38s
[38.707s][info][gc,start       ] GC(141) Pause Full (Ergonomics)
[38.707s][info][gc,phases,start] GC(141) Marking Phase
[38.985s][info][gc,phases      ] GC(141) Marking Phase 277.606ms
[38.985s][info][gc,phases,start] GC(141) Summary Phase
[38.985s][info][gc,phases      ] GC(141) Summary Phase 0.023ms
[38.985s][info][gc,phases,start] GC(141) Adjust Roots
[38.985s][info][gc,phases      ] GC(141) Adjust Roots 0.221ms
[38.985s][info][gc,phases,start] GC(141) Compaction Phase
[39.081s][info][gc,phases      ] GC(141) Compaction Phase 95.747ms
[39.081s][info][gc,phases,start] GC(141) Post Compact
[39.083s][info][gc,phases      ] GC(141) Post Compact 1.489ms
[39.083s][info][gc,heap        ] GC(141) PSYoungGen: 33771K(77312K)->33771K(77312K) Eden: 24575K(24576K)->24575K(24576K) From: 9195K(52736K)->9195K(52736K)
[39.083s][info][gc,heap        ] GC(141) ParOldGen: 334655K(341504K)->334655K(341504K)
[39.083s][info][gc,metaspace   ] GC(141) Metaspace: 6298K(6464K)->6298K(6464K) NonClass: 5764K(5824K)->5764K(5824K) Class: 533K(640K)->533K(640K)
[39.083s][info][gc             ] GC(141) Pause Full (Ergonomics) 359M->359M(409M) 375.427ms
[39.083s][info][gc,cpu         ] GC(141) User=0.36s Sys=0.00s Real=0.38s
[39.083s][info][gc,start       ] GC(142) Pause Full (Ergonomics)
[39.083s][info][gc,phases,start] GC(142) Marking Phase
[39.361s][info][gc,phases      ] GC(142) Marking Phase 278.361ms
[39.362s][info][gc,phases,start] GC(142) Summary Phase
[39.362s][info][gc,phases      ] GC(142) Summary Phase 0.026ms
[39.362s][info][gc,phases,start] GC(142) Adjust Roots
[39.362s][info][gc,phases      ] GC(142) Adjust Roots 0.191ms
[39.362s][info][gc,phases,start] GC(142) Compaction Phase
[39.458s][info][gc,phases      ] GC(142) Compaction Phase 95.936ms
[39.458s][info][gc,phases,start] GC(142) Post Compact
[39.459s][info][gc,phases      ] GC(142) Post Compact 1.566ms
[39.459s][info][gc,heap        ] GC(142) PSYoungGen: 33771K(77312K)->33771K(77312K) Eden: 24575K(24576K)->24575K(24576K) From: 9195K(52736K)->9195K(52736K)
[39.460s][info][gc,heap        ] GC(142) ParOldGen: 334660K(341504K)->334660K(341504K)
[39.460s][info][gc,metaspace   ] GC(142) Metaspace: 6298K(6464K)->6298K(6464K) NonClass: 5764K(5824K)->5764K(5824K) Class: 533K(640K)->533K(640K)
[39.460s][info][gc             ] GC(142) Pause Full (Ergonomics) 359M->359M(409M) 376.482ms
[39.460s][info][gc,cpu         ] GC(142) User=0.36s Sys=0.00s Real=0.38s
[39.460s][info][gc,start       ] GC(143) Pause Full (Ergonomics)
[39.460s][info][gc,phases,start] GC(143) Marking Phase
[39.742s][info][gc,phases      ] GC(143) Marking Phase 281.734ms
[39.742s][info][gc,phases,start] GC(143) Summary Phase
[39.742s][info][gc,phases      ] GC(143) Summary Phase 0.035ms
[39.742s][info][gc,phases,start] GC(143) Adjust Roots
[39.742s][info][gc,phases      ] GC(143) Adjust Roots 0.277ms
[39.742s][info][gc,phases,start] GC(143) Compaction Phase
[39.840s][info][gc,phases      ] GC(143) Compaction Phase 98.024ms
[39.840s][info][gc,phases,start] GC(143) Post Compact
[39.842s][info][gc,phases      ] GC(143) Post Compact 1.503ms
[39.842s][info][gc,heap        ] GC(143) PSYoungGen: 33771K(77312K)->33771K(77312K) Eden: 24575K(24576K)->24575K(24576K) From: 9195K(52736K)->9195K(52736K)
[39.842s][info][gc,heap        ] GC(143) ParOldGen: 334665K(341504K)->334665K(341504K)
[39.842s][info][gc,metaspace   ] GC(143) Metaspace: 6298K(6464K)->6298K(6464K) NonClass: 5764K(5824K)->5764K(5824K) Class: 533K(640K)->533K(640K)
[39.842s][info][gc             ] GC(143) Pause Full (Ergonomics) 359M->359M(409M) 382.010ms
[39.842s][info][gc,cpu         ] GC(143) User=0.34s Sys=0.00s Real=0.38s
[39.842s][info][gc,start       ] GC(144) Pause Full (Ergonomics)
[39.842s][info][gc,phases,start] GC(144) Marking Phase
[40.122s][info][gc,phases      ] GC(144) Marking Phase 279.562ms
[40.122s][info][gc,phases,start] GC(144) Summary Phase
[40.122s][info][gc,phases      ] GC(144) Summary Phase 0.034ms
[40.122s][info][gc,phases,start] GC(144) Adjust Roots
[40.122s][info][gc,phases      ] GC(144) Adjust Roots 0.287ms
[40.122s][info][gc,phases,start] GC(144) Compaction Phase
[40.218s][info][gc,phases      ] GC(144) Compaction Phase 95.768ms
[40.218s][info][gc,phases,start] GC(144) Post Compact
[40.220s][info][gc,phases      ] GC(144) Post Compact 1.510ms
[40.220s][info][gc,heap        ] GC(144) PSYoungGen: 33771K(77312K)->33771K(77312K) Eden: 24575K(24576K)->24575K(24576K) From: 9195K(52736K)->9195K(52736K)
[40.220s][info][gc,heap        ] GC(144) ParOldGen: 334669K(341504K)->334669K(341504K)
[40.220s][info][gc,metaspace   ] GC(144) Metaspace: 6298K(6464K)->6298K(6464K) NonClass: 5764K(5824K)->5764K(5824K) Class: 533K(640K)->533K(640K)
[40.220s][info][gc             ] GC(144) Pause Full (Ergonomics) 359M->359M(409M) 377.556ms
[40.220s][info][gc,cpu         ] GC(144) User=0.33s Sys=0.02s Real=0.38s
[40.220s][info][gc,start       ] GC(145) Pause Full (Ergonomics)
[40.220s][info][gc,phases,start] GC(145) Marking Phase
[40.500s][info][gc,phases      ] GC(145) Marking Phase 279.908ms
[40.500s][info][gc,phases,start] GC(145) Summary Phase
[40.500s][info][gc,phases      ] GC(145) Summary Phase 0.034ms
[40.500s][info][gc,phases,start] GC(145) Adjust Roots
[40.500s][info][gc,phases      ] GC(145) Adjust Roots 0.227ms
[40.500s][info][gc,phases,start] GC(145) Compaction Phase
[40.597s][info][gc,phases      ] GC(145) Compaction Phase 97.028ms
[40.597s][info][gc,phases,start] GC(145) Post Compact
[40.599s][info][gc,phases      ] GC(145) Post Compact 1.567ms
[40.599s][info][gc,heap        ] GC(145) PSYoungGen: 33771K(77312K)->33771K(77312K) Eden: 24575K(24576K)->24575K(24576K) From: 9195K(52736K)->9195K(52736K)
[40.599s][info][gc,heap        ] GC(145) ParOldGen: 334674K(341504K)->334674K(341504K)
[40.599s][info][gc,metaspace   ] GC(145) Metaspace: 6298K(6464K)->6298K(6464K) NonClass: 5764K(5824K)->5764K(5824K) Class: 533K(640K)->533K(640K)
[40.599s][info][gc             ] GC(145) Pause Full (Ergonomics) 359M->359M(409M) 379.139ms
[40.599s][info][gc,cpu         ] GC(145) User=0.38s Sys=0.00s Real=0.38s
[40.600s][info][gc,start       ] GC(146) Pause Full (Ergonomics)
[40.600s][info][gc,phases,start] GC(146) Marking Phase
[40.881s][info][gc,phases      ] GC(146) Marking Phase 281.501ms
[40.881s][info][gc,phases,start] GC(146) Summary Phase
[40.881s][info][gc,phases      ] GC(146) Summary Phase 0.036ms
[40.881s][info][gc,phases,start] GC(146) Adjust Roots
[40.882s][info][gc,phases      ] GC(146) Adjust Roots 0.288ms
[40.882s][info][gc,phases,start] GC(146) Compaction Phase
[40.978s][info][gc,phases      ] GC(146) Compaction Phase 96.093ms
[40.978s][info][gc,phases,start] GC(146) Post Compact
[40.979s][info][gc,phases      ] GC(146) Post Compact 1.526ms
[40.980s][info][gc,heap        ] GC(146) PSYoungGen: 33771K(77312K)->33771K(77312K) Eden: 24575K(24576K)->24575K(24576K) From: 9195K(52736K)->9195K(52736K)
[40.980s][info][gc,heap        ] GC(146) ParOldGen: 334679K(341504K)->334679K(341504K)
[40.980s][info][gc,metaspace   ] GC(146) Metaspace: 6298K(6464K)->6298K(6464K) NonClass: 5764K(5824K)->5764K(5824K) Class: 533K(640K)->533K(640K)
[40.980s][info][gc             ] GC(146) Pause Full (Ergonomics) 359M->359M(409M) 379.854ms
[40.980s][info][gc,cpu         ] GC(146) User=0.34s Sys=0.00s Real=0.38s
[40.980s][info][gc,start       ] GC(147) Pause Full (Ergonomics)
[40.980s][info][gc,phases,start] GC(147) Marking Phase
[41.259s][info][gc,phases      ] GC(147) Marking Phase 279.327ms
[41.259s][info][gc,phases,start] GC(147) Summary Phase
[41.259s][info][gc,phases      ] GC(147) Summary Phase 0.043ms
[41.259s][info][gc,phases,start] GC(147) Adjust Roots
[41.260s][info][gc,phases      ] GC(147) Adjust Roots 0.269ms
[41.260s][info][gc,phases,start] GC(147) Compaction Phase
[41.356s][info][gc,phases      ] GC(147) Compaction Phase 95.970ms
[41.356s][info][gc,phases,start] GC(147) Post Compact
[41.357s][info][gc,phases      ] GC(147) Post Compact 1.508ms
[41.357s][info][gc,heap        ] GC(147) PSYoungGen: 33771K(77312K)->33771K(77312K) Eden: 24575K(24576K)->24575K(24576K) From: 9195K(52736K)->9195K(52736K)
[41.357s][info][gc,heap        ] GC(147) ParOldGen: 334683K(341504K)->334683K(341504K)
[41.357s][info][gc,metaspace   ] GC(147) Metaspace: 6298K(6464K)->6298K(6464K) NonClass: 5764K(5824K)->5764K(5824K) Class: 533K(640K)->533K(640K)
[41.357s][info][gc             ] GC(147) Pause Full (Ergonomics) 359M->359M(409M) 377.529ms
[41.357s][info][gc,cpu         ] GC(147) User=0.34s Sys=0.00s Real=0.38s
[41.358s][info][gc,start       ] GC(148) Pause Full (Ergonomics)
[41.358s][info][gc,phases,start] GC(148) Marking Phase
[41.639s][info][gc,phases      ] GC(148) Marking Phase 281.753ms
[41.640s][info][gc,phases,start] GC(148) Summary Phase
[41.640s][info][gc,phases      ] GC(148) Summary Phase 0.020ms
[41.640s][info][gc,phases,start] GC(148) Adjust Roots
[41.640s][info][gc,phases      ] GC(148) Adjust Roots 0.243ms
[41.640s][info][gc,phases,start] GC(148) Compaction Phase
[41.738s][info][gc,phases      ] GC(148) Compaction Phase 98.199ms
[41.738s][info][gc,phases,start] GC(148) Post Compact
[41.740s][info][gc,phases      ] GC(148) Post Compact 1.552ms
[41.740s][info][gc,heap        ] GC(148) PSYoungGen: 33771K(77312K)->33771K(77312K) Eden: 24575K(24576K)->24575K(24576K) From: 9195K(52736K)->9195K(52736K)
[41.740s][info][gc,heap        ] GC(148) ParOldGen: 334688K(341504K)->334688K(341504K)
[41.740s][info][gc,metaspace   ] GC(148) Metaspace: 6298K(6464K)->6298K(6464K) NonClass: 5764K(5824K)->5764K(5824K) Class: 533K(640K)->533K(640K)
[41.740s][info][gc             ] GC(148) Pause Full (Ergonomics) 359M->359M(409M) 382.093ms
[41.740s][info][gc,cpu         ] GC(148) User=0.36s Sys=0.00s Real=0.38s
[41.740s][info][gc,start       ] GC(149) Pause Full (Ergonomics)
[41.740s][info][gc,phases,start] GC(149) Marking Phase
[42.021s][info][gc,phases      ] GC(149) Marking Phase 280.946ms
[42.021s][info][gc,phases,start] GC(149) Summary Phase
[42.021s][info][gc,phases      ] GC(149) Summary Phase 0.022ms
[42.021s][info][gc,phases,start] GC(149) Adjust Roots
[42.021s][info][gc,phases      ] GC(149) Adjust Roots 0.215ms
[42.021s][info][gc,phases,start] GC(149) Compaction Phase
[42.117s][info][gc,phases      ] GC(149) Compaction Phase 95.977ms
[42.117s][info][gc,phases,start] GC(149) Post Compact
[42.119s][info][gc,phases      ] GC(149) Post Compact 1.596ms
[42.119s][info][gc,heap        ] GC(149) PSYoungGen: 33771K(77312K)->33771K(77312K) Eden: 24575K(24576K)->24575K(24576K) From: 9195K(52736K)->9195K(52736K)
[42.119s][info][gc,heap        ] GC(149) ParOldGen: 334693K(341504K)->334693K(341504K)
[42.119s][info][gc,metaspace   ] GC(149) Metaspace: 6298K(6464K)->6298K(6464K) NonClass: 5764K(5824K)->5764K(5824K) Class: 533K(640K)->533K(640K)
[42.119s][info][gc             ] GC(149) Pause Full (Ergonomics) 359M->359M(409M) 379.097ms
[42.119s][info][gc,cpu         ] GC(149) User=0.34s Sys=0.00s Real=0.38s
[42.119s][info][gc,start       ] GC(150) Pause Full (Ergonomics)
[42.119s][info][gc,phases,start] GC(150) Marking Phase
[42.399s][info][gc,phases      ] GC(150) Marking Phase 279.909ms
[42.399s][info][gc,phases,start] GC(150) Summary Phase
[42.399s][info][gc,phases      ] GC(150) Summary Phase 0.055ms
[42.400s][info][gc,phases,start] GC(150) Adjust Roots
[42.400s][info][gc,phases      ] GC(150) Adjust Roots 0.259ms
[42.400s][info][gc,phases,start] GC(150) Compaction Phase
[42.496s][info][gc,phases      ] GC(150) Compaction Phase 96.025ms
[42.496s][info][gc,phases,start] GC(150) Post Compact
[42.497s][info][gc,phases      ] GC(150) Post Compact 1.532ms
[42.498s][info][gc,heap        ] GC(150) PSYoungGen: 33771K(77312K)->33771K(77312K) Eden: 24575K(24576K)->24575K(24576K) From: 9195K(52736K)->9195K(52736K)
[42.498s][info][gc,heap        ] GC(150) ParOldGen: 334697K(341504K)->334697K(341504K)
[42.498s][info][gc,metaspace   ] GC(150) Metaspace: 6298K(6464K)->6298K(6464K) NonClass: 5764K(5824K)->5764K(5824K) Class: 533K(640K)->533K(640K)
[42.498s][info][gc             ] GC(150) Pause Full (Ergonomics) 359M->359M(409M) 378.162ms
[42.498s][info][gc,cpu         ] GC(150) User=0.34s Sys=0.00s Real=0.38s
[42.498s][info][gc,start       ] GC(151) Pause Full (Ergonomics)
[42.498s][info][gc,phases,start] GC(151) Marking Phase
[42.778s][info][gc,phases      ] GC(151) Marking Phase 279.607ms
[42.778s][info][gc,phases,start] GC(151) Summary Phase
[42.778s][info][gc,phases      ] GC(151) Summary Phase 0.034ms
[42.778s][info][gc,phases,start] GC(151) Adjust Roots
[42.778s][info][gc,phases      ] GC(151) Adjust Roots 0.241ms
[42.778s][info][gc,phases,start] GC(151) Compaction Phase
[42.875s][info][gc,phases      ] GC(151) Compaction Phase 97.535ms
[42.876s][info][gc,phases,start] GC(151) Post Compact
[42.877s][info][gc,phases      ] GC(151) Post Compact 1.505ms
[42.877s][info][gc,heap        ] GC(151) PSYoungGen: 33771K(77312K)->33771K(77312K) Eden: 24575K(24576K)->24575K(24576K) From: 9195K(52736K)->9195K(52736K)
[42.877s][info][gc,heap        ] GC(151) ParOldGen: 334702K(341504K)->334702K(341504K)
[42.877s][info][gc,metaspace   ] GC(151) Metaspace: 6298K(6464K)->6298K(6464K) NonClass: 5764K(5824K)->5764K(5824K) Class: 533K(640K)->533K(640K)
[42.877s][info][gc             ] GC(151) Pause Full (Ergonomics) 359M->359M(409M) 379.310ms
[42.877s][info][gc,cpu         ] GC(151) User=0.34s Sys=0.00s Real=0.38s
[42.878s][info][gc,start       ] GC(152) Pause Full (Ergonomics)
[42.878s][info][gc,phases,start] GC(152) Marking Phase
[43.158s][info][gc,phases      ] GC(152) Marking Phase 280.091ms
[43.158s][info][gc,phases,start] GC(152) Summary Phase
[43.158s][info][gc,phases      ] GC(152) Summary Phase 0.034ms
[43.158s][info][gc,phases,start] GC(152) Adjust Roots
[43.158s][info][gc,phases      ] GC(152) Adjust Roots 0.271ms
[43.158s][info][gc,phases,start] GC(152) Compaction Phase
[43.255s][info][gc,phases      ] GC(152) Compaction Phase 96.433ms
[43.255s][info][gc,phases,start] GC(152) Post Compact
[43.256s][info][gc,phases      ] GC(152) Post Compact 1.518ms
[43.256s][info][gc,heap        ] GC(152) PSYoungGen: 33771K(77312K)->33771K(77312K) Eden: 24575K(24576K)->24575K(24576K) From: 9195K(52736K)->9195K(52736K)
[43.256s][info][gc,heap        ] GC(152) ParOldGen: 334707K(341504K)->334707K(341504K)
[43.256s][info][gc,metaspace   ] GC(152) Metaspace: 6298K(6464K)->6298K(6464K) NonClass: 5764K(5824K)->5764K(5824K) Class: 533K(640K)->533K(640K)
[43.256s][info][gc             ] GC(152) Pause Full (Ergonomics) 359M->359M(409M) 378.729ms
[43.256s][info][gc,cpu         ] GC(152) User=0.34s Sys=0.02s Real=0.38s
[43.257s][info][gc,start       ] GC(153) Pause Full (Ergonomics)
[43.257s][info][gc,phases,start] GC(153) Marking Phase
[43.537s][info][gc,phases      ] GC(153) Marking Phase 280.605ms
[43.537s][info][gc,phases,start] GC(153) Summary Phase
[43.537s][info][gc,phases      ] GC(153) Summary Phase 0.034ms
[43.537s][info][gc,phases,start] GC(153) Adjust Roots
[43.538s][info][gc,phases      ] GC(153) Adjust Roots 0.255ms
[43.538s][info][gc,phases,start] GC(153) Compaction Phase
[43.635s][info][gc,phases      ] GC(153) Compaction Phase 97.122ms
[43.635s][info][gc,phases,start] GC(153) Post Compact
[43.636s][info][gc,phases      ] GC(153) Post Compact 1.529ms
[43.636s][info][gc,heap        ] GC(153) PSYoungGen: 33771K(77312K)->33771K(77312K) Eden: 24575K(24576K)->24575K(24576K) From: 9195K(52736K)->9195K(52736K)
[43.636s][info][gc,heap        ] GC(153) ParOldGen: 334711K(341504K)->334711K(341504K)
[43.636s][info][gc,metaspace   ] GC(153) Metaspace: 6298K(6464K)->6298K(6464K) NonClass: 5764K(5824K)->5764K(5824K) Class: 533K(640K)->533K(640K)
[43.637s][info][gc             ] GC(153) Pause Full (Ergonomics) 359M->359M(409M) 379.926ms
[43.637s][info][gc,cpu         ] GC(153) User=0.33s Sys=0.00s Real=0.38s
[43.637s][info][gc,start       ] GC(154) Pause Full (Ergonomics)
[43.637s][info][gc,phases,start] GC(154) Marking Phase
[43.916s][info][gc,phases      ] GC(154) Marking Phase 279.595ms
[43.916s][info][gc,phases,start] GC(154) Summary Phase
[43.917s][info][gc,phases      ] GC(154) Summary Phase 0.034ms
[43.917s][info][gc,phases,start] GC(154) Adjust Roots
[43.917s][info][gc,phases      ] GC(154) Adjust Roots 0.241ms
[43.917s][info][gc,phases,start] GC(154) Compaction Phase
[44.012s][info][gc,phases      ] GC(154) Compaction Phase 95.624ms
[44.013s][info][gc,phases,start] GC(154) Post Compact
[44.014s][info][gc,phases      ] GC(154) Post Compact 1.513ms
[44.014s][info][gc,heap        ] GC(154) PSYoungGen: 33771K(77312K)->33771K(77312K) Eden: 24575K(24576K)->24575K(24576K) From: 9195K(52736K)->9195K(52736K)
[44.014s][info][gc,heap        ] GC(154) ParOldGen: 334716K(341504K)->334716K(341504K)
[44.014s][info][gc,metaspace   ] GC(154) Metaspace: 6298K(6464K)->6298K(6464K) NonClass: 5764K(5824K)->5764K(5824K) Class: 533K(640K)->533K(640K)
[44.014s][info][gc             ] GC(154) Pause Full (Ergonomics) 359M->359M(409M) 377.389ms
[44.014s][info][gc,cpu         ] GC(154) User=0.34s Sys=0.00s Real=0.38s
[44.014s][info][gc,start       ] GC(155) Pause Full (Ergonomics)
[44.014s][info][gc,phases,start] GC(155) Marking Phase
[44.294s][info][gc,phases      ] GC(155) Marking Phase 279.478ms
[44.294s][info][gc,phases,start] GC(155) Summary Phase
[44.294s][info][gc,phases      ] GC(155) Summary Phase 0.035ms
[44.294s][info][gc,phases,start] GC(155) Adjust Roots
[44.294s][info][gc,phases      ] GC(155) Adjust Roots 0.327ms
[44.294s][info][gc,phases,start] GC(155) Compaction Phase
[44.391s][info][gc,phases      ] GC(155) Compaction Phase 96.775ms
[44.391s][info][gc,phases,start] GC(155) Post Compact
[44.393s][info][gc,phases      ] GC(155) Post Compact 1.519ms
[44.393s][info][gc,heap        ] GC(155) PSYoungGen: 33771K(77312K)->33771K(77312K) Eden: 24575K(24576K)->24575K(24576K) From: 9195K(52736K)->9195K(52736K)
[44.393s][info][gc,heap        ] GC(155) ParOldGen: 334721K(341504K)->334721K(341504K)
[44.393s][info][gc,metaspace   ] GC(155) Metaspace: 6298K(6464K)->6298K(6464K) NonClass: 5764K(5824K)->5764K(5824K) Class: 533K(640K)->533K(640K)
[44.393s][info][gc             ] GC(155) Pause Full (Ergonomics) 359M->359M(409M) 378.521ms
[44.393s][info][gc,cpu         ] GC(155) User=0.36s Sys=0.00s Real=0.38s
[44.393s][info][gc,start       ] GC(156) Pause Full (Ergonomics)
[44.393s][info][gc,phases,start] GC(156) Marking Phase
[44.669s][info][gc,phases      ] GC(156) Marking Phase 275.814ms
[44.669s][info][gc,phases,start] GC(156) Summary Phase
[44.669s][info][gc,phases      ] GC(156) Summary Phase 0.035ms
[44.669s][info][gc,phases,start] GC(156) Adjust Roots
[44.669s][info][gc,phases      ] GC(156) Adjust Roots 0.280ms
[44.670s][info][gc,phases,start] GC(156) Compaction Phase
[44.766s][info][gc,phases      ] GC(156) Compaction Phase 96.835ms
[44.766s][info][gc,phases,start] GC(156) Post Compact
[44.768s][info][gc,phases      ] GC(156) Post Compact 1.525ms
[44.768s][info][gc,heap        ] GC(156) PSYoungGen: 33771K(77312K)->33771K(77312K) Eden: 24575K(24576K)->24575K(24576K) From: 9195K(52736K)->9195K(52736K)
[44.768s][info][gc,heap        ] GC(156) ParOldGen: 334725K(341504K)->334725K(341504K)
[44.768s][info][gc,metaspace   ] GC(156) Metaspace: 6298K(6464K)->6298K(6464K) NonClass: 5764K(5824K)->5764K(5824K) Class: 533K(640K)->533K(640K)
[44.768s][info][gc             ] GC(156) Pause Full (Ergonomics) 359M->359M(409M) 374.874ms
[44.768s][info][gc,cpu         ] GC(156) User=0.36s Sys=0.00s Real=0.38s
[44.768s][info][gc,start       ] GC(157) Pause Full (Ergonomics)
[44.768s][info][gc,phases,start] GC(157) Marking Phase
[45.049s][info][gc,phases      ] GC(157) Marking Phase 280.187ms
[45.049s][info][gc,phases,start] GC(157) Summary Phase
[45.049s][info][gc,phases      ] GC(157) Summary Phase 0.043ms
[45.049s][info][gc,phases,start] GC(157) Adjust Roots
[45.049s][info][gc,phases      ] GC(157) Adjust Roots 0.239ms
[45.049s][info][gc,phases,start] GC(157) Compaction Phase
[45.146s][info][gc,phases      ] GC(157) Compaction Phase 96.517ms
[45.146s][info][gc,phases,start] GC(157) Post Compact
[45.147s][info][gc,phases      ] GC(157) Post Compact 1.514ms
[45.147s][info][gc,heap        ] GC(157) PSYoungGen: 33771K(77312K)->33771K(77312K) Eden: 24575K(24576K)->24575K(24576K) From: 9195K(52736K)->9195K(52736K)
[45.147s][info][gc,heap        ] GC(157) ParOldGen: 334730K(341504K)->334730K(341504K)
[45.147s][info][gc,metaspace   ] GC(157) Metaspace: 6298K(6464K)->6298K(6464K) NonClass: 5764K(5824K)->5764K(5824K) Class: 533K(640K)->533K(640K)
[45.147s][info][gc             ] GC(157) Pause Full (Ergonomics) 359M->359M(409M) 378.941ms
[45.147s][info][gc,cpu         ] GC(157) User=0.36s Sys=0.00s Real=0.38s
[45.148s][info][gc,start       ] GC(158) Pause Full (Ergonomics)
[45.148s][info][gc,phases,start] GC(158) Marking Phase
[45.427s][info][gc,phases      ] GC(158) Marking Phase 279.556ms
[45.427s][info][gc,phases,start] GC(158) Summary Phase
[45.427s][info][gc,phases      ] GC(158) Summary Phase 0.035ms
[45.427s][info][gc,phases,start] GC(158) Adjust Roots
[45.428s][info][gc,phases      ] GC(158) Adjust Roots 0.300ms
[45.428s][info][gc,phases,start] GC(158) Compaction Phase
[45.524s][info][gc,phases      ] GC(158) Compaction Phase 96.282ms
[45.524s][info][gc,phases,start] GC(158) Post Compact
[45.526s][info][gc,phases      ] GC(158) Post Compact 1.514ms
[45.526s][info][gc,heap        ] GC(158) PSYoungGen: 33771K(77312K)->33771K(77312K) Eden: 24575K(24576K)->24575K(24576K) From: 9195K(52736K)->9195K(52736K)
[45.526s][info][gc,heap        ] GC(158) ParOldGen: 334735K(341504K)->334735K(341504K)
[45.526s][info][gc,metaspace   ] GC(158) Metaspace: 6298K(6464K)->6298K(6464K) NonClass: 5764K(5824K)->5764K(5824K) Class: 533K(640K)->533K(640K)
[45.526s][info][gc             ] GC(158) Pause Full (Ergonomics) 359M->359M(409M) 378.074ms
[45.526s][info][gc,cpu         ] GC(158) User=0.34s Sys=0.02s Real=0.38s
[45.526s][info][gc,start       ] GC(159) Pause Full (Ergonomics)
[45.526s][info][gc,phases,start] GC(159) Marking Phase
[45.806s][info][gc,phases      ] GC(159) Marking Phase 279.873ms
[45.806s][info][gc,phases,start] GC(159) Summary Phase
[45.806s][info][gc,phases      ] GC(159) Summary Phase 0.035ms
[45.806s][info][gc,phases,start] GC(159) Adjust Roots
[45.807s][info][gc,phases      ] GC(159) Adjust Roots 0.274ms
[45.807s][info][gc,phases,start] GC(159) Compaction Phase
[45.904s][info][gc,phases      ] GC(159) Compaction Phase 97.416ms
[45.904s][info][gc,phases,start] GC(159) Post Compact
[45.906s][info][gc,phases      ] GC(159) Post Compact 1.504ms
[45.906s][info][gc,heap        ] GC(159) PSYoungGen: 33771K(77312K)->33771K(77312K) Eden: 24575K(24576K)->24575K(24576K) From: 9195K(52736K)->9195K(52736K)
[45.906s][info][gc,heap        ] GC(159) ParOldGen: 334739K(341504K)->334739K(341504K)
[45.906s][info][gc,metaspace   ] GC(159) Metaspace: 6298K(6464K)->6298K(6464K) NonClass: 5764K(5824K)->5764K(5824K) Class: 533K(640K)->533K(640K)
[45.906s][info][gc             ] GC(159) Pause Full (Ergonomics) 359M->359M(409M) 379.514ms
[45.906s][info][gc,cpu         ] GC(159) User=0.34s Sys=0.00s Real=0.38s
[45.906s][info][gc,start       ] GC(160) Pause Full (Ergonomics)
[45.906s][info][gc,phases,start] GC(160) Marking Phase
[46.188s][info][gc,phases      ] GC(160) Marking Phase 282.209ms
[46.188s][info][gc,phases,start] GC(160) Summary Phase
[46.188s][info][gc,phases      ] GC(160) Summary Phase 0.023ms
[46.188s][info][gc,phases,start] GC(160) Adjust Roots
[46.189s][info][gc,phases      ] GC(160) Adjust Roots 0.216ms
[46.189s][info][gc,phases,start] GC(160) Compaction Phase
[46.285s][info][gc,phases      ] GC(160) Compaction Phase 96.082ms
[46.285s][info][gc,phases,start] GC(160) Post Compact
[46.286s][info][gc,phases      ] GC(160) Post Compact 1.517ms
[46.286s][info][gc,heap        ] GC(160) PSYoungGen: 33771K(77312K)->33771K(77312K) Eden: 24575K(24576K)->24575K(24576K) From: 9195K(52736K)->9195K(52736K)
[46.286s][info][gc,heap        ] GC(160) ParOldGen: 334744K(341504K)->334744K(341504K)
[46.286s][info][gc,metaspace   ] GC(160) Metaspace: 6298K(6464K)->6298K(6464K) NonClass: 5764K(5824K)->5764K(5824K) Class: 533K(640K)->533K(640K)
[46.286s][info][gc             ] GC(160) Pause Full (Ergonomics) 359M->359M(409M) 380.401ms
[46.286s][info][gc,cpu         ] GC(160) User=0.36s Sys=0.00s Real=0.38s
[46.287s][info][gc,start       ] GC(161) Pause Full (Ergonomics)
[46.287s][info][gc,phases,start] GC(161) Marking Phase
[46.567s][info][gc,phases      ] GC(161) Marking Phase 280.165ms
[46.567s][info][gc,phases,start] GC(161) Summary Phase
[46.567s][info][gc,phases      ] GC(161) Summary Phase 0.035ms
[46.567s][info][gc,phases,start] GC(161) Adjust Roots
[46.568s][info][gc,phases      ] GC(161) Adjust Roots 0.288ms
[46.568s][info][gc,phases,start] GC(161) Compaction Phase
[46.663s][info][gc,phases      ] GC(161) Compaction Phase 95.277ms
[46.663s][info][gc,phases,start] GC(161) Post Compact
[46.664s][info][gc,phases      ] GC(161) Post Compact 1.520ms
[46.665s][info][gc,heap        ] GC(161) PSYoungGen: 33771K(77312K)->33771K(77312K) Eden: 24575K(24576K)->24575K(24576K) From: 9195K(52736K)->9195K(52736K)
[46.665s][info][gc,heap        ] GC(161) ParOldGen: 334749K(341504K)->334749K(341504K)
[46.665s][info][gc,metaspace   ] GC(161) Metaspace: 6298K(6464K)->6298K(6464K) NonClass: 5764K(5824K)->5764K(5824K) Class: 533K(640K)->533K(640K)
[46.665s][info][gc             ] GC(161) Pause Full (Ergonomics) 359M->359M(409M) 377.656ms
[46.665s][info][gc,cpu         ] GC(161) User=0.34s Sys=0.00s Real=0.38s
[46.665s][info][gc,start       ] GC(162) Pause Full (Ergonomics)
[46.665s][info][gc,phases,start] GC(162) Marking Phase
[46.945s][info][gc,phases      ] GC(162) Marking Phase 279.927ms
[46.945s][info][gc,phases,start] GC(162) Summary Phase
[46.945s][info][gc,phases      ] GC(162) Summary Phase 0.023ms
[46.945s][info][gc,phases,start] GC(162) Adjust Roots
[46.945s][info][gc,phases      ] GC(162) Adjust Roots 0.255ms
[46.945s][info][gc,phases,start] GC(162) Compaction Phase
[47.041s][info][gc,phases      ] GC(162) Compaction Phase 96.144ms
[47.042s][info][gc,phases,start] GC(162) Post Compact
[47.043s][info][gc,phases      ] GC(162) Post Compact 1.511ms
[47.043s][info][gc,heap        ] GC(162) PSYoungGen: 33771K(77312K)->33771K(77312K) Eden: 24575K(24576K)->24575K(24576K) From: 9195K(52736K)->9195K(52736K)
[47.043s][info][gc,heap        ] GC(162) ParOldGen: 334753K(341504K)->334753K(341504K)
[47.043s][info][gc,metaspace   ] GC(162) Metaspace: 6298K(6464K)->6298K(6464K) NonClass: 5764K(5824K)->5764K(5824K) Class: 533K(640K)->533K(640K)
[47.043s][info][gc             ] GC(162) Pause Full (Ergonomics) 359M->359M(409M) 378.214ms
[47.043s][info][gc,cpu         ] GC(162) User=0.36s Sys=0.00s Real=0.38s
[47.044s][info][gc,start       ] GC(163) Pause Full (Ergonomics)
[47.044s][info][gc,phases,start] GC(163) Marking Phase
[47.325s][info][gc,phases      ] GC(163) Marking Phase 281.154ms
[47.325s][info][gc,phases,start] GC(163) Summary Phase
[47.325s][info][gc,phases      ] GC(163) Summary Phase 0.022ms
[47.325s][info][gc,phases,start] GC(163) Adjust Roots
[47.325s][info][gc,phases      ] GC(163) Adjust Roots 0.215ms
[47.325s][info][gc,phases,start] GC(163) Compaction Phase
[47.421s][info][gc,phases      ] GC(163) Compaction Phase 96.321ms
[47.421s][info][gc,phases,start] GC(163) Post Compact
[47.423s][info][gc,phases      ] GC(163) Post Compact 1.505ms
[47.423s][info][gc,heap        ] GC(163) PSYoungGen: 33771K(77312K)->33771K(77312K) Eden: 24575K(24576K)->24575K(24576K) From: 9195K(52736K)->9195K(52736K)
[47.423s][info][gc,heap        ] GC(163) ParOldGen: 334758K(341504K)->334758K(341504K)
[47.423s][info][gc,metaspace   ] GC(163) Metaspace: 6298K(6464K)->6298K(6464K) NonClass: 5764K(5824K)->5764K(5824K) Class: 533K(640K)->533K(640K)
[47.423s][info][gc             ] GC(163) Pause Full (Ergonomics) 359M->359M(409M) 379.571ms
[47.423s][info][gc,cpu         ] GC(163) User=0.36s Sys=0.00s Real=0.38s
[47.424s][info][gc,start       ] GC(164) Pause Full (Ergonomics)
[47.424s][info][gc,phases,start] GC(164) Marking Phase
[47.704s][info][gc,phases      ] GC(164) Marking Phase 280.029ms
[47.704s][info][gc,phases,start] GC(164) Summary Phase
[47.704s][info][gc,phases      ] GC(164) Summary Phase 0.023ms
[47.704s][info][gc,phases,start] GC(164) Adjust Roots
[47.704s][info][gc,phases      ] GC(164) Adjust Roots 0.251ms
[47.704s][info][gc,phases,start] GC(164) Compaction Phase
[47.801s][info][gc,phases      ] GC(164) Compaction Phase 96.519ms
[47.801s][info][gc,phases,start] GC(164) Post Compact
[47.802s][info][gc,phases      ] GC(164) Post Compact 1.518ms
[47.802s][info][gc,heap        ] GC(164) PSYoungGen: 33771K(77312K)->33771K(77312K) Eden: 24575K(24576K)->24575K(24576K) From: 9195K(52736K)->9195K(52736K)
[47.802s][info][gc,heap        ] GC(164) ParOldGen: 334763K(341504K)->334763K(341504K)
[47.802s][info][gc,metaspace   ] GC(164) Metaspace: 6298K(6464K)->6298K(6464K) NonClass: 5764K(5824K)->5764K(5824K) Class: 533K(640K)->533K(640K)
[47.802s][info][gc             ] GC(164) Pause Full (Ergonomics) 359M->359M(409M) 378.683ms
[47.802s][info][gc,cpu         ] GC(164) User=0.36s Sys=0.00s Real=0.38s
[47.803s][info][gc,start       ] GC(165) Pause Full (Ergonomics)
[47.803s][info][gc,phases,start] GC(165) Marking Phase
[48.082s][info][gc,phases      ] GC(165) Marking Phase 279.856ms
[48.083s][info][gc,phases,start] GC(165) Summary Phase
[48.083s][info][gc,phases      ] GC(165) Summary Phase 0.035ms
[48.083s][info][gc,phases,start] GC(165) Adjust Roots
[48.083s][info][gc,phases      ] GC(165) Adjust Roots 0.275ms
[48.083s][info][gc,phases,start] GC(165) Compaction Phase
[48.179s][info][gc,phases      ] GC(165) Compaction Phase 96.357ms
[48.179s][info][gc,phases,start] GC(165) Post Compact
[48.181s][info][gc,phases      ] GC(165) Post Compact 1.508ms
[48.181s][info][gc,heap        ] GC(165) PSYoungGen: 33771K(77312K)->33771K(77312K) Eden: 24575K(24576K)->24575K(24576K) From: 9195K(52736K)->9195K(52736K)
[48.181s][info][gc,heap        ] GC(165) ParOldGen: 334767K(341504K)->334767K(341504K)
[48.181s][info][gc,metaspace   ] GC(165) Metaspace: 6298K(6464K)->6298K(6464K) NonClass: 5764K(5824K)->5764K(5824K) Class: 533K(640K)->533K(640K)
[48.181s][info][gc             ] GC(165) Pause Full (Ergonomics) 359M->359M(409M) 378.435ms
[48.181s][info][gc,cpu         ] GC(165) User=0.36s Sys=0.00s Real=0.38s
[48.181s][info][gc,start       ] GC(166) Pause Full (Ergonomics)
[48.181s][info][gc,phases,start] GC(166) Marking Phase
[48.463s][info][gc,phases      ] GC(166) Marking Phase 281.463ms
[48.463s][info][gc,phases,start] GC(166) Summary Phase
[48.463s][info][gc,phases      ] GC(166) Summary Phase 0.034ms
[48.463s][info][gc,phases,start] GC(166) Adjust Roots
[48.463s][info][gc,phases      ] GC(166) Adjust Roots 0.284ms
[48.463s][info][gc,phases,start] GC(166) Compaction Phase
[48.560s][info][gc,phases      ] GC(166) Compaction Phase 96.404ms
[48.560s][info][gc,phases,start] GC(166) Post Compact
[48.561s][info][gc,phases      ] GC(166) Post Compact 1.510ms
[48.561s][info][gc,heap        ] GC(166) PSYoungGen: 33771K(77312K)->33771K(77312K) Eden: 24575K(24576K)->24575K(24576K) From: 9195K(52736K)->9195K(52736K)
[48.561s][info][gc,heap        ] GC(166) ParOldGen: 334772K(341504K)->334772K(341504K)
[48.561s][info][gc,metaspace   ] GC(166) Metaspace: 6298K(6464K)->6298K(6464K) NonClass: 5764K(5824K)->5764K(5824K) Class: 533K(640K)->533K(640K)
[48.561s][info][gc             ] GC(166) Pause Full (Ergonomics) 359M->359M(409M) 380.088ms
[48.562s][info][gc,cpu         ] GC(166) User=0.34s Sys=0.00s Real=0.38s
[48.562s][info][gc,start       ] GC(167) Pause Full (Ergonomics)
[48.562s][info][gc,phases,start] GC(167) Marking Phase
[48.842s][info][gc,phases      ] GC(167) Marking Phase 280.008ms
[48.842s][info][gc,phases,start] GC(167) Summary Phase
[48.842s][info][gc,phases      ] GC(167) Summary Phase 0.040ms
[48.842s][info][gc,phases,start] GC(167) Adjust Roots
[48.842s][info][gc,phases      ] GC(167) Adjust Roots 0.273ms
[48.842s][info][gc,phases,start] GC(167) Compaction Phase
[48.938s][info][gc,phases      ] GC(167) Compaction Phase 96.141ms
[48.938s][info][gc,phases,start] GC(167) Post Compact
[48.940s][info][gc,phases      ] GC(167) Post Compact 1.547ms
[48.940s][info][gc,heap        ] GC(167) PSYoungGen: 33771K(77312K)->33771K(77312K) Eden: 24575K(24576K)->24575K(24576K) From: 9195K(52736K)->9195K(52736K)
[48.940s][info][gc,heap        ] GC(167) ParOldGen: 334777K(341504K)->334777K(341504K)
[48.940s][info][gc,metaspace   ] GC(167) Metaspace: 6298K(6464K)->6298K(6464K) NonClass: 5764K(5824K)->5764K(5824K) Class: 533K(640K)->533K(640K)
[48.940s][info][gc             ] GC(167) Pause Full (Ergonomics) 359M->359M(409M) 378.401ms
[48.940s][info][gc,cpu         ] GC(167) User=0.38s Sys=0.00s Real=0.38s
[48.940s][info][gc,start       ] GC(168) Pause Full (Ergonomics)
[48.940s][info][gc,phases,start] GC(168) Marking Phase
[49.217s][info][gc,phases      ] GC(168) Marking Phase 276.735ms
[49.217s][info][gc,phases,start] GC(168) Summary Phase
[49.217s][info][gc,phases      ] GC(168) Summary Phase 0.023ms
[49.217s][info][gc,phases,start] GC(168) Adjust Roots
[49.218s][info][gc,phases      ] GC(168) Adjust Roots 0.248ms
[49.218s][info][gc,phases,start] GC(168) Compaction Phase
[49.313s][info][gc,phases      ] GC(168) Compaction Phase 95.222ms
[49.313s][info][gc,phases,start] GC(168) Post Compact
[49.314s][info][gc,phases      ] GC(168) Post Compact 1.568ms
[49.315s][info][gc,heap        ] GC(168) PSYoungGen: 33771K(77312K)->33771K(77312K) Eden: 24575K(24576K)->24575K(24576K) From: 9195K(52736K)->9195K(52736K)
[49.315s][info][gc,heap        ] GC(168) ParOldGen: 334781K(341504K)->334781K(341504K)
[49.315s][info][gc,metaspace   ] GC(168) Metaspace: 6298K(6464K)->6298K(6464K) NonClass: 5764K(5824K)->5764K(5824K) Class: 533K(640K)->533K(640K)
[49.315s][info][gc             ] GC(168) Pause Full (Ergonomics) 359M->359M(409M) 374.143ms
[49.315s][info][gc,cpu         ] GC(168) User=0.36s Sys=0.00s Real=0.38s
[49.315s][info][gc,start       ] GC(169) Pause Full (Ergonomics)
[49.315s][info][gc,phases,start] GC(169) Marking Phase
[49.596s][info][gc,phases      ] GC(169) Marking Phase 281.180ms
[49.596s][info][gc,phases,start] GC(169) Summary Phase
[49.596s][info][gc,phases      ] GC(169) Summary Phase 0.034ms
[49.596s][info][gc,phases,start] GC(169) Adjust Roots
[49.596s][info][gc,phases      ] GC(169) Adjust Roots 0.274ms
[49.597s][info][gc,phases,start] GC(169) Compaction Phase
[49.693s][info][gc,phases      ] GC(169) Compaction Phase 96.180ms
[49.693s][info][gc,phases,start] GC(169) Post Compact
[49.694s][info][gc,phases      ] GC(169) Post Compact 1.518ms
[49.694s][info][gc,heap        ] GC(169) PSYoungGen: 33771K(77312K)->33771K(77312K) Eden: 24575K(24576K)->24575K(24576K) From: 9195K(52736K)->9195K(52736K)
[49.694s][info][gc,heap        ] GC(169) ParOldGen: 334786K(341504K)->334786K(341504K)
[49.694s][info][gc,metaspace   ] GC(169) Metaspace: 6298K(6464K)->6298K(6464K) NonClass: 5764K(5824K)->5764K(5824K) Class: 533K(640K)->533K(640K)
[49.694s][info][gc             ] GC(169) Pause Full (Ergonomics) 359M->359M(409M) 379.572ms
[49.694s][info][gc,cpu         ] GC(169) User=0.36s Sys=0.00s Real=0.38s
[49.695s][info][gc,start       ] GC(170) Pause Full (Ergonomics)
[49.695s][info][gc,phases,start] GC(170) Marking Phase
[49.975s][info][gc,phases      ] GC(170) Marking Phase 279.960ms
[49.975s][info][gc,phases,start] GC(170) Summary Phase
[49.975s][info][gc,phases      ] GC(170) Summary Phase 0.035ms
[49.975s][info][gc,phases,start] GC(170) Adjust Roots
[49.975s][info][gc,phases      ] GC(170) Adjust Roots 0.277ms
[49.975s][info][gc,phases,start] GC(170) Compaction Phase
[50.070s][info][gc,phases      ] GC(170) Compaction Phase 95.276ms
[50.071s][info][gc,phases,start] GC(170) Post Compact
[50.072s][info][gc,phases      ] GC(170) Post Compact 1.514ms
[50.072s][info][gc,heap        ] GC(170) PSYoungGen: 33771K(77312K)->33771K(77312K) Eden: 24575K(24576K)->24575K(24576K) From: 9195K(52736K)->9195K(52736K)
[50.072s][info][gc,heap        ] GC(170) ParOldGen: 334791K(341504K)->334791K(341504K)
[50.072s][info][gc,metaspace   ] GC(170) Metaspace: 6298K(6464K)->6298K(6464K) NonClass: 5764K(5824K)->5764K(5824K) Class: 533K(640K)->533K(640K)
[50.072s][info][gc             ] GC(170) Pause Full (Ergonomics) 359M->359M(409M) 377.458ms
[50.072s][info][gc,cpu         ] GC(170) User=0.34s Sys=0.00s Real=0.38s
[50.072s][info][gc,start       ] GC(171) Pause Full (Ergonomics)
[50.072s][info][gc,phases,start] GC(171) Marking Phase
[50.353s][info][gc,phases      ] GC(171) Marking Phase 281.043ms
[50.354s][info][gc,phases,start] GC(171) Summary Phase
[50.354s][info][gc,phases      ] GC(171) Summary Phase 0.023ms
[50.354s][info][gc,phases,start] GC(171) Adjust Roots
[50.354s][info][gc,phases      ] GC(171) Adjust Roots 0.254ms
[50.354s][info][gc,phases,start] GC(171) Compaction Phase
[50.450s][info][gc,phases      ] GC(171) Compaction Phase 96.532ms
[50.450s][info][gc,phases,start] GC(171) Post Compact
[50.452s][info][gc,phases      ] GC(171) Post Compact 1.500ms
[50.452s][info][gc,heap        ] GC(171) PSYoungGen: 33771K(77312K)->33771K(77312K) Eden: 24575K(24576K)->24575K(24576K) From: 9195K(52736K)->9195K(52736K)
[50.452s][info][gc,heap        ] GC(171) ParOldGen: 334795K(341504K)->334795K(341504K)
[50.452s][info][gc,metaspace   ] GC(171) Metaspace: 6298K(6464K)->6298K(6464K) NonClass: 5764K(5824K)->5764K(5824K) Class: 533K(640K)->533K(640K)
[50.452s][info][gc             ] GC(171) Pause Full (Ergonomics) 359M->359M(409M) 379.696ms
[50.452s][info][gc,cpu         ] GC(171) User=0.36s Sys=0.00s Real=0.38s
[50.453s][info][gc,start       ] GC(172) Pause Full (Ergonomics)
[50.453s][info][gc,phases,start] GC(172) Marking Phase
[50.728s][info][gc,phases      ] GC(172) Marking Phase 275.529ms
[50.728s][info][gc,phases,start] GC(172) Summary Phase
[50.728s][info][gc,phases      ] GC(172) Summary Phase 0.034ms
[50.728s][info][gc,phases,start] GC(172) Adjust Roots
[50.729s][info][gc,phases      ] GC(172) Adjust Roots 0.262ms
[50.729s][info][gc,phases,start] GC(172) Compaction Phase
[50.825s][info][gc,phases      ] GC(172) Compaction Phase 95.931ms
[50.825s][info][gc,phases,start] GC(172) Post Compact
[50.826s][info][gc,phases      ] GC(172) Post Compact 1.528ms
[50.826s][info][gc,heap        ] GC(172) PSYoungGen: 33771K(77312K)->33771K(77312K) Eden: 24575K(24576K)->24575K(24576K) From: 9195K(52736K)->9195K(52736K)
[50.826s][info][gc,heap        ] GC(172) ParOldGen: 334800K(341504K)->334800K(341504K)
[50.826s][info][gc,metaspace   ] GC(172) Metaspace: 6298K(6464K)->6298K(6464K) NonClass: 5764K(5824K)->5764K(5824K) Class: 533K(640K)->533K(640K)
[50.826s][info][gc             ] GC(172) Pause Full (Ergonomics) 359M->359M(409M) 373.656ms
[50.826s][info][gc,cpu         ] GC(172) User=0.36s Sys=0.00s Real=0.37s
[50.827s][info][gc,start       ] GC(173) Pause Full (Ergonomics)
[50.827s][info][gc,phases,start] GC(173) Marking Phase
[51.106s][info][gc,phases      ] GC(173) Marking Phase 279.778ms
[51.107s][info][gc,phases,start] GC(173) Summary Phase
[51.107s][info][gc,phases      ] GC(173) Summary Phase 0.035ms
[51.107s][info][gc,phases,start] GC(173) Adjust Roots
[51.107s][info][gc,phases      ] GC(173) Adjust Roots 0.274ms
[51.107s][info][gc,phases,start] GC(173) Compaction Phase
[51.203s][info][gc,phases      ] GC(173) Compaction Phase 96.482ms
[51.203s][info][gc,phases,start] GC(173) Post Compact
[51.205s][info][gc,phases      ] GC(173) Post Compact 1.551ms
[51.205s][info][gc,heap        ] GC(173) PSYoungGen: 33771K(77312K)->33771K(77312K) Eden: 24575K(24576K)->24575K(24576K) From: 9195K(52736K)->9195K(52736K)
[51.205s][info][gc,heap        ] GC(173) ParOldGen: 334805K(341504K)->334805K(341504K)
[51.205s][info][gc,metaspace   ] GC(173) Metaspace: 6298K(6464K)->6298K(6464K) NonClass: 5764K(5824K)->5764K(5824K) Class: 533K(640K)->533K(640K)
[51.205s][info][gc             ] GC(173) Pause Full (Ergonomics) 359M->359M(409M) 378.573ms
[51.205s][info][gc,cpu         ] GC(173) User=0.34s Sys=0.00s Real=0.38s
[51.205s][info][gc,start       ] GC(174) Pause Full (Ergonomics)
[51.205s][info][gc,phases,start] GC(174) Marking Phase
[51.485s][info][gc,phases      ] GC(174) Marking Phase 279.817ms
[51.485s][info][gc,phases,start] GC(174) Summary Phase
[51.485s][info][gc,phases      ] GC(174) Summary Phase 0.023ms
[51.485s][info][gc,phases,start] GC(174) Adjust Roots
[51.486s][info][gc,phases      ] GC(174) Adjust Roots 0.248ms
[51.486s][info][gc,phases,start] GC(174) Compaction Phase
[51.584s][info][gc,phases      ] GC(174) Compaction Phase 97.898ms
[51.584s][info][gc,phases,start] GC(174) Post Compact
[51.585s][info][gc,phases      ] GC(174) Post Compact 1.507ms
[51.585s][info][gc,heap        ] GC(174) PSYoungGen: 33771K(77312K)->33771K(77312K) Eden: 24575K(24576K)->24575K(24576K) From: 9195K(52736K)->9195K(52736K)
[51.585s][info][gc,heap        ] GC(174) ParOldGen: 334809K(341504K)->334809K(341504K)
[51.585s][info][gc,metaspace   ] GC(174) Metaspace: 6298K(6464K)->6298K(6464K) NonClass: 5764K(5824K)->5764K(5824K) Class: 533K(640K)->533K(640K)
[51.585s][info][gc             ] GC(174) Pause Full (Ergonomics) 359M->359M(409M) 379.843ms
[51.585s][info][gc,cpu         ] GC(174) User=0.36s Sys=0.00s Real=0.38s
[51.586s][info][gc,start       ] GC(175) Pause Full (Ergonomics)
[51.586s][info][gc,phases,start] GC(175) Marking Phase
[51.866s][info][gc,phases      ] GC(175) Marking Phase 279.938ms
[51.866s][info][gc,phases,start] GC(175) Summary Phase
[51.866s][info][gc,phases      ] GC(175) Summary Phase 0.034ms
[51.866s][info][gc,phases,start] GC(175) Adjust Roots
[51.866s][info][gc,phases      ] GC(175) Adjust Roots 0.241ms
[51.866s][info][gc,phases,start] GC(175) Compaction Phase
[51.963s][info][gc,phases      ] GC(175) Compaction Phase 96.688ms
[51.963s][info][gc,phases,start] GC(175) Post Compact
[51.964s][info][gc,phases      ] GC(175) Post Compact 1.536ms
[51.964s][info][gc,heap        ] GC(175) PSYoungGen: 33771K(77312K)->33771K(77312K) Eden: 24575K(24576K)->24575K(24576K) From: 9195K(52736K)->9195K(52736K)
[51.964s][info][gc,heap        ] GC(175) ParOldGen: 334814K(341504K)->334814K(341504K)
[51.964s][info][gc,metaspace   ] GC(175) Metaspace: 6298K(6464K)->6298K(6464K) NonClass: 5764K(5824K)->5764K(5824K) Class: 533K(640K)->533K(640K)
[51.964s][info][gc             ] GC(175) Pause Full (Ergonomics) 359M->359M(409M) 378.818ms
[51.964s][info][gc,cpu         ] GC(175) User=0.34s Sys=0.00s Real=0.38s
[51.965s][info][gc,start       ] GC(176) Pause Full (Ergonomics)
[51.965s][info][gc,phases,start] GC(176) Marking Phase
[52.244s][info][gc,phases      ] GC(176) Marking Phase 279.571ms
[52.244s][info][gc,phases,start] GC(176) Summary Phase
[52.244s][info][gc,phases      ] GC(176) Summary Phase 0.023ms
[52.244s][info][gc,phases,start] GC(176) Adjust Roots
[52.245s][info][gc,phases      ] GC(176) Adjust Roots 0.251ms
[52.245s][info][gc,phases,start] GC(176) Compaction Phase
[52.341s][info][gc,phases      ] GC(176) Compaction Phase 96.291ms
[52.341s][info][gc,phases,start] GC(176) Post Compact
[52.343s][info][gc,phases      ] GC(176) Post Compact 1.509ms
[52.343s][info][gc,heap        ] GC(176) PSYoungGen: 33771K(77312K)->33771K(77312K) Eden: 24575K(24576K)->24575K(24576K) From: 9195K(52736K)->9195K(52736K)
[52.343s][info][gc,heap        ] GC(176) ParOldGen: 334819K(341504K)->334819K(341504K)
[52.343s][info][gc,metaspace   ] GC(176) Metaspace: 6298K(6464K)->6298K(6464K) NonClass: 5764K(5824K)->5764K(5824K) Class: 533K(640K)->533K(640K)
[52.343s][info][gc             ] GC(176) Pause Full (Ergonomics) 359M->359M(409M) 377.989ms
[52.343s][info][gc,cpu         ] GC(176) User=0.34s Sys=0.00s Real=0.38s
[52.343s][info][gc,start       ] GC(177) Pause Full (Ergonomics)
[52.343s][info][gc,phases,start] GC(177) Marking Phase
[52.625s][info][gc,phases      ] GC(177) Marking Phase 282.468ms
[52.626s][info][gc,phases,start] GC(177) Summary Phase
[52.626s][info][gc,phases      ] GC(177) Summary Phase 0.025ms
[52.626s][info][gc,phases,start] GC(177) Adjust Roots
[52.626s][info][gc,phases      ] GC(177) Adjust Roots 0.309ms
[52.626s][info][gc,phases,start] GC(177) Compaction Phase
[52.725s][info][gc,phases      ] GC(177) Compaction Phase 98.704ms
[52.725s][info][gc,phases,start] GC(177) Post Compact
[52.726s][info][gc,phases      ] GC(177) Post Compact 1.516ms
[52.726s][info][gc,heap        ] GC(177) PSYoungGen: 33771K(77312K)->33771K(77312K) Eden: 24575K(24576K)->24575K(24576K) From: 9195K(52736K)->9195K(52736K)
[52.726s][info][gc,heap        ] GC(177) ParOldGen: 334823K(341504K)->334823K(341504K)
[52.726s][info][gc,metaspace   ] GC(177) Metaspace: 6298K(6464K)->6298K(6464K) NonClass: 5764K(5824K)->5764K(5824K) Class: 533K(640K)->533K(640K)
[52.726s][info][gc             ] GC(177) Pause Full (Ergonomics) 359M->359M(409M) 383.417ms
[52.726s][info][gc,cpu         ] GC(177) User=0.34s Sys=0.00s Real=0.38s
[52.727s][info][gc,start       ] GC(178) Pause Full (Ergonomics)
[52.727s][info][gc,phases,start] GC(178) Marking Phase
[53.007s][info][gc,phases      ] GC(178) Marking Phase 280.066ms
[53.007s][info][gc,phases,start] GC(178) Summary Phase
[53.007s][info][gc,phases      ] GC(178) Summary Phase 0.034ms
[53.007s][info][gc,phases,start] GC(178) Adjust Roots
[53.007s][info][gc,phases      ] GC(178) Adjust Roots 0.226ms
[53.007s][info][gc,phases,start] GC(178) Compaction Phase
[53.103s][info][gc,phases      ] GC(178) Compaction Phase 96.180ms
[53.103s][info][gc,phases,start] GC(178) Post Compact
[53.105s][info][gc,phases      ] GC(178) Post Compact 1.520ms
[53.105s][info][gc,heap        ] GC(178) PSYoungGen: 33771K(77312K)->33771K(77312K) Eden: 24575K(24576K)->24575K(24576K) From: 9195K(52736K)->9195K(52736K)
[53.105s][info][gc,heap        ] GC(178) ParOldGen: 334828K(341504K)->334828K(341504K)
[53.105s][info][gc,metaspace   ] GC(178) Metaspace: 6298K(6464K)->6298K(6464K) NonClass: 5764K(5824K)->5764K(5824K) Class: 533K(640K)->533K(640K)
[53.105s][info][gc             ] GC(178) Pause Full (Ergonomics) 359M->359M(409M) 378.396ms
[53.105s][info][gc,cpu         ] GC(178) User=0.34s Sys=0.00s Real=0.38s
[53.105s][info][gc,start       ] GC(179) Pause Full (Ergonomics)
[53.105s][info][gc,phases,start] GC(179) Marking Phase
[53.381s][info][gc,phases      ] GC(179) Marking Phase 275.316ms
[53.381s][info][gc,phases,start] GC(179) Summary Phase
[53.381s][info][gc,phases      ] GC(179) Summary Phase 0.023ms
[53.381s][info][gc,phases,start] GC(179) Adjust Roots
[53.381s][info][gc,phases      ] GC(179) Adjust Roots 0.226ms
[53.381s][info][gc,phases,start] GC(179) Compaction Phase
[53.477s][info][gc,phases      ] GC(179) Compaction Phase 95.617ms
[53.477s][info][gc,phases,start] GC(179) Post Compact
[53.478s][info][gc,phases      ] GC(179) Post Compact 1.643ms
[53.478s][info][gc,heap        ] GC(179) PSYoungGen: 33771K(77312K)->33771K(77312K) Eden: 24575K(24576K)->24575K(24576K) From: 9195K(52736K)->9195K(52736K)
[53.478s][info][gc,heap        ] GC(179) ParOldGen: 334833K(341504K)->334833K(341504K)
[53.478s][info][gc,metaspace   ] GC(179) Metaspace: 6298K(6464K)->6298K(6464K) NonClass: 5764K(5824K)->5764K(5824K) Class: 533K(640K)->533K(640K)
[53.478s][info][gc             ] GC(179) Pause Full (Ergonomics) 359M->359M(409M) 373.170ms
[53.478s][info][gc,cpu         ] GC(179) User=0.34s Sys=0.00s Real=0.37s
[53.479s][info][gc,start       ] GC(180) Pause Full (Ergonomics)
[53.479s][info][gc,phases,start] GC(180) Marking Phase
[53.758s][info][gc,phases      ] GC(180) Marking Phase 279.014ms
[53.758s][info][gc,phases,start] GC(180) Summary Phase
[53.758s][info][gc,phases      ] GC(180) Summary Phase 0.039ms
[53.758s][info][gc,phases,start] GC(180) Adjust Roots
[53.758s][info][gc,phases      ] GC(180) Adjust Roots 0.338ms
[53.758s][info][gc,phases,start] GC(180) Compaction Phase
[53.854s][info][gc,phases      ] GC(180) Compaction Phase 95.763ms
[53.854s][info][gc,phases,start] GC(180) Post Compact
[53.856s][info][gc,phases      ] GC(180) Post Compact 1.522ms
[53.856s][info][gc,heap        ] GC(180) PSYoungGen: 33771K(77312K)->33771K(77312K) Eden: 24575K(24576K)->24575K(24576K) From: 9195K(52736K)->9195K(52736K)
[53.856s][info][gc,heap        ] GC(180) ParOldGen: 334837K(341504K)->334837K(341504K)
[53.856s][info][gc,metaspace   ] GC(180) Metaspace: 6298K(6464K)->6298K(6464K) NonClass: 5764K(5824K)->5764K(5824K) Class: 533K(640K)->533K(640K)
[53.856s][info][gc             ] GC(180) Pause Full (Ergonomics) 359M->359M(409M) 377.108ms
[53.856s][info][gc,cpu         ] GC(180) User=0.34s Sys=0.00s Real=0.38s
[53.856s][info][gc,start       ] GC(181) Pause Full (Ergonomics)
[53.856s][info][gc,phases,start] GC(181) Marking Phase
[54.135s][info][gc,phases      ] GC(181) Marking Phase 278.919ms
[54.135s][info][gc,phases,start] GC(181) Summary Phase
[54.135s][info][gc,phases      ] GC(181) Summary Phase 0.034ms
[54.135s][info][gc,phases,start] GC(181) Adjust Roots
[54.135s][info][gc,phases      ] GC(181) Adjust Roots 0.240ms
[54.136s][info][gc,phases,start] GC(181) Compaction Phase
[54.232s][info][gc,phases      ] GC(181) Compaction Phase 95.968ms
[54.232s][info][gc,phases,start] GC(181) Post Compact
[54.233s][info][gc,phases      ] GC(181) Post Compact 1.522ms
[54.233s][info][gc,heap        ] GC(181) PSYoungGen: 33771K(77312K)->33771K(77312K) Eden: 24575K(24576K)->24575K(24576K) From: 9195K(52736K)->9195K(52736K)
[54.233s][info][gc,heap        ] GC(181) ParOldGen: 334842K(341504K)->334842K(341504K)
[54.233s][info][gc,metaspace   ] GC(181) Metaspace: 6298K(6464K)->6298K(6464K) NonClass: 5764K(5824K)->5764K(5824K) Class: 533K(640K)->533K(640K)
[54.233s][info][gc             ] GC(181) Pause Full (Ergonomics) 359M->359M(409M) 377.074ms
[54.233s][info][gc,cpu         ] GC(181) User=0.34s Sys=0.00s Real=0.38s
[54.234s][info][gc,start       ] GC(182) Pause Full (Ergonomics)
[54.234s][info][gc,phases,start] GC(182) Marking Phase
[54.513s][info][gc,phases      ] GC(182) Marking Phase 279.912ms
[54.514s][info][gc,phases,start] GC(182) Summary Phase
[54.514s][info][gc,phases      ] GC(182) Summary Phase 0.034ms
[54.514s][info][gc,phases,start] GC(182) Adjust Roots
[54.514s][info][gc,phases      ] GC(182) Adjust Roots 0.290ms
[54.514s][info][gc,phases,start] GC(182) Compaction Phase
[54.610s][info][gc,phases      ] GC(182) Compaction Phase 95.972ms
[54.610s][info][gc,phases,start] GC(182) Post Compact
[54.612s][info][gc,phases      ] GC(182) Post Compact 1.505ms
[54.612s][info][gc,heap        ] GC(182) PSYoungGen: 33771K(77312K)->33771K(77312K) Eden: 24575K(24576K)->24575K(24576K) From: 9195K(52736K)->9195K(52736K)
[54.612s][info][gc,heap        ] GC(182) ParOldGen: 334847K(341504K)->334847K(341504K)
[54.612s][info][gc,metaspace   ] GC(182) Metaspace: 6298K(6464K)->6298K(6464K) NonClass: 5764K(5824K)->5764K(5824K) Class: 533K(640K)->533K(640K)
[54.612s][info][gc             ] GC(182) Pause Full (Ergonomics) 359M->359M(409M) 378.163ms
[54.612s][info][gc,cpu         ] GC(182) User=0.36s Sys=0.00s Real=0.38s
[54.612s][info][gc,start       ] GC(183) Pause Full (Ergonomics)
[54.612s][info][gc,phases,start] GC(183) Marking Phase
[54.893s][info][gc,phases      ] GC(183) Marking Phase 280.642ms
[54.893s][info][gc,phases,start] GC(183) Summary Phase
[54.893s][info][gc,phases      ] GC(183) Summary Phase 0.023ms
[54.893s][info][gc,phases,start] GC(183) Adjust Roots
[54.893s][info][gc,phases      ] GC(183) Adjust Roots 0.280ms
[54.893s][info][gc,phases,start] GC(183) Compaction Phase
[54.992s][info][gc,phases      ] GC(183) Compaction Phase 99.140ms
[54.992s][info][gc,phases,start] GC(183) Post Compact
[54.994s][info][gc,phases      ] GC(183) Post Compact 1.503ms
[54.994s][info][gc,heap        ] GC(183) PSYoungGen: 33771K(77312K)->33771K(77312K) Eden: 24575K(24576K)->24575K(24576K) From: 9195K(52736K)->9195K(52736K)
[54.994s][info][gc,heap        ] GC(183) ParOldGen: 334851K(341504K)->334851K(341504K)
[54.994s][info][gc,metaspace   ] GC(183) Metaspace: 6298K(6464K)->6298K(6464K) NonClass: 5764K(5824K)->5764K(5824K) Class: 533K(640K)->533K(640K)
[54.994s][info][gc             ] GC(183) Pause Full (Ergonomics) 359M->359M(409M) 382.015ms
[54.994s][info][gc,cpu         ] GC(183) User=0.36s Sys=0.00s Real=0.38s
[54.994s][info][gc,start       ] GC(184) Pause Full (Ergonomics)
[54.994s][info][gc,phases,start] GC(184) Marking Phase
[55.270s][info][gc,phases      ] GC(184) Marking Phase 275.502ms
[55.270s][info][gc,phases,start] GC(184) Summary Phase
[55.270s][info][gc,phases      ] GC(184) Summary Phase 0.034ms
[55.270s][info][gc,phases,start] GC(184) Adjust Roots
[55.270s][info][gc,phases      ] GC(184) Adjust Roots 0.237ms
[55.270s][info][gc,phases,start] GC(184) Compaction Phase
[55.366s][info][gc,phases      ] GC(184) Compaction Phase 96.186ms
[55.367s][info][gc,phases,start] GC(184) Post Compact
[55.368s][info][gc,phases      ] GC(184) Post Compact 1.814ms
[55.368s][info][gc,heap        ] GC(184) PSYoungGen: 33771K(77312K)->33771K(77312K) Eden: 24575K(24576K)->24575K(24576K) From: 9195K(52736K)->9195K(52736K)
[55.368s][info][gc,heap        ] GC(184) ParOldGen: 334856K(341504K)->334856K(341504K)
[55.368s][info][gc,metaspace   ] GC(184) Metaspace: 6298K(6464K)->6298K(6464K) NonClass: 5764K(5824K)->5764K(5824K) Class: 533K(640K)->533K(640K)
[55.368s][info][gc             ] GC(184) Pause Full (Ergonomics) 359M->359M(409M) 374.149ms
[55.368s][info][gc,cpu         ] GC(184) User=0.36s Sys=0.00s Real=0.38s
[55.369s][info][gc,start       ] GC(185) Pause Full (Ergonomics)
[55.369s][info][gc,phases,start] GC(185) Marking Phase
[55.646s][info][gc,phases      ] GC(185) Marking Phase 276.793ms
[55.646s][info][gc,phases,start] GC(185) Summary Phase
[55.646s][info][gc,phases      ] GC(185) Summary Phase 0.026ms
[55.646s][info][gc,phases,start] GC(185) Adjust Roots
[55.646s][info][gc,phases      ] GC(185) Adjust Roots 0.286ms
[55.646s][info][gc,phases,start] GC(185) Compaction Phase
[55.743s][info][gc,phases      ] GC(185) Compaction Phase 96.698ms
[55.743s][info][gc,phases,start] GC(185) Post Compact
[55.745s][info][gc,phases      ] GC(185) Post Compact 1.779ms
[55.745s][info][gc,heap        ] GC(185) PSYoungGen: 33771K(77312K)->33771K(77312K) Eden: 24575K(24576K)->24575K(24576K) From: 9195K(52736K)->9195K(52736K)
[55.745s][info][gc,heap        ] GC(185) ParOldGen: 334861K(341504K)->334861K(341504K)
[55.745s][info][gc,metaspace   ] GC(185) Metaspace: 6298K(6464K)->6298K(6464K) NonClass: 5764K(5824K)->5764K(5824K) Class: 533K(640K)->533K(640K)
[55.745s][info][gc             ] GC(185) Pause Full (Ergonomics) 359M->359M(409M) 375.952ms
[55.745s][info][gc,cpu         ] GC(185) User=0.34s Sys=0.00s Real=0.38s
[55.745s][info][gc,start       ] GC(186) Pause Full (Ergonomics)
[55.745s][info][gc,phases,start] GC(186) Marking Phase
[56.021s][info][gc,phases      ] GC(186) Marking Phase 276.393ms
[56.021s][info][gc,phases,start] GC(186) Summary Phase
[56.021s][info][gc,phases      ] GC(186) Summary Phase 0.023ms
[56.021s][info][gc,phases,start] GC(186) Adjust Roots
[56.022s][info][gc,phases      ] GC(186) Adjust Roots 0.208ms
[56.022s][info][gc,phases,start] GC(186) Compaction Phase
[56.117s][info][gc,phases      ] GC(186) Compaction Phase 95.520ms
[56.117s][info][gc,phases,start] GC(186) Post Compact
[56.119s][info][gc,phases      ] GC(186) Post Compact 1.753ms
[56.119s][info][gc,heap        ] GC(186) PSYoungGen: 33771K(77312K)->33771K(77312K) Eden: 24575K(24576K)->24575K(24576K) From: 9195K(52736K)->9195K(52736K)
[56.119s][info][gc,heap        ] GC(186) ParOldGen: 334865K(341504K)->334865K(341504K)
[56.119s][info][gc,metaspace   ] GC(186) Metaspace: 6298K(6464K)->6298K(6464K) NonClass: 5764K(5824K)->5764K(5824K) Class: 533K(640K)->533K(640K)
[56.119s][info][gc             ] GC(186) Pause Full (Ergonomics) 359M->359M(409M) 374.353ms
[56.119s][info][gc,cpu         ] GC(186) User=0.34s Sys=0.00s Real=0.37s
[56.120s][info][gc,start       ] GC(187) Pause Full (Ergonomics)
[56.120s][info][gc,phases,start] GC(187) Marking Phase
[56.396s][info][gc,phases      ] GC(187) Marking Phase 276.523ms
[56.396s][info][gc,phases,start] GC(187) Summary Phase
[56.396s][info][gc,phases      ] GC(187) Summary Phase 0.027ms
[56.396s][info][gc,phases,start] GC(187) Adjust Roots
[56.396s][info][gc,phases      ] GC(187) Adjust Roots 0.187ms
[56.396s][info][gc,phases,start] GC(187) Compaction Phase
[56.495s][info][gc,phases      ] GC(187) Compaction Phase 98.093ms
[56.495s][info][gc,phases,start] GC(187) Post Compact
[56.496s][info][gc,phases      ] GC(187) Post Compact 1.518ms
[56.496s][info][gc,heap        ] GC(187) PSYoungGen: 33771K(77312K)->33771K(77312K) Eden: 24575K(24576K)->24575K(24576K) From: 9195K(52736K)->9195K(52736K)
[56.496s][info][gc,heap        ] GC(187) ParOldGen: 334870K(341504K)->334870K(341504K)
[56.496s][info][gc,metaspace   ] GC(187) Metaspace: 6298K(6464K)->6298K(6464K) NonClass: 5764K(5824K)->5764K(5824K) Class: 533K(640K)->533K(640K)
[56.496s][info][gc             ] GC(187) Pause Full (Ergonomics) 360M->360M(409M) 376.688ms
[56.496s][info][gc,cpu         ] GC(187) User=0.33s Sys=0.00s Real=0.38s
[56.497s][info][gc,start       ] GC(188) Pause Full (Ergonomics)
[56.497s][info][gc,phases,start] GC(188) Marking Phase
[56.775s][info][gc,phases      ] GC(188) Marking Phase 278.516ms
[56.775s][info][gc,phases,start] GC(188) Summary Phase
[56.775s][info][gc,phases      ] GC(188) Summary Phase 0.023ms
[56.775s][info][gc,phases,start] GC(188) Adjust Roots
[56.775s][info][gc,phases      ] GC(188) Adjust Roots 0.206ms
[56.775s][info][gc,phases,start] GC(188) Compaction Phase
[56.872s][info][gc,phases      ] GC(188) Compaction Phase 96.612ms
[56.872s][info][gc,phases,start] GC(188) Post Compact
[56.874s][info][gc,phases      ] GC(188) Post Compact 1.517ms
[56.874s][info][gc,heap        ] GC(188) PSYoungGen: 33771K(77312K)->33771K(77312K) Eden: 24575K(24576K)->24575K(24576K) From: 9195K(52736K)->9195K(52736K)
[56.874s][info][gc,heap        ] GC(188) ParOldGen: 334875K(341504K)->334875K(341504K)
[56.874s][info][gc,metaspace   ] GC(188) Metaspace: 6298K(6464K)->6298K(6464K) NonClass: 5764K(5824K)->5764K(5824K) Class: 533K(640K)->533K(640K)
[56.874s][info][gc             ] GC(188) Pause Full (Ergonomics) 360M->360M(409M) 377.288ms
[56.874s][info][gc,cpu         ] GC(188) User=0.34s Sys=0.00s Real=0.38s
[56.874s][info][gc,start       ] GC(189) Pause Full (Ergonomics)
[56.874s][info][gc,phases,start] GC(189) Marking Phase
[57.153s][info][gc,phases      ] GC(189) Marking Phase 278.916ms
[57.153s][info][gc,phases,start] GC(189) Summary Phase
[57.153s][info][gc,phases      ] GC(189) Summary Phase 0.023ms
[57.153s][info][gc,phases,start] GC(189) Adjust Roots
[57.153s][info][gc,phases      ] GC(189) Adjust Roots 0.196ms
[57.153s][info][gc,phases,start] GC(189) Compaction Phase
[57.252s][info][gc,phases      ] GC(189) Compaction Phase 99.140ms
[57.253s][info][gc,phases,start] GC(189) Post Compact
[57.254s][info][gc,phases      ] GC(189) Post Compact 1.508ms
[57.254s][info][gc,heap        ] GC(189) PSYoungGen: 33771K(77312K)->33771K(77312K) Eden: 24575K(24576K)->24575K(24576K) From: 9195K(52736K)->9195K(52736K)
[57.254s][info][gc,heap        ] GC(189) ParOldGen: 334879K(341504K)->334879K(341504K)
[57.254s][info][gc,metaspace   ] GC(189) Metaspace: 6298K(6464K)->6298K(6464K) NonClass: 5764K(5824K)->5764K(5824K) Class: 533K(640K)->533K(640K)
[57.254s][info][gc             ] GC(189) Pause Full (Ergonomics) 360M->360M(409M) 380.134ms
[57.254s][info][gc,cpu         ] GC(189) User=0.36s Sys=0.00s Real=0.38s
[57.255s][info][gc,start       ] GC(190) Pause Full (Ergonomics)
[57.255s][info][gc,phases,start] GC(190) Marking Phase
[57.534s][info][gc,phases      ] GC(190) Marking Phase 279.352ms
[57.534s][info][gc,phases,start] GC(190) Summary Phase
[57.534s][info][gc,phases      ] GC(190) Summary Phase 0.024ms
[57.534s][info][gc,phases,start] GC(190) Adjust Roots
[57.534s][info][gc,phases      ] GC(190) Adjust Roots 0.247ms
[57.534s][info][gc,phases,start] GC(190) Compaction Phase
[57.632s][info][gc,phases      ] GC(190) Compaction Phase 97.901ms
[57.632s][info][gc,phases,start] GC(190) Post Compact
[57.634s][info][gc,phases      ] GC(190) Post Compact 1.520ms
[57.634s][info][gc,heap        ] GC(190) PSYoungGen: 33771K(77312K)->33771K(77312K) Eden: 24575K(24576K)->24575K(24576K) From: 9195K(52736K)->9195K(52736K)
[57.634s][info][gc,heap        ] GC(190) ParOldGen: 334884K(341504K)->334884K(341504K)
[57.634s][info][gc,metaspace   ] GC(190) Metaspace: 6298K(6464K)->6298K(6464K) NonClass: 5764K(5824K)->5764K(5824K) Class: 533K(640K)->533K(640K)
[57.634s][info][gc             ] GC(190) Pause Full (Ergonomics) 360M->360M(409M) 379.450ms
[57.634s][info][gc,cpu         ] GC(190) User=0.38s Sys=0.00s Real=0.38s
[57.634s][info][gc,start       ] GC(191) Pause Full (Ergonomics)
[57.635s][info][gc,phases,start] GC(191) Marking Phase
[57.913s][info][gc,phases      ] GC(191) Marking Phase 278.874ms
[57.914s][info][gc,phases,start] GC(191) Summary Phase
[57.914s][info][gc,phases      ] GC(191) Summary Phase 0.023ms
[57.914s][info][gc,phases,start] GC(191) Adjust Roots
[57.914s][info][gc,phases      ] GC(191) Adjust Roots 0.200ms
[57.914s][info][gc,phases,start] GC(191) Compaction Phase
[58.009s][info][gc,phases      ] GC(191) Compaction Phase 95.514ms
[58.009s][info][gc,phases,start] GC(191) Post Compact
[58.011s][info][gc,phases      ] GC(191) Post Compact 1.561ms
[58.011s][info][gc,heap        ] GC(191) PSYoungGen: 33771K(77312K)->33771K(77312K) Eden: 24575K(24576K)->24575K(24576K) From: 9195K(52736K)->9195K(52736K)
[58.011s][info][gc,heap        ] GC(191) ParOldGen: 334889K(341504K)->334889K(341504K)
[58.011s][info][gc,metaspace   ] GC(191) Metaspace: 6298K(6464K)->6298K(6464K) NonClass: 5764K(5824K)->5764K(5824K) Class: 533K(640K)->533K(640K)
[58.011s][info][gc             ] GC(191) Pause Full (Ergonomics) 360M->360M(409M) 376.769ms
[58.011s][info][gc,cpu         ] GC(191) User=0.34s Sys=0.00s Real=0.38s
[58.011s][info][gc,start       ] GC(192) Pause Full (Ergonomics)
[58.011s][info][gc,phases,start] GC(192) Marking Phase
[58.290s][info][gc,phases      ] GC(192) Marking Phase 278.631ms
[58.290s][info][gc,phases,start] GC(192) Summary Phase
[58.290s][info][gc,phases      ] GC(192) Summary Phase 0.023ms
[58.290s][info][gc,phases,start] GC(192) Adjust Roots
[58.290s][info][gc,phases      ] GC(192) Adjust Roots 0.257ms
[58.290s][info][gc,phases,start] GC(192) Compaction Phase
[58.389s][info][gc,phases      ] GC(192) Compaction Phase 98.917ms
[58.389s][info][gc,phases,start] GC(192) Post Compact
[58.391s][info][gc,phases      ] GC(192) Post Compact 1.538ms
[58.391s][info][gc,heap        ] GC(192) PSYoungGen: 33771K(77312K)->33771K(77312K) Eden: 24575K(24576K)->24575K(24576K) From: 9195K(52736K)->9195K(52736K)
[58.391s][info][gc,heap        ] GC(192) ParOldGen: 334893K(341504K)->334893K(341504K)
[58.391s][info][gc,metaspace   ] GC(192) Metaspace: 6298K(6464K)->6298K(6464K) NonClass: 5764K(5824K)->5764K(5824K) Class: 533K(640K)->533K(640K)
[58.391s][info][gc             ] GC(192) Pause Full (Ergonomics) 360M->360M(409M) 379.692ms
[58.391s][info][gc,cpu         ] GC(192) User=0.33s Sys=0.00s Real=0.38s
[58.391s][info][gc,start       ] GC(193) Pause Full (Ergonomics)
[58.391s][info][gc,phases,start] GC(193) Marking Phase
[58.671s][info][gc,phases      ] GC(193) Marking Phase 279.411ms
[58.671s][info][gc,phases,start] GC(193) Summary Phase
[58.671s][info][gc,phases      ] GC(193) Summary Phase 0.034ms
[58.671s][info][gc,phases,start] GC(193) Adjust Roots
[58.671s][info][gc,phases      ] GC(193) Adjust Roots 0.238ms
[58.671s][info][gc,phases,start] GC(193) Compaction Phase
[58.767s][info][gc,phases      ] GC(193) Compaction Phase 95.665ms
[58.767s][info][gc,phases,start] GC(193) Post Compact
[58.769s][info][gc,phases      ] GC(193) Post Compact 1.528ms
[58.769s][info][gc,heap        ] GC(193) PSYoungGen: 33771K(77312K)->33771K(77312K) Eden: 24575K(24576K)->24575K(24576K) From: 9195K(52736K)->9195K(52736K)
[58.769s][info][gc,heap        ] GC(193) ParOldGen: 334898K(341504K)->334898K(341504K)
[58.769s][info][gc,metaspace   ] GC(193) Metaspace: 6298K(6464K)->6298K(6464K) NonClass: 5764K(5824K)->5764K(5824K) Class: 533K(640K)->533K(640K)
[58.769s][info][gc             ] GC(193) Pause Full (Ergonomics) 360M->360M(409M) 377.263ms
[58.769s][info][gc,cpu         ] GC(193) User=0.36s Sys=0.00s Real=0.38s
[58.769s][info][gc,start       ] GC(194) Pause Full (Ergonomics)
[58.769s][info][gc,phases,start] GC(194) Marking Phase
[59.048s][info][gc,phases      ] GC(194) Marking Phase 279.165ms
[59.048s][info][gc,phases,start] GC(194) Summary Phase
[59.048s][info][gc,phases      ] GC(194) Summary Phase 0.023ms
[59.048s][info][gc,phases,start] GC(194) Adjust Roots
[59.049s][info][gc,phases      ] GC(194) Adjust Roots 0.219ms
[59.049s][info][gc,phases,start] GC(194) Compaction Phase
[59.145s][info][gc,phases      ] GC(194) Compaction Phase 95.947ms
[59.145s][info][gc,phases,start] GC(194) Post Compact
[59.146s][info][gc,phases      ] GC(194) Post Compact 1.512ms
[59.146s][info][gc,heap        ] GC(194) PSYoungGen: 33771K(77312K)->33771K(77312K) Eden: 24575K(24576K)->24575K(24576K) From: 9195K(52736K)->9195K(52736K)
[59.146s][info][gc,heap        ] GC(194) ParOldGen: 334903K(341504K)->334903K(341504K)
[59.146s][info][gc,metaspace   ] GC(194) Metaspace: 6298K(6464K)->6298K(6464K) NonClass: 5764K(5824K)->5764K(5824K) Class: 533K(640K)->533K(640K)
[59.146s][info][gc             ] GC(194) Pause Full (Ergonomics) 360M->360M(409M) 377.218ms
[59.146s][info][gc,cpu         ] GC(194) User=0.38s Sys=0.00s Real=0.38s
[59.147s][info][gc,start       ] GC(195) Pause Full (Ergonomics)
[59.147s][info][gc,phases,start] GC(195) Marking Phase
[59.427s][info][gc,phases      ] GC(195) Marking Phase 279.965ms
[59.427s][info][gc,phases,start] GC(195) Summary Phase
[59.427s][info][gc,phases      ] GC(195) Summary Phase 0.023ms
[59.427s][info][gc,phases,start] GC(195) Adjust Roots
[59.427s][info][gc,phases      ] GC(195) Adjust Roots 0.224ms
[59.427s][info][gc,phases,start] GC(195) Compaction Phase
[59.524s][info][gc,phases      ] GC(195) Compaction Phase 97.342ms
[59.524s][info][gc,phases,start] GC(195) Post Compact
[59.526s][info][gc,phases      ] GC(195) Post Compact 1.507ms
[59.526s][info][gc,heap        ] GC(195) PSYoungGen: 33771K(77312K)->33771K(77312K) Eden: 24575K(24576K)->24575K(24576K) From: 9195K(52736K)->9195K(52736K)
[59.526s][info][gc,heap        ] GC(195) ParOldGen: 334907K(341504K)->334907K(341504K)
[59.526s][info][gc,metaspace   ] GC(195) Metaspace: 6298K(6464K)->6298K(6464K) NonClass: 5764K(5824K)->5764K(5824K) Class: 533K(640K)->533K(640K)
[59.526s][info][gc             ] GC(195) Pause Full (Ergonomics) 360M->360M(409M) 379.434ms
[59.526s][info][gc,cpu         ] GC(195) User=0.34s Sys=0.00s Real=0.38s
[59.526s][info][gc,start       ] GC(196) Pause Full (Ergonomics)
[59.526s][info][gc,phases,start] GC(196) Marking Phase
[59.804s][info][gc,phases      ] GC(196) Marking Phase 277.475ms
[59.804s][info][gc,phases,start] GC(196) Summary Phase
[59.804s][info][gc,phases      ] GC(196) Summary Phase 0.035ms
[59.804s][info][gc,phases,start] GC(196) Adjust Roots
[59.804s][info][gc,phases      ] GC(196) Adjust Roots 0.262ms
[59.804s][info][gc,phases,start] GC(196) Compaction Phase
[59.901s][info][gc,phases      ] GC(196) Compaction Phase 96.284ms
[59.901s][info][gc,phases,start] GC(196) Post Compact
[59.902s][info][gc,phases      ] GC(196) Post Compact 1.522ms
[59.902s][info][gc,heap        ] GC(196) PSYoungGen: 33771K(77312K)->33771K(77312K) Eden: 24575K(24576K)->24575K(24576K) From: 9195K(52736K)->9195K(52736K)
[59.902s][info][gc,heap        ] GC(196) ParOldGen: 334912K(341504K)->334912K(341504K)
[59.902s][info][gc,metaspace   ] GC(196) Metaspace: 6298K(6464K)->6298K(6464K) NonClass: 5764K(5824K)->5764K(5824K) Class: 533K(640K)->533K(640K)
[59.902s][info][gc             ] GC(196) Pause Full (Ergonomics) 360M->360M(409M) 375.947ms
[59.902s][info][gc,cpu         ] GC(196) User=0.34s Sys=0.00s Real=0.38s
[59.903s][info][gc,start       ] GC(197) Pause Full (Ergonomics)
[59.903s][info][gc,phases,start] GC(197) Marking Phase
[60.180s][info][gc,phases      ] GC(197) Marking Phase 276.824ms
[60.180s][info][gc,phases,start] GC(197) Summary Phase
[60.180s][info][gc,phases      ] GC(197) Summary Phase 0.028ms
[60.180s][info][gc,phases,start] GC(197) Adjust Roots
[60.180s][info][gc,phases      ] GC(197) Adjust Roots 0.220ms
[60.180s][info][gc,phases,start] GC(197) Compaction Phase
[60.284s][info][gc,phases      ] GC(197) Compaction Phase 104.378ms
[60.284s][info][gc,phases,start] GC(197) Post Compact
[60.286s][info][gc,phases      ] GC(197) Post Compact 1.748ms
[60.286s][info][gc,heap        ] GC(197) PSYoungGen: 33771K(77312K)->33771K(77312K) Eden: 24575K(24576K)->24575K(24576K) From: 9195K(52736K)->9195K(52736K)
[60.286s][info][gc,heap        ] GC(197) ParOldGen: 334917K(341504K)->334917K(341504K)
[60.286s][info][gc,metaspace   ] GC(197) Metaspace: 6298K(6464K)->6298K(6464K) NonClass: 5764K(5824K)->5764K(5824K) Class: 533K(640K)->533K(640K)
[60.286s][info][gc             ] GC(197) Pause Full (Ergonomics) 360M->360M(409M) 383.542ms
[60.286s][info][gc,cpu         ] GC(197) User=0.33s Sys=0.00s Real=0.38s
[60.286s][info][gc,start       ] GC(198) Pause Full (Ergonomics)
[60.287s][info][gc,phases,start] GC(198) Marking Phase
[60.598s][info][gc,phases      ] GC(198) Marking Phase 311.546ms
[60.598s][info][gc,phases,start] GC(198) Summary Phase
[60.598s][info][gc,phases      ] GC(198) Summary Phase 0.021ms
[60.598s][info][gc,phases,start] GC(198) Adjust Roots
[60.598s][info][gc,phases      ] GC(198) Adjust Roots 0.239ms
[60.598s][info][gc,phases,start] GC(198) Compaction Phase
[60.723s][info][gc,phases      ] GC(198) Compaction Phase 124.069ms
[60.723s][info][gc,phases,start] GC(198) Post Compact
[60.724s][info][gc,phases      ] GC(198) Post Compact 1.675ms
[60.724s][info][gc,heap        ] GC(198) PSYoungGen: 33771K(77312K)->33771K(77312K) Eden: 24575K(24576K)->24575K(24576K) From: 9195K(52736K)->9195K(52736K)
[60.724s][info][gc,heap        ] GC(198) ParOldGen: 334921K(341504K)->334921K(341504K)
[60.724s][info][gc,metaspace   ] GC(198) Metaspace: 6298K(6464K)->6298K(6464K) NonClass: 5764K(5824K)->5764K(5824K) Class: 533K(640K)->533K(640K)
[60.724s][info][gc             ] GC(198) Pause Full (Ergonomics) 360M->360M(409M) 437.892ms
[60.724s][info][gc,cpu         ] GC(198) User=0.36s Sys=0.00s Real=0.44s
[60.725s][info][gc,start       ] GC(199) Pause Full (Ergonomics)
[60.725s][info][gc,phases,start] GC(199) Marking Phase
[61.048s][info][gc,phases      ] GC(199) Marking Phase 323.046ms
[61.048s][info][gc,phases,start] GC(199) Summary Phase
[61.048s][info][gc,phases      ] GC(199) Summary Phase 0.019ms
[61.048s][info][gc,phases,start] GC(199) Adjust Roots
[61.048s][info][gc,phases      ] GC(199) Adjust Roots 0.236ms
[61.048s][info][gc,phases,start] GC(199) Compaction Phase
[61.187s][info][gc,phases      ] GC(199) Compaction Phase 139.129ms
[61.187s][info][gc,phases,start] GC(199) Post Compact
[61.190s][info][gc,phases      ] GC(199) Post Compact 2.468ms
[61.190s][info][gc,heap        ] GC(199) PSYoungGen: 33771K(77312K)->33771K(77312K) Eden: 24575K(24576K)->24575K(24576K) From: 9195K(52736K)->9195K(52736K)
[61.190s][info][gc,heap        ] GC(199) ParOldGen: 334926K(341504K)->334926K(341504K)
[61.190s][info][gc,metaspace   ] GC(199) Metaspace: 6298K(6464K)->6298K(6464K) NonClass: 5764K(5824K)->5764K(5824K) Class: 533K(640K)->533K(640K)
[61.190s][info][gc             ] GC(199) Pause Full (Ergonomics) 360M->360M(409M) 465.294ms
[61.190s][info][gc,cpu         ] GC(199) User=0.41s Sys=0.00s Real=0.46s
[61.190s][info][gc,start       ] GC(200) Pause Full (Ergonomics)
[61.190s][info][gc,phases,start] GC(200) Marking Phase
[61.504s][info][gc,phases      ] GC(200) Marking Phase 314.091ms
[61.504s][info][gc,phases,start] GC(200) Summary Phase
[61.504s][info][gc,phases      ] GC(200) Summary Phase 0.026ms
[61.504s][info][gc,phases,start] GC(200) Adjust Roots
[61.505s][info][gc,phases      ] GC(200) Adjust Roots 0.270ms
[61.505s][info][gc,phases,start] GC(200) Compaction Phase
[61.604s][info][gc,phases      ] GC(200) Compaction Phase 99.327ms
[61.604s][info][gc,phases,start] GC(200) Post Compact
[61.606s][info][gc,phases      ] GC(200) Post Compact 1.534ms
[61.606s][info][gc,heap        ] GC(200) PSYoungGen: 33771K(77312K)->33771K(77312K) Eden: 24575K(24576K)->24575K(24576K) From: 9195K(52736K)->9195K(52736K)
[61.606s][info][gc,heap        ] GC(200) ParOldGen: 334931K(341504K)->334931K(341504K)
[61.606s][info][gc,metaspace   ] GC(200) Metaspace: 6298K(6464K)->6298K(6464K) NonClass: 5764K(5824K)->5764K(5824K) Class: 533K(640K)->533K(640K)
[61.606s][info][gc             ] GC(200) Pause Full (Ergonomics) 360M->360M(409M) 415.618ms
[61.606s][info][gc,cpu         ] GC(200) User=0.36s Sys=0.00s Real=0.42s
[61.606s][info][gc,start       ] GC(201) Pause Full (Ergonomics)
[61.606s][info][gc,phases,start] GC(201) Marking Phase
[61.887s][info][gc,phases      ] GC(201) Marking Phase 280.767ms
[61.887s][info][gc,phases,start] GC(201) Summary Phase
[61.887s][info][gc,phases      ] GC(201) Summary Phase 0.019ms
[61.887s][info][gc,phases,start] GC(201) Adjust Roots
[61.887s][info][gc,phases      ] GC(201) Adjust Roots 0.257ms
[61.887s][info][gc,phases,start] GC(201) Compaction Phase
[61.985s][info][gc,phases      ] GC(201) Compaction Phase 97.365ms
[61.985s][info][gc,phases,start] GC(201) Post Compact
[61.986s][info][gc,phases      ] GC(201) Post Compact 1.610ms
[61.986s][info][gc,heap        ] GC(201) PSYoungGen: 33771K(77312K)->33771K(77312K) Eden: 24575K(24576K)->24575K(24576K) From: 9195K(52736K)->9195K(52736K)
[61.986s][info][gc,heap        ] GC(201) ParOldGen: 334935K(341504K)->334935K(341504K)
[61.986s][info][gc,metaspace   ] GC(201) Metaspace: 6298K(6464K)->6298K(6464K) NonClass: 5764K(5824K)->5764K(5824K) Class: 533K(640K)->533K(640K)
[61.986s][info][gc             ] GC(201) Pause Full (Ergonomics) 360M->360M(409M) 380.337ms
[61.986s][info][gc,cpu         ] GC(201) User=0.33s Sys=0.00s Real=0.38s
[61.987s][info][gc,start       ] GC(202) Pause Full (Ergonomics)
[61.987s][info][gc,phases,start] GC(202) Marking Phase
[62.267s][info][gc,phases      ] GC(202) Marking Phase 280.201ms
[62.267s][info][gc,phases,start] GC(202) Summary Phase
[62.267s][info][gc,phases      ] GC(202) Summary Phase 0.022ms
[62.267s][info][gc,phases,start] GC(202) Adjust Roots
[62.267s][info][gc,phases      ] GC(202) Adjust Roots 0.183ms
[62.267s][info][gc,phases,start] GC(202) Compaction Phase
[62.363s][info][gc,phases      ] GC(202) Compaction Phase 95.632ms
[62.363s][info][gc,phases,start] GC(202) Post Compact
[62.365s][info][gc,phases      ] GC(202) Post Compact 1.659ms
[62.365s][info][gc,heap        ] GC(202) PSYoungGen: 33771K(77312K)->33771K(77312K) Eden: 24575K(24576K)->24575K(24576K) From: 9195K(52736K)->9195K(52736K)
[62.365s][info][gc,heap        ] GC(202) ParOldGen: 334940K(341504K)->334940K(341504K)
[62.365s][info][gc,metaspace   ] GC(202) Metaspace: 6298K(6464K)->6298K(6464K) NonClass: 5764K(5824K)->5764K(5824K) Class: 533K(640K)->533K(640K)
[62.365s][info][gc             ] GC(202) Pause Full (Ergonomics) 360M->360M(409M) 378.041ms
[62.365s][info][gc,cpu         ] GC(202) User=0.36s Sys=0.00s Real=0.38s
[62.365s][info][gc,start       ] GC(203) Pause Full (Ergonomics)
[62.365s][info][gc,phases,start] GC(203) Marking Phase
[62.685s][info][gc,phases      ] GC(203) Marking Phase 320.296ms
[62.685s][info][gc,phases,start] GC(203) Summary Phase
[62.685s][info][gc,phases      ] GC(203) Summary Phase 0.019ms
[62.685s][info][gc,phases,start] GC(203) Adjust Roots
[62.686s][info][gc,phases      ] GC(203) Adjust Roots 0.294ms
[62.686s][info][gc,phases,start] GC(203) Compaction Phase
[62.780s][info][gc,phases      ] GC(203) Compaction Phase 94.306ms
[62.780s][info][gc,phases,start] GC(203) Post Compact
[62.782s][info][gc,phases      ] GC(203) Post Compact 1.800ms
[62.782s][info][gc,heap        ] GC(203) PSYoungGen: 33771K(77312K)->33771K(77312K) Eden: 24575K(24576K)->24575K(24576K) From: 9195K(52736K)->9195K(52736K)
[62.782s][info][gc,heap        ] GC(203) ParOldGen: 334945K(341504K)->334945K(341504K)
[62.782s][info][gc,metaspace   ] GC(203) Metaspace: 6298K(6464K)->6298K(6464K) NonClass: 5764K(5824K)->5764K(5824K) Class: 533K(640K)->533K(640K)
[62.782s][info][gc             ] GC(203) Pause Full (Ergonomics) 360M->360M(409M) 417.089ms
[62.782s][info][gc,cpu         ] GC(203) User=0.31s Sys=0.00s Real=0.42s
[62.782s][info][gc,start       ] GC(204) Pause Full (Ergonomics)
[62.782s][info][gc,phases,start] GC(204) Marking Phase
[63.055s][info][gc,phases      ] GC(204) Marking Phase 272.930ms
[63.055s][info][gc,phases,start] GC(204) Summary Phase
[63.055s][info][gc,phases      ] GC(204) Summary Phase 0.024ms
[63.055s][info][gc,phases,start] GC(204) Adjust Roots
[63.056s][info][gc,phases      ] GC(204) Adjust Roots 0.290ms
[63.056s][info][gc,phases,start] GC(204) Compaction Phase
[63.150s][info][gc,phases      ] GC(204) Compaction Phase 93.831ms
[63.150s][info][gc,phases,start] GC(204) Post Compact
[63.151s][info][gc,phases      ] GC(204) Post Compact 1.739ms
[63.151s][info][gc,heap        ] GC(204) PSYoungGen: 33771K(77312K)->33771K(77312K) Eden: 24575K(24576K)->24575K(24576K) From: 9195K(52736K)->9195K(52736K)
[63.151s][info][gc,heap        ] GC(204) ParOldGen: 334949K(341504K)->334949K(341504K)
[63.151s][info][gc,metaspace   ] GC(204) Metaspace: 6298K(6464K)->6298K(6464K) NonClass: 5764K(5824K)->5764K(5824K) Class: 533K(640K)->533K(640K)
[63.151s][info][gc             ] GC(204) Pause Full (Ergonomics) 360M->360M(409M) 369.158ms
[63.151s][info][gc,cpu         ] GC(204) User=0.36s Sys=0.00s Real=0.37s
[63.152s][info][gc,start       ] GC(205) Pause Full (Ergonomics)
[63.152s][info][gc,phases,start] GC(205) Marking Phase
[63.428s][info][gc,phases      ] GC(205) Marking Phase 276.723ms
[63.429s][info][gc,phases,start] GC(205) Summary Phase
[63.429s][info][gc,phases      ] GC(205) Summary Phase 0.023ms
[63.429s][info][gc,phases,start] GC(205) Adjust Roots
[63.429s][info][gc,phases      ] GC(205) Adjust Roots 0.186ms
[63.429s][info][gc,phases,start] GC(205) Compaction Phase
[63.525s][info][gc,phases      ] GC(205) Compaction Phase 95.920ms
[63.525s][info][gc,phases,start] GC(205) Post Compact
[63.526s][info][gc,phases      ] GC(205) Post Compact 1.643ms
[63.527s][info][gc,heap        ] GC(205) PSYoungGen: 33771K(77312K)->33771K(77312K) Eden: 24575K(24576K)->24575K(24576K) From: 9195K(52736K)->9195K(52736K)
[63.527s][info][gc,heap        ] GC(205) ParOldGen: 334954K(341504K)->334954K(341504K)
[63.527s][info][gc,metaspace   ] GC(205) Metaspace: 6298K(6464K)->6298K(6464K) NonClass: 5764K(5824K)->5764K(5824K) Class: 533K(640K)->533K(640K)
[63.527s][info][gc             ] GC(205) Pause Full (Ergonomics) 360M->360M(409M) 374.827ms
[63.527s][info][gc,cpu         ] GC(205) User=0.34s Sys=0.00s Real=0.37s
[63.527s][info][gc,start       ] GC(206) Pause Full (Ergonomics)
[63.527s][info][gc,phases,start] GC(206) Marking Phase
[63.849s][info][gc,phases      ] GC(206) Marking Phase 322.627ms
[63.850s][info][gc,phases,start] GC(206) Summary Phase
[63.850s][info][gc,phases      ] GC(206) Summary Phase 0.023ms
[63.850s][info][gc,phases,start] GC(206) Adjust Roots
[63.850s][info][gc,phases      ] GC(206) Adjust Roots 0.270ms
[63.850s][info][gc,phases,start] GC(206) Compaction Phase
[63.951s][info][gc,phases      ] GC(206) Compaction Phase 101.297ms
[63.951s][info][gc,phases,start] GC(206) Post Compact
[63.953s][info][gc,phases      ] GC(206) Post Compact 1.498ms
[63.953s][info][gc,heap        ] GC(206) PSYoungGen: 33771K(77312K)->33771K(77312K) Eden: 24575K(24576K)->24575K(24576K) From: 9195K(52736K)->9195K(52736K)
[63.953s][info][gc,heap        ] GC(206) ParOldGen: 334959K(341504K)->334959K(341504K)
[63.953s][info][gc,metaspace   ] GC(206) Metaspace: 6298K(6464K)->6298K(6464K) NonClass: 5764K(5824K)->5764K(5824K) Class: 533K(640K)->533K(640K)
[63.953s][info][gc             ] GC(206) Pause Full (Ergonomics) 360M->360M(409M) 426.072ms
[63.953s][info][gc,cpu         ] GC(206) User=0.36s Sys=0.00s Real=0.43s
[63.953s][info][gc,start       ] GC(207) Pause Full (Ergonomics)
[63.953s][info][gc,phases,start] GC(207) Marking Phase
[64.236s][info][gc,phases      ] GC(207) Marking Phase 283.124ms
[64.237s][info][gc,phases,start] GC(207) Summary Phase
[64.237s][info][gc,phases      ] GC(207) Summary Phase 0.029ms
[64.237s][info][gc,phases,start] GC(207) Adjust Roots
[64.237s][info][gc,phases      ] GC(207) Adjust Roots 0.199ms
[64.237s][info][gc,phases,start] GC(207) Compaction Phase
[64.333s][info][gc,phases      ] GC(207) Compaction Phase 96.329ms
[64.333s][info][gc,phases,start] GC(207) Post Compact
[64.335s][info][gc,phases      ] GC(207) Post Compact 1.681ms
[64.335s][info][gc,heap        ] GC(207) PSYoungGen: 33771K(77312K)->33771K(77312K) Eden: 24575K(24576K)->24575K(24576K) From: 9195K(52736K)->9195K(52736K)
[64.335s][info][gc,heap        ] GC(207) ParOldGen: 334963K(341504K)->334963K(341504K)
[64.335s][info][gc,metaspace   ] GC(207) Metaspace: 6298K(6464K)->6298K(6464K) NonClass: 5764K(5824K)->5764K(5824K) Class: 533K(640K)->533K(640K)
[64.335s][info][gc             ] GC(207) Pause Full (Ergonomics) 360M->360M(409M) 381.769ms
[64.335s][info][gc,cpu         ] GC(207) User=0.34s Sys=0.00s Real=0.38s
[64.335s][info][gc,start       ] GC(208) Pause Full (Ergonomics)
[64.335s][info][gc,phases,start] GC(208) Marking Phase
[64.612s][info][gc,phases      ] GC(208) Marking Phase 277.226ms
[64.613s][info][gc,phases,start] GC(208) Summary Phase
[64.613s][info][gc,phases      ] GC(208) Summary Phase 0.023ms
[64.613s][info][gc,phases,start] GC(208) Adjust Roots
[64.613s][info][gc,phases      ] GC(208) Adjust Roots 0.217ms
[64.613s][info][gc,phases,start] GC(208) Compaction Phase
[64.709s][info][gc,phases      ] GC(208) Compaction Phase 96.604ms
[64.710s][info][gc,phases,start] GC(208) Post Compact
[64.711s][info][gc,phases      ] GC(208) Post Compact 1.812ms
[64.711s][info][gc,heap        ] GC(208) PSYoungGen: 33771K(77312K)->33771K(77312K) Eden: 24575K(24576K)->24575K(24576K) From: 9195K(52736K)->9195K(52736K)
[64.711s][info][gc,heap        ] GC(208) ParOldGen: 334968K(341504K)->334968K(341504K)
[64.712s][info][gc,metaspace   ] GC(208) Metaspace: 6298K(6464K)->6298K(6464K) NonClass: 5764K(5824K)->5764K(5824K) Class: 533K(640K)->533K(640K)
[64.712s][info][gc             ] GC(208) Pause Full (Ergonomics) 360M->360M(409M) 376.304ms
[64.712s][info][gc,cpu         ] GC(208) User=0.34s Sys=0.00s Real=0.38s
[64.712s][info][gc,start       ] GC(209) Pause Full (Ergonomics)
[64.712s][info][gc,phases,start] GC(209) Marking Phase
[64.988s][info][gc,phases      ] GC(209) Marking Phase 276.581ms
[64.988s][info][gc,phases,start] GC(209) Summary Phase
[64.988s][info][gc,phases      ] GC(209) Summary Phase 0.023ms
[64.989s][info][gc,phases,start] GC(209) Adjust Roots
[64.989s][info][gc,phases      ] GC(209) Adjust Roots 0.201ms
[64.989s][info][gc,phases,start] GC(209) Compaction Phase
[65.085s][info][gc,phases      ] GC(209) Compaction Phase 96.277ms
[65.085s][info][gc,phases,start] GC(209) Post Compact
[65.087s][info][gc,phases      ] GC(209) Post Compact 1.650ms
[65.087s][info][gc,heap        ] GC(209) PSYoungGen: 33771K(77312K)->33771K(77312K) Eden: 24575K(24576K)->24575K(24576K) From: 9195K(52736K)->9195K(52736K)
[65.087s][info][gc,heap        ] GC(209) ParOldGen: 334973K(341504K)->334973K(341504K)
[65.087s][info][gc,metaspace   ] GC(209) Metaspace: 6298K(6464K)->6298K(6464K) NonClass: 5764K(5824K)->5764K(5824K) Class: 533K(640K)->533K(640K)
[65.087s][info][gc             ] GC(209) Pause Full (Ergonomics) 360M->360M(409M) 375.148ms
[65.087s][info][gc,cpu         ] GC(209) User=0.36s Sys=0.00s Real=0.38s
[65.087s][info][gc,start       ] GC(210) Pause Full (Ergonomics)
[65.087s][info][gc,phases,start] GC(210) Marking Phase
[65.364s][info][gc,phases      ] GC(210) Marking Phase 277.035ms
[65.364s][info][gc,phases,start] GC(210) Summary Phase
[65.364s][info][gc,phases      ] GC(210) Summary Phase 0.023ms
[65.364s][info][gc,phases,start] GC(210) Adjust Roots
[65.365s][info][gc,phases      ] GC(210) Adjust Roots 0.199ms
[65.365s][info][gc,phases,start] GC(210) Compaction Phase
[65.460s][info][gc,phases      ] GC(210) Compaction Phase 95.487ms
[65.460s][info][gc,phases,start] GC(210) Post Compact
[65.462s][info][gc,phases      ] GC(210) Post Compact 1.678ms
[65.462s][info][gc,heap        ] GC(210) PSYoungGen: 33771K(77312K)->33771K(77312K) Eden: 24575K(24576K)->24575K(24576K) From: 9195K(52736K)->9195K(52736K)
[65.462s][info][gc,heap        ] GC(210) ParOldGen: 334977K(341504K)->334977K(341504K)
[65.462s][info][gc,metaspace   ] GC(210) Metaspace: 6298K(6464K)->6298K(6464K) NonClass: 5764K(5824K)->5764K(5824K) Class: 533K(640K)->533K(640K)
[65.462s][info][gc             ] GC(210) Pause Full (Ergonomics) 360M->360M(409M) 374.805ms
[65.462s][info][gc,cpu         ] GC(210) User=0.36s Sys=0.00s Real=0.38s
[65.462s][info][gc,start       ] GC(211) Pause Full (Ergonomics)
[65.462s][info][gc,phases,start] GC(211) Marking Phase
[65.741s][info][gc,phases      ] GC(211) Marking Phase 278.770ms
[65.741s][info][gc,phases,start] GC(211) Summary Phase
[65.741s][info][gc,phases      ] GC(211) Summary Phase 0.034ms
[65.741s][info][gc,phases,start] GC(211) Adjust Roots
[65.741s][info][gc,phases      ] GC(211) Adjust Roots 0.262ms
[65.742s][info][gc,phases,start] GC(211) Compaction Phase
[65.838s][info][gc,phases      ] GC(211) Compaction Phase 96.430ms
[65.838s][info][gc,phases,start] GC(211) Post Compact
[65.840s][info][gc,phases      ] GC(211) Post Compact 1.522ms
[65.840s][info][gc,heap        ] GC(211) PSYoungGen: 33771K(77312K)->33771K(77312K) Eden: 24575K(24576K)->24575K(24576K) From: 9195K(52736K)->9195K(52736K)
[65.840s][info][gc,heap        ] GC(211) ParOldGen: 334982K(341504K)->334982K(341504K)
[65.840s][info][gc,metaspace   ] GC(211) Metaspace: 6298K(6464K)->6298K(6464K) NonClass: 5764K(5824K)->5764K(5824K) Class: 533K(640K)->533K(640K)
[65.840s][info][gc             ] GC(211) Pause Full (Ergonomics) 360M->360M(409M) 377.406ms
[65.840s][info][gc,cpu         ] GC(211) User=0.34s Sys=0.00s Real=0.38s
[65.840s][info][gc,start       ] GC(212) Pause Full (Ergonomics)
[65.840s][info][gc,phases,start] GC(212) Marking Phase
[66.115s][info][gc,phases      ] GC(212) Marking Phase 275.505ms
[66.116s][info][gc,phases,start] GC(212) Summary Phase
[66.116s][info][gc,phases      ] GC(212) Summary Phase 0.036ms
[66.116s][info][gc,phases,start] GC(212) Adjust Roots
[66.116s][info][gc,phases      ] GC(212) Adjust Roots 0.252ms
[66.116s][info][gc,phases,start] GC(212) Compaction Phase
[66.214s][info][gc,phases      ] GC(212) Compaction Phase 98.117ms
[66.214s][info][gc,phases,start] GC(212) Post Compact
[66.216s][info][gc,phases      ] GC(212) Post Compact 1.512ms
[66.216s][info][gc,heap        ] GC(212) PSYoungGen: 33771K(77312K)->33771K(77312K) Eden: 24575K(24576K)->24575K(24576K) From: 9195K(52736K)->9195K(52736K)
[66.216s][info][gc,heap        ] GC(212) ParOldGen: 334987K(341504K)->334987K(341504K)
[66.216s][info][gc,metaspace   ] GC(212) Metaspace: 6298K(6464K)->6298K(6464K) NonClass: 5764K(5824K)->5764K(5824K) Class: 533K(640K)->533K(640K)
[66.216s][info][gc             ] GC(212) Pause Full (Ergonomics) 360M->360M(409M) 375.808ms
[66.216s][info][gc,cpu         ] GC(212) User=0.33s Sys=0.00s Real=0.38s
[66.216s][info][gc,start       ] GC(213) Pause Full (Ergonomics)
[66.216s][info][gc,phases,start] GC(213) Marking Phase
[66.501s][info][gc,phases      ] GC(213) Marking Phase 284.543ms
[66.501s][info][gc,phases,start] GC(213) Summary Phase
[66.501s][info][gc,phases      ] GC(213) Summary Phase 0.034ms
[66.501s][info][gc,phases,start] GC(213) Adjust Roots
[66.501s][info][gc,phases      ] GC(213) Adjust Roots 0.258ms
[66.501s][info][gc,phases,start] GC(213) Compaction Phase
[66.597s][info][gc,phases      ] GC(213) Compaction Phase 96.218ms
[66.597s][info][gc,phases,start] GC(213) Post Compact
[66.599s][info][gc,phases      ] GC(213) Post Compact 1.526ms
[66.599s][info][gc,heap        ] GC(213) PSYoungGen: 33771K(77312K)->33771K(77312K) Eden: 24575K(24576K)->24575K(24576K) From: 9195K(52736K)->9195K(52736K)
[66.599s][info][gc,heap        ] GC(213) ParOldGen: 334991K(341504K)->334991K(341504K)
[66.599s][info][gc,metaspace   ] GC(213) Metaspace: 6298K(6464K)->6298K(6464K) NonClass: 5764K(5824K)->5764K(5824K) Class: 533K(640K)->533K(640K)
[66.599s][info][gc             ] GC(213) Pause Full (Ergonomics) 360M->360M(409M) 382.977ms
[66.599s][info][gc,cpu         ] GC(213) User=0.34s Sys=0.00s Real=0.38s
[66.599s][info][gc,start       ] GC(214) Pause Full (Ergonomics)
[66.599s][info][gc,phases,start] GC(214) Marking Phase
[66.879s][info][gc,phases      ] GC(214) Marking Phase 279.930ms
[66.879s][info][gc,phases,start] GC(214) Summary Phase
[66.879s][info][gc,phases      ] GC(214) Summary Phase 0.035ms
[66.879s][info][gc,phases,start] GC(214) Adjust Roots
[66.880s][info][gc,phases      ] GC(214) Adjust Roots 0.238ms
[66.880s][info][gc,phases,start] GC(214) Compaction Phase
[66.977s][info][gc,phases      ] GC(214) Compaction Phase 97.305ms
[66.977s][info][gc,phases,start] GC(214) Post Compact
[66.979s][info][gc,phases      ] GC(214) Post Compact 1.538ms
[66.979s][info][gc,heap        ] GC(214) PSYoungGen: 33771K(77312K)->33771K(77312K) Eden: 24575K(24576K)->24575K(24576K) From: 9195K(52736K)->9195K(52736K)
[66.979s][info][gc,heap        ] GC(214) ParOldGen: 334996K(341504K)->334996K(341504K)
[66.979s][info][gc,metaspace   ] GC(214) Metaspace: 6298K(6464K)->6298K(6464K) NonClass: 5764K(5824K)->5764K(5824K) Class: 533K(640K)->533K(640K)
[66.979s][info][gc             ] GC(214) Pause Full (Ergonomics) 360M->360M(409M) 379.451ms
[66.979s][info][gc,cpu         ] GC(214) User=0.38s Sys=0.00s Real=0.38s
[66.979s][info][gc,start       ] GC(215) Pause Full (Ergonomics)
[66.979s][info][gc,phases,start] GC(215) Marking Phase
[67.254s][info][gc,phases      ] GC(215) Marking Phase 274.948ms
[67.254s][info][gc,phases,start] GC(215) Summary Phase
[67.254s][info][gc,phases      ] GC(215) Summary Phase 0.023ms
[67.254s][info][gc,phases,start] GC(215) Adjust Roots
[67.255s][info][gc,phases      ] GC(215) Adjust Roots 0.198ms
[67.255s][info][gc,phases,start] GC(215) Compaction Phase
[67.350s][info][gc,phases      ] GC(215) Compaction Phase 95.213ms
[67.350s][info][gc,phases,start] GC(215) Post Compact
[67.352s][info][gc,phases      ] GC(215) Post Compact 1.581ms
[67.352s][info][gc,heap        ] GC(215) PSYoungGen: 33771K(77312K)->33771K(77312K) Eden: 24575K(24576K)->24575K(24576K) From: 9195K(52736K)->9195K(52736K)
[67.352s][info][gc,heap        ] GC(215) ParOldGen: 335001K(341504K)->335001K(341504K)
[67.352s][info][gc,metaspace   ] GC(215) Metaspace: 6298K(6464K)->6298K(6464K) NonClass: 5764K(5824K)->5764K(5824K) Class: 533K(640K)->533K(640K)
[67.352s][info][gc             ] GC(215) Pause Full (Ergonomics) 360M->360M(409M) 372.330ms
[67.352s][info][gc,cpu         ] GC(215) User=0.33s Sys=0.03s Real=0.37s
[67.352s][info][gc,start       ] GC(216) Pause Full (Ergonomics)
[67.352s][info][gc,phases,start] GC(216) Marking Phase
[67.632s][info][gc,phases      ] GC(216) Marking Phase 279.808ms
[67.632s][info][gc,phases,start] GC(216) Summary Phase
[67.632s][info][gc,phases      ] GC(216) Summary Phase 0.023ms
[67.632s][info][gc,phases,start] GC(216) Adjust Roots
[67.632s][info][gc,phases      ] GC(216) Adjust Roots 0.352ms
[67.632s][info][gc,phases,start] GC(216) Compaction Phase
[67.731s][info][gc,phases      ] GC(216) Compaction Phase 98.202ms
[67.731s][info][gc,phases,start] GC(216) Post Compact
[67.732s][info][gc,phases      ] GC(216) Post Compact 1.787ms
[67.732s][info][gc,heap        ] GC(216) PSYoungGen: 33771K(77312K)->33771K(77312K) Eden: 24575K(24576K)->24575K(24576K) From: 9195K(52736K)->9195K(52736K)
[67.732s][info][gc,heap        ] GC(216) ParOldGen: 335005K(341504K)->335005K(341504K)
[67.732s][info][gc,metaspace   ] GC(216) Metaspace: 6298K(6464K)->6298K(6464K) NonClass: 5764K(5824K)->5764K(5824K) Class: 533K(640K)->533K(640K)
[67.732s][info][gc             ] GC(216) Pause Full (Ergonomics) 360M->360M(409M) 380.527ms
[67.733s][info][gc,cpu         ] GC(216) User=0.34s Sys=0.00s Real=0.38s
[67.733s][info][gc,start       ] GC(217) Pause Full (Ergonomics)
[67.733s][info][gc,phases,start] GC(217) Marking Phase
[68.009s][info][gc,phases      ] GC(217) Marking Phase 276.199ms
[68.009s][info][gc,phases,start] GC(217) Summary Phase
[68.009s][info][gc,phases      ] GC(217) Summary Phase 0.024ms
[68.009s][info][gc,phases,start] GC(217) Adjust Roots
[68.009s][info][gc,phases      ] GC(217) Adjust Roots 0.192ms
[68.009s][info][gc,phases,start] GC(217) Compaction Phase
[68.131s][info][gc,phases      ] GC(217) Compaction Phase 121.525ms
[68.131s][info][gc,phases,start] GC(217) Post Compact
[68.134s][info][gc,phases      ] GC(217) Post Compact 2.773ms
[68.134s][info][gc,heap        ] GC(217) PSYoungGen: 33771K(77312K)->33771K(77312K) Eden: 24575K(24576K)->24575K(24576K) From: 9195K(52736K)->9195K(52736K)
[68.134s][info][gc,heap        ] GC(217) ParOldGen: 335010K(341504K)->335010K(341504K)
[68.134s][info][gc,metaspace   ] GC(217) Metaspace: 6298K(6464K)->6298K(6464K) NonClass: 5764K(5824K)->5764K(5824K) Class: 533K(640K)->533K(640K)
[68.134s][info][gc             ] GC(217) Pause Full (Ergonomics) 360M->360M(409M) 401.114ms
[68.134s][info][gc,cpu         ] GC(217) User=0.38s Sys=0.00s Real=0.40s
[68.136s][info][gc,start       ] GC(218) Pause Full (Ergonomics)
[68.136s][info][gc,phases,start] GC(218) Marking Phase
[68.508s][info][gc,phases      ] GC(218) Marking Phase 371.603ms
[68.508s][info][gc,phases,start] GC(218) Summary Phase
[68.508s][info][gc,phases      ] GC(218) Summary Phase 0.021ms
[68.508s][info][gc,phases,start] GC(218) Adjust Roots
[68.508s][info][gc,phases      ] GC(218) Adjust Roots 0.228ms
[68.508s][info][gc,phases,start] GC(218) Compaction Phase
[68.616s][info][gc,phases      ] GC(218) Compaction Phase 107.430ms
[68.616s][info][gc,phases,start] GC(218) Post Compact
[68.618s][info][gc,phases      ] GC(218) Post Compact 2.087ms
[68.618s][info][gc,heap        ] GC(218) PSYoungGen: 33771K(77312K)->33771K(77312K) Eden: 24575K(24576K)->24575K(24576K) From: 9195K(52736K)->9195K(52736K)
[68.618s][info][gc,heap        ] GC(218) ParOldGen: 335015K(341504K)->335015K(341504K)
[68.618s][info][gc,metaspace   ] GC(218) Metaspace: 6298K(6464K)->6298K(6464K) NonClass: 5764K(5824K)->5764K(5824K) Class: 533K(640K)->533K(640K)
[68.618s][info][gc             ] GC(218) Pause Full (Ergonomics) 360M->360M(409M) 481.861ms
[68.618s][info][gc,cpu         ] GC(218) User=0.39s Sys=0.00s Real=0.48s
[68.618s][info][gc,start       ] GC(219) Pause Full (Ergonomics)
[68.618s][info][gc,phases,start] GC(219) Marking Phase
[68.921s][info][gc,phases      ] GC(219) Marking Phase 302.818ms
[68.921s][info][gc,phases,start] GC(219) Summary Phase
[68.921s][info][gc,phases      ] GC(219) Summary Phase 0.022ms
[68.921s][info][gc,phases,start] GC(219) Adjust Roots
[68.922s][info][gc,phases      ] GC(219) Adjust Roots 0.291ms
[68.922s][info][gc,phases,start] GC(219) Compaction Phase
[69.030s][info][gc,phases      ] GC(219) Compaction Phase 108.392ms
[69.030s][info][gc,phases,start] GC(219) Post Compact
[69.032s][info][gc,phases      ] GC(219) Post Compact 1.537ms
[69.032s][info][gc,heap        ] GC(219) PSYoungGen: 33771K(77312K)->33771K(77312K) Eden: 24575K(24576K)->24575K(24576K) From: 9195K(52736K)->9195K(52736K)
[69.032s][info][gc,heap        ] GC(219) ParOldGen: 335019K(341504K)->335019K(341504K)
[69.032s][info][gc,metaspace   ] GC(219) Metaspace: 6298K(6464K)->6298K(6464K) NonClass: 5764K(5824K)->5764K(5824K) Class: 533K(640K)->533K(640K)
[69.032s][info][gc             ] GC(219) Pause Full (Ergonomics) 360M->360M(409M) 413.453ms
[69.032s][info][gc,cpu         ] GC(219) User=0.36s Sys=0.00s Real=0.41s
[69.032s][info][gc,start       ] GC(220) Pause Full (Ergonomics)
[69.032s][info][gc,phases,start] GC(220) Marking Phase
[69.330s][info][gc,phases      ] GC(220) Marking Phase 297.652ms
[69.330s][info][gc,phases,start] GC(220) Summary Phase
[69.330s][info][gc,phases      ] GC(220) Summary Phase 0.020ms
[69.330s][info][gc,phases,start] GC(220) Adjust Roots
[69.330s][info][gc,phases      ] GC(220) Adjust Roots 0.300ms
[69.330s][info][gc,phases,start] GC(220) Compaction Phase
[69.436s][info][gc,phases      ] GC(220) Compaction Phase 106.104ms
[69.437s][info][gc,phases,start] GC(220) Post Compact
[69.439s][info][gc,phases      ] GC(220) Post Compact 2.003ms
[69.439s][info][gc,heap        ] GC(220) PSYoungGen: 33771K(77312K)->33771K(77312K) Eden: 24575K(24576K)->24575K(24576K) From: 9195K(52736K)->9195K(52736K)
[69.439s][info][gc,heap        ] GC(220) ParOldGen: 335024K(341504K)->335024K(341504K)
[69.439s][info][gc,metaspace   ] GC(220) Metaspace: 6298K(6464K)->6298K(6464K) NonClass: 5764K(5824K)->5764K(5824K) Class: 533K(640K)->533K(640K)
[69.439s][info][gc             ] GC(220) Pause Full (Ergonomics) 360M->360M(409M) 406.556ms
[69.439s][info][gc,cpu         ] GC(220) User=0.38s Sys=0.00s Real=0.41s
[69.439s][info][gc,start       ] GC(221) Pause Full (Ergonomics)
[69.439s][info][gc,phases,start] GC(221) Marking Phase
[69.728s][info][gc,phases      ] GC(221) Marking Phase 288.559ms
[69.728s][info][gc,phases,start] GC(221) Summary Phase
[69.728s][info][gc,phases      ] GC(221) Summary Phase 0.026ms
[69.728s][info][gc,phases,start] GC(221) Adjust Roots
[69.728s][info][gc,phases      ] GC(221) Adjust Roots 0.331ms
[69.728s][info][gc,phases,start] GC(221) Compaction Phase
[69.844s][info][gc,phases      ] GC(221) Compaction Phase 115.728ms
[69.844s][info][gc,phases,start] GC(221) Post Compact
[69.846s][info][gc,phases      ] GC(221) Post Compact 2.052ms
[69.846s][info][gc,heap        ] GC(221) PSYoungGen: 33771K(77312K)->33771K(77312K) Eden: 24575K(24576K)->24575K(24576K) From: 9195K(52736K)->9195K(52736K)
[69.846s][info][gc,heap        ] GC(221) ParOldGen: 335029K(341504K)->335029K(341504K)
[69.846s][info][gc,metaspace   ] GC(221) Metaspace: 6298K(6464K)->6298K(6464K) NonClass: 5764K(5824K)->5764K(5824K) Class: 533K(640K)->533K(640K)
[69.846s][info][gc             ] GC(221) Pause Full (Ergonomics) 360M->360M(409M) 407.117ms
[69.846s][info][gc,cpu         ] GC(221) User=0.36s Sys=0.00s Real=0.41s
[69.847s][info][gc,start       ] GC(222) Pause Full (Ergonomics)
[69.847s][info][gc,phases,start] GC(222) Marking Phase
[70.166s][info][gc,phases      ] GC(222) Marking Phase 319.491ms
[70.166s][info][gc,phases,start] GC(222) Summary Phase
[70.166s][info][gc,phases      ] GC(222) Summary Phase 0.018ms
[70.166s][info][gc,phases,start] GC(222) Adjust Roots
[70.166s][info][gc,phases      ] GC(222) Adjust Roots 0.249ms
[70.167s][info][gc,phases,start] GC(222) Compaction Phase
[70.274s][info][gc,phases      ] GC(222) Compaction Phase 107.492ms
[70.274s][info][gc,phases,start] GC(222) Post Compact
[70.276s][info][gc,phases      ] GC(222) Post Compact 2.333ms
[70.277s][info][gc,heap        ] GC(222) PSYoungGen: 33771K(77312K)->33771K(77312K) Eden: 24575K(24576K)->24575K(24576K) From: 9195K(52736K)->9195K(52736K)
[70.277s][info][gc,heap        ] GC(222) ParOldGen: 335033K(341504K)->335033K(341504K)
[70.277s][info][gc,metaspace   ] GC(222) Metaspace: 6298K(6464K)->6298K(6464K) NonClass: 5764K(5824K)->5764K(5824K) Class: 533K(640K)->533K(640K)
[70.277s][info][gc             ] GC(222) Pause Full (Ergonomics) 360M->360M(409M) 429.964ms
[70.277s][info][gc,cpu         ] GC(222) User=0.38s Sys=0.00s Real=0.43s
[70.277s][info][gc,start       ] GC(223) Pause Full (Ergonomics)
[70.277s][info][gc,phases,start] GC(223) Marking Phase
[70.574s][info][gc,phases      ] GC(223) Marking Phase 296.810ms
[70.574s][info][gc,phases,start] GC(223) Summary Phase
[70.574s][info][gc,phases      ] GC(223) Summary Phase 0.019ms
[70.574s][info][gc,phases,start] GC(223) Adjust Roots
[70.574s][info][gc,phases      ] GC(223) Adjust Roots 0.232ms
[70.574s][info][gc,phases,start] GC(223) Compaction Phase
[70.688s][info][gc,phases      ] GC(223) Compaction Phase 113.694ms
[70.688s][info][gc,phases,start] GC(223) Post Compact
[70.690s][info][gc,phases      ] GC(223) Post Compact 1.994ms
[70.690s][info][gc,heap        ] GC(223) PSYoungGen: 33771K(77312K)->33771K(77312K) Eden: 24575K(24576K)->24575K(24576K) From: 9195K(52736K)->9195K(52736K)
[70.690s][info][gc,heap        ] GC(223) ParOldGen: 335038K(341504K)->335038K(341504K)
[70.690s][info][gc,metaspace   ] GC(223) Metaspace: 6298K(6464K)->6298K(6464K) NonClass: 5764K(5824K)->5764K(5824K) Class: 533K(640K)->533K(640K)
[70.690s][info][gc             ] GC(223) Pause Full (Ergonomics) 360M->360M(409M) 413.078ms
[70.690s][info][gc,cpu         ] GC(223) User=0.38s Sys=0.00s Real=0.41s
[70.690s][info][gc,start       ] GC(224) Pause Full (Ergonomics)
[70.690s][info][gc,phases,start] GC(224) Marking Phase
[70.980s][info][gc,phases      ] GC(224) Marking Phase 289.380ms
[70.980s][info][gc,phases,start] GC(224) Summary Phase
[70.980s][info][gc,phases      ] GC(224) Summary Phase 0.021ms
[70.980s][info][gc,phases,start] GC(224) Adjust Roots
[70.980s][info][gc,phases      ] GC(224) Adjust Roots 0.197ms
[70.980s][info][gc,phases,start] GC(224) Compaction Phase
[71.091s][info][gc,phases      ] GC(224) Compaction Phase 111.522ms
[71.091s][info][gc,phases,start] GC(224) Post Compact
[71.093s][info][gc,phases      ] GC(224) Post Compact 1.863ms
[71.093s][info][gc,heap        ] GC(224) PSYoungGen: 33771K(77312K)->33771K(77312K) Eden: 24575K(24576K)->24575K(24576K) From: 9195K(52736K)->9195K(52736K)
[71.093s][info][gc,heap        ] GC(224) ParOldGen: 335043K(341504K)->335043K(341504K)
[71.093s][info][gc,metaspace   ] GC(224) Metaspace: 6298K(6464K)->6298K(6464K) NonClass: 5764K(5824K)->5764K(5824K) Class: 533K(640K)->533K(640K)
[71.094s][info][gc             ] GC(224) Pause Full (Ergonomics) 360M->360M(409M) 403.388ms
[71.094s][info][gc,cpu         ] GC(224) User=0.39s Sys=0.00s Real=0.40s
[71.094s][info][gc,start       ] GC(225) Pause Full (Ergonomics)
[71.094s][info][gc,phases,start] GC(225) Marking Phase
[71.429s][info][gc,phases      ] GC(225) Marking Phase 335.615ms
[71.429s][info][gc,phases,start] GC(225) Summary Phase
[71.429s][info][gc,phases      ] GC(225) Summary Phase 0.021ms
[71.430s][info][gc,phases,start] GC(225) Adjust Roots
[71.430s][info][gc,phases      ] GC(225) Adjust Roots 0.235ms
[71.430s][info][gc,phases,start] GC(225) Compaction Phase
[71.544s][info][gc,phases      ] GC(225) Compaction Phase 114.244ms
[71.544s][info][gc,phases,start] GC(225) Post Compact
[71.547s][info][gc,phases      ] GC(225) Post Compact 2.553ms
[71.547s][info][gc,heap        ] GC(225) PSYoungGen: 33771K(77312K)->33771K(77312K) Eden: 24575K(24576K)->24575K(24576K) From: 9195K(52736K)->9195K(52736K)
[71.547s][info][gc,heap        ] GC(225) ParOldGen: 335047K(341504K)->335047K(341504K)
[71.547s][info][gc,metaspace   ] GC(225) Metaspace: 6298K(6464K)->6298K(6464K) NonClass: 5764K(5824K)->5764K(5824K) Class: 533K(640K)->533K(640K)
[71.547s][info][gc             ] GC(225) Pause Full (Ergonomics) 360M->360M(409M) 453.054ms
[71.547s][info][gc,cpu         ] GC(225) User=0.39s Sys=0.00s Real=0.45s
[71.547s][info][gc,start       ] GC(226) Pause Full (Ergonomics)
[71.547s][info][gc,phases,start] GC(226) Marking Phase
[71.951s][info][gc,phases      ] GC(226) Marking Phase 403.887ms
[71.951s][info][gc,phases,start] GC(226) Summary Phase
[71.951s][info][gc,phases      ] GC(226) Summary Phase 0.019ms
[71.951s][info][gc,phases,start] GC(226) Adjust Roots
[71.951s][info][gc,phases      ] GC(226) Adjust Roots 0.227ms
[71.951s][info][gc,phases,start] GC(226) Compaction Phase
[72.089s][info][gc,phases      ] GC(226) Compaction Phase 137.450ms
[72.089s][info][gc,phases,start] GC(226) Post Compact
[72.091s][info][gc,phases      ] GC(226) Post Compact 2.592ms
[72.092s][info][gc,heap        ] GC(226) PSYoungGen: 33771K(77312K)->33771K(77312K) Eden: 24575K(24576K)->24575K(24576K) From: 9195K(52736K)->9195K(52736K)
[72.092s][info][gc,heap        ] GC(226) ParOldGen: 335052K(341504K)->335052K(341504K)
[72.092s][info][gc,metaspace   ] GC(226) Metaspace: 6298K(6464K)->6298K(6464K) NonClass: 5764K(5824K)->5764K(5824K) Class: 533K(640K)->533K(640K)
[72.092s][info][gc             ] GC(226) Pause Full (Ergonomics) 360M->360M(409M) 544.623ms
[72.092s][info][gc,cpu         ] GC(226) User=0.38s Sys=0.05s Real=0.54s
[72.092s][info][gc,start       ] GC(227) Pause Full (Ergonomics)
[72.092s][info][gc,phases,start] GC(227) Marking Phase
[72.478s][info][gc,phases      ] GC(227) Marking Phase 385.992ms
[72.478s][info][gc,phases,start] GC(227) Summary Phase
[72.478s][info][gc,phases      ] GC(227) Summary Phase 0.022ms
[72.478s][info][gc,phases,start] GC(227) Adjust Roots
[72.479s][info][gc,phases      ] GC(227) Adjust Roots 0.381ms
[72.479s][info][gc,phases,start] GC(227) Compaction Phase
[72.595s][info][gc,phases      ] GC(227) Compaction Phase 116.864ms
[72.596s][info][gc,phases,start] GC(227) Post Compact
[72.597s][info][gc,phases      ] GC(227) Post Compact 1.528ms
[72.597s][info][gc,heap        ] GC(227) PSYoungGen: 33771K(77312K)->33771K(77312K) Eden: 24575K(24576K)->24575K(24576K) From: 9195K(52736K)->9195K(52736K)
[72.597s][info][gc,heap        ] GC(227) ParOldGen: 335057K(341504K)->335057K(341504K)
[72.597s][info][gc,metaspace   ] GC(227) Metaspace: 6298K(6464K)->6298K(6464K) NonClass: 5764K(5824K)->5764K(5824K) Class: 533K(640K)->533K(640K)
[72.597s][info][gc             ] GC(227) Pause Full (Ergonomics) 360M->360M(409M) 505.206ms
[72.597s][info][gc,cpu         ] GC(227) User=0.36s Sys=0.00s Real=0.50s
[72.598s][info][gc,start       ] GC(228) Pause Full (Ergonomics)
[72.598s][info][gc,phases,start] GC(228) Marking Phase
[72.929s][info][gc,phases      ] GC(228) Marking Phase 331.629ms
[72.929s][info][gc,phases,start] GC(228) Summary Phase
[72.929s][info][gc,phases      ] GC(228) Summary Phase 0.018ms
[72.929s][info][gc,phases,start] GC(228) Adjust Roots
[72.930s][info][gc,phases      ] GC(228) Adjust Roots 0.296ms
[72.930s][info][gc,phases,start] GC(228) Compaction Phase
[73.059s][info][gc,phases      ] GC(228) Compaction Phase 129.481ms
[73.059s][info][gc,phases,start] GC(228) Post Compact
[73.062s][info][gc,phases      ] GC(228) Post Compact 2.585ms
[73.062s][info][gc,heap        ] GC(228) PSYoungGen: 33771K(77312K)->33771K(77312K) Eden: 24575K(24576K)->24575K(24576K) From: 9195K(52736K)->9195K(52736K)
[73.062s][info][gc,heap        ] GC(228) ParOldGen: 335061K(341504K)->335061K(341504K)
[73.062s][info][gc,metaspace   ] GC(228) Metaspace: 6298K(6464K)->6298K(6464K) NonClass: 5764K(5824K)->5764K(5824K) Class: 533K(640K)->533K(640K)
[73.062s][info][gc             ] GC(228) Pause Full (Ergonomics) 360M->360M(409M) 464.548ms
[73.062s][info][gc,cpu         ] GC(228) User=0.39s Sys=0.00s Real=0.47s
[73.062s][info][gc,start       ] GC(229) Pause Full (Ergonomics)
[73.062s][info][gc,phases,start] GC(229) Marking Phase
[73.412s][info][gc,phases      ] GC(229) Marking Phase 349.135ms
[73.412s][info][gc,phases,start] GC(229) Summary Phase
[73.412s][info][gc,phases      ] GC(229) Summary Phase 0.026ms
[73.412s][info][gc,phases,start] GC(229) Adjust Roots
[73.412s][info][gc,phases      ] GC(229) Adjust Roots 0.252ms
[73.412s][info][gc,phases,start] GC(229) Compaction Phase
[73.522s][info][gc,phases      ] GC(229) Compaction Phase 109.804ms
[73.522s][info][gc,phases,start] GC(229) Post Compact
[73.524s][info][gc,phases      ] GC(229) Post Compact 2.459ms
[73.524s][info][gc,heap        ] GC(229) PSYoungGen: 33771K(77312K)->33771K(77312K) Eden: 24575K(24576K)->24575K(24576K) From: 9195K(52736K)->9195K(52736K)
[73.524s][info][gc,heap        ] GC(229) ParOldGen: 335066K(341504K)->335066K(341504K)
[73.524s][info][gc,metaspace   ] GC(229) Metaspace: 6298K(6464K)->6298K(6464K) NonClass: 5764K(5824K)->5764K(5824K) Class: 533K(640K)->533K(640K)
[73.525s][info][gc             ] GC(229) Pause Full (Ergonomics) 360M->360M(409M) 462.142ms
[73.525s][info][gc,cpu         ] GC(229) User=0.38s Sys=0.00s Real=0.46s
[73.525s][info][gc,start       ] GC(230) Pause Full (Ergonomics)
[73.525s][info][gc,phases,start] GC(230) Marking Phase
[73.846s][info][gc,phases      ] GC(230) Marking Phase 320.986ms
[73.846s][info][gc,phases,start] GC(230) Summary Phase
[73.846s][info][gc,phases      ] GC(230) Summary Phase 0.018ms
[73.846s][info][gc,phases,start] GC(230) Adjust Roots
[73.846s][info][gc,phases      ] GC(230) Adjust Roots 0.235ms
[73.846s][info][gc,phases,start] GC(230) Compaction Phase
[73.954s][info][gc,phases      ] GC(230) Compaction Phase 108.234ms
[73.955s][info][gc,phases,start] GC(230) Post Compact
[73.957s][info][gc,phases      ] GC(230) Post Compact 2.105ms
[73.957s][info][gc,heap        ] GC(230) PSYoungGen: 33771K(77312K)->33771K(77312K) Eden: 24575K(24576K)->24575K(24576K) From: 9195K(52736K)->9195K(52736K)
[73.957s][info][gc,heap        ] GC(230) ParOldGen: 335071K(341504K)->335071K(341504K)
[73.957s][info][gc,metaspace   ] GC(230) Metaspace: 6298K(6464K)->6298K(6464K) NonClass: 5764K(5824K)->5764K(5824K) Class: 533K(640K)->533K(640K)
[73.957s][info][gc             ] GC(230) Pause Full (Ergonomics) 360M->360M(409M) 432.157ms
[73.957s][info][gc,cpu         ] GC(230) User=0.42s Sys=0.00s Real=0.43s
[73.957s][info][gc,start       ] GC(231) Pause Full (Ergonomics)
[73.957s][info][gc,phases,start] GC(231) Marking Phase
[74.253s][info][gc,phases      ] GC(231) Marking Phase 296.140ms
[74.253s][info][gc,phases,start] GC(231) Summary Phase
[74.253s][info][gc,phases      ] GC(231) Summary Phase 0.022ms
[74.253s][info][gc,phases,start] GC(231) Adjust Roots
[74.254s][info][gc,phases      ] GC(231) Adjust Roots 0.242ms
[74.254s][info][gc,phases,start] GC(231) Compaction Phase
[74.369s][info][gc,phases      ] GC(231) Compaction Phase 115.261ms
[74.369s][info][gc,phases,start] GC(231) Post Compact
[74.371s][info][gc,phases      ] GC(231) Post Compact 1.532ms
[74.371s][info][gc,heap        ] GC(231) PSYoungGen: 33771K(77312K)->33771K(77312K) Eden: 24575K(24576K)->24575K(24576K) From: 9195K(52736K)->9195K(52736K)
[74.371s][info][gc,heap        ] GC(231) ParOldGen: 335075K(341504K)->335075K(341504K)
[74.371s][info][gc,metaspace   ] GC(231) Metaspace: 6298K(6464K)->6298K(6464K) NonClass: 5764K(5824K)->5764K(5824K) Class: 533K(640K)->533K(640K)
[74.371s][info][gc             ] GC(231) Pause Full (Ergonomics) 360M->360M(409M) 413.541ms
[74.371s][info][gc,cpu         ] GC(231) User=0.41s Sys=0.00s Real=0.41s
[74.371s][info][gc,start       ] GC(232) Pause Full (Ergonomics)
[74.371s][info][gc,phases,start] GC(232) Marking Phase
[74.669s][info][gc,phases      ] GC(232) Marking Phase 297.814ms
[74.669s][info][gc,phases,start] GC(232) Summary Phase
[74.669s][info][gc,phases      ] GC(232) Summary Phase 0.052ms
[74.669s][info][gc,phases,start] GC(232) Adjust Roots
[74.669s][info][gc,phases      ] GC(232) Adjust Roots 0.196ms
[74.669s][info][gc,phases,start] GC(232) Compaction Phase
[74.776s][info][gc,phases      ] GC(232) Compaction Phase 106.405ms
[74.776s][info][gc,phases,start] GC(232) Post Compact
[74.778s][info][gc,phases      ] GC(232) Post Compact 2.216ms
[74.778s][info][gc,heap        ] GC(232) PSYoungGen: 33771K(77312K)->33771K(77312K) Eden: 24575K(24576K)->24575K(24576K) From: 9195K(52736K)->9195K(52736K)
[74.778s][info][gc,heap        ] GC(232) ParOldGen: 335080K(341504K)->335080K(341504K)
[74.778s][info][gc,metaspace   ] GC(232) Metaspace: 6298K(6464K)->6298K(6464K) NonClass: 5764K(5824K)->5764K(5824K) Class: 533K(640K)->533K(640K)
[74.778s][info][gc             ] GC(232) Pause Full (Ergonomics) 360M->360M(409M) 407.157ms
[74.778s][info][gc,cpu         ] GC(232) User=0.34s Sys=0.02s Real=0.41s
[74.778s][info][gc,start       ] GC(233) Pause Full (Ergonomics)
[74.779s][info][gc,phases,start] GC(233) Marking Phase
[75.093s][info][gc,phases      ] GC(233) Marking Phase 314.745ms
[75.093s][info][gc,phases,start] GC(233) Summary Phase
[75.093s][info][gc,phases      ] GC(233) Summary Phase 0.046ms
[75.093s][info][gc,phases,start] GC(233) Adjust Roots
[75.094s][info][gc,phases      ] GC(233) Adjust Roots 0.208ms
[75.094s][info][gc,phases,start] GC(233) Compaction Phase
[75.209s][info][gc,phases      ] GC(233) Compaction Phase 115.539ms
[75.209s][info][gc,phases,start] GC(233) Post Compact
[75.212s][info][gc,phases      ] GC(233) Post Compact 2.322ms
[75.212s][info][gc,heap        ] GC(233) PSYoungGen: 33771K(77312K)->33771K(77312K) Eden: 24575K(24576K)->24575K(24576K) From: 9195K(52736K)->9195K(52736K)
[75.212s][info][gc,heap        ] GC(233) ParOldGen: 335085K(341504K)->335085K(341504K)
[75.212s][info][gc,metaspace   ] GC(233) Metaspace: 6298K(6464K)->6298K(6464K) NonClass: 5764K(5824K)->5764K(5824K) Class: 533K(640K)->533K(640K)
[75.212s][info][gc             ] GC(233) Pause Full (Ergonomics) 360M->360M(409M) 433.353ms
[75.212s][info][gc,cpu         ] GC(233) User=0.39s Sys=0.00s Real=0.43s
[75.212s][info][gc,start       ] GC(234) Pause Full (Ergonomics)
[75.212s][info][gc,phases,start] GC(234) Marking Phase
[75.535s][info][gc,phases      ] GC(234) Marking Phase 322.487ms
[75.535s][info][gc,phases,start] GC(234) Summary Phase
[75.535s][info][gc,phases      ] GC(234) Summary Phase 0.018ms
[75.535s][info][gc,phases,start] GC(234) Adjust Roots
[75.535s][info][gc,phases      ] GC(234) Adjust Roots 0.251ms
[75.535s][info][gc,phases,start] GC(234) Compaction Phase
[75.649s][info][gc,phases      ] GC(234) Compaction Phase 113.630ms
[75.649s][info][gc,phases,start] GC(234) Post Compact
[75.651s][info][gc,phases      ] GC(234) Post Compact 2.091ms
[75.651s][info][gc,heap        ] GC(234) PSYoungGen: 33771K(77312K)->33771K(77312K) Eden: 24575K(24576K)->24575K(24576K) From: 9195K(52736K)->9195K(52736K)
[75.651s][info][gc,heap        ] GC(234) ParOldGen: 335089K(341504K)->335089K(341504K)
[75.651s][info][gc,metaspace   ] GC(234) Metaspace: 6298K(6464K)->6298K(6464K) NonClass: 5764K(5824K)->5764K(5824K) Class: 533K(640K)->533K(640K)
[75.651s][info][gc             ] GC(234) Pause Full (Ergonomics) 360M->360M(409M) 438.895ms
[75.651s][info][gc,cpu         ] GC(234) User=0.42s Sys=0.00s Real=0.44s
[75.651s][info][gc,start       ] GC(235) Pause Full (Ergonomics)
[75.651s][info][gc,phases,start] GC(235) Marking Phase
[75.941s][info][gc,phases      ] GC(235) Marking Phase 289.309ms
[75.941s][info][gc,phases,start] GC(235) Summary Phase
[75.941s][info][gc,phases      ] GC(235) Summary Phase 0.033ms
[75.941s][info][gc,phases,start] GC(235) Adjust Roots
[75.941s][info][gc,phases      ] GC(235) Adjust Roots 0.238ms
[75.941s][info][gc,phases,start] GC(235) Compaction Phase
[76.069s][info][gc,phases      ] GC(235) Compaction Phase 127.626ms
[76.069s][info][gc,phases,start] GC(235) Post Compact
[76.072s][info][gc,phases      ] GC(235) Post Compact 3.307ms
[76.072s][info][gc,heap        ] GC(235) PSYoungGen: 33771K(77312K)->33771K(77312K) Eden: 24575K(24576K)->24575K(24576K) From: 9195K(52736K)->9195K(52736K)
[76.072s][info][gc,heap        ] GC(235) ParOldGen: 335094K(341504K)->335094K(341504K)
[76.072s][info][gc,metaspace   ] GC(235) Metaspace: 6298K(6464K)->6298K(6464K) NonClass: 5764K(5824K)->5764K(5824K) Class: 533K(640K)->533K(640K)
[76.072s][info][gc             ] GC(235) Pause Full (Ergonomics) 360M->360M(409M) 420.964ms
[76.072s][info][gc,cpu         ] GC(235) User=0.42s Sys=0.00s Real=0.42s
[76.073s][info][gc,start       ] GC(236) Pause Full (Ergonomics)
[76.073s][info][gc,phases,start] GC(236) Marking Phase
[76.399s][info][gc,phases      ] GC(236) Marking Phase 326.754ms
[76.399s][info][gc,phases,start] GC(236) Summary Phase
[76.400s][info][gc,phases      ] GC(236) Summary Phase 0.018ms
[76.400s][info][gc,phases,start] GC(236) Adjust Roots
[76.400s][info][gc,phases      ] GC(236) Adjust Roots 0.233ms
[76.400s][info][gc,phases,start] GC(236) Compaction Phase
[76.513s][info][gc,phases      ] GC(236) Compaction Phase 113.445ms
[76.513s][info][gc,phases,start] GC(236) Post Compact
[76.515s][info][gc,phases      ] GC(236) Post Compact 1.974ms
[76.515s][info][gc,heap        ] GC(236) PSYoungGen: 33771K(77312K)->33771K(77312K) Eden: 24575K(24576K)->24575K(24576K) From: 9195K(52736K)->9195K(52736K)
[76.515s][info][gc,heap        ] GC(236) ParOldGen: 335099K(341504K)->335099K(341504K)
[76.515s][info][gc,metaspace   ] GC(236) Metaspace: 6298K(6464K)->6298K(6464K) NonClass: 5764K(5824K)->5764K(5824K) Class: 533K(640K)->533K(640K)
[76.515s][info][gc             ] GC(236) Pause Full (Ergonomics) 360M->360M(409M) 442.836ms
[76.516s][info][gc,cpu         ] GC(236) User=0.41s Sys=0.00s Real=0.44s
[76.516s][info][gc,start       ] GC(237) Pause Full (Ergonomics)
[76.516s][info][gc,phases,start] GC(237) Marking Phase
[76.812s][info][gc,phases      ] GC(237) Marking Phase 295.972ms
[76.812s][info][gc,phases,start] GC(237) Summary Phase
[76.812s][info][gc,phases      ] GC(237) Summary Phase 0.019ms
[76.812s][info][gc,phases,start] GC(237) Adjust Roots
[76.812s][info][gc,phases      ] GC(237) Adjust Roots 0.284ms
[76.812s][info][gc,phases,start] GC(237) Compaction Phase
[76.922s][info][gc,phases      ] GC(237) Compaction Phase 109.659ms
[76.922s][info][gc,phases,start] GC(237) Post Compact
[76.924s][info][gc,phases      ] GC(237) Post Compact 1.548ms
[76.924s][info][gc,heap        ] GC(237) PSYoungGen: 33771K(77312K)->33771K(77312K) Eden: 24575K(24576K)->24575K(24576K) From: 9195K(52736K)->9195K(52736K)
[76.924s][info][gc,heap        ] GC(237) ParOldGen: 335103K(341504K)->335103K(341504K)
[76.924s][info][gc,metaspace   ] GC(237) Metaspace: 6298K(6464K)->6298K(6464K) NonClass: 5764K(5824K)->5764K(5824K) Class: 533K(640K)->533K(640K)
[76.924s][info][gc             ] GC(237) Pause Full (Ergonomics) 360M->360M(409M) 407.827ms
[76.924s][info][gc,cpu         ] GC(237) User=0.38s Sys=0.00s Real=0.41s
[76.924s][info][gc,start       ] GC(238) Pause Full (Ergonomics)
[76.924s][info][gc,phases,start] GC(238) Marking Phase
[77.252s][info][gc,phases      ] GC(238) Marking Phase 328.115ms
[77.252s][info][gc,phases,start] GC(238) Summary Phase
[77.252s][info][gc,phases      ] GC(238) Summary Phase 0.027ms
[77.252s][info][gc,phases,start] GC(238) Adjust Roots
[77.252s][info][gc,phases      ] GC(238) Adjust Roots 0.255ms
[77.252s][info][gc,phases,start] GC(238) Compaction Phase
[77.364s][info][gc,phases      ] GC(238) Compaction Phase 111.124ms
[77.364s][info][gc,phases,start] GC(238) Post Compact
[77.366s][info][gc,phases      ] GC(238) Post Compact 1.873ms
[77.366s][info][gc,heap        ] GC(238) PSYoungGen: 33771K(77312K)->33771K(77312K) Eden: 24575K(24576K)->24575K(24576K) From: 9195K(52736K)->9195K(52736K)
[77.366s][info][gc,heap        ] GC(238) ParOldGen: 335108K(341504K)->335108K(341504K)
[77.366s][info][gc,metaspace   ] GC(238) Metaspace: 6298K(6464K)->6298K(6464K) NonClass: 5764K(5824K)->5764K(5824K) Class: 533K(640K)->533K(640K)
[77.366s][info][gc             ] GC(238) Pause Full (Ergonomics) 360M->360M(409M) 441.766ms
[77.366s][info][gc,cpu         ] GC(238) User=0.41s Sys=0.00s Real=0.44s
[77.366s][info][gc,start       ] GC(239) Pause Full (Ergonomics)
[77.366s][info][gc,phases,start] GC(239) Marking Phase
[77.674s][info][gc,phases      ] GC(239) Marking Phase 307.673ms
[77.674s][info][gc,phases,start] GC(239) Summary Phase
[77.674s][info][gc,phases      ] GC(239) Summary Phase 0.021ms
[77.674s][info][gc,phases,start] GC(239) Adjust Roots
[77.674s][info][gc,phases      ] GC(239) Adjust Roots 0.210ms
[77.674s][info][gc,phases,start] GC(239) Compaction Phase
[77.785s][info][gc,phases      ] GC(239) Compaction Phase 110.930ms
[77.785s][info][gc,phases,start] GC(239) Post Compact
[77.787s][info][gc,phases      ] GC(239) Post Compact 2.277ms
[77.787s][info][gc,heap        ] GC(239) PSYoungGen: 33771K(77312K)->33771K(77312K) Eden: 24575K(24576K)->24575K(24576K) From: 9195K(52736K)->9195K(52736K)
[77.787s][info][gc,heap        ] GC(239) ParOldGen: 335113K(341504K)->335113K(341504K)
[77.787s][info][gc,metaspace   ] GC(239) Metaspace: 6298K(6464K)->6298K(6464K) NonClass: 5764K(5824K)->5764K(5824K) Class: 533K(640K)->533K(640K)
[77.787s][info][gc             ] GC(239) Pause Full (Ergonomics) 360M->360M(409M) 421.490ms
[77.787s][info][gc,cpu         ] GC(239) User=0.38s Sys=0.00s Real=0.42s
[77.788s][info][gc,start       ] GC(240) Pause Full (Ergonomics)
[77.788s][info][gc,phases,start] GC(240) Marking Phase
[78.113s][info][gc,phases      ] GC(240) Marking Phase 324.839ms
[78.113s][info][gc,phases,start] GC(240) Summary Phase
[78.113s][info][gc,phases      ] GC(240) Summary Phase 0.022ms
[78.113s][info][gc,phases,start] GC(240) Adjust Roots
[78.113s][info][gc,phases      ] GC(240) Adjust Roots 0.291ms
[78.113s][info][gc,phases,start] GC(240) Compaction Phase
[78.223s][info][gc,phases      ] GC(240) Compaction Phase 110.352ms
[78.223s][info][gc,phases,start] GC(240) Post Compact
[78.226s][info][gc,phases      ] GC(240) Post Compact 2.181ms
[78.226s][info][gc,heap        ] GC(240) PSYoungGen: 33771K(77312K)->33771K(77312K) Eden: 24575K(24576K)->24575K(24576K) From: 9195K(52736K)->9195K(52736K)
[78.226s][info][gc,heap        ] GC(240) ParOldGen: 335117K(341504K)->335117K(341504K)
[78.226s][info][gc,metaspace   ] GC(240) Metaspace: 6298K(6464K)->6298K(6464K) NonClass: 5764K(5824K)->5764K(5824K) Class: 533K(640K)->533K(640K)
[78.226s][info][gc             ] GC(240) Pause Full (Ergonomics) 360M->360M(409M) 438.267ms
[78.226s][info][gc,cpu         ] GC(240) User=0.39s Sys=0.00s Real=0.44s
[78.226s][info][gc,start       ] GC(241) Pause Full (Ergonomics)
[78.226s][info][gc,phases,start] GC(241) Marking Phase
[78.532s][info][gc,phases      ] GC(241) Marking Phase 306.015ms
[78.532s][info][gc,phases,start] GC(241) Summary Phase
[78.532s][info][gc,phases      ] GC(241) Summary Phase 0.018ms
[78.532s][info][gc,phases,start] GC(241) Adjust Roots
[78.533s][info][gc,phases      ] GC(241) Adjust Roots 0.204ms
[78.533s][info][gc,phases,start] GC(241) Compaction Phase
[78.641s][info][gc,phases      ] GC(241) Compaction Phase 108.357ms
[78.641s][info][gc,phases,start] GC(241) Post Compact
[78.643s][info][gc,phases      ] GC(241) Post Compact 2.180ms
[78.643s][info][gc,heap        ] GC(241) PSYoungGen: 33771K(77312K)->33771K(77312K) Eden: 24575K(24576K)->24575K(24576K) From: 9195K(52736K)->9195K(52736K)
[78.643s][info][gc,heap        ] GC(241) ParOldGen: 335122K(341504K)->335122K(341504K)
[78.643s][info][gc,metaspace   ] GC(241) Metaspace: 6298K(6464K)->6298K(6464K) NonClass: 5764K(5824K)->5764K(5824K) Class: 533K(640K)->533K(640K)
[78.644s][info][gc             ] GC(241) Pause Full (Ergonomics) 360M->360M(409M) 417.207ms
[78.644s][info][gc,cpu         ] GC(241) User=0.38s Sys=0.00s Real=0.42s
[78.644s][info][gc,start       ] GC(242) Pause Full (Ergonomics)
[78.644s][info][gc,phases,start] GC(242) Marking Phase
[78.974s][info][gc,phases      ] GC(242) Marking Phase 330.488ms
[78.974s][info][gc,phases,start] GC(242) Summary Phase
[78.974s][info][gc,phases      ] GC(242) Summary Phase 0.019ms
[78.974s][info][gc,phases,start] GC(242) Adjust Roots
[78.975s][info][gc,phases      ] GC(242) Adjust Roots 0.408ms
[78.975s][info][gc,phases,start] GC(242) Compaction Phase
[79.097s][info][gc,phases      ] GC(242) Compaction Phase 122.358ms
[79.097s][info][gc,phases,start] GC(242) Post Compact
[79.100s][info][gc,phases      ] GC(242) Post Compact 3.131ms
[79.101s][info][gc,heap        ] GC(242) PSYoungGen: 33771K(77312K)->33771K(77312K) Eden: 24575K(24576K)->24575K(24576K) From: 9195K(52736K)->9195K(52736K)
[79.101s][info][gc,heap        ] GC(242) ParOldGen: 335127K(341504K)->335127K(341504K)
[79.101s][info][gc,metaspace   ] GC(242) Metaspace: 6298K(6464K)->6298K(6464K) NonClass: 5764K(5824K)->5764K(5824K) Class: 533K(640K)->533K(640K)
[79.101s][info][gc             ] GC(242) Pause Full (Ergonomics) 360M->360M(409M) 456.983ms
[79.101s][info][gc,cpu         ] GC(242) User=0.42s Sys=0.00s Real=0.46s
[79.101s][info][gc,start       ] GC(243) Pause Full (Ergonomics)
[79.101s][info][gc,phases,start] GC(243) Marking Phase
[79.438s][info][gc,phases      ] GC(243) Marking Phase 336.398ms
[79.438s][info][gc,phases,start] GC(243) Summary Phase
[79.438s][info][gc,phases      ] GC(243) Summary Phase 0.025ms
[79.438s][info][gc,phases,start] GC(243) Adjust Roots
[79.438s][info][gc,phases      ] GC(243) Adjust Roots 0.217ms
[79.438s][info][gc,phases,start] GC(243) Compaction Phase
[79.536s][info][gc,phases      ] GC(243) Compaction Phase 97.550ms
[79.536s][info][gc,phases,start] GC(243) Post Compact
[79.537s][info][gc,phases      ] GC(243) Post Compact 1.518ms
[79.537s][info][gc,heap        ] GC(243) PSYoungGen: 33771K(77312K)->33771K(77312K) Eden: 24575K(24576K)->24575K(24576K) From: 9195K(52736K)->9195K(52736K)
[79.537s][info][gc,heap        ] GC(243) ParOldGen: 335131K(341504K)->335131K(341504K)
[79.537s][info][gc,metaspace   ] GC(243) Metaspace: 6298K(6464K)->6298K(6464K) NonClass: 5764K(5824K)->5764K(5824K) Class: 533K(640K)->533K(640K)
[79.537s][info][gc             ] GC(243) Pause Full (Ergonomics) 360M->360M(409M) 436.080ms
[79.537s][info][gc,cpu         ] GC(243) User=0.42s Sys=0.00s Real=0.44s
[79.538s][info][gc,start       ] GC(244) Pause Full (Ergonomics)
[79.538s][info][gc,phases,start] GC(244) Marking Phase
[79.812s][info][gc,phases      ] GC(244) Marking Phase 274.471ms
[79.812s][info][gc,phases,start] GC(244) Summary Phase
[79.812s][info][gc,phases      ] GC(244) Summary Phase 0.024ms
[79.812s][info][gc,phases,start] GC(244) Adjust Roots
[79.813s][info][gc,phases      ] GC(244) Adjust Roots 0.315ms
[79.813s][info][gc,phases,start] GC(244) Compaction Phase
[79.908s][info][gc,phases      ] GC(244) Compaction Phase 95.762ms
[79.908s][info][gc,phases,start] GC(244) Post Compact
[79.910s][info][gc,phases      ] GC(244) Post Compact 1.522ms
[79.910s][info][gc,heap        ] GC(244) PSYoungGen: 33771K(77312K)->33771K(77312K) Eden: 24575K(24576K)->24575K(24576K) From: 9195K(52736K)->9195K(52736K)
[79.910s][info][gc,heap        ] GC(244) ParOldGen: 335136K(341504K)->335136K(341504K)
[79.910s][info][gc,metaspace   ] GC(244) Metaspace: 6298K(6464K)->6298K(6464K) NonClass: 5764K(5824K)->5764K(5824K) Class: 533K(640K)->533K(640K)
[79.910s][info][gc             ] GC(244) Pause Full (Ergonomics) 360M->360M(409M) 372.446ms
[79.910s][info][gc,cpu         ] GC(244) User=0.33s Sys=0.02s Real=0.37s
[79.910s][info][gc,start       ] GC(245) Pause Full (Ergonomics)
[79.910s][info][gc,phases,start] GC(245) Marking Phase
[80.190s][info][gc,phases      ] GC(245) Marking Phase 279.774ms
[80.190s][info][gc,phases,start] GC(245) Summary Phase
[80.190s][info][gc,phases      ] GC(245) Summary Phase 0.024ms
[80.190s][info][gc,phases,start] GC(245) Adjust Roots
[80.190s][info][gc,phases      ] GC(245) Adjust Roots 0.222ms
[80.190s][info][gc,phases,start] GC(245) Compaction Phase
[80.286s][info][gc,phases      ] GC(245) Compaction Phase 95.751ms
[80.286s][info][gc,phases,start] GC(245) Post Compact
[80.288s][info][gc,phases      ] GC(245) Post Compact 1.521ms
[80.288s][info][gc,heap        ] GC(245) PSYoungGen: 33771K(77312K)->33771K(77312K) Eden: 24575K(24576K)->24575K(24576K) From: 9195K(52736K)->9195K(52736K)
[80.288s][info][gc,heap        ] GC(245) ParOldGen: 335141K(341504K)->335141K(341504K)
[80.288s][info][gc,metaspace   ] GC(245) Metaspace: 6298K(6464K)->6298K(6464K) NonClass: 5764K(5824K)->5764K(5824K) Class: 533K(640K)->533K(640K)
[80.288s][info][gc             ] GC(245) Pause Full (Ergonomics) 360M->360M(409M) 377.620ms
[80.288s][info][gc,cpu         ] GC(245) User=0.36s Sys=0.00s Real=0.38s
[80.288s][info][gc,start       ] GC(246) Pause Full (Ergonomics)
[80.288s][info][gc,phases,start] GC(246) Marking Phase
[80.564s][info][gc,phases      ] GC(246) Marking Phase 276.272ms
[80.565s][info][gc,phases,start] GC(246) Summary Phase
[80.565s][info][gc,phases      ] GC(246) Summary Phase 0.035ms
[80.565s][info][gc,phases,start] GC(246) Adjust Roots
[80.565s][info][gc,phases      ] GC(246) Adjust Roots 0.273ms
[80.565s][info][gc,phases,start] GC(246) Compaction Phase
[80.661s][info][gc,phases      ] GC(246) Compaction Phase 95.974ms
[80.661s][info][gc,phases,start] GC(246) Post Compact
[80.663s][info][gc,phases      ] GC(246) Post Compact 1.747ms
[80.663s][info][gc,heap        ] GC(246) PSYoungGen: 33771K(77312K)->33771K(77312K) Eden: 24575K(24576K)->24575K(24576K) From: 9195K(52736K)->9195K(52736K)
[80.663s][info][gc,heap        ] GC(246) ParOldGen: 335145K(341504K)->335145K(341504K)
[80.663s][info][gc,metaspace   ] GC(246) Metaspace: 6298K(6464K)->6298K(6464K) NonClass: 5764K(5824K)->5764K(5824K) Class: 533K(640K)->533K(640K)
[80.663s][info][gc             ] GC(246) Pause Full (Ergonomics) 360M->360M(409M) 374.677ms
[80.663s][info][gc,cpu         ] GC(246) User=0.34s Sys=0.00s Real=0.38s
[80.663s][info][gc,start       ] GC(247) Pause Full (Ergonomics)
[80.663s][info][gc,phases,start] GC(247) Marking Phase
[80.939s][info][gc,phases      ] GC(247) Marking Phase 276.137ms
[80.939s][info][gc,phases,start] GC(247) Summary Phase
[80.939s][info][gc,phases      ] GC(247) Summary Phase 0.035ms
[80.939s][info][gc,phases,start] GC(247) Adjust Roots
[80.940s][info][gc,phases      ] GC(247) Adjust Roots 0.237ms
[80.940s][info][gc,phases,start] GC(247) Compaction Phase
[81.037s][info][gc,phases      ] GC(247) Compaction Phase 96.887ms
[81.037s][info][gc,phases,start] GC(247) Post Compact
[81.038s][info][gc,phases      ] GC(247) Post Compact 1.525ms
[81.038s][info][gc,heap        ] GC(247) PSYoungGen: 33771K(77312K)->33771K(77312K) Eden: 24575K(24576K)->24575K(24576K) From: 9195K(52736K)->9195K(52736K)
[81.038s][info][gc,heap        ] GC(247) ParOldGen: 335150K(341504K)->335150K(341504K)
[81.038s][info][gc,metaspace   ] GC(247) Metaspace: 6298K(6464K)->6298K(6464K) NonClass: 5764K(5824K)->5764K(5824K) Class: 533K(640K)->533K(640K)
[81.038s][info][gc             ] GC(247) Pause Full (Ergonomics) 360M->360M(409M) 375.216ms
[81.038s][info][gc,cpu         ] GC(247) User=0.36s Sys=0.00s Real=0.38s
[81.039s][info][gc,start       ] GC(248) Pause Full (Ergonomics)
[81.039s][info][gc,phases,start] GC(248) Marking Phase
[81.319s][info][gc,phases      ] GC(248) Marking Phase 280.545ms
[81.319s][info][gc,phases,start] GC(248) Summary Phase
[81.319s][info][gc,phases      ] GC(248) Summary Phase 0.035ms
[81.319s][info][gc,phases,start] GC(248) Adjust Roots
[81.320s][info][gc,phases      ] GC(248) Adjust Roots 0.251ms
[81.320s][info][gc,phases,start] GC(248) Compaction Phase
[81.417s][info][gc,phases      ] GC(248) Compaction Phase 96.922ms
[81.417s][info][gc,phases,start] GC(248) Post Compact
[81.418s][info][gc,phases      ] GC(248) Post Compact 1.510ms
[81.418s][info][gc,heap        ] GC(248) PSYoungGen: 33771K(77312K)->33771K(77312K) Eden: 24575K(24576K)->24575K(24576K) From: 9195K(52736K)->9195K(52736K)
[81.418s][info][gc,heap        ] GC(248) ParOldGen: 335155K(341504K)->335155K(341504K)
[81.418s][info][gc,metaspace   ] GC(248) Metaspace: 6298K(6464K)->6298K(6464K) NonClass: 5764K(5824K)->5764K(5824K) Class: 533K(640K)->533K(640K)
[81.418s][info][gc             ] GC(248) Pause Full (Ergonomics) 360M->360M(409M) 379.633ms
[81.418s][info][gc,cpu         ] GC(248) User=0.34s Sys=0.00s Real=0.38s
[81.419s][info][gc,start       ] GC(249) Pause Full (Ergonomics)
[81.419s][info][gc,phases,start] GC(249) Marking Phase
[81.699s][info][gc,phases      ] GC(249) Marking Phase 280.306ms
[81.699s][info][gc,phases,start] GC(249) Summary Phase
[81.699s][info][gc,phases      ] GC(249) Summary Phase 0.035ms
[81.699s][info][gc,phases,start] GC(249) Adjust Roots
[81.699s][info][gc,phases      ] GC(249) Adjust Roots 0.263ms
[81.699s][info][gc,phases,start] GC(249) Compaction Phase
[81.796s][info][gc,phases      ] GC(249) Compaction Phase 96.165ms
[81.796s][info][gc,phases,start] GC(249) Post Compact
[81.797s][info][gc,phases      ] GC(249) Post Compact 1.700ms
[81.797s][info][gc,heap        ] GC(249) PSYoungGen: 33771K(77312K)->33771K(77312K) Eden: 24575K(24576K)->24575K(24576K) From: 9195K(52736K)->9195K(52736K)
[81.797s][info][gc,heap        ] GC(249) ParOldGen: 335159K(341504K)->335159K(341504K)
[81.797s][info][gc,metaspace   ] GC(249) Metaspace: 6298K(6464K)->6298K(6464K) NonClass: 5764K(5824K)->5764K(5824K) Class: 533K(640K)->533K(640K)
[81.797s][info][gc             ] GC(249) Pause Full (Ergonomics) 360M->360M(409M) 378.880ms
[81.797s][info][gc,cpu         ] GC(249) User=0.36s Sys=0.00s Real=0.38s
[81.798s][info][gc,start       ] GC(250) Pause Full (Ergonomics)
[81.798s][info][gc,phases,start] GC(250) Marking Phase
[82.078s][info][gc,phases      ] GC(250) Marking Phase 280.134ms
[82.078s][info][gc,phases,start] GC(250) Summary Phase
[82.078s][info][gc,phases      ] GC(250) Summary Phase 0.023ms
[82.078s][info][gc,phases,start] GC(250) Adjust Roots
[82.078s][info][gc,phases      ] GC(250) Adjust Roots 0.207ms
[82.078s][info][gc,phases,start] GC(250) Compaction Phase
[82.174s][info][gc,phases      ] GC(250) Compaction Phase 96.101ms
[82.174s][info][gc,phases,start] GC(250) Post Compact
[82.176s][info][gc,phases      ] GC(250) Post Compact 1.526ms
[82.176s][info][gc,heap        ] GC(250) PSYoungGen: 33771K(77312K)->33771K(77312K) Eden: 24575K(24576K)->24575K(24576K) From: 9195K(52736K)->9195K(52736K)
[82.176s][info][gc,heap        ] GC(250) ParOldGen: 335164K(341504K)->335164K(341504K)
[82.176s][info][gc,metaspace   ] GC(250) Metaspace: 6298K(6464K)->6298K(6464K) NonClass: 5764K(5824K)->5764K(5824K) Class: 533K(640K)->533K(640K)
[82.176s][info][gc             ] GC(250) Pause Full (Ergonomics) 360M->360M(409M) 378.333ms
[82.176s][info][gc,cpu         ] GC(250) User=0.36s Sys=0.00s Real=0.38s
[82.177s][info][gc,start       ] GC(251) Pause Full (Ergonomics)
[82.177s][info][gc,phases,start] GC(251) Marking Phase
[82.457s][info][gc,phases      ] GC(251) Marking Phase 279.951ms
[82.457s][info][gc,phases,start] GC(251) Summary Phase
[82.457s][info][gc,phases      ] GC(251) Summary Phase 0.035ms
[82.457s][info][gc,phases,start] GC(251) Adjust Roots
[82.457s][info][gc,phases      ] GC(251) Adjust Roots 0.266ms
[82.457s][info][gc,phases,start] GC(251) Compaction Phase
[82.553s][info][gc,phases      ] GC(251) Compaction Phase 96.298ms
[82.553s][info][gc,phases,start] GC(251) Post Compact
[82.555s][info][gc,phases      ] GC(251) Post Compact 1.564ms
[82.555s][info][gc,heap        ] GC(251) PSYoungGen: 33771K(77312K)->33771K(77312K) Eden: 24575K(24576K)->24575K(24576K) From: 9195K(52736K)->9195K(52736K)
[82.555s][info][gc,heap        ] GC(251) ParOldGen: 335169K(341504K)->335169K(341504K)
[82.555s][info][gc,metaspace   ] GC(251) Metaspace: 6298K(6464K)->6298K(6464K) NonClass: 5764K(5824K)->5764K(5824K) Class: 533K(640K)->533K(640K)
[82.555s][info][gc             ] GC(251) Pause Full (Ergonomics) 360M->360M(409M) 378.497ms
[82.555s][info][gc,cpu         ] GC(251) User=0.38s Sys=0.00s Real=0.38s
[82.555s][info][gc,start       ] GC(252) Pause Full (Ergonomics)
[82.555s][info][gc,phases,start] GC(252) Marking Phase
[82.836s][info][gc,phases      ] GC(252) Marking Phase 280.412ms
[82.836s][info][gc,phases,start] GC(252) Summary Phase
[82.836s][info][gc,phases      ] GC(252) Summary Phase 0.023ms
[82.836s][info][gc,phases,start] GC(252) Adjust Roots
[82.836s][info][gc,phases      ] GC(252) Adjust Roots 0.238ms
[82.836s][info][gc,phases,start] GC(252) Compaction Phase
[82.932s][info][gc,phases      ] GC(252) Compaction Phase 95.452ms
[82.932s][info][gc,phases,start] GC(252) Post Compact
[82.933s][info][gc,phases      ] GC(252) Post Compact 1.535ms
[82.933s][info][gc,heap        ] GC(252) PSYoungGen: 33771K(77312K)->33771K(77312K) Eden: 24575K(24576K)->24575K(24576K) From: 9195K(52736K)->9195K(52736K)
[82.933s][info][gc,heap        ] GC(252) ParOldGen: 335173K(341504K)->335173K(341504K)
[82.933s][info][gc,metaspace   ] GC(252) Metaspace: 6298K(6464K)->6298K(6464K) NonClass: 5764K(5824K)->5764K(5824K) Class: 533K(640K)->533K(640K)
[82.933s][info][gc             ] GC(252) Pause Full (Ergonomics) 360M->360M(409M) 378.044ms
[82.933s][info][gc,cpu         ] GC(252) User=0.34s Sys=0.00s Real=0.38s
[82.934s][info][gc,start       ] GC(253) Pause Full (Ergonomics)
[82.934s][info][gc,phases,start] GC(253) Marking Phase
[83.215s][info][gc,phases      ] GC(253) Marking Phase 281.321ms
[83.215s][info][gc,phases,start] GC(253) Summary Phase
[83.215s][info][gc,phases      ] GC(253) Summary Phase 0.035ms
[83.215s][info][gc,phases,start] GC(253) Adjust Roots
[83.215s][info][gc,phases      ] GC(253) Adjust Roots 0.264ms
[83.215s][info][gc,phases,start] GC(253) Compaction Phase
[83.312s][info][gc,phases      ] GC(253) Compaction Phase 96.197ms
[83.312s][info][gc,phases,start] GC(253) Post Compact
[83.313s][info][gc,phases      ] GC(253) Post Compact 1.514ms
[83.313s][info][gc,heap        ] GC(253) PSYoungGen: 33771K(77312K)->33771K(77312K) Eden: 24575K(24576K)->24575K(24576K) From: 9195K(52736K)->9195K(52736K)
[83.313s][info][gc,heap        ] GC(253) ParOldGen: 335178K(341504K)->335178K(341504K)
[83.313s][info][gc,metaspace   ] GC(253) Metaspace: 6298K(6464K)->6298K(6464K) NonClass: 5764K(5824K)->5764K(5824K) Class: 533K(640K)->533K(640K)
[83.313s][info][gc             ] GC(253) Pause Full (Ergonomics) 360M->360M(409M) 379.731ms
[83.313s][info][gc,cpu         ] GC(253) User=0.33s Sys=0.02s Real=0.38s
[83.314s][info][gc,start       ] GC(254) Pause Full (Ergonomics)
[83.314s][info][gc,phases,start] GC(254) Marking Phase
[83.594s][info][gc,phases      ] GC(254) Marking Phase 279.989ms
[83.594s][info][gc,phases,start] GC(254) Summary Phase
[83.594s][info][gc,phases      ] GC(254) Summary Phase 0.055ms
[83.594s][info][gc,phases,start] GC(254) Adjust Roots
[83.594s][info][gc,phases      ] GC(254) Adjust Roots 0.275ms
[83.594s][info][gc,phases,start] GC(254) Compaction Phase
[83.689s][info][gc,phases      ] GC(254) Compaction Phase 95.240ms
[83.689s][info][gc,phases,start] GC(254) Post Compact
[83.691s][info][gc,phases      ] GC(254) Post Compact 1.617ms
[83.691s][info][gc,heap        ] GC(254) PSYoungGen: 33771K(77312K)->33771K(77312K) Eden: 24575K(24576K)->24575K(24576K) From: 9195K(52736K)->9195K(52736K)
[83.691s][info][gc,heap        ] GC(254) ParOldGen: 335183K(341504K)->335183K(341504K)
[83.691s][info][gc,metaspace   ] GC(254) Metaspace: 6298K(6464K)->6298K(6464K) NonClass: 5764K(5824K)->5764K(5824K) Class: 533K(640K)->533K(640K)
[83.691s][info][gc             ] GC(254) Pause Full (Ergonomics) 360M->360M(409M) 377.603ms
[83.691s][info][gc,cpu         ] GC(254) User=0.36s Sys=0.00s Real=0.38s
[83.692s][info][gc,start       ] GC(255) Pause Full (Ergonomics)
[83.692s][info][gc,phases,start] GC(255) Marking Phase
[83.969s][info][gc,phases      ] GC(255) Marking Phase 277.452ms
[83.969s][info][gc,phases,start] GC(255) Summary Phase
[83.969s][info][gc,phases      ] GC(255) Summary Phase 0.023ms
[83.969s][info][gc,phases,start] GC(255) Adjust Roots
[83.969s][info][gc,phases      ] GC(255) Adjust Roots 0.237ms
[83.969s][info][gc,phases,start] GC(255) Compaction Phase
[84.066s][info][gc,phases      ] GC(255) Compaction Phase 96.857ms
[84.066s][info][gc,phases,start] GC(255) Post Compact
[84.068s][info][gc,phases      ] GC(255) Post Compact 1.521ms
[84.068s][info][gc,heap        ] GC(255) PSYoungGen: 33771K(77312K)->33771K(77312K) Eden: 24575K(24576K)->24575K(24576K) From: 9195K(52736K)->9195K(52736K)
[84.068s][info][gc,heap        ] GC(255) ParOldGen: 335187K(341504K)->335187K(341504K)
[84.068s][info][gc,metaspace   ] GC(255) Metaspace: 6298K(6464K)->6298K(6464K) NonClass: 5764K(5824K)->5764K(5824K) Class: 533K(640K)->533K(640K)
[84.068s][info][gc             ] GC(255) Pause Full (Ergonomics) 360M->360M(409M) 376.433ms
[84.068s][info][gc,cpu         ] GC(255) User=0.34s Sys=0.00s Real=0.38s
[84.068s][info][gc,start       ] GC(256) Pause Full (Ergonomics)
[84.068s][info][gc,phases,start] GC(256) Marking Phase
[84.348s][info][gc,phases      ] GC(256) Marking Phase 279.993ms
[84.348s][info][gc,phases,start] GC(256) Summary Phase
[84.348s][info][gc,phases      ] GC(256) Summary Phase 0.023ms
[84.348s][info][gc,phases,start] GC(256) Adjust Roots
[84.349s][info][gc,phases      ] GC(256) Adjust Roots 0.185ms
[84.349s][info][gc,phases,start] GC(256) Compaction Phase
[84.445s][info][gc,phases      ] GC(256) Compaction Phase 96.706ms
[84.445s][info][gc,phases,start] GC(256) Post Compact
[84.447s][info][gc,phases      ] GC(256) Post Compact 1.530ms
[84.447s][info][gc,heap        ] GC(256) PSYoungGen: 33771K(77312K)->33771K(77312K) Eden: 24575K(24576K)->24575K(24576K) From: 9195K(52736K)->9195K(52736K)
[84.447s][info][gc,heap        ] GC(256) ParOldGen: 335192K(341504K)->335192K(341504K)
[84.447s][info][gc,metaspace   ] GC(256) Metaspace: 6298K(6464K)->6298K(6464K) NonClass: 5764K(5824K)->5764K(5824K) Class: 533K(640K)->533K(640K)
[84.447s][info][gc             ] GC(256) Pause Full (Ergonomics) 360M->360M(409M) 378.800ms
[84.447s][info][gc,cpu         ] GC(256) User=0.36s Sys=0.00s Real=0.38s
[84.447s][info][gc,start       ] GC(257) Pause Full (Ergonomics)
[84.447s][info][gc,phases,start] GC(257) Marking Phase
[84.725s][info][gc,phases      ] GC(257) Marking Phase 277.958ms
[84.725s][info][gc,phases,start] GC(257) Summary Phase
[84.725s][info][gc,phases      ] GC(257) Summary Phase 0.022ms
[84.725s][info][gc,phases,start] GC(257) Adjust Roots
[84.726s][info][gc,phases      ] GC(257) Adjust Roots 0.323ms
[84.726s][info][gc,phases,start] GC(257) Compaction Phase
[84.822s][info][gc,phases      ] GC(257) Compaction Phase 96.224ms
[84.822s][info][gc,phases,start] GC(257) Post Compact
[84.824s][info][gc,phases      ] GC(257) Post Compact 1.641ms
[84.824s][info][gc,heap        ] GC(257) PSYoungGen: 33771K(77312K)->33771K(77312K) Eden: 24575K(24576K)->24575K(24576K) From: 9195K(52736K)->9195K(52736K)
[84.824s][info][gc,heap        ] GC(257) ParOldGen: 335197K(341504K)->335197K(341504K)
[84.824s][info][gc,metaspace   ] GC(257) Metaspace: 6298K(6464K)->6298K(6464K) NonClass: 5764K(5824K)->5764K(5824K) Class: 533K(640K)->533K(640K)
[84.824s][info][gc             ] GC(257) Pause Full (Ergonomics) 360M->360M(409M) 376.527ms
[84.824s][info][gc,cpu         ] GC(257) User=0.33s Sys=0.00s Real=0.38s
[84.824s][info][gc,start       ] GC(258) Pause Full (Ergonomics)
[84.824s][info][gc,phases,start] GC(258) Marking Phase
[85.105s][info][gc,phases      ] GC(258) Marking Phase 280.965ms
[85.105s][info][gc,phases,start] GC(258) Summary Phase
[85.105s][info][gc,phases      ] GC(258) Summary Phase 0.022ms
[85.105s][info][gc,phases,start] GC(258) Adjust Roots
[85.106s][info][gc,phases      ] GC(258) Adjust Roots 0.297ms
[85.106s][info][gc,phases,start] GC(258) Compaction Phase
[85.205s][info][gc,phases      ] GC(258) Compaction Phase 99.331ms
[85.205s][info][gc,phases,start] GC(258) Post Compact
[85.206s][info][gc,phases      ] GC(258) Post Compact 1.510ms
[85.207s][info][gc,heap        ] GC(258) PSYoungGen: 33771K(77312K)->33771K(77312K) Eden: 24575K(24576K)->24575K(24576K) From: 9195K(52736K)->9195K(52736K)
[85.207s][info][gc,heap        ] GC(258) ParOldGen: 335201K(341504K)->335201K(341504K)
[85.207s][info][gc,metaspace   ] GC(258) Metaspace: 6298K(6464K)->6298K(6464K) NonClass: 5764K(5824K)->5764K(5824K) Class: 533K(640K)->533K(640K)
[85.207s][info][gc             ] GC(258) Pause Full (Ergonomics) 360M->360M(409M) 382.493ms
[85.207s][info][gc,cpu         ] GC(258) User=0.34s Sys=0.00s Real=0.38s
[85.207s][info][gc,start       ] GC(259) Pause Full (Ergonomics)
[85.207s][info][gc,phases,start] GC(259) Marking Phase
[85.484s][info][gc,phases      ] GC(259) Marking Phase 276.770ms
[85.484s][info][gc,phases,start] GC(259) Summary Phase
[85.484s][info][gc,phases      ] GC(259) Summary Phase 0.022ms
[85.484s][info][gc,phases,start] GC(259) Adjust Roots
[85.484s][info][gc,phases      ] GC(259) Adjust Roots 0.225ms
[85.484s][info][gc,phases,start] GC(259) Compaction Phase
[85.583s][info][gc,phases      ] GC(259) Compaction Phase 98.478ms
[85.583s][info][gc,phases,start] GC(259) Post Compact
[85.584s][info][gc,phases      ] GC(259) Post Compact 1.508ms
[85.584s][info][gc,heap        ] GC(259) PSYoungGen: 33771K(77312K)->33771K(77312K) Eden: 24575K(24576K)->24575K(24576K) From: 9195K(52736K)->9195K(52736K)
[85.584s][info][gc,heap        ] GC(259) ParOldGen: 335206K(341504K)->335206K(341504K)
[85.584s][info][gc,metaspace   ] GC(259) Metaspace: 6298K(6464K)->6298K(6464K) NonClass: 5764K(5824K)->5764K(5824K) Class: 533K(640K)->533K(640K)
[85.584s][info][gc             ] GC(259) Pause Full (Ergonomics) 360M->360M(409M) 377.413ms
[85.584s][info][gc,cpu         ] GC(259) User=0.34s Sys=0.00s Real=0.38s
[85.585s][info][gc,start       ] GC(260) Pause Full (Ergonomics)
[85.585s][info][gc,phases,start] GC(260) Marking Phase
[85.865s][info][gc,phases      ] GC(260) Marking Phase 280.405ms
[85.865s][info][gc,phases,start] GC(260) Summary Phase
[85.865s][info][gc,phases      ] GC(260) Summary Phase 0.035ms
[85.865s][info][gc,phases,start] GC(260) Adjust Roots
[85.865s][info][gc,phases      ] GC(260) Adjust Roots 0.285ms
[85.865s][info][gc,phases,start] GC(260) Compaction Phase
[85.962s][info][gc,phases      ] GC(260) Compaction Phase 96.040ms
[85.962s][info][gc,phases,start] GC(260) Post Compact
[85.963s][info][gc,phases      ] GC(260) Post Compact 1.525ms
[85.963s][info][gc,heap        ] GC(260) PSYoungGen: 33771K(77312K)->33771K(77312K) Eden: 24575K(24576K)->24575K(24576K) From: 9195K(52736K)->9195K(52736K)
[85.963s][info][gc,heap        ] GC(260) ParOldGen: 335211K(341504K)->335211K(341504K)
[85.963s][info][gc,metaspace   ] GC(260) Metaspace: 6298K(6464K)->6298K(6464K) NonClass: 5764K(5824K)->5764K(5824K) Class: 533K(640K)->533K(640K)
[85.963s][info][gc             ] GC(260) Pause Full (Ergonomics) 360M->360M(409M) 378.661ms
[85.963s][info][gc,cpu         ] GC(260) User=0.36s Sys=0.00s Real=0.38s
[85.964s][info][gc,start       ] GC(261) Pause Full (Ergonomics)
[85.964s][info][gc,phases,start] GC(261) Marking Phase
[86.240s][info][gc,phases      ] GC(261) Marking Phase 276.031ms
[86.240s][info][gc,phases,start] GC(261) Summary Phase
[86.240s][info][gc,phases      ] GC(261) Summary Phase 0.035ms
[86.240s][info][gc,phases,start] GC(261) Adjust Roots
[86.240s][info][gc,phases      ] GC(261) Adjust Roots 0.273ms
[86.240s][info][gc,phases,start] GC(261) Compaction Phase
[86.337s][info][gc,phases      ] GC(261) Compaction Phase 97.102ms
[86.337s][info][gc,phases,start] GC(261) Post Compact
[86.339s][info][gc,phases      ] GC(261) Post Compact 1.530ms
[86.339s][info][gc,heap        ] GC(261) PSYoungGen: 33771K(77312K)->33771K(77312K) Eden: 24575K(24576K)->24575K(24576K) From: 9195K(52736K)->9195K(52736K)
[86.339s][info][gc,heap        ] GC(261) ParOldGen: 335215K(341504K)->335215K(341504K)
[86.339s][info][gc,metaspace   ] GC(261) Metaspace: 6298K(6464K)->6298K(6464K) NonClass: 5764K(5824K)->5764K(5824K) Class: 533K(640K)->533K(640K)
[86.339s][info][gc             ] GC(261) Pause Full (Ergonomics) 360M->360M(409M) 375.364ms
[86.339s][info][gc,cpu         ] GC(261) User=0.34s Sys=0.00s Real=0.38s
[86.339s][info][gc,start       ] GC(262) Pause Full (Ergonomics)
[86.339s][info][gc,phases,start] GC(262) Marking Phase
[86.620s][info][gc,phases      ] GC(262) Marking Phase 280.665ms
[86.620s][info][gc,phases,start] GC(262) Summary Phase
[86.620s][info][gc,phases      ] GC(262) Summary Phase 0.034ms
[86.620s][info][gc,phases,start] GC(262) Adjust Roots
[86.620s][info][gc,phases      ] GC(262) Adjust Roots 0.225ms
[86.620s][info][gc,phases,start] GC(262) Compaction Phase
[86.717s][info][gc,phases      ] GC(262) Compaction Phase 96.859ms
[86.717s][info][gc,phases,start] GC(262) Post Compact
[86.719s][info][gc,phases      ] GC(262) Post Compact 1.687ms
[86.719s][info][gc,heap        ] GC(262) PSYoungGen: 33771K(77312K)->33771K(77312K) Eden: 24575K(24576K)->24575K(24576K) From: 9195K(52736K)->9195K(52736K)
[86.719s][info][gc,heap        ] GC(262) ParOldGen: 335220K(341504K)->335220K(341504K)
[86.719s][info][gc,metaspace   ] GC(262) Metaspace: 6298K(6464K)->6298K(6464K) NonClass: 5764K(5824K)->5764K(5824K) Class: 533K(640K)->533K(640K)
[86.719s][info][gc             ] GC(262) Pause Full (Ergonomics) 360M->360M(409M) 379.856ms
[86.719s][info][gc,cpu         ] GC(262) User=0.36s Sys=0.00s Real=0.38s
[86.719s][info][gc,start       ] GC(263) Pause Full (Ergonomics)
[86.719s][info][gc,phases,start] GC(263) Marking Phase
[87.000s][info][gc,phases      ] GC(263) Marking Phase 280.231ms
[87.000s][info][gc,phases,start] GC(263) Summary Phase
[87.000s][info][gc,phases      ] GC(263) Summary Phase 0.023ms
[87.000s][info][gc,phases,start] GC(263) Adjust Roots
[87.000s][info][gc,phases      ] GC(263) Adjust Roots 0.240ms
[87.000s][info][gc,phases,start] GC(263) Compaction Phase
[87.096s][info][gc,phases      ] GC(263) Compaction Phase 95.590ms
[87.096s][info][gc,phases,start] GC(263) Post Compact
[87.097s][info][gc,phases      ] GC(263) Post Compact 1.500ms
[87.097s][info][gc,heap        ] GC(263) PSYoungGen: 33771K(77312K)->33771K(77312K) Eden: 24575K(24576K)->24575K(24576K) From: 9195K(52736K)->9195K(52736K)
[87.097s][info][gc,heap        ] GC(263) ParOldGen: 335225K(341504K)->335225K(341504K)
[87.097s][info][gc,metaspace   ] GC(263) Metaspace: 6298K(6464K)->6298K(6464K) NonClass: 5764K(5824K)->5764K(5824K) Class: 533K(640K)->533K(640K)
[87.097s][info][gc             ] GC(263) Pause Full (Ergonomics) 360M->360M(409M) 377.947ms
[87.097s][info][gc,cpu         ] GC(263) User=0.36s Sys=0.00s Real=0.38s
[87.098s][info][gc,start       ] GC(264) Pause Full (Ergonomics)
[87.098s][info][gc,phases,start] GC(264) Marking Phase
[87.378s][info][gc,phases      ] GC(264) Marking Phase 279.938ms
[87.378s][info][gc,phases,start] GC(264) Summary Phase
[87.378s][info][gc,phases      ] GC(264) Summary Phase 0.023ms
[87.378s][info][gc,phases,start] GC(264) Adjust Roots
[87.378s][info][gc,phases      ] GC(264) Adjust Roots 0.240ms
[87.378s][info][gc,phases,start] GC(264) Compaction Phase
[87.475s][info][gc,phases      ] GC(264) Compaction Phase 96.543ms
[87.475s][info][gc,phases,start] GC(264) Post Compact
[87.476s][info][gc,phases      ] GC(264) Post Compact 1.492ms
[87.476s][info][gc,heap        ] GC(264) PSYoungGen: 33771K(77312K)->33771K(77312K) Eden: 24575K(24576K)->24575K(24576K) From: 9195K(52736K)->9195K(52736K)
[87.476s][info][gc,heap        ] GC(264) ParOldGen: 335229K(341504K)->335229K(341504K)
[87.476s][info][gc,metaspace   ] GC(264) Metaspace: 6298K(6464K)->6298K(6464K) NonClass: 5764K(5824K)->5764K(5824K) Class: 533K(640K)->533K(640K)
[87.476s][info][gc             ] GC(264) Pause Full (Ergonomics) 360M->360M(409M) 378.582ms
[87.476s][info][gc,cpu         ] GC(264) User=0.38s Sys=0.00s Real=0.38s
[87.477s][info][gc,start       ] GC(265) Pause Full (Ergonomics)
[87.477s][info][gc,phases,start] GC(265) Marking Phase
[87.757s][info][gc,phases      ] GC(265) Marking Phase 279.895ms
[87.757s][info][gc,phases,start] GC(265) Summary Phase
[87.757s][info][gc,phases      ] GC(265) Summary Phase 0.022ms
[87.757s][info][gc,phases,start] GC(265) Adjust Roots
[87.757s][info][gc,phases      ] GC(265) Adjust Roots 0.209ms
[87.757s][info][gc,phases,start] GC(265) Compaction Phase
[87.853s][info][gc,phases      ] GC(265) Compaction Phase 95.942ms
[87.853s][info][gc,phases,start] GC(265) Post Compact
[87.855s][info][gc,phases      ] GC(265) Post Compact 1.510ms
[87.855s][info][gc,heap        ] GC(265) PSYoungGen: 33771K(77312K)->33771K(77312K) Eden: 24575K(24576K)->24575K(24576K) From: 9195K(52736K)->9195K(52736K)
[87.855s][info][gc,heap        ] GC(265) ParOldGen: 335234K(341504K)->335234K(341504K)
[87.855s][info][gc,metaspace   ] GC(265) Metaspace: 6298K(6464K)->6298K(6464K) NonClass: 5764K(5824K)->5764K(5824K) Class: 533K(640K)->533K(640K)
[87.855s][info][gc             ] GC(265) Pause Full (Ergonomics) 360M->360M(409M) 377.930ms
[87.855s][info][gc,cpu         ] GC(265) User=0.34s Sys=0.00s Real=0.38s
[87.856s][info][gc,start       ] GC(266) Pause Full (Ergonomics)
[87.856s][info][gc,phases,start] GC(266) Marking Phase
[88.136s][info][gc,phases      ] GC(266) Marking Phase 280.413ms
[88.136s][info][gc,phases,start] GC(266) Summary Phase
[88.136s][info][gc,phases      ] GC(266) Summary Phase 0.023ms
[88.136s][info][gc,phases,start] GC(266) Adjust Roots
[88.136s][info][gc,phases      ] GC(266) Adjust Roots 0.275ms
[88.136s][info][gc,phases,start] GC(266) Compaction Phase
[88.232s][info][gc,phases      ] GC(266) Compaction Phase 95.387ms
[88.232s][info][gc,phases,start] GC(266) Post Compact
[88.233s][info][gc,phases      ] GC(266) Post Compact 1.506ms
[88.234s][info][gc,heap        ] GC(266) PSYoungGen: 33771K(77312K)->33771K(77312K) Eden: 24575K(24576K)->24575K(24576K) From: 9195K(52736K)->9195K(52736K)
[88.234s][info][gc,heap        ] GC(266) ParOldGen: 335239K(341504K)->335239K(341504K)
[88.234s][info][gc,metaspace   ] GC(266) Metaspace: 6298K(6464K)->6298K(6464K) NonClass: 5764K(5824K)->5764K(5824K) Class: 533K(640K)->533K(640K)
[88.234s][info][gc             ] GC(266) Pause Full (Ergonomics) 360M->360M(409M) 377.949ms
[88.234s][info][gc,cpu         ] GC(266) User=0.33s Sys=0.02s Real=0.38s
[88.234s][info][gc,start       ] GC(267) Pause Full (Ergonomics)
[88.234s][info][gc,phases,start] GC(267) Marking Phase
[88.514s][info][gc,phases      ] GC(267) Marking Phase 280.404ms
[88.514s][info][gc,phases,start] GC(267) Summary Phase
[88.514s][info][gc,phases      ] GC(267) Summary Phase 0.022ms
[88.514s][info][gc,phases,start] GC(267) Adjust Roots
[88.515s][info][gc,phases      ] GC(267) Adjust Roots 0.244ms
[88.515s][info][gc,phases,start] GC(267) Compaction Phase
[88.611s][info][gc,phases      ] GC(267) Compaction Phase 95.924ms
[88.611s][info][gc,phases,start] GC(267) Post Compact
[88.612s][info][gc,phases      ] GC(267) Post Compact 1.507ms
[88.612s][info][gc,heap        ] GC(267) PSYoungGen: 33771K(77312K)->33771K(77312K) Eden: 24575K(24576K)->24575K(24576K) From: 9195K(52736K)->9195K(52736K)
[88.612s][info][gc,heap        ] GC(267) ParOldGen: 335243K(341504K)->335243K(341504K)
[88.612s][info][gc,metaspace   ] GC(267) Metaspace: 6298K(6464K)->6298K(6464K) NonClass: 5764K(5824K)->5764K(5824K) Class: 533K(640K)->533K(640K)
[88.612s][info][gc             ] GC(267) Pause Full (Ergonomics) 360M->360M(409M) 378.507ms
[88.612s][info][gc,cpu         ] GC(267) User=0.38s Sys=0.00s Real=0.38s
[88.613s][info][gc,start       ] GC(268) Pause Full (Ergonomics)
[88.613s][info][gc,phases,start] GC(268) Marking Phase
[88.894s][info][gc,phases      ] GC(268) Marking Phase 280.603ms
[88.894s][info][gc,phases,start] GC(268) Summary Phase
[88.894s][info][gc,phases      ] GC(268) Summary Phase 0.026ms
[88.894s][info][gc,phases,start] GC(268) Adjust Roots
[88.894s][info][gc,phases      ] GC(268) Adjust Roots 0.235ms
[88.894s][info][gc,phases,start] GC(268) Compaction Phase
[88.990s][info][gc,phases      ] GC(268) Compaction Phase 96.080ms
[88.990s][info][gc,phases,start] GC(268) Post Compact
[88.992s][info][gc,phases      ] GC(268) Post Compact 1.512ms
[88.992s][info][gc,heap        ] GC(268) PSYoungGen: 33771K(77312K)->33771K(77312K) Eden: 24575K(24576K)->24575K(24576K) From: 9195K(52736K)->9195K(52736K)
[88.992s][info][gc,heap        ] GC(268) ParOldGen: 335248K(341504K)->335248K(341504K)
[88.992s][info][gc,metaspace   ] GC(268) Metaspace: 6298K(6464K)->6298K(6464K) NonClass: 5764K(5824K)->5764K(5824K) Class: 533K(640K)->533K(640K)
[88.992s][info][gc             ] GC(268) Pause Full (Ergonomics) 360M->360M(409M) 378.797ms
[88.992s][info][gc,cpu         ] GC(268) User=0.38s Sys=0.00s Real=0.38s
[88.992s][info][gc,start       ] GC(269) Pause Full (Ergonomics)
[88.992s][info][gc,phases,start] GC(269) Marking Phase
[89.272s][info][gc,phases      ] GC(269) Marking Phase 280.111ms
[89.272s][info][gc,phases,start] GC(269) Summary Phase
[89.272s][info][gc,phases      ] GC(269) Summary Phase 0.034ms
[89.272s][info][gc,phases,start] GC(269) Adjust Roots
[89.273s][info][gc,phases      ] GC(269) Adjust Roots 0.260ms
[89.273s][info][gc,phases,start] GC(269) Compaction Phase
[89.368s][info][gc,phases      ] GC(269) Compaction Phase 95.076ms
[89.368s][info][gc,phases,start] GC(269) Post Compact
[89.369s][info][gc,phases      ] GC(269) Post Compact 1.583ms
[89.370s][info][gc,heap        ] GC(269) PSYoungGen: 33771K(77312K)->33771K(77312K) Eden: 24575K(24576K)->24575K(24576K) From: 9195K(52736K)->9195K(52736K)
[89.370s][info][gc,heap        ] GC(269) ParOldGen: 335253K(341504K)->335253K(341504K)
[89.370s][info][gc,metaspace   ] GC(269) Metaspace: 6298K(6464K)->6298K(6464K) NonClass: 5764K(5824K)->5764K(5824K) Class: 533K(640K)->533K(640K)
[89.370s][info][gc             ] GC(269) Pause Full (Ergonomics) 360M->360M(409M) 377.438ms
[89.370s][info][gc,cpu         ] GC(269) User=0.34s Sys=0.00s Real=0.38s
[89.370s][info][gc,start       ] GC(270) Pause Full (Ergonomics)
[89.370s][info][gc,phases,start] GC(270) Marking Phase
[89.650s][info][gc,phases      ] GC(270) Marking Phase 280.430ms
[89.650s][info][gc,phases,start] GC(270) Summary Phase
[89.650s][info][gc,phases      ] GC(270) Summary Phase 0.019ms
[89.650s][info][gc,phases,start] GC(270) Adjust Roots
[89.651s][info][gc,phases      ] GC(270) Adjust Roots 0.245ms
[89.651s][info][gc,phases,start] GC(270) Compaction Phase
[89.747s][info][gc,phases      ] GC(270) Compaction Phase 95.942ms
[89.747s][info][gc,phases,start] GC(270) Post Compact
[89.748s][info][gc,phases      ] GC(270) Post Compact 1.513ms
[89.748s][info][gc,heap        ] GC(270) PSYoungGen: 33771K(77312K)->33771K(77312K) Eden: 24575K(24576K)->24575K(24576K) From: 9195K(52736K)->9195K(52736K)
[89.748s][info][gc,heap        ] GC(270) ParOldGen: 335257K(341504K)->335257K(341504K)
[89.748s][info][gc,metaspace   ] GC(270) Metaspace: 6298K(6464K)->6298K(6464K) NonClass: 5764K(5824K)->5764K(5824K) Class: 533K(640K)->533K(640K)
[89.748s][info][gc             ] GC(270) Pause Full (Ergonomics) 360M->360M(409M) 378.467ms
[89.748s][info][gc,cpu         ] GC(270) User=0.34s Sys=0.00s Real=0.38s
[89.749s][info][gc,start       ] GC(271) Pause Full (Ergonomics)
[89.749s][info][gc,phases,start] GC(271) Marking Phase
[90.028s][info][gc,phases      ] GC(271) Marking Phase 279.568ms
[90.028s][info][gc,phases,start] GC(271) Summary Phase
[90.028s][info][gc,phases      ] GC(271) Summary Phase 0.024ms
[90.028s][info][gc,phases,start] GC(271) Adjust Roots
[90.028s][info][gc,phases      ] GC(271) Adjust Roots 0.184ms
[90.028s][info][gc,phases,start] GC(271) Compaction Phase
[90.124s][info][gc,phases      ] GC(271) Compaction Phase 95.550ms
[90.124s][info][gc,phases,start] GC(271) Post Compact
[90.126s][info][gc,phases      ] GC(271) Post Compact 1.535ms
[90.126s][info][gc,heap        ] GC(271) PSYoungGen: 33771K(77312K)->33771K(77312K) Eden: 24575K(24576K)->24575K(24576K) From: 9195K(52736K)->9195K(52736K)
[90.126s][info][gc,heap        ] GC(271) ParOldGen: 335262K(341504K)->335262K(341504K)
[90.126s][info][gc,metaspace   ] GC(271) Metaspace: 6298K(6464K)->6298K(6464K) NonClass: 5764K(5824K)->5764K(5824K) Class: 533K(640K)->533K(640K)
[90.126s][info][gc             ] GC(271) Pause Full (Ergonomics) 360M->360M(409M) 377.191ms
[90.126s][info][gc,cpu         ] GC(271) User=0.36s Sys=0.00s Real=0.38s
[90.126s][info][gc,start       ] GC(272) Pause Full (Ergonomics)
[90.126s][info][gc,phases,start] GC(272) Marking Phase
[90.407s][info][gc,phases      ] GC(272) Marking Phase 280.473ms
[90.407s][info][gc,phases,start] GC(272) Summary Phase
[90.407s][info][gc,phases      ] GC(272) Summary Phase 0.034ms
[90.407s][info][gc,phases,start] GC(272) Adjust Roots
[90.407s][info][gc,phases      ] GC(272) Adjust Roots 0.274ms
[90.407s][info][gc,phases,start] GC(272) Compaction Phase
[90.503s][info][gc,phases      ] GC(272) Compaction Phase 96.099ms
[90.503s][info][gc,phases,start] GC(272) Post Compact
[90.505s][info][gc,phases      ] GC(272) Post Compact 1.548ms
[90.505s][info][gc,heap        ] GC(272) PSYoungGen: 33771K(77312K)->33771K(77312K) Eden: 24575K(24576K)->24575K(24576K) From: 9195K(52736K)->9195K(52736K)
[90.505s][info][gc,heap        ] GC(272) ParOldGen: 335267K(341504K)->335267K(341504K)
[90.505s][info][gc,metaspace   ] GC(272) Metaspace: 6298K(6464K)->6298K(6464K) NonClass: 5764K(5824K)->5764K(5824K) Class: 533K(640K)->533K(640K)
[90.505s][info][gc             ] GC(272) Pause Full (Ergonomics) 360M->360M(409M) 378.843ms
[90.505s][info][gc,cpu         ] GC(272) User=0.36s Sys=0.00s Real=0.38s
[90.505s][info][gc,start       ] GC(273) Pause Full (Ergonomics)
[90.505s][info][gc,phases,start] GC(273) Marking Phase
[90.785s][info][gc,phases      ] GC(273) Marking Phase 279.822ms
[90.785s][info][gc,phases,start] GC(273) Summary Phase
[90.785s][info][gc,phases      ] GC(273) Summary Phase 0.035ms
[90.785s][info][gc,phases,start] GC(273) Adjust Roots
[90.785s][info][gc,phases      ] GC(273) Adjust Roots 0.278ms
[90.786s][info][gc,phases,start] GC(273) Compaction Phase
[90.883s][info][gc,phases      ] GC(273) Compaction Phase 97.241ms
[90.883s][info][gc,phases,start] GC(273) Post Compact
[90.884s][info][gc,phases      ] GC(273) Post Compact 1.518ms
[90.884s][info][gc,heap        ] GC(273) PSYoungGen: 33771K(77312K)->33771K(77312K) Eden: 24575K(24576K)->24575K(24576K) From: 9195K(52736K)->9195K(52736K)
[90.884s][info][gc,heap        ] GC(273) ParOldGen: 335271K(341504K)->335271K(341504K)
[90.884s][info][gc,metaspace   ] GC(273) Metaspace: 6298K(6464K)->6298K(6464K) NonClass: 5764K(5824K)->5764K(5824K) Class: 533K(640K)->533K(640K)
[90.885s][info][gc             ] GC(273) Pause Full (Ergonomics) 360M->360M(409M) 379.301ms
[90.885s][info][gc,cpu         ] GC(273) User=0.36s Sys=0.00s Real=0.38s
[90.885s][info][gc,start       ] GC(274) Pause Full (Ergonomics)
[90.885s][info][gc,phases,start] GC(274) Marking Phase
[91.165s][info][gc,phases      ] GC(274) Marking Phase 279.899ms
[91.165s][info][gc,phases,start] GC(274) Summary Phase
[91.165s][info][gc,phases      ] GC(274) Summary Phase 0.023ms
[91.165s][info][gc,phases,start] GC(274) Adjust Roots
[91.165s][info][gc,phases      ] GC(274) Adjust Roots 0.210ms
[91.165s][info][gc,phases,start] GC(274) Compaction Phase
[91.262s][info][gc,phases      ] GC(274) Compaction Phase 96.826ms
[91.262s][info][gc,phases,start] GC(274) Post Compact
[91.264s][info][gc,phases      ] GC(274) Post Compact 1.522ms
[91.264s][info][gc,heap        ] GC(274) PSYoungGen: 33771K(77312K)->33771K(77312K) Eden: 24575K(24576K)->24575K(24576K) From: 9195K(52736K)->9195K(52736K)
[91.264s][info][gc,heap        ] GC(274) ParOldGen: 335276K(341504K)->335276K(341504K)
[91.264s][info][gc,metaspace   ] GC(274) Metaspace: 6298K(6464K)->6298K(6464K) NonClass: 5764K(5824K)->5764K(5824K) Class: 533K(640K)->533K(640K)
[91.264s][info][gc             ] GC(274) Pause Full (Ergonomics) 360M->360M(409M) 378.859ms
[91.264s][info][gc,cpu         ] GC(274) User=0.36s Sys=0.00s Real=0.38s
[91.264s][info][gc,start       ] GC(275) Pause Full (Ergonomics)
[91.264s][info][gc,phases,start] GC(275) Marking Phase
[91.542s][info][gc,phases      ] GC(275) Marking Phase 277.253ms
[91.542s][info][gc,phases,start] GC(275) Summary Phase
[91.542s][info][gc,phases      ] GC(275) Summary Phase 0.034ms
[91.542s][info][gc,phases,start] GC(275) Adjust Roots
[91.542s][info][gc,phases      ] GC(275) Adjust Roots 0.287ms
[91.542s][info][gc,phases,start] GC(275) Compaction Phase
[91.638s][info][gc,phases      ] GC(275) Compaction Phase 95.932ms
[91.638s][info][gc,phases,start] GC(275) Post Compact
[91.640s][info][gc,phases      ] GC(275) Post Compact 1.506ms
[91.640s][info][gc,heap        ] GC(275) PSYoungGen: 33771K(77312K)->33771K(77312K) Eden: 24575K(24576K)->24575K(24576K) From: 9195K(52736K)->9195K(52736K)
[91.640s][info][gc,heap        ] GC(275) ParOldGen: 335281K(341504K)->335281K(341504K)
[91.640s][info][gc,metaspace   ] GC(275) Metaspace: 6298K(6464K)->6298K(6464K) NonClass: 5764K(5824K)->5764K(5824K) Class: 533K(640K)->533K(640K)
[91.640s][info][gc             ] GC(275) Pause Full (Ergonomics) 360M->360M(409M) 375.382ms
[91.640s][info][gc,cpu         ] GC(275) User=0.36s Sys=0.00s Real=0.38s
[91.640s][info][gc,start       ] GC(276) Pause Full (Ergonomics)
[91.640s][info][gc,phases,start] GC(276) Marking Phase
[91.925s][info][gc,phases      ] GC(276) Marking Phase 285.212ms
[91.925s][info][gc,phases,start] GC(276) Summary Phase
[91.925s][info][gc,phases      ] GC(276) Summary Phase 0.035ms
[91.925s][info][gc,phases,start] GC(276) Adjust Roots
[91.926s][info][gc,phases      ] GC(276) Adjust Roots 0.298ms
[91.926s][info][gc,phases,start] GC(276) Compaction Phase
[92.030s][info][gc,phases      ] GC(276) Compaction Phase 103.966ms
[92.030s][info][gc,phases,start] GC(276) Post Compact
[92.031s][info][gc,phases      ] GC(276) Post Compact 1.508ms
[92.031s][info][gc,heap        ] GC(276) PSYoungGen: 33771K(77312K)->33771K(77312K) Eden: 24575K(24576K)->24575K(24576K) From: 9195K(52736K)->9195K(52736K)
[92.031s][info][gc,heap        ] GC(276) ParOldGen: 335285K(341504K)->335285K(341504K)
[92.032s][info][gc,metaspace   ] GC(276) Metaspace: 6298K(6464K)->6298K(6464K) NonClass: 5764K(5824K)->5764K(5824K) Class: 533K(640K)->533K(640K)
[92.032s][info][gc             ] GC(276) Pause Full (Ergonomics) 360M->360M(409M) 391.459ms
[92.032s][info][gc,cpu         ] GC(276) User=0.36s Sys=0.00s Real=0.39s
[92.032s][info][gc,start       ] GC(277) Pause Full (Ergonomics)
[92.032s][info][gc,phases,start] GC(277) Marking Phase
[92.313s][info][gc,phases      ] GC(277) Marking Phase 280.705ms
[92.313s][info][gc,phases,start] GC(277) Summary Phase
[92.313s][info][gc,phases      ] GC(277) Summary Phase 0.035ms
[92.313s][info][gc,phases,start] GC(277) Adjust Roots
[92.313s][info][gc,phases      ] GC(277) Adjust Roots 0.213ms
[92.313s][info][gc,phases,start] GC(277) Compaction Phase
[92.410s][info][gc,phases      ] GC(277) Compaction Phase 97.131ms
[92.410s][info][gc,phases,start] GC(277) Post Compact
[92.412s][info][gc,phases      ] GC(277) Post Compact 1.528ms
[92.412s][info][gc,heap        ] GC(277) PSYoungGen: 33771K(77312K)->33771K(77312K) Eden: 24575K(24576K)->24575K(24576K) From: 9195K(52736K)->9195K(52736K)
[92.412s][info][gc,heap        ] GC(277) ParOldGen: 335290K(341504K)->335290K(341504K)
[92.412s][info][gc,metaspace   ] GC(277) Metaspace: 6298K(6464K)->6298K(6464K) NonClass: 5764K(5824K)->5764K(5824K) Class: 533K(640K)->533K(640K)
[92.412s][info][gc             ] GC(277) Pause Full (Ergonomics) 360M->360M(409M) 380.011ms
[92.412s][info][gc,cpu         ] GC(277) User=0.34s Sys=0.00s Real=0.38s
[92.412s][info][gc,start       ] GC(278) Pause Full (Ergonomics)
[92.412s][info][gc,phases,start] GC(278) Marking Phase
[92.695s][info][gc,phases      ] GC(278) Marking Phase 282.377ms
[92.695s][info][gc,phases,start] GC(278) Summary Phase
[92.695s][info][gc,phases      ] GC(278) Summary Phase 0.035ms
[92.695s][info][gc,phases,start] GC(278) Adjust Roots
[92.695s][info][gc,phases      ] GC(278) Adjust Roots 0.278ms
[92.695s][info][gc,phases,start] GC(278) Compaction Phase
[92.791s][info][gc,phases      ] GC(278) Compaction Phase 96.063ms
[92.791s][info][gc,phases,start] GC(278) Post Compact
[92.793s][info][gc,phases      ] GC(278) Post Compact 1.526ms
[92.793s][info][gc,heap        ] GC(278) PSYoungGen: 33771K(77312K)->33771K(77312K) Eden: 24575K(24576K)->24575K(24576K) From: 9195K(52736K)->9195K(52736K)
[92.793s][info][gc,heap        ] GC(278) ParOldGen: 335295K(341504K)->335295K(341504K)
[92.793s][info][gc,metaspace   ] GC(278) Metaspace: 6298K(6464K)->6298K(6464K) NonClass: 5764K(5824K)->5764K(5824K) Class: 533K(640K)->533K(640K)
[92.793s][info][gc             ] GC(278) Pause Full (Ergonomics) 360M->360M(409M) 380.669ms
[92.793s][info][gc,cpu         ] GC(278) User=0.34s Sys=0.00s Real=0.38s
[92.793s][info][gc,start       ] GC(279) Pause Full (Ergonomics)
[92.793s][info][gc,phases,start] GC(279) Marking Phase
[93.073s][info][gc,phases      ] GC(279) Marking Phase 280.383ms
[93.074s][info][gc,phases,start] GC(279) Summary Phase
[93.074s][info][gc,phases      ] GC(279) Summary Phase 0.034ms
[93.074s][info][gc,phases,start] GC(279) Adjust Roots
[93.074s][info][gc,phases      ] GC(279) Adjust Roots 0.301ms
[93.074s][info][gc,phases,start] GC(279) Compaction Phase
[93.171s][info][gc,phases      ] GC(279) Compaction Phase 97.052ms
[93.171s][info][gc,phases,start] GC(279) Post Compact
[93.173s][info][gc,phases      ] GC(279) Post Compact 1.508ms
[93.173s][info][gc,heap        ] GC(279) PSYoungGen: 33771K(77312K)->33771K(77312K) Eden: 24575K(24576K)->24575K(24576K) From: 9195K(52736K)->9195K(52736K)
[93.173s][info][gc,heap        ] GC(279) ParOldGen: 335299K(341504K)->335299K(341504K)
[93.173s][info][gc,metaspace   ] GC(279) Metaspace: 6298K(6464K)->6298K(6464K) NonClass: 5764K(5824K)->5764K(5824K) Class: 533K(640K)->533K(640K)
[93.173s][info][gc             ] GC(279) Pause Full (Ergonomics) 360M->360M(409M) 379.667ms
[93.173s][info][gc,cpu         ] GC(279) User=0.34s Sys=0.00s Real=0.38s
[93.173s][info][gc,start       ] GC(280) Pause Full (Ergonomics)
[93.173s][info][gc,phases,start] GC(280) Marking Phase
[93.454s][info][gc,phases      ] GC(280) Marking Phase 280.636ms
[93.454s][info][gc,phases,start] GC(280) Summary Phase
[93.454s][info][gc,phases      ] GC(280) Summary Phase 0.019ms
[93.454s][info][gc,phases,start] GC(280) Adjust Roots
[93.454s][info][gc,phases      ] GC(280) Adjust Roots 0.310ms
[93.454s][info][gc,phases,start] GC(280) Compaction Phase
[93.551s][info][gc,phases      ] GC(280) Compaction Phase 97.299ms
[93.552s][info][gc,phases,start] GC(280) Post Compact
[93.553s][info][gc,phases      ] GC(280) Post Compact 1.528ms
[93.553s][info][gc,heap        ] GC(280) PSYoungGen: 33771K(77312K)->33771K(77312K) Eden: 24575K(24576K)->24575K(24576K) From: 9195K(52736K)->9195K(52736K)
[93.553s][info][gc,heap        ] GC(280) ParOldGen: 335304K(341504K)->335304K(341504K)
[93.553s][info][gc,metaspace   ] GC(280) Metaspace: 6298K(6464K)->6298K(6464K) NonClass: 5764K(5824K)->5764K(5824K) Class: 533K(640K)->533K(640K)
[93.553s][info][gc             ] GC(280) Pause Full (Ergonomics) 360M->360M(409M) 380.158ms
[93.553s][info][gc,cpu         ] GC(280) User=0.36s Sys=0.00s Real=0.38s
[93.553s][info][gc,start       ] GC(281) Pause Full (Ergonomics)
[93.553s][info][gc,phases,start] GC(281) Marking Phase
[93.834s][info][gc,phases      ] GC(281) Marking Phase 280.486ms
[93.834s][info][gc,phases,start] GC(281) Summary Phase
[93.834s][info][gc,phases      ] GC(281) Summary Phase 0.036ms
[93.834s][info][gc,phases,start] GC(281) Adjust Roots
[93.834s][info][gc,phases      ] GC(281) Adjust Roots 0.278ms
[93.834s][info][gc,phases,start] GC(281) Compaction Phase
[93.931s][info][gc,phases      ] GC(281) Compaction Phase 96.548ms
[93.931s][info][gc,phases,start] GC(281) Post Compact
[93.933s][info][gc,phases      ] GC(281) Post Compact 1.505ms
[93.933s][info][gc,heap        ] GC(281) PSYoungGen: 33771K(77312K)->33771K(77312K) Eden: 24575K(24576K)->24575K(24576K) From: 9195K(52736K)->9195K(52736K)
[93.933s][info][gc,heap        ] GC(281) ParOldGen: 335309K(341504K)->335309K(341504K)
[93.933s][info][gc,metaspace   ] GC(281) Metaspace: 6298K(6464K)->6298K(6464K) NonClass: 5764K(5824K)->5764K(5824K) Class: 533K(640K)->533K(640K)
[93.933s][info][gc             ] GC(281) Pause Full (Ergonomics) 360M->360M(409M) 379.260ms
[93.933s][info][gc,cpu         ] GC(281) User=0.34s Sys=0.00s Real=0.38s
[93.933s][info][gc,start       ] GC(282) Pause Full (Ergonomics)
[93.933s][info][gc,phases,start] GC(282) Marking Phase
[94.213s][info][gc,phases      ] GC(282) Marking Phase 280.389ms
[94.213s][info][gc,phases,start] GC(282) Summary Phase
[94.213s][info][gc,phases      ] GC(282) Summary Phase 0.034ms
[94.214s][info][gc,phases,start] GC(282) Adjust Roots
[94.214s][info][gc,phases      ] GC(282) Adjust Roots 0.270ms
[94.214s][info][gc,phases,start] GC(282) Compaction Phase
[94.310s][info][gc,phases      ] GC(282) Compaction Phase 96.321ms
[94.310s][info][gc,phases,start] GC(282) Post Compact
[94.312s][info][gc,phases      ] GC(282) Post Compact 1.639ms
[94.312s][info][gc,heap        ] GC(282) PSYoungGen: 33771K(77312K)->33771K(77312K) Eden: 24575K(24576K)->24575K(24576K) From: 9195K(52736K)->9195K(52736K)
[94.312s][info][gc,heap        ] GC(282) ParOldGen: 335313K(341504K)->335313K(341504K)
[94.312s][info][gc,metaspace   ] GC(282) Metaspace: 6298K(6464K)->6298K(6464K) NonClass: 5764K(5824K)->5764K(5824K) Class: 533K(640K)->533K(640K)
[94.312s][info][gc             ] GC(282) Pause Full (Ergonomics) 360M->360M(409M) 379.083ms
[94.312s][info][gc,cpu         ] GC(282) User=0.34s Sys=0.00s Real=0.38s
[94.312s][info][gc,start       ] GC(283) Pause Full (Ergonomics)
[94.312s][info][gc,phases,start] GC(283) Marking Phase
[94.593s][info][gc,phases      ] GC(283) Marking Phase 280.120ms
[94.593s][info][gc,phases,start] GC(283) Summary Phase
[94.593s][info][gc,phases      ] GC(283) Summary Phase 0.023ms
[94.593s][info][gc,phases,start] GC(283) Adjust Roots
[94.593s][info][gc,phases      ] GC(283) Adjust Roots 0.209ms
[94.593s][info][gc,phases,start] GC(283) Compaction Phase
[94.688s][info][gc,phases      ] GC(283) Compaction Phase 95.548ms
[94.689s][info][gc,phases,start] GC(283) Post Compact
[94.690s][info][gc,phases      ] GC(283) Post Compact 1.553ms
[94.690s][info][gc,heap        ] GC(283) PSYoungGen: 33771K(77312K)->33771K(77312K) Eden: 24575K(24576K)->24575K(24576K) From: 9195K(52736K)->9195K(52736K)
[94.690s][info][gc,heap        ] GC(283) ParOldGen: 335318K(341504K)->335318K(341504K)
[94.690s][info][gc,metaspace   ] GC(283) Metaspace: 6298K(6464K)->6298K(6464K) NonClass: 5764K(5824K)->5764K(5824K) Class: 533K(640K)->533K(640K)
[94.690s][info][gc             ] GC(283) Pause Full (Ergonomics) 360M->360M(409M) 377.843ms
[94.690s][info][gc,cpu         ] GC(283) User=0.38s Sys=0.00s Real=0.38s
[94.690s][info][gc,start       ] GC(284) Pause Full (Ergonomics)
[94.691s][info][gc,phases,start] GC(284) Marking Phase
[94.966s][info][gc,phases      ] GC(284) Marking Phase 275.908ms
[94.967s][info][gc,phases,start] GC(284) Summary Phase
[94.967s][info][gc,phases      ] GC(284) Summary Phase 0.035ms
[94.967s][info][gc,phases,start] GC(284) Adjust Roots
[94.967s][info][gc,phases      ] GC(284) Adjust Roots 0.268ms
[94.967s][info][gc,phases,start] GC(284) Compaction Phase
[95.063s][info][gc,phases      ] GC(284) Compaction Phase 95.811ms
[95.063s][info][gc,phases,start] GC(284) Post Compact
[95.064s][info][gc,phases      ] GC(284) Post Compact 1.495ms
[95.064s][info][gc,heap        ] GC(284) PSYoungGen: 33771K(77312K)->33771K(77312K) Eden: 24575K(24576K)->24575K(24576K) From: 9195K(52736K)->9195K(52736K)
[95.064s][info][gc,heap        ] GC(284) ParOldGen: 335323K(341504K)->335323K(341504K)
[95.064s][info][gc,metaspace   ] GC(284) Metaspace: 6298K(6464K)->6298K(6464K) NonClass: 5764K(5824K)->5764K(5824K) Class: 533K(640K)->533K(640K)
[95.064s][info][gc             ] GC(284) Pause Full (Ergonomics) 360M->360M(409M) 373.955ms
[95.064s][info][gc,cpu         ] GC(284) User=0.36s Sys=0.00s Real=0.37s
[95.065s][info][gc,start       ] GC(285) Pause Full (Ergonomics)
[95.065s][info][gc,phases,start] GC(285) Marking Phase
[95.345s][info][gc,phases      ] GC(285) Marking Phase 280.086ms
[95.345s][info][gc,phases,start] GC(285) Summary Phase
[95.345s][info][gc,phases      ] GC(285) Summary Phase 0.106ms
[95.345s][info][gc,phases,start] GC(285) Adjust Roots
[95.345s][info][gc,phases      ] GC(285) Adjust Roots 0.277ms
[95.345s][info][gc,phases,start] GC(285) Compaction Phase
[95.441s][info][gc,phases      ] GC(285) Compaction Phase 96.033ms
[95.441s][info][gc,phases,start] GC(285) Post Compact
[95.443s][info][gc,phases      ] GC(285) Post Compact 1.563ms
[95.443s][info][gc,heap        ] GC(285) PSYoungGen: 33771K(77312K)->33771K(77312K) Eden: 24575K(24576K)->24575K(24576K) From: 9195K(52736K)->9195K(52736K)
[95.443s][info][gc,heap        ] GC(285) ParOldGen: 335327K(341504K)->335327K(341504K)
[95.443s][info][gc,metaspace   ] GC(285) Metaspace: 6298K(6464K)->6298K(6464K) NonClass: 5764K(5824K)->5764K(5824K) Class: 533K(640K)->533K(640K)
[95.443s][info][gc             ] GC(285) Pause Full (Ergonomics) 360M->360M(409M) 378.452ms
[95.443s][info][gc,cpu         ] GC(285) User=0.36s Sys=0.00s Real=0.38s
[95.444s][info][gc,start       ] GC(286) Pause Full (Ergonomics)
[95.444s][info][gc,phases,start] GC(286) Marking Phase
[95.724s][info][gc,phases      ] GC(286) Marking Phase 280.353ms
[95.724s][info][gc,phases,start] GC(286) Summary Phase
[95.724s][info][gc,phases      ] GC(286) Summary Phase 0.034ms
[95.724s][info][gc,phases,start] GC(286) Adjust Roots
[95.724s][info][gc,phases      ] GC(286) Adjust Roots 0.233ms
[95.724s][info][gc,phases,start] GC(286) Compaction Phase
[95.820s][info][gc,phases      ] GC(286) Compaction Phase 95.844ms
[95.820s][info][gc,phases,start] GC(286) Post Compact
[95.822s][info][gc,phases      ] GC(286) Post Compact 1.527ms
[95.822s][info][gc,heap        ] GC(286) PSYoungGen: 33771K(77312K)->33771K(77312K) Eden: 24575K(24576K)->24575K(24576K) From: 9195K(52736K)->9195K(52736K)
[95.822s][info][gc,heap        ] GC(286) ParOldGen: 335332K(341504K)->335332K(341504K)
[95.822s][info][gc,metaspace   ] GC(286) Metaspace: 6298K(6464K)->6298K(6464K) NonClass: 5764K(5824K)->5764K(5824K) Class: 533K(640K)->533K(640K)
[95.822s][info][gc             ] GC(286) Pause Full (Ergonomics) 360M->360M(409M) 378.367ms
[95.822s][info][gc,cpu         ] GC(286) User=0.34s Sys=0.00s Real=0.38s
[95.822s][info][gc,start       ] GC(287) Pause Full (Ergonomics)
[95.822s][info][gc,phases,start] GC(287) Marking Phase
[96.103s][info][gc,phases      ] GC(287) Marking Phase 280.519ms
[96.103s][info][gc,phases,start] GC(287) Summary Phase
[96.103s][info][gc,phases      ] GC(287) Summary Phase 0.034ms
[96.103s][info][gc,phases,start] GC(287) Adjust Roots
[96.103s][info][gc,phases      ] GC(287) Adjust Roots 0.286ms
[96.103s][info][gc,phases,start] GC(287) Compaction Phase
[96.200s][info][gc,phases      ] GC(287) Compaction Phase 97.194ms
[96.200s][info][gc,phases,start] GC(287) Post Compact
[96.202s][info][gc,phases      ] GC(287) Post Compact 1.564ms
[96.202s][info][gc,heap        ] GC(287) PSYoungGen: 33771K(77312K)->33771K(77312K) Eden: 24575K(24576K)->24575K(24576K) From: 9195K(52736K)->9195K(52736K)
[96.202s][info][gc,heap        ] GC(287) ParOldGen: 335337K(341504K)->335337K(341504K)
[96.202s][info][gc,metaspace   ] GC(287) Metaspace: 6298K(6464K)->6298K(6464K) NonClass: 5764K(5824K)->5764K(5824K) Class: 533K(640K)->533K(640K)
[96.202s][info][gc             ] GC(287) Pause Full (Ergonomics) 360M->360M(409M) 379.974ms
[96.202s][info][gc,cpu         ] GC(287) User=0.34s Sys=0.00s Real=0.38s
[96.202s][info][gc,start       ] GC(288) Pause Full (Ergonomics)
[96.202s][info][gc,phases,start] GC(288) Marking Phase
[96.483s][info][gc,phases      ] GC(288) Marking Phase 280.351ms
[96.483s][info][gc,phases,start] GC(288) Summary Phase
[96.483s][info][gc,phases      ] GC(288) Summary Phase 0.034ms
[96.483s][info][gc,phases,start] GC(288) Adjust Roots
[96.483s][info][gc,phases      ] GC(288) Adjust Roots 0.288ms
[96.483s][info][gc,phases,start] GC(288) Compaction Phase
[96.579s][info][gc,phases      ] GC(288) Compaction Phase 95.739ms
[96.579s][info][gc,phases,start] GC(288) Post Compact
[96.581s][info][gc,phases      ] GC(288) Post Compact 1.517ms
[96.581s][info][gc,heap        ] GC(288) PSYoungGen: 33771K(77312K)->33771K(77312K) Eden: 24575K(24576K)->24575K(24576K) From: 9195K(52736K)->9195K(52736K)
[96.581s][info][gc,heap        ] GC(288) ParOldGen: 335341K(341504K)->335341K(341504K)
[96.581s][info][gc,metaspace   ] GC(288) Metaspace: 6298K(6464K)->6298K(6464K) NonClass: 5764K(5824K)->5764K(5824K) Class: 533K(640K)->533K(640K)
[96.581s][info][gc             ] GC(288) Pause Full (Ergonomics) 360M->360M(409M) 378.345ms
[96.581s][info][gc,cpu         ] GC(288) User=0.36s Sys=0.00s Real=0.38s
[96.581s][info][gc,start       ] GC(289) Pause Full (Ergonomics)
[96.581s][info][gc,phases,start] GC(289) Marking Phase
[96.861s][info][gc,phases      ] GC(289) Marking Phase 280.469ms
[96.862s][info][gc,phases,start] GC(289) Summary Phase
[96.862s][info][gc,phases      ] GC(289) Summary Phase 0.035ms
[96.862s][info][gc,phases,start] GC(289) Adjust Roots
[96.862s][info][gc,phases      ] GC(289) Adjust Roots 0.237ms
[96.862s][info][gc,phases,start] GC(289) Compaction Phase
[96.960s][info][gc,phases      ] GC(289) Compaction Phase 97.610ms
[96.960s][info][gc,phases,start] GC(289) Post Compact
[96.961s][info][gc,phases      ] GC(289) Post Compact 1.506ms
[96.961s][info][gc,heap        ] GC(289) PSYoungGen: 33771K(77312K)->33771K(77312K) Eden: 24575K(24576K)->24575K(24576K) From: 9195K(52736K)->9195K(52736K)
[96.961s][info][gc,heap        ] GC(289) ParOldGen: 335346K(341504K)->335346K(341504K)
[96.961s][info][gc,metaspace   ] GC(289) Metaspace: 6298K(6464K)->6298K(6464K) NonClass: 5764K(5824K)->5764K(5824K) Class: 533K(640K)->533K(640K)
[96.961s][info][gc             ] GC(289) Pause Full (Ergonomics) 360M->360M(409M) 380.227ms
[96.961s][info][gc,cpu         ] GC(289) User=0.36s Sys=0.00s Real=0.38s
[96.961s][info][gc,start       ] GC(290) Pause Full (Ergonomics)
[96.962s][info][gc,phases,start] GC(290) Marking Phase
[97.242s][info][gc,phases      ] GC(290) Marking Phase 280.502ms
[97.242s][info][gc,phases,start] GC(290) Summary Phase
[97.242s][info][gc,phases      ] GC(290) Summary Phase 0.035ms
[97.242s][info][gc,phases,start] GC(290) Adjust Roots
[97.242s][info][gc,phases      ] GC(290) Adjust Roots 0.284ms
[97.242s][info][gc,phases,start] GC(290) Compaction Phase
[97.339s][info][gc,phases      ] GC(290) Compaction Phase 96.612ms
[97.339s][info][gc,phases,start] GC(290) Post Compact
[97.341s][info][gc,phases      ] GC(290) Post Compact 1.508ms
[97.341s][info][gc,heap        ] GC(290) PSYoungGen: 33771K(77312K)->33771K(77312K) Eden: 24575K(24576K)->24575K(24576K) From: 9195K(52736K)->9195K(52736K)
[97.341s][info][gc,heap        ] GC(290) ParOldGen: 335351K(341504K)->335351K(341504K)
[97.341s][info][gc,metaspace   ] GC(290) Metaspace: 6298K(6464K)->6298K(6464K) NonClass: 5764K(5824K)->5764K(5824K) Class: 533K(640K)->533K(640K)
[97.341s][info][gc             ] GC(290) Pause Full (Ergonomics) 360M->360M(409M) 379.321ms
[97.341s][info][gc,cpu         ] GC(290) User=0.34s Sys=0.00s Real=0.38s
[97.341s][info][gc,start       ] GC(291) Pause Full (Ergonomics)
[97.341s][info][gc,phases,start] GC(291) Marking Phase
[97.622s][info][gc,phases      ] GC(291) Marking Phase 280.849ms
[97.622s][info][gc,phases,start] GC(291) Summary Phase
[97.622s][info][gc,phases      ] GC(291) Summary Phase 0.023ms
[97.622s][info][gc,phases,start] GC(291) Adjust Roots
[97.622s][info][gc,phases      ] GC(291) Adjust Roots 0.258ms
[97.622s][info][gc,phases,start] GC(291) Compaction Phase
[97.720s][info][gc,phases      ] GC(291) Compaction Phase 97.268ms
[97.720s][info][gc,phases,start] GC(291) Post Compact
[97.721s][info][gc,phases      ] GC(291) Post Compact 1.514ms
[97.721s][info][gc,heap        ] GC(291) PSYoungGen: 33771K(77312K)->33771K(77312K) Eden: 24575K(24576K)->24575K(24576K) From: 9195K(52736K)->9195K(52736K)
[97.721s][info][gc,heap        ] GC(291) ParOldGen: 335355K(341504K)->335355K(341504K)
[97.721s][info][gc,metaspace   ] GC(291) Metaspace: 6298K(6464K)->6298K(6464K) NonClass: 5764K(5824K)->5764K(5824K) Class: 533K(640K)->533K(640K)
[97.721s][info][gc             ] GC(291) Pause Full (Ergonomics) 360M->360M(409M) 380.258ms
[97.721s][info][gc,cpu         ] GC(291) User=0.36s Sys=0.00s Real=0.38s
[97.722s][info][gc,start       ] GC(292) Pause Full (Ergonomics)
[97.722s][info][gc,phases,start] GC(292) Marking Phase
[98.002s][info][gc,phases      ] GC(292) Marking Phase 280.657ms
[98.002s][info][gc,phases,start] GC(292) Summary Phase
[98.002s][info][gc,phases      ] GC(292) Summary Phase 0.035ms
[98.002s][info][gc,phases,start] GC(292) Adjust Roots
[98.003s][info][gc,phases      ] GC(292) Adjust Roots 0.287ms
[98.003s][info][gc,phases,start] GC(292) Compaction Phase
[98.099s][info][gc,phases      ] GC(292) Compaction Phase 96.671ms
[98.100s][info][gc,phases,start] GC(292) Post Compact
[98.101s][info][gc,phases      ] GC(292) Post Compact 1.510ms
[98.101s][info][gc,heap        ] GC(292) PSYoungGen: 33771K(77312K)->33771K(77312K) Eden: 24575K(24576K)->24575K(24576K) From: 9195K(52736K)->9195K(52736K)
[98.101s][info][gc,heap        ] GC(292) ParOldGen: 335360K(341504K)->335360K(341504K)
[98.101s][info][gc,metaspace   ] GC(292) Metaspace: 6298K(6464K)->6298K(6464K) NonClass: 5764K(5824K)->5764K(5824K) Class: 533K(640K)->533K(640K)
[98.101s][info][gc             ] GC(292) Pause Full (Ergonomics) 360M->360M(409M) 379.576ms
[98.101s][info][gc,cpu         ] GC(292) User=0.36s Sys=0.00s Real=0.38s
[98.102s][info][gc,start       ] GC(293) Pause Full (Ergonomics)
[98.102s][info][gc,phases,start] GC(293) Marking Phase
[98.381s][info][gc,phases      ] GC(293) Marking Phase 279.943ms
[98.382s][info][gc,phases,start] GC(293) Summary Phase
[98.382s][info][gc,phases      ] GC(293) Summary Phase 0.035ms
[98.382s][info][gc,phases,start] GC(293) Adjust Roots
[98.382s][info][gc,phases      ] GC(293) Adjust Roots 0.264ms
[98.382s][info][gc,phases,start] GC(293) Compaction Phase
[98.478s][info][gc,phases      ] GC(293) Compaction Phase 95.731ms
[98.478s][info][gc,phases,start] GC(293) Post Compact
[98.479s][info][gc,phases      ] GC(293) Post Compact 1.511ms
[98.479s][info][gc,heap        ] GC(293) PSYoungGen: 33771K(77312K)->33771K(77312K) Eden: 24575K(24576K)->24575K(24576K) From: 9195K(52736K)->9195K(52736K)
[98.479s][info][gc,heap        ] GC(293) ParOldGen: 335365K(341504K)->335365K(341504K)
[98.479s][info][gc,metaspace   ] GC(293) Metaspace: 6298K(6464K)->6298K(6464K) NonClass: 5764K(5824K)->5764K(5824K) Class: 533K(640K)->533K(640K)
[98.479s][info][gc             ] GC(293) Pause Full (Ergonomics) 360M->360M(409M) 377.893ms
[98.479s][info][gc,cpu         ] GC(293) User=0.34s Sys=0.00s Real=0.38s
[98.480s][info][gc,start       ] GC(294) Pause Full (Ergonomics)
[98.480s][info][gc,phases,start] GC(294) Marking Phase
[98.761s][info][gc,phases      ] GC(294) Marking Phase 280.806ms
[98.761s][info][gc,phases,start] GC(294) Summary Phase
[98.761s][info][gc,phases      ] GC(294) Summary Phase 0.034ms
[98.761s][info][gc,phases,start] GC(294) Adjust Roots
[98.761s][info][gc,phases      ] GC(294) Adjust Roots 0.243ms
[98.761s][info][gc,phases,start] GC(294) Compaction Phase
[98.857s][info][gc,phases      ] GC(294) Compaction Phase 96.401ms
[98.857s][info][gc,phases,start] GC(294) Post Compact
[98.859s][info][gc,phases      ] GC(294) Post Compact 1.526ms
[98.859s][info][gc,heap        ] GC(294) PSYoungGen: 33771K(77312K)->33771K(77312K) Eden: 24575K(24576K)->24575K(24576K) From: 9195K(52736K)->9195K(52736K)
[98.859s][info][gc,heap        ] GC(294) ParOldGen: 335369K(341504K)->335369K(341504K)
[98.859s][info][gc,metaspace   ] GC(294) Metaspace: 6298K(6464K)->6298K(6464K) NonClass: 5764K(5824K)->5764K(5824K) Class: 533K(640K)->533K(640K)
[98.859s][info][gc             ] GC(294) Pause Full (Ergonomics) 360M->360M(409M) 379.447ms
[98.859s][info][gc,cpu         ] GC(294) User=0.34s Sys=0.00s Real=0.38s
[98.859s][info][gc,start       ] GC(295) Pause Full (Ergonomics)
[98.859s][info][gc,phases,start] GC(295) Marking Phase
[99.140s][info][gc,phases      ] GC(295) Marking Phase 280.261ms
[99.140s][info][gc,phases,start] GC(295) Summary Phase
[99.140s][info][gc,phases      ] GC(295) Summary Phase 0.023ms
[99.140s][info][gc,phases,start] GC(295) Adjust Roots
[99.140s][info][gc,phases      ] GC(295) Adjust Roots 0.192ms
[99.140s][info][gc,phases,start] GC(295) Compaction Phase
[99.236s][info][gc,phases      ] GC(295) Compaction Phase 95.624ms
[99.236s][info][gc,phases,start] GC(295) Post Compact
[99.237s][info][gc,phases      ] GC(295) Post Compact 1.526ms
[99.237s][info][gc,heap        ] GC(295) PSYoungGen: 33771K(77312K)->33771K(77312K) Eden: 24575K(24576K)->24575K(24576K) From: 9195K(52736K)->9195K(52736K)
[99.237s][info][gc,heap        ] GC(295) ParOldGen: 335374K(341504K)->335374K(341504K)
[99.237s][info][gc,metaspace   ] GC(295) Metaspace: 6298K(6464K)->6298K(6464K) NonClass: 5764K(5824K)->5764K(5824K) Class: 533K(640K)->533K(640K)
[99.237s][info][gc             ] GC(295) Pause Full (Ergonomics) 360M->360M(409M) 377.958ms
[99.237s][info][gc,cpu         ] GC(295) User=0.36s Sys=0.00s Real=0.38s
[99.238s][info][gc,start       ] GC(296) Pause Full (Ergonomics)
[99.238s][info][gc,phases,start] GC(296) Marking Phase
[99.518s][info][gc,phases      ] GC(296) Marking Phase 280.630ms
[99.518s][info][gc,phases,start] GC(296) Summary Phase
[99.518s][info][gc,phases      ] GC(296) Summary Phase 0.035ms
[99.518s][info][gc,phases,start] GC(296) Adjust Roots
[99.519s][info][gc,phases      ] GC(296) Adjust Roots 0.266ms
[99.519s][info][gc,phases,start] GC(296) Compaction Phase
[99.615s][info][gc,phases      ] GC(296) Compaction Phase 95.881ms
[99.615s][info][gc,phases,start] GC(296) Post Compact
[99.616s][info][gc,phases      ] GC(296) Post Compact 1.502ms
[99.616s][info][gc,heap        ] GC(296) PSYoungGen: 33771K(77312K)->33771K(77312K) Eden: 24575K(24576K)->24575K(24576K) From: 9195K(52736K)->9195K(52736K)
[99.616s][info][gc,heap        ] GC(296) ParOldGen: 335379K(341504K)->335379K(341504K)
[99.616s][info][gc,metaspace   ] GC(296) Metaspace: 6298K(6464K)->6298K(6464K) NonClass: 5764K(5824K)->5764K(5824K) Class: 533K(640K)->533K(640K)
[99.616s][info][gc             ] GC(296) Pause Full (Ergonomics) 360M->360M(409M) 378.733ms
[99.616s][info][gc,cpu         ] GC(296) User=0.38s Sys=0.00s Real=0.38s
[99.617s][info][gc,start       ] GC(297) Pause Full (Ergonomics)
[99.617s][info][gc,phases,start] GC(297) Marking Phase
[99.901s][info][gc,phases      ] GC(297) Marking Phase 284.401ms
[99.901s][info][gc,phases,start] GC(297) Summary Phase
[99.901s][info][gc,phases      ] GC(297) Summary Phase 0.023ms
[99.901s][info][gc,phases,start] GC(297) Adjust Roots
[99.901s][info][gc,phases      ] GC(297) Adjust Roots 0.230ms
[99.901s][info][gc,phases,start] GC(297) Compaction Phase
[100.004s][info][gc,phases      ] GC(297) Compaction Phase 102.459ms
[100.004s][info][gc,phases,start] GC(297) Post Compact
[100.006s][info][gc,phases      ] GC(297) Post Compact 1.511ms
[100.006s][info][gc,heap        ] GC(297) PSYoungGen: 33771K(77312K)->33771K(77312K) Eden: 24575K(24576K)->24575K(24576K) From: 9195K(52736K)->9195K(52736K)
[100.006s][info][gc,heap        ] GC(297) ParOldGen: 335383K(341504K)->335383K(341504K)
[100.006s][info][gc,metaspace   ] GC(297) Metaspace: 6298K(6464K)->6298K(6464K) NonClass: 5764K(5824K)->5764K(5824K) Class: 533K(640K)->533K(640K)
[100.006s][info][gc             ] GC(297) Pause Full (Ergonomics) 360M->360M(409M) 389.002ms
[100.006s][info][gc,cpu         ] GC(297) User=0.34s Sys=0.00s Real=0.39s
[100.006s][info][gc,start       ] GC(298) Pause Full (Ergonomics)
[100.006s][info][gc,phases,start] GC(298) Marking Phase
[100.289s][info][gc,phases      ] GC(298) Marking Phase 282.609ms
[100.289s][info][gc,phases,start] GC(298) Summary Phase
[100.289s][info][gc,phases      ] GC(298) Summary Phase 0.034ms
[100.289s][info][gc,phases,start] GC(298) Adjust Roots
[100.289s][info][gc,phases      ] GC(298) Adjust Roots 0.241ms
[100.289s][info][gc,phases,start] GC(298) Compaction Phase
[100.385s][info][gc,phases      ] GC(298) Compaction Phase 95.863ms
[100.385s][info][gc,phases,start] GC(298) Post Compact
[100.387s][info][gc,phases      ] GC(298) Post Compact 1.526ms
[100.387s][info][gc,heap        ] GC(298) PSYoungGen: 33771K(77312K)->33771K(77312K) Eden: 24575K(24576K)->24575K(24576K) From: 9195K(52736K)->9195K(52736K)
[100.387s][info][gc,heap        ] GC(298) ParOldGen: 335388K(341504K)->335388K(341504K)
[100.387s][info][gc,metaspace   ] GC(298) Metaspace: 6298K(6464K)->6298K(6464K) NonClass: 5764K(5824K)->5764K(5824K) Class: 533K(640K)->533K(640K)
[100.387s][info][gc             ] GC(298) Pause Full (Ergonomics) 360M->360M(409M) 380.660ms
[100.387s][info][gc,cpu         ] GC(298) User=0.34s Sys=0.00s Real=0.38s
[100.387s][info][gc,start       ] GC(299) Pause Full (Ergonomics)
[100.387s][info][gc,phases,start] GC(299) Marking Phase
[100.668s][info][gc,phases      ] GC(299) Marking Phase 280.693ms
[100.668s][info][gc,phases,start] GC(299) Summary Phase
[100.668s][info][gc,phases      ] GC(299) Summary Phase 0.034ms
[100.668s][info][gc,phases,start] GC(299) Adjust Roots
[100.668s][info][gc,phases      ] GC(299) Adjust Roots 0.267ms
[100.668s][info][gc,phases,start] GC(299) Compaction Phase
[100.764s][info][gc,phases      ] GC(299) Compaction Phase 96.253ms
[100.764s][info][gc,phases,start] GC(299) Post Compact
[100.766s][info][gc,phases      ] GC(299) Post Compact 1.525ms
[100.766s][info][gc,heap        ] GC(299) PSYoungGen: 33771K(77312K)->33771K(77312K) Eden: 24575K(24576K)->24575K(24576K) From: 9195K(52736K)->9195K(52736K)
[100.766s][info][gc,heap        ] GC(299) ParOldGen: 335393K(341504K)->335393K(341504K)
[100.766s][info][gc,metaspace   ] GC(299) Metaspace: 6298K(6464K)->6298K(6464K) NonClass: 5764K(5824K)->5764K(5824K) Class: 533K(640K)->533K(640K)
[100.766s][info][gc             ] GC(299) Pause Full (Ergonomics) 360M->360M(409M) 379.155ms
[100.766s][info][gc,cpu         ] GC(299) User=0.34s Sys=0.00s Real=0.38s
[100.766s][info][gc,start       ] GC(300) Pause Full (Ergonomics)
[100.766s][info][gc,phases,start] GC(300) Marking Phase
[101.045s][info][gc,phases      ] GC(300) Marking Phase 279.054ms
[101.046s][info][gc,phases,start] GC(300) Summary Phase
[101.046s][info][gc,phases      ] GC(300) Summary Phase 0.023ms
[101.046s][info][gc,phases,start] GC(300) Adjust Roots
[101.046s][info][gc,phases      ] GC(300) Adjust Roots 0.200ms
[101.046s][info][gc,phases,start] GC(300) Compaction Phase
[101.142s][info][gc,phases      ] GC(300) Compaction Phase 96.351ms
[101.142s][info][gc,phases,start] GC(300) Post Compact
[101.144s][info][gc,phases      ] GC(300) Post Compact 1.481ms
[101.144s][info][gc,heap        ] GC(300) PSYoungGen: 33771K(77312K)->33771K(77312K) Eden: 24575K(24576K)->24575K(24576K) From: 9195K(52736K)->9195K(52736K)
[101.144s][info][gc,heap        ] GC(300) ParOldGen: 335397K(341504K)->335397K(341504K)
[101.144s][info][gc,metaspace   ] GC(300) Metaspace: 6298K(6464K)->6298K(6464K) NonClass: 5764K(5824K)->5764K(5824K) Class: 533K(640K)->533K(640K)
[101.144s][info][gc             ] GC(300) Pause Full (Ergonomics) 360M->360M(409M) 377.450ms
[101.144s][info][gc,cpu         ] GC(300) User=0.36s Sys=0.00s Real=0.38s
[101.144s][info][gc,start       ] GC(301) Pause Full (Ergonomics)
[101.144s][info][gc,phases,start] GC(301) Marking Phase
[101.425s][info][gc,phases      ] GC(301) Marking Phase 280.824ms
[101.425s][info][gc,phases,start] GC(301) Summary Phase
[101.425s][info][gc,phases      ] GC(301) Summary Phase 0.035ms
[101.425s][info][gc,phases,start] GC(301) Adjust Roots
[101.425s][info][gc,phases      ] GC(301) Adjust Roots 0.262ms
[101.425s][info][gc,phases,start] GC(301) Compaction Phase
[101.522s][info][gc,phases      ] GC(301) Compaction Phase 96.690ms
[101.522s][info][gc,phases,start] GC(301) Post Compact
[101.524s][info][gc,phases      ] GC(301) Post Compact 1.505ms
[101.524s][info][gc,heap        ] GC(301) PSYoungGen: 33771K(77312K)->33771K(77312K) Eden: 24575K(24576K)->24575K(24576K) From: 9195K(52736K)->9195K(52736K)
[101.524s][info][gc,heap        ] GC(301) ParOldGen: 335402K(341504K)->335402K(341504K)
[101.524s][info][gc,metaspace   ] GC(301) Metaspace: 6298K(6464K)->6298K(6464K) NonClass: 5764K(5824K)->5764K(5824K) Class: 533K(640K)->533K(640K)
[101.524s][info][gc             ] GC(301) Pause Full (Ergonomics) 360M->360M(409M) 379.714ms
[101.524s][info][gc,cpu         ] GC(301) User=0.39s Sys=0.00s Real=0.38s
[101.524s][info][gc,start       ] GC(302) Pause Full (Ergonomics)
[101.524s][info][gc,phases,start] GC(302) Marking Phase
[101.805s][info][gc,phases      ] GC(302) Marking Phase 280.552ms
[101.805s][info][gc,phases,start] GC(302) Summary Phase
[101.805s][info][gc,phases      ] GC(302) Summary Phase 0.060ms
[101.805s][info][gc,phases,start] GC(302) Adjust Roots
[101.805s][info][gc,phases      ] GC(302) Adjust Roots 0.205ms
[101.805s][info][gc,phases,start] GC(302) Compaction Phase
[101.901s][info][gc,phases      ] GC(302) Compaction Phase 96.085ms
[101.901s][info][gc,phases,start] GC(302) Post Compact
[101.903s][info][gc,phases      ] GC(302) Post Compact 1.519ms
[101.903s][info][gc,heap        ] GC(302) PSYoungGen: 33771K(77312K)->33771K(77312K) Eden: 24575K(24576K)->24575K(24576K) From: 9195K(52736K)->9195K(52736K)
[101.903s][info][gc,heap        ] GC(302) ParOldGen: 335407K(341504K)->335407K(341504K)
[101.903s][info][gc,metaspace   ] GC(302) Metaspace: 6298K(6464K)->6298K(6464K) NonClass: 5764K(5824K)->5764K(5824K) Class: 533K(640K)->533K(640K)
[101.903s][info][gc             ] GC(302) Pause Full (Ergonomics) 360M->360M(409M) 378.779ms
[101.903s][info][gc,cpu         ] GC(302) User=0.34s Sys=0.02s Real=0.38s
[101.903s][info][gc,start       ] GC(303) Pause Full (Ergonomics)
[101.903s][info][gc,phases,start] GC(303) Marking Phase
[102.184s][info][gc,phases      ] GC(303) Marking Phase 280.549ms
[102.184s][info][gc,phases,start] GC(303) Summary Phase
[102.184s][info][gc,phases      ] GC(303) Summary Phase 0.034ms
[102.184s][info][gc,phases,start] GC(303) Adjust Roots
[102.184s][info][gc,phases      ] GC(303) Adjust Roots 0.259ms
[102.184s][info][gc,phases,start] GC(303) Compaction Phase
[102.281s][info][gc,phases      ] GC(303) Compaction Phase 96.358ms
[102.281s][info][gc,phases,start] GC(303) Post Compact
[102.282s][info][gc,phases      ] GC(303) Post Compact 1.504ms
[102.282s][info][gc,heap        ] GC(303) PSYoungGen: 33771K(77312K)->33771K(77312K) Eden: 24575K(24576K)->24575K(24576K) From: 9195K(52736K)->9195K(52736K)
[102.282s][info][gc,heap        ] GC(303) ParOldGen: 335411K(341504K)->335411K(341504K)
[102.282s][info][gc,metaspace   ] GC(303) Metaspace: 6298K(6464K)->6298K(6464K) NonClass: 5764K(5824K)->5764K(5824K) Class: 533K(640K)->533K(640K)
[102.283s][info][gc             ] GC(303) Pause Full (Ergonomics) 360M->360M(409M) 379.132ms
[102.283s][info][gc,cpu         ] GC(303) User=0.34s Sys=0.00s Real=0.38s
[102.283s][info][gc,start       ] GC(304) Pause Full (Ergonomics)
[102.283s][info][gc,phases,start] GC(304) Marking Phase
[102.563s][info][gc,phases      ] GC(304) Marking Phase 280.430ms
[102.563s][info][gc,phases,start] GC(304) Summary Phase
[102.563s][info][gc,phases      ] GC(304) Summary Phase 0.035ms
[102.563s][info][gc,phases,start] GC(304) Adjust Roots
[102.564s][info][gc,phases      ] GC(304) Adjust Roots 0.240ms
[102.564s][info][gc,phases,start] GC(304) Compaction Phase
[102.659s][info][gc,phases      ] GC(304) Compaction Phase 95.671ms
[102.659s][info][gc,phases,start] GC(304) Post Compact
[102.661s][info][gc,phases      ] GC(304) Post Compact 1.527ms
[102.661s][info][gc,heap        ] GC(304) PSYoungGen: 33771K(77312K)->33771K(77312K) Eden: 24575K(24576K)->24575K(24576K) From: 9195K(52736K)->9195K(52736K)
[102.661s][info][gc,heap        ] GC(304) ParOldGen: 335416K(341504K)->335416K(341504K)
[102.661s][info][gc,metaspace   ] GC(304) Metaspace: 6298K(6464K)->6298K(6464K) NonClass: 5764K(5824K)->5764K(5824K) Class: 533K(640K)->533K(640K)
[102.661s][info][gc             ] GC(304) Pause Full (Ergonomics) 360M->360M(409M) 378.310ms
[102.661s][info][gc,cpu         ] GC(304) User=0.36s Sys=0.00s Real=0.38s
[102.661s][info][gc,start       ] GC(305) Pause Full (Ergonomics)
[102.661s][info][gc,phases,start] GC(305) Marking Phase
[102.938s][info][gc,phases      ] GC(305) Marking Phase 276.207ms
[102.938s][info][gc,phases,start] GC(305) Summary Phase
[102.938s][info][gc,phases      ] GC(305) Summary Phase 0.034ms
[102.938s][info][gc,phases,start] GC(305) Adjust Roots
[102.938s][info][gc,phases      ] GC(305) Adjust Roots 0.230ms
[102.938s][info][gc,phases,start] GC(305) Compaction Phase
[103.035s][info][gc,phases      ] GC(305) Compaction Phase 97.396ms
[103.035s][info][gc,phases,start] GC(305) Post Compact
[103.037s][info][gc,phases      ] GC(305) Post Compact 1.520ms
[103.037s][info][gc,heap        ] GC(305) PSYoungGen: 33771K(77312K)->33771K(77312K) Eden: 24575K(24576K)->24575K(24576K) From: 9195K(52736K)->9195K(52736K)
[103.037s][info][gc,heap        ] GC(305) ParOldGen: 335421K(341504K)->335421K(341504K)
[103.037s][info][gc,metaspace   ] GC(305) Metaspace: 6298K(6464K)->6298K(6464K) NonClass: 5764K(5824K)->5764K(5824K) Class: 533K(640K)->533K(640K)
[103.037s][info][gc             ] GC(305) Pause Full (Ergonomics) 360M->360M(409M) 375.761ms
[103.037s][info][gc,cpu         ] GC(305) User=0.36s Sys=0.00s Real=0.38s
[103.037s][info][gc,start       ] GC(306) Pause Full (Ergonomics)
[103.037s][info][gc,phases,start] GC(306) Marking Phase
[103.314s][info][gc,phases      ] GC(306) Marking Phase 276.607ms
[103.314s][info][gc,phases,start] GC(306) Summary Phase
[103.314s][info][gc,phases      ] GC(306) Summary Phase 0.035ms
[103.314s][info][gc,phases,start] GC(306) Adjust Roots
[103.314s][info][gc,phases      ] GC(306) Adjust Roots 0.248ms
[103.314s][info][gc,phases,start] GC(306) Compaction Phase
[103.410s][info][gc,phases      ] GC(306) Compaction Phase 95.391ms
[103.410s][info][gc,phases,start] GC(306) Post Compact
[103.411s][info][gc,phases      ] GC(306) Post Compact 1.514ms
[103.412s][info][gc,heap        ] GC(306) PSYoungGen: 33771K(77312K)->33771K(77312K) Eden: 24575K(24576K)->24575K(24576K) From: 9195K(52736K)->9195K(52736K)
[103.412s][info][gc,heap        ] GC(306) ParOldGen: 335425K(341504K)->335425K(341504K)
[103.412s][info][gc,metaspace   ] GC(306) Metaspace: 6298K(6464K)->6298K(6464K) NonClass: 5764K(5824K)->5764K(5824K) Class: 533K(640K)->533K(640K)
[103.412s][info][gc             ] GC(306) Pause Full (Ergonomics) 360M->360M(409M) 374.193ms
[103.412s][info][gc,cpu         ] GC(306) User=0.34s Sys=0.00s Real=0.38s
[103.412s][info][gc,start       ] GC(307) Pause Full (Ergonomics)
[103.412s][info][gc,phases,start] GC(307) Marking Phase
[103.693s][info][gc,phases      ] GC(307) Marking Phase 280.748ms
[103.693s][info][gc,phases,start] GC(307) Summary Phase
[103.693s][info][gc,phases      ] GC(307) Summary Phase 0.034ms
[103.693s][info][gc,phases,start] GC(307) Adjust Roots
[103.693s][info][gc,phases      ] GC(307) Adjust Roots 0.263ms
[103.693s][info][gc,phases,start] GC(307) Compaction Phase
[103.789s][info][gc,phases      ] GC(307) Compaction Phase 95.727ms
[103.789s][info][gc,phases,start] GC(307) Post Compact
[103.790s][info][gc,phases      ] GC(307) Post Compact 1.510ms
[103.790s][info][gc,heap        ] GC(307) PSYoungGen: 33771K(77312K)->33771K(77312K) Eden: 24575K(24576K)->24575K(24576K) From: 9195K(52736K)->9195K(52736K)
[103.790s][info][gc,heap        ] GC(307) ParOldGen: 335430K(341504K)->335430K(341504K)
[103.790s][info][gc,metaspace   ] GC(307) Metaspace: 6298K(6464K)->6298K(6464K) NonClass: 5764K(5824K)->5764K(5824K) Class: 533K(640K)->533K(640K)
[103.791s][info][gc             ] GC(307) Pause Full (Ergonomics) 360M->360M(409M) 378.668ms
[103.791s][info][gc,cpu         ] GC(307) User=0.38s Sys=0.00s Real=0.38s
[103.791s][info][gc,start       ] GC(308) Pause Full (Ergonomics)
[103.791s][info][gc,phases,start] GC(308) Marking Phase
[104.071s][info][gc,phases      ] GC(308) Marking Phase 280.442ms
[104.072s][info][gc,phases,start] GC(308) Summary Phase
[104.072s][info][gc,phases      ] GC(308) Summary Phase 0.035ms
[104.072s][info][gc,phases,start] GC(308) Adjust Roots
[104.072s][info][gc,phases      ] GC(308) Adjust Roots 0.248ms
[104.072s][info][gc,phases,start] GC(308) Compaction Phase
[104.168s][info][gc,phases      ] GC(308) Compaction Phase 96.375ms
[104.168s][info][gc,phases,start] GC(308) Post Compact
[104.170s][info][gc,phases      ] GC(308) Post Compact 1.738ms
[104.170s][info][gc,heap        ] GC(308) PSYoungGen: 33771K(77312K)->33771K(77312K) Eden: 24575K(24576K)->24575K(24576K) From: 9195K(52736K)->9195K(52736K)
[104.170s][info][gc,heap        ] GC(308) ParOldGen: 335435K(341504K)->335435K(341504K)
[104.170s][info][gc,metaspace   ] GC(308) Metaspace: 6298K(6464K)->6298K(6464K) NonClass: 5764K(5824K)->5764K(5824K) Class: 533K(640K)->533K(640K)
[104.170s][info][gc             ] GC(308) Pause Full (Ergonomics) 360M->360M(409M) 379.258ms
[104.170s][info][gc,cpu         ] GC(308) User=0.34s Sys=0.00s Real=0.38s
[104.171s][info][gc,start       ] GC(309) Pause Full (Ergonomics)
[104.171s][info][gc,phases,start] GC(309) Marking Phase
[104.490s][info][gc,phases      ] GC(309) Marking Phase 319.373ms
[104.490s][info][gc,phases,start] GC(309) Summary Phase
[104.490s][info][gc,phases      ] GC(309) Summary Phase 0.023ms
[104.490s][info][gc,phases,start] GC(309) Adjust Roots
[104.490s][info][gc,phases      ] GC(309) Adjust Roots 0.225ms
[104.490s][info][gc,phases,start] GC(309) Compaction Phase
[104.586s][info][gc,phases      ] GC(309) Compaction Phase 96.146ms
[104.586s][info][gc,phases,start] GC(309) Post Compact
[104.588s][info][gc,phases      ] GC(309) Post Compact 1.730ms
[104.588s][info][gc,heap        ] GC(309) PSYoungGen: 33771K(77312K)->33771K(77312K) Eden: 24575K(24576K)->24575K(24576K) From: 9195K(52736K)->9195K(52736K)
[104.588s][info][gc,heap        ] GC(309) ParOldGen: 335439K(341504K)->335439K(341504K)
[104.588s][info][gc,metaspace   ] GC(309) Metaspace: 6298K(6464K)->6298K(6464K) NonClass: 5764K(5824K)->5764K(5824K) Class: 533K(640K)->533K(640K)
[104.588s][info][gc             ] GC(309) Pause Full (Ergonomics) 360M->360M(409M) 417.835ms
[104.588s][info][gc,cpu         ] GC(309) User=0.36s Sys=0.00s Real=0.42s
[104.589s][info][gc,start       ] GC(310) Pause Full (Ergonomics)
[104.589s][info][gc,phases,start] GC(310) Marking Phase
[104.873s][info][gc,phases      ] GC(310) Marking Phase 284.420ms
[104.873s][info][gc,phases,start] GC(310) Summary Phase
[104.873s][info][gc,phases      ] GC(310) Summary Phase 0.028ms
[104.873s][info][gc,phases,start] GC(310) Adjust Roots
[104.873s][info][gc,phases      ] GC(310) Adjust Roots 0.211ms
[104.873s][info][gc,phases,start] GC(310) Compaction Phase
[104.977s][info][gc,phases      ] GC(310) Compaction Phase 103.275ms
[104.977s][info][gc,phases,start] GC(310) Post Compact
[104.978s][info][gc,phases      ] GC(310) Post Compact 1.766ms
[104.979s][info][gc,heap        ] GC(310) PSYoungGen: 33771K(77312K)->33771K(77312K) Eden: 24575K(24576K)->24575K(24576K) From: 9195K(52736K)->9195K(52736K)
[104.979s][info][gc,heap        ] GC(310) ParOldGen: 335444K(341504K)->335444K(341504K)
[104.979s][info][gc,metaspace   ] GC(310) Metaspace: 6298K(6464K)->6298K(6464K) NonClass: 5764K(5824K)->5764K(5824K) Class: 533K(640K)->533K(640K)
[104.979s][info][gc             ] GC(310) Pause Full (Ergonomics) 360M->360M(409M) 390.045ms
[104.979s][info][gc,cpu         ] GC(310) User=0.31s Sys=0.00s Real=0.39s
[104.979s][info][gc,start       ] GC(311) Pause Full (Ergonomics)
[104.979s][info][gc,phases,start] GC(311) Marking Phase
[105.261s][info][gc,phases      ] GC(311) Marking Phase 282.402ms
[105.261s][info][gc,phases,start] GC(311) Summary Phase
[105.261s][info][gc,phases      ] GC(311) Summary Phase 0.022ms
[105.261s][info][gc,phases,start] GC(311) Adjust Roots
[105.262s][info][gc,phases      ] GC(311) Adjust Roots 0.300ms
[105.262s][info][gc,phases,start] GC(311) Compaction Phase
[105.371s][info][gc,phases      ] GC(311) Compaction Phase 109.602ms
[105.371s][info][gc,phases,start] GC(311) Post Compact
[105.373s][info][gc,phases      ] GC(311) Post Compact 1.519ms
[105.373s][info][gc,heap        ] GC(311) PSYoungGen: 33771K(77312K)->33771K(77312K) Eden: 24575K(24576K)->24575K(24576K) From: 9195K(52736K)->9195K(52736K)
[105.373s][info][gc,heap        ] GC(311) ParOldGen: 335449K(341504K)->335449K(341504K)
[105.373s][info][gc,metaspace   ] GC(311) Metaspace: 6298K(6464K)->6298K(6464K) NonClass: 5764K(5824K)->5764K(5824K) Class: 533K(640K)->533K(640K)
[105.373s][info][gc             ] GC(311) Pause Full (Ergonomics) 360M->360M(409M) 394.213ms
[105.373s][info][gc,cpu         ] GC(311) User=0.34s Sys=0.00s Real=0.39s
[105.373s][info][gc,start       ] GC(312) Pause Full (Ergonomics)
[105.373s][info][gc,phases,start] GC(312) Marking Phase
[105.653s][info][gc,phases      ] GC(312) Marking Phase 279.826ms
[105.653s][info][gc,phases,start] GC(312) Summary Phase
[105.653s][info][gc,phases      ] GC(312) Summary Phase 0.024ms
[105.653s][info][gc,phases,start] GC(312) Adjust Roots
[105.654s][info][gc,phases      ] GC(312) Adjust Roots 0.265ms
[105.654s][info][gc,phases,start] GC(312) Compaction Phase
[105.749s][info][gc,phases      ] GC(312) Compaction Phase 94.939ms
[105.749s][info][gc,phases,start] GC(312) Post Compact
[105.750s][info][gc,phases      ] GC(312) Post Compact 1.512ms
[105.750s][info][gc,heap        ] GC(312) PSYoungGen: 33771K(77312K)->33771K(77312K) Eden: 24575K(24576K)->24575K(24576K) From: 9195K(52736K)->9195K(52736K)
[105.750s][info][gc,heap        ] GC(312) ParOldGen: 335453K(341504K)->335453K(341504K)
[105.750s][info][gc,metaspace   ] GC(312) Metaspace: 6298K(6464K)->6298K(6464K) NonClass: 5764K(5824K)->5764K(5824K) Class: 533K(640K)->533K(640K)
[105.750s][info][gc             ] GC(312) Pause Full (Ergonomics) 360M->360M(409M) 376.901ms
[105.750s][info][gc,cpu         ] GC(312) User=0.36s Sys=0.00s Real=0.38s
[105.751s][info][gc,start       ] GC(313) Pause Full (Ergonomics)
[105.751s][info][gc,phases,start] GC(313) Marking Phase
[106.032s][info][gc,phases      ] GC(313) Marking Phase 281.842ms
[106.033s][info][gc,phases,start] GC(313) Summary Phase
[106.033s][info][gc,phases      ] GC(313) Summary Phase 0.018ms
[106.033s][info][gc,phases,start] GC(313) Adjust Roots
[106.033s][info][gc,phases      ] GC(313) Adjust Roots 0.248ms
[106.033s][info][gc,phases,start] GC(313) Compaction Phase
[106.154s][info][gc,phases      ] GC(313) Compaction Phase 120.916ms
[106.154s][info][gc,phases,start] GC(313) Post Compact
[106.156s][info][gc,phases      ] GC(313) Post Compact 1.827ms
[106.156s][info][gc,heap        ] GC(313) PSYoungGen: 33771K(77312K)->33771K(77312K) Eden: 24575K(24576K)->24575K(24576K) From: 9195K(52736K)->9195K(52736K)
[106.156s][info][gc,heap        ] GC(313) ParOldGen: 335458K(341504K)->335458K(341504K)
[106.156s][info][gc,metaspace   ] GC(313) Metaspace: 6298K(6464K)->6298K(6464K) NonClass: 5764K(5824K)->5764K(5824K) Class: 533K(640K)->533K(640K)
[106.156s][info][gc             ] GC(313) Pause Full (Ergonomics) 360M->360M(409M) 405.168ms
[106.156s][info][gc,cpu         ] GC(313) User=0.36s Sys=0.00s Real=0.41s
[106.156s][info][gc,start       ] GC(314) Pause Full (Ergonomics)
[106.156s][info][gc,phases,start] GC(314) Marking Phase
[106.473s][info][gc,phases      ] GC(314) Marking Phase 316.882ms
[106.473s][info][gc,phases,start] GC(314) Summary Phase
[106.473s][info][gc,phases      ] GC(314) Summary Phase 0.021ms
[106.473s][info][gc,phases,start] GC(314) Adjust Roots
[106.473s][info][gc,phases      ] GC(314) Adjust Roots 0.343ms
[106.473s][info][gc,phases,start] GC(314) Compaction Phase
[106.594s][info][gc,phases      ] GC(314) Compaction Phase 120.420ms
[106.594s][info][gc,phases,start] GC(314) Post Compact
[106.596s][info][gc,phases      ] GC(314) Post Compact 1.645ms
[106.596s][info][gc,heap        ] GC(314) PSYoungGen: 33771K(77312K)->33771K(77312K) Eden: 24575K(24576K)->24575K(24576K) From: 9195K(52736K)->9195K(52736K)
[106.596s][info][gc,heap        ] GC(314) ParOldGen: 335463K(341504K)->335463K(341504K)
[106.596s][info][gc,metaspace   ] GC(314) Metaspace: 6298K(6464K)->6298K(6464K) NonClass: 5764K(5824K)->5764K(5824K) Class: 533K(640K)->533K(640K)
[106.596s][info][gc             ] GC(314) Pause Full (Ergonomics) 360M->360M(409M) 439.676ms
[106.596s][info][gc,cpu         ] GC(314) User=0.41s Sys=0.00s Real=0.44s
[106.596s][info][gc,start       ] GC(315) Pause Full (Ergonomics)
[106.596s][info][gc,phases,start] GC(315) Marking Phase
[106.886s][info][gc,phases      ] GC(315) Marking Phase 290.066ms
[106.886s][info][gc,phases,start] GC(315) Summary Phase
[106.886s][info][gc,phases      ] GC(315) Summary Phase 0.018ms
[106.886s][info][gc,phases,start] GC(315) Adjust Roots
[106.886s][info][gc,phases      ] GC(315) Adjust Roots 0.264ms
[106.886s][info][gc,phases,start] GC(315) Compaction Phase
[106.986s][info][gc,phases      ] GC(315) Compaction Phase 99.674ms
[106.986s][info][gc,phases,start] GC(315) Post Compact
[106.988s][info][gc,phases      ] GC(315) Post Compact 1.609ms
[106.988s][info][gc,heap        ] GC(315) PSYoungGen: 33771K(77312K)->33771K(77312K) Eden: 24575K(24576K)->24575K(24576K) From: 9195K(52736K)->9195K(52736K)
[106.988s][info][gc,heap        ] GC(315) ParOldGen: 335467K(341504K)->335467K(341504K)
[106.988s][info][gc,metaspace   ] GC(315) Metaspace: 6298K(6464K)->6298K(6464K) NonClass: 5764K(5824K)->5764K(5824K) Class: 533K(640K)->533K(640K)
[106.988s][info][gc             ] GC(315) Pause Full (Ergonomics) 360M->360M(409M) 391.938ms
[106.988s][info][gc,cpu         ] GC(315) User=0.36s Sys=0.00s Real=0.39s
[106.988s][info][gc,start       ] GC(316) Pause Full (Ergonomics)
[106.988s][info][gc,phases,start] GC(316) Marking Phase
[107.269s][info][gc,phases      ] GC(316) Marking Phase 281.068ms
[107.269s][info][gc,phases,start] GC(316) Summary Phase
[107.269s][info][gc,phases      ] GC(316) Summary Phase 0.023ms
[107.269s][info][gc,phases,start] GC(316) Adjust Roots
[107.270s][info][gc,phases      ] GC(316) Adjust Roots 0.249ms
[107.270s][info][gc,phases,start] GC(316) Compaction Phase
[107.367s][info][gc,phases      ] GC(316) Compaction Phase 97.390ms
[107.367s][info][gc,phases,start] GC(316) Post Compact
[107.369s][info][gc,phases      ] GC(316) Post Compact 1.497ms
[107.369s][info][gc,heap        ] GC(316) PSYoungGen: 33771K(77312K)->33771K(77312K) Eden: 24575K(24576K)->24575K(24576K) From: 9195K(52736K)->9195K(52736K)
[107.369s][info][gc,heap        ] GC(316) ParOldGen: 335472K(341504K)->335472K(341504K)
[107.369s][info][gc,metaspace   ] GC(316) Metaspace: 6298K(6464K)->6298K(6464K) NonClass: 5764K(5824K)->5764K(5824K) Class: 533K(640K)->533K(640K)
[107.369s][info][gc             ] GC(316) Pause Full (Ergonomics) 360M->360M(409M) 380.596ms
[107.369s][info][gc,cpu         ] GC(316) User=0.38s Sys=0.00s Real=0.38s
[107.369s][info][gc,start       ] GC(317) Pause Full (Ergonomics)
[107.369s][info][gc,phases,start] GC(317) Marking Phase
[107.645s][info][gc,phases      ] GC(317) Marking Phase 275.663ms
[107.645s][info][gc,phases,start] GC(317) Summary Phase
[107.645s][info][gc,phases      ] GC(317) Summary Phase 0.035ms
[107.645s][info][gc,phases,start] GC(317) Adjust Roots
[107.645s][info][gc,phases      ] GC(317) Adjust Roots 0.239ms
[107.645s][info][gc,phases,start] GC(317) Compaction Phase
[107.742s][info][gc,phases      ] GC(317) Compaction Phase 97.143ms
[107.742s][info][gc,phases,start] GC(317) Post Compact
[107.744s][info][gc,phases      ] GC(317) Post Compact 1.517ms
[107.744s][info][gc,heap        ] GC(317) PSYoungGen: 33771K(77312K)->33771K(77312K) Eden: 24575K(24576K)->24575K(24576K) From: 9195K(52736K)->9195K(52736K)
[107.744s][info][gc,heap        ] GC(317) ParOldGen: 335477K(341504K)->335477K(341504K)
[107.744s][info][gc,metaspace   ] GC(317) Metaspace: 6298K(6464K)->6298K(6464K) NonClass: 5764K(5824K)->5764K(5824K) Class: 533K(640K)->533K(640K)
[107.744s][info][gc             ] GC(317) Pause Full (Ergonomics) 360M->360M(409M) 374.970ms
[107.744s][info][gc,cpu         ] GC(317) User=0.36s Sys=0.00s Real=0.38s
[107.744s][info][gc,start       ] GC(318) Pause Full (Ergonomics)
[107.744s][info][gc,phases,start] GC(318) Marking Phase
[108.024s][info][gc,phases      ] GC(318) Marking Phase 279.406ms
[108.024s][info][gc,phases,start] GC(318) Summary Phase
[108.024s][info][gc,phases      ] GC(318) Summary Phase 0.023ms
[108.024s][info][gc,phases,start] GC(318) Adjust Roots
[108.024s][info][gc,phases      ] GC(318) Adjust Roots 0.200ms
[108.024s][info][gc,phases,start] GC(318) Compaction Phase
[108.119s][info][gc,phases      ] GC(318) Compaction Phase 94.527ms
[108.119s][info][gc,phases,start] GC(318) Post Compact
[108.120s][info][gc,phases      ] GC(318) Post Compact 1.506ms
[108.120s][info][gc,heap        ] GC(318) PSYoungGen: 33771K(77312K)->33771K(77312K) Eden: 24575K(24576K)->24575K(24576K) From: 9195K(52736K)->9195K(52736K)
[108.120s][info][gc,heap        ] GC(318) ParOldGen: 335481K(341504K)->335481K(341504K)
[108.120s][info][gc,metaspace   ] GC(318) Metaspace: 6298K(6464K)->6298K(6464K) NonClass: 5764K(5824K)->5764K(5824K) Class: 533K(640K)->533K(640K)
[108.120s][info][gc             ] GC(318) Pause Full (Ergonomics) 360M->360M(409M) 375.996ms
[108.120s][info][gc,cpu         ] GC(318) User=0.34s Sys=0.00s Real=0.38s
[108.121s][info][gc,start       ] GC(319) Pause Full (Ergonomics)
[108.121s][info][gc,phases,start] GC(319) Marking Phase
[108.401s][info][gc,phases      ] GC(319) Marking Phase 280.534ms
[108.401s][info][gc,phases,start] GC(319) Summary Phase
[108.401s][info][gc,phases      ] GC(319) Summary Phase 0.017ms
[108.401s][info][gc,phases,start] GC(319) Adjust Roots
[108.401s][info][gc,phases      ] GC(319) Adjust Roots 0.238ms
[108.401s][info][gc,phases,start] GC(319) Compaction Phase
[108.499s][info][gc,phases      ] GC(319) Compaction Phase 97.732ms
[108.499s][info][gc,phases,start] GC(319) Post Compact
[108.501s][info][gc,phases      ] GC(319) Post Compact 1.488ms
[108.501s][info][gc,heap        ] GC(319) PSYoungGen: 33771K(77312K)->33771K(77312K) Eden: 24575K(24576K)->24575K(24576K) From: 9195K(52736K)->9195K(52736K)
[108.501s][info][gc,heap        ] GC(319) ParOldGen: 335486K(341504K)->335486K(341504K)
[108.501s][info][gc,metaspace   ] GC(319) Metaspace: 6298K(6464K)->6298K(6464K) NonClass: 5764K(5824K)->5764K(5824K) Class: 533K(640K)->533K(640K)
[108.501s][info][gc             ] GC(319) Pause Full (Ergonomics) 360M->360M(409M) 380.318ms
[108.501s][info][gc,cpu         ] GC(319) User=0.34s Sys=0.00s Real=0.38s
[108.501s][info][gc,start       ] GC(320) Pause Full (Ergonomics)
[108.501s][info][gc,phases,start] GC(320) Marking Phase
[108.782s][info][gc,phases      ] GC(320) Marking Phase 280.414ms
[108.782s][info][gc,phases,start] GC(320) Summary Phase
[108.782s][info][gc,phases      ] GC(320) Summary Phase 0.023ms
[108.782s][info][gc,phases,start] GC(320) Adjust Roots
[108.782s][info][gc,phases      ] GC(320) Adjust Roots 0.200ms
[108.782s][info][gc,phases,start] GC(320) Compaction Phase
[108.879s][info][gc,phases      ] GC(320) Compaction Phase 96.963ms
[108.879s][info][gc,phases,start] GC(320) Post Compact
[108.881s][info][gc,phases      ] GC(320) Post Compact 2.005ms
[108.881s][info][gc,heap        ] GC(320) PSYoungGen: 33771K(77312K)->33771K(77312K) Eden: 24575K(24576K)->24575K(24576K) From: 9195K(52736K)->9195K(52736K)
[108.881s][info][gc,heap        ] GC(320) ParOldGen: 335491K(341504K)->335491K(341504K)
[108.881s][info][gc,metaspace   ] GC(320) Metaspace: 6298K(6464K)->6298K(6464K) NonClass: 5764K(5824K)->5764K(5824K) Class: 533K(640K)->533K(640K)
[108.881s][info][gc             ] GC(320) Pause Full (Ergonomics) 360M->360M(409M) 380.003ms
[108.881s][info][gc,cpu         ] GC(320) User=0.36s Sys=0.00s Real=0.38s
[108.881s][info][gc,start       ] GC(321) Pause Full (Ergonomics)
[108.881s][info][gc,phases,start] GC(321) Marking Phase
[109.171s][info][gc,phases      ] GC(321) Marking Phase 289.572ms
[109.171s][info][gc,phases,start] GC(321) Summary Phase
[109.171s][info][gc,phases      ] GC(321) Summary Phase 0.019ms
[109.171s][info][gc,phases,start] GC(321) Adjust Roots
[109.171s][info][gc,phases      ] GC(321) Adjust Roots 0.273ms
[109.171s][info][gc,phases,start] GC(321) Compaction Phase
[109.270s][info][gc,phases      ] GC(321) Compaction Phase 99.025ms
[109.270s][info][gc,phases,start] GC(321) Post Compact
[109.272s][info][gc,phases      ] GC(321) Post Compact 1.514ms
[109.272s][info][gc,heap        ] GC(321) PSYoungGen: 33771K(77312K)->33771K(77312K) Eden: 24575K(24576K)->24575K(24576K) From: 9195K(52736K)->9195K(52736K)
[109.272s][info][gc,heap        ] GC(321) ParOldGen: 335495K(341504K)->335495K(341504K)
[109.272s][info][gc,metaspace   ] GC(321) Metaspace: 6298K(6464K)->6298K(6464K) NonClass: 5764K(5824K)->5764K(5824K) Class: 533K(640K)->533K(640K)
[109.272s][info][gc             ] GC(321) Pause Full (Ergonomics) 360M->360M(409M) 390.735ms
[109.272s][info][gc,cpu         ] GC(321) User=0.34s Sys=0.00s Real=0.39s
[109.272s][info][gc,start       ] GC(322) Pause Full (Ergonomics)
[109.272s][info][gc,phases,start] GC(322) Marking Phase
[109.557s][info][gc,phases      ] GC(322) Marking Phase 284.413ms
[109.557s][info][gc,phases,start] GC(322) Summary Phase
[109.557s][info][gc,phases      ] GC(322) Summary Phase 0.022ms
[109.557s][info][gc,phases,start] GC(322) Adjust Roots
[109.557s][info][gc,phases      ] GC(322) Adjust Roots 0.187ms
[109.557s][info][gc,phases,start] GC(322) Compaction Phase
[109.653s][info][gc,phases      ] GC(322) Compaction Phase 96.187ms
[109.653s][info][gc,phases,start] GC(322) Post Compact
[109.655s][info][gc,phases      ] GC(322) Post Compact 1.501ms
[109.655s][info][gc,heap        ] GC(322) PSYoungGen: 33771K(77312K)->33771K(77312K) Eden: 24575K(24576K)->24575K(24576K) From: 9195K(52736K)->9195K(52736K)
[109.655s][info][gc,heap        ] GC(322) ParOldGen: 335500K(341504K)->335500K(341504K)
[109.655s][info][gc,metaspace   ] GC(322) Metaspace: 6298K(6464K)->6298K(6464K) NonClass: 5764K(5824K)->5764K(5824K) Class: 533K(640K)->533K(640K)
[109.655s][info][gc             ] GC(322) Pause Full (Ergonomics) 360M->360M(409M) 382.642ms
[109.655s][info][gc,cpu         ] GC(322) User=0.34s Sys=0.00s Real=0.38s
[109.655s][info][gc,start       ] GC(323) Pause Full (Ergonomics)
[109.655s][info][gc,phases,start] GC(323) Marking Phase
[109.933s][info][gc,phases      ] GC(323) Marking Phase 277.591ms
[109.933s][info][gc,phases,start] GC(323) Summary Phase
[109.933s][info][gc,phases      ] GC(323) Summary Phase 0.034ms
[109.933s][info][gc,phases,start] GC(323) Adjust Roots
[109.933s][info][gc,phases      ] GC(323) Adjust Roots 0.267ms
[109.933s][info][gc,phases,start] GC(323) Compaction Phase
[110.030s][info][gc,phases      ] GC(323) Compaction Phase 96.855ms
[110.030s][info][gc,phases,start] GC(323) Post Compact
[110.032s][info][gc,phases      ] GC(323) Post Compact 1.517ms
[110.032s][info][gc,heap        ] GC(323) PSYoungGen: 33771K(77312K)->33771K(77312K) Eden: 24575K(24576K)->24575K(24576K) From: 9195K(52736K)->9195K(52736K)
[110.032s][info][gc,heap        ] GC(323) ParOldGen: 335505K(341504K)->335505K(341504K)
[110.032s][info][gc,metaspace   ] GC(323) Metaspace: 6298K(6464K)->6298K(6464K) NonClass: 5764K(5824K)->5764K(5824K) Class: 533K(640K)->533K(640K)
[110.032s][info][gc             ] GC(323) Pause Full (Ergonomics) 360M->360M(409M) 376.656ms
[110.032s][info][gc,cpu         ] GC(323) User=0.36s Sys=0.00s Real=0.38s
[110.032s][info][gc,start       ] GC(324) Pause Full (Ergonomics)
[110.032s][info][gc,phases,start] GC(324) Marking Phase
[110.313s][info][gc,phases      ] GC(324) Marking Phase 280.906ms
[110.313s][info][gc,phases,start] GC(324) Summary Phase
[110.313s][info][gc,phases      ] GC(324) Summary Phase 0.055ms
[110.313s][info][gc,phases,start] GC(324) Adjust Roots
[110.314s][info][gc,phases      ] GC(324) Adjust Roots 0.258ms
[110.314s][info][gc,phases,start] GC(324) Compaction Phase
[110.410s][info][gc,phases      ] GC(324) Compaction Phase 96.177ms
[110.410s][info][gc,phases,start] GC(324) Post Compact
[110.411s][info][gc,phases      ] GC(324) Post Compact 1.527ms
[110.411s][info][gc,heap        ] GC(324) PSYoungGen: 33771K(77312K)->33771K(77312K) Eden: 24575K(24576K)->24575K(24576K) From: 9195K(52736K)->9195K(52736K)
[110.412s][info][gc,heap        ] GC(324) ParOldGen: 335509K(341504K)->335509K(341504K)
[110.412s][info][gc,metaspace   ] GC(324) Metaspace: 6298K(6464K)->6298K(6464K) NonClass: 5764K(5824K)->5764K(5824K) Class: 533K(640K)->533K(640K)
[110.412s][info][gc             ] GC(324) Pause Full (Ergonomics) 360M->360M(409M) 379.311ms
[110.412s][info][gc,cpu         ] GC(324) User=0.36s Sys=0.00s Real=0.38s
[110.412s][info][gc,start       ] GC(325) Pause Full (Ergonomics)
[110.412s][info][gc,phases,start] GC(325) Marking Phase
[110.693s][info][gc,phases      ] GC(325) Marking Phase 280.689ms
[110.693s][info][gc,phases,start] GC(325) Summary Phase
[110.693s][info][gc,phases      ] GC(325) Summary Phase 0.035ms
[110.693s][info][gc,phases,start] GC(325) Adjust Roots
[110.693s][info][gc,phases      ] GC(325) Adjust Roots 0.257ms
[110.693s][info][gc,phases,start] GC(325) Compaction Phase
[110.789s][info][gc,phases      ] GC(325) Compaction Phase 96.331ms
[110.789s][info][gc,phases,start] GC(325) Post Compact
[110.791s][info][gc,phases      ] GC(325) Post Compact 1.516ms
[110.791s][info][gc,heap        ] GC(325) PSYoungGen: 33771K(77312K)->33771K(77312K) Eden: 24575K(24576K)->24575K(24576K) From: 9195K(52736K)->9195K(52736K)
[110.791s][info][gc,heap        ] GC(325) ParOldGen: 335514K(341504K)->335514K(341504K)
[110.791s][info][gc,metaspace   ] GC(325) Metaspace: 6298K(6464K)->6298K(6464K) NonClass: 5764K(5824K)->5764K(5824K) Class: 533K(640K)->533K(640K)
[110.791s][info][gc             ] GC(325) Pause Full (Ergonomics) 360M->360M(409M) 379.193ms
[110.791s][info][gc,cpu         ] GC(325) User=0.34s Sys=0.02s Real=0.38s
[110.791s][info][gc,start       ] GC(326) Pause Full (Ergonomics)
[110.791s][info][gc,phases,start] GC(326) Marking Phase
[111.072s][info][gc,phases      ] GC(326) Marking Phase 280.949ms
[111.072s][info][gc,phases,start] GC(326) Summary Phase
[111.072s][info][gc,phases      ] GC(326) Summary Phase 0.023ms
[111.072s][info][gc,phases,start] GC(326) Adjust Roots
[111.073s][info][gc,phases      ] GC(326) Adjust Roots 0.224ms
[111.073s][info][gc,phases,start] GC(326) Compaction Phase
[111.169s][info][gc,phases      ] GC(326) Compaction Phase 96.126ms
[111.169s][info][gc,phases,start] GC(326) Post Compact
[111.170s][info][gc,phases      ] GC(326) Post Compact 1.513ms
[111.170s][info][gc,heap        ] GC(326) PSYoungGen: 33771K(77312K)->33771K(77312K) Eden: 24575K(24576K)->24575K(24576K) From: 9195K(52736K)->9195K(52736K)
[111.170s][info][gc,heap        ] GC(326) ParOldGen: 335519K(341504K)->335519K(341504K)
[111.170s][info][gc,metaspace   ] GC(326) Metaspace: 6298K(6464K)->6298K(6464K) NonClass: 5764K(5824K)->5764K(5824K) Class: 533K(640K)->533K(640K)
[111.170s][info][gc             ] GC(326) Pause Full (Ergonomics) 360M->360M(409M) 379.202ms
[111.171s][info][gc,cpu         ] GC(326) User=0.36s Sys=0.00s Real=0.38s
[111.171s][info][gc,start       ] GC(327) Pause Full (Ergonomics)
[111.171s][info][gc,phases,start] GC(327) Marking Phase
[111.451s][info][gc,phases      ] GC(327) Marking Phase 280.179ms
[111.451s][info][gc,phases,start] GC(327) Summary Phase
[111.451s][info][gc,phases      ] GC(327) Summary Phase 0.034ms
[111.451s][info][gc,phases,start] GC(327) Adjust Roots
[111.452s][info][gc,phases      ] GC(327) Adjust Roots 0.240ms
[111.452s][info][gc,phases,start] GC(327) Compaction Phase
[111.547s][info][gc,phases      ] GC(327) Compaction Phase 95.376ms
[111.547s][info][gc,phases,start] GC(327) Post Compact
[111.549s][info][gc,phases      ] GC(327) Post Compact 1.553ms
[111.549s][info][gc,heap        ] GC(327) PSYoungGen: 33771K(77312K)->33771K(77312K) Eden: 24575K(24576K)->24575K(24576K) From: 9195K(52736K)->9195K(52736K)
[111.549s][info][gc,heap        ] GC(327) ParOldGen: 335523K(341504K)->335523K(341504K)
[111.549s][info][gc,metaspace   ] GC(327) Metaspace: 6298K(6464K)->6298K(6464K) NonClass: 5764K(5824K)->5764K(5824K) Class: 533K(640K)->533K(640K)
[111.549s][info][gc             ] GC(327) Pause Full (Ergonomics) 360M->360M(409M) 377.783ms
[111.549s][info][gc,cpu         ] GC(327) User=0.36s Sys=0.00s Real=0.38s
[111.549s][info][gc,start       ] GC(328) Pause Full (Ergonomics)
[111.549s][info][gc,phases,start] GC(328) Marking Phase
[111.827s][info][gc,phases      ] GC(328) Marking Phase 277.870ms
[111.827s][info][gc,phases,start] GC(328) Summary Phase
[111.827s][info][gc,phases      ] GC(328) Summary Phase 0.035ms
[111.827s][info][gc,phases,start] GC(328) Adjust Roots
[111.828s][info][gc,phases      ] GC(328) Adjust Roots 0.225ms
[111.828s][info][gc,phases,start] GC(328) Compaction Phase
[111.925s][info][gc,phases      ] GC(328) Compaction Phase 97.160ms
[111.925s][info][gc,phases,start] GC(328) Post Compact
[111.926s][info][gc,phases      ] GC(328) Post Compact 1.494ms
[111.927s][info][gc,heap        ] GC(328) PSYoungGen: 33771K(77312K)->33771K(77312K) Eden: 24575K(24576K)->24575K(24576K) From: 9195K(52736K)->9195K(52736K)
[111.927s][info][gc,heap        ] GC(328) ParOldGen: 335528K(341504K)->335528K(341504K)
[111.927s][info][gc,metaspace   ] GC(328) Metaspace: 6298K(6464K)->6298K(6464K) NonClass: 5764K(5824K)->5764K(5824K) Class: 533K(640K)->533K(640K)
[111.927s][info][gc             ] GC(328) Pause Full (Ergonomics) 360M->360M(409M) 377.206ms
[111.927s][info][gc,cpu         ] GC(328) User=0.36s Sys=0.00s Real=0.38s
[111.927s][info][gc,start       ] GC(329) Pause Full (Ergonomics)
[111.927s][info][gc,phases,start] GC(329) Marking Phase
[112.209s][info][gc,phases      ] GC(329) Marking Phase 282.078ms
[112.209s][info][gc,phases,start] GC(329) Summary Phase
[112.209s][info][gc,phases      ] GC(329) Summary Phase 0.023ms
[112.209s][info][gc,phases,start] GC(329) Adjust Roots
[112.210s][info][gc,phases      ] GC(329) Adjust Roots 0.247ms
[112.210s][info][gc,phases,start] GC(329) Compaction Phase
[112.305s][info][gc,phases      ] GC(329) Compaction Phase 95.339ms
[112.305s][info][gc,phases,start] GC(329) Post Compact
[112.307s][info][gc,phases      ] GC(329) Post Compact 1.528ms
[112.307s][info][gc,heap        ] GC(329) PSYoungGen: 33771K(77312K)->33771K(77312K) Eden: 24575K(24576K)->24575K(24576K) From: 9195K(52736K)->9195K(52736K)
[112.307s][info][gc,heap        ] GC(329) ParOldGen: 335533K(341504K)->335533K(341504K)
[112.307s][info][gc,metaspace   ] GC(329) Metaspace: 6298K(6464K)->6298K(6464K) NonClass: 5764K(5824K)->5764K(5824K) Class: 533K(640K)->533K(640K)
[112.307s][info][gc             ] GC(329) Pause Full (Ergonomics) 360M->360M(409M) 379.568ms
[112.307s][info][gc,cpu         ] GC(329) User=0.36s Sys=0.00s Real=0.38s
[112.307s][info][gc,start       ] GC(330) Pause Full (Ergonomics)
[112.307s][info][gc,phases,start] GC(330) Marking Phase
[112.588s][info][gc,phases      ] GC(330) Marking Phase 280.726ms
[112.588s][info][gc,phases,start] GC(330) Summary Phase
[112.588s][info][gc,phases      ] GC(330) Summary Phase 0.036ms
[112.588s][info][gc,phases,start] GC(330) Adjust Roots
[112.588s][info][gc,phases      ] GC(330) Adjust Roots 0.285ms
[112.588s][info][gc,phases,start] GC(330) Compaction Phase
[112.684s][info][gc,phases      ] GC(330) Compaction Phase 95.930ms
[112.684s][info][gc,phases,start] GC(330) Post Compact
[112.686s][info][gc,phases      ] GC(330) Post Compact 1.510ms
[112.686s][info][gc,heap        ] GC(330) PSYoungGen: 33771K(77312K)->33771K(77312K) Eden: 24575K(24576K)->24575K(24576K) From: 9195K(52736K)->9195K(52736K)
[112.686s][info][gc,heap        ] GC(330) ParOldGen: 335537K(341504K)->335537K(341504K)
[112.686s][info][gc,metaspace   ] GC(330) Metaspace: 6298K(6464K)->6298K(6464K) NonClass: 5764K(5824K)->5764K(5824K) Class: 533K(640K)->533K(640K)
[112.686s][info][gc             ] GC(330) Pause Full (Ergonomics) 360M->360M(409M) 378.873ms
[112.686s][info][gc,cpu         ] GC(330) User=0.33s Sys=0.02s Real=0.38s
[112.687s][info][gc,start       ] GC(331) Pause Full (Ergonomics)
[112.687s][info][gc,phases,start] GC(331) Marking Phase
[112.967s][info][gc,phases      ] GC(331) Marking Phase 280.739ms
[112.967s][info][gc,phases,start] GC(331) Summary Phase
[112.968s][info][gc,phases      ] GC(331) Summary Phase 0.024ms
[112.968s][info][gc,phases,start] GC(331) Adjust Roots
[112.968s][info][gc,phases      ] GC(331) Adjust Roots 0.210ms
[112.968s][info][gc,phases,start] GC(331) Compaction Phase
[113.064s][info][gc,phases      ] GC(331) Compaction Phase 96.597ms
[113.064s][info][gc,phases,start] GC(331) Post Compact
[113.066s][info][gc,phases      ] GC(331) Post Compact 1.562ms
[113.066s][info][gc,heap        ] GC(331) PSYoungGen: 33771K(77312K)->33771K(77312K) Eden: 24575K(24576K)->24575K(24576K) From: 9195K(52736K)->9195K(52736K)
[113.066s][info][gc,heap        ] GC(331) ParOldGen: 335542K(341504K)->335542K(341504K)
[113.066s][info][gc,metaspace   ] GC(331) Metaspace: 6298K(6464K)->6298K(6464K) NonClass: 5764K(5824K)->5764K(5824K) Class: 533K(640K)->533K(640K)
[113.066s][info][gc             ] GC(331) Pause Full (Ergonomics) 360M->360M(409M) 379.539ms
[113.066s][info][gc,cpu         ] GC(331) User=0.36s Sys=0.00s Real=0.38s
[113.066s][info][gc,start       ] GC(332) Pause Full (Ergonomics)
[113.066s][info][gc,phases,start] GC(332) Marking Phase
[113.347s][info][gc,phases      ] GC(332) Marking Phase 280.384ms
[113.347s][info][gc,phases,start] GC(332) Summary Phase
[113.347s][info][gc,phases      ] GC(332) Summary Phase 0.023ms
[113.347s][info][gc,phases,start] GC(332) Adjust Roots
[113.347s][info][gc,phases      ] GC(332) Adjust Roots 0.224ms
[113.347s][info][gc,phases,start] GC(332) Compaction Phase
[113.444s][info][gc,phases      ] GC(332) Compaction Phase 96.883ms
[113.444s][info][gc,phases,start] GC(332) Post Compact
[113.446s][info][gc,phases      ] GC(332) Post Compact 1.508ms
[113.446s][info][gc,heap        ] GC(332) PSYoungGen: 33771K(77312K)->33771K(77312K) Eden: 24575K(24576K)->24575K(24576K) From: 9195K(52736K)->9195K(52736K)
[113.446s][info][gc,heap        ] GC(332) ParOldGen: 335547K(341504K)->335547K(341504K)
[113.446s][info][gc,metaspace   ] GC(332) Metaspace: 6298K(6464K)->6298K(6464K) NonClass: 5764K(5824K)->5764K(5824K) Class: 533K(640K)->533K(640K)
[113.446s][info][gc             ] GC(332) Pause Full (Ergonomics) 360M->360M(409M) 379.368ms
[113.446s][info][gc,cpu         ] GC(332) User=0.39s Sys=0.00s Real=0.38s
[113.446s][info][gc,start       ] GC(333) Pause Full (Ergonomics)
[113.446s][info][gc,phases,start] GC(333) Marking Phase
[113.727s][info][gc,phases      ] GC(333) Marking Phase 280.612ms
[113.727s][info][gc,phases,start] GC(333) Summary Phase
[113.727s][info][gc,phases      ] GC(333) Summary Phase 0.029ms
[113.727s][info][gc,phases,start] GC(333) Adjust Roots
[113.727s][info][gc,phases      ] GC(333) Adjust Roots 0.243ms
[113.727s][info][gc,phases,start] GC(333) Compaction Phase
[113.824s][info][gc,phases      ] GC(333) Compaction Phase 96.933ms
[113.824s][info][gc,phases,start] GC(333) Post Compact
[113.826s][info][gc,phases      ] GC(333) Post Compact 1.524ms
[113.826s][info][gc,heap        ] GC(333) PSYoungGen: 33771K(77312K)->33771K(77312K) Eden: 24575K(24576K)->24575K(24576K) From: 9195K(52736K)->9195K(52736K)
[113.826s][info][gc,heap        ] GC(333) ParOldGen: 335551K(341504K)->335551K(341504K)
[113.826s][info][gc,metaspace   ] GC(333) Metaspace: 6298K(6464K)->6298K(6464K) NonClass: 5764K(5824K)->5764K(5824K) Class: 533K(640K)->533K(640K)
[113.826s][info][gc             ] GC(333) Pause Full (Ergonomics) 360M->360M(409M) 379.704ms
[113.826s][info][gc,cpu         ] GC(333) User=0.34s Sys=0.00s Real=0.38s
[113.826s][info][gc,start       ] GC(334) Pause Full (Ergonomics)
[113.826s][info][gc,phases,start] GC(334) Marking Phase
[114.107s][info][gc,phases      ] GC(334) Marking Phase 281.054ms
[114.107s][info][gc,phases,start] GC(334) Summary Phase
[114.108s][info][gc,phases      ] GC(334) Summary Phase 0.034ms
[114.108s][info][gc,phases,start] GC(334) Adjust Roots
[114.108s][info][gc,phases      ] GC(334) Adjust Roots 0.241ms
[114.108s][info][gc,phases,start] GC(334) Compaction Phase
[114.204s][info][gc,phases      ] GC(334) Compaction Phase 96.117ms
[114.204s][info][gc,phases,start] GC(334) Post Compact
[114.206s][info][gc,phases      ] GC(334) Post Compact 1.632ms
[114.206s][info][gc,heap        ] GC(334) PSYoungGen: 33771K(77312K)->33771K(77312K) Eden: 24575K(24576K)->24575K(24576K) From: 9195K(52736K)->9195K(52736K)
[114.206s][info][gc,heap        ] GC(334) ParOldGen: 335556K(341504K)->335556K(341504K)
[114.206s][info][gc,metaspace   ] GC(334) Metaspace: 6298K(6464K)->6298K(6464K) NonClass: 5764K(5824K)->5764K(5824K) Class: 533K(640K)->533K(640K)
[114.206s][info][gc             ] GC(334) Pause Full (Ergonomics) 360M->360M(409M) 379.573ms
[114.206s][info][gc,cpu         ] GC(334) User=0.34s Sys=0.00s Real=0.38s
[114.206s][info][gc,start       ] GC(335) Pause Full (Ergonomics)
[114.206s][info][gc,phases,start] GC(335) Marking Phase
[114.487s][info][gc,phases      ] GC(335) Marking Phase 280.615ms
[114.487s][info][gc,phases,start] GC(335) Summary Phase
[114.487s][info][gc,phases      ] GC(335) Summary Phase 0.022ms
[114.487s][info][gc,phases,start] GC(335) Adjust Roots
[114.487s][info][gc,phases      ] GC(335) Adjust Roots 0.226ms
[114.487s][info][gc,phases,start] GC(335) Compaction Phase
[114.583s][info][gc,phases      ] GC(335) Compaction Phase 96.056ms
[114.583s][info][gc,phases,start] GC(335) Post Compact
[114.585s][info][gc,phases      ] GC(335) Post Compact 1.518ms
[114.585s][info][gc,heap        ] GC(335) PSYoungGen: 33771K(77312K)->33771K(77312K) Eden: 24575K(24576K)->24575K(24576K) From: 9195K(52736K)->9195K(52736K)
[114.585s][info][gc,heap        ] GC(335) ParOldGen: 335561K(341504K)->335561K(341504K)
[114.585s][info][gc,metaspace   ] GC(335) Metaspace: 6298K(6464K)->6298K(6464K) NonClass: 5764K(5824K)->5764K(5824K) Class: 533K(640K)->533K(640K)
[114.585s][info][gc             ] GC(335) Pause Full (Ergonomics) 360M->360M(409M) 378.802ms
[114.585s][info][gc,cpu         ] GC(335) User=0.36s Sys=0.00s Real=0.38s
[114.585s][info][gc,start       ] GC(336) Pause Full (Ergonomics)
[114.585s][info][gc,phases,start] GC(336) Marking Phase
[114.866s][info][gc,phases      ] GC(336) Marking Phase 280.956ms
[114.866s][info][gc,phases,start] GC(336) Summary Phase
[114.866s][info][gc,phases      ] GC(336) Summary Phase 0.035ms
[114.866s][info][gc,phases,start] GC(336) Adjust Roots
[114.867s][info][gc,phases      ] GC(336) Adjust Roots 0.287ms
[114.867s][info][gc,phases,start] GC(336) Compaction Phase
[114.963s][info][gc,phases      ] GC(336) Compaction Phase 96.681ms
[114.964s][info][gc,phases,start] GC(336) Post Compact
[114.965s][info][gc,phases      ] GC(336) Post Compact 1.547ms
[114.965s][info][gc,heap        ] GC(336) PSYoungGen: 33771K(77312K)->33771K(77312K) Eden: 24575K(24576K)->24575K(24576K) From: 9195K(52736K)->9195K(52736K)
[114.965s][info][gc,heap        ] GC(336) ParOldGen: 335565K(341504K)->335565K(341504K)
[114.965s][info][gc,metaspace   ] GC(336) Metaspace: 6298K(6464K)->6298K(6464K) NonClass: 5764K(5824K)->5764K(5824K) Class: 533K(640K)->533K(640K)
[114.965s][info][gc             ] GC(336) Pause Full (Ergonomics) 360M->360M(409M) 379.985ms
[114.965s][info][gc,cpu         ] GC(336) User=0.34s Sys=0.00s Real=0.38s
[114.966s][info][gc,start       ] GC(337) Pause Full (Ergonomics)
[114.966s][info][gc,phases,start] GC(337) Marking Phase
[115.246s][info][gc,phases      ] GC(337) Marking Phase 280.635ms
[115.246s][info][gc,phases,start] GC(337) Summary Phase
[115.246s][info][gc,phases      ] GC(337) Summary Phase 0.035ms
[115.246s][info][gc,phases,start] GC(337) Adjust Roots
[115.247s][info][gc,phases      ] GC(337) Adjust Roots 0.226ms
[115.247s][info][gc,phases,start] GC(337) Compaction Phase
[115.344s][info][gc,phases      ] GC(337) Compaction Phase 97.019ms
[115.344s][info][gc,phases,start] GC(337) Post Compact
[115.345s][info][gc,phases      ] GC(337) Post Compact 1.512ms
[115.345s][info][gc,heap        ] GC(337) PSYoungGen: 33771K(77312K)->33771K(77312K) Eden: 24575K(24576K)->24575K(24576K) From: 9195K(52736K)->9195K(52736K)
[115.345s][info][gc,heap        ] GC(337) ParOldGen: 335570K(341504K)->335570K(341504K)
[115.345s][info][gc,metaspace   ] GC(337) Metaspace: 6298K(6464K)->6298K(6464K) NonClass: 5764K(5824K)->5764K(5824K) Class: 533K(640K)->533K(640K)
[115.345s][info][gc             ] GC(337) Pause Full (Ergonomics) 360M->360M(409M) 379.797ms
[115.345s][info][gc,cpu         ] GC(337) User=0.34s Sys=0.00s Real=0.38s
[115.346s][info][gc,start       ] GC(338) Pause Full (Ergonomics)
[115.346s][info][gc,phases,start] GC(338) Marking Phase
[115.626s][info][gc,phases      ] GC(338) Marking Phase 280.161ms
[115.626s][info][gc,phases,start] GC(338) Summary Phase
[115.626s][info][gc,phases      ] GC(338) Summary Phase 0.034ms
[115.626s][info][gc,phases,start] GC(338) Adjust Roots
[115.626s][info][gc,phases      ] GC(338) Adjust Roots 0.287ms
[115.626s][info][gc,phases,start] GC(338) Compaction Phase
[115.723s][info][gc,phases      ] GC(338) Compaction Phase 96.286ms
[115.723s][info][gc,phases,start] GC(338) Post Compact
[115.724s][info][gc,phases      ] GC(338) Post Compact 1.505ms
[115.724s][info][gc,heap        ] GC(338) PSYoungGen: 33771K(77312K)->33771K(77312K) Eden: 24575K(24576K)->24575K(24576K) From: 9195K(52736K)->9195K(52736K)
[115.724s][info][gc,heap        ] GC(338) ParOldGen: 335575K(341504K)->335575K(341504K)
[115.724s][info][gc,metaspace   ] GC(338) Metaspace: 6298K(6464K)->6298K(6464K) NonClass: 5764K(5824K)->5764K(5824K) Class: 533K(640K)->533K(640K)
[115.724s][info][gc             ] GC(338) Pause Full (Ergonomics) 360M->360M(409M) 378.673ms
[115.724s][info][gc,cpu         ] GC(338) User=0.36s Sys=0.00s Real=0.38s
[115.725s][info][gc,start       ] GC(339) Pause Full (Ergonomics)
[115.725s][info][gc,phases,start] GC(339) Marking Phase
[116.005s][info][gc,phases      ] GC(339) Marking Phase 280.502ms
[116.005s][info][gc,phases,start] GC(339) Summary Phase
[116.005s][info][gc,phases      ] GC(339) Summary Phase 0.035ms
[116.005s][info][gc,phases,start] GC(339) Adjust Roots
[116.006s][info][gc,phases      ] GC(339) Adjust Roots 0.268ms
[116.006s][info][gc,phases,start] GC(339) Compaction Phase
[116.102s][info][gc,phases      ] GC(339) Compaction Phase 96.260ms
[116.102s][info][gc,phases,start] GC(339) Post Compact
[116.103s][info][gc,phases      ] GC(339) Post Compact 1.496ms
[116.104s][info][gc,heap        ] GC(339) PSYoungGen: 33771K(77312K)->33771K(77312K) Eden: 24575K(24576K)->24575K(24576K) From: 9195K(52736K)->9195K(52736K)
[116.104s][info][gc,heap        ] GC(339) ParOldGen: 335579K(341504K)->335579K(341504K)
[116.104s][info][gc,metaspace   ] GC(339) Metaspace: 6298K(6464K)->6298K(6464K) NonClass: 5764K(5824K)->5764K(5824K) Class: 533K(640K)->533K(640K)
[116.104s][info][gc             ] GC(339) Pause Full (Ergonomics) 360M->360M(409M) 379.039ms
[116.104s][info][gc,cpu         ] GC(339) User=0.33s Sys=0.02s Real=0.38s
[116.104s][info][gc,start       ] GC(340) Pause Full (Ergonomics)
[116.104s][info][gc,phases,start] GC(340) Marking Phase
[116.387s][info][gc,phases      ] GC(340) Marking Phase 282.496ms
[116.387s][info][gc,phases,start] GC(340) Summary Phase
[116.387s][info][gc,phases      ] GC(340) Summary Phase 0.023ms
[116.387s][info][gc,phases,start] GC(340) Adjust Roots
[116.387s][info][gc,phases      ] GC(340) Adjust Roots 0.211ms
[116.387s][info][gc,phases,start] GC(340) Compaction Phase
[116.484s][info][gc,phases      ] GC(340) Compaction Phase 97.238ms
[116.484s][info][gc,phases,start] GC(340) Post Compact
[116.486s][info][gc,phases      ] GC(340) Post Compact 1.506ms
[116.486s][info][gc,heap        ] GC(340) PSYoungGen: 33771K(77312K)->33771K(77312K) Eden: 24575K(24576K)->24575K(24576K) From: 9195K(52736K)->9195K(52736K)
[116.486s][info][gc,heap        ] GC(340) ParOldGen: 335584K(341504K)->335584K(341504K)
[116.486s][info][gc,metaspace   ] GC(340) Metaspace: 6298K(6464K)->6298K(6464K) NonClass: 5764K(5824K)->5764K(5824K) Class: 533K(640K)->533K(640K)
[116.486s][info][gc             ] GC(340) Pause Full (Ergonomics) 360M->360M(409M) 381.879ms
[116.486s][info][gc,cpu         ] GC(340) User=0.34s Sys=0.00s Real=0.38s
[116.486s][info][gc,start       ] GC(341) Pause Full (Ergonomics)
[116.486s][info][gc,phases,start] GC(341) Marking Phase
[116.767s][info][gc,phases      ] GC(341) Marking Phase 280.890ms
[116.767s][info][gc,phases,start] GC(341) Summary Phase
[116.767s][info][gc,phases      ] GC(341) Summary Phase 0.034ms
[116.767s][info][gc,phases,start] GC(341) Adjust Roots
[116.768s][info][gc,phases      ] GC(341) Adjust Roots 0.287ms
[116.768s][info][gc,phases,start] GC(341) Compaction Phase
[116.865s][info][gc,phases      ] GC(341) Compaction Phase 97.082ms
[116.865s][info][gc,phases,start] GC(341) Post Compact
[116.867s][info][gc,phases      ] GC(341) Post Compact 1.543ms
[116.867s][info][gc,heap        ] GC(341) PSYoungGen: 33771K(77312K)->33771K(77312K) Eden: 24575K(24576K)->24575K(24576K) From: 9195K(52736K)->9195K(52736K)
[116.867s][info][gc,heap        ] GC(341) ParOldGen: 335589K(341504K)->335589K(341504K)
[116.867s][info][gc,metaspace   ] GC(341) Metaspace: 6298K(6464K)->6298K(6464K) NonClass: 5764K(5824K)->5764K(5824K) Class: 533K(640K)->533K(640K)
[116.867s][info][gc             ] GC(341) Pause Full (Ergonomics) 360M->360M(409M) 380.298ms
[116.867s][info][gc,cpu         ] GC(341) User=0.36s Sys=0.00s Real=0.38s
[116.867s][info][gc,start       ] GC(342) Pause Full (Ergonomics)
[116.867s][info][gc,phases,start] GC(342) Marking Phase
[117.148s][info][gc,phases      ] GC(342) Marking Phase 280.671ms
[117.148s][info][gc,phases,start] GC(342) Summary Phase
[117.148s][info][gc,phases      ] GC(342) Summary Phase 0.034ms
[117.148s][info][gc,phases,start] GC(342) Adjust Roots
[117.148s][info][gc,phases      ] GC(342) Adjust Roots 0.286ms
[117.148s][info][gc,phases,start] GC(342) Compaction Phase
[117.246s][info][gc,phases      ] GC(342) Compaction Phase 97.463ms
[117.246s][info][gc,phases,start] GC(342) Post Compact
[117.247s][info][gc,phases      ] GC(342) Post Compact 1.507ms
[117.247s][info][gc,heap        ] GC(342) PSYoungGen: 33771K(77312K)->33771K(77312K) Eden: 24575K(24576K)->24575K(24576K) From: 9195K(52736K)->9195K(52736K)
[117.247s][info][gc,heap        ] GC(342) ParOldGen: 335593K(341504K)->335593K(341504K)
[117.247s][info][gc,metaspace   ] GC(342) Metaspace: 6298K(6464K)->6298K(6464K) NonClass: 5764K(5824K)->5764K(5824K) Class: 533K(640K)->533K(640K)
[117.247s][info][gc             ] GC(342) Pause Full (Ergonomics) 360M->360M(409M) 380.344ms
[117.247s][info][gc,cpu         ] GC(342) User=0.34s Sys=0.00s Real=0.38s
[117.248s][info][gc,start       ] GC(343) Pause Full (Ergonomics)
[117.248s][info][gc,phases,start] GC(343) Marking Phase
[117.529s][info][gc,phases      ] GC(343) Marking Phase 281.304ms
[117.529s][info][gc,phases,start] GC(343) Summary Phase
[117.529s][info][gc,phases      ] GC(343) Summary Phase 0.019ms
[117.529s][info][gc,phases,start] GC(343) Adjust Roots
[117.529s][info][gc,phases      ] GC(343) Adjust Roots 0.242ms
[117.529s][info][gc,phases,start] GC(343) Compaction Phase
[117.628s][info][gc,phases      ] GC(343) Compaction Phase 98.741ms
[117.628s][info][gc,phases,start] GC(343) Post Compact
[117.630s][info][gc,phases      ] GC(343) Post Compact 1.504ms
[117.630s][info][gc,heap        ] GC(343) PSYoungGen: 33771K(77312K)->33771K(77312K) Eden: 24575K(24576K)->24575K(24576K) From: 9195K(52736K)->9195K(52736K)
[117.630s][info][gc,heap        ] GC(343) ParOldGen: 335598K(341504K)->335598K(341504K)
[117.630s][info][gc,metaspace   ] GC(343) Metaspace: 6298K(6464K)->6298K(6464K) NonClass: 5764K(5824K)->5764K(5824K) Class: 533K(640K)->533K(640K)
[117.630s][info][gc             ] GC(343) Pause Full (Ergonomics) 360M->360M(409M) 382.250ms
[117.630s][info][gc,cpu         ] GC(343) User=0.34s Sys=0.00s Real=0.38s
[117.630s][info][gc,start       ] GC(344) Pause Full (Ergonomics)
[117.630s][info][gc,phases,start] GC(344) Marking Phase
[117.911s][info][gc,phases      ] GC(344) Marking Phase 280.761ms
[117.911s][info][gc,phases,start] GC(344) Summary Phase
[117.911s][info][gc,phases      ] GC(344) Summary Phase 0.034ms
[117.911s][info][gc,phases,start] GC(344) Adjust Roots
[117.911s][info][gc,phases      ] GC(344) Adjust Roots 0.287ms
[117.911s][info][gc,phases,start] GC(344) Compaction Phase
[118.008s][info][gc,phases      ] GC(344) Compaction Phase 96.954ms
[118.008s][info][gc,phases,start] GC(344) Post Compact
[118.010s][info][gc,phases      ] GC(344) Post Compact 1.513ms
[118.010s][info][gc,heap        ] GC(344) PSYoungGen: 33771K(77312K)->33771K(77312K) Eden: 24575K(24576K)->24575K(24576K) From: 9195K(52736K)->9195K(52736K)
[118.010s][info][gc,heap        ] GC(344) ParOldGen: 335603K(341504K)->335603K(341504K)
[118.010s][info][gc,metaspace   ] GC(344) Metaspace: 6298K(6464K)->6298K(6464K) NonClass: 5764K(5824K)->5764K(5824K) Class: 533K(640K)->533K(640K)
[118.010s][info][gc             ] GC(344) Pause Full (Ergonomics) 360M->360M(409M) 379.936ms
[118.010s][info][gc,cpu         ] GC(344) User=0.36s Sys=0.00s Real=0.38s
[118.010s][info][gc,start       ] GC(345) Pause Full (Ergonomics)
[118.010s][info][gc,phases,start] GC(345) Marking Phase
[118.286s][info][gc,phases      ] GC(345) Marking Phase 275.769ms
[118.286s][info][gc,phases,start] GC(345) Summary Phase
[118.286s][info][gc,phases      ] GC(345) Summary Phase 0.034ms
[118.286s][info][gc,phases,start] GC(345) Adjust Roots
[118.287s][info][gc,phases      ] GC(345) Adjust Roots 0.264ms
[118.287s][info][gc,phases,start] GC(345) Compaction Phase
[118.383s][info][gc,phases      ] GC(345) Compaction Phase 96.081ms
[118.383s][info][gc,phases,start] GC(345) Post Compact
[118.384s][info][gc,phases      ] GC(345) Post Compact 1.521ms
[118.384s][info][gc,heap        ] GC(345) PSYoungGen: 33771K(77312K)->33771K(77312K) Eden: 24575K(24576K)->24575K(24576K) From: 9195K(52736K)->9195K(52736K)
[118.384s][info][gc,heap        ] GC(345) ParOldGen: 335607K(341504K)->335607K(341504K)
[118.384s][info][gc,metaspace   ] GC(345) Metaspace: 6298K(6464K)->6298K(6464K) NonClass: 5764K(5824K)->5764K(5824K) Class: 533K(640K)->533K(640K)
[118.384s][info][gc             ] GC(345) Pause Full (Ergonomics) 360M->360M(409M) 374.044ms
[118.384s][info][gc,cpu         ] GC(345) User=0.34s Sys=0.00s Real=0.38s
[118.385s][info][gc,start       ] GC(346) Pause Full (Ergonomics)
[118.385s][info][gc,phases,start] GC(346) Marking Phase
[118.666s][info][gc,phases      ] GC(346) Marking Phase 280.805ms
[118.666s][info][gc,phases,start] GC(346) Summary Phase
[118.666s][info][gc,phases      ] GC(346) Summary Phase 0.035ms
[118.666s][info][gc,phases,start] GC(346) Adjust Roots
[118.666s][info][gc,phases      ] GC(346) Adjust Roots 0.264ms
[118.666s][info][gc,phases,start] GC(346) Compaction Phase
[118.763s][info][gc,phases      ] GC(346) Compaction Phase 96.283ms
[118.763s][info][gc,phases,start] GC(346) Post Compact
[118.764s][info][gc,phases      ] GC(346) Post Compact 1.502ms
[118.764s][info][gc,heap        ] GC(346) PSYoungGen: 33771K(77312K)->33771K(77312K) Eden: 24575K(24576K)->24575K(24576K) From: 9195K(52736K)->9195K(52736K)
[118.764s][info][gc,heap        ] GC(346) ParOldGen: 335612K(341504K)->335612K(341504K)
[118.764s][info][gc,metaspace   ] GC(346) Metaspace: 6298K(6464K)->6298K(6464K) NonClass: 5764K(5824K)->5764K(5824K) Class: 533K(640K)->533K(640K)
[118.764s][info][gc             ] GC(346) Pause Full (Ergonomics) 360M->360M(409M) 379.550ms
[118.764s][info][gc,cpu         ] GC(346) User=0.34s Sys=0.00s Real=0.38s
[118.765s][info][gc,start       ] GC(347) Pause Full (Ergonomics)
[118.765s][info][gc,phases,start] GC(347) Marking Phase
[119.045s][info][gc,phases      ] GC(347) Marking Phase 280.232ms
[119.045s][info][gc,phases,start] GC(347) Summary Phase
[119.045s][info][gc,phases      ] GC(347) Summary Phase 0.035ms
[119.045s][info][gc,phases,start] GC(347) Adjust Roots
[119.045s][info][gc,phases      ] GC(347) Adjust Roots 0.295ms
[119.045s][info][gc,phases,start] GC(347) Compaction Phase
[119.142s][info][gc,phases      ] GC(347) Compaction Phase 96.172ms
[119.142s][info][gc,phases,start] GC(347) Post Compact
[119.143s][info][gc,phases      ] GC(347) Post Compact 1.507ms
[119.143s][info][gc,heap        ] GC(347) PSYoungGen: 33771K(77312K)->33771K(77312K) Eden: 24575K(24576K)->24575K(24576K) From: 9195K(52736K)->9195K(52736K)
[119.143s][info][gc,heap        ] GC(347) ParOldGen: 335617K(341504K)->335617K(341504K)
[119.143s][info][gc,metaspace   ] GC(347) Metaspace: 6298K(6464K)->6298K(6464K) NonClass: 5764K(5824K)->5764K(5824K) Class: 533K(640K)->533K(640K)
[119.143s][info][gc             ] GC(347) Pause Full (Ergonomics) 360M->360M(409M) 378.635ms
[119.143s][info][gc,cpu         ] GC(347) User=0.34s Sys=0.00s Real=0.38s
[119.144s][info][gc,start       ] GC(348) Pause Full (Ergonomics)
[119.144s][info][gc,phases,start] GC(348) Marking Phase
[119.423s][info][gc,phases      ] GC(348) Marking Phase 279.809ms
[119.423s][info][gc,phases,start] GC(348) Summary Phase
[119.423s][info][gc,phases      ] GC(348) Summary Phase 0.023ms
[119.423s][info][gc,phases,start] GC(348) Adjust Roots
[119.424s][info][gc,phases      ] GC(348) Adjust Roots 0.208ms
[119.424s][info][gc,phases,start] GC(348) Compaction Phase
[119.522s][info][gc,phases      ] GC(348) Compaction Phase 97.910ms
[119.522s][info][gc,phases,start] GC(348) Post Compact
[119.523s][info][gc,phases      ] GC(348) Post Compact 1.513ms
[119.523s][info][gc,heap        ] GC(348) PSYoungGen: 33771K(77312K)->33771K(77312K) Eden: 24575K(24576K)->24575K(24576K) From: 9195K(52736K)->9195K(52736K)
[119.523s][info][gc,heap        ] GC(348) ParOldGen: 335621K(341504K)->335621K(341504K)
[119.523s][info][gc,metaspace   ] GC(348) Metaspace: 6298K(6464K)->6298K(6464K) NonClass: 5764K(5824K)->5764K(5824K) Class: 533K(640K)->533K(640K)
[119.523s][info][gc             ] GC(348) Pause Full (Ergonomics) 360M->360M(409M) 379.803ms
[119.523s][info][gc,cpu         ] GC(348) User=0.34s Sys=0.02s Real=0.38s
[119.524s][info][gc,start       ] GC(349) Pause Full (Ergonomics)
[119.524s][info][gc,phases,start] GC(349) Marking Phase
[119.804s][info][gc,phases      ] GC(349) Marking Phase 280.748ms
[119.805s][info][gc,phases,start] GC(349) Summary Phase
[119.805s][info][gc,phases      ] GC(349) Summary Phase 0.035ms
[119.805s][info][gc,phases,start] GC(349) Adjust Roots
[119.805s][info][gc,phases      ] GC(349) Adjust Roots 0.228ms
[119.805s][info][gc,phases,start] GC(349) Compaction Phase
[119.902s][info][gc,phases      ] GC(349) Compaction Phase 96.993ms
[119.902s][info][gc,phases,start] GC(349) Post Compact
[119.903s][info][gc,phases      ] GC(349) Post Compact 1.506ms
[119.904s][info][gc,heap        ] GC(349) PSYoungGen: 33771K(77312K)->33771K(77312K) Eden: 24575K(24576K)->24575K(24576K) From: 9195K(52736K)->9195K(52736K)
[119.904s][info][gc,heap        ] GC(349) ParOldGen: 335626K(341504K)->335626K(341504K)
[119.904s][info][gc,metaspace   ] GC(349) Metaspace: 6298K(6464K)->6298K(6464K) NonClass: 5764K(5824K)->5764K(5824K) Class: 533K(640K)->533K(640K)
[119.904s][info][gc             ] GC(349) Pause Full (Ergonomics) 360M->360M(409M) 379.917ms
[119.904s][info][gc,cpu         ] GC(349) User=0.34s Sys=0.00s Real=0.38s
[119.904s][info][gc,start       ] GC(350) Pause Full (Ergonomics)
[119.904s][info][gc,phases,start] GC(350) Marking Phase
[120.184s][info][gc,phases      ] GC(350) Marking Phase 280.208ms
[120.184s][info][gc,phases,start] GC(350) Summary Phase
[120.184s][info][gc,phases      ] GC(350) Summary Phase 0.025ms
[120.184s][info][gc,phases,start] GC(350) Adjust Roots
[120.184s][info][gc,phases      ] GC(350) Adjust Roots 0.218ms
[120.185s][info][gc,phases,start] GC(350) Compaction Phase
[120.281s][info][gc,phases      ] GC(350) Compaction Phase 96.696ms
[120.281s][info][gc,phases,start] GC(350) Post Compact
[120.283s][info][gc,phases      ] GC(350) Post Compact 1.506ms
[120.283s][info][gc,heap        ] GC(350) PSYoungGen: 33771K(77312K)->33771K(77312K) Eden: 24575K(24576K)->24575K(24576K) From: 9195K(52736K)->9195K(52736K)
[120.283s][info][gc,heap        ] GC(350) ParOldGen: 335631K(341504K)->335631K(341504K)
[120.283s][info][gc,metaspace   ] GC(350) Metaspace: 6298K(6464K)->6298K(6464K) NonClass: 5764K(5824K)->5764K(5824K) Class: 533K(640K)->533K(640K)
[120.283s][info][gc             ] GC(350) Pause Full (Ergonomics) 360M->360M(409M) 379.048ms
[120.283s][info][gc,cpu         ] GC(350) User=0.33s Sys=0.02s Real=0.38s
[120.283s][info][gc,start       ] GC(351) Pause Full (Ergonomics)
[120.283s][info][gc,phases,start] GC(351) Marking Phase
[120.565s][info][gc,phases      ] GC(351) Marking Phase 281.539ms
[120.565s][info][gc,phases,start] GC(351) Summary Phase
[120.565s][info][gc,phases      ] GC(351) Summary Phase 0.035ms
[120.565s][info][gc,phases,start] GC(351) Adjust Roots
[120.565s][info][gc,phases      ] GC(351) Adjust Roots 0.238ms
[120.565s][info][gc,phases,start] GC(351) Compaction Phase
[120.662s][info][gc,phases      ] GC(351) Compaction Phase 96.972ms
[120.662s][info][gc,phases,start] GC(351) Post Compact
[120.664s][info][gc,phases      ] GC(351) Post Compact 1.654ms
[120.664s][info][gc,heap        ] GC(351) PSYoungGen: 33771K(77312K)->33771K(77312K) Eden: 24575K(24576K)->24575K(24576K) From: 9195K(52736K)->9195K(52736K)
[120.664s][info][gc,heap        ] GC(351) ParOldGen: 335635K(341504K)->335635K(341504K)
[120.664s][info][gc,metaspace   ] GC(351) Metaspace: 6298K(6464K)->6298K(6464K) NonClass: 5764K(5824K)->5764K(5824K) Class: 533K(640K)->533K(640K)
[120.664s][info][gc             ] GC(351) Pause Full (Ergonomics) 360M->360M(409M) 380.844ms
[120.664s][info][gc,cpu         ] GC(351) User=0.34s Sys=0.00s Real=0.38s
[120.664s][info][gc,start       ] GC(352) Pause Full (Ergonomics)
[120.665s][info][gc,phases,start] GC(352) Marking Phase
[120.948s][info][gc,phases      ] GC(352) Marking Phase 283.042ms
[120.948s][info][gc,phases,start] GC(352) Summary Phase
[120.948s][info][gc,phases      ] GC(352) Summary Phase 0.019ms
[120.948s][info][gc,phases,start] GC(352) Adjust Roots
[120.948s][info][gc,phases      ] GC(352) Adjust Roots 0.247ms
[120.948s][info][gc,phases,start] GC(352) Compaction Phase
[121.047s][info][gc,phases      ] GC(352) Compaction Phase 98.692ms
[121.047s][info][gc,phases,start] GC(352) Post Compact
[121.048s][info][gc,phases      ] GC(352) Post Compact 1.499ms
[121.048s][info][gc,heap        ] GC(352) PSYoungGen: 33771K(77312K)->33771K(77312K) Eden: 24575K(24576K)->24575K(24576K) From: 9195K(52736K)->9195K(52736K)
[121.048s][info][gc,heap        ] GC(352) ParOldGen: 335640K(341504K)->335640K(341504K)
[121.048s][info][gc,metaspace   ] GC(352) Metaspace: 6298K(6464K)->6298K(6464K) NonClass: 5764K(5824K)->5764K(5824K) Class: 533K(640K)->533K(640K)
[121.048s][info][gc             ] GC(352) Pause Full (Ergonomics) 360M->360M(409M) 383.923ms
[121.048s][info][gc,cpu         ] GC(352) User=0.34s Sys=0.00s Real=0.38s
[121.049s][info][gc,start       ] GC(353) Pause Full (Ergonomics)
[121.049s][info][gc,phases,start] GC(353) Marking Phase
[121.329s][info][gc,phases      ] GC(353) Marking Phase 280.271ms
[121.329s][info][gc,phases,start] GC(353) Summary Phase
[121.329s][info][gc,phases      ] GC(353) Summary Phase 0.022ms
[121.329s][info][gc,phases,start] GC(353) Adjust Roots
[121.329s][info][gc,phases      ] GC(353) Adjust Roots 0.213ms
[121.329s][info][gc,phases,start] GC(353) Compaction Phase
[121.425s][info][gc,phases      ] GC(353) Compaction Phase 95.848ms
[121.425s][info][gc,phases,start] GC(353) Post Compact
[121.427s][info][gc,phases      ] GC(353) Post Compact 1.503ms
[121.427s][info][gc,heap        ] GC(353) PSYoungGen: 33771K(77312K)->33771K(77312K) Eden: 24575K(24576K)->24575K(24576K) From: 9195K(52736K)->9195K(52736K)
[121.427s][info][gc,heap        ] GC(353) ParOldGen: 335645K(341504K)->335645K(341504K)
[121.427s][info][gc,metaspace   ] GC(353) Metaspace: 6298K(6464K)->6298K(6464K) NonClass: 5764K(5824K)->5764K(5824K) Class: 533K(640K)->533K(640K)
[121.427s][info][gc             ] GC(353) Pause Full (Ergonomics) 360M->360M(409M) 378.230ms
[121.427s][info][gc,cpu         ] GC(353) User=0.36s Sys=0.00s Real=0.38s
[121.427s][info][gc,start       ] GC(354) Pause Full (Ergonomics)
[121.427s][info][gc,phases,start] GC(354) Marking Phase
[121.709s][info][gc,phases      ] GC(354) Marking Phase 281.260ms
[121.709s][info][gc,phases,start] GC(354) Summary Phase
[121.709s][info][gc,phases      ] GC(354) Summary Phase 0.035ms
[121.709s][info][gc,phases,start] GC(354) Adjust Roots
[121.709s][info][gc,phases      ] GC(354) Adjust Roots 0.249ms
[121.709s][info][gc,phases,start] GC(354) Compaction Phase
[121.805s][info][gc,phases      ] GC(354) Compaction Phase 96.111ms
[121.805s][info][gc,phases,start] GC(354) Post Compact
[121.807s][info][gc,phases      ] GC(354) Post Compact 1.603ms
[121.807s][info][gc,heap        ] GC(354) PSYoungGen: 33771K(77312K)->33771K(77312K) Eden: 24575K(24576K)->24575K(24576K) From: 9195K(52736K)->9195K(52736K)
[121.807s][info][gc,heap        ] GC(354) ParOldGen: 335649K(341504K)->335649K(341504K)
[121.807s][info][gc,metaspace   ] GC(354) Metaspace: 6298K(6464K)->6298K(6464K) NonClass: 5764K(5824K)->5764K(5824K) Class: 533K(640K)->533K(640K)
[121.807s][info][gc             ] GC(354) Pause Full (Ergonomics) 360M->360M(409M) 379.648ms
[121.807s][info][gc,cpu         ] GC(354) User=0.34s Sys=0.00s Real=0.38s
[121.807s][info][gc,start       ] GC(355) Pause Full (Ergonomics)
[121.807s][info][gc,phases,start] GC(355) Marking Phase
[122.088s][info][gc,phases      ] GC(355) Marking Phase 280.550ms
[122.088s][info][gc,phases,start] GC(355) Summary Phase
[122.088s][info][gc,phases      ] GC(355) Summary Phase 0.034ms
[122.088s][info][gc,phases,start] GC(355) Adjust Roots
[122.088s][info][gc,phases      ] GC(355) Adjust Roots 0.238ms
[122.088s][info][gc,phases,start] GC(355) Compaction Phase
[122.184s][info][gc,phases      ] GC(355) Compaction Phase 95.609ms
[122.184s][info][gc,phases,start] GC(355) Post Compact
[122.185s][info][gc,phases      ] GC(355) Post Compact 1.518ms
[122.186s][info][gc,heap        ] GC(355) PSYoungGen: 33771K(77312K)->33771K(77312K) Eden: 24575K(24576K)->24575K(24576K) From: 9195K(52736K)->9195K(52736K)
[122.186s][info][gc,heap        ] GC(355) ParOldGen: 335654K(341504K)->335654K(341504K)
[122.186s][info][gc,metaspace   ] GC(355) Metaspace: 6298K(6464K)->6298K(6464K) NonClass: 5764K(5824K)->5764K(5824K) Class: 533K(640K)->533K(640K)
[122.186s][info][gc             ] GC(355) Pause Full (Ergonomics) 360M->360M(409M) 378.352ms
[122.186s][info][gc,cpu         ] GC(355) User=0.34s Sys=0.00s Real=0.38s
[122.186s][info][gc,start       ] GC(356) Pause Full (Ergonomics)
[122.186s][info][gc,phases,start] GC(356) Marking Phase
[122.467s][info][gc,phases      ] GC(356) Marking Phase 280.837ms
[122.467s][info][gc,phases,start] GC(356) Summary Phase
[122.467s][info][gc,phases      ] GC(356) Summary Phase 0.043ms
[122.467s][info][gc,phases,start] GC(356) Adjust Roots
[122.467s][info][gc,phases      ] GC(356) Adjust Roots 0.275ms
[122.467s][info][gc,phases,start] GC(356) Compaction Phase
[122.564s][info][gc,phases      ] GC(356) Compaction Phase 96.301ms
[122.564s][info][gc,phases,start] GC(356) Post Compact
[122.565s][info][gc,phases      ] GC(356) Post Compact 1.508ms
[122.565s][info][gc,heap        ] GC(356) PSYoungGen: 33771K(77312K)->33771K(77312K) Eden: 24575K(24576K)->24575K(24576K) From: 9195K(52736K)->9195K(52736K)
[122.565s][info][gc,heap        ] GC(356) ParOldGen: 335659K(341504K)->335659K(341504K)
[122.565s][info][gc,metaspace   ] GC(356) Metaspace: 6298K(6464K)->6298K(6464K) NonClass: 5764K(5824K)->5764K(5824K) Class: 533K(640K)->533K(640K)
[122.565s][info][gc             ] GC(356) Pause Full (Ergonomics) 360M->360M(409M) 379.400ms
[122.565s][info][gc,cpu         ] GC(356) User=0.36s Sys=0.00s Real=0.38s
[122.566s][info][gc,start       ] GC(357) Pause Full (Ergonomics)
[122.566s][info][gc,phases,start] GC(357) Marking Phase
[122.847s][info][gc,phases      ] GC(357) Marking Phase 280.930ms
[122.847s][info][gc,phases,start] GC(357) Summary Phase
[122.847s][info][gc,phases      ] GC(357) Summary Phase 0.034ms
[122.847s][info][gc,phases,start] GC(357) Adjust Roots
[122.847s][info][gc,phases      ] GC(357) Adjust Roots 0.270ms
[122.847s][info][gc,phases,start] GC(357) Compaction Phase
[122.944s][info][gc,phases      ] GC(357) Compaction Phase 96.660ms
[122.944s][info][gc,phases,start] GC(357) Post Compact
[122.945s][info][gc,phases      ] GC(357) Post Compact 1.489ms
[122.945s][info][gc,heap        ] GC(357) PSYoungGen: 33771K(77312K)->33771K(77312K) Eden: 24575K(24576K)->24575K(24576K) From: 9195K(52736K)->9195K(52736K)
[122.945s][info][gc,heap        ] GC(357) ParOldGen: 335663K(341504K)->335663K(341504K)
[122.945s][info][gc,metaspace   ] GC(357) Metaspace: 6298K(6464K)->6298K(6464K) NonClass: 5764K(5824K)->5764K(5824K) Class: 533K(640K)->533K(640K)
[122.945s][info][gc             ] GC(357) Pause Full (Ergonomics) 360M->360M(409M) 379.822ms
[122.945s][info][gc,cpu         ] GC(357) User=0.36s Sys=0.00s Real=0.38s
[122.946s][info][gc,start       ] GC(358) Pause Full (Ergonomics)
[122.946s][info][gc,phases,start] GC(358) Marking Phase
[123.227s][info][gc,phases      ] GC(358) Marking Phase 281.111ms
[123.227s][info][gc,phases,start] GC(358) Summary Phase
[123.227s][info][gc,phases      ] GC(358) Summary Phase 0.034ms
[123.227s][info][gc,phases,start] GC(358) Adjust Roots
[123.227s][info][gc,phases      ] GC(358) Adjust Roots 0.259ms
[123.227s][info][gc,phases,start] GC(358) Compaction Phase
[123.324s][info][gc,phases      ] GC(358) Compaction Phase 96.671ms
[123.324s][info][gc,phases,start] GC(358) Post Compact
[123.326s][info][gc,phases      ] GC(358) Post Compact 1.576ms
[123.326s][info][gc,heap        ] GC(358) PSYoungGen: 33771K(77312K)->33771K(77312K) Eden: 24575K(24576K)->24575K(24576K) From: 9195K(52736K)->9195K(52736K)
[123.326s][info][gc,heap        ] GC(358) ParOldGen: 335668K(341504K)->335668K(341504K)
[123.326s][info][gc,metaspace   ] GC(358) Metaspace: 6298K(6464K)->6298K(6464K) NonClass: 5764K(5824K)->5764K(5824K) Class: 533K(640K)->533K(640K)
[123.326s][info][gc             ] GC(358) Pause Full (Ergonomics) 360M->360M(409M) 380.036ms
[123.326s][info][gc,cpu         ] GC(358) User=0.34s Sys=0.00s Real=0.38s
[123.326s][info][gc,start       ] GC(359) Pause Full (Ergonomics)
[123.326s][info][gc,phases,start] GC(359) Marking Phase
[123.607s][info][gc,phases      ] GC(359) Marking Phase 280.885ms
[123.607s][info][gc,phases,start] GC(359) Summary Phase
[123.607s][info][gc,phases      ] GC(359) Summary Phase 0.068ms
[123.607s][info][gc,phases,start] GC(359) Adjust Roots
[123.607s][info][gc,phases      ] GC(359) Adjust Roots 0.265ms
[123.607s][info][gc,phases,start] GC(359) Compaction Phase
[123.704s][info][gc,phases      ] GC(359) Compaction Phase 96.818ms
[123.704s][info][gc,phases,start] GC(359) Post Compact
[123.706s][info][gc,phases      ] GC(359) Post Compact 1.554ms
[123.706s][info][gc,heap        ] GC(359) PSYoungGen: 33771K(77312K)->33771K(77312K) Eden: 24575K(24576K)->24575K(24576K) From: 9195K(52736K)->9195K(52736K)
[123.706s][info][gc,heap        ] GC(359) ParOldGen: 335673K(341504K)->335673K(341504K)
[123.706s][info][gc,metaspace   ] GC(359) Metaspace: 6298K(6464K)->6298K(6464K) NonClass: 5764K(5824K)->5764K(5824K) Class: 533K(640K)->533K(640K)
[123.706s][info][gc             ] GC(359) Pause Full (Ergonomics) 360M->360M(409M) 379.985ms
[123.706s][info][gc,cpu         ] GC(359) User=0.34s Sys=0.00s Real=0.38s
[123.706s][info][gc,start       ] GC(360) Pause Full (Ergonomics)
[123.706s][info][gc,phases,start] GC(360) Marking Phase
[123.987s][info][gc,phases      ] GC(360) Marking Phase 280.764ms
[123.987s][info][gc,phases,start] GC(360) Summary Phase
[123.987s][info][gc,phases      ] GC(360) Summary Phase 0.034ms
[123.987s][info][gc,phases,start] GC(360) Adjust Roots
[123.988s][info][gc,phases      ] GC(360) Adjust Roots 0.295ms
[123.988s][info][gc,phases,start] GC(360) Compaction Phase
[124.084s][info][gc,phases      ] GC(360) Compaction Phase 96.514ms
[124.084s][info][gc,phases,start] GC(360) Post Compact
[124.086s][info][gc,phases      ] GC(360) Post Compact 1.511ms
[124.086s][info][gc,heap        ] GC(360) PSYoungGen: 33771K(77312K)->33771K(77312K) Eden: 24575K(24576K)->24575K(24576K) From: 9195K(52736K)->9195K(52736K)
[124.086s][info][gc,heap        ] GC(360) ParOldGen: 335677K(341504K)->335677K(341504K)
[124.086s][info][gc,metaspace   ] GC(360) Metaspace: 6298K(6464K)->6298K(6464K) NonClass: 5764K(5824K)->5764K(5824K) Class: 533K(640K)->533K(640K)
[124.086s][info][gc             ] GC(360) Pause Full (Ergonomics) 360M->360M(409M) 379.505ms
[124.086s][info][gc,cpu         ] GC(360) User=0.38s Sys=0.00s Real=0.38s
[124.086s][info][gc,start       ] GC(361) Pause Full (Ergonomics)
[124.086s][info][gc,phases,start] GC(361) Marking Phase
[124.362s][info][gc,phases      ] GC(361) Marking Phase 276.107ms
[124.362s][info][gc,phases,start] GC(361) Summary Phase
[124.362s][info][gc,phases      ] GC(361) Summary Phase 0.022ms
[124.362s][info][gc,phases,start] GC(361) Adjust Roots
[124.363s][info][gc,phases      ] GC(361) Adjust Roots 0.209ms
[124.363s][info][gc,phases,start] GC(361) Compaction Phase
[124.459s][info][gc,phases      ] GC(361) Compaction Phase 96.091ms
[124.459s][info][gc,phases,start] GC(361) Post Compact
[124.460s][info][gc,phases      ] GC(361) Post Compact 1.509ms
[124.460s][info][gc,heap        ] GC(361) PSYoungGen: 33771K(77312K)->33771K(77312K) Eden: 24575K(24576K)->24575K(24576K) From: 9195K(52736K)->9195K(52736K)
[124.460s][info][gc,heap        ] GC(361) ParOldGen: 335682K(341504K)->335682K(341504K)
[124.460s][info][gc,metaspace   ] GC(361) Metaspace: 6298K(6464K)->6298K(6464K) NonClass: 5764K(5824K)->5764K(5824K) Class: 533K(640K)->533K(640K)
[124.460s][info][gc             ] GC(361) Pause Full (Ergonomics) 360M->360M(409M) 374.297ms
[124.460s][info][gc,cpu         ] GC(361) User=0.36s Sys=0.00s Real=0.37s
[124.461s][info][gc,start       ] GC(362) Pause Full (Ergonomics)
[124.461s][info][gc,phases,start] GC(362) Marking Phase
[124.741s][info][gc,phases      ] GC(362) Marking Phase 280.731ms
[124.742s][info][gc,phases,start] GC(362) Summary Phase
[124.742s][info][gc,phases      ] GC(362) Summary Phase 0.034ms
[124.742s][info][gc,phases,start] GC(362) Adjust Roots
[124.742s][info][gc,phases      ] GC(362) Adjust Roots 0.269ms
[124.742s][info][gc,phases,start] GC(362) Compaction Phase
[124.839s][info][gc,phases      ] GC(362) Compaction Phase 97.023ms
[124.839s][info][gc,phases,start] GC(362) Post Compact
[124.841s][info][gc,phases      ] GC(362) Post Compact 1.641ms
[124.841s][info][gc,heap        ] GC(362) PSYoungGen: 33771K(77312K)->33771K(77312K) Eden: 24575K(24576K)->24575K(24576K) From: 9195K(52736K)->9195K(52736K)
[124.841s][info][gc,heap        ] GC(362) ParOldGen: 335687K(341504K)->335687K(341504K)
[124.841s][info][gc,metaspace   ] GC(362) Metaspace: 6298K(6464K)->6298K(6464K) NonClass: 5764K(5824K)->5764K(5824K) Class: 533K(640K)->533K(640K)
[124.841s][info][gc             ] GC(362) Pause Full (Ergonomics) 360M->360M(409M) 380.090ms
[124.841s][info][gc,cpu         ] GC(362) User=0.34s Sys=0.00s Real=0.38s
[124.841s][info][gc,start       ] GC(363) Pause Full (Ergonomics)
[124.841s][info][gc,phases,start] GC(363) Marking Phase
[125.122s][info][gc,phases      ] GC(363) Marking Phase 280.802ms
[125.122s][info][gc,phases,start] GC(363) Summary Phase
[125.122s][info][gc,phases      ] GC(363) Summary Phase 0.035ms
[125.122s][info][gc,phases,start] GC(363) Adjust Roots
[125.122s][info][gc,phases      ] GC(363) Adjust Roots 0.269ms
[125.122s][info][gc,phases,start] GC(363) Compaction Phase
[125.219s][info][gc,phases      ] GC(363) Compaction Phase 96.505ms
[125.219s][info][gc,phases,start] GC(363) Post Compact
[125.220s][info][gc,phases      ] GC(363) Post Compact 1.494ms
[125.220s][info][gc,heap        ] GC(363) PSYoungGen: 33771K(77312K)->33771K(77312K) Eden: 24575K(24576K)->24575K(24576K) From: 9195K(52736K)->9195K(52736K)
[125.220s][info][gc,heap        ] GC(363) ParOldGen: 335691K(341504K)->335691K(341504K)
[125.221s][info][gc,metaspace   ] GC(363) Metaspace: 6298K(6464K)->6298K(6464K) NonClass: 5764K(5824K)->5764K(5824K) Class: 533K(640K)->533K(640K)
[125.221s][info][gc             ] GC(363) Pause Full (Ergonomics) 360M->360M(409M) 379.533ms
[125.221s][info][gc,cpu         ] GC(363) User=0.36s Sys=0.00s Real=0.38s
[125.221s][info][gc,start       ] GC(364) Pause Full (Ergonomics)
[125.221s][info][gc,phases,start] GC(364) Marking Phase
[125.497s][info][gc,phases      ] GC(364) Marking Phase 276.252ms
[125.498s][info][gc,phases,start] GC(364) Summary Phase
[125.498s][info][gc,phases      ] GC(364) Summary Phase 0.035ms
[125.498s][info][gc,phases,start] GC(364) Adjust Roots
[125.498s][info][gc,phases      ] GC(364) Adjust Roots 0.235ms
[125.498s][info][gc,phases,start] GC(364) Compaction Phase
[125.594s][info][gc,phases      ] GC(364) Compaction Phase 96.390ms
[125.594s][info][gc,phases,start] GC(364) Post Compact
[125.596s][info][gc,phases      ] GC(364) Post Compact 1.673ms
[125.596s][info][gc,heap        ] GC(364) PSYoungGen: 33771K(77312K)->33771K(77312K) Eden: 24575K(24576K)->24575K(24576K) From: 9195K(52736K)->9195K(52736K)
[125.596s][info][gc,heap        ] GC(364) ParOldGen: 335696K(341504K)->335696K(341504K)
[125.596s][info][gc,metaspace   ] GC(364) Metaspace: 6298K(6464K)->6298K(6464K) NonClass: 5764K(5824K)->5764K(5824K) Class: 533K(640K)->533K(640K)
[125.596s][info][gc             ] GC(364) Pause Full (Ergonomics) 360M->360M(409M) 375.008ms
[125.596s][info][gc,cpu         ] GC(364) User=0.38s Sys=0.00s Real=0.38s
[125.596s][info][gc,start       ] GC(365) Pause Full (Ergonomics)
[125.596s][info][gc,phases,start] GC(365) Marking Phase
[125.876s][info][gc,phases      ] GC(365) Marking Phase 279.032ms
[125.876s][info][gc,phases,start] GC(365) Summary Phase
[125.876s][info][gc,phases      ] GC(365) Summary Phase 0.022ms
[125.876s][info][gc,phases,start] GC(365) Adjust Roots
[125.876s][info][gc,phases      ] GC(365) Adjust Roots 0.506ms
[125.876s][info][gc,phases,start] GC(365) Compaction Phase
[125.972s][info][gc,phases      ] GC(365) Compaction Phase 96.159ms
[125.972s][info][gc,phases,start] GC(365) Post Compact
[125.974s][info][gc,phases      ] GC(365) Post Compact 1.853ms
[125.974s][info][gc,heap        ] GC(365) PSYoungGen: 33771K(77312K)->33771K(77312K) Eden: 24575K(24576K)->24575K(24576K) From: 9195K(52736K)->9195K(52736K)
[125.974s][info][gc,heap        ] GC(365) ParOldGen: 335701K(341504K)->335701K(341504K)
[125.974s][info][gc,metaspace   ] GC(365) Metaspace: 6298K(6464K)->6298K(6464K) NonClass: 5764K(5824K)->5764K(5824K) Class: 533K(640K)->533K(640K)
[125.974s][info][gc             ] GC(365) Pause Full (Ergonomics) 360M->360M(409M) 377.959ms
[125.974s][info][gc,cpu         ] GC(365) User=0.36s Sys=0.02s Real=0.38s
[125.975s][info][gc,start       ] GC(366) Pause Full (Ergonomics)
[125.975s][info][gc,phases,start] GC(366) Marking Phase
[126.252s][info][gc,phases      ] GC(366) Marking Phase 277.612ms
[126.252s][info][gc,phases,start] GC(366) Summary Phase
[126.252s][info][gc,phases      ] GC(366) Summary Phase 0.024ms
[126.252s][info][gc,phases,start] GC(366) Adjust Roots
[126.253s][info][gc,phases      ] GC(366) Adjust Roots 0.216ms
[126.253s][info][gc,phases,start] GC(366) Compaction Phase
[126.349s][info][gc,phases      ] GC(366) Compaction Phase 96.180ms
[126.349s][info][gc,phases,start] GC(366) Post Compact
[126.351s][info][gc,phases      ] GC(366) Post Compact 1.658ms
[126.351s][info][gc,heap        ] GC(366) PSYoungGen: 33771K(77312K)->33771K(77312K) Eden: 24575K(24576K)->24575K(24576K) From: 9195K(52736K)->9195K(52736K)
[126.351s][info][gc,heap        ] GC(366) ParOldGen: 335705K(341504K)->335705K(341504K)
[126.351s][info][gc,metaspace   ] GC(366) Metaspace: 6298K(6464K)->6298K(6464K) NonClass: 5764K(5824K)->5764K(5824K) Class: 533K(640K)->533K(640K)
[126.351s][info][gc             ] GC(366) Pause Full (Ergonomics) 360M->360M(409M) 376.021ms
[126.351s][info][gc,cpu         ] GC(366) User=0.36s Sys=0.00s Real=0.38s
[126.351s][info][gc,start       ] GC(367) Pause Full (Ergonomics)
[126.351s][info][gc,phases,start] GC(367) Marking Phase
[126.634s][info][gc,phases      ] GC(367) Marking Phase 283.004ms
[126.634s][info][gc,phases,start] GC(367) Summary Phase
[126.634s][info][gc,phases      ] GC(367) Summary Phase 0.023ms
[126.634s][info][gc,phases,start] GC(367) Adjust Roots
[126.634s][info][gc,phases      ] GC(367) Adjust Roots 0.209ms
[126.634s][info][gc,phases,start] GC(367) Compaction Phase
[126.736s][info][gc,phases      ] GC(367) Compaction Phase 101.608ms
[126.736s][info][gc,phases,start] GC(367) Post Compact
[126.738s][info][gc,phases      ] GC(367) Post Compact 1.514ms
[126.738s][info][gc,heap        ] GC(367) PSYoungGen: 33771K(77312K)->33771K(77312K) Eden: 24575K(24576K)->24575K(24576K) From: 9195K(52736K)->9195K(52736K)
[126.738s][info][gc,heap        ] GC(367) ParOldGen: 335710K(341504K)->335710K(341504K)
[126.738s][info][gc,metaspace   ] GC(367) Metaspace: 6298K(6464K)->6298K(6464K) NonClass: 5764K(5824K)->5764K(5824K) Class: 533K(640K)->533K(640K)
[126.738s][info][gc             ] GC(367) Pause Full (Ergonomics) 360M->360M(409M) 386.717ms
[126.738s][info][gc,cpu         ] GC(367) User=0.33s Sys=0.00s Real=0.39s
[126.738s][info][gc,start       ] GC(368) Pause Full (Ergonomics)
[126.738s][info][gc,phases,start] GC(368) Marking Phase
[127.019s][info][gc,phases      ] GC(368) Marking Phase 281.371ms
[127.019s][info][gc,phases,start] GC(368) Summary Phase
[127.019s][info][gc,phases      ] GC(368) Summary Phase 0.022ms
[127.019s][info][gc,phases,start] GC(368) Adjust Roots
[127.020s][info][gc,phases      ] GC(368) Adjust Roots 0.216ms
[127.020s][info][gc,phases,start] GC(368) Compaction Phase
[127.115s][info][gc,phases      ] GC(368) Compaction Phase 94.877ms
[127.115s][info][gc,phases,start] GC(368) Post Compact
[127.116s][info][gc,phases      ] GC(368) Post Compact 1.744ms
[127.116s][info][gc,heap        ] GC(368) PSYoungGen: 33771K(77312K)->33771K(77312K) Eden: 24575K(24576K)->24575K(24576K) From: 9195K(52736K)->9195K(52736K)
[127.116s][info][gc,heap        ] GC(368) ParOldGen: 335715K(341504K)->335715K(341504K)
[127.116s][info][gc,metaspace   ] GC(368) Metaspace: 6298K(6464K)->6298K(6464K) NonClass: 5764K(5824K)->5764K(5824K) Class: 533K(640K)->533K(640K)
[127.116s][info][gc             ] GC(368) Pause Full (Ergonomics) 360M->360M(409M) 378.560ms
[127.116s][info][gc,cpu         ] GC(368) User=0.39s Sys=0.00s Real=0.38s
[127.117s][info][gc,start       ] GC(369) Pause Full (Ergonomics)
[127.117s][info][gc,phases,start] GC(369) Marking Phase
[127.412s][info][gc,phases      ] GC(369) Marking Phase 295.620ms
[127.412s][info][gc,phases,start] GC(369) Summary Phase
[127.412s][info][gc,phases      ] GC(369) Summary Phase 0.024ms
[127.412s][info][gc,phases,start] GC(369) Adjust Roots
[127.413s][info][gc,phases      ] GC(369) Adjust Roots 0.309ms
[127.413s][info][gc,phases,start] GC(369) Compaction Phase
[127.511s][info][gc,phases      ] GC(369) Compaction Phase 98.329ms
[127.511s][info][gc,phases,start] GC(369) Post Compact
[127.513s][info][gc,phases      ] GC(369) Post Compact 1.565ms
[127.513s][info][gc,heap        ] GC(369) PSYoungGen: 33771K(77312K)->33771K(77312K) Eden: 24575K(24576K)->24575K(24576K) From: 9195K(52736K)->9195K(52736K)
[127.513s][info][gc,heap        ] GC(369) ParOldGen: 335719K(341504K)->335719K(341504K)
[127.513s][info][gc,metaspace   ] GC(369) Metaspace: 6298K(6464K)->6298K(6464K) NonClass: 5764K(5824K)->5764K(5824K) Class: 533K(640K)->533K(640K)
[127.513s][info][gc             ] GC(369) Pause Full (Ergonomics) 360M->360M(409M) 396.234ms
[127.513s][info][gc,cpu         ] GC(369) User=0.38s Sys=0.00s Real=0.40s
[127.513s][info][gc,start       ] GC(370) Pause Full (Ergonomics)
[127.513s][info][gc,phases,start] GC(370) Marking Phase
[127.791s][info][gc,phases      ] GC(370) Marking Phase 277.917ms
[127.791s][info][gc,phases,start] GC(370) Summary Phase
[127.791s][info][gc,phases      ] GC(370) Summary Phase 0.022ms
[127.791s][info][gc,phases,start] GC(370) Adjust Roots
[127.791s][info][gc,phases      ] GC(370) Adjust Roots 0.185ms
[127.791s][info][gc,phases,start] GC(370) Compaction Phase
[127.887s][info][gc,phases      ] GC(370) Compaction Phase 95.829ms
[127.887s][info][gc,phases,start] GC(370) Post Compact
[127.889s][info][gc,phases      ] GC(370) Post Compact 1.510ms
[127.889s][info][gc,heap        ] GC(370) PSYoungGen: 33771K(77312K)->33771K(77312K) Eden: 24575K(24576K)->24575K(24576K) From: 9195K(52736K)->9195K(52736K)
[127.889s][info][gc,heap        ] GC(370) ParOldGen: 335724K(341504K)->335724K(341504K)
[127.889s][info][gc,metaspace   ] GC(370) Metaspace: 6298K(6464K)->6298K(6464K) NonClass: 5764K(5824K)->5764K(5824K) Class: 533K(640K)->533K(640K)
[127.889s][info][gc             ] GC(370) Pause Full (Ergonomics) 360M->360M(409M) 375.792ms
[127.889s][info][gc,cpu         ] GC(370) User=0.36s Sys=0.00s Real=0.38s
[127.889s][info][gc,start       ] GC(371) Pause Full (Ergonomics)
[127.889s][info][gc,phases,start] GC(371) Marking Phase
[128.169s][info][gc,phases      ] GC(371) Marking Phase 279.293ms
[128.169s][info][gc,phases,start] GC(371) Summary Phase
[128.169s][info][gc,phases      ] GC(371) Summary Phase 0.020ms
[128.169s][info][gc,phases,start] GC(371) Adjust Roots
[128.169s][info][gc,phases      ] GC(371) Adjust Roots 0.213ms
[128.169s][info][gc,phases,start] GC(371) Compaction Phase
[128.265s][info][gc,phases      ] GC(371) Compaction Phase 95.651ms
[128.265s][info][gc,phases,start] GC(371) Post Compact
[128.266s][info][gc,phases      ] GC(371) Post Compact 1.747ms
[128.266s][info][gc,heap        ] GC(371) PSYoungGen: 33771K(77312K)->33771K(77312K) Eden: 24575K(24576K)->24575K(24576K) From: 9195K(52736K)->9195K(52736K)
[128.266s][info][gc,heap        ] GC(371) ParOldGen: 335729K(341504K)->335729K(341504K)
[128.267s][info][gc,metaspace   ] GC(371) Metaspace: 6298K(6464K)->6298K(6464K) NonClass: 5764K(5824K)->5764K(5824K) Class: 533K(640K)->533K(640K)
[128.267s][info][gc             ] GC(371) Pause Full (Ergonomics) 360M->360M(409M) 377.271ms
[128.267s][info][gc,cpu         ] GC(371) User=0.38s Sys=0.00s Real=0.38s
[128.267s][info][gc,start       ] GC(372) Pause Full (Ergonomics)
[128.267s][info][gc,phases,start] GC(372) Marking Phase
[128.545s][info][gc,phases      ] GC(372) Marking Phase 277.915ms
[128.545s][info][gc,phases,start] GC(372) Summary Phase
[128.545s][info][gc,phases      ] GC(372) Summary Phase 0.023ms
[128.545s][info][gc,phases,start] GC(372) Adjust Roots
[128.545s][info][gc,phases      ] GC(372) Adjust Roots 0.216ms
[128.545s][info][gc,phases,start] GC(372) Compaction Phase
[128.640s][info][gc,phases      ] GC(372) Compaction Phase 94.917ms
[128.640s][info][gc,phases,start] GC(372) Post Compact
[128.642s][info][gc,phases      ] GC(372) Post Compact 1.584ms
[128.642s][info][gc,heap        ] GC(372) PSYoungGen: 33771K(77312K)->33771K(77312K) Eden: 24575K(24576K)->24575K(24576K) From: 9195K(52736K)->9195K(52736K)
[128.642s][info][gc,heap        ] GC(372) ParOldGen: 335733K(341504K)->335733K(341504K)
[128.642s][info][gc,metaspace   ] GC(372) Metaspace: 6298K(6464K)->6298K(6464K) NonClass: 5764K(5824K)->5764K(5824K) Class: 533K(640K)->533K(640K)
[128.642s][info][gc             ] GC(372) Pause Full (Ergonomics) 360M->360M(409M) 375.000ms
[128.642s][info][gc,cpu         ] GC(372) User=0.38s Sys=0.00s Real=0.38s
[128.642s][info][gc,start       ] GC(373) Pause Full (Ergonomics)
[128.642s][info][gc,phases,start] GC(373) Marking Phase
[128.921s][info][gc,phases      ] GC(373) Marking Phase 278.628ms
[128.921s][info][gc,phases,start] GC(373) Summary Phase
[128.921s][info][gc,phases      ] GC(373) Summary Phase 0.022ms
[128.921s][info][gc,phases,start] GC(373) Adjust Roots
[128.921s][info][gc,phases      ] GC(373) Adjust Roots 0.183ms
[128.921s][info][gc,phases,start] GC(373) Compaction Phase
[129.017s][info][gc,phases      ] GC(373) Compaction Phase 95.962ms
[129.017s][info][gc,phases,start] GC(373) Post Compact
[129.019s][info][gc,phases      ] GC(373) Post Compact 1.519ms
[129.019s][info][gc,heap        ] GC(373) PSYoungGen: 33771K(77312K)->33771K(77312K) Eden: 24575K(24576K)->24575K(24576K) From: 9195K(52736K)->9195K(52736K)
[129.019s][info][gc,heap        ] GC(373) ParOldGen: 335738K(341504K)->335738K(341504K)
[129.019s][info][gc,metaspace   ] GC(373) Metaspace: 6298K(6464K)->6298K(6464K) NonClass: 5764K(5824K)->5764K(5824K) Class: 533K(640K)->533K(640K)
[129.019s][info][gc             ] GC(373) Pause Full (Ergonomics) 360M->360M(409M) 376.645ms
[129.019s][info][gc,cpu         ] GC(373) User=0.36s Sys=0.00s Real=0.38s
[129.019s][info][gc,start       ] GC(374) Pause Full (Ergonomics)
[129.019s][info][gc,phases,start] GC(374) Marking Phase
[129.298s][info][gc,phases      ] GC(374) Marking Phase 279.068ms
[129.298s][info][gc,phases,start] GC(374) Summary Phase
[129.298s][info][gc,phases      ] GC(374) Summary Phase 0.023ms
[129.298s][info][gc,phases,start] GC(374) Adjust Roots
[129.298s][info][gc,phases      ] GC(374) Adjust Roots 0.215ms
[129.298s][info][gc,phases,start] GC(374) Compaction Phase
[129.395s][info][gc,phases      ] GC(374) Compaction Phase 96.997ms
[129.395s][info][gc,phases,start] GC(374) Post Compact
[129.397s][info][gc,phases      ] GC(374) Post Compact 1.680ms
[129.397s][info][gc,heap        ] GC(374) PSYoungGen: 33771K(77312K)->33771K(77312K) Eden: 24575K(24576K)->24575K(24576K) From: 9195K(52736K)->9195K(52736K)
[129.397s][info][gc,heap        ] GC(374) ParOldGen: 335743K(341504K)->335743K(341504K)
[129.397s][info][gc,metaspace   ] GC(374) Metaspace: 6298K(6464K)->6298K(6464K) NonClass: 5764K(5824K)->5764K(5824K) Class: 533K(640K)->533K(640K)
[129.397s][info][gc             ] GC(374) Pause Full (Ergonomics) 360M->360M(409M) 378.347ms
[129.397s][info][gc,cpu         ] GC(374) User=0.38s Sys=0.00s Real=0.38s
[129.398s][info][gc,start       ] GC(375) Pause Full (Ergonomics)
[129.398s][info][gc,phases,start] GC(375) Marking Phase
[129.676s][info][gc,phases      ] GC(375) Marking Phase 278.026ms
[129.676s][info][gc,phases,start] GC(375) Summary Phase
[129.676s][info][gc,phases      ] GC(375) Summary Phase 0.023ms
[129.676s][info][gc,phases,start] GC(375) Adjust Roots
[129.676s][info][gc,phases      ] GC(375) Adjust Roots 0.235ms
[129.676s][info][gc,phases,start] GC(375) Compaction Phase
[129.773s][info][gc,phases      ] GC(375) Compaction Phase 97.256ms
[129.773s][info][gc,phases,start] GC(375) Post Compact
[129.775s][info][gc,phases      ] GC(375) Post Compact 1.559ms
[129.775s][info][gc,heap        ] GC(375) PSYoungGen: 33771K(77312K)->33771K(77312K) Eden: 24575K(24576K)->24575K(24576K) From: 9195K(52736K)->9195K(52736K)
[129.775s][info][gc,heap        ] GC(375) ParOldGen: 335747K(341504K)->335747K(341504K)
[129.775s][info][gc,metaspace   ] GC(375) Metaspace: 6298K(6464K)->6298K(6464K) NonClass: 5764K(5824K)->5764K(5824K) Class: 533K(640K)->533K(640K)
[129.775s][info][gc             ] GC(375) Pause Full (Ergonomics) 360M->360M(409M) 377.437ms
[129.775s][info][gc,cpu         ] GC(375) User=0.38s Sys=0.00s Real=0.38s
[129.775s][info][gc,start       ] GC(376) Pause Full (Ergonomics)
[129.775s][info][gc,phases,start] GC(376) Marking Phase
[130.054s][info][gc,phases      ] GC(376) Marking Phase 278.517ms
[130.054s][info][gc,phases,start] GC(376) Summary Phase
[130.054s][info][gc,phases      ] GC(376) Summary Phase 0.023ms
[130.054s][info][gc,phases,start] GC(376) Adjust Roots
[130.054s][info][gc,phases      ] GC(376) Adjust Roots 0.184ms
[130.054s][info][gc,phases,start] GC(376) Compaction Phase
[130.151s][info][gc,phases      ] GC(376) Compaction Phase 97.334ms
[130.151s][info][gc,phases,start] GC(376) Post Compact
[130.154s][info][gc,phases      ] GC(376) Post Compact 2.337ms
[130.154s][info][gc,heap        ] GC(376) PSYoungGen: 33771K(77312K)->33771K(77312K) Eden: 24575K(24576K)->24575K(24576K) From: 9195K(52736K)->9195K(52736K)
[130.154s][info][gc,heap        ] GC(376) ParOldGen: 335752K(341504K)->335752K(341504K)
[130.154s][info][gc,metaspace   ] GC(376) Metaspace: 6298K(6464K)->6298K(6464K) NonClass: 5764K(5824K)->5764K(5824K) Class: 533K(640K)->533K(640K)
[130.154s][info][gc             ] GC(376) Pause Full (Ergonomics) 360M->360M(409M) 378.852ms
[130.154s][info][gc,cpu         ] GC(376) User=0.34s Sys=0.00s Real=0.38s
[130.154s][info][gc,start       ] GC(377) Pause Full (Ergonomics)
[130.154s][info][gc,phases,start] GC(377) Marking Phase
[130.473s][info][gc,phases      ] GC(377) Marking Phase 318.583ms
[130.473s][info][gc,phases,start] GC(377) Summary Phase
[130.473s][info][gc,phases      ] GC(377) Summary Phase 0.024ms
[130.473s][info][gc,phases,start] GC(377) Adjust Roots
[130.473s][info][gc,phases      ] GC(377) Adjust Roots 0.218ms
[130.473s][info][gc,phases,start] GC(377) Compaction Phase
[130.574s][info][gc,phases      ] GC(377) Compaction Phase 101.028ms
[130.574s][info][gc,phases,start] GC(377) Post Compact
[130.577s][info][gc,phases      ] GC(377) Post Compact 2.430ms
[130.577s][info][gc,heap        ] GC(377) PSYoungGen: 33771K(77312K)->33771K(77312K) Eden: 24575K(24576K)->24575K(24576K) From: 9195K(52736K)->9195K(52736K)
[130.577s][info][gc,heap        ] GC(377) ParOldGen: 335757K(341504K)->335757K(341504K)
[130.577s][info][gc,metaspace   ] GC(377) Metaspace: 6298K(6464K)->6298K(6464K) NonClass: 5764K(5824K)->5764K(5824K) Class: 533K(640K)->533K(640K)
[130.577s][info][gc             ] GC(377) Pause Full (Ergonomics) 360M->360M(409M) 422.663ms
[130.577s][info][gc,cpu         ] GC(377) User=0.36s Sys=0.00s Real=0.42s
[130.577s][info][gc,start       ] GC(378) Pause Full (Ergonomics)
[130.577s][info][gc,phases,start] GC(378) Marking Phase
[130.876s][info][gc,phases      ] GC(378) Marking Phase 298.968ms
[130.876s][info][gc,phases,start] GC(378) Summary Phase
[130.876s][info][gc,phases      ] GC(378) Summary Phase 0.024ms
[130.877s][info][gc,phases,start] GC(378) Adjust Roots
[130.877s][info][gc,phases      ] GC(378) Adjust Roots 0.235ms
[130.877s][info][gc,phases,start] GC(378) Compaction Phase
[130.978s][info][gc,phases      ] GC(378) Compaction Phase 101.572ms
[130.978s][info][gc,phases,start] GC(378) Post Compact
[130.980s][info][gc,phases      ] GC(378) Post Compact 1.746ms
[130.980s][info][gc,heap        ] GC(378) PSYoungGen: 33771K(77312K)->33771K(77312K) Eden: 24575K(24576K)->24575K(24576K) From: 9195K(52736K)->9195K(52736K)
[130.980s][info][gc,heap        ] GC(378) ParOldGen: 335761K(341504K)->335761K(341504K)
[130.980s][info][gc,metaspace   ] GC(378) Metaspace: 6298K(6464K)->6298K(6464K) NonClass: 5764K(5824K)->5764K(5824K) Class: 533K(640K)->533K(640K)
[130.980s][info][gc             ] GC(378) Pause Full (Ergonomics) 360M->360M(409M) 402.958ms
[130.980s][info][gc,cpu         ] GC(378) User=0.39s Sys=0.00s Real=0.40s
[130.981s][info][gc,start       ] GC(379) Pause Full (Ergonomics)
[130.981s][info][gc,phases,start] GC(379) Marking Phase
[131.260s][info][gc,phases      ] GC(379) Marking Phase 279.683ms
[131.260s][info][gc,phases,start] GC(379) Summary Phase
[131.260s][info][gc,phases      ] GC(379) Summary Phase 0.030ms
[131.260s][info][gc,phases,start] GC(379) Adjust Roots
[131.261s][info][gc,phases      ] GC(379) Adjust Roots 0.185ms
[131.261s][info][gc,phases,start] GC(379) Compaction Phase
[131.360s][info][gc,phases      ] GC(379) Compaction Phase 98.926ms
[131.360s][info][gc,phases,start] GC(379) Post Compact
[131.361s][info][gc,phases      ] GC(379) Post Compact 1.623ms
[131.361s][info][gc,heap        ] GC(379) PSYoungGen: 33771K(77312K)->33771K(77312K) Eden: 24575K(24576K)->24575K(24576K) From: 9195K(52736K)->9195K(52736K)
[131.361s][info][gc,heap        ] GC(379) ParOldGen: 335766K(341504K)->335766K(341504K)
[131.361s][info][gc,metaspace   ] GC(379) Metaspace: 6298K(6464K)->6298K(6464K) NonClass: 5764K(5824K)->5764K(5824K) Class: 533K(640K)->533K(640K)
[131.362s][info][gc             ] GC(379) Pause Full (Ergonomics) 360M->360M(409M) 380.902ms
[131.362s][info][gc,cpu         ] GC(379) User=0.34s Sys=0.00s Real=0.38s
[131.362s][info][gc,start       ] GC(380) Pause Full (Ergonomics)
[131.362s][info][gc,phases,start] GC(380) Marking Phase
[131.649s][info][gc,phases      ] GC(380) Marking Phase 286.861ms
[131.649s][info][gc,phases,start] GC(380) Summary Phase
[131.649s][info][gc,phases      ] GC(380) Summary Phase 0.023ms
[131.649s][info][gc,phases,start] GC(380) Adjust Roots
[131.649s][info][gc,phases      ] GC(380) Adjust Roots 0.339ms
[131.649s][info][gc,phases,start] GC(380) Compaction Phase
[131.751s][info][gc,phases      ] GC(380) Compaction Phase 102.278ms
[131.752s][info][gc,phases,start] GC(380) Post Compact
[131.753s][info][gc,phases      ] GC(380) Post Compact 1.617ms
[131.753s][info][gc,heap        ] GC(380) PSYoungGen: 33771K(77312K)->33771K(77312K) Eden: 24575K(24576K)->24575K(24576K) From: 9195K(52736K)->9195K(52736K)
[131.753s][info][gc,heap        ] GC(380) ParOldGen: 335771K(341504K)->335771K(341504K)
[131.753s][info][gc,metaspace   ] GC(380) Metaspace: 6298K(6464K)->6298K(6464K) NonClass: 5764K(5824K)->5764K(5824K) Class: 533K(640K)->533K(640K)
[131.753s][info][gc             ] GC(380) Pause Full (Ergonomics) 360M->360M(409M) 391.474ms
[131.753s][info][gc,cpu         ] GC(380) User=0.34s Sys=0.00s Real=0.39s
[131.754s][info][gc,start       ] GC(381) Pause Full (Ergonomics)
[131.754s][info][gc,phases,start] GC(381) Marking Phase
[132.030s][info][gc,phases      ] GC(381) Marking Phase 276.034ms
[132.030s][info][gc,phases,start] GC(381) Summary Phase
[132.030s][info][gc,phases      ] GC(381) Summary Phase 0.023ms
[132.030s][info][gc,phases,start] GC(381) Adjust Roots
[132.030s][info][gc,phases      ] GC(381) Adjust Roots 0.222ms
[132.030s][info][gc,phases,start] GC(381) Compaction Phase
[132.126s][info][gc,phases      ] GC(381) Compaction Phase 96.171ms
[132.126s][info][gc,phases,start] GC(381) Post Compact
[132.128s][info][gc,phases      ] GC(381) Post Compact 1.520ms
[132.128s][info][gc,heap        ] GC(381) PSYoungGen: 33771K(77312K)->33771K(77312K) Eden: 24575K(24576K)->24575K(24576K) From: 9195K(52736K)->9195K(52736K)
[132.128s][info][gc,heap        ] GC(381) ParOldGen: 335775K(341504K)->335775K(341504K)
[132.128s][info][gc,metaspace   ] GC(381) Metaspace: 6298K(6464K)->6298K(6464K) NonClass: 5764K(5824K)->5764K(5824K) Class: 533K(640K)->533K(640K)
[132.128s][info][gc             ] GC(381) Pause Full (Ergonomics) 360M->360M(409M) 374.316ms
[132.128s][info][gc,cpu         ] GC(381) User=0.36s Sys=0.00s Real=0.37s
[132.129s][info][gc,start       ] GC(382) Pause Full (Ergonomics)
[132.129s][info][gc,phases,start] GC(382) Marking Phase
[132.408s][info][gc,phases      ] GC(382) Marking Phase 279.052ms
[132.408s][info][gc,phases,start] GC(382) Summary Phase
[132.408s][info][gc,phases      ] GC(382) Summary Phase 0.022ms
[132.408s][info][gc,phases,start] GC(382) Adjust Roots
[132.408s][info][gc,phases      ] GC(382) Adjust Roots 0.191ms
[132.408s][info][gc,phases,start] GC(382) Compaction Phase
[132.504s][info][gc,phases      ] GC(382) Compaction Phase 95.897ms
[132.504s][info][gc,phases,start] GC(382) Post Compact
[132.506s][info][gc,phases      ] GC(382) Post Compact 1.620ms
[132.506s][info][gc,heap        ] GC(382) PSYoungGen: 33771K(77312K)->33771K(77312K) Eden: 24575K(24576K)->24575K(24576K) From: 9195K(52736K)->9195K(52736K)
[132.506s][info][gc,heap        ] GC(382) ParOldGen: 335780K(341504K)->335780K(341504K)
[132.506s][info][gc,metaspace   ] GC(382) Metaspace: 6298K(6464K)->6298K(6464K) NonClass: 5764K(5824K)->5764K(5824K) Class: 533K(640K)->533K(640K)
[132.506s][info][gc             ] GC(382) Pause Full (Ergonomics) 360M->360M(409M) 377.188ms
[132.506s][info][gc,cpu         ] GC(382) User=0.38s Sys=0.00s Real=0.38s
[132.506s][info][gc,start       ] GC(383) Pause Full (Ergonomics)
[132.506s][info][gc,phases,start] GC(383) Marking Phase
[132.787s][info][gc,phases      ] GC(383) Marking Phase 280.704ms
[132.787s][info][gc,phases,start] GC(383) Summary Phase
[132.787s][info][gc,phases      ] GC(383) Summary Phase 0.024ms
[132.787s][info][gc,phases,start] GC(383) Adjust Roots
[132.787s][info][gc,phases      ] GC(383) Adjust Roots 0.221ms
[132.787s][info][gc,phases,start] GC(383) Compaction Phase
[132.883s][info][gc,phases      ] GC(383) Compaction Phase 96.267ms
[132.884s][info][gc,phases,start] GC(383) Post Compact
[132.885s][info][gc,phases      ] GC(383) Post Compact 1.507ms
[132.885s][info][gc,heap        ] GC(383) PSYoungGen: 33771K(77312K)->33771K(77312K) Eden: 24575K(24576K)->24575K(24576K) From: 9195K(52736K)->9195K(52736K)
[132.885s][info][gc,heap        ] GC(383) ParOldGen: 335785K(341504K)->335785K(341504K)
[132.885s][info][gc,metaspace   ] GC(383) Metaspace: 6298K(6464K)->6298K(6464K) NonClass: 5764K(5824K)->5764K(5824K) Class: 533K(640K)->533K(640K)
[132.885s][info][gc             ] GC(383) Pause Full (Ergonomics) 360M->360M(409M) 379.116ms
[132.885s][info][gc,cpu         ] GC(383) User=0.36s Sys=0.00s Real=0.38s
[132.886s][info][gc,start       ] GC(384) Pause Full (Ergonomics)
[132.886s][info][gc,phases,start] GC(384) Marking Phase
[133.165s][info][gc,phases      ] GC(384) Marking Phase 279.389ms
[133.165s][info][gc,phases,start] GC(384) Summary Phase
[133.165s][info][gc,phases      ] GC(384) Summary Phase 0.022ms
[133.165s][info][gc,phases,start] GC(384) Adjust Roots
[133.166s][info][gc,phases      ] GC(384) Adjust Roots 0.224ms
[133.166s][info][gc,phases,start] GC(384) Compaction Phase
[133.261s][info][gc,phases      ] GC(384) Compaction Phase 95.380ms
[133.261s][info][gc,phases,start] GC(384) Post Compact
[133.263s][info][gc,phases      ] GC(384) Post Compact 1.713ms
[133.263s][info][gc,heap        ] GC(384) PSYoungGen: 33771K(77312K)->33771K(77312K) Eden: 24575K(24576K)->24575K(24576K) From: 9195K(52736K)->9195K(52736K)
[133.263s][info][gc,heap        ] GC(384) ParOldGen: 335789K(341504K)->335789K(341504K)
[133.263s][info][gc,metaspace   ] GC(384) Metaspace: 6298K(6464K)->6298K(6464K) NonClass: 5764K(5824K)->5764K(5824K) Class: 533K(640K)->533K(640K)
[133.263s][info][gc             ] GC(384) Pause Full (Ergonomics) 360M->360M(409M) 377.045ms
[133.263s][info][gc,cpu         ] GC(384) User=0.34s Sys=0.00s Real=0.38s
[133.263s][info][gc,start       ] GC(385) Pause Full (Ergonomics)
[133.263s][info][gc,phases,start] GC(385) Marking Phase
[133.542s][info][gc,phases      ] GC(385) Marking Phase 278.893ms
[133.542s][info][gc,phases,start] GC(385) Summary Phase
[133.542s][info][gc,phases      ] GC(385) Summary Phase 0.019ms
[133.542s][info][gc,phases,start] GC(385) Adjust Roots
[133.542s][info][gc,phases      ] GC(385) Adjust Roots 0.240ms
[133.542s][info][gc,phases,start] GC(385) Compaction Phase
[133.642s][info][gc,phases      ] GC(385) Compaction Phase 99.135ms
[133.642s][info][gc,phases,start] GC(385) Post Compact
[133.643s][info][gc,phases      ] GC(385) Post Compact 1.838ms
[133.643s][info][gc,heap        ] GC(385) PSYoungGen: 33771K(77312K)->33771K(77312K) Eden: 24575K(24576K)->24575K(24576K) From: 9195K(52736K)->9195K(52736K)
[133.644s][info][gc,heap        ] GC(385) ParOldGen: 335794K(341504K)->335794K(341504K)
[133.644s][info][gc,metaspace   ] GC(385) Metaspace: 6298K(6464K)->6298K(6464K) NonClass: 5764K(5824K)->5764K(5824K) Class: 533K(640K)->533K(640K)
[133.644s][info][gc             ] GC(385) Pause Full (Ergonomics) 360M->360M(409M) 380.465ms
[133.644s][info][gc,cpu         ] GC(385) User=0.36s Sys=0.00s Real=0.38s
[133.644s][info][gc,start       ] GC(386) Pause Full (Ergonomics)
[133.644s][info][gc,phases,start] GC(386) Marking Phase
[133.923s][info][gc,phases      ] GC(386) Marking Phase 279.149ms
[133.923s][info][gc,phases,start] GC(386) Summary Phase
[133.923s][info][gc,phases      ] GC(386) Summary Phase 0.023ms
[133.923s][info][gc,phases,start] GC(386) Adjust Roots
[133.923s][info][gc,phases      ] GC(386) Adjust Roots 0.228ms
[133.923s][info][gc,phases,start] GC(386) Compaction Phase
[134.020s][info][gc,phases      ] GC(386) Compaction Phase 96.699ms
[134.020s][info][gc,phases,start] GC(386) Post Compact
[134.022s][info][gc,phases      ] GC(386) Post Compact 2.166ms
[134.022s][info][gc,heap        ] GC(386) PSYoungGen: 33771K(77312K)->33771K(77312K) Eden: 24575K(24576K)->24575K(24576K) From: 9195K(52736K)->9195K(52736K)
[134.022s][info][gc,heap        ] GC(386) ParOldGen: 335799K(341504K)->335799K(341504K)
[134.022s][info][gc,metaspace   ] GC(386) Metaspace: 6298K(6464K)->6298K(6464K) NonClass: 5764K(5824K)->5764K(5824K) Class: 533K(640K)->533K(640K)
[134.023s][info][gc             ] GC(386) Pause Full (Ergonomics) 360M->360M(409M) 378.680ms
[134.023s][info][gc,cpu         ] GC(386) User=0.34s Sys=0.00s Real=0.38s
[134.023s][info][gc,start       ] GC(387) Pause Full (Ergonomics)
[134.023s][info][gc,phases,start] GC(387) Marking Phase
[134.304s][info][gc,phases      ] GC(387) Marking Phase 280.752ms
[134.304s][info][gc,phases,start] GC(387) Summary Phase
[134.304s][info][gc,phases      ] GC(387) Summary Phase 0.034ms
[134.304s][info][gc,phases,start] GC(387) Adjust Roots
[134.304s][info][gc,phases      ] GC(387) Adjust Roots 0.356ms
[134.304s][info][gc,phases,start] GC(387) Compaction Phase
[134.403s][info][gc,phases      ] GC(387) Compaction Phase 98.608ms
[134.403s][info][gc,phases,start] GC(387) Post Compact
[134.404s][info][gc,phases      ] GC(387) Post Compact 1.501ms
[134.404s][info][gc,heap        ] GC(387) PSYoungGen: 33771K(77312K)->33771K(77312K) Eden: 24575K(24576K)->24575K(24576K) From: 9195K(52736K)->9195K(52736K)
[134.404s][info][gc,heap        ] GC(387) ParOldGen: 335803K(341504K)->335803K(341504K)
[134.404s][info][gc,metaspace   ] GC(387) Metaspace: 6298K(6464K)->6298K(6464K) NonClass: 5764K(5824K)->5764K(5824K) Class: 533K(640K)->533K(640K)
[134.404s][info][gc             ] GC(387) Pause Full (Ergonomics) 360M->360M(409M) 381.622ms
[134.404s][info][gc,cpu         ] GC(387) User=0.34s Sys=0.02s Real=0.38s
[134.405s][info][gc,start       ] GC(388) Pause Full (Ergonomics)
[134.405s][info][gc,phases,start] GC(388) Marking Phase
[134.685s][info][gc,phases      ] GC(388) Marking Phase 280.562ms
[134.685s][info][gc,phases,start] GC(388) Summary Phase
[134.685s][info][gc,phases      ] GC(388) Summary Phase 0.019ms
[134.685s][info][gc,phases,start] GC(388) Adjust Roots
[134.686s][info][gc,phases      ] GC(388) Adjust Roots 0.241ms
[134.686s][info][gc,phases,start] GC(388) Compaction Phase
[134.786s][info][gc,phases      ] GC(388) Compaction Phase 100.225ms
[134.786s][info][gc,phases,start] GC(388) Post Compact
[134.787s][info][gc,phases      ] GC(388) Post Compact 1.537ms
[134.788s][info][gc,heap        ] GC(388) PSYoungGen: 33771K(77312K)->33771K(77312K) Eden: 24575K(24576K)->24575K(24576K) From: 9195K(52736K)->9195K(52736K)
[134.788s][info][gc,heap        ] GC(388) ParOldGen: 335808K(341504K)->335808K(341504K)
[134.788s][info][gc,metaspace   ] GC(388) Metaspace: 6298K(6464K)->6298K(6464K) NonClass: 5764K(5824K)->5764K(5824K) Class: 533K(640K)->533K(640K)
[134.788s][info][gc             ] GC(388) Pause Full (Ergonomics) 360M->360M(409M) 382.900ms
[134.788s][info][gc,cpu         ] GC(388) User=0.38s Sys=0.00s Real=0.38s
[134.788s][info][gc,start       ] GC(389) Pause Full (Ergonomics)
[134.788s][info][gc,phases,start] GC(389) Marking Phase
[135.067s][info][gc,phases      ] GC(389) Marking Phase 279.293ms
[135.067s][info][gc,phases,start] GC(389) Summary Phase
[135.067s][info][gc,phases      ] GC(389) Summary Phase 0.023ms
[135.067s][info][gc,phases,start] GC(389) Adjust Roots
[135.068s][info][gc,phases      ] GC(389) Adjust Roots 0.229ms
[135.068s][info][gc,phases,start] GC(389) Compaction Phase
[135.163s][info][gc,phases      ] GC(389) Compaction Phase 95.259ms
[135.163s][info][gc,phases,start] GC(389) Post Compact
[135.165s][info][gc,phases      ] GC(389) Post Compact 1.727ms
[135.165s][info][gc,heap        ] GC(389) PSYoungGen: 33771K(77312K)->33771K(77312K) Eden: 24575K(24576K)->24575K(24576K) From: 9195K(52736K)->9195K(52736K)
[135.165s][info][gc,heap        ] GC(389) ParOldGen: 335813K(341504K)->335813K(341504K)
[135.165s][info][gc,metaspace   ] GC(389) Metaspace: 6298K(6464K)->6298K(6464K) NonClass: 5764K(5824K)->5764K(5824K) Class: 533K(640K)->533K(640K)
[135.165s][info][gc             ] GC(389) Pause Full (Ergonomics) 360M->360M(409M) 376.914ms
[135.165s][info][gc,cpu         ] GC(389) User=0.36s Sys=0.00s Real=0.38s
[135.165s][info][gc,start       ] GC(390) Pause Full (Ergonomics)
[135.165s][info][gc,phases,start] GC(390) Marking Phase
[135.443s][info][gc,phases      ] GC(390) Marking Phase 278.246ms
[135.443s][info][gc,phases,start] GC(390) Summary Phase
[135.443s][info][gc,phases      ] GC(390) Summary Phase 0.022ms
[135.443s][info][gc,phases,start] GC(390) Adjust Roots
[135.444s][info][gc,phases      ] GC(390) Adjust Roots 0.222ms
[135.444s][info][gc,phases,start] GC(390) Compaction Phase
[135.540s][info][gc,phases      ] GC(390) Compaction Phase 96.556ms
[135.540s][info][gc,phases,start] GC(390) Post Compact
[135.542s][info][gc,phases      ] GC(390) Post Compact 1.725ms
[135.542s][info][gc,heap        ] GC(390) PSYoungGen: 33771K(77312K)->33771K(77312K) Eden: 24575K(24576K)->24575K(24576K) From: 9195K(52736K)->9195K(52736K)
[135.542s][info][gc,heap        ] GC(390) ParOldGen: 335817K(341504K)->335817K(341504K)
[135.542s][info][gc,metaspace   ] GC(390) Metaspace: 6298K(6464K)->6298K(6464K) NonClass: 5764K(5824K)->5764K(5824K) Class: 533K(640K)->533K(640K)
[135.542s][info][gc             ] GC(390) Pause Full (Ergonomics) 360M->360M(409M) 377.108ms
[135.542s][info][gc,cpu         ] GC(390) User=0.36s Sys=0.00s Real=0.38s
[135.542s][info][gc,start       ] GC(391) Pause Full (Ergonomics)
[135.542s][info][gc,phases,start] GC(391) Marking Phase
[135.822s][info][gc,phases      ] GC(391) Marking Phase 279.371ms
[135.822s][info][gc,phases,start] GC(391) Summary Phase
[135.822s][info][gc,phases      ] GC(391) Summary Phase 0.025ms
[135.822s][info][gc,phases,start] GC(391) Adjust Roots
[135.822s][info][gc,phases      ] GC(391) Adjust Roots 0.205ms
[135.822s][info][gc,phases,start] GC(391) Compaction Phase
[135.920s][info][gc,phases      ] GC(391) Compaction Phase 97.400ms
[135.920s][info][gc,phases,start] GC(391) Post Compact
[135.921s][info][gc,phases      ] GC(391) Post Compact 1.541ms
[135.921s][info][gc,heap        ] GC(391) PSYoungGen: 33771K(77312K)->33771K(77312K) Eden: 24575K(24576K)->24575K(24576K) From: 9195K(52736K)->9195K(52736K)
[135.921s][info][gc,heap        ] GC(391) ParOldGen: 335822K(341504K)->335822K(341504K)
[135.921s][info][gc,metaspace   ] GC(391) Metaspace: 6298K(6464K)->6298K(6464K) NonClass: 5764K(5824K)->5764K(5824K) Class: 533K(640K)->533K(640K)
[135.921s][info][gc             ] GC(391) Pause Full (Ergonomics) 360M->360M(409M) 378.942ms
[135.921s][info][gc,cpu         ] GC(391) User=0.34s Sys=0.00s Real=0.38s
[135.922s][info][gc,start       ] GC(392) Pause Full (Ergonomics)
[135.922s][info][gc,phases,start] GC(392) Marking Phase
[136.202s][info][gc,phases      ] GC(392) Marking Phase 280.772ms
[136.202s][info][gc,phases,start] GC(392) Summary Phase
[136.203s][info][gc,phases      ] GC(392) Summary Phase 0.024ms
[136.203s][info][gc,phases,start] GC(392) Adjust Roots
[136.203s][info][gc,phases      ] GC(392) Adjust Roots 0.323ms
[136.203s][info][gc,phases,start] GC(392) Compaction Phase
[136.301s][info][gc,phases      ] GC(392) Compaction Phase 98.261ms
[136.301s][info][gc,phases,start] GC(392) Post Compact
[136.303s][info][gc,phases      ] GC(392) Post Compact 1.531ms
[136.303s][info][gc,heap        ] GC(392) PSYoungGen: 33771K(77312K)->33771K(77312K) Eden: 24575K(24576K)->24575K(24576K) From: 9195K(52736K)->9195K(52736K)
[136.303s][info][gc,heap        ] GC(392) ParOldGen: 335827K(341504K)->335827K(341504K)
[136.303s][info][gc,metaspace   ] GC(392) Metaspace: 6298K(6464K)->6298K(6464K) NonClass: 5764K(5824K)->5764K(5824K) Class: 533K(640K)->533K(640K)
[136.303s][info][gc             ] GC(392) Pause Full (Ergonomics) 360M->360M(409M) 381.261ms
[136.303s][info][gc,cpu         ] GC(392) User=0.36s Sys=0.00s Real=0.38s
[136.303s][info][gc,start       ] GC(393) Pause Full (Ergonomics)
[136.303s][info][gc,phases,start] GC(393) Marking Phase
[136.584s][info][gc,phases      ] GC(393) Marking Phase 281.175ms
[136.584s][info][gc,phases,start] GC(393) Summary Phase
[136.584s][info][gc,phases      ] GC(393) Summary Phase 0.018ms
[136.584s][info][gc,phases,start] GC(393) Adjust Roots
[136.585s][info][gc,phases      ] GC(393) Adjust Roots 0.308ms
[136.585s][info][gc,phases,start] GC(393) Compaction Phase
[136.683s][info][gc,phases      ] GC(393) Compaction Phase 98.437ms
[136.683s][info][gc,phases,start] GC(393) Post Compact
[136.685s][info][gc,phases      ] GC(393) Post Compact 1.547ms
[136.685s][info][gc,heap        ] GC(393) PSYoungGen: 33771K(77312K)->33771K(77312K) Eden: 24575K(24576K)->24575K(24576K) From: 9195K(52736K)->9195K(52736K)
[136.685s][info][gc,heap        ] GC(393) ParOldGen: 335831K(341504K)->335831K(341504K)
[136.685s][info][gc,metaspace   ] GC(393) Metaspace: 6298K(6464K)->6298K(6464K) NonClass: 5764K(5824K)->5764K(5824K) Class: 533K(640K)->533K(640K)
[136.685s][info][gc             ] GC(393) Pause Full (Ergonomics) 360M->360M(409M) 381.802ms
[136.685s][info][gc,cpu         ] GC(393) User=0.36s Sys=0.00s Real=0.38s
[136.685s][info][gc,start       ] GC(394) Pause Full (Ergonomics)
[136.685s][info][gc,phases,start] GC(394) Marking Phase
[136.960s][info][gc,phases      ] GC(394) Marking Phase 275.192ms
[136.961s][info][gc,phases,start] GC(394) Summary Phase
[136.961s][info][gc,phases      ] GC(394) Summary Phase 0.024ms
[136.961s][info][gc,phases,start] GC(394) Adjust Roots
[136.961s][info][gc,phases      ] GC(394) Adjust Roots 0.184ms
[136.961s][info][gc,phases,start] GC(394) Compaction Phase
[137.057s][info][gc,phases      ] GC(394) Compaction Phase 96.253ms
[137.057s][info][gc,phases,start] GC(394) Post Compact
[137.059s][info][gc,phases      ] GC(394) Post Compact 1.541ms
[137.059s][info][gc,heap        ] GC(394) PSYoungGen: 33771K(77312K)->33771K(77312K) Eden: 24575K(24576K)->24575K(24576K) From: 9195K(52736K)->9195K(52736K)
[137.059s][info][gc,heap        ] GC(394) ParOldGen: 335836K(341504K)->335836K(341504K)
[137.059s][info][gc,metaspace   ] GC(394) Metaspace: 6298K(6464K)->6298K(6464K) NonClass: 5764K(5824K)->5764K(5824K) Class: 533K(640K)->533K(640K)
[137.059s][info][gc             ] GC(394) Pause Full (Ergonomics) 360M->360M(409M) 373.523ms
[137.059s][info][gc,cpu         ] GC(394) User=0.36s Sys=0.00s Real=0.37s
[137.059s][info][gc,start       ] GC(395) Pause Full (Ergonomics)
[137.059s][info][gc,phases,start] GC(395) Marking Phase
[137.339s][info][gc,phases      ] GC(395) Marking Phase 279.457ms
[137.339s][info][gc,phases,start] GC(395) Summary Phase
[137.339s][info][gc,phases      ] GC(395) Summary Phase 0.023ms
[137.339s][info][gc,phases,start] GC(395) Adjust Roots
[137.339s][info][gc,phases      ] GC(395) Adjust Roots 0.222ms
[137.339s][info][gc,phases,start] GC(395) Compaction Phase
[137.434s][info][gc,phases      ] GC(395) Compaction Phase 95.172ms
[137.434s][info][gc,phases,start] GC(395) Post Compact
[137.436s][info][gc,phases      ] GC(395) Post Compact 1.492ms
[137.436s][info][gc,heap        ] GC(395) PSYoungGen: 33771K(77312K)->33771K(77312K) Eden: 24575K(24576K)->24575K(24576K) From: 9195K(52736K)->9195K(52736K)
[137.436s][info][gc,heap        ] GC(395) ParOldGen: 335841K(341504K)->335841K(341504K)
[137.436s][info][gc,metaspace   ] GC(395) Metaspace: 6298K(6464K)->6298K(6464K) NonClass: 5764K(5824K)->5764K(5824K) Class: 533K(640K)->533K(640K)
[137.436s][info][gc             ] GC(395) Pause Full (Ergonomics) 360M->360M(409M) 376.717ms
[137.436s][info][gc,cpu         ] GC(395) User=0.36s Sys=0.00s Real=0.38s
[137.437s][info][gc,start       ] GC(396) Pause Full (Ergonomics)
[137.437s][info][gc,phases,start] GC(396) Marking Phase
[137.720s][info][gc,phases      ] GC(396) Marking Phase 283.740ms
[137.720s][info][gc,phases,start] GC(396) Summary Phase
[137.720s][info][gc,phases      ] GC(396) Summary Phase 0.020ms
[137.720s][info][gc,phases,start] GC(396) Adjust Roots
[137.721s][info][gc,phases      ] GC(396) Adjust Roots 0.326ms
[137.721s][info][gc,phases,start] GC(396) Compaction Phase
[137.821s][info][gc,phases      ] GC(396) Compaction Phase 100.336ms
[137.821s][info][gc,phases,start] GC(396) Post Compact
[137.823s][info][gc,phases      ] GC(396) Post Compact 1.703ms
[137.823s][info][gc,heap        ] GC(396) PSYoungGen: 33771K(77312K)->33771K(77312K) Eden: 24575K(24576K)->24575K(24576K) From: 9195K(52736K)->9195K(52736K)
[137.823s][info][gc,heap        ] GC(396) ParOldGen: 335845K(341504K)->335845K(341504K)
[137.823s][info][gc,metaspace   ] GC(396) Metaspace: 6298K(6464K)->6298K(6464K) NonClass: 5764K(5824K)->5764K(5824K) Class: 533K(640K)->533K(640K)
[137.823s][info][gc             ] GC(396) Pause Full (Ergonomics) 360M->360M(409M) 386.458ms
[137.823s][info][gc,cpu         ] GC(396) User=0.38s Sys=0.00s Real=0.39s
[137.823s][info][gc,start       ] GC(397) Pause Full (Ergonomics)
[137.823s][info][gc,phases,start] GC(397) Marking Phase
[138.100s][info][gc,phases      ] GC(397) Marking Phase 277.154ms
[138.100s][info][gc,phases,start] GC(397) Summary Phase
[138.100s][info][gc,phases      ] GC(397) Summary Phase 0.024ms
[138.101s][info][gc,phases,start] GC(397) Adjust Roots
[138.101s][info][gc,phases      ] GC(397) Adjust Roots 0.196ms
[138.101s][info][gc,phases,start] GC(397) Compaction Phase
[138.198s][info][gc,phases      ] GC(397) Compaction Phase 96.859ms
[138.198s][info][gc,phases,start] GC(397) Post Compact
[138.199s][info][gc,phases      ] GC(397) Post Compact 1.526ms
[138.199s][info][gc,heap        ] GC(397) PSYoungGen: 33771K(77312K)->33771K(77312K) Eden: 24575K(24576K)->24575K(24576K) From: 9195K(52736K)->9195K(52736K)
[138.199s][info][gc,heap        ] GC(397) ParOldGen: 335850K(341504K)->335850K(341504K)
[138.199s][info][gc,metaspace   ] GC(397) Metaspace: 6298K(6464K)->6298K(6464K) NonClass: 5764K(5824K)->5764K(5824K) Class: 533K(640K)->533K(640K)
[138.199s][info][gc             ] GC(397) Pause Full (Ergonomics) 360M->360M(409M) 376.127ms
[138.199s][info][gc,cpu         ] GC(397) User=0.33s Sys=0.00s Real=0.38s
[138.200s][info][gc,start       ] GC(398) Pause Full (Ergonomics)
[138.200s][info][gc,phases,start] GC(398) Marking Phase
[138.478s][info][gc,phases      ] GC(398) Marking Phase 278.237ms
[138.478s][info][gc,phases,start] GC(398) Summary Phase
[138.478s][info][gc,phases      ] GC(398) Summary Phase 0.024ms
[138.478s][info][gc,phases,start] GC(398) Adjust Roots
[138.478s][info][gc,phases      ] GC(398) Adjust Roots 0.240ms
[138.478s][info][gc,phases,start] GC(398) Compaction Phase
[138.575s][info][gc,phases      ] GC(398) Compaction Phase 96.805ms
[138.575s][info][gc,phases,start] GC(398) Post Compact
[138.577s][info][gc,phases      ] GC(398) Post Compact 2.107ms
[138.577s][info][gc,heap        ] GC(398) PSYoungGen: 33771K(77312K)->33771K(77312K) Eden: 24575K(24576K)->24575K(24576K) From: 9195K(52736K)->9195K(52736K)
[138.577s][info][gc,heap        ] GC(398) ParOldGen: 335855K(341504K)->335855K(341504K)
[138.577s][info][gc,metaspace   ] GC(398) Metaspace: 6298K(6464K)->6298K(6464K) NonClass: 5764K(5824K)->5764K(5824K) Class: 533K(640K)->533K(640K)
[138.577s][info][gc             ] GC(398) Pause Full (Ergonomics) 360M->360M(409M) 377.873ms
[138.578s][info][gc,cpu         ] GC(398) User=0.36s Sys=0.00s Real=0.38s
[138.578s][info][gc,start       ] GC(399) Pause Full (Ergonomics)
[138.578s][info][gc,phases,start] GC(399) Marking Phase
[138.858s][info][gc,phases      ] GC(399) Marking Phase 280.422ms
[138.858s][info][gc,phases,start] GC(399) Summary Phase
[138.858s][info][gc,phases      ] GC(399) Summary Phase 0.023ms
[138.858s][info][gc,phases,start] GC(399) Adjust Roots
[138.859s][info][gc,phases      ] GC(399) Adjust Roots 0.316ms
[138.859s][info][gc,phases,start] GC(399) Compaction Phase
[138.958s][info][gc,phases      ] GC(399) Compaction Phase 99.682ms
[138.958s][info][gc,phases,start] GC(399) Post Compact
[138.960s][info][gc,phases      ] GC(399) Post Compact 1.716ms
[138.960s][info][gc,heap        ] GC(399) PSYoungGen: 33771K(77312K)->33771K(77312K) Eden: 24575K(24576K)->24575K(24576K) From: 9195K(52736K)->9195K(52736K)
[138.960s][info][gc,heap        ] GC(399) ParOldGen: 335859K(341504K)->335859K(341504K)
[138.960s][info][gc,metaspace   ] GC(399) Metaspace: 6298K(6464K)->6298K(6464K) NonClass: 5764K(5824K)->5764K(5824K) Class: 533K(640K)->533K(640K)
[138.960s][info][gc             ] GC(399) Pause Full (Ergonomics) 360M->360M(409M) 382.506ms
[138.960s][info][gc,cpu         ] GC(399) User=0.38s Sys=0.00s Real=0.38s
[138.960s][info][gc,start       ] GC(400) Pause Full (Ergonomics)
[138.961s][info][gc,phases,start] GC(400) Marking Phase
[139.239s][info][gc,phases      ] GC(400) Marking Phase 278.962ms
[139.240s][info][gc,phases,start] GC(400) Summary Phase
[139.240s][info][gc,phases      ] GC(400) Summary Phase 0.024ms
[139.240s][info][gc,phases,start] GC(400) Adjust Roots
[139.240s][info][gc,phases      ] GC(400) Adjust Roots 0.191ms
[139.240s][info][gc,phases,start] GC(400) Compaction Phase
[139.344s][info][gc,phases      ] GC(400) Compaction Phase 104.704ms
[139.345s][info][gc,phases,start] GC(400) Post Compact
[139.346s][info][gc,phases      ] GC(400) Post Compact 1.780ms
[139.346s][info][gc,heap        ] GC(400) PSYoungGen: 33771K(77312K)->33771K(77312K) Eden: 24575K(24576K)->24575K(24576K) From: 9195K(52736K)->9195K(52736K)
[139.346s][info][gc,heap        ] GC(400) ParOldGen: 335864K(341504K)->335864K(341504K)
[139.346s][info][gc,metaspace   ] GC(400) Metaspace: 6298K(6464K)->6298K(6464K) NonClass: 5764K(5824K)->5764K(5824K) Class: 533K(640K)->533K(640K)
[139.346s][info][gc             ] GC(400) Pause Full (Ergonomics) 360M->360M(409M) 386.011ms
[139.347s][info][gc,cpu         ] GC(400) User=0.36s Sys=0.00s Real=0.39s
[139.347s][info][gc,start       ] GC(401) Pause Full (Ergonomics)
[139.347s][info][gc,phases,start] GC(401) Marking Phase
[139.629s][info][gc,phases      ] GC(401) Marking Phase 282.524ms
[139.629s][info][gc,phases,start] GC(401) Summary Phase
[139.629s][info][gc,phases      ] GC(401) Summary Phase 0.018ms
[139.629s][info][gc,phases,start] GC(401) Adjust Roots
[139.630s][info][gc,phases      ] GC(401) Adjust Roots 0.656ms
[139.630s][info][gc,phases,start] GC(401) Compaction Phase
[139.751s][info][gc,phases      ] GC(401) Compaction Phase 121.231ms
[139.751s][info][gc,phases,start] GC(401) Post Compact
[139.753s][info][gc,phases      ] GC(401) Post Compact 1.691ms
[139.753s][info][gc,heap        ] GC(401) PSYoungGen: 33771K(77312K)->33771K(77312K) Eden: 24575K(24576K)->24575K(24576K) From: 9195K(52736K)->9195K(52736K)
[139.753s][info][gc,heap        ] GC(401) ParOldGen: 335869K(341504K)->335864K(341504K)
[139.753s][info][gc,metaspace   ] GC(401) Metaspace: 6298K(6464K)->6296K(6464K) NonClass: 5764K(5824K)->5763K(5824K) Class: 533K(640K)->532K(640K)
[139.753s][info][gc             ] GC(401) Pause Full (Ergonomics) 360M->360M(409M) 406.455ms
[139.753s][info][gc,cpu         ] GC(401) User=0.36s Sys=0.02s Real=0.41s
[139.754s][info][gc,start       ] GC(402) Pause Full (Ergonomics)
[139.754s][info][gc,phases,start] GC(402) Marking Phase
[140.046s][info][gc,phases      ] GC(402) Marking Phase 291.965ms
[140.046s][info][gc,phases,start] GC(402) Summary Phase
[140.046s][info][gc,phases      ] GC(402) Summary Phase 0.031ms
[140.046s][info][gc,phases,start] GC(402) Adjust Roots
[140.046s][info][gc,phases      ] GC(402) Adjust Roots 0.339ms
[140.046s][info][gc,phases,start] GC(402) Compaction Phase
[140.143s][info][gc,phases      ] GC(402) Compaction Phase 96.757ms
[140.143s][info][gc,phases,start] GC(402) Post Compact
[140.145s][info][gc,phases      ] GC(402) Post Compact 1.540ms
[140.145s][info][gc,heap        ] GC(402) PSYoungGen: 33771K(77312K)->33771K(77312K) Eden: 24575K(24576K)->24575K(24576K) From: 9195K(52736K)->9195K(52736K)
[140.145s][info][gc,heap        ] GC(402) ParOldGen: 335869K(341504K)->335869K(341504K)
[140.145s][info][gc,metaspace   ] GC(402) Metaspace: 6296K(6464K)->6296K(6464K) NonClass: 5763K(5824K)->5763K(5824K) Class: 532K(640K)->532K(640K)
[140.145s][info][gc             ] GC(402) Pause Full (Ergonomics) 360M->360M(409M) 390.990ms
[140.145s][info][gc,cpu         ] GC(402) User=0.38s Sys=0.00s Real=0.39s
[140.145s][info][gc,start       ] GC(403) Pause Full (Ergonomics)
[140.145s][info][gc,phases,start] GC(403) Marking Phase
[140.427s][info][gc,phases      ] GC(403) Marking Phase 281.173ms
[140.427s][info][gc,phases,start] GC(403) Summary Phase
[140.427s][info][gc,phases      ] GC(403) Summary Phase 0.023ms
[140.427s][info][gc,phases,start] GC(403) Adjust Roots
[140.427s][info][gc,phases      ] GC(403) Adjust Roots 0.185ms
[140.427s][info][gc,phases,start] GC(403) Compaction Phase
[140.522s][info][gc,phases      ] GC(403) Compaction Phase 95.426ms
[140.522s][info][gc,phases,start] GC(403) Post Compact
[140.524s][info][gc,phases      ] GC(403) Post Compact 1.518ms
[140.524s][info][gc,heap        ] GC(403) PSYoungGen: 33771K(77312K)->33771K(77312K) Eden: 24575K(24576K)->24575K(24576K) From: 9195K(52736K)->9195K(52736K)
[140.524s][info][gc,heap        ] GC(403) ParOldGen: 335874K(341504K)->335874K(341504K)
[140.524s][info][gc,metaspace   ] GC(403) Metaspace: 6296K(6464K)->6296K(6464K) NonClass: 5763K(5824K)->5763K(5824K) Class: 532K(640K)->532K(640K)
[140.524s][info][gc             ] GC(403) Pause Full (Ergonomics) 360M->360M(409M) 378.679ms
[140.524s][info][gc,cpu         ] GC(403) User=0.38s Sys=0.00s Real=0.38s
[140.525s][info][gc,start       ] GC(404) Pause Full (Ergonomics)
[140.525s][info][gc,phases,start] GC(404) Marking Phase
[140.806s][info][gc,phases      ] GC(404) Marking Phase 280.986ms
[140.806s][info][gc,phases,start] GC(404) Summary Phase
[140.806s][info][gc,phases      ] GC(404) Summary Phase 0.023ms
[140.806s][info][gc,phases,start] GC(404) Adjust Roots
[140.806s][info][gc,phases      ] GC(404) Adjust Roots 0.187ms
[140.806s][info][gc,phases,start] GC(404) Compaction Phase
[140.902s][info][gc,phases      ] GC(404) Compaction Phase 95.488ms
[140.902s][info][gc,phases,start] GC(404) Post Compact
[140.903s][info][gc,phases      ] GC(404) Post Compact 1.671ms
[140.903s][info][gc,heap        ] GC(404) PSYoungGen: 33771K(77312K)->33771K(77312K) Eden: 24575K(24576K)->24575K(24576K) From: 9195K(52736K)->9195K(52736K)
[140.903s][info][gc,heap        ] GC(404) ParOldGen: 335878K(341504K)->335878K(341504K)
[140.903s][info][gc,metaspace   ] GC(404) Metaspace: 6296K(6464K)->6296K(6464K) NonClass: 5763K(5824K)->5763K(5824K) Class: 532K(640K)->532K(640K)
[140.903s][info][gc             ] GC(404) Pause Full (Ergonomics) 360M->360M(409M) 378.722ms
[140.904s][info][gc,cpu         ] GC(404) User=0.34s Sys=0.00s Real=0.38s
[140.904s][info][gc,start       ] GC(405) Pause Full (Ergonomics)
[140.904s][info][gc,phases,start] GC(405) Marking Phase
[141.185s][info][gc,phases      ] GC(405) Marking Phase 281.204ms
[141.185s][info][gc,phases,start] GC(405) Summary Phase
[141.185s][info][gc,phases      ] GC(405) Summary Phase 0.044ms
[141.185s][info][gc,phases,start] GC(405) Adjust Roots
[141.186s][info][gc,phases      ] GC(405) Adjust Roots 0.214ms
[141.186s][info][gc,phases,start] GC(405) Compaction Phase
[141.280s][info][gc,phases      ] GC(405) Compaction Phase 94.335ms
[141.280s][info][gc,phases,start] GC(405) Post Compact
[141.282s][info][gc,phases      ] GC(405) Post Compact 1.546ms
[141.282s][info][gc,heap        ] GC(405) PSYoungGen: 33771K(77312K)->33771K(77312K) Eden: 24575K(24576K)->24575K(24576K) From: 9195K(52736K)->9195K(52736K)
[141.282s][info][gc,heap        ] GC(405) ParOldGen: 335883K(341504K)->335883K(341504K)
[141.282s][info][gc,metaspace   ] GC(405) Metaspace: 6296K(6464K)->6296K(6464K) NonClass: 5763K(5824K)->5763K(5824K) Class: 532K(640K)->532K(640K)
[141.282s][info][gc             ] GC(405) Pause Full (Ergonomics) 360M->360M(409M) 377.724ms
[141.282s][info][gc,cpu         ] GC(405) User=0.36s Sys=0.00s Real=0.38s
[141.282s][info][gc,start       ] GC(406) Pause Full (Ergonomics)
[141.282s][info][gc,phases,start] GC(406) Marking Phase
[141.564s][info][gc,phases      ] GC(406) Marking Phase 281.389ms
[141.564s][info][gc,phases,start] GC(406) Summary Phase
[141.564s][info][gc,phases      ] GC(406) Summary Phase 0.025ms
[141.564s][info][gc,phases,start] GC(406) Adjust Roots
[141.564s][info][gc,phases      ] GC(406) Adjust Roots 0.212ms
[141.564s][info][gc,phases,start] GC(406) Compaction Phase
[141.658s][info][gc,phases      ] GC(406) Compaction Phase 94.269ms
[141.658s][info][gc,phases,start] GC(406) Post Compact
[141.660s][info][gc,phases      ] GC(406) Post Compact 1.497ms
[141.660s][info][gc,heap        ] GC(406) PSYoungGen: 33771K(77312K)->33771K(77312K) Eden: 24575K(24576K)->24575K(24576K) From: 9195K(52736K)->9195K(52736K)
[141.660s][info][gc,heap        ] GC(406) ParOldGen: 335888K(341504K)->335888K(341504K)
[141.660s][info][gc,metaspace   ] GC(406) Metaspace: 6296K(6464K)->6296K(6464K) NonClass: 5763K(5824K)->5763K(5824K) Class: 532K(640K)->532K(640K)
[141.660s][info][gc             ] GC(406) Pause Full (Ergonomics) 360M->360M(409M) 377.819ms
[141.660s][info][gc,cpu         ] GC(406) User=0.36s Sys=0.00s Real=0.38s
[141.661s][info][gc,start       ] GC(407) Pause Full (Ergonomics)
[141.661s][info][gc,phases,start] GC(407) Marking Phase
[141.941s][info][gc,phases      ] GC(407) Marking Phase 280.845ms
[141.941s][info][gc,phases,start] GC(407) Summary Phase
[141.942s][info][gc,phases      ] GC(407) Summary Phase 0.023ms
[141.942s][info][gc,phases,start] GC(407) Adjust Roots
[141.942s][info][gc,phases      ] GC(407) Adjust Roots 0.204ms
[141.942s][info][gc,phases,start] GC(407) Compaction Phase
[142.035s][info][gc,phases      ] GC(407) Compaction Phase 93.161ms
[142.035s][info][gc,phases,start] GC(407) Post Compact
[142.037s][info][gc,phases      ] GC(407) Post Compact 1.811ms
[142.037s][info][gc,heap        ] GC(407) PSYoungGen: 33771K(77312K)->33771K(77312K) Eden: 24575K(24576K)->24575K(24576K) From: 9195K(52736K)->9195K(52736K)
[142.037s][info][gc,heap        ] GC(407) ParOldGen: 335892K(341504K)->335892K(341504K)
[142.037s][info][gc,metaspace   ] GC(407) Metaspace: 6296K(6464K)->6296K(6464K) NonClass: 5763K(5824K)->5763K(5824K) Class: 532K(640K)->532K(640K)
[142.037s][info][gc             ] GC(407) Pause Full (Ergonomics) 360M->360M(409M) 376.379ms
[142.037s][info][gc,cpu         ] GC(407) User=0.39s Sys=0.00s Real=0.38s
[142.037s][info][gc,start       ] GC(408) Pause Full (Ergonomics)
[142.037s][info][gc,phases,start] GC(408) Marking Phase
[142.317s][info][gc,phases      ] GC(408) Marking Phase 279.184ms
[142.317s][info][gc,phases,start] GC(408) Summary Phase
[142.317s][info][gc,phases      ] GC(408) Summary Phase 0.038ms
[142.317s][info][gc,phases,start] GC(408) Adjust Roots
[142.317s][info][gc,phases      ] GC(408) Adjust Roots 0.187ms
[142.317s][info][gc,phases,start] GC(408) Compaction Phase
[142.411s][info][gc,phases      ] GC(408) Compaction Phase 94.563ms
[142.412s][info][gc,phases,start] GC(408) Post Compact
[142.413s][info][gc,phases      ] GC(408) Post Compact 1.509ms
[142.413s][info][gc,heap        ] GC(408) PSYoungGen: 33771K(77312K)->33771K(77312K) Eden: 24575K(24576K)->24575K(24576K) From: 9195K(52736K)->9195K(52736K)
[142.413s][info][gc,heap        ] GC(408) ParOldGen: 335897K(341504K)->335897K(341504K)
[142.413s][info][gc,metaspace   ] GC(408) Metaspace: 6296K(6464K)->6296K(6464K) NonClass: 5763K(5824K)->5763K(5824K) Class: 532K(640K)->532K(640K)
[142.413s][info][gc             ] GC(408) Pause Full (Ergonomics) 361M->361M(409M) 375.867ms
[142.413s][info][gc,cpu         ] GC(408) User=0.38s Sys=0.00s Real=0.38s
[142.414s][info][gc,start       ] GC(409) Pause Full (Ergonomics)
[142.414s][info][gc,phases,start] GC(409) Marking Phase
[142.694s][info][gc,phases      ] GC(409) Marking Phase 280.421ms
[142.694s][info][gc,phases,start] GC(409) Summary Phase
[142.694s][info][gc,phases      ] GC(409) Summary Phase 0.023ms
[142.694s][info][gc,phases,start] GC(409) Adjust Roots
[142.694s][info][gc,phases      ] GC(409) Adjust Roots 0.263ms
[142.694s][info][gc,phases,start] GC(409) Compaction Phase
[142.790s][info][gc,phases      ] GC(409) Compaction Phase 95.779ms
[142.790s][info][gc,phases,start] GC(409) Post Compact
[142.792s][info][gc,phases      ] GC(409) Post Compact 1.512ms
[142.792s][info][gc,heap        ] GC(409) PSYoungGen: 33771K(77312K)->33771K(77312K) Eden: 24575K(24576K)->24575K(24576K) From: 9195K(52736K)->9195K(52736K)
[142.792s][info][gc,heap        ] GC(409) ParOldGen: 335902K(341504K)->335902K(341504K)
[142.792s][info][gc,metaspace   ] GC(409) Metaspace: 6296K(6464K)->6296K(6464K) NonClass: 5763K(5824K)->5763K(5824K) Class: 532K(640K)->532K(640K)
[142.792s][info][gc             ] GC(409) Pause Full (Ergonomics) 361M->361M(409M) 378.346ms
[142.792s][info][gc,cpu         ] GC(409) User=0.36s Sys=0.00s Real=0.38s
[142.792s][info][gc,start       ] GC(410) Pause Full (Ergonomics)
[142.792s][info][gc,phases,start] GC(410) Marking Phase
[143.073s][info][gc,phases      ] GC(410) Marking Phase 280.716ms
[143.073s][info][gc,phases,start] GC(410) Summary Phase
[143.073s][info][gc,phases      ] GC(410) Summary Phase 0.023ms
[143.073s][info][gc,phases,start] GC(410) Adjust Roots
[143.073s][info][gc,phases      ] GC(410) Adjust Roots 0.186ms
[143.073s][info][gc,phases,start] GC(410) Compaction Phase
[143.170s][info][gc,phases      ] GC(410) Compaction Phase 97.106ms
[143.171s][info][gc,phases,start] GC(410) Post Compact
[143.172s][info][gc,phases      ] GC(410) Post Compact 1.763ms
[143.172s][info][gc,heap        ] GC(410) PSYoungGen: 33771K(77312K)->33771K(77312K) Eden: 24575K(24576K)->24575K(24576K) From: 9195K(52736K)->9195K(52736K)
[143.172s][info][gc,heap        ] GC(410) ParOldGen: 335906K(341504K)->335906K(341504K)
[143.172s][info][gc,metaspace   ] GC(410) Metaspace: 6296K(6464K)->6296K(6464K) NonClass: 5763K(5824K)->5763K(5824K) Class: 532K(640K)->532K(640K)
[143.172s][info][gc             ] GC(410) Pause Full (Ergonomics) 361M->361M(409M) 380.144ms
[143.172s][info][gc,cpu         ] GC(410) User=0.36s Sys=0.00s Real=0.38s
[143.173s][info][gc,start       ] GC(411) Pause Full (Ergonomics)
[143.173s][info][gc,phases,start] GC(411) Marking Phase
[143.455s][info][gc,phases      ] GC(411) Marking Phase 281.963ms
[143.455s][info][gc,phases,start] GC(411) Summary Phase
[143.455s][info][gc,phases      ] GC(411) Summary Phase 0.023ms
[143.455s][info][gc,phases,start] GC(411) Adjust Roots
[143.455s][info][gc,phases      ] GC(411) Adjust Roots 0.189ms
[143.455s][info][gc,phases,start] GC(411) Compaction Phase
[143.549s][info][gc,phases      ] GC(411) Compaction Phase 94.210ms
[143.549s][info][gc,phases,start] GC(411) Post Compact
[143.551s][info][gc,phases      ] GC(411) Post Compact 1.537ms
[143.551s][info][gc,heap        ] GC(411) PSYoungGen: 33771K(77312K)->33771K(77312K) Eden: 24575K(24576K)->24575K(24576K) From: 9195K(52736K)->9195K(52736K)
[143.551s][info][gc,heap        ] GC(411) ParOldGen: 335911K(341504K)->335911K(341504K)
[143.551s][info][gc,metaspace   ] GC(411) Metaspace: 6296K(6464K)->6296K(6464K) NonClass: 5763K(5824K)->5763K(5824K) Class: 532K(640K)->532K(640K)
[143.551s][info][gc             ] GC(411) Pause Full (Ergonomics) 361M->361M(409M) 378.261ms
[143.551s][info][gc,cpu         ] GC(411) User=0.36s Sys=0.00s Real=0.38s
[143.552s][info][gc,start       ] GC(412) Pause Full (Ergonomics)
[143.552s][info][gc,phases,start] GC(412) Marking Phase
[143.833s][info][gc,phases      ] GC(412) Marking Phase 281.612ms
[143.833s][info][gc,phases,start] GC(412) Summary Phase
[143.833s][info][gc,phases      ] GC(412) Summary Phase 0.023ms
[143.833s][info][gc,phases,start] GC(412) Adjust Roots
[143.834s][info][gc,phases      ] GC(412) Adjust Roots 0.188ms
[143.834s][info][gc,phases,start] GC(412) Compaction Phase
[143.929s][info][gc,phases      ] GC(412) Compaction Phase 95.078ms
[143.929s][info][gc,phases,start] GC(412) Post Compact
[143.930s][info][gc,phases      ] GC(412) Post Compact 1.505ms
[143.930s][info][gc,heap        ] GC(412) PSYoungGen: 33771K(77312K)->33771K(77312K) Eden: 24575K(24576K)->24575K(24576K) From: 9195K(52736K)->9195K(52736K)
[143.930s][info][gc,heap        ] GC(412) ParOldGen: 335916K(341504K)->335916K(341504K)
[143.930s][info][gc,metaspace   ] GC(412) Metaspace: 6296K(6464K)->6296K(6464K) NonClass: 5763K(5824K)->5763K(5824K) Class: 532K(640K)->532K(640K)
[143.930s][info][gc             ] GC(412) Pause Full (Ergonomics) 361M->361M(409M) 378.742ms
[143.930s][info][gc,cpu         ] GC(412) User=0.36s Sys=0.00s Real=0.38s
[143.931s][info][gc,start       ] GC(413) Pause Full (Ergonomics)
[143.931s][info][gc,phases,start] GC(413) Marking Phase
[144.212s][info][gc,phases      ] GC(413) Marking Phase 280.904ms
[144.212s][info][gc,phases,start] GC(413) Summary Phase
[144.212s][info][gc,phases      ] GC(413) Summary Phase 0.035ms
[144.212s][info][gc,phases,start] GC(413) Adjust Roots
[144.212s][info][gc,phases      ] GC(413) Adjust Roots 0.245ms
[144.212s][info][gc,phases,start] GC(413) Compaction Phase
[144.307s][info][gc,phases      ] GC(413) Compaction Phase 95.153ms
[144.307s][info][gc,phases,start] GC(413) Post Compact
[144.309s][info][gc,phases      ] GC(413) Post Compact 1.689ms
[144.309s][info][gc,heap        ] GC(413) PSYoungGen: 33771K(77312K)->33771K(77312K) Eden: 24575K(24576K)->24575K(24576K) From: 9195K(52736K)->9195K(52736K)
[144.309s][info][gc,heap        ] GC(413) ParOldGen: 335920K(341504K)->335920K(341504K)
[144.309s][info][gc,metaspace   ] GC(413) Metaspace: 6296K(6464K)->6296K(6464K) NonClass: 5763K(5824K)->5763K(5824K) Class: 532K(640K)->532K(640K)
[144.309s][info][gc             ] GC(413) Pause Full (Ergonomics) 361M->361M(409M) 378.412ms
[144.309s][info][gc,cpu         ] GC(413) User=0.36s Sys=0.00s Real=0.38s
[144.309s][info][gc,start       ] GC(414) Pause Full (Ergonomics)
[144.309s][info][gc,phases,start] GC(414) Marking Phase
[144.591s][info][gc,phases      ] GC(414) Marking Phase 281.480ms
[144.591s][info][gc,phases,start] GC(414) Summary Phase
[144.591s][info][gc,phases      ] GC(414) Summary Phase 0.023ms
[144.591s][info][gc,phases,start] GC(414) Adjust Roots
[144.591s][info][gc,phases      ] GC(414) Adjust Roots 0.283ms
[144.591s][info][gc,phases,start] GC(414) Compaction Phase
[144.688s][info][gc,phases      ] GC(414) Compaction Phase 96.343ms
[144.688s][info][gc,phases,start] GC(414) Post Compact
[144.689s][info][gc,phases      ] GC(414) Post Compact 1.529ms
[144.689s][info][gc,heap        ] GC(414) PSYoungGen: 33771K(77312K)->33771K(77312K) Eden: 24575K(24576K)->24575K(24576K) From: 9195K(52736K)->9195K(52736K)
[144.689s][info][gc,heap        ] GC(414) ParOldGen: 335925K(341504K)->335925K(341504K)
[144.689s][info][gc,metaspace   ] GC(414) Metaspace: 6296K(6464K)->6296K(6464K) NonClass: 5763K(5824K)->5763K(5824K) Class: 532K(640K)->532K(640K)
[144.689s][info][gc             ] GC(414) Pause Full (Ergonomics) 361M->361M(409M) 380.008ms
[144.689s][info][gc,cpu         ] GC(414) User=0.36s Sys=0.00s Real=0.38s
[144.690s][info][gc,start       ] GC(415) Pause Full (Ergonomics)
[144.690s][info][gc,phases,start] GC(415) Marking Phase
[144.972s][info][gc,phases      ] GC(415) Marking Phase 282.356ms
[144.972s][info][gc,phases,start] GC(415) Summary Phase
[144.972s][info][gc,phases      ] GC(415) Summary Phase 0.023ms
[144.972s][info][gc,phases,start] GC(415) Adjust Roots
[144.972s][info][gc,phases      ] GC(415) Adjust Roots 0.191ms
[144.972s][info][gc,phases,start] GC(415) Compaction Phase
[145.066s][info][gc,phases      ] GC(415) Compaction Phase 93.624ms
[145.066s][info][gc,phases,start] GC(415) Post Compact
[145.068s][info][gc,phases      ] GC(415) Post Compact 1.672ms
[145.068s][info][gc,heap        ] GC(415) PSYoungGen: 33771K(77312K)->33771K(77312K) Eden: 24575K(24576K)->24575K(24576K) From: 9195K(52736K)->9195K(52736K)
[145.068s][info][gc,heap        ] GC(415) ParOldGen: 335930K(341504K)->335930K(341504K)
[145.068s][info][gc,metaspace   ] GC(415) Metaspace: 6296K(6464K)->6296K(6464K) NonClass: 5763K(5824K)->5763K(5824K) Class: 532K(640K)->532K(640K)
[145.068s][info][gc             ] GC(415) Pause Full (Ergonomics) 361M->361M(409M) 378.203ms
[145.068s][info][gc,cpu         ] GC(415) User=0.39s Sys=0.00s Real=0.38s
[145.068s][info][gc,start       ] GC(416) Pause Full (Ergonomics)
[145.068s][info][gc,phases,start] GC(416) Marking Phase
[145.349s][info][gc,phases      ] GC(416) Marking Phase 280.508ms
[145.349s][info][gc,phases,start] GC(416) Summary Phase
[145.349s][info][gc,phases      ] GC(416) Summary Phase 0.023ms
[145.349s][info][gc,phases,start] GC(416) Adjust Roots
[145.349s][info][gc,phases      ] GC(416) Adjust Roots 0.192ms
[145.349s][info][gc,phases,start] GC(416) Compaction Phase
[145.447s][info][gc,phases      ] GC(416) Compaction Phase 98.076ms
[145.447s][info][gc,phases,start] GC(416) Post Compact
[145.449s][info][gc,phases      ] GC(416) Post Compact 1.543ms
[145.449s][info][gc,heap        ] GC(416) PSYoungGen: 33771K(77312K)->33771K(77312K) Eden: 24575K(24576K)->24575K(24576K) From: 9195K(52736K)->9195K(52736K)
[145.449s][info][gc,heap        ] GC(416) ParOldGen: 335934K(341504K)->335934K(341504K)
[145.449s][info][gc,metaspace   ] GC(416) Metaspace: 6296K(6464K)->6296K(6464K) NonClass: 5763K(5824K)->5763K(5824K) Class: 532K(640K)->532K(640K)
[145.449s][info][gc             ] GC(416) Pause Full (Ergonomics) 361M->361M(409M) 380.696ms
[145.449s][info][gc,cpu         ] GC(416) User=0.36s Sys=0.02s Real=0.38s
[145.449s][info][gc,start       ] GC(417) Pause Full (Ergonomics)
[145.449s][info][gc,phases,start] GC(417) Marking Phase
[145.730s][info][gc,phases      ] GC(417) Marking Phase 280.833ms
[145.730s][info][gc,phases,start] GC(417) Summary Phase
[145.730s][info][gc,phases      ] GC(417) Summary Phase 0.023ms
[145.730s][info][gc,phases,start] GC(417) Adjust Roots
[145.730s][info][gc,phases      ] GC(417) Adjust Roots 0.262ms
[145.730s][info][gc,phases,start] GC(417) Compaction Phase
[145.827s][info][gc,phases      ] GC(417) Compaction Phase 96.390ms
[145.827s][info][gc,phases,start] GC(417) Post Compact
[145.828s][info][gc,phases      ] GC(417) Post Compact 1.516ms
[145.828s][info][gc,heap        ] GC(417) PSYoungGen: 33771K(77312K)->33771K(77312K) Eden: 24575K(24576K)->24575K(24576K) From: 9195K(52736K)->9195K(52736K)
[145.828s][info][gc,heap        ] GC(417) ParOldGen: 335939K(341504K)->335939K(341504K)
[145.828s][info][gc,metaspace   ] GC(417) Metaspace: 6296K(6464K)->6296K(6464K) NonClass: 5763K(5824K)->5763K(5824K) Class: 532K(640K)->532K(640K)
[145.828s][info][gc             ] GC(417) Pause Full (Ergonomics) 361M->361M(409M) 379.370ms
[145.828s][info][gc,cpu         ] GC(417) User=0.34s Sys=0.00s Real=0.38s
[145.829s][info][gc,start       ] GC(418) Pause Full (Ergonomics)
[145.829s][info][gc,phases,start] GC(418) Marking Phase
[146.111s][info][gc,phases      ] GC(418) Marking Phase 282.531ms
[146.111s][info][gc,phases,start] GC(418) Summary Phase
[146.111s][info][gc,phases      ] GC(418) Summary Phase 0.021ms
[146.111s][info][gc,phases,start] GC(418) Adjust Roots
[146.112s][info][gc,phases      ] GC(418) Adjust Roots 0.222ms
[146.112s][info][gc,phases,start] GC(418) Compaction Phase
[146.210s][info][gc,phases      ] GC(418) Compaction Phase 98.398ms
[146.210s][info][gc,phases,start] GC(418) Post Compact
[146.212s][info][gc,phases      ] GC(418) Post Compact 1.494ms
[146.212s][info][gc,heap        ] GC(418) PSYoungGen: 33771K(77312K)->33771K(77312K) Eden: 24575K(24576K)->24575K(24576K) From: 9195K(52736K)->9195K(52736K)
[146.212s][info][gc,heap        ] GC(418) ParOldGen: 335944K(341504K)->335944K(341504K)
[146.212s][info][gc,metaspace   ] GC(418) Metaspace: 6296K(6464K)->6296K(6464K) NonClass: 5763K(5824K)->5763K(5824K) Class: 532K(640K)->532K(640K)
[146.212s][info][gc             ] GC(418) Pause Full (Ergonomics) 361M->361M(409M) 383.000ms
[146.212s][info][gc,cpu         ] GC(418) User=0.36s Sys=0.00s Real=0.38s
[146.212s][info][gc,start       ] GC(419) Pause Full (Ergonomics)
[146.212s][info][gc,phases,start] GC(419) Marking Phase
[146.494s][info][gc,phases      ] GC(419) Marking Phase 281.933ms
[146.494s][info][gc,phases,start] GC(419) Summary Phase
[146.494s][info][gc,phases      ] GC(419) Summary Phase 0.023ms
[146.494s][info][gc,phases,start] GC(419) Adjust Roots
[146.494s][info][gc,phases      ] GC(419) Adjust Roots 0.194ms
[146.494s][info][gc,phases,start] GC(419) Compaction Phase
[146.589s][info][gc,phases      ] GC(419) Compaction Phase 94.497ms
[146.589s][info][gc,phases,start] GC(419) Post Compact
[146.591s][info][gc,phases      ] GC(419) Post Compact 1.927ms
[146.591s][info][gc,heap        ] GC(419) PSYoungGen: 33771K(77312K)->33771K(77312K) Eden: 24575K(24576K)->24575K(24576K) From: 9195K(52736K)->9195K(52736K)
[146.591s][info][gc,heap        ] GC(419) ParOldGen: 335948K(341504K)->335948K(341504K)
[146.591s][info][gc,metaspace   ] GC(419) Metaspace: 6296K(6464K)->6296K(6464K) NonClass: 5763K(5824K)->5763K(5824K) Class: 532K(640K)->532K(640K)
[146.591s][info][gc             ] GC(419) Pause Full (Ergonomics) 361M->361M(409M) 378.935ms
[146.591s][info][gc,cpu         ] GC(419) User=0.36s Sys=0.00s Real=0.38s
[146.591s][info][gc,start       ] GC(420) Pause Full (Ergonomics)
[146.591s][info][gc,phases,start] GC(420) Marking Phase
[146.873s][info][gc,phases      ] GC(420) Marking Phase 281.619ms
[146.873s][info][gc,phases,start] GC(420) Summary Phase
[146.873s][info][gc,phases      ] GC(420) Summary Phase 0.034ms
[146.873s][info][gc,phases,start] GC(420) Adjust Roots
[146.873s][info][gc,phases      ] GC(420) Adjust Roots 0.276ms
[146.873s][info][gc,phases,start] GC(420) Compaction Phase
[146.969s][info][gc,phases      ] GC(420) Compaction Phase 95.243ms
[146.969s][info][gc,phases,start] GC(420) Post Compact
[146.970s][info][gc,phases      ] GC(420) Post Compact 1.502ms
[146.970s][info][gc,heap        ] GC(420) PSYoungGen: 33771K(77312K)->33771K(77312K) Eden: 24575K(24576K)->24575K(24576K) From: 9195K(52736K)->9195K(52736K)
[146.970s][info][gc,heap        ] GC(420) ParOldGen: 335953K(341504K)->335953K(341504K)
[146.970s][info][gc,metaspace   ] GC(420) Metaspace: 6296K(6464K)->6296K(6464K) NonClass: 5763K(5824K)->5763K(5824K) Class: 532K(640K)->532K(640K)
[146.970s][info][gc             ] GC(420) Pause Full (Ergonomics) 361M->361M(409M) 379.081ms
[146.970s][info][gc,cpu         ] GC(420) User=0.34s Sys=0.00s Real=0.38s
[146.971s][info][gc,start       ] GC(421) Pause Full (Ergonomics)
[146.971s][info][gc,phases,start] GC(421) Marking Phase
[147.263s][info][gc,phases      ] GC(421) Marking Phase 292.471ms
[147.263s][info][gc,phases,start] GC(421) Summary Phase
[147.263s][info][gc,phases      ] GC(421) Summary Phase 0.035ms
[147.263s][info][gc,phases,start] GC(421) Adjust Roots
[147.263s][info][gc,phases      ] GC(421) Adjust Roots 0.224ms
[147.263s][info][gc,phases,start] GC(421) Compaction Phase
[147.362s][info][gc,phases      ] GC(421) Compaction Phase 98.234ms
[147.362s][info][gc,phases,start] GC(421) Post Compact
[147.364s][info][gc,phases      ] GC(421) Post Compact 1.865ms
[147.364s][info][gc,heap        ] GC(421) PSYoungGen: 33771K(77312K)->33771K(77312K) Eden: 24575K(24576K)->24575K(24576K) From: 9195K(52736K)->9195K(52736K)
[147.364s][info][gc,heap        ] GC(421) ParOldGen: 335958K(341504K)->335958K(341504K)
[147.364s][info][gc,metaspace   ] GC(421) Metaspace: 6296K(6464K)->6296K(6464K) NonClass: 5763K(5824K)->5763K(5824K) Class: 532K(640K)->532K(640K)
[147.364s][info][gc             ] GC(421) Pause Full (Ergonomics) 361M->361M(409M) 393.238ms
[147.364s][info][gc,cpu         ] GC(421) User=0.36s Sys=0.00s Real=0.39s
[147.364s][info][gc,start       ] GC(422) Pause Full (Ergonomics)
[147.364s][info][gc,phases,start] GC(422) Marking Phase
[147.649s][info][gc,phases      ] GC(422) Marking Phase 284.390ms
[147.649s][info][gc,phases,start] GC(422) Summary Phase
[147.649s][info][gc,phases      ] GC(422) Summary Phase 0.025ms
[147.649s][info][gc,phases,start] GC(422) Adjust Roots
[147.649s][info][gc,phases      ] GC(422) Adjust Roots 0.202ms
[147.649s][info][gc,phases,start] GC(422) Compaction Phase
[147.746s][info][gc,phases      ] GC(422) Compaction Phase 96.934ms
[147.746s][info][gc,phases,start] GC(422) Post Compact
[147.747s][info][gc,phases      ] GC(422) Post Compact 1.530ms
[147.748s][info][gc,heap        ] GC(422) PSYoungGen: 33771K(77312K)->33771K(77312K) Eden: 24575K(24576K)->24575K(24576K) From: 9195K(52736K)->9195K(52736K)
[147.748s][info][gc,heap        ] GC(422) ParOldGen: 335962K(341504K)->335962K(341504K)
[147.748s][info][gc,metaspace   ] GC(422) Metaspace: 6296K(6464K)->6296K(6464K) NonClass: 5763K(5824K)->5763K(5824K) Class: 532K(640K)->532K(640K)
[147.748s][info][gc             ] GC(422) Pause Full (Ergonomics) 361M->361M(409M) 383.451ms
[147.748s][info][gc,cpu         ] GC(422) User=0.38s Sys=0.00s Real=0.38s
[147.748s][info][gc,start       ] GC(423) Pause Full (Ergonomics)
[147.748s][info][gc,phases,start] GC(423) Marking Phase
[148.029s][info][gc,phases      ] GC(423) Marking Phase 281.382ms
[148.030s][info][gc,phases,start] GC(423) Summary Phase
[148.030s][info][gc,phases      ] GC(423) Summary Phase 0.023ms
[148.030s][info][gc,phases,start] GC(423) Adjust Roots
[148.030s][info][gc,phases      ] GC(423) Adjust Roots 0.348ms
[148.030s][info][gc,phases,start] GC(423) Compaction Phase
[148.129s][info][gc,phases      ] GC(423) Compaction Phase 99.007ms
[148.129s][info][gc,phases,start] GC(423) Post Compact
[148.131s][info][gc,phases      ] GC(423) Post Compact 1.710ms
[148.131s][info][gc,heap        ] GC(423) PSYoungGen: 33771K(77312K)->33771K(77312K) Eden: 24575K(24576K)->24575K(24576K) From: 9195K(52736K)->9195K(52736K)
[148.131s][info][gc,heap        ] GC(423) ParOldGen: 335967K(341504K)->335967K(341504K)
[148.131s][info][gc,metaspace   ] GC(423) Metaspace: 6296K(6464K)->6296K(6464K) NonClass: 5763K(5824K)->5763K(5824K) Class: 532K(640K)->532K(640K)
[148.131s][info][gc             ] GC(423) Pause Full (Ergonomics) 361M->361M(409M) 382.841ms
[148.131s][info][gc,cpu         ] GC(423) User=0.33s Sys=0.02s Real=0.38s
[148.131s][info][gc,start       ] GC(424) Pause Full (Ergonomics)
[148.131s][info][gc,phases,start] GC(424) Marking Phase
[148.408s][info][gc,phases      ] GC(424) Marking Phase 277.044ms
[148.408s][info][gc,phases,start] GC(424) Summary Phase
[148.408s][info][gc,phases      ] GC(424) Summary Phase 0.017ms
[148.408s][info][gc,phases,start] GC(424) Adjust Roots
[148.409s][info][gc,phases      ] GC(424) Adjust Roots 0.259ms
[148.409s][info][gc,phases,start] GC(424) Compaction Phase
[148.506s][info][gc,phases      ] GC(424) Compaction Phase 97.636ms
[148.506s][info][gc,phases,start] GC(424) Post Compact
[148.508s][info][gc,phases      ] GC(424) Post Compact 1.506ms
[148.508s][info][gc,heap        ] GC(424) PSYoungGen: 33771K(77312K)->33771K(77312K) Eden: 24575K(24576K)->24575K(24576K) From: 9195K(52736K)->9195K(52736K)
[148.508s][info][gc,heap        ] GC(424) ParOldGen: 335972K(341504K)->335972K(341504K)
[148.508s][info][gc,metaspace   ] GC(424) Metaspace: 6296K(6464K)->6296K(6464K) NonClass: 5763K(5824K)->5763K(5824K) Class: 532K(640K)->532K(640K)
[148.508s][info][gc             ] GC(424) Pause Full (Ergonomics) 361M->361M(409M) 376.810ms
[148.508s][info][gc,cpu         ] GC(424) User=0.34s Sys=0.00s Real=0.38s
[148.508s][info][gc,start       ] GC(425) Pause Full (Ergonomics)
[148.508s][info][gc,phases,start] GC(425) Marking Phase
[148.789s][info][gc,phases      ] GC(425) Marking Phase 280.961ms
[148.789s][info][gc,phases,start] GC(425) Summary Phase
[148.789s][info][gc,phases      ] GC(425) Summary Phase 0.030ms
[148.790s][info][gc,phases,start] GC(425) Adjust Roots
[148.790s][info][gc,phases      ] GC(425) Adjust Roots 0.206ms
[148.790s][info][gc,phases,start] GC(425) Compaction Phase
[148.884s][info][gc,phases      ] GC(425) Compaction Phase 94.735ms
[148.885s][info][gc,phases,start] GC(425) Post Compact
[148.886s][info][gc,phases      ] GC(425) Post Compact 1.518ms
[148.886s][info][gc,heap        ] GC(425) PSYoungGen: 33771K(77312K)->33771K(77312K) Eden: 24575K(24576K)->24575K(24576K) From: 9195K(52736K)->9195K(52736K)
[148.886s][info][gc,heap        ] GC(425) ParOldGen: 335976K(341504K)->335976K(341504K)
[148.886s][info][gc,metaspace   ] GC(425) Metaspace: 6296K(6464K)->6296K(6464K) NonClass: 5763K(5824K)->5763K(5824K) Class: 532K(640K)->532K(640K)
[148.886s][info][gc             ] GC(425) Pause Full (Ergonomics) 361M->361M(409M) 377.829ms
[148.886s][info][gc,cpu         ] GC(425) User=0.34s Sys=0.00s Real=0.38s
[148.886s][info][gc,start       ] GC(426) Pause Full (Ergonomics)
[148.886s][info][gc,phases,start] GC(426) Marking Phase
[149.169s][info][gc,phases      ] GC(426) Marking Phase 282.251ms
[149.169s][info][gc,phases,start] GC(426) Summary Phase
[149.169s][info][gc,phases      ] GC(426) Summary Phase 0.023ms
[149.169s][info][gc,phases,start] GC(426) Adjust Roots
[149.169s][info][gc,phases      ] GC(426) Adjust Roots 0.266ms
[149.169s][info][gc,phases,start] GC(426) Compaction Phase
[149.266s][info][gc,phases      ] GC(426) Compaction Phase 97.084ms
[149.266s][info][gc,phases,start] GC(426) Post Compact
[149.268s][info][gc,phases      ] GC(426) Post Compact 1.545ms
[149.268s][info][gc,heap        ] GC(426) PSYoungGen: 33771K(77312K)->33771K(77312K) Eden: 24575K(24576K)->24575K(24576K) From: 9195K(52736K)->9195K(52736K)
[149.268s][info][gc,heap        ] GC(426) ParOldGen: 335981K(341504K)->335981K(341504K)
[149.268s][info][gc,metaspace   ] GC(426) Metaspace: 6296K(6464K)->6296K(6464K) NonClass: 5763K(5824K)->5763K(5824K) Class: 532K(640K)->532K(640K)
[149.268s][info][gc             ] GC(426) Pause Full (Ergonomics) 361M->361M(409M) 381.495ms
[149.268s][info][gc,cpu         ] GC(426) User=0.36s Sys=0.00s Real=0.38s
[149.268s][info][gc,start       ] GC(427) Pause Full (Ergonomics)
[149.268s][info][gc,phases,start] GC(427) Marking Phase
[149.550s][info][gc,phases      ] GC(427) Marking Phase 281.936ms
[149.550s][info][gc,phases,start] GC(427) Summary Phase
[149.550s][info][gc,phases      ] GC(427) Summary Phase 0.034ms
[149.550s][info][gc,phases,start] GC(427) Adjust Roots
[149.551s][info][gc,phases      ] GC(427) Adjust Roots 0.258ms
[149.551s][info][gc,phases,start] GC(427) Compaction Phase
[149.647s][info][gc,phases      ] GC(427) Compaction Phase 96.840ms
[149.648s][info][gc,phases,start] GC(427) Post Compact
[149.649s][info][gc,phases      ] GC(427) Post Compact 1.492ms
[149.649s][info][gc,heap        ] GC(427) PSYoungGen: 33771K(77312K)->33771K(77312K) Eden: 24575K(24576K)->24575K(24576K) From: 9195K(52736K)->9195K(52736K)
[149.649s][info][gc,heap        ] GC(427) ParOldGen: 335986K(341504K)->335986K(341504K)
[149.649s][info][gc,metaspace   ] GC(427) Metaspace: 6296K(6464K)->6296K(6464K) NonClass: 5763K(5824K)->5763K(5824K) Class: 532K(640K)->532K(640K)
[149.649s][info][gc             ] GC(427) Pause Full (Ergonomics) 361M->361M(409M) 381.019ms
[149.649s][info][gc,cpu         ] GC(427) User=0.38s Sys=0.00s Real=0.38s
[149.649s][info][gc,start       ] GC(428) Pause Full (Ergonomics)
[149.649s][info][gc,phases,start] GC(428) Marking Phase
[149.933s][info][gc,phases      ] GC(428) Marking Phase 283.454ms
[149.933s][info][gc,phases,start] GC(428) Summary Phase
[149.933s][info][gc,phases      ] GC(428) Summary Phase 0.024ms
[149.933s][info][gc,phases,start] GC(428) Adjust Roots
[149.933s][info][gc,phases      ] GC(428) Adjust Roots 0.197ms
[149.933s][info][gc,phases,start] GC(428) Compaction Phase
[150.028s][info][gc,phases      ] GC(428) Compaction Phase 95.072ms
[150.028s][info][gc,phases,start] GC(428) Post Compact
[150.030s][info][gc,phases      ] GC(428) Post Compact 1.730ms
[150.030s][info][gc,heap        ] GC(428) PSYoungGen: 33771K(77312K)->33771K(77312K) Eden: 24575K(24576K)->24575K(24576K) From: 9195K(52736K)->9195K(52736K)
[150.030s][info][gc,heap        ] GC(428) ParOldGen: 335990K(341504K)->335990K(341504K)
[150.030s][info][gc,metaspace   ] GC(428) Metaspace: 6296K(6464K)->6296K(6464K) NonClass: 5763K(5824K)->5763K(5824K) Class: 532K(640K)->532K(640K)
[150.030s][info][gc             ] GC(428) Pause Full (Ergonomics) 361M->361M(409M) 380.842ms
[150.030s][info][gc,cpu         ] GC(428) User=0.36s Sys=0.00s Real=0.38s
[150.031s][info][gc,start       ] GC(429) Pause Full (Ergonomics)
[150.031s][info][gc,phases,start] GC(429) Marking Phase
[150.311s][info][gc,phases      ] GC(429) Marking Phase 280.521ms
[150.311s][info][gc,phases,start] GC(429) Summary Phase
[150.311s][info][gc,phases      ] GC(429) Summary Phase 0.023ms
[150.311s][info][gc,phases,start] GC(429) Adjust Roots
[150.311s][info][gc,phases      ] GC(429) Adjust Roots 0.198ms
[150.311s][info][gc,phases,start] GC(429) Compaction Phase
[150.406s][info][gc,phases      ] GC(429) Compaction Phase 94.309ms
[150.406s][info][gc,phases,start] GC(429) Post Compact
[150.408s][info][gc,phases      ] GC(429) Post Compact 1.808ms
[150.408s][info][gc,heap        ] GC(429) PSYoungGen: 33771K(77312K)->33771K(77312K) Eden: 24575K(24576K)->24575K(24576K) From: 9195K(52736K)->9195K(52736K)
[150.408s][info][gc,heap        ] GC(429) ParOldGen: 335995K(341504K)->335995K(341504K)
[150.408s][info][gc,metaspace   ] GC(429) Metaspace: 6296K(6464K)->6296K(6464K) NonClass: 5763K(5824K)->5763K(5824K) Class: 532K(640K)->532K(640K)
[150.408s][info][gc             ] GC(429) Pause Full (Ergonomics) 361M->361M(409M) 377.224ms
[150.408s][info][gc,cpu         ] GC(429) User=0.38s Sys=0.00s Real=0.38s
[150.408s][info][gc,start       ] GC(430) Pause Full (Ergonomics)
[150.408s][info][gc,phases,start] GC(430) Marking Phase
[150.693s][info][gc,phases      ] GC(430) Marking Phase 285.410ms
[150.694s][info][gc,phases,start] GC(430) Summary Phase
[150.694s][info][gc,phases      ] GC(430) Summary Phase 0.017ms
[150.694s][info][gc,phases,start] GC(430) Adjust Roots
[150.694s][info][gc,phases      ] GC(430) Adjust Roots 0.239ms
[150.694s][info][gc,phases,start] GC(430) Compaction Phase
[150.791s][info][gc,phases      ] GC(430) Compaction Phase 97.628ms
[150.792s][info][gc,phases,start] GC(430) Post Compact
[150.793s][info][gc,phases      ] GC(430) Post Compact 1.528ms
[150.793s][info][gc,heap        ] GC(430) PSYoungGen: 33771K(77312K)->33771K(77312K) Eden: 24575K(24576K)->24575K(24576K) From: 9195K(52736K)->9195K(52736K)
[150.793s][info][gc,heap        ] GC(430) ParOldGen: 336000K(341504K)->336000K(341504K)
[150.793s][info][gc,metaspace   ] GC(430) Metaspace: 6296K(6464K)->6296K(6464K) NonClass: 5763K(5824K)->5763K(5824K) Class: 532K(640K)->532K(640K)
[150.793s][info][gc             ] GC(430) Pause Full (Ergonomics) 361M->361M(409M) 385.130ms
[150.793s][info][gc,cpu         ] GC(430) User=0.36s Sys=0.02s Real=0.38s
[150.793s][info][gc,start       ] GC(431) Pause Full (Ergonomics)
[150.794s][info][gc,phases,start] GC(431) Marking Phase
[151.075s][info][gc,phases      ] GC(431) Marking Phase 281.896ms
[151.075s][info][gc,phases,start] GC(431) Summary Phase
[151.075s][info][gc,phases      ] GC(431) Summary Phase 0.022ms
[151.076s][info][gc,phases,start] GC(431) Adjust Roots
[151.076s][info][gc,phases      ] GC(431) Adjust Roots 0.195ms
[151.076s][info][gc,phases,start] GC(431) Compaction Phase
[151.174s][info][gc,phases      ] GC(431) Compaction Phase 97.806ms
[151.174s][info][gc,phases,start] GC(431) Post Compact
[151.175s][info][gc,phases      ] GC(431) Post Compact 1.507ms
[151.175s][info][gc,heap        ] GC(431) PSYoungGen: 33771K(77312K)->33771K(77312K) Eden: 24575K(24576K)->24575K(24576K) From: 9195K(52736K)->9195K(52736K)
[151.175s][info][gc,heap        ] GC(431) ParOldGen: 336004K(341504K)->336004K(341504K)
[151.175s][info][gc,metaspace   ] GC(431) Metaspace: 6296K(6464K)->6296K(6464K) NonClass: 5763K(5824K)->5763K(5824K) Class: 532K(640K)->532K(640K)
[151.175s][info][gc             ] GC(431) Pause Full (Ergonomics) 361M->361M(409M) 381.788ms
[151.175s][info][gc,cpu         ] GC(431) User=0.33s Sys=0.00s Real=0.38s
[151.176s][info][gc,start       ] GC(432) Pause Full (Ergonomics)
[151.176s][info][gc,phases,start] GC(432) Marking Phase
[151.457s][info][gc,phases      ] GC(432) Marking Phase 281.286ms
[151.457s][info][gc,phases,start] GC(432) Summary Phase
[151.457s][info][gc,phases      ] GC(432) Summary Phase 0.023ms
[151.457s][info][gc,phases,start] GC(432) Adjust Roots
[151.457s][info][gc,phases      ] GC(432) Adjust Roots 0.199ms
[151.457s][info][gc,phases,start] GC(432) Compaction Phase
[151.552s][info][gc,phases      ] GC(432) Compaction Phase 95.233ms
[151.552s][info][gc,phases,start] GC(432) Post Compact
[151.554s][info][gc,phases      ] GC(432) Post Compact 1.699ms
[151.554s][info][gc,heap        ] GC(432) PSYoungGen: 33771K(77312K)->33771K(77312K) Eden: 24575K(24576K)->24575K(24576K) From: 9195K(52736K)->9195K(52736K)
[151.554s][info][gc,heap        ] GC(432) ParOldGen: 336009K(341504K)->336009K(341504K)
[151.554s][info][gc,metaspace   ] GC(432) Metaspace: 6296K(6464K)->6296K(6464K) NonClass: 5763K(5824K)->5763K(5824K) Class: 532K(640K)->532K(640K)
[151.554s][info][gc             ] GC(432) Pause Full (Ergonomics) 361M->361M(409M) 378.760ms
[151.554s][info][gc,cpu         ] GC(432) User=0.39s Sys=0.00s Real=0.38s
[151.555s][info][gc,start       ] GC(433) Pause Full (Ergonomics)
[151.555s][info][gc,phases,start] GC(433) Marking Phase
[151.837s][info][gc,phases      ] GC(433) Marking Phase 282.689ms
[151.837s][info][gc,phases,start] GC(433) Summary Phase
[151.837s][info][gc,phases      ] GC(433) Summary Phase 0.023ms
[151.837s][info][gc,phases,start] GC(433) Adjust Roots
[151.838s][info][gc,phases      ] GC(433) Adjust Roots 0.251ms
[151.838s][info][gc,phases,start] GC(433) Compaction Phase
[151.935s][info][gc,phases      ] GC(433) Compaction Phase 97.517ms
[151.935s][info][gc,phases,start] GC(433) Post Compact
[151.937s][info][gc,phases      ] GC(433) Post Compact 1.500ms
[151.937s][info][gc,heap        ] GC(433) PSYoungGen: 33771K(77312K)->33771K(77312K) Eden: 24575K(24576K)->24575K(24576K) From: 9195K(52736K)->9195K(52736K)
[151.937s][info][gc,heap        ] GC(433) ParOldGen: 336014K(341504K)->336014K(341504K)
[151.937s][info][gc,metaspace   ] GC(433) Metaspace: 6296K(6464K)->6296K(6464K) NonClass: 5763K(5824K)->5763K(5824K) Class: 532K(640K)->532K(640K)
[151.937s][info][gc             ] GC(433) Pause Full (Ergonomics) 361M->361M(409M) 382.335ms
[151.937s][info][gc,cpu         ] GC(433) User=0.36s Sys=0.00s Real=0.38s
[151.937s][info][gc,start       ] GC(434) Pause Full (Ergonomics)
[151.937s][info][gc,phases,start] GC(434) Marking Phase
[152.220s][info][gc,phases      ] GC(434) Marking Phase 282.694ms
[152.220s][info][gc,phases,start] GC(434) Summary Phase
[152.220s][info][gc,phases      ] GC(434) Summary Phase 0.018ms
[152.220s][info][gc,phases,start] GC(434) Adjust Roots
[152.220s][info][gc,phases      ] GC(434) Adjust Roots 0.270ms
[152.220s][info][gc,phases,start] GC(434) Compaction Phase
[152.317s][info][gc,phases      ] GC(434) Compaction Phase 96.887ms
[152.317s][info][gc,phases,start] GC(434) Post Compact
[152.319s][info][gc,phases      ] GC(434) Post Compact 1.508ms
[152.319s][info][gc,heap        ] GC(434) PSYoungGen: 33771K(77312K)->33771K(77312K) Eden: 24575K(24576K)->24575K(24576K) From: 9195K(52736K)->9195K(52736K)
[152.319s][info][gc,heap        ] GC(434) ParOldGen: 336018K(341504K)->336018K(341504K)
[152.319s][info][gc,metaspace   ] GC(434) Metaspace: 6296K(6464K)->6296K(6464K) NonClass: 5763K(5824K)->5763K(5824K) Class: 532K(640K)->532K(640K)
[152.319s][info][gc             ] GC(434) Pause Full (Ergonomics) 361M->361M(409M) 381.752ms
[152.319s][info][gc,cpu         ] GC(434) User=0.36s Sys=0.00s Real=0.38s
[152.319s][info][gc,start       ] GC(435) Pause Full (Ergonomics)
[152.319s][info][gc,phases,start] GC(435) Marking Phase
[152.609s][info][gc,phases      ] GC(435) Marking Phase 289.340ms
[152.609s][info][gc,phases,start] GC(435) Summary Phase
[152.609s][info][gc,phases      ] GC(435) Summary Phase 0.024ms
[152.609s][info][gc,phases,start] GC(435) Adjust Roots
[152.609s][info][gc,phases      ] GC(435) Adjust Roots 0.202ms
[152.609s][info][gc,phases,start] GC(435) Compaction Phase
[152.704s][info][gc,phases      ] GC(435) Compaction Phase 94.992ms
[152.704s][info][gc,phases,start] GC(435) Post Compact
[152.706s][info][gc,phases      ] GC(435) Post Compact 1.995ms
[152.706s][info][gc,heap        ] GC(435) PSYoungGen: 33771K(77312K)->33771K(77312K) Eden: 24575K(24576K)->24575K(24576K) From: 9195K(52736K)->9195K(52736K)
[152.706s][info][gc,heap        ] GC(435) ParOldGen: 336023K(341504K)->336023K(341504K)
[152.706s][info][gc,metaspace   ] GC(435) Metaspace: 6296K(6464K)->6296K(6464K) NonClass: 5763K(5824K)->5763K(5824K) Class: 532K(640K)->532K(640K)
[152.706s][info][gc             ] GC(435) Pause Full (Ergonomics) 361M->361M(409M) 386.939ms
[152.706s][info][gc,cpu         ] GC(435) User=0.36s Sys=0.00s Real=0.39s
[152.707s][info][gc,start       ] GC(436) Pause Full (Ergonomics)
[152.707s][info][gc,phases,start] GC(436) Marking Phase
[152.989s][info][gc,phases      ] GC(436) Marking Phase 282.298ms
[152.989s][info][gc,phases,start] GC(436) Summary Phase
[152.989s][info][gc,phases      ] GC(436) Summary Phase 0.023ms
[152.989s][info][gc,phases,start] GC(436) Adjust Roots
[152.989s][info][gc,phases      ] GC(436) Adjust Roots 0.211ms
[152.989s][info][gc,phases,start] GC(436) Compaction Phase
[153.083s][info][gc,phases      ] GC(436) Compaction Phase 94.278ms
[153.084s][info][gc,phases,start] GC(436) Post Compact
[153.085s][info][gc,phases      ] GC(436) Post Compact 1.553ms
[153.085s][info][gc,heap        ] GC(436) PSYoungGen: 33771K(77312K)->33771K(77312K) Eden: 24575K(24576K)->24575K(24576K) From: 9195K(52736K)->9195K(52736K)
[153.085s][info][gc,heap        ] GC(436) ParOldGen: 336028K(341504K)->336028K(341504K)
[153.085s][info][gc,metaspace   ] GC(436) Metaspace: 6296K(6464K)->6296K(6464K) NonClass: 5763K(5824K)->5763K(5824K) Class: 532K(640K)->532K(640K)
[153.085s][info][gc             ] GC(436) Pause Full (Ergonomics) 361M->361M(409M) 378.709ms
[153.085s][info][gc,cpu         ] GC(436) User=0.39s Sys=0.00s Real=0.38s
[153.086s][info][gc,start       ] GC(437) Pause Full (Ergonomics)
[153.086s][info][gc,phases,start] GC(437) Marking Phase
[153.369s][info][gc,phases      ] GC(437) Marking Phase 283.128ms
[153.369s][info][gc,phases,start] GC(437) Summary Phase
[153.369s][info][gc,phases      ] GC(437) Summary Phase 0.024ms
[153.369s][info][gc,phases,start] GC(437) Adjust Roots
[153.369s][info][gc,phases      ] GC(437) Adjust Roots 0.223ms
[153.369s][info][gc,phases,start] GC(437) Compaction Phase
[153.462s][info][gc,phases      ] GC(437) Compaction Phase 93.190ms
[153.462s][info][gc,phases,start] GC(437) Post Compact
[153.464s][info][gc,phases      ] GC(437) Post Compact 1.722ms
[153.464s][info][gc,heap        ] GC(437) PSYoungGen: 33771K(77312K)->33771K(77312K) Eden: 24575K(24576K)->24575K(24576K) From: 9195K(52736K)->9195K(52736K)
[153.464s][info][gc,heap        ] GC(437) ParOldGen: 336032K(341504K)->336032K(341504K)
[153.464s][info][gc,metaspace   ] GC(437) Metaspace: 6296K(6464K)->6296K(6464K) NonClass: 5763K(5824K)->5763K(5824K) Class: 532K(640K)->532K(640K)
[153.464s][info][gc             ] GC(437) Pause Full (Ergonomics) 361M->361M(409M) 378.637ms
[153.464s][info][gc,cpu         ] GC(437) User=0.34s Sys=0.00s Real=0.38s
[153.465s][info][gc,start       ] GC(438) Pause Full (Ergonomics)
[153.465s][info][gc,phases,start] GC(438) Marking Phase
[153.749s][info][gc,phases      ] GC(438) Marking Phase 284.536ms
[153.749s][info][gc,phases,start] GC(438) Summary Phase
[153.749s][info][gc,phases      ] GC(438) Summary Phase 0.023ms
[153.749s][info][gc,phases,start] GC(438) Adjust Roots
[153.750s][info][gc,phases      ] GC(438) Adjust Roots 0.220ms
[153.750s][info][gc,phases,start] GC(438) Compaction Phase
[153.849s][info][gc,phases      ] GC(438) Compaction Phase 99.553ms
[153.849s][info][gc,phases,start] GC(438) Post Compact
[153.851s][info][gc,phases      ] GC(438) Post Compact 1.714ms
[153.851s][info][gc,heap        ] GC(438) PSYoungGen: 33771K(77312K)->33771K(77312K) Eden: 24575K(24576K)->24575K(24576K) From: 9195K(52736K)->9195K(52736K)
[153.851s][info][gc,heap        ] GC(438) ParOldGen: 336037K(341504K)->336037K(341504K)
[153.851s][info][gc,metaspace   ] GC(438) Metaspace: 6296K(6464K)->6296K(6464K) NonClass: 5763K(5824K)->5763K(5824K) Class: 532K(640K)->532K(640K)
[153.851s][info][gc             ] GC(438) Pause Full (Ergonomics) 361M->361M(409M) 386.437ms
[153.851s][info][gc,cpu         ] GC(438) User=0.36s Sys=0.00s Real=0.39s
[153.851s][info][gc,start       ] GC(439) Pause Full (Ergonomics)
[153.852s][info][gc,phases,start] GC(439) Marking Phase
[154.134s][info][gc,phases      ] GC(439) Marking Phase 282.323ms
[154.134s][info][gc,phases,start] GC(439) Summary Phase
[154.134s][info][gc,phases      ] GC(439) Summary Phase 0.026ms
[154.134s][info][gc,phases,start] GC(439) Adjust Roots
[154.134s][info][gc,phases      ] GC(439) Adjust Roots 0.281ms
[154.134s][info][gc,phases,start] GC(439) Compaction Phase
[154.230s][info][gc,phases      ] GC(439) Compaction Phase 95.320ms
[154.230s][info][gc,phases,start] GC(439) Post Compact
[154.231s][info][gc,phases      ] GC(439) Post Compact 1.511ms
[154.231s][info][gc,heap        ] GC(439) PSYoungGen: 33771K(77312K)->33771K(77312K) Eden: 24575K(24576K)->24575K(24576K) From: 9195K(52736K)->9195K(52736K)
[154.231s][info][gc,heap        ] GC(439) ParOldGen: 336042K(341504K)->336042K(341504K)
[154.231s][info][gc,metaspace   ] GC(439) Metaspace: 6296K(6464K)->6296K(6464K) NonClass: 5763K(5824K)->5763K(5824K) Class: 532K(640K)->532K(640K)
[154.231s][info][gc             ] GC(439) Pause Full (Ergonomics) 361M->361M(409M) 379.888ms
[154.231s][info][gc,cpu         ] GC(439) User=0.34s Sys=0.00s Real=0.38s
[154.232s][info][gc,start       ] GC(440) Pause Full (Ergonomics)
[154.232s][info][gc,phases,start] GC(440) Marking Phase
[154.517s][info][gc,phases      ] GC(440) Marking Phase 285.779ms
[154.517s][info][gc,phases,start] GC(440) Summary Phase
[154.517s][info][gc,phases      ] GC(440) Summary Phase 0.022ms
[154.518s][info][gc,phases,start] GC(440) Adjust Roots
[154.518s][info][gc,phases      ] GC(440) Adjust Roots 0.219ms
[154.518s][info][gc,phases,start] GC(440) Compaction Phase
[154.616s][info][gc,phases      ] GC(440) Compaction Phase 98.522ms
[154.616s][info][gc,phases,start] GC(440) Post Compact
[154.618s][info][gc,phases      ] GC(440) Post Compact 1.485ms
[154.618s][info][gc,heap        ] GC(440) PSYoungGen: 33771K(77312K)->33771K(77312K) Eden: 24575K(24576K)->24575K(24576K) From: 9195K(52736K)->9195K(52736K)
[154.618s][info][gc,heap        ] GC(440) ParOldGen: 336046K(341504K)->336046K(341504K)
[154.618s][info][gc,metaspace   ] GC(440) Metaspace: 6296K(6464K)->6296K(6464K) NonClass: 5763K(5824K)->5763K(5824K) Class: 532K(640K)->532K(640K)
[154.618s][info][gc             ] GC(440) Pause Full (Ergonomics) 361M->361M(409M) 386.401ms
[154.618s][info][gc,cpu         ] GC(440) User=0.34s Sys=0.00s Real=0.39s
[154.618s][info][gc,start       ] GC(441) Pause Full (Ergonomics)
[154.618s][info][gc,phases,start] GC(441) Marking Phase
[154.896s][info][gc,phases      ] GC(441) Marking Phase 277.978ms
[154.896s][info][gc,phases,start] GC(441) Summary Phase
[154.896s][info][gc,phases      ] GC(441) Summary Phase 0.022ms
[154.896s][info][gc,phases,start] GC(441) Adjust Roots
[154.897s][info][gc,phases      ] GC(441) Adjust Roots 0.198ms
[154.897s][info][gc,phases,start] GC(441) Compaction Phase
[154.992s][info][gc,phases      ] GC(441) Compaction Phase 95.317ms
[154.992s][info][gc,phases,start] GC(441) Post Compact
[154.993s][info][gc,phases      ] GC(441) Post Compact 1.528ms
[154.994s][info][gc,heap        ] GC(441) PSYoungGen: 33771K(77312K)->33771K(77312K) Eden: 24575K(24576K)->24575K(24576K) From: 9195K(52736K)->9195K(52736K)
[154.994s][info][gc,heap        ] GC(441) ParOldGen: 336051K(341504K)->336051K(341504K)
[154.994s][info][gc,metaspace   ] GC(441) Metaspace: 6296K(6464K)->6296K(6464K) NonClass: 5763K(5824K)->5763K(5824K) Class: 532K(640K)->532K(640K)
[154.994s][info][gc             ] GC(441) Pause Full (Ergonomics) 361M->361M(409M) 375.523ms
[154.994s][info][gc,cpu         ] GC(441) User=0.33s Sys=0.00s Real=0.38s
[154.994s][info][gc,start       ] GC(442) Pause Full (Ergonomics)
[154.994s][info][gc,phases,start] GC(442) Marking Phase
[155.276s][info][gc,phases      ] GC(442) Marking Phase 281.601ms
[155.276s][info][gc,phases,start] GC(442) Summary Phase
[155.276s][info][gc,phases      ] GC(442) Summary Phase 0.023ms
[155.276s][info][gc,phases,start] GC(442) Adjust Roots
[155.276s][info][gc,phases      ] GC(442) Adjust Roots 0.184ms
[155.276s][info][gc,phases,start] GC(442) Compaction Phase
[155.371s][info][gc,phases      ] GC(442) Compaction Phase 94.914ms
[155.371s][info][gc,phases,start] GC(442) Post Compact
[155.372s][info][gc,phases      ] GC(442) Post Compact 1.508ms
[155.373s][info][gc,heap        ] GC(442) PSYoungGen: 33771K(77312K)->33771K(77312K) Eden: 24575K(24576K)->24575K(24576K) From: 9195K(52736K)->9195K(52736K)
[155.373s][info][gc,heap        ] GC(442) ParOldGen: 336056K(341504K)->336056K(341504K)
[155.373s][info][gc,metaspace   ] GC(442) Metaspace: 6296K(6464K)->6296K(6464K) NonClass: 5763K(5824K)->5763K(5824K) Class: 532K(640K)->532K(640K)
[155.373s][info][gc             ] GC(442) Pause Full (Ergonomics) 361M->361M(409M) 378.603ms
[155.373s][info][gc,cpu         ] GC(442) User=0.34s Sys=0.00s Real=0.38s
[155.373s][info][gc,start       ] GC(443) Pause Full (Ergonomics)
[155.373s][info][gc,phases,start] GC(443) Marking Phase
[155.655s][info][gc,phases      ] GC(443) Marking Phase 282.141ms
[155.655s][info][gc,phases,start] GC(443) Summary Phase
[155.655s][info][gc,phases      ] GC(443) Summary Phase 0.086ms
[155.655s][info][gc,phases,start] GC(443) Adjust Roots
[155.656s][info][gc,phases      ] GC(443) Adjust Roots 0.246ms
[155.656s][info][gc,phases,start] GC(443) Compaction Phase
[155.751s][info][gc,phases      ] GC(443) Compaction Phase 95.092ms
[155.751s][info][gc,phases,start] GC(443) Post Compact
[155.752s][info][gc,phases      ] GC(443) Post Compact 1.518ms
[155.752s][info][gc,heap        ] GC(443) PSYoungGen: 33771K(77312K)->33771K(77312K) Eden: 24575K(24576K)->24575K(24576K) From: 9195K(52736K)->9195K(52736K)
[155.752s][info][gc,heap        ] GC(443) ParOldGen: 336060K(341504K)->336060K(341504K)
[155.752s][info][gc,metaspace   ] GC(443) Metaspace: 6296K(6464K)->6296K(6464K) NonClass: 5763K(5824K)->5763K(5824K) Class: 532K(640K)->532K(640K)
[155.752s][info][gc             ] GC(443) Pause Full (Ergonomics) 361M->361M(409M) 379.460ms
[155.752s][info][gc,cpu         ] GC(443) User=0.34s Sys=0.00s Real=0.38s
[155.753s][info][gc,start       ] GC(444) Pause Full (Ergonomics)
[155.753s][info][gc,phases,start] GC(444) Marking Phase
[156.040s][info][gc,phases      ] GC(444) Marking Phase 287.636ms
[156.040s][info][gc,phases,start] GC(444) Summary Phase
[156.040s][info][gc,phases      ] GC(444) Summary Phase 0.024ms
[156.040s][info][gc,phases,start] GC(444) Adjust Roots
[156.041s][info][gc,phases      ] GC(444) Adjust Roots 0.201ms
[156.041s][info][gc,phases,start] GC(444) Compaction Phase
[156.133s][info][gc,phases      ] GC(444) Compaction Phase 92.512ms
[156.133s][info][gc,phases,start] GC(444) Post Compact
[156.135s][info][gc,phases      ] GC(444) Post Compact 1.935ms
[156.135s][info][gc,heap        ] GC(444) PSYoungGen: 33771K(77312K)->33771K(77312K) Eden: 24575K(24576K)->24575K(24576K) From: 9195K(52736K)->9195K(52736K)
[156.135s][info][gc,heap        ] GC(444) ParOldGen: 336065K(341504K)->336065K(341504K)
[156.135s][info][gc,metaspace   ] GC(444) Metaspace: 6296K(6464K)->6296K(6464K) NonClass: 5763K(5824K)->5763K(5824K) Class: 532K(640K)->532K(640K)
[156.135s][info][gc             ] GC(444) Pause Full (Ergonomics) 361M->361M(409M) 382.682ms
[156.135s][info][gc,cpu         ] GC(444) User=0.36s Sys=0.00s Real=0.38s
[156.136s][info][gc,start       ] GC(445) Pause Full (Ergonomics)
[156.136s][info][gc,phases,start] GC(445) Marking Phase
[156.416s][info][gc,phases      ] GC(445) Marking Phase 279.810ms
[156.416s][info][gc,phases,start] GC(445) Summary Phase
[156.416s][info][gc,phases      ] GC(445) Summary Phase 0.023ms
[156.416s][info][gc,phases,start] GC(445) Adjust Roots
[156.416s][info][gc,phases      ] GC(445) Adjust Roots 0.202ms
[156.416s][info][gc,phases,start] GC(445) Compaction Phase
[156.511s][info][gc,phases      ] GC(445) Compaction Phase 95.150ms
[156.511s][info][gc,phases,start] GC(445) Post Compact
[156.513s][info][gc,phases      ] GC(445) Post Compact 1.505ms
[156.513s][info][gc,heap        ] GC(445) PSYoungGen: 33771K(77312K)->33771K(77312K) Eden: 24575K(24576K)->24575K(24576K) From: 9195K(52736K)->9195K(52736K)
[156.513s][info][gc,heap        ] GC(445) ParOldGen: 336070K(341504K)->336070K(341504K)
[156.513s][info][gc,metaspace   ] GC(445) Metaspace: 6296K(6464K)->6296K(6464K) NonClass: 5763K(5824K)->5763K(5824K) Class: 532K(640K)->532K(640K)
[156.513s][info][gc             ] GC(445) Pause Full (Ergonomics) 361M->361M(409M) 377.012ms
[156.513s][info][gc,cpu         ] GC(445) User=0.34s Sys=0.00s Real=0.38s
[156.513s][info][gc,start       ] GC(446) Pause Full (Ergonomics)
[156.513s][info][gc,phases,start] GC(446) Marking Phase
[156.794s][info][gc,phases      ] GC(446) Marking Phase 280.531ms
[156.794s][info][gc,phases,start] GC(446) Summary Phase
[156.794s][info][gc,phases      ] GC(446) Summary Phase 0.022ms
[156.794s][info][gc,phases,start] GC(446) Adjust Roots
[156.794s][info][gc,phases      ] GC(446) Adjust Roots 0.213ms
[156.794s][info][gc,phases,start] GC(446) Compaction Phase
[156.891s][info][gc,phases      ] GC(446) Compaction Phase 96.653ms
[156.891s][info][gc,phases,start] GC(446) Post Compact
[156.892s][info][gc,phases      ] GC(446) Post Compact 1.571ms
[156.892s][info][gc,heap        ] GC(446) PSYoungGen: 33771K(77312K)->33771K(77312K) Eden: 24575K(24576K)->24575K(24576K) From: 9195K(52736K)->9195K(52736K)
[156.892s][info][gc,heap        ] GC(446) ParOldGen: 336074K(341504K)->336074K(341504K)
[156.892s][info][gc,metaspace   ] GC(446) Metaspace: 6296K(6464K)->6296K(6464K) NonClass: 5763K(5824K)->5763K(5824K) Class: 532K(640K)->532K(640K)
[156.892s][info][gc             ] GC(446) Pause Full (Ergonomics) 361M->361M(409M) 379.354ms
[156.892s][info][gc,cpu         ] GC(446) User=0.33s Sys=0.00s Real=0.38s
[156.893s][info][gc,start       ] GC(447) Pause Full (Ergonomics)
[156.893s][info][gc,phases,start] GC(447) Marking Phase
[157.173s][info][gc,phases      ] GC(447) Marking Phase 280.342ms
[157.173s][info][gc,phases,start] GC(447) Summary Phase
[157.173s][info][gc,phases      ] GC(447) Summary Phase 0.023ms
[157.173s][info][gc,phases,start] GC(447) Adjust Roots
[157.173s][info][gc,phases      ] GC(447) Adjust Roots 0.202ms
[157.173s][info][gc,phases,start] GC(447) Compaction Phase
[157.269s][info][gc,phases      ] GC(447) Compaction Phase 95.810ms
[157.269s][info][gc,phases,start] GC(447) Post Compact
[157.271s][info][gc,phases      ] GC(447) Post Compact 1.504ms
[157.271s][info][gc,heap        ] GC(447) PSYoungGen: 33771K(77312K)->33771K(77312K) Eden: 24575K(24576K)->24575K(24576K) From: 9195K(52736K)->9195K(52736K)
[157.271s][info][gc,heap        ] GC(447) ParOldGen: 336079K(341504K)->336079K(341504K)
[157.271s][info][gc,metaspace   ] GC(447) Metaspace: 6296K(6464K)->6296K(6464K) NonClass: 5763K(5824K)->5763K(5824K) Class: 532K(640K)->532K(640K)
[157.271s][info][gc             ] GC(447) Pause Full (Ergonomics) 361M->361M(409M) 378.247ms
[157.271s][info][gc,cpu         ] GC(447) User=0.36s Sys=0.00s Real=0.38s
[157.271s][info][gc,start       ] GC(448) Pause Full (Ergonomics)
[157.271s][info][gc,phases,start] GC(448) Marking Phase
[157.553s][info][gc,phases      ] GC(448) Marking Phase 282.365ms
[157.554s][info][gc,phases,start] GC(448) Summary Phase
[157.554s][info][gc,phases      ] GC(448) Summary Phase 0.035ms
[157.554s][info][gc,phases,start] GC(448) Adjust Roots
[157.554s][info][gc,phases      ] GC(448) Adjust Roots 0.274ms
[157.554s][info][gc,phases,start] GC(448) Compaction Phase
[157.649s][info][gc,phases      ] GC(448) Compaction Phase 95.174ms
[157.649s][info][gc,phases,start] GC(448) Post Compact
[157.651s][info][gc,phases      ] GC(448) Post Compact 1.513ms
[157.651s][info][gc,heap        ] GC(448) PSYoungGen: 33771K(77312K)->33771K(77312K) Eden: 24575K(24576K)->24575K(24576K) From: 9195K(52736K)->9195K(52736K)
[157.651s][info][gc,heap        ] GC(448) ParOldGen: 336084K(341504K)->336084K(341504K)
[157.651s][info][gc,metaspace   ] GC(448) Metaspace: 6296K(6464K)->6296K(6464K) NonClass: 5763K(5824K)->5763K(5824K) Class: 532K(640K)->532K(640K)
[157.651s][info][gc             ] GC(448) Pause Full (Ergonomics) 361M->361M(409M) 379.842ms
[157.651s][info][gc,cpu         ] GC(448) User=0.34s Sys=0.00s Real=0.38s
[157.651s][info][gc,start       ] GC(449) Pause Full (Ergonomics)
[157.651s][info][gc,phases,start] GC(449) Marking Phase
[157.935s][info][gc,phases      ] GC(449) Marking Phase 283.882ms
[157.935s][info][gc,phases,start] GC(449) Summary Phase
[157.935s][info][gc,phases      ] GC(449) Summary Phase 0.023ms
[157.935s][info][gc,phases,start] GC(449) Adjust Roots
[157.935s][info][gc,phases      ] GC(449) Adjust Roots 0.224ms
[157.936s][info][gc,phases,start] GC(449) Compaction Phase
[158.031s][info][gc,phases      ] GC(449) Compaction Phase 95.266ms
[158.031s][info][gc,phases,start] GC(449) Post Compact
[158.032s][info][gc,phases      ] GC(449) Post Compact 1.506ms
[158.032s][info][gc,heap        ] GC(449) PSYoungGen: 33771K(77312K)->33771K(77312K) Eden: 24575K(24576K)->24575K(24576K) From: 9195K(52736K)->9195K(52736K)
[158.032s][info][gc,heap        ] GC(449) ParOldGen: 336088K(341504K)->336088K(341504K)
[158.032s][info][gc,metaspace   ] GC(449) Metaspace: 6296K(6464K)->6296K(6464K) NonClass: 5763K(5824K)->5763K(5824K) Class: 532K(640K)->532K(640K)
[158.032s][info][gc             ] GC(449) Pause Full (Ergonomics) 361M->361M(409M) 381.251ms
[158.032s][info][gc,cpu         ] GC(449) User=0.36s Sys=0.00s Real=0.38s
[158.033s][info][gc,start       ] GC(450) Pause Full (Ergonomics)
[158.033s][info][gc,phases,start] GC(450) Marking Phase
[158.315s][info][gc,phases      ] GC(450) Marking Phase 281.946ms
[158.315s][info][gc,phases,start] GC(450) Summary Phase
[158.315s][info][gc,phases      ] GC(450) Summary Phase 0.023ms
[158.315s][info][gc,phases,start] GC(450) Adjust Roots
[158.315s][info][gc,phases      ] GC(450) Adjust Roots 0.212ms
[158.315s][info][gc,phases,start] GC(450) Compaction Phase
[158.417s][info][gc,phases      ] GC(450) Compaction Phase 101.260ms
[158.417s][info][gc,phases,start] GC(450) Post Compact
[158.419s][info][gc,phases      ] GC(450) Post Compact 1.748ms
[158.419s][info][gc,heap        ] GC(450) PSYoungGen: 33771K(77312K)->33771K(77312K) Eden: 24575K(24576K)->24575K(24576K) From: 9195K(52736K)->9195K(52736K)
[158.419s][info][gc,heap        ] GC(450) ParOldGen: 336093K(341504K)->336093K(341504K)
[158.419s][info][gc,metaspace   ] GC(450) Metaspace: 6296K(6464K)->6296K(6464K) NonClass: 5763K(5824K)->5763K(5824K) Class: 532K(640K)->532K(640K)
[158.419s][info][gc             ] GC(450) Pause Full (Ergonomics) 361M->361M(409M) 385.527ms
[158.419s][info][gc,cpu         ] GC(450) User=0.36s Sys=0.00s Real=0.39s
[158.419s][info][gc,start       ] GC(451) Pause Full (Ergonomics)
[158.419s][info][gc,phases,start] GC(451) Marking Phase
[158.699s][info][gc,phases      ] GC(451) Marking Phase 279.661ms
[158.699s][info][gc,phases,start] GC(451) Summary Phase
[158.699s][info][gc,phases      ] GC(451) Summary Phase 0.023ms
[158.699s][info][gc,phases,start] GC(451) Adjust Roots
[158.699s][info][gc,phases      ] GC(451) Adjust Roots 0.191ms
[158.699s][info][gc,phases,start] GC(451) Compaction Phase
[158.793s][info][gc,phases      ] GC(451) Compaction Phase 94.517ms
[158.794s][info][gc,phases,start] GC(451) Post Compact
[158.795s][info][gc,phases      ] GC(451) Post Compact 1.685ms
[158.795s][info][gc,heap        ] GC(451) PSYoungGen: 33771K(77312K)->33771K(77312K) Eden: 24575K(24576K)->24575K(24576K) From: 9195K(52736K)->9195K(52736K)
[158.795s][info][gc,heap        ] GC(451) ParOldGen: 336098K(341504K)->336098K(341504K)
[158.795s][info][gc,metaspace   ] GC(451) Metaspace: 6296K(6464K)->6296K(6464K) NonClass: 5763K(5824K)->5763K(5824K) Class: 532K(640K)->532K(640K)
[158.795s][info][gc             ] GC(451) Pause Full (Ergonomics) 361M->361M(409M) 376.438ms
[158.795s][info][gc,cpu         ] GC(451) User=0.33s Sys=0.02s Real=0.38s
[158.796s][info][gc,start       ] GC(452) Pause Full (Ergonomics)
[158.796s][info][gc,phases,start] GC(452) Marking Phase
[159.076s][info][gc,phases      ] GC(452) Marking Phase 280.294ms
[159.076s][info][gc,phases,start] GC(452) Summary Phase
[159.076s][info][gc,phases      ] GC(452) Summary Phase 0.019ms
[159.076s][info][gc,phases,start] GC(452) Adjust Roots
[159.076s][info][gc,phases      ] GC(452) Adjust Roots 0.308ms
[159.076s][info][gc,phases,start] GC(452) Compaction Phase
[159.173s][info][gc,phases      ] GC(452) Compaction Phase 96.657ms
[159.173s][info][gc,phases,start] GC(452) Post Compact
[159.175s][info][gc,phases      ] GC(452) Post Compact 1.546ms
[159.175s][info][gc,heap        ] GC(452) PSYoungGen: 33771K(77312K)->33771K(77312K) Eden: 24575K(24576K)->24575K(24576K) From: 9195K(52736K)->9195K(52736K)
[159.175s][info][gc,heap        ] GC(452) ParOldGen: 336102K(341504K)->336102K(341504K)
[159.175s][info][gc,metaspace   ] GC(452) Metaspace: 6296K(6464K)->6296K(6464K) NonClass: 5763K(5824K)->5763K(5824K) Class: 532K(640K)->532K(640K)
[159.175s][info][gc             ] GC(452) Pause Full (Ergonomics) 361M->361M(409M) 379.175ms
[159.175s][info][gc,cpu         ] GC(452) User=0.36s Sys=0.00s Real=0.38s
[159.175s][info][gc,start       ] GC(453) Pause Full (Ergonomics)
[159.175s][info][gc,phases,start] GC(453) Marking Phase
[159.455s][info][gc,phases      ] GC(453) Marking Phase 280.251ms
[159.456s][info][gc,phases,start] GC(453) Summary Phase
[159.456s][info][gc,phases      ] GC(453) Summary Phase 0.024ms
[159.456s][info][gc,phases,start] GC(453) Adjust Roots
[159.456s][info][gc,phases      ] GC(453) Adjust Roots 0.208ms
[159.456s][info][gc,phases,start] GC(453) Compaction Phase
[159.551s][info][gc,phases      ] GC(453) Compaction Phase 95.240ms
[159.551s][info][gc,phases,start] GC(453) Post Compact
[159.553s][info][gc,phases      ] GC(453) Post Compact 1.521ms
[159.553s][info][gc,heap        ] GC(453) PSYoungGen: 33771K(77312K)->33771K(77312K) Eden: 24575K(24576K)->24575K(24576K) From: 9195K(52736K)->9195K(52736K)
[159.553s][info][gc,heap        ] GC(453) ParOldGen: 336107K(341504K)->336107K(341504K)
[159.553s][info][gc,metaspace   ] GC(453) Metaspace: 6296K(6464K)->6296K(6464K) NonClass: 5763K(5824K)->5763K(5824K) Class: 532K(640K)->532K(640K)
[159.553s][info][gc             ] GC(453) Pause Full (Ergonomics) 361M->361M(409M) 377.587ms
[159.553s][info][gc,cpu         ] GC(453) User=0.38s Sys=0.00s Real=0.38s
[159.553s][info][gc,start       ] GC(454) Pause Full (Ergonomics)
[159.553s][info][gc,phases,start] GC(454) Marking Phase
[159.835s][info][gc,phases      ] GC(454) Marking Phase 281.795ms
[159.835s][info][gc,phases,start] GC(454) Summary Phase
[159.835s][info][gc,phases      ] GC(454) Summary Phase 0.022ms
[159.835s][info][gc,phases,start] GC(454) Adjust Roots
[159.835s][info][gc,phases      ] GC(454) Adjust Roots 0.183ms
[159.835s][info][gc,phases,start] GC(454) Compaction Phase
[159.934s][info][gc,phases      ] GC(454) Compaction Phase 98.584ms
[159.934s][info][gc,phases,start] GC(454) Post Compact
[159.935s][info][gc,phases      ] GC(454) Post Compact 1.721ms
[159.936s][info][gc,heap        ] GC(454) PSYoungGen: 33771K(77312K)->33771K(77312K) Eden: 24575K(24576K)->24575K(24576K) From: 9195K(52736K)->9195K(52736K)
[159.936s][info][gc,heap        ] GC(454) ParOldGen: 336112K(341504K)->336112K(341504K)
[159.936s][info][gc,metaspace   ] GC(454) Metaspace: 6296K(6464K)->6296K(6464K) NonClass: 5763K(5824K)->5763K(5824K) Class: 532K(640K)->532K(640K)
[159.936s][info][gc             ] GC(454) Pause Full (Ergonomics) 361M->361M(409M) 382.726ms
[159.936s][info][gc,cpu         ] GC(454) User=0.36s Sys=0.00s Real=0.38s
[159.936s][info][gc,start       ] GC(455) Pause Full (Ergonomics)
[159.936s][info][gc,phases,start] GC(455) Marking Phase
[160.217s][info][gc,phases      ] GC(455) Marking Phase 281.402ms
[160.217s][info][gc,phases,start] GC(455) Summary Phase
[160.217s][info][gc,phases      ] GC(455) Summary Phase 0.023ms
[160.217s][info][gc,phases,start] GC(455) Adjust Roots
[160.218s][info][gc,phases      ] GC(455) Adjust Roots 0.200ms
[160.218s][info][gc,phases,start] GC(455) Compaction Phase
[160.312s][info][gc,phases      ] GC(455) Compaction Phase 94.236ms
[160.312s][info][gc,phases,start] GC(455) Post Compact
[160.314s][info][gc,phases      ] GC(455) Post Compact 1.500ms
[160.314s][info][gc,heap        ] GC(455) PSYoungGen: 33771K(77312K)->33771K(77312K) Eden: 24575K(24576K)->24575K(24576K) From: 9195K(52736K)->9195K(52736K)
[160.314s][info][gc,heap        ] GC(455) ParOldGen: 336116K(341504K)->336116K(341504K)
[160.314s][info][gc,metaspace   ] GC(455) Metaspace: 6296K(6464K)->6296K(6464K) NonClass: 5763K(5824K)->5763K(5824K) Class: 532K(640K)->532K(640K)
[160.314s][info][gc             ] GC(455) Pause Full (Ergonomics) 361M->361M(409M) 377.817ms
[160.314s][info][gc,cpu         ] GC(455) User=0.38s Sys=0.00s Real=0.38s
[160.314s][info][gc,start       ] GC(456) Pause Full (Ergonomics)
[160.314s][info][gc,phases,start] GC(456) Marking Phase
[160.596s][info][gc,phases      ] GC(456) Marking Phase 281.801ms
[160.596s][info][gc,phases,start] GC(456) Summary Phase
[160.596s][info][gc,phases      ] GC(456) Summary Phase 0.023ms
[160.596s][info][gc,phases,start] GC(456) Adjust Roots
[160.596s][info][gc,phases      ] GC(456) Adjust Roots 0.204ms
[160.596s][info][gc,phases,start] GC(456) Compaction Phase
[160.692s][info][gc,phases      ] GC(456) Compaction Phase 95.770ms
[160.692s][info][gc,phases,start] GC(456) Post Compact
[160.694s][info][gc,phases      ] GC(456) Post Compact 1.529ms
[160.694s][info][gc,heap        ] GC(456) PSYoungGen: 33771K(77312K)->33771K(77312K) Eden: 24575K(24576K)->24575K(24576K) From: 9195K(52736K)->9195K(52736K)
[160.694s][info][gc,heap        ] GC(456) ParOldGen: 336121K(341504K)->336121K(341504K)
[160.694s][info][gc,metaspace   ] GC(456) Metaspace: 6296K(6464K)->6296K(6464K) NonClass: 5763K(5824K)->5763K(5824K) Class: 532K(640K)->532K(640K)
[160.694s][info][gc             ] GC(456) Pause Full (Ergonomics) 361M->361M(409M) 379.651ms
[160.694s][info][gc,cpu         ] GC(456) User=0.38s Sys=0.00s Real=0.38s
[160.694s][info][gc,start       ] GC(457) Pause Full (Ergonomics)
[160.694s][info][gc,phases,start] GC(457) Marking Phase
[160.977s][info][gc,phases      ] GC(457) Marking Phase 283.152ms
[160.977s][info][gc,phases,start] GC(457) Summary Phase
[160.977s][info][gc,phases      ] GC(457) Summary Phase 0.018ms
[160.977s][info][gc,phases,start] GC(457) Adjust Roots
[160.978s][info][gc,phases      ] GC(457) Adjust Roots 0.244ms
[160.978s][info][gc,phases,start] GC(457) Compaction Phase
[161.075s][info][gc,phases      ] GC(457) Compaction Phase 96.747ms
[161.075s][info][gc,phases,start] GC(457) Post Compact
[161.076s][info][gc,phases      ] GC(457) Post Compact 1.552ms
[161.076s][info][gc,heap        ] GC(457) PSYoungGen: 33771K(77312K)->33771K(77312K) Eden: 24575K(24576K)->24575K(24576K) From: 9195K(52736K)->9195K(52736K)
[161.076s][info][gc,heap        ] GC(457) ParOldGen: 336126K(341504K)->336126K(341504K)
[161.076s][info][gc,metaspace   ] GC(457) Metaspace: 6296K(6464K)->6296K(6464K) NonClass: 5763K(5824K)->5763K(5824K) Class: 532K(640K)->532K(640K)
[161.076s][info][gc             ] GC(457) Pause Full (Ergonomics) 361M->361M(409M) 382.062ms
[161.076s][info][gc,cpu         ] GC(457) User=0.34s Sys=0.00s Real=0.38s
[161.077s][info][gc,start       ] GC(458) Pause Full (Ergonomics)
[161.077s][info][gc,phases,start] GC(458) Marking Phase
[161.358s][info][gc,phases      ] GC(458) Marking Phase 281.788ms
[161.358s][info][gc,phases,start] GC(458) Summary Phase
[161.358s][info][gc,phases      ] GC(458) Summary Phase 0.023ms
[161.358s][info][gc,phases,start] GC(458) Adjust Roots
[161.359s][info][gc,phases      ] GC(458) Adjust Roots 0.214ms
[161.359s][info][gc,phases,start] GC(458) Compaction Phase
[161.454s][info][gc,phases      ] GC(458) Compaction Phase 95.269ms
[161.454s][info][gc,phases,start] GC(458) Post Compact
[161.456s][info][gc,phases      ] GC(458) Post Compact 1.530ms
[161.456s][info][gc,heap        ] GC(458) PSYoungGen: 33771K(77312K)->33771K(77312K) Eden: 24575K(24576K)->24575K(24576K) From: 9195K(52736K)->9195K(52736K)
[161.456s][info][gc,heap        ] GC(458) ParOldGen: 336130K(341504K)->336130K(341504K)
[161.456s][info][gc,metaspace   ] GC(458) Metaspace: 6296K(6464K)->6296K(6464K) NonClass: 5763K(5824K)->5763K(5824K) Class: 532K(640K)->532K(640K)
[161.456s][info][gc             ] GC(458) Pause Full (Ergonomics) 361M->361M(409M) 379.155ms
[161.456s][info][gc,cpu         ] GC(458) User=0.36s Sys=0.00s Real=0.38s
[161.456s][info][gc,start       ] GC(459) Pause Full (Ergonomics)
[161.456s][info][gc,phases,start] GC(459) Marking Phase
[161.736s][info][gc,phases      ] GC(459) Marking Phase 280.327ms
[161.736s][info][gc,phases,start] GC(459) Summary Phase
[161.736s][info][gc,phases      ] GC(459) Summary Phase 0.023ms
[161.736s][info][gc,phases,start] GC(459) Adjust Roots
[161.737s][info][gc,phases      ] GC(459) Adjust Roots 0.215ms
[161.737s][info][gc,phases,start] GC(459) Compaction Phase
[161.829s][info][gc,phases      ] GC(459) Compaction Phase 92.696ms
[161.829s][info][gc,phases,start] GC(459) Post Compact
[161.831s][info][gc,phases      ] GC(459) Post Compact 1.688ms
[161.831s][info][gc,heap        ] GC(459) PSYoungGen: 33771K(77312K)->33771K(77312K) Eden: 24575K(24576K)->24575K(24576K) From: 9195K(52736K)->9195K(52736K)
[161.831s][info][gc,heap        ] GC(459) ParOldGen: 336135K(341504K)->336135K(341504K)
[161.831s][info][gc,metaspace   ] GC(459) Metaspace: 6296K(6464K)->6296K(6464K) NonClass: 5763K(5824K)->5763K(5824K) Class: 532K(640K)->532K(640K)
[161.831s][info][gc             ] GC(459) Pause Full (Ergonomics) 361M->361M(409M) 375.365ms
[161.831s][info][gc,cpu         ] GC(459) User=0.36s Sys=0.00s Real=0.38s
[161.832s][info][gc,start       ] GC(460) Pause Full (Ergonomics)
[161.832s][info][gc,phases,start] GC(460) Marking Phase
[162.118s][info][gc,phases      ] GC(460) Marking Phase 285.877ms
[162.118s][info][gc,phases,start] GC(460) Summary Phase
[162.118s][info][gc,phases      ] GC(460) Summary Phase 0.024ms
[162.118s][info][gc,phases,start] GC(460) Adjust Roots
[162.118s][info][gc,phases      ] GC(460) Adjust Roots 0.219ms
[162.118s][info][gc,phases,start] GC(460) Compaction Phase
[162.215s][info][gc,phases      ] GC(460) Compaction Phase 97.415ms
[162.215s][info][gc,phases,start] GC(460) Post Compact
[162.217s][info][gc,phases      ] GC(460) Post Compact 1.533ms
[162.217s][info][gc,heap        ] GC(460) PSYoungGen: 33771K(77312K)->33771K(77312K) Eden: 24575K(24576K)->24575K(24576K) From: 9195K(52736K)->9195K(52736K)
[162.217s][info][gc,heap        ] GC(460) ParOldGen: 336140K(341504K)->336140K(341504K)
[162.217s][info][gc,metaspace   ] GC(460) Metaspace: 6296K(6464K)->6296K(6464K) NonClass: 5763K(5824K)->5763K(5824K) Class: 532K(640K)->532K(640K)
[162.217s][info][gc             ] GC(460) Pause Full (Ergonomics) 361M->361M(409M) 385.399ms
[162.217s][info][gc,cpu         ] GC(460) User=0.36s Sys=0.00s Real=0.38s
[162.217s][info][gc,start       ] GC(461) Pause Full (Ergonomics)
[162.217s][info][gc,phases,start] GC(461) Marking Phase
[162.499s][info][gc,phases      ] GC(461) Marking Phase 281.345ms
[162.499s][info][gc,phases,start] GC(461) Summary Phase
[162.499s][info][gc,phases      ] GC(461) Summary Phase 0.023ms
[162.499s][info][gc,phases,start] GC(461) Adjust Roots
[162.499s][info][gc,phases      ] GC(461) Adjust Roots 0.207ms
[162.499s][info][gc,phases,start] GC(461) Compaction Phase
[162.593s][info][gc,phases      ] GC(461) Compaction Phase 94.382ms
[162.593s][info][gc,phases,start] GC(461) Post Compact
[162.595s][info][gc,phases      ] GC(461) Post Compact 1.723ms
[162.595s][info][gc,heap        ] GC(461) PSYoungGen: 33771K(77312K)->33771K(77312K) Eden: 24575K(24576K)->24575K(24576K) From: 9195K(52736K)->9195K(52736K)
[162.595s][info][gc,heap        ] GC(461) ParOldGen: 336144K(341504K)->336144K(341504K)
[162.595s][info][gc,metaspace   ] GC(461) Metaspace: 6296K(6464K)->6296K(6464K) NonClass: 5763K(5824K)->5763K(5824K) Class: 532K(640K)->532K(640K)
[162.595s][info][gc             ] GC(461) Pause Full (Ergonomics) 361M->361M(409M) 378.005ms
[162.595s][info][gc,cpu         ] GC(461) User=0.36s Sys=0.00s Real=0.38s
[162.595s][info][gc,start       ] GC(462) Pause Full (Ergonomics)
[162.596s][info][gc,phases,start] GC(462) Marking Phase
[162.879s][info][gc,phases      ] GC(462) Marking Phase 283.892ms
[162.879s][info][gc,phases,start] GC(462) Summary Phase
[162.879s][info][gc,phases      ] GC(462) Summary Phase 0.024ms
[162.880s][info][gc,phases,start] GC(462) Adjust Roots
[162.880s][info][gc,phases      ] GC(462) Adjust Roots 0.295ms
[162.880s][info][gc,phases,start] GC(462) Compaction Phase
[162.980s][info][gc,phases      ] GC(462) Compaction Phase 100.349ms
[162.980s][info][gc,phases,start] GC(462) Post Compact
[162.982s][info][gc,phases      ] GC(462) Post Compact 1.933ms
[162.982s][info][gc,heap        ] GC(462) PSYoungGen: 33771K(77312K)->33771K(77312K) Eden: 24575K(24576K)->24575K(24576K) From: 9195K(52736K)->9195K(52736K)
[162.982s][info][gc,heap        ] GC(462) ParOldGen: 336149K(341504K)->336149K(341504K)
[162.982s][info][gc,metaspace   ] GC(462) Metaspace: 6296K(6464K)->6296K(6464K) NonClass: 5763K(5824K)->5763K(5824K) Class: 532K(640K)->532K(640K)
[162.982s][info][gc             ] GC(462) Pause Full (Ergonomics) 361M->361M(409M) 386.871ms
[162.982s][info][gc,cpu         ] GC(462) User=0.36s Sys=0.00s Real=0.39s
[162.983s][info][gc,start       ] GC(463) Pause Full (Ergonomics)
[162.983s][info][gc,phases,start] GC(463) Marking Phase
[163.277s][info][gc,phases      ] GC(463) Marking Phase 294.208ms
[163.277s][info][gc,phases,start] GC(463) Summary Phase
[163.277s][info][gc,phases      ] GC(463) Summary Phase 0.025ms
[163.277s][info][gc,phases,start] GC(463) Adjust Roots
[163.277s][info][gc,phases      ] GC(463) Adjust Roots 0.196ms
[163.277s][info][gc,phases,start] GC(463) Compaction Phase
[163.371s][info][gc,phases      ] GC(463) Compaction Phase 93.407ms
[163.371s][info][gc,phases,start] GC(463) Post Compact
[163.372s][info][gc,phases      ] GC(463) Post Compact 1.629ms
[163.372s][info][gc,heap        ] GC(463) PSYoungGen: 33771K(77312K)->33771K(77312K) Eden: 24575K(24576K)->24575K(24576K) From: 9195K(52736K)->9195K(52736K)
[163.372s][info][gc,heap        ] GC(463) ParOldGen: 336154K(341504K)->336154K(341504K)
[163.372s][info][gc,metaspace   ] GC(463) Metaspace: 6296K(6464K)->6296K(6464K) NonClass: 5763K(5824K)->5763K(5824K) Class: 532K(640K)->532K(640K)
[163.372s][info][gc             ] GC(463) Pause Full (Ergonomics) 361M->361M(409M) 389.782ms
[163.372s][info][gc,cpu         ] GC(463) User=0.36s Sys=0.00s Real=0.39s
[163.373s][info][gc,start       ] GC(464) Pause Full (Ergonomics)
[163.373s][info][gc,phases,start] GC(464) Marking Phase
[163.654s][info][gc,phases      ] GC(464) Marking Phase 281.550ms
[163.654s][info][gc,phases,start] GC(464) Summary Phase
[163.654s][info][gc,phases      ] GC(464) Summary Phase 0.023ms
[163.654s][info][gc,phases,start] GC(464) Adjust Roots
[163.655s][info][gc,phases      ] GC(464) Adjust Roots 0.290ms
[163.655s][info][gc,phases,start] GC(464) Compaction Phase
[163.752s][info][gc,phases      ] GC(464) Compaction Phase 97.164ms
[163.752s][info][gc,phases,start] GC(464) Post Compact
[163.753s][info][gc,phases      ] GC(464) Post Compact 1.537ms
[163.753s][info][gc,heap        ] GC(464) PSYoungGen: 33771K(77312K)->33771K(77312K) Eden: 24575K(24576K)->24575K(24576K) From: 9195K(52736K)->9195K(52736K)
[163.753s][info][gc,heap        ] GC(464) ParOldGen: 336158K(341504K)->336158K(341504K)
[163.754s][info][gc,metaspace   ] GC(464) Metaspace: 6296K(6464K)->6296K(6464K) NonClass: 5763K(5824K)->5763K(5824K) Class: 532K(640K)->532K(640K)
[163.754s][info][gc             ] GC(464) Pause Full (Ergonomics) 361M->361M(409M) 380.901ms
[163.754s][info][gc,cpu         ] GC(464) User=0.33s Sys=0.00s Real=0.38s
[163.754s][info][gc,start       ] GC(465) Pause Full (Ergonomics)
[163.754s][info][gc,phases,start] GC(465) Marking Phase
[164.038s][info][gc,phases      ] GC(465) Marking Phase 284.375ms
[164.038s][info][gc,phases,start] GC(465) Summary Phase
[164.038s][info][gc,phases      ] GC(465) Summary Phase 0.019ms
[164.038s][info][gc,phases,start] GC(465) Adjust Roots
[164.039s][info][gc,phases      ] GC(465) Adjust Roots 0.278ms
[164.039s][info][gc,phases,start] GC(465) Compaction Phase
[164.137s][info][gc,phases      ] GC(465) Compaction Phase 98.854ms
[164.137s][info][gc,phases,start] GC(465) Post Compact
[164.139s][info][gc,phases      ] GC(465) Post Compact 1.592ms
[164.139s][info][gc,heap        ] GC(465) PSYoungGen: 33771K(77312K)->33771K(77312K) Eden: 24575K(24576K)->24575K(24576K) From: 9195K(52736K)->9195K(52736K)
[164.139s][info][gc,heap        ] GC(465) ParOldGen: 336163K(341504K)->336163K(341504K)
[164.139s][info][gc,metaspace   ] GC(465) Metaspace: 6296K(6464K)->6296K(6464K) NonClass: 5763K(5824K)->5763K(5824K) Class: 532K(640K)->532K(640K)
[164.139s][info][gc             ] GC(465) Pause Full (Ergonomics) 361M->361M(409M) 385.441ms
[164.139s][info][gc,cpu         ] GC(465) User=0.36s Sys=0.00s Real=0.38s
[164.140s][info][gc,start       ] GC(466) Pause Full (Ergonomics)
[164.140s][info][gc,phases,start] GC(466) Marking Phase
[164.421s][info][gc,phases      ] GC(466) Marking Phase 281.312ms
[164.421s][info][gc,phases,start] GC(466) Summary Phase
[164.421s][info][gc,phases      ] GC(466) Summary Phase 0.019ms
[164.421s][info][gc,phases,start] GC(466) Adjust Roots
[164.421s][info][gc,phases      ] GC(466) Adjust Roots 0.245ms
[164.421s][info][gc,phases,start] GC(466) Compaction Phase
[164.519s][info][gc,phases      ] GC(466) Compaction Phase 97.340ms
[164.519s][info][gc,phases,start] GC(466) Post Compact
[164.520s][info][gc,phases      ] GC(466) Post Compact 1.543ms
[164.520s][info][gc,heap        ] GC(466) PSYoungGen: 33771K(77312K)->33771K(77312K) Eden: 24575K(24576K)->24575K(24576K) From: 9195K(52736K)->9195K(52736K)
[164.520s][info][gc,heap        ] GC(466) ParOldGen: 336168K(341504K)->336168K(341504K)
[164.520s][info][gc,metaspace   ] GC(466) Metaspace: 6296K(6464K)->6296K(6464K) NonClass: 5763K(5824K)->5763K(5824K) Class: 532K(640K)->532K(640K)
[164.520s][info][gc             ] GC(466) Pause Full (Ergonomics) 361M->361M(409M) 380.772ms
[164.520s][info][gc,cpu         ] GC(466) User=0.34s Sys=0.00s Real=0.38s
[164.521s][info][gc,start       ] GC(467) Pause Full (Ergonomics)
[164.521s][info][gc,phases,start] GC(467) Marking Phase
[164.803s][info][gc,phases      ] GC(467) Marking Phase 282.195ms
[164.803s][info][gc,phases,start] GC(467) Summary Phase
[164.803s][info][gc,phases      ] GC(467) Summary Phase 0.022ms
[164.803s][info][gc,phases,start] GC(467) Adjust Roots
[164.803s][info][gc,phases      ] GC(467) Adjust Roots 0.221ms
[164.803s][info][gc,phases,start] GC(467) Compaction Phase
[164.899s][info][gc,phases      ] GC(467) Compaction Phase 95.558ms
[164.899s][info][gc,phases,start] GC(467) Post Compact
[164.900s][info][gc,phases      ] GC(467) Post Compact 1.558ms
[164.901s][info][gc,heap        ] GC(467) PSYoungGen: 33771K(77312K)->33771K(77312K) Eden: 24575K(24576K)->24575K(24576K) From: 9195K(52736K)->9195K(52736K)
[164.901s][info][gc,heap        ] GC(467) ParOldGen: 336172K(341504K)->336172K(341504K)
[164.901s][info][gc,metaspace   ] GC(467) Metaspace: 6296K(6464K)->6296K(6464K) NonClass: 5763K(5824K)->5763K(5824K) Class: 532K(640K)->532K(640K)
[164.901s][info][gc             ] GC(467) Pause Full (Ergonomics) 361M->361M(409M) 379.894ms
[164.901s][info][gc,cpu         ] GC(467) User=0.34s Sys=0.00s Real=0.38s
[164.901s][info][gc,start       ] GC(468) Pause Full (Ergonomics)
[164.901s][info][gc,phases,start] GC(468) Marking Phase
[165.184s][info][gc,phases      ] GC(468) Marking Phase 283.369ms
[165.184s][info][gc,phases,start] GC(468) Summary Phase
[165.184s][info][gc,phases      ] GC(468) Summary Phase 0.087ms
[165.184s][info][gc,phases,start] GC(468) Adjust Roots
[165.185s][info][gc,phases      ] GC(468) Adjust Roots 0.266ms
[165.185s][info][gc,phases,start] GC(468) Compaction Phase
[165.280s][info][gc,phases      ] GC(468) Compaction Phase 94.808ms
[165.280s][info][gc,phases,start] GC(468) Post Compact
[165.281s][info][gc,phases      ] GC(468) Post Compact 1.523ms
[165.281s][info][gc,heap        ] GC(468) PSYoungGen: 33771K(77312K)->33771K(77312K) Eden: 24575K(24576K)->24575K(24576K) From: 9195K(52736K)->9195K(52736K)
[165.281s][info][gc,heap        ] GC(468) ParOldGen: 336177K(341504K)->336177K(341504K)
[165.281s][info][gc,metaspace   ] GC(468) Metaspace: 6296K(6464K)->6296K(6464K) NonClass: 5763K(5824K)->5763K(5824K) Class: 532K(640K)->532K(640K)
[165.281s][info][gc             ] GC(468) Pause Full (Ergonomics) 361M->361M(409M) 380.440ms
[165.281s][info][gc,cpu         ] GC(468) User=0.34s Sys=0.00s Real=0.38s
[165.282s][info][gc,start       ] GC(469) Pause Full (Ergonomics)
[165.282s][info][gc,phases,start] GC(469) Marking Phase
[165.563s][info][gc,phases      ] GC(469) Marking Phase 281.756ms
[165.563s][info][gc,phases,start] GC(469) Summary Phase
[165.564s][info][gc,phases      ] GC(469) Summary Phase 0.035ms
[165.564s][info][gc,phases,start] GC(469) Adjust Roots
[165.564s][info][gc,phases      ] GC(469) Adjust Roots 0.276ms
[165.564s][info][gc,phases,start] GC(469) Compaction Phase
[165.661s][info][gc,phases      ] GC(469) Compaction Phase 97.067ms
[165.661s][info][gc,phases,start] GC(469) Post Compact
[165.663s][info][gc,phases      ] GC(469) Post Compact 1.558ms
[165.663s][info][gc,heap        ] GC(469) PSYoungGen: 33771K(77312K)->33771K(77312K) Eden: 24575K(24576K)->24575K(24576K) From: 9195K(52736K)->9195K(52736K)
[165.663s][info][gc,heap        ] GC(469) ParOldGen: 336182K(341504K)->336182K(341504K)
[165.663s][info][gc,metaspace   ] GC(469) Metaspace: 6296K(6464K)->6296K(6464K) NonClass: 5763K(5824K)->5763K(5824K) Class: 532K(640K)->532K(640K)
[165.663s][info][gc             ] GC(469) Pause Full (Ergonomics) 361M->361M(409M) 381.063ms
[165.663s][info][gc,cpu         ] GC(469) User=0.36s Sys=0.00s Real=0.38s
[165.663s][info][gc,start       ] GC(470) Pause Full (Ergonomics)
[165.663s][info][gc,phases,start] GC(470) Marking Phase
[165.944s][info][gc,phases      ] GC(470) Marking Phase 280.842ms
[165.944s][info][gc,phases,start] GC(470) Summary Phase
[165.944s][info][gc,phases      ] GC(470) Summary Phase 0.024ms
[165.944s][info][gc,phases,start] GC(470) Adjust Roots
[165.944s][info][gc,phases      ] GC(470) Adjust Roots 0.310ms
[165.944s][info][gc,phases,start] GC(470) Compaction Phase
[166.042s][info][gc,phases      ] GC(470) Compaction Phase 97.279ms
[166.042s][info][gc,phases,start] GC(470) Post Compact
[166.043s][info][gc,phases      ] GC(470) Post Compact 1.643ms
[166.043s][info][gc,heap        ] GC(470) PSYoungGen: 33771K(77312K)->33771K(77312K) Eden: 24575K(24576K)->24575K(24576K) From: 9195K(52736K)->9195K(52736K)
[166.043s][info][gc,heap        ] GC(470) ParOldGen: 336186K(341504K)->336186K(341504K)
[166.043s][info][gc,metaspace   ] GC(470) Metaspace: 6296K(6464K)->6296K(6464K) NonClass: 5763K(5824K)->5763K(5824K) Class: 532K(640K)->532K(640K)
[166.043s][info][gc             ] GC(470) Pause Full (Ergonomics) 361M->361M(409M) 380.435ms
[166.043s][info][gc,cpu         ] GC(470) User=0.34s Sys=0.00s Real=0.38s
[166.044s][info][gc,start       ] GC(471) Pause Full (Ergonomics)
[166.044s][info][gc,phases,start] GC(471) Marking Phase
[166.332s][info][gc,phases      ] GC(471) Marking Phase 287.798ms
[166.332s][info][gc,phases,start] GC(471) Summary Phase
[166.332s][info][gc,phases      ] GC(471) Summary Phase 0.026ms
[166.332s][info][gc,phases,start] GC(471) Adjust Roots
[166.332s][info][gc,phases      ] GC(471) Adjust Roots 0.290ms
[166.332s][info][gc,phases,start] GC(471) Compaction Phase
[166.438s][info][gc,phases      ] GC(471) Compaction Phase 106.396ms
[166.438s][info][gc,phases,start] GC(471) Post Compact
[166.440s][info][gc,phases      ] GC(471) Post Compact 1.728ms
[166.440s][info][gc,heap        ] GC(471) PSYoungGen: 33771K(77312K)->33771K(77312K) Eden: 24575K(24576K)->24575K(24576K) From: 9195K(52736K)->9195K(52736K)
[166.440s][info][gc,heap        ] GC(471) ParOldGen: 336191K(341504K)->336191K(341504K)
[166.440s][info][gc,metaspace   ] GC(471) Metaspace: 6296K(6464K)->6296K(6464K) NonClass: 5763K(5824K)->5763K(5824K) Class: 532K(640K)->532K(640K)
[166.440s][info][gc             ] GC(471) Pause Full (Ergonomics) 361M->361M(409M) 396.594ms
[166.440s][info][gc,cpu         ] GC(471) User=0.36s Sys=0.00s Real=0.40s
[166.441s][info][gc,start       ] GC(472) Pause Full (Ergonomics)
[166.441s][info][gc,phases,start] GC(472) Marking Phase
[166.722s][info][gc,phases      ] GC(472) Marking Phase 281.556ms
[166.722s][info][gc,phases,start] GC(472) Summary Phase
[166.722s][info][gc,phases      ] GC(472) Summary Phase 0.023ms
[166.722s][info][gc,phases,start] GC(472) Adjust Roots
[166.722s][info][gc,phases      ] GC(472) Adjust Roots 0.187ms
[166.722s][info][gc,phases,start] GC(472) Compaction Phase
[166.816s][info][gc,phases      ] GC(472) Compaction Phase 93.964ms
[166.816s][info][gc,phases,start] GC(472) Post Compact
[166.818s][info][gc,phases      ] GC(472) Post Compact 1.518ms
[166.818s][info][gc,heap        ] GC(472) PSYoungGen: 33771K(77312K)->33771K(77312K) Eden: 24575K(24576K)->24575K(24576K) From: 9195K(52736K)->9195K(52736K)
[166.818s][info][gc,heap        ] GC(472) ParOldGen: 336196K(341504K)->336196K(341504K)
[166.818s][info][gc,metaspace   ] GC(472) Metaspace: 6296K(6464K)->6296K(6464K) NonClass: 5763K(5824K)->5763K(5824K) Class: 532K(640K)->532K(640K)
[166.818s][info][gc             ] GC(472) Pause Full (Ergonomics) 361M->361M(409M) 377.574ms
[166.818s][info][gc,cpu         ] GC(472) User=0.38s Sys=0.00s Real=0.38s
[166.818s][info][gc,start       ] GC(473) Pause Full (Ergonomics)
[166.818s][info][gc,phases,start] GC(473) Marking Phase
[167.099s][info][gc,phases      ] GC(473) Marking Phase 280.830ms
[167.099s][info][gc,phases,start] GC(473) Summary Phase
[167.099s][info][gc,phases      ] GC(473) Summary Phase 0.023ms
[167.099s][info][gc,phases,start] GC(473) Adjust Roots
[167.100s][info][gc,phases      ] GC(473) Adjust Roots 0.231ms
[167.100s][info][gc,phases,start] GC(473) Compaction Phase
[167.194s][info][gc,phases      ] GC(473) Compaction Phase 94.684ms
[167.194s][info][gc,phases,start] GC(473) Post Compact
[167.196s][info][gc,phases      ] GC(473) Post Compact 1.524ms
[167.196s][info][gc,heap        ] GC(473) PSYoungGen: 33771K(77312K)->33771K(77312K) Eden: 24575K(24576K)->24575K(24576K) From: 9195K(52736K)->9195K(52736K)
[167.196s][info][gc,heap        ] GC(473) ParOldGen: 336200K(341504K)->336200K(341504K)
[167.196s][info][gc,metaspace   ] GC(473) Metaspace: 6296K(6464K)->6296K(6464K) NonClass: 5763K(5824K)->5763K(5824K) Class: 532K(640K)->532K(640K)
[167.196s][info][gc             ] GC(473) Pause Full (Ergonomics) 361M->361M(409M) 377.662ms
[167.196s][info][gc,cpu         ] GC(473) User=0.34s Sys=0.00s Real=0.38s
[167.196s][info][gc,start       ] GC(474) Pause Full (Ergonomics)
[167.196s][info][gc,phases,start] GC(474) Marking Phase
[167.479s][info][gc,phases      ] GC(474) Marking Phase 282.475ms
[167.479s][info][gc,phases,start] GC(474) Summary Phase
[167.479s][info][gc,phases      ] GC(474) Summary Phase 0.034ms
[167.479s][info][gc,phases,start] GC(474) Adjust Roots
[167.479s][info][gc,phases      ] GC(474) Adjust Roots 0.264ms
[167.479s][info][gc,phases,start] GC(474) Compaction Phase
[167.575s][info][gc,phases      ] GC(474) Compaction Phase 95.290ms
[167.575s][info][gc,phases,start] GC(474) Post Compact
[167.576s][info][gc,phases      ] GC(474) Post Compact 1.552ms
[167.576s][info][gc,heap        ] GC(474) PSYoungGen: 33771K(77312K)->33771K(77312K) Eden: 24575K(24576K)->24575K(24576K) From: 9195K(52736K)->9195K(52736K)
[167.576s][info][gc,heap        ] GC(474) ParOldGen: 336205K(341504K)->336205K(341504K)
[167.576s][info][gc,metaspace   ] GC(474) Metaspace: 6296K(6464K)->6296K(6464K) NonClass: 5763K(5824K)->5763K(5824K) Class: 532K(640K)->532K(640K)
[167.576s][info][gc             ] GC(474) Pause Full (Ergonomics) 361M->361M(409M) 380.014ms
[167.576s][info][gc,cpu         ] GC(474) User=0.34s Sys=0.00s Real=0.38s
[167.577s][info][gc,start       ] GC(475) Pause Full (Ergonomics)
[167.577s][info][gc,phases,start] GC(475) Marking Phase
[167.859s][info][gc,phases      ] GC(475) Marking Phase 282.332ms
[167.859s][info][gc,phases,start] GC(475) Summary Phase
[167.859s][info][gc,phases      ] GC(475) Summary Phase 0.022ms
[167.859s][info][gc,phases,start] GC(475) Adjust Roots
[167.859s][info][gc,phases      ] GC(475) Adjust Roots 0.210ms
[167.859s][info][gc,phases,start] GC(475) Compaction Phase
[167.957s][info][gc,phases      ] GC(475) Compaction Phase 97.528ms
[167.957s][info][gc,phases,start] GC(475) Post Compact
[167.958s][info][gc,phases      ] GC(475) Post Compact 1.492ms
[167.959s][info][gc,heap        ] GC(475) PSYoungGen: 33771K(77312K)->33771K(77312K) Eden: 24575K(24576K)->24575K(24576K) From: 9195K(52736K)->9195K(52736K)
[167.959s][info][gc,heap        ] GC(475) ParOldGen: 336210K(341504K)->336210K(341504K)
[167.959s][info][gc,metaspace   ] GC(475) Metaspace: 6296K(6464K)->6296K(6464K) NonClass: 5763K(5824K)->5763K(5824K) Class: 532K(640K)->532K(640K)
[167.959s][info][gc             ] GC(475) Pause Full (Ergonomics) 361M->361M(409M) 381.952ms
[167.959s][info][gc,cpu         ] GC(475) User=0.38s Sys=0.00s Real=0.38s
[167.959s][info][gc,start       ] GC(476) Pause Full (Ergonomics)
[167.959s][info][gc,phases,start] GC(476) Marking Phase
[168.246s][info][gc,phases      ] GC(476) Marking Phase 286.879ms
[168.246s][info][gc,phases,start] GC(476) Summary Phase
[168.246s][info][gc,phases      ] GC(476) Summary Phase 0.024ms
[168.246s][info][gc,phases,start] GC(476) Adjust Roots
[168.246s][info][gc,phases      ] GC(476) Adjust Roots 0.219ms
[168.246s][info][gc,phases,start] GC(476) Compaction Phase
[168.343s][info][gc,phases      ] GC(476) Compaction Phase 97.065ms
[168.343s][info][gc,phases,start] GC(476) Post Compact
[168.345s][info][gc,phases      ] GC(476) Post Compact 1.620ms
[168.345s][info][gc,heap        ] GC(476) PSYoungGen: 33771K(77312K)->33771K(77312K) Eden: 24575K(24576K)->24575K(24576K) From: 9195K(52736K)->9195K(52736K)
[168.345s][info][gc,heap        ] GC(476) ParOldGen: 336214K(341504K)->336214K(341504K)
[168.345s][info][gc,metaspace   ] GC(476) Metaspace: 6296K(6464K)->6296K(6464K) NonClass: 5763K(5824K)->5763K(5824K) Class: 532K(640K)->532K(640K)
[168.345s][info][gc             ] GC(476) Pause Full (Ergonomics) 361M->361M(409M) 386.194ms
[168.345s][info][gc,cpu         ] GC(476) User=0.36s Sys=0.00s Real=0.39s
[168.345s][info][gc,start       ] GC(477) Pause Full (Ergonomics)
[168.346s][info][gc,phases,start] GC(477) Marking Phase
[168.628s][info][gc,phases      ] GC(477) Marking Phase 282.632ms
[168.628s][info][gc,phases,start] GC(477) Summary Phase
[168.628s][info][gc,phases      ] GC(477) Summary Phase 0.023ms
[168.628s][info][gc,phases,start] GC(477) Adjust Roots
[168.628s][info][gc,phases      ] GC(477) Adjust Roots 0.213ms
[168.628s][info][gc,phases,start] GC(477) Compaction Phase
[168.724s][info][gc,phases      ] GC(477) Compaction Phase 95.480ms
[168.724s][info][gc,phases,start] GC(477) Post Compact
[168.726s][info][gc,phases      ] GC(477) Post Compact 1.512ms
[168.726s][info][gc,heap        ] GC(477) PSYoungGen: 33771K(77312K)->33771K(77312K) Eden: 24575K(24576K)->24575K(24576K) From: 9195K(52736K)->9195K(52736K)
[168.726s][info][gc,heap        ] GC(477) ParOldGen: 336219K(341504K)->336219K(341504K)
[168.726s][info][gc,metaspace   ] GC(477) Metaspace: 6296K(6464K)->6296K(6464K) NonClass: 5763K(5824K)->5763K(5824K) Class: 532K(640K)->532K(640K)
[168.726s][info][gc             ] GC(477) Pause Full (Ergonomics) 361M->361M(409M) 380.240ms
[168.726s][info][gc,cpu         ] GC(477) User=0.38s Sys=0.00s Real=0.38s
[168.726s][info][gc,start       ] GC(478) Pause Full (Ergonomics)
[168.726s][info][gc,phases,start] GC(478) Marking Phase
[169.008s][info][gc,phases      ] GC(478) Marking Phase 282.322ms
[169.008s][info][gc,phases,start] GC(478) Summary Phase
[169.008s][info][gc,phases      ] GC(478) Summary Phase 0.026ms
[169.009s][info][gc,phases,start] GC(478) Adjust Roots
[169.009s][info][gc,phases      ] GC(478) Adjust Roots 0.210ms
[169.009s][info][gc,phases,start] GC(478) Compaction Phase
[169.104s][info][gc,phases      ] GC(478) Compaction Phase 94.893ms
[169.104s][info][gc,phases,start] GC(478) Post Compact
[169.105s][info][gc,phases      ] GC(478) Post Compact 1.669ms
[169.105s][info][gc,heap        ] GC(478) PSYoungGen: 33771K(77312K)->33771K(77312K) Eden: 24575K(24576K)->24575K(24576K) From: 9195K(52736K)->9195K(52736K)
[169.106s][info][gc,heap        ] GC(478) ParOldGen: 336224K(341504K)->336224K(341504K)
[169.106s][info][gc,metaspace   ] GC(478) Metaspace: 6296K(6464K)->6296K(6464K) NonClass: 5763K(5824K)->5763K(5824K) Class: 532K(640K)->532K(640K)
[169.106s][info][gc             ] GC(478) Pause Full (Ergonomics) 361M->361M(409M) 379.480ms
[169.106s][info][gc,cpu         ] GC(478) User=0.34s Sys=0.00s Real=0.38s
[169.106s][info][gc,start       ] GC(479) Pause Full (Ergonomics)
[169.106s][info][gc,phases,start] GC(479) Marking Phase
[169.388s][info][gc,phases      ] GC(479) Marking Phase 282.275ms
[169.388s][info][gc,phases,start] GC(479) Summary Phase
[169.388s][info][gc,phases      ] GC(479) Summary Phase 0.035ms
[169.388s][info][gc,phases,start] GC(479) Adjust Roots
[169.389s][info][gc,phases      ] GC(479) Adjust Roots 0.261ms
[169.389s][info][gc,phases,start] GC(479) Compaction Phase
[169.484s][info][gc,phases      ] GC(479) Compaction Phase 95.666ms
[169.484s][info][gc,phases,start] GC(479) Post Compact
[169.486s][info][gc,phases      ] GC(479) Post Compact 1.519ms
[169.486s][info][gc,heap        ] GC(479) PSYoungGen: 33771K(77312K)->33771K(77312K) Eden: 24575K(24576K)->24575K(24576K) From: 9195K(52736K)->9195K(52736K)
[169.486s][info][gc,heap        ] GC(479) ParOldGen: 336228K(341504K)->336228K(341504K)
[169.486s][info][gc,metaspace   ] GC(479) Metaspace: 6296K(6464K)->6296K(6464K) NonClass: 5763K(5824K)->5763K(5824K) Class: 532K(640K)->532K(640K)
[169.486s][info][gc             ] GC(479) Pause Full (Ergonomics) 361M->361M(409M) 380.175ms
[169.486s][info][gc,cpu         ] GC(479) User=0.34s Sys=0.00s Real=0.38s
[169.486s][info][gc,start       ] GC(480) Pause Full (Ergonomics)
[169.486s][info][gc,phases,start] GC(480) Marking Phase
[169.769s][info][gc,phases      ] GC(480) Marking Phase 282.394ms
[169.769s][info][gc,phases,start] GC(480) Summary Phase
[169.769s][info][gc,phases      ] GC(480) Summary Phase 0.022ms
[169.769s][info][gc,phases,start] GC(480) Adjust Roots
[169.769s][info][gc,phases      ] GC(480) Adjust Roots 0.246ms
[169.769s][info][gc,phases,start] GC(480) Compaction Phase
[169.864s][info][gc,phases      ] GC(480) Compaction Phase 95.288ms
[169.864s][info][gc,phases,start] GC(480) Post Compact
[169.866s][info][gc,phases      ] GC(480) Post Compact 1.543ms
[169.866s][info][gc,heap        ] GC(480) PSYoungGen: 33771K(77312K)->33771K(77312K) Eden: 24575K(24576K)->24575K(24576K) From: 9195K(52736K)->9195K(52736K)
[169.866s][info][gc,heap        ] GC(480) ParOldGen: 336233K(341504K)->336233K(341504K)
[169.866s][info][gc,metaspace   ] GC(480) Metaspace: 6296K(6464K)->6296K(6464K) NonClass: 5763K(5824K)->5763K(5824K) Class: 532K(640K)->532K(640K)
[169.866s][info][gc             ] GC(480) Pause Full (Ergonomics) 361M->361M(409M) 379.839ms
[169.866s][info][gc,cpu         ] GC(480) User=0.38s Sys=0.00s Real=0.38s
[169.866s][info][gc,start       ] GC(481) Pause Full (Ergonomics)
[169.866s][info][gc,phases,start] GC(481) Marking Phase
[170.149s][info][gc,phases      ] GC(481) Marking Phase 282.162ms
[170.149s][info][gc,phases,start] GC(481) Summary Phase
[170.149s][info][gc,phases      ] GC(481) Summary Phase 0.035ms
[170.149s][info][gc,phases,start] GC(481) Adjust Roots
[170.149s][info][gc,phases      ] GC(481) Adjust Roots 0.214ms
[170.149s][info][gc,phases,start] GC(481) Compaction Phase
[170.246s][info][gc,phases      ] GC(481) Compaction Phase 96.821ms
[170.246s][info][gc,phases,start] GC(481) Post Compact
[170.247s][info][gc,phases      ] GC(481) Post Compact 1.527ms
[170.248s][info][gc,heap        ] GC(481) PSYoungGen: 33771K(77312K)->33771K(77312K) Eden: 24575K(24576K)->24575K(24576K) From: 9195K(52736K)->9195K(52736K)
[170.248s][info][gc,heap        ] GC(481) ParOldGen: 336238K(341504K)->336238K(341504K)
[170.248s][info][gc,metaspace   ] GC(481) Metaspace: 6296K(6464K)->6296K(6464K) NonClass: 5763K(5824K)->5763K(5824K) Class: 532K(640K)->532K(640K)
[170.248s][info][gc             ] GC(481) Pause Full (Ergonomics) 361M->361M(409M) 381.193ms
[170.248s][info][gc,cpu         ] GC(481) User=0.34s Sys=0.00s Real=0.38s
[170.248s][info][gc,start       ] GC(482) Pause Full (Ergonomics)
[170.248s][info][gc,phases,start] GC(482) Marking Phase
[170.530s][info][gc,phases      ] GC(482) Marking Phase 282.154ms
[170.530s][info][gc,phases,start] GC(482) Summary Phase
[170.530s][info][gc,phases      ] GC(482) Summary Phase 0.022ms
[170.530s][info][gc,phases,start] GC(482) Adjust Roots
[170.531s][info][gc,phases      ] GC(482) Adjust Roots 0.249ms
[170.531s][info][gc,phases,start] GC(482) Compaction Phase
[170.626s][info][gc,phases      ] GC(482) Compaction Phase 95.793ms
[170.626s][info][gc,phases,start] GC(482) Post Compact
[170.628s][info][gc,phases      ] GC(482) Post Compact 1.518ms
[170.628s][info][gc,heap        ] GC(482) PSYoungGen: 33771K(77312K)->33771K(77312K) Eden: 24575K(24576K)->24575K(24576K) From: 9195K(52736K)->9195K(52736K)
[170.628s][info][gc,heap        ] GC(482) ParOldGen: 336242K(341504K)->336242K(341504K)
[170.628s][info][gc,metaspace   ] GC(482) Metaspace: 6296K(6464K)->6296K(6464K) NonClass: 5763K(5824K)->5763K(5824K) Class: 532K(640K)->532K(640K)
[170.628s][info][gc             ] GC(482) Pause Full (Ergonomics) 361M->361M(409M) 380.101ms
[170.628s][info][gc,cpu         ] GC(482) User=0.36s Sys=0.00s Real=0.38s
[170.628s][info][gc,start       ] GC(483) Pause Full (Ergonomics)
[170.628s][info][gc,phases,start] GC(483) Marking Phase
[170.911s][info][gc,phases      ] GC(483) Marking Phase 282.399ms
[170.911s][info][gc,phases,start] GC(483) Summary Phase
[170.911s][info][gc,phases      ] GC(483) Summary Phase 0.035ms
[170.911s][info][gc,phases,start] GC(483) Adjust Roots
[170.911s][info][gc,phases      ] GC(483) Adjust Roots 0.311ms
[170.911s][info][gc,phases,start] GC(483) Compaction Phase
[171.006s][info][gc,phases      ] GC(483) Compaction Phase 94.964ms
[171.006s][info][gc,phases,start] GC(483) Post Compact
[171.008s][info][gc,phases      ] GC(483) Post Compact 1.507ms
[171.008s][info][gc,heap        ] GC(483) PSYoungGen: 33771K(77312K)->33771K(77312K) Eden: 24575K(24576K)->24575K(24576K) From: 9195K(52736K)->9195K(52736K)
[171.008s][info][gc,heap        ] GC(483) ParOldGen: 336247K(341504K)->336247K(341504K)
[171.008s][info][gc,metaspace   ] GC(483) Metaspace: 6296K(6464K)->6296K(6464K) NonClass: 5763K(5824K)->5763K(5824K) Class: 532K(640K)->532K(640K)
[171.008s][info][gc             ] GC(483) Pause Full (Ergonomics) 361M->361M(409M) 379.615ms
[171.008s][info][gc,cpu         ] GC(483) User=0.38s Sys=0.00s Real=0.38s
[171.008s][info][gc,start       ] GC(484) Pause Full (Ergonomics)
[171.008s][info][gc,phases,start] GC(484) Marking Phase
[171.291s][info][gc,phases      ] GC(484) Marking Phase 282.540ms
[171.291s][info][gc,phases,start] GC(484) Summary Phase
[171.291s][info][gc,phases      ] GC(484) Summary Phase 0.023ms
[171.291s][info][gc,phases,start] GC(484) Adjust Roots
[171.291s][info][gc,phases      ] GC(484) Adjust Roots 0.210ms
[171.291s][info][gc,phases,start] GC(484) Compaction Phase
[171.386s][info][gc,phases      ] GC(484) Compaction Phase 94.260ms
[171.386s][info][gc,phases,start] GC(484) Post Compact
[171.387s][info][gc,phases      ] GC(484) Post Compact 1.530ms
[171.387s][info][gc,heap        ] GC(484) PSYoungGen: 33771K(77312K)->33771K(77312K) Eden: 24575K(24576K)->24575K(24576K) From: 9195K(52736K)->9195K(52736K)
[171.387s][info][gc,heap        ] GC(484) ParOldGen: 336252K(341504K)->336252K(341504K)
[171.387s][info][gc,metaspace   ] GC(484) Metaspace: 6296K(6464K)->6296K(6464K) NonClass: 5763K(5824K)->5763K(5824K) Class: 532K(640K)->532K(640K)
[171.387s][info][gc             ] GC(484) Pause Full (Ergonomics) 361M->361M(409M) 378.924ms
[171.387s][info][gc,cpu         ] GC(484) User=0.34s Sys=0.00s Real=0.38s
[171.388s][info][gc,start       ] GC(485) Pause Full (Ergonomics)
[171.388s][info][gc,phases,start] GC(485) Marking Phase
[171.667s][info][gc,phases      ] GC(485) Marking Phase 279.776ms
[171.667s][info][gc,phases,start] GC(485) Summary Phase
[171.667s][info][gc,phases      ] GC(485) Summary Phase 0.023ms
[171.668s][info][gc,phases,start] GC(485) Adjust Roots
[171.668s][info][gc,phases      ] GC(485) Adjust Roots 0.228ms
[171.668s][info][gc,phases,start] GC(485) Compaction Phase
[171.762s][info][gc,phases      ] GC(485) Compaction Phase 94.566ms
[171.762s][info][gc,phases,start] GC(485) Post Compact
[171.764s][info][gc,phases      ] GC(485) Post Compact 1.493ms
[171.764s][info][gc,heap        ] GC(485) PSYoungGen: 33771K(77312K)->33771K(77312K) Eden: 24575K(24576K)->24575K(24576K) From: 9195K(52736K)->9195K(52736K)
[171.764s][info][gc,heap        ] GC(485) ParOldGen: 336256K(341504K)->336256K(341504K)
[171.764s][info][gc,metaspace   ] GC(485) Metaspace: 6296K(6464K)->6296K(6464K) NonClass: 5763K(5824K)->5763K(5824K) Class: 532K(640K)->532K(640K)
[171.764s][info][gc             ] GC(485) Pause Full (Ergonomics) 361M->361M(409M) 376.452ms
[171.764s][info][gc,cpu         ] GC(485) User=0.34s Sys=0.00s Real=0.38s
[171.764s][info][gc,start       ] GC(486) Pause Full (Ergonomics)
[171.764s][info][gc,phases,start] GC(486) Marking Phase
[172.045s][info][gc,phases      ] GC(486) Marking Phase 280.771ms
[172.045s][info][gc,phases,start] GC(486) Summary Phase
[172.045s][info][gc,phases      ] GC(486) Summary Phase 0.023ms
[172.045s][info][gc,phases,start] GC(486) Adjust Roots
[172.045s][info][gc,phases      ] GC(486) Adjust Roots 0.228ms
[172.045s][info][gc,phases,start] GC(486) Compaction Phase
[172.140s][info][gc,phases      ] GC(486) Compaction Phase 94.187ms
[172.140s][info][gc,phases,start] GC(486) Post Compact
[172.141s][info][gc,phases      ] GC(486) Post Compact 1.504ms
[172.141s][info][gc,heap        ] GC(486) PSYoungGen: 33771K(77312K)->33771K(77312K) Eden: 24575K(24576K)->24575K(24576K) From: 9195K(52736K)->9195K(52736K)
[172.141s][info][gc,heap        ] GC(486) ParOldGen: 336261K(341504K)->336261K(341504K)
[172.141s][info][gc,metaspace   ] GC(486) Metaspace: 6296K(6464K)->6296K(6464K) NonClass: 5763K(5824K)->5763K(5824K) Class: 532K(640K)->532K(640K)
[172.141s][info][gc             ] GC(486) Pause Full (Ergonomics) 361M->361M(409M) 377.029ms
[172.141s][info][gc,cpu         ] GC(486) User=0.36s Sys=0.00s Real=0.38s
[172.142s][info][gc,start       ] GC(487) Pause Full (Ergonomics)
[172.142s][info][gc,phases,start] GC(487) Marking Phase
[172.425s][info][gc,phases      ] GC(487) Marking Phase 283.378ms
[172.425s][info][gc,phases,start] GC(487) Summary Phase
[172.425s][info][gc,phases      ] GC(487) Summary Phase 0.034ms
[172.425s][info][gc,phases,start] GC(487) Adjust Roots
[172.425s][info][gc,phases      ] GC(487) Adjust Roots 0.282ms
[172.425s][info][gc,phases,start] GC(487) Compaction Phase
[172.521s][info][gc,phases      ] GC(487) Compaction Phase 95.803ms
[172.521s][info][gc,phases,start] GC(487) Post Compact
[172.523s][info][gc,phases      ] GC(487) Post Compact 1.500ms
[172.523s][info][gc,heap        ] GC(487) PSYoungGen: 33771K(77312K)->33771K(77312K) Eden: 24575K(24576K)->24575K(24576K) From: 9195K(52736K)->9195K(52736K)
[172.523s][info][gc,heap        ] GC(487) ParOldGen: 336266K(341504K)->336266K(341504K)
[172.523s][info][gc,metaspace   ] GC(487) Metaspace: 6296K(6464K)->6296K(6464K) NonClass: 5763K(5824K)->5763K(5824K) Class: 532K(640K)->532K(640K)
[172.523s][info][gc             ] GC(487) Pause Full (Ergonomics) 361M->361M(409M) 381.397ms
[172.523s][info][gc,cpu         ] GC(487) User=0.38s Sys=0.00s Real=0.38s
[172.523s][info][gc,start       ] GC(488) Pause Full (Ergonomics)
[172.523s][info][gc,phases,start] GC(488) Marking Phase
[172.805s][info][gc,phases      ] GC(488) Marking Phase 281.681ms
[172.805s][info][gc,phases,start] GC(488) Summary Phase
[172.805s][info][gc,phases      ] GC(488) Summary Phase 0.034ms
[172.805s][info][gc,phases,start] GC(488) Adjust Roots
[172.805s][info][gc,phases      ] GC(488) Adjust Roots 0.279ms
[172.805s][info][gc,phases,start] GC(488) Compaction Phase
[172.902s][info][gc,phases      ] GC(488) Compaction Phase 96.679ms
[172.902s][info][gc,phases,start] GC(488) Post Compact
[172.904s][info][gc,phases      ] GC(488) Post Compact 1.606ms
[172.904s][info][gc,heap        ] GC(488) PSYoungGen: 33771K(77312K)->33771K(77312K) Eden: 24575K(24576K)->24575K(24576K) From: 9195K(52736K)->9195K(52736K)
[172.904s][info][gc,heap        ] GC(488) ParOldGen: 336270K(341504K)->336270K(341504K)
[172.904s][info][gc,metaspace   ] GC(488) Metaspace: 6296K(6464K)->6296K(6464K) NonClass: 5763K(5824K)->5763K(5824K) Class: 532K(640K)->532K(640K)
[172.904s][info][gc             ] GC(488) Pause Full (Ergonomics) 361M->361M(409M) 380.676ms
[172.904s][info][gc,cpu         ] GC(488) User=0.33s Sys=0.00s Real=0.38s
[172.904s][info][gc,start       ] GC(489) Pause Full (Ergonomics)
[172.904s][info][gc,phases,start] GC(489) Marking Phase
[173.212s][info][gc,phases      ] GC(489) Marking Phase 307.879ms
[173.212s][info][gc,phases,start] GC(489) Summary Phase
[173.212s][info][gc,phases      ] GC(489) Summary Phase 0.024ms
[173.212s][info][gc,phases,start] GC(489) Adjust Roots
[173.213s][info][gc,phases      ] GC(489) Adjust Roots 0.245ms
[173.213s][info][gc,phases,start] GC(489) Compaction Phase
[173.324s][info][gc,phases      ] GC(489) Compaction Phase 111.759ms
[173.324s][info][gc,phases,start] GC(489) Post Compact
[173.326s][info][gc,phases      ] GC(489) Post Compact 2.048ms
[173.327s][info][gc,heap        ] GC(489) PSYoungGen: 33771K(77312K)->33771K(77312K) Eden: 24575K(24576K)->24575K(24576K) From: 9195K(52736K)->9195K(52736K)
[173.327s][info][gc,heap        ] GC(489) ParOldGen: 336275K(341504K)->336275K(341504K)
[173.327s][info][gc,metaspace   ] GC(489) Metaspace: 6296K(6464K)->6296K(6464K) NonClass: 5763K(5824K)->5763K(5824K) Class: 532K(640K)->532K(640K)
[173.327s][info][gc             ] GC(489) Pause Full (Ergonomics) 361M->361M(409M) 422.327ms
[173.327s][info][gc,cpu         ] GC(489) User=0.33s Sys=0.00s Real=0.42s
[173.327s][info][gc,start       ] GC(490) Pause Full (Ergonomics)
[173.327s][info][gc,phases,start] GC(490) Marking Phase
[173.624s][info][gc,phases      ] GC(490) Marking Phase 297.139ms
[173.624s][info][gc,phases,start] GC(490) Summary Phase
[173.624s][info][gc,phases      ] GC(490) Summary Phase 0.021ms
[173.624s][info][gc,phases,start] GC(490) Adjust Roots
[173.624s][info][gc,phases      ] GC(490) Adjust Roots 0.188ms
[173.624s][info][gc,phases,start] GC(490) Compaction Phase
[173.722s][info][gc,phases      ] GC(490) Compaction Phase 97.938ms
[173.722s][info][gc,phases,start] GC(490) Post Compact
[173.724s][info][gc,phases      ] GC(490) Post Compact 1.520ms
[173.724s][info][gc,heap        ] GC(490) PSYoungGen: 33771K(77312K)->33771K(77312K) Eden: 24575K(24576K)->24575K(24576K) From: 9195K(52736K)->9195K(52736K)
[173.724s][info][gc,heap        ] GC(490) ParOldGen: 336280K(341504K)->336280K(341504K)
[173.724s][info][gc,metaspace   ] GC(490) Metaspace: 6296K(6464K)->6296K(6464K) NonClass: 5763K(5824K)->5763K(5824K) Class: 532K(640K)->532K(640K)
[173.724s][info][gc             ] GC(490) Pause Full (Ergonomics) 361M->361M(409M) 397.120ms
[173.724s][info][gc,cpu         ] GC(490) User=0.33s Sys=0.00s Real=0.40s
[173.724s][info][gc,start       ] GC(491) Pause Full (Ergonomics)
[173.724s][info][gc,phases,start] GC(491) Marking Phase
[174.005s][info][gc,phases      ] GC(491) Marking Phase 280.598ms
[174.005s][info][gc,phases,start] GC(491) Summary Phase
[174.005s][info][gc,phases      ] GC(491) Summary Phase 0.058ms
[174.005s][info][gc,phases,start] GC(491) Adjust Roots
[174.005s][info][gc,phases      ] GC(491) Adjust Roots 0.227ms
[174.005s][info][gc,phases,start] GC(491) Compaction Phase
[174.099s][info][gc,phases      ] GC(491) Compaction Phase 94.155ms
[174.100s][info][gc,phases,start] GC(491) Post Compact
[174.101s][info][gc,phases      ] GC(491) Post Compact 1.628ms
[174.101s][info][gc,heap        ] GC(491) PSYoungGen: 33771K(77312K)->33771K(77312K) Eden: 24575K(24576K)->24575K(24576K) From: 9195K(52736K)->9195K(52736K)
[174.101s][info][gc,heap        ] GC(491) ParOldGen: 336284K(341504K)->336284K(341504K)
[174.101s][info][gc,metaspace   ] GC(491) Metaspace: 6296K(6464K)->6296K(6464K) NonClass: 5763K(5824K)->5763K(5824K) Class: 532K(640K)->532K(640K)
[174.101s][info][gc             ] GC(491) Pause Full (Ergonomics) 361M->361M(409M) 377.035ms
[174.101s][info][gc,cpu         ] GC(491) User=0.36s Sys=0.00s Real=0.38s
[174.102s][info][gc,start       ] GC(492) Pause Full (Ergonomics)
[174.102s][info][gc,phases,start] GC(492) Marking Phase
[174.401s][info][gc,phases      ] GC(492) Marking Phase 299.837ms
[174.402s][info][gc,phases,start] GC(492) Summary Phase
[174.402s][info][gc,phases      ] GC(492) Summary Phase 0.024ms
[174.402s][info][gc,phases,start] GC(492) Adjust Roots
[174.402s][info][gc,phases      ] GC(492) Adjust Roots 0.347ms
[174.402s][info][gc,phases,start] GC(492) Compaction Phase
[174.498s][info][gc,phases      ] GC(492) Compaction Phase 96.356ms
[174.498s][info][gc,phases,start] GC(492) Post Compact
[174.500s][info][gc,phases      ] GC(492) Post Compact 1.686ms
[174.500s][info][gc,heap        ] GC(492) PSYoungGen: 33771K(77312K)->33771K(77312K) Eden: 24575K(24576K)->24575K(24576K) From: 9195K(52736K)->9195K(52736K)
[174.500s][info][gc,heap        ] GC(492) ParOldGen: 336289K(341504K)->336289K(341504K)
[174.500s][info][gc,metaspace   ] GC(492) Metaspace: 6296K(6464K)->6296K(6464K) NonClass: 5763K(5824K)->5763K(5824K) Class: 532K(640K)->532K(640K)
[174.500s][info][gc             ] GC(492) Pause Full (Ergonomics) 361M->361M(409M) 398.632ms
[174.500s][info][gc,cpu         ] GC(492) User=0.36s Sys=0.00s Real=0.40s
[174.501s][info][gc,start       ] GC(493) Pause Full (Ergonomics)
[174.501s][info][gc,phases,start] GC(493) Marking Phase
[174.780s][info][gc,phases      ] GC(493) Marking Phase 279.792ms
[174.780s][info][gc,phases,start] GC(493) Summary Phase
[174.780s][info][gc,phases      ] GC(493) Summary Phase 0.022ms
[174.780s][info][gc,phases,start] GC(493) Adjust Roots
[174.781s][info][gc,phases      ] GC(493) Adjust Roots 0.188ms
[174.781s][info][gc,phases,start] GC(493) Compaction Phase
[174.874s][info][gc,phases      ] GC(493) Compaction Phase 93.322ms
[174.874s][info][gc,phases,start] GC(493) Post Compact
[174.876s][info][gc,phases      ] GC(493) Post Compact 1.674ms
[174.876s][info][gc,heap        ] GC(493) PSYoungGen: 33771K(77312K)->33771K(77312K) Eden: 24575K(24576K)->24575K(24576K) From: 9195K(52736K)->9195K(52736K)
[174.876s][info][gc,heap        ] GC(493) ParOldGen: 336294K(341504K)->336294K(341504K)
[174.876s][info][gc,metaspace   ] GC(493) Metaspace: 6296K(6464K)->6296K(6464K) NonClass: 5763K(5824K)->5763K(5824K) Class: 532K(640K)->532K(640K)
[174.876s][info][gc             ] GC(493) Pause Full (Ergonomics) 361M->361M(409M) 375.358ms
[174.876s][info][gc,cpu         ] GC(493) User=0.36s Sys=0.02s Real=0.38s
[174.876s][info][gc,start       ] GC(494) Pause Full (Ergonomics)
[174.876s][info][gc,phases,start] GC(494) Marking Phase
[175.154s][info][gc,phases      ] GC(494) Marking Phase 277.741ms
[175.154s][info][gc,phases,start] GC(494) Summary Phase
[175.154s][info][gc,phases      ] GC(494) Summary Phase 0.019ms
[175.154s][info][gc,phases,start] GC(494) Adjust Roots
[175.154s][info][gc,phases      ] GC(494) Adjust Roots 0.240ms
[175.154s][info][gc,phases,start] GC(494) Compaction Phase
[175.249s][info][gc,phases      ] GC(494) Compaction Phase 94.701ms
[175.249s][info][gc,phases,start] GC(494) Post Compact
[175.251s][info][gc,phases      ] GC(494) Post Compact 1.499ms
[175.251s][info][gc,heap        ] GC(494) PSYoungGen: 33771K(77312K)->33771K(77312K) Eden: 24575K(24576K)->24575K(24576K) From: 9195K(52736K)->9195K(52736K)
[175.251s][info][gc,heap        ] GC(494) ParOldGen: 336298K(341504K)->336298K(341504K)
[175.251s][info][gc,metaspace   ] GC(494) Metaspace: 6296K(6464K)->6296K(6464K) NonClass: 5763K(5824K)->5763K(5824K) Class: 532K(640K)->532K(640K)
[175.251s][info][gc             ] GC(494) Pause Full (Ergonomics) 361M->361M(409M) 374.546ms
[175.251s][info][gc,cpu         ] GC(494) User=0.36s Sys=0.00s Real=0.38s
[175.251s][info][gc,start       ] GC(495) Pause Full (Ergonomics)
[175.251s][info][gc,phases,start] GC(495) Marking Phase
[175.540s][info][gc,phases      ] GC(495) Marking Phase 289.221ms
[175.540s][info][gc,phases,start] GC(495) Summary Phase
[175.540s][info][gc,phases      ] GC(495) Summary Phase 0.024ms
[175.540s][info][gc,phases,start] GC(495) Adjust Roots
[175.541s][info][gc,phases      ] GC(495) Adjust Roots 0.230ms
[175.541s][info][gc,phases,start] GC(495) Compaction Phase
[175.639s][info][gc,phases      ] GC(495) Compaction Phase 98.480ms
[175.639s][info][gc,phases,start] GC(495) Post Compact
[175.641s][info][gc,phases      ] GC(495) Post Compact 1.936ms
[175.641s][info][gc,heap        ] GC(495) PSYoungGen: 33771K(77312K)->33771K(77312K) Eden: 24575K(24576K)->24575K(24576K) From: 9195K(52736K)->9195K(52736K)
[175.641s][info][gc,heap        ] GC(495) ParOldGen: 336303K(341504K)->336303K(341504K)
[175.641s][info][gc,metaspace   ] GC(495) Metaspace: 6296K(6464K)->6296K(6464K) NonClass: 5763K(5824K)->5763K(5824K) Class: 532K(640K)->532K(640K)
[175.641s][info][gc             ] GC(495) Pause Full (Ergonomics) 361M->361M(409M) 390.249ms
[175.641s][info][gc,cpu         ] GC(495) User=0.39s Sys=0.00s Real=0.39s
[175.641s][info][gc,start       ] GC(496) Pause Full (Ergonomics)
[175.642s][info][gc,phases,start] GC(496) Marking Phase
[175.924s][info][gc,phases      ] GC(496) Marking Phase 281.990ms
[175.924s][info][gc,phases,start] GC(496) Summary Phase
[175.924s][info][gc,phases      ] GC(496) Summary Phase 0.023ms
[175.924s][info][gc,phases,start] GC(496) Adjust Roots
[175.924s][info][gc,phases      ] GC(496) Adjust Roots 0.277ms
[175.924s][info][gc,phases,start] GC(496) Compaction Phase
[176.020s][info][gc,phases      ] GC(496) Compaction Phase 96.564ms
[176.021s][info][gc,phases,start] GC(496) Post Compact
[176.022s][info][gc,phases      ] GC(496) Post Compact 1.537ms
[176.022s][info][gc,heap        ] GC(496) PSYoungGen: 33771K(77312K)->33771K(77312K) Eden: 24575K(24576K)->24575K(24576K) From: 9195K(52736K)->9195K(52736K)
[176.022s][info][gc,heap        ] GC(496) ParOldGen: 336308K(341504K)->336308K(341504K)
[176.022s][info][gc,metaspace   ] GC(496) Metaspace: 6296K(6464K)->6296K(6464K) NonClass: 5763K(5824K)->5763K(5824K) Class: 532K(640K)->532K(640K)
[176.022s][info][gc             ] GC(496) Pause Full (Ergonomics) 361M->361M(409M) 380.765ms
[176.022s][info][gc,cpu         ] GC(496) User=0.36s Sys=0.00s Real=0.38s
[176.022s][info][gc,start       ] GC(497) Pause Full (Ergonomics)
[176.023s][info][gc,phases,start] GC(497) Marking Phase
[176.306s][info][gc,phases      ] GC(497) Marking Phase 283.513ms
[176.306s][info][gc,phases,start] GC(497) Summary Phase
[176.306s][info][gc,phases      ] GC(497) Summary Phase 0.023ms
[176.306s][info][gc,phases,start] GC(497) Adjust Roots
[176.306s][info][gc,phases      ] GC(497) Adjust Roots 0.305ms
[176.306s][info][gc,phases,start] GC(497) Compaction Phase
[176.404s][info][gc,phases      ] GC(497) Compaction Phase 97.646ms
[176.404s][info][gc,phases,start] GC(497) Post Compact
[176.406s][info][gc,phases      ] GC(497) Post Compact 1.648ms
[176.406s][info][gc,heap        ] GC(497) PSYoungGen: 33771K(77312K)->33771K(77312K) Eden: 24575K(24576K)->24575K(24576K) From: 9195K(52736K)->9195K(52736K)
[176.406s][info][gc,heap        ] GC(497) ParOldGen: 336312K(341504K)->336312K(341504K)
[176.406s][info][gc,metaspace   ] GC(497) Metaspace: 6296K(6464K)->6296K(6464K) NonClass: 5763K(5824K)->5763K(5824K) Class: 532K(640K)->532K(640K)
[176.406s][info][gc             ] GC(497) Pause Full (Ergonomics) 361M->361M(409M) 383.586ms
[176.406s][info][gc,cpu         ] GC(497) User=0.36s Sys=0.00s Real=0.38s
[176.406s][info][gc,start       ] GC(498) Pause Full (Ergonomics)
[176.406s][info][gc,phases,start] GC(498) Marking Phase
[176.688s][info][gc,phases      ] GC(498) Marking Phase 281.299ms
[176.688s][info][gc,phases,start] GC(498) Summary Phase
[176.688s][info][gc,phases      ] GC(498) Summary Phase 0.022ms
[176.688s][info][gc,phases,start] GC(498) Adjust Roots
[176.688s][info][gc,phases      ] GC(498) Adjust Roots 0.222ms
[176.688s][info][gc,phases,start] GC(498) Compaction Phase
[176.784s][info][gc,phases      ] GC(498) Compaction Phase 95.580ms
[176.784s][info][gc,phases,start] GC(498) Post Compact
[176.785s][info][gc,phases      ] GC(498) Post Compact 1.572ms
[176.785s][info][gc,heap        ] GC(498) PSYoungGen: 33771K(77312K)->33771K(77312K) Eden: 24575K(24576K)->24575K(24576K) From: 9195K(52736K)->9195K(52736K)
[176.785s][info][gc,heap        ] GC(498) ParOldGen: 336317K(341504K)->336317K(341504K)
[176.785s][info][gc,metaspace   ] GC(498) Metaspace: 6296K(6464K)->6296K(6464K) NonClass: 5763K(5824K)->5763K(5824K) Class: 532K(640K)->532K(640K)
[176.785s][info][gc             ] GC(498) Pause Full (Ergonomics) 361M->361M(409M) 379.022ms
[176.785s][info][gc,cpu         ] GC(498) User=0.36s Sys=0.00s Real=0.38s
[176.786s][info][gc,start       ] GC(499) Pause Full (Ergonomics)
[176.786s][info][gc,phases,start] GC(499) Marking Phase
[177.068s][info][gc,phases      ] GC(499) Marking Phase 282.090ms
[177.068s][info][gc,phases,start] GC(499) Summary Phase
[177.068s][info][gc,phases      ] GC(499) Summary Phase 0.034ms
[177.068s][info][gc,phases,start] GC(499) Adjust Roots
[177.068s][info][gc,phases      ] GC(499) Adjust Roots 0.225ms
[177.068s][info][gc,phases,start] GC(499) Compaction Phase
[177.164s][info][gc,phases      ] GC(499) Compaction Phase 95.649ms
[177.164s][info][gc,phases,start] GC(499) Post Compact
[177.165s][info][gc,phases      ] GC(499) Post Compact 1.551ms
[177.165s][info][gc,heap        ] GC(499) PSYoungGen: 33771K(77312K)->33771K(77312K) Eden: 24575K(24576K)->24575K(24576K) From: 9195K(52736K)->9195K(52736K)
[177.165s][info][gc,heap        ] GC(499) ParOldGen: 336322K(341504K)->336322K(341504K)
[177.165s][info][gc,metaspace   ] GC(499) Metaspace: 6296K(6464K)->6296K(6464K) NonClass: 5763K(5824K)->5763K(5824K) Class: 532K(640K)->532K(640K)
[177.165s][info][gc             ] GC(499) Pause Full (Ergonomics) 361M->361M(409M) 379.927ms
[177.166s][info][gc,cpu         ] GC(499) User=0.36s Sys=0.00s Real=0.38s
[177.166s][info][gc,start       ] GC(500) Pause Full (Ergonomics)
[177.166s][info][gc,phases,start] GC(500) Marking Phase
[177.456s][info][gc,phases      ] GC(500) Marking Phase 290.639ms
[177.457s][info][gc,phases,start] GC(500) Summary Phase
[177.457s][info][gc,phases      ] GC(500) Summary Phase 0.018ms
[177.457s][info][gc,phases,start] GC(500) Adjust Roots
[177.457s][info][gc,phases      ] GC(500) Adjust Roots 0.322ms
[177.457s][info][gc,phases,start] GC(500) Compaction Phase
[177.558s][info][gc,phases      ] GC(500) Compaction Phase 100.875ms
[177.558s][info][gc,phases,start] GC(500) Post Compact
[177.559s][info][gc,phases      ] GC(500) Post Compact 1.512ms
[177.559s][info][gc,heap        ] GC(500) PSYoungGen: 33771K(77312K)->33771K(77312K) Eden: 24575K(24576K)->24575K(24576K) From: 9195K(52736K)->9195K(52736K)
[177.559s][info][gc,heap        ] GC(500) ParOldGen: 336326K(341504K)->336326K(341504K)
[177.559s][info][gc,metaspace   ] GC(500) Metaspace: 6296K(6464K)->6296K(6464K) NonClass: 5763K(5824K)->5763K(5824K) Class: 532K(640K)->532K(640K)
[177.559s][info][gc             ] GC(500) Pause Full (Ergonomics) 361M->361M(409M) 393.689ms
[177.560s][info][gc,cpu         ] GC(500) User=0.38s Sys=0.00s Real=0.39s
[177.560s][info][gc,start       ] GC(501) Pause Full (Ergonomics)
[177.560s][info][gc,phases,start] GC(501) Marking Phase
[177.841s][info][gc,phases      ] GC(501) Marking Phase 281.393ms
[177.841s][info][gc,phases,start] GC(501) Summary Phase
[177.841s][info][gc,phases      ] GC(501) Summary Phase 0.022ms
[177.841s][info][gc,phases,start] GC(501) Adjust Roots
[177.842s][info][gc,phases      ] GC(501) Adjust Roots 0.251ms
[177.842s][info][gc,phases,start] GC(501) Compaction Phase
[177.937s][info][gc,phases      ] GC(501) Compaction Phase 95.078ms
[177.937s][info][gc,phases,start] GC(501) Post Compact
[177.938s][info][gc,phases      ] GC(501) Post Compact 1.504ms
[177.938s][info][gc,heap        ] GC(501) PSYoungGen: 33771K(77312K)->33771K(77312K) Eden: 24575K(24576K)->24575K(24576K) From: 9195K(52736K)->9195K(52736K)
[177.938s][info][gc,heap        ] GC(501) ParOldGen: 336331K(341504K)->336331K(341504K)
[177.938s][info][gc,metaspace   ] GC(501) Metaspace: 6296K(6464K)->6296K(6464K) NonClass: 5763K(5824K)->5763K(5824K) Class: 532K(640K)->532K(640K)
[177.938s][info][gc             ] GC(501) Pause Full (Ergonomics) 361M->361M(409M) 378.582ms
[177.938s][info][gc,cpu         ] GC(501) User=0.33s Sys=0.00s Real=0.38s
[177.939s][info][gc,start       ] GC(502) Pause Full (Ergonomics)
[177.939s][info][gc,phases,start] GC(502) Marking Phase
[178.219s][info][gc,phases      ] GC(502) Marking Phase 280.712ms
[178.219s][info][gc,phases,start] GC(502) Summary Phase
[178.220s][info][gc,phases      ] GC(502) Summary Phase 0.023ms
[178.220s][info][gc,phases,start] GC(502) Adjust Roots
[178.220s][info][gc,phases      ] GC(502) Adjust Roots 0.185ms
[178.220s][info][gc,phases,start] GC(502) Compaction Phase
[178.315s][info][gc,phases      ] GC(502) Compaction Phase 94.874ms
[178.315s][info][gc,phases,start] GC(502) Post Compact
[178.316s][info][gc,phases      ] GC(502) Post Compact 1.513ms
[178.316s][info][gc,heap        ] GC(502) PSYoungGen: 33771K(77312K)->33771K(77312K) Eden: 24575K(24576K)->24575K(24576K) From: 9195K(52736K)->9195K(52736K)
[178.316s][info][gc,heap        ] GC(502) ParOldGen: 336336K(341504K)->336336K(341504K)
[178.316s][info][gc,metaspace   ] GC(502) Metaspace: 6296K(6464K)->6296K(6464K) NonClass: 5763K(5824K)->5763K(5824K) Class: 532K(640K)->532K(640K)
[178.316s][info][gc             ] GC(502) Pause Full (Ergonomics) 361M->361M(409M) 377.660ms
[178.316s][info][gc,cpu         ] GC(502) User=0.36s Sys=0.00s Real=0.38s
[178.317s][info][gc,start       ] GC(503) Pause Full (Ergonomics)
[178.317s][info][gc,phases,start] GC(503) Marking Phase
[178.599s][info][gc,phases      ] GC(503) Marking Phase 282.813ms
[178.600s][info][gc,phases,start] GC(503) Summary Phase
[178.600s][info][gc,phases      ] GC(503) Summary Phase 0.023ms
[178.600s][info][gc,phases,start] GC(503) Adjust Roots
[178.600s][info][gc,phases      ] GC(503) Adjust Roots 0.223ms
[178.600s][info][gc,phases,start] GC(503) Compaction Phase
[178.701s][info][gc,phases      ] GC(503) Compaction Phase 100.746ms
[178.701s][info][gc,phases,start] GC(503) Post Compact
[178.702s][info][gc,phases      ] GC(503) Post Compact 1.762ms
[178.702s][info][gc,heap        ] GC(503) PSYoungGen: 33771K(77312K)->33771K(77312K) Eden: 24575K(24576K)->24575K(24576K) From: 9195K(52736K)->9195K(52736K)
[178.703s][info][gc,heap        ] GC(503) ParOldGen: 336340K(341504K)->336340K(341504K)
[178.703s][info][gc,metaspace   ] GC(503) Metaspace: 6296K(6464K)->6296K(6464K) NonClass: 5763K(5824K)->5763K(5824K) Class: 532K(640K)->532K(640K)
[178.703s][info][gc             ] GC(503) Pause Full (Ergonomics) 361M->361M(409M) 385.901ms
[178.703s][info][gc,cpu         ] GC(503) User=0.36s Sys=0.00s Real=0.39s
[178.703s][info][gc,start       ] GC(504) Pause Full (Ergonomics)
[178.703s][info][gc,phases,start] GC(504) Marking Phase
[178.985s][info][gc,phases      ] GC(504) Marking Phase 282.353ms
[178.985s][info][gc,phases,start] GC(504) Summary Phase
[178.985s][info][gc,phases      ] GC(504) Summary Phase 0.024ms
[178.985s][info][gc,phases,start] GC(504) Adjust Roots
[178.986s][info][gc,phases      ] GC(504) Adjust Roots 0.334ms
[178.986s][info][gc,phases,start] GC(504) Compaction Phase
[179.081s][info][gc,phases      ] GC(504) Compaction Phase 94.854ms
[179.081s][info][gc,phases,start] GC(504) Post Compact
[179.082s][info][gc,phases      ] GC(504) Post Compact 1.502ms
[179.082s][info][gc,heap        ] GC(504) PSYoungGen: 33771K(77312K)->33771K(77312K) Eden: 24575K(24576K)->24575K(24576K) From: 9195K(52736K)->9195K(52736K)
[179.082s][info][gc,heap        ] GC(504) ParOldGen: 336345K(341504K)->336345K(341504K)
[179.082s][info][gc,metaspace   ] GC(504) Metaspace: 6296K(6464K)->6296K(6464K) NonClass: 5763K(5824K)->5763K(5824K) Class: 532K(640K)->532K(640K)
[179.082s][info][gc             ] GC(504) Pause Full (Ergonomics) 361M->361M(409M) 379.422ms
[179.082s][info][gc,cpu         ] GC(504) User=0.36s Sys=0.00s Real=0.38s
[179.082s][info][gc,start       ] GC(505) Pause Full (Ergonomics)
[179.082s][info][gc,phases,start] GC(505) Marking Phase
[179.367s][info][gc,phases      ] GC(505) Marking Phase 284.158ms
[179.367s][info][gc,phases,start] GC(505) Summary Phase
[179.367s][info][gc,phases      ] GC(505) Summary Phase 0.019ms
[179.367s][info][gc,phases,start] GC(505) Adjust Roots
[179.367s][info][gc,phases      ] GC(505) Adjust Roots 0.249ms
[179.367s][info][gc,phases,start] GC(505) Compaction Phase
[179.469s][info][gc,phases      ] GC(505) Compaction Phase 101.776ms
[179.469s][info][gc,phases,start] GC(505) Post Compact
[179.470s][info][gc,phases      ] GC(505) Post Compact 1.564ms
[179.471s][info][gc,heap        ] GC(505) PSYoungGen: 33771K(77312K)->33771K(77312K) Eden: 24575K(24576K)->24575K(24576K) From: 9195K(52736K)->9195K(52736K)
[179.471s][info][gc,heap        ] GC(505) ParOldGen: 336350K(341504K)->336350K(341504K)
[179.471s][info][gc,metaspace   ] GC(505) Metaspace: 6296K(6464K)->6296K(6464K) NonClass: 5763K(5824K)->5763K(5824K) Class: 532K(640K)->532K(640K)
[179.471s][info][gc             ] GC(505) Pause Full (Ergonomics) 361M->361M(409M) 388.086ms
[179.471s][info][gc,cpu         ] GC(505) User=0.36s Sys=0.00s Real=0.39s
[179.471s][info][gc,start       ] GC(506) Pause Full (Ergonomics)
[179.471s][info][gc,phases,start] GC(506) Marking Phase
[179.753s][info][gc,phases      ] GC(506) Marking Phase 281.955ms
[179.753s][info][gc,phases,start] GC(506) Summary Phase
[179.753s][info][gc,phases      ] GC(506) Summary Phase 0.023ms
[179.753s][info][gc,phases,start] GC(506) Adjust Roots
[179.753s][info][gc,phases      ] GC(506) Adjust Roots 0.228ms
[179.753s][info][gc,phases,start] GC(506) Compaction Phase
[179.849s][info][gc,phases      ] GC(506) Compaction Phase 95.388ms
[179.849s][info][gc,phases,start] GC(506) Post Compact
[179.850s][info][gc,phases      ] GC(506) Post Compact 1.512ms
[179.850s][info][gc,heap        ] GC(506) PSYoungGen: 33771K(77312K)->33771K(77312K) Eden: 24575K(24576K)->24575K(24576K) From: 9195K(52736K)->9195K(52736K)
[179.850s][info][gc,heap        ] GC(506) ParOldGen: 336354K(341504K)->336354K(341504K)
[179.850s][info][gc,metaspace   ] GC(506) Metaspace: 6296K(6464K)->6296K(6464K) NonClass: 5763K(5824K)->5763K(5824K) Class: 532K(640K)->532K(640K)
[179.850s][info][gc             ] GC(506) Pause Full (Ergonomics) 361M->361M(409M) 379.436ms
[179.850s][info][gc,cpu         ] GC(506) User=0.38s Sys=0.00s Real=0.38s
[179.851s][info][gc,start       ] GC(507) Pause Full (Ergonomics)
[179.851s][info][gc,phases,start] GC(507) Marking Phase
[180.133s][info][gc,phases      ] GC(507) Marking Phase 282.645ms
[180.133s][info][gc,phases,start] GC(507) Summary Phase
[180.133s][info][gc,phases      ] GC(507) Summary Phase 0.023ms
[180.133s][info][gc,phases,start] GC(507) Adjust Roots
[180.134s][info][gc,phases      ] GC(507) Adjust Roots 0.244ms
[180.134s][info][gc,phases,start] GC(507) Compaction Phase
[180.230s][info][gc,phases      ] GC(507) Compaction Phase 95.964ms
[180.230s][info][gc,phases,start] GC(507) Post Compact
[180.231s][info][gc,phases      ] GC(507) Post Compact 1.516ms
[180.231s][info][gc,heap        ] GC(507) PSYoungGen: 33771K(77312K)->33771K(77312K) Eden: 24575K(24576K)->24575K(24576K) From: 9195K(52736K)->9195K(52736K)
[180.231s][info][gc,heap        ] GC(507) ParOldGen: 336359K(341504K)->336359K(341504K)
[180.231s][info][gc,metaspace   ] GC(507) Metaspace: 6296K(6464K)->6296K(6464K) NonClass: 5763K(5824K)->5763K(5824K) Class: 532K(640K)->532K(640K)
[180.231s][info][gc             ] GC(507) Pause Full (Ergonomics) 361M->361M(409M) 380.732ms
[180.231s][info][gc,cpu         ] GC(507) User=0.33s Sys=0.00s Real=0.38s
[180.232s][info][gc,start       ] GC(508) Pause Full (Ergonomics)
[180.232s][info][gc,phases,start] GC(508) Marking Phase
[180.511s][info][gc,phases      ] GC(508) Marking Phase 279.270ms
[180.511s][info][gc,phases,start] GC(508) Summary Phase
[180.511s][info][gc,phases      ] GC(508) Summary Phase 0.034ms
[180.511s][info][gc,phases,start] GC(508) Adjust Roots
[180.511s][info][gc,phases      ] GC(508) Adjust Roots 0.215ms
[180.511s][info][gc,phases,start] GC(508) Compaction Phase
[180.607s][info][gc,phases      ] GC(508) Compaction Phase 95.259ms
[180.607s][info][gc,phases,start] GC(508) Post Compact
[180.608s][info][gc,phases      ] GC(508) Post Compact 1.514ms
[180.608s][info][gc,heap        ] GC(508) PSYoungGen: 33771K(77312K)->33771K(77312K) Eden: 24575K(24576K)->24575K(24576K) From: 9195K(52736K)->9195K(52736K)
[180.608s][info][gc,heap        ] GC(508) ParOldGen: 336364K(341504K)->336364K(341504K)
[180.608s][info][gc,metaspace   ] GC(508) Metaspace: 6296K(6464K)->6296K(6464K) NonClass: 5763K(5824K)->5763K(5824K) Class: 532K(640K)->532K(640K)
[180.608s][info][gc             ] GC(508) Pause Full (Ergonomics) 361M->361M(409M) 376.657ms
[180.608s][info][gc,cpu         ] GC(508) User=0.36s Sys=0.00s Real=0.38s
[180.608s][info][gc,start       ] GC(509) Pause Full (Ergonomics)
[180.609s][info][gc,phases,start] GC(509) Marking Phase
[180.890s][info][gc,phases      ] GC(509) Marking Phase 281.180ms
[180.890s][info][gc,phases,start] GC(509) Summary Phase
[180.890s][info][gc,phases      ] GC(509) Summary Phase 0.024ms
[180.890s][info][gc,phases,start] GC(509) Adjust Roots
[180.890s][info][gc,phases      ] GC(509) Adjust Roots 0.238ms
[180.890s][info][gc,phases,start] GC(509) Compaction Phase
[180.983s][info][gc,phases      ] GC(509) Compaction Phase 93.397ms
[180.984s][info][gc,phases,start] GC(509) Post Compact
[180.985s][info][gc,phases      ] GC(509) Post Compact 1.615ms
[180.985s][info][gc,heap        ] GC(509) PSYoungGen: 33771K(77312K)->33771K(77312K) Eden: 24575K(24576K)->24575K(24576K) From: 9195K(52736K)->9195K(52736K)
[180.985s][info][gc,heap        ] GC(509) ParOldGen: 336368K(341504K)->336368K(341504K)
[180.985s][info][gc,metaspace   ] GC(509) Metaspace: 6296K(6464K)->6296K(6464K) NonClass: 5763K(5824K)->5763K(5824K) Class: 532K(640K)->532K(640K)
[180.985s][info][gc             ] GC(509) Pause Full (Ergonomics) 361M->361M(409M) 376.788ms
[180.985s][info][gc,cpu         ] GC(509) User=0.36s Sys=0.00s Real=0.38s
[180.986s][info][gc,start       ] GC(510) Pause Full (Ergonomics)
[180.986s][info][gc,phases,start] GC(510) Marking Phase
[181.266s][info][gc,phases      ] GC(510) Marking Phase 280.664ms
[181.266s][info][gc,phases,start] GC(510) Summary Phase
[181.266s][info][gc,phases      ] GC(510) Summary Phase 0.023ms
[181.266s][info][gc,phases,start] GC(510) Adjust Roots
[181.267s][info][gc,phases      ] GC(510) Adjust Roots 0.225ms
[181.267s][info][gc,phases,start] GC(510) Compaction Phase
[181.364s][info][gc,phases      ] GC(510) Compaction Phase 97.331ms
[181.364s][info][gc,phases,start] GC(510) Post Compact
[181.366s][info][gc,phases      ] GC(510) Post Compact 1.671ms
[181.366s][info][gc,heap        ] GC(510) PSYoungGen: 33771K(77312K)->33771K(77312K) Eden: 24575K(24576K)->24575K(24576K) From: 9195K(52736K)->9195K(52736K)
[181.366s][info][gc,heap        ] GC(510) ParOldGen: 336373K(341504K)->336373K(341504K)
[181.366s][info][gc,metaspace   ] GC(510) Metaspace: 6296K(6464K)->6296K(6464K) NonClass: 5763K(5824K)->5763K(5824K) Class: 532K(640K)->532K(640K)
[181.366s][info][gc             ] GC(510) Pause Full (Ergonomics) 361M->361M(409M) 380.271ms
[181.366s][info][gc,cpu         ] GC(510) User=0.39s Sys=0.00s Real=0.38s
[181.366s][info][gc,start       ] GC(511) Pause Full (Ergonomics)
[181.366s][info][gc,phases,start] GC(511) Marking Phase
[181.648s][info][gc,phases      ] GC(511) Marking Phase 282.139ms
[181.648s][info][gc,phases,start] GC(511) Summary Phase
[181.648s][info][gc,phases      ] GC(511) Summary Phase 0.023ms
[181.648s][info][gc,phases,start] GC(511) Adjust Roots
[181.649s][info][gc,phases      ] GC(511) Adjust Roots 0.184ms
[181.649s][info][gc,phases,start] GC(511) Compaction Phase
[181.743s][info][gc,phases      ] GC(511) Compaction Phase 94.806ms
[181.743s][info][gc,phases,start] GC(511) Post Compact
[181.745s][info][gc,phases      ] GC(511) Post Compact 1.569ms
[181.745s][info][gc,heap        ] GC(511) PSYoungGen: 33771K(77312K)->33771K(77312K) Eden: 24575K(24576K)->24575K(24576K) From: 9195K(52736K)->9195K(52736K)
[181.745s][info][gc,heap        ] GC(511) ParOldGen: 336378K(341504K)->336378K(341504K)
[181.745s][info][gc,metaspace   ] GC(511) Metaspace: 6296K(6464K)->6296K(6464K) NonClass: 5763K(5824K)->5763K(5824K) Class: 532K(640K)->532K(640K)
[181.745s][info][gc             ] GC(511) Pause Full (Ergonomics) 361M->361M(409M) 379.062ms
[181.745s][info][gc,cpu         ] GC(511) User=0.36s Sys=0.00s Real=0.38s
[181.745s][info][gc,start       ] GC(512) Pause Full (Ergonomics)
[181.745s][info][gc,phases,start] GC(512) Marking Phase
[182.027s][info][gc,phases      ] GC(512) Marking Phase 281.233ms
[182.027s][info][gc,phases,start] GC(512) Summary Phase
[182.027s][info][gc,phases      ] GC(512) Summary Phase 0.022ms
[182.027s][info][gc,phases,start] GC(512) Adjust Roots
[182.027s][info][gc,phases      ] GC(512) Adjust Roots 0.228ms
[182.027s][info][gc,phases,start] GC(512) Compaction Phase
[182.122s][info][gc,phases      ] GC(512) Compaction Phase 95.410ms
[182.123s][info][gc,phases,start] GC(512) Post Compact
[182.124s][info][gc,phases      ] GC(512) Post Compact 1.563ms
[182.124s][info][gc,heap        ] GC(512) PSYoungGen: 33771K(77312K)->33771K(77312K) Eden: 24575K(24576K)->24575K(24576K) From: 9195K(52736K)->9195K(52736K)
[182.124s][info][gc,heap        ] GC(512) ParOldGen: 336382K(341504K)->336382K(341504K)
[182.124s][info][gc,metaspace   ] GC(512) Metaspace: 6296K(6464K)->6296K(6464K) NonClass: 5763K(5824K)->5763K(5824K) Class: 532K(640K)->532K(640K)
[182.124s][info][gc             ] GC(512) Pause Full (Ergonomics) 361M->361M(409M) 378.813ms
[182.124s][info][gc,cpu         ] GC(512) User=0.36s Sys=0.00s Real=0.38s
[182.125s][info][gc,start       ] GC(513) Pause Full (Ergonomics)
[182.125s][info][gc,phases,start] GC(513) Marking Phase
[182.408s][info][gc,phases      ] GC(513) Marking Phase 283.511ms
[182.408s][info][gc,phases,start] GC(513) Summary Phase
[182.408s][info][gc,phases      ] GC(513) Summary Phase 0.024ms
[182.408s][info][gc,phases,start] GC(513) Adjust Roots
[182.408s][info][gc,phases      ] GC(513) Adjust Roots 0.200ms
[182.408s][info][gc,phases,start] GC(513) Compaction Phase
[182.505s][info][gc,phases      ] GC(513) Compaction Phase 96.255ms
[182.505s][info][gc,phases,start] GC(513) Post Compact
[182.506s][info][gc,phases      ] GC(513) Post Compact 1.507ms
[182.506s][info][gc,heap        ] GC(513) PSYoungGen: 33771K(77312K)->33771K(77312K) Eden: 24575K(24576K)->24575K(24576K) From: 9195K(52736K)->9195K(52736K)
[182.506s][info][gc,heap        ] GC(513) ParOldGen: 336387K(341504K)->336387K(341504K)
[182.506s][info][gc,metaspace   ] GC(513) Metaspace: 6296K(6464K)->6296K(6464K) NonClass: 5763K(5824K)->5763K(5824K) Class: 532K(640K)->532K(640K)
[182.506s][info][gc             ] GC(513) Pause Full (Ergonomics) 361M->361M(409M) 381.821ms
[182.506s][info][gc,cpu         ] GC(513) User=0.36s Sys=0.00s Real=0.38s
[182.507s][info][gc,start       ] GC(514) Pause Full (Ergonomics)
[182.507s][info][gc,phases,start] GC(514) Marking Phase
[182.787s][info][gc,phases      ] GC(514) Marking Phase 280.703ms
[182.787s][info][gc,phases,start] GC(514) Summary Phase
[182.787s][info][gc,phases      ] GC(514) Summary Phase 0.023ms
[182.787s][info][gc,phases,start] GC(514) Adjust Roots
[182.788s][info][gc,phases      ] GC(514) Adjust Roots 0.221ms
[182.788s][info][gc,phases,start] GC(514) Compaction Phase
[182.883s][info][gc,phases      ] GC(514) Compaction Phase 95.609ms
[182.883s][info][gc,phases,start] GC(514) Post Compact
[182.886s][info][gc,phases      ] GC(514) Post Compact 2.059ms
[182.886s][info][gc,heap        ] GC(514) PSYoungGen: 33771K(77312K)->33771K(77312K) Eden: 24575K(24576K)->24575K(24576K) From: 9195K(52736K)->9195K(52736K)
[182.886s][info][gc,heap        ] GC(514) ParOldGen: 336392K(341504K)->336392K(341504K)
[182.886s][info][gc,metaspace   ] GC(514) Metaspace: 6296K(6464K)->6296K(6464K) NonClass: 5763K(5824K)->5763K(5824K) Class: 532K(640K)->532K(640K)
[182.886s][info][gc             ] GC(514) Pause Full (Ergonomics) 361M->361M(409M) 379.071ms
[182.886s][info][gc,cpu         ] GC(514) User=0.36s Sys=0.00s Real=0.38s
[182.886s][info][gc,start       ] GC(515) Pause Full (Ergonomics)
[182.886s][info][gc,phases,start] GC(515) Marking Phase
[183.163s][info][gc,phases      ] GC(515) Marking Phase 277.380ms
[183.163s][info][gc,phases,start] GC(515) Summary Phase
[183.163s][info][gc,phases      ] GC(515) Summary Phase 0.023ms
[183.163s][info][gc,phases,start] GC(515) Adjust Roots
[183.164s][info][gc,phases      ] GC(515) Adjust Roots 0.198ms
[183.164s][info][gc,phases,start] GC(515) Compaction Phase
[183.263s][info][gc,phases      ] GC(515) Compaction Phase 99.013ms
[183.263s][info][gc,phases,start] GC(515) Post Compact
[183.265s][info][gc,phases      ] GC(515) Post Compact 1.949ms
[183.265s][info][gc,heap        ] GC(515) PSYoungGen: 33771K(77312K)->33771K(77312K) Eden: 24575K(24576K)->24575K(24576K) From: 9195K(52736K)->9195K(52736K)
[183.265s][info][gc,heap        ] GC(515) ParOldGen: 336396K(341504K)->336396K(341504K)
[183.265s][info][gc,metaspace   ] GC(515) Metaspace: 6296K(6464K)->6296K(6464K) NonClass: 5763K(5824K)->5763K(5824K) Class: 532K(640K)->532K(640K)
[183.265s][info][gc             ] GC(515) Pause Full (Ergonomics) 361M->361M(409M) 378.922ms
[183.265s][info][gc,cpu         ] GC(515) User=0.36s Sys=0.00s Real=0.38s
[183.265s][info][gc,start       ] GC(516) Pause Full (Ergonomics)
[183.265s][info][gc,phases,start] GC(516) Marking Phase
[183.551s][info][gc,phases      ] GC(516) Marking Phase 285.349ms
[183.551s][info][gc,phases,start] GC(516) Summary Phase
[183.551s][info][gc,phases      ] GC(516) Summary Phase 0.017ms
[183.551s][info][gc,phases,start] GC(516) Adjust Roots
[183.551s][info][gc,phases      ] GC(516) Adjust Roots 0.242ms
[183.551s][info][gc,phases,start] GC(516) Compaction Phase
[183.648s][info][gc,phases      ] GC(516) Compaction Phase 96.708ms
[183.648s][info][gc,phases,start] GC(516) Post Compact
[183.649s][info][gc,phases      ] GC(516) Post Compact 1.550ms
[183.649s][info][gc,heap        ] GC(516) PSYoungGen: 33771K(77312K)->33771K(77312K) Eden: 24575K(24576K)->24575K(24576K) From: 9195K(52736K)->9195K(52736K)
[183.649s][info][gc,heap        ] GC(516) ParOldGen: 336401K(341504K)->336401K(341504K)
[183.649s][info][gc,metaspace   ] GC(516) Metaspace: 6296K(6464K)->6296K(6464K) NonClass: 5763K(5824K)->5763K(5824K) Class: 532K(640K)->532K(640K)
[183.649s][info][gc             ] GC(516) Pause Full (Ergonomics) 361M->361M(409M) 384.176ms
[183.649s][info][gc,cpu         ] GC(516) User=0.38s Sys=0.00s Real=0.38s
[183.650s][info][gc,start       ] GC(517) Pause Full (Ergonomics)
[183.650s][info][gc,phases,start] GC(517) Marking Phase
[183.932s][info][gc,phases      ] GC(517) Marking Phase 282.594ms
[183.932s][info][gc,phases,start] GC(517) Summary Phase
[183.932s][info][gc,phases      ] GC(517) Summary Phase 0.022ms
[183.932s][info][gc,phases,start] GC(517) Adjust Roots
[183.933s][info][gc,phases      ] GC(517) Adjust Roots 0.186ms
[183.933s][info][gc,phases,start] GC(517) Compaction Phase
[184.029s][info][gc,phases      ] GC(517) Compaction Phase 96.415ms
[184.029s][info][gc,phases,start] GC(517) Post Compact
[184.031s][info][gc,phases      ] GC(517) Post Compact 1.575ms
[184.031s][info][gc,heap        ] GC(517) PSYoungGen: 33771K(77312K)->33771K(77312K) Eden: 24575K(24576K)->24575K(24576K) From: 9195K(52736K)->9195K(52736K)
[184.031s][info][gc,heap        ] GC(517) ParOldGen: 336406K(341504K)->336406K(341504K)
[184.031s][info][gc,metaspace   ] GC(517) Metaspace: 6296K(6464K)->6296K(6464K) NonClass: 5763K(5824K)->5763K(5824K) Class: 532K(640K)->532K(640K)
[184.031s][info][gc             ] GC(517) Pause Full (Ergonomics) 361M->361M(409M) 381.123ms
[184.031s][info][gc,cpu         ] GC(517) User=0.36s Sys=0.00s Real=0.38s
[184.031s][info][gc,start       ] GC(518) Pause Full (Ergonomics)
[184.031s][info][gc,phases,start] GC(518) Marking Phase
[184.313s][info][gc,phases      ] GC(518) Marking Phase 281.673ms
[184.313s][info][gc,phases,start] GC(518) Summary Phase
[184.313s][info][gc,phases      ] GC(518) Summary Phase 0.024ms
[184.313s][info][gc,phases,start] GC(518) Adjust Roots
[184.313s][info][gc,phases      ] GC(518) Adjust Roots 0.188ms
[184.313s][info][gc,phases,start] GC(518) Compaction Phase
[184.409s][info][gc,phases      ] GC(518) Compaction Phase 95.603ms
[184.409s][info][gc,phases,start] GC(518) Post Compact
[184.410s][info][gc,phases      ] GC(518) Post Compact 1.567ms
[184.410s][info][gc,heap        ] GC(518) PSYoungGen: 33771K(77312K)->33771K(77312K) Eden: 24575K(24576K)->24575K(24576K) From: 9195K(52736K)->9195K(52736K)
[184.410s][info][gc,heap        ] GC(518) ParOldGen: 336410K(341504K)->336410K(341504K)
[184.410s][info][gc,metaspace   ] GC(518) Metaspace: 6296K(6464K)->6296K(6464K) NonClass: 5763K(5824K)->5763K(5824K) Class: 532K(640K)->532K(640K)
[184.410s][info][gc             ] GC(518) Pause Full (Ergonomics) 361M->361M(409M) 379.397ms
[184.410s][info][gc,cpu         ] GC(518) User=0.36s Sys=0.00s Real=0.38s
[184.411s][info][gc,start       ] GC(519) Pause Full (Ergonomics)
[184.411s][info][gc,phases,start] GC(519) Marking Phase
[184.694s][info][gc,phases      ] GC(519) Marking Phase 282.902ms
[184.694s][info][gc,phases,start] GC(519) Summary Phase
[184.694s][info][gc,phases      ] GC(519) Summary Phase 0.023ms
[184.694s][info][gc,phases,start] GC(519) Adjust Roots
[184.694s][info][gc,phases      ] GC(519) Adjust Roots 0.188ms
[184.694s][info][gc,phases,start] GC(519) Compaction Phase
[184.789s][info][gc,phases      ] GC(519) Compaction Phase 94.953ms
[184.789s][info][gc,phases,start] GC(519) Post Compact
[184.791s][info][gc,phases      ] GC(519) Post Compact 1.800ms
[184.791s][info][gc,heap        ] GC(519) PSYoungGen: 33771K(77312K)->33771K(77312K) Eden: 24575K(24576K)->24575K(24576K) From: 9195K(52736K)->9195K(52736K)
[184.791s][info][gc,heap        ] GC(519) ParOldGen: 336415K(341504K)->336415K(341504K)
[184.791s][info][gc,metaspace   ] GC(519) Metaspace: 6296K(6464K)->6296K(6464K) NonClass: 5763K(5824K)->5763K(5824K) Class: 532K(640K)->532K(640K)
[184.791s][info][gc             ] GC(519) Pause Full (Ergonomics) 361M->361M(409M) 380.194ms
[184.791s][info][gc,cpu         ] GC(519) User=0.38s Sys=0.00s Real=0.38s
[184.791s][info][gc,start       ] GC(520) Pause Full (Ergonomics)
[184.791s][info][gc,phases,start] GC(520) Marking Phase
[185.074s][info][gc,phases      ] GC(520) Marking Phase 282.490ms
[185.074s][info][gc,phases,start] GC(520) Summary Phase
[185.074s][info][gc,phases      ] GC(520) Summary Phase 0.024ms
[185.074s][info][gc,phases,start] GC(520) Adjust Roots
[185.074s][info][gc,phases      ] GC(520) Adjust Roots 0.185ms
[185.074s][info][gc,phases,start] GC(520) Compaction Phase
[185.169s][info][gc,phases      ] GC(520) Compaction Phase 94.631ms
[185.169s][info][gc,phases,start] GC(520) Post Compact
[185.170s][info][gc,phases      ] GC(520) Post Compact 1.581ms
[185.170s][info][gc,heap        ] GC(520) PSYoungGen: 33771K(77312K)->33771K(77312K) Eden: 24575K(24576K)->24575K(24576K) From: 9195K(52736K)->9195K(52736K)
[185.170s][info][gc,heap        ] GC(520) ParOldGen: 336420K(341504K)->336420K(341504K)
[185.170s][info][gc,metaspace   ] GC(520) Metaspace: 6296K(6464K)->6296K(6464K) NonClass: 5763K(5824K)->5763K(5824K) Class: 532K(640K)->532K(640K)
[185.170s][info][gc             ] GC(520) Pause Full (Ergonomics) 361M->361M(409M) 379.260ms
[185.170s][info][gc,cpu         ] GC(520) User=0.36s Sys=0.00s Real=0.38s
[185.171s][info][gc,start       ] GC(521) Pause Full (Ergonomics)
[185.171s][info][gc,phases,start] GC(521) Marking Phase
[185.455s][info][gc,phases      ] GC(521) Marking Phase 283.782ms
[185.455s][info][gc,phases,start] GC(521) Summary Phase
[185.455s][info][gc,phases      ] GC(521) Summary Phase 0.019ms
[185.455s][info][gc,phases,start] GC(521) Adjust Roots
[185.455s][info][gc,phases      ] GC(521) Adjust Roots 0.252ms
[185.455s][info][gc,phases,start] GC(521) Compaction Phase
[185.553s][info][gc,phases      ] GC(521) Compaction Phase 97.714ms
[185.553s][info][gc,phases,start] GC(521) Post Compact
[185.554s][info][gc,phases      ] GC(521) Post Compact 1.518ms
[185.554s][info][gc,heap        ] GC(521) PSYoungGen: 33771K(77312K)->33771K(77312K) Eden: 24575K(24576K)->24575K(24576K) From: 9195K(52736K)->9195K(52736K)
[185.554s][info][gc,heap        ] GC(521) ParOldGen: 336424K(341504K)->336424K(341504K)
[185.554s][info][gc,metaspace   ] GC(521) Metaspace: 6296K(6464K)->6296K(6464K) NonClass: 5763K(5824K)->5763K(5824K) Class: 532K(640K)->532K(640K)
[185.554s][info][gc             ] GC(521) Pause Full (Ergonomics) 361M->361M(409M) 383.595ms
[185.554s][info][gc,cpu         ] GC(521) User=0.36s Sys=0.00s Real=0.38s
[185.555s][info][gc,start       ] GC(522) Pause Full (Ergonomics)
[185.555s][info][gc,phases,start] GC(522) Marking Phase
[185.838s][info][gc,phases      ] GC(522) Marking Phase 283.707ms
[185.838s][info][gc,phases,start] GC(522) Summary Phase
[185.838s][info][gc,phases      ] GC(522) Summary Phase 0.024ms
[185.838s][info][gc,phases,start] GC(522) Adjust Roots
[185.839s][info][gc,phases      ] GC(522) Adjust Roots 0.214ms
[185.839s][info][gc,phases,start] GC(522) Compaction Phase
[185.939s][info][gc,phases      ] GC(522) Compaction Phase 100.630ms
[185.939s][info][gc,phases,start] GC(522) Post Compact
[185.941s][info][gc,phases      ] GC(522) Post Compact 1.526ms
[185.941s][info][gc,heap        ] GC(522) PSYoungGen: 33771K(77312K)->33771K(77312K) Eden: 24575K(24576K)->24575K(24576K) From: 9195K(52736K)->9195K(52736K)
[185.941s][info][gc,heap        ] GC(522) ParOldGen: 336429K(341504K)->336429K(341504K)
[185.941s][info][gc,metaspace   ] GC(522) Metaspace: 6296K(6464K)->6296K(6464K) NonClass: 5763K(5824K)->5763K(5824K) Class: 532K(640K)->532K(640K)
[185.941s][info][gc             ] GC(522) Pause Full (Ergonomics) 361M->361M(409M) 386.459ms
[185.941s][info][gc,cpu         ] GC(522) User=0.34s Sys=0.00s Real=0.39s
[185.941s][info][gc,start       ] GC(523) Pause Full (Ergonomics)
[185.941s][info][gc,phases,start] GC(523) Marking Phase
[186.223s][info][gc,phases      ] GC(523) Marking Phase 281.329ms
[186.223s][info][gc,phases,start] GC(523) Summary Phase
[186.223s][info][gc,phases      ] GC(523) Summary Phase 0.022ms
[186.223s][info][gc,phases,start] GC(523) Adjust Roots
[186.223s][info][gc,phases      ] GC(523) Adjust Roots 0.183ms
[186.223s][info][gc,phases,start] GC(523) Compaction Phase
[186.319s][info][gc,phases      ] GC(523) Compaction Phase 96.117ms
[186.319s][info][gc,phases,start] GC(523) Post Compact
[186.321s][info][gc,phases      ] GC(523) Post Compact 1.525ms
[186.321s][info][gc,heap        ] GC(523) PSYoungGen: 33771K(77312K)->33771K(77312K) Eden: 24575K(24576K)->24575K(24576K) From: 9195K(52736K)->9195K(52736K)
[186.321s][info][gc,heap        ] GC(523) ParOldGen: 336434K(341504K)->336434K(341504K)
[186.321s][info][gc,metaspace   ] GC(523) Metaspace: 6296K(6464K)->6296K(6464K) NonClass: 5763K(5824K)->5763K(5824K) Class: 532K(640K)->532K(640K)
[186.321s][info][gc             ] GC(523) Pause Full (Ergonomics) 361M->361M(409M) 379.515ms
[186.321s][info][gc,cpu         ] GC(523) User=0.39s Sys=0.00s Real=0.38s
[186.321s][info][gc,start       ] GC(524) Pause Full (Ergonomics)
[186.321s][info][gc,phases,start] GC(524) Marking Phase
[186.604s][info][gc,phases      ] GC(524) Marking Phase 283.050ms
[186.605s][info][gc,phases,start] GC(524) Summary Phase
[186.605s][info][gc,phases      ] GC(524) Summary Phase 0.034ms
[186.605s][info][gc,phases,start] GC(524) Adjust Roots
[186.605s][info][gc,phases      ] GC(524) Adjust Roots 0.248ms
[186.605s][info][gc,phases,start] GC(524) Compaction Phase
[186.701s][info][gc,phases      ] GC(524) Compaction Phase 96.002ms
[186.701s][info][gc,phases,start] GC(524) Post Compact
[186.703s][info][gc,phases      ] GC(524) Post Compact 1.600ms
[186.703s][info][gc,heap        ] GC(524) PSYoungGen: 33771K(77312K)->33771K(77312K) Eden: 24575K(24576K)->24575K(24576K) From: 9195K(52736K)->9195K(52736K)
[186.703s][info][gc,heap        ] GC(524) ParOldGen: 336438K(341504K)->336438K(341504K)
[186.703s][info][gc,metaspace   ] GC(524) Metaspace: 6296K(6464K)->6296K(6464K) NonClass: 5763K(5824K)->5763K(5824K) Class: 532K(640K)->532K(640K)
[186.703s][info][gc             ] GC(524) Pause Full (Ergonomics) 361M->361M(409M) 381.312ms
[186.703s][info][gc,cpu         ] GC(524) User=0.34s Sys=0.00s Real=0.38s
[186.703s][info][gc,start       ] GC(525) Pause Full (Ergonomics)
[186.703s][info][gc,phases,start] GC(525) Marking Phase
[186.985s][info][gc,phases      ] GC(525) Marking Phase 282.369ms
[186.985s][info][gc,phases,start] GC(525) Summary Phase
[186.985s][info][gc,phases      ] GC(525) Summary Phase 0.023ms
[186.986s][info][gc,phases,start] GC(525) Adjust Roots
[186.986s][info][gc,phases      ] GC(525) Adjust Roots 0.230ms
[186.986s][info][gc,phases,start] GC(525) Compaction Phase
[187.081s][info][gc,phases      ] GC(525) Compaction Phase 94.819ms
[187.081s][info][gc,phases,start] GC(525) Post Compact
[187.082s][info][gc,phases      ] GC(525) Post Compact 1.762ms
[187.083s][info][gc,heap        ] GC(525) PSYoungGen: 33771K(77312K)->33771K(77312K) Eden: 24575K(24576K)->24575K(24576K) From: 9195K(52736K)->9195K(52736K)
[187.083s][info][gc,heap        ] GC(525) ParOldGen: 336443K(341504K)->336443K(341504K)
[187.083s][info][gc,metaspace   ] GC(525) Metaspace: 6296K(6464K)->6296K(6464K) NonClass: 5763K(5824K)->5763K(5824K) Class: 532K(640K)->532K(640K)
[187.083s][info][gc             ] GC(525) Pause Full (Ergonomics) 361M->361M(409M) 379.577ms
[187.083s][info][gc,cpu         ] GC(525) User=0.36s Sys=0.00s Real=0.38s
[187.083s][info][gc,start       ] GC(526) Pause Full (Ergonomics)
[187.083s][info][gc,phases,start] GC(526) Marking Phase
[187.363s][info][gc,phases      ] GC(526) Marking Phase 280.349ms
[187.363s][info][gc,phases,start] GC(526) Summary Phase
[187.363s][info][gc,phases      ] GC(526) Summary Phase 0.018ms
[187.363s][info][gc,phases,start] GC(526) Adjust Roots
[187.364s][info][gc,phases      ] GC(526) Adjust Roots 0.240ms
[187.364s][info][gc,phases,start] GC(526) Compaction Phase
[187.460s][info][gc,phases      ] GC(526) Compaction Phase 96.249ms
[187.460s][info][gc,phases,start] GC(526) Post Compact
[187.462s][info][gc,phases      ] GC(526) Post Compact 2.149ms
[187.462s][info][gc,heap        ] GC(526) PSYoungGen: 33771K(77312K)->33771K(77312K) Eden: 24575K(24576K)->24575K(24576K) From: 9195K(52736K)->9195K(52736K)
[187.462s][info][gc,heap        ] GC(526) ParOldGen: 336448K(341504K)->336448K(341504K)
[187.462s][info][gc,metaspace   ] GC(526) Metaspace: 6296K(6464K)->6296K(6464K) NonClass: 5763K(5824K)->5763K(5824K) Class: 532K(640K)->532K(640K)
[187.462s][info][gc             ] GC(526) Pause Full (Ergonomics) 361M->361M(409M) 379.374ms
[187.462s][info][gc,cpu         ] GC(526) User=0.39s Sys=0.00s Real=0.38s
[187.463s][info][gc,start       ] GC(527) Pause Full (Ergonomics)
[187.463s][info][gc,phases,start] GC(527) Marking Phase
[187.745s][info][gc,phases      ] GC(527) Marking Phase 282.147ms
[187.745s][info][gc,phases,start] GC(527) Summary Phase
[187.745s][info][gc,phases      ] GC(527) Summary Phase 0.018ms
[187.745s][info][gc,phases,start] GC(527) Adjust Roots
[187.745s][info][gc,phases      ] GC(527) Adjust Roots 0.188ms
[187.745s][info][gc,phases,start] GC(527) Compaction Phase
[187.844s][info][gc,phases      ] GC(527) Compaction Phase 98.405ms
[187.844s][info][gc,phases,start] GC(527) Post Compact
[187.845s][info][gc,phases      ] GC(527) Post Compact 1.518ms
[187.845s][info][gc,heap        ] GC(527) PSYoungGen: 33771K(77312K)->33771K(77312K) Eden: 24575K(24576K)->24575K(24576K) From: 9195K(52736K)->9195K(52736K)
[187.845s][info][gc,heap        ] GC(527) ParOldGen: 336452K(341504K)->336452K(341504K)
[187.845s][info][gc,metaspace   ] GC(527) Metaspace: 6296K(6464K)->6296K(6464K) NonClass: 5763K(5824K)->5763K(5824K) Class: 532K(640K)->532K(640K)
[187.845s][info][gc             ] GC(527) Pause Full (Ergonomics) 361M->361M(409M) 382.594ms
[187.845s][info][gc,cpu         ] GC(527) User=0.36s Sys=0.00s Real=0.38s
[187.846s][info][gc,start       ] GC(528) Pause Full (Ergonomics)
[187.846s][info][gc,phases,start] GC(528) Marking Phase
[188.124s][info][gc,phases      ] GC(528) Marking Phase 278.731ms
[188.124s][info][gc,phases,start] GC(528) Summary Phase
[188.124s][info][gc,phases      ] GC(528) Summary Phase 0.034ms
[188.124s][info][gc,phases,start] GC(528) Adjust Roots
[188.125s][info][gc,phases      ] GC(528) Adjust Roots 0.239ms
[188.125s][info][gc,phases,start] GC(528) Compaction Phase
[188.220s][info][gc,phases      ] GC(528) Compaction Phase 95.123ms
[188.220s][info][gc,phases,start] GC(528) Post Compact
[188.221s][info][gc,phases      ] GC(528) Post Compact 1.543ms
[188.222s][info][gc,heap        ] GC(528) PSYoungGen: 33771K(77312K)->33771K(77312K) Eden: 24575K(24576K)->24575K(24576K) From: 9195K(52736K)->9195K(52736K)
[188.222s][info][gc,heap        ] GC(528) ParOldGen: 336457K(341504K)->336457K(341504K)
[188.222s][info][gc,metaspace   ] GC(528) Metaspace: 6296K(6464K)->6296K(6464K) NonClass: 5763K(5824K)->5763K(5824K) Class: 532K(640K)->532K(640K)
[188.222s][info][gc             ] GC(528) Pause Full (Ergonomics) 361M->361M(409M) 376.070ms
[188.222s][info][gc,cpu         ] GC(528) User=0.38s Sys=0.00s Real=0.38s
[188.222s][info][gc,start       ] GC(529) Pause Full (Ergonomics)
[188.222s][info][gc,phases,start] GC(529) Marking Phase
[188.505s][info][gc,phases      ] GC(529) Marking Phase 282.832ms
[188.505s][info][gc,phases,start] GC(529) Summary Phase
[188.505s][info][gc,phases      ] GC(529) Summary Phase 0.024ms
[188.505s][info][gc,phases,start] GC(529) Adjust Roots
[188.505s][info][gc,phases      ] GC(529) Adjust Roots 0.211ms
[188.505s][info][gc,phases,start] GC(529) Compaction Phase
[188.603s][info][gc,phases      ] GC(529) Compaction Phase 97.187ms
[188.603s][info][gc,phases,start] GC(529) Post Compact
[188.604s][info][gc,phases      ] GC(529) Post Compact 1.604ms
[188.604s][info][gc,heap        ] GC(529) PSYoungGen: 33771K(77312K)->33771K(77312K) Eden: 24575K(24576K)->24575K(24576K) From: 9195K(52736K)->9195K(52736K)
[188.604s][info][gc,heap        ] GC(529) ParOldGen: 336462K(341504K)->336462K(341504K)
[188.604s][info][gc,metaspace   ] GC(529) Metaspace: 6296K(6464K)->6296K(6464K) NonClass: 5763K(5824K)->5763K(5824K) Class: 532K(640K)->532K(640K)
[188.604s][info][gc             ] GC(529) Pause Full (Ergonomics) 361M->361M(409M) 382.239ms
[188.604s][info][gc,cpu         ] GC(529) User=0.36s Sys=0.00s Real=0.38s
[188.605s][info][gc,start       ] GC(530) Pause Full (Ergonomics)
[188.605s][info][gc,phases,start] GC(530) Marking Phase
[188.886s][info][gc,phases      ] GC(530) Marking Phase 281.310ms
[188.886s][info][gc,phases,start] GC(530) Summary Phase
[188.886s][info][gc,phases      ] GC(530) Summary Phase 0.023ms
[188.886s][info][gc,phases,start] GC(530) Adjust Roots
[188.886s][info][gc,phases      ] GC(530) Adjust Roots 0.220ms
[188.886s][info][gc,phases,start] GC(530) Compaction Phase
[188.981s][info][gc,phases      ] GC(530) Compaction Phase 94.927ms
[188.981s][info][gc,phases,start] GC(530) Post Compact
[188.983s][info][gc,phases      ] GC(530) Post Compact 1.531ms
[188.983s][info][gc,heap        ] GC(530) PSYoungGen: 33771K(77312K)->33771K(77312K) Eden: 24575K(24576K)->24575K(24576K) From: 9195K(52736K)->9195K(52736K)
[188.983s][info][gc,heap        ] GC(530) ParOldGen: 336466K(341504K)->336466K(341504K)
[188.983s][info][gc,metaspace   ] GC(530) Metaspace: 6296K(6464K)->6296K(6464K) NonClass: 5763K(5824K)->5763K(5824K) Class: 532K(640K)->532K(640K)
[188.983s][info][gc             ] GC(530) Pause Full (Ergonomics) 361M->361M(409M) 378.386ms
[188.983s][info][gc,cpu         ] GC(530) User=0.36s Sys=0.00s Real=0.38s
[188.983s][info][gc,start       ] GC(531) Pause Full (Ergonomics)
[188.983s][info][gc,phases,start] GC(531) Marking Phase
[189.266s][info][gc,phases      ] GC(531) Marking Phase 282.528ms
[189.266s][info][gc,phases,start] GC(531) Summary Phase
[189.266s][info][gc,phases      ] GC(531) Summary Phase 0.023ms
[189.266s][info][gc,phases,start] GC(531) Adjust Roots
[189.266s][info][gc,phases      ] GC(531) Adjust Roots 0.229ms
[189.266s][info][gc,phases,start] GC(531) Compaction Phase
[189.362s][info][gc,phases      ] GC(531) Compaction Phase 95.520ms
[189.362s][info][gc,phases,start] GC(531) Post Compact
[189.363s][info][gc,phases      ] GC(531) Post Compact 1.565ms
[189.363s][info][gc,heap        ] GC(531) PSYoungGen: 33771K(77312K)->33771K(77312K) Eden: 24575K(24576K)->24575K(24576K) From: 9195K(52736K)->9195K(52736K)
[189.363s][info][gc,heap        ] GC(531) ParOldGen: 336471K(341504K)->336471K(341504K)
[189.364s][info][gc,metaspace   ] GC(531) Metaspace: 6296K(6464K)->6296K(6464K) NonClass: 5763K(5824K)->5763K(5824K) Class: 532K(640K)->532K(640K)
[189.364s][info][gc             ] GC(531) Pause Full (Ergonomics) 361M->361M(409M) 380.239ms
[189.364s][info][gc,cpu         ] GC(531) User=0.36s Sys=0.00s Real=0.38s
[189.364s][info][gc,start       ] GC(532) Pause Full (Ergonomics)
[189.364s][info][gc,phases,start] GC(532) Marking Phase
[189.662s][info][gc,phases      ] GC(532) Marking Phase 298.001ms
[189.662s][info][gc,phases,start] GC(532) Summary Phase
[189.662s][info][gc,phases      ] GC(532) Summary Phase 0.023ms
[189.662s][info][gc,phases,start] GC(532) Adjust Roots
[189.662s][info][gc,phases      ] GC(532) Adjust Roots 0.200ms
[189.662s][info][gc,phases,start] GC(532) Compaction Phase
[189.764s][info][gc,phases      ] GC(532) Compaction Phase 101.884ms
[189.764s][info][gc,phases,start] GC(532) Post Compact
[189.766s][info][gc,phases      ] GC(532) Post Compact 1.516ms
[189.766s][info][gc,heap        ] GC(532) PSYoungGen: 33771K(77312K)->33771K(77312K) Eden: 24575K(24576K)->24575K(24576K) From: 9195K(52736K)->9195K(52736K)
[189.766s][info][gc,heap        ] GC(532) ParOldGen: 336476K(341504K)->336476K(341504K)
[189.766s][info][gc,metaspace   ] GC(532) Metaspace: 6296K(6464K)->6296K(6464K) NonClass: 5763K(5824K)->5763K(5824K) Class: 532K(640K)->532K(640K)
[189.766s][info][gc             ] GC(532) Pause Full (Ergonomics) 361M->361M(409M) 401.982ms
[189.766s][info][gc,cpu         ] GC(532) User=0.36s Sys=0.02s Real=0.40s
[189.766s][info][gc,start       ] GC(533) Pause Full (Ergonomics)
[189.766s][info][gc,phases,start] GC(533) Marking Phase
[190.047s][info][gc,phases      ] GC(533) Marking Phase 281.181ms
[190.047s][info][gc,phases,start] GC(533) Summary Phase
[190.047s][info][gc,phases      ] GC(533) Summary Phase 0.022ms
[190.047s][info][gc,phases,start] GC(533) Adjust Roots
[190.048s][info][gc,phases      ] GC(533) Adjust Roots 0.197ms
[190.048s][info][gc,phases,start] GC(533) Compaction Phase
[190.143s][info][gc,phases      ] GC(533) Compaction Phase 95.598ms
[190.143s][info][gc,phases,start] GC(533) Post Compact
[190.145s][info][gc,phases      ] GC(533) Post Compact 1.502ms
[190.145s][info][gc,heap        ] GC(533) PSYoungGen: 33771K(77312K)->33771K(77312K) Eden: 24575K(24576K)->24575K(24576K) From: 9195K(52736K)->9195K(52736K)
[190.145s][info][gc,heap        ] GC(533) ParOldGen: 336480K(341504K)->336480K(341504K)
[190.145s][info][gc,metaspace   ] GC(533) Metaspace: 6296K(6464K)->6296K(6464K) NonClass: 5763K(5824K)->5763K(5824K) Class: 532K(640K)->532K(640K)
[190.145s][info][gc             ] GC(533) Pause Full (Ergonomics) 361M->361M(409M) 378.845ms
[190.145s][info][gc,cpu         ] GC(533) User=0.36s Sys=0.00s Real=0.38s
[190.145s][info][gc,start       ] GC(534) Pause Full (Ergonomics)
[190.145s][info][gc,phases,start] GC(534) Marking Phase
[190.431s][info][gc,phases      ] GC(534) Marking Phase 285.554ms
[190.431s][info][gc,phases,start] GC(534) Summary Phase
[190.431s][info][gc,phases      ] GC(534) Summary Phase 0.017ms
[190.431s][info][gc,phases,start] GC(534) Adjust Roots
[190.431s][info][gc,phases      ] GC(534) Adjust Roots 0.254ms
[190.431s][info][gc,phases,start] GC(534) Compaction Phase
[190.528s][info][gc,phases      ] GC(534) Compaction Phase 97.298ms
[190.528s][info][gc,phases,start] GC(534) Post Compact
[190.530s][info][gc,phases      ] GC(534) Post Compact 1.705ms
[190.530s][info][gc,heap        ] GC(534) PSYoungGen: 33771K(77312K)->33771K(77312K) Eden: 24575K(24576K)->24575K(24576K) From: 9195K(52736K)->9195K(52736K)
[190.530s][info][gc,heap        ] GC(534) ParOldGen: 336485K(341504K)->336485K(341504K)
[190.530s][info][gc,metaspace   ] GC(534) Metaspace: 6296K(6464K)->6296K(6464K) NonClass: 5763K(5824K)->5763K(5824K) Class: 532K(640K)->532K(640K)
[190.530s][info][gc             ] GC(534) Pause Full (Ergonomics) 361M->361M(409M) 385.179ms
[190.530s][info][gc,cpu         ] GC(534) User=0.36s Sys=0.00s Real=0.38s
[190.531s][info][gc,start       ] GC(535) Pause Full (Ergonomics)
[190.531s][info][gc,phases,start] GC(535) Marking Phase
[190.812s][info][gc,phases      ] GC(535) Marking Phase 281.359ms
[190.812s][info][gc,phases,start] GC(535) Summary Phase
[190.812s][info][gc,phases      ] GC(535) Summary Phase 0.023ms
[190.812s][info][gc,phases,start] GC(535) Adjust Roots
[190.812s][info][gc,phases      ] GC(535) Adjust Roots 0.184ms
[190.812s][info][gc,phases,start] GC(535) Compaction Phase
[190.909s][info][gc,phases      ] GC(535) Compaction Phase 96.215ms
[190.909s][info][gc,phases,start] GC(535) Post Compact
[190.910s][info][gc,phases      ] GC(535) Post Compact 1.538ms
[190.910s][info][gc,heap        ] GC(535) PSYoungGen: 33771K(77312K)->33771K(77312K) Eden: 24575K(24576K)->24575K(24576K) From: 9195K(52736K)->9195K(52736K)
[190.910s][info][gc,heap        ] GC(535) ParOldGen: 336490K(341504K)->336490K(341504K)
[190.910s][info][gc,metaspace   ] GC(535) Metaspace: 6296K(6464K)->6296K(6464K) NonClass: 5763K(5824K)->5763K(5824K) Class: 532K(640K)->532K(640K)
[190.910s][info][gc             ] GC(535) Pause Full (Ergonomics) 361M->361M(409M) 379.650ms
[190.910s][info][gc,cpu         ] GC(535) User=0.36s Sys=0.00s Real=0.38s
[190.911s][info][gc,start       ] GC(536) Pause Full (Ergonomics)
[190.911s][info][gc,phases,start] GC(536) Marking Phase
[191.194s][info][gc,phases      ] GC(536) Marking Phase 283.362ms
[191.194s][info][gc,phases,start] GC(536) Summary Phase
[191.194s][info][gc,phases      ] GC(536) Summary Phase 0.024ms
[191.194s][info][gc,phases,start] GC(536) Adjust Roots
[191.194s][info][gc,phases      ] GC(536) Adjust Roots 0.206ms
[191.194s][info][gc,phases,start] GC(536) Compaction Phase
[191.289s][info][gc,phases      ] GC(536) Compaction Phase 94.572ms
[191.289s][info][gc,phases,start] GC(536) Post Compact
[191.291s][info][gc,phases      ] GC(536) Post Compact 1.533ms
[191.291s][info][gc,heap        ] GC(536) PSYoungGen: 33771K(77312K)->33771K(77312K) Eden: 24575K(24576K)->24575K(24576K) From: 9195K(52736K)->9195K(52736K)
[191.291s][info][gc,heap        ] GC(536) ParOldGen: 336494K(341504K)->336494K(341504K)
[191.291s][info][gc,metaspace   ] GC(536) Metaspace: 6296K(6464K)->6296K(6464K) NonClass: 5763K(5824K)->5763K(5824K) Class: 532K(640K)->532K(640K)
[191.291s][info][gc             ] GC(536) Pause Full (Ergonomics) 361M->361M(409M) 380.089ms
[191.291s][info][gc,cpu         ] GC(536) User=0.36s Sys=0.00s Real=0.38s
[191.291s][info][gc,start       ] GC(537) Pause Full (Ergonomics)
[191.291s][info][gc,phases,start] GC(537) Marking Phase
[191.572s][info][gc,phases      ] GC(537) Marking Phase 280.899ms
[191.572s][info][gc,phases,start] GC(537) Summary Phase
[191.572s][info][gc,phases      ] GC(537) Summary Phase 0.028ms
[191.572s][info][gc,phases,start] GC(537) Adjust Roots
[191.572s][info][gc,phases      ] GC(537) Adjust Roots 0.205ms
[191.572s][info][gc,phases,start] GC(537) Compaction Phase
[191.667s][info][gc,phases      ] GC(537) Compaction Phase 94.308ms
[191.667s][info][gc,phases,start] GC(537) Post Compact
[191.668s][info][gc,phases      ] GC(537) Post Compact 1.510ms
[191.668s][info][gc,heap        ] GC(537) PSYoungGen: 33771K(77312K)->33771K(77312K) Eden: 24575K(24576K)->24575K(24576K) From: 9195K(52736K)->9195K(52736K)
[191.668s][info][gc,heap        ] GC(537) ParOldGen: 336499K(341504K)->336499K(341504K)
[191.668s][info][gc,metaspace   ] GC(537) Metaspace: 6296K(6464K)->6296K(6464K) NonClass: 5763K(5824K)->5763K(5824K) Class: 532K(640K)->532K(640K)
[191.668s][info][gc             ] GC(537) Pause Full (Ergonomics) 361M->361M(409M) 377.319ms
[191.668s][info][gc,cpu         ] GC(537) User=0.34s Sys=0.00s Real=0.38s
[191.669s][info][gc,start       ] GC(538) Pause Full (Ergonomics)
[191.669s][info][gc,phases,start] GC(538) Marking Phase
[191.951s][info][gc,phases      ] GC(538) Marking Phase 282.611ms
[191.951s][info][gc,phases,start] GC(538) Summary Phase
[191.951s][info][gc,phases      ] GC(538) Summary Phase 0.034ms
[191.951s][info][gc,phases,start] GC(538) Adjust Roots
[191.952s][info][gc,phases      ] GC(538) Adjust Roots 0.238ms
[191.952s][info][gc,phases,start] GC(538) Compaction Phase
[192.047s][info][gc,phases      ] GC(538) Compaction Phase 95.204ms
[192.047s][info][gc,phases,start] GC(538) Post Compact
[192.048s][info][gc,phases      ] GC(538) Post Compact 1.522ms
[192.048s][info][gc,heap        ] GC(538) PSYoungGen: 33771K(77312K)->33771K(77312K) Eden: 24575K(24576K)->24575K(24576K) From: 9195K(52736K)->9195K(52736K)
[192.049s][info][gc,heap        ] GC(538) ParOldGen: 336504K(341504K)->336504K(341504K)
[192.049s][info][gc,metaspace   ] GC(538) Metaspace: 6296K(6464K)->6296K(6464K) NonClass: 5763K(5824K)->5763K(5824K) Class: 532K(640K)->532K(640K)
[192.049s][info][gc             ] GC(538) Pause Full (Ergonomics) 361M->361M(409M) 379.993ms
[192.049s][info][gc,cpu         ] GC(538) User=0.34s Sys=0.00s Real=0.38s
[192.049s][info][gc,start       ] GC(539) Pause Full (Ergonomics)
[192.049s][info][gc,phases,start] GC(539) Marking Phase
[192.329s][info][gc,phases      ] GC(539) Marking Phase 280.260ms
[192.329s][info][gc,phases,start] GC(539) Summary Phase
[192.329s][info][gc,phases      ] GC(539) Summary Phase 0.024ms
[192.329s][info][gc,phases,start] GC(539) Adjust Roots
[192.329s][info][gc,phases      ] GC(539) Adjust Roots 0.200ms
[192.329s][info][gc,phases,start] GC(539) Compaction Phase
[192.424s][info][gc,phases      ] GC(539) Compaction Phase 94.684ms
[192.424s][info][gc,phases,start] GC(539) Post Compact
[192.426s][info][gc,phases      ] GC(539) Post Compact 1.681ms
[192.426s][info][gc,heap        ] GC(539) PSYoungGen: 33771K(77312K)->33771K(77312K) Eden: 24575K(24576K)->24575K(24576K) From: 9195K(52736K)->9195K(52736K)
[192.426s][info][gc,heap        ] GC(539) ParOldGen: 336508K(341504K)->336508K(341504K)
[192.426s][info][gc,metaspace   ] GC(539) Metaspace: 6296K(6464K)->6296K(6464K) NonClass: 5763K(5824K)->5763K(5824K) Class: 532K(640K)->532K(640K)
[192.426s][info][gc             ] GC(539) Pause Full (Ergonomics) 361M->361M(409M) 377.185ms
[192.426s][info][gc,cpu         ] GC(539) User=0.36s Sys=0.00s Real=0.38s
[192.426s][info][gc,start       ] GC(540) Pause Full (Ergonomics)
[192.426s][info][gc,phases,start] GC(540) Marking Phase
[192.714s][info][gc,phases      ] GC(540) Marking Phase 287.662ms
[192.714s][info][gc,phases,start] GC(540) Summary Phase
[192.714s][info][gc,phases      ] GC(540) Summary Phase 0.035ms
[192.714s][info][gc,phases,start] GC(540) Adjust Roots
[192.714s][info][gc,phases      ] GC(540) Adjust Roots 0.247ms
[192.714s][info][gc,phases,start] GC(540) Compaction Phase
[192.810s][info][gc,phases      ] GC(540) Compaction Phase 95.168ms
[192.810s][info][gc,phases,start] GC(540) Post Compact
[192.811s][info][gc,phases      ] GC(540) Post Compact 1.509ms
[192.811s][info][gc,heap        ] GC(540) PSYoungGen: 33771K(77312K)->33771K(77312K) Eden: 24575K(24576K)->24575K(24576K) From: 9195K(52736K)->9195K(52736K)
[192.811s][info][gc,heap        ] GC(540) ParOldGen: 336513K(341504K)->336513K(341504K)
[192.811s][info][gc,metaspace   ] GC(540) Metaspace: 6296K(6464K)->6296K(6464K) NonClass: 5763K(5824K)->5763K(5824K) Class: 532K(640K)->532K(640K)
[192.811s][info][gc             ] GC(540) Pause Full (Ergonomics) 361M->361M(409M) 385.034ms
[192.811s][info][gc,cpu         ] GC(540) User=0.38s Sys=0.00s Real=0.38s
[192.812s][info][gc,start       ] GC(541) Pause Full (Ergonomics)
[192.812s][info][gc,phases,start] GC(541) Marking Phase
[193.092s][info][gc,phases      ] GC(541) Marking Phase 280.743ms
[193.092s][info][gc,phases,start] GC(541) Summary Phase
[193.092s][info][gc,phases      ] GC(541) Summary Phase 0.028ms
[193.092s][info][gc,phases,start] GC(541) Adjust Roots
[193.093s][info][gc,phases      ] GC(541) Adjust Roots 0.186ms
[193.093s][info][gc,phases,start] GC(541) Compaction Phase
[193.187s][info][gc,phases      ] GC(541) Compaction Phase 94.474ms
[193.187s][info][gc,phases,start] GC(541) Post Compact
[193.189s][info][gc,phases      ] GC(541) Post Compact 1.506ms
[193.189s][info][gc,heap        ] GC(541) PSYoungGen: 33771K(77312K)->33771K(77312K) Eden: 24575K(24576K)->24575K(24576K) From: 9195K(52736K)->9195K(52736K)
[193.189s][info][gc,heap        ] GC(541) ParOldGen: 336518K(341504K)->336518K(341504K)
[193.189s][info][gc,metaspace   ] GC(541) Metaspace: 6296K(6464K)->6296K(6464K) NonClass: 5763K(5824K)->5763K(5824K) Class: 532K(640K)->532K(640K)
[193.189s][info][gc             ] GC(541) Pause Full (Ergonomics) 361M->361M(409M) 377.264ms
[193.189s][info][gc,cpu         ] GC(541) User=0.36s Sys=0.00s Real=0.38s
[193.189s][info][gc,start       ] GC(542) Pause Full (Ergonomics)
[193.189s][info][gc,phases,start] GC(542) Marking Phase
[193.471s][info][gc,phases      ] GC(542) Marking Phase 281.460ms
[193.471s][info][gc,phases,start] GC(542) Summary Phase
[193.471s][info][gc,phases      ] GC(542) Summary Phase 0.019ms
[193.471s][info][gc,phases,start] GC(542) Adjust Roots
[193.471s][info][gc,phases      ] GC(542) Adjust Roots 0.259ms
[193.471s][info][gc,phases,start] GC(542) Compaction Phase
[193.567s][info][gc,phases      ] GC(542) Compaction Phase 96.400ms
[193.568s][info][gc,phases,start] GC(542) Post Compact
[193.569s][info][gc,phases      ] GC(542) Post Compact 1.837ms
[193.569s][info][gc,heap        ] GC(542) PSYoungGen: 33771K(77312K)->33771K(77312K) Eden: 24575K(24576K)->24575K(24576K) From: 9195K(52736K)->9195K(52736K)
[193.569s][info][gc,heap        ] GC(542) ParOldGen: 336522K(341504K)->336522K(341504K)
[193.569s][info][gc,metaspace   ] GC(542) Metaspace: 6296K(6464K)->6296K(6464K) NonClass: 5763K(5824K)->5763K(5824K) Class: 532K(640K)->532K(640K)
[193.569s][info][gc             ] GC(542) Pause Full (Ergonomics) 361M->361M(409M) 380.309ms
[193.570s][info][gc,cpu         ] GC(542) User=0.38s Sys=0.00s Real=0.38s
[193.570s][info][gc,start       ] GC(543) Pause Full (Ergonomics)
[193.570s][info][gc,phases,start] GC(543) Marking Phase
[193.851s][info][gc,phases      ] GC(543) Marking Phase 281.427ms
[193.851s][info][gc,phases,start] GC(543) Summary Phase
[193.851s][info][gc,phases      ] GC(543) Summary Phase 0.022ms
[193.851s][info][gc,phases,start] GC(543) Adjust Roots
[193.852s][info][gc,phases      ] GC(543) Adjust Roots 0.224ms
[193.852s][info][gc,phases,start] GC(543) Compaction Phase
[193.947s][info][gc,phases      ] GC(543) Compaction Phase 95.920ms
[193.948s][info][gc,phases,start] GC(543) Post Compact
[193.949s][info][gc,phases      ] GC(543) Post Compact 1.538ms
[193.949s][info][gc,heap        ] GC(543) PSYoungGen: 33771K(77312K)->33771K(77312K) Eden: 24575K(24576K)->24575K(24576K) From: 9195K(52736K)->9195K(52736K)
[193.949s][info][gc,heap        ] GC(543) ParOldGen: 336527K(341504K)->336527K(341504K)
[193.949s][info][gc,metaspace   ] GC(543) Metaspace: 6296K(6464K)->6296K(6464K) NonClass: 5763K(5824K)->5763K(5824K) Class: 532K(640K)->532K(640K)
[193.949s][info][gc             ] GC(543) Pause Full (Ergonomics) 361M->361M(409M) 379.493ms
[193.949s][info][gc,cpu         ] GC(543) User=0.36s Sys=0.00s Real=0.38s
[193.949s][info][gc,start       ] GC(544) Pause Full (Ergonomics)
[193.950s][info][gc,phases,start] GC(544) Marking Phase
[194.231s][info][gc,phases      ] GC(544) Marking Phase 281.630ms
[194.231s][info][gc,phases,start] GC(544) Summary Phase
[194.231s][info][gc,phases      ] GC(544) Summary Phase 0.023ms
[194.231s][info][gc,phases,start] GC(544) Adjust Roots
[194.231s][info][gc,phases      ] GC(544) Adjust Roots 0.210ms
[194.231s][info][gc,phases,start] GC(544) Compaction Phase
[194.327s][info][gc,phases      ] GC(544) Compaction Phase 95.432ms
[194.327s][info][gc,phases,start] GC(544) Post Compact
[194.329s][info][gc,phases      ] GC(544) Post Compact 1.521ms
[194.329s][info][gc,heap        ] GC(544) PSYoungGen: 33771K(77312K)->33771K(77312K) Eden: 24575K(24576K)->24575K(24576K) From: 9195K(52736K)->9195K(52736K)
[194.329s][info][gc,heap        ] GC(544) ParOldGen: 336532K(341504K)->336532K(341504K)
[194.329s][info][gc,metaspace   ] GC(544) Metaspace: 6296K(6464K)->6296K(6464K) NonClass: 5763K(5824K)->5763K(5824K) Class: 532K(640K)->532K(640K)
[194.329s][info][gc             ] GC(544) Pause Full (Ergonomics) 361M->361M(409M) 379.161ms
[194.329s][info][gc,cpu         ] GC(544) User=0.36s Sys=0.00s Real=0.38s
[194.329s][info][gc,start       ] GC(545) Pause Full (Ergonomics)
[194.329s][info][gc,phases,start] GC(545) Marking Phase
[194.612s][info][gc,phases      ] GC(545) Marking Phase 282.397ms
[194.612s][info][gc,phases,start] GC(545) Summary Phase
[194.612s][info][gc,phases      ] GC(545) Summary Phase 0.034ms
[194.612s][info][gc,phases,start] GC(545) Adjust Roots
[194.612s][info][gc,phases      ] GC(545) Adjust Roots 0.260ms
[194.612s][info][gc,phases,start] GC(545) Compaction Phase
[194.707s][info][gc,phases      ] GC(545) Compaction Phase 94.819ms
[194.707s][info][gc,phases,start] GC(545) Post Compact
[194.709s][info][gc,phases      ] GC(545) Post Compact 1.533ms
[194.709s][info][gc,heap        ] GC(545) PSYoungGen: 33771K(77312K)->33771K(77312K) Eden: 24575K(24576K)->24575K(24576K) From: 9195K(52736K)->9195K(52736K)
[194.709s][info][gc,heap        ] GC(545) ParOldGen: 336536K(341504K)->336536K(341504K)
[194.709s][info][gc,metaspace   ] GC(545) Metaspace: 6296K(6464K)->6296K(6464K) NonClass: 5763K(5824K)->5763K(5824K) Class: 532K(640K)->532K(640K)
[194.709s][info][gc             ] GC(545) Pause Full (Ergonomics) 361M->361M(409M) 379.462ms
[194.709s][info][gc,cpu         ] GC(545) User=0.36s Sys=0.00s Real=0.38s
[194.709s][info][gc,start       ] GC(546) Pause Full (Ergonomics)
[194.709s][info][gc,phases,start] GC(546) Marking Phase
[194.992s][info][gc,phases      ] GC(546) Marking Phase 282.761ms
[194.992s][info][gc,phases,start] GC(546) Summary Phase
[194.992s][info][gc,phases      ] GC(546) Summary Phase 0.024ms
[194.992s][info][gc,phases,start] GC(546) Adjust Roots
[194.992s][info][gc,phases      ] GC(546) Adjust Roots 0.293ms
[194.992s][info][gc,phases,start] GC(546) Compaction Phase
[195.087s][info][gc,phases      ] GC(546) Compaction Phase 95.021ms
[195.087s][info][gc,phases,start] GC(546) Post Compact
[195.089s][info][gc,phases      ] GC(546) Post Compact 1.707ms
[195.089s][info][gc,heap        ] GC(546) PSYoungGen: 33771K(77312K)->33771K(77312K) Eden: 24575K(24576K)->24575K(24576K) From: 9195K(52736K)->9195K(52736K)
[195.089s][info][gc,heap        ] GC(546) ParOldGen: 336541K(341504K)->336541K(341504K)
[195.089s][info][gc,metaspace   ] GC(546) Metaspace: 6296K(6464K)->6296K(6464K) NonClass: 5763K(5824K)->5763K(5824K) Class: 532K(640K)->532K(640K)
[195.089s][info][gc             ] GC(546) Pause Full (Ergonomics) 361M->361M(409M) 380.217ms
[195.089s][info][gc,cpu         ] GC(546) User=0.34s Sys=0.00s Real=0.38s
[195.089s][info][gc,start       ] GC(547) Pause Full (Ergonomics)
[195.089s][info][gc,phases,start] GC(547) Marking Phase
[195.374s][info][gc,phases      ] GC(547) Marking Phase 284.891ms
[195.374s][info][gc,phases,start] GC(547) Summary Phase
[195.374s][info][gc,phases      ] GC(547) Summary Phase 0.023ms
[195.374s][info][gc,phases,start] GC(547) Adjust Roots
[195.375s][info][gc,phases      ] GC(547) Adjust Roots 0.203ms
[195.375s][info][gc,phases,start] GC(547) Compaction Phase
[195.476s][info][gc,phases      ] GC(547) Compaction Phase 101.359ms
[195.476s][info][gc,phases,start] GC(547) Post Compact
[195.478s][info][gc,phases      ] GC(547) Post Compact 1.764ms
[195.478s][info][gc,heap        ] GC(547) PSYoungGen: 33771K(77312K)->33771K(77312K) Eden: 24575K(24576K)->24575K(24576K) From: 9195K(52736K)->9195K(52736K)
[195.478s][info][gc,heap        ] GC(547) ParOldGen: 336546K(341504K)->336546K(341504K)
[195.478s][info][gc,metaspace   ] GC(547) Metaspace: 6296K(6464K)->6296K(6464K) NonClass: 5763K(5824K)->5763K(5824K) Class: 532K(640K)->532K(640K)
[195.478s][info][gc             ] GC(547) Pause Full (Ergonomics) 361M->361M(409M) 388.607ms
[195.478s][info][gc,cpu         ] GC(547) User=0.34s Sys=0.00s Real=0.39s
[195.478s][info][gc,start       ] GC(548) Pause Full (Ergonomics)
[195.478s][info][gc,phases,start] GC(548) Marking Phase
[195.759s][info][gc,phases      ] GC(548) Marking Phase 280.685ms
[195.759s][info][gc,phases,start] GC(548) Summary Phase
[195.759s][info][gc,phases      ] GC(548) Summary Phase 0.023ms
[195.759s][info][gc,phases,start] GC(548) Adjust Roots
[195.759s][info][gc,phases      ] GC(548) Adjust Roots 0.203ms
[195.759s][info][gc,phases,start] GC(548) Compaction Phase
[195.856s][info][gc,phases      ] GC(548) Compaction Phase 96.971ms
[195.856s][info][gc,phases,start] GC(548) Post Compact
[195.858s][info][gc,phases      ] GC(548) Post Compact 1.505ms
[195.858s][info][gc,heap        ] GC(548) PSYoungGen: 33771K(77312K)->33771K(77312K) Eden: 24575K(24576K)->24575K(24576K) From: 9195K(52736K)->9195K(52736K)
[195.858s][info][gc,heap        ] GC(548) ParOldGen: 336550K(341504K)->336550K(341504K)
[195.858s][info][gc,metaspace   ] GC(548) Metaspace: 6296K(6464K)->6296K(6464K) NonClass: 5763K(5824K)->5763K(5824K) Class: 532K(640K)->532K(640K)
[195.858s][info][gc             ] GC(548) Pause Full (Ergonomics) 361M->361M(409M) 379.704ms
[195.858s][info][gc,cpu         ] GC(548) User=0.34s Sys=0.00s Real=0.38s
[195.858s][info][gc,start       ] GC(549) Pause Full (Ergonomics)
[195.858s][info][gc,phases,start] GC(549) Marking Phase
[196.141s][info][gc,phases      ] GC(549) Marking Phase 282.396ms
[196.141s][info][gc,phases,start] GC(549) Summary Phase
[196.141s][info][gc,phases      ] GC(549) Summary Phase 0.023ms
[196.141s][info][gc,phases,start] GC(549) Adjust Roots
[196.141s][info][gc,phases      ] GC(549) Adjust Roots 0.202ms
[196.141s][info][gc,phases,start] GC(549) Compaction Phase
[196.235s][info][gc,phases      ] GC(549) Compaction Phase 94.223ms
[196.235s][info][gc,phases,start] GC(549) Post Compact
[196.237s][info][gc,phases      ] GC(549) Post Compact 1.682ms
[196.237s][info][gc,heap        ] GC(549) PSYoungGen: 33771K(77312K)->33771K(77312K) Eden: 24575K(24576K)->24575K(24576K) From: 9195K(52736K)->9195K(52736K)
[196.237s][info][gc,heap        ] GC(549) ParOldGen: 336555K(341504K)->336555K(341504K)
[196.237s][info][gc,metaspace   ] GC(549) Metaspace: 6296K(6464K)->6296K(6464K) NonClass: 5763K(5824K)->5763K(5824K) Class: 532K(640K)->532K(640K)
[196.237s][info][gc             ] GC(549) Pause Full (Ergonomics) 361M->361M(409M) 378.870ms
[196.237s][info][gc,cpu         ] GC(549) User=0.36s Sys=0.00s Real=0.38s
[196.237s][info][gc,start       ] GC(550) Pause Full (Ergonomics)
[196.237s][info][gc,phases,start] GC(550) Marking Phase
[196.517s][info][gc,phases      ] GC(550) Marking Phase 279.207ms
[196.517s][info][gc,phases,start] GC(550) Summary Phase
[196.517s][info][gc,phases      ] GC(550) Summary Phase 0.030ms
[196.517s][info][gc,phases,start] GC(550) Adjust Roots
[196.517s][info][gc,phases      ] GC(550) Adjust Roots 0.193ms
[196.517s][info][gc,phases,start] GC(550) Compaction Phase
[196.612s][info][gc,phases      ] GC(550) Compaction Phase 94.885ms
[196.612s][info][gc,phases,start] GC(550) Post Compact
[196.614s][info][gc,phases      ] GC(550) Post Compact 1.639ms
[196.614s][info][gc,heap        ] GC(550) PSYoungGen: 33771K(77312K)->33771K(77312K) Eden: 24575K(24576K)->24575K(24576K) From: 9195K(52736K)->9195K(52736K)
[196.614s][info][gc,heap        ] GC(550) ParOldGen: 336560K(341504K)->336560K(341504K)
[196.614s][info][gc,metaspace   ] GC(550) Metaspace: 6296K(6464K)->6296K(6464K) NonClass: 5763K(5824K)->5763K(5824K) Class: 532K(640K)->532K(640K)
[196.614s][info][gc             ] GC(550) Pause Full (Ergonomics) 361M->361M(409M) 376.378ms
[196.614s][info][gc,cpu         ] GC(550) User=0.36s Sys=0.00s Real=0.38s
[196.614s][info][gc,start       ] GC(551) Pause Full (Ergonomics)
[196.614s][info][gc,phases,start] GC(551) Marking Phase
[196.894s][info][gc,phases      ] GC(551) Marking Phase 279.906ms
[196.894s][info][gc,phases,start] GC(551) Summary Phase
[196.894s][info][gc,phases      ] GC(551) Summary Phase 0.023ms
[196.894s][info][gc,phases,start] GC(551) Adjust Roots
[196.894s][info][gc,phases      ] GC(551) Adjust Roots 0.206ms
[196.894s][info][gc,phases,start] GC(551) Compaction Phase
[196.990s][info][gc,phases      ] GC(551) Compaction Phase 95.523ms
[196.990s][info][gc,phases,start] GC(551) Post Compact
[196.991s][info][gc,phases      ] GC(551) Post Compact 1.503ms
[196.991s][info][gc,heap        ] GC(551) PSYoungGen: 33771K(77312K)->33771K(77312K) Eden: 24575K(24576K)->24575K(24576K) From: 9195K(52736K)->9195K(52736K)
[196.991s][info][gc,heap        ] GC(551) ParOldGen: 336564K(341504K)->336564K(341504K)
[196.991s][info][gc,metaspace   ] GC(551) Metaspace: 6296K(6464K)->6296K(6464K) NonClass: 5763K(5824K)->5763K(5824K) Class: 532K(640K)->532K(640K)
[196.992s][info][gc             ] GC(551) Pause Full (Ergonomics) 361M->361M(409M) 377.486ms
[196.992s][info][gc,cpu         ] GC(551) User=0.38s Sys=0.00s Real=0.38s
[196.992s][info][gc,start       ] GC(552) Pause Full (Ergonomics)
[196.992s][info][gc,phases,start] GC(552) Marking Phase
[197.275s][info][gc,phases      ] GC(552) Marking Phase 283.320ms
[197.275s][info][gc,phases,start] GC(552) Summary Phase
[197.275s][info][gc,phases      ] GC(552) Summary Phase 0.035ms
[197.275s][info][gc,phases,start] GC(552) Adjust Roots
[197.276s][info][gc,phases      ] GC(552) Adjust Roots 0.317ms
[197.276s][info][gc,phases,start] GC(552) Compaction Phase
[197.372s][info][gc,phases      ] GC(552) Compaction Phase 96.783ms
[197.372s][info][gc,phases,start] GC(552) Post Compact
[197.374s][info][gc,phases      ] GC(552) Post Compact 1.871ms
[197.374s][info][gc,heap        ] GC(552) PSYoungGen: 33771K(77312K)->33771K(77312K) Eden: 24575K(24576K)->24575K(24576K) From: 9195K(52736K)->9195K(52736K)
[197.375s][info][gc,heap        ] GC(552) ParOldGen: 336569K(341504K)->336569K(341504K)
[197.375s][info][gc,metaspace   ] GC(552) Metaspace: 6296K(6464K)->6296K(6464K) NonClass: 5763K(5824K)->5763K(5824K) Class: 532K(640K)->532K(640K)
[197.375s][info][gc             ] GC(552) Pause Full (Ergonomics) 361M->361M(409M) 382.779ms
[197.375s][info][gc,cpu         ] GC(552) User=0.36s Sys=0.00s Real=0.38s
[197.375s][info][gc,start       ] GC(553) Pause Full (Ergonomics)
[197.375s][info][gc,phases,start] GC(553) Marking Phase
[197.659s][info][gc,phases      ] GC(553) Marking Phase 284.525ms
[197.659s][info][gc,phases,start] GC(553) Summary Phase
[197.659s][info][gc,phases      ] GC(553) Summary Phase 0.023ms
[197.659s][info][gc,phases,start] GC(553) Adjust Roots
[197.660s][info][gc,phases      ] GC(553) Adjust Roots 0.288ms
[197.660s][info][gc,phases,start] GC(553) Compaction Phase
[197.757s][info][gc,phases      ] GC(553) Compaction Phase 97.127ms
[197.757s][info][gc,phases,start] GC(553) Post Compact
[197.759s][info][gc,phases      ] GC(553) Post Compact 1.777ms
[197.759s][info][gc,heap        ] GC(553) PSYoungGen: 33771K(77312K)->33771K(77312K) Eden: 24575K(24576K)->24575K(24576K) From: 9195K(52736K)->9195K(52736K)
[197.759s][info][gc,heap        ] GC(553) ParOldGen: 336574K(341504K)->336574K(341504K)
[197.759s][info][gc,metaspace   ] GC(553) Metaspace: 6296K(6464K)->6296K(6464K) NonClass: 5763K(5824K)->5763K(5824K) Class: 532K(640K)->532K(640K)
[197.759s][info][gc             ] GC(553) Pause Full (Ergonomics) 361M->361M(409M) 384.097ms
[197.759s][info][gc,cpu         ] GC(553) User=0.39s Sys=0.00s Real=0.38s
[197.759s][info][gc,start       ] GC(554) Pause Full (Ergonomics)
[197.759s][info][gc,phases,start] GC(554) Marking Phase
[198.039s][info][gc,phases      ] GC(554) Marking Phase 279.681ms
[198.039s][info][gc,phases,start] GC(554) Summary Phase
[198.039s][info][gc,phases      ] GC(554) Summary Phase 0.023ms
[198.039s][info][gc,phases,start] GC(554) Adjust Roots
[198.039s][info][gc,phases      ] GC(554) Adjust Roots 0.211ms
[198.039s][info][gc,phases,start] GC(554) Compaction Phase
[198.134s][info][gc,phases      ] GC(554) Compaction Phase 95.177ms
[198.134s][info][gc,phases,start] GC(554) Post Compact
[198.136s][info][gc,phases      ] GC(554) Post Compact 1.536ms
[198.136s][info][gc,heap        ] GC(554) PSYoungGen: 33771K(77312K)->33771K(77312K) Eden: 24575K(24576K)->24575K(24576K) From: 9195K(52736K)->9195K(52736K)
[198.136s][info][gc,heap        ] GC(554) ParOldGen: 336578K(341504K)->336578K(341504K)
[198.136s][info][gc,metaspace   ] GC(554) Metaspace: 6296K(6464K)->6296K(6464K) NonClass: 5763K(5824K)->5763K(5824K) Class: 532K(640K)->532K(640K)
[198.136s][info][gc             ] GC(554) Pause Full (Ergonomics) 361M->361M(409M) 376.949ms
[198.136s][info][gc,cpu         ] GC(554) User=0.36s Sys=0.00s Real=0.38s
[198.136s][info][gc,start       ] GC(555) Pause Full (Ergonomics)
[198.136s][info][gc,phases,start] GC(555) Marking Phase
[198.416s][info][gc,phases      ] GC(555) Marking Phase 279.613ms
[198.416s][info][gc,phases,start] GC(555) Summary Phase
[198.416s][info][gc,phases      ] GC(555) Summary Phase 0.023ms
[198.416s][info][gc,phases,start] GC(555) Adjust Roots
[198.416s][info][gc,phases      ] GC(555) Adjust Roots 0.207ms
[198.416s][info][gc,phases,start] GC(555) Compaction Phase
[198.512s][info][gc,phases      ] GC(555) Compaction Phase 95.700ms
[198.512s][info][gc,phases,start] GC(555) Post Compact
[198.514s][info][gc,phases      ] GC(555) Post Compact 1.580ms
[198.514s][info][gc,heap        ] GC(555) PSYoungGen: 33771K(77312K)->33771K(77312K) Eden: 24575K(24576K)->24575K(24576K) From: 9195K(52736K)->9195K(52736K)
[198.514s][info][gc,heap        ] GC(555) ParOldGen: 336583K(341504K)->336583K(341504K)
[198.514s][info][gc,metaspace   ] GC(555) Metaspace: 6296K(6464K)->6296K(6464K) NonClass: 5763K(5824K)->5763K(5824K) Class: 532K(640K)->532K(640K)
[198.514s][info][gc             ] GC(555) Pause Full (Ergonomics) 361M->361M(409M) 377.450ms
[198.514s][info][gc,cpu         ] GC(555) User=0.36s Sys=0.00s Real=0.38s
[198.514s][info][gc,start       ] GC(556) Pause Full (Ergonomics)
[198.514s][info][gc,phases,start] GC(556) Marking Phase
[198.794s][info][gc,phases      ] GC(556) Marking Phase 280.319ms
[198.794s][info][gc,phases,start] GC(556) Summary Phase
[198.794s][info][gc,phases      ] GC(556) Summary Phase 0.022ms
[198.795s][info][gc,phases,start] GC(556) Adjust Roots
[198.795s][info][gc,phases      ] GC(556) Adjust Roots 0.185ms
[198.795s][info][gc,phases,start] GC(556) Compaction Phase
[198.888s][info][gc,phases      ] GC(556) Compaction Phase 93.061ms
[198.888s][info][gc,phases,start] GC(556) Post Compact
[198.889s][info][gc,phases      ] GC(556) Post Compact 1.628ms
[198.890s][info][gc,heap        ] GC(556) PSYoungGen: 33771K(77312K)->33771K(77312K) Eden: 24575K(24576K)->24575K(24576K) From: 9195K(52736K)->9195K(52736K)
[198.890s][info][gc,heap        ] GC(556) ParOldGen: 336588K(341504K)->336588K(341504K)
[198.890s][info][gc,metaspace   ] GC(556) Metaspace: 6296K(6464K)->6296K(6464K) NonClass: 5763K(5824K)->5763K(5824K) Class: 532K(640K)->532K(640K)
[198.890s][info][gc             ] GC(556) Pause Full (Ergonomics) 361M->361M(409M) 375.707ms
[198.890s][info][gc,cpu         ] GC(556) User=0.38s Sys=0.00s Real=0.38s
[198.890s][info][gc,start       ] GC(557) Pause Full (Ergonomics)
[198.890s][info][gc,phases,start] GC(557) Marking Phase
[199.173s][info][gc,phases      ] GC(557) Marking Phase 283.000ms
[199.173s][info][gc,phases,start] GC(557) Summary Phase
[199.173s][info][gc,phases      ] GC(557) Summary Phase 0.019ms
[199.173s][info][gc,phases,start] GC(557) Adjust Roots
[199.173s][info][gc,phases      ] GC(557) Adjust Roots 0.288ms
[199.173s][info][gc,phases,start] GC(557) Compaction Phase
[199.270s][info][gc,phases      ] GC(557) Compaction Phase 96.087ms
[199.270s][info][gc,phases,start] GC(557) Post Compact
[199.271s][info][gc,phases      ] GC(557) Post Compact 1.695ms
[199.271s][info][gc,heap        ] GC(557) PSYoungGen: 33771K(77312K)->33771K(77312K) Eden: 24575K(24576K)->24575K(24576K) From: 9195K(52736K)->9195K(52736K)
[199.271s][info][gc,heap        ] GC(557) ParOldGen: 336592K(341504K)->336592K(341504K)
[199.271s][info][gc,metaspace   ] GC(557) Metaspace: 6296K(6464K)->6296K(6464K) NonClass: 5763K(5824K)->5763K(5824K) Class: 532K(640K)->532K(640K)
[199.271s][info][gc             ] GC(557) Pause Full (Ergonomics) 361M->361M(409M) 381.429ms
[199.271s][info][gc,cpu         ] GC(557) User=0.36s Sys=0.00s Real=0.38s
[199.272s][info][gc,start       ] GC(558) Pause Full (Ergonomics)
[199.272s][info][gc,phases,start] GC(558) Marking Phase
[199.552s][info][gc,phases      ] GC(558) Marking Phase 280.472ms
[199.552s][info][gc,phases,start] GC(558) Summary Phase
[199.552s][info][gc,phases      ] GC(558) Summary Phase 0.023ms
[199.552s][info][gc,phases,start] GC(558) Adjust Roots
[199.553s][info][gc,phases      ] GC(558) Adjust Roots 0.212ms
[199.553s][info][gc,phases,start] GC(558) Compaction Phase
[199.648s][info][gc,phases      ] GC(558) Compaction Phase 95.120ms
[199.648s][info][gc,phases,start] GC(558) Post Compact
[199.649s][info][gc,phases      ] GC(558) Post Compact 1.538ms
[199.649s][info][gc,heap        ] GC(558) PSYoungGen: 33771K(77312K)->33771K(77312K) Eden: 24575K(24576K)->24575K(24576K) From: 9195K(52736K)->9195K(52736K)
[199.649s][info][gc,heap        ] GC(558) ParOldGen: 336597K(341504K)->336597K(341504K)
[199.649s][info][gc,metaspace   ] GC(558) Metaspace: 6296K(6464K)->6296K(6464K) NonClass: 5763K(5824K)->5763K(5824K) Class: 532K(640K)->532K(640K)
[199.650s][info][gc             ] GC(558) Pause Full (Ergonomics) 361M->361M(409M) 377.738ms
[199.650s][info][gc,cpu         ] GC(558) User=0.34s Sys=0.00s Real=0.38s
[199.650s][info][gc,start       ] GC(559) Pause Full (Ergonomics)
[199.650s][info][gc,phases,start] GC(559) Marking Phase
[199.931s][info][gc,phases      ] GC(559) Marking Phase 281.118ms
[199.931s][info][gc,phases,start] GC(559) Summary Phase
[199.931s][info][gc,phases      ] GC(559) Summary Phase 0.023ms
[199.931s][info][gc,phases,start] GC(559) Adjust Roots
[199.931s][info][gc,phases      ] GC(559) Adjust Roots 0.188ms
[199.931s][info][gc,phases,start] GC(559) Compaction Phase
[200.029s][info][gc,phases      ] GC(559) Compaction Phase 97.803ms
[200.029s][info][gc,phases,start] GC(559) Post Compact
[200.031s][info][gc,phases      ] GC(559) Post Compact 1.518ms
[200.031s][info][gc,heap        ] GC(559) PSYoungGen: 33771K(77312K)->33771K(77312K) Eden: 24575K(24576K)->24575K(24576K) From: 9195K(52736K)->9195K(52736K)
[200.031s][info][gc,heap        ] GC(559) ParOldGen: 336602K(341504K)->336602K(341504K)
[200.031s][info][gc,metaspace   ] GC(559) Metaspace: 6296K(6464K)->6296K(6464K) NonClass: 5763K(5824K)->5763K(5824K) Class: 532K(640K)->532K(640K)
[200.031s][info][gc             ] GC(559) Pause Full (Ergonomics) 361M->361M(409M) 381.002ms
[200.031s][info][gc,cpu         ] GC(559) User=0.36s Sys=0.00s Real=0.38s
[200.031s][info][gc,start       ] GC(560) Pause Full (Ergonomics)
[200.031s][info][gc,phases,start] GC(560) Marking Phase
[200.312s][info][gc,phases      ] GC(560) Marking Phase 281.071ms
[200.312s][info][gc,phases,start] GC(560) Summary Phase
[200.312s][info][gc,phases      ] GC(560) Summary Phase 0.022ms
[200.312s][info][gc,phases,start] GC(560) Adjust Roots
[200.313s][info][gc,phases      ] GC(560) Adjust Roots 0.200ms
[200.313s][info][gc,phases,start] GC(560) Compaction Phase
[200.407s][info][gc,phases      ] GC(560) Compaction Phase 94.281ms
[200.407s][info][gc,phases,start] GC(560) Post Compact
[200.409s][info][gc,phases      ] GC(560) Post Compact 1.514ms
[200.409s][info][gc,heap        ] GC(560) PSYoungGen: 33771K(77312K)->33771K(77312K) Eden: 24575K(24576K)->24575K(24576K) From: 9195K(52736K)->9195K(52736K)
[200.409s][info][gc,heap        ] GC(560) ParOldGen: 336606K(341504K)->336606K(341504K)
[200.409s][info][gc,metaspace   ] GC(560) Metaspace: 6296K(6464K)->6296K(6464K) NonClass: 5763K(5824K)->5763K(5824K) Class: 532K(640K)->532K(640K)
[200.409s][info][gc             ] GC(560) Pause Full (Ergonomics) 361M->361M(409M) 377.432ms
[200.409s][info][gc,cpu         ] GC(560) User=0.36s Sys=0.00s Real=0.38s
[200.409s][info][gc,start       ] GC(561) Pause Full (Ergonomics)
[200.409s][info][gc,phases,start] GC(561) Marking Phase
[200.692s][info][gc,phases      ] GC(561) Marking Phase 282.884ms
[200.692s][info][gc,phases,start] GC(561) Summary Phase
[200.692s][info][gc,phases      ] GC(561) Summary Phase 0.023ms
[200.692s][info][gc,phases,start] GC(561) Adjust Roots
[200.692s][info][gc,phases      ] GC(561) Adjust Roots 0.227ms
[200.692s][info][gc,phases,start] GC(561) Compaction Phase
[200.787s][info][gc,phases      ] GC(561) Compaction Phase 94.908ms
[200.787s][info][gc,phases,start] GC(561) Post Compact
[200.789s][info][gc,phases      ] GC(561) Post Compact 1.518ms
[200.789s][info][gc,heap        ] GC(561) PSYoungGen: 33771K(77312K)->33771K(77312K) Eden: 24575K(24576K)->24575K(24576K) From: 9195K(52736K)->9195K(52736K)
[200.789s][info][gc,heap        ] GC(561) ParOldGen: 336611K(341504K)->336611K(341504K)
[200.789s][info][gc,metaspace   ] GC(561) Metaspace: 6296K(6464K)->6296K(6464K) NonClass: 5763K(5824K)->5763K(5824K) Class: 532K(640K)->532K(640K)
[200.789s][info][gc             ] GC(561) Pause Full (Ergonomics) 361M->361M(409M) 379.938ms
[200.789s][info][gc,cpu         ] GC(561) User=0.39s Sys=0.00s Real=0.38s
[200.789s][info][gc,start       ] GC(562) Pause Full (Ergonomics)
[200.790s][info][gc,phases,start] GC(562) Marking Phase
[201.073s][info][gc,phases      ] GC(562) Marking Phase 283.547ms
[201.073s][info][gc,phases,start] GC(562) Summary Phase
[201.073s][info][gc,phases      ] GC(562) Summary Phase 0.025ms
[201.073s][info][gc,phases,start] GC(562) Adjust Roots
[201.073s][info][gc,phases      ] GC(562) Adjust Roots 0.209ms
[201.073s][info][gc,phases,start] GC(562) Compaction Phase
[201.171s][info][gc,phases      ] GC(562) Compaction Phase 97.479ms
[201.171s][info][gc,phases,start] GC(562) Post Compact
[201.173s][info][gc,phases      ] GC(562) Post Compact 1.520ms
[201.173s][info][gc,heap        ] GC(562) PSYoungGen: 33771K(77312K)->33771K(77312K) Eden: 24575K(24576K)->24575K(24576K) From: 9195K(52736K)->9195K(52736K)
[201.173s][info][gc,heap        ] GC(562) ParOldGen: 336616K(341504K)->336616K(341504K)
[201.173s][info][gc,metaspace   ] GC(562) Metaspace: 6296K(6464K)->6296K(6464K) NonClass: 5763K(5824K)->5763K(5824K) Class: 532K(640K)->532K(640K)
[201.173s][info][gc             ] GC(562) Pause Full (Ergonomics) 361M->361M(409M) 383.191ms
[201.173s][info][gc,cpu         ] GC(562) User=0.34s Sys=0.00s Real=0.38s
[201.173s][info][gc,start       ] GC(563) Pause Full (Ergonomics)
[201.173s][info][gc,phases,start] GC(563) Marking Phase
[201.455s][info][gc,phases      ] GC(563) Marking Phase 281.556ms
[201.455s][info][gc,phases,start] GC(563) Summary Phase
[201.455s][info][gc,phases      ] GC(563) Summary Phase 0.023ms
[201.455s][info][gc,phases,start] GC(563) Adjust Roots
[201.455s][info][gc,phases      ] GC(563) Adjust Roots 0.308ms
[201.455s][info][gc,phases,start] GC(563) Compaction Phase
[201.551s][info][gc,phases      ] GC(563) Compaction Phase 96.193ms
[201.551s][info][gc,phases,start] GC(563) Post Compact
[201.553s][info][gc,phases      ] GC(563) Post Compact 1.519ms
[201.553s][info][gc,heap        ] GC(563) PSYoungGen: 33771K(77312K)->33771K(77312K) Eden: 24575K(24576K)->24575K(24576K) From: 9195K(52736K)->9195K(52736K)
[201.553s][info][gc,heap        ] GC(563) ParOldGen: 336620K(341504K)->336620K(341504K)
[201.553s][info][gc,metaspace   ] GC(563) Metaspace: 6296K(6464K)->6296K(6464K) NonClass: 5763K(5824K)->5763K(5824K) Class: 532K(640K)->532K(640K)
[201.553s][info][gc             ] GC(563) Pause Full (Ergonomics) 361M->361M(409M) 379.950ms
[201.553s][info][gc,cpu         ] GC(563) User=0.33s Sys=0.00s Real=0.38s
[201.553s][info][gc,start       ] GC(564) Pause Full (Ergonomics)
[201.553s][info][gc,phases,start] GC(564) Marking Phase
[201.835s][info][gc,phases      ] GC(564) Marking Phase 281.662ms
[201.835s][info][gc,phases,start] GC(564) Summary Phase
[201.835s][info][gc,phases      ] GC(564) Summary Phase 0.022ms
[201.835s][info][gc,phases,start] GC(564) Adjust Roots
[201.835s][info][gc,phases      ] GC(564) Adjust Roots 0.207ms
[201.835s][info][gc,phases,start] GC(564) Compaction Phase
[201.930s][info][gc,phases      ] GC(564) Compaction Phase 95.105ms
[201.930s][info][gc,phases,start] GC(564) Post Compact
[201.932s][info][gc,phases      ] GC(564) Post Compact 1.516ms
[201.932s][info][gc,heap        ] GC(564) PSYoungGen: 33771K(77312K)->33771K(77312K) Eden: 24575K(24576K)->24575K(24576K) From: 9195K(52736K)->9195K(52736K)
[201.932s][info][gc,heap        ] GC(564) ParOldGen: 336625K(341504K)->336625K(341504K)
[201.932s][info][gc,metaspace   ] GC(564) Metaspace: 6296K(6464K)->6296K(6464K) NonClass: 5763K(5824K)->5763K(5824K) Class: 532K(640K)->532K(640K)
[201.932s][info][gc             ] GC(564) Pause Full (Ergonomics) 361M->361M(409M) 378.841ms
[201.932s][info][gc,cpu         ] GC(564) User=0.34s Sys=0.00s Real=0.38s
[201.932s][info][gc,start       ] GC(565) Pause Full (Ergonomics)
[201.932s][info][gc,phases,start] GC(565) Marking Phase
[202.215s][info][gc,phases      ] GC(565) Marking Phase 282.493ms
[202.215s][info][gc,phases,start] GC(565) Summary Phase
[202.215s][info][gc,phases      ] GC(565) Summary Phase 0.035ms
[202.215s][info][gc,phases,start] GC(565) Adjust Roots
[202.215s][info][gc,phases      ] GC(565) Adjust Roots 0.262ms
[202.215s][info][gc,phases,start] GC(565) Compaction Phase
[202.311s][info][gc,phases      ] GC(565) Compaction Phase 96.056ms
[202.311s][info][gc,phases,start] GC(565) Post Compact
[202.313s][info][gc,phases      ] GC(565) Post Compact 1.547ms
[202.313s][info][gc,heap        ] GC(565) PSYoungGen: 33771K(77312K)->33771K(77312K) Eden: 24575K(24576K)->24575K(24576K) From: 9195K(52736K)->9195K(52736K)
[202.313s][info][gc,heap        ] GC(565) ParOldGen: 336630K(341504K)->336630K(341504K)
[202.313s][info][gc,metaspace   ] GC(565) Metaspace: 6296K(6464K)->6296K(6464K) NonClass: 5763K(5824K)->5763K(5824K) Class: 532K(640K)->532K(640K)
[202.313s][info][gc             ] GC(565) Pause Full (Ergonomics) 361M->361M(409M) 380.785ms
[202.313s][info][gc,cpu         ] GC(565) User=0.34s Sys=0.00s Real=0.38s
[202.313s][info][gc,start       ] GC(566) Pause Full (Ergonomics)
[202.313s][info][gc,phases,start] GC(566) Marking Phase
[202.596s][info][gc,phases      ] GC(566) Marking Phase 282.871ms
[202.596s][info][gc,phases,start] GC(566) Summary Phase
[202.596s][info][gc,phases      ] GC(566) Summary Phase 0.035ms
[202.596s][info][gc,phases,start] GC(566) Adjust Roots
[202.597s][info][gc,phases      ] GC(566) Adjust Roots 0.263ms
[202.597s][info][gc,phases,start] GC(566) Compaction Phase
[202.692s][info][gc,phases      ] GC(566) Compaction Phase 94.924ms
[202.692s][info][gc,phases,start] GC(566) Post Compact
[202.693s][info][gc,phases      ] GC(566) Post Compact 1.728ms
[202.694s][info][gc,heap        ] GC(566) PSYoungGen: 33771K(77312K)->33771K(77312K) Eden: 24575K(24576K)->24575K(24576K) From: 9195K(52736K)->9195K(52736K)
[202.694s][info][gc,heap        ] GC(566) ParOldGen: 336634K(341504K)->336634K(341504K)
[202.694s][info][gc,metaspace   ] GC(566) Metaspace: 6296K(6464K)->6296K(6464K) NonClass: 5763K(5824K)->5763K(5824K) Class: 532K(640K)->532K(640K)
[202.694s][info][gc             ] GC(566) Pause Full (Ergonomics) 361M->361M(409M) 380.224ms
[202.694s][info][gc,cpu         ] GC(566) User=0.38s Sys=0.00s Real=0.38s
[202.694s][info][gc,start       ] GC(567) Pause Full (Ergonomics)
[202.694s][info][gc,phases,start] GC(567) Marking Phase
[202.976s][info][gc,phases      ] GC(567) Marking Phase 282.340ms
[202.976s][info][gc,phases,start] GC(567) Summary Phase
[202.976s][info][gc,phases      ] GC(567) Summary Phase 0.023ms
[202.976s][info][gc,phases,start] GC(567) Adjust Roots
[202.977s][info][gc,phases      ] GC(567) Adjust Roots 0.241ms
[202.977s][info][gc,phases,start] GC(567) Compaction Phase
[203.072s][info][gc,phases      ] GC(567) Compaction Phase 94.917ms
[203.072s][info][gc,phases,start] GC(567) Post Compact
[203.073s][info][gc,phases      ] GC(567) Post Compact 1.519ms
[203.073s][info][gc,heap        ] GC(567) PSYoungGen: 33771K(77312K)->33771K(77312K) Eden: 24575K(24576K)->24575K(24576K) From: 9195K(52736K)->9195K(52736K)
[203.073s][info][gc,heap        ] GC(567) ParOldGen: 336639K(341504K)->336639K(341504K)
[203.073s][info][gc,metaspace   ] GC(567) Metaspace: 6296K(6464K)->6296K(6464K) NonClass: 5763K(5824K)->5763K(5824K) Class: 532K(640K)->532K(640K)
[203.073s][info][gc             ] GC(567) Pause Full (Ergonomics) 361M->361M(409M) 379.380ms
[203.073s][info][gc,cpu         ] GC(567) User=0.34s Sys=0.00s Real=0.38s
[203.074s][info][gc,start       ] GC(568) Pause Full (Ergonomics)
[203.074s][info][gc,phases,start] GC(568) Marking Phase
[203.357s][info][gc,phases      ] GC(568) Marking Phase 283.197ms
[203.357s][info][gc,phases,start] GC(568) Summary Phase
[203.357s][info][gc,phases      ] GC(568) Summary Phase 0.034ms
[203.357s][info][gc,phases,start] GC(568) Adjust Roots
[203.357s][info][gc,phases      ] GC(568) Adjust Roots 0.247ms
[203.357s][info][gc,phases,start] GC(568) Compaction Phase
[203.453s][info][gc,phases      ] GC(568) Compaction Phase 95.944ms
[203.453s][info][gc,phases,start] GC(568) Post Compact
[203.455s][info][gc,phases      ] GC(568) Post Compact 1.654ms
[203.455s][info][gc,heap        ] GC(568) PSYoungGen: 33771K(77312K)->33771K(77312K) Eden: 24575K(24576K)->24575K(24576K) From: 9195K(52736K)->9195K(52736K)
[203.455s][info][gc,heap        ] GC(568) ParOldGen: 336644K(341504K)->336644K(341504K)
[203.455s][info][gc,metaspace   ] GC(568) Metaspace: 6296K(6464K)->6296K(6464K) NonClass: 5763K(5824K)->5763K(5824K) Class: 532K(640K)->532K(640K)
[203.455s][info][gc             ] GC(568) Pause Full (Ergonomics) 361M->361M(409M) 381.465ms
[203.455s][info][gc,cpu         ] GC(568) User=0.36s Sys=0.00s Real=0.38s
[203.455s][info][gc,start       ] GC(569) Pause Full (Ergonomics)
[203.455s][info][gc,phases,start] GC(569) Marking Phase
[203.740s][info][gc,phases      ] GC(569) Marking Phase 284.589ms
[203.740s][info][gc,phases,start] GC(569) Summary Phase
[203.740s][info][gc,phases      ] GC(569) Summary Phase 0.019ms
[203.740s][info][gc,phases,start] GC(569) Adjust Roots
[203.740s][info][gc,phases      ] GC(569) Adjust Roots 0.275ms
[203.740s][info][gc,phases,start] GC(569) Compaction Phase
[203.837s][info][gc,phases      ] GC(569) Compaction Phase 96.275ms
[203.837s][info][gc,phases,start] GC(569) Post Compact
[203.838s][info][gc,phases      ] GC(569) Post Compact 1.573ms
[203.838s][info][gc,heap        ] GC(569) PSYoungGen: 33771K(77312K)->33771K(77312K) Eden: 24575K(24576K)->24575K(24576K) From: 9195K(52736K)->9195K(52736K)
[203.838s][info][gc,heap        ] GC(569) ParOldGen: 336648K(341504K)->336648K(341504K)
[203.838s][info][gc,metaspace   ] GC(569) Metaspace: 6296K(6464K)->6296K(6464K) NonClass: 5763K(5824K)->5763K(5824K) Class: 532K(640K)->532K(640K)
[203.838s][info][gc             ] GC(569) Pause Full (Ergonomics) 361M->361M(409M) 383.069ms
[203.838s][info][gc,cpu         ] GC(569) User=0.34s Sys=0.00s Real=0.38s
[203.839s][info][gc,start       ] GC(570) Pause Full (Ergonomics)
[203.839s][info][gc,phases,start] GC(570) Marking Phase
[204.121s][info][gc,phases      ] GC(570) Marking Phase 282.231ms
[204.121s][info][gc,phases,start] GC(570) Summary Phase
[204.121s][info][gc,phases      ] GC(570) Summary Phase 0.023ms
[204.121s][info][gc,phases,start] GC(570) Adjust Roots
[204.121s][info][gc,phases      ] GC(570) Adjust Roots 0.206ms
[204.121s][info][gc,phases,start] GC(570) Compaction Phase
[204.216s][info][gc,phases      ] GC(570) Compaction Phase 95.071ms
[204.216s][info][gc,phases,start] GC(570) Post Compact
[204.218s][info][gc,phases      ] GC(570) Post Compact 1.512ms
[204.218s][info][gc,heap        ] GC(570) PSYoungGen: 33771K(77312K)->33771K(77312K) Eden: 24575K(24576K)->24575K(24576K) From: 9195K(52736K)->9195K(52736K)
[204.218s][info][gc,heap        ] GC(570) ParOldGen: 336653K(341504K)->336653K(341504K)
[204.218s][info][gc,metaspace   ] GC(570) Metaspace: 6296K(6464K)->6296K(6464K) NonClass: 5763K(5824K)->5763K(5824K) Class: 532K(640K)->532K(640K)
[204.218s][info][gc             ] GC(570) Pause Full (Ergonomics) 361M->361M(409M) 379.368ms
[204.218s][info][gc,cpu         ] GC(570) User=0.34s Sys=0.00s Real=0.38s
[204.218s][info][gc,start       ] GC(571) Pause Full (Ergonomics)
[204.218s][info][gc,phases,start] GC(571) Marking Phase
[204.501s][info][gc,phases      ] GC(571) Marking Phase 282.894ms
[204.501s][info][gc,phases,start] GC(571) Summary Phase
[204.501s][info][gc,phases      ] GC(571) Summary Phase 0.034ms
[204.501s][info][gc,phases,start] GC(571) Adjust Roots
[204.502s][info][gc,phases      ] GC(571) Adjust Roots 0.239ms
[204.502s][info][gc,phases,start] GC(571) Compaction Phase
[204.597s][info][gc,phases      ] GC(571) Compaction Phase 95.406ms
[204.597s][info][gc,phases,start] GC(571) Post Compact
[204.599s][info][gc,phases      ] GC(571) Post Compact 1.593ms
[204.599s][info][gc,heap        ] GC(571) PSYoungGen: 33771K(77312K)->33771K(77312K) Eden: 24575K(24576K)->24575K(24576K) From: 9195K(52736K)->9195K(52736K)
[204.599s][info][gc,heap        ] GC(571) ParOldGen: 336658K(341504K)->336658K(341504K)
[204.599s][info][gc,metaspace   ] GC(571) Metaspace: 6296K(6464K)->6296K(6464K) NonClass: 5763K(5824K)->5763K(5824K) Class: 532K(640K)->532K(640K)
[204.599s][info][gc             ] GC(571) Pause Full (Ergonomics) 361M->361M(409M) 380.588ms
[204.599s][info][gc,cpu         ] GC(571) User=0.36s Sys=0.00s Real=0.38s
[204.599s][info][gc,start       ] GC(572) Pause Full (Ergonomics)
[204.599s][info][gc,phases,start] GC(572) Marking Phase
[204.883s][info][gc,phases      ] GC(572) Marking Phase 283.296ms
[204.883s][info][gc,phases,start] GC(572) Summary Phase
[204.883s][info][gc,phases      ] GC(572) Summary Phase 0.034ms
[204.883s][info][gc,phases,start] GC(572) Adjust Roots
[204.883s][info][gc,phases      ] GC(572) Adjust Roots 0.249ms
[204.883s][info][gc,phases,start] GC(572) Compaction Phase
[204.979s][info][gc,phases      ] GC(572) Compaction Phase 95.873ms
[204.979s][info][gc,phases,start] GC(572) Post Compact
[204.981s][info][gc,phases      ] GC(572) Post Compact 1.546ms
[204.981s][info][gc,heap        ] GC(572) PSYoungGen: 33771K(77312K)->33771K(77312K) Eden: 24575K(24576K)->24575K(24576K) From: 9195K(52736K)->9195K(52736K)
[204.981s][info][gc,heap        ] GC(572) ParOldGen: 336662K(341504K)->336662K(341504K)
[204.981s][info][gc,metaspace   ] GC(572) Metaspace: 6296K(6464K)->6296K(6464K) NonClass: 5763K(5824K)->5763K(5824K) Class: 532K(640K)->532K(640K)
[204.981s][info][gc             ] GC(572) Pause Full (Ergonomics) 361M->361M(409M) 381.371ms
[204.981s][info][gc,cpu         ] GC(572) User=0.34s Sys=0.00s Real=0.38s
[204.981s][info][gc,start       ] GC(573) Pause Full (Ergonomics)
[204.981s][info][gc,phases,start] GC(573) Marking Phase
[205.265s][info][gc,phases      ] GC(573) Marking Phase 283.984ms
[205.265s][info][gc,phases,start] GC(573) Summary Phase
[205.265s][info][gc,phases      ] GC(573) Summary Phase 0.041ms
[205.265s][info][gc,phases,start] GC(573) Adjust Roots
[205.265s][info][gc,phases      ] GC(573) Adjust Roots 0.276ms
[205.265s][info][gc,phases,start] GC(573) Compaction Phase
[205.361s][info][gc,phases      ] GC(573) Compaction Phase 95.104ms
[205.361s][info][gc,phases,start] GC(573) Post Compact
[205.362s][info][gc,phases      ] GC(573) Post Compact 1.524ms
[205.362s][info][gc,heap        ] GC(573) PSYoungGen: 33771K(77312K)->33771K(77312K) Eden: 24575K(24576K)->24575K(24576K) From: 9195K(52736K)->9195K(52736K)
[205.362s][info][gc,heap        ] GC(573) ParOldGen: 336667K(341504K)->336667K(341504K)
[205.362s][info][gc,metaspace   ] GC(573) Metaspace: 6296K(6464K)->6296K(6464K) NonClass: 5763K(5824K)->5763K(5824K) Class: 532K(640K)->532K(640K)
[205.362s][info][gc             ] GC(573) Pause Full (Ergonomics) 361M->361M(409M) 381.342ms
[205.362s][info][gc,cpu         ] GC(573) User=0.33s Sys=0.02s Real=0.38s
[205.363s][info][gc,start       ] GC(574) Pause Full (Ergonomics)
[205.363s][info][gc,phases,start] GC(574) Marking Phase
[205.645s][info][gc,phases      ] GC(574) Marking Phase 282.244ms
[205.645s][info][gc,phases,start] GC(574) Summary Phase
[205.645s][info][gc,phases      ] GC(574) Summary Phase 0.034ms
[205.645s][info][gc,phases,start] GC(574) Adjust Roots
[205.645s][info][gc,phases      ] GC(574) Adjust Roots 0.241ms
[205.645s][info][gc,phases,start] GC(574) Compaction Phase
[205.741s][info][gc,phases      ] GC(574) Compaction Phase 95.484ms
[205.741s][info][gc,phases,start] GC(574) Post Compact
[205.742s][info][gc,phases      ] GC(574) Post Compact 1.540ms
[205.742s][info][gc,heap        ] GC(574) PSYoungGen: 33771K(77312K)->33771K(77312K) Eden: 24575K(24576K)->24575K(24576K) From: 9195K(52736K)->9195K(52736K)
[205.742s][info][gc,heap        ] GC(574) ParOldGen: 336672K(341504K)->336672K(341504K)
[205.742s][info][gc,metaspace   ] GC(574) Metaspace: 6296K(6464K)->6296K(6464K) NonClass: 5763K(5824K)->5763K(5824K) Class: 532K(640K)->532K(640K)
[205.742s][info][gc             ] GC(574) Pause Full (Ergonomics) 361M->361M(409M) 379.922ms
[205.743s][info][gc,cpu         ] GC(574) User=0.36s Sys=0.02s Real=0.38s
[205.743s][info][gc,start       ] GC(575) Pause Full (Ergonomics)
[205.743s][info][gc,phases,start] GC(575) Marking Phase
[206.025s][info][gc,phases      ] GC(575) Marking Phase 282.338ms
[206.025s][info][gc,phases,start] GC(575) Summary Phase
[206.025s][info][gc,phases      ] GC(575) Summary Phase 0.034ms
[206.025s][info][gc,phases,start] GC(575) Adjust Roots
[206.026s][info][gc,phases      ] GC(575) Adjust Roots 0.266ms
[206.026s][info][gc,phases,start] GC(575) Compaction Phase
[206.121s][info][gc,phases      ] GC(575) Compaction Phase 95.359ms
[206.121s][info][gc,phases,start] GC(575) Post Compact
[206.123s][info][gc,phases      ] GC(575) Post Compact 1.512ms
[206.123s][info][gc,heap        ] GC(575) PSYoungGen: 33771K(77312K)->33771K(77312K) Eden: 24575K(24576K)->24575K(24576K) From: 9195K(52736K)->9195K(52736K)
[206.123s][info][gc,heap        ] GC(575) ParOldGen: 336676K(341504K)->336676K(341504K)
[206.123s][info][gc,metaspace   ] GC(575) Metaspace: 6296K(6464K)->6296K(6464K) NonClass: 5763K(5824K)->5763K(5824K) Class: 532K(640K)->532K(640K)
[206.123s][info][gc             ] GC(575) Pause Full (Ergonomics) 361M->361M(409M) 379.897ms
[206.123s][info][gc,cpu         ] GC(575) User=0.36s Sys=0.00s Real=0.38s
[206.123s][info][gc,start       ] GC(576) Pause Full (Ergonomics)
[206.123s][info][gc,phases,start] GC(576) Marking Phase
[206.408s][info][gc,phases      ] GC(576) Marking Phase 284.529ms
[206.408s][info][gc,phases,start] GC(576) Summary Phase
[206.408s][info][gc,phases      ] GC(576) Summary Phase 0.056ms
[206.408s][info][gc,phases,start] GC(576) Adjust Roots
[206.408s][info][gc,phases      ] GC(576) Adjust Roots 0.286ms
[206.408s][info][gc,phases,start] GC(576) Compaction Phase
[206.503s][info][gc,phases      ] GC(576) Compaction Phase 94.612ms
[206.503s][info][gc,phases,start] GC(576) Post Compact
[206.504s][info][gc,phases      ] GC(576) Post Compact 1.522ms
[206.505s][info][gc,heap        ] GC(576) PSYoungGen: 33771K(77312K)->33771K(77312K) Eden: 24575K(24576K)->24575K(24576K) From: 9195K(52736K)->9195K(52736K)
[206.505s][info][gc,heap        ] GC(576) ParOldGen: 336681K(341504K)->336681K(341504K)
[206.505s][info][gc,metaspace   ] GC(576) Metaspace: 6296K(6464K)->6296K(6464K) NonClass: 5763K(5824K)->5763K(5824K) Class: 532K(640K)->532K(640K)
[206.505s][info][gc             ] GC(576) Pause Full (Ergonomics) 361M->361M(409M) 381.404ms
[206.505s][info][gc,cpu         ] GC(576) User=0.36s Sys=0.00s Real=0.38s
[206.505s][info][gc,start       ] GC(577) Pause Full (Ergonomics)
[206.505s][info][gc,phases,start] GC(577) Marking Phase
[206.788s][info][gc,phases      ] GC(577) Marking Phase 282.658ms
[206.788s][info][gc,phases,start] GC(577) Summary Phase
[206.788s][info][gc,phases      ] GC(577) Summary Phase 0.034ms
[206.788s][info][gc,phases,start] GC(577) Adjust Roots
[206.788s][info][gc,phases      ] GC(577) Adjust Roots 0.237ms
[206.788s][info][gc,phases,start] GC(577) Compaction Phase
[206.885s][info][gc,phases      ] GC(577) Compaction Phase 96.542ms
[206.885s][info][gc,phases,start] GC(577) Post Compact
[206.886s][info][gc,phases      ] GC(577) Post Compact 1.632ms
[206.886s][info][gc,heap        ] GC(577) PSYoungGen: 33771K(77312K)->33771K(77312K) Eden: 24575K(24576K)->24575K(24576K) From: 9195K(52736K)->9195K(52736K)
[206.886s][info][gc,heap        ] GC(577) ParOldGen: 336686K(341504K)->336686K(341504K)
[206.886s][info][gc,metaspace   ] GC(577) Metaspace: 6296K(6464K)->6296K(6464K) NonClass: 5763K(5824K)->5763K(5824K) Class: 532K(640K)->532K(640K)
[206.886s][info][gc             ] GC(577) Pause Full (Ergonomics) 361M->361M(409M) 381.522ms
[206.886s][info][gc,cpu         ] GC(577) User=0.36s Sys=0.00s Real=0.38s
[206.887s][info][gc,start       ] GC(578) Pause Full (Ergonomics)
[206.887s][info][gc,phases,start] GC(578) Marking Phase
[207.170s][info][gc,phases      ] GC(578) Marking Phase 283.242ms
[207.170s][info][gc,phases,start] GC(578) Summary Phase
[207.170s][info][gc,phases      ] GC(578) Summary Phase 0.034ms
[207.170s][info][gc,phases,start] GC(578) Adjust Roots
[207.170s][info][gc,phases      ] GC(578) Adjust Roots 0.253ms
[207.170s][info][gc,phases,start] GC(578) Compaction Phase
[207.266s][info][gc,phases      ] GC(578) Compaction Phase 95.593ms
[207.266s][info][gc,phases,start] GC(578) Post Compact
[207.268s][info][gc,phases      ] GC(578) Post Compact 1.521ms
[207.268s][info][gc,heap        ] GC(578) PSYoungGen: 33771K(77312K)->33771K(77312K) Eden: 24575K(24576K)->24575K(24576K) From: 9195K(52736K)->9195K(52736K)
[207.268s][info][gc,heap        ] GC(578) ParOldGen: 336690K(341504K)->336690K(341504K)
[207.268s][info][gc,metaspace   ] GC(578) Metaspace: 6296K(6464K)->6296K(6464K) NonClass: 5763K(5824K)->5763K(5824K) Class: 532K(640K)->532K(640K)
[207.268s][info][gc             ] GC(578) Pause Full (Ergonomics) 361M->361M(409M) 381.010ms
[207.268s][info][gc,cpu         ] GC(578) User=0.34s Sys=0.00s Real=0.38s
[207.268s][info][gc,start       ] GC(579) Pause Full (Ergonomics)
[207.268s][info][gc,phases,start] GC(579) Marking Phase
[207.550s][info][gc,phases      ] GC(579) Marking Phase 281.755ms
[207.550s][info][gc,phases,start] GC(579) Summary Phase
[207.550s][info][gc,phases      ] GC(579) Summary Phase 0.022ms
[207.550s][info][gc,phases,start] GC(579) Adjust Roots
[207.550s][info][gc,phases      ] GC(579) Adjust Roots 0.213ms
[207.550s][info][gc,phases,start] GC(579) Compaction Phase
[207.644s][info][gc,phases      ] GC(579) Compaction Phase 94.201ms
[207.644s][info][gc,phases,start] GC(579) Post Compact
[207.646s][info][gc,phases      ] GC(579) Post Compact 1.518ms
[207.646s][info][gc,heap        ] GC(579) PSYoungGen: 33771K(77312K)->33771K(77312K) Eden: 24575K(24576K)->24575K(24576K) From: 9195K(52736K)->9195K(52736K)
[207.646s][info][gc,heap        ] GC(579) ParOldGen: 336695K(341504K)->336695K(341504K)
[207.646s][info][gc,metaspace   ] GC(579) Metaspace: 6296K(6464K)->6296K(6464K) NonClass: 5763K(5824K)->5763K(5824K) Class: 532K(640K)->532K(640K)
[207.646s][info][gc             ] GC(579) Pause Full (Ergonomics) 361M->361M(409M) 378.053ms
[207.646s][info][gc,cpu         ] GC(579) User=0.38s Sys=0.00s Real=0.38s
[207.646s][info][gc,start       ] GC(580) Pause Full (Ergonomics)
[207.646s][info][gc,phases,start] GC(580) Marking Phase
[207.930s][info][gc,phases      ] GC(580) Marking Phase 283.341ms
[207.930s][info][gc,phases,start] GC(580) Summary Phase
[207.930s][info][gc,phases      ] GC(580) Summary Phase 0.020ms
[207.930s][info][gc,phases,start] GC(580) Adjust Roots
[207.930s][info][gc,phases      ] GC(580) Adjust Roots 0.200ms
[207.930s][info][gc,phases,start] GC(580) Compaction Phase
[208.024s][info][gc,phases      ] GC(580) Compaction Phase 93.753ms
[208.024s][info][gc,phases,start] GC(580) Post Compact
[208.026s][info][gc,phases      ] GC(580) Post Compact 1.713ms
[208.026s][info][gc,heap        ] GC(580) PSYoungGen: 33771K(77312K)->33771K(77312K) Eden: 24575K(24576K)->24575K(24576K) From: 9195K(52736K)->9195K(52736K)
[208.026s][info][gc,heap        ] GC(580) ParOldGen: 336700K(341504K)->336700K(341504K)
[208.026s][info][gc,metaspace   ] GC(580) Metaspace: 6296K(6464K)->6296K(6464K) NonClass: 5763K(5824K)->5763K(5824K) Class: 532K(640K)->532K(640K)
[208.026s][info][gc             ] GC(580) Pause Full (Ergonomics) 361M->361M(409M) 379.374ms
[208.026s][info][gc,cpu         ] GC(580) User=0.34s Sys=0.00s Real=0.38s
[208.026s][info][gc,start       ] GC(581) Pause Full (Ergonomics)
[208.026s][info][gc,phases,start] GC(581) Marking Phase
[208.307s][info][gc,phases      ] GC(581) Marking Phase 280.544ms
[208.307s][info][gc,phases,start] GC(581) Summary Phase
[208.307s][info][gc,phases      ] GC(581) Summary Phase 0.023ms
[208.307s][info][gc,phases,start] GC(581) Adjust Roots
[208.307s][info][gc,phases      ] GC(581) Adjust Roots 0.210ms
[208.307s][info][gc,phases,start] GC(581) Compaction Phase
[208.402s][info][gc,phases      ] GC(581) Compaction Phase 94.951ms
[208.402s][info][gc,phases,start] GC(581) Post Compact
[208.404s][info][gc,phases      ] GC(581) Post Compact 1.507ms
[208.404s][info][gc,heap        ] GC(581) PSYoungGen: 33771K(77312K)->33771K(77312K) Eden: 24575K(24576K)->24575K(24576K) From: 9195K(52736K)->9195K(52736K)
[208.404s][info][gc,heap        ] GC(581) ParOldGen: 336704K(341504K)->336704K(341504K)
[208.404s][info][gc,metaspace   ] GC(581) Metaspace: 6296K(6464K)->6296K(6464K) NonClass: 5763K(5824K)->5763K(5824K) Class: 532K(640K)->532K(640K)
[208.404s][info][gc             ] GC(581) Pause Full (Ergonomics) 361M->361M(409M) 377.688ms
[208.404s][info][gc,cpu         ] GC(581) User=0.36s Sys=0.00s Real=0.38s
[208.404s][info][gc,start       ] GC(582) Pause Full (Ergonomics)
[208.404s][info][gc,phases,start] GC(582) Marking Phase
[208.687s][info][gc,phases      ] GC(582) Marking Phase 282.749ms
[208.687s][info][gc,phases,start] GC(582) Summary Phase
[208.687s][info][gc,phases      ] GC(582) Summary Phase 0.018ms
[208.687s][info][gc,phases,start] GC(582) Adjust Roots
[208.688s][info][gc,phases      ] GC(582) Adjust Roots 0.380ms
[208.688s][info][gc,phases,start] GC(582) Compaction Phase
[208.783s][info][gc,phases      ] GC(582) Compaction Phase 94.971ms
[208.783s][info][gc,phases,start] GC(582) Post Compact
[208.784s][info][gc,phases      ] GC(582) Post Compact 1.525ms
[208.784s][info][gc,heap        ] GC(582) PSYoungGen: 33771K(77312K)->33771K(77312K) Eden: 24575K(24576K)->24575K(24576K) From: 9195K(52736K)->9195K(52736K)
[208.784s][info][gc,heap        ] GC(582) ParOldGen: 336709K(341504K)->336709K(341504K)
[208.784s][info][gc,metaspace   ] GC(582) Metaspace: 6296K(6464K)->6296K(6464K) NonClass: 5763K(5824K)->5763K(5824K) Class: 532K(640K)->532K(640K)
[208.784s][info][gc             ] GC(582) Pause Full (Ergonomics) 361M->361M(409M) 379.994ms
[208.784s][info][gc,cpu         ] GC(582) User=0.38s Sys=0.00s Real=0.38s
[208.785s][info][gc,start       ] GC(583) Pause Full (Ergonomics)
[208.785s][info][gc,phases,start] GC(583) Marking Phase
[209.070s][info][gc,phases      ] GC(583) Marking Phase 284.926ms
[209.070s][info][gc,phases,start] GC(583) Summary Phase
[209.070s][info][gc,phases      ] GC(583) Summary Phase 0.030ms
[209.070s][info][gc,phases,start] GC(583) Adjust Roots
[209.070s][info][gc,phases      ] GC(583) Adjust Roots 0.283ms
[209.070s][info][gc,phases,start] GC(583) Compaction Phase
[209.167s][info][gc,phases      ] GC(583) Compaction Phase 96.376ms
[209.167s][info][gc,phases,start] GC(583) Post Compact
[209.168s][info][gc,phases      ] GC(583) Post Compact 1.519ms
[209.168s][info][gc,heap        ] GC(583) PSYoungGen: 33771K(77312K)->33771K(77312K) Eden: 24575K(24576K)->24575K(24576K) From: 9195K(52736K)->9195K(52736K)
[209.168s][info][gc,heap        ] GC(583) ParOldGen: 336714K(341504K)->336714K(341504K)
[209.168s][info][gc,metaspace   ] GC(583) Metaspace: 6296K(6464K)->6296K(6464K) NonClass: 5763K(5824K)->5763K(5824K) Class: 532K(640K)->532K(640K)
[209.168s][info][gc             ] GC(583) Pause Full (Ergonomics) 361M->361M(409M) 383.513ms
[209.168s][info][gc,cpu         ] GC(583) User=0.39s Sys=0.00s Real=0.38s
[209.168s][info][gc,start       ] GC(584) Pause Full (Ergonomics)
[209.169s][info][gc,phases,start] GC(584) Marking Phase
[209.452s][info][gc,phases      ] GC(584) Marking Phase 283.075ms
[209.452s][info][gc,phases,start] GC(584) Summary Phase
[209.452s][info][gc,phases      ] GC(584) Summary Phase 0.024ms
[209.452s][info][gc,phases,start] GC(584) Adjust Roots
[209.452s][info][gc,phases      ] GC(584) Adjust Roots 0.217ms
[209.452s][info][gc,phases,start] GC(584) Compaction Phase
[209.547s][info][gc,phases      ] GC(584) Compaction Phase 95.168ms
[209.547s][info][gc,phases,start] GC(584) Post Compact
[209.549s][info][gc,phases      ] GC(584) Post Compact 1.511ms
[209.549s][info][gc,heap        ] GC(584) PSYoungGen: 33771K(77312K)->33771K(77312K) Eden: 24575K(24576K)->24575K(24576K) From: 9195K(52736K)->9195K(52736K)
[209.549s][info][gc,heap        ] GC(584) ParOldGen: 336718K(341504K)->336718K(341504K)
[209.549s][info][gc,metaspace   ] GC(584) Metaspace: 6296K(6464K)->6296K(6464K) NonClass: 5763K(5824K)->5763K(5824K) Class: 532K(640K)->532K(640K)
[209.549s][info][gc             ] GC(584) Pause Full (Ergonomics) 361M->361M(409M) 380.364ms
[209.549s][info][gc,cpu         ] GC(584) User=0.36s Sys=0.00s Real=0.38s
[209.549s][info][gc,start       ] GC(585) Pause Full (Ergonomics)
[209.549s][info][gc,phases,start] GC(585) Marking Phase
[209.832s][info][gc,phases      ] GC(585) Marking Phase 282.609ms
[209.832s][info][gc,phases,start] GC(585) Summary Phase
[209.832s][info][gc,phases      ] GC(585) Summary Phase 0.023ms
[209.832s][info][gc,phases,start] GC(585) Adjust Roots
[209.832s][info][gc,phases      ] GC(585) Adjust Roots 0.214ms
[209.832s][info][gc,phases,start] GC(585) Compaction Phase
[209.926s][info][gc,phases      ] GC(585) Compaction Phase 94.231ms
[209.926s][info][gc,phases,start] GC(585) Post Compact
[209.928s][info][gc,phases      ] GC(585) Post Compact 1.522ms
[209.928s][info][gc,heap        ] GC(585) PSYoungGen: 33771K(77312K)->33771K(77312K) Eden: 24575K(24576K)->24575K(24576K) From: 9195K(52736K)->9195K(52736K)
[209.928s][info][gc,heap        ] GC(585) ParOldGen: 336723K(341504K)->336723K(341504K)
[209.928s][info][gc,metaspace   ] GC(585) Metaspace: 6296K(6464K)->6296K(6464K) NonClass: 5763K(5824K)->5763K(5824K) Class: 532K(640K)->532K(640K)
[209.928s][info][gc             ] GC(585) Pause Full (Ergonomics) 361M->361M(409M) 378.933ms
[209.928s][info][gc,cpu         ] GC(585) User=0.39s Sys=0.00s Real=0.38s
[209.929s][info][gc,start       ] GC(586) Pause Full (Ergonomics)
[209.929s][info][gc,phases,start] GC(586) Marking Phase
[210.211s][info][gc,phases      ] GC(586) Marking Phase 282.411ms
[210.211s][info][gc,phases,start] GC(586) Summary Phase
[210.211s][info][gc,phases      ] GC(586) Summary Phase 0.023ms
[210.211s][info][gc,phases,start] GC(586) Adjust Roots
[210.211s][info][gc,phases      ] GC(586) Adjust Roots 0.194ms
[210.211s][info][gc,phases,start] GC(586) Compaction Phase
[210.307s][info][gc,phases      ] GC(586) Compaction Phase 95.573ms
[210.307s][info][gc,phases,start] GC(586) Post Compact
[210.308s][info][gc,phases      ] GC(586) Post Compact 1.540ms
[210.309s][info][gc,heap        ] GC(586) PSYoungGen: 33771K(77312K)->33771K(77312K) Eden: 24575K(24576K)->24575K(24576K) From: 9195K(52736K)->9195K(52736K)
[210.309s][info][gc,heap        ] GC(586) ParOldGen: 336728K(341504K)->336728K(341504K)
[210.309s][info][gc,metaspace   ] GC(586) Metaspace: 6296K(6464K)->6296K(6464K) NonClass: 5763K(5824K)->5763K(5824K) Class: 532K(640K)->532K(640K)
[210.309s][info][gc             ] GC(586) Pause Full (Ergonomics) 361M->361M(409M) 380.083ms
[210.309s][info][gc,cpu         ] GC(586) User=0.33s Sys=0.00s Real=0.38s
[210.309s][info][gc,start       ] GC(587) Pause Full (Ergonomics)
[210.309s][info][gc,phases,start] GC(587) Marking Phase
[210.591s][info][gc,phases      ] GC(587) Marking Phase 282.296ms
[210.591s][info][gc,phases,start] GC(587) Summary Phase
[210.591s][info][gc,phases      ] GC(587) Summary Phase 0.022ms
[210.591s][info][gc,phases,start] GC(587) Adjust Roots
[210.592s][info][gc,phases      ] GC(587) Adjust Roots 0.240ms
[210.592s][info][gc,phases,start] GC(587) Compaction Phase
[210.687s][info][gc,phases      ] GC(587) Compaction Phase 94.952ms
[210.687s][info][gc,phases,start] GC(587) Post Compact
[210.688s][info][gc,phases      ] GC(587) Post Compact 1.498ms
[210.688s][info][gc,heap        ] GC(587) PSYoungGen: 33771K(77312K)->33771K(77312K) Eden: 24575K(24576K)->24575K(24576K) From: 9195K(52736K)->9195K(52736K)
[210.688s][info][gc,heap        ] GC(587) ParOldGen: 336732K(341504K)->336732K(341504K)
[210.688s][info][gc,metaspace   ] GC(587) Metaspace: 6296K(6464K)->6296K(6464K) NonClass: 5763K(5824K)->5763K(5824K) Class: 532K(640K)->532K(640K)
[210.688s][info][gc             ] GC(587) Pause Full (Ergonomics) 361M->361M(409M) 379.375ms
[210.688s][info][gc,cpu         ] GC(587) User=0.34s Sys=0.00s Real=0.38s
[210.689s][info][gc,start       ] GC(588) Pause Full (Ergonomics)
[210.689s][info][gc,phases,start] GC(588) Marking Phase
[210.972s][info][gc,phases      ] GC(588) Marking Phase 283.486ms
[210.972s][info][gc,phases,start] GC(588) Summary Phase
[210.972s][info][gc,phases      ] GC(588) Summary Phase 0.034ms
[210.972s][info][gc,phases,start] GC(588) Adjust Roots
[210.973s][info][gc,phases      ] GC(588) Adjust Roots 0.254ms
[210.973s][info][gc,phases,start] GC(588) Compaction Phase
[211.068s][info][gc,phases      ] GC(588) Compaction Phase 95.942ms
[211.069s][info][gc,phases,start] GC(588) Post Compact
[211.070s][info][gc,phases      ] GC(588) Post Compact 1.510ms
[211.070s][info][gc,heap        ] GC(588) PSYoungGen: 33771K(77312K)->33771K(77312K) Eden: 24575K(24576K)->24575K(24576K) From: 9195K(52736K)->9195K(52736K)
[211.070s][info][gc,heap        ] GC(588) ParOldGen: 336737K(341504K)->336737K(341504K)
[211.070s][info][gc,metaspace   ] GC(588) Metaspace: 6296K(6464K)->6296K(6464K) NonClass: 5763K(5824K)->5763K(5824K) Class: 532K(640K)->532K(640K)
[211.070s][info][gc             ] GC(588) Pause Full (Ergonomics) 361M->361M(409M) 381.605ms
[211.070s][info][gc,cpu         ] GC(588) User=0.38s Sys=0.00s Real=0.38s
[211.070s][info][gc,start       ] GC(589) Pause Full (Ergonomics)
[211.070s][info][gc,phases,start] GC(589) Marking Phase
[211.353s][info][gc,phases      ] GC(589) Marking Phase 282.647ms
[211.353s][info][gc,phases,start] GC(589) Summary Phase
[211.353s][info][gc,phases      ] GC(589) Summary Phase 0.034ms
[211.353s][info][gc,phases,start] GC(589) Adjust Roots
[211.354s][info][gc,phases      ] GC(589) Adjust Roots 0.289ms
[211.354s][info][gc,phases,start] GC(589) Compaction Phase
[211.449s][info][gc,phases      ] GC(589) Compaction Phase 95.040ms
[211.449s][info][gc,phases,start] GC(589) Post Compact
[211.450s][info][gc,phases      ] GC(589) Post Compact 1.727ms
[211.451s][info][gc,heap        ] GC(589) PSYoungGen: 33771K(77312K)->33771K(77312K) Eden: 24575K(24576K)->24575K(24576K) From: 9195K(52736K)->9195K(52736K)
[211.451s][info][gc,heap        ] GC(589) ParOldGen: 336742K(341504K)->336742K(341504K)
[211.451s][info][gc,metaspace   ] GC(589) Metaspace: 6296K(6464K)->6296K(6464K) NonClass: 5763K(5824K)->5763K(5824K) Class: 532K(640K)->532K(640K)
[211.451s][info][gc             ] GC(589) Pause Full (Ergonomics) 361M->361M(409M) 380.133ms
[211.451s][info][gc,cpu         ] GC(589) User=0.33s Sys=0.00s Real=0.38s
[211.451s][info][gc,start       ] GC(590) Pause Full (Ergonomics)
[211.451s][info][gc,phases,start] GC(590) Marking Phase
[211.734s][info][gc,phases      ] GC(590) Marking Phase 283.050ms
[211.734s][info][gc,phases,start] GC(590) Summary Phase
[211.734s][info][gc,phases      ] GC(590) Summary Phase 0.056ms
[211.734s][info][gc,phases,start] GC(590) Adjust Roots
[211.734s][info][gc,phases      ] GC(590) Adjust Roots 0.270ms
[211.734s][info][gc,phases,start] GC(590) Compaction Phase
[211.830s][info][gc,phases      ] GC(590) Compaction Phase 95.875ms
[211.830s][info][gc,phases,start] GC(590) Post Compact
[211.832s][info][gc,phases      ] GC(590) Post Compact 1.534ms
[211.832s][info][gc,heap        ] GC(590) PSYoungGen: 33771K(77312K)->33771K(77312K) Eden: 24575K(24576K)->24575K(24576K) From: 9195K(52736K)->9195K(52736K)
[211.832s][info][gc,heap        ] GC(590) ParOldGen: 336746K(341504K)->336746K(341504K)
[211.832s][info][gc,metaspace   ] GC(590) Metaspace: 6296K(6464K)->6296K(6464K) NonClass: 5763K(5824K)->5763K(5824K) Class: 532K(640K)->532K(640K)
[211.832s][info][gc             ] GC(590) Pause Full (Ergonomics) 361M->361M(409M) 381.162ms
[211.832s][info][gc,cpu         ] GC(590) User=0.34s Sys=0.00s Real=0.38s
[211.832s][info][gc,start       ] GC(591) Pause Full (Ergonomics)
[211.832s][info][gc,phases,start] GC(591) Marking Phase
[212.116s][info][gc,phases      ] GC(591) Marking Phase 283.495ms
[212.116s][info][gc,phases,start] GC(591) Summary Phase
[212.116s][info][gc,phases      ] GC(591) Summary Phase 0.034ms
[212.116s][info][gc,phases,start] GC(591) Adjust Roots
[212.116s][info][gc,phases      ] GC(591) Adjust Roots 0.265ms
[212.116s][info][gc,phases,start] GC(591) Compaction Phase
[212.212s][info][gc,phases      ] GC(591) Compaction Phase 95.702ms
[212.212s][info][gc,phases,start] GC(591) Post Compact
[212.214s][info][gc,phases      ] GC(591) Post Compact 1.533ms
[212.214s][info][gc,heap        ] GC(591) PSYoungGen: 33771K(77312K)->33771K(77312K) Eden: 24575K(24576K)->24575K(24576K) From: 9195K(52736K)->9195K(52736K)
[212.214s][info][gc,heap        ] GC(591) ParOldGen: 336751K(341504K)->336751K(341504K)
[212.214s][info][gc,metaspace   ] GC(591) Metaspace: 6296K(6464K)->6296K(6464K) NonClass: 5763K(5824K)->5763K(5824K) Class: 532K(640K)->532K(640K)
[212.214s][info][gc             ] GC(591) Pause Full (Ergonomics) 361M->361M(409M) 381.427ms
[212.214s][info][gc,cpu         ] GC(591) User=0.36s Sys=0.00s Real=0.38s
[212.214s][info][gc,start       ] GC(592) Pause Full (Ergonomics)
[212.214s][info][gc,phases,start] GC(592) Marking Phase
[212.496s][info][gc,phases      ] GC(592) Marking Phase 282.362ms
[212.497s][info][gc,phases,start] GC(592) Summary Phase
[212.497s][info][gc,phases      ] GC(592) Summary Phase 0.029ms
[212.497s][info][gc,phases,start] GC(592) Adjust Roots
[212.497s][info][gc,phases      ] GC(592) Adjust Roots 0.293ms
[212.497s][info][gc,phases,start] GC(592) Compaction Phase
[212.592s][info][gc,phases      ] GC(592) Compaction Phase 94.941ms
[212.592s][info][gc,phases,start] GC(592) Post Compact
[212.594s][info][gc,phases      ] GC(592) Post Compact 1.778ms
[212.594s][info][gc,heap        ] GC(592) PSYoungGen: 33771K(77312K)->33771K(77312K) Eden: 24575K(24576K)->24575K(24576K) From: 9195K(52736K)->9195K(52736K)
[212.594s][info][gc,heap        ] GC(592) ParOldGen: 336756K(341504K)->336756K(341504K)
[212.594s][info][gc,metaspace   ] GC(592) Metaspace: 6296K(6464K)->6296K(6464K) NonClass: 5763K(5824K)->5763K(5824K) Class: 532K(640K)->532K(640K)
[212.594s][info][gc             ] GC(592) Pause Full (Ergonomics) 361M->361M(409M) 379.793ms
[212.594s][info][gc,cpu         ] GC(592) User=0.36s Sys=0.00s Real=0.38s
[212.594s][info][gc,start       ] GC(593) Pause Full (Ergonomics)
[212.594s][info][gc,phases,start] GC(593) Marking Phase
[212.877s][info][gc,phases      ] GC(593) Marking Phase 282.673ms
[212.877s][info][gc,phases,start] GC(593) Summary Phase
[212.877s][info][gc,phases      ] GC(593) Summary Phase 0.066ms
[212.877s][info][gc,phases,start] GC(593) Adjust Roots
[212.877s][info][gc,phases      ] GC(593) Adjust Roots 0.237ms
[212.877s][info][gc,phases,start] GC(593) Compaction Phase
[212.972s][info][gc,phases      ] GC(593) Compaction Phase 94.898ms
[212.972s][info][gc,phases,start] GC(593) Post Compact
[212.974s][info][gc,phases      ] GC(593) Post Compact 1.523ms
[212.974s][info][gc,heap        ] GC(593) PSYoungGen: 33771K(77312K)->33771K(77312K) Eden: 24575K(24576K)->24575K(24576K) From: 9195K(52736K)->9195K(52736K)
[212.974s][info][gc,heap        ] GC(593) ParOldGen: 336760K(341504K)->336760K(341504K)
[212.974s][info][gc,metaspace   ] GC(593) Metaspace: 6296K(6464K)->6296K(6464K) NonClass: 5763K(5824K)->5763K(5824K) Class: 532K(640K)->532K(640K)
[212.974s][info][gc             ] GC(593) Pause Full (Ergonomics) 361M->361M(409M) 379.741ms
[212.974s][info][gc,cpu         ] GC(593) User=0.38s Sys=0.00s Real=0.38s
[212.974s][info][gc,start       ] GC(594) Pause Full (Ergonomics)
[212.974s][info][gc,phases,start] GC(594) Marking Phase
[213.257s][info][gc,phases      ] GC(594) Marking Phase 283.103ms
[213.258s][info][gc,phases,start] GC(594) Summary Phase
[213.258s][info][gc,phases      ] GC(594) Summary Phase 0.035ms
[213.258s][info][gc,phases,start] GC(594) Adjust Roots
[213.258s][info][gc,phases      ] GC(594) Adjust Roots 0.281ms
[213.258s][info][gc,phases,start] GC(594) Compaction Phase
[213.352s][info][gc,phases      ] GC(594) Compaction Phase 94.478ms
[213.353s][info][gc,phases,start] GC(594) Post Compact
[213.354s][info][gc,phases      ] GC(594) Post Compact 1.563ms
[213.354s][info][gc,heap        ] GC(594) PSYoungGen: 33771K(77312K)->33771K(77312K) Eden: 24575K(24576K)->24575K(24576K) From: 9195K(52736K)->9195K(52736K)
[213.354s][info][gc,heap        ] GC(594) ParOldGen: 336765K(341504K)->336765K(341504K)
[213.354s][info][gc,metaspace   ] GC(594) Metaspace: 6296K(6464K)->6296K(6464K) NonClass: 5763K(5824K)->5763K(5824K) Class: 532K(640K)->532K(640K)
[213.354s][info][gc             ] GC(594) Pause Full (Ergonomics) 361M->361M(409M) 379.844ms
[213.354s][info][gc,cpu         ] GC(594) User=0.34s Sys=0.00s Real=0.38s
[213.355s][info][gc,start       ] GC(595) Pause Full (Ergonomics)
[213.355s][info][gc,phases,start] GC(595) Marking Phase
[213.637s][info][gc,phases      ] GC(595) Marking Phase 282.871ms
[213.638s][info][gc,phases,start] GC(595) Summary Phase
[213.638s][info][gc,phases      ] GC(595) Summary Phase 0.035ms
[213.638s][info][gc,phases,start] GC(595) Adjust Roots
[213.638s][info][gc,phases      ] GC(595) Adjust Roots 0.260ms
[213.638s][info][gc,phases,start] GC(595) Compaction Phase
[213.733s][info][gc,phases      ] GC(595) Compaction Phase 95.503ms
[213.734s][info][gc,phases,start] GC(595) Post Compact
[213.735s][info][gc,phases      ] GC(595) Post Compact 1.525ms
[213.735s][info][gc,heap        ] GC(595) PSYoungGen: 33771K(77312K)->33771K(77312K) Eden: 24575K(24576K)->24575K(24576K) From: 9195K(52736K)->9195K(52736K)
[213.735s][info][gc,heap        ] GC(595) ParOldGen: 336770K(341504K)->336770K(341504K)
[213.735s][info][gc,metaspace   ] GC(595) Metaspace: 6296K(6464K)->6296K(6464K) NonClass: 5763K(5824K)->5763K(5824K) Class: 532K(640K)->532K(640K)
[213.735s][info][gc             ] GC(595) Pause Full (Ergonomics) 361M->361M(409M) 380.614ms
[213.735s][info][gc,cpu         ] GC(595) User=0.33s Sys=0.00s Real=0.38s
[213.735s][info][gc,start       ] GC(596) Pause Full (Ergonomics)
[213.735s][info][gc,phases,start] GC(596) Marking Phase
[214.019s][info][gc,phases      ] GC(596) Marking Phase 283.299ms
[214.019s][info][gc,phases,start] GC(596) Summary Phase
[214.019s][info][gc,phases      ] GC(596) Summary Phase 0.041ms
[214.019s][info][gc,phases,start] GC(596) Adjust Roots
[214.019s][info][gc,phases      ] GC(596) Adjust Roots 0.274ms
[214.019s][info][gc,phases,start] GC(596) Compaction Phase
[214.115s][info][gc,phases      ] GC(596) Compaction Phase 95.317ms
[214.115s][info][gc,phases,start] GC(596) Post Compact
[214.116s][info][gc,phases      ] GC(596) Post Compact 1.507ms
[214.116s][info][gc,heap        ] GC(596) PSYoungGen: 33771K(77312K)->33771K(77312K) Eden: 24575K(24576K)->24575K(24576K) From: 9195K(52736K)->9195K(52736K)
[214.116s][info][gc,heap        ] GC(596) ParOldGen: 336774K(341504K)->336774K(341504K)
[214.116s][info][gc,metaspace   ] GC(596) Metaspace: 6296K(6464K)->6296K(6464K) NonClass: 5763K(5824K)->5763K(5824K) Class: 532K(640K)->532K(640K)
[214.116s][info][gc             ] GC(596) Pause Full (Ergonomics) 361M->361M(409M) 380.956ms
[214.116s][info][gc,cpu         ] GC(596) User=0.39s Sys=0.00s Real=0.38s
[214.117s][info][gc,start       ] GC(597) Pause Full (Ergonomics)
[214.117s][info][gc,phases,start] GC(597) Marking Phase
[214.400s][info][gc,phases      ] GC(597) Marking Phase 282.986ms
[214.400s][info][gc,phases,start] GC(597) Summary Phase
[214.400s][info][gc,phases      ] GC(597) Summary Phase 0.022ms
[214.400s][info][gc,phases,start] GC(597) Adjust Roots
[214.400s][info][gc,phases      ] GC(597) Adjust Roots 0.226ms
[214.400s][info][gc,phases,start] GC(597) Compaction Phase
[214.496s][info][gc,phases      ] GC(597) Compaction Phase 96.445ms
[214.497s][info][gc,phases,start] GC(597) Post Compact
[214.498s][info][gc,phases      ] GC(597) Post Compact 1.517ms
[214.498s][info][gc,heap        ] GC(597) PSYoungGen: 33771K(77312K)->33771K(77312K) Eden: 24575K(24576K)->24575K(24576K) From: 9195K(52736K)->9195K(52736K)
[214.498s][info][gc,heap        ] GC(597) ParOldGen: 336779K(341504K)->336779K(341504K)
[214.498s][info][gc,metaspace   ] GC(597) Metaspace: 6296K(6464K)->6296K(6464K) NonClass: 5763K(5824K)->5763K(5824K) Class: 532K(640K)->532K(640K)
[214.498s][info][gc             ] GC(597) Pause Full (Ergonomics) 361M->361M(409M) 381.555ms
[214.498s][info][gc,cpu         ] GC(597) User=0.36s Sys=0.00s Real=0.38s
[214.499s][info][gc,start       ] GC(598) Pause Full (Ergonomics)
[214.499s][info][gc,phases,start] GC(598) Marking Phase
[214.782s][info][gc,phases      ] GC(598) Marking Phase 283.198ms
[214.782s][info][gc,phases,start] GC(598) Summary Phase
[214.782s][info][gc,phases      ] GC(598) Summary Phase 0.034ms
[214.782s][info][gc,phases,start] GC(598) Adjust Roots
[214.782s][info][gc,phases      ] GC(598) Adjust Roots 0.227ms
[214.782s][info][gc,phases,start] GC(598) Compaction Phase
[214.877s][info][gc,phases      ] GC(598) Compaction Phase 94.889ms
[214.877s][info][gc,phases,start] GC(598) Post Compact
[214.879s][info][gc,phases      ] GC(598) Post Compact 1.519ms
[214.879s][info][gc,heap        ] GC(598) PSYoungGen: 33771K(77312K)->33771K(77312K) Eden: 24575K(24576K)->24575K(24576K) From: 9195K(52736K)->9195K(52736K)
[214.879s][info][gc,heap        ] GC(598) ParOldGen: 336784K(341504K)->336784K(341504K)
[214.879s][info][gc,metaspace   ] GC(598) Metaspace: 6296K(6464K)->6296K(6464K) NonClass: 5763K(5824K)->5763K(5824K) Class: 532K(640K)->532K(640K)
[214.879s][info][gc             ] GC(598) Pause Full (Ergonomics) 361M->361M(409M) 380.258ms
[214.879s][info][gc,cpu         ] GC(598) User=0.36s Sys=0.00s Real=0.38s
[214.879s][info][gc,start       ] GC(599) Pause Full (Ergonomics)
[214.879s][info][gc,phases,start] GC(599) Marking Phase
[215.162s][info][gc,phases      ] GC(599) Marking Phase 282.566ms
[215.162s][info][gc,phases,start] GC(599) Summary Phase
[215.162s][info][gc,phases      ] GC(599) Summary Phase 0.021ms
[215.162s][info][gc,phases,start] GC(599) Adjust Roots
[215.162s][info][gc,phases      ] GC(599) Adjust Roots 0.218ms
[215.162s][info][gc,phases,start] GC(599) Compaction Phase
[215.258s][info][gc,phases      ] GC(599) Compaction Phase 95.769ms
[215.258s][info][gc,phases,start] GC(599) Post Compact
[215.260s][info][gc,phases      ] GC(599) Post Compact 1.578ms
[215.260s][info][gc,heap        ] GC(599) PSYoungGen: 33771K(77312K)->33771K(77312K) Eden: 24575K(24576K)->24575K(24576K) From: 9195K(52736K)->9195K(52736K)
[215.260s][info][gc,heap        ] GC(599) ParOldGen: 336788K(341504K)->336788K(341504K)
[215.260s][info][gc,metaspace   ] GC(599) Metaspace: 6296K(6464K)->6296K(6464K) NonClass: 5763K(5824K)->5763K(5824K) Class: 532K(640K)->532K(640K)
[215.260s][info][gc             ] GC(599) Pause Full (Ergonomics) 361M->361M(409M) 380.475ms
[215.260s][info][gc,cpu         ] GC(599) User=0.34s Sys=0.00s Real=0.38s
[215.260s][info][gc,start       ] GC(600) Pause Full (Ergonomics)
[215.260s][info][gc,phases,start] GC(600) Marking Phase
[215.543s][info][gc,phases      ] GC(600) Marking Phase 283.110ms
[215.543s][info][gc,phases,start] GC(600) Summary Phase
[215.543s][info][gc,phases      ] GC(600) Summary Phase 0.023ms
[215.543s][info][gc,phases,start] GC(600) Adjust Roots
[215.544s][info][gc,phases      ] GC(600) Adjust Roots 0.240ms
[215.544s][info][gc,phases,start] GC(600) Compaction Phase
[215.639s][info][gc,phases      ] GC(600) Compaction Phase 95.033ms
[215.639s][info][gc,phases,start] GC(600) Post Compact
[215.640s][info][gc,phases      ] GC(600) Post Compact 1.502ms
[215.640s][info][gc,heap        ] GC(600) PSYoungGen: 33771K(77312K)->33771K(77312K) Eden: 24575K(24576K)->24575K(24576K) From: 9195K(52736K)->9195K(52736K)
[215.640s][info][gc,heap        ] GC(600) ParOldGen: 336793K(341504K)->336793K(341504K)
[215.640s][info][gc,metaspace   ] GC(600) Metaspace: 6296K(6464K)->6296K(6464K) NonClass: 5763K(5824K)->5763K(5824K) Class: 532K(640K)->532K(640K)
[215.640s][info][gc             ] GC(600) Pause Full (Ergonomics) 361M->361M(409M) 380.266ms
[215.640s][info][gc,cpu         ] GC(600) User=0.36s Sys=0.00s Real=0.38s
[215.641s][info][gc,start       ] GC(601) Pause Full (Ergonomics)
[215.641s][info][gc,phases,start] GC(601) Marking Phase
[215.924s][info][gc,phases      ] GC(601) Marking Phase 282.851ms
[215.924s][info][gc,phases,start] GC(601) Summary Phase
[215.924s][info][gc,phases      ] GC(601) Summary Phase 0.023ms
[215.924s][info][gc,phases,start] GC(601) Adjust Roots
[215.924s][info][gc,phases      ] GC(601) Adjust Roots 0.199ms
[215.924s][info][gc,phases,start] GC(601) Compaction Phase
[216.020s][info][gc,phases      ] GC(601) Compaction Phase 95.770ms
[216.020s][info][gc,phases,start] GC(601) Post Compact
[216.022s][info][gc,phases      ] GC(601) Post Compact 1.516ms
[216.022s][info][gc,heap        ] GC(601) PSYoungGen: 33771K(77312K)->33771K(77312K) Eden: 24575K(24576K)->24575K(24576K) From: 9195K(52736K)->9195K(52736K)
[216.022s][info][gc,heap        ] GC(601) ParOldGen: 336798K(341504K)->336798K(341504K)
[216.022s][info][gc,metaspace   ] GC(601) Metaspace: 6296K(6464K)->6296K(6464K) NonClass: 5763K(5824K)->5763K(5824K) Class: 532K(640K)->532K(640K)
[216.022s][info][gc             ] GC(601) Pause Full (Ergonomics) 361M->361M(409M) 380.709ms
[216.022s][info][gc,cpu         ] GC(601) User=0.38s Sys=0.00s Real=0.38s
[216.022s][info][gc,start       ] GC(602) Pause Full (Ergonomics)
[216.022s][info][gc,phases,start] GC(602) Marking Phase
[216.305s][info][gc,phases      ] GC(602) Marking Phase 282.846ms
[216.305s][info][gc,phases,start] GC(602) Summary Phase
[216.305s][info][gc,phases      ] GC(602) Summary Phase 0.034ms
[216.305s][info][gc,phases,start] GC(602) Adjust Roots
[216.306s][info][gc,phases      ] GC(602) Adjust Roots 0.273ms
[216.306s][info][gc,phases,start] GC(602) Compaction Phase
[216.401s][info][gc,phases      ] GC(602) Compaction Phase 95.446ms
[216.401s][info][gc,phases,start] GC(602) Post Compact
[216.403s][info][gc,phases      ] GC(602) Post Compact 1.519ms
[216.403s][info][gc,heap        ] GC(602) PSYoungGen: 33771K(77312K)->33771K(77312K) Eden: 24575K(24576K)->24575K(24576K) From: 9195K(52736K)->9195K(52736K)
[216.403s][info][gc,heap        ] GC(602) ParOldGen: 336802K(341504K)->336802K(341504K)
[216.403s][info][gc,metaspace   ] GC(602) Metaspace: 6296K(6464K)->6296K(6464K) NonClass: 5763K(5824K)->5763K(5824K) Class: 532K(640K)->532K(640K)
[216.403s][info][gc             ] GC(602) Pause Full (Ergonomics) 361M->361M(409M) 380.516ms
[216.403s][info][gc,cpu         ] GC(602) User=0.34s Sys=0.00s Real=0.38s
[216.403s][info][gc,start       ] GC(603) Pause Full (Ergonomics)
[216.403s][info][gc,phases,start] GC(603) Marking Phase
[216.687s][info][gc,phases      ] GC(603) Marking Phase 283.450ms
[216.687s][info][gc,phases,start] GC(603) Summary Phase
[216.687s][info][gc,phases      ] GC(603) Summary Phase 0.026ms
[216.687s][info][gc,phases,start] GC(603) Adjust Roots
[216.687s][info][gc,phases      ] GC(603) Adjust Roots 0.247ms
[216.687s][info][gc,phases,start] GC(603) Compaction Phase
[216.783s][info][gc,phases      ] GC(603) Compaction Phase 95.818ms
[216.783s][info][gc,phases,start] GC(603) Post Compact
[216.784s][info][gc,phases      ] GC(603) Post Compact 1.529ms
[216.784s][info][gc,heap        ] GC(603) PSYoungGen: 33771K(77312K)->33771K(77312K) Eden: 24575K(24576K)->24575K(24576K) From: 9195K(52736K)->9195K(52736K)
[216.784s][info][gc,heap        ] GC(603) ParOldGen: 336807K(341504K)->336807K(341504K)
[216.784s][info][gc,metaspace   ] GC(603) Metaspace: 6296K(6464K)->6296K(6464K) NonClass: 5763K(5824K)->5763K(5824K) Class: 532K(640K)->532K(640K)
[216.784s][info][gc             ] GC(603) Pause Full (Ergonomics) 361M->361M(409M) 381.419ms
[216.784s][info][gc,cpu         ] GC(603) User=0.34s Sys=0.00s Real=0.38s
[216.785s][info][gc,start       ] GC(604) Pause Full (Ergonomics)
[216.785s][info][gc,phases,start] GC(604) Marking Phase
[217.068s][info][gc,phases      ] GC(604) Marking Phase 283.547ms
[217.068s][info][gc,phases,start] GC(604) Summary Phase
[217.068s][info][gc,phases      ] GC(604) Summary Phase 0.036ms
[217.068s][info][gc,phases,start] GC(604) Adjust Roots
[217.069s][info][gc,phases      ] GC(604) Adjust Roots 0.262ms
[217.069s][info][gc,phases,start] GC(604) Compaction Phase
[217.162s][info][gc,phases      ] GC(604) Compaction Phase 93.699ms
[217.163s][info][gc,phases,start] GC(604) Post Compact
[217.164s][info][gc,phases      ] GC(604) Post Compact 1.655ms
[217.164s][info][gc,heap        ] GC(604) PSYoungGen: 33771K(77312K)->33771K(77312K) Eden: 24575K(24576K)->24575K(24576K) From: 9195K(52736K)->9195K(52736K)
[217.164s][info][gc,heap        ] GC(604) ParOldGen: 336812K(341504K)->336812K(341504K)
[217.164s][info][gc,metaspace   ] GC(604) Metaspace: 6296K(6464K)->6296K(6464K) NonClass: 5763K(5824K)->5763K(5824K) Class: 532K(640K)->532K(640K)
[217.164s][info][gc             ] GC(604) Pause Full (Ergonomics) 361M->361M(409M) 379.577ms
[217.164s][info][gc,cpu         ] GC(604) User=0.36s Sys=0.00s Real=0.38s
[217.165s][info][gc,start       ] GC(605) Pause Full (Ergonomics)
[217.165s][info][gc,phases,start] GC(605) Marking Phase
[217.448s][info][gc,phases      ] GC(605) Marking Phase 283.066ms
[217.448s][info][gc,phases,start] GC(605) Summary Phase
[217.448s][info][gc,phases      ] GC(605) Summary Phase 0.034ms
[217.448s][info][gc,phases,start] GC(605) Adjust Roots
[217.448s][info][gc,phases      ] GC(605) Adjust Roots 0.271ms
[217.448s][info][gc,phases,start] GC(605) Compaction Phase
[217.544s][info][gc,phases      ] GC(605) Compaction Phase 95.593ms
[217.544s][info][gc,phases,start] GC(605) Post Compact
[217.545s][info][gc,phases      ] GC(605) Post Compact 1.512ms
[217.545s][info][gc,heap        ] GC(605) PSYoungGen: 33771K(77312K)->33771K(77312K) Eden: 24575K(24576K)->24575K(24576K) From: 9195K(52736K)->9195K(52736K)
[217.545s][info][gc,heap        ] GC(605) ParOldGen: 336816K(341504K)->336816K(341504K)
[217.545s][info][gc,metaspace   ] GC(605) Metaspace: 6296K(6464K)->6296K(6464K) NonClass: 5763K(5824K)->5763K(5824K) Class: 532K(640K)->532K(640K)
[217.545s][info][gc             ] GC(605) Pause Full (Ergonomics) 361M->361M(409M) 380.863ms
[217.546s][info][gc,cpu         ] GC(605) User=0.36s Sys=0.00s Real=0.38s
[217.546s][info][gc,start       ] GC(606) Pause Full (Ergonomics)
[217.546s][info][gc,phases,start] GC(606) Marking Phase
[217.829s][info][gc,phases      ] GC(606) Marking Phase 283.227ms
[217.829s][info][gc,phases,start] GC(606) Summary Phase
[217.829s][info][gc,phases      ] GC(606) Summary Phase 0.034ms
[217.829s][info][gc,phases,start] GC(606) Adjust Roots
[217.830s][info][gc,phases      ] GC(606) Adjust Roots 0.277ms
[217.830s][info][gc,phases,start] GC(606) Compaction Phase
[217.926s][info][gc,phases      ] GC(606) Compaction Phase 96.089ms
[217.926s][info][gc,phases,start] GC(606) Post Compact
[217.928s][info][gc,phases      ] GC(606) Post Compact 1.518ms
[217.928s][info][gc,heap        ] GC(606) PSYoungGen: 33771K(77312K)->33771K(77312K) Eden: 24575K(24576K)->24575K(24576K) From: 9195K(52736K)->9195K(52736K)
[217.928s][info][gc,heap        ] GC(606) ParOldGen: 336821K(341504K)->336821K(341504K)
[217.928s][info][gc,metaspace   ] GC(606) Metaspace: 6296K(6464K)->6296K(6464K) NonClass: 5763K(5824K)->5763K(5824K) Class: 532K(640K)->532K(640K)
[217.928s][info][gc             ] GC(606) Pause Full (Ergonomics) 361M->361M(409M) 381.592ms
[217.928s][info][gc,cpu         ] GC(606) User=0.36s Sys=0.00s Real=0.38s
[217.928s][info][gc,start       ] GC(607) Pause Full (Ergonomics)
[217.928s][info][gc,phases,start] GC(607) Marking Phase
[218.211s][info][gc,phases      ] GC(607) Marking Phase 283.551ms
[218.212s][info][gc,phases,start] GC(607) Summary Phase
[218.212s][info][gc,phases      ] GC(607) Summary Phase 0.034ms
[218.212s][info][gc,phases,start] GC(607) Adjust Roots
[218.212s][info][gc,phases      ] GC(607) Adjust Roots 0.250ms
[218.212s][info][gc,phases,start] GC(607) Compaction Phase
[218.307s][info][gc,phases      ] GC(607) Compaction Phase 95.588ms
[218.308s][info][gc,phases,start] GC(607) Post Compact
[218.309s][info][gc,phases      ] GC(607) Post Compact 1.649ms
[218.309s][info][gc,heap        ] GC(607) PSYoungGen: 33771K(77312K)->33771K(77312K) Eden: 24575K(24576K)->24575K(24576K) From: 9195K(52736K)->9195K(52736K)
[218.309s][info][gc,heap        ] GC(607) ParOldGen: 336826K(341504K)->336826K(341504K)
[218.309s][info][gc,metaspace   ] GC(607) Metaspace: 6296K(6464K)->6296K(6464K) NonClass: 5763K(5824K)->5763K(5824K) Class: 532K(640K)->532K(640K)
[218.309s][info][gc             ] GC(607) Pause Full (Ergonomics) 361M->361M(409M) 381.443ms
[218.309s][info][gc,cpu         ] GC(607) User=0.33s Sys=0.00s Real=0.38s
[218.310s][info][gc,start       ] GC(608) Pause Full (Ergonomics)
[218.310s][info][gc,phases,start] GC(608) Marking Phase
[218.598s][info][gc,phases      ] GC(608) Marking Phase 288.089ms
[218.598s][info][gc,phases,start] GC(608) Summary Phase
[218.598s][info][gc,phases      ] GC(608) Summary Phase 0.034ms
[218.598s][info][gc,phases,start] GC(608) Adjust Roots
[218.598s][info][gc,phases      ] GC(608) Adjust Roots 0.275ms
[218.598s][info][gc,phases,start] GC(608) Compaction Phase
[218.698s][info][gc,phases      ] GC(608) Compaction Phase 99.961ms
[218.698s][info][gc,phases,start] GC(608) Post Compact
[218.700s][info][gc,phases      ] GC(608) Post Compact 1.509ms
[218.700s][info][gc,heap        ] GC(608) PSYoungGen: 33771K(77312K)->33771K(77312K) Eden: 24575K(24576K)->24575K(24576K) From: 9195K(52736K)->9195K(52736K)
[218.700s][info][gc,heap        ] GC(608) ParOldGen: 336830K(341504K)->336830K(341504K)
[218.700s][info][gc,metaspace   ] GC(608) Metaspace: 6296K(6464K)->6296K(6464K) NonClass: 5763K(5824K)->5763K(5824K) Class: 532K(640K)->532K(640K)
[218.700s][info][gc             ] GC(608) Pause Full (Ergonomics) 361M->361M(409M) 390.244ms
[218.700s][info][gc,cpu         ] GC(608) User=0.38s Sys=0.00s Real=0.39s
[218.701s][info][gc,start       ] GC(609) Pause Full (Ergonomics)
[218.701s][info][gc,phases,start] GC(609) Marking Phase
[218.986s][info][gc,phases      ] GC(609) Marking Phase 285.051ms
[218.986s][info][gc,phases,start] GC(609) Summary Phase
[218.986s][info][gc,phases      ] GC(609) Summary Phase 0.034ms
[218.986s][info][gc,phases,start] GC(609) Adjust Roots
[218.986s][info][gc,phases      ] GC(609) Adjust Roots 0.322ms
[218.986s][info][gc,phases,start] GC(609) Compaction Phase
[219.081s][info][gc,phases      ] GC(609) Compaction Phase 94.624ms
[219.081s][info][gc,phases,start] GC(609) Post Compact
[219.082s][info][gc,phases      ] GC(609) Post Compact 1.525ms
[219.082s][info][gc,heap        ] GC(609) PSYoungGen: 33771K(77312K)->33771K(77312K) Eden: 24575K(24576K)->24575K(24576K) From: 9195K(52736K)->9195K(52736K)
[219.082s][info][gc,heap        ] GC(609) ParOldGen: 336835K(341504K)->336835K(341504K)
[219.082s][info][gc,metaspace   ] GC(609) Metaspace: 6296K(6464K)->6296K(6464K) NonClass: 5763K(5824K)->5763K(5824K) Class: 532K(640K)->532K(640K)
[219.082s][info][gc             ] GC(609) Pause Full (Ergonomics) 361M->361M(409M) 381.928ms
[219.083s][info][gc,cpu         ] GC(609) User=0.34s Sys=0.00s Real=0.38s
[219.083s][info][gc,start       ] GC(610) Pause Full (Ergonomics)
[219.083s][info][gc,phases,start] GC(610) Marking Phase
[219.365s][info][gc,phases      ] GC(610) Marking Phase 282.513ms
[219.365s][info][gc,phases,start] GC(610) Summary Phase
[219.365s][info][gc,phases      ] GC(610) Summary Phase 0.035ms
[219.365s][info][gc,phases,start] GC(610) Adjust Roots
[219.366s][info][gc,phases      ] GC(610) Adjust Roots 0.265ms
[219.366s][info][gc,phases,start] GC(610) Compaction Phase
[219.462s][info][gc,phases      ] GC(610) Compaction Phase 95.863ms
[219.462s][info][gc,phases,start] GC(610) Post Compact
[219.463s][info][gc,phases      ] GC(610) Post Compact 1.643ms
[219.463s][info][gc,heap        ] GC(610) PSYoungGen: 33771K(77312K)->33771K(77312K) Eden: 24575K(24576K)->24575K(24576K) From: 9195K(52736K)->9195K(52736K)
[219.463s][info][gc,heap        ] GC(610) ParOldGen: 336840K(341504K)->336840K(341504K)
[219.464s][info][gc,metaspace   ] GC(610) Metaspace: 6296K(6464K)->6296K(6464K) NonClass: 5763K(5824K)->5763K(5824K) Class: 532K(640K)->532K(640K)
[219.464s][info][gc             ] GC(610) Pause Full (Ergonomics) 361M->361M(409M) 380.784ms
[219.464s][info][gc,cpu         ] GC(610) User=0.36s Sys=0.00s Real=0.38s
[219.464s][info][gc,start       ] GC(611) Pause Full (Ergonomics)
[219.464s][info][gc,phases,start] GC(611) Marking Phase
[219.747s][info][gc,phases      ] GC(611) Marking Phase 282.841ms
[219.747s][info][gc,phases,start] GC(611) Summary Phase
[219.747s][info][gc,phases      ] GC(611) Summary Phase 0.023ms
[219.747s][info][gc,phases,start] GC(611) Adjust Roots
[219.747s][info][gc,phases      ] GC(611) Adjust Roots 0.249ms
[219.747s][info][gc,phases,start] GC(611) Compaction Phase
[219.842s][info][gc,phases      ] GC(611) Compaction Phase 94.935ms
[219.842s][info][gc,phases,start] GC(611) Post Compact
[219.844s][info][gc,phases      ] GC(611) Post Compact 1.560ms
[219.844s][info][gc,heap        ] GC(611) PSYoungGen: 33771K(77312K)->33771K(77312K) Eden: 24575K(24576K)->24575K(24576K) From: 9195K(52736K)->9195K(52736K)
[219.844s][info][gc,heap        ] GC(611) ParOldGen: 336844K(341504K)->336844K(341504K)
[219.844s][info][gc,metaspace   ] GC(611) Metaspace: 6296K(6464K)->6296K(6464K) NonClass: 5763K(5824K)->5763K(5824K) Class: 532K(640K)->532K(640K)
[219.844s][info][gc             ] GC(611) Pause Full (Ergonomics) 361M->361M(409M) 379.955ms
[219.844s][info][gc,cpu         ] GC(611) User=0.36s Sys=0.00s Real=0.38s
[219.844s][info][gc,start       ] GC(612) Pause Full (Ergonomics)
[219.844s][info][gc,phases,start] GC(612) Marking Phase
[220.128s][info][gc,phases      ] GC(612) Marking Phase 284.090ms
[220.128s][info][gc,phases,start] GC(612) Summary Phase
[220.128s][info][gc,phases      ] GC(612) Summary Phase 0.031ms
[220.128s][info][gc,phases,start] GC(612) Adjust Roots
[220.129s][info][gc,phases      ] GC(612) Adjust Roots 0.275ms
[220.129s][info][gc,phases,start] GC(612) Compaction Phase
[220.224s][info][gc,phases      ] GC(612) Compaction Phase 95.625ms
[220.224s][info][gc,phases,start] GC(612) Post Compact
[220.226s][info][gc,phases      ] GC(612) Post Compact 1.522ms
[220.226s][info][gc,heap        ] GC(612) PSYoungGen: 33771K(77312K)->33771K(77312K) Eden: 24575K(24576K)->24575K(24576K) From: 9195K(52736K)->9195K(52736K)
[220.226s][info][gc,heap        ] GC(612) ParOldGen: 336849K(341504K)->336849K(341504K)
[220.226s][info][gc,metaspace   ] GC(612) Metaspace: 6296K(6464K)->6296K(6464K) NonClass: 5763K(5824K)->5763K(5824K) Class: 532K(640K)->532K(640K)
[220.226s][info][gc             ] GC(612) Pause Full (Ergonomics) 361M->361M(409M) 381.965ms
[220.226s][info][gc,cpu         ] GC(612) User=0.39s Sys=0.00s Real=0.38s
[220.227s][info][gc,start       ] GC(613) Pause Full (Ergonomics)
[220.227s][info][gc,phases,start] GC(613) Marking Phase
[220.510s][info][gc,phases      ] GC(613) Marking Phase 283.007ms
[220.510s][info][gc,phases,start] GC(613) Summary Phase
[220.510s][info][gc,phases      ] GC(613) Summary Phase 0.023ms
[220.510s][info][gc,phases,start] GC(613) Adjust Roots
[220.510s][info][gc,phases      ] GC(613) Adjust Roots 0.209ms
[220.510s][info][gc,phases,start] GC(613) Compaction Phase
[220.605s][info][gc,phases      ] GC(613) Compaction Phase 95.183ms
[220.605s][info][gc,phases,start] GC(613) Post Compact
[220.607s][info][gc,phases      ] GC(613) Post Compact 1.520ms
[220.607s][info][gc,heap        ] GC(613) PSYoungGen: 33771K(77312K)->33771K(77312K) Eden: 24575K(24576K)->24575K(24576K) From: 9195K(52736K)->9195K(52736K)
[220.607s][info][gc,heap        ] GC(613) ParOldGen: 336854K(341504K)->336854K(341504K)
[220.607s][info][gc,metaspace   ] GC(613) Metaspace: 6296K(6464K)->6296K(6464K) NonClass: 5763K(5824K)->5763K(5824K) Class: 532K(640K)->532K(640K)
[220.607s][info][gc             ] GC(613) Pause Full (Ergonomics) 361M->361M(409M) 380.289ms
[220.607s][info][gc,cpu         ] GC(613) User=0.34s Sys=0.00s Real=0.38s
[220.607s][info][gc,start       ] GC(614) Pause Full (Ergonomics)
[220.607s][info][gc,phases,start] GC(614) Marking Phase
[220.890s][info][gc,phases      ] GC(614) Marking Phase 282.519ms
[220.890s][info][gc,phases,start] GC(614) Summary Phase
[220.890s][info][gc,phases      ] GC(614) Summary Phase 0.022ms
[220.890s][info][gc,phases,start] GC(614) Adjust Roots
[220.890s][info][gc,phases      ] GC(614) Adjust Roots 0.380ms
[220.890s][info][gc,phases,start] GC(614) Compaction Phase
[220.986s][info][gc,phases      ] GC(614) Compaction Phase 96.015ms
[220.986s][info][gc,phases,start] GC(614) Post Compact
[220.988s][info][gc,phases      ] GC(614) Post Compact 1.522ms
[220.988s][info][gc,heap        ] GC(614) PSYoungGen: 33771K(77312K)->33771K(77312K) Eden: 24575K(24576K)->24575K(24576K) From: 9195K(52736K)->9195K(52736K)
[220.988s][info][gc,heap        ] GC(614) ParOldGen: 336858K(341504K)->336858K(341504K)
[220.988s][info][gc,metaspace   ] GC(614) Metaspace: 6296K(6464K)->6296K(6464K) NonClass: 5763K(5824K)->5763K(5824K) Class: 532K(640K)->532K(640K)
[220.988s][info][gc             ] GC(614) Pause Full (Ergonomics) 361M->361M(409M) 380.813ms
[220.988s][info][gc,cpu         ] GC(614) User=0.34s Sys=0.00s Real=0.38s
[220.988s][info][gc,start       ] GC(615) Pause Full (Ergonomics)
[220.988s][info][gc,phases,start] GC(615) Marking Phase
[221.272s][info][gc,phases      ] GC(615) Marking Phase 283.035ms
[221.272s][info][gc,phases,start] GC(615) Summary Phase
[221.272s][info][gc,phases      ] GC(615) Summary Phase 0.034ms
[221.272s][info][gc,phases,start] GC(615) Adjust Roots
[221.272s][info][gc,phases      ] GC(615) Adjust Roots 0.279ms
[221.272s][info][gc,phases,start] GC(615) Compaction Phase
[221.367s][info][gc,phases      ] GC(615) Compaction Phase 95.050ms
[221.367s][info][gc,phases,start] GC(615) Post Compact
[221.369s][info][gc,phases      ] GC(615) Post Compact 1.506ms
[221.369s][info][gc,heap        ] GC(615) PSYoungGen: 33771K(77312K)->33771K(77312K) Eden: 24575K(24576K)->24575K(24576K) From: 9195K(52736K)->9195K(52736K)
[221.369s][info][gc,heap        ] GC(615) ParOldGen: 336863K(341504K)->336863K(341504K)
[221.369s][info][gc,metaspace   ] GC(615) Metaspace: 6296K(6464K)->6296K(6464K) NonClass: 5763K(5824K)->5763K(5824K) Class: 532K(640K)->532K(640K)
[221.369s][info][gc             ] GC(615) Pause Full (Ergonomics) 361M->361M(409M) 380.350ms
[221.369s][info][gc,cpu         ] GC(615) User=0.36s Sys=0.00s Real=0.38s
[221.369s][info][gc,start       ] GC(616) Pause Full (Ergonomics)
[221.369s][info][gc,phases,start] GC(616) Marking Phase
[221.653s][info][gc,phases      ] GC(616) Marking Phase 283.621ms
[221.653s][info][gc,phases,start] GC(616) Summary Phase
[221.653s][info][gc,phases      ] GC(616) Summary Phase 0.034ms
[221.653s][info][gc,phases,start] GC(616) Adjust Roots
[221.653s][info][gc,phases      ] GC(616) Adjust Roots 0.248ms
[221.653s][info][gc,phases,start] GC(616) Compaction Phase
[221.748s][info][gc,phases      ] GC(616) Compaction Phase 95.052ms
[221.748s][info][gc,phases,start] GC(616) Post Compact
[221.750s][info][gc,phases      ] GC(616) Post Compact 1.515ms
[221.750s][info][gc,heap        ] GC(616) PSYoungGen: 33771K(77312K)->33771K(77312K) Eden: 24575K(24576K)->24575K(24576K) From: 9195K(52736K)->9195K(52736K)
[221.750s][info][gc,heap        ] GC(616) ParOldGen: 336868K(341504K)->336868K(341504K)
[221.750s][info][gc,metaspace   ] GC(616) Metaspace: 6296K(6464K)->6296K(6464K) NonClass: 5763K(5824K)->5763K(5824K) Class: 532K(640K)->532K(640K)
[221.750s][info][gc             ] GC(616) Pause Full (Ergonomics) 361M->361M(409M) 380.854ms
[221.750s][info][gc,cpu         ] GC(616) User=0.33s Sys=0.02s Real=0.38s
[221.750s][info][gc,start       ] GC(617) Pause Full (Ergonomics)
[221.750s][info][gc,phases,start] GC(617) Marking Phase
[222.031s][info][gc,phases      ] GC(617) Marking Phase 280.895ms
[222.031s][info][gc,phases,start] GC(617) Summary Phase
[222.031s][info][gc,phases      ] GC(617) Summary Phase 0.035ms
[222.031s][info][gc,phases,start] GC(617) Adjust Roots
[222.032s][info][gc,phases      ] GC(617) Adjust Roots 0.278ms
[222.032s][info][gc,phases,start] GC(617) Compaction Phase
[222.126s][info][gc,phases      ] GC(617) Compaction Phase 94.866ms
[222.127s][info][gc,phases,start] GC(617) Post Compact
[222.128s][info][gc,phases      ] GC(617) Post Compact 1.549ms
[222.128s][info][gc,heap        ] GC(617) PSYoungGen: 33771K(77312K)->33771K(77312K) Eden: 24575K(24576K)->24575K(24576K) From: 9195K(52736K)->9195K(52736K)
[222.128s][info][gc,heap        ] GC(617) ParOldGen: 336872K(341504K)->336872K(341504K)
[222.128s][info][gc,metaspace   ] GC(617) Metaspace: 6296K(6464K)->6296K(6464K) NonClass: 5763K(5824K)->5763K(5824K) Class: 532K(640K)->532K(640K)
[222.128s][info][gc             ] GC(617) Pause Full (Ergonomics) 361M->361M(409M) 378.023ms
[222.128s][info][gc,cpu         ] GC(617) User=0.36s Sys=0.00s Real=0.38s
[222.129s][info][gc,start       ] GC(618) Pause Full (Ergonomics)
[222.129s][info][gc,phases,start] GC(618) Marking Phase
[222.412s][info][gc,phases      ] GC(618) Marking Phase 283.041ms
[222.412s][info][gc,phases,start] GC(618) Summary Phase
[222.412s][info][gc,phases      ] GC(618) Summary Phase 0.035ms
[222.412s][info][gc,phases,start] GC(618) Adjust Roots
[222.412s][info][gc,phases      ] GC(618) Adjust Roots 0.301ms
[222.412s][info][gc,phases,start] GC(618) Compaction Phase
[222.508s][info][gc,phases      ] GC(618) Compaction Phase 95.963ms
[222.508s][info][gc,phases,start] GC(618) Post Compact
[222.510s][info][gc,phases      ] GC(618) Post Compact 1.519ms
[222.510s][info][gc,heap        ] GC(618) PSYoungGen: 33771K(77312K)->33771K(77312K) Eden: 24575K(24576K)->24575K(24576K) From: 9195K(52736K)->9195K(52736K)
[222.510s][info][gc,heap        ] GC(618) ParOldGen: 336877K(341504K)->336877K(341504K)
[222.510s][info][gc,metaspace   ] GC(618) Metaspace: 6296K(6464K)->6296K(6464K) NonClass: 5763K(5824K)->5763K(5824K) Class: 532K(640K)->532K(640K)
[222.510s][info][gc             ] GC(618) Pause Full (Ergonomics) 361M->361M(409M) 381.281ms
[222.510s][info][gc,cpu         ] GC(618) User=0.36s Sys=0.02s Real=0.38s
[222.510s][info][gc,start       ] GC(619) Pause Full (Ergonomics)
[222.510s][info][gc,phases,start] GC(619) Marking Phase
[222.794s][info][gc,phases      ] GC(619) Marking Phase 283.363ms
[222.794s][info][gc,phases,start] GC(619) Summary Phase
[222.794s][info][gc,phases      ] GC(619) Summary Phase 0.040ms
[222.794s][info][gc,phases,start] GC(619) Adjust Roots
[222.794s][info][gc,phases      ] GC(619) Adjust Roots 0.241ms
[222.794s][info][gc,phases,start] GC(619) Compaction Phase
[222.890s][info][gc,phases      ] GC(619) Compaction Phase 96.108ms
[222.890s][info][gc,phases,start] GC(619) Post Compact
[222.892s][info][gc,phases      ] GC(619) Post Compact 1.520ms
[222.892s][info][gc,heap        ] GC(619) PSYoungGen: 33771K(77312K)->33771K(77312K) Eden: 24575K(24576K)->24575K(24576K) From: 9195K(52736K)->9195K(52736K)
[222.892s][info][gc,heap        ] GC(619) ParOldGen: 336882K(341504K)->336882K(341504K)
[222.892s][info][gc,metaspace   ] GC(619) Metaspace: 6296K(6464K)->6296K(6464K) NonClass: 5763K(5824K)->5763K(5824K) Class: 532K(640K)->532K(640K)
[222.892s][info][gc             ] GC(619) Pause Full (Ergonomics) 361M->361M(409M) 381.663ms
[222.892s][info][gc,cpu         ] GC(619) User=0.34s Sys=0.00s Real=0.38s
[222.892s][info][gc,start       ] GC(620) Pause Full (Ergonomics)
[222.892s][info][gc,phases,start] GC(620) Marking Phase
[223.175s][info][gc,phases      ] GC(620) Marking Phase 283.312ms
[223.175s][info][gc,phases,start] GC(620) Summary Phase
[223.176s][info][gc,phases      ] GC(620) Summary Phase 0.034ms
[223.176s][info][gc,phases,start] GC(620) Adjust Roots
[223.176s][info][gc,phases      ] GC(620) Adjust Roots 0.302ms
[223.176s][info][gc,phases,start] GC(620) Compaction Phase
[223.271s][info][gc,phases      ] GC(620) Compaction Phase 95.592ms
[223.272s][info][gc,phases,start] GC(620) Post Compact
[223.273s][info][gc,phases      ] GC(620) Post Compact 1.669ms
[223.273s][info][gc,heap        ] GC(620) PSYoungGen: 33771K(77312K)->33771K(77312K) Eden: 24575K(24576K)->24575K(24576K) From: 9195K(52736K)->9195K(52736K)
[223.273s][info][gc,heap        ] GC(620) ParOldGen: 336886K(341504K)->336886K(341504K)
[223.273s][info][gc,metaspace   ] GC(620) Metaspace: 6296K(6464K)->6296K(6464K) NonClass: 5763K(5824K)->5763K(5824K) Class: 532K(640K)->532K(640K)
[223.273s][info][gc             ] GC(620) Pause Full (Ergonomics) 361M->361M(409M) 381.297ms
[223.273s][info][gc,cpu         ] GC(620) User=0.38s Sys=0.00s Real=0.38s
[223.274s][info][gc,start       ] GC(621) Pause Full (Ergonomics)
[223.274s][info][gc,phases,start] GC(621) Marking Phase
[223.557s][info][gc,phases      ] GC(621) Marking Phase 283.202ms
[223.557s][info][gc,phases,start] GC(621) Summary Phase
[223.557s][info][gc,phases      ] GC(621) Summary Phase 0.035ms
[223.557s][info][gc,phases,start] GC(621) Adjust Roots
[223.557s][info][gc,phases      ] GC(621) Adjust Roots 0.299ms
[223.557s][info][gc,phases,start] GC(621) Compaction Phase
[223.653s][info][gc,phases      ] GC(621) Compaction Phase 96.069ms
[223.653s][info][gc,phases,start] GC(621) Post Compact
[223.655s][info][gc,phases      ] GC(621) Post Compact 1.526ms
[223.655s][info][gc,heap        ] GC(621) PSYoungGen: 33771K(77312K)->33771K(77312K) Eden: 24575K(24576K)->24575K(24576K) From: 9195K(52736K)->9195K(52736K)
[223.655s][info][gc,heap        ] GC(621) ParOldGen: 336891K(341504K)->336891K(341504K)
[223.655s][info][gc,metaspace   ] GC(621) Metaspace: 6296K(6464K)->6296K(6464K) NonClass: 5763K(5824K)->5763K(5824K) Class: 532K(640K)->532K(640K)
[223.655s][info][gc             ] GC(621) Pause Full (Ergonomics) 361M->361M(409M) 381.513ms
[223.655s][info][gc,cpu         ] GC(621) User=0.34s Sys=0.00s Real=0.38s
[223.655s][info][gc,start       ] GC(622) Pause Full (Ergonomics)
[223.655s][info][gc,phases,start] GC(622) Marking Phase
[223.938s][info][gc,phases      ] GC(622) Marking Phase 282.867ms
[223.938s][info][gc,phases,start] GC(622) Summary Phase
[223.938s][info][gc,phases      ] GC(622) Summary Phase 0.024ms
[223.938s][info][gc,phases,start] GC(622) Adjust Roots
[223.939s][info][gc,phases      ] GC(622) Adjust Roots 0.249ms
[223.939s][info][gc,phases,start] GC(622) Compaction Phase
[224.034s][info][gc,phases      ] GC(622) Compaction Phase 94.933ms
[224.034s][info][gc,phases,start] GC(622) Post Compact
[224.035s][info][gc,phases      ] GC(622) Post Compact 1.539ms
[224.035s][info][gc,heap        ] GC(622) PSYoungGen: 33771K(77312K)->33771K(77312K) Eden: 24575K(24576K)->24575K(24576K) From: 9195K(52736K)->9195K(52736K)
[224.035s][info][gc,heap        ] GC(622) ParOldGen: 336896K(341504K)->336896K(341504K)
[224.035s][info][gc,metaspace   ] GC(622) Metaspace: 6296K(6464K)->6296K(6464K) NonClass: 5763K(5824K)->5763K(5824K) Class: 532K(640K)->532K(640K)
[224.035s][info][gc             ] GC(622) Pause Full (Ergonomics) 361M->361M(409M) 379.960ms
[224.035s][info][gc,cpu         ] GC(622) User=0.34s Sys=0.00s Real=0.38s
[224.036s][info][gc,start       ] GC(623) Pause Full (Ergonomics)
[224.036s][info][gc,phases,start] GC(623) Marking Phase
[224.319s][info][gc,phases      ] GC(623) Marking Phase 283.268ms
[224.319s][info][gc,phases,start] GC(623) Summary Phase
[224.319s][info][gc,phases      ] GC(623) Summary Phase 0.056ms
[224.319s][info][gc,phases,start] GC(623) Adjust Roots
[224.319s][info][gc,phases      ] GC(623) Adjust Roots 0.242ms
[224.319s][info][gc,phases,start] GC(623) Compaction Phase
[224.414s][info][gc,phases      ] GC(623) Compaction Phase 94.632ms
[224.414s][info][gc,phases,start] GC(623) Post Compact
[224.416s][info][gc,phases      ] GC(623) Post Compact 1.540ms
[224.416s][info][gc,heap        ] GC(623) PSYoungGen: 33771K(77312K)->33771K(77312K) Eden: 24575K(24576K)->24575K(24576K) From: 9195K(52736K)->9195K(52736K)
[224.416s][info][gc,heap        ] GC(623) ParOldGen: 336900K(341504K)->336900K(341504K)
[224.416s][info][gc,metaspace   ] GC(623) Metaspace: 6296K(6464K)->6296K(6464K) NonClass: 5763K(5824K)->5763K(5824K) Class: 532K(640K)->532K(640K)
[224.416s][info][gc             ] GC(623) Pause Full (Ergonomics) 361M->361M(409M) 380.108ms
[224.416s][info][gc,cpu         ] GC(623) User=0.36s Sys=0.00s Real=0.38s
[224.416s][info][gc,start       ] GC(624) Pause Full (Ergonomics)
[224.416s][info][gc,phases,start] GC(624) Marking Phase
[224.699s][info][gc,phases      ] GC(624) Marking Phase 283.141ms
[224.699s][info][gc,phases,start] GC(624) Summary Phase
[224.699s][info][gc,phases      ] GC(624) Summary Phase 0.034ms
[224.699s][info][gc,phases,start] GC(624) Adjust Roots
[224.700s][info][gc,phases      ] GC(624) Adjust Roots 0.265ms
[224.700s][info][gc,phases,start] GC(624) Compaction Phase
[224.795s][info][gc,phases      ] GC(624) Compaction Phase 95.827ms
[224.796s][info][gc,phases,start] GC(624) Post Compact
[224.797s][info][gc,phases      ] GC(624) Post Compact 1.531ms
[224.797s][info][gc,heap        ] GC(624) PSYoungGen: 33771K(77312K)->33771K(77312K) Eden: 24575K(24576K)->24575K(24576K) From: 9195K(52736K)->9195K(52736K)
[224.797s][info][gc,heap        ] GC(624) ParOldGen: 336905K(341504K)->336905K(341504K)
[224.797s][info][gc,metaspace   ] GC(624) Metaspace: 6296K(6464K)->6296K(6464K) NonClass: 5763K(5824K)->5763K(5824K) Class: 532K(640K)->532K(640K)
[224.797s][info][gc             ] GC(624) Pause Full (Ergonomics) 361M->361M(409M) 381.168ms
[224.797s][info][gc,cpu         ] GC(624) User=0.34s Sys=0.00s Real=0.38s
[224.797s][info][gc,start       ] GC(625) Pause Full (Ergonomics)
[224.797s][info][gc,phases,start] GC(625) Marking Phase
[225.081s][info][gc,phases      ] GC(625) Marking Phase 283.504ms
[225.081s][info][gc,phases,start] GC(625) Summary Phase
[225.081s][info][gc,phases      ] GC(625) Summary Phase 0.034ms
[225.081s][info][gc,phases,start] GC(625) Adjust Roots
[225.081s][info][gc,phases      ] GC(625) Adjust Roots 0.240ms
[225.081s][info][gc,phases,start] GC(625) Compaction Phase
[225.177s][info][gc,phases      ] GC(625) Compaction Phase 95.711ms
[225.177s][info][gc,phases,start] GC(625) Post Compact
[225.179s][info][gc,phases      ] GC(625) Post Compact 1.683ms
[225.179s][info][gc,heap        ] GC(625) PSYoungGen: 33771K(77312K)->33771K(77312K) Eden: 24575K(24576K)->24575K(24576K) From: 9195K(52736K)->9195K(52736K)
[225.179s][info][gc,heap        ] GC(625) ParOldGen: 336910K(341504K)->336910K(341504K)
[225.179s][info][gc,metaspace   ] GC(625) Metaspace: 6296K(6464K)->6296K(6464K) NonClass: 5763K(5824K)->5763K(5824K) Class: 532K(640K)->532K(640K)
[225.179s][info][gc             ] GC(625) Pause Full (Ergonomics) 361M->361M(409M) 381.585ms
[225.179s][info][gc,cpu         ] GC(625) User=0.38s Sys=0.00s Real=0.38s
[225.179s][info][gc,start       ] GC(626) Pause Full (Ergonomics)
[225.179s][info][gc,phases,start] GC(626) Marking Phase
[225.462s][info][gc,phases      ] GC(626) Marking Phase 282.668ms
[225.462s][info][gc,phases,start] GC(626) Summary Phase
[225.462s][info][gc,phases      ] GC(626) Summary Phase 0.034ms
[225.462s][info][gc,phases,start] GC(626) Adjust Roots
[225.462s][info][gc,phases      ] GC(626) Adjust Roots 0.244ms
[225.462s][info][gc,phases,start] GC(626) Compaction Phase
[225.557s][info][gc,phases      ] GC(626) Compaction Phase 94.977ms
[225.557s][info][gc,phases,start] GC(626) Post Compact
[225.559s][info][gc,phases      ] GC(626) Post Compact 1.526ms
[225.559s][info][gc,heap        ] GC(626) PSYoungGen: 33771K(77312K)->33771K(77312K) Eden: 24575K(24576K)->24575K(24576K) From: 9195K(52736K)->9195K(52736K)
[225.559s][info][gc,heap        ] GC(626) ParOldGen: 336914K(341504K)->336914K(341504K)
[225.559s][info][gc,metaspace   ] GC(626) Metaspace: 6296K(6464K)->6296K(6464K) NonClass: 5763K(5824K)->5763K(5824K) Class: 532K(640K)->532K(640K)
[225.559s][info][gc             ] GC(626) Pause Full (Ergonomics) 361M->361M(409M) 379.836ms
[225.559s][info][gc,cpu         ] GC(626) User=0.34s Sys=0.00s Real=0.38s
[225.559s][info][gc,start       ] GC(627) Pause Full (Ergonomics)
[225.559s][info][gc,phases,start] GC(627) Marking Phase
[225.843s][info][gc,phases      ] GC(627) Marking Phase 283.095ms
[225.843s][info][gc,phases,start] GC(627) Summary Phase
[225.843s][info][gc,phases      ] GC(627) Summary Phase 0.035ms
[225.843s][info][gc,phases,start] GC(627) Adjust Roots
[225.843s][info][gc,phases      ] GC(627) Adjust Roots 0.240ms
[225.843s][info][gc,phases,start] GC(627) Compaction Phase
[225.939s][info][gc,phases      ] GC(627) Compaction Phase 96.135ms
[225.939s][info][gc,phases,start] GC(627) Post Compact
[225.941s][info][gc,phases      ] GC(627) Post Compact 1.524ms
[225.941s][info][gc,heap        ] GC(627) PSYoungGen: 33771K(77312K)->33771K(77312K) Eden: 24575K(24576K)->24575K(24576K) From: 9195K(52736K)->9195K(52736K)
[225.941s][info][gc,heap        ] GC(627) ParOldGen: 336919K(341504K)->336919K(341504K)
[225.941s][info][gc,metaspace   ] GC(627) Metaspace: 6296K(6464K)->6296K(6464K) NonClass: 5763K(5824K)->5763K(5824K) Class: 532K(640K)->532K(640K)
[225.941s][info][gc             ] GC(627) Pause Full (Ergonomics) 362M->362M(409M) 381.412ms
[225.941s][info][gc,cpu         ] GC(627) User=0.36s Sys=0.00s Real=0.38s
[225.941s][info][gc,start       ] GC(628) Pause Full (Ergonomics)
[225.941s][info][gc,phases,start] GC(628) Marking Phase
[226.223s][info][gc,phases      ] GC(628) Marking Phase 282.018ms
[226.223s][info][gc,phases,start] GC(628) Summary Phase
[226.223s][info][gc,phases      ] GC(628) Summary Phase 0.034ms
[226.223s][info][gc,phases,start] GC(628) Adjust Roots
[226.224s][info][gc,phases      ] GC(628) Adjust Roots 0.225ms
[226.224s][info][gc,phases,start] GC(628) Compaction Phase
[226.319s][info][gc,phases      ] GC(628) Compaction Phase 95.019ms
[226.319s][info][gc,phases,start] GC(628) Post Compact
[226.320s][info][gc,phases      ] GC(628) Post Compact 1.538ms
[226.320s][info][gc,heap        ] GC(628) PSYoungGen: 33771K(77312K)->33771K(77312K) Eden: 24575K(24576K)->24575K(24576K) From: 9195K(52736K)->9195K(52736K)
[226.320s][info][gc,heap        ] GC(628) ParOldGen: 336924K(341504K)->336924K(341504K)
[226.320s][info][gc,metaspace   ] GC(628) Metaspace: 6296K(6464K)->6296K(6464K) NonClass: 5763K(5824K)->5763K(5824K) Class: 532K(640K)->532K(640K)
[226.320s][info][gc             ] GC(628) Pause Full (Ergonomics) 362M->362M(409M) 379.210ms
[226.320s][info][gc,cpu         ] GC(628) User=0.39s Sys=0.00s Real=0.38s
[226.321s][info][gc,start       ] GC(629) Pause Full (Ergonomics)
[226.321s][info][gc,phases,start] GC(629) Marking Phase
[226.603s][info][gc,phases      ] GC(629) Marking Phase 282.113ms
[226.603s][info][gc,phases,start] GC(629) Summary Phase
[226.603s][info][gc,phases      ] GC(629) Summary Phase 0.023ms
[226.603s][info][gc,phases,start] GC(629) Adjust Roots
[226.603s][info][gc,phases      ] GC(629) Adjust Roots 0.215ms
[226.603s][info][gc,phases,start] GC(629) Compaction Phase
[226.698s][info][gc,phases      ] GC(629) Compaction Phase 94.713ms
[226.698s][info][gc,phases,start] GC(629) Post Compact
[226.700s][info][gc,phases      ] GC(629) Post Compact 1.660ms
[226.700s][info][gc,heap        ] GC(629) PSYoungGen: 33771K(77312K)->33771K(77312K) Eden: 24575K(24576K)->24575K(24576K) From: 9195K(52736K)->9195K(52736K)
[226.700s][info][gc,heap        ] GC(629) ParOldGen: 336928K(341504K)->336928K(341504K)
[226.700s][info][gc,metaspace   ] GC(629) Metaspace: 6296K(6464K)->6296K(6464K) NonClass: 5763K(5824K)->5763K(5824K) Class: 532K(640K)->532K(640K)
[226.700s][info][gc             ] GC(629) Pause Full (Ergonomics) 362M->362M(409M) 379.091ms
[226.700s][info][gc,cpu         ] GC(629) User=0.36s Sys=0.00s Real=0.38s
[226.700s][info][gc,start       ] GC(630) Pause Full (Ergonomics)
[226.700s][info][gc,phases,start] GC(630) Marking Phase
[226.983s][info][gc,phases      ] GC(630) Marking Phase 283.152ms
[226.983s][info][gc,phases,start] GC(630) Summary Phase
[226.983s][info][gc,phases      ] GC(630) Summary Phase 0.022ms
[226.983s][info][gc,phases,start] GC(630) Adjust Roots
[226.983s][info][gc,phases      ] GC(630) Adjust Roots 0.213ms
[226.984s][info][gc,phases,start] GC(630) Compaction Phase
[227.078s][info][gc,phases      ] GC(630) Compaction Phase 94.497ms
[227.078s][info][gc,phases,start] GC(630) Post Compact
[227.080s][info][gc,phases      ] GC(630) Post Compact 1.560ms
[227.080s][info][gc,heap        ] GC(630) PSYoungGen: 33771K(77312K)->33771K(77312K) Eden: 24575K(24576K)->24575K(24576K) From: 9195K(52736K)->9195K(52736K)
[227.080s][info][gc,heap        ] GC(630) ParOldGen: 336933K(341504K)->336933K(341504K)
[227.080s][info][gc,metaspace   ] GC(630) Metaspace: 6296K(6464K)->6296K(6464K) NonClass: 5763K(5824K)->5763K(5824K) Class: 532K(640K)->532K(640K)
[227.080s][info][gc             ] GC(630) Pause Full (Ergonomics) 362M->362M(409M) 379.791ms
[227.080s][info][gc,cpu         ] GC(630) User=0.36s Sys=0.00s Real=0.38s
[227.080s][info][gc,start       ] GC(631) Pause Full (Ergonomics)
[227.081s][info][gc,phases,start] GC(631) Marking Phase
[227.363s][info][gc,phases      ] GC(631) Marking Phase 282.527ms
[227.363s][info][gc,phases,start] GC(631) Summary Phase
[227.363s][info][gc,phases      ] GC(631) Summary Phase 0.034ms
[227.363s][info][gc,phases,start] GC(631) Adjust Roots
[227.363s][info][gc,phases      ] GC(631) Adjust Roots 0.239ms
[227.363s][info][gc,phases,start] GC(631) Compaction Phase
[227.458s][info][gc,phases      ] GC(631) Compaction Phase 94.653ms
[227.458s][info][gc,phases,start] GC(631) Post Compact
[227.460s][info][gc,phases      ] GC(631) Post Compact 1.524ms
[227.460s][info][gc,heap        ] GC(631) PSYoungGen: 33771K(77312K)->33771K(77312K) Eden: 24575K(24576K)->24575K(24576K) From: 9195K(52736K)->9195K(52736K)
[227.460s][info][gc,heap        ] GC(631) ParOldGen: 336938K(341504K)->336938K(341504K)
[227.460s][info][gc,metaspace   ] GC(631) Metaspace: 6296K(6464K)->6296K(6464K) NonClass: 5763K(5824K)->5763K(5824K) Class: 532K(640K)->532K(640K)
[227.460s][info][gc             ] GC(631) Pause Full (Ergonomics) 362M->362M(409M) 379.358ms
[227.460s][info][gc,cpu         ] GC(631) User=0.38s Sys=0.00s Real=0.38s
[227.460s][info][gc,start       ] GC(632) Pause Full (Ergonomics)
[227.460s][info][gc,phases,start] GC(632) Marking Phase
[227.743s][info][gc,phases      ] GC(632) Marking Phase 282.647ms
[227.743s][info][gc,phases,start] GC(632) Summary Phase
[227.743s][info][gc,phases      ] GC(632) Summary Phase 0.022ms
[227.743s][info][gc,phases,start] GC(632) Adjust Roots
[227.743s][info][gc,phases      ] GC(632) Adjust Roots 0.244ms
[227.743s][info][gc,phases,start] GC(632) Compaction Phase
[227.837s][info][gc,phases      ] GC(632) Compaction Phase 94.256ms
[227.838s][info][gc,phases,start] GC(632) Post Compact
[227.839s][info][gc,phases      ] GC(632) Post Compact 1.767ms
[227.839s][info][gc,heap        ] GC(632) PSYoungGen: 33771K(77312K)->33771K(77312K) Eden: 24575K(24576K)->24575K(24576K) From: 9195K(52736K)->9195K(52736K)
[227.839s][info][gc,heap        ] GC(632) ParOldGen: 336942K(341504K)->336942K(341504K)
[227.839s][info][gc,metaspace   ] GC(632) Metaspace: 6296K(6464K)->6296K(6464K) NonClass: 5763K(5824K)->5763K(5824K) Class: 532K(640K)->532K(640K)
[227.839s][info][gc             ] GC(632) Pause Full (Ergonomics) 362M->362M(409M) 379.291ms
[227.839s][info][gc,cpu         ] GC(632) User=0.36s Sys=0.00s Real=0.38s
[227.840s][info][gc,start       ] GC(633) Pause Full (Ergonomics)
[227.840s][info][gc,phases,start] GC(633) Marking Phase
[228.141s][info][gc,phases      ] GC(633) Marking Phase 301.362ms
[228.141s][info][gc,phases,start] GC(633) Summary Phase
[228.141s][info][gc,phases      ] GC(633) Summary Phase 0.025ms
[228.141s][info][gc,phases,start] GC(633) Adjust Roots
[228.142s][info][gc,phases      ] GC(633) Adjust Roots 0.198ms
[228.142s][info][gc,phases,start] GC(633) Compaction Phase
[228.238s][info][gc,phases      ] GC(633) Compaction Phase 96.692ms
[228.238s][info][gc,phases,start] GC(633) Post Compact
[228.240s][info][gc,phases      ] GC(633) Post Compact 1.520ms
[228.240s][info][gc,heap        ] GC(633) PSYoungGen: 33771K(77312K)->33771K(77312K) Eden: 24575K(24576K)->24575K(24576K) From: 9195K(52736K)->9195K(52736K)
[228.240s][info][gc,heap        ] GC(633) ParOldGen: 336947K(341504K)->336947K(341504K)
[228.240s][info][gc,metaspace   ] GC(633) Metaspace: 6296K(6464K)->6296K(6464K) NonClass: 5763K(5824K)->5763K(5824K) Class: 532K(640K)->532K(640K)
[228.240s][info][gc             ] GC(633) Pause Full (Ergonomics) 362M->362M(409M) 400.145ms
[228.240s][info][gc,cpu         ] GC(633) User=0.38s Sys=0.00s Real=0.40s
[228.240s][info][gc,start       ] GC(634) Pause Full (Ergonomics)
[228.240s][info][gc,phases,start] GC(634) Marking Phase
[228.523s][info][gc,phases      ] GC(634) Marking Phase 282.911ms
[228.523s][info][gc,phases,start] GC(634) Summary Phase
[228.523s][info][gc,phases      ] GC(634) Summary Phase 0.022ms
[228.523s][info][gc,phases,start] GC(634) Adjust Roots
[228.523s][info][gc,phases      ] GC(634) Adjust Roots 0.214ms
[228.523s][info][gc,phases,start] GC(634) Compaction Phase
[228.618s][info][gc,phases      ] GC(634) Compaction Phase 94.833ms
[228.618s][info][gc,phases,start] GC(634) Post Compact
[228.620s][info][gc,phases      ] GC(634) Post Compact 1.531ms
[228.620s][info][gc,heap        ] GC(634) PSYoungGen: 33771K(77312K)->33771K(77312K) Eden: 24575K(24576K)->24575K(24576K) From: 9195K(52736K)->9195K(52736K)
[228.620s][info][gc,heap        ] GC(634) ParOldGen: 336952K(341504K)->336952K(341504K)
[228.620s][info][gc,metaspace   ] GC(634) Metaspace: 6296K(6464K)->6296K(6464K) NonClass: 5763K(5824K)->5763K(5824K) Class: 532K(640K)->532K(640K)
[228.620s][info][gc             ] GC(634) Pause Full (Ergonomics) 362M->362M(409M) 379.847ms
[228.620s][info][gc,cpu         ] GC(634) User=0.36s Sys=0.00s Real=0.38s
[228.621s][info][gc,start       ] GC(635) Pause Full (Ergonomics)
[228.621s][info][gc,phases,start] GC(635) Marking Phase
[228.904s][info][gc,phases      ] GC(635) Marking Phase 283.815ms
[228.904s][info][gc,phases,start] GC(635) Summary Phase
[228.904s][info][gc,phases      ] GC(635) Summary Phase 0.034ms
[228.905s][info][gc,phases,start] GC(635) Adjust Roots
[228.905s][info][gc,phases      ] GC(635) Adjust Roots 0.234ms
[228.905s][info][gc,phases,start] GC(635) Compaction Phase
[229.000s][info][gc,phases      ] GC(635) Compaction Phase 95.692ms
[229.001s][info][gc,phases,start] GC(635) Post Compact
[229.002s][info][gc,phases      ] GC(635) Post Compact 1.515ms
[229.002s][info][gc,heap        ] GC(635) PSYoungGen: 33771K(77312K)->33771K(77312K) Eden: 24575K(24576K)->24575K(24576K) From: 9195K(52736K)->9195K(52736K)
[229.002s][info][gc,heap        ] GC(635) ParOldGen: 336956K(341504K)->336956K(341504K)
[229.002s][info][gc,metaspace   ] GC(635) Metaspace: 6296K(6464K)->6296K(6464K) NonClass: 5763K(5824K)->5763K(5824K) Class: 532K(640K)->532K(640K)
[229.002s][info][gc             ] GC(635) Pause Full (Ergonomics) 362M->362M(409M) 381.740ms
[229.002s][info][gc,cpu         ] GC(635) User=0.34s Sys=0.00s Real=0.38s
[229.003s][info][gc,start       ] GC(636) Pause Full (Ergonomics)
[229.003s][info][gc,phases,start] GC(636) Marking Phase
[229.286s][info][gc,phases      ] GC(636) Marking Phase 283.103ms
[229.286s][info][gc,phases,start] GC(636) Summary Phase
[229.286s][info][gc,phases      ] GC(636) Summary Phase 0.023ms
[229.286s][info][gc,phases,start] GC(636) Adjust Roots
[229.286s][info][gc,phases      ] GC(636) Adjust Roots 0.220ms
[229.286s][info][gc,phases,start] GC(636) Compaction Phase
[229.381s][info][gc,phases      ] GC(636) Compaction Phase 94.831ms
[229.381s][info][gc,phases,start] GC(636) Post Compact
[229.382s][info][gc,phases      ] GC(636) Post Compact 1.520ms
[229.383s][info][gc,heap        ] GC(636) PSYoungGen: 33771K(77312K)->33771K(77312K) Eden: 24575K(24576K)->24575K(24576K) From: 9195K(52736K)->9195K(52736K)
[229.383s][info][gc,heap        ] GC(636) ParOldGen: 336961K(341504K)->336961K(341504K)
[229.383s][info][gc,metaspace   ] GC(636) Metaspace: 6296K(6464K)->6296K(6464K) NonClass: 5763K(5824K)->5763K(5824K) Class: 532K(640K)->532K(640K)
[229.383s][info][gc             ] GC(636) Pause Full (Ergonomics) 362M->362M(409M) 380.046ms
[229.383s][info][gc,cpu         ] GC(636) User=0.39s Sys=0.00s Real=0.38s
[229.383s][info][gc,start       ] GC(637) Pause Full (Ergonomics)
[229.383s][info][gc,phases,start] GC(637) Marking Phase
[229.668s][info][gc,phases      ] GC(637) Marking Phase 284.549ms
[229.668s][info][gc,phases,start] GC(637) Summary Phase
[229.668s][info][gc,phases      ] GC(637) Summary Phase 0.034ms
[229.668s][info][gc,phases,start] GC(637) Adjust Roots
[229.668s][info][gc,phases      ] GC(637) Adjust Roots 0.250ms
[229.668s][info][gc,phases,start] GC(637) Compaction Phase
[229.763s][info][gc,phases      ] GC(637) Compaction Phase 95.265ms
[229.763s][info][gc,phases,start] GC(637) Post Compact
[229.765s][info][gc,phases      ] GC(637) Post Compact 1.620ms
[229.765s][info][gc,heap        ] GC(637) PSYoungGen: 33771K(77312K)->33771K(77312K) Eden: 24575K(24576K)->24575K(24576K) From: 9195K(52736K)->9195K(52736K)
[229.765s][info][gc,heap        ] GC(637) ParOldGen: 336966K(341504K)->336966K(341504K)
[229.765s][info][gc,metaspace   ] GC(637) Metaspace: 6296K(6464K)->6296K(6464K) NonClass: 5763K(5824K)->5763K(5824K) Class: 532K(640K)->532K(640K)
[229.765s][info][gc             ] GC(637) Pause Full (Ergonomics) 362M->362M(409M) 382.087ms
[229.765s][info][gc,cpu         ] GC(637) User=0.34s Sys=0.00s Real=0.38s
[229.765s][info][gc,start       ] GC(638) Pause Full (Ergonomics)
[229.765s][info][gc,phases,start] GC(638) Marking Phase
[230.049s][info][gc,phases      ] GC(638) Marking Phase 283.717ms
[230.049s][info][gc,phases,start] GC(638) Summary Phase
[230.049s][info][gc,phases      ] GC(638) Summary Phase 0.056ms
[230.049s][info][gc,phases,start] GC(638) Adjust Roots
[230.050s][info][gc,phases      ] GC(638) Adjust Roots 0.259ms
[230.050s][info][gc,phases,start] GC(638) Compaction Phase
[230.146s][info][gc,phases      ] GC(638) Compaction Phase 95.899ms
[230.146s][info][gc,phases,start] GC(638) Post Compact
[230.147s][info][gc,phases      ] GC(638) Post Compact 1.703ms
[230.147s][info][gc,heap        ] GC(638) PSYoungGen: 33771K(77312K)->33771K(77312K) Eden: 24575K(24576K)->24575K(24576K) From: 9195K(52736K)->9195K(52736K)
[230.148s][info][gc,heap        ] GC(638) ParOldGen: 336970K(341504K)->336970K(341504K)
[230.148s][info][gc,metaspace   ] GC(638) Metaspace: 6296K(6464K)->6296K(6464K) NonClass: 5763K(5824K)->5763K(5824K) Class: 532K(640K)->532K(640K)
[230.148s][info][gc             ] GC(638) Pause Full (Ergonomics) 362M->362M(409M) 382.090ms
[230.148s][info][gc,cpu         ] GC(638) User=0.36s Sys=0.00s Real=0.38s
[230.148s][info][gc,start       ] GC(639) Pause Full (Ergonomics)
[230.148s][info][gc,phases,start] GC(639) Marking Phase
[230.431s][info][gc,phases      ] GC(639) Marking Phase 283.511ms
[230.432s][info][gc,phases,start] GC(639) Summary Phase
[230.432s][info][gc,phases      ] GC(639) Summary Phase 0.035ms
[230.432s][info][gc,phases,start] GC(639) Adjust Roots
[230.432s][info][gc,phases      ] GC(639) Adjust Roots 0.336ms
[230.432s][info][gc,phases,start] GC(639) Compaction Phase
[230.530s][info][gc,phases      ] GC(639) Compaction Phase 98.273ms
[230.530s][info][gc,phases,start] GC(639) Post Compact
[230.532s][info][gc,phases      ] GC(639) Post Compact 1.532ms
[230.532s][info][gc,heap        ] GC(639) PSYoungGen: 33771K(77312K)->33771K(77312K) Eden: 24575K(24576K)->24575K(24576K) From: 9195K(52736K)->9195K(52736K)
[230.532s][info][gc,heap        ] GC(639) ParOldGen: 336975K(341504K)->336975K(341504K)
[230.532s][info][gc,metaspace   ] GC(639) Metaspace: 6296K(6464K)->6296K(6464K) NonClass: 5763K(5824K)->5763K(5824K) Class: 532K(640K)->532K(640K)
[230.532s][info][gc             ] GC(639) Pause Full (Ergonomics) 362M->362M(409M) 384.070ms
[230.532s][info][gc,cpu         ] GC(639) User=0.34s Sys=0.00s Real=0.38s
[230.532s][info][gc,start       ] GC(640) Pause Full (Ergonomics)
[230.532s][info][gc,phases,start] GC(640) Marking Phase
[230.816s][info][gc,phases      ] GC(640) Marking Phase 283.397ms
[230.816s][info][gc,phases,start] GC(640) Summary Phase
[230.816s][info][gc,phases      ] GC(640) Summary Phase 0.023ms
[230.816s][info][gc,phases,start] GC(640) Adjust Roots
[230.816s][info][gc,phases      ] GC(640) Adjust Roots 0.187ms
[230.816s][info][gc,phases,start] GC(640) Compaction Phase
[230.910s][info][gc,phases      ] GC(640) Compaction Phase 94.369ms
[230.910s][info][gc,phases,start] GC(640) Post Compact
[230.912s][info][gc,phases      ] GC(640) Post Compact 1.503ms
[230.912s][info][gc,heap        ] GC(640) PSYoungGen: 33771K(77312K)->33771K(77312K) Eden: 24575K(24576K)->24575K(24576K) From: 9195K(52736K)->9195K(52736K)
[230.912s][info][gc,heap        ] GC(640) ParOldGen: 336980K(341504K)->336980K(341504K)
[230.912s][info][gc,metaspace   ] GC(640) Metaspace: 6296K(6464K)->6296K(6464K) NonClass: 5763K(5824K)->5763K(5824K) Class: 532K(640K)->532K(640K)
[230.912s][info][gc             ] GC(640) Pause Full (Ergonomics) 362M->362M(409M) 379.808ms
[230.912s][info][gc,cpu         ] GC(640) User=0.38s Sys=0.00s Real=0.38s
[230.912s][info][gc,start       ] GC(641) Pause Full (Ergonomics)
[230.912s][info][gc,phases,start] GC(641) Marking Phase
[231.196s][info][gc,phases      ] GC(641) Marking Phase 283.585ms
[231.196s][info][gc,phases,start] GC(641) Summary Phase
[231.196s][info][gc,phases      ] GC(641) Summary Phase 0.034ms
[231.196s][info][gc,phases,start] GC(641) Adjust Roots
[231.196s][info][gc,phases      ] GC(641) Adjust Roots 0.273ms
[231.196s][info][gc,phases,start] GC(641) Compaction Phase
[231.291s][info][gc,phases      ] GC(641) Compaction Phase 94.626ms
[231.291s][info][gc,phases,start] GC(641) Post Compact
[231.293s][info][gc,phases      ] GC(641) Post Compact 1.707ms
[231.293s][info][gc,heap        ] GC(641) PSYoungGen: 33771K(77312K)->33771K(77312K) Eden: 24575K(24576K)->24575K(24576K) From: 9195K(52736K)->9195K(52736K)
[231.293s][info][gc,heap        ] GC(641) ParOldGen: 336984K(341504K)->336984K(341504K)
[231.293s][info][gc,metaspace   ] GC(641) Metaspace: 6296K(6464K)->6296K(6464K) NonClass: 5763K(5824K)->5763K(5824K) Class: 532K(640K)->532K(640K)
[231.293s][info][gc             ] GC(641) Pause Full (Ergonomics) 362M->362M(409M) 380.593ms
[231.293s][info][gc,cpu         ] GC(641) User=0.33s Sys=0.00s Real=0.38s
[231.293s][info][gc,start       ] GC(642) Pause Full (Ergonomics)
[231.293s][info][gc,phases,start] GC(642) Marking Phase
[231.575s][info][gc,phases      ] GC(642) Marking Phase 281.611ms
[231.575s][info][gc,phases,start] GC(642) Summary Phase
[231.575s][info][gc,phases      ] GC(642) Summary Phase 0.041ms
[231.575s][info][gc,phases,start] GC(642) Adjust Roots
[231.575s][info][gc,phases      ] GC(642) Adjust Roots 0.238ms
[231.575s][info][gc,phases,start] GC(642) Compaction Phase
[231.671s][info][gc,phases      ] GC(642) Compaction Phase 95.908ms
[231.671s][info][gc,phases,start] GC(642) Post Compact
[231.673s][info][gc,phases      ] GC(642) Post Compact 1.519ms
[231.673s][info][gc,heap        ] GC(642) PSYoungGen: 33771K(77312K)->33771K(77312K) Eden: 24575K(24576K)->24575K(24576K) From: 9195K(52736K)->9195K(52736K)
[231.673s][info][gc,heap        ] GC(642) ParOldGen: 336989K(341504K)->336989K(341504K)
[231.673s][info][gc,metaspace   ] GC(642) Metaspace: 6296K(6464K)->6296K(6464K) NonClass: 5763K(5824K)->5763K(5824K) Class: 532K(640K)->532K(640K)
[231.673s][info][gc             ] GC(642) Pause Full (Ergonomics) 362M->362M(409M) 379.720ms
[231.673s][info][gc,cpu         ] GC(642) User=0.34s Sys=0.00s Real=0.38s
[231.673s][info][gc,start       ] GC(643) Pause Full (Ergonomics)
[231.673s][info][gc,phases,start] GC(643) Marking Phase
[231.956s][info][gc,phases      ] GC(643) Marking Phase 283.073ms
[231.956s][info][gc,phases,start] GC(643) Summary Phase
[231.956s][info][gc,phases      ] GC(643) Summary Phase 0.023ms
[231.956s][info][gc,phases,start] GC(643) Adjust Roots
[231.957s][info][gc,phases      ] GC(643) Adjust Roots 0.200ms
[231.957s][info][gc,phases,start] GC(643) Compaction Phase
[232.052s][info][gc,phases      ] GC(643) Compaction Phase 95.364ms
[232.052s][info][gc,phases,start] GC(643) Post Compact
[232.054s][info][gc,phases      ] GC(643) Post Compact 1.512ms
[232.054s][info][gc,heap        ] GC(643) PSYoungGen: 33771K(77312K)->33771K(77312K) Eden: 24575K(24576K)->24575K(24576K) From: 9195K(52736K)->9195K(52736K)
[232.054s][info][gc,heap        ] GC(643) ParOldGen: 336994K(341504K)->336994K(341504K)
[232.054s][info][gc,metaspace   ] GC(643) Metaspace: 6296K(6464K)->6296K(6464K) NonClass: 5763K(5824K)->5763K(5824K) Class: 532K(640K)->532K(640K)
[232.054s][info][gc             ] GC(643) Pause Full (Ergonomics) 362M->362M(409M) 380.533ms
[232.054s][info][gc,cpu         ] GC(643) User=0.39s Sys=0.00s Real=0.38s
[232.054s][info][gc,start       ] GC(644) Pause Full (Ergonomics)
[232.054s][info][gc,phases,start] GC(644) Marking Phase
[232.338s][info][gc,phases      ] GC(644) Marking Phase 283.552ms
[232.338s][info][gc,phases,start] GC(644) Summary Phase
[232.338s][info][gc,phases      ] GC(644) Summary Phase 0.035ms
[232.338s][info][gc,phases,start] GC(644) Adjust Roots
[232.338s][info][gc,phases      ] GC(644) Adjust Roots 0.250ms
[232.338s][info][gc,phases,start] GC(644) Compaction Phase
[232.433s][info][gc,phases      ] GC(644) Compaction Phase 94.714ms
[232.433s][info][gc,phases,start] GC(644) Post Compact
[232.435s][info][gc,phases      ] GC(644) Post Compact 1.550ms
[232.435s][info][gc,heap        ] GC(644) PSYoungGen: 33771K(77312K)->33771K(77312K) Eden: 24575K(24576K)->24575K(24576K) From: 9195K(52736K)->9195K(52736K)
[232.435s][info][gc,heap        ] GC(644) ParOldGen: 336998K(341504K)->336998K(341504K)
[232.435s][info][gc,metaspace   ] GC(644) Metaspace: 6296K(6464K)->6296K(6464K) NonClass: 5763K(5824K)->5763K(5824K) Class: 532K(640K)->532K(640K)
[232.435s][info][gc             ] GC(644) Pause Full (Ergonomics) 362M->362M(409M) 380.491ms
[232.435s][info][gc,cpu         ] GC(644) User=0.34s Sys=0.00s Real=0.38s
[232.435s][info][gc,start       ] GC(645) Pause Full (Ergonomics)
[232.435s][info][gc,phases,start] GC(645) Marking Phase
[232.719s][info][gc,phases      ] GC(645) Marking Phase 283.760ms
[232.719s][info][gc,phases,start] GC(645) Summary Phase
[232.719s][info][gc,phases      ] GC(645) Summary Phase 0.035ms
[232.719s][info][gc,phases,start] GC(645) Adjust Roots
[232.719s][info][gc,phases      ] GC(645) Adjust Roots 0.240ms
[232.719s][info][gc,phases,start] GC(645) Compaction Phase
[232.814s][info][gc,phases      ] GC(645) Compaction Phase 94.690ms
[232.814s][info][gc,phases,start] GC(645) Post Compact
[232.815s][info][gc,phases      ] GC(645) Post Compact 1.538ms
[232.816s][info][gc,heap        ] GC(645) PSYoungGen: 33771K(77312K)->33771K(77312K) Eden: 24575K(24576K)->24575K(24576K) From: 9195K(52736K)->9195K(52736K)
[232.816s][info][gc,heap        ] GC(645) ParOldGen: 337003K(341504K)->337003K(341504K)
[232.816s][info][gc,metaspace   ] GC(645) Metaspace: 6296K(6464K)->6296K(6464K) NonClass: 5763K(5824K)->5763K(5824K) Class: 532K(640K)->532K(640K)
[232.816s][info][gc             ] GC(645) Pause Full (Ergonomics) 362M->362M(409M) 380.644ms
[232.816s][info][gc,cpu         ] GC(645) User=0.34s Sys=0.00s Real=0.38s
[232.816s][info][gc,start       ] GC(646) Pause Full (Ergonomics)
[232.816s][info][gc,phases,start] GC(646) Marking Phase
[233.099s][info][gc,phases      ] GC(646) Marking Phase 283.484ms
[233.099s][info][gc,phases,start] GC(646) Summary Phase
[233.100s][info][gc,phases      ] GC(646) Summary Phase 0.035ms
[233.100s][info][gc,phases,start] GC(646) Adjust Roots
[233.100s][info][gc,phases      ] GC(646) Adjust Roots 0.247ms
[233.100s][info][gc,phases,start] GC(646) Compaction Phase
[233.195s][info][gc,phases      ] GC(646) Compaction Phase 95.031ms
[233.195s][info][gc,phases,start] GC(646) Post Compact
[233.197s][info][gc,phases      ] GC(646) Post Compact 1.517ms
[233.197s][info][gc,heap        ] GC(646) PSYoungGen: 33771K(77312K)->33771K(77312K) Eden: 24575K(24576K)->24575K(24576K) From: 9195K(52736K)->9195K(52736K)
[233.197s][info][gc,heap        ] GC(646) ParOldGen: 337008K(341504K)->337008K(341504K)
[233.197s][info][gc,metaspace   ] GC(646) Metaspace: 6296K(6464K)->6296K(6464K) NonClass: 5763K(5824K)->5763K(5824K) Class: 532K(640K)->532K(640K)
[233.197s][info][gc             ] GC(646) Pause Full (Ergonomics) 362M->362M(409M) 380.722ms
[233.197s][info][gc,cpu         ] GC(646) User=0.36s Sys=0.00s Real=0.38s
[233.197s][info][gc,start       ] GC(647) Pause Full (Ergonomics)
[233.197s][info][gc,phases,start] GC(647) Marking Phase
[233.481s][info][gc,phases      ] GC(647) Marking Phase 284.215ms
[233.481s][info][gc,phases,start] GC(647) Summary Phase
[233.481s][info][gc,phases      ] GC(647) Summary Phase 0.035ms
[233.481s][info][gc,phases,start] GC(647) Adjust Roots
[233.482s][info][gc,phases      ] GC(647) Adjust Roots 0.277ms
[233.482s][info][gc,phases,start] GC(647) Compaction Phase
[233.577s][info][gc,phases      ] GC(647) Compaction Phase 95.084ms
[233.577s][info][gc,phases,start] GC(647) Post Compact
[233.579s][info][gc,phases      ] GC(647) Post Compact 1.661ms
[233.579s][info][gc,heap        ] GC(647) PSYoungGen: 33771K(77312K)->33771K(77312K) Eden: 24575K(24576K)->24575K(24576K) From: 9195K(52736K)->9195K(52736K)
[233.579s][info][gc,heap        ] GC(647) ParOldGen: 337012K(341504K)->337012K(341504K)
[233.579s][info][gc,metaspace   ] GC(647) Metaspace: 6296K(6464K)->6296K(6464K) NonClass: 5763K(5824K)->5763K(5824K) Class: 532K(640K)->532K(640K)
[233.579s][info][gc             ] GC(647) Pause Full (Ergonomics) 362M->362M(409M) 381.675ms
[233.579s][info][gc,cpu         ] GC(647) User=0.34s Sys=0.00s Real=0.38s
[233.579s][info][gc,start       ] GC(648) Pause Full (Ergonomics)
[233.579s][info][gc,phases,start] GC(648) Marking Phase
[233.861s][info][gc,phases      ] GC(648) Marking Phase 282.167ms
[233.861s][info][gc,phases,start] GC(648) Summary Phase
[233.861s][info][gc,phases      ] GC(648) Summary Phase 0.034ms
[233.861s][info][gc,phases,start] GC(648) Adjust Roots
[233.862s][info][gc,phases      ] GC(648) Adjust Roots 0.254ms
[233.862s][info][gc,phases,start] GC(648) Compaction Phase
[233.959s][info][gc,phases      ] GC(648) Compaction Phase 97.209ms
[233.959s][info][gc,phases,start] GC(648) Post Compact
[233.960s][info][gc,phases      ] GC(648) Post Compact 1.542ms
[233.960s][info][gc,heap        ] GC(648) PSYoungGen: 33771K(77312K)->33771K(77312K) Eden: 24575K(24576K)->24575K(24576K) From: 9195K(52736K)->9195K(52736K)
[233.961s][info][gc,heap        ] GC(648) ParOldGen: 337017K(341504K)->337017K(341504K)
[233.961s][info][gc,metaspace   ] GC(648) Metaspace: 6296K(6464K)->6296K(6464K) NonClass: 5763K(5824K)->5763K(5824K) Class: 532K(640K)->532K(640K)
[233.961s][info][gc             ] GC(648) Pause Full (Ergonomics) 362M->362M(409M) 381.639ms
[233.961s][info][gc,cpu         ] GC(648) User=0.36s Sys=0.00s Real=0.38s
[233.961s][info][gc,start       ] GC(649) Pause Full (Ergonomics)
[233.961s][info][gc,phases,start] GC(649) Marking Phase
[234.244s][info][gc,phases      ] GC(649) Marking Phase 283.359ms
[234.244s][info][gc,phases,start] GC(649) Summary Phase
[234.244s][info][gc,phases      ] GC(649) Summary Phase 0.026ms
[234.244s][info][gc,phases,start] GC(649) Adjust Roots
[234.245s][info][gc,phases      ] GC(649) Adjust Roots 0.213ms
[234.245s][info][gc,phases,start] GC(649) Compaction Phase
[234.341s][info][gc,phases      ] GC(649) Compaction Phase 95.922ms
[234.341s][info][gc,phases,start] GC(649) Post Compact
[234.342s][info][gc,phases      ] GC(649) Post Compact 1.523ms
[234.342s][info][gc,heap        ] GC(649) PSYoungGen: 33771K(77312K)->33771K(77312K) Eden: 24575K(24576K)->24575K(24576K) From: 9195K(52736K)->9195K(52736K)
[234.342s][info][gc,heap        ] GC(649) ParOldGen: 337022K(341504K)->337022K(341504K)
[234.342s][info][gc,metaspace   ] GC(649) Metaspace: 6296K(6464K)->6296K(6464K) NonClass: 5763K(5824K)->5763K(5824K) Class: 532K(640K)->532K(640K)
[234.342s][info][gc             ] GC(649) Pause Full (Ergonomics) 362M->362M(409M) 381.426ms
[234.342s][info][gc,cpu         ] GC(649) User=0.34s Sys=0.00s Real=0.38s
[234.343s][info][gc,start       ] GC(650) Pause Full (Ergonomics)
[234.343s][info][gc,phases,start] GC(650) Marking Phase
[234.625s][info][gc,phases      ] GC(650) Marking Phase 282.425ms
[234.625s][info][gc,phases,start] GC(650) Summary Phase
[234.625s][info][gc,phases      ] GC(650) Summary Phase 0.034ms
[234.625s][info][gc,phases,start] GC(650) Adjust Roots
[234.625s][info][gc,phases      ] GC(650) Adjust Roots 0.252ms
[234.625s][info][gc,phases,start] GC(650) Compaction Phase
[234.720s][info][gc,phases      ] GC(650) Compaction Phase 94.949ms
[234.720s][info][gc,phases,start] GC(650) Post Compact
[234.722s][info][gc,phases      ] GC(650) Post Compact 1.650ms
[234.722s][info][gc,heap        ] GC(650) PSYoungGen: 33771K(77312K)->33771K(77312K) Eden: 24575K(24576K)->24575K(24576K) From: 9195K(52736K)->9195K(52736K)
[234.722s][info][gc,heap        ] GC(650) ParOldGen: 337026K(341504K)->337026K(341504K)
[234.722s][info][gc,metaspace   ] GC(650) Metaspace: 6296K(6464K)->6296K(6464K) NonClass: 5763K(5824K)->5763K(5824K) Class: 532K(640K)->532K(640K)
[234.722s][info][gc             ] GC(650) Pause Full (Ergonomics) 362M->362M(409M) 379.712ms
[234.722s][info][gc,cpu         ] GC(650) User=0.36s Sys=0.00s Real=0.38s
[234.723s][info][gc,start       ] GC(651) Pause Full (Ergonomics)
[234.723s][info][gc,phases,start] GC(651) Marking Phase
[235.006s][info][gc,phases      ] GC(651) Marking Phase 283.437ms
[235.006s][info][gc,phases,start] GC(651) Summary Phase
[235.006s][info][gc,phases      ] GC(651) Summary Phase 0.034ms
[235.006s][info][gc,phases,start] GC(651) Adjust Roots
[235.006s][info][gc,phases      ] GC(651) Adjust Roots 0.264ms
[235.006s][info][gc,phases,start] GC(651) Compaction Phase
[235.104s][info][gc,phases      ] GC(651) Compaction Phase 97.568ms
[235.104s][info][gc,phases,start] GC(651) Post Compact
[235.106s][info][gc,phases      ] GC(651) Post Compact 1.505ms
[235.106s][info][gc,heap        ] GC(651) PSYoungGen: 33771K(77312K)->33771K(77312K) Eden: 24575K(24576K)->24575K(24576K) From: 9195K(52736K)->9195K(52736K)
[235.106s][info][gc,heap        ] GC(651) ParOldGen: 337031K(341504K)->337031K(341504K)
[235.106s][info][gc,metaspace   ] GC(651) Metaspace: 6296K(6464K)->6296K(6464K) NonClass: 5763K(5824K)->5763K(5824K) Class: 532K(640K)->532K(640K)
[235.106s][info][gc             ] GC(651) Pause Full (Ergonomics) 362M->362M(409M) 383.214ms
[235.106s][info][gc,cpu         ] GC(651) User=0.36s Sys=0.00s Real=0.38s
[235.106s][info][gc,start       ] GC(652) Pause Full (Ergonomics)
[235.107s][info][gc,phases,start] GC(652) Marking Phase
[235.390s][info][gc,phases      ] GC(652) Marking Phase 283.697ms
[235.390s][info][gc,phases,start] GC(652) Summary Phase
[235.390s][info][gc,phases      ] GC(652) Summary Phase 0.023ms
[235.390s][info][gc,phases,start] GC(652) Adjust Roots
[235.391s][info][gc,phases      ] GC(652) Adjust Roots 0.215ms
[235.391s][info][gc,phases,start] GC(652) Compaction Phase
[235.485s][info][gc,phases      ] GC(652) Compaction Phase 94.514ms
[235.485s][info][gc,phases,start] GC(652) Post Compact
[235.487s][info][gc,phases      ] GC(652) Post Compact 1.528ms
[235.487s][info][gc,heap        ] GC(652) PSYoungGen: 33771K(77312K)->33771K(77312K) Eden: 24575K(24576K)->24575K(24576K) From: 9195K(52736K)->9195K(52736K)
[235.487s][info][gc,heap        ] GC(652) ParOldGen: 337036K(341504K)->337036K(341504K)
[235.487s][info][gc,metaspace   ] GC(652) Metaspace: 6296K(6464K)->6296K(6464K) NonClass: 5763K(5824K)->5763K(5824K) Class: 532K(640K)->532K(640K)
[235.487s][info][gc             ] GC(652) Pause Full (Ergonomics) 362M->362M(409M) 380.583ms
[235.487s][info][gc,cpu         ] GC(652) User=0.34s Sys=0.00s Real=0.38s
[235.487s][info][gc,start       ] GC(653) Pause Full (Ergonomics)
[235.487s][info][gc,phases,start] GC(653) Marking Phase
[235.771s][info][gc,phases      ] GC(653) Marking Phase 284.067ms
[235.771s][info][gc,phases,start] GC(653) Summary Phase
[235.771s][info][gc,phases      ] GC(653) Summary Phase 0.024ms
[235.771s][info][gc,phases,start] GC(653) Adjust Roots
[235.772s][info][gc,phases      ] GC(653) Adjust Roots 0.221ms
[235.772s][info][gc,phases,start] GC(653) Compaction Phase
[235.867s][info][gc,phases      ] GC(653) Compaction Phase 95.375ms
[235.867s][info][gc,phases,start] GC(653) Post Compact
[235.869s][info][gc,phases      ] GC(653) Post Compact 1.750ms
[235.869s][info][gc,heap        ] GC(653) PSYoungGen: 33771K(77312K)->33771K(77312K) Eden: 24575K(24576K)->24575K(24576K) From: 9195K(52736K)->9195K(52736K)
[235.869s][info][gc,heap        ] GC(653) ParOldGen: 337040K(341504K)->337040K(341504K)
[235.869s][info][gc,metaspace   ] GC(653) Metaspace: 6296K(6464K)->6296K(6464K) NonClass: 5763K(5824K)->5763K(5824K) Class: 532K(640K)->532K(640K)
[235.869s][info][gc             ] GC(653) Pause Full (Ergonomics) 362M->362M(409M) 381.871ms
[235.869s][info][gc,cpu         ] GC(653) User=0.38s Sys=0.00s Real=0.38s
[235.869s][info][gc,start       ] GC(654) Pause Full (Ergonomics)
[235.869s][info][gc,phases,start] GC(654) Marking Phase
[236.152s][info][gc,phases      ] GC(654) Marking Phase 282.719ms
[236.152s][info][gc,phases,start] GC(654) Summary Phase
[236.152s][info][gc,phases      ] GC(654) Summary Phase 0.023ms
[236.152s][info][gc,phases,start] GC(654) Adjust Roots
[236.152s][info][gc,phases      ] GC(654) Adjust Roots 0.206ms
[236.152s][info][gc,phases,start] GC(654) Compaction Phase
[236.247s][info][gc,phases      ] GC(654) Compaction Phase 94.963ms
[236.247s][info][gc,phases,start] GC(654) Post Compact
[236.249s][info][gc,phases      ] GC(654) Post Compact 1.528ms
[236.249s][info][gc,heap        ] GC(654) PSYoungGen: 33771K(77312K)->33771K(77312K) Eden: 24575K(24576K)->24575K(24576K) From: 9195K(52736K)->9195K(52736K)
[236.249s][info][gc,heap        ] GC(654) ParOldGen: 337045K(341504K)->337045K(341504K)
[236.249s][info][gc,metaspace   ] GC(654) Metaspace: 6296K(6464K)->6296K(6464K) NonClass: 5763K(5824K)->5763K(5824K) Class: 532K(640K)->532K(640K)
[236.249s][info][gc             ] GC(654) Pause Full (Ergonomics) 362M->362M(409M) 379.767ms
[236.249s][info][gc,cpu         ] GC(654) User=0.36s Sys=0.00s Real=0.38s
[236.249s][info][gc,start       ] GC(655) Pause Full (Ergonomics)
[236.249s][info][gc,phases,start] GC(655) Marking Phase
[236.532s][info][gc,phases      ] GC(655) Marking Phase 283.053ms
[236.533s][info][gc,phases,start] GC(655) Summary Phase
[236.533s][info][gc,phases      ] GC(655) Summary Phase 0.023ms
[236.533s][info][gc,phases,start] GC(655) Adjust Roots
[236.533s][info][gc,phases      ] GC(655) Adjust Roots 0.207ms
[236.533s][info][gc,phases,start] GC(655) Compaction Phase
[236.629s][info][gc,phases      ] GC(655) Compaction Phase 95.749ms
[236.629s][info][gc,phases,start] GC(655) Post Compact
[236.630s][info][gc,phases      ] GC(655) Post Compact 1.498ms
[236.630s][info][gc,heap        ] GC(655) PSYoungGen: 33771K(77312K)->33771K(77312K) Eden: 24575K(24576K)->24575K(24576K) From: 9195K(52736K)->9195K(52736K)
[236.630s][info][gc,heap        ] GC(655) ParOldGen: 337050K(341504K)->337050K(341504K)
[236.630s][info][gc,metaspace   ] GC(655) Metaspace: 6296K(6464K)->6296K(6464K) NonClass: 5763K(5824K)->5763K(5824K) Class: 532K(640K)->532K(640K)
[236.630s][info][gc             ] GC(655) Pause Full (Ergonomics) 362M->362M(409M) 380.921ms
[236.630s][info][gc,cpu         ] GC(655) User=0.38s Sys=0.00s Real=0.38s
[236.631s][info][gc,start       ] GC(656) Pause Full (Ergonomics)
[236.631s][info][gc,phases,start] GC(656) Marking Phase
[236.914s][info][gc,phases      ] GC(656) Marking Phase 283.660ms
[236.915s][info][gc,phases,start] GC(656) Summary Phase
[236.915s][info][gc,phases      ] GC(656) Summary Phase 0.023ms
[236.915s][info][gc,phases,start] GC(656) Adjust Roots
[236.915s][info][gc,phases      ] GC(656) Adjust Roots 0.223ms
[236.915s][info][gc,phases,start] GC(656) Compaction Phase
[237.010s][info][gc,phases      ] GC(656) Compaction Phase 94.707ms
[237.010s][info][gc,phases,start] GC(656) Post Compact
[237.011s][info][gc,phases      ] GC(656) Post Compact 1.522ms
[237.011s][info][gc,heap        ] GC(656) PSYoungGen: 33771K(77312K)->33771K(77312K) Eden: 24575K(24576K)->24575K(24576K) From: 9195K(52736K)->9195K(52736K)
[237.011s][info][gc,heap        ] GC(656) ParOldGen: 337054K(341504K)->337054K(341504K)
[237.011s][info][gc,metaspace   ] GC(656) Metaspace: 6296K(6464K)->6296K(6464K) NonClass: 5763K(5824K)->5763K(5824K) Class: 532K(640K)->532K(640K)
[237.011s][info][gc             ] GC(656) Pause Full (Ergonomics) 362M->362M(409M) 380.481ms
[237.011s][info][gc,cpu         ] GC(656) User=0.36s Sys=0.00s Real=0.38s
[237.012s][info][gc,start       ] GC(657) Pause Full (Ergonomics)
[237.012s][info][gc,phases,start] GC(657) Marking Phase
[237.295s][info][gc,phases      ] GC(657) Marking Phase 283.189ms
[237.295s][info][gc,phases,start] GC(657) Summary Phase
[237.295s][info][gc,phases      ] GC(657) Summary Phase 0.034ms
[237.295s][info][gc,phases,start] GC(657) Adjust Roots
[237.295s][info][gc,phases      ] GC(657) Adjust Roots 0.281ms
[237.295s][info][gc,phases,start] GC(657) Compaction Phase
[237.391s][info][gc,phases      ] GC(657) Compaction Phase 95.410ms
[237.391s][info][gc,phases,start] GC(657) Post Compact
[237.392s][info][gc,phases      ] GC(657) Post Compact 1.510ms
[237.393s][info][gc,heap        ] GC(657) PSYoungGen: 33771K(77312K)->33771K(77312K) Eden: 24575K(24576K)->24575K(24576K) From: 9195K(52736K)->9195K(52736K)
[237.393s][info][gc,heap        ] GC(657) ParOldGen: 337059K(341504K)->337059K(341504K)
[237.393s][info][gc,metaspace   ] GC(657) Metaspace: 6296K(6464K)->6296K(6464K) NonClass: 5763K(5824K)->5763K(5824K) Class: 532K(640K)->532K(640K)
[237.393s][info][gc             ] GC(657) Pause Full (Ergonomics) 362M->362M(409M) 380.813ms
[237.393s][info][gc,cpu         ] GC(657) User=0.34s Sys=0.00s Real=0.38s
[237.393s][info][gc,start       ] GC(658) Pause Full (Ergonomics)
[237.393s][info][gc,phases,start] GC(658) Marking Phase
[237.676s][info][gc,phases      ] GC(658) Marking Phase 283.179ms
[237.676s][info][gc,phases,start] GC(658) Summary Phase
[237.676s][info][gc,phases      ] GC(658) Summary Phase 0.023ms
[237.676s][info][gc,phases,start] GC(658) Adjust Roots
[237.676s][info][gc,phases      ] GC(658) Adjust Roots 0.211ms
[237.676s][info][gc,phases,start] GC(658) Compaction Phase
[237.773s][info][gc,phases      ] GC(658) Compaction Phase 96.139ms
[237.773s][info][gc,phases,start] GC(658) Post Compact
[237.774s][info][gc,phases      ] GC(658) Post Compact 1.554ms
[237.774s][info][gc,heap        ] GC(658) PSYoungGen: 33771K(77312K)->33771K(77312K) Eden: 24575K(24576K)->24575K(24576K) From: 9195K(52736K)->9195K(52736K)
[237.774s][info][gc,heap        ] GC(658) ParOldGen: 337064K(341504K)->337064K(341504K)
[237.774s][info][gc,metaspace   ] GC(658) Metaspace: 6296K(6464K)->6296K(6464K) NonClass: 5763K(5824K)->5763K(5824K) Class: 532K(640K)->532K(640K)
[237.774s][info][gc             ] GC(658) Pause Full (Ergonomics) 362M->362M(409M) 381.530ms
[237.774s][info][gc,cpu         ] GC(658) User=0.38s Sys=0.00s Real=0.38s
[237.775s][info][gc,start       ] GC(659) Pause Full (Ergonomics)
[237.775s][info][gc,phases,start] GC(659) Marking Phase
[238.058s][info][gc,phases      ] GC(659) Marking Phase 283.303ms
[238.058s][info][gc,phases,start] GC(659) Summary Phase
[238.058s][info][gc,phases      ] GC(659) Summary Phase 0.034ms
[238.058s][info][gc,phases,start] GC(659) Adjust Roots
[238.058s][info][gc,phases      ] GC(659) Adjust Roots 0.258ms
[238.058s][info][gc,phases,start] GC(659) Compaction Phase
[238.154s][info][gc,phases      ] GC(659) Compaction Phase 95.888ms
[238.154s][info][gc,phases,start] GC(659) Post Compact
[238.156s][info][gc,phases      ] GC(659) Post Compact 1.533ms
[238.156s][info][gc,heap        ] GC(659) PSYoungGen: 33771K(77312K)->33771K(77312K) Eden: 24575K(24576K)->24575K(24576K) From: 9195K(52736K)->9195K(52736K)
[238.156s][info][gc,heap        ] GC(659) ParOldGen: 337068K(341504K)->337068K(341504K)
[238.156s][info][gc,metaspace   ] GC(659) Metaspace: 6296K(6464K)->6296K(6464K) NonClass: 5763K(5824K)->5763K(5824K) Class: 532K(640K)->532K(640K)
[238.156s][info][gc             ] GC(659) Pause Full (Ergonomics) 362M->362M(409M) 381.394ms
[238.156s][info][gc,cpu         ] GC(659) User=0.34s Sys=0.00s Real=0.38s
[238.156s][info][gc,start       ] GC(660) Pause Full (Ergonomics)
[238.156s][info][gc,phases,start] GC(660) Marking Phase
[238.438s][info][gc,phases      ] GC(660) Marking Phase 281.235ms
[238.438s][info][gc,phases,start] GC(660) Summary Phase
[238.438s][info][gc,phases      ] GC(660) Summary Phase 0.104ms
[238.438s][info][gc,phases,start] GC(660) Adjust Roots
[238.438s][info][gc,phases      ] GC(660) Adjust Roots 0.258ms
[238.438s][info][gc,phases,start] GC(660) Compaction Phase
[238.534s][info][gc,phases      ] GC(660) Compaction Phase 95.458ms
[238.534s][info][gc,phases,start] GC(660) Post Compact
[238.535s][info][gc,phases      ] GC(660) Post Compact 1.512ms
[238.535s][info][gc,heap        ] GC(660) PSYoungGen: 33771K(77312K)->33771K(77312K) Eden: 24575K(24576K)->24575K(24576K) From: 9195K(52736K)->9195K(52736K)
[238.535s][info][gc,heap        ] GC(660) ParOldGen: 337073K(341504K)->337073K(341504K)
[238.535s][info][gc,metaspace   ] GC(660) Metaspace: 6296K(6464K)->6296K(6464K) NonClass: 5763K(5824K)->5763K(5824K) Class: 532K(640K)->532K(640K)
[238.535s][info][gc             ] GC(660) Pause Full (Ergonomics) 362M->362M(409M) 378.987ms
[238.535s][info][gc,cpu         ] GC(660) User=0.36s Sys=0.00s Real=0.38s
[238.536s][info][gc,start       ] GC(661) Pause Full (Ergonomics)
[238.536s][info][gc,phases,start] GC(661) Marking Phase
[238.819s][info][gc,phases      ] GC(661) Marking Phase 283.409ms
[238.819s][info][gc,phases,start] GC(661) Summary Phase
[238.819s][info][gc,phases      ] GC(661) Summary Phase 0.035ms
[238.819s][info][gc,phases,start] GC(661) Adjust Roots
[238.820s][info][gc,phases      ] GC(661) Adjust Roots 0.241ms
[238.820s][info][gc,phases,start] GC(661) Compaction Phase
[238.915s][info][gc,phases      ] GC(661) Compaction Phase 95.309ms
[238.915s][info][gc,phases,start] GC(661) Post Compact
[238.917s][info][gc,phases      ] GC(661) Post Compact 1.536ms
[238.917s][info][gc,heap        ] GC(661) PSYoungGen: 33771K(77312K)->33771K(77312K) Eden: 24575K(24576K)->24575K(24576K) From: 9195K(52736K)->9195K(52736K)
[238.917s][info][gc,heap        ] GC(661) ParOldGen: 337078K(341504K)->337078K(341504K)
[238.917s][info][gc,metaspace   ] GC(661) Metaspace: 6296K(6464K)->6296K(6464K) NonClass: 5763K(5824K)->5763K(5824K) Class: 532K(640K)->532K(640K)
[238.917s][info][gc             ] GC(661) Pause Full (Ergonomics) 362M->362M(409M) 380.964ms
[238.917s][info][gc,cpu         ] GC(661) User=0.36s Sys=0.00s Real=0.38s
[238.917s][info][gc,start       ] GC(662) Pause Full (Ergonomics)
[238.917s][info][gc,phases,start] GC(662) Marking Phase
[239.200s][info][gc,phases      ] GC(662) Marking Phase 282.589ms
[239.200s][info][gc,phases,start] GC(662) Summary Phase
[239.200s][info][gc,phases      ] GC(662) Summary Phase 0.035ms
[239.200s][info][gc,phases,start] GC(662) Adjust Roots
[239.200s][info][gc,phases      ] GC(662) Adjust Roots 0.283ms
[239.200s][info][gc,phases,start] GC(662) Compaction Phase
[239.295s][info][gc,phases      ] GC(662) Compaction Phase 95.057ms
[239.295s][info][gc,phases,start] GC(662) Post Compact
[239.297s][info][gc,phases      ] GC(662) Post Compact 1.537ms
[239.297s][info][gc,heap        ] GC(662) PSYoungGen: 33771K(77312K)->33771K(77312K) Eden: 24575K(24576K)->24575K(24576K) From: 9195K(52736K)->9195K(52736K)
[239.297s][info][gc,heap        ] GC(662) ParOldGen: 337082K(341504K)->337082K(341504K)
[239.297s][info][gc,metaspace   ] GC(662) Metaspace: 6296K(6464K)->6296K(6464K) NonClass: 5763K(5824K)->5763K(5824K) Class: 532K(640K)->532K(640K)
[239.297s][info][gc             ] GC(662) Pause Full (Ergonomics) 362M->362M(409M) 379.884ms
[239.297s][info][gc,cpu         ] GC(662) User=0.34s Sys=0.00s Real=0.38s
[239.297s][info][gc,start       ] GC(663) Pause Full (Ergonomics)
[239.297s][info][gc,phases,start] GC(663) Marking Phase
[239.581s][info][gc,phases      ] GC(663) Marking Phase 283.634ms
[239.581s][info][gc,phases,start] GC(663) Summary Phase
[239.581s][info][gc,phases      ] GC(663) Summary Phase 0.034ms
[239.581s][info][gc,phases,start] GC(663) Adjust Roots
[239.581s][info][gc,phases      ] GC(663) Adjust Roots 0.267ms
[239.581s][info][gc,phases,start] GC(663) Compaction Phase
[239.677s][info][gc,phases      ] GC(663) Compaction Phase 95.390ms
[239.677s][info][gc,phases,start] GC(663) Post Compact
[239.678s][info][gc,phases      ] GC(663) Post Compact 1.534ms
[239.678s][info][gc,heap        ] GC(663) PSYoungGen: 33771K(77312K)->33771K(77312K) Eden: 24575K(24576K)->24575K(24576K) From: 9195K(52736K)->9195K(52736K)
[239.678s][info][gc,heap        ] GC(663) ParOldGen: 337087K(341504K)->337087K(341504K)
[239.678s][info][gc,metaspace   ] GC(663) Metaspace: 6296K(6464K)->6296K(6464K) NonClass: 5763K(5824K)->5763K(5824K) Class: 532K(640K)->532K(640K)
[239.678s][info][gc             ] GC(663) Pause Full (Ergonomics) 362M->362M(409M) 381.230ms
[239.678s][info][gc,cpu         ] GC(663) User=0.38s Sys=0.00s Real=0.38s
[239.679s][info][gc,start       ] GC(664) Pause Full (Ergonomics)
[239.679s][info][gc,phases,start] GC(664) Marking Phase
[239.962s][info][gc,phases      ] GC(664) Marking Phase 283.528ms
[239.962s][info][gc,phases,start] GC(664) Summary Phase
[239.962s][info][gc,phases      ] GC(664) Summary Phase 0.034ms
[239.962s][info][gc,phases,start] GC(664) Adjust Roots
[239.963s][info][gc,phases      ] GC(664) Adjust Roots 0.239ms
[239.963s][info][gc,phases,start] GC(664) Compaction Phase
[240.058s][info][gc,phases      ] GC(664) Compaction Phase 95.190ms
[240.058s][info][gc,phases,start] GC(664) Post Compact
[240.059s][info][gc,phases      ] GC(664) Post Compact 1.527ms
[240.059s][info][gc,heap        ] GC(664) PSYoungGen: 33771K(77312K)->33771K(77312K) Eden: 24575K(24576K)->24575K(24576K) From: 9195K(52736K)->9195K(52736K)
[240.059s][info][gc,heap        ] GC(664) ParOldGen: 337092K(341504K)->337092K(341504K)
[240.059s][info][gc,metaspace   ] GC(664) Metaspace: 6296K(6464K)->6296K(6464K) NonClass: 5763K(5824K)->5763K(5824K) Class: 532K(640K)->532K(640K)
[240.060s][info][gc             ] GC(664) Pause Full (Ergonomics) 362M->362M(409M) 380.893ms
[240.060s][info][gc,cpu         ] GC(664) User=0.34s Sys=0.00s Real=0.38s
[240.060s][info][gc,start       ] GC(665) Pause Full (Ergonomics)
[240.060s][info][gc,phases,start] GC(665) Marking Phase
[240.344s][info][gc,phases      ] GC(665) Marking Phase 284.316ms
[240.344s][info][gc,phases,start] GC(665) Summary Phase
[240.344s][info][gc,phases      ] GC(665) Summary Phase 0.042ms
[240.344s][info][gc,phases,start] GC(665) Adjust Roots
[240.345s][info][gc,phases      ] GC(665) Adjust Roots 0.238ms
[240.345s][info][gc,phases,start] GC(665) Compaction Phase
[240.440s][info][gc,phases      ] GC(665) Compaction Phase 95.722ms
[240.440s][info][gc,phases,start] GC(665) Post Compact
[240.442s][info][gc,phases      ] GC(665) Post Compact 1.633ms
[240.442s][info][gc,heap        ] GC(665) PSYoungGen: 33771K(77312K)->33771K(77312K) Eden: 24575K(24576K)->24575K(24576K) From: 9195K(52736K)->9195K(52736K)
[240.442s][info][gc,heap        ] GC(665) ParOldGen: 337096K(341504K)->337096K(341504K)
[240.442s][info][gc,metaspace   ] GC(665) Metaspace: 6296K(6464K)->6296K(6464K) NonClass: 5763K(5824K)->5763K(5824K) Class: 532K(640K)->532K(640K)
[240.442s][info][gc             ] GC(665) Pause Full (Ergonomics) 362M->362M(409M) 382.361ms
[240.442s][info][gc,cpu         ] GC(665) User=0.34s Sys=0.00s Real=0.38s
[240.442s][info][gc,start       ] GC(666) Pause Full (Ergonomics)
[240.442s][info][gc,phases,start] GC(666) Marking Phase
[240.732s][info][gc,phases      ] GC(666) Marking Phase 289.642ms
[240.732s][info][gc,phases,start] GC(666) Summary Phase
[240.732s][info][gc,phases      ] GC(666) Summary Phase 0.035ms
[240.732s][info][gc,phases,start] GC(666) Adjust Roots
[240.733s][info][gc,phases      ] GC(666) Adjust Roots 0.268ms
[240.733s][info][gc,phases,start] GC(666) Compaction Phase
[240.830s][info][gc,phases      ] GC(666) Compaction Phase 97.432ms
[240.830s][info][gc,phases,start] GC(666) Post Compact
[240.832s][info][gc,phases      ] GC(666) Post Compact 1.533ms
[240.832s][info][gc,heap        ] GC(666) PSYoungGen: 33771K(77312K)->33771K(77312K) Eden: 24575K(24576K)->24575K(24576K) From: 9195K(52736K)->9195K(52736K)
[240.832s][info][gc,heap        ] GC(666) ParOldGen: 337101K(341504K)->337101K(341504K)
[240.832s][info][gc,metaspace   ] GC(666) Metaspace: 6296K(6464K)->6296K(6464K) NonClass: 5763K(5824K)->5763K(5824K) Class: 532K(640K)->532K(640K)
[240.832s][info][gc             ] GC(666) Pause Full (Ergonomics) 362M->362M(409M) 389.317ms
[240.832s][info][gc,cpu         ] GC(666) User=0.36s Sys=0.00s Real=0.39s
[240.832s][info][gc,start       ] GC(667) Pause Full (Ergonomics)
[240.832s][info][gc,phases,start] GC(667) Marking Phase
[241.117s][info][gc,phases      ] GC(667) Marking Phase 285.388ms
[241.117s][info][gc,phases,start] GC(667) Summary Phase
[241.117s][info][gc,phases      ] GC(667) Summary Phase 0.019ms
[241.118s][info][gc,phases,start] GC(667) Adjust Roots
[241.118s][info][gc,phases      ] GC(667) Adjust Roots 0.248ms
[241.118s][info][gc,phases,start] GC(667) Compaction Phase
[241.214s][info][gc,phases      ] GC(667) Compaction Phase 96.683ms
[241.215s][info][gc,phases,start] GC(667) Post Compact
[241.216s][info][gc,phases      ] GC(667) Post Compact 1.529ms
[241.216s][info][gc,heap        ] GC(667) PSYoungGen: 33771K(77312K)->33771K(77312K) Eden: 24575K(24576K)->24575K(24576K) From: 9195K(52736K)->9195K(52736K)
[241.216s][info][gc,heap        ] GC(667) ParOldGen: 337106K(341504K)->337106K(341504K)
[241.216s][info][gc,metaspace   ] GC(667) Metaspace: 6296K(6464K)->6296K(6464K) NonClass: 5763K(5824K)->5763K(5824K) Class: 532K(640K)->532K(640K)
[241.216s][info][gc             ] GC(667) Pause Full (Ergonomics) 362M->362M(409M) 384.179ms
[241.216s][info][gc,cpu         ] GC(667) User=0.36s Sys=0.00s Real=0.38s
[241.217s][info][gc,start       ] GC(668) Pause Full (Ergonomics)
[241.217s][info][gc,phases,start] GC(668) Marking Phase
[241.501s][info][gc,phases      ] GC(668) Marking Phase 284.162ms
[241.501s][info][gc,phases,start] GC(668) Summary Phase
[241.501s][info][gc,phases      ] GC(668) Summary Phase 0.022ms
[241.501s][info][gc,phases,start] GC(668) Adjust Roots
[241.501s][info][gc,phases      ] GC(668) Adjust Roots 0.202ms
[241.501s][info][gc,phases,start] GC(668) Compaction Phase
[241.597s][info][gc,phases      ] GC(668) Compaction Phase 95.506ms
[241.597s][info][gc,phases,start] GC(668) Post Compact
[241.598s][info][gc,phases      ] GC(668) Post Compact 1.526ms
[241.598s][info][gc,heap        ] GC(668) PSYoungGen: 33771K(77312K)->33771K(77312K) Eden: 24575K(24576K)->24575K(24576K) From: 9195K(52736K)->9195K(52736K)
[241.598s][info][gc,heap        ] GC(668) ParOldGen: 337110K(341504K)->337110K(341504K)
[241.598s][info][gc,metaspace   ] GC(668) Metaspace: 6296K(6464K)->6296K(6464K) NonClass: 5763K(5824K)->5763K(5824K) Class: 532K(640K)->532K(640K)
[241.598s][info][gc             ] GC(668) Pause Full (Ergonomics) 362M->362M(409M) 381.744ms
[241.598s][info][gc,cpu         ] GC(668) User=0.36s Sys=0.00s Real=0.38s
[241.599s][info][gc,start       ] GC(669) Pause Full (Ergonomics)
[241.599s][info][gc,phases,start] GC(669) Marking Phase
[241.883s][info][gc,phases      ] GC(669) Marking Phase 284.010ms
[241.883s][info][gc,phases,start] GC(669) Summary Phase
[241.883s][info][gc,phases      ] GC(669) Summary Phase 0.035ms
[241.883s][info][gc,phases,start] GC(669) Adjust Roots
[241.883s][info][gc,phases      ] GC(669) Adjust Roots 0.265ms
[241.883s][info][gc,phases,start] GC(669) Compaction Phase
[241.979s][info][gc,phases      ] GC(669) Compaction Phase 95.899ms
[241.979s][info][gc,phases,start] GC(669) Post Compact
[241.981s][info][gc,phases      ] GC(669) Post Compact 1.624ms
[241.981s][info][gc,heap        ] GC(669) PSYoungGen: 33771K(77312K)->33771K(77312K) Eden: 24575K(24576K)->24575K(24576K) From: 9195K(52736K)->9195K(52736K)
[241.981s][info][gc,heap        ] GC(669) ParOldGen: 337115K(341504K)->337115K(341504K)
[241.981s][info][gc,metaspace   ] GC(669) Metaspace: 6296K(6464K)->6296K(6464K) NonClass: 5763K(5824K)->5763K(5824K) Class: 532K(640K)->532K(640K)
[241.981s][info][gc             ] GC(669) Pause Full (Ergonomics) 362M->362M(409M) 382.342ms
[241.981s][info][gc,cpu         ] GC(669) User=0.36s Sys=0.00s Real=0.38s
[241.981s][info][gc,start       ] GC(670) Pause Full (Ergonomics)
[241.981s][info][gc,phases,start] GC(670) Marking Phase
[242.265s][info][gc,phases      ] GC(670) Marking Phase 283.644ms
[242.265s][info][gc,phases,start] GC(670) Summary Phase
[242.265s][info][gc,phases      ] GC(670) Summary Phase 0.036ms
[242.265s][info][gc,phases,start] GC(670) Adjust Roots
[242.265s][info][gc,phases      ] GC(670) Adjust Roots 0.234ms
[242.265s][info][gc,phases,start] GC(670) Compaction Phase
[242.361s][info][gc,phases      ] GC(670) Compaction Phase 95.712ms
[242.361s][info][gc,phases,start] GC(670) Post Compact
[242.363s][info][gc,phases      ] GC(670) Post Compact 1.511ms
[242.363s][info][gc,heap        ] GC(670) PSYoungGen: 33771K(77312K)->33771K(77312K) Eden: 24575K(24576K)->24575K(24576K) From: 9195K(52736K)->9195K(52736K)
[242.363s][info][gc,heap        ] GC(670) ParOldGen: 337120K(341504K)->337120K(341504K)
[242.363s][info][gc,metaspace   ] GC(670) Metaspace: 6296K(6464K)->6296K(6464K) NonClass: 5763K(5824K)->5763K(5824K) Class: 532K(640K)->532K(640K)
[242.363s][info][gc             ] GC(670) Pause Full (Ergonomics) 362M->362M(409M) 381.504ms
[242.363s][info][gc,cpu         ] GC(670) User=0.34s Sys=0.00s Real=0.38s
[242.363s][info][gc,start       ] GC(671) Pause Full (Ergonomics)
[242.363s][info][gc,phases,start] GC(671) Marking Phase
[242.646s][info][gc,phases      ] GC(671) Marking Phase 283.283ms
[242.646s][info][gc,phases,start] GC(671) Summary Phase
[242.646s][info][gc,phases      ] GC(671) Summary Phase 0.035ms
[242.646s][info][gc,phases,start] GC(671) Adjust Roots
[242.647s][info][gc,phases      ] GC(671) Adjust Roots 0.253ms
[242.647s][info][gc,phases,start] GC(671) Compaction Phase
[242.742s][info][gc,phases      ] GC(671) Compaction Phase 94.834ms
[242.742s][info][gc,phases,start] GC(671) Post Compact
[242.743s][info][gc,phases      ] GC(671) Post Compact 1.506ms
[242.743s][info][gc,heap        ] GC(671) PSYoungGen: 33771K(77312K)->33771K(77312K) Eden: 24575K(24576K)->24575K(24576K) From: 9195K(52736K)->9195K(52736K)
[242.743s][info][gc,heap        ] GC(671) ParOldGen: 337124K(341504K)->337124K(341504K)
[242.743s][info][gc,metaspace   ] GC(671) Metaspace: 6296K(6464K)->6296K(6464K) NonClass: 5763K(5824K)->5763K(5824K) Class: 532K(640K)->532K(640K)
[242.743s][info][gc             ] GC(671) Pause Full (Ergonomics) 362M->362M(409M) 380.332ms
[242.743s][info][gc,cpu         ] GC(671) User=0.36s Sys=0.00s Real=0.38s
[242.744s][info][gc,start       ] GC(672) Pause Full (Ergonomics)
[242.744s][info][gc,phases,start] GC(672) Marking Phase
[243.027s][info][gc,phases      ] GC(672) Marking Phase 283.463ms
[243.027s][info][gc,phases,start] GC(672) Summary Phase
[243.027s][info][gc,phases      ] GC(672) Summary Phase 0.036ms
[243.027s][info][gc,phases,start] GC(672) Adjust Roots
[243.028s][info][gc,phases      ] GC(672) Adjust Roots 0.263ms
[243.028s][info][gc,phases,start] GC(672) Compaction Phase
[243.123s][info][gc,phases      ] GC(672) Compaction Phase 95.017ms
[243.123s][info][gc,phases,start] GC(672) Post Compact
[243.124s][info][gc,phases      ] GC(672) Post Compact 1.501ms
[243.124s][info][gc,heap        ] GC(672) PSYoungGen: 33771K(77312K)->33771K(77312K) Eden: 24575K(24576K)->24575K(24576K) From: 9195K(52736K)->9195K(52736K)
[243.124s][info][gc,heap        ] GC(672) ParOldGen: 337129K(341504K)->337129K(341504K)
[243.124s][info][gc,metaspace   ] GC(672) Metaspace: 6296K(6464K)->6296K(6464K) NonClass: 5763K(5824K)->5763K(5824K) Class: 532K(640K)->532K(640K)
[243.124s][info][gc             ] GC(672) Pause Full (Ergonomics) 362M->362M(409M) 380.725ms
[243.124s][info][gc,cpu         ] GC(672) User=0.36s Sys=0.00s Real=0.38s
[243.125s][info][gc,start       ] GC(673) Pause Full (Ergonomics)
[243.125s][info][gc,phases,start] GC(673) Marking Phase
[243.410s][info][gc,phases      ] GC(673) Marking Phase 284.627ms
[243.410s][info][gc,phases,start] GC(673) Summary Phase
[243.410s][info][gc,phases      ] GC(673) Summary Phase 0.035ms
[243.410s][info][gc,phases,start] GC(673) Adjust Roots
[243.410s][info][gc,phases      ] GC(673) Adjust Roots 0.238ms
[243.410s][info][gc,phases,start] GC(673) Compaction Phase
[243.506s][info][gc,phases      ] GC(673) Compaction Phase 95.570ms
[243.506s][info][gc,phases,start] GC(673) Post Compact
[243.507s][info][gc,phases      ] GC(673) Post Compact 1.524ms
[243.507s][info][gc,heap        ] GC(673) PSYoungGen: 33771K(77312K)->33771K(77312K) Eden: 24575K(24576K)->24575K(24576K) From: 9195K(52736K)->9195K(52736K)
[243.507s][info][gc,heap        ] GC(673) ParOldGen: 337134K(341504K)->337134K(341504K)
[243.507s][info][gc,metaspace   ] GC(673) Metaspace: 6296K(6464K)->6296K(6464K) NonClass: 5763K(5824K)->5763K(5824K) Class: 532K(640K)->532K(640K)
[243.507s][info][gc             ] GC(673) Pause Full (Ergonomics) 362M->362M(409M) 382.387ms
[243.507s][info][gc,cpu         ] GC(673) User=0.39s Sys=0.00s Real=0.38s
[243.508s][info][gc,start       ] GC(674) Pause Full (Ergonomics)
[243.508s][info][gc,phases,start] GC(674) Marking Phase
[243.792s][info][gc,phases      ] GC(674) Marking Phase 283.792ms
[243.792s][info][gc,phases,start] GC(674) Summary Phase
[243.792s][info][gc,phases      ] GC(674) Summary Phase 0.034ms
[243.792s][info][gc,phases,start] GC(674) Adjust Roots
[243.792s][info][gc,phases      ] GC(674) Adjust Roots 0.272ms
[243.792s][info][gc,phases,start] GC(674) Compaction Phase
[243.887s][info][gc,phases      ] GC(674) Compaction Phase 95.177ms
[243.887s][info][gc,phases,start] GC(674) Post Compact
[243.889s][info][gc,phases      ] GC(674) Post Compact 1.512ms
[243.889s][info][gc,heap        ] GC(674) PSYoungGen: 33771K(77312K)->33771K(77312K) Eden: 24575K(24576K)->24575K(24576K) From: 9195K(52736K)->9195K(52736K)
[243.889s][info][gc,heap        ] GC(674) ParOldGen: 337138K(341504K)->337138K(341504K)
[243.889s][info][gc,metaspace   ] GC(674) Metaspace: 6296K(6464K)->6296K(6464K) NonClass: 5763K(5824K)->5763K(5824K) Class: 532K(640K)->532K(640K)
[243.889s][info][gc             ] GC(674) Pause Full (Ergonomics) 362M->362M(409M) 381.157ms
[243.889s][info][gc,cpu         ] GC(674) User=0.34s Sys=0.00s Real=0.38s
[243.889s][info][gc,start       ] GC(675) Pause Full (Ergonomics)
[243.889s][info][gc,phases,start] GC(675) Marking Phase
[244.173s][info][gc,phases      ] GC(675) Marking Phase 283.507ms
[244.173s][info][gc,phases,start] GC(675) Summary Phase
[244.173s][info][gc,phases      ] GC(675) Summary Phase 0.034ms
[244.173s][info][gc,phases,start] GC(675) Adjust Roots
[244.173s][info][gc,phases      ] GC(675) Adjust Roots 0.269ms
[244.173s][info][gc,phases,start] GC(675) Compaction Phase
[244.270s][info][gc,phases      ] GC(675) Compaction Phase 96.321ms
[244.270s][info][gc,phases,start] GC(675) Post Compact
[244.271s][info][gc,phases      ] GC(675) Post Compact 1.534ms
[244.271s][info][gc,heap        ] GC(675) PSYoungGen: 33771K(77312K)->33771K(77312K) Eden: 24575K(24576K)->24575K(24576K) From: 9195K(52736K)->9195K(52736K)
[244.271s][info][gc,heap        ] GC(675) ParOldGen: 337143K(341504K)->337143K(341504K)
[244.271s][info][gc,metaspace   ] GC(675) Metaspace: 6296K(6464K)->6296K(6464K) NonClass: 5763K(5824K)->5763K(5824K) Class: 532K(640K)->532K(640K)
[244.272s][info][gc             ] GC(675) Pause Full (Ergonomics) 362M->362M(409M) 382.066ms
[244.272s][info][gc,cpu         ] GC(675) User=0.34s Sys=0.02s Real=0.38s
[244.272s][info][gc,start       ] GC(676) Pause Full (Ergonomics)
[244.272s][info][gc,phases,start] GC(676) Marking Phase
[244.555s][info][gc,phases      ] GC(676) Marking Phase 283.599ms
[244.555s][info][gc,phases,start] GC(676) Summary Phase
[244.556s][info][gc,phases      ] GC(676) Summary Phase 0.034ms
[244.556s][info][gc,phases,start] GC(676) Adjust Roots
[244.556s][info][gc,phases      ] GC(676) Adjust Roots 0.214ms
[244.556s][info][gc,phases,start] GC(676) Compaction Phase
[244.651s][info][gc,phases      ] GC(676) Compaction Phase 95.551ms
[244.651s][info][gc,phases,start] GC(676) Post Compact
[244.653s][info][gc,phases      ] GC(676) Post Compact 1.516ms
[244.653s][info][gc,heap        ] GC(676) PSYoungGen: 33771K(77312K)->33771K(77312K) Eden: 24575K(24576K)->24575K(24576K) From: 9195K(52736K)->9195K(52736K)
[244.653s][info][gc,heap        ] GC(676) ParOldGen: 337148K(341504K)->337148K(341504K)
[244.653s][info][gc,metaspace   ] GC(676) Metaspace: 6296K(6464K)->6296K(6464K) NonClass: 5763K(5824K)->5763K(5824K) Class: 532K(640K)->532K(640K)
[244.653s][info][gc             ] GC(676) Pause Full (Ergonomics) 362M->362M(409M) 381.294ms
[244.653s][info][gc,cpu         ] GC(676) User=0.34s Sys=0.00s Real=0.38s
[244.653s][info][gc,start       ] GC(677) Pause Full (Ergonomics)
[244.653s][info][gc,phases,start] GC(677) Marking Phase
[244.937s][info][gc,phases      ] GC(677) Marking Phase 283.310ms
[244.937s][info][gc,phases,start] GC(677) Summary Phase
[244.937s][info][gc,phases      ] GC(677) Summary Phase 0.034ms
[244.937s][info][gc,phases,start] GC(677) Adjust Roots
[244.937s][info][gc,phases      ] GC(677) Adjust Roots 0.269ms
[244.937s][info][gc,phases,start] GC(677) Compaction Phase
[245.033s][info][gc,phases      ] GC(677) Compaction Phase 95.346ms
[245.033s][info][gc,phases,start] GC(677) Post Compact
[245.034s][info][gc,phases      ] GC(677) Post Compact 1.555ms
[245.034s][info][gc,heap        ] GC(677) PSYoungGen: 33771K(77312K)->33771K(77312K) Eden: 24575K(24576K)->24575K(24576K) From: 9195K(52736K)->9195K(52736K)
[245.034s][info][gc,heap        ] GC(677) ParOldGen: 337152K(341504K)->337152K(341504K)
[245.034s][info][gc,metaspace   ] GC(677) Metaspace: 6296K(6464K)->6296K(6464K) NonClass: 5763K(5824K)->5763K(5824K) Class: 532K(640K)->532K(640K)
[245.034s][info][gc             ] GC(677) Pause Full (Ergonomics) 362M->362M(409M) 380.909ms
[245.034s][info][gc,cpu         ] GC(677) User=0.34s Sys=0.00s Real=0.38s
[245.035s][info][gc,start       ] GC(678) Pause Full (Ergonomics)
[245.035s][info][gc,phases,start] GC(678) Marking Phase
[245.319s][info][gc,phases      ] GC(678) Marking Phase 284.083ms
[245.319s][info][gc,phases,start] GC(678) Summary Phase
[245.319s][info][gc,phases      ] GC(678) Summary Phase 0.035ms
[245.319s][info][gc,phases,start] GC(678) Adjust Roots
[245.319s][info][gc,phases      ] GC(678) Adjust Roots 0.278ms
[245.319s][info][gc,phases,start] GC(678) Compaction Phase
[245.414s][info][gc,phases      ] GC(678) Compaction Phase 94.715ms
[245.414s][info][gc,phases,start] GC(678) Post Compact
[245.415s][info][gc,phases      ] GC(678) Post Compact 1.526ms
[245.416s][info][gc,heap        ] GC(678) PSYoungGen: 33771K(77312K)->33771K(77312K) Eden: 24575K(24576K)->24575K(24576K) From: 9195K(52736K)->9195K(52736K)
[245.416s][info][gc,heap        ] GC(678) ParOldGen: 337157K(341504K)->337157K(341504K)
[245.416s][info][gc,metaspace   ] GC(678) Metaspace: 6296K(6464K)->6296K(6464K) NonClass: 5763K(5824K)->5763K(5824K) Class: 532K(640K)->532K(640K)
[245.416s][info][gc             ] GC(678) Pause Full (Ergonomics) 362M->362M(409M) 381.014ms
[245.416s][info][gc,cpu         ] GC(678) User=0.36s Sys=0.00s Real=0.38s
[245.416s][info][gc,start       ] GC(679) Pause Full (Ergonomics)
[245.416s][info][gc,phases,start] GC(679) Marking Phase
[245.699s][info][gc,phases      ] GC(679) Marking Phase 283.231ms
[245.699s][info][gc,phases,start] GC(679) Summary Phase
[245.699s][info][gc,phases      ] GC(679) Summary Phase 0.035ms
[245.699s][info][gc,phases,start] GC(679) Adjust Roots
[245.700s][info][gc,phases      ] GC(679) Adjust Roots 0.249ms
[245.700s][info][gc,phases,start] GC(679) Compaction Phase
[245.795s][info][gc,phases      ] GC(679) Compaction Phase 95.382ms
[245.795s][info][gc,phases,start] GC(679) Post Compact
[245.797s][info][gc,phases      ] GC(679) Post Compact 1.516ms
[245.797s][info][gc,heap        ] GC(679) PSYoungGen: 33771K(77312K)->33771K(77312K) Eden: 24575K(24576K)->24575K(24576K) From: 9195K(52736K)->9195K(52736K)
[245.797s][info][gc,heap        ] GC(679) ParOldGen: 337162K(341504K)->337162K(341504K)
[245.797s][info][gc,metaspace   ] GC(679) Metaspace: 6296K(6464K)->6296K(6464K) NonClass: 5763K(5824K)->5763K(5824K) Class: 532K(640K)->532K(640K)
[245.797s][info][gc             ] GC(679) Pause Full (Ergonomics) 362M->362M(409M) 380.889ms
[245.797s][info][gc,cpu         ] GC(679) User=0.34s Sys=0.00s Real=0.38s
[245.797s][info][gc,start       ] GC(680) Pause Full (Ergonomics)
[245.797s][info][gc,phases,start] GC(680) Marking Phase
[246.082s][info][gc,phases      ] GC(680) Marking Phase 285.269ms
[246.082s][info][gc,phases,start] GC(680) Summary Phase
[246.082s][info][gc,phases      ] GC(680) Summary Phase 0.034ms
[246.082s][info][gc,phases,start] GC(680) Adjust Roots
[246.083s][info][gc,phases      ] GC(680) Adjust Roots 0.264ms
[246.083s][info][gc,phases,start] GC(680) Compaction Phase
[246.179s][info][gc,phases      ] GC(680) Compaction Phase 96.090ms
[246.179s][info][gc,phases,start] GC(680) Post Compact
[246.180s][info][gc,phases      ] GC(680) Post Compact 1.524ms
[246.181s][info][gc,heap        ] GC(680) PSYoungGen: 33771K(77312K)->33771K(77312K) Eden: 24575K(24576K)->24575K(24576K) From: 9195K(52736K)->9195K(52736K)
[246.181s][info][gc,heap        ] GC(680) ParOldGen: 337166K(341504K)->337166K(341504K)
[246.181s][info][gc,metaspace   ] GC(680) Metaspace: 6296K(6464K)->6296K(6464K) NonClass: 5763K(5824K)->5763K(5824K) Class: 532K(640K)->532K(640K)
[246.181s][info][gc             ] GC(680) Pause Full (Ergonomics) 362M->362M(409M) 383.614ms
[246.181s][info][gc,cpu         ] GC(680) User=0.38s Sys=0.00s Real=0.38s
[246.181s][info][gc,start       ] GC(681) Pause Full (Ergonomics)
[246.181s][info][gc,phases,start] GC(681) Marking Phase
[246.465s][info][gc,phases      ] GC(681) Marking Phase 283.856ms
[246.465s][info][gc,phases,start] GC(681) Summary Phase
[246.465s][info][gc,phases      ] GC(681) Summary Phase 0.035ms
[246.465s][info][gc,phases,start] GC(681) Adjust Roots
[246.465s][info][gc,phases      ] GC(681) Adjust Roots 0.261ms
[246.465s][info][gc,phases,start] GC(681) Compaction Phase
[246.560s][info][gc,phases      ] GC(681) Compaction Phase 94.571ms
[246.560s][info][gc,phases,start] GC(681) Post Compact
[246.561s][info][gc,phases      ] GC(681) Post Compact 1.526ms
[246.561s][info][gc,heap        ] GC(681) PSYoungGen: 33771K(77312K)->33771K(77312K) Eden: 24575K(24576K)->24575K(24576K) From: 9195K(52736K)->9195K(52736K)
[246.561s][info][gc,heap        ] GC(681) ParOldGen: 337171K(341504K)->337171K(341504K)
[246.561s][info][gc,metaspace   ] GC(681) Metaspace: 6296K(6464K)->6296K(6464K) NonClass: 5763K(5824K)->5763K(5824K) Class: 532K(640K)->532K(640K)
[246.562s][info][gc             ] GC(681) Pause Full (Ergonomics) 362M->362M(409M) 380.650ms
[246.562s][info][gc,cpu         ] GC(681) User=0.36s Sys=0.00s Real=0.38s
[246.562s][info][gc,start       ] GC(682) Pause Full (Ergonomics)
[246.562s][info][gc,phases,start] GC(682) Marking Phase
[246.846s][info][gc,phases      ] GC(682) Marking Phase 283.642ms
[246.846s][info][gc,phases,start] GC(682) Summary Phase
[246.846s][info][gc,phases      ] GC(682) Summary Phase 0.034ms
[246.846s][info][gc,phases,start] GC(682) Adjust Roots
[246.846s][info][gc,phases      ] GC(682) Adjust Roots 0.264ms
[246.846s][info][gc,phases,start] GC(682) Compaction Phase
[246.942s][info][gc,phases      ] GC(682) Compaction Phase 95.395ms
[246.942s][info][gc,phases,start] GC(682) Post Compact
[246.943s][info][gc,phases      ] GC(682) Post Compact 1.695ms
[246.943s][info][gc,heap        ] GC(682) PSYoungGen: 33771K(77312K)->33771K(77312K) Eden: 24575K(24576K)->24575K(24576K) From: 9195K(52736K)->9195K(52736K)
[246.943s][info][gc,heap        ] GC(682) ParOldGen: 337176K(341504K)->337176K(341504K)
[246.943s][info][gc,metaspace   ] GC(682) Metaspace: 6296K(6464K)->6296K(6464K) NonClass: 5763K(5824K)->5763K(5824K) Class: 532K(640K)->532K(640K)
[246.944s][info][gc             ] GC(682) Pause Full (Ergonomics) 362M->362M(409M) 381.432ms
[246.944s][info][gc,cpu         ] GC(682) User=0.36s Sys=0.00s Real=0.38s
[246.944s][info][gc,start       ] GC(683) Pause Full (Ergonomics)
[246.944s][info][gc,phases,start] GC(683) Marking Phase
[247.228s][info][gc,phases      ] GC(683) Marking Phase 283.926ms
[247.228s][info][gc,phases,start] GC(683) Summary Phase
[247.228s][info][gc,phases      ] GC(683) Summary Phase 0.035ms
[247.228s][info][gc,phases,start] GC(683) Adjust Roots
[247.228s][info][gc,phases      ] GC(683) Adjust Roots 0.295ms
[247.228s][info][gc,phases,start] GC(683) Compaction Phase
[247.324s][info][gc,phases      ] GC(683) Compaction Phase 95.408ms
[247.324s][info][gc,phases,start] GC(683) Post Compact
[247.325s][info][gc,phases      ] GC(683) Post Compact 1.509ms
[247.325s][info][gc,heap        ] GC(683) PSYoungGen: 33771K(77312K)->33771K(77312K) Eden: 24575K(24576K)->24575K(24576K) From: 9195K(52736K)->9195K(52736K)
[247.325s][info][gc,heap        ] GC(683) ParOldGen: 337180K(341504K)->337180K(341504K)
[247.325s][info][gc,metaspace   ] GC(683) Metaspace: 6296K(6464K)->6296K(6464K) NonClass: 5763K(5824K)->5763K(5824K) Class: 532K(640K)->532K(640K)
[247.325s][info][gc             ] GC(683) Pause Full (Ergonomics) 362M->362M(409M) 381.568ms
[247.325s][info][gc,cpu         ] GC(683) User=0.34s Sys=0.00s Real=0.38s
[247.326s][info][gc,start       ] GC(684) Pause Full (Ergonomics)
[247.326s][info][gc,phases,start] GC(684) Marking Phase
[247.609s][info][gc,phases      ] GC(684) Marking Phase 283.776ms
[247.610s][info][gc,phases,start] GC(684) Summary Phase
[247.610s][info][gc,phases      ] GC(684) Summary Phase 0.035ms
[247.610s][info][gc,phases,start] GC(684) Adjust Roots
[247.610s][info][gc,phases      ] GC(684) Adjust Roots 0.265ms
[247.610s][info][gc,phases,start] GC(684) Compaction Phase
[247.706s][info][gc,phases      ] GC(684) Compaction Phase 95.599ms
[247.706s][info][gc,phases,start] GC(684) Post Compact
[247.707s][info][gc,phases      ] GC(684) Post Compact 1.521ms
[247.707s][info][gc,heap        ] GC(684) PSYoungGen: 33771K(77312K)->33771K(77312K) Eden: 24575K(24576K)->24575K(24576K) From: 9195K(52736K)->9195K(52736K)
[247.707s][info][gc,heap        ] GC(684) ParOldGen: 337185K(341504K)->337185K(341504K)
[247.707s][info][gc,metaspace   ] GC(684) Metaspace: 6296K(6464K)->6296K(6464K) NonClass: 5763K(5824K)->5763K(5824K) Class: 532K(640K)->532K(640K)
[247.707s][info][gc             ] GC(684) Pause Full (Ergonomics) 362M->362M(409M) 381.608ms
[247.707s][info][gc,cpu         ] GC(684) User=0.34s Sys=0.00s Real=0.38s
[247.708s][info][gc,start       ] GC(685) Pause Full (Ergonomics)
[247.708s][info][gc,phases,start] GC(685) Marking Phase
[247.988s][info][gc,phases      ] GC(685) Marking Phase 280.353ms
[247.988s][info][gc,phases,start] GC(685) Summary Phase
[247.988s][info][gc,phases      ] GC(685) Summary Phase 0.034ms
[247.988s][info][gc,phases,start] GC(685) Adjust Roots
[247.988s][info][gc,phases      ] GC(685) Adjust Roots 0.263ms
[247.988s][info][gc,phases,start] GC(685) Compaction Phase
[248.085s][info][gc,phases      ] GC(685) Compaction Phase 96.952ms
[248.085s][info][gc,phases,start] GC(685) Post Compact
[248.087s][info][gc,phases      ] GC(685) Post Compact 1.660ms
[248.087s][info][gc,heap        ] GC(685) PSYoungGen: 33771K(77312K)->33771K(77312K) Eden: 24575K(24576K)->24575K(24576K) From: 9195K(52736K)->9195K(52736K)
[248.087s][info][gc,heap        ] GC(685) ParOldGen: 337190K(341504K)->337190K(341504K)
[248.087s][info][gc,metaspace   ] GC(685) Metaspace: 6296K(6464K)->6296K(6464K) NonClass: 5763K(5824K)->5763K(5824K) Class: 532K(640K)->532K(640K)
[248.087s][info][gc             ] GC(685) Pause Full (Ergonomics) 362M->362M(409M) 379.659ms
[248.087s][info][gc,cpu         ] GC(685) User=0.38s Sys=0.00s Real=0.38s
[248.087s][info][gc,start       ] GC(686) Pause Full (Ergonomics)
[248.087s][info][gc,phases,start] GC(686) Marking Phase
[248.371s][info][gc,phases      ] GC(686) Marking Phase 283.447ms
[248.371s][info][gc,phases,start] GC(686) Summary Phase
[248.371s][info][gc,phases      ] GC(686) Summary Phase 0.034ms
[248.371s][info][gc,phases,start] GC(686) Adjust Roots
[248.371s][info][gc,phases      ] GC(686) Adjust Roots 0.251ms
[248.371s][info][gc,phases,start] GC(686) Compaction Phase
[248.465s][info][gc,phases      ] GC(686) Compaction Phase 94.078ms
[248.466s][info][gc,phases,start] GC(686) Post Compact
[248.467s][info][gc,phases      ] GC(686) Post Compact 1.513ms
[248.467s][info][gc,heap        ] GC(686) PSYoungGen: 33771K(77312K)->33771K(77312K) Eden: 24575K(24576K)->24575K(24576K) From: 9195K(52736K)->9195K(52736K)
[248.467s][info][gc,heap        ] GC(686) ParOldGen: 337194K(341504K)->337194K(341504K)
[248.467s][info][gc,metaspace   ] GC(686) Metaspace: 6296K(6464K)->6296K(6464K) NonClass: 5763K(5824K)->5763K(5824K) Class: 532K(640K)->532K(640K)
[248.467s][info][gc             ] GC(686) Pause Full (Ergonomics) 362M->362M(409M) 379.692ms
[248.467s][info][gc,cpu         ] GC(686) User=0.34s Sys=0.00s Real=0.38s
[248.467s][info][gc,start       ] GC(687) Pause Full (Ergonomics)
[248.467s][info][gc,phases,start] GC(687) Marking Phase
[248.751s][info][gc,phases      ] GC(687) Marking Phase 283.258ms
[248.751s][info][gc,phases,start] GC(687) Summary Phase
[248.751s][info][gc,phases      ] GC(687) Summary Phase 0.034ms
[248.751s][info][gc,phases,start] GC(687) Adjust Roots
[248.751s][info][gc,phases      ] GC(687) Adjust Roots 0.267ms
[248.751s][info][gc,phases,start] GC(687) Compaction Phase
[248.846s][info][gc,phases      ] GC(687) Compaction Phase 94.999ms
[248.846s][info][gc,phases,start] GC(687) Post Compact
[248.848s][info][gc,phases      ] GC(687) Post Compact 1.525ms
[248.848s][info][gc,heap        ] GC(687) PSYoungGen: 33771K(77312K)->33771K(77312K) Eden: 24575K(24576K)->24575K(24576K) From: 9195K(52736K)->9195K(52736K)
[248.848s][info][gc,heap        ] GC(687) ParOldGen: 337199K(341504K)->337199K(341504K)
[248.848s][info][gc,metaspace   ] GC(687) Metaspace: 6296K(6464K)->6296K(6464K) NonClass: 5763K(5824K)->5763K(5824K) Class: 532K(640K)->532K(640K)
[248.848s][info][gc             ] GC(687) Pause Full (Ergonomics) 362M->362M(409M) 380.475ms
[248.848s][info][gc,cpu         ] GC(687) User=0.36s Sys=0.00s Real=0.38s
[248.848s][info][gc,start       ] GC(688) Pause Full (Ergonomics)
[248.848s][info][gc,phases,start] GC(688) Marking Phase
[249.133s][info][gc,phases      ] GC(688) Marking Phase 285.028ms
[249.133s][info][gc,phases,start] GC(688) Summary Phase
[249.133s][info][gc,phases      ] GC(688) Summary Phase 0.024ms
[249.133s][info][gc,phases,start] GC(688) Adjust Roots
[249.134s][info][gc,phases      ] GC(688) Adjust Roots 0.242ms
[249.134s][info][gc,phases,start] GC(688) Compaction Phase
[249.231s][info][gc,phases      ] GC(688) Compaction Phase 96.906ms
[249.231s][info][gc,phases,start] GC(688) Post Compact
[249.232s][info][gc,phases      ] GC(688) Post Compact 1.538ms
[249.232s][info][gc,heap        ] GC(688) PSYoungGen: 33771K(77312K)->33771K(77312K) Eden: 24575K(24576K)->24575K(24576K) From: 9195K(52736K)->9195K(52736K)
[249.232s][info][gc,heap        ] GC(688) ParOldGen: 337204K(341504K)->337204K(341504K)
[249.232s][info][gc,metaspace   ] GC(688) Metaspace: 6296K(6464K)->6296K(6464K) NonClass: 5763K(5824K)->5763K(5824K) Class: 532K(640K)->532K(640K)
[249.232s][info][gc             ] GC(688) Pause Full (Ergonomics) 362M->362M(409M) 384.052ms
[249.232s][info][gc,cpu         ] GC(688) User=0.36s Sys=0.00s Real=0.38s
[249.233s][info][gc,start       ] GC(689) Pause Full (Ergonomics)
[249.233s][info][gc,phases,start] GC(689) Marking Phase
[249.517s][info][gc,phases      ] GC(689) Marking Phase 283.894ms
[249.517s][info][gc,phases,start] GC(689) Summary Phase
[249.517s][info][gc,phases      ] GC(689) Summary Phase 0.035ms
[249.517s][info][gc,phases,start] GC(689) Adjust Roots
[249.517s][info][gc,phases      ] GC(689) Adjust Roots 0.273ms
[249.517s][info][gc,phases,start] GC(689) Compaction Phase
[249.612s][info][gc,phases      ] GC(689) Compaction Phase 94.831ms
[249.612s][info][gc,phases,start] GC(689) Post Compact
[249.613s][info][gc,phases      ] GC(689) Post Compact 1.501ms
[249.613s][info][gc,heap        ] GC(689) PSYoungGen: 33771K(77312K)->33771K(77312K) Eden: 24575K(24576K)->24575K(24576K) From: 9195K(52736K)->9195K(52736K)
[249.614s][info][gc,heap        ] GC(689) ParOldGen: 337208K(341504K)->337208K(341504K)
[249.614s][info][gc,metaspace   ] GC(689) Metaspace: 6296K(6464K)->6296K(6464K) NonClass: 5763K(5824K)->5763K(5824K) Class: 532K(640K)->532K(640K)
[249.614s][info][gc             ] GC(689) Pause Full (Ergonomics) 362M->362M(409M) 380.969ms
[249.614s][info][gc,cpu         ] GC(689) User=0.33s Sys=0.00s Real=0.38s
[249.614s][info][gc,start       ] GC(690) Pause Full (Ergonomics)
[249.614s][info][gc,phases,start] GC(690) Marking Phase
[249.898s][info][gc,phases      ] GC(690) Marking Phase 283.433ms
[249.898s][info][gc,phases,start] GC(690) Summary Phase
[249.898s][info][gc,phases      ] GC(690) Summary Phase 0.023ms
[249.898s][info][gc,phases,start] GC(690) Adjust Roots
[249.898s][info][gc,phases      ] GC(690) Adjust Roots 0.241ms
[249.898s][info][gc,phases,start] GC(690) Compaction Phase
[249.993s][info][gc,phases      ] GC(690) Compaction Phase 95.530ms
[249.994s][info][gc,phases,start] GC(690) Post Compact
[249.995s][info][gc,phases      ] GC(690) Post Compact 1.521ms
[249.995s][info][gc,heap        ] GC(690) PSYoungGen: 33771K(77312K)->33771K(77312K) Eden: 24575K(24576K)->24575K(24576K) From: 9195K(52736K)->9195K(52736K)
[249.995s][info][gc,heap        ] GC(690) ParOldGen: 337213K(341504K)->337213K(341504K)
[249.995s][info][gc,metaspace   ] GC(690) Metaspace: 6296K(6464K)->6296K(6464K) NonClass: 5763K(5824K)->5763K(5824K) Class: 532K(640K)->532K(640K)
[249.995s][info][gc             ] GC(690) Pause Full (Ergonomics) 362M->362M(409M) 381.100ms
[249.995s][info][gc,cpu         ] GC(690) User=0.38s Sys=0.00s Real=0.38s
[249.996s][info][gc,start       ] GC(691) Pause Full (Ergonomics)
[249.996s][info][gc,phases,start] GC(691) Marking Phase
[250.279s][info][gc,phases      ] GC(691) Marking Phase 283.355ms
[250.279s][info][gc,phases,start] GC(691) Summary Phase
[250.279s][info][gc,phases      ] GC(691) Summary Phase 0.034ms
[250.279s][info][gc,phases,start] GC(691) Adjust Roots
[250.279s][info][gc,phases      ] GC(691) Adjust Roots 0.262ms
[250.279s][info][gc,phases,start] GC(691) Compaction Phase
[250.375s][info][gc,phases      ] GC(691) Compaction Phase 95.133ms
[250.375s][info][gc,phases,start] GC(691) Post Compact
[250.376s][info][gc,phases      ] GC(691) Post Compact 1.626ms
[250.376s][info][gc,heap        ] GC(691) PSYoungGen: 33771K(77312K)->33771K(77312K) Eden: 24575K(24576K)->24575K(24576K) From: 9195K(52736K)->9195K(52736K)
[250.376s][info][gc,heap        ] GC(691) ParOldGen: 337218K(341504K)->337218K(341504K)
[250.376s][info][gc,metaspace   ] GC(691) Metaspace: 6296K(6464K)->6296K(6464K) NonClass: 5763K(5824K)->5763K(5824K) Class: 532K(640K)->532K(640K)
[250.376s][info][gc             ] GC(691) Pause Full (Ergonomics) 362M->362M(409M) 380.820ms
[250.377s][info][gc,cpu         ] GC(691) User=0.34s Sys=0.00s Real=0.38s
[250.377s][info][gc,start       ] GC(692) Pause Full (Ergonomics)
[250.377s][info][gc,phases,start] GC(692) Marking Phase
[250.660s][info][gc,phases      ] GC(692) Marking Phase 283.076ms
[250.660s][info][gc,phases,start] GC(692) Summary Phase
[250.660s][info][gc,phases      ] GC(692) Summary Phase 0.026ms
[250.660s][info][gc,phases,start] GC(692) Adjust Roots
[250.660s][info][gc,phases      ] GC(692) Adjust Roots 0.241ms
[250.660s][info][gc,phases,start] GC(692) Compaction Phase
[250.755s][info][gc,phases      ] GC(692) Compaction Phase 94.662ms
[250.755s][info][gc,phases,start] GC(692) Post Compact
[250.757s][info][gc,phases      ] GC(692) Post Compact 1.535ms
[250.757s][info][gc,heap        ] GC(692) PSYoungGen: 33771K(77312K)->33771K(77312K) Eden: 24575K(24576K)->24575K(24576K) From: 9195K(52736K)->9195K(52736K)
[250.757s][info][gc,heap        ] GC(692) ParOldGen: 337222K(341504K)->337222K(341504K)
[250.757s][info][gc,metaspace   ] GC(692) Metaspace: 6296K(6464K)->6296K(6464K) NonClass: 5763K(5824K)->5763K(5824K) Class: 532K(640K)->532K(640K)
[250.757s][info][gc             ] GC(692) Pause Full (Ergonomics) 362M->362M(409M) 379.901ms
[250.757s][info][gc,cpu         ] GC(692) User=0.38s Sys=0.00s Real=0.38s
[250.757s][info][gc,start       ] GC(693) Pause Full (Ergonomics)
[250.757s][info][gc,phases,start] GC(693) Marking Phase
[251.038s][info][gc,phases      ] GC(693) Marking Phase 281.525ms
[251.039s][info][gc,phases,start] GC(693) Summary Phase
[251.039s][info][gc,phases      ] GC(693) Summary Phase 0.021ms
[251.039s][info][gc,phases,start] GC(693) Adjust Roots
[251.039s][info][gc,phases      ] GC(693) Adjust Roots 0.205ms
[251.039s][info][gc,phases,start] GC(693) Compaction Phase
[251.134s][info][gc,phases      ] GC(693) Compaction Phase 95.577ms
[251.134s][info][gc,phases,start] GC(693) Post Compact
[251.136s][info][gc,phases      ] GC(693) Post Compact 1.644ms
[251.136s][info][gc,heap        ] GC(693) PSYoungGen: 33771K(77312K)->33771K(77312K) Eden: 24575K(24576K)->24575K(24576K) From: 9195K(52736K)->9195K(52736K)
[251.136s][info][gc,heap        ] GC(693) ParOldGen: 337227K(341504K)->337227K(341504K)
[251.136s][info][gc,metaspace   ] GC(693) Metaspace: 6296K(6464K)->6296K(6464K) NonClass: 5763K(5824K)->5763K(5824K) Class: 532K(640K)->532K(640K)
[251.136s][info][gc             ] GC(693) Pause Full (Ergonomics) 362M->362M(409M) 379.308ms
[251.136s][info][gc,cpu         ] GC(693) User=0.33s Sys=0.02s Real=0.38s
[251.136s][info][gc,start       ] GC(694) Pause Full (Ergonomics)
[251.136s][info][gc,phases,start] GC(694) Marking Phase
[251.419s][info][gc,phases      ] GC(694) Marking Phase 282.391ms
[251.419s][info][gc,phases,start] GC(694) Summary Phase
[251.419s][info][gc,phases      ] GC(694) Summary Phase 0.023ms
[251.419s][info][gc,phases,start] GC(694) Adjust Roots
[251.419s][info][gc,phases      ] GC(694) Adjust Roots 0.184ms
[251.419s][info][gc,phases,start] GC(694) Compaction Phase
[251.515s][info][gc,phases      ] GC(694) Compaction Phase 95.269ms
[251.515s][info][gc,phases,start] GC(694) Post Compact
[251.516s][info][gc,phases      ] GC(694) Post Compact 1.525ms
[251.516s][info][gc,heap        ] GC(694) PSYoungGen: 33771K(77312K)->33771K(77312K) Eden: 24575K(24576K)->24575K(24576K) From: 9195K(52736K)->9195K(52736K)
[251.516s][info][gc,heap        ] GC(694) ParOldGen: 337232K(341504K)->337232K(341504K)
[251.516s][info][gc,metaspace   ] GC(694) Metaspace: 6296K(6464K)->6296K(6464K) NonClass: 5763K(5824K)->5763K(5824K) Class: 532K(640K)->532K(640K)
[251.516s][info][gc             ] GC(694) Pause Full (Ergonomics) 362M->362M(409M) 379.763ms
[251.516s][info][gc,cpu         ] GC(694) User=0.34s Sys=0.00s Real=0.38s
[251.516s][info][gc,start       ] GC(695) Pause Full (Ergonomics)
[251.517s][info][gc,phases,start] GC(695) Marking Phase
[251.799s][info][gc,phases      ] GC(695) Marking Phase 282.041ms
[251.799s][info][gc,phases,start] GC(695) Summary Phase
[251.799s][info][gc,phases      ] GC(695) Summary Phase 0.022ms
[251.799s][info][gc,phases,start] GC(695) Adjust Roots
[251.799s][info][gc,phases      ] GC(695) Adjust Roots 0.237ms
[251.799s][info][gc,phases,start] GC(695) Compaction Phase
[251.893s][info][gc,phases      ] GC(695) Compaction Phase 94.514ms
[251.894s][info][gc,phases,start] GC(695) Post Compact
[251.895s][info][gc,phases      ] GC(695) Post Compact 1.513ms
[251.895s][info][gc,heap        ] GC(695) PSYoungGen: 33771K(77312K)->33771K(77312K) Eden: 24575K(24576K)->24575K(24576K) From: 9195K(52736K)->9195K(52736K)
[251.895s][info][gc,heap        ] GC(695) ParOldGen: 337236K(341504K)->337236K(341504K)
[251.895s][info][gc,metaspace   ] GC(695) Metaspace: 6296K(6464K)->6296K(6464K) NonClass: 5763K(5824K)->5763K(5824K) Class: 532K(640K)->532K(640K)
[251.895s][info][gc             ] GC(695) Pause Full (Ergonomics) 362M->362M(409M) 378.662ms
[251.895s][info][gc,cpu         ] GC(695) User=0.34s Sys=0.02s Real=0.38s
[251.895s][info][gc,start       ] GC(696) Pause Full (Ergonomics)
[251.895s][info][gc,phases,start] GC(696) Marking Phase
[252.178s][info][gc,phases      ] GC(696) Marking Phase 282.654ms
[252.178s][info][gc,phases,start] GC(696) Summary Phase
[252.178s][info][gc,phases      ] GC(696) Summary Phase 0.023ms
[252.178s][info][gc,phases,start] GC(696) Adjust Roots
[252.178s][info][gc,phases      ] GC(696) Adjust Roots 0.237ms
[252.178s][info][gc,phases,start] GC(696) Compaction Phase
[252.274s][info][gc,phases      ] GC(696) Compaction Phase 95.094ms
[252.274s][info][gc,phases,start] GC(696) Post Compact
[252.275s][info][gc,phases      ] GC(696) Post Compact 1.514ms
[252.275s][info][gc,heap        ] GC(696) PSYoungGen: 33771K(77312K)->33771K(77312K) Eden: 24575K(24576K)->24575K(24576K) From: 9195K(52736K)->9195K(52736K)
[252.275s][info][gc,heap        ] GC(696) ParOldGen: 337241K(341504K)->337241K(341504K)
[252.275s][info][gc,metaspace   ] GC(696) Metaspace: 6296K(6464K)->6296K(6464K) NonClass: 5763K(5824K)->5763K(5824K) Class: 532K(640K)->532K(640K)
[252.275s][info][gc             ] GC(696) Pause Full (Ergonomics) 362M->362M(409M) 379.851ms
[252.275s][info][gc,cpu         ] GC(696) User=0.36s Sys=0.00s Real=0.38s
[252.276s][info][gc,start       ] GC(697) Pause Full (Ergonomics)
[252.276s][info][gc,phases,start] GC(697) Marking Phase
[252.559s][info][gc,phases      ] GC(697) Marking Phase 283.838ms
[252.560s][info][gc,phases,start] GC(697) Summary Phase
[252.560s][info][gc,phases      ] GC(697) Summary Phase 0.035ms
[252.560s][info][gc,phases,start] GC(697) Adjust Roots
[252.560s][info][gc,phases      ] GC(697) Adjust Roots 0.227ms
[252.560s][info][gc,phases,start] GC(697) Compaction Phase
[252.656s][info][gc,phases      ] GC(697) Compaction Phase 96.149ms
[252.656s][info][gc,phases,start] GC(697) Post Compact
[252.658s][info][gc,phases      ] GC(697) Post Compact 1.552ms
[252.658s][info][gc,heap        ] GC(697) PSYoungGen: 33771K(77312K)->33771K(77312K) Eden: 24575K(24576K)->24575K(24576K) From: 9195K(52736K)->9195K(52736K)
[252.658s][info][gc,heap        ] GC(697) ParOldGen: 337246K(341504K)->337246K(341504K)
[252.658s][info][gc,metaspace   ] GC(697) Metaspace: 6296K(6464K)->6296K(6464K) NonClass: 5763K(5824K)->5763K(5824K) Class: 532K(640K)->532K(640K)
[252.658s][info][gc             ] GC(697) Pause Full (Ergonomics) 362M->362M(409M) 382.177ms
[252.658s][info][gc,cpu         ] GC(697) User=0.36s Sys=0.00s Real=0.38s
[252.658s][info][gc,start       ] GC(698) Pause Full (Ergonomics)
[252.658s][info][gc,phases,start] GC(698) Marking Phase
[252.940s][info][gc,phases      ] GC(698) Marking Phase 282.237ms
[252.940s][info][gc,phases,start] GC(698) Summary Phase
[252.940s][info][gc,phases      ] GC(698) Summary Phase 0.023ms
[252.940s][info][gc,phases,start] GC(698) Adjust Roots
[252.941s][info][gc,phases      ] GC(698) Adjust Roots 0.249ms
[252.941s][info][gc,phases,start] GC(698) Compaction Phase
[253.036s][info][gc,phases      ] GC(698) Compaction Phase 95.076ms
[253.036s][info][gc,phases,start] GC(698) Post Compact
[253.037s][info][gc,phases      ] GC(698) Post Compact 1.525ms
[253.037s][info][gc,heap        ] GC(698) PSYoungGen: 33771K(77312K)->33771K(77312K) Eden: 24575K(24576K)->24575K(24576K) From: 9195K(52736K)->9195K(52736K)
[253.037s][info][gc,heap        ] GC(698) ParOldGen: 337250K(341504K)->337250K(341504K)
[253.037s][info][gc,metaspace   ] GC(698) Metaspace: 6296K(6464K)->6296K(6464K) NonClass: 5763K(5824K)->5763K(5824K) Class: 532K(640K)->532K(640K)
[253.038s][info][gc             ] GC(698) Pause Full (Ergonomics) 362M->362M(409M) 379.462ms
[253.038s][info][gc,cpu         ] GC(698) User=0.39s Sys=0.00s Real=0.38s
[253.038s][info][gc,start       ] GC(699) Pause Full (Ergonomics)
[253.038s][info][gc,phases,start] GC(699) Marking Phase
[253.322s][info][gc,phases      ] GC(699) Marking Phase 283.511ms
[253.322s][info][gc,phases,start] GC(699) Summary Phase
[253.322s][info][gc,phases      ] GC(699) Summary Phase 0.034ms
[253.322s][info][gc,phases,start] GC(699) Adjust Roots
[253.322s][info][gc,phases      ] GC(699) Adjust Roots 0.267ms
[253.322s][info][gc,phases,start] GC(699) Compaction Phase
[253.418s][info][gc,phases      ] GC(699) Compaction Phase 95.583ms
[253.418s][info][gc,phases,start] GC(699) Post Compact
[253.419s][info][gc,phases      ] GC(699) Post Compact 1.592ms
[253.419s][info][gc,heap        ] GC(699) PSYoungGen: 33771K(77312K)->33771K(77312K) Eden: 24575K(24576K)->24575K(24576K) From: 9195K(52736K)->9195K(52736K)
[253.419s][info][gc,heap        ] GC(699) ParOldGen: 337255K(341504K)->337255K(341504K)
[253.419s][info][gc,metaspace   ] GC(699) Metaspace: 6296K(6464K)->6296K(6464K) NonClass: 5763K(5824K)->5763K(5824K) Class: 532K(640K)->532K(640K)
[253.419s][info][gc             ] GC(699) Pause Full (Ergonomics) 362M->362M(409M) 381.370ms
[253.419s][info][gc,cpu         ] GC(699) User=0.34s Sys=0.00s Real=0.38s
[253.420s][info][gc,start       ] GC(700) Pause Full (Ergonomics)
[253.420s][info][gc,phases,start] GC(700) Marking Phase
[253.702s][info][gc,phases      ] GC(700) Marking Phase 282.464ms
[253.702s][info][gc,phases,start] GC(700) Summary Phase
[253.702s][info][gc,phases      ] GC(700) Summary Phase 0.024ms
[253.702s][info][gc,phases,start] GC(700) Adjust Roots
[253.702s][info][gc,phases      ] GC(700) Adjust Roots 0.190ms
[253.702s][info][gc,phases,start] GC(700) Compaction Phase
[253.796s][info][gc,phases      ] GC(700) Compaction Phase 93.558ms
[253.796s][info][gc,phases,start] GC(700) Post Compact
[253.798s][info][gc,phases      ] GC(700) Post Compact 1.653ms
[253.798s][info][gc,heap        ] GC(700) PSYoungGen: 33771K(77312K)->33771K(77312K) Eden: 24575K(24576K)->24575K(24576K) From: 9195K(52736K)->9195K(52736K)
[253.798s][info][gc,heap        ] GC(700) ParOldGen: 337260K(341504K)->337260K(341504K)
[253.798s][info][gc,metaspace   ] GC(700) Metaspace: 6296K(6464K)->6296K(6464K) NonClass: 5763K(5824K)->5763K(5824K) Class: 532K(640K)->532K(640K)
[253.798s][info][gc             ] GC(700) Pause Full (Ergonomics) 362M->362M(409M) 378.245ms
[253.798s][info][gc,cpu         ] GC(700) User=0.34s Sys=0.00s Real=0.38s
[253.798s][info][gc,start       ] GC(701) Pause Full (Ergonomics)
[253.798s][info][gc,phases,start] GC(701) Marking Phase
[254.079s][info][gc,phases      ] GC(701) Marking Phase 280.389ms
[254.079s][info][gc,phases,start] GC(701) Summary Phase
[254.079s][info][gc,phases      ] GC(701) Summary Phase 0.023ms
[254.079s][info][gc,phases,start] GC(701) Adjust Roots
[254.079s][info][gc,phases      ] GC(701) Adjust Roots 0.219ms
[254.079s][info][gc,phases,start] GC(701) Compaction Phase
[254.174s][info][gc,phases      ] GC(701) Compaction Phase 95.451ms
[254.174s][info][gc,phases,start] GC(701) Post Compact
[254.176s][info][gc,phases      ] GC(701) Post Compact 1.703ms
[254.176s][info][gc,heap        ] GC(701) PSYoungGen: 33771K(77312K)->33771K(77312K) Eden: 24575K(24576K)->24575K(24576K) From: 9195K(52736K)->9195K(52736K)
[254.176s][info][gc,heap        ] GC(701) ParOldGen: 337264K(341504K)->337264K(341504K)
[254.176s][info][gc,metaspace   ] GC(701) Metaspace: 6296K(6464K)->6296K(6464K) NonClass: 5763K(5824K)->5763K(5824K) Class: 532K(640K)->532K(640K)
[254.176s][info][gc             ] GC(701) Pause Full (Ergonomics) 362M->362M(409M) 378.129ms
[254.176s][info][gc,cpu         ] GC(701) User=0.34s Sys=0.02s Real=0.38s
[254.177s][info][gc,start       ] GC(702) Pause Full (Ergonomics)
[254.177s][info][gc,phases,start] GC(702) Marking Phase
[254.456s][info][gc,phases      ] GC(702) Marking Phase 279.613ms
[254.456s][info][gc,phases,start] GC(702) Summary Phase
[254.456s][info][gc,phases      ] GC(702) Summary Phase 0.022ms
[254.456s][info][gc,phases,start] GC(702) Adjust Roots
[254.457s][info][gc,phases      ] GC(702) Adjust Roots 0.219ms
[254.457s][info][gc,phases,start] GC(702) Compaction Phase
[254.552s][info][gc,phases      ] GC(702) Compaction Phase 95.064ms
[254.552s][info][gc,phases,start] GC(702) Post Compact
[254.553s][info][gc,phases      ] GC(702) Post Compact 1.513ms
[254.553s][info][gc,heap        ] GC(702) PSYoungGen: 33771K(77312K)->33771K(77312K) Eden: 24575K(24576K)->24575K(24576K) From: 9195K(52736K)->9195K(52736K)
[254.553s][info][gc,heap        ] GC(702) ParOldGen: 337269K(341504K)->337269K(341504K)
[254.553s][info][gc,metaspace   ] GC(702) Metaspace: 6296K(6464K)->6296K(6464K) NonClass: 5763K(5824K)->5763K(5824K) Class: 532K(640K)->532K(640K)
[254.553s][info][gc             ] GC(702) Pause Full (Ergonomics) 362M->362M(409M) 376.751ms
[254.553s][info][gc,cpu         ] GC(702) User=0.38s Sys=0.00s Real=0.38s
[254.554s][info][gc,start       ] GC(703) Pause Full (Ergonomics)
[254.554s][info][gc,phases,start] GC(703) Marking Phase
[254.836s][info][gc,phases      ] GC(703) Marking Phase 282.727ms
[254.836s][info][gc,phases,start] GC(703) Summary Phase
[254.837s][info][gc,phases      ] GC(703) Summary Phase 0.022ms
[254.837s][info][gc,phases,start] GC(703) Adjust Roots
[254.837s][info][gc,phases      ] GC(703) Adjust Roots 0.185ms
[254.837s][info][gc,phases,start] GC(703) Compaction Phase
[254.932s][info][gc,phases      ] GC(703) Compaction Phase 95.203ms
[254.932s][info][gc,phases,start] GC(703) Post Compact
[254.934s][info][gc,phases      ] GC(703) Post Compact 1.544ms
[254.934s][info][gc,heap        ] GC(703) PSYoungGen: 33771K(77312K)->33771K(77312K) Eden: 24575K(24576K)->24575K(24576K) From: 9195K(52736K)->9195K(52736K)
[254.934s][info][gc,heap        ] GC(703) ParOldGen: 337274K(341504K)->337274K(341504K)
[254.934s][info][gc,metaspace   ] GC(703) Metaspace: 6296K(6464K)->6296K(6464K) NonClass: 5763K(5824K)->5763K(5824K) Class: 532K(640K)->532K(640K)
[254.934s][info][gc             ] GC(703) Pause Full (Ergonomics) 362M->362M(409M) 380.053ms
[254.934s][info][gc,cpu         ] GC(703) User=0.33s Sys=0.02s Real=0.38s
[254.934s][info][gc,start       ] GC(704) Pause Full (Ergonomics)
[254.934s][info][gc,phases,start] GC(704) Marking Phase
[255.217s][info][gc,phases      ] GC(704) Marking Phase 282.985ms
[255.217s][info][gc,phases,start] GC(704) Summary Phase
[255.217s][info][gc,phases      ] GC(704) Summary Phase 0.024ms
[255.217s][info][gc,phases,start] GC(704) Adjust Roots
[255.217s][info][gc,phases      ] GC(704) Adjust Roots 0.233ms
[255.217s][info][gc,phases,start] GC(704) Compaction Phase
[255.314s][info][gc,phases      ] GC(704) Compaction Phase 96.743ms
[255.314s][info][gc,phases,start] GC(704) Post Compact
[255.316s][info][gc,phases      ] GC(704) Post Compact 1.524ms
[255.316s][info][gc,heap        ] GC(704) PSYoungGen: 33771K(77312K)->33771K(77312K) Eden: 24575K(24576K)->24575K(24576K) From: 9195K(52736K)->9195K(52736K)
[255.316s][info][gc,heap        ] GC(704) ParOldGen: 337278K(341504K)->337278K(341504K)
[255.316s][info][gc,metaspace   ] GC(704) Metaspace: 6296K(6464K)->6296K(6464K) NonClass: 5763K(5824K)->5763K(5824K) Class: 532K(640K)->532K(640K)
[255.316s][info][gc             ] GC(704) Pause Full (Ergonomics) 362M->362M(409M) 381.948ms
[255.316s][info][gc,cpu         ] GC(704) User=0.34s Sys=0.00s Real=0.38s
[255.316s][info][gc,start       ] GC(705) Pause Full (Ergonomics)
[255.316s][info][gc,phases,start] GC(705) Marking Phase
[255.599s][info][gc,phases      ] GC(705) Marking Phase 283.267ms
[255.600s][info][gc,phases,start] GC(705) Summary Phase
[255.600s][info][gc,phases      ] GC(705) Summary Phase 0.056ms
[255.600s][info][gc,phases,start] GC(705) Adjust Roots
[255.600s][info][gc,phases      ] GC(705) Adjust Roots 0.260ms
[255.600s][info][gc,phases,start] GC(705) Compaction Phase
[255.695s][info][gc,phases      ] GC(705) Compaction Phase 94.691ms
[255.695s][info][gc,phases,start] GC(705) Post Compact
[255.696s][info][gc,phases      ] GC(705) Post Compact 1.525ms
[255.696s][info][gc,heap        ] GC(705) PSYoungGen: 33771K(77312K)->33771K(77312K) Eden: 24575K(24576K)->24575K(24576K) From: 9195K(52736K)->9195K(52736K)
[255.696s][info][gc,heap        ] GC(705) ParOldGen: 337283K(341504K)->337283K(341504K)
[255.696s][info][gc,metaspace   ] GC(705) Metaspace: 6296K(6464K)->6296K(6464K) NonClass: 5763K(5824K)->5763K(5824K) Class: 532K(640K)->532K(640K)
[255.696s][info][gc             ] GC(705) Pause Full (Ergonomics) 362M->362M(409M) 380.230ms
[255.696s][info][gc,cpu         ] GC(705) User=0.38s Sys=0.00s Real=0.38s
[255.697s][info][gc,start       ] GC(706) Pause Full (Ergonomics)
[255.697s][info][gc,phases,start] GC(706) Marking Phase
[255.980s][info][gc,phases      ] GC(706) Marking Phase 282.861ms
[255.980s][info][gc,phases,start] GC(706) Summary Phase
[255.980s][info][gc,phases      ] GC(706) Summary Phase 0.034ms
[255.980s][info][gc,phases,start] GC(706) Adjust Roots
[255.980s][info][gc,phases      ] GC(706) Adjust Roots 0.232ms
[255.980s][info][gc,phases,start] GC(706) Compaction Phase
[256.077s][info][gc,phases      ] GC(706) Compaction Phase 96.341ms
[256.077s][info][gc,phases,start] GC(706) Post Compact
[256.078s][info][gc,phases      ] GC(706) Post Compact 1.542ms
[256.078s][info][gc,heap        ] GC(706) PSYoungGen: 33771K(77312K)->33771K(77312K) Eden: 24575K(24576K)->24575K(24576K) From: 9195K(52736K)->9195K(52736K)
[256.078s][info][gc,heap        ] GC(706) ParOldGen: 337288K(341504K)->337288K(341504K)
[256.078s][info][gc,metaspace   ] GC(706) Metaspace: 6296K(6464K)->6296K(6464K) NonClass: 5763K(5824K)->5763K(5824K) Class: 532K(640K)->532K(640K)
[256.078s][info][gc             ] GC(706) Pause Full (Ergonomics) 362M->362M(409M) 381.370ms
[256.078s][info][gc,cpu         ] GC(706) User=0.33s Sys=0.00s Real=0.38s
[256.079s][info][gc,start       ] GC(707) Pause Full (Ergonomics)
[256.079s][info][gc,phases,start] GC(707) Marking Phase
[256.374s][info][gc,phases      ] GC(707) Marking Phase 295.238ms
[256.374s][info][gc,phases,start] GC(707) Summary Phase
[256.374s][info][gc,phases      ] GC(707) Summary Phase 0.018ms
[256.374s][info][gc,phases,start] GC(707) Adjust Roots
[256.374s][info][gc,phases      ] GC(707) Adjust Roots 0.309ms
[256.374s][info][gc,phases,start] GC(707) Compaction Phase
[256.479s][info][gc,phases      ] GC(707) Compaction Phase 104.475ms
[256.479s][info][gc,phases,start] GC(707) Post Compact
[256.480s][info][gc,phases      ] GC(707) Post Compact 1.522ms
[256.480s][info][gc,heap        ] GC(707) PSYoungGen: 33771K(77312K)->33771K(77312K) Eden: 24575K(24576K)->24575K(24576K) From: 9195K(52736K)->9195K(52736K)
[256.480s][info][gc,heap        ] GC(707) ParOldGen: 337292K(341504K)->337292K(341504K)
[256.480s][info][gc,metaspace   ] GC(707) Metaspace: 6296K(6464K)->6296K(6464K) NonClass: 5763K(5824K)->5763K(5824K) Class: 532K(640K)->532K(640K)
[256.480s][info][gc             ] GC(707) Pause Full (Ergonomics) 362M->362M(409M) 401.860ms
[256.481s][info][gc,cpu         ] GC(707) User=0.36s Sys=0.00s Real=0.40s
[256.481s][info][gc,start       ] GC(708) Pause Full (Ergonomics)
[256.481s][info][gc,phases,start] GC(708) Marking Phase
[256.763s][info][gc,phases      ] GC(708) Marking Phase 282.228ms
[256.763s][info][gc,phases,start] GC(708) Summary Phase
[256.763s][info][gc,phases      ] GC(708) Summary Phase 0.025ms
[256.763s][info][gc,phases,start] GC(708) Adjust Roots
[256.763s][info][gc,phases      ] GC(708) Adjust Roots 0.245ms
[256.763s][info][gc,phases,start] GC(708) Compaction Phase
[256.859s][info][gc,phases      ] GC(708) Compaction Phase 95.136ms
[256.859s][info][gc,phases,start] GC(708) Post Compact
[256.860s][info][gc,phases      ] GC(708) Post Compact 1.524ms
[256.860s][info][gc,heap        ] GC(708) PSYoungGen: 33771K(77312K)->33771K(77312K) Eden: 24575K(24576K)->24575K(24576K) From: 9195K(52736K)->9195K(52736K)
[256.860s][info][gc,heap        ] GC(708) ParOldGen: 337297K(341504K)->337297K(341504K)
[256.860s][info][gc,metaspace   ] GC(708) Metaspace: 6296K(6464K)->6296K(6464K) NonClass: 5763K(5824K)->5763K(5824K) Class: 532K(640K)->532K(640K)
[256.860s][info][gc             ] GC(708) Pause Full (Ergonomics) 362M->362M(409M) 379.515ms
[256.860s][info][gc,cpu         ] GC(708) User=0.36s Sys=0.00s Real=0.38s
[256.861s][info][gc,start       ] GC(709) Pause Full (Ergonomics)
[256.861s][info][gc,phases,start] GC(709) Marking Phase
[257.144s][info][gc,phases      ] GC(709) Marking Phase 283.585ms
[257.144s][info][gc,phases,start] GC(709) Summary Phase
[257.144s][info][gc,phases      ] GC(709) Summary Phase 0.022ms
[257.144s][info][gc,phases,start] GC(709) Adjust Roots
[257.145s][info][gc,phases      ] GC(709) Adjust Roots 0.215ms
[257.145s][info][gc,phases,start] GC(709) Compaction Phase
[257.240s][info][gc,phases      ] GC(709) Compaction Phase 95.459ms
[257.240s][info][gc,phases,start] GC(709) Post Compact
[257.242s][info][gc,phases      ] GC(709) Post Compact 1.515ms
[257.242s][info][gc,heap        ] GC(709) PSYoungGen: 33771K(77312K)->33771K(77312K) Eden: 24575K(24576K)->24575K(24576K) From: 9195K(52736K)->9195K(52736K)
[257.242s][info][gc,heap        ] GC(709) ParOldGen: 337302K(341504K)->337302K(341504K)
[257.242s][info][gc,metaspace   ] GC(709) Metaspace: 6296K(6464K)->6296K(6464K) NonClass: 5763K(5824K)->5763K(5824K) Class: 532K(640K)->532K(640K)
[257.242s][info][gc             ] GC(709) Pause Full (Ergonomics) 362M->362M(409M) 381.185ms
[257.242s][info][gc,cpu         ] GC(709) User=0.39s Sys=0.00s Real=0.38s
[257.242s][info][gc,start       ] GC(710) Pause Full (Ergonomics)
[257.242s][info][gc,phases,start] GC(710) Marking Phase
[257.529s][info][gc,phases      ] GC(710) Marking Phase 286.524ms
[257.529s][info][gc,phases,start] GC(710) Summary Phase
[257.529s][info][gc,phases      ] GC(710) Summary Phase 0.020ms
[257.529s][info][gc,phases,start] GC(710) Adjust Roots
[257.529s][info][gc,phases      ] GC(710) Adjust Roots 0.301ms
[257.529s][info][gc,phases,start] GC(710) Compaction Phase
[257.626s][info][gc,phases      ] GC(710) Compaction Phase 97.118ms
[257.626s][info][gc,phases,start] GC(710) Post Compact
[257.628s][info][gc,phases      ] GC(710) Post Compact 1.537ms
[257.628s][info][gc,heap        ] GC(710) PSYoungGen: 33771K(77312K)->33771K(77312K) Eden: 24575K(24576K)->24575K(24576K) From: 9195K(52736K)->9195K(52736K)
[257.628s][info][gc,heap        ] GC(710) ParOldGen: 337306K(341504K)->337306K(341504K)
[257.628s][info][gc,metaspace   ] GC(710) Metaspace: 6296K(6464K)->6296K(6464K) NonClass: 5763K(5824K)->5763K(5824K) Class: 532K(640K)->532K(640K)
[257.628s][info][gc             ] GC(710) Pause Full (Ergonomics) 362M->362M(409M) 385.852ms
[257.628s][info][gc,cpu         ] GC(710) User=0.34s Sys=0.00s Real=0.39s
[257.628s][info][gc,start       ] GC(711) Pause Full (Ergonomics)
[257.628s][info][gc,phases,start] GC(711) Marking Phase
[257.912s][info][gc,phases      ] GC(711) Marking Phase 283.410ms
[257.912s][info][gc,phases,start] GC(711) Summary Phase
[257.912s][info][gc,phases      ] GC(711) Summary Phase 0.103ms
[257.912s][info][gc,phases,start] GC(711) Adjust Roots
[257.912s][info][gc,phases      ] GC(711) Adjust Roots 0.223ms
[257.912s][info][gc,phases,start] GC(711) Compaction Phase
[258.007s][info][gc,phases      ] GC(711) Compaction Phase 94.780ms
[258.007s][info][gc,phases,start] GC(711) Post Compact
[258.009s][info][gc,phases      ] GC(711) Post Compact 1.543ms
[258.009s][info][gc,heap        ] GC(711) PSYoungGen: 33771K(77312K)->33771K(77312K) Eden: 24575K(24576K)->24575K(24576K) From: 9195K(52736K)->9195K(52736K)
[258.009s][info][gc,heap        ] GC(711) ParOldGen: 337311K(341504K)->337311K(341504K)
[258.009s][info][gc,metaspace   ] GC(711) Metaspace: 6296K(6464K)->6296K(6464K) NonClass: 5763K(5824K)->5763K(5824K) Class: 532K(640K)->532K(640K)
[258.009s][info][gc             ] GC(711) Pause Full (Ergonomics) 362M->362M(409M) 380.451ms
[258.009s][info][gc,cpu         ] GC(711) User=0.33s Sys=0.00s Real=0.38s
[258.009s][info][gc,start       ] GC(712) Pause Full (Ergonomics)
[258.009s][info][gc,phases,start] GC(712) Marking Phase
[258.294s][info][gc,phases      ] GC(712) Marking Phase 284.493ms
[258.294s][info][gc,phases,start] GC(712) Summary Phase
[258.294s][info][gc,phases      ] GC(712) Summary Phase 0.022ms
[258.294s][info][gc,phases,start] GC(712) Adjust Roots
[258.294s][info][gc,phases      ] GC(712) Adjust Roots 0.251ms
[258.294s][info][gc,phases,start] GC(712) Compaction Phase
[258.396s][info][gc,phases      ] GC(712) Compaction Phase 101.984ms
[258.396s][info][gc,phases,start] GC(712) Post Compact
[258.398s][info][gc,phases      ] GC(712) Post Compact 1.518ms
[258.398s][info][gc,heap        ] GC(712) PSYoungGen: 33771K(77312K)->33771K(77312K) Eden: 24575K(24576K)->24575K(24576K) From: 9195K(52736K)->9195K(52736K)
[258.398s][info][gc,heap        ] GC(712) ParOldGen: 337316K(341504K)->337316K(341504K)
[258.398s][info][gc,metaspace   ] GC(712) Metaspace: 6296K(6464K)->6296K(6464K) NonClass: 5763K(5824K)->5763K(5824K) Class: 532K(640K)->532K(640K)
[258.398s][info][gc             ] GC(712) Pause Full (Ergonomics) 362M->362M(409M) 388.604ms
[258.398s][info][gc,cpu         ] GC(712) User=0.33s Sys=0.00s Real=0.39s
[258.398s][info][gc,start       ] GC(713) Pause Full (Ergonomics)
[258.398s][info][gc,phases,start] GC(713) Marking Phase
[258.680s][info][gc,phases      ] GC(713) Marking Phase 282.142ms
[258.680s][info][gc,phases,start] GC(713) Summary Phase
[258.680s][info][gc,phases      ] GC(713) Summary Phase 0.023ms
[258.680s][info][gc,phases,start] GC(713) Adjust Roots
[258.681s][info][gc,phases      ] GC(713) Adjust Roots 0.219ms
[258.681s][info][gc,phases,start] GC(713) Compaction Phase
[258.776s][info][gc,phases      ] GC(713) Compaction Phase 95.821ms
[258.776s][info][gc,phases,start] GC(713) Post Compact
[258.778s][info][gc,phases      ] GC(713) Post Compact 1.561ms
[258.778s][info][gc,heap        ] GC(713) PSYoungGen: 33771K(77312K)->33771K(77312K) Eden: 24575K(24576K)->24575K(24576K) From: 9195K(52736K)->9195K(52736K)
[258.778s][info][gc,heap        ] GC(713) ParOldGen: 337320K(341504K)->337320K(341504K)
[258.778s][info][gc,metaspace   ] GC(713) Metaspace: 6296K(6464K)->6296K(6464K) NonClass: 5763K(5824K)->5763K(5824K) Class: 532K(640K)->532K(640K)
[258.778s][info][gc             ] GC(713) Pause Full (Ergonomics) 362M->362M(409M) 380.107ms
[258.778s][info][gc,cpu         ] GC(713) User=0.34s Sys=0.00s Real=0.38s
[258.778s][info][gc,start       ] GC(714) Pause Full (Ergonomics)
[258.778s][info][gc,phases,start] GC(714) Marking Phase
[259.061s][info][gc,phases      ] GC(714) Marking Phase 282.897ms
[259.061s][info][gc,phases,start] GC(714) Summary Phase
[259.061s][info][gc,phases      ] GC(714) Summary Phase 0.035ms
[259.061s][info][gc,phases,start] GC(714) Adjust Roots
[259.062s][info][gc,phases      ] GC(714) Adjust Roots 0.271ms
[259.062s][info][gc,phases,start] GC(714) Compaction Phase
[259.157s][info][gc,phases      ] GC(714) Compaction Phase 95.088ms
[259.157s][info][gc,phases,start] GC(714) Post Compact
[259.159s][info][gc,phases      ] GC(714) Post Compact 1.697ms
[259.159s][info][gc,heap        ] GC(714) PSYoungGen: 33771K(77312K)->33771K(77312K) Eden: 24575K(24576K)->24575K(24576K) From: 9195K(52736K)->9195K(52736K)
[259.159s][info][gc,heap        ] GC(714) ParOldGen: 337325K(341504K)->337325K(341504K)
[259.159s][info][gc,metaspace   ] GC(714) Metaspace: 6296K(6464K)->6296K(6464K) NonClass: 5763K(5824K)->5763K(5824K) Class: 532K(640K)->532K(640K)
[259.159s][info][gc             ] GC(714) Pause Full (Ergonomics) 362M->362M(409M) 380.397ms
[259.159s][info][gc,cpu         ] GC(714) User=0.36s Sys=0.00s Real=0.38s
[259.159s][info][gc,start       ] GC(715) Pause Full (Ergonomics)
[259.159s][info][gc,phases,start] GC(715) Marking Phase
[259.443s][info][gc,phases      ] GC(715) Marking Phase 283.628ms
[259.443s][info][gc,phases,start] GC(715) Summary Phase
[259.443s][info][gc,phases      ] GC(715) Summary Phase 0.017ms
[259.443s][info][gc,phases,start] GC(715) Adjust Roots
[259.443s][info][gc,phases      ] GC(715) Adjust Roots 0.179ms
[259.443s][info][gc,phases,start] GC(715) Compaction Phase
[259.540s][info][gc,phases      ] GC(715) Compaction Phase 96.578ms
[259.540s][info][gc,phases,start] GC(715) Post Compact
[259.541s][info][gc,phases      ] GC(715) Post Compact 1.558ms
[259.541s][info][gc,heap        ] GC(715) PSYoungGen: 33771K(77312K)->33771K(77312K) Eden: 24575K(24576K)->24575K(24576K) From: 9195K(52736K)->9195K(52736K)
[259.541s][info][gc,heap        ] GC(715) ParOldGen: 337330K(341504K)->337330K(341504K)
[259.541s][info][gc,metaspace   ] GC(715) Metaspace: 6296K(6464K)->6296K(6464K) NonClass: 5763K(5824K)->5763K(5824K) Class: 532K(640K)->532K(640K)
[259.541s][info][gc             ] GC(715) Pause Full (Ergonomics) 362M->362M(409M) 382.269ms
[259.541s][info][gc,cpu         ] GC(715) User=0.36s Sys=0.00s Real=0.38s
[259.542s][info][gc,start       ] GC(716) Pause Full (Ergonomics)
[259.542s][info][gc,phases,start] GC(716) Marking Phase
[259.826s][info][gc,phases      ] GC(716) Marking Phase 284.420ms
[259.826s][info][gc,phases,start] GC(716) Summary Phase
[259.826s][info][gc,phases      ] GC(716) Summary Phase 0.022ms
[259.826s][info][gc,phases,start] GC(716) Adjust Roots
[259.826s][info][gc,phases      ] GC(716) Adjust Roots 0.218ms
[259.826s][info][gc,phases,start] GC(716) Compaction Phase
[259.922s][info][gc,phases      ] GC(716) Compaction Phase 95.666ms
[259.922s][info][gc,phases,start] GC(716) Post Compact
[259.924s][info][gc,phases      ] GC(716) Post Compact 1.522ms
[259.924s][info][gc,heap        ] GC(716) PSYoungGen: 33771K(77312K)->33771K(77312K) Eden: 24575K(24576K)->24575K(24576K) From: 9195K(52736K)->9195K(52736K)
[259.924s][info][gc,heap        ] GC(716) ParOldGen: 337334K(341504K)->337334K(341504K)
[259.924s][info][gc,metaspace   ] GC(716) Metaspace: 6296K(6464K)->6296K(6464K) NonClass: 5763K(5824K)->5763K(5824K) Class: 532K(640K)->532K(640K)
[259.924s][info][gc             ] GC(716) Pause Full (Ergonomics) 362M->362M(409M) 382.204ms
[259.924s][info][gc,cpu         ] GC(716) User=0.34s Sys=0.00s Real=0.38s
[259.924s][info][gc,start       ] GC(717) Pause Full (Ergonomics)
[259.924s][info][gc,phases,start] GC(717) Marking Phase
[260.206s][info][gc,phases      ] GC(717) Marking Phase 281.918ms
[260.206s][info][gc,phases,start] GC(717) Summary Phase
[260.206s][info][gc,phases      ] GC(717) Summary Phase 0.034ms
[260.206s][info][gc,phases,start] GC(717) Adjust Roots
[260.207s][info][gc,phases      ] GC(717) Adjust Roots 0.273ms
[260.207s][info][gc,phases,start] GC(717) Compaction Phase
[260.302s][info][gc,phases      ] GC(717) Compaction Phase 95.705ms
[260.302s][info][gc,phases,start] GC(717) Post Compact
[260.304s][info][gc,phases      ] GC(717) Post Compact 1.557ms
[260.304s][info][gc,heap        ] GC(717) PSYoungGen: 33771K(77312K)->33771K(77312K) Eden: 24575K(24576K)->24575K(24576K) From: 9195K(52736K)->9195K(52736K)
[260.304s][info][gc,heap        ] GC(717) ParOldGen: 337339K(341504K)->337339K(341504K)
[260.304s][info][gc,metaspace   ] GC(717) Metaspace: 6296K(6464K)->6296K(6464K) NonClass: 5763K(5824K)->5763K(5824K) Class: 532K(640K)->532K(640K)
[260.304s][info][gc             ] GC(717) Pause Full (Ergonomics) 362M->362M(409M) 380.045ms
[260.304s][info][gc,cpu         ] GC(717) User=0.38s Sys=0.00s Real=0.38s
[260.304s][info][gc,start       ] GC(718) Pause Full (Ergonomics)
[260.304s][info][gc,phases,start] GC(718) Marking Phase
[260.587s][info][gc,phases      ] GC(718) Marking Phase 282.569ms
[260.587s][info][gc,phases,start] GC(718) Summary Phase
[260.587s][info][gc,phases      ] GC(718) Summary Phase 0.022ms
[260.587s][info][gc,phases,start] GC(718) Adjust Roots
[260.587s][info][gc,phases      ] GC(718) Adjust Roots 0.183ms
[260.587s][info][gc,phases,start] GC(718) Compaction Phase
[260.684s][info][gc,phases      ] GC(718) Compaction Phase 96.432ms
[260.684s][info][gc,phases,start] GC(718) Post Compact
[260.685s][info][gc,phases      ] GC(718) Post Compact 1.551ms
[260.685s][info][gc,heap        ] GC(718) PSYoungGen: 33771K(77312K)->33771K(77312K) Eden: 24575K(24576K)->24575K(24576K) From: 9195K(52736K)->9195K(52736K)
[260.685s][info][gc,heap        ] GC(718) ParOldGen: 337344K(341504K)->337344K(341504K)
[260.686s][info][gc,metaspace   ] GC(718) Metaspace: 6296K(6464K)->6296K(6464K) NonClass: 5763K(5824K)->5763K(5824K) Class: 532K(640K)->532K(640K)
[260.686s][info][gc             ] GC(718) Pause Full (Ergonomics) 362M->362M(409M) 381.080ms
[260.686s][info][gc,cpu         ] GC(718) User=0.34s Sys=0.00s Real=0.38s
[260.686s][info][gc,start       ] GC(719) Pause Full (Ergonomics)
[260.686s][info][gc,phases,start] GC(719) Marking Phase
[260.970s][info][gc,phases      ] GC(719) Marking Phase 283.986ms
[260.970s][info][gc,phases,start] GC(719) Summary Phase
[260.970s][info][gc,phases      ] GC(719) Summary Phase 0.035ms
[260.970s][info][gc,phases,start] GC(719) Adjust Roots
[260.970s][info][gc,phases      ] GC(719) Adjust Roots 0.303ms
[260.970s][info][gc,phases,start] GC(719) Compaction Phase
[261.065s][info][gc,phases      ] GC(719) Compaction Phase 94.716ms
[261.065s][info][gc,phases,start] GC(719) Post Compact
[261.067s][info][gc,phases      ] GC(719) Post Compact 1.556ms
[261.067s][info][gc,heap        ] GC(719) PSYoungGen: 33771K(77312K)->33771K(77312K) Eden: 24575K(24576K)->24575K(24576K) From: 9195K(52736K)->9195K(52736K)
[261.067s][info][gc,heap        ] GC(719) ParOldGen: 337348K(341504K)->337348K(341504K)
[261.067s][info][gc,metaspace   ] GC(719) Metaspace: 6296K(6464K)->6296K(6464K) NonClass: 5763K(5824K)->5763K(5824K) Class: 532K(640K)->532K(640K)
[261.067s][info][gc             ] GC(719) Pause Full (Ergonomics) 362M->362M(409M) 380.983ms
[261.067s][info][gc,cpu         ] GC(719) User=0.34s Sys=0.00s Real=0.38s
[261.067s][info][gc,start       ] GC(720) Pause Full (Ergonomics)
[261.067s][info][gc,phases,start] GC(720) Marking Phase
[261.350s][info][gc,phases      ] GC(720) Marking Phase 282.974ms
[261.350s][info][gc,phases,start] GC(720) Summary Phase
[261.350s][info][gc,phases      ] GC(720) Summary Phase 0.023ms
[261.350s][info][gc,phases,start] GC(720) Adjust Roots
[261.350s][info][gc,phases      ] GC(720) Adjust Roots 0.244ms
[261.350s][info][gc,phases,start] GC(720) Compaction Phase
[261.446s][info][gc,phases      ] GC(720) Compaction Phase 95.195ms
[261.446s][info][gc,phases,start] GC(720) Post Compact
[261.447s][info][gc,phases      ] GC(720) Post Compact 1.523ms
[261.447s][info][gc,heap        ] GC(720) PSYoungGen: 33771K(77312K)->33771K(77312K) Eden: 24575K(24576K)->24575K(24576K) From: 9195K(52736K)->9195K(52736K)
[261.447s][info][gc,heap        ] GC(720) ParOldGen: 337353K(341504K)->337353K(341504K)
[261.447s][info][gc,metaspace   ] GC(720) Metaspace: 6296K(6464K)->6296K(6464K) NonClass: 5763K(5824K)->5763K(5824K) Class: 532K(640K)->532K(640K)
[261.447s][info][gc             ] GC(720) Pause Full (Ergonomics) 362M->362M(409M) 380.354ms
[261.447s][info][gc,cpu         ] GC(720) User=0.34s Sys=0.02s Real=0.38s
[261.448s][info][gc,start       ] GC(721) Pause Full (Ergonomics)
[261.448s][info][gc,phases,start] GC(721) Marking Phase
[261.752s][info][gc,phases      ] GC(721) Marking Phase 304.503ms
[261.752s][info][gc,phases,start] GC(721) Summary Phase
[261.752s][info][gc,phases      ] GC(721) Summary Phase 0.024ms
[261.752s][info][gc,phases,start] GC(721) Adjust Roots
[261.752s][info][gc,phases      ] GC(721) Adjust Roots 0.192ms
[261.753s][info][gc,phases,start] GC(721) Compaction Phase
[261.850s][info][gc,phases      ] GC(721) Compaction Phase 97.325ms
[261.850s][info][gc,phases,start] GC(721) Post Compact
[261.851s][info][gc,phases      ] GC(721) Post Compact 1.512ms
[261.852s][info][gc,heap        ] GC(721) PSYoungGen: 33771K(77312K)->33771K(77312K) Eden: 24575K(24576K)->24575K(24576K) From: 9195K(52736K)->9195K(52736K)
[261.852s][info][gc,heap        ] GC(721) ParOldGen: 337358K(341504K)->337358K(341504K)
[261.852s][info][gc,metaspace   ] GC(721) Metaspace: 6296K(6464K)->6296K(6464K) NonClass: 5763K(5824K)->5763K(5824K) Class: 532K(640K)->532K(640K)
[261.852s][info][gc             ] GC(721) Pause Full (Ergonomics) 362M->362M(409M) 403.888ms
[261.852s][info][gc,cpu         ] GC(721) User=0.34s Sys=0.00s Real=0.40s
[261.852s][info][gc,start       ] GC(722) Pause Full (Ergonomics)
[261.852s][info][gc,phases,start] GC(722) Marking Phase
[262.136s][info][gc,phases      ] GC(722) Marking Phase 283.773ms
[262.136s][info][gc,phases,start] GC(722) Summary Phase
[262.136s][info][gc,phases      ] GC(722) Summary Phase 0.018ms
[262.136s][info][gc,phases,start] GC(722) Adjust Roots
[262.136s][info][gc,phases      ] GC(722) Adjust Roots 0.298ms
[262.136s][info][gc,phases,start] GC(722) Compaction Phase
[262.234s][info][gc,phases      ] GC(722) Compaction Phase 97.625ms
[262.234s][info][gc,phases,start] GC(722) Post Compact
[262.235s][info][gc,phases      ] GC(722) Post Compact 1.514ms
[262.235s][info][gc,heap        ] GC(722) PSYoungGen: 33771K(77312K)->33771K(77312K) Eden: 24575K(24576K)->24575K(24576K) From: 9195K(52736K)->9195K(52736K)
[262.235s][info][gc,heap        ] GC(722) ParOldGen: 337362K(341504K)->337362K(341504K)
[262.235s][info][gc,metaspace   ] GC(722) Metaspace: 6296K(6464K)->6296K(6464K) NonClass: 5763K(5824K)->5763K(5824K) Class: 532K(640K)->532K(640K)
[262.235s][info][gc             ] GC(722) Pause Full (Ergonomics) 362M->362M(409M) 383.573ms
[262.235s][info][gc,cpu         ] GC(722) User=0.34s Sys=0.00s Real=0.38s
[262.236s][info][gc,start       ] GC(723) Pause Full (Ergonomics)
[262.236s][info][gc,phases,start] GC(723) Marking Phase
[262.519s][info][gc,phases      ] GC(723) Marking Phase 283.725ms
[262.519s][info][gc,phases,start] GC(723) Summary Phase
[262.519s][info][gc,phases      ] GC(723) Summary Phase 0.018ms
[262.519s][info][gc,phases,start] GC(723) Adjust Roots
[262.520s][info][gc,phases      ] GC(723) Adjust Roots 0.311ms
[262.520s][info][gc,phases,start] GC(723) Compaction Phase
[262.615s][info][gc,phases      ] GC(723) Compaction Phase 95.405ms
[262.615s][info][gc,phases,start] GC(723) Post Compact
[262.617s][info][gc,phases      ] GC(723) Post Compact 1.505ms
[262.617s][info][gc,heap        ] GC(723) PSYoungGen: 33771K(77312K)->33771K(77312K) Eden: 24575K(24576K)->24575K(24576K) From: 9195K(52736K)->9195K(52736K)
[262.617s][info][gc,heap        ] GC(723) ParOldGen: 337367K(341504K)->337367K(341504K)
[262.617s][info][gc,metaspace   ] GC(723) Metaspace: 6296K(6464K)->6296K(6464K) NonClass: 5763K(5824K)->5763K(5824K) Class: 532K(640K)->532K(640K)
[262.617s][info][gc             ] GC(723) Pause Full (Ergonomics) 362M->362M(409M) 381.325ms
[262.617s][info][gc,cpu         ] GC(723) User=0.36s Sys=0.00s Real=0.38s
[262.617s][info][gc,start       ] GC(724) Pause Full (Ergonomics)
[262.617s][info][gc,phases,start] GC(724) Marking Phase
[262.901s][info][gc,phases      ] GC(724) Marking Phase 283.709ms
[262.901s][info][gc,phases,start] GC(724) Summary Phase
[262.901s][info][gc,phases      ] GC(724) Summary Phase 0.022ms
[262.901s][info][gc,phases,start] GC(724) Adjust Roots
[262.901s][info][gc,phases      ] GC(724) Adjust Roots 0.195ms
[262.901s][info][gc,phases,start] GC(724) Compaction Phase
[262.996s][info][gc,phases      ] GC(724) Compaction Phase 95.151ms
[262.996s][info][gc,phases,start] GC(724) Post Compact
[262.998s][info][gc,phases      ] GC(724) Post Compact 1.528ms
[262.998s][info][gc,heap        ] GC(724) PSYoungGen: 33771K(77312K)->33771K(77312K) Eden: 24575K(24576K)->24575K(24576K) From: 9195K(52736K)->9195K(52736K)
[262.998s][info][gc,heap        ] GC(724) ParOldGen: 337372K(341504K)->337372K(341504K)
[262.998s][info][gc,metaspace   ] GC(724) Metaspace: 6296K(6464K)->6296K(6464K) NonClass: 5763K(5824K)->5763K(5824K) Class: 532K(640K)->532K(640K)
[262.998s][info][gc             ] GC(724) Pause Full (Ergonomics) 362M->362M(409M) 380.938ms
[262.998s][info][gc,cpu         ] GC(724) User=0.34s Sys=0.00s Real=0.38s
[262.998s][info][gc,start       ] GC(725) Pause Full (Ergonomics)
[262.998s][info][gc,phases,start] GC(725) Marking Phase
[263.281s][info][gc,phases      ] GC(725) Marking Phase 282.659ms
[263.281s][info][gc,phases,start] GC(725) Summary Phase
[263.281s][info][gc,phases      ] GC(725) Summary Phase 0.023ms
[263.281s][info][gc,phases,start] GC(725) Adjust Roots
[263.281s][info][gc,phases      ] GC(725) Adjust Roots 0.221ms
[263.281s][info][gc,phases,start] GC(725) Compaction Phase
[263.376s][info][gc,phases      ] GC(725) Compaction Phase 94.523ms
[263.376s][info][gc,phases,start] GC(725) Post Compact
[263.378s][info][gc,phases      ] GC(725) Post Compact 1.520ms
[263.378s][info][gc,heap        ] GC(725) PSYoungGen: 33771K(77312K)->33771K(77312K) Eden: 24575K(24576K)->24575K(24576K) From: 9195K(52736K)->9195K(52736K)
[263.378s][info][gc,heap        ] GC(725) ParOldGen: 337376K(341504K)->337376K(341504K)
[263.378s][info][gc,metaspace   ] GC(725) Metaspace: 6296K(6464K)->6296K(6464K) NonClass: 5763K(5824K)->5763K(5824K) Class: 532K(640K)->532K(640K)
[263.378s][info][gc             ] GC(725) Pause Full (Ergonomics) 362M->362M(409M) 379.270ms
[263.378s][info][gc,cpu         ] GC(725) User=0.36s Sys=0.00s Real=0.38s
[263.378s][info][gc,start       ] GC(726) Pause Full (Ergonomics)
[263.378s][info][gc,phases,start] GC(726) Marking Phase
[263.669s][info][gc,phases      ] GC(726) Marking Phase 290.674ms
[263.669s][info][gc,phases,start] GC(726) Summary Phase
[263.669s][info][gc,phases      ] GC(726) Summary Phase 0.023ms
[263.669s][info][gc,phases,start] GC(726) Adjust Roots
[263.669s][info][gc,phases      ] GC(726) Adjust Roots 0.249ms
[263.669s][info][gc,phases,start] GC(726) Compaction Phase
[263.772s][info][gc,phases      ] GC(726) Compaction Phase 102.935ms
[263.772s][info][gc,phases,start] GC(726) Post Compact
[263.773s][info][gc,phases      ] GC(726) Post Compact 1.518ms
[263.774s][info][gc,heap        ] GC(726) PSYoungGen: 33771K(77312K)->33771K(77312K) Eden: 24575K(24576K)->24575K(24576K) From: 9195K(52736K)->9195K(52736K)
[263.774s][info][gc,heap        ] GC(726) ParOldGen: 337381K(341504K)->337381K(341504K)
[263.774s][info][gc,metaspace   ] GC(726) Metaspace: 6296K(6464K)->6296K(6464K) NonClass: 5763K(5824K)->5763K(5824K) Class: 532K(640K)->532K(640K)
[263.774s][info][gc             ] GC(726) Pause Full (Ergonomics) 362M->362M(409M) 395.729ms
[263.774s][info][gc,cpu         ] GC(726) User=0.36s Sys=0.00s Real=0.40s
[263.774s][info][gc,start       ] GC(727) Pause Full (Ergonomics)
[263.774s][info][gc,phases,start] GC(727) Marking Phase
[264.060s][info][gc,phases      ] GC(727) Marking Phase 285.486ms
[264.060s][info][gc,phases,start] GC(727) Summary Phase
[264.060s][info][gc,phases      ] GC(727) Summary Phase 0.023ms
[264.060s][info][gc,phases,start] GC(727) Adjust Roots
[264.060s][info][gc,phases      ] GC(727) Adjust Roots 0.184ms
[264.060s][info][gc,phases,start] GC(727) Compaction Phase
[264.155s][info][gc,phases      ] GC(727) Compaction Phase 95.272ms
[264.155s][info][gc,phases,start] GC(727) Post Compact
[264.157s][info][gc,phases      ] GC(727) Post Compact 1.526ms
[264.157s][info][gc,heap        ] GC(727) PSYoungGen: 33771K(77312K)->33771K(77312K) Eden: 24575K(24576K)->24575K(24576K) From: 9195K(52736K)->9195K(52736K)
[264.157s][info][gc,heap        ] GC(727) ParOldGen: 337386K(341504K)->337386K(341504K)
[264.157s][info][gc,metaspace   ] GC(727) Metaspace: 6296K(6464K)->6296K(6464K) NonClass: 5763K(5824K)->5763K(5824K) Class: 532K(640K)->532K(640K)
[264.157s][info][gc             ] GC(727) Pause Full (Ergonomics) 362M->362M(409M) 382.860ms
[264.157s][info][gc,cpu         ] GC(727) User=0.36s Sys=0.00s Real=0.38s
[264.157s][info][gc,start       ] GC(728) Pause Full (Ergonomics)
[264.157s][info][gc,phases,start] GC(728) Marking Phase
[264.441s][info][gc,phases      ] GC(728) Marking Phase 283.799ms
[264.441s][info][gc,phases,start] GC(728) Summary Phase
[264.441s][info][gc,phases      ] GC(728) Summary Phase 0.021ms
[264.441s][info][gc,phases,start] GC(728) Adjust Roots
[264.441s][info][gc,phases      ] GC(728) Adjust Roots 0.250ms
[264.441s][info][gc,phases,start] GC(728) Compaction Phase
[264.539s][info][gc,phases      ] GC(728) Compaction Phase 97.475ms
[264.539s][info][gc,phases,start] GC(728) Post Compact
[264.541s][info][gc,phases      ] GC(728) Post Compact 1.782ms
[264.541s][info][gc,heap        ] GC(728) PSYoungGen: 33771K(77312K)->33771K(77312K) Eden: 24575K(24576K)->24575K(24576K) From: 9195K(52736K)->9195K(52736K)
[264.541s][info][gc,heap        ] GC(728) ParOldGen: 337390K(341504K)->337390K(341504K)
[264.541s][info][gc,metaspace   ] GC(728) Metaspace: 6296K(6464K)->6296K(6464K) NonClass: 5763K(5824K)->5763K(5824K) Class: 532K(640K)->532K(640K)
[264.541s][info][gc             ] GC(728) Pause Full (Ergonomics) 362M->362M(409M) 383.713ms
[264.541s][info][gc,cpu         ] GC(728) User=0.38s Sys=0.00s Real=0.38s
[264.541s][info][gc,start       ] GC(729) Pause Full (Ergonomics)
[264.541s][info][gc,phases,start] GC(729) Marking Phase
[264.822s][info][gc,phases      ] GC(729) Marking Phase 280.667ms
[264.822s][info][gc,phases,start] GC(729) Summary Phase
[264.822s][info][gc,phases      ] GC(729) Summary Phase 0.023ms
[264.822s][info][gc,phases,start] GC(729) Adjust Roots
[264.822s][info][gc,phases      ] GC(729) Adjust Roots 0.227ms
[264.822s][info][gc,phases,start] GC(729) Compaction Phase
[264.917s][info][gc,phases      ] GC(729) Compaction Phase 95.168ms
[264.918s][info][gc,phases,start] GC(729) Post Compact
[264.919s][info][gc,phases      ] GC(729) Post Compact 1.523ms
[264.919s][info][gc,heap        ] GC(729) PSYoungGen: 33771K(77312K)->33771K(77312K) Eden: 24575K(24576K)->24575K(24576K) From: 9195K(52736K)->9195K(52736K)
[264.919s][info][gc,heap        ] GC(729) ParOldGen: 337395K(341504K)->337395K(341504K)
[264.919s][info][gc,metaspace   ] GC(729) Metaspace: 6296K(6464K)->6296K(6464K) NonClass: 5763K(5824K)->5763K(5824K) Class: 532K(640K)->532K(640K)
[264.919s][info][gc             ] GC(729) Pause Full (Ergonomics) 362M->362M(409M) 377.971ms
[264.919s][info][gc,cpu         ] GC(729) User=0.36s Sys=0.00s Real=0.38s
[264.919s][info][gc,start       ] GC(730) Pause Full (Ergonomics)
[264.919s][info][gc,phases,start] GC(730) Marking Phase
[265.205s][info][gc,phases      ] GC(730) Marking Phase 285.880ms
[265.205s][info][gc,phases,start] GC(730) Summary Phase
[265.205s][info][gc,phases      ] GC(730) Summary Phase 0.017ms
[265.205s][info][gc,phases,start] GC(730) Adjust Roots
[265.206s][info][gc,phases      ] GC(730) Adjust Roots 0.207ms
[265.206s][info][gc,phases,start] GC(730) Compaction Phase
[265.302s][info][gc,phases      ] GC(730) Compaction Phase 96.725ms
[265.302s][info][gc,phases,start] GC(730) Post Compact
[265.304s][info][gc,phases      ] GC(730) Post Compact 1.540ms
[265.304s][info][gc,heap        ] GC(730) PSYoungGen: 33771K(77312K)->33771K(77312K) Eden: 24575K(24576K)->24575K(24576K) From: 9195K(52736K)->9195K(52736K)
[265.304s][info][gc,heap        ] GC(730) ParOldGen: 337400K(341504K)->337400K(341504K)
[265.304s][info][gc,metaspace   ] GC(730) Metaspace: 6296K(6464K)->6296K(6464K) NonClass: 5763K(5824K)->5763K(5824K) Class: 532K(640K)->532K(640K)
[265.304s][info][gc             ] GC(730) Pause Full (Ergonomics) 362M->362M(409M) 384.682ms
[265.304s][info][gc,cpu         ] GC(730) User=0.36s Sys=0.02s Real=0.38s
[265.305s][info][gc,start       ] GC(731) Pause Full (Ergonomics)
[265.305s][info][gc,phases,start] GC(731) Marking Phase
[265.586s][info][gc,phases      ] GC(731) Marking Phase 281.536ms
[265.586s][info][gc,phases,start] GC(731) Summary Phase
[265.586s][info][gc,phases      ] GC(731) Summary Phase 0.022ms
[265.586s][info][gc,phases,start] GC(731) Adjust Roots
[265.587s][info][gc,phases      ] GC(731) Adjust Roots 0.222ms
[265.587s][info][gc,phases,start] GC(731) Compaction Phase
[265.682s][info][gc,phases      ] GC(731) Compaction Phase 95.462ms
[265.682s][info][gc,phases,start] GC(731) Post Compact
[265.684s][info][gc,phases      ] GC(731) Post Compact 1.726ms
[265.684s][info][gc,heap        ] GC(731) PSYoungGen: 33771K(77312K)->33771K(77312K) Eden: 24575K(24576K)->24575K(24576K) From: 9195K(52736K)->9195K(52736K)
[265.684s][info][gc,heap        ] GC(731) ParOldGen: 337404K(341504K)->337404K(341504K)
[265.684s][info][gc,metaspace   ] GC(731) Metaspace: 6296K(6464K)->6296K(6464K) NonClass: 5763K(5824K)->5763K(5824K) Class: 532K(640K)->532K(640K)
[265.684s][info][gc             ] GC(731) Pause Full (Ergonomics) 362M->362M(409M) 379.332ms
[265.684s][info][gc,cpu         ] GC(731) User=0.36s Sys=0.00s Real=0.38s
[265.684s][info][gc,start       ] GC(732) Pause Full (Ergonomics)
[265.684s][info][gc,phases,start] GC(732) Marking Phase
[265.967s][info][gc,phases      ] GC(732) Marking Phase 282.839ms
[265.967s][info][gc,phases,start] GC(732) Summary Phase
[265.967s][info][gc,phases      ] GC(732) Summary Phase 0.023ms
[265.967s][info][gc,phases,start] GC(732) Adjust Roots
[265.967s][info][gc,phases      ] GC(732) Adjust Roots 0.212ms
[265.967s][info][gc,phases,start] GC(732) Compaction Phase
[266.062s][info][gc,phases      ] GC(732) Compaction Phase 94.671ms
[266.062s][info][gc,phases,start] GC(732) Post Compact
[266.064s][info][gc,phases      ] GC(732) Post Compact 1.556ms
[266.064s][info][gc,heap        ] GC(732) PSYoungGen: 33771K(77312K)->33771K(77312K) Eden: 24575K(24576K)->24575K(24576K) From: 9195K(52736K)->9195K(52736K)
[266.064s][info][gc,heap        ] GC(732) ParOldGen: 337409K(341504K)->337409K(341504K)
[266.064s][info][gc,metaspace   ] GC(732) Metaspace: 6296K(6464K)->6296K(6464K) NonClass: 5763K(5824K)->5763K(5824K) Class: 532K(640K)->532K(640K)
[266.064s][info][gc             ] GC(732) Pause Full (Ergonomics) 362M->362M(409M) 379.663ms
[266.064s][info][gc,cpu         ] GC(732) User=0.36s Sys=0.00s Real=0.38s
[266.064s][info][gc,start       ] GC(733) Pause Full (Ergonomics)
[266.064s][info][gc,phases,start] GC(733) Marking Phase
[266.348s][info][gc,phases      ] GC(733) Marking Phase 283.726ms
[266.348s][info][gc,phases,start] GC(733) Summary Phase
[266.348s][info][gc,phases      ] GC(733) Summary Phase 0.023ms
[266.348s][info][gc,phases,start] GC(733) Adjust Roots
[266.348s][info][gc,phases      ] GC(733) Adjust Roots 0.209ms
[266.348s][info][gc,phases,start] GC(733) Compaction Phase
[266.444s][info][gc,phases      ] GC(733) Compaction Phase 95.588ms
[266.444s][info][gc,phases,start] GC(733) Post Compact
[266.446s][info][gc,phases      ] GC(733) Post Compact 1.517ms
[266.446s][info][gc,heap        ] GC(733) PSYoungGen: 33771K(77312K)->33771K(77312K) Eden: 24575K(24576K)->24575K(24576K) From: 9195K(52736K)->9195K(52736K)
[266.446s][info][gc,heap        ] GC(733) ParOldGen: 337414K(341504K)->337414K(341504K)
[266.446s][info][gc,metaspace   ] GC(733) Metaspace: 6296K(6464K)->6296K(6464K) NonClass: 5763K(5824K)->5763K(5824K) Class: 532K(640K)->532K(640K)
[266.446s][info][gc             ] GC(733) Pause Full (Ergonomics) 362M->362M(409M) 381.418ms
[266.446s][info][gc,cpu         ] GC(733) User=0.39s Sys=0.00s Real=0.38s
[266.446s][info][gc,start       ] GC(734) Pause Full (Ergonomics)
[266.446s][info][gc,phases,start] GC(734) Marking Phase
[266.730s][info][gc,phases      ] GC(734) Marking Phase 283.698ms
[266.730s][info][gc,phases,start] GC(734) Summary Phase
[266.730s][info][gc,phases      ] GC(734) Summary Phase 0.043ms
[266.730s][info][gc,phases,start] GC(734) Adjust Roots
[266.730s][info][gc,phases      ] GC(734) Adjust Roots 0.228ms
[266.730s][info][gc,phases,start] GC(734) Compaction Phase
[266.826s][info][gc,phases      ] GC(734) Compaction Phase 95.460ms
[266.826s][info][gc,phases,start] GC(734) Post Compact
[266.827s][info][gc,phases      ] GC(734) Post Compact 1.561ms
[266.827s][info][gc,heap        ] GC(734) PSYoungGen: 33771K(77312K)->33771K(77312K) Eden: 24575K(24576K)->24575K(24576K) From: 9195K(52736K)->9195K(52736K)
[266.827s][info][gc,heap        ] GC(734) ParOldGen: 337418K(341504K)->337418K(341504K)
[266.827s][info][gc,metaspace   ] GC(734) Metaspace: 6296K(6464K)->6296K(6464K) NonClass: 5763K(5824K)->5763K(5824K) Class: 532K(640K)->532K(640K)
[266.828s][info][gc             ] GC(734) Pause Full (Ergonomics) 362M->362M(409M) 381.365ms
[266.828s][info][gc,cpu         ] GC(734) User=0.34s Sys=0.00s Real=0.38s
[266.828s][info][gc,start       ] GC(735) Pause Full (Ergonomics)
[266.828s][info][gc,phases,start] GC(735) Marking Phase
[267.113s][info][gc,phases      ] GC(735) Marking Phase 284.786ms
[267.113s][info][gc,phases,start] GC(735) Summary Phase
[267.113s][info][gc,phases      ] GC(735) Summary Phase 0.019ms
[267.113s][info][gc,phases,start] GC(735) Adjust Roots
[267.113s][info][gc,phases      ] GC(735) Adjust Roots 0.244ms
[267.113s][info][gc,phases,start] GC(735) Compaction Phase
[267.209s][info][gc,phases      ] GC(735) Compaction Phase 96.476ms
[267.210s][info][gc,phases,start] GC(735) Post Compact
[267.211s][info][gc,phases      ] GC(735) Post Compact 1.537ms
[267.211s][info][gc,heap        ] GC(735) PSYoungGen: 33771K(77312K)->33771K(77312K) Eden: 24575K(24576K)->24575K(24576K) From: 9195K(52736K)->9195K(52736K)
[267.211s][info][gc,heap        ] GC(735) ParOldGen: 337423K(341504K)->337423K(341504K)
[267.211s][info][gc,metaspace   ] GC(735) Metaspace: 6296K(6464K)->6296K(6464K) NonClass: 5763K(5824K)->5763K(5824K) Class: 532K(640K)->532K(640K)
[267.211s][info][gc             ] GC(735) Pause Full (Ergonomics) 362M->362M(409M) 383.400ms
[267.211s][info][gc,cpu         ] GC(735) User=0.38s Sys=0.00s Real=0.38s
[267.211s][info][gc,start       ] GC(736) Pause Full (Ergonomics)
[267.211s][info][gc,phases,start] GC(736) Marking Phase
[267.495s][info][gc,phases      ] GC(736) Marking Phase 283.093ms
[267.495s][info][gc,phases,start] GC(736) Summary Phase
[267.495s][info][gc,phases      ] GC(736) Summary Phase 0.022ms
[267.495s][info][gc,phases,start] GC(736) Adjust Roots
[267.495s][info][gc,phases      ] GC(736) Adjust Roots 0.185ms
[267.495s][info][gc,phases,start] GC(736) Compaction Phase
[267.590s][info][gc,phases      ] GC(736) Compaction Phase 94.855ms
[267.590s][info][gc,phases,start] GC(736) Post Compact
[267.591s][info][gc,phases      ] GC(736) Post Compact 1.548ms
[267.591s][info][gc,heap        ] GC(736) PSYoungGen: 33771K(77312K)->33771K(77312K) Eden: 24575K(24576K)->24575K(24576K) From: 9195K(52736K)->9195K(52736K)
[267.591s][info][gc,heap        ] GC(736) ParOldGen: 337428K(341504K)->337428K(341504K)
[267.591s][info][gc,metaspace   ] GC(736) Metaspace: 6296K(6464K)->6296K(6464K) NonClass: 5763K(5824K)->5763K(5824K) Class: 532K(640K)->532K(640K)
[267.591s][info][gc             ] GC(736) Pause Full (Ergonomics) 362M->362M(409M) 380.032ms
[267.591s][info][gc,cpu         ] GC(736) User=0.34s Sys=0.00s Real=0.38s
[267.592s][info][gc,start       ] GC(737) Pause Full (Ergonomics)
[267.592s][info][gc,phases,start] GC(737) Marking Phase
[267.875s][info][gc,phases      ] GC(737) Marking Phase 283.714ms
[267.876s][info][gc,phases,start] GC(737) Summary Phase
[267.876s][info][gc,phases      ] GC(737) Summary Phase 0.035ms
[267.876s][info][gc,phases,start] GC(737) Adjust Roots
[267.876s][info][gc,phases      ] GC(737) Adjust Roots 0.243ms
[267.876s][info][gc,phases,start] GC(737) Compaction Phase
[267.971s][info][gc,phases      ] GC(737) Compaction Phase 94.904ms
[267.971s][info][gc,phases,start] GC(737) Post Compact
[267.972s][info][gc,phases      ] GC(737) Post Compact 1.548ms
[267.973s][info][gc,heap        ] GC(737) PSYoungGen: 33771K(77312K)->33771K(77312K) Eden: 24575K(24576K)->24575K(24576K) From: 9195K(52736K)->9195K(52736K)
[267.973s][info][gc,heap        ] GC(737) ParOldGen: 337432K(341504K)->337432K(341504K)
[267.973s][info][gc,metaspace   ] GC(737) Metaspace: 6296K(6464K)->6296K(6464K) NonClass: 5763K(5824K)->5763K(5824K) Class: 532K(640K)->532K(640K)
[267.973s][info][gc             ] GC(737) Pause Full (Ergonomics) 362M->362M(409M) 380.839ms
[267.973s][info][gc,cpu         ] GC(737) User=0.34s Sys=0.00s Real=0.38s
[267.973s][info][gc,start       ] GC(738) Pause Full (Ergonomics)
[267.973s][info][gc,phases,start] GC(738) Marking Phase
[268.256s][info][gc,phases      ] GC(738) Marking Phase 283.251ms
[268.256s][info][gc,phases,start] GC(738) Summary Phase
[268.256s][info][gc,phases      ] GC(738) Summary Phase 0.035ms
[268.256s][info][gc,phases,start] GC(738) Adjust Roots
[268.257s][info][gc,phases      ] GC(738) Adjust Roots 0.263ms
[268.257s][info][gc,phases,start] GC(738) Compaction Phase
[268.352s][info][gc,phases      ] GC(738) Compaction Phase 95.195ms
[268.352s][info][gc,phases,start] GC(738) Post Compact
[268.353s][info][gc,phases      ] GC(738) Post Compact 1.532ms
[268.353s][info][gc,heap        ] GC(738) PSYoungGen: 33771K(77312K)->33771K(77312K) Eden: 24575K(24576K)->24575K(24576K) From: 9195K(52736K)->9195K(52736K)
[268.353s][info][gc,heap        ] GC(738) ParOldGen: 337437K(341504K)->337437K(341504K)
[268.353s][info][gc,metaspace   ] GC(738) Metaspace: 6296K(6464K)->6296K(6464K) NonClass: 5763K(5824K)->5763K(5824K) Class: 532K(640K)->532K(640K)
[268.354s][info][gc             ] GC(738) Pause Full (Ergonomics) 362M->362M(409M) 380.654ms
[268.354s][info][gc,cpu         ] GC(738) User=0.36s Sys=0.00s Real=0.38s
[268.354s][info][gc,start       ] GC(739) Pause Full (Ergonomics)
[268.354s][info][gc,phases,start] GC(739) Marking Phase
[268.636s][info][gc,phases      ] GC(739) Marking Phase 282.663ms
[268.637s][info][gc,phases,start] GC(739) Summary Phase
[268.637s][info][gc,phases      ] GC(739) Summary Phase 0.035ms
[268.637s][info][gc,phases,start] GC(739) Adjust Roots
[268.637s][info][gc,phases      ] GC(739) Adjust Roots 0.239ms
[268.637s][info][gc,phases,start] GC(739) Compaction Phase
[268.732s][info][gc,phases      ] GC(739) Compaction Phase 95.005ms
[268.732s][info][gc,phases,start] GC(739) Post Compact
[268.734s][info][gc,phases      ] GC(739) Post Compact 1.592ms
[268.734s][info][gc,heap        ] GC(739) PSYoungGen: 33771K(77312K)->33771K(77312K) Eden: 24575K(24576K)->24575K(24576K) From: 9195K(52736K)->9195K(52736K)
[268.734s][info][gc,heap        ] GC(739) ParOldGen: 337442K(341504K)->337442K(341504K)
[268.734s][info][gc,metaspace   ] GC(739) Metaspace: 6296K(6464K)->6296K(6464K) NonClass: 5763K(5824K)->5763K(5824K) Class: 532K(640K)->532K(640K)
[268.734s][info][gc             ] GC(739) Pause Full (Ergonomics) 362M->362M(409M) 379.987ms
[268.734s][info][gc,cpu         ] GC(739) User=0.36s Sys=0.00s Real=0.38s
[268.734s][info][gc,start       ] GC(740) Pause Full (Ergonomics)
[268.734s][info][gc,phases,start] GC(740) Marking Phase
[269.017s][info][gc,phases      ] GC(740) Marking Phase 282.978ms
[269.017s][info][gc,phases,start] GC(740) Summary Phase
[269.017s][info][gc,phases      ] GC(740) Summary Phase 0.023ms
[269.017s][info][gc,phases,start] GC(740) Adjust Roots
[269.017s][info][gc,phases      ] GC(740) Adjust Roots 0.256ms
[269.017s][info][gc,phases,start] GC(740) Compaction Phase
[269.115s][info][gc,phases      ] GC(740) Compaction Phase 97.110ms
[269.115s][info][gc,phases,start] GC(740) Post Compact
[269.116s][info][gc,phases      ] GC(740) Post Compact 1.521ms
[269.116s][info][gc,heap        ] GC(740) PSYoungGen: 33771K(77312K)->33771K(77312K) Eden: 24575K(24576K)->24575K(24576K) From: 9195K(52736K)->9195K(52736K)
[269.116s][info][gc,heap        ] GC(740) ParOldGen: 337446K(341504K)->337446K(341504K)
[269.116s][info][gc,metaspace   ] GC(740) Metaspace: 6296K(6464K)->6296K(6464K) NonClass: 5763K(5824K)->5763K(5824K) Class: 532K(640K)->532K(640K)
[269.116s][info][gc             ] GC(740) Pause Full (Ergonomics) 362M->362M(409M) 382.226ms
[269.116s][info][gc,cpu         ] GC(740) User=0.36s Sys=0.00s Real=0.38s
[269.117s][info][gc,start       ] GC(741) Pause Full (Ergonomics)
[269.117s][info][gc,phases,start] GC(741) Marking Phase
[269.400s][info][gc,phases      ] GC(741) Marking Phase 283.191ms
[269.400s][info][gc,phases,start] GC(741) Summary Phase
[269.400s][info][gc,phases      ] GC(741) Summary Phase 0.023ms
[269.400s][info][gc,phases,start] GC(741) Adjust Roots
[269.400s][info][gc,phases      ] GC(741) Adjust Roots 0.216ms
[269.400s][info][gc,phases,start] GC(741) Compaction Phase
[269.496s][info][gc,phases      ] GC(741) Compaction Phase 95.671ms
[269.496s][info][gc,phases,start] GC(741) Post Compact
[269.497s][info][gc,phases      ] GC(741) Post Compact 1.516ms
[269.497s][info][gc,heap        ] GC(741) PSYoungGen: 33771K(77312K)->33771K(77312K) Eden: 24575K(24576K)->24575K(24576K) From: 9195K(52736K)->9195K(52736K)
[269.497s][info][gc,heap        ] GC(741) ParOldGen: 337451K(341504K)->337451K(341504K)
[269.498s][info][gc,metaspace   ] GC(741) Metaspace: 6296K(6464K)->6296K(6464K) NonClass: 5763K(5824K)->5763K(5824K) Class: 532K(640K)->532K(640K)
[269.498s][info][gc             ] GC(741) Pause Full (Ergonomics) 362M->362M(409M) 380.998ms
[269.498s][info][gc,cpu         ] GC(741) User=0.36s Sys=0.00s Real=0.38s
[269.498s][info][gc,start       ] GC(742) Pause Full (Ergonomics)
[269.498s][info][gc,phases,start] GC(742) Marking Phase
[269.781s][info][gc,phases      ] GC(742) Marking Phase 282.731ms
[269.781s][info][gc,phases,start] GC(742) Summary Phase
[269.781s][info][gc,phases      ] GC(742) Summary Phase 0.023ms
[269.781s][info][gc,phases,start] GC(742) Adjust Roots
[269.781s][info][gc,phases      ] GC(742) Adjust Roots 0.184ms
[269.781s][info][gc,phases,start] GC(742) Compaction Phase
[269.876s][info][gc,phases      ] GC(742) Compaction Phase 95.480ms
[269.876s][info][gc,phases,start] GC(742) Post Compact
[269.878s][info][gc,phases      ] GC(742) Post Compact 1.520ms
[269.878s][info][gc,heap        ] GC(742) PSYoungGen: 33771K(77312K)->33771K(77312K) Eden: 24575K(24576K)->24575K(24576K) From: 9195K(52736K)->9195K(52736K)
[269.878s][info][gc,heap        ] GC(742) ParOldGen: 337456K(341504K)->337456K(341504K)
[269.878s][info][gc,metaspace   ] GC(742) Metaspace: 6296K(6464K)->6296K(6464K) NonClass: 5763K(5824K)->5763K(5824K) Class: 532K(640K)->532K(640K)
[269.878s][info][gc             ] GC(742) Pause Full (Ergonomics) 362M->362M(409M) 380.265ms
[269.878s][info][gc,cpu         ] GC(742) User=0.34s Sys=0.00s Real=0.38s
[269.879s][info][gc,start       ] GC(743) Pause Full (Ergonomics)
[269.879s][info][gc,phases,start] GC(743) Marking Phase
[270.162s][info][gc,phases      ] GC(743) Marking Phase 283.298ms
[270.162s][info][gc,phases,start] GC(743) Summary Phase
[270.162s][info][gc,phases      ] GC(743) Summary Phase 0.053ms
[270.162s][info][gc,phases,start] GC(743) Adjust Roots
[270.162s][info][gc,phases      ] GC(743) Adjust Roots 0.197ms
[270.162s][info][gc,phases,start] GC(743) Compaction Phase
[270.257s][info][gc,phases      ] GC(743) Compaction Phase 94.480ms
[270.257s][info][gc,phases,start] GC(743) Post Compact
[270.258s][info][gc,phases      ] GC(743) Post Compact 1.547ms
[270.258s][info][gc,heap        ] GC(743) PSYoungGen: 33771K(77312K)->33771K(77312K) Eden: 24575K(24576K)->24575K(24576K) From: 9195K(52736K)->9195K(52736K)
[270.258s][info][gc,heap        ] GC(743) ParOldGen: 337460K(341504K)->337460K(341504K)
[270.258s][info][gc,metaspace   ] GC(743) Metaspace: 6296K(6464K)->6296K(6464K) NonClass: 5763K(5824K)->5763K(5824K) Class: 532K(640K)->532K(640K)
[270.258s][info][gc             ] GC(743) Pause Full (Ergonomics) 362M->362M(409M) 379.901ms
[270.258s][info][gc,cpu         ] GC(743) User=0.33s Sys=0.02s Real=0.38s
[270.259s][info][gc,start       ] GC(744) Pause Full (Ergonomics)
[270.259s][info][gc,phases,start] GC(744) Marking Phase
[270.543s][info][gc,phases      ] GC(744) Marking Phase 284.385ms
[270.543s][info][gc,phases,start] GC(744) Summary Phase
[270.543s][info][gc,phases      ] GC(744) Summary Phase 0.057ms
[270.543s][info][gc,phases,start] GC(744) Adjust Roots
[270.544s][info][gc,phases      ] GC(744) Adjust Roots 0.267ms
[270.544s][info][gc,phases,start] GC(744) Compaction Phase
[270.640s][info][gc,phases      ] GC(744) Compaction Phase 96.554ms
[270.640s][info][gc,phases,start] GC(744) Post Compact
[270.642s][info][gc,phases      ] GC(744) Post Compact 1.528ms
[270.642s][info][gc,heap        ] GC(744) PSYoungGen: 33771K(77312K)->33771K(77312K) Eden: 24575K(24576K)->24575K(24576K) From: 9195K(52736K)->9195K(52736K)
[270.642s][info][gc,heap        ] GC(744) ParOldGen: 337465K(341504K)->337465K(341504K)
[270.642s][info][gc,metaspace   ] GC(744) Metaspace: 6296K(6464K)->6296K(6464K) NonClass: 5763K(5824K)->5763K(5824K) Class: 532K(640K)->532K(640K)
[270.642s][info][gc             ] GC(744) Pause Full (Ergonomics) 362M->362M(409M) 383.184ms
[270.642s][info][gc,cpu         ] GC(744) User=0.34s Sys=0.00s Real=0.38s
[270.642s][info][gc,start       ] GC(745) Pause Full (Ergonomics)
[270.642s][info][gc,phases,start] GC(745) Marking Phase
[270.925s][info][gc,phases      ] GC(745) Marking Phase 282.901ms
[270.925s][info][gc,phases,start] GC(745) Summary Phase
[270.925s][info][gc,phases      ] GC(745) Summary Phase 0.035ms
[270.925s][info][gc,phases,start] GC(745) Adjust Roots
[270.926s][info][gc,phases      ] GC(745) Adjust Roots 0.241ms
[270.926s][info][gc,phases,start] GC(745) Compaction Phase
[271.022s][info][gc,phases      ] GC(745) Compaction Phase 96.222ms
[271.022s][info][gc,phases,start] GC(745) Post Compact
[271.024s][info][gc,phases      ] GC(745) Post Compact 1.592ms
[271.024s][info][gc,heap        ] GC(745) PSYoungGen: 33771K(77312K)->33771K(77312K) Eden: 24575K(24576K)->24575K(24576K) From: 9195K(52736K)->9195K(52736K)
[271.024s][info][gc,heap        ] GC(745) ParOldGen: 337470K(341504K)->337470K(341504K)
[271.024s][info][gc,metaspace   ] GC(745) Metaspace: 6296K(6464K)->6296K(6464K) NonClass: 5763K(5824K)->5763K(5824K) Class: 532K(640K)->532K(640K)
[271.024s][info][gc             ] GC(745) Pause Full (Ergonomics) 362M->362M(409M) 381.374ms
[271.024s][info][gc,cpu         ] GC(745) User=0.36s Sys=0.02s Real=0.38s
[271.024s][info][gc,start       ] GC(746) Pause Full (Ergonomics)
[271.024s][info][gc,phases,start] GC(746) Marking Phase
[271.304s][info][gc,phases      ] GC(746) Marking Phase 280.290ms
[271.304s][info][gc,phases,start] GC(746) Summary Phase
[271.304s][info][gc,phases      ] GC(746) Summary Phase 0.034ms
[271.304s][info][gc,phases,start] GC(746) Adjust Roots
[271.305s][info][gc,phases      ] GC(746) Adjust Roots 0.249ms
[271.305s][info][gc,phases,start] GC(746) Compaction Phase
[271.401s][info][gc,phases      ] GC(746) Compaction Phase 95.856ms
[271.401s][info][gc,phases,start] GC(746) Post Compact
[271.402s][info][gc,phases      ] GC(746) Post Compact 1.511ms
[271.402s][info][gc,heap        ] GC(746) PSYoungGen: 33771K(77312K)->33771K(77312K) Eden: 24575K(24576K)->24575K(24576K) From: 9195K(52736K)->9195K(52736K)
[271.402s][info][gc,heap        ] GC(746) ParOldGen: 337474K(341504K)->337474K(341504K)
[271.402s][info][gc,metaspace   ] GC(746) Metaspace: 6296K(6464K)->6296K(6464K) NonClass: 5763K(5824K)->5763K(5824K) Class: 532K(640K)->532K(640K)
[271.402s][info][gc             ] GC(746) Pause Full (Ergonomics) 362M->362M(409M) 378.351ms
[271.402s][info][gc,cpu         ] GC(746) User=0.34s Sys=0.00s Real=0.38s
[271.403s][info][gc,start       ] GC(747) Pause Full (Ergonomics)
[271.403s][info][gc,phases,start] GC(747) Marking Phase
[271.687s][info][gc,phases      ] GC(747) Marking Phase 284.031ms
[271.687s][info][gc,phases,start] GC(747) Summary Phase
[271.687s][info][gc,phases      ] GC(747) Summary Phase 0.035ms
[271.687s][info][gc,phases,start] GC(747) Adjust Roots
[271.687s][info][gc,phases      ] GC(747) Adjust Roots 0.272ms
[271.687s][info][gc,phases,start] GC(747) Compaction Phase
[271.782s][info][gc,phases      ] GC(747) Compaction Phase 94.812ms
[271.782s][info][gc,phases,start] GC(747) Post Compact
[271.784s][info][gc,phases      ] GC(747) Post Compact 1.519ms
[271.784s][info][gc,heap        ] GC(747) PSYoungGen: 33771K(77312K)->33771K(77312K) Eden: 24575K(24576K)->24575K(24576K) From: 9195K(52736K)->9195K(52736K)
[271.784s][info][gc,heap        ] GC(747) ParOldGen: 337479K(341504K)->337479K(341504K)
[271.784s][info][gc,metaspace   ] GC(747) Metaspace: 6296K(6464K)->6296K(6464K) NonClass: 5763K(5824K)->5763K(5824K) Class: 532K(640K)->532K(640K)
[271.784s][info][gc             ] GC(747) Pause Full (Ergonomics) 362M->362M(409M) 381.081ms
[271.784s][info][gc,cpu         ] GC(747) User=0.34s Sys=0.00s Real=0.38s
[271.784s][info][gc,start       ] GC(748) Pause Full (Ergonomics)
[271.784s][info][gc,phases,start] GC(748) Marking Phase
[272.068s][info][gc,phases      ] GC(748) Marking Phase 284.054ms
[272.068s][info][gc,phases,start] GC(748) Summary Phase
[272.068s][info][gc,phases      ] GC(748) Summary Phase 0.025ms
[272.068s][info][gc,phases,start] GC(748) Adjust Roots
[272.069s][info][gc,phases      ] GC(748) Adjust Roots 0.278ms
[272.069s][info][gc,phases,start] GC(748) Compaction Phase
[272.165s][info][gc,phases      ] GC(748) Compaction Phase 96.636ms
[272.165s][info][gc,phases,start] GC(748) Post Compact
[272.167s][info][gc,phases      ] GC(748) Post Compact 1.535ms
[272.167s][info][gc,heap        ] GC(748) PSYoungGen: 33771K(77312K)->33771K(77312K) Eden: 24575K(24576K)->24575K(24576K) From: 9195K(52736K)->9195K(52736K)
[272.167s][info][gc,heap        ] GC(748) ParOldGen: 337484K(341504K)->337484K(341504K)
[272.167s][info][gc,metaspace   ] GC(748) Metaspace: 6296K(6464K)->6296K(6464K) NonClass: 5763K(5824K)->5763K(5824K) Class: 532K(640K)->532K(640K)
[272.167s][info][gc             ] GC(748) Pause Full (Ergonomics) 362M->362M(409M) 382.957ms
[272.167s][info][gc,cpu         ] GC(748) User=0.36s Sys=0.00s Real=0.38s
[272.167s][info][gc,start       ] GC(749) Pause Full (Ergonomics)
[272.167s][info][gc,phases,start] GC(749) Marking Phase
[272.451s][info][gc,phases      ] GC(749) Marking Phase 283.744ms
[272.451s][info][gc,phases,start] GC(749) Summary Phase
[272.451s][info][gc,phases      ] GC(749) Summary Phase 0.034ms
[272.451s][info][gc,phases,start] GC(749) Adjust Roots
[272.451s][info][gc,phases      ] GC(749) Adjust Roots 0.261ms
[272.451s][info][gc,phases,start] GC(749) Compaction Phase
[272.547s][info][gc,phases      ] GC(749) Compaction Phase 95.370ms
[272.547s][info][gc,phases,start] GC(749) Post Compact
[272.548s][info][gc,phases      ] GC(749) Post Compact 1.537ms
[272.549s][info][gc,heap        ] GC(749) PSYoungGen: 33771K(77312K)->33771K(77312K) Eden: 24575K(24576K)->24575K(24576K) From: 9195K(52736K)->9195K(52736K)
[272.549s][info][gc,heap        ] GC(749) ParOldGen: 337488K(341504K)->337488K(341504K)
[272.549s][info][gc,metaspace   ] GC(749) Metaspace: 6296K(6464K)->6296K(6464K) NonClass: 5763K(5824K)->5763K(5824K) Class: 532K(640K)->532K(640K)
[272.549s][info][gc             ] GC(749) Pause Full (Ergonomics) 362M->362M(409M) 381.315ms
[272.549s][info][gc,cpu         ] GC(749) User=0.34s Sys=0.00s Real=0.38s
[272.549s][info][gc,start       ] GC(750) Pause Full (Ergonomics)
[272.549s][info][gc,phases,start] GC(750) Marking Phase
[272.833s][info][gc,phases      ] GC(750) Marking Phase 283.747ms
[272.833s][info][gc,phases,start] GC(750) Summary Phase
[272.833s][info][gc,phases      ] GC(750) Summary Phase 0.022ms
[272.833s][info][gc,phases,start] GC(750) Adjust Roots
[272.833s][info][gc,phases      ] GC(750) Adjust Roots 0.229ms
[272.833s][info][gc,phases,start] GC(750) Compaction Phase
[272.928s][info][gc,phases      ] GC(750) Compaction Phase 94.751ms
[272.928s][info][gc,phases,start] GC(750) Post Compact
[272.929s][info][gc,phases      ] GC(750) Post Compact 1.514ms
[272.929s][info][gc,heap        ] GC(750) PSYoungGen: 33771K(77312K)->33771K(77312K) Eden: 24575K(24576K)->24575K(24576K) From: 9195K(52736K)->9195K(52736K)
[272.929s][info][gc,heap        ] GC(750) ParOldGen: 337493K(341504K)->337493K(341504K)
[272.929s][info][gc,metaspace   ] GC(750) Metaspace: 6296K(6464K)->6296K(6464K) NonClass: 5763K(5824K)->5763K(5824K) Class: 532K(640K)->532K(640K)
[272.929s][info][gc             ] GC(750) Pause Full (Ergonomics) 362M->362M(409M) 380.619ms
[272.930s][info][gc,cpu         ] GC(750) User=0.38s Sys=0.00s Real=0.38s
[272.930s][info][gc,start       ] GC(751) Pause Full (Ergonomics)
[272.930s][info][gc,phases,start] GC(751) Marking Phase
[273.213s][info][gc,phases      ] GC(751) Marking Phase 282.880ms
[273.213s][info][gc,phases,start] GC(751) Summary Phase
[273.213s][info][gc,phases      ] GC(751) Summary Phase 0.035ms
[273.213s][info][gc,phases,start] GC(751) Adjust Roots
[273.213s][info][gc,phases      ] GC(751) Adjust Roots 0.238ms
[273.213s][info][gc,phases,start] GC(751) Compaction Phase
[273.308s][info][gc,phases      ] GC(751) Compaction Phase 95.024ms
[273.308s][info][gc,phases,start] GC(751) Post Compact
[273.310s][info][gc,phases      ] GC(751) Post Compact 1.554ms
[273.310s][info][gc,heap        ] GC(751) PSYoungGen: 33771K(77312K)->33771K(77312K) Eden: 24575K(24576K)->24575K(24576K) From: 9195K(52736K)->9195K(52736K)
[273.310s][info][gc,heap        ] GC(751) ParOldGen: 337498K(341504K)->337498K(341504K)
[273.310s][info][gc,metaspace   ] GC(751) Metaspace: 6296K(6464K)->6296K(6464K) NonClass: 5763K(5824K)->5763K(5824K) Class: 532K(640K)->532K(640K)
[273.310s][info][gc             ] GC(751) Pause Full (Ergonomics) 362M->362M(409M) 380.166ms
[273.310s][info][gc,cpu         ] GC(751) User=0.34s Sys=0.00s Real=0.38s
[273.310s][info][gc,start       ] GC(752) Pause Full (Ergonomics)
[273.310s][info][gc,phases,start] GC(752) Marking Phase
[273.594s][info][gc,phases      ] GC(752) Marking Phase 283.975ms
[273.594s][info][gc,phases,start] GC(752) Summary Phase
[273.594s][info][gc,phases      ] GC(752) Summary Phase 0.035ms
[273.594s][info][gc,phases,start] GC(752) Adjust Roots
[273.595s][info][gc,phases      ] GC(752) Adjust Roots 0.251ms
[273.595s][info][gc,phases,start] GC(752) Compaction Phase
[273.690s][info][gc,phases      ] GC(752) Compaction Phase 94.976ms
[273.690s][info][gc,phases,start] GC(752) Post Compact
[273.691s][info][gc,phases      ] GC(752) Post Compact 1.512ms
[273.691s][info][gc,heap        ] GC(752) PSYoungGen: 33771K(77312K)->33771K(77312K) Eden: 24575K(24576K)->24575K(24576K) From: 9195K(52736K)->9195K(52736K)
[273.691s][info][gc,heap        ] GC(752) ParOldGen: 337502K(341504K)->337502K(341504K)
[273.691s][info][gc,metaspace   ] GC(752) Metaspace: 6296K(6464K)->6296K(6464K) NonClass: 5763K(5824K)->5763K(5824K) Class: 532K(640K)->532K(640K)
[273.691s][info][gc             ] GC(752) Pause Full (Ergonomics) 362M->362M(409M) 381.150ms
[273.691s][info][gc,cpu         ] GC(752) User=0.33s Sys=0.00s Real=0.38s
[273.692s][info][gc,start       ] GC(753) Pause Full (Ergonomics)
[273.692s][info][gc,phases,start] GC(753) Marking Phase
[273.976s][info][gc,phases      ] GC(753) Marking Phase 284.533ms
[273.976s][info][gc,phases,start] GC(753) Summary Phase
[273.976s][info][gc,phases      ] GC(753) Summary Phase 0.023ms
[273.976s][info][gc,phases,start] GC(753) Adjust Roots
[273.977s][info][gc,phases      ] GC(753) Adjust Roots 0.230ms
[273.977s][info][gc,phases,start] GC(753) Compaction Phase
[274.071s][info][gc,phases      ] GC(753) Compaction Phase 94.732ms
[274.071s][info][gc,phases,start] GC(753) Post Compact
[274.073s][info][gc,phases      ] GC(753) Post Compact 1.518ms
[274.073s][info][gc,heap        ] GC(753) PSYoungGen: 33771K(77312K)->33771K(77312K) Eden: 24575K(24576K)->24575K(24576K) From: 9195K(52736K)->9195K(52736K)
[274.073s][info][gc,heap        ] GC(753) ParOldGen: 337507K(341504K)->337507K(341504K)
[274.073s][info][gc,metaspace   ] GC(753) Metaspace: 6296K(6464K)->6296K(6464K) NonClass: 5763K(5824K)->5763K(5824K) Class: 532K(640K)->532K(640K)
[274.073s][info][gc             ] GC(753) Pause Full (Ergonomics) 362M->362M(409M) 381.391ms
[274.073s][info][gc,cpu         ] GC(753) User=0.38s Sys=0.00s Real=0.38s
[274.074s][info][gc,start       ] GC(754) Pause Full (Ergonomics)
[274.074s][info][gc,phases,start] GC(754) Marking Phase
[274.356s][info][gc,phases      ] GC(754) Marking Phase 282.893ms
[274.357s][info][gc,phases,start] GC(754) Summary Phase
[274.357s][info][gc,phases      ] GC(754) Summary Phase 0.034ms
[274.357s][info][gc,phases,start] GC(754) Adjust Roots
[274.357s][info][gc,phases      ] GC(754) Adjust Roots 0.239ms
[274.357s][info][gc,phases,start] GC(754) Compaction Phase
[274.453s][info][gc,phases      ] GC(754) Compaction Phase 95.859ms
[274.453s][info][gc,phases,start] GC(754) Post Compact
[274.454s][info][gc,phases      ] GC(754) Post Compact 1.580ms
[274.454s][info][gc,heap        ] GC(754) PSYoungGen: 33771K(77312K)->33771K(77312K) Eden: 24575K(24576K)->24575K(24576K) From: 9195K(52736K)->9195K(52736K)
[274.455s][info][gc,heap        ] GC(754) ParOldGen: 337512K(341504K)->337512K(341504K)
[274.455s][info][gc,metaspace   ] GC(754) Metaspace: 6296K(6464K)->6296K(6464K) NonClass: 5763K(5824K)->5763K(5824K) Class: 532K(640K)->532K(640K)
[274.455s][info][gc             ] GC(754) Pause Full (Ergonomics) 362M->362M(409M) 380.988ms
[274.455s][info][gc,cpu         ] GC(754) User=0.34s Sys=0.00s Real=0.38s
[274.455s][info][gc,start       ] GC(755) Pause Full (Ergonomics)
[274.455s][info][gc,phases,start] GC(755) Marking Phase
[274.738s][info][gc,phases      ] GC(755) Marking Phase 283.629ms
[274.739s][info][gc,phases,start] GC(755) Summary Phase
[274.739s][info][gc,phases      ] GC(755) Summary Phase 0.034ms
[274.739s][info][gc,phases,start] GC(755) Adjust Roots
[274.739s][info][gc,phases      ] GC(755) Adjust Roots 0.260ms
[274.739s][info][gc,phases,start] GC(755) Compaction Phase
[274.835s][info][gc,phases      ] GC(755) Compaction Phase 95.857ms
[274.835s][info][gc,phases,start] GC(755) Post Compact
[274.836s][info][gc,phases      ] GC(755) Post Compact 1.527ms
[274.836s][info][gc,heap        ] GC(755) PSYoungGen: 33771K(77312K)->33771K(77312K) Eden: 24575K(24576K)->24575K(24576K) From: 9195K(52736K)->9195K(52736K)
[274.836s][info][gc,heap        ] GC(755) ParOldGen: 337516K(341504K)->337516K(341504K)
[274.836s][info][gc,metaspace   ] GC(755) Metaspace: 6296K(6464K)->6296K(6464K) NonClass: 5763K(5824K)->5763K(5824K) Class: 532K(640K)->532K(640K)
[274.836s][info][gc             ] GC(755) Pause Full (Ergonomics) 362M->362M(409M) 381.674ms
[274.836s][info][gc,cpu         ] GC(755) User=0.38s Sys=0.00s Real=0.38s
[274.837s][info][gc,start       ] GC(756) Pause Full (Ergonomics)
[274.837s][info][gc,phases,start] GC(756) Marking Phase
[275.121s][info][gc,phases      ] GC(756) Marking Phase 284.339ms
[275.121s][info][gc,phases,start] GC(756) Summary Phase
[275.121s][info][gc,phases      ] GC(756) Summary Phase 0.035ms
[275.121s][info][gc,phases,start] GC(756) Adjust Roots
[275.121s][info][gc,phases      ] GC(756) Adjust Roots 0.250ms
[275.122s][info][gc,phases,start] GC(756) Compaction Phase
[275.217s][info][gc,phases      ] GC(756) Compaction Phase 95.379ms
[275.217s][info][gc,phases,start] GC(756) Post Compact
[275.219s][info][gc,phases      ] GC(756) Post Compact 1.524ms
[275.219s][info][gc,heap        ] GC(756) PSYoungGen: 33771K(77312K)->33771K(77312K) Eden: 24575K(24576K)->24575K(24576K) From: 9195K(52736K)->9195K(52736K)
[275.219s][info][gc,heap        ] GC(756) ParOldGen: 337521K(341504K)->337521K(341504K)
[275.219s][info][gc,metaspace   ] GC(756) Metaspace: 6296K(6464K)->6296K(6464K) NonClass: 5763K(5824K)->5763K(5824K) Class: 532K(640K)->532K(640K)
[275.219s][info][gc             ] GC(756) Pause Full (Ergonomics) 362M->362M(409M) 381.910ms
[275.219s][info][gc,cpu         ] GC(756) User=0.33s Sys=0.00s Real=0.38s
[275.219s][info][gc,start       ] GC(757) Pause Full (Ergonomics)
[275.219s][info][gc,phases,start] GC(757) Marking Phase
[275.503s][info][gc,phases      ] GC(757) Marking Phase 283.657ms
[275.503s][info][gc,phases,start] GC(757) Summary Phase
[275.503s][info][gc,phases      ] GC(757) Summary Phase 0.034ms
[275.503s][info][gc,phases,start] GC(757) Adjust Roots
[275.503s][info][gc,phases      ] GC(757) Adjust Roots 0.245ms
[275.503s][info][gc,phases,start] GC(757) Compaction Phase
[275.598s][info][gc,phases      ] GC(757) Compaction Phase 94.680ms
[275.598s][info][gc,phases,start] GC(757) Post Compact
[275.599s][info][gc,phases      ] GC(757) Post Compact 1.513ms
[275.599s][info][gc,heap        ] GC(757) PSYoungGen: 33771K(77312K)->33771K(77312K) Eden: 24575K(24576K)->24575K(24576K) From: 9195K(52736K)->9195K(52736K)
[275.599s][info][gc,heap        ] GC(757) ParOldGen: 337526K(341504K)->337526K(341504K)
[275.599s][info][gc,metaspace   ] GC(757) Metaspace: 6296K(6464K)->6296K(6464K) NonClass: 5763K(5824K)->5763K(5824K) Class: 532K(640K)->532K(640K)
[275.599s][info][gc             ] GC(757) Pause Full (Ergonomics) 362M->362M(409M) 380.547ms
[275.600s][info][gc,cpu         ] GC(757) User=0.38s Sys=0.00s Real=0.38s
[275.600s][info][gc,start       ] GC(758) Pause Full (Ergonomics)
[275.600s][info][gc,phases,start] GC(758) Marking Phase
[275.884s][info][gc,phases      ] GC(758) Marking Phase 283.998ms
[275.884s][info][gc,phases,start] GC(758) Summary Phase
[275.884s][info][gc,phases      ] GC(758) Summary Phase 0.035ms
[275.884s][info][gc,phases,start] GC(758) Adjust Roots
[275.884s][info][gc,phases      ] GC(758) Adjust Roots 0.262ms
[275.884s][info][gc,phases,start] GC(758) Compaction Phase
[275.980s][info][gc,phases      ] GC(758) Compaction Phase 95.723ms
[275.980s][info][gc,phases,start] GC(758) Post Compact
[275.982s][info][gc,phases      ] GC(758) Post Compact 1.529ms
[275.982s][info][gc,heap        ] GC(758) PSYoungGen: 33771K(77312K)->33771K(77312K) Eden: 24575K(24576K)->24575K(24576K) From: 9195K(52736K)->9195K(52736K)
[275.982s][info][gc,heap        ] GC(758) ParOldGen: 337530K(341504K)->337530K(341504K)
[275.982s][info][gc,metaspace   ] GC(758) Metaspace: 6296K(6464K)->6296K(6464K) NonClass: 5763K(5824K)->5763K(5824K) Class: 532K(640K)->532K(640K)
[275.982s][info][gc             ] GC(758) Pause Full (Ergonomics) 362M->362M(409M) 381.921ms
[275.982s][info][gc,cpu         ] GC(758) User=0.34s Sys=0.00s Real=0.38s
[275.982s][info][gc,start       ] GC(759) Pause Full (Ergonomics)
[275.982s][info][gc,phases,start] GC(759) Marking Phase
[276.265s][info][gc,phases      ] GC(759) Marking Phase 283.137ms
[276.265s][info][gc,phases,start] GC(759) Summary Phase
[276.265s][info][gc,phases      ] GC(759) Summary Phase 0.034ms
[276.265s][info][gc,phases,start] GC(759) Adjust Roots
[276.266s][info][gc,phases      ] GC(759) Adjust Roots 0.252ms
[276.266s][info][gc,phases,start] GC(759) Compaction Phase
[276.361s][info][gc,phases      ] GC(759) Compaction Phase 95.520ms
[276.361s][info][gc,phases,start] GC(759) Post Compact
[276.363s][info][gc,phases      ] GC(759) Post Compact 1.548ms
[276.363s][info][gc,heap        ] GC(759) PSYoungGen: 33771K(77312K)->33771K(77312K) Eden: 24575K(24576K)->24575K(24576K) From: 9195K(52736K)->9195K(52736K)
[276.363s][info][gc,heap        ] GC(759) ParOldGen: 337535K(341504K)->337535K(341504K)
[276.363s][info][gc,metaspace   ] GC(759) Metaspace: 6296K(6464K)->6296K(6464K) NonClass: 5763K(5824K)->5763K(5824K) Class: 532K(640K)->532K(640K)
[276.363s][info][gc             ] GC(759) Pause Full (Ergonomics) 362M->362M(409M) 380.868ms
[276.363s][info][gc,cpu         ] GC(759) User=0.34s Sys=0.00s Real=0.38s
[276.363s][info][gc,start       ] GC(760) Pause Full (Ergonomics)
[276.363s][info][gc,phases,start] GC(760) Marking Phase
[276.648s][info][gc,phases      ] GC(760) Marking Phase 284.335ms
[276.648s][info][gc,phases,start] GC(760) Summary Phase
[276.648s][info][gc,phases      ] GC(760) Summary Phase 0.035ms
[276.648s][info][gc,phases,start] GC(760) Adjust Roots
[276.648s][info][gc,phases      ] GC(760) Adjust Roots 0.239ms
[276.648s][info][gc,phases,start] GC(760) Compaction Phase
[276.744s][info][gc,phases      ] GC(760) Compaction Phase 95.538ms
[276.744s][info][gc,phases,start] GC(760) Post Compact
[276.745s][info][gc,phases      ] GC(760) Post Compact 1.529ms
[276.745s][info][gc,heap        ] GC(760) PSYoungGen: 33771K(77312K)->33771K(77312K) Eden: 24575K(24576K)->24575K(24576K) From: 9195K(52736K)->9195K(52736K)
[276.745s][info][gc,heap        ] GC(760) ParOldGen: 337540K(341504K)->337540K(341504K)
[276.745s][info][gc,metaspace   ] GC(760) Metaspace: 6296K(6464K)->6296K(6464K) NonClass: 5763K(5824K)->5763K(5824K) Class: 532K(640K)->532K(640K)
[276.745s][info][gc             ] GC(760) Pause Full (Ergonomics) 362M->362M(409M) 382.101ms
[276.745s][info][gc,cpu         ] GC(760) User=0.36s Sys=0.00s Real=0.38s
[276.746s][info][gc,start       ] GC(761) Pause Full (Ergonomics)
[276.746s][info][gc,phases,start] GC(761) Marking Phase
[277.032s][info][gc,phases      ] GC(761) Marking Phase 285.927ms
[277.032s][info][gc,phases,start] GC(761) Summary Phase
[277.032s][info][gc,phases      ] GC(761) Summary Phase 0.035ms
[277.032s][info][gc,phases,start] GC(761) Adjust Roots
[277.032s][info][gc,phases      ] GC(761) Adjust Roots 0.323ms
[277.032s][info][gc,phases,start] GC(761) Compaction Phase
[277.129s][info][gc,phases      ] GC(761) Compaction Phase 96.631ms
[277.129s][info][gc,phases,start] GC(761) Post Compact
[277.130s][info][gc,phases      ] GC(761) Post Compact 1.699ms
[277.131s][info][gc,heap        ] GC(761) PSYoungGen: 33771K(77312K)->33771K(77312K) Eden: 24575K(24576K)->24575K(24576K) From: 9195K(52736K)->9195K(52736K)
[277.131s][info][gc,heap        ] GC(761) ParOldGen: 337544K(341504K)->337544K(341504K)
[277.131s][info][gc,metaspace   ] GC(761) Metaspace: 6296K(6464K)->6296K(6464K) NonClass: 5763K(5824K)->5763K(5824K) Class: 532K(640K)->532K(640K)
[277.131s][info][gc             ] GC(761) Pause Full (Ergonomics) 362M->362M(409M) 385.005ms
[277.131s][info][gc,cpu         ] GC(761) User=0.34s Sys=0.00s Real=0.38s
[277.131s][info][gc,start       ] GC(762) Pause Full (Ergonomics)
[277.131s][info][gc,phases,start] GC(762) Marking Phase
[277.412s][info][gc,phases      ] GC(762) Marking Phase 281.508ms
[277.412s][info][gc,phases,start] GC(762) Summary Phase
[277.413s][info][gc,phases      ] GC(762) Summary Phase 0.023ms
[277.413s][info][gc,phases,start] GC(762) Adjust Roots
[277.413s][info][gc,phases      ] GC(762) Adjust Roots 0.221ms
[277.413s][info][gc,phases,start] GC(762) Compaction Phase
[277.508s][info][gc,phases      ] GC(762) Compaction Phase 95.221ms
[277.508s][info][gc,phases,start] GC(762) Post Compact
[277.510s][info][gc,phases      ] GC(762) Post Compact 1.562ms
[277.510s][info][gc,heap        ] GC(762) PSYoungGen: 33771K(77312K)->33771K(77312K) Eden: 24575K(24576K)->24575K(24576K) From: 9195K(52736K)->9195K(52736K)
[277.510s][info][gc,heap        ] GC(762) ParOldGen: 337549K(341504K)->337549K(341504K)
[277.510s][info][gc,metaspace   ] GC(762) Metaspace: 6296K(6464K)->6296K(6464K) NonClass: 5763K(5824K)->5763K(5824K) Class: 532K(640K)->532K(640K)
[277.510s][info][gc             ] GC(762) Pause Full (Ergonomics) 362M->362M(409M) 378.926ms
[277.510s][info][gc,cpu         ] GC(762) User=0.36s Sys=0.00s Real=0.38s
[277.510s][info][gc,start       ] GC(763) Pause Full (Ergonomics)
[277.510s][info][gc,phases,start] GC(763) Marking Phase
[277.795s][info][gc,phases      ] GC(763) Marking Phase 284.548ms
[277.795s][info][gc,phases,start] GC(763) Summary Phase
[277.795s][info][gc,phases      ] GC(763) Summary Phase 0.034ms
[277.795s][info][gc,phases,start] GC(763) Adjust Roots
[277.795s][info][gc,phases      ] GC(763) Adjust Roots 0.241ms
[277.795s][info][gc,phases,start] GC(763) Compaction Phase
[277.891s][info][gc,phases      ] GC(763) Compaction Phase 96.024ms
[277.892s][info][gc,phases,start] GC(763) Post Compact
[277.893s][info][gc,phases      ] GC(763) Post Compact 1.514ms
[277.893s][info][gc,heap        ] GC(763) PSYoungGen: 33771K(77312K)->33771K(77312K) Eden: 24575K(24576K)->24575K(24576K) From: 9195K(52736K)->9195K(52736K)
[277.893s][info][gc,heap        ] GC(763) ParOldGen: 337554K(341504K)->337554K(341504K)
[277.893s][info][gc,metaspace   ] GC(763) Metaspace: 6296K(6464K)->6296K(6464K) NonClass: 5763K(5824K)->5763K(5824K) Class: 532K(640K)->532K(640K)
[277.893s][info][gc             ] GC(763) Pause Full (Ergonomics) 362M->362M(409M) 382.801ms
[277.893s][info][gc,cpu         ] GC(763) User=0.34s Sys=0.00s Real=0.38s
[277.893s][info][gc,start       ] GC(764) Pause Full (Ergonomics)
[277.894s][info][gc,phases,start] GC(764) Marking Phase
[278.177s][info][gc,phases      ] GC(764) Marking Phase 283.865ms
[278.177s][info][gc,phases,start] GC(764) Summary Phase
[278.177s][info][gc,phases      ] GC(764) Summary Phase 0.035ms
[278.178s][info][gc,phases,start] GC(764) Adjust Roots
[278.178s][info][gc,phases      ] GC(764) Adjust Roots 0.279ms
[278.178s][info][gc,phases,start] GC(764) Compaction Phase
[278.273s][info][gc,phases      ] GC(764) Compaction Phase 95.364ms
[278.273s][info][gc,phases,start] GC(764) Post Compact
[278.275s][info][gc,phases      ] GC(764) Post Compact 1.554ms
[278.275s][info][gc,heap        ] GC(764) PSYoungGen: 33771K(77312K)->33771K(77312K) Eden: 24575K(24576K)->24575K(24576K) From: 9195K(52736K)->9195K(52736K)
[278.275s][info][gc,heap        ] GC(764) ParOldGen: 337558K(341504K)->337558K(341504K)
[278.275s][info][gc,metaspace   ] GC(764) Metaspace: 6296K(6464K)->6296K(6464K) NonClass: 5763K(5824K)->5763K(5824K) Class: 532K(640K)->532K(640K)
[278.275s][info][gc             ] GC(764) Pause Full (Ergonomics) 362M->362M(409M) 381.490ms
[278.275s][info][gc,cpu         ] GC(764) User=0.38s Sys=0.00s Real=0.38s
[278.275s][info][gc,start       ] GC(765) Pause Full (Ergonomics)
[278.275s][info][gc,phases,start] GC(765) Marking Phase
[278.559s][info][gc,phases      ] GC(765) Marking Phase 283.616ms
[278.559s][info][gc,phases,start] GC(765) Summary Phase
[278.559s][info][gc,phases      ] GC(765) Summary Phase 0.034ms
[278.559s][info][gc,phases,start] GC(765) Adjust Roots
[278.559s][info][gc,phases      ] GC(765) Adjust Roots 0.272ms
[278.559s][info][gc,phases,start] GC(765) Compaction Phase
[278.655s][info][gc,phases      ] GC(765) Compaction Phase 95.576ms
[278.655s][info][gc,phases,start] GC(765) Post Compact
[278.657s][info][gc,phases      ] GC(765) Post Compact 1.537ms
[278.657s][info][gc,heap        ] GC(765) PSYoungGen: 33771K(77312K)->33771K(77312K) Eden: 24575K(24576K)->24575K(24576K) From: 9195K(52736K)->9195K(52736K)
[278.657s][info][gc,heap        ] GC(765) ParOldGen: 337563K(341504K)->337563K(341504K)
[278.657s][info][gc,metaspace   ] GC(765) Metaspace: 6296K(6464K)->6296K(6464K) NonClass: 5763K(5824K)->5763K(5824K) Class: 532K(640K)->532K(640K)
[278.657s][info][gc             ] GC(765) Pause Full (Ergonomics) 362M->362M(409M) 381.408ms
[278.657s][info][gc,cpu         ] GC(765) User=0.33s Sys=0.00s Real=0.38s
[278.657s][info][gc,start       ] GC(766) Pause Full (Ergonomics)
[278.657s][info][gc,phases,start] GC(766) Marking Phase
[278.941s][info][gc,phases      ] GC(766) Marking Phase 283.710ms
[278.941s][info][gc,phases,start] GC(766) Summary Phase
[278.941s][info][gc,phases      ] GC(766) Summary Phase 0.034ms
[278.941s][info][gc,phases,start] GC(766) Adjust Roots
[278.941s][info][gc,phases      ] GC(766) Adjust Roots 0.253ms
[278.941s][info][gc,phases,start] GC(766) Compaction Phase
[279.036s][info][gc,phases      ] GC(766) Compaction Phase 95.199ms
[279.036s][info][gc,phases,start] GC(766) Post Compact
[279.038s][info][gc,phases      ] GC(766) Post Compact 1.523ms
[279.038s][info][gc,heap        ] GC(766) PSYoungGen: 33771K(77312K)->33771K(77312K) Eden: 24575K(24576K)->24575K(24576K) From: 9195K(52736K)->9195K(52736K)
[279.038s][info][gc,heap        ] GC(766) ParOldGen: 337568K(341504K)->337568K(341504K)
[279.038s][info][gc,metaspace   ] GC(766) Metaspace: 6296K(6464K)->6296K(6464K) NonClass: 5763K(5824K)->5763K(5824K) Class: 532K(640K)->532K(640K)
[279.038s][info][gc             ] GC(766) Pause Full (Ergonomics) 362M->362M(409M) 381.089ms
[279.038s][info][gc,cpu         ] GC(766) User=0.38s Sys=0.00s Real=0.38s
[279.038s][info][gc,start       ] GC(767) Pause Full (Ergonomics)
[279.038s][info][gc,phases,start] GC(767) Marking Phase
[279.322s][info][gc,phases      ] GC(767) Marking Phase 283.620ms
[279.322s][info][gc,phases,start] GC(767) Summary Phase
[279.322s][info][gc,phases      ] GC(767) Summary Phase 0.023ms
[279.322s][info][gc,phases,start] GC(767) Adjust Roots
[279.322s][info][gc,phases      ] GC(767) Adjust Roots 0.222ms
[279.322s][info][gc,phases,start] GC(767) Compaction Phase
[279.420s][info][gc,phases      ] GC(767) Compaction Phase 97.517ms
[279.420s][info][gc,phases,start] GC(767) Post Compact
[279.421s][info][gc,phases      ] GC(767) Post Compact 1.515ms
[279.422s][info][gc,heap        ] GC(767) PSYoungGen: 33771K(77312K)->33771K(77312K) Eden: 24575K(24576K)->24575K(24576K) From: 9195K(52736K)->9195K(52736K)
[279.422s][info][gc,heap        ] GC(767) ParOldGen: 337572K(341504K)->337572K(341504K)
[279.422s][info][gc,metaspace   ] GC(767) Metaspace: 6296K(6464K)->6296K(6464K) NonClass: 5763K(5824K)->5763K(5824K) Class: 532K(640K)->532K(640K)
[279.422s][info][gc             ] GC(767) Pause Full (Ergonomics) 362M->362M(409M) 383.301ms
[279.422s][info][gc,cpu         ] GC(767) User=0.34s Sys=0.00s Real=0.38s
[279.422s][info][gc,start       ] GC(768) Pause Full (Ergonomics)
[279.422s][info][gc,phases,start] GC(768) Marking Phase
[279.705s][info][gc,phases      ] GC(768) Marking Phase 282.918ms
[279.705s][info][gc,phases,start] GC(768) Summary Phase
[279.705s][info][gc,phases      ] GC(768) Summary Phase 0.035ms
[279.705s][info][gc,phases,start] GC(768) Adjust Roots
[279.705s][info][gc,phases      ] GC(768) Adjust Roots 0.266ms
[279.705s][info][gc,phases,start] GC(768) Compaction Phase
[279.801s][info][gc,phases      ] GC(768) Compaction Phase 95.295ms
[279.801s][info][gc,phases,start] GC(768) Post Compact
[279.802s][info][gc,phases      ] GC(768) Post Compact 1.507ms
[279.802s][info][gc,heap        ] GC(768) PSYoungGen: 33771K(77312K)->33771K(77312K) Eden: 24575K(24576K)->24575K(24576K) From: 9195K(52736K)->9195K(52736K)
[279.802s][info][gc,heap        ] GC(768) ParOldGen: 337577K(341504K)->337577K(341504K)
[279.802s][info][gc,metaspace   ] GC(768) Metaspace: 6296K(6464K)->6296K(6464K) NonClass: 5763K(5824K)->5763K(5824K) Class: 532K(640K)->532K(640K)
[279.802s][info][gc             ] GC(768) Pause Full (Ergonomics) 362M->362M(409M) 380.434ms
[279.802s][info][gc,cpu         ] GC(768) User=0.36s Sys=0.00s Real=0.38s
[279.803s][info][gc,start       ] GC(769) Pause Full (Ergonomics)
[279.803s][info][gc,phases,start] GC(769) Marking Phase
[280.087s][info][gc,phases      ] GC(769) Marking Phase 284.192ms
[280.087s][info][gc,phases,start] GC(769) Summary Phase
[280.087s][info][gc,phases      ] GC(769) Summary Phase 0.035ms
[280.087s][info][gc,phases,start] GC(769) Adjust Roots
[280.087s][info][gc,phases      ] GC(769) Adjust Roots 0.239ms
[280.087s][info][gc,phases,start] GC(769) Compaction Phase
[280.183s][info][gc,phases      ] GC(769) Compaction Phase 95.595ms
[280.183s][info][gc,phases,start] GC(769) Post Compact
[280.184s][info][gc,phases      ] GC(769) Post Compact 1.511ms
[280.185s][info][gc,heap        ] GC(769) PSYoungGen: 33771K(77312K)->33771K(77312K) Eden: 24575K(24576K)->24575K(24576K) From: 9195K(52736K)->9195K(52736K)
[280.185s][info][gc,heap        ] GC(769) ParOldGen: 337582K(341504K)->337582K(341504K)
[280.185s][info][gc,metaspace   ] GC(769) Metaspace: 6296K(6464K)->6296K(6464K) NonClass: 5763K(5824K)->5763K(5824K) Class: 532K(640K)->532K(640K)
[280.185s][info][gc             ] GC(769) Pause Full (Ergonomics) 362M->362M(409M) 381.958ms
[280.185s][info][gc,cpu         ] GC(769) User=0.33s Sys=0.02s Real=0.38s
[280.185s][info][gc,start       ] GC(770) Pause Full (Ergonomics)
[280.185s][info][gc,phases,start] GC(770) Marking Phase
[280.469s][info][gc,phases      ] GC(770) Marking Phase 284.065ms
[280.469s][info][gc,phases,start] GC(770) Summary Phase
[280.469s][info][gc,phases      ] GC(770) Summary Phase 0.034ms
[280.469s][info][gc,phases,start] GC(770) Adjust Roots
[280.469s][info][gc,phases      ] GC(770) Adjust Roots 0.243ms
[280.469s][info][gc,phases,start] GC(770) Compaction Phase
[280.566s][info][gc,phases      ] GC(770) Compaction Phase 96.134ms
[280.566s][info][gc,phases,start] GC(770) Post Compact
[280.567s][info][gc,phases      ] GC(770) Post Compact 1.529ms
[280.567s][info][gc,heap        ] GC(770) PSYoungGen: 33771K(77312K)->33771K(77312K) Eden: 24575K(24576K)->24575K(24576K) From: 9195K(52736K)->9195K(52736K)
[280.567s][info][gc,heap        ] GC(770) ParOldGen: 337586K(341504K)->337586K(341504K)
[280.567s][info][gc,metaspace   ] GC(770) Metaspace: 6296K(6464K)->6296K(6464K) NonClass: 5763K(5824K)->5763K(5824K) Class: 532K(640K)->532K(640K)
[280.567s][info][gc             ] GC(770) Pause Full (Ergonomics) 362M->362M(409M) 382.381ms
[280.567s][info][gc,cpu         ] GC(770) User=0.34s Sys=0.00s Real=0.38s
[280.568s][info][gc,start       ] GC(771) Pause Full (Ergonomics)
[280.568s][info][gc,phases,start] GC(771) Marking Phase
[280.851s][info][gc,phases      ] GC(771) Marking Phase 283.842ms
[280.851s][info][gc,phases,start] GC(771) Summary Phase
[280.852s][info][gc,phases      ] GC(771) Summary Phase 0.036ms
[280.852s][info][gc,phases,start] GC(771) Adjust Roots
[280.852s][info][gc,phases      ] GC(771) Adjust Roots 0.261ms
[280.852s][info][gc,phases,start] GC(771) Compaction Phase
[280.947s][info][gc,phases      ] GC(771) Compaction Phase 95.096ms
[280.947s][info][gc,phases,start] GC(771) Post Compact
[280.949s][info][gc,phases      ] GC(771) Post Compact 1.522ms
[280.949s][info][gc,heap        ] GC(771) PSYoungGen: 33771K(77312K)->33771K(77312K) Eden: 24575K(24576K)->24575K(24576K) From: 9195K(52736K)->9195K(52736K)
[280.949s][info][gc,heap        ] GC(771) ParOldGen: 337591K(341504K)->337591K(341504K)
[280.949s][info][gc,metaspace   ] GC(771) Metaspace: 6296K(6464K)->6296K(6464K) NonClass: 5763K(5824K)->5763K(5824K) Class: 532K(640K)->532K(640K)
[280.949s][info][gc             ] GC(771) Pause Full (Ergonomics) 362M->362M(409M) 381.162ms
[280.949s][info][gc,cpu         ] GC(771) User=0.36s Sys=0.00s Real=0.38s
[280.949s][info][gc,start       ] GC(772) Pause Full (Ergonomics)
[280.949s][info][gc,phases,start] GC(772) Marking Phase
[281.234s][info][gc,phases      ] GC(772) Marking Phase 285.361ms
[281.234s][info][gc,phases,start] GC(772) Summary Phase
[281.234s][info][gc,phases      ] GC(772) Summary Phase 0.034ms
[281.235s][info][gc,phases,start] GC(772) Adjust Roots
[281.235s][info][gc,phases      ] GC(772) Adjust Roots 0.240ms
[281.235s][info][gc,phases,start] GC(772) Compaction Phase
[281.330s][info][gc,phases      ] GC(772) Compaction Phase 95.606ms
[281.330s][info][gc,phases,start] GC(772) Post Compact
[281.332s][info][gc,phases      ] GC(772) Post Compact 1.562ms
[281.332s][info][gc,heap        ] GC(772) PSYoungGen: 33771K(77312K)->33771K(77312K) Eden: 24575K(24576K)->24575K(24576K) From: 9195K(52736K)->9195K(52736K)
[281.332s][info][gc,heap        ] GC(772) ParOldGen: 337596K(341504K)->337596K(341504K)
[281.332s][info][gc,metaspace   ] GC(772) Metaspace: 6296K(6464K)->6296K(6464K) NonClass: 5763K(5824K)->5763K(5824K) Class: 532K(640K)->532K(640K)
[281.332s][info][gc             ] GC(772) Pause Full (Ergonomics) 362M->362M(409M) 383.214ms
[281.332s][info][gc,cpu         ] GC(772) User=0.34s Sys=0.00s Real=0.38s
[281.333s][info][gc,start       ] GC(773) Pause Full (Ergonomics)
[281.333s][info][gc,phases,start] GC(773) Marking Phase
[281.617s][info][gc,phases      ] GC(773) Marking Phase 284.176ms
[281.617s][info][gc,phases,start] GC(773) Summary Phase
[281.617s][info][gc,phases      ] GC(773) Summary Phase 0.034ms
[281.617s][info][gc,phases,start] GC(773) Adjust Roots
[281.617s][info][gc,phases      ] GC(773) Adjust Roots 0.261ms
[281.617s][info][gc,phases,start] GC(773) Compaction Phase
[281.713s][info][gc,phases      ] GC(773) Compaction Phase 95.333ms
[281.713s][info][gc,phases,start] GC(773) Post Compact
[281.714s][info][gc,phases      ] GC(773) Post Compact 1.522ms
[281.714s][info][gc,heap        ] GC(773) PSYoungGen: 33771K(77312K)->33771K(77312K) Eden: 24575K(24576K)->24575K(24576K) From: 9195K(52736K)->9195K(52736K)
[281.714s][info][gc,heap        ] GC(773) ParOldGen: 337600K(341504K)->337600K(341504K)
[281.714s][info][gc,metaspace   ] GC(773) Metaspace: 6296K(6464K)->6296K(6464K) NonClass: 5763K(5824K)->5763K(5824K) Class: 532K(640K)->532K(640K)
[281.714s][info][gc             ] GC(773) Pause Full (Ergonomics) 362M->362M(409M) 381.787ms
[281.714s][info][gc,cpu         ] GC(773) User=0.36s Sys=0.00s Real=0.38s
[281.715s][info][gc,start       ] GC(774) Pause Full (Ergonomics)
[281.715s][info][gc,phases,start] GC(774) Marking Phase
[281.999s][info][gc,phases      ] GC(774) Marking Phase 284.152ms
[281.999s][info][gc,phases,start] GC(774) Summary Phase
[281.999s][info][gc,phases      ] GC(774) Summary Phase 0.034ms
[281.999s][info][gc,phases,start] GC(774) Adjust Roots
[281.999s][info][gc,phases      ] GC(774) Adjust Roots 0.246ms
[281.999s][info][gc,phases,start] GC(774) Compaction Phase
[282.095s][info][gc,phases      ] GC(774) Compaction Phase 95.999ms
[282.095s][info][gc,phases,start] GC(774) Post Compact
[282.097s][info][gc,phases      ] GC(774) Post Compact 1.530ms
[282.097s][info][gc,heap        ] GC(774) PSYoungGen: 33771K(77312K)->33771K(77312K) Eden: 24575K(24576K)->24575K(24576K) From: 9195K(52736K)->9195K(52736K)
[282.097s][info][gc,heap        ] GC(774) ParOldGen: 337605K(341504K)->337605K(341504K)
[282.097s][info][gc,metaspace   ] GC(774) Metaspace: 6296K(6464K)->6296K(6464K) NonClass: 5763K(5824K)->5763K(5824K) Class: 532K(640K)->532K(640K)
[282.097s][info][gc             ] GC(774) Pause Full (Ergonomics) 362M->362M(409M) 382.335ms
[282.097s][info][gc,cpu         ] GC(774) User=0.34s Sys=0.00s Real=0.38s
[282.097s][info][gc,start       ] GC(775) Pause Full (Ergonomics)
[282.097s][info][gc,phases,start] GC(775) Marking Phase
[282.382s][info][gc,phases      ] GC(775) Marking Phase 284.752ms
[282.382s][info][gc,phases,start] GC(775) Summary Phase
[282.382s][info][gc,phases      ] GC(775) Summary Phase 0.023ms
[282.382s][info][gc,phases,start] GC(775) Adjust Roots
[282.382s][info][gc,phases      ] GC(775) Adjust Roots 0.198ms
[282.382s][info][gc,phases,start] GC(775) Compaction Phase
[282.478s][info][gc,phases      ] GC(775) Compaction Phase 95.678ms
[282.478s][info][gc,phases,start] GC(775) Post Compact
[282.480s][info][gc,phases      ] GC(775) Post Compact 1.534ms
[282.480s][info][gc,heap        ] GC(775) PSYoungGen: 33771K(77312K)->33771K(77312K) Eden: 24575K(24576K)->24575K(24576K) From: 9195K(52736K)->9195K(52736K)
[282.480s][info][gc,heap        ] GC(775) ParOldGen: 337610K(341504K)->337610K(341504K)
[282.480s][info][gc,metaspace   ] GC(775) Metaspace: 6296K(6464K)->6296K(6464K) NonClass: 5763K(5824K)->5763K(5824K) Class: 532K(640K)->532K(640K)
[282.480s][info][gc             ] GC(775) Pause Full (Ergonomics) 362M->362M(409M) 382.535ms
[282.480s][info][gc,cpu         ] GC(775) User=0.38s Sys=0.00s Real=0.38s
[282.480s][info][gc,start       ] GC(776) Pause Full (Ergonomics)
[282.480s][info][gc,phases,start] GC(776) Marking Phase
[282.766s][info][gc,phases      ] GC(776) Marking Phase 285.185ms
[282.766s][info][gc,phases,start] GC(776) Summary Phase
[282.766s][info][gc,phases      ] GC(776) Summary Phase 0.034ms
[282.766s][info][gc,phases,start] GC(776) Adjust Roots
[282.766s][info][gc,phases      ] GC(776) Adjust Roots 0.263ms
[282.766s][info][gc,phases,start] GC(776) Compaction Phase
[282.862s][info][gc,phases      ] GC(776) Compaction Phase 95.812ms
[282.862s][info][gc,phases,start] GC(776) Post Compact
[282.864s][info][gc,phases      ] GC(776) Post Compact 1.727ms
[282.864s][info][gc,heap        ] GC(776) PSYoungGen: 33771K(77312K)->33771K(77312K) Eden: 24575K(24576K)->24575K(24576K) From: 9195K(52736K)->9195K(52736K)
[282.864s][info][gc,heap        ] GC(776) ParOldGen: 337614K(341504K)->337614K(341504K)
[282.864s][info][gc,metaspace   ] GC(776) Metaspace: 6296K(6464K)->6296K(6464K) NonClass: 5763K(5824K)->5763K(5824K) Class: 532K(640K)->532K(640K)
[282.864s][info][gc             ] GC(776) Pause Full (Ergonomics) 362M->362M(409M) 383.416ms
[282.864s][info][gc,cpu         ] GC(776) User=0.34s Sys=0.00s Real=0.38s
[282.864s][info][gc,start       ] GC(777) Pause Full (Ergonomics)
[282.864s][info][gc,phases,start] GC(777) Marking Phase
[283.148s][info][gc,phases      ] GC(777) Marking Phase 283.889ms
[283.148s][info][gc,phases,start] GC(777) Summary Phase
[283.148s][info][gc,phases      ] GC(777) Summary Phase 0.034ms
[283.148s][info][gc,phases,start] GC(777) Adjust Roots
[283.148s][info][gc,phases      ] GC(777) Adjust Roots 0.263ms
[283.148s][info][gc,phases,start] GC(777) Compaction Phase
[283.244s][info][gc,phases      ] GC(777) Compaction Phase 95.163ms
[283.244s][info][gc,phases,start] GC(777) Post Compact
[283.245s][info][gc,phases      ] GC(777) Post Compact 1.524ms
[283.245s][info][gc,heap        ] GC(777) PSYoungGen: 33771K(77312K)->33771K(77312K) Eden: 24575K(24576K)->24575K(24576K) From: 9195K(52736K)->9195K(52736K)
[283.245s][info][gc,heap        ] GC(777) ParOldGen: 337619K(341504K)->337619K(341504K)
[283.245s][info][gc,metaspace   ] GC(777) Metaspace: 6296K(6464K)->6296K(6464K) NonClass: 5763K(5824K)->5763K(5824K) Class: 532K(640K)->532K(640K)
[283.245s][info][gc             ] GC(777) Pause Full (Ergonomics) 362M->362M(409M) 381.277ms
[283.245s][info][gc,cpu         ] GC(777) User=0.36s Sys=0.00s Real=0.38s
[283.246s][info][gc,start       ] GC(778) Pause Full (Ergonomics)
[283.246s][info][gc,phases,start] GC(778) Marking Phase
[283.530s][info][gc,phases      ] GC(778) Marking Phase 284.735ms
[283.530s][info][gc,phases,start] GC(778) Summary Phase
[283.531s][info][gc,phases      ] GC(778) Summary Phase 0.032ms
[283.531s][info][gc,phases,start] GC(778) Adjust Roots
[283.531s][info][gc,phases      ] GC(778) Adjust Roots 0.229ms
[283.531s][info][gc,phases,start] GC(778) Compaction Phase
[283.626s][info][gc,phases      ] GC(778) Compaction Phase 95.645ms
[283.627s][info][gc,phases,start] GC(778) Post Compact
[283.628s][info][gc,phases      ] GC(778) Post Compact 1.540ms
[283.628s][info][gc,heap        ] GC(778) PSYoungGen: 33771K(77312K)->33771K(77312K) Eden: 24575K(24576K)->24575K(24576K) From: 9195K(52736K)->9195K(52736K)
[283.628s][info][gc,heap        ] GC(778) ParOldGen: 337624K(341504K)->337624K(341504K)
[283.628s][info][gc,metaspace   ] GC(778) Metaspace: 6296K(6464K)->6296K(6464K) NonClass: 5763K(5824K)->5763K(5824K) Class: 532K(640K)->532K(640K)
[283.628s][info][gc             ] GC(778) Pause Full (Ergonomics) 362M->362M(409M) 382.543ms
[283.628s][info][gc,cpu         ] GC(778) User=0.34s Sys=0.00s Real=0.38s
[283.628s][info][gc,start       ] GC(779) Pause Full (Ergonomics)
[283.628s][info][gc,phases,start] GC(779) Marking Phase
[283.913s][info][gc,phases      ] GC(779) Marking Phase 284.901ms
[283.913s][info][gc,phases,start] GC(779) Summary Phase
[283.913s][info][gc,phases      ] GC(779) Summary Phase 0.034ms
[283.914s][info][gc,phases,start] GC(779) Adjust Roots
[283.914s][info][gc,phases      ] GC(779) Adjust Roots 0.283ms
[283.914s][info][gc,phases,start] GC(779) Compaction Phase
[284.010s][info][gc,phases      ] GC(779) Compaction Phase 95.846ms
[284.010s][info][gc,phases,start] GC(779) Post Compact
[284.011s][info][gc,phases      ] GC(779) Post Compact 1.517ms
[284.011s][info][gc,heap        ] GC(779) PSYoungGen: 33771K(77312K)->33771K(77312K) Eden: 24575K(24576K)->24575K(24576K) From: 9195K(52736K)->9195K(52736K)
[284.011s][info][gc,heap        ] GC(779) ParOldGen: 337628K(341504K)->337628K(341504K)
[284.011s][info][gc,metaspace   ] GC(779) Metaspace: 6296K(6464K)->6296K(6464K) NonClass: 5763K(5824K)->5763K(5824K) Class: 532K(640K)->532K(640K)
[284.011s][info][gc             ] GC(779) Pause Full (Ergonomics) 362M->362M(409M) 382.973ms
[284.011s][info][gc,cpu         ] GC(779) User=0.36s Sys=0.00s Real=0.38s
[284.012s][info][gc,start       ] GC(780) Pause Full (Ergonomics)
[284.012s][info][gc,phases,start] GC(780) Marking Phase
[284.298s][info][gc,phases      ] GC(780) Marking Phase 286.104ms
[284.298s][info][gc,phases,start] GC(780) Summary Phase
[284.298s][info][gc,phases      ] GC(780) Summary Phase 0.057ms
[284.298s][info][gc,phases,start] GC(780) Adjust Roots
[284.298s][info][gc,phases      ] GC(780) Adjust Roots 0.271ms
[284.298s][info][gc,phases,start] GC(780) Compaction Phase
[284.394s][info][gc,phases      ] GC(780) Compaction Phase 95.601ms
[284.394s][info][gc,phases,start] GC(780) Post Compact
[284.396s][info][gc,phases      ] GC(780) Post Compact 1.533ms
[284.396s][info][gc,heap        ] GC(780) PSYoungGen: 33771K(77312K)->33771K(77312K) Eden: 24575K(24576K)->24575K(24576K) From: 9195K(52736K)->9195K(52736K)
[284.396s][info][gc,heap        ] GC(780) ParOldGen: 337633K(341504K)->337633K(341504K)
[284.396s][info][gc,metaspace   ] GC(780) Metaspace: 6296K(6464K)->6296K(6464K) NonClass: 5763K(5824K)->5763K(5824K) Class: 532K(640K)->532K(640K)
[284.396s][info][gc             ] GC(780) Pause Full (Ergonomics) 362M->362M(409M) 384.039ms
[284.396s][info][gc,cpu         ] GC(780) User=0.34s Sys=0.00s Real=0.38s
[284.396s][info][gc,start       ] GC(781) Pause Full (Ergonomics)
[284.396s][info][gc,phases,start] GC(781) Marking Phase
[284.679s][info][gc,phases      ] GC(781) Marking Phase 283.393ms
[284.680s][info][gc,phases,start] GC(781) Summary Phase
[284.680s][info][gc,phases      ] GC(781) Summary Phase 0.035ms
[284.680s][info][gc,phases,start] GC(781) Adjust Roots
[284.680s][info][gc,phases      ] GC(781) Adjust Roots 0.288ms
[284.680s][info][gc,phases,start] GC(781) Compaction Phase
[284.774s][info][gc,phases      ] GC(781) Compaction Phase 94.472ms
[284.775s][info][gc,phases,start] GC(781) Post Compact
[284.776s][info][gc,phases      ] GC(781) Post Compact 1.515ms
[284.776s][info][gc,heap        ] GC(781) PSYoungGen: 33771K(77312K)->33771K(77312K) Eden: 24575K(24576K)->24575K(24576K) From: 9195K(52736K)->9195K(52736K)
[284.776s][info][gc,heap        ] GC(781) ParOldGen: 337638K(341504K)->337638K(341504K)
[284.776s][info][gc,metaspace   ] GC(781) Metaspace: 6296K(6464K)->6296K(6464K) NonClass: 5763K(5824K)->5763K(5824K) Class: 532K(640K)->532K(640K)
[284.776s][info][gc             ] GC(781) Pause Full (Ergonomics) 362M->362M(409M) 380.150ms
[284.776s][info][gc,cpu         ] GC(781) User=0.34s Sys=0.00s Real=0.38s
[284.777s][info][gc,start       ] GC(782) Pause Full (Ergonomics)
[284.777s][info][gc,phases,start] GC(782) Marking Phase
[285.060s][info][gc,phases      ] GC(782) Marking Phase 283.392ms
[285.060s][info][gc,phases,start] GC(782) Summary Phase
[285.060s][info][gc,phases      ] GC(782) Summary Phase 0.035ms
[285.060s][info][gc,phases,start] GC(782) Adjust Roots
[285.061s][info][gc,phases      ] GC(782) Adjust Roots 0.320ms
[285.061s][info][gc,phases,start] GC(782) Compaction Phase
[285.158s][info][gc,phases      ] GC(782) Compaction Phase 97.067ms
[285.158s][info][gc,phases,start] GC(782) Post Compact
[285.159s][info][gc,phases      ] GC(782) Post Compact 1.570ms
[285.159s][info][gc,heap        ] GC(782) PSYoungGen: 33771K(77312K)->33771K(77312K) Eden: 24575K(24576K)->24575K(24576K) From: 9195K(52736K)->9195K(52736K)
[285.159s][info][gc,heap        ] GC(782) ParOldGen: 337642K(341504K)->337642K(341504K)
[285.159s][info][gc,metaspace   ] GC(782) Metaspace: 6296K(6464K)->6296K(6464K) NonClass: 5763K(5824K)->5763K(5824K) Class: 532K(640K)->532K(640K)
[285.159s][info][gc             ] GC(782) Pause Full (Ergonomics) 362M->362M(409M) 382.788ms
[285.159s][info][gc,cpu         ] GC(782) User=0.34s Sys=0.00s Real=0.38s
[285.160s][info][gc,start       ] GC(783) Pause Full (Ergonomics)
[285.160s][info][gc,phases,start] GC(783) Marking Phase
[285.444s][info][gc,phases      ] GC(783) Marking Phase 283.797ms
[285.444s][info][gc,phases,start] GC(783) Summary Phase
[285.444s][info][gc,phases      ] GC(783) Summary Phase 0.023ms
[285.444s][info][gc,phases,start] GC(783) Adjust Roots
[285.444s][info][gc,phases      ] GC(783) Adjust Roots 0.256ms
[285.444s][info][gc,phases,start] GC(783) Compaction Phase
[285.539s][info][gc,phases      ] GC(783) Compaction Phase 95.452ms
[285.540s][info][gc,phases,start] GC(783) Post Compact
[285.541s][info][gc,phases      ] GC(783) Post Compact 1.537ms
[285.541s][info][gc,heap        ] GC(783) PSYoungGen: 33771K(77312K)->33771K(77312K) Eden: 24575K(24576K)->24575K(24576K) From: 9195K(52736K)->9195K(52736K)
[285.541s][info][gc,heap        ] GC(783) ParOldGen: 337647K(341504K)->337647K(341504K)
[285.541s][info][gc,metaspace   ] GC(783) Metaspace: 6296K(6464K)->6296K(6464K) NonClass: 5763K(5824K)->5763K(5824K) Class: 532K(640K)->532K(640K)
[285.541s][info][gc             ] GC(783) Pause Full (Ergonomics) 362M->362M(409M) 381.479ms
[285.541s][info][gc,cpu         ] GC(783) User=0.36s Sys=0.00s Real=0.38s
[285.542s][info][gc,start       ] GC(784) Pause Full (Ergonomics)
[285.542s][info][gc,phases,start] GC(784) Marking Phase
[285.826s][info][gc,phases      ] GC(784) Marking Phase 284.305ms
[285.826s][info][gc,phases,start] GC(784) Summary Phase
[285.826s][info][gc,phases      ] GC(784) Summary Phase 0.023ms
[285.826s][info][gc,phases,start] GC(784) Adjust Roots
[285.826s][info][gc,phases      ] GC(784) Adjust Roots 0.210ms
[285.826s][info][gc,phases,start] GC(784) Compaction Phase
[285.923s][info][gc,phases      ] GC(784) Compaction Phase 97.185ms
[285.923s][info][gc,phases,start] GC(784) Post Compact
[285.925s][info][gc,phases      ] GC(784) Post Compact 1.552ms
[285.925s][info][gc,heap        ] GC(784) PSYoungGen: 33771K(77312K)->33771K(77312K) Eden: 24575K(24576K)->24575K(24576K) From: 9195K(52736K)->9195K(52736K)
[285.925s][info][gc,heap        ] GC(784) ParOldGen: 337652K(341504K)->337652K(341504K)
[285.925s][info][gc,metaspace   ] GC(784) Metaspace: 6296K(6464K)->6296K(6464K) NonClass: 5763K(5824K)->5763K(5824K) Class: 532K(640K)->532K(640K)
[285.925s][info][gc             ] GC(784) Pause Full (Ergonomics) 362M->362M(409M) 383.621ms
[285.925s][info][gc,cpu         ] GC(784) User=0.34s Sys=0.00s Real=0.38s
[285.925s][info][gc,start       ] GC(785) Pause Full (Ergonomics)
[285.925s][info][gc,phases,start] GC(785) Marking Phase
[286.209s][info][gc,phases      ] GC(785) Marking Phase 283.814ms
[286.209s][info][gc,phases,start] GC(785) Summary Phase
[286.209s][info][gc,phases      ] GC(785) Summary Phase 0.035ms
[286.209s][info][gc,phases,start] GC(785) Adjust Roots
[286.210s][info][gc,phases      ] GC(785) Adjust Roots 0.248ms
[286.210s][info][gc,phases,start] GC(785) Compaction Phase
[286.306s][info][gc,phases      ] GC(785) Compaction Phase 96.300ms
[286.306s][info][gc,phases,start] GC(785) Post Compact
[286.308s][info][gc,phases      ] GC(785) Post Compact 1.529ms
[286.308s][info][gc,heap        ] GC(785) PSYoungGen: 33771K(77312K)->33771K(77312K) Eden: 24575K(24576K)->24575K(24576K) From: 9195K(52736K)->9195K(52736K)
[286.308s][info][gc,heap        ] GC(785) ParOldGen: 337656K(341504K)->337656K(341504K)
[286.308s][info][gc,metaspace   ] GC(785) Metaspace: 6296K(6464K)->6296K(6464K) NonClass: 5763K(5824K)->5763K(5824K) Class: 532K(640K)->532K(640K)
[286.308s][info][gc             ] GC(785) Pause Full (Ergonomics) 362M->362M(409M) 382.314ms
[286.308s][info][gc,cpu         ] GC(785) User=0.36s Sys=0.00s Real=0.38s
[286.308s][info][gc,start       ] GC(786) Pause Full (Ergonomics)
[286.308s][info][gc,phases,start] GC(786) Marking Phase
[286.592s][info][gc,phases      ] GC(786) Marking Phase 284.085ms
[286.592s][info][gc,phases,start] GC(786) Summary Phase
[286.592s][info][gc,phases      ] GC(786) Summary Phase 0.034ms
[286.592s][info][gc,phases,start] GC(786) Adjust Roots
[286.593s][info][gc,phases      ] GC(786) Adjust Roots 0.287ms
[286.593s][info][gc,phases,start] GC(786) Compaction Phase
[286.688s][info][gc,phases      ] GC(786) Compaction Phase 95.554ms
[286.688s][info][gc,phases,start] GC(786) Post Compact
[286.690s][info][gc,phases      ] GC(786) Post Compact 1.583ms
[286.690s][info][gc,heap        ] GC(786) PSYoungGen: 33771K(77312K)->33771K(77312K) Eden: 24575K(24576K)->24575K(24576K) From: 9195K(52736K)->9195K(52736K)
[286.690s][info][gc,heap        ] GC(786) ParOldGen: 337661K(341504K)->337661K(341504K)
[286.690s][info][gc,metaspace   ] GC(786) Metaspace: 6296K(6464K)->6296K(6464K) NonClass: 5763K(5824K)->5763K(5824K) Class: 532K(640K)->532K(640K)
[286.690s][info][gc             ] GC(786) Pause Full (Ergonomics) 362M->362M(409M) 381.941ms
[286.690s][info][gc,cpu         ] GC(786) User=0.34s Sys=0.00s Real=0.38s
[286.690s][info][gc,start       ] GC(787) Pause Full (Ergonomics)
[286.690s][info][gc,phases,start] GC(787) Marking Phase
[286.974s][info][gc,phases      ] GC(787) Marking Phase 283.521ms
[286.974s][info][gc,phases,start] GC(787) Summary Phase
[286.974s][info][gc,phases      ] GC(787) Summary Phase 0.035ms
[286.974s][info][gc,phases,start] GC(787) Adjust Roots
[286.974s][info][gc,phases      ] GC(787) Adjust Roots 0.242ms
[286.974s][info][gc,phases,start] GC(787) Compaction Phase
[287.069s][info][gc,phases      ] GC(787) Compaction Phase 94.851ms
[287.069s][info][gc,phases,start] GC(787) Post Compact
[287.071s][info][gc,phases      ] GC(787) Post Compact 1.519ms
[287.071s][info][gc,heap        ] GC(787) PSYoungGen: 33771K(77312K)->33771K(77312K) Eden: 24575K(24576K)->24575K(24576K) From: 9195K(52736K)->9195K(52736K)
[287.071s][info][gc,heap        ] GC(787) ParOldGen: 337666K(341504K)->337666K(341504K)
[287.071s][info][gc,metaspace   ] GC(787) Metaspace: 6296K(6464K)->6296K(6464K) NonClass: 5763K(5824K)->5763K(5824K) Class: 532K(640K)->532K(640K)
[287.071s][info][gc             ] GC(787) Pause Full (Ergonomics) 362M->362M(409M) 380.552ms
[287.071s][info][gc,cpu         ] GC(787) User=0.36s Sys=0.00s Real=0.38s
[287.071s][info][gc,start       ] GC(788) Pause Full (Ergonomics)
[287.071s][info][gc,phases,start] GC(788) Marking Phase
[287.355s][info][gc,phases      ] GC(788) Marking Phase 284.015ms
[287.355s][info][gc,phases,start] GC(788) Summary Phase
[287.355s][info][gc,phases      ] GC(788) Summary Phase 0.034ms
[287.355s][info][gc,phases,start] GC(788) Adjust Roots
[287.356s][info][gc,phases      ] GC(788) Adjust Roots 0.248ms
[287.356s][info][gc,phases,start] GC(788) Compaction Phase
[287.452s][info][gc,phases      ] GC(788) Compaction Phase 95.911ms
[287.452s][info][gc,phases,start] GC(788) Post Compact
[287.453s][info][gc,phases      ] GC(788) Post Compact 1.519ms
[287.453s][info][gc,heap        ] GC(788) PSYoungGen: 33771K(77312K)->33771K(77312K) Eden: 24575K(24576K)->24575K(24576K) From: 9195K(52736K)->9195K(52736K)
[287.453s][info][gc,heap        ] GC(788) ParOldGen: 337670K(341504K)->337670K(341504K)
[287.453s][info][gc,metaspace   ] GC(788) Metaspace: 6296K(6464K)->6296K(6464K) NonClass: 5763K(5824K)->5763K(5824K) Class: 532K(640K)->532K(640K)
[287.453s][info][gc             ] GC(788) Pause Full (Ergonomics) 362M->362M(409M) 382.099ms
[287.453s][info][gc,cpu         ] GC(788) User=0.34s Sys=0.00s Real=0.38s
[287.454s][info][gc,start       ] GC(789) Pause Full (Ergonomics)
[287.454s][info][gc,phases,start] GC(789) Marking Phase
[287.737s][info][gc,phases      ] GC(789) Marking Phase 283.596ms
[287.737s][info][gc,phases,start] GC(789) Summary Phase
[287.737s][info][gc,phases      ] GC(789) Summary Phase 0.023ms
[287.737s][info][gc,phases,start] GC(789) Adjust Roots
[287.737s][info][gc,phases      ] GC(789) Adjust Roots 0.235ms
[287.738s][info][gc,phases,start] GC(789) Compaction Phase
[287.833s][info][gc,phases      ] GC(789) Compaction Phase 95.536ms
[287.833s][info][gc,phases,start] GC(789) Post Compact
[287.835s][info][gc,phases      ] GC(789) Post Compact 1.544ms
[287.835s][info][gc,heap        ] GC(789) PSYoungGen: 33771K(77312K)->33771K(77312K) Eden: 24575K(24576K)->24575K(24576K) From: 9195K(52736K)->9195K(52736K)
[287.835s][info][gc,heap        ] GC(789) ParOldGen: 337675K(341504K)->337675K(341504K)
[287.835s][info][gc,metaspace   ] GC(789) Metaspace: 6296K(6464K)->6296K(6464K) NonClass: 5763K(5824K)->5763K(5824K) Class: 532K(640K)->532K(640K)
[287.835s][info][gc             ] GC(789) Pause Full (Ergonomics) 362M->362M(409M) 381.319ms
[287.835s][info][gc,cpu         ] GC(789) User=0.38s Sys=0.00s Real=0.38s
[287.835s][info][gc,start       ] GC(790) Pause Full (Ergonomics)
[287.835s][info][gc,phases,start] GC(790) Marking Phase
[288.119s][info][gc,phases      ] GC(790) Marking Phase 283.948ms
[288.119s][info][gc,phases,start] GC(790) Summary Phase
[288.119s][info][gc,phases      ] GC(790) Summary Phase 0.017ms
[288.119s][info][gc,phases,start] GC(790) Adjust Roots
[288.119s][info][gc,phases      ] GC(790) Adjust Roots 0.211ms
[288.119s][info][gc,phases,start] GC(790) Compaction Phase
[288.216s][info][gc,phases      ] GC(790) Compaction Phase 96.679ms
[288.216s][info][gc,phases,start] GC(790) Post Compact
[288.218s][info][gc,phases      ] GC(790) Post Compact 1.555ms
[288.218s][info][gc,heap        ] GC(790) PSYoungGen: 33771K(77312K)->33771K(77312K) Eden: 24575K(24576K)->24575K(24576K) From: 9195K(52736K)->9195K(52736K)
[288.218s][info][gc,heap        ] GC(790) ParOldGen: 337680K(341504K)->337680K(341504K)
[288.218s][info][gc,metaspace   ] GC(790) Metaspace: 6296K(6464K)->6296K(6464K) NonClass: 5763K(5824K)->5763K(5824K) Class: 532K(640K)->532K(640K)
[288.218s][info][gc             ] GC(790) Pause Full (Ergonomics) 362M->362M(409M) 382.740ms
[288.218s][info][gc,cpu         ] GC(790) User=0.34s Sys=0.00s Real=0.38s
[288.218s][info][gc,start       ] GC(791) Pause Full (Ergonomics)
[288.218s][info][gc,phases,start] GC(791) Marking Phase
[288.502s][info][gc,phases      ] GC(791) Marking Phase 283.853ms
[288.502s][info][gc,phases,start] GC(791) Summary Phase
[288.502s][info][gc,phases      ] GC(791) Summary Phase 0.034ms
[288.502s][info][gc,phases,start] GC(791) Adjust Roots
[288.502s][info][gc,phases      ] GC(791) Adjust Roots 0.271ms
[288.502s][info][gc,phases,start] GC(791) Compaction Phase
[288.598s][info][gc,phases      ] GC(791) Compaction Phase 95.325ms
[288.598s][info][gc,phases,start] GC(791) Post Compact
[288.599s][info][gc,phases      ] GC(791) Post Compact 1.524ms
[288.599s][info][gc,heap        ] GC(791) PSYoungGen: 33771K(77312K)->33771K(77312K) Eden: 24575K(24576K)->24575K(24576K) From: 9195K(52736K)->9195K(52736K)
[288.600s][info][gc,heap        ] GC(791) ParOldGen: 337684K(341504K)->337684K(341504K)
[288.600s][info][gc,metaspace   ] GC(791) Metaspace: 6296K(6464K)->6296K(6464K) NonClass: 5763K(5824K)->5763K(5824K) Class: 532K(640K)->532K(640K)
[288.600s][info][gc             ] GC(791) Pause Full (Ergonomics) 362M->362M(409M) 381.411ms
[288.600s][info][gc,cpu         ] GC(791) User=0.36s Sys=0.00s Real=0.38s
[288.600s][info][gc,start       ] GC(792) Pause Full (Ergonomics)
[288.600s][info][gc,phases,start] GC(792) Marking Phase
[288.884s][info][gc,phases      ] GC(792) Marking Phase 284.256ms
[288.884s][info][gc,phases,start] GC(792) Summary Phase
[288.884s][info][gc,phases      ] GC(792) Summary Phase 0.034ms
[288.884s][info][gc,phases,start] GC(792) Adjust Roots
[288.885s][info][gc,phases      ] GC(792) Adjust Roots 0.287ms
[288.885s][info][gc,phases,start] GC(792) Compaction Phase
[288.980s][info][gc,phases      ] GC(792) Compaction Phase 95.115ms
[288.980s][info][gc,phases,start] GC(792) Post Compact
[288.981s][info][gc,phases      ] GC(792) Post Compact 1.532ms
[288.981s][info][gc,heap        ] GC(792) PSYoungGen: 33771K(77312K)->33771K(77312K) Eden: 24575K(24576K)->24575K(24576K) From: 9195K(52736K)->9195K(52736K)
[288.981s][info][gc,heap        ] GC(792) ParOldGen: 337689K(341504K)->337689K(341504K)
[288.981s][info][gc,metaspace   ] GC(792) Metaspace: 6296K(6464K)->6296K(6464K) NonClass: 5763K(5824K)->5763K(5824K) Class: 532K(640K)->532K(640K)
[288.981s][info][gc             ] GC(792) Pause Full (Ergonomics) 362M->362M(409M) 381.610ms
[288.981s][info][gc,cpu         ] GC(792) User=0.34s Sys=0.00s Real=0.38s
[288.982s][info][gc,start       ] GC(793) Pause Full (Ergonomics)
[288.982s][info][gc,phases,start] GC(793) Marking Phase
[289.266s][info][gc,phases      ] GC(793) Marking Phase 284.061ms
[289.266s][info][gc,phases,start] GC(793) Summary Phase
[289.266s][info][gc,phases      ] GC(793) Summary Phase 0.022ms
[289.266s][info][gc,phases,start] GC(793) Adjust Roots
[289.266s][info][gc,phases      ] GC(793) Adjust Roots 0.211ms
[289.266s][info][gc,phases,start] GC(793) Compaction Phase
[289.361s][info][gc,phases      ] GC(793) Compaction Phase 95.211ms
[289.361s][info][gc,phases,start] GC(793) Post Compact
[289.363s][info][gc,phases      ] GC(793) Post Compact 1.524ms
[289.363s][info][gc,heap        ] GC(793) PSYoungGen: 33771K(77312K)->33771K(77312K) Eden: 24575K(24576K)->24575K(24576K) From: 9195K(52736K)->9195K(52736K)
[289.363s][info][gc,heap        ] GC(793) ParOldGen: 337694K(341504K)->337694K(341504K)
[289.363s][info][gc,metaspace   ] GC(793) Metaspace: 6296K(6464K)->6296K(6464K) NonClass: 5763K(5824K)->5763K(5824K) Class: 532K(640K)->532K(640K)
[289.363s][info][gc             ] GC(793) Pause Full (Ergonomics) 362M->362M(409M) 381.378ms
[289.363s][info][gc,cpu         ] GC(793) User=0.34s Sys=0.00s Real=0.38s
[289.364s][info][gc,start       ] GC(794) Pause Full (Ergonomics)
[289.364s][info][gc,phases,start] GC(794) Marking Phase
[289.647s][info][gc,phases      ] GC(794) Marking Phase 283.833ms
[289.648s][info][gc,phases,start] GC(794) Summary Phase
[289.648s][info][gc,phases      ] GC(794) Summary Phase 0.036ms
[289.648s][info][gc,phases,start] GC(794) Adjust Roots
[289.648s][info][gc,phases      ] GC(794) Adjust Roots 0.290ms
[289.648s][info][gc,phases,start] GC(794) Compaction Phase
[289.744s][info][gc,phases      ] GC(794) Compaction Phase 95.557ms
[289.744s][info][gc,phases,start] GC(794) Post Compact
[289.745s][info][gc,phases      ] GC(794) Post Compact 1.507ms
[289.745s][info][gc,heap        ] GC(794) PSYoungGen: 33771K(77312K)->33771K(77312K) Eden: 24575K(24576K)->24575K(24576K) From: 9195K(52736K)->9195K(52736K)
[289.745s][info][gc,heap        ] GC(794) ParOldGen: 337698K(341504K)->337698K(341504K)
[289.745s][info][gc,metaspace   ] GC(794) Metaspace: 6296K(6464K)->6296K(6464K) NonClass: 5763K(5824K)->5763K(5824K) Class: 532K(640K)->532K(640K)
[289.745s][info][gc             ] GC(794) Pause Full (Ergonomics) 362M->362M(409M) 381.641ms
[289.745s][info][gc,cpu         ] GC(794) User=0.36s Sys=0.00s Real=0.38s
[289.746s][info][gc,start       ] GC(795) Pause Full (Ergonomics)
[289.746s][info][gc,phases,start] GC(795) Marking Phase
[290.030s][info][gc,phases      ] GC(795) Marking Phase 284.402ms
[290.030s][info][gc,phases,start] GC(795) Summary Phase
[290.030s][info][gc,phases      ] GC(795) Summary Phase 0.022ms
[290.030s][info][gc,phases,start] GC(795) Adjust Roots
[290.030s][info][gc,phases      ] GC(795) Adjust Roots 0.235ms
[290.030s][info][gc,phases,start] GC(795) Compaction Phase
[290.127s][info][gc,phases      ] GC(795) Compaction Phase 96.546ms
[290.127s][info][gc,phases,start] GC(795) Post Compact
[290.128s][info][gc,phases      ] GC(795) Post Compact 1.513ms
[290.129s][info][gc,heap        ] GC(795) PSYoungGen: 33771K(77312K)->33771K(77312K) Eden: 24575K(24576K)->24575K(24576K) From: 9195K(52736K)->9195K(52736K)
[290.129s][info][gc,heap        ] GC(795) ParOldGen: 337703K(341504K)->337703K(341504K)
[290.129s][info][gc,metaspace   ] GC(795) Metaspace: 6296K(6464K)->6296K(6464K) NonClass: 5763K(5824K)->5763K(5824K) Class: 532K(640K)->532K(640K)
[290.129s][info][gc             ] GC(795) Pause Full (Ergonomics) 362M->362M(409M) 383.061ms
[290.129s][info][gc,cpu         ] GC(795) User=0.34s Sys=0.00s Real=0.38s
[290.129s][info][gc,start       ] GC(796) Pause Full (Ergonomics)
[290.129s][info][gc,phases,start] GC(796) Marking Phase
[290.413s][info][gc,phases      ] GC(796) Marking Phase 284.112ms
[290.413s][info][gc,phases,start] GC(796) Summary Phase
[290.413s][info][gc,phases      ] GC(796) Summary Phase 0.024ms
[290.413s][info][gc,phases,start] GC(796) Adjust Roots
[290.413s][info][gc,phases      ] GC(796) Adjust Roots 0.318ms
[290.413s][info][gc,phases,start] GC(796) Compaction Phase
[290.511s][info][gc,phases      ] GC(796) Compaction Phase 97.583ms
[290.511s][info][gc,phases,start] GC(796) Post Compact
[290.513s][info][gc,phases      ] GC(796) Post Compact 1.522ms
[290.513s][info][gc,heap        ] GC(796) PSYoungGen: 33771K(77312K)->33771K(77312K) Eden: 24575K(24576K)->24575K(24576K) From: 9195K(52736K)->9195K(52736K)
[290.513s][info][gc,heap        ] GC(796) ParOldGen: 337708K(341504K)->337708K(341504K)
[290.513s][info][gc,metaspace   ] GC(796) Metaspace: 6296K(6464K)->6296K(6464K) NonClass: 5763K(5824K)->5763K(5824K) Class: 532K(640K)->532K(640K)
[290.513s][info][gc             ] GC(796) Pause Full (Ergonomics) 362M->362M(409M) 383.974ms
[290.513s][info][gc,cpu         ] GC(796) User=0.36s Sys=0.00s Real=0.38s
[290.513s][info][gc,start       ] GC(797) Pause Full (Ergonomics)
[290.513s][info][gc,phases,start] GC(797) Marking Phase
[290.797s][info][gc,phases      ] GC(797) Marking Phase 284.184ms
[290.797s][info][gc,phases,start] GC(797) Summary Phase
[290.797s][info][gc,phases      ] GC(797) Summary Phase 0.035ms
[290.797s][info][gc,phases,start] GC(797) Adjust Roots
[290.798s][info][gc,phases      ] GC(797) Adjust Roots 0.316ms
[290.798s][info][gc,phases,start] GC(797) Compaction Phase
[290.894s][info][gc,phases      ] GC(797) Compaction Phase 96.388ms
[290.894s][info][gc,phases,start] GC(797) Post Compact
[290.896s][info][gc,phases      ] GC(797) Post Compact 1.537ms
[290.896s][info][gc,heap        ] GC(797) PSYoungGen: 33771K(77312K)->33771K(77312K) Eden: 24575K(24576K)->24575K(24576K) From: 9195K(52736K)->9195K(52736K)
[290.896s][info][gc,heap        ] GC(797) ParOldGen: 337712K(341504K)->337712K(341504K)
[290.896s][info][gc,metaspace   ] GC(797) Metaspace: 6296K(6464K)->6296K(6464K) NonClass: 5763K(5824K)->5763K(5824K) Class: 532K(640K)->532K(640K)
[290.896s][info][gc             ] GC(797) Pause Full (Ergonomics) 362M->362M(409M) 382.853ms
[290.896s][info][gc,cpu         ] GC(797) User=0.34s Sys=0.00s Real=0.38s
[290.896s][info][gc,start       ] GC(798) Pause Full (Ergonomics)
[290.896s][info][gc,phases,start] GC(798) Marking Phase
[291.180s][info][gc,phases      ] GC(798) Marking Phase 283.749ms
[291.180s][info][gc,phases,start] GC(798) Summary Phase
[291.180s][info][gc,phases      ] GC(798) Summary Phase 0.035ms
[291.180s][info][gc,phases,start] GC(798) Adjust Roots
[291.180s][info][gc,phases      ] GC(798) Adjust Roots 0.268ms
[291.180s][info][gc,phases,start] GC(798) Compaction Phase
[291.276s][info][gc,phases      ] GC(798) Compaction Phase 95.834ms
[291.276s][info][gc,phases,start] GC(798) Post Compact
[291.278s][info][gc,phases      ] GC(798) Post Compact 1.534ms
[291.278s][info][gc,heap        ] GC(798) PSYoungGen: 33771K(77312K)->33771K(77312K) Eden: 24575K(24576K)->24575K(24576K) From: 9195K(52736K)->9195K(52736K)
[291.278s][info][gc,heap        ] GC(798) ParOldGen: 337717K(341504K)->337717K(341504K)
[291.278s][info][gc,metaspace   ] GC(798) Metaspace: 6296K(6464K)->6296K(6464K) NonClass: 5763K(5824K)->5763K(5824K) Class: 532K(640K)->532K(640K)
[291.278s][info][gc             ] GC(798) Pause Full (Ergonomics) 362M->362M(409M) 381.788ms
[291.278s][info][gc,cpu         ] GC(798) User=0.34s Sys=0.00s Real=0.38s
[291.278s][info][gc,start       ] GC(799) Pause Full (Ergonomics)
[291.278s][info][gc,phases,start] GC(799) Marking Phase
[291.559s][info][gc,phases      ] GC(799) Marking Phase 280.917ms
[291.559s][info][gc,phases,start] GC(799) Summary Phase
[291.559s][info][gc,phases      ] GC(799) Summary Phase 0.034ms
[291.559s][info][gc,phases,start] GC(799) Adjust Roots
[291.560s][info][gc,phases      ] GC(799) Adjust Roots 0.242ms
[291.560s][info][gc,phases,start] GC(799) Compaction Phase
[291.655s][info][gc,phases      ] GC(799) Compaction Phase 95.686ms
[291.655s][info][gc,phases,start] GC(799) Post Compact
[291.657s][info][gc,phases      ] GC(799) Post Compact 1.510ms
[291.657s][info][gc,heap        ] GC(799) PSYoungGen: 33771K(77312K)->33771K(77312K) Eden: 24575K(24576K)->24575K(24576K) From: 9195K(52736K)->9195K(52736K)
[291.657s][info][gc,heap        ] GC(799) ParOldGen: 337722K(341504K)->337722K(341504K)
[291.657s][info][gc,metaspace   ] GC(799) Metaspace: 6296K(6464K)->6296K(6464K) NonClass: 5763K(5824K)->5763K(5824K) Class: 532K(640K)->532K(640K)
[291.657s][info][gc             ] GC(799) Pause Full (Ergonomics) 362M->362M(409M) 378.775ms
[291.657s][info][gc,cpu         ] GC(799) User=0.34s Sys=0.00s Real=0.38s
[291.657s][info][gc,start       ] GC(800) Pause Full (Ergonomics)
[291.657s][info][gc,phases,start] GC(800) Marking Phase
[291.942s][info][gc,phases      ] GC(800) Marking Phase 284.633ms
[291.942s][info][gc,phases,start] GC(800) Summary Phase
[291.942s][info][gc,phases      ] GC(800) Summary Phase 0.034ms
[291.942s][info][gc,phases,start] GC(800) Adjust Roots
[291.943s][info][gc,phases      ] GC(800) Adjust Roots 0.291ms
[291.943s][info][gc,phases,start] GC(800) Compaction Phase
[292.038s][info][gc,phases      ] GC(800) Compaction Phase 95.024ms
[292.038s][info][gc,phases,start] GC(800) Post Compact
[292.039s][info][gc,phases      ] GC(800) Post Compact 1.520ms
[292.039s][info][gc,heap        ] GC(800) PSYoungGen: 33771K(77312K)->33771K(77312K) Eden: 24575K(24576K)->24575K(24576K) From: 9195K(52736K)->9195K(52736K)
[292.039s][info][gc,heap        ] GC(800) ParOldGen: 337726K(341504K)->337726K(341504K)
[292.039s][info][gc,metaspace   ] GC(800) Metaspace: 6296K(6464K)->6296K(6464K) NonClass: 5763K(5824K)->5763K(5824K) Class: 532K(640K)->532K(640K)
[292.039s][info][gc             ] GC(800) Pause Full (Ergonomics) 362M->362M(409M) 381.914ms
[292.039s][info][gc,cpu         ] GC(800) User=0.38s Sys=0.00s Real=0.38s
[292.040s][info][gc,start       ] GC(801) Pause Full (Ergonomics)
[292.040s][info][gc,phases,start] GC(801) Marking Phase
[292.324s][info][gc,phases      ] GC(801) Marking Phase 284.054ms
[292.324s][info][gc,phases,start] GC(801) Summary Phase
[292.324s][info][gc,phases      ] GC(801) Summary Phase 0.035ms
[292.324s][info][gc,phases,start] GC(801) Adjust Roots
[292.324s][info][gc,phases      ] GC(801) Adjust Roots 0.268ms
[292.324s][info][gc,phases,start] GC(801) Compaction Phase
[292.421s][info][gc,phases      ] GC(801) Compaction Phase 96.899ms
[292.421s][info][gc,phases,start] GC(801) Post Compact
[292.423s][info][gc,phases      ] GC(801) Post Compact 1.534ms
[292.423s][info][gc,heap        ] GC(801) PSYoungGen: 33771K(77312K)->33771K(77312K) Eden: 24575K(24576K)->24575K(24576K) From: 9195K(52736K)->9195K(52736K)
[292.423s][info][gc,heap        ] GC(801) ParOldGen: 337731K(341504K)->337731K(341504K)
[292.423s][info][gc,metaspace   ] GC(801) Metaspace: 6296K(6464K)->6296K(6464K) NonClass: 5763K(5824K)->5763K(5824K) Class: 532K(640K)->532K(640K)
[292.423s][info][gc             ] GC(801) Pause Full (Ergonomics) 362M->362M(409M) 383.186ms
[292.423s][info][gc,cpu         ] GC(801) User=0.34s Sys=0.00s Real=0.38s
[292.423s][info][gc,start       ] GC(802) Pause Full (Ergonomics)
[292.423s][info][gc,phases,start] GC(802) Marking Phase
[292.707s][info][gc,phases      ] GC(802) Marking Phase 284.306ms
[292.708s][info][gc,phases,start] GC(802) Summary Phase
[292.708s][info][gc,phases      ] GC(802) Summary Phase 0.034ms
[292.708s][info][gc,phases,start] GC(802) Adjust Roots
[292.708s][info][gc,phases      ] GC(802) Adjust Roots 0.242ms
[292.708s][info][gc,phases,start] GC(802) Compaction Phase
[292.803s][info][gc,phases      ] GC(802) Compaction Phase 95.460ms
[292.803s][info][gc,phases,start] GC(802) Post Compact
[292.805s][info][gc,phases      ] GC(802) Post Compact 1.517ms
[292.805s][info][gc,heap        ] GC(802) PSYoungGen: 33771K(77312K)->33771K(77312K) Eden: 24575K(24576K)->24575K(24576K) From: 9195K(52736K)->9195K(52736K)
[292.805s][info][gc,heap        ] GC(802) ParOldGen: 337736K(341504K)->337736K(341504K)
[292.805s][info][gc,metaspace   ] GC(802) Metaspace: 6296K(6464K)->6296K(6464K) NonClass: 5763K(5824K)->5763K(5824K) Class: 532K(640K)->532K(640K)
[292.805s][info][gc             ] GC(802) Pause Full (Ergonomics) 362M->362M(409M) 381.975ms
[292.805s][info][gc,cpu         ] GC(802) User=0.38s Sys=0.00s Real=0.38s
[292.805s][info][gc,start       ] GC(803) Pause Full (Ergonomics)
[292.805s][info][gc,phases,start] GC(803) Marking Phase
[293.088s][info][gc,phases      ] GC(803) Marking Phase 282.896ms
[293.088s][info][gc,phases,start] GC(803) Summary Phase
[293.088s][info][gc,phases      ] GC(803) Summary Phase 0.035ms
[293.088s][info][gc,phases,start] GC(803) Adjust Roots
[293.089s][info][gc,phases      ] GC(803) Adjust Roots 0.261ms
[293.089s][info][gc,phases,start] GC(803) Compaction Phase
[293.185s][info][gc,phases      ] GC(803) Compaction Phase 95.812ms
[293.185s][info][gc,phases,start] GC(803) Post Compact
[293.186s][info][gc,phases      ] GC(803) Post Compact 1.517ms
[293.186s][info][gc,heap        ] GC(803) PSYoungGen: 33771K(77312K)->33771K(77312K) Eden: 24575K(24576K)->24575K(24576K) From: 9195K(52736K)->9195K(52736K)
[293.186s][info][gc,heap        ] GC(803) ParOldGen: 337740K(341504K)->337740K(341504K)
[293.186s][info][gc,metaspace   ] GC(803) Metaspace: 6296K(6464K)->6296K(6464K) NonClass: 5763K(5824K)->5763K(5824K) Class: 532K(640K)->532K(640K)
[293.186s][info][gc             ] GC(803) Pause Full (Ergonomics) 362M->362M(409M) 380.924ms
[293.186s][info][gc,cpu         ] GC(803) User=0.34s Sys=0.00s Real=0.38s
[293.187s][info][gc,start       ] GC(804) Pause Full (Ergonomics)
[293.187s][info][gc,phases,start] GC(804) Marking Phase
[293.471s][info][gc,phases      ] GC(804) Marking Phase 284.132ms
[293.471s][info][gc,phases,start] GC(804) Summary Phase
[293.471s][info][gc,phases      ] GC(804) Summary Phase 0.035ms
[293.471s][info][gc,phases,start] GC(804) Adjust Roots
[293.471s][info][gc,phases      ] GC(804) Adjust Roots 0.265ms
[293.471s][info][gc,phases,start] GC(804) Compaction Phase
[293.566s][info][gc,phases      ] GC(804) Compaction Phase 95.146ms
[293.566s][info][gc,phases,start] GC(804) Post Compact
[293.568s][info][gc,phases      ] GC(804) Post Compact 1.600ms
[293.568s][info][gc,heap        ] GC(804) PSYoungGen: 33771K(77312K)->33771K(77312K) Eden: 24575K(24576K)->24575K(24576K) From: 9195K(52736K)->9195K(52736K)
[293.568s][info][gc,heap        ] GC(804) ParOldGen: 337745K(341504K)->337745K(341504K)
[293.568s][info][gc,metaspace   ] GC(804) Metaspace: 6296K(6464K)->6296K(6464K) NonClass: 5763K(5824K)->5763K(5824K) Class: 532K(640K)->532K(640K)
[293.568s][info][gc             ] GC(804) Pause Full (Ergonomics) 362M->362M(409M) 381.691ms
[293.568s][info][gc,cpu         ] GC(804) User=0.38s Sys=0.00s Real=0.38s
[293.569s][info][gc,start       ] GC(805) Pause Full (Ergonomics)
[293.569s][info][gc,phases,start] GC(805) Marking Phase
[293.851s][info][gc,phases      ] GC(805) Marking Phase 282.517ms
[293.851s][info][gc,phases,start] GC(805) Summary Phase
[293.851s][info][gc,phases      ] GC(805) Summary Phase 0.023ms
[293.851s][info][gc,phases,start] GC(805) Adjust Roots
[293.851s][info][gc,phases      ] GC(805) Adjust Roots 0.209ms
[293.851s][info][gc,phases,start] GC(805) Compaction Phase
[293.947s][info][gc,phases      ] GC(805) Compaction Phase 95.659ms
[293.947s][info][gc,phases,start] GC(805) Post Compact
[293.949s][info][gc,phases      ] GC(805) Post Compact 1.654ms
[293.949s][info][gc,heap        ] GC(805) PSYoungGen: 33771K(77312K)->33771K(77312K) Eden: 24575K(24576K)->24575K(24576K) From: 9195K(52736K)->9195K(52736K)
[293.949s][info][gc,heap        ] GC(805) ParOldGen: 337750K(341504K)->337750K(341504K)
[293.949s][info][gc,metaspace   ] GC(805) Metaspace: 6296K(6464K)->6296K(6464K) NonClass: 5763K(5824K)->5763K(5824K) Class: 532K(640K)->532K(640K)
[293.949s][info][gc             ] GC(805) Pause Full (Ergonomics) 362M->362M(409M) 380.418ms
[293.949s][info][gc,cpu         ] GC(805) User=0.34s Sys=0.00s Real=0.38s
[293.949s][info][gc,start       ] GC(806) Pause Full (Ergonomics)
[293.949s][info][gc,phases,start] GC(806) Marking Phase
[294.233s][info][gc,phases      ] GC(806) Marking Phase 283.460ms
[294.233s][info][gc,phases,start] GC(806) Summary Phase
[294.233s][info][gc,phases      ] GC(806) Summary Phase 0.023ms
[294.233s][info][gc,phases,start] GC(806) Adjust Roots
[294.233s][info][gc,phases      ] GC(806) Adjust Roots 0.238ms
[294.233s][info][gc,phases,start] GC(806) Compaction Phase
[294.328s][info][gc,phases      ] GC(806) Compaction Phase 94.928ms
[294.328s][info][gc,phases,start] GC(806) Post Compact
[294.330s][info][gc,phases      ] GC(806) Post Compact 1.529ms
[294.330s][info][gc,heap        ] GC(806) PSYoungGen: 33771K(77312K)->33771K(77312K) Eden: 24575K(24576K)->24575K(24576K) From: 9195K(52736K)->9195K(52736K)
[294.330s][info][gc,heap        ] GC(806) ParOldGen: 337754K(341504K)->337754K(341504K)
[294.330s][info][gc,metaspace   ] GC(806) Metaspace: 6296K(6464K)->6296K(6464K) NonClass: 5763K(5824K)->5763K(5824K) Class: 532K(640K)->532K(640K)
[294.330s][info][gc             ] GC(806) Pause Full (Ergonomics) 362M->362M(409M) 380.553ms
[294.330s][info][gc,cpu         ] GC(806) User=0.36s Sys=0.00s Real=0.38s
[294.330s][info][gc,start       ] GC(807) Pause Full (Ergonomics)
[294.330s][info][gc,phases,start] GC(807) Marking Phase
[294.615s][info][gc,phases      ] GC(807) Marking Phase 284.199ms
[294.615s][info][gc,phases,start] GC(807) Summary Phase
[294.615s][info][gc,phases      ] GC(807) Summary Phase 0.034ms
[294.615s][info][gc,phases,start] GC(807) Adjust Roots
[294.615s][info][gc,phases      ] GC(807) Adjust Roots 0.240ms
[294.615s][info][gc,phases,start] GC(807) Compaction Phase
[294.713s][info][gc,phases      ] GC(807) Compaction Phase 97.860ms
[294.713s][info][gc,phases,start] GC(807) Post Compact
[294.715s][info][gc,phases      ] GC(807) Post Compact 1.557ms
[294.715s][info][gc,heap        ] GC(807) PSYoungGen: 33771K(77312K)->33771K(77312K) Eden: 24575K(24576K)->24575K(24576K) From: 9195K(52736K)->9195K(52736K)
[294.715s][info][gc,heap        ] GC(807) ParOldGen: 337759K(341504K)->337759K(341504K)
[294.715s][info][gc,metaspace   ] GC(807) Metaspace: 6296K(6464K)->6296K(6464K) NonClass: 5763K(5824K)->5763K(5824K) Class: 532K(640K)->532K(640K)
[294.715s][info][gc             ] GC(807) Pause Full (Ergonomics) 362M->362M(409M) 384.264ms
[294.715s][info][gc,cpu         ] GC(807) User=0.36s Sys=0.00s Real=0.38s
[294.715s][info][gc,start       ] GC(808) Pause Full (Ergonomics)
[294.715s][info][gc,phases,start] GC(808) Marking Phase
[294.998s][info][gc,phases      ] GC(808) Marking Phase 283.038ms
[294.998s][info][gc,phases,start] GC(808) Summary Phase
[294.998s][info][gc,phases      ] GC(808) Summary Phase 0.034ms
[294.998s][info][gc,phases,start] GC(808) Adjust Roots
[294.998s][info][gc,phases      ] GC(808) Adjust Roots 0.270ms
[294.998s][info][gc,phases,start] GC(808) Compaction Phase
[295.094s][info][gc,phases      ] GC(808) Compaction Phase 95.343ms
[295.094s][info][gc,phases,start] GC(808) Post Compact
[295.095s][info][gc,phases      ] GC(808) Post Compact 1.519ms
[295.096s][info][gc,heap        ] GC(808) PSYoungGen: 33771K(77312K)->33771K(77312K) Eden: 24575K(24576K)->24575K(24576K) From: 9195K(52736K)->9195K(52736K)
[295.096s][info][gc,heap        ] GC(808) ParOldGen: 337764K(341504K)->337764K(341504K)
[295.096s][info][gc,metaspace   ] GC(808) Metaspace: 6296K(6464K)->6296K(6464K) NonClass: 5763K(5824K)->5763K(5824K) Class: 532K(640K)->532K(640K)
[295.096s][info][gc             ] GC(808) Pause Full (Ergonomics) 362M->362M(409M) 380.623ms
[295.096s][info][gc,cpu         ] GC(808) User=0.34s Sys=0.00s Real=0.38s
[295.096s][info][gc,start       ] GC(809) Pause Full (Ergonomics)
[295.096s][info][gc,phases,start] GC(809) Marking Phase
[295.381s][info][gc,phases      ] GC(809) Marking Phase 284.960ms
[295.381s][info][gc,phases,start] GC(809) Summary Phase
[295.381s][info][gc,phases      ] GC(809) Summary Phase 0.035ms
[295.381s][info][gc,phases,start] GC(809) Adjust Roots
[295.381s][info][gc,phases      ] GC(809) Adjust Roots 0.274ms
[295.381s][info][gc,phases,start] GC(809) Compaction Phase
[295.477s][info][gc,phases      ] GC(809) Compaction Phase 95.534ms
[295.477s][info][gc,phases,start] GC(809) Post Compact
[295.478s][info][gc,phases      ] GC(809) Post Compact 1.514ms
[295.478s][info][gc,heap        ] GC(809) PSYoungGen: 33771K(77312K)->33771K(77312K) Eden: 24575K(24576K)->24575K(24576K) From: 9195K(52736K)->9195K(52736K)
[295.479s][info][gc,heap        ] GC(809) ParOldGen: 337768K(341504K)->337768K(341504K)
[295.479s][info][gc,metaspace   ] GC(809) Metaspace: 6296K(6464K)->6296K(6464K) NonClass: 5763K(5824K)->5763K(5824K) Class: 532K(640K)->532K(640K)
[295.479s][info][gc             ] GC(809) Pause Full (Ergonomics) 362M->362M(409M) 382.874ms
[295.479s][info][gc,cpu         ] GC(809) User=0.38s Sys=0.00s Real=0.38s
[295.479s][info][gc,start       ] GC(810) Pause Full (Ergonomics)
[295.479s][info][gc,phases,start] GC(810) Marking Phase
[295.764s][info][gc,phases      ] GC(810) Marking Phase 284.493ms
[295.764s][info][gc,phases,start] GC(810) Summary Phase
[295.764s][info][gc,phases      ] GC(810) Summary Phase 0.027ms
[295.764s][info][gc,phases,start] GC(810) Adjust Roots
[295.764s][info][gc,phases      ] GC(810) Adjust Roots 0.238ms
[295.764s][info][gc,phases,start] GC(810) Compaction Phase
[295.860s][info][gc,phases      ] GC(810) Compaction Phase 95.492ms
[295.860s][info][gc,phases,start] GC(810) Post Compact
[295.861s][info][gc,phases      ] GC(810) Post Compact 1.530ms
[295.861s][info][gc,heap        ] GC(810) PSYoungGen: 33771K(77312K)->33771K(77312K) Eden: 24575K(24576K)->24575K(24576K) From: 9195K(52736K)->9195K(52736K)
[295.861s][info][gc,heap        ] GC(810) ParOldGen: 337773K(341504K)->337773K(341504K)
[295.861s][info][gc,metaspace   ] GC(810) Metaspace: 6296K(6464K)->6296K(6464K) NonClass: 5763K(5824K)->5763K(5824K) Class: 532K(640K)->532K(640K)
[295.861s][info][gc             ] GC(810) Pause Full (Ergonomics) 362M->362M(409M) 382.171ms
[295.861s][info][gc,cpu         ] GC(810) User=0.34s Sys=0.00s Real=0.38s
[295.862s][info][gc,start       ] GC(811) Pause Full (Ergonomics)
[295.862s][info][gc,phases,start] GC(811) Marking Phase
[296.146s][info][gc,phases      ] GC(811) Marking Phase 284.227ms
[296.146s][info][gc,phases,start] GC(811) Summary Phase
[296.146s][info][gc,phases      ] GC(811) Summary Phase 0.035ms
[296.146s][info][gc,phases,start] GC(811) Adjust Roots
[296.147s][info][gc,phases      ] GC(811) Adjust Roots 0.483ms
[296.147s][info][gc,phases,start] GC(811) Compaction Phase
[296.248s][info][gc,phases      ] GC(811) Compaction Phase 100.959ms
[296.248s][info][gc,phases,start] GC(811) Post Compact
[296.249s][info][gc,phases      ] GC(811) Post Compact 1.514ms
[296.249s][info][gc,heap        ] GC(811) PSYoungGen: 33771K(77312K)->33771K(77312K) Eden: 24575K(24576K)->24575K(24576K) From: 9195K(52736K)->9195K(52736K)
[296.249s][info][gc,heap        ] GC(811) ParOldGen: 337778K(341504K)->337778K(341504K)
[296.249s][info][gc,metaspace   ] GC(811) Metaspace: 6296K(6464K)->6296K(6464K) NonClass: 5763K(5824K)->5763K(5824K) Class: 532K(640K)->532K(640K)
[296.249s][info][gc             ] GC(811) Pause Full (Ergonomics) 362M->362M(409M) 387.603ms
[296.249s][info][gc,cpu         ] GC(811) User=0.34s Sys=0.02s Real=0.39s
[296.250s][info][gc,start       ] GC(812) Pause Full (Ergonomics)
[296.250s][info][gc,phases,start] GC(812) Marking Phase
[296.534s][info][gc,phases      ] GC(812) Marking Phase 284.875ms
[296.535s][info][gc,phases,start] GC(812) Summary Phase
[296.535s][info][gc,phases      ] GC(812) Summary Phase 0.034ms
[296.535s][info][gc,phases,start] GC(812) Adjust Roots
[296.535s][info][gc,phases      ] GC(812) Adjust Roots 0.285ms
[296.535s][info][gc,phases,start] GC(812) Compaction Phase
[296.631s][info][gc,phases      ] GC(812) Compaction Phase 95.861ms
[296.631s][info][gc,phases,start] GC(812) Post Compact
[296.632s][info][gc,phases      ] GC(812) Post Compact 1.534ms
[296.632s][info][gc,heap        ] GC(812) PSYoungGen: 33771K(77312K)->33771K(77312K) Eden: 24575K(24576K)->24575K(24576K) From: 9195K(52736K)->9195K(52736K)
[296.632s][info][gc,heap        ] GC(812) ParOldGen: 337782K(341504K)->337782K(341504K)
[296.632s][info][gc,metaspace   ] GC(812) Metaspace: 6296K(6464K)->6296K(6464K) NonClass: 5763K(5824K)->5763K(5824K) Class: 532K(640K)->532K(640K)
[296.632s][info][gc             ] GC(812) Pause Full (Ergonomics) 362M->362M(409M) 382.957ms
[296.633s][info][gc,cpu         ] GC(812) User=0.38s Sys=0.00s Real=0.38s
[296.633s][info][gc,start       ] GC(813) Pause Full (Ergonomics)
[296.633s][info][gc,phases,start] GC(813) Marking Phase
[296.914s][info][gc,phases      ] GC(813) Marking Phase 281.032ms
[296.914s][info][gc,phases,start] GC(813) Summary Phase
[296.914s][info][gc,phases      ] GC(813) Summary Phase 0.035ms
[296.914s][info][gc,phases,start] GC(813) Adjust Roots
[296.914s][info][gc,phases      ] GC(813) Adjust Roots 0.268ms
[296.914s][info][gc,phases,start] GC(813) Compaction Phase
[297.010s][info][gc,phases      ] GC(813) Compaction Phase 95.656ms
[297.010s][info][gc,phases,start] GC(813) Post Compact
[297.012s][info][gc,phases      ] GC(813) Post Compact 1.525ms
[297.012s][info][gc,heap        ] GC(813) PSYoungGen: 33771K(77312K)->33771K(77312K) Eden: 24575K(24576K)->24575K(24576K) From: 9195K(52736K)->9195K(52736K)
[297.012s][info][gc,heap        ] GC(813) ParOldGen: 337787K(341504K)->337787K(341504K)
[297.012s][info][gc,metaspace   ] GC(813) Metaspace: 6296K(6464K)->6296K(6464K) NonClass: 5763K(5824K)->5763K(5824K) Class: 532K(640K)->532K(640K)
[297.012s][info][gc             ] GC(813) Pause Full (Ergonomics) 362M->362M(409M) 378.911ms
[297.012s][info][gc,cpu         ] GC(813) User=0.34s Sys=0.00s Real=0.38s
[297.012s][info][gc,start       ] GC(814) Pause Full (Ergonomics)
[297.012s][info][gc,phases,start] GC(814) Marking Phase
[297.296s][info][gc,phases      ] GC(814) Marking Phase 283.840ms
[297.296s][info][gc,phases,start] GC(814) Summary Phase
[297.296s][info][gc,phases      ] GC(814) Summary Phase 0.022ms
[297.296s][info][gc,phases,start] GC(814) Adjust Roots
[297.296s][info][gc,phases      ] GC(814) Adjust Roots 0.209ms
[297.296s][info][gc,phases,start] GC(814) Compaction Phase
[297.393s][info][gc,phases      ] GC(814) Compaction Phase 96.505ms
[297.393s][info][gc,phases,start] GC(814) Post Compact
[297.394s][info][gc,phases      ] GC(814) Post Compact 1.528ms
[297.394s][info][gc,heap        ] GC(814) PSYoungGen: 33771K(77312K)->33771K(77312K) Eden: 24575K(24576K)->24575K(24576K) From: 9195K(52736K)->9195K(52736K)
[297.394s][info][gc,heap        ] GC(814) ParOldGen: 337792K(341504K)->337792K(341504K)
[297.394s][info][gc,metaspace   ] GC(814) Metaspace: 6296K(6464K)->6296K(6464K) NonClass: 5763K(5824K)->5763K(5824K) Class: 532K(640K)->532K(640K)
[297.394s][info][gc             ] GC(814) Pause Full (Ergonomics) 362M->362M(409M) 382.452ms
[297.394s][info][gc,cpu         ] GC(814) User=0.34s Sys=0.00s Real=0.38s
[297.395s][info][gc,start       ] GC(815) Pause Full (Ergonomics)
[297.395s][info][gc,phases,start] GC(815) Marking Phase
[297.680s][info][gc,phases      ] GC(815) Marking Phase 284.776ms
[297.680s][info][gc,phases,start] GC(815) Summary Phase
[297.680s][info][gc,phases      ] GC(815) Summary Phase 0.036ms
[297.680s][info][gc,phases,start] GC(815) Adjust Roots
[297.680s][info][gc,phases      ] GC(815) Adjust Roots 0.264ms
[297.680s][info][gc,phases,start] GC(815) Compaction Phase
[297.775s][info][gc,phases      ] GC(815) Compaction Phase 94.835ms
[297.775s][info][gc,phases,start] GC(815) Post Compact
[297.777s][info][gc,phases      ] GC(815) Post Compact 1.985ms
[297.777s][info][gc,heap        ] GC(815) PSYoungGen: 33771K(77312K)->33771K(77312K) Eden: 24575K(24576K)->24575K(24576K) From: 9195K(52736K)->9195K(52736K)
[297.777s][info][gc,heap        ] GC(815) ParOldGen: 337796K(341504K)->337796K(341504K)
[297.777s][info][gc,metaspace   ] GC(815) Metaspace: 6296K(6464K)->6296K(6464K) NonClass: 5763K(5824K)->5763K(5824K) Class: 532K(640K)->532K(640K)
[297.777s][info][gc             ] GC(815) Pause Full (Ergonomics) 362M->362M(409M) 382.310ms
[297.777s][info][gc,cpu         ] GC(815) User=0.38s Sys=0.00s Real=0.38s
[297.777s][info][gc,start       ] GC(816) Pause Full (Ergonomics)
[297.777s][info][gc,phases,start] GC(816) Marking Phase
[298.061s][info][gc,phases      ] GC(816) Marking Phase 283.872ms
[298.061s][info][gc,phases,start] GC(816) Summary Phase
[298.061s][info][gc,phases      ] GC(816) Summary Phase 0.023ms
[298.061s][info][gc,phases,start] GC(816) Adjust Roots
[298.062s][info][gc,phases      ] GC(816) Adjust Roots 0.247ms
[298.062s][info][gc,phases,start] GC(816) Compaction Phase
[298.158s][info][gc,phases      ] GC(816) Compaction Phase 96.555ms
[298.158s][info][gc,phases,start] GC(816) Post Compact
[298.160s][info][gc,phases      ] GC(816) Post Compact 1.536ms
[298.160s][info][gc,heap        ] GC(816) PSYoungGen: 33771K(77312K)->33771K(77312K) Eden: 24575K(24576K)->24575K(24576K) From: 9195K(52736K)->9195K(52736K)
[298.160s][info][gc,heap        ] GC(816) ParOldGen: 337801K(341504K)->337801K(341504K)
[298.160s][info][gc,metaspace   ] GC(816) Metaspace: 6296K(6464K)->6296K(6464K) NonClass: 5763K(5824K)->5763K(5824K) Class: 532K(640K)->532K(640K)
[298.160s][info][gc             ] GC(816) Pause Full (Ergonomics) 362M->362M(409M) 382.599ms
[298.160s][info][gc,cpu         ] GC(816) User=0.34s Sys=0.00s Real=0.38s
[298.160s][info][gc,start       ] GC(817) Pause Full (Ergonomics)
[298.160s][info][gc,phases,start] GC(817) Marking Phase
[298.444s][info][gc,phases      ] GC(817) Marking Phase 283.968ms
[298.444s][info][gc,phases,start] GC(817) Summary Phase
[298.444s][info][gc,phases      ] GC(817) Summary Phase 0.022ms
[298.444s][info][gc,phases,start] GC(817) Adjust Roots
[298.445s][info][gc,phases      ] GC(817) Adjust Roots 0.210ms
[298.445s][info][gc,phases,start] GC(817) Compaction Phase
[298.541s][info][gc,phases      ] GC(817) Compaction Phase 95.844ms
[298.541s][info][gc,phases,start] GC(817) Post Compact
[298.542s][info][gc,phases      ] GC(817) Post Compact 1.533ms
[298.542s][info][gc,heap        ] GC(817) PSYoungGen: 33771K(77312K)->33771K(77312K) Eden: 24575K(24576K)->24575K(24576K) From: 9195K(52736K)->9195K(52736K)
[298.542s][info][gc,heap        ] GC(817) ParOldGen: 337806K(341504K)->337806K(341504K)
[298.542s][info][gc,metaspace   ] GC(817) Metaspace: 6296K(6464K)->6296K(6464K) NonClass: 5763K(5824K)->5763K(5824K) Class: 532K(640K)->532K(640K)
[298.542s][info][gc             ] GC(817) Pause Full (Ergonomics) 362M->362M(409M) 381.942ms
[298.542s][info][gc,cpu         ] GC(817) User=0.38s Sys=0.00s Real=0.38s
[298.543s][info][gc,start       ] GC(818) Pause Full (Ergonomics)
[298.543s][info][gc,phases,start] GC(818) Marking Phase
[298.828s][info][gc,phases      ] GC(818) Marking Phase 284.805ms
[298.828s][info][gc,phases,start] GC(818) Summary Phase
[298.828s][info][gc,phases      ] GC(818) Summary Phase 0.035ms
[298.828s][info][gc,phases,start] GC(818) Adjust Roots
[298.828s][info][gc,phases      ] GC(818) Adjust Roots 0.266ms
[298.828s][info][gc,phases,start] GC(818) Compaction Phase
[298.924s][info][gc,phases      ] GC(818) Compaction Phase 95.875ms
[298.924s][info][gc,phases,start] GC(818) Post Compact
[298.926s][info][gc,phases      ] GC(818) Post Compact 1.564ms
[298.926s][info][gc,heap        ] GC(818) PSYoungGen: 33771K(77312K)->33771K(77312K) Eden: 24575K(24576K)->24575K(24576K) From: 9195K(52736K)->9195K(52736K)
[298.926s][info][gc,heap        ] GC(818) ParOldGen: 337810K(341504K)->337810K(341504K)
[298.926s][info][gc,metaspace   ] GC(818) Metaspace: 6296K(6464K)->6296K(6464K) NonClass: 5763K(5824K)->5763K(5824K) Class: 532K(640K)->532K(640K)
[298.926s][info][gc             ] GC(818) Pause Full (Ergonomics) 362M->362M(409M) 382.916ms
[298.926s][info][gc,cpu         ] GC(818) User=0.34s Sys=0.00s Real=0.38s
[298.926s][info][gc,start       ] GC(819) Pause Full (Ergonomics)
[298.926s][info][gc,phases,start] GC(819) Marking Phase
[299.210s][info][gc,phases      ] GC(819) Marking Phase 283.784ms
[299.210s][info][gc,phases,start] GC(819) Summary Phase
[299.210s][info][gc,phases      ] GC(819) Summary Phase 0.035ms
[299.210s][info][gc,phases,start] GC(819) Adjust Roots
[299.210s][info][gc,phases      ] GC(819) Adjust Roots 0.269ms
[299.210s][info][gc,phases,start] GC(819) Compaction Phase
[299.306s][info][gc,phases      ] GC(819) Compaction Phase 95.546ms
[299.306s][info][gc,phases,start] GC(819) Post Compact
[299.308s][info][gc,phases      ] GC(819) Post Compact 1.520ms
[299.308s][info][gc,heap        ] GC(819) PSYoungGen: 33771K(77312K)->33771K(77312K) Eden: 24575K(24576K)->24575K(24576K) From: 9195K(52736K)->9195K(52736K)
[299.308s][info][gc,heap        ] GC(819) ParOldGen: 337815K(341504K)->337815K(341504K)
[299.308s][info][gc,metaspace   ] GC(819) Metaspace: 6296K(6464K)->6296K(6464K) NonClass: 5763K(5824K)->5763K(5824K) Class: 532K(640K)->532K(640K)
[299.308s][info][gc             ] GC(819) Pause Full (Ergonomics) 362M->362M(409M) 381.640ms
[299.308s][info][gc,cpu         ] GC(819) User=0.36s Sys=0.00s Real=0.38s
[299.308s][info][gc,start       ] GC(820) Pause Full (Ergonomics)
[299.308s][info][gc,phases,start] GC(820) Marking Phase
[299.591s][info][gc,phases      ] GC(820) Marking Phase 283.363ms
[299.592s][info][gc,phases,start] GC(820) Summary Phase
[299.592s][info][gc,phases      ] GC(820) Summary Phase 0.035ms
[299.592s][info][gc,phases,start] GC(820) Adjust Roots
[299.592s][info][gc,phases      ] GC(820) Adjust Roots 0.236ms
[299.592s][info][gc,phases,start] GC(820) Compaction Phase
[299.688s][info][gc,phases      ] GC(820) Compaction Phase 95.752ms
[299.688s][info][gc,phases,start] GC(820) Post Compact
[299.689s][info][gc,phases      ] GC(820) Post Compact 1.517ms
[299.689s][info][gc,heap        ] GC(820) PSYoungGen: 33771K(77312K)->33771K(77312K) Eden: 24575K(24576K)->24575K(24576K) From: 9195K(52736K)->9195K(52736K)
[299.689s][info][gc,heap        ] GC(820) ParOldGen: 337820K(341504K)->337820K(341504K)
[299.689s][info][gc,metaspace   ] GC(820) Metaspace: 6296K(6464K)->6296K(6464K) NonClass: 5763K(5824K)->5763K(5824K) Class: 532K(640K)->532K(640K)
[299.689s][info][gc             ] GC(820) Pause Full (Ergonomics) 362M->362M(409M) 381.311ms
[299.689s][info][gc,cpu         ] GC(820) User=0.34s Sys=0.00s Real=0.38s
[299.690s][info][gc,start       ] GC(821) Pause Full (Ergonomics)
[299.690s][info][gc,phases,start] GC(821) Marking Phase
[299.973s][info][gc,phases      ] GC(821) Marking Phase 283.142ms
[299.973s][info][gc,phases,start] GC(821) Summary Phase
[299.973s][info][gc,phases      ] GC(821) Summary Phase 0.022ms
[299.973s][info][gc,phases,start] GC(821) Adjust Roots
[299.973s][info][gc,phases      ] GC(821) Adjust Roots 0.244ms
[299.973s][info][gc,phases,start] GC(821) Compaction Phase
[300.068s][info][gc,phases      ] GC(821) Compaction Phase 95.121ms
[300.068s][info][gc,phases,start] GC(821) Post Compact
[300.070s][info][gc,phases      ] GC(821) Post Compact 1.577ms
[300.070s][info][gc,heap        ] GC(821) PSYoungGen: 33771K(77312K)->33771K(77312K) Eden: 24575K(24576K)->24575K(24576K) From: 9195K(52736K)->9195K(52736K)
[300.070s][info][gc,heap        ] GC(821) ParOldGen: 337824K(341504K)->337824K(341504K)
[300.070s][info][gc,metaspace   ] GC(821) Metaspace: 6296K(6464K)->6296K(6464K) NonClass: 5763K(5824K)->5763K(5824K) Class: 532K(640K)->532K(640K)
[300.070s][info][gc             ] GC(821) Pause Full (Ergonomics) 362M->362M(409M) 380.463ms
[300.070s][info][gc,cpu         ] GC(821) User=0.38s Sys=0.00s Real=0.38s
[300.071s][info][gc,start       ] GC(822) Pause Full (Ergonomics)
[300.071s][info][gc,phases,start] GC(822) Marking Phase
[300.355s][info][gc,phases      ] GC(822) Marking Phase 284.379ms
[300.355s][info][gc,phases,start] GC(822) Summary Phase
[300.355s][info][gc,phases      ] GC(822) Summary Phase 0.023ms
[300.355s][info][gc,phases,start] GC(822) Adjust Roots
[300.355s][info][gc,phases      ] GC(822) Adjust Roots 0.253ms
[300.355s][info][gc,phases,start] GC(822) Compaction Phase
[300.452s][info][gc,phases      ] GC(822) Compaction Phase 96.180ms
[300.452s][info][gc,phases,start] GC(822) Post Compact
[300.453s][info][gc,phases      ] GC(822) Post Compact 1.520ms
[300.453s][info][gc,heap        ] GC(822) PSYoungGen: 33771K(77312K)->33771K(77312K) Eden: 24575K(24576K)->24575K(24576K) From: 9195K(52736K)->9195K(52736K)
[300.453s][info][gc,heap        ] GC(822) ParOldGen: 337829K(341504K)->337829K(341504K)
[300.453s][info][gc,metaspace   ] GC(822) Metaspace: 6296K(6464K)->6296K(6464K) NonClass: 5763K(5824K)->5763K(5824K) Class: 532K(640K)->532K(640K)
[300.453s][info][gc             ] GC(822) Pause Full (Ergonomics) 362M->362M(409M) 382.707ms
[300.453s][info][gc,cpu         ] GC(822) User=0.36s Sys=0.00s Real=0.38s
[300.454s][info][gc,start       ] GC(823) Pause Full (Ergonomics)
[300.454s][info][gc,phases,start] GC(823) Marking Phase
[300.738s][info][gc,phases      ] GC(823) Marking Phase 283.895ms
[300.738s][info][gc,phases,start] GC(823) Summary Phase
[300.738s][info][gc,phases      ] GC(823) Summary Phase 0.034ms
[300.738s][info][gc,phases,start] GC(823) Adjust Roots
[300.738s][info][gc,phases      ] GC(823) Adjust Roots 0.253ms
[300.738s][info][gc,phases,start] GC(823) Compaction Phase
[300.834s][info][gc,phases      ] GC(823) Compaction Phase 95.972ms
[300.834s][info][gc,phases,start] GC(823) Post Compact
[300.836s][info][gc,phases      ] GC(823) Post Compact 1.569ms
[300.836s][info][gc,heap        ] GC(823) PSYoungGen: 33771K(77312K)->33771K(77312K) Eden: 24575K(24576K)->24575K(24576K) From: 9195K(52736K)->9195K(52736K)
[300.836s][info][gc,heap        ] GC(823) ParOldGen: 337834K(341504K)->337834K(341504K)
[300.836s][info][gc,metaspace   ] GC(823) Metaspace: 6296K(6464K)->6296K(6464K) NonClass: 5763K(5824K)->5763K(5824K) Class: 532K(640K)->532K(640K)
[300.836s][info][gc             ] GC(823) Pause Full (Ergonomics) 362M->362M(409M) 382.098ms
[300.836s][info][gc,cpu         ] GC(823) User=0.38s Sys=0.00s Real=0.38s
[300.836s][info][gc,start       ] GC(824) Pause Full (Ergonomics)
[300.836s][info][gc,phases,start] GC(824) Marking Phase
[301.120s][info][gc,phases      ] GC(824) Marking Phase 283.121ms
[301.120s][info][gc,phases,start] GC(824) Summary Phase
[301.120s][info][gc,phases      ] GC(824) Summary Phase 0.034ms
[301.120s][info][gc,phases,start] GC(824) Adjust Roots
[301.120s][info][gc,phases      ] GC(824) Adjust Roots 0.255ms
[301.120s][info][gc,phases,start] GC(824) Compaction Phase
[301.216s][info][gc,phases      ] GC(824) Compaction Phase 95.951ms
[301.216s][info][gc,phases,start] GC(824) Post Compact
[301.218s][info][gc,phases      ] GC(824) Post Compact 1.521ms
[301.218s][info][gc,heap        ] GC(824) PSYoungGen: 33771K(77312K)->33771K(77312K) Eden: 24575K(24576K)->24575K(24576K) From: 9195K(52736K)->9195K(52736K)
[301.218s][info][gc,heap        ] GC(824) ParOldGen: 337838K(341504K)->337838K(341504K)
[301.218s][info][gc,metaspace   ] GC(824) Metaspace: 6296K(6464K)->6296K(6464K) NonClass: 5763K(5824K)->5763K(5824K) Class: 532K(640K)->532K(640K)
[301.218s][info][gc             ] GC(824) Pause Full (Ergonomics) 362M->362M(409M) 381.285ms
[301.218s][info][gc,cpu         ] GC(824) User=0.33s Sys=0.02s Real=0.38s
[301.218s][info][gc,start       ] GC(825) Pause Full (Ergonomics)
[301.218s][info][gc,phases,start] GC(825) Marking Phase
[301.501s][info][gc,phases      ] GC(825) Marking Phase 283.029ms
[301.501s][info][gc,phases,start] GC(825) Summary Phase
[301.501s][info][gc,phases      ] GC(825) Summary Phase 0.045ms
[301.501s][info][gc,phases,start] GC(825) Adjust Roots
[301.502s][info][gc,phases      ] GC(825) Adjust Roots 0.288ms
[301.502s][info][gc,phases,start] GC(825) Compaction Phase
[301.597s][info][gc,phases      ] GC(825) Compaction Phase 95.066ms
[301.597s][info][gc,phases,start] GC(825) Post Compact
[301.598s][info][gc,phases      ] GC(825) Post Compact 1.525ms
[301.598s][info][gc,heap        ] GC(825) PSYoungGen: 33771K(77312K)->33771K(77312K) Eden: 24575K(24576K)->24575K(24576K) From: 9195K(52736K)->9195K(52736K)
[301.598s][info][gc,heap        ] GC(825) ParOldGen: 337843K(341504K)->337843K(341504K)
[301.598s][info][gc,metaspace   ] GC(825) Metaspace: 6296K(6464K)->6296K(6464K) NonClass: 5763K(5824K)->5763K(5824K) Class: 532K(640K)->532K(640K)
[301.598s][info][gc             ] GC(825) Pause Full (Ergonomics) 362M->362M(409M) 380.414ms
[301.598s][info][gc,cpu         ] GC(825) User=0.36s Sys=0.00s Real=0.38s
[301.599s][info][gc,start       ] GC(826) Pause Full (Ergonomics)
[301.599s][info][gc,phases,start] GC(826) Marking Phase
[301.882s][info][gc,phases      ] GC(826) Marking Phase 283.584ms
[301.882s][info][gc,phases,start] GC(826) Summary Phase
[301.882s][info][gc,phases      ] GC(826) Summary Phase 0.035ms
[301.883s][info][gc,phases,start] GC(826) Adjust Roots
[301.883s][info][gc,phases      ] GC(826) Adjust Roots 0.247ms
[301.883s][info][gc,phases,start] GC(826) Compaction Phase
[301.978s][info][gc,phases      ] GC(826) Compaction Phase 95.430ms
[301.978s][info][gc,phases,start] GC(826) Post Compact
[301.980s][info][gc,phases      ] GC(826) Post Compact 1.520ms
[301.980s][info][gc,heap        ] GC(826) PSYoungGen: 33771K(77312K)->33771K(77312K) Eden: 24575K(24576K)->24575K(24576K) From: 9195K(52736K)->9195K(52736K)
[301.980s][info][gc,heap        ] GC(826) ParOldGen: 337848K(341504K)->337848K(341504K)
[301.980s][info][gc,metaspace   ] GC(826) Metaspace: 6296K(6464K)->6296K(6464K) NonClass: 5763K(5824K)->5763K(5824K) Class: 532K(640K)->532K(640K)
[301.980s][info][gc             ] GC(826) Pause Full (Ergonomics) 362M->362M(409M) 381.229ms
[301.980s][info][gc,cpu         ] GC(826) User=0.36s Sys=0.00s Real=0.38s
[301.980s][info][gc,start       ] GC(827) Pause Full (Ergonomics)
[301.980s][info][gc,phases,start] GC(827) Marking Phase
[302.265s][info][gc,phases      ] GC(827) Marking Phase 284.732ms
[302.265s][info][gc,phases,start] GC(827) Summary Phase
[302.265s][info][gc,phases      ] GC(827) Summary Phase 0.031ms
[302.265s][info][gc,phases,start] GC(827) Adjust Roots
[302.266s][info][gc,phases      ] GC(827) Adjust Roots 0.253ms
[302.266s][info][gc,phases,start] GC(827) Compaction Phase
[302.361s][info][gc,phases      ] GC(827) Compaction Phase 95.729ms
[302.361s][info][gc,phases,start] GC(827) Post Compact
[302.363s][info][gc,phases      ] GC(827) Post Compact 1.514ms
[302.363s][info][gc,heap        ] GC(827) PSYoungGen: 33771K(77312K)->33771K(77312K) Eden: 24575K(24576K)->24575K(24576K) From: 9195K(52736K)->9195K(52736K)
[302.363s][info][gc,heap        ] GC(827) ParOldGen: 337852K(341504K)->337852K(341504K)
[302.363s][info][gc,metaspace   ] GC(827) Metaspace: 6296K(6464K)->6296K(6464K) NonClass: 5763K(5824K)->5763K(5824K) Class: 532K(640K)->532K(640K)
[302.363s][info][gc             ] GC(827) Pause Full (Ergonomics) 362M->362M(409M) 382.657ms
[302.363s][info][gc,cpu         ] GC(827) User=0.34s Sys=0.00s Real=0.38s
[302.363s][info][gc,start       ] GC(828) Pause Full (Ergonomics)
[302.363s][info][gc,phases,start] GC(828) Marking Phase
[302.648s][info][gc,phases      ] GC(828) Marking Phase 284.304ms
[302.648s][info][gc,phases,start] GC(828) Summary Phase
[302.648s][info][gc,phases      ] GC(828) Summary Phase 0.023ms
[302.648s][info][gc,phases,start] GC(828) Adjust Roots
[302.648s][info][gc,phases      ] GC(828) Adjust Roots 0.248ms
[302.648s][info][gc,phases,start] GC(828) Compaction Phase
[302.744s][info][gc,phases      ] GC(828) Compaction Phase 96.211ms
[302.744s][info][gc,phases,start] GC(828) Post Compact
[302.746s][info][gc,phases      ] GC(828) Post Compact 1.527ms
[302.746s][info][gc,heap        ] GC(828) PSYoungGen: 33771K(77312K)->33771K(77312K) Eden: 24575K(24576K)->24575K(24576K) From: 9195K(52736K)->9195K(52736K)
[302.746s][info][gc,heap        ] GC(828) ParOldGen: 337857K(341504K)->337857K(341504K)
[302.746s][info][gc,metaspace   ] GC(828) Metaspace: 6296K(6464K)->6296K(6464K) NonClass: 5763K(5824K)->5763K(5824K) Class: 532K(640K)->532K(640K)
[302.746s][info][gc             ] GC(828) Pause Full (Ergonomics) 362M->362M(409M) 382.658ms
[302.746s][info][gc,cpu         ] GC(828) User=0.36s Sys=0.00s Real=0.38s
[302.746s][info][gc,start       ] GC(829) Pause Full (Ergonomics)
[302.746s][info][gc,phases,start] GC(829) Marking Phase
[303.031s][info][gc,phases      ] GC(829) Marking Phase 284.251ms
[303.031s][info][gc,phases,start] GC(829) Summary Phase
[303.031s][info][gc,phases      ] GC(829) Summary Phase 0.035ms
[303.031s][info][gc,phases,start] GC(829) Adjust Roots
[303.031s][info][gc,phases      ] GC(829) Adjust Roots 0.276ms
[303.031s][info][gc,phases,start] GC(829) Compaction Phase
[303.128s][info][gc,phases      ] GC(829) Compaction Phase 96.464ms
[303.128s][info][gc,phases,start] GC(829) Post Compact
[303.129s][info][gc,phases      ] GC(829) Post Compact 1.560ms
[303.129s][info][gc,heap        ] GC(829) PSYoungGen: 33771K(77312K)->33771K(77312K) Eden: 24575K(24576K)->24575K(24576K) From: 9195K(52736K)->9195K(52736K)
[303.129s][info][gc,heap        ] GC(829) ParOldGen: 337862K(341504K)->337862K(341504K)
[303.129s][info][gc,metaspace   ] GC(829) Metaspace: 6296K(6464K)->6296K(6464K) NonClass: 5763K(5824K)->5763K(5824K) Class: 532K(640K)->532K(640K)
[303.129s][info][gc             ] GC(829) Pause Full (Ergonomics) 362M->362M(409M) 383.013ms
[303.129s][info][gc,cpu         ] GC(829) User=0.34s Sys=0.00s Real=0.38s
[303.130s][info][gc,start       ] GC(830) Pause Full (Ergonomics)
[303.130s][info][gc,phases,start] GC(830) Marking Phase
[303.413s][info][gc,phases      ] GC(830) Marking Phase 283.594ms
[303.413s][info][gc,phases,start] GC(830) Summary Phase
[303.413s][info][gc,phases      ] GC(830) Summary Phase 0.035ms
[303.413s][info][gc,phases,start] GC(830) Adjust Roots
[303.414s][info][gc,phases      ] GC(830) Adjust Roots 0.259ms
[303.414s][info][gc,phases,start] GC(830) Compaction Phase
[303.509s][info][gc,phases      ] GC(830) Compaction Phase 95.808ms
[303.510s][info][gc,phases,start] GC(830) Post Compact
[303.511s][info][gc,phases      ] GC(830) Post Compact 1.669ms
[303.511s][info][gc,heap        ] GC(830) PSYoungGen: 33771K(77312K)->33771K(77312K) Eden: 24575K(24576K)->24575K(24576K) From: 9195K(52736K)->9195K(52736K)
[303.511s][info][gc,heap        ] GC(830) ParOldGen: 337866K(341504K)->337866K(341504K)
[303.511s][info][gc,metaspace   ] GC(830) Metaspace: 6296K(6464K)->6296K(6464K) NonClass: 5763K(5824K)->5763K(5824K) Class: 532K(640K)->532K(640K)
[303.511s][info][gc             ] GC(830) Pause Full (Ergonomics) 362M->362M(409M) 381.804ms
[303.511s][info][gc,cpu         ] GC(830) User=0.36s Sys=0.00s Real=0.38s
[303.512s][info][gc,start       ] GC(831) Pause Full (Ergonomics)
[303.512s][info][gc,phases,start] GC(831) Marking Phase
[303.796s][info][gc,phases      ] GC(831) Marking Phase 284.227ms
[303.796s][info][gc,phases,start] GC(831) Summary Phase
[303.796s][info][gc,phases      ] GC(831) Summary Phase 0.035ms
[303.796s][info][gc,phases,start] GC(831) Adjust Roots
[303.796s][info][gc,phases      ] GC(831) Adjust Roots 0.297ms
[303.796s][info][gc,phases,start] GC(831) Compaction Phase
[303.891s][info][gc,phases      ] GC(831) Compaction Phase 95.093ms
[303.892s][info][gc,phases,start] GC(831) Post Compact
[303.893s][info][gc,phases      ] GC(831) Post Compact 1.524ms
[303.893s][info][gc,heap        ] GC(831) PSYoungGen: 33771K(77312K)->33771K(77312K) Eden: 24575K(24576K)->24575K(24576K) From: 9195K(52736K)->9195K(52736K)
[303.893s][info][gc,heap        ] GC(831) ParOldGen: 337871K(341504K)->337871K(341504K)
[303.893s][info][gc,metaspace   ] GC(831) Metaspace: 6296K(6464K)->6296K(6464K) NonClass: 5763K(5824K)->5763K(5824K) Class: 532K(640K)->532K(640K)
[303.893s][info][gc             ] GC(831) Pause Full (Ergonomics) 362M->362M(409M) 381.563ms
[303.893s][info][gc,cpu         ] GC(831) User=0.34s Sys=0.00s Real=0.38s
[303.893s][info][gc,start       ] GC(832) Pause Full (Ergonomics)
[303.894s][info][gc,phases,start] GC(832) Marking Phase
[304.178s][info][gc,phases      ] GC(832) Marking Phase 284.291ms
[304.178s][info][gc,phases,start] GC(832) Summary Phase
[304.178s][info][gc,phases      ] GC(832) Summary Phase 0.035ms
[304.178s][info][gc,phases,start] GC(832) Adjust Roots
[304.178s][info][gc,phases      ] GC(832) Adjust Roots 0.241ms
[304.178s][info][gc,phases,start] GC(832) Compaction Phase
[304.274s][info][gc,phases      ] GC(832) Compaction Phase 96.015ms
[304.274s][info][gc,phases,start] GC(832) Post Compact
[304.276s][info][gc,phases      ] GC(832) Post Compact 1.516ms
[304.276s][info][gc,heap        ] GC(832) PSYoungGen: 33771K(77312K)->33771K(77312K) Eden: 24575K(24576K)->24575K(24576K) From: 9195K(52736K)->9195K(52736K)
[304.276s][info][gc,heap        ] GC(832) ParOldGen: 337876K(341504K)->337876K(341504K)
[304.276s][info][gc,metaspace   ] GC(832) Metaspace: 6296K(6464K)->6296K(6464K) NonClass: 5763K(5824K)->5763K(5824K) Class: 532K(640K)->532K(640K)
[304.276s][info][gc             ] GC(832) Pause Full (Ergonomics) 362M->362M(409M) 382.546ms
[304.276s][info][gc,cpu         ] GC(832) User=0.36s Sys=0.00s Real=0.38s
[304.276s][info][gc,start       ] GC(833) Pause Full (Ergonomics)
[304.276s][info][gc,phases,start] GC(833) Marking Phase
[304.560s][info][gc,phases      ] GC(833) Marking Phase 284.108ms
[304.561s][info][gc,phases,start] GC(833) Summary Phase
[304.561s][info][gc,phases      ] GC(833) Summary Phase 0.034ms
[304.561s][info][gc,phases,start] GC(833) Adjust Roots
[304.561s][info][gc,phases      ] GC(833) Adjust Roots 0.286ms
[304.561s][info][gc,phases,start] GC(833) Compaction Phase
[304.656s][info][gc,phases      ] GC(833) Compaction Phase 95.202ms
[304.656s][info][gc,phases,start] GC(833) Post Compact
[304.658s][info][gc,phases      ] GC(833) Post Compact 1.587ms
[304.658s][info][gc,heap        ] GC(833) PSYoungGen: 33771K(77312K)->33771K(77312K) Eden: 24575K(24576K)->24575K(24576K) From: 9195K(52736K)->9195K(52736K)
[304.658s][info][gc,heap        ] GC(833) ParOldGen: 337880K(341504K)->337880K(341504K)
[304.658s][info][gc,metaspace   ] GC(833) Metaspace: 6296K(6464K)->6296K(6464K) NonClass: 5763K(5824K)->5763K(5824K) Class: 532K(640K)->532K(640K)
[304.658s][info][gc             ] GC(833) Pause Full (Ergonomics) 362M->362M(409M) 381.608ms
[304.658s][info][gc,cpu         ] GC(833) User=0.34s Sys=0.00s Real=0.38s
[304.658s][info][gc,start       ] GC(834) Pause Full (Ergonomics)
[304.658s][info][gc,phases,start] GC(834) Marking Phase
[304.943s][info][gc,phases      ] GC(834) Marking Phase 284.362ms
[304.943s][info][gc,phases,start] GC(834) Summary Phase
[304.943s][info][gc,phases      ] GC(834) Summary Phase 0.035ms
[304.943s][info][gc,phases,start] GC(834) Adjust Roots
[304.943s][info][gc,phases      ] GC(834) Adjust Roots 0.298ms
[304.943s][info][gc,phases,start] GC(834) Compaction Phase
[305.039s][info][gc,phases      ] GC(834) Compaction Phase 96.118ms
[305.039s][info][gc,phases,start] GC(834) Post Compact
[305.041s][info][gc,phases      ] GC(834) Post Compact 1.523ms
[305.041s][info][gc,heap        ] GC(834) PSYoungGen: 33771K(77312K)->33771K(77312K) Eden: 24575K(24576K)->24575K(24576K) From: 9195K(52736K)->9195K(52736K)
[305.041s][info][gc,heap        ] GC(834) ParOldGen: 337885K(341504K)->337885K(341504K)
[305.041s][info][gc,metaspace   ] GC(834) Metaspace: 6296K(6464K)->6296K(6464K) NonClass: 5763K(5824K)->5763K(5824K) Class: 532K(640K)->532K(640K)
[305.041s][info][gc             ] GC(834) Pause Full (Ergonomics) 362M->362M(409M) 382.732ms
[305.041s][info][gc,cpu         ] GC(834) User=0.34s Sys=0.02s Real=0.38s
[305.041s][info][gc,start       ] GC(835) Pause Full (Ergonomics)
[305.041s][info][gc,phases,start] GC(835) Marking Phase
[305.325s][info][gc,phases      ] GC(835) Marking Phase 283.813ms
[305.325s][info][gc,phases,start] GC(835) Summary Phase
[305.325s][info][gc,phases      ] GC(835) Summary Phase 0.025ms
[305.325s][info][gc,phases,start] GC(835) Adjust Roots
[305.325s][info][gc,phases      ] GC(835) Adjust Roots 0.210ms
[305.325s][info][gc,phases,start] GC(835) Compaction Phase
[305.421s][info][gc,phases      ] GC(835) Compaction Phase 95.695ms
[305.421s][info][gc,phases,start] GC(835) Post Compact
[305.423s][info][gc,phases      ] GC(835) Post Compact 1.526ms
[305.423s][info][gc,heap        ] GC(835) PSYoungGen: 33771K(77312K)->33771K(77312K) Eden: 24575K(24576K)->24575K(24576K) From: 9195K(52736K)->9195K(52736K)
[305.423s][info][gc,heap        ] GC(835) ParOldGen: 337890K(341504K)->337890K(341504K)
[305.423s][info][gc,metaspace   ] GC(835) Metaspace: 6296K(6464K)->6296K(6464K) NonClass: 5763K(5824K)->5763K(5824K) Class: 532K(640K)->532K(640K)
[305.423s][info][gc             ] GC(835) Pause Full (Ergonomics) 362M->362M(409M) 381.616ms
[305.423s][info][gc,cpu         ] GC(835) User=0.34s Sys=0.00s Real=0.38s
[305.423s][info][gc,start       ] GC(836) Pause Full (Ergonomics)
[305.423s][info][gc,phases,start] GC(836) Marking Phase
[305.706s][info][gc,phases      ] GC(836) Marking Phase 283.379ms
[305.707s][info][gc,phases,start] GC(836) Summary Phase
[305.707s][info][gc,phases      ] GC(836) Summary Phase 0.036ms
[305.707s][info][gc,phases,start] GC(836) Adjust Roots
[305.707s][info][gc,phases      ] GC(836) Adjust Roots 0.287ms
[305.707s][info][gc,phases,start] GC(836) Compaction Phase
[305.803s][info][gc,phases      ] GC(836) Compaction Phase 95.720ms
[305.803s][info][gc,phases,start] GC(836) Post Compact
[305.804s][info][gc,phases      ] GC(836) Post Compact 1.543ms
[305.804s][info][gc,heap        ] GC(836) PSYoungGen: 33771K(77312K)->33771K(77312K) Eden: 24575K(24576K)->24575K(24576K) From: 9195K(52736K)->9195K(52736K)
[305.804s][info][gc,heap        ] GC(836) ParOldGen: 337894K(341504K)->337894K(341504K)
[305.804s][info][gc,metaspace   ] GC(836) Metaspace: 6296K(6464K)->6296K(6464K) NonClass: 5763K(5824K)->5763K(5824K) Class: 532K(640K)->532K(640K)
[305.804s][info][gc             ] GC(836) Pause Full (Ergonomics) 362M->362M(409M) 381.341ms
[305.804s][info][gc,cpu         ] GC(836) User=0.38s Sys=0.00s Real=0.38s
[305.805s][info][gc,start       ] GC(837) Pause Full (Ergonomics)
[305.805s][info][gc,phases,start] GC(837) Marking Phase
[306.089s][info][gc,phases      ] GC(837) Marking Phase 284.307ms
[306.089s][info][gc,phases,start] GC(837) Summary Phase
[306.089s][info][gc,phases      ] GC(837) Summary Phase 0.034ms
[306.089s][info][gc,phases,start] GC(837) Adjust Roots
[306.090s][info][gc,phases      ] GC(837) Adjust Roots 0.312ms
[306.090s][info][gc,phases,start] GC(837) Compaction Phase
[306.185s][info][gc,phases      ] GC(837) Compaction Phase 95.434ms
[306.185s][info][gc,phases,start] GC(837) Post Compact
[306.187s][info][gc,phases      ] GC(837) Post Compact 1.511ms
[306.187s][info][gc,heap        ] GC(837) PSYoungGen: 33771K(77312K)->33771K(77312K) Eden: 24575K(24576K)->24575K(24576K) From: 9195K(52736K)->9195K(52736K)
[306.187s][info][gc,heap        ] GC(837) ParOldGen: 337899K(341504K)->337899K(341504K)
[306.187s][info][gc,metaspace   ] GC(837) Metaspace: 6296K(6464K)->6296K(6464K) NonClass: 5763K(5824K)->5763K(5824K) Class: 532K(640K)->532K(640K)
[306.187s][info][gc             ] GC(837) Pause Full (Ergonomics) 362M->362M(409M) 381.982ms
[306.187s][info][gc,cpu         ] GC(837) User=0.34s Sys=0.00s Real=0.38s
[306.187s][info][gc,start       ] GC(838) Pause Full (Ergonomics)
[306.187s][info][gc,phases,start] GC(838) Marking Phase
[306.472s][info][gc,phases      ] GC(838) Marking Phase 284.624ms
[306.472s][info][gc,phases,start] GC(838) Summary Phase
[306.472s][info][gc,phases      ] GC(838) Summary Phase 0.026ms
[306.472s][info][gc,phases,start] GC(838) Adjust Roots
[306.472s][info][gc,phases      ] GC(838) Adjust Roots 0.232ms
[306.472s][info][gc,phases,start] GC(838) Compaction Phase
[306.568s][info][gc,phases      ] GC(838) Compaction Phase 95.714ms
[306.568s][info][gc,phases,start] GC(838) Post Compact
[306.569s][info][gc,phases      ] GC(838) Post Compact 1.550ms
[306.569s][info][gc,heap        ] GC(838) PSYoungGen: 33771K(77312K)->33771K(77312K) Eden: 24575K(24576K)->24575K(24576K) From: 9195K(52736K)->9195K(52736K)
[306.569s][info][gc,heap        ] GC(838) ParOldGen: 337904K(341504K)->337904K(341504K)
[306.569s][info][gc,metaspace   ] GC(838) Metaspace: 6296K(6464K)->6296K(6464K) NonClass: 5763K(5824K)->5763K(5824K) Class: 532K(640K)->532K(640K)
[306.569s][info][gc             ] GC(838) Pause Full (Ergonomics) 362M->362M(409M) 382.497ms
[306.570s][info][gc,cpu         ] GC(838) User=0.38s Sys=0.00s Real=0.38s
[306.570s][info][gc,start       ] GC(839) Pause Full (Ergonomics)
[306.570s][info][gc,phases,start] GC(839) Marking Phase
[306.854s][info][gc,phases      ] GC(839) Marking Phase 284.222ms
[306.854s][info][gc,phases,start] GC(839) Summary Phase
[306.854s][info][gc,phases      ] GC(839) Summary Phase 0.035ms
[306.854s][info][gc,phases,start] GC(839) Adjust Roots
[306.854s][info][gc,phases      ] GC(839) Adjust Roots 0.300ms
[306.855s][info][gc,phases,start] GC(839) Compaction Phase
[306.950s][info][gc,phases      ] GC(839) Compaction Phase 95.253ms
[306.950s][info][gc,phases,start] GC(839) Post Compact
[306.951s][info][gc,phases      ] GC(839) Post Compact 1.624ms
[306.952s][info][gc,heap        ] GC(839) PSYoungGen: 33771K(77312K)->33771K(77312K) Eden: 24575K(24576K)->24575K(24576K) From: 9195K(52736K)->9195K(52736K)
[306.952s][info][gc,heap        ] GC(839) ParOldGen: 337908K(341504K)->337908K(341504K)
[306.952s][info][gc,metaspace   ] GC(839) Metaspace: 6296K(6464K)->6296K(6464K) NonClass: 5763K(5824K)->5763K(5824K) Class: 532K(640K)->532K(640K)
[306.952s][info][gc             ] GC(839) Pause Full (Ergonomics) 362M->362M(409M) 381.836ms
[306.952s][info][gc,cpu         ] GC(839) User=0.34s Sys=0.00s Real=0.38s
[306.952s][info][gc,start       ] GC(840) Pause Full (Ergonomics)
[306.952s][info][gc,phases,start] GC(840) Marking Phase
[307.235s][info][gc,phases      ] GC(840) Marking Phase 283.203ms
[307.235s][info][gc,phases,start] GC(840) Summary Phase
[307.235s][info][gc,phases      ] GC(840) Summary Phase 0.035ms
[307.235s][info][gc,phases,start] GC(840) Adjust Roots
[307.236s][info][gc,phases      ] GC(840) Adjust Roots 0.298ms
[307.236s][info][gc,phases,start] GC(840) Compaction Phase
[307.330s][info][gc,phases      ] GC(840) Compaction Phase 94.573ms
[307.330s][info][gc,phases,start] GC(840) Post Compact
[307.332s][info][gc,phases      ] GC(840) Post Compact 1.532ms
[307.332s][info][gc,heap        ] GC(840) PSYoungGen: 33771K(77312K)->33771K(77312K) Eden: 24575K(24576K)->24575K(24576K) From: 9195K(52736K)->9195K(52736K)
[307.332s][info][gc,heap        ] GC(840) ParOldGen: 337913K(341504K)->337913K(341504K)
[307.332s][info][gc,metaspace   ] GC(840) Metaspace: 6296K(6464K)->6296K(6464K) NonClass: 5763K(5824K)->5763K(5824K) Class: 532K(640K)->532K(640K)
[307.332s][info][gc             ] GC(840) Pause Full (Ergonomics) 362M->362M(409M) 380.024ms
[307.332s][info][gc,cpu         ] GC(840) User=0.36s Sys=0.00s Real=0.38s
[307.332s][info][gc,start       ] GC(841) Pause Full (Ergonomics)
[307.332s][info][gc,phases,start] GC(841) Marking Phase
[307.616s][info][gc,phases      ] GC(841) Marking Phase 283.966ms
[307.616s][info][gc,phases,start] GC(841) Summary Phase
[307.616s][info][gc,phases      ] GC(841) Summary Phase 0.034ms
[307.616s][info][gc,phases,start] GC(841) Adjust Roots
[307.617s][info][gc,phases      ] GC(841) Adjust Roots 0.244ms
[307.617s][info][gc,phases,start] GC(841) Compaction Phase
[307.712s][info][gc,phases      ] GC(841) Compaction Phase 95.222ms
[307.712s][info][gc,phases,start] GC(841) Post Compact
[307.713s][info][gc,phases      ] GC(841) Post Compact 1.521ms
[307.713s][info][gc,heap        ] GC(841) PSYoungGen: 33771K(77312K)->33771K(77312K) Eden: 24575K(24576K)->24575K(24576K) From: 9195K(52736K)->9195K(52736K)
[307.713s][info][gc,heap        ] GC(841) ParOldGen: 337918K(341504K)->337918K(341504K)
[307.714s][info][gc,metaspace   ] GC(841) Metaspace: 6296K(6464K)->6296K(6464K) NonClass: 5763K(5824K)->5763K(5824K) Class: 532K(640K)->532K(640K)
[307.714s][info][gc             ] GC(841) Pause Full (Ergonomics) 362M->362M(409M) 381.390ms
[307.714s][info][gc,cpu         ] GC(841) User=0.36s Sys=0.00s Real=0.38s
[307.714s][info][gc,start       ] GC(842) Pause Full (Ergonomics)
[307.714s][info][gc,phases,start] GC(842) Marking Phase
[307.998s][info][gc,phases      ] GC(842) Marking Phase 284.036ms
[307.998s][info][gc,phases,start] GC(842) Summary Phase
[307.998s][info][gc,phases      ] GC(842) Summary Phase 0.035ms
[307.998s][info][gc,phases,start] GC(842) Adjust Roots
[307.998s][info][gc,phases      ] GC(842) Adjust Roots 0.269ms
[307.998s][info][gc,phases,start] GC(842) Compaction Phase
[308.094s][info][gc,phases      ] GC(842) Compaction Phase 96.135ms
[308.095s][info][gc,phases,start] GC(842) Post Compact
[308.096s][info][gc,phases      ] GC(842) Post Compact 1.532ms
[308.096s][info][gc,heap        ] GC(842) PSYoungGen: 33771K(77312K)->33771K(77312K) Eden: 24575K(24576K)->24575K(24576K) From: 9195K(52736K)->9195K(52736K)
[308.096s][info][gc,heap        ] GC(842) ParOldGen: 337922K(341504K)->337922K(341504K)
[308.096s][info][gc,metaspace   ] GC(842) Metaspace: 6296K(6464K)->6296K(6464K) NonClass: 5763K(5824K)->5763K(5824K) Class: 532K(640K)->532K(640K)
[308.096s][info][gc             ] GC(842) Pause Full (Ergonomics) 362M->362M(409M) 382.408ms
[308.096s][info][gc,cpu         ] GC(842) User=0.34s Sys=0.00s Real=0.38s
[308.097s][info][gc,start       ] GC(843) Pause Full (Ergonomics)
[308.097s][info][gc,phases,start] GC(843) Marking Phase
[308.381s][info][gc,phases      ] GC(843) Marking Phase 284.039ms
[308.381s][info][gc,phases,start] GC(843) Summary Phase
[308.381s][info][gc,phases      ] GC(843) Summary Phase 0.034ms
[308.381s][info][gc,phases,start] GC(843) Adjust Roots
[308.381s][info][gc,phases      ] GC(843) Adjust Roots 0.262ms
[308.381s][info][gc,phases,start] GC(843) Compaction Phase
[308.477s][info][gc,phases      ] GC(843) Compaction Phase 95.992ms
[308.477s][info][gc,phases,start] GC(843) Post Compact
[308.479s][info][gc,phases      ] GC(843) Post Compact 1.537ms
[308.479s][info][gc,heap        ] GC(843) PSYoungGen: 33771K(77312K)->33771K(77312K) Eden: 24575K(24576K)->24575K(24576K) From: 9195K(52736K)->9195K(52736K)
[308.479s][info][gc,heap        ] GC(843) ParOldGen: 337927K(341504K)->337927K(341504K)
[308.479s][info][gc,metaspace   ] GC(843) Metaspace: 6296K(6464K)->6296K(6464K) NonClass: 5763K(5824K)->5763K(5824K) Class: 532K(640K)->532K(640K)
[308.479s][info][gc             ] GC(843) Pause Full (Ergonomics) 362M->362M(409M) 382.326ms
[308.479s][info][gc,cpu         ] GC(843) User=0.38s Sys=0.00s Real=0.38s
[308.479s][info][gc,start       ] GC(844) Pause Full (Ergonomics)
[308.479s][info][gc,phases,start] GC(844) Marking Phase
[308.764s][info][gc,phases      ] GC(844) Marking Phase 284.358ms
[308.764s][info][gc,phases,start] GC(844) Summary Phase
[308.764s][info][gc,phases      ] GC(844) Summary Phase 0.034ms
[308.764s][info][gc,phases,start] GC(844) Adjust Roots
[308.764s][info][gc,phases      ] GC(844) Adjust Roots 0.239ms
[308.764s][info][gc,phases,start] GC(844) Compaction Phase
[308.859s][info][gc,phases      ] GC(844) Compaction Phase 95.184ms
[308.859s][info][gc,phases,start] GC(844) Post Compact
[308.861s][info][gc,phases      ] GC(844) Post Compact 1.518ms
[308.861s][info][gc,heap        ] GC(844) PSYoungGen: 33771K(77312K)->33771K(77312K) Eden: 24575K(24576K)->24575K(24576K) From: 9195K(52736K)->9195K(52736K)
[308.861s][info][gc,heap        ] GC(844) ParOldGen: 337932K(341504K)->337932K(341504K)
[308.861s][info][gc,metaspace   ] GC(844) Metaspace: 6296K(6464K)->6296K(6464K) NonClass: 5763K(5824K)->5763K(5824K) Class: 532K(640K)->532K(640K)
[308.861s][info][gc             ] GC(844) Pause Full (Ergonomics) 362M->362M(409M) 381.717ms
[308.861s][info][gc,cpu         ] GC(844) User=0.36s Sys=0.00s Real=0.38s
[308.862s][info][gc,start       ] GC(845) Pause Full (Ergonomics)
[308.862s][info][gc,phases,start] GC(845) Marking Phase
[309.145s][info][gc,phases      ] GC(845) Marking Phase 283.305ms
[309.145s][info][gc,phases,start] GC(845) Summary Phase
[309.145s][info][gc,phases      ] GC(845) Summary Phase 0.034ms
[309.145s][info][gc,phases,start] GC(845) Adjust Roots
[309.145s][info][gc,phases      ] GC(845) Adjust Roots 0.250ms
[309.145s][info][gc,phases,start] GC(845) Compaction Phase
[309.241s][info][gc,phases      ] GC(845) Compaction Phase 96.017ms
[309.241s][info][gc,phases,start] GC(845) Post Compact
[309.243s][info][gc,phases      ] GC(845) Post Compact 1.557ms
[309.243s][info][gc,heap        ] GC(845) PSYoungGen: 33771K(77312K)->33771K(77312K) Eden: 24575K(24576K)->24575K(24576K) From: 9195K(52736K)->9195K(52736K)
[309.243s][info][gc,heap        ] GC(845) ParOldGen: 337936K(341504K)->337936K(341504K)
[309.243s][info][gc,metaspace   ] GC(845) Metaspace: 6296K(6464K)->6296K(6464K) NonClass: 5763K(5824K)->5763K(5824K) Class: 532K(640K)->532K(640K)
[309.243s][info][gc             ] GC(845) Pause Full (Ergonomics) 362M->362M(409M) 381.533ms
[309.243s][info][gc,cpu         ] GC(845) User=0.38s Sys=0.00s Real=0.38s
[309.243s][info][gc,start       ] GC(846) Pause Full (Ergonomics)
[309.243s][info][gc,phases,start] GC(846) Marking Phase
[309.528s][info][gc,phases      ] GC(846) Marking Phase 284.302ms
[309.528s][info][gc,phases,start] GC(846) Summary Phase
[309.528s][info][gc,phases      ] GC(846) Summary Phase 0.034ms
[309.528s][info][gc,phases,start] GC(846) Adjust Roots
[309.528s][info][gc,phases      ] GC(846) Adjust Roots 0.247ms
[309.528s][info][gc,phases,start] GC(846) Compaction Phase
[309.623s][info][gc,phases      ] GC(846) Compaction Phase 95.295ms
[309.623s][info][gc,phases,start] GC(846) Post Compact
[309.625s][info][gc,phases      ] GC(846) Post Compact 1.570ms
[309.625s][info][gc,heap        ] GC(846) PSYoungGen: 33771K(77312K)->33771K(77312K) Eden: 24575K(24576K)->24575K(24576K) From: 9195K(52736K)->9195K(52736K)
[309.625s][info][gc,heap        ] GC(846) ParOldGen: 337941K(341504K)->337941K(341504K)
[309.625s][info][gc,metaspace   ] GC(846) Metaspace: 6296K(6464K)->6296K(6464K) NonClass: 5763K(5824K)->5763K(5824K) Class: 532K(640K)->532K(640K)
[309.625s][info][gc             ] GC(846) Pause Full (Ergonomics) 363M->363M(409M) 381.839ms
[309.625s][info][gc,cpu         ] GC(846) User=0.34s Sys=0.00s Real=0.38s
[309.625s][info][gc,start       ] GC(847) Pause Full (Ergonomics)
[309.625s][info][gc,phases,start] GC(847) Marking Phase
[309.910s][info][gc,phases      ] GC(847) Marking Phase 284.506ms
[309.910s][info][gc,phases,start] GC(847) Summary Phase
[309.910s][info][gc,phases      ] GC(847) Summary Phase 0.035ms
[309.910s][info][gc,phases,start] GC(847) Adjust Roots
[309.910s][info][gc,phases      ] GC(847) Adjust Roots 0.223ms
[309.910s][info][gc,phases,start] GC(847) Compaction Phase
[310.005s][info][gc,phases      ] GC(847) Compaction Phase 94.726ms
[310.005s][info][gc,phases,start] GC(847) Post Compact
[310.007s][info][gc,phases      ] GC(847) Post Compact 1.533ms
[310.007s][info][gc,heap        ] GC(847) PSYoungGen: 33771K(77312K)->33771K(77312K) Eden: 24575K(24576K)->24575K(24576K) From: 9195K(52736K)->9195K(52736K)
[310.007s][info][gc,heap        ] GC(847) ParOldGen: 337946K(341504K)->337946K(341504K)
[310.007s][info][gc,metaspace   ] GC(847) Metaspace: 6296K(6464K)->6296K(6464K) NonClass: 5763K(5824K)->5763K(5824K) Class: 532K(640K)->532K(640K)
[310.007s][info][gc             ] GC(847) Pause Full (Ergonomics) 363M->363M(409M) 381.399ms
[310.007s][info][gc,cpu         ] GC(847) User=0.38s Sys=0.00s Real=0.38s
[310.007s][info][gc,start       ] GC(848) Pause Full (Ergonomics)
[310.007s][info][gc,phases,start] GC(848) Marking Phase
[310.291s][info][gc,phases      ] GC(848) Marking Phase 284.061ms
[310.291s][info][gc,phases,start] GC(848) Summary Phase
[310.291s][info][gc,phases      ] GC(848) Summary Phase 0.022ms
[310.291s][info][gc,phases,start] GC(848) Adjust Roots
[310.292s][info][gc,phases      ] GC(848) Adjust Roots 0.212ms
[310.292s][info][gc,phases,start] GC(848) Compaction Phase
[310.388s][info][gc,phases      ] GC(848) Compaction Phase 96.090ms
[310.388s][info][gc,phases,start] GC(848) Post Compact
[310.389s][info][gc,phases      ] GC(848) Post Compact 1.565ms
[310.389s][info][gc,heap        ] GC(848) PSYoungGen: 33771K(77312K)->33771K(77312K) Eden: 24575K(24576K)->24575K(24576K) From: 9195K(52736K)->9195K(52736K)
[310.389s][info][gc,heap        ] GC(848) ParOldGen: 337950K(341504K)->337950K(341504K)
[310.389s][info][gc,metaspace   ] GC(848) Metaspace: 6296K(6464K)->6296K(6464K) NonClass: 5763K(5824K)->5763K(5824K) Class: 532K(640K)->532K(640K)
[310.389s][info][gc             ] GC(848) Pause Full (Ergonomics) 363M->363M(409M) 382.299ms
[310.389s][info][gc,cpu         ] GC(848) User=0.34s Sys=0.00s Real=0.38s
[310.390s][info][gc,start       ] GC(849) Pause Full (Ergonomics)
[310.390s][info][gc,phases,start] GC(849) Marking Phase
[310.674s][info][gc,phases      ] GC(849) Marking Phase 284.419ms
[310.674s][info][gc,phases,start] GC(849) Summary Phase
[310.674s][info][gc,phases      ] GC(849) Summary Phase 0.035ms
[310.674s][info][gc,phases,start] GC(849) Adjust Roots
[310.675s][info][gc,phases      ] GC(849) Adjust Roots 0.252ms
[310.675s][info][gc,phases,start] GC(849) Compaction Phase
[310.771s][info][gc,phases      ] GC(849) Compaction Phase 96.037ms
[310.771s][info][gc,phases,start] GC(849) Post Compact
[310.772s][info][gc,phases      ] GC(849) Post Compact 1.499ms
[310.772s][info][gc,heap        ] GC(849) PSYoungGen: 33771K(77312K)->33771K(77312K) Eden: 24575K(24576K)->24575K(24576K) From: 9195K(52736K)->9195K(52736K)
[310.772s][info][gc,heap        ] GC(849) ParOldGen: 337955K(341504K)->337955K(341504K)
[310.772s][info][gc,metaspace   ] GC(849) Metaspace: 6296K(6464K)->6296K(6464K) NonClass: 5763K(5824K)->5763K(5824K) Class: 532K(640K)->532K(640K)
[310.772s][info][gc             ] GC(849) Pause Full (Ergonomics) 363M->363M(409M) 382.685ms
[310.772s][info][gc,cpu         ] GC(849) User=0.38s Sys=0.00s Real=0.38s
[310.773s][info][gc,start       ] GC(850) Pause Full (Ergonomics)
[310.773s][info][gc,phases,start] GC(850) Marking Phase
[311.057s][info][gc,phases      ] GC(850) Marking Phase 284.389ms
[311.057s][info][gc,phases,start] GC(850) Summary Phase
[311.057s][info][gc,phases      ] GC(850) Summary Phase 0.034ms
[311.057s][info][gc,phases,start] GC(850) Adjust Roots
[311.057s][info][gc,phases      ] GC(850) Adjust Roots 0.268ms
[311.058s][info][gc,phases,start] GC(850) Compaction Phase
[311.153s][info][gc,phases      ] GC(850) Compaction Phase 95.849ms
[311.153s][info][gc,phases,start] GC(850) Post Compact
[311.155s][info][gc,phases      ] GC(850) Post Compact 1.569ms
[311.155s][info][gc,heap        ] GC(850) PSYoungGen: 33771K(77312K)->33771K(77312K) Eden: 24575K(24576K)->24575K(24576K) From: 9195K(52736K)->9195K(52736K)
[311.155s][info][gc,heap        ] GC(850) ParOldGen: 337960K(341504K)->337960K(341504K)
[311.155s][info][gc,metaspace   ] GC(850) Metaspace: 6296K(6464K)->6296K(6464K) NonClass: 5763K(5824K)->5763K(5824K) Class: 532K(640K)->532K(640K)
[311.155s][info][gc             ] GC(850) Pause Full (Ergonomics) 363M->363M(409M) 382.575ms
[311.155s][info][gc,cpu         ] GC(850) User=0.34s Sys=0.00s Real=0.38s
[311.155s][info][gc,start       ] GC(851) Pause Full (Ergonomics)
[311.156s][info][gc,phases,start] GC(851) Marking Phase
[311.439s][info][gc,phases      ] GC(851) Marking Phase 283.751ms
[311.439s][info][gc,phases,start] GC(851) Summary Phase
[311.439s][info][gc,phases      ] GC(851) Summary Phase 0.056ms
[311.439s][info][gc,phases,start] GC(851) Adjust Roots
[311.440s][info][gc,phases      ] GC(851) Adjust Roots 0.253ms
[311.440s][info][gc,phases,start] GC(851) Compaction Phase
[311.535s][info][gc,phases      ] GC(851) Compaction Phase 95.393ms
[311.535s][info][gc,phases,start] GC(851) Post Compact
[311.537s][info][gc,phases      ] GC(851) Post Compact 1.534ms
[311.537s][info][gc,heap        ] GC(851) PSYoungGen: 33771K(77312K)->33771K(77312K) Eden: 24575K(24576K)->24575K(24576K) From: 9195K(52736K)->9195K(52736K)
[311.537s][info][gc,heap        ] GC(851) ParOldGen: 337964K(341504K)->337964K(341504K)
[311.537s][info][gc,metaspace   ] GC(851) Metaspace: 6296K(6464K)->6296K(6464K) NonClass: 5763K(5824K)->5763K(5824K) Class: 532K(640K)->532K(640K)
[311.537s][info][gc             ] GC(851) Pause Full (Ergonomics) 363M->363M(409M) 381.376ms
[311.537s][info][gc,cpu         ] GC(851) User=0.36s Sys=0.00s Real=0.38s
[311.537s][info][gc,start       ] GC(852) Pause Full (Ergonomics)
[311.537s][info][gc,phases,start] GC(852) Marking Phase
[311.823s][info][gc,phases      ] GC(852) Marking Phase 286.210ms
[311.823s][info][gc,phases,start] GC(852) Summary Phase
[311.823s][info][gc,phases      ] GC(852) Summary Phase 0.019ms
[311.823s][info][gc,phases,start] GC(852) Adjust Roots
[311.824s][info][gc,phases      ] GC(852) Adjust Roots 0.250ms
[311.824s][info][gc,phases,start] GC(852) Compaction Phase
[311.921s][info][gc,phases      ] GC(852) Compaction Phase 96.788ms
[311.921s][info][gc,phases,start] GC(852) Post Compact
[311.922s][info][gc,phases      ] GC(852) Post Compact 1.550ms
[311.922s][info][gc,heap        ] GC(852) PSYoungGen: 33771K(77312K)->33771K(77312K) Eden: 24575K(24576K)->24575K(24576K) From: 9195K(52736K)->9195K(52736K)
[311.922s][info][gc,heap        ] GC(852) ParOldGen: 337969K(341504K)->337969K(341504K)
[311.922s][info][gc,metaspace   ] GC(852) Metaspace: 6296K(6464K)->6296K(6464K) NonClass: 5763K(5824K)->5763K(5824K) Class: 532K(640K)->532K(640K)
[311.922s][info][gc             ] GC(852) Pause Full (Ergonomics) 363M->363M(409M) 385.152ms
[311.922s][info][gc,cpu         ] GC(852) User=0.34s Sys=0.00s Real=0.38s
[311.923s][info][gc,start       ] GC(853) Pause Full (Ergonomics)
[311.923s][info][gc,phases,start] GC(853) Marking Phase
[312.205s][info][gc,phases      ] GC(853) Marking Phase 282.699ms
[312.205s][info][gc,phases,start] GC(853) Summary Phase
[312.205s][info][gc,phases      ] GC(853) Summary Phase 0.022ms
[312.205s][info][gc,phases,start] GC(853) Adjust Roots
[312.206s][info][gc,phases      ] GC(853) Adjust Roots 0.186ms
[312.206s][info][gc,phases,start] GC(853) Compaction Phase
[312.301s][info][gc,phases      ] GC(853) Compaction Phase 95.124ms
[312.301s][info][gc,phases,start] GC(853) Post Compact
[312.302s][info][gc,phases      ] GC(853) Post Compact 1.525ms
[312.302s][info][gc,heap        ] GC(853) PSYoungGen: 33771K(77312K)->33771K(77312K) Eden: 24575K(24576K)->24575K(24576K) From: 9195K(52736K)->9195K(52736K)
[312.302s][info][gc,heap        ] GC(853) ParOldGen: 337974K(341504K)->337974K(341504K)
[312.302s][info][gc,metaspace   ] GC(853) Metaspace: 6296K(6464K)->6296K(6464K) NonClass: 5763K(5824K)->5763K(5824K) Class: 532K(640K)->532K(640K)
[312.302s][info][gc             ] GC(853) Pause Full (Ergonomics) 363M->363M(409M) 379.905ms
[312.302s][info][gc,cpu         ] GC(853) User=0.36s Sys=0.00s Real=0.38s
[312.303s][info][gc,start       ] GC(854) Pause Full (Ergonomics)
[312.303s][info][gc,phases,start] GC(854) Marking Phase
[312.586s][info][gc,phases      ] GC(854) Marking Phase 283.725ms
[312.587s][info][gc,phases,start] GC(854) Summary Phase
[312.587s][info][gc,phases      ] GC(854) Summary Phase 0.035ms
[312.587s][info][gc,phases,start] GC(854) Adjust Roots
[312.587s][info][gc,phases      ] GC(854) Adjust Roots 0.235ms
[312.587s][info][gc,phases,start] GC(854) Compaction Phase
[312.683s][info][gc,phases      ] GC(854) Compaction Phase 95.732ms
[312.683s][info][gc,phases,start] GC(854) Post Compact
[312.684s][info][gc,phases      ] GC(854) Post Compact 1.541ms
[312.684s][info][gc,heap        ] GC(854) PSYoungGen: 33771K(77312K)->33771K(77312K) Eden: 24575K(24576K)->24575K(24576K) From: 9195K(52736K)->9195K(52736K)
[312.684s][info][gc,heap        ] GC(854) ParOldGen: 337978K(341504K)->337978K(341504K)
[312.684s][info][gc,metaspace   ] GC(854) Metaspace: 6296K(6464K)->6296K(6464K) NonClass: 5763K(5824K)->5763K(5824K) Class: 532K(640K)->532K(640K)
[312.684s][info][gc             ] GC(854) Pause Full (Ergonomics) 363M->363M(409M) 381.662ms
[312.684s][info][gc,cpu         ] GC(854) User=0.33s Sys=0.00s Real=0.38s
[312.685s][info][gc,start       ] GC(855) Pause Full (Ergonomics)
[312.685s][info][gc,phases,start] GC(855) Marking Phase
[312.969s][info][gc,phases      ] GC(855) Marking Phase 284.568ms
[312.969s][info][gc,phases,start] GC(855) Summary Phase
[312.969s][info][gc,phases      ] GC(855) Summary Phase 0.035ms
[312.969s][info][gc,phases,start] GC(855) Adjust Roots
[312.970s][info][gc,phases      ] GC(855) Adjust Roots 0.256ms
[312.970s][info][gc,phases,start] GC(855) Compaction Phase
[313.065s][info][gc,phases      ] GC(855) Compaction Phase 95.627ms
[313.065s][info][gc,phases,start] GC(855) Post Compact
[313.067s][info][gc,phases      ] GC(855) Post Compact 1.509ms
[313.067s][info][gc,heap        ] GC(855) PSYoungGen: 33771K(77312K)->33771K(77312K) Eden: 24575K(24576K)->24575K(24576K) From: 9195K(52736K)->9195K(52736K)
[313.067s][info][gc,heap        ] GC(855) ParOldGen: 337983K(341504K)->337983K(341504K)
[313.067s][info][gc,metaspace   ] GC(855) Metaspace: 6296K(6464K)->6296K(6464K) NonClass: 5763K(5824K)->5763K(5824K) Class: 532K(640K)->532K(640K)
[313.067s][info][gc             ] GC(855) Pause Full (Ergonomics) 363M->363M(409M) 382.388ms
[313.067s][info][gc,cpu         ] GC(855) User=0.34s Sys=0.00s Real=0.38s
[313.068s][info][gc,start       ] GC(856) Pause Full (Ergonomics)
[313.068s][info][gc,phases,start] GC(856) Marking Phase
[313.352s][info][gc,phases      ] GC(856) Marking Phase 284.166ms
[313.352s][info][gc,phases,start] GC(856) Summary Phase
[313.352s][info][gc,phases      ] GC(856) Summary Phase 0.034ms
[313.352s][info][gc,phases,start] GC(856) Adjust Roots
[313.352s][info][gc,phases      ] GC(856) Adjust Roots 0.261ms
[313.352s][info][gc,phases,start] GC(856) Compaction Phase
[313.448s][info][gc,phases      ] GC(856) Compaction Phase 95.649ms
[313.448s][info][gc,phases,start] GC(856) Post Compact
[313.449s][info][gc,phases      ] GC(856) Post Compact 1.564ms
[313.450s][info][gc,heap        ] GC(856) PSYoungGen: 33771K(77312K)->33771K(77312K) Eden: 24575K(24576K)->24575K(24576K) From: 9195K(52736K)->9195K(52736K)
[313.450s][info][gc,heap        ] GC(856) ParOldGen: 337988K(341504K)->337988K(341504K)
[313.450s][info][gc,metaspace   ] GC(856) Metaspace: 6296K(6464K)->6296K(6464K) NonClass: 5763K(5824K)->5763K(5824K) Class: 532K(640K)->532K(640K)
[313.450s][info][gc             ] GC(856) Pause Full (Ergonomics) 363M->363M(409M) 382.127ms
[313.450s][info][gc,cpu         ] GC(856) User=0.36s Sys=0.00s Real=0.38s
[313.450s][info][gc,start       ] GC(857) Pause Full (Ergonomics)
[313.450s][info][gc,phases,start] GC(857) Marking Phase
[313.734s][info][gc,phases      ] GC(857) Marking Phase 283.854ms
[313.734s][info][gc,phases,start] GC(857) Summary Phase
[313.734s][info][gc,phases      ] GC(857) Summary Phase 0.056ms
[313.734s][info][gc,phases,start] GC(857) Adjust Roots
[313.734s][info][gc,phases      ] GC(857) Adjust Roots 0.247ms
[313.734s][info][gc,phases,start] GC(857) Compaction Phase
[313.833s][info][gc,phases      ] GC(857) Compaction Phase 98.477ms
[313.833s][info][gc,phases,start] GC(857) Post Compact
[313.835s][info][gc,phases      ] GC(857) Post Compact 1.568ms
[313.835s][info][gc,heap        ] GC(857) PSYoungGen: 33771K(77312K)->33771K(77312K) Eden: 24575K(24576K)->24575K(24576K) From: 9195K(52736K)->9195K(52736K)
[313.835s][info][gc,heap        ] GC(857) ParOldGen: 337992K(341504K)->337992K(341504K)
[313.835s][info][gc,metaspace   ] GC(857) Metaspace: 6296K(6464K)->6296K(6464K) NonClass: 5763K(5824K)->5763K(5824K) Class: 532K(640K)->532K(640K)
[313.835s][info][gc             ] GC(857) Pause Full (Ergonomics) 363M->363M(409M) 384.642ms
[313.835s][info][gc,cpu         ] GC(857) User=0.36s Sys=0.00s Real=0.38s
[313.835s][info][gc,start       ] GC(858) Pause Full (Ergonomics)
[313.835s][info][gc,phases,start] GC(858) Marking Phase
[314.119s][info][gc,phases      ] GC(858) Marking Phase 284.010ms
[314.119s][info][gc,phases,start] GC(858) Summary Phase
[314.119s][info][gc,phases      ] GC(858) Summary Phase 0.023ms
[314.119s][info][gc,phases,start] GC(858) Adjust Roots
[314.119s][info][gc,phases      ] GC(858) Adjust Roots 0.219ms
[314.119s][info][gc,phases,start] GC(858) Compaction Phase
[314.216s][info][gc,phases      ] GC(858) Compaction Phase 96.800ms
[314.216s][info][gc,phases,start] GC(858) Post Compact
[314.218s][info][gc,phases      ] GC(858) Post Compact 2.136ms
[314.218s][info][gc,heap        ] GC(858) PSYoungGen: 33771K(77312K)->33771K(77312K) Eden: 24575K(24576K)->24575K(24576K) From: 9195K(52736K)->9195K(52736K)
[314.218s][info][gc,heap        ] GC(858) ParOldGen: 337997K(341504K)->337997K(341504K)
[314.218s][info][gc,metaspace   ] GC(858) Metaspace: 6296K(6464K)->6296K(6464K) NonClass: 5763K(5824K)->5763K(5824K) Class: 532K(640K)->532K(640K)
[314.218s][info][gc             ] GC(858) Pause Full (Ergonomics) 363M->363M(409M) 383.611ms
[314.219s][info][gc,cpu         ] GC(858) User=0.36s Sys=0.00s Real=0.38s
[314.219s][info][gc,start       ] GC(859) Pause Full (Ergonomics)
[314.219s][info][gc,phases,start] GC(859) Marking Phase
[314.505s][info][gc,phases      ] GC(859) Marking Phase 286.008ms
[314.505s][info][gc,phases,start] GC(859) Summary Phase
[314.505s][info][gc,phases      ] GC(859) Summary Phase 0.028ms
[314.505s][info][gc,phases,start] GC(859) Adjust Roots
[314.505s][info][gc,phases      ] GC(859) Adjust Roots 0.225ms
[314.505s][info][gc,phases,start] GC(859) Compaction Phase
[314.602s][info][gc,phases      ] GC(859) Compaction Phase 96.692ms
[314.602s][info][gc,phases,start] GC(859) Post Compact
[314.603s][info][gc,phases      ] GC(859) Post Compact 1.560ms
[314.604s][info][gc,heap        ] GC(859) PSYoungGen: 33771K(77312K)->33771K(77312K) Eden: 24575K(24576K)->24575K(24576K) From: 9195K(52736K)->9195K(52736K)
[314.604s][info][gc,heap        ] GC(859) ParOldGen: 338002K(341504K)->338002K(341504K)
[314.604s][info][gc,metaspace   ] GC(859) Metaspace: 6296K(6464K)->6296K(6464K) NonClass: 5763K(5824K)->5763K(5824K) Class: 532K(640K)->532K(640K)
[314.604s][info][gc             ] GC(859) Pause Full (Ergonomics) 363M->363M(409M) 384.903ms
[314.604s][info][gc,cpu         ] GC(859) User=0.38s Sys=0.02s Real=0.38s
[314.604s][info][gc,start       ] GC(860) Pause Full (Ergonomics)
[314.604s][info][gc,phases,start] GC(860) Marking Phase
[314.888s][info][gc,phases      ] GC(860) Marking Phase 283.976ms
[314.888s][info][gc,phases,start] GC(860) Summary Phase
[314.888s][info][gc,phases      ] GC(860) Summary Phase 0.023ms
[314.888s][info][gc,phases,start] GC(860) Adjust Roots
[314.888s][info][gc,phases      ] GC(860) Adjust Roots 0.224ms
[314.888s][info][gc,phases,start] GC(860) Compaction Phase
[314.983s][info][gc,phases      ] GC(860) Compaction Phase 95.032ms
[314.983s][info][gc,phases,start] GC(860) Post Compact
[314.985s][info][gc,phases      ] GC(860) Post Compact 1.508ms
[314.985s][info][gc,heap        ] GC(860) PSYoungGen: 33771K(77312K)->33771K(77312K) Eden: 24575K(24576K)->24575K(24576K) From: 9195K(52736K)->9195K(52736K)
[314.985s][info][gc,heap        ] GC(860) ParOldGen: 338006K(341504K)->338006K(341504K)
[314.985s][info][gc,metaspace   ] GC(860) Metaspace: 6296K(6464K)->6296K(6464K) NonClass: 5763K(5824K)->5763K(5824K) Class: 532K(640K)->532K(640K)
[314.985s][info][gc             ] GC(860) Pause Full (Ergonomics) 363M->363M(409M) 381.110ms
[314.985s][info][gc,cpu         ] GC(860) User=0.36s Sys=0.00s Real=0.38s
[314.986s][info][gc,start       ] GC(861) Pause Full (Ergonomics)
[314.986s][info][gc,phases,start] GC(861) Marking Phase
[315.270s][info][gc,phases      ] GC(861) Marking Phase 284.288ms
[315.270s][info][gc,phases,start] GC(861) Summary Phase
[315.270s][info][gc,phases      ] GC(861) Summary Phase 0.024ms
[315.270s][info][gc,phases,start] GC(861) Adjust Roots
[315.270s][info][gc,phases      ] GC(861) Adjust Roots 0.221ms
[315.270s][info][gc,phases,start] GC(861) Compaction Phase
[315.365s][info][gc,phases      ] GC(861) Compaction Phase 95.074ms
[315.366s][info][gc,phases,start] GC(861) Post Compact
[315.367s][info][gc,phases      ] GC(861) Post Compact 1.521ms
[315.367s][info][gc,heap        ] GC(861) PSYoungGen: 33771K(77312K)->33771K(77312K) Eden: 24575K(24576K)->24575K(24576K) From: 9195K(52736K)->9195K(52736K)
[315.367s][info][gc,heap        ] GC(861) ParOldGen: 338011K(341504K)->338011K(341504K)
[315.367s][info][gc,metaspace   ] GC(861) Metaspace: 6296K(6464K)->6296K(6464K) NonClass: 5763K(5824K)->5763K(5824K) Class: 532K(640K)->532K(640K)
[315.367s][info][gc             ] GC(861) Pause Full (Ergonomics) 363M->363M(409M) 381.462ms
[315.367s][info][gc,cpu         ] GC(861) User=0.38s Sys=0.00s Real=0.38s
[315.367s][info][gc,start       ] GC(862) Pause Full (Ergonomics)
[315.367s][info][gc,phases,start] GC(862) Marking Phase
[315.652s][info][gc,phases      ] GC(862) Marking Phase 284.039ms
[315.652s][info][gc,phases,start] GC(862) Summary Phase
[315.652s][info][gc,phases      ] GC(862) Summary Phase 0.035ms
[315.652s][info][gc,phases,start] GC(862) Adjust Roots
[315.652s][info][gc,phases      ] GC(862) Adjust Roots 0.260ms
[315.652s][info][gc,phases,start] GC(862) Compaction Phase
[315.748s][info][gc,phases      ] GC(862) Compaction Phase 96.048ms
[315.748s][info][gc,phases,start] GC(862) Post Compact
[315.750s][info][gc,phases      ] GC(862) Post Compact 1.538ms
[315.750s][info][gc,heap        ] GC(862) PSYoungGen: 33771K(77312K)->33771K(77312K) Eden: 24575K(24576K)->24575K(24576K) From: 9195K(52736K)->9195K(52736K)
[315.750s][info][gc,heap        ] GC(862) ParOldGen: 338016K(341504K)->338016K(341504K)
[315.750s][info][gc,metaspace   ] GC(862) Metaspace: 6296K(6464K)->6296K(6464K) NonClass: 5763K(5824K)->5763K(5824K) Class: 532K(640K)->532K(640K)
[315.750s][info][gc             ] GC(862) Pause Full (Ergonomics) 363M->363M(409M) 382.438ms
[315.750s][info][gc,cpu         ] GC(862) User=0.34s Sys=0.00s Real=0.38s
[315.750s][info][gc,start       ] GC(863) Pause Full (Ergonomics)
[315.750s][info][gc,phases,start] GC(863) Marking Phase
[316.035s][info][gc,phases      ] GC(863) Marking Phase 284.680ms
[316.035s][info][gc,phases,start] GC(863) Summary Phase
[316.035s][info][gc,phases      ] GC(863) Summary Phase 0.034ms
[316.035s][info][gc,phases,start] GC(863) Adjust Roots
[316.035s][info][gc,phases      ] GC(863) Adjust Roots 0.297ms
[316.035s][info][gc,phases,start] GC(863) Compaction Phase
[316.131s][info][gc,phases      ] GC(863) Compaction Phase 95.305ms
[316.131s][info][gc,phases,start] GC(863) Post Compact
[316.132s][info][gc,phases      ] GC(863) Post Compact 1.533ms
[316.132s][info][gc,heap        ] GC(863) PSYoungGen: 33771K(77312K)->33771K(77312K) Eden: 24575K(24576K)->24575K(24576K) From: 9195K(52736K)->9195K(52736K)
[316.132s][info][gc,heap        ] GC(863) ParOldGen: 338020K(341504K)->338020K(341504K)
[316.132s][info][gc,metaspace   ] GC(863) Metaspace: 6296K(6464K)->6296K(6464K) NonClass: 5763K(5824K)->5763K(5824K) Class: 532K(640K)->532K(640K)
[316.132s][info][gc             ] GC(863) Pause Full (Ergonomics) 363M->363M(409M) 382.248ms
[316.133s][info][gc,cpu         ] GC(863) User=0.38s Sys=0.00s Real=0.38s
[316.133s][info][gc,start       ] GC(864) Pause Full (Ergonomics)
[316.133s][info][gc,phases,start] GC(864) Marking Phase
[316.418s][info][gc,phases      ] GC(864) Marking Phase 285.017ms
[316.418s][info][gc,phases,start] GC(864) Summary Phase
[316.418s][info][gc,phases      ] GC(864) Summary Phase 0.055ms
[316.418s][info][gc,phases,start] GC(864) Adjust Roots
[316.418s][info][gc,phases      ] GC(864) Adjust Roots 0.273ms
[316.418s][info][gc,phases,start] GC(864) Compaction Phase
[316.514s][info][gc,phases      ] GC(864) Compaction Phase 95.566ms
[316.514s][info][gc,phases,start] GC(864) Post Compact
[316.516s][info][gc,phases      ] GC(864) Post Compact 1.533ms
[316.516s][info][gc,heap        ] GC(864) PSYoungGen: 33771K(77312K)->33771K(77312K) Eden: 24575K(24576K)->24575K(24576K) From: 9195K(52736K)->9195K(52736K)
[316.516s][info][gc,heap        ] GC(864) ParOldGen: 338025K(341504K)->338025K(341504K)
[316.516s][info][gc,metaspace   ] GC(864) Metaspace: 6296K(6464K)->6296K(6464K) NonClass: 5763K(5824K)->5763K(5824K) Class: 532K(640K)->532K(640K)
[316.516s][info][gc             ] GC(864) Pause Full (Ergonomics) 363M->363M(409M) 382.834ms
[316.516s][info][gc,cpu         ] GC(864) User=0.34s Sys=0.00s Real=0.38s
[316.516s][info][gc,start       ] GC(865) Pause Full (Ergonomics)
[316.516s][info][gc,phases,start] GC(865) Marking Phase
[316.800s][info][gc,phases      ] GC(865) Marking Phase 284.490ms
[316.801s][info][gc,phases,start] GC(865) Summary Phase
[316.801s][info][gc,phases      ] GC(865) Summary Phase 0.035ms
[316.801s][info][gc,phases,start] GC(865) Adjust Roots
[316.801s][info][gc,phases      ] GC(865) Adjust Roots 0.244ms
[316.801s][info][gc,phases,start] GC(865) Compaction Phase
[316.897s][info][gc,phases      ] GC(865) Compaction Phase 95.777ms
[316.897s][info][gc,phases,start] GC(865) Post Compact
[316.898s][info][gc,phases      ] GC(865) Post Compact 1.541ms
[316.898s][info][gc,heap        ] GC(865) PSYoungGen: 33771K(77312K)->33771K(77312K) Eden: 24575K(24576K)->24575K(24576K) From: 9195K(52736K)->9195K(52736K)
[316.898s][info][gc,heap        ] GC(865) ParOldGen: 338030K(341504K)->338030K(341504K)
[316.898s][info][gc,metaspace   ] GC(865) Metaspace: 6296K(6464K)->6296K(6464K) NonClass: 5763K(5824K)->5763K(5824K) Class: 532K(640K)->532K(640K)
[316.898s][info][gc             ] GC(865) Pause Full (Ergonomics) 363M->363M(409M) 382.468ms
[316.898s][info][gc,cpu         ] GC(865) User=0.38s Sys=0.00s Real=0.38s
[316.899s][info][gc,start       ] GC(866) Pause Full (Ergonomics)
[316.899s][info][gc,phases,start] GC(866) Marking Phase
[317.183s][info][gc,phases      ] GC(866) Marking Phase 284.522ms
[317.183s][info][gc,phases,start] GC(866) Summary Phase
[317.183s][info][gc,phases      ] GC(866) Summary Phase 0.034ms
[317.183s][info][gc,phases,start] GC(866) Adjust Roots
[317.184s][info][gc,phases      ] GC(866) Adjust Roots 0.286ms
[317.184s][info][gc,phases,start] GC(866) Compaction Phase
[317.279s][info][gc,phases      ] GC(866) Compaction Phase 95.577ms
[317.279s][info][gc,phases,start] GC(866) Post Compact
[317.281s][info][gc,phases      ] GC(866) Post Compact 1.518ms
[317.281s][info][gc,heap        ] GC(866) PSYoungGen: 33771K(77312K)->33771K(77312K) Eden: 24575K(24576K)->24575K(24576K) From: 9195K(52736K)->9195K(52736K)
[317.281s][info][gc,heap        ] GC(866) ParOldGen: 338034K(341504K)->338034K(341504K)
[317.281s][info][gc,metaspace   ] GC(866) Metaspace: 6296K(6464K)->6296K(6464K) NonClass: 5763K(5824K)->5763K(5824K) Class: 532K(640K)->532K(640K)
[317.281s][info][gc             ] GC(866) Pause Full (Ergonomics) 363M->363M(409M) 382.348ms
[317.281s][info][gc,cpu         ] GC(866) User=0.34s Sys=0.00s Real=0.38s
[317.281s][info][gc,start       ] GC(867) Pause Full (Ergonomics)
[317.281s][info][gc,phases,start] GC(867) Marking Phase
[317.566s][info][gc,phases      ] GC(867) Marking Phase 284.432ms
[317.566s][info][gc,phases,start] GC(867) Summary Phase
[317.566s][info][gc,phases      ] GC(867) Summary Phase 0.035ms
[317.566s][info][gc,phases,start] GC(867) Adjust Roots
[317.566s][info][gc,phases      ] GC(867) Adjust Roots 0.264ms
[317.566s][info][gc,phases,start] GC(867) Compaction Phase
[317.662s][info][gc,phases      ] GC(867) Compaction Phase 95.513ms
[317.662s][info][gc,phases,start] GC(867) Post Compact
[317.663s][info][gc,phases      ] GC(867) Post Compact 1.537ms
[317.663s][info][gc,heap        ] GC(867) PSYoungGen: 33771K(77312K)->33771K(77312K) Eden: 24575K(24576K)->24575K(24576K) From: 9195K(52736K)->9195K(52736K)
[317.664s][info][gc,heap        ] GC(867) ParOldGen: 338039K(341504K)->338039K(341504K)
[317.664s][info][gc,metaspace   ] GC(867) Metaspace: 6296K(6464K)->6296K(6464K) NonClass: 5763K(5824K)->5763K(5824K) Class: 532K(640K)->532K(640K)
[317.664s][info][gc             ] GC(867) Pause Full (Ergonomics) 363M->363M(409M) 382.192ms
[317.664s][info][gc,cpu         ] GC(867) User=0.38s Sys=0.00s Real=0.38s
[317.664s][info][gc,start       ] GC(868) Pause Full (Ergonomics)
[317.664s][info][gc,phases,start] GC(868) Marking Phase
[317.948s][info][gc,phases      ] GC(868) Marking Phase 283.898ms
[317.948s][info][gc,phases,start] GC(868) Summary Phase
[317.948s][info][gc,phases      ] GC(868) Summary Phase 0.034ms
[317.948s][info][gc,phases,start] GC(868) Adjust Roots
[317.948s][info][gc,phases      ] GC(868) Adjust Roots 0.268ms
[317.948s][info][gc,phases,start] GC(868) Compaction Phase
[318.044s][info][gc,phases      ] GC(868) Compaction Phase 95.407ms
[318.044s][info][gc,phases,start] GC(868) Post Compact
[318.045s][info][gc,phases      ] GC(868) Post Compact 1.680ms
[318.046s][info][gc,heap        ] GC(868) PSYoungGen: 33771K(77312K)->33771K(77312K) Eden: 24575K(24576K)->24575K(24576K) From: 9195K(52736K)->9195K(52736K)
[318.046s][info][gc,heap        ] GC(868) ParOldGen: 338044K(341504K)->338044K(341504K)
[318.046s][info][gc,metaspace   ] GC(868) Metaspace: 6296K(6464K)->6296K(6464K) NonClass: 5763K(5824K)->5763K(5824K) Class: 532K(640K)->532K(640K)
[318.046s][info][gc             ] GC(868) Pause Full (Ergonomics) 363M->363M(409M) 381.686ms
[318.046s][info][gc,cpu         ] GC(868) User=0.34s Sys=0.00s Real=0.38s
[318.046s][info][gc,start       ] GC(869) Pause Full (Ergonomics)
[318.046s][info][gc,phases,start] GC(869) Marking Phase
[318.329s][info][gc,phases      ] GC(869) Marking Phase 283.012ms
[318.329s][info][gc,phases,start] GC(869) Summary Phase
[318.329s][info][gc,phases      ] GC(869) Summary Phase 0.034ms
[318.329s][info][gc,phases,start] GC(869) Adjust Roots
[318.329s][info][gc,phases      ] GC(869) Adjust Roots 0.242ms
[318.329s][info][gc,phases,start] GC(869) Compaction Phase
[318.425s][info][gc,phases      ] GC(869) Compaction Phase 95.887ms
[318.425s][info][gc,phases,start] GC(869) Post Compact
[318.427s][info][gc,phases      ] GC(869) Post Compact 1.537ms
[318.427s][info][gc,heap        ] GC(869) PSYoungGen: 33771K(77312K)->33771K(77312K) Eden: 24575K(24576K)->24575K(24576K) From: 9195K(52736K)->9195K(52736K)
[318.427s][info][gc,heap        ] GC(869) ParOldGen: 338048K(341504K)->338048K(341504K)
[318.427s][info][gc,metaspace   ] GC(869) Metaspace: 6296K(6464K)->6296K(6464K) NonClass: 5763K(5824K)->5763K(5824K) Class: 532K(640K)->532K(640K)
[318.427s][info][gc             ] GC(869) Pause Full (Ergonomics) 363M->363M(409M) 381.088ms
[318.427s][info][gc,cpu         ] GC(869) User=0.36s Sys=0.00s Real=0.38s
[318.427s][info][gc,start       ] GC(870) Pause Full (Ergonomics)
[318.427s][info][gc,phases,start] GC(870) Marking Phase
[318.712s][info][gc,phases      ] GC(870) Marking Phase 284.307ms
[318.712s][info][gc,phases,start] GC(870) Summary Phase
[318.712s][info][gc,phases      ] GC(870) Summary Phase 0.034ms
[318.712s][info][gc,phases,start] GC(870) Adjust Roots
[318.712s][info][gc,phases      ] GC(870) Adjust Roots 0.278ms
[318.712s][info][gc,phases,start] GC(870) Compaction Phase
[318.808s][info][gc,phases      ] GC(870) Compaction Phase 96.173ms
[318.808s][info][gc,phases,start] GC(870) Post Compact
[318.810s][info][gc,phases      ] GC(870) Post Compact 1.528ms
[318.810s][info][gc,heap        ] GC(870) PSYoungGen: 33771K(77312K)->33771K(77312K) Eden: 24575K(24576K)->24575K(24576K) From: 9195K(52736K)->9195K(52736K)
[318.810s][info][gc,heap        ] GC(870) ParOldGen: 338053K(341504K)->338053K(341504K)
[318.810s][info][gc,metaspace   ] GC(870) Metaspace: 6296K(6464K)->6296K(6464K) NonClass: 5763K(5824K)->5763K(5824K) Class: 532K(640K)->532K(640K)
[318.810s][info][gc             ] GC(870) Pause Full (Ergonomics) 363M->363M(409M) 382.736ms
[318.810s][info][gc,cpu         ] GC(870) User=0.33s Sys=0.00s Real=0.38s
[318.810s][info][gc,start       ] GC(871) Pause Full (Ergonomics)
[318.810s][info][gc,phases,start] GC(871) Marking Phase
[319.095s][info][gc,phases      ] GC(871) Marking Phase 284.886ms
[319.095s][info][gc,phases,start] GC(871) Summary Phase
[319.095s][info][gc,phases      ] GC(871) Summary Phase 0.024ms
[319.095s][info][gc,phases,start] GC(871) Adjust Roots
[319.096s][info][gc,phases      ] GC(871) Adjust Roots 0.213ms
[319.096s][info][gc,phases,start] GC(871) Compaction Phase
[319.192s][info][gc,phases      ] GC(871) Compaction Phase 96.080ms
[319.192s][info][gc,phases,start] GC(871) Post Compact
[319.193s][info][gc,phases      ] GC(871) Post Compact 1.504ms
[319.193s][info][gc,heap        ] GC(871) PSYoungGen: 33771K(77312K)->33771K(77312K) Eden: 24575K(24576K)->24575K(24576K) From: 9195K(52736K)->9195K(52736K)
[319.193s][info][gc,heap        ] GC(871) ParOldGen: 338058K(341504K)->338058K(341504K)
[319.193s][info][gc,metaspace   ] GC(871) Metaspace: 6296K(6464K)->6296K(6464K) NonClass: 5763K(5824K)->5763K(5824K) Class: 532K(640K)->532K(640K)
[319.193s][info][gc             ] GC(871) Pause Full (Ergonomics) 363M->363M(409M) 383.121ms
[319.193s][info][gc,cpu         ] GC(871) User=0.34s Sys=0.00s Real=0.38s
[319.194s][info][gc,start       ] GC(872) Pause Full (Ergonomics)
[319.194s][info][gc,phases,start] GC(872) Marking Phase
[319.480s][info][gc,phases      ] GC(872) Marking Phase 285.795ms
[319.480s][info][gc,phases,start] GC(872) Summary Phase
[319.480s][info][gc,phases      ] GC(872) Summary Phase 0.017ms
[319.480s][info][gc,phases,start] GC(872) Adjust Roots
[319.480s][info][gc,phases      ] GC(872) Adjust Roots 0.265ms
[319.480s][info][gc,phases,start] GC(872) Compaction Phase
[319.577s][info][gc,phases      ] GC(872) Compaction Phase 97.253ms
[319.577s][info][gc,phases,start] GC(872) Post Compact
[319.579s][info][gc,phases      ] GC(872) Post Compact 1.522ms
[319.579s][info][gc,heap        ] GC(872) PSYoungGen: 33771K(77312K)->33771K(77312K) Eden: 24575K(24576K)->24575K(24576K) From: 9195K(52736K)->9195K(52736K)
[319.579s][info][gc,heap        ] GC(872) ParOldGen: 338062K(341504K)->338062K(341504K)
[319.579s][info][gc,metaspace   ] GC(872) Metaspace: 6296K(6464K)->6296K(6464K) NonClass: 5763K(5824K)->5763K(5824K) Class: 532K(640K)->532K(640K)
[319.579s][info][gc             ] GC(872) Pause Full (Ergonomics) 363M->363M(409M) 385.160ms
[319.579s][info][gc,cpu         ] GC(872) User=0.34s Sys=0.00s Real=0.38s
[319.579s][info][gc,start       ] GC(873) Pause Full (Ergonomics)
[319.579s][info][gc,phases,start] GC(873) Marking Phase
[319.864s][info][gc,phases      ] GC(873) Marking Phase 284.361ms
[319.864s][info][gc,phases,start] GC(873) Summary Phase
[319.864s][info][gc,phases      ] GC(873) Summary Phase 0.034ms
[319.864s][info][gc,phases,start] GC(873) Adjust Roots
[319.864s][info][gc,phases      ] GC(873) Adjust Roots 0.291ms
[319.864s][info][gc,phases,start] GC(873) Compaction Phase
[319.961s][info][gc,phases      ] GC(873) Compaction Phase 96.946ms
[319.961s][info][gc,phases,start] GC(873) Post Compact
[319.963s][info][gc,phases      ] GC(873) Post Compact 1.527ms
[319.963s][info][gc,heap        ] GC(873) PSYoungGen: 33771K(77312K)->33771K(77312K) Eden: 24575K(24576K)->24575K(24576K) From: 9195K(52736K)->9195K(52736K)
[319.963s][info][gc,heap        ] GC(873) ParOldGen: 338067K(341504K)->338067K(341504K)
[319.963s][info][gc,metaspace   ] GC(873) Metaspace: 6296K(6464K)->6296K(6464K) NonClass: 5763K(5824K)->5763K(5824K) Class: 532K(640K)->532K(640K)
[319.963s][info][gc             ] GC(873) Pause Full (Ergonomics) 363M->363M(409M) 383.542ms
[319.963s][info][gc,cpu         ] GC(873) User=0.38s Sys=0.00s Real=0.38s
[319.963s][info][gc,start       ] GC(874) Pause Full (Ergonomics)
[319.963s][info][gc,phases,start] GC(874) Marking Phase
[320.248s][info][gc,phases      ] GC(874) Marking Phase 284.958ms
[320.248s][info][gc,phases,start] GC(874) Summary Phase
[320.248s][info][gc,phases      ] GC(874) Summary Phase 0.035ms
[320.248s][info][gc,phases,start] GC(874) Adjust Roots
[320.248s][info][gc,phases      ] GC(874) Adjust Roots 0.223ms
[320.248s][info][gc,phases,start] GC(874) Compaction Phase
[320.345s][info][gc,phases      ] GC(874) Compaction Phase 96.200ms
[320.345s][info][gc,phases,start] GC(874) Post Compact
[320.346s][info][gc,phases      ] GC(874) Post Compact 1.519ms
[320.346s][info][gc,heap        ] GC(874) PSYoungGen: 33771K(77312K)->33771K(77312K) Eden: 24575K(24576K)->24575K(24576K) From: 9195K(52736K)->9195K(52736K)
[320.346s][info][gc,heap        ] GC(874) ParOldGen: 338072K(341504K)->338072K(341504K)
[320.346s][info][gc,metaspace   ] GC(874) Metaspace: 6296K(6464K)->6296K(6464K) NonClass: 5763K(5824K)->5763K(5824K) Class: 532K(640K)->532K(640K)
[320.346s][info][gc             ] GC(874) Pause Full (Ergonomics) 363M->363M(409M) 383.332ms
[320.346s][info][gc,cpu         ] GC(874) User=0.34s Sys=0.00s Real=0.38s
[320.347s][info][gc,start       ] GC(875) Pause Full (Ergonomics)
[320.347s][info][gc,phases,start] GC(875) Marking Phase
[320.631s][info][gc,phases      ] GC(875) Marking Phase 284.052ms
[320.631s][info][gc,phases,start] GC(875) Summary Phase
[320.631s][info][gc,phases      ] GC(875) Summary Phase 0.034ms
[320.631s][info][gc,phases,start] GC(875) Adjust Roots
[320.631s][info][gc,phases      ] GC(875) Adjust Roots 0.256ms
[320.631s][info][gc,phases,start] GC(875) Compaction Phase
[320.727s][info][gc,phases      ] GC(875) Compaction Phase 95.855ms
[320.727s][info][gc,phases,start] GC(875) Post Compact
[320.729s][info][gc,phases      ] GC(875) Post Compact 1.521ms
[320.729s][info][gc,heap        ] GC(875) PSYoungGen: 33771K(77312K)->33771K(77312K) Eden: 24575K(24576K)->24575K(24576K) From: 9195K(52736K)->9195K(52736K)
[320.729s][info][gc,heap        ] GC(875) ParOldGen: 338076K(341504K)->338076K(341504K)
[320.729s][info][gc,metaspace   ] GC(875) Metaspace: 6296K(6464K)->6296K(6464K) NonClass: 5763K(5824K)->5763K(5824K) Class: 532K(640K)->532K(640K)
[320.729s][info][gc             ] GC(875) Pause Full (Ergonomics) 363M->363M(409M) 382.123ms
[320.729s][info][gc,cpu         ] GC(875) User=0.38s Sys=0.00s Real=0.38s
[320.729s][info][gc,start       ] GC(876) Pause Full (Ergonomics)
[320.729s][info][gc,phases,start] GC(876) Marking Phase
[321.013s][info][gc,phases      ] GC(876) Marking Phase 283.540ms
[321.013s][info][gc,phases,start] GC(876) Summary Phase
[321.013s][info][gc,phases      ] GC(876) Summary Phase 0.034ms
[321.013s][info][gc,phases,start] GC(876) Adjust Roots
[321.013s][info][gc,phases      ] GC(876) Adjust Roots 0.271ms
[321.013s][info][gc,phases,start] GC(876) Compaction Phase
[321.109s][info][gc,phases      ] GC(876) Compaction Phase 95.873ms
[321.109s][info][gc,phases,start] GC(876) Post Compact
[321.111s][info][gc,phases      ] GC(876) Post Compact 1.586ms
[321.111s][info][gc,heap        ] GC(876) PSYoungGen: 33771K(77312K)->33771K(77312K) Eden: 24575K(24576K)->24575K(24576K) From: 9195K(52736K)->9195K(52736K)
[321.111s][info][gc,heap        ] GC(876) ParOldGen: 338081K(341504K)->338081K(341504K)
[321.111s][info][gc,metaspace   ] GC(876) Metaspace: 6296K(6464K)->6296K(6464K) NonClass: 5763K(5824K)->5763K(5824K) Class: 532K(640K)->532K(640K)
[321.111s][info][gc             ] GC(876) Pause Full (Ergonomics) 363M->363M(409M) 381.690ms
[321.111s][info][gc,cpu         ] GC(876) User=0.34s Sys=0.00s Real=0.38s
[321.111s][info][gc,start       ] GC(877) Pause Full (Ergonomics)
[321.111s][info][gc,phases,start] GC(877) Marking Phase
[321.395s][info][gc,phases      ] GC(877) Marking Phase 283.937ms
[321.395s][info][gc,phases,start] GC(877) Summary Phase
[321.395s][info][gc,phases      ] GC(877) Summary Phase 0.035ms
[321.395s][info][gc,phases,start] GC(877) Adjust Roots
[321.396s][info][gc,phases      ] GC(877) Adjust Roots 0.241ms
[321.396s][info][gc,phases,start] GC(877) Compaction Phase
[321.492s][info][gc,phases      ] GC(877) Compaction Phase 95.940ms
[321.492s][info][gc,phases,start] GC(877) Post Compact
[321.493s][info][gc,phases      ] GC(877) Post Compact 1.507ms
[321.493s][info][gc,heap        ] GC(877) PSYoungGen: 33771K(77312K)->33771K(77312K) Eden: 24575K(24576K)->24575K(24576K) From: 9195K(52736K)->9195K(52736K)
[321.493s][info][gc,heap        ] GC(877) ParOldGen: 338086K(341504K)->338086K(341504K)
[321.493s][info][gc,metaspace   ] GC(877) Metaspace: 6296K(6464K)->6296K(6464K) NonClass: 5763K(5824K)->5763K(5824K) Class: 532K(640K)->532K(640K)
[321.493s][info][gc             ] GC(877) Pause Full (Ergonomics) 363M->363M(409M) 382.099ms
[321.493s][info][gc,cpu         ] GC(877) User=0.39s Sys=0.00s Real=0.38s
[321.494s][info][gc,start       ] GC(878) Pause Full (Ergonomics)
[321.494s][info][gc,phases,start] GC(878) Marking Phase
[321.779s][info][gc,phases      ] GC(878) Marking Phase 284.545ms
[321.779s][info][gc,phases,start] GC(878) Summary Phase
[321.779s][info][gc,phases      ] GC(878) Summary Phase 0.023ms
[321.779s][info][gc,phases,start] GC(878) Adjust Roots
[321.779s][info][gc,phases      ] GC(878) Adjust Roots 0.224ms
[321.779s][info][gc,phases,start] GC(878) Compaction Phase
[321.875s][info][gc,phases      ] GC(878) Compaction Phase 95.715ms
[321.875s][info][gc,phases,start] GC(878) Post Compact
[321.876s][info][gc,phases      ] GC(878) Post Compact 1.540ms
[321.876s][info][gc,heap        ] GC(878) PSYoungGen: 33771K(77312K)->33771K(77312K) Eden: 24575K(24576K)->24575K(24576K) From: 9195K(52736K)->9195K(52736K)
[321.876s][info][gc,heap        ] GC(878) ParOldGen: 338090K(341504K)->338090K(341504K)
[321.876s][info][gc,metaspace   ] GC(878) Metaspace: 6296K(6464K)->6296K(6464K) NonClass: 5763K(5824K)->5763K(5824K) Class: 532K(640K)->532K(640K)
[321.876s][info][gc             ] GC(878) Pause Full (Ergonomics) 363M->363M(409M) 382.400ms
[321.876s][info][gc,cpu         ] GC(878) User=0.34s Sys=0.00s Real=0.38s
[321.877s][info][gc,start       ] GC(879) Pause Full (Ergonomics)
[321.877s][info][gc,phases,start] GC(879) Marking Phase
[322.161s][info][gc,phases      ] GC(879) Marking Phase 284.087ms
[322.161s][info][gc,phases,start] GC(879) Summary Phase
[322.161s][info][gc,phases      ] GC(879) Summary Phase 0.035ms
[322.161s][info][gc,phases,start] GC(879) Adjust Roots
[322.161s][info][gc,phases      ] GC(879) Adjust Roots 0.259ms
[322.161s][info][gc,phases,start] GC(879) Compaction Phase
[322.258s][info][gc,phases      ] GC(879) Compaction Phase 96.412ms
[322.258s][info][gc,phases,start] GC(879) Post Compact
[322.259s][info][gc,phases      ] GC(879) Post Compact 1.550ms
[322.259s][info][gc,heap        ] GC(879) PSYoungGen: 33771K(77312K)->33771K(77312K) Eden: 24575K(24576K)->24575K(24576K) From: 9195K(52736K)->9195K(52736K)
[322.259s][info][gc,heap        ] GC(879) ParOldGen: 338095K(341504K)->338095K(341504K)
[322.259s][info][gc,metaspace   ] GC(879) Metaspace: 6296K(6464K)->6296K(6464K) NonClass: 5763K(5824K)->5763K(5824K) Class: 532K(640K)->532K(640K)
[322.259s][info][gc             ] GC(879) Pause Full (Ergonomics) 363M->363M(409M) 382.731ms
[322.259s][info][gc,cpu         ] GC(879) User=0.39s Sys=0.00s Real=0.38s
[322.260s][info][gc,start       ] GC(880) Pause Full (Ergonomics)
[322.260s][info][gc,phases,start] GC(880) Marking Phase
[322.544s][info][gc,phases      ] GC(880) Marking Phase 284.493ms
[322.544s][info][gc,phases,start] GC(880) Summary Phase
[322.544s][info][gc,phases      ] GC(880) Summary Phase 0.034ms
[322.545s][info][gc,phases,start] GC(880) Adjust Roots
[322.545s][info][gc,phases      ] GC(880) Adjust Roots 0.226ms
[322.545s][info][gc,phases,start] GC(880) Compaction Phase
[322.640s][info][gc,phases      ] GC(880) Compaction Phase 95.284ms
[322.640s][info][gc,phases,start] GC(880) Post Compact
[322.642s][info][gc,phases      ] GC(880) Post Compact 1.508ms
[322.642s][info][gc,heap        ] GC(880) PSYoungGen: 33771K(77312K)->33771K(77312K) Eden: 24575K(24576K)->24575K(24576K) From: 9195K(52736K)->9195K(52736K)
[322.642s][info][gc,heap        ] GC(880) ParOldGen: 338100K(341504K)->338100K(341504K)
[322.642s][info][gc,metaspace   ] GC(880) Metaspace: 6296K(6464K)->6296K(6464K) NonClass: 5763K(5824K)->5763K(5824K) Class: 532K(640K)->532K(640K)
[322.642s][info][gc             ] GC(880) Pause Full (Ergonomics) 363M->363M(409M) 381.920ms
[322.642s][info][gc,cpu         ] GC(880) User=0.36s Sys=0.00s Real=0.38s
[322.642s][info][gc,start       ] GC(881) Pause Full (Ergonomics)
[322.642s][info][gc,phases,start] GC(881) Marking Phase
[322.927s][info][gc,phases      ] GC(881) Marking Phase 284.163ms
[322.927s][info][gc,phases,start] GC(881) Summary Phase
[322.927s][info][gc,phases      ] GC(881) Summary Phase 0.034ms
[322.927s][info][gc,phases,start] GC(881) Adjust Roots
[322.927s][info][gc,phases      ] GC(881) Adjust Roots 0.262ms
[322.927s][info][gc,phases,start] GC(881) Compaction Phase
[323.023s][info][gc,phases      ] GC(881) Compaction Phase 96.477ms
[323.024s][info][gc,phases,start] GC(881) Post Compact
[323.025s][info][gc,phases      ] GC(881) Post Compact 1.507ms
[323.025s][info][gc,heap        ] GC(881) PSYoungGen: 33771K(77312K)->33771K(77312K) Eden: 24575K(24576K)->24575K(24576K) From: 9195K(52736K)->9195K(52736K)
[323.025s][info][gc,heap        ] GC(881) ParOldGen: 338104K(341504K)->338104K(341504K)
[323.025s][info][gc,metaspace   ] GC(881) Metaspace: 6296K(6464K)->6296K(6464K) NonClass: 5763K(5824K)->5763K(5824K) Class: 532K(640K)->532K(640K)
[323.025s][info][gc             ] GC(881) Pause Full (Ergonomics) 363M->363M(409M) 382.867ms
[323.025s][info][gc,cpu         ] GC(881) User=0.36s Sys=0.00s Real=0.38s
[323.025s][info][gc,start       ] GC(882) Pause Full (Ergonomics)
[323.025s][info][gc,phases,start] GC(882) Marking Phase
[323.310s][info][gc,phases      ] GC(882) Marking Phase 284.280ms
[323.310s][info][gc,phases,start] GC(882) Summary Phase
[323.310s][info][gc,phases      ] GC(882) Summary Phase 0.034ms
[323.310s][info][gc,phases,start] GC(882) Adjust Roots
[323.310s][info][gc,phases      ] GC(882) Adjust Roots 0.248ms
[323.310s][info][gc,phases,start] GC(882) Compaction Phase
[323.406s][info][gc,phases      ] GC(882) Compaction Phase 95.850ms
[323.406s][info][gc,phases,start] GC(882) Post Compact
[323.408s][info][gc,phases      ] GC(882) Post Compact 1.533ms
[323.408s][info][gc,heap        ] GC(882) PSYoungGen: 33771K(77312K)->33771K(77312K) Eden: 24575K(24576K)->24575K(24576K) From: 9195K(52736K)->9195K(52736K)
[323.408s][info][gc,heap        ] GC(882) ParOldGen: 338109K(341504K)->338109K(341504K)
[323.408s][info][gc,metaspace   ] GC(882) Metaspace: 6296K(6464K)->6296K(6464K) NonClass: 5763K(5824K)->5763K(5824K) Class: 532K(640K)->532K(640K)
[323.408s][info][gc             ] GC(882) Pause Full (Ergonomics) 363M->363M(409M) 382.318ms
[323.408s][info][gc,cpu         ] GC(882) User=0.34s Sys=0.00s Real=0.38s
[323.408s][info][gc,start       ] GC(883) Pause Full (Ergonomics)
[323.408s][info][gc,phases,start] GC(883) Marking Phase
[323.692s][info][gc,phases      ] GC(883) Marking Phase 284.288ms
[323.692s][info][gc,phases,start] GC(883) Summary Phase
[323.692s][info][gc,phases      ] GC(883) Summary Phase 0.034ms
[323.693s][info][gc,phases,start] GC(883) Adjust Roots
[323.693s][info][gc,phases      ] GC(883) Adjust Roots 0.238ms
[323.693s][info][gc,phases,start] GC(883) Compaction Phase
[323.789s][info][gc,phases      ] GC(883) Compaction Phase 95.861ms
[323.789s][info][gc,phases,start] GC(883) Post Compact
[323.790s][info][gc,phases      ] GC(883) Post Compact 1.518ms
[323.790s][info][gc,heap        ] GC(883) PSYoungGen: 33771K(77312K)->33771K(77312K) Eden: 24575K(24576K)->24575K(24576K) From: 9195K(52736K)->9195K(52736K)
[323.790s][info][gc,heap        ] GC(883) ParOldGen: 338114K(341504K)->338114K(341504K)
[323.790s][info][gc,metaspace   ] GC(883) Metaspace: 6296K(6464K)->6296K(6464K) NonClass: 5763K(5824K)->5763K(5824K) Class: 532K(640K)->532K(640K)
[323.790s][info][gc             ] GC(883) Pause Full (Ergonomics) 363M->363M(409M) 382.344ms
[323.790s][info][gc,cpu         ] GC(883) User=0.36s Sys=0.02s Real=0.38s
[323.791s][info][gc,start       ] GC(884) Pause Full (Ergonomics)
[323.791s][info][gc,phases,start] GC(884) Marking Phase
[324.076s][info][gc,phases      ] GC(884) Marking Phase 284.802ms
[324.076s][info][gc,phases,start] GC(884) Summary Phase
[324.076s][info][gc,phases      ] GC(884) Summary Phase 0.035ms
[324.076s][info][gc,phases,start] GC(884) Adjust Roots
[324.076s][info][gc,phases      ] GC(884) Adjust Roots 0.270ms
[324.076s][info][gc,phases,start] GC(884) Compaction Phase
[324.172s][info][gc,phases      ] GC(884) Compaction Phase 95.993ms
[324.172s][info][gc,phases,start] GC(884) Post Compact
[324.174s][info][gc,phases      ] GC(884) Post Compact 1.576ms
[324.174s][info][gc,heap        ] GC(884) PSYoungGen: 33771K(77312K)->33771K(77312K) Eden: 24575K(24576K)->24575K(24576K) From: 9195K(52736K)->9195K(52736K)
[324.174s][info][gc,heap        ] GC(884) ParOldGen: 338118K(341504K)->338118K(341504K)
[324.174s][info][gc,metaspace   ] GC(884) Metaspace: 6296K(6464K)->6296K(6464K) NonClass: 5763K(5824K)->5763K(5824K) Class: 532K(640K)->532K(640K)
[324.174s][info][gc             ] GC(884) Pause Full (Ergonomics) 363M->363M(409M) 383.050ms
[324.174s][info][gc,cpu         ] GC(884) User=0.34s Sys=0.00s Real=0.38s
[324.174s][info][gc,start       ] GC(885) Pause Full (Ergonomics)
[324.174s][info][gc,phases,start] GC(885) Marking Phase
[324.459s][info][gc,phases      ] GC(885) Marking Phase 284.364ms
[324.459s][info][gc,phases,start] GC(885) Summary Phase
[324.459s][info][gc,phases      ] GC(885) Summary Phase 0.035ms
[324.459s][info][gc,phases,start] GC(885) Adjust Roots
[324.459s][info][gc,phases      ] GC(885) Adjust Roots 0.282ms
[324.459s][info][gc,phases,start] GC(885) Compaction Phase
[324.555s][info][gc,phases      ] GC(885) Compaction Phase 96.160ms
[324.556s][info][gc,phases,start] GC(885) Post Compact
[324.557s][info][gc,phases      ] GC(885) Post Compact 1.519ms
[324.557s][info][gc,heap        ] GC(885) PSYoungGen: 33771K(77312K)->33771K(77312K) Eden: 24575K(24576K)->24575K(24576K) From: 9195K(52736K)->9195K(52736K)
[324.557s][info][gc,heap        ] GC(885) ParOldGen: 338123K(341504K)->338123K(341504K)
[324.557s][info][gc,metaspace   ] GC(885) Metaspace: 6296K(6464K)->6296K(6464K) NonClass: 5763K(5824K)->5763K(5824K) Class: 532K(640K)->532K(640K)
[324.557s][info][gc             ] GC(885) Pause Full (Ergonomics) 363M->363M(409M) 382.780ms
[324.557s][info][gc,cpu         ] GC(885) User=0.36s Sys=0.02s Real=0.38s
[324.557s][info][gc,start       ] GC(886) Pause Full (Ergonomics)
[324.557s][info][gc,phases,start] GC(886) Marking Phase
[324.842s][info][gc,phases      ] GC(886) Marking Phase 284.631ms
[324.842s][info][gc,phases,start] GC(886) Summary Phase
[324.842s][info][gc,phases      ] GC(886) Summary Phase 0.034ms
[324.842s][info][gc,phases,start] GC(886) Adjust Roots
[324.842s][info][gc,phases      ] GC(886) Adjust Roots 0.239ms
[324.843s][info][gc,phases,start] GC(886) Compaction Phase
[324.941s][info][gc,phases      ] GC(886) Compaction Phase 98.882ms
[324.941s][info][gc,phases,start] GC(886) Post Compact
[324.943s][info][gc,phases      ] GC(886) Post Compact 1.545ms
[324.943s][info][gc,heap        ] GC(886) PSYoungGen: 33771K(77312K)->33771K(77312K) Eden: 24575K(24576K)->24575K(24576K) From: 9195K(52736K)->9195K(52736K)
[324.943s][info][gc,heap        ] GC(886) ParOldGen: 338128K(341504K)->338128K(341504K)
[324.943s][info][gc,metaspace   ] GC(886) Metaspace: 6296K(6464K)->6296K(6464K) NonClass: 5763K(5824K)->5763K(5824K) Class: 532K(640K)->532K(640K)
[324.943s][info][gc             ] GC(886) Pause Full (Ergonomics) 363M->363M(409M) 385.808ms
[324.943s][info][gc,cpu         ] GC(886) User=0.34s Sys=0.00s Real=0.39s
[324.944s][info][gc,start       ] GC(887) Pause Full (Ergonomics)
[324.944s][info][gc,phases,start] GC(887) Marking Phase
[325.229s][info][gc,phases      ] GC(887) Marking Phase 285.617ms
[325.229s][info][gc,phases,start] GC(887) Summary Phase
[325.229s][info][gc,phases      ] GC(887) Summary Phase 0.035ms
[325.229s][info][gc,phases,start] GC(887) Adjust Roots
[325.230s][info][gc,phases      ] GC(887) Adjust Roots 0.283ms
[325.230s][info][gc,phases,start] GC(887) Compaction Phase
[325.325s][info][gc,phases      ] GC(887) Compaction Phase 95.757ms
[325.325s][info][gc,phases,start] GC(887) Post Compact
[325.327s][info][gc,phases      ] GC(887) Post Compact 1.538ms
[325.327s][info][gc,heap        ] GC(887) PSYoungGen: 33771K(77312K)->33771K(77312K) Eden: 24575K(24576K)->24575K(24576K) From: 9195K(52736K)->9195K(52736K)
[325.327s][info][gc,heap        ] GC(887) ParOldGen: 338132K(341504K)->338132K(341504K)
[325.327s][info][gc,metaspace   ] GC(887) Metaspace: 6296K(6464K)->6296K(6464K) NonClass: 5763K(5824K)->5763K(5824K) Class: 532K(640K)->532K(640K)
[325.327s][info][gc             ] GC(887) Pause Full (Ergonomics) 363M->363M(409M) 383.609ms
[325.327s][info][gc,cpu         ] GC(887) User=0.34s Sys=0.00s Real=0.38s
[325.327s][info][gc,start       ] GC(888) Pause Full (Ergonomics)
[325.327s][info][gc,phases,start] GC(888) Marking Phase
[325.612s][info][gc,phases      ] GC(888) Marking Phase 284.780ms
[325.612s][info][gc,phases,start] GC(888) Summary Phase
[325.612s][info][gc,phases      ] GC(888) Summary Phase 0.034ms
[325.612s][info][gc,phases,start] GC(888) Adjust Roots
[325.613s][info][gc,phases      ] GC(888) Adjust Roots 0.292ms
[325.613s][info][gc,phases,start] GC(888) Compaction Phase
[325.708s][info][gc,phases      ] GC(888) Compaction Phase 95.491ms
[325.708s][info][gc,phases,start] GC(888) Post Compact
[325.710s][info][gc,phases      ] GC(888) Post Compact 1.503ms
[325.710s][info][gc,heap        ] GC(888) PSYoungGen: 33771K(77312K)->33771K(77312K) Eden: 24575K(24576K)->24575K(24576K) From: 9195K(52736K)->9195K(52736K)
[325.710s][info][gc,heap        ] GC(888) ParOldGen: 338137K(341504K)->338137K(341504K)
[325.710s][info][gc,metaspace   ] GC(888) Metaspace: 6296K(6464K)->6296K(6464K) NonClass: 5763K(5824K)->5763K(5824K) Class: 532K(640K)->532K(640K)
[325.710s][info][gc             ] GC(888) Pause Full (Ergonomics) 363M->363M(409M) 382.551ms
[325.710s][info][gc,cpu         ] GC(888) User=0.38s Sys=0.00s Real=0.38s
[325.710s][info][gc,start       ] GC(889) Pause Full (Ergonomics)
[325.710s][info][gc,phases,start] GC(889) Marking Phase
[325.994s][info][gc,phases      ] GC(889) Marking Phase 283.984ms
[325.994s][info][gc,phases,start] GC(889) Summary Phase
[325.994s][info][gc,phases      ] GC(889) Summary Phase 0.024ms
[325.994s][info][gc,phases,start] GC(889) Adjust Roots
[325.995s][info][gc,phases      ] GC(889) Adjust Roots 0.211ms
[325.995s][info][gc,phases,start] GC(889) Compaction Phase
[326.090s][info][gc,phases      ] GC(889) Compaction Phase 95.111ms
[326.090s][info][gc,phases,start] GC(889) Post Compact
[326.091s][info][gc,phases      ] GC(889) Post Compact 1.518ms
[326.091s][info][gc,heap        ] GC(889) PSYoungGen: 33771K(77312K)->33771K(77312K) Eden: 24575K(24576K)->24575K(24576K) From: 9195K(52736K)->9195K(52736K)
[326.091s][info][gc,heap        ] GC(889) ParOldGen: 338142K(341504K)->338142K(341504K)
[326.091s][info][gc,metaspace   ] GC(889) Metaspace: 6296K(6464K)->6296K(6464K) NonClass: 5763K(5824K)->5763K(5824K) Class: 532K(640K)->532K(640K)
[326.091s][info][gc             ] GC(889) Pause Full (Ergonomics) 363M->363M(409M) 381.236ms
[326.091s][info][gc,cpu         ] GC(889) User=0.34s Sys=0.00s Real=0.38s
[326.092s][info][gc,start       ] GC(890) Pause Full (Ergonomics)
[326.092s][info][gc,phases,start] GC(890) Marking Phase
[326.376s][info][gc,phases      ] GC(890) Marking Phase 284.219ms
[326.376s][info][gc,phases,start] GC(890) Summary Phase
[326.376s][info][gc,phases      ] GC(890) Summary Phase 0.035ms
[326.376s][info][gc,phases,start] GC(890) Adjust Roots
[326.376s][info][gc,phases      ] GC(890) Adjust Roots 0.286ms
[326.376s][info][gc,phases,start] GC(890) Compaction Phase
[326.472s][info][gc,phases      ] GC(890) Compaction Phase 95.590ms
[326.472s][info][gc,phases,start] GC(890) Post Compact
[326.474s][info][gc,phases      ] GC(890) Post Compact 1.536ms
[326.474s][info][gc,heap        ] GC(890) PSYoungGen: 33771K(77312K)->33771K(77312K) Eden: 24575K(24576K)->24575K(24576K) From: 9195K(52736K)->9195K(52736K)
[326.474s][info][gc,heap        ] GC(890) ParOldGen: 338146K(341504K)->338146K(341504K)
[326.474s][info][gc,metaspace   ] GC(890) Metaspace: 6296K(6464K)->6296K(6464K) NonClass: 5763K(5824K)->5763K(5824K) Class: 532K(640K)->532K(640K)
[326.474s][info][gc             ] GC(890) Pause Full (Ergonomics) 363M->363M(409M) 382.050ms
[326.474s][info][gc,cpu         ] GC(890) User=0.36s Sys=0.00s Real=0.38s
[326.474s][info][gc,start       ] GC(891) Pause Full (Ergonomics)
[326.474s][info][gc,phases,start] GC(891) Marking Phase
[326.759s][info][gc,phases      ] GC(891) Marking Phase 284.655ms
[326.759s][info][gc,phases,start] GC(891) Summary Phase
[326.759s][info][gc,phases      ] GC(891) Summary Phase 0.034ms
[326.759s][info][gc,phases,start] GC(891) Adjust Roots
[326.759s][info][gc,phases      ] GC(891) Adjust Roots 0.273ms
[326.759s][info][gc,phases,start] GC(891) Compaction Phase
[326.855s][info][gc,phases      ] GC(891) Compaction Phase 95.657ms
[326.855s][info][gc,phases,start] GC(891) Post Compact
[326.857s][info][gc,phases      ] GC(891) Post Compact 1.527ms
[326.857s][info][gc,heap        ] GC(891) PSYoungGen: 33771K(77312K)->33771K(77312K) Eden: 24575K(24576K)->24575K(24576K) From: 9195K(52736K)->9195K(52736K)
[326.857s][info][gc,heap        ] GC(891) ParOldGen: 338151K(341504K)->338151K(341504K)
[326.857s][info][gc,metaspace   ] GC(891) Metaspace: 6296K(6464K)->6296K(6464K) NonClass: 5763K(5824K)->5763K(5824K) Class: 532K(640K)->532K(640K)
[326.857s][info][gc             ] GC(891) Pause Full (Ergonomics) 363M->363M(409M) 382.534ms
[326.857s][info][gc,cpu         ] GC(891) User=0.34s Sys=0.00s Real=0.38s
[326.857s][info][gc,start       ] GC(892) Pause Full (Ergonomics)
[326.857s][info][gc,phases,start] GC(892) Marking Phase
[327.142s][info][gc,phases      ] GC(892) Marking Phase 284.383ms
[327.142s][info][gc,phases,start] GC(892) Summary Phase
[327.142s][info][gc,phases      ] GC(892) Summary Phase 0.022ms
[327.142s][info][gc,phases,start] GC(892) Adjust Roots
[327.142s][info][gc,phases      ] GC(892) Adjust Roots 0.211ms
[327.142s][info][gc,phases,start] GC(892) Compaction Phase
[327.238s][info][gc,phases      ] GC(892) Compaction Phase 96.010ms
[327.238s][info][gc,phases,start] GC(892) Post Compact
[327.239s][info][gc,phases      ] GC(892) Post Compact 1.519ms
[327.240s][info][gc,heap        ] GC(892) PSYoungGen: 33771K(77312K)->33771K(77312K) Eden: 24575K(24576K)->24575K(24576K) From: 9195K(52736K)->9195K(52736K)
[327.240s][info][gc,heap        ] GC(892) ParOldGen: 338156K(341504K)->338156K(341504K)
[327.240s][info][gc,metaspace   ] GC(892) Metaspace: 6296K(6464K)->6296K(6464K) NonClass: 5763K(5824K)->5763K(5824K) Class: 532K(640K)->532K(640K)
[327.240s][info][gc             ] GC(892) Pause Full (Ergonomics) 363M->363M(409M) 382.495ms
[327.240s][info][gc,cpu         ] GC(892) User=0.33s Sys=0.02s Real=0.38s
[327.240s][info][gc,start       ] GC(893) Pause Full (Ergonomics)
[327.240s][info][gc,phases,start] GC(893) Marking Phase
[327.524s][info][gc,phases      ] GC(893) Marking Phase 284.407ms
[327.524s][info][gc,phases,start] GC(893) Summary Phase
[327.524s][info][gc,phases      ] GC(893) Summary Phase 0.034ms
[327.524s][info][gc,phases,start] GC(893) Adjust Roots
[327.525s][info][gc,phases      ] GC(893) Adjust Roots 0.291ms
[327.525s][info][gc,phases,start] GC(893) Compaction Phase
[327.620s][info][gc,phases      ] GC(893) Compaction Phase 95.377ms
[327.620s][info][gc,phases,start] GC(893) Post Compact
[327.622s][info][gc,phases      ] GC(893) Post Compact 1.530ms
[327.622s][info][gc,heap        ] GC(893) PSYoungGen: 33771K(77312K)->33771K(77312K) Eden: 24575K(24576K)->24575K(24576K) From: 9195K(52736K)->9195K(52736K)
[327.622s][info][gc,heap        ] GC(893) ParOldGen: 338160K(341504K)->338160K(341504K)
[327.622s][info][gc,metaspace   ] GC(893) Metaspace: 6296K(6464K)->6296K(6464K) NonClass: 5763K(5824K)->5763K(5824K) Class: 532K(640K)->532K(640K)
[327.622s][info][gc             ] GC(893) Pause Full (Ergonomics) 363M->363M(409M) 382.025ms
[327.622s][info][gc,cpu         ] GC(893) User=0.34s Sys=0.00s Real=0.38s
[327.622s][info][gc,start       ] GC(894) Pause Full (Ergonomics)
[327.622s][info][gc,phases,start] GC(894) Marking Phase
[327.906s][info][gc,phases      ] GC(894) Marking Phase 284.165ms
[327.906s][info][gc,phases,start] GC(894) Summary Phase
[327.907s][info][gc,phases      ] GC(894) Summary Phase 0.035ms
[327.907s][info][gc,phases,start] GC(894) Adjust Roots
[327.907s][info][gc,phases      ] GC(894) Adjust Roots 0.265ms
[327.907s][info][gc,phases,start] GC(894) Compaction Phase
[328.003s][info][gc,phases      ] GC(894) Compaction Phase 96.469ms
[328.003s][info][gc,phases,start] GC(894) Post Compact
[328.005s][info][gc,phases      ] GC(894) Post Compact 1.536ms
[328.005s][info][gc,heap        ] GC(894) PSYoungGen: 33771K(77312K)->33771K(77312K) Eden: 24575K(24576K)->24575K(24576K) From: 9195K(52736K)->9195K(52736K)
[328.005s][info][gc,heap        ] GC(894) ParOldGen: 338165K(341504K)->338165K(341504K)
[328.005s][info][gc,metaspace   ] GC(894) Metaspace: 6296K(6464K)->6296K(6464K) NonClass: 5763K(5824K)->5763K(5824K) Class: 532K(640K)->532K(640K)
[328.005s][info][gc             ] GC(894) Pause Full (Ergonomics) 363M->363M(409M) 382.853ms
[328.005s][info][gc,cpu         ] GC(894) User=0.34s Sys=0.00s Real=0.38s
[328.005s][info][gc,start       ] GC(895) Pause Full (Ergonomics)
[328.005s][info][gc,phases,start] GC(895) Marking Phase
[328.291s][info][gc,phases      ] GC(895) Marking Phase 285.997ms
[328.291s][info][gc,phases,start] GC(895) Summary Phase
[328.292s][info][gc,phases      ] GC(895) Summary Phase 0.034ms
[328.292s][info][gc,phases,start] GC(895) Adjust Roots
[328.292s][info][gc,phases      ] GC(895) Adjust Roots 0.236ms
[328.292s][info][gc,phases,start] GC(895) Compaction Phase
[328.388s][info][gc,phases      ] GC(895) Compaction Phase 95.912ms
[328.388s][info][gc,phases,start] GC(895) Post Compact
[328.389s][info][gc,phases      ] GC(895) Post Compact 1.579ms
[328.389s][info][gc,heap        ] GC(895) PSYoungGen: 33771K(77312K)->33771K(77312K) Eden: 24575K(24576K)->24575K(24576K) From: 9195K(52736K)->9195K(52736K)
[328.390s][info][gc,heap        ] GC(895) ParOldGen: 338170K(341504K)->338170K(341504K)
[328.390s][info][gc,metaspace   ] GC(895) Metaspace: 6296K(6464K)->6296K(6464K) NonClass: 5763K(5824K)->5763K(5824K) Class: 532K(640K)->532K(640K)
[328.390s][info][gc             ] GC(895) Pause Full (Ergonomics) 363M->363M(409M) 384.149ms
[328.390s][info][gc,cpu         ] GC(895) User=0.34s Sys=0.00s Real=0.38s
[328.390s][info][gc,start       ] GC(896) Pause Full (Ergonomics)
[328.390s][info][gc,phases,start] GC(896) Marking Phase
[328.674s][info][gc,phases      ] GC(896) Marking Phase 284.496ms
[328.674s][info][gc,phases,start] GC(896) Summary Phase
[328.674s][info][gc,phases      ] GC(896) Summary Phase 0.056ms
[328.674s][info][gc,phases,start] GC(896) Adjust Roots
[328.675s][info][gc,phases      ] GC(896) Adjust Roots 0.265ms
[328.675s][info][gc,phases,start] GC(896) Compaction Phase
[328.771s][info][gc,phases      ] GC(896) Compaction Phase 96.159ms
[328.771s][info][gc,phases,start] GC(896) Post Compact
[328.773s][info][gc,phases      ] GC(896) Post Compact 1.519ms
[328.773s][info][gc,heap        ] GC(896) PSYoungGen: 33771K(77312K)->33771K(77312K) Eden: 24575K(24576K)->24575K(24576K) From: 9195K(52736K)->9195K(52736K)
[328.773s][info][gc,heap        ] GC(896) ParOldGen: 338174K(341504K)->338174K(341504K)
[328.773s][info][gc,metaspace   ] GC(896) Metaspace: 6296K(6464K)->6296K(6464K) NonClass: 5763K(5824K)->5763K(5824K) Class: 532K(640K)->532K(640K)
[328.773s][info][gc             ] GC(896) Pause Full (Ergonomics) 363M->363M(409M) 382.878ms
[328.773s][info][gc,cpu         ] GC(896) User=0.36s Sys=0.00s Real=0.38s
[328.773s][info][gc,start       ] GC(897) Pause Full (Ergonomics)
[328.773s][info][gc,phases,start] GC(897) Marking Phase
[329.058s][info][gc,phases      ] GC(897) Marking Phase 284.825ms
[329.058s][info][gc,phases,start] GC(897) Summary Phase
[329.058s][info][gc,phases      ] GC(897) Summary Phase 0.034ms
[329.058s][info][gc,phases,start] GC(897) Adjust Roots
[329.058s][info][gc,phases      ] GC(897) Adjust Roots 0.251ms
[329.058s][info][gc,phases,start] GC(897) Compaction Phase
[329.154s][info][gc,phases      ] GC(897) Compaction Phase 95.937ms
[329.154s][info][gc,phases,start] GC(897) Post Compact
[329.156s][info][gc,phases      ] GC(897) Post Compact 1.527ms
[329.156s][info][gc,heap        ] GC(897) PSYoungGen: 33771K(77312K)->33771K(77312K) Eden: 24575K(24576K)->24575K(24576K) From: 9195K(52736K)->9195K(52736K)
[329.156s][info][gc,heap        ] GC(897) ParOldGen: 338179K(341504K)->338179K(341504K)
[329.156s][info][gc,metaspace   ] GC(897) Metaspace: 6296K(6464K)->6296K(6464K) NonClass: 5763K(5824K)->5763K(5824K) Class: 532K(640K)->532K(640K)
[329.156s][info][gc             ] GC(897) Pause Full (Ergonomics) 363M->363M(409M) 382.950ms
[329.156s][info][gc,cpu         ] GC(897) User=0.33s Sys=0.02s Real=0.38s
[329.156s][info][gc,start       ] GC(898) Pause Full (Ergonomics)
[329.156s][info][gc,phases,start] GC(898) Marking Phase
[329.442s][info][gc,phases      ] GC(898) Marking Phase 285.810ms
[329.442s][info][gc,phases,start] GC(898) Summary Phase
[329.442s][info][gc,phases      ] GC(898) Summary Phase 0.035ms
[329.442s][info][gc,phases,start] GC(898) Adjust Roots
[329.442s][info][gc,phases      ] GC(898) Adjust Roots 0.213ms
[329.442s][info][gc,phases,start] GC(898) Compaction Phase
[329.539s][info][gc,phases      ] GC(898) Compaction Phase 96.270ms
[329.539s][info][gc,phases,start] GC(898) Post Compact
[329.540s][info][gc,phases      ] GC(898) Post Compact 1.519ms
[329.540s][info][gc,heap        ] GC(898) PSYoungGen: 33771K(77312K)->33771K(77312K) Eden: 24575K(24576K)->24575K(24576K) From: 9195K(52736K)->9195K(52736K)
[329.540s][info][gc,heap        ] GC(898) ParOldGen: 338184K(341504K)->338184K(341504K)
[329.540s][info][gc,metaspace   ] GC(898) Metaspace: 6296K(6464K)->6296K(6464K) NonClass: 5763K(5824K)->5763K(5824K) Class: 532K(640K)->532K(640K)
[329.540s][info][gc             ] GC(898) Pause Full (Ergonomics) 363M->363M(409M) 384.229ms
[329.540s][info][gc,cpu         ] GC(898) User=0.38s Sys=0.00s Real=0.38s
[329.541s][info][gc,start       ] GC(899) Pause Full (Ergonomics)
[329.541s][info][gc,phases,start] GC(899) Marking Phase
[329.824s][info][gc,phases      ] GC(899) Marking Phase 283.297ms
[329.824s][info][gc,phases,start] GC(899) Summary Phase
[329.824s][info][gc,phases      ] GC(899) Summary Phase 0.022ms
[329.824s][info][gc,phases,start] GC(899) Adjust Roots
[329.824s][info][gc,phases      ] GC(899) Adjust Roots 0.233ms
[329.824s][info][gc,phases,start] GC(899) Compaction Phase
[329.919s][info][gc,phases      ] GC(899) Compaction Phase 94.746ms
[329.919s][info][gc,phases,start] GC(899) Post Compact
[329.921s][info][gc,phases      ] GC(899) Post Compact 1.522ms
[329.921s][info][gc,heap        ] GC(899) PSYoungGen: 33771K(77312K)->33771K(77312K) Eden: 24575K(24576K)->24575K(24576K) From: 9195K(52736K)->9195K(52736K)
[329.921s][info][gc,heap        ] GC(899) ParOldGen: 338188K(341504K)->338188K(341504K)
[329.921s][info][gc,metaspace   ] GC(899) Metaspace: 6296K(6464K)->6296K(6464K) NonClass: 5763K(5824K)->5763K(5824K) Class: 532K(640K)->532K(640K)
[329.921s][info][gc             ] GC(899) Pause Full (Ergonomics) 363M->363M(409M) 380.171ms
[329.921s][info][gc,cpu         ] GC(899) User=0.34s Sys=0.00s Real=0.38s
[329.921s][info][gc,start       ] GC(900) Pause Full (Ergonomics)
[329.921s][info][gc,phases,start] GC(900) Marking Phase
[330.205s][info][gc,phases      ] GC(900) Marking Phase 283.327ms
[330.205s][info][gc,phases,start] GC(900) Summary Phase
[330.205s][info][gc,phases      ] GC(900) Summary Phase 0.023ms
[330.205s][info][gc,phases,start] GC(900) Adjust Roots
[330.205s][info][gc,phases      ] GC(900) Adjust Roots 0.209ms
[330.205s][info][gc,phases,start] GC(900) Compaction Phase
[330.300s][info][gc,phases      ] GC(900) Compaction Phase 94.875ms
[330.300s][info][gc,phases,start] GC(900) Post Compact
[330.301s][info][gc,phases      ] GC(900) Post Compact 1.546ms
[330.301s][info][gc,heap        ] GC(900) PSYoungGen: 33771K(77312K)->33771K(77312K) Eden: 24575K(24576K)->24575K(24576K) From: 9195K(52736K)->9195K(52736K)
[330.301s][info][gc,heap        ] GC(900) ParOldGen: 338193K(341504K)->338193K(341504K)
[330.302s][info][gc,metaspace   ] GC(900) Metaspace: 6296K(6464K)->6296K(6464K) NonClass: 5763K(5824K)->5763K(5824K) Class: 532K(640K)->532K(640K)
[330.302s][info][gc             ] GC(900) Pause Full (Ergonomics) 363M->363M(409M) 380.297ms
[330.302s][info][gc,cpu         ] GC(900) User=0.36s Sys=0.00s Real=0.38s
[330.302s][info][gc,start       ] GC(901) Pause Full (Ergonomics)
[330.302s][info][gc,phases,start] GC(901) Marking Phase
[330.586s][info][gc,phases      ] GC(901) Marking Phase 284.077ms
[330.586s][info][gc,phases,start] GC(901) Summary Phase
[330.586s][info][gc,phases      ] GC(901) Summary Phase 0.034ms
[330.586s][info][gc,phases,start] GC(901) Adjust Roots
[330.586s][info][gc,phases      ] GC(901) Adjust Roots 0.272ms
[330.586s][info][gc,phases,start] GC(901) Compaction Phase
[330.682s][info][gc,phases      ] GC(901) Compaction Phase 95.246ms
[330.682s][info][gc,phases,start] GC(901) Post Compact
[330.683s][info][gc,phases      ] GC(901) Post Compact 1.521ms
[330.683s][info][gc,heap        ] GC(901) PSYoungGen: 33771K(77312K)->33771K(77312K) Eden: 24575K(24576K)->24575K(24576K) From: 9195K(52736K)->9195K(52736K)
[330.683s][info][gc,heap        ] GC(901) ParOldGen: 338198K(341504K)->338198K(341504K)
[330.683s][info][gc,metaspace   ] GC(901) Metaspace: 6296K(6464K)->6296K(6464K) NonClass: 5763K(5824K)->5763K(5824K) Class: 532K(640K)->532K(640K)
[330.683s][info][gc             ] GC(901) Pause Full (Ergonomics) 363M->363M(409M) 381.596ms
[330.683s][info][gc,cpu         ] GC(901) User=0.36s Sys=0.00s Real=0.38s
[330.684s][info][gc,start       ] GC(902) Pause Full (Ergonomics)
[330.684s][info][gc,phases,start] GC(902) Marking Phase
[330.968s][info][gc,phases      ] GC(902) Marking Phase 284.697ms
[330.968s][info][gc,phases,start] GC(902) Summary Phase
[330.969s][info][gc,phases      ] GC(902) Summary Phase 0.034ms
[330.969s][info][gc,phases,start] GC(902) Adjust Roots
[330.969s][info][gc,phases      ] GC(902) Adjust Roots 0.305ms
[330.969s][info][gc,phases,start] GC(902) Compaction Phase
[331.064s][info][gc,phases      ] GC(902) Compaction Phase 95.339ms
[331.064s][info][gc,phases,start] GC(902) Post Compact
[331.066s][info][gc,phases      ] GC(902) Post Compact 1.515ms
[331.066s][info][gc,heap        ] GC(902) PSYoungGen: 33771K(77312K)->33771K(77312K) Eden: 24575K(24576K)->24575K(24576K) From: 9195K(52736K)->9195K(52736K)
[331.066s][info][gc,heap        ] GC(902) ParOldGen: 338202K(341504K)->338202K(341504K)
[331.066s][info][gc,metaspace   ] GC(902) Metaspace: 6296K(6464K)->6296K(6464K) NonClass: 5763K(5824K)->5763K(5824K) Class: 532K(640K)->532K(640K)
[331.066s][info][gc             ] GC(902) Pause Full (Ergonomics) 363M->363M(409M) 382.279ms
[331.066s][info][gc,cpu         ] GC(902) User=0.34s Sys=0.00s Real=0.38s
[331.066s][info][gc,start       ] GC(903) Pause Full (Ergonomics)
[331.067s][info][gc,phases,start] GC(903) Marking Phase
[331.351s][info][gc,phases      ] GC(903) Marking Phase 284.245ms
[331.351s][info][gc,phases,start] GC(903) Summary Phase
[331.351s][info][gc,phases      ] GC(903) Summary Phase 0.034ms
[331.351s][info][gc,phases,start] GC(903) Adjust Roots
[331.351s][info][gc,phases      ] GC(903) Adjust Roots 0.264ms
[331.351s][info][gc,phases,start] GC(903) Compaction Phase
[331.449s][info][gc,phases      ] GC(903) Compaction Phase 97.660ms
[331.449s][info][gc,phases,start] GC(903) Post Compact
[331.451s][info][gc,phases      ] GC(903) Post Compact 1.651ms
[331.451s][info][gc,heap        ] GC(903) PSYoungGen: 33771K(77312K)->33771K(77312K) Eden: 24575K(24576K)->24575K(24576K) From: 9195K(52736K)->9195K(52736K)
[331.451s][info][gc,heap        ] GC(903) ParOldGen: 338207K(341504K)->338207K(341504K)
[331.451s][info][gc,metaspace   ] GC(903) Metaspace: 6296K(6464K)->6296K(6464K) NonClass: 5763K(5824K)->5763K(5824K) Class: 532K(640K)->532K(640K)
[331.451s][info][gc             ] GC(903) Pause Full (Ergonomics) 363M->363M(409M) 384.285ms
[331.451s][info][gc,cpu         ] GC(903) User=0.36s Sys=0.00s Real=0.38s
[331.451s][info][gc,start       ] GC(904) Pause Full (Ergonomics)
[331.451s][info][gc,phases,start] GC(904) Marking Phase
[331.735s][info][gc,phases      ] GC(904) Marking Phase 284.396ms
[331.736s][info][gc,phases,start] GC(904) Summary Phase
[331.736s][info][gc,phases      ] GC(904) Summary Phase 0.035ms
[331.736s][info][gc,phases,start] GC(904) Adjust Roots
[331.736s][info][gc,phases      ] GC(904) Adjust Roots 0.294ms
[331.736s][info][gc,phases,start] GC(904) Compaction Phase
[331.832s][info][gc,phases      ] GC(904) Compaction Phase 95.762ms
[331.832s][info][gc,phases,start] GC(904) Post Compact
[331.833s][info][gc,phases      ] GC(904) Post Compact 1.513ms
[331.833s][info][gc,heap        ] GC(904) PSYoungGen: 33771K(77312K)->33771K(77312K) Eden: 24575K(24576K)->24575K(24576K) From: 9195K(52736K)->9195K(52736K)
[331.833s][info][gc,heap        ] GC(904) ParOldGen: 338212K(341504K)->338212K(341504K)
[331.833s][info][gc,metaspace   ] GC(904) Metaspace: 6296K(6464K)->6296K(6464K) NonClass: 5763K(5824K)->5763K(5824K) Class: 532K(640K)->532K(640K)
[331.833s][info][gc             ] GC(904) Pause Full (Ergonomics) 363M->363M(409M) 382.385ms
[331.833s][info][gc,cpu         ] GC(904) User=0.36s Sys=0.00s Real=0.38s
[331.834s][info][gc,start       ] GC(905) Pause Full (Ergonomics)
[331.834s][info][gc,phases,start] GC(905) Marking Phase
[332.120s][info][gc,phases      ] GC(905) Marking Phase 286.035ms
[332.120s][info][gc,phases,start] GC(905) Summary Phase
[332.120s][info][gc,phases      ] GC(905) Summary Phase 0.024ms
[332.120s][info][gc,phases,start] GC(905) Adjust Roots
[332.120s][info][gc,phases      ] GC(905) Adjust Roots 0.276ms
[332.120s][info][gc,phases,start] GC(905) Compaction Phase
[332.218s][info][gc,phases      ] GC(905) Compaction Phase 97.742ms
[332.218s][info][gc,phases,start] GC(905) Post Compact
[332.220s][info][gc,phases      ] GC(905) Post Compact 1.505ms
[332.220s][info][gc,heap        ] GC(905) PSYoungGen: 33771K(77312K)->33771K(77312K) Eden: 24575K(24576K)->24575K(24576K) From: 9195K(52736K)->9195K(52736K)
[332.220s][info][gc,heap        ] GC(905) ParOldGen: 338216K(341504K)->338216K(341504K)
[332.220s][info][gc,metaspace   ] GC(905) Metaspace: 6296K(6464K)->6296K(6464K) NonClass: 5763K(5824K)->5763K(5824K) Class: 532K(640K)->532K(640K)
[332.220s][info][gc             ] GC(905) Pause Full (Ergonomics) 363M->363M(409M) 385.989ms
[332.220s][info][gc,cpu         ] GC(905) User=0.33s Sys=0.02s Real=0.39s
[332.220s][info][gc,start       ] GC(906) Pause Full (Ergonomics)
[332.220s][info][gc,phases,start] GC(906) Marking Phase
[332.505s][info][gc,phases      ] GC(906) Marking Phase 285.376ms
[332.506s][info][gc,phases,start] GC(906) Summary Phase
[332.506s][info][gc,phases      ] GC(906) Summary Phase 0.022ms
[332.506s][info][gc,phases,start] GC(906) Adjust Roots
[332.506s][info][gc,phases      ] GC(906) Adjust Roots 0.211ms
[332.506s][info][gc,phases,start] GC(906) Compaction Phase
[332.602s][info][gc,phases      ] GC(906) Compaction Phase 96.017ms
[332.602s][info][gc,phases,start] GC(906) Post Compact
[332.603s][info][gc,phases      ] GC(906) Post Compact 1.515ms
[332.603s][info][gc,heap        ] GC(906) PSYoungGen: 33771K(77312K)->33771K(77312K) Eden: 24575K(24576K)->24575K(24576K) From: 9195K(52736K)->9195K(52736K)
[332.604s][info][gc,heap        ] GC(906) ParOldGen: 338221K(341504K)->338221K(341504K)
[332.604s][info][gc,metaspace   ] GC(906) Metaspace: 6296K(6464K)->6296K(6464K) NonClass: 5763K(5824K)->5763K(5824K) Class: 532K(640K)->532K(640K)
[332.604s][info][gc             ] GC(906) Pause Full (Ergonomics) 363M->363M(409M) 383.544ms
[332.604s][info][gc,cpu         ] GC(906) User=0.36s Sys=0.00s Real=0.38s
[332.604s][info][gc,start       ] GC(907) Pause Full (Ergonomics)
[332.604s][info][gc,phases,start] GC(907) Marking Phase
[332.888s][info][gc,phases      ] GC(907) Marking Phase 284.088ms
[332.888s][info][gc,phases,start] GC(907) Summary Phase
[332.888s][info][gc,phases      ] GC(907) Summary Phase 0.022ms
[332.888s][info][gc,phases,start] GC(907) Adjust Roots
[332.888s][info][gc,phases      ] GC(907) Adjust Roots 0.238ms
[332.888s][info][gc,phases,start] GC(907) Compaction Phase
[332.987s][info][gc,phases      ] GC(907) Compaction Phase 98.718ms
[332.987s][info][gc,phases,start] GC(907) Post Compact
[332.989s][info][gc,phases      ] GC(907) Post Compact 1.946ms
[332.989s][info][gc,heap        ] GC(907) PSYoungGen: 33771K(77312K)->33771K(77312K) Eden: 24575K(24576K)->24575K(24576K) From: 9195K(52736K)->9195K(52736K)
[332.989s][info][gc,heap        ] GC(907) ParOldGen: 338226K(341504K)->338226K(341504K)
[332.989s][info][gc,metaspace   ] GC(907) Metaspace: 6296K(6464K)->6296K(6464K) NonClass: 5763K(5824K)->5763K(5824K) Class: 532K(640K)->532K(640K)
[332.989s][info][gc             ] GC(907) Pause Full (Ergonomics) 363M->363M(409M) 385.398ms
[332.989s][info][gc,cpu         ] GC(907) User=0.33s Sys=0.00s Real=0.38s
[332.990s][info][gc,start       ] GC(908) Pause Full (Ergonomics)
[332.990s][info][gc,phases,start] GC(908) Marking Phase
[333.271s][info][gc,phases      ] GC(908) Marking Phase 281.690ms
[333.271s][info][gc,phases,start] GC(908) Summary Phase
[333.271s][info][gc,phases      ] GC(908) Summary Phase 0.020ms
[333.271s][info][gc,phases,start] GC(908) Adjust Roots
[333.272s][info][gc,phases      ] GC(908) Adjust Roots 0.382ms
[333.272s][info][gc,phases,start] GC(908) Compaction Phase
[333.373s][info][gc,phases      ] GC(908) Compaction Phase 101.462ms
[333.373s][info][gc,phases,start] GC(908) Post Compact
[333.375s][info][gc,phases      ] GC(908) Post Compact 1.680ms
[333.375s][info][gc,heap        ] GC(908) PSYoungGen: 33771K(77312K)->33771K(77312K) Eden: 24575K(24576K)->24575K(24576K) From: 9195K(52736K)->9195K(52736K)
[333.375s][info][gc,heap        ] GC(908) ParOldGen: 338230K(341504K)->338230K(341504K)
[333.375s][info][gc,metaspace   ] GC(908) Metaspace: 6296K(6464K)->6296K(6464K) NonClass: 5763K(5824K)->5763K(5824K) Class: 532K(640K)->532K(640K)
[333.375s][info][gc             ] GC(908) Pause Full (Ergonomics) 363M->363M(409M) 385.604ms
[333.375s][info][gc,cpu         ] GC(908) User=0.34s Sys=0.00s Real=0.39s
[333.376s][info][gc,start       ] GC(909) Pause Full (Ergonomics)
[333.376s][info][gc,phases,start] GC(909) Marking Phase
[333.659s][info][gc,phases      ] GC(909) Marking Phase 283.767ms
[333.659s][info][gc,phases,start] GC(909) Summary Phase
[333.659s][info][gc,phases      ] GC(909) Summary Phase 0.022ms
[333.659s][info][gc,phases,start] GC(909) Adjust Roots
[333.660s][info][gc,phases      ] GC(909) Adjust Roots 0.221ms
[333.660s][info][gc,phases,start] GC(909) Compaction Phase
[333.755s][info][gc,phases      ] GC(909) Compaction Phase 95.535ms
[333.755s][info][gc,phases,start] GC(909) Post Compact
[333.757s][info][gc,phases      ] GC(909) Post Compact 1.688ms
[333.757s][info][gc,heap        ] GC(909) PSYoungGen: 33771K(77312K)->33771K(77312K) Eden: 24575K(24576K)->24575K(24576K) From: 9195K(52736K)->9195K(52736K)
[333.757s][info][gc,heap        ] GC(909) ParOldGen: 338235K(341504K)->338235K(341504K)
[333.757s][info][gc,metaspace   ] GC(909) Metaspace: 6296K(6464K)->6296K(6464K) NonClass: 5763K(5824K)->5763K(5824K) Class: 532K(640K)->532K(640K)
[333.757s][info][gc             ] GC(909) Pause Full (Ergonomics) 363M->363M(409M) 381.559ms
[333.757s][info][gc,cpu         ] GC(909) User=0.38s Sys=0.00s Real=0.38s
[333.757s][info][gc,start       ] GC(910) Pause Full (Ergonomics)
[333.757s][info][gc,phases,start] GC(910) Marking Phase
[334.042s][info][gc,phases      ] GC(910) Marking Phase 284.543ms
[334.042s][info][gc,phases,start] GC(910) Summary Phase
[334.042s][info][gc,phases      ] GC(910) Summary Phase 0.035ms
[334.042s][info][gc,phases,start] GC(910) Adjust Roots
[334.042s][info][gc,phases      ] GC(910) Adjust Roots 0.239ms
[334.042s][info][gc,phases,start] GC(910) Compaction Phase
[334.139s][info][gc,phases      ] GC(910) Compaction Phase 96.237ms
[334.139s][info][gc,phases,start] GC(910) Post Compact
[334.140s][info][gc,phases      ] GC(910) Post Compact 1.534ms
[334.140s][info][gc,heap        ] GC(910) PSYoungGen: 33771K(77312K)->33771K(77312K) Eden: 24575K(24576K)->24575K(24576K) From: 9195K(52736K)->9195K(52736K)
[334.140s][info][gc,heap        ] GC(910) ParOldGen: 338240K(341504K)->338240K(341504K)
[334.140s][info][gc,metaspace   ] GC(910) Metaspace: 6296K(6464K)->6296K(6464K) NonClass: 5763K(5824K)->5763K(5824K) Class: 532K(640K)->532K(640K)
[334.140s][info][gc             ] GC(910) Pause Full (Ergonomics) 363M->363M(409M) 382.991ms
[334.140s][info][gc,cpu         ] GC(910) User=0.34s Sys=0.00s Real=0.38s
[334.141s][info][gc,start       ] GC(911) Pause Full (Ergonomics)
[334.141s][info][gc,phases,start] GC(911) Marking Phase
[334.424s][info][gc,phases      ] GC(911) Marking Phase 283.232ms
[334.424s][info][gc,phases,start] GC(911) Summary Phase
[334.424s][info][gc,phases      ] GC(911) Summary Phase 0.023ms
[334.424s][info][gc,phases,start] GC(911) Adjust Roots
[334.424s][info][gc,phases      ] GC(911) Adjust Roots 0.346ms
[334.424s][info][gc,phases,start] GC(911) Compaction Phase
[334.520s][info][gc,phases      ] GC(911) Compaction Phase 95.936ms
[334.520s][info][gc,phases,start] GC(911) Post Compact
[334.522s][info][gc,phases      ] GC(911) Post Compact 1.654ms
[334.522s][info][gc,heap        ] GC(911) PSYoungGen: 33771K(77312K)->33771K(77312K) Eden: 24575K(24576K)->24575K(24576K) From: 9195K(52736K)->9195K(52736K)
[334.522s][info][gc,heap        ] GC(911) ParOldGen: 338244K(341504K)->338244K(341504K)
[334.522s][info][gc,metaspace   ] GC(911) Metaspace: 6296K(6464K)->6296K(6464K) NonClass: 5763K(5824K)->5763K(5824K) Class: 532K(640K)->532K(640K)
[334.522s][info][gc             ] GC(911) Pause Full (Ergonomics) 363M->363M(409M) 381.627ms
[334.522s][info][gc,cpu         ] GC(911) User=0.36s Sys=0.00s Real=0.38s
[334.523s][info][gc,start       ] GC(912) Pause Full (Ergonomics)
[334.523s][info][gc,phases,start] GC(912) Marking Phase
[334.806s][info][gc,phases      ] GC(912) Marking Phase 283.068ms
[334.806s][info][gc,phases,start] GC(912) Summary Phase
[334.806s][info][gc,phases      ] GC(912) Summary Phase 0.024ms
[334.806s][info][gc,phases,start] GC(912) Adjust Roots
[334.806s][info][gc,phases      ] GC(912) Adjust Roots 0.229ms
[334.806s][info][gc,phases,start] GC(912) Compaction Phase
[334.901s][info][gc,phases      ] GC(912) Compaction Phase 94.822ms
[334.901s][info][gc,phases,start] GC(912) Post Compact
[334.902s][info][gc,phases      ] GC(912) Post Compact 1.542ms
[334.902s][info][gc,heap        ] GC(912) PSYoungGen: 33771K(77312K)->33771K(77312K) Eden: 24575K(24576K)->24575K(24576K) From: 9195K(52736K)->9195K(52736K)
[334.902s][info][gc,heap        ] GC(912) ParOldGen: 338249K(341504K)->338249K(341504K)
[334.903s][info][gc,metaspace   ] GC(912) Metaspace: 6296K(6464K)->6296K(6464K) NonClass: 5763K(5824K)->5763K(5824K) Class: 532K(640K)->532K(640K)
[334.903s][info][gc             ] GC(912) Pause Full (Ergonomics) 363M->363M(409M) 380.028ms
[334.903s][info][gc,cpu         ] GC(912) User=0.34s Sys=0.00s Real=0.38s
[334.903s][info][gc,start       ] GC(913) Pause Full (Ergonomics)
[334.903s][info][gc,phases,start] GC(913) Marking Phase
[335.188s][info][gc,phases      ] GC(913) Marking Phase 285.374ms
[335.188s][info][gc,phases,start] GC(913) Summary Phase
[335.188s][info][gc,phases      ] GC(913) Summary Phase 0.018ms
[335.188s][info][gc,phases,start] GC(913) Adjust Roots
[335.189s][info][gc,phases      ] GC(913) Adjust Roots 0.244ms
[335.189s][info][gc,phases,start] GC(913) Compaction Phase
[335.286s][info][gc,phases      ] GC(913) Compaction Phase 97.665ms
[335.286s][info][gc,phases,start] GC(913) Post Compact
[335.288s][info][gc,phases      ] GC(913) Post Compact 1.532ms
[335.288s][info][gc,heap        ] GC(913) PSYoungGen: 33771K(77312K)->33771K(77312K) Eden: 24575K(24576K)->24575K(24576K) From: 9195K(52736K)->9195K(52736K)
[335.288s][info][gc,heap        ] GC(913) ParOldGen: 338254K(341504K)->338254K(341504K)
[335.288s][info][gc,metaspace   ] GC(913) Metaspace: 6296K(6464K)->6296K(6464K) NonClass: 5763K(5824K)->5763K(5824K) Class: 532K(640K)->532K(640K)
[335.288s][info][gc             ] GC(913) Pause Full (Ergonomics) 363M->363M(409M) 385.144ms
[335.288s][info][gc,cpu         ] GC(913) User=0.34s Sys=0.00s Real=0.38s
[335.288s][info][gc,start       ] GC(914) Pause Full (Ergonomics)
[335.288s][info][gc,phases,start] GC(914) Marking Phase
[335.569s][info][gc,phases      ] GC(914) Marking Phase 280.984ms
[335.569s][info][gc,phases,start] GC(914) Summary Phase
[335.569s][info][gc,phases      ] GC(914) Summary Phase 0.022ms
[335.569s][info][gc,phases,start] GC(914) Adjust Roots
[335.570s][info][gc,phases      ] GC(914) Adjust Roots 0.213ms
[335.570s][info][gc,phases,start] GC(914) Compaction Phase
[335.666s][info][gc,phases      ] GC(914) Compaction Phase 95.968ms
[335.666s][info][gc,phases,start] GC(914) Post Compact
[335.667s][info][gc,phases      ] GC(914) Post Compact 1.523ms
[335.667s][info][gc,heap        ] GC(914) PSYoungGen: 33771K(77312K)->33771K(77312K) Eden: 24575K(24576K)->24575K(24576K) From: 9195K(52736K)->9195K(52736K)
[335.667s][info][gc,heap        ] GC(914) ParOldGen: 338258K(341504K)->338258K(341504K)
[335.667s][info][gc,metaspace   ] GC(914) Metaspace: 6296K(6464K)->6296K(6464K) NonClass: 5763K(5824K)->5763K(5824K) Class: 532K(640K)->532K(640K)
[335.667s][info][gc             ] GC(914) Pause Full (Ergonomics) 363M->363M(409M) 379.056ms
[335.667s][info][gc,cpu         ] GC(914) User=0.34s Sys=0.00s Real=0.38s
[335.668s][info][gc,start       ] GC(915) Pause Full (Ergonomics)
[335.668s][info][gc,phases,start] GC(915) Marking Phase
[335.949s][info][gc,phases      ] GC(915) Marking Phase 281.639ms
[335.950s][info][gc,phases,start] GC(915) Summary Phase
[335.950s][info][gc,phases      ] GC(915) Summary Phase 0.022ms
[335.950s][info][gc,phases,start] GC(915) Adjust Roots
[335.950s][info][gc,phases      ] GC(915) Adjust Roots 0.287ms
[335.950s][info][gc,phases,start] GC(915) Compaction Phase
[336.046s][info][gc,phases      ] GC(915) Compaction Phase 95.910ms
[336.046s][info][gc,phases,start] GC(915) Post Compact
[336.047s][info][gc,phases      ] GC(915) Post Compact 1.535ms
[336.047s][info][gc,heap        ] GC(915) PSYoungGen: 33771K(77312K)->33771K(77312K) Eden: 24575K(24576K)->24575K(24576K) From: 9195K(52736K)->9195K(52736K)
[336.048s][info][gc,heap        ] GC(915) ParOldGen: 338263K(341504K)->338263K(341504K)
[336.048s][info][gc,metaspace   ] GC(915) Metaspace: 6296K(6464K)->6296K(6464K) NonClass: 5763K(5824K)->5763K(5824K) Class: 532K(640K)->532K(640K)
[336.048s][info][gc             ] GC(915) Pause Full (Ergonomics) 363M->363M(409M) 379.778ms
[336.048s][info][gc,cpu         ] GC(915) User=0.34s Sys=0.00s Real=0.38s
[336.048s][info][gc,start       ] GC(916) Pause Full (Ergonomics)
[336.048s][info][gc,phases,start] GC(916) Marking Phase
[336.331s][info][gc,phases      ] GC(916) Marking Phase 283.419ms
[336.331s][info][gc,phases,start] GC(916) Summary Phase
[336.331s][info][gc,phases      ] GC(916) Summary Phase 0.023ms
[336.331s][info][gc,phases,start] GC(916) Adjust Roots
[336.332s][info][gc,phases      ] GC(916) Adjust Roots 0.185ms
[336.332s][info][gc,phases,start] GC(916) Compaction Phase
[336.427s][info][gc,phases      ] GC(916) Compaction Phase 95.255ms
[336.427s][info][gc,phases,start] GC(916) Post Compact
[336.428s][info][gc,phases      ] GC(916) Post Compact 1.514ms
[336.429s][info][gc,heap        ] GC(916) PSYoungGen: 33771K(77312K)->33771K(77312K) Eden: 24575K(24576K)->24575K(24576K) From: 9195K(52736K)->9195K(52736K)
[336.429s][info][gc,heap        ] GC(916) ParOldGen: 338268K(341504K)->338268K(341504K)
[336.429s][info][gc,metaspace   ] GC(916) Metaspace: 6296K(6464K)->6296K(6464K) NonClass: 5763K(5824K)->5763K(5824K) Class: 532K(640K)->532K(640K)
[336.429s][info][gc             ] GC(916) Pause Full (Ergonomics) 363M->363M(409M) 380.805ms
[336.429s][info][gc,cpu         ] GC(916) User=0.38s Sys=0.00s Real=0.38s
[336.429s][info][gc,start       ] GC(917) Pause Full (Ergonomics)
[336.429s][info][gc,phases,start] GC(917) Marking Phase
[336.714s][info][gc,phases      ] GC(917) Marking Phase 285.158ms
[336.714s][info][gc,phases,start] GC(917) Summary Phase
[336.714s][info][gc,phases      ] GC(917) Summary Phase 0.053ms
[336.714s][info][gc,phases,start] GC(917) Adjust Roots
[336.714s][info][gc,phases      ] GC(917) Adjust Roots 0.259ms
[336.714s][info][gc,phases,start] GC(917) Compaction Phase
[336.809s][info][gc,phases      ] GC(917) Compaction Phase 94.949ms
[336.810s][info][gc,phases,start] GC(917) Post Compact
[336.811s][info][gc,phases      ] GC(917) Post Compact 1.550ms
[336.811s][info][gc,heap        ] GC(917) PSYoungGen: 33771K(77312K)->33771K(77312K) Eden: 24575K(24576K)->24575K(24576K) From: 9195K(52736K)->9195K(52736K)
[336.811s][info][gc,heap        ] GC(917) ParOldGen: 338272K(341504K)->338272K(341504K)
[336.811s][info][gc,metaspace   ] GC(917) Metaspace: 6296K(6464K)->6296K(6464K) NonClass: 5763K(5824K)->5763K(5824K) Class: 532K(640K)->532K(640K)
[336.811s][info][gc             ] GC(917) Pause Full (Ergonomics) 363M->363M(409M) 382.348ms
[336.811s][info][gc,cpu         ] GC(917) User=0.34s Sys=0.00s Real=0.38s
[336.811s][info][gc,start       ] GC(918) Pause Full (Ergonomics)
[336.811s][info][gc,phases,start] GC(918) Marking Phase
[337.101s][info][gc,phases      ] GC(918) Marking Phase 289.475ms
[337.101s][info][gc,phases,start] GC(918) Summary Phase
[337.101s][info][gc,phases      ] GC(918) Summary Phase 0.019ms
[337.101s][info][gc,phases,start] GC(918) Adjust Roots
[337.101s][info][gc,phases      ] GC(918) Adjust Roots 0.353ms
[337.101s][info][gc,phases,start] GC(918) Compaction Phase
[337.200s][info][gc,phases      ] GC(918) Compaction Phase 98.149ms
[337.200s][info][gc,phases,start] GC(918) Post Compact
[337.201s][info][gc,phases      ] GC(918) Post Compact 1.536ms
[337.201s][info][gc,heap        ] GC(918) PSYoungGen: 33771K(77312K)->33771K(77312K) Eden: 24575K(24576K)->24575K(24576K) From: 9195K(52736K)->9195K(52736K)
[337.201s][info][gc,heap        ] GC(918) ParOldGen: 338277K(341504K)->338277K(341504K)
[337.201s][info][gc,metaspace   ] GC(918) Metaspace: 6296K(6464K)->6296K(6464K) NonClass: 5763K(5824K)->5763K(5824K) Class: 532K(640K)->532K(640K)
[337.201s][info][gc             ] GC(918) Pause Full (Ergonomics) 363M->363M(409M) 389.852ms
[337.201s][info][gc,cpu         ] GC(918) User=0.34s Sys=0.00s Real=0.39s
[337.202s][info][gc,start       ] GC(919) Pause Full (Ergonomics)
[337.202s][info][gc,phases,start] GC(919) Marking Phase
[337.491s][info][gc,phases      ] GC(919) Marking Phase 289.396ms
[337.491s][info][gc,phases,start] GC(919) Summary Phase
[337.491s][info][gc,phases      ] GC(919) Summary Phase 0.022ms
[337.491s][info][gc,phases,start] GC(919) Adjust Roots
[337.491s][info][gc,phases      ] GC(919) Adjust Roots 0.211ms
[337.491s][info][gc,phases,start] GC(919) Compaction Phase
[337.591s][info][gc,phases      ] GC(919) Compaction Phase 99.924ms
[337.591s][info][gc,phases,start] GC(919) Post Compact
[337.593s][info][gc,phases      ] GC(919) Post Compact 1.714ms
[337.593s][info][gc,heap        ] GC(919) PSYoungGen: 33771K(77312K)->33771K(77312K) Eden: 24575K(24576K)->24575K(24576K) From: 9195K(52736K)->9195K(52736K)
[337.593s][info][gc,heap        ] GC(919) ParOldGen: 338282K(341504K)->338282K(341504K)
[337.593s][info][gc,metaspace   ] GC(919) Metaspace: 6296K(6464K)->6296K(6464K) NonClass: 5763K(5824K)->5763K(5824K) Class: 532K(640K)->532K(640K)
[337.593s][info][gc             ] GC(919) Pause Full (Ergonomics) 363M->363M(409M) 391.587ms
[337.593s][info][gc,cpu         ] GC(919) User=0.34s Sys=0.00s Real=0.39s
[337.593s][info][gc,start       ] GC(920) Pause Full (Ergonomics)
[337.594s][info][gc,phases,start] GC(920) Marking Phase
[337.883s][info][gc,phases      ] GC(920) Marking Phase 289.201ms
[337.883s][info][gc,phases,start] GC(920) Summary Phase
[337.883s][info][gc,phases      ] GC(920) Summary Phase 0.024ms
[337.883s][info][gc,phases,start] GC(920) Adjust Roots
[337.883s][info][gc,phases      ] GC(920) Adjust Roots 0.302ms
[337.883s][info][gc,phases,start] GC(920) Compaction Phase
[337.980s][info][gc,phases      ] GC(920) Compaction Phase 97.236ms
[337.980s][info][gc,phases,start] GC(920) Post Compact
[337.982s][info][gc,phases      ] GC(920) Post Compact 1.538ms
[337.982s][info][gc,heap        ] GC(920) PSYoungGen: 33771K(77312K)->33771K(77312K) Eden: 24575K(24576K)->24575K(24576K) From: 9195K(52736K)->9195K(52736K)
[337.982s][info][gc,heap        ] GC(920) ParOldGen: 338286K(341504K)->338286K(341504K)
[337.982s][info][gc,metaspace   ] GC(920) Metaspace: 6296K(6464K)->6296K(6464K) NonClass: 5763K(5824K)->5763K(5824K) Class: 532K(640K)->532K(640K)
[337.982s][info][gc             ] GC(920) Pause Full (Ergonomics) 363M->363M(409M) 388.634ms
[337.982s][info][gc,cpu         ] GC(920) User=0.38s Sys=0.00s Real=0.39s
[337.982s][info][gc,start       ] GC(921) Pause Full (Ergonomics)
[337.982s][info][gc,phases,start] GC(921) Marking Phase
[338.267s][info][gc,phases      ] GC(921) Marking Phase 284.102ms
[338.267s][info][gc,phases,start] GC(921) Summary Phase
[338.267s][info][gc,phases      ] GC(921) Summary Phase 0.034ms
[338.267s][info][gc,phases,start] GC(921) Adjust Roots
[338.267s][info][gc,phases      ] GC(921) Adjust Roots 0.269ms
[338.267s][info][gc,phases,start] GC(921) Compaction Phase
[338.363s][info][gc,phases      ] GC(921) Compaction Phase 95.690ms
[338.363s][info][gc,phases,start] GC(921) Post Compact
[338.364s][info][gc,phases      ] GC(921) Post Compact 1.576ms
[338.364s][info][gc,heap        ] GC(921) PSYoungGen: 33771K(77312K)->33771K(77312K) Eden: 24575K(24576K)->24575K(24576K) From: 9195K(52736K)->9195K(52736K)
[338.365s][info][gc,heap        ] GC(921) ParOldGen: 338291K(341504K)->338291K(341504K)
[338.365s][info][gc,metaspace   ] GC(921) Metaspace: 6296K(6464K)->6296K(6464K) NonClass: 5763K(5824K)->5763K(5824K) Class: 532K(640K)->532K(640K)
[338.365s][info][gc             ] GC(921) Pause Full (Ergonomics) 363M->363M(409M) 382.255ms
[338.365s][info][gc,cpu         ] GC(921) User=0.34s Sys=0.00s Real=0.38s
[338.365s][info][gc,start       ] GC(922) Pause Full (Ergonomics)
[338.365s][info][gc,phases,start] GC(922) Marking Phase
[338.649s][info][gc,phases      ] GC(922) Marking Phase 284.348ms
[338.649s][info][gc,phases,start] GC(922) Summary Phase
[338.649s][info][gc,phases      ] GC(922) Summary Phase 0.028ms
[338.649s][info][gc,phases,start] GC(922) Adjust Roots
[338.650s][info][gc,phases      ] GC(922) Adjust Roots 0.212ms
[338.650s][info][gc,phases,start] GC(922) Compaction Phase
[338.747s][info][gc,phases      ] GC(922) Compaction Phase 97.070ms
[338.747s][info][gc,phases,start] GC(922) Post Compact
[338.748s][info][gc,phases      ] GC(922) Post Compact 1.537ms
[338.748s][info][gc,heap        ] GC(922) PSYoungGen: 33771K(77312K)->33771K(77312K) Eden: 24575K(24576K)->24575K(24576K) From: 9195K(52736K)->9195K(52736K)
[338.748s][info][gc,heap        ] GC(922) ParOldGen: 338296K(341504K)->338296K(341504K)
[338.748s][info][gc,metaspace   ] GC(922) Metaspace: 6296K(6464K)->6296K(6464K) NonClass: 5763K(5824K)->5763K(5824K) Class: 532K(640K)->532K(640K)
[338.748s][info][gc             ] GC(922) Pause Full (Ergonomics) 363M->363M(409M) 383.557ms
[338.748s][info][gc,cpu         ] GC(922) User=0.33s Sys=0.00s Real=0.38s
[338.749s][info][gc,start       ] GC(923) Pause Full (Ergonomics)
[338.749s][info][gc,phases,start] GC(923) Marking Phase
[339.033s][info][gc,phases      ] GC(923) Marking Phase 284.011ms
[339.033s][info][gc,phases,start] GC(923) Summary Phase
[339.033s][info][gc,phases      ] GC(923) Summary Phase 0.034ms
[339.033s][info][gc,phases,start] GC(923) Adjust Roots
[339.033s][info][gc,phases      ] GC(923) Adjust Roots 0.269ms
[339.033s][info][gc,phases,start] GC(923) Compaction Phase
[339.133s][info][gc,phases      ] GC(923) Compaction Phase 99.965ms
[339.133s][info][gc,phases,start] GC(923) Post Compact
[339.135s][info][gc,phases      ] GC(923) Post Compact 1.517ms
[339.135s][info][gc,heap        ] GC(923) PSYoungGen: 33771K(77312K)->33771K(77312K) Eden: 24575K(24576K)->24575K(24576K) From: 9195K(52736K)->9195K(52736K)
[339.135s][info][gc,heap        ] GC(923) ParOldGen: 338300K(341504K)->338300K(341504K)
[339.135s][info][gc,metaspace   ] GC(923) Metaspace: 6296K(6464K)->6296K(6464K) NonClass: 5763K(5824K)->5763K(5824K) Class: 532K(640K)->532K(640K)
[339.135s][info][gc             ] GC(923) Pause Full (Ergonomics) 363M->363M(409M) 386.179ms
[339.135s][info][gc,cpu         ] GC(923) User=0.38s Sys=0.00s Real=0.39s
[339.135s][info][gc,start       ] GC(924) Pause Full (Ergonomics)
[339.135s][info][gc,phases,start] GC(924) Marking Phase
[339.418s][info][gc,phases      ] GC(924) Marking Phase 282.526ms
[339.418s][info][gc,phases,start] GC(924) Summary Phase
[339.418s][info][gc,phases      ] GC(924) Summary Phase 0.023ms
[339.418s][info][gc,phases,start] GC(924) Adjust Roots
[339.418s][info][gc,phases      ] GC(924) Adjust Roots 0.248ms
[339.418s][info][gc,phases,start] GC(924) Compaction Phase
[339.513s][info][gc,phases      ] GC(924) Compaction Phase 94.461ms
[339.513s][info][gc,phases,start] GC(924) Post Compact
[339.514s][info][gc,phases      ] GC(924) Post Compact 1.566ms
[339.514s][info][gc,heap        ] GC(924) PSYoungGen: 33771K(77312K)->33771K(77312K) Eden: 24575K(24576K)->24575K(24576K) From: 9195K(52736K)->9195K(52736K)
[339.514s][info][gc,heap        ] GC(924) ParOldGen: 338305K(341504K)->338305K(341504K)
[339.514s][info][gc,metaspace   ] GC(924) Metaspace: 6296K(6464K)->6296K(6464K) NonClass: 5763K(5824K)->5763K(5824K) Class: 532K(640K)->532K(640K)
[339.514s][info][gc             ] GC(924) Pause Full (Ergonomics) 363M->363M(409M) 379.183ms
[339.514s][info][gc,cpu         ] GC(924) User=0.36s Sys=0.00s Real=0.38s
[339.515s][info][gc,start       ] GC(925) Pause Full (Ergonomics)
[339.515s][info][gc,phases,start] GC(925) Marking Phase
[339.798s][info][gc,phases      ] GC(925) Marking Phase 283.400ms
[339.798s][info][gc,phases,start] GC(925) Summary Phase
[339.798s][info][gc,phases      ] GC(925) Summary Phase 0.029ms
[339.798s][info][gc,phases,start] GC(925) Adjust Roots
[339.798s][info][gc,phases      ] GC(925) Adjust Roots 0.208ms
[339.798s][info][gc,phases,start] GC(925) Compaction Phase
[339.894s][info][gc,phases      ] GC(925) Compaction Phase 95.798ms
[339.894s][info][gc,phases,start] GC(925) Post Compact
[339.896s][info][gc,phases      ] GC(925) Post Compact 1.542ms
[339.896s][info][gc,heap        ] GC(925) PSYoungGen: 33771K(77312K)->33771K(77312K) Eden: 24575K(24576K)->24575K(24576K) From: 9195K(52736K)->9195K(52736K)
[339.896s][info][gc,heap        ] GC(925) ParOldGen: 338310K(341504K)->338310K(341504K)
[339.896s][info][gc,metaspace   ] GC(925) Metaspace: 6296K(6464K)->6296K(6464K) NonClass: 5763K(5824K)->5763K(5824K) Class: 532K(640K)->532K(640K)
[339.896s][info][gc             ] GC(925) Pause Full (Ergonomics) 363M->363M(409M) 381.321ms
[339.896s][info][gc,cpu         ] GC(925) User=0.38s Sys=0.00s Real=0.38s
[339.896s][info][gc,start       ] GC(926) Pause Full (Ergonomics)
[339.896s][info][gc,phases,start] GC(926) Marking Phase
[340.180s][info][gc,phases      ] GC(926) Marking Phase 283.686ms
[340.180s][info][gc,phases,start] GC(926) Summary Phase
[340.180s][info][gc,phases      ] GC(926) Summary Phase 0.023ms
[340.180s][info][gc,phases,start] GC(926) Adjust Roots
[340.180s][info][gc,phases      ] GC(926) Adjust Roots 0.213ms
[340.180s][info][gc,phases,start] GC(926) Compaction Phase
[340.276s][info][gc,phases      ] GC(926) Compaction Phase 96.122ms
[340.277s][info][gc,phases,start] GC(926) Post Compact
[340.278s][info][gc,phases      ] GC(926) Post Compact 1.514ms
[340.278s][info][gc,heap        ] GC(926) PSYoungGen: 33771K(77312K)->33771K(77312K) Eden: 24575K(24576K)->24575K(24576K) From: 9195K(52736K)->9195K(52736K)
[340.278s][info][gc,heap        ] GC(926) ParOldGen: 338314K(341504K)->338314K(341504K)
[340.278s][info][gc,metaspace   ] GC(926) Metaspace: 6296K(6464K)->6296K(6464K) NonClass: 5763K(5824K)->5763K(5824K) Class: 532K(640K)->532K(640K)
[340.278s][info][gc             ] GC(926) Pause Full (Ergonomics) 363M->363M(409M) 381.885ms
[340.278s][info][gc,cpu         ] GC(926) User=0.36s Sys=0.00s Real=0.38s
[340.279s][info][gc,start       ] GC(927) Pause Full (Ergonomics)
[340.279s][info][gc,phases,start] GC(927) Marking Phase
[340.563s][info][gc,phases      ] GC(927) Marking Phase 284.491ms
[340.563s][info][gc,phases,start] GC(927) Summary Phase
[340.564s][info][gc,phases      ] GC(927) Summary Phase 0.022ms
[340.564s][info][gc,phases,start] GC(927) Adjust Roots
[340.564s][info][gc,phases      ] GC(927) Adjust Roots 0.245ms
[340.564s][info][gc,phases,start] GC(927) Compaction Phase
[340.660s][info][gc,phases      ] GC(927) Compaction Phase 96.044ms
[340.660s][info][gc,phases,start] GC(927) Post Compact
[340.661s][info][gc,phases      ] GC(927) Post Compact 1.537ms
[340.662s][info][gc,heap        ] GC(927) PSYoungGen: 33771K(77312K)->33771K(77312K) Eden: 24575K(24576K)->24575K(24576K) From: 9195K(52736K)->9195K(52736K)
[340.662s][info][gc,heap        ] GC(927) ParOldGen: 338319K(341504K)->338319K(341504K)
[340.662s][info][gc,metaspace   ] GC(927) Metaspace: 6296K(6464K)->6296K(6464K) NonClass: 5763K(5824K)->5763K(5824K) Class: 532K(640K)->532K(640K)
[340.662s][info][gc             ] GC(927) Pause Full (Ergonomics) 363M->363M(409M) 382.699ms
[340.662s][info][gc,cpu         ] GC(927) User=0.34s Sys=0.00s Real=0.38s
[340.662s][info][gc,start       ] GC(928) Pause Full (Ergonomics)
[340.662s][info][gc,phases,start] GC(928) Marking Phase
[340.946s][info][gc,phases      ] GC(928) Marking Phase 283.530ms
[340.946s][info][gc,phases,start] GC(928) Summary Phase
[340.946s][info][gc,phases      ] GC(928) Summary Phase 0.028ms
[340.946s][info][gc,phases,start] GC(928) Adjust Roots
[340.946s][info][gc,phases      ] GC(928) Adjust Roots 0.215ms
[340.946s][info][gc,phases,start] GC(928) Compaction Phase
[341.042s][info][gc,phases      ] GC(928) Compaction Phase 95.615ms
[341.042s][info][gc,phases,start] GC(928) Post Compact
[341.043s][info][gc,phases      ] GC(928) Post Compact 1.629ms
[341.043s][info][gc,heap        ] GC(928) PSYoungGen: 33771K(77312K)->33771K(77312K) Eden: 24575K(24576K)->24575K(24576K) From: 9195K(52736K)->9195K(52736K)
[341.043s][info][gc,heap        ] GC(928) ParOldGen: 338324K(341504K)->338324K(341504K)
[341.043s][info][gc,metaspace   ] GC(928) Metaspace: 6296K(6464K)->6296K(6464K) NonClass: 5763K(5824K)->5763K(5824K) Class: 532K(640K)->532K(640K)
[341.043s][info][gc             ] GC(928) Pause Full (Ergonomics) 363M->363M(409M) 381.350ms
[341.043s][info][gc,cpu         ] GC(928) User=0.34s Sys=0.00s Real=0.38s
[341.044s][info][gc,start       ] GC(929) Pause Full (Ergonomics)
[341.044s][info][gc,phases,start] GC(929) Marking Phase
[341.326s][info][gc,phases      ] GC(929) Marking Phase 282.482ms
[341.326s][info][gc,phases,start] GC(929) Summary Phase
[341.326s][info][gc,phases      ] GC(929) Summary Phase 0.019ms
[341.326s][info][gc,phases,start] GC(929) Adjust Roots
[341.327s][info][gc,phases      ] GC(929) Adjust Roots 0.293ms
[341.327s][info][gc,phases,start] GC(929) Compaction Phase
[341.424s][info][gc,phases      ] GC(929) Compaction Phase 97.184ms
[341.424s][info][gc,phases,start] GC(929) Post Compact
[341.426s][info][gc,phases      ] GC(929) Post Compact 1.978ms
[341.426s][info][gc,heap        ] GC(929) PSYoungGen: 33771K(77312K)->33771K(77312K) Eden: 24575K(24576K)->24575K(24576K) From: 9195K(52736K)->9195K(52736K)
[341.426s][info][gc,heap        ] GC(929) ParOldGen: 338328K(341504K)->338328K(341504K)
[341.426s][info][gc,metaspace   ] GC(929) Metaspace: 6296K(6464K)->6296K(6464K) NonClass: 5763K(5824K)->5763K(5824K) Class: 532K(640K)->532K(640K)
[341.426s][info][gc             ] GC(929) Pause Full (Ergonomics) 363M->363M(409M) 382.298ms
[341.426s][info][gc,cpu         ] GC(929) User=0.34s Sys=0.00s Real=0.38s
[341.426s][info][gc,start       ] GC(930) Pause Full (Ergonomics)
[341.426s][info][gc,phases,start] GC(930) Marking Phase
[341.714s][info][gc,phases      ] GC(930) Marking Phase 287.246ms
[341.714s][info][gc,phases,start] GC(930) Summary Phase
[341.714s][info][gc,phases      ] GC(930) Summary Phase 0.023ms
[341.714s][info][gc,phases,start] GC(930) Adjust Roots
[341.714s][info][gc,phases      ] GC(930) Adjust Roots 0.232ms
[341.714s][info][gc,phases,start] GC(930) Compaction Phase
[341.811s][info][gc,phases      ] GC(930) Compaction Phase 97.204ms
[341.811s][info][gc,phases,start] GC(930) Post Compact
[341.813s][info][gc,phases      ] GC(930) Post Compact 1.572ms
[341.813s][info][gc,heap        ] GC(930) PSYoungGen: 33771K(77312K)->33771K(77312K) Eden: 24575K(24576K)->24575K(24576K) From: 9195K(52736K)->9195K(52736K)
[341.813s][info][gc,heap        ] GC(930) ParOldGen: 338333K(341504K)->338333K(341504K)
[341.813s][info][gc,metaspace   ] GC(930) Metaspace: 6296K(6464K)->6296K(6464K) NonClass: 5763K(5824K)->5763K(5824K) Class: 532K(640K)->532K(640K)
[341.813s][info][gc             ] GC(930) Pause Full (Ergonomics) 363M->363M(409M) 386.618ms
[341.813s][info][gc,cpu         ] GC(930) User=0.36s Sys=0.00s Real=0.39s
[341.813s][info][gc,start       ] GC(931) Pause Full (Ergonomics)
[341.813s][info][gc,phases,start] GC(931) Marking Phase
[342.093s][info][gc,phases      ] GC(931) Marking Phase 280.068ms
[342.093s][info][gc,phases,start] GC(931) Summary Phase
[342.093s][info][gc,phases      ] GC(931) Summary Phase 0.023ms
[342.093s][info][gc,phases,start] GC(931) Adjust Roots
[342.094s][info][gc,phases      ] GC(931) Adjust Roots 0.260ms
[342.094s][info][gc,phases,start] GC(931) Compaction Phase
[342.189s][info][gc,phases      ] GC(931) Compaction Phase 95.678ms
[342.190s][info][gc,phases,start] GC(931) Post Compact
[342.191s][info][gc,phases      ] GC(931) Post Compact 1.682ms
[342.191s][info][gc,heap        ] GC(931) PSYoungGen: 33771K(77312K)->33771K(77312K) Eden: 24575K(24576K)->24575K(24576K) From: 9195K(52736K)->9195K(52736K)
[342.191s][info][gc,heap        ] GC(931) ParOldGen: 338338K(341504K)->338338K(341504K)
[342.191s][info][gc,metaspace   ] GC(931) Metaspace: 6296K(6464K)->6296K(6464K) NonClass: 5763K(5824K)->5763K(5824K) Class: 532K(640K)->532K(640K)
[342.191s][info][gc             ] GC(931) Pause Full (Ergonomics) 363M->363M(409M) 378.065ms
[342.191s][info][gc,cpu         ] GC(931) User=0.36s Sys=0.00s Real=0.38s
[342.192s][info][gc,start       ] GC(932) Pause Full (Ergonomics)
[342.192s][info][gc,phases,start] GC(932) Marking Phase
[342.479s][info][gc,phases      ] GC(932) Marking Phase 287.636ms
[342.479s][info][gc,phases,start] GC(932) Summary Phase
[342.479s][info][gc,phases      ] GC(932) Summary Phase 0.023ms
[342.479s][info][gc,phases,start] GC(932) Adjust Roots
[342.480s][info][gc,phases      ] GC(932) Adjust Roots 0.240ms
[342.480s][info][gc,phases,start] GC(932) Compaction Phase
[342.577s][info][gc,phases      ] GC(932) Compaction Phase 97.461ms
[342.577s][info][gc,phases,start] GC(932) Post Compact
[342.579s][info][gc,phases      ] GC(932) Post Compact 1.567ms
[342.579s][info][gc,heap        ] GC(932) PSYoungGen: 33771K(77312K)->33771K(77312K) Eden: 24575K(24576K)->24575K(24576K) From: 9195K(52736K)->9195K(52736K)
[342.579s][info][gc,heap        ] GC(932) ParOldGen: 338342K(341504K)->338342K(341504K)
[342.579s][info][gc,metaspace   ] GC(932) Metaspace: 6296K(6464K)->6296K(6464K) NonClass: 5763K(5824K)->5763K(5824K) Class: 532K(640K)->532K(640K)
[342.579s][info][gc             ] GC(932) Pause Full (Ergonomics) 363M->363M(409M) 387.266ms
[342.579s][info][gc,cpu         ] GC(932) User=0.36s Sys=0.00s Real=0.39s
[342.579s][info][gc,start       ] GC(933) Pause Full (Ergonomics)
[342.579s][info][gc,phases,start] GC(933) Marking Phase
[342.862s][info][gc,phases      ] GC(933) Marking Phase 282.961ms
[342.862s][info][gc,phases,start] GC(933) Summary Phase
[342.862s][info][gc,phases      ] GC(933) Summary Phase 0.034ms
[342.862s][info][gc,phases,start] GC(933) Adjust Roots
[342.862s][info][gc,phases      ] GC(933) Adjust Roots 0.257ms
[342.863s][info][gc,phases,start] GC(933) Compaction Phase
[342.958s][info][gc,phases      ] GC(933) Compaction Phase 95.581ms
[342.958s][info][gc,phases,start] GC(933) Post Compact
[342.960s][info][gc,phases      ] GC(933) Post Compact 1.548ms
[342.960s][info][gc,heap        ] GC(933) PSYoungGen: 33771K(77312K)->33771K(77312K) Eden: 24575K(24576K)->24575K(24576K) From: 9195K(52736K)->9195K(52736K)
[342.960s][info][gc,heap        ] GC(933) ParOldGen: 338347K(341504K)->338347K(341504K)
[342.960s][info][gc,metaspace   ] GC(933) Metaspace: 6296K(6464K)->6296K(6464K) NonClass: 5763K(5824K)->5763K(5824K) Class: 532K(640K)->532K(640K)
[342.960s][info][gc             ] GC(933) Pause Full (Ergonomics) 363M->363M(409M) 380.747ms
[342.960s][info][gc,cpu         ] GC(933) User=0.38s Sys=0.00s Real=0.38s
[342.960s][info][gc,start       ] GC(934) Pause Full (Ergonomics)
[342.960s][info][gc,phases,start] GC(934) Marking Phase
[343.243s][info][gc,phases      ] GC(934) Marking Phase 283.139ms
[343.243s][info][gc,phases,start] GC(934) Summary Phase
[343.243s][info][gc,phases      ] GC(934) Summary Phase 0.021ms
[343.243s][info][gc,phases,start] GC(934) Adjust Roots
[343.244s][info][gc,phases      ] GC(934) Adjust Roots 0.260ms
[343.244s][info][gc,phases,start] GC(934) Compaction Phase
[343.344s][info][gc,phases      ] GC(934) Compaction Phase 100.334ms
[343.344s][info][gc,phases,start] GC(934) Post Compact
[343.346s][info][gc,phases      ] GC(934) Post Compact 1.604ms
[343.346s][info][gc,heap        ] GC(934) PSYoungGen: 33771K(77312K)->33771K(77312K) Eden: 24575K(24576K)->24575K(24576K) From: 9195K(52736K)->9195K(52736K)
[343.346s][info][gc,heap        ] GC(934) ParOldGen: 338352K(341504K)->338352K(341504K)
[343.346s][info][gc,metaspace   ] GC(934) Metaspace: 6296K(6464K)->6296K(6464K) NonClass: 5763K(5824K)->5763K(5824K) Class: 532K(640K)->532K(640K)
[343.346s][info][gc             ] GC(934) Pause Full (Ergonomics) 363M->363M(409M) 385.717ms
[343.346s][info][gc,cpu         ] GC(934) User=0.36s Sys=0.00s Real=0.39s
[343.346s][info][gc,start       ] GC(935) Pause Full (Ergonomics)
[343.346s][info][gc,phases,start] GC(935) Marking Phase
[343.630s][info][gc,phases      ] GC(935) Marking Phase 283.874ms
[343.630s][info][gc,phases,start] GC(935) Summary Phase
[343.630s][info][gc,phases      ] GC(935) Summary Phase 0.024ms
[343.630s][info][gc,phases,start] GC(935) Adjust Roots
[343.630s][info][gc,phases      ] GC(935) Adjust Roots 0.224ms
[343.630s][info][gc,phases,start] GC(935) Compaction Phase
[343.726s][info][gc,phases      ] GC(935) Compaction Phase 95.821ms
[343.726s][info][gc,phases,start] GC(935) Post Compact
[343.728s][info][gc,phases      ] GC(935) Post Compact 1.523ms
[343.728s][info][gc,heap        ] GC(935) PSYoungGen: 33771K(77312K)->33771K(77312K) Eden: 24575K(24576K)->24575K(24576K) From: 9195K(52736K)->9195K(52736K)
[343.728s][info][gc,heap        ] GC(935) ParOldGen: 338356K(341504K)->338356K(341504K)
[343.728s][info][gc,metaspace   ] GC(935) Metaspace: 6296K(6464K)->6296K(6464K) NonClass: 5763K(5824K)->5763K(5824K) Class: 532K(640K)->532K(640K)
[343.728s][info][gc             ] GC(935) Pause Full (Ergonomics) 363M->363M(409M) 381.798ms
[343.728s][info][gc,cpu         ] GC(935) User=0.39s Sys=0.00s Real=0.38s
[343.728s][info][gc,start       ] GC(936) Pause Full (Ergonomics)
[343.728s][info][gc,phases,start] GC(936) Marking Phase
[344.014s][info][gc,phases      ] GC(936) Marking Phase 285.758ms
[344.014s][info][gc,phases,start] GC(936) Summary Phase
[344.014s][info][gc,phases      ] GC(936) Summary Phase 0.018ms
[344.014s][info][gc,phases,start] GC(936) Adjust Roots
[344.015s][info][gc,phases      ] GC(936) Adjust Roots 0.291ms
[344.015s][info][gc,phases,start] GC(936) Compaction Phase
[344.112s][info][gc,phases      ] GC(936) Compaction Phase 97.379ms
[344.112s][info][gc,phases,start] GC(936) Post Compact
[344.114s][info][gc,phases      ] GC(936) Post Compact 1.539ms
[344.114s][info][gc,heap        ] GC(936) PSYoungGen: 33771K(77312K)->33771K(77312K) Eden: 24575K(24576K)->24575K(24576K) From: 9195K(52736K)->9195K(52736K)
[344.114s][info][gc,heap        ] GC(936) ParOldGen: 338361K(341504K)->338361K(341504K)
[344.114s][info][gc,metaspace   ] GC(936) Metaspace: 6296K(6464K)->6296K(6464K) NonClass: 5763K(5824K)->5763K(5824K) Class: 532K(640K)->532K(640K)
[344.114s][info][gc             ] GC(936) Pause Full (Ergonomics) 363M->363M(409M) 385.303ms
[344.114s][info][gc,cpu         ] GC(936) User=0.34s Sys=0.00s Real=0.39s
[344.114s][info][gc,start       ] GC(937) Pause Full (Ergonomics)
[344.114s][info][gc,phases,start] GC(937) Marking Phase
[344.400s][info][gc,phases      ] GC(937) Marking Phase 285.492ms
[344.400s][info][gc,phases,start] GC(937) Summary Phase
[344.400s][info][gc,phases      ] GC(937) Summary Phase 0.023ms
[344.400s][info][gc,phases,start] GC(937) Adjust Roots
[344.400s][info][gc,phases      ] GC(937) Adjust Roots 0.195ms
[344.400s][info][gc,phases,start] GC(937) Compaction Phase
[344.496s][info][gc,phases      ] GC(937) Compaction Phase 95.655ms
[344.496s][info][gc,phases,start] GC(937) Post Compact
[344.497s][info][gc,phases      ] GC(937) Post Compact 1.506ms
[344.497s][info][gc,heap        ] GC(937) PSYoungGen: 33771K(77312K)->33771K(77312K) Eden: 24575K(24576K)->24575K(24576K) From: 9195K(52736K)->9195K(52736K)
[344.497s][info][gc,heap        ] GC(937) ParOldGen: 338366K(341504K)->338366K(341504K)
[344.497s][info][gc,metaspace   ] GC(937) Metaspace: 6296K(6464K)->6296K(6464K) NonClass: 5763K(5824K)->5763K(5824K) Class: 532K(640K)->532K(640K)
[344.497s][info][gc             ] GC(937) Pause Full (Ergonomics) 363M->363M(409M) 383.233ms
[344.497s][info][gc,cpu         ] GC(937) User=0.36s Sys=0.00s Real=0.38s
[344.498s][info][gc,start       ] GC(938) Pause Full (Ergonomics)
[344.498s][info][gc,phases,start] GC(938) Marking Phase
[344.782s][info][gc,phases      ] GC(938) Marking Phase 284.400ms
[344.782s][info][gc,phases,start] GC(938) Summary Phase
[344.782s][info][gc,phases      ] GC(938) Summary Phase 0.034ms
[344.782s][info][gc,phases,start] GC(938) Adjust Roots
[344.782s][info][gc,phases      ] GC(938) Adjust Roots 0.273ms
[344.782s][info][gc,phases,start] GC(938) Compaction Phase
[344.878s][info][gc,phases      ] GC(938) Compaction Phase 95.981ms
[344.878s][info][gc,phases,start] GC(938) Post Compact
[344.880s][info][gc,phases      ] GC(938) Post Compact 1.648ms
[344.880s][info][gc,heap        ] GC(938) PSYoungGen: 33771K(77312K)->33771K(77312K) Eden: 24575K(24576K)->24575K(24576K) From: 9195K(52736K)->9195K(52736K)
[344.880s][info][gc,heap        ] GC(938) ParOldGen: 338370K(341504K)->338370K(341504K)
[344.880s][info][gc,metaspace   ] GC(938) Metaspace: 6296K(6464K)->6296K(6464K) NonClass: 5763K(5824K)->5763K(5824K) Class: 532K(640K)->532K(640K)
[344.880s][info][gc             ] GC(938) Pause Full (Ergonomics) 363M->363M(409M) 382.743ms
[344.880s][info][gc,cpu         ] GC(938) User=0.34s Sys=0.00s Real=0.38s
[344.881s][info][gc,start       ] GC(939) Pause Full (Ergonomics)
[344.881s][info][gc,phases,start] GC(939) Marking Phase
[345.166s][info][gc,phases      ] GC(939) Marking Phase 284.944ms
[345.166s][info][gc,phases,start] GC(939) Summary Phase
[345.166s][info][gc,phases      ] GC(939) Summary Phase 0.023ms
[345.166s][info][gc,phases,start] GC(939) Adjust Roots
[345.166s][info][gc,phases      ] GC(939) Adjust Roots 0.253ms
[345.166s][info][gc,phases,start] GC(939) Compaction Phase
[345.262s][info][gc,phases      ] GC(939) Compaction Phase 96.578ms
[345.263s][info][gc,phases,start] GC(939) Post Compact
[345.264s][info][gc,phases      ] GC(939) Post Compact 1.586ms
[345.264s][info][gc,heap        ] GC(939) PSYoungGen: 33771K(77312K)->33771K(77312K) Eden: 24575K(24576K)->24575K(24576K) From: 9195K(52736K)->9195K(52736K)
[345.264s][info][gc,heap        ] GC(939) ParOldGen: 338375K(341504K)->338375K(341504K)
[345.264s][info][gc,metaspace   ] GC(939) Metaspace: 6296K(6464K)->6296K(6464K) NonClass: 5763K(5824K)->5763K(5824K) Class: 532K(640K)->532K(640K)
[345.264s][info][gc             ] GC(939) Pause Full (Ergonomics) 363M->363M(409M) 383.734ms
[345.264s][info][gc,cpu         ] GC(939) User=0.34s Sys=0.00s Real=0.38s
[345.265s][info][gc,start       ] GC(940) Pause Full (Ergonomics)
[345.265s][info][gc,phases,start] GC(940) Marking Phase
[345.549s][info][gc,phases      ] GC(940) Marking Phase 284.273ms
[345.549s][info][gc,phases,start] GC(940) Summary Phase
[345.549s][info][gc,phases      ] GC(940) Summary Phase 0.035ms
[345.549s][info][gc,phases,start] GC(940) Adjust Roots
[345.549s][info][gc,phases      ] GC(940) Adjust Roots 0.307ms
[345.550s][info][gc,phases,start] GC(940) Compaction Phase
[345.648s][info][gc,phases      ] GC(940) Compaction Phase 98.087ms
[345.648s][info][gc,phases,start] GC(940) Post Compact
[345.649s][info][gc,phases      ] GC(940) Post Compact 1.518ms
[345.649s][info][gc,heap        ] GC(940) PSYoungGen: 33771K(77312K)->33771K(77312K) Eden: 24575K(24576K)->24575K(24576K) From: 9195K(52736K)->9195K(52736K)
[345.649s][info][gc,heap        ] GC(940) ParOldGen: 338380K(341504K)->338380K(341504K)
[345.649s][info][gc,metaspace   ] GC(940) Metaspace: 6296K(6464K)->6296K(6464K) NonClass: 5763K(5824K)->5763K(5824K) Class: 532K(640K)->532K(640K)
[345.649s][info][gc             ] GC(940) Pause Full (Ergonomics) 363M->363M(409M) 384.625ms
[345.649s][info][gc,cpu         ] GC(940) User=0.36s Sys=0.00s Real=0.38s
[345.650s][info][gc,start       ] GC(941) Pause Full (Ergonomics)
[345.650s][info][gc,phases,start] GC(941) Marking Phase
[345.934s][info][gc,phases      ] GC(941) Marking Phase 283.821ms
[345.934s][info][gc,phases,start] GC(941) Summary Phase
[345.934s][info][gc,phases      ] GC(941) Summary Phase 0.023ms
[345.934s][info][gc,phases,start] GC(941) Adjust Roots
[345.934s][info][gc,phases      ] GC(941) Adjust Roots 0.253ms
[345.934s][info][gc,phases,start] GC(941) Compaction Phase
[346.030s][info][gc,phases      ] GC(941) Compaction Phase 96.449ms
[346.030s][info][gc,phases,start] GC(941) Post Compact
[346.032s][info][gc,phases      ] GC(941) Post Compact 1.546ms
[346.032s][info][gc,heap        ] GC(941) PSYoungGen: 33771K(77312K)->33771K(77312K) Eden: 24575K(24576K)->24575K(24576K) From: 9195K(52736K)->9195K(52736K)
[346.032s][info][gc,heap        ] GC(941) ParOldGen: 338384K(341504K)->338384K(341504K)
[346.032s][info][gc,metaspace   ] GC(941) Metaspace: 6296K(6464K)->6296K(6464K) NonClass: 5763K(5824K)->5763K(5824K) Class: 532K(640K)->532K(640K)
[346.032s][info][gc             ] GC(941) Pause Full (Ergonomics) 363M->363M(409M) 382.442ms
[346.032s][info][gc,cpu         ] GC(941) User=0.33s Sys=0.00s Real=0.38s
[346.032s][info][gc,start       ] GC(942) Pause Full (Ergonomics)
[346.032s][info][gc,phases,start] GC(942) Marking Phase
[346.317s][info][gc,phases      ] GC(942) Marking Phase 284.630ms
[346.317s][info][gc,phases,start] GC(942) Summary Phase
[346.317s][info][gc,phases      ] GC(942) Summary Phase 0.035ms
[346.317s][info][gc,phases,start] GC(942) Adjust Roots
[346.317s][info][gc,phases      ] GC(942) Adjust Roots 0.260ms
[346.317s][info][gc,phases,start] GC(942) Compaction Phase
[346.413s][info][gc,phases      ] GC(942) Compaction Phase 95.870ms
[346.413s][info][gc,phases,start] GC(942) Post Compact
[346.415s][info][gc,phases      ] GC(942) Post Compact 1.527ms
[346.415s][info][gc,heap        ] GC(942) PSYoungGen: 33771K(77312K)->33771K(77312K) Eden: 24575K(24576K)->24575K(24576K) From: 9195K(52736K)->9195K(52736K)
[346.415s][info][gc,heap        ] GC(942) ParOldGen: 338389K(341504K)->338389K(341504K)
[346.415s][info][gc,metaspace   ] GC(942) Metaspace: 6296K(6464K)->6296K(6464K) NonClass: 5763K(5824K)->5763K(5824K) Class: 532K(640K)->532K(640K)
[346.415s][info][gc             ] GC(942) Pause Full (Ergonomics) 363M->363M(409M) 382.721ms
[346.415s][info][gc,cpu         ] GC(942) User=0.38s Sys=0.00s Real=0.38s
[346.415s][info][gc,start       ] GC(943) Pause Full (Ergonomics)
[346.415s][info][gc,phases,start] GC(943) Marking Phase
[346.702s][info][gc,phases      ] GC(943) Marking Phase 286.398ms
[346.702s][info][gc,phases,start] GC(943) Summary Phase
[346.702s][info][gc,phases      ] GC(943) Summary Phase 0.035ms
[346.702s][info][gc,phases,start] GC(943) Adjust Roots
[346.702s][info][gc,phases      ] GC(943) Adjust Roots 0.251ms
[346.702s][info][gc,phases,start] GC(943) Compaction Phase
[346.798s][info][gc,phases      ] GC(943) Compaction Phase 95.514ms
[346.798s][info][gc,phases,start] GC(943) Post Compact
[346.800s][info][gc,phases      ] GC(943) Post Compact 1.793ms
[346.800s][info][gc,heap        ] GC(943) PSYoungGen: 33771K(77312K)->33771K(77312K) Eden: 24575K(24576K)->24575K(24576K) From: 9195K(52736K)->9195K(52736K)
[346.800s][info][gc,heap        ] GC(943) ParOldGen: 338394K(341504K)->338394K(341504K)
[346.800s][info][gc,metaspace   ] GC(943) Metaspace: 6296K(6464K)->6296K(6464K) NonClass: 5763K(5824K)->5763K(5824K) Class: 532K(640K)->532K(640K)
[346.800s][info][gc             ] GC(943) Pause Full (Ergonomics) 363M->363M(409M) 384.403ms
[346.800s][info][gc,cpu         ] GC(943) User=0.36s Sys=0.00s Real=0.38s
[346.800s][info][gc,start       ] GC(944) Pause Full (Ergonomics)
[346.800s][info][gc,phases,start] GC(944) Marking Phase
[347.084s][info][gc,phases      ] GC(944) Marking Phase 283.827ms
[347.084s][info][gc,phases,start] GC(944) Summary Phase
[347.084s][info][gc,phases      ] GC(944) Summary Phase 0.022ms
[347.084s][info][gc,phases,start] GC(944) Adjust Roots
[347.084s][info][gc,phases      ] GC(944) Adjust Roots 0.277ms
[347.084s][info][gc,phases,start] GC(944) Compaction Phase
[347.178s][info][gc,phases      ] GC(944) Compaction Phase 94.040ms
[347.178s][info][gc,phases,start] GC(944) Post Compact
[347.180s][info][gc,phases      ] GC(944) Post Compact 1.540ms
[347.180s][info][gc,heap        ] GC(944) PSYoungGen: 33771K(77312K)->33771K(77312K) Eden: 24575K(24576K)->24575K(24576K) From: 9195K(52736K)->9195K(52736K)
[347.180s][info][gc,heap        ] GC(944) ParOldGen: 338398K(341504K)->338398K(341504K)
[347.180s][info][gc,metaspace   ] GC(944) Metaspace: 6296K(6464K)->6296K(6464K) NonClass: 5763K(5824K)->5763K(5824K) Class: 532K(640K)->532K(640K)
[347.180s][info][gc             ] GC(944) Pause Full (Ergonomics) 363M->363M(409M) 380.085ms
[347.180s][info][gc,cpu         ] GC(944) User=0.38s Sys=0.00s Real=0.38s
[347.181s][info][gc,start       ] GC(945) Pause Full (Ergonomics)
[347.181s][info][gc,phases,start] GC(945) Marking Phase
[347.463s][info][gc,phases      ] GC(945) Marking Phase 282.221ms
[347.463s][info][gc,phases,start] GC(945) Summary Phase
[347.463s][info][gc,phases      ] GC(945) Summary Phase 0.023ms
[347.463s][info][gc,phases,start] GC(945) Adjust Roots
[347.463s][info][gc,phases      ] GC(945) Adjust Roots 0.228ms
[347.463s][info][gc,phases,start] GC(945) Compaction Phase
[347.559s][info][gc,phases      ] GC(945) Compaction Phase 95.828ms
[347.559s][info][gc,phases,start] GC(945) Post Compact
[347.561s][info][gc,phases      ] GC(945) Post Compact 1.553ms
[347.561s][info][gc,heap        ] GC(945) PSYoungGen: 33771K(77312K)->33771K(77312K) Eden: 24575K(24576K)->24575K(24576K) From: 9195K(52736K)->9195K(52736K)
[347.561s][info][gc,heap        ] GC(945) ParOldGen: 338403K(341504K)->338403K(341504K)
[347.561s][info][gc,metaspace   ] GC(945) Metaspace: 6296K(6464K)->6296K(6464K) NonClass: 5763K(5824K)->5763K(5824K) Class: 532K(640K)->532K(640K)
[347.561s][info][gc             ] GC(945) Pause Full (Ergonomics) 363M->363M(409M) 380.175ms
[347.561s][info][gc,cpu         ] GC(945) User=0.34s Sys=0.00s Real=0.38s
[347.561s][info][gc,start       ] GC(946) Pause Full (Ergonomics)
[347.561s][info][gc,phases,start] GC(946) Marking Phase
[347.846s][info][gc,phases      ] GC(946) Marking Phase 284.680ms
[347.846s][info][gc,phases,start] GC(946) Summary Phase
[347.846s][info][gc,phases      ] GC(946) Summary Phase 0.034ms
[347.846s][info][gc,phases,start] GC(946) Adjust Roots
[347.846s][info][gc,phases      ] GC(946) Adjust Roots 0.260ms
[347.846s][info][gc,phases,start] GC(946) Compaction Phase
[347.942s][info][gc,phases      ] GC(946) Compaction Phase 95.252ms
[347.942s][info][gc,phases,start] GC(946) Post Compact
[347.943s][info][gc,phases      ] GC(946) Post Compact 1.525ms
[347.943s][info][gc,heap        ] GC(946) PSYoungGen: 33771K(77312K)->33771K(77312K) Eden: 24575K(24576K)->24575K(24576K) From: 9195K(52736K)->9195K(52736K)
[347.943s][info][gc,heap        ] GC(946) ParOldGen: 338408K(341504K)->338408K(341504K)
[347.943s][info][gc,metaspace   ] GC(946) Metaspace: 6296K(6464K)->6296K(6464K) NonClass: 5763K(5824K)->5763K(5824K) Class: 532K(640K)->532K(640K)
[347.943s][info][gc             ] GC(946) Pause Full (Ergonomics) 363M->363M(409M) 382.131ms
[347.943s][info][gc,cpu         ] GC(946) User=0.38s Sys=0.00s Real=0.38s
[347.944s][info][gc,start       ] GC(947) Pause Full (Ergonomics)
[347.944s][info][gc,phases,start] GC(947) Marking Phase
[348.228s][info][gc,phases      ] GC(947) Marking Phase 284.608ms
[348.228s][info][gc,phases,start] GC(947) Summary Phase
[348.229s][info][gc,phases      ] GC(947) Summary Phase 0.035ms
[348.229s][info][gc,phases,start] GC(947) Adjust Roots
[348.229s][info][gc,phases      ] GC(947) Adjust Roots 0.287ms
[348.229s][info][gc,phases,start] GC(947) Compaction Phase
[348.324s][info][gc,phases      ] GC(947) Compaction Phase 95.612ms
[348.325s][info][gc,phases,start] GC(947) Post Compact
[348.326s][info][gc,phases      ] GC(947) Post Compact 1.564ms
[348.326s][info][gc,heap        ] GC(947) PSYoungGen: 33771K(77312K)->33771K(77312K) Eden: 24575K(24576K)->24575K(24576K) From: 9195K(52736K)->9195K(52736K)
[348.326s][info][gc,heap        ] GC(947) ParOldGen: 338412K(341504K)->338412K(341504K)
[348.326s][info][gc,metaspace   ] GC(947) Metaspace: 6296K(6464K)->6296K(6464K) NonClass: 5763K(5824K)->5763K(5824K) Class: 532K(640K)->532K(640K)
[348.326s][info][gc             ] GC(947) Pause Full (Ergonomics) 363M->363M(409M) 382.476ms
[348.326s][info][gc,cpu         ] GC(947) User=0.34s Sys=0.00s Real=0.38s
[348.327s][info][gc,start       ] GC(948) Pause Full (Ergonomics)
[348.327s][info][gc,phases,start] GC(948) Marking Phase
[348.611s][info][gc,phases      ] GC(948) Marking Phase 284.090ms
[348.611s][info][gc,phases,start] GC(948) Summary Phase
[348.611s][info][gc,phases      ] GC(948) Summary Phase 0.034ms
[348.611s][info][gc,phases,start] GC(948) Adjust Roots
[348.611s][info][gc,phases      ] GC(948) Adjust Roots 0.277ms
[348.611s][info][gc,phases,start] GC(948) Compaction Phase
[348.708s][info][gc,phases      ] GC(948) Compaction Phase 96.686ms
[348.708s][info][gc,phases,start] GC(948) Post Compact
[348.709s][info][gc,phases      ] GC(948) Post Compact 1.534ms
[348.709s][info][gc,heap        ] GC(948) PSYoungGen: 33771K(77312K)->33771K(77312K) Eden: 24575K(24576K)->24575K(24576K) From: 9195K(52736K)->9195K(52736K)
[348.710s][info][gc,heap        ] GC(948) ParOldGen: 338417K(341504K)->338417K(341504K)
[348.710s][info][gc,metaspace   ] GC(948) Metaspace: 6296K(6464K)->6296K(6464K) NonClass: 5763K(5824K)->5763K(5824K) Class: 532K(640K)->532K(640K)
[348.710s][info][gc             ] GC(948) Pause Full (Ergonomics) 363M->363M(409M) 383.027ms
[348.710s][info][gc,cpu         ] GC(948) User=0.36s Sys=0.00s Real=0.38s
[348.710s][info][gc,start       ] GC(949) Pause Full (Ergonomics)
[348.710s][info][gc,phases,start] GC(949) Marking Phase
[348.994s][info][gc,phases      ] GC(949) Marking Phase 283.633ms
[348.994s][info][gc,phases,start] GC(949) Summary Phase
[348.994s][info][gc,phases      ] GC(949) Summary Phase 0.023ms
[348.994s][info][gc,phases,start] GC(949) Adjust Roots
[348.994s][info][gc,phases      ] GC(949) Adjust Roots 0.192ms
[348.994s][info][gc,phases,start] GC(949) Compaction Phase
[349.090s][info][gc,phases      ] GC(949) Compaction Phase 96.075ms
[349.090s][info][gc,phases,start] GC(949) Post Compact
[349.092s][info][gc,phases      ] GC(949) Post Compact 1.560ms
[349.092s][info][gc,heap        ] GC(949) PSYoungGen: 33771K(77312K)->33771K(77312K) Eden: 24575K(24576K)->24575K(24576K) From: 9195K(52736K)->9195K(52736K)
[349.092s][info][gc,heap        ] GC(949) ParOldGen: 338422K(341504K)->338422K(341504K)
[349.092s][info][gc,metaspace   ] GC(949) Metaspace: 6296K(6464K)->6296K(6464K) NonClass: 5763K(5824K)->5763K(5824K) Class: 532K(640K)->532K(640K)
[349.092s][info][gc             ] GC(949) Pause Full (Ergonomics) 363M->363M(409M) 381.878ms
[349.092s][info][gc,cpu         ] GC(949) User=0.36s Sys=0.00s Real=0.38s
[349.092s][info][gc,start       ] GC(950) Pause Full (Ergonomics)
[349.092s][info][gc,phases,start] GC(950) Marking Phase
[349.375s][info][gc,phases      ] GC(950) Marking Phase 282.815ms
[349.375s][info][gc,phases,start] GC(950) Summary Phase
[349.375s][info][gc,phases      ] GC(950) Summary Phase 0.023ms
[349.375s][info][gc,phases,start] GC(950) Adjust Roots
[349.375s][info][gc,phases      ] GC(950) Adjust Roots 0.263ms
[349.375s][info][gc,phases,start] GC(950) Compaction Phase
[349.472s][info][gc,phases      ] GC(950) Compaction Phase 96.906ms
[349.472s][info][gc,phases,start] GC(950) Post Compact
[349.474s][info][gc,phases      ] GC(950) Post Compact 1.520ms
[349.474s][info][gc,heap        ] GC(950) PSYoungGen: 33771K(77312K)->33771K(77312K) Eden: 24575K(24576K)->24575K(24576K) From: 9195K(52736K)->9195K(52736K)
[349.474s][info][gc,heap        ] GC(950) ParOldGen: 338426K(341504K)->338426K(341504K)
[349.474s][info][gc,metaspace   ] GC(950) Metaspace: 6296K(6464K)->6296K(6464K) NonClass: 5763K(5824K)->5763K(5824K) Class: 532K(640K)->532K(640K)
[349.474s][info][gc             ] GC(950) Pause Full (Ergonomics) 363M->363M(409M) 381.959ms
[349.474s][info][gc,cpu         ] GC(950) User=0.38s Sys=0.00s Real=0.38s
[349.475s][info][gc,start       ] GC(951) Pause Full (Ergonomics)
[349.475s][info][gc,phases,start] GC(951) Marking Phase
[349.759s][info][gc,phases      ] GC(951) Marking Phase 283.810ms
[349.759s][info][gc,phases,start] GC(951) Summary Phase
[349.759s][info][gc,phases      ] GC(951) Summary Phase 0.028ms
[349.759s][info][gc,phases,start] GC(951) Adjust Roots
[349.759s][info][gc,phases      ] GC(951) Adjust Roots 0.225ms
[349.759s][info][gc,phases,start] GC(951) Compaction Phase
[349.856s][info][gc,phases      ] GC(951) Compaction Phase 96.890ms
[349.856s][info][gc,phases,start] GC(951) Post Compact
[349.858s][info][gc,phases      ] GC(951) Post Compact 1.515ms
[349.858s][info][gc,heap        ] GC(951) PSYoungGen: 33771K(77312K)->33771K(77312K) Eden: 24575K(24576K)->24575K(24576K) From: 9195K(52736K)->9195K(52736K)
[349.858s][info][gc,heap        ] GC(951) ParOldGen: 338431K(341504K)->338431K(341504K)
[349.858s][info][gc,metaspace   ] GC(951) Metaspace: 6296K(6464K)->6296K(6464K) NonClass: 5763K(5824K)->5763K(5824K) Class: 532K(640K)->532K(640K)
[349.858s][info][gc             ] GC(951) Pause Full (Ergonomics) 363M->363M(409M) 382.859ms
[349.858s][info][gc,cpu         ] GC(951) User=0.34s Sys=0.00s Real=0.38s
[349.858s][info][gc,start       ] GC(952) Pause Full (Ergonomics)
[349.858s][info][gc,phases,start] GC(952) Marking Phase
[350.141s][info][gc,phases      ] GC(952) Marking Phase 283.276ms
[350.141s][info][gc,phases,start] GC(952) Summary Phase
[350.141s][info][gc,phases      ] GC(952) Summary Phase 0.023ms
[350.141s][info][gc,phases,start] GC(952) Adjust Roots
[350.142s][info][gc,phases      ] GC(952) Adjust Roots 0.190ms
[350.142s][info][gc,phases,start] GC(952) Compaction Phase
[350.237s][info][gc,phases      ] GC(952) Compaction Phase 95.337ms
[350.237s][info][gc,phases,start] GC(952) Post Compact
[350.239s][info][gc,phases      ] GC(952) Post Compact 1.518ms
[350.239s][info][gc,heap        ] GC(952) PSYoungGen: 33771K(77312K)->33771K(77312K) Eden: 24575K(24576K)->24575K(24576K) From: 9195K(52736K)->9195K(52736K)
[350.239s][info][gc,heap        ] GC(952) ParOldGen: 338436K(341504K)->338436K(341504K)
[350.239s][info][gc,metaspace   ] GC(952) Metaspace: 6296K(6464K)->6296K(6464K) NonClass: 5763K(5824K)->5763K(5824K) Class: 532K(640K)->532K(640K)
[350.239s][info][gc             ] GC(952) Pause Full (Ergonomics) 363M->363M(409M) 380.715ms
[350.239s][info][gc,cpu         ] GC(952) User=0.36s Sys=0.00s Real=0.38s
[350.239s][info][gc,start       ] GC(953) Pause Full (Ergonomics)
[350.239s][info][gc,phases,start] GC(953) Marking Phase
[350.524s][info][gc,phases      ] GC(953) Marking Phase 285.184ms
[350.524s][info][gc,phases,start] GC(953) Summary Phase
[350.524s][info][gc,phases      ] GC(953) Summary Phase 0.034ms
[350.524s][info][gc,phases,start] GC(953) Adjust Roots
[350.525s][info][gc,phases      ] GC(953) Adjust Roots 0.252ms
[350.525s][info][gc,phases,start] GC(953) Compaction Phase
[350.621s][info][gc,phases      ] GC(953) Compaction Phase 96.024ms
[350.621s][info][gc,phases,start] GC(953) Post Compact
[350.622s][info][gc,phases      ] GC(953) Post Compact 1.545ms
[350.622s][info][gc,heap        ] GC(953) PSYoungGen: 33771K(77312K)->33771K(77312K) Eden: 24575K(24576K)->24575K(24576K) From: 9195K(52736K)->9195K(52736K)
[350.622s][info][gc,heap        ] GC(953) ParOldGen: 338440K(341504K)->338440K(341504K)
[350.622s][info][gc,metaspace   ] GC(953) Metaspace: 6296K(6464K)->6296K(6464K) NonClass: 5763K(5824K)->5763K(5824K) Class: 532K(640K)->532K(640K)
[350.622s][info][gc             ] GC(953) Pause Full (Ergonomics) 363M->363M(409M) 383.429ms
[350.622s][info][gc,cpu         ] GC(953) User=0.38s Sys=0.00s Real=0.38s
[350.623s][info][gc,start       ] GC(954) Pause Full (Ergonomics)
[350.623s][info][gc,phases,start] GC(954) Marking Phase
[350.906s][info][gc,phases      ] GC(954) Marking Phase 283.736ms
[350.907s][info][gc,phases,start] GC(954) Summary Phase
[350.907s][info][gc,phases      ] GC(954) Summary Phase 0.023ms
[350.907s][info][gc,phases,start] GC(954) Adjust Roots
[350.907s][info][gc,phases      ] GC(954) Adjust Roots 0.212ms
[350.907s][info][gc,phases,start] GC(954) Compaction Phase
[351.003s][info][gc,phases      ] GC(954) Compaction Phase 95.791ms
[351.003s][info][gc,phases,start] GC(954) Post Compact
[351.004s][info][gc,phases      ] GC(954) Post Compact 1.540ms
[351.004s][info][gc,heap        ] GC(954) PSYoungGen: 33771K(77312K)->33771K(77312K) Eden: 24575K(24576K)->24575K(24576K) From: 9195K(52736K)->9195K(52736K)
[351.004s][info][gc,heap        ] GC(954) ParOldGen: 338445K(341504K)->338445K(341504K)
[351.004s][info][gc,metaspace   ] GC(954) Metaspace: 6296K(6464K)->6296K(6464K) NonClass: 5763K(5824K)->5763K(5824K) Class: 532K(640K)->532K(640K)
[351.004s][info][gc             ] GC(954) Pause Full (Ergonomics) 363M->363M(409M) 381.662ms
[351.004s][info][gc,cpu         ] GC(954) User=0.34s Sys=0.00s Real=0.38s
[351.005s][info][gc,start       ] GC(955) Pause Full (Ergonomics)
[351.005s][info][gc,phases,start] GC(955) Marking Phase
[351.289s][info][gc,phases      ] GC(955) Marking Phase 284.062ms
[351.289s][info][gc,phases,start] GC(955) Summary Phase
[351.289s][info][gc,phases      ] GC(955) Summary Phase 0.022ms
[351.289s][info][gc,phases,start] GC(955) Adjust Roots
[351.289s][info][gc,phases      ] GC(955) Adjust Roots 0.208ms
[351.289s][info][gc,phases,start] GC(955) Compaction Phase
[351.385s][info][gc,phases      ] GC(955) Compaction Phase 95.643ms
[351.385s][info][gc,phases,start] GC(955) Post Compact
[351.387s][info][gc,phases      ] GC(955) Post Compact 1.536ms
[351.387s][info][gc,heap        ] GC(955) PSYoungGen: 33771K(77312K)->33771K(77312K) Eden: 24575K(24576K)->24575K(24576K) From: 9195K(52736K)->9195K(52736K)
[351.387s][info][gc,heap        ] GC(955) ParOldGen: 338450K(341504K)->338450K(341504K)
[351.387s][info][gc,metaspace   ] GC(955) Metaspace: 6296K(6464K)->6296K(6464K) NonClass: 5763K(5824K)->5763K(5824K) Class: 532K(640K)->532K(640K)
[351.387s][info][gc             ] GC(955) Pause Full (Ergonomics) 363M->363M(409M) 381.828ms
[351.387s][info][gc,cpu         ] GC(955) User=0.36s Sys=0.00s Real=0.38s
[351.387s][info][gc,start       ] GC(956) Pause Full (Ergonomics)
[351.387s][info][gc,phases,start] GC(956) Marking Phase
[351.671s][info][gc,phases      ] GC(956) Marking Phase 283.569ms
[351.671s][info][gc,phases,start] GC(956) Summary Phase
[351.671s][info][gc,phases      ] GC(956) Summary Phase 0.034ms
[351.671s][info][gc,phases,start] GC(956) Adjust Roots
[351.671s][info][gc,phases      ] GC(956) Adjust Roots 0.246ms
[351.671s][info][gc,phases,start] GC(956) Compaction Phase
[351.766s][info][gc,phases      ] GC(956) Compaction Phase 95.043ms
[351.766s][info][gc,phases,start] GC(956) Post Compact
[351.768s][info][gc,phases      ] GC(956) Post Compact 1.551ms
[351.768s][info][gc,heap        ] GC(956) PSYoungGen: 33771K(77312K)->33771K(77312K) Eden: 24575K(24576K)->24575K(24576K) From: 9195K(52736K)->9195K(52736K)
[351.768s][info][gc,heap        ] GC(956) ParOldGen: 338454K(341504K)->338454K(341504K)
[351.768s][info][gc,metaspace   ] GC(956) Metaspace: 6296K(6464K)->6296K(6464K) NonClass: 5763K(5824K)->5763K(5824K) Class: 532K(640K)->532K(640K)
[351.768s][info][gc             ] GC(956) Pause Full (Ergonomics) 363M->363M(409M) 380.829ms
[351.768s][info][gc,cpu         ] GC(956) User=0.36s Sys=0.00s Real=0.38s
[351.768s][info][gc,start       ] GC(957) Pause Full (Ergonomics)
[351.768s][info][gc,phases,start] GC(957) Marking Phase
[352.053s][info][gc,phases      ] GC(957) Marking Phase 284.435ms
[352.053s][info][gc,phases,start] GC(957) Summary Phase
[352.053s][info][gc,phases      ] GC(957) Summary Phase 0.034ms
[352.053s][info][gc,phases,start] GC(957) Adjust Roots
[352.053s][info][gc,phases      ] GC(957) Adjust Roots 0.252ms
[352.053s][info][gc,phases,start] GC(957) Compaction Phase
[352.149s][info][gc,phases      ] GC(957) Compaction Phase 95.865ms
[352.149s][info][gc,phases,start] GC(957) Post Compact
[352.151s][info][gc,phases      ] GC(957) Post Compact 1.520ms
[352.151s][info][gc,heap        ] GC(957) PSYoungGen: 33771K(77312K)->33771K(77312K) Eden: 24575K(24576K)->24575K(24576K) From: 9195K(52736K)->9195K(52736K)
[352.151s][info][gc,heap        ] GC(957) ParOldGen: 338459K(341504K)->338459K(341504K)
[352.151s][info][gc,metaspace   ] GC(957) Metaspace: 6296K(6464K)->6296K(6464K) NonClass: 5763K(5824K)->5763K(5824K) Class: 532K(640K)->532K(640K)
[352.151s][info][gc             ] GC(957) Pause Full (Ergonomics) 363M->363M(409M) 382.513ms
[352.151s][info][gc,cpu         ] GC(957) User=0.36s Sys=0.00s Real=0.38s
[352.151s][info][gc,start       ] GC(958) Pause Full (Ergonomics)
[352.151s][info][gc,phases,start] GC(958) Marking Phase
[352.435s][info][gc,phases      ] GC(958) Marking Phase 284.118ms
[352.435s][info][gc,phases,start] GC(958) Summary Phase
[352.435s][info][gc,phases      ] GC(958) Summary Phase 0.022ms
[352.435s][info][gc,phases,start] GC(958) Adjust Roots
[352.436s][info][gc,phases      ] GC(958) Adjust Roots 0.212ms
[352.436s][info][gc,phases,start] GC(958) Compaction Phase
[352.531s][info][gc,phases      ] GC(958) Compaction Phase 95.297ms
[352.531s][info][gc,phases,start] GC(958) Post Compact
[352.533s][info][gc,phases      ] GC(958) Post Compact 1.533ms
[352.533s][info][gc,heap        ] GC(958) PSYoungGen: 33771K(77312K)->33771K(77312K) Eden: 24575K(24576K)->24575K(24576K) From: 9195K(52736K)->9195K(52736K)
[352.533s][info][gc,heap        ] GC(958) ParOldGen: 338464K(341504K)->338464K(341504K)
[352.533s][info][gc,metaspace   ] GC(958) Metaspace: 6296K(6464K)->6296K(6464K) NonClass: 5763K(5824K)->5763K(5824K) Class: 532K(640K)->532K(640K)
[352.533s][info][gc             ] GC(958) Pause Full (Ergonomics) 363M->363M(409M) 381.527ms
[352.533s][info][gc,cpu         ] GC(958) User=0.34s Sys=0.00s Real=0.38s
[352.533s][info][gc,start       ] GC(959) Pause Full (Ergonomics)
[352.533s][info][gc,phases,start] GC(959) Marking Phase
[352.817s][info][gc,phases      ] GC(959) Marking Phase 284.380ms
[352.817s][info][gc,phases,start] GC(959) Summary Phase
[352.817s][info][gc,phases      ] GC(959) Summary Phase 0.034ms
[352.817s][info][gc,phases,start] GC(959) Adjust Roots
[352.818s][info][gc,phases      ] GC(959) Adjust Roots 0.246ms
[352.818s][info][gc,phases,start] GC(959) Compaction Phase
[352.914s][info][gc,phases      ] GC(959) Compaction Phase 96.306ms
[352.914s][info][gc,phases,start] GC(959) Post Compact
[352.916s][info][gc,phases      ] GC(959) Post Compact 1.784ms
[352.916s][info][gc,heap        ] GC(959) PSYoungGen: 33771K(77312K)->33771K(77312K) Eden: 24575K(24576K)->24575K(24576K) From: 9195K(52736K)->9195K(52736K)
[352.916s][info][gc,heap        ] GC(959) ParOldGen: 338468K(341504K)->338468K(341504K)
[352.916s][info][gc,metaspace   ] GC(959) Metaspace: 6296K(6464K)->6296K(6464K) NonClass: 5763K(5824K)->5763K(5824K) Class: 532K(640K)->532K(640K)
[352.916s][info][gc             ] GC(959) Pause Full (Ergonomics) 363M->363M(409M) 383.159ms
[352.916s][info][gc,cpu         ] GC(959) User=0.36s Sys=0.00s Real=0.38s
[352.916s][info][gc,start       ] GC(960) Pause Full (Ergonomics)
[352.916s][info][gc,phases,start] GC(960) Marking Phase
[353.201s][info][gc,phases      ] GC(960) Marking Phase 284.252ms
[353.201s][info][gc,phases,start] GC(960) Summary Phase
[353.201s][info][gc,phases      ] GC(960) Summary Phase 0.035ms
[353.201s][info][gc,phases,start] GC(960) Adjust Roots
[353.201s][info][gc,phases      ] GC(960) Adjust Roots 0.286ms
[353.201s][info][gc,phases,start] GC(960) Compaction Phase
[353.297s][info][gc,phases      ] GC(960) Compaction Phase 96.022ms
[353.297s][info][gc,phases,start] GC(960) Post Compact
[353.299s][info][gc,phases      ] GC(960) Post Compact 1.528ms
[353.299s][info][gc,heap        ] GC(960) PSYoungGen: 33771K(77312K)->33771K(77312K) Eden: 24575K(24576K)->24575K(24576K) From: 9195K(52736K)->9195K(52736K)
[353.299s][info][gc,heap        ] GC(960) ParOldGen: 338473K(341504K)->338473K(341504K)
[353.299s][info][gc,metaspace   ] GC(960) Metaspace: 6296K(6464K)->6296K(6464K) NonClass: 5763K(5824K)->5763K(5824K) Class: 532K(640K)->532K(640K)
[353.299s][info][gc             ] GC(960) Pause Full (Ergonomics) 363M->363M(409M) 382.504ms
[353.299s][info][gc,cpu         ] GC(960) User=0.34s Sys=0.00s Real=0.38s
[353.299s][info][gc,start       ] GC(961) Pause Full (Ergonomics)
[353.299s][info][gc,phases,start] GC(961) Marking Phase
[353.584s][info][gc,phases      ] GC(961) Marking Phase 284.604ms
[353.584s][info][gc,phases,start] GC(961) Summary Phase
[353.584s][info][gc,phases      ] GC(961) Summary Phase 0.035ms
[353.584s][info][gc,phases,start] GC(961) Adjust Roots
[353.584s][info][gc,phases      ] GC(961) Adjust Roots 0.262ms
[353.584s][info][gc,phases,start] GC(961) Compaction Phase
[353.680s][info][gc,phases      ] GC(961) Compaction Phase 95.943ms
[353.680s][info][gc,phases,start] GC(961) Post Compact
[353.682s][info][gc,phases      ] GC(961) Post Compact 1.528ms
[353.682s][info][gc,heap        ] GC(961) PSYoungGen: 33771K(77312K)->33771K(77312K) Eden: 24575K(24576K)->24575K(24576K) From: 9195K(52736K)->9195K(52736K)
[353.682s][info][gc,heap        ] GC(961) ParOldGen: 338478K(341504K)->338478K(341504K)
[353.682s][info][gc,metaspace   ] GC(961) Metaspace: 6296K(6464K)->6296K(6464K) NonClass: 5763K(5824K)->5763K(5824K) Class: 532K(640K)->532K(640K)
[353.682s][info][gc             ] GC(961) Pause Full (Ergonomics) 363M->363M(409M) 382.764ms
[353.682s][info][gc,cpu         ] GC(961) User=0.36s Sys=0.00s Real=0.38s
[353.682s][info][gc,start       ] GC(962) Pause Full (Ergonomics)
[353.682s][info][gc,phases,start] GC(962) Marking Phase
[353.967s][info][gc,phases      ] GC(962) Marking Phase 284.812ms
[353.967s][info][gc,phases,start] GC(962) Summary Phase
[353.967s][info][gc,phases      ] GC(962) Summary Phase 0.034ms
[353.967s][info][gc,phases,start] GC(962) Adjust Roots
[353.967s][info][gc,phases      ] GC(962) Adjust Roots 0.249ms
[353.967s][info][gc,phases,start] GC(962) Compaction Phase
[354.064s][info][gc,phases      ] GC(962) Compaction Phase 96.297ms
[354.064s][info][gc,phases,start] GC(962) Post Compact
[354.065s][info][gc,phases      ] GC(962) Post Compact 1.510ms
[354.065s][info][gc,heap        ] GC(962) PSYoungGen: 33771K(77312K)->33771K(77312K) Eden: 24575K(24576K)->24575K(24576K) From: 9195K(52736K)->9195K(52736K)
[354.065s][info][gc,heap        ] GC(962) ParOldGen: 338482K(341504K)->338482K(341504K)
[354.065s][info][gc,metaspace   ] GC(962) Metaspace: 6296K(6464K)->6296K(6464K) NonClass: 5763K(5824K)->5763K(5824K) Class: 532K(640K)->532K(640K)
[354.065s][info][gc             ] GC(962) Pause Full (Ergonomics) 363M->363M(409M) 383.306ms
[354.066s][info][gc,cpu         ] GC(962) User=0.34s Sys=0.00s Real=0.38s
[354.066s][info][gc,start       ] GC(963) Pause Full (Ergonomics)
[354.066s][info][gc,phases,start] GC(963) Marking Phase
[354.350s][info][gc,phases      ] GC(963) Marking Phase 284.337ms
[354.350s][info][gc,phases,start] GC(963) Summary Phase
[354.350s][info][gc,phases      ] GC(963) Summary Phase 0.022ms
[354.350s][info][gc,phases,start] GC(963) Adjust Roots
[354.350s][info][gc,phases      ] GC(963) Adjust Roots 0.232ms
[354.350s][info][gc,phases,start] GC(963) Compaction Phase
[354.447s][info][gc,phases      ] GC(963) Compaction Phase 96.217ms
[354.447s][info][gc,phases,start] GC(963) Post Compact
[354.448s][info][gc,phases      ] GC(963) Post Compact 1.552ms
[354.448s][info][gc,heap        ] GC(963) PSYoungGen: 33771K(77312K)->33771K(77312K) Eden: 24575K(24576K)->24575K(24576K) From: 9195K(52736K)->9195K(52736K)
[354.448s][info][gc,heap        ] GC(963) ParOldGen: 338487K(341504K)->338487K(341504K)
[354.448s][info][gc,metaspace   ] GC(963) Metaspace: 6296K(6464K)->6296K(6464K) NonClass: 5763K(5824K)->5763K(5824K) Class: 532K(640K)->532K(640K)
[354.448s][info][gc             ] GC(963) Pause Full (Ergonomics) 363M->363M(409M) 382.707ms
[354.448s][info][gc,cpu         ] GC(963) User=0.34s Sys=0.02s Real=0.38s
[354.449s][info][gc,start       ] GC(964) Pause Full (Ergonomics)
[354.449s][info][gc,phases,start] GC(964) Marking Phase
[354.733s][info][gc,phases      ] GC(964) Marking Phase 284.050ms
[354.733s][info][gc,phases,start] GC(964) Summary Phase
[354.733s][info][gc,phases      ] GC(964) Summary Phase 0.034ms
[354.733s][info][gc,phases,start] GC(964) Adjust Roots
[354.733s][info][gc,phases      ] GC(964) Adjust Roots 0.226ms
[354.733s][info][gc,phases,start] GC(964) Compaction Phase
[354.829s][info][gc,phases      ] GC(964) Compaction Phase 95.673ms
[354.829s][info][gc,phases,start] GC(964) Post Compact
[354.831s][info][gc,phases      ] GC(964) Post Compact 1.692ms
[354.831s][info][gc,heap        ] GC(964) PSYoungGen: 33771K(77312K)->33771K(77312K) Eden: 24575K(24576K)->24575K(24576K) From: 9195K(52736K)->9195K(52736K)
[354.831s][info][gc,heap        ] GC(964) ParOldGen: 338492K(341504K)->338492K(341504K)
[354.831s][info][gc,metaspace   ] GC(964) Metaspace: 6296K(6464K)->6296K(6464K) NonClass: 5763K(5824K)->5763K(5824K) Class: 532K(640K)->532K(640K)
[354.831s][info][gc             ] GC(964) Pause Full (Ergonomics) 363M->363M(409M) 382.070ms
[354.831s][info][gc,cpu         ] GC(964) User=0.34s Sys=0.00s Real=0.38s
[354.831s][info][gc,start       ] GC(965) Pause Full (Ergonomics)
[354.831s][info][gc,phases,start] GC(965) Marking Phase
[355.115s][info][gc,phases      ] GC(965) Marking Phase 284.013ms
[355.115s][info][gc,phases,start] GC(965) Summary Phase
[355.115s][info][gc,phases      ] GC(965) Summary Phase 0.024ms
[355.115s][info][gc,phases,start] GC(965) Adjust Roots
[355.115s][info][gc,phases      ] GC(965) Adjust Roots 0.220ms
[355.115s][info][gc,phases,start] GC(965) Compaction Phase
[355.212s][info][gc,phases      ] GC(965) Compaction Phase 96.736ms
[355.212s][info][gc,phases,start] GC(965) Post Compact
[355.214s][info][gc,phases      ] GC(965) Post Compact 1.559ms
[355.214s][info][gc,heap        ] GC(965) PSYoungGen: 33771K(77312K)->33771K(77312K) Eden: 24575K(24576K)->24575K(24576K) From: 9195K(52736K)->9195K(52736K)
[355.214s][info][gc,heap        ] GC(965) ParOldGen: 338496K(341504K)->338496K(341504K)
[355.214s][info][gc,metaspace   ] GC(965) Metaspace: 6296K(6464K)->6296K(6464K) NonClass: 5763K(5824K)->5763K(5824K) Class: 532K(640K)->532K(640K)
[355.214s][info][gc             ] GC(965) Pause Full (Ergonomics) 363M->363M(409M) 382.931ms
[355.214s][info][gc,cpu         ] GC(965) User=0.38s Sys=0.00s Real=0.38s
[355.214s][info][gc,start       ] GC(966) Pause Full (Ergonomics)
[355.214s][info][gc,phases,start] GC(966) Marking Phase
[355.499s][info][gc,phases      ] GC(966) Marking Phase 284.194ms
[355.499s][info][gc,phases,start] GC(966) Summary Phase
[355.499s][info][gc,phases      ] GC(966) Summary Phase 0.023ms
[355.499s][info][gc,phases,start] GC(966) Adjust Roots
[355.499s][info][gc,phases      ] GC(966) Adjust Roots 0.217ms
[355.499s][info][gc,phases,start] GC(966) Compaction Phase
[355.594s][info][gc,phases      ] GC(966) Compaction Phase 95.513ms
[355.594s][info][gc,phases,start] GC(966) Post Compact
[355.596s][info][gc,phases      ] GC(966) Post Compact 1.522ms
[355.596s][info][gc,heap        ] GC(966) PSYoungGen: 33771K(77312K)->33771K(77312K) Eden: 24575K(24576K)->24575K(24576K) From: 9195K(52736K)->9195K(52736K)
[355.596s][info][gc,heap        ] GC(966) ParOldGen: 338501K(341504K)->338501K(341504K)
[355.596s][info][gc,metaspace   ] GC(966) Metaspace: 6296K(6464K)->6296K(6464K) NonClass: 5763K(5824K)->5763K(5824K) Class: 532K(640K)->532K(640K)
[355.596s][info][gc             ] GC(966) Pause Full (Ergonomics) 363M->363M(409M) 381.840ms
[355.596s][info][gc,cpu         ] GC(966) User=0.34s Sys=0.02s Real=0.38s
[355.597s][info][gc,start       ] GC(967) Pause Full (Ergonomics)
[355.597s][info][gc,phases,start] GC(967) Marking Phase
[355.881s][info][gc,phases      ] GC(967) Marking Phase 284.486ms
[355.881s][info][gc,phases,start] GC(967) Summary Phase
[355.881s][info][gc,phases      ] GC(967) Summary Phase 0.035ms
[355.881s][info][gc,phases,start] GC(967) Adjust Roots
[355.882s][info][gc,phases      ] GC(967) Adjust Roots 0.241ms
[355.882s][info][gc,phases,start] GC(967) Compaction Phase
[355.978s][info][gc,phases      ] GC(967) Compaction Phase 95.852ms
[355.978s][info][gc,phases,start] GC(967) Post Compact
[355.979s][info][gc,phases      ] GC(967) Post Compact 1.531ms
[355.979s][info][gc,heap        ] GC(967) PSYoungGen: 33771K(77312K)->33771K(77312K) Eden: 24575K(24576K)->24575K(24576K) From: 9195K(52736K)->9195K(52736K)
[355.979s][info][gc,heap        ] GC(967) ParOldGen: 338506K(341504K)->338506K(341504K)
[355.979s][info][gc,metaspace   ] GC(967) Metaspace: 6296K(6464K)->6296K(6464K) NonClass: 5763K(5824K)->5763K(5824K) Class: 532K(640K)->532K(640K)
[355.979s][info][gc             ] GC(967) Pause Full (Ergonomics) 363M->363M(409M) 382.593ms
[355.979s][info][gc,cpu         ] GC(967) User=0.36s Sys=0.00s Real=0.38s
[355.980s][info][gc,start       ] GC(968) Pause Full (Ergonomics)
[355.980s][info][gc,phases,start] GC(968) Marking Phase
[356.263s][info][gc,phases      ] GC(968) Marking Phase 283.222ms
[356.263s][info][gc,phases,start] GC(968) Summary Phase
[356.263s][info][gc,phases      ] GC(968) Summary Phase 0.025ms
[356.263s][info][gc,phases,start] GC(968) Adjust Roots
[356.263s][info][gc,phases      ] GC(968) Adjust Roots 0.223ms
[356.263s][info][gc,phases,start] GC(968) Compaction Phase
[356.359s][info][gc,phases      ] GC(968) Compaction Phase 96.200ms
[356.359s][info][gc,phases,start] GC(968) Post Compact
[356.361s][info][gc,phases      ] GC(968) Post Compact 1.581ms
[356.361s][info][gc,heap        ] GC(968) PSYoungGen: 33771K(77312K)->33771K(77312K) Eden: 24575K(24576K)->24575K(24576K) From: 9195K(52736K)->9195K(52736K)
[356.361s][info][gc,heap        ] GC(968) ParOldGen: 338510K(341504K)->338510K(341504K)
[356.361s][info][gc,metaspace   ] GC(968) Metaspace: 6296K(6464K)->6296K(6464K) NonClass: 5763K(5824K)->5763K(5824K) Class: 532K(640K)->532K(640K)
[356.361s][info][gc             ] GC(968) Pause Full (Ergonomics) 363M->363M(409M) 381.633ms
[356.361s][info][gc,cpu         ] GC(968) User=0.34s Sys=0.00s Real=0.38s
[356.361s][info][gc,start       ] GC(969) Pause Full (Ergonomics)
[356.362s][info][gc,phases,start] GC(969) Marking Phase
[356.645s][info][gc,phases      ] GC(969) Marking Phase 283.430ms
[356.645s][info][gc,phases,start] GC(969) Summary Phase
[356.645s][info][gc,phases      ] GC(969) Summary Phase 0.056ms
[356.645s][info][gc,phases,start] GC(969) Adjust Roots
[356.645s][info][gc,phases      ] GC(969) Adjust Roots 0.249ms
[356.645s][info][gc,phases,start] GC(969) Compaction Phase
[356.742s][info][gc,phases      ] GC(969) Compaction Phase 96.449ms
[356.742s][info][gc,phases,start] GC(969) Post Compact
[356.744s][info][gc,phases      ] GC(969) Post Compact 1.517ms
[356.744s][info][gc,heap        ] GC(969) PSYoungGen: 33771K(77312K)->33771K(77312K) Eden: 24575K(24576K)->24575K(24576K) From: 9195K(52736K)->9195K(52736K)
[356.744s][info][gc,heap        ] GC(969) ParOldGen: 338515K(341504K)->338515K(341504K)
[356.744s][info][gc,metaspace   ] GC(969) Metaspace: 6296K(6464K)->6296K(6464K) NonClass: 5763K(5824K)->5763K(5824K) Class: 532K(640K)->532K(640K)
[356.744s][info][gc             ] GC(969) Pause Full (Ergonomics) 363M->363M(409M) 382.136ms
[356.744s][info][gc,cpu         ] GC(969) User=0.38s Sys=0.00s Real=0.38s
[356.744s][info][gc,start       ] GC(970) Pause Full (Ergonomics)
[356.744s][info][gc,phases,start] GC(970) Marking Phase
[357.029s][info][gc,phases      ] GC(970) Marking Phase 284.638ms
[357.029s][info][gc,phases,start] GC(970) Summary Phase
[357.029s][info][gc,phases      ] GC(970) Summary Phase 0.035ms
[357.029s][info][gc,phases,start] GC(970) Adjust Roots
[357.029s][info][gc,phases      ] GC(970) Adjust Roots 0.243ms
[357.029s][info][gc,phases,start] GC(970) Compaction Phase
[357.125s][info][gc,phases      ] GC(970) Compaction Phase 96.264ms
[357.125s][info][gc,phases,start] GC(970) Post Compact
[357.127s][info][gc,phases      ] GC(970) Post Compact 1.520ms
[357.127s][info][gc,heap        ] GC(970) PSYoungGen: 33771K(77312K)->33771K(77312K) Eden: 24575K(24576K)->24575K(24576K) From: 9195K(52736K)->9195K(52736K)
[357.127s][info][gc,heap        ] GC(970) ParOldGen: 338520K(341504K)->338520K(341504K)
[357.127s][info][gc,metaspace   ] GC(970) Metaspace: 6296K(6464K)->6296K(6464K) NonClass: 5763K(5824K)->5763K(5824K) Class: 532K(640K)->532K(640K)
[357.127s][info][gc             ] GC(970) Pause Full (Ergonomics) 363M->363M(409M) 383.109ms
[357.127s][info][gc,cpu         ] GC(970) User=0.34s Sys=0.00s Real=0.38s
[357.127s][info][gc,start       ] GC(971) Pause Full (Ergonomics)
[357.127s][info][gc,phases,start] GC(971) Marking Phase
[357.413s][info][gc,phases      ] GC(971) Marking Phase 285.429ms
[357.413s][info][gc,phases,start] GC(971) Summary Phase
[357.413s][info][gc,phases      ] GC(971) Summary Phase 0.023ms
[357.413s][info][gc,phases,start] GC(971) Adjust Roots
[357.413s][info][gc,phases      ] GC(971) Adjust Roots 0.218ms
[357.413s][info][gc,phases,start] GC(971) Compaction Phase
[357.509s][info][gc,phases      ] GC(971) Compaction Phase 95.533ms
[357.509s][info][gc,phases,start] GC(971) Post Compact
[357.510s][info][gc,phases      ] GC(971) Post Compact 1.518ms
[357.510s][info][gc,heap        ] GC(971) PSYoungGen: 33771K(77312K)->33771K(77312K) Eden: 24575K(24576K)->24575K(24576K) From: 9195K(52736K)->9195K(52736K)
[357.510s][info][gc,heap        ] GC(971) ParOldGen: 338524K(341504K)->338524K(341504K)
[357.510s][info][gc,metaspace   ] GC(971) Metaspace: 6296K(6464K)->6296K(6464K) NonClass: 5763K(5824K)->5763K(5824K) Class: 532K(640K)->532K(640K)
[357.510s][info][gc             ] GC(971) Pause Full (Ergonomics) 363M->363M(409M) 383.066ms
[357.510s][info][gc,cpu         ] GC(971) User=0.36s Sys=0.00s Real=0.38s
[357.511s][info][gc,start       ] GC(972) Pause Full (Ergonomics)
[357.511s][info][gc,phases,start] GC(972) Marking Phase
[357.795s][info][gc,phases      ] GC(972) Marking Phase 284.562ms
[357.795s][info][gc,phases,start] GC(972) Summary Phase
[357.795s][info][gc,phases      ] GC(972) Summary Phase 0.034ms
[357.795s][info][gc,phases,start] GC(972) Adjust Roots
[357.796s][info][gc,phases      ] GC(972) Adjust Roots 0.270ms
[357.796s][info][gc,phases,start] GC(972) Compaction Phase
[357.891s][info][gc,phases      ] GC(972) Compaction Phase 95.395ms
[357.891s][info][gc,phases,start] GC(972) Post Compact
[357.893s][info][gc,phases      ] GC(972) Post Compact 1.538ms
[357.893s][info][gc,heap        ] GC(972) PSYoungGen: 33771K(77312K)->33771K(77312K) Eden: 24575K(24576K)->24575K(24576K) From: 9195K(52736K)->9195K(52736K)
[357.893s][info][gc,heap        ] GC(972) ParOldGen: 338529K(341504K)->338529K(341504K)
[357.893s][info][gc,metaspace   ] GC(972) Metaspace: 6296K(6464K)->6296K(6464K) NonClass: 5763K(5824K)->5763K(5824K) Class: 532K(640K)->532K(640K)
[357.893s][info][gc             ] GC(972) Pause Full (Ergonomics) 363M->363M(409M) 382.306ms
[357.893s][info][gc,cpu         ] GC(972) User=0.34s Sys=0.00s Real=0.38s
[357.893s][info][gc,start       ] GC(973) Pause Full (Ergonomics)
[357.893s][info][gc,phases,start] GC(973) Marking Phase
[358.178s][info][gc,phases      ] GC(973) Marking Phase 284.327ms
[358.178s][info][gc,phases,start] GC(973) Summary Phase
[358.178s][info][gc,phases      ] GC(973) Summary Phase 0.023ms
[358.178s][info][gc,phases,start] GC(973) Adjust Roots
[358.178s][info][gc,phases      ] GC(973) Adjust Roots 0.209ms
[358.178s][info][gc,phases,start] GC(973) Compaction Phase
[358.274s][info][gc,phases      ] GC(973) Compaction Phase 95.940ms
[358.274s][info][gc,phases,start] GC(973) Post Compact
[358.276s][info][gc,phases      ] GC(973) Post Compact 1.515ms
[358.276s][info][gc,heap        ] GC(973) PSYoungGen: 33771K(77312K)->33771K(77312K) Eden: 24575K(24576K)->24575K(24576K) From: 9195K(52736K)->9195K(52736K)
[358.276s][info][gc,heap        ] GC(973) ParOldGen: 338534K(341504K)->338534K(341504K)
[358.276s][info][gc,metaspace   ] GC(973) Metaspace: 6296K(6464K)->6296K(6464K) NonClass: 5763K(5824K)->5763K(5824K) Class: 532K(640K)->532K(640K)
[358.276s][info][gc             ] GC(973) Pause Full (Ergonomics) 363M->363M(409M) 382.367ms
[358.276s][info][gc,cpu         ] GC(973) User=0.36s Sys=0.00s Real=0.38s
[358.276s][info][gc,start       ] GC(974) Pause Full (Ergonomics)
[358.276s][info][gc,phases,start] GC(974) Marking Phase
[358.562s][info][gc,phases      ] GC(974) Marking Phase 286.127ms
[358.562s][info][gc,phases,start] GC(974) Summary Phase
[358.562s][info][gc,phases      ] GC(974) Summary Phase 0.030ms
[358.562s][info][gc,phases,start] GC(974) Adjust Roots
[358.563s][info][gc,phases      ] GC(974) Adjust Roots 0.240ms
[358.563s][info][gc,phases,start] GC(974) Compaction Phase
[358.658s][info][gc,phases      ] GC(974) Compaction Phase 95.424ms
[358.658s][info][gc,phases,start] GC(974) Post Compact
[358.660s][info][gc,phases      ] GC(974) Post Compact 1.583ms
[358.660s][info][gc,heap        ] GC(974) PSYoungGen: 33771K(77312K)->33771K(77312K) Eden: 24575K(24576K)->24575K(24576K) From: 9195K(52736K)->9195K(52736K)
[358.660s][info][gc,heap        ] GC(974) ParOldGen: 338538K(341504K)->338538K(341504K)
[358.660s][info][gc,metaspace   ] GC(974) Metaspace: 6296K(6464K)->6296K(6464K) NonClass: 5763K(5824K)->5763K(5824K) Class: 532K(640K)->532K(640K)
[358.660s][info][gc             ] GC(974) Pause Full (Ergonomics) 363M->363M(409M) 383.815ms
[358.660s][info][gc,cpu         ] GC(974) User=0.34s Sys=0.00s Real=0.38s
[358.660s][info][gc,start       ] GC(975) Pause Full (Ergonomics)
[358.660s][info][gc,phases,start] GC(975) Marking Phase
[358.945s][info][gc,phases      ] GC(975) Marking Phase 284.542ms
[358.945s][info][gc,phases,start] GC(975) Summary Phase
[358.945s][info][gc,phases      ] GC(975) Summary Phase 0.034ms
[358.945s][info][gc,phases,start] GC(975) Adjust Roots
[358.945s][info][gc,phases      ] GC(975) Adjust Roots 0.249ms
[358.945s][info][gc,phases,start] GC(975) Compaction Phase
[359.041s][info][gc,phases      ] GC(975) Compaction Phase 95.992ms
[359.041s][info][gc,phases,start] GC(975) Post Compact
[359.043s][info][gc,phases      ] GC(975) Post Compact 1.531ms
[359.043s][info][gc,heap        ] GC(975) PSYoungGen: 33771K(77312K)->33771K(77312K) Eden: 24575K(24576K)->24575K(24576K) From: 9195K(52736K)->9195K(52736K)
[359.043s][info][gc,heap        ] GC(975) ParOldGen: 338543K(341504K)->338543K(341504K)
[359.043s][info][gc,metaspace   ] GC(975) Metaspace: 6296K(6464K)->6296K(6464K) NonClass: 5763K(5824K)->5763K(5824K) Class: 532K(640K)->532K(640K)
[359.043s][info][gc             ] GC(975) Pause Full (Ergonomics) 363M->363M(409M) 382.723ms
[359.043s][info][gc,cpu         ] GC(975) User=0.36s Sys=0.00s Real=0.38s
[359.043s][info][gc,start       ] GC(976) Pause Full (Ergonomics)
[359.043s][info][gc,phases,start] GC(976) Marking Phase
[359.328s][info][gc,phases      ] GC(976) Marking Phase 284.369ms
[359.328s][info][gc,phases,start] GC(976) Summary Phase
[359.328s][info][gc,phases      ] GC(976) Summary Phase 0.034ms
[359.328s][info][gc,phases,start] GC(976) Adjust Roots
[359.328s][info][gc,phases      ] GC(976) Adjust Roots 0.240ms
[359.328s][info][gc,phases,start] GC(976) Compaction Phase
[359.425s][info][gc,phases      ] GC(976) Compaction Phase 96.402ms
[359.425s][info][gc,phases,start] GC(976) Post Compact
[359.426s][info][gc,phases      ] GC(976) Post Compact 1.541ms
[359.426s][info][gc,heap        ] GC(976) PSYoungGen: 33771K(77312K)->33771K(77312K) Eden: 24575K(24576K)->24575K(24576K) From: 9195K(52736K)->9195K(52736K)
[359.426s][info][gc,heap        ] GC(976) ParOldGen: 338548K(341504K)->338548K(341504K)
[359.426s][info][gc,metaspace   ] GC(976) Metaspace: 6296K(6464K)->6296K(6464K) NonClass: 5763K(5824K)->5763K(5824K) Class: 532K(640K)->532K(640K)
[359.426s][info][gc             ] GC(976) Pause Full (Ergonomics) 363M->363M(409M) 382.972ms
[359.426s][info][gc,cpu         ] GC(976) User=0.33s Sys=0.02s Real=0.38s
[359.427s][info][gc,start       ] GC(977) Pause Full (Ergonomics)
[359.427s][info][gc,phases,start] GC(977) Marking Phase
[359.712s][info][gc,phases      ] GC(977) Marking Phase 284.894ms
[359.712s][info][gc,phases,start] GC(977) Summary Phase
[359.712s][info][gc,phases      ] GC(977) Summary Phase 0.036ms
[359.712s][info][gc,phases,start] GC(977) Adjust Roots
[359.712s][info][gc,phases      ] GC(977) Adjust Roots 0.255ms
[359.712s][info][gc,phases,start] GC(977) Compaction Phase
[359.808s][info][gc,phases      ] GC(977) Compaction Phase 95.848ms
[359.808s][info][gc,phases,start] GC(977) Post Compact
[359.809s][info][gc,phases      ] GC(977) Post Compact 1.550ms
[359.810s][info][gc,heap        ] GC(977) PSYoungGen: 33771K(77312K)->33771K(77312K) Eden: 24575K(24576K)->24575K(24576K) From: 9195K(52736K)->9195K(52736K)
[359.810s][info][gc,heap        ] GC(977) ParOldGen: 338552K(341504K)->338552K(341504K)
[359.810s][info][gc,metaspace   ] GC(977) Metaspace: 6296K(6464K)->6296K(6464K) NonClass: 5763K(5824K)->5763K(5824K) Class: 532K(640K)->532K(640K)
[359.810s][info][gc             ] GC(977) Pause Full (Ergonomics) 363M->363M(409M) 382.954ms
[359.810s][info][gc,cpu         ] GC(977) User=0.36s Sys=0.00s Real=0.38s
[359.810s][info][gc,start       ] GC(978) Pause Full (Ergonomics)
[359.810s][info][gc,phases,start] GC(978) Marking Phase
[360.094s][info][gc,phases      ] GC(978) Marking Phase 284.325ms
[360.094s][info][gc,phases,start] GC(978) Summary Phase
[360.094s][info][gc,phases      ] GC(978) Summary Phase 0.036ms
[360.094s][info][gc,phases,start] GC(978) Adjust Roots
[360.095s][info][gc,phases      ] GC(978) Adjust Roots 0.274ms
[360.095s][info][gc,phases,start] GC(978) Compaction Phase
[360.191s][info][gc,phases      ] GC(978) Compaction Phase 95.864ms
[360.191s][info][gc,phases,start] GC(978) Post Compact
[360.192s][info][gc,phases      ] GC(978) Post Compact 1.720ms
[360.192s][info][gc,heap        ] GC(978) PSYoungGen: 33771K(77312K)->33771K(77312K) Eden: 24575K(24576K)->24575K(24576K) From: 9195K(52736K)->9195K(52736K)
[360.192s][info][gc,heap        ] GC(978) ParOldGen: 338557K(341504K)->338557K(341504K)
[360.192s][info][gc,metaspace   ] GC(978) Metaspace: 6296K(6464K)->6296K(6464K) NonClass: 5763K(5824K)->5763K(5824K) Class: 532K(640K)->532K(640K)
[360.192s][info][gc             ] GC(978) Pause Full (Ergonomics) 363M->363M(409M) 382.615ms
[360.193s][info][gc,cpu         ] GC(978) User=0.34s Sys=0.00s Real=0.38s
[360.193s][info][gc,start       ] GC(979) Pause Full (Ergonomics)
[360.193s][info][gc,phases,start] GC(979) Marking Phase
[360.476s][info][gc,phases      ] GC(979) Marking Phase 283.670ms
[360.476s][info][gc,phases,start] GC(979) Summary Phase
[360.477s][info][gc,phases      ] GC(979) Summary Phase 0.023ms
[360.477s][info][gc,phases,start] GC(979) Adjust Roots
[360.477s][info][gc,phases      ] GC(979) Adjust Roots 0.198ms
[360.477s][info][gc,phases,start] GC(979) Compaction Phase
[360.572s][info][gc,phases      ] GC(979) Compaction Phase 95.074ms
[360.572s][info][gc,phases,start] GC(979) Post Compact
[360.573s][info][gc,phases      ] GC(979) Post Compact 1.532ms
[360.574s][info][gc,heap        ] GC(979) PSYoungGen: 33771K(77312K)->33771K(77312K) Eden: 24575K(24576K)->24575K(24576K) From: 9195K(52736K)->9195K(52736K)
[360.574s][info][gc,heap        ] GC(979) ParOldGen: 338562K(341504K)->338562K(341504K)
[360.574s][info][gc,metaspace   ] GC(979) Metaspace: 6296K(6464K)->6296K(6464K) NonClass: 5763K(5824K)->5763K(5824K) Class: 532K(640K)->532K(640K)
[360.574s][info][gc             ] GC(979) Pause Full (Ergonomics) 363M->363M(409M) 380.900ms
[360.574s][info][gc,cpu         ] GC(979) User=0.36s Sys=0.00s Real=0.38s
[360.574s][info][gc,start       ] GC(980) Pause Full (Ergonomics)
[360.574s][info][gc,phases,start] GC(980) Marking Phase
[360.858s][info][gc,phases      ] GC(980) Marking Phase 283.604ms
[360.858s][info][gc,phases,start] GC(980) Summary Phase
[360.858s][info][gc,phases      ] GC(980) Summary Phase 0.024ms
[360.858s][info][gc,phases,start] GC(980) Adjust Roots
[360.858s][info][gc,phases      ] GC(980) Adjust Roots 0.337ms
[360.858s][info][gc,phases,start] GC(980) Compaction Phase
[360.956s][info][gc,phases      ] GC(980) Compaction Phase 97.626ms
[360.956s][info][gc,phases,start] GC(980) Post Compact
[360.957s][info][gc,phases      ] GC(980) Post Compact 1.522ms
[360.957s][info][gc,heap        ] GC(980) PSYoungGen: 33771K(77312K)->33771K(77312K) Eden: 24575K(24576K)->24575K(24576K) From: 9195K(52736K)->9195K(52736K)
[360.957s][info][gc,heap        ] GC(980) ParOldGen: 338566K(341504K)->338566K(341504K)
[360.957s][info][gc,metaspace   ] GC(980) Metaspace: 6296K(6464K)->6296K(6464K) NonClass: 5763K(5824K)->5763K(5824K) Class: 532K(640K)->532K(640K)
[360.957s][info][gc             ] GC(980) Pause Full (Ergonomics) 363M->363M(409M) 383.482ms
[360.957s][info][gc,cpu         ] GC(980) User=0.34s Sys=0.00s Real=0.38s
[360.958s][info][gc,start       ] GC(981) Pause Full (Ergonomics)
[360.958s][info][gc,phases,start] GC(981) Marking Phase
[361.245s][info][gc,phases      ] GC(981) Marking Phase 287.318ms
[361.245s][info][gc,phases,start] GC(981) Summary Phase
[361.245s][info][gc,phases      ] GC(981) Summary Phase 0.023ms
[361.245s][info][gc,phases,start] GC(981) Adjust Roots
[361.245s][info][gc,phases      ] GC(981) Adjust Roots 0.270ms
[361.245s][info][gc,phases,start] GC(981) Compaction Phase
[361.344s][info][gc,phases      ] GC(981) Compaction Phase 98.509ms
[361.344s][info][gc,phases,start] GC(981) Post Compact
[361.346s][info][gc,phases      ] GC(981) Post Compact 1.719ms
[361.346s][info][gc,heap        ] GC(981) PSYoungGen: 33771K(77312K)->33771K(77312K) Eden: 24575K(24576K)->24575K(24576K) From: 9195K(52736K)->9195K(52736K)
[361.346s][info][gc,heap        ] GC(981) ParOldGen: 338571K(341504K)->338571K(341504K)
[361.346s][info][gc,metaspace   ] GC(981) Metaspace: 6296K(6464K)->6296K(6464K) NonClass: 5763K(5824K)->5763K(5824K) Class: 532K(640K)->532K(640K)
[361.346s][info][gc             ] GC(981) Pause Full (Ergonomics) 363M->363M(409M) 388.281ms
[361.346s][info][gc,cpu         ] GC(981) User=0.36s Sys=0.00s Real=0.39s
[361.346s][info][gc,start       ] GC(982) Pause Full (Ergonomics)
[361.346s][info][gc,phases,start] GC(982) Marking Phase
[361.629s][info][gc,phases      ] GC(982) Marking Phase 282.958ms
[361.629s][info][gc,phases,start] GC(982) Summary Phase
[361.629s][info][gc,phases      ] GC(982) Summary Phase 0.023ms
[361.629s][info][gc,phases,start] GC(982) Adjust Roots
[361.630s][info][gc,phases      ] GC(982) Adjust Roots 0.185ms
[361.630s][info][gc,phases,start] GC(982) Compaction Phase
[361.725s][info][gc,phases      ] GC(982) Compaction Phase 95.356ms
[361.725s][info][gc,phases,start] GC(982) Post Compact
[361.727s][info][gc,phases      ] GC(982) Post Compact 1.619ms
[361.727s][info][gc,heap        ] GC(982) PSYoungGen: 33771K(77312K)->33771K(77312K) Eden: 24575K(24576K)->24575K(24576K) From: 9195K(52736K)->9195K(52736K)
[361.727s][info][gc,heap        ] GC(982) ParOldGen: 338576K(341504K)->338576K(341504K)
[361.727s][info][gc,metaspace   ] GC(982) Metaspace: 6296K(6464K)->6296K(6464K) NonClass: 5763K(5824K)->5763K(5824K) Class: 532K(640K)->532K(640K)
[361.727s][info][gc             ] GC(982) Pause Full (Ergonomics) 363M->363M(409M) 380.474ms
[361.727s][info][gc,cpu         ] GC(982) User=0.36s Sys=0.02s Real=0.38s
[361.727s][info][gc,start       ] GC(983) Pause Full (Ergonomics)
[361.727s][info][gc,phases,start] GC(983) Marking Phase
[362.015s][info][gc,phases      ] GC(983) Marking Phase 288.037ms
[362.015s][info][gc,phases,start] GC(983) Summary Phase
[362.015s][info][gc,phases      ] GC(983) Summary Phase 0.036ms
[362.015s][info][gc,phases,start] GC(983) Adjust Roots
[362.015s][info][gc,phases      ] GC(983) Adjust Roots 0.265ms
[362.016s][info][gc,phases,start] GC(983) Compaction Phase
[362.113s][info][gc,phases      ] GC(983) Compaction Phase 97.913ms
[362.114s][info][gc,phases,start] GC(983) Post Compact
[362.115s][info][gc,phases      ] GC(983) Post Compact 1.540ms
[362.115s][info][gc,heap        ] GC(983) PSYoungGen: 33771K(77312K)->33771K(77312K) Eden: 24575K(24576K)->24575K(24576K) From: 9195K(52736K)->9195K(52736K)
[362.115s][info][gc,heap        ] GC(983) ParOldGen: 338580K(341504K)->338580K(341504K)
[362.115s][info][gc,metaspace   ] GC(983) Metaspace: 6296K(6464K)->6296K(6464K) NonClass: 5763K(5824K)->5763K(5824K) Class: 532K(640K)->532K(640K)
[362.115s][info][gc             ] GC(983) Pause Full (Ergonomics) 363M->363M(409M) 388.201ms
[362.115s][info][gc,cpu         ] GC(983) User=0.34s Sys=0.00s Real=0.39s
[362.115s][info][gc,start       ] GC(984) Pause Full (Ergonomics)
[362.116s][info][gc,phases,start] GC(984) Marking Phase
[362.401s][info][gc,phases      ] GC(984) Marking Phase 285.437ms
[362.401s][info][gc,phases,start] GC(984) Summary Phase
[362.401s][info][gc,phases      ] GC(984) Summary Phase 0.034ms
[362.401s][info][gc,phases,start] GC(984) Adjust Roots
[362.401s][info][gc,phases      ] GC(984) Adjust Roots 0.257ms
[362.401s][info][gc,phases,start] GC(984) Compaction Phase
[362.496s][info][gc,phases      ] GC(984) Compaction Phase 95.031ms
[362.497s][info][gc,phases,start] GC(984) Post Compact
[362.498s][info][gc,phases      ] GC(984) Post Compact 1.569ms
[362.498s][info][gc,heap        ] GC(984) PSYoungGen: 33771K(77312K)->33771K(77312K) Eden: 24575K(24576K)->24575K(24576K) From: 9195K(52736K)->9195K(52736K)
[362.498s][info][gc,heap        ] GC(984) ParOldGen: 338585K(341504K)->338585K(341504K)
[362.498s][info][gc,metaspace   ] GC(984) Metaspace: 6296K(6464K)->6296K(6464K) NonClass: 5763K(5824K)->5763K(5824K) Class: 532K(640K)->532K(640K)
[362.498s][info][gc             ] GC(984) Pause Full (Ergonomics) 363M->363M(409M) 382.755ms
[362.498s][info][gc,cpu         ] GC(984) User=0.36s Sys=0.00s Real=0.38s
[362.499s][info][gc,start       ] GC(985) Pause Full (Ergonomics)
[362.499s][info][gc,phases,start] GC(985) Marking Phase
[362.783s][info][gc,phases      ] GC(985) Marking Phase 284.434ms
[362.783s][info][gc,phases,start] GC(985) Summary Phase
[362.783s][info][gc,phases      ] GC(985) Summary Phase 0.023ms
[362.783s][info][gc,phases,start] GC(985) Adjust Roots
[362.783s][info][gc,phases      ] GC(985) Adjust Roots 0.211ms
[362.783s][info][gc,phases,start] GC(985) Compaction Phase
[362.879s][info][gc,phases      ] GC(985) Compaction Phase 95.972ms
[362.879s][info][gc,phases,start] GC(985) Post Compact
[362.881s][info][gc,phases      ] GC(985) Post Compact 1.563ms
[362.881s][info][gc,heap        ] GC(985) PSYoungGen: 33771K(77312K)->33771K(77312K) Eden: 24575K(24576K)->24575K(24576K) From: 9195K(52736K)->9195K(52736K)
[362.881s][info][gc,heap        ] GC(985) ParOldGen: 338590K(341504K)->338590K(341504K)
[362.881s][info][gc,metaspace   ] GC(985) Metaspace: 6296K(6464K)->6296K(6464K) NonClass: 5763K(5824K)->5763K(5824K) Class: 532K(640K)->532K(640K)
[362.881s][info][gc             ] GC(985) Pause Full (Ergonomics) 363M->363M(409M) 382.550ms
[362.881s][info][gc,cpu         ] GC(985) User=0.36s Sys=0.00s Real=0.38s
[362.881s][info][gc,start       ] GC(986) Pause Full (Ergonomics)
[362.881s][info][gc,phases,start] GC(986) Marking Phase
[363.165s][info][gc,phases      ] GC(986) Marking Phase 283.950ms
[363.165s][info][gc,phases,start] GC(986) Summary Phase
[363.165s][info][gc,phases      ] GC(986) Summary Phase 0.022ms
[363.165s][info][gc,phases,start] GC(986) Adjust Roots
[363.166s][info][gc,phases      ] GC(986) Adjust Roots 0.211ms
[363.166s][info][gc,phases,start] GC(986) Compaction Phase
[363.261s][info][gc,phases      ] GC(986) Compaction Phase 95.769ms
[363.262s][info][gc,phases,start] GC(986) Post Compact
[363.263s][info][gc,phases      ] GC(986) Post Compact 1.613ms
[363.263s][info][gc,heap        ] GC(986) PSYoungGen: 33771K(77312K)->33771K(77312K) Eden: 24575K(24576K)->24575K(24576K) From: 9195K(52736K)->9195K(52736K)
[363.263s][info][gc,heap        ] GC(986) ParOldGen: 338594K(341504K)->338594K(341504K)
[363.263s][info][gc,metaspace   ] GC(986) Metaspace: 6296K(6464K)->6296K(6464K) NonClass: 5763K(5824K)->5763K(5824K) Class: 532K(640K)->532K(640K)
[363.263s][info][gc             ] GC(986) Pause Full (Ergonomics) 363M->363M(409M) 381.933ms
[363.263s][info][gc,cpu         ] GC(986) User=0.36s Sys=0.00s Real=0.38s
[363.264s][info][gc,start       ] GC(987) Pause Full (Ergonomics)
[363.264s][info][gc,phases,start] GC(987) Marking Phase
[363.548s][info][gc,phases      ] GC(987) Marking Phase 284.352ms
[363.548s][info][gc,phases,start] GC(987) Summary Phase
[363.548s][info][gc,phases      ] GC(987) Summary Phase 0.023ms
[363.548s][info][gc,phases,start] GC(987) Adjust Roots
[363.548s][info][gc,phases      ] GC(987) Adjust Roots 0.230ms
[363.548s][info][gc,phases,start] GC(987) Compaction Phase
[363.644s][info][gc,phases      ] GC(987) Compaction Phase 95.188ms
[363.644s][info][gc,phases,start] GC(987) Post Compact
[363.645s][info][gc,phases      ] GC(987) Post Compact 1.565ms
[363.645s][info][gc,heap        ] GC(987) PSYoungGen: 33771K(77312K)->33771K(77312K) Eden: 24575K(24576K)->24575K(24576K) From: 9195K(52736K)->9195K(52736K)
[363.645s][info][gc,heap        ] GC(987) ParOldGen: 338599K(341504K)->338599K(341504K)
[363.645s][info][gc,metaspace   ] GC(987) Metaspace: 6296K(6464K)->6296K(6464K) NonClass: 5763K(5824K)->5763K(5824K) Class: 532K(640K)->532K(640K)
[363.645s][info][gc             ] GC(987) Pause Full (Ergonomics) 363M->363M(409M) 381.711ms
[363.645s][info][gc,cpu         ] GC(987) User=0.34s Sys=0.00s Real=0.38s
[363.646s][info][gc,start       ] GC(988) Pause Full (Ergonomics)
[363.646s][info][gc,phases,start] GC(988) Marking Phase
[363.932s][info][gc,phases      ] GC(988) Marking Phase 285.930ms
[363.932s][info][gc,phases,start] GC(988) Summary Phase
[363.932s][info][gc,phases      ] GC(988) Summary Phase 0.023ms
[363.932s][info][gc,phases,start] GC(988) Adjust Roots
[363.932s][info][gc,phases      ] GC(988) Adjust Roots 0.211ms
[363.932s][info][gc,phases,start] GC(988) Compaction Phase
[364.026s][info][gc,phases      ] GC(988) Compaction Phase 94.544ms
[364.027s][info][gc,phases,start] GC(988) Post Compact
[364.028s][info][gc,phases      ] GC(988) Post Compact 1.537ms
[364.028s][info][gc,heap        ] GC(988) PSYoungGen: 33771K(77312K)->33771K(77312K) Eden: 24575K(24576K)->24575K(24576K) From: 9195K(52736K)->9195K(52736K)
[364.028s][info][gc,heap        ] GC(988) ParOldGen: 338604K(341504K)->338604K(341504K)
[364.028s][info][gc,metaspace   ] GC(988) Metaspace: 6296K(6464K)->6296K(6464K) NonClass: 5763K(5824K)->5763K(5824K) Class: 532K(640K)->532K(640K)
[364.028s][info][gc             ] GC(988) Pause Full (Ergonomics) 363M->363M(409M) 382.604ms
[364.028s][info][gc,cpu         ] GC(988) User=0.36s Sys=0.00s Real=0.38s
[364.029s][info][gc,start       ] GC(989) Pause Full (Ergonomics)
[364.029s][info][gc,phases,start] GC(989) Marking Phase
[364.313s][info][gc,phases      ] GC(989) Marking Phase 283.944ms
[364.313s][info][gc,phases,start] GC(989) Summary Phase
[364.313s][info][gc,phases      ] GC(989) Summary Phase 0.034ms
[364.313s][info][gc,phases,start] GC(989) Adjust Roots
[364.313s][info][gc,phases      ] GC(989) Adjust Roots 0.289ms
[364.313s][info][gc,phases,start] GC(989) Compaction Phase
[364.410s][info][gc,phases      ] GC(989) Compaction Phase 96.466ms
[364.410s][info][gc,phases,start] GC(989) Post Compact
[364.411s][info][gc,phases      ] GC(989) Post Compact 1.529ms
[364.411s][info][gc,heap        ] GC(989) PSYoungGen: 33771K(77312K)->33771K(77312K) Eden: 24575K(24576K)->24575K(24576K) From: 9195K(52736K)->9195K(52736K)
[364.411s][info][gc,heap        ] GC(989) ParOldGen: 338608K(341504K)->338608K(341504K)
[364.411s][info][gc,metaspace   ] GC(989) Metaspace: 6296K(6464K)->6296K(6464K) NonClass: 5763K(5824K)->5763K(5824K) Class: 532K(640K)->532K(640K)
[364.411s][info][gc             ] GC(989) Pause Full (Ergonomics) 363M->363M(409M) 382.700ms
[364.411s][info][gc,cpu         ] GC(989) User=0.34s Sys=0.00s Real=0.38s
[364.412s][info][gc,start       ] GC(990) Pause Full (Ergonomics)
[364.412s][info][gc,phases,start] GC(990) Marking Phase
[364.697s][info][gc,phases      ] GC(990) Marking Phase 284.846ms
[364.697s][info][gc,phases,start] GC(990) Summary Phase
[364.697s][info][gc,phases      ] GC(990) Summary Phase 0.035ms
[364.697s][info][gc,phases,start] GC(990) Adjust Roots
[364.697s][info][gc,phases      ] GC(990) Adjust Roots 0.246ms
[364.697s][info][gc,phases,start] GC(990) Compaction Phase
[364.793s][info][gc,phases      ] GC(990) Compaction Phase 95.900ms
[364.793s][info][gc,phases,start] GC(990) Post Compact
[364.795s][info][gc,phases      ] GC(990) Post Compact 1.577ms
[364.795s][info][gc,heap        ] GC(990) PSYoungGen: 33771K(77312K)->33771K(77312K) Eden: 24575K(24576K)->24575K(24576K) From: 9195K(52736K)->9195K(52736K)
[364.795s][info][gc,heap        ] GC(990) ParOldGen: 338613K(341504K)->338613K(341504K)
[364.795s][info][gc,metaspace   ] GC(990) Metaspace: 6296K(6464K)->6296K(6464K) NonClass: 5763K(5824K)->5763K(5824K) Class: 532K(640K)->532K(640K)
[364.795s][info][gc             ] GC(990) Pause Full (Ergonomics) 363M->363M(409M) 382.996ms
[364.795s][info][gc,cpu         ] GC(990) User=0.34s Sys=0.00s Real=0.38s
[364.795s][info][gc,start       ] GC(991) Pause Full (Ergonomics)
[364.795s][info][gc,phases,start] GC(991) Marking Phase
[365.080s][info][gc,phases      ] GC(991) Marking Phase 284.584ms
[365.080s][info][gc,phases,start] GC(991) Summary Phase
[365.080s][info][gc,phases      ] GC(991) Summary Phase 0.034ms
[365.080s][info][gc,phases,start] GC(991) Adjust Roots
[365.080s][info][gc,phases      ] GC(991) Adjust Roots 0.262ms
[365.080s][info][gc,phases,start] GC(991) Compaction Phase
[365.175s][info][gc,phases      ] GC(991) Compaction Phase 95.110ms
[365.175s][info][gc,phases,start] GC(991) Post Compact
[365.177s][info][gc,phases      ] GC(991) Post Compact 1.521ms
[365.177s][info][gc,heap        ] GC(991) PSYoungGen: 33771K(77312K)->33771K(77312K) Eden: 24575K(24576K)->24575K(24576K) From: 9195K(52736K)->9195K(52736K)
[365.177s][info][gc,heap        ] GC(991) ParOldGen: 338618K(341504K)->338618K(341504K)
[365.177s][info][gc,metaspace   ] GC(991) Metaspace: 6296K(6464K)->6296K(6464K) NonClass: 5763K(5824K)->5763K(5824K) Class: 532K(640K)->532K(640K)
[365.177s][info][gc             ] GC(991) Pause Full (Ergonomics) 363M->363M(409M) 381.890ms
[365.177s][info][gc,cpu         ] GC(991) User=0.34s Sys=0.00s Real=0.38s
[365.177s][info][gc,start       ] GC(992) Pause Full (Ergonomics)
[365.177s][info][gc,phases,start] GC(992) Marking Phase
[365.462s][info][gc,phases      ] GC(992) Marking Phase 284.623ms
[365.462s][info][gc,phases,start] GC(992) Summary Phase
[365.462s][info][gc,phases      ] GC(992) Summary Phase 0.034ms
[365.462s][info][gc,phases,start] GC(992) Adjust Roots
[365.462s][info][gc,phases      ] GC(992) Adjust Roots 0.292ms
[365.462s][info][gc,phases,start] GC(992) Compaction Phase
[365.558s][info][gc,phases      ] GC(992) Compaction Phase 95.252ms
[365.558s][info][gc,phases,start] GC(992) Post Compact
[365.559s][info][gc,phases      ] GC(992) Post Compact 1.573ms
[365.559s][info][gc,heap        ] GC(992) PSYoungGen: 33771K(77312K)->33771K(77312K) Eden: 24575K(24576K)->24575K(24576K) From: 9195K(52736K)->9195K(52736K)
[365.559s][info][gc,heap        ] GC(992) ParOldGen: 338622K(341504K)->338622K(341504K)
[365.559s][info][gc,metaspace   ] GC(992) Metaspace: 6296K(6464K)->6296K(6464K) NonClass: 5763K(5824K)->5763K(5824K) Class: 532K(640K)->532K(640K)
[365.559s][info][gc             ] GC(992) Pause Full (Ergonomics) 363M->363M(409M) 382.201ms
[365.559s][info][gc,cpu         ] GC(992) User=0.34s Sys=0.00s Real=0.38s
[365.560s][info][gc,start       ] GC(993) Pause Full (Ergonomics)
[365.560s][info][gc,phases,start] GC(993) Marking Phase
[365.845s][info][gc,phases      ] GC(993) Marking Phase 284.867ms
[365.845s][info][gc,phases,start] GC(993) Summary Phase
[365.845s][info][gc,phases      ] GC(993) Summary Phase 0.034ms
[365.845s][info][gc,phases,start] GC(993) Adjust Roots
[365.845s][info][gc,phases      ] GC(993) Adjust Roots 0.252ms
[365.845s][info][gc,phases,start] GC(993) Compaction Phase
[365.941s][info][gc,phases      ] GC(993) Compaction Phase 96.034ms
[365.941s][info][gc,phases,start] GC(993) Post Compact
[365.943s][info][gc,phases      ] GC(993) Post Compact 1.533ms
[365.943s][info][gc,heap        ] GC(993) PSYoungGen: 33771K(77312K)->33771K(77312K) Eden: 24575K(24576K)->24575K(24576K) From: 9195K(52736K)->9195K(52736K)
[365.943s][info][gc,heap        ] GC(993) ParOldGen: 338627K(341504K)->338627K(341504K)
[365.943s][info][gc,metaspace   ] GC(993) Metaspace: 6296K(6464K)->6296K(6464K) NonClass: 5763K(5824K)->5763K(5824K) Class: 532K(640K)->532K(640K)
[365.943s][info][gc             ] GC(993) Pause Full (Ergonomics) 363M->363M(409M) 383.105ms
[365.943s][info][gc,cpu         ] GC(993) User=0.34s Sys=0.00s Real=0.38s
[365.943s][info][gc,start       ] GC(994) Pause Full (Ergonomics)
[365.943s][info][gc,phases,start] GC(994) Marking Phase
[366.228s][info][gc,phases      ] GC(994) Marking Phase 284.828ms
[366.228s][info][gc,phases,start] GC(994) Summary Phase
[366.228s][info][gc,phases      ] GC(994) Summary Phase 0.034ms
[366.228s][info][gc,phases,start] GC(994) Adjust Roots
[366.228s][info][gc,phases      ] GC(994) Adjust Roots 0.251ms
[366.228s][info][gc,phases,start] GC(994) Compaction Phase
[366.324s][info][gc,phases      ] GC(994) Compaction Phase 96.002ms
[366.325s][info][gc,phases,start] GC(994) Post Compact
[366.326s][info][gc,phases      ] GC(994) Post Compact 1.550ms
[366.326s][info][gc,heap        ] GC(994) PSYoungGen: 33771K(77312K)->33771K(77312K) Eden: 24575K(24576K)->24575K(24576K) From: 9195K(52736K)->9195K(52736K)
[366.326s][info][gc,heap        ] GC(994) ParOldGen: 338632K(341504K)->338632K(341504K)
[366.326s][info][gc,metaspace   ] GC(994) Metaspace: 6296K(6464K)->6296K(6464K) NonClass: 5763K(5824K)->5763K(5824K) Class: 532K(640K)->532K(640K)
[366.326s][info][gc             ] GC(994) Pause Full (Ergonomics) 363M->363M(409M) 383.036ms
[366.326s][info][gc,cpu         ] GC(994) User=0.34s Sys=0.00s Real=0.38s
[366.326s][info][gc,start       ] GC(995) Pause Full (Ergonomics)
[366.326s][info][gc,phases,start] GC(995) Marking Phase
[366.612s][info][gc,phases      ] GC(995) Marking Phase 285.127ms
[366.612s][info][gc,phases,start] GC(995) Summary Phase
[366.612s][info][gc,phases      ] GC(995) Summary Phase 0.034ms
[366.612s][info][gc,phases,start] GC(995) Adjust Roots
[366.612s][info][gc,phases      ] GC(995) Adjust Roots 0.284ms
[366.612s][info][gc,phases,start] GC(995) Compaction Phase
[366.708s][info][gc,phases      ] GC(995) Compaction Phase 95.587ms
[366.708s][info][gc,phases,start] GC(995) Post Compact
[366.709s][info][gc,phases      ] GC(995) Post Compact 1.537ms
[366.709s][info][gc,heap        ] GC(995) PSYoungGen: 33771K(77312K)->33771K(77312K) Eden: 24575K(24576K)->24575K(24576K) From: 9195K(52736K)->9195K(52736K)
[366.709s][info][gc,heap        ] GC(995) ParOldGen: 338636K(341504K)->338636K(341504K)
[366.709s][info][gc,metaspace   ] GC(995) Metaspace: 6296K(6464K)->6296K(6464K) NonClass: 5763K(5824K)->5763K(5824K) Class: 532K(640K)->532K(640K)
[366.709s][info][gc             ] GC(995) Pause Full (Ergonomics) 363M->363M(409M) 382.952ms
[366.709s][info][gc,cpu         ] GC(995) User=0.36s Sys=0.00s Real=0.38s
[366.710s][info][gc,start       ] GC(996) Pause Full (Ergonomics)
[366.710s][info][gc,phases,start] GC(996) Marking Phase
[366.994s][info][gc,phases      ] GC(996) Marking Phase 284.298ms
[366.994s][info][gc,phases,start] GC(996) Summary Phase
[366.994s][info][gc,phases      ] GC(996) Summary Phase 0.024ms
[366.994s][info][gc,phases,start] GC(996) Adjust Roots
[366.994s][info][gc,phases      ] GC(996) Adjust Roots 0.205ms
[366.994s][info][gc,phases,start] GC(996) Compaction Phase
[367.089s][info][gc,phases      ] GC(996) Compaction Phase 94.779ms
[367.089s][info][gc,phases,start] GC(996) Post Compact
[367.091s][info][gc,phases      ] GC(996) Post Compact 1.881ms
[367.091s][info][gc,heap        ] GC(996) PSYoungGen: 33771K(77312K)->33771K(77312K) Eden: 24575K(24576K)->24575K(24576K) From: 9195K(52736K)->9195K(52736K)
[367.091s][info][gc,heap        ] GC(996) ParOldGen: 338641K(341504K)->338641K(341504K)
[367.091s][info][gc,metaspace   ] GC(996) Metaspace: 6296K(6464K)->6296K(6464K) NonClass: 5763K(5824K)->5763K(5824K) Class: 532K(640K)->532K(640K)
[367.091s][info][gc             ] GC(996) Pause Full (Ergonomics) 363M->363M(409M) 381.513ms
[367.091s][info][gc,cpu         ] GC(996) User=0.33s Sys=0.00s Real=0.38s
[367.092s][info][gc,start       ] GC(997) Pause Full (Ergonomics)
[367.092s][info][gc,phases,start] GC(997) Marking Phase
[367.375s][info][gc,phases      ] GC(997) Marking Phase 283.408ms
[367.375s][info][gc,phases,start] GC(997) Summary Phase
[367.375s][info][gc,phases      ] GC(997) Summary Phase 0.043ms
[367.375s][info][gc,phases,start] GC(997) Adjust Roots
[367.375s][info][gc,phases      ] GC(997) Adjust Roots 0.251ms
[367.375s][info][gc,phases,start] GC(997) Compaction Phase
[367.471s][info][gc,phases      ] GC(997) Compaction Phase 95.626ms
[367.471s][info][gc,phases,start] GC(997) Post Compact
[367.473s][info][gc,phases      ] GC(997) Post Compact 1.578ms
[367.473s][info][gc,heap        ] GC(997) PSYoungGen: 33771K(77312K)->33771K(77312K) Eden: 24575K(24576K)->24575K(24576K) From: 9195K(52736K)->9195K(52736K)
[367.473s][info][gc,heap        ] GC(997) ParOldGen: 338646K(341504K)->338646K(341504K)
[367.473s][info][gc,metaspace   ] GC(997) Metaspace: 6296K(6464K)->6296K(6464K) NonClass: 5763K(5824K)->5763K(5824K) Class: 532K(640K)->532K(640K)
[367.473s][info][gc             ] GC(997) Pause Full (Ergonomics) 363M->363M(409M) 381.296ms
[367.473s][info][gc,cpu         ] GC(997) User=0.34s Sys=0.00s Real=0.38s
[367.473s][info][gc,start       ] GC(998) Pause Full (Ergonomics)
[367.473s][info][gc,phases,start] GC(998) Marking Phase
[367.762s][info][gc,phases      ] GC(998) Marking Phase 288.681ms
[367.762s][info][gc,phases,start] GC(998) Summary Phase
[367.762s][info][gc,phases      ] GC(998) Summary Phase 0.023ms
[367.762s][info][gc,phases,start] GC(998) Adjust Roots
[367.762s][info][gc,phases      ] GC(998) Adjust Roots 0.209ms
[367.762s][info][gc,phases,start] GC(998) Compaction Phase
[367.860s][info][gc,phases      ] GC(998) Compaction Phase 98.341ms
[367.861s][info][gc,phases,start] GC(998) Post Compact
[367.862s][info][gc,phases      ] GC(998) Post Compact 1.579ms
[367.862s][info][gc,heap        ] GC(998) PSYoungGen: 33771K(77312K)->33771K(77312K) Eden: 24575K(24576K)->24575K(24576K) From: 9195K(52736K)->9195K(52736K)
[367.862s][info][gc,heap        ] GC(998) ParOldGen: 338650K(341504K)->338650K(341504K)
[367.862s][info][gc,metaspace   ] GC(998) Metaspace: 6296K(6464K)->6296K(6464K) NonClass: 5763K(5824K)->5763K(5824K) Class: 532K(640K)->532K(640K)
[367.862s][info][gc             ] GC(998) Pause Full (Ergonomics) 363M->363M(409M) 389.164ms
[367.862s][info][gc,cpu         ] GC(998) User=0.36s Sys=0.00s Real=0.39s
[367.863s][info][gc,start       ] GC(999) Pause Full (Ergonomics)
[367.863s][info][gc,phases,start] GC(999) Marking Phase
[368.146s][info][gc,phases      ] GC(999) Marking Phase 283.073ms
[368.146s][info][gc,phases,start] GC(999) Summary Phase
[368.146s][info][gc,phases      ] GC(999) Summary Phase 0.023ms
[368.146s][info][gc,phases,start] GC(999) Adjust Roots
[368.146s][info][gc,phases      ] GC(999) Adjust Roots 0.206ms
[368.146s][info][gc,phases,start] GC(999) Compaction Phase
[368.241s][info][gc,phases      ] GC(999) Compaction Phase 95.471ms
[368.242s][info][gc,phases,start] GC(999) Post Compact
[368.243s][info][gc,phases      ] GC(999) Post Compact 1.498ms
[368.243s][info][gc,heap        ] GC(999) PSYoungGen: 33771K(77312K)->33771K(77312K) Eden: 24575K(24576K)->24575K(24576K) From: 9195K(52736K)->9195K(52736K)
[368.243s][info][gc,heap        ] GC(999) ParOldGen: 338655K(341504K)->338655K(341504K)
[368.243s][info][gc,metaspace   ] GC(999) Metaspace: 6296K(6464K)->6296K(6464K) NonClass: 5763K(5824K)->5763K(5824K) Class: 532K(640K)->532K(640K)
[368.243s][info][gc             ] GC(999) Pause Full (Ergonomics) 363M->363M(409M) 380.602ms
[368.243s][info][gc,cpu         ] GC(999) User=0.36s Sys=0.00s Real=0.38s
[368.243s][info][gc,start       ] GC(1000) Pause Full (Ergonomics)
[368.243s][info][gc,phases,start] GC(1000) Marking Phase
[368.527s][info][gc,phases      ] GC(1000) Marking Phase 283.283ms
[368.527s][info][gc,phases,start] GC(1000) Summary Phase
[368.527s][info][gc,phases      ] GC(1000) Summary Phase 0.023ms
[368.527s][info][gc,phases,start] GC(1000) Adjust Roots
[368.527s][info][gc,phases      ] GC(1000) Adjust Roots 0.185ms
[368.527s][info][gc,phases,start] GC(1000) Compaction Phase
[368.623s][info][gc,phases      ] GC(1000) Compaction Phase 96.393ms
[368.623s][info][gc,phases,start] GC(1000) Post Compact
[368.625s][info][gc,phases      ] GC(1000) Post Compact 1.533ms
[368.625s][info][gc,heap        ] GC(1000) PSYoungGen: 33771K(77312K)->33771K(77312K) Eden: 24575K(24576K)->24575K(24576K) From: 9195K(52736K)->9195K(52736K)
[368.625s][info][gc,heap        ] GC(1000) ParOldGen: 338660K(341504K)->338660K(341504K)
[368.625s][info][gc,metaspace   ] GC(1000) Metaspace: 6296K(6464K)->6296K(6464K) NonClass: 5763K(5824K)->5763K(5824K) Class: 532K(640K)->532K(640K)
[368.625s][info][gc             ] GC(1000) Pause Full (Ergonomics) 363M->363M(409M) 381.757ms
[368.625s][info][gc,cpu         ] GC(1000) User=0.34s Sys=0.00s Real=0.38s
[368.625s][info][gc,start       ] GC(1001) Pause Full (Ergonomics)
[368.626s][info][gc,phases,start] GC(1001) Marking Phase
[368.910s][info][gc,phases      ] GC(1001) Marking Phase 284.208ms
[368.910s][info][gc,phases,start] GC(1001) Summary Phase
[368.910s][info][gc,phases      ] GC(1001) Summary Phase 0.022ms
[368.910s][info][gc,phases,start] GC(1001) Adjust Roots
[368.910s][info][gc,phases      ] GC(1001) Adjust Roots 0.213ms
[368.910s][info][gc,phases,start] GC(1001) Compaction Phase
[369.005s][info][gc,phases      ] GC(1001) Compaction Phase 94.994ms
[369.005s][info][gc,phases,start] GC(1001) Post Compact
[369.007s][info][gc,phases      ] GC(1001) Post Compact 1.796ms
[369.007s][info][gc,heap        ] GC(1001) PSYoungGen: 33771K(77312K)->33771K(77312K) Eden: 24575K(24576K)->24575K(24576K) From: 9195K(52736K)->9195K(52736K)
[369.007s][info][gc,heap        ] GC(1001) ParOldGen: 338664K(341504K)->338664K(341504K)
[369.007s][info][gc,metaspace   ] GC(1001) Metaspace: 6296K(6464K)->6296K(6464K) NonClass: 5763K(5824K)->5763K(5824K) Class: 532K(640K)->532K(640K)
[369.007s][info][gc             ] GC(1001) Pause Full (Ergonomics) 363M->363M(409M) 381.585ms
[369.007s][info][gc,cpu         ] GC(1001) User=0.38s Sys=0.00s Real=0.38s
[369.007s][info][gc,start       ] GC(1002) Pause Full (Ergonomics)
[369.007s][info][gc,phases,start] GC(1002) Marking Phase
[369.292s][info][gc,phases      ] GC(1002) Marking Phase 284.218ms
[369.292s][info][gc,phases,start] GC(1002) Summary Phase
[369.292s][info][gc,phases      ] GC(1002) Summary Phase 0.024ms
[369.292s][info][gc,phases,start] GC(1002) Adjust Roots
[369.292s][info][gc,phases      ] GC(1002) Adjust Roots 0.212ms
[369.292s][info][gc,phases,start] GC(1002) Compaction Phase
[369.389s][info][gc,phases      ] GC(1002) Compaction Phase 97.556ms
[369.390s][info][gc,phases,start] GC(1002) Post Compact
[369.391s][info][gc,phases      ] GC(1002) Post Compact 1.532ms
[369.391s][info][gc,heap        ] GC(1002) PSYoungGen: 33771K(77312K)->33771K(77312K) Eden: 24575K(24576K)->24575K(24576K) From: 9195K(52736K)->9195K(52736K)
[369.391s][info][gc,heap        ] GC(1002) ParOldGen: 338669K(341504K)->338669K(341504K)
[369.391s][info][gc,metaspace   ] GC(1002) Metaspace: 6296K(6464K)->6296K(6464K) NonClass: 5763K(5824K)->5763K(5824K) Class: 532K(640K)->532K(640K)
[369.391s][info][gc             ] GC(1002) Pause Full (Ergonomics) 363M->363M(409M) 383.870ms
[369.391s][info][gc,cpu         ] GC(1002) User=0.34s Sys=0.00s Real=0.38s
[369.391s][info][gc,start       ] GC(1003) Pause Full (Ergonomics)
[369.391s][info][gc,phases,start] GC(1003) Marking Phase
[369.674s][info][gc,phases      ] GC(1003) Marking Phase 282.329ms
[369.674s][info][gc,phases,start] GC(1003) Summary Phase
[369.674s][info][gc,phases      ] GC(1003) Summary Phase 0.022ms
[369.674s][info][gc,phases,start] GC(1003) Adjust Roots
[369.674s][info][gc,phases      ] GC(1003) Adjust Roots 0.206ms
[369.674s][info][gc,phases,start] GC(1003) Compaction Phase
[369.770s][info][gc,phases      ] GC(1003) Compaction Phase 95.891ms
[369.770s][info][gc,phases,start] GC(1003) Post Compact
[369.772s][info][gc,phases      ] GC(1003) Post Compact 1.532ms
[369.772s][info][gc,heap        ] GC(1003) PSYoungGen: 33771K(77312K)->33771K(77312K) Eden: 24575K(24576K)->24575K(24576K) From: 9195K(52736K)->9195K(52736K)
[369.772s][info][gc,heap        ] GC(1003) ParOldGen: 338674K(341504K)->338674K(341504K)
[369.772s][info][gc,metaspace   ] GC(1003) Metaspace: 6296K(6464K)->6296K(6464K) NonClass: 5763K(5824K)->5763K(5824K) Class: 532K(640K)->532K(640K)
[369.772s][info][gc             ] GC(1003) Pause Full (Ergonomics) 363M->363M(409M) 380.325ms
[369.772s][info][gc,cpu         ] GC(1003) User=0.36s Sys=0.00s Real=0.38s
[369.772s][info][gc,start       ] GC(1004) Pause Full (Ergonomics)
[369.772s][info][gc,phases,start] GC(1004) Marking Phase
[370.055s][info][gc,phases      ] GC(1004) Marking Phase 283.134ms
[370.055s][info][gc,phases,start] GC(1004) Summary Phase
[370.055s][info][gc,phases      ] GC(1004) Summary Phase 0.037ms
[370.055s][info][gc,phases,start] GC(1004) Adjust Roots
[370.056s][info][gc,phases      ] GC(1004) Adjust Roots 0.262ms
[370.056s][info][gc,phases,start] GC(1004) Compaction Phase
[370.151s][info][gc,phases      ] GC(1004) Compaction Phase 95.279ms
[370.151s][info][gc,phases,start] GC(1004) Post Compact
[370.153s][info][gc,phases      ] GC(1004) Post Compact 1.589ms
[370.153s][info][gc,heap        ] GC(1004) PSYoungGen: 33771K(77312K)->33771K(77312K) Eden: 24575K(24576K)->24575K(24576K) From: 9195K(52736K)->9195K(52736K)
[370.153s][info][gc,heap        ] GC(1004) ParOldGen: 338678K(341504K)->338678K(341504K)
[370.153s][info][gc,metaspace   ] GC(1004) Metaspace: 6296K(6464K)->6296K(6464K) NonClass: 5763K(5824K)->5763K(5824K) Class: 532K(640K)->532K(640K)
[370.153s][info][gc             ] GC(1004) Pause Full (Ergonomics) 363M->363M(409M) 380.758ms
[370.153s][info][gc,cpu         ] GC(1004) User=0.34s Sys=0.00s Real=0.38s
[370.153s][info][gc,start       ] GC(1005) Pause Full (Ergonomics)
[370.153s][info][gc,phases,start] GC(1005) Marking Phase
[370.436s][info][gc,phases      ] GC(1005) Marking Phase 282.501ms
[370.436s][info][gc,phases,start] GC(1005) Summary Phase
[370.436s][info][gc,phases      ] GC(1005) Summary Phase 0.023ms
[370.436s][info][gc,phases,start] GC(1005) Adjust Roots
[370.436s][info][gc,phases      ] GC(1005) Adjust Roots 0.206ms
[370.436s][info][gc,phases,start] GC(1005) Compaction Phase
[370.532s][info][gc,phases      ] GC(1005) Compaction Phase 95.983ms
[370.532s][info][gc,phases,start] GC(1005) Post Compact
[370.533s][info][gc,phases      ] GC(1005) Post Compact 1.527ms
[370.534s][info][gc,heap        ] GC(1005) PSYoungGen: 33771K(77312K)->33771K(77312K) Eden: 24575K(24576K)->24575K(24576K) From: 9195K(52736K)->9195K(52736K)
[370.534s][info][gc,heap        ] GC(1005) ParOldGen: 338683K(341504K)->338683K(341504K)
[370.534s][info][gc,metaspace   ] GC(1005) Metaspace: 6296K(6464K)->6296K(6464K) NonClass: 5763K(5824K)->5763K(5824K) Class: 532K(640K)->532K(640K)
[370.534s][info][gc             ] GC(1005) Pause Full (Ergonomics) 363M->363M(409M) 380.565ms
[370.534s][info][gc,cpu         ] GC(1005) User=0.34s Sys=0.00s Real=0.38s
[370.534s][info][gc,start       ] GC(1006) Pause Full (Ergonomics)
[370.534s][info][gc,phases,start] GC(1006) Marking Phase
[370.817s][info][gc,phases      ] GC(1006) Marking Phase 283.541ms
[370.818s][info][gc,phases,start] GC(1006) Summary Phase
[370.818s][info][gc,phases      ] GC(1006) Summary Phase 0.023ms
[370.818s][info][gc,phases,start] GC(1006) Adjust Roots
[370.818s][info][gc,phases      ] GC(1006) Adjust Roots 0.185ms
[370.818s][info][gc,phases,start] GC(1006) Compaction Phase
[370.913s][info][gc,phases      ] GC(1006) Compaction Phase 95.252ms
[370.913s][info][gc,phases,start] GC(1006) Post Compact
[370.915s][info][gc,phases      ] GC(1006) Post Compact 1.565ms
[370.915s][info][gc,heap        ] GC(1006) PSYoungGen: 33771K(77312K)->33771K(77312K) Eden: 24575K(24576K)->24575K(24576K) From: 9195K(52736K)->9195K(52736K)
[370.915s][info][gc,heap        ] GC(1006) ParOldGen: 338688K(341504K)->338688K(341504K)
[370.915s][info][gc,metaspace   ] GC(1006) Metaspace: 6296K(6464K)->6296K(6464K) NonClass: 5763K(5824K)->5763K(5824K) Class: 532K(640K)->532K(640K)
[370.915s][info][gc             ] GC(1006) Pause Full (Ergonomics) 363M->363M(409M) 380.939ms
[370.915s][info][gc,cpu         ] GC(1006) User=0.36s Sys=0.00s Real=0.38s
[370.915s][info][gc,start       ] GC(1007) Pause Full (Ergonomics)
[370.915s][info][gc,phases,start] GC(1007) Marking Phase
[371.198s][info][gc,phases      ] GC(1007) Marking Phase 282.616ms
[371.198s][info][gc,phases,start] GC(1007) Summary Phase
[371.198s][info][gc,phases      ] GC(1007) Summary Phase 0.023ms
[371.198s][info][gc,phases,start] GC(1007) Adjust Roots
[371.198s][info][gc,phases      ] GC(1007) Adjust Roots 0.207ms
[371.198s][info][gc,phases,start] GC(1007) Compaction Phase
[371.294s][info][gc,phases      ] GC(1007) Compaction Phase 95.669ms
[371.294s][info][gc,phases,start] GC(1007) Post Compact
[371.295s][info][gc,phases      ] GC(1007) Post Compact 1.502ms
[371.295s][info][gc,heap        ] GC(1007) PSYoungGen: 33771K(77312K)->33771K(77312K) Eden: 24575K(24576K)->24575K(24576K) From: 9195K(52736K)->9195K(52736K)
[371.295s][info][gc,heap        ] GC(1007) ParOldGen: 338692K(341504K)->338692K(341504K)
[371.295s][info][gc,metaspace   ] GC(1007) Metaspace: 6296K(6464K)->6296K(6464K) NonClass: 5763K(5824K)->5763K(5824K) Class: 532K(640K)->532K(640K)
[371.295s][info][gc             ] GC(1007) Pause Full (Ergonomics) 363M->363M(409M) 380.347ms
[371.295s][info][gc,cpu         ] GC(1007) User=0.34s Sys=0.00s Real=0.38s
[371.296s][info][gc,start       ] GC(1008) Pause Full (Ergonomics)
[371.296s][info][gc,phases,start] GC(1008) Marking Phase
[371.581s][info][gc,phases      ] GC(1008) Marking Phase 284.823ms
[371.581s][info][gc,phases,start] GC(1008) Summary Phase
[371.581s][info][gc,phases      ] GC(1008) Summary Phase 0.022ms
[371.581s][info][gc,phases,start] GC(1008) Adjust Roots
[371.581s][info][gc,phases      ] GC(1008) Adjust Roots 0.207ms
[371.581s][info][gc,phases,start] GC(1008) Compaction Phase
[371.679s][info][gc,phases      ] GC(1008) Compaction Phase 98.136ms
[371.679s][info][gc,phases,start] GC(1008) Post Compact
[371.681s][info][gc,phases      ] GC(1008) Post Compact 1.545ms
[371.681s][info][gc,heap        ] GC(1008) PSYoungGen: 33771K(77312K)->33771K(77312K) Eden: 24575K(24576K)->24575K(24576K) From: 9195K(52736K)->9195K(52736K)
[371.681s][info][gc,heap        ] GC(1008) ParOldGen: 338697K(341504K)->338697K(341504K)
[371.681s][info][gc,metaspace   ] GC(1008) Metaspace: 6296K(6464K)->6296K(6464K) NonClass: 5763K(5824K)->5763K(5824K) Class: 532K(640K)->532K(640K)
[371.681s][info][gc             ] GC(1008) Pause Full (Ergonomics) 363M->363M(409M) 385.058ms
[371.681s][info][gc,cpu         ] GC(1008) User=0.38s Sys=0.00s Real=0.38s
[371.681s][info][gc,start       ] GC(1009) Pause Full (Ergonomics)
[371.681s][info][gc,phases,start] GC(1009) Marking Phase
[371.975s][info][gc,phases      ] GC(1009) Marking Phase 293.377ms
[371.975s][info][gc,phases,start] GC(1009) Summary Phase
[371.975s][info][gc,phases      ] GC(1009) Summary Phase 0.020ms
[371.975s][info][gc,phases,start] GC(1009) Adjust Roots
[371.975s][info][gc,phases      ] GC(1009) Adjust Roots 0.200ms
[371.975s][info][gc,phases,start] GC(1009) Compaction Phase
[372.093s][info][gc,phases      ] GC(1009) Compaction Phase 118.090ms
[372.093s][info][gc,phases,start] GC(1009) Post Compact
[372.095s][info][gc,phases      ] GC(1009) Post Compact 1.740ms
[372.095s][info][gc,heap        ] GC(1009) PSYoungGen: 33771K(77312K)->33771K(77312K) Eden: 24575K(24576K)->24575K(24576K) From: 9195K(52736K)->9195K(52736K)
[372.095s][info][gc,heap        ] GC(1009) ParOldGen: 338702K(341504K)->338702K(341504K)
[372.095s][info][gc,metaspace   ] GC(1009) Metaspace: 6296K(6464K)->6296K(6464K) NonClass: 5763K(5824K)->5763K(5824K) Class: 532K(640K)->532K(640K)
[372.095s][info][gc             ] GC(1009) Pause Full (Ergonomics) 363M->363M(409M) 413.775ms
[372.095s][info][gc,cpu         ] GC(1009) User=0.34s Sys=0.00s Real=0.41s
[372.095s][info][gc,start       ] GC(1010) Pause Full (Ergonomics)
[372.095s][info][gc,phases,start] GC(1010) Marking Phase
[372.383s][info][gc,phases      ] GC(1010) Marking Phase 287.428ms
[372.383s][info][gc,phases,start] GC(1010) Summary Phase
[372.383s][info][gc,phases      ] GC(1010) Summary Phase 0.031ms
[372.383s][info][gc,phases,start] GC(1010) Adjust Roots
[372.383s][info][gc,phases      ] GC(1010) Adjust Roots 0.214ms
[372.383s][info][gc,phases,start] GC(1010) Compaction Phase
[372.479s][info][gc,phases      ] GC(1010) Compaction Phase 95.888ms
[372.479s][info][gc,phases,start] GC(1010) Post Compact
[372.480s][info][gc,phases      ] GC(1010) Post Compact 1.540ms
[372.481s][info][gc,heap        ] GC(1010) PSYoungGen: 33771K(77312K)->33771K(77312K) Eden: 24575K(24576K)->24575K(24576K) From: 9195K(52736K)->9195K(52736K)
[372.481s][info][gc,heap        ] GC(1010) ParOldGen: 338706K(341504K)->338706K(341504K)
[372.481s][info][gc,metaspace   ] GC(1010) Metaspace: 6296K(6464K)->6296K(6464K) NonClass: 5763K(5824K)->5763K(5824K) Class: 532K(640K)->532K(640K)
[372.481s][info][gc             ] GC(1010) Pause Full (Ergonomics) 363M->363M(409M) 385.437ms
[372.481s][info][gc,cpu         ] GC(1010) User=0.34s Sys=0.00s Real=0.38s
[372.481s][info][gc,start       ] GC(1011) Pause Full (Ergonomics)
[372.481s][info][gc,phases,start] GC(1011) Marking Phase
[372.774s][info][gc,phases      ] GC(1011) Marking Phase 293.477ms
[372.774s][info][gc,phases,start] GC(1011) Summary Phase
[372.774s][info][gc,phases      ] GC(1011) Summary Phase 0.024ms
[372.774s][info][gc,phases,start] GC(1011) Adjust Roots
[372.775s][info][gc,phases      ] GC(1011) Adjust Roots 0.212ms
[372.775s][info][gc,phases,start] GC(1011) Compaction Phase
[372.872s][info][gc,phases      ] GC(1011) Compaction Phase 97.530ms
[372.872s][info][gc,phases,start] GC(1011) Post Compact
[372.874s][info][gc,phases      ] GC(1011) Post Compact 1.512ms
[372.874s][info][gc,heap        ] GC(1011) PSYoungGen: 33771K(77312K)->33771K(77312K) Eden: 24575K(24576K)->24575K(24576K) From: 9195K(52736K)->9195K(52736K)
[372.874s][info][gc,heap        ] GC(1011) ParOldGen: 338711K(341504K)->338711K(341504K)
[372.874s][info][gc,metaspace   ] GC(1011) Metaspace: 6296K(6464K)->6296K(6464K) NonClass: 5763K(5824K)->5763K(5824K) Class: 532K(640K)->532K(640K)
[372.874s][info][gc             ] GC(1011) Pause Full (Ergonomics) 363M->363M(409M) 393.080ms
[372.874s][info][gc,cpu         ] GC(1011) User=0.36s Sys=0.00s Real=0.39s
[372.874s][info][gc,start       ] GC(1012) Pause Full (Ergonomics)
[372.874s][info][gc,phases,start] GC(1012) Marking Phase
[373.159s][info][gc,phases      ] GC(1012) Marking Phase 284.579ms
[373.159s][info][gc,phases,start] GC(1012) Summary Phase
[373.159s][info][gc,phases      ] GC(1012) Summary Phase 0.019ms
[373.159s][info][gc,phases,start] GC(1012) Adjust Roots
[373.159s][info][gc,phases      ] GC(1012) Adjust Roots 0.243ms
[373.159s][info][gc,phases,start] GC(1012) Compaction Phase
[373.258s][info][gc,phases      ] GC(1012) Compaction Phase 98.350ms
[373.258s][info][gc,phases,start] GC(1012) Post Compact
[373.259s][info][gc,phases      ] GC(1012) Post Compact 1.578ms
[373.259s][info][gc,heap        ] GC(1012) PSYoungGen: 33771K(77312K)->33771K(77312K) Eden: 24575K(24576K)->24575K(24576K) From: 9195K(52736K)->9195K(52736K)
[373.259s][info][gc,heap        ] GC(1012) ParOldGen: 338716K(341504K)->338716K(341504K)
[373.259s][info][gc,metaspace   ] GC(1012) Metaspace: 6296K(6464K)->6296K(6464K) NonClass: 5763K(5824K)->5763K(5824K) Class: 532K(640K)->532K(640K)
[373.259s][info][gc             ] GC(1012) Pause Full (Ergonomics) 363M->363M(409M) 385.090ms
[373.259s][info][gc,cpu         ] GC(1012) User=0.34s Sys=0.00s Real=0.38s
[373.260s][info][gc,start       ] GC(1013) Pause Full (Ergonomics)
[373.260s][info][gc,phases,start] GC(1013) Marking Phase
[373.543s][info][gc,phases      ] GC(1013) Marking Phase 282.985ms
[373.543s][info][gc,phases,start] GC(1013) Summary Phase
[373.543s][info][gc,phases      ] GC(1013) Summary Phase 0.028ms
[373.543s][info][gc,phases,start] GC(1013) Adjust Roots
[373.543s][info][gc,phases      ] GC(1013) Adjust Roots 0.464ms
[373.543s][info][gc,phases,start] GC(1013) Compaction Phase
[373.642s][info][gc,phases      ] GC(1013) Compaction Phase 98.320ms
[373.642s][info][gc,phases,start] GC(1013) Post Compact
[373.643s][info][gc,phases      ] GC(1013) Post Compact 1.544ms
[373.643s][info][gc,heap        ] GC(1013) PSYoungGen: 33771K(77312K)->33771K(77312K) Eden: 24575K(24576K)->24575K(24576K) From: 9195K(52736K)->9195K(52736K)
[373.643s][info][gc,heap        ] GC(1013) ParOldGen: 338720K(341504K)->338720K(341504K)
[373.643s][info][gc,metaspace   ] GC(1013) Metaspace: 6296K(6464K)->6296K(6464K) NonClass: 5763K(5824K)->5763K(5824K) Class: 532K(640K)->532K(640K)
[373.643s][info][gc             ] GC(1013) Pause Full (Ergonomics) 363M->363M(409M) 383.700ms
[373.643s][info][gc,cpu         ] GC(1013) User=0.34s Sys=0.00s Real=0.38s
[373.644s][info][gc,start       ] GC(1014) Pause Full (Ergonomics)
[373.644s][info][gc,phases,start] GC(1014) Marking Phase
[373.929s][info][gc,phases      ] GC(1014) Marking Phase 285.825ms
[373.930s][info][gc,phases,start] GC(1014) Summary Phase
[373.930s][info][gc,phases      ] GC(1014) Summary Phase 0.017ms
[373.930s][info][gc,phases,start] GC(1014) Adjust Roots
[373.930s][info][gc,phases      ] GC(1014) Adjust Roots 0.474ms
[373.930s][info][gc,phases,start] GC(1014) Compaction Phase
[374.030s][info][gc,phases      ] GC(1014) Compaction Phase 100.432ms
[374.031s][info][gc,phases,start] GC(1014) Post Compact
[374.032s][info][gc,phases      ] GC(1014) Post Compact 1.890ms
[374.033s][info][gc,heap        ] GC(1014) PSYoungGen: 33771K(77312K)->33771K(77312K) Eden: 24575K(24576K)->24575K(24576K) From: 9195K(52736K)->9195K(52736K)
[374.033s][info][gc,heap        ] GC(1014) ParOldGen: 338725K(341504K)->338725K(341504K)
[374.033s][info][gc,metaspace   ] GC(1014) Metaspace: 6296K(6464K)->6296K(6464K) NonClass: 5763K(5824K)->5763K(5824K) Class: 532K(640K)->532K(640K)
[374.033s][info][gc             ] GC(1014) Pause Full (Ergonomics) 363M->363M(409M) 388.995ms
[374.033s][info][gc,cpu         ] GC(1014) User=0.33s Sys=0.00s Real=0.39s
[374.033s][info][gc,start       ] GC(1015) Pause Full (Ergonomics)
[374.033s][info][gc,phases,start] GC(1015) Marking Phase
[374.327s][info][gc,phases      ] GC(1015) Marking Phase 294.298ms
[374.327s][info][gc,phases,start] GC(1015) Summary Phase
[374.327s][info][gc,phases      ] GC(1015) Summary Phase 0.023ms
[374.327s][info][gc,phases,start] GC(1015) Adjust Roots
[374.328s][info][gc,phases      ] GC(1015) Adjust Roots 0.233ms
[374.328s][info][gc,phases,start] GC(1015) Compaction Phase
[374.426s][info][gc,phases      ] GC(1015) Compaction Phase 98.087ms
[374.426s][info][gc,phases,start] GC(1015) Post Compact
[374.427s][info][gc,phases      ] GC(1015) Post Compact 1.563ms
[374.427s][info][gc,heap        ] GC(1015) PSYoungGen: 33771K(77312K)->33771K(77312K) Eden: 24575K(24576K)->24575K(24576K) From: 9195K(52736K)->9195K(52736K)
[374.427s][info][gc,heap        ] GC(1015) ParOldGen: 338730K(341504K)->338730K(341504K)
[374.427s][info][gc,metaspace   ] GC(1015) Metaspace: 6296K(6464K)->6296K(6464K) NonClass: 5763K(5824K)->5763K(5824K) Class: 532K(640K)->532K(640K)
[374.427s][info][gc             ] GC(1015) Pause Full (Ergonomics) 363M->363M(409M) 394.557ms
[374.427s][info][gc,cpu         ] GC(1015) User=0.38s Sys=0.00s Real=0.39s
[374.428s][info][gc,start       ] GC(1016) Pause Full (Ergonomics)
[374.428s][info][gc,phases,start] GC(1016) Marking Phase
[374.718s][info][gc,phases      ] GC(1016) Marking Phase 290.280ms
[374.718s][info][gc,phases,start] GC(1016) Summary Phase
[374.718s][info][gc,phases      ] GC(1016) Summary Phase 0.025ms
[374.718s][info][gc,phases,start] GC(1016) Adjust Roots
[374.718s][info][gc,phases      ] GC(1016) Adjust Roots 0.229ms
[374.718s][info][gc,phases,start] GC(1016) Compaction Phase
[374.815s][info][gc,phases      ] GC(1016) Compaction Phase 96.891ms
[374.815s][info][gc,phases,start] GC(1016) Post Compact
[374.817s][info][gc,phases      ] GC(1016) Post Compact 1.515ms
[374.817s][info][gc,heap        ] GC(1016) PSYoungGen: 33771K(77312K)->33771K(77312K) Eden: 24575K(24576K)->24575K(24576K) From: 9195K(52736K)->9195K(52736K)
[374.817s][info][gc,heap        ] GC(1016) ParOldGen: 338734K(341504K)->338734K(341504K)
[374.817s][info][gc,metaspace   ] GC(1016) Metaspace: 6296K(6464K)->6296K(6464K) NonClass: 5763K(5824K)->5763K(5824K) Class: 532K(640K)->532K(640K)
[374.817s][info][gc             ] GC(1016) Pause Full (Ergonomics) 363M->363M(409M) 389.284ms
[374.817s][info][gc,cpu         ] GC(1016) User=0.34s Sys=0.02s Real=0.39s
[374.817s][info][gc,start       ] GC(1017) Pause Full (Ergonomics)
[374.817s][info][gc,phases,start] GC(1017) Marking Phase
[375.104s][info][gc,phases      ] GC(1017) Marking Phase 286.930ms
[375.104s][info][gc,phases,start] GC(1017) Summary Phase
[375.104s][info][gc,phases      ] GC(1017) Summary Phase 0.026ms
[375.104s][info][gc,phases,start] GC(1017) Adjust Roots
[375.105s][info][gc,phases      ] GC(1017) Adjust Roots 0.334ms
[375.105s][info][gc,phases,start] GC(1017) Compaction Phase
[375.202s][info][gc,phases      ] GC(1017) Compaction Phase 97.466ms
[375.202s][info][gc,phases,start] GC(1017) Post Compact
[375.204s][info][gc,phases      ] GC(1017) Post Compact 1.586ms
[375.204s][info][gc,heap        ] GC(1017) PSYoungGen: 33771K(77312K)->33771K(77312K) Eden: 24575K(24576K)->24575K(24576K) From: 9195K(52736K)->9195K(52736K)
[375.204s][info][gc,heap        ] GC(1017) ParOldGen: 338739K(341504K)->338739K(341504K)
[375.204s][info][gc,metaspace   ] GC(1017) Metaspace: 6296K(6464K)->6296K(6464K) NonClass: 5763K(5824K)->5763K(5824K) Class: 532K(640K)->532K(640K)
[375.204s][info][gc             ] GC(1017) Pause Full (Ergonomics) 363M->363M(409M) 386.745ms
[375.204s][info][gc,cpu         ] GC(1017) User=0.39s Sys=0.00s Real=0.39s
[375.204s][info][gc,start       ] GC(1018) Pause Full (Ergonomics)
[375.205s][info][gc,phases,start] GC(1018) Marking Phase
[375.490s][info][gc,phases      ] GC(1018) Marking Phase 285.514ms
[375.490s][info][gc,phases,start] GC(1018) Summary Phase
[375.490s][info][gc,phases      ] GC(1018) Summary Phase 0.023ms
[375.490s][info][gc,phases,start] GC(1018) Adjust Roots
[375.490s][info][gc,phases      ] GC(1018) Adjust Roots 0.289ms
[375.490s][info][gc,phases,start] GC(1018) Compaction Phase
[375.588s][info][gc,phases      ] GC(1018) Compaction Phase 97.476ms
[375.588s][info][gc,phases,start] GC(1018) Post Compact
[375.590s][info][gc,phases      ] GC(1018) Post Compact 1.517ms
[375.590s][info][gc,heap        ] GC(1018) PSYoungGen: 33771K(77312K)->33771K(77312K) Eden: 24575K(24576K)->24575K(24576K) From: 9195K(52736K)->9195K(52736K)
[375.590s][info][gc,heap        ] GC(1018) ParOldGen: 338744K(341504K)->338744K(341504K)
[375.590s][info][gc,metaspace   ] GC(1018) Metaspace: 6296K(6464K)->6296K(6464K) NonClass: 5763K(5824K)->5763K(5824K) Class: 532K(640K)->532K(640K)
[375.590s][info][gc             ] GC(1018) Pause Full (Ergonomics) 363M->363M(409M) 385.210ms
[375.590s][info][gc,cpu         ] GC(1018) User=0.34s Sys=0.03s Real=0.38s
[375.590s][info][gc,start       ] GC(1019) Pause Full (Ergonomics)
[375.590s][info][gc,phases,start] GC(1019) Marking Phase
[375.872s][info][gc,phases      ] GC(1019) Marking Phase 282.343ms
[375.872s][info][gc,phases,start] GC(1019) Summary Phase
[375.872s][info][gc,phases      ] GC(1019) Summary Phase 0.023ms
[375.872s][info][gc,phases,start] GC(1019) Adjust Roots
[375.873s][info][gc,phases      ] GC(1019) Adjust Roots 0.222ms
[375.873s][info][gc,phases,start] GC(1019) Compaction Phase
[375.968s][info][gc,phases      ] GC(1019) Compaction Phase 95.164ms
[375.968s][info][gc,phases,start] GC(1019) Post Compact
[375.970s][info][gc,phases      ] GC(1019) Post Compact 1.721ms
[375.970s][info][gc,heap        ] GC(1019) PSYoungGen: 33771K(77312K)->33771K(77312K) Eden: 24575K(24576K)->24575K(24576K) From: 9195K(52736K)->9195K(52736K)
[375.970s][info][gc,heap        ] GC(1019) ParOldGen: 338748K(341504K)->338748K(341504K)
[375.970s][info][gc,metaspace   ] GC(1019) Metaspace: 6296K(6464K)->6296K(6464K) NonClass: 5763K(5824K)->5763K(5824K) Class: 532K(640K)->532K(640K)
[375.970s][info][gc             ] GC(1019) Pause Full (Ergonomics) 363M->363M(409M) 379.828ms
[375.970s][info][gc,cpu         ] GC(1019) User=0.36s Sys=0.00s Real=0.38s
[375.970s][info][gc,start       ] GC(1020) Pause Full (Ergonomics)
[375.970s][info][gc,phases,start] GC(1020) Marking Phase
[376.273s][info][gc,phases      ] GC(1020) Marking Phase 302.933ms
[376.273s][info][gc,phases,start] GC(1020) Summary Phase
[376.273s][info][gc,phases      ] GC(1020) Summary Phase 0.021ms
[376.273s][info][gc,phases,start] GC(1020) Adjust Roots
[376.273s][info][gc,phases      ] GC(1020) Adjust Roots 0.244ms
[376.274s][info][gc,phases,start] GC(1020) Compaction Phase
[376.371s][info][gc,phases      ] GC(1020) Compaction Phase 97.237ms
[376.371s][info][gc,phases,start] GC(1020) Post Compact
[376.373s][info][gc,phases      ] GC(1020) Post Compact 1.922ms
[376.373s][info][gc,heap        ] GC(1020) PSYoungGen: 33771K(77312K)->33771K(77312K) Eden: 24575K(24576K)->24575K(24576K) From: 9195K(52736K)->9195K(52736K)
[376.373s][info][gc,heap        ] GC(1020) ParOldGen: 338753K(341504K)->338753K(341504K)
[376.373s][info][gc,metaspace   ] GC(1020) Metaspace: 6296K(6464K)->6296K(6464K) NonClass: 5763K(5824K)->5763K(5824K) Class: 532K(640K)->532K(640K)
[376.373s][info][gc             ] GC(1020) Pause Full (Ergonomics) 363M->363M(409M) 402.696ms
[376.373s][info][gc,cpu         ] GC(1020) User=0.38s Sys=0.00s Real=0.40s
[376.373s][info][gc,start       ] GC(1021) Pause Full (Ergonomics)
[376.373s][info][gc,phases,start] GC(1021) Marking Phase
[376.655s][info][gc,phases      ] GC(1021) Marking Phase 281.538ms
[376.655s][info][gc,phases,start] GC(1021) Summary Phase
[376.655s][info][gc,phases      ] GC(1021) Summary Phase 0.023ms
[376.655s][info][gc,phases,start] GC(1021) Adjust Roots
[376.655s][info][gc,phases      ] GC(1021) Adjust Roots 0.263ms
[376.655s][info][gc,phases,start] GC(1021) Compaction Phase
[376.754s][info][gc,phases      ] GC(1021) Compaction Phase 98.905ms
[376.754s][info][gc,phases,start] GC(1021) Post Compact
[376.756s][info][gc,phases      ] GC(1021) Post Compact 1.680ms
[376.756s][info][gc,heap        ] GC(1021) PSYoungGen: 33771K(77312K)->33771K(77312K) Eden: 24575K(24576K)->24575K(24576K) From: 9195K(52736K)->9195K(52736K)
[376.756s][info][gc,heap        ] GC(1021) ParOldGen: 338758K(341504K)->338758K(341504K)
[376.756s][info][gc,metaspace   ] GC(1021) Metaspace: 6296K(6464K)->6296K(6464K) NonClass: 5763K(5824K)->5763K(5824K) Class: 532K(640K)->532K(640K)
[376.756s][info][gc             ] GC(1021) Pause Full (Ergonomics) 363M->363M(409M) 382.749ms
[376.756s][info][gc,cpu         ] GC(1021) User=0.34s Sys=0.00s Real=0.38s
[376.756s][info][gc,start       ] GC(1022) Pause Full (Ergonomics)
[376.756s][info][gc,phases,start] GC(1022) Marking Phase
[377.048s][info][gc,phases      ] GC(1022) Marking Phase 291.453ms
[377.048s][info][gc,phases,start] GC(1022) Summary Phase
[377.048s][info][gc,phases      ] GC(1022) Summary Phase 0.023ms
[377.048s][info][gc,phases,start] GC(1022) Adjust Roots
[377.048s][info][gc,phases      ] GC(1022) Adjust Roots 0.232ms
[377.048s][info][gc,phases,start] GC(1022) Compaction Phase
[377.151s][info][gc,phases      ] GC(1022) Compaction Phase 102.844ms
[377.151s][info][gc,phases,start] GC(1022) Post Compact
[377.152s][info][gc,phases      ] GC(1022) Post Compact 1.542ms
[377.153s][info][gc,heap        ] GC(1022) PSYoungGen: 33771K(77312K)->33771K(77312K) Eden: 24575K(24576K)->24575K(24576K) From: 9195K(52736K)->9195K(52736K)
[377.153s][info][gc,heap        ] GC(1022) ParOldGen: 338762K(341504K)->338762K(341504K)
[377.153s][info][gc,metaspace   ] GC(1022) Metaspace: 6296K(6464K)->6296K(6464K) NonClass: 5763K(5824K)->5763K(5824K) Class: 532K(640K)->532K(640K)
[377.153s][info][gc             ] GC(1022) Pause Full (Ergonomics) 363M->363M(409M) 396.442ms
[377.153s][info][gc,cpu         ] GC(1022) User=0.36s Sys=0.00s Real=0.40s
[377.153s][info][gc,start       ] GC(1023) Pause Full (Ergonomics)
[377.153s][info][gc,phases,start] GC(1023) Marking Phase
[377.436s][info][gc,phases      ] GC(1023) Marking Phase 282.967ms
[377.436s][info][gc,phases,start] GC(1023) Summary Phase
[377.436s][info][gc,phases      ] GC(1023) Summary Phase 0.104ms
[377.436s][info][gc,phases,start] GC(1023) Adjust Roots
[377.436s][info][gc,phases      ] GC(1023) Adjust Roots 0.440ms
[377.436s][info][gc,phases,start] GC(1023) Compaction Phase
[377.535s][info][gc,phases      ] GC(1023) Compaction Phase 98.849ms
[377.535s][info][gc,phases,start] GC(1023) Post Compact
[377.537s][info][gc,phases      ] GC(1023) Post Compact 1.552ms
[377.537s][info][gc,heap        ] GC(1023) PSYoungGen: 33771K(77312K)->33771K(77312K) Eden: 24575K(24576K)->24575K(24576K) From: 9195K(52736K)->9195K(52736K)
[377.537s][info][gc,heap        ] GC(1023) ParOldGen: 338767K(341504K)->338767K(341504K)
[377.537s][info][gc,metaspace   ] GC(1023) Metaspace: 6296K(6464K)->6296K(6464K) NonClass: 5763K(5824K)->5763K(5824K) Class: 532K(640K)->532K(640K)
[377.537s][info][gc             ] GC(1023) Pause Full (Ergonomics) 363M->363M(409M) 384.257ms
[377.537s][info][gc,cpu         ] GC(1023) User=0.34s Sys=0.00s Real=0.38s
[377.537s][info][gc,start       ] GC(1024) Pause Full (Ergonomics)
[377.537s][info][gc,phases,start] GC(1024) Marking Phase
[377.820s][info][gc,phases      ] GC(1024) Marking Phase 282.978ms
[377.820s][info][gc,phases,start] GC(1024) Summary Phase
[377.820s][info][gc,phases      ] GC(1024) Summary Phase 0.023ms
[377.821s][info][gc,phases,start] GC(1024) Adjust Roots
[377.821s][info][gc,phases      ] GC(1024) Adjust Roots 0.183ms
[377.821s][info][gc,phases,start] GC(1024) Compaction Phase
[377.918s][info][gc,phases      ] GC(1024) Compaction Phase 96.988ms
[377.918s][info][gc,phases,start] GC(1024) Post Compact
[377.919s][info][gc,phases      ] GC(1024) Post Compact 1.579ms
[377.919s][info][gc,heap        ] GC(1024) PSYoungGen: 33771K(77312K)->33771K(77312K) Eden: 24575K(24576K)->24575K(24576K) From: 9195K(52736K)->9195K(52736K)
[377.919s][info][gc,heap        ] GC(1024) ParOldGen: 338772K(341504K)->338772K(341504K)
[377.919s][info][gc,metaspace   ] GC(1024) Metaspace: 6296K(6464K)->6296K(6464K) NonClass: 5763K(5824K)->5763K(5824K) Class: 532K(640K)->532K(640K)
[377.920s][info][gc             ] GC(1024) Pause Full (Ergonomics) 363M->363M(409M) 382.115ms
[377.920s][info][gc,cpu         ] GC(1024) User=0.36s Sys=0.00s Real=0.38s
[377.920s][info][gc,start       ] GC(1025) Pause Full (Ergonomics)
[377.920s][info][gc,phases,start] GC(1025) Marking Phase
[378.205s][info][gc,phases      ] GC(1025) Marking Phase 285.008ms
[378.205s][info][gc,phases,start] GC(1025) Summary Phase
[378.205s][info][gc,phases      ] GC(1025) Summary Phase 0.034ms
[378.205s][info][gc,phases,start] GC(1025) Adjust Roots
[378.205s][info][gc,phases      ] GC(1025) Adjust Roots 0.268ms
[378.206s][info][gc,phases,start] GC(1025) Compaction Phase
[378.301s][info][gc,phases      ] GC(1025) Compaction Phase 95.699ms
[378.301s][info][gc,phases,start] GC(1025) Post Compact
[378.303s][info][gc,phases      ] GC(1025) Post Compact 1.605ms
[378.303s][info][gc,heap        ] GC(1025) PSYoungGen: 33771K(77312K)->33771K(77312K) Eden: 24575K(24576K)->24575K(24576K) From: 9195K(52736K)->9195K(52736K)
[378.303s][info][gc,heap        ] GC(1025) ParOldGen: 338776K(341504K)->338776K(341504K)
[378.303s][info][gc,metaspace   ] GC(1025) Metaspace: 6296K(6464K)->6296K(6464K) NonClass: 5763K(5824K)->5763K(5824K) Class: 532K(640K)->532K(640K)
[378.303s][info][gc             ] GC(1025) Pause Full (Ergonomics) 363M->363M(409M) 382.998ms
[378.303s][info][gc,cpu         ] GC(1025) User=0.34s Sys=0.00s Real=0.38s
[378.303s][info][gc,start       ] GC(1026) Pause Full (Ergonomics)
[378.303s][info][gc,phases,start] GC(1026) Marking Phase
[378.589s][info][gc,phases      ] GC(1026) Marking Phase 285.066ms
[378.589s][info][gc,phases,start] GC(1026) Summary Phase
[378.589s][info][gc,phases      ] GC(1026) Summary Phase 0.034ms
[378.589s][info][gc,phases,start] GC(1026) Adjust Roots
[378.589s][info][gc,phases      ] GC(1026) Adjust Roots 0.268ms
[378.589s][info][gc,phases,start] GC(1026) Compaction Phase
[378.683s][info][gc,phases      ] GC(1026) Compaction Phase 94.438ms
[378.684s][info][gc,phases,start] GC(1026) Post Compact
[378.685s][info][gc,phases      ] GC(1026) Post Compact 1.812ms
[378.686s][info][gc,heap        ] GC(1026) PSYoungGen: 33771K(77312K)->33771K(77312K) Eden: 24575K(24576K)->24575K(24576K) From: 9195K(52736K)->9195K(52736K)
[378.686s][info][gc,heap        ] GC(1026) ParOldGen: 338781K(341504K)->338781K(341504K)
[378.686s][info][gc,metaspace   ] GC(1026) Metaspace: 6296K(6464K)->6296K(6464K) NonClass: 5763K(5824K)->5763K(5824K) Class: 532K(640K)->532K(640K)
[378.686s][info][gc             ] GC(1026) Pause Full (Ergonomics) 363M->363M(409M) 382.246ms
[378.686s][info][gc,cpu         ] GC(1026) User=0.33s Sys=0.02s Real=0.38s
[378.686s][info][gc,start       ] GC(1027) Pause Full (Ergonomics)
[378.686s][info][gc,phases,start] GC(1027) Marking Phase
[378.969s][info][gc,phases      ] GC(1027) Marking Phase 283.100ms
[378.969s][info][gc,phases,start] GC(1027) Summary Phase
[378.969s][info][gc,phases      ] GC(1027) Summary Phase 0.019ms
[378.969s][info][gc,phases,start] GC(1027) Adjust Roots
[378.970s][info][gc,phases      ] GC(1027) Adjust Roots 0.247ms
[378.970s][info][gc,phases,start] GC(1027) Compaction Phase
[379.068s][info][gc,phases      ] GC(1027) Compaction Phase 98.081ms
[379.068s][info][gc,phases,start] GC(1027) Post Compact
[379.069s][info][gc,phases      ] GC(1027) Post Compact 1.523ms
[379.069s][info][gc,heap        ] GC(1027) PSYoungGen: 33771K(77312K)->33771K(77312K) Eden: 24575K(24576K)->24575K(24576K) From: 9195K(52736K)->9195K(52736K)
[379.069s][info][gc,heap        ] GC(1027) ParOldGen: 338786K(341504K)->338786K(341504K)
[379.069s][info][gc,metaspace   ] GC(1027) Metaspace: 6296K(6464K)->6296K(6464K) NonClass: 5763K(5824K)->5763K(5824K) Class: 532K(640K)->532K(640K)
[379.069s][info][gc             ] GC(1027) Pause Full (Ergonomics) 363M->363M(409M) 383.327ms
[379.069s][info][gc,cpu         ] GC(1027) User=0.36s Sys=0.00s Real=0.38s
[379.070s][info][gc,start       ] GC(1028) Pause Full (Ergonomics)
[379.070s][info][gc,phases,start] GC(1028) Marking Phase
[379.354s][info][gc,phases      ] GC(1028) Marking Phase 284.585ms
[379.355s][info][gc,phases,start] GC(1028) Summary Phase
[379.355s][info][gc,phases      ] GC(1028) Summary Phase 0.023ms
[379.355s][info][gc,phases,start] GC(1028) Adjust Roots
[379.355s][info][gc,phases      ] GC(1028) Adjust Roots 0.214ms
[379.355s][info][gc,phases,start] GC(1028) Compaction Phase
[379.451s][info][gc,phases      ] GC(1028) Compaction Phase 96.563ms
[379.451s][info][gc,phases,start] GC(1028) Post Compact
[379.453s][info][gc,phases      ] GC(1028) Post Compact 1.568ms
[379.453s][info][gc,heap        ] GC(1028) PSYoungGen: 33771K(77312K)->33771K(77312K) Eden: 24575K(24576K)->24575K(24576K) From: 9195K(52736K)->9195K(52736K)
[379.453s][info][gc,heap        ] GC(1028) ParOldGen: 338790K(341504K)->338790K(341504K)
[379.453s][info][gc,metaspace   ] GC(1028) Metaspace: 6296K(6464K)->6296K(6464K) NonClass: 5763K(5824K)->5763K(5824K) Class: 532K(640K)->532K(640K)
[379.453s][info][gc             ] GC(1028) Pause Full (Ergonomics) 363M->363M(409M) 383.285ms
[379.453s][info][gc,cpu         ] GC(1028) User=0.34s Sys=0.00s Real=0.38s
[379.453s][info][gc,start       ] GC(1029) Pause Full (Ergonomics)
[379.453s][info][gc,phases,start] GC(1029) Marking Phase
[379.742s][info][gc,phases      ] GC(1029) Marking Phase 288.336ms
[379.742s][info][gc,phases,start] GC(1029) Summary Phase
[379.742s][info][gc,phases      ] GC(1029) Summary Phase 0.024ms
[379.742s][info][gc,phases,start] GC(1029) Adjust Roots
[379.742s][info][gc,phases      ] GC(1029) Adjust Roots 0.243ms
[379.742s][info][gc,phases,start] GC(1029) Compaction Phase
[379.840s][info][gc,phases      ] GC(1029) Compaction Phase 97.584ms
[379.840s][info][gc,phases,start] GC(1029) Post Compact
[379.841s][info][gc,phases      ] GC(1029) Post Compact 1.553ms
[379.841s][info][gc,heap        ] GC(1029) PSYoungGen: 33771K(77312K)->33771K(77312K) Eden: 24575K(24576K)->24575K(24576K) From: 9195K(52736K)->9195K(52736K)
[379.842s][info][gc,heap        ] GC(1029) ParOldGen: 338795K(341504K)->338795K(341504K)
[379.842s][info][gc,metaspace   ] GC(1029) Metaspace: 6296K(6464K)->6296K(6464K) NonClass: 5763K(5824K)->5763K(5824K) Class: 532K(640K)->532K(640K)
[379.842s][info][gc             ] GC(1029) Pause Full (Ergonomics) 363M->363M(409M) 388.106ms
[379.842s][info][gc,cpu         ] GC(1029) User=0.34s Sys=0.00s Real=0.39s
[379.842s][info][gc,start       ] GC(1030) Pause Full (Ergonomics)
[379.842s][info][gc,phases,start] GC(1030) Marking Phase
[380.127s][info][gc,phases      ] GC(1030) Marking Phase 284.733ms
[380.127s][info][gc,phases,start] GC(1030) Summary Phase
[380.127s][info][gc,phases      ] GC(1030) Summary Phase 0.035ms
[380.127s][info][gc,phases,start] GC(1030) Adjust Roots
[380.127s][info][gc,phases      ] GC(1030) Adjust Roots 0.221ms
[380.127s][info][gc,phases,start] GC(1030) Compaction Phase
[380.223s][info][gc,phases      ] GC(1030) Compaction Phase 96.299ms
[380.223s][info][gc,phases,start] GC(1030) Post Compact
[380.225s][info][gc,phases      ] GC(1030) Post Compact 1.544ms
[380.225s][info][gc,heap        ] GC(1030) PSYoungGen: 33771K(77312K)->33771K(77312K) Eden: 24575K(24576K)->24575K(24576K) From: 9195K(52736K)->9195K(52736K)
[380.225s][info][gc,heap        ] GC(1030) ParOldGen: 338800K(341504K)->338800K(341504K)
[380.225s][info][gc,metaspace   ] GC(1030) Metaspace: 6296K(6464K)->6296K(6464K) NonClass: 5763K(5824K)->5763K(5824K) Class: 532K(640K)->532K(640K)
[380.225s][info][gc             ] GC(1030) Pause Full (Ergonomics) 363M->363M(409M) 383.196ms
[380.225s][info][gc,cpu         ] GC(1030) User=0.34s Sys=0.00s Real=0.38s
[380.225s][info][gc,start       ] GC(1031) Pause Full (Ergonomics)
[380.225s][info][gc,phases,start] GC(1031) Marking Phase
[380.510s][info][gc,phases      ] GC(1031) Marking Phase 284.465ms
[380.510s][info][gc,phases,start] GC(1031) Summary Phase
[380.510s][info][gc,phases      ] GC(1031) Summary Phase 0.035ms
[380.510s][info][gc,phases,start] GC(1031) Adjust Roots
[380.510s][info][gc,phases      ] GC(1031) Adjust Roots 0.252ms
[380.510s][info][gc,phases,start] GC(1031) Compaction Phase
[380.605s][info][gc,phases      ] GC(1031) Compaction Phase 95.219ms
[380.606s][info][gc,phases,start] GC(1031) Post Compact
[380.607s][info][gc,phases      ] GC(1031) Post Compact 1.526ms
[380.607s][info][gc,heap        ] GC(1031) PSYoungGen: 33771K(77312K)->33771K(77312K) Eden: 24575K(24576K)->24575K(24576K) From: 9195K(52736K)->9195K(52736K)
[380.607s][info][gc,heap        ] GC(1031) ParOldGen: 338804K(341504K)->338804K(341504K)
[380.607s][info][gc,metaspace   ] GC(1031) Metaspace: 6296K(6464K)->6296K(6464K) NonClass: 5763K(5824K)->5763K(5824K) Class: 532K(640K)->532K(640K)
[380.607s][info][gc             ] GC(1031) Pause Full (Ergonomics) 363M->363M(409M) 381.868ms
[380.607s][info][gc,cpu         ] GC(1031) User=0.34s Sys=0.00s Real=0.38s
[380.607s][info][gc,start       ] GC(1032) Pause Full (Ergonomics)
[380.607s][info][gc,phases,start] GC(1032) Marking Phase
[380.891s][info][gc,phases      ] GC(1032) Marking Phase 283.977ms
[380.892s][info][gc,phases,start] GC(1032) Summary Phase
[380.892s][info][gc,phases      ] GC(1032) Summary Phase 0.056ms
[380.892s][info][gc,phases,start] GC(1032) Adjust Roots
[380.892s][info][gc,phases      ] GC(1032) Adjust Roots 0.253ms
[380.892s][info][gc,phases,start] GC(1032) Compaction Phase
[380.988s][info][gc,phases      ] GC(1032) Compaction Phase 96.199ms
[380.988s][info][gc,phases,start] GC(1032) Post Compact
[380.990s][info][gc,phases      ] GC(1032) Post Compact 1.588ms
[380.990s][info][gc,heap        ] GC(1032) PSYoungGen: 33771K(77312K)->33771K(77312K) Eden: 24575K(24576K)->24575K(24576K) From: 9195K(52736K)->9195K(52736K)
[380.990s][info][gc,heap        ] GC(1032) ParOldGen: 338809K(341504K)->338809K(341504K)
[380.990s][info][gc,metaspace   ] GC(1032) Metaspace: 6296K(6464K)->6296K(6464K) NonClass: 5763K(5824K)->5763K(5824K) Class: 532K(640K)->532K(640K)
[380.990s][info][gc             ] GC(1032) Pause Full (Ergonomics) 363M->363M(409M) 382.521ms
[380.990s][info][gc,cpu         ] GC(1032) User=0.34s Sys=0.00s Real=0.38s
[380.990s][info][gc,start       ] GC(1033) Pause Full (Ergonomics)
[380.990s][info][gc,phases,start] GC(1033) Marking Phase
[381.275s][info][gc,phases      ] GC(1033) Marking Phase 284.560ms
[381.275s][info][gc,phases,start] GC(1033) Summary Phase
[381.275s][info][gc,phases      ] GC(1033) Summary Phase 0.033ms
[381.275s][info][gc,phases,start] GC(1033) Adjust Roots
[381.275s][info][gc,phases      ] GC(1033) Adjust Roots 0.212ms
[381.275s][info][gc,phases,start] GC(1033) Compaction Phase
[381.371s][info][gc,phases      ] GC(1033) Compaction Phase 95.738ms
[381.371s][info][gc,phases,start] GC(1033) Post Compact
[381.373s][info][gc,phases      ] GC(1033) Post Compact 1.534ms
[381.373s][info][gc,heap        ] GC(1033) PSYoungGen: 33771K(77312K)->33771K(77312K) Eden: 24575K(24576K)->24575K(24576K) From: 9195K(52736K)->9195K(52736K)
[381.373s][info][gc,heap        ] GC(1033) ParOldGen: 338814K(341504K)->338814K(341504K)
[381.373s][info][gc,metaspace   ] GC(1033) Metaspace: 6296K(6464K)->6296K(6464K) NonClass: 5763K(5824K)->5763K(5824K) Class: 532K(640K)->532K(640K)
[381.373s][info][gc             ] GC(1033) Pause Full (Ergonomics) 363M->363M(409M) 382.443ms
[381.373s][info][gc,cpu         ] GC(1033) User=0.34s Sys=0.00s Real=0.38s
[381.373s][info][gc,start       ] GC(1034) Pause Full (Ergonomics)
[381.373s][info][gc,phases,start] GC(1034) Marking Phase
[381.658s][info][gc,phases      ] GC(1034) Marking Phase 284.967ms
[381.658s][info][gc,phases,start] GC(1034) Summary Phase
[381.658s][info][gc,phases      ] GC(1034) Summary Phase 0.034ms
[381.658s][info][gc,phases,start] GC(1034) Adjust Roots
[381.658s][info][gc,phases      ] GC(1034) Adjust Roots 0.256ms
[381.658s][info][gc,phases,start] GC(1034) Compaction Phase
[381.754s][info][gc,phases      ] GC(1034) Compaction Phase 95.932ms
[381.754s][info][gc,phases,start] GC(1034) Post Compact
[381.756s][info][gc,phases      ] GC(1034) Post Compact 1.523ms
[381.756s][info][gc,heap        ] GC(1034) PSYoungGen: 33771K(77312K)->33771K(77312K) Eden: 24575K(24576K)->24575K(24576K) From: 9195K(52736K)->9195K(52736K)
[381.756s][info][gc,heap        ] GC(1034) ParOldGen: 338818K(341504K)->338818K(341504K)
[381.756s][info][gc,metaspace   ] GC(1034) Metaspace: 6296K(6464K)->6296K(6464K) NonClass: 5763K(5824K)->5763K(5824K) Class: 532K(640K)->532K(640K)
[381.756s][info][gc             ] GC(1034) Pause Full (Ergonomics) 363M->363M(409M) 383.131ms
[381.756s][info][gc,cpu         ] GC(1034) User=0.36s Sys=0.00s Real=0.38s
[381.756s][info][gc,start       ] GC(1035) Pause Full (Ergonomics)
[381.756s][info][gc,phases,start] GC(1035) Marking Phase
[382.041s][info][gc,phases      ] GC(1035) Marking Phase 284.843ms
[382.041s][info][gc,phases,start] GC(1035) Summary Phase
[382.041s][info][gc,phases      ] GC(1035) Summary Phase 0.034ms
[382.041s][info][gc,phases,start] GC(1035) Adjust Roots
[382.042s][info][gc,phases      ] GC(1035) Adjust Roots 0.257ms
[382.042s][info][gc,phases,start] GC(1035) Compaction Phase
[382.138s][info][gc,phases      ] GC(1035) Compaction Phase 95.976ms
[382.138s][info][gc,phases,start] GC(1035) Post Compact
[382.139s][info][gc,phases      ] GC(1035) Post Compact 1.533ms
[382.139s][info][gc,heap        ] GC(1035) PSYoungGen: 33771K(77312K)->33771K(77312K) Eden: 24575K(24576K)->24575K(24576K) From: 9195K(52736K)->9195K(52736K)
[382.139s][info][gc,heap        ] GC(1035) ParOldGen: 338823K(341504K)->338823K(341504K)
[382.139s][info][gc,metaspace   ] GC(1035) Metaspace: 6296K(6464K)->6296K(6464K) NonClass: 5763K(5824K)->5763K(5824K) Class: 532K(640K)->532K(640K)
[382.139s][info][gc             ] GC(1035) Pause Full (Ergonomics) 363M->363M(409M) 383.036ms
[382.139s][info][gc,cpu         ] GC(1035) User=0.34s Sys=0.00s Real=0.38s
[382.140s][info][gc,start       ] GC(1036) Pause Full (Ergonomics)
[382.140s][info][gc,phases,start] GC(1036) Marking Phase
[382.425s][info][gc,phases      ] GC(1036) Marking Phase 285.669ms
[382.425s][info][gc,phases,start] GC(1036) Summary Phase
[382.425s][info][gc,phases      ] GC(1036) Summary Phase 0.026ms
[382.425s][info][gc,phases,start] GC(1036) Adjust Roots
[382.426s][info][gc,phases      ] GC(1036) Adjust Roots 0.244ms
[382.426s][info][gc,phases,start] GC(1036) Compaction Phase
[382.525s][info][gc,phases      ] GC(1036) Compaction Phase 98.804ms
[382.525s][info][gc,phases,start] GC(1036) Post Compact
[382.526s][info][gc,phases      ] GC(1036) Post Compact 1.526ms
[382.526s][info][gc,heap        ] GC(1036) PSYoungGen: 33771K(77312K)->33771K(77312K) Eden: 24575K(24576K)->24575K(24576K) From: 9195K(52736K)->9195K(52736K)
[382.526s][info][gc,heap        ] GC(1036) ParOldGen: 338828K(341504K)->338828K(341504K)
[382.526s][info][gc,metaspace   ] GC(1036) Metaspace: 6296K(6464K)->6296K(6464K) NonClass: 5763K(5824K)->5763K(5824K) Class: 532K(640K)->532K(640K)
[382.526s][info][gc             ] GC(1036) Pause Full (Ergonomics) 363M->363M(409M) 386.588ms
[382.526s][info][gc,cpu         ] GC(1036) User=0.38s Sys=0.00s Real=0.39s
[382.527s][info][gc,start       ] GC(1037) Pause Full (Ergonomics)
[382.527s][info][gc,phases,start] GC(1037) Marking Phase
[382.812s][info][gc,phases      ] GC(1037) Marking Phase 284.935ms
[382.812s][info][gc,phases,start] GC(1037) Summary Phase
[382.812s][info][gc,phases      ] GC(1037) Summary Phase 0.022ms
[382.812s][info][gc,phases,start] GC(1037) Adjust Roots
[382.812s][info][gc,phases      ] GC(1037) Adjust Roots 0.225ms
[382.812s][info][gc,phases,start] GC(1037) Compaction Phase
[382.908s][info][gc,phases      ] GC(1037) Compaction Phase 96.049ms
[382.908s][info][gc,phases,start] GC(1037) Post Compact
[382.910s][info][gc,phases      ] GC(1037) Post Compact 1.526ms
[382.910s][info][gc,heap        ] GC(1037) PSYoungGen: 33771K(77312K)->33771K(77312K) Eden: 24575K(24576K)->24575K(24576K) From: 9195K(52736K)->9195K(52736K)
[382.910s][info][gc,heap        ] GC(1037) ParOldGen: 338832K(341504K)->338832K(341504K)
[382.910s][info][gc,metaspace   ] GC(1037) Metaspace: 6296K(6464K)->6296K(6464K) NonClass: 5763K(5824K)->5763K(5824K) Class: 532K(640K)->532K(640K)
[382.910s][info][gc             ] GC(1037) Pause Full (Ergonomics) 363M->363M(409M) 383.085ms
[382.910s][info][gc,cpu         ] GC(1037) User=0.34s Sys=0.00s Real=0.38s
[382.910s][info][gc,start       ] GC(1038) Pause Full (Ergonomics)
[382.910s][info][gc,phases,start] GC(1038) Marking Phase
[383.194s][info][gc,phases      ] GC(1038) Marking Phase 284.268ms
[383.194s][info][gc,phases,start] GC(1038) Summary Phase
[383.194s][info][gc,phases      ] GC(1038) Summary Phase 0.023ms
[383.195s][info][gc,phases,start] GC(1038) Adjust Roots
[383.195s][info][gc,phases      ] GC(1038) Adjust Roots 0.221ms
[383.195s][info][gc,phases,start] GC(1038) Compaction Phase
[383.291s][info][gc,phases      ] GC(1038) Compaction Phase 95.855ms
[383.291s][info][gc,phases,start] GC(1038) Post Compact
[383.292s][info][gc,phases      ] GC(1038) Post Compact 1.532ms
[383.292s][info][gc,heap        ] GC(1038) PSYoungGen: 33771K(77312K)->33771K(77312K) Eden: 24575K(24576K)->24575K(24576K) From: 9195K(52736K)->9195K(52736K)
[383.292s][info][gc,heap        ] GC(1038) ParOldGen: 338837K(341504K)->338837K(341504K)
[383.292s][info][gc,metaspace   ] GC(1038) Metaspace: 6296K(6464K)->6296K(6464K) NonClass: 5763K(5824K)->5763K(5824K) Class: 532K(640K)->532K(640K)
[383.292s][info][gc             ] GC(1038) Pause Full (Ergonomics) 363M->363M(409M) 382.227ms
[383.292s][info][gc,cpu         ] GC(1038) User=0.36s Sys=0.00s Real=0.38s
[383.293s][info][gc,start       ] GC(1039) Pause Full (Ergonomics)
[383.293s][info][gc,phases,start] GC(1039) Marking Phase
[383.577s][info][gc,phases      ] GC(1039) Marking Phase 284.593ms
[383.577s][info][gc,phases,start] GC(1039) Summary Phase
[383.577s][info][gc,phases      ] GC(1039) Summary Phase 0.028ms
[383.577s][info][gc,phases,start] GC(1039) Adjust Roots
[383.578s][info][gc,phases      ] GC(1039) Adjust Roots 0.237ms
[383.578s][info][gc,phases,start] GC(1039) Compaction Phase
[383.673s][info][gc,phases      ] GC(1039) Compaction Phase 95.220ms
[383.673s][info][gc,phases,start] GC(1039) Post Compact
[383.675s][info][gc,phases      ] GC(1039) Post Compact 1.787ms
[383.675s][info][gc,heap        ] GC(1039) PSYoungGen: 33771K(77312K)->33771K(77312K) Eden: 24575K(24576K)->24575K(24576K) From: 9195K(52736K)->9195K(52736K)
[383.675s][info][gc,heap        ] GC(1039) ParOldGen: 338842K(341504K)->338842K(341504K)
[383.675s][info][gc,metaspace   ] GC(1039) Metaspace: 6296K(6464K)->6296K(6464K) NonClass: 5763K(5824K)->5763K(5824K) Class: 532K(640K)->532K(640K)
[383.675s][info][gc             ] GC(1039) Pause Full (Ergonomics) 363M->363M(409M) 382.380ms
[383.675s][info][gc,cpu         ] GC(1039) User=0.34s Sys=0.00s Real=0.38s
[383.675s][info][gc,start       ] GC(1040) Pause Full (Ergonomics)
[383.675s][info][gc,phases,start] GC(1040) Marking Phase
[383.963s][info][gc,phases      ] GC(1040) Marking Phase 287.929ms
[383.963s][info][gc,phases,start] GC(1040) Summary Phase
[383.963s][info][gc,phases      ] GC(1040) Summary Phase 0.023ms
[383.963s][info][gc,phases,start] GC(1040) Adjust Roots
[383.964s][info][gc,phases      ] GC(1040) Adjust Roots 0.253ms
[383.964s][info][gc,phases,start] GC(1040) Compaction Phase
[384.077s][info][gc,phases      ] GC(1040) Compaction Phase 113.630ms
[384.077s][info][gc,phases,start] GC(1040) Post Compact
[384.079s][info][gc,phases      ] GC(1040) Post Compact 1.755ms
[384.079s][info][gc,heap        ] GC(1040) PSYoungGen: 33771K(77312K)->33771K(77312K) Eden: 24575K(24576K)->24575K(24576K) From: 9195K(52736K)->9195K(52736K)
[384.079s][info][gc,heap        ] GC(1040) ParOldGen: 338846K(341504K)->338846K(341504K)
[384.079s][info][gc,metaspace   ] GC(1040) Metaspace: 6296K(6464K)->6296K(6464K) NonClass: 5763K(5824K)->5763K(5824K) Class: 532K(640K)->532K(640K)
[384.079s][info][gc             ] GC(1040) Pause Full (Ergonomics) 363M->363M(409M) 403.936ms
[384.079s][info][gc,cpu         ] GC(1040) User=0.38s Sys=0.00s Real=0.40s
[384.079s][info][gc,start       ] GC(1041) Pause Full (Ergonomics)
[384.079s][info][gc,phases,start] GC(1041) Marking Phase
[384.376s][info][gc,phases      ] GC(1041) Marking Phase 296.325ms
[384.376s][info][gc,phases,start] GC(1041) Summary Phase
[384.376s][info][gc,phases      ] GC(1041) Summary Phase 0.026ms
[384.376s][info][gc,phases,start] GC(1041) Adjust Roots
[384.376s][info][gc,phases      ] GC(1041) Adjust Roots 0.239ms
[384.376s][info][gc,phases,start] GC(1041) Compaction Phase
[384.473s][info][gc,phases      ] GC(1041) Compaction Phase 97.110ms
[384.473s][info][gc,phases,start] GC(1041) Post Compact
[384.475s][info][gc,phases      ] GC(1041) Post Compact 1.589ms
[384.475s][info][gc,heap        ] GC(1041) PSYoungGen: 33771K(77312K)->33771K(77312K) Eden: 24575K(24576K)->24575K(24576K) From: 9195K(52736K)->9195K(52736K)
[384.475s][info][gc,heap        ] GC(1041) ParOldGen: 338851K(341504K)->338851K(341504K)
[384.475s][info][gc,metaspace   ] GC(1041) Metaspace: 6296K(6464K)->6296K(6464K) NonClass: 5763K(5824K)->5763K(5824K) Class: 532K(640K)->532K(640K)
[384.475s][info][gc             ] GC(1041) Pause Full (Ergonomics) 363M->363M(409M) 395.684ms
[384.475s][info][gc,cpu         ] GC(1041) User=0.36s Sys=0.00s Real=0.40s
[384.475s][info][gc,start       ] GC(1042) Pause Full (Ergonomics)
[384.475s][info][gc,phases,start] GC(1042) Marking Phase
[384.760s][info][gc,phases      ] GC(1042) Marking Phase 284.436ms
[384.760s][info][gc,phases,start] GC(1042) Summary Phase
[384.760s][info][gc,phases      ] GC(1042) Summary Phase 0.086ms
[384.760s][info][gc,phases,start] GC(1042) Adjust Roots
[384.760s][info][gc,phases      ] GC(1042) Adjust Roots 0.222ms
[384.760s][info][gc,phases,start] GC(1042) Compaction Phase
[384.856s][info][gc,phases      ] GC(1042) Compaction Phase 96.143ms
[384.856s][info][gc,phases,start] GC(1042) Post Compact
[384.858s][info][gc,phases      ] GC(1042) Post Compact 1.538ms
[384.858s][info][gc,heap        ] GC(1042) PSYoungGen: 33771K(77312K)->33771K(77312K) Eden: 24575K(24576K)->24575K(24576K) From: 9195K(52736K)->9195K(52736K)
[384.858s][info][gc,heap        ] GC(1042) ParOldGen: 338856K(341504K)->338856K(341504K)
[384.858s][info][gc,metaspace   ] GC(1042) Metaspace: 6296K(6464K)->6296K(6464K) NonClass: 5763K(5824K)->5763K(5824K) Class: 532K(640K)->532K(640K)
[384.858s][info][gc             ] GC(1042) Pause Full (Ergonomics) 363M->363M(409M) 382.821ms
[384.858s][info][gc,cpu         ] GC(1042) User=0.36s Sys=0.00s Real=0.38s
[384.858s][info][gc,start       ] GC(1043) Pause Full (Ergonomics)
[384.859s][info][gc,phases,start] GC(1043) Marking Phase
[385.148s][info][gc,phases      ] GC(1043) Marking Phase 289.170ms
[385.148s][info][gc,phases,start] GC(1043) Summary Phase
[385.148s][info][gc,phases      ] GC(1043) Summary Phase 0.023ms
[385.148s][info][gc,phases,start] GC(1043) Adjust Roots
[385.148s][info][gc,phases      ] GC(1043) Adjust Roots 0.307ms
[385.148s][info][gc,phases,start] GC(1043) Compaction Phase
[385.245s][info][gc,phases      ] GC(1043) Compaction Phase 97.132ms
[385.245s][info][gc,phases,start] GC(1043) Post Compact
[385.247s][info][gc,phases      ] GC(1043) Post Compact 1.537ms
[385.247s][info][gc,heap        ] GC(1043) PSYoungGen: 33771K(77312K)->33771K(77312K) Eden: 24575K(24576K)->24575K(24576K) From: 9195K(52736K)->9195K(52736K)
[385.247s][info][gc,heap        ] GC(1043) ParOldGen: 338860K(341504K)->338860K(341504K)
[385.247s][info][gc,metaspace   ] GC(1043) Metaspace: 6296K(6464K)->6296K(6464K) NonClass: 5763K(5824K)->5763K(5824K) Class: 532K(640K)->532K(640K)
[385.247s][info][gc             ] GC(1043) Pause Full (Ergonomics) 363M->363M(409M) 388.491ms
[385.247s][info][gc,cpu         ] GC(1043) User=0.38s Sys=0.00s Real=0.39s
[385.247s][info][gc,start       ] GC(1044) Pause Full (Ergonomics)
[385.247s][info][gc,phases,start] GC(1044) Marking Phase
[385.542s][info][gc,phases      ] GC(1044) Marking Phase 294.470ms
[385.542s][info][gc,phases,start] GC(1044) Summary Phase
[385.542s][info][gc,phases      ] GC(1044) Summary Phase 0.024ms
[385.542s][info][gc,phases,start] GC(1044) Adjust Roots
[385.542s][info][gc,phases      ] GC(1044) Adjust Roots 0.228ms
[385.542s][info][gc,phases,start] GC(1044) Compaction Phase
[385.639s][info][gc,phases      ] GC(1044) Compaction Phase 97.312ms
[385.639s][info][gc,phases,start] GC(1044) Post Compact
[385.641s][info][gc,phases      ] GC(1044) Post Compact 1.744ms
[385.641s][info][gc,heap        ] GC(1044) PSYoungGen: 33771K(77312K)->33771K(77312K) Eden: 24575K(24576K)->24575K(24576K) From: 9195K(52736K)->9195K(52736K)
[385.641s][info][gc,heap        ] GC(1044) ParOldGen: 338865K(341504K)->338865K(341504K)
[385.641s][info][gc,metaspace   ] GC(1044) Metaspace: 6296K(6464K)->6296K(6464K) NonClass: 5763K(5824K)->5763K(5824K) Class: 532K(640K)->532K(640K)
[385.641s][info][gc             ] GC(1044) Pause Full (Ergonomics) 363M->363M(409M) 394.114ms
[385.641s][info][gc,cpu         ] GC(1044) User=0.38s Sys=0.00s Real=0.39s
[385.642s][info][gc,start       ] GC(1045) Pause Full (Ergonomics)
[385.642s][info][gc,phases,start] GC(1045) Marking Phase
[385.936s][info][gc,phases      ] GC(1045) Marking Phase 294.880ms
[385.937s][info][gc,phases,start] GC(1045) Summary Phase
[385.937s][info][gc,phases      ] GC(1045) Summary Phase 0.024ms
[385.937s][info][gc,phases,start] GC(1045) Adjust Roots
[385.937s][info][gc,phases      ] GC(1045) Adjust Roots 0.195ms
[385.937s][info][gc,phases,start] GC(1045) Compaction Phase
[386.035s][info][gc,phases      ] GC(1045) Compaction Phase 97.781ms
[386.035s][info][gc,phases,start] GC(1045) Post Compact
[386.036s][info][gc,phases      ] GC(1045) Post Compact 1.552ms
[386.036s][info][gc,heap        ] GC(1045) PSYoungGen: 33771K(77312K)->33771K(77312K) Eden: 24575K(24576K)->24575K(24576K) From: 9195K(52736K)->9195K(52736K)
[386.036s][info][gc,heap        ] GC(1045) ParOldGen: 338870K(341504K)->338870K(341504K)
[386.036s][info][gc,metaspace   ] GC(1045) Metaspace: 6296K(6464K)->6296K(6464K) NonClass: 5763K(5824K)->5763K(5824K) Class: 532K(640K)->532K(640K)
[386.036s][info][gc             ] GC(1045) Pause Full (Ergonomics) 363M->363M(409M) 394.752ms
[386.036s][info][gc,cpu         ] GC(1045) User=0.38s Sys=0.00s Real=0.39s
[386.037s][info][gc,start       ] GC(1046) Pause Full (Ergonomics)
[386.037s][info][gc,phases,start] GC(1046) Marking Phase
[386.320s][info][gc,phases      ] GC(1046) Marking Phase 283.168ms
[386.320s][info][gc,phases,start] GC(1046) Summary Phase
[386.320s][info][gc,phases      ] GC(1046) Summary Phase 0.025ms
[386.320s][info][gc,phases,start] GC(1046) Adjust Roots
[386.320s][info][gc,phases      ] GC(1046) Adjust Roots 0.249ms
[386.320s][info][gc,phases,start] GC(1046) Compaction Phase
[386.417s][info][gc,phases      ] GC(1046) Compaction Phase 96.346ms
[386.417s][info][gc,phases,start] GC(1046) Post Compact
[386.418s][info][gc,phases      ] GC(1046) Post Compact 1.708ms
[386.418s][info][gc,heap        ] GC(1046) PSYoungGen: 33771K(77312K)->33771K(77312K) Eden: 24575K(24576K)->24575K(24576K) From: 9195K(52736K)->9195K(52736K)
[386.418s][info][gc,heap        ] GC(1046) ParOldGen: 338874K(341504K)->338874K(341504K)
[386.418s][info][gc,metaspace   ] GC(1046) Metaspace: 6296K(6464K)->6296K(6464K) NonClass: 5763K(5824K)->5763K(5824K) Class: 532K(640K)->532K(640K)
[386.418s][info][gc             ] GC(1046) Pause Full (Ergonomics) 363M->363M(409M) 381.882ms
[386.419s][info][gc,cpu         ] GC(1046) User=0.34s Sys=0.00s Real=0.38s
[386.419s][info][gc,start       ] GC(1047) Pause Full (Ergonomics)
[386.419s][info][gc,phases,start] GC(1047) Marking Phase
[386.705s][info][gc,phases      ] GC(1047) Marking Phase 286.584ms
[386.706s][info][gc,phases,start] GC(1047) Summary Phase
[386.706s][info][gc,phases      ] GC(1047) Summary Phase 0.019ms
[386.706s][info][gc,phases,start] GC(1047) Adjust Roots
[386.706s][info][gc,phases      ] GC(1047) Adjust Roots 0.316ms
[386.706s][info][gc,phases,start] GC(1047) Compaction Phase
[386.803s][info][gc,phases      ] GC(1047) Compaction Phase 97.576ms
[386.804s][info][gc,phases,start] GC(1047) Post Compact
[386.805s][info][gc,phases      ] GC(1047) Post Compact 1.550ms
[386.805s][info][gc,heap        ] GC(1047) PSYoungGen: 33771K(77312K)->33771K(77312K) Eden: 24575K(24576K)->24575K(24576K) From: 9195K(52736K)->9195K(52736K)
[386.805s][info][gc,heap        ] GC(1047) ParOldGen: 338879K(341504K)->338879K(341504K)
[386.805s][info][gc,metaspace   ] GC(1047) Metaspace: 6296K(6464K)->6296K(6464K) NonClass: 5763K(5824K)->5763K(5824K) Class: 532K(640K)->532K(640K)
[386.805s][info][gc             ] GC(1047) Pause Full (Ergonomics) 363M->363M(409M) 386.386ms
[386.805s][info][gc,cpu         ] GC(1047) User=0.36s Sys=0.02s Real=0.39s
[386.805s][info][gc,start       ] GC(1048) Pause Full (Ergonomics)
[386.806s][info][gc,phases,start] GC(1048) Marking Phase
[387.090s][info][gc,phases      ] GC(1048) Marking Phase 284.124ms
[387.090s][info][gc,phases,start] GC(1048) Summary Phase
[387.090s][info][gc,phases      ] GC(1048) Summary Phase 0.024ms
[387.090s][info][gc,phases,start] GC(1048) Adjust Roots
[387.090s][info][gc,phases      ] GC(1048) Adjust Roots 0.186ms
[387.090s][info][gc,phases,start] GC(1048) Compaction Phase
[387.185s][info][gc,phases      ] GC(1048) Compaction Phase 94.794ms
[387.185s][info][gc,phases,start] GC(1048) Post Compact
[387.187s][info][gc,phases      ] GC(1048) Post Compact 1.857ms
[387.187s][info][gc,heap        ] GC(1048) PSYoungGen: 33771K(77312K)->33771K(77312K) Eden: 24575K(24576K)->24575K(24576K) From: 9195K(52736K)->9195K(52736K)
[387.187s][info][gc,heap        ] GC(1048) ParOldGen: 338884K(341504K)->338884K(341504K)
[387.187s][info][gc,metaspace   ] GC(1048) Metaspace: 6296K(6464K)->6296K(6464K) NonClass: 5763K(5824K)->5763K(5824K) Class: 532K(640K)->532K(640K)
[387.187s][info][gc             ] GC(1048) Pause Full (Ergonomics) 363M->363M(409M) 381.329ms
[387.187s][info][gc,cpu         ] GC(1048) User=0.34s Sys=0.02s Real=0.38s
[387.187s][info][gc,start       ] GC(1049) Pause Full (Ergonomics)
[387.187s][info][gc,phases,start] GC(1049) Marking Phase
[387.483s][info][gc,phases      ] GC(1049) Marking Phase 295.699ms
[387.483s][info][gc,phases,start] GC(1049) Summary Phase
[387.483s][info][gc,phases      ] GC(1049) Summary Phase 0.029ms
[387.483s][info][gc,phases,start] GC(1049) Adjust Roots
[387.483s][info][gc,phases      ] GC(1049) Adjust Roots 0.317ms
[387.483s][info][gc,phases,start] GC(1049) Compaction Phase
[387.583s][info][gc,phases      ] GC(1049) Compaction Phase 100.027ms
[387.583s][info][gc,phases,start] GC(1049) Post Compact
[387.585s][info][gc,phases      ] GC(1049) Post Compact 1.705ms
[387.585s][info][gc,heap        ] GC(1049) PSYoungGen: 33771K(77312K)->33771K(77312K) Eden: 24575K(24576K)->24575K(24576K) From: 9195K(52736K)->9195K(52736K)
[387.585s][info][gc,heap        ] GC(1049) ParOldGen: 338888K(341504K)->338888K(341504K)
[387.585s][info][gc,metaspace   ] GC(1049) Metaspace: 6296K(6464K)->6296K(6464K) NonClass: 5763K(5824K)->5763K(5824K) Class: 532K(640K)->532K(640K)
[387.585s][info][gc             ] GC(1049) Pause Full (Ergonomics) 363M->363M(409M) 398.129ms
[387.585s][info][gc,cpu         ] GC(1049) User=0.36s Sys=0.02s Real=0.40s
[387.586s][info][gc,start       ] GC(1050) Pause Full (Ergonomics)
[387.586s][info][gc,phases,start] GC(1050) Marking Phase
[387.868s][info][gc,phases      ] GC(1050) Marking Phase 282.554ms
[387.868s][info][gc,phases,start] GC(1050) Summary Phase
[387.868s][info][gc,phases      ] GC(1050) Summary Phase 0.025ms
[387.868s][info][gc,phases,start] GC(1050) Adjust Roots
[387.868s][info][gc,phases      ] GC(1050) Adjust Roots 0.239ms
[387.868s][info][gc,phases,start] GC(1050) Compaction Phase
[387.966s][info][gc,phases      ] GC(1050) Compaction Phase 97.373ms
[387.966s][info][gc,phases,start] GC(1050) Post Compact
[387.968s][info][gc,phases      ] GC(1050) Post Compact 1.750ms
[387.968s][info][gc,heap        ] GC(1050) PSYoungGen: 33771K(77312K)->33771K(77312K) Eden: 24575K(24576K)->24575K(24576K) From: 9195K(52736K)->9195K(52736K)
[387.968s][info][gc,heap        ] GC(1050) ParOldGen: 338893K(341504K)->338893K(341504K)
[387.968s][info][gc,metaspace   ] GC(1050) Metaspace: 6296K(6464K)->6296K(6464K) NonClass: 5763K(5824K)->5763K(5824K) Class: 532K(640K)->532K(640K)
[387.968s][info][gc             ] GC(1050) Pause Full (Ergonomics) 363M->363M(409M) 382.289ms
[387.968s][info][gc,cpu         ] GC(1050) User=0.33s Sys=0.00s Real=0.38s
[387.968s][info][gc,start       ] GC(1051) Pause Full (Ergonomics)
[387.968s][info][gc,phases,start] GC(1051) Marking Phase
[388.253s][info][gc,phases      ] GC(1051) Marking Phase 284.897ms
[388.253s][info][gc,phases,start] GC(1051) Summary Phase
[388.253s][info][gc,phases      ] GC(1051) Summary Phase 0.024ms
[388.253s][info][gc,phases,start] GC(1051) Adjust Roots
[388.253s][info][gc,phases      ] GC(1051) Adjust Roots 0.184ms
[388.253s][info][gc,phases,start] GC(1051) Compaction Phase
[388.350s][info][gc,phases      ] GC(1051) Compaction Phase 96.525ms
[388.350s][info][gc,phases,start] GC(1051) Post Compact
[388.352s][info][gc,phases      ] GC(1051) Post Compact 1.585ms
[388.352s][info][gc,heap        ] GC(1051) PSYoungGen: 33771K(77312K)->33771K(77312K) Eden: 24575K(24576K)->24575K(24576K) From: 9195K(52736K)->9195K(52736K)
[388.352s][info][gc,heap        ] GC(1051) ParOldGen: 338898K(341504K)->338898K(341504K)
[388.352s][info][gc,metaspace   ] GC(1051) Metaspace: 6296K(6464K)->6296K(6464K) NonClass: 5763K(5824K)->5763K(5824K) Class: 532K(640K)->532K(640K)
[388.352s][info][gc             ] GC(1051) Pause Full (Ergonomics) 363M->363M(409M) 383.561ms
[388.352s][info][gc,cpu         ] GC(1051) User=0.36s Sys=0.00s Real=0.38s
[388.352s][info][gc,start       ] GC(1052) Pause Full (Ergonomics)
[388.352s][info][gc,phases,start] GC(1052) Marking Phase
[388.639s][info][gc,phases      ] GC(1052) Marking Phase 287.320ms
[388.639s][info][gc,phases,start] GC(1052) Summary Phase
[388.639s][info][gc,phases      ] GC(1052) Summary Phase 0.025ms
[388.639s][info][gc,phases,start] GC(1052) Adjust Roots
[388.640s][info][gc,phases      ] GC(1052) Adjust Roots 0.235ms
[388.640s][info][gc,phases,start] GC(1052) Compaction Phase
[388.738s][info][gc,phases      ] GC(1052) Compaction Phase 98.165ms
[388.738s][info][gc,phases,start] GC(1052) Post Compact
[388.739s][info][gc,phases      ] GC(1052) Post Compact 1.525ms
[388.740s][info][gc,heap        ] GC(1052) PSYoungGen: 33771K(77312K)->33771K(77312K) Eden: 24575K(24576K)->24575K(24576K) From: 9195K(52736K)->9195K(52736K)
[388.740s][info][gc,heap        ] GC(1052) ParOldGen: 338902K(341504K)->338902K(341504K)
[388.740s][info][gc,metaspace   ] GC(1052) Metaspace: 6296K(6464K)->6296K(6464K) NonClass: 5763K(5824K)->5763K(5824K) Class: 532K(640K)->532K(640K)
[388.740s][info][gc             ] GC(1052) Pause Full (Ergonomics) 363M->363M(409M) 387.624ms
[388.740s][info][gc,cpu         ] GC(1052) User=0.36s Sys=0.00s Real=0.39s
[388.740s][info][gc,start       ] GC(1053) Pause Full (Ergonomics)
[388.740s][info][gc,phases,start] GC(1053) Marking Phase
[389.023s][info][gc,phases      ] GC(1053) Marking Phase 283.163ms
[389.023s][info][gc,phases,start] GC(1053) Summary Phase
[389.023s][info][gc,phases      ] GC(1053) Summary Phase 0.023ms
[389.023s][info][gc,phases,start] GC(1053) Adjust Roots
[389.024s][info][gc,phases      ] GC(1053) Adjust Roots 0.236ms
[389.024s][info][gc,phases,start] GC(1053) Compaction Phase
[389.117s][info][gc,phases      ] GC(1053) Compaction Phase 93.591ms
[389.117s][info][gc,phases,start] GC(1053) Post Compact
[389.119s][info][gc,phases      ] GC(1053) Post Compact 1.736ms
[389.119s][info][gc,heap        ] GC(1053) PSYoungGen: 33771K(77312K)->33771K(77312K) Eden: 24575K(24576K)->24575K(24576K) From: 9195K(52736K)->9195K(52736K)
[389.119s][info][gc,heap        ] GC(1053) ParOldGen: 338907K(341504K)->338907K(341504K)
[389.119s][info][gc,metaspace   ] GC(1053) Metaspace: 6296K(6464K)->6296K(6464K) NonClass: 5763K(5824K)->5763K(5824K) Class: 532K(640K)->532K(640K)
[389.119s][info][gc             ] GC(1053) Pause Full (Ergonomics) 363M->363M(409M) 379.084ms
[389.119s][info][gc,cpu         ] GC(1053) User=0.34s Sys=0.00s Real=0.38s
[389.120s][info][gc,start       ] GC(1054) Pause Full (Ergonomics)
[389.120s][info][gc,phases,start] GC(1054) Marking Phase
[389.401s][info][gc,phases      ] GC(1054) Marking Phase 281.199ms
[389.401s][info][gc,phases,start] GC(1054) Summary Phase
[389.401s][info][gc,phases      ] GC(1054) Summary Phase 0.023ms
[389.401s][info][gc,phases,start] GC(1054) Adjust Roots
[389.401s][info][gc,phases      ] GC(1054) Adjust Roots 0.255ms
[389.401s][info][gc,phases,start] GC(1054) Compaction Phase
[389.500s][info][gc,phases      ] GC(1054) Compaction Phase 98.528ms
[389.500s][info][gc,phases,start] GC(1054) Post Compact
[389.501s][info][gc,phases      ] GC(1054) Post Compact 1.712ms
[389.502s][info][gc,heap        ] GC(1054) PSYoungGen: 33771K(77312K)->33771K(77312K) Eden: 24575K(24576K)->24575K(24576K) From: 9195K(52736K)->9195K(52736K)
[389.502s][info][gc,heap        ] GC(1054) ParOldGen: 338912K(341504K)->338912K(341504K)
[389.502s][info][gc,metaspace   ] GC(1054) Metaspace: 6296K(6464K)->6296K(6464K) NonClass: 5763K(5824K)->5763K(5824K) Class: 532K(640K)->532K(640K)
[389.502s][info][gc             ] GC(1054) Pause Full (Ergonomics) 363M->363M(409M) 382.059ms
[389.502s][info][gc,cpu         ] GC(1054) User=0.34s Sys=0.00s Real=0.38s
[389.502s][info][gc,start       ] GC(1055) Pause Full (Ergonomics)
[389.502s][info][gc,phases,start] GC(1055) Marking Phase
[389.794s][info][gc,phases      ] GC(1055) Marking Phase 291.673ms
[389.794s][info][gc,phases,start] GC(1055) Summary Phase
[389.794s][info][gc,phases      ] GC(1055) Summary Phase 0.023ms
[389.794s][info][gc,phases,start] GC(1055) Adjust Roots
[389.794s][info][gc,phases      ] GC(1055) Adjust Roots 0.234ms
[389.794s][info][gc,phases,start] GC(1055) Compaction Phase
[389.891s][info][gc,phases      ] GC(1055) Compaction Phase 97.307ms
[389.891s][info][gc,phases,start] GC(1055) Post Compact
[389.893s][info][gc,phases      ] GC(1055) Post Compact 1.738ms
[389.893s][info][gc,heap        ] GC(1055) PSYoungGen: 33771K(77312K)->33771K(77312K) Eden: 24575K(24576K)->24575K(24576K) From: 9195K(52736K)->9195K(52736K)
[389.893s][info][gc,heap        ] GC(1055) ParOldGen: 338916K(341504K)->338916K(341504K)
[389.893s][info][gc,metaspace   ] GC(1055) Metaspace: 6296K(6464K)->6296K(6464K) NonClass: 5763K(5824K)->5763K(5824K) Class: 532K(640K)->532K(640K)
[389.893s][info][gc             ] GC(1055) Pause Full (Ergonomics) 363M->363M(409M) 391.311ms
[389.893s][info][gc,cpu         ] GC(1055) User=0.36s Sys=0.00s Real=0.39s
[389.893s][info][gc,start       ] GC(1056) Pause Full (Ergonomics)
[389.893s][info][gc,phases,start] GC(1056) Marking Phase
[390.181s][info][gc,phases      ] GC(1056) Marking Phase 287.448ms
[390.181s][info][gc,phases,start] GC(1056) Summary Phase
[390.181s][info][gc,phases      ] GC(1056) Summary Phase 0.024ms
[390.181s][info][gc,phases,start] GC(1056) Adjust Roots
[390.181s][info][gc,phases      ] GC(1056) Adjust Roots 0.311ms
[390.181s][info][gc,phases,start] GC(1056) Compaction Phase
[390.279s][info][gc,phases      ] GC(1056) Compaction Phase 97.565ms
[390.279s][info][gc,phases,start] GC(1056) Post Compact
[390.281s][info][gc,phases      ] GC(1056) Post Compact 1.792ms
[390.281s][info][gc,heap        ] GC(1056) PSYoungGen: 33771K(77312K)->33771K(77312K) Eden: 24575K(24576K)->24575K(24576K) From: 9195K(52736K)->9195K(52736K)
[390.281s][info][gc,heap        ] GC(1056) ParOldGen: 338921K(341504K)->338921K(341504K)
[390.281s][info][gc,metaspace   ] GC(1056) Metaspace: 6296K(6464K)->6296K(6464K) NonClass: 5763K(5824K)->5763K(5824K) Class: 532K(640K)->532K(640K)
[390.281s][info][gc             ] GC(1056) Pause Full (Ergonomics) 363M->363M(409M) 387.518ms
[390.281s][info][gc,cpu         ] GC(1056) User=0.34s Sys=0.00s Real=0.39s
[390.281s][info][gc,start       ] GC(1057) Pause Full (Ergonomics)
[390.281s][info][gc,phases,start] GC(1057) Marking Phase
[390.570s][info][gc,phases      ] GC(1057) Marking Phase 289.029ms
[390.570s][info][gc,phases,start] GC(1057) Summary Phase
[390.570s][info][gc,phases      ] GC(1057) Summary Phase 0.042ms
[390.570s][info][gc,phases,start] GC(1057) Adjust Roots
[390.571s][info][gc,phases      ] GC(1057) Adjust Roots 0.318ms
[390.571s][info][gc,phases,start] GC(1057) Compaction Phase
[390.671s][info][gc,phases      ] GC(1057) Compaction Phase 99.894ms
[390.671s][info][gc,phases,start] GC(1057) Post Compact
[390.672s][info][gc,phases      ] GC(1057) Post Compact 1.546ms
[390.672s][info][gc,heap        ] GC(1057) PSYoungGen: 33771K(77312K)->33771K(77312K) Eden: 24575K(24576K)->24575K(24576K) From: 9195K(52736K)->9195K(52736K)
[390.672s][info][gc,heap        ] GC(1057) ParOldGen: 338926K(341504K)->338926K(341504K)
[390.672s][info][gc,metaspace   ] GC(1057) Metaspace: 6296K(6464K)->6296K(6464K) NonClass: 5763K(5824K)->5763K(5824K) Class: 532K(640K)->532K(640K)
[390.672s][info][gc             ] GC(1057) Pause Full (Ergonomics) 363M->363M(409M) 391.274ms
[390.672s][info][gc,cpu         ] GC(1057) User=0.36s Sys=0.00s Real=0.39s
[390.673s][info][gc,start       ] GC(1058) Pause Full (Ergonomics)
[390.673s][info][gc,phases,start] GC(1058) Marking Phase
[390.956s][info][gc,phases      ] GC(1058) Marking Phase 283.250ms
[390.956s][info][gc,phases,start] GC(1058) Summary Phase
[390.956s][info][gc,phases      ] GC(1058) Summary Phase 0.025ms
[390.956s][info][gc,phases,start] GC(1058) Adjust Roots
[390.956s][info][gc,phases      ] GC(1058) Adjust Roots 0.238ms
[390.956s][info][gc,phases,start] GC(1058) Compaction Phase
[391.052s][info][gc,phases      ] GC(1058) Compaction Phase 95.907ms
[391.052s][info][gc,phases,start] GC(1058) Post Compact
[391.054s][info][gc,phases      ] GC(1058) Post Compact 1.531ms
[391.054s][info][gc,heap        ] GC(1058) PSYoungGen: 33771K(77312K)->33771K(77312K) Eden: 24575K(24576K)->24575K(24576K) From: 9195K(52736K)->9195K(52736K)
[391.054s][info][gc,heap        ] GC(1058) ParOldGen: 338930K(341504K)->338930K(341504K)
[391.054s][info][gc,metaspace   ] GC(1058) Metaspace: 6296K(6464K)->6296K(6464K) NonClass: 5763K(5824K)->5763K(5824K) Class: 532K(640K)->532K(640K)
[391.054s][info][gc             ] GC(1058) Pause Full (Ergonomics) 363M->363M(409M) 381.298ms
[391.054s][info][gc,cpu         ] GC(1058) User=0.38s Sys=0.00s Real=0.38s
[391.054s][info][gc,start       ] GC(1059) Pause Full (Ergonomics)
[391.054s][info][gc,phases,start] GC(1059) Marking Phase
[391.339s][info][gc,phases      ] GC(1059) Marking Phase 285.111ms
[391.339s][info][gc,phases,start] GC(1059) Summary Phase
[391.339s][info][gc,phases      ] GC(1059) Summary Phase 0.018ms
[391.339s][info][gc,phases,start] GC(1059) Adjust Roots
[391.340s][info][gc,phases      ] GC(1059) Adjust Roots 0.296ms
[391.340s][info][gc,phases,start] GC(1059) Compaction Phase
[391.438s][info][gc,phases      ] GC(1059) Compaction Phase 97.735ms
[391.438s][info][gc,phases,start] GC(1059) Post Compact
[391.439s][info][gc,phases      ] GC(1059) Post Compact 1.514ms
[391.439s][info][gc,heap        ] GC(1059) PSYoungGen: 33771K(77312K)->33771K(77312K) Eden: 24575K(24576K)->24575K(24576K) From: 9195K(52736K)->9195K(52736K)
[391.439s][info][gc,heap        ] GC(1059) ParOldGen: 338935K(341504K)->338935K(341504K)
[391.439s][info][gc,metaspace   ] GC(1059) Metaspace: 6296K(6464K)->6296K(6464K) NonClass: 5763K(5824K)->5763K(5824K) Class: 532K(640K)->532K(640K)
[391.439s][info][gc             ] GC(1059) Pause Full (Ergonomics) 363M->363M(409M) 384.989ms
[391.439s][info][gc,cpu         ] GC(1059) User=0.33s Sys=0.02s Real=0.38s
[391.439s][info][gc,start       ] GC(1060) Pause Full (Ergonomics)
[391.440s][info][gc,phases,start] GC(1060) Marking Phase
[391.728s][info][gc,phases      ] GC(1060) Marking Phase 288.295ms
[391.728s][info][gc,phases,start] GC(1060) Summary Phase
[391.728s][info][gc,phases      ] GC(1060) Summary Phase 0.023ms
[391.728s][info][gc,phases,start] GC(1060) Adjust Roots
[391.728s][info][gc,phases      ] GC(1060) Adjust Roots 0.189ms
[391.728s][info][gc,phases,start] GC(1060) Compaction Phase
[391.826s][info][gc,phases      ] GC(1060) Compaction Phase 98.008ms
[391.826s][info][gc,phases,start] GC(1060) Post Compact
[391.828s][info][gc,phases      ] GC(1060) Post Compact 1.536ms
[391.828s][info][gc,heap        ] GC(1060) PSYoungGen: 33771K(77312K)->33771K(77312K) Eden: 24575K(24576K)->24575K(24576K) From: 9195K(52736K)->9195K(52736K)
[391.828s][info][gc,heap        ] GC(1060) ParOldGen: 338940K(341504K)->338940K(341504K)
[391.828s][info][gc,metaspace   ] GC(1060) Metaspace: 6296K(6464K)->6296K(6464K) NonClass: 5763K(5824K)->5763K(5824K) Class: 532K(640K)->532K(640K)
[391.828s][info][gc             ] GC(1060) Pause Full (Ergonomics) 363M->363M(409M) 388.382ms
[391.828s][info][gc,cpu         ] GC(1060) User=0.36s Sys=0.00s Real=0.39s
[391.828s][info][gc,start       ] GC(1061) Pause Full (Ergonomics)
[391.828s][info][gc,phases,start] GC(1061) Marking Phase
[392.141s][info][gc,phases      ] GC(1061) Marking Phase 313.222ms
[392.141s][info][gc,phases,start] GC(1061) Summary Phase
[392.141s][info][gc,phases      ] GC(1061) Summary Phase 0.018ms
[392.141s][info][gc,phases,start] GC(1061) Adjust Roots
[392.142s][info][gc,phases      ] GC(1061) Adjust Roots 0.244ms
[392.142s][info][gc,phases,start] GC(1061) Compaction Phase
[392.244s][info][gc,phases      ] GC(1061) Compaction Phase 102.308ms
[392.244s][info][gc,phases,start] GC(1061) Post Compact
[392.246s][info][gc,phases      ] GC(1061) Post Compact 1.854ms
[392.246s][info][gc,heap        ] GC(1061) PSYoungGen: 33771K(77312K)->33771K(77312K) Eden: 24575K(24576K)->24575K(24576K) From: 9195K(52736K)->9195K(52736K)
[392.246s][info][gc,heap        ] GC(1061) ParOldGen: 338944K(341504K)->338944K(341504K)
[392.246s][info][gc,metaspace   ] GC(1061) Metaspace: 6296K(6464K)->6296K(6464K) NonClass: 5763K(5824K)->5763K(5824K) Class: 532K(640K)->532K(640K)
[392.246s][info][gc             ] GC(1061) Pause Full (Ergonomics) 363M->363M(409M) 417.971ms
[392.246s][info][gc,cpu         ] GC(1061) User=0.39s Sys=0.00s Real=0.42s
[392.246s][info][gc,start       ] GC(1062) Pause Full (Ergonomics)
[392.246s][info][gc,phases,start] GC(1062) Marking Phase
[392.550s][info][gc,phases      ] GC(1062) Marking Phase 303.196ms
[392.550s][info][gc,phases,start] GC(1062) Summary Phase
[392.550s][info][gc,phases      ] GC(1062) Summary Phase 0.030ms
[392.550s][info][gc,phases,start] GC(1062) Adjust Roots
[392.550s][info][gc,phases      ] GC(1062) Adjust Roots 0.395ms
[392.550s][info][gc,phases,start] GC(1062) Compaction Phase
[392.661s][info][gc,phases      ] GC(1062) Compaction Phase 110.587ms
[392.661s][info][gc,phases,start] GC(1062) Post Compact
[392.663s][info][gc,phases      ] GC(1062) Post Compact 1.781ms
[392.663s][info][gc,heap        ] GC(1062) PSYoungGen: 33771K(77312K)->33771K(77312K) Eden: 24575K(24576K)->24575K(24576K) From: 9195K(52736K)->9195K(52736K)
[392.663s][info][gc,heap        ] GC(1062) ParOldGen: 338949K(341504K)->338949K(341504K)
[392.663s][info][gc,metaspace   ] GC(1062) Metaspace: 6296K(6464K)->6296K(6464K) NonClass: 5763K(5824K)->5763K(5824K) Class: 532K(640K)->532K(640K)
[392.663s][info][gc             ] GC(1062) Pause Full (Ergonomics) 363M->363M(409M) 416.389ms
[392.663s][info][gc,cpu         ] GC(1062) User=0.39s Sys=0.00s Real=0.42s
[392.663s][info][gc,start       ] GC(1063) Pause Full (Ergonomics)
[392.663s][info][gc,phases,start] GC(1063) Marking Phase
[392.952s][info][gc,phases      ] GC(1063) Marking Phase 289.264ms
[392.952s][info][gc,phases,start] GC(1063) Summary Phase
[392.952s][info][gc,phases      ] GC(1063) Summary Phase 0.023ms
[392.952s][info][gc,phases,start] GC(1063) Adjust Roots
[392.953s][info][gc,phases      ] GC(1063) Adjust Roots 0.191ms
[392.953s][info][gc,phases,start] GC(1063) Compaction Phase
[393.051s][info][gc,phases      ] GC(1063) Compaction Phase 98.404ms
[393.051s][info][gc,phases,start] GC(1063) Post Compact
[393.053s][info][gc,phases      ] GC(1063) Post Compact 1.785ms
[393.053s][info][gc,heap        ] GC(1063) PSYoungGen: 33771K(77312K)->33771K(77312K) Eden: 24575K(24576K)->24575K(24576K) From: 9195K(52736K)->9195K(52736K)
[393.053s][info][gc,heap        ] GC(1063) ParOldGen: 338954K(341504K)->338954K(341504K)
[393.053s][info][gc,metaspace   ] GC(1063) Metaspace: 6296K(6464K)->6296K(6464K) NonClass: 5763K(5824K)->5763K(5824K) Class: 532K(640K)->532K(640K)
[393.053s][info][gc             ] GC(1063) Pause Full (Ergonomics) 363M->363M(409M) 390.000ms
[393.053s][info][gc,cpu         ] GC(1063) User=0.34s Sys=0.00s Real=0.39s
[393.053s][info][gc,start       ] GC(1064) Pause Full (Ergonomics)
[393.053s][info][gc,phases,start] GC(1064) Marking Phase
[393.342s][info][gc,phases      ] GC(1064) Marking Phase 288.260ms
[393.342s][info][gc,phases,start] GC(1064) Summary Phase
[393.342s][info][gc,phases      ] GC(1064) Summary Phase 0.019ms
[393.342s][info][gc,phases,start] GC(1064) Adjust Roots
[393.342s][info][gc,phases      ] GC(1064) Adjust Roots 0.245ms
[393.342s][info][gc,phases,start] GC(1064) Compaction Phase
[393.443s][info][gc,phases      ] GC(1064) Compaction Phase 100.987ms
[393.443s][info][gc,phases,start] GC(1064) Post Compact
[393.445s][info][gc,phases      ] GC(1064) Post Compact 1.618ms
[393.445s][info][gc,heap        ] GC(1064) PSYoungGen: 33771K(77312K)->33771K(77312K) Eden: 24575K(24576K)->24575K(24576K) From: 9195K(52736K)->9195K(52736K)
[393.445s][info][gc,heap        ] GC(1064) ParOldGen: 338958K(341504K)->338958K(341504K)
[393.445s][info][gc,metaspace   ] GC(1064) Metaspace: 6296K(6464K)->6296K(6464K) NonClass: 5763K(5824K)->5763K(5824K) Class: 532K(640K)->532K(640K)
[393.445s][info][gc             ] GC(1064) Pause Full (Ergonomics) 363M->363M(409M) 391.495ms
[393.445s][info][gc,cpu         ] GC(1064) User=0.34s Sys=0.00s Real=0.39s
[393.445s][info][gc,start       ] GC(1065) Pause Full (Ergonomics)
[393.445s][info][gc,phases,start] GC(1065) Marking Phase
[393.728s][info][gc,phases      ] GC(1065) Marking Phase 282.935ms
[393.728s][info][gc,phases,start] GC(1065) Summary Phase
[393.728s][info][gc,phases      ] GC(1065) Summary Phase 0.023ms
[393.728s][info][gc,phases,start] GC(1065) Adjust Roots
[393.728s][info][gc,phases      ] GC(1065) Adjust Roots 0.198ms
[393.728s][info][gc,phases,start] GC(1065) Compaction Phase
[393.824s][info][gc,phases      ] GC(1065) Compaction Phase 95.275ms
[393.824s][info][gc,phases,start] GC(1065) Post Compact
[393.825s][info][gc,phases      ] GC(1065) Post Compact 1.665ms
[393.825s][info][gc,heap        ] GC(1065) PSYoungGen: 33771K(77312K)->33771K(77312K) Eden: 24575K(24576K)->24575K(24576K) From: 9195K(52736K)->9195K(52736K)
[393.826s][info][gc,heap        ] GC(1065) ParOldGen: 338963K(341504K)->338963K(341504K)
[393.826s][info][gc,metaspace   ] GC(1065) Metaspace: 6296K(6464K)->6296K(6464K) NonClass: 5763K(5824K)->5763K(5824K) Class: 532K(640K)->532K(640K)
[393.826s][info][gc             ] GC(1065) Pause Full (Ergonomics) 363M->363M(409M) 380.442ms
[393.826s][info][gc,cpu         ] GC(1065) User=0.34s Sys=0.00s Real=0.38s
[393.826s][info][gc,start       ] GC(1066) Pause Full (Ergonomics)
[393.826s][info][gc,phases,start] GC(1066) Marking Phase
[394.111s][info][gc,phases      ] GC(1066) Marking Phase 285.111ms
[394.111s][info][gc,phases,start] GC(1066) Summary Phase
[394.111s][info][gc,phases      ] GC(1066) Summary Phase 0.022ms
[394.111s][info][gc,phases,start] GC(1066) Adjust Roots
[394.111s][info][gc,phases      ] GC(1066) Adjust Roots 0.251ms
[394.111s][info][gc,phases,start] GC(1066) Compaction Phase
[394.209s][info][gc,phases      ] GC(1066) Compaction Phase 97.644ms
[394.209s][info][gc,phases,start] GC(1066) Post Compact
[394.211s][info][gc,phases      ] GC(1066) Post Compact 1.551ms
[394.211s][info][gc,heap        ] GC(1066) PSYoungGen: 33771K(77312K)->33771K(77312K) Eden: 24575K(24576K)->24575K(24576K) From: 9195K(52736K)->9195K(52736K)
[394.211s][info][gc,heap        ] GC(1066) ParOldGen: 338968K(341504K)->338968K(341504K)
[394.211s][info][gc,metaspace   ] GC(1066) Metaspace: 6296K(6464K)->6296K(6464K) NonClass: 5763K(5824K)->5763K(5824K) Class: 532K(640K)->532K(640K)
[394.211s][info][gc             ] GC(1066) Pause Full (Ergonomics) 364M->364M(409M) 384.927ms
[394.211s][info][gc,cpu         ] GC(1066) User=0.36s Sys=0.00s Real=0.38s
[394.211s][info][gc,start       ] GC(1067) Pause Full (Ergonomics)
[394.211s][info][gc,phases,start] GC(1067) Marking Phase
[394.495s][info][gc,phases      ] GC(1067) Marking Phase 283.948ms
[394.495s][info][gc,phases,start] GC(1067) Summary Phase
[394.495s][info][gc,phases      ] GC(1067) Summary Phase 0.023ms
[394.495s][info][gc,phases,start] GC(1067) Adjust Roots
[394.495s][info][gc,phases      ] GC(1067) Adjust Roots 0.200ms
[394.495s][info][gc,phases,start] GC(1067) Compaction Phase
[394.591s][info][gc,phases      ] GC(1067) Compaction Phase 96.136ms
[394.591s][info][gc,phases,start] GC(1067) Post Compact
[394.593s][info][gc,phases      ] GC(1067) Post Compact 1.532ms
[394.593s][info][gc,heap        ] GC(1067) PSYoungGen: 33771K(77312K)->33771K(77312K) Eden: 24575K(24576K)->24575K(24576K) From: 9195K(52736K)->9195K(52736K)
[394.593s][info][gc,heap        ] GC(1067) ParOldGen: 338972K(341504K)->338972K(341504K)
[394.593s][info][gc,metaspace   ] GC(1067) Metaspace: 6296K(6464K)->6296K(6464K) NonClass: 5763K(5824K)->5763K(5824K) Class: 532K(640K)->532K(640K)
[394.593s][info][gc             ] GC(1067) Pause Full (Ergonomics) 364M->364M(409M) 382.168ms
[394.593s][info][gc,cpu         ] GC(1067) User=0.34s Sys=0.00s Real=0.38s
[394.593s][info][gc,start       ] GC(1068) Pause Full (Ergonomics)
[394.593s][info][gc,phases,start] GC(1068) Marking Phase
[394.885s][info][gc,phases      ] GC(1068) Marking Phase 291.643ms
[394.885s][info][gc,phases,start] GC(1068) Summary Phase
[394.885s][info][gc,phases      ] GC(1068) Summary Phase 0.022ms
[394.885s][info][gc,phases,start] GC(1068) Adjust Roots
[394.885s][info][gc,phases      ] GC(1068) Adjust Roots 0.219ms
[394.885s][info][gc,phases,start] GC(1068) Compaction Phase
[394.999s][info][gc,phases      ] GC(1068) Compaction Phase 113.226ms
[394.999s][info][gc,phases,start] GC(1068) Post Compact
[395.001s][info][gc,phases      ] GC(1068) Post Compact 2.155ms
[395.001s][info][gc,heap        ] GC(1068) PSYoungGen: 33771K(77312K)->33771K(77312K) Eden: 24575K(24576K)->24575K(24576K) From: 9195K(52736K)->9195K(52736K)
[395.001s][info][gc,heap        ] GC(1068) ParOldGen: 338977K(341504K)->338977K(341504K)
[395.001s][info][gc,metaspace   ] GC(1068) Metaspace: 6296K(6464K)->6296K(6464K) NonClass: 5763K(5824K)->5763K(5824K) Class: 532K(640K)->532K(640K)
[395.001s][info][gc             ] GC(1068) Pause Full (Ergonomics) 364M->364M(409M) 407.666ms
[395.001s][info][gc,cpu         ] GC(1068) User=0.38s Sys=0.00s Real=0.41s
[395.001s][info][gc,start       ] GC(1069) Pause Full (Ergonomics)
[395.001s][info][gc,phases,start] GC(1069) Marking Phase
[395.330s][info][gc,phases      ] GC(1069) Marking Phase 328.709ms
[395.330s][info][gc,phases,start] GC(1069) Summary Phase
[395.330s][info][gc,phases      ] GC(1069) Summary Phase 0.025ms
[395.330s][info][gc,phases,start] GC(1069) Adjust Roots
[395.331s][info][gc,phases      ] GC(1069) Adjust Roots 0.454ms
[395.331s][info][gc,phases,start] GC(1069) Compaction Phase
[395.432s][info][gc,phases      ] GC(1069) Compaction Phase 101.470ms
[395.432s][info][gc,phases,start] GC(1069) Post Compact
[395.434s][info][gc,phases      ] GC(1069) Post Compact 1.702ms
[395.434s][info][gc,heap        ] GC(1069) PSYoungGen: 33771K(77312K)->33771K(77312K) Eden: 24575K(24576K)->24575K(24576K) From: 9195K(52736K)->9195K(52736K)
[395.434s][info][gc,heap        ] GC(1069) ParOldGen: 338982K(341504K)->338982K(341504K)
[395.434s][info][gc,metaspace   ] GC(1069) Metaspace: 6296K(6464K)->6296K(6464K) NonClass: 5763K(5824K)->5763K(5824K) Class: 532K(640K)->532K(640K)
[395.434s][info][gc             ] GC(1069) Pause Full (Ergonomics) 364M->364M(409M) 432.828ms
[395.434s][info][gc,cpu         ] GC(1069) User=0.34s Sys=0.00s Real=0.43s
[395.434s][info][gc,start       ] GC(1070) Pause Full (Ergonomics)
[395.434s][info][gc,phases,start] GC(1070) Marking Phase
[395.724s][info][gc,phases      ] GC(1070) Marking Phase 289.965ms
[395.724s][info][gc,phases,start] GC(1070) Summary Phase
[395.725s][info][gc,phases      ] GC(1070) Summary Phase 0.024ms
[395.725s][info][gc,phases,start] GC(1070) Adjust Roots
[395.725s][info][gc,phases      ] GC(1070) Adjust Roots 0.198ms
[395.725s][info][gc,phases,start] GC(1070) Compaction Phase
[395.822s][info][gc,phases      ] GC(1070) Compaction Phase 97.366ms
[395.822s][info][gc,phases,start] GC(1070) Post Compact
[395.824s][info][gc,phases      ] GC(1070) Post Compact 1.525ms
[395.824s][info][gc,heap        ] GC(1070) PSYoungGen: 33771K(77312K)->33771K(77312K) Eden: 24575K(24576K)->24575K(24576K) From: 9195K(52736K)->9195K(52736K)
[395.824s][info][gc,heap        ] GC(1070) ParOldGen: 338986K(341504K)->338986K(341504K)
[395.824s][info][gc,metaspace   ] GC(1070) Metaspace: 6296K(6464K)->6296K(6464K) NonClass: 5763K(5824K)->5763K(5824K) Class: 532K(640K)->532K(640K)
[395.824s][info][gc             ] GC(1070) Pause Full (Ergonomics) 364M->364M(409M) 389.420ms
[395.824s][info][gc,cpu         ] GC(1070) User=0.36s Sys=0.00s Real=0.39s
[395.824s][info][gc,start       ] GC(1071) Pause Full (Ergonomics)
[395.824s][info][gc,phases,start] GC(1071) Marking Phase
[396.111s][info][gc,phases      ] GC(1071) Marking Phase 286.488ms
[396.111s][info][gc,phases,start] GC(1071) Summary Phase
[396.111s][info][gc,phases      ] GC(1071) Summary Phase 0.019ms
[396.111s][info][gc,phases,start] GC(1071) Adjust Roots
[396.111s][info][gc,phases      ] GC(1071) Adjust Roots 0.259ms
[396.111s][info][gc,phases,start] GC(1071) Compaction Phase
[396.211s][info][gc,phases      ] GC(1071) Compaction Phase 99.774ms
[396.211s][info][gc,phases,start] GC(1071) Post Compact
[396.213s][info][gc,phases      ] GC(1071) Post Compact 2.102ms
[396.213s][info][gc,heap        ] GC(1071) PSYoungGen: 33771K(77312K)->33771K(77312K) Eden: 24575K(24576K)->24575K(24576K) From: 9195K(52736K)->9195K(52736K)
[396.213s][info][gc,heap        ] GC(1071) ParOldGen: 338991K(341504K)->338991K(341504K)
[396.213s][info][gc,metaspace   ] GC(1071) Metaspace: 6296K(6464K)->6296K(6464K) NonClass: 5763K(5824K)->5763K(5824K) Class: 532K(640K)->532K(640K)
[396.213s][info][gc             ] GC(1071) Pause Full (Ergonomics) 364M->364M(409M) 389.090ms
[396.213s][info][gc,cpu         ] GC(1071) User=0.33s Sys=0.00s Real=0.39s
[396.213s][info][gc,start       ] GC(1072) Pause Full (Ergonomics)
[396.213s][info][gc,phases,start] GC(1072) Marking Phase
[396.501s][info][gc,phases      ] GC(1072) Marking Phase 287.204ms
[396.501s][info][gc,phases,start] GC(1072) Summary Phase
[396.501s][info][gc,phases      ] GC(1072) Summary Phase 0.024ms
[396.501s][info][gc,phases,start] GC(1072) Adjust Roots
[396.501s][info][gc,phases      ] GC(1072) Adjust Roots 0.191ms
[396.501s][info][gc,phases,start] GC(1072) Compaction Phase
[396.598s][info][gc,phases      ] GC(1072) Compaction Phase 97.289ms
[396.598s][info][gc,phases,start] GC(1072) Post Compact
[396.600s][info][gc,phases      ] GC(1072) Post Compact 1.516ms
[396.600s][info][gc,heap        ] GC(1072) PSYoungGen: 33771K(77312K)->33771K(77312K) Eden: 24575K(24576K)->24575K(24576K) From: 9195K(52736K)->9195K(52736K)
[396.600s][info][gc,heap        ] GC(1072) ParOldGen: 338996K(341504K)->338996K(341504K)
[396.600s][info][gc,metaspace   ] GC(1072) Metaspace: 6296K(6464K)->6296K(6464K) NonClass: 5763K(5824K)->5763K(5824K) Class: 532K(640K)->532K(640K)
[396.600s][info][gc             ] GC(1072) Pause Full (Ergonomics) 364M->364M(409M) 386.565ms
[396.600s][info][gc,cpu         ] GC(1072) User=0.34s Sys=0.00s Real=0.39s
[396.600s][info][gc,start       ] GC(1073) Pause Full (Ergonomics)
[396.600s][info][gc,phases,start] GC(1073) Marking Phase
[396.896s][info][gc,phases      ] GC(1073) Marking Phase 295.735ms
[396.896s][info][gc,phases,start] GC(1073) Summary Phase
[396.896s][info][gc,phases      ] GC(1073) Summary Phase 0.017ms
[396.896s][info][gc,phases,start] GC(1073) Adjust Roots
[396.896s][info][gc,phases      ] GC(1073) Adjust Roots 0.246ms
[396.896s][info][gc,phases,start] GC(1073) Compaction Phase
[396.995s][info][gc,phases      ] GC(1073) Compaction Phase 98.902ms
[396.995s][info][gc,phases,start] GC(1073) Post Compact
[396.997s][info][gc,phases      ] GC(1073) Post Compact 1.529ms
[396.997s][info][gc,heap        ] GC(1073) PSYoungGen: 33771K(77312K)->33771K(77312K) Eden: 24575K(24576K)->24575K(24576K) From: 9195K(52736K)->9195K(52736K)
[396.997s][info][gc,heap        ] GC(1073) ParOldGen: 339000K(341504K)->339000K(341504K)
[396.997s][info][gc,metaspace   ] GC(1073) Metaspace: 6296K(6464K)->6296K(6464K) NonClass: 5763K(5824K)->5763K(5824K) Class: 532K(640K)->532K(640K)
[396.997s][info][gc             ] GC(1073) Pause Full (Ergonomics) 364M->364M(409M) 396.735ms
[396.997s][info][gc,cpu         ] GC(1073) User=0.38s Sys=0.00s Real=0.40s
[396.997s][info][gc,start       ] GC(1074) Pause Full (Ergonomics)
[396.997s][info][gc,phases,start] GC(1074) Marking Phase
[397.282s][info][gc,phases      ] GC(1074) Marking Phase 284.485ms
[397.282s][info][gc,phases,start] GC(1074) Summary Phase
[397.282s][info][gc,phases      ] GC(1074) Summary Phase 0.024ms
[397.282s][info][gc,phases,start] GC(1074) Adjust Roots
[397.282s][info][gc,phases      ] GC(1074) Adjust Roots 0.194ms
[397.282s][info][gc,phases,start] GC(1074) Compaction Phase
[397.378s][info][gc,phases      ] GC(1074) Compaction Phase 95.514ms
[397.378s][info][gc,phases,start] GC(1074) Post Compact
[397.379s][info][gc,phases      ] GC(1074) Post Compact 1.573ms
[397.379s][info][gc,heap        ] GC(1074) PSYoungGen: 33771K(77312K)->33771K(77312K) Eden: 24575K(24576K)->24575K(24576K) From: 9195K(52736K)->9195K(52736K)
[397.379s][info][gc,heap        ] GC(1074) ParOldGen: 339005K(341504K)->339005K(341504K)
[397.379s][info][gc,metaspace   ] GC(1074) Metaspace: 6296K(6464K)->6296K(6464K) NonClass: 5763K(5824K)->5763K(5824K) Class: 532K(640K)->532K(640K)
[397.379s][info][gc             ] GC(1074) Pause Full (Ergonomics) 364M->364M(409M) 382.178ms
[397.379s][info][gc,cpu         ] GC(1074) User=0.34s Sys=0.00s Real=0.38s
[397.380s][info][gc,start       ] GC(1075) Pause Full (Ergonomics)
[397.380s][info][gc,phases,start] GC(1075) Marking Phase
[397.669s][info][gc,phases      ] GC(1075) Marking Phase 289.596ms
[397.669s][info][gc,phases,start] GC(1075) Summary Phase
[397.669s][info][gc,phases      ] GC(1075) Summary Phase 0.017ms
[397.669s][info][gc,phases,start] GC(1075) Adjust Roots
[397.670s][info][gc,phases      ] GC(1075) Adjust Roots 0.241ms
[397.670s][info][gc,phases,start] GC(1075) Compaction Phase
[397.767s][info][gc,phases      ] GC(1075) Compaction Phase 97.436ms
[397.767s][info][gc,phases,start] GC(1075) Post Compact
[397.769s][info][gc,phases      ] GC(1075) Post Compact 1.821ms
[397.769s][info][gc,heap        ] GC(1075) PSYoungGen: 33771K(77312K)->33771K(77312K) Eden: 24575K(24576K)->24575K(24576K) From: 9195K(52736K)->9195K(52736K)
[397.769s][info][gc,heap        ] GC(1075) ParOldGen: 339010K(341504K)->339010K(341504K)
[397.769s][info][gc,metaspace   ] GC(1075) Metaspace: 6296K(6464K)->6296K(6464K) NonClass: 5763K(5824K)->5763K(5824K) Class: 532K(640K)->532K(640K)
[397.769s][info][gc             ] GC(1075) Pause Full (Ergonomics) 364M->364M(409M) 389.411ms
[397.769s][info][gc,cpu         ] GC(1075) User=0.36s Sys=0.00s Real=0.39s
[397.769s][info][gc,start       ] GC(1076) Pause Full (Ergonomics)
[397.769s][info][gc,phases,start] GC(1076) Marking Phase
[398.066s][info][gc,phases      ] GC(1076) Marking Phase 296.532ms
[398.066s][info][gc,phases,start] GC(1076) Summary Phase
[398.066s][info][gc,phases      ] GC(1076) Summary Phase 0.022ms
[398.066s][info][gc,phases,start] GC(1076) Adjust Roots
[398.066s][info][gc,phases      ] GC(1076) Adjust Roots 0.270ms
[398.066s][info][gc,phases,start] GC(1076) Compaction Phase
[398.164s][info][gc,phases      ] GC(1076) Compaction Phase 97.479ms
[398.164s][info][gc,phases,start] GC(1076) Post Compact
[398.166s][info][gc,phases      ] GC(1076) Post Compact 1.549ms
[398.166s][info][gc,heap        ] GC(1076) PSYoungGen: 33771K(77312K)->33771K(77312K) Eden: 24575K(24576K)->24575K(24576K) From: 9195K(52736K)->9195K(52736K)
[398.166s][info][gc,heap        ] GC(1076) ParOldGen: 339014K(341504K)->339014K(341504K)
[398.166s][info][gc,metaspace   ] GC(1076) Metaspace: 6296K(6464K)->6296K(6464K) NonClass: 5763K(5824K)->5763K(5824K) Class: 532K(640K)->532K(640K)
[398.166s][info][gc             ] GC(1076) Pause Full (Ergonomics) 364M->364M(409M) 396.230ms
[398.166s][info][gc,cpu         ] GC(1076) User=0.39s Sys=0.00s Real=0.40s
[398.166s][info][gc,start       ] GC(1077) Pause Full (Ergonomics)
[398.166s][info][gc,phases,start] GC(1077) Marking Phase
[398.450s][info][gc,phases      ] GC(1077) Marking Phase 284.504ms
[398.451s][info][gc,phases,start] GC(1077) Summary Phase
[398.451s][info][gc,phases      ] GC(1077) Summary Phase 0.023ms
[398.451s][info][gc,phases,start] GC(1077) Adjust Roots
[398.451s][info][gc,phases      ] GC(1077) Adjust Roots 0.195ms
[398.451s][info][gc,phases,start] GC(1077) Compaction Phase
[398.545s][info][gc,phases      ] GC(1077) Compaction Phase 94.441ms
[398.545s][info][gc,phases,start] GC(1077) Post Compact
[398.547s][info][gc,phases      ] GC(1077) Post Compact 1.579ms
[398.547s][info][gc,heap        ] GC(1077) PSYoungGen: 33771K(77312K)->33771K(77312K) Eden: 24575K(24576K)->24575K(24576K) From: 9195K(52736K)->9195K(52736K)
[398.547s][info][gc,heap        ] GC(1077) ParOldGen: 339019K(341504K)->339019K(341504K)
[398.547s][info][gc,metaspace   ] GC(1077) Metaspace: 6296K(6464K)->6296K(6464K) NonClass: 5763K(5824K)->5763K(5824K) Class: 532K(640K)->532K(640K)
[398.547s][info][gc             ] GC(1077) Pause Full (Ergonomics) 364M->364M(409M) 381.066ms
[398.547s][info][gc,cpu         ] GC(1077) User=0.34s Sys=0.00s Real=0.38s
[398.547s][info][gc,start       ] GC(1078) Pause Full (Ergonomics)
[398.547s][info][gc,phases,start] GC(1078) Marking Phase
[398.835s][info][gc,phases      ] GC(1078) Marking Phase 287.819ms
[398.835s][info][gc,phases,start] GC(1078) Summary Phase
[398.835s][info][gc,phases      ] GC(1078) Summary Phase 0.023ms
[398.835s][info][gc,phases,start] GC(1078) Adjust Roots
[398.835s][info][gc,phases      ] GC(1078) Adjust Roots 0.202ms
[398.836s][info][gc,phases,start] GC(1078) Compaction Phase
[398.934s][info][gc,phases      ] GC(1078) Compaction Phase 98.236ms
[398.934s][info][gc,phases,start] GC(1078) Post Compact
[398.935s][info][gc,phases      ] GC(1078) Post Compact 1.587ms
[398.935s][info][gc,heap        ] GC(1078) PSYoungGen: 33771K(77312K)->33771K(77312K) Eden: 24575K(24576K)->24575K(24576K) From: 9195K(52736K)->9195K(52736K)
[398.936s][info][gc,heap        ] GC(1078) ParOldGen: 339024K(341504K)->339024K(341504K)
[398.936s][info][gc,metaspace   ] GC(1078) Metaspace: 6296K(6464K)->6296K(6464K) NonClass: 5763K(5824K)->5763K(5824K) Class: 532K(640K)->532K(640K)
[398.936s][info][gc             ] GC(1078) Pause Full (Ergonomics) 364M->364M(409M) 388.235ms
[398.936s][info][gc,cpu         ] GC(1078) User=0.36s Sys=0.00s Real=0.39s
[398.936s][info][gc,start       ] GC(1079) Pause Full (Ergonomics)
[398.936s][info][gc,phases,start] GC(1079) Marking Phase
[399.219s][info][gc,phases      ] GC(1079) Marking Phase 282.690ms
[399.219s][info][gc,phases,start] GC(1079) Summary Phase
[399.219s][info][gc,phases      ] GC(1079) Summary Phase 0.023ms
[399.219s][info][gc,phases,start] GC(1079) Adjust Roots
[399.219s][info][gc,phases      ] GC(1079) Adjust Roots 0.195ms
[399.219s][info][gc,phases,start] GC(1079) Compaction Phase
[399.319s][info][gc,phases      ] GC(1079) Compaction Phase 100.416ms
[399.319s][info][gc,phases,start] GC(1079) Post Compact
[399.321s][info][gc,phases      ] GC(1079) Post Compact 1.508ms
[399.321s][info][gc,heap        ] GC(1079) PSYoungGen: 33771K(77312K)->33771K(77312K) Eden: 24575K(24576K)->24575K(24576K) From: 9195K(52736K)->9195K(52736K)
[399.321s][info][gc,heap        ] GC(1079) ParOldGen: 339028K(341504K)->339028K(341504K)
[399.321s][info][gc,metaspace   ] GC(1079) Metaspace: 6296K(6464K)->6296K(6464K) NonClass: 5763K(5824K)->5763K(5824K) Class: 532K(640K)->532K(640K)
[399.321s][info][gc             ] GC(1079) Pause Full (Ergonomics) 364M->364M(409M) 385.188ms
[399.321s][info][gc,cpu         ] GC(1079) User=0.36s Sys=0.00s Real=0.39s
[399.321s][info][gc,start       ] GC(1080) Pause Full (Ergonomics)
[399.321s][info][gc,phases,start] GC(1080) Marking Phase
[399.613s][info][gc,phases      ] GC(1080) Marking Phase 291.595ms
[399.613s][info][gc,phases,start] GC(1080) Summary Phase
[399.613s][info][gc,phases      ] GC(1080) Summary Phase 0.024ms
[399.613s][info][gc,phases,start] GC(1080) Adjust Roots
[399.613s][info][gc,phases      ] GC(1080) Adjust Roots 0.200ms
[399.613s][info][gc,phases,start] GC(1080) Compaction Phase
[399.715s][info][gc,phases      ] GC(1080) Compaction Phase 101.535ms
[399.715s][info][gc,phases,start] GC(1080) Post Compact
[399.716s][info][gc,phases      ] GC(1080) Post Compact 1.514ms
[399.716s][info][gc,heap        ] GC(1080) PSYoungGen: 33771K(77312K)->33771K(77312K) Eden: 24575K(24576K)->24575K(24576K) From: 9195K(52736K)->9195K(52736K)
[399.716s][info][gc,heap        ] GC(1080) ParOldGen: 339033K(341504K)->339033K(341504K)
[399.716s][info][gc,metaspace   ] GC(1080) Metaspace: 6296K(6464K)->6296K(6464K) NonClass: 5763K(5824K)->5763K(5824K) Class: 532K(640K)->532K(640K)
[399.716s][info][gc             ] GC(1080) Pause Full (Ergonomics) 364M->364M(409M) 395.219ms
[399.716s][info][gc,cpu         ] GC(1080) User=0.38s Sys=0.00s Real=0.39s
[399.717s][info][gc,start       ] GC(1081) Pause Full (Ergonomics)
[399.717s][info][gc,phases,start] GC(1081) Marking Phase
[400.001s][info][gc,phases      ] GC(1081) Marking Phase 284.589ms
[400.001s][info][gc,phases,start] GC(1081) Summary Phase
[400.001s][info][gc,phases      ] GC(1081) Summary Phase 0.023ms
[400.001s][info][gc,phases,start] GC(1081) Adjust Roots
[400.002s][info][gc,phases      ] GC(1081) Adjust Roots 0.251ms
[400.002s][info][gc,phases,start] GC(1081) Compaction Phase
[400.099s][info][gc,phases      ] GC(1081) Compaction Phase 97.351ms
[400.099s][info][gc,phases,start] GC(1081) Post Compact
[400.101s][info][gc,phases      ] GC(1081) Post Compact 1.535ms
[400.101s][info][gc,heap        ] GC(1081) PSYoungGen: 33771K(77312K)->33771K(77312K) Eden: 24575K(24576K)->24575K(24576K) From: 9195K(52736K)->9195K(52736K)
[400.101s][info][gc,heap        ] GC(1081) ParOldGen: 339038K(341504K)->339038K(341504K)
[400.101s][info][gc,metaspace   ] GC(1081) Metaspace: 6296K(6464K)->6296K(6464K) NonClass: 5763K(5824K)->5763K(5824K) Class: 532K(640K)->532K(640K)
[400.101s][info][gc             ] GC(1081) Pause Full (Ergonomics) 364M->364M(409M) 384.087ms
[400.101s][info][gc,cpu         ] GC(1081) User=0.33s Sys=0.00s Real=0.38s
[400.101s][info][gc,start       ] GC(1082) Pause Full (Ergonomics)
[400.101s][info][gc,phases,start] GC(1082) Marking Phase
[400.387s][info][gc,phases      ] GC(1082) Marking Phase 286.130ms
[400.387s][info][gc,phases,start] GC(1082) Summary Phase
[400.387s][info][gc,phases      ] GC(1082) Summary Phase 0.035ms
[400.387s][info][gc,phases,start] GC(1082) Adjust Roots
[400.388s][info][gc,phases      ] GC(1082) Adjust Roots 0.270ms
[400.388s][info][gc,phases,start] GC(1082) Compaction Phase
[400.485s][info][gc,phases      ] GC(1082) Compaction Phase 97.710ms
[400.485s][info][gc,phases,start] GC(1082) Post Compact
[400.487s][info][gc,phases      ] GC(1082) Post Compact 1.522ms
[400.487s][info][gc,heap        ] GC(1082) PSYoungGen: 33771K(77312K)->33771K(77312K) Eden: 24575K(24576K)->24575K(24576K) From: 9195K(52736K)->9195K(52736K)
[400.487s][info][gc,heap        ] GC(1082) ParOldGen: 339042K(341504K)->339042K(341504K)
[400.487s][info][gc,metaspace   ] GC(1082) Metaspace: 6296K(6464K)->6296K(6464K) NonClass: 5763K(5824K)->5763K(5824K) Class: 532K(640K)->532K(640K)
[400.487s][info][gc             ] GC(1082) Pause Full (Ergonomics) 364M->364M(409M) 386.054ms
[400.487s][info][gc,cpu         ] GC(1082) User=0.36s Sys=0.00s Real=0.39s
[400.487s][info][gc,start       ] GC(1083) Pause Full (Ergonomics)
[400.488s][info][gc,phases,start] GC(1083) Marking Phase
[400.776s][info][gc,phases      ] GC(1083) Marking Phase 287.946ms
[400.776s][info][gc,phases,start] GC(1083) Summary Phase
[400.776s][info][gc,phases      ] GC(1083) Summary Phase 0.035ms
[400.776s][info][gc,phases,start] GC(1083) Adjust Roots
[400.776s][info][gc,phases      ] GC(1083) Adjust Roots 0.257ms
[400.776s][info][gc,phases,start] GC(1083) Compaction Phase
[400.874s][info][gc,phases      ] GC(1083) Compaction Phase 97.861ms
[400.874s][info][gc,phases,start] GC(1083) Post Compact
[400.875s][info][gc,phases      ] GC(1083) Post Compact 1.565ms
[400.876s][info][gc,heap        ] GC(1083) PSYoungGen: 33771K(77312K)->33771K(77312K) Eden: 24575K(24576K)->24575K(24576K) From: 9195K(52736K)->9195K(52736K)
[400.876s][info][gc,heap        ] GC(1083) ParOldGen: 339047K(341504K)->339047K(341504K)
[400.876s][info][gc,metaspace   ] GC(1083) Metaspace: 6296K(6464K)->6296K(6464K) NonClass: 5763K(5824K)->5763K(5824K) Class: 532K(640K)->532K(640K)
[400.876s][info][gc             ] GC(1083) Pause Full (Ergonomics) 364M->364M(409M) 388.103ms
[400.876s][info][gc,cpu         ] GC(1083) User=0.38s Sys=0.00s Real=0.39s
[400.876s][info][gc,start       ] GC(1084) Pause Full (Ergonomics)
[400.876s][info][gc,phases,start] GC(1084) Marking Phase
[401.163s][info][gc,phases      ] GC(1084) Marking Phase 287.070ms
[401.163s][info][gc,phases,start] GC(1084) Summary Phase
[401.163s][info][gc,phases      ] GC(1084) Summary Phase 0.017ms
[401.163s][info][gc,phases,start] GC(1084) Adjust Roots
[401.163s][info][gc,phases      ] GC(1084) Adjust Roots 0.238ms
[401.163s][info][gc,phases,start] GC(1084) Compaction Phase
[401.261s][info][gc,phases      ] GC(1084) Compaction Phase 97.809ms
[401.261s][info][gc,phases,start] GC(1084) Post Compact
[401.263s][info][gc,phases      ] GC(1084) Post Compact 1.542ms
[401.263s][info][gc,heap        ] GC(1084) PSYoungGen: 33771K(77312K)->33771K(77312K) Eden: 24575K(24576K)->24575K(24576K) From: 9195K(52736K)->9195K(52736K)
[401.263s][info][gc,heap        ] GC(1084) ParOldGen: 339052K(341504K)->339052K(341504K)
[401.263s][info][gc,metaspace   ] GC(1084) Metaspace: 6296K(6464K)->6296K(6464K) NonClass: 5763K(5824K)->5763K(5824K) Class: 532K(640K)->532K(640K)
[401.263s][info][gc             ] GC(1084) Pause Full (Ergonomics) 364M->364M(409M) 387.013ms
[401.263s][info][gc,cpu         ] GC(1084) User=0.36s Sys=0.00s Real=0.39s
[401.263s][info][gc,start       ] GC(1085) Pause Full (Ergonomics)
[401.263s][info][gc,phases,start] GC(1085) Marking Phase
[401.557s][info][gc,phases      ] GC(1085) Marking Phase 293.888ms
[401.557s][info][gc,phases,start] GC(1085) Summary Phase
[401.557s][info][gc,phases      ] GC(1085) Summary Phase 0.023ms
[401.557s][info][gc,phases,start] GC(1085) Adjust Roots
[401.557s][info][gc,phases      ] GC(1085) Adjust Roots 0.209ms
[401.557s][info][gc,phases,start] GC(1085) Compaction Phase
[401.656s][info][gc,phases      ] GC(1085) Compaction Phase 98.134ms
[401.656s][info][gc,phases,start] GC(1085) Post Compact
[401.657s][info][gc,phases      ] GC(1085) Post Compact 1.528ms
[401.657s][info][gc,heap        ] GC(1085) PSYoungGen: 33771K(77312K)->33771K(77312K) Eden: 24575K(24576K)->24575K(24576K) From: 9195K(52736K)->9195K(52736K)
[401.657s][info][gc,heap        ] GC(1085) ParOldGen: 339056K(341504K)->339056K(341504K)
[401.657s][info][gc,metaspace   ] GC(1085) Metaspace: 6296K(6464K)->6296K(6464K) NonClass: 5763K(5824K)->5763K(5824K) Class: 532K(640K)->532K(640K)
[401.657s][info][gc             ] GC(1085) Pause Full (Ergonomics) 364M->364M(409M) 394.110ms
[401.657s][info][gc,cpu         ] GC(1085) User=0.36s Sys=0.00s Real=0.39s
[401.658s][info][gc,start       ] GC(1086) Pause Full (Ergonomics)
[401.658s][info][gc,phases,start] GC(1086) Marking Phase
[401.947s][info][gc,phases      ] GC(1086) Marking Phase 289.162ms
[401.947s][info][gc,phases,start] GC(1086) Summary Phase
[401.947s][info][gc,phases      ] GC(1086) Summary Phase 0.024ms
[401.947s][info][gc,phases,start] GC(1086) Adjust Roots
[401.947s][info][gc,phases      ] GC(1086) Adjust Roots 0.272ms
[401.947s][info][gc,phases,start] GC(1086) Compaction Phase
[402.044s][info][gc,phases      ] GC(1086) Compaction Phase 96.558ms
[402.044s][info][gc,phases,start] GC(1086) Post Compact
[402.046s][info][gc,phases      ] GC(1086) Post Compact 1.813ms
[402.046s][info][gc,heap        ] GC(1086) PSYoungGen: 33771K(77312K)->33771K(77312K) Eden: 24575K(24576K)->24575K(24576K) From: 9195K(52736K)->9195K(52736K)
[402.046s][info][gc,heap        ] GC(1086) ParOldGen: 339061K(341504K)->339061K(341504K)
[402.046s][info][gc,metaspace   ] GC(1086) Metaspace: 6296K(6464K)->6296K(6464K) NonClass: 5763K(5824K)->5763K(5824K) Class: 532K(640K)->532K(640K)
[402.046s][info][gc             ] GC(1086) Pause Full (Ergonomics) 364M->364M(409M) 388.199ms
[402.046s][info][gc,cpu         ] GC(1086) User=0.34s Sys=0.00s Real=0.39s
[402.046s][info][gc,start       ] GC(1087) Pause Full (Ergonomics)
[402.046s][info][gc,phases,start] GC(1087) Marking Phase
[402.331s][info][gc,phases      ] GC(1087) Marking Phase 285.382ms
[402.332s][info][gc,phases,start] GC(1087) Summary Phase
[402.332s][info][gc,phases      ] GC(1087) Summary Phase 0.036ms
[402.332s][info][gc,phases,start] GC(1087) Adjust Roots
[402.332s][info][gc,phases      ] GC(1087) Adjust Roots 0.241ms
[402.332s][info][gc,phases,start] GC(1087) Compaction Phase
[402.428s][info][gc,phases      ] GC(1087) Compaction Phase 96.514ms
[402.429s][info][gc,phases,start] GC(1087) Post Compact
[402.430s][info][gc,phases      ] GC(1087) Post Compact 1.560ms
[402.430s][info][gc,heap        ] GC(1087) PSYoungGen: 33771K(77312K)->33771K(77312K) Eden: 24575K(24576K)->24575K(24576K) From: 9195K(52736K)->9195K(52736K)
[402.430s][info][gc,heap        ] GC(1087) ParOldGen: 339066K(341504K)->339066K(341504K)
[402.430s][info][gc,metaspace   ] GC(1087) Metaspace: 6296K(6464K)->6296K(6464K) NonClass: 5763K(5824K)->5763K(5824K) Class: 532K(640K)->532K(640K)
[402.430s][info][gc             ] GC(1087) Pause Full (Ergonomics) 364M->364M(409M) 384.176ms
[402.430s][info][gc,cpu         ] GC(1087) User=0.39s Sys=0.00s Real=0.38s
[402.431s][info][gc,start       ] GC(1088) Pause Full (Ergonomics)
[402.431s][info][gc,phases,start] GC(1088) Marking Phase
[402.730s][info][gc,phases      ] GC(1088) Marking Phase 299.259ms
[402.730s][info][gc,phases,start] GC(1088) Summary Phase
[402.730s][info][gc,phases      ] GC(1088) Summary Phase 0.024ms
[402.730s][info][gc,phases,start] GC(1088) Adjust Roots
[402.730s][info][gc,phases      ] GC(1088) Adjust Roots 0.230ms
[402.730s][info][gc,phases,start] GC(1088) Compaction Phase
[402.835s][info][gc,phases      ] GC(1088) Compaction Phase 104.476ms
[402.835s][info][gc,phases,start] GC(1088) Post Compact
[402.836s][info][gc,phases      ] GC(1088) Post Compact 1.531ms
[402.836s][info][gc,heap        ] GC(1088) PSYoungGen: 33771K(77312K)->33771K(77312K) Eden: 24575K(24576K)->24575K(24576K) From: 9195K(52736K)->9195K(52736K)
[402.836s][info][gc,heap        ] GC(1088) ParOldGen: 339070K(341504K)->339070K(341504K)
[402.836s][info][gc,metaspace   ] GC(1088) Metaspace: 6296K(6464K)->6296K(6464K) NonClass: 5763K(5824K)->5763K(5824K) Class: 532K(640K)->532K(640K)
[402.836s][info][gc             ] GC(1088) Pause Full (Ergonomics) 364M->364M(409M) 405.848ms
[402.836s][info][gc,cpu         ] GC(1088) User=0.38s Sys=0.00s Real=0.41s
[402.837s][info][gc,start       ] GC(1089) Pause Full (Ergonomics)
[402.837s][info][gc,phases,start] GC(1089) Marking Phase
[403.123s][info][gc,phases      ] GC(1089) Marking Phase 286.685ms
[403.123s][info][gc,phases,start] GC(1089) Summary Phase
[403.123s][info][gc,phases      ] GC(1089) Summary Phase 0.019ms
[403.123s][info][gc,phases,start] GC(1089) Adjust Roots
[403.124s][info][gc,phases      ] GC(1089) Adjust Roots 0.261ms
[403.124s][info][gc,phases,start] GC(1089) Compaction Phase
[403.224s][info][gc,phases      ] GC(1089) Compaction Phase 99.960ms
[403.224s][info][gc,phases,start] GC(1089) Post Compact
[403.225s][info][gc,phases      ] GC(1089) Post Compact 1.576ms
[403.225s][info][gc,heap        ] GC(1089) PSYoungGen: 33771K(77312K)->33771K(77312K) Eden: 24575K(24576K)->24575K(24576K) From: 9195K(52736K)->9195K(52736K)
[403.226s][info][gc,heap        ] GC(1089) ParOldGen: 339075K(341504K)->339075K(341504K)
[403.226s][info][gc,metaspace   ] GC(1089) Metaspace: 6296K(6464K)->6296K(6464K) NonClass: 5763K(5824K)->5763K(5824K) Class: 532K(640K)->532K(640K)
[403.226s][info][gc             ] GC(1089) Pause Full (Ergonomics) 364M->364M(409M) 388.860ms
[403.226s][info][gc,cpu         ] GC(1089) User=0.34s Sys=0.00s Real=0.39s
[403.226s][info][gc,start       ] GC(1090) Pause Full (Ergonomics)
[403.226s][info][gc,phases,start] GC(1090) Marking Phase
[403.511s][info][gc,phases      ] GC(1090) Marking Phase 284.738ms
[403.511s][info][gc,phases,start] GC(1090) Summary Phase
[403.511s][info][gc,phases      ] GC(1090) Summary Phase 0.022ms
[403.511s][info][gc,phases,start] GC(1090) Adjust Roots
[403.511s][info][gc,phases      ] GC(1090) Adjust Roots 0.186ms
[403.511s][info][gc,phases,start] GC(1090) Compaction Phase
[403.606s][info][gc,phases      ] GC(1090) Compaction Phase 95.207ms
[403.606s][info][gc,phases,start] GC(1090) Post Compact
[403.608s][info][gc,phases      ] GC(1090) Post Compact 1.538ms
[403.608s][info][gc,heap        ] GC(1090) PSYoungGen: 33771K(77312K)->33771K(77312K) Eden: 24575K(24576K)->24575K(24576K) From: 9195K(52736K)->9195K(52736K)
[403.608s][info][gc,heap        ] GC(1090) ParOldGen: 339080K(341504K)->339080K(341504K)
[403.608s][info][gc,metaspace   ] GC(1090) Metaspace: 6296K(6464K)->6296K(6464K) NonClass: 5763K(5824K)->5763K(5824K) Class: 532K(640K)->532K(640K)
[403.608s][info][gc             ] GC(1090) Pause Full (Ergonomics) 364M->364M(409M) 382.076ms
[403.608s][info][gc,cpu         ] GC(1090) User=0.34s Sys=0.00s Real=0.38s
[403.608s][info][gc,start       ] GC(1091) Pause Full (Ergonomics)
[403.608s][info][gc,phases,start] GC(1091) Marking Phase
[403.899s][info][gc,phases      ] GC(1091) Marking Phase 290.757ms
[403.899s][info][gc,phases,start] GC(1091) Summary Phase
[403.899s][info][gc,phases      ] GC(1091) Summary Phase 0.034ms
[403.899s][info][gc,phases,start] GC(1091) Adjust Roots
[403.899s][info][gc,phases      ] GC(1091) Adjust Roots 0.263ms
[403.900s][info][gc,phases,start] GC(1091) Compaction Phase
[404.000s][info][gc,phases      ] GC(1091) Compaction Phase 100.540ms
[404.000s][info][gc,phases,start] GC(1091) Post Compact
[404.002s][info][gc,phases      ] GC(1091) Post Compact 1.522ms
[404.002s][info][gc,heap        ] GC(1091) PSYoungGen: 33771K(77312K)->33771K(77312K) Eden: 24575K(24576K)->24575K(24576K) From: 9195K(52736K)->9195K(52736K)
[404.002s][info][gc,heap        ] GC(1091) ParOldGen: 339084K(341504K)->339084K(341504K)
[404.002s][info][gc,metaspace   ] GC(1091) Metaspace: 6296K(6464K)->6296K(6464K) NonClass: 5763K(5824K)->5763K(5824K) Class: 532K(640K)->532K(640K)
[404.002s][info][gc             ] GC(1091) Pause Full (Ergonomics) 364M->364M(409M) 393.546ms
[404.002s][info][gc,cpu         ] GC(1091) User=0.38s Sys=0.00s Real=0.39s
[404.002s][info][gc,start       ] GC(1092) Pause Full (Ergonomics)
[404.002s][info][gc,phases,start] GC(1092) Marking Phase
[404.288s][info][gc,phases      ] GC(1092) Marking Phase 285.501ms
[404.288s][info][gc,phases,start] GC(1092) Summary Phase
[404.288s][info][gc,phases      ] GC(1092) Summary Phase 0.032ms
[404.288s][info][gc,phases,start] GC(1092) Adjust Roots
[404.288s][info][gc,phases      ] GC(1092) Adjust Roots 0.286ms
[404.288s][info][gc,phases,start] GC(1092) Compaction Phase
[404.396s][info][gc,phases      ] GC(1092) Compaction Phase 108.102ms
[404.396s][info][gc,phases,start] GC(1092) Post Compact
[404.398s][info][gc,phases      ] GC(1092) Post Compact 1.512ms
[404.398s][info][gc,heap        ] GC(1092) PSYoungGen: 33771K(77312K)->33771K(77312K) Eden: 24575K(24576K)->24575K(24576K) From: 9195K(52736K)->9195K(52736K)
[404.398s][info][gc,heap        ] GC(1092) ParOldGen: 339089K(341504K)->339089K(341504K)
[404.398s][info][gc,metaspace   ] GC(1092) Metaspace: 6296K(6464K)->6296K(6464K) NonClass: 5763K(5824K)->5763K(5824K) Class: 532K(640K)->532K(640K)
[404.398s][info][gc             ] GC(1092) Pause Full (Ergonomics) 364M->364M(409M) 395.791ms
[404.398s][info][gc,cpu         ] GC(1092) User=0.38s Sys=0.00s Real=0.40s
[404.398s][info][gc,start       ] GC(1093) Pause Full (Ergonomics)
[404.398s][info][gc,phases,start] GC(1093) Marking Phase
[404.686s][info][gc,phases      ] GC(1093) Marking Phase 287.353ms
[404.686s][info][gc,phases,start] GC(1093) Summary Phase
[404.686s][info][gc,phases      ] GC(1093) Summary Phase 0.019ms
[404.686s][info][gc,phases,start] GC(1093) Adjust Roots
[404.686s][info][gc,phases      ] GC(1093) Adjust Roots 0.251ms
[404.686s][info][gc,phases,start] GC(1093) Compaction Phase
[404.784s][info][gc,phases      ] GC(1093) Compaction Phase 97.546ms
[404.784s][info][gc,phases,start] GC(1093) Post Compact
[404.785s][info][gc,phases      ] GC(1093) Post Compact 1.585ms
[404.785s][info][gc,heap        ] GC(1093) PSYoungGen: 33771K(77312K)->33771K(77312K) Eden: 24575K(24576K)->24575K(24576K) From: 9195K(52736K)->9195K(52736K)
[404.785s][info][gc,heap        ] GC(1093) ParOldGen: 339094K(341504K)->339094K(341504K)
[404.785s][info][gc,metaspace   ] GC(1093) Metaspace: 6296K(6464K)->6296K(6464K) NonClass: 5763K(5824K)->5763K(5824K) Class: 532K(640K)->532K(640K)
[404.785s][info][gc             ] GC(1093) Pause Full (Ergonomics) 364M->364M(409M) 387.101ms
[404.785s][info][gc,cpu         ] GC(1093) User=0.34s Sys=0.00s Real=0.39s
[404.786s][info][gc,start       ] GC(1094) Pause Full (Ergonomics)
[404.786s][info][gc,phases,start] GC(1094) Marking Phase
[405.105s][info][gc,phases      ] GC(1094) Marking Phase 319.827ms
[405.106s][info][gc,phases,start] GC(1094) Summary Phase
[405.106s][info][gc,phases      ] GC(1094) Summary Phase 0.018ms
[405.106s][info][gc,phases,start] GC(1094) Adjust Roots
[405.106s][info][gc,phases      ] GC(1094) Adjust Roots 0.280ms
[405.106s][info][gc,phases,start] GC(1094) Compaction Phase
[405.203s][info][gc,phases      ] GC(1094) Compaction Phase 96.984ms
[405.203s][info][gc,phases,start] GC(1094) Post Compact
[405.205s][info][gc,phases      ] GC(1094) Post Compact 1.968ms
[405.205s][info][gc,heap        ] GC(1094) PSYoungGen: 33771K(77312K)->33771K(77312K) Eden: 24575K(24576K)->24575K(24576K) From: 9195K(52736K)->9195K(52736K)
[405.205s][info][gc,heap        ] GC(1094) ParOldGen: 339098K(341504K)->339098K(341504K)
[405.205s][info][gc,metaspace   ] GC(1094) Metaspace: 6296K(6464K)->6296K(6464K) NonClass: 5763K(5824K)->5763K(5824K) Class: 532K(640K)->532K(640K)
[405.205s][info][gc             ] GC(1094) Pause Full (Ergonomics) 364M->364M(409M) 419.386ms
[405.205s][info][gc,cpu         ] GC(1094) User=0.39s Sys=0.00s Real=0.42s
[405.205s][info][gc,start       ] GC(1095) Pause Full (Ergonomics)
[405.205s][info][gc,phases,start] GC(1095) Marking Phase
[405.509s][info][gc,phases      ] GC(1095) Marking Phase 303.533ms
[405.509s][info][gc,phases,start] GC(1095) Summary Phase
[405.509s][info][gc,phases      ] GC(1095) Summary Phase 0.025ms
[405.509s][info][gc,phases,start] GC(1095) Adjust Roots
[405.509s][info][gc,phases      ] GC(1095) Adjust Roots 0.207ms
[405.509s][info][gc,phases,start] GC(1095) Compaction Phase
[405.606s][info][gc,phases      ] GC(1095) Compaction Phase 97.134ms
[405.606s][info][gc,phases,start] GC(1095) Post Compact
[405.608s][info][gc,phases      ] GC(1095) Post Compact 1.513ms
[405.608s][info][gc,heap        ] GC(1095) PSYoungGen: 33771K(77312K)->33771K(77312K) Eden: 24575K(24576K)->24575K(24576K) From: 9195K(52736K)->9195K(52736K)
[405.608s][info][gc,heap        ] GC(1095) ParOldGen: 339103K(341504K)->339103K(341504K)
[405.608s][info][gc,metaspace   ] GC(1095) Metaspace: 6296K(6464K)->6296K(6464K) NonClass: 5763K(5824K)->5763K(5824K) Class: 532K(640K)->532K(640K)
[405.608s][info][gc             ] GC(1095) Pause Full (Ergonomics) 364M->364M(409M) 402.828ms
[405.608s][info][gc,cpu         ] GC(1095) User=0.38s Sys=0.00s Real=0.40s
[405.608s][info][gc,start       ] GC(1096) Pause Full (Ergonomics)
[405.608s][info][gc,phases,start] GC(1096) Marking Phase
[405.893s][info][gc,phases      ] GC(1096) Marking Phase 284.782ms
[405.893s][info][gc,phases,start] GC(1096) Summary Phase
[405.893s][info][gc,phases      ] GC(1096) Summary Phase 0.023ms
[405.893s][info][gc,phases,start] GC(1096) Adjust Roots
[405.893s][info][gc,phases      ] GC(1096) Adjust Roots 0.186ms
[405.893s][info][gc,phases,start] GC(1096) Compaction Phase
[405.989s][info][gc,phases      ] GC(1096) Compaction Phase 95.773ms
[405.989s][info][gc,phases,start] GC(1096) Post Compact
[405.991s][info][gc,phases      ] GC(1096) Post Compact 1.515ms
[405.991s][info][gc,heap        ] GC(1096) PSYoungGen: 33771K(77312K)->33771K(77312K) Eden: 24575K(24576K)->24575K(24576K) From: 9195K(52736K)->9195K(52736K)
[405.991s][info][gc,heap        ] GC(1096) ParOldGen: 339108K(341504K)->339108K(341504K)
[405.991s][info][gc,metaspace   ] GC(1096) Metaspace: 6296K(6464K)->6296K(6464K) NonClass: 5763K(5824K)->5763K(5824K) Class: 532K(640K)->532K(640K)
[405.991s][info][gc             ] GC(1096) Pause Full (Ergonomics) 364M->364M(409M) 382.645ms
[405.991s][info][gc,cpu         ] GC(1096) User=0.38s Sys=0.00s Real=0.38s
[405.991s][info][gc,start       ] GC(1097) Pause Full (Ergonomics)
[405.991s][info][gc,phases,start] GC(1097) Marking Phase
[406.281s][info][gc,phases      ] GC(1097) Marking Phase 289.929ms
[406.281s][info][gc,phases,start] GC(1097) Summary Phase
[406.281s][info][gc,phases      ] GC(1097) Summary Phase 0.081ms
[406.281s][info][gc,phases,start] GC(1097) Adjust Roots
[406.282s][info][gc,phases      ] GC(1097) Adjust Roots 0.265ms
[406.282s][info][gc,phases,start] GC(1097) Compaction Phase
[406.380s][info][gc,phases      ] GC(1097) Compaction Phase 97.783ms
[406.380s][info][gc,phases,start] GC(1097) Post Compact
[406.381s][info][gc,phases      ] GC(1097) Post Compact 1.530ms
[406.381s][info][gc,heap        ] GC(1097) PSYoungGen: 33771K(77312K)->33771K(77312K) Eden: 24575K(24576K)->24575K(24576K) From: 9195K(52736K)->9195K(52736K)
[406.381s][info][gc,heap        ] GC(1097) ParOldGen: 339112K(341504K)->339112K(341504K)
[406.381s][info][gc,metaspace   ] GC(1097) Metaspace: 6296K(6464K)->6296K(6464K) NonClass: 5763K(5824K)->5763K(5824K) Class: 532K(640K)->532K(640K)
[406.381s][info][gc             ] GC(1097) Pause Full (Ergonomics) 364M->364M(409M) 389.987ms
[406.381s][info][gc,cpu         ] GC(1097) User=0.36s Sys=0.00s Real=0.39s
[406.382s][info][gc,start       ] GC(1098) Pause Full (Ergonomics)
[406.382s][info][gc,phases,start] GC(1098) Marking Phase
[406.676s][info][gc,phases      ] GC(1098) Marking Phase 294.566ms
[406.676s][info][gc,phases,start] GC(1098) Summary Phase
[406.676s][info][gc,phases      ] GC(1098) Summary Phase 0.026ms
[406.676s][info][gc,phases,start] GC(1098) Adjust Roots
[406.677s][info][gc,phases      ] GC(1098) Adjust Roots 0.307ms
[406.677s][info][gc,phases,start] GC(1098) Compaction Phase
[406.774s][info][gc,phases      ] GC(1098) Compaction Phase 97.469ms
[406.774s][info][gc,phases,start] GC(1098) Post Compact
[406.776s][info][gc,phases      ] GC(1098) Post Compact 1.518ms
[406.776s][info][gc,heap        ] GC(1098) PSYoungGen: 33771K(77312K)->33771K(77312K) Eden: 24575K(24576K)->24575K(24576K) From: 9195K(52736K)->9195K(52736K)
[406.776s][info][gc,heap        ] GC(1098) ParOldGen: 339117K(341504K)->339117K(341504K)
[406.776s][info][gc,metaspace   ] GC(1098) Metaspace: 6296K(6464K)->6296K(6464K) NonClass: 5763K(5824K)->5763K(5824K) Class: 532K(640K)->532K(640K)
[406.776s][info][gc             ] GC(1098) Pause Full (Ergonomics) 364M->364M(409M) 394.246ms
[406.776s][info][gc,cpu         ] GC(1098) User=0.38s Sys=0.00s Real=0.39s
[406.776s][info][gc,start       ] GC(1099) Pause Full (Ergonomics)
[406.776s][info][gc,phases,start] GC(1099) Marking Phase
[407.065s][info][gc,phases      ] GC(1099) Marking Phase 289.077ms
[407.065s][info][gc,phases,start] GC(1099) Summary Phase
[407.065s][info][gc,phases      ] GC(1099) Summary Phase 0.023ms
[407.065s][info][gc,phases,start] GC(1099) Adjust Roots
[407.066s][info][gc,phases      ] GC(1099) Adjust Roots 0.216ms
[407.066s][info][gc,phases,start] GC(1099) Compaction Phase
[407.166s][info][gc,phases      ] GC(1099) Compaction Phase 100.542ms
[407.166s][info][gc,phases,start] GC(1099) Post Compact
[407.168s][info][gc,phases      ] GC(1099) Post Compact 1.679ms
[407.168s][info][gc,heap        ] GC(1099) PSYoungGen: 33771K(77312K)->33771K(77312K) Eden: 24575K(24576K)->24575K(24576K) From: 9195K(52736K)->9195K(52736K)
[407.168s][info][gc,heap        ] GC(1099) ParOldGen: 339122K(341504K)->339122K(341504K)
[407.168s][info][gc,metaspace   ] GC(1099) Metaspace: 6296K(6464K)->6296K(6464K) NonClass: 5763K(5824K)->5763K(5824K) Class: 532K(640K)->532K(640K)
[407.168s][info][gc             ] GC(1099) Pause Full (Ergonomics) 364M->364M(409M) 391.902ms
[407.168s][info][gc,cpu         ] GC(1099) User=0.36s Sys=0.00s Real=0.39s
[407.168s][info][gc,start       ] GC(1100) Pause Full (Ergonomics)
[407.168s][info][gc,phases,start] GC(1100) Marking Phase
[407.453s][info][gc,phases      ] GC(1100) Marking Phase 284.301ms
[407.453s][info][gc,phases,start] GC(1100) Summary Phase
[407.453s][info][gc,phases      ] GC(1100) Summary Phase 0.017ms
[407.453s][info][gc,phases,start] GC(1100) Adjust Roots
[407.453s][info][gc,phases      ] GC(1100) Adjust Roots 0.198ms
[407.453s][info][gc,phases,start] GC(1100) Compaction Phase
[407.549s][info][gc,phases      ] GC(1100) Compaction Phase 96.047ms
[407.549s][info][gc,phases,start] GC(1100) Post Compact
[407.551s][info][gc,phases      ] GC(1100) Post Compact 1.535ms
[407.551s][info][gc,heap        ] GC(1100) PSYoungGen: 33771K(77312K)->33771K(77312K) Eden: 24575K(24576K)->24575K(24576K) From: 9195K(52736K)->9195K(52736K)
[407.551s][info][gc,heap        ] GC(1100) ParOldGen: 339126K(341504K)->339126K(341504K)
[407.551s][info][gc,metaspace   ] GC(1100) Metaspace: 6296K(6464K)->6296K(6464K) NonClass: 5763K(5824K)->5763K(5824K) Class: 532K(640K)->532K(640K)
[407.551s][info][gc             ] GC(1100) Pause Full (Ergonomics) 364M->364M(409M) 382.414ms
[407.551s][info][gc,cpu         ] GC(1100) User=0.33s Sys=0.00s Real=0.38s
[407.551s][info][gc,start       ] GC(1101) Pause Full (Ergonomics)
[407.551s][info][gc,phases,start] GC(1101) Marking Phase
[407.844s][info][gc,phases      ] GC(1101) Marking Phase 292.525ms
[407.844s][info][gc,phases,start] GC(1101) Summary Phase
[407.844s][info][gc,phases      ] GC(1101) Summary Phase 0.024ms
[407.844s][info][gc,phases,start] GC(1101) Adjust Roots
[407.844s][info][gc,phases      ] GC(1101) Adjust Roots 0.233ms
[407.844s][info][gc,phases,start] GC(1101) Compaction Phase
[407.950s][info][gc,phases      ] GC(1101) Compaction Phase 105.414ms
[407.950s][info][gc,phases,start] GC(1101) Post Compact
[407.951s][info][gc,phases      ] GC(1101) Post Compact 1.527ms
[407.951s][info][gc,heap        ] GC(1101) PSYoungGen: 33771K(77312K)->33771K(77312K) Eden: 24575K(24576K)->24575K(24576K) From: 9195K(52736K)->9195K(52736K)
[407.951s][info][gc,heap        ] GC(1101) ParOldGen: 339131K(341504K)->339131K(341504K)
[407.951s][info][gc,metaspace   ] GC(1101) Metaspace: 6296K(6464K)->6296K(6464K) NonClass: 5763K(5824K)->5763K(5824K) Class: 532K(640K)->532K(640K)
[407.951s][info][gc             ] GC(1101) Pause Full (Ergonomics) 364M->364M(409M) 400.061ms
[407.951s][info][gc,cpu         ] GC(1101) User=0.39s Sys=0.00s Real=0.40s
[407.952s][info][gc,start       ] GC(1102) Pause Full (Ergonomics)
[407.952s][info][gc,phases,start] GC(1102) Marking Phase
[408.235s][info][gc,phases      ] GC(1102) Marking Phase 282.988ms
[408.235s][info][gc,phases,start] GC(1102) Summary Phase
[408.235s][info][gc,phases      ] GC(1102) Summary Phase 0.024ms
[408.235s][info][gc,phases,start] GC(1102) Adjust Roots
[408.235s][info][gc,phases      ] GC(1102) Adjust Roots 0.212ms
[408.235s][info][gc,phases,start] GC(1102) Compaction Phase
[408.331s][info][gc,phases      ] GC(1102) Compaction Phase 95.886ms
[408.331s][info][gc,phases,start] GC(1102) Post Compact
[408.332s][info][gc,phases      ] GC(1102) Post Compact 1.524ms
[408.333s][info][gc,heap        ] GC(1102) PSYoungGen: 33771K(77312K)->33771K(77312K) Eden: 24575K(24576K)->24575K(24576K) From: 9195K(52736K)->9195K(52736K)
[408.333s][info][gc,heap        ] GC(1102) ParOldGen: 339136K(341504K)->339136K(341504K)
[408.333s][info][gc,metaspace   ] GC(1102) Metaspace: 6296K(6464K)->6296K(6464K) NonClass: 5763K(5824K)->5763K(5824K) Class: 532K(640K)->532K(640K)
[408.333s][info][gc             ] GC(1102) Pause Full (Ergonomics) 364M->364M(409M) 380.987ms
[408.333s][info][gc,cpu         ] GC(1102) User=0.36s Sys=0.00s Real=0.38s
[408.333s][info][gc,start       ] GC(1103) Pause Full (Ergonomics)
[408.333s][info][gc,phases,start] GC(1103) Marking Phase
[408.626s][info][gc,phases      ] GC(1103) Marking Phase 292.722ms
[408.626s][info][gc,phases,start] GC(1103) Summary Phase
[408.626s][info][gc,phases      ] GC(1103) Summary Phase 0.024ms
[408.626s][info][gc,phases,start] GC(1103) Adjust Roots
[408.626s][info][gc,phases      ] GC(1103) Adjust Roots 0.205ms
[408.626s][info][gc,phases,start] GC(1103) Compaction Phase
[408.725s][info][gc,phases      ] GC(1103) Compaction Phase 98.444ms
[408.725s][info][gc,phases,start] GC(1103) Post Compact
[408.726s][info][gc,phases      ] GC(1103) Post Compact 1.518ms
[408.726s][info][gc,heap        ] GC(1103) PSYoungGen: 33771K(77312K)->33771K(77312K) Eden: 24575K(24576K)->24575K(24576K) From: 9195K(52736K)->9195K(52736K)
[408.726s][info][gc,heap        ] GC(1103) ParOldGen: 339140K(341504K)->339140K(341504K)
[408.726s][info][gc,metaspace   ] GC(1103) Metaspace: 6296K(6464K)->6296K(6464K) NonClass: 5763K(5824K)->5763K(5824K) Class: 532K(640K)->532K(640K)
[408.726s][info][gc             ] GC(1103) Pause Full (Ergonomics) 364M->364M(409M) 393.248ms
[408.726s][info][gc,cpu         ] GC(1103) User=0.38s Sys=0.00s Real=0.39s
[408.726s][info][gc,start       ] GC(1104) Pause Full (Ergonomics)
[408.727s][info][gc,phases,start] GC(1104) Marking Phase
[409.015s][info][gc,phases      ] GC(1104) Marking Phase 288.558ms
[409.015s][info][gc,phases,start] GC(1104) Summary Phase
[409.015s][info][gc,phases      ] GC(1104) Summary Phase 0.023ms
[409.015s][info][gc,phases,start] GC(1104) Adjust Roots
[409.015s][info][gc,phases      ] GC(1104) Adjust Roots 0.232ms
[409.015s][info][gc,phases,start] GC(1104) Compaction Phase
[409.113s][info][gc,phases      ] GC(1104) Compaction Phase 97.160ms
[409.113s][info][gc,phases,start] GC(1104) Post Compact
[409.114s][info][gc,phases      ] GC(1104) Post Compact 1.528ms
[409.114s][info][gc,heap        ] GC(1104) PSYoungGen: 33771K(77312K)->33771K(77312K) Eden: 24575K(24576K)->24575K(24576K) From: 9195K(52736K)->9195K(52736K)
[409.114s][info][gc,heap        ] GC(1104) ParOldGen: 339145K(341504K)->339145K(341504K)
[409.114s][info][gc,metaspace   ] GC(1104) Metaspace: 6296K(6464K)->6296K(6464K) NonClass: 5763K(5824K)->5763K(5824K) Class: 532K(640K)->532K(640K)
[409.114s][info][gc             ] GC(1104) Pause Full (Ergonomics) 364M->364M(409M) 387.845ms
[409.114s][info][gc,cpu         ] GC(1104) User=0.34s Sys=0.02s Real=0.39s
[409.115s][info][gc,start       ] GC(1105) Pause Full (Ergonomics)
[409.115s][info][gc,phases,start] GC(1105) Marking Phase
[409.411s][info][gc,phases      ] GC(1105) Marking Phase 296.526ms
[409.411s][info][gc,phases,start] GC(1105) Summary Phase
[409.411s][info][gc,phases      ] GC(1105) Summary Phase 0.018ms
[409.411s][info][gc,phases,start] GC(1105) Adjust Roots
[409.411s][info][gc,phases      ] GC(1105) Adjust Roots 0.209ms
[409.411s][info][gc,phases,start] GC(1105) Compaction Phase
[409.510s][info][gc,phases      ] GC(1105) Compaction Phase 98.591ms
[409.510s][info][gc,phases,start] GC(1105) Post Compact
[409.512s][info][gc,phases      ] GC(1105) Post Compact 1.533ms
[409.512s][info][gc,heap        ] GC(1105) PSYoungGen: 33771K(77312K)->33771K(77312K) Eden: 24575K(24576K)->24575K(24576K) From: 9195K(52736K)->9195K(52736K)
[409.512s][info][gc,heap        ] GC(1105) ParOldGen: 339150K(341504K)->339150K(341504K)
[409.512s][info][gc,metaspace   ] GC(1105) Metaspace: 6296K(6464K)->6296K(6464K) NonClass: 5763K(5824K)->5763K(5824K) Class: 532K(640K)->532K(640K)
[409.512s][info][gc             ] GC(1105) Pause Full (Ergonomics) 364M->364M(409M) 397.195ms
[409.512s][info][gc,cpu         ] GC(1105) User=0.39s Sys=0.00s Real=0.40s
[409.512s][info][gc,start       ] GC(1106) Pause Full (Ergonomics)
[409.512s][info][gc,phases,start] GC(1106) Marking Phase
[409.808s][info][gc,phases      ] GC(1106) Marking Phase 296.205ms
[409.808s][info][gc,phases,start] GC(1106) Summary Phase
[409.808s][info][gc,phases      ] GC(1106) Summary Phase 0.024ms
[409.808s][info][gc,phases,start] GC(1106) Adjust Roots
[409.809s][info][gc,phases      ] GC(1106) Adjust Roots 0.232ms
[409.809s][info][gc,phases,start] GC(1106) Compaction Phase
[409.904s][info][gc,phases      ] GC(1106) Compaction Phase 95.746ms
[409.904s][info][gc,phases,start] GC(1106) Post Compact
[409.906s][info][gc,phases      ] GC(1106) Post Compact 1.525ms
[409.906s][info][gc,heap        ] GC(1106) PSYoungGen: 33771K(77312K)->33771K(77312K) Eden: 24575K(24576K)->24575K(24576K) From: 9195K(52736K)->9195K(52736K)
[409.906s][info][gc,heap        ] GC(1106) ParOldGen: 339154K(341504K)->339154K(341504K)
[409.906s][info][gc,metaspace   ] GC(1106) Metaspace: 6296K(6464K)->6296K(6464K) NonClass: 5763K(5824K)->5763K(5824K) Class: 532K(640K)->532K(640K)
[409.906s][info][gc             ] GC(1106) Pause Full (Ergonomics) 364M->364M(409M) 394.087ms
[409.906s][info][gc,cpu         ] GC(1106) User=0.38s Sys=0.00s Real=0.39s
[409.906s][info][gc,start       ] GC(1107) Pause Full (Ergonomics)
[409.906s][info][gc,phases,start] GC(1107) Marking Phase
[410.201s][info][gc,phases      ] GC(1107) Marking Phase 294.346ms
[410.201s][info][gc,phases,start] GC(1107) Summary Phase
[410.201s][info][gc,phases      ] GC(1107) Summary Phase 0.018ms
[410.201s][info][gc,phases,start] GC(1107) Adjust Roots
[410.201s][info][gc,phases      ] GC(1107) Adjust Roots 0.247ms
[410.201s][info][gc,phases,start] GC(1107) Compaction Phase
[410.305s][info][gc,phases      ] GC(1107) Compaction Phase 103.403ms
[410.305s][info][gc,phases,start] GC(1107) Post Compact
[410.306s][info][gc,phases      ] GC(1107) Post Compact 1.520ms
[410.306s][info][gc,heap        ] GC(1107) PSYoungGen: 33771K(77312K)->33771K(77312K) Eden: 24575K(24576K)->24575K(24576K) From: 9195K(52736K)->9195K(52736K)
[410.306s][info][gc,heap        ] GC(1107) ParOldGen: 339159K(341504K)->339159K(341504K)
[410.306s][info][gc,metaspace   ] GC(1107) Metaspace: 6296K(6464K)->6296K(6464K) NonClass: 5763K(5824K)->5763K(5824K) Class: 532K(640K)->532K(640K)
[410.306s][info][gc             ] GC(1107) Pause Full (Ergonomics) 364M->364M(409M) 399.867ms
[410.306s][info][gc,cpu         ] GC(1107) User=0.38s Sys=0.00s Real=0.40s
[410.307s][info][gc,start       ] GC(1108) Pause Full (Ergonomics)
[410.307s][info][gc,phases,start] GC(1108) Marking Phase
[410.591s][info][gc,phases      ] GC(1108) Marking Phase 284.521ms
[410.591s][info][gc,phases,start] GC(1108) Summary Phase
[410.591s][info][gc,phases      ] GC(1108) Summary Phase 0.022ms
[410.591s][info][gc,phases,start] GC(1108) Adjust Roots
[410.591s][info][gc,phases      ] GC(1108) Adjust Roots 0.215ms
[410.591s][info][gc,phases,start] GC(1108) Compaction Phase
[410.687s][info][gc,phases      ] GC(1108) Compaction Phase 95.762ms
[410.687s][info][gc,phases,start] GC(1108) Post Compact
[410.689s][info][gc,phases      ] GC(1108) Post Compact 1.800ms
[410.689s][info][gc,heap        ] GC(1108) PSYoungGen: 33771K(77312K)->33771K(77312K) Eden: 24575K(24576K)->24575K(24576K) From: 9195K(52736K)->9195K(52736K)
[410.689s][info][gc,heap        ] GC(1108) ParOldGen: 339164K(341504K)->339164K(341504K)
[410.689s][info][gc,metaspace   ] GC(1108) Metaspace: 6296K(6464K)->6296K(6464K) NonClass: 5763K(5824K)->5763K(5824K) Class: 532K(640K)->532K(640K)
[410.689s][info][gc             ] GC(1108) Pause Full (Ergonomics) 364M->364M(409M) 382.704ms
[410.689s][info][gc,cpu         ] GC(1108) User=0.36s Sys=0.00s Real=0.38s
[410.690s][info][gc,start       ] GC(1109) Pause Full (Ergonomics)
[410.690s][info][gc,phases,start] GC(1109) Marking Phase
[410.979s][info][gc,phases      ] GC(1109) Marking Phase 289.637ms
[410.979s][info][gc,phases,start] GC(1109) Summary Phase
[410.979s][info][gc,phases      ] GC(1109) Summary Phase 0.023ms
[410.979s][info][gc,phases,start] GC(1109) Adjust Roots
[410.980s][info][gc,phases      ] GC(1109) Adjust Roots 0.244ms
[410.980s][info][gc,phases,start] GC(1109) Compaction Phase
[411.078s][info][gc,phases      ] GC(1109) Compaction Phase 98.712ms
[411.078s][info][gc,phases,start] GC(1109) Post Compact
[411.080s][info][gc,phases      ] GC(1109) Post Compact 1.528ms
[411.080s][info][gc,heap        ] GC(1109) PSYoungGen: 33771K(77312K)->33771K(77312K) Eden: 24575K(24576K)->24575K(24576K) From: 9195K(52736K)->9195K(52736K)
[411.080s][info][gc,heap        ] GC(1109) ParOldGen: 339168K(341504K)->339168K(341504K)
[411.080s][info][gc,metaspace   ] GC(1109) Metaspace: 6296K(6464K)->6296K(6464K) NonClass: 5763K(5824K)->5763K(5824K) Class: 532K(640K)->532K(640K)
[411.080s][info][gc             ] GC(1109) Pause Full (Ergonomics) 364M->364M(409M) 390.517ms
[411.080s][info][gc,cpu         ] GC(1109) User=0.39s Sys=0.00s Real=0.39s
[411.081s][info][gc,start       ] GC(1110) Pause Full (Ergonomics)
[411.081s][info][gc,phases,start] GC(1110) Marking Phase
[411.367s][info][gc,phases      ] GC(1110) Marking Phase 286.651ms
[411.367s][info][gc,phases,start] GC(1110) Summary Phase
[411.367s][info][gc,phases      ] GC(1110) Summary Phase 0.058ms
[411.367s][info][gc,phases,start] GC(1110) Adjust Roots
[411.368s][info][gc,phases      ] GC(1110) Adjust Roots 0.291ms
[411.368s][info][gc,phases,start] GC(1110) Compaction Phase
[411.464s][info][gc,phases      ] GC(1110) Compaction Phase 96.249ms
[411.464s][info][gc,phases,start] GC(1110) Post Compact
[411.466s][info][gc,phases      ] GC(1110) Post Compact 1.519ms
[411.466s][info][gc,heap        ] GC(1110) PSYoungGen: 33771K(77312K)->33771K(77312K) Eden: 24575K(24576K)->24575K(24576K) From: 9195K(52736K)->9195K(52736K)
[411.466s][info][gc,heap        ] GC(1110) ParOldGen: 339173K(341504K)->339173K(341504K)
[411.466s][info][gc,metaspace   ] GC(1110) Metaspace: 6296K(6464K)->6296K(6464K) NonClass: 5763K(5824K)->5763K(5824K) Class: 532K(640K)->532K(640K)
[411.466s][info][gc             ] GC(1110) Pause Full (Ergonomics) 364M->364M(409M) 385.226ms
[411.466s][info][gc,cpu         ] GC(1110) User=0.36s Sys=0.00s Real=0.38s
[411.466s][info][gc,start       ] GC(1111) Pause Full (Ergonomics)
[411.466s][info][gc,phases,start] GC(1111) Marking Phase
[411.755s][info][gc,phases      ] GC(1111) Marking Phase 288.588ms
[411.755s][info][gc,phases,start] GC(1111) Summary Phase
[411.755s][info][gc,phases      ] GC(1111) Summary Phase 0.036ms
[411.755s][info][gc,phases,start] GC(1111) Adjust Roots
[411.755s][info][gc,phases      ] GC(1111) Adjust Roots 0.253ms
[411.755s][info][gc,phases,start] GC(1111) Compaction Phase
[411.853s][info][gc,phases      ] GC(1111) Compaction Phase 98.111ms
[411.853s][info][gc,phases,start] GC(1111) Post Compact
[411.855s][info][gc,phases      ] GC(1111) Post Compact 1.517ms
[411.855s][info][gc,heap        ] GC(1111) PSYoungGen: 33771K(77312K)->33771K(77312K) Eden: 24575K(24576K)->24575K(24576K) From: 9195K(52736K)->9195K(52736K)
[411.855s][info][gc,heap        ] GC(1111) ParOldGen: 339178K(341504K)->339178K(341504K)
[411.855s][info][gc,metaspace   ] GC(1111) Metaspace: 6296K(6464K)->6296K(6464K) NonClass: 5763K(5824K)->5763K(5824K) Class: 532K(640K)->532K(640K)
[411.855s][info][gc             ] GC(1111) Pause Full (Ergonomics) 364M->364M(409M) 388.990ms
[411.855s][info][gc,cpu         ] GC(1111) User=0.34s Sys=0.00s Real=0.39s
[411.855s][info][gc,start       ] GC(1112) Pause Full (Ergonomics)
[411.855s][info][gc,phases,start] GC(1112) Marking Phase
[412.140s][info][gc,phases      ] GC(1112) Marking Phase 285.014ms
[412.140s][info][gc,phases,start] GC(1112) Summary Phase
[412.141s][info][gc,phases      ] GC(1112) Summary Phase 0.035ms
[412.141s][info][gc,phases,start] GC(1112) Adjust Roots
[412.141s][info][gc,phases      ] GC(1112) Adjust Roots 0.250ms
[412.141s][info][gc,phases,start] GC(1112) Compaction Phase
[412.237s][info][gc,phases      ] GC(1112) Compaction Phase 96.181ms
[412.237s][info][gc,phases,start] GC(1112) Post Compact
[412.239s][info][gc,phases      ] GC(1112) Post Compact 1.567ms
[412.239s][info][gc,heap        ] GC(1112) PSYoungGen: 33771K(77312K)->33771K(77312K) Eden: 24575K(24576K)->24575K(24576K) From: 9195K(52736K)->9195K(52736K)
[412.239s][info][gc,heap        ] GC(1112) ParOldGen: 339182K(341504K)->339182K(341504K)
[412.239s][info][gc,metaspace   ] GC(1112) Metaspace: 6296K(6464K)->6296K(6464K) NonClass: 5763K(5824K)->5763K(5824K) Class: 532K(640K)->532K(640K)
[412.239s][info][gc             ] GC(1112) Pause Full (Ergonomics) 364M->364M(409M) 383.462ms
[412.239s][info][gc,cpu         ] GC(1112) User=0.34s Sys=0.00s Real=0.38s
[412.239s][info][gc,start       ] GC(1113) Pause Full (Ergonomics)
[412.239s][info][gc,phases,start] GC(1113) Marking Phase
[412.529s][info][gc,phases      ] GC(1113) Marking Phase 289.722ms
[412.529s][info][gc,phases,start] GC(1113) Summary Phase
[412.529s][info][gc,phases      ] GC(1113) Summary Phase 0.036ms
[412.529s][info][gc,phases,start] GC(1113) Adjust Roots
[412.529s][info][gc,phases      ] GC(1113) Adjust Roots 0.275ms
[412.529s][info][gc,phases,start] GC(1113) Compaction Phase
[412.627s][info][gc,phases      ] GC(1113) Compaction Phase 98.079ms
[412.628s][info][gc,phases,start] GC(1113) Post Compact
[412.629s][info][gc,phases      ] GC(1113) Post Compact 1.571ms
[412.629s][info][gc,heap        ] GC(1113) PSYoungGen: 33771K(77312K)->33771K(77312K) Eden: 24575K(24576K)->24575K(24576K) From: 9195K(52736K)->9195K(52736K)
[412.629s][info][gc,heap        ] GC(1113) ParOldGen: 339187K(341504K)->339187K(341504K)
[412.629s][info][gc,metaspace   ] GC(1113) Metaspace: 6296K(6464K)->6296K(6464K) NonClass: 5763K(5824K)->5763K(5824K) Class: 532K(640K)->532K(640K)
[412.629s][info][gc             ] GC(1113) Pause Full (Ergonomics) 364M->364M(409M) 390.092ms
[412.629s][info][gc,cpu         ] GC(1113) User=0.36s Sys=0.00s Real=0.39s
[412.629s][info][gc,start       ] GC(1114) Pause Full (Ergonomics)
[412.630s][info][gc,phases,start] GC(1114) Marking Phase
[412.915s][info][gc,phases      ] GC(1114) Marking Phase 285.131ms
[412.915s][info][gc,phases,start] GC(1114) Summary Phase
[412.915s][info][gc,phases      ] GC(1114) Summary Phase 0.034ms
[412.915s][info][gc,phases,start] GC(1114) Adjust Roots
[412.915s][info][gc,phases      ] GC(1114) Adjust Roots 0.263ms
[412.915s][info][gc,phases,start] GC(1114) Compaction Phase
[413.011s][info][gc,phases      ] GC(1114) Compaction Phase 95.917ms
[413.011s][info][gc,phases,start] GC(1114) Post Compact
[413.013s][info][gc,phases      ] GC(1114) Post Compact 1.539ms
[413.013s][info][gc,heap        ] GC(1114) PSYoungGen: 33771K(77312K)->33771K(77312K) Eden: 24575K(24576K)->24575K(24576K) From: 9195K(52736K)->9195K(52736K)
[413.013s][info][gc,heap        ] GC(1114) ParOldGen: 339192K(341504K)->339192K(341504K)
[413.013s][info][gc,metaspace   ] GC(1114) Metaspace: 6296K(6464K)->6296K(6464K) NonClass: 5763K(5824K)->5763K(5824K) Class: 532K(640K)->532K(640K)
[413.013s][info][gc             ] GC(1114) Pause Full (Ergonomics) 364M->364M(409M) 383.272ms
[413.013s][info][gc,cpu         ] GC(1114) User=0.36s Sys=0.00s Real=0.38s
[413.013s][info][gc,start       ] GC(1115) Pause Full (Ergonomics)
[413.013s][info][gc,phases,start] GC(1115) Marking Phase
[413.299s][info][gc,phases      ] GC(1115) Marking Phase 285.564ms
[413.299s][info][gc,phases,start] GC(1115) Summary Phase
[413.299s][info][gc,phases      ] GC(1115) Summary Phase 0.035ms
[413.299s][info][gc,phases,start] GC(1115) Adjust Roots
[413.299s][info][gc,phases      ] GC(1115) Adjust Roots 0.266ms
[413.299s][info][gc,phases,start] GC(1115) Compaction Phase
[413.395s][info][gc,phases      ] GC(1115) Compaction Phase 95.711ms
[413.395s][info][gc,phases,start] GC(1115) Post Compact
[413.396s][info][gc,phases      ] GC(1115) Post Compact 1.537ms
[413.397s][info][gc,heap        ] GC(1115) PSYoungGen: 33771K(77312K)->33771K(77312K) Eden: 24575K(24576K)->24575K(24576K) From: 9195K(52736K)->9195K(52736K)
[413.397s][info][gc,heap        ] GC(1115) ParOldGen: 339196K(341504K)->339196K(341504K)
[413.397s][info][gc,metaspace   ] GC(1115) Metaspace: 6296K(6464K)->6296K(6464K) NonClass: 5763K(5824K)->5763K(5824K) Class: 532K(640K)->532K(640K)
[413.397s][info][gc             ] GC(1115) Pause Full (Ergonomics) 364M->364M(409M) 383.518ms
[413.397s][info][gc,cpu         ] GC(1115) User=0.36s Sys=0.00s Real=0.38s
[413.397s][info][gc,start       ] GC(1116) Pause Full (Ergonomics)
[413.397s][info][gc,phases,start] GC(1116) Marking Phase
[413.683s][info][gc,phases      ] GC(1116) Marking Phase 286.373ms
[413.683s][info][gc,phases,start] GC(1116) Summary Phase
[413.683s][info][gc,phases      ] GC(1116) Summary Phase 0.023ms
[413.683s][info][gc,phases,start] GC(1116) Adjust Roots
[413.684s][info][gc,phases      ] GC(1116) Adjust Roots 0.246ms
[413.684s][info][gc,phases,start] GC(1116) Compaction Phase
[413.780s][info][gc,phases      ] GC(1116) Compaction Phase 95.986ms
[413.780s][info][gc,phases,start] GC(1116) Post Compact
[413.781s][info][gc,phases      ] GC(1116) Post Compact 1.552ms
[413.781s][info][gc,heap        ] GC(1116) PSYoungGen: 33771K(77312K)->33771K(77312K) Eden: 24575K(24576K)->24575K(24576K) From: 9195K(52736K)->9195K(52736K)
[413.781s][info][gc,heap        ] GC(1116) ParOldGen: 339201K(341504K)->339201K(341504K)
[413.781s][info][gc,metaspace   ] GC(1116) Metaspace: 6296K(6464K)->6296K(6464K) NonClass: 5763K(5824K)->5763K(5824K) Class: 532K(640K)->532K(640K)
[413.782s][info][gc             ] GC(1116) Pause Full (Ergonomics) 364M->364M(409M) 384.554ms
[413.782s][info][gc,cpu         ] GC(1116) User=0.36s Sys=0.00s Real=0.38s
[413.782s][info][gc,start       ] GC(1117) Pause Full (Ergonomics)
[413.782s][info][gc,phases,start] GC(1117) Marking Phase
[414.071s][info][gc,phases      ] GC(1117) Marking Phase 289.116ms
[414.071s][info][gc,phases,start] GC(1117) Summary Phase
[414.071s][info][gc,phases      ] GC(1117) Summary Phase 0.035ms
[414.071s][info][gc,phases,start] GC(1117) Adjust Roots
[414.072s][info][gc,phases      ] GC(1117) Adjust Roots 0.274ms
[414.072s][info][gc,phases,start] GC(1117) Compaction Phase
[414.170s][info][gc,phases      ] GC(1117) Compaction Phase 98.114ms
[414.170s][info][gc,phases,start] GC(1117) Post Compact
[414.172s][info][gc,phases      ] GC(1117) Post Compact 1.545ms
[414.172s][info][gc,heap        ] GC(1117) PSYoungGen: 33771K(77312K)->33771K(77312K) Eden: 24575K(24576K)->24575K(24576K) From: 9195K(52736K)->9195K(52736K)
[414.172s][info][gc,heap        ] GC(1117) ParOldGen: 339206K(341504K)->339206K(341504K)
[414.172s][info][gc,metaspace   ] GC(1117) Metaspace: 6296K(6464K)->6296K(6464K) NonClass: 5763K(5824K)->5763K(5824K) Class: 532K(640K)->532K(640K)
[414.172s][info][gc             ] GC(1117) Pause Full (Ergonomics) 364M->364M(409M) 389.472ms
[414.172s][info][gc,cpu         ] GC(1117) User=0.36s Sys=0.00s Real=0.39s
[414.172s][info][gc,start       ] GC(1118) Pause Full (Ergonomics)
[414.172s][info][gc,phases,start] GC(1118) Marking Phase
[414.456s][info][gc,phases      ] GC(1118) Marking Phase 284.074ms
[414.456s][info][gc,phases,start] GC(1118) Summary Phase
[414.456s][info][gc,phases      ] GC(1118) Summary Phase 0.018ms
[414.456s][info][gc,phases,start] GC(1118) Adjust Roots
[414.456s][info][gc,phases      ] GC(1118) Adjust Roots 0.199ms
[414.456s][info][gc,phases,start] GC(1118) Compaction Phase
[414.552s][info][gc,phases      ] GC(1118) Compaction Phase 95.808ms
[414.552s][info][gc,phases,start] GC(1118) Post Compact
[414.554s][info][gc,phases      ] GC(1118) Post Compact 1.505ms
[414.554s][info][gc,heap        ] GC(1118) PSYoungGen: 33771K(77312K)->33771K(77312K) Eden: 24575K(24576K)->24575K(24576K) From: 9195K(52736K)->9195K(52736K)
[414.554s][info][gc,heap        ] GC(1118) ParOldGen: 339210K(341504K)->339210K(341504K)
[414.554s][info][gc,metaspace   ] GC(1118) Metaspace: 6296K(6464K)->6296K(6464K) NonClass: 5763K(5824K)->5763K(5824K) Class: 532K(640K)->532K(640K)
[414.554s][info][gc             ] GC(1118) Pause Full (Ergonomics) 364M->364M(409M) 381.962ms
[414.554s][info][gc,cpu         ] GC(1118) User=0.38s Sys=0.00s Real=0.38s
[414.554s][info][gc,start       ] GC(1119) Pause Full (Ergonomics)
[414.554s][info][gc,phases,start] GC(1119) Marking Phase
[414.845s][info][gc,phases      ] GC(1119) Marking Phase 291.210ms
[414.846s][info][gc,phases,start] GC(1119) Summary Phase
[414.846s][info][gc,phases      ] GC(1119) Summary Phase 0.017ms
[414.846s][info][gc,phases,start] GC(1119) Adjust Roots
[414.846s][info][gc,phases      ] GC(1119) Adjust Roots 0.239ms
[414.846s][info][gc,phases,start] GC(1119) Compaction Phase
[414.950s][info][gc,phases      ] GC(1119) Compaction Phase 103.840ms
[414.950s][info][gc,phases,start] GC(1119) Post Compact
[414.952s][info][gc,phases      ] GC(1119) Post Compact 1.962ms
[414.952s][info][gc,heap        ] GC(1119) PSYoungGen: 33771K(77312K)->33771K(77312K) Eden: 24575K(24576K)->24575K(24576K) From: 9195K(52736K)->9195K(52736K)
[414.952s][info][gc,heap        ] GC(1119) ParOldGen: 339215K(341504K)->339215K(341504K)
[414.952s][info][gc,metaspace   ] GC(1119) Metaspace: 6296K(6464K)->6296K(6464K) NonClass: 5763K(5824K)->5763K(5824K) Class: 532K(640K)->532K(640K)
[414.952s][info][gc             ] GC(1119) Pause Full (Ergonomics) 364M->364M(409M) 397.569ms
[414.952s][info][gc,cpu         ] GC(1119) User=0.36s Sys=0.00s Real=0.40s
[414.952s][info][gc,start       ] GC(1120) Pause Full (Ergonomics)
[414.952s][info][gc,phases,start] GC(1120) Marking Phase
[415.255s][info][gc,phases      ] GC(1120) Marking Phase 303.227ms
[415.255s][info][gc,phases,start] GC(1120) Summary Phase
[415.255s][info][gc,phases      ] GC(1120) Summary Phase 0.018ms
[415.255s][info][gc,phases,start] GC(1120) Adjust Roots
[415.256s][info][gc,phases      ] GC(1120) Adjust Roots 0.180ms
[415.256s][info][gc,phases,start] GC(1120) Compaction Phase
[415.353s][info][gc,phases      ] GC(1120) Compaction Phase 97.597ms
[415.353s][info][gc,phases,start] GC(1120) Post Compact
[415.355s][info][gc,phases      ] GC(1120) Post Compact 1.507ms
[415.355s][info][gc,heap        ] GC(1120) PSYoungGen: 33771K(77312K)->33771K(77312K) Eden: 24575K(24576K)->24575K(24576K) From: 9195K(52736K)->9195K(52736K)
[415.355s][info][gc,heap        ] GC(1120) ParOldGen: 339220K(341504K)->339220K(341504K)
[415.355s][info][gc,metaspace   ] GC(1120) Metaspace: 6296K(6464K)->6296K(6464K) NonClass: 5763K(5824K)->5763K(5824K) Class: 532K(640K)->532K(640K)
[415.355s][info][gc             ] GC(1120) Pause Full (Ergonomics) 364M->364M(409M) 402.896ms
[415.355s][info][gc,cpu         ] GC(1120) User=0.39s Sys=0.00s Real=0.40s
[415.355s][info][gc,start       ] GC(1121) Pause Full (Ergonomics)
[415.355s][info][gc,phases,start] GC(1121) Marking Phase
[415.648s][info][gc,phases      ] GC(1121) Marking Phase 292.969ms
[415.648s][info][gc,phases,start] GC(1121) Summary Phase
[415.648s][info][gc,phases      ] GC(1121) Summary Phase 0.021ms
[415.648s][info][gc,phases,start] GC(1121) Adjust Roots
[415.649s][info][gc,phases      ] GC(1121) Adjust Roots 0.283ms
[415.649s][info][gc,phases,start] GC(1121) Compaction Phase
[415.765s][info][gc,phases      ] GC(1121) Compaction Phase 116.355ms
[415.765s][info][gc,phases,start] GC(1121) Post Compact
[415.766s][info][gc,phases      ] GC(1121) Post Compact 1.534ms
[415.767s][info][gc,heap        ] GC(1121) PSYoungGen: 33771K(77312K)->33771K(77312K) Eden: 24575K(24576K)->24575K(24576K) From: 9195K(52736K)->9195K(52736K)
[415.767s][info][gc,heap        ] GC(1121) ParOldGen: 339224K(341504K)->339224K(341504K)
[415.767s][info][gc,metaspace   ] GC(1121) Metaspace: 6296K(6464K)->6296K(6464K) NonClass: 5763K(5824K)->5763K(5824K) Class: 532K(640K)->532K(640K)
[415.767s][info][gc             ] GC(1121) Pause Full (Ergonomics) 364M->364M(409M) 411.463ms
[415.767s][info][gc,cpu         ] GC(1121) User=0.38s Sys=0.00s Real=0.41s
[415.767s][info][gc,start       ] GC(1122) Pause Full (Ergonomics)
[415.767s][info][gc,phases,start] GC(1122) Marking Phase
[416.057s][info][gc,phases      ] GC(1122) Marking Phase 289.703ms
[416.057s][info][gc,phases,start] GC(1122) Summary Phase
[416.057s][info][gc,phases      ] GC(1122) Summary Phase 0.036ms
[416.057s][info][gc,phases,start] GC(1122) Adjust Roots
[416.057s][info][gc,phases      ] GC(1122) Adjust Roots 0.248ms
[416.057s][info][gc,phases,start] GC(1122) Compaction Phase
[416.156s][info][gc,phases      ] GC(1122) Compaction Phase 99.083ms
[416.156s][info][gc,phases,start] GC(1122) Post Compact
[416.158s][info][gc,phases      ] GC(1122) Post Compact 1.521ms
[416.158s][info][gc,heap        ] GC(1122) PSYoungGen: 33771K(77312K)->33771K(77312K) Eden: 24575K(24576K)->24575K(24576K) From: 9195K(52736K)->9195K(52736K)
[416.158s][info][gc,heap        ] GC(1122) ParOldGen: 339229K(341504K)->339229K(341504K)
[416.158s][info][gc,metaspace   ] GC(1122) Metaspace: 6296K(6464K)->6296K(6464K) NonClass: 5763K(5824K)->5763K(5824K) Class: 532K(640K)->532K(640K)
[416.158s][info][gc             ] GC(1122) Pause Full (Ergonomics) 364M->364M(409M) 390.972ms
[416.158s][info][gc,cpu         ] GC(1122) User=0.36s Sys=0.00s Real=0.39s
[416.158s][info][gc,start       ] GC(1123) Pause Full (Ergonomics)
[416.158s][info][gc,phases,start] GC(1123) Marking Phase
[416.443s][info][gc,phases      ] GC(1123) Marking Phase 284.753ms
[416.443s][info][gc,phases,start] GC(1123) Summary Phase
[416.443s][info][gc,phases      ] GC(1123) Summary Phase 0.023ms
[416.443s][info][gc,phases,start] GC(1123) Adjust Roots
[416.443s][info][gc,phases      ] GC(1123) Adjust Roots 0.189ms
[416.443s][info][gc,phases,start] GC(1123) Compaction Phase
[416.539s][info][gc,phases      ] GC(1123) Compaction Phase 95.615ms
[416.539s][info][gc,phases,start] GC(1123) Post Compact
[416.541s][info][gc,phases      ] GC(1123) Post Compact 1.530ms
[416.541s][info][gc,heap        ] GC(1123) PSYoungGen: 33771K(77312K)->33771K(77312K) Eden: 24575K(24576K)->24575K(24576K) From: 9195K(52736K)->9195K(52736K)
[416.541s][info][gc,heap        ] GC(1123) ParOldGen: 339234K(341504K)->339234K(341504K)
[416.541s][info][gc,metaspace   ] GC(1123) Metaspace: 6296K(6464K)->6296K(6464K) NonClass: 5763K(5824K)->5763K(5824K) Class: 532K(640K)->532K(640K)
[416.541s][info][gc             ] GC(1123) Pause Full (Ergonomics) 364M->364M(409M) 382.532ms
[416.541s][info][gc,cpu         ] GC(1123) User=0.36s Sys=0.00s Real=0.38s
[416.541s][info][gc,start       ] GC(1124) Pause Full (Ergonomics)
[416.541s][info][gc,phases,start] GC(1124) Marking Phase
[416.832s][info][gc,phases      ] GC(1124) Marking Phase 290.692ms
[416.832s][info][gc,phases,start] GC(1124) Summary Phase
[416.832s][info][gc,phases      ] GC(1124) Summary Phase 0.023ms
[416.832s][info][gc,phases,start] GC(1124) Adjust Roots
[416.832s][info][gc,phases      ] GC(1124) Adjust Roots 0.339ms
[416.832s][info][gc,phases,start] GC(1124) Compaction Phase
[416.937s][info][gc,phases      ] GC(1124) Compaction Phase 104.881ms
[416.937s][info][gc,phases,start] GC(1124) Post Compact
[416.939s][info][gc,phases      ] GC(1124) Post Compact 1.521ms
[416.939s][info][gc,heap        ] GC(1124) PSYoungGen: 33771K(77312K)->33771K(77312K) Eden: 24575K(24576K)->24575K(24576K) From: 9195K(52736K)->9195K(52736K)
[416.939s][info][gc,heap        ] GC(1124) ParOldGen: 339238K(341504K)->339238K(341504K)
[416.939s][info][gc,metaspace   ] GC(1124) Metaspace: 6296K(6464K)->6296K(6464K) NonClass: 5763K(5824K)->5763K(5824K) Class: 532K(640K)->532K(640K)
[416.939s][info][gc             ] GC(1124) Pause Full (Ergonomics) 364M->364M(409M) 397.879ms
[416.939s][info][gc,cpu         ] GC(1124) User=0.34s Sys=0.03s Real=0.40s
[416.939s][info][gc,start       ] GC(1125) Pause Full (Ergonomics)
[416.939s][info][gc,phases,start] GC(1125) Marking Phase
[417.228s][info][gc,phases      ] GC(1125) Marking Phase 288.325ms
[417.228s][info][gc,phases,start] GC(1125) Summary Phase
[417.228s][info][gc,phases      ] GC(1125) Summary Phase 0.024ms
[417.228s][info][gc,phases,start] GC(1125) Adjust Roots
[417.228s][info][gc,phases      ] GC(1125) Adjust Roots 0.217ms
[417.228s][info][gc,phases,start] GC(1125) Compaction Phase
[417.329s][info][gc,phases      ] GC(1125) Compaction Phase 100.527ms
[417.329s][info][gc,phases,start] GC(1125) Post Compact
[417.330s][info][gc,phases      ] GC(1125) Post Compact 1.708ms
[417.331s][info][gc,heap        ] GC(1125) PSYoungGen: 33771K(77312K)->33771K(77312K) Eden: 24575K(24576K)->24575K(24576K) From: 9195K(52736K)->9195K(52736K)
[417.331s][info][gc,heap        ] GC(1125) ParOldGen: 339243K(341504K)->339243K(341504K)
[417.331s][info][gc,metaspace   ] GC(1125) Metaspace: 6296K(6464K)->6296K(6464K) NonClass: 5763K(5824K)->5763K(5824K) Class: 532K(640K)->532K(640K)
[417.331s][info][gc             ] GC(1125) Pause Full (Ergonomics) 364M->364M(409M) 391.159ms
[417.331s][info][gc,cpu         ] GC(1125) User=0.36s Sys=0.00s Real=0.39s
[417.331s][info][gc,start       ] GC(1126) Pause Full (Ergonomics)
[417.331s][info][gc,phases,start] GC(1126) Marking Phase
[417.618s][info][gc,phases      ] GC(1126) Marking Phase 287.521ms
[417.619s][info][gc,phases,start] GC(1126) Summary Phase
[417.619s][info][gc,phases      ] GC(1126) Summary Phase 0.023ms
[417.619s][info][gc,phases,start] GC(1126) Adjust Roots
[417.619s][info][gc,phases      ] GC(1126) Adjust Roots 0.264ms
[417.619s][info][gc,phases,start] GC(1126) Compaction Phase
[417.716s][info][gc,phases      ] GC(1126) Compaction Phase 97.541ms
[417.716s][info][gc,phases,start] GC(1126) Post Compact
[417.718s][info][gc,phases      ] GC(1126) Post Compact 1.553ms
[417.718s][info][gc,heap        ] GC(1126) PSYoungGen: 33771K(77312K)->33771K(77312K) Eden: 24575K(24576K)->24575K(24576K) From: 9195K(52736K)->9195K(52736K)
[417.718s][info][gc,heap        ] GC(1126) ParOldGen: 339248K(341504K)->339248K(341504K)
[417.718s][info][gc,metaspace   ] GC(1126) Metaspace: 6296K(6464K)->6296K(6464K) NonClass: 5763K(5824K)->5763K(5824K) Class: 532K(640K)->532K(640K)
[417.718s][info][gc             ] GC(1126) Pause Full (Ergonomics) 364M->364M(409M) 387.286ms
[417.718s][info][gc,cpu         ] GC(1126) User=0.38s Sys=0.00s Real=0.39s
[417.718s][info][gc,start       ] GC(1127) Pause Full (Ergonomics)
[417.719s][info][gc,phases,start] GC(1127) Marking Phase
[418.007s][info][gc,phases      ] GC(1127) Marking Phase 288.064ms
[418.007s][info][gc,phases,start] GC(1127) Summary Phase
[418.007s][info][gc,phases      ] GC(1127) Summary Phase 0.023ms
[418.007s][info][gc,phases,start] GC(1127) Adjust Roots
[418.007s][info][gc,phases      ] GC(1127) Adjust Roots 0.223ms
[418.007s][info][gc,phases,start] GC(1127) Compaction Phase
[418.105s][info][gc,phases      ] GC(1127) Compaction Phase 97.935ms
[418.105s][info][gc,phases,start] GC(1127) Post Compact
[418.107s][info][gc,phases      ] GC(1127) Post Compact 1.828ms
[418.107s][info][gc,heap        ] GC(1127) PSYoungGen: 33771K(77312K)->33771K(77312K) Eden: 24575K(24576K)->24575K(24576K) From: 9195K(52736K)->9195K(52736K)
[418.107s][info][gc,heap        ] GC(1127) ParOldGen: 339252K(341504K)->339252K(341504K)
[418.107s][info][gc,metaspace   ] GC(1127) Metaspace: 6296K(6464K)->6296K(6464K) NonClass: 5763K(5824K)->5763K(5824K) Class: 532K(640K)->532K(640K)
[418.107s][info][gc             ] GC(1127) Pause Full (Ergonomics) 364M->364M(409M) 388.495ms
[418.107s][info][gc,cpu         ] GC(1127) User=0.36s Sys=0.00s Real=0.39s
[418.107s][info][gc,start       ] GC(1128) Pause Full (Ergonomics)
[418.107s][info][gc,phases,start] GC(1128) Marking Phase
[418.390s][info][gc,phases      ] GC(1128) Marking Phase 283.109ms
[418.390s][info][gc,phases,start] GC(1128) Summary Phase
[418.391s][info][gc,phases      ] GC(1128) Summary Phase 0.018ms
[418.391s][info][gc,phases,start] GC(1128) Adjust Roots
[418.391s][info][gc,phases      ] GC(1128) Adjust Roots 0.283ms
[418.391s][info][gc,phases,start] GC(1128) Compaction Phase
[418.489s][info][gc,phases      ] GC(1128) Compaction Phase 97.956ms
[418.489s][info][gc,phases,start] GC(1128) Post Compact
[418.490s][info][gc,phases      ] GC(1128) Post Compact 1.516ms
[418.490s][info][gc,heap        ] GC(1128) PSYoungGen: 33771K(77312K)->33771K(77312K) Eden: 24575K(24576K)->24575K(24576K) From: 9195K(52736K)->9195K(52736K)
[418.490s][info][gc,heap        ] GC(1128) ParOldGen: 339257K(341504K)->339257K(341504K)
[418.490s][info][gc,metaspace   ] GC(1128) Metaspace: 6296K(6464K)->6296K(6464K) NonClass: 5763K(5824K)->5763K(5824K) Class: 532K(640K)->532K(640K)
[418.491s][info][gc             ] GC(1128) Pause Full (Ergonomics) 364M->364M(409M) 383.230ms
[418.491s][info][gc,cpu         ] GC(1128) User=0.36s Sys=0.00s Real=0.38s
[418.491s][info][gc,start       ] GC(1129) Pause Full (Ergonomics)
[418.491s][info][gc,phases,start] GC(1129) Marking Phase
[418.785s][info][gc,phases      ] GC(1129) Marking Phase 293.930ms
[418.785s][info][gc,phases,start] GC(1129) Summary Phase
[418.785s][info][gc,phases      ] GC(1129) Summary Phase 0.023ms
[418.785s][info][gc,phases,start] GC(1129) Adjust Roots
[418.785s][info][gc,phases      ] GC(1129) Adjust Roots 0.209ms
[418.785s][info][gc,phases,start] GC(1129) Compaction Phase
[418.888s][info][gc,phases      ] GC(1129) Compaction Phase 103.103ms
[418.888s][info][gc,phases,start] GC(1129) Post Compact
[418.890s][info][gc,phases      ] GC(1129) Post Compact 1.863ms
[418.890s][info][gc,heap        ] GC(1129) PSYoungGen: 33771K(77312K)->33771K(77312K) Eden: 24575K(24576K)->24575K(24576K) From: 9195K(52736K)->9195K(52736K)
[418.890s][info][gc,heap        ] GC(1129) ParOldGen: 339262K(341504K)->339262K(341504K)
[418.890s][info][gc,metaspace   ] GC(1129) Metaspace: 6296K(6464K)->6296K(6464K) NonClass: 5763K(5824K)->5763K(5824K) Class: 532K(640K)->532K(640K)
[418.890s][info][gc             ] GC(1129) Pause Full (Ergonomics) 364M->364M(409M) 399.510ms
[418.890s][info][gc,cpu         ] GC(1129) User=0.38s Sys=0.00s Real=0.40s
[418.891s][info][gc,start       ] GC(1130) Pause Full (Ergonomics)
[418.891s][info][gc,phases,start] GC(1130) Marking Phase
[419.179s][info][gc,phases      ] GC(1130) Marking Phase 288.845ms
[419.180s][info][gc,phases,start] GC(1130) Summary Phase
[419.180s][info][gc,phases      ] GC(1130) Summary Phase 0.023ms
[419.180s][info][gc,phases,start] GC(1130) Adjust Roots
[419.180s][info][gc,phases      ] GC(1130) Adjust Roots 0.365ms
[419.180s][info][gc,phases,start] GC(1130) Compaction Phase
[419.278s][info][gc,phases      ] GC(1130) Compaction Phase 98.294ms
[419.278s][info][gc,phases,start] GC(1130) Post Compact
[419.280s][info][gc,phases      ] GC(1130) Post Compact 1.530ms
[419.280s][info][gc,heap        ] GC(1130) PSYoungGen: 33771K(77312K)->33771K(77312K) Eden: 24575K(24576K)->24575K(24576K) From: 9195K(52736K)->9195K(52736K)
[419.280s][info][gc,heap        ] GC(1130) ParOldGen: 339266K(341504K)->339266K(341504K)
[419.280s][info][gc,metaspace   ] GC(1130) Metaspace: 6296K(6464K)->6296K(6464K) NonClass: 5763K(5824K)->5763K(5824K) Class: 532K(640K)->532K(640K)
[419.280s][info][gc             ] GC(1130) Pause Full (Ergonomics) 364M->364M(409M) 389.406ms
[419.280s][info][gc,cpu         ] GC(1130) User=0.38s Sys=0.00s Real=0.39s
[419.280s][info][gc,start       ] GC(1131) Pause Full (Ergonomics)
[419.280s][info][gc,phases,start] GC(1131) Marking Phase
[419.567s][info][gc,phases      ] GC(1131) Marking Phase 286.766ms
[419.567s][info][gc,phases,start] GC(1131) Summary Phase
[419.567s][info][gc,phases      ] GC(1131) Summary Phase 0.023ms
[419.567s][info][gc,phases,start] GC(1131) Adjust Roots
[419.567s][info][gc,phases      ] GC(1131) Adjust Roots 0.212ms
[419.568s][info][gc,phases,start] GC(1131) Compaction Phase
[419.664s][info][gc,phases      ] GC(1131) Compaction Phase 96.242ms
[419.664s][info][gc,phases,start] GC(1131) Post Compact
[419.665s][info][gc,phases      ] GC(1131) Post Compact 1.523ms
[419.665s][info][gc,heap        ] GC(1131) PSYoungGen: 33771K(77312K)->33771K(77312K) Eden: 24575K(24576K)->24575K(24576K) From: 9195K(52736K)->9195K(52736K)
[419.665s][info][gc,heap        ] GC(1131) ParOldGen: 339271K(341504K)->339271K(341504K)
[419.665s][info][gc,metaspace   ] GC(1131) Metaspace: 6296K(6464K)->6296K(6464K) NonClass: 5763K(5824K)->5763K(5824K) Class: 532K(640K)->532K(640K)
[419.665s][info][gc             ] GC(1131) Pause Full (Ergonomics) 364M->364M(409M) 385.111ms
[419.665s][info][gc,cpu         ] GC(1131) User=0.36s Sys=0.00s Real=0.38s
[419.666s][info][gc,start       ] GC(1132) Pause Full (Ergonomics)
[419.666s][info][gc,phases,start] GC(1132) Marking Phase
[419.951s][info][gc,phases      ] GC(1132) Marking Phase 285.039ms
[419.951s][info][gc,phases,start] GC(1132) Summary Phase
[419.951s][info][gc,phases      ] GC(1132) Summary Phase 0.023ms
[419.951s][info][gc,phases,start] GC(1132) Adjust Roots
[419.951s][info][gc,phases      ] GC(1132) Adjust Roots 0.186ms
[419.951s][info][gc,phases,start] GC(1132) Compaction Phase
[420.047s][info][gc,phases      ] GC(1132) Compaction Phase 95.504ms
[420.047s][info][gc,phases,start] GC(1132) Post Compact
[420.048s][info][gc,phases      ] GC(1132) Post Compact 1.542ms
[420.048s][info][gc,heap        ] GC(1132) PSYoungGen: 33771K(77312K)->33771K(77312K) Eden: 24575K(24576K)->24575K(24576K) From: 9195K(52736K)->9195K(52736K)
[420.048s][info][gc,heap        ] GC(1132) ParOldGen: 339276K(341504K)->339276K(341504K)
[420.048s][info][gc,metaspace   ] GC(1132) Metaspace: 6296K(6464K)->6296K(6464K) NonClass: 5763K(5824K)->5763K(5824K) Class: 532K(640K)->532K(640K)
[420.048s][info][gc             ] GC(1132) Pause Full (Ergonomics) 364M->364M(409M) 382.619ms
[420.048s][info][gc,cpu         ] GC(1132) User=0.34s Sys=0.00s Real=0.38s
[420.049s][info][gc,start       ] GC(1133) Pause Full (Ergonomics)
[420.049s][info][gc,phases,start] GC(1133) Marking Phase
[420.338s][info][gc,phases      ] GC(1133) Marking Phase 289.543ms
[420.338s][info][gc,phases,start] GC(1133) Summary Phase
[420.338s][info][gc,phases      ] GC(1133) Summary Phase 0.024ms
[420.338s][info][gc,phases,start] GC(1133) Adjust Roots
[420.339s][info][gc,phases      ] GC(1133) Adjust Roots 0.246ms
[420.339s][info][gc,phases,start] GC(1133) Compaction Phase
[420.436s][info][gc,phases      ] GC(1133) Compaction Phase 97.487ms
[420.436s][info][gc,phases,start] GC(1133) Post Compact
[420.438s][info][gc,phases      ] GC(1133) Post Compact 1.709ms
[420.438s][info][gc,heap        ] GC(1133) PSYoungGen: 33771K(77312K)->33771K(77312K) Eden: 24575K(24576K)->24575K(24576K) From: 9195K(52736K)->9195K(52736K)
[420.438s][info][gc,heap        ] GC(1133) ParOldGen: 339280K(341504K)->339280K(341504K)
[420.438s][info][gc,metaspace   ] GC(1133) Metaspace: 6296K(6464K)->6296K(6464K) NonClass: 5763K(5824K)->5763K(5824K) Class: 532K(640K)->532K(640K)
[420.438s][info][gc             ] GC(1133) Pause Full (Ergonomics) 364M->364M(409M) 389.447ms
[420.438s][info][gc,cpu         ] GC(1133) User=0.38s Sys=0.00s Real=0.39s
[420.438s][info][gc,start       ] GC(1134) Pause Full (Ergonomics)
[420.438s][info][gc,phases,start] GC(1134) Marking Phase
[420.728s][info][gc,phases      ] GC(1134) Marking Phase 289.762ms
[420.728s][info][gc,phases,start] GC(1134) Summary Phase
[420.728s][info][gc,phases      ] GC(1134) Summary Phase 0.023ms
[420.728s][info][gc,phases,start] GC(1134) Adjust Roots
[420.729s][info][gc,phases      ] GC(1134) Adjust Roots 0.248ms
[420.729s][info][gc,phases,start] GC(1134) Compaction Phase
[420.826s][info][gc,phases      ] GC(1134) Compaction Phase 96.866ms
[420.826s][info][gc,phases,start] GC(1134) Post Compact
[420.827s][info][gc,phases      ] GC(1134) Post Compact 1.544ms
[420.827s][info][gc,heap        ] GC(1134) PSYoungGen: 33771K(77312K)->33771K(77312K) Eden: 24575K(24576K)->24575K(24576K) From: 9195K(52736K)->9195K(52736K)
[420.827s][info][gc,heap        ] GC(1134) ParOldGen: 339285K(341504K)->339285K(341504K)
[420.827s][info][gc,metaspace   ] GC(1134) Metaspace: 6296K(6464K)->6296K(6464K) NonClass: 5763K(5824K)->5763K(5824K) Class: 532K(640K)->532K(640K)
[420.827s][info][gc             ] GC(1134) Pause Full (Ergonomics) 364M->364M(409M) 388.783ms
[420.827s][info][gc,cpu         ] GC(1134) User=0.36s Sys=0.00s Real=0.39s
[420.828s][info][gc,start       ] GC(1135) Pause Full (Ergonomics)
[420.828s][info][gc,phases,start] GC(1135) Marking Phase
[421.112s][info][gc,phases      ] GC(1135) Marking Phase 284.886ms
[421.113s][info][gc,phases,start] GC(1135) Summary Phase
[421.113s][info][gc,phases      ] GC(1135) Summary Phase 0.022ms
[421.113s][info][gc,phases,start] GC(1135) Adjust Roots
[421.113s][info][gc,phases      ] GC(1135) Adjust Roots 0.186ms
[421.113s][info][gc,phases,start] GC(1135) Compaction Phase
[421.208s][info][gc,phases      ] GC(1135) Compaction Phase 94.896ms
[421.208s][info][gc,phases,start] GC(1135) Post Compact
[421.209s][info][gc,phases      ] GC(1135) Post Compact 1.653ms
[421.210s][info][gc,heap        ] GC(1135) PSYoungGen: 33771K(77312K)->33771K(77312K) Eden: 24575K(24576K)->24575K(24576K) From: 9195K(52736K)->9195K(52736K)
[421.210s][info][gc,heap        ] GC(1135) ParOldGen: 339290K(341504K)->339290K(341504K)
[421.210s][info][gc,metaspace   ] GC(1135) Metaspace: 6296K(6464K)->6296K(6464K) NonClass: 5763K(5824K)->5763K(5824K) Class: 532K(640K)->532K(640K)
[421.210s][info][gc             ] GC(1135) Pause Full (Ergonomics) 364M->364M(409M) 381.999ms
[421.210s][info][gc,cpu         ] GC(1135) User=0.38s Sys=0.00s Real=0.38s
[421.210s][info][gc,start       ] GC(1136) Pause Full (Ergonomics)
[421.210s][info][gc,phases,start] GC(1136) Marking Phase
[421.500s][info][gc,phases      ] GC(1136) Marking Phase 290.602ms
[421.501s][info][gc,phases,start] GC(1136) Summary Phase
[421.501s][info][gc,phases      ] GC(1136) Summary Phase 0.036ms
[421.501s][info][gc,phases,start] GC(1136) Adjust Roots
[421.501s][info][gc,phases      ] GC(1136) Adjust Roots 0.256ms
[421.501s][info][gc,phases,start] GC(1136) Compaction Phase
[421.599s][info][gc,phases      ] GC(1136) Compaction Phase 97.792ms
[421.599s][info][gc,phases,start] GC(1136) Post Compact
[421.600s][info][gc,phases      ] GC(1136) Post Compact 1.571ms
[421.600s][info][gc,heap        ] GC(1136) PSYoungGen: 33771K(77312K)->33771K(77312K) Eden: 24575K(24576K)->24575K(24576K) From: 9195K(52736K)->9195K(52736K)
[421.600s][info][gc,heap        ] GC(1136) ParOldGen: 339294K(341504K)->339294K(341504K)
[421.600s][info][gc,metaspace   ] GC(1136) Metaspace: 6296K(6464K)->6296K(6464K) NonClass: 5763K(5824K)->5763K(5824K) Class: 532K(640K)->532K(640K)
[421.601s][info][gc             ] GC(1136) Pause Full (Ergonomics) 364M->364M(409M) 390.710ms
[421.601s][info][gc,cpu         ] GC(1136) User=0.36s Sys=0.00s Real=0.39s
[421.601s][info][gc,start       ] GC(1137) Pause Full (Ergonomics)
[421.601s][info][gc,phases,start] GC(1137) Marking Phase
[421.886s][info][gc,phases      ] GC(1137) Marking Phase 284.954ms
[421.886s][info][gc,phases,start] GC(1137) Summary Phase
[421.886s][info][gc,phases      ] GC(1137) Summary Phase 0.023ms
[421.886s][info][gc,phases,start] GC(1137) Adjust Roots
[421.886s][info][gc,phases      ] GC(1137) Adjust Roots 0.214ms
[421.886s][info][gc,phases,start] GC(1137) Compaction Phase
[421.982s][info][gc,phases      ] GC(1137) Compaction Phase 96.251ms
[421.982s][info][gc,phases,start] GC(1137) Post Compact
[421.984s][info][gc,phases      ] GC(1137) Post Compact 1.532ms
[421.984s][info][gc,heap        ] GC(1137) PSYoungGen: 33771K(77312K)->33771K(77312K) Eden: 24575K(24576K)->24575K(24576K) From: 9195K(52736K)->9195K(52736K)
[421.984s][info][gc,heap        ] GC(1137) ParOldGen: 339299K(341504K)->339299K(341504K)
[421.984s][info][gc,metaspace   ] GC(1137) Metaspace: 6296K(6464K)->6296K(6464K) NonClass: 5763K(5824K)->5763K(5824K) Class: 532K(640K)->532K(640K)
[421.984s][info][gc             ] GC(1137) Pause Full (Ergonomics) 364M->364M(409M) 383.313ms
[421.984s][info][gc,cpu         ] GC(1137) User=0.34s Sys=0.00s Real=0.38s
[421.984s][info][gc,start       ] GC(1138) Pause Full (Ergonomics)
[421.984s][info][gc,phases,start] GC(1138) Marking Phase
[422.275s][info][gc,phases      ] GC(1138) Marking Phase 290.566ms
[422.275s][info][gc,phases,start] GC(1138) Summary Phase
[422.275s][info][gc,phases      ] GC(1138) Summary Phase 0.023ms
[422.275s][info][gc,phases,start] GC(1138) Adjust Roots
[422.275s][info][gc,phases      ] GC(1138) Adjust Roots 0.216ms
[422.275s][info][gc,phases,start] GC(1138) Compaction Phase
[422.374s][info][gc,phases      ] GC(1138) Compaction Phase 98.594ms
[422.374s][info][gc,phases,start] GC(1138) Post Compact
[422.376s][info][gc,phases      ] GC(1138) Post Compact 1.541ms
[422.376s][info][gc,heap        ] GC(1138) PSYoungGen: 33771K(77312K)->33771K(77312K) Eden: 24575K(24576K)->24575K(24576K) From: 9195K(52736K)->9195K(52736K)
[422.376s][info][gc,heap        ] GC(1138) ParOldGen: 339304K(341504K)->339304K(341504K)
[422.376s][info][gc,metaspace   ] GC(1138) Metaspace: 6296K(6464K)->6296K(6464K) NonClass: 5763K(5824K)->5763K(5824K) Class: 532K(640K)->532K(640K)
[422.376s][info][gc             ] GC(1138) Pause Full (Ergonomics) 364M->364M(409M) 391.292ms
[422.376s][info][gc,cpu         ] GC(1138) User=0.38s Sys=0.00s Real=0.39s
[422.376s][info][gc,start       ] GC(1139) Pause Full (Ergonomics)
[422.376s][info][gc,phases,start] GC(1139) Marking Phase
[422.662s][info][gc,phases      ] GC(1139) Marking Phase 285.648ms
[422.662s][info][gc,phases,start] GC(1139) Summary Phase
[422.662s][info][gc,phases      ] GC(1139) Summary Phase 0.036ms
[422.662s][info][gc,phases,start] GC(1139) Adjust Roots
[422.662s][info][gc,phases      ] GC(1139) Adjust Roots 0.254ms
[422.662s][info][gc,phases,start] GC(1139) Compaction Phase
[422.759s][info][gc,phases      ] GC(1139) Compaction Phase 97.185ms
[422.759s][info][gc,phases,start] GC(1139) Post Compact
[422.761s][info][gc,phases      ] GC(1139) Post Compact 1.678ms
[422.761s][info][gc,heap        ] GC(1139) PSYoungGen: 33771K(77312K)->33771K(77312K) Eden: 24575K(24576K)->24575K(24576K) From: 9195K(52736K)->9195K(52736K)
[422.761s][info][gc,heap        ] GC(1139) ParOldGen: 339308K(341504K)->339308K(341504K)
[422.761s][info][gc,metaspace   ] GC(1139) Metaspace: 6296K(6464K)->6296K(6464K) NonClass: 5763K(5824K)->5763K(5824K) Class: 532K(640K)->532K(640K)
[422.761s][info][gc             ] GC(1139) Pause Full (Ergonomics) 364M->364M(409M) 385.228ms
[422.761s][info][gc,cpu         ] GC(1139) User=0.34s Sys=0.00s Real=0.38s
[422.762s][info][gc,start       ] GC(1140) Pause Full (Ergonomics)
[422.762s][info][gc,phases,start] GC(1140) Marking Phase
[423.065s][info][gc,phases      ] GC(1140) Marking Phase 302.876ms
[423.065s][info][gc,phases,start] GC(1140) Summary Phase
[423.065s][info][gc,phases      ] GC(1140) Summary Phase 0.024ms
[423.065s][info][gc,phases,start] GC(1140) Adjust Roots
[423.065s][info][gc,phases      ] GC(1140) Adjust Roots 0.333ms
[423.065s][info][gc,phases,start] GC(1140) Compaction Phase
[423.176s][info][gc,phases      ] GC(1140) Compaction Phase 111.095ms
[423.176s][info][gc,phases,start] GC(1140) Post Compact
[423.179s][info][gc,phases      ] GC(1140) Post Compact 2.275ms
[423.179s][info][gc,heap        ] GC(1140) PSYoungGen: 33771K(77312K)->33771K(77312K) Eden: 24575K(24576K)->24575K(24576K) From: 9195K(52736K)->9195K(52736K)
[423.179s][info][gc,heap        ] GC(1140) ParOldGen: 339313K(341504K)->339313K(341504K)
[423.179s][info][gc,metaspace   ] GC(1140) Metaspace: 6296K(6464K)->6296K(6464K) NonClass: 5763K(5824K)->5763K(5824K) Class: 532K(640K)->532K(640K)
[423.179s][info][gc             ] GC(1140) Pause Full (Ergonomics) 364M->364M(409M) 417.062ms
[423.179s][info][gc,cpu         ] GC(1140) User=0.39s Sys=0.00s Real=0.42s
[423.179s][info][gc,start       ] GC(1141) Pause Full (Ergonomics)
[423.179s][info][gc,phases,start] GC(1141) Marking Phase
[423.475s][info][gc,phases      ] GC(1141) Marking Phase 295.778ms
[423.475s][info][gc,phases,start] GC(1141) Summary Phase
[423.475s][info][gc,phases      ] GC(1141) Summary Phase 0.017ms
[423.475s][info][gc,phases,start] GC(1141) Adjust Roots
[423.475s][info][gc,phases      ] GC(1141) Adjust Roots 0.194ms
[423.475s][info][gc,phases,start] GC(1141) Compaction Phase
[423.585s][info][gc,phases      ] GC(1141) Compaction Phase 109.690ms
[423.585s][info][gc,phases,start] GC(1141) Post Compact
[423.586s][info][gc,phases      ] GC(1141) Post Compact 1.574ms
[423.586s][info][gc,heap        ] GC(1141) PSYoungGen: 33771K(77312K)->33771K(77312K) Eden: 24575K(24576K)->24575K(24576K) From: 9195K(52736K)->9195K(52736K)
[423.587s][info][gc,heap        ] GC(1141) ParOldGen: 339318K(341504K)->339318K(341504K)
[423.587s][info][gc,metaspace   ] GC(1141) Metaspace: 6296K(6464K)->6296K(6464K) NonClass: 5763K(5824K)->5763K(5824K) Class: 532K(640K)->532K(640K)
[423.587s][info][gc             ] GC(1141) Pause Full (Ergonomics) 364M->364M(409M) 407.572ms
[423.587s][info][gc,cpu         ] GC(1141) User=0.38s Sys=0.00s Real=0.41s
[423.587s][info][gc,start       ] GC(1142) Pause Full (Ergonomics)
[423.587s][info][gc,phases,start] GC(1142) Marking Phase
[423.877s][info][gc,phases      ] GC(1142) Marking Phase 289.678ms
[423.877s][info][gc,phases,start] GC(1142) Summary Phase
[423.877s][info][gc,phases      ] GC(1142) Summary Phase 0.030ms
[423.877s][info][gc,phases,start] GC(1142) Adjust Roots
[423.877s][info][gc,phases      ] GC(1142) Adjust Roots 0.218ms
[423.877s][info][gc,phases,start] GC(1142) Compaction Phase
[423.973s][info][gc,phases      ] GC(1142) Compaction Phase 96.010ms
[423.973s][info][gc,phases,start] GC(1142) Post Compact
[423.975s][info][gc,phases      ] GC(1142) Post Compact 1.528ms
[423.975s][info][gc,heap        ] GC(1142) PSYoungGen: 33771K(77312K)->33771K(77312K) Eden: 24575K(24576K)->24575K(24576K) From: 9195K(52736K)->9195K(52736K)
[423.975s][info][gc,heap        ] GC(1142) ParOldGen: 339322K(341504K)->339322K(341504K)
[423.975s][info][gc,metaspace   ] GC(1142) Metaspace: 6296K(6464K)->6296K(6464K) NonClass: 5763K(5824K)->5763K(5824K) Class: 532K(640K)->532K(640K)
[423.975s][info][gc             ] GC(1142) Pause Full (Ergonomics) 364M->364M(409M) 387.783ms
[423.975s][info][gc,cpu         ] GC(1142) User=0.36s Sys=0.02s Real=0.39s
[423.975s][info][gc,start       ] GC(1143) Pause Full (Ergonomics)
[423.975s][info][gc,phases,start] GC(1143) Marking Phase
[424.263s][info][gc,phases      ] GC(1143) Marking Phase 287.857ms
[424.263s][info][gc,phases,start] GC(1143) Summary Phase
[424.263s][info][gc,phases      ] GC(1143) Summary Phase 0.023ms
[424.263s][info][gc,phases,start] GC(1143) Adjust Roots
[424.263s][info][gc,phases      ] GC(1143) Adjust Roots 0.237ms
[424.263s][info][gc,phases,start] GC(1143) Compaction Phase
[424.362s][info][gc,phases      ] GC(1143) Compaction Phase 99.290ms
[424.363s][info][gc,phases,start] GC(1143) Post Compact
[424.364s][info][gc,phases      ] GC(1143) Post Compact 1.521ms
[424.364s][info][gc,heap        ] GC(1143) PSYoungGen: 33771K(77312K)->33771K(77312K) Eden: 24575K(24576K)->24575K(24576K) From: 9195K(52736K)->9195K(52736K)
[424.364s][info][gc,heap        ] GC(1143) ParOldGen: 339327K(341504K)->339327K(341504K)
[424.364s][info][gc,metaspace   ] GC(1143) Metaspace: 6296K(6464K)->6296K(6464K) NonClass: 5763K(5824K)->5763K(5824K) Class: 532K(640K)->532K(640K)
[424.364s][info][gc             ] GC(1143) Pause Full (Ergonomics) 364M->364M(409M) 389.265ms
[424.364s][info][gc,cpu         ] GC(1143) User=0.34s Sys=0.00s Real=0.39s
[424.365s][info][gc,start       ] GC(1144) Pause Full (Ergonomics)
[424.365s][info][gc,phases,start] GC(1144) Marking Phase
[424.655s][info][gc,phases      ] GC(1144) Marking Phase 290.413ms
[424.655s][info][gc,phases,start] GC(1144) Summary Phase
[424.655s][info][gc,phases      ] GC(1144) Summary Phase 0.025ms
[424.655s][info][gc,phases,start] GC(1144) Adjust Roots
[424.655s][info][gc,phases      ] GC(1144) Adjust Roots 0.191ms
[424.655s][info][gc,phases,start] GC(1144) Compaction Phase
[424.753s][info][gc,phases      ] GC(1144) Compaction Phase 97.301ms
[424.753s][info][gc,phases,start] GC(1144) Post Compact
[424.754s][info][gc,phases      ] GC(1144) Post Compact 1.647ms
[424.755s][info][gc,heap        ] GC(1144) PSYoungGen: 33771K(77312K)->33771K(77312K) Eden: 24575K(24576K)->24575K(24576K) From: 9195K(52736K)->9195K(52736K)
[424.755s][info][gc,heap        ] GC(1144) ParOldGen: 339332K(341504K)->339332K(341504K)
[424.755s][info][gc,metaspace   ] GC(1144) Metaspace: 6296K(6464K)->6296K(6464K) NonClass: 5763K(5824K)->5763K(5824K) Class: 532K(640K)->532K(640K)
[424.755s][info][gc             ] GC(1144) Pause Full (Ergonomics) 364M->364M(409M) 389.984ms
[424.755s][info][gc,cpu         ] GC(1144) User=0.36s Sys=0.00s Real=0.39s
[424.755s][info][gc,start       ] GC(1145) Pause Full (Ergonomics)
[424.755s][info][gc,phases,start] GC(1145) Marking Phase
[425.044s][info][gc,phases      ] GC(1145) Marking Phase 289.332ms
[425.044s][info][gc,phases,start] GC(1145) Summary Phase
[425.044s][info][gc,phases      ] GC(1145) Summary Phase 0.036ms
[425.044s][info][gc,phases,start] GC(1145) Adjust Roots
[425.045s][info][gc,phases      ] GC(1145) Adjust Roots 0.273ms
[425.045s][info][gc,phases,start] GC(1145) Compaction Phase
[425.144s][info][gc,phases      ] GC(1145) Compaction Phase 98.990ms
[425.144s][info][gc,phases,start] GC(1145) Post Compact
[425.145s][info][gc,phases      ] GC(1145) Post Compact 1.597ms
[425.145s][info][gc,heap        ] GC(1145) PSYoungGen: 33771K(77312K)->33771K(77312K) Eden: 24575K(24576K)->24575K(24576K) From: 9195K(52736K)->9195K(52736K)
[425.145s][info][gc,heap        ] GC(1145) ParOldGen: 339336K(341504K)->339336K(341504K)
[425.145s][info][gc,metaspace   ] GC(1145) Metaspace: 6296K(6464K)->6296K(6464K) NonClass: 5763K(5824K)->5763K(5824K) Class: 532K(640K)->532K(640K)
[425.146s][info][gc             ] GC(1145) Pause Full (Ergonomics) 364M->364M(409M) 390.630ms
[425.146s][info][gc,cpu         ] GC(1145) User=0.38s Sys=0.00s Real=0.39s
[425.146s][info][gc,start       ] GC(1146) Pause Full (Ergonomics)
[425.146s][info][gc,phases,start] GC(1146) Marking Phase
[425.433s][info][gc,phases      ] GC(1146) Marking Phase 287.261ms
[425.433s][info][gc,phases,start] GC(1146) Summary Phase
[425.433s][info][gc,phases      ] GC(1146) Summary Phase 0.034ms
[425.433s][info][gc,phases,start] GC(1146) Adjust Roots
[425.434s][info][gc,phases      ] GC(1146) Adjust Roots 0.263ms
[425.434s][info][gc,phases,start] GC(1146) Compaction Phase
[425.530s][info][gc,phases      ] GC(1146) Compaction Phase 96.686ms
[425.530s][info][gc,phases,start] GC(1146) Post Compact
[425.532s][info][gc,phases      ] GC(1146) Post Compact 1.856ms
[425.532s][info][gc,heap        ] GC(1146) PSYoungGen: 33771K(77312K)->33771K(77312K) Eden: 24575K(24576K)->24575K(24576K) From: 9195K(52736K)->9195K(52736K)
[425.532s][info][gc,heap        ] GC(1146) ParOldGen: 339341K(341504K)->339341K(341504K)
[425.532s][info][gc,metaspace   ] GC(1146) Metaspace: 6296K(6464K)->6296K(6464K) NonClass: 5763K(5824K)->5763K(5824K) Class: 532K(640K)->532K(640K)
[425.532s][info][gc             ] GC(1146) Pause Full (Ergonomics) 364M->364M(409M) 386.512ms
[425.532s][info][gc,cpu         ] GC(1146) User=0.34s Sys=0.00s Real=0.39s
[425.533s][info][gc,start       ] GC(1147) Pause Full (Ergonomics)
[425.533s][info][gc,phases,start] GC(1147) Marking Phase
[425.823s][info][gc,phases      ] GC(1147) Marking Phase 290.789ms
[425.823s][info][gc,phases,start] GC(1147) Summary Phase
[425.824s][info][gc,phases      ] GC(1147) Summary Phase 0.024ms
[425.824s][info][gc,phases,start] GC(1147) Adjust Roots
[425.824s][info][gc,phases      ] GC(1147) Adjust Roots 0.262ms
[425.824s][info][gc,phases,start] GC(1147) Compaction Phase
[425.921s][info][gc,phases      ] GC(1147) Compaction Phase 96.598ms
[425.921s][info][gc,phases,start] GC(1147) Post Compact
[425.922s][info][gc,phases      ] GC(1147) Post Compact 1.884ms
[425.923s][info][gc,heap        ] GC(1147) PSYoungGen: 33771K(77312K)->33771K(77312K) Eden: 24575K(24576K)->24575K(24576K) From: 9195K(52736K)->9195K(52736K)
[425.923s][info][gc,heap        ] GC(1147) ParOldGen: 339346K(341504K)->339346K(341504K)
[425.923s][info][gc,metaspace   ] GC(1147) Metaspace: 6296K(6464K)->6296K(6464K) NonClass: 5763K(5824K)->5763K(5824K) Class: 532K(640K)->532K(640K)
[425.923s][info][gc             ] GC(1147) Pause Full (Ergonomics) 364M->364M(409M) 390.034ms
[425.923s][info][gc,cpu         ] GC(1147) User=0.33s Sys=0.00s Real=0.39s
[425.923s][info][gc,start       ] GC(1148) Pause Full (Ergonomics)
[425.923s][info][gc,phases,start] GC(1148) Marking Phase
[426.208s][info][gc,phases      ] GC(1148) Marking Phase 285.092ms
[426.208s][info][gc,phases,start] GC(1148) Summary Phase
[426.208s][info][gc,phases      ] GC(1148) Summary Phase 0.023ms
[426.208s][info][gc,phases,start] GC(1148) Adjust Roots
[426.208s][info][gc,phases      ] GC(1148) Adjust Roots 0.228ms
[426.208s][info][gc,phases,start] GC(1148) Compaction Phase
[426.308s][info][gc,phases      ] GC(1148) Compaction Phase 99.522ms
[426.308s][info][gc,phases,start] GC(1148) Post Compact
[426.310s][info][gc,phases      ] GC(1148) Post Compact 1.705ms
[426.310s][info][gc,heap        ] GC(1148) PSYoungGen: 33771K(77312K)->33771K(77312K) Eden: 24575K(24576K)->24575K(24576K) From: 9195K(52736K)->9195K(52736K)
[426.310s][info][gc,heap        ] GC(1148) ParOldGen: 339350K(341504K)->339350K(341504K)
[426.310s][info][gc,metaspace   ] GC(1148) Metaspace: 6296K(6464K)->6296K(6464K) NonClass: 5763K(5824K)->5763K(5824K) Class: 532K(640K)->532K(640K)
[426.310s][info][gc             ] GC(1148) Pause Full (Ergonomics) 364M->364M(409M) 386.909ms
[426.310s][info][gc,cpu         ] GC(1148) User=0.38s Sys=0.00s Real=0.39s
[426.310s][info][gc,start       ] GC(1149) Pause Full (Ergonomics)
[426.310s][info][gc,phases,start] GC(1149) Marking Phase
[426.607s][info][gc,phases      ] GC(1149) Marking Phase 297.362ms
[426.607s][info][gc,phases,start] GC(1149) Summary Phase
[426.608s][info][gc,phases      ] GC(1149) Summary Phase 0.024ms
[426.608s][info][gc,phases,start] GC(1149) Adjust Roots
[426.608s][info][gc,phases      ] GC(1149) Adjust Roots 0.223ms
[426.608s][info][gc,phases,start] GC(1149) Compaction Phase
[426.706s][info][gc,phases      ] GC(1149) Compaction Phase 98.329ms
[426.706s][info][gc,phases,start] GC(1149) Post Compact
[426.708s][info][gc,phases      ] GC(1149) Post Compact 1.779ms
[426.708s][info][gc,heap        ] GC(1149) PSYoungGen: 33771K(77312K)->33771K(77312K) Eden: 24575K(24576K)->24575K(24576K) From: 9195K(52736K)->9195K(52736K)
[426.708s][info][gc,heap        ] GC(1149) ParOldGen: 339355K(341504K)->339355K(341504K)
[426.708s][info][gc,metaspace   ] GC(1149) Metaspace: 6296K(6464K)->6296K(6464K) NonClass: 5763K(5824K)->5763K(5824K) Class: 532K(640K)->532K(640K)
[426.708s][info][gc             ] GC(1149) Pause Full (Ergonomics) 364M->364M(409M) 398.065ms
[426.708s][info][gc,cpu         ] GC(1149) User=0.36s Sys=0.00s Real=0.40s
[426.708s][info][gc,start       ] GC(1150) Pause Full (Ergonomics)
[426.708s][info][gc,phases,start] GC(1150) Marking Phase
[426.990s][info][gc,phases      ] GC(1150) Marking Phase 282.050ms
[426.991s][info][gc,phases,start] GC(1150) Summary Phase
[426.991s][info][gc,phases      ] GC(1150) Summary Phase 0.024ms
[426.991s][info][gc,phases,start] GC(1150) Adjust Roots
[426.991s][info][gc,phases      ] GC(1150) Adjust Roots 0.189ms
[426.991s][info][gc,phases,start] GC(1150) Compaction Phase
[427.100s][info][gc,phases      ] GC(1150) Compaction Phase 109.540ms
[427.100s][info][gc,phases,start] GC(1150) Post Compact
[427.103s][info][gc,phases      ] GC(1150) Post Compact 2.908ms
[427.104s][info][gc,heap        ] GC(1150) PSYoungGen: 33771K(77312K)->33771K(77312K) Eden: 24575K(24576K)->24575K(24576K) From: 9195K(52736K)->9195K(52736K)
[427.104s][info][gc,heap        ] GC(1150) ParOldGen: 339360K(341504K)->339360K(341504K)
[427.104s][info][gc,metaspace   ] GC(1150) Metaspace: 6296K(6464K)->6296K(6464K) NonClass: 5763K(5824K)->5763K(5824K) Class: 532K(640K)->532K(640K)
[427.104s][info][gc             ] GC(1150) Pause Full (Ergonomics) 364M->364M(409M) 395.190ms
[427.104s][info][gc,cpu         ] GC(1150) User=0.38s Sys=0.02s Real=0.40s
[427.104s][info][gc,start       ] GC(1151) Pause Full (Ergonomics)
[427.104s][info][gc,phases,start] GC(1151) Marking Phase
[427.419s][info][gc,phases      ] GC(1151) Marking Phase 315.070ms
[427.419s][info][gc,phases,start] GC(1151) Summary Phase
[427.419s][info][gc,phases      ] GC(1151) Summary Phase 0.024ms
[427.419s][info][gc,phases,start] GC(1151) Adjust Roots
[427.419s][info][gc,phases      ] GC(1151) Adjust Roots 0.315ms
[427.419s][info][gc,phases,start] GC(1151) Compaction Phase
[427.518s][info][gc,phases      ] GC(1151) Compaction Phase 98.338ms
[427.518s][info][gc,phases,start] GC(1151) Post Compact
[427.519s][info][gc,phases      ] GC(1151) Post Compact 1.532ms
[427.519s][info][gc,heap        ] GC(1151) PSYoungGen: 33771K(77312K)->33771K(77312K) Eden: 24575K(24576K)->24575K(24576K) From: 9195K(52736K)->9195K(52736K)
[427.519s][info][gc,heap        ] GC(1151) ParOldGen: 339364K(341504K)->339364K(341504K)
[427.519s][info][gc,metaspace   ] GC(1151) Metaspace: 6296K(6464K)->6296K(6464K) NonClass: 5763K(5824K)->5763K(5824K) Class: 532K(640K)->532K(640K)
[427.520s][info][gc             ] GC(1151) Pause Full (Ergonomics) 364M->364M(409M) 415.634ms
[427.520s][info][gc,cpu         ] GC(1151) User=0.36s Sys=0.00s Real=0.42s
[427.520s][info][gc,start       ] GC(1152) Pause Full (Ergonomics)
[427.520s][info][gc,phases,start] GC(1152) Marking Phase
[427.809s][info][gc,phases      ] GC(1152) Marking Phase 289.164ms
[427.809s][info][gc,phases,start] GC(1152) Summary Phase
[427.809s][info][gc,phases      ] GC(1152) Summary Phase 0.024ms
[427.809s][info][gc,phases,start] GC(1152) Adjust Roots
[427.809s][info][gc,phases      ] GC(1152) Adjust Roots 0.267ms
[427.809s][info][gc,phases,start] GC(1152) Compaction Phase
[427.908s][info][gc,phases      ] GC(1152) Compaction Phase 98.575ms
[427.908s][info][gc,phases,start] GC(1152) Post Compact
[427.910s][info][gc,phases      ] GC(1152) Post Compact 1.518ms
[427.910s][info][gc,heap        ] GC(1152) PSYoungGen: 33771K(77312K)->33771K(77312K) Eden: 24575K(24576K)->24575K(24576K) From: 9195K(52736K)->9195K(52736K)
[427.910s][info][gc,heap        ] GC(1152) ParOldGen: 339369K(341504K)->339369K(341504K)
[427.910s][info][gc,metaspace   ] GC(1152) Metaspace: 6296K(6464K)->6296K(6464K) NonClass: 5763K(5824K)->5763K(5824K) Class: 532K(640K)->532K(640K)
[427.910s][info][gc             ] GC(1152) Pause Full (Ergonomics) 364M->364M(409M) 389.898ms
[427.910s][info][gc,cpu         ] GC(1152) User=0.38s Sys=0.00s Real=0.39s
[427.910s][info][gc,start       ] GC(1153) Pause Full (Ergonomics)
[427.910s][info][gc,phases,start] GC(1153) Marking Phase
[428.205s][info][gc,phases      ] GC(1153) Marking Phase 294.522ms
[428.205s][info][gc,phases,start] GC(1153) Summary Phase
[428.205s][info][gc,phases      ] GC(1153) Summary Phase 0.035ms
[428.205s][info][gc,phases,start] GC(1153) Adjust Roots
[428.205s][info][gc,phases      ] GC(1153) Adjust Roots 0.261ms
[428.205s][info][gc,phases,start] GC(1153) Compaction Phase
[428.309s][info][gc,phases      ] GC(1153) Compaction Phase 103.575ms
[428.309s][info][gc,phases,start] GC(1153) Post Compact
[428.310s][info][gc,phases      ] GC(1153) Post Compact 1.536ms
[428.310s][info][gc,heap        ] GC(1153) PSYoungGen: 33771K(77312K)->33771K(77312K) Eden: 24575K(24576K)->24575K(24576K) From: 9195K(52736K)->9195K(52736K)
[428.310s][info][gc,heap        ] GC(1153) ParOldGen: 339374K(341504K)->339374K(341504K)
[428.310s][info][gc,metaspace   ] GC(1153) Metaspace: 6296K(6464K)->6296K(6464K) NonClass: 5763K(5824K)->5763K(5824K) Class: 532K(640K)->532K(640K)
[428.311s][info][gc             ] GC(1153) Pause Full (Ergonomics) 364M->364M(409M) 400.322ms
[428.311s][info][gc,cpu         ] GC(1153) User=0.36s Sys=0.02s Real=0.40s
[428.311s][info][gc,start       ] GC(1154) Pause Full (Ergonomics)
[428.311s][info][gc,phases,start] GC(1154) Marking Phase
[428.596s][info][gc,phases      ] GC(1154) Marking Phase 285.405ms
[428.596s][info][gc,phases,start] GC(1154) Summary Phase
[428.596s][info][gc,phases      ] GC(1154) Summary Phase 0.035ms
[428.596s][info][gc,phases,start] GC(1154) Adjust Roots
[428.597s][info][gc,phases      ] GC(1154) Adjust Roots 0.276ms
[428.597s][info][gc,phases,start] GC(1154) Compaction Phase
[428.693s][info][gc,phases      ] GC(1154) Compaction Phase 96.152ms
[428.693s][info][gc,phases,start] GC(1154) Post Compact
[428.695s][info][gc,phases      ] GC(1154) Post Compact 1.573ms
[428.695s][info][gc,heap        ] GC(1154) PSYoungGen: 33771K(77312K)->33771K(77312K) Eden: 24575K(24576K)->24575K(24576K) From: 9195K(52736K)->9195K(52736K)
[428.695s][info][gc,heap        ] GC(1154) ParOldGen: 339378K(341504K)->339378K(341504K)
[428.695s][info][gc,metaspace   ] GC(1154) Metaspace: 6296K(6464K)->6296K(6464K) NonClass: 5763K(5824K)->5763K(5824K) Class: 532K(640K)->532K(640K)
[428.695s][info][gc             ] GC(1154) Pause Full (Ergonomics) 364M->364M(409M) 383.838ms
[428.695s][info][gc,cpu         ] GC(1154) User=0.34s Sys=0.00s Real=0.38s
[428.695s][info][gc,start       ] GC(1155) Pause Full (Ergonomics)
[428.695s][info][gc,phases,start] GC(1155) Marking Phase
[428.981s][info][gc,phases      ] GC(1155) Marking Phase 285.993ms
[428.981s][info][gc,phases,start] GC(1155) Summary Phase
[428.981s][info][gc,phases      ] GC(1155) Summary Phase 0.059ms
[428.981s][info][gc,phases,start] GC(1155) Adjust Roots
[428.981s][info][gc,phases      ] GC(1155) Adjust Roots 0.268ms
[428.982s][info][gc,phases,start] GC(1155) Compaction Phase
[429.078s][info][gc,phases      ] GC(1155) Compaction Phase 96.066ms
[429.078s][info][gc,phases,start] GC(1155) Post Compact
[429.079s][info][gc,phases      ] GC(1155) Post Compact 1.505ms
[429.079s][info][gc,heap        ] GC(1155) PSYoungGen: 33771K(77312K)->33771K(77312K) Eden: 24575K(24576K)->24575K(24576K) From: 9195K(52736K)->9195K(52736K)
[429.079s][info][gc,heap        ] GC(1155) ParOldGen: 339383K(341504K)->339383K(341504K)
[429.079s][info][gc,metaspace   ] GC(1155) Metaspace: 6296K(6464K)->6296K(6464K) NonClass: 5763K(5824K)->5763K(5824K) Class: 532K(640K)->532K(640K)
[429.079s][info][gc             ] GC(1155) Pause Full (Ergonomics) 364M->364M(409M) 384.305ms
[429.079s][info][gc,cpu         ] GC(1155) User=0.36s Sys=0.00s Real=0.38s
[429.080s][info][gc,start       ] GC(1156) Pause Full (Ergonomics)
[429.080s][info][gc,phases,start] GC(1156) Marking Phase
[429.369s][info][gc,phases      ] GC(1156) Marking Phase 288.948ms
[429.369s][info][gc,phases,start] GC(1156) Summary Phase
[429.369s][info][gc,phases      ] GC(1156) Summary Phase 0.036ms
[429.369s][info][gc,phases,start] GC(1156) Adjust Roots
[429.369s][info][gc,phases      ] GC(1156) Adjust Roots 0.263ms
[429.369s][info][gc,phases,start] GC(1156) Compaction Phase
[429.468s][info][gc,phases      ] GC(1156) Compaction Phase 99.055ms
[429.468s][info][gc,phases,start] GC(1156) Post Compact
[429.470s][info][gc,phases      ] GC(1156) Post Compact 1.525ms
[429.470s][info][gc,heap        ] GC(1156) PSYoungGen: 33771K(77312K)->33771K(77312K) Eden: 24575K(24576K)->24575K(24576K) From: 9195K(52736K)->9195K(52736K)
[429.470s][info][gc,heap        ] GC(1156) ParOldGen: 339388K(341504K)->339388K(341504K)
[429.470s][info][gc,metaspace   ] GC(1156) Metaspace: 6296K(6464K)->6296K(6464K) NonClass: 5763K(5824K)->5763K(5824K) Class: 532K(640K)->532K(640K)
[429.470s][info][gc             ] GC(1156) Pause Full (Ergonomics) 364M->364M(409M) 390.218ms
[429.470s][info][gc,cpu         ] GC(1156) User=0.38s Sys=0.00s Real=0.39s
[429.470s][info][gc,start       ] GC(1157) Pause Full (Ergonomics)
[429.470s][info][gc,phases,start] GC(1157) Marking Phase
[429.755s][info][gc,phases      ] GC(1157) Marking Phase 284.540ms
[429.755s][info][gc,phases,start] GC(1157) Summary Phase
[429.755s][info][gc,phases      ] GC(1157) Summary Phase 0.034ms
[429.755s][info][gc,phases,start] GC(1157) Adjust Roots
[429.755s][info][gc,phases      ] GC(1157) Adjust Roots 0.269ms
[429.755s][info][gc,phases,start] GC(1157) Compaction Phase
[429.852s][info][gc,phases      ] GC(1157) Compaction Phase 96.302ms
[429.852s][info][gc,phases,start] GC(1157) Post Compact
[429.853s][info][gc,phases      ] GC(1157) Post Compact 1.534ms
[429.853s][info][gc,heap        ] GC(1157) PSYoungGen: 33771K(77312K)->33771K(77312K) Eden: 24575K(24576K)->24575K(24576K) From: 9195K(52736K)->9195K(52736K)
[429.853s][info][gc,heap        ] GC(1157) ParOldGen: 339392K(341504K)->339392K(341504K)
[429.853s][info][gc,metaspace   ] GC(1157) Metaspace: 6296K(6464K)->6296K(6464K) NonClass: 5763K(5824K)->5763K(5824K) Class: 532K(640K)->532K(640K)
[429.853s][info][gc             ] GC(1157) Pause Full (Ergonomics) 364M->364M(409M) 383.066ms
[429.853s][info][gc,cpu         ] GC(1157) User=0.36s Sys=0.00s Real=0.38s
[429.854s][info][gc,start       ] GC(1158) Pause Full (Ergonomics)
[429.854s][info][gc,phases,start] GC(1158) Marking Phase
[430.142s][info][gc,phases      ] GC(1158) Marking Phase 288.150ms
[430.142s][info][gc,phases,start] GC(1158) Summary Phase
[430.142s][info][gc,phases      ] GC(1158) Summary Phase 0.035ms
[430.142s][info][gc,phases,start] GC(1158) Adjust Roots
[430.142s][info][gc,phases      ] GC(1158) Adjust Roots 0.336ms
[430.142s][info][gc,phases,start] GC(1158) Compaction Phase
[430.243s][info][gc,phases      ] GC(1158) Compaction Phase 100.736ms
[430.243s][info][gc,phases,start] GC(1158) Post Compact
[430.245s][info][gc,phases      ] GC(1158) Post Compact 1.529ms
[430.245s][info][gc,heap        ] GC(1158) PSYoungGen: 33771K(77312K)->33771K(77312K) Eden: 24575K(24576K)->24575K(24576K) From: 9195K(52736K)->9195K(52736K)
[430.245s][info][gc,heap        ] GC(1158) ParOldGen: 339397K(341504K)->339397K(341504K)
[430.245s][info][gc,metaspace   ] GC(1158) Metaspace: 6296K(6464K)->6296K(6464K) NonClass: 5763K(5824K)->5763K(5824K) Class: 532K(640K)->532K(640K)
[430.245s][info][gc             ] GC(1158) Pause Full (Ergonomics) 364M->364M(409M) 391.192ms
[430.245s][info][gc,cpu         ] GC(1158) User=0.36s Sys=0.00s Real=0.39s
[430.245s][info][gc,start       ] GC(1159) Pause Full (Ergonomics)
[430.245s][info][gc,phases,start] GC(1159) Marking Phase
[430.530s][info][gc,phases      ] GC(1159) Marking Phase 284.721ms
[430.530s][info][gc,phases,start] GC(1159) Summary Phase
[430.530s][info][gc,phases      ] GC(1159) Summary Phase 0.022ms
[430.530s][info][gc,phases,start] GC(1159) Adjust Roots
[430.530s][info][gc,phases      ] GC(1159) Adjust Roots 0.210ms
[430.531s][info][gc,phases,start] GC(1159) Compaction Phase
[430.626s][info][gc,phases      ] GC(1159) Compaction Phase 95.272ms
[430.626s][info][gc,phases,start] GC(1159) Post Compact
[430.627s][info][gc,phases      ] GC(1159) Post Compact 1.556ms
[430.628s][info][gc,heap        ] GC(1159) PSYoungGen: 33771K(77312K)->33771K(77312K) Eden: 24575K(24576K)->24575K(24576K) From: 9195K(52736K)->9195K(52736K)
[430.628s][info][gc,heap        ] GC(1159) ParOldGen: 339402K(341504K)->339402K(341504K)
[430.628s][info][gc,metaspace   ] GC(1159) Metaspace: 6296K(6464K)->6296K(6464K) NonClass: 5763K(5824K)->5763K(5824K) Class: 532K(640K)->532K(640K)
[430.628s][info][gc             ] GC(1159) Pause Full (Ergonomics) 364M->364M(409M) 382.147ms
[430.628s][info][gc,cpu         ] GC(1159) User=0.34s Sys=0.00s Real=0.38s
[430.628s][info][gc,start       ] GC(1160) Pause Full (Ergonomics)
[430.628s][info][gc,phases,start] GC(1160) Marking Phase
[430.918s][info][gc,phases      ] GC(1160) Marking Phase 289.875ms
[430.918s][info][gc,phases,start] GC(1160) Summary Phase
[430.918s][info][gc,phases      ] GC(1160) Summary Phase 0.035ms
[430.918s][info][gc,phases,start] GC(1160) Adjust Roots
[430.918s][info][gc,phases      ] GC(1160) Adjust Roots 0.279ms
[430.918s][info][gc,phases,start] GC(1160) Compaction Phase
[431.017s][info][gc,phases      ] GC(1160) Compaction Phase 98.365ms
[431.017s][info][gc,phases,start] GC(1160) Post Compact
[431.019s][info][gc,phases      ] GC(1160) Post Compact 1.617ms
[431.019s][info][gc,heap        ] GC(1160) PSYoungGen: 33771K(77312K)->33771K(77312K) Eden: 24575K(24576K)->24575K(24576K) From: 9195K(52736K)->9195K(52736K)
[431.019s][info][gc,heap        ] GC(1160) ParOldGen: 339406K(341504K)->339406K(341504K)
[431.019s][info][gc,metaspace   ] GC(1160) Metaspace: 6296K(6464K)->6296K(6464K) NonClass: 5763K(5824K)->5763K(5824K) Class: 532K(640K)->532K(640K)
[431.019s][info][gc             ] GC(1160) Pause Full (Ergonomics) 364M->364M(409M) 390.609ms
[431.019s][info][gc,cpu         ] GC(1160) User=0.38s Sys=0.00s Real=0.39s
[431.019s][info][gc,start       ] GC(1161) Pause Full (Ergonomics)
[431.019s][info][gc,phases,start] GC(1161) Marking Phase
[431.308s][info][gc,phases      ] GC(1161) Marking Phase 289.367ms
[431.308s][info][gc,phases,start] GC(1161) Summary Phase
[431.309s][info][gc,phases      ] GC(1161) Summary Phase 0.055ms
[431.309s][info][gc,phases,start] GC(1161) Adjust Roots
[431.309s][info][gc,phases      ] GC(1161) Adjust Roots 0.297ms
[431.309s][info][gc,phases,start] GC(1161) Compaction Phase
[431.412s][info][gc,phases      ] GC(1161) Compaction Phase 102.691ms
[431.412s][info][gc,phases,start] GC(1161) Post Compact
[431.413s][info][gc,phases      ] GC(1161) Post Compact 1.526ms
[431.413s][info][gc,heap        ] GC(1161) PSYoungGen: 33771K(77312K)->33771K(77312K) Eden: 24575K(24576K)->24575K(24576K) From: 9195K(52736K)->9195K(52736K)
[431.413s][info][gc,heap        ] GC(1161) ParOldGen: 339411K(341504K)->339411K(341504K)
[431.413s][info][gc,metaspace   ] GC(1161) Metaspace: 6296K(6464K)->6296K(6464K) NonClass: 5763K(5824K)->5763K(5824K) Class: 532K(640K)->532K(640K)
[431.413s][info][gc             ] GC(1161) Pause Full (Ergonomics) 364M->364M(409M) 394.348ms
[431.413s][info][gc,cpu         ] GC(1161) User=0.36s Sys=0.02s Real=0.39s
[431.414s][info][gc,start       ] GC(1162) Pause Full (Ergonomics)
[431.414s][info][gc,phases,start] GC(1162) Marking Phase
[431.701s][info][gc,phases      ] GC(1162) Marking Phase 287.232ms
[431.701s][info][gc,phases,start] GC(1162) Summary Phase
[431.701s][info][gc,phases      ] GC(1162) Summary Phase 0.034ms
[431.701s][info][gc,phases,start] GC(1162) Adjust Roots
[431.701s][info][gc,phases      ] GC(1162) Adjust Roots 0.308ms
[431.701s][info][gc,phases,start] GC(1162) Compaction Phase
[431.800s][info][gc,phases      ] GC(1162) Compaction Phase 98.571ms
[431.800s][info][gc,phases,start] GC(1162) Post Compact
[431.802s][info][gc,phases      ] GC(1162) Post Compact 1.530ms
[431.802s][info][gc,heap        ] GC(1162) PSYoungGen: 33771K(77312K)->33771K(77312K) Eden: 24575K(24576K)->24575K(24576K) From: 9195K(52736K)->9195K(52736K)
[431.802s][info][gc,heap        ] GC(1162) ParOldGen: 339416K(341504K)->339416K(341504K)
[431.802s][info][gc,metaspace   ] GC(1162) Metaspace: 6296K(6464K)->6296K(6464K) NonClass: 5763K(5824K)->5763K(5824K) Class: 532K(640K)->532K(640K)
[431.802s][info][gc             ] GC(1162) Pause Full (Ergonomics) 364M->364M(409M) 388.078ms
[431.802s][info][gc,cpu         ] GC(1162) User=0.33s Sys=0.02s Real=0.39s
[431.802s][info][gc,start       ] GC(1163) Pause Full (Ergonomics)
[431.802s][info][gc,phases,start] GC(1163) Marking Phase
[432.091s][info][gc,phases      ] GC(1163) Marking Phase 289.413ms
[432.091s][info][gc,phases,start] GC(1163) Summary Phase
[432.092s][info][gc,phases      ] GC(1163) Summary Phase 0.023ms
[432.092s][info][gc,phases,start] GC(1163) Adjust Roots
[432.092s][info][gc,phases      ] GC(1163) Adjust Roots 0.249ms
[432.092s][info][gc,phases,start] GC(1163) Compaction Phase
[432.190s][info][gc,phases      ] GC(1163) Compaction Phase 97.773ms
[432.190s][info][gc,phases,start] GC(1163) Post Compact
[432.191s][info][gc,phases      ] GC(1163) Post Compact 1.568ms
[432.191s][info][gc,heap        ] GC(1163) PSYoungGen: 33771K(77312K)->33771K(77312K) Eden: 24575K(24576K)->24575K(24576K) From: 9195K(52736K)->9195K(52736K)
[432.191s][info][gc,heap        ] GC(1163) ParOldGen: 339420K(341504K)->339420K(341504K)
[432.191s][info][gc,metaspace   ] GC(1163) Metaspace: 6296K(6464K)->6296K(6464K) NonClass: 5763K(5824K)->5763K(5824K) Class: 532K(640K)->532K(640K)
[432.191s][info][gc             ] GC(1163) Pause Full (Ergonomics) 364M->364M(409M) 389.443ms
[432.191s][info][gc,cpu         ] GC(1163) User=0.34s Sys=0.00s Real=0.39s
[432.192s][info][gc,start       ] GC(1164) Pause Full (Ergonomics)
[432.192s][info][gc,phases,start] GC(1164) Marking Phase
[432.477s][info][gc,phases      ] GC(1164) Marking Phase 284.967ms
[432.477s][info][gc,phases,start] GC(1164) Summary Phase
[432.477s][info][gc,phases      ] GC(1164) Summary Phase 0.022ms
[432.477s][info][gc,phases,start] GC(1164) Adjust Roots
[432.477s][info][gc,phases      ] GC(1164) Adjust Roots 0.245ms
[432.477s][info][gc,phases,start] GC(1164) Compaction Phase
[432.574s][info][gc,phases      ] GC(1164) Compaction Phase 96.881ms
[432.574s][info][gc,phases,start] GC(1164) Post Compact
[432.576s][info][gc,phases      ] GC(1164) Post Compact 1.527ms
[432.576s][info][gc,heap        ] GC(1164) PSYoungGen: 33771K(77312K)->33771K(77312K) Eden: 24575K(24576K)->24575K(24576K) From: 9195K(52736K)->9195K(52736K)
[432.576s][info][gc,heap        ] GC(1164) ParOldGen: 339425K(341504K)->339425K(341504K)
[432.576s][info][gc,metaspace   ] GC(1164) Metaspace: 6296K(6464K)->6296K(6464K) NonClass: 5763K(5824K)->5763K(5824K) Class: 532K(640K)->532K(640K)
[432.576s][info][gc             ] GC(1164) Pause Full (Ergonomics) 364M->364M(409M) 383.999ms
[432.576s][info][gc,cpu         ] GC(1164) User=0.38s Sys=0.00s Real=0.38s
[432.576s][info][gc,start       ] GC(1165) Pause Full (Ergonomics)
[432.576s][info][gc,phases,start] GC(1165) Marking Phase
[432.865s][info][gc,phases      ] GC(1165) Marking Phase 288.366ms
[432.865s][info][gc,phases,start] GC(1165) Summary Phase
[432.865s][info][gc,phases      ] GC(1165) Summary Phase 0.036ms
[432.865s][info][gc,phases,start] GC(1165) Adjust Roots
[432.865s][info][gc,phases      ] GC(1165) Adjust Roots 0.244ms
[432.865s][info][gc,phases,start] GC(1165) Compaction Phase
[432.964s][info][gc,phases      ] GC(1165) Compaction Phase 99.132ms
[432.964s][info][gc,phases,start] GC(1165) Post Compact
[432.966s][info][gc,phases      ] GC(1165) Post Compact 1.531ms
[432.966s][info][gc,heap        ] GC(1165) PSYoungGen: 33771K(77312K)->33771K(77312K) Eden: 24575K(24576K)->24575K(24576K) From: 9195K(52736K)->9195K(52736K)
[432.966s][info][gc,heap        ] GC(1165) ParOldGen: 339430K(341504K)->339430K(341504K)
[432.966s][info][gc,metaspace   ] GC(1165) Metaspace: 6296K(6464K)->6296K(6464K) NonClass: 5763K(5824K)->5763K(5824K) Class: 532K(640K)->532K(640K)
[432.966s][info][gc             ] GC(1165) Pause Full (Ergonomics) 364M->364M(409M) 389.729ms
[432.966s][info][gc,cpu         ] GC(1165) User=0.34s Sys=0.00s Real=0.39s
[432.966s][info][gc,start       ] GC(1166) Pause Full (Ergonomics)
[432.966s][info][gc,phases,start] GC(1166) Marking Phase
[433.256s][info][gc,phases      ] GC(1166) Marking Phase 289.553ms
[433.256s][info][gc,phases,start] GC(1166) Summary Phase
[433.256s][info][gc,phases      ] GC(1166) Summary Phase 0.036ms
[433.256s][info][gc,phases,start] GC(1166) Adjust Roots
[433.256s][info][gc,phases      ] GC(1166) Adjust Roots 0.280ms
[433.256s][info][gc,phases,start] GC(1166) Compaction Phase
[433.355s][info][gc,phases      ] GC(1166) Compaction Phase 98.493ms
[433.355s][info][gc,phases,start] GC(1166) Post Compact
[433.356s][info][gc,phases      ] GC(1166) Post Compact 1.522ms
[433.357s][info][gc,heap        ] GC(1166) PSYoungGen: 33771K(77312K)->33771K(77312K) Eden: 24575K(24576K)->24575K(24576K) From: 9195K(52736K)->9195K(52736K)
[433.357s][info][gc,heap        ] GC(1166) ParOldGen: 339434K(341504K)->339434K(341504K)
[433.357s][info][gc,metaspace   ] GC(1166) Metaspace: 6296K(6464K)->6296K(6464K) NonClass: 5763K(5824K)->5763K(5824K) Class: 532K(640K)->532K(640K)
[433.357s][info][gc             ] GC(1166) Pause Full (Ergonomics) 364M->364M(409M) 390.365ms
[433.357s][info][gc,cpu         ] GC(1166) User=0.36s Sys=0.00s Real=0.39s
[433.357s][info][gc,start       ] GC(1167) Pause Full (Ergonomics)
[433.357s][info][gc,phases,start] GC(1167) Marking Phase
[433.643s][info][gc,phases      ] GC(1167) Marking Phase 285.948ms
[433.643s][info][gc,phases,start] GC(1167) Summary Phase
[433.643s][info][gc,phases      ] GC(1167) Summary Phase 0.035ms
[433.643s][info][gc,phases,start] GC(1167) Adjust Roots
[433.643s][info][gc,phases      ] GC(1167) Adjust Roots 0.274ms
[433.643s][info][gc,phases,start] GC(1167) Compaction Phase
[433.740s][info][gc,phases      ] GC(1167) Compaction Phase 96.876ms
[433.740s][info][gc,phases,start] GC(1167) Post Compact
[433.742s][info][gc,phases      ] GC(1167) Post Compact 1.520ms
[433.742s][info][gc,heap        ] GC(1167) PSYoungGen: 33771K(77312K)->33771K(77312K) Eden: 24575K(24576K)->24575K(24576K) From: 9195K(52736K)->9195K(52736K)
[433.742s][info][gc,heap        ] GC(1167) ParOldGen: 339439K(341504K)->339439K(341504K)
[433.742s][info][gc,metaspace   ] GC(1167) Metaspace: 6296K(6464K)->6296K(6464K) NonClass: 5763K(5824K)->5763K(5824K) Class: 532K(640K)->532K(640K)
[433.742s][info][gc             ] GC(1167) Pause Full (Ergonomics) 364M->364M(409M) 385.086ms
[433.742s][info][gc,cpu         ] GC(1167) User=0.36s Sys=0.00s Real=0.38s
[433.742s][info][gc,start       ] GC(1168) Pause Full (Ergonomics)
[433.742s][info][gc,phases,start] GC(1168) Marking Phase
[434.034s][info][gc,phases      ] GC(1168) Marking Phase 291.436ms
[434.034s][info][gc,phases,start] GC(1168) Summary Phase
[434.034s][info][gc,phases      ] GC(1168) Summary Phase 0.036ms
[434.034s][info][gc,phases,start] GC(1168) Adjust Roots
[434.034s][info][gc,phases      ] GC(1168) Adjust Roots 0.252ms
[434.034s][info][gc,phases,start] GC(1168) Compaction Phase
[434.133s][info][gc,phases      ] GC(1168) Compaction Phase 98.787ms
[434.133s][info][gc,phases,start] GC(1168) Post Compact
[434.135s][info][gc,phases      ] GC(1168) Post Compact 1.532ms
[434.135s][info][gc,heap        ] GC(1168) PSYoungGen: 33771K(77312K)->33771K(77312K) Eden: 24575K(24576K)->24575K(24576K) From: 9195K(52736K)->9195K(52736K)
[434.135s][info][gc,heap        ] GC(1168) ParOldGen: 339444K(341504K)->339444K(341504K)
[434.135s][info][gc,metaspace   ] GC(1168) Metaspace: 6296K(6464K)->6296K(6464K) NonClass: 5763K(5824K)->5763K(5824K) Class: 532K(640K)->532K(640K)
[434.135s][info][gc             ] GC(1168) Pause Full (Ergonomics) 364M->364M(409M) 392.435ms
[434.135s][info][gc,cpu         ] GC(1168) User=0.36s Sys=0.00s Real=0.39s
[434.135s][info][gc,start       ] GC(1169) Pause Full (Ergonomics)
[434.135s][info][gc,phases,start] GC(1169) Marking Phase
[434.421s][info][gc,phases      ] GC(1169) Marking Phase 285.772ms
[434.421s][info][gc,phases,start] GC(1169) Summary Phase
[434.421s][info][gc,phases      ] GC(1169) Summary Phase 0.034ms
[434.421s][info][gc,phases,start] GC(1169) Adjust Roots
[434.421s][info][gc,phases      ] GC(1169) Adjust Roots 0.332ms
[434.421s][info][gc,phases,start] GC(1169) Compaction Phase
[434.518s][info][gc,phases      ] GC(1169) Compaction Phase 96.789ms
[434.518s][info][gc,phases,start] GC(1169) Post Compact
[434.520s][info][gc,phases      ] GC(1169) Post Compact 1.540ms
[434.520s][info][gc,heap        ] GC(1169) PSYoungGen: 33771K(77312K)->33771K(77312K) Eden: 24575K(24576K)->24575K(24576K) From: 9195K(52736K)->9195K(52736K)
[434.520s][info][gc,heap        ] GC(1169) ParOldGen: 339448K(341504K)->339448K(341504K)
[434.520s][info][gc,metaspace   ] GC(1169) Metaspace: 6296K(6464K)->6296K(6464K) NonClass: 5763K(5824K)->5763K(5824K) Class: 532K(640K)->532K(640K)
[434.520s][info][gc             ] GC(1169) Pause Full (Ergonomics) 364M->364M(409M) 384.889ms
[434.520s][info][gc,cpu         ] GC(1169) User=0.34s Sys=0.00s Real=0.38s
[434.520s][info][gc,start       ] GC(1170) Pause Full (Ergonomics)
[434.520s][info][gc,phases,start] GC(1170) Marking Phase
[434.810s][info][gc,phases      ] GC(1170) Marking Phase 289.982ms
[434.810s][info][gc,phases,start] GC(1170) Summary Phase
[434.811s][info][gc,phases      ] GC(1170) Summary Phase 0.036ms
[434.811s][info][gc,phases,start] GC(1170) Adjust Roots
[434.811s][info][gc,phases      ] GC(1170) Adjust Roots 0.286ms
[434.811s][info][gc,phases,start] GC(1170) Compaction Phase
[434.909s][info][gc,phases      ] GC(1170) Compaction Phase 98.544ms
[434.910s][info][gc,phases,start] GC(1170) Post Compact
[434.911s][info][gc,phases      ] GC(1170) Post Compact 1.529ms
[434.911s][info][gc,heap        ] GC(1170) PSYoungGen: 33771K(77312K)->33771K(77312K) Eden: 24575K(24576K)->24575K(24576K) From: 9195K(52736K)->9195K(52736K)
[434.911s][info][gc,heap        ] GC(1170) ParOldGen: 339453K(341504K)->339453K(341504K)
[434.911s][info][gc,metaspace   ] GC(1170) Metaspace: 6296K(6464K)->6296K(6464K) NonClass: 5763K(5824K)->5763K(5824K) Class: 532K(640K)->532K(640K)
[434.911s][info][gc             ] GC(1170) Pause Full (Ergonomics) 364M->364M(409M) 390.769ms
[434.911s][info][gc,cpu         ] GC(1170) User=0.38s Sys=0.00s Real=0.39s
[434.911s][info][gc,start       ] GC(1171) Pause Full (Ergonomics)
[434.911s][info][gc,phases,start] GC(1171) Marking Phase
[435.197s][info][gc,phases      ] GC(1171) Marking Phase 285.618ms
[435.197s][info][gc,phases,start] GC(1171) Summary Phase
[435.197s][info][gc,phases      ] GC(1171) Summary Phase 0.023ms
[435.197s][info][gc,phases,start] GC(1171) Adjust Roots
[435.197s][info][gc,phases      ] GC(1171) Adjust Roots 0.224ms
[435.197s][info][gc,phases,start] GC(1171) Compaction Phase
[435.293s][info][gc,phases      ] GC(1171) Compaction Phase 96.001ms
[435.294s][info][gc,phases,start] GC(1171) Post Compact
[435.295s][info][gc,phases      ] GC(1171) Post Compact 1.608ms
[435.295s][info][gc,heap        ] GC(1171) PSYoungGen: 33771K(77312K)->33771K(77312K) Eden: 24575K(24576K)->24575K(24576K) From: 9195K(52736K)->9195K(52736K)
[435.295s][info][gc,heap        ] GC(1171) ParOldGen: 339458K(341504K)->339458K(341504K)
[435.295s][info][gc,metaspace   ] GC(1171) Metaspace: 6296K(6464K)->6296K(6464K) NonClass: 5763K(5824K)->5763K(5824K) Class: 532K(640K)->532K(640K)
[435.295s][info][gc             ] GC(1171) Pause Full (Ergonomics) 364M->364M(409M) 383.808ms
[435.295s][info][gc,cpu         ] GC(1171) User=0.34s Sys=0.00s Real=0.38s
[435.296s][info][gc,start       ] GC(1172) Pause Full (Ergonomics)
[435.296s][info][gc,phases,start] GC(1172) Marking Phase
[435.580s][info][gc,phases      ] GC(1172) Marking Phase 284.030ms
[435.580s][info][gc,phases,start] GC(1172) Summary Phase
[435.580s][info][gc,phases      ] GC(1172) Summary Phase 0.023ms
[435.580s][info][gc,phases,start] GC(1172) Adjust Roots
[435.580s][info][gc,phases      ] GC(1172) Adjust Roots 0.196ms
[435.580s][info][gc,phases,start] GC(1172) Compaction Phase
[435.675s][info][gc,phases      ] GC(1172) Compaction Phase 95.295ms
[435.675s][info][gc,phases,start] GC(1172) Post Compact
[435.677s][info][gc,phases      ] GC(1172) Post Compact 1.556ms
[435.677s][info][gc,heap        ] GC(1172) PSYoungGen: 33771K(77312K)->33771K(77312K) Eden: 24575K(24576K)->24575K(24576K) From: 9195K(52736K)->9195K(52736K)
[435.677s][info][gc,heap        ] GC(1172) ParOldGen: 339462K(341504K)->339462K(341504K)
[435.677s][info][gc,metaspace   ] GC(1172) Metaspace: 6296K(6464K)->6296K(6464K) NonClass: 5763K(5824K)->5763K(5824K) Class: 532K(640K)->532K(640K)
[435.677s][info][gc             ] GC(1172) Pause Full (Ergonomics) 364M->364M(409M) 381.457ms
[435.677s][info][gc,cpu         ] GC(1172) User=0.36s Sys=0.00s Real=0.38s
[435.677s][info][gc,start       ] GC(1173) Pause Full (Ergonomics)
[435.677s][info][gc,phases,start] GC(1173) Marking Phase
[435.967s][info][gc,phases      ] GC(1173) Marking Phase 289.914ms
[435.967s][info][gc,phases,start] GC(1173) Summary Phase
[435.967s][info][gc,phases      ] GC(1173) Summary Phase 0.035ms
[435.967s][info][gc,phases,start] GC(1173) Adjust Roots
[435.968s][info][gc,phases      ] GC(1173) Adjust Roots 0.252ms
[435.968s][info][gc,phases,start] GC(1173) Compaction Phase
[436.065s][info][gc,phases      ] GC(1173) Compaction Phase 97.397ms
[436.065s][info][gc,phases,start] GC(1173) Post Compact
[436.067s][info][gc,phases      ] GC(1173) Post Compact 1.511ms
[436.067s][info][gc,heap        ] GC(1173) PSYoungGen: 33771K(77312K)->33771K(77312K) Eden: 24575K(24576K)->24575K(24576K) From: 9195K(52736K)->9195K(52736K)
[436.067s][info][gc,heap        ] GC(1173) ParOldGen: 339467K(341504K)->339467K(341504K)
[436.067s][info][gc,metaspace   ] GC(1173) Metaspace: 6296K(6464K)->6296K(6464K) NonClass: 5763K(5824K)->5763K(5824K) Class: 532K(640K)->532K(640K)
[436.067s][info][gc             ] GC(1173) Pause Full (Ergonomics) 364M->364M(409M) 389.498ms
[436.067s][info][gc,cpu         ] GC(1173) User=0.36s Sys=0.00s Real=0.39s
[436.067s][info][gc,start       ] GC(1174) Pause Full (Ergonomics)
[436.067s][info][gc,phases,start] GC(1174) Marking Phase
[436.353s][info][gc,phases      ] GC(1174) Marking Phase 285.875ms
[436.353s][info][gc,phases,start] GC(1174) Summary Phase
[436.353s][info][gc,phases      ] GC(1174) Summary Phase 0.035ms
[436.353s][info][gc,phases,start] GC(1174) Adjust Roots
[436.353s][info][gc,phases      ] GC(1174) Adjust Roots 0.226ms
[436.353s][info][gc,phases,start] GC(1174) Compaction Phase
[436.449s][info][gc,phases      ] GC(1174) Compaction Phase 95.794ms
[436.449s][info][gc,phases,start] GC(1174) Post Compact
[436.451s][info][gc,phases      ] GC(1174) Post Compact 1.520ms
[436.451s][info][gc,heap        ] GC(1174) PSYoungGen: 33771K(77312K)->33771K(77312K) Eden: 24575K(24576K)->24575K(24576K) From: 9195K(52736K)->9195K(52736K)
[436.451s][info][gc,heap        ] GC(1174) ParOldGen: 339472K(341504K)->339472K(341504K)
[436.451s][info][gc,metaspace   ] GC(1174) Metaspace: 6296K(6464K)->6296K(6464K) NonClass: 5763K(5824K)->5763K(5824K) Class: 532K(640K)->532K(640K)
[436.451s][info][gc             ] GC(1174) Pause Full (Ergonomics) 364M->364M(409M) 383.821ms
[436.451s][info][gc,cpu         ] GC(1174) User=0.36s Sys=0.00s Real=0.38s
[436.451s][info][gc,start       ] GC(1175) Pause Full (Ergonomics)
[436.451s][info][gc,phases,start] GC(1175) Marking Phase
[436.737s][info][gc,phases      ] GC(1175) Marking Phase 285.503ms
[436.737s][info][gc,phases,start] GC(1175) Summary Phase
[436.737s][info][gc,phases      ] GC(1175) Summary Phase 0.035ms
[436.737s][info][gc,phases,start] GC(1175) Adjust Roots
[436.737s][info][gc,phases      ] GC(1175) Adjust Roots 0.256ms
[436.737s][info][gc,phases,start] GC(1175) Compaction Phase
[436.834s][info][gc,phases      ] GC(1175) Compaction Phase 96.716ms
[436.834s][info][gc,phases,start] GC(1175) Post Compact
[436.836s][info][gc,phases      ] GC(1175) Post Compact 1.540ms
[436.836s][info][gc,heap        ] GC(1175) PSYoungGen: 33771K(77312K)->33771K(77312K) Eden: 24575K(24576K)->24575K(24576K) From: 9195K(52736K)->9195K(52736K)
[436.836s][info][gc,heap        ] GC(1175) ParOldGen: 339476K(341504K)->339476K(341504K)
[436.836s][info][gc,metaspace   ] GC(1175) Metaspace: 6296K(6464K)->6296K(6464K) NonClass: 5763K(5824K)->5763K(5824K) Class: 532K(640K)->532K(640K)
[436.836s][info][gc             ] GC(1175) Pause Full (Ergonomics) 364M->364M(409M) 384.472ms
[436.836s][info][gc,cpu         ] GC(1175) User=0.36s Sys=0.00s Real=0.38s
[436.836s][info][gc,start       ] GC(1176) Pause Full (Ergonomics)
[436.836s][info][gc,phases,start] GC(1176) Marking Phase
[437.126s][info][gc,phases      ] GC(1176) Marking Phase 289.729ms
[437.126s][info][gc,phases,start] GC(1176) Summary Phase
[437.126s][info][gc,phases      ] GC(1176) Summary Phase 0.023ms
[437.126s][info][gc,phases,start] GC(1176) Adjust Roots
[437.126s][info][gc,phases      ] GC(1176) Adjust Roots 0.223ms
[437.126s][info][gc,phases,start] GC(1176) Compaction Phase
[437.225s][info][gc,phases      ] GC(1176) Compaction Phase 98.676ms
[437.225s][info][gc,phases,start] GC(1176) Post Compact
[437.226s][info][gc,phases      ] GC(1176) Post Compact 1.543ms
[437.226s][info][gc,heap        ] GC(1176) PSYoungGen: 33771K(77312K)->33771K(77312K) Eden: 24575K(24576K)->24575K(24576K) From: 9195K(52736K)->9195K(52736K)
[437.226s][info][gc,heap        ] GC(1176) ParOldGen: 339481K(341504K)->339481K(341504K)
[437.226s][info][gc,metaspace   ] GC(1176) Metaspace: 6296K(6464K)->6296K(6464K) NonClass: 5763K(5824K)->5763K(5824K) Class: 532K(640K)->532K(640K)
[437.227s][info][gc             ] GC(1176) Pause Full (Ergonomics) 364M->364M(409M) 390.548ms
[437.227s][info][gc,cpu         ] GC(1176) User=0.36s Sys=0.00s Real=0.39s
[437.227s][info][gc,start       ] GC(1177) Pause Full (Ergonomics)
[437.227s][info][gc,phases,start] GC(1177) Marking Phase
[437.513s][info][gc,phases      ] GC(1177) Marking Phase 286.171ms
[437.513s][info][gc,phases,start] GC(1177) Summary Phase
[437.513s][info][gc,phases      ] GC(1177) Summary Phase 0.024ms
[437.513s][info][gc,phases,start] GC(1177) Adjust Roots
[437.513s][info][gc,phases      ] GC(1177) Adjust Roots 0.187ms
[437.513s][info][gc,phases,start] GC(1177) Compaction Phase
[437.610s][info][gc,phases      ] GC(1177) Compaction Phase 96.262ms
[437.610s][info][gc,phases,start] GC(1177) Post Compact
[437.611s][info][gc,phases      ] GC(1177) Post Compact 1.521ms
[437.611s][info][gc,heap        ] GC(1177) PSYoungGen: 33771K(77312K)->33771K(77312K) Eden: 24575K(24576K)->24575K(24576K) From: 9195K(52736K)->9195K(52736K)
[437.611s][info][gc,heap        ] GC(1177) ParOldGen: 339486K(341504K)->339486K(341504K)
[437.611s][info][gc,metaspace   ] GC(1177) Metaspace: 6296K(6464K)->6296K(6464K) NonClass: 5763K(5824K)->5763K(5824K) Class: 532K(640K)->532K(640K)
[437.611s][info][gc             ] GC(1177) Pause Full (Ergonomics) 364M->364M(409M) 384.522ms
[437.611s][info][gc,cpu         ] GC(1177) User=0.36s Sys=0.00s Real=0.38s
[437.612s][info][gc,start       ] GC(1178) Pause Full (Ergonomics)
[437.612s][info][gc,phases,start] GC(1178) Marking Phase
[437.897s][info][gc,phases      ] GC(1178) Marking Phase 285.010ms
[437.897s][info][gc,phases,start] GC(1178) Summary Phase
[437.897s][info][gc,phases      ] GC(1178) Summary Phase 0.023ms
[437.897s][info][gc,phases,start] GC(1178) Adjust Roots
[437.897s][info][gc,phases      ] GC(1178) Adjust Roots 0.221ms
[437.897s][info][gc,phases,start] GC(1178) Compaction Phase
[437.996s][info][gc,phases      ] GC(1178) Compaction Phase 99.197ms
[437.996s][info][gc,phases,start] GC(1178) Post Compact
[437.998s][info][gc,phases      ] GC(1178) Post Compact 1.520ms
[437.998s][info][gc,heap        ] GC(1178) PSYoungGen: 33771K(77312K)->33771K(77312K) Eden: 24575K(24576K)->24575K(24576K) From: 9195K(52736K)->9195K(52736K)
[437.998s][info][gc,heap        ] GC(1178) ParOldGen: 339490K(341504K)->339490K(341504K)
[437.998s][info][gc,metaspace   ] GC(1178) Metaspace: 6296K(6464K)->6296K(6464K) NonClass: 5763K(5824K)->5763K(5824K) Class: 532K(640K)->532K(640K)
[437.998s][info][gc             ] GC(1178) Pause Full (Ergonomics) 364M->364M(409M) 386.319ms
[437.998s][info][gc,cpu         ] GC(1178) User=0.38s Sys=0.00s Real=0.38s
[437.998s][info][gc,start       ] GC(1179) Pause Full (Ergonomics)
[437.998s][info][gc,phases,start] GC(1179) Marking Phase
[438.284s][info][gc,phases      ] GC(1179) Marking Phase 286.027ms
[438.284s][info][gc,phases,start] GC(1179) Summary Phase
[438.284s][info][gc,phases      ] GC(1179) Summary Phase 0.023ms
[438.284s][info][gc,phases,start] GC(1179) Adjust Roots
[438.285s][info][gc,phases      ] GC(1179) Adjust Roots 0.190ms
[438.285s][info][gc,phases,start] GC(1179) Compaction Phase
[438.383s][info][gc,phases      ] GC(1179) Compaction Phase 98.548ms
[438.383s][info][gc,phases,start] GC(1179) Post Compact
[438.385s][info][gc,phases      ] GC(1179) Post Compact 1.566ms
[438.385s][info][gc,heap        ] GC(1179) PSYoungGen: 33771K(77312K)->33771K(77312K) Eden: 24575K(24576K)->24575K(24576K) From: 9195K(52736K)->9195K(52736K)
[438.385s][info][gc,heap        ] GC(1179) ParOldGen: 339495K(341504K)->339495K(341504K)
[438.385s][info][gc,metaspace   ] GC(1179) Metaspace: 6296K(6464K)->6296K(6464K) NonClass: 5763K(5824K)->5763K(5824K) Class: 532K(640K)->532K(640K)
[438.385s][info][gc             ] GC(1179) Pause Full (Ergonomics) 364M->364M(409M) 386.739ms
[438.385s][info][gc,cpu         ] GC(1179) User=0.38s Sys=0.00s Real=0.39s
[438.385s][info][gc,start       ] GC(1180) Pause Full (Ergonomics)
[438.385s][info][gc,phases,start] GC(1180) Marking Phase
[438.672s][info][gc,phases      ] GC(1180) Marking Phase 286.316ms
[438.672s][info][gc,phases,start] GC(1180) Summary Phase
[438.672s][info][gc,phases      ] GC(1180) Summary Phase 0.034ms
[438.672s][info][gc,phases,start] GC(1180) Adjust Roots
[438.672s][info][gc,phases      ] GC(1180) Adjust Roots 0.276ms
[438.672s][info][gc,phases,start] GC(1180) Compaction Phase
[438.769s][info][gc,phases      ] GC(1180) Compaction Phase 96.375ms
[438.769s][info][gc,phases,start] GC(1180) Post Compact
[438.770s][info][gc,phases      ] GC(1180) Post Compact 1.540ms
[438.770s][info][gc,heap        ] GC(1180) PSYoungGen: 33771K(77312K)->33771K(77312K) Eden: 24575K(24576K)->24575K(24576K) From: 9195K(52736K)->9195K(52736K)
[438.770s][info][gc,heap        ] GC(1180) ParOldGen: 339500K(341504K)->339500K(341504K)
[438.770s][info][gc,metaspace   ] GC(1180) Metaspace: 6296K(6464K)->6296K(6464K) NonClass: 5763K(5824K)->5763K(5824K) Class: 532K(640K)->532K(640K)
[438.770s][info][gc             ] GC(1180) Pause Full (Ergonomics) 364M->364M(409M) 384.944ms
[438.770s][info][gc,cpu         ] GC(1180) User=0.34s Sys=0.00s Real=0.38s
[438.771s][info][gc,start       ] GC(1181) Pause Full (Ergonomics)
[438.771s][info][gc,phases,start] GC(1181) Marking Phase
[439.060s][info][gc,phases      ] GC(1181) Marking Phase 289.769ms
[439.060s][info][gc,phases,start] GC(1181) Summary Phase
[439.060s][info][gc,phases      ] GC(1181) Summary Phase 0.023ms
[439.060s][info][gc,phases,start] GC(1181) Adjust Roots
[439.061s][info][gc,phases      ] GC(1181) Adjust Roots 0.222ms
[439.061s][info][gc,phases,start] GC(1181) Compaction Phase
[439.159s][info][gc,phases      ] GC(1181) Compaction Phase 98.254ms
[439.159s][info][gc,phases,start] GC(1181) Post Compact
[439.161s][info][gc,phases      ] GC(1181) Post Compact 1.547ms
[439.161s][info][gc,heap        ] GC(1181) PSYoungGen: 33771K(77312K)->33771K(77312K) Eden: 24575K(24576K)->24575K(24576K) From: 9195K(52736K)->9195K(52736K)
[439.161s][info][gc,heap        ] GC(1181) ParOldGen: 339504K(341504K)->339504K(341504K)
[439.161s][info][gc,metaspace   ] GC(1181) Metaspace: 6296K(6464K)->6296K(6464K) NonClass: 5763K(5824K)->5763K(5824K) Class: 532K(640K)->532K(640K)
[439.161s][info][gc             ] GC(1181) Pause Full (Ergonomics) 364M->364M(409M) 390.161ms
[439.161s][info][gc,cpu         ] GC(1181) User=0.38s Sys=0.00s Real=0.39s
[439.161s][info][gc,start       ] GC(1182) Pause Full (Ergonomics)
[439.161s][info][gc,phases,start] GC(1182) Marking Phase
[439.447s][info][gc,phases      ] GC(1182) Marking Phase 285.722ms
[439.447s][info][gc,phases,start] GC(1182) Summary Phase
[439.447s][info][gc,phases      ] GC(1182) Summary Phase 0.042ms
[439.447s][info][gc,phases,start] GC(1182) Adjust Roots
[439.447s][info][gc,phases      ] GC(1182) Adjust Roots 0.371ms
[439.447s][info][gc,phases,start] GC(1182) Compaction Phase
[439.543s][info][gc,phases      ] GC(1182) Compaction Phase 95.929ms
[439.543s][info][gc,phases,start] GC(1182) Post Compact
[439.545s][info][gc,phases      ] GC(1182) Post Compact 1.534ms
[439.545s][info][gc,heap        ] GC(1182) PSYoungGen: 33771K(77312K)->33771K(77312K) Eden: 24575K(24576K)->24575K(24576K) From: 9195K(52736K)->9195K(52736K)
[439.545s][info][gc,heap        ] GC(1182) ParOldGen: 339509K(341504K)->339509K(341504K)
[439.545s][info][gc,metaspace   ] GC(1182) Metaspace: 6296K(6464K)->6296K(6464K) NonClass: 5763K(5824K)->5763K(5824K) Class: 532K(640K)->532K(640K)
[439.545s][info][gc             ] GC(1182) Pause Full (Ergonomics) 364M->364M(409M) 383.996ms
[439.545s][info][gc,cpu         ] GC(1182) User=0.38s Sys=0.00s Real=0.38s
[439.546s][info][gc,start       ] GC(1183) Pause Full (Ergonomics)
[439.546s][info][gc,phases,start] GC(1183) Marking Phase
[439.831s][info][gc,phases      ] GC(1183) Marking Phase 285.449ms
[439.831s][info][gc,phases,start] GC(1183) Summary Phase
[439.831s][info][gc,phases      ] GC(1183) Summary Phase 0.035ms
[439.831s][info][gc,phases,start] GC(1183) Adjust Roots
[439.832s][info][gc,phases      ] GC(1183) Adjust Roots 0.261ms
[439.832s][info][gc,phases,start] GC(1183) Compaction Phase
[439.928s][info][gc,phases      ] GC(1183) Compaction Phase 96.290ms
[439.928s][info][gc,phases,start] GC(1183) Post Compact
[439.930s][info][gc,phases      ] GC(1183) Post Compact 1.574ms
[439.930s][info][gc,heap        ] GC(1183) PSYoungGen: 33771K(77312K)->33771K(77312K) Eden: 24575K(24576K)->24575K(24576K) From: 9195K(52736K)->9195K(52736K)
[439.930s][info][gc,heap        ] GC(1183) ParOldGen: 339514K(341504K)->339514K(341504K)
[439.930s][info][gc,metaspace   ] GC(1183) Metaspace: 6296K(6464K)->6296K(6464K) NonClass: 5763K(5824K)->5763K(5824K) Class: 532K(640K)->532K(640K)
[439.930s][info][gc             ] GC(1183) Pause Full (Ergonomics) 364M->364M(409M) 384.000ms
[439.930s][info][gc,cpu         ] GC(1183) User=0.38s Sys=0.00s Real=0.38s
[439.930s][info][gc,start       ] GC(1184) Pause Full (Ergonomics)
[439.930s][info][gc,phases,start] GC(1184) Marking Phase
[440.221s][info][gc,phases      ] GC(1184) Marking Phase 291.316ms
[440.221s][info][gc,phases,start] GC(1184) Summary Phase
[440.221s][info][gc,phases      ] GC(1184) Summary Phase 0.036ms
[440.222s][info][gc,phases,start] GC(1184) Adjust Roots
[440.222s][info][gc,phases      ] GC(1184) Adjust Roots 0.242ms
[440.222s][info][gc,phases,start] GC(1184) Compaction Phase
[440.319s][info][gc,phases      ] GC(1184) Compaction Phase 97.567ms
[440.319s][info][gc,phases,start] GC(1184) Post Compact
[440.321s][info][gc,phases      ] GC(1184) Post Compact 1.537ms
[440.321s][info][gc,heap        ] GC(1184) PSYoungGen: 33771K(77312K)->33771K(77312K) Eden: 24575K(24576K)->24575K(24576K) From: 9195K(52736K)->9195K(52736K)
[440.321s][info][gc,heap        ] GC(1184) ParOldGen: 339518K(341504K)->339518K(341504K)
[440.321s][info][gc,metaspace   ] GC(1184) Metaspace: 6296K(6464K)->6296K(6464K) NonClass: 5763K(5824K)->5763K(5824K) Class: 532K(640K)->532K(640K)
[440.321s][info][gc             ] GC(1184) Pause Full (Ergonomics) 364M->364M(409M) 391.101ms
[440.321s][info][gc,cpu         ] GC(1184) User=0.38s Sys=0.00s Real=0.39s
[440.321s][info][gc,start       ] GC(1185) Pause Full (Ergonomics)
[440.321s][info][gc,phases,start] GC(1185) Marking Phase
[440.608s][info][gc,phases      ] GC(1185) Marking Phase 286.241ms
[440.608s][info][gc,phases,start] GC(1185) Summary Phase
[440.608s][info][gc,phases      ] GC(1185) Summary Phase 0.034ms
[440.608s][info][gc,phases,start] GC(1185) Adjust Roots
[440.608s][info][gc,phases      ] GC(1185) Adjust Roots 0.237ms
[440.608s][info][gc,phases,start] GC(1185) Compaction Phase
[440.704s][info][gc,phases      ] GC(1185) Compaction Phase 95.846ms
[440.704s][info][gc,phases,start] GC(1185) Post Compact
[440.706s][info][gc,phases      ] GC(1185) Post Compact 1.734ms
[440.706s][info][gc,heap        ] GC(1185) PSYoungGen: 33771K(77312K)->33771K(77312K) Eden: 24575K(24576K)->24575K(24576K) From: 9195K(52736K)->9195K(52736K)
[440.706s][info][gc,heap        ] GC(1185) ParOldGen: 339523K(341504K)->339523K(341504K)
[440.706s][info][gc,metaspace   ] GC(1185) Metaspace: 6296K(6464K)->6296K(6464K) NonClass: 5763K(5824K)->5763K(5824K) Class: 532K(640K)->532K(640K)
[440.706s][info][gc             ] GC(1185) Pause Full (Ergonomics) 364M->364M(409M) 384.478ms
[440.706s][info][gc,cpu         ] GC(1185) User=0.34s Sys=0.00s Real=0.38s
[440.706s][info][gc,start       ] GC(1186) Pause Full (Ergonomics)
[440.706s][info][gc,phases,start] GC(1186) Marking Phase
[440.992s][info][gc,phases      ] GC(1186) Marking Phase 285.931ms
[440.992s][info][gc,phases,start] GC(1186) Summary Phase
[440.992s][info][gc,phases      ] GC(1186) Summary Phase 0.034ms
[440.992s][info][gc,phases,start] GC(1186) Adjust Roots
[440.992s][info][gc,phases      ] GC(1186) Adjust Roots 0.263ms
[440.993s][info][gc,phases,start] GC(1186) Compaction Phase
[441.089s][info][gc,phases      ] GC(1186) Compaction Phase 95.980ms
[441.089s][info][gc,phases,start] GC(1186) Post Compact
[441.090s][info][gc,phases      ] GC(1186) Post Compact 1.537ms
[441.090s][info][gc,heap        ] GC(1186) PSYoungGen: 33771K(77312K)->33771K(77312K) Eden: 24575K(24576K)->24575K(24576K) From: 9195K(52736K)->9195K(52736K)
[441.090s][info][gc,heap        ] GC(1186) ParOldGen: 339528K(341504K)->339528K(341504K)
[441.090s][info][gc,metaspace   ] GC(1186) Metaspace: 6296K(6464K)->6296K(6464K) NonClass: 5763K(5824K)->5763K(5824K) Class: 532K(640K)->532K(640K)
[441.090s][info][gc             ] GC(1186) Pause Full (Ergonomics) 364M->364M(409M) 384.126ms
[441.090s][info][gc,cpu         ] GC(1186) User=0.36s Sys=0.00s Real=0.38s
[441.091s][info][gc,start       ] GC(1187) Pause Full (Ergonomics)
[441.091s][info][gc,phases,start] GC(1187) Marking Phase
[441.376s][info][gc,phases      ] GC(1187) Marking Phase 285.414ms
[441.376s][info][gc,phases,start] GC(1187) Summary Phase
[441.376s][info][gc,phases      ] GC(1187) Summary Phase 0.034ms
[441.376s][info][gc,phases,start] GC(1187) Adjust Roots
[441.376s][info][gc,phases      ] GC(1187) Adjust Roots 0.257ms
[441.376s][info][gc,phases,start] GC(1187) Compaction Phase
[441.475s][info][gc,phases      ] GC(1187) Compaction Phase 98.267ms
[441.475s][info][gc,phases,start] GC(1187) Post Compact
[441.476s][info][gc,phases      ] GC(1187) Post Compact 1.508ms
[441.476s][info][gc,heap        ] GC(1187) PSYoungGen: 33771K(77312K)->33771K(77312K) Eden: 24575K(24576K)->24575K(24576K) From: 9195K(52736K)->9195K(52736K)
[441.476s][info][gc,heap        ] GC(1187) ParOldGen: 339532K(341504K)->339532K(341504K)
[441.476s][info][gc,metaspace   ] GC(1187) Metaspace: 6296K(6464K)->6296K(6464K) NonClass: 5763K(5824K)->5763K(5824K) Class: 532K(640K)->532K(640K)
[441.476s][info][gc             ] GC(1187) Pause Full (Ergonomics) 364M->364M(409M) 385.867ms
[441.476s][info][gc,cpu         ] GC(1187) User=0.34s Sys=0.00s Real=0.39s
[441.477s][info][gc,start       ] GC(1188) Pause Full (Ergonomics)
[441.477s][info][gc,phases,start] GC(1188) Marking Phase
[441.765s][info][gc,phases      ] GC(1188) Marking Phase 287.959ms
[441.765s][info][gc,phases,start] GC(1188) Summary Phase
[441.765s][info][gc,phases      ] GC(1188) Summary Phase 0.034ms
[441.765s][info][gc,phases,start] GC(1188) Adjust Roots
[441.765s][info][gc,phases      ] GC(1188) Adjust Roots 0.235ms
[441.765s][info][gc,phases,start] GC(1188) Compaction Phase
[441.861s][info][gc,phases      ] GC(1188) Compaction Phase 96.254ms
[441.862s][info][gc,phases,start] GC(1188) Post Compact
[441.863s][info][gc,phases      ] GC(1188) Post Compact 1.530ms
[441.863s][info][gc,heap        ] GC(1188) PSYoungGen: 33771K(77312K)->33771K(77312K) Eden: 24575K(24576K)->24575K(24576K) From: 9195K(52736K)->9195K(52736K)
[441.863s][info][gc,heap        ] GC(1188) ParOldGen: 339537K(341504K)->339537K(341504K)
[441.863s][info][gc,metaspace   ] GC(1188) Metaspace: 6296K(6464K)->6296K(6464K) NonClass: 5763K(5824K)->5763K(5824K) Class: 532K(640K)->532K(640K)
[441.863s][info][gc             ] GC(1188) Pause Full (Ergonomics) 364M->364M(409M) 386.412ms
[441.863s][info][gc,cpu         ] GC(1188) User=0.33s Sys=0.02s Real=0.39s
[441.863s][info][gc,start       ] GC(1189) Pause Full (Ergonomics)
[441.864s][info][gc,phases,start] GC(1189) Marking Phase
[442.154s][info][gc,phases      ] GC(1189) Marking Phase 290.156ms
[442.154s][info][gc,phases,start] GC(1189) Summary Phase
[442.154s][info][gc,phases      ] GC(1189) Summary Phase 0.055ms
[442.154s][info][gc,phases,start] GC(1189) Adjust Roots
[442.154s][info][gc,phases      ] GC(1189) Adjust Roots 0.247ms
[442.154s][info][gc,phases,start] GC(1189) Compaction Phase
[442.253s][info][gc,phases      ] GC(1189) Compaction Phase 99.185ms
[442.253s][info][gc,phases,start] GC(1189) Post Compact
[442.255s][info][gc,phases      ] GC(1189) Post Compact 1.565ms
[442.255s][info][gc,heap        ] GC(1189) PSYoungGen: 33771K(77312K)->33771K(77312K) Eden: 24575K(24576K)->24575K(24576K) From: 9195K(52736K)->9195K(52736K)
[442.255s][info][gc,heap        ] GC(1189) ParOldGen: 339542K(341504K)->339542K(341504K)
[442.255s][info][gc,metaspace   ] GC(1189) Metaspace: 6296K(6464K)->6296K(6464K) NonClass: 5763K(5824K)->5763K(5824K) Class: 532K(640K)->532K(640K)
[442.255s][info][gc             ] GC(1189) Pause Full (Ergonomics) 364M->364M(409M) 391.650ms
[442.255s][info][gc,cpu         ] GC(1189) User=0.38s Sys=0.00s Real=0.39s
[442.255s][info][gc,start       ] GC(1190) Pause Full (Ergonomics)
[442.255s][info][gc,phases,start] GC(1190) Marking Phase
[442.541s][info][gc,phases      ] GC(1190) Marking Phase 285.312ms
[442.541s][info][gc,phases,start] GC(1190) Summary Phase
[442.541s][info][gc,phases      ] GC(1190) Summary Phase 0.054ms
[442.541s][info][gc,phases,start] GC(1190) Adjust Roots
[442.541s][info][gc,phases      ] GC(1190) Adjust Roots 0.248ms
[442.541s][info][gc,phases,start] GC(1190) Compaction Phase
[442.637s][info][gc,phases      ] GC(1190) Compaction Phase 96.213ms
[442.638s][info][gc,phases,start] GC(1190) Post Compact
[442.639s][info][gc,phases      ] GC(1190) Post Compact 1.725ms
[442.639s][info][gc,heap        ] GC(1190) PSYoungGen: 33771K(77312K)->33771K(77312K) Eden: 24575K(24576K)->24575K(24576K) From: 9195K(52736K)->9195K(52736K)
[442.639s][info][gc,heap        ] GC(1190) ParOldGen: 339546K(341504K)->339546K(341504K)
[442.639s][info][gc,metaspace   ] GC(1190) Metaspace: 6296K(6464K)->6296K(6464K) NonClass: 5763K(5824K)->5763K(5824K) Class: 532K(640K)->532K(640K)
[442.639s][info][gc             ] GC(1190) Pause Full (Ergonomics) 364M->364M(409M) 383.954ms
[442.639s][info][gc,cpu         ] GC(1190) User=0.36s Sys=0.00s Real=0.38s
[442.640s][info][gc,start       ] GC(1191) Pause Full (Ergonomics)
[442.640s][info][gc,phases,start] GC(1191) Marking Phase
[442.927s][info][gc,phases      ] GC(1191) Marking Phase 287.243ms
[442.927s][info][gc,phases,start] GC(1191) Summary Phase
[442.927s][info][gc,phases      ] GC(1191) Summary Phase 0.018ms
[442.927s][info][gc,phases,start] GC(1191) Adjust Roots
[442.927s][info][gc,phases      ] GC(1191) Adjust Roots 0.257ms
[442.927s][info][gc,phases,start] GC(1191) Compaction Phase
[443.025s][info][gc,phases      ] GC(1191) Compaction Phase 97.918ms
[443.025s][info][gc,phases,start] GC(1191) Post Compact
[443.027s][info][gc,phases      ] GC(1191) Post Compact 1.514ms
[443.027s][info][gc,heap        ] GC(1191) PSYoungGen: 33771K(77312K)->33771K(77312K) Eden: 24575K(24576K)->24575K(24576K) From: 9195K(52736K)->9195K(52736K)
[443.027s][info][gc,heap        ] GC(1191) ParOldGen: 339551K(341504K)->339551K(341504K)
[443.027s][info][gc,metaspace   ] GC(1191) Metaspace: 6296K(6464K)->6296K(6464K) NonClass: 5763K(5824K)->5763K(5824K) Class: 532K(640K)->532K(640K)
[443.027s][info][gc             ] GC(1191) Pause Full (Ergonomics) 364M->364M(409M) 387.266ms
[443.027s][info][gc,cpu         ] GC(1191) User=0.36s Sys=0.00s Real=0.39s
[443.027s][info][gc,start       ] GC(1192) Pause Full (Ergonomics)
[443.027s][info][gc,phases,start] GC(1192) Marking Phase
[443.313s][info][gc,phases      ] GC(1192) Marking Phase 285.290ms
[443.313s][info][gc,phases,start] GC(1192) Summary Phase
[443.313s][info][gc,phases      ] GC(1192) Summary Phase 0.022ms
[443.313s][info][gc,phases,start] GC(1192) Adjust Roots
[443.313s][info][gc,phases      ] GC(1192) Adjust Roots 0.182ms
[443.313s][info][gc,phases,start] GC(1192) Compaction Phase
[443.415s][info][gc,phases      ] GC(1192) Compaction Phase 102.414ms
[443.415s][info][gc,phases,start] GC(1192) Post Compact
[443.417s][info][gc,phases      ] GC(1192) Post Compact 1.513ms
[443.417s][info][gc,heap        ] GC(1192) PSYoungGen: 33771K(77312K)->33771K(77312K) Eden: 24575K(24576K)->24575K(24576K) From: 9195K(52736K)->9195K(52736K)
[443.417s][info][gc,heap        ] GC(1192) ParOldGen: 339556K(341504K)->339556K(341504K)
[443.417s][info][gc,metaspace   ] GC(1192) Metaspace: 6296K(6464K)->6296K(6464K) NonClass: 5763K(5824K)->5763K(5824K) Class: 532K(640K)->532K(640K)
[443.417s][info][gc             ] GC(1192) Pause Full (Ergonomics) 364M->364M(409M) 389.779ms
[443.417s][info][gc,cpu         ] GC(1192) User=0.36s Sys=0.00s Real=0.39s
[443.417s][info][gc,start       ] GC(1193) Pause Full (Ergonomics)
[443.417s][info][gc,phases,start] GC(1193) Marking Phase
[443.704s][info][gc,phases      ] GC(1193) Marking Phase 286.366ms
[443.704s][info][gc,phases,start] GC(1193) Summary Phase
[443.704s][info][gc,phases      ] GC(1193) Summary Phase 0.024ms
[443.704s][info][gc,phases,start] GC(1193) Adjust Roots
[443.704s][info][gc,phases      ] GC(1193) Adjust Roots 0.228ms
[443.704s][info][gc,phases,start] GC(1193) Compaction Phase
[443.800s][info][gc,phases      ] GC(1193) Compaction Phase 96.111ms
[443.800s][info][gc,phases,start] GC(1193) Post Compact
[443.802s][info][gc,phases      ] GC(1193) Post Compact 1.514ms
[443.802s][info][gc,heap        ] GC(1193) PSYoungGen: 33771K(77312K)->33771K(77312K) Eden: 24575K(24576K)->24575K(24576K) From: 9195K(52736K)->9195K(52736K)
[443.802s][info][gc,heap        ] GC(1193) ParOldGen: 339560K(341504K)->339560K(341504K)
[443.802s][info][gc,metaspace   ] GC(1193) Metaspace: 6296K(6464K)->6296K(6464K) NonClass: 5763K(5824K)->5763K(5824K) Class: 532K(640K)->532K(640K)
[443.802s][info][gc             ] GC(1193) Pause Full (Ergonomics) 364M->364M(409M) 384.613ms
[443.802s][info][gc,cpu         ] GC(1193) User=0.34s Sys=0.00s Real=0.38s
[443.803s][info][gc,start       ] GC(1194) Pause Full (Ergonomics)
[443.803s][info][gc,phases,start] GC(1194) Marking Phase
[444.092s][info][gc,phases      ] GC(1194) Marking Phase 289.213ms
[444.092s][info][gc,phases,start] GC(1194) Summary Phase
[444.092s][info][gc,phases      ] GC(1194) Summary Phase 0.019ms
[444.092s][info][gc,phases,start] GC(1194) Adjust Roots
[444.092s][info][gc,phases      ] GC(1194) Adjust Roots 0.261ms
[444.092s][info][gc,phases,start] GC(1194) Compaction Phase
[444.189s][info][gc,phases      ] GC(1194) Compaction Phase 97.244ms
[444.189s][info][gc,phases,start] GC(1194) Post Compact
[444.191s][info][gc,phases      ] GC(1194) Post Compact 1.526ms
[444.191s][info][gc,heap        ] GC(1194) PSYoungGen: 33771K(77312K)->33771K(77312K) Eden: 24575K(24576K)->24575K(24576K) From: 9195K(52736K)->9195K(52736K)
[444.191s][info][gc,heap        ] GC(1194) ParOldGen: 339565K(341504K)->339565K(341504K)
[444.191s][info][gc,metaspace   ] GC(1194) Metaspace: 6296K(6464K)->6296K(6464K) NonClass: 5763K(5824K)->5763K(5824K) Class: 532K(640K)->532K(640K)
[444.191s][info][gc             ] GC(1194) Pause Full (Ergonomics) 364M->364M(409M) 388.638ms
[444.191s][info][gc,cpu         ] GC(1194) User=0.34s Sys=0.00s Real=0.39s
[444.191s][info][gc,start       ] GC(1195) Pause Full (Ergonomics)
[444.191s][info][gc,phases,start] GC(1195) Marking Phase
[444.481s][info][gc,phases      ] GC(1195) Marking Phase 289.724ms
[444.481s][info][gc,phases,start] GC(1195) Summary Phase
[444.481s][info][gc,phases      ] GC(1195) Summary Phase 0.031ms
[444.481s][info][gc,phases,start] GC(1195) Adjust Roots
[444.482s][info][gc,phases      ] GC(1195) Adjust Roots 0.188ms
[444.482s][info][gc,phases,start] GC(1195) Compaction Phase
[444.580s][info][gc,phases      ] GC(1195) Compaction Phase 98.221ms
[444.580s][info][gc,phases,start] GC(1195) Post Compact
[444.581s][info][gc,phases      ] GC(1195) Post Compact 1.539ms
[444.581s][info][gc,heap        ] GC(1195) PSYoungGen: 33771K(77312K)->33771K(77312K) Eden: 24575K(24576K)->24575K(24576K) From: 9195K(52736K)->9195K(52736K)
[444.581s][info][gc,heap        ] GC(1195) ParOldGen: 339570K(341504K)->339570K(341504K)
[444.581s][info][gc,metaspace   ] GC(1195) Metaspace: 6296K(6464K)->6296K(6464K) NonClass: 5763K(5824K)->5763K(5824K) Class: 532K(640K)->532K(640K)
[444.581s][info][gc             ] GC(1195) Pause Full (Ergonomics) 364M->364M(409M) 390.034ms
[444.582s][info][gc,cpu         ] GC(1195) User=0.39s Sys=0.00s Real=0.39s
[444.582s][info][gc,start       ] GC(1196) Pause Full (Ergonomics)
[444.582s][info][gc,phases,start] GC(1196) Marking Phase
[444.867s][info][gc,phases      ] GC(1196) Marking Phase 285.562ms
[444.867s][info][gc,phases,start] GC(1196) Summary Phase
[444.868s][info][gc,phases      ] GC(1196) Summary Phase 0.035ms
[444.868s][info][gc,phases,start] GC(1196) Adjust Roots
[444.868s][info][gc,phases      ] GC(1196) Adjust Roots 0.251ms
[444.868s][info][gc,phases,start] GC(1196) Compaction Phase
[444.963s][info][gc,phases      ] GC(1196) Compaction Phase 95.506ms
[444.963s][info][gc,phases,start] GC(1196) Post Compact
[444.965s][info][gc,phases      ] GC(1196) Post Compact 1.522ms
[444.965s][info][gc,heap        ] GC(1196) PSYoungGen: 33771K(77312K)->33771K(77312K) Eden: 24575K(24576K)->24575K(24576K) From: 9195K(52736K)->9195K(52736K)
[444.965s][info][gc,heap        ] GC(1196) ParOldGen: 339574K(341504K)->339574K(341504K)
[444.965s][info][gc,metaspace   ] GC(1196) Metaspace: 6296K(6464K)->6296K(6464K) NonClass: 5763K(5824K)->5763K(5824K) Class: 532K(640K)->532K(640K)
[444.965s][info][gc             ] GC(1196) Pause Full (Ergonomics) 364M->364M(409M) 383.260ms
[444.965s][info][gc,cpu         ] GC(1196) User=0.36s Sys=0.00s Real=0.38s
[444.965s][info][gc,start       ] GC(1197) Pause Full (Ergonomics)
[444.965s][info][gc,phases,start] GC(1197) Marking Phase
[445.255s][info][gc,phases      ] GC(1197) Marking Phase 289.521ms
[445.255s][info][gc,phases,start] GC(1197) Summary Phase
[445.255s][info][gc,phases      ] GC(1197) Summary Phase 0.023ms
[445.255s][info][gc,phases,start] GC(1197) Adjust Roots
[445.255s][info][gc,phases      ] GC(1197) Adjust Roots 0.232ms
[445.255s][info][gc,phases,start] GC(1197) Compaction Phase
[445.354s][info][gc,phases      ] GC(1197) Compaction Phase 98.471ms
[445.354s][info][gc,phases,start] GC(1197) Post Compact
[445.355s][info][gc,phases      ] GC(1197) Post Compact 1.542ms
[445.356s][info][gc,heap        ] GC(1197) PSYoungGen: 33771K(77312K)->33771K(77312K) Eden: 24575K(24576K)->24575K(24576K) From: 9195K(52736K)->9195K(52736K)
[445.356s][info][gc,heap        ] GC(1197) ParOldGen: 339579K(341504K)->339579K(341504K)
[445.356s][info][gc,metaspace   ] GC(1197) Metaspace: 6296K(6464K)->6296K(6464K) NonClass: 5763K(5824K)->5763K(5824K) Class: 532K(640K)->532K(640K)
[445.356s][info][gc             ] GC(1197) Pause Full (Ergonomics) 364M->364M(409M) 390.138ms
[445.356s][info][gc,cpu         ] GC(1197) User=0.36s Sys=0.00s Real=0.39s
[445.356s][info][gc,start       ] GC(1198) Pause Full (Ergonomics)
[445.356s][info][gc,phases,start] GC(1198) Marking Phase
[445.642s][info][gc,phases      ] GC(1198) Marking Phase 285.706ms
[445.642s][info][gc,phases,start] GC(1198) Summary Phase
[445.642s][info][gc,phases      ] GC(1198) Summary Phase 0.022ms
[445.642s][info][gc,phases,start] GC(1198) Adjust Roots
[445.642s][info][gc,phases      ] GC(1198) Adjust Roots 0.197ms
[445.642s][info][gc,phases,start] GC(1198) Compaction Phase
[445.738s][info][gc,phases      ] GC(1198) Compaction Phase 95.993ms
[445.738s][info][gc,phases,start] GC(1198) Post Compact
[445.740s][info][gc,phases      ] GC(1198) Post Compact 1.521ms
[445.740s][info][gc,heap        ] GC(1198) PSYoungGen: 33771K(77312K)->33771K(77312K) Eden: 24575K(24576K)->24575K(24576K) From: 9195K(52736K)->9195K(52736K)
[445.740s][info][gc,heap        ] GC(1198) ParOldGen: 339584K(341504K)->339584K(341504K)
[445.740s][info][gc,metaspace   ] GC(1198) Metaspace: 6296K(6464K)->6296K(6464K) NonClass: 5763K(5824K)->5763K(5824K) Class: 532K(640K)->532K(640K)
[445.740s][info][gc             ] GC(1198) Pause Full (Ergonomics) 364M->364M(409M) 383.790ms
[445.740s][info][gc,cpu         ] GC(1198) User=0.36s Sys=0.00s Real=0.38s
[445.740s][info][gc,start       ] GC(1199) Pause Full (Ergonomics)
[445.740s][info][gc,phases,start] GC(1199) Marking Phase
[446.025s][info][gc,phases      ] GC(1199) Marking Phase 285.181ms
[446.025s][info][gc,phases,start] GC(1199) Summary Phase
[446.026s][info][gc,phases      ] GC(1199) Summary Phase 0.090ms
[446.026s][info][gc,phases,start] GC(1199) Adjust Roots
[446.026s][info][gc,phases      ] GC(1199) Adjust Roots 0.243ms
[446.026s][info][gc,phases,start] GC(1199) Compaction Phase
[446.123s][info][gc,phases      ] GC(1199) Compaction Phase 97.103ms
[446.123s][info][gc,phases,start] GC(1199) Post Compact
[446.125s][info][gc,phases      ] GC(1199) Post Compact 1.591ms
[446.125s][info][gc,heap        ] GC(1199) PSYoungGen: 33771K(77312K)->33771K(77312K) Eden: 24575K(24576K)->24575K(24576K) From: 9195K(52736K)->9195K(52736K)
[446.125s][info][gc,heap        ] GC(1199) ParOldGen: 339588K(341504K)->339588K(341504K)
[446.125s][info][gc,metaspace   ] GC(1199) Metaspace: 6296K(6464K)->6296K(6464K) NonClass: 5763K(5824K)->5763K(5824K) Class: 532K(640K)->532K(640K)
[446.125s][info][gc             ] GC(1199) Pause Full (Ergonomics) 364M->364M(409M) 384.581ms
[446.125s][info][gc,cpu         ] GC(1199) User=0.34s Sys=0.00s Real=0.38s
[446.125s][info][gc,start       ] GC(1200) Pause Full (Ergonomics)
[446.125s][info][gc,phases,start] GC(1200) Marking Phase
[446.414s][info][gc,phases      ] GC(1200) Marking Phase 288.800ms
[446.414s][info][gc,phases,start] GC(1200) Summary Phase
[446.414s][info][gc,phases      ] GC(1200) Summary Phase 0.036ms
[446.414s][info][gc,phases,start] GC(1200) Adjust Roots
[446.414s][info][gc,phases      ] GC(1200) Adjust Roots 0.263ms
[446.414s][info][gc,phases,start] GC(1200) Compaction Phase
[446.514s][info][gc,phases      ] GC(1200) Compaction Phase 99.460ms
[446.514s][info][gc,phases,start] GC(1200) Post Compact
[446.515s][info][gc,phases      ] GC(1200) Post Compact 1.520ms
[446.516s][info][gc,heap        ] GC(1200) PSYoungGen: 33771K(77312K)->33771K(77312K) Eden: 24575K(24576K)->24575K(24576K) From: 9195K(52736K)->9195K(52736K)
[446.516s][info][gc,heap        ] GC(1200) ParOldGen: 339593K(341504K)->339593K(341504K)
[446.516s][info][gc,metaspace   ] GC(1200) Metaspace: 6296K(6464K)->6296K(6464K) NonClass: 5763K(5824K)->5763K(5824K) Class: 532K(640K)->532K(640K)
[446.516s][info][gc             ] GC(1200) Pause Full (Ergonomics) 364M->364M(409M) 390.566ms
[446.516s][info][gc,cpu         ] GC(1200) User=0.34s Sys=0.02s Real=0.39s
[446.516s][info][gc,start       ] GC(1201) Pause Full (Ergonomics)
[446.516s][info][gc,phases,start] GC(1201) Marking Phase
[446.802s][info][gc,phases      ] GC(1201) Marking Phase 285.676ms
[446.802s][info][gc,phases,start] GC(1201) Summary Phase
[446.802s][info][gc,phases      ] GC(1201) Summary Phase 0.035ms
[446.802s][info][gc,phases,start] GC(1201) Adjust Roots
[446.802s][info][gc,phases      ] GC(1201) Adjust Roots 0.264ms
[446.802s][info][gc,phases,start] GC(1201) Compaction Phase
[446.899s][info][gc,phases      ] GC(1201) Compaction Phase 96.577ms
[446.899s][info][gc,phases,start] GC(1201) Post Compact
[446.900s][info][gc,phases      ] GC(1201) Post Compact 1.543ms
[446.900s][info][gc,heap        ] GC(1201) PSYoungGen: 33771K(77312K)->33771K(77312K) Eden: 24575K(24576K)->24575K(24576K) From: 9195K(52736K)->9195K(52736K)
[446.900s][info][gc,heap        ] GC(1201) ParOldGen: 339598K(341504K)->339598K(341504K)
[446.900s][info][gc,metaspace   ] GC(1201) Metaspace: 6296K(6464K)->6296K(6464K) NonClass: 5763K(5824K)->5763K(5824K) Class: 532K(640K)->532K(640K)
[446.900s][info][gc             ] GC(1201) Pause Full (Ergonomics) 364M->364M(409M) 384.517ms
[446.900s][info][gc,cpu         ] GC(1201) User=0.36s Sys=0.00s Real=0.38s
[446.901s][info][gc,start       ] GC(1202) Pause Full (Ergonomics)
[446.901s][info][gc,phases,start] GC(1202) Marking Phase
[447.190s][info][gc,phases      ] GC(1202) Marking Phase 289.715ms
[447.190s][info][gc,phases,start] GC(1202) Summary Phase
[447.191s][info][gc,phases      ] GC(1202) Summary Phase 0.035ms
[447.191s][info][gc,phases,start] GC(1202) Adjust Roots
[447.191s][info][gc,phases      ] GC(1202) Adjust Roots 0.259ms
[447.191s][info][gc,phases,start] GC(1202) Compaction Phase
[447.291s][info][gc,phases      ] GC(1202) Compaction Phase 99.427ms
[447.291s][info][gc,phases,start] GC(1202) Post Compact
[447.292s][info][gc,phases      ] GC(1202) Post Compact 1.513ms
[447.292s][info][gc,heap        ] GC(1202) PSYoungGen: 33771K(77312K)->33771K(77312K) Eden: 24575K(24576K)->24575K(24576K) From: 9195K(52736K)->9195K(52736K)
[447.292s][info][gc,heap        ] GC(1202) ParOldGen: 339602K(341504K)->339602K(341504K)
[447.292s][info][gc,metaspace   ] GC(1202) Metaspace: 6296K(6464K)->6296K(6464K) NonClass: 5763K(5824K)->5763K(5824K) Class: 532K(640K)->532K(640K)
[447.292s][info][gc             ] GC(1202) Pause Full (Ergonomics) 364M->364M(409M) 391.619ms
[447.292s][info][gc,cpu         ] GC(1202) User=0.38s Sys=0.00s Real=0.39s
[447.293s][info][gc,start       ] GC(1203) Pause Full (Ergonomics)
[447.293s][info][gc,phases,start] GC(1203) Marking Phase
[447.580s][info][gc,phases      ] GC(1203) Marking Phase 287.363ms
[447.580s][info][gc,phases,start] GC(1203) Summary Phase
[447.580s][info][gc,phases      ] GC(1203) Summary Phase 0.023ms
[447.580s][info][gc,phases,start] GC(1203) Adjust Roots
[447.581s][info][gc,phases      ] GC(1203) Adjust Roots 0.309ms
[447.581s][info][gc,phases,start] GC(1203) Compaction Phase
[447.678s][info][gc,phases      ] GC(1203) Compaction Phase 97.687ms
[447.679s][info][gc,phases,start] GC(1203) Post Compact
[447.680s][info][gc,phases      ] GC(1203) Post Compact 1.530ms
[447.680s][info][gc,heap        ] GC(1203) PSYoungGen: 33771K(77312K)->33771K(77312K) Eden: 24575K(24576K)->24575K(24576K) From: 9195K(52736K)->9195K(52736K)
[447.680s][info][gc,heap        ] GC(1203) ParOldGen: 339607K(341504K)->339607K(341504K)
[447.680s][info][gc,metaspace   ] GC(1203) Metaspace: 6296K(6464K)->6296K(6464K) NonClass: 5763K(5824K)->5763K(5824K) Class: 532K(640K)->532K(640K)
[447.680s][info][gc             ] GC(1203) Pause Full (Ergonomics) 364M->364M(409M) 387.265ms
[447.680s][info][gc,cpu         ] GC(1203) User=0.38s Sys=0.00s Real=0.39s
[447.680s][info][gc,start       ] GC(1204) Pause Full (Ergonomics)
[447.680s][info][gc,phases,start] GC(1204) Marking Phase
[447.970s][info][gc,phases      ] GC(1204) Marking Phase 289.608ms
[447.970s][info][gc,phases,start] GC(1204) Summary Phase
[447.970s][info][gc,phases      ] GC(1204) Summary Phase 0.024ms
[447.970s][info][gc,phases,start] GC(1204) Adjust Roots
[447.970s][info][gc,phases      ] GC(1204) Adjust Roots 0.214ms
[447.970s][info][gc,phases,start] GC(1204) Compaction Phase
[448.069s][info][gc,phases      ] GC(1204) Compaction Phase 98.531ms
[448.069s][info][gc,phases,start] GC(1204) Post Compact
[448.071s][info][gc,phases      ] GC(1204) Post Compact 1.555ms
[448.071s][info][gc,heap        ] GC(1204) PSYoungGen: 33771K(77312K)->33771K(77312K) Eden: 24575K(24576K)->24575K(24576K) From: 9195K(52736K)->9195K(52736K)
[448.071s][info][gc,heap        ] GC(1204) ParOldGen: 339612K(341504K)->339612K(341504K)
[448.071s][info][gc,metaspace   ] GC(1204) Metaspace: 6296K(6464K)->6296K(6464K) NonClass: 5763K(5824K)->5763K(5824K) Class: 532K(640K)->532K(640K)
[448.071s][info][gc             ] GC(1204) Pause Full (Ergonomics) 364M->364M(409M) 390.303ms
[448.071s][info][gc,cpu         ] GC(1204) User=0.36s Sys=0.02s Real=0.39s
[448.071s][info][gc,start       ] GC(1205) Pause Full (Ergonomics)
[448.071s][info][gc,phases,start] GC(1205) Marking Phase
[448.358s][info][gc,phases      ] GC(1205) Marking Phase 286.537ms
[448.358s][info][gc,phases,start] GC(1205) Summary Phase
[448.358s][info][gc,phases      ] GC(1205) Summary Phase 0.022ms
[448.358s][info][gc,phases,start] GC(1205) Adjust Roots
[448.358s][info][gc,phases      ] GC(1205) Adjust Roots 0.223ms
[448.358s][info][gc,phases,start] GC(1205) Compaction Phase
[448.454s][info][gc,phases      ] GC(1205) Compaction Phase 95.635ms
[448.454s][info][gc,phases,start] GC(1205) Post Compact
[448.456s][info][gc,phases      ] GC(1205) Post Compact 1.535ms
[448.456s][info][gc,heap        ] GC(1205) PSYoungGen: 33771K(77312K)->33771K(77312K) Eden: 24575K(24576K)->24575K(24576K) From: 9195K(52736K)->9195K(52736K)
[448.456s][info][gc,heap        ] GC(1205) ParOldGen: 339616K(341504K)->339616K(341504K)
[448.456s][info][gc,metaspace   ] GC(1205) Metaspace: 6296K(6464K)->6296K(6464K) NonClass: 5763K(5824K)->5763K(5824K) Class: 532K(640K)->532K(640K)
[448.456s][info][gc             ] GC(1205) Pause Full (Ergonomics) 364M->364M(409M) 384.326ms
[448.456s][info][gc,cpu         ] GC(1205) User=0.34s Sys=0.00s Real=0.38s
[448.456s][info][gc,start       ] GC(1206) Pause Full (Ergonomics)
[448.456s][info][gc,phases,start] GC(1206) Marking Phase
[448.746s][info][gc,phases      ] GC(1206) Marking Phase 289.777ms
[448.746s][info][gc,phases,start] GC(1206) Summary Phase
[448.746s][info][gc,phases      ] GC(1206) Summary Phase 0.023ms
[448.746s][info][gc,phases,start] GC(1206) Adjust Roots
[448.746s][info][gc,phases      ] GC(1206) Adjust Roots 0.231ms
[448.746s][info][gc,phases,start] GC(1206) Compaction Phase
[448.845s][info][gc,phases      ] GC(1206) Compaction Phase 98.518ms
[448.845s][info][gc,phases,start] GC(1206) Post Compact
[448.847s][info][gc,phases      ] GC(1206) Post Compact 1.540ms
[448.847s][info][gc,heap        ] GC(1206) PSYoungGen: 33771K(77312K)->33771K(77312K) Eden: 24575K(24576K)->24575K(24576K) From: 9195K(52736K)->9195K(52736K)
[448.847s][info][gc,heap        ] GC(1206) ParOldGen: 339621K(341504K)->339621K(341504K)
[448.847s][info][gc,metaspace   ] GC(1206) Metaspace: 6296K(6464K)->6296K(6464K) NonClass: 5763K(5824K)->5763K(5824K) Class: 532K(640K)->532K(640K)
[448.847s][info][gc             ] GC(1206) Pause Full (Ergonomics) 364M->364M(409M) 390.437ms
[448.847s][info][gc,cpu         ] GC(1206) User=0.36s Sys=0.00s Real=0.39s
[448.847s][info][gc,start       ] GC(1207) Pause Full (Ergonomics)
[448.847s][info][gc,phases,start] GC(1207) Marking Phase
[449.133s][info][gc,phases      ] GC(1207) Marking Phase 286.424ms
[449.134s][info][gc,phases,start] GC(1207) Summary Phase
[449.134s][info][gc,phases      ] GC(1207) Summary Phase 0.035ms
[449.134s][info][gc,phases,start] GC(1207) Adjust Roots
[449.134s][info][gc,phases      ] GC(1207) Adjust Roots 0.240ms
[449.134s][info][gc,phases,start] GC(1207) Compaction Phase
[449.233s][info][gc,phases      ] GC(1207) Compaction Phase 98.625ms
[449.233s][info][gc,phases,start] GC(1207) Post Compact
[449.234s][info][gc,phases      ] GC(1207) Post Compact 1.528ms
[449.234s][info][gc,heap        ] GC(1207) PSYoungGen: 33771K(77312K)->33771K(77312K) Eden: 24575K(24576K)->24575K(24576K) From: 9195K(52736K)->9195K(52736K)
[449.234s][info][gc,heap        ] GC(1207) ParOldGen: 339626K(341504K)->339626K(341504K)
[449.234s][info][gc,metaspace   ] GC(1207) Metaspace: 6296K(6464K)->6296K(6464K) NonClass: 5763K(5824K)->5763K(5824K) Class: 532K(640K)->532K(640K)
[449.234s][info][gc             ] GC(1207) Pause Full (Ergonomics) 364M->364M(409M) 387.250ms
[449.234s][info][gc,cpu         ] GC(1207) User=0.36s Sys=0.00s Real=0.39s
[449.235s][info][gc,start       ] GC(1208) Pause Full (Ergonomics)
[449.235s][info][gc,phases,start] GC(1208) Marking Phase
[449.525s][info][gc,phases      ] GC(1208) Marking Phase 290.561ms
[449.525s][info][gc,phases,start] GC(1208) Summary Phase
[449.525s][info][gc,phases      ] GC(1208) Summary Phase 0.043ms
[449.525s][info][gc,phases,start] GC(1208) Adjust Roots
[449.526s][info][gc,phases      ] GC(1208) Adjust Roots 0.275ms
[449.526s][info][gc,phases,start] GC(1208) Compaction Phase
[449.624s][info][gc,phases      ] GC(1208) Compaction Phase 98.218ms
[449.624s][info][gc,phases,start] GC(1208) Post Compact
[449.625s][info][gc,phases      ] GC(1208) Post Compact 1.526ms
[449.626s][info][gc,heap        ] GC(1208) PSYoungGen: 33771K(77312K)->33771K(77312K) Eden: 24575K(24576K)->24575K(24576K) From: 9195K(52736K)->9195K(52736K)
[449.626s][info][gc,heap        ] GC(1208) ParOldGen: 339630K(341504K)->339630K(341504K)
[449.626s][info][gc,metaspace   ] GC(1208) Metaspace: 6296K(6464K)->6296K(6464K) NonClass: 5763K(5824K)->5763K(5824K) Class: 532K(640K)->532K(640K)
[449.626s][info][gc             ] GC(1208) Pause Full (Ergonomics) 364M->364M(409M) 391.018ms
[449.626s][info][gc,cpu         ] GC(1208) User=0.39s Sys=0.00s Real=0.39s
[449.626s][info][gc,start       ] GC(1209) Pause Full (Ergonomics)
[449.626s][info][gc,phases,start] GC(1209) Marking Phase
[449.912s][info][gc,phases      ] GC(1209) Marking Phase 285.688ms
[449.912s][info][gc,phases,start] GC(1209) Summary Phase
[449.912s][info][gc,phases      ] GC(1209) Summary Phase 0.023ms
[449.912s][info][gc,phases,start] GC(1209) Adjust Roots
[449.912s][info][gc,phases      ] GC(1209) Adjust Roots 0.203ms
[449.912s][info][gc,phases,start] GC(1209) Compaction Phase
[450.008s][info][gc,phases      ] GC(1209) Compaction Phase 95.535ms
[450.008s][info][gc,phases,start] GC(1209) Post Compact
[450.009s][info][gc,phases      ] GC(1209) Post Compact 1.639ms
[450.009s][info][gc,heap        ] GC(1209) PSYoungGen: 33771K(77312K)->33771K(77312K) Eden: 24575K(24576K)->24575K(24576K) From: 9195K(52736K)->9195K(52736K)
[450.009s][info][gc,heap        ] GC(1209) ParOldGen: 339635K(341504K)->339635K(341504K)
[450.009s][info][gc,metaspace   ] GC(1209) Metaspace: 6296K(6464K)->6296K(6464K) NonClass: 5763K(5824K)->5763K(5824K) Class: 532K(640K)->532K(640K)
[450.009s][info][gc             ] GC(1209) Pause Full (Ergonomics) 364M->364M(409M) 383.417ms
[450.010s][info][gc,cpu         ] GC(1209) User=0.38s Sys=0.00s Real=0.38s
[450.010s][info][gc,start       ] GC(1210) Pause Full (Ergonomics)
[450.010s][info][gc,phases,start] GC(1210) Marking Phase
[450.295s][info][gc,phases      ] GC(1210) Marking Phase 284.931ms
[450.295s][info][gc,phases,start] GC(1210) Summary Phase
[450.295s][info][gc,phases      ] GC(1210) Summary Phase 0.034ms
[450.295s][info][gc,phases,start] GC(1210) Adjust Roots
[450.296s][info][gc,phases      ] GC(1210) Adjust Roots 0.227ms
[450.296s][info][gc,phases,start] GC(1210) Compaction Phase
[450.392s][info][gc,phases      ] GC(1210) Compaction Phase 96.347ms
[450.392s][info][gc,phases,start] GC(1210) Post Compact
[450.394s][info][gc,phases      ] GC(1210) Post Compact 1.527ms
[450.394s][info][gc,heap        ] GC(1210) PSYoungGen: 33771K(77312K)->33771K(77312K) Eden: 24575K(24576K)->24575K(24576K) From: 9195K(52736K)->9195K(52736K)
[450.394s][info][gc,heap        ] GC(1210) ParOldGen: 339640K(341504K)->339640K(341504K)
[450.394s][info][gc,metaspace   ] GC(1210) Metaspace: 6296K(6464K)->6296K(6464K) NonClass: 5763K(5824K)->5763K(5824K) Class: 532K(640K)->532K(640K)
[450.394s][info][gc             ] GC(1210) Pause Full (Ergonomics) 364M->364M(409M) 383.487ms
[450.394s][info][gc,cpu         ] GC(1210) User=0.34s Sys=0.00s Real=0.38s
[450.394s][info][gc,start       ] GC(1211) Pause Full (Ergonomics)
[450.394s][info][gc,phases,start] GC(1211) Marking Phase
[450.685s][info][gc,phases      ] GC(1211) Marking Phase 290.984ms
[450.685s][info][gc,phases,start] GC(1211) Summary Phase
[450.685s][info][gc,phases      ] GC(1211) Summary Phase 0.023ms
[450.685s][info][gc,phases,start] GC(1211) Adjust Roots
[450.685s][info][gc,phases      ] GC(1211) Adjust Roots 0.228ms
[450.685s][info][gc,phases,start] GC(1211) Compaction Phase
[450.783s][info][gc,phases      ] GC(1211) Compaction Phase 98.044ms
[450.783s][info][gc,phases,start] GC(1211) Post Compact
[450.785s][info][gc,phases      ] GC(1211) Post Compact 1.524ms
[450.785s][info][gc,heap        ] GC(1211) PSYoungGen: 33771K(77312K)->33771K(77312K) Eden: 24575K(24576K)->24575K(24576K) From: 9195K(52736K)->9195K(52736K)
[450.785s][info][gc,heap        ] GC(1211) ParOldGen: 339644K(341504K)->339644K(341504K)
[450.785s][info][gc,metaspace   ] GC(1211) Metaspace: 6296K(6464K)->6296K(6464K) NonClass: 5763K(5824K)->5763K(5824K) Class: 532K(640K)->532K(640K)
[450.785s][info][gc             ] GC(1211) Pause Full (Ergonomics) 364M->364M(409M) 391.163ms
[450.785s][info][gc,cpu         ] GC(1211) User=0.38s Sys=0.00s Real=0.39s
[450.786s][info][gc,start       ] GC(1212) Pause Full (Ergonomics)
[450.786s][info][gc,phases,start] GC(1212) Marking Phase
[451.072s][info][gc,phases      ] GC(1212) Marking Phase 286.040ms
[451.072s][info][gc,phases,start] GC(1212) Summary Phase
[451.072s][info][gc,phases      ] GC(1212) Summary Phase 0.034ms
[451.072s][info][gc,phases,start] GC(1212) Adjust Roots
[451.072s][info][gc,phases      ] GC(1212) Adjust Roots 0.269ms
[451.072s][info][gc,phases,start] GC(1212) Compaction Phase
[451.168s][info][gc,phases      ] GC(1212) Compaction Phase 96.139ms
[451.168s][info][gc,phases,start] GC(1212) Post Compact
[451.170s][info][gc,phases      ] GC(1212) Post Compact 1.531ms
[451.170s][info][gc,heap        ] GC(1212) PSYoungGen: 33771K(77312K)->33771K(77312K) Eden: 24575K(24576K)->24575K(24576K) From: 9195K(52736K)->9195K(52736K)
[451.170s][info][gc,heap        ] GC(1212) ParOldGen: 339649K(341504K)->339649K(341504K)
[451.170s][info][gc,metaspace   ] GC(1212) Metaspace: 6296K(6464K)->6296K(6464K) NonClass: 5763K(5824K)->5763K(5824K) Class: 532K(640K)->532K(640K)
[451.170s][info][gc             ] GC(1212) Pause Full (Ergonomics) 364M->364M(409M) 384.446ms
[451.170s][info][gc,cpu         ] GC(1212) User=0.36s Sys=0.00s Real=0.38s
[451.170s][info][gc,start       ] GC(1213) Pause Full (Ergonomics)
[451.170s][info][gc,phases,start] GC(1213) Marking Phase
[451.462s][info][gc,phases      ] GC(1213) Marking Phase 291.334ms
[451.462s][info][gc,phases,start] GC(1213) Summary Phase
[451.462s][info][gc,phases      ] GC(1213) Summary Phase 0.035ms
[451.462s][info][gc,phases,start] GC(1213) Adjust Roots
[451.462s][info][gc,phases      ] GC(1213) Adjust Roots 0.244ms
[451.462s][info][gc,phases,start] GC(1213) Compaction Phase
[451.561s][info][gc,phases      ] GC(1213) Compaction Phase 98.469ms
[451.561s][info][gc,phases,start] GC(1213) Post Compact
[451.562s][info][gc,phases      ] GC(1213) Post Compact 1.545ms
[451.562s][info][gc,heap        ] GC(1213) PSYoungGen: 33771K(77312K)->33771K(77312K) Eden: 24575K(24576K)->24575K(24576K) From: 9195K(52736K)->9195K(52736K)
[451.562s][info][gc,heap        ] GC(1213) ParOldGen: 339654K(341504K)->339654K(341504K)
[451.562s][info][gc,metaspace   ] GC(1213) Metaspace: 6296K(6464K)->6296K(6464K) NonClass: 5763K(5824K)->5763K(5824K) Class: 532K(640K)->532K(640K)
[451.562s][info][gc             ] GC(1213) Pause Full (Ergonomics) 364M->364M(409M) 392.014ms
[451.562s][info][gc,cpu         ] GC(1213) User=0.38s Sys=0.00s Real=0.39s
[451.563s][info][gc,start       ] GC(1214) Pause Full (Ergonomics)
[451.563s][info][gc,phases,start] GC(1214) Marking Phase
[451.845s][info][gc,phases      ] GC(1214) Marking Phase 282.385ms
[451.845s][info][gc,phases,start] GC(1214) Summary Phase
[451.845s][info][gc,phases      ] GC(1214) Summary Phase 0.035ms
[451.845s][info][gc,phases,start] GC(1214) Adjust Roots
[451.845s][info][gc,phases      ] GC(1214) Adjust Roots 0.261ms
[451.846s][info][gc,phases,start] GC(1214) Compaction Phase
[451.941s][info][gc,phases      ] GC(1214) Compaction Phase 95.691ms
[451.941s][info][gc,phases,start] GC(1214) Post Compact
[451.943s][info][gc,phases      ] GC(1214) Post Compact 1.527ms
[451.943s][info][gc,heap        ] GC(1214) PSYoungGen: 33771K(77312K)->33771K(77312K) Eden: 24575K(24576K)->24575K(24576K) From: 9195K(52736K)->9195K(52736K)
[451.943s][info][gc,heap        ] GC(1214) ParOldGen: 339658K(341504K)->339658K(341504K)
[451.943s][info][gc,metaspace   ] GC(1214) Metaspace: 6296K(6464K)->6296K(6464K) NonClass: 5763K(5824K)->5763K(5824K) Class: 532K(640K)->532K(640K)
[451.943s][info][gc             ] GC(1214) Pause Full (Ergonomics) 364M->364M(409M) 380.305ms
[451.943s][info][gc,cpu         ] GC(1214) User=0.36s Sys=0.00s Real=0.38s
[451.943s][info][gc,start       ] GC(1215) Pause Full (Ergonomics)
[451.943s][info][gc,phases,start] GC(1215) Marking Phase
[452.229s][info][gc,phases      ] GC(1215) Marking Phase 285.375ms
[452.229s][info][gc,phases,start] GC(1215) Summary Phase
[452.229s][info][gc,phases      ] GC(1215) Summary Phase 0.122ms
[452.229s][info][gc,phases,start] GC(1215) Adjust Roots
[452.229s][info][gc,phases      ] GC(1215) Adjust Roots 0.260ms
[452.229s][info][gc,phases,start] GC(1215) Compaction Phase
[452.325s][info][gc,phases      ] GC(1215) Compaction Phase 95.879ms
[452.325s][info][gc,phases,start] GC(1215) Post Compact
[452.327s][info][gc,phases      ] GC(1215) Post Compact 1.511ms
[452.327s][info][gc,heap        ] GC(1215) PSYoungGen: 33771K(77312K)->33771K(77312K) Eden: 24575K(24576K)->24575K(24576K) From: 9195K(52736K)->9195K(52736K)
[452.327s][info][gc,heap        ] GC(1215) ParOldGen: 339663K(341504K)->339663K(341504K)
[452.327s][info][gc,metaspace   ] GC(1215) Metaspace: 6296K(6464K)->6296K(6464K) NonClass: 5763K(5824K)->5763K(5824K) Class: 532K(640K)->532K(640K)
[452.327s][info][gc             ] GC(1215) Pause Full (Ergonomics) 364M->364M(409M) 383.573ms
[452.327s][info][gc,cpu         ] GC(1215) User=0.36s Sys=0.00s Real=0.38s
[452.328s][info][gc,start       ] GC(1216) Pause Full (Ergonomics)
[452.328s][info][gc,phases,start] GC(1216) Marking Phase
[452.613s][info][gc,phases      ] GC(1216) Marking Phase 285.196ms
[452.613s][info][gc,phases,start] GC(1216) Summary Phase
[452.613s][info][gc,phases      ] GC(1216) Summary Phase 0.023ms
[452.613s][info][gc,phases,start] GC(1216) Adjust Roots
[452.613s][info][gc,phases      ] GC(1216) Adjust Roots 0.210ms
[452.613s][info][gc,phases,start] GC(1216) Compaction Phase
[452.709s][info][gc,phases      ] GC(1216) Compaction Phase 95.419ms
[452.709s][info][gc,phases,start] GC(1216) Post Compact
[452.710s][info][gc,phases      ] GC(1216) Post Compact 1.535ms
[452.710s][info][gc,heap        ] GC(1216) PSYoungGen: 33771K(77312K)->33771K(77312K) Eden: 24575K(24576K)->24575K(24576K) From: 9195K(52736K)->9195K(52736K)
[452.710s][info][gc,heap        ] GC(1216) ParOldGen: 339668K(341504K)->339668K(341504K)
[452.710s][info][gc,metaspace   ] GC(1216) Metaspace: 6296K(6464K)->6296K(6464K) NonClass: 5763K(5824K)->5763K(5824K) Class: 532K(640K)->532K(640K)
[452.710s][info][gc             ] GC(1216) Pause Full (Ergonomics) 364M->364M(409M) 382.753ms
[452.710s][info][gc,cpu         ] GC(1216) User=0.39s Sys=0.00s Real=0.38s
[452.711s][info][gc,start       ] GC(1217) Pause Full (Ergonomics)
[452.711s][info][gc,phases,start] GC(1217) Marking Phase
[453.002s][info][gc,phases      ] GC(1217) Marking Phase 291.115ms
[453.002s][info][gc,phases,start] GC(1217) Summary Phase
[453.002s][info][gc,phases      ] GC(1217) Summary Phase 0.017ms
[453.002s][info][gc,phases,start] GC(1217) Adjust Roots
[453.002s][info][gc,phases      ] GC(1217) Adjust Roots 0.266ms
[453.002s][info][gc,phases,start] GC(1217) Compaction Phase
[453.100s][info][gc,phases      ] GC(1217) Compaction Phase 97.413ms
[453.100s][info][gc,phases,start] GC(1217) Post Compact
[453.101s][info][gc,phases      ] GC(1217) Post Compact 1.531ms
[453.102s][info][gc,heap        ] GC(1217) PSYoungGen: 33771K(77312K)->33771K(77312K) Eden: 24575K(24576K)->24575K(24576K) From: 9195K(52736K)->9195K(52736K)
[453.102s][info][gc,heap        ] GC(1217) ParOldGen: 339672K(341504K)->339672K(341504K)
[453.102s][info][gc,metaspace   ] GC(1217) Metaspace: 6296K(6464K)->6296K(6464K) NonClass: 5763K(5824K)->5763K(5824K) Class: 532K(640K)->532K(640K)
[453.102s][info][gc             ] GC(1217) Pause Full (Ergonomics) 364M->364M(409M) 390.722ms
[453.102s][info][gc,cpu         ] GC(1217) User=0.34s Sys=0.00s Real=0.39s
[453.102s][info][gc,start       ] GC(1218) Pause Full (Ergonomics)
[453.102s][info][gc,phases,start] GC(1218) Marking Phase
[453.392s][info][gc,phases      ] GC(1218) Marking Phase 290.495ms
[453.392s][info][gc,phases,start] GC(1218) Summary Phase
[453.393s][info][gc,phases      ] GC(1218) Summary Phase 0.035ms
[453.393s][info][gc,phases,start] GC(1218) Adjust Roots
[453.393s][info][gc,phases      ] GC(1218) Adjust Roots 0.254ms
[453.393s][info][gc,phases,start] GC(1218) Compaction Phase
[453.491s][info][gc,phases      ] GC(1218) Compaction Phase 97.812ms
[453.491s][info][gc,phases,start] GC(1218) Post Compact
[453.492s][info][gc,phases      ] GC(1218) Post Compact 1.700ms
[453.493s][info][gc,heap        ] GC(1218) PSYoungGen: 33771K(77312K)->33771K(77312K) Eden: 24575K(24576K)->24575K(24576K) From: 9195K(52736K)->9195K(52736K)
[453.493s][info][gc,heap        ] GC(1218) ParOldGen: 339677K(341504K)->339677K(341504K)
[453.493s][info][gc,metaspace   ] GC(1218) Metaspace: 6296K(6464K)->6296K(6464K) NonClass: 5763K(5824K)->5763K(5824K) Class: 532K(640K)->532K(640K)
[453.493s][info][gc             ] GC(1218) Pause Full (Ergonomics) 364M->364M(409M) 390.705ms
[453.493s][info][gc,cpu         ] GC(1218) User=0.36s Sys=0.00s Real=0.39s
[453.493s][info][gc,start       ] GC(1219) Pause Full (Ergonomics)
[453.493s][info][gc,phases,start] GC(1219) Marking Phase
[453.778s][info][gc,phases      ] GC(1219) Marking Phase 285.304ms
[453.778s][info][gc,phases,start] GC(1219) Summary Phase
[453.778s][info][gc,phases      ] GC(1219) Summary Phase 0.034ms
[453.778s][info][gc,phases,start] GC(1219) Adjust Roots
[453.779s][info][gc,phases      ] GC(1219) Adjust Roots 0.240ms
[453.779s][info][gc,phases,start] GC(1219) Compaction Phase
[453.875s][info][gc,phases      ] GC(1219) Compaction Phase 95.902ms
[453.875s][info][gc,phases,start] GC(1219) Post Compact
[453.876s][info][gc,phases      ] GC(1219) Post Compact 1.521ms
[453.876s][info][gc,heap        ] GC(1219) PSYoungGen: 33771K(77312K)->33771K(77312K) Eden: 24575K(24576K)->24575K(24576K) From: 9195K(52736K)->9195K(52736K)
[453.876s][info][gc,heap        ] GC(1219) ParOldGen: 339682K(341504K)->339682K(341504K)
[453.876s][info][gc,metaspace   ] GC(1219) Metaspace: 6296K(6464K)->6296K(6464K) NonClass: 5763K(5824K)->5763K(5824K) Class: 532K(640K)->532K(640K)
[453.876s][info][gc             ] GC(1219) Pause Full (Ergonomics) 364M->364M(409M) 383.382ms
[453.876s][info][gc,cpu         ] GC(1219) User=0.34s Sys=0.00s Real=0.38s
[453.877s][info][gc,start       ] GC(1220) Pause Full (Ergonomics)
[453.877s][info][gc,phases,start] GC(1220) Marking Phase
[454.163s][info][gc,phases      ] GC(1220) Marking Phase 285.882ms
[454.163s][info][gc,phases,start] GC(1220) Summary Phase
[454.163s][info][gc,phases      ] GC(1220) Summary Phase 0.034ms
[454.163s][info][gc,phases,start] GC(1220) Adjust Roots
[454.163s][info][gc,phases      ] GC(1220) Adjust Roots 0.266ms
[454.163s][info][gc,phases,start] GC(1220) Compaction Phase
[454.259s][info][gc,phases      ] GC(1220) Compaction Phase 96.179ms
[454.259s][info][gc,phases,start] GC(1220) Post Compact
[454.261s][info][gc,phases      ] GC(1220) Post Compact 1.514ms
[454.261s][info][gc,heap        ] GC(1220) PSYoungGen: 33771K(77312K)->33771K(77312K) Eden: 24575K(24576K)->24575K(24576K) From: 9195K(52736K)->9195K(52736K)
[454.261s][info][gc,heap        ] GC(1220) ParOldGen: 339686K(341504K)->339686K(341504K)
[454.261s][info][gc,metaspace   ] GC(1220) Metaspace: 6296K(6464K)->6296K(6464K) NonClass: 5763K(5824K)->5763K(5824K) Class: 532K(640K)->532K(640K)
[454.261s][info][gc             ] GC(1220) Pause Full (Ergonomics) 364M->364M(409M) 384.328ms
[454.261s][info][gc,cpu         ] GC(1220) User=0.38s Sys=0.00s Real=0.38s
[454.261s][info][gc,start       ] GC(1221) Pause Full (Ergonomics)
[454.261s][info][gc,phases,start] GC(1221) Marking Phase
[454.547s][info][gc,phases      ] GC(1221) Marking Phase 285.608ms
[454.547s][info][gc,phases,start] GC(1221) Summary Phase
[454.547s][info][gc,phases      ] GC(1221) Summary Phase 0.062ms
[454.547s][info][gc,phases,start] GC(1221) Adjust Roots
[454.548s][info][gc,phases      ] GC(1221) Adjust Roots 0.263ms
[454.548s][info][gc,phases,start] GC(1221) Compaction Phase
[454.644s][info][gc,phases      ] GC(1221) Compaction Phase 96.082ms
[454.644s][info][gc,phases,start] GC(1221) Post Compact
[454.646s][info][gc,phases      ] GC(1221) Post Compact 1.720ms
[454.646s][info][gc,heap        ] GC(1221) PSYoungGen: 33771K(77312K)->33771K(77312K) Eden: 24575K(24576K)->24575K(24576K) From: 9195K(52736K)->9195K(52736K)
[454.646s][info][gc,heap        ] GC(1221) ParOldGen: 339691K(341504K)->339691K(341504K)
[454.646s][info][gc,metaspace   ] GC(1221) Metaspace: 6296K(6464K)->6296K(6464K) NonClass: 5763K(5824K)->5763K(5824K) Class: 532K(640K)->532K(640K)
[454.646s][info][gc             ] GC(1221) Pause Full (Ergonomics) 364M->364M(409M) 384.193ms
[454.646s][info][gc,cpu         ] GC(1221) User=0.34s Sys=0.00s Real=0.38s
[454.646s][info][gc,start       ] GC(1222) Pause Full (Ergonomics)
[454.646s][info][gc,phases,start] GC(1222) Marking Phase
[454.936s][info][gc,phases      ] GC(1222) Marking Phase 289.986ms
[454.936s][info][gc,phases,start] GC(1222) Summary Phase
[454.936s][info][gc,phases      ] GC(1222) Summary Phase 0.036ms
[454.936s][info][gc,phases,start] GC(1222) Adjust Roots
[454.936s][info][gc,phases      ] GC(1222) Adjust Roots 0.230ms
[454.936s][info][gc,phases,start] GC(1222) Compaction Phase
[455.035s][info][gc,phases      ] GC(1222) Compaction Phase 98.794ms
[455.035s][info][gc,phases,start] GC(1222) Post Compact
[455.037s][info][gc,phases      ] GC(1222) Post Compact 1.543ms
[455.037s][info][gc,heap        ] GC(1222) PSYoungGen: 33771K(77312K)->33771K(77312K) Eden: 24575K(24576K)->24575K(24576K) From: 9195K(52736K)->9195K(52736K)
[455.037s][info][gc,heap        ] GC(1222) ParOldGen: 339696K(341504K)->339696K(341504K)
[455.037s][info][gc,metaspace   ] GC(1222) Metaspace: 6296K(6464K)->6296K(6464K) NonClass: 5763K(5824K)->5763K(5824K) Class: 532K(640K)->532K(640K)
[455.037s][info][gc             ] GC(1222) Pause Full (Ergonomics) 364M->364M(409M) 390.959ms
[455.037s][info][gc,cpu         ] GC(1222) User=0.36s Sys=0.00s Real=0.39s
[455.037s][info][gc,start       ] GC(1223) Pause Full (Ergonomics)
[455.037s][info][gc,phases,start] GC(1223) Marking Phase
[455.322s][info][gc,phases      ] GC(1223) Marking Phase 285.300ms
[455.323s][info][gc,phases,start] GC(1223) Summary Phase
[455.323s][info][gc,phases      ] GC(1223) Summary Phase 0.035ms
[455.323s][info][gc,phases,start] GC(1223) Adjust Roots
[455.323s][info][gc,phases      ] GC(1223) Adjust Roots 0.276ms
[455.323s][info][gc,phases,start] GC(1223) Compaction Phase
[455.419s][info][gc,phases      ] GC(1223) Compaction Phase 95.996ms
[455.419s][info][gc,phases,start] GC(1223) Post Compact
[455.421s][info][gc,phases      ] GC(1223) Post Compact 1.540ms
[455.421s][info][gc,heap        ] GC(1223) PSYoungGen: 33771K(77312K)->33771K(77312K) Eden: 24575K(24576K)->24575K(24576K) From: 9195K(52736K)->9195K(52736K)
[455.421s][info][gc,heap        ] GC(1223) ParOldGen: 339700K(341504K)->339700K(341504K)
[455.421s][info][gc,metaspace   ] GC(1223) Metaspace: 6296K(6464K)->6296K(6464K) NonClass: 5763K(5824K)->5763K(5824K) Class: 532K(640K)->532K(640K)
[455.421s][info][gc             ] GC(1223) Pause Full (Ergonomics) 364M->364M(409M) 383.528ms
[455.421s][info][gc,cpu         ] GC(1223) User=0.33s Sys=0.02s Real=0.38s
[455.421s][info][gc,start       ] GC(1224) Pause Full (Ergonomics)
[455.421s][info][gc,phases,start] GC(1224) Marking Phase
[455.711s][info][gc,phases      ] GC(1224) Marking Phase 289.785ms
[455.711s][info][gc,phases,start] GC(1224) Summary Phase
[455.711s][info][gc,phases      ] GC(1224) Summary Phase 0.036ms
[455.711s][info][gc,phases,start] GC(1224) Adjust Roots
[455.711s][info][gc,phases      ] GC(1224) Adjust Roots 0.248ms
[455.711s][info][gc,phases,start] GC(1224) Compaction Phase
[455.809s][info][gc,phases      ] GC(1224) Compaction Phase 97.943ms
[455.809s][info][gc,phases,start] GC(1224) Post Compact
[455.811s][info][gc,phases      ] GC(1224) Post Compact 1.532ms
[455.811s][info][gc,heap        ] GC(1224) PSYoungGen: 33771K(77312K)->33771K(77312K) Eden: 24575K(24576K)->24575K(24576K) From: 9195K(52736K)->9195K(52736K)
[455.811s][info][gc,heap        ] GC(1224) ParOldGen: 339705K(341504K)->339705K(341504K)
[455.811s][info][gc,metaspace   ] GC(1224) Metaspace: 6296K(6464K)->6296K(6464K) NonClass: 5763K(5824K)->5763K(5824K) Class: 532K(640K)->532K(640K)
[455.811s][info][gc             ] GC(1224) Pause Full (Ergonomics) 364M->364M(409M) 389.952ms
[455.811s][info][gc,cpu         ] GC(1224) User=0.39s Sys=0.00s Real=0.39s
[455.811s][info][gc,start       ] GC(1225) Pause Full (Ergonomics)
[455.811s][info][gc,phases,start] GC(1225) Marking Phase
[456.097s][info][gc,phases      ] GC(1225) Marking Phase 285.395ms
[456.097s][info][gc,phases,start] GC(1225) Summary Phase
[456.097s][info][gc,phases      ] GC(1225) Summary Phase 0.035ms
[456.097s][info][gc,phases,start] GC(1225) Adjust Roots
[456.097s][info][gc,phases      ] GC(1225) Adjust Roots 0.264ms
[456.097s][info][gc,phases,start] GC(1225) Compaction Phase
[456.194s][info][gc,phases      ] GC(1225) Compaction Phase 96.553ms
[456.194s][info][gc,phases,start] GC(1225) Post Compact
[456.196s][info][gc,phases      ] GC(1225) Post Compact 1.678ms
[456.196s][info][gc,heap        ] GC(1225) PSYoungGen: 33771K(77312K)->33771K(77312K) Eden: 24575K(24576K)->24575K(24576K) From: 9195K(52736K)->9195K(52736K)
[456.196s][info][gc,heap        ] GC(1225) ParOldGen: 339710K(341504K)->339710K(341504K)
[456.196s][info][gc,metaspace   ] GC(1225) Metaspace: 6296K(6464K)->6296K(6464K) NonClass: 5763K(5824K)->5763K(5824K) Class: 532K(640K)->532K(640K)
[456.196s][info][gc             ] GC(1225) Pause Full (Ergonomics) 364M->364M(409M) 384.319ms
[456.196s][info][gc,cpu         ] GC(1225) User=0.38s Sys=0.00s Real=0.38s
[456.196s][info][gc,start       ] GC(1226) Pause Full (Ergonomics)
[456.196s][info][gc,phases,start] GC(1226) Marking Phase
[456.482s][info][gc,phases      ] GC(1226) Marking Phase 285.597ms
[456.482s][info][gc,phases,start] GC(1226) Summary Phase
[456.482s][info][gc,phases      ] GC(1226) Summary Phase 0.034ms
[456.482s][info][gc,phases,start] GC(1226) Adjust Roots
[456.482s][info][gc,phases      ] GC(1226) Adjust Roots 0.339ms
[456.482s][info][gc,phases,start] GC(1226) Compaction Phase
[456.580s][info][gc,phases      ] GC(1226) Compaction Phase 98.003ms
[456.580s][info][gc,phases,start] GC(1226) Post Compact
[456.582s][info][gc,phases      ] GC(1226) Post Compact 1.551ms
[456.582s][info][gc,heap        ] GC(1226) PSYoungGen: 33771K(77312K)->33771K(77312K) Eden: 24575K(24576K)->24575K(24576K) From: 9195K(52736K)->9195K(52736K)
[456.582s][info][gc,heap        ] GC(1226) ParOldGen: 339714K(341504K)->339714K(341504K)
[456.582s][info][gc,metaspace   ] GC(1226) Metaspace: 6296K(6464K)->6296K(6464K) NonClass: 5763K(5824K)->5763K(5824K) Class: 532K(640K)->532K(640K)
[456.582s][info][gc             ] GC(1226) Pause Full (Ergonomics) 364M->364M(409M) 385.927ms
[456.582s][info][gc,cpu         ] GC(1226) User=0.34s Sys=0.00s Real=0.39s
[456.582s][info][gc,start       ] GC(1227) Pause Full (Ergonomics)
[456.582s][info][gc,phases,start] GC(1227) Marking Phase
[456.871s][info][gc,phases      ] GC(1227) Marking Phase 289.221ms
[456.872s][info][gc,phases,start] GC(1227) Summary Phase
[456.872s][info][gc,phases      ] GC(1227) Summary Phase 0.035ms
[456.872s][info][gc,phases,start] GC(1227) Adjust Roots
[456.872s][info][gc,phases      ] GC(1227) Adjust Roots 0.255ms
[456.872s][info][gc,phases,start] GC(1227) Compaction Phase
[456.969s][info][gc,phases      ] GC(1227) Compaction Phase 97.278ms
[456.969s][info][gc,phases,start] GC(1227) Post Compact
[456.971s][info][gc,phases      ] GC(1227) Post Compact 1.726ms
[456.971s][info][gc,heap        ] GC(1227) PSYoungGen: 33771K(77312K)->33771K(77312K) Eden: 24575K(24576K)->24575K(24576K) From: 9195K(52736K)->9195K(52736K)
[456.971s][info][gc,heap        ] GC(1227) ParOldGen: 339719K(341504K)->339719K(341504K)
[456.971s][info][gc,metaspace   ] GC(1227) Metaspace: 6296K(6464K)->6296K(6464K) NonClass: 5763K(5824K)->5763K(5824K) Class: 532K(640K)->532K(640K)
[456.971s][info][gc             ] GC(1227) Pause Full (Ergonomics) 364M->364M(409M) 389.093ms
[456.971s][info][gc,cpu         ] GC(1227) User=0.36s Sys=0.00s Real=0.39s
[456.972s][info][gc,start       ] GC(1228) Pause Full (Ergonomics)
[456.972s][info][gc,phases,start] GC(1228) Marking Phase
[457.260s][info][gc,phases      ] GC(1228) Marking Phase 288.318ms
[457.260s][info][gc,phases,start] GC(1228) Summary Phase
[457.260s][info][gc,phases      ] GC(1228) Summary Phase 0.029ms
[457.260s][info][gc,phases,start] GC(1228) Adjust Roots
[457.260s][info][gc,phases      ] GC(1228) Adjust Roots 0.214ms
[457.260s][info][gc,phases,start] GC(1228) Compaction Phase
[457.359s][info][gc,phases      ] GC(1228) Compaction Phase 98.071ms
[457.359s][info][gc,phases,start] GC(1228) Post Compact
[457.360s][info][gc,phases      ] GC(1228) Post Compact 1.584ms
[457.360s][info][gc,heap        ] GC(1228) PSYoungGen: 33771K(77312K)->33771K(77312K) Eden: 24575K(24576K)->24575K(24576K) From: 9195K(52736K)->9195K(52736K)
[457.360s][info][gc,heap        ] GC(1228) ParOldGen: 339724K(341504K)->339724K(341504K)
[457.360s][info][gc,metaspace   ] GC(1228) Metaspace: 6296K(6464K)->6296K(6464K) NonClass: 5763K(5824K)->5763K(5824K) Class: 532K(640K)->532K(640K)
[457.360s][info][gc             ] GC(1228) Pause Full (Ergonomics) 364M->364M(409M) 388.606ms
[457.360s][info][gc,cpu         ] GC(1228) User=0.38s Sys=0.00s Real=0.39s
[457.361s][info][gc,start       ] GC(1229) Pause Full (Ergonomics)
[457.361s][info][gc,phases,start] GC(1229) Marking Phase
[457.646s][info][gc,phases      ] GC(1229) Marking Phase 285.378ms
[457.646s][info][gc,phases,start] GC(1229) Summary Phase
[457.646s][info][gc,phases      ] GC(1229) Summary Phase 0.023ms
[457.646s][info][gc,phases,start] GC(1229) Adjust Roots
[457.646s][info][gc,phases      ] GC(1229) Adjust Roots 0.232ms
[457.646s][info][gc,phases,start] GC(1229) Compaction Phase
[457.743s][info][gc,phases      ] GC(1229) Compaction Phase 96.590ms
[457.743s][info][gc,phases,start] GC(1229) Post Compact
[457.745s][info][gc,phases      ] GC(1229) Post Compact 1.593ms
[457.745s][info][gc,heap        ] GC(1229) PSYoungGen: 33771K(77312K)->33771K(77312K) Eden: 24575K(24576K)->24575K(24576K) From: 9195K(52736K)->9195K(52736K)
[457.745s][info][gc,heap        ] GC(1229) ParOldGen: 339728K(341504K)->339728K(341504K)
[457.745s][info][gc,metaspace   ] GC(1229) Metaspace: 6296K(6464K)->6296K(6464K) NonClass: 5763K(5824K)->5763K(5824K) Class: 532K(640K)->532K(640K)
[457.745s][info][gc             ] GC(1229) Pause Full (Ergonomics) 364M->364M(409M) 384.161ms
[457.745s][info][gc,cpu         ] GC(1229) User=0.38s Sys=0.00s Real=0.38s
[457.745s][info][gc,start       ] GC(1230) Pause Full (Ergonomics)
[457.745s][info][gc,phases,start] GC(1230) Marking Phase
[458.037s][info][gc,phases      ] GC(1230) Marking Phase 292.092ms
[458.037s][info][gc,phases,start] GC(1230) Summary Phase
[458.037s][info][gc,phases      ] GC(1230) Summary Phase 0.024ms
[458.037s][info][gc,phases,start] GC(1230) Adjust Roots
[458.038s][info][gc,phases      ] GC(1230) Adjust Roots 0.236ms
[458.038s][info][gc,phases,start] GC(1230) Compaction Phase
[458.135s][info][gc,phases      ] GC(1230) Compaction Phase 97.798ms
[458.136s][info][gc,phases,start] GC(1230) Post Compact
[458.137s][info][gc,phases      ] GC(1230) Post Compact 1.513ms
[458.137s][info][gc,heap        ] GC(1230) PSYoungGen: 33771K(77312K)->33771K(77312K) Eden: 24575K(24576K)->24575K(24576K) From: 9195K(52736K)->9195K(52736K)
[458.137s][info][gc,heap        ] GC(1230) ParOldGen: 339733K(341504K)->339733K(341504K)
[458.137s][info][gc,metaspace   ] GC(1230) Metaspace: 6296K(6464K)->6296K(6464K) NonClass: 5763K(5824K)->5763K(5824K) Class: 532K(640K)->532K(640K)
[458.137s][info][gc             ] GC(1230) Pause Full (Ergonomics) 364M->364M(409M) 392.055ms
[458.137s][info][gc,cpu         ] GC(1230) User=0.38s Sys=0.00s Real=0.39s
[458.138s][info][gc,start       ] GC(1231) Pause Full (Ergonomics)
[458.138s][info][gc,phases,start] GC(1231) Marking Phase
[458.426s][info][gc,phases      ] GC(1231) Marking Phase 288.473ms
[458.426s][info][gc,phases,start] GC(1231) Summary Phase
[458.426s][info][gc,phases      ] GC(1231) Summary Phase 0.017ms
[458.426s][info][gc,phases,start] GC(1231) Adjust Roots
[458.427s][info][gc,phases      ] GC(1231) Adjust Roots 0.239ms
[458.427s][info][gc,phases,start] GC(1231) Compaction Phase
[458.524s][info][gc,phases      ] GC(1231) Compaction Phase 97.516ms
[458.524s][info][gc,phases,start] GC(1231) Post Compact
[458.526s][info][gc,phases      ] GC(1231) Post Compact 1.526ms
[458.526s][info][gc,heap        ] GC(1231) PSYoungGen: 33771K(77312K)->33771K(77312K) Eden: 24575K(24576K)->24575K(24576K) From: 9195K(52736K)->9195K(52736K)
[458.526s][info][gc,heap        ] GC(1231) ParOldGen: 339738K(341504K)->339738K(341504K)
[458.526s][info][gc,metaspace   ] GC(1231) Metaspace: 6296K(6464K)->6296K(6464K) NonClass: 5763K(5824K)->5763K(5824K) Class: 532K(640K)->532K(640K)
[458.526s][info][gc             ] GC(1231) Pause Full (Ergonomics) 364M->364M(409M) 388.079ms
[458.526s][info][gc,cpu         ] GC(1231) User=0.36s Sys=0.00s Real=0.39s
[458.526s][info][gc,start       ] GC(1232) Pause Full (Ergonomics)
[458.526s][info][gc,phases,start] GC(1232) Marking Phase
[458.812s][info][gc,phases      ] GC(1232) Marking Phase 285.985ms
[458.812s][info][gc,phases,start] GC(1232) Summary Phase
[458.812s][info][gc,phases      ] GC(1232) Summary Phase 0.023ms
[458.812s][info][gc,phases,start] GC(1232) Adjust Roots
[458.813s][info][gc,phases      ] GC(1232) Adjust Roots 0.230ms
[458.813s][info][gc,phases,start] GC(1232) Compaction Phase
[458.909s][info][gc,phases      ] GC(1232) Compaction Phase 96.824ms
[458.909s][info][gc,phases,start] GC(1232) Post Compact
[458.911s][info][gc,phases      ] GC(1232) Post Compact 1.543ms
[458.911s][info][gc,heap        ] GC(1232) PSYoungGen: 33771K(77312K)->33771K(77312K) Eden: 24575K(24576K)->24575K(24576K) From: 9195K(52736K)->9195K(52736K)
[458.911s][info][gc,heap        ] GC(1232) ParOldGen: 339742K(341504K)->339742K(341504K)
[458.911s][info][gc,metaspace   ] GC(1232) Metaspace: 6296K(6464K)->6296K(6464K) NonClass: 5763K(5824K)->5763K(5824K) Class: 532K(640K)->532K(640K)
[458.911s][info][gc             ] GC(1232) Pause Full (Ergonomics) 364M->364M(409M) 384.950ms
[458.911s][info][gc,cpu         ] GC(1232) User=0.34s Sys=0.00s Real=0.38s
[458.911s][info][gc,start       ] GC(1233) Pause Full (Ergonomics)
[458.912s][info][gc,phases,start] GC(1233) Marking Phase
[459.201s][info][gc,phases      ] GC(1233) Marking Phase 289.689ms
[459.201s][info][gc,phases,start] GC(1233) Summary Phase
[459.201s][info][gc,phases      ] GC(1233) Summary Phase 0.035ms
[459.201s][info][gc,phases,start] GC(1233) Adjust Roots
[459.202s][info][gc,phases      ] GC(1233) Adjust Roots 0.289ms
[459.202s][info][gc,phases,start] GC(1233) Compaction Phase
[459.300s][info][gc,phases      ] GC(1233) Compaction Phase 98.576ms
[459.300s][info][gc,phases,start] GC(1233) Post Compact
[459.302s][info][gc,phases      ] GC(1233) Post Compact 1.544ms
[459.302s][info][gc,heap        ] GC(1233) PSYoungGen: 33771K(77312K)->33771K(77312K) Eden: 24575K(24576K)->24575K(24576K) From: 9195K(52736K)->9195K(52736K)
[459.302s][info][gc,heap        ] GC(1233) ParOldGen: 339747K(341504K)->339747K(341504K)
[459.302s][info][gc,metaspace   ] GC(1233) Metaspace: 6296K(6464K)->6296K(6464K) NonClass: 5763K(5824K)->5763K(5824K) Class: 532K(640K)->532K(640K)
[459.302s][info][gc             ] GC(1233) Pause Full (Ergonomics) 364M->364M(409M) 390.519ms
[459.302s][info][gc,cpu         ] GC(1233) User=0.36s Sys=0.00s Real=0.39s
[459.302s][info][gc,start       ] GC(1234) Pause Full (Ergonomics)
[459.302s][info][gc,phases,start] GC(1234) Marking Phase
[459.589s][info][gc,phases      ] GC(1234) Marking Phase 286.307ms
[459.589s][info][gc,phases,start] GC(1234) Summary Phase
[459.589s][info][gc,phases      ] GC(1234) Summary Phase 0.046ms
[459.589s][info][gc,phases,start] GC(1234) Adjust Roots
[459.589s][info][gc,phases      ] GC(1234) Adjust Roots 0.214ms
[459.589s][info][gc,phases,start] GC(1234) Compaction Phase
[459.685s][info][gc,phases      ] GC(1234) Compaction Phase 95.905ms
[459.685s][info][gc,phases,start] GC(1234) Post Compact
[459.687s][info][gc,phases      ] GC(1234) Post Compact 1.528ms
[459.687s][info][gc,heap        ] GC(1234) PSYoungGen: 33771K(77312K)->33771K(77312K) Eden: 24575K(24576K)->24575K(24576K) From: 9195K(52736K)->9195K(52736K)
[459.687s][info][gc,heap        ] GC(1234) ParOldGen: 339752K(341504K)->339752K(341504K)
[459.687s][info][gc,metaspace   ] GC(1234) Metaspace: 6296K(6464K)->6296K(6464K) NonClass: 5763K(5824K)->5763K(5824K) Class: 532K(640K)->532K(640K)
[459.687s][info][gc             ] GC(1234) Pause Full (Ergonomics) 364M->364M(409M) 384.493ms
[459.687s][info][gc,cpu         ] GC(1234) User=0.36s Sys=0.00s Real=0.39s
[459.687s][info][gc,start       ] GC(1235) Pause Full (Ergonomics)
[459.687s][info][gc,phases,start] GC(1235) Marking Phase
[459.973s][info][gc,phases      ] GC(1235) Marking Phase 285.975ms
[459.974s][info][gc,phases,start] GC(1235) Summary Phase
[459.974s][info][gc,phases      ] GC(1235) Summary Phase 0.056ms
[459.974s][info][gc,phases,start] GC(1235) Adjust Roots
[459.974s][info][gc,phases      ] GC(1235) Adjust Roots 0.279ms
[459.974s][info][gc,phases,start] GC(1235) Compaction Phase
[460.071s][info][gc,phases      ] GC(1235) Compaction Phase 97.121ms
[460.071s][info][gc,phases,start] GC(1235) Post Compact
[460.073s][info][gc,phases      ] GC(1235) Post Compact 1.529ms
[460.073s][info][gc,heap        ] GC(1235) PSYoungGen: 33771K(77312K)->33771K(77312K) Eden: 24575K(24576K)->24575K(24576K) From: 9195K(52736K)->9195K(52736K)
[460.073s][info][gc,heap        ] GC(1235) ParOldGen: 339756K(341504K)->339756K(341504K)
[460.073s][info][gc,metaspace   ] GC(1235) Metaspace: 6296K(6464K)->6296K(6464K) NonClass: 5763K(5824K)->5763K(5824K) Class: 532K(640K)->532K(640K)
[460.073s][info][gc             ] GC(1235) Pause Full (Ergonomics) 364M->364M(409M) 385.382ms
[460.073s][info][gc,cpu         ] GC(1235) User=0.36s Sys=0.00s Real=0.39s
[460.073s][info][gc,start       ] GC(1236) Pause Full (Ergonomics)
[460.073s][info][gc,phases,start] GC(1236) Marking Phase
[460.359s][info][gc,phases      ] GC(1236) Marking Phase 285.536ms
[460.359s][info][gc,phases,start] GC(1236) Summary Phase
[460.359s][info][gc,phases      ] GC(1236) Summary Phase 0.035ms
[460.359s][info][gc,phases,start] GC(1236) Adjust Roots
[460.359s][info][gc,phases      ] GC(1236) Adjust Roots 0.271ms
[460.359s][info][gc,phases,start] GC(1236) Compaction Phase
[460.456s][info][gc,phases      ] GC(1236) Compaction Phase 96.443ms
[460.456s][info][gc,phases,start] GC(1236) Post Compact
[460.457s][info][gc,phases      ] GC(1236) Post Compact 1.551ms
[460.457s][info][gc,heap        ] GC(1236) PSYoungGen: 33771K(77312K)->33771K(77312K) Eden: 24575K(24576K)->24575K(24576K) From: 9195K(52736K)->9195K(52736K)
[460.457s][info][gc,heap        ] GC(1236) ParOldGen: 339761K(341504K)->339761K(341504K)
[460.457s][info][gc,metaspace   ] GC(1236) Metaspace: 6296K(6464K)->6296K(6464K) NonClass: 5763K(5824K)->5763K(5824K) Class: 532K(640K)->532K(640K)
[460.457s][info][gc             ] GC(1236) Pause Full (Ergonomics) 364M->364M(409M) 384.217ms
[460.457s][info][gc,cpu         ] GC(1236) User=0.34s Sys=0.00s Real=0.38s
[460.458s][info][gc,start       ] GC(1237) Pause Full (Ergonomics)
[460.458s][info][gc,phases,start] GC(1237) Marking Phase
[460.743s][info][gc,phases      ] GC(1237) Marking Phase 285.838ms
[460.744s][info][gc,phases,start] GC(1237) Summary Phase
[460.744s][info][gc,phases      ] GC(1237) Summary Phase 0.086ms
[460.744s][info][gc,phases,start] GC(1237) Adjust Roots
[460.744s][info][gc,phases      ] GC(1237) Adjust Roots 0.249ms
[460.744s][info][gc,phases,start] GC(1237) Compaction Phase
[460.841s][info][gc,phases      ] GC(1237) Compaction Phase 96.832ms
[460.841s][info][gc,phases,start] GC(1237) Post Compact
[460.842s][info][gc,phases      ] GC(1237) Post Compact 1.522ms
[460.842s][info][gc,heap        ] GC(1237) PSYoungGen: 33771K(77312K)->33771K(77312K) Eden: 24575K(24576K)->24575K(24576K) From: 9195K(52736K)->9195K(52736K)
[460.842s][info][gc,heap        ] GC(1237) ParOldGen: 339766K(341504K)->339766K(341504K)
[460.842s][info][gc,metaspace   ] GC(1237) Metaspace: 6296K(6464K)->6296K(6464K) NonClass: 5763K(5824K)->5763K(5824K) Class: 532K(640K)->532K(640K)
[460.842s][info][gc             ] GC(1237) Pause Full (Ergonomics) 364M->364M(409M) 384.914ms
[460.843s][info][gc,cpu         ] GC(1237) User=0.34s Sys=0.00s Real=0.38s
[460.843s][info][gc,start       ] GC(1238) Pause Full (Ergonomics)
[460.843s][info][gc,phases,start] GC(1238) Marking Phase
[461.134s][info][gc,phases      ] GC(1238) Marking Phase 291.249ms
[461.134s][info][gc,phases,start] GC(1238) Summary Phase
[461.134s][info][gc,phases      ] GC(1238) Summary Phase 0.027ms
[461.134s][info][gc,phases,start] GC(1238) Adjust Roots
[461.134s][info][gc,phases      ] GC(1238) Adjust Roots 0.276ms
[461.134s][info][gc,phases,start] GC(1238) Compaction Phase
[461.232s][info][gc,phases      ] GC(1238) Compaction Phase 97.909ms
[461.232s][info][gc,phases,start] GC(1238) Post Compact
[461.234s][info][gc,phases      ] GC(1238) Post Compact 1.546ms
[461.234s][info][gc,heap        ] GC(1238) PSYoungGen: 33771K(77312K)->33771K(77312K) Eden: 24575K(24576K)->24575K(24576K) From: 9195K(52736K)->9195K(52736K)
[461.234s][info][gc,heap        ] GC(1238) ParOldGen: 339770K(341504K)->339770K(341504K)
[461.234s][info][gc,metaspace   ] GC(1238) Metaspace: 6296K(6464K)->6296K(6464K) NonClass: 5763K(5824K)->5763K(5824K) Class: 532K(640K)->532K(640K)
[461.234s][info][gc             ] GC(1238) Pause Full (Ergonomics) 364M->364M(409M) 391.321ms
[461.234s][info][gc,cpu         ] GC(1238) User=0.38s Sys=0.00s Real=0.39s
[461.234s][info][gc,start       ] GC(1239) Pause Full (Ergonomics)
[461.234s][info][gc,phases,start] GC(1239) Marking Phase
[461.525s][info][gc,phases      ] GC(1239) Marking Phase 290.540ms
[461.525s][info][gc,phases,start] GC(1239) Summary Phase
[461.525s][info][gc,phases      ] GC(1239) Summary Phase 0.017ms
[461.525s][info][gc,phases,start] GC(1239) Adjust Roots
[461.525s][info][gc,phases      ] GC(1239) Adjust Roots 0.279ms
[461.525s][info][gc,phases,start] GC(1239) Compaction Phase
[461.623s][info][gc,phases      ] GC(1239) Compaction Phase 97.689ms
[461.623s][info][gc,phases,start] GC(1239) Post Compact
[461.625s][info][gc,phases      ] GC(1239) Post Compact 1.522ms
[461.625s][info][gc,heap        ] GC(1239) PSYoungGen: 33771K(77312K)->33771K(77312K) Eden: 24575K(24576K)->24575K(24576K) From: 9195K(52736K)->9195K(52736K)
[461.625s][info][gc,heap        ] GC(1239) ParOldGen: 339775K(341504K)->339775K(341504K)
[461.625s][info][gc,metaspace   ] GC(1239) Metaspace: 6296K(6464K)->6296K(6464K) NonClass: 5763K(5824K)->5763K(5824K) Class: 532K(640K)->532K(640K)
[461.625s][info][gc             ] GC(1239) Pause Full (Ergonomics) 364M->364M(409M) 390.407ms
[461.625s][info][gc,cpu         ] GC(1239) User=0.38s Sys=0.00s Real=0.39s
[461.625s][info][gc,start       ] GC(1240) Pause Full (Ergonomics)
[461.625s][info][gc,phases,start] GC(1240) Marking Phase
[461.912s][info][gc,phases      ] GC(1240) Marking Phase 286.467ms
[461.912s][info][gc,phases,start] GC(1240) Summary Phase
[461.912s][info][gc,phases      ] GC(1240) Summary Phase 0.023ms
[461.912s][info][gc,phases,start] GC(1240) Adjust Roots
[461.912s][info][gc,phases      ] GC(1240) Adjust Roots 0.208ms
[461.912s][info][gc,phases,start] GC(1240) Compaction Phase
[462.008s][info][gc,phases      ] GC(1240) Compaction Phase 95.665ms
[462.008s][info][gc,phases,start] GC(1240) Post Compact
[462.009s][info][gc,phases      ] GC(1240) Post Compact 1.586ms
[462.009s][info][gc,heap        ] GC(1240) PSYoungGen: 33771K(77312K)->33771K(77312K) Eden: 24575K(24576K)->24575K(24576K) From: 9195K(52736K)->9195K(52736K)
[462.009s][info][gc,heap        ] GC(1240) ParOldGen: 339780K(341504K)->339780K(341504K)
[462.009s][info][gc,metaspace   ] GC(1240) Metaspace: 6296K(6464K)->6296K(6464K) NonClass: 5763K(5824K)->5763K(5824K) Class: 532K(640K)->532K(640K)
[462.009s][info][gc             ] GC(1240) Pause Full (Ergonomics) 364M->364M(409M) 384.346ms
[462.009s][info][gc,cpu         ] GC(1240) User=0.38s Sys=0.00s Real=0.38s
[462.010s][info][gc,start       ] GC(1241) Pause Full (Ergonomics)
[462.010s][info][gc,phases,start] GC(1241) Marking Phase
[462.297s][info][gc,phases      ] GC(1241) Marking Phase 287.328ms
[462.297s][info][gc,phases,start] GC(1241) Summary Phase
[462.297s][info][gc,phases      ] GC(1241) Summary Phase 0.088ms
[462.298s][info][gc,phases,start] GC(1241) Adjust Roots
[462.298s][info][gc,phases      ] GC(1241) Adjust Roots 0.280ms
[462.298s][info][gc,phases,start] GC(1241) Compaction Phase
[462.394s][info][gc,phases      ] GC(1241) Compaction Phase 95.885ms
[462.394s][info][gc,phases,start] GC(1241) Post Compact
[462.395s][info][gc,phases      ] GC(1241) Post Compact 1.531ms
[462.395s][info][gc,heap        ] GC(1241) PSYoungGen: 33771K(77312K)->33771K(77312K) Eden: 24575K(24576K)->24575K(24576K) From: 9195K(52736K)->9195K(52736K)
[462.395s][info][gc,heap        ] GC(1241) ParOldGen: 339784K(341504K)->339784K(341504K)
[462.395s][info][gc,metaspace   ] GC(1241) Metaspace: 6296K(6464K)->6296K(6464K) NonClass: 5763K(5824K)->5763K(5824K) Class: 532K(640K)->532K(640K)
[462.395s][info][gc             ] GC(1241) Pause Full (Ergonomics) 364M->364M(409M) 385.563ms
[462.395s][info][gc,cpu         ] GC(1241) User=0.34s Sys=0.00s Real=0.39s
[462.396s][info][gc,start       ] GC(1242) Pause Full (Ergonomics)
[462.396s][info][gc,phases,start] GC(1242) Marking Phase
[462.686s][info][gc,phases      ] GC(1242) Marking Phase 290.136ms
[462.686s][info][gc,phases,start] GC(1242) Summary Phase
[462.686s][info][gc,phases      ] GC(1242) Summary Phase 0.036ms
[462.686s][info][gc,phases,start] GC(1242) Adjust Roots
[462.686s][info][gc,phases      ] GC(1242) Adjust Roots 0.264ms
[462.686s][info][gc,phases,start] GC(1242) Compaction Phase
[462.786s][info][gc,phases      ] GC(1242) Compaction Phase 99.148ms
[462.786s][info][gc,phases,start] GC(1242) Post Compact
[462.787s][info][gc,phases      ] GC(1242) Post Compact 1.529ms
[462.787s][info][gc,heap        ] GC(1242) PSYoungGen: 33771K(77312K)->33771K(77312K) Eden: 24575K(24576K)->24575K(24576K) From: 9195K(52736K)->9195K(52736K)
[462.787s][info][gc,heap        ] GC(1242) ParOldGen: 339789K(341504K)->339789K(341504K)
[462.787s][info][gc,metaspace   ] GC(1242) Metaspace: 6296K(6464K)->6296K(6464K) NonClass: 5763K(5824K)->5763K(5824K) Class: 532K(640K)->532K(640K)
[462.787s][info][gc             ] GC(1242) Pause Full (Ergonomics) 364M->364M(409M) 391.511ms
[462.787s][info][gc,cpu         ] GC(1242) User=0.38s Sys=0.00s Real=0.39s
[462.788s][info][gc,start       ] GC(1243) Pause Full (Ergonomics)
[462.788s][info][gc,phases,start] GC(1243) Marking Phase
[463.074s][info][gc,phases      ] GC(1243) Marking Phase 285.986ms
[463.074s][info][gc,phases,start] GC(1243) Summary Phase
[463.074s][info][gc,phases      ] GC(1243) Summary Phase 0.034ms
[463.074s][info][gc,phases,start] GC(1243) Adjust Roots
[463.074s][info][gc,phases      ] GC(1243) Adjust Roots 0.228ms
[463.074s][info][gc,phases,start] GC(1243) Compaction Phase
[463.172s][info][gc,phases      ] GC(1243) Compaction Phase 97.955ms
[463.172s][info][gc,phases,start] GC(1243) Post Compact
[463.173s][info][gc,phases      ] GC(1243) Post Compact 1.519ms
[463.174s][info][gc,heap        ] GC(1243) PSYoungGen: 33771K(77312K)->33771K(77312K) Eden: 24575K(24576K)->24575K(24576K) From: 9195K(52736K)->9195K(52736K)
[463.174s][info][gc,heap        ] GC(1243) ParOldGen: 339794K(341504K)->339794K(341504K)
[463.174s][info][gc,metaspace   ] GC(1243) Metaspace: 6296K(6464K)->6296K(6464K) NonClass: 5763K(5824K)->5763K(5824K) Class: 532K(640K)->532K(640K)
[463.174s][info][gc             ] GC(1243) Pause Full (Ergonomics) 364M->364M(409M) 386.091ms
[463.174s][info][gc,cpu         ] GC(1243) User=0.34s Sys=0.00s Real=0.39s
[463.174s][info][gc,start       ] GC(1244) Pause Full (Ergonomics)
[463.174s][info][gc,phases,start] GC(1244) Marking Phase
[463.458s][info][gc,phases      ] GC(1244) Marking Phase 284.163ms
[463.458s][info][gc,phases,start] GC(1244) Summary Phase
[463.458s][info][gc,phases      ] GC(1244) Summary Phase 0.023ms
[463.458s][info][gc,phases,start] GC(1244) Adjust Roots
[463.458s][info][gc,phases      ] GC(1244) Adjust Roots 0.215ms
[463.459s][info][gc,phases,start] GC(1244) Compaction Phase
[463.555s][info][gc,phases      ] GC(1244) Compaction Phase 96.279ms
[463.555s][info][gc,phases,start] GC(1244) Post Compact
[463.557s][info][gc,phases      ] GC(1244) Post Compact 1.654ms
[463.557s][info][gc,heap        ] GC(1244) PSYoungGen: 33771K(77312K)->33771K(77312K) Eden: 24575K(24576K)->24575K(24576K) From: 9195K(52736K)->9195K(52736K)
[463.557s][info][gc,heap        ] GC(1244) ParOldGen: 339798K(341504K)->339798K(341504K)
[463.557s][info][gc,metaspace   ] GC(1244) Metaspace: 6296K(6464K)->6296K(6464K) NonClass: 5763K(5824K)->5763K(5824K) Class: 532K(640K)->532K(640K)
[463.557s][info][gc             ] GC(1244) Pause Full (Ergonomics) 364M->364M(409M) 382.684ms
[463.557s][info][gc,cpu         ] GC(1244) User=0.34s Sys=0.02s Real=0.38s
[463.557s][info][gc,start       ] GC(1245) Pause Full (Ergonomics)
[463.557s][info][gc,phases,start] GC(1245) Marking Phase
[463.847s][info][gc,phases      ] GC(1245) Marking Phase 289.661ms
[463.847s][info][gc,phases,start] GC(1245) Summary Phase
[463.847s][info][gc,phases      ] GC(1245) Summary Phase 0.036ms
[463.847s][info][gc,phases,start] GC(1245) Adjust Roots
[463.847s][info][gc,phases      ] GC(1245) Adjust Roots 0.304ms
[463.847s][info][gc,phases,start] GC(1245) Compaction Phase
[463.946s][info][gc,phases      ] GC(1245) Compaction Phase 98.519ms
[463.946s][info][gc,phases,start] GC(1245) Post Compact
[463.947s][info][gc,phases      ] GC(1245) Post Compact 1.527ms
[463.947s][info][gc,heap        ] GC(1245) PSYoungGen: 33771K(77312K)->33771K(77312K) Eden: 24575K(24576K)->24575K(24576K) From: 9195K(52736K)->9195K(52736K)
[463.947s][info][gc,heap        ] GC(1245) ParOldGen: 339803K(341504K)->339803K(341504K)
[463.947s][info][gc,metaspace   ] GC(1245) Metaspace: 6296K(6464K)->6296K(6464K) NonClass: 5763K(5824K)->5763K(5824K) Class: 532K(640K)->532K(640K)
[463.947s][info][gc             ] GC(1245) Pause Full (Ergonomics) 364M->364M(409M) 390.434ms
[463.947s][info][gc,cpu         ] GC(1245) User=0.38s Sys=0.00s Real=0.39s
[463.948s][info][gc,start       ] GC(1246) Pause Full (Ergonomics)
[463.948s][info][gc,phases,start] GC(1246) Marking Phase
[464.234s][info][gc,phases      ] GC(1246) Marking Phase 285.754ms
[464.234s][info][gc,phases,start] GC(1246) Summary Phase
[464.234s][info][gc,phases      ] GC(1246) Summary Phase 0.035ms
[464.234s][info][gc,phases,start] GC(1246) Adjust Roots
[464.234s][info][gc,phases      ] GC(1246) Adjust Roots 0.285ms
[464.234s][info][gc,phases,start] GC(1246) Compaction Phase
[464.330s][info][gc,phases      ] GC(1246) Compaction Phase 96.262ms
[464.330s][info][gc,phases,start] GC(1246) Post Compact
[464.332s][info][gc,phases      ] GC(1246) Post Compact 1.545ms
[464.332s][info][gc,heap        ] GC(1246) PSYoungGen: 33771K(77312K)->33771K(77312K) Eden: 24575K(24576K)->24575K(24576K) From: 9195K(52736K)->9195K(52736K)
[464.332s][info][gc,heap        ] GC(1246) ParOldGen: 339808K(341504K)->339808K(341504K)
[464.332s][info][gc,metaspace   ] GC(1246) Metaspace: 6296K(6464K)->6296K(6464K) NonClass: 5763K(5824K)->5763K(5824K) Class: 532K(640K)->532K(640K)
[464.332s][info][gc             ] GC(1246) Pause Full (Ergonomics) 364M->364M(409M) 384.263ms
[464.332s][info][gc,cpu         ] GC(1246) User=0.34s Sys=0.00s Real=0.38s
[464.332s][info][gc,start       ] GC(1247) Pause Full (Ergonomics)
[464.332s][info][gc,phases,start] GC(1247) Marking Phase
[464.621s][info][gc,phases      ] GC(1247) Marking Phase 288.333ms
[464.621s][info][gc,phases,start] GC(1247) Summary Phase
[464.621s][info][gc,phases      ] GC(1247) Summary Phase 0.023ms
[464.621s][info][gc,phases,start] GC(1247) Adjust Roots
[464.621s][info][gc,phases      ] GC(1247) Adjust Roots 0.284ms
[464.621s][info][gc,phases,start] GC(1247) Compaction Phase
[464.719s][info][gc,phases      ] GC(1247) Compaction Phase 97.569ms
[464.719s][info][gc,phases,start] GC(1247) Post Compact
[464.720s][info][gc,phases      ] GC(1247) Post Compact 1.564ms
[464.720s][info][gc,heap        ] GC(1247) PSYoungGen: 33771K(77312K)->33771K(77312K) Eden: 24575K(24576K)->24575K(24576K) From: 9195K(52736K)->9195K(52736K)
[464.720s][info][gc,heap        ] GC(1247) ParOldGen: 339812K(341504K)->339812K(341504K)
[464.720s][info][gc,metaspace   ] GC(1247) Metaspace: 6296K(6464K)->6296K(6464K) NonClass: 5763K(5824K)->5763K(5824K) Class: 532K(640K)->532K(640K)
[464.720s][info][gc             ] GC(1247) Pause Full (Ergonomics) 364M->364M(409M) 388.088ms
[464.720s][info][gc,cpu         ] GC(1247) User=0.36s Sys=0.00s Real=0.39s
[464.721s][info][gc,start       ] GC(1248) Pause Full (Ergonomics)
[464.721s][info][gc,phases,start] GC(1248) Marking Phase
[465.010s][info][gc,phases      ] GC(1248) Marking Phase 289.721ms
[465.010s][info][gc,phases,start] GC(1248) Summary Phase
[465.010s][info][gc,phases      ] GC(1248) Summary Phase 0.023ms
[465.010s][info][gc,phases,start] GC(1248) Adjust Roots
[465.011s][info][gc,phases      ] GC(1248) Adjust Roots 0.219ms
[465.011s][info][gc,phases,start] GC(1248) Compaction Phase
[465.108s][info][gc,phases      ] GC(1248) Compaction Phase 97.759ms
[465.109s][info][gc,phases,start] GC(1248) Post Compact
[465.110s][info][gc,phases      ] GC(1248) Post Compact 1.552ms
[465.110s][info][gc,heap        ] GC(1248) PSYoungGen: 33771K(77312K)->33771K(77312K) Eden: 24575K(24576K)->24575K(24576K) From: 9195K(52736K)->9195K(52736K)
[465.110s][info][gc,heap        ] GC(1248) ParOldGen: 339817K(341504K)->339817K(341504K)
[465.110s][info][gc,metaspace   ] GC(1248) Metaspace: 6296K(6464K)->6296K(6464K) NonClass: 5763K(5824K)->5763K(5824K) Class: 532K(640K)->532K(640K)
[465.110s][info][gc             ] GC(1248) Pause Full (Ergonomics) 364M->364M(409M) 389.603ms
[465.110s][info][gc,cpu         ] GC(1248) User=0.38s Sys=0.00s Real=0.39s
[465.111s][info][gc,start       ] GC(1249) Pause Full (Ergonomics)
[465.111s][info][gc,phases,start] GC(1249) Marking Phase
[465.396s][info][gc,phases      ] GC(1249) Marking Phase 285.717ms
[465.396s][info][gc,phases,start] GC(1249) Summary Phase
[465.396s][info][gc,phases      ] GC(1249) Summary Phase 0.035ms
[465.396s][info][gc,phases,start] GC(1249) Adjust Roots
[465.397s][info][gc,phases      ] GC(1249) Adjust Roots 0.241ms
[465.397s][info][gc,phases,start] GC(1249) Compaction Phase
[465.495s][info][gc,phases      ] GC(1249) Compaction Phase 98.460ms
[465.495s][info][gc,phases,start] GC(1249) Post Compact
[465.497s][info][gc,phases      ] GC(1249) Post Compact 1.541ms
[465.497s][info][gc,heap        ] GC(1249) PSYoungGen: 33771K(77312K)->33771K(77312K) Eden: 24575K(24576K)->24575K(24576K) From: 9195K(52736K)->9195K(52736K)
[465.497s][info][gc,heap        ] GC(1249) ParOldGen: 339822K(341504K)->339822K(341504K)
[465.497s][info][gc,metaspace   ] GC(1249) Metaspace: 6296K(6464K)->6296K(6464K) NonClass: 5763K(5824K)->5763K(5824K) Class: 532K(640K)->532K(640K)
[465.497s][info][gc             ] GC(1249) Pause Full (Ergonomics) 364M->364M(409M) 386.382ms
[465.497s][info][gc,cpu         ] GC(1249) User=0.36s Sys=0.00s Real=0.39s
[465.497s][info][gc,start       ] GC(1250) Pause Full (Ergonomics)
[465.497s][info][gc,phases,start] GC(1250) Marking Phase
[465.787s][info][gc,phases      ] GC(1250) Marking Phase 289.587ms
[465.787s][info][gc,phases,start] GC(1250) Summary Phase
[465.787s][info][gc,phases      ] GC(1250) Summary Phase 0.036ms
[465.787s][info][gc,phases,start] GC(1250) Adjust Roots
[465.787s][info][gc,phases      ] GC(1250) Adjust Roots 0.320ms
[465.787s][info][gc,phases,start] GC(1250) Compaction Phase
[465.886s][info][gc,phases      ] GC(1250) Compaction Phase 98.450ms
[465.886s][info][gc,phases,start] GC(1250) Post Compact
[465.887s][info][gc,phases      ] GC(1250) Post Compact 1.514ms
[465.887s][info][gc,heap        ] GC(1250) PSYoungGen: 33771K(77312K)->33771K(77312K) Eden: 24575K(24576K)->24575K(24576K) From: 9195K(52736K)->9195K(52736K)
[465.887s][info][gc,heap        ] GC(1250) ParOldGen: 339826K(341504K)->339826K(341504K)
[465.887s][info][gc,metaspace   ] GC(1250) Metaspace: 6296K(6464K)->6296K(6464K) NonClass: 5763K(5824K)->5763K(5824K) Class: 532K(640K)->532K(640K)
[465.888s][info][gc             ] GC(1250) Pause Full (Ergonomics) 364M->364M(409M) 390.332ms
[465.888s][info][gc,cpu         ] GC(1250) User=0.36s Sys=0.00s Real=0.39s
[465.888s][info][gc,start       ] GC(1251) Pause Full (Ergonomics)
[465.888s][info][gc,phases,start] GC(1251) Marking Phase
[466.175s][info][gc,phases      ] GC(1251) Marking Phase 287.098ms
[466.175s][info][gc,phases,start] GC(1251) Summary Phase
[466.175s][info][gc,phases      ] GC(1251) Summary Phase 0.035ms
[466.175s][info][gc,phases,start] GC(1251) Adjust Roots
[466.175s][info][gc,phases      ] GC(1251) Adjust Roots 0.268ms
[466.175s][info][gc,phases,start] GC(1251) Compaction Phase
[466.271s][info][gc,phases      ] GC(1251) Compaction Phase 95.681ms
[466.271s][info][gc,phases,start] GC(1251) Post Compact
[466.273s][info][gc,phases      ] GC(1251) Post Compact 1.527ms
[466.273s][info][gc,heap        ] GC(1251) PSYoungGen: 33771K(77312K)->33771K(77312K) Eden: 24575K(24576K)->24575K(24576K) From: 9195K(52736K)->9195K(52736K)
[466.273s][info][gc,heap        ] GC(1251) ParOldGen: 339831K(341504K)->339831K(341504K)
[466.273s][info][gc,metaspace   ] GC(1251) Metaspace: 6296K(6464K)->6296K(6464K) NonClass: 5763K(5824K)->5763K(5824K) Class: 532K(640K)->532K(640K)
[466.273s][info][gc             ] GC(1251) Pause Full (Ergonomics) 364M->364M(409M) 384.989ms
[466.273s][info][gc,cpu         ] GC(1251) User=0.36s Sys=0.00s Real=0.38s
[466.273s][info][gc,start       ] GC(1252) Pause Full (Ergonomics)
[466.273s][info][gc,phases,start] GC(1252) Marking Phase
[466.565s][info][gc,phases      ] GC(1252) Marking Phase 291.573ms
[466.565s][info][gc,phases,start] GC(1252) Summary Phase
[466.565s][info][gc,phases      ] GC(1252) Summary Phase 0.035ms
[466.565s][info][gc,phases,start] GC(1252) Adjust Roots
[466.565s][info][gc,phases      ] GC(1252) Adjust Roots 0.253ms
[466.565s][info][gc,phases,start] GC(1252) Compaction Phase
[466.664s][info][gc,phases      ] GC(1252) Compaction Phase 98.700ms
[466.664s][info][gc,phases,start] GC(1252) Post Compact
[466.665s][info][gc,phases      ] GC(1252) Post Compact 1.529ms
[466.666s][info][gc,heap        ] GC(1252) PSYoungGen: 33771K(77312K)->33771K(77312K) Eden: 24575K(24576K)->24575K(24576K) From: 9195K(52736K)->9195K(52736K)
[466.666s][info][gc,heap        ] GC(1252) ParOldGen: 339836K(341504K)->339836K(341504K)
[466.666s][info][gc,metaspace   ] GC(1252) Metaspace: 6296K(6464K)->6296K(6464K) NonClass: 5763K(5824K)->5763K(5824K) Class: 532K(640K)->532K(640K)
[466.666s][info][gc             ] GC(1252) Pause Full (Ergonomics) 364M->364M(409M) 392.503ms
[466.666s][info][gc,cpu         ] GC(1252) User=0.34s Sys=0.02s Real=0.39s
[466.666s][info][gc,start       ] GC(1253) Pause Full (Ergonomics)
[466.666s][info][gc,phases,start] GC(1253) Marking Phase
[466.952s][info][gc,phases      ] GC(1253) Marking Phase 286.050ms
[466.952s][info][gc,phases,start] GC(1253) Summary Phase
[466.952s][info][gc,phases      ] GC(1253) Summary Phase 0.035ms
[466.952s][info][gc,phases,start] GC(1253) Adjust Roots
[466.952s][info][gc,phases      ] GC(1253) Adjust Roots 0.270ms
[466.952s][info][gc,phases,start] GC(1253) Compaction Phase
[467.048s][info][gc,phases      ] GC(1253) Compaction Phase 95.662ms
[467.048s][info][gc,phases,start] GC(1253) Post Compact
[467.050s][info][gc,phases      ] GC(1253) Post Compact 1.694ms
[467.050s][info][gc,heap        ] GC(1253) PSYoungGen: 33771K(77312K)->33771K(77312K) Eden: 24575K(24576K)->24575K(24576K) From: 9195K(52736K)->9195K(52736K)
[467.050s][info][gc,heap        ] GC(1253) ParOldGen: 339840K(341504K)->339840K(341504K)
[467.050s][info][gc,metaspace   ] GC(1253) Metaspace: 6296K(6464K)->6296K(6464K) NonClass: 5763K(5824K)->5763K(5824K) Class: 532K(640K)->532K(640K)
[467.050s][info][gc             ] GC(1253) Pause Full (Ergonomics) 364M->364M(409M) 384.146ms
[467.050s][info][gc,cpu         ] GC(1253) User=0.34s Sys=0.00s Real=0.38s
[467.050s][info][gc,start       ] GC(1254) Pause Full (Ergonomics)
[467.050s][info][gc,phases,start] GC(1254) Marking Phase
[467.336s][info][gc,phases      ] GC(1254) Marking Phase 285.987ms
[467.336s][info][gc,phases,start] GC(1254) Summary Phase
[467.336s][info][gc,phases      ] GC(1254) Summary Phase 0.023ms
[467.336s][info][gc,phases,start] GC(1254) Adjust Roots
[467.337s][info][gc,phases      ] GC(1254) Adjust Roots 0.249ms
[467.337s][info][gc,phases,start] GC(1254) Compaction Phase
[467.432s][info][gc,phases      ] GC(1254) Compaction Phase 95.315ms
[467.432s][info][gc,phases,start] GC(1254) Post Compact
[467.434s][info][gc,phases      ] GC(1254) Post Compact 1.615ms
[467.434s][info][gc,heap        ] GC(1254) PSYoungGen: 33771K(77312K)->33771K(77312K) Eden: 24575K(24576K)->24575K(24576K) From: 9195K(52736K)->9195K(52736K)
[467.434s][info][gc,heap        ] GC(1254) ParOldGen: 339845K(341504K)->339845K(341504K)
[467.434s][info][gc,metaspace   ] GC(1254) Metaspace: 6296K(6464K)->6296K(6464K) NonClass: 5763K(5824K)->5763K(5824K) Class: 532K(640K)->532K(640K)
[467.434s][info][gc             ] GC(1254) Pause Full (Ergonomics) 364M->364M(409M) 383.536ms
[467.434s][info][gc,cpu         ] GC(1254) User=0.38s Sys=0.00s Real=0.38s
[467.434s][info][gc,start       ] GC(1255) Pause Full (Ergonomics)
[467.434s][info][gc,phases,start] GC(1255) Marking Phase
[467.721s][info][gc,phases      ] GC(1255) Marking Phase 286.919ms
[467.721s][info][gc,phases,start] GC(1255) Summary Phase
[467.721s][info][gc,phases      ] GC(1255) Summary Phase 0.059ms
[467.721s][info][gc,phases,start] GC(1255) Adjust Roots
[467.721s][info][gc,phases      ] GC(1255) Adjust Roots 0.215ms
[467.721s][info][gc,phases,start] GC(1255) Compaction Phase
[467.818s][info][gc,phases      ] GC(1255) Compaction Phase 96.688ms
[467.818s][info][gc,phases,start] GC(1255) Post Compact
[467.820s][info][gc,phases      ] GC(1255) Post Compact 1.554ms
[467.820s][info][gc,heap        ] GC(1255) PSYoungGen: 33771K(77312K)->33771K(77312K) Eden: 24575K(24576K)->24575K(24576K) From: 9195K(52736K)->9195K(52736K)
[467.820s][info][gc,heap        ] GC(1255) ParOldGen: 339850K(341504K)->339850K(341504K)
[467.820s][info][gc,metaspace   ] GC(1255) Metaspace: 6296K(6464K)->6296K(6464K) NonClass: 5763K(5824K)->5763K(5824K) Class: 532K(640K)->532K(640K)
[467.820s][info][gc             ] GC(1255) Pause Full (Ergonomics) 364M->364M(409M) 385.789ms
[467.820s][info][gc,cpu         ] GC(1255) User=0.36s Sys=0.00s Real=0.39s
[467.821s][info][gc,start       ] GC(1256) Pause Full (Ergonomics)
[467.821s][info][gc,phases,start] GC(1256) Marking Phase
[468.106s][info][gc,phases      ] GC(1256) Marking Phase 285.633ms
[468.106s][info][gc,phases,start] GC(1256) Summary Phase
[468.106s][info][gc,phases      ] GC(1256) Summary Phase 0.035ms
[468.106s][info][gc,phases,start] GC(1256) Adjust Roots
[468.107s][info][gc,phases      ] GC(1256) Adjust Roots 0.273ms
[468.107s][info][gc,phases,start] GC(1256) Compaction Phase
[468.202s][info][gc,phases      ] GC(1256) Compaction Phase 95.410ms
[468.202s][info][gc,phases,start] GC(1256) Post Compact
[468.204s][info][gc,phases      ] GC(1256) Post Compact 1.541ms
[468.204s][info][gc,heap        ] GC(1256) PSYoungGen: 33771K(77312K)->33771K(77312K) Eden: 24575K(24576K)->24575K(24576K) From: 9195K(52736K)->9195K(52736K)
[468.204s][info][gc,heap        ] GC(1256) ParOldGen: 339854K(341504K)->339854K(341504K)
[468.204s][info][gc,metaspace   ] GC(1256) Metaspace: 6296K(6464K)->6296K(6464K) NonClass: 5763K(5824K)->5763K(5824K) Class: 532K(640K)->532K(640K)
[468.204s][info][gc             ] GC(1256) Pause Full (Ergonomics) 364M->364M(409M) 383.359ms
[468.204s][info][gc,cpu         ] GC(1256) User=0.34s Sys=0.00s Real=0.38s
[468.204s][info][gc,start       ] GC(1257) Pause Full (Ergonomics)
[468.204s][info][gc,phases,start] GC(1257) Marking Phase
[468.494s][info][gc,phases      ] GC(1257) Marking Phase 289.771ms
[468.494s][info][gc,phases,start] GC(1257) Summary Phase
[468.494s][info][gc,phases      ] GC(1257) Summary Phase 0.036ms
[468.494s][info][gc,phases,start] GC(1257) Adjust Roots
[468.494s][info][gc,phases      ] GC(1257) Adjust Roots 0.276ms
[468.494s][info][gc,phases,start] GC(1257) Compaction Phase
[468.593s][info][gc,phases      ] GC(1257) Compaction Phase 98.331ms
[468.593s][info][gc,phases,start] GC(1257) Post Compact
[468.594s][info][gc,phases      ] GC(1257) Post Compact 1.591ms
[468.595s][info][gc,heap        ] GC(1257) PSYoungGen: 33771K(77312K)->33771K(77312K) Eden: 24575K(24576K)->24575K(24576K) From: 9195K(52736K)->9195K(52736K)
[468.595s][info][gc,heap        ] GC(1257) ParOldGen: 339859K(341504K)->339859K(341504K)
[468.595s][info][gc,metaspace   ] GC(1257) Metaspace: 6296K(6464K)->6296K(6464K) NonClass: 5763K(5824K)->5763K(5824K) Class: 532K(640K)->532K(640K)
[468.595s][info][gc             ] GC(1257) Pause Full (Ergonomics) 364M->364M(409M) 390.391ms
[468.595s][info][gc,cpu         ] GC(1257) User=0.38s Sys=0.00s Real=0.39s
[468.595s][info][gc,start       ] GC(1258) Pause Full (Ergonomics)
[468.595s][info][gc,phases,start] GC(1258) Marking Phase
[468.882s][info][gc,phases      ] GC(1258) Marking Phase 287.175ms
[468.882s][info][gc,phases,start] GC(1258) Summary Phase
[468.882s][info][gc,phases      ] GC(1258) Summary Phase 0.034ms
[468.882s][info][gc,phases,start] GC(1258) Adjust Roots
[468.882s][info][gc,phases      ] GC(1258) Adjust Roots 0.264ms
[468.883s][info][gc,phases,start] GC(1258) Compaction Phase
[468.979s][info][gc,phases      ] GC(1258) Compaction Phase 96.488ms
[468.979s][info][gc,phases,start] GC(1258) Post Compact
[468.981s][info][gc,phases      ] GC(1258) Post Compact 1.550ms
[468.981s][info][gc,heap        ] GC(1258) PSYoungGen: 33771K(77312K)->33771K(77312K) Eden: 24575K(24576K)->24575K(24576K) From: 9195K(52736K)->9195K(52736K)
[468.981s][info][gc,heap        ] GC(1258) ParOldGen: 339864K(341504K)->339864K(341504K)
[468.981s][info][gc,metaspace   ] GC(1258) Metaspace: 6296K(6464K)->6296K(6464K) NonClass: 5763K(5824K)->5763K(5824K) Class: 532K(640K)->532K(640K)
[468.981s][info][gc             ] GC(1258) Pause Full (Ergonomics) 364M->364M(409M) 385.912ms
[468.981s][info][gc,cpu         ] GC(1258) User=0.36s Sys=0.00s Real=0.39s
[468.981s][info][gc,start       ] GC(1259) Pause Full (Ergonomics)
[468.981s][info][gc,phases,start] GC(1259) Marking Phase
[469.271s][info][gc,phases      ] GC(1259) Marking Phase 290.100ms
[469.271s][info][gc,phases,start] GC(1259) Summary Phase
[469.271s][info][gc,phases      ] GC(1259) Summary Phase 0.036ms
[469.271s][info][gc,phases,start] GC(1259) Adjust Roots
[469.272s][info][gc,phases      ] GC(1259) Adjust Roots 0.277ms
[469.272s][info][gc,phases,start] GC(1259) Compaction Phase
[469.371s][info][gc,phases      ] GC(1259) Compaction Phase 99.122ms
[469.371s][info][gc,phases,start] GC(1259) Post Compact
[469.372s][info][gc,phases      ] GC(1259) Post Compact 1.552ms
[469.373s][info][gc,heap        ] GC(1259) PSYoungGen: 33771K(77312K)->33771K(77312K) Eden: 24575K(24576K)->24575K(24576K) From: 9195K(52736K)->9195K(52736K)
[469.373s][info][gc,heap        ] GC(1259) ParOldGen: 339868K(341504K)->339868K(341504K)
[469.373s][info][gc,metaspace   ] GC(1259) Metaspace: 6296K(6464K)->6296K(6464K) NonClass: 5763K(5824K)->5763K(5824K) Class: 532K(640K)->532K(640K)
[469.373s][info][gc             ] GC(1259) Pause Full (Ergonomics) 364M->364M(409M) 391.482ms
[469.373s][info][gc,cpu         ] GC(1259) User=0.36s Sys=0.00s Real=0.39s
[469.373s][info][gc,start       ] GC(1260) Pause Full (Ergonomics)
[469.373s][info][gc,phases,start] GC(1260) Marking Phase
[469.659s][info][gc,phases      ] GC(1260) Marking Phase 285.639ms
[469.659s][info][gc,phases,start] GC(1260) Summary Phase
[469.659s][info][gc,phases      ] GC(1260) Summary Phase 0.035ms
[469.659s][info][gc,phases,start] GC(1260) Adjust Roots
[469.659s][info][gc,phases      ] GC(1260) Adjust Roots 0.273ms
[469.659s][info][gc,phases,start] GC(1260) Compaction Phase
[469.756s][info][gc,phases      ] GC(1260) Compaction Phase 97.047ms
[469.756s][info][gc,phases,start] GC(1260) Post Compact
[469.758s][info][gc,phases      ] GC(1260) Post Compact 1.529ms
[469.758s][info][gc,heap        ] GC(1260) PSYoungGen: 33771K(77312K)->33771K(77312K) Eden: 24575K(24576K)->24575K(24576K) From: 9195K(52736K)->9195K(52736K)
[469.758s][info][gc,heap        ] GC(1260) ParOldGen: 339873K(341504K)->339873K(341504K)
[469.758s][info][gc,metaspace   ] GC(1260) Metaspace: 6296K(6464K)->6296K(6464K) NonClass: 5763K(5824K)->5763K(5824K) Class: 532K(640K)->532K(640K)
[469.758s][info][gc             ] GC(1260) Pause Full (Ergonomics) 364M->364M(409M) 384.915ms
[469.758s][info][gc,cpu         ] GC(1260) User=0.33s Sys=0.00s Real=0.38s
[469.758s][info][gc,start       ] GC(1261) Pause Full (Ergonomics)
[469.758s][info][gc,phases,start] GC(1261) Marking Phase
[470.046s][info][gc,phases      ] GC(1261) Marking Phase 287.615ms
[470.046s][info][gc,phases,start] GC(1261) Summary Phase
[470.046s][info][gc,phases      ] GC(1261) Summary Phase 0.035ms
[470.046s][info][gc,phases,start] GC(1261) Adjust Roots
[470.046s][info][gc,phases      ] GC(1261) Adjust Roots 0.249ms
[470.046s][info][gc,phases,start] GC(1261) Compaction Phase
[470.142s][info][gc,phases      ] GC(1261) Compaction Phase 96.191ms
[470.142s][info][gc,phases,start] GC(1261) Post Compact
[470.144s][info][gc,phases      ] GC(1261) Post Compact 1.524ms
[470.144s][info][gc,heap        ] GC(1261) PSYoungGen: 33771K(77312K)->33771K(77312K) Eden: 24575K(24576K)->24575K(24576K) From: 9195K(52736K)->9195K(52736K)
[470.144s][info][gc,heap        ] GC(1261) ParOldGen: 339878K(341504K)->339878K(341504K)
[470.144s][info][gc,metaspace   ] GC(1261) Metaspace: 6296K(6464K)->6296K(6464K) NonClass: 5763K(5824K)->5763K(5824K) Class: 532K(640K)->532K(640K)
[470.144s][info][gc             ] GC(1261) Pause Full (Ergonomics) 364M->364M(409M) 386.014ms
[470.144s][info][gc,cpu         ] GC(1261) User=0.34s Sys=0.00s Real=0.39s
[470.144s][info][gc,start       ] GC(1262) Pause Full (Ergonomics)
[470.144s][info][gc,phases,start] GC(1262) Marking Phase
[470.434s][info][gc,phases      ] GC(1262) Marking Phase 289.819ms
[470.434s][info][gc,phases,start] GC(1262) Summary Phase
[470.434s][info][gc,phases      ] GC(1262) Summary Phase 0.037ms
[470.434s][info][gc,phases,start] GC(1262) Adjust Roots
[470.435s][info][gc,phases      ] GC(1262) Adjust Roots 0.274ms
[470.435s][info][gc,phases,start] GC(1262) Compaction Phase
[470.533s][info][gc,phases      ] GC(1262) Compaction Phase 98.644ms
[470.533s][info][gc,phases,start] GC(1262) Post Compact
[470.535s][info][gc,phases      ] GC(1262) Post Compact 1.547ms
[470.535s][info][gc,heap        ] GC(1262) PSYoungGen: 33771K(77312K)->33771K(77312K) Eden: 24575K(24576K)->24575K(24576K) From: 9195K(52736K)->9195K(52736K)
[470.535s][info][gc,heap        ] GC(1262) ParOldGen: 339882K(341504K)->339882K(341504K)
[470.535s][info][gc,metaspace   ] GC(1262) Metaspace: 6296K(6464K)->6296K(6464K) NonClass: 5763K(5824K)->5763K(5824K) Class: 532K(640K)->532K(640K)
[470.535s][info][gc             ] GC(1262) Pause Full (Ergonomics) 364M->364M(409M) 390.709ms
[470.535s][info][gc,cpu         ] GC(1262) User=0.38s Sys=0.00s Real=0.39s
[470.535s][info][gc,start       ] GC(1263) Pause Full (Ergonomics)
[470.535s][info][gc,phases,start] GC(1263) Marking Phase
[470.821s][info][gc,phases      ] GC(1263) Marking Phase 285.701ms
[470.821s][info][gc,phases,start] GC(1263) Summary Phase
[470.821s][info][gc,phases      ] GC(1263) Summary Phase 0.035ms
[470.821s][info][gc,phases,start] GC(1263) Adjust Roots
[470.822s][info][gc,phases      ] GC(1263) Adjust Roots 0.549ms
[470.822s][info][gc,phases,start] GC(1263) Compaction Phase
[470.919s][info][gc,phases      ] GC(1263) Compaction Phase 96.924ms
[470.919s][info][gc,phases,start] GC(1263) Post Compact
[470.920s][info][gc,phases      ] GC(1263) Post Compact 1.566ms
[470.920s][info][gc,heap        ] GC(1263) PSYoungGen: 33771K(77312K)->33771K(77312K) Eden: 24575K(24576K)->24575K(24576K) From: 9195K(52736K)->9195K(52736K)
[470.920s][info][gc,heap        ] GC(1263) ParOldGen: 339887K(341504K)->339887K(341504K)
[470.920s][info][gc,metaspace   ] GC(1263) Metaspace: 6296K(6464K)->6296K(6464K) NonClass: 5763K(5824K)->5763K(5824K) Class: 532K(640K)->532K(640K)
[470.921s][info][gc             ] GC(1263) Pause Full (Ergonomics) 364M->364M(409M) 385.181ms
[470.921s][info][gc,cpu         ] GC(1263) User=0.36s Sys=0.00s Real=0.39s
[470.921s][info][gc,start       ] GC(1264) Pause Full (Ergonomics)
[470.921s][info][gc,phases,start] GC(1264) Marking Phase
[471.210s][info][gc,phases      ] GC(1264) Marking Phase 288.932ms
[471.210s][info][gc,phases,start] GC(1264) Summary Phase
[471.210s][info][gc,phases      ] GC(1264) Summary Phase 0.024ms
[471.210s][info][gc,phases,start] GC(1264) Adjust Roots
[471.210s][info][gc,phases      ] GC(1264) Adjust Roots 0.215ms
[471.210s][info][gc,phases,start] GC(1264) Compaction Phase
[471.309s][info][gc,phases      ] GC(1264) Compaction Phase 98.935ms
[471.309s][info][gc,phases,start] GC(1264) Post Compact
[471.311s][info][gc,phases      ] GC(1264) Post Compact 1.542ms
[471.311s][info][gc,heap        ] GC(1264) PSYoungGen: 33771K(77312K)->33771K(77312K) Eden: 24575K(24576K)->24575K(24576K) From: 9195K(52736K)->9195K(52736K)
[471.311s][info][gc,heap        ] GC(1264) ParOldGen: 339892K(341504K)->339892K(341504K)
[471.311s][info][gc,metaspace   ] GC(1264) Metaspace: 6296K(6464K)->6296K(6464K) NonClass: 5763K(5824K)->5763K(5824K) Class: 532K(640K)->532K(640K)
[471.311s][info][gc             ] GC(1264) Pause Full (Ergonomics) 364M->364M(409M) 389.986ms
[471.311s][info][gc,cpu         ] GC(1264) User=0.38s Sys=0.00s Real=0.39s
[471.311s][info][gc,start       ] GC(1265) Pause Full (Ergonomics)
[471.311s][info][gc,phases,start] GC(1265) Marking Phase
[471.597s][info][gc,phases      ] GC(1265) Marking Phase 285.848ms
[471.597s][info][gc,phases,start] GC(1265) Summary Phase
[471.597s][info][gc,phases      ] GC(1265) Summary Phase 0.022ms
[471.597s][info][gc,phases,start] GC(1265) Adjust Roots
[471.597s][info][gc,phases      ] GC(1265) Adjust Roots 0.248ms
[471.598s][info][gc,phases,start] GC(1265) Compaction Phase
[471.694s][info][gc,phases      ] GC(1265) Compaction Phase 95.981ms
[471.694s][info][gc,phases,start] GC(1265) Post Compact
[471.695s][info][gc,phases      ] GC(1265) Post Compact 1.540ms
[471.695s][info][gc,heap        ] GC(1265) PSYoungGen: 33771K(77312K)->33771K(77312K) Eden: 24575K(24576K)->24575K(24576K) From: 9195K(52736K)->9195K(52736K)
[471.695s][info][gc,heap        ] GC(1265) ParOldGen: 339896K(341504K)->339896K(341504K)
[471.695s][info][gc,metaspace   ] GC(1265) Metaspace: 6296K(6464K)->6296K(6464K) NonClass: 5763K(5824K)->5763K(5824K) Class: 532K(640K)->532K(640K)
[471.695s][info][gc             ] GC(1265) Pause Full (Ergonomics) 364M->364M(409M) 383.987ms
[471.695s][info][gc,cpu         ] GC(1265) User=0.38s Sys=0.00s Real=0.38s
[471.696s][info][gc,start       ] GC(1266) Pause Full (Ergonomics)
[471.696s][info][gc,phases,start] GC(1266) Marking Phase
[471.986s][info][gc,phases      ] GC(1266) Marking Phase 290.008ms
[471.986s][info][gc,phases,start] GC(1266) Summary Phase
[471.986s][info][gc,phases      ] GC(1266) Summary Phase 0.035ms
[471.986s][info][gc,phases,start] GC(1266) Adjust Roots
[471.986s][info][gc,phases      ] GC(1266) Adjust Roots 0.280ms
[471.986s][info][gc,phases,start] GC(1266) Compaction Phase
[472.085s][info][gc,phases      ] GC(1266) Compaction Phase 98.975ms
[472.085s][info][gc,phases,start] GC(1266) Post Compact
[472.087s][info][gc,phases      ] GC(1266) Post Compact 1.528ms
[472.087s][info][gc,heap        ] GC(1266) PSYoungGen: 33771K(77312K)->33771K(77312K) Eden: 24575K(24576K)->24575K(24576K) From: 9195K(52736K)->9195K(52736K)
[472.087s][info][gc,heap        ] GC(1266) ParOldGen: 339901K(341504K)->339901K(341504K)
[472.087s][info][gc,metaspace   ] GC(1266) Metaspace: 6296K(6464K)->6296K(6464K) NonClass: 5763K(5824K)->5763K(5824K) Class: 532K(640K)->532K(640K)
[472.087s][info][gc             ] GC(1266) Pause Full (Ergonomics) 364M->364M(409M) 391.255ms
[472.087s][info][gc,cpu         ] GC(1266) User=0.36s Sys=0.00s Real=0.39s
[472.087s][info][gc,start       ] GC(1267) Pause Full (Ergonomics)
[472.087s][info][gc,phases,start] GC(1267) Marking Phase
[472.373s][info][gc,phases      ] GC(1267) Marking Phase 285.729ms
[472.373s][info][gc,phases,start] GC(1267) Summary Phase
[472.373s][info][gc,phases      ] GC(1267) Summary Phase 0.034ms
[472.373s][info][gc,phases,start] GC(1267) Adjust Roots
[472.373s][info][gc,phases      ] GC(1267) Adjust Roots 0.286ms
[472.373s][info][gc,phases,start] GC(1267) Compaction Phase
[472.470s][info][gc,phases      ] GC(1267) Compaction Phase 96.370ms
[472.470s][info][gc,phases,start] GC(1267) Post Compact
[472.471s][info][gc,phases      ] GC(1267) Post Compact 1.511ms
[472.471s][info][gc,heap        ] GC(1267) PSYoungGen: 33771K(77312K)->33771K(77312K) Eden: 24575K(24576K)->24575K(24576K) From: 9195K(52736K)->9195K(52736K)
[472.471s][info][gc,heap        ] GC(1267) ParOldGen: 339906K(341504K)->339906K(341504K)
[472.471s][info][gc,metaspace   ] GC(1267) Metaspace: 6296K(6464K)->6296K(6464K) NonClass: 5763K(5824K)->5763K(5824K) Class: 532K(640K)->532K(640K)
[472.471s][info][gc             ] GC(1267) Pause Full (Ergonomics) 364M->364M(409M) 384.314ms
[472.471s][info][gc,cpu         ] GC(1267) User=0.34s Sys=0.00s Real=0.38s
[472.472s][info][gc,start       ] GC(1268) Pause Full (Ergonomics)
[472.472s][info][gc,phases,start] GC(1268) Marking Phase
[472.762s][info][gc,phases      ] GC(1268) Marking Phase 290.549ms
[472.762s][info][gc,phases,start] GC(1268) Summary Phase
[472.762s][info][gc,phases      ] GC(1268) Summary Phase 0.024ms
[472.762s][info][gc,phases,start] GC(1268) Adjust Roots
[472.763s][info][gc,phases      ] GC(1268) Adjust Roots 0.231ms
[472.763s][info][gc,phases,start] GC(1268) Compaction Phase
[472.862s][info][gc,phases      ] GC(1268) Compaction Phase 99.419ms
[472.862s][info][gc,phases,start] GC(1268) Post Compact
[472.864s][info][gc,phases      ] GC(1268) Post Compact 1.534ms
[472.864s][info][gc,heap        ] GC(1268) PSYoungGen: 33771K(77312K)->33771K(77312K) Eden: 24575K(24576K)->24575K(24576K) From: 9195K(52736K)->9195K(52736K)
[472.864s][info][gc,heap        ] GC(1268) ParOldGen: 339910K(341504K)->339910K(341504K)
[472.864s][info][gc,metaspace   ] GC(1268) Metaspace: 6296K(6464K)->6296K(6464K) NonClass: 5763K(5824K)->5763K(5824K) Class: 532K(640K)->532K(640K)
[472.864s][info][gc             ] GC(1268) Pause Full (Ergonomics) 364M->364M(409M) 392.089ms
[472.864s][info][gc,cpu         ] GC(1268) User=0.38s Sys=0.00s Real=0.39s
[472.864s][info][gc,start       ] GC(1269) Pause Full (Ergonomics)
[472.864s][info][gc,phases,start] GC(1269) Marking Phase
[473.150s][info][gc,phases      ] GC(1269) Marking Phase 285.916ms
[473.150s][info][gc,phases,start] GC(1269) Summary Phase
[473.150s][info][gc,phases      ] GC(1269) Summary Phase 0.023ms
[473.150s][info][gc,phases,start] GC(1269) Adjust Roots
[473.150s][info][gc,phases      ] GC(1269) Adjust Roots 0.245ms
[473.150s][info][gc,phases,start] GC(1269) Compaction Phase
[473.247s][info][gc,phases      ] GC(1269) Compaction Phase 96.472ms
[473.247s][info][gc,phases,start] GC(1269) Post Compact
[473.248s][info][gc,phases      ] GC(1269) Post Compact 1.525ms
[473.249s][info][gc,heap        ] GC(1269) PSYoungGen: 33771K(77312K)->33771K(77312K) Eden: 24575K(24576K)->24575K(24576K) From: 9195K(52736K)->9195K(52736K)
[473.249s][info][gc,heap        ] GC(1269) ParOldGen: 339915K(341504K)->339915K(341504K)
[473.249s][info][gc,metaspace   ] GC(1269) Metaspace: 6296K(6464K)->6296K(6464K) NonClass: 5763K(5824K)->5763K(5824K) Class: 532K(640K)->532K(640K)
[473.249s][info][gc             ] GC(1269) Pause Full (Ergonomics) 364M->364M(409M) 384.573ms
[473.249s][info][gc,cpu         ] GC(1269) User=0.38s Sys=0.00s Real=0.38s
[473.249s][info][gc,start       ] GC(1270) Pause Full (Ergonomics)
[473.249s][info][gc,phases,start] GC(1270) Marking Phase
[473.535s][info][gc,phases      ] GC(1270) Marking Phase 285.444ms
[473.535s][info][gc,phases,start] GC(1270) Summary Phase
[473.535s][info][gc,phases      ] GC(1270) Summary Phase 0.035ms
[473.535s][info][gc,phases,start] GC(1270) Adjust Roots
[473.535s][info][gc,phases      ] GC(1270) Adjust Roots 0.263ms
[473.535s][info][gc,phases,start] GC(1270) Compaction Phase
[473.632s][info][gc,phases      ] GC(1270) Compaction Phase 96.504ms
[473.632s][info][gc,phases,start] GC(1270) Post Compact
[473.633s][info][gc,phases      ] GC(1270) Post Compact 1.560ms
[473.633s][info][gc,heap        ] GC(1270) PSYoungGen: 33771K(77312K)->33771K(77312K) Eden: 24575K(24576K)->24575K(24576K) From: 9195K(52736K)->9195K(52736K)
[473.633s][info][gc,heap        ] GC(1270) ParOldGen: 339920K(341504K)->339920K(341504K)
[473.633s][info][gc,metaspace   ] GC(1270) Metaspace: 6296K(6464K)->6296K(6464K) NonClass: 5763K(5824K)->5763K(5824K) Class: 532K(640K)->532K(640K)
[473.633s][info][gc             ] GC(1270) Pause Full (Ergonomics) 364M->364M(409M) 384.189ms
[473.633s][info][gc,cpu         ] GC(1270) User=0.38s Sys=0.00s Real=0.38s
[473.634s][info][gc,start       ] GC(1271) Pause Full (Ergonomics)
[473.634s][info][gc,phases,start] GC(1271) Marking Phase
[473.920s][info][gc,phases      ] GC(1271) Marking Phase 286.485ms
[473.920s][info][gc,phases,start] GC(1271) Summary Phase
[473.920s][info][gc,phases      ] GC(1271) Summary Phase 0.034ms
[473.920s][info][gc,phases,start] GC(1271) Adjust Roots
[473.920s][info][gc,phases      ] GC(1271) Adjust Roots 0.255ms
[473.921s][info][gc,phases,start] GC(1271) Compaction Phase
[474.016s][info][gc,phases      ] GC(1271) Compaction Phase 95.641ms
[474.016s][info][gc,phases,start] GC(1271) Post Compact
[474.018s][info][gc,phases      ] GC(1271) Post Compact 1.527ms
[474.018s][info][gc,heap        ] GC(1271) PSYoungGen: 33771K(77312K)->33771K(77312K) Eden: 24575K(24576K)->24575K(24576K) From: 9195K(52736K)->9195K(52736K)
[474.018s][info][gc,heap        ] GC(1271) ParOldGen: 339924K(341504K)->339924K(341504K)
[474.018s][info][gc,metaspace   ] GC(1271) Metaspace: 6296K(6464K)->6296K(6464K) NonClass: 5763K(5824K)->5763K(5824K) Class: 532K(640K)->532K(640K)
[474.018s][info][gc             ] GC(1271) Pause Full (Ergonomics) 364M->364M(409M) 384.360ms
[474.018s][info][gc,cpu         ] GC(1271) User=0.34s Sys=0.00s Real=0.38s
[474.018s][info][gc,start       ] GC(1272) Pause Full (Ergonomics)
[474.018s][info][gc,phases,start] GC(1272) Marking Phase
[474.309s][info][gc,phases      ] GC(1272) Marking Phase 290.961ms
[474.309s][info][gc,phases,start] GC(1272) Summary Phase
[474.309s][info][gc,phases      ] GC(1272) Summary Phase 0.056ms
[474.309s][info][gc,phases,start] GC(1272) Adjust Roots
[474.310s][info][gc,phases      ] GC(1272) Adjust Roots 0.265ms
[474.310s][info][gc,phases,start] GC(1272) Compaction Phase
[474.408s][info][gc,phases      ] GC(1272) Compaction Phase 98.412ms
[474.408s][info][gc,phases,start] GC(1272) Post Compact
[474.410s][info][gc,phases      ] GC(1272) Post Compact 1.545ms
[474.410s][info][gc,heap        ] GC(1272) PSYoungGen: 33771K(77312K)->33771K(77312K) Eden: 24575K(24576K)->24575K(24576K) From: 9195K(52736K)->9195K(52736K)
[474.410s][info][gc,heap        ] GC(1272) ParOldGen: 339929K(341504K)->339929K(341504K)
[474.410s][info][gc,metaspace   ] GC(1272) Metaspace: 6296K(6464K)->6296K(6464K) NonClass: 5763K(5824K)->5763K(5824K) Class: 532K(640K)->532K(640K)
[474.410s][info][gc             ] GC(1272) Pause Full (Ergonomics) 364M->364M(409M) 391.609ms
[474.410s][info][gc,cpu         ] GC(1272) User=0.34s Sys=0.00s Real=0.39s
[474.410s][info][gc,start       ] GC(1273) Pause Full (Ergonomics)
[474.410s][info][gc,phases,start] GC(1273) Marking Phase
[474.696s][info][gc,phases      ] GC(1273) Marking Phase 286.023ms
[474.696s][info][gc,phases,start] GC(1273) Summary Phase
[474.696s][info][gc,phases      ] GC(1273) Summary Phase 0.036ms
[474.696s][info][gc,phases,start] GC(1273) Adjust Roots
[474.697s][info][gc,phases      ] GC(1273) Adjust Roots 0.263ms
[474.697s][info][gc,phases,start] GC(1273) Compaction Phase
[474.793s][info][gc,phases      ] GC(1273) Compaction Phase 96.618ms
[474.793s][info][gc,phases,start] GC(1273) Post Compact
[474.795s][info][gc,phases      ] GC(1273) Post Compact 1.567ms
[474.795s][info][gc,heap        ] GC(1273) PSYoungGen: 33771K(77312K)->33771K(77312K) Eden: 24575K(24576K)->24575K(24576K) From: 9195K(52736K)->9195K(52736K)
[474.795s][info][gc,heap        ] GC(1273) ParOldGen: 339934K(341504K)->339934K(341504K)
[474.795s][info][gc,metaspace   ] GC(1273) Metaspace: 6296K(6464K)->6296K(6464K) NonClass: 5763K(5824K)->5763K(5824K) Class: 532K(640K)->532K(640K)
[474.795s][info][gc             ] GC(1273) Pause Full (Ergonomics) 364M->364M(409M) 384.897ms
[474.795s][info][gc,cpu         ] GC(1273) User=0.36s Sys=0.00s Real=0.38s
[474.795s][info][gc,start       ] GC(1274) Pause Full (Ergonomics)
[474.795s][info][gc,phases,start] GC(1274) Marking Phase
[475.081s][info][gc,phases      ] GC(1274) Marking Phase 285.480ms
[475.081s][info][gc,phases,start] GC(1274) Summary Phase
[475.081s][info][gc,phases      ] GC(1274) Summary Phase 0.035ms
[475.081s][info][gc,phases,start] GC(1274) Adjust Roots
[475.081s][info][gc,phases      ] GC(1274) Adjust Roots 0.272ms
[475.081s][info][gc,phases,start] GC(1274) Compaction Phase
[475.178s][info][gc,phases      ] GC(1274) Compaction Phase 96.478ms
[475.178s][info][gc,phases,start] GC(1274) Post Compact
[475.180s][info][gc,phases      ] GC(1274) Post Compact 1.576ms
[475.180s][info][gc,heap        ] GC(1274) PSYoungGen: 33771K(77312K)->33771K(77312K) Eden: 24575K(24576K)->24575K(24576K) From: 9195K(52736K)->9195K(52736K)
[475.180s][info][gc,heap        ] GC(1274) ParOldGen: 339938K(341504K)->339938K(341504K)
[475.180s][info][gc,metaspace   ] GC(1274) Metaspace: 6296K(6464K)->6296K(6464K) NonClass: 5763K(5824K)->5763K(5824K) Class: 532K(640K)->532K(640K)
[475.180s][info][gc             ] GC(1274) Pause Full (Ergonomics) 364M->364M(409M) 384.259ms
[475.180s][info][gc,cpu         ] GC(1274) User=0.36s Sys=0.00s Real=0.38s
[475.180s][info][gc,start       ] GC(1275) Pause Full (Ergonomics)
[475.180s][info][gc,phases,start] GC(1275) Marking Phase
[475.469s][info][gc,phases      ] GC(1275) Marking Phase 288.616ms
[475.469s][info][gc,phases,start] GC(1275) Summary Phase
[475.469s][info][gc,phases      ] GC(1275) Summary Phase 0.019ms
[475.469s][info][gc,phases,start] GC(1275) Adjust Roots
[475.469s][info][gc,phases      ] GC(1275) Adjust Roots 0.297ms
[475.469s][info][gc,phases,start] GC(1275) Compaction Phase
[475.569s][info][gc,phases      ] GC(1275) Compaction Phase 99.765ms
[475.569s][info][gc,phases,start] GC(1275) Post Compact
[475.570s][info][gc,phases      ] GC(1275) Post Compact 1.567ms
[475.570s][info][gc,heap        ] GC(1275) PSYoungGen: 33771K(77312K)->33771K(77312K) Eden: 24575K(24576K)->24575K(24576K) From: 9195K(52736K)->9195K(52736K)
[475.570s][info][gc,heap        ] GC(1275) ParOldGen: 339943K(341504K)->339943K(341504K)
[475.570s][info][gc,metaspace   ] GC(1275) Metaspace: 6296K(6464K)->6296K(6464K) NonClass: 5763K(5824K)->5763K(5824K) Class: 532K(640K)->532K(640K)
[475.571s][info][gc             ] GC(1275) Pause Full (Ergonomics) 364M->364M(409M) 390.578ms
[475.571s][info][gc,cpu         ] GC(1275) User=0.34s Sys=0.00s Real=0.39s
[475.571s][info][gc,start       ] GC(1276) Pause Full (Ergonomics)
[475.571s][info][gc,phases,start] GC(1276) Marking Phase
[475.857s][info][gc,phases      ] GC(1276) Marking Phase 286.217ms
[475.857s][info][gc,phases,start] GC(1276) Summary Phase
[475.857s][info][gc,phases      ] GC(1276) Summary Phase 0.022ms
[475.857s][info][gc,phases,start] GC(1276) Adjust Roots
[475.857s][info][gc,phases      ] GC(1276) Adjust Roots 0.186ms
[475.857s][info][gc,phases,start] GC(1276) Compaction Phase
[475.953s][info][gc,phases      ] GC(1276) Compaction Phase 95.578ms
[475.953s][info][gc,phases,start] GC(1276) Post Compact
[475.955s][info][gc,phases      ] GC(1276) Post Compact 1.572ms
[475.955s][info][gc,heap        ] GC(1276) PSYoungGen: 33771K(77312K)->33771K(77312K) Eden: 24575K(24576K)->24575K(24576K) From: 9195K(52736K)->9195K(52736K)
[475.955s][info][gc,heap        ] GC(1276) ParOldGen: 339948K(341504K)->339948K(341504K)
[475.955s][info][gc,metaspace   ] GC(1276) Metaspace: 6296K(6464K)->6296K(6464K) NonClass: 5763K(5824K)->5763K(5824K) Class: 532K(640K)->532K(640K)
[475.955s][info][gc             ] GC(1276) Pause Full (Ergonomics) 364M->364M(409M) 383.910ms
[475.955s][info][gc,cpu         ] GC(1276) User=0.34s Sys=0.00s Real=0.38s
[475.955s][info][gc,start       ] GC(1277) Pause Full (Ergonomics)
[475.955s][info][gc,phases,start] GC(1277) Marking Phase
[476.240s][info][gc,phases      ] GC(1277) Marking Phase 285.503ms
[476.241s][info][gc,phases,start] GC(1277) Summary Phase
[476.241s][info][gc,phases      ] GC(1277) Summary Phase 0.035ms
[476.241s][info][gc,phases,start] GC(1277) Adjust Roots
[476.241s][info][gc,phases      ] GC(1277) Adjust Roots 0.257ms
[476.241s][info][gc,phases,start] GC(1277) Compaction Phase
[476.338s][info][gc,phases      ] GC(1277) Compaction Phase 97.434ms
[476.338s][info][gc,phases,start] GC(1277) Post Compact
[476.340s][info][gc,phases      ] GC(1277) Post Compact 1.611ms
[476.340s][info][gc,heap        ] GC(1277) PSYoungGen: 33771K(77312K)->33771K(77312K) Eden: 24575K(24576K)->24575K(24576K) From: 9195K(52736K)->9195K(52736K)
[476.340s][info][gc,heap        ] GC(1277) ParOldGen: 339952K(341504K)->339952K(341504K)
[476.340s][info][gc,metaspace   ] GC(1277) Metaspace: 6296K(6464K)->6296K(6464K) NonClass: 5763K(5824K)->5763K(5824K) Class: 532K(640K)->532K(640K)
[476.340s][info][gc             ] GC(1277) Pause Full (Ergonomics) 364M->364M(409M) 385.212ms
[476.340s][info][gc,cpu         ] GC(1277) User=0.36s Sys=0.00s Real=0.38s
[476.340s][info][gc,start       ] GC(1278) Pause Full (Ergonomics)
[476.340s][info][gc,phases,start] GC(1278) Marking Phase
[476.630s][info][gc,phases      ] GC(1278) Marking Phase 290.040ms
[476.631s][info][gc,phases,start] GC(1278) Summary Phase
[476.631s][info][gc,phases      ] GC(1278) Summary Phase 0.036ms
[476.631s][info][gc,phases,start] GC(1278) Adjust Roots
[476.631s][info][gc,phases      ] GC(1278) Adjust Roots 0.292ms
[476.631s][info][gc,phases,start] GC(1278) Compaction Phase
[476.729s][info][gc,phases      ] GC(1278) Compaction Phase 98.462ms
[476.730s][info][gc,phases,start] GC(1278) Post Compact
[476.731s][info][gc,phases      ] GC(1278) Post Compact 1.535ms
[476.731s][info][gc,heap        ] GC(1278) PSYoungGen: 33771K(77312K)->33771K(77312K) Eden: 24575K(24576K)->24575K(24576K) From: 9195K(52736K)->9195K(52736K)
[476.731s][info][gc,heap        ] GC(1278) ParOldGen: 339957K(341504K)->339957K(341504K)
[476.731s][info][gc,metaspace   ] GC(1278) Metaspace: 6296K(6464K)->6296K(6464K) NonClass: 5763K(5824K)->5763K(5824K) Class: 532K(640K)->532K(640K)
[476.731s][info][gc             ] GC(1278) Pause Full (Ergonomics) 364M->364M(409M) 390.777ms
[476.731s][info][gc,cpu         ] GC(1278) User=0.36s Sys=0.00s Real=0.39s
[476.731s][info][gc,start       ] GC(1279) Pause Full (Ergonomics)
[476.732s][info][gc,phases,start] GC(1279) Marking Phase
[477.018s][info][gc,phases      ] GC(1279) Marking Phase 286.769ms
[477.018s][info][gc,phases,start] GC(1279) Summary Phase
[477.018s][info][gc,phases      ] GC(1279) Summary Phase 0.056ms
[477.018s][info][gc,phases,start] GC(1279) Adjust Roots
[477.019s][info][gc,phases      ] GC(1279) Adjust Roots 0.253ms
[477.019s][info][gc,phases,start] GC(1279) Compaction Phase
[477.116s][info][gc,phases      ] GC(1279) Compaction Phase 96.968ms
[477.116s][info][gc,phases,start] GC(1279) Post Compact
[477.117s][info][gc,phases      ] GC(1279) Post Compact 1.528ms
[477.117s][info][gc,heap        ] GC(1279) PSYoungGen: 33771K(77312K)->33771K(77312K) Eden: 24575K(24576K)->24575K(24576K) From: 9195K(52736K)->9195K(52736K)
[477.117s][info][gc,heap        ] GC(1279) ParOldGen: 339962K(341504K)->339962K(341504K)
[477.118s][info][gc,metaspace   ] GC(1279) Metaspace: 6296K(6464K)->6296K(6464K) NonClass: 5763K(5824K)->5763K(5824K) Class: 532K(640K)->532K(640K)
[477.118s][info][gc             ] GC(1279) Pause Full (Ergonomics) 364M->364M(409M) 386.038ms
[477.118s][info][gc,cpu         ] GC(1279) User=0.36s Sys=0.00s Real=0.39s
[477.118s][info][gc,start       ] GC(1280) Pause Full (Ergonomics)
[477.118s][info][gc,phases,start] GC(1280) Marking Phase
[477.408s][info][gc,phases      ] GC(1280) Marking Phase 289.873ms
[477.408s][info][gc,phases,start] GC(1280) Summary Phase
[477.408s][info][gc,phases      ] GC(1280) Summary Phase 0.036ms
[477.408s][info][gc,phases,start] GC(1280) Adjust Roots
[477.408s][info][gc,phases      ] GC(1280) Adjust Roots 0.288ms
[477.408s][info][gc,phases,start] GC(1280) Compaction Phase
[477.507s][info][gc,phases      ] GC(1280) Compaction Phase 99.174ms
[477.507s][info][gc,phases,start] GC(1280) Post Compact
[477.509s][info][gc,phases      ] GC(1280) Post Compact 1.515ms
[477.509s][info][gc,heap        ] GC(1280) PSYoungGen: 33771K(77312K)->33771K(77312K) Eden: 24575K(24576K)->24575K(24576K) From: 9195K(52736K)->9195K(52736K)
[477.509s][info][gc,heap        ] GC(1280) ParOldGen: 339966K(341504K)->339966K(341504K)
[477.509s][info][gc,metaspace   ] GC(1280) Metaspace: 6296K(6464K)->6296K(6464K) NonClass: 5763K(5824K)->5763K(5824K) Class: 532K(640K)->532K(640K)
[477.509s][info][gc             ] GC(1280) Pause Full (Ergonomics) 364M->364M(409M) 391.303ms
[477.509s][info][gc,cpu         ] GC(1280) User=0.36s Sys=0.00s Real=0.39s
[477.509s][info][gc,start       ] GC(1281) Pause Full (Ergonomics)
[477.509s][info][gc,phases,start] GC(1281) Marking Phase
[477.796s][info][gc,phases      ] GC(1281) Marking Phase 286.106ms
[477.796s][info][gc,phases,start] GC(1281) Summary Phase
[477.796s][info][gc,phases      ] GC(1281) Summary Phase 0.023ms
[477.796s][info][gc,phases,start] GC(1281) Adjust Roots
[477.796s][info][gc,phases      ] GC(1281) Adjust Roots 0.213ms
[477.796s][info][gc,phases,start] GC(1281) Compaction Phase
[477.892s][info][gc,phases      ] GC(1281) Compaction Phase 95.693ms
[477.892s][info][gc,phases,start] GC(1281) Post Compact
[477.893s][info][gc,phases      ] GC(1281) Post Compact 1.538ms
[477.893s][info][gc,heap        ] GC(1281) PSYoungGen: 33771K(77312K)->33771K(77312K) Eden: 24575K(24576K)->24575K(24576K) From: 9195K(52736K)->9195K(52736K)
[477.893s][info][gc,heap        ] GC(1281) ParOldGen: 339971K(341504K)->339971K(341504K)
[477.893s][info][gc,metaspace   ] GC(1281) Metaspace: 6296K(6464K)->6296K(6464K) NonClass: 5763K(5824K)->5763K(5824K) Class: 532K(640K)->532K(640K)
[477.893s][info][gc             ] GC(1281) Pause Full (Ergonomics) 364M->364M(409M) 383.917ms
[477.893s][info][gc,cpu         ] GC(1281) User=0.36s Sys=0.00s Real=0.38s
[477.894s][info][gc,start       ] GC(1282) Pause Full (Ergonomics)
[477.894s][info][gc,phases,start] GC(1282) Marking Phase
[478.184s][info][gc,phases      ] GC(1282) Marking Phase 290.243ms
[478.184s][info][gc,phases,start] GC(1282) Summary Phase
[478.184s][info][gc,phases      ] GC(1282) Summary Phase 0.035ms
[478.184s][info][gc,phases,start] GC(1282) Adjust Roots
[478.184s][info][gc,phases      ] GC(1282) Adjust Roots 0.243ms
[478.185s][info][gc,phases,start] GC(1282) Compaction Phase
[478.283s][info][gc,phases      ] GC(1282) Compaction Phase 98.298ms
[478.283s][info][gc,phases,start] GC(1282) Post Compact
[478.284s][info][gc,phases      ] GC(1282) Post Compact 1.565ms
[478.285s][info][gc,heap        ] GC(1282) PSYoungGen: 33771K(77312K)->33771K(77312K) Eden: 24575K(24576K)->24575K(24576K) From: 9195K(52736K)->9195K(52736K)
[478.285s][info][gc,heap        ] GC(1282) ParOldGen: 339976K(341504K)->339976K(341504K)
[478.285s][info][gc,metaspace   ] GC(1282) Metaspace: 6296K(6464K)->6296K(6464K) NonClass: 5763K(5824K)->5763K(5824K) Class: 532K(640K)->532K(640K)
[478.285s][info][gc             ] GC(1282) Pause Full (Ergonomics) 364M->364M(409M) 390.814ms
[478.285s][info][gc,cpu         ] GC(1282) User=0.36s Sys=0.00s Real=0.39s
[478.285s][info][gc,start       ] GC(1283) Pause Full (Ergonomics)
[478.285s][info][gc,phases,start] GC(1283) Marking Phase
[478.580s][info][gc,phases      ] GC(1283) Marking Phase 294.588ms
[478.580s][info][gc,phases,start] GC(1283) Summary Phase
[478.580s][info][gc,phases      ] GC(1283) Summary Phase 0.035ms
[478.580s][info][gc,phases,start] GC(1283) Adjust Roots
[478.580s][info][gc,phases      ] GC(1283) Adjust Roots 0.360ms
[478.580s][info][gc,phases,start] GC(1283) Compaction Phase
[478.680s][info][gc,phases      ] GC(1283) Compaction Phase 99.365ms
[478.680s][info][gc,phases,start] GC(1283) Post Compact
[478.681s][info][gc,phases      ] GC(1283) Post Compact 1.518ms
[478.681s][info][gc,heap        ] GC(1283) PSYoungGen: 33771K(77312K)->33771K(77312K) Eden: 24575K(24576K)->24575K(24576K) From: 9195K(52736K)->9195K(52736K)
[478.681s][info][gc,heap        ] GC(1283) ParOldGen: 339980K(341504K)->339980K(341504K)
[478.681s][info][gc,metaspace   ] GC(1283) Metaspace: 6296K(6464K)->6296K(6464K) NonClass: 5763K(5824K)->5763K(5824K) Class: 532K(640K)->532K(640K)
[478.681s][info][gc             ] GC(1283) Pause Full (Ergonomics) 364M->364M(409M) 396.292ms
[478.681s][info][gc,cpu         ] GC(1283) User=0.36s Sys=0.00s Real=0.40s
[478.682s][info][gc,start       ] GC(1284) Pause Full (Ergonomics)
[478.682s][info][gc,phases,start] GC(1284) Marking Phase
[478.972s][info][gc,phases      ] GC(1284) Marking Phase 289.889ms
[478.972s][info][gc,phases,start] GC(1284) Summary Phase
[478.972s][info][gc,phases      ] GC(1284) Summary Phase 0.036ms
[478.972s][info][gc,phases,start] GC(1284) Adjust Roots
[478.972s][info][gc,phases      ] GC(1284) Adjust Roots 0.249ms
[478.972s][info][gc,phases,start] GC(1284) Compaction Phase
[479.070s][info][gc,phases      ] GC(1284) Compaction Phase 98.179ms
[479.070s][info][gc,phases,start] GC(1284) Post Compact
[479.072s][info][gc,phases      ] GC(1284) Post Compact 1.545ms
[479.072s][info][gc,heap        ] GC(1284) PSYoungGen: 33771K(77312K)->33771K(77312K) Eden: 24575K(24576K)->24575K(24576K) From: 9195K(52736K)->9195K(52736K)
[479.072s][info][gc,heap        ] GC(1284) ParOldGen: 339985K(341504K)->339985K(341504K)
[479.072s][info][gc,metaspace   ] GC(1284) Metaspace: 6296K(6464K)->6296K(6464K) NonClass: 5763K(5824K)->5763K(5824K) Class: 532K(640K)->532K(640K)
[479.072s][info][gc             ] GC(1284) Pause Full (Ergonomics) 364M->364M(409M) 390.310ms
[479.072s][info][gc,cpu         ] GC(1284) User=0.36s Sys=0.00s Real=0.39s
[479.072s][info][gc,start       ] GC(1285) Pause Full (Ergonomics)
[479.072s][info][gc,phases,start] GC(1285) Marking Phase
[479.358s][info][gc,phases      ] GC(1285) Marking Phase 286.207ms
[479.359s][info][gc,phases,start] GC(1285) Summary Phase
[479.359s][info][gc,phases      ] GC(1285) Summary Phase 0.035ms
[479.359s][info][gc,phases,start] GC(1285) Adjust Roots
[479.359s][info][gc,phases      ] GC(1285) Adjust Roots 0.239ms
[479.359s][info][gc,phases,start] GC(1285) Compaction Phase
[479.455s][info][gc,phases      ] GC(1285) Compaction Phase 96.138ms
[479.455s][info][gc,phases,start] GC(1285) Post Compact
[479.457s][info][gc,phases      ] GC(1285) Post Compact 1.534ms
[479.457s][info][gc,heap        ] GC(1285) PSYoungGen: 33771K(77312K)->33771K(77312K) Eden: 24575K(24576K)->24575K(24576K) From: 9195K(52736K)->9195K(52736K)
[479.457s][info][gc,heap        ] GC(1285) ParOldGen: 339990K(341504K)->339990K(341504K)
[479.457s][info][gc,metaspace   ] GC(1285) Metaspace: 6296K(6464K)->6296K(6464K) NonClass: 5763K(5824K)->5763K(5824K) Class: 532K(640K)->532K(640K)
[479.457s][info][gc             ] GC(1285) Pause Full (Ergonomics) 365M->365M(409M) 384.583ms
[479.457s][info][gc,cpu         ] GC(1285) User=0.34s Sys=0.00s Real=0.38s
[479.457s][info][gc,start       ] GC(1286) Pause Full (Ergonomics)
[479.457s][info][gc,phases,start] GC(1286) Marking Phase
[479.745s][info][gc,phases      ] GC(1286) Marking Phase 287.692ms
[479.745s][info][gc,phases,start] GC(1286) Summary Phase
[479.745s][info][gc,phases      ] GC(1286) Summary Phase 0.023ms
[479.745s][info][gc,phases,start] GC(1286) Adjust Roots
[479.745s][info][gc,phases      ] GC(1286) Adjust Roots 0.225ms
[479.745s][info][gc,phases,start] GC(1286) Compaction Phase
[479.841s][info][gc,phases      ] GC(1286) Compaction Phase 96.050ms
[479.841s][info][gc,phases,start] GC(1286) Post Compact
[479.843s][info][gc,phases      ] GC(1286) Post Compact 1.544ms
[479.843s][info][gc,heap        ] GC(1286) PSYoungGen: 33771K(77312K)->33771K(77312K) Eden: 24575K(24576K)->24575K(24576K) From: 9195K(52736K)->9195K(52736K)
[479.843s][info][gc,heap        ] GC(1286) ParOldGen: 339994K(341504K)->339994K(341504K)
[479.843s][info][gc,metaspace   ] GC(1286) Metaspace: 6296K(6464K)->6296K(6464K) NonClass: 5763K(5824K)->5763K(5824K) Class: 532K(640K)->532K(640K)
[479.843s][info][gc             ] GC(1286) Pause Full (Ergonomics) 365M->365M(409M) 385.931ms
[479.843s][info][gc,cpu         ] GC(1286) User=0.36s Sys=0.00s Real=0.39s
[479.843s][info][gc,start       ] GC(1287) Pause Full (Ergonomics)
[479.843s][info][gc,phases,start] GC(1287) Marking Phase
[480.129s][info][gc,phases      ] GC(1287) Marking Phase 285.855ms
[480.129s][info][gc,phases,start] GC(1287) Summary Phase
[480.129s][info][gc,phases      ] GC(1287) Summary Phase 0.055ms
[480.129s][info][gc,phases,start] GC(1287) Adjust Roots
[480.130s][info][gc,phases      ] GC(1287) Adjust Roots 0.251ms
[480.130s][info][gc,phases,start] GC(1287) Compaction Phase
[480.228s][info][gc,phases      ] GC(1287) Compaction Phase 98.329ms
[480.228s][info][gc,phases,start] GC(1287) Post Compact
[480.230s][info][gc,phases      ] GC(1287) Post Compact 1.543ms
[480.230s][info][gc,heap        ] GC(1287) PSYoungGen: 33771K(77312K)->33771K(77312K) Eden: 24575K(24576K)->24575K(24576K) From: 9195K(52736K)->9195K(52736K)
[480.230s][info][gc,heap        ] GC(1287) ParOldGen: 339999K(341504K)->339999K(341504K)
[480.230s][info][gc,metaspace   ] GC(1287) Metaspace: 6296K(6464K)->6296K(6464K) NonClass: 5763K(5824K)->5763K(5824K) Class: 532K(640K)->532K(640K)
[480.230s][info][gc             ] GC(1287) Pause Full (Ergonomics) 365M->365M(409M) 386.420ms
[480.230s][info][gc,cpu         ] GC(1287) User=0.36s Sys=0.00s Real=0.39s
[480.230s][info][gc,start       ] GC(1288) Pause Full (Ergonomics)
[480.230s][info][gc,phases,start] GC(1288) Marking Phase
[480.515s][info][gc,phases      ] GC(1288) Marking Phase 285.414ms
[480.516s][info][gc,phases,start] GC(1288) Summary Phase
[480.516s][info][gc,phases      ] GC(1288) Summary Phase 0.035ms
[480.516s][info][gc,phases,start] GC(1288) Adjust Roots
[480.516s][info][gc,phases      ] GC(1288) Adjust Roots 0.247ms
[480.516s][info][gc,phases,start] GC(1288) Compaction Phase
[480.611s][info][gc,phases      ] GC(1288) Compaction Phase 95.368ms
[480.611s][info][gc,phases,start] GC(1288) Post Compact
[480.613s][info][gc,phases      ] GC(1288) Post Compact 1.532ms
[480.613s][info][gc,heap        ] GC(1288) PSYoungGen: 33771K(77312K)->33771K(77312K) Eden: 24575K(24576K)->24575K(24576K) From: 9195K(52736K)->9195K(52736K)
[480.613s][info][gc,heap        ] GC(1288) ParOldGen: 340004K(341504K)->340004K(341504K)
[480.613s][info][gc,metaspace   ] GC(1288) Metaspace: 6296K(6464K)->6296K(6464K) NonClass: 5763K(5824K)->5763K(5824K) Class: 532K(640K)->532K(640K)
[480.613s][info][gc             ] GC(1288) Pause Full (Ergonomics) 365M->365M(409M) 382.983ms
[480.613s][info][gc,cpu         ] GC(1288) User=0.34s Sys=0.00s Real=0.38s
[480.614s][info][gc,start       ] GC(1289) Pause Full (Ergonomics)
[480.614s][info][gc,phases,start] GC(1289) Marking Phase
[480.904s][info][gc,phases      ] GC(1289) Marking Phase 290.946ms
[480.905s][info][gc,phases,start] GC(1289) Summary Phase
[480.905s][info][gc,phases      ] GC(1289) Summary Phase 0.023ms
[480.905s][info][gc,phases,start] GC(1289) Adjust Roots
[480.905s][info][gc,phases      ] GC(1289) Adjust Roots 0.230ms
[480.905s][info][gc,phases,start] GC(1289) Compaction Phase
[481.003s][info][gc,phases      ] GC(1289) Compaction Phase 98.499ms
[481.003s][info][gc,phases,start] GC(1289) Post Compact
[481.005s][info][gc,phases      ] GC(1289) Post Compact 1.533ms
[481.005s][info][gc,heap        ] GC(1289) PSYoungGen: 33771K(77312K)->33771K(77312K) Eden: 24575K(24576K)->24575K(24576K) From: 9195K(52736K)->9195K(52736K)
[481.005s][info][gc,heap        ] GC(1289) ParOldGen: 340008K(341504K)->340008K(341504K)
[481.005s][info][gc,metaspace   ] GC(1289) Metaspace: 6296K(6464K)->6296K(6464K) NonClass: 5763K(5824K)->5763K(5824K) Class: 532K(640K)->532K(640K)
[481.005s][info][gc             ] GC(1289) Pause Full (Ergonomics) 365M->365M(409M) 391.578ms
[481.005s][info][gc,cpu         ] GC(1289) User=0.38s Sys=0.00s Real=0.39s
[481.006s][info][gc,start       ] GC(1290) Pause Full (Ergonomics)
[481.006s][info][gc,phases,start] GC(1290) Marking Phase
[481.292s][info][gc,phases      ] GC(1290) Marking Phase 285.945ms
[481.292s][info][gc,phases,start] GC(1290) Summary Phase
[481.292s][info][gc,phases      ] GC(1290) Summary Phase 0.023ms
[481.292s][info][gc,phases,start] GC(1290) Adjust Roots
[481.292s][info][gc,phases      ] GC(1290) Adjust Roots 0.233ms
[481.292s][info][gc,phases,start] GC(1290) Compaction Phase
[481.388s][info][gc,phases      ] GC(1290) Compaction Phase 95.800ms
[481.388s][info][gc,phases,start] GC(1290) Post Compact
[481.389s][info][gc,phases      ] GC(1290) Post Compact 1.582ms
[481.389s][info][gc,heap        ] GC(1290) PSYoungGen: 33771K(77312K)->33771K(77312K) Eden: 24575K(24576K)->24575K(24576K) From: 9195K(52736K)->9195K(52736K)
[481.389s][info][gc,heap        ] GC(1290) ParOldGen: 340013K(341504K)->340013K(341504K)
[481.390s][info][gc,metaspace   ] GC(1290) Metaspace: 6296K(6464K)->6296K(6464K) NonClass: 5763K(5824K)->5763K(5824K) Class: 532K(640K)->532K(640K)
[481.390s][info][gc             ] GC(1290) Pause Full (Ergonomics) 365M->365M(409M) 383.934ms
[481.390s][info][gc,cpu         ] GC(1290) User=0.34s Sys=0.00s Real=0.38s
[481.390s][info][gc,start       ] GC(1291) Pause Full (Ergonomics)
[481.390s][info][gc,phases,start] GC(1291) Marking Phase
[481.680s][info][gc,phases      ] GC(1291) Marking Phase 290.425ms
[481.680s][info][gc,phases,start] GC(1291) Summary Phase
[481.680s][info][gc,phases      ] GC(1291) Summary Phase 0.036ms
[481.680s][info][gc,phases,start] GC(1291) Adjust Roots
[481.681s][info][gc,phases      ] GC(1291) Adjust Roots 0.252ms
[481.681s][info][gc,phases,start] GC(1291) Compaction Phase
[481.780s][info][gc,phases      ] GC(1291) Compaction Phase 98.874ms
[481.780s][info][gc,phases,start] GC(1291) Post Compact
[481.781s][info][gc,phases      ] GC(1291) Post Compact 1.551ms
[481.781s][info][gc,heap        ] GC(1291) PSYoungGen: 33771K(77312K)->33771K(77312K) Eden: 24575K(24576K)->24575K(24576K) From: 9195K(52736K)->9195K(52736K)
[481.781s][info][gc,heap        ] GC(1291) ParOldGen: 340018K(341504K)->340018K(341504K)
[481.781s][info][gc,metaspace   ] GC(1291) Metaspace: 6296K(6464K)->6296K(6464K) NonClass: 5763K(5824K)->5763K(5824K) Class: 532K(640K)->532K(640K)
[481.781s][info][gc             ] GC(1291) Pause Full (Ergonomics) 365M->365M(409M) 391.524ms
[481.781s][info][gc,cpu         ] GC(1291) User=0.38s Sys=0.00s Real=0.39s
[481.782s][info][gc,start       ] GC(1292) Pause Full (Ergonomics)
[481.782s][info][gc,phases,start] GC(1292) Marking Phase
[482.067s][info][gc,phases      ] GC(1292) Marking Phase 285.706ms
[482.067s][info][gc,phases,start] GC(1292) Summary Phase
[482.067s][info][gc,phases      ] GC(1292) Summary Phase 0.023ms
[482.067s][info][gc,phases,start] GC(1292) Adjust Roots
[482.068s][info][gc,phases      ] GC(1292) Adjust Roots 0.220ms
[482.068s][info][gc,phases,start] GC(1292) Compaction Phase
[482.164s][info][gc,phases      ] GC(1292) Compaction Phase 96.031ms
[482.164s][info][gc,phases,start] GC(1292) Post Compact
[482.165s][info][gc,phases      ] GC(1292) Post Compact 1.546ms
[482.165s][info][gc,heap        ] GC(1292) PSYoungGen: 33771K(77312K)->33771K(77312K) Eden: 24575K(24576K)->24575K(24576K) From: 9195K(52736K)->9195K(52736K)
[482.165s][info][gc,heap        ] GC(1292) ParOldGen: 340022K(341504K)->340022K(341504K)
[482.165s][info][gc,metaspace   ] GC(1292) Metaspace: 6296K(6464K)->6296K(6464K) NonClass: 5763K(5824K)->5763K(5824K) Class: 532K(640K)->532K(640K)
[482.165s][info][gc             ] GC(1292) Pause Full (Ergonomics) 365M->365M(409M) 383.879ms
[482.165s][info][gc,cpu         ] GC(1292) User=0.36s Sys=0.00s Real=0.38s
[482.166s][info][gc,start       ] GC(1293) Pause Full (Ergonomics)
[482.166s][info][gc,phases,start] GC(1293) Marking Phase
[482.456s][info][gc,phases      ] GC(1293) Marking Phase 289.999ms
[482.456s][info][gc,phases,start] GC(1293) Summary Phase
[482.456s][info][gc,phases      ] GC(1293) Summary Phase 0.023ms
[482.456s][info][gc,phases,start] GC(1293) Adjust Roots
[482.456s][info][gc,phases      ] GC(1293) Adjust Roots 0.222ms
[482.456s][info][gc,phases,start] GC(1293) Compaction Phase
[482.554s][info][gc,phases      ] GC(1293) Compaction Phase 98.265ms
[482.554s][info][gc,phases,start] GC(1293) Post Compact
[482.556s][info][gc,phases      ] GC(1293) Post Compact 1.542ms
[482.556s][info][gc,heap        ] GC(1293) PSYoungGen: 33771K(77312K)->33771K(77312K) Eden: 24575K(24576K)->24575K(24576K) From: 9195K(52736K)->9195K(52736K)
[482.556s][info][gc,heap        ] GC(1293) ParOldGen: 340027K(341504K)->340027K(341504K)
[482.556s][info][gc,metaspace   ] GC(1293) Metaspace: 6296K(6464K)->6296K(6464K) NonClass: 5763K(5824K)->5763K(5824K) Class: 532K(640K)->532K(640K)
[482.556s][info][gc             ] GC(1293) Pause Full (Ergonomics) 365M->365M(409M) 390.397ms
[482.556s][info][gc,cpu         ] GC(1293) User=0.38s Sys=0.00s Real=0.39s
[482.556s][info][gc,start       ] GC(1294) Pause Full (Ergonomics)
[482.556s][info][gc,phases,start] GC(1294) Marking Phase
[482.847s][info][gc,phases      ] GC(1294) Marking Phase 290.335ms
[482.847s][info][gc,phases,start] GC(1294) Summary Phase
[482.847s][info][gc,phases      ] GC(1294) Summary Phase 0.017ms
[482.847s][info][gc,phases,start] GC(1294) Adjust Roots
[482.847s][info][gc,phases      ] GC(1294) Adjust Roots 0.236ms
[482.847s][info][gc,phases,start] GC(1294) Compaction Phase
[482.945s][info][gc,phases      ] GC(1294) Compaction Phase 97.588ms
[482.945s][info][gc,phases,start] GC(1294) Post Compact
[482.946s][info][gc,phases      ] GC(1294) Post Compact 1.533ms
[482.946s][info][gc,heap        ] GC(1294) PSYoungGen: 33771K(77312K)->33771K(77312K) Eden: 24575K(24576K)->24575K(24576K) From: 9195K(52736K)->9195K(52736K)
[482.946s][info][gc,heap        ] GC(1294) ParOldGen: 340032K(341504K)->340032K(341504K)
[482.946s][info][gc,metaspace   ] GC(1294) Metaspace: 6296K(6464K)->6296K(6464K) NonClass: 5763K(5824K)->5763K(5824K) Class: 532K(640K)->532K(640K)
[482.946s][info][gc             ] GC(1294) Pause Full (Ergonomics) 365M->365M(409M) 390.019ms
[482.946s][info][gc,cpu         ] GC(1294) User=0.36s Sys=0.00s Real=0.39s
[482.947s][info][gc,start       ] GC(1295) Pause Full (Ergonomics)
[482.947s][info][gc,phases,start] GC(1295) Marking Phase
[483.237s][info][gc,phases      ] GC(1295) Marking Phase 289.841ms
[483.237s][info][gc,phases,start] GC(1295) Summary Phase
[483.237s][info][gc,phases      ] GC(1295) Summary Phase 0.036ms
[483.237s][info][gc,phases,start] GC(1295) Adjust Roots
[483.237s][info][gc,phases      ] GC(1295) Adjust Roots 0.260ms
[483.237s][info][gc,phases,start] GC(1295) Compaction Phase
[483.335s][info][gc,phases      ] GC(1295) Compaction Phase 98.391ms
[483.336s][info][gc,phases,start] GC(1295) Post Compact
[483.337s][info][gc,phases      ] GC(1295) Post Compact 1.568ms
[483.337s][info][gc,heap        ] GC(1295) PSYoungGen: 33771K(77312K)->33771K(77312K) Eden: 24575K(24576K)->24575K(24576K) From: 9195K(52736K)->9195K(52736K)
[483.337s][info][gc,heap        ] GC(1295) ParOldGen: 340036K(341504K)->340036K(341504K)
[483.337s][info][gc,metaspace   ] GC(1295) Metaspace: 6296K(6464K)->6296K(6464K) NonClass: 5763K(5824K)->5763K(5824K) Class: 532K(640K)->532K(640K)
[483.337s][info][gc             ] GC(1295) Pause Full (Ergonomics) 365M->365M(409M) 390.545ms
[483.337s][info][gc,cpu         ] GC(1295) User=0.36s Sys=0.00s Real=0.39s
[483.338s][info][gc,start       ] GC(1296) Pause Full (Ergonomics)
[483.338s][info][gc,phases,start] GC(1296) Marking Phase
[483.624s][info][gc,phases      ] GC(1296) Marking Phase 286.639ms
[483.624s][info][gc,phases,start] GC(1296) Summary Phase
[483.624s][info][gc,phases      ] GC(1296) Summary Phase 0.056ms
[483.624s][info][gc,phases,start] GC(1296) Adjust Roots
[483.625s][info][gc,phases      ] GC(1296) Adjust Roots 0.272ms
[483.625s][info][gc,phases,start] GC(1296) Compaction Phase
[483.720s][info][gc,phases      ] GC(1296) Compaction Phase 95.566ms
[483.720s][info][gc,phases,start] GC(1296) Post Compact
[483.722s][info][gc,phases      ] GC(1296) Post Compact 1.645ms
[483.722s][info][gc,heap        ] GC(1296) PSYoungGen: 33771K(77312K)->33771K(77312K) Eden: 24575K(24576K)->24575K(24576K) From: 9195K(52736K)->9195K(52736K)
[483.722s][info][gc,heap        ] GC(1296) ParOldGen: 340041K(341504K)->340041K(341504K)
[483.722s][info][gc,metaspace   ] GC(1296) Metaspace: 6296K(6464K)->6296K(6464K) NonClass: 5763K(5824K)->5763K(5824K) Class: 532K(640K)->532K(640K)
[483.722s][info][gc             ] GC(1296) Pause Full (Ergonomics) 365M->365M(409M) 384.572ms
[483.722s][info][gc,cpu         ] GC(1296) User=0.34s Sys=0.00s Real=0.38s
[483.722s][info][gc,start       ] GC(1297) Pause Full (Ergonomics)
[483.722s][info][gc,phases,start] GC(1297) Marking Phase
[484.014s][info][gc,phases      ] GC(1297) Marking Phase 291.416ms
[484.014s][info][gc,phases,start] GC(1297) Summary Phase
[484.014s][info][gc,phases      ] GC(1297) Summary Phase 0.035ms
[484.014s][info][gc,phases,start] GC(1297) Adjust Roots
[484.014s][info][gc,phases      ] GC(1297) Adjust Roots 0.245ms
[484.014s][info][gc,phases,start] GC(1297) Compaction Phase
[484.112s][info][gc,phases      ] GC(1297) Compaction Phase 98.078ms
[484.112s][info][gc,phases,start] GC(1297) Post Compact
[484.114s][info][gc,phases      ] GC(1297) Post Compact 1.539ms
[484.114s][info][gc,heap        ] GC(1297) PSYoungGen: 33771K(77312K)->33771K(77312K) Eden: 24575K(24576K)->24575K(24576K) From: 9195K(52736K)->9195K(52736K)
[484.114s][info][gc,heap        ] GC(1297) ParOldGen: 340046K(341504K)->340046K(341504K)
[484.114s][info][gc,metaspace   ] GC(1297) Metaspace: 6296K(6464K)->6296K(6464K) NonClass: 5763K(5824K)->5763K(5824K) Class: 532K(640K)->532K(640K)
[484.114s][info][gc             ] GC(1297) Pause Full (Ergonomics) 365M->365M(409M) 391.696ms
[484.114s][info][gc,cpu         ] GC(1297) User=0.38s Sys=0.00s Real=0.39s
[484.114s][info][gc,start       ] GC(1298) Pause Full (Ergonomics)
[484.114s][info][gc,phases,start] GC(1298) Marking Phase
[484.400s][info][gc,phases      ] GC(1298) Marking Phase 285.849ms
[484.400s][info][gc,phases,start] GC(1298) Summary Phase
[484.400s][info][gc,phases      ] GC(1298) Summary Phase 0.035ms
[484.400s][info][gc,phases,start] GC(1298) Adjust Roots
[484.401s][info][gc,phases      ] GC(1298) Adjust Roots 0.271ms
[484.401s][info][gc,phases,start] GC(1298) Compaction Phase
[484.498s][info][gc,phases      ] GC(1298) Compaction Phase 96.741ms
[484.498s][info][gc,phases,start] GC(1298) Post Compact
[484.499s][info][gc,phases      ] GC(1298) Post Compact 1.529ms
[484.499s][info][gc,heap        ] GC(1298) PSYoungGen: 33771K(77312K)->33771K(77312K) Eden: 24575K(24576K)->24575K(24576K) From: 9195K(52736K)->9195K(52736K)
[484.499s][info][gc,heap        ] GC(1298) ParOldGen: 340050K(341504K)->340050K(341504K)
[484.499s][info][gc,metaspace   ] GC(1298) Metaspace: 6296K(6464K)->6296K(6464K) NonClass: 5763K(5824K)->5763K(5824K) Class: 532K(640K)->532K(640K)
[484.499s][info][gc             ] GC(1298) Pause Full (Ergonomics) 365M->365M(409M) 384.840ms
[484.499s][info][gc,cpu         ] GC(1298) User=0.33s Sys=0.00s Real=0.38s
[484.500s][info][gc,start       ] GC(1299) Pause Full (Ergonomics)
[484.500s][info][gc,phases,start] GC(1299) Marking Phase
[484.790s][info][gc,phases      ] GC(1299) Marking Phase 290.729ms
[484.790s][info][gc,phases,start] GC(1299) Summary Phase
[484.790s][info][gc,phases      ] GC(1299) Summary Phase 0.036ms
[484.790s][info][gc,phases,start] GC(1299) Adjust Roots
[484.791s][info][gc,phases      ] GC(1299) Adjust Roots 0.241ms
[484.791s][info][gc,phases,start] GC(1299) Compaction Phase
[484.889s][info][gc,phases      ] GC(1299) Compaction Phase 98.611ms
[484.889s][info][gc,phases,start] GC(1299) Post Compact
[484.891s][info][gc,phases      ] GC(1299) Post Compact 1.528ms
[484.891s][info][gc,heap        ] GC(1299) PSYoungGen: 33771K(77312K)->33771K(77312K) Eden: 24575K(24576K)->24575K(24576K) From: 9195K(52736K)->9195K(52736K)
[484.891s][info][gc,heap        ] GC(1299) ParOldGen: 340055K(341504K)->340055K(341504K)
[484.891s][info][gc,metaspace   ] GC(1299) Metaspace: 6296K(6464K)->6296K(6464K) NonClass: 5763K(5824K)->5763K(5824K) Class: 532K(640K)->532K(640K)
[484.891s][info][gc             ] GC(1299) Pause Full (Ergonomics) 365M->365M(409M) 391.545ms
[484.891s][info][gc,cpu         ] GC(1299) User=0.38s Sys=0.00s Real=0.39s
[484.891s][info][gc,start       ] GC(1300) Pause Full (Ergonomics)
[484.891s][info][gc,phases,start] GC(1300) Marking Phase
[485.177s][info][gc,phases      ] GC(1300) Marking Phase 285.928ms
[485.177s][info][gc,phases,start] GC(1300) Summary Phase
[485.177s][info][gc,phases      ] GC(1300) Summary Phase 0.034ms
[485.177s][info][gc,phases,start] GC(1300) Adjust Roots
[485.178s][info][gc,phases      ] GC(1300) Adjust Roots 0.236ms
[485.178s][info][gc,phases,start] GC(1300) Compaction Phase
[485.274s][info][gc,phases      ] GC(1300) Compaction Phase 96.503ms
[485.274s][info][gc,phases,start] GC(1300) Post Compact
[485.276s][info][gc,phases      ] GC(1300) Post Compact 1.551ms
[485.276s][info][gc,heap        ] GC(1300) PSYoungGen: 33771K(77312K)->33771K(77312K) Eden: 24575K(24576K)->24575K(24576K) From: 9195K(52736K)->9195K(52736K)
[485.276s][info][gc,heap        ] GC(1300) ParOldGen: 340060K(341504K)->340060K(341504K)
[485.276s][info][gc,metaspace   ] GC(1300) Metaspace: 6296K(6464K)->6296K(6464K) NonClass: 5763K(5824K)->5763K(5824K) Class: 532K(640K)->532K(640K)
[485.276s][info][gc             ] GC(1300) Pause Full (Ergonomics) 365M->365M(409M) 384.631ms
[485.276s][info][gc,cpu         ] GC(1300) User=0.36s Sys=0.00s Real=0.38s
[485.276s][info][gc,start       ] GC(1301) Pause Full (Ergonomics)
[485.276s][info][gc,phases,start] GC(1301) Marking Phase
[485.566s][info][gc,phases      ] GC(1301) Marking Phase 289.810ms
[485.566s][info][gc,phases,start] GC(1301) Summary Phase
[485.566s][info][gc,phases      ] GC(1301) Summary Phase 0.036ms
[485.566s][info][gc,phases,start] GC(1301) Adjust Roots
[485.567s][info][gc,phases      ] GC(1301) Adjust Roots 0.269ms
[485.567s][info][gc,phases,start] GC(1301) Compaction Phase
[485.665s][info][gc,phases      ] GC(1301) Compaction Phase 98.404ms
[485.665s][info][gc,phases,start] GC(1301) Post Compact
[485.667s][info][gc,phases      ] GC(1301) Post Compact 1.540ms
[485.667s][info][gc,heap        ] GC(1301) PSYoungGen: 33771K(77312K)->33771K(77312K) Eden: 24575K(24576K)->24575K(24576K) From: 9195K(52736K)->9195K(52736K)
[485.667s][info][gc,heap        ] GC(1301) ParOldGen: 340064K(341504K)->340064K(341504K)
[485.667s][info][gc,metaspace   ] GC(1301) Metaspace: 6296K(6464K)->6296K(6464K) NonClass: 5763K(5824K)->5763K(5824K) Class: 532K(640K)->532K(640K)
[485.667s][info][gc             ] GC(1301) Pause Full (Ergonomics) 365M->365M(409M) 390.453ms
[485.667s][info][gc,cpu         ] GC(1301) User=0.38s Sys=0.00s Real=0.39s
[485.667s][info][gc,start       ] GC(1302) Pause Full (Ergonomics)
[485.667s][info][gc,phases,start] GC(1302) Marking Phase
[485.953s][info][gc,phases      ] GC(1302) Marking Phase 285.921ms
[485.953s][info][gc,phases,start] GC(1302) Summary Phase
[485.953s][info][gc,phases      ] GC(1302) Summary Phase 0.035ms
[485.953s][info][gc,phases,start] GC(1302) Adjust Roots
[485.953s][info][gc,phases      ] GC(1302) Adjust Roots 0.294ms
[485.953s][info][gc,phases,start] GC(1302) Compaction Phase
[486.051s][info][gc,phases      ] GC(1302) Compaction Phase 97.509ms
[486.051s][info][gc,phases,start] GC(1302) Post Compact
[486.053s][info][gc,phases      ] GC(1302) Post Compact 1.539ms
[486.053s][info][gc,heap        ] GC(1302) PSYoungGen: 33771K(77312K)->33771K(77312K) Eden: 24575K(24576K)->24575K(24576K) From: 9195K(52736K)->9195K(52736K)
[486.053s][info][gc,heap        ] GC(1302) ParOldGen: 340069K(341504K)->340069K(341504K)
[486.053s][info][gc,metaspace   ] GC(1302) Metaspace: 6296K(6464K)->6296K(6464K) NonClass: 5763K(5824K)->5763K(5824K) Class: 532K(640K)->532K(640K)
[486.053s][info][gc             ] GC(1302) Pause Full (Ergonomics) 365M->365M(409M) 385.678ms
[486.053s][info][gc,cpu         ] GC(1302) User=0.34s Sys=0.00s Real=0.39s
[486.053s][info][gc,start       ] GC(1303) Pause Full (Ergonomics)
[486.053s][info][gc,phases,start] GC(1303) Marking Phase
[486.341s][info][gc,phases      ] GC(1303) Marking Phase 288.323ms
[486.341s][info][gc,phases,start] GC(1303) Summary Phase
[486.341s][info][gc,phases      ] GC(1303) Summary Phase 0.018ms
[486.341s][info][gc,phases,start] GC(1303) Adjust Roots
[486.342s][info][gc,phases      ] GC(1303) Adjust Roots 0.244ms
[486.342s][info][gc,phases,start] GC(1303) Compaction Phase
[486.441s][info][gc,phases      ] GC(1303) Compaction Phase 98.967ms
[486.441s][info][gc,phases,start] GC(1303) Post Compact
[486.442s][info][gc,phases      ] GC(1303) Post Compact 1.528ms
[486.442s][info][gc,heap        ] GC(1303) PSYoungGen: 33771K(77312K)->33771K(77312K) Eden: 24575K(24576K)->24575K(24576K) From: 9195K(52736K)->9195K(52736K)
[486.442s][info][gc,heap        ] GC(1303) ParOldGen: 340074K(341504K)->340074K(341504K)
[486.442s][info][gc,metaspace   ] GC(1303) Metaspace: 6296K(6464K)->6296K(6464K) NonClass: 5763K(5824K)->5763K(5824K) Class: 532K(640K)->532K(640K)
[486.442s][info][gc             ] GC(1303) Pause Full (Ergonomics) 365M->365M(409M) 389.403ms
[486.442s][info][gc,cpu         ] GC(1303) User=0.33s Sys=0.02s Real=0.39s
[486.443s][info][gc,start       ] GC(1304) Pause Full (Ergonomics)
[486.443s][info][gc,phases,start] GC(1304) Marking Phase
[486.732s][info][gc,phases      ] GC(1304) Marking Phase 289.210ms
[486.732s][info][gc,phases,start] GC(1304) Summary Phase
[486.732s][info][gc,phases      ] GC(1304) Summary Phase 0.022ms
[486.732s][info][gc,phases,start] GC(1304) Adjust Roots
[486.732s][info][gc,phases      ] GC(1304) Adjust Roots 0.201ms
[486.732s][info][gc,phases,start] GC(1304) Compaction Phase
[486.830s][info][gc,phases      ] GC(1304) Compaction Phase 97.649ms
[486.830s][info][gc,phases,start] GC(1304) Post Compact
[486.832s][info][gc,phases      ] GC(1304) Post Compact 1.540ms
[486.832s][info][gc,heap        ] GC(1304) PSYoungGen: 33771K(77312K)->33771K(77312K) Eden: 24575K(24576K)->24575K(24576K) From: 9195K(52736K)->9195K(52736K)
[486.832s][info][gc,heap        ] GC(1304) ParOldGen: 340078K(341504K)->340078K(341504K)
[486.832s][info][gc,metaspace   ] GC(1304) Metaspace: 6296K(6464K)->6296K(6464K) NonClass: 5763K(5824K)->5763K(5824K) Class: 532K(640K)->532K(640K)
[486.832s][info][gc             ] GC(1304) Pause Full (Ergonomics) 365M->365M(409M) 388.983ms
[486.832s][info][gc,cpu         ] GC(1304) User=0.34s Sys=0.00s Real=0.39s
[486.832s][info][gc,start       ] GC(1305) Pause Full (Ergonomics)
[486.832s][info][gc,phases,start] GC(1305) Marking Phase
[487.123s][info][gc,phases      ] GC(1305) Marking Phase 291.173ms
[487.123s][info][gc,phases,start] GC(1305) Summary Phase
[487.123s][info][gc,phases      ] GC(1305) Summary Phase 0.035ms
[487.123s][info][gc,phases,start] GC(1305) Adjust Roots
[487.124s][info][gc,phases      ] GC(1305) Adjust Roots 0.274ms
[487.124s][info][gc,phases,start] GC(1305) Compaction Phase
[487.224s][info][gc,phases      ] GC(1305) Compaction Phase 100.817ms
[487.224s][info][gc,phases,start] GC(1305) Post Compact
[487.226s][info][gc,phases      ] GC(1305) Post Compact 1.613ms
[487.226s][info][gc,heap        ] GC(1305) PSYoungGen: 33771K(77312K)->33771K(77312K) Eden: 24575K(24576K)->24575K(24576K) From: 9195K(52736K)->9195K(52736K)
[487.226s][info][gc,heap        ] GC(1305) ParOldGen: 340083K(341504K)->340083K(341504K)
[487.226s][info][gc,metaspace   ] GC(1305) Metaspace: 6296K(6464K)->6296K(6464K) NonClass: 5763K(5824K)->5763K(5824K) Class: 532K(640K)->532K(640K)
[487.226s][info][gc             ] GC(1305) Pause Full (Ergonomics) 365M->365M(409M) 394.370ms
[487.226s][info][gc,cpu         ] GC(1305) User=0.36s Sys=0.00s Real=0.39s
[487.227s][info][gc,start       ] GC(1306) Pause Full (Ergonomics)
[487.227s][info][gc,phases,start] GC(1306) Marking Phase
[487.512s][info][gc,phases      ] GC(1306) Marking Phase 285.477ms
[487.512s][info][gc,phases,start] GC(1306) Summary Phase
[487.512s][info][gc,phases      ] GC(1306) Summary Phase 0.026ms
[487.512s][info][gc,phases,start] GC(1306) Adjust Roots
[487.512s][info][gc,phases      ] GC(1306) Adjust Roots 0.211ms
[487.512s][info][gc,phases,start] GC(1306) Compaction Phase
[487.609s][info][gc,phases      ] GC(1306) Compaction Phase 96.105ms
[487.609s][info][gc,phases,start] GC(1306) Post Compact
[487.610s][info][gc,phases      ] GC(1306) Post Compact 1.525ms
[487.610s][info][gc,heap        ] GC(1306) PSYoungGen: 33771K(77312K)->33771K(77312K) Eden: 24575K(24576K)->24575K(24576K) From: 9195K(52736K)->9195K(52736K)
[487.610s][info][gc,heap        ] GC(1306) ParOldGen: 340088K(341504K)->340088K(341504K)
[487.610s][info][gc,metaspace   ] GC(1306) Metaspace: 6296K(6464K)->6296K(6464K) NonClass: 5763K(5824K)->5763K(5824K) Class: 532K(640K)->532K(640K)
[487.610s][info][gc             ] GC(1306) Pause Full (Ergonomics) 365M->365M(409M) 383.691ms
[487.610s][info][gc,cpu         ] GC(1306) User=0.34s Sys=0.00s Real=0.38s
[487.611s][info][gc,start       ] GC(1307) Pause Full (Ergonomics)
[487.611s][info][gc,phases,start] GC(1307) Marking Phase
[487.901s][info][gc,phases      ] GC(1307) Marking Phase 290.448ms
[487.901s][info][gc,phases,start] GC(1307) Summary Phase
[487.901s][info][gc,phases      ] GC(1307) Summary Phase 0.035ms
[487.901s][info][gc,phases,start] GC(1307) Adjust Roots
[487.901s][info][gc,phases      ] GC(1307) Adjust Roots 0.265ms
[487.901s][info][gc,phases,start] GC(1307) Compaction Phase
[487.999s][info][gc,phases      ] GC(1307) Compaction Phase 98.025ms
[488.000s][info][gc,phases,start] GC(1307) Post Compact
[488.001s][info][gc,phases      ] GC(1307) Post Compact 1.520ms
[488.001s][info][gc,heap        ] GC(1307) PSYoungGen: 33771K(77312K)->33771K(77312K) Eden: 24575K(24576K)->24575K(24576K) From: 9195K(52736K)->9195K(52736K)
[488.001s][info][gc,heap        ] GC(1307) ParOldGen: 340092K(341504K)->340092K(341504K)
[488.001s][info][gc,metaspace   ] GC(1307) Metaspace: 6296K(6464K)->6296K(6464K) NonClass: 5763K(5824K)->5763K(5824K) Class: 532K(640K)->532K(640K)
[488.001s][info][gc             ] GC(1307) Pause Full (Ergonomics) 365M->365M(409M) 390.712ms
[488.001s][info][gc,cpu         ] GC(1307) User=0.38s Sys=0.00s Real=0.39s
[488.002s][info][gc,start       ] GC(1308) Pause Full (Ergonomics)
[488.002s][info][gc,phases,start] GC(1308) Marking Phase
[488.289s][info][gc,phases      ] GC(1308) Marking Phase 287.584ms
[488.289s][info][gc,phases,start] GC(1308) Summary Phase
[488.289s][info][gc,phases      ] GC(1308) Summary Phase 0.054ms
[488.289s][info][gc,phases,start] GC(1308) Adjust Roots
[488.290s][info][gc,phases      ] GC(1308) Adjust Roots 0.256ms
[488.290s][info][gc,phases,start] GC(1308) Compaction Phase
[488.385s][info][gc,phases      ] GC(1308) Compaction Phase 95.836ms
[488.385s][info][gc,phases,start] GC(1308) Post Compact
[488.387s][info][gc,phases      ] GC(1308) Post Compact 1.581ms
[488.387s][info][gc,heap        ] GC(1308) PSYoungGen: 33771K(77312K)->33771K(77312K) Eden: 24575K(24576K)->24575K(24576K) From: 9195K(52736K)->9195K(52736K)
[488.387s][info][gc,heap        ] GC(1308) ParOldGen: 340097K(341504K)->340097K(341504K)
[488.387s][info][gc,metaspace   ] GC(1308) Metaspace: 6296K(6464K)->6296K(6464K) NonClass: 5763K(5824K)->5763K(5824K) Class: 532K(640K)->532K(640K)
[488.387s][info][gc             ] GC(1308) Pause Full (Ergonomics) 365M->365M(409M) 385.695ms
[488.387s][info][gc,cpu         ] GC(1308) User=0.36s Sys=0.00s Real=0.39s
[488.387s][info][gc,start       ] GC(1309) Pause Full (Ergonomics)
[488.388s][info][gc,phases,start] GC(1309) Marking Phase
[488.679s][info][gc,phases      ] GC(1309) Marking Phase 291.046ms
[488.679s][info][gc,phases,start] GC(1309) Summary Phase
[488.679s][info][gc,phases      ] GC(1309) Summary Phase 0.036ms
[488.679s][info][gc,phases,start] GC(1309) Adjust Roots
[488.679s][info][gc,phases      ] GC(1309) Adjust Roots 0.243ms
[488.679s][info][gc,phases,start] GC(1309) Compaction Phase
[488.777s][info][gc,phases      ] GC(1309) Compaction Phase 98.374ms
[488.777s][info][gc,phases,start] GC(1309) Post Compact
[488.779s][info][gc,phases      ] GC(1309) Post Compact 1.542ms
[488.779s][info][gc,heap        ] GC(1309) PSYoungGen: 33771K(77312K)->33771K(77312K) Eden: 24575K(24576K)->24575K(24576K) From: 9195K(52736K)->9195K(52736K)
[488.779s][info][gc,heap        ] GC(1309) ParOldGen: 340102K(341504K)->340102K(341504K)
[488.779s][info][gc,metaspace   ] GC(1309) Metaspace: 6296K(6464K)->6296K(6464K) NonClass: 5763K(5824K)->5763K(5824K) Class: 532K(640K)->532K(640K)
[488.779s][info][gc             ] GC(1309) Pause Full (Ergonomics) 365M->365M(409M) 391.628ms
[488.779s][info][gc,cpu         ] GC(1309) User=0.36s Sys=0.00s Real=0.39s
[488.779s][info][gc,start       ] GC(1310) Pause Full (Ergonomics)
[488.779s][info][gc,phases,start] GC(1310) Marking Phase
[489.066s][info][gc,phases      ] GC(1310) Marking Phase 286.569ms
[489.066s][info][gc,phases,start] GC(1310) Summary Phase
[489.066s][info][gc,phases      ] GC(1310) Summary Phase 0.034ms
[489.066s][info][gc,phases,start] GC(1310) Adjust Roots
[489.066s][info][gc,phases      ] GC(1310) Adjust Roots 0.279ms
[489.066s][info][gc,phases,start] GC(1310) Compaction Phase
[489.163s][info][gc,phases      ] GC(1310) Compaction Phase 96.953ms
[489.163s][info][gc,phases,start] GC(1310) Post Compact
[489.165s][info][gc,phases      ] GC(1310) Post Compact 1.543ms
[489.165s][info][gc,heap        ] GC(1310) PSYoungGen: 33771K(77312K)->33771K(77312K) Eden: 24575K(24576K)->24575K(24576K) From: 9195K(52736K)->9195K(52736K)
[489.165s][info][gc,heap        ] GC(1310) ParOldGen: 340106K(341504K)->340106K(341504K)
[489.165s][info][gc,metaspace   ] GC(1310) Metaspace: 6296K(6464K)->6296K(6464K) NonClass: 5763K(5824K)->5763K(5824K) Class: 532K(640K)->532K(640K)
[489.165s][info][gc             ] GC(1310) Pause Full (Ergonomics) 365M->365M(409M) 385.763ms
[489.165s][info][gc,cpu         ] GC(1310) User=0.38s Sys=0.00s Real=0.39s
[489.165s][info][gc,start       ] GC(1311) Pause Full (Ergonomics)
[489.165s][info][gc,phases,start] GC(1311) Marking Phase
[489.456s][info][gc,phases      ] GC(1311) Marking Phase 290.688ms
[489.456s][info][gc,phases,start] GC(1311) Summary Phase
[489.456s][info][gc,phases      ] GC(1311) Summary Phase 0.019ms
[489.456s][info][gc,phases,start] GC(1311) Adjust Roots
[489.457s][info][gc,phases      ] GC(1311) Adjust Roots 0.264ms
[489.457s][info][gc,phases,start] GC(1311) Compaction Phase
[489.555s][info][gc,phases      ] GC(1311) Compaction Phase 98.821ms
[489.555s][info][gc,phases,start] GC(1311) Post Compact
[489.557s][info][gc,phases      ] GC(1311) Post Compact 1.579ms
[489.557s][info][gc,heap        ] GC(1311) PSYoungGen: 33771K(77312K)->33771K(77312K) Eden: 24575K(24576K)->24575K(24576K) From: 9195K(52736K)->9195K(52736K)
[489.557s][info][gc,heap        ] GC(1311) ParOldGen: 340111K(341504K)->340111K(341504K)
[489.557s][info][gc,metaspace   ] GC(1311) Metaspace: 6296K(6464K)->6296K(6464K) NonClass: 5763K(5824K)->5763K(5824K) Class: 532K(640K)->532K(640K)
[489.557s][info][gc             ] GC(1311) Pause Full (Ergonomics) 365M->365M(409M) 391.685ms
[489.557s][info][gc,cpu         ] GC(1311) User=0.36s Sys=0.00s Real=0.39s
[489.557s][info][gc,start       ] GC(1312) Pause Full (Ergonomics)
[489.557s][info][gc,phases,start] GC(1312) Marking Phase
[489.847s][info][gc,phases      ] GC(1312) Marking Phase 289.700ms
[489.847s][info][gc,phases,start] GC(1312) Summary Phase
[489.847s][info][gc,phases      ] GC(1312) Summary Phase 0.023ms
[489.847s][info][gc,phases,start] GC(1312) Adjust Roots
[489.847s][info][gc,phases      ] GC(1312) Adjust Roots 0.195ms
[489.847s][info][gc,phases,start] GC(1312) Compaction Phase
[489.945s][info][gc,phases      ] GC(1312) Compaction Phase 97.653ms
[489.945s][info][gc,phases,start] GC(1312) Post Compact
[489.947s][info][gc,phases      ] GC(1312) Post Compact 1.654ms
[489.947s][info][gc,heap        ] GC(1312) PSYoungGen: 33771K(77312K)->33771K(77312K) Eden: 24575K(24576K)->24575K(24576K) From: 9195K(52736K)->9195K(52736K)
[489.947s][info][gc,heap        ] GC(1312) ParOldGen: 340116K(341504K)->340116K(341504K)
[489.947s][info][gc,metaspace   ] GC(1312) Metaspace: 6296K(6464K)->6296K(6464K) NonClass: 5763K(5824K)->5763K(5824K) Class: 532K(640K)->532K(640K)
[489.947s][info][gc             ] GC(1312) Pause Full (Ergonomics) 365M->365M(409M) 389.567ms
[489.947s][info][gc,cpu         ] GC(1312) User=0.38s Sys=0.00s Real=0.39s
[489.947s][info][gc,start       ] GC(1313) Pause Full (Ergonomics)
[489.947s][info][gc,phases,start] GC(1313) Marking Phase
[490.233s][info][gc,phases      ] GC(1313) Marking Phase 285.575ms
[490.233s][info][gc,phases,start] GC(1313) Summary Phase
[490.233s][info][gc,phases      ] GC(1313) Summary Phase 0.055ms
[490.233s][info][gc,phases,start] GC(1313) Adjust Roots
[490.233s][info][gc,phases      ] GC(1313) Adjust Roots 0.259ms
[490.233s][info][gc,phases,start] GC(1313) Compaction Phase
[490.329s][info][gc,phases      ] GC(1313) Compaction Phase 95.669ms
[490.329s][info][gc,phases,start] GC(1313) Post Compact
[490.331s][info][gc,phases      ] GC(1313) Post Compact 1.526ms
[490.331s][info][gc,heap        ] GC(1313) PSYoungGen: 33771K(77312K)->33771K(77312K) Eden: 24575K(24576K)->24575K(24576K) From: 9195K(52736K)->9195K(52736K)
[490.331s][info][gc,heap        ] GC(1313) ParOldGen: 340120K(341504K)->340120K(341504K)
[490.331s][info][gc,metaspace   ] GC(1313) Metaspace: 6296K(6464K)->6296K(6464K) NonClass: 5763K(5824K)->5763K(5824K) Class: 532K(640K)->532K(640K)
[490.331s][info][gc             ] GC(1313) Pause Full (Ergonomics) 365M->365M(409M) 383.532ms
[490.331s][info][gc,cpu         ] GC(1313) User=0.34s Sys=0.00s Real=0.38s
[490.331s][info][gc,start       ] GC(1314) Pause Full (Ergonomics)
[490.331s][info][gc,phases,start] GC(1314) Marking Phase
[490.621s][info][gc,phases      ] GC(1314) Marking Phase 290.423ms
[490.622s][info][gc,phases,start] GC(1314) Summary Phase
[490.622s][info][gc,phases      ] GC(1314) Summary Phase 0.034ms
[490.622s][info][gc,phases,start] GC(1314) Adjust Roots
[490.622s][info][gc,phases      ] GC(1314) Adjust Roots 0.264ms
[490.622s][info][gc,phases,start] GC(1314) Compaction Phase
[490.721s][info][gc,phases      ] GC(1314) Compaction Phase 98.756ms
[490.721s][info][gc,phases,start] GC(1314) Post Compact
[490.722s][info][gc,phases      ] GC(1314) Post Compact 1.531ms
[490.722s][info][gc,heap        ] GC(1314) PSYoungGen: 33771K(77312K)->33771K(77312K) Eden: 24575K(24576K)->24575K(24576K) From: 9195K(52736K)->9195K(52736K)
[490.722s][info][gc,heap        ] GC(1314) ParOldGen: 340125K(341504K)->340125K(341504K)
[490.722s][info][gc,metaspace   ] GC(1314) Metaspace: 6296K(6464K)->6296K(6464K) NonClass: 5763K(5824K)->5763K(5824K) Class: 532K(640K)->532K(640K)
[490.722s][info][gc             ] GC(1314) Pause Full (Ergonomics) 365M->365M(409M) 391.398ms
[490.722s][info][gc,cpu         ] GC(1314) User=0.38s Sys=0.00s Real=0.39s
[490.723s][info][gc,start       ] GC(1315) Pause Full (Ergonomics)
[490.723s][info][gc,phases,start] GC(1315) Marking Phase
[491.009s][info][gc,phases      ] GC(1315) Marking Phase 286.044ms
[491.009s][info][gc,phases,start] GC(1315) Summary Phase
[491.009s][info][gc,phases      ] GC(1315) Summary Phase 0.035ms
[491.009s][info][gc,phases,start] GC(1315) Adjust Roots
[491.009s][info][gc,phases      ] GC(1315) Adjust Roots 0.233ms
[491.009s][info][gc,phases,start] GC(1315) Compaction Phase
[491.106s][info][gc,phases      ] GC(1315) Compaction Phase 96.163ms
[491.106s][info][gc,phases,start] GC(1315) Post Compact
[491.107s][info][gc,phases      ] GC(1315) Post Compact 1.515ms
[491.107s][info][gc,heap        ] GC(1315) PSYoungGen: 33771K(77312K)->33771K(77312K) Eden: 24575K(24576K)->24575K(24576K) From: 9195K(52736K)->9195K(52736K)
[491.107s][info][gc,heap        ] GC(1315) ParOldGen: 340130K(341504K)->340130K(341504K)
[491.107s][info][gc,metaspace   ] GC(1315) Metaspace: 6296K(6464K)->6296K(6464K) NonClass: 5763K(5824K)->5763K(5824K) Class: 532K(640K)->532K(640K)
[491.107s][info][gc             ] GC(1315) Pause Full (Ergonomics) 365M->365M(409M) 384.364ms
[491.107s][info][gc,cpu         ] GC(1315) User=0.36s Sys=0.00s Real=0.38s
[491.108s][info][gc,start       ] GC(1316) Pause Full (Ergonomics)
[491.108s][info][gc,phases,start] GC(1316) Marking Phase
[491.394s][info][gc,phases      ] GC(1316) Marking Phase 286.814ms
[491.394s][info][gc,phases,start] GC(1316) Summary Phase
[491.395s][info][gc,phases      ] GC(1316) Summary Phase 0.035ms
[491.395s][info][gc,phases,start] GC(1316) Adjust Roots
[491.395s][info][gc,phases      ] GC(1316) Adjust Roots 0.328ms
[491.395s][info][gc,phases,start] GC(1316) Compaction Phase
[491.494s][info][gc,phases      ] GC(1316) Compaction Phase 98.925ms
[491.494s][info][gc,phases,start] GC(1316) Post Compact
[491.496s][info][gc,phases      ] GC(1316) Post Compact 1.535ms
[491.496s][info][gc,heap        ] GC(1316) PSYoungGen: 33771K(77312K)->33771K(77312K) Eden: 24575K(24576K)->24575K(24576K) From: 9195K(52736K)->9195K(52736K)
[491.496s][info][gc,heap        ] GC(1316) ParOldGen: 340134K(341504K)->340134K(341504K)
[491.496s][info][gc,metaspace   ] GC(1316) Metaspace: 6296K(6464K)->6296K(6464K) NonClass: 5763K(5824K)->5763K(5824K) Class: 532K(640K)->532K(640K)
[491.496s][info][gc             ] GC(1316) Pause Full (Ergonomics) 365M->365M(409M) 388.047ms
[491.496s][info][gc,cpu         ] GC(1316) User=0.38s Sys=0.00s Real=0.39s
[491.496s][info][gc,start       ] GC(1317) Pause Full (Ergonomics)
[491.496s][info][gc,phases,start] GC(1317) Marking Phase
[491.782s][info][gc,phases      ] GC(1317) Marking Phase 286.389ms
[491.782s][info][gc,phases,start] GC(1317) Summary Phase
[491.782s][info][gc,phases      ] GC(1317) Summary Phase 0.036ms
[491.782s][info][gc,phases,start] GC(1317) Adjust Roots
[491.783s][info][gc,phases      ] GC(1317) Adjust Roots 0.258ms
[491.783s][info][gc,phases,start] GC(1317) Compaction Phase
[491.879s][info][gc,phases      ] GC(1317) Compaction Phase 96.192ms
[491.879s][info][gc,phases,start] GC(1317) Post Compact
[491.881s][info][gc,phases      ] GC(1317) Post Compact 1.530ms
[491.881s][info][gc,heap        ] GC(1317) PSYoungGen: 33771K(77312K)->33771K(77312K) Eden: 24575K(24576K)->24575K(24576K) From: 9195K(52736K)->9195K(52736K)
[491.881s][info][gc,heap        ] GC(1317) ParOldGen: 340139K(341504K)->340139K(341504K)
[491.881s][info][gc,metaspace   ] GC(1317) Metaspace: 6296K(6464K)->6296K(6464K) NonClass: 5763K(5824K)->5763K(5824K) Class: 532K(640K)->532K(640K)
[491.881s][info][gc             ] GC(1317) Pause Full (Ergonomics) 365M->365M(409M) 384.787ms
[491.881s][info][gc,cpu         ] GC(1317) User=0.33s Sys=0.00s Real=0.38s
[491.881s][info][gc,start       ] GC(1318) Pause Full (Ergonomics)
[491.881s][info][gc,phases,start] GC(1318) Marking Phase
[492.171s][info][gc,phases      ] GC(1318) Marking Phase 290.282ms
[492.171s][info][gc,phases,start] GC(1318) Summary Phase
[492.171s][info][gc,phases      ] GC(1318) Summary Phase 0.037ms
[492.171s][info][gc,phases,start] GC(1318) Adjust Roots
[492.172s][info][gc,phases      ] GC(1318) Adjust Roots 0.245ms
[492.172s][info][gc,phases,start] GC(1318) Compaction Phase
[492.270s][info][gc,phases      ] GC(1318) Compaction Phase 98.566ms
[492.270s][info][gc,phases,start] GC(1318) Post Compact
[492.272s][info][gc,phases      ] GC(1318) Post Compact 1.523ms
[492.272s][info][gc,heap        ] GC(1318) PSYoungGen: 33771K(77312K)->33771K(77312K) Eden: 24575K(24576K)->24575K(24576K) From: 9195K(52736K)->9195K(52736K)
[492.272s][info][gc,heap        ] GC(1318) ParOldGen: 340144K(341504K)->340144K(341504K)
[492.272s][info][gc,metaspace   ] GC(1318) Metaspace: 6296K(6464K)->6296K(6464K) NonClass: 5763K(5824K)->5763K(5824K) Class: 532K(640K)->532K(640K)
[492.272s][info][gc             ] GC(1318) Pause Full (Ergonomics) 365M->365M(409M) 391.124ms
[492.272s][info][gc,cpu         ] GC(1318) User=0.36s Sys=0.00s Real=0.39s
[492.272s][info][gc,start       ] GC(1319) Pause Full (Ergonomics)
[492.272s][info][gc,phases,start] GC(1319) Marking Phase
[492.559s][info][gc,phases      ] GC(1319) Marking Phase 286.843ms
[492.559s][info][gc,phases,start] GC(1319) Summary Phase
[492.559s][info][gc,phases      ] GC(1319) Summary Phase 0.035ms
[492.559s][info][gc,phases,start] GC(1319) Adjust Roots
[492.560s][info][gc,phases      ] GC(1319) Adjust Roots 0.282ms
[492.560s][info][gc,phases,start] GC(1319) Compaction Phase
[492.656s][info][gc,phases      ] GC(1319) Compaction Phase 96.446ms
[492.656s][info][gc,phases,start] GC(1319) Post Compact
[492.658s][info][gc,phases      ] GC(1319) Post Compact 1.554ms
[492.658s][info][gc,heap        ] GC(1319) PSYoungGen: 33771K(77312K)->33771K(77312K) Eden: 24575K(24576K)->24575K(24576K) From: 9195K(52736K)->9195K(52736K)
[492.658s][info][gc,heap        ] GC(1319) ParOldGen: 340148K(341504K)->340148K(341504K)
[492.658s][info][gc,metaspace   ] GC(1319) Metaspace: 6296K(6464K)->6296K(6464K) NonClass: 5763K(5824K)->5763K(5824K) Class: 532K(640K)->532K(640K)
[492.658s][info][gc             ] GC(1319) Pause Full (Ergonomics) 365M->365M(409M) 385.572ms
[492.658s][info][gc,cpu         ] GC(1319) User=0.31s Sys=0.02s Real=0.39s
[492.658s][info][gc,start       ] GC(1320) Pause Full (Ergonomics)
[492.658s][info][gc,phases,start] GC(1320) Marking Phase
[492.948s][info][gc,phases      ] GC(1320) Marking Phase 289.689ms
[492.948s][info][gc,phases,start] GC(1320) Summary Phase
[492.948s][info][gc,phases      ] GC(1320) Summary Phase 0.023ms
[492.948s][info][gc,phases,start] GC(1320) Adjust Roots
[492.948s][info][gc,phases      ] GC(1320) Adjust Roots 0.230ms
[492.948s][info][gc,phases,start] GC(1320) Compaction Phase
[493.046s][info][gc,phases      ] GC(1320) Compaction Phase 97.238ms
[493.046s][info][gc,phases,start] GC(1320) Post Compact
[493.047s][info][gc,phases      ] GC(1320) Post Compact 1.521ms
[493.047s][info][gc,heap        ] GC(1320) PSYoungGen: 33771K(77312K)->33771K(77312K) Eden: 24575K(24576K)->24575K(24576K) From: 9195K(52736K)->9195K(52736K)
[493.047s][info][gc,heap        ] GC(1320) ParOldGen: 340153K(341504K)->340153K(341504K)
[493.047s][info][gc,metaspace   ] GC(1320) Metaspace: 6296K(6464K)->6296K(6464K) NonClass: 5763K(5824K)->5763K(5824K) Class: 532K(640K)->532K(640K)
[493.047s][info][gc             ] GC(1320) Pause Full (Ergonomics) 365M->365M(409M) 389.074ms
[493.047s][info][gc,cpu         ] GC(1320) User=0.39s Sys=0.00s Real=0.39s
[493.048s][info][gc,start       ] GC(1321) Pause Full (Ergonomics)
[493.048s][info][gc,phases,start] GC(1321) Marking Phase
[493.333s][info][gc,phases      ] GC(1321) Marking Phase 285.472ms
[493.333s][info][gc,phases,start] GC(1321) Summary Phase
[493.333s][info][gc,phases      ] GC(1321) Summary Phase 0.034ms
[493.333s][info][gc,phases,start] GC(1321) Adjust Roots
[493.334s][info][gc,phases      ] GC(1321) Adjust Roots 0.243ms
[493.334s][info][gc,phases,start] GC(1321) Compaction Phase
[493.430s][info][gc,phases      ] GC(1321) Compaction Phase 96.291ms
[493.430s][info][gc,phases,start] GC(1321) Post Compact
[493.432s][info][gc,phases      ] GC(1321) Post Compact 1.530ms
[493.432s][info][gc,heap        ] GC(1321) PSYoungGen: 33771K(77312K)->33771K(77312K) Eden: 24575K(24576K)->24575K(24576K) From: 9195K(52736K)->9195K(52736K)
[493.432s][info][gc,heap        ] GC(1321) ParOldGen: 340158K(341504K)->340158K(341504K)
[493.432s][info][gc,metaspace   ] GC(1321) Metaspace: 6296K(6464K)->6296K(6464K) NonClass: 5763K(5824K)->5763K(5824K) Class: 532K(640K)->532K(640K)
[493.432s][info][gc             ] GC(1321) Pause Full (Ergonomics) 365M->365M(409M) 383.993ms
[493.432s][info][gc,cpu         ] GC(1321) User=0.36s Sys=0.00s Real=0.38s
[493.432s][info][gc,start       ] GC(1322) Pause Full (Ergonomics)
[493.432s][info][gc,phases,start] GC(1322) Marking Phase
[493.722s][info][gc,phases      ] GC(1322) Marking Phase 290.293ms
[493.722s][info][gc,phases,start] GC(1322) Summary Phase
[493.723s][info][gc,phases      ] GC(1322) Summary Phase 0.036ms
[493.723s][info][gc,phases,start] GC(1322) Adjust Roots
[493.723s][info][gc,phases      ] GC(1322) Adjust Roots 0.288ms
[493.723s][info][gc,phases,start] GC(1322) Compaction Phase
[493.821s][info][gc,phases      ] GC(1322) Compaction Phase 98.537ms
[493.822s][info][gc,phases,start] GC(1322) Post Compact
[493.823s][info][gc,phases      ] GC(1322) Post Compact 1.520ms
[493.823s][info][gc,heap        ] GC(1322) PSYoungGen: 33771K(77312K)->33771K(77312K) Eden: 24575K(24576K)->24575K(24576K) From: 9195K(52736K)->9195K(52736K)
[493.823s][info][gc,heap        ] GC(1322) ParOldGen: 340162K(341504K)->340162K(341504K)
[493.823s][info][gc,metaspace   ] GC(1322) Metaspace: 6296K(6464K)->6296K(6464K) NonClass: 5763K(5824K)->5763K(5824K) Class: 532K(640K)->532K(640K)
[493.823s][info][gc             ] GC(1322) Pause Full (Ergonomics) 365M->365M(409M) 391.059ms
[493.823s][info][gc,cpu         ] GC(1322) User=0.38s Sys=0.00s Real=0.39s
[493.823s][info][gc,start       ] GC(1323) Pause Full (Ergonomics)
[493.823s][info][gc,phases,start] GC(1323) Marking Phase
[494.111s][info][gc,phases      ] GC(1323) Marking Phase 287.706ms
[494.111s][info][gc,phases,start] GC(1323) Summary Phase
[494.111s][info][gc,phases      ] GC(1323) Summary Phase 0.035ms
[494.111s][info][gc,phases,start] GC(1323) Adjust Roots
[494.112s][info][gc,phases      ] GC(1323) Adjust Roots 0.270ms
[494.112s][info][gc,phases,start] GC(1323) Compaction Phase
[494.207s][info][gc,phases      ] GC(1323) Compaction Phase 94.875ms
[494.207s][info][gc,phases,start] GC(1323) Post Compact
[494.208s][info][gc,phases      ] GC(1323) Post Compact 1.549ms
[494.208s][info][gc,heap        ] GC(1323) PSYoungGen: 33771K(77312K)->33771K(77312K) Eden: 24575K(24576K)->24575K(24576K) From: 9195K(52736K)->9195K(52736K)
[494.208s][info][gc,heap        ] GC(1323) ParOldGen: 340167K(341504K)->340167K(341504K)
[494.208s][info][gc,metaspace   ] GC(1323) Metaspace: 6296K(6464K)->6296K(6464K) NonClass: 5763K(5824K)->5763K(5824K) Class: 532K(640K)->532K(640K)
[494.208s][info][gc             ] GC(1323) Pause Full (Ergonomics) 365M->365M(409M) 384.824ms
[494.208s][info][gc,cpu         ] GC(1323) User=0.34s Sys=0.00s Real=0.38s
[494.209s][info][gc,start       ] GC(1324) Pause Full (Ergonomics)
[494.209s][info][gc,phases,start] GC(1324) Marking Phase
[494.498s][info][gc,phases      ] GC(1324) Marking Phase 289.726ms
[494.498s][info][gc,phases,start] GC(1324) Summary Phase
[494.498s][info][gc,phases      ] GC(1324) Summary Phase 0.020ms
[494.498s][info][gc,phases,start] GC(1324) Adjust Roots
[494.499s][info][gc,phases      ] GC(1324) Adjust Roots 0.336ms
[494.499s][info][gc,phases,start] GC(1324) Compaction Phase
[494.597s][info][gc,phases      ] GC(1324) Compaction Phase 97.640ms
[494.597s][info][gc,phases,start] GC(1324) Post Compact
[494.598s][info][gc,phases      ] GC(1324) Post Compact 1.551ms
[494.598s][info][gc,heap        ] GC(1324) PSYoungGen: 33771K(77312K)->33771K(77312K) Eden: 24575K(24576K)->24575K(24576K) From: 9195K(52736K)->9195K(52736K)
[494.598s][info][gc,heap        ] GC(1324) ParOldGen: 340172K(341504K)->340172K(341504K)
[494.598s][info][gc,metaspace   ] GC(1324) Metaspace: 6296K(6464K)->6296K(6464K) NonClass: 5763K(5824K)->5763K(5824K) Class: 532K(640K)->532K(640K)
[494.598s][info][gc             ] GC(1324) Pause Full (Ergonomics) 365M->365M(409M) 389.616ms
[494.598s][info][gc,cpu         ] GC(1324) User=0.34s Sys=0.00s Real=0.39s
[494.599s][info][gc,start       ] GC(1325) Pause Full (Ergonomics)
[494.599s][info][gc,phases,start] GC(1325) Marking Phase
[494.885s][info][gc,phases      ] GC(1325) Marking Phase 286.579ms
[494.885s][info][gc,phases,start] GC(1325) Summary Phase
[494.885s][info][gc,phases      ] GC(1325) Summary Phase 0.022ms
[494.885s][info][gc,phases,start] GC(1325) Adjust Roots
[494.885s][info][gc,phases      ] GC(1325) Adjust Roots 0.225ms
[494.886s][info][gc,phases,start] GC(1325) Compaction Phase
[494.983s][info][gc,phases      ] GC(1325) Compaction Phase 97.124ms
[494.983s][info][gc,phases,start] GC(1325) Post Compact
[494.984s][info][gc,phases      ] GC(1325) Post Compact 1.507ms
[494.984s][info][gc,heap        ] GC(1325) PSYoungGen: 33771K(77312K)->33771K(77312K) Eden: 24575K(24576K)->24575K(24576K) From: 9195K(52736K)->9195K(52736K)
[494.984s][info][gc,heap        ] GC(1325) ParOldGen: 340176K(341504K)->340176K(341504K)
[494.984s][info][gc,metaspace   ] GC(1325) Metaspace: 6296K(6464K)->6296K(6464K) NonClass: 5763K(5824K)->5763K(5824K) Class: 532K(640K)->532K(640K)
[494.984s][info][gc             ] GC(1325) Pause Full (Ergonomics) 365M->365M(409M) 385.827ms
[494.984s][info][gc,cpu         ] GC(1325) User=0.38s Sys=0.00s Real=0.38s
[494.985s][info][gc,start       ] GC(1326) Pause Full (Ergonomics)
[494.985s][info][gc,phases,start] GC(1326) Marking Phase
[495.270s][info][gc,phases      ] GC(1326) Marking Phase 285.292ms
[495.270s][info][gc,phases,start] GC(1326) Summary Phase
[495.270s][info][gc,phases      ] GC(1326) Summary Phase 0.035ms
[495.270s][info][gc,phases,start] GC(1326) Adjust Roots
[495.271s][info][gc,phases      ] GC(1326) Adjust Roots 0.307ms
[495.271s][info][gc,phases,start] GC(1326) Compaction Phase
[495.367s][info][gc,phases      ] GC(1326) Compaction Phase 96.610ms
[495.367s][info][gc,phases,start] GC(1326) Post Compact
[495.369s][info][gc,phases      ] GC(1326) Post Compact 1.586ms
[495.369s][info][gc,heap        ] GC(1326) PSYoungGen: 33771K(77312K)->33771K(77312K) Eden: 24575K(24576K)->24575K(24576K) From: 9195K(52736K)->9195K(52736K)
[495.369s][info][gc,heap        ] GC(1326) ParOldGen: 340181K(341504K)->340181K(341504K)
[495.369s][info][gc,metaspace   ] GC(1326) Metaspace: 6296K(6464K)->6296K(6464K) NonClass: 5763K(5824K)->5763K(5824K) Class: 532K(640K)->532K(640K)
[495.369s][info][gc             ] GC(1326) Pause Full (Ergonomics) 365M->365M(409M) 384.253ms
[495.369s][info][gc,cpu         ] GC(1326) User=0.36s Sys=0.00s Real=0.38s
[495.369s][info][gc,start       ] GC(1327) Pause Full (Ergonomics)
[495.369s][info][gc,phases,start] GC(1327) Marking Phase
[495.656s][info][gc,phases      ] GC(1327) Marking Phase 286.319ms
[495.656s][info][gc,phases,start] GC(1327) Summary Phase
[495.656s][info][gc,phases      ] GC(1327) Summary Phase 0.035ms
[495.656s][info][gc,phases,start] GC(1327) Adjust Roots
[495.656s][info][gc,phases      ] GC(1327) Adjust Roots 0.233ms
[495.656s][info][gc,phases,start] GC(1327) Compaction Phase
[495.755s][info][gc,phases      ] GC(1327) Compaction Phase 99.031ms
[495.755s][info][gc,phases,start] GC(1327) Post Compact
[495.757s][info][gc,phases      ] GC(1327) Post Compact 1.551ms
[495.757s][info][gc,heap        ] GC(1327) PSYoungGen: 33771K(77312K)->33771K(77312K) Eden: 24575K(24576K)->24575K(24576K) From: 9195K(52736K)->9195K(52736K)
[495.757s][info][gc,heap        ] GC(1327) ParOldGen: 340186K(341504K)->340186K(341504K)
[495.757s][info][gc,metaspace   ] GC(1327) Metaspace: 6296K(6464K)->6296K(6464K) NonClass: 5763K(5824K)->5763K(5824K) Class: 532K(640K)->532K(640K)
[495.757s][info][gc             ] GC(1327) Pause Full (Ergonomics) 365M->365M(409M) 387.560ms
[495.757s][info][gc,cpu         ] GC(1327) User=0.34s Sys=0.00s Real=0.39s
[495.757s][info][gc,start       ] GC(1328) Pause Full (Ergonomics)
[495.757s][info][gc,phases,start] GC(1328) Marking Phase
[496.043s][info][gc,phases      ] GC(1328) Marking Phase 286.185ms
[496.044s][info][gc,phases,start] GC(1328) Summary Phase
[496.044s][info][gc,phases      ] GC(1328) Summary Phase 0.035ms
[496.044s][info][gc,phases,start] GC(1328) Adjust Roots
[496.044s][info][gc,phases      ] GC(1328) Adjust Roots 0.267ms
[496.044s][info][gc,phases,start] GC(1328) Compaction Phase
[496.140s][info][gc,phases      ] GC(1328) Compaction Phase 96.209ms
[496.140s][info][gc,phases,start] GC(1328) Post Compact
[496.142s][info][gc,phases      ] GC(1328) Post Compact 1.550ms
[496.142s][info][gc,heap        ] GC(1328) PSYoungGen: 33771K(77312K)->33771K(77312K) Eden: 24575K(24576K)->24575K(24576K) From: 9195K(52736K)->9195K(52736K)
[496.142s][info][gc,heap        ] GC(1328) ParOldGen: 340190K(341504K)->340190K(341504K)
[496.142s][info][gc,metaspace   ] GC(1328) Metaspace: 6296K(6464K)->6296K(6464K) NonClass: 5763K(5824K)->5763K(5824K) Class: 532K(640K)->532K(640K)
[496.142s][info][gc             ] GC(1328) Pause Full (Ergonomics) 365M->365M(409M) 384.690ms
[496.142s][info][gc,cpu         ] GC(1328) User=0.34s Sys=0.00s Real=0.38s
[496.142s][info][gc,start       ] GC(1329) Pause Full (Ergonomics)
[496.142s][info][gc,phases,start] GC(1329) Marking Phase
[496.431s][info][gc,phases      ] GC(1329) Marking Phase 289.060ms
[496.431s][info][gc,phases,start] GC(1329) Summary Phase
[496.431s][info][gc,phases      ] GC(1329) Summary Phase 0.024ms
[496.431s][info][gc,phases,start] GC(1329) Adjust Roots
[496.432s][info][gc,phases      ] GC(1329) Adjust Roots 0.233ms
[496.432s][info][gc,phases,start] GC(1329) Compaction Phase
[496.530s][info][gc,phases      ] GC(1329) Compaction Phase 97.834ms
[496.530s][info][gc,phases,start] GC(1329) Post Compact
[496.531s][info][gc,phases      ] GC(1329) Post Compact 1.633ms
[496.531s][info][gc,heap        ] GC(1329) PSYoungGen: 33771K(77312K)->33771K(77312K) Eden: 24575K(24576K)->24575K(24576K) From: 9195K(52736K)->9195K(52736K)
[496.531s][info][gc,heap        ] GC(1329) ParOldGen: 340195K(341504K)->340195K(341504K)
[496.531s][info][gc,metaspace   ] GC(1329) Metaspace: 6296K(6464K)->6296K(6464K) NonClass: 5763K(5824K)->5763K(5824K) Class: 532K(640K)->532K(640K)
[496.531s][info][gc             ] GC(1329) Pause Full (Ergonomics) 365M->365M(409M) 389.172ms
[496.531s][info][gc,cpu         ] GC(1329) User=0.38s Sys=0.00s Real=0.39s
[496.532s][info][gc,start       ] GC(1330) Pause Full (Ergonomics)
[496.532s][info][gc,phases,start] GC(1330) Marking Phase
[496.817s][info][gc,phases      ] GC(1330) Marking Phase 285.469ms
[496.817s][info][gc,phases,start] GC(1330) Summary Phase
[496.817s][info][gc,phases      ] GC(1330) Summary Phase 0.035ms
[496.817s][info][gc,phases,start] GC(1330) Adjust Roots
[496.818s][info][gc,phases      ] GC(1330) Adjust Roots 0.264ms
[496.818s][info][gc,phases,start] GC(1330) Compaction Phase
[496.914s][info][gc,phases      ] GC(1330) Compaction Phase 96.137ms
[496.914s][info][gc,phases,start] GC(1330) Post Compact
[496.915s][info][gc,phases      ] GC(1330) Post Compact 1.531ms
[496.916s][info][gc,heap        ] GC(1330) PSYoungGen: 33771K(77312K)->33771K(77312K) Eden: 24575K(24576K)->24575K(24576K) From: 9195K(52736K)->9195K(52736K)
[496.916s][info][gc,heap        ] GC(1330) ParOldGen: 340200K(341504K)->340200K(341504K)
[496.916s][info][gc,metaspace   ] GC(1330) Metaspace: 6296K(6464K)->6296K(6464K) NonClass: 5763K(5824K)->5763K(5824K) Class: 532K(640K)->532K(640K)
[496.916s][info][gc             ] GC(1330) Pause Full (Ergonomics) 365M->365M(409M) 383.881ms
[496.916s][info][gc,cpu         ] GC(1330) User=0.38s Sys=0.00s Real=0.38s
[496.916s][info][gc,start       ] GC(1331) Pause Full (Ergonomics)
[496.916s][info][gc,phases,start] GC(1331) Marking Phase
[497.208s][info][gc,phases      ] GC(1331) Marking Phase 291.609ms
[497.208s][info][gc,phases,start] GC(1331) Summary Phase
[497.208s][info][gc,phases      ] GC(1331) Summary Phase 0.036ms
[497.208s][info][gc,phases,start] GC(1331) Adjust Roots
[497.208s][info][gc,phases      ] GC(1331) Adjust Roots 0.297ms
[497.208s][info][gc,phases,start] GC(1331) Compaction Phase
[497.307s][info][gc,phases      ] GC(1331) Compaction Phase 98.515ms
[497.307s][info][gc,phases,start] GC(1331) Post Compact
[497.308s][info][gc,phases      ] GC(1331) Post Compact 1.611ms
[497.308s][info][gc,heap        ] GC(1331) PSYoungGen: 33771K(77312K)->33771K(77312K) Eden: 24575K(24576K)->24575K(24576K) From: 9195K(52736K)->9195K(52736K)
[497.308s][info][gc,heap        ] GC(1331) ParOldGen: 340204K(341504K)->340204K(341504K)
[497.308s][info][gc,metaspace   ] GC(1331) Metaspace: 6296K(6464K)->6296K(6464K) NonClass: 5763K(5824K)->5763K(5824K) Class: 532K(640K)->532K(640K)
[497.308s][info][gc             ] GC(1331) Pause Full (Ergonomics) 365M->365M(409M) 392.467ms
[497.308s][info][gc,cpu         ] GC(1331) User=0.38s Sys=0.00s Real=0.39s
[497.309s][info][gc,start       ] GC(1332) Pause Full (Ergonomics)
[497.309s][info][gc,phases,start] GC(1332) Marking Phase
[497.595s][info][gc,phases      ] GC(1332) Marking Phase 286.212ms
[497.595s][info][gc,phases,start] GC(1332) Summary Phase
[497.595s][info][gc,phases      ] GC(1332) Summary Phase 0.035ms
[497.595s][info][gc,phases,start] GC(1332) Adjust Roots
[497.595s][info][gc,phases      ] GC(1332) Adjust Roots 0.262ms
[497.595s][info][gc,phases,start] GC(1332) Compaction Phase
[497.692s][info][gc,phases      ] GC(1332) Compaction Phase 96.931ms
[497.692s][info][gc,phases,start] GC(1332) Post Compact
[497.694s][info][gc,phases      ] GC(1332) Post Compact 1.574ms
[497.694s][info][gc,heap        ] GC(1332) PSYoungGen: 33771K(77312K)->33771K(77312K) Eden: 24575K(24576K)->24575K(24576K) From: 9195K(52736K)->9195K(52736K)
[497.694s][info][gc,heap        ] GC(1332) ParOldGen: 340209K(341504K)->340209K(341504K)
[497.694s][info][gc,metaspace   ] GC(1332) Metaspace: 6296K(6464K)->6296K(6464K) NonClass: 5763K(5824K)->5763K(5824K) Class: 532K(640K)->532K(640K)
[497.694s][info][gc             ] GC(1332) Pause Full (Ergonomics) 365M->365M(409M) 385.435ms
[497.694s][info][gc,cpu         ] GC(1332) User=0.34s Sys=0.00s Real=0.39s
[497.694s][info][gc,start       ] GC(1333) Pause Full (Ergonomics)
[497.695s][info][gc,phases,start] GC(1333) Marking Phase
[497.982s][info][gc,phases      ] GC(1333) Marking Phase 287.682ms
[497.982s][info][gc,phases,start] GC(1333) Summary Phase
[497.982s][info][gc,phases      ] GC(1333) Summary Phase 0.035ms
[497.982s][info][gc,phases,start] GC(1333) Adjust Roots
[497.983s][info][gc,phases      ] GC(1333) Adjust Roots 0.288ms
[497.983s][info][gc,phases,start] GC(1333) Compaction Phase
[498.081s][info][gc,phases      ] GC(1333) Compaction Phase 98.500ms
[498.081s][info][gc,phases,start] GC(1333) Post Compact
[498.083s][info][gc,phases      ] GC(1333) Post Compact 1.552ms
[498.083s][info][gc,heap        ] GC(1333) PSYoungGen: 33771K(77312K)->33771K(77312K) Eden: 24575K(24576K)->24575K(24576K) From: 9195K(52736K)->9195K(52736K)
[498.083s][info][gc,heap        ] GC(1333) ParOldGen: 340214K(341504K)->340214K(341504K)
[498.083s][info][gc,metaspace   ] GC(1333) Metaspace: 6296K(6464K)->6296K(6464K) NonClass: 5763K(5824K)->5763K(5824K) Class: 532K(640K)->532K(640K)
[498.083s][info][gc             ] GC(1333) Pause Full (Ergonomics) 365M->365M(409M) 388.473ms
[498.083s][info][gc,cpu         ] GC(1333) User=0.36s Sys=0.00s Real=0.39s
[498.083s][info][gc,start       ] GC(1334) Pause Full (Ergonomics)
[498.083s][info][gc,phases,start] GC(1334) Marking Phase
[498.373s][info][gc,phases      ] GC(1334) Marking Phase 289.589ms
[498.373s][info][gc,phases,start] GC(1334) Summary Phase
[498.373s][info][gc,phases      ] GC(1334) Summary Phase 0.023ms
[498.373s][info][gc,phases,start] GC(1334) Adjust Roots
[498.373s][info][gc,phases      ] GC(1334) Adjust Roots 0.235ms
[498.373s][info][gc,phases,start] GC(1334) Compaction Phase
[498.472s][info][gc,phases      ] GC(1334) Compaction Phase 98.794ms
[498.472s][info][gc,phases,start] GC(1334) Post Compact
[498.474s][info][gc,phases      ] GC(1334) Post Compact 1.580ms
[498.474s][info][gc,heap        ] GC(1334) PSYoungGen: 33771K(77312K)->33771K(77312K) Eden: 24575K(24576K)->24575K(24576K) From: 9195K(52736K)->9195K(52736K)
[498.474s][info][gc,heap        ] GC(1334) ParOldGen: 340218K(341504K)->340218K(341504K)
[498.474s][info][gc,metaspace   ] GC(1334) Metaspace: 6296K(6464K)->6296K(6464K) NonClass: 5763K(5824K)->5763K(5824K) Class: 532K(640K)->532K(640K)
[498.474s][info][gc             ] GC(1334) Pause Full (Ergonomics) 365M->365M(409M) 390.721ms
[498.474s][info][gc,cpu         ] GC(1334) User=0.38s Sys=0.02s Real=0.39s
[498.474s][info][gc,start       ] GC(1335) Pause Full (Ergonomics)
[498.474s][info][gc,phases,start] GC(1335) Marking Phase
[498.760s][info][gc,phases      ] GC(1335) Marking Phase 285.929ms
[498.760s][info][gc,phases,start] GC(1335) Summary Phase
[498.760s][info][gc,phases      ] GC(1335) Summary Phase 0.034ms
[498.760s][info][gc,phases,start] GC(1335) Adjust Roots
[498.761s][info][gc,phases      ] GC(1335) Adjust Roots 0.262ms
[498.761s][info][gc,phases,start] GC(1335) Compaction Phase
[498.857s][info][gc,phases      ] GC(1335) Compaction Phase 95.907ms
[498.857s][info][gc,phases,start] GC(1335) Post Compact
[498.858s][info][gc,phases      ] GC(1335) Post Compact 1.527ms
[498.858s][info][gc,heap        ] GC(1335) PSYoungGen: 33771K(77312K)->33771K(77312K) Eden: 24575K(24576K)->24575K(24576K) From: 9195K(52736K)->9195K(52736K)
[498.858s][info][gc,heap        ] GC(1335) ParOldGen: 340223K(341504K)->340223K(341504K)
[498.858s][info][gc,metaspace   ] GC(1335) Metaspace: 6296K(6464K)->6296K(6464K) NonClass: 5763K(5824K)->5763K(5824K) Class: 532K(640K)->532K(640K)
[498.858s][info][gc             ] GC(1335) Pause Full (Ergonomics) 365M->365M(409M) 384.057ms
[498.858s][info][gc,cpu         ] GC(1335) User=0.34s Sys=0.00s Real=0.38s
[498.859s][info][gc,start       ] GC(1336) Pause Full (Ergonomics)
[498.859s][info][gc,phases,start] GC(1336) Marking Phase
[499.148s][info][gc,phases      ] GC(1336) Marking Phase 289.359ms
[499.148s][info][gc,phases,start] GC(1336) Summary Phase
[499.149s][info][gc,phases      ] GC(1336) Summary Phase 0.079ms
[499.149s][info][gc,phases,start] GC(1336) Adjust Roots
[499.149s][info][gc,phases      ] GC(1336) Adjust Roots 0.222ms
[499.149s][info][gc,phases,start] GC(1336) Compaction Phase
[499.246s][info][gc,phases      ] GC(1336) Compaction Phase 97.144ms
[499.246s][info][gc,phases,start] GC(1336) Post Compact
[499.248s][info][gc,phases      ] GC(1336) Post Compact 1.733ms
[499.248s][info][gc,heap        ] GC(1336) PSYoungGen: 33771K(77312K)->33771K(77312K) Eden: 24575K(24576K)->24575K(24576K) From: 9195K(52736K)->9195K(52736K)
[499.248s][info][gc,heap        ] GC(1336) ParOldGen: 340228K(341504K)->340228K(341504K)
[499.248s][info][gc,metaspace   ] GC(1336) Metaspace: 6296K(6464K)->6296K(6464K) NonClass: 5763K(5824K)->5763K(5824K) Class: 532K(640K)->532K(640K)
[499.248s][info][gc             ] GC(1336) Pause Full (Ergonomics) 365M->365M(409M) 388.933ms
[499.248s][info][gc,cpu         ] GC(1336) User=0.36s Sys=0.00s Real=0.39s
[499.249s][info][gc,start       ] GC(1337) Pause Full (Ergonomics)
[499.249s][info][gc,phases,start] GC(1337) Marking Phase
[499.538s][info][gc,phases      ] GC(1337) Marking Phase 289.117ms
[499.538s][info][gc,phases,start] GC(1337) Summary Phase
[499.538s][info][gc,phases      ] GC(1337) Summary Phase 0.056ms
[499.538s][info][gc,phases,start] GC(1337) Adjust Roots
[499.538s][info][gc,phases      ] GC(1337) Adjust Roots 0.218ms
[499.538s][info][gc,phases,start] GC(1337) Compaction Phase
[499.636s][info][gc,phases      ] GC(1337) Compaction Phase 97.891ms
[499.636s][info][gc,phases,start] GC(1337) Post Compact
[499.638s][info][gc,phases      ] GC(1337) Post Compact 1.537ms
[499.638s][info][gc,heap        ] GC(1337) PSYoungGen: 33771K(77312K)->33771K(77312K) Eden: 24575K(24576K)->24575K(24576K) From: 9195K(52736K)->9195K(52736K)
[499.638s][info][gc,heap        ] GC(1337) ParOldGen: 340232K(341504K)->340232K(341504K)
[499.638s][info][gc,metaspace   ] GC(1337) Metaspace: 6296K(6464K)->6296K(6464K) NonClass: 5763K(5824K)->5763K(5824K) Class: 532K(640K)->532K(640K)
[499.638s][info][gc             ] GC(1337) Pause Full (Ergonomics) 365M->365M(409M) 389.207ms
[499.638s][info][gc,cpu         ] GC(1337) User=0.38s Sys=0.00s Real=0.39s
[499.638s][info][gc,start       ] GC(1338) Pause Full (Ergonomics)
[499.638s][info][gc,phases,start] GC(1338) Marking Phase
[499.924s][info][gc,phases      ] GC(1338) Marking Phase 286.162ms
[499.924s][info][gc,phases,start] GC(1338) Summary Phase
[499.925s][info][gc,phases      ] GC(1338) Summary Phase 0.034ms
[499.925s][info][gc,phases,start] GC(1338) Adjust Roots
[499.925s][info][gc,phases      ] GC(1338) Adjust Roots 0.266ms
[499.925s][info][gc,phases,start] GC(1338) Compaction Phase
[500.022s][info][gc,phases      ] GC(1338) Compaction Phase 96.702ms
[500.022s][info][gc,phases,start] GC(1338) Post Compact
[500.023s][info][gc,phases      ] GC(1338) Post Compact 1.540ms
[500.023s][info][gc,heap        ] GC(1338) PSYoungGen: 33771K(77312K)->33771K(77312K) Eden: 24575K(24576K)->24575K(24576K) From: 9195K(52736K)->9195K(52736K)
[500.023s][info][gc,heap        ] GC(1338) ParOldGen: 340237K(341504K)->340237K(341504K)
[500.023s][info][gc,metaspace   ] GC(1338) Metaspace: 6296K(6464K)->6296K(6464K) NonClass: 5763K(5824K)->5763K(5824K) Class: 532K(640K)->532K(640K)
[500.023s][info][gc             ] GC(1338) Pause Full (Ergonomics) 365M->365M(409M) 385.105ms
[500.023s][info][gc,cpu         ] GC(1338) User=0.33s Sys=0.00s Real=0.38s
[500.024s][info][gc,start       ] GC(1339) Pause Full (Ergonomics)
[500.024s][info][gc,phases,start] GC(1339) Marking Phase
[500.314s][info][gc,phases      ] GC(1339) Marking Phase 289.996ms
[500.314s][info][gc,phases,start] GC(1339) Summary Phase
[500.314s][info][gc,phases      ] GC(1339) Summary Phase 0.024ms
[500.314s][info][gc,phases,start] GC(1339) Adjust Roots
[500.314s][info][gc,phases      ] GC(1339) Adjust Roots 0.215ms
[500.314s][info][gc,phases,start] GC(1339) Compaction Phase
[500.413s][info][gc,phases      ] GC(1339) Compaction Phase 98.953ms
[500.413s][info][gc,phases,start] GC(1339) Post Compact
[500.415s][info][gc,phases      ] GC(1339) Post Compact 1.529ms
[500.415s][info][gc,heap        ] GC(1339) PSYoungGen: 33771K(77312K)->33771K(77312K) Eden: 24575K(24576K)->24575K(24576K) From: 9195K(52736K)->9195K(52736K)
[500.415s][info][gc,heap        ] GC(1339) ParOldGen: 340242K(341504K)->340242K(341504K)
[500.415s][info][gc,metaspace   ] GC(1339) Metaspace: 6296K(6464K)->6296K(6464K) NonClass: 5763K(5824K)->5763K(5824K) Class: 532K(640K)->532K(640K)
[500.415s][info][gc             ] GC(1339) Pause Full (Ergonomics) 365M->365M(409M) 391.070ms
[500.415s][info][gc,cpu         ] GC(1339) User=0.36s Sys=0.00s Real=0.39s
[500.415s][info][gc,start       ] GC(1340) Pause Full (Ergonomics)
[500.415s][info][gc,phases,start] GC(1340) Marking Phase
[500.701s][info][gc,phases      ] GC(1340) Marking Phase 286.457ms
[500.701s][info][gc,phases,start] GC(1340) Summary Phase
[500.702s][info][gc,phases      ] GC(1340) Summary Phase 0.022ms
[500.702s][info][gc,phases,start] GC(1340) Adjust Roots
[500.702s][info][gc,phases      ] GC(1340) Adjust Roots 0.231ms
[500.702s][info][gc,phases,start] GC(1340) Compaction Phase
[500.799s][info][gc,phases      ] GC(1340) Compaction Phase 96.880ms
[500.799s][info][gc,phases,start] GC(1340) Post Compact
[500.800s][info][gc,phases      ] GC(1340) Post Compact 1.552ms
[500.800s][info][gc,heap        ] GC(1340) PSYoungGen: 33771K(77312K)->33771K(77312K) Eden: 24575K(24576K)->24575K(24576K) From: 9195K(52736K)->9195K(52736K)
[500.800s][info][gc,heap        ] GC(1340) ParOldGen: 340246K(341504K)->340246K(341504K)
[500.800s][info][gc,metaspace   ] GC(1340) Metaspace: 6296K(6464K)->6296K(6464K) NonClass: 5763K(5824K)->5763K(5824K) Class: 532K(640K)->532K(640K)
[500.800s][info][gc             ] GC(1340) Pause Full (Ergonomics) 365M->365M(409M) 385.489ms
[500.800s][info][gc,cpu         ] GC(1340) User=0.34s Sys=0.00s Real=0.38s
[500.801s][info][gc,start       ] GC(1341) Pause Full (Ergonomics)
[500.801s][info][gc,phases,start] GC(1341) Marking Phase
[501.087s][info][gc,phases      ] GC(1341) Marking Phase 285.921ms
[501.087s][info][gc,phases,start] GC(1341) Summary Phase
[501.087s][info][gc,phases      ] GC(1341) Summary Phase 0.035ms
[501.087s][info][gc,phases,start] GC(1341) Adjust Roots
[501.087s][info][gc,phases      ] GC(1341) Adjust Roots 0.286ms
[501.087s][info][gc,phases,start] GC(1341) Compaction Phase
[501.184s][info][gc,phases      ] GC(1341) Compaction Phase 96.560ms
[501.184s][info][gc,phases,start] GC(1341) Post Compact
[501.185s][info][gc,phases      ] GC(1341) Post Compact 1.541ms
[501.185s][info][gc,heap        ] GC(1341) PSYoungGen: 33771K(77312K)->33771K(77312K) Eden: 24575K(24576K)->24575K(24576K) From: 9195K(52736K)->9195K(52736K)
[501.186s][info][gc,heap        ] GC(1341) ParOldGen: 340251K(341504K)->340251K(341504K)
[501.186s][info][gc,metaspace   ] GC(1341) Metaspace: 6296K(6464K)->6296K(6464K) NonClass: 5763K(5824K)->5763K(5824K) Class: 532K(640K)->532K(640K)
[501.186s][info][gc             ] GC(1341) Pause Full (Ergonomics) 365M->365M(409M) 384.840ms
[501.186s][info][gc,cpu         ] GC(1341) User=0.36s Sys=0.00s Real=0.38s
[501.186s][info][gc,start       ] GC(1342) Pause Full (Ergonomics)
[501.186s][info][gc,phases,start] GC(1342) Marking Phase
[501.472s][info][gc,phases      ] GC(1342) Marking Phase 285.816ms
[501.472s][info][gc,phases,start] GC(1342) Summary Phase
[501.472s][info][gc,phases      ] GC(1342) Summary Phase 0.023ms
[501.472s][info][gc,phases,start] GC(1342) Adjust Roots
[501.472s][info][gc,phases      ] GC(1342) Adjust Roots 0.233ms
[501.472s][info][gc,phases,start] GC(1342) Compaction Phase
[501.570s][info][gc,phases      ] GC(1342) Compaction Phase 97.658ms
[501.570s][info][gc,phases,start] GC(1342) Post Compact
[501.571s][info][gc,phases      ] GC(1342) Post Compact 1.548ms
[501.571s][info][gc,heap        ] GC(1342) PSYoungGen: 33771K(77312K)->33771K(77312K) Eden: 24575K(24576K)->24575K(24576K) From: 9195K(52736K)->9195K(52736K)
[501.571s][info][gc,heap        ] GC(1342) ParOldGen: 340256K(341504K)->340256K(341504K)
[501.571s][info][gc,metaspace   ] GC(1342) Metaspace: 6296K(6464K)->6296K(6464K) NonClass: 5763K(5824K)->5763K(5824K) Class: 532K(640K)->532K(640K)
[501.571s][info][gc             ] GC(1342) Pause Full (Ergonomics) 365M->365M(409M) 385.628ms
[501.571s][info][gc,cpu         ] GC(1342) User=0.38s Sys=0.00s Real=0.39s
[501.572s][info][gc,start       ] GC(1343) Pause Full (Ergonomics)
[501.572s][info][gc,phases,start] GC(1343) Marking Phase
[501.862s][info][gc,phases      ] GC(1343) Marking Phase 290.281ms
[501.862s][info][gc,phases,start] GC(1343) Summary Phase
[501.862s][info][gc,phases      ] GC(1343) Summary Phase 0.035ms
[501.862s][info][gc,phases,start] GC(1343) Adjust Roots
[501.862s][info][gc,phases      ] GC(1343) Adjust Roots 0.270ms
[501.862s][info][gc,phases,start] GC(1343) Compaction Phase
[501.961s][info][gc,phases      ] GC(1343) Compaction Phase 98.014ms
[501.961s][info][gc,phases,start] GC(1343) Post Compact
[501.962s][info][gc,phases      ] GC(1343) Post Compact 1.537ms
[501.962s][info][gc,heap        ] GC(1343) PSYoungGen: 33771K(77312K)->33771K(77312K) Eden: 24575K(24576K)->24575K(24576K) From: 9195K(52736K)->9195K(52736K)
[501.962s][info][gc,heap        ] GC(1343) ParOldGen: 340260K(341504K)->340260K(341504K)
[501.962s][info][gc,metaspace   ] GC(1343) Metaspace: 6296K(6464K)->6296K(6464K) NonClass: 5763K(5824K)->5763K(5824K) Class: 532K(640K)->532K(640K)
[501.962s][info][gc             ] GC(1343) Pause Full (Ergonomics) 365M->365M(409M) 390.526ms
[501.962s][info][gc,cpu         ] GC(1343) User=0.38s Sys=0.00s Real=0.39s
[501.962s][info][gc,start       ] GC(1344) Pause Full (Ergonomics)
[501.963s][info][gc,phases,start] GC(1344) Marking Phase
[502.249s][info][gc,phases      ] GC(1344) Marking Phase 286.394ms
[502.249s][info][gc,phases,start] GC(1344) Summary Phase
[502.249s][info][gc,phases      ] GC(1344) Summary Phase 0.035ms
[502.249s][info][gc,phases,start] GC(1344) Adjust Roots
[502.249s][info][gc,phases      ] GC(1344) Adjust Roots 0.251ms
[502.249s][info][gc,phases,start] GC(1344) Compaction Phase
[502.346s][info][gc,phases      ] GC(1344) Compaction Phase 96.328ms
[502.346s][info][gc,phases,start] GC(1344) Post Compact
[502.347s][info][gc,phases      ] GC(1344) Post Compact 1.642ms
[502.347s][info][gc,heap        ] GC(1344) PSYoungGen: 33771K(77312K)->33771K(77312K) Eden: 24575K(24576K)->24575K(24576K) From: 9195K(52736K)->9195K(52736K)
[502.348s][info][gc,heap        ] GC(1344) ParOldGen: 340265K(341504K)->340265K(341504K)
[502.348s][info][gc,metaspace   ] GC(1344) Metaspace: 6296K(6464K)->6296K(6464K) NonClass: 5763K(5824K)->5763K(5824K) Class: 532K(640K)->532K(640K)
[502.348s][info][gc             ] GC(1344) Pause Full (Ergonomics) 365M->365M(409M) 385.044ms
[502.348s][info][gc,cpu         ] GC(1344) User=0.34s Sys=0.00s Real=0.39s
[502.348s][info][gc,start       ] GC(1345) Pause Full (Ergonomics)
[502.348s][info][gc,phases,start] GC(1345) Marking Phase
[502.634s][info][gc,phases      ] GC(1345) Marking Phase 285.726ms
[502.634s][info][gc,phases,start] GC(1345) Summary Phase
[502.634s][info][gc,phases      ] GC(1345) Summary Phase 0.054ms
[502.634s][info][gc,phases,start] GC(1345) Adjust Roots
[502.634s][info][gc,phases      ] GC(1345) Adjust Roots 0.237ms
[502.634s][info][gc,phases,start] GC(1345) Compaction Phase
[502.730s][info][gc,phases      ] GC(1345) Compaction Phase 95.977ms
[502.730s][info][gc,phases,start] GC(1345) Post Compact
[502.732s][info][gc,phases      ] GC(1345) Post Compact 1.530ms
[502.732s][info][gc,heap        ] GC(1345) PSYoungGen: 33771K(77312K)->33771K(77312K) Eden: 24575K(24576K)->24575K(24576K) From: 9195K(52736K)->9195K(52736K)
[502.732s][info][gc,heap        ] GC(1345) ParOldGen: 340270K(341504K)->340270K(341504K)
[502.732s][info][gc,metaspace   ] GC(1345) Metaspace: 6296K(6464K)->6296K(6464K) NonClass: 5763K(5824K)->5763K(5824K) Class: 532K(640K)->532K(640K)
[502.732s][info][gc             ] GC(1345) Pause Full (Ergonomics) 365M->365M(409M) 383.897ms
[502.732s][info][gc,cpu         ] GC(1345) User=0.36s Sys=0.00s Real=0.38s
[502.732s][info][gc,start       ] GC(1346) Pause Full (Ergonomics)
[502.732s][info][gc,phases,start] GC(1346) Marking Phase
[503.018s][info][gc,phases      ] GC(1346) Marking Phase 285.815ms
[503.018s][info][gc,phases,start] GC(1346) Summary Phase
[503.018s][info][gc,phases      ] GC(1346) Summary Phase 0.035ms
[503.018s][info][gc,phases,start] GC(1346) Adjust Roots
[503.018s][info][gc,phases      ] GC(1346) Adjust Roots 0.283ms
[503.018s][info][gc,phases,start] GC(1346) Compaction Phase
[503.115s][info][gc,phases      ] GC(1346) Compaction Phase 96.233ms
[503.115s][info][gc,phases,start] GC(1346) Post Compact
[503.116s][info][gc,phases      ] GC(1346) Post Compact 1.537ms
[503.116s][info][gc,heap        ] GC(1346) PSYoungGen: 33771K(77312K)->33771K(77312K) Eden: 24575K(24576K)->24575K(24576K) From: 9195K(52736K)->9195K(52736K)
[503.116s][info][gc,heap        ] GC(1346) ParOldGen: 340274K(341504K)->340274K(341504K)
[503.116s][info][gc,metaspace   ] GC(1346) Metaspace: 6296K(6464K)->6296K(6464K) NonClass: 5763K(5824K)->5763K(5824K) Class: 532K(640K)->532K(640K)
[503.116s][info][gc             ] GC(1346) Pause Full (Ergonomics) 365M->365M(409M) 384.286ms
[503.116s][info][gc,cpu         ] GC(1346) User=0.34s Sys=0.00s Real=0.38s
[503.117s][info][gc,start       ] GC(1347) Pause Full (Ergonomics)
[503.117s][info][gc,phases,start] GC(1347) Marking Phase
[503.403s][info][gc,phases      ] GC(1347) Marking Phase 286.213ms
[503.403s][info][gc,phases,start] GC(1347) Summary Phase
[503.403s][info][gc,phases      ] GC(1347) Summary Phase 0.034ms
[503.403s][info][gc,phases,start] GC(1347) Adjust Roots
[503.403s][info][gc,phases      ] GC(1347) Adjust Roots 0.270ms
[503.403s][info][gc,phases,start] GC(1347) Compaction Phase
[503.500s][info][gc,phases      ] GC(1347) Compaction Phase 96.224ms
[503.500s][info][gc,phases,start] GC(1347) Post Compact
[503.501s][info][gc,phases      ] GC(1347) Post Compact 1.517ms
[503.501s][info][gc,heap        ] GC(1347) PSYoungGen: 33771K(77312K)->33771K(77312K) Eden: 24575K(24576K)->24575K(24576K) From: 9195K(52736K)->9195K(52736K)
[503.501s][info][gc,heap        ] GC(1347) ParOldGen: 340279K(341504K)->340279K(341504K)
[503.501s][info][gc,metaspace   ] GC(1347) Metaspace: 6296K(6464K)->6296K(6464K) NonClass: 5763K(5824K)->5763K(5824K) Class: 532K(640K)->532K(640K)
[503.501s][info][gc             ] GC(1347) Pause Full (Ergonomics) 365M->365M(409M) 384.695ms
[503.501s][info][gc,cpu         ] GC(1347) User=0.36s Sys=0.00s Real=0.38s
[503.502s][info][gc,start       ] GC(1348) Pause Full (Ergonomics)
[503.502s][info][gc,phases,start] GC(1348) Marking Phase
[503.788s][info][gc,phases      ] GC(1348) Marking Phase 286.054ms
[503.788s][info][gc,phases,start] GC(1348) Summary Phase
[503.788s][info][gc,phases      ] GC(1348) Summary Phase 0.023ms
[503.788s][info][gc,phases,start] GC(1348) Adjust Roots
[503.788s][info][gc,phases      ] GC(1348) Adjust Roots 0.240ms
[503.788s][info][gc,phases,start] GC(1348) Compaction Phase
[503.885s][info][gc,phases      ] GC(1348) Compaction Phase 96.130ms
[503.885s][info][gc,phases,start] GC(1348) Post Compact
[503.886s][info][gc,phases      ] GC(1348) Post Compact 1.539ms
[503.886s][info][gc,heap        ] GC(1348) PSYoungGen: 33771K(77312K)->33771K(77312K) Eden: 24575K(24576K)->24575K(24576K) From: 9195K(52736K)->9195K(52736K)
[503.886s][info][gc,heap        ] GC(1348) ParOldGen: 340284K(341504K)->340284K(341504K)
[503.886s][info][gc,metaspace   ] GC(1348) Metaspace: 6296K(6464K)->6296K(6464K) NonClass: 5763K(5824K)->5763K(5824K) Class: 532K(640K)->532K(640K)
[503.886s][info][gc             ] GC(1348) Pause Full (Ergonomics) 365M->365M(409M) 384.348ms
[503.886s][info][gc,cpu         ] GC(1348) User=0.38s Sys=0.00s Real=0.38s
[503.887s][info][gc,start       ] GC(1349) Pause Full (Ergonomics)
[503.887s][info][gc,phases,start] GC(1349) Marking Phase
[504.172s][info][gc,phases      ] GC(1349) Marking Phase 284.824ms
[504.172s][info][gc,phases,start] GC(1349) Summary Phase
[504.172s][info][gc,phases      ] GC(1349) Summary Phase 0.034ms
[504.172s][info][gc,phases,start] GC(1349) Adjust Roots
[504.172s][info][gc,phases      ] GC(1349) Adjust Roots 0.273ms
[504.172s][info][gc,phases,start] GC(1349) Compaction Phase
[504.268s][info][gc,phases      ] GC(1349) Compaction Phase 95.733ms
[504.268s][info][gc,phases,start] GC(1349) Post Compact
[504.269s][info][gc,phases      ] GC(1349) Post Compact 1.537ms
[504.270s][info][gc,heap        ] GC(1349) PSYoungGen: 33771K(77312K)->33771K(77312K) Eden: 24575K(24576K)->24575K(24576K) From: 9195K(52736K)->9195K(52736K)
[504.270s][info][gc,heap        ] GC(1349) ParOldGen: 340288K(341504K)->340288K(341504K)
[504.270s][info][gc,metaspace   ] GC(1349) Metaspace: 6296K(6464K)->6296K(6464K) NonClass: 5763K(5824K)->5763K(5824K) Class: 532K(640K)->532K(640K)
[504.270s][info][gc             ] GC(1349) Pause Full (Ergonomics) 365M->365M(409M) 382.791ms
[504.270s][info][gc,cpu         ] GC(1349) User=0.34s Sys=0.00s Real=0.38s
[504.270s][info][gc,start       ] GC(1350) Pause Full (Ergonomics)
[504.270s][info][gc,phases,start] GC(1350) Marking Phase
[504.562s][info][gc,phases      ] GC(1350) Marking Phase 292.160ms
[504.562s][info][gc,phases,start] GC(1350) Summary Phase
[504.562s][info][gc,phases      ] GC(1350) Summary Phase 0.023ms
[504.562s][info][gc,phases,start] GC(1350) Adjust Roots
[504.562s][info][gc,phases      ] GC(1350) Adjust Roots 0.274ms
[504.562s][info][gc,phases,start] GC(1350) Compaction Phase
[504.661s][info][gc,phases      ] GC(1350) Compaction Phase 98.389ms
[504.661s][info][gc,phases,start] GC(1350) Post Compact
[504.662s][info][gc,phases      ] GC(1350) Post Compact 1.519ms
[504.663s][info][gc,heap        ] GC(1350) PSYoungGen: 33771K(77312K)->33771K(77312K) Eden: 24575K(24576K)->24575K(24576K) From: 9195K(52736K)->9195K(52736K)
[504.663s][info][gc,heap        ] GC(1350) ParOldGen: 340293K(341504K)->340293K(341504K)
[504.663s][info][gc,metaspace   ] GC(1350) Metaspace: 6296K(6464K)->6296K(6464K) NonClass: 5763K(5824K)->5763K(5824K) Class: 532K(640K)->532K(640K)
[504.663s][info][gc             ] GC(1350) Pause Full (Ergonomics) 365M->365M(409M) 392.764ms
[504.663s][info][gc,cpu         ] GC(1350) User=0.39s Sys=0.00s Real=0.39s
[504.663s][info][gc,start       ] GC(1351) Pause Full (Ergonomics)
[504.663s][info][gc,phases,start] GC(1351) Marking Phase
[504.949s][info][gc,phases      ] GC(1351) Marking Phase 286.015ms
[504.949s][info][gc,phases,start] GC(1351) Summary Phase
[504.949s][info][gc,phases      ] GC(1351) Summary Phase 0.034ms
[504.949s][info][gc,phases,start] GC(1351) Adjust Roots
[504.950s][info][gc,phases      ] GC(1351) Adjust Roots 0.261ms
[504.950s][info][gc,phases,start] GC(1351) Compaction Phase
[505.046s][info][gc,phases      ] GC(1351) Compaction Phase 95.945ms
[505.046s][info][gc,phases,start] GC(1351) Post Compact
[505.047s][info][gc,phases      ] GC(1351) Post Compact 1.530ms
[505.047s][info][gc,heap        ] GC(1351) PSYoungGen: 33771K(77312K)->33771K(77312K) Eden: 24575K(24576K)->24575K(24576K) From: 9195K(52736K)->9195K(52736K)
[505.047s][info][gc,heap        ] GC(1351) ParOldGen: 340298K(341504K)->340298K(341504K)
[505.047s][info][gc,metaspace   ] GC(1351) Metaspace: 6296K(6464K)->6296K(6464K) NonClass: 5763K(5824K)->5763K(5824K) Class: 532K(640K)->532K(640K)
[505.047s][info][gc             ] GC(1351) Pause Full (Ergonomics) 365M->365M(409M) 384.175ms
[505.047s][info][gc,cpu         ] GC(1351) User=0.34s Sys=0.00s Real=0.38s
[505.048s][info][gc,start       ] GC(1352) Pause Full (Ergonomics)
[505.048s][info][gc,phases,start] GC(1352) Marking Phase
[505.336s][info][gc,phases      ] GC(1352) Marking Phase 288.315ms
[505.336s][info][gc,phases,start] GC(1352) Summary Phase
[505.336s][info][gc,phases      ] GC(1352) Summary Phase 0.036ms
[505.336s][info][gc,phases,start] GC(1352) Adjust Roots
[505.336s][info][gc,phases      ] GC(1352) Adjust Roots 0.255ms
[505.336s][info][gc,phases,start] GC(1352) Compaction Phase
[505.434s][info][gc,phases      ] GC(1352) Compaction Phase 97.554ms
[505.434s][info][gc,phases,start] GC(1352) Post Compact
[505.436s][info][gc,phases      ] GC(1352) Post Compact 1.576ms
[505.436s][info][gc,heap        ] GC(1352) PSYoungGen: 33771K(77312K)->33771K(77312K) Eden: 24575K(24576K)->24575K(24576K) From: 9195K(52736K)->9195K(52736K)
[505.436s][info][gc,heap        ] GC(1352) ParOldGen: 340302K(341504K)->340302K(341504K)
[505.436s][info][gc,metaspace   ] GC(1352) Metaspace: 6296K(6464K)->6296K(6464K) NonClass: 5763K(5824K)->5763K(5824K) Class: 532K(640K)->532K(640K)
[505.436s][info][gc             ] GC(1352) Pause Full (Ergonomics) 365M->365M(409M) 388.118ms
[505.436s][info][gc,cpu         ] GC(1352) User=0.36s Sys=0.00s Real=0.39s
[505.436s][info][gc,start       ] GC(1353) Pause Full (Ergonomics)
[505.436s][info][gc,phases,start] GC(1353) Marking Phase
[505.722s][info][gc,phases      ] GC(1353) Marking Phase 286.016ms
[505.722s][info][gc,phases,start] GC(1353) Summary Phase
[505.722s][info][gc,phases      ] GC(1353) Summary Phase 0.034ms
[505.722s][info][gc,phases,start] GC(1353) Adjust Roots
[505.722s][info][gc,phases      ] GC(1353) Adjust Roots 0.254ms
[505.722s][info][gc,phases,start] GC(1353) Compaction Phase
[505.820s][info][gc,phases      ] GC(1353) Compaction Phase 97.097ms
[505.820s][info][gc,phases,start] GC(1353) Post Compact
[505.821s][info][gc,phases      ] GC(1353) Post Compact 1.541ms
[505.821s][info][gc,heap        ] GC(1353) PSYoungGen: 33771K(77312K)->33771K(77312K) Eden: 24575K(24576K)->24575K(24576K) From: 9195K(52736K)->9195K(52736K)
[505.821s][info][gc,heap        ] GC(1353) ParOldGen: 340307K(341504K)->340307K(341504K)
[505.821s][info][gc,metaspace   ] GC(1353) Metaspace: 6296K(6464K)->6296K(6464K) NonClass: 5763K(5824K)->5763K(5824K) Class: 532K(640K)->532K(640K)
[505.821s][info][gc             ] GC(1353) Pause Full (Ergonomics) 365M->365M(409M) 385.312ms
[505.821s][info][gc,cpu         ] GC(1353) User=0.38s Sys=0.00s Real=0.39s
[505.822s][info][gc,start       ] GC(1354) Pause Full (Ergonomics)
[505.822s][info][gc,phases,start] GC(1354) Marking Phase
[506.112s][info][gc,phases      ] GC(1354) Marking Phase 290.387ms
[506.112s][info][gc,phases,start] GC(1354) Summary Phase
[506.112s][info][gc,phases      ] GC(1354) Summary Phase 0.035ms
[506.112s][info][gc,phases,start] GC(1354) Adjust Roots
[506.112s][info][gc,phases      ] GC(1354) Adjust Roots 0.265ms
[506.113s][info][gc,phases,start] GC(1354) Compaction Phase
[506.212s][info][gc,phases      ] GC(1354) Compaction Phase 99.247ms
[506.212s][info][gc,phases,start] GC(1354) Post Compact
[506.214s][info][gc,phases      ] GC(1354) Post Compact 1.574ms
[506.214s][info][gc,heap        ] GC(1354) PSYoungGen: 33771K(77312K)->33771K(77312K) Eden: 24575K(24576K)->24575K(24576K) From: 9195K(52736K)->9195K(52736K)
[506.214s][info][gc,heap        ] GC(1354) ParOldGen: 340312K(341504K)->340312K(341504K)
[506.214s][info][gc,metaspace   ] GC(1354) Metaspace: 6296K(6464K)->6296K(6464K) NonClass: 5763K(5824K)->5763K(5824K) Class: 532K(640K)->532K(640K)
[506.214s][info][gc             ] GC(1354) Pause Full (Ergonomics) 365M->365M(409M) 392.186ms
[506.214s][info][gc,cpu         ] GC(1354) User=0.38s Sys=0.00s Real=0.39s
[506.214s][info][gc,start       ] GC(1355) Pause Full (Ergonomics)
[506.214s][info][gc,phases,start] GC(1355) Marking Phase
[506.504s][info][gc,phases      ] GC(1355) Marking Phase 289.683ms
[506.504s][info][gc,phases,start] GC(1355) Summary Phase
[506.504s][info][gc,phases      ] GC(1355) Summary Phase 0.035ms
[506.504s][info][gc,phases,start] GC(1355) Adjust Roots
[506.504s][info][gc,phases      ] GC(1355) Adjust Roots 0.287ms
[506.504s][info][gc,phases,start] GC(1355) Compaction Phase
[506.603s][info][gc,phases      ] GC(1355) Compaction Phase 98.358ms
[506.603s][info][gc,phases,start] GC(1355) Post Compact
[506.604s][info][gc,phases      ] GC(1355) Post Compact 1.571ms
[506.604s][info][gc,heap        ] GC(1355) PSYoungGen: 33771K(77312K)->33771K(77312K) Eden: 24575K(24576K)->24575K(24576K) From: 9195K(52736K)->9195K(52736K)
[506.604s][info][gc,heap        ] GC(1355) ParOldGen: 340316K(341504K)->340316K(341504K)
[506.604s][info][gc,metaspace   ] GC(1355) Metaspace: 6296K(6464K)->6296K(6464K) NonClass: 5763K(5824K)->5763K(5824K) Class: 532K(640K)->532K(640K)
[506.604s][info][gc             ] GC(1355) Pause Full (Ergonomics) 365M->365M(409M) 390.323ms
[506.604s][info][gc,cpu         ] GC(1355) User=0.38s Sys=0.00s Real=0.39s
[506.605s][info][gc,start       ] GC(1356) Pause Full (Ergonomics)
[506.605s][info][gc,phases,start] GC(1356) Marking Phase
[506.889s][info][gc,phases      ] GC(1356) Marking Phase 284.124ms
[506.889s][info][gc,phases,start] GC(1356) Summary Phase
[506.889s][info][gc,phases      ] GC(1356) Summary Phase 0.023ms
[506.889s][info][gc,phases,start] GC(1356) Adjust Roots
[506.889s][info][gc,phases      ] GC(1356) Adjust Roots 0.240ms
[506.889s][info][gc,phases,start] GC(1356) Compaction Phase
[506.986s][info][gc,phases      ] GC(1356) Compaction Phase 96.434ms
[506.986s][info][gc,phases,start] GC(1356) Post Compact
[506.987s][info][gc,phases      ] GC(1356) Post Compact 1.525ms
[506.987s][info][gc,heap        ] GC(1356) PSYoungGen: 33771K(77312K)->33771K(77312K) Eden: 24575K(24576K)->24575K(24576K) From: 9195K(52736K)->9195K(52736K)
[506.987s][info][gc,heap        ] GC(1356) ParOldGen: 340321K(341504K)->340321K(341504K)
[506.987s][info][gc,metaspace   ] GC(1356) Metaspace: 6296K(6464K)->6296K(6464K) NonClass: 5763K(5824K)->5763K(5824K) Class: 532K(640K)->532K(640K)
[506.987s][info][gc             ] GC(1356) Pause Full (Ergonomics) 365M->365M(409M) 382.692ms
[506.987s][info][gc,cpu         ] GC(1356) User=0.34s Sys=0.02s Real=0.38s
[506.988s][info][gc,start       ] GC(1357) Pause Full (Ergonomics)
[506.988s][info][gc,phases,start] GC(1357) Marking Phase
[507.278s][info][gc,phases      ] GC(1357) Marking Phase 290.344ms
[507.278s][info][gc,phases,start] GC(1357) Summary Phase
[507.278s][info][gc,phases      ] GC(1357) Summary Phase 0.035ms
[507.278s][info][gc,phases,start] GC(1357) Adjust Roots
[507.279s][info][gc,phases      ] GC(1357) Adjust Roots 0.263ms
[507.279s][info][gc,phases,start] GC(1357) Compaction Phase
[507.378s][info][gc,phases      ] GC(1357) Compaction Phase 99.286ms
[507.378s][info][gc,phases,start] GC(1357) Post Compact
[507.380s][info][gc,phases      ] GC(1357) Post Compact 1.554ms
[507.380s][info][gc,heap        ] GC(1357) PSYoungGen: 33771K(77312K)->33771K(77312K) Eden: 24575K(24576K)->24575K(24576K) From: 9195K(52736K)->9195K(52736K)
[507.380s][info][gc,heap        ] GC(1357) ParOldGen: 340326K(341504K)->340326K(341504K)
[507.380s][info][gc,metaspace   ] GC(1357) Metaspace: 6296K(6464K)->6296K(6464K) NonClass: 5763K(5824K)->5763K(5824K) Class: 532K(640K)->532K(640K)
[507.380s][info][gc             ] GC(1357) Pause Full (Ergonomics) 365M->365M(409M) 391.892ms
[507.380s][info][gc,cpu         ] GC(1357) User=0.38s Sys=0.00s Real=0.39s
[507.380s][info][gc,start       ] GC(1358) Pause Full (Ergonomics)
[507.380s][info][gc,phases,start] GC(1358) Marking Phase
[507.666s][info][gc,phases      ] GC(1358) Marking Phase 285.816ms
[507.666s][info][gc,phases,start] GC(1358) Summary Phase
[507.666s][info][gc,phases      ] GC(1358) Summary Phase 0.023ms
[507.666s][info][gc,phases,start] GC(1358) Adjust Roots
[507.666s][info][gc,phases      ] GC(1358) Adjust Roots 0.240ms
[507.666s][info][gc,phases,start] GC(1358) Compaction Phase
[507.763s][info][gc,phases      ] GC(1358) Compaction Phase 96.498ms
[507.763s][info][gc,phases,start] GC(1358) Post Compact
[507.764s][info][gc,phases      ] GC(1358) Post Compact 1.525ms
[507.765s][info][gc,heap        ] GC(1358) PSYoungGen: 33771K(77312K)->33771K(77312K) Eden: 24575K(24576K)->24575K(24576K) From: 9195K(52736K)->9195K(52736K)
[507.765s][info][gc,heap        ] GC(1358) ParOldGen: 340330K(341504K)->340330K(341504K)
[507.765s][info][gc,metaspace   ] GC(1358) Metaspace: 6296K(6464K)->6296K(6464K) NonClass: 5763K(5824K)->5763K(5824K) Class: 532K(640K)->532K(640K)
[507.765s][info][gc             ] GC(1358) Pause Full (Ergonomics) 365M->365M(409M) 384.469ms
[507.765s][info][gc,cpu         ] GC(1358) User=0.36s Sys=0.00s Real=0.38s
[507.765s][info][gc,start       ] GC(1359) Pause Full (Ergonomics)
[507.765s][info][gc,phases,start] GC(1359) Marking Phase
[508.054s][info][gc,phases      ] GC(1359) Marking Phase 289.069ms
[508.054s][info][gc,phases,start] GC(1359) Summary Phase
[508.054s][info][gc,phases      ] GC(1359) Summary Phase 0.036ms
[508.054s][info][gc,phases,start] GC(1359) Adjust Roots
[508.055s][info][gc,phases      ] GC(1359) Adjust Roots 0.278ms
[508.055s][info][gc,phases,start] GC(1359) Compaction Phase
[508.154s][info][gc,phases      ] GC(1359) Compaction Phase 98.899ms
[508.154s][info][gc,phases,start] GC(1359) Post Compact
[508.155s][info][gc,phases      ] GC(1359) Post Compact 1.553ms
[508.155s][info][gc,heap        ] GC(1359) PSYoungGen: 33771K(77312K)->33771K(77312K) Eden: 24575K(24576K)->24575K(24576K) From: 9195K(52736K)->9195K(52736K)
[508.155s][info][gc,heap        ] GC(1359) ParOldGen: 340335K(341504K)->340335K(341504K)
[508.155s][info][gc,metaspace   ] GC(1359) Metaspace: 6296K(6464K)->6296K(6464K) NonClass: 5763K(5824K)->5763K(5824K) Class: 532K(640K)->532K(640K)
[508.155s][info][gc             ] GC(1359) Pause Full (Ergonomics) 365M->365M(409M) 390.223ms
[508.155s][info][gc,cpu         ] GC(1359) User=0.36s Sys=0.00s Real=0.39s
[508.156s][info][gc,start       ] GC(1360) Pause Full (Ergonomics)
[508.156s][info][gc,phases,start] GC(1360) Marking Phase
[508.441s][info][gc,phases      ] GC(1360) Marking Phase 285.438ms
[508.441s][info][gc,phases,start] GC(1360) Summary Phase
[508.441s][info][gc,phases      ] GC(1360) Summary Phase 0.036ms
[508.441s][info][gc,phases,start] GC(1360) Adjust Roots
[508.441s][info][gc,phases      ] GC(1360) Adjust Roots 0.259ms
[508.442s][info][gc,phases,start] GC(1360) Compaction Phase
[508.537s][info][gc,phases      ] GC(1360) Compaction Phase 95.903ms
[508.537s][info][gc,phases,start] GC(1360) Post Compact
[508.539s][info][gc,phases      ] GC(1360) Post Compact 1.588ms
[508.539s][info][gc,heap        ] GC(1360) PSYoungGen: 33771K(77312K)->33771K(77312K) Eden: 24575K(24576K)->24575K(24576K) From: 9195K(52736K)->9195K(52736K)
[508.539s][info][gc,heap        ] GC(1360) ParOldGen: 340340K(341504K)->340340K(341504K)
[508.539s][info][gc,metaspace   ] GC(1360) Metaspace: 6296K(6464K)->6296K(6464K) NonClass: 5763K(5824K)->5763K(5824K) Class: 532K(640K)->532K(640K)
[508.539s][info][gc             ] GC(1360) Pause Full (Ergonomics) 365M->365M(409M) 383.614ms
[508.539s][info][gc,cpu         ] GC(1360) User=0.38s Sys=0.00s Real=0.38s
[508.540s][info][gc,start       ] GC(1361) Pause Full (Ergonomics)
[508.540s][info][gc,phases,start] GC(1361) Marking Phase
[508.826s][info][gc,phases      ] GC(1361) Marking Phase 286.002ms
[508.826s][info][gc,phases,start] GC(1361) Summary Phase
[508.826s][info][gc,phases      ] GC(1361) Summary Phase 0.034ms
[508.826s][info][gc,phases,start] GC(1361) Adjust Roots
[508.826s][info][gc,phases      ] GC(1361) Adjust Roots 0.252ms
[508.826s][info][gc,phases,start] GC(1361) Compaction Phase
[508.923s][info][gc,phases      ] GC(1361) Compaction Phase 97.024ms
[508.923s][info][gc,phases,start] GC(1361) Post Compact
[508.925s][info][gc,phases      ] GC(1361) Post Compact 1.534ms
[508.925s][info][gc,heap        ] GC(1361) PSYoungGen: 33771K(77312K)->33771K(77312K) Eden: 24575K(24576K)->24575K(24576K) From: 9195K(52736K)->9195K(52736K)
[508.925s][info][gc,heap        ] GC(1361) ParOldGen: 340344K(341504K)->340344K(341504K)
[508.925s][info][gc,metaspace   ] GC(1361) Metaspace: 6296K(6464K)->6296K(6464K) NonClass: 5763K(5824K)->5763K(5824K) Class: 532K(640K)->532K(640K)
[508.925s][info][gc             ] GC(1361) Pause Full (Ergonomics) 365M->365M(409M) 385.213ms
[508.925s][info][gc,cpu         ] GC(1361) User=0.34s Sys=0.00s Real=0.39s
[508.925s][info][gc,start       ] GC(1362) Pause Full (Ergonomics)
[508.925s][info][gc,phases,start] GC(1362) Marking Phase
[509.215s][info][gc,phases      ] GC(1362) Marking Phase 290.430ms
[509.216s][info][gc,phases,start] GC(1362) Summary Phase
[509.216s][info][gc,phases      ] GC(1362) Summary Phase 0.035ms
[509.216s][info][gc,phases,start] GC(1362) Adjust Roots
[509.216s][info][gc,phases      ] GC(1362) Adjust Roots 0.294ms
[509.216s][info][gc,phases,start] GC(1362) Compaction Phase
[509.316s][info][gc,phases      ] GC(1362) Compaction Phase 99.552ms
[509.316s][info][gc,phases,start] GC(1362) Post Compact
[509.317s][info][gc,phases      ] GC(1362) Post Compact 1.640ms
[509.317s][info][gc,heap        ] GC(1362) PSYoungGen: 33771K(77312K)->33771K(77312K) Eden: 24575K(24576K)->24575K(24576K) From: 9195K(52736K)->9195K(52736K)
[509.317s][info][gc,heap        ] GC(1362) ParOldGen: 340349K(341504K)->340349K(341504K)
[509.317s][info][gc,metaspace   ] GC(1362) Metaspace: 6296K(6464K)->6296K(6464K) NonClass: 5763K(5824K)->5763K(5824K) Class: 532K(640K)->532K(640K)
[509.317s][info][gc             ] GC(1362) Pause Full (Ergonomics) 365M->365M(409M) 392.334ms
[509.317s][info][gc,cpu         ] GC(1362) User=0.38s Sys=0.00s Real=0.39s
[509.318s][info][gc,start       ] GC(1363) Pause Full (Ergonomics)
[509.318s][info][gc,phases,start] GC(1363) Marking Phase
[509.607s][info][gc,phases      ] GC(1363) Marking Phase 289.120ms
[509.607s][info][gc,phases,start] GC(1363) Summary Phase
[509.607s][info][gc,phases      ] GC(1363) Summary Phase 0.035ms
[509.607s][info][gc,phases,start] GC(1363) Adjust Roots
[509.607s][info][gc,phases      ] GC(1363) Adjust Roots 0.262ms
[509.607s][info][gc,phases,start] GC(1363) Compaction Phase
[509.710s][info][gc,phases      ] GC(1363) Compaction Phase 102.952ms
[509.710s][info][gc,phases,start] GC(1363) Post Compact
[509.712s][info][gc,phases      ] GC(1363) Post Compact 1.520ms
[509.712s][info][gc,heap        ] GC(1363) PSYoungGen: 33771K(77312K)->33771K(77312K) Eden: 24575K(24576K)->24575K(24576K) From: 9195K(52736K)->9195K(52736K)
[509.712s][info][gc,heap        ] GC(1363) ParOldGen: 340354K(341504K)->340354K(341504K)
[509.712s][info][gc,metaspace   ] GC(1363) Metaspace: 6296K(6464K)->6296K(6464K) NonClass: 5763K(5824K)->5763K(5824K) Class: 532K(640K)->532K(640K)
[509.712s][info][gc             ] GC(1363) Pause Full (Ergonomics) 365M->365M(409M) 394.282ms
[509.712s][info][gc,cpu         ] GC(1363) User=0.38s Sys=0.00s Real=0.39s
[509.712s][info][gc,start       ] GC(1364) Pause Full (Ergonomics)
[509.712s][info][gc,phases,start] GC(1364) Marking Phase
[510.000s][info][gc,phases      ] GC(1364) Marking Phase 287.369ms
[510.000s][info][gc,phases,start] GC(1364) Summary Phase
[510.000s][info][gc,phases      ] GC(1364) Summary Phase 0.035ms
[510.000s][info][gc,phases,start] GC(1364) Adjust Roots
[510.000s][info][gc,phases      ] GC(1364) Adjust Roots 0.268ms
[510.000s][info][gc,phases,start] GC(1364) Compaction Phase
[510.096s][info][gc,phases      ] GC(1364) Compaction Phase 96.316ms
[510.096s][info][gc,phases,start] GC(1364) Post Compact
[510.098s][info][gc,phases      ] GC(1364) Post Compact 1.547ms
[510.098s][info][gc,heap        ] GC(1364) PSYoungGen: 33771K(77312K)->33771K(77312K) Eden: 24575K(24576K)->24575K(24576K) From: 9195K(52736K)->9195K(52736K)
[510.098s][info][gc,heap        ] GC(1364) ParOldGen: 340358K(341504K)->340358K(341504K)
[510.098s][info][gc,metaspace   ] GC(1364) Metaspace: 6296K(6464K)->6296K(6464K) NonClass: 5763K(5824K)->5763K(5824K) Class: 532K(640K)->532K(640K)
[510.098s][info][gc             ] GC(1364) Pause Full (Ergonomics) 365M->365M(409M) 385.935ms
[510.098s][info][gc,cpu         ] GC(1364) User=0.33s Sys=0.00s Real=0.39s
[510.098s][info][gc,start       ] GC(1365) Pause Full (Ergonomics)
[510.098s][info][gc,phases,start] GC(1365) Marking Phase
[510.388s][info][gc,phases      ] GC(1365) Marking Phase 289.925ms
[510.388s][info][gc,phases,start] GC(1365) Summary Phase
[510.388s][info][gc,phases      ] GC(1365) Summary Phase 0.023ms
[510.388s][info][gc,phases,start] GC(1365) Adjust Roots
[510.389s][info][gc,phases      ] GC(1365) Adjust Roots 0.247ms
[510.389s][info][gc,phases,start] GC(1365) Compaction Phase
[510.487s][info][gc,phases      ] GC(1365) Compaction Phase 97.908ms
[510.487s][info][gc,phases,start] GC(1365) Post Compact
[510.488s][info][gc,phases      ] GC(1365) Post Compact 1.546ms
[510.488s][info][gc,heap        ] GC(1365) PSYoungGen: 33771K(77312K)->33771K(77312K) Eden: 24575K(24576K)->24575K(24576K) From: 9195K(52736K)->9195K(52736K)
[510.488s][info][gc,heap        ] GC(1365) ParOldGen: 340363K(341504K)->340363K(341504K)
[510.488s][info][gc,metaspace   ] GC(1365) Metaspace: 6296K(6464K)->6296K(6464K) NonClass: 5763K(5824K)->5763K(5824K) Class: 532K(640K)->532K(640K)
[510.488s][info][gc             ] GC(1365) Pause Full (Ergonomics) 365M->365M(409M) 390.006ms
[510.488s][info][gc,cpu         ] GC(1365) User=0.36s Sys=0.00s Real=0.39s
[510.489s][info][gc,start       ] GC(1366) Pause Full (Ergonomics)
[510.489s][info][gc,phases,start] GC(1366) Marking Phase
[510.775s][info][gc,phases      ] GC(1366) Marking Phase 285.600ms
[510.775s][info][gc,phases,start] GC(1366) Summary Phase
[510.775s][info][gc,phases      ] GC(1366) Summary Phase 0.034ms
[510.775s][info][gc,phases,start] GC(1366) Adjust Roots
[510.775s][info][gc,phases      ] GC(1366) Adjust Roots 0.223ms
[510.775s][info][gc,phases,start] GC(1366) Compaction Phase
[510.871s][info][gc,phases      ] GC(1366) Compaction Phase 96.437ms
[510.871s][info][gc,phases,start] GC(1366) Post Compact
[510.873s][info][gc,phases      ] GC(1366) Post Compact 1.528ms
[510.873s][info][gc,heap        ] GC(1366) PSYoungGen: 33771K(77312K)->33771K(77312K) Eden: 24575K(24576K)->24575K(24576K) From: 9195K(52736K)->9195K(52736K)
[510.873s][info][gc,heap        ] GC(1366) ParOldGen: 340368K(341504K)->340368K(341504K)
[510.873s][info][gc,metaspace   ] GC(1366) Metaspace: 6296K(6464K)->6296K(6464K) NonClass: 5763K(5824K)->5763K(5824K) Class: 532K(640K)->532K(640K)
[510.873s][info][gc             ] GC(1366) Pause Full (Ergonomics) 365M->365M(409M) 384.192ms
[510.873s][info][gc,cpu         ] GC(1366) User=0.36s Sys=0.00s Real=0.38s
[510.873s][info][gc,start       ] GC(1367) Pause Full (Ergonomics)
[510.873s][info][gc,phases,start] GC(1367) Marking Phase
[511.161s][info][gc,phases      ] GC(1367) Marking Phase 287.318ms
[511.161s][info][gc,phases,start] GC(1367) Summary Phase
[511.161s][info][gc,phases      ] GC(1367) Summary Phase 0.043ms
[511.161s][info][gc,phases,start] GC(1367) Adjust Roots
[511.161s][info][gc,phases      ] GC(1367) Adjust Roots 0.267ms
[511.161s][info][gc,phases,start] GC(1367) Compaction Phase
[511.258s][info][gc,phases      ] GC(1367) Compaction Phase 96.555ms
[511.258s][info][gc,phases,start] GC(1367) Post Compact
[511.259s][info][gc,phases      ] GC(1367) Post Compact 1.613ms
[511.260s][info][gc,heap        ] GC(1367) PSYoungGen: 33771K(77312K)->33771K(77312K) Eden: 24575K(24576K)->24575K(24576K) From: 9195K(52736K)->9195K(52736K)
[511.260s][info][gc,heap        ] GC(1367) ParOldGen: 340372K(341504K)->340372K(341504K)
[511.260s][info][gc,metaspace   ] GC(1367) Metaspace: 6296K(6464K)->6296K(6464K) NonClass: 5763K(5824K)->5763K(5824K) Class: 532K(640K)->532K(640K)
[511.260s][info][gc             ] GC(1367) Pause Full (Ergonomics) 365M->365M(409M) 386.245ms
[511.260s][info][gc,cpu         ] GC(1367) User=0.34s Sys=0.00s Real=0.39s
[511.260s][info][gc,start       ] GC(1368) Pause Full (Ergonomics)
[511.260s][info][gc,phases,start] GC(1368) Marking Phase
[511.546s][info][gc,phases      ] GC(1368) Marking Phase 286.510ms
[511.547s][info][gc,phases,start] GC(1368) Summary Phase
[511.547s][info][gc,phases      ] GC(1368) Summary Phase 0.062ms
[511.547s][info][gc,phases,start] GC(1368) Adjust Roots
[511.547s][info][gc,phases      ] GC(1368) Adjust Roots 0.268ms
[511.547s][info][gc,phases,start] GC(1368) Compaction Phase
[511.643s][info][gc,phases      ] GC(1368) Compaction Phase 95.987ms
[511.643s][info][gc,phases,start] GC(1368) Post Compact
[511.645s][info][gc,phases      ] GC(1368) Post Compact 1.574ms
[511.645s][info][gc,heap        ] GC(1368) PSYoungGen: 33771K(77312K)->33771K(77312K) Eden: 24575K(24576K)->24575K(24576K) From: 9195K(52736K)->9195K(52736K)
[511.645s][info][gc,heap        ] GC(1368) ParOldGen: 340377K(341504K)->340377K(341504K)
[511.645s][info][gc,metaspace   ] GC(1368) Metaspace: 6296K(6464K)->6296K(6464K) NonClass: 5763K(5824K)->5763K(5824K) Class: 532K(640K)->532K(640K)
[511.645s][info][gc             ] GC(1368) Pause Full (Ergonomics) 365M->365M(409M) 384.891ms
[511.645s][info][gc,cpu         ] GC(1368) User=0.34s Sys=0.00s Real=0.38s
[511.645s][info][gc,start       ] GC(1369) Pause Full (Ergonomics)
[511.645s][info][gc,phases,start] GC(1369) Marking Phase
[511.935s][info][gc,phases      ] GC(1369) Marking Phase 290.076ms
[511.936s][info][gc,phases,start] GC(1369) Summary Phase
[511.936s][info][gc,phases      ] GC(1369) Summary Phase 0.023ms
[511.936s][info][gc,phases,start] GC(1369) Adjust Roots
[511.936s][info][gc,phases      ] GC(1369) Adjust Roots 0.221ms
[511.936s][info][gc,phases,start] GC(1369) Compaction Phase
[512.035s][info][gc,phases      ] GC(1369) Compaction Phase 98.737ms
[512.035s][info][gc,phases,start] GC(1369) Post Compact
[512.036s][info][gc,phases      ] GC(1369) Post Compact 1.550ms
[512.036s][info][gc,heap        ] GC(1369) PSYoungGen: 33771K(77312K)->33771K(77312K) Eden: 24575K(24576K)->24575K(24576K) From: 9195K(52736K)->9195K(52736K)
[512.036s][info][gc,heap        ] GC(1369) ParOldGen: 340382K(341504K)->340382K(341504K)
[512.036s][info][gc,metaspace   ] GC(1369) Metaspace: 6296K(6464K)->6296K(6464K) NonClass: 5763K(5824K)->5763K(5824K) Class: 532K(640K)->532K(640K)
[512.036s][info][gc             ] GC(1369) Pause Full (Ergonomics) 365M->365M(409M) 390.976ms
[512.036s][info][gc,cpu         ] GC(1369) User=0.38s Sys=0.00s Real=0.39s
[512.037s][info][gc,start       ] GC(1370) Pause Full (Ergonomics)
[512.037s][info][gc,phases,start] GC(1370) Marking Phase
[512.321s][info][gc,phases      ] GC(1370) Marking Phase 284.027ms
[512.321s][info][gc,phases,start] GC(1370) Summary Phase
[512.321s][info][gc,phases      ] GC(1370) Summary Phase 0.023ms
[512.321s][info][gc,phases,start] GC(1370) Adjust Roots
[512.321s][info][gc,phases      ] GC(1370) Adjust Roots 0.262ms
[512.321s][info][gc,phases,start] GC(1370) Compaction Phase
[512.417s][info][gc,phases      ] GC(1370) Compaction Phase 95.788ms
[512.417s][info][gc,phases,start] GC(1370) Post Compact
[512.419s][info][gc,phases      ] GC(1370) Post Compact 1.532ms
[512.419s][info][gc,heap        ] GC(1370) PSYoungGen: 33771K(77312K)->33771K(77312K) Eden: 24575K(24576K)->24575K(24576K) From: 9195K(52736K)->9195K(52736K)
[512.419s][info][gc,heap        ] GC(1370) ParOldGen: 340386K(341504K)->340386K(341504K)
[512.419s][info][gc,metaspace   ] GC(1370) Metaspace: 6296K(6464K)->6296K(6464K) NonClass: 5763K(5824K)->5763K(5824K) Class: 532K(640K)->532K(640K)
[512.419s][info][gc             ] GC(1370) Pause Full (Ergonomics) 365M->365M(409M) 381.989ms
[512.419s][info][gc,cpu         ] GC(1370) User=0.36s Sys=0.00s Real=0.38s
[512.419s][info][gc,start       ] GC(1371) Pause Full (Ergonomics)
[512.419s][info][gc,phases,start] GC(1371) Marking Phase
[512.710s][info][gc,phases      ] GC(1371) Marking Phase 290.327ms
[512.710s][info][gc,phases,start] GC(1371) Summary Phase
[512.710s][info][gc,phases      ] GC(1371) Summary Phase 0.024ms
[512.710s][info][gc,phases,start] GC(1371) Adjust Roots
[512.710s][info][gc,phases      ] GC(1371) Adjust Roots 0.248ms
[512.710s][info][gc,phases,start] GC(1371) Compaction Phase
[512.809s][info][gc,phases      ] GC(1371) Compaction Phase 98.540ms
[512.809s][info][gc,phases,start] GC(1371) Post Compact
[512.810s][info][gc,phases      ] GC(1371) Post Compact 1.543ms
[512.810s][info][gc,heap        ] GC(1371) PSYoungGen: 33771K(77312K)->33771K(77312K) Eden: 24575K(24576K)->24575K(24576K) From: 9195K(52736K)->9195K(52736K)
[512.810s][info][gc,heap        ] GC(1371) ParOldGen: 340391K(341504K)->340391K(341504K)
[512.810s][info][gc,metaspace   ] GC(1371) Metaspace: 6296K(6464K)->6296K(6464K) NonClass: 5763K(5824K)->5763K(5824K) Class: 532K(640K)->532K(640K)
[512.810s][info][gc             ] GC(1371) Pause Full (Ergonomics) 365M->365M(409M) 391.027ms
[512.810s][info][gc,cpu         ] GC(1371) User=0.38s Sys=0.00s Real=0.39s
[512.811s][info][gc,start       ] GC(1372) Pause Full (Ergonomics)
[512.811s][info][gc,phases,start] GC(1372) Marking Phase
[513.097s][info][gc,phases      ] GC(1372) Marking Phase 286.507ms
[513.097s][info][gc,phases,start] GC(1372) Summary Phase
[513.097s][info][gc,phases      ] GC(1372) Summary Phase 0.023ms
[513.097s][info][gc,phases,start] GC(1372) Adjust Roots
[513.097s][info][gc,phases      ] GC(1372) Adjust Roots 0.211ms
[513.097s][info][gc,phases,start] GC(1372) Compaction Phase
[513.193s][info][gc,phases      ] GC(1372) Compaction Phase 95.867ms
[513.193s][info][gc,phases,start] GC(1372) Post Compact
[513.195s][info][gc,phases      ] GC(1372) Post Compact 1.526ms
[513.195s][info][gc,heap        ] GC(1372) PSYoungGen: 33771K(77312K)->33771K(77312K) Eden: 24575K(24576K)->24575K(24576K) From: 9195K(52736K)->9195K(52736K)
[513.195s][info][gc,heap        ] GC(1372) ParOldGen: 340396K(341504K)->340396K(341504K)
[513.195s][info][gc,metaspace   ] GC(1372) Metaspace: 6296K(6464K)->6296K(6464K) NonClass: 5763K(5824K)->5763K(5824K) Class: 532K(640K)->532K(640K)
[513.195s][info][gc             ] GC(1372) Pause Full (Ergonomics) 365M->365M(409M) 384.504ms
[513.195s][info][gc,cpu         ] GC(1372) User=0.38s Sys=0.00s Real=0.38s
[513.196s][info][gc,start       ] GC(1373) Pause Full (Ergonomics)
[513.196s][info][gc,phases,start] GC(1373) Marking Phase
[513.486s][info][gc,phases      ] GC(1373) Marking Phase 289.906ms
[513.486s][info][gc,phases,start] GC(1373) Summary Phase
[513.486s][info][gc,phases      ] GC(1373) Summary Phase 0.035ms
[513.486s][info][gc,phases,start] GC(1373) Adjust Roots
[513.486s][info][gc,phases      ] GC(1373) Adjust Roots 0.265ms
[513.486s][info][gc,phases,start] GC(1373) Compaction Phase
[513.585s][info][gc,phases      ] GC(1373) Compaction Phase 99.130ms
[513.585s][info][gc,phases,start] GC(1373) Post Compact
[513.587s][info][gc,phases      ] GC(1373) Post Compact 1.546ms
[513.587s][info][gc,heap        ] GC(1373) PSYoungGen: 33771K(77312K)->33771K(77312K) Eden: 24575K(24576K)->24575K(24576K) From: 9195K(52736K)->9195K(52736K)
[513.587s][info][gc,heap        ] GC(1373) ParOldGen: 340400K(341504K)->340400K(341504K)
[513.587s][info][gc,metaspace   ] GC(1373) Metaspace: 6296K(6464K)->6296K(6464K) NonClass: 5763K(5824K)->5763K(5824K) Class: 532K(640K)->532K(640K)
[513.587s][info][gc             ] GC(1373) Pause Full (Ergonomics) 365M->365M(409M) 391.262ms
[513.587s][info][gc,cpu         ] GC(1373) User=0.36s Sys=0.00s Real=0.39s
[513.587s][info][gc,start       ] GC(1374) Pause Full (Ergonomics)
[513.587s][info][gc,phases,start] GC(1374) Marking Phase
[513.871s][info][gc,phases      ] GC(1374) Marking Phase 284.221ms
[513.871s][info][gc,phases,start] GC(1374) Summary Phase
[513.872s][info][gc,phases      ] GC(1374) Summary Phase 0.035ms
[513.872s][info][gc,phases,start] GC(1374) Adjust Roots
[513.872s][info][gc,phases      ] GC(1374) Adjust Roots 0.292ms
[513.872s][info][gc,phases,start] GC(1374) Compaction Phase
[513.968s][info][gc,phases      ] GC(1374) Compaction Phase 96.388ms
[513.968s][info][gc,phases,start] GC(1374) Post Compact
[513.970s][info][gc,phases      ] GC(1374) Post Compact 1.593ms
[513.970s][info][gc,heap        ] GC(1374) PSYoungGen: 33771K(77312K)->33771K(77312K) Eden: 24575K(24576K)->24575K(24576K) From: 9195K(52736K)->9195K(52736K)
[513.970s][info][gc,heap        ] GC(1374) ParOldGen: 340405K(341504K)->340405K(341504K)
[513.970s][info][gc,metaspace   ] GC(1374) Metaspace: 6296K(6464K)->6296K(6464K) NonClass: 5763K(5824K)->5763K(5824K) Class: 532K(640K)->532K(640K)
[513.970s][info][gc             ] GC(1374) Pause Full (Ergonomics) 365M->365M(409M) 382.911ms
[513.970s][info][gc,cpu         ] GC(1374) User=0.34s Sys=0.00s Real=0.38s
[513.970s][info][gc,start       ] GC(1375) Pause Full (Ergonomics)
[513.970s][info][gc,phases,start] GC(1375) Marking Phase
[514.256s][info][gc,phases      ] GC(1375) Marking Phase 285.862ms
[514.256s][info][gc,phases,start] GC(1375) Summary Phase
[514.256s][info][gc,phases      ] GC(1375) Summary Phase 0.034ms
[514.256s][info][gc,phases,start] GC(1375) Adjust Roots
[514.257s][info][gc,phases      ] GC(1375) Adjust Roots 0.247ms
[514.257s][info][gc,phases,start] GC(1375) Compaction Phase
[514.355s][info][gc,phases      ] GC(1375) Compaction Phase 98.304ms
[514.355s][info][gc,phases,start] GC(1375) Post Compact
[514.357s][info][gc,phases      ] GC(1375) Post Compact 1.543ms
[514.357s][info][gc,heap        ] GC(1375) PSYoungGen: 33771K(77312K)->33771K(77312K) Eden: 24575K(24576K)->24575K(24576K) From: 9195K(52736K)->9195K(52736K)
[514.357s][info][gc,heap        ] GC(1375) ParOldGen: 340410K(341504K)->340410K(341504K)
[514.357s][info][gc,metaspace   ] GC(1375) Metaspace: 6296K(6464K)->6296K(6464K) NonClass: 5763K(5824K)->5763K(5824K) Class: 532K(640K)->532K(640K)
[514.357s][info][gc             ] GC(1375) Pause Full (Ergonomics) 365M->365M(409M) 386.371ms
[514.357s][info][gc,cpu         ] GC(1375) User=0.36s Sys=0.00s Real=0.39s
[514.357s][info][gc,start       ] GC(1376) Pause Full (Ergonomics)
[514.357s][info][gc,phases,start] GC(1376) Marking Phase
[514.642s][info][gc,phases      ] GC(1376) Marking Phase 284.580ms
[514.642s][info][gc,phases,start] GC(1376) Summary Phase
[514.642s][info][gc,phases      ] GC(1376) Summary Phase 0.035ms
[514.642s][info][gc,phases,start] GC(1376) Adjust Roots
[514.642s][info][gc,phases      ] GC(1376) Adjust Roots 0.297ms
[514.642s][info][gc,phases,start] GC(1376) Compaction Phase
[514.738s][info][gc,phases      ] GC(1376) Compaction Phase 95.916ms
[514.738s][info][gc,phases,start] GC(1376) Post Compact
[514.740s][info][gc,phases      ] GC(1376) Post Compact 1.644ms
[514.740s][info][gc,heap        ] GC(1376) PSYoungGen: 33771K(77312K)->33771K(77312K) Eden: 24575K(24576K)->24575K(24576K) From: 9195K(52736K)->9195K(52736K)
[514.740s][info][gc,heap        ] GC(1376) ParOldGen: 340414K(341504K)->340414K(341504K)
[514.740s][info][gc,metaspace   ] GC(1376) Metaspace: 6296K(6464K)->6296K(6464K) NonClass: 5763K(5824K)->5763K(5824K) Class: 532K(640K)->532K(640K)
[514.740s][info][gc             ] GC(1376) Pause Full (Ergonomics) 365M->365M(409M) 382.895ms
[514.740s][info][gc,cpu         ] GC(1376) User=0.36s Sys=0.00s Real=0.38s
[514.740s][info][gc,start       ] GC(1377) Pause Full (Ergonomics)
[514.740s][info][gc,phases,start] GC(1377) Marking Phase
[515.030s][info][gc,phases      ] GC(1377) Marking Phase 289.607ms
[515.030s][info][gc,phases,start] GC(1377) Summary Phase
[515.030s][info][gc,phases      ] GC(1377) Summary Phase 0.035ms
[515.030s][info][gc,phases,start] GC(1377) Adjust Roots
[515.030s][info][gc,phases      ] GC(1377) Adjust Roots 0.279ms
[515.030s][info][gc,phases,start] GC(1377) Compaction Phase
[515.130s][info][gc,phases      ] GC(1377) Compaction Phase 99.474ms
[515.130s][info][gc,phases,start] GC(1377) Post Compact
[515.132s][info][gc,phases      ] GC(1377) Post Compact 1.561ms
[515.132s][info][gc,heap        ] GC(1377) PSYoungGen: 33771K(77312K)->33771K(77312K) Eden: 24575K(24576K)->24575K(24576K) From: 9195K(52736K)->9195K(52736K)
[515.132s][info][gc,heap        ] GC(1377) ParOldGen: 340419K(341504K)->340419K(341504K)
[515.132s][info][gc,metaspace   ] GC(1377) Metaspace: 6296K(6464K)->6296K(6464K) NonClass: 5763K(5824K)->5763K(5824K) Class: 532K(640K)->532K(640K)
[515.132s][info][gc             ] GC(1377) Pause Full (Ergonomics) 365M->365M(409M) 391.358ms
[515.132s][info][gc,cpu         ] GC(1377) User=0.36s Sys=0.00s Real=0.39s
[515.132s][info][gc,start       ] GC(1378) Pause Full (Ergonomics)
[515.132s][info][gc,phases,start] GC(1378) Marking Phase
[515.416s][info][gc,phases      ] GC(1378) Marking Phase 284.506ms
[515.417s][info][gc,phases,start] GC(1378) Summary Phase
[515.417s][info][gc,phases      ] GC(1378) Summary Phase 0.034ms
[515.417s][info][gc,phases,start] GC(1378) Adjust Roots
[515.417s][info][gc,phases      ] GC(1378) Adjust Roots 0.238ms
[515.417s][info][gc,phases,start] GC(1378) Compaction Phase
[515.512s][info][gc,phases      ] GC(1378) Compaction Phase 94.639ms
[515.512s][info][gc,phases,start] GC(1378) Post Compact
[515.513s][info][gc,phases      ] GC(1378) Post Compact 1.711ms
[515.513s][info][gc,heap        ] GC(1378) PSYoungGen: 33771K(77312K)->33771K(77312K) Eden: 24575K(24576K)->24575K(24576K) From: 9195K(52736K)->9195K(52736K)
[515.513s][info][gc,heap        ] GC(1378) ParOldGen: 340424K(341504K)->340424K(341504K)
[515.513s][info][gc,metaspace   ] GC(1378) Metaspace: 6296K(6464K)->6296K(6464K) NonClass: 5763K(5824K)->5763K(5824K) Class: 532K(640K)->532K(640K)
[515.513s][info][gc             ] GC(1378) Pause Full (Ergonomics) 365M->365M(409M) 381.530ms
[515.513s][info][gc,cpu         ] GC(1378) User=0.34s Sys=0.00s Real=0.38s
[515.514s][info][gc,start       ] GC(1379) Pause Full (Ergonomics)
[515.514s][info][gc,phases,start] GC(1379) Marking Phase
[515.797s][info][gc,phases      ] GC(1379) Marking Phase 283.487ms
[515.797s][info][gc,phases,start] GC(1379) Summary Phase
[515.798s][info][gc,phases      ] GC(1379) Summary Phase 0.023ms
[515.798s][info][gc,phases,start] GC(1379) Adjust Roots
[515.798s][info][gc,phases      ] GC(1379) Adjust Roots 0.567ms
[515.798s][info][gc,phases,start] GC(1379) Compaction Phase
[515.896s][info][gc,phases      ] GC(1379) Compaction Phase 97.976ms
[515.896s][info][gc,phases,start] GC(1379) Post Compact
[515.898s][info][gc,phases      ] GC(1379) Post Compact 1.538ms
[515.898s][info][gc,heap        ] GC(1379) PSYoungGen: 33771K(77312K)->33771K(77312K) Eden: 24575K(24576K)->24575K(24576K) From: 9195K(52736K)->9195K(52736K)
[515.898s][info][gc,heap        ] GC(1379) ParOldGen: 340428K(341504K)->340428K(341504K)
[515.898s][info][gc,metaspace   ] GC(1379) Metaspace: 6296K(6464K)->6296K(6464K) NonClass: 5763K(5824K)->5763K(5824K) Class: 532K(640K)->532K(640K)
[515.898s][info][gc             ] GC(1379) Pause Full (Ergonomics) 365M->365M(409M) 383.962ms
[515.898s][info][gc,cpu         ] GC(1379) User=0.38s Sys=0.00s Real=0.38s
[515.898s][info][gc,start       ] GC(1380) Pause Full (Ergonomics)
[515.898s][info][gc,phases,start] GC(1380) Marking Phase
[516.185s][info][gc,phases      ] GC(1380) Marking Phase 286.463ms
[516.185s][info][gc,phases,start] GC(1380) Summary Phase
[516.185s][info][gc,phases      ] GC(1380) Summary Phase 0.030ms
[516.185s][info][gc,phases,start] GC(1380) Adjust Roots
[516.185s][info][gc,phases      ] GC(1380) Adjust Roots 0.244ms
[516.185s][info][gc,phases,start] GC(1380) Compaction Phase
[516.282s][info][gc,phases      ] GC(1380) Compaction Phase 96.664ms
[516.282s][info][gc,phases,start] GC(1380) Post Compact
[516.283s][info][gc,phases      ] GC(1380) Post Compact 1.525ms
[516.283s][info][gc,heap        ] GC(1380) PSYoungGen: 33771K(77312K)->33771K(77312K) Eden: 24575K(24576K)->24575K(24576K) From: 9195K(52736K)->9195K(52736K)
[516.283s][info][gc,heap        ] GC(1380) ParOldGen: 340433K(341504K)->340433K(341504K)
[516.283s][info][gc,metaspace   ] GC(1380) Metaspace: 6296K(6464K)->6296K(6464K) NonClass: 5763K(5824K)->5763K(5824K) Class: 532K(640K)->532K(640K)
[516.283s][info][gc             ] GC(1380) Pause Full (Ergonomics) 365M->365M(409M) 385.322ms
[516.284s][info][gc,cpu         ] GC(1380) User=0.36s Sys=0.00s Real=0.39s
[516.284s][info][gc,start       ] GC(1381) Pause Full (Ergonomics)
[516.284s][info][gc,phases,start] GC(1381) Marking Phase
[516.574s][info][gc,phases      ] GC(1381) Marking Phase 290.387ms
[516.574s][info][gc,phases,start] GC(1381) Summary Phase
[516.574s][info][gc,phases      ] GC(1381) Summary Phase 0.024ms
[516.575s][info][gc,phases,start] GC(1381) Adjust Roots
[516.575s][info][gc,phases      ] GC(1381) Adjust Roots 0.214ms
[516.575s][info][gc,phases,start] GC(1381) Compaction Phase
[516.673s][info][gc,phases      ] GC(1381) Compaction Phase 98.538ms
[516.673s][info][gc,phases,start] GC(1381) Post Compact
[516.675s][info][gc,phases      ] GC(1381) Post Compact 1.532ms
[516.675s][info][gc,heap        ] GC(1381) PSYoungGen: 33771K(77312K)->33771K(77312K) Eden: 24575K(24576K)->24575K(24576K) From: 9195K(52736K)->9195K(52736K)
[516.675s][info][gc,heap        ] GC(1381) ParOldGen: 340438K(341504K)->340438K(341504K)
[516.675s][info][gc,metaspace   ] GC(1381) Metaspace: 6296K(6464K)->6296K(6464K) NonClass: 5763K(5824K)->5763K(5824K) Class: 532K(640K)->532K(640K)
[516.675s][info][gc             ] GC(1381) Pause Full (Ergonomics) 365M->365M(409M) 391.047ms
[516.675s][info][gc,cpu         ] GC(1381) User=0.38s Sys=0.00s Real=0.39s
[516.675s][info][gc,start       ] GC(1382) Pause Full (Ergonomics)
[516.675s][info][gc,phases,start] GC(1382) Marking Phase
[516.960s][info][gc,phases      ] GC(1382) Marking Phase 284.337ms
[516.960s][info][gc,phases,start] GC(1382) Summary Phase
[516.960s][info][gc,phases      ] GC(1382) Summary Phase 0.034ms
[516.960s][info][gc,phases,start] GC(1382) Adjust Roots
[516.960s][info][gc,phases      ] GC(1382) Adjust Roots 0.294ms
[516.960s][info][gc,phases,start] GC(1382) Compaction Phase
[517.057s][info][gc,phases      ] GC(1382) Compaction Phase 96.947ms
[517.057s][info][gc,phases,start] GC(1382) Post Compact
[517.059s][info][gc,phases      ] GC(1382) Post Compact 1.530ms
[517.059s][info][gc,heap        ] GC(1382) PSYoungGen: 33771K(77312K)->33771K(77312K) Eden: 24575K(24576K)->24575K(24576K) From: 9195K(52736K)->9195K(52736K)
[517.059s][info][gc,heap        ] GC(1382) ParOldGen: 340442K(341504K)->340442K(341504K)
[517.059s][info][gc,metaspace   ] GC(1382) Metaspace: 6296K(6464K)->6296K(6464K) NonClass: 5763K(5824K)->5763K(5824K) Class: 532K(640K)->532K(640K)
[517.059s][info][gc             ] GC(1382) Pause Full (Ergonomics) 365M->365M(409M) 383.525ms
[517.059s][info][gc,cpu         ] GC(1382) User=0.34s Sys=0.00s Real=0.38s
[517.059s][info][gc,start       ] GC(1383) Pause Full (Ergonomics)
[517.059s][info][gc,phases,start] GC(1383) Marking Phase
[517.349s][info][gc,phases      ] GC(1383) Marking Phase 290.119ms
[517.349s][info][gc,phases,start] GC(1383) Summary Phase
[517.349s][info][gc,phases      ] GC(1383) Summary Phase 0.035ms
[517.349s][info][gc,phases,start] GC(1383) Adjust Roots
[517.350s][info][gc,phases      ] GC(1383) Adjust Roots 0.280ms
[517.350s][info][gc,phases,start] GC(1383) Compaction Phase
[517.448s][info][gc,phases      ] GC(1383) Compaction Phase 98.147ms
[517.448s][info][gc,phases,start] GC(1383) Post Compact
[517.450s][info][gc,phases      ] GC(1383) Post Compact 1.572ms
[517.450s][info][gc,heap        ] GC(1383) PSYoungGen: 33771K(77312K)->33771K(77312K) Eden: 24575K(24576K)->24575K(24576K) From: 9195K(52736K)->9195K(52736K)
[517.450s][info][gc,heap        ] GC(1383) ParOldGen: 340447K(341504K)->340447K(341504K)
[517.450s][info][gc,metaspace   ] GC(1383) Metaspace: 6296K(6464K)->6296K(6464K) NonClass: 5763K(5824K)->5763K(5824K) Class: 532K(640K)->532K(640K)
[517.450s][info][gc             ] GC(1383) Pause Full (Ergonomics) 365M->365M(409M) 390.554ms
[517.450s][info][gc,cpu         ] GC(1383) User=0.36s Sys=0.00s Real=0.39s
[517.450s][info][gc,start       ] GC(1384) Pause Full (Ergonomics)
[517.450s][info][gc,phases,start] GC(1384) Marking Phase
[517.737s][info][gc,phases      ] GC(1384) Marking Phase 286.574ms
[517.737s][info][gc,phases,start] GC(1384) Summary Phase
[517.737s][info][gc,phases      ] GC(1384) Summary Phase 0.035ms
[517.737s][info][gc,phases,start] GC(1384) Adjust Roots
[517.737s][info][gc,phases      ] GC(1384) Adjust Roots 0.241ms
[517.737s][info][gc,phases,start] GC(1384) Compaction Phase
[517.833s][info][gc,phases      ] GC(1384) Compaction Phase 96.422ms
[517.834s][info][gc,phases,start] GC(1384) Post Compact
[517.835s][info][gc,phases      ] GC(1384) Post Compact 1.536ms
[517.835s][info][gc,heap        ] GC(1384) PSYoungGen: 33771K(77312K)->33771K(77312K) Eden: 24575K(24576K)->24575K(24576K) From: 9195K(52736K)->9195K(52736K)
[517.835s][info][gc,heap        ] GC(1384) ParOldGen: 340452K(341504K)->340452K(341504K)
[517.835s][info][gc,metaspace   ] GC(1384) Metaspace: 6296K(6464K)->6296K(6464K) NonClass: 5763K(5824K)->5763K(5824K) Class: 532K(640K)->532K(640K)
[517.835s][info][gc             ] GC(1384) Pause Full (Ergonomics) 365M->365M(409M) 385.251ms
[517.835s][info][gc,cpu         ] GC(1384) User=0.34s Sys=0.00s Real=0.38s
[517.835s][info][gc,start       ] GC(1385) Pause Full (Ergonomics)
[517.836s][info][gc,phases,start] GC(1385) Marking Phase
[518.122s][info][gc,phases      ] GC(1385) Marking Phase 286.233ms
[518.122s][info][gc,phases,start] GC(1385) Summary Phase
[518.122s][info][gc,phases      ] GC(1385) Summary Phase 0.035ms
[518.122s][info][gc,phases,start] GC(1385) Adjust Roots
[518.122s][info][gc,phases      ] GC(1385) Adjust Roots 0.298ms
[518.122s][info][gc,phases,start] GC(1385) Compaction Phase
[518.218s][info][gc,phases      ] GC(1385) Compaction Phase 96.142ms
[518.218s][info][gc,phases,start] GC(1385) Post Compact
[518.220s][info][gc,phases      ] GC(1385) Post Compact 1.545ms
[518.220s][info][gc,heap        ] GC(1385) PSYoungGen: 33771K(77312K)->33771K(77312K) Eden: 24575K(24576K)->24575K(24576K) From: 9195K(52736K)->9195K(52736K)
[518.220s][info][gc,heap        ] GC(1385) ParOldGen: 340456K(341504K)->340456K(341504K)
[518.220s][info][gc,metaspace   ] GC(1385) Metaspace: 6296K(6464K)->6296K(6464K) NonClass: 5763K(5824K)->5763K(5824K) Class: 532K(640K)->532K(640K)
[518.220s][info][gc             ] GC(1385) Pause Full (Ergonomics) 365M->365M(409M) 384.633ms
[518.220s][info][gc,cpu         ] GC(1385) User=0.34s Sys=0.00s Real=0.39s
[518.220s][info][gc,start       ] GC(1386) Pause Full (Ergonomics)
[518.220s][info][gc,phases,start] GC(1386) Marking Phase
[518.512s][info][gc,phases      ] GC(1386) Marking Phase 291.244ms
[518.512s][info][gc,phases,start] GC(1386) Summary Phase
[518.512s][info][gc,phases      ] GC(1386) Summary Phase 0.036ms
[518.512s][info][gc,phases,start] GC(1386) Adjust Roots
[518.512s][info][gc,phases      ] GC(1386) Adjust Roots 0.293ms
[518.512s][info][gc,phases,start] GC(1386) Compaction Phase
[518.611s][info][gc,phases      ] GC(1386) Compaction Phase 98.539ms
[518.611s][info][gc,phases,start] GC(1386) Post Compact
[518.612s][info][gc,phases      ] GC(1386) Post Compact 1.551ms
[518.612s][info][gc,heap        ] GC(1386) PSYoungGen: 33771K(77312K)->33771K(77312K) Eden: 24575K(24576K)->24575K(24576K) From: 9195K(52736K)->9195K(52736K)
[518.612s][info][gc,heap        ] GC(1386) ParOldGen: 340461K(341504K)->340461K(341504K)
[518.612s][info][gc,metaspace   ] GC(1386) Metaspace: 6296K(6464K)->6296K(6464K) NonClass: 5763K(5824K)->5763K(5824K) Class: 532K(640K)->532K(640K)
[518.613s][info][gc             ] GC(1386) Pause Full (Ergonomics) 365M->365M(409M) 392.072ms
[518.613s][info][gc,cpu         ] GC(1386) User=0.38s Sys=0.00s Real=0.39s
[518.613s][info][gc,start       ] GC(1387) Pause Full (Ergonomics)
[518.613s][info][gc,phases,start] GC(1387) Marking Phase
[518.897s][info][gc,phases      ] GC(1387) Marking Phase 284.669ms
[518.898s][info][gc,phases,start] GC(1387) Summary Phase
[518.898s][info][gc,phases      ] GC(1387) Summary Phase 0.035ms
[518.898s][info][gc,phases,start] GC(1387) Adjust Roots
[518.898s][info][gc,phases      ] GC(1387) Adjust Roots 0.226ms
[518.898s][info][gc,phases,start] GC(1387) Compaction Phase
[518.995s][info][gc,phases      ] GC(1387) Compaction Phase 97.326ms
[518.995s][info][gc,phases,start] GC(1387) Post Compact
[518.997s][info][gc,phases      ] GC(1387) Post Compact 1.556ms
[518.997s][info][gc,heap        ] GC(1387) PSYoungGen: 33771K(77312K)->33771K(77312K) Eden: 24575K(24576K)->24575K(24576K) From: 9195K(52736K)->9195K(52736K)
[518.997s][info][gc,heap        ] GC(1387) ParOldGen: 340466K(341504K)->340466K(341504K)
[518.997s][info][gc,metaspace   ] GC(1387) Metaspace: 6296K(6464K)->6296K(6464K) NonClass: 5763K(5824K)->5763K(5824K) Class: 532K(640K)->532K(640K)
[518.997s][info][gc             ] GC(1387) Pause Full (Ergonomics) 365M->365M(409M) 384.177ms
[518.997s][info][gc,cpu         ] GC(1387) User=0.36s Sys=0.00s Real=0.38s
[518.997s][info][gc,start       ] GC(1388) Pause Full (Ergonomics)
[518.997s][info][gc,phases,start] GC(1388) Marking Phase
[519.287s][info][gc,phases      ] GC(1388) Marking Phase 289.461ms
[519.287s][info][gc,phases,start] GC(1388) Summary Phase
[519.287s][info][gc,phases      ] GC(1388) Summary Phase 0.035ms
[519.287s][info][gc,phases,start] GC(1388) Adjust Roots
[519.287s][info][gc,phases      ] GC(1388) Adjust Roots 0.276ms
[519.287s][info][gc,phases,start] GC(1388) Compaction Phase
[519.386s][info][gc,phases      ] GC(1388) Compaction Phase 98.783ms
[519.386s][info][gc,phases,start] GC(1388) Post Compact
[519.388s][info][gc,phases      ] GC(1388) Post Compact 1.533ms
[519.388s][info][gc,heap        ] GC(1388) PSYoungGen: 33771K(77312K)->33771K(77312K) Eden: 24575K(24576K)->24575K(24576K) From: 9195K(52736K)->9195K(52736K)
[519.388s][info][gc,heap        ] GC(1388) ParOldGen: 340470K(341504K)->340470K(341504K)
[519.388s][info][gc,metaspace   ] GC(1388) Metaspace: 6296K(6464K)->6296K(6464K) NonClass: 5763K(5824K)->5763K(5824K) Class: 532K(640K)->532K(640K)
[519.388s][info][gc             ] GC(1388) Pause Full (Ergonomics) 365M->365M(409M) 390.480ms
[519.388s][info][gc,cpu         ] GC(1388) User=0.36s Sys=0.02s Real=0.39s
[519.388s][info][gc,start       ] GC(1389) Pause Full (Ergonomics)
[519.388s][info][gc,phases,start] GC(1389) Marking Phase
[519.674s][info][gc,phases      ] GC(1389) Marking Phase 286.089ms
[519.674s][info][gc,phases,start] GC(1389) Summary Phase
[519.674s][info][gc,phases      ] GC(1389) Summary Phase 0.023ms
[519.674s][info][gc,phases,start] GC(1389) Adjust Roots
[519.675s][info][gc,phases      ] GC(1389) Adjust Roots 0.251ms
[519.675s][info][gc,phases,start] GC(1389) Compaction Phase
[519.771s][info][gc,phases      ] GC(1389) Compaction Phase 96.166ms
[519.771s][info][gc,phases,start] GC(1389) Post Compact
[519.772s][info][gc,phases      ] GC(1389) Post Compact 1.520ms
[519.772s][info][gc,heap        ] GC(1389) PSYoungGen: 33771K(77312K)->33771K(77312K) Eden: 24575K(24576K)->24575K(24576K) From: 9195K(52736K)->9195K(52736K)
[519.772s][info][gc,heap        ] GC(1389) ParOldGen: 340475K(341504K)->340475K(341504K)
[519.773s][info][gc,metaspace   ] GC(1389) Metaspace: 6296K(6464K)->6296K(6464K) NonClass: 5763K(5824K)->5763K(5824K) Class: 532K(640K)->532K(640K)
[519.773s][info][gc             ] GC(1389) Pause Full (Ergonomics) 365M->365M(409M) 384.434ms
[519.773s][info][gc,cpu         ] GC(1389) User=0.36s Sys=0.00s Real=0.38s
[519.773s][info][gc,start       ] GC(1390) Pause Full (Ergonomics)
[519.773s][info][gc,phases,start] GC(1390) Marking Phase
[520.057s][info][gc,phases      ] GC(1390) Marking Phase 284.160ms
[520.057s][info][gc,phases,start] GC(1390) Summary Phase
[520.057s][info][gc,phases      ] GC(1390) Summary Phase 0.051ms
[520.057s][info][gc,phases,start] GC(1390) Adjust Roots
[520.058s][info][gc,phases      ] GC(1390) Adjust Roots 0.457ms
[520.058s][info][gc,phases,start] GC(1390) Compaction Phase
[520.154s][info][gc,phases      ] GC(1390) Compaction Phase 96.341ms
[520.154s][info][gc,phases,start] GC(1390) Post Compact
[520.156s][info][gc,phases      ] GC(1390) Post Compact 1.533ms
[520.156s][info][gc,heap        ] GC(1390) PSYoungGen: 33771K(77312K)->33771K(77312K) Eden: 24575K(24576K)->24575K(24576K) From: 9195K(52736K)->9195K(52736K)
[520.156s][info][gc,heap        ] GC(1390) ParOldGen: 340480K(341504K)->340480K(341504K)
[520.156s][info][gc,metaspace   ] GC(1390) Metaspace: 6296K(6464K)->6296K(6464K) NonClass: 5763K(5824K)->5763K(5824K) Class: 532K(640K)->532K(640K)
[520.156s][info][gc             ] GC(1390) Pause Full (Ergonomics) 365M->365M(409M) 382.996ms
[520.156s][info][gc,cpu         ] GC(1390) User=0.34s Sys=0.00s Real=0.38s
[520.156s][info][gc,start       ] GC(1391) Pause Full (Ergonomics)
[520.156s][info][gc,phases,start] GC(1391) Marking Phase
[520.445s][info][gc,phases      ] GC(1391) Marking Phase 288.700ms
[520.445s][info][gc,phases,start] GC(1391) Summary Phase
[520.445s][info][gc,phases      ] GC(1391) Summary Phase 0.035ms
[520.445s][info][gc,phases,start] GC(1391) Adjust Roots
[520.445s][info][gc,phases      ] GC(1391) Adjust Roots 0.250ms
[520.445s][info][gc,phases,start] GC(1391) Compaction Phase
[520.544s][info][gc,phases      ] GC(1391) Compaction Phase 98.401ms
[520.544s][info][gc,phases,start] GC(1391) Post Compact
[520.545s][info][gc,phases      ] GC(1391) Post Compact 1.542ms
[520.545s][info][gc,heap        ] GC(1391) PSYoungGen: 33771K(77312K)->33771K(77312K) Eden: 24575K(24576K)->24575K(24576K) From: 9195K(52736K)->9195K(52736K)
[520.545s][info][gc,heap        ] GC(1391) ParOldGen: 340484K(341504K)->340484K(341504K)
[520.545s][info][gc,metaspace   ] GC(1391) Metaspace: 6296K(6464K)->6296K(6464K) NonClass: 5763K(5824K)->5763K(5824K) Class: 532K(640K)->532K(640K)
[520.545s][info][gc             ] GC(1391) Pause Full (Ergonomics) 365M->365M(409M) 389.339ms
[520.545s][info][gc,cpu         ] GC(1391) User=0.36s Sys=0.00s Real=0.39s
[520.546s][info][gc,start       ] GC(1392) Pause Full (Ergonomics)
[520.546s][info][gc,phases,start] GC(1392) Marking Phase
[520.832s][info][gc,phases      ] GC(1392) Marking Phase 286.280ms
[520.832s][info][gc,phases,start] GC(1392) Summary Phase
[520.832s][info][gc,phases      ] GC(1392) Summary Phase 0.034ms
[520.832s][info][gc,phases,start] GC(1392) Adjust Roots
[520.833s][info][gc,phases      ] GC(1392) Adjust Roots 0.464ms
[520.833s][info][gc,phases,start] GC(1392) Compaction Phase
[520.934s][info][gc,phases      ] GC(1392) Compaction Phase 101.497ms
[520.934s][info][gc,phases,start] GC(1392) Post Compact
[520.936s][info][gc,phases      ] GC(1392) Post Compact 1.516ms
[520.936s][info][gc,heap        ] GC(1392) PSYoungGen: 33771K(77312K)->33771K(77312K) Eden: 24575K(24576K)->24575K(24576K) From: 9195K(52736K)->9195K(52736K)
[520.936s][info][gc,heap        ] GC(1392) ParOldGen: 340489K(341504K)->340489K(341504K)
[520.936s][info][gc,metaspace   ] GC(1392) Metaspace: 6296K(6464K)->6296K(6464K) NonClass: 5763K(5824K)->5763K(5824K) Class: 532K(640K)->532K(640K)
[520.936s][info][gc             ] GC(1392) Pause Full (Ergonomics) 365M->365M(409M) 390.179ms
[520.936s][info][gc,cpu         ] GC(1392) User=0.36s Sys=0.02s Real=0.39s
[520.936s][info][gc,start       ] GC(1393) Pause Full (Ergonomics)
[520.936s][info][gc,phases,start] GC(1393) Marking Phase
[521.221s][info][gc,phases      ] GC(1393) Marking Phase 285.048ms
[521.221s][info][gc,phases,start] GC(1393) Summary Phase
[521.221s][info][gc,phases      ] GC(1393) Summary Phase 0.033ms
[521.221s][info][gc,phases,start] GC(1393) Adjust Roots
[521.222s][info][gc,phases      ] GC(1393) Adjust Roots 0.221ms
[521.222s][info][gc,phases,start] GC(1393) Compaction Phase
[521.318s][info][gc,phases      ] GC(1393) Compaction Phase 95.973ms
[521.318s][info][gc,phases,start] GC(1393) Post Compact
[521.319s][info][gc,phases      ] GC(1393) Post Compact 1.591ms
[521.319s][info][gc,heap        ] GC(1393) PSYoungGen: 33771K(77312K)->33771K(77312K) Eden: 24575K(24576K)->24575K(24576K) From: 9195K(52736K)->9195K(52736K)
[521.319s][info][gc,heap        ] GC(1393) ParOldGen: 340494K(341504K)->340494K(341504K)
[521.319s][info][gc,metaspace   ] GC(1393) Metaspace: 6296K(6464K)->6296K(6464K) NonClass: 5763K(5824K)->5763K(5824K) Class: 532K(640K)->532K(640K)
[521.319s][info][gc             ] GC(1393) Pause Full (Ergonomics) 365M->365M(409M) 383.230ms
[521.319s][info][gc,cpu         ] GC(1393) User=0.38s Sys=0.00s Real=0.38s
[521.320s][info][gc,start       ] GC(1394) Pause Full (Ergonomics)
[521.320s][info][gc,phases,start] GC(1394) Marking Phase
[521.608s][info][gc,phases      ] GC(1394) Marking Phase 287.566ms
[521.608s][info][gc,phases,start] GC(1394) Summary Phase
[521.608s][info][gc,phases      ] GC(1394) Summary Phase 0.036ms
[521.608s][info][gc,phases,start] GC(1394) Adjust Roots
[521.608s][info][gc,phases      ] GC(1394) Adjust Roots 0.286ms
[521.608s][info][gc,phases,start] GC(1394) Compaction Phase
[521.704s][info][gc,phases      ] GC(1394) Compaction Phase 95.806ms
[521.704s][info][gc,phases,start] GC(1394) Post Compact
[521.705s][info][gc,phases      ] GC(1394) Post Compact 1.540ms
[521.706s][info][gc,heap        ] GC(1394) PSYoungGen: 33771K(77312K)->33771K(77312K) Eden: 24575K(24576K)->24575K(24576K) From: 9195K(52736K)->9195K(52736K)
[521.706s][info][gc,heap        ] GC(1394) ParOldGen: 340498K(341504K)->340498K(341504K)
[521.706s][info][gc,metaspace   ] GC(1394) Metaspace: 6296K(6464K)->6296K(6464K) NonClass: 5763K(5824K)->5763K(5824K) Class: 532K(640K)->532K(640K)
[521.706s][info][gc             ] GC(1394) Pause Full (Ergonomics) 365M->365M(409M) 385.646ms
[521.706s][info][gc,cpu         ] GC(1394) User=0.34s Sys=0.00s Real=0.39s
[521.706s][info][gc,start       ] GC(1395) Pause Full (Ergonomics)
[521.706s][info][gc,phases,start] GC(1395) Marking Phase
[521.997s][info][gc,phases      ] GC(1395) Marking Phase 290.871ms
[521.997s][info][gc,phases,start] GC(1395) Summary Phase
[521.997s][info][gc,phases      ] GC(1395) Summary Phase 0.023ms
[521.997s][info][gc,phases,start] GC(1395) Adjust Roots
[521.997s][info][gc,phases      ] GC(1395) Adjust Roots 0.254ms
[521.997s][info][gc,phases,start] GC(1395) Compaction Phase
[522.095s][info][gc,phases      ] GC(1395) Compaction Phase 97.401ms
[522.095s][info][gc,phases,start] GC(1395) Post Compact
[522.096s][info][gc,phases      ] GC(1395) Post Compact 1.517ms
[522.096s][info][gc,heap        ] GC(1395) PSYoungGen: 33771K(77312K)->33771K(77312K) Eden: 24575K(24576K)->24575K(24576K) From: 9195K(52736K)->9195K(52736K)
[522.096s][info][gc,heap        ] GC(1395) ParOldGen: 340503K(341504K)->340503K(341504K)
[522.096s][info][gc,metaspace   ] GC(1395) Metaspace: 6296K(6464K)->6296K(6464K) NonClass: 5763K(5824K)->5763K(5824K) Class: 532K(640K)->532K(640K)
[522.096s][info][gc             ] GC(1395) Pause Full (Ergonomics) 365M->365M(409M) 390.457ms
[522.096s][info][gc,cpu         ] GC(1395) User=0.38s Sys=0.00s Real=0.39s
[522.097s][info][gc,start       ] GC(1396) Pause Full (Ergonomics)
[522.097s][info][gc,phases,start] GC(1396) Marking Phase
[522.386s][info][gc,phases      ] GC(1396) Marking Phase 289.547ms
[522.386s][info][gc,phases,start] GC(1396) Summary Phase
[522.386s][info][gc,phases      ] GC(1396) Summary Phase 0.023ms
[522.386s][info][gc,phases,start] GC(1396) Adjust Roots
[522.387s][info][gc,phases      ] GC(1396) Adjust Roots 0.216ms
[522.387s][info][gc,phases,start] GC(1396) Compaction Phase
[522.485s][info][gc,phases      ] GC(1396) Compaction Phase 98.381ms
[522.485s][info][gc,phases,start] GC(1396) Post Compact
[522.487s][info][gc,phases      ] GC(1396) Post Compact 1.545ms
[522.487s][info][gc,heap        ] GC(1396) PSYoungGen: 33771K(77312K)->33771K(77312K) Eden: 24575K(24576K)->24575K(24576K) From: 9195K(52736K)->9195K(52736K)
[522.487s][info][gc,heap        ] GC(1396) ParOldGen: 340508K(341504K)->340508K(341504K)
[522.487s][info][gc,metaspace   ] GC(1396) Metaspace: 6296K(6464K)->6296K(6464K) NonClass: 5763K(5824K)->5763K(5824K) Class: 532K(640K)->532K(640K)
[522.487s][info][gc             ] GC(1396) Pause Full (Ergonomics) 365M->365M(409M) 390.082ms
[522.487s][info][gc,cpu         ] GC(1396) User=0.38s Sys=0.00s Real=0.39s
[522.487s][info][gc,start       ] GC(1397) Pause Full (Ergonomics)
[522.487s][info][gc,phases,start] GC(1397) Marking Phase
[522.773s][info][gc,phases      ] GC(1397) Marking Phase 286.173ms
[522.773s][info][gc,phases,start] GC(1397) Summary Phase
[522.773s][info][gc,phases      ] GC(1397) Summary Phase 0.034ms
[522.773s][info][gc,phases,start] GC(1397) Adjust Roots
[522.774s][info][gc,phases      ] GC(1397) Adjust Roots 0.257ms
[522.774s][info][gc,phases,start] GC(1397) Compaction Phase
[522.871s][info][gc,phases      ] GC(1397) Compaction Phase 97.332ms
[522.871s][info][gc,phases,start] GC(1397) Post Compact
[522.873s][info][gc,phases      ] GC(1397) Post Compact 1.525ms
[522.873s][info][gc,heap        ] GC(1397) PSYoungGen: 33771K(77312K)->33771K(77312K) Eden: 24575K(24576K)->24575K(24576K) From: 9195K(52736K)->9195K(52736K)
[522.873s][info][gc,heap        ] GC(1397) ParOldGen: 340512K(341504K)->340512K(341504K)
[522.873s][info][gc,metaspace   ] GC(1397) Metaspace: 6296K(6464K)->6296K(6464K) NonClass: 5763K(5824K)->5763K(5824K) Class: 532K(640K)->532K(640K)
[522.873s][info][gc             ] GC(1397) Pause Full (Ergonomics) 365M->365M(409M) 385.695ms
[522.873s][info][gc,cpu         ] GC(1397) User=0.36s Sys=0.00s Real=0.39s
[522.873s][info][gc,start       ] GC(1398) Pause Full (Ergonomics)
[522.873s][info][gc,phases,start] GC(1398) Marking Phase
[523.163s][info][gc,phases      ] GC(1398) Marking Phase 289.805ms
[523.163s][info][gc,phases,start] GC(1398) Summary Phase
[523.163s][info][gc,phases      ] GC(1398) Summary Phase 0.035ms
[523.163s][info][gc,phases,start] GC(1398) Adjust Roots
[523.163s][info][gc,phases      ] GC(1398) Adjust Roots 0.246ms
[523.163s][info][gc,phases,start] GC(1398) Compaction Phase
[523.262s][info][gc,phases      ] GC(1398) Compaction Phase 99.029ms
[523.262s][info][gc,phases,start] GC(1398) Post Compact
[523.264s][info][gc,phases      ] GC(1398) Post Compact 1.562ms
[523.264s][info][gc,heap        ] GC(1398) PSYoungGen: 33771K(77312K)->33771K(77312K) Eden: 24575K(24576K)->24575K(24576K) From: 9195K(52736K)->9195K(52736K)
[523.264s][info][gc,heap        ] GC(1398) ParOldGen: 340517K(341504K)->340517K(341504K)
[523.264s][info][gc,metaspace   ] GC(1398) Metaspace: 6296K(6464K)->6296K(6464K) NonClass: 5763K(5824K)->5763K(5824K) Class: 532K(640K)->532K(640K)
[523.264s][info][gc             ] GC(1398) Pause Full (Ergonomics) 365M->365M(409M) 391.054ms
[523.264s][info][gc,cpu         ] GC(1398) User=0.36s Sys=0.00s Real=0.39s
[523.264s][info][gc,start       ] GC(1399) Pause Full (Ergonomics)
[523.264s][info][gc,phases,start] GC(1399) Marking Phase
[523.550s][info][gc,phases      ] GC(1399) Marking Phase 286.046ms
[523.550s][info][gc,phases,start] GC(1399) Summary Phase
[523.551s][info][gc,phases      ] GC(1399) Summary Phase 0.035ms
[523.551s][info][gc,phases,start] GC(1399) Adjust Roots
[523.551s][info][gc,phases      ] GC(1399) Adjust Roots 0.224ms
[523.551s][info][gc,phases,start] GC(1399) Compaction Phase
[523.648s][info][gc,phases      ] GC(1399) Compaction Phase 97.294ms
[523.648s][info][gc,phases,start] GC(1399) Post Compact
[523.650s][info][gc,phases      ] GC(1399) Post Compact 1.527ms
[523.650s][info][gc,heap        ] GC(1399) PSYoungGen: 33771K(77312K)->33771K(77312K) Eden: 24575K(24576K)->24575K(24576K) From: 9195K(52736K)->9195K(52736K)
[523.650s][info][gc,heap        ] GC(1399) ParOldGen: 340522K(341504K)->340522K(341504K)
[523.650s][info][gc,metaspace   ] GC(1399) Metaspace: 6296K(6464K)->6296K(6464K) NonClass: 5763K(5824K)->5763K(5824K) Class: 532K(640K)->532K(640K)
[523.650s][info][gc             ] GC(1399) Pause Full (Ergonomics) 365M->365M(409M) 385.578ms
[523.650s][info][gc,cpu         ] GC(1399) User=0.38s Sys=0.00s Real=0.39s
[523.650s][info][gc,start       ] GC(1400) Pause Full (Ergonomics)
[523.650s][info][gc,phases,start] GC(1400) Marking Phase
[523.941s][info][gc,phases      ] GC(1400) Marking Phase 290.411ms
[523.941s][info][gc,phases,start] GC(1400) Summary Phase
[523.941s][info][gc,phases      ] GC(1400) Summary Phase 0.056ms
[523.941s][info][gc,phases,start] GC(1400) Adjust Roots
[523.941s][info][gc,phases      ] GC(1400) Adjust Roots 0.250ms
[523.941s][info][gc,phases,start] GC(1400) Compaction Phase
[524.039s][info][gc,phases      ] GC(1400) Compaction Phase 98.280ms
[524.039s][info][gc,phases,start] GC(1400) Post Compact
[524.041s][info][gc,phases      ] GC(1400) Post Compact 1.529ms
[524.041s][info][gc,heap        ] GC(1400) PSYoungGen: 33771K(77312K)->33771K(77312K) Eden: 24575K(24576K)->24575K(24576K) From: 9195K(52736K)->9195K(52736K)
[524.041s][info][gc,heap        ] GC(1400) ParOldGen: 340526K(341504K)->340526K(341504K)
[524.041s][info][gc,metaspace   ] GC(1400) Metaspace: 6296K(6464K)->6296K(6464K) NonClass: 5763K(5824K)->5763K(5824K) Class: 532K(640K)->532K(640K)
[524.041s][info][gc             ] GC(1400) Pause Full (Ergonomics) 365M->365M(409M) 390.964ms
[524.041s][info][gc,cpu         ] GC(1400) User=0.38s Sys=0.00s Real=0.39s
[524.041s][info][gc,start       ] GC(1401) Pause Full (Ergonomics)
[524.041s][info][gc,phases,start] GC(1401) Marking Phase
[524.328s][info][gc,phases      ] GC(1401) Marking Phase 286.158ms
[524.328s][info][gc,phases,start] GC(1401) Summary Phase
[524.328s][info][gc,phases      ] GC(1401) Summary Phase 0.035ms
[524.328s][info][gc,phases,start] GC(1401) Adjust Roots
[524.328s][info][gc,phases      ] GC(1401) Adjust Roots 0.248ms
[524.328s][info][gc,phases,start] GC(1401) Compaction Phase
[524.425s][info][gc,phases      ] GC(1401) Compaction Phase 96.978ms
[524.425s][info][gc,phases,start] GC(1401) Post Compact
[524.427s][info][gc,phases      ] GC(1401) Post Compact 1.527ms
[524.427s][info][gc,heap        ] GC(1401) PSYoungGen: 33771K(77312K)->33771K(77312K) Eden: 24575K(24576K)->24575K(24576K) From: 9195K(52736K)->9195K(52736K)
[524.427s][info][gc,heap        ] GC(1401) ParOldGen: 340531K(341504K)->340531K(341504K)
[524.427s][info][gc,metaspace   ] GC(1401) Metaspace: 6296K(6464K)->6296K(6464K) NonClass: 5763K(5824K)->5763K(5824K) Class: 532K(640K)->532K(640K)
[524.427s][info][gc             ] GC(1401) Pause Full (Ergonomics) 365M->365M(409M) 385.350ms
[524.427s][info][gc,cpu         ] GC(1401) User=0.34s Sys=0.00s Real=0.38s
[524.427s][info][gc,start       ] GC(1402) Pause Full (Ergonomics)
[524.427s][info][gc,phases,start] GC(1402) Marking Phase
[524.717s][info][gc,phases      ] GC(1402) Marking Phase 289.765ms
[524.717s][info][gc,phases,start] GC(1402) Summary Phase
[524.717s][info][gc,phases      ] GC(1402) Summary Phase 0.036ms
[524.717s][info][gc,phases,start] GC(1402) Adjust Roots
[524.717s][info][gc,phases      ] GC(1402) Adjust Roots 0.245ms
[524.717s][info][gc,phases,start] GC(1402) Compaction Phase
[524.815s][info][gc,phases      ] GC(1402) Compaction Phase 98.090ms
[524.816s][info][gc,phases,start] GC(1402) Post Compact
[524.817s][info][gc,phases      ] GC(1402) Post Compact 1.534ms
[524.817s][info][gc,heap        ] GC(1402) PSYoungGen: 33771K(77312K)->33771K(77312K) Eden: 24575K(24576K)->24575K(24576K) From: 9195K(52736K)->9195K(52736K)
[524.817s][info][gc,heap        ] GC(1402) ParOldGen: 340536K(341504K)->340536K(341504K)
[524.817s][info][gc,metaspace   ] GC(1402) Metaspace: 6296K(6464K)->6296K(6464K) NonClass: 5763K(5824K)->5763K(5824K) Class: 532K(640K)->532K(640K)
[524.817s][info][gc             ] GC(1402) Pause Full (Ergonomics) 365M->365M(409M) 390.121ms
[524.817s][info][gc,cpu         ] GC(1402) User=0.34s Sys=0.02s Real=0.39s
[524.818s][info][gc,start       ] GC(1403) Pause Full (Ergonomics)
[524.818s][info][gc,phases,start] GC(1403) Marking Phase
[525.104s][info][gc,phases      ] GC(1403) Marking Phase 286.372ms
[525.104s][info][gc,phases,start] GC(1403) Summary Phase
[525.104s][info][gc,phases      ] GC(1403) Summary Phase 0.036ms
[525.104s][info][gc,phases,start] GC(1403) Adjust Roots
[525.104s][info][gc,phases      ] GC(1403) Adjust Roots 0.270ms
[525.104s][info][gc,phases,start] GC(1403) Compaction Phase
[525.201s][info][gc,phases      ] GC(1403) Compaction Phase 96.416ms
[525.201s][info][gc,phases,start] GC(1403) Post Compact
[525.202s][info][gc,phases      ] GC(1403) Post Compact 1.554ms
[525.202s][info][gc,heap        ] GC(1403) PSYoungGen: 33771K(77312K)->33771K(77312K) Eden: 24575K(24576K)->24575K(24576K) From: 9195K(52736K)->9195K(52736K)
[525.203s][info][gc,heap        ] GC(1403) ParOldGen: 340540K(341504K)->340540K(341504K)
[525.203s][info][gc,metaspace   ] GC(1403) Metaspace: 6296K(6464K)->6296K(6464K) NonClass: 5763K(5824K)->5763K(5824K) Class: 532K(640K)->532K(640K)
[525.203s][info][gc             ] GC(1403) Pause Full (Ergonomics) 365M->365M(409M) 385.018ms
[525.203s][info][gc,cpu         ] GC(1403) User=0.34s Sys=0.00s Real=0.38s
[525.203s][info][gc,start       ] GC(1404) Pause Full (Ergonomics)
[525.203s][info][gc,phases,start] GC(1404) Marking Phase
[525.489s][info][gc,phases      ] GC(1404) Marking Phase 286.343ms
[525.489s][info][gc,phases,start] GC(1404) Summary Phase
[525.489s][info][gc,phases      ] GC(1404) Summary Phase 0.026ms
[525.489s][info][gc,phases,start] GC(1404) Adjust Roots
[525.490s][info][gc,phases      ] GC(1404) Adjust Roots 0.223ms
[525.490s][info][gc,phases,start] GC(1404) Compaction Phase
[525.586s][info][gc,phases      ] GC(1404) Compaction Phase 96.325ms
[525.586s][info][gc,phases,start] GC(1404) Post Compact
[525.588s][info][gc,phases      ] GC(1404) Post Compact 1.542ms
[525.588s][info][gc,heap        ] GC(1404) PSYoungGen: 33771K(77312K)->33771K(77312K) Eden: 24575K(24576K)->24575K(24576K) From: 9195K(52736K)->9195K(52736K)
[525.588s][info][gc,heap        ] GC(1404) ParOldGen: 340545K(341504K)->340545K(341504K)
[525.588s][info][gc,metaspace   ] GC(1404) Metaspace: 6296K(6464K)->6296K(6464K) NonClass: 5763K(5824K)->5763K(5824K) Class: 532K(640K)->532K(640K)
[525.588s][info][gc             ] GC(1404) Pause Full (Ergonomics) 365M->365M(409M) 384.816ms
[525.588s][info][gc,cpu         ] GC(1404) User=0.36s Sys=0.00s Real=0.38s
[525.588s][info][gc,start       ] GC(1405) Pause Full (Ergonomics)
[525.588s][info][gc,phases,start] GC(1405) Marking Phase
[525.878s][info][gc,phases      ] GC(1405) Marking Phase 290.344ms
[525.878s][info][gc,phases,start] GC(1405) Summary Phase
[525.878s][info][gc,phases      ] GC(1405) Summary Phase 0.035ms
[525.878s][info][gc,phases,start] GC(1405) Adjust Roots
[525.879s][info][gc,phases      ] GC(1405) Adjust Roots 0.233ms
[525.879s][info][gc,phases,start] GC(1405) Compaction Phase
[525.977s][info][gc,phases      ] GC(1405) Compaction Phase 98.695ms
[525.977s][info][gc,phases,start] GC(1405) Post Compact
[525.979s][info][gc,phases      ] GC(1405) Post Compact 1.516ms
[525.979s][info][gc,heap        ] GC(1405) PSYoungGen: 33771K(77312K)->33771K(77312K) Eden: 24575K(24576K)->24575K(24576K) From: 9195K(52736K)->9195K(52736K)
[525.979s][info][gc,heap        ] GC(1405) ParOldGen: 340550K(341504K)->340550K(341504K)
[525.979s][info][gc,metaspace   ] GC(1405) Metaspace: 6296K(6464K)->6296K(6464K) NonClass: 5763K(5824K)->5763K(5824K) Class: 532K(640K)->532K(640K)
[525.979s][info][gc             ] GC(1405) Pause Full (Ergonomics) 365M->365M(409M) 391.235ms
[525.979s][info][gc,cpu         ] GC(1405) User=0.38s Sys=0.00s Real=0.39s
[525.979s][info][gc,start       ] GC(1406) Pause Full (Ergonomics)
[525.979s][info][gc,phases,start] GC(1406) Marking Phase
[526.264s][info][gc,phases      ] GC(1406) Marking Phase 284.671ms
[526.264s][info][gc,phases,start] GC(1406) Summary Phase
[526.264s][info][gc,phases      ] GC(1406) Summary Phase 0.090ms
[526.264s][info][gc,phases,start] GC(1406) Adjust Roots
[526.265s][info][gc,phases      ] GC(1406) Adjust Roots 0.249ms
[526.265s][info][gc,phases,start] GC(1406) Compaction Phase
[526.361s][info][gc,phases      ] GC(1406) Compaction Phase 96.187ms
[526.361s][info][gc,phases,start] GC(1406) Post Compact
[526.362s][info][gc,phases      ] GC(1406) Post Compact 1.568ms
[526.363s][info][gc,heap        ] GC(1406) PSYoungGen: 33771K(77312K)->33771K(77312K) Eden: 24575K(24576K)->24575K(24576K) From: 9195K(52736K)->9195K(52736K)
[526.363s][info][gc,heap        ] GC(1406) ParOldGen: 340554K(341504K)->340554K(341504K)
[526.363s][info][gc,metaspace   ] GC(1406) Metaspace: 6296K(6464K)->6296K(6464K) NonClass: 5763K(5824K)->5763K(5824K) Class: 532K(640K)->532K(640K)
[526.363s][info][gc             ] GC(1406) Pause Full (Ergonomics) 365M->365M(409M) 383.153ms
[526.363s][info][gc,cpu         ] GC(1406) User=0.34s Sys=0.00s Real=0.38s
[526.363s][info][gc,start       ] GC(1407) Pause Full (Ergonomics)
[526.363s][info][gc,phases,start] GC(1407) Marking Phase
[526.653s][info][gc,phases      ] GC(1407) Marking Phase 290.396ms
[526.653s][info][gc,phases,start] GC(1407) Summary Phase
[526.653s][info][gc,phases      ] GC(1407) Summary Phase 0.023ms
[526.653s][info][gc,phases,start] GC(1407) Adjust Roots
[526.654s][info][gc,phases      ] GC(1407) Adjust Roots 0.304ms
[526.654s][info][gc,phases,start] GC(1407) Compaction Phase
[526.752s][info][gc,phases      ] GC(1407) Compaction Phase 98.272ms
[526.752s][info][gc,phases,start] GC(1407) Post Compact
[526.754s][info][gc,phases      ] GC(1407) Post Compact 1.529ms
[526.754s][info][gc,heap        ] GC(1407) PSYoungGen: 33771K(77312K)->33771K(77312K) Eden: 24575K(24576K)->24575K(24576K) From: 9195K(52736K)->9195K(52736K)
[526.754s][info][gc,heap        ] GC(1407) ParOldGen: 340559K(341504K)->340559K(341504K)
[526.754s][info][gc,metaspace   ] GC(1407) Metaspace: 6296K(6464K)->6296K(6464K) NonClass: 5763K(5824K)->5763K(5824K) Class: 532K(640K)->532K(640K)
[526.754s][info][gc             ] GC(1407) Pause Full (Ergonomics) 365M->365M(409M) 390.873ms
[526.754s][info][gc,cpu         ] GC(1407) User=0.36s Sys=0.00s Real=0.39s
[526.754s][info][gc,start       ] GC(1408) Pause Full (Ergonomics)
[526.754s][info][gc,phases,start] GC(1408) Marking Phase
[527.043s][info][gc,phases      ] GC(1408) Marking Phase 289.002ms
[527.043s][info][gc,phases,start] GC(1408) Summary Phase
[527.043s][info][gc,phases      ] GC(1408) Summary Phase 0.023ms
[527.043s][info][gc,phases,start] GC(1408) Adjust Roots
[527.043s][info][gc,phases      ] GC(1408) Adjust Roots 0.221ms
[527.043s][info][gc,phases,start] GC(1408) Compaction Phase
[527.142s][info][gc,phases      ] GC(1408) Compaction Phase 98.739ms
[527.142s][info][gc,phases,start] GC(1408) Post Compact
[527.144s][info][gc,phases      ] GC(1408) Post Compact 1.525ms
[527.144s][info][gc,heap        ] GC(1408) PSYoungGen: 33771K(77312K)->33771K(77312K) Eden: 24575K(24576K)->24575K(24576K) From: 9195K(52736K)->9195K(52736K)
[527.144s][info][gc,heap        ] GC(1408) ParOldGen: 340564K(341504K)->340564K(341504K)
[527.144s][info][gc,metaspace   ] GC(1408) Metaspace: 6296K(6464K)->6296K(6464K) NonClass: 5763K(5824K)->5763K(5824K) Class: 532K(640K)->532K(640K)
[527.144s][info][gc             ] GC(1408) Pause Full (Ergonomics) 365M->365M(409M) 389.908ms
[527.144s][info][gc,cpu         ] GC(1408) User=0.36s Sys=0.00s Real=0.39s
[527.144s][info][gc,start       ] GC(1409) Pause Full (Ergonomics)
[527.144s][info][gc,phases,start] GC(1409) Marking Phase
[527.431s][info][gc,phases      ] GC(1409) Marking Phase 286.117ms
[527.431s][info][gc,phases,start] GC(1409) Summary Phase
[527.431s][info][gc,phases      ] GC(1409) Summary Phase 0.061ms
[527.431s][info][gc,phases,start] GC(1409) Adjust Roots
[527.431s][info][gc,phases      ] GC(1409) Adjust Roots 0.227ms
[527.431s][info][gc,phases,start] GC(1409) Compaction Phase
[527.527s][info][gc,phases      ] GC(1409) Compaction Phase 96.081ms
[527.527s][info][gc,phases,start] GC(1409) Post Compact
[527.529s][info][gc,phases      ] GC(1409) Post Compact 1.541ms
[527.529s][info][gc,heap        ] GC(1409) PSYoungGen: 33771K(77312K)->33771K(77312K) Eden: 24575K(24576K)->24575K(24576K) From: 9195K(52736K)->9195K(52736K)
[527.529s][info][gc,heap        ] GC(1409) ParOldGen: 340568K(341504K)->340568K(341504K)
[527.529s][info][gc,metaspace   ] GC(1409) Metaspace: 6296K(6464K)->6296K(6464K) NonClass: 5763K(5824K)->5763K(5824K) Class: 532K(640K)->532K(640K)
[527.529s][info][gc             ] GC(1409) Pause Full (Ergonomics) 365M->365M(409M) 384.428ms
[527.529s][info][gc,cpu         ] GC(1409) User=0.36s Sys=0.00s Real=0.38s
[527.529s][info][gc,start       ] GC(1410) Pause Full (Ergonomics)
[527.529s][info][gc,phases,start] GC(1410) Marking Phase
[527.818s][info][gc,phases      ] GC(1410) Marking Phase 288.986ms
[527.818s][info][gc,phases,start] GC(1410) Summary Phase
[527.818s][info][gc,phases      ] GC(1410) Summary Phase 0.035ms
[527.818s][info][gc,phases,start] GC(1410) Adjust Roots
[527.819s][info][gc,phases      ] GC(1410) Adjust Roots 0.254ms
[527.819s][info][gc,phases,start] GC(1410) Compaction Phase
[527.917s][info][gc,phases      ] GC(1410) Compaction Phase 98.111ms
[527.917s][info][gc,phases,start] GC(1410) Post Compact
[527.918s][info][gc,phases      ] GC(1410) Post Compact 1.548ms
[527.918s][info][gc,heap        ] GC(1410) PSYoungGen: 33771K(77312K)->33771K(77312K) Eden: 24575K(24576K)->24575K(24576K) From: 9195K(52736K)->9195K(52736K)
[527.918s][info][gc,heap        ] GC(1410) ParOldGen: 340573K(341504K)->340573K(341504K)
[527.918s][info][gc,metaspace   ] GC(1410) Metaspace: 6296K(6464K)->6296K(6464K) NonClass: 5763K(5824K)->5763K(5824K) Class: 532K(640K)->532K(640K)
[527.918s][info][gc             ] GC(1410) Pause Full (Ergonomics) 365M->365M(409M) 389.323ms
[527.918s][info][gc,cpu         ] GC(1410) User=0.36s Sys=0.00s Real=0.39s
[527.919s][info][gc,start       ] GC(1411) Pause Full (Ergonomics)
[527.919s][info][gc,phases,start] GC(1411) Marking Phase
[528.203s][info][gc,phases      ] GC(1411) Marking Phase 284.633ms
[528.203s][info][gc,phases,start] GC(1411) Summary Phase
[528.204s][info][gc,phases      ] GC(1411) Summary Phase 0.035ms
[528.204s][info][gc,phases,start] GC(1411) Adjust Roots
[528.204s][info][gc,phases      ] GC(1411) Adjust Roots 0.276ms
[528.204s][info][gc,phases,start] GC(1411) Compaction Phase
[528.301s][info][gc,phases      ] GC(1411) Compaction Phase 96.882ms
[528.301s][info][gc,phases,start] GC(1411) Post Compact
[528.302s][info][gc,phases      ] GC(1411) Post Compact 1.544ms
[528.302s][info][gc,heap        ] GC(1411) PSYoungGen: 33771K(77312K)->33771K(77312K) Eden: 24575K(24576K)->24575K(24576K) From: 9195K(52736K)->9195K(52736K)
[528.302s][info][gc,heap        ] GC(1411) ParOldGen: 340578K(341504K)->340578K(341504K)
[528.302s][info][gc,metaspace   ] GC(1411) Metaspace: 6296K(6464K)->6296K(6464K) NonClass: 5763K(5824K)->5763K(5824K) Class: 532K(640K)->532K(640K)
[528.303s][info][gc             ] GC(1411) Pause Full (Ergonomics) 365M->365M(409M) 383.769ms
[528.303s][info][gc,cpu         ] GC(1411) User=0.34s Sys=0.00s Real=0.38s
[528.303s][info][gc,start       ] GC(1412) Pause Full (Ergonomics)
[528.303s][info][gc,phases,start] GC(1412) Marking Phase
[528.595s][info][gc,phases      ] GC(1412) Marking Phase 291.855ms
[528.595s][info][gc,phases,start] GC(1412) Summary Phase
[528.595s][info][gc,phases      ] GC(1412) Summary Phase 0.036ms
[528.595s][info][gc,phases,start] GC(1412) Adjust Roots
[528.595s][info][gc,phases      ] GC(1412) Adjust Roots 0.255ms
[528.595s][info][gc,phases,start] GC(1412) Compaction Phase
[528.694s][info][gc,phases      ] GC(1412) Compaction Phase 99.052ms
[528.694s][info][gc,phases,start] GC(1412) Post Compact
[528.696s][info][gc,phases      ] GC(1412) Post Compact 1.555ms
[528.696s][info][gc,heap        ] GC(1412) PSYoungGen: 33771K(77312K)->33771K(77312K) Eden: 24575K(24576K)->24575K(24576K) From: 9195K(52736K)->9195K(52736K)
[528.696s][info][gc,heap        ] GC(1412) ParOldGen: 340582K(341504K)->340582K(341504K)
[528.696s][info][gc,metaspace   ] GC(1412) Metaspace: 6296K(6464K)->6296K(6464K) NonClass: 5763K(5824K)->5763K(5824K) Class: 532K(640K)->532K(640K)
[528.696s][info][gc             ] GC(1412) Pause Full (Ergonomics) 365M->365M(409M) 393.154ms
[528.696s][info][gc,cpu         ] GC(1412) User=0.36s Sys=0.00s Real=0.39s
[528.696s][info][gc,start       ] GC(1413) Pause Full (Ergonomics)
[528.696s][info][gc,phases,start] GC(1413) Marking Phase
[528.981s][info][gc,phases      ] GC(1413) Marking Phase 285.071ms
[528.981s][info][gc,phases,start] GC(1413) Summary Phase
[528.981s][info][gc,phases      ] GC(1413) Summary Phase 0.034ms
[528.981s][info][gc,phases,start] GC(1413) Adjust Roots
[528.982s][info][gc,phases      ] GC(1413) Adjust Roots 0.248ms
[528.982s][info][gc,phases,start] GC(1413) Compaction Phase
[529.079s][info][gc,phases      ] GC(1413) Compaction Phase 97.196ms
[529.079s][info][gc,phases,start] GC(1413) Post Compact
[529.081s][info][gc,phases      ] GC(1413) Post Compact 1.515ms
[529.081s][info][gc,heap        ] GC(1413) PSYoungGen: 33771K(77312K)->33771K(77312K) Eden: 24575K(24576K)->24575K(24576K) From: 9195K(52736K)->9195K(52736K)
[529.081s][info][gc,heap        ] GC(1413) ParOldGen: 340587K(341504K)->340587K(341504K)
[529.081s][info][gc,metaspace   ] GC(1413) Metaspace: 6296K(6464K)->6296K(6464K) NonClass: 5763K(5824K)->5763K(5824K) Class: 532K(640K)->532K(640K)
[529.081s][info][gc             ] GC(1413) Pause Full (Ergonomics) 365M->365M(409M) 384.448ms
[529.081s][info][gc,cpu         ] GC(1413) User=0.34s Sys=0.00s Real=0.38s
[529.081s][info][gc,start       ] GC(1414) Pause Full (Ergonomics)
[529.081s][info][gc,phases,start] GC(1414) Marking Phase
[529.370s][info][gc,phases      ] GC(1414) Marking Phase 288.630ms
[529.370s][info][gc,phases,start] GC(1414) Summary Phase
[529.370s][info][gc,phases      ] GC(1414) Summary Phase 0.055ms
[529.370s][info][gc,phases,start] GC(1414) Adjust Roots
[529.370s][info][gc,phases      ] GC(1414) Adjust Roots 0.223ms
[529.370s][info][gc,phases,start] GC(1414) Compaction Phase
[529.468s][info][gc,phases      ] GC(1414) Compaction Phase 98.310ms
[529.468s][info][gc,phases,start] GC(1414) Post Compact
[529.470s][info][gc,phases      ] GC(1414) Post Compact 1.514ms
[529.470s][info][gc,heap        ] GC(1414) PSYoungGen: 33771K(77312K)->33771K(77312K) Eden: 24575K(24576K)->24575K(24576K) From: 9195K(52736K)->9195K(52736K)
[529.470s][info][gc,heap        ] GC(1414) ParOldGen: 340592K(341504K)->340592K(341504K)
[529.470s][info][gc,metaspace   ] GC(1414) Metaspace: 6296K(6464K)->6296K(6464K) NonClass: 5763K(5824K)->5763K(5824K) Class: 532K(640K)->532K(640K)
[529.470s][info][gc             ] GC(1414) Pause Full (Ergonomics) 365M->365M(409M) 389.167ms
[529.470s][info][gc,cpu         ] GC(1414) User=0.36s Sys=0.00s Real=0.39s
[529.470s][info][gc,start       ] GC(1415) Pause Full (Ergonomics)
[529.471s][info][gc,phases,start] GC(1415) Marking Phase
[529.756s][info][gc,phases      ] GC(1415) Marking Phase 285.866ms
[529.756s][info][gc,phases,start] GC(1415) Summary Phase
[529.757s][info][gc,phases      ] GC(1415) Summary Phase 0.035ms
[529.757s][info][gc,phases,start] GC(1415) Adjust Roots
[529.757s][info][gc,phases      ] GC(1415) Adjust Roots 0.254ms
[529.757s][info][gc,phases,start] GC(1415) Compaction Phase
[529.853s][info][gc,phases      ] GC(1415) Compaction Phase 96.546ms
[529.853s][info][gc,phases,start] GC(1415) Post Compact
[529.855s][info][gc,phases      ] GC(1415) Post Compact 1.579ms
[529.855s][info][gc,heap        ] GC(1415) PSYoungGen: 33771K(77312K)->33771K(77312K) Eden: 24575K(24576K)->24575K(24576K) From: 9195K(52736K)->9195K(52736K)
[529.855s][info][gc,heap        ] GC(1415) ParOldGen: 340596K(341504K)->340596K(341504K)
[529.855s][info][gc,metaspace   ] GC(1415) Metaspace: 6296K(6464K)->6296K(6464K) NonClass: 5763K(5824K)->5763K(5824K) Class: 532K(640K)->532K(640K)
[529.855s][info][gc             ] GC(1415) Pause Full (Ergonomics) 365M->365M(409M) 384.675ms
[529.855s][info][gc,cpu         ] GC(1415) User=0.36s Sys=0.00s Real=0.38s
[529.855s][info][gc,start       ] GC(1416) Pause Full (Ergonomics)
[529.855s][info][gc,phases,start] GC(1416) Marking Phase
[530.145s][info][gc,phases      ] GC(1416) Marking Phase 289.746ms
[530.145s][info][gc,phases,start] GC(1416) Summary Phase
[530.145s][info][gc,phases      ] GC(1416) Summary Phase 0.035ms
[530.145s][info][gc,phases,start] GC(1416) Adjust Roots
[530.146s][info][gc,phases      ] GC(1416) Adjust Roots 0.295ms
[530.146s][info][gc,phases,start] GC(1416) Compaction Phase
[530.244s][info][gc,phases      ] GC(1416) Compaction Phase 98.240ms
[530.244s][info][gc,phases,start] GC(1416) Post Compact
[530.246s][info][gc,phases      ] GC(1416) Post Compact 1.664ms
[530.246s][info][gc,heap        ] GC(1416) PSYoungGen: 33771K(77312K)->33771K(77312K) Eden: 24575K(24576K)->24575K(24576K) From: 9195K(52736K)->9195K(52736K)
[530.246s][info][gc,heap        ] GC(1416) ParOldGen: 340601K(341504K)->340601K(341504K)
[530.246s][info][gc,metaspace   ] GC(1416) Metaspace: 6296K(6464K)->6296K(6464K) NonClass: 5763K(5824K)->5763K(5824K) Class: 532K(640K)->532K(640K)
[530.246s][info][gc             ] GC(1416) Pause Full (Ergonomics) 365M->365M(409M) 390.384ms
[530.246s][info][gc,cpu         ] GC(1416) User=0.38s Sys=0.00s Real=0.39s
[530.246s][info][gc,start       ] GC(1417) Pause Full (Ergonomics)
[530.246s][info][gc,phases,start] GC(1417) Marking Phase
[530.531s][info][gc,phases      ] GC(1417) Marking Phase 285.091ms
[530.531s][info][gc,phases,start] GC(1417) Summary Phase
[530.531s][info][gc,phases      ] GC(1417) Summary Phase 0.034ms
[530.531s][info][gc,phases,start] GC(1417) Adjust Roots
[530.532s][info][gc,phases      ] GC(1417) Adjust Roots 0.246ms
[530.532s][info][gc,phases,start] GC(1417) Compaction Phase
[530.627s][info][gc,phases      ] GC(1417) Compaction Phase 95.464ms
[530.627s][info][gc,phases,start] GC(1417) Post Compact
[530.629s][info][gc,phases      ] GC(1417) Post Compact 1.543ms
[530.629s][info][gc,heap        ] GC(1417) PSYoungGen: 33771K(77312K)->33771K(77312K) Eden: 24575K(24576K)->24575K(24576K) From: 9195K(52736K)->9195K(52736K)
[530.629s][info][gc,heap        ] GC(1417) ParOldGen: 340606K(341504K)->340606K(341504K)
[530.629s][info][gc,metaspace   ] GC(1417) Metaspace: 6296K(6464K)->6296K(6464K) NonClass: 5763K(5824K)->5763K(5824K) Class: 532K(640K)->532K(640K)
[530.629s][info][gc             ] GC(1417) Pause Full (Ergonomics) 365M->365M(409M) 382.743ms
[530.629s][info][gc,cpu         ] GC(1417) User=0.33s Sys=0.02s Real=0.38s
[530.629s][info][gc,start       ] GC(1418) Pause Full (Ergonomics)
[530.629s][info][gc,phases,start] GC(1418) Marking Phase
[530.912s][info][gc,phases      ] GC(1418) Marking Phase 283.057ms
[530.912s][info][gc,phases,start] GC(1418) Summary Phase
[530.912s][info][gc,phases      ] GC(1418) Summary Phase 0.035ms
[530.912s][info][gc,phases,start] GC(1418) Adjust Roots
[530.913s][info][gc,phases      ] GC(1418) Adjust Roots 0.261ms
[530.913s][info][gc,phases,start] GC(1418) Compaction Phase
[531.009s][info][gc,phases      ] GC(1418) Compaction Phase 96.434ms
[531.009s][info][gc,phases,start] GC(1418) Post Compact
[531.011s][info][gc,phases      ] GC(1418) Post Compact 1.540ms
[531.011s][info][gc,heap        ] GC(1418) PSYoungGen: 33771K(77312K)->33771K(77312K) Eden: 24575K(24576K)->24575K(24576K) From: 9195K(52736K)->9195K(52736K)
[531.011s][info][gc,heap        ] GC(1418) ParOldGen: 340610K(341504K)->340610K(341504K)
[531.011s][info][gc,metaspace   ] GC(1418) Metaspace: 6296K(6464K)->6296K(6464K) NonClass: 5763K(5824K)->5763K(5824K) Class: 532K(640K)->532K(640K)
[531.011s][info][gc             ] GC(1418) Pause Full (Ergonomics) 365M->365M(409M) 381.712ms
[531.011s][info][gc,cpu         ] GC(1418) User=0.36s Sys=0.00s Real=0.38s
[531.011s][info][gc,start       ] GC(1419) Pause Full (Ergonomics)
[531.011s][info][gc,phases,start] GC(1419) Marking Phase
[531.301s][info][gc,phases      ] GC(1419) Marking Phase 290.178ms
[531.301s][info][gc,phases,start] GC(1419) Summary Phase
[531.301s][info][gc,phases      ] GC(1419) Summary Phase 0.062ms
[531.302s][info][gc,phases,start] GC(1419) Adjust Roots
[531.302s][info][gc,phases      ] GC(1419) Adjust Roots 0.261ms
[531.302s][info][gc,phases,start] GC(1419) Compaction Phase
[531.400s][info][gc,phases      ] GC(1419) Compaction Phase 98.506ms
[531.400s][info][gc,phases,start] GC(1419) Post Compact
[531.402s][info][gc,phases      ] GC(1419) Post Compact 1.540ms
[531.402s][info][gc,heap        ] GC(1419) PSYoungGen: 33771K(77312K)->33771K(77312K) Eden: 24575K(24576K)->24575K(24576K) From: 9195K(52736K)->9195K(52736K)
[531.402s][info][gc,heap        ] GC(1419) ParOldGen: 340615K(341504K)->340615K(341504K)
[531.402s][info][gc,metaspace   ] GC(1419) Metaspace: 6296K(6464K)->6296K(6464K) NonClass: 5763K(5824K)->5763K(5824K) Class: 532K(640K)->532K(640K)
[531.402s][info][gc             ] GC(1419) Pause Full (Ergonomics) 365M->365M(409M) 390.993ms
[531.402s][info][gc,cpu         ] GC(1419) User=0.38s Sys=0.00s Real=0.39s
[531.402s][info][gc,start       ] GC(1420) Pause Full (Ergonomics)
[531.402s][info][gc,phases,start] GC(1420) Marking Phase
[531.687s][info][gc,phases      ] GC(1420) Marking Phase 285.010ms
[531.687s][info][gc,phases,start] GC(1420) Summary Phase
[531.687s][info][gc,phases      ] GC(1420) Summary Phase 0.023ms
[531.688s][info][gc,phases,start] GC(1420) Adjust Roots
[531.688s][info][gc,phases      ] GC(1420) Adjust Roots 0.208ms
[531.688s][info][gc,phases,start] GC(1420) Compaction Phase
[531.784s][info][gc,phases      ] GC(1420) Compaction Phase 96.626ms
[531.784s][info][gc,phases,start] GC(1420) Post Compact
[531.786s][info][gc,phases      ] GC(1420) Post Compact 1.529ms
[531.786s][info][gc,heap        ] GC(1420) PSYoungGen: 33771K(77312K)->33771K(77312K) Eden: 24575K(24576K)->24575K(24576K) From: 9195K(52736K)->9195K(52736K)
[531.786s][info][gc,heap        ] GC(1420) ParOldGen: 340620K(341504K)->340620K(341504K)
[531.786s][info][gc,metaspace   ] GC(1420) Metaspace: 6296K(6464K)->6296K(6464K) NonClass: 5763K(5824K)->5763K(5824K) Class: 532K(640K)->532K(640K)
[531.786s][info][gc             ] GC(1420) Pause Full (Ergonomics) 365M->365M(409M) 383.737ms
[531.786s][info][gc,cpu         ] GC(1420) User=0.34s Sys=0.00s Real=0.38s
[531.786s][info][gc,start       ] GC(1421) Pause Full (Ergonomics)
[531.786s][info][gc,phases,start] GC(1421) Marking Phase
[532.077s][info][gc,phases      ] GC(1421) Marking Phase 290.618ms
[532.077s][info][gc,phases,start] GC(1421) Summary Phase
[532.077s][info][gc,phases      ] GC(1421) Summary Phase 0.036ms
[532.077s][info][gc,phases,start] GC(1421) Adjust Roots
[532.077s][info][gc,phases      ] GC(1421) Adjust Roots 0.266ms
[532.078s][info][gc,phases,start] GC(1421) Compaction Phase
[532.175s][info][gc,phases      ] GC(1421) Compaction Phase 97.925ms
[532.176s][info][gc,phases,start] GC(1421) Post Compact
[532.177s][info][gc,phases      ] GC(1421) Post Compact 1.540ms
[532.177s][info][gc,heap        ] GC(1421) PSYoungGen: 33771K(77312K)->33771K(77312K) Eden: 24575K(24576K)->24575K(24576K) From: 9195K(52736K)->9195K(52736K)
[532.177s][info][gc,heap        ] GC(1421) ParOldGen: 340624K(341504K)->340624K(341504K)
[532.177s][info][gc,metaspace   ] GC(1421) Metaspace: 6296K(6464K)->6296K(6464K) NonClass: 5763K(5824K)->5763K(5824K) Class: 532K(640K)->532K(640K)
[532.177s][info][gc             ] GC(1421) Pause Full (Ergonomics) 365M->365M(409M) 390.812ms
[532.177s][info][gc,cpu         ] GC(1421) User=0.38s Sys=0.00s Real=0.39s
[532.178s][info][gc,start       ] GC(1422) Pause Full (Ergonomics)
[532.178s][info][gc,phases,start] GC(1422) Marking Phase
[532.464s][info][gc,phases      ] GC(1422) Marking Phase 286.554ms
[532.464s][info][gc,phases,start] GC(1422) Summary Phase
[532.464s][info][gc,phases      ] GC(1422) Summary Phase 0.056ms
[532.464s][info][gc,phases,start] GC(1422) Adjust Roots
[532.465s][info][gc,phases      ] GC(1422) Adjust Roots 0.281ms
[532.465s][info][gc,phases,start] GC(1422) Compaction Phase
[532.562s][info][gc,phases      ] GC(1422) Compaction Phase 96.933ms
[532.562s][info][gc,phases,start] GC(1422) Post Compact
[532.563s][info][gc,phases      ] GC(1422) Post Compact 1.531ms
[532.563s][info][gc,heap        ] GC(1422) PSYoungGen: 33771K(77312K)->33771K(77312K) Eden: 24575K(24576K)->24575K(24576K) From: 9195K(52736K)->9195K(52736K)
[532.563s][info][gc,heap        ] GC(1422) ParOldGen: 340629K(341504K)->340629K(341504K)
[532.563s][info][gc,metaspace   ] GC(1422) Metaspace: 6296K(6464K)->6296K(6464K) NonClass: 5763K(5824K)->5763K(5824K) Class: 532K(640K)->532K(640K)
[532.563s][info][gc             ] GC(1422) Pause Full (Ergonomics) 365M->365M(409M) 385.780ms
[532.563s][info][gc,cpu         ] GC(1422) User=0.34s Sys=0.00s Real=0.39s
[532.564s][info][gc,start       ] GC(1423) Pause Full (Ergonomics)
[532.564s][info][gc,phases,start] GC(1423) Marking Phase
[532.849s][info][gc,phases      ] GC(1423) Marking Phase 285.757ms
[532.849s][info][gc,phases,start] GC(1423) Summary Phase
[532.849s][info][gc,phases      ] GC(1423) Summary Phase 0.035ms
[532.849s][info][gc,phases,start] GC(1423) Adjust Roots
[532.850s][info][gc,phases      ] GC(1423) Adjust Roots 0.264ms
[532.850s][info][gc,phases,start] GC(1423) Compaction Phase
[532.946s][info][gc,phases      ] GC(1423) Compaction Phase 96.607ms
[532.946s][info][gc,phases,start] GC(1423) Post Compact
[532.948s][info][gc,phases      ] GC(1423) Post Compact 1.536ms
[532.948s][info][gc,heap        ] GC(1423) PSYoungGen: 33771K(77312K)->33771K(77312K) Eden: 24575K(24576K)->24575K(24576K) From: 9195K(52736K)->9195K(52736K)
[532.948s][info][gc,heap        ] GC(1423) ParOldGen: 340634K(341504K)->340634K(341504K)
[532.948s][info][gc,metaspace   ] GC(1423) Metaspace: 6296K(6464K)->6296K(6464K) NonClass: 5763K(5824K)->5763K(5824K) Class: 532K(640K)->532K(640K)
[532.948s][info][gc             ] GC(1423) Pause Full (Ergonomics) 365M->365M(409M) 384.586ms
[532.948s][info][gc,cpu         ] GC(1423) User=0.36s Sys=0.00s Real=0.38s
[532.948s][info][gc,start       ] GC(1424) Pause Full (Ergonomics)
[532.948s][info][gc,phases,start] GC(1424) Marking Phase
[533.239s][info][gc,phases      ] GC(1424) Marking Phase 290.300ms
[533.239s][info][gc,phases,start] GC(1424) Summary Phase
[533.239s][info][gc,phases      ] GC(1424) Summary Phase 0.036ms
[533.239s][info][gc,phases,start] GC(1424) Adjust Roots
[533.239s][info][gc,phases      ] GC(1424) Adjust Roots 0.265ms
[533.239s][info][gc,phases,start] GC(1424) Compaction Phase
[533.337s][info][gc,phases      ] GC(1424) Compaction Phase 98.023ms
[533.337s][info][gc,phases,start] GC(1424) Post Compact
[533.339s][info][gc,phases      ] GC(1424) Post Compact 1.529ms
[533.339s][info][gc,heap        ] GC(1424) PSYoungGen: 33771K(77312K)->33771K(77312K) Eden: 24575K(24576K)->24575K(24576K) From: 9195K(52736K)->9195K(52736K)
[533.339s][info][gc,heap        ] GC(1424) ParOldGen: 340638K(341504K)->340638K(341504K)
[533.339s][info][gc,metaspace   ] GC(1424) Metaspace: 6296K(6464K)->6296K(6464K) NonClass: 5763K(5824K)->5763K(5824K) Class: 532K(640K)->532K(640K)
[533.339s][info][gc             ] GC(1424) Pause Full (Ergonomics) 365M->365M(409M) 390.708ms
[533.339s][info][gc,cpu         ] GC(1424) User=0.38s Sys=0.00s Real=0.39s
[533.339s][info][gc,start       ] GC(1425) Pause Full (Ergonomics)
[533.339s][info][gc,phases,start] GC(1425) Marking Phase
[533.630s][info][gc,phases      ] GC(1425) Marking Phase 290.447ms
[533.630s][info][gc,phases,start] GC(1425) Summary Phase
[533.630s][info][gc,phases      ] GC(1425) Summary Phase 0.036ms
[533.630s][info][gc,phases,start] GC(1425) Adjust Roots
[533.630s][info][gc,phases      ] GC(1425) Adjust Roots 0.251ms
[533.630s][info][gc,phases,start] GC(1425) Compaction Phase
[533.730s][info][gc,phases      ] GC(1425) Compaction Phase 99.416ms
[533.730s][info][gc,phases,start] GC(1425) Post Compact
[533.731s][info][gc,phases      ] GC(1425) Post Compact 1.542ms
[533.731s][info][gc,heap        ] GC(1425) PSYoungGen: 33771K(77312K)->33771K(77312K) Eden: 24575K(24576K)->24575K(24576K) From: 9195K(52736K)->9195K(52736K)
[533.731s][info][gc,heap        ] GC(1425) ParOldGen: 340643K(341504K)->340643K(341504K)
[533.732s][info][gc,metaspace   ] GC(1425) Metaspace: 6296K(6464K)->6296K(6464K) NonClass: 5763K(5824K)->5763K(5824K) Class: 532K(640K)->532K(640K)
[533.732s][info][gc             ] GC(1425) Pause Full (Ergonomics) 365M->365M(409M) 392.105ms
[533.732s][info][gc,cpu         ] GC(1425) User=0.36s Sys=0.00s Real=0.39s
[533.732s][info][gc,start       ] GC(1426) Pause Full (Ergonomics)
[533.732s][info][gc,phases,start] GC(1426) Marking Phase
[534.018s][info][gc,phases      ] GC(1426) Marking Phase 285.955ms
[534.018s][info][gc,phases,start] GC(1426) Summary Phase
[534.018s][info][gc,phases      ] GC(1426) Summary Phase 0.034ms
[534.018s][info][gc,phases,start] GC(1426) Adjust Roots
[534.018s][info][gc,phases      ] GC(1426) Adjust Roots 0.230ms
[534.018s][info][gc,phases,start] GC(1426) Compaction Phase
[534.114s][info][gc,phases      ] GC(1426) Compaction Phase 96.228ms
[534.115s][info][gc,phases,start] GC(1426) Post Compact
[534.116s][info][gc,phases      ] GC(1426) Post Compact 1.540ms
[534.116s][info][gc,heap        ] GC(1426) PSYoungGen: 33771K(77312K)->33771K(77312K) Eden: 24575K(24576K)->24575K(24576K) From: 9195K(52736K)->9195K(52736K)
[534.116s][info][gc,heap        ] GC(1426) ParOldGen: 340648K(341504K)->340648K(341504K)
[534.116s][info][gc,metaspace   ] GC(1426) Metaspace: 6296K(6464K)->6296K(6464K) NonClass: 5763K(5824K)->5763K(5824K) Class: 532K(640K)->532K(640K)
[534.116s][info][gc             ] GC(1426) Pause Full (Ergonomics) 365M->365M(409M) 384.377ms
[534.116s][info][gc,cpu         ] GC(1426) User=0.36s Sys=0.00s Real=0.38s
[534.116s][info][gc,start       ] GC(1427) Pause Full (Ergonomics)
[534.117s][info][gc,phases,start] GC(1427) Marking Phase
[534.407s][info][gc,phases      ] GC(1427) Marking Phase 290.844ms
[534.407s][info][gc,phases,start] GC(1427) Summary Phase
[534.407s][info][gc,phases      ] GC(1427) Summary Phase 0.031ms
[534.407s][info][gc,phases,start] GC(1427) Adjust Roots
[534.408s][info][gc,phases      ] GC(1427) Adjust Roots 0.252ms
[534.408s][info][gc,phases,start] GC(1427) Compaction Phase
[534.507s][info][gc,phases      ] GC(1427) Compaction Phase 99.107ms
[534.507s][info][gc,phases,start] GC(1427) Post Compact
[534.509s][info][gc,phases      ] GC(1427) Post Compact 1.532ms
[534.509s][info][gc,heap        ] GC(1427) PSYoungGen: 33771K(77312K)->33771K(77312K) Eden: 24575K(24576K)->24575K(24576K) From: 9195K(52736K)->9195K(52736K)
[534.509s][info][gc,heap        ] GC(1427) ParOldGen: 340652K(341504K)->340652K(341504K)
[534.509s][info][gc,metaspace   ] GC(1427) Metaspace: 6296K(6464K)->6296K(6464K) NonClass: 5763K(5824K)->5763K(5824K) Class: 532K(640K)->532K(640K)
[534.509s][info][gc             ] GC(1427) Pause Full (Ergonomics) 365M->365M(409M) 392.195ms
[534.509s][info][gc,cpu         ] GC(1427) User=0.36s Sys=0.00s Real=0.39s
[534.509s][info][gc,start       ] GC(1428) Pause Full (Ergonomics)
[534.509s][info][gc,phases,start] GC(1428) Marking Phase
[534.795s][info][gc,phases      ] GC(1428) Marking Phase 286.211ms
[534.795s][info][gc,phases,start] GC(1428) Summary Phase
[534.795s][info][gc,phases      ] GC(1428) Summary Phase 0.035ms
[534.795s][info][gc,phases,start] GC(1428) Adjust Roots
[534.796s][info][gc,phases      ] GC(1428) Adjust Roots 0.278ms
[534.796s][info][gc,phases,start] GC(1428) Compaction Phase
[534.893s][info][gc,phases      ] GC(1428) Compaction Phase 96.939ms
[534.893s][info][gc,phases,start] GC(1428) Post Compact
[534.894s][info][gc,phases      ] GC(1428) Post Compact 1.540ms
[534.894s][info][gc,heap        ] GC(1428) PSYoungGen: 33771K(77312K)->33771K(77312K) Eden: 24575K(24576K)->24575K(24576K) From: 9195K(52736K)->9195K(52736K)
[534.894s][info][gc,heap        ] GC(1428) ParOldGen: 340657K(341504K)->340657K(341504K)
[534.894s][info][gc,metaspace   ] GC(1428) Metaspace: 6296K(6464K)->6296K(6464K) NonClass: 5763K(5824K)->5763K(5824K) Class: 532K(640K)->532K(640K)
[534.894s][info][gc             ] GC(1428) Pause Full (Ergonomics) 365M->365M(409M) 385.452ms
[534.894s][info][gc,cpu         ] GC(1428) User=0.34s Sys=0.00s Real=0.38s
[534.895s][info][gc,start       ] GC(1429) Pause Full (Ergonomics)
[534.895s][info][gc,phases,start] GC(1429) Marking Phase
[535.185s][info][gc,phases      ] GC(1429) Marking Phase 290.616ms
[535.185s][info][gc,phases,start] GC(1429) Summary Phase
[535.185s][info][gc,phases      ] GC(1429) Summary Phase 0.035ms
[535.186s][info][gc,phases,start] GC(1429) Adjust Roots
[535.186s][info][gc,phases      ] GC(1429) Adjust Roots 0.247ms
[535.186s][info][gc,phases,start] GC(1429) Compaction Phase
[535.285s][info][gc,phases      ] GC(1429) Compaction Phase 99.481ms
[535.285s][info][gc,phases,start] GC(1429) Post Compact
[535.287s][info][gc,phases      ] GC(1429) Post Compact 1.520ms
[535.287s][info][gc,heap        ] GC(1429) PSYoungGen: 33771K(77312K)->33771K(77312K) Eden: 24575K(24576K)->24575K(24576K) From: 9195K(52736K)->9195K(52736K)
[535.287s][info][gc,heap        ] GC(1429) ParOldGen: 340662K(341504K)->340662K(341504K)
[535.287s][info][gc,metaspace   ] GC(1429) Metaspace: 6296K(6464K)->6296K(6464K) NonClass: 5763K(5824K)->5763K(5824K) Class: 532K(640K)->532K(640K)
[535.287s][info][gc             ] GC(1429) Pause Full (Ergonomics) 365M->365M(409M) 392.304ms
[535.287s][info][gc,cpu         ] GC(1429) User=0.38s Sys=0.00s Real=0.39s
[535.287s][info][gc,start       ] GC(1430) Pause Full (Ergonomics)
[535.287s][info][gc,phases,start] GC(1430) Marking Phase
[535.571s][info][gc,phases      ] GC(1430) Marking Phase 283.403ms
[535.571s][info][gc,phases,start] GC(1430) Summary Phase
[535.571s][info][gc,phases      ] GC(1430) Summary Phase 0.034ms
[535.571s][info][gc,phases,start] GC(1430) Adjust Roots
[535.571s][info][gc,phases      ] GC(1430) Adjust Roots 0.296ms
[535.571s][info][gc,phases,start] GC(1430) Compaction Phase
[535.667s][info][gc,phases      ] GC(1430) Compaction Phase 95.758ms
[535.667s][info][gc,phases,start] GC(1430) Post Compact
[535.669s][info][gc,phases      ] GC(1430) Post Compact 1.530ms
[535.669s][info][gc,heap        ] GC(1430) PSYoungGen: 33771K(77312K)->33771K(77312K) Eden: 24575K(24576K)->24575K(24576K) From: 9195K(52736K)->9195K(52736K)
[535.669s][info][gc,heap        ] GC(1430) ParOldGen: 340666K(341504K)->340666K(341504K)
[535.669s][info][gc,metaspace   ] GC(1430) Metaspace: 6296K(6464K)->6296K(6464K) NonClass: 5763K(5824K)->5763K(5824K) Class: 532K(640K)->532K(640K)
[535.669s][info][gc             ] GC(1430) Pause Full (Ergonomics) 365M->365M(409M) 381.417ms
[535.669s][info][gc,cpu         ] GC(1430) User=0.33s Sys=0.02s Real=0.38s
[535.669s][info][gc,start       ] GC(1431) Pause Full (Ergonomics)
[535.669s][info][gc,phases,start] GC(1431) Marking Phase
[535.958s][info][gc,phases      ] GC(1431) Marking Phase 288.579ms
[535.958s][info][gc,phases,start] GC(1431) Summary Phase
[535.958s][info][gc,phases      ] GC(1431) Summary Phase 0.020ms
[535.958s][info][gc,phases,start] GC(1431) Adjust Roots
[535.958s][info][gc,phases      ] GC(1431) Adjust Roots 0.439ms
[535.958s][info][gc,phases,start] GC(1431) Compaction Phase
[536.057s][info][gc,phases      ] GC(1431) Compaction Phase 98.740ms
[536.057s][info][gc,phases,start] GC(1431) Post Compact
[536.059s][info][gc,phases      ] GC(1431) Post Compact 1.526ms
[536.059s][info][gc,heap        ] GC(1431) PSYoungGen: 33771K(77312K)->33771K(77312K) Eden: 24575K(24576K)->24575K(24576K) From: 9195K(52736K)->9195K(52736K)
[536.059s][info][gc,heap        ] GC(1431) ParOldGen: 340671K(341504K)->340671K(341504K)
[536.059s][info][gc,metaspace   ] GC(1431) Metaspace: 6296K(6464K)->6296K(6464K) NonClass: 5763K(5824K)->5763K(5824K) Class: 532K(640K)->532K(640K)
[536.059s][info][gc             ] GC(1431) Pause Full (Ergonomics) 365M->365M(409M) 389.622ms
[536.059s][info][gc,cpu         ] GC(1431) User=0.34s Sys=0.02s Real=0.39s
[536.059s][info][gc,start       ] GC(1432) Pause Full (Ergonomics)
[536.059s][info][gc,phases,start] GC(1432) Marking Phase
[536.344s][info][gc,phases      ] GC(1432) Marking Phase 285.382ms
[536.344s][info][gc,phases,start] GC(1432) Summary Phase
[536.344s][info][gc,phases      ] GC(1432) Summary Phase 0.026ms
[536.344s][info][gc,phases,start] GC(1432) Adjust Roots
[536.345s][info][gc,phases      ] GC(1432) Adjust Roots 0.194ms
[536.345s][info][gc,phases,start] GC(1432) Compaction Phase
[536.439s][info][gc,phases      ] GC(1432) Compaction Phase 94.674ms
[536.439s][info][gc,phases,start] GC(1432) Post Compact
[536.441s][info][gc,phases      ] GC(1432) Post Compact 1.661ms
[536.441s][info][gc,heap        ] GC(1432) PSYoungGen: 33771K(77312K)->33771K(77312K) Eden: 24575K(24576K)->24575K(24576K) From: 9195K(52736K)->9195K(52736K)
[536.441s][info][gc,heap        ] GC(1432) ParOldGen: 340676K(341504K)->340676K(341504K)
[536.441s][info][gc,metaspace   ] GC(1432) Metaspace: 6296K(6464K)->6296K(6464K) NonClass: 5763K(5824K)->5763K(5824K) Class: 532K(640K)->532K(640K)
[536.441s][info][gc             ] GC(1432) Pause Full (Ergonomics) 365M->365M(409M) 382.334ms
[536.441s][info][gc,cpu         ] GC(1432) User=0.33s Sys=0.02s Real=0.38s
[536.442s][info][gc,start       ] GC(1433) Pause Full (Ergonomics)
[536.442s][info][gc,phases,start] GC(1433) Marking Phase
[536.732s][info][gc,phases      ] GC(1433) Marking Phase 290.180ms
[536.732s][info][gc,phases,start] GC(1433) Summary Phase
[536.732s][info][gc,phases      ] GC(1433) Summary Phase 0.036ms
[536.732s][info][gc,phases,start] GC(1433) Adjust Roots
[536.732s][info][gc,phases      ] GC(1433) Adjust Roots 0.259ms
[536.732s][info][gc,phases,start] GC(1433) Compaction Phase
[536.830s][info][gc,phases      ] GC(1433) Compaction Phase 98.035ms
[536.830s][info][gc,phases,start] GC(1433) Post Compact
[536.832s][info][gc,phases      ] GC(1433) Post Compact 1.547ms
[536.832s][info][gc,heap        ] GC(1433) PSYoungGen: 33771K(77312K)->33771K(77312K) Eden: 24575K(24576K)->24575K(24576K) From: 9195K(52736K)->9195K(52736K)
[536.832s][info][gc,heap        ] GC(1433) ParOldGen: 340680K(341504K)->340680K(341504K)
[536.832s][info][gc,metaspace   ] GC(1433) Metaspace: 6296K(6464K)->6296K(6464K) NonClass: 5763K(5824K)->5763K(5824K) Class: 532K(640K)->532K(640K)
[536.832s][info][gc             ] GC(1433) Pause Full (Ergonomics) 365M->365M(409M) 390.428ms
[536.832s][info][gc,cpu         ] GC(1433) User=0.38s Sys=0.00s Real=0.39s
[536.832s][info][gc,start       ] GC(1434) Pause Full (Ergonomics)
[536.832s][info][gc,phases,start] GC(1434) Marking Phase
[537.118s][info][gc,phases      ] GC(1434) Marking Phase 286.194ms
[537.119s][info][gc,phases,start] GC(1434) Summary Phase
[537.119s][info][gc,phases      ] GC(1434) Summary Phase 0.034ms
[537.119s][info][gc,phases,start] GC(1434) Adjust Roots
[537.119s][info][gc,phases      ] GC(1434) Adjust Roots 0.261ms
[537.119s][info][gc,phases,start] GC(1434) Compaction Phase
[537.216s][info][gc,phases      ] GC(1434) Compaction Phase 96.939ms
[537.216s][info][gc,phases,start] GC(1434) Post Compact
[537.217s][info][gc,phases      ] GC(1434) Post Compact 1.561ms
[537.218s][info][gc,heap        ] GC(1434) PSYoungGen: 33771K(77312K)->33771K(77312K) Eden: 24575K(24576K)->24575K(24576K) From: 9195K(52736K)->9195K(52736K)
[537.218s][info][gc,heap        ] GC(1434) ParOldGen: 340685K(341504K)->340685K(341504K)
[537.218s][info][gc,metaspace   ] GC(1434) Metaspace: 6296K(6464K)->6296K(6464K) NonClass: 5763K(5824K)->5763K(5824K) Class: 532K(640K)->532K(640K)
[537.218s][info][gc             ] GC(1434) Pause Full (Ergonomics) 365M->365M(409M) 385.368ms
[537.218s][info][gc,cpu         ] GC(1434) User=0.36s Sys=0.00s Real=0.39s
[537.218s][info][gc,start       ] GC(1435) Pause Full (Ergonomics)
[537.218s][info][gc,phases,start] GC(1435) Marking Phase
[537.506s][info][gc,phases      ] GC(1435) Marking Phase 288.499ms
[537.506s][info][gc,phases,start] GC(1435) Summary Phase
[537.507s][info][gc,phases      ] GC(1435) Summary Phase 0.036ms
[537.507s][info][gc,phases,start] GC(1435) Adjust Roots
[537.507s][info][gc,phases      ] GC(1435) Adjust Roots 0.246ms
[537.507s][info][gc,phases,start] GC(1435) Compaction Phase
[537.605s][info][gc,phases      ] GC(1435) Compaction Phase 98.433ms
[537.605s][info][gc,phases,start] GC(1435) Post Compact
[537.607s][info][gc,phases      ] GC(1435) Post Compact 1.625ms
[537.607s][info][gc,heap        ] GC(1435) PSYoungGen: 33771K(77312K)->33771K(77312K) Eden: 24575K(24576K)->24575K(24576K) From: 9195K(52736K)->9195K(52736K)
[537.607s][info][gc,heap        ] GC(1435) ParOldGen: 340690K(341504K)->340690K(341504K)
[537.607s][info][gc,metaspace   ] GC(1435) Metaspace: 6296K(6464K)->6296K(6464K) NonClass: 5763K(5824K)->5763K(5824K) Class: 532K(640K)->532K(640K)
[537.607s][info][gc             ] GC(1435) Pause Full (Ergonomics) 365M->365M(409M) 389.342ms
[537.607s][info][gc,cpu         ] GC(1435) User=0.36s Sys=0.00s Real=0.39s
[537.607s][info][gc,start       ] GC(1436) Pause Full (Ergonomics)
[537.608s][info][gc,phases,start] GC(1436) Marking Phase
[537.894s][info][gc,phases      ] GC(1436) Marking Phase 286.416ms
[537.894s][info][gc,phases,start] GC(1436) Summary Phase
[537.894s][info][gc,phases      ] GC(1436) Summary Phase 0.034ms
[537.894s][info][gc,phases,start] GC(1436) Adjust Roots
[537.894s][info][gc,phases      ] GC(1436) Adjust Roots 0.264ms
[537.894s][info][gc,phases,start] GC(1436) Compaction Phase
[537.988s][info][gc,phases      ] GC(1436) Compaction Phase 94.050ms
[537.989s][info][gc,phases,start] GC(1436) Post Compact
[537.990s][info][gc,phases      ] GC(1436) Post Compact 1.718ms
[537.990s][info][gc,heap        ] GC(1436) PSYoungGen: 33771K(77312K)->33771K(77312K) Eden: 24575K(24576K)->24575K(24576K) From: 9195K(52736K)->9195K(52736K)
[537.990s][info][gc,heap        ] GC(1436) ParOldGen: 340694K(341504K)->340694K(341504K)
[537.990s][info][gc,metaspace   ] GC(1436) Metaspace: 6296K(6464K)->6296K(6464K) NonClass: 5763K(5824K)->5763K(5824K) Class: 532K(640K)->532K(640K)
[537.990s][info][gc             ] GC(1436) Pause Full (Ergonomics) 365M->365M(409M) 382.881ms
[537.990s][info][gc,cpu         ] GC(1436) User=0.34s Sys=0.02s Real=0.38s
[537.991s][info][gc,start       ] GC(1437) Pause Full (Ergonomics)
[537.991s][info][gc,phases,start] GC(1437) Marking Phase
[538.278s][info][gc,phases      ] GC(1437) Marking Phase 286.671ms
[538.278s][info][gc,phases,start] GC(1437) Summary Phase
[538.278s][info][gc,phases      ] GC(1437) Summary Phase 0.023ms
[538.278s][info][gc,phases,start] GC(1437) Adjust Roots
[538.278s][info][gc,phases      ] GC(1437) Adjust Roots 0.227ms
[538.278s][info][gc,phases,start] GC(1437) Compaction Phase
[538.374s][info][gc,phases      ] GC(1437) Compaction Phase 96.425ms
[538.374s][info][gc,phases,start] GC(1437) Post Compact
[538.376s][info][gc,phases      ] GC(1437) Post Compact 1.538ms
[538.376s][info][gc,heap        ] GC(1437) PSYoungGen: 33771K(77312K)->33771K(77312K) Eden: 24575K(24576K)->24575K(24576K) From: 9195K(52736K)->9195K(52736K)
[538.376s][info][gc,heap        ] GC(1437) ParOldGen: 340699K(341504K)->340699K(341504K)
[538.376s][info][gc,metaspace   ] GC(1437) Metaspace: 6296K(6464K)->6296K(6464K) NonClass: 5763K(5824K)->5763K(5824K) Class: 532K(640K)->532K(640K)
[538.376s][info][gc             ] GC(1437) Pause Full (Ergonomics) 365M->365M(409M) 385.302ms
[538.376s][info][gc,cpu         ] GC(1437) User=0.36s Sys=0.00s Real=0.38s
[538.377s][info][gc,start       ] GC(1438) Pause Full (Ergonomics)
[538.377s][info][gc,phases,start] GC(1438) Marking Phase
[538.661s][info][gc,phases      ] GC(1438) Marking Phase 284.687ms
[538.661s][info][gc,phases,start] GC(1438) Summary Phase
[538.662s][info][gc,phases      ] GC(1438) Summary Phase 0.034ms
[538.662s][info][gc,phases,start] GC(1438) Adjust Roots
[538.662s][info][gc,phases      ] GC(1438) Adjust Roots 0.249ms
[538.662s][info][gc,phases,start] GC(1438) Compaction Phase
[538.757s][info][gc,phases      ] GC(1438) Compaction Phase 95.559ms
[538.757s][info][gc,phases,start] GC(1438) Post Compact
[538.759s][info][gc,phases      ] GC(1438) Post Compact 1.553ms
[538.759s][info][gc,heap        ] GC(1438) PSYoungGen: 33771K(77312K)->33771K(77312K) Eden: 24575K(24576K)->24575K(24576K) From: 9195K(52736K)->9195K(52736K)
[538.759s][info][gc,heap        ] GC(1438) ParOldGen: 340704K(341504K)->340704K(341504K)
[538.759s][info][gc,metaspace   ] GC(1438) Metaspace: 6296K(6464K)->6296K(6464K) NonClass: 5763K(5824K)->5763K(5824K) Class: 532K(640K)->532K(640K)
[538.759s][info][gc             ] GC(1438) Pause Full (Ergonomics) 365M->365M(409M) 382.474ms
[538.759s][info][gc,cpu         ] GC(1438) User=0.36s Sys=0.00s Real=0.38s
[538.759s][info][gc,start       ] GC(1439) Pause Full (Ergonomics)
[538.759s][info][gc,phases,start] GC(1439) Marking Phase
[539.050s][info][gc,phases      ] GC(1439) Marking Phase 290.874ms
[539.050s][info][gc,phases,start] GC(1439) Summary Phase
[539.050s][info][gc,phases      ] GC(1439) Summary Phase 0.035ms
[539.051s][info][gc,phases,start] GC(1439) Adjust Roots
[539.051s][info][gc,phases      ] GC(1439) Adjust Roots 0.271ms
[539.051s][info][gc,phases,start] GC(1439) Compaction Phase
[539.150s][info][gc,phases      ] GC(1439) Compaction Phase 99.391ms
[539.150s][info][gc,phases,start] GC(1439) Post Compact
[539.152s][info][gc,phases      ] GC(1439) Post Compact 1.524ms
[539.152s][info][gc,heap        ] GC(1439) PSYoungGen: 33771K(77312K)->33771K(77312K) Eden: 24575K(24576K)->24575K(24576K) From: 9195K(52736K)->9195K(52736K)
[539.152s][info][gc,heap        ] GC(1439) ParOldGen: 340708K(341504K)->340708K(341504K)
[539.152s][info][gc,metaspace   ] GC(1439) Metaspace: 6296K(6464K)->6296K(6464K) NonClass: 5763K(5824K)->5763K(5824K) Class: 532K(640K)->532K(640K)
[539.152s][info][gc             ] GC(1439) Pause Full (Ergonomics) 365M->365M(409M) 392.505ms
[539.152s][info][gc,cpu         ] GC(1439) User=0.38s Sys=0.00s Real=0.39s
[539.152s][info][gc,start       ] GC(1440) Pause Full (Ergonomics)
[539.152s][info][gc,phases,start] GC(1440) Marking Phase
[539.438s][info][gc,phases      ] GC(1440) Marking Phase 286.164ms
[539.439s][info][gc,phases,start] GC(1440) Summary Phase
[539.439s][info][gc,phases      ] GC(1440) Summary Phase 0.035ms
[539.439s][info][gc,phases,start] GC(1440) Adjust Roots
[539.439s][info][gc,phases      ] GC(1440) Adjust Roots 0.250ms
[539.439s][info][gc,phases,start] GC(1440) Compaction Phase
[539.534s][info][gc,phases      ] GC(1440) Compaction Phase 95.516ms
[539.535s][info][gc,phases,start] GC(1440) Post Compact
[539.536s][info][gc,phases      ] GC(1440) Post Compact 1.589ms
[539.536s][info][gc,heap        ] GC(1440) PSYoungGen: 33771K(77312K)->33771K(77312K) Eden: 24575K(24576K)->24575K(24576K) From: 9195K(52736K)->9195K(52736K)
[539.536s][info][gc,heap        ] GC(1440) ParOldGen: 340713K(341504K)->340713K(341504K)
[539.536s][info][gc,metaspace   ] GC(1440) Metaspace: 6296K(6464K)->6296K(6464K) NonClass: 5763K(5824K)->5763K(5824K) Class: 532K(640K)->532K(640K)
[539.536s][info][gc             ] GC(1440) Pause Full (Ergonomics) 365M->365M(409M) 384.000ms
[539.536s][info][gc,cpu         ] GC(1440) User=0.34s Sys=0.00s Real=0.38s
[539.537s][info][gc,start       ] GC(1441) Pause Full (Ergonomics)
[539.537s][info][gc,phases,start] GC(1441) Marking Phase
[539.825s][info][gc,phases      ] GC(1441) Marking Phase 288.265ms
[539.825s][info][gc,phases,start] GC(1441) Summary Phase
[539.825s][info][gc,phases      ] GC(1441) Summary Phase 0.035ms
[539.825s][info][gc,phases,start] GC(1441) Adjust Roots
[539.825s][info][gc,phases      ] GC(1441) Adjust Roots 0.231ms
[539.825s][info][gc,phases,start] GC(1441) Compaction Phase
[539.923s][info][gc,phases      ] GC(1441) Compaction Phase 98.028ms
[539.923s][info][gc,phases,start] GC(1441) Post Compact
[539.925s][info][gc,phases      ] GC(1441) Post Compact 1.529ms
[539.925s][info][gc,heap        ] GC(1441) PSYoungGen: 33771K(77312K)->33771K(77312K) Eden: 24575K(24576K)->24575K(24576K) From: 9195K(52736K)->9195K(52736K)
[539.925s][info][gc,heap        ] GC(1441) ParOldGen: 340718K(341504K)->340718K(341504K)
[539.925s][info][gc,metaspace   ] GC(1441) Metaspace: 6296K(6464K)->6296K(6464K) NonClass: 5763K(5824K)->5763K(5824K) Class: 532K(640K)->532K(640K)
[539.925s][info][gc             ] GC(1441) Pause Full (Ergonomics) 365M->365M(409M) 388.580ms
[539.925s][info][gc,cpu         ] GC(1441) User=0.34s Sys=0.00s Real=0.39s
[539.925s][info][gc,start       ] GC(1442) Pause Full (Ergonomics)
[539.925s][info][gc,phases,start] GC(1442) Marking Phase
[540.212s][info][gc,phases      ] GC(1442) Marking Phase 286.289ms
[540.212s][info][gc,phases,start] GC(1442) Summary Phase
[540.212s][info][gc,phases      ] GC(1442) Summary Phase 0.023ms
[540.212s][info][gc,phases,start] GC(1442) Adjust Roots
[540.212s][info][gc,phases      ] GC(1442) Adjust Roots 0.230ms
[540.212s][info][gc,phases,start] GC(1442) Compaction Phase
[540.308s][info][gc,phases      ] GC(1442) Compaction Phase 96.176ms
[540.308s][info][gc,phases,start] GC(1442) Post Compact
[540.310s][info][gc,phases      ] GC(1442) Post Compact 1.605ms
[540.310s][info][gc,heap        ] GC(1442) PSYoungGen: 33771K(77312K)->33771K(77312K) Eden: 24575K(24576K)->24575K(24576K) From: 9195K(52736K)->9195K(52736K)
[540.310s][info][gc,heap        ] GC(1442) ParOldGen: 340722K(341504K)->340722K(341504K)
[540.310s][info][gc,metaspace   ] GC(1442) Metaspace: 6296K(6464K)->6296K(6464K) NonClass: 5763K(5824K)->5763K(5824K) Class: 532K(640K)->532K(640K)
[540.310s][info][gc             ] GC(1442) Pause Full (Ergonomics) 365M->365M(409M) 384.685ms
[540.310s][info][gc,cpu         ] GC(1442) User=0.38s Sys=0.00s Real=0.38s
[540.311s][info][gc,start       ] GC(1443) Pause Full (Ergonomics)
[540.311s][info][gc,phases,start] GC(1443) Marking Phase
[540.601s][info][gc,phases      ] GC(1443) Marking Phase 290.182ms
[540.601s][info][gc,phases,start] GC(1443) Summary Phase
[540.601s][info][gc,phases      ] GC(1443) Summary Phase 0.024ms
[540.601s][info][gc,phases,start] GC(1443) Adjust Roots
[540.601s][info][gc,phases      ] GC(1443) Adjust Roots 0.232ms
[540.601s][info][gc,phases,start] GC(1443) Compaction Phase
[540.700s][info][gc,phases      ] GC(1443) Compaction Phase 99.039ms
[540.700s][info][gc,phases,start] GC(1443) Post Compact
[540.702s][info][gc,phases      ] GC(1443) Post Compact 1.534ms
[540.702s][info][gc,heap        ] GC(1443) PSYoungGen: 33771K(77312K)->33771K(77312K) Eden: 24575K(24576K)->24575K(24576K) From: 9195K(52736K)->9195K(52736K)
[540.702s][info][gc,heap        ] GC(1443) ParOldGen: 340727K(341504K)->340727K(341504K)
[540.702s][info][gc,metaspace   ] GC(1443) Metaspace: 6296K(6464K)->6296K(6464K) NonClass: 5763K(5824K)->5763K(5824K) Class: 532K(640K)->532K(640K)
[540.702s][info][gc             ] GC(1443) Pause Full (Ergonomics) 365M->365M(409M) 391.386ms
[540.702s][info][gc,cpu         ] GC(1443) User=0.39s Sys=0.00s Real=0.39s
[540.703s][info][gc,start       ] GC(1444) Pause Full (Ergonomics)
[540.703s][info][gc,phases,start] GC(1444) Marking Phase
[540.989s][info][gc,phases      ] GC(1444) Marking Phase 286.128ms
[540.989s][info][gc,phases,start] GC(1444) Summary Phase
[540.989s][info][gc,phases      ] GC(1444) Summary Phase 0.023ms
[540.989s][info][gc,phases,start] GC(1444) Adjust Roots
[540.989s][info][gc,phases      ] GC(1444) Adjust Roots 0.226ms
[540.989s][info][gc,phases,start] GC(1444) Compaction Phase
[541.086s][info][gc,phases      ] GC(1444) Compaction Phase 96.496ms
[541.086s][info][gc,phases,start] GC(1444) Post Compact
[541.087s][info][gc,phases      ] GC(1444) Post Compact 1.540ms
[541.087s][info][gc,heap        ] GC(1444) PSYoungGen: 33771K(77312K)->33771K(77312K) Eden: 24575K(24576K)->24575K(24576K) From: 9195K(52736K)->9195K(52736K)
[541.087s][info][gc,heap        ] GC(1444) ParOldGen: 340732K(341504K)->340732K(341504K)
[541.087s][info][gc,metaspace   ] GC(1444) Metaspace: 6296K(6464K)->6296K(6464K) NonClass: 5763K(5824K)->5763K(5824K) Class: 532K(640K)->532K(640K)
[541.087s][info][gc             ] GC(1444) Pause Full (Ergonomics) 365M->365M(409M) 384.764ms
[541.087s][info][gc,cpu         ] GC(1444) User=0.38s Sys=0.00s Real=0.38s
[541.088s][info][gc,start       ] GC(1445) Pause Full (Ergonomics)
[541.088s][info][gc,phases,start] GC(1445) Marking Phase
[541.378s][info][gc,phases      ] GC(1445) Marking Phase 290.495ms
[541.378s][info][gc,phases,start] GC(1445) Summary Phase
[541.379s][info][gc,phases      ] GC(1445) Summary Phase 0.036ms
[541.379s][info][gc,phases,start] GC(1445) Adjust Roots
[541.379s][info][gc,phases      ] GC(1445) Adjust Roots 0.271ms
[541.379s][info][gc,phases,start] GC(1445) Compaction Phase
[541.478s][info][gc,phases      ] GC(1445) Compaction Phase 98.988ms
[541.478s][info][gc,phases,start] GC(1445) Post Compact
[541.480s][info][gc,phases      ] GC(1445) Post Compact 1.599ms
[541.480s][info][gc,heap        ] GC(1445) PSYoungGen: 33771K(77312K)->33771K(77312K) Eden: 24575K(24576K)->24575K(24576K) From: 9195K(52736K)->9195K(52736K)
[541.480s][info][gc,heap        ] GC(1445) ParOldGen: 340736K(341504K)->340736K(341504K)
[541.480s][info][gc,metaspace   ] GC(1445) Metaspace: 6296K(6464K)->6296K(6464K) NonClass: 5763K(5824K)->5763K(5824K) Class: 532K(640K)->532K(640K)
[541.480s][info][gc             ] GC(1445) Pause Full (Ergonomics) 365M->365M(409M) 391.790ms
[541.480s][info][gc,cpu         ] GC(1445) User=0.39s Sys=0.00s Real=0.39s
[541.480s][info][gc,start       ] GC(1446) Pause Full (Ergonomics)
[541.480s][info][gc,phases,start] GC(1446) Marking Phase
[541.767s][info][gc,phases      ] GC(1446) Marking Phase 286.347ms
[541.767s][info][gc,phases,start] GC(1446) Summary Phase
[541.767s][info][gc,phases      ] GC(1446) Summary Phase 0.035ms
[541.767s][info][gc,phases,start] GC(1446) Adjust Roots
[541.767s][info][gc,phases      ] GC(1446) Adjust Roots 0.246ms
[541.767s][info][gc,phases,start] GC(1446) Compaction Phase
[541.863s][info][gc,phases      ] GC(1446) Compaction Phase 95.944ms
[541.863s][info][gc,phases,start] GC(1446) Post Compact
[541.865s][info][gc,phases      ] GC(1446) Post Compact 1.551ms
[541.865s][info][gc,heap        ] GC(1446) PSYoungGen: 33771K(77312K)->33771K(77312K) Eden: 24575K(24576K)->24575K(24576K) From: 9195K(52736K)->9195K(52736K)
[541.865s][info][gc,heap        ] GC(1446) ParOldGen: 340741K(341504K)->340741K(341504K)
[541.865s][info][gc,metaspace   ] GC(1446) Metaspace: 6296K(6464K)->6296K(6464K) NonClass: 5763K(5824K)->5763K(5824K) Class: 532K(640K)->532K(640K)
[541.865s][info][gc             ] GC(1446) Pause Full (Ergonomics) 365M->365M(409M) 384.477ms
[541.865s][info][gc,cpu         ] GC(1446) User=0.34s Sys=0.00s Real=0.38s
[541.865s][info][gc,start       ] GC(1447) Pause Full (Ergonomics)
[541.865s][info][gc,phases,start] GC(1447) Marking Phase
[542.156s][info][gc,phases      ] GC(1447) Marking Phase 290.825ms
[542.156s][info][gc,phases,start] GC(1447) Summary Phase
[542.156s][info][gc,phases      ] GC(1447) Summary Phase 0.035ms
[542.156s][info][gc,phases,start] GC(1447) Adjust Roots
[542.156s][info][gc,phases      ] GC(1447) Adjust Roots 0.238ms
[542.156s][info][gc,phases,start] GC(1447) Compaction Phase
[542.255s][info][gc,phases      ] GC(1447) Compaction Phase 98.700ms
[542.255s][info][gc,phases,start] GC(1447) Post Compact
[542.257s][info][gc,phases      ] GC(1447) Post Compact 1.532ms
[542.257s][info][gc,heap        ] GC(1447) PSYoungGen: 33771K(77312K)->33771K(77312K) Eden: 24575K(24576K)->24575K(24576K) From: 9195K(52736K)->9195K(52736K)
[542.257s][info][gc,heap        ] GC(1447) ParOldGen: 340746K(341504K)->340746K(341504K)
[542.257s][info][gc,metaspace   ] GC(1447) Metaspace: 6296K(6464K)->6296K(6464K) NonClass: 5763K(5824K)->5763K(5824K) Class: 532K(640K)->532K(640K)
[542.257s][info][gc             ] GC(1447) Pause Full (Ergonomics) 365M->365M(409M) 391.707ms
[542.257s][info][gc,cpu         ] GC(1447) User=0.36s Sys=0.00s Real=0.39s
[542.257s][info][gc,start       ] GC(1448) Pause Full (Ergonomics)
[542.257s][info][gc,phases,start] GC(1448) Marking Phase
[542.542s][info][gc,phases      ] GC(1448) Marking Phase 285.329ms
[542.542s][info][gc,phases,start] GC(1448) Summary Phase
[542.542s][info][gc,phases      ] GC(1448) Summary Phase 0.034ms
[542.542s][info][gc,phases,start] GC(1448) Adjust Roots
[542.543s][info][gc,phases      ] GC(1448) Adjust Roots 0.308ms
[542.543s][info][gc,phases,start] GC(1448) Compaction Phase
[542.641s][info][gc,phases      ] GC(1448) Compaction Phase 98.364ms
[542.641s][info][gc,phases,start] GC(1448) Post Compact
[542.643s][info][gc,phases      ] GC(1448) Post Compact 1.544ms
[542.643s][info][gc,heap        ] GC(1448) PSYoungGen: 33771K(77312K)->33771K(77312K) Eden: 24575K(24576K)->24575K(24576K) From: 9195K(52736K)->9195K(52736K)
[542.643s][info][gc,heap        ] GC(1448) ParOldGen: 340750K(341504K)->340750K(341504K)
[542.643s][info][gc,metaspace   ] GC(1448) Metaspace: 6296K(6464K)->6296K(6464K) NonClass: 5763K(5824K)->5763K(5824K) Class: 532K(640K)->532K(640K)
[542.643s][info][gc             ] GC(1448) Pause Full (Ergonomics) 365M->365M(409M) 385.974ms
[542.643s][info][gc,cpu         ] GC(1448) User=0.34s Sys=0.00s Real=0.39s
[542.643s][info][gc,start       ] GC(1449) Pause Full (Ergonomics)
[542.643s][info][gc,phases,start] GC(1449) Marking Phase
[542.932s][info][gc,phases      ] GC(1449) Marking Phase 288.923ms
[542.932s][info][gc,phases,start] GC(1449) Summary Phase
[542.932s][info][gc,phases      ] GC(1449) Summary Phase 0.036ms
[542.932s][info][gc,phases,start] GC(1449) Adjust Roots
[542.933s][info][gc,phases      ] GC(1449) Adjust Roots 0.270ms
[542.933s][info][gc,phases,start] GC(1449) Compaction Phase
[543.032s][info][gc,phases      ] GC(1449) Compaction Phase 99.447ms
[543.032s][info][gc,phases,start] GC(1449) Post Compact
[543.034s][info][gc,phases      ] GC(1449) Post Compact 1.542ms
[543.034s][info][gc,heap        ] GC(1449) PSYoungGen: 33771K(77312K)->33771K(77312K) Eden: 24575K(24576K)->24575K(24576K) From: 9195K(52736K)->9195K(52736K)
[543.034s][info][gc,heap        ] GC(1449) ParOldGen: 340755K(341504K)->340755K(341504K)
[543.034s][info][gc,metaspace   ] GC(1449) Metaspace: 6296K(6464K)->6296K(6464K) NonClass: 5763K(5824K)->5763K(5824K) Class: 532K(640K)->532K(640K)
[543.034s][info][gc             ] GC(1449) Pause Full (Ergonomics) 365M->365M(409M) 390.634ms
[543.034s][info][gc,cpu         ] GC(1449) User=0.36s Sys=0.00s Real=0.39s
[543.034s][info][gc,start       ] GC(1450) Pause Full (Ergonomics)
[543.034s][info][gc,phases,start] GC(1450) Marking Phase
[543.318s][info][gc,phases      ] GC(1450) Marking Phase 283.453ms
[543.318s][info][gc,phases,start] GC(1450) Summary Phase
[543.318s][info][gc,phases      ] GC(1450) Summary Phase 0.035ms
[543.318s][info][gc,phases,start] GC(1450) Adjust Roots
[543.318s][info][gc,phases      ] GC(1450) Adjust Roots 0.225ms
[543.318s][info][gc,phases,start] GC(1450) Compaction Phase
[543.415s][info][gc,phases      ] GC(1450) Compaction Phase 97.121ms
[543.415s][info][gc,phases,start] GC(1450) Post Compact
[543.417s][info][gc,phases      ] GC(1450) Post Compact 1.676ms
[543.417s][info][gc,heap        ] GC(1450) PSYoungGen: 33771K(77312K)->33771K(77312K) Eden: 24575K(24576K)->24575K(24576K) From: 9195K(52736K)->9195K(52736K)
[543.417s][info][gc,heap        ] GC(1450) ParOldGen: 340760K(341504K)->340760K(341504K)
[543.417s][info][gc,metaspace   ] GC(1450) Metaspace: 6296K(6464K)->6296K(6464K) NonClass: 5763K(5824K)->5763K(5824K) Class: 532K(640K)->532K(640K)
[543.417s][info][gc             ] GC(1450) Pause Full (Ergonomics) 365M->365M(409M) 382.918ms
[543.417s][info][gc,cpu         ] GC(1450) User=0.36s Sys=0.00s Real=0.38s
[543.417s][info][gc,start       ] GC(1451) Pause Full (Ergonomics)
[543.417s][info][gc,phases,start] GC(1451) Marking Phase
[543.705s][info][gc,phases      ] GC(1451) Marking Phase 287.607ms
[543.705s][info][gc,phases,start] GC(1451) Summary Phase
[543.705s][info][gc,phases      ] GC(1451) Summary Phase 0.034ms
[543.705s][info][gc,phases,start] GC(1451) Adjust Roots
[543.705s][info][gc,phases      ] GC(1451) Adjust Roots 0.315ms
[543.705s][info][gc,phases,start] GC(1451) Compaction Phase
[543.802s][info][gc,phases      ] GC(1451) Compaction Phase 96.064ms
[543.802s][info][gc,phases,start] GC(1451) Post Compact
[543.803s][info][gc,phases      ] GC(1451) Post Compact 1.556ms
[543.803s][info][gc,heap        ] GC(1451) PSYoungGen: 33771K(77312K)->33771K(77312K) Eden: 24575K(24576K)->24575K(24576K) From: 9195K(52736K)->9195K(52736K)
[543.803s][info][gc,heap        ] GC(1451) ParOldGen: 340764K(341504K)->340764K(341504K)
[543.803s][info][gc,metaspace   ] GC(1451) Metaspace: 6296K(6464K)->6296K(6464K) NonClass: 5763K(5824K)->5763K(5824K) Class: 532K(640K)->532K(640K)
[543.803s][info][gc             ] GC(1451) Pause Full (Ergonomics) 365M->365M(409M) 386.020ms
[543.803s][info][gc,cpu         ] GC(1451) User=0.34s Sys=0.00s Real=0.39s
[543.804s][info][gc,start       ] GC(1452) Pause Full (Ergonomics)
[543.804s][info][gc,phases,start] GC(1452) Marking Phase
[544.093s][info][gc,phases      ] GC(1452) Marking Phase 288.952ms
[544.093s][info][gc,phases,start] GC(1452) Summary Phase
[544.093s][info][gc,phases      ] GC(1452) Summary Phase 0.035ms
[544.093s][info][gc,phases,start] GC(1452) Adjust Roots
[544.093s][info][gc,phases      ] GC(1452) Adjust Roots 0.269ms
[544.093s][info][gc,phases,start] GC(1452) Compaction Phase
[544.191s][info][gc,phases      ] GC(1452) Compaction Phase 98.246ms
[544.191s][info][gc,phases,start] GC(1452) Post Compact
[544.193s][info][gc,phases      ] GC(1452) Post Compact 1.531ms
[544.193s][info][gc,heap        ] GC(1452) PSYoungGen: 33771K(77312K)->33771K(77312K) Eden: 24575K(24576K)->24575K(24576K) From: 9195K(52736K)->9195K(52736K)
[544.193s][info][gc,heap        ] GC(1452) ParOldGen: 340769K(341504K)->340769K(341504K)
[544.193s][info][gc,metaspace   ] GC(1452) Metaspace: 6296K(6464K)->6296K(6464K) NonClass: 5763K(5824K)->5763K(5824K) Class: 532K(640K)->532K(640K)
[544.193s][info][gc             ] GC(1452) Pause Full (Ergonomics) 365M->365M(409M) 389.422ms
[544.193s][info][gc,cpu         ] GC(1452) User=0.36s Sys=0.00s Real=0.39s
[544.193s][info][gc,start       ] GC(1453) Pause Full (Ergonomics)
[544.193s][info][gc,phases,start] GC(1453) Marking Phase
[544.478s][info][gc,phases      ] GC(1453) Marking Phase 285.011ms
[544.479s][info][gc,phases,start] GC(1453) Summary Phase
[544.479s][info][gc,phases      ] GC(1453) Summary Phase 0.035ms
[544.479s][info][gc,phases,start] GC(1453) Adjust Roots
[544.479s][info][gc,phases      ] GC(1453) Adjust Roots 0.289ms
[544.479s][info][gc,phases,start] GC(1453) Compaction Phase
[544.576s][info][gc,phases      ] GC(1453) Compaction Phase 96.890ms
[544.576s][info][gc,phases,start] GC(1453) Post Compact
[544.577s][info][gc,phases      ] GC(1453) Post Compact 1.536ms
[544.578s][info][gc,heap        ] GC(1453) PSYoungGen: 33771K(77312K)->33771K(77312K) Eden: 24575K(24576K)->24575K(24576K) From: 9195K(52736K)->9195K(52736K)
[544.578s][info][gc,heap        ] GC(1453) ParOldGen: 340774K(341504K)->340774K(341504K)
[544.578s][info][gc,metaspace   ] GC(1453) Metaspace: 6296K(6464K)->6296K(6464K) NonClass: 5763K(5824K)->5763K(5824K) Class: 532K(640K)->532K(640K)
[544.578s][info][gc             ] GC(1453) Pause Full (Ergonomics) 365M->365M(409M) 384.219ms
[544.578s][info][gc,cpu         ] GC(1453) User=0.34s Sys=0.00s Real=0.38s
[544.578s][info][gc,start       ] GC(1454) Pause Full (Ergonomics)
[544.578s][info][gc,phases,start] GC(1454) Marking Phase
[544.867s][info][gc,phases      ] GC(1454) Marking Phase 289.281ms
[544.867s][info][gc,phases,start] GC(1454) Summary Phase
[544.867s][info][gc,phases      ] GC(1454) Summary Phase 0.032ms
[544.867s][info][gc,phases,start] GC(1454) Adjust Roots
[544.868s][info][gc,phases      ] GC(1454) Adjust Roots 0.243ms
[544.868s][info][gc,phases,start] GC(1454) Compaction Phase
[544.966s][info][gc,phases      ] GC(1454) Compaction Phase 98.503ms
[544.966s][info][gc,phases,start] GC(1454) Post Compact
[544.968s][info][gc,phases      ] GC(1454) Post Compact 1.540ms
[544.968s][info][gc,heap        ] GC(1454) PSYoungGen: 33771K(77312K)->33771K(77312K) Eden: 24575K(24576K)->24575K(24576K) From: 9195K(52736K)->9195K(52736K)
[544.968s][info][gc,heap        ] GC(1454) ParOldGen: 340778K(341504K)->340778K(341504K)
[544.968s][info][gc,metaspace   ] GC(1454) Metaspace: 6296K(6464K)->6296K(6464K) NonClass: 5763K(5824K)->5763K(5824K) Class: 532K(640K)->532K(640K)
[544.968s][info][gc             ] GC(1454) Pause Full (Ergonomics) 365M->365M(409M) 390.005ms
[544.968s][info][gc,cpu         ] GC(1454) User=0.36s Sys=0.00s Real=0.39s
[544.968s][info][gc,start       ] GC(1455) Pause Full (Ergonomics)
[544.968s][info][gc,phases,start] GC(1455) Marking Phase
[545.254s][info][gc,phases      ] GC(1455) Marking Phase 286.112ms
[545.254s][info][gc,phases,start] GC(1455) Summary Phase
[545.255s][info][gc,phases      ] GC(1455) Summary Phase 0.035ms
[545.255s][info][gc,phases,start] GC(1455) Adjust Roots
[545.255s][info][gc,phases      ] GC(1455) Adjust Roots 0.264ms
[545.255s][info][gc,phases,start] GC(1455) Compaction Phase
[545.354s][info][gc,phases      ] GC(1455) Compaction Phase 99.228ms
[545.354s][info][gc,phases,start] GC(1455) Post Compact
[545.356s][info][gc,phases      ] GC(1455) Post Compact 1.534ms
[545.356s][info][gc,heap        ] GC(1455) PSYoungGen: 33771K(77312K)->33771K(77312K) Eden: 24575K(24576K)->24575K(24576K) From: 9195K(52736K)->9195K(52736K)
[545.356s][info][gc,heap        ] GC(1455) ParOldGen: 340783K(341504K)->340783K(341504K)
[545.356s][info][gc,metaspace   ] GC(1455) Metaspace: 6296K(6464K)->6296K(6464K) NonClass: 5763K(5824K)->5763K(5824K) Class: 532K(640K)->532K(640K)
[545.356s][info][gc             ] GC(1455) Pause Full (Ergonomics) 365M->365M(409M) 387.565ms
[545.356s][info][gc,cpu         ] GC(1455) User=0.39s Sys=0.00s Real=0.39s
[545.356s][info][gc,start       ] GC(1456) Pause Full (Ergonomics)
[545.356s][info][gc,phases,start] GC(1456) Marking Phase
[545.641s][info][gc,phases      ] GC(1456) Marking Phase 285.216ms
[545.641s][info][gc,phases,start] GC(1456) Summary Phase
[545.641s][info][gc,phases      ] GC(1456) Summary Phase 0.023ms
[545.641s][info][gc,phases,start] GC(1456) Adjust Roots
[545.642s][info][gc,phases      ] GC(1456) Adjust Roots 0.210ms
[545.642s][info][gc,phases,start] GC(1456) Compaction Phase
[545.737s][info][gc,phases      ] GC(1456) Compaction Phase 95.469ms
[545.737s][info][gc,phases,start] GC(1456) Post Compact
[545.739s][info][gc,phases      ] GC(1456) Post Compact 1.642ms
[545.739s][info][gc,heap        ] GC(1456) PSYoungGen: 33771K(77312K)->33771K(77312K) Eden: 24575K(24576K)->24575K(24576K) From: 9195K(52736K)->9195K(52736K)
[545.739s][info][gc,heap        ] GC(1456) ParOldGen: 340788K(341504K)->340788K(341504K)
[545.739s][info][gc,metaspace   ] GC(1456) Metaspace: 6296K(6464K)->6296K(6464K) NonClass: 5763K(5824K)->5763K(5824K) Class: 532K(640K)->532K(640K)
[545.739s][info][gc             ] GC(1456) Pause Full (Ergonomics) 365M->365M(409M) 382.962ms
[545.739s][info][gc,cpu         ] GC(1456) User=0.34s Sys=0.00s Real=0.38s
[545.739s][info][gc,start       ] GC(1457) Pause Full (Ergonomics)
[545.739s][info][gc,phases,start] GC(1457) Marking Phase
[546.027s][info][gc,phases      ] GC(1457) Marking Phase 287.698ms
[546.027s][info][gc,phases,start] GC(1457) Summary Phase
[546.027s][info][gc,phases      ] GC(1457) Summary Phase 0.023ms
[546.027s][info][gc,phases,start] GC(1457) Adjust Roots
[546.027s][info][gc,phases      ] GC(1457) Adjust Roots 0.238ms
[546.027s][info][gc,phases,start] GC(1457) Compaction Phase
[546.123s][info][gc,phases      ] GC(1457) Compaction Phase 96.021ms
[546.124s][info][gc,phases,start] GC(1457) Post Compact
[546.125s][info][gc,phases      ] GC(1457) Post Compact 1.724ms
[546.125s][info][gc,heap        ] GC(1457) PSYoungGen: 33771K(77312K)->33771K(77312K) Eden: 24575K(24576K)->24575K(24576K) From: 9195K(52736K)->9195K(52736K)
[546.125s][info][gc,heap        ] GC(1457) ParOldGen: 340792K(341504K)->340792K(341504K)
[546.125s][info][gc,metaspace   ] GC(1457) Metaspace: 6296K(6464K)->6296K(6464K) NonClass: 5763K(5824K)->5763K(5824K) Class: 532K(640K)->532K(640K)
[546.125s][info][gc             ] GC(1457) Pause Full (Ergonomics) 365M->365M(409M) 386.094ms
[546.125s][info][gc,cpu         ] GC(1457) User=0.38s Sys=0.00s Real=0.39s
[546.126s][info][gc,start       ] GC(1458) Pause Full (Ergonomics)
[546.126s][info][gc,phases,start] GC(1458) Marking Phase
[546.416s][info][gc,phases      ] GC(1458) Marking Phase 290.385ms
[546.416s][info][gc,phases,start] GC(1458) Summary Phase
[546.416s][info][gc,phases      ] GC(1458) Summary Phase 0.024ms
[546.416s][info][gc,phases,start] GC(1458) Adjust Roots
[546.416s][info][gc,phases      ] GC(1458) Adjust Roots 0.238ms
[546.416s][info][gc,phases,start] GC(1458) Compaction Phase
[546.515s][info][gc,phases      ] GC(1458) Compaction Phase 99.022ms
[546.516s][info][gc,phases,start] GC(1458) Post Compact
[546.517s][info][gc,phases      ] GC(1458) Post Compact 1.708ms
[546.517s][info][gc,heap        ] GC(1458) PSYoungGen: 33771K(77312K)->33771K(77312K) Eden: 24575K(24576K)->24575K(24576K) From: 9195K(52736K)->9195K(52736K)
[546.517s][info][gc,heap        ] GC(1458) ParOldGen: 340797K(341504K)->340797K(341504K)
[546.517s][info][gc,metaspace   ] GC(1458) Metaspace: 6296K(6464K)->6296K(6464K) NonClass: 5763K(5824K)->5763K(5824K) Class: 532K(640K)->532K(640K)
[546.517s][info][gc             ] GC(1458) Pause Full (Ergonomics) 365M->365M(409M) 391.795ms
[546.517s][info][gc,cpu         ] GC(1458) User=0.39s Sys=0.00s Real=0.39s
[546.518s][info][gc,start       ] GC(1459) Pause Full (Ergonomics)
[546.518s][info][gc,phases,start] GC(1459) Marking Phase
[546.804s][info][gc,phases      ] GC(1459) Marking Phase 286.015ms
[546.804s][info][gc,phases,start] GC(1459) Summary Phase
[546.804s][info][gc,phases      ] GC(1459) Summary Phase 0.023ms
[546.804s][info][gc,phases,start] GC(1459) Adjust Roots
[546.804s][info][gc,phases      ] GC(1459) Adjust Roots 0.210ms
[546.804s][info][gc,phases,start] GC(1459) Compaction Phase
[546.900s][info][gc,phases      ] GC(1459) Compaction Phase 96.023ms
[546.900s][info][gc,phases,start] GC(1459) Post Compact
[546.902s][info][gc,phases      ] GC(1459) Post Compact 1.807ms
[546.902s][info][gc,heap        ] GC(1459) PSYoungGen: 33771K(77312K)->33771K(77312K) Eden: 24575K(24576K)->24575K(24576K) From: 9195K(52736K)->9195K(52736K)
[546.902s][info][gc,heap        ] GC(1459) ParOldGen: 340802K(341504K)->340802K(341504K)
[546.902s][info][gc,metaspace   ] GC(1459) Metaspace: 6296K(6464K)->6296K(6464K) NonClass: 5763K(5824K)->5763K(5824K) Class: 532K(640K)->532K(640K)
[546.902s][info][gc             ] GC(1459) Pause Full (Ergonomics) 365M->365M(409M) 384.522ms
[546.902s][info][gc,cpu         ] GC(1459) User=0.38s Sys=0.00s Real=0.38s
[546.903s][info][gc,start       ] GC(1460) Pause Full (Ergonomics)
[546.903s][info][gc,phases,start] GC(1460) Marking Phase
[547.191s][info][gc,phases      ] GC(1460) Marking Phase 287.998ms
[547.191s][info][gc,phases,start] GC(1460) Summary Phase
[547.191s][info][gc,phases      ] GC(1460) Summary Phase 0.023ms
[547.191s][info][gc,phases,start] GC(1460) Adjust Roots
[547.191s][info][gc,phases      ] GC(1460) Adjust Roots 0.233ms
[547.191s][info][gc,phases,start] GC(1460) Compaction Phase
[547.287s][info][gc,phases      ] GC(1460) Compaction Phase 96.089ms
[547.287s][info][gc,phases,start] GC(1460) Post Compact
[547.289s][info][gc,phases      ] GC(1460) Post Compact 1.537ms
[547.289s][info][gc,heap        ] GC(1460) PSYoungGen: 33771K(77312K)->33771K(77312K) Eden: 24575K(24576K)->24575K(24576K) From: 9195K(52736K)->9195K(52736K)
[547.289s][info][gc,heap        ] GC(1460) ParOldGen: 340806K(341504K)->340806K(341504K)
[547.289s][info][gc,metaspace   ] GC(1460) Metaspace: 6296K(6464K)->6296K(6464K) NonClass: 5763K(5824K)->5763K(5824K) Class: 532K(640K)->532K(640K)
[547.289s][info][gc             ] GC(1460) Pause Full (Ergonomics) 365M->365M(409M) 386.224ms
[547.289s][info][gc,cpu         ] GC(1460) User=0.36s Sys=0.00s Real=0.39s
[547.289s][info][gc,start       ] GC(1461) Pause Full (Ergonomics)
[547.289s][info][gc,phases,start] GC(1461) Marking Phase
[547.580s][info][gc,phases      ] GC(1461) Marking Phase 290.545ms
[547.580s][info][gc,phases,start] GC(1461) Summary Phase
[547.580s][info][gc,phases      ] GC(1461) Summary Phase 0.025ms
[547.580s][info][gc,phases,start] GC(1461) Adjust Roots
[547.580s][info][gc,phases      ] GC(1461) Adjust Roots 0.246ms
[547.580s][info][gc,phases,start] GC(1461) Compaction Phase
[547.678s][info][gc,phases      ] GC(1461) Compaction Phase 98.000ms
[547.678s][info][gc,phases,start] GC(1461) Post Compact
[547.680s][info][gc,phases      ] GC(1461) Post Compact 1.547ms
[547.680s][info][gc,heap        ] GC(1461) PSYoungGen: 33771K(77312K)->33771K(77312K) Eden: 24575K(24576K)->24575K(24576K) From: 9195K(52736K)->9195K(52736K)
[547.680s][info][gc,heap        ] GC(1461) ParOldGen: 340811K(341504K)->340811K(341504K)
[547.680s][info][gc,metaspace   ] GC(1461) Metaspace: 6296K(6464K)->6296K(6464K) NonClass: 5763K(5824K)->5763K(5824K) Class: 532K(640K)->532K(640K)
[547.680s][info][gc             ] GC(1461) Pause Full (Ergonomics) 365M->365M(409M) 390.759ms
[547.680s][info][gc,cpu         ] GC(1461) User=0.36s Sys=0.02s Real=0.39s
[547.680s][info][gc,start       ] GC(1462) Pause Full (Ergonomics)
[547.680s][info][gc,phases,start] GC(1462) Marking Phase
[547.967s][info][gc,phases      ] GC(1462) Marking Phase 286.593ms
[547.967s][info][gc,phases,start] GC(1462) Summary Phase
[547.967s][info][gc,phases      ] GC(1462) Summary Phase 0.034ms
[547.967s][info][gc,phases,start] GC(1462) Adjust Roots
[547.967s][info][gc,phases      ] GC(1462) Adjust Roots 0.239ms
[547.967s][info][gc,phases,start] GC(1462) Compaction Phase
[548.068s][info][gc,phases      ] GC(1462) Compaction Phase 100.573ms
[548.068s][info][gc,phases,start] GC(1462) Post Compact
[548.070s][info][gc,phases      ] GC(1462) Post Compact 1.534ms
[548.070s][info][gc,heap        ] GC(1462) PSYoungGen: 33771K(77312K)->33771K(77312K) Eden: 24575K(24576K)->24575K(24576K) From: 9195K(52736K)->9195K(52736K)
[548.070s][info][gc,heap        ] GC(1462) ParOldGen: 340816K(341504K)->340816K(341504K)
[548.070s][info][gc,metaspace   ] GC(1462) Metaspace: 6296K(6464K)->6296K(6464K) NonClass: 5763K(5824K)->5763K(5824K) Class: 532K(640K)->532K(640K)
[548.070s][info][gc             ] GC(1462) Pause Full (Ergonomics) 365M->365M(409M) 389.358ms
[548.070s][info][gc,cpu         ] GC(1462) User=0.34s Sys=0.00s Real=0.39s
[548.070s][info][gc,start       ] GC(1463) Pause Full (Ergonomics)
[548.070s][info][gc,phases,start] GC(1463) Marking Phase
[548.356s][info][gc,phases      ] GC(1463) Marking Phase 285.586ms
[548.356s][info][gc,phases,start] GC(1463) Summary Phase
[548.356s][info][gc,phases      ] GC(1463) Summary Phase 0.023ms
[548.356s][info][gc,phases,start] GC(1463) Adjust Roots
[548.356s][info][gc,phases      ] GC(1463) Adjust Roots 0.220ms
[548.356s][info][gc,phases,start] GC(1463) Compaction Phase
[548.452s][info][gc,phases      ] GC(1463) Compaction Phase 95.621ms
[548.452s][info][gc,phases,start] GC(1463) Post Compact
[548.453s][info][gc,phases      ] GC(1463) Post Compact 1.548ms
[548.453s][info][gc,heap        ] GC(1463) PSYoungGen: 33771K(77312K)->33771K(77312K) Eden: 24575K(24576K)->24575K(24576K) From: 9195K(52736K)->9195K(52736K)
[548.453s][info][gc,heap        ] GC(1463) ParOldGen: 340820K(341504K)->340820K(341504K)
[548.453s][info][gc,metaspace   ] GC(1463) Metaspace: 6296K(6464K)->6296K(6464K) NonClass: 5763K(5824K)->5763K(5824K) Class: 532K(640K)->532K(640K)
[548.453s][info][gc             ] GC(1463) Pause Full (Ergonomics) 365M->365M(409M) 383.382ms
[548.453s][info][gc,cpu         ] GC(1463) User=0.34s Sys=0.00s Real=0.38s
[548.454s][info][gc,start       ] GC(1464) Pause Full (Ergonomics)
[548.454s][info][gc,phases,start] GC(1464) Marking Phase
[548.744s][info][gc,phases      ] GC(1464) Marking Phase 290.550ms
[548.744s][info][gc,phases,start] GC(1464) Summary Phase
[548.744s][info][gc,phases      ] GC(1464) Summary Phase 0.035ms
[548.744s][info][gc,phases,start] GC(1464) Adjust Roots
[548.745s][info][gc,phases      ] GC(1464) Adjust Roots 0.257ms
[548.745s][info][gc,phases,start] GC(1464) Compaction Phase
[548.844s][info][gc,phases      ] GC(1464) Compaction Phase 99.112ms
[548.844s][info][gc,phases,start] GC(1464) Post Compact
[548.846s][info][gc,phases      ] GC(1464) Post Compact 1.681ms
[548.846s][info][gc,heap        ] GC(1464) PSYoungGen: 33771K(77312K)->33771K(77312K) Eden: 24575K(24576K)->24575K(24576K) From: 9195K(52736K)->9195K(52736K)
[548.846s][info][gc,heap        ] GC(1464) ParOldGen: 340825K(341504K)->340825K(341504K)
[548.846s][info][gc,metaspace   ] GC(1464) Metaspace: 6296K(6464K)->6296K(6464K) NonClass: 5763K(5824K)->5763K(5824K) Class: 532K(640K)->532K(640K)
[548.846s][info][gc             ] GC(1464) Pause Full (Ergonomics) 365M->365M(409M) 392.043ms
[548.846s][info][gc,cpu         ] GC(1464) User=0.38s Sys=0.00s Real=0.39s
[548.846s][info][gc,start       ] GC(1465) Pause Full (Ergonomics)
[548.846s][info][gc,phases,start] GC(1465) Marking Phase
[549.132s][info][gc,phases      ] GC(1465) Marking Phase 285.939ms
[549.132s][info][gc,phases,start] GC(1465) Summary Phase
[549.132s][info][gc,phases      ] GC(1465) Summary Phase 0.034ms
[549.132s][info][gc,phases,start] GC(1465) Adjust Roots
[549.132s][info][gc,phases      ] GC(1465) Adjust Roots 0.249ms
[549.132s][info][gc,phases,start] GC(1465) Compaction Phase
[549.229s][info][gc,phases      ] GC(1465) Compaction Phase 96.390ms
[549.229s][info][gc,phases,start] GC(1465) Post Compact
[549.230s][info][gc,phases      ] GC(1465) Post Compact 1.542ms
[549.230s][info][gc,heap        ] GC(1465) PSYoungGen: 33771K(77312K)->33771K(77312K) Eden: 24575K(24576K)->24575K(24576K) From: 9195K(52736K)->9195K(52736K)
[549.231s][info][gc,heap        ] GC(1465) ParOldGen: 340830K(341504K)->340830K(341504K)
[549.231s][info][gc,metaspace   ] GC(1465) Metaspace: 6296K(6464K)->6296K(6464K) NonClass: 5763K(5824K)->5763K(5824K) Class: 532K(640K)->532K(640K)
[549.231s][info][gc             ] GC(1465) Pause Full (Ergonomics) 365M->365M(409M) 384.529ms
[549.231s][info][gc,cpu         ] GC(1465) User=0.36s Sys=0.00s Real=0.38s
[549.231s][info][gc,start       ] GC(1466) Pause Full (Ergonomics)
[549.231s][info][gc,phases,start] GC(1466) Marking Phase
[549.522s][info][gc,phases      ] GC(1466) Marking Phase 291.119ms
[549.522s][info][gc,phases,start] GC(1466) Summary Phase
[549.522s][info][gc,phases      ] GC(1466) Summary Phase 0.025ms
[549.522s][info][gc,phases,start] GC(1466) Adjust Roots
[549.522s][info][gc,phases      ] GC(1466) Adjust Roots 0.246ms
[549.522s][info][gc,phases,start] GC(1466) Compaction Phase
[549.622s][info][gc,phases      ] GC(1466) Compaction Phase 99.573ms
[549.622s][info][gc,phases,start] GC(1466) Post Compact
[549.624s][info][gc,phases      ] GC(1466) Post Compact 1.532ms
[549.624s][info][gc,heap        ] GC(1466) PSYoungGen: 33771K(77312K)->33771K(77312K) Eden: 24575K(24576K)->24575K(24576K) From: 9195K(52736K)->9195K(52736K)
[549.624s][info][gc,heap        ] GC(1466) ParOldGen: 340834K(341504K)->340834K(341504K)
[549.624s][info][gc,metaspace   ] GC(1466) Metaspace: 6296K(6464K)->6296K(6464K) NonClass: 5763K(5824K)->5763K(5824K) Class: 532K(640K)->532K(640K)
[549.624s][info][gc             ] GC(1466) Pause Full (Ergonomics) 365M->365M(409M) 392.900ms
[549.624s][info][gc,cpu         ] GC(1466) User=0.34s Sys=0.02s Real=0.39s
[549.624s][info][gc,start       ] GC(1467) Pause Full (Ergonomics)
[549.624s][info][gc,phases,start] GC(1467) Marking Phase
[549.911s][info][gc,phases      ] GC(1467) Marking Phase 286.689ms
[549.911s][info][gc,phases,start] GC(1467) Summary Phase
[549.911s][info][gc,phases      ] GC(1467) Summary Phase 0.035ms
[549.911s][info][gc,phases,start] GC(1467) Adjust Roots
[549.911s][info][gc,phases      ] GC(1467) Adjust Roots 0.268ms
[549.911s][info][gc,phases,start] GC(1467) Compaction Phase
[550.008s][info][gc,phases      ] GC(1467) Compaction Phase 97.093ms
[550.008s][info][gc,phases,start] GC(1467) Post Compact
[550.010s][info][gc,phases      ] GC(1467) Post Compact 1.548ms
[550.010s][info][gc,heap        ] GC(1467) PSYoungGen: 33771K(77312K)->33771K(77312K) Eden: 24575K(24576K)->24575K(24576K) From: 9195K(52736K)->9195K(52736K)
[550.010s][info][gc,heap        ] GC(1467) ParOldGen: 340839K(341504K)->340839K(341504K)
[550.010s][info][gc,metaspace   ] GC(1467) Metaspace: 6296K(6464K)->6296K(6464K) NonClass: 5763K(5824K)->5763K(5824K) Class: 532K(640K)->532K(640K)
[550.010s][info][gc             ] GC(1467) Pause Full (Ergonomics) 365M->365M(409M) 386.032ms
[550.010s][info][gc,cpu         ] GC(1467) User=0.36s Sys=0.00s Real=0.39s
[550.010s][info][gc,start       ] GC(1468) Pause Full (Ergonomics)
[550.010s][info][gc,phases,start] GC(1468) Marking Phase
[550.299s][info][gc,phases      ] GC(1468) Marking Phase 288.676ms
[550.299s][info][gc,phases,start] GC(1468) Summary Phase
[550.299s][info][gc,phases      ] GC(1468) Summary Phase 0.035ms
[550.299s][info][gc,phases,start] GC(1468) Adjust Roots
[550.300s][info][gc,phases      ] GC(1468) Adjust Roots 0.256ms
[550.300s][info][gc,phases,start] GC(1468) Compaction Phase
[550.398s][info][gc,phases      ] GC(1468) Compaction Phase 98.138ms
[550.398s][info][gc,phases,start] GC(1468) Post Compact
[550.399s][info][gc,phases      ] GC(1468) Post Compact 1.537ms
[550.399s][info][gc,heap        ] GC(1468) PSYoungGen: 33771K(77312K)->33771K(77312K) Eden: 24575K(24576K)->24575K(24576K) From: 9195K(52736K)->9195K(52736K)
[550.399s][info][gc,heap        ] GC(1468) ParOldGen: 340844K(341504K)->340844K(341504K)
[550.399s][info][gc,metaspace   ] GC(1468) Metaspace: 6296K(6464K)->6296K(6464K) NonClass: 5763K(5824K)->5763K(5824K) Class: 532K(640K)->532K(640K)
[550.399s][info][gc             ] GC(1468) Pause Full (Ergonomics) 365M->365M(409M) 389.047ms
[550.399s][info][gc,cpu         ] GC(1468) User=0.34s Sys=0.00s Real=0.39s
[550.400s][info][gc,start       ] GC(1469) Pause Full (Ergonomics)
[550.400s][info][gc,phases,start] GC(1469) Marking Phase
[550.684s][info][gc,phases      ] GC(1469) Marking Phase 284.693ms
[550.685s][info][gc,phases,start] GC(1469) Summary Phase
[550.685s][info][gc,phases      ] GC(1469) Summary Phase 0.056ms
[550.685s][info][gc,phases,start] GC(1469) Adjust Roots
[550.685s][info][gc,phases      ] GC(1469) Adjust Roots 0.268ms
[550.685s][info][gc,phases,start] GC(1469) Compaction Phase
[550.781s][info][gc,phases      ] GC(1469) Compaction Phase 96.284ms
[550.781s][info][gc,phases,start] GC(1469) Post Compact
[550.783s][info][gc,phases      ] GC(1469) Post Compact 1.536ms
[550.783s][info][gc,heap        ] GC(1469) PSYoungGen: 33771K(77312K)->33771K(77312K) Eden: 24575K(24576K)->24575K(24576K) From: 9195K(52736K)->9195K(52736K)
[550.783s][info][gc,heap        ] GC(1469) ParOldGen: 340848K(341504K)->340848K(341504K)
[550.783s][info][gc,metaspace   ] GC(1469) Metaspace: 6296K(6464K)->6296K(6464K) NonClass: 5763K(5824K)->5763K(5824K) Class: 532K(640K)->532K(640K)
[550.783s][info][gc             ] GC(1469) Pause Full (Ergonomics) 365M->365M(409M) 383.216ms
[550.783s][info][gc,cpu         ] GC(1469) User=0.34s Sys=0.00s Real=0.38s
[550.783s][info][gc,start       ] GC(1470) Pause Full (Ergonomics)
[550.783s][info][gc,phases,start] GC(1470) Marking Phase
[551.068s][info][gc,phases      ] GC(1470) Marking Phase 284.823ms
[551.068s][info][gc,phases,start] GC(1470) Summary Phase
[551.068s][info][gc,phases      ] GC(1470) Summary Phase 0.034ms
[551.068s][info][gc,phases,start] GC(1470) Adjust Roots
[551.068s][info][gc,phases      ] GC(1470) Adjust Roots 0.264ms
[551.069s][info][gc,phases,start] GC(1470) Compaction Phase
[551.166s][info][gc,phases      ] GC(1470) Compaction Phase 96.979ms
[551.166s][info][gc,phases,start] GC(1470) Post Compact
[551.167s][info][gc,phases      ] GC(1470) Post Compact 1.541ms
[551.167s][info][gc,heap        ] GC(1470) PSYoungGen: 33771K(77312K)->33771K(77312K) Eden: 24575K(24576K)->24575K(24576K) From: 9195K(52736K)->9195K(52736K)
[551.167s][info][gc,heap        ] GC(1470) ParOldGen: 340853K(341504K)->340853K(341504K)
[551.167s][info][gc,metaspace   ] GC(1470) Metaspace: 6296K(6464K)->6296K(6464K) NonClass: 5763K(5824K)->5763K(5824K) Class: 532K(640K)->532K(640K)
[551.167s][info][gc             ] GC(1470) Pause Full (Ergonomics) 365M->365M(409M) 384.032ms
[551.167s][info][gc,cpu         ] GC(1470) User=0.36s Sys=0.00s Real=0.38s
[551.168s][info][gc,start       ] GC(1471) Pause Full (Ergonomics)
[551.168s][info][gc,phases,start] GC(1471) Marking Phase
[551.454s][info][gc,phases      ] GC(1471) Marking Phase 285.956ms
[551.454s][info][gc,phases,start] GC(1471) Summary Phase
[551.454s][info][gc,phases      ] GC(1471) Summary Phase 0.034ms
[551.454s][info][gc,phases,start] GC(1471) Adjust Roots
[551.454s][info][gc,phases      ] GC(1471) Adjust Roots 0.293ms
[551.454s][info][gc,phases,start] GC(1471) Compaction Phase
[551.550s][info][gc,phases      ] GC(1471) Compaction Phase 96.292ms
[551.550s][info][gc,phases,start] GC(1471) Post Compact
[551.552s][info][gc,phases      ] GC(1471) Post Compact 1.549ms
[551.552s][info][gc,heap        ] GC(1471) PSYoungGen: 33771K(77312K)->33771K(77312K) Eden: 24575K(24576K)->24575K(24576K) From: 9195K(52736K)->9195K(52736K)
[551.552s][info][gc,heap        ] GC(1471) ParOldGen: 340858K(341504K)->340858K(341504K)
[551.552s][info][gc,metaspace   ] GC(1471) Metaspace: 6296K(6464K)->6296K(6464K) NonClass: 5763K(5824K)->5763K(5824K) Class: 532K(640K)->532K(640K)
[551.552s][info][gc             ] GC(1471) Pause Full (Ergonomics) 365M->365M(409M) 384.520ms
[551.552s][info][gc,cpu         ] GC(1471) User=0.34s Sys=0.00s Real=0.38s
[551.552s][info][gc,start       ] GC(1472) Pause Full (Ergonomics)
[551.552s][info][gc,phases,start] GC(1472) Marking Phase
[551.842s][info][gc,phases      ] GC(1472) Marking Phase 289.371ms
[551.842s][info][gc,phases,start] GC(1472) Summary Phase
[551.842s][info][gc,phases      ] GC(1472) Summary Phase 0.036ms
[551.842s][info][gc,phases,start] GC(1472) Adjust Roots
[551.842s][info][gc,phases      ] GC(1472) Adjust Roots 0.257ms
[551.842s][info][gc,phases,start] GC(1472) Compaction Phase
[551.941s][info][gc,phases      ] GC(1472) Compaction Phase 99.024ms
[551.941s][info][gc,phases,start] GC(1472) Post Compact
[551.943s][info][gc,phases      ] GC(1472) Post Compact 1.525ms
[551.943s][info][gc,heap        ] GC(1472) PSYoungGen: 33771K(77312K)->33771K(77312K) Eden: 24575K(24576K)->24575K(24576K) From: 9195K(52736K)->9195K(52736K)
[551.943s][info][gc,heap        ] GC(1472) ParOldGen: 340862K(341504K)->340862K(341504K)
[551.943s][info][gc,metaspace   ] GC(1472) Metaspace: 6296K(6464K)->6296K(6464K) NonClass: 5763K(5824K)->5763K(5824K) Class: 532K(640K)->532K(640K)
[551.943s][info][gc             ] GC(1472) Pause Full (Ergonomics) 365M->365M(409M) 390.621ms
[551.943s][info][gc,cpu         ] GC(1472) User=0.36s Sys=0.00s Real=0.39s
[551.943s][info][gc,start       ] GC(1473) Pause Full (Ergonomics)
[551.943s][info][gc,phases,start] GC(1473) Marking Phase
[552.229s][info][gc,phases      ] GC(1473) Marking Phase 286.250ms
[552.230s][info][gc,phases,start] GC(1473) Summary Phase
[552.230s][info][gc,phases      ] GC(1473) Summary Phase 0.023ms
[552.230s][info][gc,phases,start] GC(1473) Adjust Roots
[552.230s][info][gc,phases      ] GC(1473) Adjust Roots 0.243ms
[552.230s][info][gc,phases,start] GC(1473) Compaction Phase
[552.329s][info][gc,phases      ] GC(1473) Compaction Phase 98.679ms
[552.329s][info][gc,phases,start] GC(1473) Post Compact
[552.330s][info][gc,phases      ] GC(1473) Post Compact 1.531ms
[552.330s][info][gc,heap        ] GC(1473) PSYoungGen: 33771K(77312K)->33771K(77312K) Eden: 24575K(24576K)->24575K(24576K) From: 9195K(52736K)->9195K(52736K)
[552.330s][info][gc,heap        ] GC(1473) ParOldGen: 340867K(341504K)->340867K(341504K)
[552.330s][info][gc,metaspace   ] GC(1473) Metaspace: 6296K(6464K)->6296K(6464K) NonClass: 5763K(5824K)->5763K(5824K) Class: 532K(640K)->532K(640K)
[552.330s][info][gc             ] GC(1473) Pause Full (Ergonomics) 365M->365M(409M) 387.092ms
[552.330s][info][gc,cpu         ] GC(1473) User=0.34s Sys=0.00s Real=0.39s
[552.331s][info][gc,start       ] GC(1474) Pause Full (Ergonomics)
[552.331s][info][gc,phases,start] GC(1474) Marking Phase
[552.620s][info][gc,phases      ] GC(1474) Marking Phase 289.220ms
[552.620s][info][gc,phases,start] GC(1474) Summary Phase
[552.620s][info][gc,phases      ] GC(1474) Summary Phase 0.035ms
[552.620s][info][gc,phases,start] GC(1474) Adjust Roots
[552.620s][info][gc,phases      ] GC(1474) Adjust Roots 0.318ms
[552.620s][info][gc,phases,start] GC(1474) Compaction Phase
[552.718s][info][gc,phases      ] GC(1474) Compaction Phase 97.893ms
[552.718s][info][gc,phases,start] GC(1474) Post Compact
[552.720s][info][gc,phases      ] GC(1474) Post Compact 1.688ms
[552.720s][info][gc,heap        ] GC(1474) PSYoungGen: 33771K(77312K)->33771K(77312K) Eden: 24575K(24576K)->24575K(24576K) From: 9195K(52736K)->9195K(52736K)
[552.720s][info][gc,heap        ] GC(1474) ParOldGen: 340872K(341504K)->340872K(341504K)
[552.720s][info][gc,metaspace   ] GC(1474) Metaspace: 6296K(6464K)->6296K(6464K) NonClass: 5763K(5824K)->5763K(5824K) Class: 532K(640K)->532K(640K)
[552.720s][info][gc             ] GC(1474) Pause Full (Ergonomics) 365M->365M(409M) 389.567ms
[552.720s][info][gc,cpu         ] GC(1474) User=0.39s Sys=0.00s Real=0.39s
[552.720s][info][gc,start       ] GC(1475) Pause Full (Ergonomics)
[552.720s][info][gc,phases,start] GC(1475) Marking Phase
[553.010s][info][gc,phases      ] GC(1475) Marking Phase 289.673ms
[553.010s][info][gc,phases,start] GC(1475) Summary Phase
[553.010s][info][gc,phases      ] GC(1475) Summary Phase 0.023ms
[553.010s][info][gc,phases,start] GC(1475) Adjust Roots
[553.010s][info][gc,phases      ] GC(1475) Adjust Roots 0.248ms
[553.010s][info][gc,phases,start] GC(1475) Compaction Phase
[553.108s][info][gc,phases      ] GC(1475) Compaction Phase 97.439ms
[553.108s][info][gc,phases,start] GC(1475) Post Compact
[553.110s][info][gc,phases      ] GC(1475) Post Compact 1.537ms
[553.110s][info][gc,heap        ] GC(1475) PSYoungGen: 33771K(77312K)->33771K(77312K) Eden: 24575K(24576K)->24575K(24576K) From: 9195K(52736K)->9195K(52736K)
[553.110s][info][gc,heap        ] GC(1475) ParOldGen: 340876K(341504K)->340876K(341504K)
[553.110s][info][gc,metaspace   ] GC(1475) Metaspace: 6296K(6464K)->6296K(6464K) NonClass: 5763K(5824K)->5763K(5824K) Class: 532K(640K)->532K(640K)
[553.110s][info][gc             ] GC(1475) Pause Full (Ergonomics) 365M->365M(409M) 389.299ms
[553.110s][info][gc,cpu         ] GC(1475) User=0.39s Sys=0.00s Real=0.39s
[553.110s][info][gc,start       ] GC(1476) Pause Full (Ergonomics)
[553.110s][info][gc,phases,start] GC(1476) Marking Phase
[553.399s][info][gc,phases      ] GC(1476) Marking Phase 288.444ms
[553.399s][info][gc,phases,start] GC(1476) Summary Phase
[553.399s][info][gc,phases      ] GC(1476) Summary Phase 0.035ms
[553.399s][info][gc,phases,start] GC(1476) Adjust Roots
[553.399s][info][gc,phases      ] GC(1476) Adjust Roots 0.258ms
[553.399s][info][gc,phases,start] GC(1476) Compaction Phase
[553.495s][info][gc,phases      ] GC(1476) Compaction Phase 95.890ms
[553.495s][info][gc,phases,start] GC(1476) Post Compact
[553.497s][info][gc,phases      ] GC(1476) Post Compact 1.562ms
[553.497s][info][gc,heap        ] GC(1476) PSYoungGen: 33771K(77312K)->33771K(77312K) Eden: 24575K(24576K)->24575K(24576K) From: 9195K(52736K)->9195K(52736K)
[553.497s][info][gc,heap        ] GC(1476) ParOldGen: 340881K(341504K)->340881K(341504K)
[553.497s][info][gc,metaspace   ] GC(1476) Metaspace: 6296K(6464K)->6296K(6464K) NonClass: 5763K(5824K)->5763K(5824K) Class: 532K(640K)->532K(640K)
[553.497s][info][gc             ] GC(1476) Pause Full (Ergonomics) 365M->365M(409M) 386.556ms
[553.497s][info][gc,cpu         ] GC(1476) User=0.36s Sys=0.00s Real=0.39s
[553.497s][info][gc,start       ] GC(1477) Pause Full (Ergonomics)
[553.497s][info][gc,phases,start] GC(1477) Marking Phase
[553.786s][info][gc,phases      ] GC(1477) Marking Phase 289.165ms
[553.786s][info][gc,phases,start] GC(1477) Summary Phase
[553.786s][info][gc,phases      ] GC(1477) Summary Phase 0.036ms
[553.786s][info][gc,phases,start] GC(1477) Adjust Roots
[553.787s][info][gc,phases      ] GC(1477) Adjust Roots 0.248ms
[553.787s][info][gc,phases,start] GC(1477) Compaction Phase
[553.886s][info][gc,phases      ] GC(1477) Compaction Phase 99.091ms
[553.886s][info][gc,phases,start] GC(1477) Post Compact
[553.887s][info][gc,phases      ] GC(1477) Post Compact 1.552ms
[553.887s][info][gc,heap        ] GC(1477) PSYoungGen: 33771K(77312K)->33771K(77312K) Eden: 24575K(24576K)->24575K(24576K) From: 9195K(52736K)->9195K(52736K)
[553.887s][info][gc,heap        ] GC(1477) ParOldGen: 340886K(341504K)->340886K(341504K)
[553.887s][info][gc,metaspace   ] GC(1477) Metaspace: 6296K(6464K)->6296K(6464K) NonClass: 5763K(5824K)->5763K(5824K) Class: 532K(640K)->532K(640K)
[553.888s][info][gc             ] GC(1477) Pause Full (Ergonomics) 365M->365M(409M) 390.517ms
[553.888s][info][gc,cpu         ] GC(1477) User=0.34s Sys=0.00s Real=0.39s
[553.888s][info][gc,start       ] GC(1478) Pause Full (Ergonomics)
[553.888s][info][gc,phases,start] GC(1478) Marking Phase
[554.177s][info][gc,phases      ] GC(1478) Marking Phase 289.369ms
[554.177s][info][gc,phases,start] GC(1478) Summary Phase
[554.177s][info][gc,phases      ] GC(1478) Summary Phase 0.035ms
[554.177s][info][gc,phases,start] GC(1478) Adjust Roots
[554.178s][info][gc,phases      ] GC(1478) Adjust Roots 0.265ms
[554.178s][info][gc,phases,start] GC(1478) Compaction Phase
[554.276s][info][gc,phases      ] GC(1478) Compaction Phase 98.823ms
[554.277s][info][gc,phases,start] GC(1478) Post Compact
[554.278s][info][gc,phases      ] GC(1478) Post Compact 1.540ms
[554.278s][info][gc,heap        ] GC(1478) PSYoungGen: 33771K(77312K)->33771K(77312K) Eden: 24575K(24576K)->24575K(24576K) From: 9195K(52736K)->9195K(52736K)
[554.278s][info][gc,heap        ] GC(1478) ParOldGen: 340890K(341504K)->340890K(341504K)
[554.278s][info][gc,metaspace   ] GC(1478) Metaspace: 6296K(6464K)->6296K(6464K) NonClass: 5763K(5824K)->5763K(5824K) Class: 532K(640K)->532K(640K)
[554.278s][info][gc             ] GC(1478) Pause Full (Ergonomics) 365M->365M(409M) 390.416ms
[554.278s][info][gc,cpu         ] GC(1478) User=0.36s Sys=0.00s Real=0.39s
[554.278s][info][gc,start       ] GC(1479) Pause Full (Ergonomics)
[554.279s][info][gc,phases,start] GC(1479) Marking Phase
[554.569s][info][gc,phases      ] GC(1479) Marking Phase 290.130ms
[554.569s][info][gc,phases,start] GC(1479) Summary Phase
[554.569s][info][gc,phases      ] GC(1479) Summary Phase 0.020ms
[554.569s][info][gc,phases,start] GC(1479) Adjust Roots
[554.569s][info][gc,phases      ] GC(1479) Adjust Roots 0.488ms
[554.569s][info][gc,phases,start] GC(1479) Compaction Phase
[554.668s][info][gc,phases      ] GC(1479) Compaction Phase 98.981ms
[554.668s][info][gc,phases,start] GC(1479) Post Compact
[554.670s][info][gc,phases      ] GC(1479) Post Compact 1.533ms
[554.670s][info][gc,heap        ] GC(1479) PSYoungGen: 33771K(77312K)->33771K(77312K) Eden: 24575K(24576K)->24575K(24576K) From: 9195K(52736K)->9195K(52736K)
[554.670s][info][gc,heap        ] GC(1479) ParOldGen: 340895K(341504K)->340895K(341504K)
[554.670s][info][gc,metaspace   ] GC(1479) Metaspace: 6296K(6464K)->6296K(6464K) NonClass: 5763K(5824K)->5763K(5824K) Class: 532K(640K)->532K(640K)
[554.670s][info][gc             ] GC(1479) Pause Full (Ergonomics) 365M->365M(409M) 391.499ms
[554.670s][info][gc,cpu         ] GC(1479) User=0.36s Sys=0.00s Real=0.39s
[554.670s][info][gc,start       ] GC(1480) Pause Full (Ergonomics)
[554.670s][info][gc,phases,start] GC(1480) Marking Phase
[554.956s][info][gc,phases      ] GC(1480) Marking Phase 285.292ms
[554.956s][info][gc,phases,start] GC(1480) Summary Phase
[554.956s][info][gc,phases      ] GC(1480) Summary Phase 0.022ms
[554.956s][info][gc,phases,start] GC(1480) Adjust Roots
[554.956s][info][gc,phases      ] GC(1480) Adjust Roots 0.188ms
[554.956s][info][gc,phases,start] GC(1480) Compaction Phase
[555.052s][info][gc,phases      ] GC(1480) Compaction Phase 96.422ms
[555.052s][info][gc,phases,start] GC(1480) Post Compact
[555.054s][info][gc,phases      ] GC(1480) Post Compact 1.607ms
[555.054s][info][gc,heap        ] GC(1480) PSYoungGen: 33771K(77312K)->33771K(77312K) Eden: 24575K(24576K)->24575K(24576K) From: 9195K(52736K)->9195K(52736K)
[555.054s][info][gc,heap        ] GC(1480) ParOldGen: 340900K(341504K)->340900K(341504K)
[555.054s][info][gc,metaspace   ] GC(1480) Metaspace: 6296K(6464K)->6296K(6464K) NonClass: 5763K(5824K)->5763K(5824K) Class: 532K(640K)->532K(640K)
[555.054s][info][gc             ] GC(1480) Pause Full (Ergonomics) 365M->365M(409M) 383.886ms
[555.054s][info][gc,cpu         ] GC(1480) User=0.36s Sys=0.00s Real=0.38s
[555.055s][info][gc,start       ] GC(1481) Pause Full (Ergonomics)
[555.055s][info][gc,phases,start] GC(1481) Marking Phase
[555.343s][info][gc,phases      ] GC(1481) Marking Phase 288.499ms
[555.343s][info][gc,phases,start] GC(1481) Summary Phase
[555.343s][info][gc,phases      ] GC(1481) Summary Phase 0.036ms
[555.343s][info][gc,phases,start] GC(1481) Adjust Roots
[555.343s][info][gc,phases      ] GC(1481) Adjust Roots 0.274ms
[555.343s][info][gc,phases,start] GC(1481) Compaction Phase
[555.442s][info][gc,phases      ] GC(1481) Compaction Phase 98.820ms
[555.442s][info][gc,phases,start] GC(1481) Post Compact
[555.444s][info][gc,phases      ] GC(1481) Post Compact 1.524ms
[555.444s][info][gc,heap        ] GC(1481) PSYoungGen: 33771K(77312K)->33771K(77312K) Eden: 24575K(24576K)->24575K(24576K) From: 9195K(52736K)->9195K(52736K)
[555.444s][info][gc,heap        ] GC(1481) ParOldGen: 340904K(341504K)->340904K(341504K)
[555.444s][info][gc,metaspace   ] GC(1481) Metaspace: 6296K(6464K)->6296K(6464K) NonClass: 5763K(5824K)->5763K(5824K) Class: 532K(640K)->532K(640K)
[555.444s][info][gc             ] GC(1481) Pause Full (Ergonomics) 365M->365M(409M) 389.534ms
[555.444s][info][gc,cpu         ] GC(1481) User=0.34s Sys=0.00s Real=0.39s
[555.444s][info][gc,start       ] GC(1482) Pause Full (Ergonomics)
[555.444s][info][gc,phases,start] GC(1482) Marking Phase
[555.731s][info][gc,phases      ] GC(1482) Marking Phase 286.229ms
[555.731s][info][gc,phases,start] GC(1482) Summary Phase
[555.731s][info][gc,phases      ] GC(1482) Summary Phase 0.023ms
[555.731s][info][gc,phases,start] GC(1482) Adjust Roots
[555.731s][info][gc,phases      ] GC(1482) Adjust Roots 0.222ms
[555.731s][info][gc,phases,start] GC(1482) Compaction Phase
[555.829s][info][gc,phases      ] GC(1482) Compaction Phase 97.862ms
[555.829s][info][gc,phases,start] GC(1482) Post Compact
[555.830s][info][gc,phases      ] GC(1482) Post Compact 1.552ms
[555.831s][info][gc,heap        ] GC(1482) PSYoungGen: 33771K(77312K)->33771K(77312K) Eden: 24575K(24576K)->24575K(24576K) From: 9195K(52736K)->9195K(52736K)
[555.831s][info][gc,heap        ] GC(1482) ParOldGen: 340909K(341504K)->340909K(341504K)
[555.831s][info][gc,metaspace   ] GC(1482) Metaspace: 6296K(6464K)->6296K(6464K) NonClass: 5763K(5824K)->5763K(5824K) Class: 532K(640K)->532K(640K)
[555.831s][info][gc             ] GC(1482) Pause Full (Ergonomics) 365M->365M(409M) 386.239ms
[555.831s][info][gc,cpu         ] GC(1482) User=0.34s Sys=0.00s Real=0.39s
[555.831s][info][gc,start       ] GC(1483) Pause Full (Ergonomics)
[555.831s][info][gc,phases,start] GC(1483) Marking Phase
[556.116s][info][gc,phases      ] GC(1483) Marking Phase 284.807ms
[556.116s][info][gc,phases,start] GC(1483) Summary Phase
[556.116s][info][gc,phases      ] GC(1483) Summary Phase 0.035ms
[556.116s][info][gc,phases,start] GC(1483) Adjust Roots
[556.116s][info][gc,phases      ] GC(1483) Adjust Roots 0.268ms
[556.116s][info][gc,phases,start] GC(1483) Compaction Phase
[556.214s][info][gc,phases      ] GC(1483) Compaction Phase 97.409ms
[556.214s][info][gc,phases,start] GC(1483) Post Compact
[556.215s][info][gc,phases      ] GC(1483) Post Compact 1.528ms
[556.215s][info][gc,heap        ] GC(1483) PSYoungGen: 33771K(77312K)->33771K(77312K) Eden: 24575K(24576K)->24575K(24576K) From: 9195K(52736K)->9195K(52736K)
[556.215s][info][gc,heap        ] GC(1483) ParOldGen: 340914K(341504K)->340914K(341504K)
[556.215s][info][gc,metaspace   ] GC(1483) Metaspace: 6296K(6464K)->6296K(6464K) NonClass: 5763K(5824K)->5763K(5824K) Class: 532K(640K)->532K(640K)
[556.215s][info][gc             ] GC(1483) Pause Full (Ergonomics) 365M->365M(409M) 384.452ms
[556.215s][info][gc,cpu         ] GC(1483) User=0.36s Sys=0.00s Real=0.38s
[556.216s][info][gc,start       ] GC(1484) Pause Full (Ergonomics)
[556.216s][info][gc,phases,start] GC(1484) Marking Phase
[556.506s][info][gc,phases      ] GC(1484) Marking Phase 290.611ms
[556.506s][info][gc,phases,start] GC(1484) Summary Phase
[556.506s][info][gc,phases      ] GC(1484) Summary Phase 0.036ms
[556.506s][info][gc,phases,start] GC(1484) Adjust Roots
[556.507s][info][gc,phases      ] GC(1484) Adjust Roots 0.292ms
[556.507s][info][gc,phases,start] GC(1484) Compaction Phase
[556.607s][info][gc,phases      ] GC(1484) Compaction Phase 100.563ms
[556.607s][info][gc,phases,start] GC(1484) Post Compact
[556.609s][info][gc,phases      ] GC(1484) Post Compact 1.537ms
[556.609s][info][gc,heap        ] GC(1484) PSYoungGen: 33771K(77312K)->33771K(77312K) Eden: 24575K(24576K)->24575K(24576K) From: 9195K(52736K)->9195K(52736K)
[556.609s][info][gc,heap        ] GC(1484) ParOldGen: 340918K(341504K)->340918K(341504K)
[556.609s][info][gc,metaspace   ] GC(1484) Metaspace: 6296K(6464K)->6296K(6464K) NonClass: 5763K(5824K)->5763K(5824K) Class: 532K(640K)->532K(640K)
[556.609s][info][gc             ] GC(1484) Pause Full (Ergonomics) 365M->365M(409M) 393.438ms
[556.609s][info][gc,cpu         ] GC(1484) User=0.36s Sys=0.00s Real=0.39s
[556.609s][info][gc,start       ] GC(1485) Pause Full (Ergonomics)
[556.609s][info][gc,phases,start] GC(1485) Marking Phase
[556.897s][info][gc,phases      ] GC(1485) Marking Phase 287.684ms
[556.897s][info][gc,phases,start] GC(1485) Summary Phase
[556.897s][info][gc,phases      ] GC(1485) Summary Phase 0.023ms
[556.897s][info][gc,phases,start] GC(1485) Adjust Roots
[556.897s][info][gc,phases      ] GC(1485) Adjust Roots 0.243ms
[556.897s][info][gc,phases,start] GC(1485) Compaction Phase
[556.995s][info][gc,phases      ] GC(1485) Compaction Phase 97.149ms
[556.995s][info][gc,phases,start] GC(1485) Post Compact
[556.996s][info][gc,phases      ] GC(1485) Post Compact 1.538ms
[556.996s][info][gc,heap        ] GC(1485) PSYoungGen: 33771K(77312K)->33771K(77312K) Eden: 24575K(24576K)->24575K(24576K) From: 9195K(52736K)->9195K(52736K)
[556.996s][info][gc,heap        ] GC(1485) ParOldGen: 340923K(341504K)->340923K(341504K)
[556.996s][info][gc,metaspace   ] GC(1485) Metaspace: 6296K(6464K)->6296K(6464K) NonClass: 5763K(5824K)->5763K(5824K) Class: 532K(640K)->532K(640K)
[556.996s][info][gc             ] GC(1485) Pause Full (Ergonomics) 365M->365M(409M) 386.985ms
[556.996s][info][gc,cpu         ] GC(1485) User=0.38s Sys=0.00s Real=0.39s
[556.997s][info][gc,start       ] GC(1486) Pause Full (Ergonomics)
[556.997s][info][gc,phases,start] GC(1486) Marking Phase
[557.285s][info][gc,phases      ] GC(1486) Marking Phase 288.614ms
[557.285s][info][gc,phases,start] GC(1486) Summary Phase
[557.286s][info][gc,phases      ] GC(1486) Summary Phase 0.035ms
[557.286s][info][gc,phases,start] GC(1486) Adjust Roots
[557.286s][info][gc,phases      ] GC(1486) Adjust Roots 0.249ms
[557.286s][info][gc,phases,start] GC(1486) Compaction Phase
[557.389s][info][gc,phases      ] GC(1486) Compaction Phase 103.552ms
[557.389s][info][gc,phases,start] GC(1486) Post Compact
[557.391s][info][gc,phases      ] GC(1486) Post Compact 1.537ms
[557.391s][info][gc,heap        ] GC(1486) PSYoungGen: 33771K(77312K)->33771K(77312K) Eden: 24575K(24576K)->24575K(24576K) From: 9195K(52736K)->9195K(52736K)
[557.391s][info][gc,heap        ] GC(1486) ParOldGen: 340928K(341504K)->340928K(341504K)
[557.391s][info][gc,metaspace   ] GC(1486) Metaspace: 6296K(6464K)->6296K(6464K) NonClass: 5763K(5824K)->5763K(5824K) Class: 532K(640K)->532K(640K)
[557.391s][info][gc             ] GC(1486) Pause Full (Ergonomics) 365M->365M(409M) 394.387ms
[557.391s][info][gc,cpu         ] GC(1486) User=0.36s Sys=0.00s Real=0.39s
[557.391s][info][gc,start       ] GC(1487) Pause Full (Ergonomics)
[557.391s][info][gc,phases,start] GC(1487) Marking Phase
[557.682s][info][gc,phases      ] GC(1487) Marking Phase 290.466ms
[557.682s][info][gc,phases,start] GC(1487) Summary Phase
[557.682s][info][gc,phases      ] GC(1487) Summary Phase 0.035ms
[557.682s][info][gc,phases,start] GC(1487) Adjust Roots
[557.682s][info][gc,phases      ] GC(1487) Adjust Roots 0.441ms
[557.683s][info][gc,phases,start] GC(1487) Compaction Phase
[557.783s][info][gc,phases      ] GC(1487) Compaction Phase 100.113ms
[557.783s][info][gc,phases,start] GC(1487) Post Compact
[557.784s][info][gc,phases      ] GC(1487) Post Compact 1.591ms
[557.784s][info][gc,heap        ] GC(1487) PSYoungGen: 33771K(77312K)->33771K(77312K) Eden: 24575K(24576K)->24575K(24576K) From: 9195K(52736K)->9195K(52736K)
[557.784s][info][gc,heap        ] GC(1487) ParOldGen: 340932K(341504K)->340932K(341504K)
[557.784s][info][gc,metaspace   ] GC(1487) Metaspace: 6296K(6464K)->6296K(6464K) NonClass: 5763K(5824K)->5763K(5824K) Class: 532K(640K)->532K(640K)
[557.784s][info][gc             ] GC(1487) Pause Full (Ergonomics) 365M->365M(409M) 393.029ms
[557.784s][info][gc,cpu         ] GC(1487) User=0.38s Sys=0.00s Real=0.39s
[557.785s][info][gc,start       ] GC(1488) Pause Full (Ergonomics)
[557.785s][info][gc,phases,start] GC(1488) Marking Phase
[558.073s][info][gc,phases      ] GC(1488) Marking Phase 288.462ms
[558.073s][info][gc,phases,start] GC(1488) Summary Phase
[558.074s][info][gc,phases      ] GC(1488) Summary Phase 0.023ms
[558.074s][info][gc,phases,start] GC(1488) Adjust Roots
[558.074s][info][gc,phases      ] GC(1488) Adjust Roots 0.325ms
[558.074s][info][gc,phases,start] GC(1488) Compaction Phase
[558.172s][info][gc,phases      ] GC(1488) Compaction Phase 98.339ms
[558.172s][info][gc,phases,start] GC(1488) Post Compact
[558.174s][info][gc,phases      ] GC(1488) Post Compact 1.539ms
[558.174s][info][gc,heap        ] GC(1488) PSYoungGen: 33771K(77312K)->33771K(77312K) Eden: 24575K(24576K)->24575K(24576K) From: 9195K(52736K)->9195K(52736K)
[558.174s][info][gc,heap        ] GC(1488) ParOldGen: 340937K(341504K)->340937K(341504K)
[558.174s][info][gc,metaspace   ] GC(1488) Metaspace: 6296K(6464K)->6296K(6464K) NonClass: 5763K(5824K)->5763K(5824K) Class: 532K(640K)->532K(640K)
[558.174s][info][gc             ] GC(1488) Pause Full (Ergonomics) 365M->365M(409M) 389.094ms
[558.174s][info][gc,cpu         ] GC(1488) User=0.39s Sys=0.00s Real=0.39s
[558.174s][info][gc,start       ] GC(1489) Pause Full (Ergonomics)
[558.174s][info][gc,phases,start] GC(1489) Marking Phase
[558.464s][info][gc,phases      ] GC(1489) Marking Phase 290.142ms
[558.465s][info][gc,phases,start] GC(1489) Summary Phase
[558.465s][info][gc,phases      ] GC(1489) Summary Phase 0.023ms
[558.465s][info][gc,phases,start] GC(1489) Adjust Roots
[558.465s][info][gc,phases      ] GC(1489) Adjust Roots 0.209ms
[558.465s][info][gc,phases,start] GC(1489) Compaction Phase
[558.563s][info][gc,phases      ] GC(1489) Compaction Phase 98.394ms
[558.563s][info][gc,phases,start] GC(1489) Post Compact
[558.565s][info][gc,phases      ] GC(1489) Post Compact 1.600ms
[558.565s][info][gc,heap        ] GC(1489) PSYoungGen: 33771K(77312K)->33771K(77312K) Eden: 24575K(24576K)->24575K(24576K) From: 9195K(52736K)->9195K(52736K)
[558.565s][info][gc,heap        ] GC(1489) ParOldGen: 340942K(341504K)->340942K(341504K)
[558.565s][info][gc,metaspace   ] GC(1489) Metaspace: 6296K(6464K)->6296K(6464K) NonClass: 5763K(5824K)->5763K(5824K) Class: 532K(640K)->532K(640K)
[558.565s][info][gc             ] GC(1489) Pause Full (Ergonomics) 365M->365M(409M) 390.720ms
[558.565s][info][gc,cpu         ] GC(1489) User=0.38s Sys=0.02s Real=0.39s
[558.566s][info][gc,start       ] GC(1490) Pause Full (Ergonomics)
[558.566s][info][gc,phases,start] GC(1490) Marking Phase
[558.857s][info][gc,phases      ] GC(1490) Marking Phase 291.301ms
[558.857s][info][gc,phases,start] GC(1490) Summary Phase
[558.857s][info][gc,phases      ] GC(1490) Summary Phase 0.036ms
[558.857s][info][gc,phases,start] GC(1490) Adjust Roots
[558.857s][info][gc,phases      ] GC(1490) Adjust Roots 0.268ms
[558.857s][info][gc,phases,start] GC(1490) Compaction Phase
[558.955s][info][gc,phases      ] GC(1490) Compaction Phase 98.057ms
[558.955s][info][gc,phases,start] GC(1490) Post Compact
[558.957s][info][gc,phases      ] GC(1490) Post Compact 1.573ms
[558.957s][info][gc,heap        ] GC(1490) PSYoungGen: 33771K(77312K)->33771K(77312K) Eden: 24575K(24576K)->24575K(24576K) From: 9195K(52736K)->9195K(52736K)
[558.957s][info][gc,heap        ] GC(1490) ParOldGen: 340946K(341504K)->340946K(341504K)
[558.957s][info][gc,metaspace   ] GC(1490) Metaspace: 6296K(6464K)->6296K(6464K) NonClass: 5763K(5824K)->5763K(5824K) Class: 532K(640K)->532K(640K)
[558.957s][info][gc             ] GC(1490) Pause Full (Ergonomics) 365M->365M(409M) 391.724ms
[558.957s][info][gc,cpu         ] GC(1490) User=0.38s Sys=0.00s Real=0.39s
[558.958s][info][gc,start       ] GC(1491) Pause Full (Ergonomics)
[558.958s][info][gc,phases,start] GC(1491) Marking Phase
[559.248s][info][gc,phases      ] GC(1491) Marking Phase 290.493ms
[559.248s][info][gc,phases,start] GC(1491) Summary Phase
[559.248s][info][gc,phases      ] GC(1491) Summary Phase 0.035ms
[559.248s][info][gc,phases,start] GC(1491) Adjust Roots
[559.248s][info][gc,phases      ] GC(1491) Adjust Roots 0.280ms
[559.249s][info][gc,phases,start] GC(1491) Compaction Phase
[559.348s][info][gc,phases      ] GC(1491) Compaction Phase 99.040ms
[559.348s][info][gc,phases,start] GC(1491) Post Compact
[559.349s][info][gc,phases      ] GC(1491) Post Compact 1.525ms
[559.349s][info][gc,heap        ] GC(1491) PSYoungGen: 33771K(77312K)->33771K(77312K) Eden: 24575K(24576K)->24575K(24576K) From: 9195K(52736K)->9195K(52736K)
[559.349s][info][gc,heap        ] GC(1491) ParOldGen: 340951K(341504K)->340951K(341504K)
[559.349s][info][gc,metaspace   ] GC(1491) Metaspace: 6296K(6464K)->6296K(6464K) NonClass: 5763K(5824K)->5763K(5824K) Class: 532K(640K)->532K(640K)
[559.349s][info][gc             ] GC(1491) Pause Full (Ergonomics) 365M->365M(409M) 391.782ms
[559.349s][info][gc,cpu         ] GC(1491) User=0.38s Sys=0.00s Real=0.39s
[559.350s][info][gc,start       ] GC(1492) Pause Full (Ergonomics)
[559.350s][info][gc,phases,start] GC(1492) Marking Phase
[559.642s][info][gc,phases      ] GC(1492) Marking Phase 291.993ms
[559.642s][info][gc,phases,start] GC(1492) Summary Phase
[559.642s][info][gc,phases      ] GC(1492) Summary Phase 0.035ms
[559.642s][info][gc,phases,start] GC(1492) Adjust Roots
[559.642s][info][gc,phases      ] GC(1492) Adjust Roots 0.231ms
[559.642s][info][gc,phases,start] GC(1492) Compaction Phase
[559.741s][info][gc,phases      ] GC(1492) Compaction Phase 98.804ms
[559.741s][info][gc,phases,start] GC(1492) Post Compact
[559.742s][info][gc,phases      ] GC(1492) Post Compact 1.555ms
[559.743s][info][gc,heap        ] GC(1492) PSYoungGen: 33771K(77312K)->33771K(77312K) Eden: 24575K(24576K)->24575K(24576K) From: 9195K(52736K)->9195K(52736K)
[559.743s][info][gc,heap        ] GC(1492) ParOldGen: 340956K(341504K)->340956K(341504K)
[559.743s][info][gc,metaspace   ] GC(1492) Metaspace: 6296K(6464K)->6296K(6464K) NonClass: 5763K(5824K)->5763K(5824K) Class: 532K(640K)->532K(640K)
[559.743s][info][gc             ] GC(1492) Pause Full (Ergonomics) 365M->365M(409M) 393.014ms
[559.743s][info][gc,cpu         ] GC(1492) User=0.36s Sys=0.00s Real=0.39s
[559.743s][info][gc,start       ] GC(1493) Pause Full (Ergonomics)
[559.743s][info][gc,phases,start] GC(1493) Marking Phase
[560.033s][info][gc,phases      ] GC(1493) Marking Phase 289.533ms
[560.033s][info][gc,phases,start] GC(1493) Summary Phase
[560.033s][info][gc,phases      ] GC(1493) Summary Phase 0.019ms
[560.033s][info][gc,phases,start] GC(1493) Adjust Roots
[560.033s][info][gc,phases      ] GC(1493) Adjust Roots 0.297ms
[560.033s][info][gc,phases,start] GC(1493) Compaction Phase
[560.131s][info][gc,phases      ] GC(1493) Compaction Phase 98.356ms
[560.131s][info][gc,phases,start] GC(1493) Post Compact
[560.133s][info][gc,phases      ] GC(1493) Post Compact 1.556ms
[560.133s][info][gc,heap        ] GC(1493) PSYoungGen: 33771K(77312K)->33771K(77312K) Eden: 24575K(24576K)->24575K(24576K) From: 9195K(52736K)->9195K(52736K)
[560.133s][info][gc,heap        ] GC(1493) ParOldGen: 340960K(341504K)->340960K(341504K)
[560.133s][info][gc,metaspace   ] GC(1493) Metaspace: 6296K(6464K)->6296K(6464K) NonClass: 5763K(5824K)->5763K(5824K) Class: 532K(640K)->532K(640K)
[560.133s][info][gc             ] GC(1493) Pause Full (Ergonomics) 365M->365M(409M) 390.084ms
[560.133s][info][gc,cpu         ] GC(1493) User=0.36s Sys=0.00s Real=0.39s
[560.133s][info][gc,start       ] GC(1494) Pause Full (Ergonomics)
[560.133s][info][gc,phases,start] GC(1494) Marking Phase
[560.419s][info][gc,phases      ] GC(1494) Marking Phase 285.612ms
[560.419s][info][gc,phases,start] GC(1494) Summary Phase
[560.419s][info][gc,phases      ] GC(1494) Summary Phase 0.023ms
[560.419s][info][gc,phases,start] GC(1494) Adjust Roots
[560.419s][info][gc,phases      ] GC(1494) Adjust Roots 0.229ms
[560.419s][info][gc,phases,start] GC(1494) Compaction Phase
[560.519s][info][gc,phases      ] GC(1494) Compaction Phase 99.285ms
[560.519s][info][gc,phases,start] GC(1494) Post Compact
[560.520s][info][gc,phases      ] GC(1494) Post Compact 1.545ms
[560.520s][info][gc,heap        ] GC(1494) PSYoungGen: 33771K(77312K)->33771K(77312K) Eden: 24575K(24576K)->24575K(24576K) From: 9195K(52736K)->9195K(52736K)
[560.520s][info][gc,heap        ] GC(1494) ParOldGen: 340965K(341504K)->340965K(341504K)
[560.520s][info][gc,metaspace   ] GC(1494) Metaspace: 6296K(6464K)->6296K(6464K) NonClass: 5763K(5824K)->5763K(5824K) Class: 532K(640K)->532K(640K)
[560.520s][info][gc             ] GC(1494) Pause Full (Ergonomics) 365M->365M(409M) 387.054ms
[560.521s][info][gc,cpu         ] GC(1494) User=0.34s Sys=0.00s Real=0.39s
[560.521s][info][gc,start       ] GC(1495) Pause Full (Ergonomics)
[560.521s][info][gc,phases,start] GC(1495) Marking Phase
[560.805s][info][gc,phases      ] GC(1495) Marking Phase 284.336ms
[560.805s][info][gc,phases,start] GC(1495) Summary Phase
[560.805s][info][gc,phases      ] GC(1495) Summary Phase 0.023ms
[560.805s][info][gc,phases,start] GC(1495) Adjust Roots
[560.805s][info][gc,phases      ] GC(1495) Adjust Roots 0.196ms
[560.805s][info][gc,phases,start] GC(1495) Compaction Phase
[560.902s][info][gc,phases      ] GC(1495) Compaction Phase 96.918ms
[560.902s][info][gc,phases,start] GC(1495) Post Compact
[560.904s][info][gc,phases      ] GC(1495) Post Compact 1.582ms
[560.904s][info][gc,heap        ] GC(1495) PSYoungGen: 33771K(77312K)->33771K(77312K) Eden: 24575K(24576K)->24575K(24576K) From: 9195K(52736K)->9195K(52736K)
[560.904s][info][gc,heap        ] GC(1495) ParOldGen: 340970K(341504K)->340970K(341504K)
[560.904s][info][gc,metaspace   ] GC(1495) Metaspace: 6296K(6464K)->6296K(6464K) NonClass: 5763K(5824K)->5763K(5824K) Class: 532K(640K)->532K(640K)
[560.904s][info][gc             ] GC(1495) Pause Full (Ergonomics) 365M->365M(409M) 383.427ms
[560.904s][info][gc,cpu         ] GC(1495) User=0.34s Sys=0.00s Real=0.38s
[560.905s][info][gc,start       ] GC(1496) Pause Full (Ergonomics)
[560.905s][info][gc,phases,start] GC(1496) Marking Phase
[561.195s][info][gc,phases      ] GC(1496) Marking Phase 290.564ms
[561.195s][info][gc,phases,start] GC(1496) Summary Phase
[561.195s][info][gc,phases      ] GC(1496) Summary Phase 0.024ms
[561.195s][info][gc,phases,start] GC(1496) Adjust Roots
[561.195s][info][gc,phases      ] GC(1496) Adjust Roots 0.254ms
[561.195s][info][gc,phases,start] GC(1496) Compaction Phase
[561.294s][info][gc,phases      ] GC(1496) Compaction Phase 98.289ms
[561.294s][info][gc,phases,start] GC(1496) Post Compact
[561.295s][info][gc,phases      ] GC(1496) Post Compact 1.549ms
[561.295s][info][gc,heap        ] GC(1496) PSYoungGen: 33771K(77312K)->33771K(77312K) Eden: 24575K(24576K)->24575K(24576K) From: 9195K(52736K)->9195K(52736K)
[561.296s][info][gc,heap        ] GC(1496) ParOldGen: 340974K(341504K)->340974K(341504K)
[561.296s][info][gc,metaspace   ] GC(1496) Metaspace: 6296K(6464K)->6296K(6464K) NonClass: 5763K(5824K)->5763K(5824K) Class: 532K(640K)->532K(640K)
[561.296s][info][gc             ] GC(1496) Pause Full (Ergonomics) 365M->365M(409M) 391.027ms
[561.296s][info][gc,cpu         ] GC(1496) User=0.36s Sys=0.00s Real=0.39s
[561.296s][info][gc,start       ] GC(1497) Pause Full (Ergonomics)
[561.296s][info][gc,phases,start] GC(1497) Marking Phase
[561.583s][info][gc,phases      ] GC(1497) Marking Phase 286.660ms
[561.583s][info][gc,phases,start] GC(1497) Summary Phase
[561.583s][info][gc,phases      ] GC(1497) Summary Phase 0.023ms
[561.583s][info][gc,phases,start] GC(1497) Adjust Roots
[561.583s][info][gc,phases      ] GC(1497) Adjust Roots 0.266ms
[561.583s][info][gc,phases,start] GC(1497) Compaction Phase
[561.679s][info][gc,phases      ] GC(1497) Compaction Phase 96.442ms
[561.679s][info][gc,phases,start] GC(1497) Post Compact
[561.681s][info][gc,phases      ] GC(1497) Post Compact 1.550ms
[561.681s][info][gc,heap        ] GC(1497) PSYoungGen: 33771K(77312K)->33771K(77312K) Eden: 24575K(24576K)->24575K(24576K) From: 9195K(52736K)->9195K(52736K)
[561.681s][info][gc,heap        ] GC(1497) ParOldGen: 340979K(341504K)->340979K(341504K)
[561.681s][info][gc,metaspace   ] GC(1497) Metaspace: 6296K(6464K)->6296K(6464K) NonClass: 5763K(5824K)->5763K(5824K) Class: 532K(640K)->532K(640K)
[561.681s][info][gc             ] GC(1497) Pause Full (Ergonomics) 365M->365M(409M) 385.311ms
[561.681s][info][gc,cpu         ] GC(1497) User=0.38s Sys=0.00s Real=0.38s
[561.681s][info][gc,start       ] GC(1498) Pause Full (Ergonomics)
[561.681s][info][gc,phases,start] GC(1498) Marking Phase
[561.971s][info][gc,phases      ] GC(1498) Marking Phase 289.202ms
[561.971s][info][gc,phases,start] GC(1498) Summary Phase
[561.971s][info][gc,phases      ] GC(1498) Summary Phase 0.035ms
[561.971s][info][gc,phases,start] GC(1498) Adjust Roots
[561.971s][info][gc,phases      ] GC(1498) Adjust Roots 0.246ms
[561.971s][info][gc,phases,start] GC(1498) Compaction Phase
[562.069s][info][gc,phases      ] GC(1498) Compaction Phase 97.845ms
[562.069s][info][gc,phases,start] GC(1498) Post Compact
[562.071s][info][gc,phases      ] GC(1498) Post Compact 1.520ms
[562.071s][info][gc,heap        ] GC(1498) PSYoungGen: 33771K(77312K)->33771K(77312K) Eden: 24575K(24576K)->24575K(24576K) From: 9195K(52736K)->9195K(52736K)
[562.071s][info][gc,heap        ] GC(1498) ParOldGen: 340984K(341504K)->340984K(341504K)
[562.071s][info][gc,metaspace   ] GC(1498) Metaspace: 6296K(6464K)->6296K(6464K) NonClass: 5763K(5824K)->5763K(5824K) Class: 532K(640K)->532K(640K)
[562.071s][info][gc             ] GC(1498) Pause Full (Ergonomics) 365M->365M(409M) 389.300ms
[562.071s][info][gc,cpu         ] GC(1498) User=0.33s Sys=0.00s Real=0.39s
[562.071s][info][gc,start       ] GC(1499) Pause Full (Ergonomics)
[562.071s][info][gc,phases,start] GC(1499) Marking Phase
[562.356s][info][gc,phases      ] GC(1499) Marking Phase 284.807ms
[562.356s][info][gc,phases,start] GC(1499) Summary Phase
[562.356s][info][gc,phases      ] GC(1499) Summary Phase 0.035ms
[562.356s][info][gc,phases,start] GC(1499) Adjust Roots
[562.356s][info][gc,phases      ] GC(1499) Adjust Roots 0.260ms
[562.356s][info][gc,phases,start] GC(1499) Compaction Phase
[562.452s][info][gc,phases      ] GC(1499) Compaction Phase 95.527ms
[562.452s][info][gc,phases,start] GC(1499) Post Compact
[562.453s][info][gc,phases      ] GC(1499) Post Compact 1.522ms
[562.454s][info][gc,heap        ] GC(1499) PSYoungGen: 33771K(77312K)->33771K(77312K) Eden: 24575K(24576K)->24575K(24576K) From: 9195K(52736K)->9195K(52736K)
[562.454s][info][gc,heap        ] GC(1499) ParOldGen: 340988K(341504K)->340988K(341504K)
[562.454s][info][gc,metaspace   ] GC(1499) Metaspace: 6296K(6464K)->6296K(6464K) NonClass: 5763K(5824K)->5763K(5824K) Class: 532K(640K)->532K(640K)
[562.454s][info][gc             ] GC(1499) Pause Full (Ergonomics) 365M->365M(409M) 382.520ms
[562.454s][info][gc,cpu         ] GC(1499) User=0.34s Sys=0.00s Real=0.38s
[562.454s][info][gc,start       ] GC(1500) Pause Full (Ergonomics)
[562.454s][info][gc,phases,start] GC(1500) Marking Phase
[562.745s][info][gc,phases      ] GC(1500) Marking Phase 290.848ms
[562.745s][info][gc,phases,start] GC(1500) Summary Phase
[562.745s][info][gc,phases      ] GC(1500) Summary Phase 0.035ms
[562.745s][info][gc,phases,start] GC(1500) Adjust Roots
[562.745s][info][gc,phases      ] GC(1500) Adjust Roots 0.258ms
[562.745s][info][gc,phases,start] GC(1500) Compaction Phase
[562.844s][info][gc,phases      ] GC(1500) Compaction Phase 99.028ms
[562.844s][info][gc,phases,start] GC(1500) Post Compact
[562.846s][info][gc,phases      ] GC(1500) Post Compact 1.557ms
[562.846s][info][gc,heap        ] GC(1500) PSYoungGen: 33771K(77312K)->33771K(77312K) Eden: 24575K(24576K)->24575K(24576K) From: 9195K(52736K)->9195K(52736K)
[562.846s][info][gc,heap        ] GC(1500) ParOldGen: 340993K(341504K)->340993K(341504K)
[562.846s][info][gc,metaspace   ] GC(1500) Metaspace: 6296K(6464K)->6296K(6464K) NonClass: 5763K(5824K)->5763K(5824K) Class: 532K(640K)->532K(640K)
[562.846s][info][gc             ] GC(1500) Pause Full (Ergonomics) 365M->365M(409M) 392.121ms
[562.846s][info][gc,cpu         ] GC(1500) User=0.34s Sys=0.00s Real=0.39s
[562.846s][info][gc,start       ] GC(1501) Pause Full (Ergonomics)
[562.846s][info][gc,phases,start] GC(1501) Marking Phase
[563.131s][info][gc,phases      ] GC(1501) Marking Phase 285.079ms
[563.131s][info][gc,phases,start] GC(1501) Summary Phase
[563.131s][info][gc,phases      ] GC(1501) Summary Phase 0.035ms
[563.132s][info][gc,phases,start] GC(1501) Adjust Roots
[563.132s][info][gc,phases      ] GC(1501) Adjust Roots 0.235ms
[563.132s][info][gc,phases,start] GC(1501) Compaction Phase
[563.229s][info][gc,phases      ] GC(1501) Compaction Phase 96.926ms
[563.229s][info][gc,phases,start] GC(1501) Post Compact
[563.230s][info][gc,phases      ] GC(1501) Post Compact 1.679ms
[563.231s][info][gc,heap        ] GC(1501) PSYoungGen: 33771K(77312K)->33771K(77312K) Eden: 24575K(24576K)->24575K(24576K) From: 9195K(52736K)->9195K(52736K)
[563.231s][info][gc,heap        ] GC(1501) ParOldGen: 340998K(341504K)->340998K(341504K)
[563.231s][info][gc,metaspace   ] GC(1501) Metaspace: 6296K(6464K)->6296K(6464K) NonClass: 5763K(5824K)->5763K(5824K) Class: 532K(640K)->532K(640K)
[563.231s][info][gc             ] GC(1501) Pause Full (Ergonomics) 365M->365M(409M) 384.370ms
[563.231s][info][gc,cpu         ] GC(1501) User=0.36s Sys=0.00s Real=0.38s
[563.231s][info][gc,start       ] GC(1502) Pause Full (Ergonomics)
[563.231s][info][gc,phases,start] GC(1502) Marking Phase
[563.519s][info][gc,phases      ] GC(1502) Marking Phase 288.473ms
[563.519s][info][gc,phases,start] GC(1502) Summary Phase
[563.519s][info][gc,phases      ] GC(1502) Summary Phase 0.023ms
[563.519s][info][gc,phases,start] GC(1502) Adjust Roots
[563.520s][info][gc,phases      ] GC(1502) Adjust Roots 0.218ms
[563.520s][info][gc,phases,start] GC(1502) Compaction Phase
[563.618s][info][gc,phases      ] GC(1502) Compaction Phase 98.328ms
[563.618s][info][gc,phases,start] GC(1502) Post Compact
[563.620s][info][gc,phases      ] GC(1502) Post Compact 1.566ms
[563.620s][info][gc,heap        ] GC(1502) PSYoungGen: 33771K(77312K)->33771K(77312K) Eden: 24575K(24576K)->24575K(24576K) From: 9195K(52736K)->9195K(52736K)
[563.620s][info][gc,heap        ] GC(1502) ParOldGen: 341002K(341504K)->341002K(341504K)
[563.620s][info][gc,metaspace   ] GC(1502) Metaspace: 6296K(6464K)->6296K(6464K) NonClass: 5763K(5824K)->5763K(5824K) Class: 532K(640K)->532K(640K)
[563.620s][info][gc             ] GC(1502) Pause Full (Ergonomics) 365M->365M(409M) 388.959ms
[563.620s][info][gc,cpu         ] GC(1502) User=0.36s Sys=0.00s Real=0.39s
[563.620s][info][gc,start       ] GC(1503) Pause Full (Ergonomics)
[563.620s][info][gc,phases,start] GC(1503) Marking Phase
[563.905s][info][gc,phases      ] GC(1503) Marking Phase 285.227ms
[563.905s][info][gc,phases,start] GC(1503) Summary Phase
[563.906s][info][gc,phases      ] GC(1503) Summary Phase 0.035ms
[563.906s][info][gc,phases,start] GC(1503) Adjust Roots
[563.906s][info][gc,phases      ] GC(1503) Adjust Roots 0.265ms
[563.906s][info][gc,phases,start] GC(1503) Compaction Phase
[564.002s][info][gc,phases      ] GC(1503) Compaction Phase 95.888ms
[564.002s][info][gc,phases,start] GC(1503) Post Compact
[564.003s][info][gc,phases      ] GC(1503) Post Compact 1.533ms
[564.003s][info][gc,heap        ] GC(1503) PSYoungGen: 33771K(77312K)->33771K(77312K) Eden: 24575K(24576K)->24575K(24576K) From: 9195K(52736K)->9195K(52736K)
[564.003s][info][gc,heap        ] GC(1503) ParOldGen: 341007K(341504K)->341007K(341504K)
[564.003s][info][gc,metaspace   ] GC(1503) Metaspace: 6296K(6464K)->6296K(6464K) NonClass: 5763K(5824K)->5763K(5824K) Class: 532K(640K)->532K(640K)
[564.003s][info][gc             ] GC(1503) Pause Full (Ergonomics) 365M->365M(409M) 383.344ms
[564.004s][info][gc,cpu         ] GC(1503) User=0.34s Sys=0.00s Real=0.38s
[564.004s][info][gc,start       ] GC(1504) Pause Full (Ergonomics)
[564.004s][info][gc,phases,start] GC(1504) Marking Phase
[564.295s][info][gc,phases      ] GC(1504) Marking Phase 290.843ms
[564.295s][info][gc,phases,start] GC(1504) Summary Phase
[564.295s][info][gc,phases      ] GC(1504) Summary Phase 0.035ms
[564.295s][info][gc,phases,start] GC(1504) Adjust Roots
[564.295s][info][gc,phases      ] GC(1504) Adjust Roots 0.274ms
[564.295s][info][gc,phases,start] GC(1504) Compaction Phase
[564.393s][info][gc,phases      ] GC(1504) Compaction Phase 98.365ms
[564.394s][info][gc,phases,start] GC(1504) Post Compact
[564.395s][info][gc,phases      ] GC(1504) Post Compact 1.524ms
[564.395s][info][gc,heap        ] GC(1504) PSYoungGen: 33771K(77312K)->33771K(77312K) Eden: 24575K(24576K)->24575K(24576K) From: 9195K(52736K)->9195K(52736K)
[564.395s][info][gc,heap        ] GC(1504) ParOldGen: 341012K(341504K)->341012K(341504K)
[564.395s][info][gc,metaspace   ] GC(1504) Metaspace: 6296K(6464K)->6296K(6464K) NonClass: 5763K(5824K)->5763K(5824K) Class: 532K(640K)->532K(640K)
[564.395s][info][gc             ] GC(1504) Pause Full (Ergonomics) 365M->365M(409M) 391.454ms
[564.395s][info][gc,cpu         ] GC(1504) User=0.38s Sys=0.00s Real=0.39s
[564.396s][info][gc,start       ] GC(1505) Pause Full (Ergonomics)
[564.396s][info][gc,phases,start] GC(1505) Marking Phase
[564.681s][info][gc,phases      ] GC(1505) Marking Phase 285.537ms
[564.681s][info][gc,phases,start] GC(1505) Summary Phase
[564.681s][info][gc,phases      ] GC(1505) Summary Phase 0.035ms
[564.681s][info][gc,phases,start] GC(1505) Adjust Roots
[564.682s][info][gc,phases      ] GC(1505) Adjust Roots 0.254ms
[564.682s][info][gc,phases,start] GC(1505) Compaction Phase
[564.779s][info][gc,phases      ] GC(1505) Compaction Phase 96.749ms
[564.779s][info][gc,phases,start] GC(1505) Post Compact
[564.780s][info][gc,phases      ] GC(1505) Post Compact 1.534ms
[564.780s][info][gc,heap        ] GC(1505) PSYoungGen: 33771K(77312K)->33771K(77312K) Eden: 24575K(24576K)->24575K(24576K) From: 9195K(52736K)->9195K(52736K)
[564.780s][info][gc,heap        ] GC(1505) ParOldGen: 341016K(341504K)->341016K(341504K)
[564.780s][info][gc,metaspace   ] GC(1505) Metaspace: 6296K(6464K)->6296K(6464K) NonClass: 5763K(5824K)->5763K(5824K) Class: 532K(640K)->532K(640K)
[564.780s][info][gc             ] GC(1505) Pause Full (Ergonomics) 366M->366M(409M) 384.498ms
[564.780s][info][gc,cpu         ] GC(1505) User=0.34s Sys=0.00s Real=0.38s
[564.781s][info][gc,start       ] GC(1506) Pause Full (Ergonomics)
[564.781s][info][gc,phases,start] GC(1506) Marking Phase
[565.072s][info][gc,phases      ] GC(1506) Marking Phase 290.959ms
[565.072s][info][gc,phases,start] GC(1506) Summary Phase
[565.072s][info][gc,phases      ] GC(1506) Summary Phase 0.026ms
[565.072s][info][gc,phases,start] GC(1506) Adjust Roots
[565.072s][info][gc,phases      ] GC(1506) Adjust Roots 0.243ms
[565.072s][info][gc,phases,start] GC(1506) Compaction Phase
[565.170s][info][gc,phases      ] GC(1506) Compaction Phase 97.638ms
[565.170s][info][gc,phases,start] GC(1506) Post Compact
[565.171s][info][gc,phases      ] GC(1506) Post Compact 1.564ms
[565.171s][info][gc,heap        ] GC(1506) PSYoungGen: 33771K(77312K)->33771K(77312K) Eden: 24575K(24576K)->24575K(24576K) From: 9195K(52736K)->9195K(52736K)
[565.171s][info][gc,heap        ] GC(1506) ParOldGen: 341021K(341504K)->341021K(341504K)
[565.171s][info][gc,metaspace   ] GC(1506) Metaspace: 6296K(6464K)->6296K(6464K) NonClass: 5763K(5824K)->5763K(5824K) Class: 532K(640K)->532K(640K)
[565.171s][info][gc             ] GC(1506) Pause Full (Ergonomics) 366M->366M(409M) 390.804ms
[565.171s][info][gc,cpu         ] GC(1506) User=0.39s Sys=0.00s Real=0.39s
[565.172s][info][gc,start       ] GC(1507) Pause Full (Ergonomics)
[565.172s][info][gc,phases,start] GC(1507) Marking Phase
[565.458s][info][gc,phases      ] GC(1507) Marking Phase 286.261ms
[565.458s][info][gc,phases,start] GC(1507) Summary Phase
[565.458s][info][gc,phases      ] GC(1507) Summary Phase 0.023ms
[565.458s][info][gc,phases,start] GC(1507) Adjust Roots
[565.458s][info][gc,phases      ] GC(1507) Adjust Roots 0.209ms
[565.458s][info][gc,phases,start] GC(1507) Compaction Phase
[565.555s][info][gc,phases      ] GC(1507) Compaction Phase 96.704ms
[565.555s][info][gc,phases,start] GC(1507) Post Compact
[565.557s][info][gc,phases      ] GC(1507) Post Compact 1.519ms
[565.557s][info][gc,heap        ] GC(1507) PSYoungGen: 33771K(77312K)->33771K(77312K) Eden: 24575K(24576K)->24575K(24576K) From: 9195K(52736K)->9195K(52736K)
[565.557s][info][gc,heap        ] GC(1507) ParOldGen: 341026K(341504K)->341026K(341504K)
[565.557s][info][gc,metaspace   ] GC(1507) Metaspace: 6296K(6464K)->6296K(6464K) NonClass: 5763K(5824K)->5763K(5824K) Class: 532K(640K)->532K(640K)
[565.557s][info][gc             ] GC(1507) Pause Full (Ergonomics) 366M->366M(409M) 385.107ms
[565.557s][info][gc,cpu         ] GC(1507) User=0.39s Sys=0.00s Real=0.38s
[565.557s][info][gc,start       ] GC(1508) Pause Full (Ergonomics)
[565.557s][info][gc,phases,start] GC(1508) Marking Phase
[565.846s][info][gc,phases      ] GC(1508) Marking Phase 288.694ms
[565.846s][info][gc,phases,start] GC(1508) Summary Phase
[565.846s][info][gc,phases      ] GC(1508) Summary Phase 0.035ms
[565.846s][info][gc,phases,start] GC(1508) Adjust Roots
[565.847s][info][gc,phases      ] GC(1508) Adjust Roots 0.260ms
[565.847s][info][gc,phases,start] GC(1508) Compaction Phase
[565.945s][info][gc,phases      ] GC(1508) Compaction Phase 98.378ms
[565.945s][info][gc,phases,start] GC(1508) Post Compact
[565.947s][info][gc,phases      ] GC(1508) Post Compact 1.537ms
[565.947s][info][gc,heap        ] GC(1508) PSYoungGen: 33771K(77312K)->33771K(77312K) Eden: 24575K(24576K)->24575K(24576K) From: 9195K(52736K)->9195K(52736K)
[565.947s][info][gc,heap        ] GC(1508) ParOldGen: 341030K(341504K)->341030K(341504K)
[565.947s][info][gc,metaspace   ] GC(1508) Metaspace: 6296K(6464K)->6296K(6464K) NonClass: 5763K(5824K)->5763K(5824K) Class: 532K(640K)->532K(640K)
[565.947s][info][gc             ] GC(1508) Pause Full (Ergonomics) 366M->366M(409M) 389.293ms
[565.947s][info][gc,cpu         ] GC(1508) User=0.36s Sys=0.00s Real=0.39s
[565.947s][info][gc,start       ] GC(1509) Pause Full (Ergonomics)
[565.947s][info][gc,phases,start] GC(1509) Marking Phase
[566.233s][info][gc,phases      ] GC(1509) Marking Phase 285.272ms
[566.233s][info][gc,phases,start] GC(1509) Summary Phase
[566.233s][info][gc,phases      ] GC(1509) Summary Phase 0.035ms
[566.233s][info][gc,phases,start] GC(1509) Adjust Roots
[566.233s][info][gc,phases      ] GC(1509) Adjust Roots 0.260ms
[566.233s][info][gc,phases,start] GC(1509) Compaction Phase
[566.330s][info][gc,phases      ] GC(1509) Compaction Phase 96.906ms
[566.330s][info][gc,phases,start] GC(1509) Post Compact
[566.332s][info][gc,phases      ] GC(1509) Post Compact 1.548ms
[566.332s][info][gc,heap        ] GC(1509) PSYoungGen: 33771K(77312K)->33771K(77312K) Eden: 24575K(24576K)->24575K(24576K) From: 9195K(52736K)->9195K(52736K)
[566.332s][info][gc,heap        ] GC(1509) ParOldGen: 341035K(341504K)->341035K(341504K)
[566.332s][info][gc,metaspace   ] GC(1509) Metaspace: 6296K(6464K)->6296K(6464K) NonClass: 5763K(5824K)->5763K(5824K) Class: 532K(640K)->532K(640K)
[566.332s][info][gc             ] GC(1509) Pause Full (Ergonomics) 366M->366M(409M) 384.431ms
[566.332s][info][gc,cpu         ] GC(1509) User=0.33s Sys=0.00s Real=0.38s
[566.332s][info][gc,start       ] GC(1510) Pause Full (Ergonomics)
[566.332s][info][gc,phases,start] GC(1510) Marking Phase
[566.618s][info][gc,phases      ] GC(1510) Marking Phase 286.027ms
[566.618s][info][gc,phases,start] GC(1510) Summary Phase
[566.618s][info][gc,phases      ] GC(1510) Summary Phase 0.035ms
[566.618s][info][gc,phases,start] GC(1510) Adjust Roots
[566.618s][info][gc,phases      ] GC(1510) Adjust Roots 0.271ms
[566.618s][info][gc,phases,start] GC(1510) Compaction Phase
[566.715s][info][gc,phases      ] GC(1510) Compaction Phase 96.070ms
[566.715s][info][gc,phases,start] GC(1510) Post Compact
[566.716s][info][gc,phases      ] GC(1510) Post Compact 1.537ms
[566.716s][info][gc,heap        ] GC(1510) PSYoungGen: 33771K(77312K)->33771K(77312K) Eden: 24575K(24576K)->24575K(24576K) From: 9195K(52736K)->9195K(52736K)
[566.716s][info][gc,heap        ] GC(1510) ParOldGen: 341040K(341504K)->341040K(341504K)
[566.716s][info][gc,metaspace   ] GC(1510) Metaspace: 6296K(6464K)->6296K(6464K) NonClass: 5763K(5824K)->5763K(5824K) Class: 532K(640K)->532K(640K)
[566.716s][info][gc             ] GC(1510) Pause Full (Ergonomics) 366M->366M(409M) 384.320ms
[566.716s][info][gc,cpu         ] GC(1510) User=0.36s Sys=0.00s Real=0.38s
[566.717s][info][gc,start       ] GC(1511) Pause Full (Ergonomics)
[566.717s][info][gc,phases,start] GC(1511) Marking Phase
[567.007s][info][gc,phases      ] GC(1511) Marking Phase 290.768ms
[567.007s][info][gc,phases,start] GC(1511) Summary Phase
[567.007s][info][gc,phases      ] GC(1511) Summary Phase 0.026ms
[567.007s][info][gc,phases,start] GC(1511) Adjust Roots
[567.008s][info][gc,phases      ] GC(1511) Adjust Roots 0.223ms
[567.008s][info][gc,phases,start] GC(1511) Compaction Phase
[567.106s][info][gc,phases      ] GC(1511) Compaction Phase 98.766ms
[567.107s][info][gc,phases,start] GC(1511) Post Compact
[567.108s][info][gc,phases      ] GC(1511) Post Compact 1.539ms
[567.108s][info][gc,heap        ] GC(1511) PSYoungGen: 33771K(77312K)->33771K(77312K) Eden: 24575K(24576K)->24575K(24576K) From: 9195K(52736K)->9195K(52736K)
[567.108s][info][gc,heap        ] GC(1511) ParOldGen: 341044K(341504K)->341044K(341504K)
[567.108s][info][gc,metaspace   ] GC(1511) Metaspace: 6296K(6464K)->6296K(6464K) NonClass: 5763K(5824K)->5763K(5824K) Class: 532K(640K)->532K(640K)
[567.108s][info][gc             ] GC(1511) Pause Full (Ergonomics) 366M->366M(409M) 391.674ms
[567.108s][info][gc,cpu         ] GC(1511) User=0.36s Sys=0.00s Real=0.39s
[567.108s][info][gc,start       ] GC(1512) Pause Full (Ergonomics)
[567.108s][info][gc,phases,start] GC(1512) Marking Phase
[567.395s][info][gc,phases      ] GC(1512) Marking Phase 286.132ms
[567.395s][info][gc,phases,start] GC(1512) Summary Phase
[567.395s][info][gc,phases      ] GC(1512) Summary Phase 0.035ms
[567.395s][info][gc,phases,start] GC(1512) Adjust Roots
[567.395s][info][gc,phases      ] GC(1512) Adjust Roots 0.237ms
[567.395s][info][gc,phases,start] GC(1512) Compaction Phase
[567.492s][info][gc,phases      ] GC(1512) Compaction Phase 97.385ms
[567.493s][info][gc,phases,start] GC(1512) Post Compact
[567.494s][info][gc,phases      ] GC(1512) Post Compact 1.551ms
[567.494s][info][gc,heap        ] GC(1512) PSYoungGen: 33771K(77312K)->33771K(77312K) Eden: 24575K(24576K)->24575K(24576K) From: 9195K(52736K)->9195K(52736K)
[567.494s][info][gc,heap        ] GC(1512) ParOldGen: 341049K(341504K)->341049K(341504K)
[567.494s][info][gc,metaspace   ] GC(1512) Metaspace: 6296K(6464K)->6296K(6464K) NonClass: 5763K(5824K)->5763K(5824K) Class: 532K(640K)->532K(640K)
[567.494s][info][gc             ] GC(1512) Pause Full (Ergonomics) 366M->366M(409M) 385.760ms
[567.494s][info][gc,cpu         ] GC(1512) User=0.38s Sys=0.00s Real=0.39s
[567.494s][info][gc,start       ] GC(1513) Pause Full (Ergonomics)
[567.495s][info][gc,phases,start] GC(1513) Marking Phase
[567.785s][info][gc,phases      ] GC(1513) Marking Phase 290.622ms
[567.785s][info][gc,phases,start] GC(1513) Summary Phase
[567.785s][info][gc,phases      ] GC(1513) Summary Phase 0.035ms
[567.785s][info][gc,phases,start] GC(1513) Adjust Roots
[567.786s][info][gc,phases      ] GC(1513) Adjust Roots 0.250ms
[567.786s][info][gc,phases,start] GC(1513) Compaction Phase
[567.885s][info][gc,phases      ] GC(1513) Compaction Phase 99.391ms
[567.885s][info][gc,phases,start] GC(1513) Post Compact
[567.887s][info][gc,phases      ] GC(1513) Post Compact 1.548ms
[567.887s][info][gc,heap        ] GC(1513) PSYoungGen: 33771K(77312K)->33771K(77312K) Eden: 24575K(24576K)->24575K(24576K) From: 9195K(52736K)->9195K(52736K)
[567.887s][info][gc,heap        ] GC(1513) ParOldGen: 341054K(341504K)->341054K(341504K)
[567.887s][info][gc,metaspace   ] GC(1513) Metaspace: 6296K(6464K)->6296K(6464K) NonClass: 5763K(5824K)->5763K(5824K) Class: 532K(640K)->532K(640K)
[567.887s][info][gc             ] GC(1513) Pause Full (Ergonomics) 366M->366M(409M) 392.245ms
[567.887s][info][gc,cpu         ] GC(1513) User=0.38s Sys=0.00s Real=0.39s
[567.887s][info][gc,start       ] GC(1514) Pause Full (Ergonomics)
[567.887s][info][gc,phases,start] GC(1514) Marking Phase
[568.172s][info][gc,phases      ] GC(1514) Marking Phase 285.002ms
[568.172s][info][gc,phases,start] GC(1514) Summary Phase
[568.172s][info][gc,phases      ] GC(1514) Summary Phase 0.034ms
[568.172s][info][gc,phases,start] GC(1514) Adjust Roots
[568.172s][info][gc,phases      ] GC(1514) Adjust Roots 0.249ms
[568.172s][info][gc,phases,start] GC(1514) Compaction Phase
[568.270s][info][gc,phases      ] GC(1514) Compaction Phase 97.019ms
[568.270s][info][gc,phases,start] GC(1514) Post Compact
[568.271s][info][gc,phases      ] GC(1514) Post Compact 1.735ms
[568.271s][info][gc,heap        ] GC(1514) PSYoungGen: 33771K(77312K)->33771K(77312K) Eden: 24575K(24576K)->24575K(24576K) From: 9195K(52736K)->9195K(52736K)
[568.271s][info][gc,heap        ] GC(1514) ParOldGen: 341058K(341504K)->341058K(341504K)
[568.271s][info][gc,metaspace   ] GC(1514) Metaspace: 6296K(6464K)->6296K(6464K) NonClass: 5763K(5824K)->5763K(5824K) Class: 532K(640K)->532K(640K)
[568.271s][info][gc             ] GC(1514) Pause Full (Ergonomics) 366M->366M(409M) 384.451ms
[568.271s][info][gc,cpu         ] GC(1514) User=0.34s Sys=0.00s Real=0.38s
[568.272s][info][gc,start       ] GC(1515) Pause Full (Ergonomics)
[568.272s][info][gc,phases,start] GC(1515) Marking Phase
[568.561s][info][gc,phases      ] GC(1515) Marking Phase 289.125ms
[568.561s][info][gc,phases,start] GC(1515) Summary Phase
[568.561s][info][gc,phases      ] GC(1515) Summary Phase 0.036ms
[568.561s][info][gc,phases,start] GC(1515) Adjust Roots
[568.561s][info][gc,phases      ] GC(1515) Adjust Roots 0.240ms
[568.561s][info][gc,phases,start] GC(1515) Compaction Phase
[568.660s][info][gc,phases      ] GC(1515) Compaction Phase 98.704ms
[568.660s][info][gc,phases,start] GC(1515) Post Compact
[568.662s][info][gc,phases      ] GC(1515) Post Compact 1.525ms
[568.662s][info][gc,heap        ] GC(1515) PSYoungGen: 33771K(77312K)->33771K(77312K) Eden: 24575K(24576K)->24575K(24576K) From: 9195K(52736K)->9195K(52736K)
[568.662s][info][gc,heap        ] GC(1515) ParOldGen: 341063K(341504K)->341063K(341504K)
[568.662s][info][gc,metaspace   ] GC(1515) Metaspace: 6296K(6464K)->6296K(6464K) NonClass: 5763K(5824K)->5763K(5824K) Class: 532K(640K)->532K(640K)
[568.662s][info][gc             ] GC(1515) Pause Full (Ergonomics) 366M->366M(409M) 390.016ms
[568.662s][info][gc,cpu         ] GC(1515) User=0.33s Sys=0.02s Real=0.39s
[568.662s][info][gc,start       ] GC(1516) Pause Full (Ergonomics)
[568.662s][info][gc,phases,start] GC(1516) Marking Phase
[568.949s][info][gc,phases      ] GC(1516) Marking Phase 286.548ms
[568.949s][info][gc,phases,start] GC(1516) Summary Phase
[568.949s][info][gc,phases      ] GC(1516) Summary Phase 0.035ms
[568.949s][info][gc,phases,start] GC(1516) Adjust Roots
[568.949s][info][gc,phases      ] GC(1516) Adjust Roots 0.245ms
[568.949s][info][gc,phases,start] GC(1516) Compaction Phase
[569.045s][info][gc,phases      ] GC(1516) Compaction Phase 96.348ms
[569.046s][info][gc,phases,start] GC(1516) Post Compact
[569.047s][info][gc,phases      ] GC(1516) Post Compact 1.544ms
[569.047s][info][gc,heap        ] GC(1516) PSYoungGen: 33771K(77312K)->33771K(77312K) Eden: 24575K(24576K)->24575K(24576K) From: 9195K(52736K)->9195K(52736K)
[569.047s][info][gc,heap        ] GC(1516) ParOldGen: 341068K(341504K)->341068K(341504K)
[569.047s][info][gc,metaspace   ] GC(1516) Metaspace: 6296K(6464K)->6296K(6464K) NonClass: 5763K(5824K)->5763K(5824K) Class: 532K(640K)->532K(640K)
[569.047s][info][gc             ] GC(1516) Pause Full (Ergonomics) 366M->366M(409M) 385.129ms
[569.047s][info][gc,cpu         ] GC(1516) User=0.34s Sys=0.00s Real=0.39s
[569.047s][info][gc,start       ] GC(1517) Pause Full (Ergonomics)
[569.048s][info][gc,phases,start] GC(1517) Marking Phase
[569.334s][info][gc,phases      ] GC(1517) Marking Phase 286.812ms
[569.334s][info][gc,phases,start] GC(1517) Summary Phase
[569.334s][info][gc,phases      ] GC(1517) Summary Phase 0.034ms
[569.334s][info][gc,phases,start] GC(1517) Adjust Roots
[569.335s][info][gc,phases      ] GC(1517) Adjust Roots 0.271ms
[569.335s][info][gc,phases,start] GC(1517) Compaction Phase
[569.432s][info][gc,phases      ] GC(1517) Compaction Phase 96.925ms
[569.432s][info][gc,phases,start] GC(1517) Post Compact
[569.433s][info][gc,phases      ] GC(1517) Post Compact 1.539ms
[569.433s][info][gc,heap        ] GC(1517) PSYoungGen: 33771K(77312K)->33771K(77312K) Eden: 24575K(24576K)->24575K(24576K) From: 9195K(52736K)->9195K(52736K)
[569.433s][info][gc,heap        ] GC(1517) ParOldGen: 341072K(341504K)->341072K(341504K)
[569.433s][info][gc,metaspace   ] GC(1517) Metaspace: 6296K(6464K)->6296K(6464K) NonClass: 5763K(5824K)->5763K(5824K) Class: 532K(640K)->532K(640K)
[569.433s][info][gc             ] GC(1517) Pause Full (Ergonomics) 366M->366M(409M) 386.008ms
[569.434s][info][gc,cpu         ] GC(1517) User=0.36s Sys=0.00s Real=0.39s
[569.434s][info][gc,start       ] GC(1518) Pause Full (Ergonomics)
[569.434s][info][gc,phases,start] GC(1518) Marking Phase
[569.722s][info][gc,phases      ] GC(1518) Marking Phase 288.229ms
[569.722s][info][gc,phases,start] GC(1518) Summary Phase
[569.722s][info][gc,phases      ] GC(1518) Summary Phase 0.018ms
[569.722s][info][gc,phases,start] GC(1518) Adjust Roots
[569.722s][info][gc,phases      ] GC(1518) Adjust Roots 0.274ms
[569.722s][info][gc,phases,start] GC(1518) Compaction Phase
[569.820s][info][gc,phases      ] GC(1518) Compaction Phase 97.722ms
[569.820s][info][gc,phases,start] GC(1518) Post Compact
[569.822s][info][gc,phases      ] GC(1518) Post Compact 1.513ms
[569.822s][info][gc,heap        ] GC(1518) PSYoungGen: 33771K(77312K)->33771K(77312K) Eden: 24575K(24576K)->24575K(24576K) From: 9195K(52736K)->9195K(52736K)
[569.822s][info][gc,heap        ] GC(1518) ParOldGen: 341077K(341504K)->341077K(341504K)
[569.822s][info][gc,metaspace   ] GC(1518) Metaspace: 6296K(6464K)->6296K(6464K) NonClass: 5763K(5824K)->5763K(5824K) Class: 532K(640K)->532K(640K)
[569.822s][info][gc             ] GC(1518) Pause Full (Ergonomics) 366M->366M(409M) 388.078ms
[569.822s][info][gc,cpu         ] GC(1518) User=0.34s Sys=0.02s Real=0.39s
[569.822s][info][gc,start       ] GC(1519) Pause Full (Ergonomics)
[569.822s][info][gc,phases,start] GC(1519) Marking Phase
[570.113s][info][gc,phases      ] GC(1519) Marking Phase 291.025ms
[570.113s][info][gc,phases,start] GC(1519) Summary Phase
[570.113s][info][gc,phases      ] GC(1519) Summary Phase 0.023ms
[570.113s][info][gc,phases,start] GC(1519) Adjust Roots
[570.114s][info][gc,phases      ] GC(1519) Adjust Roots 0.215ms
[570.114s][info][gc,phases,start] GC(1519) Compaction Phase
[570.212s][info][gc,phases      ] GC(1519) Compaction Phase 98.852ms
[570.212s][info][gc,phases,start] GC(1519) Post Compact
[570.214s][info][gc,phases      ] GC(1519) Post Compact 1.533ms
[570.214s][info][gc,heap        ] GC(1519) PSYoungGen: 33771K(77312K)->33771K(77312K) Eden: 24575K(24576K)->24575K(24576K) From: 9195K(52736K)->9195K(52736K)
[570.214s][info][gc,heap        ] GC(1519) ParOldGen: 341082K(341504K)->341082K(341504K)
[570.214s][info][gc,metaspace   ] GC(1519) Metaspace: 6296K(6464K)->6296K(6464K) NonClass: 5763K(5824K)->5763K(5824K) Class: 532K(640K)->532K(640K)
[570.214s][info][gc             ] GC(1519) Pause Full (Ergonomics) 366M->366M(409M) 392.033ms
[570.214s][info][gc,cpu         ] GC(1519) User=0.38s Sys=0.00s Real=0.39s
[570.214s][info][gc,start       ] GC(1520) Pause Full (Ergonomics)
[570.214s][info][gc,phases,start] GC(1520) Marking Phase
[570.505s][info][gc,phases      ] GC(1520) Marking Phase 290.923ms
[570.506s][info][gc,phases,start] GC(1520) Summary Phase
[570.506s][info][gc,phases      ] GC(1520) Summary Phase 0.035ms
[570.506s][info][gc,phases,start] GC(1520) Adjust Roots
[570.506s][info][gc,phases      ] GC(1520) Adjust Roots 0.258ms
[570.506s][info][gc,phases,start] GC(1520) Compaction Phase
[570.605s][info][gc,phases      ] GC(1520) Compaction Phase 99.204ms
[570.605s][info][gc,phases,start] GC(1520) Post Compact
[570.607s][info][gc,phases      ] GC(1520) Post Compact 1.538ms
[570.607s][info][gc,heap        ] GC(1520) PSYoungGen: 33771K(77312K)->33771K(77312K) Eden: 24575K(24576K)->24575K(24576K) From: 9195K(52736K)->9195K(52736K)
[570.607s][info][gc,heap        ] GC(1520) ParOldGen: 341086K(341504K)->341086K(341504K)
[570.607s][info][gc,metaspace   ] GC(1520) Metaspace: 6296K(6464K)->6296K(6464K) NonClass: 5763K(5824K)->5763K(5824K) Class: 532K(640K)->532K(640K)
[570.607s][info][gc             ] GC(1520) Pause Full (Ergonomics) 366M->366M(409M) 392.346ms
[570.607s][info][gc,cpu         ] GC(1520) User=0.36s Sys=0.00s Real=0.39s
[570.607s][info][gc,start       ] GC(1521) Pause Full (Ergonomics)
[570.607s][info][gc,phases,start] GC(1521) Marking Phase
[570.893s][info][gc,phases      ] GC(1521) Marking Phase 286.112ms
[570.893s][info][gc,phases,start] GC(1521) Summary Phase
[570.893s][info][gc,phases      ] GC(1521) Summary Phase 0.034ms
[570.893s][info][gc,phases,start] GC(1521) Adjust Roots
[570.894s][info][gc,phases      ] GC(1521) Adjust Roots 0.315ms
[570.894s][info][gc,phases,start] GC(1521) Compaction Phase
[570.991s][info][gc,phases      ] GC(1521) Compaction Phase 97.350ms
[570.991s][info][gc,phases,start] GC(1521) Post Compact
[570.993s][info][gc,phases      ] GC(1521) Post Compact 1.541ms
[570.993s][info][gc,heap        ] GC(1521) PSYoungGen: 33771K(77312K)->33771K(77312K) Eden: 24575K(24576K)->24575K(24576K) From: 9195K(52736K)->9195K(52736K)
[570.993s][info][gc,heap        ] GC(1521) ParOldGen: 341091K(341504K)->341091K(341504K)
[570.993s][info][gc,metaspace   ] GC(1521) Metaspace: 6296K(6464K)->6296K(6464K) NonClass: 5763K(5824K)->5763K(5824K) Class: 532K(640K)->532K(640K)
[570.993s][info][gc             ] GC(1521) Pause Full (Ergonomics) 366M->366M(409M) 385.720ms
[570.993s][info][gc,cpu         ] GC(1521) User=0.38s Sys=0.00s Real=0.38s
[570.993s][info][gc,start       ] GC(1522) Pause Full (Ergonomics)
[570.993s][info][gc,phases,start] GC(1522) Marking Phase
[571.283s][info][gc,phases      ] GC(1522) Marking Phase 289.658ms
[571.283s][info][gc,phases,start] GC(1522) Summary Phase
[571.283s][info][gc,phases      ] GC(1522) Summary Phase 0.036ms
[571.283s][info][gc,phases,start] GC(1522) Adjust Roots
[571.283s][info][gc,phases      ] GC(1522) Adjust Roots 0.217ms
[571.283s][info][gc,phases,start] GC(1522) Compaction Phase
[571.382s][info][gc,phases      ] GC(1522) Compaction Phase 98.827ms
[571.382s][info][gc,phases,start] GC(1522) Post Compact
[571.384s][info][gc,phases      ] GC(1522) Post Compact 1.559ms
[571.384s][info][gc,heap        ] GC(1522) PSYoungGen: 33771K(77312K)->33771K(77312K) Eden: 24575K(24576K)->24575K(24576K) From: 9195K(52736K)->9195K(52736K)
[571.384s][info][gc,heap        ] GC(1522) ParOldGen: 341096K(341504K)->341096K(341504K)
[571.384s][info][gc,metaspace   ] GC(1522) Metaspace: 6296K(6464K)->6296K(6464K) NonClass: 5763K(5824K)->5763K(5824K) Class: 532K(640K)->532K(640K)
[571.384s][info][gc             ] GC(1522) Pause Full (Ergonomics) 366M->366M(409M) 390.663ms
[571.384s][info][gc,cpu         ] GC(1522) User=0.34s Sys=0.00s Real=0.39s
[571.384s][info][gc,start       ] GC(1523) Pause Full (Ergonomics)
[571.384s][info][gc,phases,start] GC(1523) Marking Phase
[571.671s][info][gc,phases      ] GC(1523) Marking Phase 286.731ms
[571.671s][info][gc,phases,start] GC(1523) Summary Phase
[571.671s][info][gc,phases      ] GC(1523) Summary Phase 0.035ms
[571.671s][info][gc,phases,start] GC(1523) Adjust Roots
[571.671s][info][gc,phases      ] GC(1523) Adjust Roots 0.272ms
[571.671s][info][gc,phases,start] GC(1523) Compaction Phase
[571.768s][info][gc,phases      ] GC(1523) Compaction Phase 96.816ms
[571.768s][info][gc,phases,start] GC(1523) Post Compact
[571.770s][info][gc,phases      ] GC(1523) Post Compact 1.549ms
[571.770s][info][gc,heap        ] GC(1523) PSYoungGen: 33771K(77312K)->33771K(77312K) Eden: 24575K(24576K)->24575K(24576K) From: 9195K(52736K)->9195K(52736K)
[571.770s][info][gc,heap        ] GC(1523) ParOldGen: 341100K(341504K)->341100K(341504K)
[571.770s][info][gc,metaspace   ] GC(1523) Metaspace: 6296K(6464K)->6296K(6464K) NonClass: 5763K(5824K)->5763K(5824K) Class: 532K(640K)->532K(640K)
[571.770s][info][gc             ] GC(1523) Pause Full (Ergonomics) 366M->366M(409M) 385.791ms
[571.770s][info][gc,cpu         ] GC(1523) User=0.34s Sys=0.00s Real=0.39s
[571.770s][info][gc,start       ] GC(1524) Pause Full (Ergonomics)
[571.770s][info][gc,phases,start] GC(1524) Marking Phase
[572.062s][info][gc,phases      ] GC(1524) Marking Phase 291.405ms
[572.062s][info][gc,phases,start] GC(1524) Summary Phase
[572.062s][info][gc,phases      ] GC(1524) Summary Phase 0.019ms
[572.062s][info][gc,phases,start] GC(1524) Adjust Roots
[572.062s][info][gc,phases      ] GC(1524) Adjust Roots 0.260ms
[572.062s][info][gc,phases,start] GC(1524) Compaction Phase
[572.160s][info][gc,phases      ] GC(1524) Compaction Phase 98.445ms
[572.160s][info][gc,phases,start] GC(1524) Post Compact
[572.162s][info][gc,phases      ] GC(1524) Post Compact 1.543ms
[572.162s][info][gc,heap        ] GC(1524) PSYoungGen: 33771K(77312K)->33771K(77312K) Eden: 24575K(24576K)->24575K(24576K) From: 9195K(52736K)->9195K(52736K)
[572.162s][info][gc,heap        ] GC(1524) ParOldGen: 341105K(341504K)->341105K(341504K)
[572.162s][info][gc,metaspace   ] GC(1524) Metaspace: 6296K(6464K)->6296K(6464K) NonClass: 5763K(5824K)->5763K(5824K) Class: 532K(640K)->532K(640K)
[572.162s][info][gc             ] GC(1524) Pause Full (Ergonomics) 366M->366M(409M) 392.065ms
[572.162s][info][gc,cpu         ] GC(1524) User=0.38s Sys=0.00s Real=0.39s
[572.162s][info][gc,start       ] GC(1525) Pause Full (Ergonomics)
[572.162s][info][gc,phases,start] GC(1525) Marking Phase
[572.451s][info][gc,phases      ] GC(1525) Marking Phase 288.330ms
[572.451s][info][gc,phases,start] GC(1525) Summary Phase
[572.451s][info][gc,phases      ] GC(1525) Summary Phase 0.022ms
[572.451s][info][gc,phases,start] GC(1525) Adjust Roots
[572.451s][info][gc,phases      ] GC(1525) Adjust Roots 0.189ms
[572.451s][info][gc,phases,start] GC(1525) Compaction Phase
[572.549s][info][gc,phases      ] GC(1525) Compaction Phase 98.391ms
[572.550s][info][gc,phases,start] GC(1525) Post Compact
[572.551s][info][gc,phases      ] GC(1525) Post Compact 1.552ms
[572.551s][info][gc,heap        ] GC(1525) PSYoungGen: 33771K(77312K)->33771K(77312K) Eden: 24575K(24576K)->24575K(24576K) From: 9195K(52736K)->9195K(52736K)
[572.551s][info][gc,heap        ] GC(1525) ParOldGen: 341110K(341504K)->341110K(341504K)
[572.551s][info][gc,metaspace   ] GC(1525) Metaspace: 6296K(6464K)->6296K(6464K) NonClass: 5763K(5824K)->5763K(5824K) Class: 532K(640K)->532K(640K)
[572.551s][info][gc             ] GC(1525) Pause Full (Ergonomics) 366M->366M(409M) 388.811ms
[572.551s][info][gc,cpu         ] GC(1525) User=0.34s Sys=0.00s Real=0.39s
[572.551s][info][gc,start       ] GC(1526) Pause Full (Ergonomics)
[572.552s][info][gc,phases,start] GC(1526) Marking Phase
[572.841s][info][gc,phases      ] GC(1526) Marking Phase 289.770ms
[572.841s][info][gc,phases,start] GC(1526) Summary Phase
[572.841s][info][gc,phases      ] GC(1526) Summary Phase 0.035ms
[572.841s][info][gc,phases,start] GC(1526) Adjust Roots
[572.842s][info][gc,phases      ] GC(1526) Adjust Roots 0.252ms
[572.842s][info][gc,phases,start] GC(1526) Compaction Phase
[572.941s][info][gc,phases      ] GC(1526) Compaction Phase 98.905ms
[572.941s][info][gc,phases,start] GC(1526) Post Compact
[572.942s][info][gc,phases      ] GC(1526) Post Compact 1.550ms
[572.942s][info][gc,heap        ] GC(1526) PSYoungGen: 33771K(77312K)->33771K(77312K) Eden: 24575K(24576K)->24575K(24576K) From: 9195K(52736K)->9195K(52736K)
[572.942s][info][gc,heap        ] GC(1526) ParOldGen: 341114K(341504K)->341114K(341504K)
[572.942s][info][gc,metaspace   ] GC(1526) Metaspace: 6296K(6464K)->6296K(6464K) NonClass: 5763K(5824K)->5763K(5824K) Class: 532K(640K)->532K(640K)
[572.942s][info][gc             ] GC(1526) Pause Full (Ergonomics) 366M->366M(409M) 390.918ms
[572.942s][info][gc,cpu         ] GC(1526) User=0.38s Sys=0.00s Real=0.39s
[572.943s][info][gc,start       ] GC(1527) Pause Full (Ergonomics)
[572.943s][info][gc,phases,start] GC(1527) Marking Phase
[573.232s][info][gc,phases      ] GC(1527) Marking Phase 289.340ms
[573.232s][info][gc,phases,start] GC(1527) Summary Phase
[573.232s][info][gc,phases      ] GC(1527) Summary Phase 0.026ms
[573.232s][info][gc,phases,start] GC(1527) Adjust Roots
[573.232s][info][gc,phases      ] GC(1527) Adjust Roots 0.303ms
[573.232s][info][gc,phases,start] GC(1527) Compaction Phase
[573.331s][info][gc,phases      ] GC(1527) Compaction Phase 98.457ms
[573.331s][info][gc,phases,start] GC(1527) Post Compact
[573.333s][info][gc,phases      ] GC(1527) Post Compact 1.637ms
[573.333s][info][gc,heap        ] GC(1527) PSYoungGen: 33771K(77312K)->33771K(77312K) Eden: 24575K(24576K)->24575K(24576K) From: 9195K(52736K)->9195K(52736K)
[573.333s][info][gc,heap        ] GC(1527) ParOldGen: 341119K(341504K)->341119K(341504K)
[573.333s][info][gc,metaspace   ] GC(1527) Metaspace: 6296K(6464K)->6296K(6464K) NonClass: 5763K(5824K)->5763K(5824K) Class: 532K(640K)->532K(640K)
[573.333s][info][gc             ] GC(1527) Pause Full (Ergonomics) 366M->366M(409M) 390.096ms
[573.333s][info][gc,cpu         ] GC(1527) User=0.36s Sys=0.00s Real=0.39s
[573.333s][info][gc,start       ] GC(1528) Pause Full (Ergonomics)
[573.333s][info][gc,phases,start] GC(1528) Marking Phase
[573.620s][info][gc,phases      ] GC(1528) Marking Phase 286.868ms
[573.620s][info][gc,phases,start] GC(1528) Summary Phase
[573.620s][info][gc,phases      ] GC(1528) Summary Phase 0.022ms
[573.620s][info][gc,phases,start] GC(1528) Adjust Roots
[573.620s][info][gc,phases      ] GC(1528) Adjust Roots 0.186ms
[573.620s][info][gc,phases,start] GC(1528) Compaction Phase
[573.717s][info][gc,phases      ] GC(1528) Compaction Phase 96.654ms
[573.717s][info][gc,phases,start] GC(1528) Post Compact
[573.718s][info][gc,phases      ] GC(1528) Post Compact 1.538ms
[573.719s][info][gc,heap        ] GC(1528) PSYoungGen: 33771K(77312K)->33771K(77312K) Eden: 24575K(24576K)->24575K(24576K) From: 9195K(52736K)->9195K(52736K)
[573.719s][info][gc,heap        ] GC(1528) ParOldGen: 341124K(341504K)->341124K(341504K)
[573.719s][info][gc,metaspace   ] GC(1528) Metaspace: 6296K(6464K)->6296K(6464K) NonClass: 5763K(5824K)->5763K(5824K) Class: 532K(640K)->532K(640K)
[573.719s][info][gc             ] GC(1528) Pause Full (Ergonomics) 366M->366M(409M) 385.637ms
[573.719s][info][gc,cpu         ] GC(1528) User=0.36s Sys=0.00s Real=0.39s
[573.719s][info][gc,start       ] GC(1529) Pause Full (Ergonomics)
[573.719s][info][gc,phases,start] GC(1529) Marking Phase
[574.008s][info][gc,phases      ] GC(1529) Marking Phase 289.166ms
[574.008s][info][gc,phases,start] GC(1529) Summary Phase
[574.008s][info][gc,phases      ] GC(1529) Summary Phase 0.035ms
[574.008s][info][gc,phases,start] GC(1529) Adjust Roots
[574.009s][info][gc,phases      ] GC(1529) Adjust Roots 0.268ms
[574.009s][info][gc,phases,start] GC(1529) Compaction Phase
[574.109s][info][gc,phases      ] GC(1529) Compaction Phase 99.955ms
[574.109s][info][gc,phases,start] GC(1529) Post Compact
[574.110s][info][gc,phases      ] GC(1529) Post Compact 1.534ms
[574.110s][info][gc,heap        ] GC(1529) PSYoungGen: 33771K(77312K)->33771K(77312K) Eden: 24575K(24576K)->24575K(24576K) From: 9195K(52736K)->9195K(52736K)
[574.110s][info][gc,heap        ] GC(1529) ParOldGen: 341128K(341504K)->341128K(341504K)
[574.110s][info][gc,metaspace   ] GC(1529) Metaspace: 6296K(6464K)->6296K(6464K) NonClass: 5763K(5824K)->5763K(5824K) Class: 532K(640K)->532K(640K)
[574.110s][info][gc             ] GC(1529) Pause Full (Ergonomics) 366M->366M(409M) 391.383ms
[574.110s][info][gc,cpu         ] GC(1529) User=0.38s Sys=0.00s Real=0.39s
[574.111s][info][gc,start       ] GC(1530) Pause Full (Ergonomics)
[574.111s][info][gc,phases,start] GC(1530) Marking Phase
[574.396s][info][gc,phases      ] GC(1530) Marking Phase 285.207ms
[574.396s][info][gc,phases,start] GC(1530) Summary Phase
[574.396s][info][gc,phases      ] GC(1530) Summary Phase 0.035ms
[574.396s][info][gc,phases,start] GC(1530) Adjust Roots
[574.396s][info][gc,phases      ] GC(1530) Adjust Roots 0.262ms
[574.397s][info][gc,phases,start] GC(1530) Compaction Phase
[574.493s][info][gc,phases      ] GC(1530) Compaction Phase 96.442ms
[574.493s][info][gc,phases,start] GC(1530) Post Compact
[574.495s][info][gc,phases      ] GC(1530) Post Compact 1.574ms
[574.495s][info][gc,heap        ] GC(1530) PSYoungGen: 33771K(77312K)->33771K(77312K) Eden: 24575K(24576K)->24575K(24576K) From: 9195K(52736K)->9195K(52736K)
[574.495s][info][gc,heap        ] GC(1530) ParOldGen: 341133K(341504K)->341133K(341504K)
[574.495s][info][gc,metaspace   ] GC(1530) Metaspace: 6296K(6464K)->6296K(6464K) NonClass: 5763K(5824K)->5763K(5824K) Class: 532K(640K)->532K(640K)
[574.495s][info][gc             ] GC(1530) Pause Full (Ergonomics) 366M->366M(409M) 383.929ms
[574.495s][info][gc,cpu         ] GC(1530) User=0.38s Sys=0.00s Real=0.38s
[574.495s][info][gc,start       ] GC(1531) Pause Full (Ergonomics)
[574.495s][info][gc,phases,start] GC(1531) Marking Phase
[574.781s][info][gc,phases      ] GC(1531) Marking Phase 285.435ms
[574.781s][info][gc,phases,start] GC(1531) Summary Phase
[574.781s][info][gc,phases      ] GC(1531) Summary Phase 0.034ms
[574.781s][info][gc,phases,start] GC(1531) Adjust Roots
[574.781s][info][gc,phases      ] GC(1531) Adjust Roots 0.242ms
[574.781s][info][gc,phases,start] GC(1531) Compaction Phase
[574.877s][info][gc,phases      ] GC(1531) Compaction Phase 96.534ms
[574.878s][info][gc,phases,start] GC(1531) Post Compact
[574.879s][info][gc,phases      ] GC(1531) Post Compact 1.527ms
[574.879s][info][gc,heap        ] GC(1531) PSYoungGen: 33771K(77312K)->33771K(77312K) Eden: 24575K(24576K)->24575K(24576K) From: 9195K(52736K)->9195K(52736K)
[574.879s][info][gc,heap        ] GC(1531) ParOldGen: 341138K(341504K)->341138K(341504K)
[574.879s][info][gc,metaspace   ] GC(1531) Metaspace: 6296K(6464K)->6296K(6464K) NonClass: 5763K(5824K)->5763K(5824K) Class: 532K(640K)->532K(640K)
[574.879s][info][gc             ] GC(1531) Pause Full (Ergonomics) 366M->366M(409M) 384.191ms
[574.879s][info][gc,cpu         ] GC(1531) User=0.34s Sys=0.00s Real=0.38s
[574.880s][info][gc,start       ] GC(1532) Pause Full (Ergonomics)
[574.880s][info][gc,phases,start] GC(1532) Marking Phase
[575.170s][info][gc,phases      ] GC(1532) Marking Phase 290.486ms
[575.170s][info][gc,phases,start] GC(1532) Summary Phase
[575.170s][info][gc,phases      ] GC(1532) Summary Phase 0.036ms
[575.170s][info][gc,phases,start] GC(1532) Adjust Roots
[575.170s][info][gc,phases      ] GC(1532) Adjust Roots 0.275ms
[575.171s][info][gc,phases,start] GC(1532) Compaction Phase
[575.271s][info][gc,phases      ] GC(1532) Compaction Phase 99.971ms
[575.271s][info][gc,phases,start] GC(1532) Post Compact
[575.272s][info][gc,phases      ] GC(1532) Post Compact 1.551ms
[575.272s][info][gc,heap        ] GC(1532) PSYoungGen: 33771K(77312K)->33771K(77312K) Eden: 24575K(24576K)->24575K(24576K) From: 9195K(52736K)->9195K(52736K)
[575.272s][info][gc,heap        ] GC(1532) ParOldGen: 341142K(341504K)->341142K(341504K)
[575.272s][info][gc,metaspace   ] GC(1532) Metaspace: 6296K(6464K)->6296K(6464K) NonClass: 5763K(5824K)->5763K(5824K) Class: 532K(640K)->532K(640K)
[575.272s][info][gc             ] GC(1532) Pause Full (Ergonomics) 366M->366M(409M) 392.729ms
[575.272s][info][gc,cpu         ] GC(1532) User=0.38s Sys=0.00s Real=0.39s
[575.273s][info][gc,start       ] GC(1533) Pause Full (Ergonomics)
[575.273s][info][gc,phases,start] GC(1533) Marking Phase
[575.560s][info][gc,phases      ] GC(1533) Marking Phase 287.166ms
[575.560s][info][gc,phases,start] GC(1533) Summary Phase
[575.560s][info][gc,phases      ] GC(1533) Summary Phase 0.036ms
[575.560s][info][gc,phases,start] GC(1533) Adjust Roots
[575.560s][info][gc,phases      ] GC(1533) Adjust Roots 0.244ms
[575.560s][info][gc,phases,start] GC(1533) Compaction Phase
[575.658s][info][gc,phases      ] GC(1533) Compaction Phase 97.503ms
[575.658s][info][gc,phases,start] GC(1533) Post Compact
[575.659s][info][gc,phases      ] GC(1533) Post Compact 1.540ms
[575.659s][info][gc,heap        ] GC(1533) PSYoungGen: 33771K(77312K)->33771K(77312K) Eden: 24575K(24576K)->24575K(24576K) From: 9195K(52736K)->9195K(52736K)
[575.659s][info][gc,heap        ] GC(1533) ParOldGen: 341147K(341504K)->341147K(341504K)
[575.659s][info][gc,metaspace   ] GC(1533) Metaspace: 6296K(6464K)->6296K(6464K) NonClass: 5763K(5824K)->5763K(5824K) Class: 532K(640K)->532K(640K)
[575.659s][info][gc             ] GC(1533) Pause Full (Ergonomics) 366M->366M(409M) 386.908ms
[575.659s][info][gc,cpu         ] GC(1533) User=0.34s Sys=0.00s Real=0.39s
[575.660s][info][gc,start       ] GC(1534) Pause Full (Ergonomics)
[575.660s][info][gc,phases,start] GC(1534) Marking Phase
[575.951s][info][gc,phases      ] GC(1534) Marking Phase 291.022ms
[575.951s][info][gc,phases,start] GC(1534) Summary Phase
[575.951s][info][gc,phases      ] GC(1534) Summary Phase 0.035ms
[575.951s][info][gc,phases,start] GC(1534) Adjust Roots
[575.951s][info][gc,phases      ] GC(1534) Adjust Roots 0.229ms
[575.951s][info][gc,phases,start] GC(1534) Compaction Phase
[576.048s][info][gc,phases      ] GC(1534) Compaction Phase 96.974ms
[576.048s][info][gc,phases,start] GC(1534) Post Compact
[576.050s][info][gc,phases      ] GC(1534) Post Compact 1.741ms
[576.050s][info][gc,heap        ] GC(1534) PSYoungGen: 33771K(77312K)->33771K(77312K) Eden: 24575K(24576K)->24575K(24576K) From: 9195K(52736K)->9195K(52736K)
[576.050s][info][gc,heap        ] GC(1534) ParOldGen: 341152K(341504K)->341152K(341504K)
[576.050s][info][gc,metaspace   ] GC(1534) Metaspace: 6296K(6464K)->6296K(6464K) NonClass: 5763K(5824K)->5763K(5824K) Class: 532K(640K)->532K(640K)
[576.050s][info][gc             ] GC(1534) Pause Full (Ergonomics) 366M->366M(409M) 390.390ms
[576.050s][info][gc,cpu         ] GC(1534) User=0.38s Sys=0.00s Real=0.39s
[576.051s][info][gc,start       ] GC(1535) Pause Full (Ergonomics)
[576.051s][info][gc,phases,start] GC(1535) Marking Phase
[576.341s][info][gc,phases      ] GC(1535) Marking Phase 290.404ms
[576.341s][info][gc,phases,start] GC(1535) Summary Phase
[576.341s][info][gc,phases      ] GC(1535) Summary Phase 0.023ms
[576.341s][info][gc,phases,start] GC(1535) Adjust Roots
[576.341s][info][gc,phases      ] GC(1535) Adjust Roots 0.226ms
[576.341s][info][gc,phases,start] GC(1535) Compaction Phase
[576.441s][info][gc,phases      ] GC(1535) Compaction Phase 99.117ms
[576.441s][info][gc,phases,start] GC(1535) Post Compact
[576.442s][info][gc,phases      ] GC(1535) Post Compact 1.524ms
[576.442s][info][gc,heap        ] GC(1535) PSYoungGen: 33771K(77312K)->33771K(77312K) Eden: 24575K(24576K)->24575K(24576K) From: 9195K(52736K)->9195K(52736K)
[576.442s][info][gc,heap        ] GC(1535) ParOldGen: 341156K(341504K)->341156K(341504K)
[576.442s][info][gc,metaspace   ] GC(1535) Metaspace: 6296K(6464K)->6296K(6464K) NonClass: 5763K(5824K)->5763K(5824K) Class: 532K(640K)->532K(640K)
[576.442s][info][gc             ] GC(1535) Pause Full (Ergonomics) 366M->366M(409M) 391.687ms
[576.442s][info][gc,cpu         ] GC(1535) User=0.38s Sys=0.00s Real=0.39s
[576.443s][info][gc,start       ] GC(1536) Pause Full (Ergonomics)
[576.443s][info][gc,phases,start] GC(1536) Marking Phase
[576.728s][info][gc,phases      ] GC(1536) Marking Phase 285.147ms
[576.728s][info][gc,phases,start] GC(1536) Summary Phase
[576.728s][info][gc,phases      ] GC(1536) Summary Phase 0.035ms
[576.728s][info][gc,phases,start] GC(1536) Adjust Roots
[576.728s][info][gc,phases      ] GC(1536) Adjust Roots 0.260ms
[576.728s][info][gc,phases,start] GC(1536) Compaction Phase
[576.824s][info][gc,phases      ] GC(1536) Compaction Phase 95.658ms
[576.824s][info][gc,phases,start] GC(1536) Post Compact
[576.826s][info][gc,phases      ] GC(1536) Post Compact 1.522ms
[576.826s][info][gc,heap        ] GC(1536) PSYoungGen: 33771K(77312K)->33771K(77312K) Eden: 24575K(24576K)->24575K(24576K) From: 9195K(52736K)->9195K(52736K)
[576.826s][info][gc,heap        ] GC(1536) ParOldGen: 341161K(341504K)->341161K(341504K)
[576.826s][info][gc,metaspace   ] GC(1536) Metaspace: 6296K(6464K)->6296K(6464K) NonClass: 5763K(5824K)->5763K(5824K) Class: 532K(640K)->532K(640K)
[576.826s][info][gc             ] GC(1536) Pause Full (Ergonomics) 366M->366M(409M) 383.018ms
[576.826s][info][gc,cpu         ] GC(1536) User=0.36s Sys=0.00s Real=0.38s
[576.826s][info][gc,start       ] GC(1537) Pause Full (Ergonomics)
[576.826s][info][gc,phases,start] GC(1537) Marking Phase
[577.116s][info][gc,phases      ] GC(1537) Marking Phase 289.235ms
[577.116s][info][gc,phases,start] GC(1537) Summary Phase
[577.116s][info][gc,phases      ] GC(1537) Summary Phase 0.023ms
[577.116s][info][gc,phases,start] GC(1537) Adjust Roots
[577.116s][info][gc,phases      ] GC(1537) Adjust Roots 0.237ms
[577.116s][info][gc,phases,start] GC(1537) Compaction Phase
[577.215s][info][gc,phases      ] GC(1537) Compaction Phase 98.642ms
[577.215s][info][gc,phases,start] GC(1537) Post Compact
[577.216s][info][gc,phases      ] GC(1537) Post Compact 1.537ms
[577.216s][info][gc,heap        ] GC(1537) PSYoungGen: 33771K(77312K)->33771K(77312K) Eden: 24575K(24576K)->24575K(24576K) From: 9195K(52736K)->9195K(52736K)
[577.216s][info][gc,heap        ] GC(1537) ParOldGen: 341166K(341504K)->341166K(341504K)
[577.216s][info][gc,metaspace   ] GC(1537) Metaspace: 6296K(6464K)->6296K(6464K) NonClass: 5763K(5824K)->5763K(5824K) Class: 532K(640K)->532K(640K)
[577.216s][info][gc             ] GC(1537) Pause Full (Ergonomics) 366M->366M(409M) 390.076ms
[577.216s][info][gc,cpu         ] GC(1537) User=0.38s Sys=0.00s Real=0.39s
[577.217s][info][gc,start       ] GC(1538) Pause Full (Ergonomics)
[577.217s][info][gc,phases,start] GC(1538) Marking Phase
[577.503s][info][gc,phases      ] GC(1538) Marking Phase 286.527ms
[577.503s][info][gc,phases,start] GC(1538) Summary Phase
[577.504s][info][gc,phases      ] GC(1538) Summary Phase 0.034ms
[577.504s][info][gc,phases,start] GC(1538) Adjust Roots
[577.504s][info][gc,phases      ] GC(1538) Adjust Roots 0.304ms
[577.504s][info][gc,phases,start] GC(1538) Compaction Phase
[577.601s][info][gc,phases      ] GC(1538) Compaction Phase 97.005ms
[577.601s][info][gc,phases,start] GC(1538) Post Compact
[577.603s][info][gc,phases      ] GC(1538) Post Compact 1.549ms
[577.603s][info][gc,heap        ] GC(1538) PSYoungGen: 33771K(77312K)->33771K(77312K) Eden: 24575K(24576K)->24575K(24576K) From: 9195K(52736K)->9195K(52736K)
[577.603s][info][gc,heap        ] GC(1538) ParOldGen: 341170K(341504K)->341170K(341504K)
[577.603s][info][gc,metaspace   ] GC(1538) Metaspace: 6296K(6464K)->6296K(6464K) NonClass: 5763K(5824K)->5763K(5824K) Class: 532K(640K)->532K(640K)
[577.603s][info][gc             ] GC(1538) Pause Full (Ergonomics) 366M->366M(409M) 385.816ms
[577.603s][info][gc,cpu         ] GC(1538) User=0.36s Sys=0.00s Real=0.39s
[577.603s][info][gc,start       ] GC(1539) Pause Full (Ergonomics)
[577.603s][info][gc,phases,start] GC(1539) Marking Phase
[577.894s][info][gc,phases      ] GC(1539) Marking Phase 290.716ms
[577.894s][info][gc,phases,start] GC(1539) Summary Phase
[577.894s][info][gc,phases      ] GC(1539) Summary Phase 0.036ms
[577.894s][info][gc,phases,start] GC(1539) Adjust Roots
[577.894s][info][gc,phases      ] GC(1539) Adjust Roots 0.262ms
[577.894s][info][gc,phases,start] GC(1539) Compaction Phase
[577.993s][info][gc,phases      ] GC(1539) Compaction Phase 99.075ms
[577.993s][info][gc,phases,start] GC(1539) Post Compact
[577.995s][info][gc,phases      ] GC(1539) Post Compact 1.538ms
[577.995s][info][gc,heap        ] GC(1539) PSYoungGen: 33771K(77312K)->33771K(77312K) Eden: 24575K(24576K)->24575K(24576K) From: 9195K(52736K)->9195K(52736K)
[577.995s][info][gc,heap        ] GC(1539) ParOldGen: 341175K(341504K)->341175K(341504K)
[577.995s][info][gc,metaspace   ] GC(1539) Metaspace: 6296K(6464K)->6296K(6464K) NonClass: 5763K(5824K)->5763K(5824K) Class: 532K(640K)->532K(640K)
[577.995s][info][gc             ] GC(1539) Pause Full (Ergonomics) 366M->366M(409M) 392.036ms
[577.995s][info][gc,cpu         ] GC(1539) User=0.38s Sys=0.00s Real=0.39s
[577.995s][info][gc,start       ] GC(1540) Pause Full (Ergonomics)
[577.995s][info][gc,phases,start] GC(1540) Marking Phase
[578.285s][info][gc,phases      ] GC(1540) Marking Phase 289.481ms
[578.285s][info][gc,phases,start] GC(1540) Summary Phase
[578.285s][info][gc,phases      ] GC(1540) Summary Phase 0.035ms
[578.285s][info][gc,phases,start] GC(1540) Adjust Roots
[578.285s][info][gc,phases      ] GC(1540) Adjust Roots 0.243ms
[578.285s][info][gc,phases,start] GC(1540) Compaction Phase
[578.384s][info][gc,phases      ] GC(1540) Compaction Phase 98.456ms
[578.384s][info][gc,phases,start] GC(1540) Post Compact
[578.385s][info][gc,phases      ] GC(1540) Post Compact 1.535ms
[578.385s][info][gc,heap        ] GC(1540) PSYoungGen: 33771K(77312K)->33771K(77312K) Eden: 24575K(24576K)->24575K(24576K) From: 9195K(52736K)->9195K(52736K)
[578.385s][info][gc,heap        ] GC(1540) ParOldGen: 341180K(341504K)->341180K(341504K)
[578.385s][info][gc,metaspace   ] GC(1540) Metaspace: 6296K(6464K)->6296K(6464K) NonClass: 5763K(5824K)->5763K(5824K) Class: 532K(640K)->532K(640K)
[578.385s][info][gc             ] GC(1540) Pause Full (Ergonomics) 366M->366M(409M) 390.182ms
[578.385s][info][gc,cpu         ] GC(1540) User=0.36s Sys=0.02s Real=0.39s
[578.386s][info][gc,start       ] GC(1541) Pause Full (Ergonomics)
[578.386s][info][gc,phases,start] GC(1541) Marking Phase
[578.672s][info][gc,phases      ] GC(1541) Marking Phase 286.370ms
[578.672s][info][gc,phases,start] GC(1541) Summary Phase
[578.672s][info][gc,phases      ] GC(1541) Summary Phase 0.035ms
[578.672s][info][gc,phases,start] GC(1541) Adjust Roots
[578.673s][info][gc,phases      ] GC(1541) Adjust Roots 0.298ms
[578.673s][info][gc,phases,start] GC(1541) Compaction Phase
[578.770s][info][gc,phases      ] GC(1541) Compaction Phase 97.310ms
[578.770s][info][gc,phases,start] GC(1541) Post Compact
[578.772s][info][gc,phases      ] GC(1541) Post Compact 1.622ms
[578.772s][info][gc,heap        ] GC(1541) PSYoungGen: 33771K(77312K)->33771K(77312K) Eden: 24575K(24576K)->24575K(24576K) From: 9195K(52736K)->9195K(52736K)
[578.772s][info][gc,heap        ] GC(1541) ParOldGen: 341184K(341504K)->341184K(341504K)
[578.772s][info][gc,metaspace   ] GC(1541) Metaspace: 6296K(6464K)->6296K(6464K) NonClass: 5763K(5824K)->5763K(5824K) Class: 532K(640K)->532K(640K)
[578.772s][info][gc             ] GC(1541) Pause Full (Ergonomics) 366M->366M(409M) 386.022ms
[578.772s][info][gc,cpu         ] GC(1541) User=0.34s Sys=0.00s Real=0.39s
[578.772s][info][gc,start       ] GC(1542) Pause Full (Ergonomics)
[578.772s][info][gc,phases,start] GC(1542) Marking Phase
[579.063s][info][gc,phases      ] GC(1542) Marking Phase 291.036ms
[579.063s][info][gc,phases,start] GC(1542) Summary Phase
[579.063s][info][gc,phases      ] GC(1542) Summary Phase 0.035ms
[579.063s][info][gc,phases,start] GC(1542) Adjust Roots
[579.063s][info][gc,phases      ] GC(1542) Adjust Roots 0.255ms
[579.063s][info][gc,phases,start] GC(1542) Compaction Phase
[579.162s][info][gc,phases      ] GC(1542) Compaction Phase 98.989ms
[579.163s][info][gc,phases,start] GC(1542) Post Compact
[579.164s][info][gc,phases      ] GC(1542) Post Compact 1.556ms
[579.164s][info][gc,heap        ] GC(1542) PSYoungGen: 33771K(77312K)->33771K(77312K) Eden: 24575K(24576K)->24575K(24576K) From: 9195K(52736K)->9195K(52736K)
[579.164s][info][gc,heap        ] GC(1542) ParOldGen: 341189K(341504K)->341189K(341504K)
[579.164s][info][gc,metaspace   ] GC(1542) Metaspace: 6296K(6464K)->6296K(6464K) NonClass: 5763K(5824K)->5763K(5824K) Class: 532K(640K)->532K(640K)
[579.164s][info][gc             ] GC(1542) Pause Full (Ergonomics) 366M->366M(409M) 392.277ms
[579.164s][info][gc,cpu         ] GC(1542) User=0.38s Sys=0.00s Real=0.39s
[579.165s][info][gc,start       ] GC(1543) Pause Full (Ergonomics)
[579.165s][info][gc,phases,start] GC(1543) Marking Phase
[579.450s][info][gc,phases      ] GC(1543) Marking Phase 285.479ms
[579.450s][info][gc,phases,start] GC(1543) Summary Phase
[579.450s][info][gc,phases      ] GC(1543) Summary Phase 0.035ms
[579.450s][info][gc,phases,start] GC(1543) Adjust Roots
[579.451s][info][gc,phases      ] GC(1543) Adjust Roots 0.267ms
[579.451s][info][gc,phases,start] GC(1543) Compaction Phase
[579.549s][info][gc,phases      ] GC(1543) Compaction Phase 98.040ms
[579.549s][info][gc,phases,start] GC(1543) Post Compact
[579.550s][info][gc,phases      ] GC(1543) Post Compact 1.583ms
[579.550s][info][gc,heap        ] GC(1543) PSYoungGen: 33771K(77312K)->33771K(77312K) Eden: 24575K(24576K)->24575K(24576K) From: 9195K(52736K)->9195K(52736K)
[579.550s][info][gc,heap        ] GC(1543) ParOldGen: 341194K(341504K)->341194K(341504K)
[579.550s][info][gc,metaspace   ] GC(1543) Metaspace: 6296K(6464K)->6296K(6464K) NonClass: 5763K(5824K)->5763K(5824K) Class: 532K(640K)->532K(640K)
[579.550s][info][gc             ] GC(1543) Pause Full (Ergonomics) 366M->366M(409M) 385.784ms
[579.550s][info][gc,cpu         ] GC(1543) User=0.34s Sys=0.00s Real=0.38s
[579.551s][info][gc,start       ] GC(1544) Pause Full (Ergonomics)
[579.551s][info][gc,phases,start] GC(1544) Marking Phase
[579.840s][info][gc,phases      ] GC(1544) Marking Phase 289.045ms
[579.840s][info][gc,phases,start] GC(1544) Summary Phase
[579.840s][info][gc,phases      ] GC(1544) Summary Phase 0.035ms
[579.840s][info][gc,phases,start] GC(1544) Adjust Roots
[579.840s][info][gc,phases      ] GC(1544) Adjust Roots 0.262ms
[579.840s][info][gc,phases,start] GC(1544) Compaction Phase
[579.939s][info][gc,phases      ] GC(1544) Compaction Phase 99.040ms
[579.939s][info][gc,phases,start] GC(1544) Post Compact
[579.941s][info][gc,phases      ] GC(1544) Post Compact 1.531ms
[579.941s][info][gc,heap        ] GC(1544) PSYoungGen: 33771K(77312K)->33771K(77312K) Eden: 24575K(24576K)->24575K(24576K) From: 9195K(52736K)->9195K(52736K)
[579.941s][info][gc,heap        ] GC(1544) ParOldGen: 341198K(341504K)->341198K(341504K)
[579.941s][info][gc,metaspace   ] GC(1544) Metaspace: 6296K(6464K)->6296K(6464K) NonClass: 5763K(5824K)->5763K(5824K) Class: 532K(640K)->532K(640K)
[579.941s][info][gc             ] GC(1544) Pause Full (Ergonomics) 366M->366M(409M) 390.336ms
[579.941s][info][gc,cpu         ] GC(1544) User=0.36s Sys=0.00s Real=0.39s
[579.941s][info][gc,start       ] GC(1545) Pause Full (Ergonomics)
[579.941s][info][gc,phases,start] GC(1545) Marking Phase
[580.228s][info][gc,phases      ] GC(1545) Marking Phase 286.885ms
[580.228s][info][gc,phases,start] GC(1545) Summary Phase
[580.228s][info][gc,phases      ] GC(1545) Summary Phase 0.035ms
[580.228s][info][gc,phases,start] GC(1545) Adjust Roots
[580.229s][info][gc,phases      ] GC(1545) Adjust Roots 0.261ms
[580.229s][info][gc,phases,start] GC(1545) Compaction Phase
[580.326s][info][gc,phases      ] GC(1545) Compaction Phase 97.109ms
[580.326s][info][gc,phases,start] GC(1545) Post Compact
[580.327s][info][gc,phases      ] GC(1545) Post Compact 1.552ms
[580.328s][info][gc,heap        ] GC(1545) PSYoungGen: 33771K(77312K)->33771K(77312K) Eden: 24575K(24576K)->24575K(24576K) From: 9195K(52736K)->9195K(52736K)
[580.328s][info][gc,heap        ] GC(1545) ParOldGen: 341203K(341504K)->341203K(341504K)
[580.328s][info][gc,metaspace   ] GC(1545) Metaspace: 6296K(6464K)->6296K(6464K) NonClass: 5763K(5824K)->5763K(5824K) Class: 532K(640K)->532K(640K)
[580.328s][info][gc             ] GC(1545) Pause Full (Ergonomics) 366M->366M(409M) 386.244ms
[580.328s][info][gc,cpu         ] GC(1545) User=0.34s Sys=0.02s Real=0.39s
[580.328s][info][gc,start       ] GC(1546) Pause Full (Ergonomics)
[580.328s][info][gc,phases,start] GC(1546) Marking Phase
[580.619s][info][gc,phases      ] GC(1546) Marking Phase 290.984ms
[580.619s][info][gc,phases,start] GC(1546) Summary Phase
[580.619s][info][gc,phases      ] GC(1546) Summary Phase 0.036ms
[580.619s][info][gc,phases,start] GC(1546) Adjust Roots
[580.619s][info][gc,phases      ] GC(1546) Adjust Roots 0.244ms
[580.619s][info][gc,phases,start] GC(1546) Compaction Phase
[580.718s][info][gc,phases      ] GC(1546) Compaction Phase 98.575ms
[580.718s][info][gc,phases,start] GC(1546) Post Compact
[580.720s][info][gc,phases      ] GC(1546) Post Compact 1.579ms
[580.720s][info][gc,heap        ] GC(1546) PSYoungGen: 33771K(77312K)->33771K(77312K) Eden: 24575K(24576K)->24575K(24576K) From: 9195K(52736K)->9195K(52736K)
[580.720s][info][gc,heap        ] GC(1546) ParOldGen: 341208K(341504K)->341208K(341504K)
[580.720s][info][gc,metaspace   ] GC(1546) Metaspace: 6296K(6464K)->6296K(6464K) NonClass: 5763K(5824K)->5763K(5824K) Class: 532K(640K)->532K(640K)
[580.720s][info][gc             ] GC(1546) Pause Full (Ergonomics) 366M->366M(409M) 391.847ms
[580.720s][info][gc,cpu         ] GC(1546) User=0.38s Sys=0.00s Real=0.39s
[580.720s][info][gc,start       ] GC(1547) Pause Full (Ergonomics)
[580.720s][info][gc,phases,start] GC(1547) Marking Phase
[581.007s][info][gc,phases      ] GC(1547) Marking Phase 286.922ms
[581.007s][info][gc,phases,start] GC(1547) Summary Phase
[581.007s][info][gc,phases      ] GC(1547) Summary Phase 0.034ms
[581.007s][info][gc,phases,start] GC(1547) Adjust Roots
[581.007s][info][gc,phases      ] GC(1547) Adjust Roots 0.291ms
[581.007s][info][gc,phases,start] GC(1547) Compaction Phase
[581.106s][info][gc,phases      ] GC(1547) Compaction Phase 98.682ms
[581.106s][info][gc,phases,start] GC(1547) Post Compact
[581.108s][info][gc,phases      ] GC(1547) Post Compact 1.543ms
[581.108s][info][gc,heap        ] GC(1547) PSYoungGen: 33771K(77312K)->33771K(77312K) Eden: 24575K(24576K)->24575K(24576K) From: 9195K(52736K)->9195K(52736K)
[581.108s][info][gc,heap        ] GC(1547) ParOldGen: 341212K(341504K)->341212K(341504K)
[581.108s][info][gc,metaspace   ] GC(1547) Metaspace: 6296K(6464K)->6296K(6464K) NonClass: 5763K(5824K)->5763K(5824K) Class: 532K(640K)->532K(640K)
[581.108s][info][gc             ] GC(1547) Pause Full (Ergonomics) 366M->366M(409M) 387.856ms
[581.108s][info][gc,cpu         ] GC(1547) User=0.36s Sys=0.00s Real=0.39s
[581.108s][info][gc,start       ] GC(1548) Pause Full (Ergonomics)
[581.108s][info][gc,phases,start] GC(1548) Marking Phase
[581.395s][info][gc,phases      ] GC(1548) Marking Phase 287.052ms
[581.396s][info][gc,phases,start] GC(1548) Summary Phase
[581.396s][info][gc,phases      ] GC(1548) Summary Phase 0.034ms
[581.396s][info][gc,phases,start] GC(1548) Adjust Roots
[581.396s][info][gc,phases      ] GC(1548) Adjust Roots 0.294ms
[581.396s][info][gc,phases,start] GC(1548) Compaction Phase
[581.494s][info][gc,phases      ] GC(1548) Compaction Phase 97.679ms
[581.494s][info][gc,phases,start] GC(1548) Post Compact
[581.495s][info][gc,phases      ] GC(1548) Post Compact 1.538ms
[581.495s][info][gc,heap        ] GC(1548) PSYoungGen: 33771K(77312K)->33771K(77312K) Eden: 24575K(24576K)->24575K(24576K) From: 9195K(52736K)->9195K(52736K)
[581.495s][info][gc,heap        ] GC(1548) ParOldGen: 341217K(341504K)->341217K(341504K)
[581.495s][info][gc,metaspace   ] GC(1548) Metaspace: 6296K(6464K)->6296K(6464K) NonClass: 5763K(5824K)->5763K(5824K) Class: 532K(640K)->532K(640K)
[581.495s][info][gc             ] GC(1548) Pause Full (Ergonomics) 366M->366M(409M) 386.965ms
[581.495s][info][gc,cpu         ] GC(1548) User=0.36s Sys=0.00s Real=0.39s
[581.496s][info][gc,start       ] GC(1549) Pause Full (Ergonomics)
[581.496s][info][gc,phases,start] GC(1549) Marking Phase
[581.788s][info][gc,phases      ] GC(1549) Marking Phase 292.501ms
[581.788s][info][gc,phases,start] GC(1549) Summary Phase
[581.788s][info][gc,phases      ] GC(1549) Summary Phase 0.036ms
[581.788s][info][gc,phases,start] GC(1549) Adjust Roots
[581.789s][info][gc,phases      ] GC(1549) Adjust Roots 0.249ms
[581.789s][info][gc,phases,start] GC(1549) Compaction Phase
[581.887s][info][gc,phases      ] GC(1549) Compaction Phase 98.333ms
[581.887s][info][gc,phases,start] GC(1549) Post Compact
[581.889s][info][gc,phases      ] GC(1549) Post Compact 1.529ms
[581.889s][info][gc,heap        ] GC(1549) PSYoungGen: 33771K(77312K)->33771K(77312K) Eden: 24575K(24576K)->24575K(24576K) From: 9195K(52736K)->9195K(52736K)
[581.889s][info][gc,heap        ] GC(1549) ParOldGen: 341222K(341504K)->341222K(341504K)
[581.889s][info][gc,metaspace   ] GC(1549) Metaspace: 6296K(6464K)->6296K(6464K) NonClass: 5763K(5824K)->5763K(5824K) Class: 532K(640K)->532K(640K)
[581.889s][info][gc             ] GC(1549) Pause Full (Ergonomics) 366M->366M(409M) 393.060ms
[581.889s][info][gc,cpu         ] GC(1549) User=0.38s Sys=0.00s Real=0.39s
[581.889s][info][gc,start       ] GC(1550) Pause Full (Ergonomics)
[581.889s][info][gc,phases,start] GC(1550) Marking Phase
[582.176s][info][gc,phases      ] GC(1550) Marking Phase 286.877ms
[582.176s][info][gc,phases,start] GC(1550) Summary Phase
[582.176s][info][gc,phases      ] GC(1550) Summary Phase 0.034ms
[582.176s][info][gc,phases,start] GC(1550) Adjust Roots
[582.177s][info][gc,phases      ] GC(1550) Adjust Roots 0.286ms
[582.177s][info][gc,phases,start] GC(1550) Compaction Phase
[582.271s][info][gc,phases      ] GC(1550) Compaction Phase 94.556ms
[582.271s][info][gc,phases,start] GC(1550) Post Compact
[582.273s][info][gc,phases      ] GC(1550) Post Compact 1.546ms
[582.273s][info][gc,heap        ] GC(1550) PSYoungGen: 33771K(77312K)->33771K(77312K) Eden: 24575K(24576K)->24575K(24576K) From: 9195K(52736K)->9195K(52736K)
[582.273s][info][gc,heap        ] GC(1550) ParOldGen: 341226K(341504K)->341226K(341504K)
[582.273s][info][gc,metaspace   ] GC(1550) Metaspace: 6296K(6464K)->6296K(6464K) NonClass: 5763K(5824K)->5763K(5824K) Class: 532K(640K)->532K(640K)
[582.273s][info][gc             ] GC(1550) Pause Full (Ergonomics) 366M->366M(409M) 383.737ms
[582.273s][info][gc,cpu         ] GC(1550) User=0.38s Sys=0.00s Real=0.38s
[582.273s][info][gc,start       ] GC(1551) Pause Full (Ergonomics)
[582.273s][info][gc,phases,start] GC(1551) Marking Phase
[582.572s][info][gc,phases      ] GC(1551) Marking Phase 298.457ms
[582.572s][info][gc,phases,start] GC(1551) Summary Phase
[582.572s][info][gc,phases      ] GC(1551) Summary Phase 0.024ms
[582.572s][info][gc,phases,start] GC(1551) Adjust Roots
[582.572s][info][gc,phases      ] GC(1551) Adjust Roots 0.230ms
[582.572s][info][gc,phases,start] GC(1551) Compaction Phase
[582.679s][info][gc,phases      ] GC(1551) Compaction Phase 106.805ms
[582.679s][info][gc,phases,start] GC(1551) Post Compact
[582.680s][info][gc,phases      ] GC(1551) Post Compact 1.532ms
[582.681s][info][gc,heap        ] GC(1551) PSYoungGen: 33771K(77312K)->33771K(77312K) Eden: 24575K(24576K)->24575K(24576K) From: 9195K(52736K)->9195K(52736K)
[582.681s][info][gc,heap        ] GC(1551) ParOldGen: 341231K(341504K)->341231K(341504K)
[582.681s][info][gc,metaspace   ] GC(1551) Metaspace: 6296K(6464K)->6296K(6464K) NonClass: 5763K(5824K)->5763K(5824K) Class: 532K(640K)->532K(640K)
[582.681s][info][gc             ] GC(1551) Pause Full (Ergonomics) 366M->366M(409M) 407.398ms
[582.681s][info][gc,cpu         ] GC(1551) User=0.36s Sys=0.00s Real=0.41s
[582.681s][info][gc,start       ] GC(1552) Pause Full (Ergonomics)
[582.681s][info][gc,phases,start] GC(1552) Marking Phase
[582.972s][info][gc,phases      ] GC(1552) Marking Phase 290.620ms
[582.972s][info][gc,phases,start] GC(1552) Summary Phase
[582.972s][info][gc,phases      ] GC(1552) Summary Phase 0.043ms
[582.972s][info][gc,phases,start] GC(1552) Adjust Roots
[582.972s][info][gc,phases      ] GC(1552) Adjust Roots 0.242ms
[582.972s][info][gc,phases,start] GC(1552) Compaction Phase
[583.068s][info][gc,phases      ] GC(1552) Compaction Phase 96.256ms
[583.068s][info][gc,phases,start] GC(1552) Post Compact
[583.070s][info][gc,phases      ] GC(1552) Post Compact 1.543ms
[583.070s][info][gc,heap        ] GC(1552) PSYoungGen: 33771K(77312K)->33771K(77312K) Eden: 24575K(24576K)->24575K(24576K) From: 9195K(52736K)->9195K(52736K)
[583.070s][info][gc,heap        ] GC(1552) ParOldGen: 341236K(341504K)->341236K(341504K)
[583.070s][info][gc,metaspace   ] GC(1552) Metaspace: 6296K(6464K)->6296K(6464K) NonClass: 5763K(5824K)->5763K(5824K) Class: 532K(640K)->532K(640K)
[583.070s][info][gc             ] GC(1552) Pause Full (Ergonomics) 366M->366M(409M) 389.112ms
[583.070s][info][gc,cpu         ] GC(1552) User=0.36s Sys=0.00s Real=0.39s
[583.070s][info][gc,start       ] GC(1553) Pause Full (Ergonomics)
[583.070s][info][gc,phases,start] GC(1553) Marking Phase
[583.360s][info][gc,phases      ] GC(1553) Marking Phase 289.535ms
[583.360s][info][gc,phases,start] GC(1553) Summary Phase
[583.360s][info][gc,phases      ] GC(1553) Summary Phase 0.035ms
[583.360s][info][gc,phases,start] GC(1553) Adjust Roots
[583.360s][info][gc,phases      ] GC(1553) Adjust Roots 0.278ms
[583.360s][info][gc,phases,start] GC(1553) Compaction Phase
[583.459s][info][gc,phases      ] GC(1553) Compaction Phase 98.261ms
[583.459s][info][gc,phases,start] GC(1553) Post Compact
[583.460s][info][gc,phases      ] GC(1553) Post Compact 1.577ms
[583.460s][info][gc,heap        ] GC(1553) PSYoungGen: 33771K(77312K)->33771K(77312K) Eden: 24575K(24576K)->24575K(24576K) From: 9195K(52736K)->9195K(52736K)
[583.460s][info][gc,heap        ] GC(1553) ParOldGen: 341240K(341504K)->341240K(341504K)
[583.460s][info][gc,metaspace   ] GC(1553) Metaspace: 6296K(6464K)->6296K(6464K) NonClass: 5763K(5824K)->5763K(5824K) Class: 532K(640K)->532K(640K)
[583.460s][info][gc             ] GC(1553) Pause Full (Ergonomics) 366M->366M(409M) 390.049ms
[583.460s][info][gc,cpu         ] GC(1553) User=0.36s Sys=0.00s Real=0.39s
[583.461s][info][gc,start       ] GC(1554) Pause Full (Ergonomics)
[583.461s][info][gc,phases,start] GC(1554) Marking Phase
[583.747s][info][gc,phases      ] GC(1554) Marking Phase 286.527ms
[583.747s][info][gc,phases,start] GC(1554) Summary Phase
[583.747s][info][gc,phases      ] GC(1554) Summary Phase 0.034ms
[583.747s][info][gc,phases,start] GC(1554) Adjust Roots
[583.748s][info][gc,phases      ] GC(1554) Adjust Roots 0.264ms
[583.748s][info][gc,phases,start] GC(1554) Compaction Phase
[583.845s][info][gc,phases      ] GC(1554) Compaction Phase 97.677ms
[583.845s][info][gc,phases,start] GC(1554) Post Compact
[583.847s][info][gc,phases      ] GC(1554) Post Compact 1.553ms
[583.847s][info][gc,heap        ] GC(1554) PSYoungGen: 33771K(77312K)->33771K(77312K) Eden: 24575K(24576K)->24575K(24576K) From: 9195K(52736K)->9195K(52736K)
[583.847s][info][gc,heap        ] GC(1554) ParOldGen: 341245K(341504K)->341245K(341504K)
[583.847s][info][gc,metaspace   ] GC(1554) Metaspace: 6296K(6464K)->6296K(6464K) NonClass: 5763K(5824K)->5763K(5824K) Class: 532K(640K)->532K(640K)
[583.847s][info][gc             ] GC(1554) Pause Full (Ergonomics) 366M->366M(409M) 386.437ms
[583.847s][info][gc,cpu         ] GC(1554) User=0.34s Sys=0.00s Real=0.39s
[583.847s][info][gc,start       ] GC(1555) Pause Full (Ergonomics)
[583.847s][info][gc,phases,start] GC(1555) Marking Phase
[584.134s][info][gc,phases      ] GC(1555) Marking Phase 286.865ms
[584.134s][info][gc,phases,start] GC(1555) Summary Phase
[584.134s][info][gc,phases      ] GC(1555) Summary Phase 0.034ms
[584.134s][info][gc,phases,start] GC(1555) Adjust Roots
[584.135s][info][gc,phases      ] GC(1555) Adjust Roots 0.274ms
[584.135s][info][gc,phases,start] GC(1555) Compaction Phase
[584.231s][info][gc,phases      ] GC(1555) Compaction Phase 96.530ms
[584.231s][info][gc,phases,start] GC(1555) Post Compact
[584.233s][info][gc,phases      ] GC(1555) Post Compact 1.561ms
[584.233s][info][gc,heap        ] GC(1555) PSYoungGen: 33771K(77312K)->33771K(77312K) Eden: 24575K(24576K)->24575K(24576K) From: 9195K(52736K)->9195K(52736K)
[584.233s][info][gc,heap        ] GC(1555) ParOldGen: 341250K(341504K)->341250K(341504K)
[584.233s][info][gc,metaspace   ] GC(1555) Metaspace: 6296K(6464K)->6296K(6464K) NonClass: 5763K(5824K)->5763K(5824K) Class: 532K(640K)->532K(640K)
[584.233s][info][gc             ] GC(1555) Pause Full (Ergonomics) 366M->366M(409M) 385.699ms
[584.233s][info][gc,cpu         ] GC(1555) User=0.36s Sys=0.00s Real=0.39s
[584.233s][info][gc,start       ] GC(1556) Pause Full (Ergonomics)
[584.233s][info][gc,phases,start] GC(1556) Marking Phase
[584.524s][info][gc,phases      ] GC(1556) Marking Phase 290.595ms
[584.524s][info][gc,phases,start] GC(1556) Summary Phase
[584.524s][info][gc,phases      ] GC(1556) Summary Phase 0.035ms
[584.524s][info][gc,phases,start] GC(1556) Adjust Roots
[584.524s][info][gc,phases      ] GC(1556) Adjust Roots 0.305ms
[584.524s][info][gc,phases,start] GC(1556) Compaction Phase
[584.624s][info][gc,phases      ] GC(1556) Compaction Phase 99.424ms
[584.624s][info][gc,phases,start] GC(1556) Post Compact
[584.625s][info][gc,phases      ] GC(1556) Post Compact 1.547ms
[584.626s][info][gc,heap        ] GC(1556) PSYoungGen: 33771K(77312K)->33771K(77312K) Eden: 24575K(24576K)->24575K(24576K) From: 9195K(52736K)->9195K(52736K)
[584.626s][info][gc,heap        ] GC(1556) ParOldGen: 341254K(341504K)->341254K(341504K)
[584.626s][info][gc,metaspace   ] GC(1556) Metaspace: 6296K(6464K)->6296K(6464K) NonClass: 5763K(5824K)->5763K(5824K) Class: 532K(640K)->532K(640K)
[584.626s][info][gc             ] GC(1556) Pause Full (Ergonomics) 366M->366M(409M) 392.318ms
[584.626s][info][gc,cpu         ] GC(1556) User=0.38s Sys=0.00s Real=0.39s
[584.626s][info][gc,start       ] GC(1557) Pause Full (Ergonomics)
[584.626s][info][gc,phases,start] GC(1557) Marking Phase
[584.913s][info][gc,phases      ] GC(1557) Marking Phase 286.994ms
[584.913s][info][gc,phases,start] GC(1557) Summary Phase
[584.913s][info][gc,phases      ] GC(1557) Summary Phase 0.023ms
[584.913s][info][gc,phases,start] GC(1557) Adjust Roots
[584.913s][info][gc,phases      ] GC(1557) Adjust Roots 0.230ms
[584.913s][info][gc,phases,start] GC(1557) Compaction Phase
[585.010s][info][gc,phases      ] GC(1557) Compaction Phase 97.076ms
[585.010s][info][gc,phases,start] GC(1557) Post Compact
[585.012s][info][gc,phases      ] GC(1557) Post Compact 1.532ms
[585.012s][info][gc,heap        ] GC(1557) PSYoungGen: 33771K(77312K)->33771K(77312K) Eden: 24575K(24576K)->24575K(24576K) From: 9195K(52736K)->9195K(52736K)
[585.012s][info][gc,heap        ] GC(1557) ParOldGen: 341259K(341504K)->341259K(341504K)
[585.012s][info][gc,metaspace   ] GC(1557) Metaspace: 6296K(6464K)->6296K(6464K) NonClass: 5763K(5824K)->5763K(5824K) Class: 532K(640K)->532K(640K)
[585.012s][info][gc             ] GC(1557) Pause Full (Ergonomics) 366M->366M(409M) 386.244ms
[585.012s][info][gc,cpu         ] GC(1557) User=0.36s Sys=0.00s Real=0.39s
[585.012s][info][gc,start       ] GC(1558) Pause Full (Ergonomics)
[585.012s][info][gc,phases,start] GC(1558) Marking Phase
[585.303s][info][gc,phases      ] GC(1558) Marking Phase 290.786ms
[585.303s][info][gc,phases,start] GC(1558) Summary Phase
[585.303s][info][gc,phases      ] GC(1558) Summary Phase 0.035ms
[585.303s][info][gc,phases,start] GC(1558) Adjust Roots
[585.304s][info][gc,phases      ] GC(1558) Adjust Roots 0.268ms
[585.304s][info][gc,phases,start] GC(1558) Compaction Phase
[585.403s][info][gc,phases      ] GC(1558) Compaction Phase 98.978ms
[585.403s][info][gc,phases,start] GC(1558) Post Compact
[585.404s][info][gc,phases      ] GC(1558) Post Compact 1.518ms
[585.404s][info][gc,heap        ] GC(1558) PSYoungGen: 33771K(77312K)->33771K(77312K) Eden: 24575K(24576K)->24575K(24576K) From: 9195K(52736K)->9195K(52736K)
[585.404s][info][gc,heap        ] GC(1558) ParOldGen: 341264K(341504K)->341264K(341504K)
[585.404s][info][gc,metaspace   ] GC(1558) Metaspace: 6296K(6464K)->6296K(6464K) NonClass: 5763K(5824K)->5763K(5824K) Class: 532K(640K)->532K(640K)
[585.404s][info][gc             ] GC(1558) Pause Full (Ergonomics) 366M->366M(409M) 392.037ms
[585.404s][info][gc,cpu         ] GC(1558) User=0.34s Sys=0.02s Real=0.39s
[585.405s][info][gc,start       ] GC(1559) Pause Full (Ergonomics)
[585.405s][info][gc,phases,start] GC(1559) Marking Phase
[585.692s][info][gc,phases      ] GC(1559) Marking Phase 287.166ms
[585.692s][info][gc,phases,start] GC(1559) Summary Phase
[585.692s][info][gc,phases      ] GC(1559) Summary Phase 0.035ms
[585.692s][info][gc,phases,start] GC(1559) Adjust Roots
[585.692s][info][gc,phases      ] GC(1559) Adjust Roots 0.268ms
[585.692s][info][gc,phases,start] GC(1559) Compaction Phase
[585.790s][info][gc,phases      ] GC(1559) Compaction Phase 97.555ms
[585.790s][info][gc,phases,start] GC(1559) Post Compact
[585.792s][info][gc,phases      ] GC(1559) Post Compact 1.532ms
[585.792s][info][gc,heap        ] GC(1559) PSYoungGen: 33771K(77312K)->33771K(77312K) Eden: 24575K(24576K)->24575K(24576K) From: 9195K(52736K)->9195K(52736K)
[585.792s][info][gc,heap        ] GC(1559) ParOldGen: 341268K(341504K)->341268K(341504K)
[585.792s][info][gc,metaspace   ] GC(1559) Metaspace: 6296K(6464K)->6296K(6464K) NonClass: 5763K(5824K)->5763K(5824K) Class: 532K(640K)->532K(640K)
[585.792s][info][gc             ] GC(1559) Pause Full (Ergonomics) 366M->366M(409M) 386.958ms
[585.792s][info][gc,cpu         ] GC(1559) User=0.38s Sys=0.00s Real=0.39s
[585.792s][info][gc,start       ] GC(1560) Pause Full (Ergonomics)
[585.792s][info][gc,phases,start] GC(1560) Marking Phase
[586.083s][info][gc,phases      ] GC(1560) Marking Phase 290.963ms
[586.083s][info][gc,phases,start] GC(1560) Summary Phase
[586.083s][info][gc,phases      ] GC(1560) Summary Phase 0.035ms
[586.083s][info][gc,phases,start] GC(1560) Adjust Roots
[586.083s][info][gc,phases      ] GC(1560) Adjust Roots 0.256ms
[586.083s][info][gc,phases,start] GC(1560) Compaction Phase
[586.182s][info][gc,phases      ] GC(1560) Compaction Phase 98.939ms
[586.182s][info][gc,phases,start] GC(1560) Post Compact
[586.184s][info][gc,phases      ] GC(1560) Post Compact 1.568ms
[586.184s][info][gc,heap        ] GC(1560) PSYoungGen: 33771K(77312K)->33771K(77312K) Eden: 24575K(24576K)->24575K(24576K) From: 9195K(52736K)->9195K(52736K)
[586.184s][info][gc,heap        ] GC(1560) ParOldGen: 341273K(341504K)->341273K(341504K)
[586.184s][info][gc,metaspace   ] GC(1560) Metaspace: 6296K(6464K)->6296K(6464K) NonClass: 5763K(5824K)->5763K(5824K) Class: 532K(640K)->532K(640K)
[586.184s][info][gc             ] GC(1560) Pause Full (Ergonomics) 366M->366M(409M) 392.134ms
[586.184s][info][gc,cpu         ] GC(1560) User=0.38s Sys=0.00s Real=0.39s
[586.185s][info][gc,start       ] GC(1561) Pause Full (Ergonomics)
[586.185s][info][gc,phases,start] GC(1561) Marking Phase
[586.471s][info][gc,phases      ] GC(1561) Marking Phase 285.986ms
[586.471s][info][gc,phases,start] GC(1561) Summary Phase
[586.471s][info][gc,phases      ] GC(1561) Summary Phase 0.034ms
[586.471s][info][gc,phases,start] GC(1561) Adjust Roots
[586.471s][info][gc,phases      ] GC(1561) Adjust Roots 0.248ms
[586.471s][info][gc,phases,start] GC(1561) Compaction Phase
[586.568s][info][gc,phases      ] GC(1561) Compaction Phase 96.841ms
[586.568s][info][gc,phases,start] GC(1561) Post Compact
[586.570s][info][gc,phases      ] GC(1561) Post Compact 1.572ms
[586.570s][info][gc,heap        ] GC(1561) PSYoungGen: 33771K(77312K)->33771K(77312K) Eden: 24575K(24576K)->24575K(24576K) From: 9195K(52736K)->9195K(52736K)
[586.570s][info][gc,heap        ] GC(1561) ParOldGen: 341278K(341504K)->341278K(341504K)
[586.570s][info][gc,metaspace   ] GC(1561) Metaspace: 6296K(6464K)->6296K(6464K) NonClass: 5763K(5824K)->5763K(5824K) Class: 532K(640K)->532K(640K)
[586.570s][info][gc             ] GC(1561) Pause Full (Ergonomics) 366M->366M(409M) 385.075ms
[586.570s][info][gc,cpu         ] GC(1561) User=0.34s Sys=0.00s Real=0.38s
[586.570s][info][gc,start       ] GC(1562) Pause Full (Ergonomics)
[586.570s][info][gc,phases,start] GC(1562) Marking Phase
[586.858s][info][gc,phases      ] GC(1562) Marking Phase 287.598ms
[586.858s][info][gc,phases,start] GC(1562) Summary Phase
[586.858s][info][gc,phases      ] GC(1562) Summary Phase 0.035ms
[586.858s][info][gc,phases,start] GC(1562) Adjust Roots
[586.858s][info][gc,phases      ] GC(1562) Adjust Roots 0.273ms
[586.858s][info][gc,phases,start] GC(1562) Compaction Phase
[586.958s][info][gc,phases      ] GC(1562) Compaction Phase 99.578ms
[586.958s][info][gc,phases,start] GC(1562) Post Compact
[586.959s][info][gc,phases      ] GC(1562) Post Compact 1.522ms
[586.959s][info][gc,heap        ] GC(1562) PSYoungGen: 33771K(77312K)->33771K(77312K) Eden: 24575K(24576K)->24575K(24576K) From: 9195K(52736K)->9195K(52736K)
[586.959s][info][gc,heap        ] GC(1562) ParOldGen: 341282K(341504K)->341282K(341504K)
[586.959s][info][gc,metaspace   ] GC(1562) Metaspace: 6296K(6464K)->6296K(6464K) NonClass: 5763K(5824K)->5763K(5824K) Class: 532K(640K)->532K(640K)
[586.959s][info][gc             ] GC(1562) Pause Full (Ergonomics) 366M->366M(409M) 389.501ms
[586.959s][info][gc,cpu         ] GC(1562) User=0.34s Sys=0.00s Real=0.39s
[586.960s][info][gc,start       ] GC(1563) Pause Full (Ergonomics)
[586.960s][info][gc,phases,start] GC(1563) Marking Phase
[587.248s][info][gc,phases      ] GC(1563) Marking Phase 288.077ms
[587.248s][info][gc,phases,start] GC(1563) Summary Phase
[587.248s][info][gc,phases      ] GC(1563) Summary Phase 0.035ms
[587.248s][info][gc,phases,start] GC(1563) Adjust Roots
[587.248s][info][gc,phases      ] GC(1563) Adjust Roots 0.267ms
[587.248s][info][gc,phases,start] GC(1563) Compaction Phase
[587.345s][info][gc,phases      ] GC(1563) Compaction Phase 97.115ms
[587.345s][info][gc,phases,start] GC(1563) Post Compact
[587.347s][info][gc,phases      ] GC(1563) Post Compact 1.535ms
[587.347s][info][gc,heap        ] GC(1563) PSYoungGen: 33771K(77312K)->33771K(77312K) Eden: 24575K(24576K)->24575K(24576K) From: 9195K(52736K)->9195K(52736K)
[587.347s][info][gc,heap        ] GC(1563) ParOldGen: 341287K(341504K)->341287K(341504K)
[587.347s][info][gc,metaspace   ] GC(1563) Metaspace: 6296K(6464K)->6296K(6464K) NonClass: 5763K(5824K)->5763K(5824K) Class: 532K(640K)->532K(640K)
[587.347s][info][gc             ] GC(1563) Pause Full (Ergonomics) 366M->366M(409M) 387.463ms
[587.347s][info][gc,cpu         ] GC(1563) User=0.34s Sys=0.00s Real=0.39s
[587.347s][info][gc,start       ] GC(1564) Pause Full (Ergonomics)
[587.348s][info][gc,phases,start] GC(1564) Marking Phase
[587.644s][info][gc,phases      ] GC(1564) Marking Phase 296.370ms
[587.644s][info][gc,phases,start] GC(1564) Summary Phase
[587.644s][info][gc,phases      ] GC(1564) Summary Phase 0.036ms
[587.644s][info][gc,phases,start] GC(1564) Adjust Roots
[587.644s][info][gc,phases      ] GC(1564) Adjust Roots 0.253ms
[587.644s][info][gc,phases,start] GC(1564) Compaction Phase
[587.744s][info][gc,phases      ] GC(1564) Compaction Phase 99.319ms
[587.744s][info][gc,phases,start] GC(1564) Post Compact
[587.745s][info][gc,phases      ] GC(1564) Post Compact 1.537ms
[587.745s][info][gc,heap        ] GC(1564) PSYoungGen: 33771K(77312K)->33771K(77312K) Eden: 24575K(24576K)->24575K(24576K) From: 9195K(52736K)->9195K(52736K)
[587.745s][info][gc,heap        ] GC(1564) ParOldGen: 341292K(341504K)->341292K(341504K)
[587.745s][info][gc,metaspace   ] GC(1564) Metaspace: 6296K(6464K)->6296K(6464K) NonClass: 5763K(5824K)->5763K(5824K) Class: 532K(640K)->532K(640K)
[587.745s][info][gc             ] GC(1564) Pause Full (Ergonomics) 366M->366M(409M) 397.927ms
[587.745s][info][gc,cpu         ] GC(1564) User=0.38s Sys=0.00s Real=0.40s
[587.746s][info][gc,start       ] GC(1565) Pause Full (Ergonomics)
[587.746s][info][gc,phases,start] GC(1565) Marking Phase
[588.031s][info][gc,phases      ] GC(1565) Marking Phase 285.032ms
[588.031s][info][gc,phases,start] GC(1565) Summary Phase
[588.031s][info][gc,phases      ] GC(1565) Summary Phase 0.043ms
[588.031s][info][gc,phases,start] GC(1565) Adjust Roots
[588.031s][info][gc,phases      ] GC(1565) Adjust Roots 0.270ms
[588.031s][info][gc,phases,start] GC(1565) Compaction Phase
[588.129s][info][gc,phases      ] GC(1565) Compaction Phase 97.360ms
[588.129s][info][gc,phases,start] GC(1565) Post Compact
[588.130s][info][gc,phases      ] GC(1565) Post Compact 1.539ms
[588.131s][info][gc,heap        ] GC(1565) PSYoungGen: 33771K(77312K)->33771K(77312K) Eden: 24575K(24576K)->24575K(24576K) From: 9195K(52736K)->9195K(52736K)
[588.131s][info][gc,heap        ] GC(1565) ParOldGen: 341296K(341504K)->341296K(341504K)
[588.131s][info][gc,metaspace   ] GC(1565) Metaspace: 6296K(6464K)->6296K(6464K) NonClass: 5763K(5824K)->5763K(5824K) Class: 532K(640K)->532K(640K)
[588.131s][info][gc             ] GC(1565) Pause Full (Ergonomics) 366M->366M(409M) 384.636ms
[588.131s][info][gc,cpu         ] GC(1565) User=0.34s Sys=0.00s Real=0.38s
[588.131s][info][gc,start       ] GC(1566) Pause Full (Ergonomics)
[588.131s][info][gc,phases,start] GC(1566) Marking Phase
[588.423s][info][gc,phases      ] GC(1566) Marking Phase 291.859ms
[588.423s][info][gc,phases,start] GC(1566) Summary Phase
[588.423s][info][gc,phases      ] GC(1566) Summary Phase 0.023ms
[588.423s][info][gc,phases,start] GC(1566) Adjust Roots
[588.423s][info][gc,phases      ] GC(1566) Adjust Roots 0.244ms
[588.423s][info][gc,phases,start] GC(1566) Compaction Phase
[588.523s][info][gc,phases      ] GC(1566) Compaction Phase 99.486ms
[588.523s][info][gc,phases,start] GC(1566) Post Compact
[588.524s][info][gc,phases      ] GC(1566) Post Compact 1.548ms
[588.524s][info][gc,heap        ] GC(1566) PSYoungGen: 33771K(77312K)->33771K(77312K) Eden: 24575K(24576K)->24575K(24576K) From: 9195K(52736K)->9195K(52736K)
[588.524s][info][gc,heap        ] GC(1566) ParOldGen: 341301K(341504K)->341301K(341504K)
[588.524s][info][gc,metaspace   ] GC(1566) Metaspace: 6296K(6464K)->6296K(6464K) NonClass: 5763K(5824K)->5763K(5824K) Class: 532K(640K)->532K(640K)
[588.524s][info][gc             ] GC(1566) Pause Full (Ergonomics) 366M->366M(409M) 393.536ms
[588.524s][info][gc,cpu         ] GC(1566) User=0.36s Sys=0.00s Real=0.39s
[588.525s][info][gc,start       ] GC(1567) Pause Full (Ergonomics)
[588.525s][info][gc,phases,start] GC(1567) Marking Phase
[588.812s][info][gc,phases      ] GC(1567) Marking Phase 287.381ms
[588.812s][info][gc,phases,start] GC(1567) Summary Phase
[588.812s][info][gc,phases      ] GC(1567) Summary Phase 0.035ms
[588.812s][info][gc,phases,start] GC(1567) Adjust Roots
[588.812s][info][gc,phases      ] GC(1567) Adjust Roots 0.247ms
[588.812s][info][gc,phases,start] GC(1567) Compaction Phase
[588.909s][info][gc,phases      ] GC(1567) Compaction Phase 96.254ms
[588.909s][info][gc,phases,start] GC(1567) Post Compact
[588.910s][info][gc,phases      ] GC(1567) Post Compact 1.531ms
[588.910s][info][gc,heap        ] GC(1567) PSYoungGen: 33771K(77312K)->33771K(77312K) Eden: 24575K(24576K)->24575K(24576K) From: 9195K(52736K)->9195K(52736K)
[588.910s][info][gc,heap        ] GC(1567) ParOldGen: 341306K(341504K)->341306K(341504K)
[588.910s][info][gc,metaspace   ] GC(1567) Metaspace: 6296K(6464K)->6296K(6464K) NonClass: 5763K(5824K)->5763K(5824K) Class: 532K(640K)->532K(640K)
[588.910s][info][gc             ] GC(1567) Pause Full (Ergonomics) 366M->366M(409M) 385.842ms
[588.911s][info][gc,cpu         ] GC(1567) User=0.34s Sys=0.00s Real=0.38s
[588.911s][info][gc,start       ] GC(1568) Pause Full (Ergonomics)
[588.911s][info][gc,phases,start] GC(1568) Marking Phase
[589.200s][info][gc,phases      ] GC(1568) Marking Phase 289.239ms
[589.200s][info][gc,phases,start] GC(1568) Summary Phase
[589.200s][info][gc,phases      ] GC(1568) Summary Phase 0.036ms
[589.200s][info][gc,phases,start] GC(1568) Adjust Roots
[589.200s][info][gc,phases      ] GC(1568) Adjust Roots 0.271ms
[589.201s][info][gc,phases,start] GC(1568) Compaction Phase
[589.301s][info][gc,phases      ] GC(1568) Compaction Phase 100.726ms
[589.301s][info][gc,phases,start] GC(1568) Post Compact
[589.303s][info][gc,phases      ] GC(1568) Post Compact 1.672ms
[589.303s][info][gc,heap        ] GC(1568) PSYoungGen: 33771K(77312K)->33771K(77312K) Eden: 24575K(24576K)->24575K(24576K) From: 9195K(52736K)->9195K(52736K)
[589.303s][info][gc,heap        ] GC(1568) ParOldGen: 341310K(341504K)->341310K(341504K)
[589.303s][info][gc,metaspace   ] GC(1568) Metaspace: 6296K(6464K)->6296K(6464K) NonClass: 5763K(5824K)->5763K(5824K) Class: 532K(640K)->532K(640K)
[589.303s][info][gc             ] GC(1568) Pause Full (Ergonomics) 366M->366M(409M) 392.402ms
[589.303s][info][gc,cpu         ] GC(1568) User=0.38s Sys=0.00s Real=0.39s
[589.303s][info][gc,start       ] GC(1569) Pause Full (Ergonomics)
[589.303s][info][gc,phases,start] GC(1569) Marking Phase
[589.595s][info][gc,phases      ] GC(1569) Marking Phase 291.378ms
[589.595s][info][gc,phases,start] GC(1569) Summary Phase
[589.595s][info][gc,phases      ] GC(1569) Summary Phase 0.035ms
[589.595s][info][gc,phases,start] GC(1569) Adjust Roots
[589.595s][info][gc,phases      ] GC(1569) Adjust Roots 0.262ms
[589.595s][info][gc,phases,start] GC(1569) Compaction Phase
[589.694s][info][gc,phases      ] GC(1569) Compaction Phase 98.879ms
[589.694s][info][gc,phases,start] GC(1569) Post Compact
[589.696s][info][gc,phases      ] GC(1569) Post Compact 1.556ms
[589.696s][info][gc,heap        ] GC(1569) PSYoungGen: 33771K(77312K)->33771K(77312K) Eden: 24575K(24576K)->24575K(24576K) From: 9195K(52736K)->9195K(52736K)
[589.696s][info][gc,heap        ] GC(1569) ParOldGen: 341315K(341504K)->341315K(341504K)
[589.696s][info][gc,metaspace   ] GC(1569) Metaspace: 6296K(6464K)->6296K(6464K) NonClass: 5763K(5824K)->5763K(5824K) Class: 532K(640K)->532K(640K)
[589.696s][info][gc             ] GC(1569) Pause Full (Ergonomics) 366M->366M(409M) 392.483ms
[589.696s][info][gc,cpu         ] GC(1569) User=0.36s Sys=0.00s Real=0.39s
[589.696s][info][gc,start       ] GC(1570) Pause Full (Ergonomics)
[589.696s][info][gc,phases,start] GC(1570) Marking Phase
[589.980s][info][gc,phases      ] GC(1570) Marking Phase 284.189ms
[589.981s][info][gc,phases,start] GC(1570) Summary Phase
[589.981s][info][gc,phases      ] GC(1570) Summary Phase 0.035ms
[589.981s][info][gc,phases,start] GC(1570) Adjust Roots
[589.981s][info][gc,phases      ] GC(1570) Adjust Roots 0.261ms
[589.981s][info][gc,phases,start] GC(1570) Compaction Phase
[590.078s][info][gc,phases      ] GC(1570) Compaction Phase 96.764ms
[590.078s][info][gc,phases,start] GC(1570) Post Compact
[590.079s][info][gc,phases      ] GC(1570) Post Compact 1.614ms
[590.079s][info][gc,heap        ] GC(1570) PSYoungGen: 33771K(77312K)->33771K(77312K) Eden: 24575K(24576K)->24575K(24576K) From: 9195K(52736K)->9195K(52736K)
[590.079s][info][gc,heap        ] GC(1570) ParOldGen: 341320K(341504K)->341320K(341504K)
[590.079s][info][gc,metaspace   ] GC(1570) Metaspace: 6296K(6464K)->6296K(6464K) NonClass: 5763K(5824K)->5763K(5824K) Class: 532K(640K)->532K(640K)
[590.079s][info][gc             ] GC(1570) Pause Full (Ergonomics) 366M->366M(409M) 383.263ms
[590.080s][info][gc,cpu         ] GC(1570) User=0.34s Sys=0.00s Real=0.38s
[590.080s][info][gc,start       ] GC(1571) Pause Full (Ergonomics)
[590.080s][info][gc,phases,start] GC(1571) Marking Phase
[590.370s][info][gc,phases      ] GC(1571) Marking Phase 290.500ms
[590.370s][info][gc,phases,start] GC(1571) Summary Phase
[590.370s][info][gc,phases      ] GC(1571) Summary Phase 0.035ms
[590.370s][info][gc,phases,start] GC(1571) Adjust Roots
[590.371s][info][gc,phases      ] GC(1571) Adjust Roots 0.245ms
[590.371s][info][gc,phases,start] GC(1571) Compaction Phase
[590.469s][info][gc,phases      ] GC(1571) Compaction Phase 98.421ms
[590.469s][info][gc,phases,start] GC(1571) Post Compact
[590.471s][info][gc,phases      ] GC(1571) Post Compact 1.554ms
[590.471s][info][gc,heap        ] GC(1571) PSYoungGen: 33771K(77312K)->33771K(77312K) Eden: 24575K(24576K)->24575K(24576K) From: 9195K(52736K)->9195K(52736K)
[590.471s][info][gc,heap        ] GC(1571) ParOldGen: 341324K(341504K)->341324K(341504K)
[590.471s][info][gc,metaspace   ] GC(1571) Metaspace: 6296K(6464K)->6296K(6464K) NonClass: 5763K(5824K)->5763K(5824K) Class: 532K(640K)->532K(640K)
[590.471s][info][gc             ] GC(1571) Pause Full (Ergonomics) 366M->366M(409M) 391.138ms
[590.471s][info][gc,cpu         ] GC(1571) User=0.38s Sys=0.00s Real=0.39s
[590.471s][info][gc,start       ] GC(1572) Pause Full (Ergonomics)
[590.471s][info][gc,phases,start] GC(1572) Marking Phase
[590.757s][info][gc,phases      ] GC(1572) Marking Phase 285.695ms
[590.757s][info][gc,phases,start] GC(1572) Summary Phase
[590.757s][info][gc,phases      ] GC(1572) Summary Phase 0.034ms
[590.757s][info][gc,phases,start] GC(1572) Adjust Roots
[590.757s][info][gc,phases      ] GC(1572) Adjust Roots 0.244ms
[590.757s][info][gc,phases,start] GC(1572) Compaction Phase
[590.853s][info][gc,phases      ] GC(1572) Compaction Phase 95.742ms
[590.853s][info][gc,phases,start] GC(1572) Post Compact
[590.855s][info][gc,phases      ] GC(1572) Post Compact 1.541ms
[590.855s][info][gc,heap        ] GC(1572) PSYoungGen: 33771K(77312K)->33771K(77312K) Eden: 24575K(24576K)->24575K(24576K) From: 9195K(52736K)->9195K(52736K)
[590.855s][info][gc,heap        ] GC(1572) ParOldGen: 341329K(341504K)->341329K(341504K)
[590.855s][info][gc,metaspace   ] GC(1572) Metaspace: 6296K(6464K)->6296K(6464K) NonClass: 5763K(5824K)->5763K(5824K) Class: 532K(640K)->532K(640K)
[590.855s][info][gc             ] GC(1572) Pause Full (Ergonomics) 366M->366M(409M) 383.667ms
[590.855s][info][gc,cpu         ] GC(1572) User=0.36s Sys=0.00s Real=0.38s
[590.855s][info][gc,start       ] GC(1573) Pause Full (Ergonomics)
[590.855s][info][gc,phases,start] GC(1573) Marking Phase
[591.147s][info][gc,phases      ] GC(1573) Marking Phase 291.705ms
[591.147s][info][gc,phases,start] GC(1573) Summary Phase
[591.147s][info][gc,phases      ] GC(1573) Summary Phase 0.035ms
[591.147s][info][gc,phases,start] GC(1573) Adjust Roots
[591.147s][info][gc,phases      ] GC(1573) Adjust Roots 0.247ms
[591.147s][info][gc,phases,start] GC(1573) Compaction Phase
[591.246s][info][gc,phases      ] GC(1573) Compaction Phase 98.293ms
[591.246s][info][gc,phases,start] GC(1573) Post Compact
[591.247s][info][gc,phases      ] GC(1573) Post Compact 1.537ms
[591.247s][info][gc,heap        ] GC(1573) PSYoungGen: 33771K(77312K)->33771K(77312K) Eden: 24575K(24576K)->24575K(24576K) From: 9195K(52736K)->9195K(52736K)
[591.247s][info][gc,heap        ] GC(1573) ParOldGen: 341334K(341504K)->341334K(341504K)
[591.247s][info][gc,metaspace   ] GC(1573) Metaspace: 6296K(6464K)->6296K(6464K) NonClass: 5763K(5824K)->5763K(5824K) Class: 532K(640K)->532K(640K)
[591.247s][info][gc             ] GC(1573) Pause Full (Ergonomics) 366M->366M(409M) 392.258ms
[591.247s][info][gc,cpu         ] GC(1573) User=0.34s Sys=0.00s Real=0.39s
[591.248s][info][gc,start       ] GC(1574) Pause Full (Ergonomics)
[591.248s][info][gc,phases,start] GC(1574) Marking Phase
[591.537s][info][gc,phases      ] GC(1574) Marking Phase 289.505ms
[591.537s][info][gc,phases,start] GC(1574) Summary Phase
[591.537s][info][gc,phases      ] GC(1574) Summary Phase 0.035ms
[591.537s][info][gc,phases,start] GC(1574) Adjust Roots
[591.538s][info][gc,phases      ] GC(1574) Adjust Roots 0.271ms
[591.538s][info][gc,phases,start] GC(1574) Compaction Phase
[591.636s][info][gc,phases      ] GC(1574) Compaction Phase 98.713ms
[591.637s][info][gc,phases,start] GC(1574) Post Compact
[591.638s][info][gc,phases      ] GC(1574) Post Compact 1.541ms
[591.638s][info][gc,heap        ] GC(1574) PSYoungGen: 33771K(77312K)->33771K(77312K) Eden: 24575K(24576K)->24575K(24576K) From: 9195K(52736K)->9195K(52736K)
[591.638s][info][gc,heap        ] GC(1574) ParOldGen: 341338K(341504K)->341338K(341504K)
[591.638s][info][gc,metaspace   ] GC(1574) Metaspace: 6296K(6464K)->6296K(6464K) NonClass: 5763K(5824K)->5763K(5824K) Class: 532K(640K)->532K(640K)
[591.638s][info][gc             ] GC(1574) Pause Full (Ergonomics) 366M->366M(409M) 390.460ms
[591.638s][info][gc,cpu         ] GC(1574) User=0.36s Sys=0.00s Real=0.39s
[591.639s][info][gc,start       ] GC(1575) Pause Full (Ergonomics)
[591.639s][info][gc,phases,start] GC(1575) Marking Phase
[591.924s][info][gc,phases      ] GC(1575) Marking Phase 285.230ms
[591.924s][info][gc,phases,start] GC(1575) Summary Phase
[591.924s][info][gc,phases      ] GC(1575) Summary Phase 0.035ms
[591.924s][info][gc,phases,start] GC(1575) Adjust Roots
[591.924s][info][gc,phases      ] GC(1575) Adjust Roots 0.264ms
[591.924s][info][gc,phases,start] GC(1575) Compaction Phase
[592.021s][info][gc,phases      ] GC(1575) Compaction Phase 97.013ms
[592.021s][info][gc,phases,start] GC(1575) Post Compact
[592.023s][info][gc,phases      ] GC(1575) Post Compact 1.537ms
[592.023s][info][gc,heap        ] GC(1575) PSYoungGen: 33771K(77312K)->33771K(77312K) Eden: 24575K(24576K)->24575K(24576K) From: 9195K(52736K)->9195K(52736K)
[592.023s][info][gc,heap        ] GC(1575) ParOldGen: 341343K(341504K)->341343K(341504K)
[592.023s][info][gc,metaspace   ] GC(1575) Metaspace: 6296K(6464K)->6296K(6464K) NonClass: 5763K(5824K)->5763K(5824K) Class: 532K(640K)->532K(640K)
[592.023s][info][gc             ] GC(1575) Pause Full (Ergonomics) 366M->366M(409M) 384.512ms
[592.023s][info][gc,cpu         ] GC(1575) User=0.34s Sys=0.00s Real=0.38s
[592.023s][info][gc,start       ] GC(1576) Pause Full (Ergonomics)
[592.023s][info][gc,phases,start] GC(1576) Marking Phase
[592.315s][info][gc,phases      ] GC(1576) Marking Phase 291.821ms
[592.315s][info][gc,phases,start] GC(1576) Summary Phase
[592.315s][info][gc,phases      ] GC(1576) Summary Phase 0.035ms
[592.315s][info][gc,phases,start] GC(1576) Adjust Roots
[592.316s][info][gc,phases      ] GC(1576) Adjust Roots 0.230ms
[592.316s][info][gc,phases,start] GC(1576) Compaction Phase
[592.415s][info][gc,phases      ] GC(1576) Compaction Phase 99.569ms
[592.415s][info][gc,phases,start] GC(1576) Post Compact
[592.417s][info][gc,phases      ] GC(1576) Post Compact 1.541ms
[592.417s][info][gc,heap        ] GC(1576) PSYoungGen: 33771K(77312K)->33771K(77312K) Eden: 24575K(24576K)->24575K(24576K) From: 9195K(52736K)->9195K(52736K)
[592.417s][info][gc,heap        ] GC(1576) ParOldGen: 341348K(341504K)->341348K(341504K)
[592.417s][info][gc,metaspace   ] GC(1576) Metaspace: 6296K(6464K)->6296K(6464K) NonClass: 5763K(5824K)->5763K(5824K) Class: 532K(640K)->532K(640K)
[592.417s][info][gc             ] GC(1576) Pause Full (Ergonomics) 366M->366M(409M) 393.569ms
[592.417s][info][gc,cpu         ] GC(1576) User=0.38s Sys=0.00s Real=0.39s
[592.417s][info][gc,start       ] GC(1577) Pause Full (Ergonomics)
[592.417s][info][gc,phases,start] GC(1577) Marking Phase
[592.704s][info][gc,phases      ] GC(1577) Marking Phase 286.933ms
[592.704s][info][gc,phases,start] GC(1577) Summary Phase
[592.704s][info][gc,phases      ] GC(1577) Summary Phase 0.035ms
[592.704s][info][gc,phases,start] GC(1577) Adjust Roots
[592.705s][info][gc,phases      ] GC(1577) Adjust Roots 0.269ms
[592.705s][info][gc,phases,start] GC(1577) Compaction Phase
[592.801s][info][gc,phases      ] GC(1577) Compaction Phase 95.973ms
[592.801s][info][gc,phases,start] GC(1577) Post Compact
[592.802s][info][gc,phases      ] GC(1577) Post Compact 1.668ms
[592.802s][info][gc,heap        ] GC(1577) PSYoungGen: 33771K(77312K)->33771K(77312K) Eden: 24575K(24576K)->24575K(24576K) From: 9195K(52736K)->9195K(52736K)
[592.802s][info][gc,heap        ] GC(1577) ParOldGen: 341352K(341504K)->341352K(341504K)
[592.802s][info][gc,metaspace   ] GC(1577) Metaspace: 6296K(6464K)->6296K(6464K) NonClass: 5763K(5824K)->5763K(5824K) Class: 532K(640K)->532K(640K)
[592.802s][info][gc             ] GC(1577) Pause Full (Ergonomics) 366M->366M(409M) 385.274ms
[592.802s][info][gc,cpu         ] GC(1577) User=0.34s Sys=0.00s Real=0.38s
[592.803s][info][gc,start       ] GC(1578) Pause Full (Ergonomics)
[592.803s][info][gc,phases,start] GC(1578) Marking Phase
[593.095s][info][gc,phases      ] GC(1578) Marking Phase 292.007ms
[593.095s][info][gc,phases,start] GC(1578) Summary Phase
[593.095s][info][gc,phases      ] GC(1578) Summary Phase 0.041ms
[593.095s][info][gc,phases,start] GC(1578) Adjust Roots
[593.095s][info][gc,phases      ] GC(1578) Adjust Roots 0.278ms
[593.095s][info][gc,phases,start] GC(1578) Compaction Phase
[593.194s][info][gc,phases      ] GC(1578) Compaction Phase 99.290ms
[593.195s][info][gc,phases,start] GC(1578) Post Compact
[593.196s][info][gc,phases      ] GC(1578) Post Compact 1.534ms
[593.196s][info][gc,heap        ] GC(1578) PSYoungGen: 33771K(77312K)->33771K(77312K) Eden: 24575K(24576K)->24575K(24576K) From: 9195K(52736K)->9195K(52736K)
[593.196s][info][gc,heap        ] GC(1578) ParOldGen: 341357K(341504K)->341357K(341504K)
[593.196s][info][gc,metaspace   ] GC(1578) Metaspace: 6296K(6464K)->6296K(6464K) NonClass: 5763K(5824K)->5763K(5824K) Class: 532K(640K)->532K(640K)
[593.196s][info][gc             ] GC(1578) Pause Full (Ergonomics) 366M->366M(409M) 393.598ms
[593.196s][info][gc,cpu         ] GC(1578) User=0.36s Sys=0.00s Real=0.39s
[593.197s][info][gc,start       ] GC(1579) Pause Full (Ergonomics)
[593.197s][info][gc,phases,start] GC(1579) Marking Phase
[593.484s][info][gc,phases      ] GC(1579) Marking Phase 287.019ms
[593.484s][info][gc,phases,start] GC(1579) Summary Phase
[593.484s][info][gc,phases      ] GC(1579) Summary Phase 0.023ms
[593.484s][info][gc,phases,start] GC(1579) Adjust Roots
[593.484s][info][gc,phases      ] GC(1579) Adjust Roots 0.211ms
[593.484s][info][gc,phases,start] GC(1579) Compaction Phase
[593.581s][info][gc,phases      ] GC(1579) Compaction Phase 96.835ms
[593.581s][info][gc,phases,start] GC(1579) Post Compact
[593.582s][info][gc,phases      ] GC(1579) Post Compact 1.544ms
[593.582s][info][gc,heap        ] GC(1579) PSYoungGen: 33771K(77312K)->33771K(77312K) Eden: 24575K(24576K)->24575K(24576K) From: 9195K(52736K)->9195K(52736K)
[593.582s][info][gc,heap        ] GC(1579) ParOldGen: 341362K(341504K)->341362K(341504K)
[593.583s][info][gc,metaspace   ] GC(1579) Metaspace: 6296K(6464K)->6296K(6464K) NonClass: 5763K(5824K)->5763K(5824K) Class: 532K(640K)->532K(640K)
[593.583s][info][gc             ] GC(1579) Pause Full (Ergonomics) 366M->366M(409M) 385.983ms
[593.583s][info][gc,cpu         ] GC(1579) User=0.34s Sys=0.00s Real=0.39s
[593.583s][info][gc,start       ] GC(1580) Pause Full (Ergonomics)
[593.583s][info][gc,phases,start] GC(1580) Marking Phase
[593.873s][info][gc,phases      ] GC(1580) Marking Phase 289.883ms
[593.873s][info][gc,phases,start] GC(1580) Summary Phase
[593.873s][info][gc,phases      ] GC(1580) Summary Phase 0.023ms
[593.873s][info][gc,phases,start] GC(1580) Adjust Roots
[593.873s][info][gc,phases      ] GC(1580) Adjust Roots 0.247ms
[593.873s][info][gc,phases,start] GC(1580) Compaction Phase
[593.971s][info][gc,phases      ] GC(1580) Compaction Phase 98.141ms
[593.972s][info][gc,phases,start] GC(1580) Post Compact
[593.973s][info][gc,phases      ] GC(1580) Post Compact 1.584ms
[593.973s][info][gc,heap        ] GC(1580) PSYoungGen: 33771K(77312K)->33771K(77312K) Eden: 24575K(24576K)->24575K(24576K) From: 9195K(52736K)->9195K(52736K)
[593.973s][info][gc,heap        ] GC(1580) ParOldGen: 341366K(341504K)->341366K(341504K)
[593.973s][info][gc,metaspace   ] GC(1580) Metaspace: 6296K(6464K)->6296K(6464K) NonClass: 5763K(5824K)->5763K(5824K) Class: 532K(640K)->532K(640K)
[593.973s][info][gc             ] GC(1580) Pause Full (Ergonomics) 366M->366M(409M) 390.234ms
[593.973s][info][gc,cpu         ] GC(1580) User=0.38s Sys=0.00s Real=0.39s
[593.974s][info][gc,start       ] GC(1581) Pause Full (Ergonomics)
[593.974s][info][gc,phases,start] GC(1581) Marking Phase
[594.258s][info][gc,phases      ] GC(1581) Marking Phase 284.673ms
[594.258s][info][gc,phases,start] GC(1581) Summary Phase
[594.258s][info][gc,phases      ] GC(1581) Summary Phase 0.027ms
[594.258s][info][gc,phases,start] GC(1581) Adjust Roots
[594.259s][info][gc,phases      ] GC(1581) Adjust Roots 0.261ms
[594.259s][info][gc,phases,start] GC(1581) Compaction Phase
[594.355s][info][gc,phases      ] GC(1581) Compaction Phase 95.940ms
[594.355s][info][gc,phases,start] GC(1581) Post Compact
[594.356s][info][gc,phases      ] GC(1581) Post Compact 1.557ms
[594.356s][info][gc,heap        ] GC(1581) PSYoungGen: 33771K(77312K)->33771K(77312K) Eden: 24575K(24576K)->24575K(24576K) From: 9195K(52736K)->9195K(52736K)
[594.356s][info][gc,heap        ] GC(1581) ParOldGen: 341371K(341504K)->341371K(341504K)
[594.356s][info][gc,metaspace   ] GC(1581) Metaspace: 6296K(6464K)->6296K(6464K) NonClass: 5763K(5824K)->5763K(5824K) Class: 532K(640K)->532K(640K)
[594.356s][info][gc             ] GC(1581) Pause Full (Ergonomics) 366M->366M(409M) 382.816ms
[594.356s][info][gc,cpu         ] GC(1581) User=0.36s Sys=0.00s Real=0.38s
[594.357s][info][gc,start       ] GC(1582) Pause Full (Ergonomics)
[594.357s][info][gc,phases,start] GC(1582) Marking Phase
[594.648s][info][gc,phases      ] GC(1582) Marking Phase 290.908ms
[594.648s][info][gc,phases,start] GC(1582) Summary Phase
[594.648s][info][gc,phases      ] GC(1582) Summary Phase 0.034ms
[594.648s][info][gc,phases,start] GC(1582) Adjust Roots
[594.648s][info][gc,phases      ] GC(1582) Adjust Roots 0.251ms
[594.648s][info][gc,phases,start] GC(1582) Compaction Phase
[594.751s][info][gc,phases      ] GC(1582) Compaction Phase 103.147ms
[594.751s][info][gc,phases,start] GC(1582) Post Compact
[594.753s][info][gc,phases      ] GC(1582) Post Compact 1.521ms
[594.753s][info][gc,heap        ] GC(1582) PSYoungGen: 33771K(77312K)->33771K(77312K) Eden: 24575K(24576K)->24575K(24576K) From: 9195K(52736K)->9195K(52736K)
[594.753s][info][gc,heap        ] GC(1582) ParOldGen: 341376K(341504K)->341376K(341504K)
[594.753s][info][gc,metaspace   ] GC(1582) Metaspace: 6296K(6464K)->6296K(6464K) NonClass: 5763K(5824K)->5763K(5824K) Class: 532K(640K)->532K(640K)
[594.753s][info][gc             ] GC(1582) Pause Full (Ergonomics) 366M->366M(409M) 396.241ms
[594.753s][info][gc,cpu         ] GC(1582) User=0.39s Sys=0.00s Real=0.39s
[594.753s][info][gc,start       ] GC(1583) Pause Full (Ergonomics)
[594.753s][info][gc,phases,start] GC(1583) Marking Phase
[595.041s][info][gc,phases      ] GC(1583) Marking Phase 287.202ms
[595.041s][info][gc,phases,start] GC(1583) Summary Phase
[595.041s][info][gc,phases      ] GC(1583) Summary Phase 0.022ms
[595.041s][info][gc,phases,start] GC(1583) Adjust Roots
[595.041s][info][gc,phases      ] GC(1583) Adjust Roots 0.249ms
[595.041s][info][gc,phases,start] GC(1583) Compaction Phase
[595.138s][info][gc,phases      ] GC(1583) Compaction Phase 96.571ms
[595.138s][info][gc,phases,start] GC(1583) Post Compact
[595.139s][info][gc,phases      ] GC(1583) Post Compact 1.535ms
[595.139s][info][gc,heap        ] GC(1583) PSYoungGen: 33771K(77312K)->33771K(77312K) Eden: 24575K(24576K)->24575K(24576K) From: 9195K(52736K)->9195K(52736K)
[595.139s][info][gc,heap        ] GC(1583) ParOldGen: 341380K(341504K)->341380K(341504K)
[595.139s][info][gc,metaspace   ] GC(1583) Metaspace: 6296K(6464K)->6296K(6464K) NonClass: 5763K(5824K)->5763K(5824K) Class: 532K(640K)->532K(640K)
[595.139s][info][gc             ] GC(1583) Pause Full (Ergonomics) 366M->366M(409M) 385.928ms
[595.139s][info][gc,cpu         ] GC(1583) User=0.38s Sys=0.00s Real=0.39s
[595.140s][info][gc,start       ] GC(1584) Pause Full (Ergonomics)
[595.140s][info][gc,phases,start] GC(1584) Marking Phase
[595.426s][info][gc,phases      ] GC(1584) Marking Phase 285.722ms
[595.426s][info][gc,phases,start] GC(1584) Summary Phase
[595.426s][info][gc,phases      ] GC(1584) Summary Phase 0.022ms
[595.426s][info][gc,phases,start] GC(1584) Adjust Roots
[595.426s][info][gc,phases      ] GC(1584) Adjust Roots 0.245ms
[595.426s][info][gc,phases,start] GC(1584) Compaction Phase
[595.522s][info][gc,phases      ] GC(1584) Compaction Phase 96.290ms
[595.522s][info][gc,phases,start] GC(1584) Post Compact
[595.524s][info][gc,phases      ] GC(1584) Post Compact 1.684ms
[595.524s][info][gc,heap        ] GC(1584) PSYoungGen: 33771K(77312K)->33771K(77312K) Eden: 24575K(24576K)->24575K(24576K) From: 9195K(52736K)->9195K(52736K)
[595.524s][info][gc,heap        ] GC(1584) ParOldGen: 341385K(341504K)->341385K(341504K)
[595.524s][info][gc,metaspace   ] GC(1584) Metaspace: 6296K(6464K)->6296K(6464K) NonClass: 5763K(5824K)->5763K(5824K) Class: 532K(640K)->532K(640K)
[595.524s][info][gc             ] GC(1584) Pause Full (Ergonomics) 366M->366M(409M) 384.395ms
[595.524s][info][gc,cpu         ] GC(1584) User=0.39s Sys=0.00s Real=0.38s
[595.525s][info][gc,start       ] GC(1585) Pause Full (Ergonomics)
[595.525s][info][gc,phases,start] GC(1585) Marking Phase
[595.814s][info][gc,phases      ] GC(1585) Marking Phase 289.816ms
[595.814s][info][gc,phases,start] GC(1585) Summary Phase
[595.814s][info][gc,phases      ] GC(1585) Summary Phase 0.023ms
[595.814s][info][gc,phases,start] GC(1585) Adjust Roots
[595.815s][info][gc,phases      ] GC(1585) Adjust Roots 0.200ms
[595.815s][info][gc,phases,start] GC(1585) Compaction Phase
[595.914s][info][gc,phases      ] GC(1585) Compaction Phase 99.657ms
[595.914s][info][gc,phases,start] GC(1585) Post Compact
[595.916s][info][gc,phases      ] GC(1585) Post Compact 1.531ms
[595.916s][info][gc,heap        ] GC(1585) PSYoungGen: 33771K(77312K)->33771K(77312K) Eden: 24575K(24576K)->24575K(24576K) From: 9195K(52736K)->9195K(52736K)
[595.916s][info][gc,heap        ] GC(1585) ParOldGen: 341390K(341504K)->341390K(341504K)
[595.916s][info][gc,metaspace   ] GC(1585) Metaspace: 6296K(6464K)->6296K(6464K) NonClass: 5763K(5824K)->5763K(5824K) Class: 532K(640K)->532K(640K)
[595.916s][info][gc             ] GC(1585) Pause Full (Ergonomics) 366M->366M(409M) 391.577ms
[595.916s][info][gc,cpu         ] GC(1585) User=0.38s Sys=0.00s Real=0.39s
[595.917s][info][gc,start       ] GC(1586) Pause Full (Ergonomics)
[595.917s][info][gc,phases,start] GC(1586) Marking Phase
[596.203s][info][gc,phases      ] GC(1586) Marking Phase 286.590ms
[596.203s][info][gc,phases,start] GC(1586) Summary Phase
[596.203s][info][gc,phases      ] GC(1586) Summary Phase 0.022ms
[596.203s][info][gc,phases,start] GC(1586) Adjust Roots
[596.204s][info][gc,phases      ] GC(1586) Adjust Roots 0.248ms
[596.204s][info][gc,phases,start] GC(1586) Compaction Phase
[596.300s][info][gc,phases      ] GC(1586) Compaction Phase 96.637ms
[596.300s][info][gc,phases,start] GC(1586) Post Compact
[596.302s][info][gc,phases      ] GC(1586) Post Compact 1.542ms
[596.302s][info][gc,heap        ] GC(1586) PSYoungGen: 33771K(77312K)->33771K(77312K) Eden: 24575K(24576K)->24575K(24576K) From: 9195K(52736K)->9195K(52736K)
[596.302s][info][gc,heap        ] GC(1586) ParOldGen: 341394K(341504K)->341394K(341504K)
[596.302s][info][gc,metaspace   ] GC(1586) Metaspace: 6296K(6464K)->6296K(6464K) NonClass: 5763K(5824K)->5763K(5824K) Class: 532K(640K)->532K(640K)
[596.302s][info][gc             ] GC(1586) Pause Full (Ergonomics) 366M->366M(409M) 385.397ms
[596.302s][info][gc,cpu         ] GC(1586) User=0.36s Sys=0.00s Real=0.38s
[596.303s][info][gc,start       ] GC(1587) Pause Full (Ergonomics)
[596.303s][info][gc,phases,start] GC(1587) Marking Phase
[596.588s][info][gc,phases      ] GC(1587) Marking Phase 285.010ms
[596.588s][info][gc,phases,start] GC(1587) Summary Phase
[596.588s][info][gc,phases      ] GC(1587) Summary Phase 0.035ms
[596.588s][info][gc,phases,start] GC(1587) Adjust Roots
[596.588s][info][gc,phases      ] GC(1587) Adjust Roots 0.295ms
[596.588s][info][gc,phases,start] GC(1587) Compaction Phase
[596.685s][info][gc,phases      ] GC(1587) Compaction Phase 97.017ms
[596.685s][info][gc,phases,start] GC(1587) Post Compact
[596.687s][info][gc,phases      ] GC(1587) Post Compact 1.634ms
[596.687s][info][gc,heap        ] GC(1587) PSYoungGen: 33771K(77312K)->33771K(77312K) Eden: 24575K(24576K)->24575K(24576K) From: 9195K(52736K)->9195K(52736K)
[596.687s][info][gc,heap        ] GC(1587) ParOldGen: 341399K(341504K)->341399K(341504K)
[596.687s][info][gc,metaspace   ] GC(1587) Metaspace: 6296K(6464K)->6296K(6464K) NonClass: 5763K(5824K)->5763K(5824K) Class: 532K(640K)->532K(640K)
[596.687s][info][gc             ] GC(1587) Pause Full (Ergonomics) 366M->366M(409M) 384.377ms
[596.687s][info][gc,cpu         ] GC(1587) User=0.34s Sys=0.00s Real=0.38s
[596.687s][info][gc,start       ] GC(1588) Pause Full (Ergonomics)
[596.687s][info][gc,phases,start] GC(1588) Marking Phase
[596.975s][info][gc,phases      ] GC(1588) Marking Phase 287.851ms
[596.975s][info][gc,phases,start] GC(1588) Summary Phase
[596.975s][info][gc,phases      ] GC(1588) Summary Phase 0.034ms
[596.975s][info][gc,phases,start] GC(1588) Adjust Roots
[596.976s][info][gc,phases      ] GC(1588) Adjust Roots 0.259ms
[596.976s][info][gc,phases,start] GC(1588) Compaction Phase
[597.072s][info][gc,phases      ] GC(1588) Compaction Phase 96.670ms
[597.072s][info][gc,phases,start] GC(1588) Post Compact
[597.074s][info][gc,phases      ] GC(1588) Post Compact 1.641ms
[597.074s][info][gc,heap        ] GC(1588) PSYoungGen: 33771K(77312K)->33771K(77312K) Eden: 24575K(24576K)->24575K(24576K) From: 9195K(52736K)->9195K(52736K)
[597.074s][info][gc,heap        ] GC(1588) ParOldGen: 341404K(341504K)->341404K(341504K)
[597.074s][info][gc,metaspace   ] GC(1588) Metaspace: 6296K(6464K)->6296K(6464K) NonClass: 5763K(5824K)->5763K(5824K) Class: 532K(640K)->532K(640K)
[597.074s][info][gc             ] GC(1588) Pause Full (Ergonomics) 366M->366M(409M) 386.901ms
[597.074s][info][gc,cpu         ] GC(1588) User=0.36s Sys=0.00s Real=0.39s
[597.074s][info][gc,start       ] GC(1589) Pause Full (Ergonomics)
[597.074s][info][gc,phases,start] GC(1589) Marking Phase
[597.365s][info][gc,phases      ] GC(1589) Marking Phase 291.022ms
[597.366s][info][gc,phases,start] GC(1589) Summary Phase
[597.366s][info][gc,phases      ] GC(1589) Summary Phase 0.036ms
[597.366s][info][gc,phases,start] GC(1589) Adjust Roots
[597.366s][info][gc,phases      ] GC(1589) Adjust Roots 0.247ms
[597.366s][info][gc,phases,start] GC(1589) Compaction Phase
[597.465s][info][gc,phases      ] GC(1589) Compaction Phase 99.077ms
[597.465s][info][gc,phases,start] GC(1589) Post Compact
[597.467s][info][gc,phases      ] GC(1589) Post Compact 1.549ms
[597.467s][info][gc,heap        ] GC(1589) PSYoungGen: 33771K(77312K)->33771K(77312K) Eden: 24575K(24576K)->24575K(24576K) From: 9195K(52736K)->9195K(52736K)
[597.467s][info][gc,heap        ] GC(1589) ParOldGen: 341408K(341504K)->341408K(341504K)
[597.467s][info][gc,metaspace   ] GC(1589) Metaspace: 6296K(6464K)->6296K(6464K) NonClass: 5763K(5824K)->5763K(5824K) Class: 532K(640K)->532K(640K)
[597.467s][info][gc             ] GC(1589) Pause Full (Ergonomics) 366M->366M(409M) 392.288ms
[597.467s][info][gc,cpu         ] GC(1589) User=0.36s Sys=0.00s Real=0.39s
[597.467s][info][gc,start       ] GC(1590) Pause Full (Ergonomics)
[597.467s][info][gc,phases,start] GC(1590) Marking Phase
[597.751s][info][gc,phases      ] GC(1590) Marking Phase 283.786ms
[597.751s][info][gc,phases,start] GC(1590) Summary Phase
[597.751s][info][gc,phases      ] GC(1590) Summary Phase 0.022ms
[597.751s][info][gc,phases,start] GC(1590) Adjust Roots
[597.751s][info][gc,phases      ] GC(1590) Adjust Roots 0.223ms
[597.751s][info][gc,phases,start] GC(1590) Compaction Phase
[597.848s][info][gc,phases      ] GC(1590) Compaction Phase 97.125ms
[597.848s][info][gc,phases,start] GC(1590) Post Compact
[597.850s][info][gc,phases      ] GC(1590) Post Compact 1.577ms
[597.850s][info][gc,heap        ] GC(1590) PSYoungGen: 33771K(77312K)->33771K(77312K) Eden: 24575K(24576K)->24575K(24576K) From: 9195K(52736K)->9195K(52736K)
[597.850s][info][gc,heap        ] GC(1590) ParOldGen: 341413K(341504K)->341413K(341504K)
[597.850s][info][gc,metaspace   ] GC(1590) Metaspace: 6296K(6464K)->6296K(6464K) NonClass: 5763K(5824K)->5763K(5824K) Class: 532K(640K)->532K(640K)
[597.850s][info][gc             ] GC(1590) Pause Full (Ergonomics) 366M->366M(409M) 383.085ms
[597.850s][info][gc,cpu         ] GC(1590) User=0.36s Sys=0.00s Real=0.38s
[597.850s][info][gc,start       ] GC(1591) Pause Full (Ergonomics)
[597.850s][info][gc,phases,start] GC(1591) Marking Phase
[598.142s][info][gc,phases      ] GC(1591) Marking Phase 291.220ms
[598.142s][info][gc,phases,start] GC(1591) Summary Phase
[598.142s][info][gc,phases      ] GC(1591) Summary Phase 0.044ms
[598.142s][info][gc,phases,start] GC(1591) Adjust Roots
[598.142s][info][gc,phases      ] GC(1591) Adjust Roots 0.220ms
[598.142s][info][gc,phases,start] GC(1591) Compaction Phase
[598.242s][info][gc,phases      ] GC(1591) Compaction Phase 99.340ms
[598.242s][info][gc,phases,start] GC(1591) Post Compact
[598.243s][info][gc,phases      ] GC(1591) Post Compact 1.535ms
[598.243s][info][gc,heap        ] GC(1591) PSYoungGen: 33771K(77312K)->33771K(77312K) Eden: 24575K(24576K)->24575K(24576K) From: 9195K(52736K)->9195K(52736K)
[598.243s][info][gc,heap        ] GC(1591) ParOldGen: 341418K(341504K)->341418K(341504K)
[598.243s][info][gc,metaspace   ] GC(1591) Metaspace: 6296K(6464K)->6296K(6464K) NonClass: 5763K(5824K)->5763K(5824K) Class: 532K(640K)->532K(640K)
[598.243s][info][gc             ] GC(1591) Pause Full (Ergonomics) 366M->366M(409M) 392.924ms
[598.243s][info][gc,cpu         ] GC(1591) User=0.38s Sys=0.00s Real=0.39s
[598.244s][info][gc,start       ] GC(1592) Pause Full (Ergonomics)
[598.244s][info][gc,phases,start] GC(1592) Marking Phase
[598.531s][info][gc,phases      ] GC(1592) Marking Phase 286.746ms
[598.531s][info][gc,phases,start] GC(1592) Summary Phase
[598.531s][info][gc,phases      ] GC(1592) Summary Phase 0.034ms
[598.531s][info][gc,phases,start] GC(1592) Adjust Roots
[598.531s][info][gc,phases      ] GC(1592) Adjust Roots 0.282ms
[598.531s][info][gc,phases,start] GC(1592) Compaction Phase
[598.629s][info][gc,phases      ] GC(1592) Compaction Phase 97.483ms
[598.629s][info][gc,phases,start] GC(1592) Post Compact
[598.630s][info][gc,phases      ] GC(1592) Post Compact 1.572ms
[598.630s][info][gc,heap        ] GC(1592) PSYoungGen: 33771K(77312K)->33771K(77312K) Eden: 24575K(24576K)->24575K(24576K) From: 9195K(52736K)->9195K(52736K)
[598.630s][info][gc,heap        ] GC(1592) ParOldGen: 341422K(341504K)->341422K(341504K)
[598.630s][info][gc,metaspace   ] GC(1592) Metaspace: 6296K(6464K)->6296K(6464K) NonClass: 5763K(5824K)->5763K(5824K) Class: 532K(640K)->532K(640K)
[598.630s][info][gc             ] GC(1592) Pause Full (Ergonomics) 366M->366M(409M) 386.511ms
[598.630s][info][gc,cpu         ] GC(1592) User=0.34s Sys=0.00s Real=0.39s
[598.631s][info][gc,start       ] GC(1593) Pause Full (Ergonomics)
[598.631s][info][gc,phases,start] GC(1593) Marking Phase
[598.920s][info][gc,phases      ] GC(1593) Marking Phase 289.442ms
[598.920s][info][gc,phases,start] GC(1593) Summary Phase
[598.920s][info][gc,phases      ] GC(1593) Summary Phase 0.035ms
[598.920s][info][gc,phases,start] GC(1593) Adjust Roots
[598.921s][info][gc,phases      ] GC(1593) Adjust Roots 0.268ms
[598.921s][info][gc,phases,start] GC(1593) Compaction Phase
[599.020s][info][gc,phases      ] GC(1593) Compaction Phase 98.890ms
[599.020s][info][gc,phases,start] GC(1593) Post Compact
[599.021s][info][gc,phases      ] GC(1593) Post Compact 1.535ms
[599.021s][info][gc,heap        ] GC(1593) PSYoungGen: 33771K(77312K)->33771K(77312K) Eden: 24575K(24576K)->24575K(24576K) From: 9195K(52736K)->9195K(52736K)
[599.021s][info][gc,heap        ] GC(1593) ParOldGen: 341427K(341504K)->341427K(341504K)
[599.021s][info][gc,metaspace   ] GC(1593) Metaspace: 6296K(6464K)->6296K(6464K) NonClass: 5763K(5824K)->5763K(5824K) Class: 532K(640K)->532K(640K)
[599.021s][info][gc             ] GC(1593) Pause Full (Ergonomics) 366M->366M(409M) 390.564ms
[599.021s][info][gc,cpu         ] GC(1593) User=0.34s Sys=0.00s Real=0.39s
[599.022s][info][gc,start       ] GC(1594) Pause Full (Ergonomics)
[599.022s][info][gc,phases,start] GC(1594) Marking Phase
[599.312s][info][gc,phases      ] GC(1594) Marking Phase 290.834ms
[599.312s][info][gc,phases,start] GC(1594) Summary Phase
[599.313s][info][gc,phases      ] GC(1594) Summary Phase 0.036ms
[599.313s][info][gc,phases,start] GC(1594) Adjust Roots
[599.313s][info][gc,phases      ] GC(1594) Adjust Roots 0.236ms
[599.313s][info][gc,phases,start] GC(1594) Compaction Phase
[599.412s][info][gc,phases      ] GC(1594) Compaction Phase 98.828ms
[599.412s][info][gc,phases,start] GC(1594) Post Compact
[599.413s][info][gc,phases      ] GC(1594) Post Compact 1.520ms
[599.413s][info][gc,heap        ] GC(1594) PSYoungGen: 33771K(77312K)->33771K(77312K) Eden: 24575K(24576K)->24575K(24576K) From: 9195K(52736K)->9195K(52736K)
[599.413s][info][gc,heap        ] GC(1594) ParOldGen: 341432K(341504K)->341432K(341504K)
[599.413s][info][gc,metaspace   ] GC(1594) Metaspace: 6296K(6464K)->6296K(6464K) NonClass: 5763K(5824K)->5763K(5824K) Class: 532K(640K)->532K(640K)
[599.413s][info][gc             ] GC(1594) Pause Full (Ergonomics) 366M->366M(409M) 391.830ms
[599.413s][info][gc,cpu         ] GC(1594) User=0.36s Sys=0.00s Real=0.39s
[599.414s][info][gc,start       ] GC(1595) Pause Full (Ergonomics)
[599.414s][info][gc,phases,start] GC(1595) Marking Phase
[599.701s][info][gc,phases      ] GC(1595) Marking Phase 286.962ms
[599.701s][info][gc,phases,start] GC(1595) Summary Phase
[599.701s][info][gc,phases      ] GC(1595) Summary Phase 0.034ms
[599.701s][info][gc,phases,start] GC(1595) Adjust Roots
[599.701s][info][gc,phases      ] GC(1595) Adjust Roots 0.273ms
[599.701s][info][gc,phases,start] GC(1595) Compaction Phase
[599.798s][info][gc,phases      ] GC(1595) Compaction Phase 96.694ms
[599.798s][info][gc,phases,start] GC(1595) Post Compact
[599.800s][info][gc,phases      ] GC(1595) Post Compact 1.608ms
[599.800s][info][gc,heap        ] GC(1595) PSYoungGen: 33771K(77312K)->33771K(77312K) Eden: 24575K(24576K)->24575K(24576K) From: 9195K(52736K)->9195K(52736K)
[599.800s][info][gc,heap        ] GC(1595) ParOldGen: 341436K(341504K)->341436K(341504K)
[599.800s][info][gc,metaspace   ] GC(1595) Metaspace: 6296K(6464K)->6296K(6464K) NonClass: 5763K(5824K)->5763K(5824K) Class: 532K(640K)->532K(640K)
[599.800s][info][gc             ] GC(1595) Pause Full (Ergonomics) 366M->366M(409M) 385.960ms
[599.800s][info][gc,cpu         ] GC(1595) User=0.34s Sys=0.00s Real=0.39s
[599.800s][info][gc,start       ] GC(1596) Pause Full (Ergonomics)
[599.800s][info][gc,phases,start] GC(1596) Marking Phase
[600.088s][info][gc,phases      ] GC(1596) Marking Phase 287.547ms
[600.088s][info][gc,phases,start] GC(1596) Summary Phase
[600.088s][info][gc,phases      ] GC(1596) Summary Phase 0.035ms
[600.088s][info][gc,phases,start] GC(1596) Adjust Roots
[600.088s][info][gc,phases      ] GC(1596) Adjust Roots 0.302ms
[600.088s][info][gc,phases,start] GC(1596) Compaction Phase
[600.187s][info][gc,phases      ] GC(1596) Compaction Phase 98.890ms
[600.187s][info][gc,phases,start] GC(1596) Post Compact
[600.189s][info][gc,phases      ] GC(1596) Post Compact 1.522ms
[600.189s][info][gc,heap        ] GC(1596) PSYoungGen: 33771K(77312K)->33771K(77312K) Eden: 24575K(24576K)->24575K(24576K) From: 9195K(52736K)->9195K(52736K)
[600.189s][info][gc,heap        ] GC(1596) ParOldGen: 341441K(341504K)->341441K(341504K)
[600.189s][info][gc,metaspace   ] GC(1596) Metaspace: 6296K(6464K)->6296K(6464K) NonClass: 5763K(5824K)->5763K(5824K) Class: 532K(640K)->532K(640K)
[600.189s][info][gc             ] GC(1596) Pause Full (Ergonomics) 366M->366M(409M) 388.686ms
[600.189s][info][gc,cpu         ] GC(1596) User=0.36s Sys=0.00s Real=0.39s
[600.189s][info][gc,start       ] GC(1597) Pause Full (Ergonomics)
[600.189s][info][gc,phases,start] GC(1597) Marking Phase
[600.474s][info][gc,phases      ] GC(1597) Marking Phase 284.449ms
[600.474s][info][gc,phases,start] GC(1597) Summary Phase
[600.474s][info][gc,phases      ] GC(1597) Summary Phase 0.034ms
[600.474s][info][gc,phases,start] GC(1597) Adjust Roots
[600.474s][info][gc,phases      ] GC(1597) Adjust Roots 0.247ms
[600.474s][info][gc,phases,start] GC(1597) Compaction Phase
[600.572s][info][gc,phases      ] GC(1597) Compaction Phase 97.764ms
[600.572s][info][gc,phases,start] GC(1597) Post Compact
[600.574s][info][gc,phases      ] GC(1597) Post Compact 1.532ms
[600.574s][info][gc,heap        ] GC(1597) PSYoungGen: 33771K(77312K)->33771K(77312K) Eden: 24575K(24576K)->24575K(24576K) From: 9195K(52736K)->9195K(52736K)
[600.574s][info][gc,heap        ] GC(1597) ParOldGen: 341446K(341504K)->341446K(341504K)
[600.574s][info][gc,metaspace   ] GC(1597) Metaspace: 6296K(6464K)->6296K(6464K) NonClass: 5763K(5824K)->5763K(5824K) Class: 532K(640K)->532K(640K)
[600.574s][info][gc             ] GC(1597) Pause Full (Ergonomics) 366M->366M(409M) 384.615ms
[600.574s][info][gc,cpu         ] GC(1597) User=0.36s Sys=0.00s Real=0.38s
[600.574s][info][gc,start       ] GC(1598) Pause Full (Ergonomics)
[600.574s][info][gc,phases,start] GC(1598) Marking Phase
[600.866s][info][gc,phases      ] GC(1598) Marking Phase 291.663ms
[600.866s][info][gc,phases,start] GC(1598) Summary Phase
[600.866s][info][gc,phases      ] GC(1598) Summary Phase 0.035ms
[600.866s][info][gc,phases,start] GC(1598) Adjust Roots
[600.866s][info][gc,phases      ] GC(1598) Adjust Roots 0.280ms
[600.866s][info][gc,phases,start] GC(1598) Compaction Phase
[600.965s][info][gc,phases      ] GC(1598) Compaction Phase 98.409ms
[600.965s][info][gc,phases,start] GC(1598) Post Compact
[600.966s][info][gc,phases      ] GC(1598) Post Compact 1.535ms
[600.966s][info][gc,heap        ] GC(1598) PSYoungGen: 33771K(77312K)->33771K(77312K) Eden: 24575K(24576K)->24575K(24576K) From: 9195K(52736K)->9195K(52736K)
[600.966s][info][gc,heap        ] GC(1598) ParOldGen: 341450K(341504K)->341450K(341504K)
[600.966s][info][gc,metaspace   ] GC(1598) Metaspace: 6296K(6464K)->6296K(6464K) NonClass: 5763K(5824K)->5763K(5824K) Class: 532K(640K)->532K(640K)
[600.966s][info][gc             ] GC(1598) Pause Full (Ergonomics) 366M->366M(409M) 392.336ms
[600.966s][info][gc,cpu         ] GC(1598) User=0.36s Sys=0.00s Real=0.39s
[600.967s][info][gc,start       ] GC(1599) Pause Full (Ergonomics)
[600.967s][info][gc,phases,start] GC(1599) Marking Phase
[601.259s][info][gc,phases      ] GC(1599) Marking Phase 292.669ms
[601.260s][info][gc,phases,start] GC(1599) Summary Phase
[601.260s][info][gc,phases      ] GC(1599) Summary Phase 0.023ms
[601.260s][info][gc,phases,start] GC(1599) Adjust Roots
[601.260s][info][gc,phases      ] GC(1599) Adjust Roots 0.258ms
[601.260s][info][gc,phases,start] GC(1599) Compaction Phase
[601.359s][info][gc,phases      ] GC(1599) Compaction Phase 98.784ms
[601.359s][info][gc,phases,start] GC(1599) Post Compact
[601.360s][info][gc,phases      ] GC(1599) Post Compact 1.571ms
[601.360s][info][gc,heap        ] GC(1599) PSYoungGen: 33771K(77312K)->33771K(77312K) Eden: 24575K(24576K)->24575K(24576K) From: 9195K(52736K)->9195K(52736K)
[601.360s][info][gc,heap        ] GC(1599) ParOldGen: 341455K(341504K)->341455K(341504K)
[601.360s][info][gc,metaspace   ] GC(1599) Metaspace: 6296K(6464K)->6296K(6464K) NonClass: 5763K(5824K)->5763K(5824K) Class: 532K(640K)->532K(640K)
[601.360s][info][gc             ] GC(1599) Pause Full (Ergonomics) 366M->366M(409M) 393.659ms
[601.360s][info][gc,cpu         ] GC(1599) User=0.34s Sys=0.00s Real=0.39s
[601.361s][info][gc,start       ] GC(1600) Pause Full (Ergonomics)
[601.361s][info][gc,phases,start] GC(1600) Marking Phase
[601.648s][info][gc,phases      ] GC(1600) Marking Phase 287.072ms
[601.648s][info][gc,phases,start] GC(1600) Summary Phase
[601.648s][info][gc,phases      ] GC(1600) Summary Phase 0.035ms
[601.648s][info][gc,phases,start] GC(1600) Adjust Roots
[601.648s][info][gc,phases      ] GC(1600) Adjust Roots 0.232ms
[601.648s][info][gc,phases,start] GC(1600) Compaction Phase
[601.746s][info][gc,phases      ] GC(1600) Compaction Phase 97.499ms
[601.746s][info][gc,phases,start] GC(1600) Post Compact
[601.747s][info][gc,phases      ] GC(1600) Post Compact 1.540ms
[601.747s][info][gc,heap        ] GC(1600) PSYoungGen: 33771K(77312K)->33771K(77312K) Eden: 24575K(24576K)->24575K(24576K) From: 9195K(52736K)->9195K(52736K)
[601.747s][info][gc,heap        ] GC(1600) ParOldGen: 341460K(341504K)->341460K(341504K)
[601.747s][info][gc,metaspace   ] GC(1600) Metaspace: 6296K(6464K)->6296K(6464K) NonClass: 5763K(5824K)->5763K(5824K) Class: 532K(640K)->532K(640K)
[601.747s][info][gc             ] GC(1600) Pause Full (Ergonomics) 366M->366M(409M) 386.765ms
[601.747s][info][gc,cpu         ] GC(1600) User=0.36s Sys=0.00s Real=0.39s
[601.748s][info][gc,start       ] GC(1601) Pause Full (Ergonomics)
[601.748s][info][gc,phases,start] GC(1601) Marking Phase
[602.039s][info][gc,phases      ] GC(1601) Marking Phase 291.300ms
[602.039s][info][gc,phases,start] GC(1601) Summary Phase
[602.039s][info][gc,phases      ] GC(1601) Summary Phase 0.035ms
[602.039s][info][gc,phases,start] GC(1601) Adjust Roots
[602.040s][info][gc,phases      ] GC(1601) Adjust Roots 0.284ms
[602.040s][info][gc,phases,start] GC(1601) Compaction Phase
[602.138s][info][gc,phases      ] GC(1601) Compaction Phase 98.600ms
[602.138s][info][gc,phases,start] GC(1601) Post Compact
[602.140s][info][gc,phases      ] GC(1601) Post Compact 1.588ms
[602.140s][info][gc,heap        ] GC(1601) PSYoungGen: 33771K(77312K)->33771K(77312K) Eden: 24575K(24576K)->24575K(24576K) From: 9195K(52736K)->9195K(52736K)
[602.140s][info][gc,heap        ] GC(1601) ParOldGen: 341464K(341504K)->341464K(341504K)
[602.140s][info][gc,metaspace   ] GC(1601) Metaspace: 6296K(6464K)->6296K(6464K) NonClass: 5763K(5824K)->5763K(5824K) Class: 532K(640K)->532K(640K)
[602.140s][info][gc             ] GC(1601) Pause Full (Ergonomics) 366M->366M(409M) 392.189ms
[602.140s][info][gc,cpu         ] GC(1601) User=0.36s Sys=0.00s Real=0.39s
[602.140s][info][gc,start       ] GC(1602) Pause Full (Ergonomics)
[602.140s][info][gc,phases,start] GC(1602) Marking Phase
[602.430s][info][gc,phases      ] GC(1602) Marking Phase 290.030ms
[602.430s][info][gc,phases,start] GC(1602) Summary Phase
[602.430s][info][gc,phases      ] GC(1602) Summary Phase 0.036ms
[602.431s][info][gc,phases,start] GC(1602) Adjust Roots
[602.431s][info][gc,phases      ] GC(1602) Adjust Roots 0.286ms
[602.431s][info][gc,phases,start] GC(1602) Compaction Phase
[602.530s][info][gc,phases      ] GC(1602) Compaction Phase 99.363ms
[602.530s][info][gc,phases,start] GC(1602) Post Compact
[602.532s][info][gc,phases      ] GC(1602) Post Compact 1.621ms
[602.532s][info][gc,heap        ] GC(1602) PSYoungGen: 33771K(77312K)->33771K(77312K) Eden: 24575K(24576K)->24575K(24576K) From: 9195K(52736K)->9195K(52736K)
[602.532s][info][gc,heap        ] GC(1602) ParOldGen: 341469K(341504K)->341469K(341504K)
[602.532s][info][gc,metaspace   ] GC(1602) Metaspace: 6296K(6464K)->6296K(6464K) NonClass: 5763K(5824K)->5763K(5824K) Class: 532K(640K)->532K(640K)
[602.532s][info][gc             ] GC(1602) Pause Full (Ergonomics) 366M->366M(409M) 391.793ms
[602.532s][info][gc,cpu         ] GC(1602) User=0.38s Sys=0.00s Real=0.39s
[602.532s][info][gc,start       ] GC(1603) Pause Full (Ergonomics)
[602.532s][info][gc,phases,start] GC(1603) Marking Phase
[602.817s][info][gc,phases      ] GC(1603) Marking Phase 284.465ms
[602.817s][info][gc,phases,start] GC(1603) Summary Phase
[602.817s][info][gc,phases      ] GC(1603) Summary Phase 0.034ms
[602.817s][info][gc,phases,start] GC(1603) Adjust Roots
[602.817s][info][gc,phases      ] GC(1603) Adjust Roots 0.240ms
[602.817s][info][gc,phases,start] GC(1603) Compaction Phase
[602.915s][info][gc,phases      ] GC(1603) Compaction Phase 97.767ms
[602.915s][info][gc,phases,start] GC(1603) Post Compact
[602.917s][info][gc,phases      ] GC(1603) Post Compact 1.546ms
[602.917s][info][gc,heap        ] GC(1603) PSYoungGen: 33771K(77312K)->33771K(77312K) Eden: 24575K(24576K)->24575K(24576K) From: 9195K(52736K)->9195K(52736K)
[602.917s][info][gc,heap        ] GC(1603) ParOldGen: 341474K(341504K)->341474K(341504K)
[602.917s][info][gc,metaspace   ] GC(1603) Metaspace: 6296K(6464K)->6296K(6464K) NonClass: 5763K(5824K)->5763K(5824K) Class: 532K(640K)->532K(640K)
[602.917s][info][gc             ] GC(1603) Pause Full (Ergonomics) 366M->366M(409M) 384.438ms
[602.917s][info][gc,cpu         ] GC(1603) User=0.39s Sys=0.00s Real=0.38s
[602.917s][info][gc,start       ] GC(1604) Pause Full (Ergonomics)
[602.917s][info][gc,phases,start] GC(1604) Marking Phase
[603.207s][info][gc,phases      ] GC(1604) Marking Phase 289.488ms
[603.207s][info][gc,phases,start] GC(1604) Summary Phase
[603.207s][info][gc,phases      ] GC(1604) Summary Phase 0.041ms
[603.207s][info][gc,phases,start] GC(1604) Adjust Roots
[603.207s][info][gc,phases      ] GC(1604) Adjust Roots 0.289ms
[603.207s][info][gc,phases,start] GC(1604) Compaction Phase
[603.307s][info][gc,phases      ] GC(1604) Compaction Phase 99.498ms
[603.307s][info][gc,phases,start] GC(1604) Post Compact
[603.308s][info][gc,phases      ] GC(1604) Post Compact 1.565ms
[603.309s][info][gc,heap        ] GC(1604) PSYoungGen: 33771K(77312K)->33771K(77312K) Eden: 24575K(24576K)->24575K(24576K) From: 9195K(52736K)->9195K(52736K)
[603.309s][info][gc,heap        ] GC(1604) ParOldGen: 341478K(341504K)->341478K(341504K)
[603.309s][info][gc,metaspace   ] GC(1604) Metaspace: 6296K(6464K)->6296K(6464K) NonClass: 5763K(5824K)->5763K(5824K) Class: 532K(640K)->532K(640K)
[603.309s][info][gc             ] GC(1604) Pause Full (Ergonomics) 366M->366M(409M) 391.260ms
[603.309s][info][gc,cpu         ] GC(1604) User=0.39s Sys=0.00s Real=0.39s
[603.309s][info][gc,start       ] GC(1605) Pause Full (Ergonomics)
[603.309s][info][gc,phases,start] GC(1605) Marking Phase
[603.598s][info][gc,phases      ] GC(1605) Marking Phase 288.715ms
[603.598s][info][gc,phases,start] GC(1605) Summary Phase
[603.598s][info][gc,phases      ] GC(1605) Summary Phase 0.035ms
[603.598s][info][gc,phases,start] GC(1605) Adjust Roots
[603.598s][info][gc,phases      ] GC(1605) Adjust Roots 0.296ms
[603.599s][info][gc,phases,start] GC(1605) Compaction Phase
[603.695s][info][gc,phases      ] GC(1605) Compaction Phase 96.505ms
[603.695s][info][gc,phases,start] GC(1605) Post Compact
[603.697s][info][gc,phases      ] GC(1605) Post Compact 1.557ms
[603.697s][info][gc,heap        ] GC(1605) PSYoungGen: 33771K(77312K)->33771K(77312K) Eden: 24575K(24576K)->24575K(24576K) From: 9195K(52736K)->9195K(52736K)
[603.697s][info][gc,heap        ] GC(1605) ParOldGen: 341483K(341504K)->341483K(341504K)
[603.697s][info][gc,metaspace   ] GC(1605) Metaspace: 6296K(6464K)->6296K(6464K) NonClass: 5763K(5824K)->5763K(5824K) Class: 532K(640K)->532K(640K)
[603.697s][info][gc             ] GC(1605) Pause Full (Ergonomics) 366M->366M(409M) 387.494ms
[603.697s][info][gc,cpu         ] GC(1605) User=0.38s Sys=0.00s Real=0.39s
[603.697s][info][gc,start       ] GC(1606) Pause Full (Ergonomics)
[603.697s][info][gc,phases,start] GC(1606) Marking Phase
[603.986s][info][gc,phases      ] GC(1606) Marking Phase 289.097ms
[603.986s][info][gc,phases,start] GC(1606) Summary Phase
[603.986s][info][gc,phases      ] GC(1606) Summary Phase 0.023ms
[603.986s][info][gc,phases,start] GC(1606) Adjust Roots
[603.987s][info][gc,phases      ] GC(1606) Adjust Roots 0.220ms
[603.987s][info][gc,phases,start] GC(1606) Compaction Phase
[604.085s][info][gc,phases      ] GC(1606) Compaction Phase 98.791ms
[604.085s][info][gc,phases,start] GC(1606) Post Compact
[604.087s][info][gc,phases      ] GC(1606) Post Compact 1.548ms
[604.087s][info][gc,heap        ] GC(1606) PSYoungGen: 33771K(77312K)->33771K(77312K) Eden: 24575K(24576K)->24575K(24576K) From: 9195K(52736K)->9195K(52736K)
[604.087s][info][gc,heap        ] GC(1606) ParOldGen: 341488K(341504K)->341488K(341504K)
[604.087s][info][gc,metaspace   ] GC(1606) Metaspace: 6296K(6464K)->6296K(6464K) NonClass: 5763K(5824K)->5763K(5824K) Class: 532K(640K)->532K(640K)
[604.087s][info][gc             ] GC(1606) Pause Full (Ergonomics) 366M->366M(409M) 390.030ms
[604.087s][info][gc,cpu         ] GC(1606) User=0.38s Sys=0.00s Real=0.39s
[604.088s][info][gc,start       ] GC(1607) Pause Full (Ergonomics)
[604.088s][info][gc,phases,start] GC(1607) Marking Phase
[604.375s][info][gc,phases      ] GC(1607) Marking Phase 287.106ms
[604.375s][info][gc,phases,start] GC(1607) Summary Phase
[604.375s][info][gc,phases      ] GC(1607) Summary Phase 0.035ms
[604.375s][info][gc,phases,start] GC(1607) Adjust Roots
[604.375s][info][gc,phases      ] GC(1607) Adjust Roots 0.275ms
[604.375s][info][gc,phases,start] GC(1607) Compaction Phase
[604.472s][info][gc,phases      ] GC(1607) Compaction Phase 96.804ms
[604.472s][info][gc,phases,start] GC(1607) Post Compact
[604.474s][info][gc,phases      ] GC(1607) Post Compact 1.551ms
[604.474s][info][gc,heap        ] GC(1607) PSYoungGen: 33771K(77312K)->33771K(77312K) Eden: 24575K(24576K)->24575K(24576K) From: 9195K(52736K)->9195K(52736K)
[604.474s][info][gc,heap        ] GC(1607) ParOldGen: 341492K(341504K)->341492K(341504K)
[604.474s][info][gc,metaspace   ] GC(1607) Metaspace: 6296K(6464K)->6296K(6464K) NonClass: 5763K(5824K)->5763K(5824K) Class: 532K(640K)->532K(640K)
[604.474s][info][gc             ] GC(1607) Pause Full (Ergonomics) 366M->366M(409M) 386.163ms
[604.474s][info][gc,cpu         ] GC(1607) User=0.34s Sys=0.00s Real=0.39s
[604.474s][info][gc,start       ] GC(1608) Pause Full (Ergonomics)
[604.474s][info][gc,phases,start] GC(1608) Marking Phase
[604.764s][info][gc,phases      ] GC(1608) Marking Phase 290.176ms
[604.764s][info][gc,phases,start] GC(1608) Summary Phase
[604.765s][info][gc,phases      ] GC(1608) Summary Phase 0.058ms
[604.765s][info][gc,phases,start] GC(1608) Adjust Roots
[604.765s][info][gc,phases      ] GC(1608) Adjust Roots 0.296ms
[604.765s][info][gc,phases,start] GC(1608) Compaction Phase
[604.864s][info][gc,phases      ] GC(1608) Compaction Phase 99.399ms
[604.864s][info][gc,phases,start] GC(1608) Post Compact
[604.866s][info][gc,phases      ] GC(1608) Post Compact 1.537ms
[604.866s][info][gc,heap        ] GC(1608) PSYoungGen: 33771K(77312K)->33771K(77312K) Eden: 24575K(24576K)->24575K(24576K) From: 9195K(52736K)->9195K(52736K)
[604.866s][info][gc,heap        ] GC(1608) ParOldGen: 341497K(341504K)->341497K(341504K)
[604.866s][info][gc,metaspace   ] GC(1608) Metaspace: 6296K(6464K)->6296K(6464K) NonClass: 5763K(5824K)->5763K(5824K) Class: 532K(640K)->532K(640K)
[604.866s][info][gc             ] GC(1608) Pause Full (Ergonomics) 366M->366M(409M) 391.858ms
[604.866s][info][gc,cpu         ] GC(1608) User=0.38s Sys=0.00s Real=0.39s
[604.867s][info][gc,start       ] GC(1609) Pause Full (Ergonomics)
[604.867s][info][gc,phases,start] GC(1609) Marking Phase
[605.152s][info][gc,phases      ] GC(1609) Marking Phase 285.231ms
[605.152s][info][gc,phases,start] GC(1609) Summary Phase
[605.152s][info][gc,phases      ] GC(1609) Summary Phase 0.023ms
[605.152s][info][gc,phases,start] GC(1609) Adjust Roots
[605.152s][info][gc,phases      ] GC(1609) Adjust Roots 0.210ms
[605.152s][info][gc,phases,start] GC(1609) Compaction Phase
[605.249s][info][gc,phases      ] GC(1609) Compaction Phase 97.063ms
[605.249s][info][gc,phases,start] GC(1609) Post Compact
[605.251s][info][gc,phases      ] GC(1609) Post Compact 1.526ms
[605.251s][info][gc,heap        ] GC(1609) PSYoungGen: 33771K(77312K)->33771K(77312K) Eden: 24575K(24576K)->24575K(24576K) From: 9195K(52736K)->9195K(52736K)
[605.251s][info][gc,heap        ] GC(1609) ParOldGen: 341502K(341504K)->341502K(341504K)
[605.251s][info][gc,metaspace   ] GC(1609) Metaspace: 6296K(6464K)->6296K(6464K) NonClass: 5763K(5824K)->5763K(5824K) Class: 532K(640K)->532K(640K)
[605.251s][info][gc             ] GC(1609) Pause Full (Ergonomics) 366M->366M(409M) 384.410ms
[605.251s][info][gc,cpu         ] GC(1609) User=0.34s Sys=0.00s Real=0.38s
[605.251s][info][gc,start       ] GC(1610) Pause Full (Ergonomics)
[605.251s][info][gc,phases,start] GC(1610) Marking Phase
[605.543s][info][gc,phases      ] GC(1610) Marking Phase 291.180ms
[605.543s][info][gc,phases,start] GC(1610) Summary Phase
[605.543s][info][gc,phases      ] GC(1610) Summary Phase 0.036ms
[605.543s][info][gc,phases,start] GC(1610) Adjust Roots
[605.543s][info][gc,phases      ] GC(1610) Adjust Roots 0.244ms
[605.543s][info][gc,phases,start] GC(1610) Compaction Phase
[605.647s][info][gc,phases      ] GC(1610) Compaction Phase 103.868ms
[605.647s][info][gc,phases,start] GC(1610) Post Compact
[605.648s][info][gc,phases      ] GC(1610) Post Compact 1.526ms
[605.649s][info][gc,heap        ] GC(1610) PSYoungGen: 33771K(77312K)->33771K(77312K) Eden: 24575K(24576K)->24575K(24576K) From: 9195K(52736K)->9195K(52736K)
[605.649s][info][gc,heap        ] GC(1610) ParOldGen: 341504K(341504K)->341504K(341504K)
[605.649s][info][gc,metaspace   ] GC(1610) Metaspace: 6296K(6464K)->6296K(6464K) NonClass: 5763K(5824K)->5763K(5824K) Class: 532K(640K)->532K(640K)
[605.649s][info][gc             ] GC(1610) Pause Full (Ergonomics) 366M->366M(409M) 397.321ms
[605.649s][info][gc,cpu         ] GC(1610) User=0.36s Sys=0.00s Real=0.40s
[605.649s][info][gc,start       ] GC(1611) Pause Full (Allocation Failure)
[605.649s][info][gc,phases,start] GC(1611) Marking Phase
[605.936s][info][gc,phases      ] GC(1611) Marking Phase 287.490ms
[605.936s][info][gc,phases,start] GC(1611) Summary Phase
[605.936s][info][gc,phases      ] GC(1611) Summary Phase 0.034ms
[605.936s][info][gc,phases,start] GC(1611) Adjust Roots
[605.937s][info][gc,phases      ] GC(1611) Adjust Roots 0.263ms
[605.937s][info][gc,phases,start] GC(1611) Compaction Phase
[606.033s][info][gc,phases      ] GC(1611) Compaction Phase 96.667ms
[606.033s][info][gc,phases,start] GC(1611) Post Compact
[606.035s][info][gc,phases      ] GC(1611) Post Compact 1.566ms
[606.035s][info][gc,heap        ] GC(1611) PSYoungGen: 33771K(77312K)->33771K(77312K) Eden: 24575K(24576K)->24575K(24576K) From: 9195K(52736K)->9195K(52736K)
[606.035s][info][gc,heap        ] GC(1611) ParOldGen: 341504K(341504K)->341504K(341504K)
[606.035s][info][gc,metaspace   ] GC(1611) Metaspace: 6296K(6464K)->6296K(6464K) NonClass: 5763K(5824K)->5763K(5824K) Class: 532K(640K)->532K(640K)
[606.035s][info][gc             ] GC(1611) Pause Full (Allocation Failure) 366M->366M(409M) 386.399ms
[606.035s][info][gc,cpu         ] GC(1611) User=0.34s Sys=0.00s Real=0.39s
[606.035s][info][gc,start       ] GC(1612) Pause Full (Ergonomics)
[606.036s][info][gc,phases,start] GC(1612) Marking Phase
[606.327s][info][gc,phases      ] GC(1612) Marking Phase 291.467ms
[606.327s][info][gc,phases,start] GC(1612) Summary Phase
[606.327s][info][gc,phases      ] GC(1612) Summary Phase 0.088ms
[606.327s][info][gc,phases,start] GC(1612) Adjust Roots
[606.328s][info][gc,phases      ] GC(1612) Adjust Roots 0.406ms
[606.328s][info][gc,phases,start] GC(1612) Compaction Phase
[606.451s][info][gc,phases      ] GC(1612) Compaction Phase 123.543ms
[606.451s][info][gc,phases,start] GC(1612) Post Compact
[606.453s][info][gc,phases      ] GC(1612) Post Compact 1.778ms
[606.453s][info][gc,heap        ] GC(1612) PSYoungGen: 33771K(77312K)->33771K(77312K) Eden: 24575K(24576K)->24575K(24576K) From: 9195K(52736K)->9195K(52736K)
[606.453s][info][gc,heap        ] GC(1612) ParOldGen: 341504K(341504K)->341502K(341504K)
[606.453s][info][gc,metaspace   ] GC(1612) Metaspace: 6296K(6464K)->6296K(6464K) NonClass: 5763K(5824K)->5763K(5824K) Class: 532K(640K)->532K(640K)
[606.453s][info][gc             ] GC(1612) Pause Full (Ergonomics) 366M->366M(409M) 417.680ms
[606.453s][info][gc,cpu         ] GC(1612) User=0.39s Sys=0.00s Real=0.42s
[606.454s][info][gc,start       ] GC(1613) Pause Full (Ergonomics)
[606.455s][info][gc,phases,start] GC(1613) Marking Phase
[606.742s][info][gc,phases      ] GC(1613) Marking Phase 287.151ms
[606.742s][info][gc,phases,start] GC(1613) Summary Phase
[606.742s][info][gc,phases      ] GC(1613) Summary Phase 0.034ms
[606.742s][info][gc,phases,start] GC(1613) Adjust Roots
[606.742s][info][gc,phases      ] GC(1613) Adjust Roots 0.497ms
[606.742s][info][gc,phases,start] GC(1613) Compaction Phase
[606.863s][info][gc,phases      ] GC(1613) Compaction Phase 120.870ms
[606.863s][info][gc,phases,start] GC(1613) Post Compact
[606.865s][info][gc,phases      ] GC(1613) Post Compact 1.847ms
[606.865s][info][gc,heap        ] GC(1613) PSYoungGen: 33771K(77312K)->33771K(77312K) Eden: 24576K(24576K)->24576K(24576K) From: 9195K(52736K)->9195K(52736K)
[606.865s][info][gc,heap        ] GC(1613) ParOldGen: 341503K(341504K)->341500K(341504K)
[606.865s][info][gc,metaspace   ] GC(1613) Metaspace: 6297K(6464K)->6297K(6464K) NonClass: 5763K(5824K)->5763K(5824K) Class: 533K(640K)->533K(640K)
[606.865s][info][gc             ] GC(1613) Pause Full (Ergonomics) 366M->366M(409M) 410.841ms
[606.865s][info][gc,cpu         ] GC(1613) User=0.38s Sys=0.00s Real=0.41s
[606.866s][info][gc,start       ] GC(1614) Pause Full (Ergonomics)
[606.866s][info][gc,phases,start] GC(1614) Marking Phase
[607.153s][info][gc,phases      ] GC(1614) Marking Phase 287.213ms
[607.153s][info][gc,phases,start] GC(1614) Summary Phase
[607.153s][info][gc,phases      ] GC(1614) Summary Phase 0.023ms
[607.153s][info][gc,phases,start] GC(1614) Adjust Roots
[607.154s][info][gc,phases      ] GC(1614) Adjust Roots 0.264ms
[607.154s][info][gc,phases,start] GC(1614) Compaction Phase
[607.251s][info][gc,phases      ] GC(1614) Compaction Phase 96.923ms
[607.251s][info][gc,phases,start] GC(1614) Post Compact
[607.252s][info][gc,phases      ] GC(1614) Post Compact 1.516ms
[607.252s][info][gc,heap        ] GC(1614) PSYoungGen: 33771K(77312K)->33771K(77312K) Eden: 24576K(24576K)->24576K(24576K) From: 9195K(52736K)->9195K(52736K)
[607.252s][info][gc,heap        ] GC(1614) ParOldGen: 341501K(341504K)->341501K(341504K)
[607.252s][info][gc,metaspace   ] GC(1614) Metaspace: 6299K(6464K)->6299K(6464K) NonClass: 5765K(5824K)->5765K(5824K) Class: 534K(640K)->534K(640K)
[607.252s][info][gc             ] GC(1614) Pause Full (Ergonomics) 366M->366M(409M) 386.303ms
[607.252s][info][gc,cpu         ] GC(1614) User=0.36s Sys=0.00s Real=0.39s
[607.253s][info][gc,heap,exit   ] Heap
[607.253s][info][gc,heap,exit   ]  PSYoungGen      total 77312K, used 33771K [0x00000000f5980000, 0x00000000fe000000, 0x0000000100000000)
[607.253s][info][gc,heap,exit   ]   eden space 24576K, 100% used [0x00000000f5980000,0x00000000f7180000,0x00000000f7180000)
[607.253s][info][gc,heap,exit   ]   from space 52736K, 17% used [0x00000000fa700000,0x00000000faffac80,0x00000000fda80000)
[607.253s][info][gc,heap,exit   ]   to   space 54784K, 0% used [0x00000000f7180000,0x00000000f7180000,0x00000000fa700000)
[607.253s][info][gc,heap,exit   ]  ParOldGen       total 341504K, used 341501K [0x00000000e0c00000, 0x00000000f5980000, 0x00000000f5980000)
[607.253s][info][gc,heap,exit   ]   object space 341504K, 99% used [0x00000000e0c00000,0x00000000f597f668,0x00000000f5980000)
[607.253s][info][gc,heap,exit   ]  Metaspace       used 6300K, committed 6464K, reserved 1114112K
[607.253s][info][gc,heap,exit   ]   class space    used 534K, committed 640K, reserved 1048576K
