[0.013s][info][gc,init] CardTable entry size: 512
[0.013s][info][gc     ] Using Parallel
[0.014s][info][gc,init] Version: 18.0.1+10 (release)
[0.014s][info][gc,init] CPUs: 8 total, 8 available
[0.014s][info][gc,init] Memory: 16063M
[0.014s][info][gc,init] Large Page Support: Disabled
[0.014s][info][gc,init] NUMA Support: Disabled
[0.014s][info][gc,init] Compressed Oops: Enabled (32-bit)
[0.014s][info][gc,init] Alignments: Space 512K, Generation 512K, Heap 2M
[0.014s][info][gc,init] Heap Min Capacity: 2M
[0.014s][info][gc,init] Heap Initial Capacity: 2M
[0.014s][info][gc,init] Heap Max Capacity: 2000M
[0.015s][info][gc,init] Pre-touch: Disabled
[0.015s][info][gc,init] Parallel Workers: 4
[0.015s][info][gc,metaspace] CDS archive(s) not mapped
[0.015s][info][gc,metaspace] Compressed class space mapped at: 0x0000000100000000-0x0000000140000000, reserved size: 1073741824
[0.015s][info][gc,metaspace] Narrow klass base: 0x0000000000000000, Narrow klass shift: 3, Narrow klass range: 0x140000000
[0.118s][info][gc,start    ] GC(0) Pause Young (Allocation Failure)
[0.119s][info][gc,heap     ] GC(0) PSYoungGen: 512K(1024K)->512K(1024K) Eden: 512K(512K)->0K(512K) From: 0K(512K)->512K(512K)
[0.119s][info][gc,heap     ] GC(0) ParOldGen: 0K(512K)->8K(512K)
[0.119s][info][gc,metaspace] GC(0) Metaspace: 4229K(4352K)->4229K(4352K) NonClass: 3908K(3968K)->3908K(3968K) Class: 321K(384K)->321K(384K)
[0.119s][info][gc          ] GC(0) Pause Young (Allocation Failure) 0M->0M(1M) 1.326ms
[0.119s][info][gc,cpu      ] GC(0) User=0.00s Sys=0.00s Real=0.00s
[0.185s][info][gc,start    ] GC(1) Pause Young (Allocation Failure)
[0.185s][info][gc,heap     ] GC(1) PSYoungGen: 1023K(1024K)->496K(1536K) Eden: 511K(512K)->0K(1024K) From: 512K(512K)->496K(512K)
[0.186s][info][gc,heap     ] GC(1) ParOldGen: 8K(512K)->112K(512K)
[0.186s][info][gc,metaspace] GC(1) Metaspace: 5879K(6016K)->5879K(6016K) NonClass: 5383K(5504K)->5383K(5504K) Class: 496K(512K)->496K(512K)
[0.186s][info][gc          ] GC(1) Pause Young (Allocation Failure) 1M->0M(2M) 0.768ms
[0.186s][info][gc,cpu      ] GC(1) User=0.00s Sys=0.00s Real=0.00s
[0.209s][info][gc,start    ] GC(2) Pause Young (Allocation Failure)
[0.210s][info][gc,heap     ] GC(2) PSYoungGen: 1520K(1536K)->480K(1536K) Eden: 1024K(1024K)->0K(1024K) From: 496K(512K)->480K(512K)
[0.210s][info][gc,heap     ] GC(2) ParOldGen: 112K(512K)->552K(1024K)
[0.210s][info][gc,metaspace] GC(2) Metaspace: 6299K(6464K)->6299K(6464K) NonClass: 5766K(5824K)->5766K(5824K) Class: 533K(640K)->533K(640K)
[0.210s][info][gc          ] GC(2) Pause Young (Allocation Failure) 1M->1M(2M) 1.146ms
[0.210s][info][gc,cpu      ] GC(2) User=0.00s Sys=0.00s Real=0.00s
[0.210s][info][gc,start    ] GC(3) Pause Full (Ergonomics)
[0.210s][info][gc,phases,start] GC(3) Marking Phase
[0.211s][info][gc,phases      ] GC(3) Marking Phase 0.919ms
[0.211s][info][gc,phases,start] GC(3) Summary Phase
[0.211s][info][gc,phases      ] GC(3) Summary Phase 0.019ms
[0.211s][info][gc,phases,start] GC(3) Adjust Roots
[0.211s][info][gc,phases      ] GC(3) Adjust Roots 0.357ms
[0.211s][info][gc,phases,start] GC(3) Compaction Phase
[0.214s][info][gc,phases      ] GC(3) Compaction Phase 3.074ms
[0.215s][info][gc,phases,start] GC(3) Post Compact
[0.215s][info][gc,phases      ] GC(3) Post Compact 0.086ms
[0.215s][info][gc,heap        ] GC(3) PSYoungGen: 480K(1536K)->0K(2048K) Eden: 0K(1024K)->0K(1536K) From: 480K(512K)->0K(512K)
[0.215s][info][gc,heap        ] GC(3) ParOldGen: 552K(1024K)->981K(2560K)
[0.215s][info][gc,metaspace   ] GC(3) Metaspace: 6299K(6464K)->6299K(6464K) NonClass: 5766K(5824K)->5766K(5824K) Class: 533K(640K)->533K(640K)
[0.215s][info][gc             ] GC(3) Pause Full (Ergonomics) 1M->0M(4M) 4.748ms
[0.215s][info][gc,cpu         ] GC(3) User=0.00s Sys=0.00s Real=0.00s
[0.217s][info][gc,start       ] GC(4) Pause Young (Allocation Failure)
[0.218s][info][gc,heap        ] GC(4) PSYoungGen: 1536K(2048K)->480K(2560K) Eden: 1536K(1536K)->0K(2048K) From: 0K(512K)->480K(512K)
[0.218s][info][gc,heap        ] GC(4) ParOldGen: 981K(2560K)->1301K(2560K)
[0.218s][info][gc,metaspace   ] GC(4) Metaspace: 6299K(6464K)->6299K(6464K) NonClass: 5766K(5824K)->5766K(5824K) Class: 533K(640K)->533K(640K)
[0.218s][info][gc             ] GC(4) Pause Young (Allocation Failure) 2M->1M(5M) 0.858ms
[0.218s][info][gc,cpu         ] GC(4) User=0.00s Sys=0.00s Real=0.00s
[0.221s][info][gc,start       ] GC(5) Pause Young (Allocation Failure)
[0.222s][info][gc,heap        ] GC(5) PSYoungGen: 2528K(2560K)->480K(2048K) Eden: 2047K(2048K)->0K(1536K) From: 480K(512K)->480K(512K)
[0.222s][info][gc,heap        ] GC(5) ParOldGen: 1301K(2560K)->2381K(2560K)
[0.222s][info][gc,metaspace   ] GC(5) Metaspace: 6299K(6464K)->6299K(6464K) NonClass: 5766K(5824K)->5766K(5824K) Class: 533K(640K)->533K(640K)
[0.222s][info][gc             ] GC(5) Pause Young (Allocation Failure) 3M->2M(4M) 1.300ms
[0.222s][info][gc,cpu         ] GC(5) User=0.00s Sys=0.00s Real=0.00s
[0.222s][info][gc,start       ] GC(6) Pause Full (Ergonomics)
[0.222s][info][gc,phases,start] GC(6) Marking Phase
[0.223s][info][gc,phases      ] GC(6) Marking Phase 1.437ms
[0.223s][info][gc,phases,start] GC(6) Summary Phase
[0.223s][info][gc,phases      ] GC(6) Summary Phase 0.017ms
[0.223s][info][gc,phases,start] GC(6) Adjust Roots
[0.224s][info][gc,phases      ] GC(6) Adjust Roots 0.298ms
[0.224s][info][gc,phases,start] GC(6) Compaction Phase
[0.226s][info][gc,phases      ] GC(6) Compaction Phase 1.816ms
[0.226s][info][gc,phases,start] GC(6) Post Compact
[0.226s][info][gc,phases      ] GC(6) Post Compact 0.030ms
[0.226s][info][gc,heap        ] GC(6) PSYoungGen: 480K(2048K)->479K(2048K) Eden: 0K(1536K)->0K(1536K) From: 480K(512K)->479K(512K)
[0.226s][info][gc,heap        ] GC(6) ParOldGen: 2381K(2560K)->2324K(5632K)
[0.226s][info][gc,metaspace   ] GC(6) Metaspace: 6299K(6464K)->6299K(6464K) NonClass: 5766K(5824K)->5766K(5824K) Class: 533K(640K)->533K(640K)
[0.226s][info][gc             ] GC(6) Pause Full (Ergonomics) 2M->2M(7M) 3.933ms
[0.226s][info][gc,cpu         ] GC(6) User=0.00s Sys=0.00s Real=0.00s
[0.229s][info][gc,start       ] GC(7) Pause Young (Allocation Failure)
[0.231s][info][gc,heap        ] GC(7) PSYoungGen: 2015K(2048K)->1312K(3072K) Eden: 1536K(1536K)->0K(1536K) From: 479K(512K)->1312K(1536K)
[0.231s][info][gc,heap        ] GC(7) ParOldGen: 2324K(5632K)->2324K(5632K)
[0.231s][info][gc,metaspace   ] GC(7) Metaspace: 6299K(6464K)->6299K(6464K) NonClass: 5766K(5824K)->5766K(5824K) Class: 533K(640K)->533K(640K)
[0.231s][info][gc             ] GC(7) Pause Young (Allocation Failure) 4M->3M(8M) 1.251ms
[0.231s][info][gc,cpu         ] GC(7) User=0.00s Sys=0.00s Real=0.00s
[0.233s][info][gc,start       ] GC(8) Pause Young (Allocation Failure)
[0.235s][info][gc,heap        ] GC(8) PSYoungGen: 2847K(3072K)->2016K(4096K) Eden: 1535K(1536K)->0K(2048K) From: 1312K(1536K)->2016K(2048K)
[0.235s][info][gc,heap        ] GC(8) ParOldGen: 2324K(5632K)->2372K(5632K)
[0.235s][info][gc,metaspace   ] GC(8) Metaspace: 6299K(6464K)->6299K(6464K) NonClass: 5766K(5824K)->5766K(5824K) Class: 533K(640K)->533K(640K)
[0.235s][info][gc             ] GC(8) Pause Young (Allocation Failure) 5M->4M(9M) 1.614ms
[0.235s][info][gc,cpu         ] GC(8) User=0.00s Sys=0.00s Real=0.00s
[0.238s][info][gc,start       ] GC(9) Pause Young (Allocation Failure)
[0.240s][info][gc,heap        ] GC(9) PSYoungGen: 4064K(4096K)->2528K(4608K) Eden: 2048K(2048K)->0K(2048K) From: 2016K(2048K)->2528K(2560K)
[0.240s][info][gc,heap        ] GC(9) ParOldGen: 2372K(5632K)->2932K(5632K)
[0.240s][info][gc,metaspace   ] GC(9) Metaspace: 6299K(6464K)->6299K(6464K) NonClass: 5766K(5824K)->5766K(5824K) Class: 533K(640K)->533K(640K)
[0.240s][info][gc             ] GC(9) Pause Young (Allocation Failure) 6M->5M(10M) 1.964ms
[0.240s][info][gc,cpu         ] GC(9) User=0.00s Sys=0.00s Real=0.00s
[0.244s][info][gc,start       ] GC(10) Pause Young (Allocation Failure)
[0.247s][info][gc,heap        ] GC(10) PSYoungGen: 4576K(4608K)->3040K(5632K) Eden: 2048K(2048K)->0K(2560K) From: 2528K(2560K)->3040K(3072K)
[0.247s][info][gc,heap        ] GC(10) ParOldGen: 2932K(5632K)->3492K(5632K)
[0.247s][info][gc,metaspace   ] GC(10) Metaspace: 6299K(6464K)->6299K(6464K) NonClass: 5766K(5824K)->5766K(5824K) Class: 533K(640K)->533K(640K)
[0.247s][info][gc             ] GC(10) Pause Young (Allocation Failure) 7M->6M(11M) 2.420ms
[0.247s][info][gc,cpu         ] GC(10) User=0.00s Sys=0.00s Real=0.00s
[0.250s][info][gc,start       ] GC(11) Pause Young (Allocation Failure)
[0.253s][info][gc,heap        ] GC(11) PSYoungGen: 5600K(5632K)->3680K(6656K) Eden: 2560K(2560K)->0K(2560K) From: 3040K(3072K)->3680K(4096K)
[0.253s][info][gc,heap        ] GC(11) ParOldGen: 3492K(5632K)->4252K(5632K)
[0.253s][info][gc,metaspace   ] GC(11) Metaspace: 6299K(6464K)->6299K(6464K) NonClass: 5766K(5824K)->5766K(5824K) Class: 533K(640K)->533K(640K)
[0.253s][info][gc             ] GC(11) Pause Young (Allocation Failure) 8M->7M(12M) 2.463ms
[0.253s][info][gc,cpu         ] GC(11) User=0.02s Sys=0.00s Real=0.00s
[0.256s][info][gc,start       ] GC(12) Pause Young (Allocation Failure)
[0.260s][info][gc,heap        ] GC(12) PSYoungGen: 6240K(6656K)->3744K(7680K) Eden: 2560K(2560K)->0K(3072K) From: 3680K(4096K)->3744K(4608K)
[0.260s][info][gc,heap        ] GC(12) ParOldGen: 4252K(5632K)->5524K(5632K)
[0.260s][info][gc,metaspace   ] GC(12) Metaspace: 6299K(6464K)->6299K(6464K) NonClass: 5766K(5824K)->5766K(5824K) Class: 533K(640K)->533K(640K)
[0.260s][info][gc             ] GC(12) Pause Young (Allocation Failure) 10M->9M(13M) 3.248ms
[0.260s][info][gc,cpu         ] GC(12) User=0.00s Sys=0.00s Real=0.00s
[0.260s][info][gc,start       ] GC(13) Pause Full (Ergonomics)
[0.260s][info][gc,phases,start] GC(13) Marking Phase
[0.263s][info][gc,phases      ] GC(13) Marking Phase 3.272ms
[0.263s][info][gc,phases,start] GC(13) Summary Phase
[0.263s][info][gc,phases      ] GC(13) Summary Phase 0.014ms
[0.263s][info][gc,phases,start] GC(13) Adjust Roots
[0.263s][info][gc,phases      ] GC(13) Adjust Roots 0.257ms
[0.263s][info][gc,phases,start] GC(13) Compaction Phase
[0.268s][info][gc,phases      ] GC(13) Compaction Phase 4.347ms
[0.268s][info][gc,phases,start] GC(13) Post Compact
[0.268s][info][gc,phases      ] GC(13) Post Compact 0.067ms
[0.268s][info][gc,heap        ] GC(13) PSYoungGen: 3744K(7680K)->3681K(7680K) Eden: 0K(3072K)->0K(3072K) From: 3744K(4608K)->3681K(4608K)
[0.268s][info][gc,heap        ] GC(13) ParOldGen: 5524K(5632K)->5391K(10240K)
[0.268s][info][gc,metaspace   ] GC(13) Metaspace: 6299K(6464K)->6299K(6464K) NonClass: 5766K(5824K)->5766K(5824K) Class: 533K(640K)->533K(640K)
[0.268s][info][gc             ] GC(13) Pause Full (Ergonomics) 9M->8M(17M) 8.236ms
[0.268s][info][gc,cpu         ] GC(13) User=0.00s Sys=0.00s Real=0.01s
[0.272s][info][gc,start       ] GC(14) Pause Young (Allocation Failure)
[0.275s][info][gc,heap        ] GC(14) PSYoungGen: 6753K(7680K)->2944K(8192K) Eden: 3072K(3072K)->0K(3072K) From: 3681K(4608K)->2944K(5120K)
[0.275s][info][gc,heap        ] GC(14) ParOldGen: 5391K(10240K)->7815K(10240K)
[0.275s][info][gc,metaspace   ] GC(14) Metaspace: 6299K(6464K)->6299K(6464K) NonClass: 5766K(5824K)->5766K(5824K) Class: 533K(640K)->533K(640K)
[0.275s][info][gc             ] GC(14) Pause Young (Allocation Failure) 11M->10M(18M) 2.845ms
[0.275s][info][gc,cpu         ] GC(14) User=0.00s Sys=0.00s Real=0.00s
[0.281s][info][gc,start       ] GC(15) Pause Young (Allocation Failure)
[0.284s][info][gc,heap        ] GC(15) PSYoungGen: 6016K(8192K)->1888K(8704K) Eden: 3072K(3072K)->0K(4608K) From: 2944K(5120K)->1888K(4096K)
[0.284s][info][gc,heap        ] GC(15) ParOldGen: 7815K(10240K)->10767K(11264K)
[0.284s][info][gc,metaspace   ] GC(15) Metaspace: 6299K(6464K)->6299K(6464K) NonClass: 5766K(5824K)->5766K(5824K) Class: 533K(640K)->533K(640K)
[0.284s][info][gc             ] GC(15) Pause Young (Allocation Failure) 13M->12M(19M) 3.524ms
[0.284s][info][gc,cpu         ] GC(15) User=0.02s Sys=0.00s Real=0.00s
[0.284s][info][gc,start       ] GC(16) Pause Full (Ergonomics)
[0.284s][info][gc,phases,start] GC(16) Marking Phase
[0.288s][info][gc,phases      ] GC(16) Marking Phase 3.406ms
[0.288s][info][gc,phases,start] GC(16) Summary Phase
[0.288s][info][gc,phases      ] GC(16) Summary Phase 0.022ms
[0.288s][info][gc,phases,start] GC(16) Adjust Roots
[0.288s][info][gc,phases      ] GC(16) Adjust Roots 0.210ms
[0.288s][info][gc,phases,start] GC(16) Compaction Phase
[0.292s][info][gc,phases      ] GC(16) Compaction Phase 3.549ms
[0.292s][info][gc,phases,start] GC(16) Post Compact
[0.292s][info][gc,phases      ] GC(16) Post Compact 0.073ms
[0.292s][info][gc,heap        ] GC(16) PSYoungGen: 1888K(8704K)->1824K(9216K) Eden: 0K(4608K)->0K(5120K) From: 1888K(4096K)->1824K(4096K)
[0.292s][info][gc,heap        ] GC(16) ParOldGen: 10767K(11264K)->10393K(17408K)
[0.292s][info][gc,metaspace   ] GC(16) Metaspace: 6299K(6464K)->6299K(6464K) NonClass: 5766K(5824K)->5766K(5824K) Class: 533K(640K)->533K(640K)
[0.292s][info][gc             ] GC(16) Pause Full (Ergonomics) 12M->11M(26M) 7.666ms
[0.292s][info][gc,cpu         ] GC(16) User=0.00s Sys=0.00s Real=0.01s
[0.297s][info][gc,start       ] GC(17) Pause Young (Allocation Failure)
[0.301s][info][gc,heap        ] GC(17) PSYoungGen: 6944K(9216K)->2688K(9728K) Eden: 5120K(5120K)->0K(5120K) From: 1824K(4096K)->2688K(4608K)
[0.301s][info][gc,heap        ] GC(17) ParOldGen: 10393K(17408K)->12249K(17408K)
[0.301s][info][gc,metaspace   ] GC(17) Metaspace: 6301K(6464K)->6301K(6464K) NonClass: 5768K(5824K)->5768K(5824K) Class: 533K(640K)->533K(640K)
[0.301s][info][gc             ] GC(17) Pause Young (Allocation Failure) 16M->14M(26M) 3.620ms
[0.301s][info][gc,cpu         ] GC(17) User=0.00s Sys=0.00s Real=0.00s
[0.305s][info][gc,start       ] GC(18) Pause Young (Allocation Failure)
[0.309s][info][gc,heap        ] GC(18) PSYoungGen: 7808K(9728K)->2720K(11776K) Eden: 5120K(5120K)->0K(7168K) From: 2688K(4608K)->2720K(4608K)
[0.309s][info][gc,heap        ] GC(18) ParOldGen: 12249K(17408K)->14921K(17408K)
[0.309s][info][gc,metaspace   ] GC(18) Metaspace: 6301K(6464K)->6301K(6464K) NonClass: 5768K(5824K)->5768K(5824K) Class: 533K(640K)->533K(640K)
[0.309s][info][gc             ] GC(18) Pause Young (Allocation Failure) 19M->17M(28M) 3.857ms
[0.309s][info][gc,cpu         ] GC(18) User=0.00s Sys=0.00s Real=0.00s
[0.309s][info][gc,start       ] GC(19) Pause Full (Ergonomics)
[0.309s][info][gc,phases,start] GC(19) Marking Phase
[0.315s][info][gc,phases      ] GC(19) Marking Phase 5.308ms
[0.315s][info][gc,phases,start] GC(19) Summary Phase
[0.315s][info][gc,phases      ] GC(19) Summary Phase 0.016ms
[0.315s][info][gc,phases,start] GC(19) Adjust Roots
[0.315s][info][gc,phases      ] GC(19) Adjust Roots 0.206ms
[0.315s][info][gc,phases,start] GC(19) Compaction Phase
[0.319s][info][gc,phases      ] GC(19) Compaction Phase 4.465ms
[0.319s][info][gc,phases,start] GC(19) Post Compact
[0.319s][info][gc,phases      ] GC(19) Post Compact 0.101ms
[0.320s][info][gc,heap        ] GC(19) PSYoungGen: 2720K(11776K)->88K(11776K) Eden: 0K(7168K)->0K(7168K) From: 2720K(4608K)->88K(4608K)
[0.320s][info][gc,heap        ] GC(19) ParOldGen: 14921K(17408K)->17380K(26112K)
[0.320s][info][gc,metaspace   ] GC(19) Metaspace: 6301K(6464K)->6301K(6464K) NonClass: 5768K(5824K)->5768K(5824K) Class: 533K(640K)->533K(640K)
[0.320s][info][gc             ] GC(19) Pause Full (Ergonomics) 17M->17M(37M) 10.431ms
[0.320s][info][gc,cpu         ] GC(19) User=0.00s Sys=0.00s Real=0.01s
[0.324s][info][gc,start       ] GC(20) Pause Young (Allocation Failure)
[0.327s][info][gc,heap        ] GC(20) PSYoungGen: 7256K(11776K)->3808K(11776K) Eden: 7168K(7168K)->0K(7168K) From: 88K(4608K)->3808K(4608K)
[0.327s][info][gc,heap        ] GC(20) ParOldGen: 17380K(26112K)->17484K(26112K)
[0.327s][info][gc,metaspace   ] GC(20) Metaspace: 6301K(6464K)->6301K(6464K) NonClass: 5768K(5824K)->5768K(5824K) Class: 533K(640K)->533K(640K)
[0.327s][info][gc             ] GC(20) Pause Young (Allocation Failure) 24M->20M(37M) 3.377ms
[0.327s][info][gc,cpu         ] GC(20) User=0.00s Sys=0.00s Real=0.00s
[0.335s][info][gc,start       ] GC(21) Pause Young (Allocation Failure)
[0.342s][info][gc,heap        ] GC(21) PSYoungGen: 10976K(11776K)->4288K(14336K) Eden: 7168K(7168K)->0K(9216K) From: 3808K(4608K)->4288K(5120K)
[0.342s][info][gc,heap        ] GC(21) ParOldGen: 17484K(26112K)->21260K(26112K)
[0.342s][info][gc,metaspace   ] GC(21) Metaspace: 6301K(6464K)->6301K(6464K) NonClass: 5768K(5824K)->5768K(5824K) Class: 533K(640K)->533K(640K)
[0.342s][info][gc             ] GC(21) Pause Young (Allocation Failure) 27M->24M(39M) 6.761ms
[0.342s][info][gc,cpu         ] GC(21) User=0.00s Sys=0.00s Real=0.01s
[0.348s][info][gc,start       ] GC(22) Pause Young (Allocation Failure)
[0.353s][info][gc,heap        ] GC(22) PSYoungGen: 13504K(14336K)->4832K(14848K) Eden: 9216K(9216K)->0K(9216K) From: 4288K(5120K)->4832K(5632K)
[0.353s][info][gc,heap        ] GC(22) ParOldGen: 21260K(26112K)->25532K(26112K)
[0.353s][info][gc,metaspace   ] GC(22) Metaspace: 6301K(6464K)->6301K(6464K) NonClass: 5768K(5824K)->5768K(5824K) Class: 533K(640K)->533K(640K)
[0.353s][info][gc             ] GC(22) Pause Young (Allocation Failure) 33M->29M(40M) 5.204ms
[0.353s][info][gc,cpu         ] GC(22) User=0.00s Sys=0.00s Real=0.00s
[0.353s][info][gc,start       ] GC(23) Pause Full (Ergonomics)
[0.353s][info][gc,phases,start] GC(23) Marking Phase
[0.362s][info][gc,phases      ] GC(23) Marking Phase 8.893ms
[0.362s][info][gc,phases,start] GC(23) Summary Phase
[0.362s][info][gc,phases      ] GC(23) Summary Phase 0.018ms
[0.362s][info][gc,phases,start] GC(23) Adjust Roots
[0.362s][info][gc,phases      ] GC(23) Adjust Roots 0.191ms
[0.362s][info][gc,phases,start] GC(23) Compaction Phase
[0.371s][info][gc,phases      ] GC(23) Compaction Phase 9.278ms
[0.371s][info][gc,phases,start] GC(23) Post Compact
[0.372s][info][gc,phases      ] GC(23) Post Compact 0.119ms
[0.372s][info][gc,heap        ] GC(23) PSYoungGen: 4832K(14848K)->3741K(14848K) Eden: 0K(9216K)->0K(9216K) From: 4832K(5632K)->3741K(5632K)
[0.372s][info][gc,heap        ] GC(23) ParOldGen: 25532K(26112K)->25875K(37376K)
[0.372s][info][gc,metaspace   ] GC(23) Metaspace: 6301K(6464K)->6301K(6464K) NonClass: 5768K(5824K)->5768K(5824K) Class: 533K(640K)->533K(640K)
[0.372s][info][gc             ] GC(23) Pause Full (Ergonomics) 29M->28M(51M) 18.824ms
[0.372s][info][gc,cpu         ] GC(23) User=0.02s Sys=0.00s Real=0.02s
[0.378s][info][gc,start       ] GC(24) Pause Young (Allocation Failure)
[0.384s][info][gc,heap        ] GC(24) PSYoungGen: 12957K(14848K)->4832K(17408K) Eden: 9216K(9216K)->0K(11264K) From: 3741K(5632K)->4832K(6144K)
[0.384s][info][gc,heap        ] GC(24) ParOldGen: 25875K(37376K)->29691K(37376K)
[0.384s][info][gc,metaspace   ] GC(24) Metaspace: 6301K(6464K)->6301K(6464K) NonClass: 5768K(5824K)->5768K(5824K) Class: 533K(640K)->533K(640K)
[0.384s][info][gc             ] GC(24) Pause Young (Allocation Failure) 37M->33M(53M) 6.308ms
[0.384s][info][gc,cpu         ] GC(24) User=0.00s Sys=0.00s Real=0.01s
[0.395s][info][gc,start       ] GC(25) Pause Young (Allocation Failure)
[0.403s][info][gc,heap        ] GC(25) PSYoungGen: 15826K(17408K)->6656K(17920K) Eden: 10994K(11264K)->0K(11264K) From: 4832K(6144K)->6656K(6656K)
[0.403s][info][gc,heap        ] GC(25) ParOldGen: 29691K(37376K)->38283K(38400K)
[0.403s][info][gc,metaspace   ] GC(25) Metaspace: 6301K(6464K)->6301K(6464K) NonClass: 5768K(5824K)->5768K(5824K) Class: 533K(640K)->533K(640K)
[0.403s][info][gc             ] GC(25) Pause Young (Allocation Failure) 44M->43M(55M) 8.644ms
[0.403s][info][gc,cpu         ] GC(25) User=0.00s Sys=0.00s Real=0.01s
[0.403s][info][gc,start       ] GC(26) Pause Full (Ergonomics)
[0.403s][info][gc,phases,start] GC(26) Marking Phase
[0.417s][info][gc,phases      ] GC(26) Marking Phase 13.132ms
[0.417s][info][gc,phases,start] GC(26) Summary Phase
[0.417s][info][gc,phases      ] GC(26) Summary Phase 0.016ms
[0.417s][info][gc,phases,start] GC(26) Adjust Roots
[0.417s][info][gc,phases      ] GC(26) Adjust Roots 0.168ms
[0.417s][info][gc,phases,start] GC(26) Compaction Phase
[0.424s][info][gc,phases      ] GC(26) Compaction Phase 7.463ms
[0.424s][info][gc,phases,start] GC(26) Post Compact
[0.425s][info][gc,phases      ] GC(26) Post Compact 0.351ms
[0.425s][info][gc,heap        ] GC(26) PSYoungGen: 6656K(17920K)->6643K(17920K) Eden: 0K(11264K)->0K(11264K) From: 6656K(6656K)->6643K(6656K)
[0.425s][info][gc,heap        ] GC(26) ParOldGen: 38283K(38400K)->38052K(52736K)
[0.425s][info][gc,metaspace   ] GC(26) Metaspace: 6301K(6464K)->6301K(6464K) NonClass: 5768K(5824K)->5768K(5824K) Class: 533K(640K)->533K(640K)
[0.425s][info][gc             ] GC(26) Pause Full (Ergonomics) 43M->43M(69M) 21.487ms
[0.425s][info][gc,cpu         ] GC(26) User=0.00s Sys=0.00s Real=0.02s
[0.440s][info][gc,start       ] GC(27) Pause Young (Allocation Failure)
[0.452s][info][gc,heap        ] GC(27) PSYoungGen: 17907K(17920K)->10720K(19968K) Eden: 11264K(11264K)->0K(9216K) From: 6643K(6656K)->10720K(10752K)
[0.452s][info][gc,heap        ] GC(27) ParOldGen: 38052K(52736K)->45356K(52736K)
[0.452s][info][gc,metaspace   ] GC(27) Metaspace: 6301K(6464K)->6301K(6464K) NonClass: 5768K(5824K)->5768K(5824K) Class: 533K(640K)->533K(640K)
[0.452s][info][gc             ] GC(27) Pause Young (Allocation Failure) 54M->54M(71M) 11.899ms
[0.452s][info][gc,cpu         ] GC(27) User=0.00s Sys=0.00s Real=0.01s
[0.452s][info][gc,start       ] GC(28) Pause Full (Ergonomics)
[0.452s][info][gc,phases,start] GC(28) Marking Phase
[0.469s][info][gc,phases      ] GC(28) Marking Phase 16.601ms
[0.469s][info][gc,phases,start] GC(28) Summary Phase
[0.469s][info][gc,phases      ] GC(28) Summary Phase 0.018ms
[0.469s][info][gc,phases,start] GC(28) Adjust Roots
[0.469s][info][gc,phases      ] GC(28) Adjust Roots 0.175ms
[0.469s][info][gc,phases,start] GC(28) Compaction Phase
[0.484s][info][gc,phases      ] GC(28) Compaction Phase 14.825ms
[0.484s][info][gc,phases,start] GC(28) Post Compact
[0.484s][info][gc,phases      ] GC(28) Post Compact 0.204ms
[0.484s][info][gc,heap        ] GC(28) PSYoungGen: 10720K(19968K)->2523K(19968K) Eden: 0K(9216K)->0K(9216K) From: 10720K(10752K)->2523K(10752K)
[0.484s][info][gc,heap        ] GC(28) ParOldGen: 45356K(52736K)->52384K(70144K)
[0.484s][info][gc,metaspace   ] GC(28) Metaspace: 6301K(6464K)->6301K(6464K) NonClass: 5768K(5824K)->5768K(5824K) Class: 533K(640K)->533K(640K)
[0.484s][info][gc             ] GC(28) Pause Full (Ergonomics) 54M->53M(88M) 32.186ms
[0.484s][info][gc,cpu         ] GC(28) User=0.08s Sys=0.00s Real=0.03s
[0.494s][info][gc,start       ] GC(29) Pause Young (Allocation Failure)
[0.503s][info][gc,heap        ] GC(29) PSYoungGen: 11739K(19968K)->9280K(24576K) Eden: 9216K(9216K)->0K(9216K) From: 2523K(10752K)->9280K(15360K)
[0.503s][info][gc,heap        ] GC(29) ParOldGen: 52384K(70144K)->54968K(70144K)
[0.503s][info][gc,metaspace   ] GC(29) Metaspace: 6301K(6464K)->6301K(6464K) NonClass: 5768K(5824K)->5768K(5824K) Class: 533K(640K)->533K(640K)
[0.503s][info][gc             ] GC(29) Pause Young (Allocation Failure) 62M->62M(92M) 9.454ms
[0.503s][info][gc,cpu         ] GC(29) User=0.00s Sys=0.00s Real=0.01s
[0.513s][info][gc,start       ] GC(30) Pause Young (Allocation Failure)
[0.523s][info][gc,heap        ] GC(30) PSYoungGen: 18496K(24576K)->15872K(23552K) Eden: 9216K(9216K)->0K(7680K) From: 9280K(15360K)->15872K(15872K)
[0.524s][info][gc,heap        ] GC(30) ParOldGen: 54968K(70144K)->57560K(70144K)
[0.524s][info][gc,metaspace   ] GC(30) Metaspace: 6301K(6464K)->6301K(6464K) NonClass: 5768K(5824K)->5768K(5824K) Class: 533K(640K)->533K(640K)
[0.524s][info][gc             ] GC(30) Pause Young (Allocation Failure) 71M->71M(91M) 10.183ms
[0.524s][info][gc,cpu         ] GC(30) User=0.02s Sys=0.00s Real=0.01s
[0.532s][info][gc,start       ] GC(31) Pause Young (Allocation Failure)
[0.545s][info][gc,heap        ] GC(31) PSYoungGen: 23552K(23552K)->7712K(27136K) Eden: 7680K(7680K)->0K(7680K) From: 15872K(15872K)->7712K(19456K)
[0.545s][info][gc,heap        ] GC(31) ParOldGen: 57560K(70144K)->73672K(73728K)
[0.545s][info][gc,metaspace   ] GC(31) Metaspace: 6301K(6464K)->6301K(6464K) NonClass: 5768K(5824K)->5768K(5824K) Class: 533K(640K)->533K(640K)
[0.545s][info][gc             ] GC(31) Pause Young (Allocation Failure) 79M->79M(98M) 12.817ms
[0.545s][info][gc,cpu         ] GC(31) User=0.00s Sys=0.00s Real=0.01s
[0.545s][info][gc,start       ] GC(32) Pause Full (Ergonomics)
[0.545s][info][gc,phases,start] GC(32) Marking Phase
[0.568s][info][gc,phases      ] GC(32) Marking Phase 22.139ms
[0.568s][info][gc,phases,start] GC(32) Summary Phase
[0.568s][info][gc,phases      ] GC(32) Summary Phase 0.016ms
[0.568s][info][gc,phases,start] GC(32) Adjust Roots
[0.568s][info][gc,phases      ] GC(32) Adjust Roots 0.192ms
[0.568s][info][gc,phases,start] GC(32) Compaction Phase
[0.582s][info][gc,phases      ] GC(32) Compaction Phase 14.146ms
[0.582s][info][gc,phases,start] GC(32) Post Compact
[0.582s][info][gc,phases      ] GC(32) Post Compact 0.420ms
[0.583s][info][gc,heap        ] GC(32) PSYoungGen: 7712K(27136K)->7645K(27136K) Eden: 0K(7680K)->0K(7680K) From: 7712K(19456K)->7645K(19456K)
[0.583s][info][gc,heap        ] GC(32) ParOldGen: 73672K(73728K)->73276K(95744K)
[0.583s][info][gc,metaspace   ] GC(32) Metaspace: 6301K(6464K)->6301K(6464K) NonClass: 5768K(5824K)->5768K(5824K) Class: 533K(640K)->533K(640K)
[0.583s][info][gc             ] GC(32) Pause Full (Ergonomics) 79M->79M(120M) 37.391ms
[0.583s][info][gc,cpu         ] GC(32) User=0.09s Sys=0.00s Real=0.04s
[0.592s][info][gc,start       ] GC(33) Pause Young (Allocation Failure)
[0.603s][info][gc,heap        ] GC(33) PSYoungGen: 15325K(27136K)->7744K(25600K) Eden: 7680K(7680K)->0K(9216K) From: 7645K(19456K)->7744K(16384K)
[0.603s][info][gc,heap        ] GC(33) ParOldGen: 73276K(95744K)->81060K(95744K)
[0.603s][info][gc,metaspace   ] GC(33) Metaspace: 6301K(6464K)->6301K(6464K) NonClass: 5768K(5824K)->5768K(5824K) Class: 533K(640K)->533K(640K)
[0.603s][info][gc             ] GC(33) Pause Young (Allocation Failure) 86M->86M(118M) 11.600ms
[0.603s][info][gc,cpu         ] GC(33) User=0.02s Sys=0.00s Real=0.01s
[0.621s][info][gc,start       ] GC(34) Pause Young (Allocation Failure)
[0.633s][info][gc,heap        ] GC(34) PSYoungGen: 16960K(25600K)->9248K(26624K) Eden: 9216K(9216K)->0K(9216K) From: 7744K(16384K)->9248K(17408K)
[0.633s][info][gc,heap        ] GC(34) ParOldGen: 81060K(95744K)->88844K(95744K)
[0.633s][info][gc,metaspace   ] GC(34) Metaspace: 6301K(6464K)->6301K(6464K) NonClass: 5768K(5824K)->5768K(5824K) Class: 533K(640K)->533K(640K)
[0.633s][info][gc             ] GC(34) Pause Young (Allocation Failure) 95M->95M(119M) 11.954ms
[0.633s][info][gc,cpu         ] GC(34) User=0.00s Sys=0.00s Real=0.01s
[0.633s][info][gc,start       ] GC(35) Pause Full (Ergonomics)
[0.633s][info][gc,phases,start] GC(35) Marking Phase
[0.655s][info][gc,phases      ] GC(35) Marking Phase 21.762ms
[0.655s][info][gc,phases,start] GC(35) Summary Phase
[0.655s][info][gc,phases      ] GC(35) Summary Phase 0.017ms
[0.655s][info][gc,phases,start] GC(35) Adjust Roots
[0.655s][info][gc,phases      ] GC(35) Adjust Roots 0.172ms
[0.655s][info][gc,phases,start] GC(35) Compaction Phase
[0.675s][info][gc,phases      ] GC(35) Compaction Phase 19.794ms
[0.675s][info][gc,phases,start] GC(35) Post Compact
[0.675s][info][gc,phases      ] GC(35) Post Compact 0.390ms
[0.675s][info][gc,heap        ] GC(35) PSYoungGen: 9248K(26624K)->0K(28160K) Eden: 0K(9216K)->0K(10752K) From: 9248K(17408K)->0K(17408K)
[0.675s][info][gc,heap        ] GC(35) ParOldGen: 88844K(95744K)->95725K(120832K)
[0.675s][info][gc,metaspace   ] GC(35) Metaspace: 6301K(6464K)->6301K(6464K) NonClass: 5768K(5824K)->5768K(5824K) Class: 533K(640K)->533K(640K)
[0.675s][info][gc             ] GC(35) Pause Full (Ergonomics) 95M->93M(145M) 42.488ms
[0.675s][info][gc,cpu         ] GC(35) User=0.08s Sys=0.00s Real=0.04s
[0.687s][info][gc,start       ] GC(36) Pause Young (Allocation Failure)
[0.693s][info][gc,heap        ] GC(36) PSYoungGen: 10752K(28160K)->10784K(28160K) Eden: 10752K(10752K)->0K(10752K) From: 0K(17408K)->10784K(17408K)
[0.693s][info][gc,heap        ] GC(36) ParOldGen: 95725K(120832K)->95725K(120832K)
[0.693s][info][gc,metaspace   ] GC(36) Metaspace: 6301K(6464K)->6301K(6464K) NonClass: 5768K(5824K)->5768K(5824K) Class: 533K(640K)->533K(640K)
[0.693s][info][gc             ] GC(36) Pause Young (Allocation Failure) 103M->104M(145M) 6.749ms
[0.693s][info][gc,cpu         ] GC(36) User=0.02s Sys=0.00s Real=0.01s
[0.704s][info][gc,start       ] GC(37) Pause Young (Allocation Failure)
[0.716s][info][gc,heap        ] GC(37) PSYoungGen: 21536K(28160K)->17408K(26112K) Eden: 10752K(10752K)->0K(8704K) From: 10784K(17408K)->17408K(17408K)
[0.716s][info][gc,heap        ] GC(37) ParOldGen: 95725K(120832K)->99877K(120832K)
[0.716s][info][gc,metaspace   ] GC(37) Metaspace: 6301K(6464K)->6301K(6464K) NonClass: 5768K(5824K)->5768K(5824K) Class: 533K(640K)->533K(640K)
[0.716s][info][gc             ] GC(37) Pause Young (Allocation Failure) 114M->114M(143M) 11.916ms
[0.716s][info][gc,cpu         ] GC(37) User=0.00s Sys=0.00s Real=0.01s
[0.726s][info][gc,start       ] GC(38) Pause Young (Allocation Failure)
[0.740s][info][gc,heap        ] GC(38) PSYoungGen: 26112K(26112K)->8736K(30208K) Eden: 8704K(8704K)->0K(8704K) From: 17408K(17408K)->8736K(21504K)
[0.740s][info][gc,heap        ] GC(38) ParOldGen: 99877K(120832K)->117549K(120832K)
[0.740s][info][gc,metaspace   ] GC(38) Metaspace: 6301K(6464K)->6301K(6464K) NonClass: 5768K(5824K)->5768K(5824K) Class: 533K(640K)->533K(640K)
[0.740s][info][gc             ] GC(38) Pause Young (Allocation Failure) 123M->123M(147M) 14.558ms
[0.740s][info][gc,cpu         ] GC(38) User=0.02s Sys=0.00s Real=0.01s
[0.740s][info][gc,start       ] GC(39) Pause Full (Ergonomics)
[0.740s][info][gc,phases,start] GC(39) Marking Phase
[0.774s][info][gc,phases      ] GC(39) Marking Phase 34.023ms
[0.774s][info][gc,phases,start] GC(39) Summary Phase
[0.774s][info][gc,phases      ] GC(39) Summary Phase 0.019ms
[0.774s][info][gc,phases,start] GC(39) Adjust Roots
[0.775s][info][gc,phases      ] GC(39) Adjust Roots 0.185ms
[0.775s][info][gc,phases,start] GC(39) Compaction Phase
[0.793s][info][gc,phases      ] GC(39) Compaction Phase 18.764ms
[0.793s][info][gc,phases,start] GC(39) Post Compact
[0.794s][info][gc,phases      ] GC(39) Post Compact 0.578ms
[0.794s][info][gc,heap        ] GC(39) PSYoungGen: 8736K(30208K)->5092K(30208K) Eden: 0K(8704K)->0K(8704K) From: 8736K(21504K)->5092K(21504K)
[0.794s][info][gc,heap        ] GC(39) ParOldGen: 117549K(120832K)->120747K(150528K)
[0.794s][info][gc,metaspace   ] GC(39) Metaspace: 6301K(6464K)->6301K(6464K) NonClass: 5768K(5824K)->5768K(5824K) Class: 533K(640K)->533K(640K)
[0.794s][info][gc             ] GC(39) Pause Full (Ergonomics) 123M->122M(176M) 54.037ms
[0.794s][info][gc,cpu         ] GC(39) User=0.19s Sys=0.00s Real=0.05s
[0.803s][info][gc,start       ] GC(40) Pause Young (Allocation Failure)
[0.817s][info][gc,heap        ] GC(40) PSYoungGen: 13796K(30208K)->8736K(28160K) Eden: 8704K(8704K)->0K(10240K) From: 5092K(21504K)->8736K(17920K)
[0.817s][info][gc,heap        ] GC(40) ParOldGen: 120747K(150528K)->125939K(150528K)
[0.817s][info][gc,metaspace   ] GC(40) Metaspace: 6301K(6464K)->6301K(6464K) NonClass: 5768K(5824K)->5768K(5824K) Class: 533K(640K)->533K(640K)
[0.817s][info][gc             ] GC(40) Pause Young (Allocation Failure) 131M->131M(174M) 13.738ms
[0.817s][info][gc,cpu         ] GC(40) User=0.02s Sys=0.00s Real=0.01s
[0.827s][info][gc,start       ] GC(41) Pause Young (Allocation Failure)
[0.837s][info][gc,heap        ] GC(41) PSYoungGen: 18976K(28160K)->18944K(29696K) Eden: 10240K(10240K)->0K(10240K) From: 8736K(17920K)->18944K(19456K)
[0.837s][info][gc,heap        ] GC(41) ParOldGen: 125939K(150528K)->125939K(150528K)
[0.837s][info][gc,metaspace   ] GC(41) Metaspace: 6301K(6464K)->6301K(6464K) NonClass: 5768K(5824K)->5768K(5824K) Class: 533K(640K)->533K(640K)
[0.837s][info][gc             ] GC(41) Pause Young (Allocation Failure) 141M->141M(176M) 10.211ms
[0.837s][info][gc,cpu         ] GC(41) User=0.02s Sys=0.00s Real=0.01s
[0.848s][info][gc,start       ] GC(42) Pause Young (Allocation Failure)
[0.865s][info][gc,heap        ] GC(42) PSYoungGen: 29184K(29696K)->20512K(31232K) Eden: 10240K(10240K)->0K(9216K) From: 18944K(19456K)->20512K(22016K)
[0.865s][info][gc,heap        ] GC(42) ParOldGen: 125939K(150528K)->134763K(150528K)
[0.865s][info][gc,metaspace   ] GC(42) Metaspace: 6301K(6464K)->6301K(6464K) NonClass: 5768K(5824K)->5768K(5824K) Class: 533K(640K)->533K(640K)
[0.865s][info][gc             ] GC(42) Pause Young (Allocation Failure) 151M->151M(177M) 16.910ms
[0.865s][info][gc,cpu         ] GC(42) User=0.03s Sys=0.00s Real=0.02s
[0.875s][info][gc,start       ] GC(43) Pause Young (Allocation Failure)
[0.891s][info][gc,heap        ] GC(43) PSYoungGen: 29728K(31232K)->19456K(33792K) Eden: 9216K(9216K)->0K(9216K) From: 20512K(22016K)->19456K(24576K)
[0.891s][info][gc,heap        ] GC(43) ParOldGen: 134763K(150528K)->145155K(150528K)
[0.891s][info][gc,metaspace   ] GC(43) Metaspace: 6301K(6464K)->6301K(6464K) NonClass: 5768K(5824K)->5768K(5824K) Class: 533K(640K)->533K(640K)
[0.891s][info][gc             ] GC(43) Pause Young (Allocation Failure) 160M->160M(180M) 15.473ms
[0.891s][info][gc,cpu         ] GC(43) User=0.02s Sys=0.00s Real=0.02s
[0.891s][info][gc,start       ] GC(44) Pause Full (Ergonomics)
[0.891s][info][gc,phases,start] GC(44) Marking Phase
[0.933s][info][gc,phases      ] GC(44) Marking Phase 42.720ms
[0.934s][info][gc,phases,start] GC(44) Summary Phase
[0.934s][info][gc,phases      ] GC(44) Summary Phase 0.019ms
[0.934s][info][gc,phases,start] GC(44) Adjust Roots
[0.934s][info][gc,phases      ] GC(44) Adjust Roots 0.180ms
[0.934s][info][gc,phases,start] GC(44) Compaction Phase
[0.956s][info][gc,phases      ] GC(44) Compaction Phase 22.214ms
[0.956s][info][gc,phases,start] GC(44) Post Compact
[0.957s][info][gc,phases      ] GC(44) Post Compact 0.733ms
[0.957s][info][gc,heap        ] GC(44) PSYoungGen: 19456K(33792K)->13773K(33792K) Eden: 0K(9216K)->0K(9216K) From: 19456K(24576K)->13773K(24576K)
[0.957s][info][gc,heap        ] GC(44) ParOldGen: 145155K(150528K)->150343K(181248K)
[0.957s][info][gc,metaspace   ] GC(44) Metaspace: 6301K(6464K)->6301K(6464K) NonClass: 5768K(5824K)->5768K(5824K) Class: 533K(640K)->533K(640K)
[0.957s][info][gc             ] GC(44) Pause Full (Ergonomics) 160M->160M(210M) 66.331ms
[0.957s][info][gc,cpu         ] GC(44) User=0.22s Sys=0.00s Real=0.07s
[0.967s][info][gc,start       ] GC(45) Pause Young (Allocation Failure)
[0.987s][info][gc,heap        ] GC(45) PSYoungGen: 22989K(33792K)->9280K(35328K) Eden: 9216K(9216K)->0K(10752K) From: 13773K(24576K)->9280K(24576K)
[0.987s][info][gc,heap        ] GC(45) ParOldGen: 150343K(181248K)->164351K(181248K)
[0.987s][info][gc,metaspace   ] GC(45) Metaspace: 6301K(6464K)->6301K(6464K) NonClass: 5768K(5824K)->5768K(5824K) Class: 533K(640K)->533K(640K)
[0.987s][info][gc             ] GC(45) Pause Young (Allocation Failure) 169M->169M(211M) 19.696ms
[0.987s][info][gc,cpu         ] GC(45) User=0.05s Sys=0.03s Real=0.02s
[0.987s][info][gc,start       ] GC(46) Pause Full (Ergonomics)
[0.987s][info][gc,phases,start] GC(46) Marking Phase
[1.032s][info][gc,phases      ] GC(46) Marking Phase 45.331ms
[1.032s][info][gc,phases,start] GC(46) Summary Phase
[1.032s][info][gc,phases      ] GC(46) Summary Phase 0.017ms
[1.032s][info][gc,phases,start] GC(46) Adjust Roots
[1.032s][info][gc,phases      ] GC(46) Adjust Roots 0.185ms
[1.032s][info][gc,phases,start] GC(46) Compaction Phase
[1.053s][info][gc,phases      ] GC(46) Compaction Phase 20.258ms
[1.053s][info][gc,phases,start] GC(46) Post Compact
[1.054s][info][gc,phases      ] GC(46) Post Compact 0.957ms
[1.054s][info][gc,heap        ] GC(46) PSYoungGen: 9280K(35328K)->0K(36352K) Eden: 0K(10752K)->0K(10752K) From: 9280K(24576K)->0K(25600K)
[1.054s][info][gc,heap        ] GC(46) ParOldGen: 164351K(181248K)->173303K(208384K)
[1.054s][info][gc,metaspace   ] GC(46) Metaspace: 6301K(6464K)->6301K(6464K) NonClass: 5768K(5824K)->5768K(5824K) Class: 533K(640K)->533K(640K)
[1.054s][info][gc             ] GC(46) Pause Full (Ergonomics) 169M->169M(239M) 67.206ms
[1.054s][info][gc,cpu         ] GC(46) User=0.19s Sys=0.02s Real=0.07s
[1.091s][info][gc,start       ] GC(47) Pause Young (Allocation Failure)
[1.104s][info][gc,heap        ] GC(47) PSYoungGen: 10752K(36352K)->10816K(34816K) Eden: 10752K(10752K)->0K(12288K) From: 0K(25600K)->10816K(22528K)
[1.104s][info][gc,heap        ] GC(47) ParOldGen: 181495K(208384K)->181495K(208384K)
[1.104s][info][gc,metaspace   ] GC(47) Metaspace: 6301K(6464K)->6301K(6464K) NonClass: 5768K(5824K)->5768K(5824K) Class: 533K(640K)->533K(640K)
[1.104s][info][gc             ] GC(47) Pause Young (Allocation Failure) 187M->187M(237M) 12.746ms
[1.104s][info][gc,cpu         ] GC(47) User=0.02s Sys=0.00s Real=0.01s
[1.116s][info][gc,start       ] GC(48) Pause Young (Allocation Failure)
[1.129s][info][gc,heap        ] GC(48) PSYoungGen: 23104K(34816K)->23104K(36352K) Eden: 12288K(12288K)->0K(12288K) From: 10816K(22528K)->23104K(24064K)
[1.129s][info][gc,heap        ] GC(48) ParOldGen: 181495K(208384K)->181495K(208384K)
[1.129s][info][gc,metaspace   ] GC(48) Metaspace: 6301K(6464K)->6301K(6464K) NonClass: 5768K(5824K)->5768K(5824K) Class: 533K(640K)->533K(640K)
[1.129s][info][gc             ] GC(48) Pause Young (Allocation Failure) 199M->199M(239M) 12.592ms
[1.129s][info][gc,cpu         ] GC(48) User=0.02s Sys=0.00s Real=0.01s
[1.142s][info][gc,start       ] GC(49) Pause Young (Allocation Failure)
[1.161s][info][gc,heap        ] GC(49) PSYoungGen: 35392K(36352K)->27136K(33792K) Eden: 12288K(12288K)->0K(6656K) From: 23104K(24064K)->27136K(27136K)
[1.161s][info][gc,heap        ] GC(49) ParOldGen: 181495K(208384K)->189807K(208384K)
[1.161s][info][gc,metaspace   ] GC(49) Metaspace: 6301K(6464K)->6301K(6464K) NonClass: 5768K(5824K)->5768K(5824K) Class: 533K(640K)->533K(640K)
[1.161s][info][gc             ] GC(49) Pause Young (Allocation Failure) 211M->211M(236M) 19.785ms
[1.161s][info][gc,cpu         ] GC(49) User=0.06s Sys=0.00s Real=0.02s
[1.169s][info][gc,start       ] GC(50) Pause Young (Allocation Failure)
[1.186s][info][gc,heap        ] GC(50) PSYoungGen: 33792K(33792K)->17312K(40960K) Eden: 6656K(6656K)->0K(6656K) From: 27136K(27136K)->17312K(34304K)
[1.186s][info][gc,heap        ] GC(50) ParOldGen: 189807K(208384K)->206559K(208384K)
[1.186s][info][gc,metaspace   ] GC(50) Metaspace: 6301K(6464K)->6301K(6464K) NonClass: 5768K(5824K)->5768K(5824K) Class: 533K(640K)->533K(640K)
[1.186s][info][gc             ] GC(50) Pause Young (Allocation Failure) 218M->218M(243M) 16.711ms
[1.186s][info][gc,cpu         ] GC(50) User=0.06s Sys=0.00s Real=0.02s
[1.186s][info][gc,start       ] GC(51) Pause Full (Ergonomics)
[1.186s][info][gc,phases,start] GC(51) Marking Phase
[1.241s][info][gc,phases      ] GC(51) Marking Phase 55.767ms
[1.242s][info][gc,phases,start] GC(51) Summary Phase
[1.242s][info][gc,phases      ] GC(51) Summary Phase 0.017ms
[1.242s][info][gc,phases,start] GC(51) Adjust Roots
[1.242s][info][gc,phases      ] GC(51) Adjust Roots 0.173ms
[1.242s][info][gc,phases,start] GC(51) Compaction Phase
[1.283s][info][gc,phases      ] GC(51) Compaction Phase 40.952ms
[1.283s][info][gc,phases,start] GC(51) Post Compact
[1.284s][info][gc,phases      ] GC(51) Post Compact 1.034ms
[1.284s][info][gc,heap        ] GC(51) PSYoungGen: 17312K(40960K)->11100K(40960K) Eden: 0K(6656K)->0K(6656K) From: 17312K(34304K)->11100K(34304K)
[1.284s][info][gc,heap        ] GC(51) ParOldGen: 206559K(208384K)->208159K(246784K)
[1.284s][info][gc,metaspace   ] GC(51) Metaspace: 6301K(6464K)->6301K(6464K) NonClass: 5768K(5824K)->5768K(5824K) Class: 533K(640K)->533K(640K)
[1.284s][info][gc             ] GC(51) Pause Full (Ergonomics) 218M->214M(281M) 98.409ms
[1.284s][info][gc,cpu         ] GC(51) User=0.27s Sys=0.00s Real=0.10s
[1.293s][info][gc,start       ] GC(52) Pause Young (Allocation Failure)
[1.316s][info][gc,heap        ] GC(52) PSYoungGen: 17756K(40960K)->11040K(38400K) Eden: 6656K(6656K)->0K(7680K) From: 11100K(34304K)->11040K(30720K)
[1.316s][info][gc,heap        ] GC(52) ParOldGen: 208159K(246784K)->215047K(246784K)
[1.316s][info][gc,metaspace   ] GC(52) Metaspace: 6301K(6464K)->6301K(6464K) NonClass: 5768K(5824K)->5768K(5824K) Class: 533K(640K)->533K(640K)
[1.316s][info][gc             ] GC(52) Pause Young (Allocation Failure) 220M->220M(278M) 22.999ms
[1.316s][info][gc,cpu         ] GC(52) User=0.03s Sys=0.00s Real=0.02s
[1.325s][info][gc,start       ] GC(53) Pause Young (Allocation Failure)
[1.335s][info][gc,heap        ] GC(53) PSYoungGen: 18720K(38400K)->18720K(39936K) Eden: 7680K(7680K)->0K(7680K) From: 11040K(30720K)->18720K(32256K)
[1.335s][info][gc,heap        ] GC(53) ParOldGen: 215047K(246784K)->215047K(246784K)
[1.335s][info][gc,metaspace   ] GC(53) Metaspace: 6301K(6464K)->6301K(6464K) NonClass: 5768K(5824K)->5768K(5824K) Class: 533K(640K)->533K(640K)
[1.335s][info][gc             ] GC(53) Pause Young (Allocation Failure) 228M->228M(280M) 10.096ms
[1.335s][info][gc,cpu         ] GC(53) User=0.02s Sys=0.00s Real=0.01s
[1.344s][info][gc,start       ] GC(54) Pause Young (Allocation Failure)
[1.358s][info][gc,heap        ] GC(54) PSYoungGen: 26400K(39936K)->22048K(39424K) Eden: 7680K(7680K)->0K(7680K) From: 18720K(32256K)->22048K(31744K)
[1.358s][info][gc,heap        ] GC(54) ParOldGen: 215047K(246784K)->219463K(246784K)
[1.358s][info][gc,metaspace   ] GC(54) Metaspace: 6301K(6464K)->6301K(6464K) NonClass: 5768K(5824K)->5768K(5824K) Class: 533K(640K)->533K(640K)
[1.358s][info][gc             ] GC(54) Pause Young (Allocation Failure) 235M->235M(279M) 13.726ms
[1.358s][info][gc,cpu         ] GC(54) User=0.02s Sys=0.00s Real=0.01s
[1.367s][info][gc,start       ] GC(55) Pause Young (Allocation Failure)
[1.382s][info][gc,heap        ] GC(55) PSYoungGen: 29728K(39424K)->23040K(40448K) Eden: 7680K(7680K)->0K(7680K) From: 22048K(31744K)->23040K(32768K)
[1.382s][info][gc,heap        ] GC(55) ParOldGen: 219463K(246784K)->226215K(246784K)
[1.382s][info][gc,metaspace   ] GC(55) Metaspace: 6301K(6464K)->6301K(6464K) NonClass: 5768K(5824K)->5768K(5824K) Class: 533K(640K)->533K(640K)
[1.382s][info][gc             ] GC(55) Pause Young (Allocation Failure) 243M->243M(280M) 14.844ms
[1.382s][info][gc,cpu         ] GC(55) User=0.02s Sys=0.00s Real=0.02s
[1.391s][info][gc,start       ] GC(56) Pause Young (Allocation Failure)
[1.407s][info][gc,heap        ] GC(56) PSYoungGen: 30720K(40448K)->23104K(42496K) Eden: 7680K(7680K)->0K(8704K) From: 23040K(32768K)->23104K(33792K)
[1.407s][info][gc,heap        ] GC(56) ParOldGen: 226215K(246784K)->234007K(246784K)
[1.407s][info][gc,metaspace   ] GC(56) Metaspace: 6301K(6464K)->6301K(6464K) NonClass: 5768K(5824K)->5768K(5824K) Class: 533K(640K)->533K(640K)
[1.407s][info][gc             ] GC(56) Pause Young (Allocation Failure) 250M->251M(282M) 16.221ms
[1.407s][info][gc,cpu         ] GC(56) User=0.02s Sys=0.00s Real=0.02s
[1.407s][info][gc,start       ] GC(57) Pause Full (Ergonomics)
[1.407s][info][gc,phases,start] GC(57) Marking Phase
[1.477s][info][gc,phases      ] GC(57) Marking Phase 70.174ms
[1.477s][info][gc,phases,start] GC(57) Summary Phase
[1.477s][info][gc,phases      ] GC(57) Summary Phase 0.020ms
[1.477s][info][gc,phases,start] GC(57) Adjust Roots
[1.477s][info][gc,phases      ] GC(57) Adjust Roots 0.199ms
[1.477s][info][gc,phases,start] GC(57) Compaction Phase
[1.510s][info][gc,phases      ] GC(57) Compaction Phase 32.922ms
[1.510s][info][gc,phases,start] GC(57) Post Compact
[1.512s][info][gc,phases      ] GC(57) Post Compact 1.094ms
[1.512s][info][gc,heap        ] GC(57) PSYoungGen: 23104K(42496K)->10178K(42496K) Eden: 0K(8704K)->0K(8704K) From: 23104K(33792K)->10178K(33792K)
[1.512s][info][gc,heap        ] GC(57) ParOldGen: 234007K(246784K)->246313K(283136K)
[1.512s][info][gc,metaspace   ] GC(57) Metaspace: 6301K(6464K)->6301K(6464K) NonClass: 5768K(5824K)->5768K(5824K) Class: 533K(640K)->533K(640K)
[1.512s][info][gc             ] GC(57) Pause Full (Ergonomics) 251M->250M(318M) 104.926ms
[1.512s][info][gc,cpu         ] GC(57) User=0.41s Sys=0.00s Real=0.11s
[1.522s][info][gc,start       ] GC(58) Pause Young (Allocation Failure)
[1.544s][info][gc,heap        ] GC(58) PSYoungGen: 18882K(42496K)->12736K(43008K) Eden: 8704K(8704K)->0K(8704K) From: 10178K(33792K)->12736K(34304K)
[1.544s][info][gc,heap        ] GC(58) ParOldGen: 246313K(283136K)->252633K(283136K)
[1.544s][info][gc,metaspace   ] GC(58) Metaspace: 6301K(6464K)->6301K(6464K) NonClass: 5768K(5824K)->5768K(5824K) Class: 533K(640K)->533K(640K)
[1.544s][info][gc             ] GC(58) Pause Young (Allocation Failure) 258M->259M(318M) 22.530ms
[1.544s][info][gc,cpu         ] GC(58) User=0.06s Sys=0.00s Real=0.02s
[1.554s][info][gc,start       ] GC(59) Pause Young (Allocation Failure)
[1.566s][info][gc,heap        ] GC(59) PSYoungGen: 21440K(43008K)->17472K(41472K) Eden: 8704K(8704K)->0K(10240K) From: 12736K(34304K)->17472K(31232K)
[1.566s][info][gc,heap        ] GC(59) ParOldGen: 252633K(283136K)->256681K(283136K)
[1.566s][info][gc,metaspace   ] GC(59) Metaspace: 6301K(6464K)->6301K(6464K) NonClass: 5768K(5824K)->5768K(5824K) Class: 533K(640K)->533K(640K)
[1.566s][info][gc             ] GC(59) Pause Young (Allocation Failure) 267M->267M(317M) 12.352ms
[1.566s][info][gc,cpu         ] GC(59) User=0.00s Sys=0.00s Real=0.01s
[1.578s][info][gc,start       ] GC(60) Pause Young (Allocation Failure)
[1.595s][info][gc,heap        ] GC(60) PSYoungGen: 27712K(41472K)->18944K(42496K) Eden: 10240K(10240K)->0K(10240K) From: 17472K(31232K)->18944K(32256K)
[1.595s][info][gc,heap        ] GC(60) ParOldGen: 256681K(283136K)->265513K(283136K)
[1.595s][info][gc,metaspace   ] GC(60) Metaspace: 6301K(6464K)->6301K(6464K) NonClass: 5768K(5824K)->5768K(5824K) Class: 533K(640K)->533K(640K)
[1.595s][info][gc             ] GC(60) Pause Young (Allocation Failure) 277M->277M(318M) 17.150ms
[1.595s][info][gc,cpu         ] GC(60) User=0.03s Sys=0.00s Real=0.02s
[1.607s][info][gc,start       ] GC(61) Pause Young (Allocation Failure)
[1.623s][info][gc,heap        ] GC(61) PSYoungGen: 29184K(42496K)->20512K(43008K) Eden: 10240K(10240K)->0K(11776K) From: 18944K(32256K)->20512K(31232K)
[1.623s][info][gc,heap        ] GC(61) ParOldGen: 265513K(283136K)->274345K(283136K)
[1.623s][info][gc,metaspace   ] GC(61) Metaspace: 6301K(6464K)->6301K(6464K) NonClass: 5768K(5824K)->5768K(5824K) Class: 533K(640K)->533K(640K)
[1.623s][info][gc             ] GC(61) Pause Young (Allocation Failure) 287M->287M(318M) 15.849ms
[1.623s][info][gc,cpu         ] GC(61) User=0.00s Sys=0.00s Real=0.02s
[1.623s][info][gc,start       ] GC(62) Pause Full (Ergonomics)
[1.623s][info][gc,phases,start] GC(62) Marking Phase
[1.703s][info][gc,phases      ] GC(62) Marking Phase 80.334ms
[1.703s][info][gc,phases,start] GC(62) Summary Phase
[1.703s][info][gc,phases      ] GC(62) Summary Phase 0.017ms
[1.703s][info][gc,phases,start] GC(62) Adjust Roots
[1.703s][info][gc,phases      ] GC(62) Adjust Roots 0.171ms
[1.703s][info][gc,phases,start] GC(62) Compaction Phase
[1.737s][info][gc,phases      ] GC(62) Compaction Phase 33.679ms
[1.737s][info][gc,phases,start] GC(62) Post Compact
[1.738s][info][gc,phases      ] GC(62) Post Compact 1.321ms
[1.739s][info][gc,heap        ] GC(62) PSYoungGen: 20512K(43008K)->11220K(43008K) Eden: 0K(11776K)->0K(11776K) From: 20512K(31232K)->11220K(31232K)
[1.739s][info][gc,heap        ] GC(62) ParOldGen: 274345K(283136K)->283037K(321536K)
[1.739s][info][gc,metaspace   ] GC(62) Metaspace: 6301K(6464K)->6301K(6464K) NonClass: 5768K(5824K)->5768K(5824K) Class: 533K(640K)->533K(640K)
[1.739s][info][gc             ] GC(62) Pause Full (Ergonomics) 287M->287M(356M) 115.985ms
[1.739s][info][gc,cpu         ] GC(62) User=0.39s Sys=0.00s Real=0.12s
[1.752s][info][gc,start       ] GC(63) Pause Young (Allocation Failure)
[1.782s][info][gc,heap        ] GC(63) PSYoungGen: 22996K(43008K)->11840K(43008K) Eden: 11776K(11776K)->0K(11776K) From: 11220K(31232K)->11840K(31232K)
[1.782s][info][gc,heap        ] GC(63) ParOldGen: 283037K(321536K)->294453K(321536K)
[1.782s][info][gc,metaspace   ] GC(63) Metaspace: 6301K(6464K)->6301K(6464K) NonClass: 5768K(5824K)->5768K(5824K) Class: 533K(640K)->533K(640K)
[1.782s][info][gc             ] GC(63) Pause Young (Allocation Failure) 298M->299M(356M) 30.348ms
[1.782s][info][gc,cpu         ] GC(63) User=0.06s Sys=0.00s Real=0.03s
[1.797s][info][gc,start       ] GC(64) Pause Young (Allocation Failure)
[1.811s][info][gc,heap        ] GC(64) PSYoungGen: 23616K(43008K)->11808K(43008K) Eden: 11776K(11776K)->0K(13312K) From: 11840K(31232K)->11808K(29696K)
[1.811s][info][gc,heap        ] GC(64) ParOldGen: 294453K(321536K)->306397K(321536K)
[1.811s][info][gc,metaspace   ] GC(64) Metaspace: 6301K(6464K)->6301K(6464K) NonClass: 5768K(5824K)->5768K(5824K) Class: 533K(640K)->533K(640K)
[1.811s][info][gc             ] GC(64) Pause Young (Allocation Failure) 310M->310M(356M) 14.778ms
[1.811s][info][gc,cpu         ] GC(64) User=0.02s Sys=0.00s Real=0.02s
[1.811s][info][gc,start       ] GC(65) Pause Full (Ergonomics)
[1.811s][info][gc,phases,start] GC(65) Marking Phase
[1.891s][info][gc,phases      ] GC(65) Marking Phase 80.034ms
[1.892s][info][gc,phases,start] GC(65) Summary Phase
[1.892s][info][gc,phases      ] GC(65) Summary Phase 0.027ms
[1.892s][info][gc,phases,start] GC(65) Adjust Roots
[1.892s][info][gc,phases      ] GC(65) Adjust Roots 0.166ms
[1.892s][info][gc,phases,start] GC(65) Compaction Phase
[1.924s][info][gc,phases      ] GC(65) Compaction Phase 32.515ms
[1.924s][info][gc,phases,start] GC(65) Post Compact
[1.926s][info][gc,phases      ] GC(65) Post Compact 1.561ms
[1.926s][info][gc,heap        ] GC(65) PSYoungGen: 11808K(43008K)->0K(43520K) Eden: 0K(13312K)->0K(13312K) From: 11808K(29696K)->0K(30208K)
[1.926s][info][gc,heap        ] GC(65) ParOldGen: 306397K(321536K)->317743K(360960K)
[1.926s][info][gc,metaspace   ] GC(65) Metaspace: 6301K(6464K)->6301K(6464K) NonClass: 5768K(5824K)->5768K(5824K) Class: 533K(640K)->533K(640K)
[1.926s][info][gc             ] GC(65) Pause Full (Ergonomics) 310M->310M(395M) 114.796ms
[1.926s][info][gc,cpu         ] GC(65) User=0.36s Sys=0.00s Real=0.12s
[1.941s][info][gc,start       ] GC(66) Pause Young (Allocation Failure)
[1.951s][info][gc,heap        ] GC(66) PSYoungGen: 13312K(43520K)->13376K(44032K) Eden: 13312K(13312K)->0K(14848K) From: 0K(30208K)->13376K(29184K)
[1.951s][info][gc,heap        ] GC(66) ParOldGen: 317743K(360960K)->317743K(360960K)
[1.951s][info][gc,metaspace   ] GC(66) Metaspace: 6301K(6464K)->6301K(6464K) NonClass: 5768K(5824K)->5768K(5824K) Class: 533K(640K)->533K(640K)
[1.951s][info][gc             ] GC(66) Pause Young (Allocation Failure) 323M->323M(395M) 9.820ms
[1.951s][info][gc,cpu         ] GC(66) User=0.00s Sys=0.00s Real=0.01s
[1.970s][info][gc,start       ] GC(67) Pause Young (Allocation Failure)
[1.986s][info][gc,heap        ] GC(67) PSYoungGen: 28224K(44032K)->28192K(44544K) Eden: 14848K(14848K)->0K(14848K) From: 13376K(29184K)->28192K(29696K)
[1.986s][info][gc,heap        ] GC(67) ParOldGen: 317743K(360960K)->317743K(360960K)
[1.987s][info][gc,metaspace   ] GC(67) Metaspace: 6301K(6464K)->6301K(6464K) NonClass: 5768K(5824K)->5768K(5824K) Class: 533K(640K)->533K(640K)
[1.987s][info][gc             ] GC(67) Pause Young (Allocation Failure) 337M->337M(396M) 16.647ms
[1.987s][info][gc,cpu         ] GC(67) User=0.02s Sys=0.00s Real=0.02s
[2.073s][info][gc,start       ] GC(68) Pause Young (Allocation Failure)
[2.105s][info][gc,heap        ] GC(68) PSYoungGen: 43040K(44544K)->32768K(41472K) Eden: 14848K(14848K)->0K(8704K) From: 28192K(29696K)->32768K(32768K)
[2.106s][info][gc,heap        ] GC(68) ParOldGen: 334127K(360960K)->344511K(360960K)
[2.106s][info][gc,metaspace   ] GC(68) Metaspace: 6301K(6464K)->6301K(6464K) NonClass: 5768K(5824K)->5768K(5824K) Class: 533K(640K)->533K(640K)
[2.106s][info][gc             ] GC(68) Pause Young (Allocation Failure) 368M->368M(393M) 32.561ms
[2.106s][info][gc,cpu         ] GC(68) User=0.08s Sys=0.00s Real=0.03s
[2.114s][info][gc,start       ] GC(69) Pause Young (Allocation Failure)
[2.136s][info][gc,heap        ] GC(69) PSYoungGen: 41472K(41472K)->19264K(28160K) Eden: 8704K(8704K)->0K(8704K) From: 32768K(32768K)->19264K(19456K)
[2.136s][info][gc,heap        ] GC(69) ParOldGen: 344511K(360960K)->367087K(367104K)
[2.136s][info][gc,metaspace   ] GC(69) Metaspace: 6301K(6464K)->6301K(6464K) NonClass: 5768K(5824K)->5768K(5824K) Class: 533K(640K)->533K(640K)
[2.136s][info][gc             ] GC(69) Pause Young (Allocation Failure) 376M->377M(386M) 21.922ms
[2.136s][info][gc,cpu         ] GC(69) User=0.02s Sys=0.00s Real=0.02s
[2.136s][info][gc,start       ] GC(70) Pause Full (Ergonomics)
[2.136s][info][gc,phases,start] GC(70) Marking Phase
[2.234s][info][gc,phases      ] GC(70) Marking Phase 97.734ms
[2.234s][info][gc,phases,start] GC(70) Summary Phase
[2.234s][info][gc,phases      ] GC(70) Summary Phase 0.017ms
[2.234s][info][gc,phases,start] GC(70) Adjust Roots
[2.234s][info][gc,phases      ] GC(70) Adjust Roots 0.172ms
[2.234s][info][gc,phases,start] GC(70) Compaction Phase
[2.301s][info][gc,phases      ] GC(70) Compaction Phase 66.427ms
[2.301s][info][gc,phases,start] GC(70) Post Compact
[2.303s][info][gc,phases      ] GC(70) Post Compact 1.952ms
[2.303s][info][gc,heap        ] GC(70) PSYoungGen: 19264K(28160K)->10485K(28160K) Eden: 0K(8704K)->0K(8704K) From: 19264K(19456K)->10485K(19456K)
[2.303s][info][gc,heap        ] GC(70) ParOldGen: 367087K(367104K)->367038K(417792K)
[2.303s][info][gc,metaspace   ] GC(70) Metaspace: 6301K(6464K)->6301K(6464K) NonClass: 5768K(5824K)->5768K(5824K) Class: 533K(640K)->533K(640K)
[2.303s][info][gc             ] GC(70) Pause Full (Ergonomics) 377M->368M(435M) 166.827ms
[2.303s][info][gc,cpu         ] GC(70) User=0.62s Sys=0.00s Real=0.17s
[2.315s][info][gc,start       ] GC(71) Pause Young (Allocation Failure)
[2.344s][info][gc,heap        ] GC(71) PSYoungGen: 19189K(28160K)->19296K(44544K) Eden: 8704K(8704K)->0K(9728K) From: 10485K(19456K)->19296K(34816K)
[2.344s][info][gc,heap        ] GC(71) ParOldGen: 367038K(417792K)->367038K(417792K)
[2.344s][info][gc,metaspace   ] GC(71) Metaspace: 6301K(6464K)->6301K(6464K) NonClass: 5768K(5824K)->5768K(5824K) Class: 533K(640K)->533K(640K)
[2.344s][info][gc             ] GC(71) Pause Young (Allocation Failure) 377M->377M(451M) 29.452ms
[2.344s][info][gc,cpu         ] GC(71) User=0.06s Sys=0.00s Real=0.03s
[2.354s][info][gc,start       ] GC(72) Pause Young (Allocation Failure)
[2.371s][info][gc,heap        ] GC(72) PSYoungGen: 29024K(44544K)->28992K(46592K) Eden: 9728K(9728K)->0K(9728K) From: 19296K(34816K)->28992K(36864K)
[2.371s][info][gc,heap        ] GC(72) ParOldGen: 367038K(417792K)->367038K(417792K)
[2.371s][info][gc,metaspace   ] GC(72) Metaspace: 6301K(6464K)->6301K(6464K) NonClass: 5768K(5824K)->5768K(5824K) Class: 533K(640K)->533K(640K)
[2.371s][info][gc             ] GC(72) Pause Young (Allocation Failure) 386M->386M(453M) 16.486ms
[2.371s][info][gc,cpu         ] GC(72) User=0.03s Sys=0.00s Real=0.02s
[2.381s][info][gc,start       ] GC(73) Pause Young (Allocation Failure)
[2.402s][info][gc,heap        ] GC(73) PSYoungGen: 38720K(46592K)->38720K(45056K) Eden: 9728K(9728K)->0K(6144K) From: 28992K(36864K)->38720K(38912K)
[2.402s][info][gc,heap        ] GC(73) ParOldGen: 367038K(417792K)->367038K(417792K)
[2.402s][info][gc,metaspace   ] GC(73) Metaspace: 6301K(6464K)->6301K(6464K) NonClass: 5768K(5824K)->5768K(5824K) Class: 533K(640K)->533K(640K)
[2.402s][info][gc             ] GC(73) Pause Young (Allocation Failure) 396M->396M(452M) 20.720ms
[2.402s][info][gc,cpu         ] GC(73) User=0.06s Sys=0.00s Real=0.02s
[2.409s][info][gc,start       ] GC(74) Pause Young (Allocation Failure)
[2.431s][info][gc,heap        ] GC(74) PSYoungGen: 44864K(45056K)->40864K(49664K) Eden: 6144K(6144K)->0K(6144K) From: 38720K(38912K)->40864K(43520K)
[2.431s][info][gc,heap        ] GC(74) ParOldGen: 367038K(417792K)->371078K(417792K)
[2.431s][info][gc,metaspace   ] GC(74) Metaspace: 6301K(6464K)->6301K(6464K) NonClass: 5768K(5824K)->5768K(5824K) Class: 533K(640K)->533K(640K)
[2.431s][info][gc             ] GC(74) Pause Young (Allocation Failure) 402M->402M(456M) 21.853ms
[2.431s][info][gc,cpu         ] GC(74) User=0.06s Sys=0.00s Real=0.02s
[2.437s][info][gc,start       ] GC(75) Pause Young (Allocation Failure)
[2.460s][info][gc,heap        ] GC(75) PSYoungGen: 47008K(49664K)->31744K(54784K) Eden: 6144K(6144K)->0K(6656K) From: 40864K(43520K)->31744K(48128K)
[2.460s][info][gc,heap        ] GC(75) ParOldGen: 371078K(417792K)->386534K(417792K)
[2.460s][info][gc,metaspace   ] GC(75) Metaspace: 6301K(6464K)->6301K(6464K) NonClass: 5768K(5824K)->5768K(5824K) Class: 533K(640K)->533K(640K)
[2.460s][info][gc             ] GC(75) Pause Young (Allocation Failure) 408M->408M(461M) 23.095ms
[2.461s][info][gc,cpu         ] GC(75) User=0.06s Sys=0.02s Real=0.02s
[2.467s][info][gc,start       ] GC(76) Pause Young (Allocation Failure)
[2.487s][info][gc,heap        ] GC(76) PSYoungGen: 38400K(54784K)->18944K(55296K) Eden: 6656K(6656K)->0K(6656K) From: 31744K(48128K)->18944K(48640K)
[2.487s][info][gc,heap        ] GC(76) ParOldGen: 386534K(417792K)->406246K(417792K)
[2.487s][info][gc,metaspace   ] GC(76) Metaspace: 6301K(6464K)->6301K(6464K) NonClass: 5768K(5824K)->5768K(5824K) Class: 533K(640K)->533K(640K)
[2.487s][info][gc             ] GC(76) Pause Young (Allocation Failure) 414M->415M(462M) 20.204ms
[2.487s][info][gc,cpu         ] GC(76) User=0.06s Sys=0.00s Real=0.02s
[2.487s][info][gc,start       ] GC(77) Pause Full (Ergonomics)
[2.487s][info][gc,phases,start] GC(77) Marking Phase
[2.579s][info][gc,phases      ] GC(77) Marking Phase 91.317ms
[2.579s][info][gc,phases,start] GC(77) Summary Phase
[2.579s][info][gc,phases      ] GC(77) Summary Phase 0.019ms
[2.579s][info][gc,phases,start] GC(77) Adjust Roots
[2.579s][info][gc,phases      ] GC(77) Adjust Roots 0.175ms
[2.579s][info][gc,phases,start] GC(77) Compaction Phase
[2.632s][info][gc,phases      ] GC(77) Compaction Phase 52.947ms
[2.632s][info][gc,phases,start] GC(77) Post Compact
[2.634s][info][gc,phases      ] GC(77) Post Compact 1.873ms
[2.634s][info][gc,heap        ] GC(77) PSYoungGen: 18944K(55296K)->7098K(55296K) Eden: 0K(6656K)->0K(6656K) From: 18944K(48640K)->7098K(48640K)
[2.634s][info][gc,heap        ] GC(77) ParOldGen: 406246K(417792K)->417345K(474112K)
[2.634s][info][gc,metaspace   ] GC(77) Metaspace: 6301K(6464K)->6301K(6464K) NonClass: 5768K(5824K)->5768K(5824K) Class: 533K(640K)->533K(640K)
[2.634s][info][gc             ] GC(77) Pause Full (Ergonomics) 415M->414M(517M) 146.985ms
[2.634s][info][gc,cpu         ] GC(77) User=0.44s Sys=0.02s Real=0.15s
[2.641s][info][gc,start       ] GC(78) Pause Young (Allocation Failure)
[2.673s][info][gc,heap        ] GC(78) PSYoungGen: 13754K(55296K)->8768K(55296K) Eden: 6656K(6656K)->0K(7680K) From: 7098K(48640K)->8768K(47616K)
[2.673s][info][gc,heap        ] GC(78) ParOldGen: 417345K(474112K)->422505K(474112K)
[2.673s][info][gc,metaspace   ] GC(78) Metaspace: 6301K(6464K)->6301K(6464K) NonClass: 5768K(5824K)->5768K(5824K) Class: 533K(640K)->533K(640K)
[2.673s][info][gc             ] GC(78) Pause Young (Allocation Failure) 420M->421M(517M) 31.613ms
[2.673s][info][gc,cpu         ] GC(78) User=0.00s Sys=0.02s Real=0.03s
[2.681s][info][gc,start       ] GC(79) Pause Young (Allocation Failure)
[2.692s][info][gc,heap        ] GC(79) PSYoungGen: 16448K(55296K)->14336K(55296K) Eden: 7680K(7680K)->0K(7680K) From: 8768K(47616K)->14336K(47616K)
[2.692s][info][gc,heap        ] GC(79) ParOldGen: 422505K(474112K)->424593K(474112K)
[2.692s][info][gc,metaspace   ] GC(79) Metaspace: 6301K(6464K)->6301K(6464K) NonClass: 5768K(5824K)->5768K(5824K) Class: 533K(640K)->533K(640K)
[2.692s][info][gc             ] GC(79) Pause Young (Allocation Failure) 428M->428M(517M) 10.749ms
[2.692s][info][gc,cpu         ] GC(79) User=0.02s Sys=0.00s Real=0.01s
[2.699s][info][gc,start       ] GC(80) Pause Young (Allocation Failure)
[2.713s][info][gc,heap        ] GC(80) PSYoungGen: 22016K(55296K)->7744K(55296K) Eden: 7680K(7680K)->0K(8704K) From: 14336K(47616K)->7744K(46592K)
[2.713s][info][gc,heap        ] GC(80) ParOldGen: 424593K(474112K)->439105K(474112K)
[2.713s][info][gc,metaspace   ] GC(80) Metaspace: 6301K(6464K)->6301K(6464K) NonClass: 5768K(5824K)->5768K(5824K) Class: 533K(640K)->533K(640K)
[2.713s][info][gc             ] GC(80) Pause Young (Allocation Failure) 436M->436M(517M) 13.507ms
[2.713s][info][gc,cpu         ] GC(80) User=0.02s Sys=0.00s Real=0.01s
[2.722s][info][gc,start       ] GC(81) Pause Young (Allocation Failure)
[2.733s][info][gc,heap        ] GC(81) PSYoungGen: 16448K(55296K)->8736K(55296K) Eden: 8704K(8704K)->0K(8704K) From: 7744K(46592K)->8736K(46592K)
[2.733s][info][gc,heap        ] GC(81) ParOldGen: 439105K(474112K)->446897K(474112K)
[2.733s][info][gc,metaspace   ] GC(81) Metaspace: 6301K(6464K)->6301K(6464K) NonClass: 5768K(5824K)->5768K(5824K) Class: 533K(640K)->533K(640K)
[2.733s][info][gc             ] GC(81) Pause Young (Allocation Failure) 444M->444M(517M) 11.430ms
[2.733s][info][gc,cpu         ] GC(81) User=0.00s Sys=0.00s Real=0.01s
[2.744s][info][gc,start       ] GC(82) Pause Young (Allocation Failure)
[2.756s][info][gc,heap        ] GC(82) PSYoungGen: 17440K(55296K)->8736K(55296K) Eden: 8704K(8704K)->0K(10240K) From: 8736K(46592K)->8736K(45056K)
[2.756s][info][gc,heap        ] GC(82) ParOldGen: 446897K(474112K)->455721K(474112K)
[2.756s][info][gc,metaspace   ] GC(82) Metaspace: 6301K(6464K)->6301K(6464K) NonClass: 5768K(5824K)->5768K(5824K) Class: 533K(640K)->533K(640K)
[2.756s][info][gc             ] GC(82) Pause Young (Allocation Failure) 453M->453M(517M) 12.211ms
[2.756s][info][gc,cpu         ] GC(82) User=0.02s Sys=0.00s Real=0.01s
[2.756s][info][gc,start       ] GC(83) Pause Full (Ergonomics)
[2.756s][info][gc,phases,start] GC(83) Marking Phase
[2.887s][info][gc,phases      ] GC(83) Marking Phase 130.530ms
[2.887s][info][gc,phases,start] GC(83) Summary Phase
[2.887s][info][gc,phases      ] GC(83) Summary Phase 0.022ms
[2.887s][info][gc,phases,start] GC(83) Adjust Roots
[2.887s][info][gc,phases      ] GC(83) Adjust Roots 0.171ms
[2.887s][info][gc,phases,start] GC(83) Compaction Phase
[2.928s][info][gc,phases      ] GC(83) Compaction Phase 41.528ms
[2.928s][info][gc,phases,start] GC(83) Post Compact
[2.931s][info][gc,phases      ] GC(83) Post Compact 2.161ms
[2.931s][info][gc,heap        ] GC(83) PSYoungGen: 8736K(55296K)->0K(55808K) Eden: 0K(10240K)->0K(10240K) From: 8736K(45056K)->0K(45568K)
[2.931s][info][gc,heap        ] GC(83) ParOldGen: 455721K(474112K)->463703K(520704K)
[2.931s][info][gc,metaspace   ] GC(83) Metaspace: 6301K(6464K)->6301K(6464K) NonClass: 5768K(5824K)->5768K(5824K) Class: 533K(640K)->533K(640K)
[2.931s][info][gc             ] GC(83) Pause Full (Ergonomics) 453M->452M(563M) 174.933ms
[2.931s][info][gc,cpu         ] GC(83) User=0.58s Sys=0.03s Real=0.17s
[2.942s][info][gc,start       ] GC(84) Pause Young (Allocation Failure)
[2.950s][info][gc,heap        ] GC(84) PSYoungGen: 10240K(55808K)->10304K(53248K) Eden: 10240K(10240K)->0K(11264K) From: 0K(45568K)->10304K(41984K)
[2.950s][info][gc,heap        ] GC(84) ParOldGen: 463703K(520704K)->463703K(520704K)
[2.950s][info][gc,metaspace   ] GC(84) Metaspace: 6301K(6464K)->6301K(6464K) NonClass: 5768K(5824K)->5768K(5824K) Class: 533K(640K)->533K(640K)
[2.950s][info][gc             ] GC(84) Pause Young (Allocation Failure) 462M->462M(560M) 8.550ms
[2.950s][info][gc,cpu         ] GC(84) User=0.00s Sys=0.00s Real=0.01s
[2.962s][info][gc,start       ] GC(85) Pause Young (Allocation Failure)
[2.975s][info][gc,heap        ] GC(85) PSYoungGen: 21568K(53248K)->21536K(55296K) Eden: 11264K(11264K)->0K(11264K) From: 10304K(41984K)->21536K(44032K)
[2.975s][info][gc,heap        ] GC(85) ParOldGen: 463703K(520704K)->463703K(520704K)
[2.975s][info][gc,metaspace   ] GC(85) Metaspace: 6301K(6464K)->6301K(6464K) NonClass: 5768K(5824K)->5768K(5824K) Class: 533K(640K)->533K(640K)
[2.975s][info][gc             ] GC(85) Pause Young (Allocation Failure) 473M->473M(562M) 13.135ms
[2.975s][info][gc,cpu         ] GC(85) User=0.02s Sys=0.00s Real=0.01s
[2.988s][info][gc,start       ] GC(86) Pause Young (Allocation Failure)
[3.007s][info][gc,heap        ] GC(86) PSYoungGen: 32800K(55296K)->32800K(52736K) Eden: 11264K(11264K)->0K(9728K) From: 21536K(44032K)->32800K(43008K)
[3.007s][info][gc,heap        ] GC(86) ParOldGen: 463703K(520704K)->463703K(520704K)
[3.007s][info][gc,metaspace   ] GC(86) Metaspace: 6301K(6464K)->6301K(6464K) NonClass: 5768K(5824K)->5768K(5824K) Class: 533K(640K)->533K(640K)
[3.007s][info][gc             ] GC(86) Pause Young (Allocation Failure) 484M->484M(560M) 18.805ms
[3.007s][info][gc,cpu         ] GC(86) User=0.05s Sys=0.00s Real=0.02s
[3.017s][info][gc,start       ] GC(87) Pause Young (Allocation Failure)
[3.040s][info][gc,heap        ] GC(87) PSYoungGen: 42528K(52736K)->32288K(55808K) Eden: 9728K(9728K)->0K(9728K) From: 32800K(43008K)->32288K(46080K)
[3.040s][info][gc,heap        ] GC(87) ParOldGen: 463703K(520704K)->474087K(520704K)
[3.040s][info][gc,metaspace   ] GC(87) Metaspace: 6301K(6464K)->6301K(6464K) NonClass: 5768K(5824K)->5768K(5824K) Class: 533K(640K)->533K(640K)
[3.040s][info][gc             ] GC(87) Pause Young (Allocation Failure) 494M->494M(563M) 23.530ms
[3.040s][info][gc,cpu         ] GC(87) User=0.06s Sys=0.00s Real=0.02s
[3.052s][info][gc,start       ] GC(88) Pause Young (Allocation Failure)
[3.076s][info][gc,heap        ] GC(88) PSYoungGen: 42016K(55808K)->30752K(58368K) Eden: 9728K(9728K)->0K(10240K) From: 32288K(46080K)->30752K(48128K)
[3.076s][info][gc,heap        ] GC(88) ParOldGen: 474087K(520704K)->485519K(520704K)
[3.076s][info][gc,metaspace   ] GC(88) Metaspace: 6301K(6464K)->6301K(6464K) NonClass: 5768K(5824K)->5768K(5824K) Class: 533K(640K)->533K(640K)
[3.076s][info][gc             ] GC(88) Pause Young (Allocation Failure) 504M->504M(565M) 23.842ms
[3.076s][info][gc,cpu         ] GC(88) User=0.06s Sys=0.00s Real=0.02s
[3.087s][info][gc,start       ] GC(89) Pause Young (Allocation Failure)
[3.110s][info][gc,heap        ] GC(89) PSYoungGen: 40992K(58368K)->20000K(30720K) Eden: 10240K(10240K)->0K(10240K) From: 30752K(48128K)->20000K(20480K)
[3.110s][info][gc,heap        ] GC(89) ParOldGen: 485519K(520704K)->506799K(520704K)
[3.110s][info][gc,metaspace   ] GC(89) Metaspace: 6301K(6464K)->6301K(6464K) NonClass: 5768K(5824K)->5768K(5824K) Class: 533K(640K)->533K(640K)
[3.110s][info][gc             ] GC(89) Pause Young (Allocation Failure) 514M->514M(538M) 23.123ms
[3.110s][info][gc,cpu         ] GC(89) User=0.06s Sys=0.00s Real=0.02s
[3.110s][info][gc,start       ] GC(90) Pause Full (Ergonomics)
[3.110s][info][gc,phases,start] GC(90) Marking Phase
[3.246s][info][gc,phases      ] GC(90) Marking Phase 135.718ms
[3.246s][info][gc,phases,start] GC(90) Summary Phase
[3.246s][info][gc,phases      ] GC(90) Summary Phase 0.021ms
[3.246s][info][gc,phases,start] GC(90) Adjust Roots
[3.246s][info][gc,phases      ] GC(90) Adjust Roots 0.208ms
[3.247s][info][gc,phases,start] GC(90) Compaction Phase
[3.307s][info][gc,phases      ] GC(90) Compaction Phase 60.889ms
[3.307s][info][gc,phases,start] GC(90) Post Compact
[3.310s][info][gc,phases      ] GC(90) Post Compact 2.769ms
[3.311s][info][gc,heap        ] GC(90) PSYoungGen: 20000K(30720K)->5597K(30720K) Eden: 0K(10240K)->0K(10240K) From: 20000K(20480K)->5597K(20480K)
[3.311s][info][gc,heap        ] GC(90) ParOldGen: 506799K(520704K)->520380K(584704K)
[3.311s][info][gc,metaspace   ] GC(90) Metaspace: 6301K(6464K)->6301K(6464K) NonClass: 5768K(5824K)->5768K(5824K) Class: 533K(640K)->533K(640K)
[3.311s][info][gc             ] GC(90) Pause Full (Ergonomics) 514M->513M(601M) 200.227ms
[3.311s][info][gc,cpu         ] GC(90) User=0.72s Sys=0.03s Real=0.20s
[3.322s][info][gc,start       ] GC(91) Pause Young (Allocation Failure)
[3.359s][info][gc,heap        ] GC(91) PSYoungGen: 15837K(30720K)->10304K(56320K) Eden: 10240K(10240K)->0K(11264K) From: 5597K(20480K)->10304K(45056K)
[3.359s][info][gc,heap        ] GC(91) ParOldGen: 520380K(584704K)->526084K(584704K)
[3.359s][info][gc,metaspace   ] GC(91) Metaspace: 6301K(6464K)->6301K(6464K) NonClass: 5768K(5824K)->5768K(5824K) Class: 533K(640K)->533K(640K)
[3.359s][info][gc             ] GC(91) Pause Young (Allocation Failure) 523M->523M(626M) 37.281ms
[3.359s][info][gc,cpu         ] GC(91) User=0.09s Sys=0.00s Real=0.04s
[3.372s][info][gc,start       ] GC(92) Pause Young (Allocation Failure)
[3.386s][info][gc,heap        ] GC(92) PSYoungGen: 21568K(56320K)->11296K(57344K) Eden: 11264K(11264K)->0K(11264K) From: 10304K(45056K)->11296K(46080K)
[3.386s][info][gc,heap        ] GC(92) ParOldGen: 526084K(584704K)->536468K(584704K)
[3.386s][info][gc,metaspace   ] GC(92) Metaspace: 6301K(6464K)->6301K(6464K) NonClass: 5768K(5824K)->5768K(5824K) Class: 533K(640K)->533K(640K)
[3.386s][info][gc             ] GC(92) Pause Young (Allocation Failure) 534M->534M(627M) 14.704ms
[3.386s][info][gc,cpu         ] GC(92) User=0.00s Sys=0.00s Real=0.02s
[3.398s][info][gc,start       ] GC(93) Pause Young (Allocation Failure)
[3.413s][info][gc,heap        ] GC(93) PSYoungGen: 22560K(57344K)->11328K(55808K) Eden: 11264K(11264K)->0K(12800K) From: 11296K(46080K)->11328K(43008K)
[3.413s][info][gc,heap        ] GC(93) ParOldGen: 536468K(584704K)->547900K(584704K)
[3.413s][info][gc,metaspace   ] GC(93) Metaspace: 6301K(6464K)->6301K(6464K) NonClass: 5768K(5824K)->5768K(5824K) Class: 533K(640K)->533K(640K)
[3.413s][info][gc             ] GC(93) Pause Young (Allocation Failure) 545M->546M(625M) 14.514ms
[3.413s][info][gc,cpu         ] GC(93) User=0.02s Sys=0.00s Real=0.02s
[3.427s][info][gc,start       ] GC(94) Pause Young (Allocation Failure)
[3.442s][info][gc,heap        ] GC(94) PSYoungGen: 24128K(55808K)->12864K(56832K) Eden: 12800K(12800K)->0K(12800K) From: 11328K(43008K)->12864K(44032K)
[3.442s][info][gc,heap        ] GC(94) ParOldGen: 547900K(584704K)->559332K(584704K)
[3.442s][info][gc,metaspace   ] GC(94) Metaspace: 6301K(6464K)->6301K(6464K) NonClass: 5768K(5824K)->5768K(5824K) Class: 533K(640K)->533K(640K)
[3.442s][info][gc             ] GC(94) Pause Young (Allocation Failure) 558M->558M(626M) 15.299ms
[3.442s][info][gc,cpu         ] GC(94) User=0.02s Sys=0.00s Real=0.02s
[3.457s][info][gc,start       ] GC(95) Pause Young (Allocation Failure)
[3.475s][info][gc,heap        ] GC(95) PSYoungGen: 25664K(56832K)->12864K(53760K) Eden: 12800K(12800K)->0K(14336K) From: 12864K(44032K)->12864K(39424K)
[3.475s][info][gc,heap        ] GC(95) ParOldGen: 559332K(584704K)->572316K(584704K)
[3.475s][info][gc,metaspace   ] GC(95) Metaspace: 6301K(6464K)->6301K(6464K) NonClass: 5768K(5824K)->5768K(5824K) Class: 533K(640K)->533K(640K)
[3.475s][info][gc             ] GC(95) Pause Young (Allocation Failure) 571M->571M(623M) 18.255ms
[3.475s][info][gc,cpu         ] GC(95) User=0.03s Sys=0.00s Real=0.02s
[3.475s][info][gc,start       ] GC(96) Pause Full (Ergonomics)
[3.475s][info][gc,phases,start] GC(96) Marking Phase
[3.623s][info][gc,phases      ] GC(96) Marking Phase 148.153ms
[3.623s][info][gc,phases,start] GC(96) Summary Phase
[3.623s][info][gc,phases      ] GC(96) Summary Phase 0.030ms
[3.623s][info][gc,phases,start] GC(96) Adjust Roots
[3.624s][info][gc,phases      ] GC(96) Adjust Roots 0.176ms
[3.624s][info][gc,phases,start] GC(96) Compaction Phase
[3.679s][info][gc,phases      ] GC(96) Compaction Phase 55.331ms
[3.679s][info][gc,phases,start] GC(96) Post Compact
[3.680s][info][gc,phases      ] GC(96) Post Compact 0.963ms
[3.680s][info][gc,heap        ] GC(96) PSYoungGen: 12864K(53760K)->0K(55296K) Eden: 0K(14336K)->0K(14336K) From: 12864K(39424K)->0K(40960K)
[3.680s][info][gc,heap        ] GC(96) ParOldGen: 572316K(584704K)->584191K(651264K)
[3.680s][info][gc,metaspace   ] GC(96) Metaspace: 6301K(6464K)->6301K(6464K) NonClass: 5768K(5824K)->5768K(5824K) Class: 533K(640K)->533K(640K)
[3.680s][info][gc             ] GC(96) Pause Full (Ergonomics) 571M->570M(690M) 205.269ms
[3.680s][info][gc,cpu         ] GC(96) User=0.73s Sys=0.02s Real=0.20s
[3.695s][info][gc,start       ] GC(97) Pause Young (Allocation Failure)
[3.706s][info][gc,heap        ] GC(97) PSYoungGen: 14336K(55296K)->14368K(52224K) Eden: 14336K(14336K)->0K(15872K) From: 0K(40960K)->14368K(36352K)
[3.706s][info][gc,heap        ] GC(97) ParOldGen: 584191K(651264K)->584191K(651264K)
[3.706s][info][gc,metaspace   ] GC(97) Metaspace: 6301K(6464K)->6301K(6464K) NonClass: 5768K(5824K)->5768K(5824K) Class: 533K(640K)->533K(640K)
[3.706s][info][gc             ] GC(97) Pause Young (Allocation Failure) 584M->584M(687M) 11.112ms
[3.707s][info][gc,cpu         ] GC(97) User=0.02s Sys=0.00s Real=0.01s
[3.726s][info][gc,start       ] GC(98) Pause Young (Allocation Failure)
[3.746s][info][gc,heap        ] GC(98) PSYoungGen: 30240K(52224K)->30272K(54784K) Eden: 15872K(15872K)->0K(15872K) From: 14368K(36352K)->30272K(38912K)
[3.746s][info][gc,heap        ] GC(98) ParOldGen: 584191K(651264K)->584191K(651264K)
[3.746s][info][gc,metaspace   ] GC(98) Metaspace: 6301K(6464K)->6301K(6464K) NonClass: 5768K(5824K)->5768K(5824K) Class: 533K(640K)->533K(640K)
[3.746s][info][gc             ] GC(98) Pause Young (Allocation Failure) 600M->600M(689M) 20.393ms
[3.746s][info][gc,cpu         ] GC(98) User=0.06s Sys=0.00s Real=0.02s
[3.765s][info][gc,start       ] GC(99) Pause Young (Allocation Failure)
[3.794s][info][gc,heap        ] GC(99) PSYoungGen: 46144K(54784K)->41984K(52224K) Eden: 15872K(15872K)->0K(10240K) From: 30272K(38912K)->41984K(41984K)
[3.794s][info][gc,heap        ] GC(99) ParOldGen: 584191K(651264K)->588375K(651264K)
[3.794s][info][gc,metaspace   ] GC(99) Metaspace: 6301K(6464K)->6301K(6464K) NonClass: 5768K(5824K)->5768K(5824K) Class: 533K(640K)->533K(640K)
[3.794s][info][gc             ] GC(99) Pause Young (Allocation Failure) 615M->615M(687M) 28.311ms
[3.794s][info][gc,cpu         ] GC(99) User=0.08s Sys=0.00s Real=0.03s
[3.806s][info][gc,start       ] GC(100) Pause Young (Allocation Failure)
[3.833s][info][gc,heap        ] GC(100) PSYoungGen: 52224K(52224K)->24576K(59904K) Eden: 10240K(10240K)->0K(10240K) From: 41984K(41984K)->24576K(49664K)
[3.833s][info][gc,heap        ] GC(100) ParOldGen: 588375K(651264K)->616439K(651264K)
[3.833s][info][gc,metaspace   ] GC(100) Metaspace: 6301K(6464K)->6301K(6464K) NonClass: 5768K(5824K)->5768K(5824K) Class: 533K(640K)->533K(640K)
[3.833s][info][gc             ] GC(100) Pause Young (Allocation Failure) 625M->625M(694M) 27.215ms
[3.833s][info][gc,cpu         ] GC(100) User=0.06s Sys=0.00s Real=0.03s
[3.846s][info][gc,start       ] GC(101) Pause Young (Allocation Failure)
[3.865s][info][gc,heap        ] GC(101) PSYoungGen: 34816K(59904K)->20512K(54784K) Eden: 10240K(10240K)->0K(11776K) From: 24576K(49664K)->20512K(43008K)
[3.865s][info][gc,heap        ] GC(101) ParOldGen: 616439K(651264K)->630927K(651264K)
[3.865s][info][gc,metaspace   ] GC(101) Metaspace: 6301K(6464K)->6301K(6464K) NonClass: 5768K(5824K)->5768K(5824K) Class: 533K(640K)->533K(640K)
[3.865s][info][gc             ] GC(101) Pause Young (Allocation Failure) 635M->636M(689M) 19.553ms
[3.865s][info][gc,cpu         ] GC(101) User=0.06s Sys=0.00s Real=0.02s
[3.865s][info][gc,start       ] GC(102) Pause Full (Ergonomics)
[3.865s][info][gc,phases,start] GC(102) Marking Phase
[4.012s][info][gc,phases      ] GC(102) Marking Phase 146.970ms
[4.012s][info][gc,phases,start] GC(102) Summary Phase
[4.012s][info][gc,phases      ] GC(102) Summary Phase 0.023ms
[4.012s][info][gc,phases,start] GC(102) Adjust Roots
[4.013s][info][gc,phases      ] GC(102) Adjust Roots 0.184ms
[4.013s][info][gc,phases,start] GC(102) Compaction Phase
[4.076s][info][gc,phases      ] GC(102) Compaction Phase 63.108ms
[4.076s][info][gc,phases,start] GC(102) Post Compact
[4.077s][info][gc,phases      ] GC(102) Post Compact 1.134ms
[4.077s][info][gc,heap        ] GC(102) PSYoungGen: 20512K(54784K)->0K(57344K) Eden: 0K(11776K)->0K(11776K) From: 20512K(43008K)->0K(45568K)
[4.077s][info][gc,heap        ] GC(102) ParOldGen: 630927K(651264K)->650597K(727040K)
[4.077s][info][gc,metaspace   ] GC(102) Metaspace: 6301K(6464K)->6301K(6464K) NonClass: 5768K(5824K)->5768K(5824K) Class: 533K(640K)->533K(640K)
[4.077s][info][gc             ] GC(102) Pause Full (Ergonomics) 636M->635M(766M) 211.961ms
[4.077s][info][gc,cpu         ] GC(102) User=0.73s Sys=0.00s Real=0.21s
[4.089s][info][gc,start       ] GC(103) Pause Young (Allocation Failure)
[4.099s][info][gc,heap        ] GC(103) PSYoungGen: 11776K(57344K)->11840K(57856K) Eden: 11776K(11776K)->0K(13312K) From: 0K(45568K)->11840K(44544K)
[4.099s][info][gc,heap        ] GC(103) ParOldGen: 650597K(727040K)->650597K(727040K)
[4.099s][info][gc,metaspace   ] GC(103) Metaspace: 6301K(6464K)->6301K(6464K) NonClass: 5768K(5824K)->5768K(5824K) Class: 533K(640K)->533K(640K)
[4.099s][info][gc             ] GC(103) Pause Young (Allocation Failure) 646M->646M(766M) 9.936ms
[4.099s][info][gc,cpu         ] GC(103) User=0.02s Sys=0.00s Real=0.01s
[4.115s][info][gc,start       ] GC(104) Pause Young (Allocation Failure)
[4.131s][info][gc,heap        ] GC(104) PSYoungGen: 25152K(57856K)->25120K(58368K) Eden: 13312K(13312K)->0K(13312K) From: 11840K(44544K)->25120K(45056K)
[4.131s][info][gc,heap        ] GC(104) ParOldGen: 650597K(727040K)->650597K(727040K)
[4.131s][info][gc,metaspace   ] GC(104) Metaspace: 6301K(6464K)->6301K(6464K) NonClass: 5768K(5824K)->5768K(5824K) Class: 533K(640K)->533K(640K)
[4.131s][info][gc             ] GC(104) Pause Young (Allocation Failure) 659M->659M(767M) 15.562ms
[4.131s][info][gc,cpu         ] GC(104) User=0.02s Sys=0.00s Real=0.02s
[4.147s][info][gc,start       ] GC(105) Pause Young (Allocation Failure)
[4.169s][info][gc,heap        ] GC(105) PSYoungGen: 38432K(58368K)->38432K(54784K) Eden: 13312K(13312K)->0K(10752K) From: 25120K(45056K)->38432K(44032K)
[4.169s][info][gc,heap        ] GC(105) ParOldGen: 650597K(727040K)->650597K(727040K)
[4.170s][info][gc,metaspace   ] GC(105) Metaspace: 6301K(6464K)->6301K(6464K) NonClass: 5768K(5824K)->5768K(5824K) Class: 533K(640K)->533K(640K)
[4.170s][info][gc             ] GC(105) Pause Young (Allocation Failure) 672M->672M(763M) 22.298ms
[4.170s][info][gc,cpu         ] GC(105) User=0.06s Sys=0.00s Real=0.02s
[4.183s][info][gc,start       ] GC(106) Pause Young (Allocation Failure)
[4.210s][info][gc,heap        ] GC(106) PSYoungGen: 49184K(54784K)->48128K(58880K) Eden: 10752K(10752K)->0K(10752K) From: 38432K(44032K)->48128K(48128K)
[4.210s][info][gc,heap        ] GC(106) ParOldGen: 650597K(727040K)->651645K(727040K)
[4.210s][info][gc,metaspace   ] GC(106) Metaspace: 6301K(6464K)->6301K(6464K) NonClass: 5768K(5824K)->5768K(5824K) Class: 533K(640K)->533K(640K)
[4.210s][info][gc             ] GC(106) Pause Young (Allocation Failure) 683M->683M(767M) 27.113ms
[4.210s][info][gc,cpu         ] GC(106) User=0.06s Sys=0.00s Real=0.03s
[4.362s][info][gc,start       ] GC(107) Pause Young (Allocation Failure)
[4.408s][info][gc,heap        ] GC(107) PSYoungGen: 58880K(58880K)->47328K(62976K) Eden: 10752K(10752K)->0K(7168K) From: 48128K(48128K)->47328K(55808K)
[4.408s][info][gc,heap        ] GC(107) ParOldGen: 684413K(727040K)->696157K(727040K)
[4.408s][info][gc,metaspace   ] GC(107) Metaspace: 6301K(6464K)->6301K(6464K) NonClass: 5768K(5824K)->5768K(5824K) Class: 533K(640K)->533K(640K)
[4.408s][info][gc             ] GC(107) Pause Young (Allocation Failure) 725M->726M(771M) 46.895ms
[4.408s][info][gc,cpu         ] GC(107) User=0.14s Sys=0.00s Real=0.05s
[4.417s][info][gc,start       ] GC(108) Pause Young (Allocation Failure)
[4.443s][info][gc,heap        ] GC(108) PSYoungGen: 54496K(62976K)->54496K(68096K) Eden: 7168K(7168K)->0K(7168K) From: 47328K(55808K)->54496K(60928K)
[4.443s][info][gc,heap        ] GC(108) ParOldGen: 696157K(727040K)->696157K(727040K)
[4.443s][info][gc,metaspace   ] GC(108) Metaspace: 6301K(6464K)->6301K(6464K) NonClass: 5768K(5824K)->5768K(5824K) Class: 533K(640K)->533K(640K)
[4.443s][info][gc             ] GC(108) Pause Young (Allocation Failure) 733M->733M(776M) 26.074ms
[4.443s][info][gc,cpu         ] GC(108) User=0.08s Sys=0.00s Real=0.03s
[4.450s][info][gc,start       ] GC(109) Pause Young (Allocation Failure)
[4.480s][info][gc,heap        ] GC(109) PSYoungGen: 61664K(68096K)->48704K(72704K) Eden: 7168K(7168K)->0K(5120K) From: 54496K(60928K)->48704K(67584K)
[4.480s][info][gc,heap        ] GC(109) ParOldGen: 696157K(727040K)->709301K(727040K)
[4.480s][info][gc,metaspace   ] GC(109) Metaspace: 6301K(6464K)->6301K(6464K) NonClass: 5768K(5824K)->5768K(5824K) Class: 533K(640K)->533K(640K)
[4.480s][info][gc             ] GC(109) Pause Young (Allocation Failure) 740M->740M(781M) 30.050ms
[4.480s][info][gc,cpu         ] GC(109) User=0.06s Sys=0.00s Real=0.03s
[4.480s][info][gc,start       ] GC(110) Pause Full (Ergonomics)
[4.480s][info][gc,phases,start] GC(110) Marking Phase
[4.676s][info][gc,phases      ] GC(110) Marking Phase 195.701ms
[4.676s][info][gc,phases,start] GC(110) Summary Phase
[4.676s][info][gc,phases      ] GC(110) Summary Phase 0.021ms
[4.676s][info][gc,phases,start] GC(110) Adjust Roots
[4.676s][info][gc,phases      ] GC(110) Adjust Roots 0.191ms
[4.676s][info][gc,phases,start] GC(110) Compaction Phase
[4.798s][info][gc,phases      ] GC(110) Compaction Phase 122.281ms
[4.799s][info][gc,phases,start] GC(110) Post Compact
[4.800s][info][gc,phases      ] GC(110) Post Compact 1.669ms
[4.801s][info][gc,heap        ] GC(110) PSYoungGen: 48704K(72704K)->14299K(72704K) Eden: 0K(5120K)->0K(5120K) From: 48704K(67584K)->14299K(67584K)
[4.801s][info][gc,heap        ] GC(110) ParOldGen: 709301K(727040K)->726710K(806400K)
[4.801s][info][gc,metaspace   ] GC(110) Metaspace: 6301K(6464K)->6301K(6464K) NonClass: 5768K(5824K)->5768K(5824K) Class: 533K(640K)->533K(640K)
[4.801s][info][gc             ] GC(110) Pause Full (Ergonomics) 740M->723M(858M) 320.531ms
[4.801s][info][gc,cpu         ] GC(110) User=1.05s Sys=0.03s Real=0.32s
[4.808s][info][gc,start       ] GC(111) Pause Young (Allocation Failure)
[4.858s][info][gc,heap        ] GC(111) PSYoungGen: 19419K(72704K)->13824K(18944K) Eden: 5120K(5120K)->0K(5120K) From: 14299K(67584K)->13824K(13824K)
[4.858s][info][gc,heap        ] GC(111) ParOldGen: 726710K(806400K)->732470K(806400K)
[4.858s][info][gc,metaspace   ] GC(111) Metaspace: 6301K(6464K)->6301K(6464K) NonClass: 5768K(5824K)->5768K(5824K) Class: 533K(640K)->533K(640K)
[4.858s][info][gc             ] GC(111) Pause Young (Allocation Failure) 728M->728M(806M) 49.676ms
[4.858s][info][gc,cpu         ] GC(111) User=0.16s Sys=0.00s Real=0.05s
[4.864s][info][gc,start       ] GC(112) Pause Young (Allocation Failure)
[4.876s][info][gc,heap        ] GC(112) PSYoungGen: 18944K(18944K)->16736K(73216K) Eden: 5120K(5120K)->0K(6144K) From: 13824K(13824K)->16736K(67072K)
[4.876s][info][gc,heap        ] GC(112) ParOldGen: 732470K(806400K)->734702K(806400K)
[4.876s][info][gc,metaspace   ] GC(112) Metaspace: 6301K(6464K)->6301K(6464K) NonClass: 5768K(5824K)->5768K(5824K) Class: 533K(640K)->533K(640K)
[4.876s][info][gc             ] GC(112) Pause Young (Allocation Failure) 733M->733M(859M) 12.163ms
[4.876s][info][gc,cpu         ] GC(112) User=0.00s Sys=0.00s Real=0.01s
[4.883s][info][gc,start       ] GC(113) Pause Young (Allocation Failure)
[4.896s][info][gc,heap        ] GC(113) PSYoungGen: 22880K(73216K)->19488K(26112K) Eden: 6144K(6144K)->0K(6144K) From: 16736K(67072K)->19488K(19968K)
[4.896s][info][gc,heap        ] GC(113) ParOldGen: 734702K(806400K)->738150K(806400K)
[4.896s][info][gc,metaspace   ] GC(113) Metaspace: 6301K(6464K)->6301K(6464K) NonClass: 5768K(5824K)->5768K(5824K) Class: 533K(640K)->533K(640K)
[4.896s][info][gc             ] GC(113) Pause Young (Allocation Failure) 739M->739M(813M) 13.676ms
[4.896s][info][gc,cpu         ] GC(113) User=0.02s Sys=0.00s Real=0.01s
[4.903s][info][gc,start       ] GC(114) Pause Young (Allocation Failure)
[4.918s][info][gc,heap        ] GC(114) PSYoungGen: 25632K(26112K)->17440K(69120K) Eden: 6144K(6144K)->0K(7168K) From: 19488K(19968K)->17440K(61952K)
[4.918s][info][gc,heap        ] GC(114) ParOldGen: 738150K(806400K)->746470K(806400K)
[4.918s][info][gc,metaspace   ] GC(114) Metaspace: 6301K(6464K)->6301K(6464K) NonClass: 5768K(5824K)->5768K(5824K) Class: 533K(640K)->533K(640K)
[4.918s][info][gc             ] GC(114) Pause Young (Allocation Failure) 745M->746M(855M) 14.984ms
[4.918s][info][gc,cpu         ] GC(114) User=0.00s Sys=0.00s Real=0.02s
[4.925s][info][gc,start       ] GC(115) Pause Young (Allocation Failure)
[4.940s][info][gc,heap        ] GC(115) PSYoungGen: 24608K(69120K)->13312K(20480K) Eden: 7168K(7168K)->0K(7168K) From: 17440K(61952K)->13312K(13312K)
[4.940s][info][gc,heap        ] GC(115) ParOldGen: 746470K(806400K)->757870K(806400K)
[4.940s][info][gc,metaspace   ] GC(115) Metaspace: 6301K(6464K)->6301K(6464K) NonClass: 5768K(5824K)->5768K(5824K) Class: 533K(640K)->533K(640K)
[4.940s][info][gc             ] GC(115) Pause Young (Allocation Failure) 753M->753M(807M) 14.921ms
[4.940s][info][gc,cpu         ] GC(115) User=0.02s Sys=0.00s Real=0.01s
[4.948s][info][gc,start       ] GC(116) Pause Young (Allocation Failure)
[4.962s][info][gc,heap        ] GC(116) PSYoungGen: 20480K(20480K)->7232K(69632K) Eden: 7168K(7168K)->0K(8192K) From: 13312K(13312K)->7232K(61440K)
[4.962s][info][gc,heap        ] GC(116) ParOldGen: 757870K(806400K)->771342K(806400K)
[4.962s][info][gc,metaspace   ] GC(116) Metaspace: 6301K(6464K)->6301K(6464K) NonClass: 5768K(5824K)->5768K(5824K) Class: 533K(640K)->533K(640K)
[4.962s][info][gc             ] GC(116) Pause Young (Allocation Failure) 760M->760M(855M) 14.271ms
[4.962s][info][gc,cpu         ] GC(116) User=0.02s Sys=0.00s Real=0.02s
[4.971s][info][gc,start       ] GC(117) Pause Young (Allocation Failure)
[4.983s][info][gc,heap        ] GC(117) PSYoungGen: 15424K(69632K)->8224K(70144K) Eden: 8192K(8192K)->0K(8192K) From: 7232K(61440K)->8224K(61952K)
[4.983s][info][gc,heap        ] GC(117) ParOldGen: 771342K(806400K)->778606K(806400K)
[4.983s][info][gc,metaspace   ] GC(117) Metaspace: 6301K(6464K)->6301K(6464K) NonClass: 5768K(5824K)->5768K(5824K) Class: 533K(640K)->533K(640K)
[4.983s][info][gc             ] GC(117) Pause Young (Allocation Failure) 768M->768M(856M) 12.265ms
[4.983s][info][gc,cpu         ] GC(117) User=0.00s Sys=0.00s Real=0.01s
[4.992s][info][gc,start       ] GC(118) Pause Young (Allocation Failure)
[5.005s][info][gc,heap        ] GC(118) PSYoungGen: 16416K(70144K)->8224K(67584K) Eden: 8192K(8192K)->0K(9728K) From: 8224K(61952K)->8224K(57856K)
[5.005s][info][gc,heap        ] GC(118) ParOldGen: 778606K(806400K)->786902K(806400K)
[5.005s][info][gc,metaspace   ] GC(118) Metaspace: 6301K(6464K)->6301K(6464K) NonClass: 5768K(5824K)->5768K(5824K) Class: 533K(640K)->533K(640K)
[5.005s][info][gc             ] GC(118) Pause Young (Allocation Failure) 776M->776M(853M) 12.436ms
[5.005s][info][gc,cpu         ] GC(118) User=0.02s Sys=0.00s Real=0.01s
[5.015s][info][gc,start       ] GC(119) Pause Young (Allocation Failure)
[5.032s][info][gc,heap        ] GC(119) PSYoungGen: 17952K(67584K)->9760K(19968K) Eden: 9728K(9728K)->0K(9728K) From: 8224K(57856K)->9760K(10240K)
[5.032s][info][gc,heap        ] GC(119) ParOldGen: 786902K(806400K)->795206K(806400K)
[5.032s][info][gc,metaspace   ] GC(119) Metaspace: 6301K(6464K)->6301K(6464K) NonClass: 5768K(5824K)->5768K(5824K) Class: 533K(640K)->533K(640K)
[5.032s][info][gc             ] GC(119) Pause Young (Allocation Failure) 785M->786M(807M) 16.775ms
[5.032s][info][gc,cpu         ] GC(119) User=0.02s Sys=0.00s Real=0.02s
[5.032s][info][gc,start       ] GC(120) Pause Full (Ergonomics)
[5.032s][info][gc,phases,start] GC(120) Marking Phase
[5.254s][info][gc,phases      ] GC(120) Marking Phase 221.897ms
[5.254s][info][gc,phases,start] GC(120) Summary Phase
[5.254s][info][gc,phases      ] GC(120) Summary Phase 0.031ms
[5.254s][info][gc,phases,start] GC(120) Adjust Roots
[5.254s][info][gc,phases      ] GC(120) Adjust Roots 0.211ms
[5.255s][info][gc,phases,start] GC(120) Compaction Phase
[5.345s][info][gc,phases      ] GC(120) Compaction Phase 90.081ms
[5.345s][info][gc,phases,start] GC(120) Post Compact
[5.346s][info][gc,phases      ] GC(120) Post Compact 1.176ms
[5.346s][info][gc,heap        ] GC(120) PSYoungGen: 9760K(19968K)->0K(68608K) Eden: 0K(9728K)->0K(11264K) From: 9760K(10240K)->0K(57344K)
[5.346s][info][gc,heap        ] GC(120) ParOldGen: 795206K(806400K)->803703K(884224K)
[5.346s][info][gc,metaspace   ] GC(120) Metaspace: 6301K(6464K)->6301K(6464K) NonClass: 5768K(5824K)->5768K(5824K) Class: 533K(640K)->533K(640K)
[5.346s][info][gc             ] GC(120) Pause Full (Ergonomics) 786M->784M(930M) 313.957ms
[5.346s][info][gc,cpu         ] GC(120) User=1.12s Sys=0.03s Real=0.31s
[5.359s][info][gc,start       ] GC(121) Pause Young (Allocation Failure)
[5.369s][info][gc,heap        ] GC(121) PSYoungGen: 11264K(68608K)->11328K(23040K) Eden: 11264K(11264K)->0K(11264K) From: 0K(57344K)->11328K(11776K)
[5.370s][info][gc,heap        ] GC(121) ParOldGen: 803703K(884224K)->803703K(884224K)
[5.370s][info][gc,metaspace   ] GC(121) Metaspace: 6301K(6464K)->6301K(6464K) NonClass: 5768K(5824K)->5768K(5824K) Class: 533K(640K)->533K(640K)
[5.370s][info][gc             ] GC(121) Pause Young (Allocation Failure) 795M->795M(886M) 10.839ms
[5.370s][info][gc,cpu         ] GC(121) User=0.00s Sys=0.00s Real=0.01s
[5.381s][info][gc,start       ] GC(122) Pause Young (Allocation Failure)
[5.395s][info][gc,heap        ] GC(122) PSYoungGen: 22592K(23040K)->22592K(62976K) Eden: 11264K(11264K)->0K(12800K) From: 11328K(11776K)->22592K(50176K)
[5.395s][info][gc,heap        ] GC(122) ParOldGen: 803703K(884224K)->803703K(884224K)
[5.395s][info][gc,metaspace   ] GC(122) Metaspace: 6301K(6464K)->6301K(6464K) NonClass: 5768K(5824K)->5768K(5824K) Class: 533K(640K)->533K(640K)
[5.395s][info][gc             ] GC(122) Pause Young (Allocation Failure) 806M->806M(925M) 14.412ms
[5.395s][info][gc,cpu         ] GC(122) User=0.02s Sys=0.00s Real=0.02s
[5.409s][info][gc,start       ] GC(123) Pause Young (Allocation Failure)
[5.431s][info][gc,heap        ] GC(123) PSYoungGen: 35392K(62976K)->24096K(65536K) Eden: 12800K(12800K)->0K(12800K) From: 22592K(50176K)->24096K(52736K)
[5.431s][info][gc,heap        ] GC(123) ParOldGen: 803703K(884224K)->815135K(884224K)
[5.431s][info][gc,metaspace   ] GC(123) Metaspace: 6301K(6464K)->6301K(6464K) NonClass: 5768K(5824K)->5768K(5824K) Class: 533K(640K)->533K(640K)
[5.431s][info][gc             ] GC(123) Pause Young (Allocation Failure) 819M->819M(927M) 22.357ms
[5.431s][info][gc,cpu         ] GC(123) User=0.06s Sys=0.00s Real=0.02s
[5.445s][info][gc,start       ] GC(124) Pause Young (Allocation Failure)
[5.466s][info][gc,heap        ] GC(124) PSYoungGen: 36896K(65536K)->25664K(63488K) Eden: 12800K(12800K)->0K(14336K) From: 24096K(52736K)->25664K(49152K)
[5.466s][info][gc,heap        ] GC(124) ParOldGen: 815135K(884224K)->826551K(884224K)
[5.466s][info][gc,metaspace   ] GC(124) Metaspace: 6301K(6464K)->6301K(6464K) NonClass: 5768K(5824K)->5768K(5824K) Class: 533K(640K)->533K(640K)
[5.466s][info][gc             ] GC(124) Pause Young (Allocation Failure) 832M->832M(925M) 21.675ms
[5.466s][info][gc,cpu         ] GC(124) User=0.06s Sys=0.00s Real=0.02s
[5.481s][info][gc,start       ] GC(125) Pause Young (Allocation Failure)
[5.504s][info][gc,heap        ] GC(125) PSYoungGen: 40000K(63488K)->27200K(64512K) Eden: 14336K(14336K)->0K(14336K) From: 25664K(49152K)->27200K(50176K)
[5.504s][info][gc,heap        ] GC(125) ParOldGen: 826551K(884224K)->839535K(884224K)
[5.504s][info][gc,metaspace   ] GC(125) Metaspace: 6301K(6464K)->6301K(6464K) NonClass: 5768K(5824K)->5768K(5824K) Class: 533K(640K)->533K(640K)
[5.504s][info][gc             ] GC(125) Pause Young (Allocation Failure) 846M->846M(926M) 22.964ms
[5.504s][info][gc,cpu         ] GC(125) User=0.06s Sys=0.00s Real=0.02s
[5.520s][info][gc,start       ] GC(126) Pause Young (Allocation Failure)
[5.544s][info][gc,heap        ] GC(126) PSYoungGen: 41536K(64512K)->28704K(66560K) Eden: 14336K(14336K)->0K(16384K) From: 27200K(50176K)->28704K(50176K)
[5.544s][info][gc,heap        ] GC(126) ParOldGen: 839535K(884224K)->852519K(884224K)
[5.544s][info][gc,metaspace   ] GC(126) Metaspace: 6301K(6464K)->6301K(6464K) NonClass: 5768K(5824K)->5768K(5824K) Class: 533K(640K)->533K(640K)
[5.544s][info][gc             ] GC(126) Pause Young (Allocation Failure) 860M->860M(928M) 24.034ms
[5.544s][info][gc,cpu         ] GC(126) User=0.06s Sys=0.00s Real=0.02s
[5.562s][info][gc,start       ] GC(127) Pause Young (Allocation Failure)
[5.588s][info][gc,heap        ] GC(127) PSYoungGen: 45088K(66560K)->30752K(66560K) Eden: 16384K(16384K)->0K(16384K) From: 28704K(50176K)->30752K(50176K)
[5.588s][info][gc,heap        ] GC(127) ParOldGen: 852519K(884224K)->867063K(884224K)
[5.588s][info][gc,metaspace   ] GC(127) Metaspace: 6301K(6464K)->6301K(6464K) NonClass: 5768K(5824K)->5768K(5824K) Class: 533K(640K)->533K(640K)
[5.588s][info][gc             ] GC(127) Pause Young (Allocation Failure) 876M->876M(928M) 26.456ms
[5.588s][info][gc,cpu         ] GC(127) User=0.06s Sys=0.00s Real=0.03s
[5.588s][info][gc,start       ] GC(128) Pause Full (Ergonomics)
[5.588s][info][gc,phases,start] GC(128) Marking Phase
[5.819s][info][gc,phases      ] GC(128) Marking Phase 231.054ms
[5.819s][info][gc,phases,start] GC(128) Summary Phase
[5.819s][info][gc,phases      ] GC(128) Summary Phase 0.023ms
[5.819s][info][gc,phases,start] GC(128) Adjust Roots
[5.820s][info][gc,phases      ] GC(128) Adjust Roots 0.172ms
[5.820s][info][gc,phases,start] GC(128) Compaction Phase
[5.902s][info][gc,phases      ] GC(128) Compaction Phase 82.534ms
[5.902s][info][gc,phases,start] GC(128) Post Compact
[5.904s][info][gc,phases      ] GC(128) Post Compact 1.463ms
[5.904s][info][gc,heap        ] GC(128) PSYoungGen: 30752K(66560K)->12768K(66560K) Eden: 0K(16384K)->0K(16384K) From: 30752K(50176K)->12768K(50176K)
[5.904s][info][gc,heap        ] GC(128) ParOldGen: 867063K(884224K)->883892K(974336K)
[5.904s][info][gc,metaspace   ] GC(128) Metaspace: 6301K(6464K)->6301K(6464K) NonClass: 5768K(5824K)->5768K(5824K) Class: 533K(640K)->533K(640K)
[5.904s][info][gc             ] GC(128) Pause Full (Ergonomics) 876M->875M(1016M) 315.868ms
[5.904s][info][gc,cpu         ] GC(128) User=1.14s Sys=0.02s Real=0.32s
[5.922s][info][gc,start       ] GC(129) Pause Young (Allocation Failure)
[5.985s][info][gc,heap        ] GC(129) PSYoungGen: 29152K(66560K)->24416K(64000K) Eden: 16384K(16384K)->0K(18432K) From: 12768K(50176K)->24416K(45568K)
[5.985s][info][gc,heap        ] GC(129) ParOldGen: 883892K(974336K)->888780K(974336K)
[5.985s][info][gc,metaspace   ] GC(129) Metaspace: 6301K(6464K)->6301K(6464K) NonClass: 5768K(5824K)->5768K(5824K) Class: 533K(640K)->533K(640K)
[5.985s][info][gc             ] GC(129) Pause Young (Allocation Failure) 891M->891M(1014M) 62.870ms
[5.985s][info][gc,cpu         ] GC(129) User=0.25s Sys=0.00s Real=0.06s
[6.004s][info][gc,start       ] GC(130) Pause Young (Allocation Failure)
[6.030s][info][gc,heap        ] GC(130) PSYoungGen: 42848K(64000K)->42880K(66560K) Eden: 18432K(18432K)->0K(18432K) From: 24416K(45568K)->42880K(48128K)
[6.030s][info][gc,heap        ] GC(130) ParOldGen: 888780K(974336K)->888780K(974336K)
[6.030s][info][gc,metaspace   ] GC(130) Metaspace: 6301K(6464K)->6301K(6464K) NonClass: 5768K(5824K)->5768K(5824K) Class: 533K(640K)->533K(640K)
[6.030s][info][gc             ] GC(130) Pause Young (Allocation Failure) 909M->909M(1016M) 25.693ms
[6.030s][info][gc,cpu         ] GC(130) User=0.06s Sys=0.00s Real=0.03s
[6.050s][info][gc,start       ] GC(131) Pause Young (Allocation Failure)
[6.084s][info][gc,heap        ] GC(131) PSYoungGen: 61312K(66560K)->53248K(62976K) Eden: 18432K(18432K)->0K(9728K) From: 42880K(48128K)->53248K(53248K)
[6.084s][info][gc,heap        ] GC(131) ParOldGen: 888780K(974336K)->896940K(974336K)
[6.084s][info][gc,metaspace   ] GC(131) Metaspace: 6301K(6464K)->6301K(6464K) NonClass: 5768K(5824K)->5768K(5824K) Class: 533K(640K)->533K(640K)
[6.084s][info][gc             ] GC(131) Pause Young (Allocation Failure) 927M->927M(1013M) 33.643ms
[6.084s][info][gc,cpu         ] GC(131) User=0.09s Sys=0.00s Real=0.03s
[6.095s][info][gc,start       ] GC(132) Pause Young (Allocation Failure)
[6.129s][info][gc,heap        ] GC(132) PSYoungGen: 62976K(62976K)->28160K(37888K) Eden: 9728K(9728K)->0K(9728K) From: 53248K(53248K)->28160K(28160K)
[6.130s][info][gc,heap        ] GC(132) ParOldGen: 896940K(974336K)->932228K(974336K)
[6.130s][info][gc,metaspace   ] GC(132) Metaspace: 6301K(6464K)->6301K(6464K) NonClass: 5768K(5824K)->5768K(5824K) Class: 533K(640K)->533K(640K)
[6.130s][info][gc             ] GC(132) Pause Young (Allocation Failure) 937M->937M(988M) 34.708ms
[6.130s][info][gc,cpu         ] GC(132) User=0.09s Sys=0.00s Real=0.03s
[6.140s][info][gc,start       ] GC(133) Pause Young (Allocation Failure)
[6.163s][info][gc,heap        ] GC(133) PSYoungGen: 37888K(37888K)->19488K(68608K) Eden: 9728K(9728K)->0K(11264K) From: 28160K(28160K)->19488K(57344K)
[6.163s][info][gc,heap        ] GC(133) ParOldGen: 932228K(974336K)->950876K(974336K)
[6.163s][info][gc,metaspace   ] GC(133) Metaspace: 6301K(6464K)->6301K(6464K) NonClass: 5768K(5824K)->5768K(5824K) Class: 533K(640K)->533K(640K)
[6.163s][info][gc             ] GC(133) Pause Young (Allocation Failure) 947M->947M(1018M) 22.927ms
[6.163s][info][gc,cpu         ] GC(133) User=0.06s Sys=0.02s Real=0.02s
[6.163s][info][gc,start       ] GC(134) Pause Full (Ergonomics)
[6.163s][info][gc,phases,start] GC(134) Marking Phase
[6.414s][info][gc,phases      ] GC(134) Marking Phase 250.367ms
[6.414s][info][gc,phases,start] GC(134) Summary Phase
[6.414s][info][gc,phases      ] GC(134) Summary Phase 0.028ms
[6.414s][info][gc,phases,start] GC(134) Adjust Roots
[6.414s][info][gc,phases      ] GC(134) Adjust Roots 0.172ms
[6.414s][info][gc,phases,start] GC(134) Compaction Phase
[6.510s][info][gc,phases      ] GC(134) Compaction Phase 96.598ms
[6.510s][info][gc,phases,start] GC(134) Post Compact
[6.512s][info][gc,phases      ] GC(134) Post Compact 1.482ms
[6.512s][info][gc,heap        ] GC(134) PSYoungGen: 19488K(68608K)->0K(70144K) Eden: 0K(11264K)->0K(11264K) From: 19488K(57344K)->0K(58880K)
[6.512s][info][gc,heap        ] GC(134) ParOldGen: 950876K(974336K)->969212K(1075200K)
[6.512s][info][gc,metaspace   ] GC(134) Metaspace: 6301K(6464K)->6301K(6464K) NonClass: 5768K(5824K)->5768K(5824K) Class: 533K(640K)->533K(640K)
[6.512s][info][gc             ] GC(134) Pause Full (Ergonomics) 947M->946M(1118M) 349.252ms
[6.512s][info][gc,cpu         ] GC(134) User=1.25s Sys=0.00s Real=0.35s
[6.524s][info][gc,start       ] GC(135) Pause Young (Allocation Failure)
[6.534s][info][gc,heap        ] GC(135) PSYoungGen: 11264K(70144K)->11328K(70144K) Eden: 11264K(11264K)->0K(12800K) From: 0K(58880K)->11328K(57344K)
[6.535s][info][gc,heap        ] GC(135) ParOldGen: 969212K(1075200K)->969212K(1075200K)
[6.535s][info][gc,metaspace   ] GC(135) Metaspace: 6301K(6464K)->6301K(6464K) NonClass: 5768K(5824K)->5768K(5824K) Class: 533K(640K)->533K(640K)
[6.535s][info][gc             ] GC(135) Pause Young (Allocation Failure) 957M->957M(1118M) 10.115ms
[6.535s][info][gc,cpu         ] GC(135) User=0.02s Sys=0.00s Real=0.01s
[6.548s][info][gc,start       ] GC(136) Pause Young (Allocation Failure)
[6.564s][info][gc,heap        ] GC(136) PSYoungGen: 24128K(70144K)->24128K(37376K) Eden: 12800K(12800K)->0K(12800K) From: 11328K(57344K)->24128K(24576K)
[6.564s][info][gc,heap        ] GC(136) ParOldGen: 969212K(1075200K)->969212K(1075200K)
[6.564s][info][gc,metaspace   ] GC(136) Metaspace: 6301K(6464K)->6301K(6464K) NonClass: 5768K(5824K)->5768K(5824K) Class: 533K(640K)->533K(640K)
[6.564s][info][gc             ] GC(136) Pause Young (Allocation Failure) 970M->970M(1086M) 15.467ms
[6.564s][info][gc,cpu         ] GC(136) User=0.00s Sys=0.00s Real=0.02s
[6.578s][info][gc,start       ] GC(137) Pause Young (Allocation Failure)
[6.598s][info][gc,heap        ] GC(137) PSYoungGen: 36928K(37376K)->36896K(69120K) Eden: 12800K(12800K)->0K(13312K) From: 24128K(24576K)->36896K(55808K)
[6.598s][info][gc,heap        ] GC(137) ParOldGen: 969212K(1075200K)->969212K(1075200K)
[6.598s][info][gc,metaspace   ] GC(137) Metaspace: 6301K(6464K)->6301K(6464K) NonClass: 5768K(5824K)->5768K(5824K) Class: 533K(640K)->533K(640K)
[6.598s][info][gc             ] GC(137) Pause Young (Allocation Failure) 982M->982M(1117M) 20.446ms
[6.598s][info][gc,cpu         ] GC(137) User=0.08s Sys=0.00s Real=0.02s
[6.613s][info][gc,start       ] GC(138) Pause Young (Allocation Failure)
[6.640s][info][gc,heap        ] GC(138) PSYoungGen: 50208K(69120K)->38976K(70144K) Eden: 13312K(13312K)->0K(13312K) From: 36896K(55808K)->38976K(56832K)
[6.640s][info][gc,heap        ] GC(138) ParOldGen: 969212K(1075200K)->980636K(1075200K)
[6.640s][info][gc,metaspace   ] GC(138) Metaspace: 6301K(6464K)->6301K(6464K) NonClass: 5768K(5824K)->5768K(5824K) Class: 533K(640K)->533K(640K)
[6.640s][info][gc             ] GC(138) Pause Young (Allocation Failure) 995M->995M(1118M) 27.343ms
[6.640s][info][gc,cpu         ] GC(138) User=0.06s Sys=0.00s Real=0.03s
[6.655s][info][gc,start       ] GC(139) Pause Young (Allocation Failure)
[6.684s][info][gc,heap        ] GC(139) PSYoungGen: 52288K(70144K)->39456K(72704K) Eden: 13312K(13312K)->0K(14336K) From: 38976K(56832K)->39456K(58368K)
[6.684s][info][gc,heap        ] GC(139) ParOldGen: 980636K(1075200K)->993628K(1075200K)
[6.684s][info][gc,metaspace   ] GC(139) Metaspace: 6301K(6464K)->6301K(6464K) NonClass: 5768K(5824K)->5768K(5824K) Class: 533K(640K)->533K(640K)
[6.684s][info][gc             ] GC(139) Pause Young (Allocation Failure) 1008M->1008M(1121M) 28.844ms
[6.684s][info][gc,cpu         ] GC(139) User=0.06s Sys=0.02s Real=0.03s
[6.699s][info][gc,start       ] GC(140) Pause Young (Allocation Failure)
[6.729s][info][gc,heap        ] GC(140) PSYoungGen: 53792K(72704K)->41024K(73728K) Eden: 14336K(14336K)->0K(14336K) From: 39456K(58368K)->41024K(59392K)
[6.729s][info][gc,heap        ] GC(140) ParOldGen: 993628K(1075200K)->1006612K(1075200K)
[6.729s][info][gc,metaspace   ] GC(140) Metaspace: 6301K(6464K)->6301K(6464K) NonClass: 5768K(5824K)->5768K(5824K) Class: 533K(640K)->533K(640K)
[6.729s][info][gc             ] GC(140) Pause Young (Allocation Failure) 1022M->1023M(1122M) 29.958ms
[6.729s][info][gc,cpu         ] GC(140) User=0.08s Sys=0.00s Real=0.03s
[6.744s][info][gc,start       ] GC(141) Pause Young (Allocation Failure)
[6.774s][info][gc,heap        ] GC(141) PSYoungGen: 55360K(73728K)->42080K(76288K) Eden: 14336K(14336K)->0K(15360K) From: 41024K(59392K)->42080K(60928K)
[6.774s][info][gc,heap        ] GC(141) ParOldGen: 1006612K(1075200K)->1020116K(1075200K)
[6.774s][info][gc,metaspace   ] GC(141) Metaspace: 6301K(6464K)->6301K(6464K) NonClass: 5768K(5824K)->5768K(5824K) Class: 533K(640K)->533K(640K)
[6.774s][info][gc             ] GC(141) Pause Young (Allocation Failure) 1037M->1037M(1124M) 29.771ms
[6.774s][info][gc,cpu         ] GC(141) User=0.06s Sys=0.02s Real=0.03s
[6.791s][info][gc,start       ] GC(142) Pause Young (Allocation Failure)
[6.825s][info][gc,heap        ] GC(142) PSYoungGen: 57440K(76288K)->29760K(45568K) Eden: 15360K(15360K)->0K(15360K) From: 42080K(60928K)->29760K(30208K)
[6.825s][info][gc,heap        ] GC(142) ParOldGen: 1020116K(1075200K)->1048156K(1075200K)
[6.825s][info][gc,metaspace   ] GC(142) Metaspace: 6301K(6464K)->6301K(6464K) NonClass: 5768K(5824K)->5768K(5824K) Class: 533K(640K)->533K(640K)
[6.825s][info][gc             ] GC(142) Pause Young (Allocation Failure) 1052M->1052M(1094M) 34.030ms
[6.825s][info][gc,cpu         ] GC(142) User=0.06s Sys=0.02s Real=0.03s
[6.825s][info][gc,start       ] GC(143) Pause Full (Ergonomics)
[6.825s][info][gc,phases,start] GC(143) Marking Phase
[7.079s][info][gc,phases      ] GC(143) Marking Phase 253.589ms
[7.079s][info][gc,phases,start] GC(143) Summary Phase
[7.079s][info][gc,phases      ] GC(143) Summary Phase 0.032ms
[7.079s][info][gc,phases,start] GC(143) Adjust Roots
[7.079s][info][gc,phases      ] GC(143) Adjust Roots 0.173ms
[7.079s][info][gc,phases,start] GC(143) Compaction Phase
[7.192s][info][gc,phases      ] GC(143) Compaction Phase 113.631ms
[7.193s][info][gc,phases,start] GC(143) Post Compact
[7.195s][info][gc,phases      ] GC(143) Post Compact 2.356ms
[7.195s][info][gc,heap        ] GC(143) PSYoungGen: 29760K(45568K)->1529K(45568K) Eden: 0K(15360K)->0K(15360K) From: 29760K(30208K)->1529K(30208K)
[7.196s][info][gc,heap        ] GC(143) ParOldGen: 1048156K(1075200K)->1074954K(1190912K)
[7.196s][info][gc,metaspace   ] GC(143) Metaspace: 6301K(6464K)->6301K(6464K) NonClass: 5768K(5824K)->5768K(5824K) Class: 533K(640K)->533K(640K)
[7.196s][info][gc             ] GC(143) Pause Full (Ergonomics) 1052M->1051M(1207M) 370.614ms
[7.196s][info][gc,cpu         ] GC(143) User=1.39s Sys=0.02s Real=0.37s
[7.212s][info][gc,start       ] GC(144) Pause Young (Allocation Failure)
[7.293s][info][gc,heap        ] GC(144) PSYoungGen: 16889K(45568K)->15392K(76800K) Eden: 15360K(15360K)->0K(17408K) From: 1529K(30208K)->15392K(59392K)
[7.293s][info][gc,heap        ] GC(144) ParOldGen: 1074954K(1190912K)->1076530K(1190912K)
[7.293s][info][gc,metaspace   ] GC(144) Metaspace: 6301K(6464K)->6301K(6464K) NonClass: 5768K(5824K)->5768K(5824K) Class: 533K(640K)->533K(640K)
[7.293s][info][gc             ] GC(144) Pause Young (Allocation Failure) 1066M->1066M(1238M) 80.878ms
[7.293s][info][gc,cpu         ] GC(144) User=0.25s Sys=0.00s Real=0.08s
[7.312s][info][gc,start       ] GC(145) Pause Young (Allocation Failure)
[7.335s][info][gc,heap        ] GC(145) PSYoungGen: 32800K(76800K)->17472K(76800K) Eden: 17408K(17408K)->0K(17408K) From: 15392K(59392K)->17472K(59392K)
[7.335s][info][gc,heap        ] GC(145) ParOldGen: 1076530K(1190912K)->1092122K(1190912K)
[7.335s][info][gc,metaspace   ] GC(145) Metaspace: 6301K(6464K)->6301K(6464K) NonClass: 5768K(5824K)->5768K(5824K) Class: 533K(640K)->533K(640K)
[7.335s][info][gc             ] GC(145) Pause Young (Allocation Failure) 1083M->1083M(1238M) 22.924ms
[7.335s][info][gc,cpu         ] GC(145) User=0.06s Sys=0.02s Real=0.02s
[7.354s][info][gc,start       ] GC(146) Pause Young (Allocation Failure)
[7.377s][info][gc,heap        ] GC(146) PSYoungGen: 34880K(76800K)->17504K(75776K) Eden: 17408K(17408K)->0K(19456K) From: 17472K(59392K)->17504K(56320K)
[7.377s][info][gc,heap        ] GC(146) ParOldGen: 1092122K(1190912K)->1109786K(1190912K)
[7.377s][info][gc,metaspace   ] GC(146) Metaspace: 6301K(6464K)->6301K(6464K) NonClass: 5768K(5824K)->5768K(5824K) Class: 533K(640K)->533K(640K)
[7.377s][info][gc             ] GC(146) Pause Young (Allocation Failure) 1100M->1100M(1237M) 23.352ms
[7.377s][info][gc,cpu         ] GC(146) User=0.06s Sys=0.02s Real=0.02s
[7.398s][info][gc,start       ] GC(147) Pause Young (Allocation Failure)
[7.421s][info][gc,heap        ] GC(147) PSYoungGen: 36960K(75776K)->19520K(76800K) Eden: 19456K(19456K)->0K(19456K) From: 17504K(56320K)->19520K(57344K)
[7.422s][info][gc,heap        ] GC(147) ParOldGen: 1109786K(1190912K)->1127450K(1190912K)
[7.422s][info][gc,metaspace   ] GC(147) Metaspace: 6301K(6464K)->6301K(6464K) NonClass: 5768K(5824K)->5768K(5824K) Class: 533K(640K)->533K(640K)
[7.422s][info][gc             ] GC(147) Pause Young (Allocation Failure) 1119M->1120M(1238M) 23.935ms
[7.422s][info][gc,cpu         ] GC(147) User=0.00s Sys=0.06s Real=0.02s
[7.443s][info][gc,start       ] GC(148) Pause Young (Allocation Failure)
[7.470s][info][gc,heap        ] GC(148) PSYoungGen: 38976K(76800K)->19520K(74752K) Eden: 19456K(19456K)->0K(22016K) From: 19520K(57344K)->19520K(52736K)
[7.470s][info][gc,heap        ] GC(148) ParOldGen: 1127450K(1190912K)->1147186K(1190912K)
[7.470s][info][gc,metaspace   ] GC(148) Metaspace: 6301K(6464K)->6301K(6464K) NonClass: 5768K(5824K)->5768K(5824K) Class: 533K(640K)->533K(640K)
[7.470s][info][gc             ] GC(148) Pause Young (Allocation Failure) 1139M->1139M(1236M) 27.120ms
[7.470s][info][gc,cpu         ] GC(148) User=0.08s Sys=0.00s Real=0.03s
[7.496s][info][gc,start       ] GC(149) Pause Young (Allocation Failure)
[7.523s][info][gc,heap        ] GC(149) PSYoungGen: 41536K(74752K)->22112K(76288K) Eden: 22016K(22016K)->0K(22016K) From: 19520K(52736K)->22112K(54272K)
[7.523s][info][gc,heap        ] GC(149) ParOldGen: 1147186K(1190912K)->1166922K(1190912K)
[7.523s][info][gc,metaspace   ] GC(149) Metaspace: 6301K(6464K)->6301K(6464K) NonClass: 5768K(5824K)->5768K(5824K) Class: 533K(640K)->533K(640K)
[7.523s][info][gc             ] GC(149) Pause Young (Allocation Failure) 1160M->1161M(1237M) 27.308ms
[7.523s][info][gc,cpu         ] GC(149) User=0.06s Sys=0.02s Real=0.03s
[7.524s][info][gc,start       ] GC(150) Pause Full (Ergonomics)
[7.524s][info][gc,phases,start] GC(150) Marking Phase
[7.826s][info][gc,phases      ] GC(150) Marking Phase 302.859ms
[7.826s][info][gc,phases,start] GC(150) Summary Phase
[7.826s][info][gc,phases      ] GC(150) Summary Phase 0.028ms
[7.827s][info][gc,phases,start] GC(150) Adjust Roots
[7.827s][info][gc,phases      ] GC(150) Adjust Roots 0.187ms
[7.827s][info][gc,phases,start] GC(150) Compaction Phase
[7.933s][info][gc,phases      ] GC(150) Compaction Phase 106.569ms
[7.933s][info][gc,phases,start] GC(150) Post Compact
[7.935s][info][gc,phases      ] GC(150) Post Compact 1.939ms
[7.936s][info][gc,heap        ] GC(150) PSYoungGen: 22112K(76288K)->0K(76800K) Eden: 0K(22016K)->0K(24576K) From: 22112K(54272K)->0K(52224K)
[7.936s][info][gc,heap        ] GC(150) ParOldGen: 1166922K(1190912K)->1187393K(1315328K)
[7.936s][info][gc,metaspace   ] GC(150) Metaspace: 6301K(6464K)->6301K(6464K) NonClass: 5768K(5824K)->5768K(5824K) Class: 533K(640K)->533K(640K)
[7.936s][info][gc             ] GC(150) Pause Full (Ergonomics) 1161M->1159M(1359M) 412.322ms
[7.936s][info][gc,cpu         ] GC(150) User=1.55s Sys=0.00s Real=0.41s
[7.964s][info][gc,start       ] GC(151) Pause Young (Allocation Failure)
[7.983s][info][gc,heap        ] GC(151) PSYoungGen: 24576K(76800K)->24640K(76800K) Eden: 24576K(24576K)->0K(24576K) From: 0K(52224K)->24640K(52224K)
[7.983s][info][gc,heap        ] GC(151) ParOldGen: 1187393K(1315328K)->1187393K(1315328K)
[7.983s][info][gc,metaspace   ] GC(151) Metaspace: 6301K(6464K)->6301K(6464K) NonClass: 5768K(5824K)->5768K(5824K) Class: 533K(640K)->533K(640K)
[7.983s][info][gc             ] GC(151) Pause Young (Allocation Failure) 1183M->1183M(1359M) 19.009ms
[7.983s][info][gc,cpu         ] GC(151) User=0.02s Sys=0.00s Real=0.02s
[8.011s][info][gc,start       ] GC(152) Pause Young (Allocation Failure)
[8.042s][info][gc,heap        ] GC(152) PSYoungGen: 49216K(76800K)->49248K(70656K) Eden: 24576K(24576K)->0K(20992K) From: 24640K(52224K)->49248K(49664K)
[8.042s][info][gc,heap        ] GC(152) ParOldGen: 1187393K(1315328K)->1187393K(1315328K)
[8.042s][info][gc,metaspace   ] GC(152) Metaspace: 6301K(6464K)->6301K(6464K) NonClass: 5768K(5824K)->5768K(5824K) Class: 533K(640K)->533K(640K)
[8.042s][info][gc             ] GC(152) Pause Young (Allocation Failure) 1207M->1207M(1353M) 30.976ms
[8.042s][info][gc,cpu         ] GC(152) User=0.08s Sys=0.00s Real=0.03s
[8.066s][info][gc,start       ] GC(153) Pause Young (Allocation Failure)
[8.105s][info][gc,heap        ] GC(153) PSYoungGen: 70240K(70656K)->55808K(76800K) Eden: 20992K(20992K)->0K(20992K) From: 49248K(49664K)->55808K(55808K)
[8.105s][info][gc,heap        ] GC(153) ParOldGen: 1187393K(1315328K)->1201969K(1315328K)
[8.105s][info][gc,metaspace   ] GC(153) Metaspace: 6301K(6464K)->6301K(6464K) NonClass: 5768K(5824K)->5768K(5824K) Class: 533K(640K)->533K(640K)
[8.105s][info][gc             ] GC(153) Pause Young (Allocation Failure) 1228M->1228M(1359M) 38.889ms
[8.105s][info][gc,cpu         ] GC(153) User=0.12s Sys=0.00s Real=0.04s
[8.129s][info][gc,start       ] GC(154) Pause Young (Allocation Failure)
[8.170s][info][gc,heap        ] GC(154) PSYoungGen: 76800K(76800K)->37504K(88576K) Eden: 20992K(20992K)->0K(23552K) From: 55808K(55808K)->37504K(65024K)
[8.170s][info][gc,heap        ] GC(154) ParOldGen: 1201969K(1315328K)->1241857K(1315328K)
[8.170s][info][gc,metaspace   ] GC(154) Metaspace: 6301K(6464K)->6301K(6464K) NonClass: 5768K(5824K)->5768K(5824K) Class: 533K(640K)->533K(640K)
[8.170s][info][gc             ] GC(154) Pause Young (Allocation Failure) 1248M->1249M(1371M) 40.859ms
[8.170s][info][gc,cpu         ] GC(154) User=0.11s Sys=0.02s Real=0.04s
[8.199s][info][gc,start       ] GC(155) Pause Young (Allocation Failure)
[8.238s][info][gc,heap        ] GC(155) PSYoungGen: 61056K(88576K)->44256K(90624K) Eden: 23552K(23552K)->0K(23552K) From: 37504K(65024K)->44256K(67072K)
[8.238s][info][gc,heap        ] GC(155) ParOldGen: 1241857K(1315328K)->1258569K(1315328K)
[8.238s][info][gc,metaspace   ] GC(155) Metaspace: 6301K(6464K)->6301K(6464K) NonClass: 5768K(5824K)->5768K(5824K) Class: 533K(640K)->533K(640K)
[8.238s][info][gc             ] GC(155) Pause Young (Allocation Failure) 1272M->1272M(1373M) 39.094ms
[8.238s][info][gc,cpu         ] GC(155) User=0.12s Sys=0.00s Real=0.04s
[8.259s][info][gc,start       ] GC(156) Pause Young (Allocation Failure)
[8.295s][info][gc,heap        ] GC(156) PSYoungGen: 67808K(90624K)->35456K(89600K) Eden: 23552K(23552K)->0K(26624K) From: 44256K(67072K)->35456K(62976K)
[8.295s][info][gc,heap        ] GC(156) ParOldGen: 1258569K(1315328K)->1279865K(1315328K)
[8.295s][info][gc,metaspace   ] GC(156) Metaspace: 6301K(6464K)->6301K(6464K) NonClass: 5768K(5824K)->5768K(5824K) Class: 533K(640K)->533K(640K)
[8.295s][info][gc             ] GC(156) Pause Young (Allocation Failure) 1295M->1284M(1372M) 35.990ms
[8.295s][info][gc,cpu         ] GC(156) User=0.06s Sys=0.03s Real=0.04s
[8.295s][info][gc,start       ] GC(157) Pause Full (Ergonomics)
[8.295s][info][gc,phases,start] GC(157) Marking Phase
[8.668s][info][gc,phases      ] GC(157) Marking Phase 373.542ms
[8.668s][info][gc,phases,start] GC(157) Summary Phase
[8.668s][info][gc,phases      ] GC(157) Summary Phase 0.060ms
[8.668s][info][gc,phases,start] GC(157) Adjust Roots
[8.669s][info][gc,phases      ] GC(157) Adjust Roots 0.193ms
[8.669s][info][gc,phases,start] GC(157) Compaction Phase
[8.783s][info][gc,phases      ] GC(157) Compaction Phase 114.087ms
[8.783s][info][gc,phases,start] GC(157) Post Compact
[8.785s][info][gc,phases      ] GC(157) Post Compact 2.240ms
[8.785s][info][gc,heap        ] GC(157) PSYoungGen: 35456K(89600K)->0K(92160K) Eden: 0K(26624K)->0K(26624K) From: 35456K(62976K)->0K(65536K)
[8.785s][info][gc,heap        ] GC(157) ParOldGen: 1279865K(1315328K)->1313743K(1365504K)
[8.785s][info][gc,metaspace   ] GC(157) Metaspace: 6301K(6464K)->6301K(6464K) NonClass: 5768K(5824K)->5768K(5824K) Class: 533K(640K)->533K(640K)
[8.785s][info][gc             ] GC(157) Pause Full (Ergonomics) 1284M->1282M(1423M) 490.656ms
[8.785s][info][gc,cpu         ] GC(157) User=1.89s Sys=0.00s Real=0.49s
[8.812s][info][gc,start       ] GC(158) Pause Young (Allocation Failure)
[8.829s][info][gc,heap        ] GC(158) PSYoungGen: 26624K(92160K)->20096K(91648K) Eden: 26624K(26624K)->0K(29184K) From: 0K(65536K)->20096K(62464K)
[8.829s][info][gc,heap        ] GC(158) ParOldGen: 1313743K(1365504K)->1313743K(1365504K)
[8.829s][info][gc,metaspace   ] GC(158) Metaspace: 6301K(6464K)->6301K(6464K) NonClass: 5768K(5824K)->5768K(5824K) Class: 533K(640K)->533K(640K)
[8.829s][info][gc             ] GC(158) Pause Young (Allocation Failure) 1308M->1302M(1423M) 17.093ms
[8.829s][info][gc,cpu         ] GC(158) User=0.02s Sys=0.00s Real=0.02s
[8.864s][info][gc,start       ] GC(159) Pause Young (Allocation Failure)
[8.893s][info][gc,heap        ] GC(159) PSYoungGen: 49280K(91648K)->49312K(93696K) Eden: 29184K(29184K)->0K(29184K) From: 20096K(62464K)->49312K(64512K)
[8.893s][info][gc,heap        ] GC(159) ParOldGen: 1313743K(1365504K)->1313743K(1365504K)
[8.893s][info][gc,metaspace   ] GC(159) Metaspace: 6301K(6464K)->6301K(6464K) NonClass: 5768K(5824K)->5768K(5824K) Class: 533K(640K)->533K(640K)
[8.893s][info][gc             ] GC(159) Pause Young (Allocation Failure) 1331M->1331M(1425M) 29.706ms
[8.893s][info][gc,cpu         ] GC(159) User=0.08s Sys=0.00s Real=0.03s
[8.928s][info][gc,start       ] GC(160) Pause Young (Allocation Failure)
[8.976s][info][gc,heap        ] GC(160) PSYoungGen: 78496K(93696K)->67584K(86528K) Eden: 29184K(29184K)->0K(18944K) From: 49312K(64512K)->67584K(67584K)
[8.976s][info][gc,heap        ] GC(160) ParOldGen: 1313743K(1365504K)->1324759K(1365504K)
[8.976s][info][gc,metaspace   ] GC(160) Metaspace: 6301K(6464K)->6301K(6464K) NonClass: 5768K(5824K)->5768K(5824K) Class: 533K(640K)->533K(640K)
[8.976s][info][gc             ] GC(160) Pause Young (Allocation Failure) 1359M->1359M(1418M) 48.675ms
[8.976s][info][gc,cpu         ] GC(160) User=0.11s Sys=0.02s Real=0.05s
[8.999s][info][gc,start       ] GC(161) Pause Young (Allocation Failure)
[9.041s][info][gc,heap        ] GC(161) PSYoungGen: 85378K(86528K)->67168K(99840K) Eden: 17794K(18944K)->0K(18944K) From: 67584K(67584K)->67168K(80896K)
[9.041s][info][gc,heap        ] GC(161) ParOldGen: 1324759K(1365504K)->1343215K(1365504K)
[9.041s][info][gc,metaspace   ] GC(161) Metaspace: 6301K(6464K)->6301K(6464K) NonClass: 5768K(5824K)->5768K(5824K) Class: 533K(640K)->533K(640K)
[9.041s][info][gc             ] GC(161) Pause Young (Allocation Failure) 1377M->1377M(1431M) 42.100ms
[9.041s][info][gc,cpu         ] GC(161) User=0.14s Sys=0.00s Real=0.04s
[9.041s][info][gc,start       ] GC(162) Pause Full (Ergonomics)
[9.041s][info][gc,phases,start] GC(162) Marking Phase
[9.388s][info][gc,phases      ] GC(162) Marking Phase 346.946ms
[9.388s][info][gc,phases,start] GC(162) Summary Phase
[9.388s][info][gc,phases      ] GC(162) Summary Phase 0.025ms
[9.388s][info][gc,phases,start] GC(162) Adjust Roots
[9.388s][info][gc,phases      ] GC(162) Adjust Roots 0.265ms
[9.388s][info][gc,phases,start] GC(162) Compaction Phase
[9.660s][info][gc,phases      ] GC(162) Compaction Phase 271.921ms
[9.660s][info][gc,phases,start] GC(162) Post Compact
[9.663s][info][gc,phases      ] GC(162) Post Compact 2.797ms
[9.663s][info][gc,heap        ] GC(162) PSYoungGen: 67168K(99840K)->44469K(99840K) Eden: 0K(18944K)->0K(18944K) From: 67168K(80896K)->44469K(80896K)
[9.663s][info][gc,heap        ] GC(162) ParOldGen: 1343215K(1365504K)->1365219K(1365504K)
[9.663s][info][gc,metaspace   ] GC(162) Metaspace: 6301K(6464K)->6301K(6464K) NonClass: 5768K(5824K)->5768K(5824K) Class: 533K(640K)->533K(640K)
[9.663s][info][gc             ] GC(162) Pause Full (Ergonomics) 1377M->1376M(1431M) 622.251ms
[9.663s][info][gc,cpu         ] GC(162) User=2.31s Sys=0.00s Real=0.62s
[9.663s][info][gc,start       ] GC(163) Pause Full (Allocation Failure)
[9.663s][info][gc,phases,start] GC(163) Marking Phase
[9.995s][info][gc,phases      ] GC(163) Marking Phase 332.072ms
[9.995s][info][gc,phases,start] GC(163) Summary Phase
[9.996s][info][gc,phases      ] GC(163) Summary Phase 0.038ms
[9.996s][info][gc,phases,start] GC(163) Adjust Roots
[9.996s][info][gc,phases      ] GC(163) Adjust Roots 0.354ms
[9.996s][info][gc,phases,start] GC(163) Compaction Phase
[10.251s][info][gc,phases      ] GC(163) Compaction Phase 255.500ms
[10.251s][info][gc,phases,start] GC(163) Post Compact
[10.254s][info][gc,phases      ] GC(163) Post Compact 2.687ms
[10.254s][info][gc,heap        ] GC(163) PSYoungGen: 44469K(99840K)->44469K(99840K) Eden: 0K(18944K)->0K(18944K) From: 44469K(80896K)->44469K(80896K)
[10.254s][info][gc,heap        ] GC(163) ParOldGen: 1365219K(1365504K)->1365215K(1365504K)
[10.254s][info][gc,metaspace   ] GC(163) Metaspace: 6301K(6464K)->6299K(6464K) NonClass: 5768K(5824K)->5766K(5824K) Class: 533K(640K)->532K(640K)
[10.254s][info][gc             ] GC(163) Pause Full (Allocation Failure) 1376M->1376M(1431M) 590.983ms
[10.254s][info][gc,cpu         ] GC(163) User=2.17s Sys=0.02s Real=0.59s
[10.256s][info][gc,heap,exit   ] Heap
[10.256s][info][gc,heap,exit   ]  PSYoungGen      total 99840K, used 45223K [0x00000000d6580000, 0x00000000e2480000, 0x0000000100000000)
[10.256s][info][gc,heap,exit   ]   eden space 18944K, 3% used [0x00000000d6580000,0x00000000d663cb48,0x00000000d7800000)
[10.256s][info][gc,heap,exit   ]   from space 80896K, 54% used [0x00000000d7800000,0x00000000da36d400,0x00000000dc700000)
[10.256s][info][gc,heap,exit   ]   to   space 87040K, 0% used [0x00000000dcf80000,0x00000000dcf80000,0x00000000e2480000)
[10.256s][info][gc,heap,exit   ]  ParOldGen       total 1365504K, used 1365215K [0x0000000083000000, 0x00000000d6580000, 0x00000000d6580000)
[10.256s][info][gc,heap,exit   ]   object space 1365504K, 99% used [0x0000000083000000,0x00000000d6537e00,0x00000000d6580000)
[10.256s][info][gc,heap,exit   ]  Metaspace       used 6304K, committed 6528K, reserved 1114112K
[10.256s][info][gc,heap,exit   ]   class space    used 534K, committed 640K, reserved 1048576K
