[0.013s][info][gc,init] CardTable entry size: 512
[0.013s][info][gc     ] Using Parallel
[0.014s][info][gc,init] Version: 18.0.1+10 (release)
[0.014s][info][gc,init] CPUs: 8 total, 8 available
[0.014s][info][gc,init] Memory: 16063M
[0.014s][info][gc,init] Large Page Support: Disabled
[0.014s][info][gc,init] NUMA Support: Disabled
[0.014s][info][gc,init] Compressed Oops: Enabled (Zero based)
[0.014s][info][gc,init] Alignments: Space 512K, Generation 512K, Heap 2M
[0.014s][info][gc,init] Heap Min Capacity: 2M
[0.014s][info][gc,init] Heap Initial Capacity: 2M
[0.014s][info][gc,init] Heap Max Capacity: 2500M
[0.015s][info][gc,init] Pre-touch: Disabled
[0.015s][info][gc,init] Parallel Workers: 5
[0.015s][info][gc,metaspace] CDS archive(s) not mapped
[0.015s][info][gc,metaspace] Compressed class space mapped at: 0x0000000800000000-0x0000000840000000, reserved size: 1073741824
[0.015s][info][gc,metaspace] Narrow klass base: 0x0000000800000000, Narrow klass shift: 0, Narrow klass range: 0x40000000
[0.128s][info][gc,start    ] GC(0) Pause Young (Allocation Failure)
[0.129s][info][gc,heap     ] GC(0) PSYoungGen: 512K(1024K)->512K(1024K) Eden: 512K(512K)->0K(512K) From: 0K(512K)->512K(512K)
[0.129s][info][gc,heap     ] GC(0) ParOldGen: 0K(512K)->16K(512K)
[0.129s][info][gc,metaspace] GC(0) Metaspace: 4230K(4352K)->4230K(4352K) NonClass: 3909K(3968K)->3909K(3968K) Class: 321K(384K)->321K(384K)
[0.129s][info][gc          ] GC(0) Pause Young (Allocation Failure) 0M->0M(1M) 1.570ms
[0.129s][info][gc,cpu      ] GC(0) User=0.00s Sys=0.00s Real=0.00s
[0.196s][info][gc,start    ] GC(1) Pause Young (Allocation Failure)
[0.197s][info][gc,heap     ] GC(1) PSYoungGen: 1023K(1024K)->496K(1536K) Eden: 511K(512K)->0K(1024K) From: 512K(512K)->496K(512K)
[0.197s][info][gc,heap     ] GC(1) ParOldGen: 16K(512K)->124K(512K)
[0.197s][info][gc,metaspace] GC(1) Metaspace: 5878K(6016K)->5878K(6016K) NonClass: 5381K(5504K)->5381K(5504K) Class: 496K(512K)->496K(512K)
[0.197s][info][gc          ] GC(1) Pause Young (Allocation Failure) 1M->0M(2M) 0.851ms
[0.197s][info][gc,cpu      ] GC(1) User=0.00s Sys=0.00s Real=0.00s
[0.220s][info][gc,start    ] GC(2) Pause Young (Allocation Failure)
[0.221s][info][gc,heap     ] GC(2) PSYoungGen: 1520K(1536K)->512K(1536K) Eden: 1024K(1024K)->0K(1024K) From: 496K(512K)->512K(512K)
[0.221s][info][gc,heap     ] GC(2) ParOldGen: 124K(512K)->548K(1024K)
[0.221s][info][gc,metaspace] GC(2) Metaspace: 6295K(6464K)->6295K(6464K) NonClass: 5762K(5824K)->5762K(5824K) Class: 533K(640K)->533K(640K)
[0.221s][info][gc          ] GC(2) Pause Young (Allocation Failure) 1M->1M(2M) 0.954ms
[0.221s][info][gc,cpu      ] GC(2) User=0.00s Sys=0.00s Real=0.00s
[0.222s][info][gc,start    ] GC(3) Pause Young (Allocation Failure)
[0.223s][info][gc,heap     ] GC(3) PSYoungGen: 1536K(1536K)->496K(2560K) Eden: 1024K(1024K)->0K(2048K) From: 512K(512K)->496K(512K)
[0.224s][info][gc,heap     ] GC(3) ParOldGen: 548K(1024K)->1104K(1536K)
[0.224s][info][gc,metaspace] GC(3) Metaspace: 6295K(6464K)->6295K(6464K) NonClass: 5762K(5824K)->5762K(5824K) Class: 533K(640K)->533K(640K)
[0.224s][info][gc          ] GC(3) Pause Young (Allocation Failure) 2M->1M(4M) 1.095ms
[0.224s][info][gc,cpu      ] GC(3) User=0.00s Sys=0.00s Real=0.00s
[0.224s][info][gc,start    ] GC(4) Pause Full (Ergonomics)
[0.224s][info][gc,phases,start] GC(4) Marking Phase
[0.225s][info][gc,phases      ] GC(4) Marking Phase 0.972ms
[0.225s][info][gc,phases,start] GC(4) Summary Phase
[0.225s][info][gc,phases      ] GC(4) Summary Phase 0.017ms
[0.225s][info][gc,phases,start] GC(4) Adjust Roots
[0.225s][info][gc,phases      ] GC(4) Adjust Roots 0.425ms
[0.225s][info][gc,phases,start] GC(4) Compaction Phase
[0.228s][info][gc,phases      ] GC(4) Compaction Phase 2.447ms
[0.228s][info][gc,phases,start] GC(4) Post Compact
[0.228s][info][gc,phases      ] GC(4) Post Compact 0.075ms
[0.228s][info][gc,heap        ] GC(4) PSYoungGen: 496K(2560K)->0K(2560K) Eden: 0K(2048K)->0K(2048K) From: 496K(512K)->0K(512K)
[0.228s][info][gc,heap        ] GC(4) ParOldGen: 1104K(1536K)->1495K(3584K)
[0.228s][info][gc,metaspace   ] GC(4) Metaspace: 6295K(6464K)->6295K(6464K) NonClass: 5762K(5824K)->5762K(5824K) Class: 533K(640K)->533K(640K)
[0.228s][info][gc             ] GC(4) Pause Full (Ergonomics) 1M->1M(6M) 4.327ms
[0.228s][info][gc,cpu         ] GC(4) User=0.00s Sys=0.00s Real=0.01s
[0.232s][info][gc,start       ] GC(5) Pause Young (Allocation Failure)
[0.233s][info][gc,heap        ] GC(5) PSYoungGen: 2048K(2560K)->480K(3584K) Eden: 2048K(2048K)->0K(3072K) From: 0K(512K)->480K(512K)
[0.233s][info][gc,heap        ] GC(5) ParOldGen: 1495K(3584K)->2119K(3584K)
[0.233s][info][gc,metaspace   ] GC(5) Metaspace: 6295K(6464K)->6295K(6464K) NonClass: 5762K(5824K)->5762K(5824K) Class: 533K(640K)->533K(640K)
[0.233s][info][gc             ] GC(5) Pause Young (Allocation Failure) 3M->2M(7M) 1.098ms
[0.233s][info][gc,cpu         ] GC(5) User=0.00s Sys=0.00s Real=0.00s
[0.237s][info][gc,start       ] GC(6) Pause Young (Allocation Failure)
[0.239s][info][gc,heap        ] GC(6) PSYoungGen: 3552K(3584K)->1504K(4608K) Eden: 3072K(3072K)->0K(3072K) From: 480K(512K)->1504K(1536K)
[0.239s][info][gc,heap        ] GC(6) ParOldGen: 2119K(3584K)->2703K(3584K)
[0.239s][info][gc,metaspace   ] GC(6) Metaspace: 6295K(6464K)->6295K(6464K) NonClass: 5762K(5824K)->5762K(5824K) Class: 533K(640K)->533K(640K)
[0.239s][info][gc             ] GC(6) Pause Young (Allocation Failure) 5M->4M(8M) 1.471ms
[0.239s][info][gc,cpu         ] GC(6) User=0.00s Sys=0.00s Real=0.00s
[0.239s][info][gc,start       ] GC(7) Pause Full (Ergonomics)
[0.239s][info][gc,phases,start] GC(7) Marking Phase
[0.240s][info][gc,phases      ] GC(7) Marking Phase 1.540ms
[0.240s][info][gc,phases,start] GC(7) Summary Phase
[0.240s][info][gc,phases      ] GC(7) Summary Phase 0.016ms
[0.241s][info][gc,phases,start] GC(7) Adjust Roots
[0.241s][info][gc,phases      ] GC(7) Adjust Roots 0.351ms
[0.241s][info][gc,phases,start] GC(7) Compaction Phase
[0.243s][info][gc,phases      ] GC(7) Compaction Phase 2.309ms
[0.243s][info][gc,phases,start] GC(7) Post Compact
[0.243s][info][gc,phases      ] GC(7) Post Compact 0.036ms
[0.244s][info][gc,heap        ] GC(7) PSYoungGen: 1504K(4608K)->990K(4608K) Eden: 0K(3072K)->0K(3072K) From: 1504K(1536K)->990K(1536K)
[0.244s][info][gc,heap        ] GC(7) ParOldGen: 2703K(3584K)->3127K(6144K)
[0.244s][info][gc,metaspace   ] GC(7) Metaspace: 6295K(6464K)->6295K(6464K) NonClass: 5762K(5824K)->5762K(5824K) Class: 533K(640K)->533K(640K)
[0.244s][info][gc             ] GC(7) Pause Full (Ergonomics) 4M->4M(10M) 4.719ms
[0.244s][info][gc,cpu         ] GC(7) User=0.02s Sys=0.00s Real=0.01s
[0.249s][info][gc,start       ] GC(8) Pause Young (Allocation Failure)
[0.251s][info][gc,heap        ] GC(8) PSYoungGen: 4062K(4608K)->2048K(5632K) Eden: 3072K(3072K)->0K(3584K) From: 990K(1536K)->2048K(2048K)
[0.251s][info][gc,heap        ] GC(8) ParOldGen: 3127K(6144K)->3679K(6144K)
[0.251s][info][gc,metaspace   ] GC(8) Metaspace: 6295K(6464K)->6295K(6464K) NonClass: 5762K(5824K)->5762K(5824K) Class: 533K(640K)->533K(640K)
[0.251s][info][gc             ] GC(8) Pause Young (Allocation Failure) 7M->5M(11M) 2.090ms
[0.251s][info][gc,cpu         ] GC(8) User=0.00s Sys=0.00s Real=0.00s
[0.256s][info][gc,start       ] GC(9) Pause Young (Allocation Failure)
[0.259s][info][gc,heap        ] GC(9) PSYoungGen: 5632K(5632K)->3040K(6656K) Eden: 3584K(3584K)->0K(3584K) From: 2048K(2048K)->3040K(3072K)
[0.259s][info][gc,heap        ] GC(9) ParOldGen: 3679K(6144K)->4703K(6144K)
[0.259s][info][gc,metaspace   ] GC(9) Metaspace: 6295K(6464K)->6295K(6464K) NonClass: 5762K(5824K)->5762K(5824K) Class: 533K(640K)->533K(640K)
[0.259s][info][gc             ] GC(9) Pause Young (Allocation Failure) 9M->7M(12M) 2.641ms
[0.259s][info][gc,cpu         ] GC(9) User=0.00s Sys=0.00s Real=0.00s
[0.264s][info][gc,start       ] GC(10) Pause Young (Allocation Failure)
[0.267s][info][gc,heap        ] GC(10) PSYoungGen: 6624K(6656K)->4064K(8704K) Eden: 3584K(3584K)->0K(4608K) From: 3040K(3072K)->4064K(4096K)
[0.267s][info][gc,heap        ] GC(10) ParOldGen: 4703K(6144K)->5551K(6144K)
[0.267s][info][gc,metaspace   ] GC(10) Metaspace: 6295K(6464K)->6295K(6464K) NonClass: 5762K(5824K)->5762K(5824K) Class: 533K(640K)->533K(640K)
[0.267s][info][gc             ] GC(10) Pause Young (Allocation Failure) 11M->9M(14M) 3.132ms
[0.267s][info][gc,cpu         ] GC(10) User=0.00s Sys=0.00s Real=0.00s
[0.267s][info][gc,start       ] GC(11) Pause Full (Ergonomics)
[0.267s][info][gc,phases,start] GC(11) Marking Phase
[0.270s][info][gc,phases      ] GC(11) Marking Phase 3.538ms
[0.270s][info][gc,phases,start] GC(11) Summary Phase
[0.270s][info][gc,phases      ] GC(11) Summary Phase 0.016ms
[0.271s][info][gc,phases,start] GC(11) Adjust Roots
[0.271s][info][gc,phases      ] GC(11) Adjust Roots 0.235ms
[0.271s][info][gc,phases,start] GC(11) Compaction Phase
[0.275s][info][gc,phases      ] GC(11) Compaction Phase 4.176ms
[0.275s][info][gc,phases,start] GC(11) Post Compact
[0.275s][info][gc,phases      ] GC(11) Post Compact 0.056ms
[0.275s][info][gc,heap        ] GC(11) PSYoungGen: 4064K(8704K)->3449K(8704K) Eden: 0K(4608K)->0K(4608K) From: 4064K(4096K)->3449K(4096K)
[0.275s][info][gc,heap        ] GC(11) ParOldGen: 5551K(6144K)->5927K(10240K)
[0.275s][info][gc,metaspace   ] GC(11) Metaspace: 6295K(6464K)->6295K(6464K) NonClass: 5762K(5824K)->5762K(5824K) Class: 533K(640K)->533K(640K)
[0.275s][info][gc             ] GC(11) Pause Full (Ergonomics) 9M->9M(18M) 8.375ms
[0.275s][info][gc,cpu         ] GC(11) User=0.00s Sys=0.00s Real=0.01s
[0.282s][info][gc,start       ] GC(12) Pause Young (Allocation Failure)
[0.285s][info][gc,heap        ] GC(12) PSYoungGen: 7917K(8704K)->3904K(9728K) Eden: 4468K(4608K)->0K(4608K) From: 3449K(4096K)->3904K(5120K)
[0.285s][info][gc,heap        ] GC(12) ParOldGen: 5927K(10240K)->7919K(10240K)
[0.285s][info][gc,metaspace   ] GC(12) Metaspace: 6295K(6464K)->6295K(6464K) NonClass: 5762K(5824K)->5762K(5824K) Class: 533K(640K)->533K(640K)
[0.285s][info][gc             ] GC(12) Pause Young (Allocation Failure) 13M->11M(19M) 3.475ms
[0.285s][info][gc,cpu         ] GC(12) User=0.00s Sys=0.00s Real=0.00s
[0.292s][info][gc,start       ] GC(13) Pause Young (Allocation Failure)
[0.296s][info][gc,heap        ] GC(13) PSYoungGen: 8512K(9728K)->2720K(12288K) Eden: 4608K(4608K)->0K(6656K) From: 3904K(5120K)->2720K(5632K)
[0.296s][info][gc,heap        ] GC(13) ParOldGen: 7919K(10240K)->11807K(12288K)
[0.296s][info][gc,metaspace   ] GC(13) Metaspace: 6295K(6464K)->6295K(6464K) NonClass: 5762K(5824K)->5762K(5824K) Class: 533K(640K)->533K(640K)
[0.296s][info][gc             ] GC(13) Pause Young (Allocation Failure) 16M->14M(24M) 3.812ms
[0.296s][info][gc,cpu         ] GC(13) User=0.00s Sys=0.00s Real=0.00s
[0.296s][info][gc,start       ] GC(14) Pause Full (Ergonomics)
[0.296s][info][gc,phases,start] GC(14) Marking Phase
[0.300s][info][gc,phases      ] GC(14) Marking Phase 3.931ms
[0.300s][info][gc,phases,start] GC(14) Summary Phase
[0.300s][info][gc,phases      ] GC(14) Summary Phase 0.018ms
[0.300s][info][gc,phases,start] GC(14) Adjust Roots
[0.300s][info][gc,phases      ] GC(14) Adjust Roots 0.199ms
[0.300s][info][gc,phases,start] GC(14) Compaction Phase
[0.305s][info][gc,phases      ] GC(14) Compaction Phase 5.062ms
[0.305s][info][gc,phases,start] GC(14) Post Compact
[0.305s][info][gc,phases      ] GC(14) Post Compact 0.066ms
[0.306s][info][gc,heap        ] GC(14) PSYoungGen: 2720K(12288K)->1981K(12288K) Eden: 0K(6656K)->0K(6656K) From: 2720K(5632K)->1981K(5632K)
[0.306s][info][gc,heap        ] GC(14) ParOldGen: 11807K(12288K)->12055K(18944K)
[0.306s][info][gc,metaspace   ] GC(14) Metaspace: 6295K(6464K)->6295K(6464K) NonClass: 5762K(5824K)->5762K(5824K) Class: 533K(640K)->533K(640K)
[0.306s][info][gc             ] GC(14) Pause Full (Ergonomics) 14M->13M(30M) 9.613ms
[0.306s][info][gc,cpu         ] GC(14) User=0.02s Sys=0.00s Real=0.01s
[0.312s][info][gc,start       ] GC(15) Pause Young (Allocation Failure)
[0.315s][info][gc,heap        ] GC(15) PSYoungGen: 8637K(12288K)->3456K(12288K) Eden: 6656K(6656K)->0K(6656K) From: 1981K(5632K)->3456K(5632K)
[0.315s][info][gc,heap        ] GC(15) ParOldGen: 12055K(18944K)->14095K(18944K)
[0.315s][info][gc,metaspace   ] GC(15) Metaspace: 6297K(6464K)->6297K(6464K) NonClass: 5764K(5824K)->5764K(5824K) Class: 533K(640K)->533K(640K)
[0.315s][info][gc             ] GC(15) Pause Young (Allocation Failure) 20M->17M(30M) 3.519ms
[0.315s][info][gc,cpu         ] GC(15) User=0.00s Sys=0.00s Real=0.00s
[0.320s][info][gc,start       ] GC(16) Pause Young (Allocation Failure)
[0.324s][info][gc,heap        ] GC(16) PSYoungGen: 10112K(12288K)->3520K(14848K) Eden: 6656K(6656K)->0K(9216K) From: 3456K(5632K)->3520K(5632K)
[0.324s][info][gc,heap        ] GC(16) ParOldGen: 14095K(18944K)->17559K(18944K)
[0.324s][info][gc,metaspace   ] GC(16) Metaspace: 6297K(6464K)->6297K(6464K) NonClass: 5764K(5824K)->5764K(5824K) Class: 533K(640K)->533K(640K)
[0.324s][info][gc             ] GC(16) Pause Young (Allocation Failure) 23M->20M(33M) 4.149ms
[0.324s][info][gc,cpu         ] GC(16) User=0.00s Sys=0.00s Real=0.00s
[0.324s][info][gc,start       ] GC(17) Pause Full (Ergonomics)
[0.324s][info][gc,phases,start] GC(17) Marking Phase
[0.330s][info][gc,phases      ] GC(17) Marking Phase 5.209ms
[0.330s][info][gc,phases,start] GC(17) Summary Phase
[0.330s][info][gc,phases      ] GC(17) Summary Phase 0.014ms
[0.330s][info][gc,phases,start] GC(17) Adjust Roots
[0.330s][info][gc,phases      ] GC(17) Adjust Roots 0.216ms
[0.330s][info][gc,phases,start] GC(17) Compaction Phase
[0.334s][info][gc,phases      ] GC(17) Compaction Phase 4.121ms
[0.334s][info][gc,phases,start] GC(17) Post Compact
[0.334s][info][gc,phases      ] GC(17) Post Compact 0.110ms
[0.334s][info][gc,heap        ] GC(17) PSYoungGen: 3520K(14848K)->2412K(14848K) Eden: 0K(9216K)->0K(9216K) From: 3520K(5632K)->2412K(5632K)
[0.334s][info][gc,heap        ] GC(17) ParOldGen: 17559K(18944K)->18460K(27648K)
[0.334s][info][gc,metaspace   ] GC(17) Metaspace: 6297K(6464K)->6297K(6464K) NonClass: 5764K(5824K)->5764K(5824K) Class: 533K(640K)->533K(640K)
[0.334s][info][gc             ] GC(17) Pause Full (Ergonomics) 20M->20M(41M) 10.002ms
[0.334s][info][gc,cpu         ] GC(17) User=0.00s Sys=0.00s Real=0.01s
[0.344s][info][gc,start       ] GC(18) Pause Young (Allocation Failure)
[0.349s][info][gc,heap        ] GC(18) PSYoungGen: 11628K(14848K)->5312K(14848K) Eden: 9216K(9216K)->0K(9216K) From: 2412K(5632K)->5312K(5632K)
[0.349s][info][gc,heap        ] GC(18) ParOldGen: 18460K(27648K)->20932K(27648K)
[0.349s][info][gc,metaspace   ] GC(18) Metaspace: 6297K(6464K)->6297K(6464K) NonClass: 5764K(5824K)->5764K(5824K) Class: 533K(640K)->533K(640K)
[0.350s][info][gc             ] GC(18) Pause Young (Allocation Failure) 29M->25M(41M) 5.378ms
[0.350s][info][gc,cpu         ] GC(18) User=0.00s Sys=0.00s Real=0.01s
[0.355s][info][gc,start       ] GC(19) Pause Young (Allocation Failure)
[0.361s][info][gc,heap        ] GC(19) PSYoungGen: 14528K(14848K)->4864K(18944K) Eden: 9216K(9216K)->0K(12288K) From: 5312K(5632K)->4864K(6656K)
[0.361s][info][gc,heap        ] GC(19) ParOldGen: 20932K(27648K)->26284K(27648K)
[0.361s][info][gc,metaspace   ] GC(19) Metaspace: 6297K(6464K)->6297K(6464K) NonClass: 5764K(5824K)->5764K(5824K) Class: 533K(640K)->533K(640K)
[0.361s][info][gc             ] GC(19) Pause Young (Allocation Failure) 34M->30M(45M) 5.819ms
[0.361s][info][gc,cpu         ] GC(19) User=0.00s Sys=0.00s Real=0.01s
[0.361s][info][gc,start       ] GC(20) Pause Full (Ergonomics)
[0.361s][info][gc,phases,start] GC(20) Marking Phase
[0.368s][info][gc,phases      ] GC(20) Marking Phase 7.488ms
[0.368s][info][gc,phases,start] GC(20) Summary Phase
[0.369s][info][gc,phases      ] GC(20) Summary Phase 0.018ms
[0.369s][info][gc,phases,start] GC(20) Adjust Roots
[0.369s][info][gc,phases      ] GC(20) Adjust Roots 0.222ms
[0.369s][info][gc,phases,start] GC(20) Compaction Phase
[0.378s][info][gc,phases      ] GC(20) Compaction Phase 8.955ms
[0.378s][info][gc,phases,start] GC(20) Post Compact
[0.378s][info][gc,phases      ] GC(20) Post Compact 0.129ms
[0.378s][info][gc,heap        ] GC(20) PSYoungGen: 4864K(18944K)->3228K(18944K) Eden: 0K(12288K)->0K(12288K) From: 4864K(6656K)->3228K(6656K)
[0.378s][info][gc,heap        ] GC(20) ParOldGen: 26284K(27648K)->27151K(38400K)
[0.378s][info][gc,metaspace   ] GC(20) Metaspace: 6297K(6464K)->6297K(6464K) NonClass: 5764K(5824K)->5764K(5824K) Class: 533K(640K)->533K(640K)
[0.378s][info][gc             ] GC(20) Pause Full (Ergonomics) 30M->29M(56M) 17.212ms
[0.378s][info][gc,cpu         ] GC(20) User=0.00s Sys=0.00s Real=0.02s
[0.386s][info][gc,start       ] GC(21) Pause Young (Allocation Failure)
[0.393s][info][gc,heap        ] GC(21) PSYoungGen: 15516K(18944K)->6496K(18944K) Eden: 12288K(12288K)->0K(12288K) From: 3228K(6656K)->6496K(6656K)
[0.393s][info][gc,heap        ] GC(21) ParOldGen: 27151K(38400K)->30455K(38400K)
[0.393s][info][gc,metaspace   ] GC(21) Metaspace: 6297K(6464K)->6297K(6464K) NonClass: 5764K(5824K)->5764K(5824K) Class: 533K(640K)->533K(640K)
[0.393s][info][gc             ] GC(21) Pause Young (Allocation Failure) 41M->36M(56M) 7.274ms
[0.393s][info][gc,cpu         ] GC(21) User=0.00s Sys=0.00s Real=0.01s
[0.411s][info][gc,start       ] GC(22) Pause Young (Allocation Failure)
[0.424s][info][gc,heap        ] GC(22) PSYoungGen: 18784K(18944K)->7648K(18432K) Eden: 12288K(12288K)->0K(10752K) From: 6496K(6656K)->7648K(7680K)
[0.424s][info][gc,heap        ] GC(22) ParOldGen: 30455K(38400K)->41687K(41984K)
[0.424s][info][gc,metaspace   ] GC(22) Metaspace: 6297K(6464K)->6297K(6464K) NonClass: 5764K(5824K)->5764K(5824K) Class: 533K(640K)->533K(640K)
[0.424s][info][gc             ] GC(22) Pause Young (Allocation Failure) 48M->48M(59M) 13.006ms
[0.424s][info][gc,cpu         ] GC(22) User=0.02s Sys=0.00s Real=0.01s
[0.424s][info][gc,start       ] GC(23) Pause Full (Ergonomics)
[0.424s][info][gc,phases,start] GC(23) Marking Phase
[0.437s][info][gc,phases      ] GC(23) Marking Phase 13.022ms
[0.437s][info][gc,phases,start] GC(23) Summary Phase
[0.437s][info][gc,phases      ] GC(23) Summary Phase 0.014ms
[0.437s][info][gc,phases,start] GC(23) Adjust Roots
[0.437s][info][gc,phases      ] GC(23) Adjust Roots 0.173ms
[0.437s][info][gc,phases,start] GC(23) Compaction Phase
[0.452s][info][gc,phases      ] GC(23) Compaction Phase 14.461ms
[0.452s][info][gc,phases,start] GC(23) Post Compact
[0.452s][info][gc,phases      ] GC(23) Post Compact 0.159ms
[0.452s][info][gc,heap        ] GC(23) PSYoungGen: 7648K(18432K)->6615K(18432K) Eden: 0K(10752K)->0K(10752K) From: 7648K(7680K)->6615K(7680K)
[0.452s][info][gc,heap        ] GC(23) ParOldGen: 41687K(41984K)->41423K(57344K)
[0.452s][info][gc,metaspace   ] GC(23) Metaspace: 6297K(6464K)->6297K(6464K) NonClass: 5764K(5824K)->5764K(5824K) Class: 533K(640K)->533K(640K)
[0.452s][info][gc             ] GC(23) Pause Full (Ergonomics) 48M->46M(74M) 28.186ms
[0.452s][info][gc,cpu         ] GC(23) User=0.02s Sys=0.00s Real=0.03s
[0.463s][info][gc,start       ] GC(24) Pause Young (Allocation Failure)
[0.474s][info][gc,heap        ] GC(24) PSYoungGen: 17367K(18432K)->10848K(24064K) Eden: 10752K(10752K)->0K(10752K) From: 6615K(7680K)->10848K(13312K)
[0.474s][info][gc,heap        ] GC(24) ParOldGen: 41423K(57344K)->48143K(57344K)
[0.474s][info][gc,metaspace   ] GC(24) Metaspace: 6297K(6464K)->6297K(6464K) NonClass: 5764K(5824K)->5764K(5824K) Class: 533K(640K)->533K(640K)
[0.474s][info][gc             ] GC(24) Pause Young (Allocation Failure) 57M->57M(79M) 11.359ms
[0.474s][info][gc,cpu         ] GC(24) User=0.00s Sys=0.00s Real=0.01s
[0.474s][info][gc,start       ] GC(25) Pause Full (Ergonomics)
[0.474s][info][gc,phases,start] GC(25) Marking Phase
[0.491s][info][gc,phases      ] GC(25) Marking Phase 16.667ms
[0.491s][info][gc,phases,start] GC(25) Summary Phase
[0.491s][info][gc,phases      ] GC(25) Summary Phase 0.023ms
[0.491s][info][gc,phases,start] GC(25) Adjust Roots
[0.491s][info][gc,phases      ] GC(25) Adjust Roots 0.167ms
[0.491s][info][gc,phases,start] GC(25) Compaction Phase
[0.503s][info][gc,phases      ] GC(25) Compaction Phase 11.705ms
[0.503s][info][gc,phases,start] GC(25) Post Compact
[0.503s][info][gc,phases      ] GC(25) Post Compact 0.266ms
[0.504s][info][gc,heap        ] GC(25) PSYoungGen: 10848K(24064K)->1607K(24064K) Eden: 0K(10752K)->0K(10752K) From: 10848K(13312K)->1607K(13312K)
[0.504s][info][gc,heap        ] GC(25) ParOldGen: 48143K(57344K)->57150K(75264K)
[0.504s][info][gc,metaspace   ] GC(25) Metaspace: 6297K(6464K)->6297K(6464K) NonClass: 5764K(5824K)->5764K(5824K) Class: 533K(640K)->533K(640K)
[0.504s][info][gc             ] GC(25) Pause Full (Ergonomics) 57M->57M(97M) 29.193ms
[0.504s][info][gc,cpu         ] GC(25) User=0.08s Sys=0.00s Real=0.03s
[0.516s][info][gc,start       ] GC(26) Pause Young (Allocation Failure)
[0.526s][info][gc,heap        ] GC(26) PSYoungGen: 12359K(24064K)->10816K(26112K) Eden: 10752K(10752K)->0K(11776K) From: 1607K(13312K)->10816K(14336K)
[0.526s][info][gc,heap        ] GC(26) ParOldGen: 57150K(75264K)->58806K(75264K)
[0.526s][info][gc,metaspace   ] GC(26) Metaspace: 6297K(6464K)->6297K(6464K) NonClass: 5764K(5824K)->5764K(5824K) Class: 533K(640K)->533K(640K)
[0.526s][info][gc             ] GC(26) Pause Young (Allocation Failure) 67M->67M(99M) 10.319ms
[0.526s][info][gc,cpu         ] GC(26) User=0.02s Sys=0.00s Real=0.01s
[0.538s][info][gc,start       ] GC(27) Pause Young (Allocation Failure)
[0.549s][info][gc,heap        ] GC(27) PSYoungGen: 22592K(26112K)->15872K(27648K) Eden: 11776K(11776K)->0K(11776K) From: 10816K(14336K)->15872K(15872K)
[0.549s][info][gc,heap        ] GC(27) ParOldGen: 58806K(75264K)->65550K(75264K)
[0.549s][info][gc,metaspace   ] GC(27) Metaspace: 6297K(6464K)->6297K(6464K) NonClass: 5764K(5824K)->5764K(5824K) Class: 533K(640K)->533K(640K)
[0.549s][info][gc             ] GC(27) Pause Young (Allocation Failure) 79M->79M(100M) 11.769ms
[0.549s][info][gc,cpu         ] GC(27) User=0.00s Sys=0.00s Real=0.01s
[0.559s][info][gc,start       ] GC(28) Pause Young (Allocation Failure)
[0.573s][info][gc,heap        ] GC(28) PSYoungGen: 23625K(27648K)->7584K(33280K) Eden: 7753K(11776K)->0K(14848K) From: 15872K(15872K)->7584K(18432K)
[0.573s][info][gc,heap        ] GC(28) ParOldGen: 65550K(75264K)->81654K(81920K)
[0.573s][info][gc,metaspace   ] GC(28) Metaspace: 6297K(6464K)->6297K(6464K) NonClass: 5764K(5824K)->5764K(5824K) Class: 533K(640K)->533K(640K)
[0.573s][info][gc             ] GC(28) Pause Young (Allocation Failure) 87M->87M(112M) 13.892ms
[0.573s][info][gc,cpu         ] GC(28) User=0.02s Sys=0.00s Real=0.01s
[0.573s][info][gc,start       ] GC(29) Pause Full (Ergonomics)
[0.573s][info][gc,phases,start] GC(29) Marking Phase
[0.598s][info][gc,phases      ] GC(29) Marking Phase 24.540ms
[0.598s][info][gc,phases,start] GC(29) Summary Phase
[0.598s][info][gc,phases      ] GC(29) Summary Phase 0.017ms
[0.598s][info][gc,phases,start] GC(29) Adjust Roots
[0.598s][info][gc,phases      ] GC(29) Adjust Roots 0.209ms
[0.598s][info][gc,phases,start] GC(29) Compaction Phase
[0.614s][info][gc,phases      ] GC(29) Compaction Phase 15.903ms
[0.614s][info][gc,phases,start] GC(29) Post Compact
[0.614s][info][gc,phases      ] GC(29) Post Compact 0.383ms
[0.614s][info][gc,heap        ] GC(29) PSYoungGen: 7584K(33280K)->6992K(34304K) Eden: 0K(14848K)->0K(15872K) From: 7584K(18432K)->6992K(18432K)
[0.614s][info][gc,heap        ] GC(29) ParOldGen: 81654K(81920K)->81735K(105984K)
[0.614s][info][gc,metaspace   ] GC(29) Metaspace: 6297K(6464K)->6297K(6464K) NonClass: 5764K(5824K)->5764K(5824K) Class: 533K(640K)->533K(640K)
[0.614s][info][gc             ] GC(29) Pause Full (Ergonomics) 87M->86M(137M) 41.489ms
[0.614s][info][gc,cpu         ] GC(29) User=0.09s Sys=0.00s Real=0.04s
[0.639s][info][gc,start       ] GC(30) Pause Young (Allocation Failure)
[0.655s][info][gc,heap        ] GC(30) PSYoungGen: 22864K(34304K)->19424K(35328K) Eden: 15872K(15872K)->0K(15872K) From: 6992K(18432K)->19424K(19456K)
[0.656s][info][gc,heap        ] GC(30) ParOldGen: 81735K(105984K)->89439K(105984K)
[0.656s][info][gc,metaspace   ] GC(30) Metaspace: 6297K(6464K)->6297K(6464K) NonClass: 5764K(5824K)->5764K(5824K) Class: 533K(640K)->533K(640K)
[0.656s][info][gc             ] GC(30) Pause Young (Allocation Failure) 102M->106M(138M) 17.076ms
[0.656s][info][gc,cpu         ] GC(30) User=0.00s Sys=0.00s Real=0.02s
[0.672s][info][gc,start       ] GC(31) Pause Young (Allocation Failure)
[0.690s][info][gc,heap        ] GC(31) PSYoungGen: 35296K(35328K)->15936K(44032K) Eden: 15872K(15872K)->0K(18432K) From: 19424K(19456K)->15936K(25600K)
[0.690s][info][gc,heap        ] GC(31) ParOldGen: 89439K(105984K)->104903K(105984K)
[0.690s][info][gc,metaspace   ] GC(31) Metaspace: 6297K(6464K)->6297K(6464K) NonClass: 5764K(5824K)->5764K(5824K) Class: 533K(640K)->533K(640K)
[0.690s][info][gc             ] GC(31) Pause Young (Allocation Failure) 121M->118M(146M) 18.549ms
[0.690s][info][gc,cpu         ] GC(31) User=0.00s Sys=0.02s Real=0.02s
[0.690s][info][gc,start       ] GC(32) Pause Full (Ergonomics)
[0.690s][info][gc,phases,start] GC(32) Marking Phase
[0.722s][info][gc,phases      ] GC(32) Marking Phase 31.817ms
[0.722s][info][gc,phases,start] GC(32) Summary Phase
[0.722s][info][gc,phases      ] GC(32) Summary Phase 0.023ms
[0.722s][info][gc,phases,start] GC(32) Adjust Roots
[0.722s][info][gc,phases      ] GC(32) Adjust Roots 0.173ms
[0.722s][info][gc,phases,start] GC(32) Compaction Phase
[0.748s][info][gc,phases      ] GC(32) Compaction Phase 25.893ms
[0.748s][info][gc,phases,start] GC(32) Post Compact
[0.749s][info][gc,phases      ] GC(32) Post Compact 0.491ms
[0.749s][info][gc,heap        ] GC(32) PSYoungGen: 15936K(44032K)->12769K(44032K) Eden: 0K(18432K)->0K(18432K) From: 15936K(25600K)->12769K(25600K)
[0.749s][info][gc,heap        ] GC(32) ParOldGen: 104903K(105984K)->105592K(134656K)
[0.749s][info][gc,metaspace   ] GC(32) Metaspace: 6297K(6464K)->6297K(6464K) NonClass: 5764K(5824K)->5764K(5824K) Class: 533K(640K)->533K(640K)
[0.749s][info][gc             ] GC(32) Pause Full (Ergonomics) 118M->115M(174M) 58.799ms
[0.749s][info][gc,cpu         ] GC(32) User=0.16s Sys=0.00s Real=0.06s
[0.767s][info][gc,start       ] GC(33) Pause Young (Allocation Failure)
[0.790s][info][gc,heap        ] GC(33) PSYoungGen: 31201K(44032K)->18528K(45056K) Eden: 18432K(18432K)->0K(18432K) From: 12769K(25600K)->18528K(26624K)
[0.790s][info][gc,heap        ] GC(33) ParOldGen: 105592K(134656K)->118568K(134656K)
[0.790s][info][gc,metaspace   ] GC(33) Metaspace: 6297K(6464K)->6297K(6464K) NonClass: 5764K(5824K)->5764K(5824K) Class: 533K(640K)->533K(640K)
[0.790s][info][gc             ] GC(33) Pause Young (Allocation Failure) 133M->133M(175M) 22.301ms
[0.790s][info][gc,cpu         ] GC(33) User=0.08s Sys=0.00s Real=0.02s
[0.790s][info][gc,start       ] GC(34) Pause Full (Ergonomics)
[0.790s][info][gc,phases,start] GC(34) Marking Phase
[0.825s][info][gc,phases      ] GC(34) Marking Phase 35.298ms
[0.825s][info][gc,phases,start] GC(34) Summary Phase
[0.825s][info][gc,phases      ] GC(34) Summary Phase 0.015ms
[0.825s][info][gc,phases,start] GC(34) Adjust Roots
[0.825s][info][gc,phases      ] GC(34) Adjust Roots 0.199ms
[0.825s][info][gc,phases,start] GC(34) Compaction Phase
[0.841s][info][gc,phases      ] GC(34) Compaction Phase 15.083ms
[0.841s][info][gc,phases,start] GC(34) Post Compact
[0.841s][info][gc,phases      ] GC(34) Post Compact 0.597ms
[0.841s][info][gc,heap        ] GC(34) PSYoungGen: 18528K(45056K)->2561K(45056K) Eden: 0K(18432K)->0K(18432K) From: 18528K(26624K)->2561K(26624K)
[0.841s][info][gc,heap        ] GC(34) ParOldGen: 118568K(134656K)->134202K(166400K)
[0.841s][info][gc,metaspace   ] GC(34) Metaspace: 6297K(6464K)->6297K(6464K) NonClass: 5764K(5824K)->5764K(5824K) Class: 533K(640K)->533K(640K)
[0.841s][info][gc             ] GC(34) Pause Full (Ergonomics) 133M->133M(206M) 51.644ms
[0.841s][info][gc,cpu         ] GC(34) User=0.16s Sys=0.00s Real=0.05s
[0.861s][info][gc,start       ] GC(35) Pause Young (Allocation Failure)
[0.879s][info][gc,heap        ] GC(35) PSYoungGen: 20993K(45056K)->21088K(46592K) Eden: 18432K(18432K)->0K(18944K) From: 2561K(26624K)->21088K(27648K)
[0.879s][info][gc,heap        ] GC(35) ParOldGen: 134202K(166400K)->134202K(166400K)
[0.879s][info][gc,metaspace   ] GC(35) Metaspace: 6297K(6464K)->6297K(6464K) NonClass: 5764K(5824K)->5764K(5824K) Class: 533K(640K)->533K(640K)
[0.879s][info][gc             ] GC(35) Pause Young (Allocation Failure) 151M->151M(208M) 18.523ms
[0.879s][info][gc,cpu         ] GC(35) User=0.06s Sys=0.02s Real=0.02s
[0.899s][info][gc,start       ] GC(36) Pause Young (Allocation Failure)
[0.919s][info][gc,heap        ] GC(36) PSYoungGen: 40032K(46592K)->29696K(48640K) Eden: 18944K(18944K)->0K(18944K) From: 21088K(27648K)->29696K(29696K)
[0.920s][info][gc,heap        ] GC(36) ParOldGen: 134202K(166400K)->144610K(166400K)
[0.920s][info][gc,metaspace   ] GC(36) Metaspace: 6297K(6464K)->6297K(6464K) NonClass: 5764K(5824K)->5764K(5824K) Class: 533K(640K)->533K(640K)
[0.920s][info][gc             ] GC(36) Pause Young (Allocation Failure) 170M->170M(210M) 20.518ms
[0.920s][info][gc,cpu         ] GC(36) User=0.06s Sys=0.00s Real=0.02s
[0.949s][info][gc,start       ] GC(37) Pause Young (Allocation Failure)
[0.979s][info][gc,heap        ] GC(37) PSYoungGen: 48640K(48640K)->34176K(55296K) Eden: 18944K(18944K)->0K(16896K) From: 29696K(29696K)->34176K(38400K)
[0.979s][info][gc,heap        ] GC(37) ParOldGen: 144610K(166400K)->159386K(166400K)
[0.979s][info][gc,metaspace   ] GC(37) Metaspace: 6297K(6464K)->6297K(6464K) NonClass: 5764K(5824K)->5764K(5824K) Class: 533K(640K)->533K(640K)
[0.979s][info][gc             ] GC(37) Pause Young (Allocation Failure) 188M->189M(216M) 30.438ms
[0.980s][info][gc,cpu         ] GC(37) User=0.02s Sys=0.02s Real=0.03s
[0.980s][info][gc,start       ] GC(38) Pause Full (Ergonomics)
[0.980s][info][gc,phases,start] GC(38) Marking Phase
[1.025s][info][gc,phases      ] GC(38) Marking Phase 45.652ms
[1.025s][info][gc,phases,start] GC(38) Summary Phase
[1.025s][info][gc,phases      ] GC(38) Summary Phase 0.020ms
[1.025s][info][gc,phases,start] GC(38) Adjust Roots
[1.026s][info][gc,phases      ] GC(38) Adjust Roots 0.268ms
[1.026s][info][gc,phases,start] GC(38) Compaction Phase
[1.065s][info][gc,phases      ] GC(38) Compaction Phase 39.714ms
[1.065s][info][gc,phases,start] GC(38) Post Compact
[1.066s][info][gc,phases      ] GC(38) Post Compact 0.809ms
[1.066s][info][gc,heap        ] GC(38) PSYoungGen: 34176K(55296K)->22784K(55296K) Eden: 0K(16896K)->0K(16896K) From: 34176K(38400K)->22784K(38400K)
[1.067s][info][gc,heap        ] GC(38) ParOldGen: 159386K(166400K)->166122K(202240K)
[1.067s][info][gc,metaspace   ] GC(38) Metaspace: 6297K(6464K)->6297K(6464K) NonClass: 5764K(5824K)->5764K(5824K) Class: 533K(640K)->533K(640K)
[1.067s][info][gc             ] GC(38) Pause Full (Ergonomics) 189M->184M(251M) 86.996ms
[1.067s][info][gc,cpu         ] GC(38) User=0.23s Sys=0.00s Real=0.09s
[1.085s][info][gc,start       ] GC(39) Pause Young (Allocation Failure)
[1.112s][info][gc,heap        ] GC(39) PSYoungGen: 39680K(55296K)->26912K(60416K) Eden: 16896K(16896K)->0K(16896K) From: 22784K(38400K)->26912K(43520K)
[1.112s][info][gc,heap        ] GC(39) ParOldGen: 166122K(202240K)->179202K(202240K)
[1.112s][info][gc,metaspace   ] GC(39) Metaspace: 6297K(6464K)->6297K(6464K) NonClass: 5764K(5824K)->5764K(5824K) Class: 533K(640K)->533K(640K)
[1.112s][info][gc             ] GC(39) Pause Young (Allocation Failure) 200M->201M(256M) 26.242ms
[1.112s][info][gc,cpu         ] GC(39) User=0.08s Sys=0.00s Real=0.03s
[1.131s][info][gc,start       ] GC(40) Pause Young (Allocation Failure)
[1.153s][info][gc,heap        ] GC(40) PSYoungGen: 43808K(60416K)->43776K(57344K) Eden: 16896K(16896K)->0K(12800K) From: 26912K(43520K)->43776K(44544K)
[1.153s][info][gc,heap        ] GC(40) ParOldGen: 179202K(202240K)->179202K(202240K)
[1.153s][info][gc,metaspace   ] GC(40) Metaspace: 6297K(6464K)->6297K(6464K) NonClass: 5764K(5824K)->5764K(5824K) Class: 533K(640K)->533K(640K)
[1.153s][info][gc             ] GC(40) Pause Young (Allocation Failure) 217M->217M(253M) 22.548ms
[1.153s][info][gc,cpu         ] GC(40) User=0.08s Sys=0.00s Real=0.02s
[1.168s][info][gc,start       ] GC(41) Pause Young (Allocation Failure)
[1.194s][info][gc,heap        ] GC(41) PSYoungGen: 56576K(57344K)->46688K(64000K) Eden: 12800K(12800K)->0K(12800K) From: 43776K(44544K)->46688K(51200K)
[1.195s][info][gc,heap        ] GC(41) ParOldGen: 179202K(202240K)->189306K(202240K)
[1.195s][info][gc,metaspace   ] GC(41) Metaspace: 6297K(6464K)->6297K(6464K) NonClass: 5764K(5824K)->5764K(5824K) Class: 533K(640K)->533K(640K)
[1.195s][info][gc             ] GC(41) Pause Young (Allocation Failure) 230M->230M(260M) 26.431ms
[1.195s][info][gc,cpu         ] GC(41) User=0.09s Sys=0.00s Real=0.03s
[1.195s][info][gc,start       ] GC(42) Pause Full (Ergonomics)
[1.195s][info][gc,phases,start] GC(42) Marking Phase
[1.249s][info][gc,phases      ] GC(42) Marking Phase 53.944ms
[1.249s][info][gc,phases,start] GC(42) Summary Phase
[1.249s][info][gc,phases      ] GC(42) Summary Phase 0.018ms
[1.249s][info][gc,phases,start] GC(42) Adjust Roots
[1.249s][info][gc,phases      ] GC(42) Adjust Roots 0.179ms
[1.249s][info][gc,phases,start] GC(42) Compaction Phase
[1.282s][info][gc,phases      ] GC(42) Compaction Phase 32.713ms
[1.282s][info][gc,phases,start] GC(42) Post Compact
[1.283s][info][gc,phases      ] GC(42) Post Compact 0.996ms
[1.283s][info][gc,heap        ] GC(42) PSYoungGen: 46688K(64000K)->33208K(64000K) Eden: 0K(12800K)->0K(12800K) From: 46688K(51200K)->33208K(51200K)
[1.283s][info][gc,heap        ] GC(42) ParOldGen: 189306K(202240K)->202193K(240128K)
[1.283s][info][gc,metaspace   ] GC(42) Metaspace: 6297K(6464K)->6297K(6464K) NonClass: 5764K(5824K)->5764K(5824K) Class: 533K(640K)->533K(640K)
[1.283s][info][gc             ] GC(42) Pause Full (Ergonomics) 230M->229M(297M) 88.371ms
[1.283s][info][gc,cpu         ] GC(42) User=0.31s Sys=0.02s Real=0.09s
[1.300s][info][gc,start       ] GC(43) Pause Young (Allocation Failure)
[1.331s][info][gc,heap        ] GC(43) PSYoungGen: 46008K(64000K)->33632K(72704K) Eden: 12800K(12800K)->0K(14848K) From: 33208K(51200K)->33632K(57856K)
[1.331s][info][gc,heap        ] GC(43) ParOldGen: 202193K(240128K)->214881K(240128K)
[1.331s][info][gc,metaspace   ] GC(43) Metaspace: 6297K(6464K)->6297K(6464K) NonClass: 5764K(5824K)->5764K(5824K) Class: 533K(640K)->533K(640K)
[1.331s][info][gc             ] GC(43) Pause Young (Allocation Failure) 242M->242M(305M) 30.655ms
[1.331s][info][gc,cpu         ] GC(43) User=0.09s Sys=0.00s Real=0.03s
[1.350s][info][gc,start       ] GC(44) Pause Young (Allocation Failure)
[1.375s][info][gc,heap        ] GC(44) PSYoungGen: 48480K(72704K)->36800K(73216K) Eden: 14848K(14848K)->0K(14848K) From: 33632K(57856K)->36800K(58368K)
[1.375s][info][gc,heap        ] GC(44) ParOldGen: 214881K(240128K)->226737K(240128K)
[1.375s][info][gc,metaspace   ] GC(44) Metaspace: 6297K(6464K)->6297K(6464K) NonClass: 5764K(5824K)->5764K(5824K) Class: 533K(640K)->533K(640K)
[1.375s][info][gc             ] GC(44) Pause Young (Allocation Failure) 257M->257M(306M) 24.797ms
[1.375s][info][gc,cpu         ] GC(44) User=0.08s Sys=0.00s Real=0.03s
[1.375s][info][gc,start       ] GC(45) Pause Full (Ergonomics)
[1.375s][info][gc,phases,start] GC(45) Marking Phase
[1.444s][info][gc,phases      ] GC(45) Marking Phase 69.621ms
[1.444s][info][gc,phases,start] GC(45) Summary Phase
[1.444s][info][gc,phases      ] GC(45) Summary Phase 0.019ms
[1.444s][info][gc,phases,start] GC(45) Adjust Roots
[1.445s][info][gc,phases      ] GC(45) Adjust Roots 0.175ms
[1.445s][info][gc,phases,start] GC(45) Compaction Phase
[1.481s][info][gc,phases      ] GC(45) Compaction Phase 36.124ms
[1.481s][info][gc,phases,start] GC(45) Post Compact
[1.482s][info][gc,phases      ] GC(45) Post Compact 1.215ms
[1.482s][info][gc,heap        ] GC(45) PSYoungGen: 36800K(73216K)->23363K(73216K) Eden: 0K(14848K)->0K(14848K) From: 36800K(58368K)->23363K(58368K)
[1.482s][info][gc,heap        ] GC(45) ParOldGen: 226737K(240128K)->239628K(281088K)
[1.482s][info][gc,metaspace   ] GC(45) Metaspace: 6297K(6464K)->6297K(6464K) NonClass: 5764K(5824K)->5764K(5824K) Class: 533K(640K)->533K(640K)
[1.482s][info][gc             ] GC(45) Pause Full (Ergonomics) 257M->256M(346M) 107.724ms
[1.483s][info][gc,cpu         ] GC(45) User=0.45s Sys=0.00s Real=0.11s
[1.499s][info][gc,start       ] GC(46) Pause Young (Allocation Failure)
[1.527s][info][gc,heap        ] GC(46) PSYoungGen: 38211K(73216K)->31328K(73728K) Eden: 14848K(14848K)->0K(16896K) From: 23363K(58368K)->31328K(56832K)
[1.527s][info][gc,heap        ] GC(46) ParOldGen: 239628K(281088K)->246732K(281088K)
[1.527s][info][gc,metaspace   ] GC(46) Metaspace: 6297K(6464K)->6297K(6464K) NonClass: 5764K(5824K)->5764K(5824K) Class: 533K(640K)->533K(640K)
[1.527s][info][gc             ] GC(46) Pause Young (Allocation Failure) 271M->271M(346M) 28.830ms
[1.527s][info][gc,cpu         ] GC(46) User=0.06s Sys=0.02s Real=0.03s
[1.549s][info][gc,start       ] GC(47) Pause Young (Allocation Failure)
[1.575s][info][gc,heap        ] GC(47) PSYoungGen: 48224K(73728K)->48288K(75264K) Eden: 16896K(16896K)->0K(16896K) From: 31328K(56832K)->48288K(58368K)
[1.575s][info][gc,heap        ] GC(47) ParOldGen: 246732K(281088K)->246732K(281088K)
[1.575s][info][gc,metaspace   ] GC(47) Metaspace: 6297K(6464K)->6297K(6464K) NonClass: 5764K(5824K)->5764K(5824K) Class: 533K(640K)->533K(640K)
[1.575s][info][gc             ] GC(47) Pause Young (Allocation Failure) 288M->288M(348M) 25.983ms
[1.575s][info][gc,cpu         ] GC(47) User=0.08s Sys=0.00s Real=0.03s
[1.597s][info][gc,start       ] GC(48) Pause Young (Allocation Failure)
[1.629s][info][gc,heap        ] GC(48) PSYoungGen: 65184K(75264K)->57856K(75264K) Eden: 16896K(16896K)->0K(11776K) From: 48288K(58368K)->57856K(63488K)
[1.630s][info][gc,heap        ] GC(48) ParOldGen: 246732K(281088K)->254156K(281088K)
[1.630s][info][gc,metaspace   ] GC(48) Metaspace: 6297K(6464K)->6297K(6464K) NonClass: 5764K(5824K)->5764K(5824K) Class: 533K(640K)->533K(640K)
[1.630s][info][gc             ] GC(48) Pause Young (Allocation Failure) 304M->304M(348M) 32.633ms
[1.630s][info][gc,cpu         ] GC(48) User=0.09s Sys=0.02s Real=0.03s
[1.645s][info][gc,start       ] GC(49) Pause Young (Allocation Failure)
[1.681s][info][gc,heap        ] GC(49) PSYoungGen: 69632K(75264K)->60512K(82944K) Eden: 11776K(11776K)->0K(11776K) From: 57856K(63488K)->60512K(71168K)
[1.681s][info][gc,heap        ] GC(49) ParOldGen: 254156K(281088K)->263420K(281088K)
[1.681s][info][gc,metaspace   ] GC(49) Metaspace: 6297K(6464K)->6297K(6464K) NonClass: 5764K(5824K)->5764K(5824K) Class: 533K(640K)->533K(640K)
[1.681s][info][gc             ] GC(49) Pause Young (Allocation Failure) 316M->316M(355M) 35.691ms
[1.681s][info][gc,cpu         ] GC(49) User=0.09s Sys=0.00s Real=0.03s
[1.695s][info][gc,start       ] GC(50) Pause Young (Allocation Failure)
[1.732s][info][gc,heap        ] GC(50) PSYoungGen: 72288K(82944K)->40544K(87552K) Eden: 11776K(11776K)->0K(13824K) From: 60512K(71168K)->40544K(73728K)
[1.733s][info][gc,heap        ] GC(50) ParOldGen: 263420K(281088K)->295596K(295936K)
[1.733s][info][gc,metaspace   ] GC(50) Metaspace: 6297K(6464K)->6297K(6464K) NonClass: 5764K(5824K)->5764K(5824K) Class: 533K(640K)->533K(640K)
[1.733s][info][gc             ] GC(50) Pause Young (Allocation Failure) 327M->328M(374M) 37.493ms
[1.733s][info][gc,cpu         ] GC(50) User=0.06s Sys=0.02s Real=0.04s
[1.733s][info][gc,start       ] GC(51) Pause Full (Ergonomics)
[1.733s][info][gc,phases,start] GC(51) Marking Phase
[1.810s][info][gc,phases      ] GC(51) Marking Phase 77.283ms
[1.810s][info][gc,phases,start] GC(51) Summary Phase
[1.810s][info][gc,phases      ] GC(51) Summary Phase 0.019ms
[1.810s][info][gc,phases,start] GC(51) Adjust Roots
[1.810s][info][gc,phases      ] GC(51) Adjust Roots 0.180ms
[1.810s][info][gc,phases,start] GC(51) Compaction Phase
[1.859s][info][gc,phases      ] GC(51) Compaction Phase 49.090ms
[1.859s][info][gc,phases,start] GC(51) Post Compact
[1.861s][info][gc,phases      ] GC(51) Post Compact 1.812ms
[1.861s][info][gc,heap        ] GC(51) PSYoungGen: 40544K(87552K)->39331K(89600K) Eden: 0K(13824K)->0K(15872K) From: 40544K(73728K)->39331K(73728K)
[1.861s][info][gc,heap        ] GC(51) ParOldGen: 295596K(295936K)->295699K(344064K)
[1.862s][info][gc,metaspace   ] GC(51) Metaspace: 6297K(6464K)->6297K(6464K) NonClass: 5764K(5824K)->5764K(5824K) Class: 533K(640K)->533K(640K)
[1.862s][info][gc             ] GC(51) Pause Full (Ergonomics) 328M->327M(423M) 128.906ms
[1.862s][info][gc,cpu         ] GC(51) User=0.48s Sys=0.00s Real=0.13s
[1.880s][info][gc,start       ] GC(52) Pause Young (Allocation Failure)
[1.920s][info][gc,heap        ] GC(52) PSYoungGen: 55203K(89600K)->27328K(91648K) Eden: 15872K(15872K)->0K(15872K) From: 39331K(73728K)->27328K(75776K)
[1.920s][info][gc,heap        ] GC(52) ParOldGen: 295699K(344064K)->324131K(344064K)
[1.920s][info][gc,metaspace   ] GC(52) Metaspace: 6297K(6464K)->6297K(6464K) NonClass: 5764K(5824K)->5764K(5824K) Class: 533K(640K)->533K(640K)
[1.920s][info][gc             ] GC(52) Pause Young (Allocation Failure) 342M->343M(425M) 40.001ms
[1.920s][info][gc,cpu         ] GC(52) User=0.19s Sys=0.05s Real=0.04s
[1.920s][info][gc,start       ] GC(53) Pause Full (Ergonomics)
[1.920s][info][gc,phases,start] GC(53) Marking Phase
[2.002s][info][gc,phases      ] GC(53) Marking Phase 82.388ms
[2.002s][info][gc,phases,start] GC(53) Summary Phase
[2.003s][info][gc,phases      ] GC(53) Summary Phase 0.019ms
[2.003s][info][gc,phases,start] GC(53) Adjust Roots
[2.003s][info][gc,phases      ] GC(53) Adjust Roots 0.192ms
[2.003s][info][gc,phases,start] GC(53) Compaction Phase
[2.043s][info][gc,phases      ] GC(53) Compaction Phase 39.862ms
[2.043s][info][gc,phases,start] GC(53) Post Compact
[2.045s][info][gc,phases      ] GC(53) Post Compact 1.816ms
[2.045s][info][gc,heap        ] GC(53) PSYoungGen: 27328K(91648K)->7264K(23552K) Eden: 0K(15872K)->0K(15872K) From: 27328K(75776K)->7264K(7680K)
[2.045s][info][gc,heap        ] GC(53) ParOldGen: 324131K(344064K)->343609K(399872K)
[2.045s][info][gc,metaspace   ] GC(53) Metaspace: 6297K(6464K)->6297K(6464K) NonClass: 5764K(5824K)->5764K(5824K) Class: 533K(640K)->533K(640K)
[2.045s][info][gc             ] GC(53) Pause Full (Ergonomics) 343M->342M(413M) 124.919ms
[2.045s][info][gc,cpu         ] GC(53) User=0.53s Sys=0.02s Real=0.12s
[2.132s][info][gc,start       ] GC(54) Pause Young (Allocation Failure)
[2.159s][info][gc,heap        ] GC(54) PSYoungGen: 23136K(23552K)->15936K(89088K) Eden: 15872K(15872K)->0K(17920K) From: 7264K(7680K)->15936K(71168K)
[2.159s][info][gc,heap        ] GC(54) ParOldGen: 359993K(399872K)->367393K(399872K)
[2.159s][info][gc,metaspace   ] GC(54) Metaspace: 6297K(6464K)->6297K(6464K) NonClass: 5764K(5824K)->5764K(5824K) Class: 533K(640K)->533K(640K)
[2.159s][info][gc             ] GC(54) Pause Young (Allocation Failure) 374M->374M(477M) 27.192ms
[2.159s][info][gc,cpu         ] GC(54) User=0.08s Sys=0.00s Real=0.03s
[2.177s][info][gc,start       ] GC(55) Pause Young (Allocation Failure)
[2.196s][info][gc,heap        ] GC(55) PSYoungGen: 33856K(89088K)->33888K(52224K) Eden: 17920K(17920K)->0K(17920K) From: 15936K(71168K)->33888K(34304K)
[2.196s][info][gc,heap        ] GC(55) ParOldGen: 367393K(399872K)->367393K(399872K)
[2.196s][info][gc,metaspace   ] GC(55) Metaspace: 6297K(6464K)->6297K(6464K) NonClass: 5764K(5824K)->5764K(5824K) Class: 533K(640K)->533K(640K)
[2.196s][info][gc             ] GC(55) Pause Young (Allocation Failure) 391M->391M(441M) 19.519ms
[2.196s][info][gc,cpu         ] GC(55) User=0.05s Sys=0.00s Real=0.02s
[2.215s][info][gc,start       ] GC(56) Pause Young (Allocation Failure)
[2.244s][info][gc,heap        ] GC(56) PSYoungGen: 51808K(52224K)->51840K(86016K) Eden: 17920K(17920K)->0K(16896K) From: 33888K(34304K)->51840K(69120K)
[2.244s][info][gc,heap        ] GC(56) ParOldGen: 367393K(399872K)->367393K(399872K)
[2.244s][info][gc,metaspace   ] GC(56) Metaspace: 6297K(6464K)->6297K(6464K) NonClass: 5764K(5824K)->5764K(5824K) Class: 533K(640K)->533K(640K)
[2.244s][info][gc             ] GC(56) Pause Young (Allocation Failure) 409M->409M(474M) 28.815ms
[2.244s][info][gc,cpu         ] GC(56) User=0.06s Sys=0.00s Real=0.03s
[2.261s][info][gc,start       ] GC(57) Pause Young (Allocation Failure)
[2.297s][info][gc,heap        ] GC(57) PSYoungGen: 68736K(86016K)->52832K(89600K) Eden: 16896K(16896K)->0K(16896K) From: 51840K(69120K)->52832K(72704K)
[2.297s][info][gc,heap        ] GC(57) ParOldGen: 367393K(399872K)->383489K(399872K)
[2.297s][info][gc,metaspace   ] GC(57) Metaspace: 6297K(6464K)->6297K(6464K) NonClass: 5764K(5824K)->5764K(5824K) Class: 533K(640K)->533K(640K)
[2.297s][info][gc             ] GC(57) Pause Young (Allocation Failure) 425M->426M(478M) 35.933ms
[2.297s][info][gc,cpu         ] GC(57) User=0.11s Sys=0.02s Real=0.04s
[2.297s][info][gc,start       ] GC(58) Pause Full (Ergonomics)
[2.297s][info][gc,phases,start] GC(58) Marking Phase
[2.402s][info][gc,phases      ] GC(58) Marking Phase 104.756ms
[2.402s][info][gc,phases,start] GC(58) Summary Phase
[2.402s][info][gc,phases      ] GC(58) Summary Phase 0.019ms
[2.402s][info][gc,phases,start] GC(58) Adjust Roots
[2.402s][info][gc,phases      ] GC(58) Adjust Roots 0.180ms
[2.403s][info][gc,phases,start] GC(58) Compaction Phase
[2.482s][info][gc,phases      ] GC(58) Compaction Phase 79.721ms
[2.482s][info][gc,phases,start] GC(58) Post Compact
[2.485s][info][gc,phases      ] GC(58) Post Compact 2.292ms
[2.485s][info][gc,heap        ] GC(58) PSYoungGen: 52832K(89600K)->28115K(89600K) Eden: 0K(16896K)->0K(16896K) From: 52832K(72704K)->28115K(72704K)
[2.485s][info][gc,heap        ] GC(58) ParOldGen: 383489K(399872K)->399434K(455680K)
[2.485s][info][gc,metaspace   ] GC(58) Metaspace: 6297K(6464K)->6297K(6464K) NonClass: 5764K(5824K)->5764K(5824K) Class: 533K(640K)->533K(640K)
[2.485s][info][gc             ] GC(58) Pause Full (Ergonomics) 426M->417M(532M) 187.530ms
[2.485s][info][gc,cpu         ] GC(58) User=0.70s Sys=0.02s Real=0.19s
[2.504s][info][gc,start       ] GC(59) Pause Young (Allocation Failure)
[2.544s][info][gc,heap        ] GC(59) PSYoungGen: 45011K(89600K)->34880K(86016K) Eden: 16896K(16896K)->0K(18944K) From: 28115K(72704K)->34880K(67072K)
[2.544s][info][gc,heap        ] GC(59) ParOldGen: 399434K(455680K)->409818K(455680K)
[2.544s][info][gc,metaspace   ] GC(59) Metaspace: 6297K(6464K)->6297K(6464K) NonClass: 5764K(5824K)->5764K(5824K) Class: 533K(640K)->533K(640K)
[2.544s][info][gc             ] GC(59) Pause Young (Allocation Failure) 434M->434M(529M) 39.314ms
[2.544s][info][gc,cpu         ] GC(59) User=0.23s Sys=0.00s Real=0.04s
[2.565s][info][gc,start       ] GC(60) Pause Young (Allocation Failure)
[2.593s][info][gc,heap        ] GC(60) PSYoungGen: 53824K(86016K)->53888K(90624K) Eden: 18944K(18944K)->0K(18944K) From: 34880K(67072K)->53888K(71680K)
[2.593s][info][gc,heap        ] GC(60) ParOldGen: 409818K(455680K)->409818K(455680K)
[2.593s][info][gc,metaspace   ] GC(60) Metaspace: 6297K(6464K)->6297K(6464K) NonClass: 5764K(5824K)->5764K(5824K) Class: 533K(640K)->533K(640K)
[2.593s][info][gc             ] GC(60) Pause Young (Allocation Failure) 452M->452M(533M) 28.249ms
[2.593s][info][gc,cpu         ] GC(60) User=0.08s Sys=0.00s Real=0.03s
[2.614s][info][gc,start       ] GC(61) Pause Young (Allocation Failure)
[2.653s][info][gc,heap        ] GC(61) PSYoungGen: 72832K(90624K)->64704K(89600K) Eden: 18944K(18944K)->0K(14848K) From: 53888K(71680K)->64704K(74752K)
[2.653s][info][gc,heap        ] GC(61) ParOldGen: 409818K(455680K)->418050K(455680K)
[2.653s][info][gc,metaspace   ] GC(61) Metaspace: 6297K(6464K)->6297K(6464K) NonClass: 5764K(5824K)->5764K(5824K) Class: 533K(640K)->533K(640K)
[2.653s][info][gc             ] GC(61) Pause Young (Allocation Failure) 471M->471M(532M) 39.133ms
[2.653s][info][gc,cpu         ] GC(61) User=0.17s Sys=0.02s Real=0.04s
[2.671s][info][gc,start       ] GC(62) Pause Young (Allocation Failure)
[2.712s][info][gc,heap        ] GC(62) PSYoungGen: 79552K(89600K)->69728K(96256K) Eden: 14848K(14848K)->0K(14848K) From: 64704K(74752K)->69728K(81408K)
[2.712s][info][gc,heap        ] GC(62) ParOldGen: 418050K(455680K)->427994K(455680K)
[2.712s][info][gc,metaspace   ] GC(62) Metaspace: 6297K(6464K)->6297K(6464K) NonClass: 5764K(5824K)->5764K(5824K) Class: 533K(640K)->533K(640K)
[2.712s][info][gc             ] GC(62) Pause Young (Allocation Failure) 485M->486M(539M) 41.551ms
[2.712s][info][gc,cpu         ] GC(62) User=0.17s Sys=0.00s Real=0.04s
[2.729s][info][gc,start       ] GC(63) Pause Young (Allocation Failure)
[2.773s][info][gc,heap        ] GC(63) PSYoungGen: 84576K(96256K)->48768K(100864K) Eden: 14848K(14848K)->0K(17408K) From: 69728K(81408K)->48768K(83456K)
[2.773s][info][gc,heap        ] GC(63) ParOldGen: 427994K(455680K)->464298K(464384K)
[2.773s][info][gc,metaspace   ] GC(63) Metaspace: 6297K(6464K)->6297K(6464K) NonClass: 5764K(5824K)->5764K(5824K) Class: 533K(640K)->533K(640K)
[2.773s][info][gc             ] GC(63) Pause Young (Allocation Failure) 500M->501M(552M) 44.546ms
[2.773s][info][gc,cpu         ] GC(63) User=0.16s Sys=0.00s Real=0.04s
[2.773s][info][gc,start       ] GC(64) Pause Full (Ergonomics)
[2.773s][info][gc,phases,start] GC(64) Marking Phase
[2.890s][info][gc,phases      ] GC(64) Marking Phase 116.840ms
[2.890s][info][gc,phases,start] GC(64) Summary Phase
[2.890s][info][gc,phases      ] GC(64) Summary Phase 0.019ms
[2.890s][info][gc,phases,start] GC(64) Adjust Roots
[2.891s][info][gc,phases      ] GC(64) Adjust Roots 0.182ms
[2.891s][info][gc,phases,start] GC(64) Compaction Phase
[2.953s][info][gc,phases      ] GC(64) Compaction Phase 62.506ms
[2.953s][info][gc,phases,start] GC(64) Post Compact
[2.956s][info][gc,phases      ] GC(64) Post Compact 2.532ms
[2.956s][info][gc,heap        ] GC(64) PSYoungGen: 48768K(100864K)->47523K(102912K) Eden: 0K(17408K)->0K(19456K) From: 48768K(83456K)->47523K(83456K)
[2.956s][info][gc,heap        ] GC(64) ParOldGen: 464298K(464384K)->464350K(526336K)
[2.956s][info][gc,metaspace   ] GC(64) Metaspace: 6297K(6464K)->6297K(6464K) NonClass: 5764K(5824K)->5764K(5824K) Class: 533K(640K)->533K(640K)
[2.956s][info][gc             ] GC(64) Pause Full (Ergonomics) 501M->499M(614M) 182.722ms
[2.956s][info][gc,cpu         ] GC(64) User=0.72s Sys=0.00s Real=0.18s
[2.978s][info][gc,start       ] GC(65) Pause Young (Allocation Failure)
[3.030s][info][gc,heap        ] GC(65) PSYoungGen: 66979K(102912K)->34112K(104960K) Eden: 19456K(19456K)->0K(19456K) From: 47523K(83456K)->34112K(85504K)
[3.030s][info][gc,heap        ] GC(65) ParOldGen: 464350K(526336K)->497822K(526336K)
[3.030s][info][gc,metaspace   ] GC(65) Metaspace: 6297K(6464K)->6297K(6464K) NonClass: 5764K(5824K)->5764K(5824K) Class: 533K(640K)->533K(640K)
[3.030s][info][gc             ] GC(65) Pause Young (Allocation Failure) 518M->519M(616M) 52.375ms
[3.030s][info][gc,cpu         ] GC(65) User=0.17s Sys=0.06s Real=0.05s
[3.030s][info][gc,start       ] GC(66) Pause Full (Ergonomics)
[3.030s][info][gc,phases,start] GC(66) Marking Phase
[3.146s][info][gc,phases      ] GC(66) Marking Phase 115.473ms
[3.146s][info][gc,phases,start] GC(66) Summary Phase
[3.146s][info][gc,phases      ] GC(66) Summary Phase 0.026ms
[3.146s][info][gc,phases,start] GC(66) Adjust Roots
[3.146s][info][gc,phases      ] GC(66) Adjust Roots 0.173ms
[3.146s][info][gc,phases,start] GC(66) Compaction Phase
[3.197s][info][gc,phases      ] GC(66) Compaction Phase 50.886ms
[3.197s][info][gc,phases,start] GC(66) Post Compact
[3.200s][info][gc,phases      ] GC(66) Post Compact 2.795ms
[3.200s][info][gc,heap        ] GC(66) PSYoungGen: 34112K(104960K)->5374K(25088K) Eden: 0K(19456K)->0K(19456K) From: 34112K(85504K)->5374K(5632K)
[3.200s][info][gc,heap        ] GC(66) ParOldGen: 497822K(526336K)->525920K(597504K)
[3.200s][info][gc,metaspace   ] GC(66) Metaspace: 6297K(6464K)->6297K(6464K) NonClass: 5764K(5824K)->5764K(5824K) Class: 533K(640K)->533K(640K)
[3.200s][info][gc             ] GC(66) Pause Full (Ergonomics) 519M->518M(608M) 170.070ms
[3.200s][info][gc,cpu         ] GC(66) User=0.78s Sys=0.00s Real=0.17s
[3.221s][info][gc,start       ] GC(67) Pause Young (Allocation Failure)
[3.260s][info][gc,heap        ] GC(67) PSYoungGen: 24830K(25088K)->19520K(104448K) Eden: 19456K(19456K)->0K(21504K) From: 5374K(5632K)->19520K(82944K)
[3.260s][info][gc,heap        ] GC(67) ParOldGen: 525920K(597504K)->531392K(597504K)
[3.260s][info][gc,metaspace   ] GC(67) Metaspace: 6297K(6464K)->6297K(6464K) NonClass: 5764K(5824K)->5764K(5824K) Class: 533K(640K)->533K(640K)
[3.260s][info][gc             ] GC(67) Pause Young (Allocation Failure) 537M->538M(685M) 38.897ms
[3.260s][info][gc,cpu         ] GC(67) User=0.09s Sys=0.02s Real=0.04s
[3.285s][info][gc,start       ] GC(68) Pause Young (Allocation Failure)
[3.309s][info][gc,heap        ] GC(68) PSYoungGen: 41024K(104448K)->41056K(62976K) Eden: 21504K(21504K)->0K(21504K) From: 19520K(82944K)->41056K(41472K)
[3.309s][info][gc,heap        ] GC(68) ParOldGen: 531392K(597504K)->531392K(597504K)
[3.309s][info][gc,metaspace   ] GC(68) Metaspace: 6297K(6464K)->6297K(6464K) NonClass: 5764K(5824K)->5764K(5824K) Class: 533K(640K)->533K(640K)
[3.309s][info][gc             ] GC(68) Pause Young (Allocation Failure) 559M->559M(645M) 24.001ms
[3.309s][info][gc,cpu         ] GC(68) User=0.09s Sys=0.00s Real=0.02s
[3.333s][info][gc,start       ] GC(69) Pause Young (Allocation Failure)
[3.366s][info][gc,heap        ] GC(69) PSYoungGen: 62560K(62976K)->62592K(98304K) Eden: 21504K(21504K)->0K(19456K) From: 41056K(41472K)->62592K(78848K)
[3.366s][info][gc,heap        ] GC(69) ParOldGen: 531392K(597504K)->531392K(597504K)
[3.366s][info][gc,metaspace   ] GC(69) Metaspace: 6297K(6464K)->6297K(6464K) NonClass: 5764K(5824K)->5764K(5824K) Class: 533K(640K)->533K(640K)
[3.366s][info][gc             ] GC(69) Pause Young (Allocation Failure) 580M->580M(679M) 32.892ms
[3.366s][info][gc,cpu         ] GC(69) User=0.11s Sys=0.00s Real=0.03s
[3.389s][info][gc,start       ] GC(70) Pause Young (Allocation Failure)
[3.431s][info][gc,heap        ] GC(70) PSYoungGen: 82048K(98304K)->62592K(102912K) Eden: 19456K(19456K)->0K(19456K) From: 62592K(78848K)->62592K(83456K)
[3.431s][info][gc,heap        ] GC(70) ParOldGen: 531392K(597504K)->551112K(597504K)
[3.431s][info][gc,metaspace   ] GC(70) Metaspace: 6297K(6464K)->6297K(6464K) NonClass: 5764K(5824K)->5764K(5824K) Class: 533K(640K)->533K(640K)
[3.431s][info][gc             ] GC(70) Pause Young (Allocation Failure) 599M->599M(684M) 41.995ms
[3.431s][info][gc,cpu         ] GC(70) User=0.17s Sys=0.00s Real=0.04s
[3.455s][info][gc,start       ] GC(71) Pause Young (Allocation Failure)
[3.498s][info][gc,heap        ] GC(71) PSYoungGen: 82048K(102912K)->60544K(107008K) Eden: 19456K(19456K)->0K(20480K) From: 62592K(83456K)->60544K(86528K)
[3.498s][info][gc,heap        ] GC(71) ParOldGen: 551112K(597504K)->572920K(597504K)
[3.498s][info][gc,metaspace   ] GC(71) Metaspace: 6297K(6464K)->6297K(6464K) NonClass: 5764K(5824K)->5764K(5824K) Class: 533K(640K)->533K(640K)
[3.498s][info][gc             ] GC(71) Pause Young (Allocation Failure) 618M->618M(688M) 42.376ms
[3.498s][info][gc,cpu         ] GC(71) User=0.12s Sys=0.03s Real=0.04s
[3.498s][info][gc,start       ] GC(72) Pause Full (Ergonomics)
[3.498s][info][gc,phases,start] GC(72) Marking Phase
[3.657s][info][gc,phases      ] GC(72) Marking Phase 159.220ms
[3.657s][info][gc,phases,start] GC(72) Summary Phase
[3.657s][info][gc,phases      ] GC(72) Summary Phase 0.028ms
[3.657s][info][gc,phases,start] GC(72) Adjust Roots
[3.657s][info][gc,phases      ] GC(72) Adjust Roots 0.177ms
[3.657s][info][gc,phases,start] GC(72) Compaction Phase
[3.720s][info][gc,phases      ] GC(72) Compaction Phase 62.924ms
[3.720s][info][gc,phases,start] GC(72) Post Compact
[3.722s][info][gc,phases      ] GC(72) Post Compact 1.387ms
[3.722s][info][gc,heap        ] GC(72) PSYoungGen: 60544K(107008K)->35287K(107008K) Eden: 0K(20480K)->0K(20480K) From: 60544K(86528K)->35287K(86528K)
[3.722s][info][gc,heap        ] GC(72) ParOldGen: 572920K(597504K)->597223K(671744K)
[3.722s][info][gc,metaspace   ] GC(72) Metaspace: 6297K(6464K)->6297K(6464K) NonClass: 5764K(5824K)->5764K(5824K) Class: 533K(640K)->533K(640K)
[3.722s][info][gc             ] GC(72) Pause Full (Ergonomics) 618M->617M(760M) 224.293ms
[3.722s][info][gc,cpu         ] GC(72) User=0.91s Sys=0.05s Real=0.22s
[3.747s][info][gc,start       ] GC(73) Pause Young (Allocation Failure)
[3.801s][info][gc,heap        ] GC(73) PSYoungGen: 55767K(107008K)->44032K(64512K) Eden: 20480K(20480K)->0K(20480K) From: 35287K(86528K)->44032K(44032K)
[3.801s][info][gc,heap        ] GC(73) ParOldGen: 597223K(671744K)->609295K(671744K)
[3.801s][info][gc,metaspace   ] GC(73) Metaspace: 6297K(6464K)->6297K(6464K) NonClass: 5764K(5824K)->5764K(5824K) Class: 533K(640K)->533K(640K)
[3.801s][info][gc             ] GC(73) Pause Young (Allocation Failure) 637M->638M(719M) 54.176ms
[3.801s][info][gc,cpu         ] GC(73) User=0.14s Sys=0.03s Real=0.05s
[3.826s][info][gc,start       ] GC(74) Pause Young (Allocation Failure)
[3.861s][info][gc,heap        ] GC(74) PSYoungGen: 64512K(64512K)->52192K(104448K) Eden: 20480K(20480K)->0K(23040K) From: 44032K(44032K)->52192K(81408K)
[3.861s][info][gc,heap        ] GC(74) ParOldGen: 609295K(671744K)->621759K(671744K)
[3.861s][info][gc,metaspace   ] GC(74) Metaspace: 6297K(6464K)->6297K(6464K) NonClass: 5764K(5824K)->5764K(5824K) Class: 533K(640K)->533K(640K)
[3.861s][info][gc             ] GC(74) Pause Young (Allocation Failure) 658M->658M(758M) 35.680ms
[3.861s][info][gc,cpu         ] GC(74) User=0.11s Sys=0.00s Real=0.04s
[3.891s][info][gc,start       ] GC(75) Pause Young (Allocation Failure)
[3.929s][info][gc,heap        ] GC(75) PSYoungGen: 75232K(104448K)->64128K(105984K) Eden: 23040K(23040K)->0K(23040K) From: 52192K(81408K)->64128K(82944K)
[3.929s][info][gc,heap        ] GC(75) ParOldGen: 621759K(671744K)->633103K(671744K)
[3.929s][info][gc,metaspace   ] GC(75) Metaspace: 6297K(6464K)->6297K(6464K) NonClass: 5764K(5824K)->5764K(5824K) Class: 533K(640K)->533K(640K)
[3.929s][info][gc             ] GC(75) Pause Young (Allocation Failure) 680M->680M(759M) 37.630ms
[3.929s][info][gc,cpu         ] GC(75) User=0.11s Sys=0.00s Real=0.04s
[4.111s][info][gc,start       ] GC(76) Pause Full (Ergonomics)
[4.111s][info][gc,phases,start] GC(76) Marking Phase
[4.287s][info][gc,phases      ] GC(76) Marking Phase 176.165ms
[4.287s][info][gc,phases,start] GC(76) Summary Phase
[4.287s][info][gc,phases      ] GC(76) Summary Phase 0.022ms
[4.287s][info][gc,phases,start] GC(76) Adjust Roots
[4.287s][info][gc,phases      ] GC(76) Adjust Roots 0.213ms
[4.287s][info][gc,phases,start] GC(76) Compaction Phase
[4.417s][info][gc,phases      ] GC(76) Compaction Phase 129.666ms
[4.417s][info][gc,phases,start] GC(76) Post Compact
[4.419s][info][gc,phases      ] GC(76) Post Compact 1.656ms
[4.419s][info][gc,heap        ] GC(76) PSYoungGen: 87168K(105984K)->64417K(105984K) Eden: 23040K(23040K)->22994K(23040K) From: 64128K(82944K)->41423K(82944K)
[4.419s][info][gc,heap        ] GC(76) ParOldGen: 665871K(671744K)->671390K(743424K)
[4.419s][info][gc,metaspace   ] GC(76) Metaspace: 6297K(6464K)->6297K(6464K) NonClass: 5764K(5824K)->5764K(5824K) Class: 533K(640K)->533K(640K)
[4.419s][info][gc             ] GC(76) Pause Full (Ergonomics) 735M->718M(829M) 308.510ms
[4.419s][info][gc,cpu         ] GC(76) User=1.17s Sys=0.03s Real=0.31s
[4.420s][info][gc,start       ] GC(77) Pause Young (Allocation Failure)
[4.478s][info][gc,heap        ] GC(77) PSYoungGen: 64463K(105984K)->44160K(105472K) Eden: 23040K(23040K)->0K(25600K) From: 41423K(82944K)->44160K(79872K)
[4.478s][info][gc,heap        ] GC(77) ParOldGen: 671390K(743424K)->692174K(743424K)
[4.478s][info][gc,metaspace   ] GC(77) Metaspace: 6297K(6464K)->6297K(6464K) NonClass: 5764K(5824K)->5764K(5824K) Class: 533K(640K)->533K(640K)
[4.478s][info][gc             ] GC(77) Pause Young (Allocation Failure) 718M->719M(829M) 58.452ms
[4.478s][info][gc,cpu         ] GC(77) User=0.22s Sys=0.00s Real=0.06s
[4.505s][info][gc,start       ] GC(78) Pause Young (Allocation Failure)
[4.540s][info][gc,heap        ] GC(78) PSYoungGen: 69760K(105472K)->69792K(108544K) Eden: 25600K(25600K)->0K(25600K) From: 44160K(79872K)->69792K(82944K)
[4.540s][info][gc,heap        ] GC(78) ParOldGen: 692174K(743424K)->692174K(743424K)
[4.540s][info][gc,metaspace   ] GC(78) Metaspace: 6297K(6464K)->6297K(6464K) NonClass: 5764K(5824K)->5764K(5824K) Class: 533K(640K)->533K(640K)
[4.540s][info][gc             ] GC(78) Pause Young (Allocation Failure) 744M->744M(832M) 35.380ms
[4.540s][info][gc,cpu         ] GC(78) User=0.23s Sys=0.00s Real=0.04s
[4.568s][info][gc,start       ] GC(79) Pause Young (Allocation Failure)
[4.621s][info][gc,heap        ] GC(79) PSYoungGen: 95392K(108544K)->74912K(110592K) Eden: 25600K(25600K)->0K(23040K) From: 69792K(82944K)->74912K(87552K)
[4.621s][info][gc,heap        ] GC(79) ParOldGen: 692174K(743424K)->712950K(743424K)
[4.621s][info][gc,metaspace   ] GC(79) Metaspace: 6297K(6464K)->6297K(6464K) NonClass: 5764K(5824K)->5764K(5824K) Class: 533K(640K)->533K(640K)
[4.621s][info][gc             ] GC(79) Pause Young (Allocation Failure) 769M->769M(834M) 53.572ms
[4.621s][info][gc,cpu         ] GC(79) User=0.25s Sys=0.03s Real=0.05s
[4.622s][info][gc,start       ] GC(80) Pause Full (Ergonomics)
[4.622s][info][gc,phases,start] GC(80) Marking Phase
[4.811s][info][gc,phases      ] GC(80) Marking Phase 189.053ms
[4.811s][info][gc,phases,start] GC(80) Summary Phase
[4.811s][info][gc,phases      ] GC(80) Summary Phase 0.029ms
[4.811s][info][gc,phases,start] GC(80) Adjust Roots
[4.811s][info][gc,phases      ] GC(80) Adjust Roots 0.177ms
[4.811s][info][gc,phases,start] GC(80) Compaction Phase
[4.887s][info][gc,phases      ] GC(80) Compaction Phase 76.529ms
[4.887s][info][gc,phases,start] GC(80) Post Compact
[4.889s][info][gc,phases      ] GC(80) Post Compact 1.399ms
[4.889s][info][gc,heap        ] GC(80) PSYoungGen: 74912K(110592K)->44003K(110592K) Eden: 0K(23040K)->0K(23040K) From: 74912K(87552K)->44003K(87552K)
[4.889s][info][gc,heap        ] GC(80) ParOldGen: 712950K(743424K)->742949K(821248K)
[4.889s][info][gc,metaspace   ] GC(80) Metaspace: 6297K(6464K)->6297K(6464K) NonClass: 5764K(5824K)->5764K(5824K) Class: 533K(640K)->533K(640K)
[4.889s][info][gc             ] GC(80) Pause Full (Ergonomics) 769M->768M(910M) 267.875ms
[4.889s][info][gc,cpu         ] GC(80) User=1.11s Sys=0.05s Real=0.27s
[4.914s][info][gc,start       ] GC(81) Pause Young (Allocation Failure)
[4.990s][info][gc,heap        ] GC(81) PSYoungGen: 67043K(110592K)->54560K(77824K) Eden: 23040K(23040K)->0K(23040K) From: 44003K(87552K)->54560K(54784K)
[4.990s][info][gc,heap        ] GC(81) ParOldGen: 742949K(821248K)->755805K(821248K)
[4.990s][info][gc,metaspace   ] GC(81) Metaspace: 6297K(6464K)->6297K(6464K) NonClass: 5764K(5824K)->5764K(5824K) Class: 533K(640K)->533K(640K)
[4.990s][info][gc             ] GC(81) Pause Young (Allocation Failure) 791M->791M(878M) 76.587ms
[4.990s][info][gc,cpu         ] GC(81) User=0.30s Sys=0.00s Real=0.08s
[5.019s][info][gc,start       ] GC(82) Pause Young (Allocation Failure)
[5.067s][info][gc,heap        ] GC(82) PSYoungGen: 77600K(77824K)->77600K(109568K) Eden: 23040K(23040K)->0K(19968K) From: 54560K(54784K)->77600K(89600K)
[5.067s][info][gc,heap        ] GC(82) ParOldGen: 755805K(821248K)->755805K(821248K)
[5.067s][info][gc,metaspace   ] GC(82) Metaspace: 6297K(6464K)->6297K(6464K) NonClass: 5764K(5824K)->5764K(5824K) Class: 533K(640K)->533K(640K)
[5.067s][info][gc             ] GC(82) Pause Young (Allocation Failure) 813M->813M(909M) 48.135ms
[5.067s][info][gc,cpu         ] GC(82) User=0.17s Sys=0.00s Real=0.05s
[5.090s][info][gc,start       ] GC(83) Pause Young (Allocation Failure)
[5.141s][info][gc,heap        ] GC(83) PSYoungGen: 97568K(109568K)->95232K(115200K) Eden: 19968K(19968K)->0K(19968K) From: 77600K(89600K)->95232K(95232K)
[5.141s][info][gc,heap        ] GC(83) ParOldGen: 755805K(821248K)->758125K(821248K)
[5.141s][info][gc,metaspace   ] GC(83) Metaspace: 6297K(6464K)->6297K(6464K) NonClass: 5764K(5824K)->5764K(5824K) Class: 533K(640K)->533K(640K)
[5.141s][info][gc             ] GC(83) Pause Young (Allocation Failure) 833M->833M(914M) 51.681ms
[5.141s][info][gc,cpu         ] GC(83) User=0.22s Sys=0.00s Real=0.05s
[5.163s][info][gc,start       ] GC(84) Pause Young (Allocation Failure)
[5.232s][info][gc,heap        ] GC(84) PSYoungGen: 115200K(115200K)->84768K(124416K) Eden: 19968K(19968K)->0K(17920K) From: 95232K(95232K)->84768K(106496K)
[5.233s][info][gc,heap        ] GC(84) ParOldGen: 758125K(821248K)->788965K(821248K)
[5.233s][info][gc,metaspace   ] GC(84) Metaspace: 6297K(6464K)->6297K(6464K) NonClass: 5764K(5824K)->5764K(5824K) Class: 533K(640K)->533K(640K)
[5.233s][info][gc             ] GC(84) Pause Young (Allocation Failure) 852M->853M(923M) 69.362ms
[5.233s][info][gc,cpu         ] GC(84) User=0.30s Sys=0.02s Real=0.07s
[5.233s][info][gc,start       ] GC(85) Pause Full (Ergonomics)
[5.233s][info][gc,phases,start] GC(85) Marking Phase
[5.449s][info][gc,phases      ] GC(85) Marking Phase 216.784ms
[5.450s][info][gc,phases,start] GC(85) Summary Phase
[5.450s][info][gc,phases      ] GC(85) Summary Phase 0.023ms
[5.450s][info][gc,phases,start] GC(85) Adjust Roots
[5.450s][info][gc,phases      ] GC(85) Adjust Roots 0.183ms
[5.450s][info][gc,phases,start] GC(85) Compaction Phase
[5.547s][info][gc,phases      ] GC(85) Compaction Phase 97.126ms
[5.547s][info][gc,phases,start] GC(85) Post Compact
[5.549s][info][gc,phases      ] GC(85) Post Compact 1.829ms
[5.549s][info][gc,heap        ] GC(85) PSYoungGen: 84768K(124416K)->51808K(124416K) Eden: 0K(17920K)->0K(17920K) From: 84768K(106496K)->51808K(106496K)
[5.549s][info][gc,heap        ] GC(85) ParOldGen: 788965K(821248K)->821022K(906240K)
[5.549s][info][gc,metaspace   ] GC(85) Metaspace: 6297K(6464K)->6297K(6464K) NonClass: 5764K(5824K)->5764K(5824K) Class: 533K(640K)->533K(640K)
[5.549s][info][gc             ] GC(85) Pause Full (Ergonomics) 853M->852M(1006M) 316.683ms
[5.549s][info][gc,cpu         ] GC(85) User=1.39s Sys=0.00s Real=0.32s
[5.569s][info][gc,start       ] GC(86) Pause Young (Allocation Failure)
[5.652s][info][gc,heap        ] GC(86) PSYoungGen: 69728K(124416K)->41856K(129024K) Eden: 17920K(17920K)->0K(17920K) From: 51808K(106496K)->41856K(111104K)
[5.652s][info][gc,heap        ] GC(86) ParOldGen: 821022K(906240K)->849430K(906240K)
[5.652s][info][gc,metaspace   ] GC(86) Metaspace: 6297K(6464K)->6297K(6464K) NonClass: 5764K(5824K)->5764K(5824K) Class: 533K(640K)->533K(640K)
[5.652s][info][gc             ] GC(86) Pause Young (Allocation Failure) 869M->870M(1011M) 83.259ms
[5.652s][info][gc,cpu         ] GC(86) User=0.31s Sys=0.02s Real=0.08s
[5.674s][info][gc,start       ] GC(87) Pause Young (Allocation Failure)
[5.709s][info][gc,heap        ] GC(87) PSYoungGen: 59776K(129024K)->48288K(123904K) Eden: 17920K(17920K)->0K(19968K) From: 41856K(111104K)->48288K(103936K)
[5.709s][info][gc,heap        ] GC(87) ParOldGen: 849430K(906240K)->861062K(906240K)
[5.709s][info][gc,metaspace   ] GC(87) Metaspace: 6297K(6464K)->6297K(6464K) NonClass: 5764K(5824K)->5764K(5824K) Class: 533K(640K)->533K(640K)
[5.709s][info][gc             ] GC(87) Pause Young (Allocation Failure) 887M->888M(1006M) 35.373ms
[5.709s][info][gc,cpu         ] GC(87) User=0.14s Sys=0.02s Real=0.03s
[5.732s][info][gc,start       ] GC(88) Pause Young (Allocation Failure)
[5.770s][info][gc,heap        ] GC(88) PSYoungGen: 68256K(123904K)->55904K(76288K) Eden: 19968K(19968K)->0K(19968K) From: 48288K(103936K)->55904K(56320K)
[5.770s][info][gc,heap        ] GC(88) ParOldGen: 861062K(906240K)->873614K(906240K)
[5.770s][info][gc,metaspace   ] GC(88) Metaspace: 6297K(6464K)->6297K(6464K) NonClass: 5764K(5824K)->5764K(5824K) Class: 533K(640K)->533K(640K)
[5.770s][info][gc             ] GC(88) Pause Young (Allocation Failure) 907M->907M(959M) 38.208ms
[5.770s][info][gc,cpu         ] GC(88) User=0.14s Sys=0.00s Real=0.04s
[5.770s][info][gc,start       ] GC(89) Pause Full (Ergonomics)
[5.770s][info][gc,phases,start] GC(89) Marking Phase
[6.015s][info][gc,phases      ] GC(89) Marking Phase 244.984ms
[6.015s][info][gc,phases,start] GC(89) Summary Phase
[6.015s][info][gc,phases      ] GC(89) Summary Phase 0.032ms
[6.015s][info][gc,phases,start] GC(89) Adjust Roots
[6.016s][info][gc,phases      ] GC(89) Adjust Roots 0.222ms
[6.016s][info][gc,phases,start] GC(89) Compaction Phase
[6.120s][info][gc,phases      ] GC(89) Compaction Phase 104.586ms
[6.120s][info][gc,phases,start] GC(89) Post Compact
[6.122s][info][gc,phases      ] GC(89) Post Compact 1.807ms
[6.123s][info][gc,heap        ] GC(89) PSYoungGen: 55904K(76288K)->22503K(76288K) Eden: 0K(19968K)->0K(19968K) From: 55904K(56320K)->22503K(56320K)
[6.123s][info][gc,heap        ] GC(89) ParOldGen: 873614K(906240K)->906041K(996864K)
[6.123s][info][gc,metaspace   ] GC(89) Metaspace: 6297K(6464K)->6297K(6464K) NonClass: 5764K(5824K)->5764K(5824K) Class: 533K(640K)->533K(640K)
[6.123s][info][gc             ] GC(89) Pause Full (Ergonomics) 907M->906M(1048M) 352.343ms
[6.123s][info][gc,cpu         ] GC(89) User=1.61s Sys=0.00s Real=0.35s
[6.146s][info][gc,start       ] GC(90) Pause Young (Allocation Failure)
[6.215s][info][gc,heap        ] GC(90) PSYoungGen: 42471K(76288K)->27392K(123904K) Eden: 19968K(19968K)->0K(21504K) From: 22503K(56320K)->27392K(102400K)
[6.215s][info][gc,heap        ] GC(90) ParOldGen: 906041K(996864K)->921457K(996864K)
[6.215s][info][gc,metaspace   ] GC(90) Metaspace: 6297K(6464K)->6297K(6464K) NonClass: 5764K(5824K)->5764K(5824K) Class: 533K(640K)->533K(640K)
[6.215s][info][gc             ] GC(90) Pause Young (Allocation Failure) 926M->926M(1094M) 69.025ms
[6.215s][info][gc,cpu         ] GC(90) User=0.25s Sys=0.00s Real=0.07s
[6.238s][info][gc,start       ] GC(91) Pause Young (Allocation Failure)
[6.268s][info][gc,heap        ] GC(91) PSYoungGen: 48896K(123904K)->48928K(70656K) Eden: 21504K(21504K)->0K(21504K) From: 27392K(102400K)->48928K(49152K)
[6.268s][info][gc,heap        ] GC(91) ParOldGen: 921457K(996864K)->921457K(996864K)
[6.268s][info][gc,metaspace   ] GC(91) Metaspace: 6297K(6464K)->6297K(6464K) NonClass: 5764K(5824K)->5764K(5824K) Class: 533K(640K)->533K(640K)
[6.268s][info][gc             ] GC(91) Pause Young (Allocation Failure) 947M->947M(1042M) 29.770ms
[6.268s][info][gc,cpu         ] GC(91) User=0.05s Sys=0.00s Real=0.03s
[6.291s][info][gc,start       ] GC(92) Pause Young (Allocation Failure)
[6.330s][info][gc,heap        ] GC(92) PSYoungGen: 70432K(70656K)->70464K(122368K) Eden: 21504K(21504K)->0K(22528K) From: 48928K(49152K)->70464K(99840K)
[6.331s][info][gc,heap        ] GC(92) ParOldGen: 921457K(996864K)->921457K(996864K)
[6.331s][info][gc,metaspace   ] GC(92) Metaspace: 6297K(6464K)->6297K(6464K) NonClass: 5764K(5824K)->5764K(5824K) Class: 533K(640K)->533K(640K)
[6.331s][info][gc             ] GC(92) Pause Young (Allocation Failure) 968M->968M(1093M) 39.631ms
[6.331s][info][gc,cpu         ] GC(92) User=0.16s Sys=0.00s Real=0.04s
[6.356s][info][gc,start       ] GC(93) Pause Young (Allocation Failure)
[6.407s][info][gc,heap        ] GC(93) PSYoungGen: 92992K(122368K)->85664K(123904K) Eden: 22528K(22528K)->0K(22528K) From: 70464K(99840K)->85664K(101376K)
[6.407s][info][gc,heap        ] GC(93) ParOldGen: 921457K(996864K)->928889K(996864K)
[6.407s][info][gc,metaspace   ] GC(93) Metaspace: 6297K(6464K)->6297K(6464K) NonClass: 5764K(5824K)->5764K(5824K) Class: 533K(640K)->533K(640K)
[6.408s][info][gc             ] GC(93) Pause Young (Allocation Failure) 990M->990M(1094M) 51.460ms
[6.408s][info][gc,cpu         ] GC(93) User=0.14s Sys=0.03s Real=0.05s
[6.432s][info][gc,start       ] GC(94) Pause Young (Allocation Failure)
[6.493s][info][gc,heap        ] GC(94) PSYoungGen: 108192K(123904K)->88192K(126464K) Eden: 22528K(22528K)->0K(18944K) From: 85664K(101376K)->88192K(107520K)
[6.493s][info][gc,heap        ] GC(94) ParOldGen: 928889K(996864K)->949113K(996864K)
[6.493s][info][gc,metaspace   ] GC(94) Metaspace: 6297K(6464K)->6297K(6464K) NonClass: 5764K(5824K)->5764K(5824K) Class: 533K(640K)->533K(640K)
[6.493s][info][gc             ] GC(94) Pause Young (Allocation Failure) 1012M->1012M(1097M) 61.019ms
[6.493s][info][gc,cpu         ] GC(94) User=0.25s Sys=0.00s Real=0.06s
[6.514s][info][gc,start       ] GC(95) Pause Young (Allocation Failure)
[6.576s][info][gc,heap        ] GC(95) PSYoungGen: 107136K(126464K)->64096K(83456K) Eden: 18944K(18944K)->0K(18944K) From: 88192K(107520K)->64096K(64512K)
[6.576s][info][gc,heap        ] GC(95) ParOldGen: 949113K(996864K)->992681K(996864K)
[6.576s][info][gc,metaspace   ] GC(95) Metaspace: 6297K(6464K)->6297K(6464K) NonClass: 5764K(5824K)->5764K(5824K) Class: 533K(640K)->533K(640K)
[6.576s][info][gc             ] GC(95) Pause Young (Allocation Failure) 1031M->1032M(1055M) 61.659ms
[6.576s][info][gc,cpu         ] GC(95) User=0.20s Sys=0.03s Real=0.06s
[6.576s][info][gc,start       ] GC(96) Pause Full (Ergonomics)
[6.576s][info][gc,phases,start] GC(96) Marking Phase
[6.853s][info][gc,phases      ] GC(96) Marking Phase 276.552ms
[6.853s][info][gc,phases,start] GC(96) Summary Phase
[6.853s][info][gc,phases      ] GC(96) Summary Phase 0.034ms
[6.853s][info][gc,phases,start] GC(96) Adjust Roots
[6.853s][info][gc,phases      ] GC(96) Adjust Roots 0.185ms
[6.853s][info][gc,phases,start] GC(96) Compaction Phase
[6.971s][info][gc,phases      ] GC(96) Compaction Phase 117.712ms
[6.971s][info][gc,phases,start] GC(96) Post Compact
[6.972s][info][gc,phases      ] GC(96) Post Compact 1.822ms
[6.973s][info][gc,heap        ] GC(96) PSYoungGen: 64096K(83456K)->58797K(83456K) Eden: 0K(18944K)->0K(18944K) From: 64096K(64512K)->58797K(64512K)
[6.973s][info][gc,heap        ] GC(96) ParOldGen: 992681K(996864K)->996536K(1099264K)
[6.973s][info][gc,metaspace   ] GC(96) Metaspace: 6297K(6464K)->6297K(6464K) NonClass: 5764K(5824K)->5764K(5824K) Class: 533K(640K)->533K(640K)
[6.973s][info][gc             ] GC(96) Pause Full (Ergonomics) 1032M->1030M(1155M) 397.162ms
[6.973s][info][gc,cpu         ] GC(96) User=1.80s Sys=0.02s Real=0.40s
[6.996s][info][gc,start       ] GC(97) Pause Young (Allocation Failure)
[7.077s][info][gc,heap        ] GC(97) PSYoungGen: 77741K(83456K)->36736K(129024K) Eden: 18944K(18944K)->0K(21504K) From: 58797K(64512K)->36736K(107520K)
[7.077s][info][gc,heap        ] GC(97) ParOldGen: 996536K(1099264K)->1038320K(1099264K)
[7.077s][info][gc,metaspace   ] GC(97) Metaspace: 6297K(6464K)->6297K(6464K) NonClass: 5764K(5824K)->5764K(5824K) Class: 533K(640K)->533K(640K)
[7.077s][info][gc             ] GC(97) Pause Young (Allocation Failure) 1049M->1049M(1199M) 80.600ms
[7.077s][info][gc,cpu         ] GC(97) User=0.33s Sys=0.02s Real=0.08s
[7.101s][info][gc,start       ] GC(98) Pause Young (Allocation Failure)
[7.141s][info][gc,heap        ] GC(98) PSYoungGen: 58240K(129024K)->40576K(130048K) Eden: 21504K(21504K)->0K(21504K) From: 36736K(107520K)->40576K(108544K)
[7.141s][info][gc,heap        ] GC(98) ParOldGen: 1038320K(1099264K)->1056288K(1099264K)
[7.141s][info][gc,metaspace   ] GC(98) Metaspace: 6297K(6464K)->6297K(6464K) NonClass: 5764K(5824K)->5764K(5824K) Class: 533K(640K)->533K(640K)
[7.141s][info][gc             ] GC(98) Pause Young (Allocation Failure) 1070M->1071M(1200M) 40.233ms
[7.141s][info][gc,cpu         ] GC(98) User=0.14s Sys=0.00s Real=0.04s
[7.141s][info][gc,start       ] GC(99) Pause Full (Ergonomics)
[7.141s][info][gc,phases,start] GC(99) Marking Phase
[7.428s][info][gc,phases      ] GC(99) Marking Phase 286.425ms
[7.428s][info][gc,phases,start] GC(99) Summary Phase
[7.428s][info][gc,phases      ] GC(99) Summary Phase 0.031ms
[7.428s][info][gc,phases,start] GC(99) Adjust Roots
[7.428s][info][gc,phases      ] GC(99) Adjust Roots 0.185ms
[7.428s][info][gc,phases,start] GC(99) Compaction Phase
[7.525s][info][gc,phases      ] GC(99) Compaction Phase 97.436ms
[7.525s][info][gc,phases,start] GC(99) Post Compact
[7.528s][info][gc,phases      ] GC(99) Post Compact 2.075ms
[7.528s][info][gc,heap        ] GC(99) PSYoungGen: 40576K(130048K)->0K(131072K) Eden: 0K(21504K)->0K(24064K) From: 40576K(108544K)->0K(107008K)
[7.528s][info][gc,heap        ] GC(99) ParOldGen: 1056288K(1099264K)->1095714K(1210368K)
[7.528s][info][gc,metaspace   ] GC(99) Metaspace: 6297K(6464K)->6297K(6464K) NonClass: 5764K(5824K)->5764K(5824K) Class: 533K(640K)->533K(640K)
[7.528s][info][gc             ] GC(99) Pause Full (Ergonomics) 1071M->1070M(1310M) 386.914ms
[7.528s][info][gc,cpu         ] GC(99) User=1.77s Sys=0.02s Real=0.39s
[7.554s][info][gc,start       ] GC(100) Pause Young (Allocation Failure)
[7.573s][info][gc,heap        ] GC(100) PSYoungGen: 24064K(131072K)->24192K(131072K) Eden: 24064K(24064K)->0K(24064K) From: 0K(107008K)->24192K(107008K)
[7.573s][info][gc,heap        ] GC(100) ParOldGen: 1095714K(1210368K)->1095714K(1210368K)
[7.573s][info][gc,metaspace   ] GC(100) Metaspace: 6297K(6464K)->6297K(6464K) NonClass: 5764K(5824K)->5764K(5824K) Class: 533K(640K)->533K(640K)
[7.573s][info][gc             ] GC(100) Pause Young (Allocation Failure) 1093M->1093M(1310M) 18.372ms
[7.573s][info][gc,cpu         ] GC(100) User=0.06s Sys=0.00s Real=0.02s
[7.597s][info][gc,start       ] GC(101) Pause Young (Allocation Failure)
[7.624s][info][gc,heap        ] GC(101) PSYoungGen: 48256K(131072K)->48256K(126464K) Eden: 24064K(24064K)->0K(26624K) From: 24192K(107008K)->48256K(99840K)
[7.625s][info][gc,heap        ] GC(101) ParOldGen: 1095714K(1210368K)->1095714K(1210368K)
[7.625s][info][gc,metaspace   ] GC(101) Metaspace: 6297K(6464K)->6297K(6464K) NonClass: 5764K(5824K)->5764K(5824K) Class: 533K(640K)->533K(640K)
[7.625s][info][gc             ] GC(101) Pause Young (Allocation Failure) 1117M->1117M(1305M) 27.136ms
[7.625s][info][gc,cpu         ] GC(101) User=0.09s Sys=0.00s Real=0.03s
[7.654s][info][gc,start       ] GC(102) Pause Young (Allocation Failure)
[7.694s][info][gc,heap        ] GC(102) PSYoungGen: 74880K(126464K)->74880K(130560K) Eden: 26624K(26624K)->0K(26624K) From: 48256K(99840K)->74880K(103936K)
[7.694s][info][gc,heap        ] GC(102) ParOldGen: 1095714K(1210368K)->1095714K(1210368K)
[7.694s][info][gc,metaspace   ] GC(102) Metaspace: 6297K(6464K)->6297K(6464K) NonClass: 5764K(5824K)->5764K(5824K) Class: 533K(640K)->533K(640K)
[7.694s][info][gc             ] GC(102) Pause Young (Allocation Failure) 1143M->1143M(1309M) 39.432ms
[7.694s][info][gc,cpu         ] GC(102) User=0.17s Sys=0.00s Real=0.04s
[7.724s][info][gc,start       ] GC(103) Pause Young (Allocation Failure)
[7.776s][info][gc,heap        ] GC(103) PSYoungGen: 101504K(130560K)->101568K(124416K) Eden: 26624K(26624K)->0K(17920K) From: 74880K(103936K)->101568K(106496K)
[7.776s][info][gc,heap        ] GC(103) ParOldGen: 1095714K(1210368K)->1095714K(1210368K)
[7.776s][info][gc,metaspace   ] GC(103) Metaspace: 6297K(6464K)->6297K(6464K) NonClass: 5764K(5824K)->5764K(5824K) Class: 533K(640K)->533K(640K)
[7.776s][info][gc             ] GC(103) Pause Young (Allocation Failure) 1169M->1169M(1303M) 51.574ms
[7.776s][info][gc,cpu         ] GC(103) User=0.17s Sys=0.00s Real=0.05s
[7.797s][info][gc,start       ] GC(104) Pause Young (Allocation Failure)
[7.861s][info][gc,heap        ] GC(104) PSYoungGen: 119488K(124416K)->118272K(136192K) Eden: 17920K(17920K)->0K(17920K) From: 101568K(106496K)->118272K(118272K)
[7.861s][info][gc,heap        ] GC(104) ParOldGen: 1095714K(1210368K)->1096898K(1210368K)
[7.861s][info][gc,metaspace   ] GC(104) Metaspace: 6297K(6464K)->6297K(6464K) NonClass: 5764K(5824K)->5764K(5824K) Class: 533K(640K)->533K(640K)
[7.861s][info][gc             ] GC(104) Pause Young (Allocation Failure) 1186M->1186M(1315M) 64.120ms
[7.861s][info][gc,cpu         ] GC(104) User=0.25s Sys=0.00s Real=0.06s
[7.883s][info][gc,start       ] GC(105) Pause Young (Allocation Failure)
[7.955s][info][gc,heap        ] GC(105) PSYoungGen: 136192K(136192K)->88320K(153600K) Eden: 17920K(17920K)->0K(18944K) From: 118272K(118272K)->88320K(134656K)
[7.955s][info][gc,heap        ] GC(105) ParOldGen: 1096898K(1210368K)->1145386K(1210368K)
[7.955s][info][gc,metaspace   ] GC(105) Metaspace: 6297K(6464K)->6297K(6464K) NonClass: 5764K(5824K)->5764K(5824K) Class: 533K(640K)->533K(640K)
[7.955s][info][gc             ] GC(105) Pause Young (Allocation Failure) 1204M->1204M(1332M) 72.543ms
[7.955s][info][gc,cpu         ] GC(105) User=0.28s Sys=0.03s Real=0.07s
[7.978s][info][gc,start       ] GC(106) Pause Young (Allocation Failure)
[8.042s][info][gc,heap        ] GC(106) PSYoungGen: 107264K(153600K)->54560K(73728K) Eden: 18944K(18944K)->0K(18944K) From: 88320K(134656K)->54560K(54784K)
[8.042s][info][gc,heap        ] GC(106) ParOldGen: 1145386K(1210368K)->1198778K(1210368K)
[8.042s][info][gc,metaspace   ] GC(106) Metaspace: 6297K(6464K)->6297K(6464K) NonClass: 5764K(5824K)->5764K(5824K) Class: 533K(640K)->533K(640K)
[8.042s][info][gc             ] GC(106) Pause Young (Allocation Failure) 1223M->1223M(1254M) 64.100ms
[8.042s][info][gc,cpu         ] GC(106) User=0.20s Sys=0.02s Real=0.06s
[8.042s][info][gc,start       ] GC(107) Pause Full (Ergonomics)
[8.042s][info][gc,phases,start] GC(107) Marking Phase
[8.373s][info][gc,phases      ] GC(107) Marking Phase 331.360ms
[8.373s][info][gc,phases,start] GC(107) Summary Phase
[8.373s][info][gc,phases      ] GC(107) Summary Phase 0.037ms
[8.373s][info][gc,phases,start] GC(107) Adjust Roots
[8.374s][info][gc,phases      ] GC(107) Adjust Roots 0.216ms
[8.374s][info][gc,phases,start] GC(107) Compaction Phase
[8.497s][info][gc,phases      ] GC(107) Compaction Phase 122.947ms
[8.497s][info][gc,phases,start] GC(107) Post Compact
[8.499s][info][gc,phases      ] GC(107) Post Compact 2.195ms
[8.499s][info][gc,heap        ] GC(107) PSYoungGen: 54560K(73728K)->41592K(73728K) Eden: 0K(18944K)->0K(18944K) From: 54560K(54784K)->41592K(54784K)
[8.500s][info][gc,heap        ] GC(107) ParOldGen: 1198778K(1210368K)->1210058K(1347584K)
[8.500s][info][gc,metaspace   ] GC(107) Metaspace: 6297K(6464K)->6297K(6464K) NonClass: 5764K(5824K)->5764K(5824K) Class: 533K(640K)->533K(640K)
[8.500s][info][gc             ] GC(107) Pause Full (Ergonomics) 1223M->1222M(1388M) 457.630ms
[8.500s][info][gc,cpu         ] GC(107) User=2.16s Sys=0.00s Real=0.46s
[8.521s][info][gc,start       ] GC(108) Pause Young (Allocation Failure)
[8.619s][info][gc,heap        ] GC(108) PSYoungGen: 60536K(73728K)->33344K(151552K) Eden: 18944K(18944K)->0K(21504K) From: 41592K(54784K)->33344K(130048K)
[8.620s][info][gc,heap        ] GC(108) ParOldGen: 1210058K(1347584K)->1237794K(1347584K)
[8.620s][info][gc,metaspace   ] GC(108) Metaspace: 6297K(6464K)->6297K(6464K) NonClass: 5764K(5824K)->5764K(5824K) Class: 533K(640K)->533K(640K)
[8.620s][info][gc             ] GC(108) Pause Young (Allocation Failure) 1240M->1241M(1464M) 98.451ms
[8.620s][info][gc,cpu         ] GC(108) User=0.34s Sys=0.02s Real=0.10s
[8.645s][info][gc,start       ] GC(109) Pause Young (Allocation Failure)
[8.679s][info][gc,heap        ] GC(109) PSYoungGen: 54848K(151552K)->40576K(62464K) Eden: 21504K(21504K)->0K(21504K) From: 33344K(130048K)->40576K(40960K)
[8.679s][info][gc,heap        ] GC(109) ParOldGen: 1237794K(1347584K)->1252322K(1347584K)
[8.679s][info][gc,metaspace   ] GC(109) Metaspace: 6297K(6464K)->6297K(6464K) NonClass: 5764K(5824K)->5764K(5824K) Class: 533K(640K)->533K(640K)
[8.679s][info][gc             ] GC(109) Pause Young (Allocation Failure) 1262M->1262M(1377M) 33.387ms
[8.679s][info][gc,cpu         ] GC(109) User=0.16s Sys=0.02s Real=0.03s
[8.703s][info][gc,start       ] GC(110) Pause Young (Allocation Failure)
[8.738s][info][gc,heap        ] GC(110) PSYoungGen: 62080K(62464K)->37152K(146944K) Eden: 21504K(21504K)->0K(24064K) From: 40576K(40960K)->37152K(122880K)
[8.739s][info][gc,heap        ] GC(110) ParOldGen: 1252322K(1347584K)->1271546K(1347584K)
[8.739s][info][gc,metaspace   ] GC(110) Metaspace: 6297K(6464K)->6297K(6464K) NonClass: 5764K(5824K)->5764K(5824K) Class: 533K(640K)->533K(640K)
[8.739s][info][gc             ] GC(110) Pause Young (Allocation Failure) 1283M->1278M(1459M) 35.762ms
[8.739s][info][gc,cpu         ] GC(110) User=0.08s Sys=0.00s Real=0.04s
[8.757s][info][gc,start       ] GC(111) Pause Young (Allocation Failure)
[8.789s][info][gc,heap        ] GC(111) PSYoungGen: 61216K(146944K)->28128K(149504K) Eden: 24064K(24064K)->0K(24064K) From: 37152K(122880K)->28128K(125440K)
[8.789s][info][gc,heap        ] GC(111) ParOldGen: 1271546K(1347584K)->1293362K(1347584K)
[8.789s][info][gc,metaspace   ] GC(111) Metaspace: 6297K(6464K)->6297K(6464K) NonClass: 5764K(5824K)->5764K(5824K) Class: 533K(640K)->533K(640K)
[8.789s][info][gc             ] GC(111) Pause Young (Allocation Failure) 1301M->1290M(1462M) 31.674ms
[8.789s][info][gc,cpu         ] GC(111) User=0.09s Sys=0.00s Real=0.03s
[8.819s][info][gc,start       ] GC(112) Pause Young (Allocation Failure)
[8.854s][info][gc,heap        ] GC(112) PSYoungGen: 52192K(149504K)->35872K(144384K) Eden: 24064K(24064K)->0K(27136K) From: 28128K(125440K)->35872K(117248K)
[8.854s][info][gc,heap        ] GC(112) ParOldGen: 1293362K(1347584K)->1309138K(1347584K)
[8.854s][info][gc,metaspace   ] GC(112) Metaspace: 6297K(6464K)->6297K(6464K) NonClass: 5764K(5824K)->5764K(5824K) Class: 533K(640K)->533K(640K)
[8.854s][info][gc             ] GC(112) Pause Young (Allocation Failure) 1314M->1313M(1457M) 35.541ms
[8.854s][info][gc,cpu         ] GC(112) User=0.09s Sys=0.02s Real=0.04s
[8.854s][info][gc,start       ] GC(113) Pause Full (Ergonomics)
[8.854s][info][gc,phases,start] GC(113) Marking Phase
[9.217s][info][gc,phases      ] GC(113) Marking Phase 362.889ms
[9.217s][info][gc,phases,start] GC(113) Summary Phase
[9.217s][info][gc,phases      ] GC(113) Summary Phase 0.061ms
[9.217s][info][gc,phases,start] GC(113) Adjust Roots
[9.218s][info][gc,phases      ] GC(113) Adjust Roots 0.221ms
[9.218s][info][gc,phases,start] GC(113) Compaction Phase
[9.348s][info][gc,phases      ] GC(113) Compaction Phase 130.723ms
[9.348s][info][gc,phases,start] GC(113) Post Compact
[9.351s][info][gc,phases      ] GC(113) Post Compact 2.405ms
[9.351s][info][gc,heap        ] GC(113) PSYoungGen: 35872K(144384K)->0K(147968K) Eden: 0K(27136K)->0K(27136K) From: 35872K(117248K)->0K(120832K)
[9.351s][info][gc,heap        ] GC(113) ParOldGen: 1309138K(1347584K)->1343271K(1477120K)
[9.351s][info][gc,metaspace   ] GC(113) Metaspace: 6297K(6464K)->6297K(6464K) NonClass: 5764K(5824K)->5764K(5824K) Class: 533K(640K)->533K(640K)
[9.352s][info][gc             ] GC(113) Pause Full (Ergonomics) 1313M->1311M(1587M) 497.169ms
[9.352s][info][gc,cpu         ] GC(113) User=2.20s Sys=0.02s Real=0.50s
[9.383s][info][gc,start       ] GC(114) Pause Young (Allocation Failure)
[9.403s][info][gc,heap        ] GC(114) PSYoungGen: 27136K(147968K)->27232K(145408K) Eden: 27136K(27136K)->0K(29696K) From: 0K(120832K)->27232K(115712K)
[9.403s][info][gc,heap        ] GC(114) ParOldGen: 1343271K(1477120K)->1343271K(1477120K)
[9.403s][info][gc,metaspace   ] GC(114) Metaspace: 6297K(6464K)->6297K(6464K) NonClass: 5764K(5824K)->5764K(5824K) Class: 533K(640K)->533K(640K)
[9.403s][info][gc             ] GC(114) Pause Young (Allocation Failure) 1338M->1338M(1584M) 19.776ms
[9.403s][info][gc,cpu         ] GC(114) User=0.05s Sys=0.00s Real=0.02s
[9.440s][info][gc,start       ] GC(115) Pause Young (Allocation Failure)
[9.473s][info][gc,heap        ] GC(115) PSYoungGen: 56928K(145408K)->56928K(87040K) Eden: 29696K(29696K)->0K(29696K) From: 27232K(115712K)->56928K(57344K)
[9.473s][info][gc,heap        ] GC(115) ParOldGen: 1343271K(1477120K)->1343271K(1477120K)
[9.473s][info][gc,metaspace   ] GC(115) Metaspace: 6297K(6464K)->6297K(6464K) NonClass: 5764K(5824K)->5764K(5824K) Class: 533K(640K)->533K(640K)
[9.473s][info][gc             ] GC(115) Pause Young (Allocation Failure) 1367M->1367M(1527M) 32.738ms
[9.473s][info][gc,cpu         ] GC(115) User=0.11s Sys=0.00s Real=0.03s
[9.802s][info][gc,start       ] GC(116) Pause Young (Allocation Failure)
[9.893s][info][gc,heap        ] GC(116) PSYoungGen: 86624K(87040K)->86720K(140288K) Eden: 29696K(29696K)->0K(26112K) From: 56928K(57344K)->86720K(114176K)
[9.893s][info][gc,heap        ] GC(116) ParOldGen: 1408807K(1477120K)->1408807K(1477120K)
[9.893s][info][gc,metaspace   ] GC(116) Metaspace: 6297K(6464K)->6297K(6464K) NonClass: 5764K(5824K)->5764K(5824K) Class: 533K(640K)->533K(640K)
[9.893s][info][gc             ] GC(116) Pause Young (Allocation Failure) 1460M->1460M(1579M) 90.628ms
[9.893s][info][gc,cpu         ] GC(116) User=0.33s Sys=0.00s Real=0.09s
[9.919s][info][gc,start       ] GC(117) Pause Young (Allocation Failure)
[9.982s][info][gc,heap        ] GC(117) PSYoungGen: 112832K(140288K)->112832K(146944K) Eden: 26112K(26112K)->0K(26112K) From: 86720K(114176K)->112832K(120832K)
[9.982s][info][gc,heap        ] GC(117) ParOldGen: 1408807K(1477120K)->1408807K(1477120K)
[9.982s][info][gc,metaspace   ] GC(117) Metaspace: 6297K(6464K)->6297K(6464K) NonClass: 5764K(5824K)->5764K(5824K) Class: 533K(640K)->533K(640K)
[9.982s][info][gc             ] GC(117) Pause Young (Allocation Failure) 1485M->1485M(1586M) 63.358ms
[9.982s][info][gc,cpu         ] GC(117) User=0.23s Sys=0.00s Real=0.06s
[10.007s][info][gc,start       ] GC(118) Pause Young (Allocation Failure)
[10.086s][info][gc,heap        ] GC(118) PSYoungGen: 138944K(146944K)->135680K(143360K) Eden: 26112K(26112K)->0K(7680K) From: 112832K(120832K)->135680K(135680K)
[10.086s][info][gc,heap        ] GC(118) ParOldGen: 1408807K(1477120K)->1412079K(1477120K)
[10.086s][info][gc,metaspace   ] GC(118) Metaspace: 6297K(6464K)->6297K(6464K) NonClass: 5764K(5824K)->5764K(5824K) Class: 533K(640K)->533K(640K)
[10.086s][info][gc             ] GC(118) Pause Young (Allocation Failure) 1511M->1511M(1582M) 79.249ms
[10.086s][info][gc,cpu         ] GC(118) User=0.28s Sys=0.00s Real=0.08s
[10.094s][info][gc,start       ] GC(119) Pause Young (Allocation Failure)
[10.182s][info][gc,heap        ] GC(119) PSYoungGen: 143359K(143360K)->116992K(164864K) Eden: 7679K(7680K)->0K(7680K) From: 135680K(135680K)->116992K(157184K)
[10.182s][info][gc,heap        ] GC(119) ParOldGen: 1412079K(1477120K)->1438791K(1477120K)
[10.182s][info][gc,metaspace   ] GC(119) Metaspace: 6297K(6464K)->6297K(6464K) NonClass: 5764K(5824K)->5764K(5824K) Class: 533K(640K)->533K(640K)
[10.182s][info][gc             ] GC(119) Pause Young (Allocation Failure) 1518M->1519M(1603M) 88.012ms
[10.182s][info][gc,cpu         ] GC(119) User=0.38s Sys=0.02s Real=0.09s
[10.182s][info][gc,start       ] GC(120) Pause Full (Ergonomics)
[10.182s][info][gc,phases,start] GC(120) Marking Phase
[10.580s][info][gc,phases      ] GC(120) Marking Phase 398.298ms
[10.580s][info][gc,phases,start] GC(120) Summary Phase
[10.580s][info][gc,phases      ] GC(120) Summary Phase 0.035ms
[10.580s][info][gc,phases,start] GC(120) Adjust Roots
[10.581s][info][gc,phases      ] GC(120) Adjust Roots 0.324ms
[10.581s][info][gc,phases,start] GC(120) Compaction Phase
[10.908s][info][gc,phases      ] GC(120) Compaction Phase 327.652ms
[10.909s][info][gc,phases,start] GC(120) Post Compact
[10.912s][info][gc,phases      ] GC(120) Post Compact 3.768ms
[10.913s][info][gc,heap        ] GC(120) PSYoungGen: 116992K(164864K)->45158K(164864K) Eden: 0K(7680K)->0K(7680K) From: 116992K(157184K)->45158K(157184K)
[10.913s][info][gc,heap        ] GC(120) ParOldGen: 1438791K(1477120K)->1477109K(1615360K)
[10.913s][info][gc,metaspace   ] GC(120) Metaspace: 6297K(6464K)->6297K(6464K) NonClass: 5764K(5824K)->5764K(5824K) Class: 533K(640K)->533K(640K)
[10.913s][info][gc             ] GC(120) Pause Full (Ergonomics) 1519M->1486M(1738M) 731.430ms
[10.913s][info][gc,cpu         ] GC(120) User=3.17s Sys=0.05s Real=0.73s
[10.922s][info][gc,start       ] GC(121) Pause Young (Allocation Failure)
[11.019s][info][gc,heap        ] GC(121) PSYoungGen: 52838K(164864K)->29856K(171520K) Eden: 7680K(7680K)->0K(8704K) From: 45158K(157184K)->29856K(162816K)
[11.019s][info][gc,heap        ] GC(121) ParOldGen: 1477109K(1615360K)->1500573K(1615360K)
[11.019s][info][gc,metaspace   ] GC(121) Metaspace: 6297K(6464K)->6297K(6464K) NonClass: 5764K(5824K)->5764K(5824K) Class: 533K(640K)->533K(640K)
[11.019s][info][gc             ] GC(121) Pause Young (Allocation Failure) 1494M->1494M(1745M) 96.846ms
[11.019s][info][gc,cpu         ] GC(121) User=0.33s Sys=0.06s Real=0.10s
[11.028s][info][gc,start       ] GC(122) Pause Young (Allocation Failure)
[11.057s][info][gc,heap        ] GC(122) PSYoungGen: 38560K(171520K)->27200K(36352K) Eden: 8704K(8704K)->0K(8704K) From: 29856K(162816K)->27200K(27648K)
[11.057s][info][gc,heap        ] GC(122) ParOldGen: 1500573K(1615360K)->1512085K(1615360K)
[11.057s][info][gc,metaspace   ] GC(122) Metaspace: 6297K(6464K)->6297K(6464K) NonClass: 5764K(5824K)->5764K(5824K) Class: 533K(640K)->533K(640K)
[11.057s][info][gc             ] GC(122) Pause Young (Allocation Failure) 1503M->1503M(1613M) 28.728ms
[11.057s][info][gc,cpu         ] GC(122) User=0.02s Sys=0.00s Real=0.03s
[11.065s][info][gc,start       ] GC(123) Pause Young (Allocation Failure)
[11.089s][info][gc,heap        ] GC(123) PSYoungGen: 35904K(36352K)->30208K(164864K) Eden: 8704K(8704K)->0K(10240K) From: 27200K(27648K)->30208K(154624K)
[11.090s][info][gc,heap        ] GC(123) ParOldGen: 1512085K(1615360K)->1517837K(1615360K)
[11.090s][info][gc,metaspace   ] GC(123) Metaspace: 6297K(6464K)->6297K(6464K) NonClass: 5764K(5824K)->5764K(5824K) Class: 533K(640K)->533K(640K)
[11.090s][info][gc             ] GC(123) Pause Young (Allocation Failure) 1511M->1511M(1738M) 24.101ms
[11.090s][info][gc,cpu         ] GC(123) User=0.02s Sys=0.00s Real=0.02s
[11.100s][info][gc,start       ] GC(124) Pause Young (Allocation Failure)
[11.131s][info][gc,heap        ] GC(124) PSYoungGen: 40448K(164864K)->27712K(38400K) Eden: 10240K(10240K)->0K(10240K) From: 30208K(154624K)->27712K(28160K)
[11.131s][info][gc,heap        ] GC(124) ParOldGen: 1517837K(1615360K)->1530765K(1615360K)
[11.131s][info][gc,metaspace   ] GC(124) Metaspace: 6297K(6464K)->6297K(6464K) NonClass: 5764K(5824K)->5764K(5824K) Class: 533K(640K)->533K(640K)
[11.131s][info][gc             ] GC(124) Pause Young (Allocation Failure) 1521M->1521M(1615M) 31.376ms
[11.131s][info][gc,cpu         ] GC(124) User=0.03s Sys=0.05s Real=0.03s
[11.143s][info][gc,start       ] GC(125) Pause Young (Allocation Failure)
[11.177s][info][gc,heap        ] GC(125) PSYoungGen: 37952K(38400K)->20576K(159744K) Eden: 10240K(10240K)->0K(11776K) From: 27712K(28160K)->20576K(147968K)
[11.177s][info][gc,heap        ] GC(125) ParOldGen: 1530765K(1615360K)->1548397K(1615360K)
[11.177s][info][gc,metaspace   ] GC(125) Metaspace: 6297K(6464K)->6297K(6464K) NonClass: 5764K(5824K)->5764K(5824K) Class: 533K(640K)->533K(640K)
[11.177s][info][gc             ] GC(125) Pause Young (Allocation Failure) 1531M->1532M(1733M) 34.273ms
[11.177s][info][gc,cpu         ] GC(125) User=0.06s Sys=0.02s Real=0.03s
[11.190s][info][gc,start       ] GC(126) Pause Young (Allocation Failure)
[11.222s][info][gc,heap        ] GC(126) PSYoungGen: 32352K(159744K)->11840K(24064K) Eden: 11776K(11776K)->0K(11776K) From: 20576K(147968K)->11840K(12288K)
[11.222s][info][gc,heap        ] GC(126) ParOldGen: 1548397K(1615360K)->1569157K(1615360K)
[11.222s][info][gc,metaspace   ] GC(126) Metaspace: 6297K(6464K)->6297K(6464K) NonClass: 5764K(5824K)->5764K(5824K) Class: 533K(640K)->533K(640K)
[11.222s][info][gc             ] GC(126) Pause Young (Allocation Failure) 1543M->1543M(1601M) 31.892ms
[11.222s][info][gc,cpu         ] GC(126) User=0.08s Sys=0.00s Real=0.03s
[11.235s][info][gc,start       ] GC(127) Pause Young (Allocation Failure)
[11.258s][info][gc,heap        ] GC(127) PSYoungGen: 23616K(24064K)->11840K(156160K) Eden: 11776K(11776K)->0K(13824K) From: 11840K(12288K)->11840K(142336K)
[11.258s][info][gc,heap        ] GC(127) ParOldGen: 1569157K(1615360K)->1581109K(1615360K)
[11.258s][info][gc,metaspace   ] GC(127) Metaspace: 6297K(6464K)->6297K(6464K) NonClass: 5764K(5824K)->5764K(5824K) Class: 533K(640K)->533K(640K)
[11.258s][info][gc             ] GC(127) Pause Young (Allocation Failure) 1555M->1555M(1730M) 22.808ms
[11.258s][info][gc,cpu         ] GC(127) User=0.05s Sys=0.05s Real=0.02s
[11.258s][info][gc,start       ] GC(128) Pause Full (Ergonomics)
[11.258s][info][gc,phases,start] GC(128) Marking Phase
[11.667s][info][gc,phases      ] GC(128) Marking Phase 408.786ms
[11.667s][info][gc,phases,start] GC(128) Summary Phase
[11.667s][info][gc,phases      ] GC(128) Summary Phase 0.043ms
[11.667s][info][gc,phases,start] GC(128) Adjust Roots
[11.667s][info][gc,phases      ] GC(128) Adjust Roots 0.222ms
[11.667s][info][gc,phases,start] GC(128) Compaction Phase
[11.816s][info][gc,phases      ] GC(128) Compaction Phase 148.655ms
[11.816s][info][gc,phases,start] GC(128) Post Compact
[11.818s][info][gc,phases      ] GC(128) Post Compact 2.570ms
[11.819s][info][gc,heap        ] GC(128) PSYoungGen: 11840K(156160K)->0K(159232K) Eden: 0K(13824K)->0K(13824K) From: 11840K(142336K)->0K(145408K)
[11.819s][info][gc,heap        ] GC(128) ParOldGen: 1581109K(1615360K)->1591164K(1707008K)
[11.819s][info][gc,metaspace   ] GC(128) Metaspace: 6297K(6464K)->6297K(6464K) NonClass: 5764K(5824K)->5764K(5824K) Class: 533K(640K)->533K(640K)
[11.819s][info][gc             ] GC(128) Pause Full (Ergonomics) 1555M->1553M(1822M) 561.476ms
[11.819s][info][gc,cpu         ] GC(128) User=2.56s Sys=0.02s Real=0.56s
[11.835s][info][gc,start       ] GC(129) Pause Young (Allocation Failure)
[11.854s][info][gc,heap        ] GC(129) PSYoungGen: 13824K(159232K)->13888K(153088K) Eden: 13824K(13824K)->0K(15872K) From: 0K(145408K)->13888K(137216K)
[11.854s][info][gc,heap        ] GC(129) ParOldGen: 1591164K(1707008K)->1591164K(1707008K)
[11.854s][info][gc,metaspace   ] GC(129) Metaspace: 6297K(6464K)->6297K(6464K) NonClass: 5764K(5824K)->5764K(5824K) Class: 533K(640K)->533K(640K)
[11.854s][info][gc             ] GC(129) Pause Young (Allocation Failure) 1567M->1567M(1816M) 19.187ms
[11.854s][info][gc,cpu         ] GC(129) User=0.02s Sys=0.00s Real=0.02s
[11.869s][info][gc,start       ] GC(130) Pause Young (Allocation Failure)
[11.897s][info][gc,heap        ] GC(130) PSYoungGen: 29760K(153088K)->15936K(32256K) Eden: 15872K(15872K)->0K(15872K) From: 13888K(137216K)->15936K(16384K)
[11.897s][info][gc,heap        ] GC(130) ParOldGen: 1591164K(1707008K)->1605188K(1707008K)
[11.897s][info][gc,metaspace   ] GC(130) Metaspace: 6297K(6464K)->6297K(6464K) NonClass: 5764K(5824K)->5764K(5824K) Class: 533K(640K)->533K(640K)
[11.898s][info][gc             ] GC(130) Pause Young (Allocation Failure) 1582M->1583M(1698M) 28.026ms
[11.898s][info][gc,cpu         ] GC(130) User=0.03s Sys=0.02s Real=0.03s
[11.913s][info][gc,start       ] GC(131) Pause Young (Allocation Failure)
[11.941s][info][gc,heap        ] GC(131) PSYoungGen: 31808K(32256K)->15968K(143360K) Eden: 15872K(15872K)->0K(17920K) From: 15936K(16384K)->15968K(125440K)
[11.942s][info][gc,heap        ] GC(131) ParOldGen: 1605188K(1707008K)->1621292K(1707008K)
[11.942s][info][gc,metaspace   ] GC(131) Metaspace: 6297K(6464K)->6297K(6464K) NonClass: 5764K(5824K)->5764K(5824K) Class: 533K(640K)->533K(640K)
[11.942s][info][gc             ] GC(131) Pause Young (Allocation Failure) 1598M->1598M(1807M) 28.300ms
[11.942s][info][gc,cpu         ] GC(131) User=0.02s Sys=0.00s Real=0.03s
[11.959s][info][gc,start       ] GC(132) Pause Young (Allocation Failure)
[11.985s][info][gc,heap        ] GC(132) PSYoungGen: 33888K(143360K)->17984K(36352K) Eden: 17920K(17920K)->0K(17920K) From: 15968K(125440K)->17984K(18432K)
[11.985s][info][gc,heap        ] GC(132) ParOldGen: 1621292K(1707008K)->1637404K(1707008K)
[11.985s][info][gc,metaspace   ] GC(132) Metaspace: 6297K(6464K)->6297K(6464K) NonClass: 5764K(5824K)->5764K(5824K) Class: 533K(640K)->533K(640K)
[11.985s][info][gc             ] GC(132) Pause Young (Allocation Failure) 1616M->1616M(1702M) 25.554ms
[11.985s][info][gc,cpu         ] GC(132) User=0.02s Sys=0.06s Real=0.03s
[12.003s][info][gc,start       ] GC(133) Pause Young (Allocation Failure)
[12.032s][info][gc,heap        ] GC(133) PSYoungGen: 35904K(36352K)->18048K(132608K) Eden: 17920K(17920K)->0K(19968K) From: 17984K(18432K)->18048K(112640K)
[12.032s][info][gc,heap        ] GC(133) ParOldGen: 1637404K(1707008K)->1655588K(1707008K)
[12.032s][info][gc,metaspace   ] GC(133) Metaspace: 6297K(6464K)->6297K(6464K) NonClass: 5764K(5824K)->5764K(5824K) Class: 533K(640K)->533K(640K)
[12.032s][info][gc             ] GC(133) Pause Young (Allocation Failure) 1634M->1634M(1796M) 28.848ms
[12.032s][info][gc,cpu         ] GC(133) User=0.06s Sys=0.03s Real=0.03s
[12.053s][info][gc,start       ] GC(134) Pause Young (Allocation Failure)
[12.081s][info][gc,heap        ] GC(134) PSYoungGen: 38016K(132608K)->20064K(40448K) Eden: 19968K(19968K)->0K(19968K) From: 18048K(112640K)->20064K(20480K)
[12.082s][info][gc,heap        ] GC(134) ParOldGen: 1655588K(1707008K)->1673764K(1707008K)
[12.082s][info][gc,metaspace   ] GC(134) Metaspace: 6297K(6464K)->6297K(6464K) NonClass: 5764K(5824K)->5764K(5824K) Class: 533K(640K)->533K(640K)
[12.082s][info][gc             ] GC(134) Pause Young (Allocation Failure) 1653M->1654M(1706M) 29.039ms
[12.082s][info][gc,cpu         ] GC(134) User=0.08s Sys=0.00s Real=0.03s
[12.102s][info][gc,start       ] GC(135) Pause Young (Allocation Failure)
[12.138s][info][gc,heap        ] GC(135) PSYoungGen: 40032K(40448K)->20096K(123904K) Eden: 19968K(19968K)->0K(22528K) From: 20064K(20480K)->20096K(101376K)
[12.138s][info][gc,heap        ] GC(135) ParOldGen: 1673764K(1707008K)->1694028K(1707008K)
[12.138s][info][gc,metaspace   ] GC(135) Metaspace: 6297K(6464K)->6297K(6464K) NonClass: 5764K(5824K)->5764K(5824K) Class: 533K(640K)->533K(640K)
[12.138s][info][gc             ] GC(135) Pause Young (Allocation Failure) 1673M->1673M(1788M) 35.905ms
[12.138s][info][gc,cpu         ] GC(135) User=0.05s Sys=0.00s Real=0.03s
[12.138s][info][gc,start       ] GC(136) Pause Full (Ergonomics)
[12.138s][info][gc,phases,start] GC(136) Marking Phase
[12.590s][info][gc,phases      ] GC(136) Marking Phase 451.752ms
[12.590s][info][gc,phases,start] GC(136) Summary Phase
[12.590s][info][gc,phases      ] GC(136) Summary Phase 0.034ms
[12.590s][info][gc,phases,start] GC(136) Adjust Roots
[12.590s][info][gc,phases      ] GC(136) Adjust Roots 0.195ms
[12.590s][info][gc,phases,start] GC(136) Compaction Phase
[12.747s][info][gc,phases      ] GC(136) Compaction Phase 156.447ms
[12.747s][info][gc,phases,start] GC(136) Post Compact
[12.750s][info][gc,phases      ] GC(136) Post Compact 3.097ms
[12.750s][info][gc,heap        ] GC(136) PSYoungGen: 20096K(123904K)->5643K(126976K) Eden: 0K(22528K)->0K(25600K) From: 20096K(101376K)->5643K(101376K)
[12.750s][info][gc,heap        ] GC(136) ParOldGen: 1694028K(1707008K)->1706644K(1707008K)
[12.750s][info][gc,metaspace   ] GC(136) Metaspace: 6297K(6464K)->6297K(6464K) NonClass: 5764K(5824K)->5764K(5824K) Class: 533K(640K)->533K(640K)
[12.750s][info][gc             ] GC(136) Pause Full (Ergonomics) 1673M->1672M(1791M) 611.917ms
[12.750s][info][gc,cpu         ] GC(136) User=2.78s Sys=0.03s Real=0.61s
[12.777s][info][gc,start       ] GC(137) Pause Full (Ergonomics)
[12.777s][info][gc,phases,start] GC(137) Marking Phase
[13.215s][info][gc,phases      ] GC(137) Marking Phase 437.914ms
[13.215s][info][gc,phases,start] GC(137) Summary Phase
[13.215s][info][gc,phases      ] GC(137) Summary Phase 0.034ms
[13.215s][info][gc,phases,start] GC(137) Adjust Roots
[13.216s][info][gc,phases      ] GC(137) Adjust Roots 0.205ms
[13.216s][info][gc,phases,start] GC(137) Compaction Phase
[13.340s][info][gc,phases      ] GC(137) Compaction Phase 124.311ms
[13.340s][info][gc,phases,start] GC(137) Post Compact
[13.343s][info][gc,phases      ] GC(137) Post Compact 3.255ms
[13.343s][info][gc,heap        ] GC(137) PSYoungGen: 31243K(126976K)->31208K(126976K) Eden: 25600K(25600K)->25565K(25600K) From: 5643K(101376K)->5643K(101376K)
[13.343s][info][gc,heap        ] GC(137) ParOldGen: 1706644K(1707008K)->1706644K(1707008K)
[13.343s][info][gc,metaspace   ] GC(137) Metaspace: 6297K(6464K)->6297K(6464K) NonClass: 5764K(5824K)->5764K(5824K) Class: 533K(640K)->533K(640K)
[13.343s][info][gc             ] GC(137) Pause Full (Ergonomics) 1697M->1697M(1791M) 566.178ms
[13.343s][info][gc,cpu         ] GC(137) User=2.67s Sys=0.00s Real=0.57s
[13.344s][info][gc,start       ] GC(138) Pause Full (Ergonomics)
[13.344s][info][gc,phases,start] GC(138) Marking Phase
[13.765s][info][gc,phases      ] GC(138) Marking Phase 420.733ms
[13.765s][info][gc,phases,start] GC(138) Summary Phase
[13.765s][info][gc,phases      ] GC(138) Summary Phase 0.029ms
[13.765s][info][gc,phases,start] GC(138) Adjust Roots
[13.765s][info][gc,phases      ] GC(138) Adjust Roots 0.191ms
[13.765s][info][gc,phases,start] GC(138) Compaction Phase
[13.882s][info][gc,phases      ] GC(138) Compaction Phase 116.682ms
[13.882s][info][gc,phases,start] GC(138) Post Compact
[13.885s][info][gc,phases      ] GC(138) Post Compact 3.336ms
[13.885s][info][gc,heap        ] GC(138) PSYoungGen: 31243K(126976K)->31243K(126976K) Eden: 25600K(25600K)->25599K(25600K) From: 5643K(101376K)->5643K(101376K)
[13.885s][info][gc,heap        ] GC(138) ParOldGen: 1706644K(1707008K)->1706644K(1707008K)
[13.885s][info][gc,metaspace   ] GC(138) Metaspace: 6297K(6464K)->6297K(6464K) NonClass: 5764K(5824K)->5764K(5824K) Class: 533K(640K)->533K(640K)
[13.885s][info][gc             ] GC(138) Pause Full (Ergonomics) 1697M->1697M(1791M) 541.357ms
[13.885s][info][gc,cpu         ] GC(138) User=2.53s Sys=0.00s Real=0.54s
[13.885s][info][gc,start       ] GC(139) Pause Full (Ergonomics)
[13.885s][info][gc,phases,start] GC(139) Marking Phase
[14.304s][info][gc,phases      ] GC(139) Marking Phase 418.089ms
[14.304s][info][gc,phases,start] GC(139) Summary Phase
[14.304s][info][gc,phases      ] GC(139) Summary Phase 0.029ms
[14.304s][info][gc,phases,start] GC(139) Adjust Roots
[14.304s][info][gc,phases      ] GC(139) Adjust Roots 0.194ms
[14.304s][info][gc,phases,start] GC(139) Compaction Phase
[14.425s][info][gc,phases      ] GC(139) Compaction Phase 121.462ms
[14.425s][info][gc,phases,start] GC(139) Post Compact
[14.428s][info][gc,phases      ] GC(139) Post Compact 2.780ms
[14.428s][info][gc,heap        ] GC(139) PSYoungGen: 31243K(126976K)->31243K(126976K) Eden: 25599K(25600K)->25599K(25600K) From: 5643K(101376K)->5643K(101376K)
[14.428s][info][gc,heap        ] GC(139) ParOldGen: 1706644K(1707008K)->1706644K(1707008K)
[14.428s][info][gc,metaspace   ] GC(139) Metaspace: 6297K(6464K)->6297K(6464K) NonClass: 5764K(5824K)->5764K(5824K) Class: 533K(640K)->533K(640K)
[14.428s][info][gc             ] GC(139) Pause Full (Ergonomics) 1697M->1697M(1791M) 542.917ms
[14.428s][info][gc,cpu         ] GC(139) User=2.59s Sys=0.00s Real=0.54s
[14.429s][info][gc,start       ] GC(140) Pause Full (Ergonomics)
[14.429s][info][gc,phases,start] GC(140) Marking Phase
[14.862s][info][gc,phases      ] GC(140) Marking Phase 433.012ms
[14.862s][info][gc,phases,start] GC(140) Summary Phase
[14.862s][info][gc,phases      ] GC(140) Summary Phase 0.033ms
[14.862s][info][gc,phases,start] GC(140) Adjust Roots
[14.862s][info][gc,phases      ] GC(140) Adjust Roots 0.264ms
[14.862s][info][gc,phases,start] GC(140) Compaction Phase
[14.992s][info][gc,phases      ] GC(140) Compaction Phase 130.351ms
[14.993s][info][gc,phases,start] GC(140) Post Compact
[14.995s][info][gc,phases      ] GC(140) Post Compact 2.725ms
[14.995s][info][gc,heap        ] GC(140) PSYoungGen: 31243K(126976K)->31243K(126976K) Eden: 25599K(25600K)->25599K(25600K) From: 5643K(101376K)->5643K(101376K)
[14.995s][info][gc,heap        ] GC(140) ParOldGen: 1706649K(1707008K)->1706649K(1707008K)
[14.995s][info][gc,metaspace   ] GC(140) Metaspace: 6297K(6464K)->6297K(6464K) NonClass: 5764K(5824K)->5764K(5824K) Class: 533K(640K)->533K(640K)
[14.995s][info][gc             ] GC(140) Pause Full (Ergonomics) 1697M->1697M(1791M) 566.725ms
[14.995s][info][gc,cpu         ] GC(140) User=2.66s Sys=0.00s Real=0.57s
[14.996s][info][gc,start       ] GC(141) Pause Full (Ergonomics)
[14.996s][info][gc,phases,start] GC(141) Marking Phase
[15.404s][info][gc,phases      ] GC(141) Marking Phase 408.151ms
[15.404s][info][gc,phases,start] GC(141) Summary Phase
[15.404s][info][gc,phases      ] GC(141) Summary Phase 0.029ms
[15.404s][info][gc,phases,start] GC(141) Adjust Roots
[15.404s][info][gc,phases      ] GC(141) Adjust Roots 0.181ms
[15.404s][info][gc,phases,start] GC(141) Compaction Phase
[15.522s][info][gc,phases      ] GC(141) Compaction Phase 118.225ms
[15.523s][info][gc,phases,start] GC(141) Post Compact
[15.526s][info][gc,phases      ] GC(141) Post Compact 3.204ms
[15.526s][info][gc,heap        ] GC(141) PSYoungGen: 31243K(126976K)->31243K(126976K) Eden: 25599K(25600K)->25599K(25600K) From: 5643K(101376K)->5643K(101376K)
[15.526s][info][gc,heap        ] GC(141) ParOldGen: 1706654K(1707008K)->1706654K(1707008K)
[15.526s][info][gc,metaspace   ] GC(141) Metaspace: 6297K(6464K)->6297K(6464K) NonClass: 5764K(5824K)->5764K(5824K) Class: 533K(640K)->533K(640K)
[15.526s][info][gc             ] GC(141) Pause Full (Ergonomics) 1697M->1697M(1791M) 530.226ms
[15.526s][info][gc,cpu         ] GC(141) User=2.45s Sys=0.00s Real=0.53s
[15.526s][info][gc,start       ] GC(142) Pause Full (Ergonomics)
[15.526s][info][gc,phases,start] GC(142) Marking Phase
[15.947s][info][gc,phases      ] GC(142) Marking Phase 420.447ms
[15.947s][info][gc,phases,start] GC(142) Summary Phase
[15.947s][info][gc,phases      ] GC(142) Summary Phase 0.029ms
[15.947s][info][gc,phases,start] GC(142) Adjust Roots
[15.947s][info][gc,phases      ] GC(142) Adjust Roots 0.186ms
[15.947s][info][gc,phases,start] GC(142) Compaction Phase
[16.062s][info][gc,phases      ] GC(142) Compaction Phase 115.164ms
[16.062s][info][gc,phases,start] GC(142) Post Compact
[16.065s][info][gc,phases      ] GC(142) Post Compact 2.755ms
[16.065s][info][gc,heap        ] GC(142) PSYoungGen: 31243K(126976K)->31243K(126976K) Eden: 25599K(25600K)->25599K(25600K) From: 5643K(101376K)->5643K(101376K)
[16.065s][info][gc,heap        ] GC(142) ParOldGen: 1706659K(1707008K)->1706659K(1707008K)
[16.065s][info][gc,metaspace   ] GC(142) Metaspace: 6297K(6464K)->6297K(6464K) NonClass: 5764K(5824K)->5764K(5824K) Class: 533K(640K)->533K(640K)
[16.065s][info][gc             ] GC(142) Pause Full (Ergonomics) 1697M->1697M(1791M) 538.954ms
[16.065s][info][gc,cpu         ] GC(142) User=2.52s Sys=0.02s Real=0.54s
[16.065s][info][gc,start       ] GC(143) Pause Full (Ergonomics)
[16.065s][info][gc,phases,start] GC(143) Marking Phase
[16.502s][info][gc,phases      ] GC(143) Marking Phase 436.505ms
[16.502s][info][gc,phases,start] GC(143) Summary Phase
[16.502s][info][gc,phases      ] GC(143) Summary Phase 0.029ms
[16.502s][info][gc,phases,start] GC(143) Adjust Roots
[16.502s][info][gc,phases      ] GC(143) Adjust Roots 0.200ms
[16.502s][info][gc,phases,start] GC(143) Compaction Phase
[16.637s][info][gc,phases      ] GC(143) Compaction Phase 135.091ms
[16.637s][info][gc,phases,start] GC(143) Post Compact
[16.641s][info][gc,phases      ] GC(143) Post Compact 3.022ms
[16.641s][info][gc,heap        ] GC(143) PSYoungGen: 31243K(126976K)->31243K(126976K) Eden: 25599K(25600K)->25599K(25600K) From: 5643K(101376K)->5643K(101376K)
[16.641s][info][gc,heap        ] GC(143) ParOldGen: 1706663K(1707008K)->1706663K(1707008K)
[16.641s][info][gc,metaspace   ] GC(143) Metaspace: 6297K(6464K)->6297K(6464K) NonClass: 5764K(5824K)->5764K(5824K) Class: 533K(640K)->533K(640K)
[16.641s][info][gc             ] GC(143) Pause Full (Ergonomics) 1697M->1697M(1791M) 575.173ms
[16.641s][info][gc,cpu         ] GC(143) User=2.72s Sys=0.02s Real=0.58s
[16.641s][info][gc,start       ] GC(144) Pause Full (Ergonomics)
[16.641s][info][gc,phases,start] GC(144) Marking Phase
[17.063s][info][gc,phases      ] GC(144) Marking Phase 422.052ms
[17.063s][info][gc,phases,start] GC(144) Summary Phase
[17.063s][info][gc,phases      ] GC(144) Summary Phase 0.029ms
[17.063s][info][gc,phases,start] GC(144) Adjust Roots
[17.063s][info][gc,phases      ] GC(144) Adjust Roots 0.186ms
[17.063s][info][gc,phases,start] GC(144) Compaction Phase
[17.197s][info][gc,phases      ] GC(144) Compaction Phase 134.031ms
[17.197s][info][gc,phases,start] GC(144) Post Compact
[17.201s][info][gc,phases      ] GC(144) Post Compact 3.290ms
[17.201s][info][gc,heap        ] GC(144) PSYoungGen: 31243K(126976K)->31243K(126976K) Eden: 25599K(25600K)->25599K(25600K) From: 5643K(101376K)->5643K(101376K)
[17.201s][info][gc,heap        ] GC(144) ParOldGen: 1706668K(1707008K)->1706668K(1707008K)
[17.201s][info][gc,metaspace   ] GC(144) Metaspace: 6297K(6464K)->6297K(6464K) NonClass: 5764K(5824K)->5764K(5824K) Class: 533K(640K)->533K(640K)
[17.201s][info][gc             ] GC(144) Pause Full (Ergonomics) 1697M->1697M(1791M) 559.989ms
[17.201s][info][gc,cpu         ] GC(144) User=2.61s Sys=0.02s Real=0.56s
[17.201s][info][gc,start       ] GC(145) Pause Full (Ergonomics)
[17.201s][info][gc,phases,start] GC(145) Marking Phase
[17.666s][info][gc,phases      ] GC(145) Marking Phase 464.987ms
[17.666s][info][gc,phases,start] GC(145) Summary Phase
[17.666s][info][gc,phases      ] GC(145) Summary Phase 0.037ms
[17.666s][info][gc,phases,start] GC(145) Adjust Roots
[17.667s][info][gc,phases      ] GC(145) Adjust Roots 0.230ms
[17.667s][info][gc,phases,start] GC(145) Compaction Phase
[17.791s][info][gc,phases      ] GC(145) Compaction Phase 123.973ms
[17.791s][info][gc,phases,start] GC(145) Post Compact
[17.793s][info][gc,phases      ] GC(145) Post Compact 2.795ms
[17.794s][info][gc,heap        ] GC(145) PSYoungGen: 31243K(126976K)->31243K(126976K) Eden: 25599K(25600K)->25599K(25600K) From: 5643K(101376K)->5643K(101376K)
[17.794s][info][gc,heap        ] GC(145) ParOldGen: 1706673K(1707008K)->1706673K(1707008K)
[17.794s][info][gc,metaspace   ] GC(145) Metaspace: 6297K(6464K)->6297K(6464K) NonClass: 5764K(5824K)->5764K(5824K) Class: 533K(640K)->533K(640K)
[17.794s][info][gc             ] GC(145) Pause Full (Ergonomics) 1697M->1697M(1791M) 592.360ms
[17.794s][info][gc,cpu         ] GC(145) User=2.75s Sys=0.00s Real=0.59s
[17.794s][info][gc,start       ] GC(146) Pause Full (Ergonomics)
[17.794s][info][gc,phases,start] GC(146) Marking Phase
[18.232s][info][gc,phases      ] GC(146) Marking Phase 438.256ms
[18.232s][info][gc,phases,start] GC(146) Summary Phase
[18.232s][info][gc,phases      ] GC(146) Summary Phase 0.033ms
[18.232s][info][gc,phases,start] GC(146) Adjust Roots
[18.232s][info][gc,phases      ] GC(146) Adjust Roots 0.203ms
[18.233s][info][gc,phases,start] GC(146) Compaction Phase
[18.374s][info][gc,phases      ] GC(146) Compaction Phase 141.460ms
[18.374s][info][gc,phases,start] GC(146) Post Compact
[18.377s][info][gc,phases      ] GC(146) Post Compact 3.264ms
[18.377s][info][gc,heap        ] GC(146) PSYoungGen: 31243K(126976K)->31243K(126976K) Eden: 25599K(25600K)->25599K(25600K) From: 5643K(101376K)->5643K(101376K)
[18.377s][info][gc,heap        ] GC(146) ParOldGen: 1706677K(1707008K)->1706677K(1707008K)
[18.377s][info][gc,metaspace   ] GC(146) Metaspace: 6297K(6464K)->6297K(6464K) NonClass: 5764K(5824K)->5764K(5824K) Class: 533K(640K)->533K(640K)
[18.377s][info][gc             ] GC(146) Pause Full (Ergonomics) 1697M->1697M(1791M) 583.608ms
[18.378s][info][gc,cpu         ] GC(146) User=2.66s Sys=0.00s Real=0.58s
[18.378s][info][gc,start       ] GC(147) Pause Full (Ergonomics)
[18.378s][info][gc,phases,start] GC(147) Marking Phase
[18.796s][info][gc,phases      ] GC(147) Marking Phase 418.058ms
[18.796s][info][gc,phases,start] GC(147) Summary Phase
[18.796s][info][gc,phases      ] GC(147) Summary Phase 0.027ms
[18.796s][info][gc,phases,start] GC(147) Adjust Roots
[18.796s][info][gc,phases      ] GC(147) Adjust Roots 0.192ms
[18.796s][info][gc,phases,start] GC(147) Compaction Phase
[18.913s][info][gc,phases      ] GC(147) Compaction Phase 116.651ms
[18.913s][info][gc,phases,start] GC(147) Post Compact
[18.916s][info][gc,phases      ] GC(147) Post Compact 2.813ms
[18.916s][info][gc,heap        ] GC(147) PSYoungGen: 31243K(126976K)->31243K(126976K) Eden: 25599K(25600K)->25599K(25600K) From: 5643K(101376K)->5643K(101376K)
[18.916s][info][gc,heap        ] GC(147) ParOldGen: 1706682K(1707008K)->1706682K(1707008K)
[18.916s][info][gc,metaspace   ] GC(147) Metaspace: 6297K(6464K)->6297K(6464K) NonClass: 5764K(5824K)->5764K(5824K) Class: 533K(640K)->533K(640K)
[18.916s][info][gc             ] GC(147) Pause Full (Ergonomics) 1697M->1697M(1791M) 538.054ms
[18.916s][info][gc,cpu         ] GC(147) User=2.53s Sys=0.02s Real=0.54s
[18.916s][info][gc,start       ] GC(148) Pause Full (Ergonomics)
[18.916s][info][gc,phases,start] GC(148) Marking Phase
[19.316s][info][gc,phases      ] GC(148) Marking Phase 399.446ms
[19.316s][info][gc,phases,start] GC(148) Summary Phase
[19.316s][info][gc,phases      ] GC(148) Summary Phase 0.029ms
[19.316s][info][gc,phases,start] GC(148) Adjust Roots
[19.316s][info][gc,phases      ] GC(148) Adjust Roots 0.195ms
[19.316s][info][gc,phases,start] GC(148) Compaction Phase
[19.443s][info][gc,phases      ] GC(148) Compaction Phase 127.549ms
[19.444s][info][gc,phases,start] GC(148) Post Compact
[19.447s][info][gc,phases      ] GC(148) Post Compact 3.269ms
[19.447s][info][gc,heap        ] GC(148) PSYoungGen: 31243K(126976K)->31243K(126976K) Eden: 25599K(25600K)->25599K(25600K) From: 5643K(101376K)->5643K(101376K)
[19.447s][info][gc,heap        ] GC(148) ParOldGen: 1706687K(1707008K)->1706687K(1707008K)
[19.447s][info][gc,metaspace   ] GC(148) Metaspace: 6297K(6464K)->6297K(6464K) NonClass: 5764K(5824K)->5764K(5824K) Class: 533K(640K)->533K(640K)
[19.447s][info][gc             ] GC(148) Pause Full (Ergonomics) 1697M->1697M(1791M) 530.859ms
[19.447s][info][gc,cpu         ] GC(148) User=2.39s Sys=0.00s Real=0.53s
[19.447s][info][gc,start       ] GC(149) Pause Full (Ergonomics)
[19.447s][info][gc,phases,start] GC(149) Marking Phase
[19.857s][info][gc,phases      ] GC(149) Marking Phase 410.118ms
[19.858s][info][gc,phases,start] GC(149) Summary Phase
[19.858s][info][gc,phases      ] GC(149) Summary Phase 0.029ms
[19.858s][info][gc,phases,start] GC(149) Adjust Roots
[19.858s][info][gc,phases      ] GC(149) Adjust Roots 0.188ms
[19.858s][info][gc,phases,start] GC(149) Compaction Phase
[19.993s][info][gc,phases      ] GC(149) Compaction Phase 135.401ms
[19.993s][info][gc,phases,start] GC(149) Post Compact
[19.996s][info][gc,phases      ] GC(149) Post Compact 3.250ms
[19.997s][info][gc,heap        ] GC(149) PSYoungGen: 31243K(126976K)->31243K(126976K) Eden: 25599K(25600K)->25599K(25600K) From: 5643K(101376K)->5643K(101376K)
[19.997s][info][gc,heap        ] GC(149) ParOldGen: 1706691K(1707008K)->1706691K(1707008K)
[19.997s][info][gc,metaspace   ] GC(149) Metaspace: 6297K(6464K)->6297K(6464K) NonClass: 5764K(5824K)->5764K(5824K) Class: 533K(640K)->533K(640K)
[19.997s][info][gc             ] GC(149) Pause Full (Ergonomics) 1697M->1697M(1791M) 549.349ms
[19.997s][info][gc,cpu         ] GC(149) User=2.45s Sys=0.02s Real=0.55s
[19.997s][info][gc,start       ] GC(150) Pause Full (Ergonomics)
[19.997s][info][gc,phases,start] GC(150) Marking Phase
[20.433s][info][gc,phases      ] GC(150) Marking Phase 436.093ms
[20.433s][info][gc,phases,start] GC(150) Summary Phase
[20.433s][info][gc,phases      ] GC(150) Summary Phase 0.029ms
[20.433s][info][gc,phases,start] GC(150) Adjust Roots
[20.433s][info][gc,phases      ] GC(150) Adjust Roots 0.198ms
[20.433s][info][gc,phases,start] GC(150) Compaction Phase
[20.550s][info][gc,phases      ] GC(150) Compaction Phase 116.700ms
[20.550s][info][gc,phases,start] GC(150) Post Compact
[20.553s][info][gc,phases      ] GC(150) Post Compact 2.844ms
[20.553s][info][gc,heap        ] GC(150) PSYoungGen: 31243K(126976K)->31243K(126976K) Eden: 25599K(25600K)->25599K(25600K) From: 5643K(101376K)->5643K(101376K)
[20.553s][info][gc,heap        ] GC(150) ParOldGen: 1706696K(1707008K)->1706696K(1707008K)
[20.553s][info][gc,metaspace   ] GC(150) Metaspace: 6297K(6464K)->6297K(6464K) NonClass: 5764K(5824K)->5764K(5824K) Class: 533K(640K)->533K(640K)
[20.553s][info][gc             ] GC(150) Pause Full (Ergonomics) 1697M->1697M(1791M) 556.207ms
[20.553s][info][gc,cpu         ] GC(150) User=2.62s Sys=0.02s Real=0.56s
[20.553s][info][gc,start       ] GC(151) Pause Full (Ergonomics)
[20.554s][info][gc,phases,start] GC(151) Marking Phase
[20.963s][info][gc,phases      ] GC(151) Marking Phase 409.305ms
[20.963s][info][gc,phases,start] GC(151) Summary Phase
[20.963s][info][gc,phases      ] GC(151) Summary Phase 0.029ms
[20.963s][info][gc,phases,start] GC(151) Adjust Roots
[20.963s][info][gc,phases      ] GC(151) Adjust Roots 0.198ms
[20.963s][info][gc,phases,start] GC(151) Compaction Phase
[21.079s][info][gc,phases      ] GC(151) Compaction Phase 115.732ms
[21.079s][info][gc,phases,start] GC(151) Post Compact
[21.082s][info][gc,phases      ] GC(151) Post Compact 3.229ms
[21.082s][info][gc,heap        ] GC(151) PSYoungGen: 31243K(126976K)->31243K(126976K) Eden: 25599K(25600K)->25599K(25600K) From: 5643K(101376K)->5643K(101376K)
[21.082s][info][gc,heap        ] GC(151) ParOldGen: 1706701K(1707008K)->1706701K(1707008K)
[21.082s][info][gc,metaspace   ] GC(151) Metaspace: 6297K(6464K)->6297K(6464K) NonClass: 5764K(5824K)->5764K(5824K) Class: 533K(640K)->533K(640K)
[21.082s][info][gc             ] GC(151) Pause Full (Ergonomics) 1697M->1697M(1791M) 528.852ms
[21.082s][info][gc,cpu         ] GC(151) User=2.44s Sys=0.00s Real=0.53s
[21.083s][info][gc,start       ] GC(152) Pause Full (Ergonomics)
[21.083s][info][gc,phases,start] GC(152) Marking Phase
[21.514s][info][gc,phases      ] GC(152) Marking Phase 430.885ms
[21.514s][info][gc,phases,start] GC(152) Summary Phase
[21.514s][info][gc,phases      ] GC(152) Summary Phase 0.029ms
[21.514s][info][gc,phases,start] GC(152) Adjust Roots
[21.514s][info][gc,phases      ] GC(152) Adjust Roots 0.192ms
[21.514s][info][gc,phases,start] GC(152) Compaction Phase
[21.652s][info][gc,phases      ] GC(152) Compaction Phase 138.556ms
[21.652s][info][gc,phases,start] GC(152) Post Compact
[21.656s][info][gc,phases      ] GC(152) Post Compact 3.067ms
[21.656s][info][gc,heap        ] GC(152) PSYoungGen: 31243K(126976K)->31243K(126976K) Eden: 25599K(25600K)->25599K(25600K) From: 5643K(101376K)->5643K(101376K)
[21.656s][info][gc,heap        ] GC(152) ParOldGen: 1706705K(1707008K)->1706705K(1707008K)
[21.656s][info][gc,metaspace   ] GC(152) Metaspace: 6297K(6464K)->6297K(6464K) NonClass: 5764K(5824K)->5764K(5824K) Class: 533K(640K)->533K(640K)
[21.656s][info][gc             ] GC(152) Pause Full (Ergonomics) 1697M->1697M(1791M) 573.089ms
[21.656s][info][gc,cpu         ] GC(152) User=2.62s Sys=0.00s Real=0.57s
[21.656s][info][gc,start       ] GC(153) Pause Full (Ergonomics)
[21.656s][info][gc,phases,start] GC(153) Marking Phase
[22.054s][info][gc,phases      ] GC(153) Marking Phase 397.553ms
[22.054s][info][gc,phases,start] GC(153) Summary Phase
[22.054s][info][gc,phases      ] GC(153) Summary Phase 0.055ms
[22.054s][info][gc,phases,start] GC(153) Adjust Roots
[22.054s][info][gc,phases      ] GC(153) Adjust Roots 0.194ms
[22.054s][info][gc,phases,start] GC(153) Compaction Phase
[22.189s][info][gc,phases      ] GC(153) Compaction Phase 134.583ms
[22.189s][info][gc,phases,start] GC(153) Post Compact
[22.192s][info][gc,phases      ] GC(153) Post Compact 3.244ms
[22.192s][info][gc,heap        ] GC(153) PSYoungGen: 31243K(126976K)->31243K(126976K) Eden: 25599K(25600K)->25599K(25600K) From: 5643K(101376K)->5643K(101376K)
[22.192s][info][gc,heap        ] GC(153) ParOldGen: 1706710K(1707008K)->1706710K(1707008K)
[22.192s][info][gc,metaspace   ] GC(153) Metaspace: 6297K(6464K)->6297K(6464K) NonClass: 5764K(5824K)->5764K(5824K) Class: 533K(640K)->533K(640K)
[22.192s][info][gc             ] GC(153) Pause Full (Ergonomics) 1697M->1697M(1791M) 536.021ms
[22.192s][info][gc,cpu         ] GC(153) User=2.31s Sys=0.02s Real=0.54s
[22.192s][info][gc,start       ] GC(154) Pause Full (Ergonomics)
[22.192s][info][gc,phases,start] GC(154) Marking Phase
[22.611s][info][gc,phases      ] GC(154) Marking Phase 418.507ms
[22.611s][info][gc,phases,start] GC(154) Summary Phase
[22.611s][info][gc,phases      ] GC(154) Summary Phase 0.029ms
[22.611s][info][gc,phases,start] GC(154) Adjust Roots
[22.611s][info][gc,phases      ] GC(154) Adjust Roots 0.192ms
[22.611s][info][gc,phases,start] GC(154) Compaction Phase
[22.745s][info][gc,phases      ] GC(154) Compaction Phase 134.088ms
[22.745s][info][gc,phases,start] GC(154) Post Compact
[22.749s][info][gc,phases      ] GC(154) Post Compact 3.313ms
[22.749s][info][gc,heap        ] GC(154) PSYoungGen: 31243K(126976K)->31243K(126976K) Eden: 25599K(25600K)->25599K(25600K) From: 5643K(101376K)->5643K(101376K)
[22.749s][info][gc,heap        ] GC(154) ParOldGen: 1706715K(1707008K)->1706715K(1707008K)
[22.749s][info][gc,metaspace   ] GC(154) Metaspace: 6297K(6464K)->6297K(6464K) NonClass: 5764K(5824K)->5764K(5824K) Class: 533K(640K)->533K(640K)
[22.749s][info][gc             ] GC(154) Pause Full (Ergonomics) 1697M->1697M(1791M) 556.500ms
[22.749s][info][gc,cpu         ] GC(154) User=2.62s Sys=0.00s Real=0.56s
[22.749s][info][gc,start       ] GC(155) Pause Full (Ergonomics)
[22.749s][info][gc,phases,start] GC(155) Marking Phase
[23.172s][info][gc,phases      ] GC(155) Marking Phase 422.517ms
[23.172s][info][gc,phases,start] GC(155) Summary Phase
[23.172s][info][gc,phases      ] GC(155) Summary Phase 0.061ms
[23.172s][info][gc,phases,start] GC(155) Adjust Roots
[23.172s][info][gc,phases      ] GC(155) Adjust Roots 0.188ms
[23.172s][info][gc,phases,start] GC(155) Compaction Phase
[23.306s][info][gc,phases      ] GC(155) Compaction Phase 133.575ms
[23.306s][info][gc,phases,start] GC(155) Post Compact
[23.309s][info][gc,phases      ] GC(155) Post Compact 3.135ms
[23.309s][info][gc,heap        ] GC(155) PSYoungGen: 31243K(126976K)->31243K(126976K) Eden: 25599K(25600K)->25599K(25600K) From: 5643K(101376K)->5643K(101376K)
[23.309s][info][gc,heap        ] GC(155) ParOldGen: 1706719K(1707008K)->1706719K(1707008K)
[23.309s][info][gc,metaspace   ] GC(155) Metaspace: 6297K(6464K)->6297K(6464K) NonClass: 5764K(5824K)->5764K(5824K) Class: 533K(640K)->533K(640K)
[23.309s][info][gc             ] GC(155) Pause Full (Ergonomics) 1697M->1697M(1791M) 559.834ms
[23.309s][info][gc,cpu         ] GC(155) User=2.56s Sys=0.02s Real=0.56s
[23.309s][info][gc,start       ] GC(156) Pause Full (Ergonomics)
[23.309s][info][gc,phases,start] GC(156) Marking Phase
[23.737s][info][gc,phases      ] GC(156) Marking Phase 427.825ms
[23.737s][info][gc,phases,start] GC(156) Summary Phase
[23.737s][info][gc,phases      ] GC(156) Summary Phase 0.029ms
[23.737s][info][gc,phases,start] GC(156) Adjust Roots
[23.737s][info][gc,phases      ] GC(156) Adjust Roots 0.191ms
[23.738s][info][gc,phases,start] GC(156) Compaction Phase
[23.873s][info][gc,phases      ] GC(156) Compaction Phase 135.312ms
[23.873s][info][gc,phases,start] GC(156) Post Compact
[23.876s][info][gc,phases      ] GC(156) Post Compact 2.999ms
[23.876s][info][gc,heap        ] GC(156) PSYoungGen: 31243K(126976K)->31243K(126976K) Eden: 25599K(25600K)->25599K(25600K) From: 5643K(101376K)->5643K(101376K)
[23.876s][info][gc,heap        ] GC(156) ParOldGen: 1706724K(1707008K)->1706724K(1707008K)
[23.876s][info][gc,metaspace   ] GC(156) Metaspace: 6297K(6464K)->6297K(6464K) NonClass: 5764K(5824K)->5764K(5824K) Class: 533K(640K)->533K(640K)
[23.876s][info][gc             ] GC(156) Pause Full (Ergonomics) 1697M->1697M(1791M) 566.733ms
[23.876s][info][gc,cpu         ] GC(156) User=2.61s Sys=0.02s Real=0.57s
[23.876s][info][gc,start       ] GC(157) Pause Full (Ergonomics)
[23.876s][info][gc,phases,start] GC(157) Marking Phase
[24.279s][info][gc,phases      ] GC(157) Marking Phase 402.359ms
[24.279s][info][gc,phases,start] GC(157) Summary Phase
[24.279s][info][gc,phases      ] GC(157) Summary Phase 0.030ms
[24.279s][info][gc,phases,start] GC(157) Adjust Roots
[24.279s][info][gc,phases      ] GC(157) Adjust Roots 0.187ms
[24.279s][info][gc,phases,start] GC(157) Compaction Phase
[24.414s][info][gc,phases      ] GC(157) Compaction Phase 135.150ms
[24.414s][info][gc,phases,start] GC(157) Post Compact
[24.417s][info][gc,phases      ] GC(157) Post Compact 3.160ms
[24.418s][info][gc,heap        ] GC(157) PSYoungGen: 31243K(126976K)->31243K(126976K) Eden: 25599K(25600K)->25599K(25600K) From: 5643K(101376K)->5643K(101376K)
[24.418s][info][gc,heap        ] GC(157) ParOldGen: 1706729K(1707008K)->1706729K(1707008K)
[24.418s][info][gc,metaspace   ] GC(157) Metaspace: 6297K(6464K)->6297K(6464K) NonClass: 5764K(5824K)->5764K(5824K) Class: 533K(640K)->533K(640K)
[24.418s][info][gc             ] GC(157) Pause Full (Ergonomics) 1697M->1697M(1791M) 541.221ms
[24.418s][info][gc,cpu         ] GC(157) User=2.50s Sys=0.00s Real=0.54s
[24.418s][info][gc,start       ] GC(158) Pause Full (Ergonomics)
[24.418s][info][gc,phases,start] GC(158) Marking Phase
[24.849s][info][gc,phases      ] GC(158) Marking Phase 431.131ms
[24.849s][info][gc,phases,start] GC(158) Summary Phase
[24.849s][info][gc,phases      ] GC(158) Summary Phase 0.029ms
[24.849s][info][gc,phases,start] GC(158) Adjust Roots
[24.849s][info][gc,phases      ] GC(158) Adjust Roots 0.189ms
[24.849s][info][gc,phases,start] GC(158) Compaction Phase
[24.988s][info][gc,phases      ] GC(158) Compaction Phase 138.377ms
[24.988s][info][gc,phases,start] GC(158) Post Compact
[24.991s][info][gc,phases      ] GC(158) Post Compact 3.246ms
[24.991s][info][gc,heap        ] GC(158) PSYoungGen: 31243K(126976K)->31243K(126976K) Eden: 25599K(25600K)->25599K(25600K) From: 5643K(101376K)->5643K(101376K)
[24.991s][info][gc,heap        ] GC(158) ParOldGen: 1706733K(1707008K)->1706733K(1707008K)
[24.991s][info][gc,metaspace   ] GC(158) Metaspace: 6297K(6464K)->6297K(6464K) NonClass: 5764K(5824K)->5764K(5824K) Class: 533K(640K)->533K(640K)
[24.991s][info][gc             ] GC(158) Pause Full (Ergonomics) 1697M->1697M(1791M) 573.420ms
[24.991s][info][gc,cpu         ] GC(158) User=2.52s Sys=0.00s Real=0.57s
[24.992s][info][gc,start       ] GC(159) Pause Full (Ergonomics)
[24.992s][info][gc,phases,start] GC(159) Marking Phase
[25.459s][info][gc,phases      ] GC(159) Marking Phase 467.729ms
[25.459s][info][gc,phases,start] GC(159) Summary Phase
[25.459s][info][gc,phases      ] GC(159) Summary Phase 0.035ms
[25.459s][info][gc,phases,start] GC(159) Adjust Roots
[25.460s][info][gc,phases      ] GC(159) Adjust Roots 0.216ms
[25.460s][info][gc,phases,start] GC(159) Compaction Phase
[25.595s][info][gc,phases      ] GC(159) Compaction Phase 135.533ms
[25.595s][info][gc,phases,start] GC(159) Post Compact
[25.599s][info][gc,phases      ] GC(159) Post Compact 3.266ms
[25.599s][info][gc,heap        ] GC(159) PSYoungGen: 31243K(126976K)->31243K(126976K) Eden: 25599K(25600K)->25599K(25600K) From: 5643K(101376K)->5643K(101376K)
[25.599s][info][gc,heap        ] GC(159) ParOldGen: 1706738K(1707008K)->1706738K(1707008K)
[25.599s][info][gc,metaspace   ] GC(159) Metaspace: 6297K(6464K)->6297K(6464K) NonClass: 5764K(5824K)->5764K(5824K) Class: 533K(640K)->533K(640K)
[25.599s][info][gc             ] GC(159) Pause Full (Ergonomics) 1697M->1697M(1791M) 607.155ms
[25.599s][info][gc,cpu         ] GC(159) User=2.75s Sys=0.02s Real=0.61s
[25.599s][info][gc,start       ] GC(160) Pause Full (Ergonomics)
[25.599s][info][gc,phases,start] GC(160) Marking Phase
[26.014s][info][gc,phases      ] GC(160) Marking Phase 415.227ms
[26.014s][info][gc,phases,start] GC(160) Summary Phase
[26.014s][info][gc,phases      ] GC(160) Summary Phase 0.030ms
[26.014s][info][gc,phases,start] GC(160) Adjust Roots
[26.015s][info][gc,phases      ] GC(160) Adjust Roots 0.199ms
[26.015s][info][gc,phases,start] GC(160) Compaction Phase
[26.132s][info][gc,phases      ] GC(160) Compaction Phase 117.701ms
[26.132s][info][gc,phases,start] GC(160) Post Compact
[26.135s][info][gc,phases      ] GC(160) Post Compact 2.753ms
[26.135s][info][gc,heap        ] GC(160) PSYoungGen: 31243K(126976K)->31243K(126976K) Eden: 25599K(25600K)->25599K(25600K) From: 5643K(101376K)->5643K(101376K)
[26.135s][info][gc,heap        ] GC(160) ParOldGen: 1706743K(1707008K)->1706743K(1707008K)
[26.135s][info][gc,metaspace   ] GC(160) Metaspace: 6297K(6464K)->6297K(6464K) NonClass: 5764K(5824K)->5764K(5824K) Class: 533K(640K)->533K(640K)
[26.135s][info][gc             ] GC(160) Pause Full (Ergonomics) 1697M->1697M(1791M) 536.236ms
[26.135s][info][gc,cpu         ] GC(160) User=2.59s Sys=0.00s Real=0.54s
[26.136s][info][gc,start       ] GC(161) Pause Full (Ergonomics)
[26.136s][info][gc,phases,start] GC(161) Marking Phase
[26.547s][info][gc,phases      ] GC(161) Marking Phase 410.963ms
[26.547s][info][gc,phases,start] GC(161) Summary Phase
[26.547s][info][gc,phases      ] GC(161) Summary Phase 0.030ms
[26.547s][info][gc,phases,start] GC(161) Adjust Roots
[26.547s][info][gc,phases      ] GC(161) Adjust Roots 0.190ms
[26.547s][info][gc,phases,start] GC(161) Compaction Phase
[26.665s][info][gc,phases      ] GC(161) Compaction Phase 118.364ms
[26.665s][info][gc,phases,start] GC(161) Post Compact
[26.668s][info][gc,phases      ] GC(161) Post Compact 3.017ms
[26.668s][info][gc,heap        ] GC(161) PSYoungGen: 31243K(126976K)->31243K(126976K) Eden: 25599K(25600K)->25599K(25600K) From: 5643K(101376K)->5643K(101376K)
[26.669s][info][gc,heap        ] GC(161) ParOldGen: 1706747K(1707008K)->1706747K(1707008K)
[26.669s][info][gc,metaspace   ] GC(161) Metaspace: 6297K(6464K)->6297K(6464K) NonClass: 5764K(5824K)->5764K(5824K) Class: 533K(640K)->533K(640K)
[26.669s][info][gc             ] GC(161) Pause Full (Ergonomics) 1697M->1697M(1791M) 533.018ms
[26.669s][info][gc,cpu         ] GC(161) User=2.44s Sys=0.00s Real=0.53s
[26.669s][info][gc,start       ] GC(162) Pause Full (Ergonomics)
[26.669s][info][gc,phases,start] GC(162) Marking Phase
[27.089s][info][gc,phases      ] GC(162) Marking Phase 420.328ms
[27.089s][info][gc,phases,start] GC(162) Summary Phase
[27.089s][info][gc,phases      ] GC(162) Summary Phase 0.029ms
[27.089s][info][gc,phases,start] GC(162) Adjust Roots
[27.090s][info][gc,phases      ] GC(162) Adjust Roots 0.196ms
[27.090s][info][gc,phases,start] GC(162) Compaction Phase
[27.215s][info][gc,phases      ] GC(162) Compaction Phase 125.440ms
[27.215s][info][gc,phases,start] GC(162) Post Compact
[27.218s][info][gc,phases      ] GC(162) Post Compact 3.282ms
[27.218s][info][gc,heap        ] GC(162) PSYoungGen: 31243K(126976K)->31243K(126976K) Eden: 25599K(25600K)->25599K(25600K) From: 5643K(101376K)->5643K(101376K)
[27.218s][info][gc,heap        ] GC(162) ParOldGen: 1706752K(1707008K)->1706752K(1707008K)
[27.218s][info][gc,metaspace   ] GC(162) Metaspace: 6297K(6464K)->6297K(6464K) NonClass: 5764K(5824K)->5764K(5824K) Class: 533K(640K)->533K(640K)
[27.219s][info][gc             ] GC(162) Pause Full (Ergonomics) 1697M->1697M(1791M) 549.640ms
[27.219s][info][gc,cpu         ] GC(162) User=2.52s Sys=0.00s Real=0.55s
[27.219s][info][gc,start       ] GC(163) Pause Full (Ergonomics)
[27.219s][info][gc,phases,start] GC(163) Marking Phase
[27.637s][info][gc,phases      ] GC(163) Marking Phase 418.320ms
[27.637s][info][gc,phases,start] GC(163) Summary Phase
[27.637s][info][gc,phases      ] GC(163) Summary Phase 0.029ms
[27.637s][info][gc,phases,start] GC(163) Adjust Roots
[27.638s][info][gc,phases      ] GC(163) Adjust Roots 0.188ms
[27.638s][info][gc,phases,start] GC(163) Compaction Phase
[27.756s][info][gc,phases      ] GC(163) Compaction Phase 118.683ms
[27.756s][info][gc,phases,start] GC(163) Post Compact
[27.759s][info][gc,phases      ] GC(163) Post Compact 2.833ms
[27.759s][info][gc,heap        ] GC(163) PSYoungGen: 31243K(126976K)->31243K(126976K) Eden: 25599K(25600K)->25599K(25600K) From: 5643K(101376K)->5643K(101376K)
[27.759s][info][gc,heap        ] GC(163) ParOldGen: 1706757K(1707008K)->1706757K(1707008K)
[27.759s][info][gc,metaspace   ] GC(163) Metaspace: 6297K(6464K)->6297K(6464K) NonClass: 5764K(5824K)->5764K(5824K) Class: 533K(640K)->533K(640K)
[27.759s][info][gc             ] GC(163) Pause Full (Ergonomics) 1697M->1697M(1791M) 540.380ms
[27.759s][info][gc,cpu         ] GC(163) User=2.52s Sys=0.03s Real=0.54s
[27.760s][info][gc,start       ] GC(164) Pause Full (Ergonomics)
[27.760s][info][gc,phases,start] GC(164) Marking Phase
[28.167s][info][gc,phases      ] GC(164) Marking Phase 407.738ms
[28.167s][info][gc,phases,start] GC(164) Summary Phase
[28.167s][info][gc,phases      ] GC(164) Summary Phase 0.029ms
[28.167s][info][gc,phases,start] GC(164) Adjust Roots
[28.168s][info][gc,phases      ] GC(164) Adjust Roots 0.213ms
[28.168s][info][gc,phases,start] GC(164) Compaction Phase
[28.305s][info][gc,phases      ] GC(164) Compaction Phase 137.009ms
[28.305s][info][gc,phases,start] GC(164) Post Compact
[28.308s][info][gc,phases      ] GC(164) Post Compact 3.295ms
[28.308s][info][gc,heap        ] GC(164) PSYoungGen: 31243K(126976K)->31243K(126976K) Eden: 25599K(25600K)->25599K(25600K) From: 5643K(101376K)->5643K(101376K)
[28.308s][info][gc,heap        ] GC(164) ParOldGen: 1706761K(1707008K)->1706761K(1707008K)
[28.308s][info][gc,metaspace   ] GC(164) Metaspace: 6297K(6464K)->6297K(6464K) NonClass: 5764K(5824K)->5764K(5824K) Class: 533K(640K)->533K(640K)
[28.308s][info][gc             ] GC(164) Pause Full (Ergonomics) 1697M->1697M(1791M) 548.731ms
[28.308s][info][gc,cpu         ] GC(164) User=2.48s Sys=0.00s Real=0.55s
[28.309s][info][gc,start       ] GC(165) Pause Full (Ergonomics)
[28.309s][info][gc,phases,start] GC(165) Marking Phase
[28.712s][info][gc,phases      ] GC(165) Marking Phase 403.385ms
[28.712s][info][gc,phases,start] GC(165) Summary Phase
[28.712s][info][gc,phases      ] GC(165) Summary Phase 0.029ms
[28.712s][info][gc,phases,start] GC(165) Adjust Roots
[28.712s][info][gc,phases      ] GC(165) Adjust Roots 0.198ms
[28.712s][info][gc,phases,start] GC(165) Compaction Phase
[28.829s][info][gc,phases      ] GC(165) Compaction Phase 116.660ms
[28.829s][info][gc,phases,start] GC(165) Post Compact
[28.832s][info][gc,phases      ] GC(165) Post Compact 2.816ms
[28.832s][info][gc,heap        ] GC(165) PSYoungGen: 31243K(126976K)->31243K(126976K) Eden: 25599K(25600K)->25599K(25600K) From: 5643K(101376K)->5643K(101376K)
[28.832s][info][gc,heap        ] GC(165) ParOldGen: 1706766K(1707008K)->1706766K(1707008K)
[28.832s][info][gc,metaspace   ] GC(165) Metaspace: 6297K(6464K)->6297K(6464K) NonClass: 5764K(5824K)->5764K(5824K) Class: 533K(640K)->533K(640K)
[28.832s][info][gc             ] GC(165) Pause Full (Ergonomics) 1697M->1697M(1791M) 523.401ms
[28.832s][info][gc,cpu         ] GC(165) User=2.42s Sys=0.03s Real=0.52s
[28.832s][info][gc,start       ] GC(166) Pause Full (Ergonomics)
[28.832s][info][gc,phases,start] GC(166) Marking Phase
[29.259s][info][gc,phases      ] GC(166) Marking Phase 426.702ms
[29.259s][info][gc,phases,start] GC(166) Summary Phase
[29.259s][info][gc,phases      ] GC(166) Summary Phase 0.029ms
[29.259s][info][gc,phases,start] GC(166) Adjust Roots
[29.259s][info][gc,phases      ] GC(166) Adjust Roots 0.197ms
[29.259s][info][gc,phases,start] GC(166) Compaction Phase
[29.382s][info][gc,phases      ] GC(166) Compaction Phase 122.143ms
[29.382s][info][gc,phases,start] GC(166) Post Compact
[29.385s][info][gc,phases      ] GC(166) Post Compact 3.278ms
[29.385s][info][gc,heap        ] GC(166) PSYoungGen: 31243K(126976K)->31243K(126976K) Eden: 25599K(25600K)->25599K(25600K) From: 5643K(101376K)->5643K(101376K)
[29.385s][info][gc,heap        ] GC(166) ParOldGen: 1706771K(1707008K)->1706771K(1707008K)
[29.385s][info][gc,metaspace   ] GC(166) Metaspace: 6297K(6464K)->6297K(6464K) NonClass: 5764K(5824K)->5764K(5824K) Class: 533K(640K)->533K(640K)
[29.385s][info][gc             ] GC(166) Pause Full (Ergonomics) 1697M->1697M(1791M) 552.699ms
[29.385s][info][gc,cpu         ] GC(166) User=2.58s Sys=0.00s Real=0.55s
[29.385s][info][gc,start       ] GC(167) Pause Full (Ergonomics)
[29.385s][info][gc,phases,start] GC(167) Marking Phase
[29.782s][info][gc,phases      ] GC(167) Marking Phase 396.502ms
[29.782s][info][gc,phases,start] GC(167) Summary Phase
[29.782s][info][gc,phases      ] GC(167) Summary Phase 0.029ms
[29.782s][info][gc,phases,start] GC(167) Adjust Roots
[29.782s][info][gc,phases      ] GC(167) Adjust Roots 0.196ms
[29.782s][info][gc,phases,start] GC(167) Compaction Phase
[29.899s][info][gc,phases      ] GC(167) Compaction Phase 116.733ms
[29.899s][info][gc,phases,start] GC(167) Post Compact
[29.902s][info][gc,phases      ] GC(167) Post Compact 3.231ms
[29.902s][info][gc,heap        ] GC(167) PSYoungGen: 31243K(126976K)->31243K(126976K) Eden: 25599K(25600K)->25599K(25600K) From: 5643K(101376K)->5643K(101376K)
[29.902s][info][gc,heap        ] GC(167) ParOldGen: 1706775K(1707008K)->1706775K(1707008K)
[29.902s][info][gc,metaspace   ] GC(167) Metaspace: 6297K(6464K)->6297K(6464K) NonClass: 5764K(5824K)->5764K(5824K) Class: 533K(640K)->533K(640K)
[29.902s][info][gc             ] GC(167) Pause Full (Ergonomics) 1697M->1697M(1791M) 517.025ms
[29.902s][info][gc,cpu         ] GC(167) User=2.36s Sys=0.02s Real=0.52s
[29.903s][info][gc,start       ] GC(168) Pause Full (Ergonomics)
[29.903s][info][gc,phases,start] GC(168) Marking Phase
[30.362s][info][gc,phases      ] GC(168) Marking Phase 459.388ms
[30.362s][info][gc,phases,start] GC(168) Summary Phase
[30.362s][info][gc,phases      ] GC(168) Summary Phase 0.045ms
[30.362s][info][gc,phases,start] GC(168) Adjust Roots
[30.363s][info][gc,phases      ] GC(168) Adjust Roots 0.230ms
[30.363s][info][gc,phases,start] GC(168) Compaction Phase
[30.494s][info][gc,phases      ] GC(168) Compaction Phase 131.885ms
[30.495s][info][gc,phases,start] GC(168) Post Compact
[30.498s][info][gc,phases      ] GC(168) Post Compact 2.968ms
[30.498s][info][gc,heap        ] GC(168) PSYoungGen: 31243K(126976K)->31243K(126976K) Eden: 25599K(25600K)->25599K(25600K) From: 5643K(101376K)->5643K(101376K)
[30.498s][info][gc,heap        ] GC(168) ParOldGen: 1706780K(1707008K)->1706780K(1707008K)
[30.498s][info][gc,metaspace   ] GC(168) Metaspace: 6297K(6464K)->6297K(6464K) NonClass: 5764K(5824K)->5764K(5824K) Class: 533K(640K)->533K(640K)
[30.498s][info][gc             ] GC(168) Pause Full (Ergonomics) 1697M->1697M(1791M) 594.955ms
[30.498s][info][gc,cpu         ] GC(168) User=2.80s Sys=0.00s Real=0.60s
[30.498s][info][gc,start       ] GC(169) Pause Full (Ergonomics)
[30.498s][info][gc,phases,start] GC(169) Marking Phase
[30.934s][info][gc,phases      ] GC(169) Marking Phase 435.544ms
[30.934s][info][gc,phases,start] GC(169) Summary Phase
[30.934s][info][gc,phases      ] GC(169) Summary Phase 0.029ms
[30.934s][info][gc,phases,start] GC(169) Adjust Roots
[30.934s][info][gc,phases      ] GC(169) Adjust Roots 0.190ms
[30.934s][info][gc,phases,start] GC(169) Compaction Phase
[31.051s][info][gc,phases      ] GC(169) Compaction Phase 116.666ms
[31.051s][info][gc,phases,start] GC(169) Post Compact
[31.053s][info][gc,phases      ] GC(169) Post Compact 2.681ms
[31.053s][info][gc,heap        ] GC(169) PSYoungGen: 31243K(126976K)->31243K(126976K) Eden: 25599K(25600K)->25599K(25600K) From: 5643K(101376K)->5643K(101376K)
[31.053s][info][gc,heap        ] GC(169) ParOldGen: 1706785K(1707008K)->1706785K(1707008K)
[31.053s][info][gc,metaspace   ] GC(169) Metaspace: 6297K(6464K)->6297K(6464K) NonClass: 5764K(5824K)->5764K(5824K) Class: 533K(640K)->533K(640K)
[31.053s][info][gc             ] GC(169) Pause Full (Ergonomics) 1697M->1697M(1791M) 555.427ms
[31.053s][info][gc,cpu         ] GC(169) User=2.66s Sys=0.00s Real=0.56s
[31.054s][info][gc,start       ] GC(170) Pause Full (Ergonomics)
[31.054s][info][gc,phases,start] GC(170) Marking Phase
[31.477s][info][gc,phases      ] GC(170) Marking Phase 422.822ms
[31.477s][info][gc,phases,start] GC(170) Summary Phase
[31.477s][info][gc,phases      ] GC(170) Summary Phase 0.038ms
[31.477s][info][gc,phases,start] GC(170) Adjust Roots
[31.477s][info][gc,phases      ] GC(170) Adjust Roots 0.204ms
[31.477s][info][gc,phases,start] GC(170) Compaction Phase
[31.595s][info][gc,phases      ] GC(170) Compaction Phase 118.228ms
[31.595s][info][gc,phases,start] GC(170) Post Compact
[31.598s][info][gc,phases      ] GC(170) Post Compact 2.780ms
[31.598s][info][gc,heap        ] GC(170) PSYoungGen: 31243K(126976K)->31243K(126976K) Eden: 25599K(25600K)->25599K(25600K) From: 5643K(101376K)->5643K(101376K)
[31.598s][info][gc,heap        ] GC(170) ParOldGen: 1706789K(1707008K)->1706789K(1707008K)
[31.598s][info][gc,metaspace   ] GC(170) Metaspace: 6297K(6464K)->6297K(6464K) NonClass: 5764K(5824K)->5764K(5824K) Class: 533K(640K)->533K(640K)
[31.598s][info][gc             ] GC(170) Pause Full (Ergonomics) 1697M->1697M(1791M) 544.413ms
[31.598s][info][gc,cpu         ] GC(170) User=2.50s Sys=0.03s Real=0.54s
[31.598s][info][gc,start       ] GC(171) Pause Full (Ergonomics)
[31.598s][info][gc,phases,start] GC(171) Marking Phase
[32.007s][info][gc,phases      ] GC(171) Marking Phase 408.933ms
[32.007s][info][gc,phases,start] GC(171) Summary Phase
[32.007s][info][gc,phases      ] GC(171) Summary Phase 0.029ms
[32.007s][info][gc,phases,start] GC(171) Adjust Roots
[32.008s][info][gc,phases      ] GC(171) Adjust Roots 0.195ms
[32.008s][info][gc,phases,start] GC(171) Compaction Phase
[32.139s][info][gc,phases      ] GC(171) Compaction Phase 131.037ms
[32.139s][info][gc,phases,start] GC(171) Post Compact
[32.142s][info][gc,phases      ] GC(171) Post Compact 3.123ms
[32.142s][info][gc,heap        ] GC(171) PSYoungGen: 31243K(126976K)->31243K(126976K) Eden: 25599K(25600K)->25599K(25600K) From: 5643K(101376K)->5643K(101376K)
[32.142s][info][gc,heap        ] GC(171) ParOldGen: 1706794K(1707008K)->1706794K(1707008K)
[32.142s][info][gc,metaspace   ] GC(171) Metaspace: 6297K(6464K)->6297K(6464K) NonClass: 5764K(5824K)->5764K(5824K) Class: 533K(640K)->533K(640K)
[32.142s][info][gc             ] GC(171) Pause Full (Ergonomics) 1697M->1697M(1791M) 543.789ms
[32.142s][info][gc,cpu         ] GC(171) User=2.52s Sys=0.00s Real=0.54s
[32.142s][info][gc,start       ] GC(172) Pause Full (Ergonomics)
[32.143s][info][gc,phases,start] GC(172) Marking Phase
[32.570s][info][gc,phases      ] GC(172) Marking Phase 427.052ms
[32.570s][info][gc,phases,start] GC(172) Summary Phase
[32.570s][info][gc,phases      ] GC(172) Summary Phase 0.029ms
[32.570s][info][gc,phases,start] GC(172) Adjust Roots
[32.570s][info][gc,phases      ] GC(172) Adjust Roots 0.195ms
[32.570s][info][gc,phases,start] GC(172) Compaction Phase
[32.696s][info][gc,phases      ] GC(172) Compaction Phase 126.196ms
[32.696s][info][gc,phases,start] GC(172) Post Compact
[32.699s][info][gc,phases      ] GC(172) Post Compact 3.262ms
[32.700s][info][gc,heap        ] GC(172) PSYoungGen: 31243K(126976K)->31243K(126976K) Eden: 25599K(25600K)->25599K(25600K) From: 5643K(101376K)->5643K(101376K)
[32.700s][info][gc,heap        ] GC(172) ParOldGen: 1706799K(1707008K)->1706799K(1707008K)
[32.700s][info][gc,metaspace   ] GC(172) Metaspace: 6297K(6464K)->6297K(6464K) NonClass: 5764K(5824K)->5764K(5824K) Class: 533K(640K)->533K(640K)
[32.700s][info][gc             ] GC(172) Pause Full (Ergonomics) 1697M->1697M(1791M) 557.099ms
[32.700s][info][gc,cpu         ] GC(172) User=2.58s Sys=0.00s Real=0.56s
[32.700s][info][gc,start       ] GC(173) Pause Full (Ergonomics)
[32.700s][info][gc,phases,start] GC(173) Marking Phase
[33.113s][info][gc,phases      ] GC(173) Marking Phase 412.693ms
[33.113s][info][gc,phases,start] GC(173) Summary Phase
[33.113s][info][gc,phases      ] GC(173) Summary Phase 0.030ms
[33.113s][info][gc,phases,start] GC(173) Adjust Roots
[33.113s][info][gc,phases      ] GC(173) Adjust Roots 0.181ms
[33.113s][info][gc,phases,start] GC(173) Compaction Phase
[33.236s][info][gc,phases      ] GC(173) Compaction Phase 123.100ms
[33.236s][info][gc,phases,start] GC(173) Post Compact
[33.239s][info][gc,phases      ] GC(173) Post Compact 2.755ms
[33.239s][info][gc,heap        ] GC(173) PSYoungGen: 31243K(126976K)->31243K(126976K) Eden: 25599K(25600K)->25599K(25600K) From: 5643K(101376K)->5643K(101376K)
[33.239s][info][gc,heap        ] GC(173) ParOldGen: 1706803K(1707008K)->1706803K(1707008K)
[33.239s][info][gc,metaspace   ] GC(173) Metaspace: 6297K(6464K)->6297K(6464K) NonClass: 5764K(5824K)->5764K(5824K) Class: 533K(640K)->533K(640K)
[33.239s][info][gc             ] GC(173) Pause Full (Ergonomics) 1697M->1697M(1791M) 539.080ms
[33.239s][info][gc,cpu         ] GC(173) User=2.58s Sys=0.00s Real=0.54s
[33.239s][info][gc,start       ] GC(174) Pause Full (Ergonomics)
[33.239s][info][gc,phases,start] GC(174) Marking Phase
[33.663s][info][gc,phases      ] GC(174) Marking Phase 423.400ms
[33.663s][info][gc,phases,start] GC(174) Summary Phase
[33.663s][info][gc,phases      ] GC(174) Summary Phase 0.029ms
[33.663s][info][gc,phases,start] GC(174) Adjust Roots
[33.663s][info][gc,phases      ] GC(174) Adjust Roots 0.199ms
[33.663s][info][gc,phases,start] GC(174) Compaction Phase
[33.794s][info][gc,phases      ] GC(174) Compaction Phase 130.676ms
[33.794s][info][gc,phases,start] GC(174) Post Compact
[33.797s][info][gc,phases      ] GC(174) Post Compact 3.556ms
[33.797s][info][gc,heap        ] GC(174) PSYoungGen: 31243K(126976K)->31243K(126976K) Eden: 25599K(25600K)->25599K(25600K) From: 5643K(101376K)->5643K(101376K)
[33.797s][info][gc,heap        ] GC(174) ParOldGen: 1706808K(1707008K)->1706808K(1707008K)
[33.797s][info][gc,metaspace   ] GC(174) Metaspace: 6297K(6464K)->6297K(6464K) NonClass: 5764K(5824K)->5764K(5824K) Class: 533K(640K)->533K(640K)
[33.798s][info][gc             ] GC(174) Pause Full (Ergonomics) 1697M->1697M(1791M) 558.374ms
[33.798s][info][gc,cpu         ] GC(174) User=2.59s Sys=0.02s Real=0.56s
[33.798s][info][gc,start       ] GC(175) Pause Full (Ergonomics)
[33.798s][info][gc,phases,start] GC(175) Marking Phase
[34.229s][info][gc,phases      ] GC(175) Marking Phase 430.860ms
[34.229s][info][gc,phases,start] GC(175) Summary Phase
[34.229s][info][gc,phases      ] GC(175) Summary Phase 0.030ms
[34.229s][info][gc,phases,start] GC(175) Adjust Roots
[34.229s][info][gc,phases      ] GC(175) Adjust Roots 0.195ms
[34.229s][info][gc,phases,start] GC(175) Compaction Phase
[34.367s][info][gc,phases      ] GC(175) Compaction Phase 137.336ms
[34.367s][info][gc,phases,start] GC(175) Post Compact
[34.370s][info][gc,phases      ] GC(175) Post Compact 3.272ms
[34.370s][info][gc,heap        ] GC(175) PSYoungGen: 31243K(126976K)->31243K(126976K) Eden: 25599K(25600K)->25599K(25600K) From: 5643K(101376K)->5643K(101376K)
[34.370s][info][gc,heap        ] GC(175) ParOldGen: 1706813K(1707008K)->1706813K(1707008K)
[34.370s][info][gc,metaspace   ] GC(175) Metaspace: 6297K(6464K)->6297K(6464K) NonClass: 5764K(5824K)->5764K(5824K) Class: 533K(640K)->533K(640K)
[34.370s][info][gc             ] GC(175) Pause Full (Ergonomics) 1697M->1697M(1791M) 572.079ms
[34.370s][info][gc,cpu         ] GC(175) User=2.58s Sys=0.02s Real=0.57s
[34.370s][info][gc,start       ] GC(176) Pause Full (Ergonomics)
[34.370s][info][gc,phases,start] GC(176) Marking Phase
[34.795s][info][gc,phases      ] GC(176) Marking Phase 424.802ms
[34.795s][info][gc,phases,start] GC(176) Summary Phase
[34.795s][info][gc,phases      ] GC(176) Summary Phase 0.027ms
[34.795s][info][gc,phases,start] GC(176) Adjust Roots
[34.796s][info][gc,phases      ] GC(176) Adjust Roots 0.189ms
[34.796s][info][gc,phases,start] GC(176) Compaction Phase
[34.917s][info][gc,phases      ] GC(176) Compaction Phase 121.497ms
[34.917s][info][gc,phases,start] GC(176) Post Compact
[34.920s][info][gc,phases      ] GC(176) Post Compact 3.226ms
[34.920s][info][gc,heap        ] GC(176) PSYoungGen: 31243K(126976K)->31243K(126976K) Eden: 25599K(25600K)->25599K(25600K) From: 5643K(101376K)->5643K(101376K)
[34.920s][info][gc,heap        ] GC(176) ParOldGen: 1706817K(1707008K)->1706817K(1707008K)
[34.921s][info][gc,metaspace   ] GC(176) Metaspace: 6297K(6464K)->6297K(6464K) NonClass: 5764K(5824K)->5764K(5824K) Class: 533K(640K)->533K(640K)
[34.921s][info][gc             ] GC(176) Pause Full (Ergonomics) 1697M->1697M(1791M) 550.178ms
[34.921s][info][gc,cpu         ] GC(176) User=2.59s Sys=0.00s Real=0.55s
[34.921s][info][gc,start       ] GC(177) Pause Full (Ergonomics)
[34.921s][info][gc,phases,start] GC(177) Marking Phase
[35.338s][info][gc,phases      ] GC(177) Marking Phase 417.254ms
[35.338s][info][gc,phases,start] GC(177) Summary Phase
[35.338s][info][gc,phases      ] GC(177) Summary Phase 0.029ms
[35.338s][info][gc,phases,start] GC(177) Adjust Roots
[35.338s][info][gc,phases      ] GC(177) Adjust Roots 0.191ms
[35.338s][info][gc,phases,start] GC(177) Compaction Phase
[35.461s][info][gc,phases      ] GC(177) Compaction Phase 122.849ms
[35.461s][info][gc,phases,start] GC(177) Post Compact
[35.465s][info][gc,phases      ] GC(177) Post Compact 3.195ms
[35.465s][info][gc,heap        ] GC(177) PSYoungGen: 31243K(126976K)->31243K(126976K) Eden: 25599K(25600K)->25599K(25600K) From: 5643K(101376K)->5643K(101376K)
[35.465s][info][gc,heap        ] GC(177) ParOldGen: 1706822K(1707008K)->1706822K(1707008K)
[35.465s][info][gc,metaspace   ] GC(177) Metaspace: 6297K(6464K)->6297K(6464K) NonClass: 5764K(5824K)->5764K(5824K) Class: 533K(640K)->533K(640K)
[35.465s][info][gc             ] GC(177) Pause Full (Ergonomics) 1697M->1697M(1791M) 543.887ms
[35.465s][info][gc,cpu         ] GC(177) User=2.50s Sys=0.00s Real=0.54s
[35.465s][info][gc,start       ] GC(178) Pause Full (Ergonomics)
[35.465s][info][gc,phases,start] GC(178) Marking Phase
[35.895s][info][gc,phases      ] GC(178) Marking Phase 429.670ms
[35.895s][info][gc,phases,start] GC(178) Summary Phase
[35.895s][info][gc,phases      ] GC(178) Summary Phase 0.029ms
[35.895s][info][gc,phases,start] GC(178) Adjust Roots
[35.895s][info][gc,phases      ] GC(178) Adjust Roots 0.197ms
[35.895s][info][gc,phases,start] GC(178) Compaction Phase
[36.038s][info][gc,phases      ] GC(178) Compaction Phase 142.445ms
[36.038s][info][gc,phases,start] GC(178) Post Compact
[36.041s][info][gc,phases      ] GC(178) Post Compact 2.980ms
[36.041s][info][gc,heap        ] GC(178) PSYoungGen: 31243K(126976K)->31243K(126976K) Eden: 25599K(25600K)->25599K(25600K) From: 5643K(101376K)->5643K(101376K)
[36.041s][info][gc,heap        ] GC(178) ParOldGen: 1706827K(1707008K)->1706827K(1707008K)
[36.041s][info][gc,metaspace   ] GC(178) Metaspace: 6297K(6464K)->6297K(6464K) NonClass: 5764K(5824K)->5764K(5824K) Class: 533K(640K)->533K(640K)
[36.041s][info][gc             ] GC(178) Pause Full (Ergonomics) 1697M->1697M(1791M) 575.661ms
[36.041s][info][gc,cpu         ] GC(178) User=2.67s Sys=0.03s Real=0.58s
[36.041s][info][gc,start       ] GC(179) Pause Full (Ergonomics)
[36.041s][info][gc,phases,start] GC(179) Marking Phase
[36.467s][info][gc,phases      ] GC(179) Marking Phase 425.777ms
[36.467s][info][gc,phases,start] GC(179) Summary Phase
[36.467s][info][gc,phases      ] GC(179) Summary Phase 0.029ms
[36.467s][info][gc,phases,start] GC(179) Adjust Roots
[36.467s][info][gc,phases      ] GC(179) Adjust Roots 0.194ms
[36.467s][info][gc,phases,start] GC(179) Compaction Phase
[36.583s][info][gc,phases      ] GC(179) Compaction Phase 115.429ms
[36.583s][info][gc,phases,start] GC(179) Post Compact
[36.585s][info][gc,phases      ] GC(179) Post Compact 2.864ms
[36.586s][info][gc,heap        ] GC(179) PSYoungGen: 31243K(126976K)->31243K(126976K) Eden: 25599K(25600K)->25599K(25600K) From: 5643K(101376K)->5643K(101376K)
[36.586s][info][gc,heap        ] GC(179) ParOldGen: 1706831K(1707008K)->1706831K(1707008K)
[36.586s][info][gc,metaspace   ] GC(179) Metaspace: 6297K(6464K)->6297K(6464K) NonClass: 5764K(5824K)->5764K(5824K) Class: 533K(640K)->533K(640K)
[36.586s][info][gc             ] GC(179) Pause Full (Ergonomics) 1697M->1697M(1791M) 544.617ms
[36.586s][info][gc,cpu         ] GC(179) User=2.52s Sys=0.00s Real=0.54s
[36.586s][info][gc,start       ] GC(180) Pause Full (Ergonomics)
[36.586s][info][gc,phases,start] GC(180) Marking Phase
[37.000s][info][gc,phases      ] GC(180) Marking Phase 414.148ms
[37.000s][info][gc,phases,start] GC(180) Summary Phase
[37.000s][info][gc,phases      ] GC(180) Summary Phase 0.027ms
[37.000s][info][gc,phases,start] GC(180) Adjust Roots
[37.000s][info][gc,phases      ] GC(180) Adjust Roots 0.187ms
[37.000s][info][gc,phases,start] GC(180) Compaction Phase
[37.123s][info][gc,phases      ] GC(180) Compaction Phase 122.923ms
[37.123s][info][gc,phases,start] GC(180) Post Compact
[37.126s][info][gc,phases      ] GC(180) Post Compact 2.750ms
[37.126s][info][gc,heap        ] GC(180) PSYoungGen: 31243K(126976K)->31243K(126976K) Eden: 25599K(25600K)->25599K(25600K) From: 5643K(101376K)->5643K(101376K)
[37.126s][info][gc,heap        ] GC(180) ParOldGen: 1706836K(1707008K)->1706836K(1707008K)
[37.126s][info][gc,metaspace   ] GC(180) Metaspace: 6297K(6464K)->6297K(6464K) NonClass: 5764K(5824K)->5764K(5824K) Class: 533K(640K)->533K(640K)
[37.126s][info][gc             ] GC(180) Pause Full (Ergonomics) 1697M->1697M(1791M) 540.371ms
[37.126s][info][gc,cpu         ] GC(180) User=2.53s Sys=0.00s Real=0.54s
[37.127s][info][gc,start       ] GC(181) Pause Full (Ergonomics)
[37.127s][info][gc,phases,start] GC(181) Marking Phase
[37.539s][info][gc,phases      ] GC(181) Marking Phase 411.968ms
[37.539s][info][gc,phases,start] GC(181) Summary Phase
[37.539s][info][gc,phases      ] GC(181) Summary Phase 0.026ms
[37.539s][info][gc,phases,start] GC(181) Adjust Roots
[37.539s][info][gc,phases      ] GC(181) Adjust Roots 0.202ms
[37.539s][info][gc,phases,start] GC(181) Compaction Phase
[37.657s][info][gc,phases      ] GC(181) Compaction Phase 117.857ms
[37.657s][info][gc,phases,start] GC(181) Post Compact
[37.660s][info][gc,phases      ] GC(181) Post Compact 2.792ms
[37.660s][info][gc,heap        ] GC(181) PSYoungGen: 31243K(126976K)->31243K(126976K) Eden: 25599K(25600K)->25599K(25600K) From: 5643K(101376K)->5643K(101376K)
[37.660s][info][gc,heap        ] GC(181) ParOldGen: 1706841K(1707008K)->1706841K(1707008K)
[37.660s][info][gc,metaspace   ] GC(181) Metaspace: 6297K(6464K)->6297K(6464K) NonClass: 5764K(5824K)->5764K(5824K) Class: 533K(640K)->533K(640K)
[37.660s][info][gc             ] GC(181) Pause Full (Ergonomics) 1697M->1697M(1791M) 533.180ms
[37.660s][info][gc,cpu         ] GC(181) User=2.50s Sys=0.00s Real=0.53s
[37.660s][info][gc,start       ] GC(182) Pause Full (Ergonomics)
[37.660s][info][gc,phases,start] GC(182) Marking Phase
[38.093s][info][gc,phases      ] GC(182) Marking Phase 432.939ms
[38.093s][info][gc,phases,start] GC(182) Summary Phase
[38.093s][info][gc,phases      ] GC(182) Summary Phase 0.029ms
[38.093s][info][gc,phases,start] GC(182) Adjust Roots
[38.093s][info][gc,phases      ] GC(182) Adjust Roots 0.192ms
[38.093s][info][gc,phases,start] GC(182) Compaction Phase
[38.221s][info][gc,phases      ] GC(182) Compaction Phase 128.089ms
[38.222s][info][gc,phases,start] GC(182) Post Compact
[38.225s][info][gc,phases      ] GC(182) Post Compact 3.249ms
[38.225s][info][gc,heap        ] GC(182) PSYoungGen: 31243K(126976K)->31243K(126976K) Eden: 25599K(25600K)->25599K(25600K) From: 5643K(101376K)->5643K(101376K)
[38.225s][info][gc,heap        ] GC(182) ParOldGen: 1706845K(1707008K)->1706845K(1707008K)
[38.225s][info][gc,metaspace   ] GC(182) Metaspace: 6297K(6464K)->6297K(6464K) NonClass: 5764K(5824K)->5764K(5824K) Class: 533K(640K)->533K(640K)
[38.225s][info][gc             ] GC(182) Pause Full (Ergonomics) 1697M->1697M(1791M) 564.857ms
[38.225s][info][gc,cpu         ] GC(182) User=2.61s Sys=0.00s Real=0.56s
[38.225s][info][gc,start       ] GC(183) Pause Full (Ergonomics)
[38.225s][info][gc,phases,start] GC(183) Marking Phase
[38.655s][info][gc,phases      ] GC(183) Marking Phase 429.300ms
[38.655s][info][gc,phases,start] GC(183) Summary Phase
[38.655s][info][gc,phases      ] GC(183) Summary Phase 0.026ms
[38.655s][info][gc,phases,start] GC(183) Adjust Roots
[38.655s][info][gc,phases      ] GC(183) Adjust Roots 0.186ms
[38.655s][info][gc,phases,start] GC(183) Compaction Phase
[38.771s][info][gc,phases      ] GC(183) Compaction Phase 116.563ms
[38.772s][info][gc,phases,start] GC(183) Post Compact
[38.774s][info][gc,phases      ] GC(183) Post Compact 2.833ms
[38.774s][info][gc,heap        ] GC(183) PSYoungGen: 31243K(126976K)->31243K(126976K) Eden: 25599K(25600K)->25599K(25600K) From: 5643K(101376K)->5643K(101376K)
[38.774s][info][gc,heap        ] GC(183) ParOldGen: 1706850K(1707008K)->1706850K(1707008K)
[38.774s][info][gc,metaspace   ] GC(183) Metaspace: 6297K(6464K)->6297K(6464K) NonClass: 5764K(5824K)->5764K(5824K) Class: 533K(640K)->533K(640K)
[38.774s][info][gc             ] GC(183) Pause Full (Ergonomics) 1697M->1697M(1791M) 549.237ms
[38.774s][info][gc,cpu         ] GC(183) User=2.48s Sys=0.00s Real=0.55s
[38.775s][info][gc,start       ] GC(184) Pause Full (Ergonomics)
[38.775s][info][gc,phases,start] GC(184) Marking Phase
[39.199s][info][gc,phases      ] GC(184) Marking Phase 424.127ms
[39.199s][info][gc,phases,start] GC(184) Summary Phase
[39.199s][info][gc,phases      ] GC(184) Summary Phase 0.029ms
[39.199s][info][gc,phases,start] GC(184) Adjust Roots
[39.199s][info][gc,phases      ] GC(184) Adjust Roots 0.200ms
[39.199s][info][gc,phases,start] GC(184) Compaction Phase
[39.332s][info][gc,phases      ] GC(184) Compaction Phase 133.118ms
[39.332s][info][gc,phases,start] GC(184) Post Compact
[39.336s][info][gc,phases      ] GC(184) Post Compact 3.261ms
[39.336s][info][gc,heap        ] GC(184) PSYoungGen: 31243K(126976K)->31243K(126976K) Eden: 25599K(25600K)->25599K(25600K) From: 5643K(101376K)->5643K(101376K)
[39.336s][info][gc,heap        ] GC(184) ParOldGen: 1706855K(1707008K)->1706855K(1707008K)
[39.336s][info][gc,metaspace   ] GC(184) Metaspace: 6297K(6464K)->6297K(6464K) NonClass: 5764K(5824K)->5764K(5824K) Class: 533K(640K)->533K(640K)
[39.336s][info][gc             ] GC(184) Pause Full (Ergonomics) 1697M->1697M(1791M) 561.102ms
[39.336s][info][gc,cpu         ] GC(184) User=2.53s Sys=0.00s Real=0.56s
[39.336s][info][gc,start       ] GC(185) Pause Full (Ergonomics)
[39.336s][info][gc,phases,start] GC(185) Marking Phase
[39.750s][info][gc,phases      ] GC(185) Marking Phase 413.447ms
[39.750s][info][gc,phases,start] GC(185) Summary Phase
[39.750s][info][gc,phases      ] GC(185) Summary Phase 0.029ms
[39.750s][info][gc,phases,start] GC(185) Adjust Roots
[39.750s][info][gc,phases      ] GC(185) Adjust Roots 0.199ms
[39.750s][info][gc,phases,start] GC(185) Compaction Phase
[39.875s][info][gc,phases      ] GC(185) Compaction Phase 124.933ms
[39.875s][info][gc,phases,start] GC(185) Post Compact
[39.878s][info][gc,phases      ] GC(185) Post Compact 3.205ms
[39.878s][info][gc,heap        ] GC(185) PSYoungGen: 31243K(126976K)->31243K(126976K) Eden: 25599K(25600K)->25599K(25600K) From: 5643K(101376K)->5643K(101376K)
[39.878s][info][gc,heap        ] GC(185) ParOldGen: 1706859K(1707008K)->1706859K(1707008K)
[39.878s][info][gc,metaspace   ] GC(185) Metaspace: 6297K(6464K)->6297K(6464K) NonClass: 5764K(5824K)->5764K(5824K) Class: 533K(640K)->533K(640K)
[39.878s][info][gc             ] GC(185) Pause Full (Ergonomics) 1697M->1697M(1791M) 542.176ms
[39.878s][info][gc,cpu         ] GC(185) User=2.45s Sys=0.02s Real=0.54s
[39.879s][info][gc,start       ] GC(186) Pause Full (Ergonomics)
[39.879s][info][gc,phases,start] GC(186) Marking Phase
[40.276s][info][gc,phases      ] GC(186) Marking Phase 397.764ms
[40.277s][info][gc,phases,start] GC(186) Summary Phase
[40.277s][info][gc,phases      ] GC(186) Summary Phase 0.027ms
[40.277s][info][gc,phases,start] GC(186) Adjust Roots
[40.277s][info][gc,phases      ] GC(186) Adjust Roots 0.188ms
[40.277s][info][gc,phases,start] GC(186) Compaction Phase
[40.395s][info][gc,phases      ] GC(186) Compaction Phase 117.768ms
[40.395s][info][gc,phases,start] GC(186) Post Compact
[40.397s][info][gc,phases      ] GC(186) Post Compact 2.856ms
[40.398s][info][gc,heap        ] GC(186) PSYoungGen: 31243K(126976K)->31243K(126976K) Eden: 25599K(25600K)->25599K(25600K) From: 5643K(101376K)->5643K(101376K)
[40.398s][info][gc,heap        ] GC(186) ParOldGen: 1706864K(1707008K)->1706864K(1707008K)
[40.398s][info][gc,metaspace   ] GC(186) Metaspace: 6297K(6464K)->6297K(6464K) NonClass: 5764K(5824K)->5764K(5824K) Class: 533K(640K)->533K(640K)
[40.398s][info][gc             ] GC(186) Pause Full (Ergonomics) 1697M->1697M(1791M) 518.951ms
[40.398s][info][gc,cpu         ] GC(186) User=2.42s Sys=0.03s Real=0.52s
[40.398s][info][gc,start       ] GC(187) Pause Full (Ergonomics)
[40.398s][info][gc,phases,start] GC(187) Marking Phase
[40.806s][info][gc,phases      ] GC(187) Marking Phase 408.459ms
[40.806s][info][gc,phases,start] GC(187) Summary Phase
[40.806s][info][gc,phases      ] GC(187) Summary Phase 0.028ms
[40.807s][info][gc,phases,start] GC(187) Adjust Roots
[40.807s][info][gc,phases      ] GC(187) Adjust Roots 0.196ms
[40.807s][info][gc,phases,start] GC(187) Compaction Phase
[40.924s][info][gc,phases      ] GC(187) Compaction Phase 116.986ms
[40.924s][info][gc,phases,start] GC(187) Post Compact
[40.927s][info][gc,phases      ] GC(187) Post Compact 2.788ms
[40.927s][info][gc,heap        ] GC(187) PSYoungGen: 31243K(126976K)->31243K(126976K) Eden: 25599K(25600K)->25599K(25600K) From: 5643K(101376K)->5643K(101376K)
[40.927s][info][gc,heap        ] GC(187) ParOldGen: 1706869K(1707008K)->1706869K(1707008K)
[40.927s][info][gc,metaspace   ] GC(187) Metaspace: 6297K(6464K)->6297K(6464K) NonClass: 5764K(5824K)->5764K(5824K) Class: 533K(640K)->533K(640K)
[40.927s][info][gc             ] GC(187) Pause Full (Ergonomics) 1697M->1697M(1791M) 528.791ms
[40.927s][info][gc,cpu         ] GC(187) User=2.44s Sys=0.00s Real=0.53s
[40.927s][info][gc,start       ] GC(188) Pause Full (Ergonomics)
[40.927s][info][gc,phases,start] GC(188) Marking Phase
[41.329s][info][gc,phases      ] GC(188) Marking Phase 402.156ms
[41.329s][info][gc,phases,start] GC(188) Summary Phase
[41.329s][info][gc,phases      ] GC(188) Summary Phase 0.029ms
[41.329s][info][gc,phases,start] GC(188) Adjust Roots
[41.329s][info][gc,phases      ] GC(188) Adjust Roots 0.188ms
[41.330s][info][gc,phases,start] GC(188) Compaction Phase
[41.448s][info][gc,phases      ] GC(188) Compaction Phase 118.344ms
[41.448s][info][gc,phases,start] GC(188) Post Compact
[41.451s][info][gc,phases      ] GC(188) Post Compact 2.783ms
[41.451s][info][gc,heap        ] GC(188) PSYoungGen: 31243K(126976K)->31243K(126976K) Eden: 25599K(25600K)->25599K(25600K) From: 5643K(101376K)->5643K(101376K)
[41.451s][info][gc,heap        ] GC(188) ParOldGen: 1706873K(1707008K)->1706873K(1707008K)
[41.451s][info][gc,metaspace   ] GC(188) Metaspace: 6297K(6464K)->6297K(6464K) NonClass: 5764K(5824K)->5764K(5824K) Class: 533K(640K)->533K(640K)
[41.451s][info][gc             ] GC(188) Pause Full (Ergonomics) 1697M->1697M(1791M) 523.852ms
[41.451s][info][gc,cpu         ] GC(188) User=2.53s Sys=0.00s Real=0.52s
[41.451s][info][gc,start       ] GC(189) Pause Full (Ergonomics)
[41.451s][info][gc,phases,start] GC(189) Marking Phase
[41.856s][info][gc,phases      ] GC(189) Marking Phase 405.106ms
[41.856s][info][gc,phases,start] GC(189) Summary Phase
[41.856s][info][gc,phases      ] GC(189) Summary Phase 0.027ms
[41.856s][info][gc,phases,start] GC(189) Adjust Roots
[41.857s][info][gc,phases      ] GC(189) Adjust Roots 0.199ms
[41.857s][info][gc,phases,start] GC(189) Compaction Phase
[41.993s][info][gc,phases      ] GC(189) Compaction Phase 136.058ms
[41.993s][info][gc,phases,start] GC(189) Post Compact
[41.996s][info][gc,phases      ] GC(189) Post Compact 3.178ms
[41.996s][info][gc,heap        ] GC(189) PSYoungGen: 31243K(126976K)->31243K(126976K) Eden: 25599K(25600K)->25599K(25600K) From: 5643K(101376K)->5643K(101376K)
[41.996s][info][gc,heap        ] GC(189) ParOldGen: 1706878K(1707008K)->1706878K(1707008K)
[41.996s][info][gc,metaspace   ] GC(189) Metaspace: 6297K(6464K)->6297K(6464K) NonClass: 5764K(5824K)->5764K(5824K) Class: 533K(640K)->533K(640K)
[41.996s][info][gc             ] GC(189) Pause Full (Ergonomics) 1697M->1697M(1791M) 544.954ms
[41.996s][info][gc,cpu         ] GC(189) User=2.48s Sys=0.00s Real=0.54s
[41.996s][info][gc,start       ] GC(190) Pause Full (Ergonomics)
[41.997s][info][gc,phases,start] GC(190) Marking Phase
[42.420s][info][gc,phases      ] GC(190) Marking Phase 423.521ms
[42.420s][info][gc,phases,start] GC(190) Summary Phase
[42.420s][info][gc,phases      ] GC(190) Summary Phase 0.029ms
[42.420s][info][gc,phases,start] GC(190) Adjust Roots
[42.420s][info][gc,phases      ] GC(190) Adjust Roots 0.184ms
[42.420s][info][gc,phases,start] GC(190) Compaction Phase
[42.542s][info][gc,phases      ] GC(190) Compaction Phase 121.191ms
[42.542s][info][gc,phases,start] GC(190) Post Compact
[42.545s][info][gc,phases      ] GC(190) Post Compact 3.227ms
[42.545s][info][gc,heap        ] GC(190) PSYoungGen: 31243K(126976K)->31243K(126976K) Eden: 25599K(25600K)->25599K(25600K) From: 5643K(101376K)->5643K(101376K)
[42.545s][info][gc,heap        ] GC(190) ParOldGen: 1706883K(1707008K)->1706883K(1707008K)
[42.545s][info][gc,metaspace   ] GC(190) Metaspace: 6297K(6464K)->6297K(6464K) NonClass: 5764K(5824K)->5764K(5824K) Class: 533K(640K)->533K(640K)
[42.545s][info][gc             ] GC(190) Pause Full (Ergonomics) 1697M->1697M(1791M) 548.569ms
[42.545s][info][gc,cpu         ] GC(190) User=2.56s Sys=0.02s Real=0.55s
[42.545s][info][gc,start       ] GC(191) Pause Full (Ergonomics)
[42.545s][info][gc,phases,start] GC(191) Marking Phase
[42.962s][info][gc,phases      ] GC(191) Marking Phase 416.847ms
[42.962s][info][gc,phases,start] GC(191) Summary Phase
[42.962s][info][gc,phases      ] GC(191) Summary Phase 0.026ms
[42.962s][info][gc,phases,start] GC(191) Adjust Roots
[42.963s][info][gc,phases      ] GC(191) Adjust Roots 0.211ms
[42.963s][info][gc,phases,start] GC(191) Compaction Phase
[43.081s][info][gc,phases      ] GC(191) Compaction Phase 118.604ms
[43.081s][info][gc,phases,start] GC(191) Post Compact
[43.084s][info][gc,phases      ] GC(191) Post Compact 2.549ms
[43.084s][info][gc,heap        ] GC(191) PSYoungGen: 31243K(126976K)->31243K(126976K) Eden: 25599K(25600K)->25599K(25600K) From: 5643K(101376K)->5643K(101376K)
[43.084s][info][gc,heap        ] GC(191) ParOldGen: 1706887K(1707008K)->1706887K(1707008K)
[43.084s][info][gc,metaspace   ] GC(191) Metaspace: 6297K(6464K)->6297K(6464K) NonClass: 5764K(5824K)->5764K(5824K) Class: 533K(640K)->533K(640K)
[43.084s][info][gc             ] GC(191) Pause Full (Ergonomics) 1697M->1697M(1791M) 538.565ms
[43.084s][info][gc,cpu         ] GC(191) User=2.62s Sys=0.00s Real=0.54s
[43.084s][info][gc,start       ] GC(192) Pause Full (Ergonomics)
[43.084s][info][gc,phases,start] GC(192) Marking Phase
[43.519s][info][gc,phases      ] GC(192) Marking Phase 435.194ms
[43.520s][info][gc,phases,start] GC(192) Summary Phase
[43.520s][info][gc,phases      ] GC(192) Summary Phase 0.027ms
[43.520s][info][gc,phases,start] GC(192) Adjust Roots
[43.520s][info][gc,phases      ] GC(192) Adjust Roots 0.199ms
[43.520s][info][gc,phases,start] GC(192) Compaction Phase
[43.663s][info][gc,phases      ] GC(192) Compaction Phase 143.525ms
[43.663s][info][gc,phases,start] GC(192) Post Compact
[43.667s][info][gc,phases      ] GC(192) Post Compact 3.280ms
[43.667s][info][gc,heap        ] GC(192) PSYoungGen: 31243K(126976K)->31243K(126976K) Eden: 25599K(25600K)->25599K(25600K) From: 5643K(101376K)->5643K(101376K)
[43.667s][info][gc,heap        ] GC(192) ParOldGen: 1706892K(1707008K)->1706892K(1707008K)
[43.667s][info][gc,metaspace   ] GC(192) Metaspace: 6297K(6464K)->6297K(6464K) NonClass: 5764K(5824K)->5764K(5824K) Class: 533K(640K)->533K(640K)
[43.667s][info][gc             ] GC(192) Pause Full (Ergonomics) 1697M->1697M(1791M) 582.608ms
[43.667s][info][gc,cpu         ] GC(192) User=2.67s Sys=0.00s Real=0.58s
[43.667s][info][gc,start       ] GC(193) Pause Full (Ergonomics)
[43.667s][info][gc,phases,start] GC(193) Marking Phase
[44.088s][info][gc,phases      ] GC(193) Marking Phase 421.222ms
[44.088s][info][gc,phases,start] GC(193) Summary Phase
[44.088s][info][gc,phases      ] GC(193) Summary Phase 0.029ms
[44.088s][info][gc,phases,start] GC(193) Adjust Roots
[44.089s][info][gc,phases      ] GC(193) Adjust Roots 0.195ms
[44.089s][info][gc,phases,start] GC(193) Compaction Phase
[44.208s][info][gc,phases      ] GC(193) Compaction Phase 119.517ms
[44.208s][info][gc,phases,start] GC(193) Post Compact
[44.211s][info][gc,phases      ] GC(193) Post Compact 2.792ms
[44.211s][info][gc,heap        ] GC(193) PSYoungGen: 31243K(126976K)->31243K(126976K) Eden: 25599K(25600K)->25599K(25600K) From: 5643K(101376K)->5643K(101376K)
[44.211s][info][gc,heap        ] GC(193) ParOldGen: 1706897K(1707008K)->1706897K(1707008K)
[44.211s][info][gc,metaspace   ] GC(193) Metaspace: 6297K(6464K)->6297K(6464K) NonClass: 5764K(5824K)->5764K(5824K) Class: 533K(640K)->533K(640K)
[44.211s][info][gc             ] GC(193) Pause Full (Ergonomics) 1697M->1697M(1791M) 544.076ms
[44.211s][info][gc,cpu         ] GC(193) User=2.53s Sys=0.02s Real=0.54s
[44.211s][info][gc,start       ] GC(194) Pause Full (Ergonomics)
[44.212s][info][gc,phases,start] GC(194) Marking Phase
[44.635s][info][gc,phases      ] GC(194) Marking Phase 423.172ms
[44.635s][info][gc,phases,start] GC(194) Summary Phase
[44.635s][info][gc,phases      ] GC(194) Summary Phase 0.029ms
[44.635s][info][gc,phases,start] GC(194) Adjust Roots
[44.635s][info][gc,phases      ] GC(194) Adjust Roots 0.197ms
[44.635s][info][gc,phases,start] GC(194) Compaction Phase
[44.772s][info][gc,phases      ] GC(194) Compaction Phase 137.160ms
[44.772s][info][gc,phases,start] GC(194) Post Compact
[44.775s][info][gc,phases      ] GC(194) Post Compact 3.255ms
[44.776s][info][gc,heap        ] GC(194) PSYoungGen: 31243K(126976K)->31243K(126976K) Eden: 25599K(25600K)->25599K(25600K) From: 5643K(101376K)->5643K(101376K)
[44.776s][info][gc,heap        ] GC(194) ParOldGen: 1706901K(1707008K)->1706901K(1707008K)
[44.776s][info][gc,metaspace   ] GC(194) Metaspace: 6297K(6464K)->6297K(6464K) NonClass: 5764K(5824K)->5764K(5824K) Class: 533K(640K)->533K(640K)
[44.776s][info][gc             ] GC(194) Pause Full (Ergonomics) 1697M->1697M(1791M) 564.182ms
[44.776s][info][gc,cpu         ] GC(194) User=2.48s Sys=0.00s Real=0.56s
[44.776s][info][gc,start       ] GC(195) Pause Full (Ergonomics)
[44.776s][info][gc,phases,start] GC(195) Marking Phase
[45.183s][info][gc,phases      ] GC(195) Marking Phase 407.085ms
[45.183s][info][gc,phases,start] GC(195) Summary Phase
[45.183s][info][gc,phases      ] GC(195) Summary Phase 0.030ms
[45.183s][info][gc,phases,start] GC(195) Adjust Roots
[45.183s][info][gc,phases      ] GC(195) Adjust Roots 0.190ms
[45.183s][info][gc,phases,start] GC(195) Compaction Phase
[45.300s][info][gc,phases      ] GC(195) Compaction Phase 116.712ms
[45.300s][info][gc,phases,start] GC(195) Post Compact
[45.303s][info][gc,phases      ] GC(195) Post Compact 3.225ms
[45.304s][info][gc,heap        ] GC(195) PSYoungGen: 31243K(126976K)->31243K(126976K) Eden: 25599K(25600K)->25599K(25600K) From: 5643K(101376K)->5643K(101376K)
[45.304s][info][gc,heap        ] GC(195) ParOldGen: 1706906K(1707008K)->1706906K(1707008K)
[45.304s][info][gc,metaspace   ] GC(195) Metaspace: 6297K(6464K)->6297K(6464K) NonClass: 5764K(5824K)->5764K(5824K) Class: 533K(640K)->533K(640K)
[45.304s][info][gc             ] GC(195) Pause Full (Ergonomics) 1697M->1697M(1791M) 527.609ms
[45.304s][info][gc,cpu         ] GC(195) User=2.48s Sys=0.00s Real=0.53s
[45.304s][info][gc,start       ] GC(196) Pause Full (Ergonomics)
[45.304s][info][gc,phases,start] GC(196) Marking Phase
[45.746s][info][gc,phases      ] GC(196) Marking Phase 442.200ms
[45.746s][info][gc,phases,start] GC(196) Summary Phase
[45.746s][info][gc,phases      ] GC(196) Summary Phase 0.027ms
[45.746s][info][gc,phases,start] GC(196) Adjust Roots
[45.746s][info][gc,phases      ] GC(196) Adjust Roots 0.191ms
[45.746s][info][gc,phases,start] GC(196) Compaction Phase
[45.866s][info][gc,phases      ] GC(196) Compaction Phase 119.617ms
[45.866s][info][gc,phases,start] GC(196) Post Compact
[45.869s][info][gc,phases      ] GC(196) Post Compact 2.921ms
[45.869s][info][gc,heap        ] GC(196) PSYoungGen: 31243K(126976K)->31243K(126976K) Eden: 25599K(25600K)->25599K(25600K) From: 5643K(101376K)->5643K(101376K)
[45.869s][info][gc,heap        ] GC(196) ParOldGen: 1706911K(1707008K)->1706911K(1707008K)
[45.869s][info][gc,metaspace   ] GC(196) Metaspace: 6297K(6464K)->6297K(6464K) NonClass: 5764K(5824K)->5764K(5824K) Class: 533K(640K)->533K(640K)
[45.869s][info][gc             ] GC(196) Pause Full (Ergonomics) 1697M->1697M(1791M) 565.274ms
[45.869s][info][gc,cpu         ] GC(196) User=2.59s Sys=0.05s Real=0.57s
[45.869s][info][gc,start       ] GC(197) Pause Full (Ergonomics)
[45.869s][info][gc,phases,start] GC(197) Marking Phase
[46.292s][info][gc,phases      ] GC(197) Marking Phase 422.173ms
[46.292s][info][gc,phases,start] GC(197) Summary Phase
[46.292s][info][gc,phases      ] GC(197) Summary Phase 0.026ms
[46.292s][info][gc,phases,start] GC(197) Adjust Roots
[46.292s][info][gc,phases      ] GC(197) Adjust Roots 0.187ms
[46.292s][info][gc,phases,start] GC(197) Compaction Phase
[46.416s][info][gc,phases      ] GC(197) Compaction Phase 123.663ms
[46.416s][info][gc,phases,start] GC(197) Post Compact
[46.419s][info][gc,phases      ] GC(197) Post Compact 3.204ms
[46.419s][info][gc,heap        ] GC(197) PSYoungGen: 31243K(126976K)->31243K(126976K) Eden: 25599K(25600K)->25599K(25600K) From: 5643K(101376K)->5643K(101376K)
[46.419s][info][gc,heap        ] GC(197) ParOldGen: 1706915K(1707008K)->1706915K(1707008K)
[46.419s][info][gc,metaspace   ] GC(197) Metaspace: 6297K(6464K)->6297K(6464K) NonClass: 5764K(5824K)->5764K(5824K) Class: 533K(640K)->533K(640K)
[46.419s][info][gc             ] GC(197) Pause Full (Ergonomics) 1697M->1697M(1791M) 549.615ms
[46.419s][info][gc,cpu         ] GC(197) User=2.52s Sys=0.00s Real=0.55s
[46.419s][info][gc,start       ] GC(198) Pause Full (Ergonomics)
[46.419s][info][gc,phases,start] GC(198) Marking Phase
[46.851s][info][gc,phases      ] GC(198) Marking Phase 431.332ms
[46.851s][info][gc,phases,start] GC(198) Summary Phase
[46.851s][info][gc,phases      ] GC(198) Summary Phase 0.029ms
[46.851s][info][gc,phases,start] GC(198) Adjust Roots
[46.851s][info][gc,phases      ] GC(198) Adjust Roots 0.189ms
[46.851s][info][gc,phases,start] GC(198) Compaction Phase
[46.970s][info][gc,phases      ] GC(198) Compaction Phase 118.440ms
[46.970s][info][gc,phases,start] GC(198) Post Compact
[46.972s][info][gc,phases      ] GC(198) Post Compact 2.827ms
[46.972s][info][gc,heap        ] GC(198) PSYoungGen: 31243K(126976K)->31243K(126976K) Eden: 25599K(25600K)->25599K(25600K) From: 5643K(101376K)->5643K(101376K)
[46.972s][info][gc,heap        ] GC(198) ParOldGen: 1706920K(1707008K)->1706920K(1707008K)
[46.973s][info][gc,metaspace   ] GC(198) Metaspace: 6297K(6464K)->6297K(6464K) NonClass: 5764K(5824K)->5764K(5824K) Class: 533K(640K)->533K(640K)
[46.973s][info][gc             ] GC(198) Pause Full (Ergonomics) 1697M->1697M(1791M) 553.138ms
[46.973s][info][gc,cpu         ] GC(198) User=2.55s Sys=0.00s Real=0.55s
[46.973s][info][gc,start       ] GC(199) Pause Full (Ergonomics)
[46.973s][info][gc,phases,start] GC(199) Marking Phase
[47.403s][info][gc,phases      ] GC(199) Marking Phase 429.931ms
[47.403s][info][gc,phases,start] GC(199) Summary Phase
[47.403s][info][gc,phases      ] GC(199) Summary Phase 0.029ms
[47.403s][info][gc,phases,start] GC(199) Adjust Roots
[47.403s][info][gc,phases      ] GC(199) Adjust Roots 0.187ms
[47.403s][info][gc,phases,start] GC(199) Compaction Phase
[47.518s][info][gc,phases      ] GC(199) Compaction Phase 115.075ms
[47.518s][info][gc,phases,start] GC(199) Post Compact
[47.521s][info][gc,phases      ] GC(199) Post Compact 2.763ms
[47.521s][info][gc,heap        ] GC(199) PSYoungGen: 31243K(126976K)->31243K(126976K) Eden: 25599K(25600K)->25599K(25600K) From: 5643K(101376K)->5643K(101376K)
[47.521s][info][gc,heap        ] GC(199) ParOldGen: 1706925K(1707008K)->1706925K(1707008K)
[47.521s][info][gc,metaspace   ] GC(199) Metaspace: 6297K(6464K)->6297K(6464K) NonClass: 5764K(5824K)->5764K(5824K) Class: 533K(640K)->533K(640K)
[47.521s][info][gc             ] GC(199) Pause Full (Ergonomics) 1697M->1697M(1791M) 548.299ms
[47.521s][info][gc,cpu         ] GC(199) User=2.58s Sys=0.03s Real=0.55s
[47.521s][info][gc,start       ] GC(200) Pause Full (Ergonomics)
[47.521s][info][gc,phases,start] GC(200) Marking Phase
[47.933s][info][gc,phases      ] GC(200) Marking Phase 411.793ms
[47.933s][info][gc,phases,start] GC(200) Summary Phase
[47.933s][info][gc,phases      ] GC(200) Summary Phase 0.029ms
[47.933s][info][gc,phases,start] GC(200) Adjust Roots
[47.934s][info][gc,phases      ] GC(200) Adjust Roots 0.199ms
[47.934s][info][gc,phases,start] GC(200) Compaction Phase
[48.051s][info][gc,phases      ] GC(200) Compaction Phase 117.303ms
[48.051s][info][gc,phases,start] GC(200) Post Compact
[48.054s][info][gc,phases      ] GC(200) Post Compact 2.701ms
[48.054s][info][gc,heap        ] GC(200) PSYoungGen: 31243K(126976K)->31243K(126976K) Eden: 25599K(25600K)->25599K(25600K) From: 5643K(101376K)->5643K(101376K)
[48.054s][info][gc,heap        ] GC(200) ParOldGen: 1706929K(1707008K)->1706929K(1707008K)
[48.054s][info][gc,metaspace   ] GC(200) Metaspace: 6297K(6464K)->6297K(6464K) NonClass: 5764K(5824K)->5764K(5824K) Class: 533K(640K)->533K(640K)
[48.054s][info][gc             ] GC(200) Pause Full (Ergonomics) 1697M->1697M(1791M) 532.348ms
[48.054s][info][gc,cpu         ] GC(200) User=2.48s Sys=0.02s Real=0.53s
[48.054s][info][gc,start       ] GC(201) Pause Full (Ergonomics)
[48.054s][info][gc,phases,start] GC(201) Marking Phase
[48.472s][info][gc,phases      ] GC(201) Marking Phase 417.796ms
[48.472s][info][gc,phases,start] GC(201) Summary Phase
[48.472s][info][gc,phases      ] GC(201) Summary Phase 0.034ms
[48.472s][info][gc,phases,start] GC(201) Adjust Roots
[48.472s][info][gc,phases      ] GC(201) Adjust Roots 0.189ms
[48.472s][info][gc,phases,start] GC(201) Compaction Phase
[48.597s][info][gc,phases      ] GC(201) Compaction Phase 124.825ms
[48.597s][info][gc,phases,start] GC(201) Post Compact
[48.600s][info][gc,phases      ] GC(201) Post Compact 3.287ms
[48.600s][info][gc,heap        ] GC(201) PSYoungGen: 31243K(126976K)->31243K(126976K) Eden: 25599K(25600K)->25599K(25600K) From: 5643K(101376K)->5643K(101376K)
[48.600s][info][gc,heap        ] GC(201) ParOldGen: 1706934K(1707008K)->1706934K(1707008K)
[48.601s][info][gc,metaspace   ] GC(201) Metaspace: 6297K(6464K)->6297K(6464K) NonClass: 5764K(5824K)->5764K(5824K) Class: 533K(640K)->533K(640K)
[48.601s][info][gc             ] GC(201) Pause Full (Ergonomics) 1697M->1697M(1791M) 546.536ms
[48.601s][info][gc,cpu         ] GC(201) User=2.59s Sys=0.02s Real=0.55s
[48.601s][info][gc,start       ] GC(202) Pause Full (Ergonomics)
[48.601s][info][gc,phases,start] GC(202) Marking Phase
[49.038s][info][gc,phases      ] GC(202) Marking Phase 436.850ms
[49.038s][info][gc,phases,start] GC(202) Summary Phase
[49.038s][info][gc,phases      ] GC(202) Summary Phase 0.029ms
[49.038s][info][gc,phases,start] GC(202) Adjust Roots
[49.038s][info][gc,phases      ] GC(202) Adjust Roots 0.196ms
[49.038s][info][gc,phases,start] GC(202) Compaction Phase
[49.155s][info][gc,phases      ] GC(202) Compaction Phase 117.389ms
[49.156s][info][gc,phases,start] GC(202) Post Compact
[49.158s][info][gc,phases      ] GC(202) Post Compact 2.822ms
[49.158s][info][gc,heap        ] GC(202) PSYoungGen: 31243K(126976K)->31243K(126976K) Eden: 25599K(25600K)->25599K(25600K) From: 5643K(101376K)->5643K(101376K)
[49.158s][info][gc,heap        ] GC(202) ParOldGen: 1706939K(1707008K)->1706939K(1707008K)
[49.158s][info][gc,metaspace   ] GC(202) Metaspace: 6297K(6464K)->6297K(6464K) NonClass: 5764K(5824K)->5764K(5824K) Class: 533K(640K)->533K(640K)
[49.158s][info][gc             ] GC(202) Pause Full (Ergonomics) 1697M->1697M(1791M) 557.616ms
[49.158s][info][gc,cpu         ] GC(202) User=2.62s Sys=0.00s Real=0.56s
[49.159s][info][gc,start       ] GC(203) Pause Full (Ergonomics)
[49.159s][info][gc,phases,start] GC(203) Marking Phase
[49.593s][info][gc,phases      ] GC(203) Marking Phase 434.406ms
[49.593s][info][gc,phases,start] GC(203) Summary Phase
[49.593s][info][gc,phases      ] GC(203) Summary Phase 0.026ms
[49.593s][info][gc,phases,start] GC(203) Adjust Roots
[49.593s][info][gc,phases      ] GC(203) Adjust Roots 0.192ms
[49.594s][info][gc,phases,start] GC(203) Compaction Phase
[49.711s][info][gc,phases      ] GC(203) Compaction Phase 117.008ms
[49.711s][info][gc,phases,start] GC(203) Post Compact
[49.713s][info][gc,phases      ] GC(203) Post Compact 2.784ms
[49.713s][info][gc,heap        ] GC(203) PSYoungGen: 31243K(126976K)->31243K(126976K) Eden: 25599K(25600K)->25599K(25600K) From: 5643K(101376K)->5643K(101376K)
[49.713s][info][gc,heap        ] GC(203) ParOldGen: 1706943K(1707008K)->1706943K(1707008K)
[49.713s][info][gc,metaspace   ] GC(203) Metaspace: 6297K(6464K)->6297K(6464K) NonClass: 5764K(5824K)->5764K(5824K) Class: 533K(640K)->533K(640K)
[49.714s][info][gc             ] GC(203) Pause Full (Ergonomics) 1697M->1697M(1791M) 554.760ms
[49.714s][info][gc,cpu         ] GC(203) User=2.67s Sys=0.00s Real=0.55s
[49.714s][info][gc,start       ] GC(204) Pause Full (Ergonomics)
[49.714s][info][gc,phases,start] GC(204) Marking Phase
[50.133s][info][gc,phases      ] GC(204) Marking Phase 419.464ms
[50.133s][info][gc,phases,start] GC(204) Summary Phase
[50.133s][info][gc,phases      ] GC(204) Summary Phase 0.028ms
[50.133s][info][gc,phases,start] GC(204) Adjust Roots
[50.134s][info][gc,phases      ] GC(204) Adjust Roots 0.194ms
[50.134s][info][gc,phases,start] GC(204) Compaction Phase
[50.258s][info][gc,phases      ] GC(204) Compaction Phase 124.340ms
[50.258s][info][gc,phases,start] GC(204) Post Compact
[50.261s][info][gc,phases      ] GC(204) Post Compact 2.959ms
[50.261s][info][gc,heap        ] GC(204) PSYoungGen: 31243K(126976K)->31243K(126976K) Eden: 25599K(25600K)->25599K(25600K) From: 5643K(101376K)->5643K(101376K)
[50.261s][info][gc,heap        ] GC(204) ParOldGen: 1706948K(1707008K)->1706948K(1707008K)
[50.261s][info][gc,metaspace   ] GC(204) Metaspace: 6297K(6464K)->6297K(6464K) NonClass: 5764K(5824K)->5764K(5824K) Class: 533K(640K)->533K(640K)
[50.261s][info][gc             ] GC(204) Pause Full (Ergonomics) 1697M->1697M(1791M) 547.340ms
[50.261s][info][gc,cpu         ] GC(204) User=2.50s Sys=0.00s Real=0.55s
[50.261s][info][gc,start       ] GC(205) Pause Full (Ergonomics)
[50.261s][info][gc,phases,start] GC(205) Marking Phase
[50.694s][info][gc,phases      ] GC(205) Marking Phase 432.987ms
[50.694s][info][gc,phases,start] GC(205) Summary Phase
[50.694s][info][gc,phases      ] GC(205) Summary Phase 0.029ms
[50.695s][info][gc,phases,start] GC(205) Adjust Roots
[50.695s][info][gc,phases      ] GC(205) Adjust Roots 0.194ms
[50.695s][info][gc,phases,start] GC(205) Compaction Phase
[50.816s][info][gc,phases      ] GC(205) Compaction Phase 120.951ms
[50.816s][info][gc,phases,start] GC(205) Post Compact
[50.819s][info][gc,phases      ] GC(205) Post Compact 3.240ms
[50.819s][info][gc,heap        ] GC(205) PSYoungGen: 31243K(126976K)->31243K(126976K) Eden: 25599K(25600K)->25599K(25600K) From: 5643K(101376K)->5643K(101376K)
[50.819s][info][gc,heap        ] GC(205) ParOldGen: 1706953K(1707008K)->1706953K(1707008K)
[50.819s][info][gc,metaspace   ] GC(205) Metaspace: 6297K(6464K)->6297K(6464K) NonClass: 5764K(5824K)->5764K(5824K) Class: 533K(640K)->533K(640K)
[50.819s][info][gc             ] GC(205) Pause Full (Ergonomics) 1697M->1697M(1791M) 557.748ms
[50.819s][info][gc,cpu         ] GC(205) User=2.59s Sys=0.02s Real=0.56s
[50.819s][info][gc,start       ] GC(206) Pause Full (Ergonomics)
[50.819s][info][gc,phases,start] GC(206) Marking Phase
[51.238s][info][gc,phases      ] GC(206) Marking Phase 418.887ms
[51.238s][info][gc,phases,start] GC(206) Summary Phase
[51.238s][info][gc,phases      ] GC(206) Summary Phase 0.029ms
[51.238s][info][gc,phases,start] GC(206) Adjust Roots
[51.239s][info][gc,phases      ] GC(206) Adjust Roots 0.191ms
[51.239s][info][gc,phases,start] GC(206) Compaction Phase
[51.369s][info][gc,phases      ] GC(206) Compaction Phase 130.139ms
[51.369s][info][gc,phases,start] GC(206) Post Compact
[51.372s][info][gc,phases      ] GC(206) Post Compact 3.116ms
[51.372s][info][gc,heap        ] GC(206) PSYoungGen: 31243K(126976K)->31243K(126976K) Eden: 25599K(25600K)->25599K(25600K) From: 5643K(101376K)->5643K(101376K)
[51.372s][info][gc,heap        ] GC(206) ParOldGen: 1706957K(1707008K)->1706957K(1707008K)
[51.372s][info][gc,metaspace   ] GC(206) Metaspace: 6297K(6464K)->6297K(6464K) NonClass: 5764K(5824K)->5764K(5824K) Class: 533K(640K)->533K(640K)
[51.372s][info][gc             ] GC(206) Pause Full (Ergonomics) 1697M->1697M(1791M) 552.687ms
[51.372s][info][gc,cpu         ] GC(206) User=2.55s Sys=0.02s Real=0.55s
[51.372s][info][gc,start       ] GC(207) Pause Full (Ergonomics)
[51.372s][info][gc,phases,start] GC(207) Marking Phase
[51.804s][info][gc,phases      ] GC(207) Marking Phase 431.728ms
[51.804s][info][gc,phases,start] GC(207) Summary Phase
[51.804s][info][gc,phases      ] GC(207) Summary Phase 0.030ms
[51.804s][info][gc,phases,start] GC(207) Adjust Roots
[51.805s][info][gc,phases      ] GC(207) Adjust Roots 0.241ms
[51.805s][info][gc,phases,start] GC(207) Compaction Phase
[51.944s][info][gc,phases      ] GC(207) Compaction Phase 139.500ms
[51.944s][info][gc,phases,start] GC(207) Post Compact
[51.947s][info][gc,phases      ] GC(207) Post Compact 3.068ms
[51.947s][info][gc,heap        ] GC(207) PSYoungGen: 31243K(126976K)->31243K(126976K) Eden: 25599K(25600K)->25599K(25600K) From: 5643K(101376K)->5643K(101376K)
[51.947s][info][gc,heap        ] GC(207) ParOldGen: 1706962K(1707008K)->1706962K(1707008K)
[51.947s][info][gc,metaspace   ] GC(207) Metaspace: 6297K(6464K)->6297K(6464K) NonClass: 5764K(5824K)->5764K(5824K) Class: 533K(640K)->533K(640K)
[51.947s][info][gc             ] GC(207) Pause Full (Ergonomics) 1697M->1697M(1791M) 574.906ms
[51.947s][info][gc,cpu         ] GC(207) User=2.61s Sys=0.00s Real=0.58s
[51.948s][info][gc,start       ] GC(208) Pause Full (Ergonomics)
[51.948s][info][gc,phases,start] GC(208) Marking Phase
[52.383s][info][gc,phases      ] GC(208) Marking Phase 435.095ms
[52.383s][info][gc,phases,start] GC(208) Summary Phase
[52.383s][info][gc,phases      ] GC(208) Summary Phase 0.029ms
[52.383s][info][gc,phases,start] GC(208) Adjust Roots
[52.383s][info][gc,phases      ] GC(208) Adjust Roots 0.194ms
[52.383s][info][gc,phases,start] GC(208) Compaction Phase
[52.505s][info][gc,phases      ] GC(208) Compaction Phase 121.552ms
[52.505s][info][gc,phases,start] GC(208) Post Compact
[52.508s][info][gc,phases      ] GC(208) Post Compact 3.185ms
[52.508s][info][gc,heap        ] GC(208) PSYoungGen: 31243K(126976K)->31243K(126976K) Eden: 25599K(25600K)->25599K(25600K) From: 5643K(101376K)->5643K(101376K)
[52.508s][info][gc,heap        ] GC(208) ParOldGen: 1706967K(1707008K)->1706967K(1707008K)
[52.508s][info][gc,metaspace   ] GC(208) Metaspace: 6297K(6464K)->6297K(6464K) NonClass: 5764K(5824K)->5764K(5824K) Class: 533K(640K)->533K(640K)
[52.508s][info][gc             ] GC(208) Pause Full (Ergonomics) 1697M->1697M(1791M) 560.402ms
[52.508s][info][gc,cpu         ] GC(208) User=2.61s Sys=0.00s Real=0.56s
[52.508s][info][gc,start       ] GC(209) Pause Full (Ergonomics)
[52.508s][info][gc,phases,start] GC(209) Marking Phase
[52.927s][info][gc,phases      ] GC(209) Marking Phase 418.479ms
[52.927s][info][gc,phases,start] GC(209) Summary Phase
[52.927s][info][gc,phases      ] GC(209) Summary Phase 0.029ms
[52.927s][info][gc,phases,start] GC(209) Adjust Roots
[52.927s][info][gc,phases      ] GC(209) Adjust Roots 0.188ms
[52.927s][info][gc,phases,start] GC(209) Compaction Phase
[53.046s][info][gc,phases      ] GC(209) Compaction Phase 118.285ms
[53.046s][info][gc,phases,start] GC(209) Post Compact
[53.048s][info][gc,phases      ] GC(209) Post Compact 2.785ms
[53.048s][info][gc,heap        ] GC(209) PSYoungGen: 31243K(126976K)->31243K(126976K) Eden: 25599K(25600K)->25599K(25600K) From: 5643K(101376K)->5643K(101376K)
[53.048s][info][gc,heap        ] GC(209) ParOldGen: 1706971K(1707008K)->1706971K(1707008K)
[53.048s][info][gc,metaspace   ] GC(209) Metaspace: 6297K(6464K)->6297K(6464K) NonClass: 5764K(5824K)->5764K(5824K) Class: 533K(640K)->533K(640K)
[53.048s][info][gc             ] GC(209) Pause Full (Ergonomics) 1697M->1697M(1791M) 540.106ms
[53.048s][info][gc,cpu         ] GC(209) User=2.48s Sys=0.00s Real=0.54s
[53.049s][info][gc,start       ] GC(210) Pause Full (Ergonomics)
[53.049s][info][gc,phases,start] GC(210) Marking Phase
[53.486s][info][gc,phases      ] GC(210) Marking Phase 437.329ms
[53.486s][info][gc,phases,start] GC(210) Summary Phase
[53.486s][info][gc,phases      ] GC(210) Summary Phase 0.029ms
[53.486s][info][gc,phases,start] GC(210) Adjust Roots
[53.486s][info][gc,phases      ] GC(210) Adjust Roots 0.185ms
[53.486s][info][gc,phases,start] GC(210) Compaction Phase
[53.604s][info][gc,phases      ] GC(210) Compaction Phase 117.772ms
[53.604s][info][gc,phases,start] GC(210) Post Compact
[53.607s][info][gc,phases      ] GC(210) Post Compact 2.833ms
[53.607s][info][gc,heap        ] GC(210) PSYoungGen: 31243K(126976K)->31243K(126976K) Eden: 25599K(25600K)->25599K(25600K) From: 5643K(101376K)->5643K(101376K)
[53.607s][info][gc,heap        ] GC(210) ParOldGen: 1706976K(1707008K)->1706976K(1707008K)
[53.607s][info][gc,metaspace   ] GC(210) Metaspace: 6297K(6464K)->6297K(6464K) NonClass: 5764K(5824K)->5764K(5824K) Class: 533K(640K)->533K(640K)
[53.607s][info][gc             ] GC(210) Pause Full (Ergonomics) 1697M->1697M(1791M) 558.476ms
[53.607s][info][gc,cpu         ] GC(210) User=2.67s Sys=0.00s Real=0.56s
[53.608s][info][gc,start       ] GC(211) Pause Full (Ergonomics)
[53.608s][info][gc,phases,start] GC(211) Marking Phase
[54.017s][info][gc,phases      ] GC(211) Marking Phase 409.740ms
[54.017s][info][gc,phases,start] GC(211) Summary Phase
[54.017s][info][gc,phases      ] GC(211) Summary Phase 0.030ms
[54.017s][info][gc,phases,start] GC(211) Adjust Roots
[54.018s][info][gc,phases      ] GC(211) Adjust Roots 0.205ms
[54.018s][info][gc,phases,start] GC(211) Compaction Phase
[54.137s][info][gc,phases      ] GC(211) Compaction Phase 119.311ms
[54.137s][info][gc,phases,start] GC(211) Post Compact
[54.140s][info][gc,phases      ] GC(211) Post Compact 3.214ms
[54.140s][info][gc,heap        ] GC(211) PSYoungGen: 31243K(126976K)->31243K(126976K) Eden: 25599K(25600K)->25599K(25600K) From: 5643K(101376K)->5643K(101376K)
[54.140s][info][gc,heap        ] GC(211) ParOldGen: 1706981K(1707008K)->1706981K(1707008K)
[54.140s][info][gc,metaspace   ] GC(211) Metaspace: 6297K(6464K)->6297K(6464K) NonClass: 5764K(5824K)->5764K(5824K) Class: 533K(640K)->533K(640K)
[54.140s][info][gc             ] GC(211) Pause Full (Ergonomics) 1697M->1697M(1791M) 532.886ms
[54.140s][info][gc,cpu         ] GC(211) User=2.48s Sys=0.05s Real=0.53s
[54.141s][info][gc,start       ] GC(212) Pause Full (Ergonomics)
[54.141s][info][gc,phases,start] GC(212) Marking Phase
[54.551s][info][gc,phases      ] GC(212) Marking Phase 409.931ms
[54.551s][info][gc,phases,start] GC(212) Summary Phase
[54.551s][info][gc,phases      ] GC(212) Summary Phase 0.029ms
[54.551s][info][gc,phases,start] GC(212) Adjust Roots
[54.551s][info][gc,phases      ] GC(212) Adjust Roots 0.209ms
[54.551s][info][gc,phases,start] GC(212) Compaction Phase
[54.683s][info][gc,phases      ] GC(212) Compaction Phase 131.676ms
[54.683s][info][gc,phases,start] GC(212) Post Compact
[54.686s][info][gc,phases      ] GC(212) Post Compact 2.960ms
[54.686s][info][gc,heap        ] GC(212) PSYoungGen: 31243K(126976K)->31243K(126976K) Eden: 25599K(25600K)->25599K(25600K) From: 5643K(101376K)->5643K(101376K)
[54.686s][info][gc,heap        ] GC(212) ParOldGen: 1706985K(1707008K)->1706985K(1707008K)
[54.686s][info][gc,metaspace   ] GC(212) Metaspace: 6297K(6464K)->6297K(6464K) NonClass: 5764K(5824K)->5764K(5824K) Class: 533K(640K)->533K(640K)
[54.686s][info][gc             ] GC(212) Pause Full (Ergonomics) 1697M->1697M(1791M) 545.124ms
[54.686s][info][gc,cpu         ] GC(212) User=2.56s Sys=0.00s Real=0.54s
[54.686s][info][gc,start       ] GC(213) Pause Full (Ergonomics)
[54.686s][info][gc,phases,start] GC(213) Marking Phase
[55.109s][info][gc,phases      ] GC(213) Marking Phase 422.481ms
[55.109s][info][gc,phases,start] GC(213) Summary Phase
[55.109s][info][gc,phases      ] GC(213) Summary Phase 0.029ms
[55.109s][info][gc,phases,start] GC(213) Adjust Roots
[55.109s][info][gc,phases      ] GC(213) Adjust Roots 0.190ms
[55.109s][info][gc,phases,start] GC(213) Compaction Phase
[55.240s][info][gc,phases      ] GC(213) Compaction Phase 130.875ms
[55.240s][info][gc,phases,start] GC(213) Post Compact
[55.243s][info][gc,phases      ] GC(213) Post Compact 3.153ms
[55.243s][info][gc,heap        ] GC(213) PSYoungGen: 31243K(126976K)->31243K(126976K) Eden: 25599K(25600K)->25599K(25600K) From: 5643K(101376K)->5643K(101376K)
[55.243s][info][gc,heap        ] GC(213) ParOldGen: 1706990K(1707008K)->1706990K(1707008K)
[55.243s][info][gc,metaspace   ] GC(213) Metaspace: 6297K(6464K)->6297K(6464K) NonClass: 5764K(5824K)->5764K(5824K) Class: 533K(640K)->533K(640K)
[55.243s][info][gc             ] GC(213) Pause Full (Ergonomics) 1697M->1697M(1791M) 557.135ms
[55.243s][info][gc,cpu         ] GC(213) User=2.53s Sys=0.00s Real=0.56s
[55.244s][info][gc,start       ] GC(214) Pause Full (Ergonomics)
[55.244s][info][gc,phases,start] GC(214) Marking Phase
[55.689s][info][gc,phases      ] GC(214) Marking Phase 444.971ms
[55.689s][info][gc,phases,start] GC(214) Summary Phase
[55.689s][info][gc,phases      ] GC(214) Summary Phase 0.029ms
[55.689s][info][gc,phases,start] GC(214) Adjust Roots
[55.689s][info][gc,phases      ] GC(214) Adjust Roots 0.192ms
[55.689s][info][gc,phases,start] GC(214) Compaction Phase
[55.813s][info][gc,phases      ] GC(214) Compaction Phase 124.209ms
[55.813s][info][gc,phases,start] GC(214) Post Compact
[55.816s][info][gc,phases      ] GC(214) Post Compact 2.977ms
[55.816s][info][gc,heap        ] GC(214) PSYoungGen: 31243K(126976K)->31243K(126976K) Eden: 25599K(25600K)->25599K(25600K) From: 5643K(101376K)->5643K(101376K)
[55.816s][info][gc,heap        ] GC(214) ParOldGen: 1706995K(1707008K)->1706995K(1707008K)
[55.816s][info][gc,metaspace   ] GC(214) Metaspace: 6297K(6464K)->6297K(6464K) NonClass: 5764K(5824K)->5764K(5824K) Class: 533K(640K)->533K(640K)
[55.816s][info][gc             ] GC(214) Pause Full (Ergonomics) 1697M->1697M(1791M) 572.716ms
[55.816s][info][gc,cpu         ] GC(214) User=2.69s Sys=0.02s Real=0.57s
[55.817s][info][gc,start       ] GC(215) Pause Full (Ergonomics)
[55.817s][info][gc,phases,start] GC(215) Marking Phase
[56.249s][info][gc,phases      ] GC(215) Marking Phase 432.374ms
[56.249s][info][gc,phases,start] GC(215) Summary Phase
[56.249s][info][gc,phases      ] GC(215) Summary Phase 0.029ms
[56.249s][info][gc,phases,start] GC(215) Adjust Roots
[56.249s][info][gc,phases      ] GC(215) Adjust Roots 0.198ms
[56.249s][info][gc,phases,start] GC(215) Compaction Phase
[56.370s][info][gc,phases      ] GC(215) Compaction Phase 120.453ms
[56.370s][info][gc,phases,start] GC(215) Post Compact
[56.373s][info][gc,phases      ] GC(215) Post Compact 3.225ms
[56.373s][info][gc,heap        ] GC(215) PSYoungGen: 31243K(126976K)->31243K(126976K) Eden: 25599K(25600K)->25599K(25600K) From: 5643K(101376K)->5643K(101376K)
[56.373s][info][gc,heap        ] GC(215) ParOldGen: 1706999K(1707008K)->1706999K(1707008K)
[56.373s][info][gc,metaspace   ] GC(215) Metaspace: 6297K(6464K)->6297K(6464K) NonClass: 5764K(5824K)->5764K(5824K) Class: 533K(640K)->533K(640K)
[56.373s][info][gc             ] GC(215) Pause Full (Ergonomics) 1697M->1697M(1791M) 556.649ms
[56.373s][info][gc,cpu         ] GC(215) User=2.56s Sys=0.06s Real=0.56s
[56.374s][info][gc,start       ] GC(216) Pause Full (Ergonomics)
[56.374s][info][gc,phases,start] GC(216) Marking Phase
[56.803s][info][gc,phases      ] GC(216) Marking Phase 429.315ms
[56.803s][info][gc,phases,start] GC(216) Summary Phase
[56.803s][info][gc,phases      ] GC(216) Summary Phase 0.029ms
[56.803s][info][gc,phases,start] GC(216) Adjust Roots
[56.803s][info][gc,phases      ] GC(216) Adjust Roots 0.189ms
[56.803s][info][gc,phases,start] GC(216) Compaction Phase
[56.919s][info][gc,phases      ] GC(216) Compaction Phase 115.965ms
[56.919s][info][gc,phases,start] GC(216) Post Compact
[56.922s][info][gc,phases      ] GC(216) Post Compact 2.651ms
[56.922s][info][gc,heap        ] GC(216) PSYoungGen: 31243K(126976K)->31243K(126976K) Eden: 25599K(25600K)->25599K(25600K) From: 5643K(101376K)->5643K(101376K)
[56.922s][info][gc,heap        ] GC(216) ParOldGen: 1707004K(1707008K)->1707004K(1707008K)
[56.922s][info][gc,metaspace   ] GC(216) Metaspace: 6297K(6464K)->6297K(6464K) NonClass: 5764K(5824K)->5764K(5824K) Class: 533K(640K)->533K(640K)
[56.922s][info][gc             ] GC(216) Pause Full (Ergonomics) 1697M->1697M(1791M) 548.504ms
[56.922s][info][gc,cpu         ] GC(216) User=2.58s Sys=0.03s Real=0.55s
[56.922s][info][gc,start       ] GC(217) Pause Full (Ergonomics)
[56.922s][info][gc,phases,start] GC(217) Marking Phase
[57.346s][info][gc,phases      ] GC(217) Marking Phase 423.392ms
[57.346s][info][gc,phases,start] GC(217) Summary Phase
[57.346s][info][gc,phases      ] GC(217) Summary Phase 0.084ms
[57.346s][info][gc,phases,start] GC(217) Adjust Roots
[57.346s][info][gc,phases      ] GC(217) Adjust Roots 0.198ms
[57.346s][info][gc,phases,start] GC(217) Compaction Phase
[57.478s][info][gc,phases      ] GC(217) Compaction Phase 132.162ms
[57.478s][info][gc,phases,start] GC(217) Post Compact
[57.481s][info][gc,phases      ] GC(217) Post Compact 3.089ms
[57.482s][info][gc,heap        ] GC(217) PSYoungGen: 31243K(126976K)->31243K(126976K) Eden: 25599K(25600K)->25599K(25600K) From: 5643K(101376K)->5643K(101376K)
[57.482s][info][gc,heap        ] GC(217) ParOldGen: 1707007K(1707008K)->1707007K(1707008K)
[57.482s][info][gc,metaspace   ] GC(217) Metaspace: 6297K(6464K)->6297K(6464K) NonClass: 5764K(5824K)->5764K(5824K) Class: 533K(640K)->533K(640K)
[57.482s][info][gc             ] GC(217) Pause Full (Ergonomics) 1697M->1697M(1791M) 559.281ms
[57.482s][info][gc,cpu         ] GC(217) User=2.58s Sys=0.02s Real=0.56s
[57.482s][info][gc,start       ] GC(218) Pause Full (Allocation Failure)
[57.482s][info][gc,phases,start] GC(218) Marking Phase
[57.904s][info][gc,phases      ] GC(218) Marking Phase 422.660ms
[57.904s][info][gc,phases,start] GC(218) Summary Phase
[57.904s][info][gc,phases      ] GC(218) Summary Phase 0.027ms
[57.904s][info][gc,phases,start] GC(218) Adjust Roots
[57.905s][info][gc,phases      ] GC(218) Adjust Roots 0.424ms
[57.905s][info][gc,phases,start] GC(218) Compaction Phase
[58.265s][info][gc,phases      ] GC(218) Compaction Phase 360.316ms
[58.265s][info][gc,phases,start] GC(218) Post Compact
[58.269s][info][gc,phases      ] GC(218) Post Compact 3.354ms
[58.269s][info][gc,heap        ] GC(218) PSYoungGen: 31243K(126976K)->31243K(126976K) Eden: 25599K(25600K)->25599K(25600K) From: 5643K(101376K)->5643K(101376K)
[58.269s][info][gc,heap        ] GC(218) ParOldGen: 1707007K(1707008K)->1707003K(1707008K)
[58.269s][info][gc,metaspace   ] GC(218) Metaspace: 6297K(6464K)->6295K(6464K) NonClass: 5764K(5824K)->5762K(5824K) Class: 533K(640K)->532K(640K)
[58.269s][info][gc             ] GC(218) Pause Full (Allocation Failure) 1697M->1697M(1791M) 787.099ms
[58.269s][info][gc,cpu         ] GC(218) User=3.61s Sys=0.00s Real=0.79s
[58.269s][info][gc,start       ] GC(219) Pause Full (Ergonomics)
[58.269s][info][gc,phases,start] GC(219) Marking Phase
[58.705s][info][gc,phases      ] GC(219) Marking Phase 435.360ms
[58.705s][info][gc,phases,start] GC(219) Summary Phase
[58.705s][info][gc,phases      ] GC(219) Summary Phase 0.030ms
[58.705s][info][gc,phases,start] GC(219) Adjust Roots
[58.705s][info][gc,phases      ] GC(219) Adjust Roots 0.194ms
[58.705s][info][gc,phases,start] GC(219) Compaction Phase
[58.843s][info][gc,phases      ] GC(219) Compaction Phase 137.963ms
[58.843s][info][gc,phases,start] GC(219) Post Compact
[58.846s][info][gc,phases      ] GC(219) Post Compact 3.144ms
[58.846s][info][gc,heap        ] GC(219) PSYoungGen: 31243K(126976K)->31243K(126976K) Eden: 25599K(25600K)->25599K(25600K) From: 5643K(101376K)->5643K(101376K)
[58.846s][info][gc,heap        ] GC(219) ParOldGen: 1707004K(1707008K)->1707004K(1707008K)
[58.846s][info][gc,metaspace   ] GC(219) Metaspace: 6295K(6464K)->6295K(6464K) NonClass: 5762K(5824K)->5762K(5824K) Class: 532K(640K)->532K(640K)
[58.846s][info][gc             ] GC(219) Pause Full (Ergonomics) 1697M->1697M(1791M) 577.018ms
[58.846s][info][gc,cpu         ] GC(219) User=2.64s Sys=0.02s Real=0.58s
[58.847s][info][gc,start       ] GC(220) Pause Full (Ergonomics)
[58.847s][info][gc,phases,start] GC(220) Marking Phase
[59.258s][info][gc,phases      ] GC(220) Marking Phase 410.831ms
[59.258s][info][gc,phases,start] GC(220) Summary Phase
[59.258s][info][gc,phases      ] GC(220) Summary Phase 0.026ms
[59.258s][info][gc,phases,start] GC(220) Adjust Roots
[59.258s][info][gc,phases      ] GC(220) Adjust Roots 0.200ms
[59.258s][info][gc,phases,start] GC(220) Compaction Phase
[59.387s][info][gc,phases      ] GC(220) Compaction Phase 128.638ms
[59.387s][info][gc,phases,start] GC(220) Post Compact
[59.389s][info][gc,phases      ] GC(220) Post Compact 2.807ms
[59.389s][info][gc,heap        ] GC(220) PSYoungGen: 31243K(126976K)->31243K(126976K) Eden: 25599K(25600K)->25599K(25600K) From: 5643K(101376K)->5643K(101376K)
[59.389s][info][gc,heap        ] GC(220) ParOldGen: 1707007K(1707008K)->1707007K(1707008K)
[59.390s][info][gc,metaspace   ] GC(220) Metaspace: 6295K(6464K)->6295K(6464K) NonClass: 5762K(5824K)->5762K(5824K) Class: 532K(640K)->532K(640K)
[59.390s][info][gc             ] GC(220) Pause Full (Ergonomics) 1697M->1697M(1791M) 542.821ms
[59.390s][info][gc,cpu         ] GC(220) User=2.56s Sys=0.00s Real=0.54s
[59.390s][info][gc,start       ] GC(221) Pause Full (Allocation Failure)
[59.390s][info][gc,phases,start] GC(221) Marking Phase
[59.819s][info][gc,phases      ] GC(221) Marking Phase 429.142ms
[59.819s][info][gc,phases,start] GC(221) Summary Phase
[59.819s][info][gc,phases      ] GC(221) Summary Phase 0.028ms
[59.819s][info][gc,phases,start] GC(221) Adjust Roots
[59.819s][info][gc,phases      ] GC(221) Adjust Roots 0.196ms
[59.819s][info][gc,phases,start] GC(221) Compaction Phase
[59.945s][info][gc,phases      ] GC(221) Compaction Phase 125.846ms
[59.945s][info][gc,phases,start] GC(221) Post Compact
[59.948s][info][gc,phases      ] GC(221) Post Compact 3.113ms
[59.948s][info][gc,heap        ] GC(221) PSYoungGen: 31243K(126976K)->31243K(126976K) Eden: 25599K(25600K)->25599K(25600K) From: 5643K(101376K)->5643K(101376K)
[59.948s][info][gc,heap        ] GC(221) ParOldGen: 1707007K(1707008K)->1707007K(1707008K)
[59.948s][info][gc,metaspace   ] GC(221) Metaspace: 6295K(6464K)->6295K(6464K) NonClass: 5762K(5824K)->5762K(5824K) Class: 532K(640K)->532K(640K)
[59.948s][info][gc             ] GC(221) Pause Full (Allocation Failure) 1697M->1697M(1791M) 558.672ms
[59.948s][info][gc,cpu         ] GC(221) User=2.50s Sys=0.05s Real=0.56s
[59.949s][info][gc,start       ] GC(222) Pause Full (Ergonomics)
[59.949s][info][gc,phases,start] GC(222) Marking Phase
[60.369s][info][gc,phases      ] GC(222) Marking Phase 420.392ms
[60.369s][info][gc,phases,start] GC(222) Summary Phase
[60.369s][info][gc,phases      ] GC(222) Summary Phase 0.027ms
[60.369s][info][gc,phases,start] GC(222) Adjust Roots
[60.370s][info][gc,phases      ] GC(222) Adjust Roots 0.260ms
[60.370s][info][gc,phases,start] GC(222) Compaction Phase
[60.730s][info][gc,phases      ] GC(222) Compaction Phase 360.509ms
[60.730s][info][gc,phases,start] GC(222) Post Compact
[60.734s][info][gc,phases      ] GC(222) Post Compact 3.355ms
[60.734s][info][gc,heap        ] GC(222) PSYoungGen: 31243K(126976K)->31243K(126976K) Eden: 25599K(25600K)->25599K(25600K) From: 5643K(101376K)->5643K(101376K)
[60.734s][info][gc,heap        ] GC(222) ParOldGen: 1707007K(1707008K)->1707006K(1707008K)
[60.734s][info][gc,metaspace   ] GC(222) Metaspace: 6295K(6464K)->6295K(6464K) NonClass: 5762K(5824K)->5762K(5824K) Class: 532K(640K)->532K(640K)
[60.734s][info][gc             ] GC(222) Pause Full (Ergonomics) 1697M->1697M(1791M) 784.892ms
[60.734s][info][gc,cpu         ] GC(222) User=3.53s Sys=0.00s Real=0.78s
[60.734s][info][gc,start       ] GC(223) Pause Full (Ergonomics)
[60.734s][info][gc,phases,start] GC(223) Marking Phase
[61.157s][info][gc,phases      ] GC(223) Marking Phase 422.644ms
[61.157s][info][gc,phases,start] GC(223) Summary Phase
[61.157s][info][gc,phases      ] GC(223) Summary Phase 0.026ms
[61.157s][info][gc,phases,start] GC(223) Adjust Roots
[61.157s][info][gc,phases      ] GC(223) Adjust Roots 0.195ms
[61.157s][info][gc,phases,start] GC(223) Compaction Phase
[61.276s][info][gc,phases      ] GC(223) Compaction Phase 118.031ms
[61.276s][info][gc,phases,start] GC(223) Post Compact
[61.278s][info][gc,phases      ] GC(223) Post Compact 2.653ms
[61.278s][info][gc,heap        ] GC(223) PSYoungGen: 31243K(126976K)->31243K(126976K) Eden: 25600K(25600K)->25600K(25600K) From: 5643K(101376K)->5643K(101376K)
[61.278s][info][gc,heap        ] GC(223) ParOldGen: 1707007K(1707008K)->1707006K(1707008K)
[61.278s][info][gc,metaspace   ] GC(223) Metaspace: 6295K(6464K)->6295K(6464K) NonClass: 5762K(5824K)->5762K(5824K) Class: 532K(640K)->532K(640K)
[61.278s][info][gc             ] GC(223) Pause Full (Ergonomics) 1697M->1697M(1791M) 543.857ms
[61.278s][info][gc,cpu         ] GC(223) User=2.58s Sys=0.02s Real=0.54s
[61.280s][info][gc,start       ] GC(224) Pause Full (Ergonomics)
[61.280s][info][gc,phases,start] GC(224) Marking Phase
[61.691s][info][gc,phases      ] GC(224) Marking Phase 411.680ms
[61.691s][info][gc,phases,start] GC(224) Summary Phase
[61.691s][info][gc,phases      ] GC(224) Summary Phase 0.026ms
[61.691s][info][gc,phases,start] GC(224) Adjust Roots
[61.692s][info][gc,phases      ] GC(224) Adjust Roots 0.366ms
[61.692s][info][gc,phases,start] GC(224) Compaction Phase
[62.052s][info][gc,phases      ] GC(224) Compaction Phase 360.440ms
[62.052s][info][gc,phases,start] GC(224) Post Compact
[62.056s][info][gc,phases      ] GC(224) Post Compact 3.329ms
[62.056s][info][gc,heap        ] GC(224) PSYoungGen: 31243K(126976K)->31243K(126976K) Eden: 25600K(25600K)->25600K(25600K) From: 5643K(101376K)->5643K(101376K)
[62.056s][info][gc,heap        ] GC(224) ParOldGen: 1707007K(1707008K)->1707005K(1707008K)
[62.056s][info][gc,metaspace   ] GC(224) Metaspace: 6299K(6464K)->6299K(6464K) NonClass: 5765K(5824K)->5765K(5824K) Class: 534K(640K)->534K(640K)
[62.056s][info][gc             ] GC(224) Pause Full (Ergonomics) 1697M->1697M(1791M) 776.197ms
[62.056s][info][gc,cpu         ] GC(224) User=3.58s Sys=0.00s Real=0.78s
[62.056s][info][gc,heap,exit   ] Heap
[62.056s][info][gc,heap,exit   ]  PSYoungGen      total 126976K, used 31243K [0x00000007cbf00000, 0x00000007dac00000, 0x0000000800000000)
[62.056s][info][gc,heap,exit   ]   eden space 25600K, 100% used [0x00000007cbf00000,0x00000007cd800000,0x00000007cd800000)
[62.056s][info][gc,heap,exit   ]   from space 101376K, 5% used [0x00000007d4300000,0x00000007d4882fb8,0x00000007da600000)
[62.056s][info][gc,heap,exit   ]   to   space 107008K, 0% used [0x00000007cd800000,0x00000007cd800000,0x00000007d4080000)
[62.056s][info][gc,heap,exit   ]  ParOldGen       total 1707008K, used 1707005K [0x0000000763c00000, 0x00000007cbf00000, 0x00000007cbf00000)
[62.056s][info][gc,heap,exit   ]   object space 1707008K, 99% used [0x0000000763c00000,0x00000007cbeff5b0,0x00000007cbf00000)
[62.056s][info][gc,heap,exit   ]  Metaspace       used 6300K, committed 6464K, reserved 1114112K
[62.056s][info][gc,heap,exit   ]   class space    used 534K, committed 640K, reserved 1048576K
