[0.014s][info][gc,init] CardTable entry size: 512
[0.014s][info][gc     ] Using Parallel
[0.015s][info][gc,init] Version: 18.0.1+10 (release)
[0.015s][info][gc,init] CPUs: 8 total, 8 available
[0.015s][info][gc,init] Memory: 16063M
[0.015s][info][gc,init] Large Page Support: Disabled
[0.015s][info][gc,init] NUMA Support: Disabled
[0.015s][info][gc,init] Compressed Oops: Enabled (Zero based)
[0.015s][info][gc,init] Alignments: Space 512K, Generation 512K, Heap 2M
[0.015s][info][gc,init] Heap Min Capacity: 2M
[0.015s][info][gc,init] Heap Initial Capacity: 2M
[0.015s][info][gc,init] Heap Max Capacity: 2500M
[0.015s][info][gc,init] Pre-touch: Disabled
[0.015s][info][gc,init] Parallel Workers: 1
[0.015s][info][gc,metaspace] CDS archive(s) not mapped
[0.015s][info][gc,metaspace] Compressed class space mapped at: 0x0000000800000000-0x0000000840000000, reserved size: 1073741824
[0.015s][info][gc,metaspace] Narrow klass base: 0x0000000800000000, Narrow klass shift: 0, Narrow klass range: 0x40000000
[0.122s][info][gc,start    ] GC(0) Pause Young (Allocation Failure)
[0.123s][info][gc,heap     ] GC(0) PSYoungGen: 512K(1024K)->448K(1024K) Eden: 512K(512K)->0K(512K) From: 0K(512K)->448K(512K)
[0.123s][info][gc,heap     ] GC(0) ParOldGen: 0K(512K)->0K(512K)
[0.123s][info][gc,metaspace] GC(0) Metaspace: 4230K(4352K)->4230K(4352K) NonClass: 3909K(3968K)->3909K(3968K) Class: 321K(384K)->321K(384K)
[0.123s][info][gc          ] GC(0) Pause Young (Allocation Failure) 0M->0M(1M) 1.723ms
[0.123s][info][gc,cpu      ] GC(0) User=0.00s Sys=0.00s Real=0.00s
[0.188s][info][gc,start    ] GC(1) Pause Young (Allocation Failure)
[0.190s][info][gc,heap     ] GC(1) PSYoungGen: 959K(1024K)->496K(1536K) Eden: 511K(512K)->0K(1024K) From: 448K(512K)->496K(512K)
[0.190s][info][gc,heap     ] GC(1) ParOldGen: 0K(512K)->104K(512K)
[0.190s][info][gc,metaspace] GC(1) Metaspace: 5878K(6016K)->5878K(6016K) NonClass: 5381K(5504K)->5381K(5504K) Class: 496K(512K)->496K(512K)
[0.190s][info][gc          ] GC(1) Pause Young (Allocation Failure) 0M->0M(2M) 1.920ms
[0.190s][info][gc,cpu      ] GC(1) User=0.00s Sys=0.00s Real=0.00s
[0.213s][info][gc,start    ] GC(2) Pause Young (Allocation Failure)
[0.215s][info][gc,heap     ] GC(2) PSYoungGen: 1520K(1536K)->512K(1536K) Eden: 1024K(1024K)->0K(1024K) From: 496K(512K)->512K(512K)
[0.215s][info][gc,heap     ] GC(2) ParOldGen: 104K(512K)->496K(512K)
[0.215s][info][gc,metaspace] GC(2) Metaspace: 6296K(6464K)->6296K(6464K) NonClass: 5762K(5824K)->5762K(5824K) Class: 533K(640K)->533K(640K)
[0.215s][info][gc          ] GC(2) Pause Young (Allocation Failure) 1M->0M(2M) 2.010ms
[0.215s][info][gc,cpu      ] GC(2) User=0.00s Sys=0.00s Real=0.00s
[0.215s][info][gc,start    ] GC(3) Pause Full (Ergonomics)
[0.215s][info][gc,phases,start] GC(3) Marking Phase
[0.216s][info][gc,phases      ] GC(3) Marking Phase 1.553ms
[0.216s][info][gc,phases,start] GC(3) Summary Phase
[0.216s][info][gc,phases      ] GC(3) Summary Phase 0.016ms
[0.216s][info][gc,phases,start] GC(3) Adjust Roots
[0.217s][info][gc,phases      ] GC(3) Adjust Roots 0.483ms
[0.217s][info][gc,phases,start] GC(3) Compaction Phase
[0.219s][info][gc,phases      ] GC(3) Compaction Phase 2.231ms
[0.219s][info][gc,phases,start] GC(3) Post Compact
[0.219s][info][gc,phases      ] GC(3) Post Compact 0.080ms
[0.219s][info][gc,heap        ] GC(3) PSYoungGen: 512K(1536K)->511K(1536K) Eden: 0K(1024K)->0K(1024K) From: 512K(512K)->511K(512K)
[0.219s][info][gc,heap        ] GC(3) ParOldGen: 496K(512K)->469K(2048K)
[0.219s][info][gc,metaspace   ] GC(3) Metaspace: 6296K(6464K)->6296K(6464K) NonClass: 5762K(5824K)->5762K(5824K) Class: 533K(640K)->533K(640K)
[0.219s][info][gc             ] GC(3) Pause Full (Ergonomics) 0M->0M(3M) 4.645ms
[0.219s][info][gc,cpu         ] GC(3) User=0.00s Sys=0.00s Real=0.00s
[0.221s][info][gc,start       ] GC(4) Pause Young (Allocation Failure)
[0.224s][info][gc,heap        ] GC(4) PSYoungGen: 1535K(1536K)->480K(2560K) Eden: 1024K(1024K)->0K(2048K) From: 511K(512K)->480K(512K)
[0.224s][info][gc,heap        ] GC(4) ParOldGen: 469K(2048K)->1029K(2048K)
[0.224s][info][gc,metaspace   ] GC(4) Metaspace: 6296K(6464K)->6296K(6464K) NonClass: 5762K(5824K)->5762K(5824K) Class: 533K(640K)->533K(640K)
[0.224s][info][gc             ] GC(4) Pause Young (Allocation Failure) 1M->1M(4M) 2.319ms
[0.224s][info][gc,cpu         ] GC(4) User=0.00s Sys=0.00s Real=0.00s
[0.227s][info][gc,start       ] GC(5) Pause Young (Allocation Failure)
[0.230s][info][gc,heap        ] GC(5) PSYoungGen: 2528K(2560K)->480K(2560K) Eden: 2048K(2048K)->0K(2048K) From: 480K(512K)->480K(512K)
[0.230s][info][gc,heap        ] GC(5) ParOldGen: 1029K(2048K)->2093K(2560K)
[0.230s][info][gc,metaspace   ] GC(5) Metaspace: 6296K(6464K)->6296K(6464K) NonClass: 5762K(5824K)->5762K(5824K) Class: 533K(640K)->533K(640K)
[0.230s][info][gc             ] GC(5) Pause Young (Allocation Failure) 3M->2M(5M) 2.847ms
[0.230s][info][gc,cpu         ] GC(5) User=0.00s Sys=0.00s Real=0.00s
[0.230s][info][gc,start       ] GC(6) Pause Full (Ergonomics)
[0.230s][info][gc,phases,start] GC(6) Marking Phase
[0.232s][info][gc,phases      ] GC(6) Marking Phase 2.366ms
[0.232s][info][gc,phases,start] GC(6) Summary Phase
[0.233s][info][gc,phases      ] GC(6) Summary Phase 0.019ms
[0.233s][info][gc,phases,start] GC(6) Adjust Roots
[0.233s][info][gc,phases      ] GC(6) Adjust Roots 0.453ms
[0.233s][info][gc,phases,start] GC(6) Compaction Phase
[0.236s][info][gc,phases      ] GC(6) Compaction Phase 2.547ms
[0.236s][info][gc,phases,start] GC(6) Post Compact
[0.236s][info][gc,phases      ] GC(6) Post Compact 0.035ms
[0.236s][info][gc,heap        ] GC(6) PSYoungGen: 480K(2560K)->0K(4096K) Eden: 0K(2048K)->0K(3072K) From: 480K(512K)->0K(1024K)
[0.236s][info][gc,heap        ] GC(6) ParOldGen: 2093K(2560K)->2542K(6144K)
[0.236s][info][gc,metaspace   ] GC(6) Metaspace: 6296K(6464K)->6296K(6464K) NonClass: 5762K(5824K)->5762K(5824K) Class: 533K(640K)->533K(640K)
[0.236s][info][gc             ] GC(6) Pause Full (Ergonomics) 2M->2M(10M) 5.759ms
[0.236s][info][gc,cpu         ] GC(6) User=0.00s Sys=0.00s Real=0.01s
[0.241s][info][gc,start       ] GC(7) Pause Young (Allocation Failure)
[0.244s][info][gc,heap        ] GC(7) PSYoungGen: 3072K(4096K)->1664K(5120K) Eden: 3072K(3072K)->0K(3072K) From: 0K(1024K)->1664K(2048K)
[0.244s][info][gc,heap        ] GC(7) ParOldGen: 2542K(6144K)->2542K(6144K)
[0.244s][info][gc,metaspace   ] GC(7) Metaspace: 6296K(6464K)->6296K(6464K) NonClass: 5762K(5824K)->5762K(5824K) Class: 533K(640K)->533K(640K)
[0.244s][info][gc             ] GC(7) Pause Young (Allocation Failure) 5M->4M(11M) 2.899ms
[0.244s][info][gc,cpu         ] GC(7) User=0.00s Sys=0.00s Real=0.00s
[0.249s][info][gc,start       ] GC(8) Pause Young (Allocation Failure)
[0.254s][info][gc,heap        ] GC(8) PSYoungGen: 4736K(5120K)->2016K(5632K) Eden: 3072K(3072K)->0K(3584K) From: 1664K(2048K)->2016K(2048K)
[0.254s][info][gc,heap        ] GC(8) ParOldGen: 2542K(6144K)->3774K(6144K)
[0.254s][info][gc,metaspace   ] GC(8) Metaspace: 6296K(6464K)->6296K(6464K) NonClass: 5762K(5824K)->5762K(5824K) Class: 533K(640K)->533K(640K)
[0.254s][info][gc             ] GC(8) Pause Young (Allocation Failure) 7M->5M(11M) 5.625ms
[0.254s][info][gc,cpu         ] GC(8) User=0.00s Sys=0.00s Real=0.01s
[0.260s][info][gc,start       ] GC(9) Pause Young (Allocation Failure)
[0.266s][info][gc,heap        ] GC(9) PSYoungGen: 5600K(5632K)->3040K(6656K) Eden: 3584K(3584K)->0K(3584K) From: 2016K(2048K)->3040K(3072K)
[0.267s][info][gc,heap        ] GC(9) ParOldGen: 3774K(6144K)->4606K(6144K)
[0.267s][info][gc,metaspace   ] GC(9) Metaspace: 6296K(6464K)->6296K(6464K) NonClass: 5762K(5824K)->5762K(5824K) Class: 533K(640K)->533K(640K)
[0.267s][info][gc             ] GC(9) Pause Young (Allocation Failure) 9M->7M(12M) 6.561ms
[0.267s][info][gc,cpu         ] GC(9) User=0.00s Sys=0.00s Real=0.01s
[0.271s][info][gc,start       ] GC(10) Pause Young (Allocation Failure)
[0.277s][info][gc,heap        ] GC(10) PSYoungGen: 6624K(6656K)->4064K(9216K) Eden: 3584K(3584K)->0K(5120K) From: 3040K(3072K)->4064K(4096K)
[0.277s][info][gc,heap        ] GC(10) ParOldGen: 4606K(6144K)->5446K(6144K)
[0.277s][info][gc,metaspace   ] GC(10) Metaspace: 6296K(6464K)->6296K(6464K) NonClass: 5762K(5824K)->5762K(5824K) Class: 533K(640K)->533K(640K)
[0.277s][info][gc             ] GC(10) Pause Young (Allocation Failure) 10M->9M(15M) 6.097ms
[0.277s][info][gc,cpu         ] GC(10) User=0.00s Sys=0.00s Real=0.01s
[0.277s][info][gc,start       ] GC(11) Pause Full (Ergonomics)
[0.277s][info][gc,phases,start] GC(11) Marking Phase
[0.286s][info][gc,phases      ] GC(11) Marking Phase 8.995ms
[0.286s][info][gc,phases,start] GC(11) Summary Phase
[0.286s][info][gc,phases      ] GC(11) Summary Phase 0.017ms
[0.286s][info][gc,phases,start] GC(11) Adjust Roots
[0.287s][info][gc,phases      ] GC(11) Adjust Roots 0.474ms
[0.287s][info][gc,phases,start] GC(11) Compaction Phase
[0.294s][info][gc,phases      ] GC(11) Compaction Phase 7.460ms
[0.294s][info][gc,phases,start] GC(11) Post Compact
[0.295s][info][gc,phases      ] GC(11) Post Compact 0.061ms
[0.295s][info][gc,heap        ] GC(11) PSYoungGen: 4064K(9216K)->3545K(9216K) Eden: 0K(5120K)->0K(5120K) From: 4064K(4096K)->3545K(4096K)
[0.295s][info][gc,heap        ] GC(11) ParOldGen: 5446K(6144K)->5831K(10752K)
[0.295s][info][gc,metaspace   ] GC(11) Metaspace: 6296K(6464K)->6296K(6464K) NonClass: 5762K(5824K)->5762K(5824K) Class: 533K(640K)->533K(640K)
[0.295s][info][gc             ] GC(11) Pause Full (Ergonomics) 9M->9M(19M) 17.358ms
[0.295s][info][gc,cpu         ] GC(11) User=0.00s Sys=0.00s Real=0.02s
[0.303s][info][gc,start       ] GC(12) Pause Young (Allocation Failure)
[0.311s][info][gc,heap        ] GC(12) PSYoungGen: 8665K(9216K)->4928K(10240K) Eden: 5120K(5120K)->0K(5120K) From: 3545K(4096K)->4928K(5120K)
[0.311s][info][gc,heap        ] GC(12) ParOldGen: 5831K(10752K)->7111K(10752K)
[0.311s][info][gc,metaspace   ] GC(12) Metaspace: 6296K(6464K)->6296K(6464K) NonClass: 5762K(5824K)->5762K(5824K) Class: 533K(640K)->533K(640K)
[0.311s][info][gc             ] GC(12) Pause Young (Allocation Failure) 14M->11M(20M) 8.054ms
[0.311s][info][gc,cpu         ] GC(12) User=0.00s Sys=0.00s Real=0.01s
[0.316s][info][gc,start       ] GC(13) Pause Young (Allocation Failure)
[0.326s][info][gc,heap        ] GC(13) PSYoungGen: 10048K(10240K)->5536K(12800K) Eden: 5120K(5120K)->0K(6656K) From: 4928K(5120K)->5536K(6144K)
[0.326s][info][gc,heap        ] GC(13) ParOldGen: 7111K(10752K)->9175K(10752K)
[0.326s][info][gc,metaspace   ] GC(13) Metaspace: 6298K(6464K)->6298K(6464K) NonClass: 5764K(5824K)->5764K(5824K) Class: 533K(640K)->533K(640K)
[0.326s][info][gc             ] GC(13) Pause Young (Allocation Failure) 16M->14M(23M) 9.390ms
[0.326s][info][gc,cpu         ] GC(13) User=0.00s Sys=0.00s Real=0.01s
[0.326s][info][gc,start       ] GC(14) Pause Full (Ergonomics)
[0.326s][info][gc,phases,start] GC(14) Marking Phase
[0.338s][info][gc,phases      ] GC(14) Marking Phase 12.078ms
[0.338s][info][gc,phases,start] GC(14) Summary Phase
[0.338s][info][gc,phases      ] GC(14) Summary Phase 0.019ms
[0.338s][info][gc,phases,start] GC(14) Adjust Roots
[0.338s][info][gc,phases      ] GC(14) Adjust Roots 0.250ms
[0.338s][info][gc,phases,start] GC(14) Compaction Phase
[0.348s][info][gc,phases      ] GC(14) Compaction Phase 9.801ms
[0.348s][info][gc,phases,start] GC(14) Post Compact
[0.348s][info][gc,phases      ] GC(14) Post Compact 0.065ms
[0.348s][info][gc,heap        ] GC(14) PSYoungGen: 5536K(12800K)->3961K(12800K) Eden: 0K(6656K)->0K(6656K) From: 5536K(6144K)->3961K(6144K)
[0.348s][info][gc,heap        ] GC(14) ParOldGen: 9175K(10752K)->10654K(16896K)
[0.348s][info][gc,metaspace   ] GC(14) Metaspace: 6298K(6464K)->6298K(6464K) NonClass: 5764K(5824K)->5764K(5824K) Class: 533K(640K)->533K(640K)
[0.348s][info][gc             ] GC(14) Pause Full (Ergonomics) 14M->14M(29M) 22.547ms
[0.348s][info][gc,cpu         ] GC(14) User=0.00s Sys=0.00s Real=0.02s
[0.355s][info][gc,start       ] GC(15) Pause Young (Allocation Failure)
[0.364s][info][gc,heap        ] GC(15) PSYoungGen: 10617K(12800K)->3424K(13312K) Eden: 6656K(6656K)->0K(6656K) From: 3961K(6144K)->3424K(6656K)
[0.364s][info][gc,heap        ] GC(15) ParOldGen: 10654K(16896K)->14678K(16896K)
[0.364s][info][gc,metaspace   ] GC(15) Metaspace: 6298K(6464K)->6298K(6464K) NonClass: 5764K(5824K)->5764K(5824K) Class: 533K(640K)->533K(640K)
[0.364s][info][gc             ] GC(15) Pause Young (Allocation Failure) 20M->17M(29M) 9.623ms
[0.364s][info][gc,cpu         ] GC(15) User=0.00s Sys=0.00s Real=0.01s
[0.364s][info][gc,start       ] GC(16) Pause Full (Ergonomics)
[0.364s][info][gc,phases,start] GC(16) Marking Phase
[0.378s][info][gc,phases      ] GC(16) Marking Phase 14.043ms
[0.379s][info][gc,phases,start] GC(16) Summary Phase
[0.379s][info][gc,phases      ] GC(16) Summary Phase 0.019ms
[0.379s][info][gc,phases,start] GC(16) Adjust Roots
[0.379s][info][gc,phases      ] GC(16) Adjust Roots 0.259ms
[0.379s][info][gc,phases,start] GC(16) Compaction Phase
[0.388s][info][gc,phases      ] GC(16) Compaction Phase 9.448ms
[0.388s][info][gc,phases,start] GC(16) Post Compact
[0.389s][info][gc,phases      ] GC(16) Post Compact 0.111ms
[0.389s][info][gc,heap        ] GC(16) PSYoungGen: 3424K(13312K)->1368K(13312K) Eden: 0K(6656K)->0K(6656K) From: 3424K(6656K)->1368K(6656K)
[0.389s][info][gc,heap        ] GC(16) ParOldGen: 14678K(16896K)->16660K(25088K)
[0.389s][info][gc,metaspace   ] GC(16) Metaspace: 6298K(6464K)->6298K(6464K) NonClass: 5764K(5824K)->5764K(5824K) Class: 533K(640K)->533K(640K)
[0.389s][info][gc             ] GC(16) Pause Full (Ergonomics) 17M->17M(37M) 24.203ms
[0.389s][info][gc,cpu         ] GC(16) User=0.00s Sys=0.00s Real=0.02s
[0.394s][info][gc,start       ] GC(17) Pause Young (Allocation Failure)
[0.402s][info][gc,heap        ] GC(17) PSYoungGen: 8024K(13312K)->3456K(14848K) Eden: 6656K(6656K)->0K(8704K) From: 1368K(6656K)->3456K(6144K)
[0.402s][info][gc,heap        ] GC(17) ParOldGen: 16660K(25088K)->18052K(25088K)
[0.402s][info][gc,metaspace   ] GC(17) Metaspace: 6298K(6464K)->6298K(6464K) NonClass: 5764K(5824K)->5764K(5824K) Class: 533K(640K)->533K(640K)
[0.402s][info][gc             ] GC(17) Pause Young (Allocation Failure) 24M->21M(39M) 8.202ms
[0.402s][info][gc,cpu         ] GC(17) User=0.00s Sys=0.00s Real=0.01s
[0.411s][info][gc,start       ] GC(18) Pause Young (Allocation Failure)
[0.422s][info][gc,heap        ] GC(18) PSYoungGen: 12160K(14848K)->5024K(15360K) Eden: 8704K(8704K)->0K(8704K) From: 3456K(6144K)->5024K(6656K)
[0.422s][info][gc,heap        ] GC(18) ParOldGen: 18052K(25088K)->21540K(25088K)
[0.422s][info][gc,metaspace   ] GC(18) Metaspace: 6298K(6464K)->6298K(6464K) NonClass: 5764K(5824K)->5764K(5824K) Class: 533K(640K)->533K(640K)
[0.422s][info][gc             ] GC(18) Pause Young (Allocation Failure) 29M->25M(39M) 11.071ms
[0.422s][info][gc,cpu         ] GC(18) User=0.00s Sys=0.00s Real=0.01s
[0.422s][info][gc,start       ] GC(19) Pause Full (Ergonomics)
[0.422s][info][gc,phases,start] GC(19) Marking Phase
[0.442s][info][gc,phases      ] GC(19) Marking Phase 20.476ms
[0.442s][info][gc,phases,start] GC(19) Summary Phase
[0.442s][info][gc,phases      ] GC(19) Summary Phase 0.019ms
[0.442s][info][gc,phases,start] GC(19) Adjust Roots
[0.443s][info][gc,phases      ] GC(19) Adjust Roots 0.221ms
[0.443s][info][gc,phases,start] GC(19) Compaction Phase
[0.457s][info][gc,phases      ] GC(19) Compaction Phase 14.378ms
[0.457s][info][gc,phases,start] GC(19) Post Compact
[0.457s][info][gc,phases      ] GC(19) Post Compact 0.105ms
[0.457s][info][gc,heap        ] GC(19) PSYoungGen: 5024K(15360K)->901K(15360K) Eden: 0K(8704K)->0K(8704K) From: 5024K(6656K)->901K(6656K)
[0.457s][info][gc,heap        ] GC(19) ParOldGen: 21540K(25088K)->25039K(35840K)
[0.457s][info][gc,metaspace   ] GC(19) Metaspace: 6298K(6464K)->6298K(6464K) NonClass: 5764K(5824K)->5764K(5824K) Class: 533K(640K)->533K(640K)
[0.457s][info][gc             ] GC(19) Pause Full (Ergonomics) 25M->25M(50M) 35.567ms
[0.457s][info][gc,cpu         ] GC(19) User=0.02s Sys=0.00s Real=0.03s
[0.464s][info][gc,start       ] GC(20) Pause Young (Allocation Failure)
[0.476s][info][gc,heap        ] GC(20) PSYoungGen: 9605K(15360K)->4512K(18944K) Eden: 8704K(8704K)->0K(11776K) From: 901K(6656K)->4512K(7168K)
[0.476s][info][gc,heap        ] GC(20) ParOldGen: 25039K(35840K)->25959K(35840K)
[0.476s][info][gc,metaspace   ] GC(20) Metaspace: 6298K(6464K)->6298K(6464K) NonClass: 5764K(5824K)->5764K(5824K) Class: 533K(640K)->533K(640K)
[0.476s][info][gc             ] GC(20) Pause Young (Allocation Failure) 33M->29M(53M) 11.863ms
[0.476s][info][gc,cpu         ] GC(20) User=0.00s Sys=0.00s Real=0.01s
[0.485s][info][gc,start       ] GC(21) Pause Young (Allocation Failure)
[0.498s][info][gc,heap        ] GC(21) PSYoungGen: 16288K(18944K)->7168K(18944K) Eden: 11776K(11776K)->0K(11776K) From: 4512K(7168K)->7168K(7168K)
[0.498s][info][gc,heap        ] GC(21) ParOldGen: 25959K(35840K)->29447K(35840K)
[0.498s][info][gc,metaspace   ] GC(21) Metaspace: 6298K(6464K)->6298K(6464K) NonClass: 5764K(5824K)->5764K(5824K) Class: 533K(640K)->533K(640K)
[0.498s][info][gc             ] GC(21) Pause Young (Allocation Failure) 41M->35M(53M) 13.008ms
[0.498s][info][gc,cpu         ] GC(21) User=0.00s Sys=0.00s Real=0.01s
[0.515s][info][gc,start       ] GC(22) Pause Young (Allocation Failure)
[0.541s][info][gc,heap        ] GC(22) PSYoungGen: 18944K(18944K)->9696K(20480K) Eden: 11776K(11776K)->0K(10752K) From: 7168K(7168K)->9696K(9728K)
[0.541s][info][gc,heap        ] GC(22) ParOldGen: 29447K(35840K)->38663K(38912K)
[0.541s][info][gc,metaspace   ] GC(22) Metaspace: 6298K(6464K)->6298K(6464K) NonClass: 5764K(5824K)->5764K(5824K) Class: 533K(640K)->533K(640K)
[0.541s][info][gc             ] GC(22) Pause Young (Allocation Failure) 47M->47M(58M) 25.544ms
[0.541s][info][gc,cpu         ] GC(22) User=0.00s Sys=0.02s Real=0.03s
[0.541s][info][gc,start       ] GC(23) Pause Full (Ergonomics)
[0.541s][info][gc,phases,start] GC(23) Marking Phase
[0.575s][info][gc,phases      ] GC(23) Marking Phase 33.634ms
[0.575s][info][gc,phases,start] GC(23) Summary Phase
[0.575s][info][gc,phases      ] GC(23) Summary Phase 0.019ms
[0.575s][info][gc,phases,start] GC(23) Adjust Roots
[0.575s][info][gc,phases      ] GC(23) Adjust Roots 0.183ms
[0.575s][info][gc,phases,start] GC(23) Compaction Phase
[0.599s][info][gc,phases      ] GC(23) Compaction Phase 24.651ms
[0.600s][info][gc,phases,start] GC(23) Post Compact
[0.600s][info][gc,phases      ] GC(23) Post Compact 0.183ms
[0.600s][info][gc,heap        ] GC(23) PSYoungGen: 9696K(20480K)->9681K(20480K) Eden: 0K(10752K)->0K(10752K) From: 9696K(9728K)->9681K(9728K)
[0.600s][info][gc,heap        ] GC(23) ParOldGen: 38663K(38912K)->37417K(52224K)
[0.600s][info][gc,metaspace   ] GC(23) Metaspace: 6298K(6464K)->6298K(6464K) NonClass: 5764K(5824K)->5764K(5824K) Class: 533K(640K)->533K(640K)
[0.600s][info][gc             ] GC(23) Pause Full (Ergonomics) 47M->45M(71M) 59.049ms
[0.600s][info][gc,cpu         ] GC(23) User=0.05s Sys=0.00s Real=0.06s
[0.612s][info][gc,start       ] GC(24) Pause Young (Allocation Failure)
[0.638s][info][gc,heap        ] GC(24) PSYoungGen: 20433K(20480K)->10752K(25600K) Eden: 10752K(10752K)->0K(10752K) From: 9681K(9728K)->10752K(14848K)
[0.638s][info][gc,heap        ] GC(24) ParOldGen: 37417K(52224K)->47225K(52224K)
[0.638s][info][gc,metaspace   ] GC(24) Metaspace: 6298K(6464K)->6298K(6464K) NonClass: 5764K(5824K)->5764K(5824K) Class: 533K(640K)->533K(640K)
[0.638s][info][gc             ] GC(24) Pause Young (Allocation Failure) 56M->56M(76M) 26.472ms
[0.638s][info][gc,cpu         ] GC(24) User=0.02s Sys=0.00s Real=0.03s
[0.638s][info][gc,start       ] GC(25) Pause Full (Ergonomics)
[0.638s][info][gc,phases,start] GC(25) Marking Phase
[0.679s][info][gc,phases      ] GC(25) Marking Phase 41.183ms
[0.680s][info][gc,phases,start] GC(25) Summary Phase
[0.680s][info][gc,phases      ] GC(25) Summary Phase 0.019ms
[0.680s][info][gc,phases,start] GC(25) Adjust Roots
[0.680s][info][gc,phases      ] GC(25) Adjust Roots 0.197ms
[0.680s][info][gc,phases,start] GC(25) Compaction Phase
[0.705s][info][gc,phases      ] GC(25) Compaction Phase 25.689ms
[0.706s][info][gc,phases,start] GC(25) Post Compact
[0.706s][info][gc,phases      ] GC(25) Post Compact 0.195ms
[0.706s][info][gc,heap        ] GC(25) PSYoungGen: 10752K(25600K)->5610K(25600K) Eden: 0K(10752K)->0K(10752K) From: 10752K(14848K)->5610K(14848K)
[0.706s][info][gc,heap        ] GC(25) ParOldGen: 47225K(52224K)->52208K(70656K)
[0.706s][info][gc,metaspace   ] GC(25) Metaspace: 6298K(6464K)->6298K(6464K) NonClass: 5764K(5824K)->5764K(5824K) Class: 533K(640K)->533K(640K)
[0.706s][info][gc             ] GC(25) Pause Full (Ergonomics) 56M->56M(94M) 67.634ms
[0.706s][info][gc,cpu         ] GC(25) User=0.06s Sys=0.00s Real=0.07s
[0.719s][info][gc,start       ] GC(26) Pause Young (Allocation Failure)
[0.746s][info][gc,heap        ] GC(26) PSYoungGen: 16362K(25600K)->10752K(28672K) Eden: 10752K(10752K)->0K(12800K) From: 5610K(14848K)->10752K(15872K)
[0.746s][info][gc,heap        ] GC(26) ParOldGen: 52208K(70656K)->57912K(70656K)
[0.746s][info][gc,metaspace   ] GC(26) Metaspace: 6298K(6464K)->6298K(6464K) NonClass: 5764K(5824K)->5764K(5824K) Class: 533K(640K)->533K(640K)
[0.746s][info][gc             ] GC(26) Pause Young (Allocation Failure) 66M->67M(97M) 26.879ms
[0.746s][info][gc,cpu         ] GC(26) User=0.02s Sys=0.00s Real=0.03s
[0.758s][info][gc,start       ] GC(27) Pause Young (Allocation Failure)
[0.785s][info][gc,heap        ] GC(27) PSYoungGen: 23552K(28672K)->16384K(29184K) Eden: 12800K(12800K)->0K(12800K) From: 10752K(15872K)->16384K(16384K)
[0.785s][info][gc,heap        ] GC(27) ParOldGen: 57912K(70656K)->65160K(70656K)
[0.785s][info][gc,metaspace   ] GC(27) Metaspace: 6298K(6464K)->6298K(6464K) NonClass: 5764K(5824K)->5764K(5824K) Class: 533K(640K)->533K(640K)
[0.785s][info][gc             ] GC(27) Pause Young (Allocation Failure) 79M->79M(97M) 26.778ms
[0.785s][info][gc,cpu         ] GC(27) User=0.02s Sys=0.00s Real=0.03s
[0.785s][info][gc,start       ] GC(28) Pause Full (Ergonomics)
[0.785s][info][gc,phases,start] GC(28) Marking Phase
[0.842s][info][gc,phases      ] GC(28) Marking Phase 56.335ms
[0.842s][info][gc,phases,start] GC(28) Summary Phase
[0.842s][info][gc,phases      ] GC(28) Summary Phase 0.020ms
[0.842s][info][gc,phases,start] GC(28) Adjust Roots
[0.842s][info][gc,phases      ] GC(28) Adjust Roots 0.386ms
[0.842s][info][gc,phases,start] GC(28) Compaction Phase
[0.878s][info][gc,phases      ] GC(28) Compaction Phase 36.212ms
[0.878s][info][gc,phases,start] GC(28) Post Compact
[0.879s][info][gc,phases      ] GC(28) Post Compact 0.305ms
[0.879s][info][gc,heap        ] GC(28) PSYoungGen: 16384K(29184K)->10731K(29184K) Eden: 0K(12800K)->0K(12800K) From: 16384K(16384K)->10731K(16384K)
[0.879s][info][gc,heap        ] GC(28) ParOldGen: 65160K(70656K)->70572K(91648K)
[0.879s][info][gc,metaspace   ] GC(28) Metaspace: 6298K(6464K)->6298K(6464K) NonClass: 5764K(5824K)->5764K(5824K) Class: 533K(640K)->533K(640K)
[0.879s][info][gc             ] GC(28) Pause Full (Ergonomics) 79M->79M(118M) 93.694ms
[0.879s][info][gc,cpu         ] GC(28) User=0.08s Sys=0.00s Real=0.09s
[0.898s][info][gc,start       ] GC(29) Pause Young (Allocation Failure)
[0.934s][info][gc,heap        ] GC(29) PSYoungGen: 23531K(29184K)->12800K(36864K) Eden: 12800K(12800K)->0K(14848K) From: 10731K(16384K)->12800K(22016K)
[0.934s][info][gc,heap        ] GC(29) ParOldGen: 70572K(91648K)->81476K(91648K)
[0.934s][info][gc,metaspace   ] GC(29) Metaspace: 6298K(6464K)->6298K(6464K) NonClass: 5764K(5824K)->5764K(5824K) Class: 533K(640K)->533K(640K)
[0.934s][info][gc             ] GC(29) Pause Young (Allocation Failure) 91M->92M(125M) 35.925ms
[0.934s][info][gc,cpu         ] GC(29) User=0.02s Sys=0.02s Real=0.04s
[0.934s][info][gc,start       ] GC(30) Pause Full (Ergonomics)
[0.934s][info][gc,phases,start] GC(30) Marking Phase
[1.003s][info][gc,phases      ] GC(30) Marking Phase 68.176ms
[1.003s][info][gc,phases,start] GC(30) Summary Phase
[1.003s][info][gc,phases      ] GC(30) Summary Phase 0.021ms
[1.003s][info][gc,phases,start] GC(30) Adjust Roots
[1.003s][info][gc,phases      ] GC(30) Adjust Roots 0.199ms
[1.003s][info][gc,phases,start] GC(30) Compaction Phase
[1.045s][info][gc,phases      ] GC(30) Compaction Phase 42.523ms
[1.045s][info][gc,phases,start] GC(30) Post Compact
[1.046s][info][gc,phases      ] GC(30) Post Compact 0.398ms
[1.046s][info][gc,heap        ] GC(30) PSYoungGen: 12800K(36864K)->508K(36864K) Eden: 0K(14848K)->0K(14848K) From: 12800K(22016K)->508K(22016K)
[1.046s][info][gc,heap        ] GC(30) ParOldGen: 81476K(91648K)->91527K(116736K)
[1.046s][info][gc,metaspace   ] GC(30) Metaspace: 6298K(6464K)->6298K(6464K) NonClass: 5764K(5824K)->5764K(5824K) Class: 533K(640K)->533K(640K)
[1.046s][info][gc             ] GC(30) Pause Full (Ergonomics) 92M->89M(150M) 111.757ms
[1.046s][info][gc,cpu         ] GC(30) User=0.08s Sys=0.00s Real=0.11s
[1.059s][info][gc,start       ] GC(31) Pause Young (Allocation Failure)
[1.090s][info][gc,heap        ] GC(31) PSYoungGen: 15356K(36864K)->15360K(37376K) Eden: 14848K(14848K)->0K(14848K) From: 508K(22016K)->15360K(22528K)
[1.090s][info][gc,heap        ] GC(31) ParOldGen: 91527K(116736K)->91527K(116736K)
[1.090s][info][gc,metaspace   ] GC(31) Metaspace: 6298K(6464K)->6298K(6464K) NonClass: 5764K(5824K)->5764K(5824K) Class: 533K(640K)->533K(640K)
[1.090s][info][gc             ] GC(31) Pause Young (Allocation Failure) 104M->104M(150M) 31.180ms
[1.090s][info][gc,cpu         ] GC(31) User=0.02s Sys=0.00s Real=0.03s
[1.104s][info][gc,start       ] GC(32) Pause Young (Allocation Failure)
[1.138s][info][gc,heap        ] GC(32) PSYoungGen: 30208K(37376K)->23552K(34816K) Eden: 14848K(14848K)->0K(11264K) From: 15360K(22528K)->23552K(23552K)
[1.138s][info][gc,heap        ] GC(32) ParOldGen: 91527K(116736K)->98271K(116736K)
[1.138s][info][gc,metaspace   ] GC(32) Metaspace: 6298K(6464K)->6298K(6464K) NonClass: 5764K(5824K)->5764K(5824K) Class: 533K(640K)->533K(640K)
[1.138s][info][gc             ] GC(32) Pause Young (Allocation Failure) 118M->118M(148M) 34.218ms
[1.138s][info][gc,cpu         ] GC(32) User=0.02s Sys=0.02s Real=0.03s
[1.150s][info][gc,start       ] GC(33) Pause Young (Allocation Failure)
[1.184s][info][gc,heap        ] GC(33) PSYoungGen: 34816K(34816K)->24768K(40960K) Eden: 11264K(11264K)->0K(11264K) From: 23552K(23552K)->24768K(29696K)
[1.184s][info][gc,heap        ] GC(33) ParOldGen: 98271K(116736K)->108447K(116736K)
[1.184s][info][gc,metaspace   ] GC(33) Metaspace: 6298K(6464K)->6298K(6464K) NonClass: 5764K(5824K)->5764K(5824K) Class: 533K(640K)->533K(640K)
[1.184s][info][gc             ] GC(33) Pause Young (Allocation Failure) 129M->130M(154M) 33.999ms
[1.184s][info][gc,cpu         ] GC(33) User=0.03s Sys=0.00s Real=0.03s
[1.184s][info][gc,start       ] GC(34) Pause Full (Ergonomics)
[1.184s][info][gc,phases,start] GC(34) Marking Phase
[1.279s][info][gc,phases      ] GC(34) Marking Phase 94.395ms
[1.279s][info][gc,phases,start] GC(34) Summary Phase
[1.279s][info][gc,phases      ] GC(34) Summary Phase 0.022ms
[1.279s][info][gc,phases,start] GC(34) Adjust Roots
[1.279s][info][gc,phases      ] GC(34) Adjust Roots 0.191ms
[1.279s][info][gc,phases,start] GC(34) Compaction Phase
[1.336s][info][gc,phases      ] GC(34) Compaction Phase 57.075ms
[1.336s][info][gc,phases,start] GC(34) Post Compact
[1.337s][info][gc,phases      ] GC(34) Post Compact 0.648ms
[1.337s][info][gc,heap        ] GC(34) PSYoungGen: 24768K(40960K)->16541K(40960K) Eden: 0K(11264K)->0K(11264K) From: 24768K(29696K)->16541K(29696K)
[1.337s][info][gc,heap        ] GC(34) ParOldGen: 108447K(116736K)->116355K(144896K)
[1.337s][info][gc,metaspace   ] GC(34) Metaspace: 6298K(6464K)->6298K(6464K) NonClass: 5764K(5824K)->5764K(5824K) Class: 533K(640K)->533K(640K)
[1.337s][info][gc             ] GC(34) Pause Full (Ergonomics) 130M->129M(181M) 152.967ms
[1.337s][info][gc,cpu         ] GC(34) User=0.12s Sys=0.00s Real=0.15s
[1.348s][info][gc,start       ] GC(35) Pause Young (Allocation Failure)
[1.393s][info][gc,heap        ] GC(35) PSYoungGen: 27805K(40960K)->19072K(45568K) Eden: 11264K(11264K)->0K(12800K) From: 16541K(29696K)->19072K(32768K)
[1.393s][info][gc,heap        ] GC(35) ParOldGen: 116355K(144896K)->125243K(144896K)
[1.393s][info][gc,metaspace   ] GC(35) Metaspace: 6298K(6464K)->6298K(6464K) NonClass: 5764K(5824K)->5764K(5824K) Class: 533K(640K)->533K(640K)
[1.393s][info][gc             ] GC(35) Pause Young (Allocation Failure) 140M->140M(186M) 45.261ms
[1.393s][info][gc,cpu         ] GC(35) User=0.03s Sys=0.00s Real=0.05s
[1.406s][info][gc,start       ] GC(36) Pause Young (Allocation Failure)
[1.436s][info][gc,heap        ] GC(36) PSYoungGen: 31872K(45568K)->31872K(46080K) Eden: 12800K(12800K)->0K(12800K) From: 19072K(32768K)->31872K(33280K)
[1.436s][info][gc,heap        ] GC(36) ParOldGen: 125243K(144896K)->125243K(144896K)
[1.437s][info][gc,metaspace   ] GC(36) Metaspace: 6298K(6464K)->6298K(6464K) NonClass: 5764K(5824K)->5764K(5824K) Class: 533K(640K)->533K(640K)
[1.437s][info][gc             ] GC(36) Pause Young (Allocation Failure) 153M->153M(186M) 30.973ms
[1.437s][info][gc,cpu         ] GC(36) User=0.02s Sys=0.00s Real=0.03s
[1.448s][info][gc,start       ] GC(37) Pause Young (Allocation Failure)
[1.499s][info][gc,heap        ] GC(37) PSYoungGen: 44672K(46080K)->36864K(48128K) Eden: 12800K(12800K)->0K(9728K) From: 31872K(33280K)->36864K(38400K)
[1.499s][info][gc,heap        ] GC(37) ParOldGen: 125243K(144896K)->133171K(144896K)
[1.499s][info][gc,metaspace   ] GC(37) Metaspace: 6298K(6464K)->6298K(6464K) NonClass: 5764K(5824K)->5764K(5824K) Class: 533K(640K)->533K(640K)
[1.499s][info][gc             ] GC(37) Pause Young (Allocation Failure) 165M->166M(188M) 51.236ms
[1.499s][info][gc,cpu         ] GC(37) User=0.05s Sys=0.00s Real=0.05s
[1.500s][info][gc,start       ] GC(38) Pause Full (Ergonomics)
[1.500s][info][gc,phases,start] GC(38) Marking Phase
[1.627s][info][gc,phases      ] GC(38) Marking Phase 127.199ms
[1.627s][info][gc,phases,start] GC(38) Summary Phase
[1.627s][info][gc,phases      ] GC(38) Summary Phase 0.022ms
[1.627s][info][gc,phases,start] GC(38) Adjust Roots
[1.627s][info][gc,phases      ] GC(38) Adjust Roots 0.349ms
[1.627s][info][gc,phases,start] GC(38) Compaction Phase
[1.704s][info][gc,phases      ] GC(38) Compaction Phase 76.257ms
[1.704s][info][gc,phases,start] GC(38) Post Compact
[1.704s][info][gc,phases      ] GC(38) Post Compact 0.800ms
[1.705s][info][gc,heap        ] GC(38) PSYoungGen: 36864K(48128K)->25014K(48128K) Eden: 0K(9728K)->0K(9728K) From: 36864K(38400K)->25014K(38400K)
[1.705s][info][gc,heap        ] GC(38) ParOldGen: 133171K(144896K)->144649K(175616K)
[1.705s][info][gc,metaspace   ] GC(38) Metaspace: 6298K(6464K)->6298K(6464K) NonClass: 5764K(5824K)->5764K(5824K) Class: 533K(640K)->533K(640K)
[1.705s][info][gc             ] GC(38) Pause Full (Ergonomics) 166M->165M(218M) 205.173ms
[1.705s][info][gc,cpu         ] GC(38) User=0.19s Sys=0.00s Real=0.21s
[1.746s][info][gc,start       ] GC(39) Pause Young (Allocation Failure)
[1.803s][info][gc,heap        ] GC(39) PSYoungGen: 34742K(48128K)->19296K(29184K) Eden: 9728K(9728K)->0K(9728K) From: 25014K(38400K)->19296K(19456K)
[1.803s][info][gc,heap        ] GC(39) ParOldGen: 152841K(175616K)->168569K(175616K)
[1.803s][info][gc,metaspace   ] GC(39) Metaspace: 6298K(6464K)->6298K(6464K) NonClass: 5764K(5824K)->5764K(5824K) Class: 533K(640K)->533K(640K)
[1.803s][info][gc             ] GC(39) Pause Young (Allocation Failure) 183M->183M(200M) 57.032ms
[1.804s][info][gc,cpu         ] GC(39) User=0.05s Sys=0.00s Real=0.06s
[1.804s][info][gc,start       ] GC(40) Pause Full (Ergonomics)
[1.804s][info][gc,phases,start] GC(40) Marking Phase
[1.947s][info][gc,phases      ] GC(40) Marking Phase 143.560ms
[1.947s][info][gc,phases,start] GC(40) Summary Phase
[1.947s][info][gc,phases      ] GC(40) Summary Phase 0.017ms
[1.947s][info][gc,phases,start] GC(40) Adjust Roots
[1.947s][info][gc,phases      ] GC(40) Adjust Roots 0.184ms
[1.947s][info][gc,phases,start] GC(40) Compaction Phase
[2.032s][info][gc,phases      ] GC(40) Compaction Phase 84.690ms
[2.032s][info][gc,phases,start] GC(40) Post Compact
[2.033s][info][gc,phases      ] GC(40) Post Compact 1.211ms
[2.034s][info][gc,heap        ] GC(40) PSYoungGen: 19296K(29184K)->7993K(29184K) Eden: 0K(9728K)->0K(9728K) From: 19296K(19456K)->7993K(19456K)
[2.034s][info][gc,heap        ] GC(40) ParOldGen: 168569K(175616K)->175463K(211968K)
[2.034s][info][gc,metaspace   ] GC(40) Metaspace: 6298K(6464K)->6298K(6464K) NonClass: 5764K(5824K)->5764K(5824K) Class: 533K(640K)->533K(640K)
[2.034s][info][gc             ] GC(40) Pause Full (Ergonomics) 183M->179M(235M) 230.413ms
[2.034s][info][gc,cpu         ] GC(40) User=0.19s Sys=0.00s Real=0.23s
[2.043s][info][gc,start       ] GC(41) Pause Young (Allocation Failure)
[2.094s][info][gc,heap        ] GC(41) PSYoungGen: 17721K(29184K)->17728K(48128K) Eden: 9728K(9728K)->0K(11264K) From: 7993K(19456K)->17728K(36864K)
[2.094s][info][gc,heap        ] GC(41) ParOldGen: 175463K(211968K)->175463K(211968K)
[2.094s][info][gc,metaspace   ] GC(41) Metaspace: 6298K(6464K)->6298K(6464K) NonClass: 5764K(5824K)->5764K(5824K) Class: 533K(640K)->533K(640K)
[2.094s][info][gc             ] GC(41) Pause Young (Allocation Failure) 188M->188M(254M) 50.992ms
[2.094s][info][gc,cpu         ] GC(41) User=0.03s Sys=0.00s Real=0.05s
[2.105s][info][gc,start       ] GC(42) Pause Young (Allocation Failure)
[2.132s][info][gc,heap        ] GC(42) PSYoungGen: 28992K(48128K)->28992K(50688K) Eden: 11264K(11264K)->0K(11264K) From: 17728K(36864K)->28992K(39424K)
[2.132s][info][gc,heap        ] GC(42) ParOldGen: 175463K(211968K)->175463K(211968K)
[2.132s][info][gc,metaspace   ] GC(42) Metaspace: 6298K(6464K)->6298K(6464K) NonClass: 5764K(5824K)->5764K(5824K) Class: 533K(640K)->533K(640K)
[2.132s][info][gc             ] GC(42) Pause Young (Allocation Failure) 199M->199M(256M) 27.411ms
[2.132s][info][gc,cpu         ] GC(42) User=0.02s Sys=0.00s Real=0.03s
[2.143s][info][gc,start       ] GC(43) Pause Young (Allocation Failure)
[2.182s][info][gc,heap        ] GC(43) PSYoungGen: 40256K(50688K)->40256K(48640K) Eden: 11264K(11264K)->0K(7168K) From: 28992K(39424K)->40256K(41472K)
[2.182s][info][gc,heap        ] GC(43) ParOldGen: 175463K(211968K)->175463K(211968K)
[2.182s][info][gc,metaspace   ] GC(43) Metaspace: 6298K(6464K)->6298K(6464K) NonClass: 5764K(5824K)->5764K(5824K) Class: 533K(640K)->533K(640K)
[2.182s][info][gc             ] GC(43) Pause Young (Allocation Failure) 210M->210M(254M) 38.952ms
[2.182s][info][gc,cpu         ] GC(43) User=0.03s Sys=0.00s Real=0.04s
[2.192s][info][gc,start       ] GC(44) Pause Young (Allocation Failure)
[2.234s][info][gc,heap        ] GC(44) PSYoungGen: 47424K(48640K)->42624K(54784K) Eden: 7168K(7168K)->0K(7168K) From: 40256K(41472K)->42624K(47616K)
[2.235s][info][gc,heap        ] GC(44) ParOldGen: 175463K(211968K)->180327K(211968K)
[2.235s][info][gc,metaspace   ] GC(44) Metaspace: 6298K(6464K)->6298K(6464K) NonClass: 5764K(5824K)->5764K(5824K) Class: 533K(640K)->533K(640K)
[2.235s][info][gc             ] GC(44) Pause Young (Allocation Failure) 217M->217M(260M) 42.622ms
[2.235s][info][gc,cpu         ] GC(44) User=0.02s Sys=0.00s Real=0.04s
[2.242s][info][gc,start       ] GC(45) Pause Young (Allocation Failure)
[2.291s][info][gc,heap        ] GC(45) PSYoungGen: 49792K(54784K)->46560K(56320K) Eden: 7168K(7168K)->0K(3584K) From: 42624K(47616K)->46560K(52736K)
[2.291s][info][gc,heap        ] GC(45) ParOldGen: 180327K(211968K)->183591K(211968K)
[2.291s][info][gc,metaspace   ] GC(45) Metaspace: 6298K(6464K)->6298K(6464K) NonClass: 5764K(5824K)->5764K(5824K) Class: 533K(640K)->533K(640K)
[2.291s][info][gc             ] GC(45) Pause Young (Allocation Failure) 224M->224M(262M) 48.896ms
[2.291s][info][gc,cpu         ] GC(45) User=0.05s Sys=0.00s Real=0.05s
[2.296s][info][gc,start       ] GC(46) Pause Young (Allocation Failure)
[2.350s][info][gc,heap        ] GC(46) PSYoungGen: 50144K(56320K)->29120K(32768K) Eden: 3584K(3584K)->0K(3584K) From: 46560K(52736K)->29120K(29184K)
[2.350s][info][gc,heap        ] GC(46) ParOldGen: 183591K(211968K)->204863K(211968K)
[2.350s][info][gc,metaspace   ] GC(46) Metaspace: 6298K(6464K)->6298K(6464K) NonClass: 5764K(5824K)->5764K(5824K) Class: 533K(640K)->533K(640K)
[2.350s][info][gc             ] GC(46) Pause Young (Allocation Failure) 228M->228M(239M) 53.809ms
[2.350s][info][gc,cpu         ] GC(46) User=0.06s Sys=0.00s Real=0.05s
[2.350s][info][gc,start       ] GC(47) Pause Full (Ergonomics)
[2.350s][info][gc,phases,start] GC(47) Marking Phase
[2.528s][info][gc,phases      ] GC(47) Marking Phase 178.431ms
[2.528s][info][gc,phases,start] GC(47) Summary Phase
[2.528s][info][gc,phases      ] GC(47) Summary Phase 0.031ms
[2.528s][info][gc,phases,start] GC(47) Adjust Roots
[2.529s][info][gc,phases      ] GC(47) Adjust Roots 0.262ms
[2.529s][info][gc,phases,start] GC(47) Compaction Phase
[2.624s][info][gc,phases      ] GC(47) Compaction Phase 95.622ms
[2.624s][info][gc,phases,start] GC(47) Post Compact
[2.626s][info][gc,phases      ] GC(47) Post Compact 1.099ms
[2.626s][info][gc,heap        ] GC(47) PSYoungGen: 29120K(32768K)->21900K(32768K) Eden: 0K(3584K)->0K(3584K) From: 29120K(29184K)->21900K(29184K)
[2.626s][info][gc,heap        ] GC(47) ParOldGen: 204863K(211968K)->211543K(252928K)
[2.626s][info][gc,metaspace   ] GC(47) Metaspace: 6298K(6464K)->6298K(6464K) NonClass: 5764K(5824K)->5764K(5824K) Class: 533K(640K)->533K(640K)
[2.626s][info][gc             ] GC(47) Pause Full (Ergonomics) 228M->227M(279M) 275.999ms
[2.626s][info][gc,cpu         ] GC(47) User=0.22s Sys=0.02s Real=0.28s
[2.630s][info][gc,start       ] GC(48) Pause Young (Allocation Failure)
[2.686s][info][gc,heap        ] GC(48) PSYoungGen: 25484K(32768K)->11808K(59392K) Eden: 3584K(3584K)->0K(4608K) From: 21900K(29184K)->11808K(54784K)
[2.686s][info][gc,heap        ] GC(48) ParOldGen: 211543K(252928K)->225455K(252928K)
[2.686s][info][gc,metaspace   ] GC(48) Metaspace: 6298K(6464K)->6298K(6464K) NonClass: 5764K(5824K)->5764K(5824K) Class: 533K(640K)->533K(640K)
[2.686s][info][gc             ] GC(48) Pause Young (Allocation Failure) 231M->231M(305M) 56.121ms
[2.686s][info][gc,cpu         ] GC(48) User=0.03s Sys=0.02s Real=0.06s
[2.692s][info][gc,start       ] GC(49) Pause Young (Allocation Failure)
[2.712s][info][gc,heap        ] GC(49) PSYoungGen: 16416K(59392K)->10944K(60416K) Eden: 4608K(4608K)->0K(4608K) From: 11808K(54784K)->10944K(55808K)
[2.712s][info][gc,heap        ] GC(49) ParOldGen: 225455K(252928K)->230967K(252928K)
[2.712s][info][gc,metaspace   ] GC(49) Metaspace: 6298K(6464K)->6298K(6464K) NonClass: 5764K(5824K)->5764K(5824K) Class: 533K(640K)->533K(640K)
[2.712s][info][gc             ] GC(49) Pause Young (Allocation Failure) 236M->236M(306M) 19.612ms
[2.712s][info][gc,cpu         ] GC(49) User=0.00s Sys=0.02s Real=0.02s
[2.717s][info][gc,start       ] GC(50) Pause Young (Allocation Failure)
[2.737s][info][gc,heap        ] GC(50) PSYoungGen: 15552K(60416K)->9184K(59904K) Eden: 4608K(4608K)->0K(6144K) From: 10944K(55808K)->9184K(53760K)
[2.737s][info][gc,heap        ] GC(50) ParOldGen: 230967K(252928K)->237415K(252928K)
[2.737s][info][gc,metaspace   ] GC(50) Metaspace: 6298K(6464K)->6298K(6464K) NonClass: 5764K(5824K)->5764K(5824K) Class: 533K(640K)->533K(640K)
[2.737s][info][gc             ] GC(50) Pause Young (Allocation Failure) 240M->240M(305M) 19.983ms
[2.737s][info][gc,cpu         ] GC(50) User=0.02s Sys=0.00s Real=0.02s
[2.737s][info][gc,start       ] GC(51) Pause Full (Ergonomics)
[2.737s][info][gc,phases,start] GC(51) Marking Phase
[2.919s][info][gc,phases      ] GC(51) Marking Phase 181.889ms
[2.919s][info][gc,phases,start] GC(51) Summary Phase
[2.919s][info][gc,phases      ] GC(51) Summary Phase 0.024ms
[2.919s][info][gc,phases,start] GC(51) Adjust Roots
[2.919s][info][gc,phases      ] GC(51) Adjust Roots 0.255ms
[2.919s][info][gc,phases,start] GC(51) Compaction Phase
[3.005s][info][gc,phases      ] GC(51) Compaction Phase 85.112ms
[3.005s][info][gc,phases,start] GC(51) Post Compact
[3.006s][info][gc,phases      ] GC(51) Post Compact 1.153ms
[3.006s][info][gc,heap        ] GC(51) PSYoungGen: 9184K(59904K)->0K(60416K) Eden: 0K(6144K)->0K(6144K) From: 9184K(53760K)->0K(54272K)
[3.006s][info][gc,heap        ] GC(51) ParOldGen: 237415K(252928K)->246155K(289792K)
[3.006s][info][gc,metaspace   ] GC(51) Metaspace: 6298K(6464K)->6298K(6464K) NonClass: 5764K(5824K)->5764K(5824K) Class: 533K(640K)->533K(640K)
[3.006s][info][gc             ] GC(51) Pause Full (Ergonomics) 240M->240M(342M) 269.134ms
[3.006s][info][gc,cpu         ] GC(51) User=0.27s Sys=0.00s Real=0.27s
[3.015s][info][gc,start       ] GC(52) Pause Young (Allocation Failure)
[3.025s][info][gc,heap        ] GC(52) PSYoungGen: 6144K(60416K)->6144K(59904K) Eden: 6144K(6144K)->0K(7168K) From: 0K(54272K)->6144K(52736K)
[3.025s][info][gc,heap        ] GC(52) ParOldGen: 246155K(289792K)->246155K(289792K)
[3.025s][info][gc,metaspace   ] GC(52) Metaspace: 6298K(6464K)->6298K(6464K) NonClass: 5764K(5824K)->5764K(5824K) Class: 533K(640K)->533K(640K)
[3.025s][info][gc             ] GC(52) Pause Young (Allocation Failure) 246M->246M(341M) 10.897ms
[3.025s][info][gc,cpu         ] GC(52) User=0.00s Sys=0.00s Real=0.01s
[3.034s][info][gc,start       ] GC(53) Pause Young (Allocation Failure)
[3.049s][info][gc,heap        ] GC(53) PSYoungGen: 13312K(59904K)->13280K(20480K) Eden: 7168K(7168K)->0K(7168K) From: 6144K(52736K)->13280K(13312K)
[3.049s][info][gc,heap        ] GC(53) ParOldGen: 246155K(289792K)->246155K(289792K)
[3.049s][info][gc,metaspace   ] GC(53) Metaspace: 6298K(6464K)->6298K(6464K) NonClass: 5764K(5824K)->5764K(5824K) Class: 533K(640K)->533K(640K)
[3.049s][info][gc             ] GC(53) Pause Young (Allocation Failure) 253M->253M(303M) 15.623ms
[3.049s][info][gc,cpu         ] GC(53) User=0.00s Sys=0.00s Real=0.01s
[3.059s][info][gc,start       ] GC(54) Pause Young (Allocation Failure)
[3.083s][info][gc,heap        ] GC(54) PSYoungGen: 20448K(20480K)->14304K(55296K) Eden: 7168K(7168K)->0K(8704K) From: 13280K(13312K)->14304K(46592K)
[3.083s][info][gc,heap        ] GC(54) ParOldGen: 246155K(289792K)->252371K(289792K)
[3.083s][info][gc,metaspace   ] GC(54) Metaspace: 6298K(6464K)->6298K(6464K) NonClass: 5764K(5824K)->5764K(5824K) Class: 533K(640K)->533K(640K)
[3.083s][info][gc             ] GC(54) Pause Young (Allocation Failure) 260M->260M(337M) 24.844ms
[3.084s][info][gc,cpu         ] GC(54) User=0.02s Sys=0.00s Real=0.02s
[3.094s][info][gc,start       ] GC(55) Pause Young (Allocation Failure)
[3.122s][info][gc,heap        ] GC(55) PSYoungGen: 23008K(55296K)->15872K(24576K) Eden: 8704K(8704K)->0K(8704K) From: 14304K(46592K)->15872K(15872K)
[3.122s][info][gc,heap        ] GC(55) ParOldGen: 252371K(289792K)->259619K(289792K)
[3.122s][info][gc,metaspace   ] GC(55) Metaspace: 6298K(6464K)->6298K(6464K) NonClass: 5764K(5824K)->5764K(5824K) Class: 533K(640K)->533K(640K)
[3.122s][info][gc             ] GC(55) Pause Young (Allocation Failure) 268M->269M(307M) 27.560ms
[3.122s][info][gc,cpu         ] GC(55) User=0.03s Sys=0.00s Real=0.03s
[3.133s][info][gc,start       ] GC(56) Pause Young (Allocation Failure)
[3.162s][info][gc,heap        ] GC(56) PSYoungGen: 24576K(24576K)->17408K(51712K) Eden: 8704K(8704K)->0K(10240K) From: 15872K(15872K)->17408K(41472K)
[3.162s][info][gc,heap        ] GC(56) ParOldGen: 259619K(289792K)->266875K(289792K)
[3.162s][info][gc,metaspace   ] GC(56) Metaspace: 6298K(6464K)->6298K(6464K) NonClass: 5764K(5824K)->5764K(5824K) Class: 533K(640K)->533K(640K)
[3.162s][info][gc             ] GC(56) Pause Young (Allocation Failure) 277M->277M(333M) 29.472ms
[3.162s][info][gc,cpu         ] GC(56) User=0.02s Sys=0.00s Real=0.03s
[3.175s][info][gc,start       ] GC(57) Pause Young (Allocation Failure)
[3.208s][info][gc,heap        ] GC(57) PSYoungGen: 27648K(51712K)->18944K(54272K) Eden: 10240K(10240K)->0K(10240K) From: 17408K(41472K)->18944K(44032K)
[3.208s][info][gc,heap        ] GC(57) ParOldGen: 266875K(289792K)->275691K(289792K)
[3.208s][info][gc,metaspace   ] GC(57) Metaspace: 6298K(6464K)->6298K(6464K) NonClass: 5764K(5824K)->5764K(5824K) Class: 533K(640K)->533K(640K)
[3.208s][info][gc             ] GC(57) Pause Young (Allocation Failure) 287M->287M(336M) 33.153ms
[3.208s][info][gc,cpu         ] GC(57) User=0.03s Sys=0.00s Real=0.03s
[3.208s][info][gc,start       ] GC(58) Pause Full (Ergonomics)
[3.208s][info][gc,phases,start] GC(58) Marking Phase
[3.424s][info][gc,phases      ] GC(58) Marking Phase 215.497ms
[3.424s][info][gc,phases,start] GC(58) Summary Phase
[3.424s][info][gc,phases      ] GC(58) Summary Phase 0.017ms
[3.424s][info][gc,phases,start] GC(58) Adjust Roots
[3.424s][info][gc,phases      ] GC(58) Adjust Roots 0.357ms
[3.424s][info][gc,phases,start] GC(58) Compaction Phase
[3.533s][info][gc,phases      ] GC(58) Compaction Phase 109.100ms
[3.533s][info][gc,phases,start] GC(58) Post Compact
[3.535s][info][gc,phases      ] GC(58) Post Compact 1.751ms
[3.535s][info][gc,heap        ] GC(58) PSYoungGen: 18944K(54272K)->4569K(54272K) Eden: 0K(10240K)->0K(10240K) From: 18944K(44032K)->4569K(44032K)
[3.535s][info][gc,heap        ] GC(58) ParOldGen: 275691K(289792K)->289522K(333312K)
[3.535s][info][gc,metaspace   ] GC(58) Metaspace: 6298K(6464K)->6298K(6464K) NonClass: 5764K(5824K)->5764K(5824K) Class: 533K(640K)->533K(640K)
[3.535s][info][gc             ] GC(58) Pause Full (Ergonomics) 287M->287M(378M) 327.314ms
[3.535s][info][gc,cpu         ] GC(58) User=0.30s Sys=0.00s Real=0.33s
[3.546s][info][gc,start       ] GC(59) Pause Young (Allocation Failure)
[3.608s][info][gc,heap        ] GC(59) PSYoungGen: 14809K(54272K)->10240K(51200K) Eden: 10240K(10240K)->0K(11776K) From: 4569K(44032K)->10240K(39424K)
[3.608s][info][gc,heap        ] GC(59) ParOldGen: 289522K(333312K)->294170K(333312K)
[3.608s][info][gc,metaspace   ] GC(59) Metaspace: 6298K(6464K)->6298K(6464K) NonClass: 5764K(5824K)->5764K(5824K) Class: 533K(640K)->533K(640K)
[3.608s][info][gc             ] GC(59) Pause Young (Allocation Failure) 297M->297M(375M) 62.486ms
[3.608s][info][gc,cpu         ] GC(59) User=0.05s Sys=0.00s Real=0.06s
[3.623s][info][gc,start       ] GC(60) Pause Young (Allocation Failure)
[3.650s][info][gc,heap        ] GC(60) PSYoungGen: 22016K(51200K)->22016K(52736K) Eden: 11776K(11776K)->0K(11776K) From: 10240K(39424K)->22016K(40960K)
[3.650s][info][gc,heap        ] GC(60) ParOldGen: 294170K(333312K)->294170K(333312K)
[3.650s][info][gc,metaspace   ] GC(60) Metaspace: 6298K(6464K)->6298K(6464K) NonClass: 5764K(5824K)->5764K(5824K) Class: 533K(640K)->533K(640K)
[3.650s][info][gc             ] GC(60) Pause Young (Allocation Failure) 308M->308M(377M) 27.478ms
[3.650s][info][gc,cpu         ] GC(60) User=0.02s Sys=0.00s Real=0.03s
[3.663s][info][gc,start       ] GC(61) Pause Young (Allocation Failure)
[3.702s][info][gc,heap        ] GC(61) PSYoungGen: 33792K(52736K)->23552K(53760K) Eden: 11776K(11776K)->0K(13824K) From: 22016K(40960K)->23552K(39936K)
[3.702s][info][gc,heap        ] GC(61) ParOldGen: 294170K(333312K)->304546K(333312K)
[3.702s][info][gc,metaspace   ] GC(61) Metaspace: 6298K(6464K)->6298K(6464K) NonClass: 5764K(5824K)->5764K(5824K) Class: 533K(640K)->533K(640K)
[3.702s][info][gc             ] GC(61) Pause Young (Allocation Failure) 320M->320M(378M) 38.849ms
[3.702s][info][gc,cpu         ] GC(61) User=0.03s Sys=0.00s Real=0.04s
[3.717s][info][gc,start       ] GC(62) Pause Young (Allocation Failure)
[3.764s][info][gc,heap        ] GC(62) PSYoungGen: 37376K(53760K)->25600K(53760K) Eden: 13824K(13824K)->0K(13824K) From: 23552K(39936K)->25600K(39936K)
[3.764s][info][gc,heap        ] GC(62) ParOldGen: 304546K(333312K)->316482K(333312K)
[3.764s][info][gc,metaspace   ] GC(62) Metaspace: 6298K(6464K)->6298K(6464K) NonClass: 5764K(5824K)->5764K(5824K) Class: 533K(640K)->533K(640K)
[3.764s][info][gc             ] GC(62) Pause Young (Allocation Failure) 333M->334M(378M) 47.364ms
[3.764s][info][gc,cpu         ] GC(62) User=0.03s Sys=0.00s Real=0.05s
[3.837s][info][gc,start       ] GC(63) Pause Full (Ergonomics)
[3.837s][info][gc,phases,start] GC(63) Marking Phase
[4.106s][info][gc,phases      ] GC(63) Marking Phase 268.815ms
[4.106s][info][gc,phases,start] GC(63) Summary Phase
[4.106s][info][gc,phases      ] GC(63) Summary Phase 0.024ms
[4.106s][info][gc,phases,start] GC(63) Adjust Roots
[4.106s][info][gc,phases      ] GC(63) Adjust Roots 0.197ms
[4.106s][info][gc,phases,start] GC(63) Compaction Phase
[4.252s][info][gc,phases      ] GC(63) Compaction Phase 145.683ms
[4.252s][info][gc,phases,start] GC(63) Post Compact
[4.254s][info][gc,phases      ] GC(63) Post Compact 1.717ms
[4.254s][info][gc,heap        ] GC(63) PSYoungGen: 39424K(53760K)->30641K(53760K) Eden: 13824K(13824K)->13793K(13824K) From: 25600K(39936K)->16848K(39936K)
[4.254s][info][gc,heap        ] GC(63) ParOldGen: 332866K(333312K)->332925K(381440K)
[4.254s][info][gc,metaspace   ] GC(63) Metaspace: 6298K(6464K)->6298K(6464K) NonClass: 5764K(5824K)->5764K(5824K) Class: 533K(640K)->533K(640K)
[4.254s][info][gc             ] GC(63) Pause Full (Ergonomics) 363M->355M(425M) 417.008ms
[4.254s][info][gc,cpu         ] GC(63) User=0.39s Sys=0.00s Real=0.42s
[4.254s][info][gc,start       ] GC(64) Pause Young (Allocation Failure)
[4.334s][info][gc,heap        ] GC(64) PSYoungGen: 30672K(53760K)->18976K(52224K) Eden: 13824K(13824K)->0K(15872K) From: 16848K(39936K)->18976K(36352K)
[4.334s][info][gc,heap        ] GC(64) ParOldGen: 332925K(381440K)->344861K(381440K)
[4.334s][info][gc,metaspace   ] GC(64) Metaspace: 6298K(6464K)->6298K(6464K) NonClass: 5764K(5824K)->5764K(5824K) Class: 533K(640K)->533K(640K)
[4.334s][info][gc             ] GC(64) Pause Young (Allocation Failure) 355M->355M(423M) 79.540ms
[4.334s][info][gc,cpu         ] GC(64) User=0.06s Sys=0.00s Real=0.08s
[4.350s][info][gc,start       ] GC(65) Pause Young (Allocation Failure)
[4.386s][info][gc,heap        ] GC(65) PSYoungGen: 34848K(52224K)->34848K(54272K) Eden: 15872K(15872K)->0K(15872K) From: 18976K(36352K)->34848K(38400K)
[4.386s][info][gc,heap        ] GC(65) ParOldGen: 344861K(381440K)->344861K(381440K)
[4.386s][info][gc,metaspace   ] GC(65) Metaspace: 6298K(6464K)->6298K(6464K) NonClass: 5764K(5824K)->5764K(5824K) Class: 533K(640K)->533K(640K)
[4.386s][info][gc             ] GC(65) Pause Young (Allocation Failure) 370M->370M(425M) 36.386ms
[4.386s][info][gc,cpu         ] GC(65) User=0.03s Sys=0.00s Real=0.04s
[4.403s][info][gc,start       ] GC(66) Pause Young (Allocation Failure)
[4.457s][info][gc,heap        ] GC(66) PSYoungGen: 50720K(54272K)->36896K(56832K) Eden: 15872K(15872K)->0K(14336K) From: 34848K(38400K)->36896K(42496K)
[4.457s][info][gc,heap        ] GC(66) ParOldGen: 344861K(381440K)->358877K(381440K)
[4.457s][info][gc,metaspace   ] GC(66) Metaspace: 6298K(6464K)->6298K(6464K) NonClass: 5764K(5824K)->5764K(5824K) Class: 533K(640K)->533K(640K)
[4.457s][info][gc             ] GC(66) Pause Young (Allocation Failure) 386M->386M(428M) 53.791ms
[4.457s][info][gc,cpu         ] GC(66) User=0.05s Sys=0.00s Real=0.05s
[4.473s][info][gc,start       ] GC(67) Pause Young (Allocation Failure)
[4.522s][info][gc,heap        ] GC(67) PSYoungGen: 51232K(56832K)->46080K(60416K) Eden: 14336K(14336K)->0K(14336K) From: 36896K(42496K)->46080K(46080K)
[4.522s][info][gc,heap        ] GC(67) ParOldGen: 358877K(381440K)->364101K(381440K)
[4.522s][info][gc,metaspace   ] GC(67) Metaspace: 6298K(6464K)->6298K(6464K) NonClass: 5764K(5824K)->5764K(5824K) Class: 533K(640K)->533K(640K)
[4.522s][info][gc             ] GC(67) Pause Young (Allocation Failure) 400M->400M(431M) 49.537ms
[4.522s][info][gc,cpu         ] GC(67) User=0.05s Sys=0.00s Real=0.05s
[4.522s][info][gc,start       ] GC(68) Pause Full (Ergonomics)
[4.522s][info][gc,phases,start] GC(68) Marking Phase
[4.824s][info][gc,phases      ] GC(68) Marking Phase 302.151ms
[4.824s][info][gc,phases,start] GC(68) Summary Phase
[4.824s][info][gc,phases      ] GC(68) Summary Phase 0.031ms
[4.824s][info][gc,phases,start] GC(68) Adjust Roots
[4.825s][info][gc,phases      ] GC(68) Adjust Roots 0.250ms
[4.825s][info][gc,phases,start] GC(68) Compaction Phase
[4.972s][info][gc,phases      ] GC(68) Compaction Phase 147.712ms
[4.973s][info][gc,phases,start] GC(68) Post Compact
[4.975s][info][gc,phases      ] GC(68) Post Compact 2.033ms
[4.975s][info][gc,heap        ] GC(68) PSYoungGen: 46080K(60416K)->28585K(60416K) Eden: 0K(14336K)->0K(14336K) From: 46080K(46080K)->28585K(46080K)
[4.975s][info][gc,heap        ] GC(68) ParOldGen: 364101K(381440K)->380970K(434688K)
[4.975s][info][gc,metaspace   ] GC(68) Metaspace: 6298K(6464K)->6298K(6464K) NonClass: 5764K(5824K)->5764K(5824K) Class: 533K(640K)->533K(640K)
[4.975s][info][gc             ] GC(68) Pause Full (Ergonomics) 400M->399M(483M) 452.882ms
[4.975s][info][gc,cpu         ] GC(68) User=0.42s Sys=0.02s Real=0.45s
[4.991s][info][gc,start       ] GC(69) Pause Young (Allocation Failure)
[5.080s][info][gc,heap        ] GC(69) PSYoungGen: 42921K(60416K)->32768K(69120K) Eden: 14336K(14336K)->0K(16384K) From: 28585K(46080K)->32768K(52736K)
[5.080s][info][gc,heap        ] GC(69) ParOldGen: 380970K(434688K)->391338K(434688K)
[5.080s][info][gc,metaspace   ] GC(69) Metaspace: 6298K(6464K)->6298K(6464K) NonClass: 5764K(5824K)->5764K(5824K) Class: 533K(640K)->533K(640K)
[5.080s][info][gc             ] GC(69) Pause Young (Allocation Failure) 413M->414M(492M) 89.538ms
[5.080s][info][gc,cpu         ] GC(69) User=0.06s Sys=0.02s Real=0.09s
[5.098s][info][gc,start       ] GC(70) Pause Young (Allocation Failure)
[5.142s][info][gc,heap        ] GC(70) PSYoungGen: 49152K(69120K)->49152K(69120K) Eden: 16384K(16384K)->0K(16384K) From: 32768K(52736K)->49152K(52736K)
[5.142s][info][gc,heap        ] GC(70) ParOldGen: 391338K(434688K)->391338K(434688K)
[5.142s][info][gc,metaspace   ] GC(70) Metaspace: 6298K(6464K)->6298K(6464K) NonClass: 5764K(5824K)->5764K(5824K) Class: 533K(640K)->533K(640K)
[5.142s][info][gc             ] GC(70) Pause Young (Allocation Failure) 430M->430M(492M) 44.786ms
[5.142s][info][gc,cpu         ] GC(70) User=0.03s Sys=0.00s Real=0.05s
[5.160s][info][gc,start       ] GC(71) Pause Young (Allocation Failure)
[5.232s][info][gc,heap        ] GC(71) PSYoungGen: 65536K(69120K)->56064K(70656K) Eden: 16384K(16384K)->0K(11776K) From: 49152K(52736K)->56064K(58880K)
[5.232s][info][gc,heap        ] GC(71) ParOldGen: 391338K(434688K)->400946K(434688K)
[5.232s][info][gc,metaspace   ] GC(71) Metaspace: 6298K(6464K)->6298K(6464K) NonClass: 5764K(5824K)->5764K(5824K) Class: 533K(640K)->533K(640K)
[5.232s][info][gc             ] GC(71) Pause Young (Allocation Failure) 446M->446M(493M) 71.707ms
[5.232s][info][gc,cpu         ] GC(71) User=0.03s Sys=0.03s Real=0.07s
[5.247s][info][gc,start       ] GC(72) Pause Young (Allocation Failure)
[5.306s][info][gc,heap        ] GC(72) PSYoungGen: 67840K(70656K)->58880K(77824K) Eden: 11776K(11776K)->0K(11776K) From: 56064K(58880K)->58880K(66048K)
[5.306s][info][gc,heap        ] GC(72) ParOldGen: 400946K(434688K)->410018K(434688K)
[5.306s][info][gc,metaspace   ] GC(72) Metaspace: 6298K(6464K)->6298K(6464K) NonClass: 5764K(5824K)->5764K(5824K) Class: 533K(640K)->533K(640K)
[5.306s][info][gc             ] GC(72) Pause Young (Allocation Failure) 457M->457M(500M) 59.059ms
[5.306s][info][gc,cpu         ] GC(72) User=0.05s Sys=0.00s Real=0.06s
[5.319s][info][gc,start       ] GC(73) Pause Young (Allocation Failure)
[5.393s][info][gc,heap        ] GC(73) PSYoungGen: 70656K(77824K)->39936K(83456K) Eden: 11776K(11776K)->0K(13824K) From: 58880K(66048K)->39936K(69632K)
[5.393s][info][gc,heap        ] GC(73) ParOldGen: 410018K(434688K)->441162K(441344K)
[5.393s][info][gc,metaspace   ] GC(73) Metaspace: 6298K(6464K)->6298K(6464K) NonClass: 5764K(5824K)->5764K(5824K) Class: 533K(640K)->533K(640K)
[5.393s][info][gc             ] GC(73) Pause Young (Allocation Failure) 469M->469M(512M) 73.532ms
[5.393s][info][gc,cpu         ] GC(73) User=0.06s Sys=0.00s Real=0.07s
[5.393s][info][gc,start       ] GC(74) Pause Full (Ergonomics)
[5.393s][info][gc,phases,start] GC(74) Marking Phase
[5.748s][info][gc,phases      ] GC(74) Marking Phase 355.030ms
[5.748s][info][gc,phases,start] GC(74) Summary Phase
[5.748s][info][gc,phases      ] GC(74) Summary Phase 0.022ms
[5.748s][info][gc,phases,start] GC(74) Adjust Roots
[5.748s][info][gc,phases      ] GC(74) Adjust Roots 0.267ms
[5.748s][info][gc,phases,start] GC(74) Compaction Phase
[5.922s][info][gc,phases      ] GC(74) Compaction Phase 173.129ms
[5.922s][info][gc,phases,start] GC(74) Post Compact
[5.924s][info][gc,phases      ] GC(74) Post Compact 2.728ms
[5.925s][info][gc,heap        ] GC(74) PSYoungGen: 39936K(83456K)->38821K(84992K) Eden: 0K(13824K)->0K(15360K) From: 39936K(69632K)->38821K(69632K)
[5.925s][info][gc,heap        ] GC(74) ParOldGen: 441162K(441344K)->441228K(506880K)
[5.925s][info][gc,metaspace   ] GC(74) Metaspace: 6298K(6464K)->6298K(6464K) NonClass: 5764K(5824K)->5764K(5824K) Class: 533K(640K)->533K(640K)
[5.925s][info][gc             ] GC(74) Pause Full (Ergonomics) 469M->468M(578M) 531.951ms
[5.925s][info][gc,cpu         ] GC(74) User=0.48s Sys=0.02s Real=0.53s
[5.941s][info][gc,start       ] GC(75) Pause Young (Allocation Failure)
[6.062s][info][gc,heap        ] GC(75) PSYoungGen: 54181K(84992K)->26368K(86528K) Eden: 15360K(15360K)->0K(15360K) From: 38821K(69632K)->26368K(71168K)
[6.062s][info][gc,heap        ] GC(75) ParOldGen: 441228K(506880K)->469508K(506880K)
[6.062s][info][gc,metaspace   ] GC(75) Metaspace: 6298K(6464K)->6298K(6464K) NonClass: 5764K(5824K)->5764K(5824K) Class: 533K(640K)->533K(640K)
[6.062s][info][gc             ] GC(75) Pause Young (Allocation Failure) 483M->484M(579M) 120.958ms
[6.062s][info][gc,cpu         ] GC(75) User=0.09s Sys=0.02s Real=0.12s
[6.079s][info][gc,start       ] GC(76) Pause Young (Allocation Failure)
[6.130s][info][gc,heap        ] GC(76) PSYoungGen: 41728K(86528K)->30720K(80384K) Eden: 15360K(15360K)->0K(17408K) From: 26368K(71168K)->30720K(62976K)
[6.130s][info][gc,heap        ] GC(76) ParOldGen: 469508K(506880K)->480676K(506880K)
[6.130s][info][gc,metaspace   ] GC(76) Metaspace: 6298K(6464K)->6298K(6464K) NonClass: 5764K(5824K)->5764K(5824K) Class: 533K(640K)->533K(640K)
[6.130s][info][gc             ] GC(76) Pause Young (Allocation Failure) 499M->499M(573M) 50.720ms
[6.130s][info][gc,cpu         ] GC(76) User=0.06s Sys=0.00s Real=0.05s
[6.130s][info][gc,start       ] GC(77) Pause Full (Ergonomics)
[6.130s][info][gc,phases,start] GC(77) Marking Phase
[6.510s][info][gc,phases      ] GC(77) Marking Phase 379.822ms
[6.510s][info][gc,phases,start] GC(77) Summary Phase
[6.510s][info][gc,phases      ] GC(77) Summary Phase 0.021ms
[6.510s][info][gc,phases,start] GC(77) Adjust Roots
[6.510s][info][gc,phases      ] GC(77) Adjust Roots 0.299ms
[6.510s][info][gc,phases,start] GC(77) Compaction Phase
[6.711s][info][gc,phases      ] GC(77) Compaction Phase 200.961ms
[6.711s][info][gc,phases,start] GC(77) Post Compact
[6.714s][info][gc,phases      ] GC(77) Post Compact 2.523ms
[6.714s][info][gc,heap        ] GC(77) PSYoungGen: 30720K(80384K)->4083K(82944K) Eden: 0K(17408K)->0K(19968K) From: 30720K(62976K)->4083K(62976K)
[6.714s][info][gc,heap        ] GC(77) ParOldGen: 480676K(506880K)->506622K(581632K)
[6.714s][info][gc,metaspace   ] GC(77) Metaspace: 6298K(6464K)->6298K(6464K) NonClass: 5764K(5824K)->5764K(5824K) Class: 533K(640K)->533K(640K)
[6.714s][info][gc             ] GC(77) Pause Full (Ergonomics) 499M->498M(649M) 584.409ms
[6.714s][info][gc,cpu         ] GC(77) User=0.52s Sys=0.00s Real=0.58s
[6.734s][info][gc,start       ] GC(78) Pause Young (Allocation Failure)
[6.845s][info][gc,heap        ] GC(78) PSYoungGen: 24051K(82944K)->22112K(86016K) Eden: 19968K(19968K)->0K(19968K) From: 4083K(62976K)->22112K(66048K)
[6.845s][info][gc,heap        ] GC(78) ParOldGen: 506622K(581632K)->508638K(581632K)
[6.845s][info][gc,metaspace   ] GC(78) Metaspace: 6298K(6464K)->6298K(6464K) NonClass: 5764K(5824K)->5764K(5824K) Class: 533K(640K)->533K(640K)
[6.845s][info][gc             ] GC(78) Pause Young (Allocation Failure) 518M->518M(652M) 111.575ms
[6.845s][info][gc,cpu         ] GC(78) User=0.08s Sys=0.00s Real=0.11s
[6.866s][info][gc,start       ] GC(79) Pause Young (Allocation Failure)
[6.914s][info][gc,heap        ] GC(79) PSYoungGen: 42080K(86016K)->42080K(86528K) Eden: 19968K(19968K)->0K(22016K) From: 22112K(66048K)->42080K(64512K)
[6.914s][info][gc,heap        ] GC(79) ParOldGen: 508638K(581632K)->508638K(581632K)
[6.914s][info][gc,metaspace   ] GC(79) Metaspace: 6298K(6464K)->6298K(6464K) NonClass: 5764K(5824K)->5764K(5824K) Class: 533K(640K)->533K(640K)
[6.914s][info][gc             ] GC(79) Pause Young (Allocation Failure) 537M->537M(652M) 48.345ms
[6.914s][info][gc,cpu         ] GC(79) User=0.03s Sys=0.00s Real=0.05s
[6.936s][info][gc,start       ] GC(80) Pause Young (Allocation Failure)
[7.000s][info][gc,heap        ] GC(80) PSYoungGen: 64096K(86528K)->64096K(87040K) Eden: 22016K(22016K)->0K(22016K) From: 42080K(64512K)->64096K(65024K)
[7.000s][info][gc,heap        ] GC(80) ParOldGen: 508638K(581632K)->508638K(581632K)
[7.000s][info][gc,metaspace   ] GC(80) Metaspace: 6298K(6464K)->6298K(6464K) NonClass: 5764K(5824K)->5764K(5824K) Class: 533K(640K)->533K(640K)
[7.000s][info][gc             ] GC(80) Pause Young (Allocation Failure) 559M->559M(653M) 63.806ms
[7.000s][info][gc,cpu         ] GC(80) User=0.05s Sys=0.00s Real=0.06s
[7.026s][info][gc,start       ] GC(81) Pause Young (Allocation Failure)
[7.122s][info][gc,heap        ] GC(81) PSYoungGen: 86112K(87040K)->73216K(83456K) Eden: 22016K(22016K)->0K(10240K) From: 64096K(65024K)->73216K(73216K)
[7.122s][info][gc,heap        ] GC(81) ParOldGen: 508638K(581632K)->521726K(581632K)
[7.122s][info][gc,metaspace   ] GC(81) Metaspace: 6298K(6464K)->6298K(6464K) NonClass: 5764K(5824K)->5764K(5824K) Class: 533K(640K)->533K(640K)
[7.122s][info][gc             ] GC(81) Pause Young (Allocation Failure) 580M->580M(649M) 96.035ms
[7.122s][info][gc,cpu         ] GC(81) User=0.08s Sys=0.00s Real=0.10s
[7.134s][info][gc,start       ] GC(82) Pause Young (Allocation Failure)
[7.219s][info][gc,heap        ] GC(82) PSYoungGen: 83456K(83456K)->47616K(57856K) Eden: 10240K(10240K)->0K(10240K) From: 73216K(73216K)->47616K(47616K)
[7.219s][info][gc,heap        ] GC(82) ParOldGen: 521726K(581632K)->558070K(581632K)
[7.219s][info][gc,metaspace   ] GC(82) Metaspace: 6298K(6464K)->6298K(6464K) NonClass: 5764K(5824K)->5764K(5824K) Class: 533K(640K)->533K(640K)
[7.219s][info][gc             ] GC(82) Pause Young (Allocation Failure) 590M->591M(624M) 85.108ms
[7.219s][info][gc,cpu         ] GC(82) User=0.03s Sys=0.03s Real=0.09s
[7.219s][info][gc,start       ] GC(83) Pause Full (Ergonomics)
[7.219s][info][gc,phases,start] GC(83) Marking Phase
[7.670s][info][gc,phases      ] GC(83) Marking Phase 450.938ms
[7.670s][info][gc,phases,start] GC(83) Summary Phase
[7.670s][info][gc,phases      ] GC(83) Summary Phase 0.042ms
[7.670s][info][gc,phases,start] GC(83) Adjust Roots
[7.671s][info][gc,phases      ] GC(83) Adjust Roots 0.263ms
[7.671s][info][gc,phases,start] GC(83) Compaction Phase
[7.882s][info][gc,phases      ] GC(83) Compaction Phase 211.236ms
[7.882s][info][gc,phases,start] GC(83) Post Compact
[7.883s][info][gc,phases      ] GC(83) Post Compact 1.243ms
[7.884s][info][gc,heap        ] GC(83) PSYoungGen: 47616K(57856K)->23497K(57856K) Eden: 0K(10240K)->0K(10240K) From: 47616K(47616K)->23497K(47616K)
[7.884s][info][gc,heap        ] GC(83) ParOldGen: 558070K(581632K)->581263K(668672K)
[7.884s][info][gc,metaspace   ] GC(83) Metaspace: 6298K(6464K)->6298K(6464K) NonClass: 5764K(5824K)->5764K(5824K) Class: 533K(640K)->533K(640K)
[7.884s][info][gc             ] GC(83) Pause Full (Ergonomics) 591M->590M(709M) 664.439ms
[7.884s][info][gc,cpu         ] GC(83) User=0.61s Sys=0.00s Real=0.66s
[7.895s][info][gc,start       ] GC(84) Pause Young (Allocation Failure)
[8.014s][info][gc,heap        ] GC(84) PSYoungGen: 33737K(57856K)->16640K(97792K) Eden: 10240K(10240K)->0K(11776K) From: 23497K(47616K)->16640K(86016K)
[8.014s][info][gc,heap        ] GC(84) ParOldGen: 581263K(668672K)->598639K(668672K)
[8.014s][info][gc,metaspace   ] GC(84) Metaspace: 6298K(6464K)->6298K(6464K) NonClass: 5764K(5824K)->5764K(5824K) Class: 533K(640K)->533K(640K)
[8.015s][info][gc             ] GC(84) Pause Young (Allocation Failure) 600M->600M(748M) 119.279ms
[8.015s][info][gc,cpu         ] GC(84) User=0.11s Sys=0.00s Real=0.12s
[8.029s][info][gc,start       ] GC(85) Pause Young (Allocation Failure)
[8.069s][info][gc,heap        ] GC(85) PSYoungGen: 28416K(97792K)->22016K(97792K) Eden: 11776K(11776K)->0K(11776K) From: 16640K(86016K)->22016K(86016K)
[8.069s][info][gc,heap        ] GC(85) ParOldGen: 598639K(668672K)->605135K(668672K)
[8.069s][info][gc,metaspace   ] GC(85) Metaspace: 6298K(6464K)->6298K(6464K) NonClass: 5764K(5824K)->5764K(5824K) Class: 533K(640K)->533K(640K)
[8.069s][info][gc             ] GC(85) Pause Young (Allocation Failure) 612M->612M(748M) 39.499ms
[8.069s][info][gc,cpu         ] GC(85) User=0.02s Sys=0.02s Real=0.04s
[8.083s][info][gc,start       ] GC(86) Pause Young (Allocation Failure)
[8.128s][info][gc,heap        ] GC(86) PSYoungGen: 33792K(97792K)->23552K(93696K) Eden: 11776K(11776K)->0K(13824K) From: 22016K(86016K)->23552K(79872K)
[8.128s][info][gc,heap        ] GC(86) ParOldGen: 605135K(668672K)->615511K(668672K)
[8.128s][info][gc,metaspace   ] GC(86) Metaspace: 6298K(6464K)->6298K(6464K) NonClass: 5764K(5824K)->5764K(5824K) Class: 533K(640K)->533K(640K)
[8.128s][info][gc             ] GC(86) Pause Young (Allocation Failure) 623M->624M(744M) 44.519ms
[8.128s][info][gc,cpu         ] GC(86) User=0.03s Sys=0.00s Real=0.04s
[8.146s][info][gc,start       ] GC(87) Pause Young (Allocation Failure)
[8.195s][info][gc,heap        ] GC(87) PSYoungGen: 37376K(93696K)->25600K(39424K) Eden: 13824K(13824K)->0K(13824K) From: 23552K(79872K)->25600K(25600K)
[8.196s][info][gc,heap        ] GC(87) ParOldGen: 615511K(668672K)->627447K(668672K)
[8.196s][info][gc,metaspace   ] GC(87) Metaspace: 6298K(6464K)->6298K(6464K) NonClass: 5764K(5824K)->5764K(5824K) Class: 533K(640K)->533K(640K)
[8.196s][info][gc             ] GC(87) Pause Young (Allocation Failure) 637M->637M(691M) 49.726ms
[8.196s][info][gc,cpu         ] GC(87) User=0.05s Sys=0.00s Real=0.05s
[8.211s][info][gc,start       ] GC(88) Pause Young (Allocation Failure)
[8.260s][info][gc,heap        ] GC(88) PSYoungGen: 39424K(39424K)->27648K(90112K) Eden: 13824K(13824K)->0K(16384K) From: 25600K(25600K)->27648K(73728K)
[8.260s][info][gc,heap        ] GC(88) ParOldGen: 627447K(668672K)->639383K(668672K)
[8.260s][info][gc,metaspace   ] GC(88) Metaspace: 6298K(6464K)->6298K(6464K) NonClass: 5764K(5824K)->5764K(5824K) Class: 533K(640K)->533K(640K)
[8.260s][info][gc             ] GC(88) Pause Young (Allocation Failure) 651M->651M(741M) 49.041ms
[8.261s][info][gc,cpu         ] GC(88) User=0.05s Sys=0.00s Real=0.05s
[8.280s][info][gc,start       ] GC(89) Pause Young (Allocation Failure)
[8.342s][info][gc,heap        ] GC(89) PSYoungGen: 44032K(90112K)->16416K(92672K) Eden: 16384K(16384K)->0K(16384K) From: 27648K(73728K)->16416K(76288K)
[8.342s][info][gc,heap        ] GC(89) ParOldGen: 639383K(668672K)->667415K(668672K)
[8.342s][info][gc,metaspace   ] GC(89) Metaspace: 6298K(6464K)->6298K(6464K) NonClass: 5764K(5824K)->5764K(5824K) Class: 533K(640K)->533K(640K)
[8.342s][info][gc             ] GC(89) Pause Young (Allocation Failure) 667M->667M(743M) 62.048ms
[8.342s][info][gc,cpu         ] GC(89) User=0.05s Sys=0.00s Real=0.06s
[8.342s][info][gc,start       ] GC(90) Pause Full (Ergonomics)
[8.342s][info][gc,phases,start] GC(90) Marking Phase
[8.850s][info][gc,phases      ] GC(90) Marking Phase 507.497ms
[8.850s][info][gc,phases,start] GC(90) Summary Phase
[8.850s][info][gc,phases      ] GC(90) Summary Phase 0.040ms
[8.850s][info][gc,phases,start] GC(90) Adjust Roots
[8.850s][info][gc,phases      ] GC(90) Adjust Roots 0.298ms
[8.850s][info][gc,phases,start] GC(90) Compaction Phase
[9.076s][info][gc,phases      ] GC(90) Compaction Phase 225.860ms
[9.076s][info][gc,phases,start] GC(90) Post Compact
[9.078s][info][gc,phases      ] GC(90) Post Compact 1.291ms
[9.078s][info][gc,heap        ] GC(90) PSYoungGen: 16416K(92672K)->13800K(92672K) Eden: 0K(16384K)->0K(16384K) From: 16416K(76288K)->13800K(76288K)
[9.078s][info][gc,heap        ] GC(90) ParOldGen: 667415K(668672K)->668607K(759808K)
[9.078s][info][gc,metaspace   ] GC(90) Metaspace: 6298K(6464K)->6298K(6464K) NonClass: 5764K(5824K)->5764K(5824K) Class: 533K(640K)->533K(640K)
[9.078s][info][gc             ] GC(90) Pause Full (Ergonomics) 667M->666M(832M) 735.753ms
[9.078s][info][gc,cpu         ] GC(90) User=0.66s Sys=0.02s Real=0.74s
[9.099s][info][gc,start       ] GC(91) Pause Young (Allocation Failure)
[9.233s][info][gc,heap        ] GC(91) PSYoungGen: 30184K(92672K)->16416K(90624K) Eden: 16384K(16384K)->0K(18432K) From: 13800K(76288K)->16416K(72192K)
[9.233s][info][gc,heap        ] GC(91) ParOldGen: 668607K(759808K)->682631K(759808K)
[9.233s][info][gc,metaspace   ] GC(91) Metaspace: 6298K(6464K)->6298K(6464K) NonClass: 5764K(5824K)->5764K(5824K) Class: 533K(640K)->533K(640K)
[9.233s][info][gc             ] GC(91) Pause Young (Allocation Failure) 682M->682M(830M) 133.774ms
[9.233s][info][gc,cpu         ] GC(91) User=0.11s Sys=0.02s Real=0.13s
[9.381s][info][gc,start       ] GC(92) Pause Young (Allocation Failure)
[9.483s][info][gc,heap        ] GC(92) PSYoungGen: 34848K(90624K)->18464K(92160K) Eden: 18432K(18432K)->0K(18432K) From: 16416K(72192K)->18464K(73728K)
[9.484s][info][gc,heap        ] GC(92) ParOldGen: 715399K(759808K)->732015K(759808K)
[9.484s][info][gc,metaspace   ] GC(92) Metaspace: 6298K(6464K)->6298K(6464K) NonClass: 5764K(5824K)->5764K(5824K) Class: 533K(640K)->533K(640K)
[9.484s][info][gc             ] GC(92) Pause Young (Allocation Failure) 732M->732M(832M) 102.581ms
[9.484s][info][gc,cpu         ] GC(92) User=0.09s Sys=0.00s Real=0.10s
[9.484s][info][gc,start       ] GC(93) Pause Full (Ergonomics)
[9.484s][info][gc,phases,start] GC(93) Marking Phase
[10.027s][info][gc,phases      ] GC(93) Marking Phase 543.337ms
[10.027s][info][gc,phases,start] GC(93) Summary Phase
[10.027s][info][gc,phases      ] GC(93) Summary Phase 0.139ms
[10.027s][info][gc,phases,start] GC(93) Adjust Roots
[10.028s][info][gc,phases      ] GC(93) Adjust Roots 0.257ms
[10.028s][info][gc,phases,start] GC(93) Compaction Phase
[10.276s][info][gc,phases      ] GC(93) Compaction Phase 248.482ms
[10.276s][info][gc,phases,start] GC(93) Post Compact
[10.278s][info][gc,phases      ] GC(93) Post Compact 1.404ms
[10.278s][info][gc,heap        ] GC(93) PSYoungGen: 18464K(92160K)->0K(92160K) Eden: 0K(18432K)->0K(20992K) From: 18464K(73728K)->0K(71168K)
[10.278s][info][gc,heap        ] GC(93) ParOldGen: 732015K(759808K)->733546K(830464K)
[10.278s][info][gc,metaspace   ] GC(93) Metaspace: 6298K(6464K)->6298K(6464K) NonClass: 5764K(5824K)->5764K(5824K) Class: 533K(640K)->533K(640K)
[10.278s][info][gc             ] GC(93) Pause Full (Ergonomics) 732M->716M(901M) 794.257ms
[10.278s][info][gc,cpu         ] GC(93) User=0.78s Sys=0.00s Real=0.79s
[10.301s][info][gc,start       ] GC(94) Pause Young (Allocation Failure)
[10.332s][info][gc,heap        ] GC(94) PSYoungGen: 20992K(92160K)->21024K(42496K) Eden: 20992K(20992K)->0K(20992K) From: 0K(71168K)->21024K(21504K)
[10.332s][info][gc,heap        ] GC(94) ParOldGen: 733546K(830464K)->733546K(830464K)
[10.332s][info][gc,metaspace   ] GC(94) Metaspace: 6298K(6464K)->6298K(6464K) NonClass: 5764K(5824K)->5764K(5824K) Class: 533K(640K)->533K(640K)
[10.332s][info][gc             ] GC(94) Pause Young (Allocation Failure) 736M->736M(852M) 31.768ms
[10.333s][info][gc,cpu         ] GC(94) User=0.02s Sys=0.00s Real=0.03s
[10.355s][info][gc,start       ] GC(95) Pause Young (Allocation Failure)
[10.402s][info][gc,heap        ] GC(95) PSYoungGen: 42016K(42496K)->42016K(90624K) Eden: 20992K(20992K)->0K(22016K) From: 21024K(21504K)->42016K(68608K)
[10.402s][info][gc,heap        ] GC(95) ParOldGen: 733546K(830464K)->733546K(830464K)
[10.402s][info][gc,metaspace   ] GC(95) Metaspace: 6298K(6464K)->6298K(6464K) NonClass: 5764K(5824K)->5764K(5824K) Class: 533K(640K)->533K(640K)
[10.402s][info][gc             ] GC(95) Pause Young (Allocation Failure) 757M->757M(899M) 47.387ms
[10.402s][info][gc,cpu         ] GC(95) User=0.03s Sys=0.00s Real=0.05s
[10.425s][info][gc,start       ] GC(96) Pause Young (Allocation Failure)
[10.488s][info][gc,heap        ] GC(96) PSYoungGen: 64032K(90624K)->64064K(91648K) Eden: 22016K(22016K)->0K(22016K) From: 42016K(68608K)->64064K(69632K)
[10.488s][info][gc,heap        ] GC(96) ParOldGen: 733546K(830464K)->733546K(830464K)
[10.488s][info][gc,metaspace   ] GC(96) Metaspace: 6298K(6464K)->6298K(6464K) NonClass: 5764K(5824K)->5764K(5824K) Class: 533K(640K)->533K(640K)
[10.488s][info][gc             ] GC(96) Pause Young (Allocation Failure) 778M->778M(900M) 62.822ms
[10.488s][info][gc,cpu         ] GC(96) User=0.05s Sys=0.00s Real=0.06s
[10.510s][info][gc,start       ] GC(97) Pause Young (Allocation Failure)
[10.598s][info][gc,heap        ] GC(97) PSYoungGen: 86080K(91648K)->78336K(88064K) Eden: 22016K(22016K)->0K(9728K) From: 64064K(69632K)->78336K(78336K)
[10.598s][info][gc,heap        ] GC(97) ParOldGen: 733546K(830464K)->741386K(830464K)
[10.598s][info][gc,metaspace   ] GC(97) Metaspace: 6298K(6464K)->6298K(6464K) NonClass: 5764K(5824K)->5764K(5824K) Class: 533K(640K)->533K(640K)
[10.598s][info][gc             ] GC(97) Pause Young (Allocation Failure) 800M->800M(897M) 87.934ms
[10.598s][info][gc,cpu         ] GC(97) User=0.06s Sys=0.02s Real=0.09s
[10.609s][info][gc,start       ] GC(98) Pause Young (Allocation Failure)
[10.692s][info][gc,heap        ] GC(98) PSYoungGen: 88064K(88064K)->68512K(102912K) Eden: 9728K(9728K)->0K(9728K) From: 78336K(78336K)->68512K(93184K)
[10.692s][info][gc,heap        ] GC(98) ParOldGen: 741386K(830464K)->761226K(830464K)
[10.692s][info][gc,metaspace   ] GC(98) Metaspace: 6298K(6464K)->6298K(6464K) NonClass: 5764K(5824K)->5764K(5824K) Class: 533K(640K)->533K(640K)
[10.692s][info][gc             ] GC(98) Pause Young (Allocation Failure) 810M->810M(911M) 82.614ms
[10.692s][info][gc,cpu         ] GC(98) User=0.09s Sys=0.00s Real=0.08s
[10.704s][info][gc,start       ] GC(99) Pause Young (Allocation Failure)
[10.779s][info][gc,heap        ] GC(99) PSYoungGen: 78240K(102912K)->59680K(109056K) Eden: 9728K(9728K)->0K(10240K) From: 68512K(93184K)->59680K(98816K)
[10.779s][info][gc,heap        ] GC(99) ParOldGen: 761226K(830464K)->780034K(830464K)
[10.779s][info][gc,metaspace   ] GC(99) Metaspace: 6298K(6464K)->6298K(6464K) NonClass: 5764K(5824K)->5764K(5824K) Class: 533K(640K)->533K(640K)
[10.779s][info][gc             ] GC(99) Pause Young (Allocation Failure) 819M->820M(917M) 75.588ms
[10.779s][info][gc,cpu         ] GC(99) User=0.06s Sys=0.02s Real=0.08s
[10.791s][info][gc,start       ] GC(100) Pause Young (Allocation Failure)
[10.868s][info][gc,heap        ] GC(100) PSYoungGen: 69920K(109056K)->29664K(39936K) Eden: 10240K(10240K)->0K(10240K) From: 59680K(98816K)->29664K(29696K)
[10.868s][info][gc,heap        ] GC(100) ParOldGen: 780034K(830464K)->820826K(830464K)
[10.868s][info][gc,metaspace   ] GC(100) Metaspace: 6298K(6464K)->6298K(6464K) NonClass: 5764K(5824K)->5764K(5824K) Class: 533K(640K)->533K(640K)
[10.868s][info][gc             ] GC(100) Pause Young (Allocation Failure) 830M->830M(850M) 77.303ms
[10.868s][info][gc,cpu         ] GC(100) User=0.06s Sys=0.00s Real=0.08s
[10.868s][info][gc,start       ] GC(101) Pause Full (Ergonomics)
[10.868s][info][gc,phases,start] GC(101) Marking Phase
[11.499s][info][gc,phases      ] GC(101) Marking Phase 630.487ms
[11.499s][info][gc,phases,start] GC(101) Summary Phase
[11.499s][info][gc,phases      ] GC(101) Summary Phase 0.023ms
[11.499s][info][gc,phases,start] GC(101) Adjust Roots
[11.499s][info][gc,phases      ] GC(101) Adjust Roots 0.239ms
[11.499s][info][gc,phases,start] GC(101) Compaction Phase
[11.782s][info][gc,phases      ] GC(101) Compaction Phase 282.908ms
[11.782s][info][gc,phases,start] GC(101) Post Compact
[11.784s][info][gc,phases      ] GC(101) Post Compact 1.639ms
[11.784s][info][gc,heap        ] GC(101) PSYoungGen: 29664K(39936K)->18872K(39936K) Eden: 0K(10240K)->0K(10240K) From: 29664K(29696K)->18872K(29696K)
[11.784s][info][gc,heap        ] GC(101) ParOldGen: 820826K(830464K)->830171K(943616K)
[11.784s][info][gc,metaspace   ] GC(101) Metaspace: 6298K(6464K)->6298K(6464K) NonClass: 5764K(5824K)->5764K(5824K) Class: 533K(640K)->533K(640K)
[11.784s][info][gc             ] GC(101) Pause Full (Ergonomics) 830M->829M(960M) 916.174ms
[11.784s][info][gc,cpu         ] GC(101) User=0.91s Sys=0.02s Real=0.92s
[11.797s][info][gc,start       ] GC(102) Pause Young (Allocation Failure)
[11.937s][info][gc,heap        ] GC(102) PSYoungGen: 29112K(39936K)->16416K(105984K) Eden: 10240K(10240K)->0K(11776K) From: 18872K(29696K)->16416K(94208K)
[11.937s][info][gc,heap        ] GC(102) ParOldGen: 830171K(943616K)->843083K(943616K)
[11.937s][info][gc,metaspace   ] GC(102) Metaspace: 6298K(6464K)->6298K(6464K) NonClass: 5764K(5824K)->5764K(5824K) Class: 533K(640K)->533K(640K)
[11.937s][info][gc             ] GC(102) Pause Young (Allocation Failure) 839M->839M(1025M) 140.126ms
[11.937s][info][gc,cpu         ] GC(102) User=0.14s Sys=0.00s Real=0.14s
[11.951s][info][gc,start       ] GC(103) Pause Young (Allocation Failure)
[11.988s][info][gc,heap        ] GC(103) PSYoungGen: 28192K(105984K)->22016K(33792K) Eden: 11776K(11776K)->0K(11776K) From: 16416K(94208K)->22016K(22016K)
[11.989s][info][gc,heap        ] GC(103) ParOldGen: 843083K(943616K)->849347K(943616K)
[11.989s][info][gc,metaspace   ] GC(103) Metaspace: 6298K(6464K)->6298K(6464K) NonClass: 5764K(5824K)->5764K(5824K) Class: 533K(640K)->533K(640K)
[11.989s][info][gc             ] GC(103) Pause Young (Allocation Failure) 850M->850M(954M) 38.026ms
[11.989s][info][gc,cpu         ] GC(103) User=0.03s Sys=0.00s Real=0.04s
[12.003s][info][gc,start       ] GC(104) Pause Young (Allocation Failure)
[12.048s][info][gc,heap        ] GC(104) PSYoungGen: 33792K(33792K)->23552K(100864K) Eden: 11776K(11776K)->0K(13824K) From: 22016K(22016K)->23552K(87040K)
[12.048s][info][gc,heap        ] GC(104) ParOldGen: 849347K(943616K)->859723K(943616K)
[12.048s][info][gc,metaspace   ] GC(104) Metaspace: 6298K(6464K)->6298K(6464K) NonClass: 5764K(5824K)->5764K(5824K) Class: 533K(640K)->533K(640K)
[12.049s][info][gc             ] GC(104) Pause Young (Allocation Failure) 862M->862M(1020M) 45.920ms
[12.049s][info][gc,cpu         ] GC(104) User=0.03s Sys=0.00s Real=0.05s
[12.064s][info][gc,start       ] GC(105) Pause Young (Allocation Failure)
[12.113s][info][gc,heap        ] GC(105) PSYoungGen: 37376K(100864K)->25600K(39424K) Eden: 13824K(13824K)->0K(13824K) From: 23552K(87040K)->25600K(25600K)
[12.113s][info][gc,heap        ] GC(105) ParOldGen: 859723K(943616K)->871659K(943616K)
[12.113s][info][gc,metaspace   ] GC(105) Metaspace: 6298K(6464K)->6298K(6464K) NonClass: 5764K(5824K)->5764K(5824K) Class: 533K(640K)->533K(640K)
[12.113s][info][gc             ] GC(105) Pause Young (Allocation Failure) 876M->876M(960M) 49.344ms
[12.113s][info][gc,cpu         ] GC(105) User=0.06s Sys=0.00s Real=0.05s
[12.129s][info][gc,start       ] GC(106) Pause Young (Allocation Failure)
[12.185s][info][gc,heap        ] GC(106) PSYoungGen: 39424K(39424K)->13824K(99840K) Eden: 13824K(13824K)->0K(16384K) From: 25600K(25600K)->13824K(83456K)
[12.185s][info][gc,heap        ] GC(106) ParOldGen: 871659K(943616K)->897611K(943616K)
[12.185s][info][gc,metaspace   ] GC(106) Metaspace: 6298K(6464K)->6298K(6464K) NonClass: 5764K(5824K)->5764K(5824K) Class: 533K(640K)->533K(640K)
[12.185s][info][gc             ] GC(106) Pause Young (Allocation Failure) 889M->890M(1019M) 56.179ms
[12.185s][info][gc,cpu         ] GC(106) User=0.05s Sys=0.00s Real=0.06s
[12.203s][info][gc,start       ] GC(107) Pause Young (Allocation Failure)
[12.249s][info][gc,heap        ] GC(107) PSYoungGen: 30208K(99840K)->16416K(101376K) Eden: 16384K(16384K)->0K(16384K) From: 13824K(83456K)->16416K(84992K)
[12.249s][info][gc,heap        ] GC(107) ParOldGen: 897611K(943616K)->911627K(943616K)
[12.249s][info][gc,metaspace   ] GC(107) Metaspace: 6298K(6464K)->6298K(6464K) NonClass: 5764K(5824K)->5764K(5824K) Class: 533K(640K)->533K(640K)
[12.249s][info][gc             ] GC(107) Pause Young (Allocation Failure) 906M->906M(1020M) 45.744ms
[12.249s][info][gc,cpu         ] GC(107) User=0.05s Sys=0.00s Real=0.05s
[12.249s][info][gc,start       ] GC(108) Pause Full (Ergonomics)
[12.249s][info][gc,phases,start] GC(108) Marking Phase
[12.937s][info][gc,phases      ] GC(108) Marking Phase 688.278ms
[12.937s][info][gc,phases,start] GC(108) Summary Phase
[12.937s][info][gc,phases      ] GC(108) Summary Phase 0.032ms
[12.937s][info][gc,phases,start] GC(108) Adjust Roots
[12.938s][info][gc,phases      ] GC(108) Adjust Roots 0.400ms
[12.938s][info][gc,phases,start] GC(108) Compaction Phase
[13.226s][info][gc,phases      ] GC(108) Compaction Phase 288.115ms
[13.226s][info][gc,phases,start] GC(108) Post Compact
[13.228s][info][gc,phases      ] GC(108) Post Compact 1.707ms
[13.228s][info][gc,heap        ] GC(108) PSYoungGen: 16416K(101376K)->0K(101376K) Eden: 0K(16384K)->0K(18944K) From: 16416K(84992K)->0K(82432K)
[13.228s][info][gc,heap        ] GC(108) ParOldGen: 911627K(943616K)->926691K(1044992K)
[13.228s][info][gc,metaspace   ] GC(108) Metaspace: 6298K(6464K)->6298K(6464K) NonClass: 5764K(5824K)->5764K(5824K) Class: 533K(640K)->533K(640K)
[13.228s][info][gc             ] GC(108) Pause Full (Ergonomics) 906M->904M(1119M) 979.272ms
[13.228s][info][gc,cpu         ] GC(108) User=0.95s Sys=0.00s Real=0.98s
[13.249s][info][gc,start       ] GC(109) Pause Young (Allocation Failure)
[13.280s][info][gc,heap        ] GC(109) PSYoungGen: 18944K(101376K)->18976K(101376K) Eden: 18944K(18944K)->0K(18944K) From: 0K(82432K)->18976K(82432K)
[13.280s][info][gc,heap        ] GC(109) ParOldGen: 926691K(1044992K)->926691K(1044992K)
[13.280s][info][gc,metaspace   ] GC(109) Metaspace: 6298K(6464K)->6298K(6464K) NonClass: 5764K(5824K)->5764K(5824K) Class: 533K(640K)->533K(640K)
[13.280s][info][gc             ] GC(109) Pause Young (Allocation Failure) 923M->923M(1119M) 30.661ms
[13.280s][info][gc,cpu         ] GC(109) User=0.02s Sys=0.00s Real=0.03s
[13.300s][info][gc,start       ] GC(110) Pause Young (Allocation Failure)
[13.346s][info][gc,heap        ] GC(110) PSYoungGen: 37920K(101376K)->37920K(97280K) Eden: 18944K(18944K)->0K(21504K) From: 18976K(82432K)->37920K(75776K)
[13.346s][info][gc,heap        ] GC(110) ParOldGen: 926691K(1044992K)->926691K(1044992K)
[13.346s][info][gc,metaspace   ] GC(110) Metaspace: 6298K(6464K)->6298K(6464K) NonClass: 5764K(5824K)->5764K(5824K) Class: 533K(640K)->533K(640K)
[13.346s][info][gc             ] GC(110) Pause Young (Allocation Failure) 942M->942M(1115M) 45.778ms
[13.346s][info][gc,cpu         ] GC(110) User=0.03s Sys=0.00s Real=0.05s
[13.369s][info][gc,start       ] GC(111) Pause Young (Allocation Failure)
[13.431s][info][gc,heap        ] GC(111) PSYoungGen: 59424K(97280K)->59424K(99328K) Eden: 21504K(21504K)->0K(21504K) From: 37920K(75776K)->59424K(77824K)
[13.431s][info][gc,heap        ] GC(111) ParOldGen: 926691K(1044992K)->926691K(1044992K)
[13.431s][info][gc,metaspace   ] GC(111) Metaspace: 6298K(6464K)->6298K(6464K) NonClass: 5764K(5824K)->5764K(5824K) Class: 533K(640K)->533K(640K)
[13.431s][info][gc             ] GC(111) Pause Young (Allocation Failure) 963M->963M(1117M) 61.796ms
[13.431s][info][gc,cpu         ] GC(111) User=0.05s Sys=0.00s Real=0.06s
[13.454s][info][gc,start       ] GC(112) Pause Young (Allocation Failure)
[13.538s][info][gc,heap        ] GC(112) PSYoungGen: 80928K(99328K)->61984K(102400K) Eden: 21504K(21504K)->0K(18944K) From: 59424K(77824K)->61984K(83456K)
[13.538s][info][gc,heap        ] GC(112) ParOldGen: 926691K(1044992K)->945907K(1044992K)
[13.538s][info][gc,metaspace   ] GC(112) Metaspace: 6298K(6464K)->6298K(6464K) NonClass: 5764K(5824K)->5764K(5824K) Class: 533K(640K)->533K(640K)
[13.538s][info][gc             ] GC(112) Pause Young (Allocation Failure) 984M->984M(1120M) 83.789ms
[13.538s][info][gc,cpu         ] GC(112) User=0.08s Sys=0.00s Real=0.08s
[13.559s][info][gc,start       ] GC(113) Pause Young (Allocation Failure)
[13.645s][info][gc,heap        ] GC(113) PSYoungGen: 80928K(102400K)->61984K(108032K) Eden: 18944K(18944K)->0K(18944K) From: 61984K(83456K)->61984K(89088K)
[13.645s][info][gc,heap        ] GC(113) ParOldGen: 945907K(1044992K)->965115K(1044992K)
[13.645s][info][gc,metaspace   ] GC(113) Metaspace: 6298K(6464K)->6298K(6464K) NonClass: 5764K(5824K)->5764K(5824K) Class: 533K(640K)->533K(640K)
[13.645s][info][gc             ] GC(113) Pause Young (Allocation Failure) 1002M->1003M(1126M) 86.105ms
[13.645s][info][gc,cpu         ] GC(113) User=0.09s Sys=0.00s Real=0.09s
[13.665s][info][gc,start       ] GC(114) Pause Young (Allocation Failure)
[13.750s][info][gc,heap        ] GC(114) PSYoungGen: 80928K(108032K)->59424K(113152K) Eden: 18944K(18944K)->0K(19968K) From: 61984K(89088K)->59424K(93184K)
[13.750s][info][gc,heap        ] GC(114) ParOldGen: 965115K(1044992K)->986931K(1044992K)
[13.750s][info][gc,metaspace   ] GC(114) Metaspace: 6298K(6464K)->6298K(6464K) NonClass: 5764K(5824K)->5764K(5824K) Class: 533K(640K)->533K(640K)
[13.750s][info][gc             ] GC(114) Pause Young (Allocation Failure) 1021M->1021M(1131M) 84.209ms
[13.750s][info][gc,cpu         ] GC(114) User=0.08s Sys=0.00s Real=0.08s
[13.771s][info][gc,start       ] GC(115) Pause Young (Allocation Failure)
[13.862s][info][gc,heap        ] GC(115) PSYoungGen: 79392K(113152K)->38944K(59392K) Eden: 19968K(19968K)->0K(19968K) From: 59424K(93184K)->38944K(39424K)
[13.862s][info][gc,heap        ] GC(115) ParOldGen: 986931K(1044992K)->1027955K(1044992K)
[13.862s][info][gc,metaspace   ] GC(115) Metaspace: 6298K(6464K)->6298K(6464K) NonClass: 5764K(5824K)->5764K(5824K) Class: 533K(640K)->533K(640K)
[13.862s][info][gc             ] GC(115) Pause Young (Allocation Failure) 1041M->1041M(1078M) 91.615ms
[13.862s][info][gc,cpu         ] GC(115) User=0.08s Sys=0.00s Real=0.09s
[13.862s][info][gc,start       ] GC(116) Pause Full (Ergonomics)
[13.862s][info][gc,phases,start] GC(116) Marking Phase
[14.660s][info][gc,phases      ] GC(116) Marking Phase 797.260ms
[14.660s][info][gc,phases,start] GC(116) Summary Phase
[14.660s][info][gc,phases      ] GC(116) Summary Phase 0.043ms
[14.660s][info][gc,phases,start] GC(116) Adjust Roots
[14.660s][info][gc,phases      ] GC(116) Adjust Roots 0.299ms
[14.660s][info][gc,phases,start] GC(116) Compaction Phase
[15.011s][info][gc,phases      ] GC(116) Compaction Phase 350.387ms
[15.011s][info][gc,phases,start] GC(116) Post Compact
[15.013s][info][gc,phases      ] GC(116) Post Compact 2.045ms
[15.013s][info][gc,heap        ] GC(116) PSYoungGen: 38944K(59392K)->20454K(59392K) Eden: 0K(19968K)->0K(19968K) From: 38944K(39424K)->20454K(39424K)
[15.013s][info][gc,heap        ] GC(116) ParOldGen: 1027955K(1044992K)->1044757K(1182720K)
[15.013s][info][gc,metaspace   ] GC(116) Metaspace: 6298K(6464K)->6298K(6464K) NonClass: 5764K(5824K)->5764K(5824K) Class: 533K(640K)->533K(640K)
[15.013s][info][gc             ] GC(116) Pause Full (Ergonomics) 1041M->1040M(1213M) 1151.045ms
[15.014s][info][gc,cpu         ] GC(116) User=1.05s Sys=0.00s Real=1.15s
[15.036s][info][gc,start       ] GC(117) Pause Young (Allocation Failure)
[15.231s][info][gc,heap        ] GC(117) PSYoungGen: 40422K(59392K)->20000K(110080K) Eden: 19968K(19968K)->0K(22528K) From: 20454K(39424K)->20000K(87552K)
[15.231s][info][gc,heap        ] GC(117) ParOldGen: 1044757K(1182720K)->1065541K(1182720K)
[15.231s][info][gc,metaspace   ] GC(117) Metaspace: 6298K(6464K)->6298K(6464K) NonClass: 5764K(5824K)->5764K(5824K) Class: 533K(640K)->533K(640K)
[15.231s][info][gc             ] GC(117) Pause Young (Allocation Failure) 1059M->1060M(1262M) 195.412ms
[15.231s][info][gc,cpu         ] GC(117) User=0.17s Sys=0.00s Real=0.20s
[15.257s][info][gc,start       ] GC(118) Pause Young (Allocation Failure)
[15.323s][info][gc,heap        ] GC(118) PSYoungGen: 42528K(110080K)->22560K(111616K) Eden: 22528K(22528K)->0K(22528K) From: 20000K(87552K)->22560K(89088K)
[15.323s][info][gc,heap        ] GC(118) ParOldGen: 1065541K(1182720K)->1085797K(1182720K)
[15.323s][info][gc,metaspace   ] GC(118) Metaspace: 6298K(6464K)->6298K(6464K) NonClass: 5764K(5824K)->5764K(5824K) Class: 533K(640K)->533K(640K)
[15.323s][info][gc             ] GC(118) Pause Young (Allocation Failure) 1082M->1082M(1264M) 66.217ms
[15.323s][info][gc,cpu         ] GC(118) User=0.05s Sys=0.02s Real=0.07s
[15.347s][info][gc,start       ] GC(119) Pause Young (Allocation Failure)
[15.411s][info][gc,heap        ] GC(119) PSYoungGen: 45088K(111616K)->22560K(108032K) Eden: 22528K(22528K)->0K(25600K) From: 22560K(89088K)->22560K(82432K)
[15.411s][info][gc,heap        ] GC(119) ParOldGen: 1085797K(1182720K)->1108661K(1182720K)
[15.411s][info][gc,metaspace   ] GC(119) Metaspace: 6298K(6464K)->6298K(6464K) NonClass: 5764K(5824K)->5764K(5824K) Class: 533K(640K)->533K(640K)
[15.411s][info][gc             ] GC(119) Pause Young (Allocation Failure) 1104M->1104M(1260M) 64.507ms
[15.411s][info][gc,cpu         ] GC(119) User=0.05s Sys=0.02s Real=0.06s
[15.439s][info][gc,start       ] GC(120) Pause Young (Allocation Failure)
[15.504s][info][gc,heap        ] GC(120) PSYoungGen: 48160K(108032K)->25632K(110080K) Eden: 25600K(25600K)->0K(25600K) From: 22560K(82432K)->25632K(84480K)
[15.505s][info][gc,heap        ] GC(120) ParOldGen: 1108661K(1182720K)->1131517K(1182720K)
[15.505s][info][gc,metaspace   ] GC(120) Metaspace: 6298K(6464K)->6298K(6464K) NonClass: 5764K(5824K)->5764K(5824K) Class: 533K(640K)->533K(640K)
[15.505s][info][gc             ] GC(120) Pause Young (Allocation Failure) 1129M->1130M(1262M) 65.844ms
[15.505s][info][gc,cpu         ] GC(120) User=0.06s Sys=0.00s Real=0.07s
[15.533s][info][gc,start       ] GC(121) Pause Young (Allocation Failure)
[15.603s][info][gc,heap        ] GC(121) PSYoungGen: 51232K(110080K)->25632K(104448K) Eden: 25600K(25600K)->0K(29184K) From: 25632K(84480K)->25632K(75264K)
[15.603s][info][gc,heap        ] GC(121) ParOldGen: 1131517K(1182720K)->1157493K(1182720K)
[15.603s][info][gc,metaspace   ] GC(121) Metaspace: 6298K(6464K)->6298K(6464K) NonClass: 5764K(5824K)->5764K(5824K) Class: 533K(640K)->533K(640K)
[15.603s][info][gc             ] GC(121) Pause Young (Allocation Failure) 1155M->1155M(1257M) 69.815ms
[15.603s][info][gc,cpu         ] GC(121) User=0.06s Sys=0.00s Real=0.07s
[15.603s][info][gc,start       ] GC(122) Pause Full (Ergonomics)
[15.603s][info][gc,phases,start] GC(122) Marking Phase
[16.487s][info][gc,phases      ] GC(122) Marking Phase 883.367ms
[16.487s][info][gc,phases,start] GC(122) Summary Phase
[16.487s][info][gc,phases      ] GC(122) Summary Phase 0.032ms
[16.487s][info][gc,phases,start] GC(122) Adjust Roots
[16.487s][info][gc,phases      ] GC(122) Adjust Roots 0.250ms
[16.487s][info][gc,phases,start] GC(122) Compaction Phase
[16.859s][info][gc,phases      ] GC(122) Compaction Phase 371.999ms
[16.859s][info][gc,phases,start] GC(122) Post Compact
[16.862s][info][gc,phases      ] GC(122) Post Compact 2.433ms
[16.862s][info][gc,heap        ] GC(122) PSYoungGen: 25632K(104448K)->0K(107520K) Eden: 0K(29184K)->0K(29184K) From: 25632K(75264K)->0K(78336K)
[16.862s][info][gc,heap        ] GC(122) ParOldGen: 1157493K(1182720K)->1181281K(1331200K)
[16.862s][info][gc,metaspace   ] GC(122) Metaspace: 6298K(6464K)->6298K(6464K) NonClass: 5764K(5824K)->5764K(5824K) Class: 533K(640K)->533K(640K)
[16.862s][info][gc             ] GC(122) Pause Full (Ergonomics) 1155M->1153M(1405M) 1259.058ms
[16.862s][info][gc,cpu         ] GC(122) User=1.19s Sys=0.00s Real=1.26s
[16.895s][info][gc,start       ] GC(123) Pause Young (Allocation Failure)
[16.940s][info][gc,heap        ] GC(123) PSYoungGen: 29184K(107520K)->29216K(102912K) Eden: 29184K(29184K)->0K(32768K) From: 0K(78336K)->29216K(70144K)
[16.940s][info][gc,heap        ] GC(123) ParOldGen: 1181281K(1331200K)->1181281K(1331200K)
[16.940s][info][gc,metaspace   ] GC(123) Metaspace: 6298K(6464K)->6298K(6464K) NonClass: 5764K(5824K)->5764K(5824K) Class: 533K(640K)->533K(640K)
[16.940s][info][gc             ] GC(123) Pause Young (Allocation Failure) 1182M->1182M(1400M) 44.801ms
[16.940s][info][gc,cpu         ] GC(123) User=0.03s Sys=0.00s Real=0.04s
[16.977s][info][gc,start       ] GC(124) Pause Young (Allocation Failure)
[17.049s][info][gc,heap        ] GC(124) PSYoungGen: 61984K(102912K)->62016K(107520K) Eden: 32768K(32768K)->0K(32768K) From: 29216K(70144K)->62016K(74752K)
[17.049s][info][gc,heap        ] GC(124) ParOldGen: 1181281K(1331200K)->1181281K(1331200K)
[17.049s][info][gc,metaspace   ] GC(124) Metaspace: 6298K(6464K)->6298K(6464K) NonClass: 5764K(5824K)->5764K(5824K) Class: 533K(640K)->533K(640K)
[17.049s][info][gc             ] GC(124) Pause Young (Allocation Failure) 1214M->1214M(1405M) 72.414ms
[17.049s][info][gc,cpu         ] GC(124) User=0.06s Sys=0.00s Real=0.07s
[17.086s][info][gc,start       ] GC(125) Pause Young (Allocation Failure)
[17.196s][info][gc,heap        ] GC(125) PSYoungGen: 94784K(107520K)->80896K(100352K) Eden: 32768K(32768K)->0K(19456K) From: 62016K(74752K)->80896K(80896K)
[17.196s][info][gc,heap        ] GC(125) ParOldGen: 1181281K(1331200K)->1195393K(1331200K)
[17.196s][info][gc,metaspace   ] GC(125) Metaspace: 6298K(6464K)->6298K(6464K) NonClass: 5764K(5824K)->5764K(5824K) Class: 533K(640K)->533K(640K)
[17.196s][info][gc             ] GC(125) Pause Young (Allocation Failure) 1246M->1246M(1398M) 110.245ms
[17.196s][info][gc,cpu         ] GC(125) User=0.08s Sys=0.02s Real=0.11s
[17.219s][info][gc,start       ] GC(126) Pause Young (Allocation Failure)
[17.336s][info][gc,heap        ] GC(126) PSYoungGen: 100352K(100352K)->47264K(67072K) Eden: 19456K(19456K)->0K(19456K) From: 80896K(80896K)->47264K(47616K)
[17.336s][info][gc,heap        ] GC(126) ParOldGen: 1195393K(1331200K)->1249265K(1331200K)
[17.336s][info][gc,metaspace   ] GC(126) Metaspace: 6298K(6464K)->6298K(6464K) NonClass: 5764K(5824K)->5764K(5824K) Class: 533K(640K)->533K(640K)
[17.336s][info][gc             ] GC(126) Pause Young (Allocation Failure) 1265M->1266M(1365M) 117.525ms
[17.336s][info][gc,cpu         ] GC(126) User=0.11s Sys=0.02s Real=0.12s
[17.356s][info][gc,start       ] GC(127) Pause Young (Allocation Failure)
[17.433s][info][gc,heap        ] GC(127) PSYoungGen: 66720K(67072K)->32384K(110080K) Eden: 19456K(19456K)->0K(22528K) From: 47264K(47616K)->32384K(87552K)
[17.433s][info][gc,heap        ] GC(127) ParOldGen: 1249265K(1331200K)->1277425K(1331200K)
[17.433s][info][gc,metaspace   ] GC(127) Metaspace: 6298K(6464K)->6298K(6464K) NonClass: 5764K(5824K)->5764K(5824K) Class: 533K(640K)->533K(640K)
[17.433s][info][gc             ] GC(127) Pause Young (Allocation Failure) 1285M->1279M(1407M) 77.092ms
[17.433s][info][gc,cpu         ] GC(127) User=0.03s Sys=0.03s Real=0.08s
[17.451s][info][gc,start       ] GC(128) Pause Young (Allocation Failure)
[17.514s][info][gc,heap        ] GC(128) PSYoungGen: 54912K(110080K)->24608K(113664K) Eden: 22528K(22528K)->0K(22528K) From: 32384K(87552K)->24608K(91136K)
[17.514s][info][gc,heap        ] GC(128) ParOldGen: 1277425K(1331200K)->1297161K(1331200K)
[17.514s][info][gc,metaspace   ] GC(128) Metaspace: 6298K(6464K)->6298K(6464K) NonClass: 5764K(5824K)->5764K(5824K) Class: 533K(640K)->533K(640K)
[17.514s][info][gc             ] GC(128) Pause Young (Allocation Failure) 1301M->1290M(1411M) 62.770ms
[17.514s][info][gc,cpu         ] GC(128) User=0.05s Sys=0.00s Real=0.06s
[17.514s][info][gc,start       ] GC(129) Pause Full (Ergonomics)
[17.514s][info][gc,phases,start] GC(129) Marking Phase
[18.495s][info][gc,phases      ] GC(129) Marking Phase 981.266ms
[18.496s][info][gc,phases,start] GC(129) Summary Phase
[18.496s][info][gc,phases      ] GC(129) Summary Phase 0.051ms
[18.496s][info][gc,phases,start] GC(129) Adjust Roots
[18.496s][info][gc,phases      ] GC(129) Adjust Roots 0.550ms
[18.496s][info][gc,phases,start] GC(129) Compaction Phase
[18.907s][info][gc,phases      ] GC(129) Compaction Phase 411.067ms
[18.907s][info][gc,phases,start] GC(129) Post Compact
[18.910s][info][gc,phases      ] GC(129) Post Compact 2.486ms
[18.911s][info][gc,heap        ] GC(129) PSYoungGen: 24608K(113664K)->0K(115200K) Eden: 0K(22528K)->0K(26112K) From: 24608K(91136K)->0K(89088K)
[18.911s][info][gc,heap        ] GC(129) ParOldGen: 1297161K(1331200K)->1319868K(1489408K)
[18.911s][info][gc,metaspace   ] GC(129) Metaspace: 6298K(6464K)->6298K(6464K) NonClass: 5764K(5824K)->5764K(5824K) Class: 533K(640K)->533K(640K)
[18.911s][info][gc             ] GC(129) Pause Full (Ergonomics) 1290M->1288M(1567M) 1396.505ms
[18.911s][info][gc,cpu         ] GC(129) User=1.38s Sys=0.00s Real=1.40s
[18.941s][info][gc,start       ] GC(130) Pause Young (Allocation Failure)
[18.985s][info][gc,heap        ] GC(130) PSYoungGen: 26112K(115200K)->25216K(115200K) Eden: 26112K(26112K)->0K(26112K) From: 0K(89088K)->25216K(89088K)
[18.985s][info][gc,heap        ] GC(130) ParOldGen: 1319868K(1489408K)->1319868K(1489408K)
[18.985s][info][gc,metaspace   ] GC(130) Metaspace: 6298K(6464K)->6298K(6464K) NonClass: 5764K(5824K)->5764K(5824K) Class: 533K(640K)->533K(640K)
[18.985s][info][gc             ] GC(130) Pause Young (Allocation Failure) 1314M->1313M(1567M) 43.679ms
[18.985s][info][gc,cpu         ] GC(130) User=0.03s Sys=0.00s Real=0.04s
[19.014s][info][gc,start       ] GC(131) Pause Young (Allocation Failure)
[19.077s][info][gc,heap        ] GC(131) PSYoungGen: 51328K(115200K)->51360K(115712K) Eden: 26112K(26112K)->0K(29184K) From: 25216K(89088K)->51360K(86528K)
[19.078s][info][gc,heap        ] GC(131) ParOldGen: 1319868K(1489408K)->1319868K(1489408K)
[19.078s][info][gc,metaspace   ] GC(131) Metaspace: 6298K(6464K)->6298K(6464K) NonClass: 5764K(5824K)->5764K(5824K) Class: 533K(640K)->533K(640K)
[19.078s][info][gc             ] GC(131) Pause Young (Allocation Failure) 1339M->1339M(1567M) 63.741ms
[19.078s][info][gc,cpu         ] GC(131) User=0.06s Sys=0.00s Real=0.06s
[19.112s][info][gc,start       ] GC(132) Pause Young (Allocation Failure)
[19.201s][info][gc,heap        ] GC(132) PSYoungGen: 80544K(115712K)->80576K(115712K) Eden: 29184K(29184K)->0K(29184K) From: 51360K(86528K)->80576K(86528K)
[19.201s][info][gc,heap        ] GC(132) ParOldGen: 1319868K(1489408K)->1319868K(1489408K)
[19.201s][info][gc,metaspace   ] GC(132) Metaspace: 6298K(6464K)->6298K(6464K) NonClass: 5764K(5824K)->5764K(5824K) Class: 533K(640K)->533K(640K)
[19.201s][info][gc             ] GC(132) Pause Young (Allocation Failure) 1367M->1367M(1567M) 89.171ms
[19.201s][info][gc,cpu         ] GC(132) User=0.08s Sys=0.00s Real=0.09s
[19.463s][info][gc,start       ] GC(133) Pause Young (Allocation Failure)
[19.693s][info][gc,heap        ] GC(133) PSYoungGen: 109760K(115712K)->97280K(111616K) Eden: 29184K(29184K)->0K(14336K) From: 80576K(86528K)->97280K(97280K)
[19.693s][info][gc,heap        ] GC(133) ParOldGen: 1385404K(1489408K)->1398060K(1489408K)
[19.694s][info][gc,metaspace   ] GC(133) Metaspace: 6298K(6464K)->6298K(6464K) NonClass: 5764K(5824K)->5764K(5824K) Class: 533K(640K)->533K(640K)
[19.694s][info][gc             ] GC(133) Pause Young (Allocation Failure) 1460M->1460M(1563M) 230.509ms
[19.694s][info][gc,cpu         ] GC(133) User=0.23s Sys=0.00s Real=0.23s
[19.708s][info][gc,start       ] GC(134) Pause Young (Allocation Failure)
[19.825s][info][gc,heap        ] GC(134) PSYoungGen: 111616K(111616K)->66496K(130560K) Eden: 14336K(14336K)->0K(14336K) From: 97280K(97280K)->66496K(116224K)
[19.825s][info][gc,heap        ] GC(134) ParOldGen: 1398060K(1489408K)->1443820K(1489408K)
[19.825s][info][gc,metaspace   ] GC(134) Metaspace: 6298K(6464K)->6298K(6464K) NonClass: 5764K(5824K)->5764K(5824K) Class: 533K(640K)->533K(640K)
[19.825s][info][gc             ] GC(134) Pause Young (Allocation Failure) 1474M->1474M(1582M) 116.544ms
[19.825s][info][gc,cpu         ] GC(134) User=0.06s Sys=0.03s Real=0.12s
[19.825s][info][gc,start       ] GC(135) Pause Full (Ergonomics)
[19.825s][info][gc,phases,start] GC(135) Marking Phase
[20.920s][info][gc,phases      ] GC(135) Marking Phase 1095.473ms
[20.920s][info][gc,phases,start] GC(135) Summary Phase
[20.921s][info][gc,phases      ] GC(135) Summary Phase 0.057ms
[20.921s][info][gc,phases,start] GC(135) Adjust Roots
[20.921s][info][gc,phases      ] GC(135) Adjust Roots 0.439ms
[20.921s][info][gc,phases,start] GC(135) Compaction Phase
[21.446s][info][gc,phases      ] GC(135) Compaction Phase 525.039ms
[21.446s][info][gc,phases,start] GC(135) Post Compact
[21.449s][info][gc,phases      ] GC(135) Post Compact 3.056ms
[21.450s][info][gc,heap        ] GC(135) PSYoungGen: 66496K(130560K)->0K(132096K) Eden: 0K(14336K)->0K(16384K) From: 66496K(116224K)->0K(115712K)
[21.450s][info][gc,heap        ] GC(135) ParOldGen: 1443820K(1489408K)->1476488K(1664000K)
[21.450s][info][gc,metaspace   ] GC(135) Metaspace: 6298K(6464K)->6298K(6464K) NonClass: 5764K(5824K)->5764K(5824K) Class: 533K(640K)->533K(640K)
[21.450s][info][gc             ] GC(135) Pause Full (Ergonomics) 1474M->1441M(1754M) 1625.198ms
[21.450s][info][gc,cpu         ] GC(135) User=1.59s Sys=0.00s Real=1.62s
[21.466s][info][gc,start       ] GC(136) Pause Young (Allocation Failure)
[21.498s][info][gc,heap        ] GC(136) PSYoungGen: 16384K(132096K)->16416K(132096K) Eden: 16384K(16384K)->0K(16384K) From: 0K(115712K)->16416K(115712K)
[21.498s][info][gc,heap        ] GC(136) ParOldGen: 1476488K(1664000K)->1476488K(1664000K)
[21.498s][info][gc,metaspace   ] GC(136) Metaspace: 6298K(6464K)->6298K(6464K) NonClass: 5764K(5824K)->5764K(5824K) Class: 533K(640K)->533K(640K)
[21.498s][info][gc             ] GC(136) Pause Young (Allocation Failure) 1457M->1457M(1754M) 31.936ms
[21.498s][info][gc,cpu         ] GC(136) User=0.03s Sys=0.00s Real=0.03s
[21.514s][info][gc,start       ] GC(137) Pause Young (Allocation Failure)
[21.556s][info][gc,heap        ] GC(137) PSYoungGen: 32800K(132096K)->32800K(126464K) Eden: 16384K(16384K)->0K(18432K) From: 16416K(115712K)->32800K(108032K)
[21.556s][info][gc,heap        ] GC(137) ParOldGen: 1476488K(1664000K)->1476488K(1664000K)
[21.556s][info][gc,metaspace   ] GC(137) Metaspace: 6298K(6464K)->6298K(6464K) NonClass: 5764K(5824K)->5764K(5824K) Class: 533K(640K)->533K(640K)
[21.556s][info][gc             ] GC(137) Pause Young (Allocation Failure) 1473M->1473M(1748M) 42.301ms
[21.556s][info][gc,cpu         ] GC(137) User=0.05s Sys=0.00s Real=0.04s
[21.574s][info][gc,start       ] GC(138) Pause Young (Allocation Failure)
[21.630s][info][gc,heap        ] GC(138) PSYoungGen: 51232K(126464K)->51232K(70144K) Eden: 18432K(18432K)->0K(18432K) From: 32800K(108032K)->51232K(51712K)
[21.631s][info][gc,heap        ] GC(138) ParOldGen: 1476488K(1664000K)->1476488K(1664000K)
[21.631s][info][gc,metaspace   ] GC(138) Metaspace: 6298K(6464K)->6298K(6464K) NonClass: 5764K(5824K)->5764K(5824K) Class: 533K(640K)->533K(640K)
[21.631s][info][gc             ] GC(138) Pause Young (Allocation Failure) 1491M->1491M(1693M) 56.122ms
[21.631s][info][gc,cpu         ] GC(138) User=0.06s Sys=0.00s Real=0.06s
[21.649s][info][gc,start       ] GC(139) Pause Young (Allocation Failure)
[21.717s][info][gc,heap        ] GC(139) PSYoungGen: 69664K(70144K)->69664K(124928K) Eden: 18432K(18432K)->0K(18432K) From: 51232K(51712K)->69664K(106496K)
[21.717s][info][gc,heap        ] GC(139) ParOldGen: 1476488K(1664000K)->1476488K(1664000K)
[21.718s][info][gc,metaspace   ] GC(139) Metaspace: 6298K(6464K)->6298K(6464K) NonClass: 5764K(5824K)->5764K(5824K) Class: 533K(640K)->533K(640K)
[21.718s][info][gc             ] GC(139) Pause Young (Allocation Failure) 1509M->1509M(1747M) 68.401ms
[21.718s][info][gc,cpu         ] GC(139) User=0.06s Sys=0.00s Real=0.07s
[21.739s][info][gc,start       ] GC(140) Pause Young (Allocation Failure)
[21.821s][info][gc,heap        ] GC(140) PSYoungGen: 88096K(124928K)->88096K(127488K) Eden: 18432K(18432K)->0K(18432K) From: 69664K(106496K)->88096K(109056K)
[21.821s][info][gc,heap        ] GC(140) ParOldGen: 1476488K(1664000K)->1476488K(1664000K)
[21.821s][info][gc,metaspace   ] GC(140) Metaspace: 6298K(6464K)->6298K(6464K) NonClass: 5764K(5824K)->5764K(5824K) Class: 533K(640K)->533K(640K)
[21.821s][info][gc             ] GC(140) Pause Young (Allocation Failure) 1527M->1527M(1749M) 82.245ms
[21.821s][info][gc,cpu         ] GC(140) User=0.08s Sys=0.00s Real=0.08s
[21.840s][info][gc,start       ] GC(141) Pause Young (Allocation Failure)
[21.942s][info][gc,heap        ] GC(141) PSYoungGen: 106528K(127488K)->90144K(131584K) Eden: 18432K(18432K)->0K(14336K) From: 88096K(109056K)->90144K(117248K)
[21.942s][info][gc,heap        ] GC(141) ParOldGen: 1476488K(1664000K)->1493104K(1664000K)
[21.942s][info][gc,metaspace   ] GC(141) Metaspace: 6298K(6464K)->6298K(6464K) NonClass: 5764K(5824K)->5764K(5824K) Class: 533K(640K)->533K(640K)
[21.942s][info][gc             ] GC(141) Pause Young (Allocation Failure) 1545M->1546M(1753M) 101.370ms
[21.942s][info][gc,cpu         ] GC(141) User=0.09s Sys=0.00s Real=0.10s
[21.957s][info][gc,start       ] GC(142) Pause Young (Allocation Failure)
[22.063s][info][gc,heap        ] GC(142) PSYoungGen: 104480K(131584K)->69664K(138752K) Eden: 14336K(14336K)->0K(14336K) From: 90144K(117248K)->69664K(124416K)
[22.063s][info][gc,heap        ] GC(142) ParOldGen: 1493104K(1664000K)->1528416K(1664000K)
[22.063s][info][gc,metaspace   ] GC(142) Metaspace: 6298K(6464K)->6298K(6464K) NonClass: 5764K(5824K)->5764K(5824K) Class: 533K(640K)->533K(640K)
[22.063s][info][gc             ] GC(142) Pause Young (Allocation Failure) 1560M->1560M(1760M) 105.403ms
[22.063s][info][gc,cpu         ] GC(142) User=0.08s Sys=0.02s Real=0.11s
[22.078s][info][gc,start       ] GC(143) Pause Young (Allocation Failure)
[22.173s][info][gc,heap        ] GC(143) PSYoungGen: 84000K(138752K)->47104K(130048K) Eden: 14336K(14336K)->0K(16896K) From: 69664K(124416K)->47104K(113152K)
[22.174s][info][gc,heap        ] GC(143) ParOldGen: 1528416K(1664000K)->1565808K(1664000K)
[22.174s][info][gc,metaspace   ] GC(143) Metaspace: 6298K(6464K)->6298K(6464K) NonClass: 5764K(5824K)->5764K(5824K) Class: 533K(640K)->533K(640K)
[22.174s][info][gc             ] GC(143) Pause Young (Allocation Failure) 1574M->1575M(1752M) 95.979ms
[22.174s][info][gc,cpu         ] GC(143) User=0.08s Sys=0.02s Real=0.10s
[22.190s][info][gc,start       ] GC(144) Pause Young (Allocation Failure)
[22.270s][info][gc,heap        ] GC(144) PSYoungGen: 64000K(130048K)->31232K(134656K) Eden: 16896K(16896K)->0K(16896K) From: 47104K(113152K)->31232K(117760K)
[22.270s][info][gc,heap        ] GC(144) ParOldGen: 1565808K(1664000K)->1599040K(1664000K)
[22.270s][info][gc,metaspace   ] GC(144) Metaspace: 6298K(6464K)->6298K(6464K) NonClass: 5764K(5824K)->5764K(5824K) Class: 533K(640K)->533K(640K)
[22.270s][info][gc             ] GC(144) Pause Young (Allocation Failure) 1591M->1592M(1756M) 79.913ms
[22.270s][info][gc,cpu         ] GC(144) User=0.06s Sys=0.00s Real=0.08s
[22.288s][info][gc,start       ] GC(145) Pause Young (Allocation Failure)
[22.355s][info][gc,heap        ] GC(145) PSYoungGen: 48128K(134656K)->16928K(135680K) Eden: 16896K(16896K)->0K(19456K) From: 31232K(117760K)->16928K(116224K)
[22.355s][info][gc,heap        ] GC(145) ParOldGen: 1599040K(1664000K)->1630704K(1664000K)
[22.355s][info][gc,metaspace   ] GC(145) Metaspace: 6298K(6464K)->6298K(6464K) NonClass: 5764K(5824K)->5764K(5824K) Class: 533K(640K)->533K(640K)
[22.355s][info][gc             ] GC(145) Pause Young (Allocation Failure) 1608M->1609M(1757M) 67.213ms
[22.355s][info][gc,cpu         ] GC(145) User=0.06s Sys=0.00s Real=0.07s
[22.355s][info][gc,start       ] GC(146) Pause Full (Ergonomics)
[22.355s][info][gc,phases,start] GC(146) Marking Phase
[23.561s][info][gc,phases      ] GC(146) Marking Phase 1206.267ms
[23.561s][info][gc,phases,start] GC(146) Summary Phase
[23.561s][info][gc,phases      ] GC(146) Summary Phase 0.058ms
[23.562s][info][gc,phases,start] GC(146) Adjust Roots
[23.562s][info][gc,phases      ] GC(146) Adjust Roots 0.455ms
[23.562s][info][gc,phases,start] GC(146) Compaction Phase
[24.068s][info][gc,phases      ] GC(146) Compaction Phase 506.423ms
[24.068s][info][gc,phases,start] GC(146) Post Compact
[24.071s][info][gc,phases      ] GC(146) Post Compact 3.006ms
[24.072s][info][gc,heap        ] GC(146) PSYoungGen: 16928K(135680K)->0K(136192K) Eden: 0K(19456K)->0K(19456K) From: 16928K(116224K)->0K(116736K)
[24.072s][info][gc,heap        ] GC(146) ParOldGen: 1630704K(1664000K)->1645147K(1707008K)
[24.072s][info][gc,metaspace   ] GC(146) Metaspace: 6298K(6464K)->6298K(6464K) NonClass: 5764K(5824K)->5764K(5824K) Class: 533K(640K)->533K(640K)
[24.072s][info][gc             ] GC(146) Pause Full (Ergonomics) 1609M->1606M(1800M) 1716.838ms
[24.072s][info][gc,cpu         ] GC(146) User=1.66s Sys=0.02s Real=1.72s
[24.092s][info][gc,start       ] GC(147) Pause Young (Allocation Failure)
[24.130s][info][gc,heap        ] GC(147) PSYoungGen: 19456K(136192K)->19488K(134656K) Eden: 19456K(19456K)->0K(22016K) From: 0K(116736K)->19488K(112640K)
[24.130s][info][gc,heap        ] GC(147) ParOldGen: 1645147K(1707008K)->1645147K(1707008K)
[24.130s][info][gc,metaspace   ] GC(147) Metaspace: 6298K(6464K)->6298K(6464K) NonClass: 5764K(5824K)->5764K(5824K) Class: 533K(640K)->533K(640K)
[24.130s][info][gc             ] GC(147) Pause Young (Allocation Failure) 1625M->1625M(1798M) 37.596ms
[24.130s][info][gc,cpu         ] GC(147) User=0.03s Sys=0.00s Real=0.04s
[24.152s][info][gc,start       ] GC(148) Pause Young (Allocation Failure)
[24.213s][info][gc,heap        ] GC(148) PSYoungGen: 41504K(134656K)->22048K(137216K) Eden: 22016K(22016K)->0K(22016K) From: 19488K(112640K)->22048K(115200K)
[24.213s][info][gc,heap        ] GC(148) ParOldGen: 1645147K(1707008K)->1664883K(1707008K)
[24.213s][info][gc,metaspace   ] GC(148) Metaspace: 6298K(6464K)->6298K(6464K) NonClass: 5764K(5824K)->5764K(5824K) Class: 533K(640K)->533K(640K)
[24.213s][info][gc             ] GC(148) Pause Young (Allocation Failure) 1647M->1647M(1801M) 60.878ms
[24.213s][info][gc,cpu         ] GC(148) User=0.05s Sys=0.00s Real=0.06s
[24.213s][info][gc,start       ] GC(149) Pause Full (Ergonomics)
[24.213s][info][gc,phases,start] GC(149) Marking Phase
[25.448s][info][gc,phases      ] GC(149) Marking Phase 1235.588ms
[25.448s][info][gc,phases,start] GC(149) Summary Phase
[25.449s][info][gc,phases      ] GC(149) Summary Phase 0.057ms
[25.449s][info][gc,phases,start] GC(149) Adjust Roots
[25.449s][info][gc,phases      ] GC(149) Adjust Roots 0.223ms
[25.449s][info][gc,phases,start] GC(149) Compaction Phase
[25.906s][info][gc,phases      ] GC(149) Compaction Phase 457.345ms
[25.906s][info][gc,phases,start] GC(149) Post Compact
[25.909s][info][gc,phases      ] GC(149) Post Compact 3.128ms
[25.910s][info][gc,heap        ] GC(149) PSYoungGen: 22048K(137216K)->0K(138240K) Eden: 0K(22016K)->0K(25088K) From: 22048K(115200K)->0K(113152K)
[25.910s][info][gc,heap        ] GC(149) ParOldGen: 1664883K(1707008K)->1686554K(1707008K)
[25.910s][info][gc,metaspace   ] GC(149) Metaspace: 6298K(6464K)->6298K(6464K) NonClass: 5764K(5824K)->5764K(5824K) Class: 533K(640K)->533K(640K)
[25.910s][info][gc             ] GC(149) Pause Full (Ergonomics) 1647M->1647M(1802M) 1696.894ms
[25.910s][info][gc,cpu         ] GC(149) User=1.69s Sys=0.00s Real=1.70s
[25.935s][info][gc,start       ] GC(150) Pause Full (Ergonomics)
[25.935s][info][gc,phases,start] GC(150) Marking Phase
[27.181s][info][gc,phases      ] GC(150) Marking Phase 1245.533ms
[27.181s][info][gc,phases,start] GC(150) Summary Phase
[27.181s][info][gc,phases      ] GC(150) Summary Phase 0.036ms
[27.181s][info][gc,phases,start] GC(150) Adjust Roots
[27.181s][info][gc,phases      ] GC(150) Adjust Roots 0.436ms
[27.181s][info][gc,phases,start] GC(150) Compaction Phase
[27.767s][info][gc,phases      ] GC(150) Compaction Phase 586.253ms
[27.767s][info][gc,phases,start] GC(150) Post Compact
[27.771s][info][gc,phases      ] GC(150) Post Compact 3.314ms
[27.771s][info][gc,heap        ] GC(150) PSYoungGen: 25088K(138240K)->5113K(138240K) Eden: 25088K(25088K)->5113K(25088K) From: 0K(113152K)->0K(113152K)
[27.771s][info][gc,heap        ] GC(150) ParOldGen: 1686554K(1707008K)->1706499K(1707008K)
[27.771s][info][gc,metaspace   ] GC(150) Metaspace: 6298K(6464K)->6298K(6464K) NonClass: 5764K(5824K)->5764K(5824K) Class: 533K(640K)->533K(640K)
[27.771s][info][gc             ] GC(150) Pause Full (Ergonomics) 1671M->1671M(1802M) 1836.059ms
[27.771s][info][gc,cpu         ] GC(150) User=1.80s Sys=0.02s Real=1.84s
[27.793s][info][gc,start       ] GC(151) Pause Full (Ergonomics)
[27.793s][info][gc,phases,start] GC(151) Marking Phase
[29.083s][info][gc,phases      ] GC(151) Marking Phase 1290.117ms
[29.083s][info][gc,phases,start] GC(151) Summary Phase
[29.083s][info][gc,phases      ] GC(151) Summary Phase 0.054ms
[29.083s][info][gc,phases,start] GC(151) Adjust Roots
[29.084s][info][gc,phases      ] GC(151) Adjust Roots 0.521ms
[29.084s][info][gc,phases,start] GC(151) Compaction Phase
[29.544s][info][gc,phases      ] GC(151) Compaction Phase 460.418ms
[29.544s][info][gc,phases,start] GC(151) Post Compact
[29.548s][info][gc,phases      ] GC(151) Post Compact 3.547ms
[29.548s][info][gc,heap        ] GC(151) PSYoungGen: 25088K(138240K)->25061K(138240K) Eden: 25088K(25088K)->25061K(25088K) From: 0K(113152K)->0K(113152K)
[29.548s][info][gc,heap        ] GC(151) ParOldGen: 1706499K(1707008K)->1706499K(1707008K)
[29.548s][info][gc,metaspace   ] GC(151) Metaspace: 6298K(6464K)->6298K(6464K) NonClass: 5764K(5824K)->5764K(5824K) Class: 533K(640K)->533K(640K)
[29.548s][info][gc             ] GC(151) Pause Full (Ergonomics) 1691M->1690M(1802M) 1755.212ms
[29.548s][info][gc,cpu         ] GC(151) User=1.69s Sys=0.00s Real=1.75s
[29.548s][info][gc,start       ] GC(152) Pause Full (Ergonomics)
[29.549s][info][gc,phases,start] GC(152) Marking Phase
[30.845s][info][gc,phases      ] GC(152) Marking Phase 1296.778ms
[30.845s][info][gc,phases,start] GC(152) Summary Phase
[30.845s][info][gc,phases      ] GC(152) Summary Phase 0.034ms
[30.845s][info][gc,phases,start] GC(152) Adjust Roots
[30.846s][info][gc,phases      ] GC(152) Adjust Roots 0.446ms
[30.846s][info][gc,phases,start] GC(152) Compaction Phase
[31.278s][info][gc,phases      ] GC(152) Compaction Phase 431.765ms
[31.278s][info][gc,phases,start] GC(152) Post Compact
[31.281s][info][gc,phases      ] GC(152) Post Compact 3.003ms
[31.281s][info][gc,heap        ] GC(152) PSYoungGen: 25088K(138240K)->25087K(138240K) Eden: 25088K(25088K)->25087K(25088K) From: 0K(113152K)->0K(113152K)
[31.281s][info][gc,heap        ] GC(152) ParOldGen: 1706499K(1707008K)->1706499K(1707008K)
[31.281s][info][gc,metaspace   ] GC(152) Metaspace: 6298K(6464K)->6298K(6464K) NonClass: 5764K(5824K)->5764K(5824K) Class: 533K(640K)->533K(640K)
[31.281s][info][gc             ] GC(152) Pause Full (Ergonomics) 1691M->1691M(1802M) 1732.467ms
[31.281s][info][gc,cpu         ] GC(152) User=1.69s Sys=0.00s Real=1.73s
[31.281s][info][gc,start       ] GC(153) Pause Full (Ergonomics)
[31.281s][info][gc,phases,start] GC(153) Marking Phase
[32.578s][info][gc,phases      ] GC(153) Marking Phase 1296.743ms
[32.578s][info][gc,phases,start] GC(153) Summary Phase
[32.578s][info][gc,phases      ] GC(153) Summary Phase 0.029ms
[32.578s][info][gc,phases,start] GC(153) Adjust Roots
[32.579s][info][gc,phases      ] GC(153) Adjust Roots 0.429ms
[32.579s][info][gc,phases,start] GC(153) Compaction Phase
[33.016s][info][gc,phases      ] GC(153) Compaction Phase 437.541ms
[33.016s][info][gc,phases,start] GC(153) Post Compact
[33.019s][info][gc,phases      ] GC(153) Post Compact 3.107ms
[33.020s][info][gc,heap        ] GC(153) PSYoungGen: 25088K(138240K)->25088K(138240K) Eden: 25088K(25088K)->25088K(25088K) From: 0K(113152K)->0K(113152K)
[33.020s][info][gc,heap        ] GC(153) ParOldGen: 1706499K(1707008K)->1706499K(1707008K)
[33.020s][info][gc,metaspace   ] GC(153) Metaspace: 6298K(6464K)->6298K(6464K) NonClass: 5764K(5824K)->5764K(5824K) Class: 533K(640K)->533K(640K)
[33.020s][info][gc             ] GC(153) Pause Full (Ergonomics) 1691M->1691M(1802M) 1738.227ms
[33.020s][info][gc,cpu         ] GC(153) User=1.73s Sys=0.00s Real=1.74s
[33.020s][info][gc,start       ] GC(154) Pause Full (Ergonomics)
[33.020s][info][gc,phases,start] GC(154) Marking Phase
[34.287s][info][gc,phases      ] GC(154) Marking Phase 1266.500ms
[34.287s][info][gc,phases,start] GC(154) Summary Phase
[34.287s][info][gc,phases      ] GC(154) Summary Phase 0.055ms
[34.287s][info][gc,phases,start] GC(154) Adjust Roots
[34.287s][info][gc,phases      ] GC(154) Adjust Roots 0.485ms
[34.287s][info][gc,phases,start] GC(154) Compaction Phase
[34.735s][info][gc,phases      ] GC(154) Compaction Phase 448.071ms
[34.736s][info][gc,phases,start] GC(154) Post Compact
[34.739s][info][gc,phases      ] GC(154) Post Compact 2.998ms
[34.739s][info][gc,heap        ] GC(154) PSYoungGen: 25088K(138240K)->25088K(138240K) Eden: 25088K(25088K)->25088K(25088K) From: 0K(113152K)->0K(113152K)
[34.739s][info][gc,heap        ] GC(154) ParOldGen: 1706504K(1707008K)->1706504K(1707008K)
[34.739s][info][gc,metaspace   ] GC(154) Metaspace: 6298K(6464K)->6298K(6464K) NonClass: 5764K(5824K)->5764K(5824K) Class: 533K(640K)->533K(640K)
[34.739s][info][gc             ] GC(154) Pause Full (Ergonomics) 1691M->1691M(1802M) 1718.628ms
[34.739s][info][gc,cpu         ] GC(154) User=1.69s Sys=0.00s Real=1.72s
[34.739s][info][gc,start       ] GC(155) Pause Full (Ergonomics)
[34.739s][info][gc,phases,start] GC(155) Marking Phase
[35.997s][info][gc,phases      ] GC(155) Marking Phase 1258.259ms
[35.997s][info][gc,phases,start] GC(155) Summary Phase
[35.997s][info][gc,phases      ] GC(155) Summary Phase 0.029ms
[35.998s][info][gc,phases,start] GC(155) Adjust Roots
[35.998s][info][gc,phases      ] GC(155) Adjust Roots 0.257ms
[35.998s][info][gc,phases,start] GC(155) Compaction Phase
[36.446s][info][gc,phases      ] GC(155) Compaction Phase 448.482ms
[36.446s][info][gc,phases,start] GC(155) Post Compact
[36.449s][info][gc,phases      ] GC(155) Post Compact 3.000ms
[36.449s][info][gc,heap        ] GC(155) PSYoungGen: 25088K(138240K)->25088K(138240K) Eden: 25088K(25088K)->25088K(25088K) From: 0K(113152K)->0K(113152K)
[36.449s][info][gc,heap        ] GC(155) ParOldGen: 1706508K(1707008K)->1706508K(1707008K)
[36.449s][info][gc,metaspace   ] GC(155) Metaspace: 6298K(6464K)->6298K(6464K) NonClass: 5764K(5824K)->5764K(5824K) Class: 533K(640K)->533K(640K)
[36.449s][info][gc             ] GC(155) Pause Full (Ergonomics) 1691M->1691M(1802M) 1710.415ms
[36.450s][info][gc,cpu         ] GC(155) User=1.66s Sys=0.00s Real=1.71s
[36.450s][info][gc,start       ] GC(156) Pause Full (Ergonomics)
[36.450s][info][gc,phases,start] GC(156) Marking Phase
[37.708s][info][gc,phases      ] GC(156) Marking Phase 1258.312ms
[37.708s][info][gc,phases,start] GC(156) Summary Phase
[37.708s][info][gc,phases      ] GC(156) Summary Phase 0.074ms
[37.708s][info][gc,phases,start] GC(156) Adjust Roots
[37.709s][info][gc,phases      ] GC(156) Adjust Roots 0.253ms
[37.709s][info][gc,phases,start] GC(156) Compaction Phase
[38.140s][info][gc,phases      ] GC(156) Compaction Phase 430.892ms
[38.140s][info][gc,phases,start] GC(156) Post Compact
[38.143s][info][gc,phases      ] GC(156) Post Compact 3.009ms
[38.143s][info][gc,heap        ] GC(156) PSYoungGen: 25088K(138240K)->25088K(138240K) Eden: 25088K(25088K)->25088K(25088K) From: 0K(113152K)->0K(113152K)
[38.143s][info][gc,heap        ] GC(156) ParOldGen: 1706513K(1707008K)->1706513K(1707008K)
[38.143s][info][gc,metaspace   ] GC(156) Metaspace: 6298K(6464K)->6298K(6464K) NonClass: 5764K(5824K)->5764K(5824K) Class: 533K(640K)->533K(640K)
[38.143s][info][gc             ] GC(156) Pause Full (Ergonomics) 1691M->1691M(1802M) 1692.971ms
[38.143s][info][gc,cpu         ] GC(156) User=1.69s Sys=0.00s Real=1.69s
[38.143s][info][gc,start       ] GC(157) Pause Full (Ergonomics)
[38.143s][info][gc,phases,start] GC(157) Marking Phase
[39.407s][info][gc,phases      ] GC(157) Marking Phase 1263.234ms
[39.407s][info][gc,phases,start] GC(157) Summary Phase
[39.407s][info][gc,phases      ] GC(157) Summary Phase 0.034ms
[39.407s][info][gc,phases,start] GC(157) Adjust Roots
[39.407s][info][gc,phases      ] GC(157) Adjust Roots 0.238ms
[39.407s][info][gc,phases,start] GC(157) Compaction Phase
[39.836s][info][gc,phases      ] GC(157) Compaction Phase 429.161ms
[39.836s][info][gc,phases,start] GC(157) Post Compact
[39.839s][info][gc,phases      ] GC(157) Post Compact 3.023ms
[39.839s][info][gc,heap        ] GC(157) PSYoungGen: 25088K(138240K)->25088K(138240K) Eden: 25088K(25088K)->25088K(25088K) From: 0K(113152K)->0K(113152K)
[39.839s][info][gc,heap        ] GC(157) ParOldGen: 1706518K(1707008K)->1706518K(1707008K)
[39.839s][info][gc,metaspace   ] GC(157) Metaspace: 6298K(6464K)->6298K(6464K) NonClass: 5764K(5824K)->5764K(5824K) Class: 533K(640K)->533K(640K)
[39.839s][info][gc             ] GC(157) Pause Full (Ergonomics) 1691M->1691M(1802M) 1696.128ms
[39.839s][info][gc,cpu         ] GC(157) User=1.66s Sys=0.02s Real=1.70s
[39.840s][info][gc,start       ] GC(158) Pause Full (Ergonomics)
[39.840s][info][gc,phases,start] GC(158) Marking Phase
[41.118s][info][gc,phases      ] GC(158) Marking Phase 1278.279ms
[41.118s][info][gc,phases,start] GC(158) Summary Phase
[41.118s][info][gc,phases      ] GC(158) Summary Phase 0.054ms
[41.118s][info][gc,phases,start] GC(158) Adjust Roots
[41.119s][info][gc,phases      ] GC(158) Adjust Roots 0.284ms
[41.119s][info][gc,phases,start] GC(158) Compaction Phase
[41.565s][info][gc,phases      ] GC(158) Compaction Phase 446.364ms
[41.565s][info][gc,phases,start] GC(158) Post Compact
[41.568s][info][gc,phases      ] GC(158) Post Compact 3.087ms
[41.568s][info][gc,heap        ] GC(158) PSYoungGen: 25088K(138240K)->25088K(138240K) Eden: 25088K(25088K)->25088K(25088K) From: 0K(113152K)->0K(113152K)
[41.568s][info][gc,heap        ] GC(158) ParOldGen: 1706522K(1707008K)->1706522K(1707008K)
[41.568s][info][gc,metaspace   ] GC(158) Metaspace: 6298K(6464K)->6298K(6464K) NonClass: 5764K(5824K)->5764K(5824K) Class: 533K(640K)->533K(640K)
[41.568s][info][gc             ] GC(158) Pause Full (Ergonomics) 1691M->1691M(1802M) 1728.578ms
[41.568s][info][gc,cpu         ] GC(158) User=1.67s Sys=0.02s Real=1.73s
[41.569s][info][gc,start       ] GC(159) Pause Full (Ergonomics)
[41.569s][info][gc,phases,start] GC(159) Marking Phase
[42.849s][info][gc,phases      ] GC(159) Marking Phase 1280.339ms
[42.849s][info][gc,phases,start] GC(159) Summary Phase
[42.849s][info][gc,phases      ] GC(159) Summary Phase 0.054ms
[42.849s][info][gc,phases,start] GC(159) Adjust Roots
[42.850s][info][gc,phases      ] GC(159) Adjust Roots 0.337ms
[42.850s][info][gc,phases,start] GC(159) Compaction Phase
[43.292s][info][gc,phases      ] GC(159) Compaction Phase 442.450ms
[43.292s][info][gc,phases,start] GC(159) Post Compact
[43.296s][info][gc,phases      ] GC(159) Post Compact 3.136ms
[43.296s][info][gc,heap        ] GC(159) PSYoungGen: 25088K(138240K)->25088K(138240K) Eden: 25088K(25088K)->25088K(25088K) From: 0K(113152K)->0K(113152K)
[43.296s][info][gc,heap        ] GC(159) ParOldGen: 1706527K(1707008K)->1706527K(1707008K)
[43.296s][info][gc,metaspace   ] GC(159) Metaspace: 6298K(6464K)->6298K(6464K) NonClass: 5764K(5824K)->5764K(5824K) Class: 533K(640K)->533K(640K)
[43.296s][info][gc             ] GC(159) Pause Full (Ergonomics) 1691M->1691M(1802M) 1726.788ms
[43.296s][info][gc,cpu         ] GC(159) User=1.67s Sys=0.00s Real=1.73s
[43.296s][info][gc,start       ] GC(160) Pause Full (Ergonomics)
[43.296s][info][gc,phases,start] GC(160) Marking Phase
[44.568s][info][gc,phases      ] GC(160) Marking Phase 1271.586ms
[44.568s][info][gc,phases,start] GC(160) Summary Phase
[44.568s][info][gc,phases      ] GC(160) Summary Phase 0.034ms
[44.568s][info][gc,phases,start] GC(160) Adjust Roots
[44.568s][info][gc,phases      ] GC(160) Adjust Roots 0.227ms
[44.568s][info][gc,phases,start] GC(160) Compaction Phase
[45.006s][info][gc,phases      ] GC(160) Compaction Phase 438.156ms
[45.006s][info][gc,phases,start] GC(160) Post Compact
[45.009s][info][gc,phases      ] GC(160) Post Compact 3.173ms
[45.010s][info][gc,heap        ] GC(160) PSYoungGen: 25088K(138240K)->25088K(138240K) Eden: 25088K(25088K)->25088K(25088K) From: 0K(113152K)->0K(113152K)
[45.010s][info][gc,heap        ] GC(160) ParOldGen: 1706532K(1707008K)->1706532K(1707008K)
[45.010s][info][gc,metaspace   ] GC(160) Metaspace: 6298K(6464K)->6298K(6464K) NonClass: 5764K(5824K)->5764K(5824K) Class: 533K(640K)->533K(640K)
[45.010s][info][gc             ] GC(160) Pause Full (Ergonomics) 1691M->1691M(1802M) 1713.611ms
[45.010s][info][gc,cpu         ] GC(160) User=1.66s Sys=0.00s Real=1.71s
[45.010s][info][gc,start       ] GC(161) Pause Full (Ergonomics)
[45.010s][info][gc,phases,start] GC(161) Marking Phase
[46.311s][info][gc,phases      ] GC(161) Marking Phase 1301.041ms
[46.311s][info][gc,phases,start] GC(161) Summary Phase
[46.311s][info][gc,phases      ] GC(161) Summary Phase 0.075ms
[46.311s][info][gc,phases,start] GC(161) Adjust Roots
[46.312s][info][gc,phases      ] GC(161) Adjust Roots 0.309ms
[46.312s][info][gc,phases,start] GC(161) Compaction Phase
[46.754s][info][gc,phases      ] GC(161) Compaction Phase 442.344ms
[46.754s][info][gc,phases,start] GC(161) Post Compact
[46.757s][info][gc,phases      ] GC(161) Post Compact 3.146ms
[46.757s][info][gc,heap        ] GC(161) PSYoungGen: 25088K(138240K)->25088K(138240K) Eden: 25088K(25088K)->25088K(25088K) From: 0K(113152K)->0K(113152K)
[46.757s][info][gc,heap        ] GC(161) ParOldGen: 1706536K(1707008K)->1706536K(1707008K)
[46.757s][info][gc,metaspace   ] GC(161) Metaspace: 6298K(6464K)->6298K(6464K) NonClass: 5764K(5824K)->5764K(5824K) Class: 533K(640K)->533K(640K)
[46.757s][info][gc             ] GC(161) Pause Full (Ergonomics) 1691M->1691M(1802M) 1747.367ms
[46.757s][info][gc,cpu         ] GC(161) User=1.70s Sys=0.00s Real=1.75s
[46.758s][info][gc,start       ] GC(162) Pause Full (Ergonomics)
[46.758s][info][gc,phases,start] GC(162) Marking Phase
[48.034s][info][gc,phases      ] GC(162) Marking Phase 1276.209ms
[48.034s][info][gc,phases,start] GC(162) Summary Phase
[48.034s][info][gc,phases      ] GC(162) Summary Phase 0.029ms
[48.034s][info][gc,phases,start] GC(162) Adjust Roots
[48.035s][info][gc,phases      ] GC(162) Adjust Roots 0.424ms
[48.035s][info][gc,phases,start] GC(162) Compaction Phase
[48.476s][info][gc,phases      ] GC(162) Compaction Phase 441.755ms
[48.476s][info][gc,phases,start] GC(162) Post Compact
[48.480s][info][gc,phases      ] GC(162) Post Compact 3.087ms
[48.480s][info][gc,heap        ] GC(162) PSYoungGen: 25088K(138240K)->25088K(138240K) Eden: 25088K(25088K)->25088K(25088K) From: 0K(113152K)->0K(113152K)
[48.480s][info][gc,heap        ] GC(162) ParOldGen: 1706541K(1707008K)->1706541K(1707008K)
[48.480s][info][gc,metaspace   ] GC(162) Metaspace: 6298K(6464K)->6298K(6464K) NonClass: 5764K(5824K)->5764K(5824K) Class: 533K(640K)->533K(640K)
[48.480s][info][gc             ] GC(162) Pause Full (Ergonomics) 1691M->1691M(1802M) 1721.901ms
[48.480s][info][gc,cpu         ] GC(162) User=1.69s Sys=0.00s Real=1.72s
[48.480s][info][gc,start       ] GC(163) Pause Full (Ergonomics)
[48.480s][info][gc,phases,start] GC(163) Marking Phase
[49.759s][info][gc,phases      ] GC(163) Marking Phase 1278.538ms
[49.759s][info][gc,phases,start] GC(163) Summary Phase
[49.759s][info][gc,phases      ] GC(163) Summary Phase 0.075ms
[49.759s][info][gc,phases,start] GC(163) Adjust Roots
[49.759s][info][gc,phases      ] GC(163) Adjust Roots 0.266ms
[49.759s][info][gc,phases,start] GC(163) Compaction Phase
[50.199s][info][gc,phases      ] GC(163) Compaction Phase 440.087ms
[50.199s][info][gc,phases,start] GC(163) Post Compact
[50.203s][info][gc,phases      ] GC(163) Post Compact 3.193ms
[50.203s][info][gc,heap        ] GC(163) PSYoungGen: 25088K(138240K)->25088K(138240K) Eden: 25088K(25088K)->25088K(25088K) From: 0K(113152K)->0K(113152K)
[50.203s][info][gc,heap        ] GC(163) ParOldGen: 1706546K(1707008K)->1706546K(1707008K)
[50.203s][info][gc,metaspace   ] GC(163) Metaspace: 6298K(6464K)->6298K(6464K) NonClass: 5764K(5824K)->5764K(5824K) Class: 533K(640K)->533K(640K)
[50.203s][info][gc             ] GC(163) Pause Full (Ergonomics) 1691M->1691M(1802M) 1722.635ms
[50.203s][info][gc,cpu         ] GC(163) User=1.70s Sys=0.00s Real=1.72s
[50.203s][info][gc,start       ] GC(164) Pause Full (Ergonomics)
[50.203s][info][gc,phases,start] GC(164) Marking Phase
[51.483s][info][gc,phases      ] GC(164) Marking Phase 1279.834ms
[51.483s][info][gc,phases,start] GC(164) Summary Phase
[51.483s][info][gc,phases      ] GC(164) Summary Phase 0.041ms
[51.483s][info][gc,phases,start] GC(164) Adjust Roots
[51.483s][info][gc,phases      ] GC(164) Adjust Roots 0.203ms
[51.483s][info][gc,phases,start] GC(164) Compaction Phase
[51.922s][info][gc,phases      ] GC(164) Compaction Phase 439.034ms
[51.922s][info][gc,phases,start] GC(164) Post Compact
[51.926s][info][gc,phases      ] GC(164) Post Compact 3.024ms
[51.926s][info][gc,heap        ] GC(164) PSYoungGen: 25088K(138240K)->25088K(138240K) Eden: 25088K(25088K)->25088K(25088K) From: 0K(113152K)->0K(113152K)
[51.926s][info][gc,heap        ] GC(164) ParOldGen: 1706550K(1707008K)->1706550K(1707008K)
[51.926s][info][gc,metaspace   ] GC(164) Metaspace: 6298K(6464K)->6298K(6464K) NonClass: 5764K(5824K)->5764K(5824K) Class: 533K(640K)->533K(640K)
[51.926s][info][gc             ] GC(164) Pause Full (Ergonomics) 1691M->1691M(1802M) 1722.676ms
[51.926s][info][gc,cpu         ] GC(164) User=1.70s Sys=0.00s Real=1.72s
[51.926s][info][gc,start       ] GC(165) Pause Full (Ergonomics)
[51.926s][info][gc,phases,start] GC(165) Marking Phase
[53.204s][info][gc,phases      ] GC(165) Marking Phase 1277.643ms
[53.204s][info][gc,phases,start] GC(165) Summary Phase
[53.204s][info][gc,phases      ] GC(165) Summary Phase 0.059ms
[53.204s][info][gc,phases,start] GC(165) Adjust Roots
[53.204s][info][gc,phases      ] GC(165) Adjust Roots 0.233ms
[53.204s][info][gc,phases,start] GC(165) Compaction Phase
[53.643s][info][gc,phases      ] GC(165) Compaction Phase 438.240ms
[53.643s][info][gc,phases,start] GC(165) Post Compact
[53.646s][info][gc,phases      ] GC(165) Post Compact 3.175ms
[53.646s][info][gc,heap        ] GC(165) PSYoungGen: 25088K(138240K)->25088K(138240K) Eden: 25088K(25088K)->25088K(25088K) From: 0K(113152K)->0K(113152K)
[53.646s][info][gc,heap        ] GC(165) ParOldGen: 1706555K(1707008K)->1706555K(1707008K)
[53.646s][info][gc,metaspace   ] GC(165) Metaspace: 6298K(6464K)->6298K(6464K) NonClass: 5764K(5824K)->5764K(5824K) Class: 533K(640K)->533K(640K)
[53.646s][info][gc             ] GC(165) Pause Full (Ergonomics) 1691M->1691M(1802M) 1719.774ms
[53.646s][info][gc,cpu         ] GC(165) User=1.69s Sys=0.00s Real=1.72s
[53.646s][info][gc,start       ] GC(166) Pause Full (Ergonomics)
[53.646s][info][gc,phases,start] GC(166) Marking Phase
[54.916s][info][gc,phases      ] GC(166) Marking Phase 1269.959ms
[54.916s][info][gc,phases,start] GC(166) Summary Phase
[54.916s][info][gc,phases      ] GC(166) Summary Phase 0.039ms
[54.916s][info][gc,phases,start] GC(166) Adjust Roots
[54.917s][info][gc,phases      ] GC(166) Adjust Roots 0.425ms
[54.917s][info][gc,phases,start] GC(166) Compaction Phase
[55.365s][info][gc,phases      ] GC(166) Compaction Phase 447.990ms
[55.365s][info][gc,phases,start] GC(166) Post Compact
[55.368s][info][gc,phases      ] GC(166) Post Compact 3.090ms
[55.368s][info][gc,heap        ] GC(166) PSYoungGen: 25088K(138240K)->25088K(138240K) Eden: 25088K(25088K)->25088K(25088K) From: 0K(113152K)->0K(113152K)
[55.368s][info][gc,heap        ] GC(166) ParOldGen: 1706560K(1707008K)->1706560K(1707008K)
[55.368s][info][gc,metaspace   ] GC(166) Metaspace: 6298K(6464K)->6298K(6464K) NonClass: 5764K(5824K)->5764K(5824K) Class: 533K(640K)->533K(640K)
[55.368s][info][gc             ] GC(166) Pause Full (Ergonomics) 1691M->1691M(1802M) 1721.873ms
[55.368s][info][gc,cpu         ] GC(166) User=1.70s Sys=0.00s Real=1.72s
[55.369s][info][gc,start       ] GC(167) Pause Full (Ergonomics)
[55.369s][info][gc,phases,start] GC(167) Marking Phase
[56.671s][info][gc,phases      ] GC(167) Marking Phase 1302.197ms
[56.671s][info][gc,phases,start] GC(167) Summary Phase
[56.671s][info][gc,phases      ] GC(167) Summary Phase 0.080ms
[56.671s][info][gc,phases,start] GC(167) Adjust Roots
[56.671s][info][gc,phases      ] GC(167) Adjust Roots 0.271ms
[56.671s][info][gc,phases,start] GC(167) Compaction Phase
[57.122s][info][gc,phases      ] GC(167) Compaction Phase 450.313ms
[57.122s][info][gc,phases,start] GC(167) Post Compact
[57.125s][info][gc,phases      ] GC(167) Post Compact 3.178ms
[57.125s][info][gc,heap        ] GC(167) PSYoungGen: 25088K(138240K)->25088K(138240K) Eden: 25088K(25088K)->25088K(25088K) From: 0K(113152K)->0K(113152K)
[57.125s][info][gc,heap        ] GC(167) ParOldGen: 1706564K(1707008K)->1706564K(1707008K)
[57.125s][info][gc,metaspace   ] GC(167) Metaspace: 6298K(6464K)->6298K(6464K) NonClass: 5764K(5824K)->5764K(5824K) Class: 533K(640K)->533K(640K)
[57.125s][info][gc             ] GC(167) Pause Full (Ergonomics) 1691M->1691M(1802M) 1756.472ms
[57.125s][info][gc,cpu         ] GC(167) User=1.73s Sys=0.00s Real=1.76s
[57.126s][info][gc,start       ] GC(168) Pause Full (Ergonomics)
[57.126s][info][gc,phases,start] GC(168) Marking Phase
[58.428s][info][gc,phases      ] GC(168) Marking Phase 1302.023ms
[58.428s][info][gc,phases,start] GC(168) Summary Phase
[58.428s][info][gc,phases      ] GC(168) Summary Phase 0.047ms
[58.428s][info][gc,phases,start] GC(168) Adjust Roots
[58.428s][info][gc,phases      ] GC(168) Adjust Roots 0.272ms
[58.428s][info][gc,phases,start] GC(168) Compaction Phase
[58.870s][info][gc,phases      ] GC(168) Compaction Phase 442.180ms
[58.870s][info][gc,phases,start] GC(168) Post Compact
[58.873s][info][gc,phases      ] GC(168) Post Compact 3.007ms
[58.873s][info][gc,heap        ] GC(168) PSYoungGen: 25088K(138240K)->25088K(138240K) Eden: 25088K(25088K)->25088K(25088K) From: 0K(113152K)->0K(113152K)
[58.873s][info][gc,heap        ] GC(168) ParOldGen: 1706569K(1707008K)->1706569K(1707008K)
[58.874s][info][gc,metaspace   ] GC(168) Metaspace: 6298K(6464K)->6298K(6464K) NonClass: 5764K(5824K)->5764K(5824K) Class: 533K(640K)->533K(640K)
[58.874s][info][gc             ] GC(168) Pause Full (Ergonomics) 1691M->1691M(1802M) 1747.953ms
[58.874s][info][gc,cpu         ] GC(168) User=1.73s Sys=0.02s Real=1.75s
[58.874s][info][gc,start       ] GC(169) Pause Full (Ergonomics)
[58.874s][info][gc,phases,start] GC(169) Marking Phase
[60.180s][info][gc,phases      ] GC(169) Marking Phase 1306.190ms
[60.180s][info][gc,phases,start] GC(169) Summary Phase
[60.180s][info][gc,phases      ] GC(169) Summary Phase 0.052ms
[60.180s][info][gc,phases,start] GC(169) Adjust Roots
[60.181s][info][gc,phases      ] GC(169) Adjust Roots 0.260ms
[60.181s][info][gc,phases,start] GC(169) Compaction Phase
[60.628s][info][gc,phases      ] GC(169) Compaction Phase 447.150ms
[60.628s][info][gc,phases,start] GC(169) Post Compact
[60.631s][info][gc,phases      ] GC(169) Post Compact 3.186ms
[60.631s][info][gc,heap        ] GC(169) PSYoungGen: 25088K(138240K)->25088K(138240K) Eden: 25088K(25088K)->25088K(25088K) From: 0K(113152K)->0K(113152K)
[60.631s][info][gc,heap        ] GC(169) ParOldGen: 1706574K(1707008K)->1706574K(1707008K)
[60.631s][info][gc,metaspace   ] GC(169) Metaspace: 6298K(6464K)->6298K(6464K) NonClass: 5764K(5824K)->5764K(5824K) Class: 533K(640K)->533K(640K)
[60.631s][info][gc             ] GC(169) Pause Full (Ergonomics) 1691M->1691M(1802M) 1757.338ms
[60.631s][info][gc,cpu         ] GC(169) User=1.72s Sys=0.00s Real=1.76s
[60.632s][info][gc,start       ] GC(170) Pause Full (Ergonomics)
[60.632s][info][gc,phases,start] GC(170) Marking Phase
[61.906s][info][gc,phases      ] GC(170) Marking Phase 1274.536ms
[61.906s][info][gc,phases,start] GC(170) Summary Phase
[61.906s][info][gc,phases      ] GC(170) Summary Phase 0.036ms
[61.906s][info][gc,phases,start] GC(170) Adjust Roots
[61.907s][info][gc,phases      ] GC(170) Adjust Roots 0.225ms
[61.907s][info][gc,phases,start] GC(170) Compaction Phase
[62.353s][info][gc,phases      ] GC(170) Compaction Phase 445.876ms
[62.353s][info][gc,phases,start] GC(170) Post Compact
[62.356s][info][gc,phases      ] GC(170) Post Compact 3.164ms
[62.356s][info][gc,heap        ] GC(170) PSYoungGen: 25088K(138240K)->25088K(138240K) Eden: 25088K(25088K)->25088K(25088K) From: 0K(113152K)->0K(113152K)
[62.356s][info][gc,heap        ] GC(170) ParOldGen: 1706578K(1707008K)->1706578K(1707008K)
[62.356s][info][gc,metaspace   ] GC(170) Metaspace: 6298K(6464K)->6298K(6464K) NonClass: 5764K(5824K)->5764K(5824K) Class: 533K(640K)->533K(640K)
[62.356s][info][gc             ] GC(170) Pause Full (Ergonomics) 1691M->1691M(1802M) 1724.295ms
[62.356s][info][gc,cpu         ] GC(170) User=1.69s Sys=0.02s Real=1.72s
[62.356s][info][gc,start       ] GC(171) Pause Full (Ergonomics)
[62.356s][info][gc,phases,start] GC(171) Marking Phase
[63.645s][info][gc,phases      ] GC(171) Marking Phase 1288.273ms
[63.645s][info][gc,phases,start] GC(171) Summary Phase
[63.645s][info][gc,phases      ] GC(171) Summary Phase 0.075ms
[63.645s][info][gc,phases,start] GC(171) Adjust Roots
[63.645s][info][gc,phases      ] GC(171) Adjust Roots 0.282ms
[63.645s][info][gc,phases,start] GC(171) Compaction Phase
[64.083s][info][gc,phases      ] GC(171) Compaction Phase 437.500ms
[64.083s][info][gc,phases,start] GC(171) Post Compact
[64.086s][info][gc,phases      ] GC(171) Post Compact 3.180ms
[64.086s][info][gc,heap        ] GC(171) PSYoungGen: 25088K(138240K)->25088K(138240K) Eden: 25088K(25088K)->25088K(25088K) From: 0K(113152K)->0K(113152K)
[64.086s][info][gc,heap        ] GC(171) ParOldGen: 1706583K(1707008K)->1706583K(1707008K)
[64.086s][info][gc,metaspace   ] GC(171) Metaspace: 6298K(6464K)->6298K(6464K) NonClass: 5764K(5824K)->5764K(5824K) Class: 533K(640K)->533K(640K)
[64.086s][info][gc             ] GC(171) Pause Full (Ergonomics) 1691M->1691M(1802M) 1729.871ms
[64.086s][info][gc,cpu         ] GC(171) User=1.69s Sys=0.00s Real=1.73s
[64.087s][info][gc,start       ] GC(172) Pause Full (Ergonomics)
[64.087s][info][gc,phases,start] GC(172) Marking Phase
[65.369s][info][gc,phases      ] GC(172) Marking Phase 1281.970ms
[65.369s][info][gc,phases,start] GC(172) Summary Phase
[65.369s][info][gc,phases      ] GC(172) Summary Phase 0.055ms
[65.369s][info][gc,phases,start] GC(172) Adjust Roots
[65.369s][info][gc,phases      ] GC(172) Adjust Roots 0.268ms
[65.369s][info][gc,phases,start] GC(172) Compaction Phase
[65.812s][info][gc,phases      ] GC(172) Compaction Phase 442.329ms
[65.812s][info][gc,phases,start] GC(172) Post Compact
[65.815s][info][gc,phases      ] GC(172) Post Compact 3.063ms
[65.815s][info][gc,heap        ] GC(172) PSYoungGen: 25088K(138240K)->25088K(138240K) Eden: 25088K(25088K)->25088K(25088K) From: 0K(113152K)->0K(113152K)
[65.815s][info][gc,heap        ] GC(172) ParOldGen: 1706588K(1707008K)->1706588K(1707008K)
[65.815s][info][gc,metaspace   ] GC(172) Metaspace: 6298K(6464K)->6298K(6464K) NonClass: 5764K(5824K)->5764K(5824K) Class: 533K(640K)->533K(640K)
[65.815s][info][gc             ] GC(172) Pause Full (Ergonomics) 1691M->1691M(1802M) 1728.204ms
[65.815s][info][gc,cpu         ] GC(172) User=1.66s Sys=0.00s Real=1.73s
[65.815s][info][gc,start       ] GC(173) Pause Full (Ergonomics)
[65.815s][info][gc,phases,start] GC(173) Marking Phase
[67.090s][info][gc,phases      ] GC(173) Marking Phase 1274.430ms
[67.090s][info][gc,phases,start] GC(173) Summary Phase
[67.090s][info][gc,phases      ] GC(173) Summary Phase 0.077ms
[67.090s][info][gc,phases,start] GC(173) Adjust Roots
[67.090s][info][gc,phases      ] GC(173) Adjust Roots 0.286ms
[67.090s][info][gc,phases,start] GC(173) Compaction Phase
[67.529s][info][gc,phases      ] GC(173) Compaction Phase 438.652ms
[67.529s][info][gc,phases,start] GC(173) Post Compact
[67.532s][info][gc,phases      ] GC(173) Post Compact 3.190ms
[67.532s][info][gc,heap        ] GC(173) PSYoungGen: 25088K(138240K)->25088K(138240K) Eden: 25088K(25088K)->25088K(25088K) From: 0K(113152K)->0K(113152K)
[67.532s][info][gc,heap        ] GC(173) ParOldGen: 1706592K(1707008K)->1706592K(1707008K)
[67.532s][info][gc,metaspace   ] GC(173) Metaspace: 6298K(6464K)->6298K(6464K) NonClass: 5764K(5824K)->5764K(5824K) Class: 533K(640K)->533K(640K)
[67.532s][info][gc             ] GC(173) Pause Full (Ergonomics) 1691M->1691M(1802M) 1717.131ms
[67.532s][info][gc,cpu         ] GC(173) User=1.69s Sys=0.00s Real=1.72s
[67.533s][info][gc,start       ] GC(174) Pause Full (Ergonomics)
[67.533s][info][gc,phases,start] GC(174) Marking Phase
[68.807s][info][gc,phases      ] GC(174) Marking Phase 1273.831ms
[68.807s][info][gc,phases,start] GC(174) Summary Phase
[68.807s][info][gc,phases      ] GC(174) Summary Phase 0.077ms
[68.807s][info][gc,phases,start] GC(174) Adjust Roots
[68.807s][info][gc,phases      ] GC(174) Adjust Roots 0.291ms
[68.807s][info][gc,phases,start] GC(174) Compaction Phase
[69.249s][info][gc,phases      ] GC(174) Compaction Phase 441.741ms
[69.249s][info][gc,phases,start] GC(174) Post Compact
[69.252s][info][gc,phases      ] GC(174) Post Compact 3.086ms
[69.252s][info][gc,heap        ] GC(174) PSYoungGen: 25088K(138240K)->25088K(138240K) Eden: 25088K(25088K)->25088K(25088K) From: 0K(113152K)->0K(113152K)
[69.252s][info][gc,heap        ] GC(174) ParOldGen: 1706597K(1707008K)->1706597K(1707008K)
[69.252s][info][gc,metaspace   ] GC(174) Metaspace: 6298K(6464K)->6298K(6464K) NonClass: 5764K(5824K)->5764K(5824K) Class: 533K(640K)->533K(640K)
[69.252s][info][gc             ] GC(174) Pause Full (Ergonomics) 1691M->1691M(1802M) 1719.644ms
[69.252s][info][gc,cpu         ] GC(174) User=1.69s Sys=0.00s Real=1.72s
[69.253s][info][gc,start       ] GC(175) Pause Full (Ergonomics)
[69.253s][info][gc,phases,start] GC(175) Marking Phase
[70.536s][info][gc,phases      ] GC(175) Marking Phase 1283.692ms
[70.537s][info][gc,phases,start] GC(175) Summary Phase
[70.537s][info][gc,phases      ] GC(175) Summary Phase 0.057ms
[70.537s][info][gc,phases,start] GC(175) Adjust Roots
[70.537s][info][gc,phases      ] GC(175) Adjust Roots 0.284ms
[70.537s][info][gc,phases,start] GC(175) Compaction Phase
[70.982s][info][gc,phases      ] GC(175) Compaction Phase 444.877ms
[70.982s][info][gc,phases,start] GC(175) Post Compact
[70.985s][info][gc,phases      ] GC(175) Post Compact 3.026ms
[70.985s][info][gc,heap        ] GC(175) PSYoungGen: 25088K(138240K)->25088K(138240K) Eden: 25088K(25088K)->25088K(25088K) From: 0K(113152K)->0K(113152K)
[70.985s][info][gc,heap        ] GC(175) ParOldGen: 1706602K(1707008K)->1706602K(1707008K)
[70.985s][info][gc,metaspace   ] GC(175) Metaspace: 6298K(6464K)->6298K(6464K) NonClass: 5764K(5824K)->5764K(5824K) Class: 533K(640K)->533K(640K)
[70.985s][info][gc             ] GC(175) Pause Full (Ergonomics) 1691M->1691M(1802M) 1732.461ms
[70.985s][info][gc,cpu         ] GC(175) User=1.70s Sys=0.00s Real=1.73s
[70.986s][info][gc,start       ] GC(176) Pause Full (Ergonomics)
[70.986s][info][gc,phases,start] GC(176) Marking Phase
[72.265s][info][gc,phases      ] GC(176) Marking Phase 1278.869ms
[72.265s][info][gc,phases,start] GC(176) Summary Phase
[72.265s][info][gc,phases      ] GC(176) Summary Phase 0.054ms
[72.265s][info][gc,phases,start] GC(176) Adjust Roots
[72.265s][info][gc,phases      ] GC(176) Adjust Roots 0.237ms
[72.265s][info][gc,phases,start] GC(176) Compaction Phase
[72.707s][info][gc,phases      ] GC(176) Compaction Phase 442.033ms
[72.707s][info][gc,phases,start] GC(176) Post Compact
[72.711s][info][gc,phases      ] GC(176) Post Compact 3.361ms
[72.711s][info][gc,heap        ] GC(176) PSYoungGen: 25088K(138240K)->25088K(138240K) Eden: 25088K(25088K)->25088K(25088K) From: 0K(113152K)->0K(113152K)
[72.711s][info][gc,heap        ] GC(176) ParOldGen: 1706606K(1707008K)->1706606K(1707008K)
[72.711s][info][gc,metaspace   ] GC(176) Metaspace: 6298K(6464K)->6298K(6464K) NonClass: 5764K(5824K)->5764K(5824K) Class: 533K(640K)->533K(640K)
[72.711s][info][gc             ] GC(176) Pause Full (Ergonomics) 1691M->1691M(1802M) 1725.017ms
[72.711s][info][gc,cpu         ] GC(176) User=1.69s Sys=0.00s Real=1.73s
[72.711s][info][gc,start       ] GC(177) Pause Full (Ergonomics)
[72.711s][info][gc,phases,start] GC(177) Marking Phase
[73.963s][info][gc,phases      ] GC(177) Marking Phase 1251.813ms
[73.963s][info][gc,phases,start] GC(177) Summary Phase
[73.963s][info][gc,phases      ] GC(177) Summary Phase 0.035ms
[73.963s][info][gc,phases,start] GC(177) Adjust Roots
[73.963s][info][gc,phases      ] GC(177) Adjust Roots 0.232ms
[73.963s][info][gc,phases,start] GC(177) Compaction Phase
[74.395s][info][gc,phases      ] GC(177) Compaction Phase 431.927ms
[74.395s][info][gc,phases,start] GC(177) Post Compact
[74.399s][info][gc,phases      ] GC(177) Post Compact 3.053ms
[74.399s][info][gc,heap        ] GC(177) PSYoungGen: 25088K(138240K)->25088K(138240K) Eden: 25088K(25088K)->25088K(25088K) From: 0K(113152K)->0K(113152K)
[74.399s][info][gc,heap        ] GC(177) ParOldGen: 1706611K(1707008K)->1706611K(1707008K)
[74.399s][info][gc,metaspace   ] GC(177) Metaspace: 6298K(6464K)->6298K(6464K) NonClass: 5764K(5824K)->5764K(5824K) Class: 533K(640K)->533K(640K)
[74.399s][info][gc             ] GC(177) Pause Full (Ergonomics) 1691M->1691M(1802M) 1687.565ms
[74.399s][info][gc,cpu         ] GC(177) User=1.67s Sys=0.00s Real=1.69s
[74.399s][info][gc,start       ] GC(178) Pause Full (Ergonomics)
[74.399s][info][gc,phases,start] GC(178) Marking Phase
[75.664s][info][gc,phases      ] GC(178) Marking Phase 1264.904ms
[75.664s][info][gc,phases,start] GC(178) Summary Phase
[75.664s][info][gc,phases      ] GC(178) Summary Phase 0.055ms
[75.664s][info][gc,phases,start] GC(178) Adjust Roots
[75.665s][info][gc,phases      ] GC(178) Adjust Roots 0.271ms
[75.665s][info][gc,phases,start] GC(178) Compaction Phase
[76.100s][info][gc,phases      ] GC(178) Compaction Phase 435.029ms
[76.100s][info][gc,phases,start] GC(178) Post Compact
[76.103s][info][gc,phases      ] GC(178) Post Compact 3.198ms
[76.103s][info][gc,heap        ] GC(178) PSYoungGen: 25088K(138240K)->25088K(138240K) Eden: 25088K(25088K)->25088K(25088K) From: 0K(113152K)->0K(113152K)
[76.103s][info][gc,heap        ] GC(178) ParOldGen: 1706616K(1707008K)->1706616K(1707008K)
[76.103s][info][gc,metaspace   ] GC(178) Metaspace: 6298K(6464K)->6298K(6464K) NonClass: 5764K(5824K)->5764K(5824K) Class: 533K(640K)->533K(640K)
[76.103s][info][gc             ] GC(178) Pause Full (Ergonomics) 1691M->1691M(1802M) 1703.876ms
[76.103s][info][gc,cpu         ] GC(178) User=1.67s Sys=0.00s Real=1.70s
[76.103s][info][gc,start       ] GC(179) Pause Full (Ergonomics)
[76.104s][info][gc,phases,start] GC(179) Marking Phase
[77.361s][info][gc,phases      ] GC(179) Marking Phase 1257.055ms
[77.361s][info][gc,phases,start] GC(179) Summary Phase
[77.361s][info][gc,phases      ] GC(179) Summary Phase 0.034ms
[77.361s][info][gc,phases,start] GC(179) Adjust Roots
[77.361s][info][gc,phases      ] GC(179) Adjust Roots 0.227ms
[77.361s][info][gc,phases,start] GC(179) Compaction Phase
[77.790s][info][gc,phases      ] GC(179) Compaction Phase 429.235ms
[77.790s][info][gc,phases,start] GC(179) Post Compact
[77.794s][info][gc,phases      ] GC(179) Post Compact 3.049ms
[77.794s][info][gc,heap        ] GC(179) PSYoungGen: 25088K(138240K)->25088K(138240K) Eden: 25088K(25088K)->25088K(25088K) From: 0K(113152K)->0K(113152K)
[77.794s][info][gc,heap        ] GC(179) ParOldGen: 1706620K(1707008K)->1706620K(1707008K)
[77.794s][info][gc,metaspace   ] GC(179) Metaspace: 6298K(6464K)->6298K(6464K) NonClass: 5764K(5824K)->5764K(5824K) Class: 533K(640K)->533K(640K)
[77.794s][info][gc             ] GC(179) Pause Full (Ergonomics) 1691M->1691M(1802M) 1690.298ms
[77.794s][info][gc,cpu         ] GC(179) User=1.66s Sys=0.00s Real=1.69s
[77.794s][info][gc,start       ] GC(180) Pause Full (Ergonomics)
[77.794s][info][gc,phases,start] GC(180) Marking Phase
[79.051s][info][gc,phases      ] GC(180) Marking Phase 1256.750ms
[79.051s][info][gc,phases,start] GC(180) Summary Phase
[79.051s][info][gc,phases      ] GC(180) Summary Phase 0.034ms
[79.051s][info][gc,phases,start] GC(180) Adjust Roots
[79.051s][info][gc,phases      ] GC(180) Adjust Roots 0.231ms
[79.051s][info][gc,phases,start] GC(180) Compaction Phase
[79.479s][info][gc,phases      ] GC(180) Compaction Phase 427.689ms
[79.479s][info][gc,phases,start] GC(180) Post Compact
[79.482s][info][gc,phases      ] GC(180) Post Compact 3.011ms
[79.482s][info][gc,heap        ] GC(180) PSYoungGen: 25088K(138240K)->25088K(138240K) Eden: 25088K(25088K)->25088K(25088K) From: 0K(113152K)->0K(113152K)
[79.482s][info][gc,heap        ] GC(180) ParOldGen: 1706625K(1707008K)->1706625K(1707008K)
[79.482s][info][gc,metaspace   ] GC(180) Metaspace: 6298K(6464K)->6298K(6464K) NonClass: 5764K(5824K)->5764K(5824K) Class: 533K(640K)->533K(640K)
[79.482s][info][gc             ] GC(180) Pause Full (Ergonomics) 1691M->1691M(1802M) 1688.144ms
[79.482s][info][gc,cpu         ] GC(180) User=1.66s Sys=0.00s Real=1.69s
[79.483s][info][gc,start       ] GC(181) Pause Full (Ergonomics)
[79.483s][info][gc,phases,start] GC(181) Marking Phase
[80.759s][info][gc,phases      ] GC(181) Marking Phase 1276.548ms
[80.760s][info][gc,phases,start] GC(181) Summary Phase
[80.760s][info][gc,phases      ] GC(181) Summary Phase 0.042ms
[80.760s][info][gc,phases,start] GC(181) Adjust Roots
[80.760s][info][gc,phases      ] GC(181) Adjust Roots 0.210ms
[80.760s][info][gc,phases,start] GC(181) Compaction Phase
[81.190s][info][gc,phases      ] GC(181) Compaction Phase 430.455ms
[81.190s][info][gc,phases,start] GC(181) Post Compact
[81.193s][info][gc,phases      ] GC(181) Post Compact 3.003ms
[81.193s][info][gc,heap        ] GC(181) PSYoungGen: 25088K(138240K)->25088K(138240K) Eden: 25088K(25088K)->25088K(25088K) From: 0K(113152K)->0K(113152K)
[81.194s][info][gc,heap        ] GC(181) ParOldGen: 1706630K(1707008K)->1706630K(1707008K)
[81.194s][info][gc,metaspace   ] GC(181) Metaspace: 6298K(6464K)->6298K(6464K) NonClass: 5764K(5824K)->5764K(5824K) Class: 533K(640K)->533K(640K)
[81.194s][info][gc             ] GC(181) Pause Full (Ergonomics) 1691M->1691M(1802M) 1710.771ms
[81.194s][info][gc,cpu         ] GC(181) User=1.66s Sys=0.02s Real=1.71s
[81.194s][info][gc,start       ] GC(182) Pause Full (Ergonomics)
[81.194s][info][gc,phases,start] GC(182) Marking Phase
[82.448s][info][gc,phases      ] GC(182) Marking Phase 1253.880ms
[82.448s][info][gc,phases,start] GC(182) Summary Phase
[82.448s][info][gc,phases      ] GC(182) Summary Phase 0.040ms
[82.448s][info][gc,phases,start] GC(182) Adjust Roots
[82.448s][info][gc,phases      ] GC(182) Adjust Roots 0.248ms
[82.448s][info][gc,phases,start] GC(182) Compaction Phase
[82.876s][info][gc,phases      ] GC(182) Compaction Phase 427.138ms
[82.876s][info][gc,phases,start] GC(182) Post Compact
[82.879s][info][gc,phases      ] GC(182) Post Compact 3.031ms
[82.879s][info][gc,heap        ] GC(182) PSYoungGen: 25088K(138240K)->25088K(138240K) Eden: 25088K(25088K)->25088K(25088K) From: 0K(113152K)->0K(113152K)
[82.879s][info][gc,heap        ] GC(182) ParOldGen: 1706634K(1707008K)->1706634K(1707008K)
[82.879s][info][gc,metaspace   ] GC(182) Metaspace: 6298K(6464K)->6298K(6464K) NonClass: 5764K(5824K)->5764K(5824K) Class: 533K(640K)->533K(640K)
[82.879s][info][gc             ] GC(182) Pause Full (Ergonomics) 1691M->1691M(1802M) 1684.764ms
[82.879s][info][gc,cpu         ] GC(182) User=1.64s Sys=0.03s Real=1.69s
[82.879s][info][gc,start       ] GC(183) Pause Full (Ergonomics)
[82.879s][info][gc,phases,start] GC(183) Marking Phase
[84.143s][info][gc,phases      ] GC(183) Marking Phase 1263.328ms
[84.143s][info][gc,phases,start] GC(183) Summary Phase
[84.143s][info][gc,phases      ] GC(183) Summary Phase 0.074ms
[84.143s][info][gc,phases,start] GC(183) Adjust Roots
[84.143s][info][gc,phases      ] GC(183) Adjust Roots 0.269ms
[84.143s][info][gc,phases,start] GC(183) Compaction Phase
[84.573s][info][gc,phases      ] GC(183) Compaction Phase 430.359ms
[84.574s][info][gc,phases,start] GC(183) Post Compact
[84.577s][info][gc,phases      ] GC(183) Post Compact 3.092ms
[84.577s][info][gc,heap        ] GC(183) PSYoungGen: 25088K(138240K)->25088K(138240K) Eden: 25088K(25088K)->25088K(25088K) From: 0K(113152K)->0K(113152K)
[84.577s][info][gc,heap        ] GC(183) ParOldGen: 1706639K(1707008K)->1706639K(1707008K)
[84.577s][info][gc,metaspace   ] GC(183) Metaspace: 6298K(6464K)->6298K(6464K) NonClass: 5764K(5824K)->5764K(5824K) Class: 533K(640K)->533K(640K)
[84.577s][info][gc             ] GC(183) Pause Full (Ergonomics) 1691M->1691M(1802M) 1697.573ms
[84.577s][info][gc,cpu         ] GC(183) User=1.62s Sys=0.00s Real=1.70s
[84.577s][info][gc,start       ] GC(184) Pause Full (Ergonomics)
[84.577s][info][gc,phases,start] GC(184) Marking Phase
[85.847s][info][gc,phases      ] GC(184) Marking Phase 1269.929ms
[85.847s][info][gc,phases,start] GC(184) Summary Phase
[85.847s][info][gc,phases      ] GC(184) Summary Phase 0.034ms
[85.847s][info][gc,phases,start] GC(184) Adjust Roots
[85.847s][info][gc,phases      ] GC(184) Adjust Roots 0.261ms
[85.848s][info][gc,phases,start] GC(184) Compaction Phase
[86.278s][info][gc,phases      ] GC(184) Compaction Phase 430.947ms
[86.279s][info][gc,phases,start] GC(184) Post Compact
[86.282s][info][gc,phases      ] GC(184) Post Compact 3.188ms
[86.282s][info][gc,heap        ] GC(184) PSYoungGen: 25088K(138240K)->25088K(138240K) Eden: 25088K(25088K)->25088K(25088K) From: 0K(113152K)->0K(113152K)
[86.282s][info][gc,heap        ] GC(184) ParOldGen: 1706644K(1707008K)->1706644K(1707008K)
[86.282s][info][gc,metaspace   ] GC(184) Metaspace: 6298K(6464K)->6298K(6464K) NonClass: 5764K(5824K)->5764K(5824K) Class: 533K(640K)->533K(640K)
[86.282s][info][gc             ] GC(184) Pause Full (Ergonomics) 1691M->1691M(1802M) 1704.779ms
[86.282s][info][gc,cpu         ] GC(184) User=1.69s Sys=0.00s Real=1.70s
[86.282s][info][gc,start       ] GC(185) Pause Full (Ergonomics)
[86.283s][info][gc,phases,start] GC(185) Marking Phase
[87.546s][info][gc,phases      ] GC(185) Marking Phase 1263.355ms
[87.546s][info][gc,phases,start] GC(185) Summary Phase
[87.546s][info][gc,phases      ] GC(185) Summary Phase 0.076ms
[87.546s][info][gc,phases,start] GC(185) Adjust Roots
[87.546s][info][gc,phases      ] GC(185) Adjust Roots 0.268ms
[87.546s][info][gc,phases,start] GC(185) Compaction Phase
[87.981s][info][gc,phases      ] GC(185) Compaction Phase 434.749ms
[87.981s][info][gc,phases,start] GC(185) Post Compact
[87.984s][info][gc,phases      ] GC(185) Post Compact 3.205ms
[87.985s][info][gc,heap        ] GC(185) PSYoungGen: 25088K(138240K)->25088K(138240K) Eden: 25088K(25088K)->25088K(25088K) From: 0K(113152K)->0K(113152K)
[87.985s][info][gc,heap        ] GC(185) ParOldGen: 1706648K(1707008K)->1706648K(1707008K)
[87.985s][info][gc,metaspace   ] GC(185) Metaspace: 6298K(6464K)->6298K(6464K) NonClass: 5764K(5824K)->5764K(5824K) Class: 533K(640K)->533K(640K)
[87.985s][info][gc             ] GC(185) Pause Full (Ergonomics) 1691M->1691M(1802M) 1702.114ms
[87.985s][info][gc,cpu         ] GC(185) User=1.67s Sys=0.00s Real=1.70s
[87.985s][info][gc,start       ] GC(186) Pause Full (Ergonomics)
[87.985s][info][gc,phases,start] GC(186) Marking Phase
[89.243s][info][gc,phases      ] GC(186) Marking Phase 1257.676ms
[89.243s][info][gc,phases,start] GC(186) Summary Phase
[89.243s][info][gc,phases      ] GC(186) Summary Phase 0.052ms
[89.243s][info][gc,phases,start] GC(186) Adjust Roots
[89.243s][info][gc,phases      ] GC(186) Adjust Roots 0.266ms
[89.243s][info][gc,phases,start] GC(186) Compaction Phase
[89.673s][info][gc,phases      ] GC(186) Compaction Phase 429.708ms
[89.673s][info][gc,phases,start] GC(186) Post Compact
[89.676s][info][gc,phases      ] GC(186) Post Compact 3.104ms
[89.676s][info][gc,heap        ] GC(186) PSYoungGen: 25088K(138240K)->25088K(138240K) Eden: 25088K(25088K)->25088K(25088K) From: 0K(113152K)->0K(113152K)
[89.676s][info][gc,heap        ] GC(186) ParOldGen: 1706653K(1707008K)->1706653K(1707008K)
[89.676s][info][gc,metaspace   ] GC(186) Metaspace: 6298K(6464K)->6298K(6464K) NonClass: 5764K(5824K)->5764K(5824K) Class: 533K(640K)->533K(640K)
[89.676s][info][gc             ] GC(186) Pause Full (Ergonomics) 1691M->1691M(1802M) 1691.271ms
[89.676s][info][gc,cpu         ] GC(186) User=1.64s Sys=0.00s Real=1.69s
[89.677s][info][gc,start       ] GC(187) Pause Full (Ergonomics)
[89.677s][info][gc,phases,start] GC(187) Marking Phase
[90.938s][info][gc,phases      ] GC(187) Marking Phase 1261.751ms
[90.939s][info][gc,phases,start] GC(187) Summary Phase
[90.939s][info][gc,phases      ] GC(187) Summary Phase 0.035ms
[90.939s][info][gc,phases,start] GC(187) Adjust Roots
[90.939s][info][gc,phases      ] GC(187) Adjust Roots 0.323ms
[90.939s][info][gc,phases,start] GC(187) Compaction Phase
[91.383s][info][gc,phases      ] GC(187) Compaction Phase 444.279ms
[91.383s][info][gc,phases,start] GC(187) Post Compact
[91.386s][info][gc,phases      ] GC(187) Post Compact 3.074ms
[91.386s][info][gc,heap        ] GC(187) PSYoungGen: 25088K(138240K)->25088K(138240K) Eden: 25088K(25088K)->25088K(25088K) From: 0K(113152K)->0K(113152K)
[91.386s][info][gc,heap        ] GC(187) ParOldGen: 1706658K(1707008K)->1706658K(1707008K)
[91.387s][info][gc,metaspace   ] GC(187) Metaspace: 6298K(6464K)->6298K(6464K) NonClass: 5764K(5824K)->5764K(5824K) Class: 533K(640K)->533K(640K)
[91.387s][info][gc             ] GC(187) Pause Full (Ergonomics) 1691M->1691M(1802M) 1709.884ms
[91.387s][info][gc,cpu         ] GC(187) User=1.67s Sys=0.00s Real=1.71s
[91.387s][info][gc,start       ] GC(188) Pause Full (Ergonomics)
[91.387s][info][gc,phases,start] GC(188) Marking Phase
[92.661s][info][gc,phases      ] GC(188) Marking Phase 1274.146ms
[92.661s][info][gc,phases,start] GC(188) Summary Phase
[92.661s][info][gc,phases      ] GC(188) Summary Phase 0.029ms
[92.661s][info][gc,phases,start] GC(188) Adjust Roots
[92.662s][info][gc,phases      ] GC(188) Adjust Roots 0.444ms
[92.662s][info][gc,phases,start] GC(188) Compaction Phase
[93.110s][info][gc,phases      ] GC(188) Compaction Phase 448.023ms
[93.110s][info][gc,phases,start] GC(188) Post Compact
[93.113s][info][gc,phases      ] GC(188) Post Compact 3.069ms
[93.113s][info][gc,heap        ] GC(188) PSYoungGen: 25088K(138240K)->25088K(138240K) Eden: 25088K(25088K)->25088K(25088K) From: 0K(113152K)->0K(113152K)
[93.113s][info][gc,heap        ] GC(188) ParOldGen: 1706662K(1707008K)->1706662K(1707008K)
[93.113s][info][gc,metaspace   ] GC(188) Metaspace: 6298K(6464K)->6298K(6464K) NonClass: 5764K(5824K)->5764K(5824K) Class: 533K(640K)->533K(640K)
[93.113s][info][gc             ] GC(188) Pause Full (Ergonomics) 1691M->1691M(1802M) 1726.082ms
[93.113s][info][gc,cpu         ] GC(188) User=1.70s Sys=0.02s Real=1.73s
[93.114s][info][gc,start       ] GC(189) Pause Full (Ergonomics)
[93.114s][info][gc,phases,start] GC(189) Marking Phase
[94.412s][info][gc,phases      ] GC(189) Marking Phase 1298.576ms
[94.412s][info][gc,phases,start] GC(189) Summary Phase
[94.413s][info][gc,phases      ] GC(189) Summary Phase 0.075ms
[94.413s][info][gc,phases,start] GC(189) Adjust Roots
[94.413s][info][gc,phases      ] GC(189) Adjust Roots 0.278ms
[94.413s][info][gc,phases,start] GC(189) Compaction Phase
[94.859s][info][gc,phases      ] GC(189) Compaction Phase 446.039ms
[94.859s][info][gc,phases,start] GC(189) Post Compact
[94.862s][info][gc,phases      ] GC(189) Post Compact 3.003ms
[94.862s][info][gc,heap        ] GC(189) PSYoungGen: 25088K(138240K)->25088K(138240K) Eden: 25088K(25088K)->25088K(25088K) From: 0K(113152K)->0K(113152K)
[94.862s][info][gc,heap        ] GC(189) ParOldGen: 1706667K(1707008K)->1706667K(1707008K)
[94.862s][info][gc,metaspace   ] GC(189) Metaspace: 6298K(6464K)->6298K(6464K) NonClass: 5764K(5824K)->5764K(5824K) Class: 533K(640K)->533K(640K)
[94.862s][info][gc             ] GC(189) Pause Full (Ergonomics) 1691M->1691M(1802M) 1748.421ms
[94.862s][info][gc,cpu         ] GC(189) User=1.73s Sys=0.00s Real=1.75s
[94.863s][info][gc,start       ] GC(190) Pause Full (Ergonomics)
[94.863s][info][gc,phases,start] GC(190) Marking Phase
[96.147s][info][gc,phases      ] GC(190) Marking Phase 1284.523ms
[96.147s][info][gc,phases,start] GC(190) Summary Phase
[96.147s][info][gc,phases      ] GC(190) Summary Phase 0.054ms
[96.147s][info][gc,phases,start] GC(190) Adjust Roots
[96.148s][info][gc,phases      ] GC(190) Adjust Roots 0.294ms
[96.148s][info][gc,phases,start] GC(190) Compaction Phase
[96.595s][info][gc,phases      ] GC(190) Compaction Phase 447.644ms
[96.595s][info][gc,phases,start] GC(190) Post Compact
[96.598s][info][gc,phases      ] GC(190) Post Compact 3.026ms
[96.599s][info][gc,heap        ] GC(190) PSYoungGen: 25088K(138240K)->25088K(138240K) Eden: 25088K(25088K)->25088K(25088K) From: 0K(113152K)->0K(113152K)
[96.599s][info][gc,heap        ] GC(190) ParOldGen: 1706672K(1707008K)->1706672K(1707008K)
[96.599s][info][gc,metaspace   ] GC(190) Metaspace: 6298K(6464K)->6298K(6464K) NonClass: 5764K(5824K)->5764K(5824K) Class: 533K(640K)->533K(640K)
[96.599s][info][gc             ] GC(190) Pause Full (Ergonomics) 1691M->1691M(1802M) 1736.015ms
[96.599s][info][gc,cpu         ] GC(190) User=1.70s Sys=0.00s Real=1.74s
[96.599s][info][gc,start       ] GC(191) Pause Full (Ergonomics)
[96.599s][info][gc,phases,start] GC(191) Marking Phase
[97.870s][info][gc,phases      ] GC(191) Marking Phase 1271.119ms
[97.870s][info][gc,phases,start] GC(191) Summary Phase
[97.870s][info][gc,phases      ] GC(191) Summary Phase 0.029ms
[97.870s][info][gc,phases,start] GC(191) Adjust Roots
[97.871s][info][gc,phases      ] GC(191) Adjust Roots 0.434ms
[97.871s][info][gc,phases,start] GC(191) Compaction Phase
[98.309s][info][gc,phases      ] GC(191) Compaction Phase 438.011ms
[98.309s][info][gc,phases,start] GC(191) Post Compact
[98.312s][info][gc,phases      ] GC(191) Post Compact 3.009ms
[98.312s][info][gc,heap        ] GC(191) PSYoungGen: 25088K(138240K)->25088K(138240K) Eden: 25088K(25088K)->25088K(25088K) From: 0K(113152K)->0K(113152K)
[98.312s][info][gc,heap        ] GC(191) ParOldGen: 1706676K(1707008K)->1706676K(1707008K)
[98.312s][info][gc,metaspace   ] GC(191) Metaspace: 6298K(6464K)->6298K(6464K) NonClass: 5764K(5824K)->5764K(5824K) Class: 533K(640K)->533K(640K)
[98.312s][info][gc             ] GC(191) Pause Full (Ergonomics) 1691M->1691M(1802M) 1712.977ms
[98.312s][info][gc,cpu         ] GC(191) User=1.69s Sys=0.00s Real=1.71s
[98.313s][info][gc,start       ] GC(192) Pause Full (Ergonomics)
[98.313s][info][gc,phases,start] GC(192) Marking Phase
[99.592s][info][gc,phases      ] GC(192) Marking Phase 1278.795ms
[99.592s][info][gc,phases,start] GC(192) Summary Phase
[99.592s][info][gc,phases      ] GC(192) Summary Phase 0.053ms
[99.592s][info][gc,phases,start] GC(192) Adjust Roots
[99.592s][info][gc,phases      ] GC(192) Adjust Roots 0.348ms
[99.592s][info][gc,phases,start] GC(192) Compaction Phase
[100.034s][info][gc,phases      ] GC(192) Compaction Phase 441.530ms
[100.034s][info][gc,phases,start] GC(192) Post Compact
[100.037s][info][gc,phases      ] GC(192) Post Compact 3.162ms
[100.037s][info][gc,heap        ] GC(192) PSYoungGen: 25088K(138240K)->25088K(138240K) Eden: 25088K(25088K)->25088K(25088K) From: 0K(113152K)->0K(113152K)
[100.037s][info][gc,heap        ] GC(192) ParOldGen: 1706681K(1707008K)->1706681K(1707008K)
[100.037s][info][gc,metaspace   ] GC(192) Metaspace: 6298K(6464K)->6298K(6464K) NonClass: 5764K(5824K)->5764K(5824K) Class: 533K(640K)->533K(640K)
[100.037s][info][gc             ] GC(192) Pause Full (Ergonomics) 1691M->1691M(1802M) 1724.330ms
[100.037s][info][gc,cpu         ] GC(192) User=1.70s Sys=0.02s Real=1.72s
[100.037s][info][gc,start       ] GC(193) Pause Full (Ergonomics)
[100.037s][info][gc,phases,start] GC(193) Marking Phase
[101.338s][info][gc,phases      ] GC(193) Marking Phase 1301.058ms
[101.339s][info][gc,phases,start] GC(193) Summary Phase
[101.339s][info][gc,phases      ] GC(193) Summary Phase 0.054ms
[101.339s][info][gc,phases,start] GC(193) Adjust Roots
[101.339s][info][gc,phases      ] GC(193) Adjust Roots 0.296ms
[101.339s][info][gc,phases,start] GC(193) Compaction Phase
[101.790s][info][gc,phases      ] GC(193) Compaction Phase 450.730ms
[101.790s][info][gc,phases,start] GC(193) Post Compact
[101.793s][info][gc,phases      ] GC(193) Post Compact 3.171ms
[101.793s][info][gc,heap        ] GC(193) PSYoungGen: 25088K(138240K)->25088K(138240K) Eden: 25088K(25088K)->25088K(25088K) From: 0K(113152K)->0K(113152K)
[101.793s][info][gc,heap        ] GC(193) ParOldGen: 1706686K(1707008K)->1706686K(1707008K)
[101.793s][info][gc,metaspace   ] GC(193) Metaspace: 6298K(6464K)->6298K(6464K) NonClass: 5764K(5824K)->5764K(5824K) Class: 533K(640K)->533K(640K)
[101.793s][info][gc             ] GC(193) Pause Full (Ergonomics) 1691M->1691M(1802M) 1755.841ms
[101.793s][info][gc,cpu         ] GC(193) User=1.75s Sys=0.00s Real=1.76s
[101.794s][info][gc,start       ] GC(194) Pause Full (Ergonomics)
[101.794s][info][gc,phases,start] GC(194) Marking Phase
[103.068s][info][gc,phases      ] GC(194) Marking Phase 1274.838ms
[103.068s][info][gc,phases,start] GC(194) Summary Phase
[103.069s][info][gc,phases      ] GC(194) Summary Phase 0.035ms
[103.069s][info][gc,phases,start] GC(194) Adjust Roots
[103.069s][info][gc,phases      ] GC(194) Adjust Roots 0.202ms
[103.069s][info][gc,phases,start] GC(194) Compaction Phase
[103.533s][info][gc,phases      ] GC(194) Compaction Phase 464.644ms
[103.533s][info][gc,phases,start] GC(194) Post Compact
[103.537s][info][gc,phases      ] GC(194) Post Compact 3.541ms
[103.537s][info][gc,heap        ] GC(194) PSYoungGen: 25088K(138240K)->25088K(138240K) Eden: 25088K(25088K)->25088K(25088K) From: 0K(113152K)->0K(113152K)
[103.537s][info][gc,heap        ] GC(194) ParOldGen: 1706690K(1707008K)->1706690K(1707008K)
[103.537s][info][gc,metaspace   ] GC(194) Metaspace: 6298K(6464K)->6298K(6464K) NonClass: 5764K(5824K)->5764K(5824K) Class: 533K(640K)->533K(640K)
[103.537s][info][gc             ] GC(194) Pause Full (Ergonomics) 1691M->1691M(1802M) 1743.653ms
[103.537s][info][gc,cpu         ] GC(194) User=1.72s Sys=0.00s Real=1.74s
[103.538s][info][gc,start       ] GC(195) Pause Full (Ergonomics)
[103.538s][info][gc,phases,start] GC(195) Marking Phase
[104.827s][info][gc,phases      ] GC(195) Marking Phase 1289.564ms
[104.827s][info][gc,phases,start] GC(195) Summary Phase
[104.827s][info][gc,phases      ] GC(195) Summary Phase 0.036ms
[104.827s][info][gc,phases,start] GC(195) Adjust Roots
[104.827s][info][gc,phases      ] GC(195) Adjust Roots 0.229ms
[104.827s][info][gc,phases,start] GC(195) Compaction Phase
[105.284s][info][gc,phases      ] GC(195) Compaction Phase 456.135ms
[105.284s][info][gc,phases,start] GC(195) Post Compact
[105.287s][info][gc,phases      ] GC(195) Post Compact 3.491ms
[105.287s][info][gc,heap        ] GC(195) PSYoungGen: 25088K(138240K)->25088K(138240K) Eden: 25088K(25088K)->25088K(25088K) From: 0K(113152K)->0K(113152K)
[105.287s][info][gc,heap        ] GC(195) ParOldGen: 1706695K(1707008K)->1706695K(1707008K)
[105.287s][info][gc,metaspace   ] GC(195) Metaspace: 6298K(6464K)->6298K(6464K) NonClass: 5764K(5824K)->5764K(5824K) Class: 533K(640K)->533K(640K)
[105.287s][info][gc             ] GC(195) Pause Full (Ergonomics) 1691M->1691M(1802M) 1749.814ms
[105.287s][info][gc,cpu         ] GC(195) User=1.70s Sys=0.02s Real=1.75s
[105.288s][info][gc,start       ] GC(196) Pause Full (Ergonomics)
[105.288s][info][gc,phases,start] GC(196) Marking Phase
[106.566s][info][gc,phases      ] GC(196) Marking Phase 1277.954ms
[106.566s][info][gc,phases,start] GC(196) Summary Phase
[106.566s][info][gc,phases      ] GC(196) Summary Phase 0.036ms
[106.566s][info][gc,phases,start] GC(196) Adjust Roots
[106.566s][info][gc,phases      ] GC(196) Adjust Roots 0.219ms
[106.566s][info][gc,phases,start] GC(196) Compaction Phase
[107.005s][info][gc,phases      ] GC(196) Compaction Phase 439.410ms
[107.005s][info][gc,phases,start] GC(196) Post Compact
[107.008s][info][gc,phases      ] GC(196) Post Compact 3.010ms
[107.009s][info][gc,heap        ] GC(196) PSYoungGen: 25088K(138240K)->25088K(138240K) Eden: 25088K(25088K)->25088K(25088K) From: 0K(113152K)->0K(113152K)
[107.009s][info][gc,heap        ] GC(196) ParOldGen: 1706700K(1707008K)->1706700K(1707008K)
[107.009s][info][gc,metaspace   ] GC(196) Metaspace: 6298K(6464K)->6298K(6464K) NonClass: 5764K(5824K)->5764K(5824K) Class: 533K(640K)->533K(640K)
[107.009s][info][gc             ] GC(196) Pause Full (Ergonomics) 1691M->1691M(1802M) 1721.054ms
[107.009s][info][gc,cpu         ] GC(196) User=1.69s Sys=0.00s Real=1.72s
[107.009s][info][gc,start       ] GC(197) Pause Full (Ergonomics)
[107.009s][info][gc,phases,start] GC(197) Marking Phase
[108.285s][info][gc,phases      ] GC(197) Marking Phase 1275.801ms
[108.285s][info][gc,phases,start] GC(197) Summary Phase
[108.285s][info][gc,phases      ] GC(197) Summary Phase 0.056ms
[108.285s][info][gc,phases,start] GC(197) Adjust Roots
[108.285s][info][gc,phases      ] GC(197) Adjust Roots 0.232ms
[108.285s][info][gc,phases,start] GC(197) Compaction Phase
[108.732s][info][gc,phases      ] GC(197) Compaction Phase 446.279ms
[108.732s][info][gc,phases,start] GC(197) Post Compact
[108.735s][info][gc,phases      ] GC(197) Post Compact 3.154ms
[108.735s][info][gc,heap        ] GC(197) PSYoungGen: 25088K(138240K)->25088K(138240K) Eden: 25088K(25088K)->25088K(25088K) From: 0K(113152K)->0K(113152K)
[108.735s][info][gc,heap        ] GC(197) ParOldGen: 1706704K(1707008K)->1706704K(1707008K)
[108.735s][info][gc,metaspace   ] GC(197) Metaspace: 6298K(6464K)->6298K(6464K) NonClass: 5764K(5824K)->5764K(5824K) Class: 533K(640K)->533K(640K)
[108.735s][info][gc             ] GC(197) Pause Full (Ergonomics) 1691M->1691M(1802M) 1725.985ms
[108.735s][info][gc,cpu         ] GC(197) User=1.67s Sys=0.00s Real=1.73s
[108.736s][info][gc,start       ] GC(198) Pause Full (Ergonomics)
[108.736s][info][gc,phases,start] GC(198) Marking Phase
[110.014s][info][gc,phases      ] GC(198) Marking Phase 1277.807ms
[110.014s][info][gc,phases,start] GC(198) Summary Phase
[110.014s][info][gc,phases      ] GC(198) Summary Phase 0.041ms
[110.014s][info][gc,phases,start] GC(198) Adjust Roots
[110.014s][info][gc,phases      ] GC(198) Adjust Roots 0.250ms
[110.014s][info][gc,phases,start] GC(198) Compaction Phase
[110.457s][info][gc,phases      ] GC(198) Compaction Phase 442.930ms
[110.457s][info][gc,phases,start] GC(198) Post Compact
[110.460s][info][gc,phases      ] GC(198) Post Compact 3.022ms
[110.460s][info][gc,heap        ] GC(198) PSYoungGen: 25088K(138240K)->25088K(138240K) Eden: 25088K(25088K)->25088K(25088K) From: 0K(113152K)->0K(113152K)
[110.460s][info][gc,heap        ] GC(198) ParOldGen: 1706709K(1707008K)->1706709K(1707008K)
[110.460s][info][gc,metaspace   ] GC(198) Metaspace: 6298K(6464K)->6298K(6464K) NonClass: 5764K(5824K)->5764K(5824K) Class: 533K(640K)->533K(640K)
[110.460s][info][gc             ] GC(198) Pause Full (Ergonomics) 1691M->1691M(1802M) 1724.534ms
[110.460s][info][gc,cpu         ] GC(198) User=1.69s Sys=0.00s Real=1.72s
[110.461s][info][gc,start       ] GC(199) Pause Full (Ergonomics)
[110.461s][info][gc,phases,start] GC(199) Marking Phase
[111.738s][info][gc,phases      ] GC(199) Marking Phase 1277.663ms
[111.738s][info][gc,phases,start] GC(199) Summary Phase
[111.738s][info][gc,phases      ] GC(199) Summary Phase 0.035ms
[111.738s][info][gc,phases,start] GC(199) Adjust Roots
[111.739s][info][gc,phases      ] GC(199) Adjust Roots 0.251ms
[111.739s][info][gc,phases,start] GC(199) Compaction Phase
[112.180s][info][gc,phases      ] GC(199) Compaction Phase 440.849ms
[112.180s][info][gc,phases,start] GC(199) Post Compact
[112.183s][info][gc,phases      ] GC(199) Post Compact 3.010ms
[112.183s][info][gc,heap        ] GC(199) PSYoungGen: 25088K(138240K)->25088K(138240K) Eden: 25088K(25088K)->25088K(25088K) From: 0K(113152K)->0K(113152K)
[112.183s][info][gc,heap        ] GC(199) ParOldGen: 1706714K(1707008K)->1706714K(1707008K)
[112.183s][info][gc,metaspace   ] GC(199) Metaspace: 6298K(6464K)->6298K(6464K) NonClass: 5764K(5824K)->5764K(5824K) Class: 533K(640K)->533K(640K)
[112.183s][info][gc             ] GC(199) Pause Full (Ergonomics) 1691M->1691M(1802M) 1722.271ms
[112.183s][info][gc,cpu         ] GC(199) User=1.67s Sys=0.00s Real=1.72s
[112.183s][info][gc,start       ] GC(200) Pause Full (Ergonomics)
[112.183s][info][gc,phases,start] GC(200) Marking Phase
[113.457s][info][gc,phases      ] GC(200) Marking Phase 1273.327ms
[113.457s][info][gc,phases,start] GC(200) Summary Phase
[113.457s][info][gc,phases      ] GC(200) Summary Phase 0.035ms
[113.457s][info][gc,phases,start] GC(200) Adjust Roots
[113.457s][info][gc,phases      ] GC(200) Adjust Roots 0.224ms
[113.457s][info][gc,phases,start] GC(200) Compaction Phase
[113.901s][info][gc,phases      ] GC(200) Compaction Phase 444.086ms
[113.901s][info][gc,phases,start] GC(200) Post Compact
[113.904s][info][gc,phases      ] GC(200) Post Compact 3.053ms
[113.904s][info][gc,heap        ] GC(200) PSYoungGen: 25088K(138240K)->25088K(138240K) Eden: 25088K(25088K)->25088K(25088K) From: 0K(113152K)->0K(113152K)
[113.904s][info][gc,heap        ] GC(200) ParOldGen: 1706718K(1707008K)->1706718K(1707008K)
[113.904s][info][gc,metaspace   ] GC(200) Metaspace: 6298K(6464K)->6298K(6464K) NonClass: 5764K(5824K)->5764K(5824K) Class: 533K(640K)->533K(640K)
[113.904s][info][gc             ] GC(200) Pause Full (Ergonomics) 1691M->1691M(1802M) 1721.131ms
[113.905s][info][gc,cpu         ] GC(200) User=1.69s Sys=0.00s Real=1.72s
[113.905s][info][gc,start       ] GC(201) Pause Full (Ergonomics)
[113.905s][info][gc,phases,start] GC(201) Marking Phase
[115.171s][info][gc,phases      ] GC(201) Marking Phase 1265.432ms
[115.171s][info][gc,phases,start] GC(201) Summary Phase
[115.171s][info][gc,phases      ] GC(201) Summary Phase 0.029ms
[115.171s][info][gc,phases,start] GC(201) Adjust Roots
[115.171s][info][gc,phases      ] GC(201) Adjust Roots 0.495ms
[115.171s][info][gc,phases,start] GC(201) Compaction Phase
[115.622s][info][gc,phases      ] GC(201) Compaction Phase 450.293ms
[115.622s][info][gc,phases,start] GC(201) Post Compact
[115.625s][info][gc,phases      ] GC(201) Post Compact 3.732ms
[115.626s][info][gc,heap        ] GC(201) PSYoungGen: 25088K(138240K)->25088K(138240K) Eden: 25088K(25088K)->25088K(25088K) From: 0K(113152K)->0K(113152K)
[115.626s][info][gc,heap        ] GC(201) ParOldGen: 1706723K(1707008K)->1706723K(1707008K)
[115.626s][info][gc,metaspace   ] GC(201) Metaspace: 6298K(6464K)->6298K(6464K) NonClass: 5764K(5824K)->5764K(5824K) Class: 533K(640K)->533K(640K)
[115.626s][info][gc             ] GC(201) Pause Full (Ergonomics) 1691M->1691M(1802M) 1720.423ms
[115.626s][info][gc,cpu         ] GC(201) User=1.70s Sys=0.00s Real=1.72s
[115.626s][info][gc,start       ] GC(202) Pause Full (Ergonomics)
[115.626s][info][gc,phases,start] GC(202) Marking Phase
[116.924s][info][gc,phases      ] GC(202) Marking Phase 1298.308ms
[116.924s][info][gc,phases,start] GC(202) Summary Phase
[116.924s][info][gc,phases      ] GC(202) Summary Phase 0.031ms
[116.924s][info][gc,phases,start] GC(202) Adjust Roots
[116.925s][info][gc,phases      ] GC(202) Adjust Roots 0.297ms
[116.925s][info][gc,phases,start] GC(202) Compaction Phase
[117.367s][info][gc,phases      ] GC(202) Compaction Phase 441.912ms
[117.367s][info][gc,phases,start] GC(202) Post Compact
[117.370s][info][gc,phases      ] GC(202) Post Compact 3.203ms
[117.370s][info][gc,heap        ] GC(202) PSYoungGen: 25088K(138240K)->25088K(138240K) Eden: 25088K(25088K)->25088K(25088K) From: 0K(113152K)->0K(113152K)
[117.370s][info][gc,heap        ] GC(202) ParOldGen: 1706728K(1707008K)->1706728K(1707008K)
[117.370s][info][gc,metaspace   ] GC(202) Metaspace: 6298K(6464K)->6298K(6464K) NonClass: 5764K(5824K)->5764K(5824K) Class: 533K(640K)->533K(640K)
[117.370s][info][gc             ] GC(202) Pause Full (Ergonomics) 1691M->1691M(1802M) 1744.182ms
[117.370s][info][gc,cpu         ] GC(202) User=1.70s Sys=0.00s Real=1.74s
[117.370s][info][gc,start       ] GC(203) Pause Full (Ergonomics)
[117.370s][info][gc,phases,start] GC(203) Marking Phase
[118.647s][info][gc,phases      ] GC(203) Marking Phase 1276.806ms
[118.647s][info][gc,phases,start] GC(203) Summary Phase
[118.647s][info][gc,phases      ] GC(203) Summary Phase 0.054ms
[118.647s][info][gc,phases,start] GC(203) Adjust Roots
[118.648s][info][gc,phases      ] GC(203) Adjust Roots 0.245ms
[118.648s][info][gc,phases,start] GC(203) Compaction Phase
[119.088s][info][gc,phases      ] GC(203) Compaction Phase 440.038ms
[119.088s][info][gc,phases,start] GC(203) Post Compact
[119.091s][info][gc,phases      ] GC(203) Post Compact 3.186ms
[119.091s][info][gc,heap        ] GC(203) PSYoungGen: 25088K(138240K)->25088K(138240K) Eden: 25088K(25088K)->25088K(25088K) From: 0K(113152K)->0K(113152K)
[119.091s][info][gc,heap        ] GC(203) ParOldGen: 1706732K(1707008K)->1706732K(1707008K)
[119.091s][info][gc,metaspace   ] GC(203) Metaspace: 6298K(6464K)->6298K(6464K) NonClass: 5764K(5824K)->5764K(5824K) Class: 533K(640K)->533K(640K)
[119.091s][info][gc             ] GC(203) Pause Full (Ergonomics) 1691M->1691M(1802M) 1720.808ms
[119.091s][info][gc,cpu         ] GC(203) User=1.69s Sys=0.00s Real=1.72s
[119.092s][info][gc,start       ] GC(204) Pause Full (Ergonomics)
[119.092s][info][gc,phases,start] GC(204) Marking Phase
[120.369s][info][gc,phases      ] GC(204) Marking Phase 1277.235ms
[120.369s][info][gc,phases,start] GC(204) Summary Phase
[120.369s][info][gc,phases      ] GC(204) Summary Phase 0.058ms
[120.369s][info][gc,phases,start] GC(204) Adjust Roots
[120.369s][info][gc,phases      ] GC(204) Adjust Roots 0.281ms
[120.369s][info][gc,phases,start] GC(204) Compaction Phase
[120.810s][info][gc,phases      ] GC(204) Compaction Phase 440.526ms
[120.810s][info][gc,phases,start] GC(204) Post Compact
[120.813s][info][gc,phases      ] GC(204) Post Compact 3.285ms
[120.813s][info][gc,heap        ] GC(204) PSYoungGen: 25088K(138240K)->25088K(138240K) Eden: 25088K(25088K)->25088K(25088K) From: 0K(113152K)->0K(113152K)
[120.813s][info][gc,heap        ] GC(204) ParOldGen: 1706737K(1707008K)->1706737K(1707008K)
[120.814s][info][gc,metaspace   ] GC(204) Metaspace: 6298K(6464K)->6298K(6464K) NonClass: 5764K(5824K)->5764K(5824K) Class: 533K(640K)->533K(640K)
[120.814s][info][gc             ] GC(204) Pause Full (Ergonomics) 1691M->1691M(1802M) 1721.869ms
[120.814s][info][gc,cpu         ] GC(204) User=1.69s Sys=0.02s Real=1.72s
[120.814s][info][gc,start       ] GC(205) Pause Full (Ergonomics)
[120.814s][info][gc,phases,start] GC(205) Marking Phase
[122.087s][info][gc,phases      ] GC(205) Marking Phase 1272.873ms
[122.087s][info][gc,phases,start] GC(205) Summary Phase
[122.087s][info][gc,phases      ] GC(205) Summary Phase 0.054ms
[122.087s][info][gc,phases,start] GC(205) Adjust Roots
[122.087s][info][gc,phases      ] GC(205) Adjust Roots 0.279ms
[122.087s][info][gc,phases,start] GC(205) Compaction Phase
[122.528s][info][gc,phases      ] GC(205) Compaction Phase 440.352ms
[122.528s][info][gc,phases,start] GC(205) Post Compact
[122.531s][info][gc,phases      ] GC(205) Post Compact 3.192ms
[122.531s][info][gc,heap        ] GC(205) PSYoungGen: 25088K(138240K)->25088K(138240K) Eden: 25088K(25088K)->25088K(25088K) From: 0K(113152K)->0K(113152K)
[122.531s][info][gc,heap        ] GC(205) ParOldGen: 1706742K(1707008K)->1706742K(1707008K)
[122.531s][info][gc,metaspace   ] GC(205) Metaspace: 6298K(6464K)->6298K(6464K) NonClass: 5764K(5824K)->5764K(5824K) Class: 533K(640K)->533K(640K)
[122.531s][info][gc             ] GC(205) Pause Full (Ergonomics) 1691M->1691M(1802M) 1717.254ms
[122.531s][info][gc,cpu         ] GC(205) User=1.70s Sys=0.00s Real=1.72s
[122.532s][info][gc,start       ] GC(206) Pause Full (Ergonomics)
[122.532s][info][gc,phases,start] GC(206) Marking Phase
[123.813s][info][gc,phases      ] GC(206) Marking Phase 1281.613ms
[123.813s][info][gc,phases,start] GC(206) Summary Phase
[123.813s][info][gc,phases      ] GC(206) Summary Phase 0.029ms
[123.813s][info][gc,phases,start] GC(206) Adjust Roots
[123.814s][info][gc,phases      ] GC(206) Adjust Roots 0.538ms
[123.814s][info][gc,phases,start] GC(206) Compaction Phase
[124.262s][info][gc,phases      ] GC(206) Compaction Phase 447.789ms
[124.262s][info][gc,phases,start] GC(206) Post Compact
[124.265s][info][gc,phases      ] GC(206) Post Compact 3.002ms
[124.265s][info][gc,heap        ] GC(206) PSYoungGen: 25088K(138240K)->25088K(138240K) Eden: 25088K(25088K)->25088K(25088K) From: 0K(113152K)->0K(113152K)
[124.265s][info][gc,heap        ] GC(206) ParOldGen: 1706746K(1707008K)->1706746K(1707008K)
[124.265s][info][gc,metaspace   ] GC(206) Metaspace: 6298K(6464K)->6298K(6464K) NonClass: 5764K(5824K)->5764K(5824K) Class: 533K(640K)->533K(640K)
[124.265s][info][gc             ] GC(206) Pause Full (Ergonomics) 1691M->1691M(1802M) 1733.341ms
[124.265s][info][gc,cpu         ] GC(206) User=1.70s Sys=0.02s Real=1.73s
[124.266s][info][gc,start       ] GC(207) Pause Full (Ergonomics)
[124.266s][info][gc,phases,start] GC(207) Marking Phase
[125.558s][info][gc,phases      ] GC(207) Marking Phase 1292.742ms
[125.558s][info][gc,phases,start] GC(207) Summary Phase
[125.558s][info][gc,phases      ] GC(207) Summary Phase 0.030ms
[125.558s][info][gc,phases,start] GC(207) Adjust Roots
[125.559s][info][gc,phases      ] GC(207) Adjust Roots 0.287ms
[125.559s][info][gc,phases,start] GC(207) Compaction Phase
[126.000s][info][gc,phases      ] GC(207) Compaction Phase 440.942ms
[126.000s][info][gc,phases,start] GC(207) Post Compact
[126.003s][info][gc,phases      ] GC(207) Post Compact 3.202ms
[126.003s][info][gc,heap        ] GC(207) PSYoungGen: 25088K(138240K)->25088K(138240K) Eden: 25088K(25088K)->25088K(25088K) From: 0K(113152K)->0K(113152K)
[126.003s][info][gc,heap        ] GC(207) ParOldGen: 1706751K(1707008K)->1706751K(1707008K)
[126.003s][info][gc,metaspace   ] GC(207) Metaspace: 6298K(6464K)->6298K(6464K) NonClass: 5764K(5824K)->5764K(5824K) Class: 533K(640K)->533K(640K)
[126.003s][info][gc             ] GC(207) Pause Full (Ergonomics) 1691M->1691M(1802M) 1737.613ms
[126.003s][info][gc,cpu         ] GC(207) User=1.73s Sys=0.00s Real=1.74s
[126.003s][info][gc,start       ] GC(208) Pause Full (Ergonomics)
[126.004s][info][gc,phases,start] GC(208) Marking Phase
[127.307s][info][gc,phases      ] GC(208) Marking Phase 1303.373ms
[127.307s][info][gc,phases,start] GC(208) Summary Phase
[127.307s][info][gc,phases      ] GC(208) Summary Phase 0.040ms
[127.307s][info][gc,phases,start] GC(208) Adjust Roots
[127.307s][info][gc,phases      ] GC(208) Adjust Roots 0.264ms
[127.307s][info][gc,phases,start] GC(208) Compaction Phase
[127.746s][info][gc,phases      ] GC(208) Compaction Phase 438.272ms
[127.746s][info][gc,phases,start] GC(208) Post Compact
[127.749s][info][gc,phases      ] GC(208) Post Compact 3.065ms
[127.749s][info][gc,heap        ] GC(208) PSYoungGen: 25088K(138240K)->25088K(138240K) Eden: 25088K(25088K)->25088K(25088K) From: 0K(113152K)->0K(113152K)
[127.749s][info][gc,heap        ] GC(208) ParOldGen: 1706756K(1707008K)->1706756K(1707008K)
[127.749s][info][gc,metaspace   ] GC(208) Metaspace: 6298K(6464K)->6298K(6464K) NonClass: 5764K(5824K)->5764K(5824K) Class: 533K(640K)->533K(640K)
[127.749s][info][gc             ] GC(208) Pause Full (Ergonomics) 1691M->1691M(1802M) 1745.470ms
[127.749s][info][gc,cpu         ] GC(208) User=1.64s Sys=0.02s Real=1.75s
[127.749s][info][gc,start       ] GC(209) Pause Full (Ergonomics)
[127.749s][info][gc,phases,start] GC(209) Marking Phase
[129.022s][info][gc,phases      ] GC(209) Marking Phase 1272.409ms
[129.022s][info][gc,phases,start] GC(209) Summary Phase
[129.022s][info][gc,phases      ] GC(209) Summary Phase 0.063ms
[129.022s][info][gc,phases,start] GC(209) Adjust Roots
[129.022s][info][gc,phases      ] GC(209) Adjust Roots 0.266ms
[129.022s][info][gc,phases,start] GC(209) Compaction Phase
[129.455s][info][gc,phases      ] GC(209) Compaction Phase 432.491ms
[129.455s][info][gc,phases,start] GC(209) Post Compact
[129.458s][info][gc,phases      ] GC(209) Post Compact 3.090ms
[129.458s][info][gc,heap        ] GC(209) PSYoungGen: 25088K(138240K)->25088K(138240K) Eden: 25088K(25088K)->25088K(25088K) From: 0K(113152K)->0K(113152K)
[129.458s][info][gc,heap        ] GC(209) ParOldGen: 1706760K(1707008K)->1706760K(1707008K)
[129.458s][info][gc,metaspace   ] GC(209) Metaspace: 6298K(6464K)->6298K(6464K) NonClass: 5764K(5824K)->5764K(5824K) Class: 533K(640K)->533K(640K)
[129.458s][info][gc             ] GC(209) Pause Full (Ergonomics) 1691M->1691M(1802M) 1708.717ms
[129.458s][info][gc,cpu         ] GC(209) User=1.66s Sys=0.00s Real=1.71s
[129.458s][info][gc,start       ] GC(210) Pause Full (Ergonomics)
[129.458s][info][gc,phases,start] GC(210) Marking Phase
[130.722s][info][gc,phases      ] GC(210) Marking Phase 1263.946ms
[130.722s][info][gc,phases,start] GC(210) Summary Phase
[130.723s][info][gc,phases      ] GC(210) Summary Phase 0.076ms
[130.723s][info][gc,phases,start] GC(210) Adjust Roots
[130.723s][info][gc,phases      ] GC(210) Adjust Roots 0.286ms
[130.723s][info][gc,phases,start] GC(210) Compaction Phase
[131.161s][info][gc,phases      ] GC(210) Compaction Phase 438.365ms
[131.161s][info][gc,phases,start] GC(210) Post Compact
[131.164s][info][gc,phases      ] GC(210) Post Compact 3.008ms
[131.164s][info][gc,heap        ] GC(210) PSYoungGen: 25088K(138240K)->25088K(138240K) Eden: 25088K(25088K)->25088K(25088K) From: 0K(113152K)->0K(113152K)
[131.164s][info][gc,heap        ] GC(210) ParOldGen: 1706765K(1707008K)->1706765K(1707008K)
[131.164s][info][gc,metaspace   ] GC(210) Metaspace: 6298K(6464K)->6298K(6464K) NonClass: 5764K(5824K)->5764K(5824K) Class: 533K(640K)->533K(640K)
[131.165s][info][gc             ] GC(210) Pause Full (Ergonomics) 1691M->1691M(1802M) 1706.112ms
[131.165s][info][gc,cpu         ] GC(210) User=1.66s Sys=0.02s Real=1.71s
[131.165s][info][gc,start       ] GC(211) Pause Full (Ergonomics)
[131.165s][info][gc,phases,start] GC(211) Marking Phase
[132.423s][info][gc,phases      ] GC(211) Marking Phase 1258.384ms
[132.423s][info][gc,phases,start] GC(211) Summary Phase
[132.424s][info][gc,phases      ] GC(211) Summary Phase 0.034ms
[132.424s][info][gc,phases,start] GC(211) Adjust Roots
[132.424s][info][gc,phases      ] GC(211) Adjust Roots 0.240ms
[132.424s][info][gc,phases,start] GC(211) Compaction Phase
[132.855s][info][gc,phases      ] GC(211) Compaction Phase 430.968ms
[132.855s][info][gc,phases,start] GC(211) Post Compact
[132.858s][info][gc,phases      ] GC(211) Post Compact 3.022ms
[132.858s][info][gc,heap        ] GC(211) PSYoungGen: 25088K(138240K)->25088K(138240K) Eden: 25088K(25088K)->25088K(25088K) From: 0K(113152K)->0K(113152K)
[132.858s][info][gc,heap        ] GC(211) ParOldGen: 1706770K(1707008K)->1706770K(1707008K)
[132.858s][info][gc,metaspace   ] GC(211) Metaspace: 6298K(6464K)->6298K(6464K) NonClass: 5764K(5824K)->5764K(5824K) Class: 533K(640K)->533K(640K)
[132.858s][info][gc             ] GC(211) Pause Full (Ergonomics) 1691M->1691M(1802M) 1693.045ms
[132.858s][info][gc,cpu         ] GC(211) User=1.64s Sys=0.00s Real=1.69s
[132.858s][info][gc,start       ] GC(212) Pause Full (Ergonomics)
[132.859s][info][gc,phases,start] GC(212) Marking Phase
[134.111s][info][gc,phases      ] GC(212) Marking Phase 1252.948ms
[134.112s][info][gc,phases,start] GC(212) Summary Phase
[134.112s][info][gc,phases      ] GC(212) Summary Phase 0.053ms
[134.112s][info][gc,phases,start] GC(212) Adjust Roots
[134.112s][info][gc,phases      ] GC(212) Adjust Roots 0.282ms
[134.112s][info][gc,phases,start] GC(212) Compaction Phase
[134.542s][info][gc,phases      ] GC(212) Compaction Phase 429.822ms
[134.542s][info][gc,phases,start] GC(212) Post Compact
[134.545s][info][gc,phases      ] GC(212) Post Compact 3.005ms
[134.545s][info][gc,heap        ] GC(212) PSYoungGen: 25088K(138240K)->25088K(138240K) Eden: 25088K(25088K)->25088K(25088K) From: 0K(113152K)->0K(113152K)
[134.545s][info][gc,heap        ] GC(212) ParOldGen: 1706774K(1707008K)->1706774K(1707008K)
[134.545s][info][gc,metaspace   ] GC(212) Metaspace: 6298K(6464K)->6298K(6464K) NonClass: 5764K(5824K)->5764K(5824K) Class: 533K(640K)->533K(640K)
[134.545s][info][gc             ] GC(212) Pause Full (Ergonomics) 1691M->1691M(1802M) 1686.579ms
[134.545s][info][gc,cpu         ] GC(212) User=1.66s Sys=0.00s Real=1.69s
[134.546s][info][gc,start       ] GC(213) Pause Full (Ergonomics)
[134.546s][info][gc,phases,start] GC(213) Marking Phase
[135.804s][info][gc,phases      ] GC(213) Marking Phase 1258.121ms
[135.804s][info][gc,phases,start] GC(213) Summary Phase
[135.804s][info][gc,phases      ] GC(213) Summary Phase 0.034ms
[135.804s][info][gc,phases,start] GC(213) Adjust Roots
[135.804s][info][gc,phases      ] GC(213) Adjust Roots 0.247ms
[135.804s][info][gc,phases,start] GC(213) Compaction Phase
[136.243s][info][gc,phases      ] GC(213) Compaction Phase 438.582ms
[136.243s][info][gc,phases,start] GC(213) Post Compact
[136.246s][info][gc,phases      ] GC(213) Post Compact 3.165ms
[136.246s][info][gc,heap        ] GC(213) PSYoungGen: 25088K(138240K)->25088K(138240K) Eden: 25088K(25088K)->25088K(25088K) From: 0K(113152K)->0K(113152K)
[136.246s][info][gc,heap        ] GC(213) ParOldGen: 1706779K(1707008K)->1706779K(1707008K)
[136.246s][info][gc,metaspace   ] GC(213) Metaspace: 6298K(6464K)->6298K(6464K) NonClass: 5764K(5824K)->5764K(5824K) Class: 533K(640K)->533K(640K)
[136.246s][info][gc             ] GC(213) Pause Full (Ergonomics) 1691M->1691M(1802M) 1700.565ms
[136.246s][info][gc,cpu         ] GC(213) User=1.67s Sys=0.02s Real=1.70s
[136.247s][info][gc,start       ] GC(214) Pause Full (Ergonomics)
[136.247s][info][gc,phases,start] GC(214) Marking Phase
[137.509s][info][gc,phases      ] GC(214) Marking Phase 1262.017ms
[137.509s][info][gc,phases,start] GC(214) Summary Phase
[137.509s][info][gc,phases      ] GC(214) Summary Phase 0.052ms
[137.509s][info][gc,phases,start] GC(214) Adjust Roots
[137.509s][info][gc,phases      ] GC(214) Adjust Roots 0.282ms
[137.509s][info][gc,phases,start] GC(214) Compaction Phase
[137.941s][info][gc,phases      ] GC(214) Compaction Phase 431.484ms
[137.941s][info][gc,phases,start] GC(214) Post Compact
[137.944s][info][gc,phases      ] GC(214) Post Compact 3.018ms
[137.944s][info][gc,heap        ] GC(214) PSYoungGen: 25088K(138240K)->25088K(138240K) Eden: 25088K(25088K)->25088K(25088K) From: 0K(113152K)->0K(113152K)
[137.944s][info][gc,heap        ] GC(214) ParOldGen: 1706784K(1707008K)->1706784K(1707008K)
[137.944s][info][gc,metaspace   ] GC(214) Metaspace: 6298K(6464K)->6298K(6464K) NonClass: 5764K(5824K)->5764K(5824K) Class: 533K(640K)->533K(640K)
[137.944s][info][gc             ] GC(214) Pause Full (Ergonomics) 1691M->1691M(1802M) 1697.290ms
[137.944s][info][gc,cpu         ] GC(214) User=1.67s Sys=0.00s Real=1.70s
[137.945s][info][gc,start       ] GC(215) Pause Full (Ergonomics)
[137.945s][info][gc,phases,start] GC(215) Marking Phase
[139.200s][info][gc,phases      ] GC(215) Marking Phase 1255.130ms
[139.200s][info][gc,phases,start] GC(215) Summary Phase
[139.200s][info][gc,phases      ] GC(215) Summary Phase 0.034ms
[139.200s][info][gc,phases,start] GC(215) Adjust Roots
[139.200s][info][gc,phases      ] GC(215) Adjust Roots 0.223ms
[139.200s][info][gc,phases,start] GC(215) Compaction Phase
[139.631s][info][gc,phases      ] GC(215) Compaction Phase 430.480ms
[139.631s][info][gc,phases,start] GC(215) Post Compact
[139.634s][info][gc,phases      ] GC(215) Post Compact 3.028ms
[139.634s][info][gc,heap        ] GC(215) PSYoungGen: 25088K(138240K)->25088K(138240K) Eden: 25088K(25088K)->25088K(25088K) From: 0K(113152K)->0K(113152K)
[139.634s][info][gc,heap        ] GC(215) ParOldGen: 1706788K(1707008K)->1706788K(1707008K)
[139.634s][info][gc,metaspace   ] GC(215) Metaspace: 6298K(6464K)->6298K(6464K) NonClass: 5764K(5824K)->5764K(5824K) Class: 533K(640K)->533K(640K)
[139.634s][info][gc             ] GC(215) Pause Full (Ergonomics) 1691M->1691M(1802M) 1689.344ms
[139.634s][info][gc,cpu         ] GC(215) User=1.66s Sys=0.02s Real=1.69s
[139.634s][info][gc,start       ] GC(216) Pause Full (Ergonomics)
[139.634s][info][gc,phases,start] GC(216) Marking Phase
[140.891s][info][gc,phases      ] GC(216) Marking Phase 1256.858ms
[140.891s][info][gc,phases,start] GC(216) Summary Phase
[140.891s][info][gc,phases      ] GC(216) Summary Phase 0.074ms
[140.892s][info][gc,phases,start] GC(216) Adjust Roots
[140.892s][info][gc,phases      ] GC(216) Adjust Roots 0.276ms
[140.892s][info][gc,phases,start] GC(216) Compaction Phase
[141.323s][info][gc,phases      ] GC(216) Compaction Phase 431.110ms
[141.323s][info][gc,phases,start] GC(216) Post Compact
[141.326s][info][gc,phases      ] GC(216) Post Compact 3.192ms
[141.326s][info][gc,heap        ] GC(216) PSYoungGen: 25088K(138240K)->25088K(138240K) Eden: 25088K(25088K)->25088K(25088K) From: 0K(113152K)->0K(113152K)
[141.326s][info][gc,heap        ] GC(216) ParOldGen: 1706793K(1707008K)->1706793K(1707008K)
[141.326s][info][gc,metaspace   ] GC(216) Metaspace: 6298K(6464K)->6298K(6464K) NonClass: 5764K(5824K)->5764K(5824K) Class: 533K(640K)->533K(640K)
[141.326s][info][gc             ] GC(216) Pause Full (Ergonomics) 1691M->1691M(1802M) 1691.972ms
[141.326s][info][gc,cpu         ] GC(216) User=1.64s Sys=0.02s Real=1.69s
[141.327s][info][gc,start       ] GC(217) Pause Full (Ergonomics)
[141.327s][info][gc,phases,start] GC(217) Marking Phase
[142.590s][info][gc,phases      ] GC(217) Marking Phase 1263.579ms
[142.590s][info][gc,phases,start] GC(217) Summary Phase
[142.590s][info][gc,phases      ] GC(217) Summary Phase 0.074ms
[142.591s][info][gc,phases,start] GC(217) Adjust Roots
[142.591s][info][gc,phases      ] GC(217) Adjust Roots 0.313ms
[142.591s][info][gc,phases,start] GC(217) Compaction Phase
[143.028s][info][gc,phases      ] GC(217) Compaction Phase 437.271ms
[143.028s][info][gc,phases,start] GC(217) Post Compact
[143.032s][info][gc,phases      ] GC(217) Post Compact 3.342ms
[143.032s][info][gc,heap        ] GC(217) PSYoungGen: 25088K(138240K)->25088K(138240K) Eden: 25088K(25088K)->25088K(25088K) From: 0K(113152K)->0K(113152K)
[143.032s][info][gc,heap        ] GC(217) ParOldGen: 1706798K(1707008K)->1706798K(1707008K)
[143.032s][info][gc,metaspace   ] GC(217) Metaspace: 6298K(6464K)->6298K(6464K) NonClass: 5764K(5824K)->5764K(5824K) Class: 533K(640K)->533K(640K)
[143.032s][info][gc             ] GC(217) Pause Full (Ergonomics) 1691M->1691M(1802M) 1705.098ms
[143.032s][info][gc,cpu         ] GC(217) User=1.64s Sys=0.03s Real=1.70s
[143.032s][info][gc,start       ] GC(218) Pause Full (Ergonomics)
[143.032s][info][gc,phases,start] GC(218) Marking Phase
[144.299s][info][gc,phases      ] GC(218) Marking Phase 1267.128ms
[144.299s][info][gc,phases,start] GC(218) Summary Phase
[144.299s][info][gc,phases      ] GC(218) Summary Phase 0.074ms
[144.300s][info][gc,phases,start] GC(218) Adjust Roots
[144.300s][info][gc,phases      ] GC(218) Adjust Roots 0.237ms
[144.300s][info][gc,phases,start] GC(218) Compaction Phase
[144.730s][info][gc,phases      ] GC(218) Compaction Phase 430.590ms
[144.731s][info][gc,phases,start] GC(218) Post Compact
[144.734s][info][gc,phases      ] GC(218) Post Compact 3.214ms
[144.734s][info][gc,heap        ] GC(218) PSYoungGen: 25088K(138240K)->25088K(138240K) Eden: 25088K(25088K)->25088K(25088K) From: 0K(113152K)->0K(113152K)
[144.734s][info][gc,heap        ] GC(218) ParOldGen: 1706802K(1707008K)->1706802K(1707008K)
[144.734s][info][gc,metaspace   ] GC(218) Metaspace: 6298K(6464K)->6298K(6464K) NonClass: 5764K(5824K)->5764K(5824K) Class: 533K(640K)->533K(640K)
[144.734s][info][gc             ] GC(218) Pause Full (Ergonomics) 1691M->1691M(1802M) 1701.689ms
[144.734s][info][gc,cpu         ] GC(218) User=1.66s Sys=0.00s Real=1.70s
[144.734s][info][gc,start       ] GC(219) Pause Full (Ergonomics)
[144.734s][info][gc,phases,start] GC(219) Marking Phase
[145.996s][info][gc,phases      ] GC(219) Marking Phase 1261.850ms
[145.996s][info][gc,phases,start] GC(219) Summary Phase
[145.996s][info][gc,phases      ] GC(219) Summary Phase 0.076ms
[145.996s][info][gc,phases,start] GC(219) Adjust Roots
[145.997s][info][gc,phases      ] GC(219) Adjust Roots 0.258ms
[145.997s][info][gc,phases,start] GC(219) Compaction Phase
[146.432s][info][gc,phases      ] GC(219) Compaction Phase 435.145ms
[146.432s][info][gc,phases,start] GC(219) Post Compact
[146.435s][info][gc,phases      ] GC(219) Post Compact 3.013ms
[146.435s][info][gc,heap        ] GC(219) PSYoungGen: 25088K(138240K)->25088K(138240K) Eden: 25088K(25088K)->25088K(25088K) From: 0K(113152K)->0K(113152K)
[146.435s][info][gc,heap        ] GC(219) ParOldGen: 1706807K(1707008K)->1706807K(1707008K)
[146.435s][info][gc,metaspace   ] GC(219) Metaspace: 6298K(6464K)->6298K(6464K) NonClass: 5764K(5824K)->5764K(5824K) Class: 533K(640K)->533K(640K)
[146.435s][info][gc             ] GC(219) Pause Full (Ergonomics) 1691M->1691M(1802M) 1700.768ms
[146.435s][info][gc,cpu         ] GC(219) User=1.69s Sys=0.00s Real=1.70s
[146.436s][info][gc,start       ] GC(220) Pause Full (Ergonomics)
[146.436s][info][gc,phases,start] GC(220) Marking Phase
[147.729s][info][gc,phases      ] GC(220) Marking Phase 1293.790ms
[147.729s][info][gc,phases,start] GC(220) Summary Phase
[147.729s][info][gc,phases      ] GC(220) Summary Phase 0.030ms
[147.730s][info][gc,phases,start] GC(220) Adjust Roots
[147.730s][info][gc,phases      ] GC(220) Adjust Roots 0.508ms
[147.730s][info][gc,phases,start] GC(220) Compaction Phase
[148.169s][info][gc,phases      ] GC(220) Compaction Phase 438.916ms
[148.169s][info][gc,phases,start] GC(220) Post Compact
[148.172s][info][gc,phases      ] GC(220) Post Compact 3.108ms
[148.172s][info][gc,heap        ] GC(220) PSYoungGen: 25088K(138240K)->25088K(138240K) Eden: 25088K(25088K)->25088K(25088K) From: 0K(113152K)->0K(113152K)
[148.172s][info][gc,heap        ] GC(220) ParOldGen: 1706812K(1707008K)->1706812K(1707008K)
[148.172s][info][gc,metaspace   ] GC(220) Metaspace: 6298K(6464K)->6298K(6464K) NonClass: 5764K(5824K)->5764K(5824K) Class: 533K(640K)->533K(640K)
[148.172s][info][gc             ] GC(220) Pause Full (Ergonomics) 1691M->1691M(1802M) 1736.744ms
[148.172s][info][gc,cpu         ] GC(220) User=1.70s Sys=0.00s Real=1.74s
[148.173s][info][gc,start       ] GC(221) Pause Full (Ergonomics)
[148.173s][info][gc,phases,start] GC(221) Marking Phase
[149.440s][info][gc,phases      ] GC(221) Marking Phase 1266.631ms
[149.440s][info][gc,phases,start] GC(221) Summary Phase
[149.440s][info][gc,phases      ] GC(221) Summary Phase 0.034ms
[149.440s][info][gc,phases,start] GC(221) Adjust Roots
[149.440s][info][gc,phases      ] GC(221) Adjust Roots 0.300ms
[149.440s][info][gc,phases,start] GC(221) Compaction Phase
[149.874s][info][gc,phases      ] GC(221) Compaction Phase 433.754ms
[149.874s][info][gc,phases,start] GC(221) Post Compact
[149.877s][info][gc,phases      ] GC(221) Post Compact 3.142ms
[149.877s][info][gc,heap        ] GC(221) PSYoungGen: 25088K(138240K)->25088K(138240K) Eden: 25088K(25088K)->25088K(25088K) From: 0K(113152K)->0K(113152K)
[149.877s][info][gc,heap        ] GC(221) ParOldGen: 1706816K(1707008K)->1706816K(1707008K)
[149.877s][info][gc,metaspace   ] GC(221) Metaspace: 6298K(6464K)->6298K(6464K) NonClass: 5764K(5824K)->5764K(5824K) Class: 533K(640K)->533K(640K)
[149.877s][info][gc             ] GC(221) Pause Full (Ergonomics) 1691M->1691M(1802M) 1704.280ms
[149.877s][info][gc,cpu         ] GC(221) User=1.67s Sys=0.00s Real=1.70s
[149.878s][info][gc,start       ] GC(222) Pause Full (Ergonomics)
[149.878s][info][gc,phases,start] GC(222) Marking Phase
[151.140s][info][gc,phases      ] GC(222) Marking Phase 1262.718ms
[151.141s][info][gc,phases,start] GC(222) Summary Phase
[151.141s][info][gc,phases      ] GC(222) Summary Phase 0.073ms
[151.141s][info][gc,phases,start] GC(222) Adjust Roots
[151.141s][info][gc,phases      ] GC(222) Adjust Roots 0.290ms
[151.141s][info][gc,phases,start] GC(222) Compaction Phase
[151.581s][info][gc,phases      ] GC(222) Compaction Phase 439.567ms
[151.581s][info][gc,phases,start] GC(222) Post Compact
[151.584s][info][gc,phases      ] GC(222) Post Compact 3.381ms
[151.584s][info][gc,heap        ] GC(222) PSYoungGen: 25088K(138240K)->25088K(138240K) Eden: 25088K(25088K)->25088K(25088K) From: 0K(113152K)->0K(113152K)
[151.584s][info][gc,heap        ] GC(222) ParOldGen: 1706821K(1707008K)->1706821K(1707008K)
[151.584s][info][gc,metaspace   ] GC(222) Metaspace: 6298K(6464K)->6298K(6464K) NonClass: 5764K(5824K)->5764K(5824K) Class: 533K(640K)->533K(640K)
[151.584s][info][gc             ] GC(222) Pause Full (Ergonomics) 1691M->1691M(1802M) 1706.487ms
[151.584s][info][gc,cpu         ] GC(222) User=1.64s Sys=0.00s Real=1.71s
[151.585s][info][gc,start       ] GC(223) Pause Full (Ergonomics)
[151.585s][info][gc,phases,start] GC(223) Marking Phase
[152.843s][info][gc,phases      ] GC(223) Marking Phase 1258.290ms
[152.843s][info][gc,phases,start] GC(223) Summary Phase
[152.843s][info][gc,phases      ] GC(223) Summary Phase 0.073ms
[152.843s][info][gc,phases,start] GC(223) Adjust Roots
[152.843s][info][gc,phases      ] GC(223) Adjust Roots 0.278ms
[152.843s][info][gc,phases,start] GC(223) Compaction Phase
[153.275s][info][gc,phases      ] GC(223) Compaction Phase 431.937ms
[153.275s][info][gc,phases,start] GC(223) Post Compact
[153.279s][info][gc,phases      ] GC(223) Post Compact 3.154ms
[153.279s][info][gc,heap        ] GC(223) PSYoungGen: 25088K(138240K)->25088K(138240K) Eden: 25088K(25088K)->25088K(25088K) From: 0K(113152K)->0K(113152K)
[153.279s][info][gc,heap        ] GC(223) ParOldGen: 1706826K(1707008K)->1706826K(1707008K)
[153.279s][info][gc,metaspace   ] GC(223) Metaspace: 6298K(6464K)->6298K(6464K) NonClass: 5764K(5824K)->5764K(5824K) Class: 533K(640K)->533K(640K)
[153.279s][info][gc             ] GC(223) Pause Full (Ergonomics) 1691M->1691M(1802M) 1694.225ms
[153.279s][info][gc,cpu         ] GC(223) User=1.67s Sys=0.00s Real=1.69s
[153.279s][info][gc,start       ] GC(224) Pause Full (Ergonomics)
[153.279s][info][gc,phases,start] GC(224) Marking Phase
[154.536s][info][gc,phases      ] GC(224) Marking Phase 1256.698ms
[154.536s][info][gc,phases,start] GC(224) Summary Phase
[154.536s][info][gc,phases      ] GC(224) Summary Phase 0.035ms
[154.536s][info][gc,phases,start] GC(224) Adjust Roots
[154.536s][info][gc,phases      ] GC(224) Adjust Roots 0.220ms
[154.536s][info][gc,phases,start] GC(224) Compaction Phase
[154.978s][info][gc,phases      ] GC(224) Compaction Phase 442.008ms
[154.978s][info][gc,phases,start] GC(224) Post Compact
[154.981s][info][gc,phases      ] GC(224) Post Compact 3.061ms
[154.982s][info][gc,heap        ] GC(224) PSYoungGen: 25088K(138240K)->25088K(138240K) Eden: 25088K(25088K)->25088K(25088K) From: 0K(113152K)->0K(113152K)
[154.982s][info][gc,heap        ] GC(224) ParOldGen: 1706830K(1707008K)->1706830K(1707008K)
[154.982s][info][gc,metaspace   ] GC(224) Metaspace: 6298K(6464K)->6298K(6464K) NonClass: 5764K(5824K)->5764K(5824K) Class: 533K(640K)->533K(640K)
[154.982s][info][gc             ] GC(224) Pause Full (Ergonomics) 1691M->1691M(1802M) 1702.465ms
[154.982s][info][gc,cpu         ] GC(224) User=1.69s Sys=0.00s Real=1.70s
[154.982s][info][gc,start       ] GC(225) Pause Full (Ergonomics)
[154.982s][info][gc,phases,start] GC(225) Marking Phase
[156.259s][info][gc,phases      ] GC(225) Marking Phase 1276.503ms
[156.259s][info][gc,phases,start] GC(225) Summary Phase
[156.259s][info][gc,phases      ] GC(225) Summary Phase 0.107ms
[156.259s][info][gc,phases,start] GC(225) Adjust Roots
[156.259s][info][gc,phases      ] GC(225) Adjust Roots 0.280ms
[156.259s][info][gc,phases,start] GC(225) Compaction Phase
[156.701s][info][gc,phases      ] GC(225) Compaction Phase 441.914ms
[156.701s][info][gc,phases,start] GC(225) Post Compact
[156.704s][info][gc,phases      ] GC(225) Post Compact 3.009ms
[156.704s][info][gc,heap        ] GC(225) PSYoungGen: 25088K(138240K)->25088K(138240K) Eden: 25088K(25088K)->25088K(25088K) From: 0K(113152K)->0K(113152K)
[156.704s][info][gc,heap        ] GC(225) ParOldGen: 1706835K(1707008K)->1706835K(1707008K)
[156.704s][info][gc,metaspace   ] GC(225) Metaspace: 6298K(6464K)->6298K(6464K) NonClass: 5764K(5824K)->5764K(5824K) Class: 533K(640K)->533K(640K)
[156.704s][info][gc             ] GC(225) Pause Full (Ergonomics) 1691M->1691M(1802M) 1722.286ms
[156.704s][info][gc,cpu         ] GC(225) User=1.67s Sys=0.02s Real=1.72s
[156.705s][info][gc,start       ] GC(226) Pause Full (Ergonomics)
[156.705s][info][gc,phases,start] GC(226) Marking Phase
[157.985s][info][gc,phases      ] GC(226) Marking Phase 1280.519ms
[157.985s][info][gc,phases,start] GC(226) Summary Phase
[157.985s][info][gc,phases      ] GC(226) Summary Phase 0.035ms
[157.985s][info][gc,phases,start] GC(226) Adjust Roots
[157.986s][info][gc,phases      ] GC(226) Adjust Roots 0.252ms
[157.986s][info][gc,phases,start] GC(226) Compaction Phase
[158.428s][info][gc,phases      ] GC(226) Compaction Phase 442.549ms
[158.428s][info][gc,phases,start] GC(226) Post Compact
[158.431s][info][gc,phases      ] GC(226) Post Compact 2.994ms
[158.431s][info][gc,heap        ] GC(226) PSYoungGen: 25088K(138240K)->25088K(138240K) Eden: 25088K(25088K)->25088K(25088K) From: 0K(113152K)->0K(113152K)
[158.431s][info][gc,heap        ] GC(226) ParOldGen: 1706840K(1707008K)->1706840K(1707008K)
[158.431s][info][gc,metaspace   ] GC(226) Metaspace: 6298K(6464K)->6298K(6464K) NonClass: 5764K(5824K)->5764K(5824K) Class: 533K(640K)->533K(640K)
[158.431s][info][gc             ] GC(226) Pause Full (Ergonomics) 1691M->1691M(1802M) 1726.760ms
[158.431s][info][gc,cpu         ] GC(226) User=1.70s Sys=0.00s Real=1.73s
[158.432s][info][gc,start       ] GC(227) Pause Full (Ergonomics)
[158.432s][info][gc,phases,start] GC(227) Marking Phase
[159.713s][info][gc,phases      ] GC(227) Marking Phase 1281.257ms
[159.713s][info][gc,phases,start] GC(227) Summary Phase
[159.713s][info][gc,phases      ] GC(227) Summary Phase 0.040ms
[159.713s][info][gc,phases,start] GC(227) Adjust Roots
[159.714s][info][gc,phases      ] GC(227) Adjust Roots 0.245ms
[159.714s][info][gc,phases,start] GC(227) Compaction Phase
[160.164s][info][gc,phases      ] GC(227) Compaction Phase 450.114ms
[160.164s][info][gc,phases,start] GC(227) Post Compact
[160.167s][info][gc,phases      ] GC(227) Post Compact 3.042ms
[160.167s][info][gc,heap        ] GC(227) PSYoungGen: 25088K(138240K)->25088K(138240K) Eden: 25088K(25088K)->25088K(25088K) From: 0K(113152K)->0K(113152K)
[160.167s][info][gc,heap        ] GC(227) ParOldGen: 1706844K(1707008K)->1706844K(1707008K)
[160.167s][info][gc,metaspace   ] GC(227) Metaspace: 6298K(6464K)->6298K(6464K) NonClass: 5764K(5824K)->5764K(5824K) Class: 533K(640K)->533K(640K)
[160.167s][info][gc             ] GC(227) Pause Full (Ergonomics) 1691M->1691M(1802M) 1735.111ms
[160.167s][info][gc,cpu         ] GC(227) User=1.72s Sys=0.00s Real=1.73s
[160.168s][info][gc,start       ] GC(228) Pause Full (Ergonomics)
[160.168s][info][gc,phases,start] GC(228) Marking Phase
[161.449s][info][gc,phases      ] GC(228) Marking Phase 1281.034ms
[161.449s][info][gc,phases,start] GC(228) Summary Phase
[161.449s][info][gc,phases      ] GC(228) Summary Phase 0.029ms
[161.449s][info][gc,phases,start] GC(228) Adjust Roots
[161.449s][info][gc,phases      ] GC(228) Adjust Roots 0.519ms
[161.449s][info][gc,phases,start] GC(228) Compaction Phase
[161.896s][info][gc,phases      ] GC(228) Compaction Phase 446.577ms
[161.896s][info][gc,phases,start] GC(228) Post Compact
[161.899s][info][gc,phases      ] GC(228) Post Compact 3.029ms
[161.899s][info][gc,heap        ] GC(228) PSYoungGen: 25088K(138240K)->25088K(138240K) Eden: 25088K(25088K)->25088K(25088K) From: 0K(113152K)->0K(113152K)
[161.899s][info][gc,heap        ] GC(228) ParOldGen: 1706849K(1707008K)->1706849K(1707008K)
[161.899s][info][gc,metaspace   ] GC(228) Metaspace: 6298K(6464K)->6298K(6464K) NonClass: 5764K(5824K)->5764K(5824K) Class: 533K(640K)->533K(640K)
[161.899s][info][gc             ] GC(228) Pause Full (Ergonomics) 1691M->1691M(1802M) 1731.559ms
[161.899s][info][gc,cpu         ] GC(228) User=1.67s Sys=0.00s Real=1.73s
[161.900s][info][gc,start       ] GC(229) Pause Full (Ergonomics)
[161.900s][info][gc,phases,start] GC(229) Marking Phase
[163.211s][info][gc,phases      ] GC(229) Marking Phase 1310.971ms
[163.211s][info][gc,phases,start] GC(229) Summary Phase
[163.211s][info][gc,phases      ] GC(229) Summary Phase 0.053ms
[163.211s][info][gc,phases,start] GC(229) Adjust Roots
[163.211s][info][gc,phases      ] GC(229) Adjust Roots 0.293ms
[163.211s][info][gc,phases,start] GC(229) Compaction Phase
[163.652s][info][gc,phases      ] GC(229) Compaction Phase 440.821ms
[163.652s][info][gc,phases,start] GC(229) Post Compact
[163.655s][info][gc,phases      ] GC(229) Post Compact 3.114ms
[163.655s][info][gc,heap        ] GC(229) PSYoungGen: 25088K(138240K)->25088K(138240K) Eden: 25088K(25088K)->25088K(25088K) From: 0K(113152K)->0K(113152K)
[163.655s][info][gc,heap        ] GC(229) ParOldGen: 1706854K(1707008K)->1706854K(1707008K)
[163.655s][info][gc,metaspace   ] GC(229) Metaspace: 6298K(6464K)->6298K(6464K) NonClass: 5764K(5824K)->5764K(5824K) Class: 533K(640K)->533K(640K)
[163.655s][info][gc             ] GC(229) Pause Full (Ergonomics) 1691M->1691M(1802M) 1755.681ms
[163.655s][info][gc,cpu         ] GC(229) User=1.73s Sys=0.00s Real=1.76s
[163.656s][info][gc,start       ] GC(230) Pause Full (Ergonomics)
[163.656s][info][gc,phases,start] GC(230) Marking Phase
[164.935s][info][gc,phases      ] GC(230) Marking Phase 1279.184ms
[164.935s][info][gc,phases,start] GC(230) Summary Phase
[164.935s][info][gc,phases      ] GC(230) Summary Phase 0.035ms
[164.935s][info][gc,phases,start] GC(230) Adjust Roots
[164.935s][info][gc,phases      ] GC(230) Adjust Roots 0.245ms
[164.935s][info][gc,phases,start] GC(230) Compaction Phase
[165.375s][info][gc,phases      ] GC(230) Compaction Phase 439.770ms
[165.375s][info][gc,phases,start] GC(230) Post Compact
[165.378s][info][gc,phases      ] GC(230) Post Compact 3.218ms
[165.378s][info][gc,heap        ] GC(230) PSYoungGen: 25088K(138240K)->25088K(138240K) Eden: 25088K(25088K)->25088K(25088K) From: 0K(113152K)->0K(113152K)
[165.378s][info][gc,heap        ] GC(230) ParOldGen: 1706858K(1707008K)->1706858K(1707008K)
[165.378s][info][gc,metaspace   ] GC(230) Metaspace: 6298K(6464K)->6298K(6464K) NonClass: 5764K(5824K)->5764K(5824K) Class: 533K(640K)->533K(640K)
[165.378s][info][gc             ] GC(230) Pause Full (Ergonomics) 1691M->1691M(1802M) 1722.887ms
[165.379s][info][gc,cpu         ] GC(230) User=1.72s Sys=0.00s Real=1.72s
[165.379s][info][gc,start       ] GC(231) Pause Full (Ergonomics)
[165.379s][info][gc,phases,start] GC(231) Marking Phase
[166.658s][info][gc,phases      ] GC(231) Marking Phase 1279.115ms
[166.658s][info][gc,phases,start] GC(231) Summary Phase
[166.658s][info][gc,phases      ] GC(231) Summary Phase 0.034ms
[166.658s][info][gc,phases,start] GC(231) Adjust Roots
[166.659s][info][gc,phases      ] GC(231) Adjust Roots 0.533ms
[166.659s][info][gc,phases,start] GC(231) Compaction Phase
[167.108s][info][gc,phases      ] GC(231) Compaction Phase 449.085ms
[167.108s][info][gc,phases,start] GC(231) Post Compact
[167.111s][info][gc,phases      ] GC(231) Post Compact 3.116ms
[167.111s][info][gc,heap        ] GC(231) PSYoungGen: 25088K(138240K)->25088K(138240K) Eden: 25088K(25088K)->25088K(25088K) From: 0K(113152K)->0K(113152K)
[167.111s][info][gc,heap        ] GC(231) ParOldGen: 1706863K(1707008K)->1706863K(1707008K)
[167.111s][info][gc,metaspace   ] GC(231) Metaspace: 6298K(6464K)->6298K(6464K) NonClass: 5764K(5824K)->5764K(5824K) Class: 533K(640K)->533K(640K)
[167.111s][info][gc             ] GC(231) Pause Full (Ergonomics) 1691M->1691M(1802M) 1732.306ms
[167.111s][info][gc,cpu         ] GC(231) User=1.70s Sys=0.00s Real=1.73s
[167.112s][info][gc,start       ] GC(232) Pause Full (Ergonomics)
[167.112s][info][gc,phases,start] GC(232) Marking Phase
[168.415s][info][gc,phases      ] GC(232) Marking Phase 1302.832ms
[168.415s][info][gc,phases,start] GC(232) Summary Phase
[168.415s][info][gc,phases      ] GC(232) Summary Phase 0.042ms
[168.415s][info][gc,phases,start] GC(232) Adjust Roots
[168.415s][info][gc,phases      ] GC(232) Adjust Roots 0.259ms
[168.415s][info][gc,phases,start] GC(232) Compaction Phase
[168.855s][info][gc,phases      ] GC(232) Compaction Phase 440.154ms
[168.855s][info][gc,phases,start] GC(232) Post Compact
[168.858s][info][gc,phases      ] GC(232) Post Compact 3.019ms
[168.858s][info][gc,heap        ] GC(232) PSYoungGen: 25088K(138240K)->25088K(138240K) Eden: 25088K(25088K)->25088K(25088K) From: 0K(113152K)->0K(113152K)
[168.858s][info][gc,heap        ] GC(232) ParOldGen: 1706868K(1707008K)->1706868K(1707008K)
[168.858s][info][gc,metaspace   ] GC(232) Metaspace: 6298K(6464K)->6298K(6464K) NonClass: 5764K(5824K)->5764K(5824K) Class: 533K(640K)->533K(640K)
[168.858s][info][gc             ] GC(232) Pause Full (Ergonomics) 1691M->1691M(1802M) 1746.730ms
[168.858s][info][gc,cpu         ] GC(232) User=1.73s Sys=0.00s Real=1.75s
[168.859s][info][gc,start       ] GC(233) Pause Full (Ergonomics)
[168.859s][info][gc,phases,start] GC(233) Marking Phase
[170.136s][info][gc,phases      ] GC(233) Marking Phase 1277.586ms
[170.137s][info][gc,phases,start] GC(233) Summary Phase
[170.137s][info][gc,phases      ] GC(233) Summary Phase 0.054ms
[170.137s][info][gc,phases,start] GC(233) Adjust Roots
[170.137s][info][gc,phases      ] GC(233) Adjust Roots 0.243ms
[170.137s][info][gc,phases,start] GC(233) Compaction Phase
[170.576s][info][gc,phases      ] GC(233) Compaction Phase 439.518ms
[170.577s][info][gc,phases,start] GC(233) Post Compact
[170.580s][info][gc,phases      ] GC(233) Post Compact 3.064ms
[170.580s][info][gc,heap        ] GC(233) PSYoungGen: 25088K(138240K)->25088K(138240K) Eden: 25088K(25088K)->25088K(25088K) From: 0K(113152K)->0K(113152K)
[170.580s][info][gc,heap        ] GC(233) ParOldGen: 1706872K(1707008K)->1706872K(1707008K)
[170.580s][info][gc,metaspace   ] GC(233) Metaspace: 6298K(6464K)->6298K(6464K) NonClass: 5764K(5824K)->5764K(5824K) Class: 533K(640K)->533K(640K)
[170.580s][info][gc             ] GC(233) Pause Full (Ergonomics) 1691M->1691M(1802M) 1720.935ms
[170.580s][info][gc,cpu         ] GC(233) User=1.70s Sys=0.00s Real=1.72s
[170.580s][info][gc,start       ] GC(234) Pause Full (Ergonomics)
[170.580s][info][gc,phases,start] GC(234) Marking Phase
[171.860s][info][gc,phases      ] GC(234) Marking Phase 1280.320ms
[171.861s][info][gc,phases,start] GC(234) Summary Phase
[171.861s][info][gc,phases      ] GC(234) Summary Phase 0.058ms
[171.861s][info][gc,phases,start] GC(234) Adjust Roots
[171.861s][info][gc,phases      ] GC(234) Adjust Roots 0.331ms
[171.861s][info][gc,phases,start] GC(234) Compaction Phase
[172.301s][info][gc,phases      ] GC(234) Compaction Phase 440.257ms
[172.301s][info][gc,phases,start] GC(234) Post Compact
[172.305s][info][gc,phases      ] GC(234) Post Compact 3.147ms
[172.305s][info][gc,heap        ] GC(234) PSYoungGen: 25088K(138240K)->25088K(138240K) Eden: 25088K(25088K)->25088K(25088K) From: 0K(113152K)->0K(113152K)
[172.305s][info][gc,heap        ] GC(234) ParOldGen: 1706877K(1707008K)->1706877K(1707008K)
[172.305s][info][gc,metaspace   ] GC(234) Metaspace: 6298K(6464K)->6298K(6464K) NonClass: 5764K(5824K)->5764K(5824K) Class: 533K(640K)->533K(640K)
[172.305s][info][gc             ] GC(234) Pause Full (Ergonomics) 1691M->1691M(1802M) 1724.600ms
[172.305s][info][gc,cpu         ] GC(234) User=1.69s Sys=0.02s Real=1.72s
[172.305s][info][gc,start       ] GC(235) Pause Full (Ergonomics)
[172.305s][info][gc,phases,start] GC(235) Marking Phase
[173.573s][info][gc,phases      ] GC(235) Marking Phase 1268.034ms
[173.573s][info][gc,phases,start] GC(235) Summary Phase
[173.573s][info][gc,phases      ] GC(235) Summary Phase 0.053ms
[173.573s][info][gc,phases,start] GC(235) Adjust Roots
[173.574s][info][gc,phases      ] GC(235) Adjust Roots 0.304ms
[173.574s][info][gc,phases,start] GC(235) Compaction Phase
[174.002s][info][gc,phases      ] GC(235) Compaction Phase 428.571ms
[174.002s][info][gc,phases,start] GC(235) Post Compact
[174.005s][info][gc,phases      ] GC(235) Post Compact 3.149ms
[174.006s][info][gc,heap        ] GC(235) PSYoungGen: 25088K(138240K)->25088K(138240K) Eden: 25088K(25088K)->25088K(25088K) From: 0K(113152K)->0K(113152K)
[174.006s][info][gc,heap        ] GC(235) ParOldGen: 1706882K(1707008K)->1706882K(1707008K)
[174.006s][info][gc,metaspace   ] GC(235) Metaspace: 6298K(6464K)->6298K(6464K) NonClass: 5764K(5824K)->5764K(5824K) Class: 533K(640K)->533K(640K)
[174.006s][info][gc             ] GC(235) Pause Full (Ergonomics) 1691M->1691M(1802M) 1700.562ms
[174.006s][info][gc,cpu         ] GC(235) User=1.69s Sys=0.00s Real=1.70s
[174.006s][info][gc,start       ] GC(236) Pause Full (Ergonomics)
[174.006s][info][gc,phases,start] GC(236) Marking Phase
[175.262s][info][gc,phases      ] GC(236) Marking Phase 1256.003ms
[175.262s][info][gc,phases,start] GC(236) Summary Phase
[175.262s][info][gc,phases      ] GC(236) Summary Phase 0.073ms
[175.262s][info][gc,phases,start] GC(236) Adjust Roots
[175.262s][info][gc,phases      ] GC(236) Adjust Roots 0.251ms
[175.263s][info][gc,phases,start] GC(236) Compaction Phase
[175.692s][info][gc,phases      ] GC(236) Compaction Phase 429.877ms
[175.692s][info][gc,phases,start] GC(236) Post Compact
[175.696s][info][gc,phases      ] GC(236) Post Compact 3.218ms
[175.696s][info][gc,heap        ] GC(236) PSYoungGen: 25088K(138240K)->25088K(138240K) Eden: 25088K(25088K)->25088K(25088K) From: 0K(113152K)->0K(113152K)
[175.696s][info][gc,heap        ] GC(236) ParOldGen: 1706886K(1707008K)->1706886K(1707008K)
[175.696s][info][gc,metaspace   ] GC(236) Metaspace: 6298K(6464K)->6298K(6464K) NonClass: 5764K(5824K)->5764K(5824K) Class: 533K(640K)->533K(640K)
[175.696s][info][gc             ] GC(236) Pause Full (Ergonomics) 1691M->1691M(1802M) 1689.891ms
[175.696s][info][gc,cpu         ] GC(236) User=1.66s Sys=0.02s Real=1.69s
[175.697s][info][gc,start       ] GC(237) Pause Full (Ergonomics)
[175.697s][info][gc,phases,start] GC(237) Marking Phase
[176.949s][info][gc,phases      ] GC(237) Marking Phase 1252.794ms
[176.949s][info][gc,phases,start] GC(237) Summary Phase
[176.949s][info][gc,phases      ] GC(237) Summary Phase 0.034ms
[176.949s][info][gc,phases,start] GC(237) Adjust Roots
[176.950s][info][gc,phases      ] GC(237) Adjust Roots 0.254ms
[176.950s][info][gc,phases,start] GC(237) Compaction Phase
[177.380s][info][gc,phases      ] GC(237) Compaction Phase 429.786ms
[177.380s][info][gc,phases,start] GC(237) Post Compact
[177.383s][info][gc,phases      ] GC(237) Post Compact 3.103ms
[177.383s][info][gc,heap        ] GC(237) PSYoungGen: 25088K(138240K)->25088K(138240K) Eden: 25088K(25088K)->25088K(25088K) From: 0K(113152K)->0K(113152K)
[177.383s][info][gc,heap        ] GC(237) ParOldGen: 1706891K(1707008K)->1706891K(1707008K)
[177.383s][info][gc,metaspace   ] GC(237) Metaspace: 6298K(6464K)->6298K(6464K) NonClass: 5764K(5824K)->5764K(5824K) Class: 533K(640K)->533K(640K)
[177.383s][info][gc             ] GC(237) Pause Full (Ergonomics) 1691M->1691M(1802M) 1686.382ms
[177.383s][info][gc,cpu         ] GC(237) User=1.67s Sys=0.00s Real=1.69s
[177.383s][info][gc,start       ] GC(238) Pause Full (Ergonomics)
[177.383s][info][gc,phases,start] GC(238) Marking Phase
[178.637s][info][gc,phases      ] GC(238) Marking Phase 1253.130ms
[178.637s][info][gc,phases,start] GC(238) Summary Phase
[178.637s][info][gc,phases      ] GC(238) Summary Phase 0.053ms
[178.637s][info][gc,phases,start] GC(238) Adjust Roots
[178.637s][info][gc,phases      ] GC(238) Adjust Roots 0.287ms
[178.637s][info][gc,phases,start] GC(238) Compaction Phase
[179.067s][info][gc,phases      ] GC(238) Compaction Phase 429.501ms
[179.067s][info][gc,phases,start] GC(238) Post Compact
[179.070s][info][gc,phases      ] GC(238) Post Compact 3.666ms
[179.070s][info][gc,heap        ] GC(238) PSYoungGen: 25088K(138240K)->25088K(138240K) Eden: 25088K(25088K)->25088K(25088K) From: 0K(113152K)->0K(113152K)
[179.070s][info][gc,heap        ] GC(238) ParOldGen: 1706896K(1707008K)->1706896K(1707008K)
[179.070s][info][gc,metaspace   ] GC(238) Metaspace: 6298K(6464K)->6298K(6464K) NonClass: 5764K(5824K)->5764K(5824K) Class: 533K(640K)->533K(640K)
[179.070s][info][gc             ] GC(238) Pause Full (Ergonomics) 1691M->1691M(1802M) 1687.093ms
[179.070s][info][gc,cpu         ] GC(238) User=1.66s Sys=0.00s Real=1.69s
[179.071s][info][gc,start       ] GC(239) Pause Full (Ergonomics)
[179.071s][info][gc,phases,start] GC(239) Marking Phase
[180.329s][info][gc,phases      ] GC(239) Marking Phase 1257.883ms
[180.329s][info][gc,phases,start] GC(239) Summary Phase
[180.329s][info][gc,phases      ] GC(239) Summary Phase 0.053ms
[180.329s][info][gc,phases,start] GC(239) Adjust Roots
[180.329s][info][gc,phases      ] GC(239) Adjust Roots 0.250ms
[180.329s][info][gc,phases,start] GC(239) Compaction Phase
[180.759s][info][gc,phases      ] GC(239) Compaction Phase 430.009ms
[180.759s][info][gc,phases,start] GC(239) Post Compact
[180.762s][info][gc,phases      ] GC(239) Post Compact 3.070ms
[180.763s][info][gc,heap        ] GC(239) PSYoungGen: 25088K(138240K)->25088K(138240K) Eden: 25088K(25088K)->25088K(25088K) From: 0K(113152K)->0K(113152K)
[180.763s][info][gc,heap        ] GC(239) ParOldGen: 1706900K(1707008K)->1706900K(1707008K)
[180.763s][info][gc,metaspace   ] GC(239) Metaspace: 6298K(6464K)->6298K(6464K) NonClass: 5764K(5824K)->5764K(5824K) Class: 533K(640K)->533K(640K)
[180.763s][info][gc             ] GC(239) Pause Full (Ergonomics) 1691M->1691M(1802M) 1691.794ms
[180.763s][info][gc,cpu         ] GC(239) User=1.62s Sys=0.03s Real=1.69s
[180.763s][info][gc,start       ] GC(240) Pause Full (Ergonomics)
[180.763s][info][gc,phases,start] GC(240) Marking Phase
[182.024s][info][gc,phases      ] GC(240) Marking Phase 1260.908ms
[182.024s][info][gc,phases,start] GC(240) Summary Phase
[182.024s][info][gc,phases      ] GC(240) Summary Phase 0.034ms
[182.024s][info][gc,phases,start] GC(240) Adjust Roots
[182.024s][info][gc,phases      ] GC(240) Adjust Roots 0.254ms
[182.024s][info][gc,phases,start] GC(240) Compaction Phase
[182.458s][info][gc,phases      ] GC(240) Compaction Phase 433.757ms
[182.458s][info][gc,phases,start] GC(240) Post Compact
[182.461s][info][gc,phases      ] GC(240) Post Compact 3.095ms
[182.461s][info][gc,heap        ] GC(240) PSYoungGen: 25088K(138240K)->25088K(138240K) Eden: 25088K(25088K)->25088K(25088K) From: 0K(113152K)->0K(113152K)
[182.461s][info][gc,heap        ] GC(240) ParOldGen: 1706905K(1707008K)->1706905K(1707008K)
[182.461s][info][gc,metaspace   ] GC(240) Metaspace: 6298K(6464K)->6298K(6464K) NonClass: 5764K(5824K)->5764K(5824K) Class: 533K(640K)->533K(640K)
[182.461s][info][gc             ] GC(240) Pause Full (Ergonomics) 1691M->1691M(1802M) 1698.459ms
[182.461s][info][gc,cpu         ] GC(240) User=1.67s Sys=0.00s Real=1.70s
[182.462s][info][gc,start       ] GC(241) Pause Full (Ergonomics)
[182.462s][info][gc,phases,start] GC(241) Marking Phase
[183.724s][info][gc,phases      ] GC(241) Marking Phase 1262.317ms
[183.724s][info][gc,phases,start] GC(241) Summary Phase
[183.724s][info][gc,phases      ] GC(241) Summary Phase 0.073ms
[183.724s][info][gc,phases,start] GC(241) Adjust Roots
[183.725s][info][gc,phases      ] GC(241) Adjust Roots 0.373ms
[183.725s][info][gc,phases,start] GC(241) Compaction Phase
[184.154s][info][gc,phases      ] GC(241) Compaction Phase 428.929ms
[184.154s][info][gc,phases,start] GC(241) Post Compact
[184.157s][info][gc,phases      ] GC(241) Post Compact 3.264ms
[184.157s][info][gc,heap        ] GC(241) PSYoungGen: 25088K(138240K)->25088K(138240K) Eden: 25088K(25088K)->25088K(25088K) From: 0K(113152K)->0K(113152K)
[184.157s][info][gc,heap        ] GC(241) ParOldGen: 1706910K(1707008K)->1706910K(1707008K)
[184.157s][info][gc,metaspace   ] GC(241) Metaspace: 6298K(6464K)->6298K(6464K) NonClass: 5764K(5824K)->5764K(5824K) Class: 533K(640K)->533K(640K)
[184.157s][info][gc             ] GC(241) Pause Full (Ergonomics) 1691M->1691M(1802M) 1695.478ms
[184.157s][info][gc,cpu         ] GC(241) User=1.66s Sys=0.02s Real=1.70s
[184.158s][info][gc,start       ] GC(242) Pause Full (Ergonomics)
[184.158s][info][gc,phases,start] GC(242) Marking Phase
[185.422s][info][gc,phases      ] GC(242) Marking Phase 1264.159ms
[185.422s][info][gc,phases,start] GC(242) Summary Phase
[185.422s][info][gc,phases      ] GC(242) Summary Phase 0.052ms
[185.422s][info][gc,phases,start] GC(242) Adjust Roots
[185.422s][info][gc,phases      ] GC(242) Adjust Roots 0.267ms
[185.422s][info][gc,phases,start] GC(242) Compaction Phase
[185.858s][info][gc,phases      ] GC(242) Compaction Phase 435.512ms
[185.858s][info][gc,phases,start] GC(242) Post Compact
[185.861s][info][gc,phases      ] GC(242) Post Compact 3.053ms
[185.861s][info][gc,heap        ] GC(242) PSYoungGen: 25088K(138240K)->25088K(138240K) Eden: 25088K(25088K)->25088K(25088K) From: 0K(113152K)->0K(113152K)
[185.861s][info][gc,heap        ] GC(242) ParOldGen: 1706914K(1707008K)->1706914K(1707008K)
[185.861s][info][gc,metaspace   ] GC(242) Metaspace: 6298K(6464K)->6298K(6464K) NonClass: 5764K(5824K)->5764K(5824K) Class: 533K(640K)->533K(640K)
[185.861s][info][gc             ] GC(242) Pause Full (Ergonomics) 1691M->1691M(1802M) 1703.515ms
[185.861s][info][gc,cpu         ] GC(242) User=1.69s Sys=0.00s Real=1.70s
[185.862s][info][gc,start       ] GC(243) Pause Full (Ergonomics)
[185.862s][info][gc,phases,start] GC(243) Marking Phase
[187.118s][info][gc,phases      ] GC(243) Marking Phase 1256.758ms
[187.118s][info][gc,phases,start] GC(243) Summary Phase
[187.119s][info][gc,phases      ] GC(243) Summary Phase 0.073ms
[187.119s][info][gc,phases,start] GC(243) Adjust Roots
[187.119s][info][gc,phases      ] GC(243) Adjust Roots 0.285ms
[187.119s][info][gc,phases,start] GC(243) Compaction Phase
[187.552s][info][gc,phases      ] GC(243) Compaction Phase 433.310ms
[187.552s][info][gc,phases,start] GC(243) Post Compact
[187.556s][info][gc,phases      ] GC(243) Post Compact 3.251ms
[187.556s][info][gc,heap        ] GC(243) PSYoungGen: 25088K(138240K)->25088K(138240K) Eden: 25088K(25088K)->25088K(25088K) From: 0K(113152K)->0K(113152K)
[187.556s][info][gc,heap        ] GC(243) ParOldGen: 1706919K(1707008K)->1706919K(1707008K)
[187.556s][info][gc,metaspace   ] GC(243) Metaspace: 6298K(6464K)->6298K(6464K) NonClass: 5764K(5824K)->5764K(5824K) Class: 533K(640K)->533K(640K)
[187.556s][info][gc             ] GC(243) Pause Full (Ergonomics) 1691M->1691M(1802M) 1694.131ms
[187.556s][info][gc,cpu         ] GC(243) User=1.66s Sys=0.02s Real=1.69s
[187.556s][info][gc,start       ] GC(244) Pause Full (Ergonomics)
[187.556s][info][gc,phases,start] GC(244) Marking Phase
[188.836s][info][gc,phases      ] GC(244) Marking Phase 1280.003ms
[188.836s][info][gc,phases,start] GC(244) Summary Phase
[188.836s][info][gc,phases      ] GC(244) Summary Phase 0.070ms
[188.836s][info][gc,phases,start] GC(244) Adjust Roots
[188.837s][info][gc,phases      ] GC(244) Adjust Roots 0.343ms
[188.837s][info][gc,phases,start] GC(244) Compaction Phase
[189.278s][info][gc,phases      ] GC(244) Compaction Phase 441.164ms
[189.278s][info][gc,phases,start] GC(244) Post Compact
[189.281s][info][gc,phases      ] GC(244) Post Compact 3.008ms
[189.281s][info][gc,heap        ] GC(244) PSYoungGen: 25088K(138240K)->25088K(138240K) Eden: 25088K(25088K)->25088K(25088K) From: 0K(113152K)->0K(113152K)
[189.281s][info][gc,heap        ] GC(244) ParOldGen: 1706924K(1707008K)->1706924K(1707008K)
[189.281s][info][gc,metaspace   ] GC(244) Metaspace: 6298K(6464K)->6298K(6464K) NonClass: 5764K(5824K)->5764K(5824K) Class: 533K(640K)->533K(640K)
[189.281s][info][gc             ] GC(244) Pause Full (Ergonomics) 1691M->1691M(1802M) 1724.990ms
[189.281s][info][gc,cpu         ] GC(244) User=1.70s Sys=0.00s Real=1.73s
[189.281s][info][gc,start       ] GC(245) Pause Full (Ergonomics)
[189.282s][info][gc,phases,start] GC(245) Marking Phase
[190.556s][info][gc,phases      ] GC(245) Marking Phase 1274.305ms
[190.556s][info][gc,phases,start] GC(245) Summary Phase
[190.556s][info][gc,phases      ] GC(245) Summary Phase 0.055ms
[190.556s][info][gc,phases,start] GC(245) Adjust Roots
[190.556s][info][gc,phases      ] GC(245) Adjust Roots 0.241ms
[190.556s][info][gc,phases,start] GC(245) Compaction Phase
[190.997s][info][gc,phases      ] GC(245) Compaction Phase 440.366ms
[190.997s][info][gc,phases,start] GC(245) Post Compact
[191.000s][info][gc,phases      ] GC(245) Post Compact 3.043ms
[191.000s][info][gc,heap        ] GC(245) PSYoungGen: 25088K(138240K)->25088K(138240K) Eden: 25088K(25088K)->25088K(25088K) From: 0K(113152K)->0K(113152K)
[191.000s][info][gc,heap        ] GC(245) ParOldGen: 1706928K(1707008K)->1706928K(1707008K)
[191.000s][info][gc,metaspace   ] GC(245) Metaspace: 6298K(6464K)->6298K(6464K) NonClass: 5764K(5824K)->5764K(5824K) Class: 533K(640K)->533K(640K)
[191.000s][info][gc             ] GC(245) Pause Full (Ergonomics) 1691M->1691M(1802M) 1718.467ms
[191.000s][info][gc,cpu         ] GC(245) User=1.70s Sys=0.00s Real=1.72s
[191.000s][info][gc,start       ] GC(246) Pause Full (Ergonomics)
[191.000s][info][gc,phases,start] GC(246) Marking Phase
[192.282s][info][gc,phases      ] GC(246) Marking Phase 1281.737ms
[192.282s][info][gc,phases,start] GC(246) Summary Phase
[192.282s][info][gc,phases      ] GC(246) Summary Phase 0.030ms
[192.282s][info][gc,phases,start] GC(246) Adjust Roots
[192.283s][info][gc,phases      ] GC(246) Adjust Roots 0.509ms
[192.283s][info][gc,phases,start] GC(246) Compaction Phase
[192.735s][info][gc,phases      ] GC(246) Compaction Phase 451.790ms
[192.735s][info][gc,phases,start] GC(246) Post Compact
[192.738s][info][gc,phases      ] GC(246) Post Compact 3.140ms
[192.738s][info][gc,heap        ] GC(246) PSYoungGen: 25088K(138240K)->25088K(138240K) Eden: 25088K(25088K)->25088K(25088K) From: 0K(113152K)->0K(113152K)
[192.738s][info][gc,heap        ] GC(246) ParOldGen: 1706933K(1707008K)->1706933K(1707008K)
[192.738s][info][gc,metaspace   ] GC(246) Metaspace: 6298K(6464K)->6298K(6464K) NonClass: 5764K(5824K)->5764K(5824K) Class: 533K(640K)->533K(640K)
[192.738s][info][gc             ] GC(246) Pause Full (Ergonomics) 1691M->1691M(1802M) 1737.669ms
[192.738s][info][gc,cpu         ] GC(246) User=1.69s Sys=0.00s Real=1.74s
[192.738s][info][gc,start       ] GC(247) Pause Full (Ergonomics)
[192.738s][info][gc,phases,start] GC(247) Marking Phase
[194.045s][info][gc,phases      ] GC(247) Marking Phase 1306.555ms
[194.045s][info][gc,phases,start] GC(247) Summary Phase
[194.045s][info][gc,phases      ] GC(247) Summary Phase 0.074ms
[194.045s][info][gc,phases,start] GC(247) Adjust Roots
[194.045s][info][gc,phases      ] GC(247) Adjust Roots 0.277ms
[194.045s][info][gc,phases,start] GC(247) Compaction Phase
[194.499s][info][gc,phases      ] GC(247) Compaction Phase 453.709ms
[194.499s][info][gc,phases,start] GC(247) Post Compact
[194.502s][info][gc,phases      ] GC(247) Post Compact 3.152ms
[194.502s][info][gc,heap        ] GC(247) PSYoungGen: 25088K(138240K)->25088K(138240K) Eden: 25088K(25088K)->25088K(25088K) From: 0K(113152K)->0K(113152K)
[194.502s][info][gc,heap        ] GC(247) ParOldGen: 1706938K(1707008K)->1706938K(1707008K)
[194.502s][info][gc,metaspace   ] GC(247) Metaspace: 6298K(6464K)->6298K(6464K) NonClass: 5764K(5824K)->5764K(5824K) Class: 533K(640K)->533K(640K)
[194.503s][info][gc             ] GC(247) Pause Full (Ergonomics) 1691M->1691M(1802M) 1764.203ms
[194.503s][info][gc,cpu         ] GC(247) User=1.75s Sys=0.02s Real=1.76s
[194.503s][info][gc,start       ] GC(248) Pause Full (Ergonomics)
[194.503s][info][gc,phases,start] GC(248) Marking Phase
[195.779s][info][gc,phases      ] GC(248) Marking Phase 1276.351ms
[195.779s][info][gc,phases,start] GC(248) Summary Phase
[195.779s][info][gc,phases      ] GC(248) Summary Phase 0.041ms
[195.779s][info][gc,phases,start] GC(248) Adjust Roots
[195.780s][info][gc,phases      ] GC(248) Adjust Roots 0.225ms
[195.780s][info][gc,phases,start] GC(248) Compaction Phase
[196.220s][info][gc,phases      ] GC(248) Compaction Phase 439.952ms
[196.220s][info][gc,phases,start] GC(248) Post Compact
[196.223s][info][gc,phases      ] GC(248) Post Compact 3.147ms
[196.223s][info][gc,heap        ] GC(248) PSYoungGen: 25088K(138240K)->25088K(138240K) Eden: 25088K(25088K)->25088K(25088K) From: 0K(113152K)->0K(113152K)
[196.223s][info][gc,heap        ] GC(248) ParOldGen: 1706942K(1707008K)->1706942K(1707008K)
[196.223s][info][gc,metaspace   ] GC(248) Metaspace: 6298K(6464K)->6298K(6464K) NonClass: 5764K(5824K)->5764K(5824K) Class: 533K(640K)->533K(640K)
[196.223s][info][gc             ] GC(248) Pause Full (Ergonomics) 1691M->1691M(1802M) 1720.258ms
[196.223s][info][gc,cpu         ] GC(248) User=1.72s Sys=0.00s Real=1.72s
[196.224s][info][gc,start       ] GC(249) Pause Full (Ergonomics)
[196.224s][info][gc,phases,start] GC(249) Marking Phase
[197.503s][info][gc,phases      ] GC(249) Marking Phase 1279.243ms
[197.503s][info][gc,phases,start] GC(249) Summary Phase
[197.503s][info][gc,phases      ] GC(249) Summary Phase 0.037ms
[197.503s][info][gc,phases,start] GC(249) Adjust Roots
[197.504s][info][gc,phases      ] GC(249) Adjust Roots 0.270ms
[197.504s][info][gc,phases,start] GC(249) Compaction Phase
[197.946s][info][gc,phases      ] GC(249) Compaction Phase 442.331ms
[197.946s][info][gc,phases,start] GC(249) Post Compact
[197.949s][info][gc,phases      ] GC(249) Post Compact 3.075ms
[197.949s][info][gc,heap        ] GC(249) PSYoungGen: 25088K(138240K)->25088K(138240K) Eden: 25088K(25088K)->25088K(25088K) From: 0K(113152K)->0K(113152K)
[197.949s][info][gc,heap        ] GC(249) ParOldGen: 1706947K(1707008K)->1706947K(1707008K)
[197.949s][info][gc,metaspace   ] GC(249) Metaspace: 6298K(6464K)->6298K(6464K) NonClass: 5764K(5824K)->5764K(5824K) Class: 533K(640K)->533K(640K)
[197.949s][info][gc             ] GC(249) Pause Full (Ergonomics) 1691M->1691M(1802M) 1725.428ms
[197.949s][info][gc,cpu         ] GC(249) User=1.69s Sys=0.00s Real=1.73s
[197.950s][info][gc,start       ] GC(250) Pause Full (Ergonomics)
[197.950s][info][gc,phases,start] GC(250) Marking Phase
[199.235s][info][gc,phases      ] GC(250) Marking Phase 1285.375ms
[199.235s][info][gc,phases,start] GC(250) Summary Phase
[199.235s][info][gc,phases      ] GC(250) Summary Phase 0.077ms
[199.236s][info][gc,phases,start] GC(250) Adjust Roots
[199.236s][info][gc,phases      ] GC(250) Adjust Roots 0.298ms
[199.236s][info][gc,phases,start] GC(250) Compaction Phase
[199.675s][info][gc,phases      ] GC(250) Compaction Phase 438.918ms
[199.675s][info][gc,phases,start] GC(250) Post Compact
[199.678s][info][gc,phases      ] GC(250) Post Compact 3.174ms
[199.678s][info][gc,heap        ] GC(250) PSYoungGen: 25088K(138240K)->25088K(138240K) Eden: 25088K(25088K)->25088K(25088K) From: 0K(113152K)->0K(113152K)
[199.678s][info][gc,heap        ] GC(250) ParOldGen: 1706952K(1707008K)->1706952K(1707008K)
[199.678s][info][gc,metaspace   ] GC(250) Metaspace: 6298K(6464K)->6298K(6464K) NonClass: 5764K(5824K)->5764K(5824K) Class: 533K(640K)->533K(640K)
[199.678s][info][gc             ] GC(250) Pause Full (Ergonomics) 1691M->1691M(1802M) 1728.320ms
[199.678s][info][gc,cpu         ] GC(250) User=1.72s Sys=0.00s Real=1.73s
[199.679s][info][gc,start       ] GC(251) Pause Full (Ergonomics)
[199.679s][info][gc,phases,start] GC(251) Marking Phase
[200.956s][info][gc,phases      ] GC(251) Marking Phase 1277.878ms
[200.957s][info][gc,phases,start] GC(251) Summary Phase
[200.957s][info][gc,phases      ] GC(251) Summary Phase 0.054ms
[200.957s][info][gc,phases,start] GC(251) Adjust Roots
[200.957s][info][gc,phases      ] GC(251) Adjust Roots 0.256ms
[200.957s][info][gc,phases,start] GC(251) Compaction Phase
[201.403s][info][gc,phases      ] GC(251) Compaction Phase 445.931ms
[201.403s][info][gc,phases,start] GC(251) Post Compact
[201.406s][info][gc,phases      ] GC(251) Post Compact 3.093ms
[201.406s][info][gc,heap        ] GC(251) PSYoungGen: 25088K(138240K)->25088K(138240K) Eden: 25088K(25088K)->25088K(25088K) From: 0K(113152K)->0K(113152K)
[201.406s][info][gc,heap        ] GC(251) ParOldGen: 1706956K(1707008K)->1706956K(1707008K)
[201.406s][info][gc,metaspace   ] GC(251) Metaspace: 6298K(6464K)->6298K(6464K) NonClass: 5764K(5824K)->5764K(5824K) Class: 533K(640K)->533K(640K)
[201.406s][info][gc             ] GC(251) Pause Full (Ergonomics) 1691M->1691M(1802M) 1727.693ms
[201.406s][info][gc,cpu         ] GC(251) User=1.69s Sys=0.00s Real=1.73s
[201.407s][info][gc,start       ] GC(252) Pause Full (Ergonomics)
[201.407s][info][gc,phases,start] GC(252) Marking Phase
[202.685s][info][gc,phases      ] GC(252) Marking Phase 1278.083ms
[202.685s][info][gc,phases,start] GC(252) Summary Phase
[202.685s][info][gc,phases      ] GC(252) Summary Phase 0.026ms
[202.685s][info][gc,phases,start] GC(252) Adjust Roots
[202.685s][info][gc,phases      ] GC(252) Adjust Roots 0.311ms
[202.685s][info][gc,phases,start] GC(252) Compaction Phase
[203.127s][info][gc,phases      ] GC(252) Compaction Phase 441.478ms
[203.127s][info][gc,phases,start] GC(252) Post Compact
[203.130s][info][gc,phases      ] GC(252) Post Compact 3.142ms
[203.130s][info][gc,heap        ] GC(252) PSYoungGen: 25088K(138240K)->25088K(138240K) Eden: 25088K(25088K)->25088K(25088K) From: 0K(113152K)->0K(113152K)
[203.130s][info][gc,heap        ] GC(252) ParOldGen: 1706961K(1707008K)->1706961K(1707008K)
[203.130s][info][gc,metaspace   ] GC(252) Metaspace: 6298K(6464K)->6298K(6464K) NonClass: 5764K(5824K)->5764K(5824K) Class: 533K(640K)->533K(640K)
[203.130s][info][gc             ] GC(252) Pause Full (Ergonomics) 1691M->1691M(1802M) 1723.412ms
[203.130s][info][gc,cpu         ] GC(252) User=1.70s Sys=0.00s Real=1.72s
[203.130s][info][gc,start       ] GC(253) Pause Full (Ergonomics)
[203.130s][info][gc,phases,start] GC(253) Marking Phase
[204.411s][info][gc,phases      ] GC(253) Marking Phase 1280.194ms
[204.411s][info][gc,phases,start] GC(253) Summary Phase
[204.411s][info][gc,phases      ] GC(253) Summary Phase 0.080ms
[204.411s][info][gc,phases,start] GC(253) Adjust Roots
[204.411s][info][gc,phases      ] GC(253) Adjust Roots 0.284ms
[204.411s][info][gc,phases,start] GC(253) Compaction Phase
[204.851s][info][gc,phases      ] GC(253) Compaction Phase 439.381ms
[204.851s][info][gc,phases,start] GC(253) Post Compact
[204.854s][info][gc,phases      ] GC(253) Post Compact 3.093ms
[204.854s][info][gc,heap        ] GC(253) PSYoungGen: 25088K(138240K)->25088K(138240K) Eden: 25088K(25088K)->25088K(25088K) From: 0K(113152K)->0K(113152K)
[204.854s][info][gc,heap        ] GC(253) ParOldGen: 1706966K(1707008K)->1706966K(1707008K)
[204.854s][info][gc,metaspace   ] GC(253) Metaspace: 6298K(6464K)->6298K(6464K) NonClass: 5764K(5824K)->5764K(5824K) Class: 533K(640K)->533K(640K)
[204.854s][info][gc             ] GC(253) Pause Full (Ergonomics) 1691M->1691M(1802M) 1723.503ms
[204.854s][info][gc,cpu         ] GC(253) User=1.69s Sys=0.00s Real=1.72s
[204.854s][info][gc,start       ] GC(254) Pause Full (Ergonomics)
[204.854s][info][gc,phases,start] GC(254) Marking Phase
[206.134s][info][gc,phases      ] GC(254) Marking Phase 1279.697ms
[206.134s][info][gc,phases,start] GC(254) Summary Phase
[206.134s][info][gc,phases      ] GC(254) Summary Phase 0.076ms
[206.134s][info][gc,phases,start] GC(254) Adjust Roots
[206.134s][info][gc,phases      ] GC(254) Adjust Roots 0.254ms
[206.134s][info][gc,phases,start] GC(254) Compaction Phase
[206.577s][info][gc,phases      ] GC(254) Compaction Phase 442.566ms
[206.577s][info][gc,phases,start] GC(254) Post Compact
[206.580s][info][gc,phases      ] GC(254) Post Compact 3.112ms
[206.580s][info][gc,heap        ] GC(254) PSYoungGen: 25088K(138240K)->25088K(138240K) Eden: 25088K(25088K)->25088K(25088K) From: 0K(113152K)->0K(113152K)
[206.580s][info][gc,heap        ] GC(254) ParOldGen: 1706970K(1707008K)->1706970K(1707008K)
[206.580s][info][gc,metaspace   ] GC(254) Metaspace: 6298K(6464K)->6298K(6464K) NonClass: 5764K(5824K)->5764K(5824K) Class: 533K(640K)->533K(640K)
[206.580s][info][gc             ] GC(254) Pause Full (Ergonomics) 1691M->1691M(1802M) 1726.160ms
[206.580s][info][gc,cpu         ] GC(254) User=1.70s Sys=0.00s Real=1.73s
[206.581s][info][gc,start       ] GC(255) Pause Full (Ergonomics)
[206.581s][info][gc,phases,start] GC(255) Marking Phase
[207.856s][info][gc,phases      ] GC(255) Marking Phase 1275.348ms
[207.856s][info][gc,phases,start] GC(255) Summary Phase
[207.856s][info][gc,phases      ] GC(255) Summary Phase 0.076ms
[207.856s][info][gc,phases,start] GC(255) Adjust Roots
[207.857s][info][gc,phases      ] GC(255) Adjust Roots 0.292ms
[207.857s][info][gc,phases,start] GC(255) Compaction Phase
[208.298s][info][gc,phases      ] GC(255) Compaction Phase 441.061ms
[208.298s][info][gc,phases,start] GC(255) Post Compact
[208.301s][info][gc,phases      ] GC(255) Post Compact 3.212ms
[208.301s][info][gc,heap        ] GC(255) PSYoungGen: 25088K(138240K)->25088K(138240K) Eden: 25088K(25088K)->25088K(25088K) From: 0K(113152K)->0K(113152K)
[208.301s][info][gc,heap        ] GC(255) ParOldGen: 1706975K(1707008K)->1706975K(1707008K)
[208.301s][info][gc,metaspace   ] GC(255) Metaspace: 6298K(6464K)->6298K(6464K) NonClass: 5764K(5824K)->5764K(5824K) Class: 533K(640K)->533K(640K)
[208.301s][info][gc             ] GC(255) Pause Full (Ergonomics) 1691M->1691M(1802M) 1720.443ms
[208.301s][info][gc,cpu         ] GC(255) User=1.69s Sys=0.02s Real=1.72s
[208.302s][info][gc,start       ] GC(256) Pause Full (Ergonomics)
[208.302s][info][gc,phases,start] GC(256) Marking Phase
[209.589s][info][gc,phases      ] GC(256) Marking Phase 1287.598ms
[209.589s][info][gc,phases,start] GC(256) Summary Phase
[209.589s][info][gc,phases      ] GC(256) Summary Phase 0.054ms
[209.589s][info][gc,phases,start] GC(256) Adjust Roots
[209.590s][info][gc,phases      ] GC(256) Adjust Roots 0.290ms
[209.590s][info][gc,phases,start] GC(256) Compaction Phase
[210.031s][info][gc,phases      ] GC(256) Compaction Phase 440.982ms
[210.031s][info][gc,phases,start] GC(256) Post Compact
[210.034s][info][gc,phases      ] GC(256) Post Compact 3.240ms
[210.034s][info][gc,heap        ] GC(256) PSYoungGen: 25088K(138240K)->25088K(138240K) Eden: 25088K(25088K)->25088K(25088K) From: 0K(113152K)->0K(113152K)
[210.034s][info][gc,heap        ] GC(256) ParOldGen: 1706980K(1707008K)->1706980K(1707008K)
[210.034s][info][gc,metaspace   ] GC(256) Metaspace: 6298K(6464K)->6298K(6464K) NonClass: 5764K(5824K)->5764K(5824K) Class: 533K(640K)->533K(640K)
[210.034s][info][gc             ] GC(256) Pause Full (Ergonomics) 1691M->1691M(1802M) 1732.706ms
[210.034s][info][gc,cpu         ] GC(256) User=1.70s Sys=0.00s Real=1.73s
[210.035s][info][gc,start       ] GC(257) Pause Full (Ergonomics)
[210.035s][info][gc,phases,start] GC(257) Marking Phase
[211.316s][info][gc,phases      ] GC(257) Marking Phase 1281.364ms
[211.316s][info][gc,phases,start] GC(257) Summary Phase
[211.316s][info][gc,phases      ] GC(257) Summary Phase 0.053ms
[211.316s][info][gc,phases,start] GC(257) Adjust Roots
[211.317s][info][gc,phases      ] GC(257) Adjust Roots 0.331ms
[211.317s][info][gc,phases,start] GC(257) Compaction Phase
[211.757s][info][gc,phases      ] GC(257) Compaction Phase 440.446ms
[211.757s][info][gc,phases,start] GC(257) Post Compact
[211.760s][info][gc,phases      ] GC(257) Post Compact 3.159ms
[211.760s][info][gc,heap        ] GC(257) PSYoungGen: 25088K(138240K)->25088K(138240K) Eden: 25088K(25088K)->25088K(25088K) From: 0K(113152K)->0K(113152K)
[211.760s][info][gc,heap        ] GC(257) ParOldGen: 1706984K(1707008K)->1706984K(1707008K)
[211.760s][info][gc,metaspace   ] GC(257) Metaspace: 6298K(6464K)->6298K(6464K) NonClass: 5764K(5824K)->5764K(5824K) Class: 533K(640K)->533K(640K)
[211.760s][info][gc             ] GC(257) Pause Full (Ergonomics) 1691M->1691M(1802M) 1725.803ms
[211.761s][info][gc,cpu         ] GC(257) User=1.69s Sys=0.00s Real=1.72s
[211.761s][info][gc,start       ] GC(258) Pause Full (Ergonomics)
[211.761s][info][gc,phases,start] GC(258) Marking Phase
[213.044s][info][gc,phases      ] GC(258) Marking Phase 1282.521ms
[213.044s][info][gc,phases,start] GC(258) Summary Phase
[213.044s][info][gc,phases      ] GC(258) Summary Phase 0.035ms
[213.044s][info][gc,phases,start] GC(258) Adjust Roots
[213.044s][info][gc,phases      ] GC(258) Adjust Roots 0.270ms
[213.044s][info][gc,phases,start] GC(258) Compaction Phase
[213.484s][info][gc,phases      ] GC(258) Compaction Phase 439.944ms
[213.484s][info][gc,phases,start] GC(258) Post Compact
[213.487s][info][gc,phases      ] GC(258) Post Compact 3.148ms
[213.487s][info][gc,heap        ] GC(258) PSYoungGen: 25088K(138240K)->25088K(138240K) Eden: 25088K(25088K)->25088K(25088K) From: 0K(113152K)->0K(113152K)
[213.487s][info][gc,heap        ] GC(258) ParOldGen: 1706989K(1707008K)->1706989K(1707008K)
[213.487s][info][gc,metaspace   ] GC(258) Metaspace: 6298K(6464K)->6298K(6464K) NonClass: 5764K(5824K)->5764K(5824K) Class: 533K(640K)->533K(640K)
[213.487s][info][gc             ] GC(258) Pause Full (Ergonomics) 1691M->1691M(1802M) 1726.333ms
[213.487s][info][gc,cpu         ] GC(258) User=1.70s Sys=0.00s Real=1.73s
[213.488s][info][gc,start       ] GC(259) Pause Full (Ergonomics)
[213.488s][info][gc,phases,start] GC(259) Marking Phase
[214.747s][info][gc,phases      ] GC(259) Marking Phase 1258.995ms
[214.747s][info][gc,phases,start] GC(259) Summary Phase
[214.747s][info][gc,phases      ] GC(259) Summary Phase 0.026ms
[214.747s][info][gc,phases,start] GC(259) Adjust Roots
[214.747s][info][gc,phases      ] GC(259) Adjust Roots 0.523ms
[214.747s][info][gc,phases,start] GC(259) Compaction Phase
[215.196s][info][gc,phases      ] GC(259) Compaction Phase 448.200ms
[215.196s][info][gc,phases,start] GC(259) Post Compact
[215.199s][info][gc,phases      ] GC(259) Post Compact 3.029ms
[215.199s][info][gc,heap        ] GC(259) PSYoungGen: 25088K(138240K)->25088K(138240K) Eden: 25088K(25088K)->25088K(25088K) From: 0K(113152K)->0K(113152K)
[215.199s][info][gc,heap        ] GC(259) ParOldGen: 1706994K(1707008K)->1706994K(1707008K)
[215.199s][info][gc,metaspace   ] GC(259) Metaspace: 6298K(6464K)->6298K(6464K) NonClass: 5764K(5824K)->5764K(5824K) Class: 533K(640K)->533K(640K)
[215.199s][info][gc             ] GC(259) Pause Full (Ergonomics) 1691M->1691M(1802M) 1711.175ms
[215.199s][info][gc,cpu         ] GC(259) User=1.67s Sys=0.00s Real=1.71s
[215.199s][info][gc,start       ] GC(260) Pause Full (Ergonomics)
[215.199s][info][gc,phases,start] GC(260) Marking Phase
[216.478s][info][gc,phases      ] GC(260) Marking Phase 1278.738ms
[216.478s][info][gc,phases,start] GC(260) Summary Phase
[216.478s][info][gc,phases      ] GC(260) Summary Phase 0.035ms
[216.478s][info][gc,phases,start] GC(260) Adjust Roots
[216.478s][info][gc,phases      ] GC(260) Adjust Roots 0.225ms
[216.478s][info][gc,phases,start] GC(260) Compaction Phase
[216.917s][info][gc,phases      ] GC(260) Compaction Phase 438.281ms
[216.917s][info][gc,phases,start] GC(260) Post Compact
[216.920s][info][gc,phases      ] GC(260) Post Compact 3.010ms
[216.920s][info][gc,heap        ] GC(260) PSYoungGen: 25088K(138240K)->25088K(138240K) Eden: 25088K(25088K)->25088K(25088K) From: 0K(113152K)->0K(113152K)
[216.920s][info][gc,heap        ] GC(260) ParOldGen: 1706998K(1707008K)->1706998K(1707008K)
[216.920s][info][gc,metaspace   ] GC(260) Metaspace: 6298K(6464K)->6298K(6464K) NonClass: 5764K(5824K)->5764K(5824K) Class: 533K(640K)->533K(640K)
[216.920s][info][gc             ] GC(260) Pause Full (Ergonomics) 1691M->1691M(1802M) 1720.735ms
[216.920s][info][gc,cpu         ] GC(260) User=1.70s Sys=0.00s Real=1.72s
[216.921s][info][gc,start       ] GC(261) Pause Full (Ergonomics)
[216.921s][info][gc,phases,start] GC(261) Marking Phase
[218.195s][info][gc,phases      ] GC(261) Marking Phase 1274.731ms
[218.196s][info][gc,phases,start] GC(261) Summary Phase
[218.196s][info][gc,phases      ] GC(261) Summary Phase 0.035ms
[218.196s][info][gc,phases,start] GC(261) Adjust Roots
[218.196s][info][gc,phases      ] GC(261) Adjust Roots 0.270ms
[218.196s][info][gc,phases,start] GC(261) Compaction Phase
[218.637s][info][gc,phases      ] GC(261) Compaction Phase 441.332ms
[218.637s][info][gc,phases,start] GC(261) Post Compact
[218.640s][info][gc,phases      ] GC(261) Post Compact 2.999ms
[218.640s][info][gc,heap        ] GC(261) PSYoungGen: 25088K(138240K)->25088K(138240K) Eden: 25088K(25088K)->25088K(25088K) From: 0K(113152K)->0K(113152K)
[218.640s][info][gc,heap        ] GC(261) ParOldGen: 1707003K(1707008K)->1707003K(1707008K)
[218.640s][info][gc,metaspace   ] GC(261) Metaspace: 6298K(6464K)->6298K(6464K) NonClass: 5764K(5824K)->5764K(5824K) Class: 533K(640K)->533K(640K)
[218.640s][info][gc             ] GC(261) Pause Full (Ergonomics) 1691M->1691M(1802M) 1719.769ms
[218.641s][info][gc,cpu         ] GC(261) User=1.70s Sys=0.00s Real=1.72s
[218.641s][info][gc,start       ] GC(262) Pause Full (Ergonomics)
[218.641s][info][gc,phases,start] GC(262) Marking Phase
[219.919s][info][gc,phases      ] GC(262) Marking Phase 1277.738ms
[219.919s][info][gc,phases,start] GC(262) Summary Phase
[219.919s][info][gc,phases      ] GC(262) Summary Phase 0.076ms
[219.919s][info][gc,phases,start] GC(262) Adjust Roots
[219.919s][info][gc,phases      ] GC(262) Adjust Roots 0.243ms
[219.919s][info][gc,phases,start] GC(262) Compaction Phase
[220.362s][info][gc,phases      ] GC(262) Compaction Phase 442.841ms
[220.362s][info][gc,phases,start] GC(262) Post Compact
[220.365s][info][gc,phases      ] GC(262) Post Compact 3.124ms
[220.365s][info][gc,heap        ] GC(262) PSYoungGen: 25088K(138240K)->25088K(138240K) Eden: 25088K(25088K)->25088K(25088K) From: 0K(113152K)->0K(113152K)
[220.365s][info][gc,heap        ] GC(262) ParOldGen: 1707008K(1707008K)->1707008K(1707008K)
[220.365s][info][gc,metaspace   ] GC(262) Metaspace: 6298K(6464K)->6298K(6464K) NonClass: 5764K(5824K)->5764K(5824K) Class: 533K(640K)->533K(640K)
[220.365s][info][gc             ] GC(262) Pause Full (Ergonomics) 1691M->1691M(1802M) 1724.475ms
[220.365s][info][gc,cpu         ] GC(262) User=1.69s Sys=0.02s Real=1.72s
[220.365s][info][gc,start       ] GC(263) Pause Full (Allocation Failure)
[220.366s][info][gc,phases,start] GC(263) Marking Phase
[221.654s][info][gc,phases      ] GC(263) Marking Phase 1288.186ms
[221.654s][info][gc,phases,start] GC(263) Summary Phase
[221.654s][info][gc,phases      ] GC(263) Summary Phase 0.035ms
[221.654s][info][gc,phases,start] GC(263) Adjust Roots
[221.655s][info][gc,phases      ] GC(263) Adjust Roots 0.740ms
[221.655s][info][gc,phases,start] GC(263) Compaction Phase
[222.250s][info][gc,phases      ] GC(263) Compaction Phase 595.630ms
[222.250s][info][gc,phases,start] GC(263) Post Compact
[222.254s][info][gc,phases      ] GC(263) Post Compact 3.642ms
[222.254s][info][gc,heap        ] GC(263) PSYoungGen: 25088K(138240K)->25088K(138240K) Eden: 25088K(25088K)->25088K(25088K) From: 0K(113152K)->0K(113152K)
[222.254s][info][gc,heap        ] GC(263) ParOldGen: 1707008K(1707008K)->1707003K(1707008K)
[222.254s][info][gc,metaspace   ] GC(263) Metaspace: 6298K(6464K)->6296K(6464K) NonClass: 5764K(5824K)->5763K(5824K) Class: 533K(640K)->532K(640K)
[222.254s][info][gc             ] GC(263) Pause Full (Allocation Failure) 1691M->1691M(1802M) 1888.642ms
[222.254s][info][gc,cpu         ] GC(263) User=1.84s Sys=0.02s Real=1.89s
[222.255s][info][gc,start       ] GC(264) Pause Full (Ergonomics)
[222.255s][info][gc,phases,start] GC(264) Marking Phase
[223.536s][info][gc,phases      ] GC(264) Marking Phase 1281.203ms
[223.536s][info][gc,phases,start] GC(264) Summary Phase
[223.536s][info][gc,phases      ] GC(264) Summary Phase 0.053ms
[223.536s][info][gc,phases,start] GC(264) Adjust Roots
[223.536s][info][gc,phases      ] GC(264) Adjust Roots 0.294ms
[223.536s][info][gc,phases,start] GC(264) Compaction Phase
[224.011s][info][gc,phases      ] GC(264) Compaction Phase 474.762ms
[224.011s][info][gc,phases,start] GC(264) Post Compact
[224.014s][info][gc,phases      ] GC(264) Post Compact 2.987ms
[224.014s][info][gc,heap        ] GC(264) PSYoungGen: 25088K(138240K)->25088K(138240K) Eden: 25088K(25088K)->25088K(25088K) From: 0K(113152K)->0K(113152K)
[224.014s][info][gc,heap        ] GC(264) ParOldGen: 1707003K(1707008K)->1707003K(1707008K)
[224.014s][info][gc,metaspace   ] GC(264) Metaspace: 6296K(6464K)->6296K(6464K) NonClass: 5763K(5824K)->5763K(5824K) Class: 532K(640K)->532K(640K)
[224.014s][info][gc             ] GC(264) Pause Full (Ergonomics) 1691M->1691M(1802M) 1759.742ms
[224.014s][info][gc,cpu         ] GC(264) User=1.70s Sys=0.00s Real=1.76s
[224.015s][info][gc,start       ] GC(265) Pause Full (Ergonomics)
[224.015s][info][gc,phases,start] GC(265) Marking Phase
[225.304s][info][gc,phases      ] GC(265) Marking Phase 1289.491ms
[225.305s][info][gc,phases,start] GC(265) Summary Phase
[225.305s][info][gc,phases      ] GC(265) Summary Phase 0.055ms
[225.305s][info][gc,phases,start] GC(265) Adjust Roots
[225.305s][info][gc,phases      ] GC(265) Adjust Roots 0.273ms
[225.305s][info][gc,phases,start] GC(265) Compaction Phase
[225.765s][info][gc,phases      ] GC(265) Compaction Phase 460.367ms
[225.765s][info][gc,phases,start] GC(265) Post Compact
[225.769s][info][gc,phases      ] GC(265) Post Compact 3.315ms
[225.769s][info][gc,heap        ] GC(265) PSYoungGen: 25088K(138240K)->25088K(138240K) Eden: 25088K(25088K)->25088K(25088K) From: 0K(113152K)->0K(113152K)
[225.769s][info][gc,heap        ] GC(265) ParOldGen: 1707007K(1707008K)->1707007K(1707008K)
[225.769s][info][gc,metaspace   ] GC(265) Metaspace: 6296K(6464K)->6296K(6464K) NonClass: 5763K(5824K)->5763K(5824K) Class: 532K(640K)->532K(640K)
[225.769s][info][gc             ] GC(265) Pause Full (Ergonomics) 1691M->1691M(1802M) 1753.965ms
[225.769s][info][gc,cpu         ] GC(265) User=1.73s Sys=0.00s Real=1.75s
[225.769s][info][gc,start       ] GC(266) Pause Full (Allocation Failure)
[225.769s][info][gc,phases,start] GC(266) Marking Phase
[227.048s][info][gc,phases      ] GC(266) Marking Phase 1278.825ms
[227.048s][info][gc,phases,start] GC(266) Summary Phase
[227.048s][info][gc,phases      ] GC(266) Summary Phase 0.043ms
[227.048s][info][gc,phases,start] GC(266) Adjust Roots
[227.048s][info][gc,phases      ] GC(266) Adjust Roots 0.225ms
[227.048s][info][gc,phases,start] GC(266) Compaction Phase
[227.502s][info][gc,phases      ] GC(266) Compaction Phase 453.227ms
[227.502s][info][gc,phases,start] GC(266) Post Compact
[227.505s][info][gc,phases      ] GC(266) Post Compact 3.010ms
[227.505s][info][gc,heap        ] GC(266) PSYoungGen: 25088K(138240K)->25088K(138240K) Eden: 25088K(25088K)->25088K(25088K) From: 0K(113152K)->0K(113152K)
[227.505s][info][gc,heap        ] GC(266) ParOldGen: 1707007K(1707008K)->1707007K(1707008K)
[227.505s][info][gc,metaspace   ] GC(266) Metaspace: 6296K(6464K)->6296K(6464K) NonClass: 5763K(5824K)->5763K(5824K) Class: 532K(640K)->532K(640K)
[227.505s][info][gc             ] GC(266) Pause Full (Allocation Failure) 1691M->1691M(1802M) 1735.763ms
[227.505s][info][gc,cpu         ] GC(266) User=1.72s Sys=0.00s Real=1.74s
[227.506s][info][gc,start       ] GC(267) Pause Full (Ergonomics)
[227.506s][info][gc,phases,start] GC(267) Marking Phase
[228.784s][info][gc,phases      ] GC(267) Marking Phase 1278.704ms
[228.785s][info][gc,phases,start] GC(267) Summary Phase
[228.785s][info][gc,phases      ] GC(267) Summary Phase 0.036ms
[228.785s][info][gc,phases,start] GC(267) Adjust Roots
[228.785s][info][gc,phases      ] GC(267) Adjust Roots 0.440ms
[228.785s][info][gc,phases,start] GC(267) Compaction Phase
[229.356s][info][gc,phases      ] GC(267) Compaction Phase 570.432ms
[229.356s][info][gc,phases,start] GC(267) Post Compact
[229.359s][info][gc,phases      ] GC(267) Post Compact 3.441ms
[229.359s][info][gc,heap        ] GC(267) PSYoungGen: 25088K(138240K)->25088K(138240K) Eden: 25088K(25088K)->25088K(25088K) From: 0K(113152K)->0K(113152K)
[229.359s][info][gc,heap        ] GC(267) ParOldGen: 1707007K(1707008K)->1707006K(1707008K)
[229.359s][info][gc,metaspace   ] GC(267) Metaspace: 6296K(6464K)->6296K(6464K) NonClass: 5763K(5824K)->5763K(5824K) Class: 532K(640K)->532K(640K)
[229.359s][info][gc             ] GC(267) Pause Full (Ergonomics) 1691M->1691M(1802M) 1853.456ms
[229.359s][info][gc,cpu         ] GC(267) User=1.81s Sys=0.00s Real=1.85s
[229.360s][info][gc,start       ] GC(268) Pause Full (Ergonomics)
[229.360s][info][gc,phases,start] GC(268) Marking Phase
[230.636s][info][gc,phases      ] GC(268) Marking Phase 1276.501ms
[230.636s][info][gc,phases,start] GC(268) Summary Phase
[230.636s][info][gc,phases      ] GC(268) Summary Phase 0.035ms
[230.636s][info][gc,phases,start] GC(268) Adjust Roots
[230.637s][info][gc,phases      ] GC(268) Adjust Roots 0.272ms
[230.637s][info][gc,phases,start] GC(268) Compaction Phase
[231.097s][info][gc,phases      ] GC(268) Compaction Phase 460.511ms
[231.097s][info][gc,phases,start] GC(268) Post Compact
[231.100s][info][gc,phases      ] GC(268) Post Compact 3.015ms
[231.100s][info][gc,heap        ] GC(268) PSYoungGen: 25088K(138240K)->25088K(138240K) Eden: 25088K(25088K)->25088K(25088K) From: 0K(113152K)->0K(113152K)
[231.100s][info][gc,heap        ] GC(268) ParOldGen: 1707006K(1707008K)->1707006K(1707008K)
[231.100s][info][gc,metaspace   ] GC(268) Metaspace: 6296K(6464K)->6296K(6464K) NonClass: 5763K(5824K)->5763K(5824K) Class: 532K(640K)->532K(640K)
[231.100s][info][gc             ] GC(268) Pause Full (Ergonomics) 1691M->1691M(1802M) 1740.714ms
[231.100s][info][gc,cpu         ] GC(268) User=1.73s Sys=0.00s Real=1.74s
[231.102s][info][gc,start       ] GC(269) Pause Full (Ergonomics)
[231.102s][info][gc,phases,start] GC(269) Marking Phase
[232.387s][info][gc,phases      ] GC(269) Marking Phase 1284.862ms
[232.387s][info][gc,phases,start] GC(269) Summary Phase
[232.387s][info][gc,phases      ] GC(269) Summary Phase 0.035ms
[232.387s][info][gc,phases,start] GC(269) Adjust Roots
[232.388s][info][gc,phases      ] GC(269) Adjust Roots 0.500ms
[232.388s][info][gc,phases,start] GC(269) Compaction Phase
[232.967s][info][gc,phases      ] GC(269) Compaction Phase 578.978ms
[232.967s][info][gc,phases,start] GC(269) Post Compact
[232.970s][info][gc,phases      ] GC(269) Post Compact 3.301ms
[232.970s][info][gc,heap        ] GC(269) PSYoungGen: 25088K(138240K)->25088K(138240K) Eden: 25088K(25088K)->25088K(25088K) From: 0K(113152K)->0K(113152K)
[232.970s][info][gc,heap        ] GC(269) ParOldGen: 1707007K(1707008K)->1707004K(1707008K)
[232.970s][info][gc,metaspace   ] GC(269) Metaspace: 6298K(6464K)->6298K(6464K) NonClass: 5764K(5824K)->5764K(5824K) Class: 533K(640K)->533K(640K)
[232.970s][info][gc             ] GC(269) Pause Full (Ergonomics) 1691M->1691M(1802M) 1868.083ms
[232.970s][info][gc,cpu         ] GC(269) User=1.88s Sys=0.00s Real=1.87s
[232.971s][info][gc,heap,exit   ] Heap
[232.971s][info][gc,heap,exit   ]  PSYoungGen      total 138240K, used 25088K [0x00000007cbf00000, 0x00000007db800000, 0x0000000800000000)
[232.971s][info][gc,heap,exit   ]   eden space 25088K, 100% used [0x00000007cbf00000,0x00000007cd780000,0x00000007cd780000)
[232.971s][info][gc,heap,exit   ]   from space 113152K, 0% used [0x00000007d4600000,0x00000007d4600000,0x00000007db480000)
[232.971s][info][gc,heap,exit   ]   to   space 113152K, 0% used [0x00000007cd780000,0x00000007cd780000,0x00000007d4600000)
[232.971s][info][gc,heap,exit   ]  ParOldGen       total 1707008K, used 1707005K [0x0000000763c00000, 0x00000007cbf00000, 0x00000007cbf00000)
[232.971s][info][gc,heap,exit   ]   object space 1707008K, 99% used [0x0000000763c00000,0x00000007cbeff608,0x00000007cbf00000)
[232.971s][info][gc,heap,exit   ]  Metaspace       used 6301K, committed 6464K, reserved 1114112K
[232.971s][info][gc,heap,exit   ]   class space    used 534K, committed 640K, reserved 1048576K
