[0.012s][info][gc,init] CardTable entry size: 512
[0.012s][info][gc     ] Using Parallel
[0.013s][info][gc,init] Version: 18.0.1+10 (release)
[0.013s][info][gc,init] CPUs: 8 total, 8 available
[0.013s][info][gc,init] Memory: 16063M
[0.013s][info][gc,init] Large Page Support: Disabled
[0.013s][info][gc,init] NUMA Support: Disabled
[0.013s][info][gc,init] Compressed Oops: Enabled (32-bit)
[0.013s][info][gc,init] Alignments: Space 512K, Generation 512K, Heap 2M
[0.013s][info][gc,init] Heap Min Capacity: 2M
[0.013s][info][gc,init] Heap Initial Capacity: 2M
[0.013s][info][gc,init] Heap Max Capacity: 500M
[0.013s][info][gc,init] Pre-touch: Disabled
[0.013s][info][gc,init] Parallel Workers: 3
[0.013s][info][gc,metaspace] CDS archive(s) not mapped
[0.013s][info][gc,metaspace] Compressed class space mapped at: 0x0000000100000000-0x0000000140000000, reserved size: 1073741824
[0.013s][info][gc,metaspace] Narrow klass base: 0x0000000000000000, Narrow klass shift: 3, Narrow klass range: 0x140000000
[0.115s][info][gc,start    ] GC(0) Pause Young (Allocation Failure)
[0.116s][info][gc,heap     ] GC(0) PSYoungGen: 512K(1024K)->512K(1024K) Eden: 512K(512K)->0K(512K) From: 0K(512K)->512K(512K)
[0.116s][info][gc,heap     ] GC(0) ParOldGen: 0K(512K)->8K(512K)
[0.116s][info][gc,metaspace] GC(0) Metaspace: 4229K(4352K)->4229K(4352K) NonClass: 3908K(3968K)->3908K(3968K) Class: 321K(384K)->321K(384K)
[0.116s][info][gc          ] GC(0) Pause Young (Allocation Failure) 0M->0M(1M) 1.166ms
[0.116s][info][gc,cpu      ] GC(0) User=0.00s Sys=0.00s Real=0.00s
[0.184s][info][gc,start    ] GC(1) Pause Young (Allocation Failure)
[0.186s][info][gc,heap     ] GC(1) PSYoungGen: 1023K(1024K)->512K(1024K) Eden: 511K(512K)->0K(512K) From: 512K(512K)->512K(512K)
[0.186s][info][gc,heap     ] GC(1) ParOldGen: 8K(512K)->96K(512K)
[0.186s][info][gc,metaspace] GC(1) Metaspace: 5877K(5952K)->5877K(5952K) NonClass: 5380K(5440K)->5380K(5440K) Class: 496K(512K)->496K(512K)
[0.186s][info][gc          ] GC(1) Pause Young (Allocation Failure) 1M->0M(1M) 1.156ms
[0.186s][info][gc,cpu      ] GC(1) User=0.00s Sys=0.00s Real=0.00s
[0.209s][info][gc,start    ] GC(2) Pause Young (Allocation Failure)
[0.209s][info][gc,heap     ] GC(2) PSYoungGen: 1024K(1024K)->496K(1024K) Eden: 512K(512K)->0K(512K) From: 512K(512K)->496K(512K)
[0.209s][info][gc,heap     ] GC(2) ParOldGen: 96K(512K)->264K(512K)
[0.209s][info][gc,metaspace] GC(2) Metaspace: 6293K(6464K)->6293K(6464K) NonClass: 5760K(5824K)->5760K(5824K) Class: 533K(640K)->533K(640K)
[0.209s][info][gc          ] GC(2) Pause Young (Allocation Failure) 1M->0M(1M) 0.796ms
[0.209s][info][gc,cpu      ] GC(2) User=0.00s Sys=0.00s Real=0.00s
[0.211s][info][gc,start    ] GC(3) Pause Young (Allocation Failure)
[0.212s][info][gc,heap     ] GC(3) PSYoungGen: 1008K(1024K)->512K(1536K) Eden: 511K(512K)->0K(1024K) From: 496K(512K)->512K(512K)
[0.212s][info][gc,heap     ] GC(3) ParOldGen: 264K(512K)->512K(1024K)
[0.212s][info][gc,metaspace] GC(3) Metaspace: 6295K(6464K)->6295K(6464K) NonClass: 5762K(5824K)->5762K(5824K) Class: 533K(640K)->533K(640K)
[0.212s][info][gc          ] GC(3) Pause Young (Allocation Failure) 1M->1M(2M) 1.119ms
[0.212s][info][gc,cpu      ] GC(3) User=0.00s Sys=0.00s Real=0.00s
[0.214s][info][gc,start    ] GC(4) Pause Young (Allocation Failure)
[0.216s][info][gc,heap     ] GC(4) PSYoungGen: 1536K(1536K)->480K(1536K) Eden: 1024K(1024K)->0K(1024K) From: 512K(512K)->480K(512K)
[0.216s][info][gc,heap     ] GC(4) ParOldGen: 512K(1024K)->1072K(1536K)
[0.216s][info][gc,metaspace] GC(4) Metaspace: 6295K(6464K)->6295K(6464K) NonClass: 5762K(5824K)->5762K(5824K) Class: 533K(640K)->533K(640K)
[0.216s][info][gc          ] GC(4) Pause Young (Allocation Failure) 2M->1M(3M) 1.354ms
[0.216s][info][gc,cpu      ] GC(4) User=0.00s Sys=0.00s Real=0.00s
[0.216s][info][gc,start    ] GC(5) Pause Full (Ergonomics)
[0.216s][info][gc,phases,start] GC(5) Marking Phase
[0.217s][info][gc,phases      ] GC(5) Marking Phase 1.075ms
[0.217s][info][gc,phases,start] GC(5) Summary Phase
[0.217s][info][gc,phases      ] GC(5) Summary Phase 0.098ms
[0.217s][info][gc,phases,start] GC(5) Adjust Roots
[0.218s][info][gc,phases      ] GC(5) Adjust Roots 0.507ms
[0.218s][info][gc,phases,start] GC(5) Compaction Phase
[0.220s][info][gc,phases      ] GC(5) Compaction Phase 2.729ms
[0.220s][info][gc,phases,start] GC(5) Post Compact
[0.220s][info][gc,phases      ] GC(5) Post Compact 0.073ms
[0.221s][info][gc,heap        ] GC(5) PSYoungGen: 480K(1536K)->0K(3584K) Eden: 0K(1024K)->0K(2048K) From: 480K(512K)->0K(1536K)
[0.221s][info][gc,heap        ] GC(5) ParOldGen: 1072K(1536K)->1480K(3072K)
[0.221s][info][gc,metaspace   ] GC(5) Metaspace: 6295K(6464K)->6295K(6464K) NonClass: 5762K(5824K)->5762K(5824K) Class: 533K(640K)->533K(640K)
[0.221s][info][gc             ] GC(5) Pause Full (Ergonomics) 1M->1M(6M) 4.875ms
[0.221s][info][gc,cpu         ] GC(5) User=0.00s Sys=0.00s Real=0.00s
[0.224s][info][gc,start       ] GC(6) Pause Young (Allocation Failure)
[0.225s][info][gc,heap        ] GC(6) PSYoungGen: 2048K(3584K)->1120K(3584K) Eden: 2048K(2048K)->0K(2048K) From: 0K(1536K)->1120K(1536K)
[0.225s][info][gc,heap        ] GC(6) ParOldGen: 1480K(3072K)->1480K(3072K)
[0.225s][info][gc,metaspace   ] GC(6) Metaspace: 6295K(6464K)->6295K(6464K) NonClass: 5762K(5824K)->5762K(5824K) Class: 533K(640K)->533K(640K)
[0.225s][info][gc             ] GC(6) Pause Young (Allocation Failure) 3M->2M(6M) 1.189ms
[0.225s][info][gc,cpu         ] GC(6) User=0.00s Sys=0.00s Real=0.00s
[0.228s][info][gc,start       ] GC(7) Pause Young (Allocation Failure)
[0.230s][info][gc,heap        ] GC(7) PSYoungGen: 3168K(3584K)->1504K(5120K) Eden: 2048K(2048K)->0K(3584K) From: 1120K(1536K)->1504K(1536K)
[0.230s][info][gc,heap        ] GC(7) ParOldGen: 1480K(3072K)->2120K(3072K)
[0.230s][info][gc,metaspace   ] GC(7) Metaspace: 6295K(6464K)->6295K(6464K) NonClass: 5762K(5824K)->5762K(5824K) Class: 533K(640K)->533K(640K)
[0.230s][info][gc             ] GC(7) Pause Young (Allocation Failure) 4M->3M(8M) 1.989ms
[0.230s][info][gc,cpu         ] GC(7) User=0.00s Sys=0.00s Real=0.00s
[0.236s][info][gc,start       ] GC(8) Pause Young (Allocation Failure)
[0.239s][info][gc,heap        ] GC(8) PSYoungGen: 5088K(5120K)->2016K(5632K) Eden: 3584K(3584K)->0K(3584K) From: 1504K(1536K)->2016K(2048K)
[0.239s][info][gc,heap        ] GC(8) ParOldGen: 2120K(3072K)->3480K(3584K)
[0.239s][info][gc,metaspace   ] GC(8) Metaspace: 6295K(6464K)->6295K(6464K) NonClass: 5762K(5824K)->5762K(5824K) Class: 533K(640K)->533K(640K)
[0.239s][info][gc             ] GC(8) Pause Young (Allocation Failure) 7M->5M(9M) 2.697ms
[0.239s][info][gc,cpu         ] GC(8) User=0.00s Sys=0.00s Real=0.00s
[0.239s][info][gc,start       ] GC(9) Pause Full (Ergonomics)
[0.239s][info][gc,phases,start] GC(9) Marking Phase
[0.241s][info][gc,phases      ] GC(9) Marking Phase 2.210ms
[0.241s][info][gc,phases,start] GC(9) Summary Phase
[0.241s][info][gc,phases      ] GC(9) Summary Phase 0.015ms
[0.241s][info][gc,phases,start] GC(9) Adjust Roots
[0.242s][info][gc,phases      ] GC(9) Adjust Roots 0.333ms
[0.242s][info][gc,phases,start] GC(9) Compaction Phase
[0.244s][info][gc,phases      ] GC(9) Compaction Phase 2.403ms
[0.244s][info][gc,phases,start] GC(9) Post Compact
[0.244s][info][gc,phases      ] GC(9) Post Compact 0.038ms
[0.244s][info][gc,heap        ] GC(9) PSYoungGen: 2016K(5632K)->2012K(5632K) Eden: 0K(3584K)->0K(3584K) From: 2016K(2048K)->2012K(2048K)
[0.245s][info][gc,heap        ] GC(9) ParOldGen: 3480K(3584K)->3397K(6144K)
[0.245s][info][gc,metaspace   ] GC(9) Metaspace: 6295K(6464K)->6295K(6464K) NonClass: 5762K(5824K)->5762K(5824K) Class: 533K(640K)->533K(640K)
[0.245s][info][gc             ] GC(9) Pause Full (Ergonomics) 5M->5M(11M) 5.408ms
[0.245s][info][gc,cpu         ] GC(9) User=0.00s Sys=0.00s Real=0.01s
[0.251s][info][gc,start       ] GC(10) Pause Young (Allocation Failure)
[0.255s][info][gc,heap        ] GC(10) PSYoungGen: 5596K(5632K)->3040K(7680K) Eden: 3584K(3584K)->0K(4608K) From: 2012K(2048K)->3040K(3072K)
[0.255s][info][gc,heap        ] GC(10) ParOldGen: 3397K(6144K)->4237K(6144K)
[0.255s][info][gc,metaspace   ] GC(10) Metaspace: 6295K(6464K)->6295K(6464K) NonClass: 5762K(5824K)->5762K(5824K) Class: 533K(640K)->533K(640K)
[0.255s][info][gc             ] GC(10) Pause Young (Allocation Failure) 8M->7M(13M) 3.818ms
[0.255s][info][gc,cpu         ] GC(10) User=0.00s Sys=0.00s Real=0.00s
[0.261s][info][gc,start       ] GC(11) Pause Young (Allocation Failure)
[0.265s][info][gc,heap        ] GC(11) PSYoungGen: 7648K(7680K)->3936K(8704K) Eden: 4608K(4608K)->0K(4608K) From: 3040K(3072K)->3936K(4096K)
[0.265s][info][gc,heap        ] GC(11) ParOldGen: 4237K(6144K)->5781K(6144K)
[0.265s][info][gc,metaspace   ] GC(11) Metaspace: 6295K(6464K)->6295K(6464K) NonClass: 5762K(5824K)->5762K(5824K) Class: 533K(640K)->533K(640K)
[0.265s][info][gc             ] GC(11) Pause Young (Allocation Failure) 11M->9M(14M) 3.893ms
[0.265s][info][gc,cpu         ] GC(11) User=0.00s Sys=0.00s Real=0.00s
[0.265s][info][gc,start       ] GC(12) Pause Full (Ergonomics)
[0.265s][info][gc,phases,start] GC(12) Marking Phase
[0.270s][info][gc,phases      ] GC(12) Marking Phase 4.896ms
[0.270s][info][gc,phases,start] GC(12) Summary Phase
[0.270s][info][gc,phases      ] GC(12) Summary Phase 0.015ms
[0.270s][info][gc,phases,start] GC(12) Adjust Roots
[0.271s][info][gc,phases      ] GC(12) Adjust Roots 0.265ms
[0.271s][info][gc,phases,start] GC(12) Compaction Phase
[0.275s][info][gc,phases      ] GC(12) Compaction Phase 4.255ms
[0.275s][info][gc,phases,start] GC(12) Post Compact
[0.275s][info][gc,phases      ] GC(12) Post Compact 0.042ms
[0.275s][info][gc,heap        ] GC(12) PSYoungGen: 3936K(8704K)->3904K(8704K) Eden: 0K(4608K)->0K(4608K) From: 3936K(4096K)->3904K(4096K)
[0.275s][info][gc,heap        ] GC(12) ParOldGen: 5781K(6144K)->5714K(9728K)
[0.275s][info][gc,metaspace   ] GC(12) Metaspace: 6295K(6464K)->6295K(6464K) NonClass: 5762K(5824K)->5762K(5824K) Class: 533K(640K)->533K(640K)
[0.275s][info][gc             ] GC(12) Pause Full (Ergonomics) 9M->9M(18M) 9.825ms
[0.275s][info][gc,cpu         ] GC(12) User=0.02s Sys=0.00s Real=0.01s
[0.284s][info][gc,start       ] GC(13) Pause Young (Allocation Failure)
[0.289s][info][gc,heap        ] GC(13) PSYoungGen: 8512K(8704K)->2656K(11264K) Eden: 4607K(4608K)->0K(6656K) From: 3904K(4096K)->2656K(4608K)
[0.289s][info][gc,heap        ] GC(13) ParOldGen: 5714K(9728K)->9434K(9728K)
[0.289s][info][gc,metaspace   ] GC(13) Metaspace: 6295K(6464K)->6295K(6464K) NonClass: 5762K(5824K)->5762K(5824K) Class: 533K(640K)->533K(640K)
[0.289s][info][gc             ] GC(13) Pause Young (Allocation Failure) 13M->11M(20M) 5.152ms
[0.289s][info][gc,cpu         ] GC(13) User=0.00s Sys=0.00s Real=0.01s
[0.289s][info][gc,start       ] GC(14) Pause Full (Ergonomics)
[0.289s][info][gc,phases,start] GC(14) Marking Phase
[0.294s][info][gc,phases      ] GC(14) Marking Phase 4.785ms
[0.294s][info][gc,phases,start] GC(14) Summary Phase
[0.294s][info][gc,phases      ] GC(14) Summary Phase 0.016ms
[0.294s][info][gc,phases,start] GC(14) Adjust Roots
[0.294s][info][gc,phases      ] GC(14) Adjust Roots 0.204ms
[0.294s][info][gc,phases,start] GC(14) Compaction Phase
[0.298s][info][gc,phases      ] GC(14) Compaction Phase 4.510ms
[0.298s][info][gc,phases,start] GC(14) Post Compact
[0.299s][info][gc,phases      ] GC(14) Post Compact 0.055ms
[0.299s][info][gc,heap        ] GC(14) PSYoungGen: 2656K(11264K)->2622K(11264K) Eden: 0K(6656K)->0K(6656K) From: 2656K(4608K)->2622K(4608K)
[0.299s][info][gc,heap        ] GC(14) ParOldGen: 9434K(9728K)->9362K(15360K)
[0.299s][info][gc,metaspace   ] GC(14) Metaspace: 6295K(6464K)->6295K(6464K) NonClass: 5762K(5824K)->5762K(5824K) Class: 533K(640K)->533K(640K)
[0.299s][info][gc             ] GC(14) Pause Full (Ergonomics) 11M->11M(26M) 9.879ms
[0.299s][info][gc,cpu         ] GC(14) User=0.02s Sys=0.00s Real=0.01s
[0.305s][info][gc,start       ] GC(15) Pause Young (Allocation Failure)
[0.309s][info][gc,heap        ] GC(15) PSYoungGen: 9278K(11264K)->3456K(11264K) Eden: 6656K(6656K)->0K(6656K) From: 2622K(4608K)->3456K(4608K)
[0.309s][info][gc,heap        ] GC(15) ParOldGen: 9362K(15360K)->12026K(15360K)
[0.309s][info][gc,metaspace   ] GC(15) Metaspace: 6297K(6464K)->6297K(6464K) NonClass: 5764K(5824K)->5764K(5824K) Class: 533K(640K)->533K(640K)
[0.309s][info][gc             ] GC(15) Pause Young (Allocation Failure) 18M->15M(26M) 4.680ms
[0.309s][info][gc,cpu         ] GC(15) User=0.00s Sys=0.00s Real=0.00s
[0.315s][info][gc,start       ] GC(16) Pause Young (Allocation Failure)
[0.321s][info][gc,heap        ] GC(16) PSYoungGen: 10112K(11264K)->3488K(13824K) Eden: 6656K(6656K)->0K(8704K) From: 3456K(4608K)->3488K(5120K)
[0.321s][info][gc,heap        ] GC(16) ParOldGen: 12026K(15360K)->15490K(15872K)
[0.321s][info][gc,metaspace   ] GC(16) Metaspace: 6297K(6464K)->6297K(6464K) NonClass: 5764K(5824K)->5764K(5824K) Class: 533K(640K)->533K(640K)
[0.321s][info][gc             ] GC(16) Pause Young (Allocation Failure) 21M->18M(29M) 6.475ms
[0.321s][info][gc,cpu         ] GC(16) User=0.00s Sys=0.00s Real=0.01s
[0.321s][info][gc,start       ] GC(17) Pause Full (Ergonomics)
[0.321s][info][gc,phases,start] GC(17) Marking Phase
[0.329s][info][gc,phases      ] GC(17) Marking Phase 7.776ms
[0.329s][info][gc,phases,start] GC(17) Summary Phase
[0.329s][info][gc,phases      ] GC(17) Summary Phase 0.015ms
[0.329s][info][gc,phases,start] GC(17) Adjust Roots
[0.329s][info][gc,phases      ] GC(17) Adjust Roots 0.214ms
[0.329s][info][gc,phases,start] GC(17) Compaction Phase
[0.335s][info][gc,phases      ] GC(17) Compaction Phase 5.915ms
[0.335s][info][gc,phases,start] GC(17) Post Compact
[0.335s][info][gc,phases      ] GC(17) Post Compact 0.074ms
[0.335s][info][gc,heap        ] GC(17) PSYoungGen: 3488K(13824K)->3434K(13824K) Eden: 0K(8704K)->0K(8704K) From: 3488K(5120K)->3434K(5120K)
[0.336s][info][gc,heap        ] GC(17) ParOldGen: 15490K(15872K)->15385K(23552K)
[0.336s][info][gc,metaspace   ] GC(17) Metaspace: 6297K(6464K)->6297K(6464K) NonClass: 5764K(5824K)->5764K(5824K) Class: 533K(640K)->533K(640K)
[0.336s][info][gc             ] GC(17) Pause Full (Ergonomics) 18M->18M(36M) 14.322ms
[0.336s][info][gc,cpu         ] GC(17) User=0.00s Sys=0.00s Real=0.01s
[0.344s][info][gc,start       ] GC(18) Pause Young (Allocation Failure)
[0.350s][info][gc,heap        ] GC(18) PSYoungGen: 12138K(13824K)->5056K(13824K) Eden: 8704K(8704K)->0K(8704K) From: 3434K(5120K)->5056K(5120K)
[0.350s][info][gc,heap        ] GC(18) ParOldGen: 15385K(23552K)->18889K(23552K)
[0.350s][info][gc,metaspace   ] GC(18) Metaspace: 6297K(6464K)->6297K(6464K) NonClass: 5764K(5824K)->5764K(5824K) Class: 533K(640K)->533K(640K)
[0.350s][info][gc             ] GC(18) Pause Young (Allocation Failure) 26M->23M(36M) 5.908ms
[0.350s][info][gc,cpu         ] GC(18) User=0.02s Sys=0.00s Real=0.01s
[0.355s][info][gc,start       ] GC(19) Pause Young (Allocation Failure)
[0.361s][info][gc,heap        ] GC(19) PSYoungGen: 13760K(13824K)->4544K(17408K) Eden: 8704K(8704K)->0K(11264K) From: 5056K(5120K)->4544K(6144K)
[0.362s][info][gc,heap        ] GC(19) ParOldGen: 18889K(23552K)->23953K(24064K)
[0.362s][info][gc,metaspace   ] GC(19) Metaspace: 6297K(6464K)->6297K(6464K) NonClass: 5764K(5824K)->5764K(5824K) Class: 533K(640K)->533K(640K)
[0.362s][info][gc             ] GC(19) Pause Young (Allocation Failure) 31M->27M(40M) 6.074ms
[0.362s][info][gc,cpu         ] GC(19) User=0.00s Sys=0.00s Real=0.01s
[0.362s][info][gc,start       ] GC(20) Pause Full (Ergonomics)
[0.362s][info][gc,phases,start] GC(20) Marking Phase
[0.370s][info][gc,phases      ] GC(20) Marking Phase 8.595ms
[0.370s][info][gc,phases,start] GC(20) Summary Phase
[0.370s][info][gc,phases      ] GC(20) Summary Phase 0.017ms
[0.370s][info][gc,phases,start] GC(20) Adjust Roots
[0.371s][info][gc,phases      ] GC(20) Adjust Roots 0.200ms
[0.371s][info][gc,phases,start] GC(20) Compaction Phase
[0.380s][info][gc,phases      ] GC(20) Compaction Phase 9.647ms
[0.380s][info][gc,phases,start] GC(20) Post Compact
[0.380s][info][gc,phases      ] GC(20) Post Compact 0.139ms
[0.380s][info][gc,heap        ] GC(20) PSYoungGen: 4544K(17408K)->3986K(17408K) Eden: 0K(11264K)->0K(11264K) From: 4544K(6144K)->3986K(6144K)
[0.381s][info][gc,heap        ] GC(20) ParOldGen: 23953K(24064K)->23809K(34816K)
[0.381s][info][gc,metaspace   ] GC(20) Metaspace: 6297K(6464K)->6297K(6464K) NonClass: 5764K(5824K)->5764K(5824K) Class: 533K(640K)->533K(640K)
[0.381s][info][gc             ] GC(20) Pause Full (Ergonomics) 27M->27M(51M) 19.070ms
[0.381s][info][gc,cpu         ] GC(20) User=0.02s Sys=0.00s Real=0.02s
[0.388s][info][gc,start       ] GC(21) Pause Young (Allocation Failure)
[0.396s][info][gc,heap        ] GC(21) PSYoungGen: 15250K(17408K)->5888K(17920K) Eden: 11264K(11264K)->0K(11264K) From: 3986K(6144K)->5888K(6656K)
[0.396s][info][gc,heap        ] GC(21) ParOldGen: 23809K(34816K)->27873K(34816K)
[0.396s][info][gc,metaspace   ] GC(21) Metaspace: 6297K(6464K)->6297K(6464K) NonClass: 5764K(5824K)->5764K(5824K) Class: 533K(640K)->533K(640K)
[0.396s][info][gc             ] GC(21) Pause Young (Allocation Failure) 38M->32M(51M) 7.576ms
[0.396s][info][gc,cpu         ] GC(21) User=0.02s Sys=0.00s Real=0.01s
[0.406s][info][gc,start       ] GC(22) Pause Young (Allocation Failure)
[0.418s][info][gc,heap        ] GC(22) PSYoungGen: 17152K(17920K)->7168K(17408K) Eden: 11264K(11264K)->0K(10240K) From: 5888K(6656K)->7168K(7168K)
[0.418s][info][gc,heap        ] GC(22) ParOldGen: 27873K(34816K)->36737K(36864K)
[0.418s][info][gc,metaspace   ] GC(22) Metaspace: 6297K(6464K)->6297K(6464K) NonClass: 5764K(5824K)->5764K(5824K) Class: 533K(640K)->533K(640K)
[0.418s][info][gc             ] GC(22) Pause Young (Allocation Failure) 43M->42M(53M) 11.490ms
[0.418s][info][gc,cpu         ] GC(22) User=0.00s Sys=0.02s Real=0.01s
[0.418s][info][gc,start       ] GC(23) Pause Full (Ergonomics)
[0.418s][info][gc,phases,start] GC(23) Marking Phase
[0.431s][info][gc,phases      ] GC(23) Marking Phase 13.350ms
[0.431s][info][gc,phases,start] GC(23) Summary Phase
[0.431s][info][gc,phases      ] GC(23) Summary Phase 0.016ms
[0.431s][info][gc,phases,start] GC(23) Adjust Roots
[0.432s][info][gc,phases      ] GC(23) Adjust Roots 0.225ms
[0.432s][info][gc,phases,start] GC(23) Compaction Phase
[0.441s][info][gc,phases      ] GC(23) Compaction Phase 9.316ms
[0.441s][info][gc,phases,start] GC(23) Post Compact
[0.441s][info][gc,phases      ] GC(23) Post Compact 0.269ms
[0.441s][info][gc,heap        ] GC(23) PSYoungGen: 7168K(17408K)->7154K(17408K) Eden: 0K(10240K)->0K(10240K) From: 7168K(7168K)->7154K(7168K)
[0.441s][info][gc,heap        ] GC(23) ParOldGen: 36737K(36864K)->36511K(50688K)
[0.442s][info][gc,metaspace   ] GC(23) Metaspace: 6297K(6464K)->6297K(6464K) NonClass: 5764K(5824K)->5764K(5824K) Class: 533K(640K)->533K(640K)
[0.442s][info][gc             ] GC(23) Pause Full (Ergonomics) 42M->42M(66M) 23.615ms
[0.442s][info][gc,cpu         ] GC(23) User=0.00s Sys=0.00s Real=0.02s
[0.456s][info][gc,start       ] GC(24) Pause Young (Allocation Failure)
[0.467s][info][gc,heap        ] GC(24) PSYoungGen: 17394K(17408K)->10272K(22016K) Eden: 10240K(10240K)->0K(10240K) From: 7154K(7168K)->10272K(11776K)
[0.467s][info][gc,heap        ] GC(24) ParOldGen: 36511K(50688K)->43799K(50688K)
[0.467s][info][gc,metaspace   ] GC(24) Metaspace: 6297K(6464K)->6297K(6464K) NonClass: 5764K(5824K)->5764K(5824K) Class: 533K(640K)->533K(640K)
[0.467s][info][gc             ] GC(24) Pause Young (Allocation Failure) 52M->52M(71M) 10.805ms
[0.467s][info][gc,cpu         ] GC(24) User=0.00s Sys=0.00s Real=0.01s
[0.467s][info][gc,start       ] GC(25) Pause Full (Ergonomics)
[0.467s][info][gc,phases,start] GC(25) Marking Phase
[0.483s][info][gc,phases      ] GC(25) Marking Phase 15.372ms
[0.483s][info][gc,phases,start] GC(25) Summary Phase
[0.483s][info][gc,phases      ] GC(25) Summary Phase 0.016ms
[0.483s][info][gc,phases,start] GC(25) Adjust Roots
[0.483s][info][gc,phases      ] GC(25) Adjust Roots 0.170ms
[0.483s][info][gc,phases,start] GC(25) Compaction Phase
[0.497s][info][gc,phases      ] GC(25) Compaction Phase 14.288ms
[0.497s][info][gc,phases,start] GC(25) Post Compact
[0.497s][info][gc,phases      ] GC(25) Post Compact 0.177ms
[0.498s][info][gc,heap        ] GC(25) PSYoungGen: 10272K(22016K)->2543K(22016K) Eden: 0K(10240K)->0K(10240K) From: 10272K(11776K)->2543K(11776K)
[0.498s][info][gc,heap        ] GC(25) ParOldGen: 43799K(50688K)->50310K(67584K)
[0.498s][info][gc,metaspace   ] GC(25) Metaspace: 6297K(6464K)->6297K(6464K) NonClass: 5764K(5824K)->5764K(5824K) Class: 533K(640K)->533K(640K)
[0.498s][info][gc             ] GC(25) Pause Full (Ergonomics) 52M->51M(87M) 30.374ms
[0.498s][info][gc,cpu         ] GC(25) User=0.02s Sys=0.00s Real=0.03s
[0.509s][info][gc,start       ] GC(26) Pause Young (Allocation Failure)
[0.520s][info][gc,heap        ] GC(26) PSYoungGen: 12783K(22016K)->10272K(24576K) Eden: 10240K(10240K)->0K(11264K) From: 2543K(11776K)->10272K(13312K)
[0.520s][info][gc,heap        ] GC(26) ParOldGen: 50310K(67584K)->52910K(67584K)
[0.520s][info][gc,metaspace   ] GC(26) Metaspace: 6297K(6464K)->6297K(6464K) NonClass: 5764K(5824K)->5764K(5824K) Class: 533K(640K)->533K(640K)
[0.520s][info][gc             ] GC(26) Pause Young (Allocation Failure) 61M->61M(90M) 11.347ms
[0.520s][info][gc,cpu         ] GC(26) User=0.02s Sys=0.00s Real=0.01s
[0.533s][info][gc,start       ] GC(27) Pause Young (Allocation Failure)
[0.546s][info][gc,heap        ] GC(27) PSYoungGen: 21536K(24576K)->14336K(25600K) Eden: 11264K(11264K)->0K(11264K) From: 10272K(13312K)->14336K(14336K)
[0.546s][info][gc,heap        ] GC(27) ParOldGen: 52910K(67584K)->60174K(67584K)
[0.546s][info][gc,metaspace   ] GC(27) Metaspace: 6297K(6464K)->6297K(6464K) NonClass: 5764K(5824K)->5764K(5824K) Class: 533K(640K)->533K(640K)
[0.546s][info][gc             ] GC(27) Pause Young (Allocation Failure) 72M->72M(91M) 13.881ms
[0.547s][info][gc,cpu         ] GC(27) User=0.02s Sys=0.00s Real=0.01s
[0.547s][info][gc,start       ] GC(28) Pause Full (Ergonomics)
[0.547s][info][gc,phases,start] GC(28) Marking Phase
[0.568s][info][gc,phases      ] GC(28) Marking Phase 21.548ms
[0.568s][info][gc,phases,start] GC(28) Summary Phase
[0.568s][info][gc,phases      ] GC(28) Summary Phase 0.017ms
[0.568s][info][gc,phases,start] GC(28) Adjust Roots
[0.568s][info][gc,phases      ] GC(28) Adjust Roots 0.178ms
[0.568s][info][gc,phases,start] GC(28) Compaction Phase
[0.582s][info][gc,phases      ] GC(28) Compaction Phase 13.610ms
[0.582s][info][gc,phases,start] GC(28) Post Compact
[0.582s][info][gc,phases      ] GC(28) Post Compact 0.351ms
[0.583s][info][gc,heap        ] GC(28) PSYoungGen: 14336K(25600K)->7154K(25600K) Eden: 0K(11264K)->0K(11264K) From: 14336K(14336K)->7154K(14336K)
[0.583s][info][gc,heap        ] GC(28) ParOldGen: 60174K(67584K)->67140K(86016K)
[0.583s][info][gc,metaspace   ] GC(28) Metaspace: 6297K(6464K)->6297K(6464K) NonClass: 5764K(5824K)->5764K(5824K) Class: 533K(640K)->533K(640K)
[0.583s][info][gc             ] GC(28) Pause Full (Ergonomics) 72M->72M(109M) 36.165ms
[0.583s][info][gc,cpu         ] GC(28) User=0.05s Sys=0.00s Real=0.04s
[0.596s][info][gc,start       ] GC(29) Pause Young (Allocation Failure)
[0.611s][info][gc,heap        ] GC(29) PSYoungGen: 18418K(25600K)->11328K(32768K) Eden: 11264K(11264K)->0K(13312K) From: 7154K(14336K)->11328K(19456K)
[0.611s][info][gc,heap        ] GC(29) ParOldGen: 67140K(86016K)->74420K(86016K)
[0.611s][info][gc,metaspace   ] GC(29) Metaspace: 6297K(6464K)->6297K(6464K) NonClass: 5764K(5824K)->5764K(5824K) Class: 533K(640K)->533K(640K)
[0.611s][info][gc             ] GC(29) Pause Young (Allocation Failure) 83M->83M(116M) 15.222ms
[0.611s][info][gc,cpu         ] GC(29) User=0.02s Sys=0.00s Real=0.02s
[0.630s][info][gc,start       ] GC(30) Pause Young (Allocation Failure)
[0.645s][info][gc,heap        ] GC(30) PSYoungGen: 24640K(32768K)->19936K(33280K) Eden: 13312K(13312K)->0K(13312K) From: 11328K(19456K)->19936K(19968K)
[0.645s][info][gc,heap        ] GC(30) ParOldGen: 74420K(86016K)->79124K(86016K)
[0.645s][info][gc,metaspace   ] GC(30) Metaspace: 6297K(6464K)->6297K(6464K) NonClass: 5764K(5824K)->5764K(5824K) Class: 533K(640K)->533K(640K)
[0.645s][info][gc             ] GC(30) Pause Young (Allocation Failure) 96M->96M(116M) 14.775ms
[0.645s][info][gc,cpu         ] GC(30) User=0.00s Sys=0.00s Real=0.01s
[0.645s][info][gc,start       ] GC(31) Pause Full (Ergonomics)
[0.645s][info][gc,phases,start] GC(31) Marking Phase
[0.673s][info][gc,phases      ] GC(31) Marking Phase 27.823ms
[0.673s][info][gc,phases,start] GC(31) Summary Phase
[0.673s][info][gc,phases      ] GC(31) Summary Phase 0.019ms
[0.673s][info][gc,phases,start] GC(31) Adjust Roots
[0.673s][info][gc,phases      ] GC(31) Adjust Roots 0.181ms
[0.674s][info][gc,phases,start] GC(31) Compaction Phase
[0.700s][info][gc,phases      ] GC(31) Compaction Phase 26.799ms
[0.700s][info][gc,phases,start] GC(31) Post Compact
[0.701s][info][gc,phases      ] GC(31) Post Compact 0.340ms
[0.701s][info][gc,heap        ] GC(31) PSYoungGen: 19936K(33280K)->11210K(33280K) Eden: 0K(13312K)->0K(13312K) From: 19936K(19968K)->11210K(19968K)
[0.701s][info][gc,heap        ] GC(31) ParOldGen: 79124K(86016K)->85559K(106496K)
[0.701s][info][gc,metaspace   ] GC(31) Metaspace: 6297K(6464K)->6297K(6464K) NonClass: 5764K(5824K)->5764K(5824K) Class: 533K(640K)->533K(640K)
[0.701s][info][gc             ] GC(31) Pause Full (Ergonomics) 96M->94M(136M) 55.523ms
[0.701s][info][gc,cpu         ] GC(31) User=0.08s Sys=0.00s Real=0.06s
[0.713s][info][gc,start       ] GC(32) Pause Young (Allocation Failure)
[0.733s][info][gc,heap        ] GC(32) PSYoungGen: 24522K(33280K)->13376K(40448K) Eden: 13312K(13312K)->0K(15872K) From: 11210K(19968K)->13376K(24576K)
[0.733s][info][gc,heap        ] GC(32) ParOldGen: 85559K(106496K)->96959K(106496K)
[0.733s][info][gc,metaspace   ] GC(32) Metaspace: 6297K(6464K)->6297K(6464K) NonClass: 5764K(5824K)->5764K(5824K) Class: 533K(640K)->533K(640K)
[0.733s][info][gc             ] GC(32) Pause Young (Allocation Failure) 107M->107M(143M) 20.258ms
[0.734s][info][gc,cpu         ] GC(32) User=0.03s Sys=0.00s Real=0.02s
[0.734s][info][gc,start       ] GC(33) Pause Full (Ergonomics)
[0.734s][info][gc,phases,start] GC(33) Marking Phase
[0.768s][info][gc,phases      ] GC(33) Marking Phase 34.189ms
[0.768s][info][gc,phases,start] GC(33) Summary Phase
[0.768s][info][gc,phases      ] GC(33) Summary Phase 0.017ms
[0.768s][info][gc,phases,start] GC(33) Adjust Roots
[0.768s][info][gc,phases      ] GC(33) Adjust Roots 0.173ms
[0.768s][info][gc,phases,start] GC(33) Compaction Phase
[0.787s][info][gc,phases      ] GC(33) Compaction Phase 19.040ms
[0.787s][info][gc,phases,start] GC(33) Post Compact
[0.788s][info][gc,phases      ] GC(33) Post Compact 0.672ms
[0.788s][info][gc,heap        ] GC(33) PSYoungGen: 13376K(40448K)->3573K(40960K) Eden: 0K(15872K)->0K(16384K) From: 13376K(24576K)->3573K(24576K)
[0.788s][info][gc,heap        ] GC(33) ParOldGen: 96959K(106496K)->106478K(131072K)
[0.788s][info][gc,metaspace   ] GC(33) Metaspace: 6297K(6464K)->6297K(6464K) NonClass: 5764K(5824K)->5764K(5824K) Class: 533K(640K)->533K(640K)
[0.788s][info][gc             ] GC(33) Pause Full (Ergonomics) 107M->107M(168M) 54.535ms
[0.788s][info][gc,cpu         ] GC(33) User=0.11s Sys=0.00s Real=0.05s
[0.804s][info][gc,start       ] GC(34) Pause Young (Allocation Failure)
[0.825s][info][gc,heap        ] GC(34) PSYoungGen: 19957K(40960K)->20032K(41472K) Eden: 16384K(16384K)->0K(16384K) From: 3573K(24576K)->20032K(25088K)
[0.825s][info][gc,heap        ] GC(34) ParOldGen: 106478K(131072K)->106478K(131072K)
[0.825s][info][gc,metaspace   ] GC(34) Metaspace: 6297K(6464K)->6297K(6464K) NonClass: 5764K(5824K)->5764K(5824K) Class: 533K(640K)->533K(640K)
[0.825s][info][gc             ] GC(34) Pause Young (Allocation Failure) 123M->123M(168M) 21.438ms
[0.825s][info][gc,cpu         ] GC(34) User=0.03s Sys=0.00s Real=0.02s
[0.841s][info][gc,start       ] GC(35) Pause Young (Allocation Failure)
[0.868s][info][gc,heap        ] GC(35) PSYoungGen: 36416K(41472K)->27136K(38400K) Eden: 16384K(16384K)->0K(11264K) From: 20032K(25088K)->27136K(27136K)
[0.868s][info][gc,heap        ] GC(35) ParOldGen: 106478K(131072K)->115838K(131072K)
[0.868s][info][gc,metaspace   ] GC(35) Metaspace: 6297K(6464K)->6297K(6464K) NonClass: 5764K(5824K)->5764K(5824K) Class: 533K(640K)->533K(640K)
[0.868s][info][gc             ] GC(35) Pause Young (Allocation Failure) 139M->139M(165M) 27.158ms
[0.868s][info][gc,cpu         ] GC(35) User=0.05s Sys=0.02s Real=0.03s
[0.879s][info][gc,start       ] GC(36) Pause Young (Allocation Failure)
[0.902s][info][gc,heap        ] GC(36) PSYoungGen: 38400K(38400K)->24480K(46592K) Eden: 11264K(11264K)->0K(11264K) From: 27136K(27136K)->24480K(35328K)
[0.902s][info][gc,heap        ] GC(36) ParOldGen: 115838K(131072K)->130022K(131072K)
[0.902s][info][gc,metaspace   ] GC(36) Metaspace: 6297K(6464K)->6297K(6464K) NonClass: 5764K(5824K)->5764K(5824K) Class: 533K(640K)->533K(640K)
[0.902s][info][gc             ] GC(36) Pause Young (Allocation Failure) 150M->150M(173M) 23.073ms
[0.902s][info][gc,cpu         ] GC(36) User=0.03s Sys=0.00s Real=0.02s
[0.902s][info][gc,start       ] GC(37) Pause Full (Ergonomics)
[0.902s][info][gc,phases,start] GC(37) Marking Phase
[0.948s][info][gc,phases      ] GC(37) Marking Phase 45.321ms
[0.948s][info][gc,phases,start] GC(37) Summary Phase
[0.948s][info][gc,phases      ] GC(37) Summary Phase 0.015ms
[0.948s][info][gc,phases,start] GC(37) Adjust Roots
[0.948s][info][gc,phases      ] GC(37) Adjust Roots 0.199ms
[0.948s][info][gc,phases,start] GC(37) Compaction Phase
[0.976s][info][gc,phases      ] GC(37) Compaction Phase 27.618ms
[0.976s][info][gc,phases,start] GC(37) Post Compact
[0.977s][info][gc,phases      ] GC(37) Post Compact 0.721ms
[0.977s][info][gc,heap        ] GC(37) PSYoungGen: 24480K(46592K)->23349K(46592K) Eden: 0K(11264K)->0K(11264K) From: 24480K(35328K)->23349K(35328K)
[0.977s][info][gc,heap        ] GC(37) ParOldGen: 130022K(131072K)->130642K(160256K)
[0.977s][info][gc,metaspace   ] GC(37) Metaspace: 6297K(6464K)->6297K(6464K) NonClass: 5764K(5824K)->5764K(5824K) Class: 533K(640K)->533K(640K)
[0.977s][info][gc             ] GC(37) Pause Full (Ergonomics) 150M->150M(202M) 74.391ms
[0.977s][info][gc,cpu         ] GC(37) User=0.17s Sys=0.00s Real=0.07s
[0.989s][info][gc,start       ] GC(38) Pause Young (Allocation Failure)
[1.015s][info][gc,heap        ] GC(38) PSYoungGen: 34613K(46592K)->22240K(50176K) Eden: 11264K(11264K)->0K(12800K) From: 23349K(35328K)->22240K(37376K)
[1.015s][info][gc,heap        ] GC(38) ParOldGen: 130642K(160256K)->143322K(160256K)
[1.015s][info][gc,metaspace   ] GC(38) Metaspace: 6297K(6464K)->6297K(6464K) NonClass: 5764K(5824K)->5764K(5824K) Class: 533K(640K)->533K(640K)
[1.015s][info][gc             ] GC(38) Pause Young (Allocation Failure) 161M->161M(205M) 26.395ms
[1.015s][info][gc,cpu         ] GC(38) User=0.00s Sys=0.03s Real=0.03s
[1.015s][info][gc,start       ] GC(39) Pause Full (Ergonomics)
[1.015s][info][gc,phases,start] GC(39) Marking Phase
[1.071s][info][gc,phases      ] GC(39) Marking Phase 55.761ms
[1.071s][info][gc,phases,start] GC(39) Summary Phase
[1.071s][info][gc,phases      ] GC(39) Summary Phase 0.024ms
[1.071s][info][gc,phases,start] GC(39) Adjust Roots
[1.071s][info][gc,phases      ] GC(39) Adjust Roots 0.189ms
[1.071s][info][gc,phases,start] GC(39) Compaction Phase
[1.107s][info][gc,phases      ] GC(39) Compaction Phase 35.865ms
[1.107s][info][gc,phases,start] GC(39) Post Compact
[1.108s][info][gc,phases      ] GC(39) Post Compact 0.864ms
[1.109s][info][gc,heap        ] GC(39) PSYoungGen: 22240K(50176K)->5243K(50176K) Eden: 0K(12800K)->0K(12800K) From: 22240K(37376K)->5243K(37376K)
[1.109s][info][gc,heap        ] GC(39) ParOldGen: 143322K(160256K)->159976K(193024K)
[1.109s][info][gc,metaspace   ] GC(39) Metaspace: 6297K(6464K)->6297K(6464K) NonClass: 5764K(5824K)->5764K(5824K) Class: 533K(640K)->533K(640K)
[1.109s][info][gc             ] GC(39) Pause Full (Ergonomics) 161M->161M(237M) 93.209ms
[1.109s][info][gc,cpu         ] GC(39) User=0.23s Sys=0.02s Real=0.09s
[1.151s][info][gc,start       ] GC(40) Pause Young (Allocation Failure)
[1.171s][info][gc,heap        ] GC(40) PSYoungGen: 18043K(50176K)->18112K(50688K) Eden: 12800K(12800K)->0K(12800K) From: 5243K(37376K)->18112K(37888K)
[1.171s][info][gc,heap        ] GC(40) ParOldGen: 168168K(193024K)->168168K(193024K)
[1.171s][info][gc,metaspace   ] GC(40) Metaspace: 6297K(6464K)->6297K(6464K) NonClass: 5764K(5824K)->5764K(5824K) Class: 533K(640K)->533K(640K)
[1.171s][info][gc             ] GC(40) Pause Young (Allocation Failure) 181M->181M(238M) 20.422ms
[1.171s][info][gc,cpu         ] GC(40) User=0.02s Sys=0.00s Real=0.02s
[1.183s][info][gc,start       ] GC(41) Pause Young (Allocation Failure)
[1.203s][info][gc,heap        ] GC(41) PSYoungGen: 30912K(50688K)->30880K(48128K) Eden: 12800K(12800K)->0K(11264K) From: 18112K(37888K)->30880K(36864K)
[1.203s][info][gc,heap        ] GC(41) ParOldGen: 168168K(193024K)->168168K(193024K)
[1.203s][info][gc,metaspace   ] GC(41) Metaspace: 6297K(6464K)->6297K(6464K) NonClass: 5764K(5824K)->5764K(5824K) Class: 533K(640K)->533K(640K)
[1.203s][info][gc             ] GC(41) Pause Young (Allocation Failure) 194M->194M(235M) 19.828ms
[1.203s][info][gc,cpu         ] GC(41) User=0.02s Sys=0.02s Real=0.02s
[1.213s][info][gc,start       ] GC(42) Pause Young (Allocation Failure)
[1.236s][info][gc,heap        ] GC(42) PSYoungGen: 42144K(48128K)->40448K(51712K) Eden: 11264K(11264K)->0K(11264K) From: 30880K(36864K)->40448K(40448K)
[1.236s][info][gc,heap        ] GC(42) ParOldGen: 168168K(193024K)->169848K(193024K)
[1.236s][info][gc,metaspace   ] GC(42) Metaspace: 6297K(6464K)->6297K(6464K) NonClass: 5764K(5824K)->5764K(5824K) Class: 533K(640K)->533K(640K)
[1.237s][info][gc             ] GC(42) Pause Young (Allocation Failure) 205M->205M(239M) 23.075ms
[1.237s][info][gc,cpu         ] GC(42) User=0.05s Sys=0.00s Real=0.02s
[1.249s][info][gc,start       ] GC(43) Pause Young (Allocation Failure)
[1.280s][info][gc,heap        ] GC(43) PSYoungGen: 51712K(51712K)->46816K(52736K) Eden: 11264K(11264K)->0K(5632K) From: 40448K(40448K)->46816K(47104K)
[1.280s][info][gc,heap        ] GC(43) ParOldGen: 169848K(193024K)->174872K(193024K)
[1.280s][info][gc,metaspace   ] GC(43) Metaspace: 6297K(6464K)->6297K(6464K) NonClass: 5764K(5824K)->5764K(5824K) Class: 533K(640K)->533K(640K)
[1.280s][info][gc             ] GC(43) Pause Young (Allocation Failure) 216M->216M(240M) 31.017ms
[1.280s][info][gc,cpu         ] GC(43) User=0.05s Sys=0.02s Real=0.03s
[1.287s][info][gc,start       ] GC(44) Pause Young (Allocation Failure)
[1.316s][info][gc,heap        ] GC(44) PSYoungGen: 52448K(52736K)->39616K(60416K) Eden: 5632K(5632K)->0K(5632K) From: 46816K(47104K)->39616K(54784K)
[1.316s][info][gc,heap        ] GC(44) ParOldGen: 174872K(193024K)->187848K(193024K)
[1.316s][info][gc,metaspace   ] GC(44) Metaspace: 6297K(6464K)->6297K(6464K) NonClass: 5764K(5824K)->5764K(5824K) Class: 533K(640K)->533K(640K)
[1.316s][info][gc             ] GC(44) Pause Young (Allocation Failure) 221M->222M(247M) 28.673ms
[1.316s][info][gc,cpu         ] GC(44) User=0.06s Sys=0.00s Real=0.03s
[1.316s][info][gc,start       ] GC(45) Pause Full (Ergonomics)
[1.316s][info][gc,phases,start] GC(45) Marking Phase
[1.382s][info][gc,phases      ] GC(45) Marking Phase 66.092ms
[1.382s][info][gc,phases,start] GC(45) Summary Phase
[1.382s][info][gc,phases      ] GC(45) Summary Phase 0.022ms
[1.382s][info][gc,phases,start] GC(45) Adjust Roots
[1.382s][info][gc,phases      ] GC(45) Adjust Roots 0.230ms
[1.382s][info][gc,phases,start] GC(45) Compaction Phase
[1.432s][info][gc,phases      ] GC(45) Compaction Phase 50.133ms
[1.433s][info][gc,phases,start] GC(45) Post Compact
[1.434s][info][gc,phases      ] GC(45) Post Compact 1.016ms
[1.434s][info][gc,heap        ] GC(45) PSYoungGen: 39616K(60416K)->30304K(60416K) Eden: 0K(5632K)->0K(5632K) From: 39616K(54784K)->30304K(54784K)
[1.434s][info][gc,heap        ] GC(45) ParOldGen: 187848K(193024K)->192610K(227328K)
[1.434s][info][gc,metaspace   ] GC(45) Metaspace: 6297K(6464K)->6297K(6464K) NonClass: 5764K(5824K)->5764K(5824K) Class: 533K(640K)->533K(640K)
[1.434s][info][gc             ] GC(45) Pause Full (Ergonomics) 222M->217M(281M) 118.044ms
[1.434s][info][gc,cpu         ] GC(45) User=0.27s Sys=0.00s Real=0.12s
[1.441s][info][gc,start       ] GC(46) Pause Young (Allocation Failure)
[1.472s][info][gc,heap        ] GC(46) PSYoungGen: 35936K(60416K)->18016K(60416K) Eden: 5632K(5632K)->0K(6656K) From: 30304K(54784K)->18016K(53760K)
[1.472s][info][gc,heap        ] GC(46) ParOldGen: 192610K(227328K)->210882K(227328K)
[1.472s][info][gc,metaspace   ] GC(46) Metaspace: 6297K(6464K)->6297K(6464K) NonClass: 5764K(5824K)->5764K(5824K) Class: 533K(640K)->533K(640K)
[1.472s][info][gc             ] GC(46) Pause Young (Allocation Failure) 223M->223M(281M) 31.079ms
[1.472s][info][gc,cpu         ] GC(46) User=0.06s Sys=0.00s Real=0.03s
[1.472s][info][gc,start       ] GC(47) Pause Full (Ergonomics)
[1.472s][info][gc,phases,start] GC(47) Marking Phase
[1.543s][info][gc,phases      ] GC(47) Marking Phase 70.854ms
[1.543s][info][gc,phases,start] GC(47) Summary Phase
[1.543s][info][gc,phases      ] GC(47) Summary Phase 0.021ms
[1.543s][info][gc,phases,start] GC(47) Adjust Roots
[1.544s][info][gc,phases      ] GC(47) Adjust Roots 0.218ms
[1.544s][info][gc,phases,start] GC(47) Compaction Phase
[1.588s][info][gc,phases      ] GC(47) Compaction Phase 44.067ms
[1.588s][info][gc,phases,start] GC(47) Post Compact
[1.590s][info][gc,phases      ] GC(47) Post Compact 1.664ms
[1.590s][info][gc,heap        ] GC(47) PSYoungGen: 18016K(60416K)->1576K(61440K) Eden: 0K(6656K)->0K(7680K) From: 18016K(53760K)->1576K(53760K)
[1.590s][info][gc,heap        ] GC(47) ParOldGen: 210882K(227328K)->226938K(267264K)
[1.590s][info][gc,metaspace   ] GC(47) Metaspace: 6297K(6464K)->6297K(6464K) NonClass: 5764K(5824K)->5764K(5824K) Class: 533K(640K)->533K(640K)
[1.590s][info][gc             ] GC(47) Pause Full (Ergonomics) 223M->223M(321M) 117.518ms
[1.590s][info][gc,cpu         ] GC(47) User=0.30s Sys=0.00s Real=0.12s
[1.602s][info][gc,start       ] GC(48) Pause Young (Allocation Failure)
[1.631s][info][gc,heap        ] GC(48) PSYoungGen: 9256K(61440K)->9216K(62976K) Eden: 7680K(7680K)->0K(7680K) From: 1576K(53760K)->9216K(55296K)
[1.631s][info][gc,heap        ] GC(48) ParOldGen: 226938K(267264K)->227058K(267264K)
[1.631s][info][gc,metaspace   ] GC(48) Metaspace: 6297K(6464K)->6297K(6464K) NonClass: 5764K(5824K)->5764K(5824K) Class: 533K(640K)->533K(640K)
[1.631s][info][gc             ] GC(48) Pause Young (Allocation Failure) 230M->230M(322M) 29.986ms
[1.632s][info][gc,cpu         ] GC(48) User=0.03s Sys=0.00s Real=0.03s
[1.641s][info][gc,start       ] GC(49) Pause Young (Allocation Failure)
[1.654s][info][gc,heap        ] GC(49) PSYoungGen: 16896K(62976K)->16832K(58368K) Eden: 7680K(7680K)->0K(8704K) From: 9216K(55296K)->16832K(49664K)
[1.654s][info][gc,heap        ] GC(49) ParOldGen: 227058K(267264K)->227058K(267264K)
[1.654s][info][gc,metaspace   ] GC(49) Metaspace: 6297K(6464K)->6297K(6464K) NonClass: 5764K(5824K)->5764K(5824K) Class: 533K(640K)->533K(640K)
[1.654s][info][gc             ] GC(49) Pause Young (Allocation Failure) 238M->238M(318M) 13.190ms
[1.654s][info][gc,cpu         ] GC(49) User=0.00s Sys=0.00s Real=0.01s
[1.664s][info][gc,start       ] GC(50) Pause Young (Allocation Failure)
[1.684s][info][gc,heap        ] GC(50) PSYoungGen: 25536K(58368K)->25568K(60928K) Eden: 8704K(8704K)->0K(8704K) From: 16832K(49664K)->25568K(52224K)
[1.684s][info][gc,heap        ] GC(50) ParOldGen: 227058K(267264K)->227058K(267264K)
[1.684s][info][gc,metaspace   ] GC(50) Metaspace: 6297K(6464K)->6297K(6464K) NonClass: 5764K(5824K)->5764K(5824K) Class: 533K(640K)->533K(640K)
[1.684s][info][gc             ] GC(50) Pause Young (Allocation Failure) 246M->246M(320M) 19.978ms
[1.684s][info][gc,cpu         ] GC(50) User=0.00s Sys=0.00s Real=0.02s
[1.696s][info][gc,start       ] GC(51) Pause Young (Allocation Failure)
[1.723s][info][gc,heap        ] GC(51) PSYoungGen: 34272K(60928K)->33568K(59392K) Eden: 8704K(8704K)->0K(8704K) From: 25568K(52224K)->33568K(50688K)
[1.723s][info][gc,heap        ] GC(51) ParOldGen: 227058K(267264K)->227730K(267264K)
[1.723s][info][gc,metaspace   ] GC(51) Metaspace: 6297K(6464K)->6297K(6464K) NonClass: 5764K(5824K)->5764K(5824K) Class: 533K(640K)->533K(640K)
[1.723s][info][gc             ] GC(51) Pause Young (Allocation Failure) 255M->255M(319M) 27.372ms
[1.723s][info][gc,cpu         ] GC(51) User=0.05s Sys=0.00s Real=0.03s
[1.733s][info][gc,start       ] GC(52) Pause Young (Allocation Failure)
[1.759s][info][gc,heap        ] GC(52) PSYoungGen: 42272K(59392K)->41440K(60928K) Eden: 8704K(8704K)->0K(8704K) From: 33568K(50688K)->41440K(52224K)
[1.759s][info][gc,heap        ] GC(52) ParOldGen: 227730K(267264K)->228570K(267264K)
[1.759s][info][gc,metaspace   ] GC(52) Metaspace: 6297K(6464K)->6297K(6464K) NonClass: 5764K(5824K)->5764K(5824K) Class: 533K(640K)->533K(640K)
[1.759s][info][gc             ] GC(52) Pause Young (Allocation Failure) 263M->263M(320M) 26.360ms
[1.759s][info][gc,cpu         ] GC(52) User=0.05s Sys=0.00s Real=0.03s
[1.769s][info][gc,start       ] GC(53) Pause Young (Allocation Failure)
[1.801s][info][gc,heap        ] GC(53) PSYoungGen: 50144K(60928K)->34816K(66048K) Eden: 8704K(8704K)->0K(9728K) From: 41440K(52224K)->34816K(56320K)
[1.801s][info][gc,heap        ] GC(53) ParOldGen: 228570K(267264K)->244122K(267264K)
[1.801s][info][gc,metaspace   ] GC(53) Metaspace: 6297K(6464K)->6297K(6464K) NonClass: 5764K(5824K)->5764K(5824K) Class: 533K(640K)->533K(640K)
[1.801s][info][gc             ] GC(53) Pause Young (Allocation Failure) 272M->272M(325M) 32.368ms
[1.801s][info][gc,cpu         ] GC(53) User=0.05s Sys=0.00s Real=0.03s
[1.812s][info][gc,start       ] GC(54) Pause Young (Allocation Failure)
[1.840s][info][gc,heap        ] GC(54) PSYoungGen: 44544K(66048K)->27168K(37376K) Eden: 9728K(9728K)->0K(9728K) From: 34816K(56320K)->27168K(27648K)
[1.840s][info][gc,heap        ] GC(54) ParOldGen: 244122K(267264K)->261746K(267264K)
[1.840s][info][gc,metaspace   ] GC(54) Metaspace: 6297K(6464K)->6297K(6464K) NonClass: 5764K(5824K)->5764K(5824K) Class: 533K(640K)->533K(640K)
[1.840s][info][gc             ] GC(54) Pause Young (Allocation Failure) 281M->282M(297M) 28.081ms
[1.840s][info][gc,cpu         ] GC(54) User=0.06s Sys=0.00s Real=0.03s
[1.840s][info][gc,start       ] GC(55) Pause Full (Ergonomics)
[1.840s][info][gc,phases,start] GC(55) Marking Phase
[1.924s][info][gc,phases      ] GC(55) Marking Phase 83.217ms
[1.924s][info][gc,phases,start] GC(55) Summary Phase
[1.924s][info][gc,phases      ] GC(55) Summary Phase 0.026ms
[1.924s][info][gc,phases,start] GC(55) Adjust Roots
[1.924s][info][gc,phases      ] GC(55) Adjust Roots 0.172ms
[1.924s][info][gc,phases,start] GC(55) Compaction Phase
[1.966s][info][gc,phases      ] GC(55) Compaction Phase 41.763ms
[1.966s][info][gc,phases,start] GC(55) Post Compact
[1.967s][info][gc,phases      ] GC(55) Post Compact 1.270ms
[1.967s][info][gc,heap        ] GC(55) PSYoungGen: 27168K(37376K)->21424K(37376K) Eden: 0K(9728K)->0K(9728K) From: 27168K(27648K)->21424K(27648K)
[1.967s][info][gc,heap        ] GC(55) ParOldGen: 261746K(267264K)->266767K(312320K)
[1.967s][info][gc,metaspace   ] GC(55) Metaspace: 6297K(6464K)->6297K(6464K) NonClass: 5764K(5824K)->5764K(5824K) Class: 533K(640K)->533K(640K)
[1.967s][info][gc             ] GC(55) Pause Full (Ergonomics) 282M->281M(341M) 126.921ms
[1.967s][info][gc,cpu         ] GC(55) User=0.33s Sys=0.00s Real=0.13s
[1.978s][info][gc,start       ] GC(56) Pause Young (Allocation Failure)
[2.019s][info][gc,heap        ] GC(56) PSYoungGen: 31152K(37376K)->17504K(61952K) Eden: 9728K(9728K)->0K(11264K) From: 21424K(27648K)->17504K(50688K)
[2.019s][info][gc,heap        ] GC(56) ParOldGen: 266767K(312320K)->280671K(312320K)
[2.019s][info][gc,metaspace   ] GC(56) Metaspace: 6297K(6464K)->6297K(6464K) NonClass: 5764K(5824K)->5764K(5824K) Class: 533K(640K)->533K(640K)
[2.019s][info][gc             ] GC(56) Pause Young (Allocation Failure) 290M->291M(365M) 40.800ms
[2.019s][info][gc,cpu         ] GC(56) User=0.08s Sys=0.00s Real=0.04s
[2.034s][info][gc,start       ] GC(57) Pause Young (Allocation Failure)
[2.058s][info][gc,heap        ] GC(57) PSYoungGen: 28768K(61952K)->11328K(64000K) Eden: 11264K(11264K)->0K(11264K) From: 17504K(50688K)->11328K(52736K)
[2.058s][info][gc,heap        ] GC(57) ParOldGen: 280671K(312320K)->298407K(312320K)
[2.058s][info][gc,metaspace   ] GC(57) Metaspace: 6297K(6464K)->6297K(6464K) NonClass: 5764K(5824K)->5764K(5824K) Class: 533K(640K)->533K(640K)
[2.058s][info][gc             ] GC(57) Pause Young (Allocation Failure) 302M->302M(367M) 24.878ms
[2.058s][info][gc,cpu         ] GC(57) User=0.05s Sys=0.00s Real=0.03s
[2.058s][info][gc,start       ] GC(58) Pause Full (Ergonomics)
[2.059s][info][gc,phases,start] GC(58) Marking Phase
[2.160s][info][gc,phases      ] GC(58) Marking Phase 101.251ms
[2.160s][info][gc,phases,start] GC(58) Summary Phase
[2.160s][info][gc,phases      ] GC(58) Summary Phase 0.024ms
[2.160s][info][gc,phases,start] GC(58) Adjust Roots
[2.160s][info][gc,phases      ] GC(58) Adjust Roots 0.202ms
[2.160s][info][gc,phases,start] GC(58) Compaction Phase
[2.207s][info][gc,phases      ] GC(58) Compaction Phase 46.901ms
[2.207s][info][gc,phases,start] GC(58) Post Compact
[2.209s][info][gc,phases      ] GC(58) Post Compact 1.707ms
[2.209s][info][gc,heap        ] GC(58) PSYoungGen: 11328K(64000K)->0K(65024K) Eden: 0K(11264K)->0K(12800K) From: 11328K(52736K)->0K(52224K)
[2.209s][info][gc,heap        ] GC(58) ParOldGen: 298407K(312320K)->309117K(341504K)
[2.209s][info][gc,metaspace   ] GC(58) Metaspace: 6297K(6464K)->6297K(6464K) NonClass: 5764K(5824K)->5764K(5824K) Class: 533K(640K)->533K(640K)
[2.209s][info][gc             ] GC(58) Pause Full (Ergonomics) 302M->301M(397M) 150.583ms
[2.209s][info][gc,cpu         ] GC(58) User=0.31s Sys=0.00s Real=0.15s
[2.225s][info][gc,start       ] GC(59) Pause Young (Allocation Failure)
[2.234s][info][gc,heap        ] GC(59) PSYoungGen: 12800K(65024K)->12832K(65024K) Eden: 12800K(12800K)->0K(12800K) From: 0K(52224K)->12832K(52224K)
[2.234s][info][gc,heap        ] GC(59) ParOldGen: 309117K(341504K)->309117K(341504K)
[2.234s][info][gc,metaspace   ] GC(59) Metaspace: 6297K(6464K)->6297K(6464K) NonClass: 5764K(5824K)->5764K(5824K) Class: 533K(640K)->533K(640K)
[2.234s][info][gc             ] GC(59) Pause Young (Allocation Failure) 314M->314M(397M) 9.262ms
[2.234s][info][gc,cpu         ] GC(59) User=0.00s Sys=0.00s Real=0.01s
[2.248s][info][gc,start       ] GC(60) Pause Young (Allocation Failure)
[2.265s][info][gc,heap        ] GC(60) PSYoungGen: 25632K(65024K)->25632K(61952K) Eden: 12800K(12800K)->0K(14336K) From: 12832K(52224K)->25632K(47616K)
[2.265s][info][gc,heap        ] GC(60) ParOldGen: 309117K(341504K)->309117K(341504K)
[2.265s][info][gc,metaspace   ] GC(60) Metaspace: 6297K(6464K)->6297K(6464K) NonClass: 5764K(5824K)->5764K(5824K) Class: 533K(640K)->533K(640K)
[2.265s][info][gc             ] GC(60) Pause Young (Allocation Failure) 326M->326M(394M) 16.875ms
[2.265s][info][gc,cpu         ] GC(60) User=0.02s Sys=0.00s Real=0.02s
[2.281s][info][gc,start       ] GC(61) Pause Young (Allocation Failure)
[2.308s][info][gc,heap        ] GC(61) PSYoungGen: 39968K(61952K)->39936K(64000K) Eden: 14336K(14336K)->0K(14336K) From: 25632K(47616K)->39936K(49664K)
[2.308s][info][gc,heap        ] GC(61) ParOldGen: 309117K(341504K)->309117K(341504K)
[2.308s][info][gc,metaspace   ] GC(61) Metaspace: 6297K(6464K)->6297K(6464K) NonClass: 5764K(5824K)->5764K(5824K) Class: 533K(640K)->533K(640K)
[2.308s][info][gc             ] GC(61) Pause Young (Allocation Failure) 340M->340M(396M) 26.298ms
[2.308s][info][gc,cpu         ] GC(61) User=0.05s Sys=0.00s Real=0.03s
[2.388s][info][gc,start       ] GC(62) Pause Full (Ergonomics)
[2.388s][info][gc,phases,start] GC(62) Marking Phase
[2.502s][info][gc,phases      ] GC(62) Marking Phase 113.624ms
[2.502s][info][gc,phases,start] GC(62) Summary Phase
[2.502s][info][gc,phases      ] GC(62) Summary Phase 0.020ms
[2.502s][info][gc,phases,start] GC(62) Adjust Roots
[2.502s][info][gc,phases      ] GC(62) Adjust Roots 0.222ms
[2.502s][info][gc,phases,start] GC(62) Compaction Phase
[2.578s][info][gc,phases      ] GC(62) Compaction Phase 75.691ms
[2.578s][info][gc,phases,start] GC(62) Post Compact
[2.580s][info][gc,phases      ] GC(62) Post Compact 1.929ms
[2.580s][info][gc,heap        ] GC(62) PSYoungGen: 54272K(64000K)->30131K(64000K) Eden: 14336K(14336K)->0K(14336K) From: 39936K(49664K)->30131K(49664K)
[2.580s][info][gc,heap        ] GC(62) ParOldGen: 325501K(341504K)->341320K(341504K)
[2.580s][info][gc,metaspace   ] GC(62) Metaspace: 6297K(6464K)->6297K(6464K) NonClass: 5764K(5824K)->5764K(5824K) Class: 533K(640K)->533K(640K)
[2.580s][info][gc             ] GC(62) Pause Full (Ergonomics) 370M->362M(396M) 191.886ms
[2.580s][info][gc,cpu         ] GC(62) User=0.47s Sys=0.00s Real=0.19s
[2.596s][info][gc,start       ] GC(63) Pause Full (Ergonomics)
[2.596s][info][gc,phases,start] GC(63) Marking Phase
[2.732s][info][gc,phases      ] GC(63) Marking Phase 135.903ms
[2.732s][info][gc,phases,start] GC(63) Summary Phase
[2.732s][info][gc,phases      ] GC(63) Summary Phase 0.020ms
[2.732s][info][gc,phases,start] GC(63) Adjust Roots
[2.732s][info][gc,phases      ] GC(63) Adjust Roots 0.174ms
[2.732s][info][gc,phases,start] GC(63) Compaction Phase
[2.779s][info][gc,phases      ] GC(63) Compaction Phase 46.021ms
[2.779s][info][gc,phases,start] GC(63) Post Compact
[2.780s][info][gc,phases      ] GC(63) Post Compact 1.691ms
[2.780s][info][gc,heap        ] GC(63) PSYoungGen: 44467K(64000K)->44438K(64000K) Eden: 14336K(14336K)->14306K(14336K) From: 30131K(49664K)->30131K(49664K)
[2.780s][info][gc,heap        ] GC(63) ParOldGen: 341320K(341504K)->341320K(341504K)
[2.780s][info][gc,metaspace   ] GC(63) Metaspace: 6297K(6464K)->6297K(6464K) NonClass: 5764K(5824K)->5764K(5824K) Class: 533K(640K)->533K(640K)
[2.780s][info][gc             ] GC(63) Pause Full (Ergonomics) 376M->376M(396M) 184.189ms
[2.780s][info][gc,cpu         ] GC(63) User=0.53s Sys=0.00s Real=0.18s
[2.781s][info][gc,start       ] GC(64) Pause Full (Ergonomics)
[2.781s][info][gc,phases,start] GC(64) Marking Phase
[2.898s][info][gc,phases      ] GC(64) Marking Phase 117.066ms
[2.898s][info][gc,phases,start] GC(64) Summary Phase
[2.898s][info][gc,phases      ] GC(64) Summary Phase 0.024ms
[2.898s][info][gc,phases,start] GC(64) Adjust Roots
[2.898s][info][gc,phases      ] GC(64) Adjust Roots 0.187ms
[2.898s][info][gc,phases,start] GC(64) Compaction Phase
[2.941s][info][gc,phases      ] GC(64) Compaction Phase 42.942ms
[2.941s][info][gc,phases,start] GC(64) Post Compact
[2.943s][info][gc,phases      ] GC(64) Post Compact 1.622ms
[2.943s][info][gc,heap        ] GC(64) PSYoungGen: 44467K(64000K)->44466K(64000K) Eden: 14336K(14336K)->14335K(14336K) From: 30131K(49664K)->30131K(49664K)
[2.943s][info][gc,heap        ] GC(64) ParOldGen: 341320K(341504K)->341320K(341504K)
[2.943s][info][gc,metaspace   ] GC(64) Metaspace: 6297K(6464K)->6297K(6464K) NonClass: 5764K(5824K)->5764K(5824K) Class: 533K(640K)->533K(640K)
[2.943s][info][gc             ] GC(64) Pause Full (Ergonomics) 376M->376M(396M) 162.198ms
[2.943s][info][gc,cpu         ] GC(64) User=0.47s Sys=0.00s Real=0.16s
[2.943s][info][gc,start       ] GC(65) Pause Full (Ergonomics)
[2.943s][info][gc,phases,start] GC(65) Marking Phase
[3.064s][info][gc,phases      ] GC(65) Marking Phase 120.971ms
[3.064s][info][gc,phases,start] GC(65) Summary Phase
[3.064s][info][gc,phases      ] GC(65) Summary Phase 0.021ms
[3.064s][info][gc,phases,start] GC(65) Adjust Roots
[3.064s][info][gc,phases      ] GC(65) Adjust Roots 0.201ms
[3.064s][info][gc,phases,start] GC(65) Compaction Phase
[3.107s][info][gc,phases      ] GC(65) Compaction Phase 42.825ms
[3.107s][info][gc,phases,start] GC(65) Post Compact
[3.109s][info][gc,phases      ] GC(65) Post Compact 1.975ms
[3.109s][info][gc,heap        ] GC(65) PSYoungGen: 44467K(64000K)->44467K(64000K) Eden: 14336K(14336K)->14336K(14336K) From: 30131K(49664K)->30131K(49664K)
[3.109s][info][gc,heap        ] GC(65) ParOldGen: 341320K(341504K)->341320K(341504K)
[3.110s][info][gc,metaspace   ] GC(65) Metaspace: 6297K(6464K)->6297K(6464K) NonClass: 5764K(5824K)->5764K(5824K) Class: 533K(640K)->533K(640K)
[3.110s][info][gc             ] GC(65) Pause Full (Ergonomics) 376M->376M(396M) 166.415ms
[3.110s][info][gc,cpu         ] GC(65) User=0.42s Sys=0.00s Real=0.17s
[3.110s][info][gc,start       ] GC(66) Pause Full (Ergonomics)
[3.110s][info][gc,phases,start] GC(66) Marking Phase
[3.218s][info][gc,phases      ] GC(66) Marking Phase 108.430ms
[3.218s][info][gc,phases,start] GC(66) Summary Phase
[3.218s][info][gc,phases      ] GC(66) Summary Phase 0.023ms
[3.218s][info][gc,phases,start] GC(66) Adjust Roots
[3.219s][info][gc,phases      ] GC(66) Adjust Roots 0.187ms
[3.219s][info][gc,phases,start] GC(66) Compaction Phase
[3.256s][info][gc,phases      ] GC(66) Compaction Phase 37.577ms
[3.256s][info][gc,phases,start] GC(66) Post Compact
[3.258s][info][gc,phases      ] GC(66) Post Compact 1.606ms
[3.258s][info][gc,heap        ] GC(66) PSYoungGen: 44467K(64000K)->44467K(64000K) Eden: 14336K(14336K)->14336K(14336K) From: 30131K(49664K)->30131K(49664K)
[3.258s][info][gc,heap        ] GC(66) ParOldGen: 341325K(341504K)->341325K(341504K)
[3.258s][info][gc,metaspace   ] GC(66) Metaspace: 6297K(6464K)->6297K(6464K) NonClass: 5764K(5824K)->5764K(5824K) Class: 533K(640K)->533K(640K)
[3.258s][info][gc             ] GC(66) Pause Full (Ergonomics) 376M->376M(396M) 148.180ms
[3.258s][info][gc,cpu         ] GC(66) User=0.44s Sys=0.00s Real=0.15s
[3.258s][info][gc,start       ] GC(67) Pause Full (Ergonomics)
[3.258s][info][gc,phases,start] GC(67) Marking Phase
[3.365s][info][gc,phases      ] GC(67) Marking Phase 106.474ms
[3.365s][info][gc,phases,start] GC(67) Summary Phase
[3.365s][info][gc,phases      ] GC(67) Summary Phase 0.024ms
[3.365s][info][gc,phases,start] GC(67) Adjust Roots
[3.365s][info][gc,phases      ] GC(67) Adjust Roots 0.196ms
[3.365s][info][gc,phases,start] GC(67) Compaction Phase
[3.402s][info][gc,phases      ] GC(67) Compaction Phase 36.928ms
[3.402s][info][gc,phases,start] GC(67) Post Compact
[3.404s][info][gc,phases      ] GC(67) Post Compact 1.588ms
[3.404s][info][gc,heap        ] GC(67) PSYoungGen: 44467K(64000K)->44467K(64000K) Eden: 14336K(14336K)->14336K(14336K) From: 30131K(49664K)->30131K(49664K)
[3.404s][info][gc,heap        ] GC(67) ParOldGen: 341329K(341504K)->341329K(341504K)
[3.404s][info][gc,metaspace   ] GC(67) Metaspace: 6297K(6464K)->6297K(6464K) NonClass: 5764K(5824K)->5764K(5824K) Class: 533K(640K)->533K(640K)
[3.404s][info][gc             ] GC(67) Pause Full (Ergonomics) 376M->376M(396M) 145.582ms
[3.404s][info][gc,cpu         ] GC(67) User=0.38s Sys=0.00s Real=0.15s
[3.404s][info][gc,start       ] GC(68) Pause Full (Ergonomics)
[3.404s][info][gc,phases,start] GC(68) Marking Phase
[3.516s][info][gc,phases      ] GC(68) Marking Phase 111.858ms
[3.516s][info][gc,phases,start] GC(68) Summary Phase
[3.516s][info][gc,phases      ] GC(68) Summary Phase 0.017ms
[3.516s][info][gc,phases,start] GC(68) Adjust Roots
[3.516s][info][gc,phases      ] GC(68) Adjust Roots 0.203ms
[3.516s][info][gc,phases,start] GC(68) Compaction Phase
[3.554s][info][gc,phases      ] GC(68) Compaction Phase 38.014ms
[3.554s][info][gc,phases,start] GC(68) Post Compact
[3.556s][info][gc,phases      ] GC(68) Post Compact 1.533ms
[3.556s][info][gc,heap        ] GC(68) PSYoungGen: 44467K(64000K)->44467K(64000K) Eden: 14336K(14336K)->14336K(14336K) From: 30131K(49664K)->30131K(49664K)
[3.556s][info][gc,heap        ] GC(68) ParOldGen: 341334K(341504K)->341334K(341504K)
[3.556s][info][gc,metaspace   ] GC(68) Metaspace: 6297K(6464K)->6297K(6464K) NonClass: 5764K(5824K)->5764K(5824K) Class: 533K(640K)->533K(640K)
[3.556s][info][gc             ] GC(68) Pause Full (Ergonomics) 376M->376M(396M) 151.958ms
[3.556s][info][gc,cpu         ] GC(68) User=0.39s Sys=0.02s Real=0.15s
[3.556s][info][gc,start       ] GC(69) Pause Full (Ergonomics)
[3.556s][info][gc,phases,start] GC(69) Marking Phase
[3.666s][info][gc,phases      ] GC(69) Marking Phase 109.738ms
[3.666s][info][gc,phases,start] GC(69) Summary Phase
[3.666s][info][gc,phases      ] GC(69) Summary Phase 0.024ms
[3.666s][info][gc,phases,start] GC(69) Adjust Roots
[3.666s][info][gc,phases      ] GC(69) Adjust Roots 0.210ms
[3.667s][info][gc,phases,start] GC(69) Compaction Phase
[3.703s][info][gc,phases      ] GC(69) Compaction Phase 36.461ms
[3.703s][info][gc,phases,start] GC(69) Post Compact
[3.705s][info][gc,phases      ] GC(69) Post Compact 1.553ms
[3.705s][info][gc,heap        ] GC(69) PSYoungGen: 44467K(64000K)->44467K(64000K) Eden: 14336K(14336K)->14336K(14336K) From: 30131K(49664K)->30131K(49664K)
[3.705s][info][gc,heap        ] GC(69) ParOldGen: 341339K(341504K)->341339K(341504K)
[3.705s][info][gc,metaspace   ] GC(69) Metaspace: 6297K(6464K)->6297K(6464K) NonClass: 5764K(5824K)->5764K(5824K) Class: 533K(640K)->533K(640K)
[3.705s][info][gc             ] GC(69) Pause Full (Ergonomics) 376M->376M(396M) 148.385ms
[3.705s][info][gc,cpu         ] GC(69) User=0.39s Sys=0.00s Real=0.15s
[3.705s][info][gc,start       ] GC(70) Pause Full (Ergonomics)
[3.705s][info][gc,phases,start] GC(70) Marking Phase
[3.845s][info][gc,phases      ] GC(70) Marking Phase 139.486ms
[3.845s][info][gc,phases,start] GC(70) Summary Phase
[3.845s][info][gc,phases      ] GC(70) Summary Phase 0.061ms
[3.845s][info][gc,phases,start] GC(70) Adjust Roots
[3.845s][info][gc,phases      ] GC(70) Adjust Roots 0.322ms
[3.845s][info][gc,phases,start] GC(70) Compaction Phase
[3.891s][info][gc,phases      ] GC(70) Compaction Phase 46.270ms
[3.891s][info][gc,phases,start] GC(70) Post Compact
[3.893s][info][gc,phases      ] GC(70) Post Compact 1.910ms
[3.894s][info][gc,heap        ] GC(70) PSYoungGen: 44467K(64000K)->44467K(64000K) Eden: 14336K(14336K)->14336K(14336K) From: 30131K(49664K)->30131K(49664K)
[3.894s][info][gc,heap        ] GC(70) ParOldGen: 341343K(341504K)->341343K(341504K)
[3.894s][info][gc,metaspace   ] GC(70) Metaspace: 6297K(6464K)->6297K(6464K) NonClass: 5764K(5824K)->5764K(5824K) Class: 533K(640K)->533K(640K)
[3.894s][info][gc             ] GC(70) Pause Full (Ergonomics) 376M->376M(396M) 188.485ms
[3.894s][info][gc,cpu         ] GC(70) User=0.42s Sys=0.00s Real=0.19s
[3.894s][info][gc,start       ] GC(71) Pause Full (Ergonomics)
[3.894s][info][gc,phases,start] GC(71) Marking Phase
[4.015s][info][gc,phases      ] GC(71) Marking Phase 120.686ms
[4.015s][info][gc,phases,start] GC(71) Summary Phase
[4.015s][info][gc,phases      ] GC(71) Summary Phase 0.019ms
[4.015s][info][gc,phases,start] GC(71) Adjust Roots
[4.015s][info][gc,phases      ] GC(71) Adjust Roots 0.177ms
[4.015s][info][gc,phases,start] GC(71) Compaction Phase
[4.053s][info][gc,phases      ] GC(71) Compaction Phase 37.699ms
[4.053s][info][gc,phases,start] GC(71) Post Compact
[4.055s][info][gc,phases      ] GC(71) Post Compact 1.890ms
[4.055s][info][gc,heap        ] GC(71) PSYoungGen: 44467K(64000K)->44467K(64000K) Eden: 14336K(14336K)->14336K(14336K) From: 30131K(49664K)->30131K(49664K)
[4.055s][info][gc,heap        ] GC(71) ParOldGen: 341348K(341504K)->341348K(341504K)
[4.055s][info][gc,metaspace   ] GC(71) Metaspace: 6297K(6464K)->6297K(6464K) NonClass: 5764K(5824K)->5764K(5824K) Class: 533K(640K)->533K(640K)
[4.055s][info][gc             ] GC(71) Pause Full (Ergonomics) 376M->376M(396M) 160.838ms
[4.055s][info][gc,cpu         ] GC(71) User=0.39s Sys=0.00s Real=0.16s
[4.055s][info][gc,start       ] GC(72) Pause Full (Ergonomics)
[4.055s][info][gc,phases,start] GC(72) Marking Phase
[4.182s][info][gc,phases      ] GC(72) Marking Phase 127.190ms
[4.182s][info][gc,phases,start] GC(72) Summary Phase
[4.182s][info][gc,phases      ] GC(72) Summary Phase 0.021ms
[4.182s][info][gc,phases,start] GC(72) Adjust Roots
[4.183s][info][gc,phases      ] GC(72) Adjust Roots 0.259ms
[4.183s][info][gc,phases,start] GC(72) Compaction Phase
[4.223s][info][gc,phases      ] GC(72) Compaction Phase 40.746ms
[4.223s][info][gc,phases,start] GC(72) Post Compact
[4.225s][info][gc,phases      ] GC(72) Post Compact 1.969ms
[4.226s][info][gc,heap        ] GC(72) PSYoungGen: 44467K(64000K)->44467K(64000K) Eden: 14336K(14336K)->14336K(14336K) From: 30131K(49664K)->30131K(49664K)
[4.226s][info][gc,heap        ] GC(72) ParOldGen: 341353K(341504K)->341353K(341504K)
[4.226s][info][gc,metaspace   ] GC(72) Metaspace: 6297K(6464K)->6297K(6464K) NonClass: 5764K(5824K)->5764K(5824K) Class: 533K(640K)->533K(640K)
[4.226s][info][gc             ] GC(72) Pause Full (Ergonomics) 376M->376M(396M) 170.564ms
[4.226s][info][gc,cpu         ] GC(72) User=0.41s Sys=0.00s Real=0.17s
[4.226s][info][gc,start       ] GC(73) Pause Full (Ergonomics)
[4.226s][info][gc,phases,start] GC(73) Marking Phase
[4.335s][info][gc,phases      ] GC(73) Marking Phase 109.495ms
[4.336s][info][gc,phases,start] GC(73) Summary Phase
[4.336s][info][gc,phases      ] GC(73) Summary Phase 0.024ms
[4.336s][info][gc,phases,start] GC(73) Adjust Roots
[4.336s][info][gc,phases      ] GC(73) Adjust Roots 0.199ms
[4.336s][info][gc,phases,start] GC(73) Compaction Phase
[4.373s][info][gc,phases      ] GC(73) Compaction Phase 37.206ms
[4.373s][info][gc,phases,start] GC(73) Post Compact
[4.375s][info][gc,phases      ] GC(73) Post Compact 1.641ms
[4.375s][info][gc,heap        ] GC(73) PSYoungGen: 44467K(64000K)->44467K(64000K) Eden: 14336K(14336K)->14336K(14336K) From: 30131K(49664K)->30131K(49664K)
[4.375s][info][gc,heap        ] GC(73) ParOldGen: 341357K(341504K)->341357K(341504K)
[4.375s][info][gc,metaspace   ] GC(73) Metaspace: 6297K(6464K)->6297K(6464K) NonClass: 5764K(5824K)->5764K(5824K) Class: 533K(640K)->533K(640K)
[4.375s][info][gc             ] GC(73) Pause Full (Ergonomics) 376M->376M(396M) 148.926ms
[4.375s][info][gc,cpu         ] GC(73) User=0.39s Sys=0.00s Real=0.15s
[4.375s][info][gc,start       ] GC(74) Pause Full (Ergonomics)
[4.375s][info][gc,phases,start] GC(74) Marking Phase
[4.490s][info][gc,phases      ] GC(74) Marking Phase 114.549ms
[4.490s][info][gc,phases,start] GC(74) Summary Phase
[4.490s][info][gc,phases      ] GC(74) Summary Phase 0.018ms
[4.490s][info][gc,phases,start] GC(74) Adjust Roots
[4.490s][info][gc,phases      ] GC(74) Adjust Roots 0.176ms
[4.490s][info][gc,phases,start] GC(74) Compaction Phase
[4.528s][info][gc,phases      ] GC(74) Compaction Phase 37.713ms
[4.528s][info][gc,phases,start] GC(74) Post Compact
[4.530s][info][gc,phases      ] GC(74) Post Compact 1.738ms
[4.530s][info][gc,heap        ] GC(74) PSYoungGen: 44467K(64000K)->44467K(64000K) Eden: 14336K(14336K)->14336K(14336K) From: 30131K(49664K)->30131K(49664K)
[4.530s][info][gc,heap        ] GC(74) ParOldGen: 341362K(341504K)->341362K(341504K)
[4.530s][info][gc,metaspace   ] GC(74) Metaspace: 6297K(6464K)->6297K(6464K) NonClass: 5764K(5824K)->5764K(5824K) Class: 533K(640K)->533K(640K)
[4.530s][info][gc             ] GC(74) Pause Full (Ergonomics) 376M->376M(396M) 154.578ms
[4.530s][info][gc,cpu         ] GC(74) User=0.41s Sys=0.00s Real=0.15s
[4.530s][info][gc,start       ] GC(75) Pause Full (Ergonomics)
[4.530s][info][gc,phases,start] GC(75) Marking Phase
[4.647s][info][gc,phases      ] GC(75) Marking Phase 116.534ms
[4.647s][info][gc,phases,start] GC(75) Summary Phase
[4.647s][info][gc,phases      ] GC(75) Summary Phase 0.019ms
[4.647s][info][gc,phases,start] GC(75) Adjust Roots
[4.647s][info][gc,phases      ] GC(75) Adjust Roots 0.189ms
[4.647s][info][gc,phases,start] GC(75) Compaction Phase
[4.685s][info][gc,phases      ] GC(75) Compaction Phase 38.383ms
[4.685s][info][gc,phases,start] GC(75) Post Compact
[4.687s][info][gc,phases      ] GC(75) Post Compact 1.764ms
[4.687s][info][gc,heap        ] GC(75) PSYoungGen: 44467K(64000K)->44467K(64000K) Eden: 14336K(14336K)->14336K(14336K) From: 30131K(49664K)->30131K(49664K)
[4.687s][info][gc,heap        ] GC(75) ParOldGen: 341367K(341504K)->341367K(341504K)
[4.687s][info][gc,metaspace   ] GC(75) Metaspace: 6297K(6464K)->6297K(6464K) NonClass: 5764K(5824K)->5764K(5824K) Class: 533K(640K)->533K(640K)
[4.687s][info][gc             ] GC(75) Pause Full (Ergonomics) 376M->376M(396M) 157.219ms
[4.687s][info][gc,cpu         ] GC(75) User=0.39s Sys=0.00s Real=0.16s
[4.687s][info][gc,start       ] GC(76) Pause Full (Ergonomics)
[4.687s][info][gc,phases,start] GC(76) Marking Phase
[4.799s][info][gc,phases      ] GC(76) Marking Phase 111.275ms
[4.799s][info][gc,phases,start] GC(76) Summary Phase
[4.799s][info][gc,phases      ] GC(76) Summary Phase 0.017ms
[4.799s][info][gc,phases,start] GC(76) Adjust Roots
[4.799s][info][gc,phases      ] GC(76) Adjust Roots 0.192ms
[4.799s][info][gc,phases,start] GC(76) Compaction Phase
[4.836s][info][gc,phases      ] GC(76) Compaction Phase 37.117ms
[4.836s][info][gc,phases,start] GC(76) Post Compact
[4.838s][info][gc,phases      ] GC(76) Post Compact 1.828ms
[4.838s][info][gc,heap        ] GC(76) PSYoungGen: 44467K(64000K)->44467K(64000K) Eden: 14336K(14336K)->14336K(14336K) From: 30131K(49664K)->30131K(49664K)
[4.838s][info][gc,heap        ] GC(76) ParOldGen: 341371K(341504K)->341371K(341504K)
[4.838s][info][gc,metaspace   ] GC(76) Metaspace: 6297K(6464K)->6297K(6464K) NonClass: 5764K(5824K)->5764K(5824K) Class: 533K(640K)->533K(640K)
[4.838s][info][gc             ] GC(76) Pause Full (Ergonomics) 376M->376M(396M) 150.867ms
[4.838s][info][gc,cpu         ] GC(76) User=0.38s Sys=0.00s Real=0.15s
[4.839s][info][gc,start       ] GC(77) Pause Full (Ergonomics)
[4.839s][info][gc,phases,start] GC(77) Marking Phase
[4.957s][info][gc,phases      ] GC(77) Marking Phase 118.211ms
[4.957s][info][gc,phases,start] GC(77) Summary Phase
[4.957s][info][gc,phases      ] GC(77) Summary Phase 0.023ms
[4.957s][info][gc,phases,start] GC(77) Adjust Roots
[4.957s][info][gc,phases      ] GC(77) Adjust Roots 0.204ms
[4.957s][info][gc,phases,start] GC(77) Compaction Phase
[5.000s][info][gc,phases      ] GC(77) Compaction Phase 42.363ms
[5.000s][info][gc,phases,start] GC(77) Post Compact
[5.001s][info][gc,phases      ] GC(77) Post Compact 1.611ms
[5.001s][info][gc,heap        ] GC(77) PSYoungGen: 44467K(64000K)->44467K(64000K) Eden: 14336K(14336K)->14336K(14336K) From: 30131K(49664K)->30131K(49664K)
[5.001s][info][gc,heap        ] GC(77) ParOldGen: 341376K(341504K)->341376K(341504K)
[5.001s][info][gc,metaspace   ] GC(77) Metaspace: 6297K(6464K)->6297K(6464K) NonClass: 5764K(5824K)->5764K(5824K) Class: 533K(640K)->533K(640K)
[5.001s][info][gc             ] GC(77) Pause Full (Ergonomics) 376M->376M(396M) 162.764ms
[5.001s][info][gc,cpu         ] GC(77) User=0.41s Sys=0.00s Real=0.16s
[5.002s][info][gc,start       ] GC(78) Pause Full (Ergonomics)
[5.002s][info][gc,phases,start] GC(78) Marking Phase
[5.113s][info][gc,phases      ] GC(78) Marking Phase 111.439ms
[5.113s][info][gc,phases,start] GC(78) Summary Phase
[5.113s][info][gc,phases      ] GC(78) Summary Phase 0.018ms
[5.113s][info][gc,phases,start] GC(78) Adjust Roots
[5.113s][info][gc,phases      ] GC(78) Adjust Roots 0.189ms
[5.113s][info][gc,phases,start] GC(78) Compaction Phase
[5.155s][info][gc,phases      ] GC(78) Compaction Phase 41.450ms
[5.155s][info][gc,phases,start] GC(78) Post Compact
[5.157s][info][gc,phases      ] GC(78) Post Compact 1.640ms
[5.157s][info][gc,heap        ] GC(78) PSYoungGen: 44467K(64000K)->44467K(64000K) Eden: 14336K(14336K)->14336K(14336K) From: 30131K(49664K)->30131K(49664K)
[5.157s][info][gc,heap        ] GC(78) ParOldGen: 341381K(341504K)->341381K(341504K)
[5.157s][info][gc,metaspace   ] GC(78) Metaspace: 6297K(6464K)->6297K(6464K) NonClass: 5764K(5824K)->5764K(5824K) Class: 533K(640K)->533K(640K)
[5.157s][info][gc             ] GC(78) Pause Full (Ergonomics) 376M->376M(396M) 155.072ms
[5.157s][info][gc,cpu         ] GC(78) User=0.36s Sys=0.00s Real=0.16s
[5.157s][info][gc,start       ] GC(79) Pause Full (Ergonomics)
[5.157s][info][gc,phases,start] GC(79) Marking Phase
[5.275s][info][gc,phases      ] GC(79) Marking Phase 117.883ms
[5.275s][info][gc,phases,start] GC(79) Summary Phase
[5.275s][info][gc,phases      ] GC(79) Summary Phase 0.017ms
[5.275s][info][gc,phases,start] GC(79) Adjust Roots
[5.275s][info][gc,phases      ] GC(79) Adjust Roots 0.190ms
[5.275s][info][gc,phases,start] GC(79) Compaction Phase
[5.313s][info][gc,phases      ] GC(79) Compaction Phase 38.152ms
[5.313s][info][gc,phases,start] GC(79) Post Compact
[5.315s][info][gc,phases      ] GC(79) Post Compact 1.626ms
[5.315s][info][gc,heap        ] GC(79) PSYoungGen: 44467K(64000K)->44467K(64000K) Eden: 14336K(14336K)->14336K(14336K) From: 30131K(49664K)->30131K(49664K)
[5.315s][info][gc,heap        ] GC(79) ParOldGen: 341385K(341504K)->341385K(341504K)
[5.315s][info][gc,metaspace   ] GC(79) Metaspace: 6297K(6464K)->6297K(6464K) NonClass: 5764K(5824K)->5764K(5824K) Class: 533K(640K)->533K(640K)
[5.315s][info][gc             ] GC(79) Pause Full (Ergonomics) 376M->376M(396M) 158.223ms
[5.315s][info][gc,cpu         ] GC(79) User=0.44s Sys=0.00s Real=0.16s
[5.316s][info][gc,start       ] GC(80) Pause Full (Ergonomics)
[5.316s][info][gc,phases,start] GC(80) Marking Phase
[5.423s][info][gc,phases      ] GC(80) Marking Phase 107.519ms
[5.423s][info][gc,phases,start] GC(80) Summary Phase
[5.423s][info][gc,phases      ] GC(80) Summary Phase 0.017ms
[5.423s][info][gc,phases,start] GC(80) Adjust Roots
[5.423s][info][gc,phases      ] GC(80) Adjust Roots 0.170ms
[5.423s][info][gc,phases,start] GC(80) Compaction Phase
[5.460s][info][gc,phases      ] GC(80) Compaction Phase 36.273ms
[5.460s][info][gc,phases,start] GC(80) Post Compact
[5.461s][info][gc,phases      ] GC(80) Post Compact 1.559ms
[5.461s][info][gc,heap        ] GC(80) PSYoungGen: 44467K(64000K)->44467K(64000K) Eden: 14336K(14336K)->14336K(14336K) From: 30131K(49664K)->30131K(49664K)
[5.461s][info][gc,heap        ] GC(80) ParOldGen: 341390K(341504K)->341390K(341504K)
[5.461s][info][gc,metaspace   ] GC(80) Metaspace: 6297K(6464K)->6297K(6464K) NonClass: 5764K(5824K)->5764K(5824K) Class: 533K(640K)->533K(640K)
[5.461s][info][gc             ] GC(80) Pause Full (Ergonomics) 376M->376M(396M) 145.896ms
[5.461s][info][gc,cpu         ] GC(80) User=0.41s Sys=0.00s Real=0.15s
[5.462s][info][gc,start       ] GC(81) Pause Full (Ergonomics)
[5.462s][info][gc,phases,start] GC(81) Marking Phase
[5.568s][info][gc,phases      ] GC(81) Marking Phase 105.927ms
[5.568s][info][gc,phases,start] GC(81) Summary Phase
[5.568s][info][gc,phases      ] GC(81) Summary Phase 0.023ms
[5.568s][info][gc,phases,start] GC(81) Adjust Roots
[5.568s][info][gc,phases      ] GC(81) Adjust Roots 0.187ms
[5.568s][info][gc,phases,start] GC(81) Compaction Phase
[5.605s][info][gc,phases      ] GC(81) Compaction Phase 36.418ms
[5.605s][info][gc,phases,start] GC(81) Post Compact
[5.606s][info][gc,phases      ] GC(81) Post Compact 1.568ms
[5.606s][info][gc,heap        ] GC(81) PSYoungGen: 44467K(64000K)->44467K(64000K) Eden: 14336K(14336K)->14336K(14336K) From: 30131K(49664K)->30131K(49664K)
[5.606s][info][gc,heap        ] GC(81) ParOldGen: 341395K(341504K)->341395K(341504K)
[5.606s][info][gc,metaspace   ] GC(81) Metaspace: 6297K(6464K)->6297K(6464K) NonClass: 5764K(5824K)->5764K(5824K) Class: 533K(640K)->533K(640K)
[5.606s][info][gc             ] GC(81) Pause Full (Ergonomics) 376M->376M(396M) 144.483ms
[5.606s][info][gc,cpu         ] GC(81) User=0.39s Sys=0.00s Real=0.14s
[5.607s][info][gc,start       ] GC(82) Pause Full (Ergonomics)
[5.607s][info][gc,phases,start] GC(82) Marking Phase
[5.712s][info][gc,phases      ] GC(82) Marking Phase 105.484ms
[5.712s][info][gc,phases,start] GC(82) Summary Phase
[5.712s][info][gc,phases      ] GC(82) Summary Phase 0.023ms
[5.712s][info][gc,phases,start] GC(82) Adjust Roots
[5.712s][info][gc,phases      ] GC(82) Adjust Roots 0.188ms
[5.712s][info][gc,phases,start] GC(82) Compaction Phase
[5.748s][info][gc,phases      ] GC(82) Compaction Phase 35.486ms
[5.748s][info][gc,phases,start] GC(82) Post Compact
[5.750s][info][gc,phases      ] GC(82) Post Compact 1.584ms
[5.750s][info][gc,heap        ] GC(82) PSYoungGen: 44467K(64000K)->44467K(64000K) Eden: 14336K(14336K)->14336K(14336K) From: 30131K(49664K)->30131K(49664K)
[5.750s][info][gc,heap        ] GC(82) ParOldGen: 341399K(341504K)->341399K(341504K)
[5.750s][info][gc,metaspace   ] GC(82) Metaspace: 6297K(6464K)->6297K(6464K) NonClass: 5764K(5824K)->5764K(5824K) Class: 533K(640K)->533K(640K)
[5.750s][info][gc             ] GC(82) Pause Full (Ergonomics) 376M->376M(396M) 143.110ms
[5.750s][info][gc,cpu         ] GC(82) User=0.39s Sys=0.00s Real=0.14s
[5.750s][info][gc,start       ] GC(83) Pause Full (Ergonomics)
[5.750s][info][gc,phases,start] GC(83) Marking Phase
[5.858s][info][gc,phases      ] GC(83) Marking Phase 108.138ms
[5.858s][info][gc,phases,start] GC(83) Summary Phase
[5.858s][info][gc,phases      ] GC(83) Summary Phase 0.023ms
[5.858s][info][gc,phases,start] GC(83) Adjust Roots
[5.858s][info][gc,phases      ] GC(83) Adjust Roots 0.189ms
[5.858s][info][gc,phases,start] GC(83) Compaction Phase
[5.896s][info][gc,phases      ] GC(83) Compaction Phase 37.531ms
[5.896s][info][gc,phases,start] GC(83) Post Compact
[5.898s][info][gc,phases      ] GC(83) Post Compact 1.619ms
[5.898s][info][gc,heap        ] GC(83) PSYoungGen: 44467K(64000K)->44467K(64000K) Eden: 14336K(14336K)->14336K(14336K) From: 30131K(49664K)->30131K(49664K)
[5.898s][info][gc,heap        ] GC(83) ParOldGen: 341404K(341504K)->341404K(341504K)
[5.898s][info][gc,metaspace   ] GC(83) Metaspace: 6297K(6464K)->6297K(6464K) NonClass: 5764K(5824K)->5764K(5824K) Class: 533K(640K)->533K(640K)
[5.898s][info][gc             ] GC(83) Pause Full (Ergonomics) 376M->376M(396M) 147.849ms
[5.898s][info][gc,cpu         ] GC(83) User=0.42s Sys=0.02s Real=0.15s
[5.898s][info][gc,start       ] GC(84) Pause Full (Ergonomics)
[5.898s][info][gc,phases,start] GC(84) Marking Phase
[6.005s][info][gc,phases      ] GC(84) Marking Phase 106.734ms
[6.005s][info][gc,phases,start] GC(84) Summary Phase
[6.005s][info][gc,phases      ] GC(84) Summary Phase 0.036ms
[6.005s][info][gc,phases,start] GC(84) Adjust Roots
[6.005s][info][gc,phases      ] GC(84) Adjust Roots 0.269ms
[6.005s][info][gc,phases,start] GC(84) Compaction Phase
[6.041s][info][gc,phases      ] GC(84) Compaction Phase 35.949ms
[6.041s][info][gc,phases,start] GC(84) Post Compact
[6.043s][info][gc,phases      ] GC(84) Post Compact 1.573ms
[6.043s][info][gc,heap        ] GC(84) PSYoungGen: 44467K(64000K)->44467K(64000K) Eden: 14336K(14336K)->14336K(14336K) From: 30131K(49664K)->30131K(49664K)
[6.043s][info][gc,heap        ] GC(84) ParOldGen: 341409K(341504K)->341409K(341504K)
[6.043s][info][gc,metaspace   ] GC(84) Metaspace: 6297K(6464K)->6297K(6464K) NonClass: 5764K(5824K)->5764K(5824K) Class: 533K(640K)->533K(640K)
[6.043s][info][gc             ] GC(84) Pause Full (Ergonomics) 376M->376M(396M) 144.984ms
[6.043s][info][gc,cpu         ] GC(84) User=0.36s Sys=0.00s Real=0.14s
[6.043s][info][gc,start       ] GC(85) Pause Full (Ergonomics)
[6.043s][info][gc,phases,start] GC(85) Marking Phase
[6.156s][info][gc,phases      ] GC(85) Marking Phase 112.483ms
[6.156s][info][gc,phases,start] GC(85) Summary Phase
[6.156s][info][gc,phases      ] GC(85) Summary Phase 0.023ms
[6.156s][info][gc,phases,start] GC(85) Adjust Roots
[6.156s][info][gc,phases      ] GC(85) Adjust Roots 0.230ms
[6.156s][info][gc,phases,start] GC(85) Compaction Phase
[6.194s][info][gc,phases      ] GC(85) Compaction Phase 37.883ms
[6.194s][info][gc,phases,start] GC(85) Post Compact
[6.196s][info][gc,phases      ] GC(85) Post Compact 1.628ms
[6.196s][info][gc,heap        ] GC(85) PSYoungGen: 44467K(64000K)->44467K(64000K) Eden: 14336K(14336K)->14336K(14336K) From: 30131K(49664K)->30131K(49664K)
[6.196s][info][gc,heap        ] GC(85) ParOldGen: 341413K(341504K)->341413K(341504K)
[6.196s][info][gc,metaspace   ] GC(85) Metaspace: 6297K(6464K)->6297K(6464K) NonClass: 5764K(5824K)->5764K(5824K) Class: 533K(640K)->533K(640K)
[6.196s][info][gc             ] GC(85) Pause Full (Ergonomics) 376M->376M(396M) 152.647ms
[6.196s][info][gc,cpu         ] GC(85) User=0.36s Sys=0.00s Real=0.15s
[6.196s][info][gc,start       ] GC(86) Pause Full (Ergonomics)
[6.196s][info][gc,phases,start] GC(86) Marking Phase
[6.303s][info][gc,phases      ] GC(86) Marking Phase 106.711ms
[6.303s][info][gc,phases,start] GC(86) Summary Phase
[6.303s][info][gc,phases      ] GC(86) Summary Phase 0.024ms
[6.303s][info][gc,phases,start] GC(86) Adjust Roots
[6.303s][info][gc,phases      ] GC(86) Adjust Roots 0.209ms
[6.303s][info][gc,phases,start] GC(86) Compaction Phase
[6.344s][info][gc,phases      ] GC(86) Compaction Phase 40.935ms
[6.345s][info][gc,phases,start] GC(86) Post Compact
[6.346s][info][gc,phases      ] GC(86) Post Compact 1.646ms
[6.346s][info][gc,heap        ] GC(86) PSYoungGen: 44467K(64000K)->44467K(64000K) Eden: 14336K(14336K)->14336K(14336K) From: 30131K(49664K)->30131K(49664K)
[6.346s][info][gc,heap        ] GC(86) ParOldGen: 341418K(341504K)->341418K(341504K)
[6.346s][info][gc,metaspace   ] GC(86) Metaspace: 6297K(6464K)->6297K(6464K) NonClass: 5764K(5824K)->5764K(5824K) Class: 533K(640K)->533K(640K)
[6.346s][info][gc             ] GC(86) Pause Full (Ergonomics) 376M->376M(396M) 149.928ms
[6.346s][info][gc,cpu         ] GC(86) User=0.38s Sys=0.00s Real=0.15s
[6.347s][info][gc,start       ] GC(87) Pause Full (Ergonomics)
[6.347s][info][gc,phases,start] GC(87) Marking Phase
[6.458s][info][gc,phases      ] GC(87) Marking Phase 111.290ms
[6.458s][info][gc,phases,start] GC(87) Summary Phase
[6.458s][info][gc,phases      ] GC(87) Summary Phase 0.018ms
[6.458s][info][gc,phases,start] GC(87) Adjust Roots
[6.458s][info][gc,phases      ] GC(87) Adjust Roots 0.187ms
[6.458s][info][gc,phases,start] GC(87) Compaction Phase
[6.494s][info][gc,phases      ] GC(87) Compaction Phase 35.963ms
[6.494s][info][gc,phases,start] GC(87) Post Compact
[6.496s][info][gc,phases      ] GC(87) Post Compact 1.617ms
[6.496s][info][gc,heap        ] GC(87) PSYoungGen: 44467K(64000K)->44467K(64000K) Eden: 14336K(14336K)->14336K(14336K) From: 30131K(49664K)->30131K(49664K)
[6.496s][info][gc,heap        ] GC(87) ParOldGen: 341423K(341504K)->341423K(341504K)
[6.496s][info][gc,metaspace   ] GC(87) Metaspace: 6297K(6464K)->6297K(6464K) NonClass: 5764K(5824K)->5764K(5824K) Class: 533K(640K)->533K(640K)
[6.496s][info][gc             ] GC(87) Pause Full (Ergonomics) 376M->376M(396M) 149.474ms
[6.496s][info][gc,cpu         ] GC(87) User=0.39s Sys=0.00s Real=0.15s
[6.496s][info][gc,start       ] GC(88) Pause Full (Ergonomics)
[6.496s][info][gc,phases,start] GC(88) Marking Phase
[6.614s][info][gc,phases      ] GC(88) Marking Phase 117.649ms
[6.614s][info][gc,phases,start] GC(88) Summary Phase
[6.614s][info][gc,phases      ] GC(88) Summary Phase 0.019ms
[6.614s][info][gc,phases,start] GC(88) Adjust Roots
[6.614s][info][gc,phases      ] GC(88) Adjust Roots 0.192ms
[6.614s][info][gc,phases,start] GC(88) Compaction Phase
[6.658s][info][gc,phases      ] GC(88) Compaction Phase 43.547ms
[6.658s][info][gc,phases,start] GC(88) Post Compact
[6.660s][info][gc,phases      ] GC(88) Post Compact 1.787ms
[6.660s][info][gc,heap        ] GC(88) PSYoungGen: 44467K(64000K)->44467K(64000K) Eden: 14336K(14336K)->14336K(14336K) From: 30131K(49664K)->30131K(49664K)
[6.660s][info][gc,heap        ] GC(88) ParOldGen: 341427K(341504K)->341427K(341504K)
[6.660s][info][gc,metaspace   ] GC(88) Metaspace: 6297K(6464K)->6297K(6464K) NonClass: 5764K(5824K)->5764K(5824K) Class: 533K(640K)->533K(640K)
[6.660s][info][gc             ] GC(88) Pause Full (Ergonomics) 376M->376M(396M) 163.564ms
[6.660s][info][gc,cpu         ] GC(88) User=0.41s Sys=0.02s Real=0.16s
[6.660s][info][gc,start       ] GC(89) Pause Full (Ergonomics)
[6.660s][info][gc,phases,start] GC(89) Marking Phase
[6.767s][info][gc,phases      ] GC(89) Marking Phase 106.673ms
[6.767s][info][gc,phases,start] GC(89) Summary Phase
[6.767s][info][gc,phases      ] GC(89) Summary Phase 0.030ms
[6.767s][info][gc,phases,start] GC(89) Adjust Roots
[6.767s][info][gc,phases      ] GC(89) Adjust Roots 0.180ms
[6.767s][info][gc,phases,start] GC(89) Compaction Phase
[6.804s][info][gc,phases      ] GC(89) Compaction Phase 36.472ms
[6.804s][info][gc,phases,start] GC(89) Post Compact
[6.806s][info][gc,phases      ] GC(89) Post Compact 1.805ms
[6.806s][info][gc,heap        ] GC(89) PSYoungGen: 44467K(64000K)->44467K(64000K) Eden: 14336K(14336K)->14336K(14336K) From: 30131K(49664K)->30131K(49664K)
[6.806s][info][gc,heap        ] GC(89) ParOldGen: 341432K(341504K)->341432K(341504K)
[6.806s][info][gc,metaspace   ] GC(89) Metaspace: 6297K(6464K)->6297K(6464K) NonClass: 5764K(5824K)->5764K(5824K) Class: 533K(640K)->533K(640K)
[6.806s][info][gc             ] GC(89) Pause Full (Ergonomics) 376M->376M(396M) 145.560ms
[6.806s][info][gc,cpu         ] GC(89) User=0.39s Sys=0.00s Real=0.15s
[6.806s][info][gc,start       ] GC(90) Pause Full (Ergonomics)
[6.806s][info][gc,phases,start] GC(90) Marking Phase
[6.913s][info][gc,phases      ] GC(90) Marking Phase 107.339ms
[6.913s][info][gc,phases,start] GC(90) Summary Phase
[6.914s][info][gc,phases      ] GC(90) Summary Phase 0.023ms
[6.914s][info][gc,phases,start] GC(90) Adjust Roots
[6.914s][info][gc,phases      ] GC(90) Adjust Roots 0.200ms
[6.914s][info][gc,phases,start] GC(90) Compaction Phase
[6.950s][info][gc,phases      ] GC(90) Compaction Phase 35.809ms
[6.950s][info][gc,phases,start] GC(90) Post Compact
[6.951s][info][gc,phases      ] GC(90) Post Compact 1.621ms
[6.951s][info][gc,heap        ] GC(90) PSYoungGen: 44467K(64000K)->44467K(64000K) Eden: 14336K(14336K)->14336K(14336K) From: 30131K(49664K)->30131K(49664K)
[6.951s][info][gc,heap        ] GC(90) ParOldGen: 341437K(341504K)->341437K(341504K)
[6.951s][info][gc,metaspace   ] GC(90) Metaspace: 6297K(6464K)->6297K(6464K) NonClass: 5764K(5824K)->5764K(5824K) Class: 533K(640K)->533K(640K)
[6.951s][info][gc             ] GC(90) Pause Full (Ergonomics) 376M->376M(396M) 145.346ms
[6.951s][info][gc,cpu         ] GC(90) User=0.38s Sys=0.00s Real=0.14s
[6.952s][info][gc,start       ] GC(91) Pause Full (Ergonomics)
[6.952s][info][gc,phases,start] GC(91) Marking Phase
[7.057s][info][gc,phases      ] GC(91) Marking Phase 105.716ms
[7.057s][info][gc,phases,start] GC(91) Summary Phase
[7.058s][info][gc,phases      ] GC(91) Summary Phase 0.022ms
[7.058s][info][gc,phases,start] GC(91) Adjust Roots
[7.058s][info][gc,phases      ] GC(91) Adjust Roots 0.183ms
[7.058s][info][gc,phases,start] GC(91) Compaction Phase
[7.094s][info][gc,phases      ] GC(91) Compaction Phase 35.947ms
[7.094s][info][gc,phases,start] GC(91) Post Compact
[7.095s][info][gc,phases      ] GC(91) Post Compact 1.578ms
[7.095s][info][gc,heap        ] GC(91) PSYoungGen: 44467K(64000K)->44467K(64000K) Eden: 14336K(14336K)->14336K(14336K) From: 30131K(49664K)->30131K(49664K)
[7.095s][info][gc,heap        ] GC(91) ParOldGen: 341441K(341504K)->341441K(341504K)
[7.095s][info][gc,metaspace   ] GC(91) Metaspace: 6297K(6464K)->6297K(6464K) NonClass: 5764K(5824K)->5764K(5824K) Class: 533K(640K)->533K(640K)
[7.095s][info][gc             ] GC(91) Pause Full (Ergonomics) 376M->376M(396M) 143.785ms
[7.095s][info][gc,cpu         ] GC(91) User=0.38s Sys=0.00s Real=0.14s
[7.096s][info][gc,start       ] GC(92) Pause Full (Ergonomics)
[7.096s][info][gc,phases,start] GC(92) Marking Phase
[7.204s][info][gc,phases      ] GC(92) Marking Phase 108.174ms
[7.204s][info][gc,phases,start] GC(92) Summary Phase
[7.204s][info][gc,phases      ] GC(92) Summary Phase 0.018ms
[7.204s][info][gc,phases,start] GC(92) Adjust Roots
[7.204s][info][gc,phases      ] GC(92) Adjust Roots 0.180ms
[7.204s][info][gc,phases,start] GC(92) Compaction Phase
[7.240s][info][gc,phases      ] GC(92) Compaction Phase 35.990ms
[7.240s][info][gc,phases,start] GC(92) Post Compact
[7.242s][info][gc,phases      ] GC(92) Post Compact 1.824ms
[7.242s][info][gc,heap        ] GC(92) PSYoungGen: 44467K(64000K)->44467K(64000K) Eden: 14336K(14336K)->14336K(14336K) From: 30131K(49664K)->30131K(49664K)
[7.242s][info][gc,heap        ] GC(92) ParOldGen: 341446K(341504K)->341446K(341504K)
[7.242s][info][gc,metaspace   ] GC(92) Metaspace: 6297K(6464K)->6297K(6464K) NonClass: 5764K(5824K)->5764K(5824K) Class: 533K(640K)->533K(640K)
[7.242s][info][gc             ] GC(92) Pause Full (Ergonomics) 376M->376M(396M) 146.543ms
[7.242s][info][gc,cpu         ] GC(92) User=0.47s Sys=0.00s Real=0.15s
[7.243s][info][gc,start       ] GC(93) Pause Full (Ergonomics)
[7.243s][info][gc,phases,start] GC(93) Marking Phase
[7.351s][info][gc,phases      ] GC(93) Marking Phase 108.006ms
[7.351s][info][gc,phases,start] GC(93) Summary Phase
[7.351s][info][gc,phases      ] GC(93) Summary Phase 0.031ms
[7.351s][info][gc,phases,start] GC(93) Adjust Roots
[7.351s][info][gc,phases      ] GC(93) Adjust Roots 0.190ms
[7.351s][info][gc,phases,start] GC(93) Compaction Phase
[7.387s][info][gc,phases      ] GC(93) Compaction Phase 35.864ms
[7.387s][info][gc,phases,start] GC(93) Post Compact
[7.388s][info][gc,phases      ] GC(93) Post Compact 1.611ms
[7.389s][info][gc,heap        ] GC(93) PSYoungGen: 44467K(64000K)->44467K(64000K) Eden: 14336K(14336K)->14336K(14336K) From: 30131K(49664K)->30131K(49664K)
[7.389s][info][gc,heap        ] GC(93) ParOldGen: 341451K(341504K)->341451K(341504K)
[7.389s][info][gc,metaspace   ] GC(93) Metaspace: 6297K(6464K)->6297K(6464K) NonClass: 5764K(5824K)->5764K(5824K) Class: 533K(640K)->533K(640K)
[7.389s][info][gc             ] GC(93) Pause Full (Ergonomics) 376M->376M(396M) 146.107ms
[7.389s][info][gc,cpu         ] GC(93) User=0.38s Sys=0.00s Real=0.15s
[7.389s][info][gc,start       ] GC(94) Pause Full (Ergonomics)
[7.389s][info][gc,phases,start] GC(94) Marking Phase
[7.497s][info][gc,phases      ] GC(94) Marking Phase 108.295ms
[7.497s][info][gc,phases,start] GC(94) Summary Phase
[7.497s][info][gc,phases      ] GC(94) Summary Phase 0.023ms
[7.497s][info][gc,phases,start] GC(94) Adjust Roots
[7.498s][info][gc,phases      ] GC(94) Adjust Roots 0.203ms
[7.498s][info][gc,phases,start] GC(94) Compaction Phase
[7.533s][info][gc,phases      ] GC(94) Compaction Phase 35.672ms
[7.533s][info][gc,phases,start] GC(94) Post Compact
[7.535s][info][gc,phases      ] GC(94) Post Compact 1.774ms
[7.535s][info][gc,heap        ] GC(94) PSYoungGen: 44467K(64000K)->44467K(64000K) Eden: 14336K(14336K)->14336K(14336K) From: 30131K(49664K)->30131K(49664K)
[7.535s][info][gc,heap        ] GC(94) ParOldGen: 341455K(341504K)->341455K(341504K)
[7.535s][info][gc,metaspace   ] GC(94) Metaspace: 6297K(6464K)->6297K(6464K) NonClass: 5764K(5824K)->5764K(5824K) Class: 533K(640K)->533K(640K)
[7.535s][info][gc             ] GC(94) Pause Full (Ergonomics) 376M->376M(396M) 146.340ms
[7.535s][info][gc,cpu         ] GC(94) User=0.38s Sys=0.00s Real=0.15s
[7.536s][info][gc,start       ] GC(95) Pause Full (Ergonomics)
[7.536s][info][gc,phases,start] GC(95) Marking Phase
[7.648s][info][gc,phases      ] GC(95) Marking Phase 112.244ms
[7.648s][info][gc,phases,start] GC(95) Summary Phase
[7.648s][info][gc,phases      ] GC(95) Summary Phase 0.023ms
[7.648s][info][gc,phases,start] GC(95) Adjust Roots
[7.648s][info][gc,phases      ] GC(95) Adjust Roots 0.179ms
[7.648s][info][gc,phases,start] GC(95) Compaction Phase
[7.684s][info][gc,phases      ] GC(95) Compaction Phase 35.952ms
[7.684s][info][gc,phases,start] GC(95) Post Compact
[7.686s][info][gc,phases      ] GC(95) Post Compact 1.629ms
[7.686s][info][gc,heap        ] GC(95) PSYoungGen: 44467K(64000K)->44467K(64000K) Eden: 14336K(14336K)->14336K(14336K) From: 30131K(49664K)->30131K(49664K)
[7.686s][info][gc,heap        ] GC(95) ParOldGen: 341460K(341504K)->341460K(341504K)
[7.686s][info][gc,metaspace   ] GC(95) Metaspace: 6297K(6464K)->6297K(6464K) NonClass: 5764K(5824K)->5764K(5824K) Class: 533K(640K)->533K(640K)
[7.686s][info][gc             ] GC(95) Pause Full (Ergonomics) 376M->376M(396M) 150.378ms
[7.686s][info][gc,cpu         ] GC(95) User=0.38s Sys=0.00s Real=0.15s
[7.686s][info][gc,start       ] GC(96) Pause Full (Ergonomics)
[7.686s][info][gc,phases,start] GC(96) Marking Phase
[7.795s][info][gc,phases      ] GC(96) Marking Phase 108.931ms
[7.795s][info][gc,phases,start] GC(96) Summary Phase
[7.795s][info][gc,phases      ] GC(96) Summary Phase 0.023ms
[7.795s][info][gc,phases,start] GC(96) Adjust Roots
[7.795s][info][gc,phases      ] GC(96) Adjust Roots 0.201ms
[7.795s][info][gc,phases,start] GC(96) Compaction Phase
[7.831s][info][gc,phases      ] GC(96) Compaction Phase 35.516ms
[7.831s][info][gc,phases,start] GC(96) Post Compact
[7.833s][info][gc,phases      ] GC(96) Post Compact 1.643ms
[7.833s][info][gc,heap        ] GC(96) PSYoungGen: 44467K(64000K)->44467K(64000K) Eden: 14336K(14336K)->14336K(14336K) From: 30131K(49664K)->30131K(49664K)
[7.833s][info][gc,heap        ] GC(96) ParOldGen: 341465K(341504K)->341465K(341504K)
[7.833s][info][gc,metaspace   ] GC(96) Metaspace: 6297K(6464K)->6297K(6464K) NonClass: 5764K(5824K)->5764K(5824K) Class: 533K(640K)->533K(640K)
[7.833s][info][gc             ] GC(96) Pause Full (Ergonomics) 376M->376M(396M) 146.680ms
[7.833s][info][gc,cpu         ] GC(96) User=0.38s Sys=0.00s Real=0.15s
[7.833s][info][gc,start       ] GC(97) Pause Full (Ergonomics)
[7.833s][info][gc,phases,start] GC(97) Marking Phase
[7.941s][info][gc,phases      ] GC(97) Marking Phase 108.233ms
[7.941s][info][gc,phases,start] GC(97) Summary Phase
[7.941s][info][gc,phases      ] GC(97) Summary Phase 0.023ms
[7.942s][info][gc,phases,start] GC(97) Adjust Roots
[7.942s][info][gc,phases      ] GC(97) Adjust Roots 0.219ms
[7.942s][info][gc,phases,start] GC(97) Compaction Phase
[7.978s][info][gc,phases      ] GC(97) Compaction Phase 35.856ms
[7.978s][info][gc,phases,start] GC(97) Post Compact
[7.979s][info][gc,phases      ] GC(97) Post Compact 1.584ms
[7.979s][info][gc,heap        ] GC(97) PSYoungGen: 44467K(64000K)->44467K(64000K) Eden: 14336K(14336K)->14336K(14336K) From: 30131K(49664K)->30131K(49664K)
[7.979s][info][gc,heap        ] GC(97) ParOldGen: 341469K(341504K)->341469K(341504K)
[7.979s][info][gc,metaspace   ] GC(97) Metaspace: 6297K(6464K)->6297K(6464K) NonClass: 5764K(5824K)->5764K(5824K) Class: 533K(640K)->533K(640K)
[7.979s][info][gc             ] GC(97) Pause Full (Ergonomics) 376M->376M(396M) 146.323ms
[7.979s][info][gc,cpu         ] GC(97) User=0.38s Sys=0.00s Real=0.15s
[7.980s][info][gc,start       ] GC(98) Pause Full (Ergonomics)
[7.980s][info][gc,phases,start] GC(98) Marking Phase
[8.096s][info][gc,phases      ] GC(98) Marking Phase 115.816ms
[8.096s][info][gc,phases,start] GC(98) Summary Phase
[8.096s][info][gc,phases      ] GC(98) Summary Phase 0.017ms
[8.096s][info][gc,phases,start] GC(98) Adjust Roots
[8.096s][info][gc,phases      ] GC(98) Adjust Roots 0.170ms
[8.096s][info][gc,phases,start] GC(98) Compaction Phase
[8.132s][info][gc,phases      ] GC(98) Compaction Phase 36.227ms
[8.132s][info][gc,phases,start] GC(98) Post Compact
[8.134s][info][gc,phases      ] GC(98) Post Compact 1.628ms
[8.134s][info][gc,heap        ] GC(98) PSYoungGen: 44467K(64000K)->44467K(64000K) Eden: 14336K(14336K)->14336K(14336K) From: 30131K(49664K)->30131K(49664K)
[8.134s][info][gc,heap        ] GC(98) ParOldGen: 341474K(341504K)->341474K(341504K)
[8.134s][info][gc,metaspace   ] GC(98) Metaspace: 6297K(6464K)->6297K(6464K) NonClass: 5764K(5824K)->5764K(5824K) Class: 533K(640K)->533K(640K)
[8.134s][info][gc             ] GC(98) Pause Full (Ergonomics) 376M->376M(396M) 154.213ms
[8.134s][info][gc,cpu         ] GC(98) User=0.44s Sys=0.00s Real=0.15s
[8.134s][info][gc,start       ] GC(99) Pause Full (Ergonomics)
[8.134s][info][gc,phases,start] GC(99) Marking Phase
[8.248s][info][gc,phases      ] GC(99) Marking Phase 113.641ms
[8.248s][info][gc,phases,start] GC(99) Summary Phase
[8.248s][info][gc,phases      ] GC(99) Summary Phase 0.017ms
[8.248s][info][gc,phases,start] GC(99) Adjust Roots
[8.248s][info][gc,phases      ] GC(99) Adjust Roots 0.230ms
[8.248s][info][gc,phases,start] GC(99) Compaction Phase
[8.284s][info][gc,phases      ] GC(99) Compaction Phase 35.960ms
[8.284s][info][gc,phases,start] GC(99) Post Compact
[8.286s][info][gc,phases      ] GC(99) Post Compact 1.631ms
[8.286s][info][gc,heap        ] GC(99) PSYoungGen: 44467K(64000K)->44467K(64000K) Eden: 14336K(14336K)->14336K(14336K) From: 30131K(49664K)->30131K(49664K)
[8.286s][info][gc,heap        ] GC(99) ParOldGen: 341479K(341504K)->341479K(341504K)
[8.286s][info][gc,metaspace   ] GC(99) Metaspace: 6297K(6464K)->6297K(6464K) NonClass: 5764K(5824K)->5764K(5824K) Class: 533K(640K)->533K(640K)
[8.286s][info][gc             ] GC(99) Pause Full (Ergonomics) 376M->376M(396M) 151.809ms
[8.286s][info][gc,cpu         ] GC(99) User=0.41s Sys=0.00s Real=0.15s
[8.286s][info][gc,start       ] GC(100) Pause Full (Ergonomics)
[8.286s][info][gc,phases,start] GC(100) Marking Phase
[8.392s][info][gc,phases      ] GC(100) Marking Phase 105.254ms
[8.392s][info][gc,phases,start] GC(100) Summary Phase
[8.392s][info][gc,phases      ] GC(100) Summary Phase 0.023ms
[8.392s][info][gc,phases,start] GC(100) Adjust Roots
[8.392s][info][gc,phases      ] GC(100) Adjust Roots 0.184ms
[8.392s][info][gc,phases,start] GC(100) Compaction Phase
[8.428s][info][gc,phases      ] GC(100) Compaction Phase 35.799ms
[8.428s][info][gc,phases,start] GC(100) Post Compact
[8.430s][info][gc,phases      ] GC(100) Post Compact 1.806ms
[8.430s][info][gc,heap        ] GC(100) PSYoungGen: 44467K(64000K)->44467K(64000K) Eden: 14336K(14336K)->14336K(14336K) From: 30131K(49664K)->30131K(49664K)
[8.430s][info][gc,heap        ] GC(100) ParOldGen: 341483K(341504K)->341483K(341504K)
[8.430s][info][gc,metaspace   ] GC(100) Metaspace: 6297K(6464K)->6297K(6464K) NonClass: 5764K(5824K)->5764K(5824K) Class: 533K(640K)->533K(640K)
[8.430s][info][gc             ] GC(100) Pause Full (Ergonomics) 376M->376M(396M) 143.453ms
[8.430s][info][gc,cpu         ] GC(100) User=0.42s Sys=0.00s Real=0.14s
[8.430s][info][gc,start       ] GC(101) Pause Full (Ergonomics)
[8.430s][info][gc,phases,start] GC(101) Marking Phase
[8.538s][info][gc,phases      ] GC(101) Marking Phase 107.752ms
[8.538s][info][gc,phases,start] GC(101) Summary Phase
[8.538s][info][gc,phases      ] GC(101) Summary Phase 0.024ms
[8.538s][info][gc,phases,start] GC(101) Adjust Roots
[8.538s][info][gc,phases      ] GC(101) Adjust Roots 0.178ms
[8.538s][info][gc,phases,start] GC(101) Compaction Phase
[8.575s][info][gc,phases      ] GC(101) Compaction Phase 36.486ms
[8.575s][info][gc,phases,start] GC(101) Post Compact
[8.576s][info][gc,phases      ] GC(101) Post Compact 1.593ms
[8.576s][info][gc,heap        ] GC(101) PSYoungGen: 44467K(64000K)->44467K(64000K) Eden: 14336K(14336K)->14336K(14336K) From: 30131K(49664K)->30131K(49664K)
[8.576s][info][gc,heap        ] GC(101) ParOldGen: 341488K(341504K)->341488K(341504K)
[8.576s][info][gc,metaspace   ] GC(101) Metaspace: 6297K(6464K)->6297K(6464K) NonClass: 5764K(5824K)->5764K(5824K) Class: 533K(640K)->533K(640K)
[8.577s][info][gc             ] GC(101) Pause Full (Ergonomics) 376M->376M(396M) 146.420ms
[8.577s][info][gc,cpu         ] GC(101) User=0.34s Sys=0.00s Real=0.15s
[8.577s][info][gc,start       ] GC(102) Pause Full (Ergonomics)
[8.577s][info][gc,phases,start] GC(102) Marking Phase
[8.688s][info][gc,phases      ] GC(102) Marking Phase 111.281ms
[8.688s][info][gc,phases,start] GC(102) Summary Phase
[8.688s][info][gc,phases      ] GC(102) Summary Phase 0.017ms
[8.688s][info][gc,phases,start] GC(102) Adjust Roots
[8.688s][info][gc,phases      ] GC(102) Adjust Roots 0.225ms
[8.688s][info][gc,phases,start] GC(102) Compaction Phase
[8.726s][info][gc,phases      ] GC(102) Compaction Phase 37.628ms
[8.726s][info][gc,phases,start] GC(102) Post Compact
[8.728s][info][gc,phases      ] GC(102) Post Compact 1.625ms
[8.728s][info][gc,heap        ] GC(102) PSYoungGen: 44467K(64000K)->44467K(64000K) Eden: 14336K(14336K)->14336K(14336K) From: 30131K(49664K)->30131K(49664K)
[8.728s][info][gc,heap        ] GC(102) ParOldGen: 341493K(341504K)->341493K(341504K)
[8.728s][info][gc,metaspace   ] GC(102) Metaspace: 6297K(6464K)->6297K(6464K) NonClass: 5764K(5824K)->5764K(5824K) Class: 533K(640K)->533K(640K)
[8.728s][info][gc             ] GC(102) Pause Full (Ergonomics) 376M->376M(396M) 151.136ms
[8.728s][info][gc,cpu         ] GC(102) User=0.42s Sys=0.00s Real=0.15s
[8.728s][info][gc,start       ] GC(103) Pause Full (Ergonomics)
[8.728s][info][gc,phases,start] GC(103) Marking Phase
[8.838s][info][gc,phases      ] GC(103) Marking Phase 109.444ms
[8.838s][info][gc,phases,start] GC(103) Summary Phase
[8.838s][info][gc,phases      ] GC(103) Summary Phase 0.023ms
[8.838s][info][gc,phases,start] GC(103) Adjust Roots
[8.838s][info][gc,phases      ] GC(103) Adjust Roots 0.199ms
[8.838s][info][gc,phases,start] GC(103) Compaction Phase
[8.874s][info][gc,phases      ] GC(103) Compaction Phase 36.032ms
[8.874s][info][gc,phases,start] GC(103) Post Compact
[8.876s][info][gc,phases      ] GC(103) Post Compact 1.653ms
[8.876s][info][gc,heap        ] GC(103) PSYoungGen: 44467K(64000K)->44467K(64000K) Eden: 14336K(14336K)->14336K(14336K) From: 30131K(49664K)->30131K(49664K)
[8.876s][info][gc,heap        ] GC(103) ParOldGen: 341497K(341504K)->341497K(341504K)
[8.876s][info][gc,metaspace   ] GC(103) Metaspace: 6297K(6464K)->6297K(6464K) NonClass: 5764K(5824K)->5764K(5824K) Class: 533K(640K)->533K(640K)
[8.876s][info][gc             ] GC(103) Pause Full (Ergonomics) 376M->376M(396M) 147.749ms
[8.876s][info][gc,cpu         ] GC(103) User=0.38s Sys=0.00s Real=0.15s
[8.876s][info][gc,start       ] GC(104) Pause Full (Ergonomics)
[8.876s][info][gc,phases,start] GC(104) Marking Phase
[8.982s][info][gc,phases      ] GC(104) Marking Phase 106.219ms
[8.983s][info][gc,phases,start] GC(104) Summary Phase
[8.983s][info][gc,phases      ] GC(104) Summary Phase 0.023ms
[8.983s][info][gc,phases,start] GC(104) Adjust Roots
[8.983s][info][gc,phases      ] GC(104) Adjust Roots 0.192ms
[8.983s][info][gc,phases,start] GC(104) Compaction Phase
[9.019s][info][gc,phases      ] GC(104) Compaction Phase 35.993ms
[9.019s][info][gc,phases,start] GC(104) Post Compact
[9.020s][info][gc,phases      ] GC(104) Post Compact 1.566ms
[9.020s][info][gc,heap        ] GC(104) PSYoungGen: 44467K(64000K)->44467K(64000K) Eden: 14336K(14336K)->14336K(14336K) From: 30131K(49664K)->30131K(49664K)
[9.021s][info][gc,heap        ] GC(104) ParOldGen: 341502K(341504K)->341502K(341504K)
[9.021s][info][gc,metaspace   ] GC(104) Metaspace: 6297K(6464K)->6297K(6464K) NonClass: 5764K(5824K)->5764K(5824K) Class: 533K(640K)->533K(640K)
[9.021s][info][gc             ] GC(104) Pause Full (Ergonomics) 376M->376M(396M) 144.386ms
[9.021s][info][gc,cpu         ] GC(104) User=0.42s Sys=0.00s Real=0.14s
[9.021s][info][gc,start       ] GC(105) Pause Full (Ergonomics)
[9.021s][info][gc,phases,start] GC(105) Marking Phase
[9.128s][info][gc,phases      ] GC(105) Marking Phase 107.256ms
[9.128s][info][gc,phases,start] GC(105) Summary Phase
[9.128s][info][gc,phases      ] GC(105) Summary Phase 0.017ms
[9.128s][info][gc,phases,start] GC(105) Adjust Roots
[9.128s][info][gc,phases      ] GC(105) Adjust Roots 0.168ms
[9.128s][info][gc,phases,start] GC(105) Compaction Phase
[9.167s][info][gc,phases      ] GC(105) Compaction Phase 38.239ms
[9.167s][info][gc,phases,start] GC(105) Post Compact
[9.168s][info][gc,phases      ] GC(105) Post Compact 1.621ms
[9.168s][info][gc,heap        ] GC(105) PSYoungGen: 44467K(64000K)->44467K(64000K) Eden: 14336K(14336K)->14336K(14336K) From: 30131K(49664K)->30131K(49664K)
[9.168s][info][gc,heap        ] GC(105) ParOldGen: 341503K(341504K)->341503K(341504K)
[9.168s][info][gc,metaspace   ] GC(105) Metaspace: 6297K(6464K)->6297K(6464K) NonClass: 5764K(5824K)->5764K(5824K) Class: 533K(640K)->533K(640K)
[9.169s][info][gc             ] GC(105) Pause Full (Ergonomics) 376M->376M(396M) 147.669ms
[9.169s][info][gc,cpu         ] GC(105) User=0.33s Sys=0.00s Real=0.15s
[9.169s][info][gc,start       ] GC(106) Pause Full (Allocation Failure)
[9.169s][info][gc,phases,start] GC(106) Marking Phase
[9.274s][info][gc,phases      ] GC(106) Marking Phase 105.855ms
[9.275s][info][gc,phases,start] GC(106) Summary Phase
[9.275s][info][gc,phases      ] GC(106) Summary Phase 0.023ms
[9.275s][info][gc,phases,start] GC(106) Adjust Roots
[9.275s][info][gc,phases      ] GC(106) Adjust Roots 0.361ms
[9.275s][info][gc,phases,start] GC(106) Compaction Phase
[9.344s][info][gc,phases      ] GC(106) Compaction Phase 69.351ms
[9.344s][info][gc,phases,start] GC(106) Post Compact
[9.346s][info][gc,phases      ] GC(106) Post Compact 1.837ms
[9.346s][info][gc,heap        ] GC(106) PSYoungGen: 44467K(64000K)->44467K(64000K) Eden: 14336K(14336K)->14336K(14336K) From: 30131K(49664K)->30131K(49664K)
[9.346s][info][gc,heap        ] GC(106) ParOldGen: 341503K(341504K)->341499K(341504K)
[9.346s][info][gc,metaspace   ] GC(106) Metaspace: 6297K(6464K)->6295K(6464K) NonClass: 5764K(5824K)->5763K(5824K) Class: 533K(640K)->532K(640K)
[9.346s][info][gc             ] GC(106) Pause Full (Allocation Failure) 376M->376M(396M) 177.780ms
[9.346s][info][gc,cpu         ] GC(106) User=0.44s Sys=0.00s Real=0.18s
[9.347s][info][gc,start       ] GC(107) Pause Full (Ergonomics)
[9.347s][info][gc,phases,start] GC(107) Marking Phase
[9.459s][info][gc,phases      ] GC(107) Marking Phase 112.511ms
[9.460s][info][gc,phases,start] GC(107) Summary Phase
[9.460s][info][gc,phases      ] GC(107) Summary Phase 0.019ms
[9.460s][info][gc,phases,start] GC(107) Adjust Roots
[9.460s][info][gc,phases      ] GC(107) Adjust Roots 0.220ms
[9.460s][info][gc,phases,start] GC(107) Compaction Phase
[9.497s][info][gc,phases      ] GC(107) Compaction Phase 37.461ms
[9.497s][info][gc,phases,start] GC(107) Post Compact
[9.499s][info][gc,phases      ] GC(107) Post Compact 1.781ms
[9.499s][info][gc,heap        ] GC(107) PSYoungGen: 44467K(64000K)->44467K(64000K) Eden: 14336K(14336K)->14336K(14336K) From: 30131K(49664K)->30131K(49664K)
[9.499s][info][gc,heap        ] GC(107) ParOldGen: 341502K(341504K)->341502K(341504K)
[9.499s][info][gc,metaspace   ] GC(107) Metaspace: 6295K(6464K)->6295K(6464K) NonClass: 5763K(5824K)->5763K(5824K) Class: 532K(640K)->532K(640K)
[9.499s][info][gc             ] GC(107) Pause Full (Ergonomics) 376M->376M(396M) 152.473ms
[9.499s][info][gc,cpu         ] GC(107) User=0.41s Sys=0.00s Real=0.15s
[9.500s][info][gc,start       ] GC(108) Pause Full (Ergonomics)
[9.500s][info][gc,phases,start] GC(108) Marking Phase
[9.608s][info][gc,phases      ] GC(108) Marking Phase 108.505ms
[9.608s][info][gc,phases,start] GC(108) Summary Phase
[9.608s][info][gc,phases      ] GC(108) Summary Phase 0.017ms
[9.608s][info][gc,phases,start] GC(108) Adjust Roots
[9.609s][info][gc,phases      ] GC(108) Adjust Roots 0.229ms
[9.609s][info][gc,phases,start] GC(108) Compaction Phase
[9.644s][info][gc,phases      ] GC(108) Compaction Phase 35.355ms
[9.644s][info][gc,phases,start] GC(108) Post Compact
[9.646s][info][gc,phases      ] GC(108) Post Compact 1.563ms
[9.646s][info][gc,heap        ] GC(108) PSYoungGen: 44467K(64000K)->44467K(64000K) Eden: 14336K(14336K)->14336K(14336K) From: 30131K(49664K)->30131K(49664K)
[9.646s][info][gc,heap        ] GC(108) ParOldGen: 341503K(341504K)->341503K(341504K)
[9.646s][info][gc,metaspace   ] GC(108) Metaspace: 6295K(6464K)->6295K(6464K) NonClass: 5763K(5824K)->5763K(5824K) Class: 532K(640K)->532K(640K)
[9.646s][info][gc             ] GC(108) Pause Full (Ergonomics) 376M->376M(396M) 146.002ms
[9.646s][info][gc,cpu         ] GC(108) User=0.41s Sys=0.00s Real=0.15s
[9.646s][info][gc,start       ] GC(109) Pause Full (Allocation Failure)
[9.646s][info][gc,phases,start] GC(109) Marking Phase
[9.757s][info][gc,phases      ] GC(109) Marking Phase 111.347ms
[9.757s][info][gc,phases,start] GC(109) Summary Phase
[9.757s][info][gc,phases      ] GC(109) Summary Phase 0.023ms
[9.757s][info][gc,phases,start] GC(109) Adjust Roots
[9.758s][info][gc,phases      ] GC(109) Adjust Roots 0.198ms
[9.758s][info][gc,phases,start] GC(109) Compaction Phase
[9.795s][info][gc,phases      ] GC(109) Compaction Phase 37.008ms
[9.795s][info][gc,phases,start] GC(109) Post Compact
[9.796s][info][gc,phases      ] GC(109) Post Compact 1.621ms
[9.796s][info][gc,heap        ] GC(109) PSYoungGen: 44467K(64000K)->44467K(64000K) Eden: 14336K(14336K)->14336K(14336K) From: 30131K(49664K)->30131K(49664K)
[9.796s][info][gc,heap        ] GC(109) ParOldGen: 341503K(341504K)->341503K(341504K)
[9.796s][info][gc,metaspace   ] GC(109) Metaspace: 6295K(6464K)->6295K(6464K) NonClass: 5763K(5824K)->5763K(5824K) Class: 532K(640K)->532K(640K)
[9.796s][info][gc             ] GC(109) Pause Full (Allocation Failure) 376M->376M(396M) 150.541ms
[9.796s][info][gc,cpu         ] GC(109) User=0.38s Sys=0.00s Real=0.15s
[9.797s][info][gc,start       ] GC(110) Pause Full (Ergonomics)
[9.797s][info][gc,phases,start] GC(110) Marking Phase
[9.904s][info][gc,phases      ] GC(110) Marking Phase 107.267ms
[9.904s][info][gc,phases,start] GC(110) Summary Phase
[9.904s][info][gc,phases      ] GC(110) Summary Phase 0.023ms
[9.904s][info][gc,phases,start] GC(110) Adjust Roots
[9.905s][info][gc,phases      ] GC(110) Adjust Roots 0.251ms
[9.905s][info][gc,phases,start] GC(110) Compaction Phase
[9.984s][info][gc,phases      ] GC(110) Compaction Phase 79.063ms
[9.984s][info][gc,phases,start] GC(110) Post Compact
[9.986s][info][gc,phases      ] GC(110) Post Compact 2.148ms
[9.986s][info][gc,heap        ] GC(110) PSYoungGen: 44467K(64000K)->44467K(64000K) Eden: 14336K(14336K)->14336K(14336K) From: 30131K(49664K)->30131K(49664K)
[9.986s][info][gc,heap        ] GC(110) ParOldGen: 341503K(341504K)->341502K(341504K)
[9.986s][info][gc,metaspace   ] GC(110) Metaspace: 6295K(6464K)->6295K(6464K) NonClass: 5763K(5824K)->5763K(5824K) Class: 532K(640K)->532K(640K)
[9.986s][info][gc             ] GC(110) Pause Full (Ergonomics) 376M->376M(396M) 189.220ms
[9.986s][info][gc,cpu         ] GC(110) User=0.53s Sys=0.00s Real=0.19s
[9.987s][info][gc,start       ] GC(111) Pause Full (Ergonomics)
[9.987s][info][gc,phases,start] GC(111) Marking Phase
[10.098s][info][gc,phases      ] GC(111) Marking Phase 110.871ms
[10.098s][info][gc,phases,start] GC(111) Summary Phase
[10.098s][info][gc,phases      ] GC(111) Summary Phase 0.024ms
[10.098s][info][gc,phases,start] GC(111) Adjust Roots
[10.099s][info][gc,phases      ] GC(111) Adjust Roots 0.356ms
[10.099s][info][gc,phases,start] GC(111) Compaction Phase
[10.171s][info][gc,phases      ] GC(111) Compaction Phase 72.019ms
[10.171s][info][gc,phases,start] GC(111) Post Compact
[10.173s][info][gc,phases      ] GC(111) Post Compact 1.754ms
[10.173s][info][gc,heap        ] GC(111) PSYoungGen: 44467K(64000K)->44467K(64000K) Eden: 14336K(14336K)->14336K(14336K) From: 30131K(49664K)->30131K(49664K)
[10.173s][info][gc,heap        ] GC(111) ParOldGen: 341503K(341504K)->341501K(341504K)
[10.173s][info][gc,metaspace   ] GC(111) Metaspace: 6297K(6464K)->6297K(6464K) NonClass: 5763K(5824K)->5763K(5824K) Class: 533K(640K)->533K(640K)
[10.173s][info][gc             ] GC(111) Pause Full (Ergonomics) 376M->376M(396M) 185.379ms
[10.173s][info][gc,cpu         ] GC(111) User=0.41s Sys=0.00s Real=0.19s
[10.173s][info][gc,heap,exit   ] Heap
[10.173s][info][gc,heap,exit   ]  PSYoungGen      total 64000K, used 44467K [0x00000000f5980000, 0x00000000fd180000, 0x0000000100000000)
[10.174s][info][gc,heap,exit   ]   eden space 14336K, 100% used [0x00000000f5980000,0x00000000f6780000,0x00000000f6780000)
[10.174s][info][gc,heap,exit   ]   from space 49664K, 60% used [0x00000000f6780000,0x00000000f84ece00,0x00000000f9800000)
[10.174s][info][gc,heap,exit   ]   to   space 53248K, 0% used [0x00000000f9d80000,0x00000000f9d80000,0x00000000fd180000)
[10.174s][info][gc,heap,exit   ]  ParOldGen       total 341504K, used 341501K [0x00000000e0c00000, 0x00000000f5980000, 0x00000000f5980000)
[10.174s][info][gc,heap,exit   ]   object space 341504K, 99% used [0x00000000e0c00000,0x00000000f597f778,0x00000000f5980000)
[10.174s][info][gc,heap,exit   ]  Metaspace       used 6300K, committed 6464K, reserved 1114112K
[10.174s][info][gc,heap,exit   ]   class space    used 534K, committed 640K, reserved 1048576K
