[0.012s][info][gc,init] CardTable entry size: 512
[0.012s][info][gc     ] Using Parallel
[0.013s][info][gc,init] Version: 18.0.1+10 (release)
[0.013s][info][gc,init] CPUs: 8 total, 8 available
[0.013s][info][gc,init] Memory: 16063M
[0.013s][info][gc,init] Large Page Support: Disabled
[0.013s][info][gc,init] NUMA Support: Disabled
[0.013s][info][gc,init] Compressed Oops: Enabled (Zero based)
[0.013s][info][gc,init] Alignments: Space 512K, Generation 512K, Heap 2M
[0.013s][info][gc,init] Heap Min Capacity: 2M
[0.013s][info][gc,init] Heap Initial Capacity: 2M
[0.013s][info][gc,init] Heap Max Capacity: 2500M
[0.013s][info][gc,init] Pre-touch: Disabled
[0.013s][info][gc,init] Parallel Workers: 4
[0.013s][info][gc,metaspace] CDS archive(s) not mapped
[0.013s][info][gc,metaspace] Compressed class space mapped at: 0x0000000800000000-0x0000000840000000, reserved size: 1073741824
[0.013s][info][gc,metaspace] Narrow klass base: 0x0000000800000000, Narrow klass shift: 0, Narrow klass range: 0x40000000
[0.111s][info][gc,start    ] GC(0) Pause Young (Allocation Failure)
[0.112s][info][gc,heap     ] GC(0) PSYoungGen: 512K(1024K)->512K(1024K) Eden: 512K(512K)->0K(512K) From: 0K(512K)->512K(512K)
[0.112s][info][gc,heap     ] GC(0) ParOldGen: 0K(512K)->16K(512K)
[0.112s][info][gc,metaspace] GC(0) Metaspace: 4229K(4352K)->4229K(4352K) NonClass: 3908K(3968K)->3908K(3968K) Class: 321K(384K)->321K(384K)
[0.112s][info][gc          ] GC(0) Pause Young (Allocation Failure) 0M->0M(1M) 1.327ms
[0.112s][info][gc,cpu      ] GC(0) User=0.00s Sys=0.00s Real=0.00s
[0.174s][info][gc,start    ] GC(1) Pause Young (Allocation Failure)
[0.174s][info][gc,heap     ] GC(1) PSYoungGen: 1023K(1024K)->512K(1536K) Eden: 511K(512K)->0K(1024K) From: 512K(512K)->512K(512K)
[0.175s][info][gc,heap     ] GC(1) ParOldGen: 16K(512K)->104K(512K)
[0.175s][info][gc,metaspace] GC(1) Metaspace: 5882K(6016K)->5882K(6016K) NonClass: 5385K(5504K)->5385K(5504K) Class: 496K(512K)->496K(512K)
[0.175s][info][gc          ] GC(1) Pause Young (Allocation Failure) 1M->0M(2M) 0.815ms
[0.175s][info][gc,cpu      ] GC(1) User=0.00s Sys=0.00s Real=0.00s
[0.196s][info][gc,start    ] GC(2) Pause Young (Allocation Failure)
[0.197s][info][gc,heap     ] GC(2) PSYoungGen: 1536K(1536K)->512K(1536K) Eden: 1024K(1024K)->0K(1024K) From: 512K(512K)->512K(512K)
[0.197s][info][gc,heap     ] GC(2) ParOldGen: 104K(512K)->548K(1024K)
[0.197s][info][gc,metaspace] GC(2) Metaspace: 6300K(6464K)->6300K(6464K) NonClass: 5766K(5824K)->5766K(5824K) Class: 533K(640K)->533K(640K)
[0.197s][info][gc          ] GC(2) Pause Young (Allocation Failure) 1M->1M(2M) 1.022ms
[0.197s][info][gc,cpu      ] GC(2) User=0.00s Sys=0.00s Real=0.00s
[0.197s][info][gc,start    ] GC(3) Pause Full (Ergonomics)
[0.197s][info][gc,phases,start] GC(3) Marking Phase
[0.198s][info][gc,phases      ] GC(3) Marking Phase 0.951ms
[0.198s][info][gc,phases,start] GC(3) Summary Phase
[0.198s][info][gc,phases      ] GC(3) Summary Phase 0.013ms
[0.198s][info][gc,phases,start] GC(3) Adjust Roots
[0.199s][info][gc,phases      ] GC(3) Adjust Roots 0.473ms
[0.199s][info][gc,phases,start] GC(3) Compaction Phase
[0.202s][info][gc,phases      ] GC(3) Compaction Phase 2.887ms
[0.202s][info][gc,phases,start] GC(3) Post Compact
[0.202s][info][gc,phases      ] GC(3) Post Compact 0.079ms
[0.202s][info][gc,heap        ] GC(3) PSYoungGen: 512K(1536K)->0K(2048K) Eden: 0K(1024K)->0K(1536K) From: 512K(512K)->0K(512K)
[0.202s][info][gc,heap        ] GC(3) ParOldGen: 548K(1024K)->980K(2560K)
[0.202s][info][gc,metaspace   ] GC(3) Metaspace: 6300K(6464K)->6300K(6464K) NonClass: 5766K(5824K)->5766K(5824K) Class: 533K(640K)->533K(640K)
[0.202s][info][gc             ] GC(3) Pause Full (Ergonomics) 1M->0M(4M) 4.684ms
[0.202s][info][gc,cpu         ] GC(3) User=0.00s Sys=0.00s Real=0.00s
[0.204s][info][gc,start       ] GC(4) Pause Young (Allocation Failure)
[0.205s][info][gc,heap        ] GC(4) PSYoungGen: 1536K(2048K)->480K(2560K) Eden: 1536K(1536K)->0K(2048K) From: 0K(512K)->480K(512K)
[0.205s][info][gc,heap        ] GC(4) ParOldGen: 980K(2560K)->1316K(2560K)
[0.205s][info][gc,metaspace   ] GC(4) Metaspace: 6300K(6464K)->6300K(6464K) NonClass: 5766K(5824K)->5766K(5824K) Class: 533K(640K)->533K(640K)
[0.205s][info][gc             ] GC(4) Pause Young (Allocation Failure) 2M->1M(5M) 0.907ms
[0.205s][info][gc,cpu         ] GC(4) User=0.00s Sys=0.00s Real=0.00s
[0.208s][info][gc,start       ] GC(5) Pause Young (Allocation Failure)
[0.209s][info][gc,heap        ] GC(5) PSYoungGen: 2527K(2560K)->480K(2048K) Eden: 2047K(2048K)->0K(1536K) From: 480K(512K)->480K(512K)
[0.209s][info][gc,heap        ] GC(5) ParOldGen: 1316K(2560K)->2396K(2560K)
[0.209s][info][gc,metaspace   ] GC(5) Metaspace: 6300K(6464K)->6300K(6464K) NonClass: 5766K(5824K)->5766K(5824K) Class: 533K(640K)->533K(640K)
[0.209s][info][gc             ] GC(5) Pause Young (Allocation Failure) 3M->2M(4M) 1.181ms
[0.209s][info][gc,cpu         ] GC(5) User=0.00s Sys=0.00s Real=0.00s
[0.209s][info][gc,start       ] GC(6) Pause Full (Ergonomics)
[0.209s][info][gc,phases,start] GC(6) Marking Phase
[0.211s][info][gc,phases      ] GC(6) Marking Phase 1.218ms
[0.211s][info][gc,phases,start] GC(6) Summary Phase
[0.211s][info][gc,phases      ] GC(6) Summary Phase 0.013ms
[0.211s][info][gc,phases,start] GC(6) Adjust Roots
[0.211s][info][gc,phases      ] GC(6) Adjust Roots 0.316ms
[0.211s][info][gc,phases,start] GC(6) Compaction Phase
[0.213s][info][gc,phases      ] GC(6) Compaction Phase 1.792ms
[0.213s][info][gc,phases,start] GC(6) Post Compact
[0.213s][info][gc,phases      ] GC(6) Post Compact 0.028ms
[0.213s][info][gc,heap        ] GC(6) PSYoungGen: 480K(2048K)->479K(2048K) Eden: 0K(1536K)->0K(1536K) From: 480K(512K)->479K(512K)
[0.213s][info][gc,heap        ] GC(6) ParOldGen: 2396K(2560K)->2325K(5632K)
[0.213s][info][gc,metaspace   ] GC(6) Metaspace: 6300K(6464K)->6300K(6464K) NonClass: 5766K(5824K)->5766K(5824K) Class: 533K(640K)->533K(640K)
[0.213s][info][gc             ] GC(6) Pause Full (Ergonomics) 2M->2M(7M) 3.700ms
[0.213s][info][gc,cpu         ] GC(6) User=0.00s Sys=0.00s Real=0.00s
[0.216s][info][gc,start       ] GC(7) Pause Young (Allocation Failure)
[0.217s][info][gc,heap        ] GC(7) PSYoungGen: 2015K(2048K)->1312K(3072K) Eden: 1536K(1536K)->0K(1536K) From: 479K(512K)->1312K(1536K)
[0.217s][info][gc,heap        ] GC(7) ParOldGen: 2325K(5632K)->2325K(5632K)
[0.217s][info][gc,metaspace   ] GC(7) Metaspace: 6300K(6464K)->6300K(6464K) NonClass: 5766K(5824K)->5766K(5824K) Class: 533K(640K)->533K(640K)
[0.217s][info][gc             ] GC(7) Pause Young (Allocation Failure) 4M->3M(8M) 1.103ms
[0.217s][info][gc,cpu         ] GC(7) User=0.00s Sys=0.00s Real=0.00s
[0.220s][info][gc,start       ] GC(8) Pause Young (Allocation Failure)
[0.221s][info][gc,heap        ] GC(8) PSYoungGen: 2847K(3072K)->2016K(4096K) Eden: 1535K(1536K)->0K(2048K) From: 1312K(1536K)->2016K(2048K)
[0.221s][info][gc,heap        ] GC(8) ParOldGen: 2325K(5632K)->2373K(5632K)
[0.221s][info][gc,metaspace   ] GC(8) Metaspace: 6300K(6464K)->6300K(6464K) NonClass: 5766K(5824K)->5766K(5824K) Class: 533K(640K)->533K(640K)
[0.221s][info][gc             ] GC(8) Pause Young (Allocation Failure) 5M->4M(9M) 1.714ms
[0.221s][info][gc,cpu         ] GC(8) User=0.00s Sys=0.00s Real=0.00s
[0.224s][info][gc,start       ] GC(9) Pause Young (Allocation Failure)
[0.226s][info][gc,heap        ] GC(9) PSYoungGen: 4064K(4096K)->2528K(4608K) Eden: 2048K(2048K)->0K(2048K) From: 2016K(2048K)->2528K(2560K)
[0.226s][info][gc,heap        ] GC(9) ParOldGen: 2373K(5632K)->2917K(5632K)
[0.226s][info][gc,metaspace   ] GC(9) Metaspace: 6300K(6464K)->6300K(6464K) NonClass: 5766K(5824K)->5766K(5824K) Class: 533K(640K)->533K(640K)
[0.226s][info][gc             ] GC(9) Pause Young (Allocation Failure) 6M->5M(10M) 2.191ms
[0.226s][info][gc,cpu         ] GC(9) User=0.00s Sys=0.00s Real=0.00s
[0.231s][info][gc,start       ] GC(10) Pause Young (Allocation Failure)
[0.234s][info][gc,heap        ] GC(10) PSYoungGen: 4576K(4608K)->3040K(5632K) Eden: 2048K(2048K)->0K(2560K) From: 2528K(2560K)->3040K(3072K)
[0.234s][info][gc,heap        ] GC(10) ParOldGen: 2917K(5632K)->3469K(5632K)
[0.234s][info][gc,metaspace   ] GC(10) Metaspace: 6300K(6464K)->6300K(6464K) NonClass: 5766K(5824K)->5766K(5824K) Class: 533K(640K)->533K(640K)
[0.234s][info][gc             ] GC(10) Pause Young (Allocation Failure) 7M->6M(11M) 2.753ms
[0.234s][info][gc,cpu         ] GC(10) User=0.00s Sys=0.00s Real=0.00s
[0.237s][info][gc,start       ] GC(11) Pause Young (Allocation Failure)
[0.240s][info][gc,heap        ] GC(11) PSYoungGen: 5600K(5632K)->3648K(6656K) Eden: 2560K(2560K)->0K(2560K) From: 3040K(3072K)->3648K(4096K)
[0.241s][info][gc,heap        ] GC(11) ParOldGen: 3469K(5632K)->4237K(5632K)
[0.241s][info][gc,metaspace   ] GC(11) Metaspace: 6300K(6464K)->6300K(6464K) NonClass: 5766K(5824K)->5766K(5824K) Class: 533K(640K)->533K(640K)
[0.241s][info][gc             ] GC(11) Pause Young (Allocation Failure) 8M->7M(12M) 3.299ms
[0.241s][info][gc,cpu         ] GC(11) User=0.00s Sys=0.00s Real=0.00s
[0.244s][info][gc,start       ] GC(12) Pause Young (Allocation Failure)
[0.246s][info][gc,heap        ] GC(12) PSYoungGen: 6208K(6656K)->3712K(7680K) Eden: 2560K(2560K)->0K(3072K) From: 3648K(4096K)->3712K(4608K)
[0.246s][info][gc,heap        ] GC(12) ParOldGen: 4237K(5632K)->5509K(5632K)
[0.246s][info][gc,metaspace   ] GC(12) Metaspace: 6300K(6464K)->6300K(6464K) NonClass: 5766K(5824K)->5766K(5824K) Class: 533K(640K)->533K(640K)
[0.246s][info][gc             ] GC(12) Pause Young (Allocation Failure) 10M->9M(13M) 2.934ms
[0.247s][info][gc,cpu         ] GC(12) User=0.00s Sys=0.00s Real=0.00s
[0.247s][info][gc,start       ] GC(13) Pause Full (Ergonomics)
[0.247s][info][gc,phases,start] GC(13) Marking Phase
[0.250s][info][gc,phases      ] GC(13) Marking Phase 3.112ms
[0.250s][info][gc,phases,start] GC(13) Summary Phase
[0.250s][info][gc,phases      ] GC(13) Summary Phase 0.015ms
[0.250s][info][gc,phases,start] GC(13) Adjust Roots
[0.250s][info][gc,phases      ] GC(13) Adjust Roots 0.211ms
[0.250s][info][gc,phases,start] GC(13) Compaction Phase
[0.253s][info][gc,phases      ] GC(13) Compaction Phase 3.437ms
[0.254s][info][gc,phases,start] GC(13) Post Compact
[0.254s][info][gc,phases      ] GC(13) Post Compact 0.050ms
[0.254s][info][gc,heap        ] GC(13) PSYoungGen: 3712K(7680K)->3681K(7680K) Eden: 0K(3072K)->0K(3072K) From: 3712K(4608K)->3681K(4608K)
[0.254s][info][gc,heap        ] GC(13) ParOldGen: 5509K(5632K)->5391K(10240K)
[0.254s][info][gc,metaspace   ] GC(13) Metaspace: 6300K(6464K)->6300K(6464K) NonClass: 5766K(5824K)->5766K(5824K) Class: 533K(640K)->533K(640K)
[0.254s][info][gc             ] GC(13) Pause Full (Ergonomics) 9M->8M(17M) 7.119ms
[0.254s][info][gc,cpu         ] GC(13) User=0.00s Sys=0.00s Real=0.01s
[0.258s][info][gc,start       ] GC(14) Pause Young (Allocation Failure)
[0.262s][info][gc,heap        ] GC(14) PSYoungGen: 6753K(7680K)->2944K(8192K) Eden: 3072K(3072K)->0K(3072K) From: 3681K(4608K)->2944K(5120K)
[0.262s][info][gc,heap        ] GC(14) ParOldGen: 5391K(10240K)->7807K(10240K)
[0.262s][info][gc,metaspace   ] GC(14) Metaspace: 6300K(6464K)->6300K(6464K) NonClass: 5766K(5824K)->5766K(5824K) Class: 533K(640K)->533K(640K)
[0.262s][info][gc             ] GC(14) Pause Young (Allocation Failure) 11M->10M(18M) 3.655ms
[0.262s][info][gc,cpu         ] GC(14) User=0.00s Sys=0.00s Real=0.00s
[0.268s][info][gc,start       ] GC(15) Pause Young (Allocation Failure)
[0.271s][info][gc,heap        ] GC(15) PSYoungGen: 6016K(8192K)->1888K(8704K) Eden: 3072K(3072K)->0K(4608K) From: 2944K(5120K)->1888K(4096K)
[0.271s][info][gc,heap        ] GC(15) ParOldGen: 7807K(10240K)->10751K(10752K)
[0.271s][info][gc,metaspace   ] GC(15) Metaspace: 6300K(6464K)->6300K(6464K) NonClass: 5766K(5824K)->5766K(5824K) Class: 533K(640K)->533K(640K)
[0.271s][info][gc             ] GC(15) Pause Young (Allocation Failure) 13M->12M(19M) 3.330ms
[0.271s][info][gc,cpu         ] GC(15) User=0.00s Sys=0.00s Real=0.00s
[0.271s][info][gc,start       ] GC(16) Pause Full (Ergonomics)
[0.271s][info][gc,phases,start] GC(16) Marking Phase
[0.275s][info][gc,phases      ] GC(16) Marking Phase 4.142ms
[0.275s][info][gc,phases,start] GC(16) Summary Phase
[0.275s][info][gc,phases      ] GC(16) Summary Phase 0.023ms
[0.275s][info][gc,phases,start] GC(16) Adjust Roots
[0.275s][info][gc,phases      ] GC(16) Adjust Roots 0.227ms
[0.276s][info][gc,phases,start] GC(16) Compaction Phase
[0.280s][info][gc,phases      ] GC(16) Compaction Phase 4.183ms
[0.280s][info][gc,phases,start] GC(16) Post Compact
[0.280s][info][gc,phases      ] GC(16) Post Compact 0.075ms
[0.280s][info][gc,heap        ] GC(16) PSYoungGen: 1888K(8704K)->1824K(9216K) Eden: 0K(4608K)->0K(5120K) From: 1888K(4096K)->1824K(4096K)
[0.280s][info][gc,heap        ] GC(16) ParOldGen: 10751K(10752K)->10394K(17408K)
[0.280s][info][gc,metaspace   ] GC(16) Metaspace: 6300K(6464K)->6300K(6464K) NonClass: 5766K(5824K)->5766K(5824K) Class: 533K(640K)->533K(640K)
[0.280s][info][gc             ] GC(16) Pause Full (Ergonomics) 12M->11M(26M) 9.031ms
[0.280s][info][gc,cpu         ] GC(16) User=0.02s Sys=0.00s Real=0.01s
[0.286s][info][gc,start       ] GC(17) Pause Young (Allocation Failure)
[0.290s][info][gc,heap        ] GC(17) PSYoungGen: 6944K(9216K)->2656K(9728K) Eden: 5120K(5120K)->0K(5120K) From: 1824K(4096K)->2656K(4608K)
[0.290s][info][gc,heap        ] GC(17) ParOldGen: 10394K(17408K)->12258K(17408K)
[0.290s][info][gc,metaspace   ] GC(17) Metaspace: 6301K(6464K)->6301K(6464K) NonClass: 5768K(5824K)->5768K(5824K) Class: 533K(640K)->533K(640K)
[0.290s][info][gc             ] GC(17) Pause Young (Allocation Failure) 16M->14M(26M) 4.541ms
[0.290s][info][gc,cpu         ] GC(17) User=0.00s Sys=0.00s Real=0.01s
[0.294s][info][gc,start       ] GC(18) Pause Young (Allocation Failure)
[0.298s][info][gc,heap        ] GC(18) PSYoungGen: 7776K(9728K)->2720K(11776K) Eden: 5120K(5120K)->0K(7168K) From: 2656K(4608K)->2720K(4608K)
[0.298s][info][gc,heap        ] GC(18) ParOldGen: 12258K(17408K)->14930K(17408K)
[0.298s][info][gc,metaspace   ] GC(18) Metaspace: 6301K(6464K)->6301K(6464K) NonClass: 5768K(5824K)->5768K(5824K) Class: 533K(640K)->533K(640K)
[0.298s][info][gc             ] GC(18) Pause Young (Allocation Failure) 19M->17M(28M) 3.959ms
[0.298s][info][gc,cpu         ] GC(18) User=0.00s Sys=0.00s Real=0.00s
[0.298s][info][gc,start       ] GC(19) Pause Full (Ergonomics)
[0.298s][info][gc,phases,start] GC(19) Marking Phase
[0.304s][info][gc,phases      ] GC(19) Marking Phase 5.696ms
[0.304s][info][gc,phases,start] GC(19) Summary Phase
[0.304s][info][gc,phases      ] GC(19) Summary Phase 0.017ms
[0.304s][info][gc,phases,start] GC(19) Adjust Roots
[0.304s][info][gc,phases      ] GC(19) Adjust Roots 0.208ms
[0.305s][info][gc,phases,start] GC(19) Compaction Phase
[0.309s][info][gc,phases      ] GC(19) Compaction Phase 4.346ms
[0.309s][info][gc,phases,start] GC(19) Post Compact
[0.309s][info][gc,phases      ] GC(19) Post Compact 0.088ms
[0.309s][info][gc,heap        ] GC(19) PSYoungGen: 2720K(11776K)->84K(11776K) Eden: 0K(7168K)->0K(7168K) From: 2720K(4608K)->84K(4608K)
[0.309s][info][gc,heap        ] GC(19) ParOldGen: 14930K(17408K)->17385K(26112K)
[0.309s][info][gc,metaspace   ] GC(19) Metaspace: 6301K(6464K)->6301K(6464K) NonClass: 5768K(5824K)->5768K(5824K) Class: 533K(640K)->533K(640K)
[0.309s][info][gc             ] GC(19) Pause Full (Ergonomics) 17M->17M(37M) 10.698ms
[0.309s][info][gc,cpu         ] GC(19) User=0.00s Sys=0.00s Real=0.01s
[0.314s][info][gc,start       ] GC(20) Pause Young (Allocation Failure)
[0.318s][info][gc,heap        ] GC(20) PSYoungGen: 7252K(11776K)->3776K(11776K) Eden: 7168K(7168K)->0K(7168K) From: 84K(4608K)->3776K(4608K)
[0.318s][info][gc,heap        ] GC(20) ParOldGen: 17385K(26112K)->17489K(26112K)
[0.318s][info][gc,metaspace   ] GC(20) Metaspace: 6301K(6464K)->6301K(6464K) NonClass: 5768K(5824K)->5768K(5824K) Class: 533K(640K)->533K(640K)
[0.318s][info][gc             ] GC(20) Pause Young (Allocation Failure) 24M->20M(37M) 3.251ms
[0.318s][info][gc,cpu         ] GC(20) User=0.00s Sys=0.00s Real=0.00s
[0.327s][info][gc,start       ] GC(21) Pause Young (Allocation Failure)
[0.332s][info][gc,heap        ] GC(21) PSYoungGen: 10944K(11776K)->4288K(14336K) Eden: 7168K(7168K)->0K(9216K) From: 3776K(4608K)->4288K(5120K)
[0.333s][info][gc,heap        ] GC(21) ParOldGen: 17489K(26112K)->21257K(26112K)
[0.333s][info][gc,metaspace   ] GC(21) Metaspace: 6301K(6464K)->6301K(6464K) NonClass: 5768K(5824K)->5768K(5824K) Class: 533K(640K)->533K(640K)
[0.333s][info][gc             ] GC(21) Pause Young (Allocation Failure) 27M->24M(39M) 5.975ms
[0.333s][info][gc,cpu         ] GC(21) User=0.00s Sys=0.00s Real=0.01s
[0.339s][info][gc,start       ] GC(22) Pause Young (Allocation Failure)
[0.345s][info][gc,heap        ] GC(22) PSYoungGen: 13504K(14336K)->4800K(14848K) Eden: 9216K(9216K)->0K(9216K) From: 4288K(5120K)->4800K(5632K)
[0.345s][info][gc,heap        ] GC(22) ParOldGen: 21257K(26112K)->25521K(26112K)
[0.345s][info][gc,metaspace   ] GC(22) Metaspace: 6301K(6464K)->6301K(6464K) NonClass: 5768K(5824K)->5768K(5824K) Class: 533K(640K)->533K(640K)
[0.345s][info][gc             ] GC(22) Pause Young (Allocation Failure) 33M->29M(40M) 6.071ms
[0.345s][info][gc,cpu         ] GC(22) User=0.00s Sys=0.00s Real=0.01s
[0.345s][info][gc,start       ] GC(23) Pause Full (Ergonomics)
[0.345s][info][gc,phases,start] GC(23) Marking Phase
[0.354s][info][gc,phases      ] GC(23) Marking Phase 8.470ms
[0.354s][info][gc,phases,start] GC(23) Summary Phase
[0.354s][info][gc,phases      ] GC(23) Summary Phase 0.015ms
[0.354s][info][gc,phases,start] GC(23) Adjust Roots
[0.354s][info][gc,phases      ] GC(23) Adjust Roots 0.179ms
[0.354s][info][gc,phases,start] GC(23) Compaction Phase
[0.363s][info][gc,phases      ] GC(23) Compaction Phase 8.988ms
[0.363s][info][gc,phases,start] GC(23) Post Compact
[0.363s][info][gc,phases      ] GC(23) Post Compact 0.099ms
[0.363s][info][gc,heap        ] GC(23) PSYoungGen: 4800K(14848K)->3741K(14848K) Eden: 0K(9216K)->0K(9216K) From: 4800K(5632K)->3741K(5632K)
[0.363s][info][gc,heap        ] GC(23) ParOldGen: 25521K(26112K)->25876K(37376K)
[0.363s][info][gc,metaspace   ] GC(23) Metaspace: 6301K(6464K)->6301K(6464K) NonClass: 5768K(5824K)->5768K(5824K) Class: 533K(640K)->533K(640K)
[0.363s][info][gc             ] GC(23) Pause Full (Ergonomics) 29M->28M(51M) 18.072ms
[0.363s][info][gc,cpu         ] GC(23) User=0.00s Sys=0.00s Real=0.02s
[0.372s][info][gc,start       ] GC(24) Pause Young (Allocation Failure)
[0.380s][info][gc,heap        ] GC(24) PSYoungGen: 12957K(14848K)->6144K(14848K) Eden: 9216K(9216K)->0K(8704K) From: 3741K(5632K)->6144K(6144K)
[0.380s][info][gc,heap        ] GC(24) ParOldGen: 25876K(37376K)->31212K(37376K)
[0.380s][info][gc,metaspace   ] GC(24) Metaspace: 6301K(6464K)->6301K(6464K) NonClass: 5768K(5824K)->5768K(5824K) Class: 533K(640K)->533K(640K)
[0.380s][info][gc             ] GC(24) Pause Young (Allocation Failure) 37M->36M(51M) 7.895ms
[0.380s][info][gc,cpu         ] GC(24) User=0.00s Sys=0.00s Real=0.01s
[0.389s][info][gc,start       ] GC(25) Pause Young (Allocation Failure)
[0.396s][info][gc,heap        ] GC(25) PSYoungGen: 13774K(14848K)->7488K(17920K) Eden: 7630K(8704K)->0K(8704K) From: 6144K(6144K)->7488K(9216K)
[0.396s][info][gc,heap        ] GC(25) ParOldGen: 31212K(37376K)->37460K(37888K)
[0.396s][info][gc,metaspace   ] GC(25) Metaspace: 6301K(6464K)->6301K(6464K) NonClass: 5768K(5824K)->5768K(5824K) Class: 533K(640K)->533K(640K)
[0.396s][info][gc             ] GC(25) Pause Young (Allocation Failure) 43M->43M(54M) 7.522ms
[0.396s][info][gc,cpu         ] GC(25) User=0.00s Sys=0.00s Real=0.01s
[0.396s][info][gc,start       ] GC(26) Pause Full (Ergonomics)
[0.396s][info][gc,phases,start] GC(26) Marking Phase
[0.409s][info][gc,phases      ] GC(26) Marking Phase 12.453ms
[0.409s][info][gc,phases,start] GC(26) Summary Phase
[0.409s][info][gc,phases      ] GC(26) Summary Phase 0.015ms
[0.409s][info][gc,phases,start] GC(26) Adjust Roots
[0.409s][info][gc,phases      ] GC(26) Adjust Roots 0.199ms
[0.409s][info][gc,phases,start] GC(26) Compaction Phase
[0.419s][info][gc,phases      ] GC(26) Compaction Phase 10.200ms
[0.419s][info][gc,phases,start] GC(26) Post Compact
[0.420s][info][gc,phases      ] GC(26) Post Compact 0.219ms
[0.420s][info][gc,heap        ] GC(26) PSYoungGen: 7488K(17920K)->6940K(17920K) Eden: 0K(8704K)->0K(8704K) From: 7488K(9216K)->6940K(9216K)
[0.420s][info][gc,heap        ] GC(26) ParOldGen: 37460K(37888K)->37755K(52224K)
[0.420s][info][gc,metaspace   ] GC(26) Metaspace: 6301K(6464K)->6301K(6464K) NonClass: 5768K(5824K)->5768K(5824K) Class: 533K(640K)->533K(640K)
[0.420s][info][gc             ] GC(26) Pause Full (Ergonomics) 43M->43M(68M) 23.524ms
[0.420s][info][gc,cpu         ] GC(26) User=0.03s Sys=0.00s Real=0.02s
[0.431s][info][gc,start       ] GC(27) Pause Young (Allocation Failure)
[0.441s][info][gc,heap        ] GC(27) PSYoungGen: 15644K(17920K)->9696K(15872K) Eden: 8704K(8704K)->0K(6144K) From: 6940K(9216K)->9696K(9728K)
[0.441s][info][gc,heap        ] GC(27) ParOldGen: 37755K(52224K)->45883K(52224K)
[0.441s][info][gc,metaspace   ] GC(27) Metaspace: 6301K(6464K)->6301K(6464K) NonClass: 5768K(5824K)->5768K(5824K) Class: 533K(640K)->533K(640K)
[0.441s][info][gc             ] GC(27) Pause Young (Allocation Failure) 52M->54M(66M) 10.566ms
[0.442s][info][gc,cpu         ] GC(27) User=0.00s Sys=0.00s Real=0.01s
[0.442s][info][gc,start       ] GC(28) Pause Full (Ergonomics)
[0.442s][info][gc,phases,start] GC(28) Marking Phase
[0.456s][info][gc,phases      ] GC(28) Marking Phase 14.174ms
[0.456s][info][gc,phases,start] GC(28) Summary Phase
[0.456s][info][gc,phases      ] GC(28) Summary Phase 0.018ms
[0.456s][info][gc,phases,start] GC(28) Adjust Roots
[0.456s][info][gc,phases      ] GC(28) Adjust Roots 0.194ms
[0.456s][info][gc,phases,start] GC(28) Compaction Phase
[0.471s][info][gc,phases      ] GC(28) Compaction Phase 14.638ms
[0.471s][info][gc,phases,start] GC(28) Post Compact
[0.471s][info][gc,phases      ] GC(28) Post Compact 0.275ms
[0.471s][info][gc,heap        ] GC(28) PSYoungGen: 9696K(15872K)->479K(15872K) Eden: 0K(6144K)->0K(6144K) From: 9696K(9728K)->479K(9728K)
[0.471s][info][gc,heap        ] GC(28) ParOldGen: 45883K(52224K)->51873K(69632K)
[0.471s][info][gc,metaspace   ] GC(28) Metaspace: 6301K(6464K)->6301K(6464K) NonClass: 5768K(5824K)->5768K(5824K) Class: 533K(640K)->533K(640K)
[0.471s][info][gc             ] GC(28) Pause Full (Ergonomics) 54M->51M(83M) 29.743ms
[0.471s][info][gc,cpu         ] GC(28) User=0.02s Sys=0.00s Real=0.03s
[0.477s][info][gc,start       ] GC(29) Pause Young (Allocation Failure)
[0.484s][info][gc,heap        ] GC(29) PSYoungGen: 6623K(15872K)->6176K(20480K) Eden: 6144K(6144K)->0K(6144K) From: 479K(9728K)->6176K(14336K)
[0.484s][info][gc,heap        ] GC(29) ParOldGen: 51873K(69632K)->52377K(69632K)
[0.484s][info][gc,metaspace   ] GC(29) Metaspace: 6301K(6464K)->6301K(6464K) NonClass: 5768K(5824K)->5768K(5824K) Class: 533K(640K)->533K(640K)
[0.484s][info][gc             ] GC(29) Pause Young (Allocation Failure) 57M->57M(88M) 6.787ms
[0.484s][info][gc,cpu         ] GC(29) User=0.00s Sys=0.00s Real=0.01s
[0.491s][info][gc,start       ] GC(30) Pause Young (Allocation Failure)
[0.498s][info][gc,heap        ] GC(30) PSYoungGen: 12320K(20480K)->12320K(19968K) Eden: 6144K(6144K)->0K(6144K) From: 6176K(14336K)->12320K(13824K)
[0.498s][info][gc,heap        ] GC(30) ParOldGen: 52377K(69632K)->52377K(69632K)
[0.498s][info][gc,metaspace   ] GC(30) Metaspace: 6301K(6464K)->6301K(6464K) NonClass: 5768K(5824K)->5768K(5824K) Class: 533K(640K)->533K(640K)
[0.498s][info][gc             ] GC(30) Pause Young (Allocation Failure) 63M->63M(87M) 7.108ms
[0.498s][info][gc,cpu         ] GC(30) User=0.02s Sys=0.00s Real=0.01s
[0.504s][info][gc,start       ] GC(31) Pause Young (Allocation Failure)
[0.513s][info][gc,heap        ] GC(31) PSYoungGen: 18464K(19968K)->15360K(21504K) Eden: 6144K(6144K)->0K(6144K) From: 12320K(13824K)->15360K(15360K)
[0.513s][info][gc,heap        ] GC(31) ParOldGen: 52377K(69632K)->55457K(69632K)
[0.513s][info][gc,metaspace   ] GC(31) Metaspace: 6301K(6464K)->6301K(6464K) NonClass: 5768K(5824K)->5768K(5824K) Class: 533K(640K)->533K(640K)
[0.513s][info][gc             ] GC(31) Pause Young (Allocation Failure) 69M->69M(89M) 8.624ms
[0.513s][info][gc,cpu         ] GC(31) User=0.02s Sys=0.00s Real=0.01s
[0.519s][info][gc,start       ] GC(32) Pause Young (Allocation Failure)
[0.530s][info][gc,heap        ] GC(32) PSYoungGen: 21504K(21504K)->11200K(27136K) Eden: 6144K(6144K)->0K(7680K) From: 15360K(15360K)->11200K(19456K)
[0.530s][info][gc,heap        ] GC(32) ParOldGen: 55457K(69632K)->65985K(69632K)
[0.530s][info][gc,metaspace   ] GC(32) Metaspace: 6301K(6464K)->6301K(6464K) NonClass: 5768K(5824K)->5768K(5824K) Class: 533K(640K)->533K(640K)
[0.530s][info][gc             ] GC(32) Pause Young (Allocation Failure) 75M->75M(94M) 10.931ms
[0.530s][info][gc,cpu         ] GC(32) User=0.02s Sys=0.00s Real=0.01s
[0.530s][info][gc,start       ] GC(33) Pause Full (Ergonomics)
[0.530s][info][gc,phases,start] GC(33) Marking Phase
[0.552s][info][gc,phases      ] GC(33) Marking Phase 22.311ms
[0.552s][info][gc,phases,start] GC(33) Summary Phase
[0.552s][info][gc,phases      ] GC(33) Summary Phase 0.015ms
[0.552s][info][gc,phases,start] GC(33) Adjust Roots
[0.553s][info][gc,phases      ] GC(33) Adjust Roots 0.206ms
[0.553s][info][gc,phases,start] GC(33) Compaction Phase
[0.563s][info][gc,phases      ] GC(33) Compaction Phase 10.531ms
[0.563s][info][gc,phases,start] GC(33) Post Compact
[0.564s][info][gc,phases      ] GC(33) Post Compact 0.305ms
[0.564s][info][gc,heap        ] GC(33) PSYoungGen: 11200K(27136K)->7519K(27136K) Eden: 0K(7680K)->0K(7680K) From: 11200K(19456K)->7519K(19456K)
[0.564s][info][gc,heap        ] GC(33) ParOldGen: 65985K(69632K)->69284K(90112K)
[0.564s][info][gc,metaspace   ] GC(33) Metaspace: 6301K(6464K)->6301K(6464K) NonClass: 5768K(5824K)->5768K(5824K) Class: 533K(640K)->533K(640K)
[0.564s][info][gc             ] GC(33) Pause Full (Ergonomics) 75M->75M(114M) 33.775ms
[0.564s][info][gc,cpu         ] GC(33) User=0.08s Sys=0.00s Real=0.03s
[0.573s][info][gc,start       ] GC(34) Pause Young (Allocation Failure)
[0.585s][info][gc,heap        ] GC(34) PSYoungGen: 15199K(27136K)->7712K(27136K) Eden: 7680K(7680K)->0K(7680K) From: 7519K(19456K)->7712K(19456K)
[0.585s][info][gc,heap        ] GC(34) ParOldGen: 69284K(90112K)->76932K(90112K)
[0.585s][info][gc,metaspace   ] GC(34) Metaspace: 6301K(6464K)->6301K(6464K) NonClass: 5768K(5824K)->5768K(5824K) Class: 533K(640K)->533K(640K)
[0.585s][info][gc             ] GC(34) Pause Young (Allocation Failure) 82M->82M(114M) 11.723ms
[0.585s][info][gc,cpu         ] GC(34) User=0.00s Sys=0.00s Real=0.01s
[0.604s][info][gc,start       ] GC(35) Pause Full (Ergonomics)
[0.604s][info][gc,phases,start] GC(35) Marking Phase
[0.633s][info][gc,phases      ] GC(35) Marking Phase 28.314ms
[0.633s][info][gc,phases,start] GC(35) Summary Phase
[0.633s][info][gc,phases      ] GC(35) Summary Phase 0.016ms
[0.633s][info][gc,phases,start] GC(35) Adjust Roots
[0.633s][info][gc,phases      ] GC(35) Adjust Roots 0.170ms
[0.633s][info][gc,phases,start] GC(35) Compaction Phase
[0.652s][info][gc,phases      ] GC(35) Compaction Phase 19.207ms
[0.652s][info][gc,phases,start] GC(35) Post Compact
[0.653s][info][gc,phases      ] GC(35) Post Compact 0.334ms
[0.653s][info][gc,heap        ] GC(35) PSYoungGen: 15392K(27136K)->4071K(27136K) Eden: 7680K(7680K)->0K(7680K) From: 7712K(19456K)->4071K(19456K)
[0.653s][info][gc,heap        ] GC(35) ParOldGen: 81028K(90112K)->90080K(113152K)
[0.653s][info][gc,metaspace   ] GC(35) Metaspace: 6301K(6464K)->6301K(6464K) NonClass: 5768K(5824K)->5768K(5824K) Class: 533K(640K)->533K(640K)
[0.653s][info][gc             ] GC(35) Pause Full (Ergonomics) 94M->91M(137M) 48.425ms
[0.653s][info][gc,cpu         ] GC(35) User=0.08s Sys=0.00s Real=0.05s
[0.661s][info][gc,start       ] GC(36) Pause Young (Allocation Failure)
[0.672s][info][gc,heap        ] GC(36) PSYoungGen: 11751K(27136K)->7712K(25600K) Eden: 7680K(7680K)->0K(9216K) From: 4071K(19456K)->7712K(16384K)
[0.672s][info][gc,heap        ] GC(36) ParOldGen: 90080K(113152K)->94232K(113152K)
[0.672s][info][gc,metaspace   ] GC(36) Metaspace: 6301K(6464K)->6301K(6464K) NonClass: 5768K(5824K)->5768K(5824K) Class: 533K(640K)->533K(640K)
[0.672s][info][gc             ] GC(36) Pause Young (Allocation Failure) 99M->99M(135M) 10.926ms
[0.672s][info][gc,cpu         ] GC(36) User=0.02s Sys=0.00s Real=0.01s
[0.681s][info][gc,start       ] GC(37) Pause Young (Allocation Failure)
[0.690s][info][gc,heap        ] GC(37) PSYoungGen: 16928K(25600K)->16928K(26624K) Eden: 9216K(9216K)->0K(9216K) From: 7712K(16384K)->16928K(17408K)
[0.691s][info][gc,heap        ] GC(37) ParOldGen: 94232K(113152K)->94232K(113152K)
[0.691s][info][gc,metaspace   ] GC(37) Metaspace: 6301K(6464K)->6301K(6464K) NonClass: 5768K(5824K)->5768K(5824K) Class: 533K(640K)->533K(640K)
[0.691s][info][gc             ] GC(37) Pause Young (Allocation Failure) 108M->108M(136M) 9.189ms
[0.691s][info][gc,cpu         ] GC(37) User=0.00s Sys=0.00s Real=0.01s
[0.701s][info][gc,start       ] GC(38) Pause Young (Allocation Failure)
[0.715s][info][gc,heap        ] GC(38) PSYoungGen: 26144K(26624K)->19968K(25600K) Eden: 9216K(9216K)->0K(5632K) From: 16928K(17408K)->19968K(19968K)
[0.715s][info][gc,heap        ] GC(38) ParOldGen: 94232K(113152K)->100440K(113152K)
[0.715s][info][gc,metaspace   ] GC(38) Metaspace: 6301K(6464K)->6301K(6464K) NonClass: 5768K(5824K)->5768K(5824K) Class: 533K(640K)->533K(640K)
[0.715s][info][gc             ] GC(38) Pause Young (Allocation Failure) 117M->117M(135M) 14.341ms
[0.715s][info][gc,cpu         ] GC(38) User=0.02s Sys=0.00s Real=0.02s
[0.721s][info][gc,start       ] GC(39) Pause Young (Allocation Failure)
[0.735s][info][gc,heap        ] GC(39) PSYoungGen: 25600K(25600K)->12160K(30720K) Eden: 5632K(5632K)->0K(5632K) From: 19968K(19968K)->12160K(25088K)
[0.735s][info][gc,heap        ] GC(39) ParOldGen: 100440K(113152K)->114104K(114176K)
[0.735s][info][gc,metaspace   ] GC(39) Metaspace: 6301K(6464K)->6301K(6464K) NonClass: 5768K(5824K)->5768K(5824K) Class: 533K(640K)->533K(640K)
[0.735s][info][gc             ] GC(39) Pause Young (Allocation Failure) 123M->123M(141M) 13.569ms
[0.735s][info][gc,cpu         ] GC(39) User=0.02s Sys=0.00s Real=0.01s
[0.735s][info][gc,start       ] GC(40) Pause Full (Ergonomics)
[0.735s][info][gc,phases,start] GC(40) Marking Phase
[0.764s][info][gc,phases      ] GC(40) Marking Phase 28.815ms
[0.764s][info][gc,phases,start] GC(40) Summary Phase
[0.764s][info][gc,phases      ] GC(40) Summary Phase 0.015ms
[0.764s][info][gc,phases,start] GC(40) Adjust Roots
[0.764s][info][gc,phases      ] GC(40) Adjust Roots 0.176ms
[0.764s][info][gc,phases,start] GC(40) Compaction Phase
[0.783s][info][gc,phases      ] GC(40) Compaction Phase 18.962ms
[0.783s][info][gc,phases,start] GC(40) Post Compact
[0.784s][info][gc,phases      ] GC(40) Post Compact 0.456ms
[0.784s][info][gc,heap        ] GC(40) PSYoungGen: 12160K(30720K)->12083K(30720K) Eden: 0K(5632K)->0K(5632K) From: 12160K(25088K)->12083K(25088K)
[0.784s][info][gc,heap        ] GC(40) ParOldGen: 114104K(114176K)->113691K(140800K)
[0.784s][info][gc,metaspace   ] GC(40) Metaspace: 6301K(6464K)->6301K(6464K) NonClass: 5768K(5824K)->5768K(5824K) Class: 533K(640K)->533K(640K)
[0.784s][info][gc             ] GC(40) Pause Full (Ergonomics) 123M->122M(167M) 48.826ms
[0.784s][info][gc,cpu         ] GC(40) User=0.09s Sys=0.00s Real=0.05s
[0.789s][info][gc,start       ] GC(41) Pause Young (Allocation Failure)
[0.804s][info][gc,heap        ] GC(41) PSYoungGen: 17715K(30720K)->5664K(30720K) Eden: 5632K(5632K)->0K(7168K) From: 12083K(25088K)->5664K(23552K)
[0.804s][info][gc,heap        ] GC(41) ParOldGen: 113691K(140800K)->125979K(140800K)
[0.804s][info][gc,metaspace   ] GC(41) Metaspace: 6301K(6464K)->6301K(6464K) NonClass: 5768K(5824K)->5768K(5824K) Class: 533K(640K)->533K(640K)
[0.804s][info][gc             ] GC(41) Pause Young (Allocation Failure) 128M->128M(167M) 14.800ms
[0.804s][info][gc,cpu         ] GC(41) User=0.00s Sys=0.00s Real=0.02s
[0.804s][info][gc,start       ] GC(42) Pause Full (Ergonomics)
[0.804s][info][gc,phases,start] GC(42) Marking Phase
[0.836s][info][gc,phases      ] GC(42) Marking Phase 32.235ms
[0.837s][info][gc,phases,start] GC(42) Summary Phase
[0.837s][info][gc,phases      ] GC(42) Summary Phase 0.028ms
[0.837s][info][gc,phases,start] GC(42) Adjust Roots
[0.837s][info][gc,phases      ] GC(42) Adjust Roots 0.189ms
[0.837s][info][gc,phases,start] GC(42) Compaction Phase
[0.852s][info][gc,phases      ] GC(42) Compaction Phase 15.252ms
[0.852s][info][gc,phases,start] GC(42) Post Compact
[0.853s][info][gc,phases      ] GC(42) Post Compact 0.661ms
[0.853s][info][gc,heap        ] GC(42) PSYoungGen: 5664K(30720K)->0K(31232K) Eden: 0K(7168K)->0K(7168K) From: 5664K(23552K)->0K(24064K)
[0.853s][info][gc,heap        ] GC(42) ParOldGen: 125979K(140800K)->131376K(162304K)
[0.853s][info][gc,metaspace   ] GC(42) Metaspace: 6301K(6464K)->6301K(6464K) NonClass: 5768K(5824K)->5768K(5824K) Class: 533K(640K)->533K(640K)
[0.853s][info][gc             ] GC(42) Pause Full (Ergonomics) 128M->128M(189M) 48.868ms
[0.853s][info][gc,cpu         ] GC(42) User=0.08s Sys=0.00s Real=0.05s
[0.861s][info][gc,start       ] GC(43) Pause Young (Allocation Failure)
[0.866s][info][gc,heap        ] GC(43) PSYoungGen: 7168K(31232K)->7232K(30720K) Eden: 7168K(7168K)->0K(8704K) From: 0K(24064K)->7232K(22016K)
[0.866s][info][gc,heap        ] GC(43) ParOldGen: 131376K(162304K)->131376K(162304K)
[0.866s][info][gc,metaspace   ] GC(43) Metaspace: 6301K(6464K)->6301K(6464K) NonClass: 5768K(5824K)->5768K(5824K) Class: 533K(640K)->533K(640K)
[0.866s][info][gc             ] GC(43) Pause Young (Allocation Failure) 135M->135M(188M) 4.614ms
[0.866s][info][gc,cpu         ] GC(43) User=0.00s Sys=0.00s Real=0.01s
[0.876s][info][gc,start       ] GC(44) Pause Young (Allocation Failure)
[0.885s][info][gc,heap        ] GC(44) PSYoungGen: 15936K(30720K)->15936K(31744K) Eden: 8704K(8704K)->0K(8704K) From: 7232K(22016K)->15936K(23040K)
[0.885s][info][gc,heap        ] GC(44) ParOldGen: 131376K(162304K)->131376K(162304K)
[0.885s][info][gc,metaspace   ] GC(44) Metaspace: 6301K(6464K)->6301K(6464K) NonClass: 5768K(5824K)->5768K(5824K) Class: 533K(640K)->533K(640K)
[0.885s][info][gc             ] GC(44) Pause Young (Allocation Failure) 143M->143M(189M) 8.812ms
[0.885s][info][gc,cpu         ] GC(44) User=0.00s Sys=0.00s Real=0.01s
[0.895s][info][gc,start       ] GC(45) Pause Young (Allocation Failure)
[0.908s][info][gc,heap        ] GC(45) PSYoungGen: 24640K(31744K)->24064K(30720K) Eden: 8704K(8704K)->0K(6656K) From: 15936K(23040K)->24064K(24064K)
[0.908s][info][gc,heap        ] GC(45) ParOldGen: 131376K(162304K)->131880K(162304K)
[0.908s][info][gc,metaspace   ] GC(45) Metaspace: 6301K(6464K)->6301K(6464K) NonClass: 5768K(5824K)->5768K(5824K) Class: 533K(640K)->533K(640K)
[0.908s][info][gc             ] GC(45) Pause Young (Allocation Failure) 152M->152M(188M) 13.093ms
[0.908s][info][gc,cpu         ] GC(45) User=0.02s Sys=0.00s Real=0.01s
[0.916s][info][gc,start       ] GC(46) Pause Young (Allocation Failure)
[0.932s][info][gc,heap        ] GC(46) PSYoungGen: 30720K(30720K)->15168K(34304K) Eden: 6656K(6656K)->0K(6656K) From: 24064K(24064K)->15168K(27648K)
[0.932s][info][gc,heap        ] GC(46) ParOldGen: 131880K(162304K)->147672K(162304K)
[0.932s][info][gc,metaspace   ] GC(46) Metaspace: 6301K(6464K)->6301K(6464K) NonClass: 5768K(5824K)->5768K(5824K) Class: 533K(640K)->533K(640K)
[0.932s][info][gc             ] GC(46) Pause Young (Allocation Failure) 158M->159M(192M) 16.800ms
[0.932s][info][gc,cpu         ] GC(46) User=0.03s Sys=0.00s Real=0.02s
[0.932s][info][gc,start       ] GC(47) Pause Full (Ergonomics)
[0.932s][info][gc,phases,start] GC(47) Marking Phase
[0.979s][info][gc,phases      ] GC(47) Marking Phase 46.235ms
[0.979s][info][gc,phases,start] GC(47) Summary Phase
[0.979s][info][gc,phases      ] GC(47) Summary Phase 0.032ms
[0.979s][info][gc,phases,start] GC(47) Adjust Roots
[0.979s][info][gc,phases      ] GC(47) Adjust Roots 0.201ms
[0.979s][info][gc,phases,start] GC(47) Compaction Phase
[1.003s][info][gc,phases      ] GC(47) Compaction Phase 24.351ms
[1.003s][info][gc,phases,start] GC(47) Post Compact
[1.004s][info][gc,phases      ] GC(47) Post Compact 0.794ms
[1.004s][info][gc,heap        ] GC(47) PSYoungGen: 15168K(34304K)->262K(34304K) Eden: 0K(6656K)->0K(6656K) From: 15168K(27648K)->262K(27648K)
[1.005s][info][gc,heap        ] GC(47) ParOldGen: 147672K(162304K)->162215K(197632K)
[1.005s][info][gc,metaspace   ] GC(47) Metaspace: 6301K(6464K)->6301K(6464K) NonClass: 5768K(5824K)->5768K(5824K) Class: 533K(640K)->533K(640K)
[1.005s][info][gc             ] GC(47) Pause Full (Ergonomics) 159M->158M(226M) 72.176ms
[1.005s][info][gc,cpu         ] GC(47) User=0.19s Sys=0.00s Real=0.07s
[1.012s][info][gc,start       ] GC(48) Pause Young (Allocation Failure)
[1.027s][info][gc,heap        ] GC(48) PSYoungGen: 6918K(34304K)->6976K(34304K) Eden: 6656K(6656K)->0K(7680K) From: 262K(27648K)->6976K(26624K)
[1.027s][info][gc,heap        ] GC(48) ParOldGen: 162215K(197632K)->162239K(197632K)
[1.027s][info][gc,metaspace   ] GC(48) Metaspace: 6301K(6464K)->6301K(6464K) NonClass: 5768K(5824K)->5768K(5824K) Class: 533K(640K)->533K(640K)
[1.027s][info][gc             ] GC(48) Pause Young (Allocation Failure) 165M->165M(226M) 14.849ms
[1.027s][info][gc,cpu         ] GC(48) User=0.02s Sys=0.00s Real=0.02s
[1.036s][info][gc,start       ] GC(49) Pause Young (Allocation Failure)
[1.045s][info][gc,heap        ] GC(49) PSYoungGen: 14656K(34304K)->14624K(34816K) Eden: 7680K(7680K)->0K(7680K) From: 6976K(26624K)->14624K(27136K)
[1.045s][info][gc,heap        ] GC(49) ParOldGen: 162239K(197632K)->162239K(197632K)
[1.045s][info][gc,metaspace   ] GC(49) Metaspace: 6301K(6464K)->6301K(6464K) NonClass: 5768K(5824K)->5768K(5824K) Class: 533K(640K)->533K(640K)
[1.045s][info][gc             ] GC(49) Pause Young (Allocation Failure) 172M->172M(227M) 8.900ms
[1.045s][info][gc,cpu         ] GC(49) User=0.00s Sys=0.00s Real=0.01s
[1.072s][info][gc,start       ] GC(50) Pause Young (Allocation Failure)
[1.088s][info][gc,heap        ] GC(50) PSYoungGen: 22304K(34816K)->22304K(33280K) Eden: 7680K(7680K)->0K(6656K) From: 14624K(27136K)->22304K(26624K)
[1.088s][info][gc,heap        ] GC(50) ParOldGen: 170431K(197632K)->170431K(197632K)
[1.088s][info][gc,metaspace   ] GC(50) Metaspace: 6301K(6464K)->6301K(6464K) NonClass: 5768K(5824K)->5768K(5824K) Class: 533K(640K)->533K(640K)
[1.088s][info][gc             ] GC(50) Pause Young (Allocation Failure) 188M->188M(225M) 15.516ms
[1.088s][info][gc,cpu         ] GC(50) User=0.02s Sys=0.00s Real=0.01s
[1.094s][info][gc,start       ] GC(51) Pause Young (Allocation Failure)
[1.109s][info][gc,heap        ] GC(51) PSYoungGen: 28960K(33280K)->28672K(35328K) Eden: 6656K(6656K)->0K(6656K) From: 22304K(26624K)->28672K(28672K)
[1.109s][info][gc,heap        ] GC(51) ParOldGen: 170431K(197632K)->170639K(197632K)
[1.109s][info][gc,metaspace   ] GC(51) Metaspace: 6301K(6464K)->6301K(6464K) NonClass: 5768K(5824K)->5768K(5824K) Class: 533K(640K)->533K(640K)
[1.109s][info][gc             ] GC(51) Pause Young (Allocation Failure) 194M->194M(227M) 14.346ms
[1.109s][info][gc,cpu         ] GC(51) User=0.02s Sys=0.00s Real=0.01s
[1.116s][info][gc,start       ] GC(52) Pause Young (Allocation Failure)
[1.134s][info][gc,heap        ] GC(52) PSYoungGen: 35328K(35328K)->28512K(37888K) Eden: 6656K(6656K)->0K(4608K) From: 28672K(28672K)->28512K(33280K)
[1.134s][info][gc,heap        ] GC(52) ParOldGen: 170639K(197632K)->177639K(197632K)
[1.134s][info][gc,metaspace   ] GC(52) Metaspace: 6301K(6464K)->6301K(6464K) NonClass: 5768K(5824K)->5768K(5824K) Class: 533K(640K)->533K(640K)
[1.134s][info][gc             ] GC(52) Pause Young (Allocation Failure) 201M->201M(230M) 17.494ms
[1.134s][info][gc,cpu         ] GC(52) User=0.06s Sys=0.00s Real=0.02s
[1.139s][info][gc,start       ] GC(53) Pause Young (Allocation Failure)
[1.155s][info][gc,heap        ] GC(53) PSYoungGen: 33120K(37888K)->25472K(40960K) Eden: 4608K(4608K)->0K(4608K) From: 28512K(33280K)->25472K(36352K)
[1.155s][info][gc,heap        ] GC(53) ParOldGen: 177639K(197632K)->185351K(197632K)
[1.155s][info][gc,metaspace   ] GC(53) Metaspace: 6301K(6464K)->6301K(6464K) NonClass: 5768K(5824K)->5768K(5824K) Class: 533K(640K)->533K(640K)
[1.155s][info][gc             ] GC(53) Pause Young (Allocation Failure) 205M->205M(233M) 15.924ms
[1.155s][info][gc,cpu         ] GC(53) User=0.02s Sys=0.00s Real=0.02s
[1.155s][info][gc,start       ] GC(54) Pause Full (Ergonomics)
[1.155s][info][gc,phases,start] GC(54) Marking Phase
[1.211s][info][gc,phases      ] GC(54) Marking Phase 55.614ms
[1.211s][info][gc,phases,start] GC(54) Summary Phase
[1.211s][info][gc,phases      ] GC(54) Summary Phase 0.017ms
[1.211s][info][gc,phases,start] GC(54) Adjust Roots
[1.211s][info][gc,phases      ] GC(54) Adjust Roots 0.173ms
[1.211s][info][gc,phases,start] GC(54) Compaction Phase
[1.254s][info][gc,phases      ] GC(54) Compaction Phase 42.921ms
[1.254s][info][gc,phases,start] GC(54) Post Compact
[1.255s][info][gc,phases      ] GC(54) Post Compact 0.908ms
[1.255s][info][gc,heap        ] GC(54) PSYoungGen: 25472K(40960K)->9020K(40960K) Eden: 0K(4608K)->0K(4608K) From: 25472K(36352K)->9020K(36352K)
[1.256s][info][gc,heap        ] GC(54) ParOldGen: 185351K(197632K)->197307K(232960K)
[1.256s][info][gc,metaspace   ] GC(54) Metaspace: 6301K(6464K)->6301K(6464K) NonClass: 5768K(5824K)->5768K(5824K) Class: 533K(640K)->533K(640K)
[1.256s][info][gc             ] GC(54) Pause Full (Ergonomics) 205M->201M(267M) 100.108ms
[1.256s][info][gc,cpu         ] GC(54) User=0.23s Sys=0.02s Real=0.10s
[1.261s][info][gc,start       ] GC(55) Pause Young (Allocation Failure)
[1.278s][info][gc,heap        ] GC(55) PSYoungGen: 13628K(40960K)->8672K(42496K) Eden: 4608K(4608K)->0K(5632K) From: 9020K(36352K)->8672K(36864K)
[1.278s][info][gc,heap        ] GC(55) ParOldGen: 197307K(232960K)->202427K(232960K)
[1.278s][info][gc,metaspace   ] GC(55) Metaspace: 6301K(6464K)->6301K(6464K) NonClass: 5768K(5824K)->5768K(5824K) Class: 533K(640K)->533K(640K)
[1.278s][info][gc             ] GC(55) Pause Young (Allocation Failure) 205M->206M(269M) 16.677ms
[1.278s][info][gc,cpu         ] GC(55) User=0.02s Sys=0.00s Real=0.02s
[1.285s][info][gc,start       ] GC(56) Pause Young (Allocation Failure)
[1.293s][info][gc,heap        ] GC(56) PSYoungGen: 14304K(42496K)->11232K(16896K) Eden: 5632K(5632K)->0K(5632K) From: 8672K(36864K)->11232K(11264K)
[1.293s][info][gc,heap        ] GC(56) ParOldGen: 202427K(232960K)->205467K(232960K)
[1.293s][info][gc,metaspace   ] GC(56) Metaspace: 6301K(6464K)->6301K(6464K) NonClass: 5768K(5824K)->5768K(5824K) Class: 533K(640K)->533K(640K)
[1.293s][info][gc             ] GC(56) Pause Young (Allocation Failure) 211M->211M(244M) 8.310ms
[1.293s][info][gc,cpu         ] GC(56) User=0.02s Sys=0.00s Real=0.01s
[1.300s][info][gc,start       ] GC(57) Pause Young (Allocation Failure)
[1.309s][info][gc,heap        ] GC(57) PSYoungGen: 16864K(16896K)->15872K(39424K) Eden: 5632K(5632K)->0K(6656K) From: 11232K(11264K)->15872K(32768K)
[1.309s][info][gc,heap        ] GC(57) ParOldGen: 205467K(232960K)->206515K(232960K)
[1.309s][info][gc,metaspace   ] GC(57) Metaspace: 6301K(6464K)->6301K(6464K) NonClass: 5768K(5824K)->5768K(5824K) Class: 533K(640K)->533K(640K)
[1.309s][info][gc             ] GC(57) Pause Young (Allocation Failure) 217M->217M(266M) 9.071ms
[1.309s][info][gc,cpu         ] GC(57) User=0.02s Sys=0.00s Real=0.01s
[1.318s][info][gc,start       ] GC(58) Pause Young (Allocation Failure)
[1.330s][info][gc,heap        ] GC(58) PSYoungGen: 22528K(39424K)->17952K(40960K) Eden: 6656K(6656K)->0K(6656K) From: 15872K(32768K)->17952K(34304K)
[1.330s][info][gc,heap        ] GC(58) ParOldGen: 206515K(232960K)->211179K(232960K)
[1.330s][info][gc,metaspace   ] GC(58) Metaspace: 6301K(6464K)->6301K(6464K) NonClass: 5768K(5824K)->5768K(5824K) Class: 533K(640K)->533K(640K)
[1.330s][info][gc             ] GC(58) Pause Young (Allocation Failure) 223M->223M(267M) 12.367ms
[1.330s][info][gc,cpu         ] GC(58) User=0.02s Sys=0.00s Real=0.01s
[1.338s][info][gc,start       ] GC(59) Pause Young (Allocation Failure)
[1.352s][info][gc,heap        ] GC(59) PSYoungGen: 24608K(40960K)->13344K(37888K) Eden: 6656K(6656K)->0K(7680K) From: 17952K(34304K)->13344K(30208K)
[1.352s][info][gc,heap        ] GC(59) ParOldGen: 211179K(232960K)->222579K(232960K)
[1.352s][info][gc,metaspace   ] GC(59) Metaspace: 6301K(6464K)->6301K(6464K) NonClass: 5768K(5824K)->5768K(5824K) Class: 533K(640K)->533K(640K)
[1.352s][info][gc             ] GC(59) Pause Young (Allocation Failure) 230M->230M(264M) 13.708ms
[1.352s][info][gc,cpu         ] GC(59) User=0.02s Sys=0.00s Real=0.01s
[1.352s][info][gc,start       ] GC(60) Pause Full (Ergonomics)
[1.352s][info][gc,phases,start] GC(60) Marking Phase
[1.406s][info][gc,phases      ] GC(60) Marking Phase 53.738ms
[1.406s][info][gc,phases,start] GC(60) Summary Phase
[1.406s][info][gc,phases      ] GC(60) Summary Phase 0.016ms
[1.406s][info][gc,phases,start] GC(60) Adjust Roots
[1.406s][info][gc,phases      ] GC(60) Adjust Roots 0.177ms
[1.406s][info][gc,phases,start] GC(60) Compaction Phase
[1.442s][info][gc,phases      ] GC(60) Compaction Phase 36.059ms
[1.442s][info][gc,phases,start] GC(60) Post Compact
[1.443s][info][gc,phases      ] GC(60) Post Compact 1.135ms
[1.444s][info][gc,heap        ] GC(60) PSYoungGen: 13344K(37888K)->2515K(39424K) Eden: 0K(7680K)->0K(9216K) From: 13344K(30208K)->2515K(30208K)
[1.444s][info][gc,heap        ] GC(60) ParOldGen: 222579K(232960K)->232835K(269312K)
[1.444s][info][gc,metaspace   ] GC(60) Metaspace: 6301K(6464K)->6301K(6464K) NonClass: 5768K(5824K)->5768K(5824K) Class: 533K(640K)->533K(640K)
[1.444s][info][gc             ] GC(60) Pause Full (Ergonomics) 230M->229M(301M) 91.608ms
[1.444s][info][gc,cpu         ] GC(60) User=0.31s Sys=0.00s Real=0.09s
[1.455s][info][gc,start       ] GC(61) Pause Young (Allocation Failure)
[1.475s][info][gc,heap        ] GC(61) PSYoungGen: 11731K(39424K)->9280K(40960K) Eden: 9216K(9216K)->0K(9216K) From: 2515K(30208K)->9280K(31744K)
[1.475s][info][gc,heap        ] GC(61) ParOldGen: 232835K(269312K)->235411K(269312K)
[1.475s][info][gc,metaspace   ] GC(61) Metaspace: 6301K(6464K)->6301K(6464K) NonClass: 5768K(5824K)->5768K(5824K) Class: 533K(640K)->533K(640K)
[1.475s][info][gc             ] GC(61) Pause Young (Allocation Failure) 238M->238M(303M) 20.409ms
[1.475s][info][gc,cpu         ] GC(61) User=0.06s Sys=0.00s Real=0.02s
[1.487s][info][gc,start       ] GC(62) Pause Young (Allocation Failure)
[1.499s][info][gc,heap        ] GC(62) PSYoungGen: 18496K(40960K)->9280K(40448K) Eden: 9216K(9216K)->0K(10240K) From: 9280K(31744K)->9280K(30208K)
[1.499s][info][gc,heap        ] GC(62) ParOldGen: 235411K(269312K)->244747K(269312K)
[1.499s][info][gc,metaspace   ] GC(62) Metaspace: 6301K(6464K)->6301K(6464K) NonClass: 5768K(5824K)->5768K(5824K) Class: 533K(640K)->533K(640K)
[1.499s][info][gc             ] GC(62) Pause Young (Allocation Failure) 247M->248M(302M) 12.091ms
[1.499s][info][gc,cpu         ] GC(62) User=0.00s Sys=0.00s Real=0.01s
[1.510s][info][gc,start       ] GC(63) Pause Young (Allocation Failure)
[1.526s][info][gc,heap        ] GC(63) PSYoungGen: 19520K(40448K)->10336K(40960K) Eden: 10240K(10240K)->0K(10240K) From: 9280K(30208K)->10336K(30720K)
[1.526s][info][gc,heap        ] GC(63) ParOldGen: 244747K(269312K)->254099K(269312K)
[1.526s][info][gc,metaspace   ] GC(63) Metaspace: 6301K(6464K)->6301K(6464K) NonClass: 5768K(5824K)->5768K(5824K) Class: 533K(640K)->533K(640K)
[1.526s][info][gc             ] GC(63) Pause Young (Allocation Failure) 258M->258M(303M) 15.880ms
[1.526s][info][gc,cpu         ] GC(63) User=0.00s Sys=0.00s Real=0.02s
[1.526s][info][gc,start       ] GC(64) Pause Full (Ergonomics)
[1.526s][info][gc,phases,start] GC(64) Marking Phase
[1.611s][info][gc,phases      ] GC(64) Marking Phase 84.909ms
[1.611s][info][gc,phases,start] GC(64) Summary Phase
[1.611s][info][gc,phases      ] GC(64) Summary Phase 0.024ms
[1.611s][info][gc,phases,start] GC(64) Adjust Roots
[1.611s][info][gc,phases      ] GC(64) Adjust Roots 0.189ms
[1.611s][info][gc,phases,start] GC(64) Compaction Phase
[1.647s][info][gc,phases      ] GC(64) Compaction Phase 35.314ms
[1.647s][info][gc,phases,start] GC(64) Post Compact
[1.648s][info][gc,phases      ] GC(64) Post Compact 1.331ms
[1.648s][info][gc,heap        ] GC(64) PSYoungGen: 10336K(40960K)->0K(41472K) Eden: 0K(10240K)->0K(11776K) From: 10336K(30720K)->0K(29696K)
[1.648s][info][gc,heap        ] GC(64) ParOldGen: 254099K(269312K)->263925K(304128K)
[1.648s][info][gc,metaspace   ] GC(64) Metaspace: 6301K(6464K)->6301K(6464K) NonClass: 5768K(5824K)->5768K(5824K) Class: 533K(640K)->533K(640K)
[1.648s][info][gc             ] GC(64) Pause Full (Ergonomics) 258M->257M(337M) 122.315ms
[1.648s][info][gc,cpu         ] GC(64) User=0.38s Sys=0.00s Real=0.12s
[1.661s][info][gc,start       ] GC(65) Pause Young (Allocation Failure)
[1.669s][info][gc,heap        ] GC(65) PSYoungGen: 11776K(41472K)->11840K(41472K) Eden: 11776K(11776K)->0K(11776K) From: 0K(29696K)->11840K(29696K)
[1.669s][info][gc,heap        ] GC(65) ParOldGen: 263925K(304128K)->263925K(304128K)
[1.669s][info][gc,metaspace   ] GC(65) Metaspace: 6301K(6464K)->6301K(6464K) NonClass: 5768K(5824K)->5768K(5824K) Class: 533K(640K)->533K(640K)
[1.669s][info][gc             ] GC(65) Pause Young (Allocation Failure) 269M->269M(337M) 8.496ms
[1.670s][info][gc,cpu         ] GC(65) User=0.02s Sys=0.00s Real=0.01s
[1.684s][info][gc,start       ] GC(66) Pause Young (Allocation Failure)
[1.697s][info][gc,heap        ] GC(66) PSYoungGen: 23616K(41472K)->23616K(39936K) Eden: 11776K(11776K)->0K(11264K) From: 11840K(29696K)->23616K(28672K)
[1.697s][info][gc,heap        ] GC(66) ParOldGen: 263925K(304128K)->263925K(304128K)
[1.697s][info][gc,metaspace   ] GC(66) Metaspace: 6301K(6464K)->6301K(6464K) NonClass: 5768K(5824K)->5768K(5824K) Class: 533K(640K)->533K(640K)
[1.697s][info][gc             ] GC(66) Pause Young (Allocation Failure) 280M->280M(336M) 13.329ms
[1.697s][info][gc,cpu         ] GC(66) User=0.00s Sys=0.00s Real=0.01s
[1.711s][info][gc,start       ] GC(67) Pause Young (Allocation Failure)
[1.731s][info][gc,heap        ] GC(67) PSYoungGen: 34880K(39936K)->30720K(41984K) Eden: 11264K(11264K)->0K(11264K) From: 23616K(28672K)->30720K(30720K)
[1.731s][info][gc,heap        ] GC(67) ParOldGen: 263925K(304128K)->268061K(304128K)
[1.731s][info][gc,metaspace   ] GC(67) Metaspace: 6301K(6464K)->6301K(6464K) NonClass: 5768K(5824K)->5768K(5824K) Class: 533K(640K)->533K(640K)
[1.731s][info][gc             ] GC(67) Pause Young (Allocation Failure) 291M->291M(338M) 19.363ms
[1.731s][info][gc,cpu         ] GC(67) User=0.05s Sys=0.02s Real=0.02s
[1.744s][info][gc,start       ] GC(68) Pause Young (Allocation Failure)
[1.768s][info][gc,heap        ] GC(68) PSYoungGen: 41984K(41984K)->21664K(48640K) Eden: 11264K(11264K)->0K(12800K) From: 30720K(30720K)->21664K(35840K)
[1.768s][info][gc,heap        ] GC(68) ParOldGen: 268061K(304128K)->288733K(304128K)
[1.768s][info][gc,metaspace   ] GC(68) Metaspace: 6301K(6464K)->6301K(6464K) NonClass: 5768K(5824K)->5768K(5824K) Class: 533K(640K)->533K(640K)
[1.768s][info][gc             ] GC(68) Pause Young (Allocation Failure) 302M->303M(344M) 23.920ms
[1.768s][info][gc,cpu         ] GC(68) User=0.05s Sys=0.02s Real=0.02s
[1.768s][info][gc,start       ] GC(69) Pause Full (Ergonomics)
[1.768s][info][gc,phases,start] GC(69) Marking Phase
[1.855s][info][gc,phases      ] GC(69) Marking Phase 86.561ms
[1.855s][info][gc,phases,start] GC(69) Summary Phase
[1.855s][info][gc,phases      ] GC(69) Summary Phase 0.019ms
[1.855s][info][gc,phases,start] GC(69) Adjust Roots
[1.855s][info][gc,phases      ] GC(69) Adjust Roots 0.183ms
[1.855s][info][gc,phases,start] GC(69) Compaction Phase
[1.888s][info][gc,phases      ] GC(69) Compaction Phase 32.625ms
[1.888s][info][gc,phases,start] GC(69) Post Compact
[1.889s][info][gc,phases      ] GC(69) Post Compact 1.686ms
[1.890s][info][gc,heap        ] GC(69) PSYoungGen: 21664K(48640K)->6224K(49152K) Eden: 0K(12800K)->0K(13312K) From: 21664K(35840K)->6224K(35840K)
[1.890s][info][gc,heap        ] GC(69) ParOldGen: 288733K(304128K)->303663K(349696K)
[1.890s][info][gc,metaspace   ] GC(69) Metaspace: 6301K(6464K)->6301K(6464K) NonClass: 5768K(5824K)->5768K(5824K) Class: 533K(640K)->533K(640K)
[1.890s][info][gc             ] GC(69) Pause Full (Ergonomics) 303M->302M(389M) 121.767ms
[1.890s][info][gc,cpu         ] GC(69) User=0.42s Sys=0.02s Real=0.12s
[1.905s][info][gc,start       ] GC(70) Pause Young (Allocation Failure)
[1.934s][info][gc,heap        ] GC(70) PSYoungGen: 19536K(49152K)->16800K(49664K) Eden: 13312K(13312K)->0K(13312K) From: 6224K(35840K)->16800K(36352K)
[1.934s][info][gc,heap        ] GC(70) ParOldGen: 303663K(349696K)->306535K(349696K)
[1.934s][info][gc,metaspace   ] GC(70) Metaspace: 6301K(6464K)->6301K(6464K) NonClass: 5768K(5824K)->5768K(5824K) Class: 533K(640K)->533K(640K)
[1.934s][info][gc             ] GC(70) Pause Young (Allocation Failure) 315M->315M(390M) 28.896ms
[1.934s][info][gc,cpu         ] GC(70) User=0.05s Sys=0.00s Real=0.03s
[1.951s][info][gc,start       ] GC(71) Pause Young (Allocation Failure)
[1.968s][info][gc,heap        ] GC(71) PSYoungGen: 30112K(49664K)->30112K(46592K) Eden: 13312K(13312K)->0K(11776K) From: 16800K(36352K)->30112K(34816K)
[1.968s][info][gc,heap        ] GC(71) ParOldGen: 306535K(349696K)->306535K(349696K)
[1.968s][info][gc,metaspace   ] GC(71) Metaspace: 6301K(6464K)->6301K(6464K) NonClass: 5768K(5824K)->5768K(5824K) Class: 533K(640K)->533K(640K)
[1.968s][info][gc             ] GC(71) Pause Young (Allocation Failure) 328M->328M(387M) 17.524ms
[1.968s][info][gc,cpu         ] GC(71) User=0.02s Sys=0.00s Real=0.02s
[1.981s][info][gc,start       ] GC(72) Pause Young (Allocation Failure)
[2.003s][info][gc,heap        ] GC(72) PSYoungGen: 41888K(46592K)->37888K(49664K) Eden: 11776K(11776K)->0K(11776K) From: 30112K(34816K)->37888K(37888K)
[2.003s][info][gc,heap        ] GC(72) ParOldGen: 306535K(349696K)->310511K(349696K)
[2.003s][info][gc,metaspace   ] GC(72) Metaspace: 6301K(6464K)->6301K(6464K) NonClass: 5768K(5824K)->5768K(5824K) Class: 533K(640K)->533K(640K)
[2.003s][info][gc             ] GC(72) Pause Young (Allocation Failure) 340M->340M(390M) 22.596ms
[2.003s][info][gc,cpu         ] GC(72) User=0.05s Sys=0.00s Real=0.02s
[2.093s][info][gc,start       ] GC(73) Pause Young (Allocation Failure)
[2.132s][info][gc,heap        ] GC(73) PSYoungGen: 49664K(49664K)->34688K(55296K) Eden: 11776K(11776K)->0K(10752K) From: 37888K(37888K)->34688K(44544K)
[2.132s][info][gc,heap        ] GC(73) ParOldGen: 326895K(349696K)->342127K(349696K)
[2.132s][info][gc,metaspace   ] GC(73) Metaspace: 6301K(6464K)->6301K(6464K) NonClass: 5768K(5824K)->5768K(5824K) Class: 533K(640K)->533K(640K)
[2.132s][info][gc             ] GC(73) Pause Young (Allocation Failure) 367M->367M(395M) 38.191ms
[2.132s][info][gc,cpu         ] GC(73) User=0.09s Sys=0.03s Real=0.04s
[2.132s][info][gc,start       ] GC(74) Pause Full (Ergonomics)
[2.132s][info][gc,phases,start] GC(74) Marking Phase
[2.234s][info][gc,phases      ] GC(74) Marking Phase 102.650ms
[2.234s][info][gc,phases,start] GC(74) Summary Phase
[2.234s][info][gc,phases      ] GC(74) Summary Phase 0.019ms
[2.234s][info][gc,phases,start] GC(74) Adjust Roots
[2.235s][info][gc,phases      ] GC(74) Adjust Roots 0.198ms
[2.235s][info][gc,phases,start] GC(74) Compaction Phase
[2.301s][info][gc,phases      ] GC(74) Compaction Phase 65.974ms
[2.301s][info][gc,phases,start] GC(74) Post Compact
[2.302s][info][gc,phases      ] GC(74) Post Compact 1.682ms
[2.303s][info][gc,heap        ] GC(74) PSYoungGen: 34688K(55296K)->18735K(55296K) Eden: 0K(10752K)->0K(10752K) From: 34688K(44544K)->18735K(44544K)
[2.303s][info][gc,heap        ] GC(74) ParOldGen: 342127K(349696K)->349399K(398848K)
[2.303s][info][gc,metaspace   ] GC(74) Metaspace: 6301K(6464K)->6301K(6464K) NonClass: 5768K(5824K)->5768K(5824K) Class: 533K(640K)->533K(640K)
[2.303s][info][gc             ] GC(74) Pause Full (Ergonomics) 367M->359M(443M) 171.036ms
[2.303s][info][gc,cpu         ] GC(74) User=0.58s Sys=0.00s Real=0.17s
[2.315s][info][gc,start       ] GC(75) Pause Young (Allocation Failure)
[2.344s][info][gc,heap        ] GC(75) PSYoungGen: 29487K(55296K)->29568K(57856K) Eden: 10752K(10752K)->0K(10752K) From: 18735K(44544K)->29568K(47104K)
[2.344s][info][gc,heap        ] GC(75) ParOldGen: 349399K(398848K)->349399K(398848K)
[2.344s][info][gc,metaspace   ] GC(75) Metaspace: 6301K(6464K)->6301K(6464K) NonClass: 5768K(5824K)->5768K(5824K) Class: 533K(640K)->533K(640K)
[2.344s][info][gc             ] GC(75) Pause Young (Allocation Failure) 370M->370M(446M) 29.535ms
[2.344s][info][gc,cpu         ] GC(75) User=0.06s Sys=0.02s Real=0.03s
[2.356s][info][gc,start       ] GC(76) Pause Young (Allocation Failure)
[2.375s][info][gc,heap        ] GC(76) PSYoungGen: 40320K(57856K)->40320K(55808K) Eden: 10752K(10752K)->0K(8192K) From: 29568K(47104K)->40320K(47616K)
[2.376s][info][gc,heap        ] GC(76) ParOldGen: 349399K(398848K)->349399K(398848K)
[2.376s][info][gc,metaspace   ] GC(76) Metaspace: 6301K(6464K)->6301K(6464K) NonClass: 5768K(5824K)->5768K(5824K) Class: 533K(640K)->533K(640K)
[2.376s][info][gc             ] GC(76) Pause Young (Allocation Failure) 380M->380M(444M) 19.701ms
[2.376s][info][gc,cpu         ] GC(76) User=0.05s Sys=0.02s Real=0.02s
[2.383s][info][gc,start       ] GC(77) Pause Young (Allocation Failure)
[2.406s][info][gc,heap        ] GC(77) PSYoungGen: 48512K(55808K)->48512K(59904K) Eden: 8192K(8192K)->0K(8192K) From: 40320K(47616K)->48512K(51712K)
[2.406s][info][gc,heap        ] GC(77) ParOldGen: 349399K(398848K)->349399K(398848K)
[2.406s][info][gc,metaspace   ] GC(77) Metaspace: 6301K(6464K)->6301K(6464K) NonClass: 5768K(5824K)->5768K(5824K) Class: 533K(640K)->533K(640K)
[2.406s][info][gc             ] GC(77) Pause Young (Allocation Failure) 388M->388M(448M) 22.584ms
[2.406s][info][gc,cpu         ] GC(77) User=0.06s Sys=0.00s Real=0.02s
[2.415s][info][gc,start       ] GC(78) Pause Young (Allocation Failure)
[2.443s][info][gc,heap        ] GC(78) PSYoungGen: 56704K(59904K)->50272K(62464K) Eden: 8192K(8192K)->0K(4608K) From: 48512K(51712K)->50272K(57856K)
[2.443s][info][gc,heap        ] GC(78) ParOldGen: 349399K(398848K)->355895K(398848K)
[2.443s][info][gc,metaspace   ] GC(78) Metaspace: 6301K(6464K)->6301K(6464K) NonClass: 5768K(5824K)->5768K(5824K) Class: 533K(640K)->533K(640K)
[2.443s][info][gc             ] GC(78) Pause Young (Allocation Failure) 396M->396M(450M) 28.152ms
[2.443s][info][gc,cpu         ] GC(78) User=0.06s Sys=0.00s Real=0.03s
[2.450s][info][gc,start       ] GC(79) Pause Young (Allocation Failure)
[2.476s][info][gc,heap        ] GC(79) PSYoungGen: 54880K(62464K)->42496K(67584K) Eden: 4608K(4608K)->0K(4608K) From: 50272K(57856K)->42496K(62976K)
[2.476s][info][gc,heap        ] GC(79) ParOldGen: 355895K(398848K)->368447K(398848K)
[2.476s][info][gc,metaspace   ] GC(79) Metaspace: 6301K(6464K)->6301K(6464K) NonClass: 5768K(5824K)->5768K(5824K) Class: 533K(640K)->533K(640K)
[2.476s][info][gc             ] GC(79) Pause Young (Allocation Failure) 401M->401M(455M) 26.725ms
[2.476s][info][gc,cpu         ] GC(79) User=0.08s Sys=0.00s Real=0.03s
[2.482s][info][gc,start       ] GC(80) Pause Young (Allocation Failure)
[2.506s][info][gc,heap        ] GC(80) PSYoungGen: 47104K(67584K)->25600K(65024K) Eden: 4608K(4608K)->0K(5632K) From: 42496K(62976K)->25600K(59392K)
[2.506s][info][gc,heap        ] GC(80) ParOldGen: 368447K(398848K)->390239K(398848K)
[2.506s][info][gc,metaspace   ] GC(80) Metaspace: 6301K(6464K)->6301K(6464K) NonClass: 5768K(5824K)->5768K(5824K) Class: 533K(640K)->533K(640K)
[2.506s][info][gc             ] GC(80) Pause Young (Allocation Failure) 405M->406M(453M) 24.024ms
[2.506s][info][gc,cpu         ] GC(80) User=0.05s Sys=0.02s Real=0.02s
[2.506s][info][gc,start       ] GC(81) Pause Full (Ergonomics)
[2.506s][info][gc,phases,start] GC(81) Marking Phase
[2.614s][info][gc,phases      ] GC(81) Marking Phase 107.647ms
[2.614s][info][gc,phases,start] GC(81) Summary Phase
[2.614s][info][gc,phases      ] GC(81) Summary Phase 0.018ms
[2.614s][info][gc,phases,start] GC(81) Adjust Roots
[2.614s][info][gc,phases      ] GC(81) Adjust Roots 0.176ms
[2.614s][info][gc,phases,start] GC(81) Compaction Phase
[2.660s][info][gc,phases      ] GC(81) Compaction Phase 45.737ms
[2.660s][info][gc,phases,start] GC(81) Post Compact
[2.661s][info][gc,phases      ] GC(81) Post Compact 1.768ms
[2.662s][info][gc,heap        ] GC(81) PSYoungGen: 25600K(65024K)->16280K(66560K) Eden: 0K(5632K)->0K(7168K) From: 25600K(59392K)->16280K(59392K)
[2.662s][info][gc,heap        ] GC(81) ParOldGen: 390239K(398848K)->398773K(455680K)
[2.662s][info][gc,metaspace   ] GC(81) Metaspace: 6301K(6464K)->6301K(6464K) NonClass: 5768K(5824K)->5768K(5824K) Class: 533K(640K)->533K(640K)
[2.662s][info][gc             ] GC(81) Pause Full (Ergonomics) 406M->405M(510M) 155.855ms
[2.662s][info][gc,cpu         ] GC(81) User=0.58s Sys=0.00s Real=0.16s
[2.670s][info][gc,start       ] GC(82) Pause Young (Allocation Failure)
[2.703s][info][gc,heap        ] GC(82) PSYoungGen: 23448K(66560K)->13088K(69120K) Eden: 7168K(7168K)->0K(7168K) From: 16280K(59392K)->13088K(61952K)
[2.703s][info][gc,heap        ] GC(82) ParOldGen: 398773K(455680K)->409381K(455680K)
[2.703s][info][gc,metaspace   ] GC(82) Metaspace: 6301K(6464K)->6301K(6464K) NonClass: 5768K(5824K)->5768K(5824K) Class: 533K(640K)->533K(640K)
[2.703s][info][gc             ] GC(82) Pause Young (Allocation Failure) 412M->412M(512M) 32.870ms
[2.703s][info][gc,cpu         ] GC(82) User=0.11s Sys=0.00s Real=0.03s
[2.711s][info][gc,start       ] GC(83) Pause Young (Allocation Failure)
[2.723s][info][gc,heap        ] GC(83) PSYoungGen: 20256K(69120K)->14336K(68096K) Eden: 7168K(7168K)->0K(8192K) From: 13088K(61952K)->14336K(59904K)
[2.723s][info][gc,heap        ] GC(83) ParOldGen: 409381K(455680K)->415341K(455680K)
[2.723s][info][gc,metaspace   ] GC(83) Metaspace: 6301K(6464K)->6301K(6464K) NonClass: 5768K(5824K)->5768K(5824K) Class: 533K(640K)->533K(640K)
[2.723s][info][gc             ] GC(83) Pause Young (Allocation Failure) 419M->419M(511M) 11.876ms
[2.723s][info][gc,cpu         ] GC(83) User=0.00s Sys=0.00s Real=0.01s
[2.732s][info][gc,start       ] GC(84) Pause Young (Allocation Failure)
[2.746s][info][gc,heap        ] GC(84) PSYoungGen: 22528K(68096K)->8192K(69120K) Eden: 8192K(8192K)->0K(8192K) From: 14336K(59904K)->8192K(60928K)
[2.746s][info][gc,heap        ] GC(84) ParOldGen: 415341K(455680K)->429853K(455680K)
[2.746s][info][gc,metaspace   ] GC(84) Metaspace: 6301K(6464K)->6301K(6464K) NonClass: 5768K(5824K)->5768K(5824K) Class: 533K(640K)->533K(640K)
[2.746s][info][gc             ] GC(84) Pause Young (Allocation Failure) 427M->427M(512M) 13.743ms
[2.746s][info][gc,cpu         ] GC(84) User=0.02s Sys=0.00s Real=0.01s
[2.754s][info][gc,start       ] GC(85) Pause Young (Allocation Failure)
[2.764s][info][gc,heap        ] GC(85) PSYoungGen: 16384K(69120K)->8256K(69632K) Eden: 8192K(8192K)->0K(9728K) From: 8192K(60928K)->8256K(59904K)
[2.764s][info][gc,heap        ] GC(85) ParOldGen: 429853K(455680K)->438157K(455680K)
[2.764s][info][gc,metaspace   ] GC(85) Metaspace: 6301K(6464K)->6301K(6464K) NonClass: 5768K(5824K)->5768K(5824K) Class: 533K(640K)->533K(640K)
[2.764s][info][gc             ] GC(85) Pause Young (Allocation Failure) 435M->435M(513M) 10.243ms
[2.764s][info][gc,cpu         ] GC(85) User=0.02s Sys=0.00s Real=0.01s
[2.764s][info][gc,start       ] GC(86) Pause Full (Ergonomics)
[2.764s][info][gc,phases,start] GC(86) Marking Phase
[2.871s][info][gc,phases      ] GC(86) Marking Phase 106.411ms
[2.871s][info][gc,phases,start] GC(86) Summary Phase
[2.871s][info][gc,phases      ] GC(86) Summary Phase 0.025ms
[2.871s][info][gc,phases,start] GC(86) Adjust Roots
[2.871s][info][gc,phases      ] GC(86) Adjust Roots 0.193ms
[2.871s][info][gc,phases,start] GC(86) Compaction Phase
[2.919s][info][gc,phases      ] GC(86) Compaction Phase 48.087ms
[2.919s][info][gc,phases,start] GC(86) Post Compact
[2.921s][info][gc,phases      ] GC(86) Post Compact 2.236ms
[2.922s][info][gc,heap        ] GC(86) PSYoungGen: 8256K(69632K)->0K(70144K) Eden: 0K(9728K)->0K(9728K) From: 8256K(59904K)->0K(60416K)
[2.922s][info][gc,heap        ] GC(86) ParOldGen: 438157K(455680K)->445644K(504320K)
[2.922s][info][gc,metaspace   ] GC(86) Metaspace: 6301K(6464K)->6301K(6464K) NonClass: 5768K(5824K)->5768K(5824K) Class: 533K(640K)->533K(640K)
[2.922s][info][gc             ] GC(86) Pause Full (Ergonomics) 435M->435M(561M) 157.547ms
[2.922s][info][gc,cpu         ] GC(86) User=0.52s Sys=0.00s Real=0.16s
[2.933s][info][gc,start       ] GC(87) Pause Young (Allocation Failure)
[2.940s][info][gc,heap        ] GC(87) PSYoungGen: 9728K(70144K)->9824K(67584K) Eden: 9728K(9728K)->0K(10752K) From: 0K(60416K)->9824K(56832K)
[2.940s][info][gc,heap        ] GC(87) ParOldGen: 445644K(504320K)->445644K(504320K)
[2.940s][info][gc,metaspace   ] GC(87) Metaspace: 6301K(6464K)->6301K(6464K) NonClass: 5768K(5824K)->5768K(5824K) Class: 533K(640K)->533K(640K)
[2.940s][info][gc             ] GC(87) Pause Young (Allocation Failure) 444M->444M(558M) 7.307ms
[2.940s][info][gc,cpu         ] GC(87) User=0.00s Sys=0.00s Real=0.01s
[2.952s][info][gc,start       ] GC(88) Pause Young (Allocation Failure)
[2.964s][info][gc,heap        ] GC(88) PSYoungGen: 20576K(67584K)->20512K(31744K) Eden: 10752K(10752K)->0K(10752K) From: 9824K(56832K)->20512K(20992K)
[2.964s][info][gc,heap        ] GC(88) ParOldGen: 445644K(504320K)->445644K(504320K)
[2.964s][info][gc,metaspace   ] GC(88) Metaspace: 6301K(6464K)->6301K(6464K) NonClass: 5768K(5824K)->5768K(5824K) Class: 533K(640K)->533K(640K)
[2.964s][info][gc             ] GC(88) Pause Young (Allocation Failure) 455M->455M(523M) 11.978ms
[2.964s][info][gc,cpu         ] GC(88) User=0.02s Sys=0.00s Real=0.01s
[2.977s][info][gc,start       ] GC(89) Pause Young (Allocation Failure)
[2.993s][info][gc,heap        ] GC(89) PSYoungGen: 31264K(31744K)->31264K(67072K) Eden: 10752K(10752K)->0K(11776K) From: 20512K(20992K)->31264K(55296K)
[2.993s][info][gc,heap        ] GC(89) ParOldGen: 445644K(504320K)->445644K(504320K)
[2.993s][info][gc,metaspace   ] GC(89) Metaspace: 6301K(6464K)->6301K(6464K) NonClass: 5768K(5824K)->5768K(5824K) Class: 533K(640K)->533K(640K)
[2.993s][info][gc             ] GC(89) Pause Young (Allocation Failure) 465M->465M(558M) 16.716ms
[2.993s][info][gc,cpu         ] GC(89) User=0.02s Sys=0.00s Real=0.02s
[3.007s][info][gc,start       ] GC(90) Pause Young (Allocation Failure)
[3.030s][info][gc,heap        ] GC(90) PSYoungGen: 43040K(67072K)->33344K(67584K) Eden: 11776K(11776K)->0K(11776K) From: 31264K(55296K)->33344K(55808K)
[3.030s][info][gc,heap        ] GC(90) ParOldGen: 445644K(504320K)->455508K(504320K)
[3.030s][info][gc,metaspace   ] GC(90) Metaspace: 6301K(6464K)->6301K(6464K) NonClass: 5768K(5824K)->5768K(5824K) Class: 533K(640K)->533K(640K)
[3.030s][info][gc             ] GC(90) Pause Young (Allocation Failure) 477M->477M(558M) 22.176ms
[3.030s][info][gc,cpu         ] GC(90) User=0.05s Sys=0.02s Real=0.02s
[3.043s][info][gc,start       ] GC(91) Pause Young (Allocation Failure)
[3.066s][info][gc,heap        ] GC(91) PSYoungGen: 45120K(67584K)->34368K(69120K) Eden: 11776K(11776K)->0K(12800K) From: 33344K(55808K)->34368K(56320K)
[3.067s][info][gc,heap        ] GC(91) ParOldGen: 455508K(504320K)->466404K(504320K)
[3.067s][info][gc,metaspace   ] GC(91) Metaspace: 6301K(6464K)->6301K(6464K) NonClass: 5768K(5824K)->5768K(5824K) Class: 533K(640K)->533K(640K)
[3.067s][info][gc             ] GC(91) Pause Young (Allocation Failure) 488M->489M(560M) 23.604ms
[3.067s][info][gc,cpu         ] GC(91) User=0.06s Sys=0.00s Real=0.02s
[3.081s][info][gc,start       ] GC(92) Pause Young (Allocation Failure)
[3.106s][info][gc,heap        ] GC(92) PSYoungGen: 47168K(69120K)->36416K(69632K) Eden: 12800K(12800K)->0K(12800K) From: 34368K(56320K)->36416K(56832K)
[3.106s][info][gc,heap        ] GC(92) ParOldGen: 466404K(504320K)->477308K(504320K)
[3.106s][info][gc,metaspace   ] GC(92) Metaspace: 6301K(6464K)->6301K(6464K) NonClass: 5768K(5824K)->5768K(5824K) Class: 533K(640K)->533K(640K)
[3.106s][info][gc             ] GC(92) Pause Young (Allocation Failure) 501M->501M(560M) 24.571ms
[3.106s][info][gc,cpu         ] GC(92) User=0.03s Sys=0.05s Real=0.02s
[3.120s][info][gc,start       ] GC(93) Pause Young (Allocation Failure)
[3.147s][info][gc,heap        ] GC(93) PSYoungGen: 49216K(69632K)->25632K(66048K) Eden: 12800K(12800K)->0K(14336K) From: 36416K(56832K)->25632K(51712K)
[3.148s][info][gc,heap        ] GC(93) ParOldGen: 477308K(504320K)->501172K(504320K)
[3.148s][info][gc,metaspace   ] GC(93) Metaspace: 6301K(6464K)->6301K(6464K) NonClass: 5768K(5824K)->5768K(5824K) Class: 533K(640K)->533K(640K)
[3.148s][info][gc             ] GC(93) Pause Young (Allocation Failure) 514M->514M(557M) 27.199ms
[3.148s][info][gc,cpu         ] GC(93) User=0.06s Sys=0.00s Real=0.03s
[3.148s][info][gc,start       ] GC(94) Pause Full (Ergonomics)
[3.148s][info][gc,phases,start] GC(94) Marking Phase
[3.288s][info][gc,phases      ] GC(94) Marking Phase 140.285ms
[3.288s][info][gc,phases,start] GC(94) Summary Phase
[3.288s][info][gc,phases      ] GC(94) Summary Phase 0.023ms
[3.288s][info][gc,phases,start] GC(94) Adjust Roots
[3.288s][info][gc,phases      ] GC(94) Adjust Roots 0.192ms
[3.288s][info][gc,phases,start] GC(94) Compaction Phase
[3.351s][info][gc,phases      ] GC(94) Compaction Phase 62.202ms
[3.351s][info][gc,phases,start] GC(94) Post Compact
[3.353s][info][gc,phases      ] GC(94) Post Compact 2.692ms
[3.354s][info][gc,heap        ] GC(94) PSYoungGen: 25632K(66048K)->21961K(68096K) Eden: 0K(14336K)->0K(16384K) From: 25632K(51712K)->21961K(51712K)
[3.354s][info][gc,heap        ] GC(94) ParOldGen: 501172K(504320K)->503847K(570368K)
[3.354s][info][gc,metaspace   ] GC(94) Metaspace: 6301K(6464K)->6301K(6464K) NonClass: 5768K(5824K)->5768K(5824K) Class: 533K(640K)->533K(640K)
[3.354s][info][gc             ] GC(94) Pause Full (Ergonomics) 514M->513M(623M) 206.058ms
[3.354s][info][gc,cpu         ] GC(94) User=0.70s Sys=0.00s Real=0.21s
[3.372s][info][gc,start       ] GC(95) Pause Young (Allocation Failure)
[3.416s][info][gc,heap        ] GC(95) PSYoungGen: 38345K(68096K)->16448K(71168K) Eden: 16384K(16384K)->0K(16384K) From: 21961K(51712K)->16448K(54784K)
[3.416s][info][gc,heap        ] GC(95) ParOldGen: 503847K(570368K)->526167K(570368K)
[3.416s][info][gc,metaspace   ] GC(95) Metaspace: 6301K(6464K)->6301K(6464K) NonClass: 5768K(5824K)->5768K(5824K) Class: 533K(640K)->533K(640K)
[3.416s][info][gc             ] GC(95) Pause Young (Allocation Failure) 529M->529M(626M) 43.847ms
[3.416s][info][gc,cpu         ] GC(95) User=0.11s Sys=0.02s Real=0.04s
[3.434s][info][gc,start       ] GC(96) Pause Young (Allocation Failure)
[3.454s][info][gc,heap        ] GC(96) PSYoungGen: 32832K(71168K)->16448K(69120K) Eden: 16384K(16384K)->0K(18432K) From: 16448K(54784K)->16448K(50688K)
[3.454s][info][gc,heap        ] GC(96) ParOldGen: 526167K(570368K)->542799K(570368K)
[3.454s][info][gc,metaspace   ] GC(96) Metaspace: 6301K(6464K)->6301K(6464K) NonClass: 5768K(5824K)->5768K(5824K) Class: 533K(640K)->533K(640K)
[3.454s][info][gc             ] GC(96) Pause Young (Allocation Failure) 545M->546M(624M) 20.145ms
[3.454s][info][gc,cpu         ] GC(96) User=0.06s Sys=0.00s Real=0.02s
[3.454s][info][gc,start       ] GC(97) Pause Full (Ergonomics)
[3.454s][info][gc,phases,start] GC(97) Marking Phase
[3.583s][info][gc,phases      ] GC(97) Marking Phase 128.525ms
[3.583s][info][gc,phases,start] GC(97) Summary Phase
[3.583s][info][gc,phases      ] GC(97) Summary Phase 0.022ms
[3.583s][info][gc,phases,start] GC(97) Adjust Roots
[3.583s][info][gc,phases      ] GC(97) Adjust Roots 0.173ms
[3.583s][info][gc,phases,start] GC(97) Compaction Phase
[3.644s][info][gc,phases      ] GC(97) Compaction Phase 60.686ms
[3.644s][info][gc,phases,start] GC(97) Post Compact
[3.645s][info][gc,phases      ] GC(97) Post Compact 0.962ms
[3.645s][info][gc,heap        ] GC(97) PSYoungGen: 16448K(69120K)->0K(70656K) Eden: 0K(18432K)->0K(18432K) From: 16448K(50688K)->0K(52224K)
[3.645s][info][gc,heap        ] GC(97) ParOldGen: 542799K(570368K)->558511K(633344K)
[3.645s][info][gc,metaspace   ] GC(97) Metaspace: 6301K(6464K)->6301K(6464K) NonClass: 5768K(5824K)->5768K(5824K) Class: 533K(640K)->533K(640K)
[3.645s][info][gc             ] GC(97) Pause Full (Ergonomics) 546M->545M(687M) 190.901ms
[3.645s][info][gc,cpu         ] GC(97) User=0.69s Sys=0.00s Real=0.19s
[3.666s][info][gc,start       ] GC(98) Pause Young (Allocation Failure)
[3.680s][info][gc,heap        ] GC(98) PSYoungGen: 18432K(70656K)->18496K(69632K) Eden: 18432K(18432K)->0K(20480K) From: 0K(52224K)->18496K(49152K)
[3.680s][info][gc,heap        ] GC(98) ParOldGen: 558511K(633344K)->558511K(633344K)
[3.680s][info][gc,metaspace   ] GC(98) Metaspace: 6301K(6464K)->6301K(6464K) NonClass: 5768K(5824K)->5768K(5824K) Class: 533K(640K)->533K(640K)
[3.680s][info][gc             ] GC(98) Pause Young (Allocation Failure) 563M->563M(686M) 13.182ms
[3.680s][info][gc,cpu         ] GC(98) User=0.00s Sys=0.00s Real=0.01s
[3.704s][info][gc,start       ] GC(99) Pause Young (Allocation Failure)
[3.726s][info][gc,heap        ] GC(99) PSYoungGen: 38976K(69632K)->38976K(71168K) Eden: 20480K(20480K)->0K(20480K) From: 18496K(49152K)->38976K(50688K)
[3.726s][info][gc,heap        ] GC(99) ParOldGen: 558511K(633344K)->558511K(633344K)
[3.726s][info][gc,metaspace   ] GC(99) Metaspace: 6301K(6464K)->6301K(6464K) NonClass: 5768K(5824K)->5768K(5824K) Class: 533K(640K)->533K(640K)
[3.726s][info][gc             ] GC(99) Pause Young (Allocation Failure) 583M->583M(688M) 22.157ms
[3.726s][info][gc,cpu         ] GC(99) User=0.06s Sys=0.00s Real=0.02s
[3.749s][info][gc,start       ] GC(100) Pause Young (Allocation Failure)
[3.781s][info][gc,heap        ] GC(100) PSYoungGen: 59456K(71168K)->53760K(66560K) Eden: 20480K(20480K)->0K(12800K) From: 38976K(50688K)->53760K(53760K)
[3.781s][info][gc,heap        ] GC(100) ParOldGen: 558511K(633344K)->564247K(633344K)
[3.781s][info][gc,metaspace   ] GC(100) Metaspace: 6301K(6464K)->6301K(6464K) NonClass: 5768K(5824K)->5768K(5824K) Class: 533K(640K)->533K(640K)
[3.781s][info][gc             ] GC(100) Pause Young (Allocation Failure) 603M->603M(683M) 31.810ms
[3.781s][info][gc,cpu         ] GC(100) User=0.06s Sys=0.02s Real=0.03s
[3.797s][info][gc,start       ] GC(101) Pause Young (Allocation Failure)
[3.831s][info][gc,heap        ] GC(101) PSYoungGen: 66560K(66560K)->31232K(44032K) Eden: 12800K(12800K)->0K(12800K) From: 53760K(53760K)->31232K(31232K)
[3.831s][info][gc,heap        ] GC(101) ParOldGen: 564247K(633344K)->600151K(633344K)
[3.831s][info][gc,metaspace   ] GC(101) Metaspace: 6301K(6464K)->6301K(6464K) NonClass: 5768K(5824K)->5768K(5824K) Class: 533K(640K)->533K(640K)
[3.831s][info][gc             ] GC(101) Pause Young (Allocation Failure) 616M->616M(661M) 33.316ms
[3.831s][info][gc,cpu         ] GC(101) User=0.08s Sys=0.02s Real=0.03s
[3.831s][info][gc,start       ] GC(102) Pause Full (Ergonomics)
[3.831s][info][gc,phases,start] GC(102) Marking Phase
[4.015s][info][gc,phases      ] GC(102) Marking Phase 184.596ms
[4.015s][info][gc,phases,start] GC(102) Summary Phase
[4.015s][info][gc,phases      ] GC(102) Summary Phase 0.036ms
[4.015s][info][gc,phases,start] GC(102) Adjust Roots
[4.016s][info][gc,phases      ] GC(102) Adjust Roots 0.228ms
[4.016s][info][gc,phases,start] GC(102) Compaction Phase
[4.088s][info][gc,phases      ] GC(102) Compaction Phase 72.086ms
[4.088s][info][gc,phases,start] GC(102) Post Compact
[4.089s][info][gc,phases      ] GC(102) Post Compact 1.142ms
[4.089s][info][gc,heap        ] GC(102) PSYoungGen: 31232K(44032K)->0K(75264K) Eden: 0K(12800K)->0K(14336K) From: 31232K(31232K)->0K(60928K)
[4.089s][info][gc,heap        ] GC(102) ParOldGen: 600151K(633344K)->630572K(715776K)
[4.089s][info][gc,metaspace   ] GC(102) Metaspace: 6301K(6464K)->6301K(6464K) NonClass: 5768K(5824K)->5768K(5824K) Class: 533K(640K)->533K(640K)
[4.089s][info][gc             ] GC(102) Pause Full (Ergonomics) 616M->615M(772M) 258.653ms
[4.089s][info][gc,cpu         ] GC(102) User=0.89s Sys=0.02s Real=0.26s
[4.107s][info][gc,start       ] GC(103) Pause Young (Allocation Failure)
[4.119s][info][gc,heap        ] GC(103) PSYoungGen: 14336K(75264K)->14432K(75264K) Eden: 14336K(14336K)->0K(14336K) From: 0K(60928K)->14432K(60928K)
[4.119s][info][gc,heap        ] GC(103) ParOldGen: 630572K(715776K)->630572K(715776K)
[4.119s][info][gc,metaspace   ] GC(103) Metaspace: 6301K(6464K)->6301K(6464K) NonClass: 5768K(5824K)->5768K(5824K) Class: 533K(640K)->533K(640K)
[4.119s][info][gc             ] GC(103) Pause Young (Allocation Failure) 629M->629M(772M) 12.518ms
[4.119s][info][gc,cpu         ] GC(103) User=0.02s Sys=0.00s Real=0.01s
[4.136s][info][gc,start       ] GC(104) Pause Young (Allocation Failure)
[4.154s][info][gc,heap        ] GC(104) PSYoungGen: 28768K(75264K)->28704K(70144K) Eden: 14336K(14336K)->0K(15872K) From: 14432K(60928K)->28704K(54272K)
[4.154s][info][gc,heap        ] GC(104) ParOldGen: 630572K(715776K)->630572K(715776K)
[4.154s][info][gc,metaspace   ] GC(104) Metaspace: 6301K(6464K)->6301K(6464K) NonClass: 5768K(5824K)->5768K(5824K) Class: 533K(640K)->533K(640K)
[4.154s][info][gc             ] GC(104) Pause Young (Allocation Failure) 643M->643M(767M) 18.189ms
[4.154s][info][gc,cpu         ] GC(104) User=0.02s Sys=0.00s Real=0.02s
[4.173s][info][gc,start       ] GC(105) Pause Young (Allocation Failure)
[4.200s][info][gc,heap        ] GC(105) PSYoungGen: 44576K(70144K)->44576K(73216K) Eden: 15872K(15872K)->0K(15872K) From: 28704K(54272K)->44576K(57344K)
[4.200s][info][gc,heap        ] GC(105) ParOldGen: 630572K(715776K)->630572K(715776K)
[4.200s][info][gc,metaspace   ] GC(105) Metaspace: 6301K(6464K)->6301K(6464K) NonClass: 5768K(5824K)->5768K(5824K) Class: 533K(640K)->533K(640K)
[4.200s][info][gc             ] GC(105) Pause Young (Allocation Failure) 659M->659M(770M) 26.725ms
[4.200s][info][gc,cpu         ] GC(105) User=0.08s Sys=0.00s Real=0.03s
[4.219s][info][gc,start       ] GC(106) Pause Young (Allocation Failure)
[4.253s][info][gc,heap        ] GC(106) PSYoungGen: 60448K(73216K)->60512K(70656K) Eden: 15872K(15872K)->0K(9728K) From: 44576K(57344K)->60512K(60928K)
[4.253s][info][gc,heap        ] GC(106) ParOldGen: 630572K(715776K)->630572K(715776K)
[4.253s][info][gc,metaspace   ] GC(106) Metaspace: 6301K(6464K)->6301K(6464K) NonClass: 5768K(5824K)->5768K(5824K) Class: 533K(640K)->533K(640K)
[4.253s][info][gc             ] GC(106) Pause Young (Allocation Failure) 674M->674M(768M) 33.450ms
[4.253s][info][gc,cpu         ] GC(106) User=0.08s Sys=0.00s Real=0.03s
[4.267s][info][gc,start       ] GC(107) Pause Young (Allocation Failure)
[4.304s][info][gc,heap        ] GC(107) PSYoungGen: 70240K(70656K)->69120K(78848K) Eden: 9728K(9728K)->0K(9728K) From: 60512K(60928K)->69120K(69120K)
[4.304s][info][gc,heap        ] GC(107) ParOldGen: 630572K(715776K)->631644K(715776K)
[4.304s][info][gc,metaspace   ] GC(107) Metaspace: 6301K(6464K)->6301K(6464K) NonClass: 5768K(5824K)->5768K(5824K) Class: 533K(640K)->533K(640K)
[4.304s][info][gc             ] GC(107) Pause Young (Allocation Failure) 684M->684M(776M) 37.050ms
[4.304s][info][gc,cpu         ] GC(107) User=0.08s Sys=0.02s Real=0.04s
[4.452s][info][gc,start       ] GC(108) Pause Young (Allocation Failure)
[4.516s][info][gc,heap        ] GC(108) PSYoungGen: 78848K(78848K)->50464K(89600K) Eden: 9728K(9728K)->0K(10240K) From: 69120K(69120K)->50464K(79360K)
[4.516s][info][gc,heap        ] GC(108) ParOldGen: 664412K(715776K)->693204K(715776K)
[4.516s][info][gc,metaspace   ] GC(108) Metaspace: 6301K(6464K)->6301K(6464K) NonClass: 5768K(5824K)->5768K(5824K) Class: 533K(640K)->533K(640K)
[4.516s][info][gc             ] GC(108) Pause Young (Allocation Failure) 725M->726M(786M) 64.062ms
[4.516s][info][gc,cpu         ] GC(108) User=0.16s Sys=0.02s Real=0.06s
[4.516s][info][gc,start       ] GC(109) Pause Full (Ergonomics)
[4.516s][info][gc,phases,start] GC(109) Marking Phase
[4.726s][info][gc,phases      ] GC(109) Marking Phase 209.652ms
[4.726s][info][gc,phases,start] GC(109) Summary Phase
[4.726s][info][gc,phases      ] GC(109) Summary Phase 0.026ms
[4.726s][info][gc,phases,start] GC(109) Adjust Roots
[4.726s][info][gc,phases      ] GC(109) Adjust Roots 0.208ms
[4.726s][info][gc,phases,start] GC(109) Compaction Phase
[4.858s][info][gc,phases      ] GC(109) Compaction Phase 131.337ms
[4.858s][info][gc,phases,start] GC(109) Post Compact
[4.859s][info][gc,phases      ] GC(109) Post Compact 1.633ms
[4.860s][info][gc,heap        ] GC(109) PSYoungGen: 50464K(89600K)->10943K(89600K) Eden: 0K(10240K)->0K(10240K) From: 50464K(79360K)->10943K(79360K)
[4.860s][info][gc,heap        ] GC(109) ParOldGen: 693204K(715776K)->715696K(807424K)
[4.860s][info][gc,metaspace   ] GC(109) Metaspace: 6301K(6464K)->6301K(6464K) NonClass: 5768K(5824K)->5768K(5824K) Class: 533K(640K)->533K(640K)
[4.860s][info][gc             ] GC(109) Pause Full (Ergonomics) 726M->709M(876M) 343.517ms
[4.860s][info][gc,cpu         ] GC(109) User=1.11s Sys=0.03s Real=0.34s
[4.871s][info][gc,start       ] GC(110) Pause Young (Allocation Failure)
[4.919s][info][gc,heap        ] GC(110) PSYoungGen: 21183K(89600K)->21280K(31744K) Eden: 10240K(10240K)->0K(10240K) From: 10943K(79360K)->21280K(21504K)
[4.919s][info][gc,heap        ] GC(110) ParOldGen: 715696K(807424K)->715696K(807424K)
[4.919s][info][gc,metaspace   ] GC(110) Metaspace: 6301K(6464K)->6301K(6464K) NonClass: 5768K(5824K)->5768K(5824K) Class: 533K(640K)->533K(640K)
[4.919s][info][gc             ] GC(110) Pause Young (Allocation Failure) 719M->719M(819M) 47.652ms
[4.919s][info][gc,cpu         ] GC(110) User=0.12s Sys=0.00s Real=0.05s
[4.930s][info][gc,start       ] GC(111) Pause Young (Allocation Failure)
[4.959s][info][gc,heap        ] GC(111) PSYoungGen: 31520K(31744K)->31488K(82944K) Eden: 10240K(10240K)->0K(11264K) From: 21280K(21504K)->31488K(71680K)
[4.959s][info][gc,heap        ] GC(111) ParOldGen: 715696K(807424K)->715696K(807424K)
[4.959s][info][gc,metaspace   ] GC(111) Metaspace: 6301K(6464K)->6301K(6464K) NonClass: 5768K(5824K)->5768K(5824K) Class: 533K(640K)->533K(640K)
[4.959s][info][gc             ] GC(111) Pause Young (Allocation Failure) 729M->729M(869M) 28.755ms
[4.959s][info][gc,cpu         ] GC(111) User=0.05s Sys=0.00s Real=0.03s
[4.973s][info][gc,start       ] GC(112) Pause Young (Allocation Failure)
[5.007s][info][gc,heap        ] GC(112) PSYoungGen: 42752K(82944K)->39584K(51200K) Eden: 11264K(11264K)->0K(11264K) From: 31488K(71680K)->39584K(39936K)
[5.007s][info][gc,heap        ] GC(112) ParOldGen: 715696K(807424K)->718912K(807424K)
[5.007s][info][gc,metaspace   ] GC(112) Metaspace: 6301K(6464K)->6301K(6464K) NonClass: 5768K(5824K)->5768K(5824K) Class: 533K(640K)->533K(640K)
[5.007s][info][gc             ] GC(112) Pause Young (Allocation Failure) 740M->740M(838M) 34.573ms
[5.007s][info][gc,cpu         ] GC(112) User=0.03s Sys=0.02s Real=0.03s
[5.024s][info][gc,start       ] GC(113) Pause Young (Allocation Failure)
[5.064s][info][gc,heap        ] GC(113) PSYoungGen: 50848K(51200K)->46880K(86016K) Eden: 11264K(11264K)->0K(12800K) From: 39584K(39936K)->46880K(73216K)
[5.064s][info][gc,heap        ] GC(113) ParOldGen: 718912K(807424K)->722944K(807424K)
[5.064s][info][gc,metaspace   ] GC(113) Metaspace: 6301K(6464K)->6301K(6464K) NonClass: 5768K(5824K)->5768K(5824K) Class: 533K(640K)->533K(640K)
[5.064s][info][gc             ] GC(113) Pause Young (Allocation Failure) 751M->751M(872M) 39.955ms
[5.064s][info][gc,cpu         ] GC(113) User=0.12s Sys=0.00s Real=0.04s
[5.080s][info][gc,start       ] GC(114) Pause Young (Allocation Failure)
[5.121s][info][gc,heap        ] GC(114) PSYoungGen: 59680K(86016K)->55808K(86016K) Eden: 12800K(12800K)->0K(12800K) From: 46880K(73216K)->55808K(73216K)
[5.121s][info][gc,heap        ] GC(114) ParOldGen: 722944K(807424K)->726856K(807424K)
[5.121s][info][gc,metaspace   ] GC(114) Metaspace: 6301K(6464K)->6301K(6464K) NonClass: 5768K(5824K)->5768K(5824K) Class: 533K(640K)->533K(640K)
[5.121s][info][gc             ] GC(114) Pause Young (Allocation Failure) 764M->764M(872M) 41.142ms
[5.121s][info][gc,cpu         ] GC(114) User=0.09s Sys=0.02s Real=0.04s
[5.134s][info][gc,start       ] GC(115) Pause Young (Allocation Failure)
[5.176s][info][gc,heap        ] GC(115) PSYoungGen: 68608K(86016K)->48160K(90624K) Eden: 12800K(12800K)->0K(14848K) From: 55808K(73216K)->48160K(75776K)
[5.176s][info][gc,heap        ] GC(115) ParOldGen: 726856K(807424K)->747608K(807424K)
[5.176s][info][gc,metaspace   ] GC(115) Metaspace: 6301K(6464K)->6301K(6464K) NonClass: 5768K(5824K)->5768K(5824K) Class: 533K(640K)->533K(640K)
[5.176s][info][gc             ] GC(115) Pause Young (Allocation Failure) 776M->777M(877M) 42.719ms
[5.176s][info][gc,cpu         ] GC(115) User=0.12s Sys=0.00s Real=0.04s
[5.193s][info][gc,start       ] GC(116) Pause Young (Allocation Failure)
[5.231s][info][gc,heap        ] GC(116) PSYoungGen: 63008K(90624K)->40480K(55808K) Eden: 14848K(14848K)->0K(14848K) From: 48160K(75776K)->40480K(40960K)
[5.232s][info][gc,heap        ] GC(116) ParOldGen: 747608K(807424K)->770440K(807424K)
[5.232s][info][gc,metaspace   ] GC(116) Metaspace: 6301K(6464K)->6301K(6464K) NonClass: 5768K(5824K)->5768K(5824K) Class: 533K(640K)->533K(640K)
[5.232s][info][gc             ] GC(116) Pause Young (Allocation Failure) 791M->791M(843M) 38.516ms
[5.232s][info][gc,cpu         ] GC(116) User=0.12s Sys=0.00s Real=0.04s
[5.247s][info][gc,start       ] GC(117) Pause Young (Allocation Failure)
[5.281s][info][gc,heap        ] GC(117) PSYoungGen: 55328K(55808K)->29760K(88064K) Eden: 14848K(14848K)->0K(17408K) From: 40480K(40960K)->29760K(70656K)
[5.281s][info][gc,heap        ] GC(117) ParOldGen: 770440K(807424K)->796384K(807424K)
[5.281s][info][gc,metaspace   ] GC(117) Metaspace: 6301K(6464K)->6301K(6464K) NonClass: 5768K(5824K)->5768K(5824K) Class: 533K(640K)->533K(640K)
[5.281s][info][gc             ] GC(117) Pause Young (Allocation Failure) 806M->806M(874M) 34.732ms
[5.281s][info][gc,cpu         ] GC(117) User=0.12s Sys=0.00s Real=0.03s
[5.282s][info][gc,start       ] GC(118) Pause Full (Ergonomics)
[5.282s][info][gc,phases,start] GC(118) Marking Phase
[5.554s][info][gc,phases      ] GC(118) Marking Phase 272.175ms
[5.554s][info][gc,phases,start] GC(118) Summary Phase
[5.554s][info][gc,phases      ] GC(118) Summary Phase 0.026ms
[5.554s][info][gc,phases,start] GC(118) Adjust Roots
[5.554s][info][gc,phases      ] GC(118) Adjust Roots 0.211ms
[5.554s][info][gc,phases,start] GC(118) Compaction Phase
[5.662s][info][gc,phases      ] GC(118) Compaction Phase 108.132ms
[5.662s][info][gc,phases,start] GC(118) Post Compact
[5.664s][info][gc,phases      ] GC(118) Post Compact 1.516ms
[5.664s][info][gc,heap        ] GC(118) PSYoungGen: 29760K(88064K)->17368K(89088K) Eden: 0K(17408K)->0K(18432K) From: 29760K(70656K)->17368K(70656K)
[5.664s][info][gc,heap        ] GC(118) ParOldGen: 796384K(807424K)->807318K(907776K)
[5.664s][info][gc,metaspace   ] GC(118) Metaspace: 6301K(6464K)->6301K(6464K) NonClass: 5768K(5824K)->5768K(5824K) Class: 533K(640K)->533K(640K)
[5.664s][info][gc             ] GC(118) Pause Full (Ergonomics) 806M->805M(973M) 382.797ms
[5.664s][info][gc,cpu         ] GC(118) User=1.17s Sys=0.02s Real=0.38s
[5.683s][info][gc,start       ] GC(119) Pause Young (Allocation Failure)
[5.743s][info][gc,heap        ] GC(119) PSYoungGen: 35800K(89088K)->18496K(90112K) Eden: 18432K(18432K)->0K(18432K) From: 17368K(70656K)->18496K(71680K)
[5.743s][info][gc,heap        ] GC(119) ParOldGen: 807318K(907776K)->824966K(907776K)
[5.743s][info][gc,metaspace   ] GC(119) Metaspace: 6301K(6464K)->6301K(6464K) NonClass: 5768K(5824K)->5768K(5824K) Class: 533K(640K)->533K(640K)
[5.743s][info][gc             ] GC(119) Pause Young (Allocation Failure) 823M->823M(974M) 60.041ms
[5.743s][info][gc,cpu         ] GC(119) User=0.17s Sys=0.00s Real=0.06s
[5.766s][info][gc,start       ] GC(120) Pause Young (Allocation Failure)
[5.792s][info][gc,heap        ] GC(120) PSYoungGen: 36928K(90112K)->18528K(91648K) Eden: 18432K(18432K)->0K(20992K) From: 18496K(71680K)->18528K(70656K)
[5.792s][info][gc,heap        ] GC(120) ParOldGen: 824966K(907776K)->843670K(907776K)
[5.792s][info][gc,metaspace   ] GC(120) Metaspace: 6301K(6464K)->6301K(6464K) NonClass: 5768K(5824K)->5768K(5824K) Class: 533K(640K)->533K(640K)
[5.792s][info][gc             ] GC(120) Pause Young (Allocation Failure) 841M->841M(976M) 26.299ms
[5.792s][info][gc,cpu         ] GC(120) User=0.06s Sys=0.02s Real=0.03s
[5.817s][info][gc,start       ] GC(121) Pause Young (Allocation Failure)
[5.845s][info][gc,heap        ] GC(121) PSYoungGen: 39520K(91648K)->21056K(92160K) Eden: 20992K(20992K)->0K(20992K) From: 18528K(70656K)->21056K(71168K)
[5.845s][info][gc,heap        ] GC(121) ParOldGen: 843670K(907776K)->862374K(907776K)
[5.845s][info][gc,metaspace   ] GC(121) Metaspace: 6301K(6464K)->6301K(6464K) NonClass: 5768K(5824K)->5768K(5824K) Class: 533K(640K)->533K(640K)
[5.845s][info][gc             ] GC(121) Pause Young (Allocation Failure) 862M->862M(976M) 27.952ms
[5.845s][info][gc,cpu         ] GC(121) User=0.06s Sys=0.00s Real=0.03s
[5.866s][info][gc,start       ] GC(122) Pause Young (Allocation Failure)
[5.893s][info][gc,heap        ] GC(122) PSYoungGen: 42048K(92160K)->21056K(90624K) Eden: 20992K(20992K)->0K(23552K) From: 21056K(71168K)->21056K(67072K)
[5.893s][info][gc,heap        ] GC(122) ParOldGen: 862374K(907776K)->883678K(907776K)
[5.893s][info][gc,metaspace   ] GC(122) Metaspace: 6301K(6464K)->6301K(6464K) NonClass: 5768K(5824K)->5768K(5824K) Class: 533K(640K)->533K(640K)
[5.893s][info][gc             ] GC(122) Pause Young (Allocation Failure) 883M->883M(975M) 26.832ms
[5.893s][info][gc,cpu         ] GC(122) User=0.11s Sys=0.00s Real=0.03s
[5.893s][info][gc,start       ] GC(123) Pause Full (Ergonomics)
[5.893s][info][gc,phases,start] GC(123) Marking Phase
[6.145s][info][gc,phases      ] GC(123) Marking Phase 252.068ms
[6.145s][info][gc,phases,start] GC(123) Summary Phase
[6.145s][info][gc,phases      ] GC(123) Summary Phase 0.040ms
[6.145s][info][gc,phases,start] GC(123) Adjust Roots
[6.145s][info][gc,phases      ] GC(123) Adjust Roots 0.185ms
[6.146s][info][gc,phases,start] GC(123) Compaction Phase
[6.231s][info][gc,phases      ] GC(123) Compaction Phase 85.880ms
[6.231s][info][gc,phases,start] GC(123) Post Compact
[6.233s][info][gc,phases      ] GC(123) Post Compact 1.550ms
[6.233s][info][gc,heap        ] GC(123) PSYoungGen: 21056K(90624K)->0K(92160K) Eden: 0K(23552K)->0K(23552K) From: 21056K(67072K)->0K(68608K)
[6.233s][info][gc,heap        ] GC(123) ParOldGen: 883678K(907776K)->903413K(1011200K)
[6.233s][info][gc,metaspace   ] GC(123) Metaspace: 6301K(6464K)->6301K(6464K) NonClass: 5768K(5824K)->5768K(5824K) Class: 533K(640K)->533K(640K)
[6.233s][info][gc             ] GC(123) Pause Full (Ergonomics) 883M->882M(1077M) 340.382ms
[6.233s][info][gc,cpu         ] GC(123) User=1.27s Sys=0.03s Real=0.34s
[6.259s][info][gc,start       ] GC(124) Pause Young (Allocation Failure)
[6.278s][info][gc,heap        ] GC(124) PSYoungGen: 23552K(92160K)->23616K(90112K) Eden: 23552K(23552K)->0K(26112K) From: 0K(68608K)->23616K(64000K)
[6.278s][info][gc,heap        ] GC(124) ParOldGen: 903413K(1011200K)->903413K(1011200K)
[6.278s][info][gc,metaspace   ] GC(124) Metaspace: 6301K(6464K)->6301K(6464K) NonClass: 5768K(5824K)->5768K(5824K) Class: 533K(640K)->533K(640K)
[6.278s][info][gc             ] GC(124) Pause Young (Allocation Failure) 905M->905M(1075M) 19.045ms
[6.278s][info][gc,cpu         ] GC(124) User=0.03s Sys=0.00s Real=0.02s
[6.306s][info][gc,start       ] GC(125) Pause Young (Allocation Failure)
[6.335s][info][gc,heap        ] GC(125) PSYoungGen: 49728K(90112K)->49760K(92672K) Eden: 26112K(26112K)->0K(26112K) From: 23616K(64000K)->49760K(66560K)
[6.335s][info][gc,heap        ] GC(125) ParOldGen: 903413K(1011200K)->903413K(1011200K)
[6.335s][info][gc,metaspace   ] GC(125) Metaspace: 6301K(6464K)->6301K(6464K) NonClass: 5768K(5824K)->5768K(5824K) Class: 533K(640K)->533K(640K)
[6.335s][info][gc             ] GC(125) Pause Young (Allocation Failure) 930M->930M(1078M) 28.809ms
[6.335s][info][gc,cpu         ] GC(125) User=0.08s Sys=0.00s Real=0.03s
[6.363s][info][gc,start       ] GC(126) Pause Young (Allocation Failure)
[6.405s][info][gc,heap        ] GC(126) PSYoungGen: 75872K(92672K)->69632K(86016K) Eden: 26112K(26112K)->0K(16384K) From: 49760K(66560K)->69632K(69632K)
[6.405s][info][gc,heap        ] GC(126) ParOldGen: 903413K(1011200K)->909717K(1011200K)
[6.405s][info][gc,metaspace   ] GC(126) Metaspace: 6301K(6464K)->6301K(6464K) NonClass: 5768K(5824K)->5768K(5824K) Class: 533K(640K)->533K(640K)
[6.405s][info][gc             ] GC(126) Pause Young (Allocation Failure) 956M->956M(1071M) 41.919ms
[6.405s][info][gc,cpu         ] GC(126) User=0.11s Sys=0.02s Real=0.04s
[6.423s][info][gc,start       ] GC(127) Pause Young (Allocation Failure)
[6.470s][info][gc,heap        ] GC(127) PSYoungGen: 86016K(86016K)->40160K(56832K) Eden: 16384K(16384K)->0K(16384K) From: 69632K(69632K)->40160K(40448K)
[6.470s][info][gc,heap        ] GC(127) ParOldGen: 909717K(1011200K)->956221K(1011200K)
[6.470s][info][gc,metaspace   ] GC(127) Metaspace: 6301K(6464K)->6301K(6464K) NonClass: 5768K(5824K)->5768K(5824K) Class: 533K(640K)->533K(640K)
[6.470s][info][gc             ] GC(127) Pause Young (Allocation Failure) 972M->973M(1043M) 47.183ms
[6.470s][info][gc,cpu         ] GC(127) User=0.11s Sys=0.03s Real=0.05s
[6.490s][info][gc,start       ] GC(128) Pause Young (Allocation Failure)
[6.522s][info][gc,heap        ] GC(128) PSYoungGen: 56544K(56832K)->32864K(90624K) Eden: 16384K(16384K)->0K(18432K) From: 40160K(40448K)->32864K(72192K)
[6.522s][info][gc,heap        ] GC(128) ParOldGen: 956221K(1011200K)->980269K(1011200K)
[6.522s][info][gc,metaspace   ] GC(128) Metaspace: 6301K(6464K)->6301K(6464K) NonClass: 5768K(5824K)->5768K(5824K) Class: 533K(640K)->533K(640K)
[6.522s][info][gc             ] GC(128) Pause Young (Allocation Failure) 989M->989M(1076M) 31.942ms
[6.522s][info][gc,cpu         ] GC(128) User=0.06s Sys=0.00s Real=0.03s
[6.522s][info][gc,start       ] GC(129) Pause Full (Ergonomics)
[6.522s][info][gc,phases,start] GC(129) Marking Phase
[6.800s][info][gc,phases      ] GC(129) Marking Phase 278.378ms
[6.800s][info][gc,phases,start] GC(129) Summary Phase
[6.800s][info][gc,phases      ] GC(129) Summary Phase 0.033ms
[6.800s][info][gc,phases,start] GC(129) Adjust Roots
[6.800s][info][gc,phases      ] GC(129) Adjust Roots 0.218ms
[6.801s][info][gc,phases,start] GC(129) Compaction Phase
[6.926s][info][gc,phases      ] GC(129) Compaction Phase 125.443ms
[6.926s][info][gc,phases,start] GC(129) Post Compact
[6.928s][info][gc,phases      ] GC(129) Post Compact 2.214ms
[6.929s][info][gc,heap        ] GC(129) PSYoungGen: 32864K(90624K)->1029K(93184K) Eden: 0K(18432K)->0K(20992K) From: 32864K(72192K)->1029K(72192K)
[6.929s][info][gc,heap        ] GC(129) ParOldGen: 980269K(1011200K)->1010777K(1134080K)
[6.929s][info][gc,metaspace   ] GC(129) Metaspace: 6301K(6464K)->6301K(6464K) NonClass: 5768K(5824K)->5768K(5824K) Class: 533K(640K)->533K(640K)
[6.929s][info][gc             ] GC(129) Pause Full (Ergonomics) 989M->988M(1198M) 407.136ms
[6.929s][info][gc,cpu         ] GC(129) User=1.36s Sys=0.05s Real=0.41s
[6.952s][info][gc,start       ] GC(130) Pause Young (Allocation Failure)
[7.025s][info][gc,heap        ] GC(130) PSYoungGen: 22021K(93184K)->21600K(96256K) Eden: 20992K(20992K)->0K(20992K) From: 1029K(72192K)->21600K(75264K)
[7.025s][info][gc,heap        ] GC(130) ParOldGen: 1010777K(1134080K)->1011257K(1134080K)
[7.025s][info][gc,metaspace   ] GC(130) Metaspace: 6301K(6464K)->6301K(6464K) NonClass: 5768K(5824K)->5768K(5824K) Class: 533K(640K)->533K(640K)
[7.025s][info][gc             ] GC(130) Pause Young (Allocation Failure) 1008M->1008M(1201M) 72.969ms
[7.025s][info][gc,cpu         ] GC(130) User=0.19s Sys=0.00s Real=0.07s
[7.051s][info][gc,start       ] GC(131) Pause Young (Allocation Failure)
[7.082s][info][gc,heap        ] GC(131) PSYoungGen: 42592K(96256K)->42624K(94720K) Eden: 20992K(20992K)->0K(23552K) From: 21600K(75264K)->42624K(71168K)
[7.082s][info][gc,heap        ] GC(131) ParOldGen: 1011257K(1134080K)->1011257K(1134080K)
[7.083s][info][gc,metaspace   ] GC(131) Metaspace: 6301K(6464K)->6301K(6464K) NonClass: 5768K(5824K)->5768K(5824K) Class: 533K(640K)->533K(640K)
[7.083s][info][gc             ] GC(131) Pause Young (Allocation Failure) 1029M->1029M(1200M) 31.747ms
[7.083s][info][gc,cpu         ] GC(131) User=0.06s Sys=0.00s Real=0.03s
[7.107s][info][gc,start       ] GC(132) Pause Young (Allocation Failure)
[7.148s][info][gc,heap        ] GC(132) PSYoungGen: 66176K(94720K)->66208K(96256K) Eden: 23552K(23552K)->0K(23552K) From: 42624K(71168K)->66208K(72704K)
[7.148s][info][gc,heap        ] GC(132) ParOldGen: 1011257K(1134080K)->1011257K(1134080K)
[7.148s][info][gc,metaspace   ] GC(132) Metaspace: 6301K(6464K)->6301K(6464K) NonClass: 5768K(5824K)->5768K(5824K) Class: 533K(640K)->533K(640K)
[7.148s][info][gc             ] GC(132) Pause Young (Allocation Failure) 1052M->1052M(1201M) 40.820ms
[7.148s][info][gc,cpu         ] GC(132) User=0.11s Sys=0.00s Real=0.04s
[7.176s][info][gc,start       ] GC(133) Pause Young (Allocation Failure)
[7.228s][info][gc,heap        ] GC(133) PSYoungGen: 89760K(96256K)->80384K(92672K) Eden: 23552K(23552K)->0K(12288K) From: 66208K(72704K)->80384K(80384K)
[7.228s][info][gc,heap        ] GC(133) ParOldGen: 1011257K(1134080K)->1020721K(1134080K)
[7.228s][info][gc,metaspace   ] GC(133) Metaspace: 6301K(6464K)->6301K(6464K) NonClass: 5768K(5824K)->5768K(5824K) Class: 533K(640K)->533K(640K)
[7.228s][info][gc             ] GC(133) Pause Young (Allocation Failure) 1075M->1075M(1198M) 51.686ms
[7.228s][info][gc,cpu         ] GC(133) User=0.14s Sys=0.02s Real=0.05s
[7.242s][info][gc,start       ] GC(134) Pause Young (Allocation Failure)
[7.293s][info][gc,heap        ] GC(134) PSYoungGen: 92672K(92672K)->54944K(107008K) Eden: 12288K(12288K)->0K(12288K) From: 80384K(80384K)->54944K(94720K)
[7.293s][info][gc,heap        ] GC(134) ParOldGen: 1020721K(1134080K)->1059009K(1134080K)
[7.293s][info][gc,metaspace   ] GC(134) Metaspace: 6301K(6464K)->6301K(6464K) NonClass: 5768K(5824K)->5768K(5824K) Class: 533K(640K)->533K(640K)
[7.293s][info][gc             ] GC(134) Pause Young (Allocation Failure) 1087M->1087M(1212M) 51.281ms
[7.293s][info][gc,cpu         ] GC(134) User=0.19s Sys=0.00s Real=0.05s
[7.307s][info][gc,start       ] GC(135) Pause Young (Allocation Failure)
[7.349s][info][gc,heap        ] GC(135) PSYoungGen: 67232K(107008K)->24608K(105984K) Eden: 12288K(12288K)->0K(14336K) From: 54944K(94720K)->24608K(91648K)
[7.349s][info][gc,heap        ] GC(135) ParOldGen: 1059009K(1134080K)->1102153K(1134080K)
[7.349s][info][gc,metaspace   ] GC(135) Metaspace: 6301K(6464K)->6301K(6464K) NonClass: 5768K(5824K)->5768K(5824K) Class: 533K(640K)->533K(640K)
[7.349s][info][gc             ] GC(135) Pause Young (Allocation Failure) 1099M->1100M(1211M) 41.411ms
[7.349s][info][gc,cpu         ] GC(135) User=0.12s Sys=0.00s Real=0.04s
[7.349s][info][gc,start       ] GC(136) Pause Full (Ergonomics)
[7.349s][info][gc,phases,start] GC(136) Marking Phase
[7.656s][info][gc,phases      ] GC(136) Marking Phase 307.496ms
[7.656s][info][gc,phases,start] GC(136) Summary Phase
[7.656s][info][gc,phases      ] GC(136) Summary Phase 0.032ms
[7.656s][info][gc,phases,start] GC(136) Adjust Roots
[7.657s][info][gc,phases      ] GC(136) Adjust Roots 0.199ms
[7.657s][info][gc,phases,start] GC(136) Compaction Phase
[7.820s][info][gc,phases      ] GC(136) Compaction Phase 163.064ms
[7.820s][info][gc,phases,start] GC(136) Post Compact
[7.823s][info][gc,phases      ] GC(136) Post Compact 3.052ms
[7.823s][info][gc,heap        ] GC(136) PSYoungGen: 24608K(105984K)->0K(107008K) Eden: 0K(14336K)->0K(14336K) From: 24608K(91648K)->0K(92672K)
[7.823s][info][gc,heap        ] GC(136) ParOldGen: 1102153K(1134080K)->1125284K(1266176K)
[7.823s][info][gc,metaspace   ] GC(136) Metaspace: 6301K(6464K)->6301K(6464K) NonClass: 5768K(5824K)->5768K(5824K) Class: 533K(640K)->533K(640K)
[7.823s][info][gc             ] GC(136) Pause Full (Ergonomics) 1100M->1098M(1341M) 474.701ms
[7.823s][info][gc,cpu         ] GC(136) User=1.61s Sys=0.02s Real=0.47s
[7.839s][info][gc,start       ] GC(137) Pause Young (Allocation Failure)
[7.854s][info][gc,heap        ] GC(137) PSYoungGen: 14336K(107008K)->14368K(108032K) Eden: 14336K(14336K)->0K(15872K) From: 0K(92672K)->14368K(92160K)
[7.854s][info][gc,heap        ] GC(137) ParOldGen: 1125284K(1266176K)->1125284K(1266176K)
[7.854s][info][gc,metaspace   ] GC(137) Metaspace: 6301K(6464K)->6301K(6464K) NonClass: 5768K(5824K)->5768K(5824K) Class: 533K(640K)->533K(640K)
[7.854s][info][gc             ] GC(137) Pause Young (Allocation Failure) 1112M->1112M(1342M) 14.564ms
[7.854s][info][gc,cpu         ] GC(137) User=0.02s Sys=0.00s Real=0.01s
[7.872s][info][gc,start       ] GC(138) Pause Young (Allocation Failure)
[7.893s][info][gc,heap        ] GC(138) PSYoungGen: 30240K(108032K)->30272K(46592K) Eden: 15872K(15872K)->0K(15872K) From: 14368K(92160K)->30272K(30720K)
[7.893s][info][gc,heap        ] GC(138) ParOldGen: 1125284K(1266176K)->1125284K(1266176K)
[7.893s][info][gc,metaspace   ] GC(138) Metaspace: 6301K(6464K)->6301K(6464K) NonClass: 5768K(5824K)->5768K(5824K) Class: 533K(640K)->533K(640K)
[7.893s][info][gc             ] GC(138) Pause Young (Allocation Failure) 1128M->1128M(1282M) 20.600ms
[7.893s][info][gc,cpu         ] GC(138) User=0.06s Sys=0.00s Real=0.02s
[7.912s][info][gc,start       ] GC(139) Pause Young (Allocation Failure)
[7.944s][info][gc,heap        ] GC(139) PSYoungGen: 46144K(46592K)->31808K(99840K) Eden: 15872K(15872K)->0K(17920K) From: 30272K(30720K)->31808K(81920K)
[7.944s][info][gc,heap        ] GC(139) ParOldGen: 1125284K(1266176K)->1139828K(1266176K)
[7.944s][info][gc,metaspace   ] GC(139) Metaspace: 6301K(6464K)->6301K(6464K) NonClass: 5768K(5824K)->5768K(5824K) Class: 533K(640K)->533K(640K)
[7.944s][info][gc             ] GC(139) Pause Young (Allocation Failure) 1143M->1144M(1334M) 31.535ms
[7.944s][info][gc,cpu         ] GC(139) User=0.11s Sys=0.00s Real=0.03s
[7.966s][info][gc,start       ] GC(140) Pause Young (Allocation Failure)
[7.997s][info][gc,heap        ] GC(140) PSYoungGen: 49728K(99840K)->33856K(52224K) Eden: 17920K(17920K)->0K(17920K) From: 31808K(81920K)->33856K(34304K)
[7.997s][info][gc,heap        ] GC(140) ParOldGen: 1139828K(1266176K)->1155932K(1266176K)
[7.997s][info][gc,metaspace   ] GC(140) Metaspace: 6301K(6464K)->6301K(6464K) NonClass: 5768K(5824K)->5768K(5824K) Class: 533K(640K)->533K(640K)
[7.997s][info][gc             ] GC(140) Pause Young (Allocation Failure) 1161M->1161M(1287M) 31.617ms
[7.997s][info][gc,cpu         ] GC(140) User=0.06s Sys=0.00s Real=0.03s
[8.019s][info][gc,start       ] GC(141) Pause Young (Allocation Failure)
[8.059s][info][gc,heap        ] GC(141) PSYoungGen: 51776K(52224K)->35936K(93696K) Eden: 17920K(17920K)->0K(19968K) From: 33856K(34304K)->35936K(73728K)
[8.059s][info][gc,heap        ] GC(141) ParOldGen: 1155932K(1266176K)->1172028K(1266176K)
[8.059s][info][gc,metaspace   ] GC(141) Metaspace: 6301K(6464K)->6301K(6464K) NonClass: 5768K(5824K)->5768K(5824K) Class: 533K(640K)->533K(640K)
[8.059s][info][gc             ] GC(141) Pause Young (Allocation Failure) 1179M->1179M(1328M) 39.510ms
[8.059s][info][gc,cpu         ] GC(141) User=0.08s Sys=0.02s Real=0.04s
[8.085s][info][gc,start       ] GC(142) Pause Young (Allocation Failure)
[8.130s][info][gc,heap        ] GC(142) PSYoungGen: 55904K(93696K)->37984K(58368K) Eden: 19968K(19968K)->0K(19968K) From: 35936K(73728K)->37984K(38400K)
[8.130s][info][gc,heap        ] GC(142) ParOldGen: 1172028K(1266176K)->1190204K(1266176K)
[8.130s][info][gc,metaspace   ] GC(142) Metaspace: 6301K(6464K)->6301K(6464K) NonClass: 5768K(5824K)->5768K(5824K) Class: 533K(640K)->533K(640K)
[8.130s][info][gc             ] GC(142) Pause Young (Allocation Failure) 1199M->1199M(1293M) 45.795ms
[8.130s][info][gc,cpu         ] GC(142) User=0.11s Sys=0.00s Real=0.05s
[8.154s][info][gc,start       ] GC(143) Pause Young (Allocation Failure)
[8.197s][info][gc,heap        ] GC(143) PSYoungGen: 57952K(58368K)->40000K(91136K) Eden: 19968K(19968K)->0K(22528K) From: 37984K(38400K)->40000K(68608K)
[8.197s][info][gc,heap        ] GC(143) ParOldGen: 1190204K(1266176K)->1208380K(1266176K)
[8.197s][info][gc,metaspace   ] GC(143) Metaspace: 6301K(6464K)->6301K(6464K) NonClass: 5768K(5824K)->5768K(5824K) Class: 533K(640K)->533K(640K)
[8.197s][info][gc             ] GC(143) Pause Young (Allocation Failure) 1218M->1219M(1325M) 42.838ms
[8.197s][info][gc,cpu         ] GC(143) User=0.12s Sys=0.00s Real=0.04s
[8.226s][info][gc,start       ] GC(144) Pause Young (Allocation Failure)
[8.269s][info][gc,heap        ] GC(144) PSYoungGen: 62528K(91136K)->42560K(93696K) Eden: 22528K(22528K)->0K(22528K) From: 40000K(68608K)->42560K(71168K)
[8.269s][info][gc,heap        ] GC(144) ParOldGen: 1208380K(1266176K)->1228644K(1266176K)
[8.269s][info][gc,metaspace   ] GC(144) Metaspace: 6301K(6464K)->6301K(6464K) NonClass: 5768K(5824K)->5768K(5824K) Class: 533K(640K)->533K(640K)
[8.269s][info][gc             ] GC(144) Pause Young (Allocation Failure) 1241M->1241M(1328M) 42.772ms
[8.269s][info][gc,cpu         ] GC(144) User=0.11s Sys=0.00s Real=0.04s
[8.269s][info][gc,start       ] GC(145) Pause Full (Ergonomics)
[8.269s][info][gc,phases,start] GC(145) Marking Phase
[8.625s][info][gc,phases      ] GC(145) Marking Phase 356.019ms
[8.625s][info][gc,phases,start] GC(145) Summary Phase
[8.625s][info][gc,phases      ] GC(145) Summary Phase 0.038ms
[8.625s][info][gc,phases,start] GC(145) Adjust Roots
[8.625s][info][gc,phases      ] GC(145) Adjust Roots 0.234ms
[8.625s][info][gc,phases,start] GC(145) Compaction Phase
[8.757s][info][gc,phases      ] GC(145) Compaction Phase 131.308ms
[8.757s][info][gc,phases,start] GC(145) Post Compact
[8.759s][info][gc,phases      ] GC(145) Post Compact 2.132ms
[8.759s][info][gc,heap        ] GC(145) PSYoungGen: 42560K(93696K)->3595K(93696K) Eden: 0K(22528K)->0K(22528K) From: 42560K(71168K)->3595K(71168K)
[8.759s][info][gc,heap        ] GC(145) ParOldGen: 1228644K(1266176K)->1265815K(1401856K)
[8.759s][info][gc,metaspace   ] GC(145) Metaspace: 6301K(6464K)->6301K(6464K) NonClass: 5768K(5824K)->5768K(5824K) Class: 533K(640K)->533K(640K)
[8.759s][info][gc             ] GC(145) Pause Full (Ergonomics) 1241M->1239M(1460M) 490.575ms
[8.759s][info][gc,cpu         ] GC(145) User=1.69s Sys=0.03s Real=0.49s
[8.786s][info][gc,start       ] GC(146) Pause Young (Allocation Failure)
[8.863s][info][gc,heap        ] GC(146) PSYoungGen: 26123K(93696K)->24384K(92672K) Eden: 22528K(22528K)->0K(25088K) From: 3595K(71168K)->24384K(67584K)
[8.863s][info][gc,heap        ] GC(146) ParOldGen: 1265815K(1401856K)->1267703K(1401856K)
[8.863s][info][gc,metaspace   ] GC(146) Metaspace: 6301K(6464K)->6301K(6464K) NonClass: 5768K(5824K)->5768K(5824K) Class: 533K(640K)->533K(640K)
[8.863s][info][gc             ] GC(146) Pause Young (Allocation Failure) 1261M->1261M(1459M) 76.571ms
[8.863s][info][gc,cpu         ] GC(146) User=0.25s Sys=0.00s Real=0.08s
[8.890s][info][gc,start       ] GC(147) Pause Young (Allocation Failure)
[8.920s][info][gc,heap        ] GC(147) PSYoungGen: 49472K(92672K)->41824K(93696K) Eden: 25088K(25088K)->0K(25088K) From: 24384K(67584K)->41824K(68608K)
[8.920s][info][gc,heap        ] GC(147) ParOldGen: 1267703K(1401856K)->1267703K(1401856K)
[8.920s][info][gc,metaspace   ] GC(147) Metaspace: 6301K(6464K)->6301K(6464K) NonClass: 5768K(5824K)->5768K(5824K) Class: 533K(640K)->533K(640K)
[8.920s][info][gc             ] GC(147) Pause Young (Allocation Failure) 1286M->1278M(1460M) 29.496ms
[8.920s][info][gc,cpu         ] GC(147) User=0.06s Sys=0.00s Real=0.03s
[8.940s][info][gc,start       ] GC(148) Pause Young (Allocation Failure)
[8.975s][info][gc,heap        ] GC(148) PSYoungGen: 66912K(93696K)->56256K(90624K) Eden: 25088K(25088K)->0K(23552K) From: 41824K(68608K)->56256K(67072K)
[8.975s][info][gc,heap        ] GC(148) ParOldGen: 1267703K(1401856K)->1267703K(1401856K)
[8.975s][info][gc,metaspace   ] GC(148) Metaspace: 6301K(6464K)->6301K(6464K) NonClass: 5768K(5824K)->5768K(5824K) Class: 533K(640K)->533K(640K)
[8.975s][info][gc             ] GC(148) Pause Young (Allocation Failure) 1303M->1292M(1457M) 34.661ms
[8.975s][info][gc,cpu         ] GC(148) User=0.09s Sys=0.00s Real=0.04s
[9.004s][info][gc,start       ] GC(149) Pause Young (Allocation Failure)
[9.053s][info][gc,heap        ] GC(149) PSYoungGen: 79808K(90624K)->71168K(94720K) Eden: 23552K(23552K)->0K(23552K) From: 56256K(67072K)->71168K(71168K)
[9.053s][info][gc,heap        ] GC(149) ParOldGen: 1267703K(1401856K)->1276383K(1401856K)
[9.053s][info][gc,metaspace   ] GC(149) Metaspace: 6301K(6464K)->6301K(6464K) NonClass: 5768K(5824K)->5768K(5824K) Class: 533K(640K)->533K(640K)
[9.053s][info][gc             ] GC(149) Pause Young (Allocation Failure) 1315M->1315M(1461M) 48.399ms
[9.053s][info][gc,cpu         ] GC(149) User=0.14s Sys=0.00s Real=0.05s
[9.080s][info][gc,start       ] GC(150) Pause Young (Allocation Failure)
[9.136s][info][gc,heap        ] GC(150) PSYoungGen: 94720K(94720K)->57920K(108032K) Eden: 23552K(23552K)->0K(25088K) From: 71168K(71168K)->57920K(82944K)
[9.136s][info][gc,heap        ] GC(150) ParOldGen: 1276383K(1401856K)->1313751K(1401856K)
[9.136s][info][gc,metaspace   ] GC(150) Metaspace: 6301K(6464K)->6301K(6464K) NonClass: 5768K(5824K)->5768K(5824K) Class: 533K(640K)->533K(640K)
[9.136s][info][gc             ] GC(150) Pause Young (Allocation Failure) 1338M->1339M(1474M) 55.912ms
[9.136s][info][gc,cpu         ] GC(150) User=0.17s Sys=0.02s Real=0.06s
[9.168s][info][gc,start       ] GC(151) Pause Young (Allocation Failure)
[9.215s][info][gc,heap        ] GC(151) PSYoungGen: 83008K(108032K)->70176K(109568K) Eden: 25088K(25088K)->0K(25088K) From: 57920K(82944K)->70176K(84480K)
[9.215s][info][gc,heap        ] GC(151) ParOldGen: 1313751K(1401856K)->1326847K(1401856K)
[9.215s][info][gc,metaspace   ] GC(151) Metaspace: 6301K(6464K)->6301K(6464K) NonClass: 5768K(5824K)->5768K(5824K) Class: 533K(640K)->533K(640K)
[9.215s][info][gc             ] GC(151) Pause Young (Allocation Failure) 1364M->1364M(1476M) 47.123ms
[9.215s][info][gc,cpu         ] GC(151) User=0.12s Sys=0.02s Real=0.05s
[9.504s][info][gc,start       ] GC(152) Pause Full (Ergonomics)
[9.504s][info][gc,phases,start] GC(152) Marking Phase
[9.837s][info][gc,phases      ] GC(152) Marking Phase 333.678ms
[9.837s][info][gc,phases,start] GC(152) Summary Phase
[9.837s][info][gc,phases      ] GC(152) Summary Phase 0.032ms
[9.837s][info][gc,phases,start] GC(152) Adjust Roots
[9.838s][info][gc,phases      ] GC(152) Adjust Roots 0.280ms
[9.838s][info][gc,phases,start] GC(152) Compaction Phase
[10.134s][info][gc,phases      ] GC(152) Compaction Phase 296.642ms
[10.134s][info][gc,phases,start] GC(152) Post Compact
[10.137s][info][gc,phases      ] GC(152) Post Compact 3.089ms
[10.138s][info][gc,heap        ] GC(152) PSYoungGen: 95264K(109568K)->52051K(109568K) Eden: 25088K(25088K)->0K(25088K) From: 70176K(84480K)->52051K(84480K)
[10.138s][info][gc,heap        ] GC(152) ParOldGen: 1392383K(1401856K)->1401583K(1547776K)
[10.138s][info][gc,metaspace   ] GC(152) Metaspace: 6301K(6464K)->6301K(6464K) NonClass: 5768K(5824K)->5768K(5824K) Class: 533K(640K)->533K(640K)
[10.138s][info][gc             ] GC(152) Pause Full (Ergonomics) 1452M->1419M(1618M) 634.610ms
[10.138s][info][gc,cpu         ] GC(152) User=2.23s Sys=0.02s Real=0.63s
[10.163s][info][gc,start       ] GC(153) Pause Young (Allocation Failure)
[10.271s][info][gc,heap        ] GC(153) PSYoungGen: 77139K(109568K)->61984K(116224K) Eden: 25088K(25088K)->0K(26624K) From: 52051K(84480K)->61984K(89600K)
[10.271s][info][gc,heap        ] GC(153) ParOldGen: 1401583K(1547776K)->1417127K(1547776K)
[10.271s][info][gc,metaspace   ] GC(153) Metaspace: 6301K(6464K)->6301K(6464K) NonClass: 5768K(5824K)->5768K(5824K) Class: 533K(640K)->533K(640K)
[10.271s][info][gc             ] GC(153) Pause Young (Allocation Failure) 1444M->1444M(1625M) 108.498ms
[10.271s][info][gc,cpu         ] GC(153) User=0.39s Sys=0.02s Real=0.11s
[10.296s][info][gc,start       ] GC(154) Pause Young (Allocation Failure)
[10.349s][info][gc,heap        ] GC(154) PSYoungGen: 88608K(116224K)->88640K(117760K) Eden: 26624K(26624K)->0K(26624K) From: 61984K(89600K)->88640K(91136K)
[10.349s][info][gc,heap        ] GC(154) ParOldGen: 1417127K(1547776K)->1417127K(1547776K)
[10.349s][info][gc,metaspace   ] GC(154) Metaspace: 6301K(6464K)->6301K(6464K) NonClass: 5768K(5824K)->5768K(5824K) Class: 533K(640K)->533K(640K)
[10.349s][info][gc             ] GC(154) Pause Young (Allocation Failure) 1470M->1470M(1626M) 52.476ms
[10.349s][info][gc,cpu         ] GC(154) User=0.17s Sys=0.02s Real=0.05s
[10.374s][info][gc,start       ] GC(155) Pause Young (Allocation Failure)
[10.446s][info][gc,heap        ] GC(155) PSYoungGen: 115264K(117760K)->96992K(119296K) Eden: 26624K(26624K)->0K(17920K) From: 88640K(91136K)->96992K(101376K)
[10.446s][info][gc,heap        ] GC(155) ParOldGen: 1417127K(1547776K)->1435655K(1547776K)
[10.446s][info][gc,metaspace   ] GC(155) Metaspace: 6301K(6464K)->6301K(6464K) NonClass: 5768K(5824K)->5768K(5824K) Class: 533K(640K)->533K(640K)
[10.446s][info][gc             ] GC(155) Pause Young (Allocation Failure) 1496M->1496M(1628M) 72.307ms
[10.446s][info][gc,cpu         ] GC(155) User=0.22s Sys=0.05s Real=0.07s
[10.465s][info][gc,start       ] GC(156) Pause Young (Allocation Failure)
[10.532s][info][gc,heap        ] GC(156) PSYoungGen: 114912K(119296K)->71296K(131072K) Eden: 17920K(17920K)->0K(17920K) From: 96992K(101376K)->71296K(113152K)
[10.532s][info][gc,heap        ] GC(156) ParOldGen: 1435655K(1547776K)->1479823K(1547776K)
[10.532s][info][gc,metaspace   ] GC(156) Metaspace: 6301K(6464K)->6301K(6464K) NonClass: 5768K(5824K)->5768K(5824K) Class: 533K(640K)->533K(640K)
[10.532s][info][gc             ] GC(156) Pause Young (Allocation Failure) 1514M->1514M(1639M) 67.516ms
[10.532s][info][gc,cpu         ] GC(156) User=0.23s Sys=0.02s Real=0.07s
[10.551s][info][gc,start       ] GC(157) Pause Young (Allocation Failure)
[10.604s][info][gc,heap        ] GC(157) PSYoungGen: 89216K(131072K)->35904K(130048K) Eden: 17920K(17920K)->0K(20480K) From: 71296K(113152K)->35904K(109568K)
[10.604s][info][gc,heap        ] GC(157) ParOldGen: 1479823K(1547776K)->1533799K(1547776K)
[10.604s][info][gc,metaspace   ] GC(157) Metaspace: 6301K(6464K)->6301K(6464K) NonClass: 5768K(5824K)->5768K(5824K) Class: 533K(640K)->533K(640K)
[10.604s][info][gc             ] GC(157) Pause Young (Allocation Failure) 1532M->1532M(1638M) 52.419ms
[10.604s][info][gc,cpu         ] GC(157) User=0.19s Sys=0.02s Real=0.05s
[10.604s][info][gc,start       ] GC(158) Pause Full (Ergonomics)
[10.604s][info][gc,phases,start] GC(158) Marking Phase
[10.965s][info][gc,phases      ] GC(158) Marking Phase 361.099ms
[10.965s][info][gc,phases,start] GC(158) Summary Phase
[10.965s][info][gc,phases      ] GC(158) Summary Phase 0.027ms
[10.965s][info][gc,phases,start] GC(158) Adjust Roots
[10.965s][info][gc,phases      ] GC(158) Adjust Roots 0.210ms
[10.965s][info][gc,phases,start] GC(158) Compaction Phase
[11.125s][info][gc,phases      ] GC(158) Compaction Phase 159.419ms
[11.125s][info][gc,phases,start] GC(158) Post Compact
[11.128s][info][gc,phases      ] GC(158) Post Compact 2.907ms
[11.129s][info][gc,heap        ] GC(158) PSYoungGen: 35904K(130048K)->19934K(131584K) Eden: 0K(20480K)->0K(22016K) From: 35904K(109568K)->19934K(109568K)
[11.129s][info][gc,heap        ] GC(158) ParOldGen: 1533799K(1547776K)->1547721K(1707008K)
[11.129s][info][gc,metaspace   ] GC(158) Metaspace: 6301K(6464K)->6301K(6464K) NonClass: 5768K(5824K)->5768K(5824K) Class: 533K(640K)->533K(640K)
[11.129s][info][gc             ] GC(158) Pause Full (Ergonomics) 1532M->1530M(1795M) 525.512ms
[11.129s][info][gc,cpu         ] GC(158) User=1.89s Sys=0.02s Real=0.53s
[11.152s][info][gc,start       ] GC(159) Pause Young (Allocation Failure)
[11.255s][info][gc,heap        ] GC(159) PSYoungGen: 41950K(131584K)->22080K(133120K) Eden: 22016K(22016K)->0K(22016K) From: 19934K(109568K)->22080K(111104K)
[11.256s][info][gc,heap        ] GC(159) ParOldGen: 1547721K(1707008K)->1567993K(1707008K)
[11.256s][info][gc,metaspace   ] GC(159) Metaspace: 6301K(6464K)->6301K(6464K) NonClass: 5768K(5824K)->5768K(5824K) Class: 533K(640K)->533K(640K)
[11.256s][info][gc             ] GC(159) Pause Young (Allocation Failure) 1552M->1552M(1797M) 103.905ms
[11.256s][info][gc,cpu         ] GC(159) User=0.31s Sys=0.02s Real=0.10s
[11.278s][info][gc,start       ] GC(160) Pause Young (Allocation Failure)
[11.320s][info][gc,heap        ] GC(160) PSYoungGen: 44096K(133120K)->22112K(136192K) Eden: 22016K(22016K)->0K(25088K) From: 22080K(111104K)->22112K(111104K)
[11.320s][info][gc,heap        ] GC(160) ParOldGen: 1567993K(1707008K)->1590337K(1707008K)
[11.320s][info][gc,metaspace   ] GC(160) Metaspace: 6301K(6464K)->6301K(6464K) NonClass: 5768K(5824K)->5768K(5824K) Class: 533K(640K)->533K(640K)
[11.320s][info][gc             ] GC(160) Pause Young (Allocation Failure) 1574M->1574M(1800M) 42.202ms
[11.320s][info][gc,cpu         ] GC(160) User=0.09s Sys=0.05s Real=0.04s
[11.345s][info][gc,start       ] GC(161) Pause Young (Allocation Failure)
[11.382s][info][gc,heap        ] GC(161) PSYoungGen: 47200K(136192K)->25216K(136192K) Eden: 25088K(25088K)->0K(25088K) From: 22112K(111104K)->25216K(111104K)
[11.382s][info][gc,heap        ] GC(161) ParOldGen: 1590337K(1707008K)->1612689K(1707008K)
[11.382s][info][gc,metaspace   ] GC(161) Metaspace: 6301K(6464K)->6301K(6464K) NonClass: 5768K(5824K)->5768K(5824K) Class: 533K(640K)->533K(640K)
[11.382s][info][gc             ] GC(161) Pause Young (Allocation Failure) 1599M->1599M(1800M) 37.735ms
[11.382s][info][gc,cpu         ] GC(161) User=0.11s Sys=0.02s Real=0.04s
[11.408s][info][gc,start       ] GC(162) Pause Young (Allocation Failure)
[11.449s][info][gc,heap        ] GC(162) PSYoungGen: 50304K(136192K)->25184K(132096K) Eden: 25088K(25088K)->0K(28160K) From: 25216K(111104K)->25184K(103936K)
[11.449s][info][gc,heap        ] GC(162) ParOldGen: 1612689K(1707008K)->1638153K(1707008K)
[11.449s][info][gc,metaspace   ] GC(162) Metaspace: 6301K(6464K)->6301K(6464K) NonClass: 5768K(5824K)->5768K(5824K) Class: 533K(640K)->533K(640K)
[11.449s][info][gc             ] GC(162) Pause Young (Allocation Failure) 1624M->1624M(1796M) 41.290ms
[11.449s][info][gc,cpu         ] GC(162) User=0.14s Sys=0.00s Real=0.04s
[11.477s][info][gc,start       ] GC(163) Pause Young (Allocation Failure)
[11.521s][info][gc,heap        ] GC(163) PSYoungGen: 53344K(132096K)->28256K(134656K) Eden: 28160K(28160K)->0K(28160K) From: 25184K(103936K)->28256K(106496K)
[11.521s][info][gc,heap        ] GC(163) ParOldGen: 1638153K(1707008K)->1663617K(1707008K)
[11.521s][info][gc,metaspace   ] GC(163) Metaspace: 6301K(6464K)->6301K(6464K) NonClass: 5768K(5824K)->5768K(5824K) Class: 533K(640K)->533K(640K)
[11.521s][info][gc             ] GC(163) Pause Young (Allocation Failure) 1651M->1652M(1798M) 44.200ms
[11.521s][info][gc,cpu         ] GC(163) User=0.12s Sys=0.00s Real=0.04s
[11.522s][info][gc,start       ] GC(164) Pause Full (Ergonomics)
[11.522s][info][gc,phases,start] GC(164) Marking Phase
[11.955s][info][gc,phases      ] GC(164) Marking Phase 433.905ms
[11.956s][info][gc,phases,start] GC(164) Summary Phase
[11.956s][info][gc,phases      ] GC(164) Summary Phase 0.041ms
[11.956s][info][gc,phases,start] GC(164) Adjust Roots
[11.956s][info][gc,phases      ] GC(164) Adjust Roots 0.195ms
[11.956s][info][gc,phases,start] GC(164) Compaction Phase
[12.130s][info][gc,phases      ] GC(164) Compaction Phase 174.095ms
[12.130s][info][gc,phases,start] GC(164) Post Compact
[12.133s][info][gc,phases      ] GC(164) Post Compact 3.333ms
[12.133s][info][gc,heap        ] GC(164) PSYoungGen: 28256K(134656K)->0K(135168K) Eden: 0K(28160K)->0K(31744K) From: 28256K(106496K)->0K(103424K)
[12.133s][info][gc,heap        ] GC(164) ParOldGen: 1663617K(1707008K)->1689872K(1707008K)
[12.133s][info][gc,metaspace   ] GC(164) Metaspace: 6301K(6464K)->6301K(6464K) NonClass: 5768K(5824K)->5768K(5824K) Class: 533K(640K)->533K(640K)
[12.134s][info][gc             ] GC(164) Pause Full (Ergonomics) 1652M->1650M(1799M) 611.995ms
[12.134s][info][gc,cpu         ] GC(164) User=2.38s Sys=0.05s Real=0.61s
[12.165s][info][gc,start       ] GC(165) Pause Full (Ergonomics)
[12.165s][info][gc,phases,start] GC(165) Marking Phase
[12.588s][info][gc,phases      ] GC(165) Marking Phase 422.978ms
[12.588s][info][gc,phases,start] GC(165) Summary Phase
[12.588s][info][gc,phases      ] GC(165) Summary Phase 0.030ms
[12.588s][info][gc,phases,start] GC(165) Adjust Roots
[12.588s][info][gc,phases      ] GC(165) Adjust Roots 0.208ms
[12.588s][info][gc,phases,start] GC(165) Compaction Phase
[12.733s][info][gc,phases      ] GC(165) Compaction Phase 145.053ms
[12.734s][info][gc,phases,start] GC(165) Post Compact
[12.736s][info][gc,phases      ] GC(165) Post Compact 2.921ms
[12.737s][info][gc,heap        ] GC(165) PSYoungGen: 31744K(135168K)->14833K(135168K) Eden: 31744K(31744K)->14833K(31744K) From: 0K(103424K)->0K(103424K)
[12.737s][info][gc,heap        ] GC(165) ParOldGen: 1689872K(1707008K)->1706753K(1707008K)
[12.737s][info][gc,metaspace   ] GC(165) Metaspace: 6301K(6464K)->6301K(6464K) NonClass: 5768K(5824K)->5768K(5824K) Class: 533K(640K)->533K(640K)
[12.737s][info][gc             ] GC(165) Pause Full (Ergonomics) 1681M->1681M(1799M) 571.649ms
[12.737s][info][gc,cpu         ] GC(165) User=2.16s Sys=0.02s Real=0.57s
[12.755s][info][gc,start       ] GC(166) Pause Full (Ergonomics)
[12.755s][info][gc,phases,start] GC(166) Marking Phase
[13.189s][info][gc,phases      ] GC(166) Marking Phase 433.885ms
[13.189s][info][gc,phases,start] GC(166) Summary Phase
[13.189s][info][gc,phases      ] GC(166) Summary Phase 0.033ms
[13.189s][info][gc,phases,start] GC(166) Adjust Roots
[13.189s][info][gc,phases      ] GC(166) Adjust Roots 0.203ms
[13.189s][info][gc,phases,start] GC(166) Compaction Phase
[13.322s][info][gc,phases      ] GC(166) Compaction Phase 132.253ms
[13.322s][info][gc,phases,start] GC(166) Post Compact
[13.324s][info][gc,phases      ] GC(166) Post Compact 2.699ms
[13.324s][info][gc,heap        ] GC(166) PSYoungGen: 31744K(135168K)->31727K(135168K) Eden: 31744K(31744K)->31727K(31744K) From: 0K(103424K)->0K(103424K)
[13.324s][info][gc,heap        ] GC(166) ParOldGen: 1706753K(1707008K)->1706753K(1707008K)
[13.324s][info][gc,metaspace   ] GC(166) Metaspace: 6301K(6464K)->6301K(6464K) NonClass: 5768K(5824K)->5768K(5824K) Class: 533K(640K)->533K(640K)
[13.325s][info][gc             ] GC(166) Pause Full (Ergonomics) 1697M->1697M(1799M) 569.434ms
[13.325s][info][gc,cpu         ] GC(166) User=2.17s Sys=0.00s Real=0.57s
[13.325s][info][gc,start       ] GC(167) Pause Full (Ergonomics)
[13.325s][info][gc,phases,start] GC(167) Marking Phase
[13.755s][info][gc,phases      ] GC(167) Marking Phase 430.566ms
[13.755s][info][gc,phases,start] GC(167) Summary Phase
[13.755s][info][gc,phases      ] GC(167) Summary Phase 0.033ms
[13.755s][info][gc,phases,start] GC(167) Adjust Roots
[13.756s][info][gc,phases      ] GC(167) Adjust Roots 0.208ms
[13.756s][info][gc,phases,start] GC(167) Compaction Phase
[13.882s][info][gc,phases      ] GC(167) Compaction Phase 126.045ms
[13.882s][info][gc,phases,start] GC(167) Post Compact
[13.885s][info][gc,phases      ] GC(167) Post Compact 3.006ms
[13.885s][info][gc,heap        ] GC(167) PSYoungGen: 31744K(135168K)->31743K(135168K) Eden: 31744K(31744K)->31743K(31744K) From: 0K(103424K)->0K(103424K)
[13.885s][info][gc,heap        ] GC(167) ParOldGen: 1706753K(1707008K)->1706753K(1707008K)
[13.885s][info][gc,metaspace   ] GC(167) Metaspace: 6301K(6464K)->6301K(6464K) NonClass: 5768K(5824K)->5768K(5824K) Class: 533K(640K)->533K(640K)
[13.885s][info][gc             ] GC(167) Pause Full (Ergonomics) 1697M->1697M(1799M) 560.192ms
[13.885s][info][gc,cpu         ] GC(167) User=2.17s Sys=0.00s Real=0.56s
[13.885s][info][gc,start       ] GC(168) Pause Full (Ergonomics)
[13.885s][info][gc,phases,start] GC(168) Marking Phase
[14.325s][info][gc,phases      ] GC(168) Marking Phase 440.130ms
[14.325s][info][gc,phases,start] GC(168) Summary Phase
[14.325s][info][gc,phases      ] GC(168) Summary Phase 0.029ms
[14.325s][info][gc,phases,start] GC(168) Adjust Roots
[14.326s][info][gc,phases      ] GC(168) Adjust Roots 0.198ms
[14.326s][info][gc,phases,start] GC(168) Compaction Phase
[14.455s][info][gc,phases      ] GC(168) Compaction Phase 129.577ms
[14.455s][info][gc,phases,start] GC(168) Post Compact
[14.458s][info][gc,phases      ] GC(168) Post Compact 2.734ms
[14.458s][info][gc,heap        ] GC(168) PSYoungGen: 31743K(135168K)->31743K(135168K) Eden: 31743K(31744K)->31743K(31744K) From: 0K(103424K)->0K(103424K)
[14.458s][info][gc,heap        ] GC(168) ParOldGen: 1706753K(1707008K)->1706753K(1707008K)
[14.458s][info][gc,metaspace   ] GC(168) Metaspace: 6301K(6464K)->6301K(6464K) NonClass: 5768K(5824K)->5768K(5824K) Class: 533K(640K)->533K(640K)
[14.458s][info][gc             ] GC(168) Pause Full (Ergonomics) 1697M->1697M(1799M) 573.060ms
[14.458s][info][gc,cpu         ] GC(168) User=2.16s Sys=0.00s Real=0.57s
[14.459s][info][gc,start       ] GC(169) Pause Full (Ergonomics)
[14.459s][info][gc,phases,start] GC(169) Marking Phase
[14.933s][info][gc,phases      ] GC(169) Marking Phase 474.710ms
[14.933s][info][gc,phases,start] GC(169) Summary Phase
[14.933s][info][gc,phases      ] GC(169) Summary Phase 0.033ms
[14.933s][info][gc,phases,start] GC(169) Adjust Roots
[14.934s][info][gc,phases      ] GC(169) Adjust Roots 0.232ms
[14.934s][info][gc,phases,start] GC(169) Compaction Phase
[15.068s][info][gc,phases      ] GC(169) Compaction Phase 134.592ms
[15.068s][info][gc,phases,start] GC(169) Post Compact
[15.071s][info][gc,phases      ] GC(169) Post Compact 2.956ms
[15.071s][info][gc,heap        ] GC(169) PSYoungGen: 31743K(135168K)->31743K(135168K) Eden: 31743K(31744K)->31743K(31744K) From: 0K(103424K)->0K(103424K)
[15.071s][info][gc,heap        ] GC(169) ParOldGen: 1706758K(1707008K)->1706758K(1707008K)
[15.071s][info][gc,metaspace   ] GC(169) Metaspace: 6301K(6464K)->6301K(6464K) NonClass: 5768K(5824K)->5768K(5824K) Class: 533K(640K)->533K(640K)
[15.071s][info][gc             ] GC(169) Pause Full (Ergonomics) 1697M->1697M(1799M) 612.878ms
[15.071s][info][gc,cpu         ] GC(169) User=2.38s Sys=0.00s Real=0.61s
[15.072s][info][gc,start       ] GC(170) Pause Full (Ergonomics)
[15.072s][info][gc,phases,start] GC(170) Marking Phase
[15.493s][info][gc,phases      ] GC(170) Marking Phase 421.545ms
[15.493s][info][gc,phases,start] GC(170) Summary Phase
[15.493s][info][gc,phases      ] GC(170) Summary Phase 0.033ms
[15.493s][info][gc,phases,start] GC(170) Adjust Roots
[15.494s][info][gc,phases      ] GC(170) Adjust Roots 0.207ms
[15.494s][info][gc,phases,start] GC(170) Compaction Phase
[15.620s][info][gc,phases      ] GC(170) Compaction Phase 126.393ms
[15.620s][info][gc,phases,start] GC(170) Post Compact
[15.623s][info][gc,phases      ] GC(170) Post Compact 2.593ms
[15.623s][info][gc,heap        ] GC(170) PSYoungGen: 31743K(135168K)->31743K(135168K) Eden: 31743K(31744K)->31743K(31744K) From: 0K(103424K)->0K(103424K)
[15.623s][info][gc,heap        ] GC(170) ParOldGen: 1706762K(1707008K)->1706762K(1707008K)
[15.623s][info][gc,metaspace   ] GC(170) Metaspace: 6301K(6464K)->6301K(6464K) NonClass: 5768K(5824K)->5768K(5824K) Class: 533K(640K)->533K(640K)
[15.623s][info][gc             ] GC(170) Pause Full (Ergonomics) 1697M->1697M(1799M) 551.098ms
[15.623s][info][gc,cpu         ] GC(170) User=2.08s Sys=0.00s Real=0.55s
[15.623s][info][gc,start       ] GC(171) Pause Full (Ergonomics)
[15.623s][info][gc,phases,start] GC(171) Marking Phase
[16.121s][info][gc,phases      ] GC(171) Marking Phase 497.915ms
[16.121s][info][gc,phases,start] GC(171) Summary Phase
[16.121s][info][gc,phases      ] GC(171) Summary Phase 0.031ms
[16.121s][info][gc,phases,start] GC(171) Adjust Roots
[16.122s][info][gc,phases      ] GC(171) Adjust Roots 0.209ms
[16.122s][info][gc,phases,start] GC(171) Compaction Phase
[16.251s][info][gc,phases      ] GC(171) Compaction Phase 129.788ms
[16.251s][info][gc,phases,start] GC(171) Post Compact
[16.254s][info][gc,phases      ] GC(171) Post Compact 2.753ms
[16.254s][info][gc,heap        ] GC(171) PSYoungGen: 31743K(135168K)->31743K(135168K) Eden: 31743K(31744K)->31743K(31744K) From: 0K(103424K)->0K(103424K)
[16.254s][info][gc,heap        ] GC(171) ParOldGen: 1706767K(1707008K)->1706767K(1707008K)
[16.254s][info][gc,metaspace   ] GC(171) Metaspace: 6301K(6464K)->6301K(6464K) NonClass: 5768K(5824K)->5768K(5824K) Class: 533K(640K)->533K(640K)
[16.254s][info][gc             ] GC(171) Pause Full (Ergonomics) 1697M->1697M(1799M) 631.072ms
[16.254s][info][gc,cpu         ] GC(171) User=2.44s Sys=0.00s Real=0.63s
[16.255s][info][gc,start       ] GC(172) Pause Full (Ergonomics)
[16.255s][info][gc,phases,start] GC(172) Marking Phase
[16.725s][info][gc,phases      ] GC(172) Marking Phase 469.969ms
[16.725s][info][gc,phases,start] GC(172) Summary Phase
[16.725s][info][gc,phases      ] GC(172) Summary Phase 0.030ms
[16.725s][info][gc,phases,start] GC(172) Adjust Roots
[16.725s][info][gc,phases      ] GC(172) Adjust Roots 0.205ms
[16.725s][info][gc,phases,start] GC(172) Compaction Phase
[16.867s][info][gc,phases      ] GC(172) Compaction Phase 141.724ms
[16.867s][info][gc,phases,start] GC(172) Post Compact
[16.870s][info][gc,phases      ] GC(172) Post Compact 2.727ms
[16.870s][info][gc,heap        ] GC(172) PSYoungGen: 31743K(135168K)->31743K(135168K) Eden: 31743K(31744K)->31743K(31744K) From: 0K(103424K)->0K(103424K)
[16.870s][info][gc,heap        ] GC(172) ParOldGen: 1706772K(1707008K)->1706772K(1707008K)
[16.870s][info][gc,metaspace   ] GC(172) Metaspace: 6301K(6464K)->6301K(6464K) NonClass: 5768K(5824K)->5768K(5824K) Class: 533K(640K)->533K(640K)
[16.870s][info][gc             ] GC(172) Pause Full (Ergonomics) 1697M->1697M(1799M) 615.120ms
[16.870s][info][gc,cpu         ] GC(172) User=2.34s Sys=0.06s Real=0.62s
[16.870s][info][gc,start       ] GC(173) Pause Full (Ergonomics)
[16.870s][info][gc,phases,start] GC(173) Marking Phase
[17.284s][info][gc,phases      ] GC(173) Marking Phase 413.848ms
[17.284s][info][gc,phases,start] GC(173) Summary Phase
[17.284s][info][gc,phases      ] GC(173) Summary Phase 0.025ms
[17.284s][info][gc,phases,start] GC(173) Adjust Roots
[17.284s][info][gc,phases      ] GC(173) Adjust Roots 0.188ms
[17.284s][info][gc,phases,start] GC(173) Compaction Phase
[17.415s][info][gc,phases      ] GC(173) Compaction Phase 130.973ms
[17.415s][info][gc,phases,start] GC(173) Post Compact
[17.418s][info][gc,phases      ] GC(173) Post Compact 2.665ms
[17.418s][info][gc,heap        ] GC(173) PSYoungGen: 31743K(135168K)->31743K(135168K) Eden: 31743K(31744K)->31743K(31744K) From: 0K(103424K)->0K(103424K)
[17.418s][info][gc,heap        ] GC(173) ParOldGen: 1706776K(1707008K)->1706776K(1707008K)
[17.418s][info][gc,metaspace   ] GC(173) Metaspace: 6301K(6464K)->6301K(6464K) NonClass: 5768K(5824K)->5768K(5824K) Class: 533K(640K)->533K(640K)
[17.418s][info][gc             ] GC(173) Pause Full (Ergonomics) 1697M->1697M(1799M) 548.016ms
[17.418s][info][gc,cpu         ] GC(173) User=2.02s Sys=0.00s Real=0.55s
[17.418s][info][gc,start       ] GC(174) Pause Full (Ergonomics)
[17.418s][info][gc,phases,start] GC(174) Marking Phase
[17.855s][info][gc,phases      ] GC(174) Marking Phase 436.410ms
[17.855s][info][gc,phases,start] GC(174) Summary Phase
[17.855s][info][gc,phases      ] GC(174) Summary Phase 0.029ms
[17.855s][info][gc,phases,start] GC(174) Adjust Roots
[17.855s][info][gc,phases      ] GC(174) Adjust Roots 0.189ms
[17.855s][info][gc,phases,start] GC(174) Compaction Phase
[17.997s][info][gc,phases      ] GC(174) Compaction Phase 141.616ms
[17.997s][info][gc,phases,start] GC(174) Post Compact
[18.000s][info][gc,phases      ] GC(174) Post Compact 3.380ms
[18.000s][info][gc,heap        ] GC(174) PSYoungGen: 31743K(135168K)->31743K(135168K) Eden: 31743K(31744K)->31743K(31744K) From: 0K(103424K)->0K(103424K)
[18.000s][info][gc,heap        ] GC(174) ParOldGen: 1706781K(1707008K)->1706781K(1707008K)
[18.000s][info][gc,metaspace   ] GC(174) Metaspace: 6301K(6464K)->6301K(6464K) NonClass: 5768K(5824K)->5768K(5824K) Class: 533K(640K)->533K(640K)
[18.000s][info][gc             ] GC(174) Pause Full (Ergonomics) 1697M->1697M(1799M) 582.029ms
[18.000s][info][gc,cpu         ] GC(174) User=2.17s Sys=0.00s Real=0.58s
[18.001s][info][gc,start       ] GC(175) Pause Full (Ergonomics)
[18.001s][info][gc,phases,start] GC(175) Marking Phase
[18.493s][info][gc,phases      ] GC(175) Marking Phase 491.929ms
[18.493s][info][gc,phases,start] GC(175) Summary Phase
[18.493s][info][gc,phases      ] GC(175) Summary Phase 0.033ms
[18.493s][info][gc,phases,start] GC(175) Adjust Roots
[18.493s][info][gc,phases      ] GC(175) Adjust Roots 0.214ms
[18.493s][info][gc,phases,start] GC(175) Compaction Phase
[18.625s][info][gc,phases      ] GC(175) Compaction Phase 131.550ms
[18.625s][info][gc,phases,start] GC(175) Post Compact
[18.628s][info][gc,phases      ] GC(175) Post Compact 3.227ms
[18.628s][info][gc,heap        ] GC(175) PSYoungGen: 31743K(135168K)->31743K(135168K) Eden: 31743K(31744K)->31743K(31744K) From: 0K(103424K)->0K(103424K)
[18.628s][info][gc,heap        ] GC(175) ParOldGen: 1706786K(1707008K)->1706786K(1707008K)
[18.628s][info][gc,metaspace   ] GC(175) Metaspace: 6301K(6464K)->6301K(6464K) NonClass: 5768K(5824K)->5768K(5824K) Class: 533K(640K)->533K(640K)
[18.628s][info][gc             ] GC(175) Pause Full (Ergonomics) 1697M->1697M(1799M) 627.337ms
[18.628s][info][gc,cpu         ] GC(175) User=2.39s Sys=0.00s Real=0.63s
[18.628s][info][gc,start       ] GC(176) Pause Full (Ergonomics)
[18.628s][info][gc,phases,start] GC(176) Marking Phase
[19.062s][info][gc,phases      ] GC(176) Marking Phase 434.159ms
[19.063s][info][gc,phases,start] GC(176) Summary Phase
[19.063s][info][gc,phases      ] GC(176) Summary Phase 0.033ms
[19.063s][info][gc,phases,start] GC(176) Adjust Roots
[19.063s][info][gc,phases      ] GC(176) Adjust Roots 0.214ms
[19.063s][info][gc,phases,start] GC(176) Compaction Phase
[19.194s][info][gc,phases      ] GC(176) Compaction Phase 131.119ms
[19.194s][info][gc,phases,start] GC(176) Post Compact
[19.197s][info][gc,phases      ] GC(176) Post Compact 2.808ms
[19.197s][info][gc,heap        ] GC(176) PSYoungGen: 31743K(135168K)->31743K(135168K) Eden: 31743K(31744K)->31743K(31744K) From: 0K(103424K)->0K(103424K)
[19.197s][info][gc,heap        ] GC(176) ParOldGen: 1706790K(1707008K)->1706790K(1707008K)
[19.197s][info][gc,metaspace   ] GC(176) Metaspace: 6301K(6464K)->6301K(6464K) NonClass: 5768K(5824K)->5768K(5824K) Class: 533K(640K)->533K(640K)
[19.197s][info][gc             ] GC(176) Pause Full (Ergonomics) 1697M->1697M(1799M) 568.710ms
[19.197s][info][gc,cpu         ] GC(176) User=2.23s Sys=0.00s Real=0.57s
[19.197s][info][gc,start       ] GC(177) Pause Full (Ergonomics)
[19.197s][info][gc,phases,start] GC(177) Marking Phase
[19.645s][info][gc,phases      ] GC(177) Marking Phase 448.171ms
[19.646s][info][gc,phases,start] GC(177) Summary Phase
[19.646s][info][gc,phases      ] GC(177) Summary Phase 0.034ms
[19.646s][info][gc,phases,start] GC(177) Adjust Roots
[19.646s][info][gc,phases      ] GC(177) Adjust Roots 0.218ms
[19.646s][info][gc,phases,start] GC(177) Compaction Phase
[19.778s][info][gc,phases      ] GC(177) Compaction Phase 132.433ms
[19.778s][info][gc,phases,start] GC(177) Post Compact
[19.781s][info][gc,phases      ] GC(177) Post Compact 2.728ms
[19.781s][info][gc,heap        ] GC(177) PSYoungGen: 31743K(135168K)->31743K(135168K) Eden: 31743K(31744K)->31743K(31744K) From: 0K(103424K)->0K(103424K)
[19.781s][info][gc,heap        ] GC(177) ParOldGen: 1706795K(1707008K)->1706795K(1707008K)
[19.781s][info][gc,metaspace   ] GC(177) Metaspace: 6301K(6464K)->6301K(6464K) NonClass: 5768K(5824K)->5768K(5824K) Class: 533K(640K)->533K(640K)
[19.781s][info][gc             ] GC(177) Pause Full (Ergonomics) 1697M->1697M(1799M) 583.930ms
[19.781s][info][gc,cpu         ] GC(177) User=2.27s Sys=0.00s Real=0.58s
[19.782s][info][gc,start       ] GC(178) Pause Full (Ergonomics)
[19.782s][info][gc,phases,start] GC(178) Marking Phase
[20.217s][info][gc,phases      ] GC(178) Marking Phase 435.384ms
[20.217s][info][gc,phases,start] GC(178) Summary Phase
[20.217s][info][gc,phases      ] GC(178) Summary Phase 0.033ms
[20.217s][info][gc,phases,start] GC(178) Adjust Roots
[20.217s][info][gc,phases      ] GC(178) Adjust Roots 0.215ms
[20.217s][info][gc,phases,start] GC(178) Compaction Phase
[20.348s][info][gc,phases      ] GC(178) Compaction Phase 130.192ms
[20.348s][info][gc,phases,start] GC(178) Post Compact
[20.350s][info][gc,phases      ] GC(178) Post Compact 2.762ms
[20.350s][info][gc,heap        ] GC(178) PSYoungGen: 31743K(135168K)->31743K(135168K) Eden: 31743K(31744K)->31743K(31744K) From: 0K(103424K)->0K(103424K)
[20.350s][info][gc,heap        ] GC(178) ParOldGen: 1706800K(1707008K)->1706800K(1707008K)
[20.350s][info][gc,metaspace   ] GC(178) Metaspace: 6301K(6464K)->6301K(6464K) NonClass: 5768K(5824K)->5768K(5824K) Class: 533K(640K)->533K(640K)
[20.350s][info][gc             ] GC(178) Pause Full (Ergonomics) 1697M->1697M(1799M) 568.947ms
[20.351s][info][gc,cpu         ] GC(178) User=2.22s Sys=0.00s Real=0.57s
[20.351s][info][gc,start       ] GC(179) Pause Full (Ergonomics)
[20.351s][info][gc,phases,start] GC(179) Marking Phase
[20.781s][info][gc,phases      ] GC(179) Marking Phase 430.401ms
[20.781s][info][gc,phases,start] GC(179) Summary Phase
[20.781s][info][gc,phases      ] GC(179) Summary Phase 0.026ms
[20.781s][info][gc,phases,start] GC(179) Adjust Roots
[20.782s][info][gc,phases      ] GC(179) Adjust Roots 0.184ms
[20.782s][info][gc,phases,start] GC(179) Compaction Phase
[20.909s][info][gc,phases      ] GC(179) Compaction Phase 127.915ms
[20.910s][info][gc,phases,start] GC(179) Post Compact
[20.913s][info][gc,phases      ] GC(179) Post Compact 3.252ms
[20.913s][info][gc,heap        ] GC(179) PSYoungGen: 31743K(135168K)->31743K(135168K) Eden: 31743K(31744K)->31743K(31744K) From: 0K(103424K)->0K(103424K)
[20.913s][info][gc,heap        ] GC(179) ParOldGen: 1706804K(1707008K)->1706804K(1707008K)
[20.913s][info][gc,metaspace   ] GC(179) Metaspace: 6301K(6464K)->6301K(6464K) NonClass: 5768K(5824K)->5768K(5824K) Class: 533K(640K)->533K(640K)
[20.913s][info][gc             ] GC(179) Pause Full (Ergonomics) 1697M->1697M(1799M) 562.155ms
[20.913s][info][gc,cpu         ] GC(179) User=2.03s Sys=0.00s Real=0.56s
[20.913s][info][gc,start       ] GC(180) Pause Full (Ergonomics)
[20.913s][info][gc,phases,start] GC(180) Marking Phase
[21.341s][info][gc,phases      ] GC(180) Marking Phase 427.453ms
[21.341s][info][gc,phases,start] GC(180) Summary Phase
[21.341s][info][gc,phases      ] GC(180) Summary Phase 0.030ms
[21.341s][info][gc,phases,start] GC(180) Adjust Roots
[21.341s][info][gc,phases      ] GC(180) Adjust Roots 0.218ms
[21.341s][info][gc,phases,start] GC(180) Compaction Phase
[21.474s][info][gc,phases      ] GC(180) Compaction Phase 133.253ms
[21.474s][info][gc,phases,start] GC(180) Post Compact
[21.477s][info][gc,phases      ] GC(180) Post Compact 2.552ms
[21.477s][info][gc,heap        ] GC(180) PSYoungGen: 31743K(135168K)->31743K(135168K) Eden: 31743K(31744K)->31743K(31744K) From: 0K(103424K)->0K(103424K)
[21.477s][info][gc,heap        ] GC(180) ParOldGen: 1706809K(1707008K)->1706809K(1707008K)
[21.477s][info][gc,metaspace   ] GC(180) Metaspace: 6301K(6464K)->6301K(6464K) NonClass: 5768K(5824K)->5768K(5824K) Class: 533K(640K)->533K(640K)
[21.477s][info][gc             ] GC(180) Pause Full (Ergonomics) 1697M->1697M(1799M) 563.860ms
[21.477s][info][gc,cpu         ] GC(180) User=2.20s Sys=0.00s Real=0.56s
[21.477s][info][gc,start       ] GC(181) Pause Full (Ergonomics)
[21.477s][info][gc,phases,start] GC(181) Marking Phase
[21.911s][info][gc,phases      ] GC(181) Marking Phase 433.367ms
[21.911s][info][gc,phases,start] GC(181) Summary Phase
[21.911s][info][gc,phases      ] GC(181) Summary Phase 0.033ms
[21.911s][info][gc,phases,start] GC(181) Adjust Roots
[21.911s][info][gc,phases      ] GC(181) Adjust Roots 0.218ms
[21.911s][info][gc,phases,start] GC(181) Compaction Phase
[22.039s][info][gc,phases      ] GC(181) Compaction Phase 127.762ms
[22.039s][info][gc,phases,start] GC(181) Post Compact
[22.042s][info][gc,phases      ] GC(181) Post Compact 2.737ms
[22.042s][info][gc,heap        ] GC(181) PSYoungGen: 31743K(135168K)->31743K(135168K) Eden: 31743K(31744K)->31743K(31744K) From: 0K(103424K)->0K(103424K)
[22.042s][info][gc,heap        ] GC(181) ParOldGen: 1706814K(1707008K)->1706814K(1707008K)
[22.042s][info][gc,metaspace   ] GC(181) Metaspace: 6301K(6464K)->6301K(6464K) NonClass: 5768K(5824K)->5768K(5824K) Class: 533K(640K)->533K(640K)
[22.042s][info][gc             ] GC(181) Pause Full (Ergonomics) 1697M->1697M(1799M) 564.584ms
[22.042s][info][gc,cpu         ] GC(181) User=2.16s Sys=0.00s Real=0.56s
[22.042s][info][gc,start       ] GC(182) Pause Full (Ergonomics)
[22.042s][info][gc,phases,start] GC(182) Marking Phase
[22.518s][info][gc,phases      ] GC(182) Marking Phase 475.872ms
[22.518s][info][gc,phases,start] GC(182) Summary Phase
[22.518s][info][gc,phases      ] GC(182) Summary Phase 0.034ms
[22.518s][info][gc,phases,start] GC(182) Adjust Roots
[22.518s][info][gc,phases      ] GC(182) Adjust Roots 0.201ms
[22.518s][info][gc,phases,start] GC(182) Compaction Phase
[22.650s][info][gc,phases      ] GC(182) Compaction Phase 131.404ms
[22.650s][info][gc,phases,start] GC(182) Post Compact
[22.653s][info][gc,phases      ] GC(182) Post Compact 2.811ms
[22.653s][info][gc,heap        ] GC(182) PSYoungGen: 31743K(135168K)->31743K(135168K) Eden: 31743K(31744K)->31743K(31744K) From: 0K(103424K)->0K(103424K)
[22.653s][info][gc,heap        ] GC(182) ParOldGen: 1706818K(1707008K)->1706818K(1707008K)
[22.653s][info][gc,metaspace   ] GC(182) Metaspace: 6301K(6464K)->6301K(6464K) NonClass: 5768K(5824K)->5768K(5824K) Class: 533K(640K)->533K(640K)
[22.653s][info][gc             ] GC(182) Pause Full (Ergonomics) 1697M->1697M(1799M) 610.664ms
[22.653s][info][gc,cpu         ] GC(182) User=2.34s Sys=0.00s Real=0.61s
[22.653s][info][gc,start       ] GC(183) Pause Full (Ergonomics)
[22.653s][info][gc,phases,start] GC(183) Marking Phase
[23.070s][info][gc,phases      ] GC(183) Marking Phase 416.479ms
[23.070s][info][gc,phases,start] GC(183) Summary Phase
[23.070s][info][gc,phases      ] GC(183) Summary Phase 0.033ms
[23.070s][info][gc,phases,start] GC(183) Adjust Roots
[23.070s][info][gc,phases      ] GC(183) Adjust Roots 0.195ms
[23.070s][info][gc,phases,start] GC(183) Compaction Phase
[23.201s][info][gc,phases      ] GC(183) Compaction Phase 130.805ms
[23.201s][info][gc,phases,start] GC(183) Post Compact
[23.204s][info][gc,phases      ] GC(183) Post Compact 2.755ms
[23.204s][info][gc,heap        ] GC(183) PSYoungGen: 31743K(135168K)->31743K(135168K) Eden: 31743K(31744K)->31743K(31744K) From: 0K(103424K)->0K(103424K)
[23.204s][info][gc,heap        ] GC(183) ParOldGen: 1706823K(1707008K)->1706823K(1707008K)
[23.204s][info][gc,metaspace   ] GC(183) Metaspace: 6301K(6464K)->6301K(6464K) NonClass: 5768K(5824K)->5768K(5824K) Class: 533K(640K)->533K(640K)
[23.204s][info][gc             ] GC(183) Pause Full (Ergonomics) 1697M->1697M(1799M) 550.654ms
[23.204s][info][gc,cpu         ] GC(183) User=2.12s Sys=0.00s Real=0.55s
[23.204s][info][gc,start       ] GC(184) Pause Full (Ergonomics)
[23.204s][info][gc,phases,start] GC(184) Marking Phase
[23.683s][info][gc,phases      ] GC(184) Marking Phase 478.889ms
[23.683s][info][gc,phases,start] GC(184) Summary Phase
[23.683s][info][gc,phases      ] GC(184) Summary Phase 0.034ms
[23.683s][info][gc,phases,start] GC(184) Adjust Roots
[23.683s][info][gc,phases      ] GC(184) Adjust Roots 0.235ms
[23.683s][info][gc,phases,start] GC(184) Compaction Phase
[23.816s][info][gc,phases      ] GC(184) Compaction Phase 132.524ms
[23.816s][info][gc,phases,start] GC(184) Post Compact
[23.819s][info][gc,phases      ] GC(184) Post Compact 2.714ms
[23.819s][info][gc,heap        ] GC(184) PSYoungGen: 31743K(135168K)->31743K(135168K) Eden: 31743K(31744K)->31743K(31744K) From: 0K(103424K)->0K(103424K)
[23.819s][info][gc,heap        ] GC(184) ParOldGen: 1706828K(1707008K)->1706828K(1707008K)
[23.819s][info][gc,metaspace   ] GC(184) Metaspace: 6301K(6464K)->6301K(6464K) NonClass: 5768K(5824K)->5768K(5824K) Class: 533K(640K)->533K(640K)
[23.819s][info][gc             ] GC(184) Pause Full (Ergonomics) 1697M->1697M(1799M) 614.721ms
[23.819s][info][gc,cpu         ] GC(184) User=2.38s Sys=0.00s Real=0.61s
[23.819s][info][gc,start       ] GC(185) Pause Full (Ergonomics)
[23.819s][info][gc,phases,start] GC(185) Marking Phase
[24.264s][info][gc,phases      ] GC(185) Marking Phase 445.220ms
[24.264s][info][gc,phases,start] GC(185) Summary Phase
[24.265s][info][gc,phases      ] GC(185) Summary Phase 0.029ms
[24.265s][info][gc,phases,start] GC(185) Adjust Roots
[24.265s][info][gc,phases      ] GC(185) Adjust Roots 0.193ms
[24.265s][info][gc,phases,start] GC(185) Compaction Phase
[24.398s][info][gc,phases      ] GC(185) Compaction Phase 133.291ms
[24.398s][info][gc,phases,start] GC(185) Post Compact
[24.401s][info][gc,phases      ] GC(185) Post Compact 2.715ms
[24.401s][info][gc,heap        ] GC(185) PSYoungGen: 31743K(135168K)->31743K(135168K) Eden: 31743K(31744K)->31743K(31744K) From: 0K(103424K)->0K(103424K)
[24.401s][info][gc,heap        ] GC(185) ParOldGen: 1706832K(1707008K)->1706832K(1707008K)
[24.401s][info][gc,metaspace   ] GC(185) Metaspace: 6301K(6464K)->6301K(6464K) NonClass: 5768K(5824K)->5768K(5824K) Class: 533K(640K)->533K(640K)
[24.401s][info][gc             ] GC(185) Pause Full (Ergonomics) 1697M->1697M(1799M) 581.830ms
[24.401s][info][gc,cpu         ] GC(185) User=2.20s Sys=0.02s Real=0.58s
[24.401s][info][gc,start       ] GC(186) Pause Full (Ergonomics)
[24.401s][info][gc,phases,start] GC(186) Marking Phase
[24.880s][info][gc,phases      ] GC(186) Marking Phase 478.513ms
[24.880s][info][gc,phases,start] GC(186) Summary Phase
[24.880s][info][gc,phases      ] GC(186) Summary Phase 0.030ms
[24.880s][info][gc,phases,start] GC(186) Adjust Roots
[24.880s][info][gc,phases      ] GC(186) Adjust Roots 0.195ms
[24.880s][info][gc,phases,start] GC(186) Compaction Phase
[25.018s][info][gc,phases      ] GC(186) Compaction Phase 137.429ms
[25.018s][info][gc,phases,start] GC(186) Post Compact
[25.020s][info][gc,phases      ] GC(186) Post Compact 2.782ms
[25.021s][info][gc,heap        ] GC(186) PSYoungGen: 31743K(135168K)->31743K(135168K) Eden: 31743K(31744K)->31743K(31744K) From: 0K(103424K)->0K(103424K)
[25.021s][info][gc,heap        ] GC(186) ParOldGen: 1706837K(1707008K)->1706837K(1707008K)
[25.021s][info][gc,metaspace   ] GC(186) Metaspace: 6301K(6464K)->6301K(6464K) NonClass: 5768K(5824K)->5768K(5824K) Class: 533K(640K)->533K(640K)
[25.021s][info][gc             ] GC(186) Pause Full (Ergonomics) 1697M->1697M(1799M) 619.377ms
[25.021s][info][gc,cpu         ] GC(186) User=2.34s Sys=0.00s Real=0.62s
[25.021s][info][gc,start       ] GC(187) Pause Full (Ergonomics)
[25.021s][info][gc,phases,start] GC(187) Marking Phase
[25.443s][info][gc,phases      ] GC(187) Marking Phase 422.181ms
[25.443s][info][gc,phases,start] GC(187) Summary Phase
[25.443s][info][gc,phases      ] GC(187) Summary Phase 0.033ms
[25.443s][info][gc,phases,start] GC(187) Adjust Roots
[25.443s][info][gc,phases      ] GC(187) Adjust Roots 0.219ms
[25.443s][info][gc,phases,start] GC(187) Compaction Phase
[25.572s][info][gc,phases      ] GC(187) Compaction Phase 128.328ms
[25.572s][info][gc,phases,start] GC(187) Post Compact
[25.575s][info][gc,phases      ] GC(187) Post Compact 2.746ms
[25.575s][info][gc,heap        ] GC(187) PSYoungGen: 31743K(135168K)->31743K(135168K) Eden: 31743K(31744K)->31743K(31744K) From: 0K(103424K)->0K(103424K)
[25.575s][info][gc,heap        ] GC(187) ParOldGen: 1706842K(1707008K)->1706842K(1707008K)
[25.575s][info][gc,metaspace   ] GC(187) Metaspace: 6301K(6464K)->6301K(6464K) NonClass: 5768K(5824K)->5768K(5824K) Class: 533K(640K)->533K(640K)
[25.575s][info][gc             ] GC(187) Pause Full (Ergonomics) 1697M->1697M(1799M) 553.839ms
[25.575s][info][gc,cpu         ] GC(187) User=2.16s Sys=0.02s Real=0.55s
[25.575s][info][gc,start       ] GC(188) Pause Full (Ergonomics)
[25.575s][info][gc,phases,start] GC(188) Marking Phase
[25.980s][info][gc,phases      ] GC(188) Marking Phase 405.381ms
[25.981s][info][gc,phases,start] GC(188) Summary Phase
[25.981s][info][gc,phases      ] GC(188) Summary Phase 0.032ms
[25.981s][info][gc,phases,start] GC(188) Adjust Roots
[25.981s][info][gc,phases      ] GC(188) Adjust Roots 0.200ms
[25.981s][info][gc,phases,start] GC(188) Compaction Phase
[26.125s][info][gc,phases      ] GC(188) Compaction Phase 144.066ms
[26.125s][info][gc,phases,start] GC(188) Post Compact
[26.128s][info][gc,phases      ] GC(188) Post Compact 2.791ms
[26.128s][info][gc,heap        ] GC(188) PSYoungGen: 31743K(135168K)->31743K(135168K) Eden: 31743K(31744K)->31743K(31744K) From: 0K(103424K)->0K(103424K)
[26.128s][info][gc,heap        ] GC(188) ParOldGen: 1706846K(1707008K)->1706846K(1707008K)
[26.128s][info][gc,metaspace   ] GC(188) Metaspace: 6301K(6464K)->6301K(6464K) NonClass: 5768K(5824K)->5768K(5824K) Class: 533K(640K)->533K(640K)
[26.128s][info][gc             ] GC(188) Pause Full (Ergonomics) 1697M->1697M(1799M) 552.837ms
[26.128s][info][gc,cpu         ] GC(188) User=2.14s Sys=0.00s Real=0.55s
[26.128s][info][gc,start       ] GC(189) Pause Full (Ergonomics)
[26.128s][info][gc,phases,start] GC(189) Marking Phase
[26.613s][info][gc,phases      ] GC(189) Marking Phase 485.256ms
[26.614s][info][gc,phases,start] GC(189) Summary Phase
[26.614s][info][gc,phases      ] GC(189) Summary Phase 0.034ms
[26.614s][info][gc,phases,start] GC(189) Adjust Roots
[26.614s][info][gc,phases      ] GC(189) Adjust Roots 0.217ms
[26.614s][info][gc,phases,start] GC(189) Compaction Phase
[26.742s][info][gc,phases      ] GC(189) Compaction Phase 128.357ms
[26.742s][info][gc,phases,start] GC(189) Post Compact
[26.745s][info][gc,phases      ] GC(189) Post Compact 2.741ms
[26.745s][info][gc,heap        ] GC(189) PSYoungGen: 31743K(135168K)->31743K(135168K) Eden: 31743K(31744K)->31743K(31744K) From: 0K(103424K)->0K(103424K)
[26.745s][info][gc,heap        ] GC(189) ParOldGen: 1706851K(1707008K)->1706851K(1707008K)
[26.745s][info][gc,metaspace   ] GC(189) Metaspace: 6301K(6464K)->6301K(6464K) NonClass: 5768K(5824K)->5768K(5824K) Class: 533K(640K)->533K(640K)
[26.745s][info][gc             ] GC(189) Pause Full (Ergonomics) 1697M->1697M(1799M) 616.955ms
[26.745s][info][gc,cpu         ] GC(189) User=2.44s Sys=0.02s Real=0.62s
[26.745s][info][gc,start       ] GC(190) Pause Full (Ergonomics)
[26.746s][info][gc,phases,start] GC(190) Marking Phase
[27.195s][info][gc,phases      ] GC(190) Marking Phase 449.461ms
[27.195s][info][gc,phases,start] GC(190) Summary Phase
[27.195s][info][gc,phases      ] GC(190) Summary Phase 0.033ms
[27.195s][info][gc,phases,start] GC(190) Adjust Roots
[27.195s][info][gc,phases      ] GC(190) Adjust Roots 0.273ms
[27.195s][info][gc,phases,start] GC(190) Compaction Phase
[27.336s][info][gc,phases      ] GC(190) Compaction Phase 140.893ms
[27.336s][info][gc,phases,start] GC(190) Post Compact
[27.340s][info][gc,phases      ] GC(190) Post Compact 3.239ms
[27.340s][info][gc,heap        ] GC(190) PSYoungGen: 31743K(135168K)->31743K(135168K) Eden: 31743K(31744K)->31743K(31744K) From: 0K(103424K)->0K(103424K)
[27.340s][info][gc,heap        ] GC(190) ParOldGen: 1706856K(1707008K)->1706856K(1707008K)
[27.340s][info][gc,metaspace   ] GC(190) Metaspace: 6301K(6464K)->6301K(6464K) NonClass: 5768K(5824K)->5768K(5824K) Class: 533K(640K)->533K(640K)
[27.340s][info][gc             ] GC(190) Pause Full (Ergonomics) 1697M->1697M(1799M) 594.256ms
[27.340s][info][gc,cpu         ] GC(190) User=2.23s Sys=0.00s Real=0.59s
[27.340s][info][gc,start       ] GC(191) Pause Full (Ergonomics)
[27.340s][info][gc,phases,start] GC(191) Marking Phase
[27.738s][info][gc,phases      ] GC(191) Marking Phase 397.771ms
[27.738s][info][gc,phases,start] GC(191) Summary Phase
[27.738s][info][gc,phases      ] GC(191) Summary Phase 0.029ms
[27.738s][info][gc,phases,start] GC(191) Adjust Roots
[27.738s][info][gc,phases      ] GC(191) Adjust Roots 0.208ms
[27.738s][info][gc,phases,start] GC(191) Compaction Phase
[27.869s][info][gc,phases      ] GC(191) Compaction Phase 131.104ms
[27.869s][info][gc,phases,start] GC(191) Post Compact
[27.872s][info][gc,phases      ] GC(191) Post Compact 2.747ms
[27.872s][info][gc,heap        ] GC(191) PSYoungGen: 31743K(135168K)->31743K(135168K) Eden: 31743K(31744K)->31743K(31744K) From: 0K(103424K)->0K(103424K)
[27.872s][info][gc,heap        ] GC(191) ParOldGen: 1706860K(1707008K)->1706860K(1707008K)
[27.872s][info][gc,metaspace   ] GC(191) Metaspace: 6301K(6464K)->6301K(6464K) NonClass: 5768K(5824K)->5768K(5824K) Class: 533K(640K)->533K(640K)
[27.872s][info][gc             ] GC(191) Pause Full (Ergonomics) 1697M->1697M(1799M) 532.223ms
[27.872s][info][gc,cpu         ] GC(191) User=2.08s Sys=0.00s Real=0.53s
[27.873s][info][gc,start       ] GC(192) Pause Full (Ergonomics)
[27.873s][info][gc,phases,start] GC(192) Marking Phase
[28.327s][info][gc,phases      ] GC(192) Marking Phase 454.429ms
[28.327s][info][gc,phases,start] GC(192) Summary Phase
[28.327s][info][gc,phases      ] GC(192) Summary Phase 0.032ms
[28.327s][info][gc,phases,start] GC(192) Adjust Roots
[28.327s][info][gc,phases      ] GC(192) Adjust Roots 0.205ms
[28.327s][info][gc,phases,start] GC(192) Compaction Phase
[28.458s][info][gc,phases      ] GC(192) Compaction Phase 130.426ms
[28.458s][info][gc,phases,start] GC(192) Post Compact
[28.461s][info][gc,phases      ] GC(192) Post Compact 2.718ms
[28.461s][info][gc,heap        ] GC(192) PSYoungGen: 31743K(135168K)->31743K(135168K) Eden: 31743K(31744K)->31743K(31744K) From: 0K(103424K)->0K(103424K)
[28.461s][info][gc,heap        ] GC(192) ParOldGen: 1706865K(1707008K)->1706865K(1707008K)
[28.461s][info][gc,metaspace   ] GC(192) Metaspace: 6301K(6464K)->6301K(6464K) NonClass: 5768K(5824K)->5768K(5824K) Class: 533K(640K)->533K(640K)
[28.461s][info][gc             ] GC(192) Pause Full (Ergonomics) 1697M->1697M(1799M) 588.165ms
[28.461s][info][gc,cpu         ] GC(192) User=2.25s Sys=0.00s Real=0.59s
[28.461s][info][gc,start       ] GC(193) Pause Full (Ergonomics)
[28.461s][info][gc,phases,start] GC(193) Marking Phase
[28.907s][info][gc,phases      ] GC(193) Marking Phase 445.544ms
[28.907s][info][gc,phases,start] GC(193) Summary Phase
[28.907s][info][gc,phases      ] GC(193) Summary Phase 0.034ms
[28.907s][info][gc,phases,start] GC(193) Adjust Roots
[28.907s][info][gc,phases      ] GC(193) Adjust Roots 0.227ms
[28.907s][info][gc,phases,start] GC(193) Compaction Phase
[29.039s][info][gc,phases      ] GC(193) Compaction Phase 132.462ms
[29.039s][info][gc,phases,start] GC(193) Post Compact
[29.042s][info][gc,phases      ] GC(193) Post Compact 2.600ms
[29.042s][info][gc,heap        ] GC(193) PSYoungGen: 31743K(135168K)->31743K(135168K) Eden: 31743K(31744K)->31743K(31744K) From: 0K(103424K)->0K(103424K)
[29.042s][info][gc,heap        ] GC(193) ParOldGen: 1706870K(1707008K)->1706870K(1707008K)
[29.042s][info][gc,metaspace   ] GC(193) Metaspace: 6301K(6464K)->6301K(6464K) NonClass: 5768K(5824K)->5768K(5824K) Class: 533K(640K)->533K(640K)
[29.042s][info][gc             ] GC(193) Pause Full (Ergonomics) 1697M->1697M(1799M) 581.198ms
[29.042s][info][gc,cpu         ] GC(193) User=2.17s Sys=0.02s Real=0.58s
[29.042s][info][gc,start       ] GC(194) Pause Full (Ergonomics)
[29.043s][info][gc,phases,start] GC(194) Marking Phase
[29.514s][info][gc,phases      ] GC(194) Marking Phase 471.863ms
[29.514s][info][gc,phases,start] GC(194) Summary Phase
[29.514s][info][gc,phases      ] GC(194) Summary Phase 0.033ms
[29.515s][info][gc,phases,start] GC(194) Adjust Roots
[29.515s][info][gc,phases      ] GC(194) Adjust Roots 0.213ms
[29.515s][info][gc,phases,start] GC(194) Compaction Phase
[29.648s][info][gc,phases      ] GC(194) Compaction Phase 133.294ms
[29.648s][info][gc,phases,start] GC(194) Post Compact
[29.651s][info][gc,phases      ] GC(194) Post Compact 2.738ms
[29.651s][info][gc,heap        ] GC(194) PSYoungGen: 31743K(135168K)->31743K(135168K) Eden: 31743K(31744K)->31743K(31744K) From: 0K(103424K)->0K(103424K)
[29.651s][info][gc,heap        ] GC(194) ParOldGen: 1706874K(1707008K)->1706874K(1707008K)
[29.651s][info][gc,metaspace   ] GC(194) Metaspace: 6301K(6464K)->6301K(6464K) NonClass: 5768K(5824K)->5768K(5824K) Class: 533K(640K)->533K(640K)
[29.651s][info][gc             ] GC(194) Pause Full (Ergonomics) 1697M->1697M(1799M) 608.488ms
[29.651s][info][gc,cpu         ] GC(194) User=2.33s Sys=0.00s Real=0.61s
[29.651s][info][gc,start       ] GC(195) Pause Full (Ergonomics)
[29.651s][info][gc,phases,start] GC(195) Marking Phase
[30.082s][info][gc,phases      ] GC(195) Marking Phase 430.560ms
[30.082s][info][gc,phases,start] GC(195) Summary Phase
[30.082s][info][gc,phases      ] GC(195) Summary Phase 0.034ms
[30.082s][info][gc,phases,start] GC(195) Adjust Roots
[30.082s][info][gc,phases      ] GC(195) Adjust Roots 0.207ms
[30.082s][info][gc,phases,start] GC(195) Compaction Phase
[30.213s][info][gc,phases      ] GC(195) Compaction Phase 130.675ms
[30.213s][info][gc,phases,start] GC(195) Post Compact
[30.216s][info][gc,phases      ] GC(195) Post Compact 2.733ms
[30.216s][info][gc,heap        ] GC(195) PSYoungGen: 31743K(135168K)->31743K(135168K) Eden: 31743K(31744K)->31743K(31744K) From: 0K(103424K)->0K(103424K)
[30.216s][info][gc,heap        ] GC(195) ParOldGen: 1706879K(1707008K)->1706879K(1707008K)
[30.216s][info][gc,metaspace   ] GC(195) Metaspace: 6301K(6464K)->6301K(6464K) NonClass: 5768K(5824K)->5768K(5824K) Class: 533K(640K)->533K(640K)
[30.216s][info][gc             ] GC(195) Pause Full (Ergonomics) 1697M->1697M(1799M) 564.551ms
[30.216s][info][gc,cpu         ] GC(195) User=2.19s Sys=0.02s Real=0.56s
[30.216s][info][gc,start       ] GC(196) Pause Full (Ergonomics)
[30.216s][info][gc,phases,start] GC(196) Marking Phase
[30.697s][info][gc,phases      ] GC(196) Marking Phase 480.375ms
[30.697s][info][gc,phases,start] GC(196) Summary Phase
[30.697s][info][gc,phases      ] GC(196) Summary Phase 0.025ms
[30.697s][info][gc,phases,start] GC(196) Adjust Roots
[30.697s][info][gc,phases      ] GC(196) Adjust Roots 0.180ms
[30.697s][info][gc,phases,start] GC(196) Compaction Phase
[30.826s][info][gc,phases      ] GC(196) Compaction Phase 128.920ms
[30.826s][info][gc,phases,start] GC(196) Post Compact
[30.829s][info][gc,phases      ] GC(196) Post Compact 2.789ms
[30.829s][info][gc,heap        ] GC(196) PSYoungGen: 31743K(135168K)->31743K(135168K) Eden: 31743K(31744K)->31743K(31744K) From: 0K(103424K)->0K(103424K)
[30.829s][info][gc,heap        ] GC(196) ParOldGen: 1706884K(1707008K)->1706884K(1707008K)
[30.829s][info][gc,metaspace   ] GC(196) Metaspace: 6301K(6464K)->6301K(6464K) NonClass: 5768K(5824K)->5768K(5824K) Class: 533K(640K)->533K(640K)
[30.829s][info][gc             ] GC(196) Pause Full (Ergonomics) 1697M->1697M(1799M) 612.613ms
[30.829s][info][gc,cpu         ] GC(196) User=2.31s Sys=0.00s Real=0.61s
[30.829s][info][gc,start       ] GC(197) Pause Full (Ergonomics)
[30.829s][info][gc,phases,start] GC(197) Marking Phase
[31.320s][info][gc,phases      ] GC(197) Marking Phase 490.546ms
[31.320s][info][gc,phases,start] GC(197) Summary Phase
[31.320s][info][gc,phases      ] GC(197) Summary Phase 0.027ms
[31.320s][info][gc,phases,start] GC(197) Adjust Roots
[31.320s][info][gc,phases      ] GC(197) Adjust Roots 0.182ms
[31.320s][info][gc,phases,start] GC(197) Compaction Phase
[31.457s][info][gc,phases      ] GC(197) Compaction Phase 136.689ms
[31.457s][info][gc,phases,start] GC(197) Post Compact
[31.459s][info][gc,phases      ] GC(197) Post Compact 2.777ms
[31.460s][info][gc,heap        ] GC(197) PSYoungGen: 31743K(135168K)->31743K(135168K) Eden: 31743K(31744K)->31743K(31744K) From: 0K(103424K)->0K(103424K)
[31.460s][info][gc,heap        ] GC(197) ParOldGen: 1706888K(1707008K)->1706888K(1707008K)
[31.460s][info][gc,metaspace   ] GC(197) Metaspace: 6301K(6464K)->6301K(6464K) NonClass: 5768K(5824K)->5768K(5824K) Class: 533K(640K)->533K(640K)
[31.460s][info][gc             ] GC(197) Pause Full (Ergonomics) 1697M->1697M(1799M) 630.578ms
[31.460s][info][gc,cpu         ] GC(197) User=2.36s Sys=0.00s Real=0.63s
[31.460s][info][gc,start       ] GC(198) Pause Full (Ergonomics)
[31.460s][info][gc,phases,start] GC(198) Marking Phase
[31.926s][info][gc,phases      ] GC(198) Marking Phase 465.636ms
[31.926s][info][gc,phases,start] GC(198) Summary Phase
[31.926s][info][gc,phases      ] GC(198) Summary Phase 0.030ms
[31.926s][info][gc,phases,start] GC(198) Adjust Roots
[31.926s][info][gc,phases      ] GC(198) Adjust Roots 0.206ms
[31.926s][info][gc,phases,start] GC(198) Compaction Phase
[32.061s][info][gc,phases      ] GC(198) Compaction Phase 135.420ms
[32.061s][info][gc,phases,start] GC(198) Post Compact
[32.064s][info][gc,phases      ] GC(198) Post Compact 2.776ms
[32.064s][info][gc,heap        ] GC(198) PSYoungGen: 31743K(135168K)->31743K(135168K) Eden: 31743K(31744K)->31743K(31744K) From: 0K(103424K)->0K(103424K)
[32.064s][info][gc,heap        ] GC(198) ParOldGen: 1706893K(1707008K)->1706893K(1707008K)
[32.064s][info][gc,metaspace   ] GC(198) Metaspace: 6301K(6464K)->6301K(6464K) NonClass: 5768K(5824K)->5768K(5824K) Class: 533K(640K)->533K(640K)
[32.064s][info][gc             ] GC(198) Pause Full (Ergonomics) 1697M->1697M(1799M) 604.427ms
[32.064s][info][gc,cpu         ] GC(198) User=2.38s Sys=0.02s Real=0.60s
[32.065s][info][gc,start       ] GC(199) Pause Full (Ergonomics)
[32.065s][info][gc,phases,start] GC(199) Marking Phase
[32.495s][info][gc,phases      ] GC(199) Marking Phase 430.314ms
[32.495s][info][gc,phases,start] GC(199) Summary Phase
[32.495s][info][gc,phases      ] GC(199) Summary Phase 0.029ms
[32.495s][info][gc,phases,start] GC(199) Adjust Roots
[32.495s][info][gc,phases      ] GC(199) Adjust Roots 0.188ms
[32.495s][info][gc,phases,start] GC(199) Compaction Phase
[32.624s][info][gc,phases      ] GC(199) Compaction Phase 129.135ms
[32.624s][info][gc,phases,start] GC(199) Post Compact
[32.628s][info][gc,phases      ] GC(199) Post Compact 3.284ms
[32.628s][info][gc,heap        ] GC(199) PSYoungGen: 31743K(135168K)->31743K(135168K) Eden: 31743K(31744K)->31743K(31744K) From: 0K(103424K)->0K(103424K)
[32.628s][info][gc,heap        ] GC(199) ParOldGen: 1706898K(1707008K)->1706898K(1707008K)
[32.628s][info][gc,metaspace   ] GC(199) Metaspace: 6301K(6464K)->6301K(6464K) NonClass: 5768K(5824K)->5768K(5824K) Class: 533K(640K)->533K(640K)
[32.628s][info][gc             ] GC(199) Pause Full (Ergonomics) 1697M->1697M(1799M) 563.312ms
[32.628s][info][gc,cpu         ] GC(199) User=2.14s Sys=0.00s Real=0.56s
[32.628s][info][gc,start       ] GC(200) Pause Full (Ergonomics)
[32.628s][info][gc,phases,start] GC(200) Marking Phase
[33.058s][info][gc,phases      ] GC(200) Marking Phase 429.588ms
[33.058s][info][gc,phases,start] GC(200) Summary Phase
[33.058s][info][gc,phases      ] GC(200) Summary Phase 0.028ms
[33.058s][info][gc,phases,start] GC(200) Adjust Roots
[33.058s][info][gc,phases      ] GC(200) Adjust Roots 0.183ms
[33.058s][info][gc,phases,start] GC(200) Compaction Phase
[33.187s][info][gc,phases      ] GC(200) Compaction Phase 128.989ms
[33.187s][info][gc,phases,start] GC(200) Post Compact
[33.191s][info][gc,phases      ] GC(200) Post Compact 3.285ms
[33.191s][info][gc,heap        ] GC(200) PSYoungGen: 31743K(135168K)->31743K(135168K) Eden: 31743K(31744K)->31743K(31744K) From: 0K(103424K)->0K(103424K)
[33.191s][info][gc,heap        ] GC(200) ParOldGen: 1706902K(1707008K)->1706902K(1707008K)
[33.191s][info][gc,metaspace   ] GC(200) Metaspace: 6301K(6464K)->6301K(6464K) NonClass: 5768K(5824K)->5768K(5824K) Class: 533K(640K)->533K(640K)
[33.191s][info][gc             ] GC(200) Pause Full (Ergonomics) 1697M->1697M(1799M) 562.435ms
[33.191s][info][gc,cpu         ] GC(200) User=2.09s Sys=0.02s Real=0.56s
[33.191s][info][gc,start       ] GC(201) Pause Full (Ergonomics)
[33.191s][info][gc,phases,start] GC(201) Marking Phase
[33.639s][info][gc,phases      ] GC(201) Marking Phase 447.627ms
[33.639s][info][gc,phases,start] GC(201) Summary Phase
[33.639s][info][gc,phases      ] GC(201) Summary Phase 0.026ms
[33.639s][info][gc,phases,start] GC(201) Adjust Roots
[33.639s][info][gc,phases      ] GC(201) Adjust Roots 0.183ms
[33.639s][info][gc,phases,start] GC(201) Compaction Phase
[33.770s][info][gc,phases      ] GC(201) Compaction Phase 130.577ms
[33.770s][info][gc,phases,start] GC(201) Post Compact
[33.773s][info][gc,phases      ] GC(201) Post Compact 3.278ms
[33.773s][info][gc,heap        ] GC(201) PSYoungGen: 31743K(135168K)->31743K(135168K) Eden: 31743K(31744K)->31743K(31744K) From: 0K(103424K)->0K(103424K)
[33.773s][info][gc,heap        ] GC(201) ParOldGen: 1706907K(1707008K)->1706907K(1707008K)
[33.773s][info][gc,metaspace   ] GC(201) Metaspace: 6301K(6464K)->6301K(6464K) NonClass: 5768K(5824K)->5768K(5824K) Class: 533K(640K)->533K(640K)
[33.773s][info][gc             ] GC(201) Pause Full (Ergonomics) 1697M->1697M(1799M) 582.070ms
[33.773s][info][gc,cpu         ] GC(201) User=2.23s Sys=0.00s Real=0.58s
[33.773s][info][gc,start       ] GC(202) Pause Full (Ergonomics)
[33.773s][info][gc,phases,start] GC(202) Marking Phase
[34.214s][info][gc,phases      ] GC(202) Marking Phase 440.440ms
[34.214s][info][gc,phases,start] GC(202) Summary Phase
[34.214s][info][gc,phases      ] GC(202) Summary Phase 0.029ms
[34.214s][info][gc,phases,start] GC(202) Adjust Roots
[34.214s][info][gc,phases      ] GC(202) Adjust Roots 0.185ms
[34.214s][info][gc,phases,start] GC(202) Compaction Phase
[34.343s][info][gc,phases      ] GC(202) Compaction Phase 128.982ms
[34.343s][info][gc,phases,start] GC(202) Post Compact
[34.347s][info][gc,phases      ] GC(202) Post Compact 3.266ms
[34.347s][info][gc,heap        ] GC(202) PSYoungGen: 31743K(135168K)->31743K(135168K) Eden: 31743K(31744K)->31743K(31744K) From: 0K(103424K)->0K(103424K)
[34.347s][info][gc,heap        ] GC(202) ParOldGen: 1706912K(1707008K)->1706912K(1707008K)
[34.347s][info][gc,metaspace   ] GC(202) Metaspace: 6301K(6464K)->6301K(6464K) NonClass: 5768K(5824K)->5768K(5824K) Class: 533K(640K)->533K(640K)
[34.347s][info][gc             ] GC(202) Pause Full (Ergonomics) 1697M->1697M(1799M) 573.266ms
[34.347s][info][gc,cpu         ] GC(202) User=2.09s Sys=0.00s Real=0.57s
[34.347s][info][gc,start       ] GC(203) Pause Full (Ergonomics)
[34.347s][info][gc,phases,start] GC(203) Marking Phase
[34.767s][info][gc,phases      ] GC(203) Marking Phase 419.625ms
[34.767s][info][gc,phases,start] GC(203) Summary Phase
[34.767s][info][gc,phases      ] GC(203) Summary Phase 0.029ms
[34.767s][info][gc,phases,start] GC(203) Adjust Roots
[34.767s][info][gc,phases      ] GC(203) Adjust Roots 0.185ms
[34.767s][info][gc,phases,start] GC(203) Compaction Phase
[34.896s][info][gc,phases      ] GC(203) Compaction Phase 128.642ms
[34.896s][info][gc,phases,start] GC(203) Post Compact
[34.899s][info][gc,phases      ] GC(203) Post Compact 2.814ms
[34.899s][info][gc,heap        ] GC(203) PSYoungGen: 31743K(135168K)->31743K(135168K) Eden: 31743K(31744K)->31743K(31744K) From: 0K(103424K)->0K(103424K)
[34.899s][info][gc,heap        ] GC(203) ParOldGen: 1706916K(1707008K)->1706916K(1707008K)
[34.899s][info][gc,metaspace   ] GC(203) Metaspace: 6301K(6464K)->6301K(6464K) NonClass: 5768K(5824K)->5768K(5824K) Class: 533K(640K)->533K(640K)
[34.899s][info][gc             ] GC(203) Pause Full (Ergonomics) 1697M->1697M(1799M) 551.617ms
[34.899s][info][gc,cpu         ] GC(203) User=2.16s Sys=0.00s Real=0.55s
[34.899s][info][gc,start       ] GC(204) Pause Full (Ergonomics)
[34.899s][info][gc,phases,start] GC(204) Marking Phase
[35.323s][info][gc,phases      ] GC(204) Marking Phase 424.006ms
[35.323s][info][gc,phases,start] GC(204) Summary Phase
[35.323s][info][gc,phases      ] GC(204) Summary Phase 0.033ms
[35.323s][info][gc,phases,start] GC(204) Adjust Roots
[35.323s][info][gc,phases      ] GC(204) Adjust Roots 0.216ms
[35.323s][info][gc,phases,start] GC(204) Compaction Phase
[35.455s][info][gc,phases      ] GC(204) Compaction Phase 131.892ms
[35.455s][info][gc,phases,start] GC(204) Post Compact
[35.458s][info][gc,phases      ] GC(204) Post Compact 2.756ms
[35.458s][info][gc,heap        ] GC(204) PSYoungGen: 31743K(135168K)->31743K(135168K) Eden: 31743K(31744K)->31743K(31744K) From: 0K(103424K)->0K(103424K)
[35.458s][info][gc,heap        ] GC(204) ParOldGen: 1706921K(1707008K)->1706921K(1707008K)
[35.458s][info][gc,metaspace   ] GC(204) Metaspace: 6301K(6464K)->6301K(6464K) NonClass: 5768K(5824K)->5768K(5824K) Class: 533K(640K)->533K(640K)
[35.458s][info][gc             ] GC(204) Pause Full (Ergonomics) 1697M->1697M(1799M) 559.236ms
[35.458s][info][gc,cpu         ] GC(204) User=2.12s Sys=0.00s Real=0.56s
[35.458s][info][gc,start       ] GC(205) Pause Full (Ergonomics)
[35.458s][info][gc,phases,start] GC(205) Marking Phase
[35.929s][info][gc,phases      ] GC(205) Marking Phase 470.457ms
[35.929s][info][gc,phases,start] GC(205) Summary Phase
[35.929s][info][gc,phases      ] GC(205) Summary Phase 0.045ms
[35.929s][info][gc,phases,start] GC(205) Adjust Roots
[35.929s][info][gc,phases      ] GC(205) Adjust Roots 0.230ms
[35.929s][info][gc,phases,start] GC(205) Compaction Phase
[36.085s][info][gc,phases      ] GC(205) Compaction Phase 155.260ms
[36.085s][info][gc,phases,start] GC(205) Post Compact
[36.087s][info][gc,phases      ] GC(205) Post Compact 2.713ms
[36.087s][info][gc,heap        ] GC(205) PSYoungGen: 31743K(135168K)->31743K(135168K) Eden: 31743K(31744K)->31743K(31744K) From: 0K(103424K)->0K(103424K)
[36.087s][info][gc,heap        ] GC(205) ParOldGen: 1706926K(1707008K)->1706926K(1707008K)
[36.087s][info][gc,metaspace   ] GC(205) Metaspace: 6301K(6464K)->6301K(6464K) NonClass: 5768K(5824K)->5768K(5824K) Class: 533K(640K)->533K(640K)
[36.087s][info][gc             ] GC(205) Pause Full (Ergonomics) 1697M->1697M(1799M) 629.037ms
[36.088s][info][gc,cpu         ] GC(205) User=2.41s Sys=0.00s Real=0.63s
[36.088s][info][gc,start       ] GC(206) Pause Full (Ergonomics)
[36.088s][info][gc,phases,start] GC(206) Marking Phase
[36.538s][info][gc,phases      ] GC(206) Marking Phase 449.954ms
[36.538s][info][gc,phases,start] GC(206) Summary Phase
[36.538s][info][gc,phases      ] GC(206) Summary Phase 0.028ms
[36.538s][info][gc,phases,start] GC(206) Adjust Roots
[36.538s][info][gc,phases      ] GC(206) Adjust Roots 0.179ms
[36.538s][info][gc,phases,start] GC(206) Compaction Phase
[36.669s][info][gc,phases      ] GC(206) Compaction Phase 130.501ms
[36.669s][info][gc,phases,start] GC(206) Post Compact
[36.671s][info][gc,phases      ] GC(206) Post Compact 2.831ms
[36.672s][info][gc,heap        ] GC(206) PSYoungGen: 31743K(135168K)->31743K(135168K) Eden: 31743K(31744K)->31743K(31744K) From: 0K(103424K)->0K(103424K)
[36.672s][info][gc,heap        ] GC(206) ParOldGen: 1706930K(1707008K)->1706930K(1707008K)
[36.672s][info][gc,metaspace   ] GC(206) Metaspace: 6301K(6464K)->6301K(6464K) NonClass: 5768K(5824K)->5768K(5824K) Class: 533K(640K)->533K(640K)
[36.672s][info][gc             ] GC(206) Pause Full (Ergonomics) 1697M->1697M(1799M) 583.816ms
[36.672s][info][gc,cpu         ] GC(206) User=2.20s Sys=0.03s Real=0.58s
[36.672s][info][gc,start       ] GC(207) Pause Full (Ergonomics)
[36.672s][info][gc,phases,start] GC(207) Marking Phase
[37.166s][info][gc,phases      ] GC(207) Marking Phase 494.162ms
[37.166s][info][gc,phases,start] GC(207) Summary Phase
[37.166s][info][gc,phases      ] GC(207) Summary Phase 0.028ms
[37.166s][info][gc,phases,start] GC(207) Adjust Roots
[37.166s][info][gc,phases      ] GC(207) Adjust Roots 0.182ms
[37.166s][info][gc,phases,start] GC(207) Compaction Phase
[37.295s][info][gc,phases      ] GC(207) Compaction Phase 128.712ms
[37.295s][info][gc,phases,start] GC(207) Post Compact
[37.298s][info][gc,phases      ] GC(207) Post Compact 2.802ms
[37.298s][info][gc,heap        ] GC(207) PSYoungGen: 31743K(135168K)->31743K(135168K) Eden: 31743K(31744K)->31743K(31744K) From: 0K(103424K)->0K(103424K)
[37.298s][info][gc,heap        ] GC(207) ParOldGen: 1706935K(1707008K)->1706935K(1707008K)
[37.298s][info][gc,metaspace   ] GC(207) Metaspace: 6301K(6464K)->6301K(6464K) NonClass: 5768K(5824K)->5768K(5824K) Class: 533K(640K)->533K(640K)
[37.298s][info][gc             ] GC(207) Pause Full (Ergonomics) 1697M->1697M(1799M) 626.208ms
[37.298s][info][gc,cpu         ] GC(207) User=2.38s Sys=0.00s Real=0.63s
[37.298s][info][gc,start       ] GC(208) Pause Full (Ergonomics)
[37.298s][info][gc,phases,start] GC(208) Marking Phase
[37.721s][info][gc,phases      ] GC(208) Marking Phase 422.881ms
[37.721s][info][gc,phases,start] GC(208) Summary Phase
[37.721s][info][gc,phases      ] GC(208) Summary Phase 0.029ms
[37.721s][info][gc,phases,start] GC(208) Adjust Roots
[37.722s][info][gc,phases      ] GC(208) Adjust Roots 0.199ms
[37.722s][info][gc,phases,start] GC(208) Compaction Phase
[37.851s][info][gc,phases      ] GC(208) Compaction Phase 129.393ms
[37.851s][info][gc,phases,start] GC(208) Post Compact
[37.854s][info][gc,phases      ] GC(208) Post Compact 2.832ms
[37.854s][info][gc,heap        ] GC(208) PSYoungGen: 31743K(135168K)->31743K(135168K) Eden: 31743K(31744K)->31743K(31744K) From: 0K(103424K)->0K(103424K)
[37.854s][info][gc,heap        ] GC(208) ParOldGen: 1706940K(1707008K)->1706940K(1707008K)
[37.854s][info][gc,metaspace   ] GC(208) Metaspace: 6301K(6464K)->6301K(6464K) NonClass: 5768K(5824K)->5768K(5824K) Class: 533K(640K)->533K(640K)
[37.854s][info][gc             ] GC(208) Pause Full (Ergonomics) 1697M->1697M(1799M) 555.655ms
[37.854s][info][gc,cpu         ] GC(208) User=2.11s Sys=0.02s Real=0.55s
[37.854s][info][gc,start       ] GC(209) Pause Full (Ergonomics)
[37.854s][info][gc,phases,start] GC(209) Marking Phase
[38.320s][info][gc,phases      ] GC(209) Marking Phase 465.962ms
[38.320s][info][gc,phases,start] GC(209) Summary Phase
[38.320s][info][gc,phases      ] GC(209) Summary Phase 0.026ms
[38.320s][info][gc,phases,start] GC(209) Adjust Roots
[38.321s][info][gc,phases      ] GC(209) Adjust Roots 0.189ms
[38.321s][info][gc,phases,start] GC(209) Compaction Phase
[38.450s][info][gc,phases      ] GC(209) Compaction Phase 129.487ms
[38.450s][info][gc,phases,start] GC(209) Post Compact
[38.453s][info][gc,phases      ] GC(209) Post Compact 2.804ms
[38.453s][info][gc,heap        ] GC(209) PSYoungGen: 31743K(135168K)->31743K(135168K) Eden: 31743K(31744K)->31743K(31744K) From: 0K(103424K)->0K(103424K)
[38.453s][info][gc,heap        ] GC(209) ParOldGen: 1706944K(1707008K)->1706944K(1707008K)
[38.453s][info][gc,metaspace   ] GC(209) Metaspace: 6301K(6464K)->6301K(6464K) NonClass: 5768K(5824K)->5768K(5824K) Class: 533K(640K)->533K(640K)
[38.453s][info][gc             ] GC(209) Pause Full (Ergonomics) 1697M->1697M(1799M) 598.835ms
[38.453s][info][gc,cpu         ] GC(209) User=2.28s Sys=0.00s Real=0.60s
[38.453s][info][gc,start       ] GC(210) Pause Full (Ergonomics)
[38.453s][info][gc,phases,start] GC(210) Marking Phase
[38.873s][info][gc,phases      ] GC(210) Marking Phase 419.209ms
[38.873s][info][gc,phases,start] GC(210) Summary Phase
[38.873s][info][gc,phases      ] GC(210) Summary Phase 0.026ms
[38.873s][info][gc,phases,start] GC(210) Adjust Roots
[38.873s][info][gc,phases      ] GC(210) Adjust Roots 0.190ms
[38.873s][info][gc,phases,start] GC(210) Compaction Phase
[39.003s][info][gc,phases      ] GC(210) Compaction Phase 129.839ms
[39.003s][info][gc,phases,start] GC(210) Post Compact
[39.006s][info][gc,phases      ] GC(210) Post Compact 3.206ms
[39.006s][info][gc,heap        ] GC(210) PSYoungGen: 31743K(135168K)->31743K(135168K) Eden: 31743K(31744K)->31743K(31744K) From: 0K(103424K)->0K(103424K)
[39.006s][info][gc,heap        ] GC(210) ParOldGen: 1706949K(1707008K)->1706949K(1707008K)
[39.006s][info][gc,metaspace   ] GC(210) Metaspace: 6301K(6464K)->6301K(6464K) NonClass: 5768K(5824K)->5768K(5824K) Class: 533K(640K)->533K(640K)
[39.006s][info][gc             ] GC(210) Pause Full (Ergonomics) 1697M->1697M(1799M) 552.831ms
[39.006s][info][gc,cpu         ] GC(210) User=2.03s Sys=0.02s Real=0.55s
[39.007s][info][gc,start       ] GC(211) Pause Full (Ergonomics)
[39.007s][info][gc,phases,start] GC(211) Marking Phase
[39.418s][info][gc,phases      ] GC(211) Marking Phase 411.552ms
[39.418s][info][gc,phases,start] GC(211) Summary Phase
[39.418s][info][gc,phases      ] GC(211) Summary Phase 0.028ms
[39.418s][info][gc,phases,start] GC(211) Adjust Roots
[39.418s][info][gc,phases      ] GC(211) Adjust Roots 0.207ms
[39.418s][info][gc,phases,start] GC(211) Compaction Phase
[39.547s][info][gc,phases      ] GC(211) Compaction Phase 128.867ms
[39.547s][info][gc,phases,start] GC(211) Post Compact
[39.550s][info][gc,phases      ] GC(211) Post Compact 2.820ms
[39.550s][info][gc,heap        ] GC(211) PSYoungGen: 31743K(135168K)->31743K(135168K) Eden: 31743K(31744K)->31743K(31744K) From: 0K(103424K)->0K(103424K)
[39.550s][info][gc,heap        ] GC(211) ParOldGen: 1706954K(1707008K)->1706954K(1707008K)
[39.550s][info][gc,metaspace   ] GC(211) Metaspace: 6301K(6464K)->6301K(6464K) NonClass: 5768K(5824K)->5768K(5824K) Class: 533K(640K)->533K(640K)
[39.550s][info][gc             ] GC(211) Pause Full (Ergonomics) 1697M->1697M(1799M) 543.815ms
[39.550s][info][gc,cpu         ] GC(211) User=2.02s Sys=0.02s Real=0.54s
[39.551s][info][gc,start       ] GC(212) Pause Full (Ergonomics)
[39.551s][info][gc,phases,start] GC(212) Marking Phase
[39.943s][info][gc,phases      ] GC(212) Marking Phase 392.300ms
[39.943s][info][gc,phases,start] GC(212) Summary Phase
[39.943s][info][gc,phases      ] GC(212) Summary Phase 0.026ms
[39.943s][info][gc,phases,start] GC(212) Adjust Roots
[39.943s][info][gc,phases      ] GC(212) Adjust Roots 0.183ms
[39.943s][info][gc,phases,start] GC(212) Compaction Phase
[40.072s][info][gc,phases      ] GC(212) Compaction Phase 128.715ms
[40.072s][info][gc,phases,start] GC(212) Post Compact
[40.075s][info][gc,phases      ] GC(212) Post Compact 3.313ms
[40.075s][info][gc,heap        ] GC(212) PSYoungGen: 31743K(135168K)->31743K(135168K) Eden: 31743K(31744K)->31743K(31744K) From: 0K(103424K)->0K(103424K)
[40.075s][info][gc,heap        ] GC(212) ParOldGen: 1706958K(1707008K)->1706958K(1707008K)
[40.076s][info][gc,metaspace   ] GC(212) Metaspace: 6301K(6464K)->6301K(6464K) NonClass: 5768K(5824K)->5768K(5824K) Class: 533K(640K)->533K(640K)
[40.076s][info][gc             ] GC(212) Pause Full (Ergonomics) 1697M->1697M(1799M) 524.927ms
[40.076s][info][gc,cpu         ] GC(212) User=2.05s Sys=0.00s Real=0.53s
[40.076s][info][gc,start       ] GC(213) Pause Full (Ergonomics)
[40.076s][info][gc,phases,start] GC(213) Marking Phase
[40.493s][info][gc,phases      ] GC(213) Marking Phase 417.106ms
[40.493s][info][gc,phases,start] GC(213) Summary Phase
[40.493s][info][gc,phases      ] GC(213) Summary Phase 0.029ms
[40.493s][info][gc,phases,start] GC(213) Adjust Roots
[40.493s][info][gc,phases      ] GC(213) Adjust Roots 0.190ms
[40.493s][info][gc,phases,start] GC(213) Compaction Phase
[40.622s][info][gc,phases      ] GC(213) Compaction Phase 128.328ms
[40.622s][info][gc,phases,start] GC(213) Post Compact
[40.625s][info][gc,phases      ] GC(213) Post Compact 3.250ms
[40.625s][info][gc,heap        ] GC(213) PSYoungGen: 31743K(135168K)->31743K(135168K) Eden: 31743K(31744K)->31743K(31744K) From: 0K(103424K)->0K(103424K)
[40.625s][info][gc,heap        ] GC(213) ParOldGen: 1706963K(1707008K)->1706963K(1707008K)
[40.625s][info][gc,metaspace   ] GC(213) Metaspace: 6301K(6464K)->6301K(6464K) NonClass: 5768K(5824K)->5768K(5824K) Class: 533K(640K)->533K(640K)
[40.625s][info][gc             ] GC(213) Pause Full (Ergonomics) 1697M->1697M(1799M) 549.274ms
[40.625s][info][gc,cpu         ] GC(213) User=2.06s Sys=0.00s Real=0.55s
[40.626s][info][gc,start       ] GC(214) Pause Full (Ergonomics)
[40.626s][info][gc,phases,start] GC(214) Marking Phase
[41.046s][info][gc,phases      ] GC(214) Marking Phase 420.442ms
[41.046s][info][gc,phases,start] GC(214) Summary Phase
[41.046s][info][gc,phases      ] GC(214) Summary Phase 0.030ms
[41.046s][info][gc,phases,start] GC(214) Adjust Roots
[41.046s][info][gc,phases      ] GC(214) Adjust Roots 0.203ms
[41.046s][info][gc,phases,start] GC(214) Compaction Phase
[41.184s][info][gc,phases      ] GC(214) Compaction Phase 137.689ms
[41.184s][info][gc,phases,start] GC(214) Post Compact
[41.187s][info][gc,phases      ] GC(214) Post Compact 2.557ms
[41.187s][info][gc,heap        ] GC(214) PSYoungGen: 31743K(135168K)->31743K(135168K) Eden: 31743K(31744K)->31743K(31744K) From: 0K(103424K)->0K(103424K)
[41.187s][info][gc,heap        ] GC(214) ParOldGen: 1706968K(1707008K)->1706968K(1707008K)
[41.187s][info][gc,metaspace   ] GC(214) Metaspace: 6301K(6464K)->6301K(6464K) NonClass: 5768K(5824K)->5768K(5824K) Class: 533K(640K)->533K(640K)
[41.187s][info][gc             ] GC(214) Pause Full (Ergonomics) 1697M->1697M(1799M) 561.257ms
[41.187s][info][gc,cpu         ] GC(214) User=2.16s Sys=0.00s Real=0.56s
[41.187s][info][gc,start       ] GC(215) Pause Full (Ergonomics)
[41.187s][info][gc,phases,start] GC(215) Marking Phase
[41.671s][info][gc,phases      ] GC(215) Marking Phase 484.113ms
[41.671s][info][gc,phases,start] GC(215) Summary Phase
[41.671s][info][gc,phases      ] GC(215) Summary Phase 0.034ms
[41.671s][info][gc,phases,start] GC(215) Adjust Roots
[41.672s][info][gc,phases      ] GC(215) Adjust Roots 0.224ms
[41.672s][info][gc,phases,start] GC(215) Compaction Phase
[41.802s][info][gc,phases      ] GC(215) Compaction Phase 130.860ms
[41.803s][info][gc,phases,start] GC(215) Post Compact
[41.805s][info][gc,phases      ] GC(215) Post Compact 2.739ms
[41.805s][info][gc,heap        ] GC(215) PSYoungGen: 31743K(135168K)->31743K(135168K) Eden: 31743K(31744K)->31743K(31744K) From: 0K(103424K)->0K(103424K)
[41.805s][info][gc,heap        ] GC(215) ParOldGen: 1706972K(1707008K)->1706972K(1707008K)
[41.805s][info][gc,metaspace   ] GC(215) Metaspace: 6301K(6464K)->6301K(6464K) NonClass: 5768K(5824K)->5768K(5824K) Class: 533K(640K)->533K(640K)
[41.805s][info][gc             ] GC(215) Pause Full (Ergonomics) 1697M->1697M(1799M) 618.408ms
[41.806s][info][gc,cpu         ] GC(215) User=2.39s Sys=0.00s Real=0.62s
[41.806s][info][gc,start       ] GC(216) Pause Full (Ergonomics)
[41.806s][info][gc,phases,start] GC(216) Marking Phase
[42.284s][info][gc,phases      ] GC(216) Marking Phase 478.546ms
[42.284s][info][gc,phases,start] GC(216) Summary Phase
[42.284s][info][gc,phases      ] GC(216) Summary Phase 0.033ms
[42.284s][info][gc,phases,start] GC(216) Adjust Roots
[42.285s][info][gc,phases      ] GC(216) Adjust Roots 0.204ms
[42.285s][info][gc,phases,start] GC(216) Compaction Phase
[42.415s][info][gc,phases      ] GC(216) Compaction Phase 130.785ms
[42.416s][info][gc,phases,start] GC(216) Post Compact
[42.418s][info][gc,phases      ] GC(216) Post Compact 2.747ms
[42.418s][info][gc,heap        ] GC(216) PSYoungGen: 31743K(135168K)->31743K(135168K) Eden: 31743K(31744K)->31743K(31744K) From: 0K(103424K)->0K(103424K)
[42.418s][info][gc,heap        ] GC(216) ParOldGen: 1706977K(1707008K)->1706977K(1707008K)
[42.418s][info][gc,metaspace   ] GC(216) Metaspace: 6301K(6464K)->6301K(6464K) NonClass: 5768K(5824K)->5768K(5824K) Class: 533K(640K)->533K(640K)
[42.418s][info][gc             ] GC(216) Pause Full (Ergonomics) 1697M->1697M(1799M) 612.658ms
[42.418s][info][gc,cpu         ] GC(216) User=2.38s Sys=0.00s Real=0.61s
[42.419s][info][gc,start       ] GC(217) Pause Full (Ergonomics)
[42.419s][info][gc,phases,start] GC(217) Marking Phase
[42.910s][info][gc,phases      ] GC(217) Marking Phase 491.222ms
[42.910s][info][gc,phases,start] GC(217) Summary Phase
[42.910s][info][gc,phases      ] GC(217) Summary Phase 0.030ms
[42.910s][info][gc,phases,start] GC(217) Adjust Roots
[42.910s][info][gc,phases      ] GC(217) Adjust Roots 0.208ms
[42.910s][info][gc,phases,start] GC(217) Compaction Phase
[43.055s][info][gc,phases      ] GC(217) Compaction Phase 145.015ms
[43.055s][info][gc,phases,start] GC(217) Post Compact
[43.058s][info][gc,phases      ] GC(217) Post Compact 2.798ms
[43.058s][info][gc,heap        ] GC(217) PSYoungGen: 31743K(135168K)->31743K(135168K) Eden: 31743K(31744K)->31743K(31744K) From: 0K(103424K)->0K(103424K)
[43.058s][info][gc,heap        ] GC(217) ParOldGen: 1706982K(1707008K)->1706982K(1707008K)
[43.058s][info][gc,metaspace   ] GC(217) Metaspace: 6301K(6464K)->6301K(6464K) NonClass: 5768K(5824K)->5768K(5824K) Class: 533K(640K)->533K(640K)
[43.058s][info][gc             ] GC(217) Pause Full (Ergonomics) 1697M->1697M(1799M) 639.629ms
[43.058s][info][gc,cpu         ] GC(217) User=2.48s Sys=0.00s Real=0.64s
[43.059s][info][gc,start       ] GC(218) Pause Full (Ergonomics)
[43.059s][info][gc,phases,start] GC(218) Marking Phase
[43.471s][info][gc,phases      ] GC(218) Marking Phase 412.308ms
[43.471s][info][gc,phases,start] GC(218) Summary Phase
[43.471s][info][gc,phases      ] GC(218) Summary Phase 0.029ms
[43.471s][info][gc,phases,start] GC(218) Adjust Roots
[43.471s][info][gc,phases      ] GC(218) Adjust Roots 0.192ms
[43.471s][info][gc,phases,start] GC(218) Compaction Phase
[43.600s][info][gc,phases      ] GC(218) Compaction Phase 128.917ms
[43.600s][info][gc,phases,start] GC(218) Post Compact
[43.604s][info][gc,phases      ] GC(218) Post Compact 3.260ms
[43.604s][info][gc,heap        ] GC(218) PSYoungGen: 31743K(135168K)->31743K(135168K) Eden: 31743K(31744K)->31743K(31744K) From: 0K(103424K)->0K(103424K)
[43.604s][info][gc,heap        ] GC(218) ParOldGen: 1706986K(1707008K)->1706986K(1707008K)
[43.604s][info][gc,metaspace   ] GC(218) Metaspace: 6301K(6464K)->6301K(6464K) NonClass: 5768K(5824K)->5768K(5824K) Class: 533K(640K)->533K(640K)
[43.604s][info][gc             ] GC(218) Pause Full (Ergonomics) 1697M->1697M(1799M) 545.087ms
[43.604s][info][gc,cpu         ] GC(218) User=2.00s Sys=0.00s Real=0.55s
[43.604s][info][gc,start       ] GC(219) Pause Full (Ergonomics)
[43.604s][info][gc,phases,start] GC(219) Marking Phase
[44.007s][info][gc,phases      ] GC(219) Marking Phase 402.903ms
[44.007s][info][gc,phases,start] GC(219) Summary Phase
[44.007s][info][gc,phases      ] GC(219) Summary Phase 0.030ms
[44.007s][info][gc,phases,start] GC(219) Adjust Roots
[44.007s][info][gc,phases      ] GC(219) Adjust Roots 0.186ms
[44.007s][info][gc,phases,start] GC(219) Compaction Phase
[44.136s][info][gc,phases      ] GC(219) Compaction Phase 128.906ms
[44.136s][info][gc,phases,start] GC(219) Post Compact
[44.139s][info][gc,phases      ] GC(219) Post Compact 3.060ms
[44.139s][info][gc,heap        ] GC(219) PSYoungGen: 31743K(135168K)->31743K(135168K) Eden: 31743K(31744K)->31743K(31744K) From: 0K(103424K)->0K(103424K)
[44.139s][info][gc,heap        ] GC(219) ParOldGen: 1706991K(1707008K)->1706991K(1707008K)
[44.140s][info][gc,metaspace   ] GC(219) Metaspace: 6301K(6464K)->6301K(6464K) NonClass: 5768K(5824K)->5768K(5824K) Class: 533K(640K)->533K(640K)
[44.140s][info][gc             ] GC(219) Pause Full (Ergonomics) 1697M->1697M(1799M) 535.501ms
[44.140s][info][gc,cpu         ] GC(219) User=1.97s Sys=0.02s Real=0.54s
[44.140s][info][gc,start       ] GC(220) Pause Full (Ergonomics)
[44.140s][info][gc,phases,start] GC(220) Marking Phase
[44.607s][info][gc,phases      ] GC(220) Marking Phase 467.077ms
[44.607s][info][gc,phases,start] GC(220) Summary Phase
[44.607s][info][gc,phases      ] GC(220) Summary Phase 0.029ms
[44.607s][info][gc,phases,start] GC(220) Adjust Roots
[44.607s][info][gc,phases      ] GC(220) Adjust Roots 0.185ms
[44.607s][info][gc,phases,start] GC(220) Compaction Phase
[44.737s][info][gc,phases      ] GC(220) Compaction Phase 129.592ms
[44.737s][info][gc,phases,start] GC(220) Post Compact
[44.740s][info][gc,phases      ] GC(220) Post Compact 2.938ms
[44.740s][info][gc,heap        ] GC(220) PSYoungGen: 31743K(135168K)->31743K(135168K) Eden: 31743K(31744K)->31743K(31744K) From: 0K(103424K)->0K(103424K)
[44.740s][info][gc,heap        ] GC(220) ParOldGen: 1706996K(1707008K)->1706996K(1707008K)
[44.740s][info][gc,metaspace   ] GC(220) Metaspace: 6301K(6464K)->6301K(6464K) NonClass: 5768K(5824K)->5768K(5824K) Class: 533K(640K)->533K(640K)
[44.740s][info][gc             ] GC(220) Pause Full (Ergonomics) 1697M->1697M(1799M) 600.181ms
[44.740s][info][gc,cpu         ] GC(220) User=2.27s Sys=0.02s Real=0.60s
[44.740s][info][gc,start       ] GC(221) Pause Full (Ergonomics)
[44.740s][info][gc,phases,start] GC(221) Marking Phase
[45.189s][info][gc,phases      ] GC(221) Marking Phase 448.194ms
[45.189s][info][gc,phases,start] GC(221) Summary Phase
[45.189s][info][gc,phases      ] GC(221) Summary Phase 0.026ms
[45.189s][info][gc,phases,start] GC(221) Adjust Roots
[45.189s][info][gc,phases      ] GC(221) Adjust Roots 0.185ms
[45.189s][info][gc,phases,start] GC(221) Compaction Phase
[45.318s][info][gc,phases      ] GC(221) Compaction Phase 128.740ms
[45.318s][info][gc,phases,start] GC(221) Post Compact
[45.321s][info][gc,phases      ] GC(221) Post Compact 2.946ms
[45.321s][info][gc,heap        ] GC(221) PSYoungGen: 31743K(135168K)->31743K(135168K) Eden: 31743K(31744K)->31743K(31744K) From: 0K(103424K)->0K(103424K)
[45.321s][info][gc,heap        ] GC(221) ParOldGen: 1707000K(1707008K)->1707000K(1707008K)
[45.321s][info][gc,metaspace   ] GC(221) Metaspace: 6301K(6464K)->6301K(6464K) NonClass: 5768K(5824K)->5768K(5824K) Class: 533K(640K)->533K(640K)
[45.321s][info][gc             ] GC(221) Pause Full (Ergonomics) 1697M->1697M(1799M) 580.447ms
[45.321s][info][gc,cpu         ] GC(221) User=2.23s Sys=0.00s Real=0.58s
[45.321s][info][gc,start       ] GC(222) Pause Full (Ergonomics)
[45.321s][info][gc,phases,start] GC(222) Marking Phase
[45.773s][info][gc,phases      ] GC(222) Marking Phase 452.354ms
[45.773s][info][gc,phases,start] GC(222) Summary Phase
[45.774s][info][gc,phases      ] GC(222) Summary Phase 0.029ms
[45.774s][info][gc,phases,start] GC(222) Adjust Roots
[45.774s][info][gc,phases      ] GC(222) Adjust Roots 0.183ms
[45.774s][info][gc,phases,start] GC(222) Compaction Phase
[45.903s][info][gc,phases      ] GC(222) Compaction Phase 129.087ms
[45.903s][info][gc,phases,start] GC(222) Post Compact
[45.906s][info][gc,phases      ] GC(222) Post Compact 2.874ms
[45.906s][info][gc,heap        ] GC(222) PSYoungGen: 31743K(135168K)->31743K(135168K) Eden: 31743K(31744K)->31743K(31744K) From: 0K(103424K)->0K(103424K)
[45.906s][info][gc,heap        ] GC(222) ParOldGen: 1707005K(1707008K)->1707005K(1707008K)
[45.906s][info][gc,metaspace   ] GC(222) Metaspace: 6301K(6464K)->6301K(6464K) NonClass: 5768K(5824K)->5768K(5824K) Class: 533K(640K)->533K(640K)
[45.906s][info][gc             ] GC(222) Pause Full (Ergonomics) 1697M->1697M(1799M) 584.867ms
[45.906s][info][gc,cpu         ] GC(222) User=2.17s Sys=0.02s Real=0.59s
[45.906s][info][gc,start       ] GC(223) Pause Full (Ergonomics)
[45.906s][info][gc,phases,start] GC(223) Marking Phase
[46.333s][info][gc,phases      ] GC(223) Marking Phase 426.609ms
[46.333s][info][gc,phases,start] GC(223) Summary Phase
[46.333s][info][gc,phases      ] GC(223) Summary Phase 0.033ms
[46.333s][info][gc,phases,start] GC(223) Adjust Roots
[46.333s][info][gc,phases      ] GC(223) Adjust Roots 0.215ms
[46.333s][info][gc,phases,start] GC(223) Compaction Phase
[46.461s][info][gc,phases      ] GC(223) Compaction Phase 127.922ms
[46.461s][info][gc,phases,start] GC(223) Post Compact
[46.464s][info][gc,phases      ] GC(223) Post Compact 2.712ms
[46.464s][info][gc,heap        ] GC(223) PSYoungGen: 31743K(135168K)->31743K(135168K) Eden: 31743K(31744K)->31743K(31744K) From: 0K(103424K)->0K(103424K)
[46.464s][info][gc,heap        ] GC(223) ParOldGen: 1707008K(1707008K)->1707008K(1707008K)
[46.464s][info][gc,metaspace   ] GC(223) Metaspace: 6301K(6464K)->6301K(6464K) NonClass: 5768K(5824K)->5768K(5824K) Class: 533K(640K)->533K(640K)
[46.464s][info][gc             ] GC(223) Pause Full (Ergonomics) 1697M->1697M(1799M) 557.853ms
[46.464s][info][gc,cpu         ] GC(223) User=2.12s Sys=0.03s Real=0.56s
[46.464s][info][gc,start       ] GC(224) Pause Full (Allocation Failure)
[46.464s][info][gc,phases,start] GC(224) Marking Phase
[46.919s][info][gc,phases      ] GC(224) Marking Phase 454.994ms
[46.919s][info][gc,phases,start] GC(224) Summary Phase
[46.919s][info][gc,phases      ] GC(224) Summary Phase 0.034ms
[46.919s][info][gc,phases,start] GC(224) Adjust Roots
[46.920s][info][gc,phases      ] GC(224) Adjust Roots 0.413ms
[46.920s][info][gc,phases,start] GC(224) Compaction Phase
[47.247s][info][gc,phases      ] GC(224) Compaction Phase 327.580ms
[47.247s][info][gc,phases,start] GC(224) Post Compact
[47.251s][info][gc,phases      ] GC(224) Post Compact 3.340ms
[47.251s][info][gc,heap        ] GC(224) PSYoungGen: 31743K(135168K)->31743K(135168K) Eden: 31743K(31744K)->31743K(31744K) From: 0K(103424K)->0K(103424K)
[47.251s][info][gc,heap        ] GC(224) ParOldGen: 1707008K(1707008K)->1707003K(1707008K)
[47.251s][info][gc,metaspace   ] GC(224) Metaspace: 6301K(6464K)->6300K(6464K) NonClass: 5768K(5824K)->5767K(5824K) Class: 533K(640K)->532K(640K)
[47.251s][info][gc             ] GC(224) Pause Full (Allocation Failure) 1697M->1697M(1799M) 786.703ms
[47.251s][info][gc,cpu         ] GC(224) User=2.88s Sys=0.00s Real=0.79s
[47.251s][info][gc,start       ] GC(225) Pause Full (Ergonomics)
[47.251s][info][gc,phases,start] GC(225) Marking Phase
[47.686s][info][gc,phases      ] GC(225) Marking Phase 434.258ms
[47.686s][info][gc,phases,start] GC(225) Summary Phase
[47.686s][info][gc,phases      ] GC(225) Summary Phase 0.029ms
[47.686s][info][gc,phases,start] GC(225) Adjust Roots
[47.686s][info][gc,phases      ] GC(225) Adjust Roots 0.206ms
[47.686s][info][gc,phases,start] GC(225) Compaction Phase
[47.823s][info][gc,phases      ] GC(225) Compaction Phase 136.909ms
[47.823s][info][gc,phases,start] GC(225) Post Compact
[47.826s][info][gc,phases      ] GC(225) Post Compact 3.118ms
[47.826s][info][gc,heap        ] GC(225) PSYoungGen: 31743K(135168K)->31743K(135168K) Eden: 31743K(31744K)->31743K(31744K) From: 0K(103424K)->0K(103424K)
[47.826s][info][gc,heap        ] GC(225) ParOldGen: 1707005K(1707008K)->1707005K(1707008K)
[47.826s][info][gc,metaspace   ] GC(225) Metaspace: 6300K(6464K)->6300K(6464K) NonClass: 5767K(5824K)->5767K(5824K) Class: 532K(640K)->532K(640K)
[47.826s][info][gc             ] GC(225) Pause Full (Ergonomics) 1697M->1697M(1799M) 574.948ms
[47.826s][info][gc,cpu         ] GC(225) User=2.12s Sys=0.00s Real=0.58s
[47.827s][info][gc,start       ] GC(226) Pause Full (Ergonomics)
[47.827s][info][gc,phases,start] GC(226) Marking Phase
[48.233s][info][gc,phases      ] GC(226) Marking Phase 405.851ms
[48.233s][info][gc,phases,start] GC(226) Summary Phase
[48.233s][info][gc,phases      ] GC(226) Summary Phase 0.026ms
[48.233s][info][gc,phases,start] GC(226) Adjust Roots
[48.233s][info][gc,phases      ] GC(226) Adjust Roots 0.192ms
[48.233s][info][gc,phases,start] GC(226) Compaction Phase
[48.371s][info][gc,phases      ] GC(226) Compaction Phase 137.734ms
[48.371s][info][gc,phases,start] GC(226) Post Compact
[48.374s][info][gc,phases      ] GC(226) Post Compact 3.070ms
[48.374s][info][gc,heap        ] GC(226) PSYoungGen: 31743K(135168K)->31743K(135168K) Eden: 31743K(31744K)->31743K(31744K) From: 0K(103424K)->0K(103424K)
[48.374s][info][gc,heap        ] GC(226) ParOldGen: 1707008K(1707008K)->1707008K(1707008K)
[48.374s][info][gc,metaspace   ] GC(226) Metaspace: 6300K(6464K)->6300K(6464K) NonClass: 5767K(5824K)->5767K(5824K) Class: 532K(640K)->532K(640K)
[48.374s][info][gc             ] GC(226) Pause Full (Ergonomics) 1697M->1697M(1799M) 547.211ms
[48.374s][info][gc,cpu         ] GC(226) User=1.98s Sys=0.00s Real=0.55s
[48.374s][info][gc,start       ] GC(227) Pause Full (Allocation Failure)
[48.374s][info][gc,phases,start] GC(227) Marking Phase
[48.797s][info][gc,phases      ] GC(227) Marking Phase 423.182ms
[48.797s][info][gc,phases,start] GC(227) Summary Phase
[48.797s][info][gc,phases      ] GC(227) Summary Phase 0.029ms
[48.797s][info][gc,phases,start] GC(227) Adjust Roots
[48.798s][info][gc,phases      ] GC(227) Adjust Roots 0.195ms
[48.798s][info][gc,phases,start] GC(227) Compaction Phase
[48.931s][info][gc,phases      ] GC(227) Compaction Phase 133.301ms
[48.931s][info][gc,phases,start] GC(227) Post Compact
[48.934s][info][gc,phases      ] GC(227) Post Compact 3.219ms
[48.934s][info][gc,heap        ] GC(227) PSYoungGen: 31743K(135168K)->31743K(135168K) Eden: 31743K(31744K)->31743K(31744K) From: 0K(103424K)->0K(103424K)
[48.934s][info][gc,heap        ] GC(227) ParOldGen: 1707008K(1707008K)->1707008K(1707008K)
[48.934s][info][gc,metaspace   ] GC(227) Metaspace: 6300K(6464K)->6300K(6464K) NonClass: 5767K(5824K)->5767K(5824K) Class: 532K(640K)->532K(640K)
[48.934s][info][gc             ] GC(227) Pause Full (Allocation Failure) 1697M->1697M(1799M) 560.296ms
[48.934s][info][gc,cpu         ] GC(227) User=2.08s Sys=0.02s Real=0.56s
[48.935s][info][gc,start       ] GC(228) Pause Full (Ergonomics)
[48.935s][info][gc,phases,start] GC(228) Marking Phase
[49.334s][info][gc,phases      ] GC(228) Marking Phase 399.367ms
[49.334s][info][gc,phases,start] GC(228) Summary Phase
[49.334s][info][gc,phases      ] GC(228) Summary Phase 0.029ms
[49.334s][info][gc,phases,start] GC(228) Adjust Roots
[49.335s][info][gc,phases      ] GC(228) Adjust Roots 0.276ms
[49.335s][info][gc,phases,start] GC(228) Compaction Phase
[49.657s][info][gc,phases      ] GC(228) Compaction Phase 322.361ms
[49.657s][info][gc,phases,start] GC(228) Post Compact
[49.660s][info][gc,phases      ] GC(228) Post Compact 3.286ms
[49.661s][info][gc,heap        ] GC(228) PSYoungGen: 31743K(135168K)->31743K(135168K) Eden: 31743K(31744K)->31743K(31744K) From: 0K(103424K)->0K(103424K)
[49.661s][info][gc,heap        ] GC(228) ParOldGen: 1707008K(1707008K)->1707006K(1707008K)
[49.661s][info][gc,metaspace   ] GC(228) Metaspace: 6300K(6464K)->6300K(6464K) NonClass: 5767K(5824K)->5767K(5824K) Class: 532K(640K)->532K(640K)
[49.661s][info][gc             ] GC(228) Pause Full (Ergonomics) 1697M->1697M(1799M) 725.731ms
[49.661s][info][gc,cpu         ] GC(228) User=2.59s Sys=0.02s Real=0.73s
[49.662s][info][gc,start       ] GC(229) Pause Full (Ergonomics)
[49.662s][info][gc,phases,start] GC(229) Marking Phase
[50.091s][info][gc,phases      ] GC(229) Marking Phase 429.258ms
[50.091s][info][gc,phases,start] GC(229) Summary Phase
[50.091s][info][gc,phases      ] GC(229) Summary Phase 0.030ms
[50.091s][info][gc,phases,start] GC(229) Adjust Roots
[50.092s][info][gc,phases      ] GC(229) Adjust Roots 0.347ms
[50.092s][info][gc,phases,start] GC(229) Compaction Phase
[50.420s][info][gc,phases      ] GC(229) Compaction Phase 328.105ms
[50.420s][info][gc,phases,start] GC(229) Post Compact
[50.423s][info][gc,phases      ] GC(229) Post Compact 3.279ms
[50.423s][info][gc,heap        ] GC(229) PSYoungGen: 31744K(135168K)->31744K(135168K) Eden: 31744K(31744K)->31744K(31744K) From: 0K(103424K)->0K(103424K)
[50.423s][info][gc,heap        ] GC(229) ParOldGen: 1707007K(1707008K)->1707005K(1707008K)
[50.423s][info][gc,metaspace   ] GC(229) Metaspace: 6301K(6464K)->6301K(6464K) NonClass: 5767K(5824K)->5767K(5824K) Class: 533K(640K)->533K(640K)
[50.423s][info][gc             ] GC(229) Pause Full (Ergonomics) 1697M->1697M(1799M) 761.379ms
[50.423s][info][gc,cpu         ] GC(229) User=2.78s Sys=0.02s Real=0.76s
[50.424s][info][gc,start       ] GC(230) Pause Full (Ergonomics)
[50.424s][info][gc,phases,start] GC(230) Marking Phase
[50.842s][info][gc,phases      ] GC(230) Marking Phase 418.202ms
[50.842s][info][gc,phases,start] GC(230) Summary Phase
[50.842s][info][gc,phases      ] GC(230) Summary Phase 0.029ms
[50.842s][info][gc,phases,start] GC(230) Adjust Roots
[50.843s][info][gc,phases      ] GC(230) Adjust Roots 0.323ms
[50.843s][info][gc,phases,start] GC(230) Compaction Phase
[51.166s][info][gc,phases      ] GC(230) Compaction Phase 322.929ms
[51.166s][info][gc,phases,start] GC(230) Post Compact
[51.169s][info][gc,phases      ] GC(230) Post Compact 3.370ms
[51.169s][info][gc,heap        ] GC(230) PSYoungGen: 31744K(135168K)->31744K(135168K) Eden: 31744K(31744K)->31744K(31744K) From: 0K(103424K)->0K(103424K)
[51.169s][info][gc,heap        ] GC(230) ParOldGen: 1707005K(1707008K)->1707005K(1707008K)
[51.169s][info][gc,metaspace   ] GC(230) Metaspace: 6303K(6528K)->6303K(6528K) NonClass: 5769K(5888K)->5769K(5888K) Class: 534K(640K)->534K(640K)
[51.169s][info][gc             ] GC(230) Pause Full (Ergonomics) 1697M->1697M(1799M) 745.193ms
[51.169s][info][gc,cpu         ] GC(230) User=2.77s Sys=0.02s Real=0.74s
[51.170s][info][gc,heap,exit   ] Heap
[51.170s][info][gc,heap,exit   ]  PSYoungGen      total 135168K, used 31744K [0x00000007cbf00000, 0x00000007dac00000, 0x0000000800000000)
[51.170s][info][gc,heap,exit   ]   eden space 31744K, 100% used [0x00000007cbf00000,0x00000007cde00000,0x00000007cde00000)
[51.170s][info][gc,heap,exit   ]   from space 103424K, 0% used [0x00000007d4300000,0x00000007d4300000,0x00000007da800000)
[51.170s][info][gc,heap,exit   ]   to   space 103424K, 0% used [0x00000007cde00000,0x00000007cde00000,0x00000007d4300000)
[51.170s][info][gc,heap,exit   ]  ParOldGen       total 1707008K, used 1707005K [0x0000000763c00000, 0x00000007cbf00000, 0x00000007cbf00000)
[51.170s][info][gc,heap,exit   ]   object space 1707008K, 99% used [0x0000000763c00000,0x00000007cbeff5c0,0x00000007cbf00000)
[51.170s][info][gc,heap,exit   ]  Metaspace       used 6304K, committed 6528K, reserved 1114112K
[51.170s][info][gc,heap,exit   ]   class space    used 534K, committed 640K, reserved 1048576K
