[0.012s][info][gc,init] CardTable entry size: 512
[0.012s][info][gc     ] Using Parallel
[0.013s][info][gc,init] Version: 18.0.1+10 (release)
[0.013s][info][gc,init] CPUs: 8 total, 8 available
[0.013s][info][gc,init] Memory: 16063M
[0.013s][info][gc,init] Large Page Support: Disabled
[0.013s][info][gc,init] NUMA Support: Disabled
[0.013s][info][gc,init] Compressed Oops: Enabled (32-bit)
[0.013s][info][gc,init] Alignments: Space 512K, Generation 512K, Heap 2M
[0.013s][info][gc,init] Heap Min Capacity: 2M
[0.013s][info][gc,init] Heap Initial Capacity: 2M
[0.013s][info][gc,init] Heap Max Capacity: 1000M
[0.013s][info][gc,init] Pre-touch: Disabled
[0.013s][info][gc,init] Parallel Workers: 4
[0.013s][info][gc,metaspace] CDS archive(s) not mapped
[0.013s][info][gc,metaspace] Compressed class space mapped at: 0x0000000100000000-0x0000000140000000, reserved size: 1073741824
[0.014s][info][gc,metaspace] Narrow klass base: 0x0000000000000000, Narrow klass shift: 3, Narrow klass range: 0x140000000
[0.122s][info][gc,start    ] GC(0) Pause Young (Allocation Failure)
[0.123s][info][gc,heap     ] GC(0) PSYoungGen: 512K(1024K)->512K(1024K) Eden: 512K(512K)->0K(512K) From: 0K(512K)->512K(512K)
[0.123s][info][gc,heap     ] GC(0) ParOldGen: 0K(512K)->8K(512K)
[0.123s][info][gc,metaspace] GC(0) Metaspace: 4230K(4352K)->4230K(4352K) NonClass: 3909K(3968K)->3909K(3968K) Class: 321K(384K)->321K(384K)
[0.123s][info][gc          ] GC(0) Pause Young (Allocation Failure) 0M->0M(1M) 1.347ms
[0.123s][info][gc,cpu      ] GC(0) User=0.00s Sys=0.00s Real=0.00s
[0.186s][info][gc,start    ] GC(1) Pause Young (Allocation Failure)
[0.187s][info][gc,heap     ] GC(1) PSYoungGen: 1023K(1024K)->512K(1536K) Eden: 511K(512K)->0K(1024K) From: 512K(512K)->512K(512K)
[0.187s][info][gc,heap     ] GC(1) ParOldGen: 8K(512K)->104K(512K)
[0.187s][info][gc,metaspace] GC(1) Metaspace: 5881K(6016K)->5881K(6016K) NonClass: 5384K(5504K)->5384K(5504K) Class: 496K(512K)->496K(512K)
[0.187s][info][gc          ] GC(1) Pause Young (Allocation Failure) 1M->0M(2M) 0.910ms
[0.187s][info][gc,cpu      ] GC(1) User=0.02s Sys=0.00s Real=0.00s
[0.208s][info][gc,start    ] GC(2) Pause Young (Allocation Failure)
[0.209s][info][gc,heap     ] GC(2) PSYoungGen: 1536K(1536K)->512K(1536K) Eden: 1024K(1024K)->0K(1024K) From: 512K(512K)->512K(512K)
[0.209s][info][gc,heap     ] GC(2) ParOldGen: 104K(512K)->536K(1024K)
[0.209s][info][gc,metaspace] GC(2) Metaspace: 6299K(6464K)->6299K(6464K) NonClass: 5766K(5824K)->5766K(5824K) Class: 533K(640K)->533K(640K)
[0.209s][info][gc          ] GC(2) Pause Young (Allocation Failure) 1M->1M(2M) 1.056ms
[0.209s][info][gc,cpu      ] GC(2) User=0.00s Sys=0.00s Real=0.00s
[0.211s][info][gc,start    ] GC(3) Pause Young (Allocation Failure)
[0.212s][info][gc,heap     ] GC(3) PSYoungGen: 1536K(1536K)->480K(2560K) Eden: 1024K(1024K)->0K(2048K) From: 512K(512K)->480K(512K)
[0.212s][info][gc,heap     ] GC(3) ParOldGen: 536K(1024K)->1112K(1536K)
[0.212s][info][gc,metaspace] GC(3) Metaspace: 6299K(6464K)->6299K(6464K) NonClass: 5766K(5824K)->5766K(5824K) Class: 533K(640K)->533K(640K)
[0.212s][info][gc          ] GC(3) Pause Young (Allocation Failure) 2M->1M(4M) 1.115ms
[0.212s][info][gc,cpu      ] GC(3) User=0.00s Sys=0.00s Real=0.00s
[0.212s][info][gc,start    ] GC(4) Pause Full (Ergonomics)
[0.212s][info][gc,phases,start] GC(4) Marking Phase
[0.213s][info][gc,phases      ] GC(4) Marking Phase 0.997ms
[0.213s][info][gc,phases,start] GC(4) Summary Phase
[0.213s][info][gc,phases      ] GC(4) Summary Phase 0.014ms
[0.213s][info][gc,phases,start] GC(4) Adjust Roots
[0.214s][info][gc,phases      ] GC(4) Adjust Roots 0.353ms
[0.214s][info][gc,phases,start] GC(4) Compaction Phase
[0.217s][info][gc,phases      ] GC(4) Compaction Phase 2.849ms
[0.217s][info][gc,phases,start] GC(4) Post Compact
[0.217s][info][gc,phases      ] GC(4) Post Compact 0.070ms
[0.217s][info][gc,heap        ] GC(4) PSYoungGen: 480K(2560K)->0K(2560K) Eden: 0K(2048K)->0K(2048K) From: 480K(512K)->0K(512K)
[0.217s][info][gc,heap        ] GC(4) ParOldGen: 1112K(1536K)->1495K(3584K)
[0.217s][info][gc,metaspace   ] GC(4) Metaspace: 6299K(6464K)->6299K(6464K) NonClass: 5766K(5824K)->5766K(5824K) Class: 533K(640K)->533K(640K)
[0.217s][info][gc             ] GC(4) Pause Full (Ergonomics) 1M->1M(6M) 4.652ms
[0.217s][info][gc,cpu         ] GC(4) User=0.00s Sys=0.00s Real=0.00s
[0.220s][info][gc,start       ] GC(5) Pause Young (Allocation Failure)
[0.222s][info][gc,heap        ] GC(5) PSYoungGen: 2048K(2560K)->480K(3584K) Eden: 2048K(2048K)->0K(3072K) From: 0K(512K)->480K(512K)
[0.222s][info][gc,heap        ] GC(5) ParOldGen: 1495K(3584K)->2119K(3584K)
[0.222s][info][gc,metaspace   ] GC(5) Metaspace: 6299K(6464K)->6299K(6464K) NonClass: 5766K(5824K)->5766K(5824K) Class: 533K(640K)->533K(640K)
[0.222s][info][gc             ] GC(5) Pause Young (Allocation Failure) 3M->2M(7M) 1.151ms
[0.222s][info][gc,cpu         ] GC(5) User=0.00s Sys=0.00s Real=0.00s
[0.227s][info][gc,start       ] GC(6) Pause Young (Allocation Failure)
[0.229s][info][gc,heap        ] GC(6) PSYoungGen: 3552K(3584K)->1504K(4608K) Eden: 3072K(3072K)->0K(3072K) From: 480K(512K)->1504K(1536K)
[0.229s][info][gc,heap        ] GC(6) ParOldGen: 2119K(3584K)->2703K(3584K)
[0.229s][info][gc,metaspace   ] GC(6) Metaspace: 6299K(6464K)->6299K(6464K) NonClass: 5766K(5824K)->5766K(5824K) Class: 533K(640K)->533K(640K)
[0.229s][info][gc             ] GC(6) Pause Young (Allocation Failure) 5M->4M(8M) 1.752ms
[0.229s][info][gc,cpu         ] GC(6) User=0.00s Sys=0.00s Real=0.00s
[0.229s][info][gc,start       ] GC(7) Pause Full (Ergonomics)
[0.229s][info][gc,phases,start] GC(7) Marking Phase
[0.231s][info][gc,phases      ] GC(7) Marking Phase 1.514ms
[0.231s][info][gc,phases,start] GC(7) Summary Phase
[0.231s][info][gc,phases      ] GC(7) Summary Phase 0.016ms
[0.231s][info][gc,phases,start] GC(7) Adjust Roots
[0.231s][info][gc,phases      ] GC(7) Adjust Roots 0.284ms
[0.231s][info][gc,phases,start] GC(7) Compaction Phase
[0.233s][info][gc,phases      ] GC(7) Compaction Phase 1.755ms
[0.233s][info][gc,phases,start] GC(7) Post Compact
[0.233s][info][gc,phases      ] GC(7) Post Compact 0.034ms
[0.233s][info][gc,heap        ] GC(7) PSYoungGen: 1504K(4608K)->990K(4608K) Eden: 0K(3072K)->0K(3072K) From: 1504K(1536K)->990K(1536K)
[0.233s][info][gc,heap        ] GC(7) ParOldGen: 2703K(3584K)->3127K(6144K)
[0.233s][info][gc,metaspace   ] GC(7) Metaspace: 6299K(6464K)->6299K(6464K) NonClass: 5766K(5824K)->5766K(5824K) Class: 533K(640K)->533K(640K)
[0.233s][info][gc             ] GC(7) Pause Full (Ergonomics) 4M->4M(10M) 3.997ms
[0.233s][info][gc,cpu         ] GC(7) User=0.00s Sys=0.00s Real=0.00s
[0.238s][info][gc,start       ] GC(8) Pause Young (Allocation Failure)
[0.240s][info][gc,heap        ] GC(8) PSYoungGen: 4062K(4608K)->2048K(5632K) Eden: 3072K(3072K)->0K(3584K) From: 990K(1536K)->2048K(2048K)
[0.240s][info][gc,heap        ] GC(8) ParOldGen: 3127K(6144K)->3671K(6144K)
[0.240s][info][gc,metaspace   ] GC(8) Metaspace: 6299K(6464K)->6299K(6464K) NonClass: 5766K(5824K)->5766K(5824K) Class: 533K(640K)->533K(640K)
[0.240s][info][gc             ] GC(8) Pause Young (Allocation Failure) 7M->5M(11M) 2.042ms
[0.240s][info][gc,cpu         ] GC(8) User=0.00s Sys=0.00s Real=0.00s
[0.247s][info][gc,start       ] GC(9) Pause Young (Allocation Failure)
[0.249s][info][gc,heap        ] GC(9) PSYoungGen: 5632K(5632K)->3040K(6656K) Eden: 3584K(3584K)->0K(3584K) From: 2048K(2048K)->3040K(3072K)
[0.249s][info][gc,heap        ] GC(9) ParOldGen: 3671K(6144K)->4671K(6144K)
[0.249s][info][gc,metaspace   ] GC(9) Metaspace: 6299K(6464K)->6299K(6464K) NonClass: 5766K(5824K)->5766K(5824K) Class: 533K(640K)->533K(640K)
[0.249s][info][gc             ] GC(9) Pause Young (Allocation Failure) 9M->7M(12M) 2.832ms
[0.249s][info][gc,cpu         ] GC(9) User=0.00s Sys=0.00s Real=0.00s
[0.254s][info][gc,start       ] GC(10) Pause Young (Allocation Failure)
[0.258s][info][gc,heap        ] GC(10) PSYoungGen: 6624K(6656K)->4064K(9216K) Eden: 3584K(3584K)->0K(5120K) From: 3040K(3072K)->4064K(4096K)
[0.258s][info][gc,heap        ] GC(10) ParOldGen: 4671K(6144K)->5527K(6144K)
[0.258s][info][gc,metaspace   ] GC(10) Metaspace: 6299K(6464K)->6299K(6464K) NonClass: 5766K(5824K)->5766K(5824K) Class: 533K(640K)->533K(640K)
[0.258s][info][gc             ] GC(10) Pause Young (Allocation Failure) 11M->9M(15M) 3.760ms
[0.258s][info][gc,cpu         ] GC(10) User=0.00s Sys=0.00s Real=0.00s
[0.258s][info][gc,start       ] GC(11) Pause Full (Ergonomics)
[0.258s][info][gc,phases,start] GC(11) Marking Phase
[0.261s][info][gc,phases      ] GC(11) Marking Phase 3.226ms
[0.261s][info][gc,phases,start] GC(11) Summary Phase
[0.261s][info][gc,phases      ] GC(11) Summary Phase 0.015ms
[0.262s][info][gc,phases,start] GC(11) Adjust Roots
[0.262s][info][gc,phases      ] GC(11) Adjust Roots 0.234ms
[0.262s][info][gc,phases,start] GC(11) Compaction Phase
[0.266s][info][gc,phases      ] GC(11) Compaction Phase 4.101ms
[0.266s][info][gc,phases,start] GC(11) Post Compact
[0.266s][info][gc,phases      ] GC(11) Post Compact 0.074ms
[0.266s][info][gc,heap        ] GC(11) PSYoungGen: 4064K(9216K)->3481K(9216K) Eden: 0K(5120K)->0K(5120K) From: 4064K(4096K)->3481K(4096K)
[0.266s][info][gc,heap        ] GC(11) ParOldGen: 5527K(6144K)->5895K(10240K)
[0.266s][info][gc,metaspace   ] GC(11) Metaspace: 6299K(6464K)->6299K(6464K) NonClass: 5766K(5824K)->5766K(5824K) Class: 533K(640K)->533K(640K)
[0.266s][info][gc             ] GC(11) Pause Full (Ergonomics) 9M->9M(19M) 7.962ms
[0.266s][info][gc,cpu         ] GC(11) User=0.00s Sys=0.00s Real=0.01s
[0.275s][info][gc,start       ] GC(12) Pause Young (Allocation Failure)
[0.279s][info][gc,heap        ] GC(12) PSYoungGen: 8601K(9216K)->4480K(10240K) Eden: 5120K(5120K)->0K(5120K) From: 3481K(4096K)->4480K(5120K)
[0.280s][info][gc,heap        ] GC(12) ParOldGen: 5895K(10240K)->7871K(10240K)
[0.280s][info][gc,metaspace   ] GC(12) Metaspace: 6299K(6464K)->6299K(6464K) NonClass: 5766K(5824K)->5766K(5824K) Class: 533K(640K)->533K(640K)
[0.280s][info][gc             ] GC(12) Pause Young (Allocation Failure) 14M->12M(20M) 4.318ms
[0.280s][info][gc,cpu         ] GC(12) User=0.00s Sys=0.00s Real=0.00s
[0.284s][info][gc,start       ] GC(13) Pause Young (Allocation Failure)
[0.290s][info][gc,heap        ] GC(13) PSYoungGen: 9600K(10240K)->2688K(12800K) Eden: 5120K(5120K)->0K(7168K) From: 4480K(5120K)->2688K(5632K)
[0.290s][info][gc,heap        ] GC(13) ParOldGen: 7871K(10240K)->12391K(12800K)
[0.290s][info][gc,metaspace   ] GC(13) Metaspace: 6301K(6464K)->6301K(6464K) NonClass: 5768K(5824K)->5768K(5824K) Class: 533K(640K)->533K(640K)
[0.290s][info][gc             ] GC(13) Pause Young (Allocation Failure) 17M->14M(25M) 5.548ms
[0.290s][info][gc,cpu         ] GC(13) User=0.00s Sys=0.00s Real=0.01s
[0.290s][info][gc,start       ] GC(14) Pause Full (Ergonomics)
[0.290s][info][gc,phases,start] GC(14) Marking Phase
[0.295s][info][gc,phases      ] GC(14) Marking Phase 4.798ms
[0.295s][info][gc,phases,start] GC(14) Summary Phase
[0.295s][info][gc,phases      ] GC(14) Summary Phase 0.016ms
[0.295s][info][gc,phases,start] GC(14) Adjust Roots
[0.295s][info][gc,phases      ] GC(14) Adjust Roots 0.198ms
[0.295s][info][gc,phases,start] GC(14) Compaction Phase
[0.301s][info][gc,phases      ] GC(14) Compaction Phase 5.699ms
[0.301s][info][gc,phases,start] GC(14) Post Compact
[0.301s][info][gc,phases      ] GC(14) Post Compact 0.091ms
[0.301s][info][gc,heap        ] GC(14) PSYoungGen: 2688K(12800K)->2099K(12800K) Eden: 0K(7168K)->0K(7168K) From: 2688K(5632K)->2099K(5632K)
[0.301s][info][gc,heap        ] GC(14) ParOldGen: 12391K(12800K)->12516K(19968K)
[0.301s][info][gc,metaspace   ] GC(14) Metaspace: 6301K(6464K)->6301K(6464K) NonClass: 5768K(5824K)->5768K(5824K) Class: 533K(640K)->533K(640K)
[0.301s][info][gc             ] GC(14) Pause Full (Ergonomics) 14M->14M(32M) 11.139ms
[0.301s][info][gc,cpu         ] GC(14) User=0.02s Sys=0.00s Real=0.01s
[0.307s][info][gc,start       ] GC(15) Pause Young (Allocation Failure)
[0.311s][info][gc,heap        ] GC(15) PSYoungGen: 9267K(12800K)->3744K(12800K) Eden: 7168K(7168K)->0K(7168K) From: 2099K(5632K)->3744K(5632K)
[0.311s][info][gc,heap        ] GC(15) ParOldGen: 12516K(19968K)->14660K(19968K)
[0.311s][info][gc,metaspace   ] GC(15) Metaspace: 6301K(6464K)->6301K(6464K) NonClass: 5768K(5824K)->5768K(5824K) Class: 533K(640K)->533K(640K)
[0.311s][info][gc             ] GC(15) Pause Young (Allocation Failure) 21M->17M(32M) 4.875ms
[0.311s][info][gc,cpu         ] GC(15) User=0.00s Sys=0.00s Real=0.00s
[0.317s][info][gc,start       ] GC(16) Pause Young (Allocation Failure)
[0.322s][info][gc,heap        ] GC(16) PSYoungGen: 10912K(12800K)->3776K(15360K) Eden: 7168K(7168K)->0K(9728K) From: 3744K(5632K)->3776K(5632K)
[0.322s][info][gc,heap        ] GC(16) ParOldGen: 14660K(19968K)->18420K(19968K)
[0.322s][info][gc,metaspace   ] GC(16) Metaspace: 6301K(6464K)->6301K(6464K) NonClass: 5768K(5824K)->5768K(5824K) Class: 533K(640K)->533K(640K)
[0.322s][info][gc             ] GC(16) Pause Young (Allocation Failure) 24M->21M(34M) 5.097ms
[0.322s][info][gc,cpu         ] GC(16) User=0.00s Sys=0.00s Real=0.01s
[0.322s][info][gc,start       ] GC(17) Pause Full (Ergonomics)
[0.322s][info][gc,phases,start] GC(17) Marking Phase
[0.330s][info][gc,phases      ] GC(17) Marking Phase 7.499ms
[0.330s][info][gc,phases,start] GC(17) Summary Phase
[0.330s][info][gc,phases      ] GC(17) Summary Phase 0.017ms
[0.330s][info][gc,phases,start] GC(17) Adjust Roots
[0.330s][info][gc,phases      ] GC(17) Adjust Roots 0.214ms
[0.330s][info][gc,phases,start] GC(17) Compaction Phase
[0.335s][info][gc,phases      ] GC(17) Compaction Phase 4.869ms
[0.335s][info][gc,phases,start] GC(17) Post Compact
[0.335s][info][gc,phases      ] GC(17) Post Compact 0.119ms
[0.335s][info][gc,heap        ] GC(17) PSYoungGen: 3776K(15360K)->2165K(15360K) Eden: 0K(9728K)->0K(9728K) From: 3776K(5632K)->2165K(5632K)
[0.335s][info][gc,heap        ] GC(17) ParOldGen: 18420K(19968K)->19825K(29184K)
[0.335s][info][gc,metaspace   ] GC(17) Metaspace: 6301K(6464K)->6301K(6464K) NonClass: 5768K(5824K)->5768K(5824K) Class: 533K(640K)->533K(640K)
[0.335s][info][gc             ] GC(17) Pause Full (Ergonomics) 21M->21M(43M) 13.050ms
[0.335s][info][gc,cpu         ] GC(17) User=0.03s Sys=0.00s Real=0.01s
[0.347s][info][gc,start       ] GC(18) Pause Young (Allocation Failure)
[0.353s][info][gc,heap        ] GC(18) PSYoungGen: 11893K(15360K)->5600K(15872K) Eden: 9728K(9728K)->0K(9728K) From: 2165K(5632K)->5600K(6144K)
[0.353s][info][gc,heap        ] GC(18) ParOldGen: 19825K(29184K)->22041K(29184K)
[0.353s][info][gc,metaspace   ] GC(18) Metaspace: 6301K(6464K)->6301K(6464K) NonClass: 5768K(5824K)->5768K(5824K) Class: 533K(640K)->533K(640K)
[0.353s][info][gc             ] GC(18) Pause Young (Allocation Failure) 30M->26M(44M) 6.124ms
[0.353s][info][gc,cpu         ] GC(18) User=0.00s Sys=0.00s Real=0.01s
[0.360s][info][gc,start       ] GC(19) Pause Young (Allocation Failure)
[0.367s][info][gc,heap        ] GC(19) PSYoungGen: 15328K(15872K)->5088K(19456K) Eden: 9728K(9728K)->0K(12800K) From: 5600K(6144K)->5088K(6656K)
[0.367s][info][gc,heap        ] GC(19) ParOldGen: 22041K(29184K)->27649K(29184K)
[0.367s][info][gc,metaspace   ] GC(19) Metaspace: 6301K(6464K)->6301K(6464K) NonClass: 5768K(5824K)->5768K(5824K) Class: 533K(640K)->533K(640K)
[0.367s][info][gc             ] GC(19) Pause Young (Allocation Failure) 36M->31M(47M) 6.689ms
[0.367s][info][gc,cpu         ] GC(19) User=0.00s Sys=0.00s Real=0.01s
[0.367s][info][gc,start       ] GC(20) Pause Full (Ergonomics)
[0.367s][info][gc,phases,start] GC(20) Marking Phase
[0.378s][info][gc,phases      ] GC(20) Marking Phase 10.705ms
[0.378s][info][gc,phases,start] GC(20) Summary Phase
[0.378s][info][gc,phases      ] GC(20) Summary Phase 0.018ms
[0.378s][info][gc,phases,start] GC(20) Adjust Roots
[0.378s][info][gc,phases      ] GC(20) Adjust Roots 0.234ms
[0.378s][info][gc,phases,start] GC(20) Compaction Phase
[0.389s][info][gc,phases      ] GC(20) Compaction Phase 10.862ms
[0.389s][info][gc,phases,start] GC(20) Post Compact
[0.389s][info][gc,phases      ] GC(20) Post Compact 0.119ms
[0.389s][info][gc,heap        ] GC(20) PSYoungGen: 5088K(19456K)->2983K(19456K) Eden: 0K(12800K)->0K(12800K) From: 5088K(6656K)->2983K(6656K)
[0.389s][info][gc,heap        ] GC(20) ParOldGen: 27649K(29184K)->29044K(40960K)
[0.389s][info][gc,metaspace   ] GC(20) Metaspace: 6301K(6464K)->6301K(6464K) NonClass: 5768K(5824K)->5768K(5824K) Class: 533K(640K)->533K(640K)
[0.389s][info][gc             ] GC(20) Pause Full (Ergonomics) 31M->31M(59M) 22.292ms
[0.389s][info][gc,cpu         ] GC(20) User=0.02s Sys=0.00s Real=0.02s
[0.402s][info][gc,start       ] GC(21) Pause Young (Allocation Failure)
[0.413s][info][gc,heap        ] GC(21) PSYoungGen: 15783K(19456K)->7168K(19968K) Eden: 12800K(12800K)->0K(12800K) From: 2983K(6656K)->7168K(7168K)
[0.413s][info][gc,heap        ] GC(21) ParOldGen: 29044K(40960K)->36764K(40960K)
[0.413s][info][gc,metaspace   ] GC(21) Metaspace: 6301K(6464K)->6301K(6464K) NonClass: 5768K(5824K)->5768K(5824K) Class: 533K(640K)->533K(640K)
[0.413s][info][gc             ] GC(21) Pause Young (Allocation Failure) 43M->42M(59M) 11.023ms
[0.413s][info][gc,cpu         ] GC(21) User=0.02s Sys=0.00s Real=0.01s
[0.413s][info][gc,start       ] GC(22) Pause Full (Ergonomics)
[0.413s][info][gc,phases,start] GC(22) Marking Phase
[0.429s][info][gc,phases      ] GC(22) Marking Phase 16.434ms
[0.429s][info][gc,phases,start] GC(22) Summary Phase
[0.429s][info][gc,phases      ] GC(22) Summary Phase 0.017ms
[0.429s][info][gc,phases,start] GC(22) Adjust Roots
[0.430s][info][gc,phases      ] GC(22) Adjust Roots 0.193ms
[0.430s][info][gc,phases,start] GC(22) Compaction Phase
[0.437s][info][gc,phases      ] GC(22) Compaction Phase 7.742ms
[0.437s][info][gc,phases,start] GC(22) Post Compact
[0.438s][info][gc,phases      ] GC(22) Post Compact 0.273ms
[0.438s][info][gc,heap        ] GC(22) PSYoungGen: 7168K(19968K)->3065K(19968K) Eden: 0K(12800K)->0K(12800K) From: 7168K(7168K)->3065K(7168K)
[0.438s][info][gc,heap        ] GC(22) ParOldGen: 36764K(40960K)->40720K(55808K)
[0.438s][info][gc,metaspace   ] GC(22) Metaspace: 6301K(6464K)->6301K(6464K) NonClass: 5768K(5824K)->5768K(5824K) Class: 533K(640K)->533K(640K)
[0.438s][info][gc             ] GC(22) Pause Full (Ergonomics) 42M->42M(74M) 25.310ms
[0.438s][info][gc,cpu         ] GC(22) User=0.05s Sys=0.00s Real=0.03s
[0.453s][info][gc,start       ] GC(23) Pause Young (Allocation Failure)
[0.465s][info][gc,heap        ] GC(23) PSYoungGen: 15865K(19968K)->11232K(23040K) Eden: 12800K(12800K)->0K(11776K) From: 3065K(7168K)->11232K(11264K)
[0.465s][info][gc,heap        ] GC(23) ParOldGen: 40720K(55808K)->45440K(55808K)
[0.465s][info][gc,metaspace   ] GC(23) Metaspace: 6301K(6464K)->6301K(6464K) NonClass: 5768K(5824K)->5768K(5824K) Class: 533K(640K)->533K(640K)
[0.465s][info][gc             ] GC(23) Pause Young (Allocation Failure) 55M->55M(77M) 12.134ms
[0.465s][info][gc,cpu         ] GC(23) User=0.00s Sys=0.00s Real=0.01s
[0.479s][info][gc,start       ] GC(24) Pause Young (Allocation Failure)
[0.492s][info][gc,heap        ] GC(24) PSYoungGen: 23008K(23040K)->11840K(26624K) Eden: 11776K(11776K)->0K(11776K) From: 11232K(11264K)->11840K(14848K)
[0.493s][info][gc,heap        ] GC(24) ParOldGen: 45440K(55808K)->56816K(56832K)
[0.493s][info][gc,metaspace   ] GC(24) Metaspace: 6301K(6464K)->6301K(6464K) NonClass: 5768K(5824K)->5768K(5824K) Class: 533K(640K)->533K(640K)
[0.493s][info][gc             ] GC(24) Pause Young (Allocation Failure) 66M->67M(81M) 14.006ms
[0.493s][info][gc,cpu         ] GC(24) User=0.02s Sys=0.00s Real=0.01s
[0.493s][info][gc,start       ] GC(25) Pause Full (Ergonomics)
[0.493s][info][gc,phases,start] GC(25) Marking Phase
[0.513s][info][gc,phases      ] GC(25) Marking Phase 19.962ms
[0.513s][info][gc,phases,start] GC(25) Summary Phase
[0.513s][info][gc,phases      ] GC(25) Summary Phase 0.018ms
[0.513s][info][gc,phases,start] GC(25) Adjust Roots
[0.513s][info][gc,phases      ] GC(25) Adjust Roots 0.195ms
[0.513s][info][gc,phases,start] GC(25) Compaction Phase
[0.532s][info][gc,phases      ] GC(25) Compaction Phase 19.313ms
[0.532s][info][gc,phases,start] GC(25) Post Compact
[0.533s][info][gc,phases      ] GC(25) Post Compact 0.238ms
[0.533s][info][gc,heap        ] GC(25) PSYoungGen: 11840K(26624K)->10724K(26624K) Eden: 0K(11776K)->0K(11776K) From: 11840K(14848K)->10724K(14848K)
[0.533s][info][gc,heap        ] GC(25) ParOldGen: 56816K(56832K)->56559K(76288K)
[0.533s][info][gc,metaspace   ] GC(25) Metaspace: 6301K(6464K)->6301K(6464K) NonClass: 5768K(5824K)->5768K(5824K) Class: 533K(640K)->533K(640K)
[0.533s][info][gc             ] GC(25) Pause Full (Ergonomics) 67M->65M(100M) 40.191ms
[0.533s][info][gc,cpu         ] GC(25) User=0.08s Sys=0.00s Real=0.04s
[0.545s][info][gc,start       ] GC(26) Pause Young (Allocation Failure)
[0.560s][info][gc,heap        ] GC(26) PSYoungGen: 22500K(26624K)->11808K(29696K) Eden: 11776K(11776K)->0K(13312K) From: 10724K(14848K)->11808K(16384K)
[0.560s][info][gc,heap        ] GC(26) ParOldGen: 56559K(76288K)->67471K(76288K)
[0.560s][info][gc,metaspace   ] GC(26) Metaspace: 6301K(6464K)->6301K(6464K) NonClass: 5768K(5824K)->5768K(5824K) Class: 533K(640K)->533K(640K)
[0.560s][info][gc             ] GC(26) Pause Young (Allocation Failure) 77M->77M(103M) 15.109ms
[0.560s][info][gc,cpu         ] GC(26) User=0.00s Sys=0.00s Real=0.02s
[0.560s][info][gc,start       ] GC(27) Pause Full (Ergonomics)
[0.560s][info][gc,phases,start] GC(27) Marking Phase
[0.585s][info][gc,phases      ] GC(27) Marking Phase 24.561ms
[0.585s][info][gc,phases,start] GC(27) Summary Phase
[0.585s][info][gc,phases      ] GC(27) Summary Phase 0.018ms
[0.585s][info][gc,phases,start] GC(27) Adjust Roots
[0.585s][info][gc,phases      ] GC(27) Adjust Roots 0.205ms
[0.585s][info][gc,phases,start] GC(27) Compaction Phase
[0.598s][info][gc,phases      ] GC(27) Compaction Phase 13.313ms
[0.599s][info][gc,phases,start] GC(27) Post Compact
[0.599s][info][gc,phases      ] GC(27) Post Compact 0.346ms
[0.599s][info][gc,heap        ] GC(27) PSYoungGen: 11808K(29696K)->3056K(29696K) Eden: 0K(13312K)->0K(13312K) From: 11808K(16384K)->3056K(16384K)
[0.599s][info][gc,heap        ] GC(27) ParOldGen: 67471K(76288K)->75970K(99328K)
[0.599s][info][gc,metaspace   ] GC(27) Metaspace: 6301K(6464K)->6301K(6464K) NonClass: 5768K(5824K)->5768K(5824K) Class: 533K(640K)->533K(640K)
[0.599s][info][gc             ] GC(27) Pause Full (Ergonomics) 77M->77M(126M) 38.848ms
[0.599s][info][gc,cpu         ] GC(27) User=0.09s Sys=0.00s Real=0.04s
[0.611s][info][gc,start       ] GC(28) Pause Young (Allocation Failure)
[0.623s][info][gc,heap        ] GC(28) PSYoungGen: 12882K(29696K)->12864K(30720K) Eden: 9826K(13312K)->0K(13312K) From: 3056K(16384K)->12864K(17408K)
[0.623s][info][gc,heap        ] GC(28) ParOldGen: 75970K(99328K)->75970K(99328K)
[0.623s][info][gc,metaspace   ] GC(28) Metaspace: 6301K(6464K)->6301K(6464K) NonClass: 5768K(5824K)->5768K(5824K) Class: 533K(640K)->533K(640K)
[0.623s][info][gc             ] GC(28) Pause Young (Allocation Failure) 86M->86M(127M) 11.925ms
[0.623s][info][gc,cpu         ] GC(28) User=0.00s Sys=0.00s Real=0.01s
[0.644s][info][gc,start       ] GC(29) Pause Young (Allocation Failure)
[0.661s][info][gc,heap        ] GC(29) PSYoungGen: 26176K(30720K)->18912K(29184K) Eden: 13312K(13312K)->0K(10240K) From: 12864K(17408K)->18912K(18944K)
[0.661s][info][gc,heap        ] GC(29) ParOldGen: 75970K(99328K)->83258K(99328K)
[0.661s][info][gc,metaspace   ] GC(29) Metaspace: 6301K(6464K)->6301K(6464K) NonClass: 5768K(5824K)->5768K(5824K) Class: 533K(640K)->533K(640K)
[0.661s][info][gc             ] GC(29) Pause Young (Allocation Failure) 99M->99M(125M) 17.256ms
[0.661s][info][gc,cpu         ] GC(29) User=0.02s Sys=0.00s Real=0.02s
[0.671s][info][gc,start       ] GC(30) Pause Young (Allocation Failure)
[0.686s][info][gc,heap        ] GC(30) PSYoungGen: 29152K(29184K)->19584K(34816K) Eden: 10240K(10240K)->0K(10240K) From: 18912K(18944K)->19584K(24576K)
[0.686s][info][gc,heap        ] GC(30) ParOldGen: 83258K(99328K)->93034K(99328K)
[0.686s][info][gc,metaspace   ] GC(30) Metaspace: 6301K(6464K)->6301K(6464K) NonClass: 5768K(5824K)->5768K(5824K) Class: 533K(640K)->533K(640K)
[0.686s][info][gc             ] GC(30) Pause Young (Allocation Failure) 109M->109M(131M) 14.345ms
[0.686s][info][gc,cpu         ] GC(30) User=0.00s Sys=0.00s Real=0.01s
[0.686s][info][gc,start       ] GC(31) Pause Full (Ergonomics)
[0.686s][info][gc,phases,start] GC(31) Marking Phase
[0.719s][info][gc,phases      ] GC(31) Marking Phase 33.669ms
[0.720s][info][gc,phases,start] GC(31) Summary Phase
[0.720s][info][gc,phases      ] GC(31) Summary Phase 0.020ms
[0.720s][info][gc,phases,start] GC(31) Adjust Roots
[0.720s][info][gc,phases      ] GC(31) Adjust Roots 0.186ms
[0.720s][info][gc,phases,start] GC(31) Compaction Phase
[0.747s][info][gc,phases      ] GC(31) Compaction Phase 26.977ms
[0.747s][info][gc,phases,start] GC(31) Post Compact
[0.747s][info][gc,phases      ] GC(31) Post Compact 0.424ms
[0.747s][info][gc,heap        ] GC(31) PSYoungGen: 19584K(34816K)->11300K(34816K) Eden: 0K(10240K)->0K(10240K) From: 19584K(24576K)->11300K(24576K)
[0.747s][info][gc,heap        ] GC(31) ParOldGen: 93034K(99328K)->98879K(125440K)
[0.747s][info][gc,metaspace   ] GC(31) Metaspace: 6301K(6464K)->6301K(6464K) NonClass: 5768K(5824K)->5768K(5824K) Class: 533K(640K)->533K(640K)
[0.747s][info][gc             ] GC(31) Pause Full (Ergonomics) 109M->107M(156M) 61.722ms
[0.747s][info][gc,cpu         ] GC(31) User=0.22s Sys=0.00s Real=0.06s
[0.759s][info][gc,start       ] GC(32) Pause Young (Allocation Failure)
[0.776s][info][gc,heap        ] GC(32) PSYoungGen: 21540K(34816K)->18240K(38400K) Eden: 10240K(10240K)->0K(11264K) From: 11300K(24576K)->18240K(27136K)
[0.776s][info][gc,heap        ] GC(32) ParOldGen: 98879K(125440K)->102303K(125440K)
[0.776s][info][gc,metaspace   ] GC(32) Metaspace: 6301K(6464K)->6301K(6464K) NonClass: 5768K(5824K)->5768K(5824K) Class: 533K(640K)->533K(640K)
[0.776s][info][gc             ] GC(32) Pause Young (Allocation Failure) 117M->117M(160M) 17.619ms
[0.776s][info][gc,cpu         ] GC(32) User=0.03s Sys=0.02s Real=0.02s
[0.788s][info][gc,start       ] GC(33) Pause Young (Allocation Failure)
[0.803s][info][gc,heap        ] GC(33) PSYoungGen: 29504K(38400K)->28160K(39424K) Eden: 11264K(11264K)->0K(11264K) From: 18240K(27136K)->28160K(28160K)
[0.803s][info][gc,heap        ] GC(33) ParOldGen: 102303K(125440K)->103607K(125440K)
[0.803s][info][gc,metaspace   ] GC(33) Metaspace: 6301K(6464K)->6301K(6464K) NonClass: 5768K(5824K)->5768K(5824K) Class: 533K(640K)->533K(640K)
[0.803s][info][gc             ] GC(33) Pause Young (Allocation Failure) 128M->128M(161M) 15.087ms
[0.803s][info][gc,cpu         ] GC(33) User=0.02s Sys=0.00s Real=0.02s
[0.815s][info][gc,start       ] GC(34) Pause Young (Allocation Failure)
[0.836s][info][gc,heap        ] GC(34) PSYoungGen: 39424K(39424K)->22464K(45568K) Eden: 11264K(11264K)->0K(12288K) From: 28160K(28160K)->22464K(33280K)
[0.836s][info][gc,heap        ] GC(34) ParOldGen: 103607K(125440K)->120871K(125440K)
[0.836s][info][gc,metaspace   ] GC(34) Metaspace: 6301K(6464K)->6301K(6464K) NonClass: 5768K(5824K)->5768K(5824K) Class: 533K(640K)->533K(640K)
[0.836s][info][gc             ] GC(34) Pause Young (Allocation Failure) 139M->139M(167M) 21.294ms
[0.836s][info][gc,cpu         ] GC(34) User=0.06s Sys=0.00s Real=0.02s
[0.836s][info][gc,start       ] GC(35) Pause Full (Ergonomics)
[0.836s][info][gc,phases,start] GC(35) Marking Phase
[0.878s][info][gc,phases      ] GC(35) Marking Phase 42.046ms
[0.878s][info][gc,phases,start] GC(35) Summary Phase
[0.878s][info][gc,phases      ] GC(35) Summary Phase 0.017ms
[0.878s][info][gc,phases,start] GC(35) Adjust Roots
[0.878s][info][gc,phases      ] GC(35) Adjust Roots 0.182ms
[0.878s][info][gc,phases,start] GC(35) Compaction Phase
[0.901s][info][gc,phases      ] GC(35) Compaction Phase 22.599ms
[0.901s][info][gc,phases,start] GC(35) Post Compact
[0.902s][info][gc,phases      ] GC(35) Post Compact 0.650ms
[0.902s][info][gc,heap        ] GC(35) PSYoungGen: 22464K(45568K)->17758K(45568K) Eden: 0K(12288K)->0K(12288K) From: 22464K(33280K)->17758K(33280K)
[0.902s][info][gc,heap        ] GC(35) ParOldGen: 120871K(125440K)->125086K(156160K)
[0.902s][info][gc,metaspace   ] GC(35) Metaspace: 6301K(6464K)->6301K(6464K) NonClass: 5768K(5824K)->5768K(5824K) Class: 533K(640K)->533K(640K)
[0.902s][info][gc             ] GC(35) Pause Full (Ergonomics) 139M->139M(197M) 65.990ms
[0.902s][info][gc,cpu         ] GC(35) User=0.17s Sys=0.00s Real=0.07s
[0.915s][info][gc,start       ] GC(36) Pause Young (Allocation Failure)
[0.935s][info][gc,heap        ] GC(36) PSYoungGen: 30046K(45568K)->21408K(47104K) Eden: 12288K(12288K)->0K(12288K) From: 17758K(33280K)->21408K(34816K)
[0.935s][info][gc,heap        ] GC(36) ParOldGen: 125086K(156160K)->133982K(156160K)
[0.935s][info][gc,metaspace   ] GC(36) Metaspace: 6301K(6464K)->6301K(6464K) NonClass: 5768K(5824K)->5768K(5824K) Class: 533K(640K)->533K(640K)
[0.935s][info][gc             ] GC(36) Pause Young (Allocation Failure) 151M->151M(198M) 20.348ms
[0.935s][info][gc,cpu         ] GC(36) User=0.05s Sys=0.02s Real=0.02s
[0.948s][info][gc,start       ] GC(37) Pause Young (Allocation Failure)
[0.966s][info][gc,heap        ] GC(37) PSYoungGen: 33696K(47104K)->24640K(48640K) Eden: 12288K(12288K)->0K(12800K) From: 21408K(34816K)->24640K(35840K)
[0.966s][info][gc,heap        ] GC(37) ParOldGen: 133982K(156160K)->143142K(156160K)
[0.966s][info][gc,metaspace   ] GC(37) Metaspace: 6301K(6464K)->6301K(6464K) NonClass: 5768K(5824K)->5768K(5824K) Class: 533K(640K)->533K(640K)
[0.966s][info][gc             ] GC(37) Pause Young (Allocation Failure) 163M->163M(200M) 18.183ms
[0.966s][info][gc,cpu         ] GC(37) User=0.06s Sys=0.00s Real=0.02s
[0.966s][info][gc,start       ] GC(38) Pause Full (Ergonomics)
[0.966s][info][gc,phases,start] GC(38) Marking Phase
[1.019s][info][gc,phases      ] GC(38) Marking Phase 53.215ms
[1.019s][info][gc,phases,start] GC(38) Summary Phase
[1.019s][info][gc,phases      ] GC(38) Summary Phase 0.019ms
[1.019s][info][gc,phases,start] GC(38) Adjust Roots
[1.019s][info][gc,phases      ] GC(38) Adjust Roots 0.199ms
[1.019s][info][gc,phases,start] GC(38) Compaction Phase
[1.046s][info][gc,phases      ] GC(38) Compaction Phase 26.390ms
[1.046s][info][gc,phases,start] GC(38) Post Compact
[1.047s][info][gc,phases      ] GC(38) Post Compact 0.795ms
[1.047s][info][gc,heap        ] GC(38) PSYoungGen: 24640K(48640K)->11230K(48640K) Eden: 0K(12800K)->0K(12800K) From: 24640K(35840K)->11230K(35840K)
[1.047s][info][gc,heap        ] GC(38) ParOldGen: 143142K(156160K)->156130K(189440K)
[1.047s][info][gc,metaspace   ] GC(38) Metaspace: 6301K(6464K)->6301K(6464K) NonClass: 5768K(5824K)->5768K(5824K) Class: 533K(640K)->533K(640K)
[1.047s][info][gc             ] GC(38) Pause Full (Ergonomics) 163M->163M(232M) 81.196ms
[1.047s][info][gc,cpu         ] GC(38) User=0.23s Sys=0.02s Real=0.08s
[1.088s][info][gc,start       ] GC(39) Pause Young (Allocation Failure)
[1.112s][info][gc,heap        ] GC(39) PSYoungGen: 24030K(48640K)->18048K(50176K) Eden: 12800K(12800K)->0K(12800K) From: 11230K(35840K)->18048K(37376K)
[1.112s][info][gc,heap        ] GC(39) ParOldGen: 164322K(189440K)->170490K(189440K)
[1.112s][info][gc,metaspace   ] GC(39) Metaspace: 6301K(6464K)->6301K(6464K) NonClass: 5768K(5824K)->5768K(5824K) Class: 533K(640K)->533K(640K)
[1.112s][info][gc             ] GC(39) Pause Young (Allocation Failure) 183M->184M(234M) 24.265ms
[1.112s][info][gc,cpu         ] GC(39) User=0.06s Sys=0.00s Real=0.03s
[1.125s][info][gc,start       ] GC(40) Pause Young (Allocation Failure)
[1.143s][info][gc,heap        ] GC(40) PSYoungGen: 30848K(50176K)->30848K(47104K) Eden: 12800K(12800K)->0K(11264K) From: 18048K(37376K)->30848K(35840K)
[1.143s][info][gc,heap        ] GC(40) ParOldGen: 170490K(189440K)->170490K(189440K)
[1.143s][info][gc,metaspace   ] GC(40) Metaspace: 6301K(6464K)->6301K(6464K) NonClass: 5768K(5824K)->5768K(5824K) Class: 533K(640K)->533K(640K)
[1.143s][info][gc             ] GC(40) Pause Young (Allocation Failure) 196M->196M(231M) 17.673ms
[1.143s][info][gc,cpu         ] GC(40) User=0.05s Sys=0.00s Real=0.02s
[1.155s][info][gc,start       ] GC(41) Pause Young (Allocation Failure)
[1.176s][info][gc,heap        ] GC(41) PSYoungGen: 42112K(47104K)->36896K(50688K) Eden: 11264K(11264K)->0K(11264K) From: 30848K(35840K)->36896K(39424K)
[1.176s][info][gc,heap        ] GC(41) ParOldGen: 170490K(189440K)->175754K(189440K)
[1.176s][info][gc,metaspace   ] GC(41) Metaspace: 6301K(6464K)->6301K(6464K) NonClass: 5768K(5824K)->5768K(5824K) Class: 533K(640K)->533K(640K)
[1.176s][info][gc             ] GC(41) Pause Young (Allocation Failure) 207M->207M(234M) 21.645ms
[1.176s][info][gc,cpu         ] GC(41) User=0.06s Sys=0.00s Real=0.02s
[1.176s][info][gc,start       ] GC(42) Pause Full (Ergonomics)
[1.176s][info][gc,phases,start] GC(42) Marking Phase
[1.236s][info][gc,phases      ] GC(42) Marking Phase 59.337ms
[1.236s][info][gc,phases,start] GC(42) Summary Phase
[1.236s][info][gc,phases      ] GC(42) Summary Phase 0.020ms
[1.236s][info][gc,phases,start] GC(42) Adjust Roots
[1.236s][info][gc,phases      ] GC(42) Adjust Roots 0.209ms
[1.236s][info][gc,phases,start] GC(42) Compaction Phase
[1.282s][info][gc,phases      ] GC(42) Compaction Phase 45.856ms
[1.282s][info][gc,phases,start] GC(42) Post Compact
[1.283s][info][gc,phases      ] GC(42) Post Compact 0.954ms
[1.283s][info][gc,heap        ] GC(42) PSYoungGen: 36896K(50688K)->18890K(50688K) Eden: 0K(11264K)->0K(11264K) From: 36896K(39424K)->18890K(39424K)
[1.283s][info][gc,heap        ] GC(42) ParOldGen: 175754K(189440K)->189341K(222208K)
[1.283s][info][gc,metaspace   ] GC(42) Metaspace: 6301K(6464K)->6301K(6464K) NonClass: 5768K(5824K)->5768K(5824K) Class: 533K(640K)->533K(640K)
[1.283s][info][gc             ] GC(42) Pause Full (Ergonomics) 207M->203M(266M) 106.873ms
[1.283s][info][gc,cpu         ] GC(42) User=0.27s Sys=0.02s Real=0.11s
[1.296s][info][gc,start       ] GC(43) Pause Young (Allocation Failure)
[1.321s][info][gc,heap        ] GC(43) PSYoungGen: 30154K(50688K)->22816K(55808K) Eden: 11264K(11264K)->0K(13312K) From: 18890K(39424K)->22816K(42496K)
[1.321s][info][gc,heap        ] GC(43) ParOldGen: 189341K(222208K)->196901K(222208K)
[1.321s][info][gc,metaspace   ] GC(43) Metaspace: 6301K(6464K)->6301K(6464K) NonClass: 5768K(5824K)->5768K(5824K) Class: 533K(640K)->533K(640K)
[1.321s][info][gc             ] GC(43) Pause Young (Allocation Failure) 214M->214M(271M) 24.899ms
[1.321s][info][gc,cpu         ] GC(43) User=0.06s Sys=0.00s Real=0.02s
[1.336s][info][gc,start       ] GC(44) Pause Young (Allocation Failure)
[1.356s][info][gc,heap        ] GC(44) PSYoungGen: 36128K(55808K)->36096K(56832K) Eden: 13312K(13312K)->0K(13312K) From: 22816K(42496K)->36096K(43520K)
[1.356s][info][gc,heap        ] GC(44) ParOldGen: 196901K(222208K)->196901K(222208K)
[1.356s][info][gc,metaspace   ] GC(44) Metaspace: 6301K(6464K)->6301K(6464K) NonClass: 5768K(5824K)->5768K(5824K) Class: 533K(640K)->533K(640K)
[1.356s][info][gc             ] GC(44) Pause Young (Allocation Failure) 227M->227M(272M) 19.820ms
[1.356s][info][gc,cpu         ] GC(44) User=0.06s Sys=0.00s Real=0.02s
[1.372s][info][gc,start       ] GC(45) Pause Young (Allocation Failure)
[1.397s][info][gc,heap        ] GC(45) PSYoungGen: 49408K(56832K)->43008K(56832K) Eden: 13312K(13312K)->0K(9728K) From: 36096K(43520K)->43008K(47104K)
[1.397s][info][gc,heap        ] GC(45) ParOldGen: 196901K(222208K)->203437K(222208K)
[1.397s][info][gc,metaspace   ] GC(45) Metaspace: 6301K(6464K)->6301K(6464K) NonClass: 5768K(5824K)->5768K(5824K) Class: 533K(640K)->533K(640K)
[1.398s][info][gc             ] GC(45) Pause Young (Allocation Failure) 240M->240M(272M) 25.789ms
[1.398s][info][gc,cpu         ] GC(45) User=0.06s Sys=0.02s Real=0.03s
[1.409s][info][gc,start       ] GC(46) Pause Young (Allocation Failure)
[1.434s][info][gc,heap        ] GC(46) PSYoungGen: 52736K(56832K)->47648K(62464K) Eden: 9728K(9728K)->0K(9728K) From: 43008K(47104K)->47648K(52736K)
[1.434s][info][gc,heap        ] GC(46) ParOldGen: 203437K(222208K)->208581K(222208K)
[1.434s][info][gc,metaspace   ] GC(46) Metaspace: 6301K(6464K)->6301K(6464K) NonClass: 5768K(5824K)->5768K(5824K) Class: 533K(640K)->533K(640K)
[1.434s][info][gc             ] GC(46) Pause Young (Allocation Failure) 250M->250M(278M) 25.204ms
[1.434s][info][gc,cpu         ] GC(46) User=0.06s Sys=0.00s Real=0.03s
[1.446s][info][gc,start       ] GC(47) Pause Young (Allocation Failure)
[1.476s][info][gc,heap        ] GC(47) PSYoungGen: 57376K(62464K)->32768K(68096K) Eden: 9728K(9728K)->0K(11264K) From: 47648K(52736K)->32768K(56832K)
[1.476s][info][gc,heap        ] GC(47) ParOldGen: 208581K(222208K)->233501K(233984K)
[1.476s][info][gc,metaspace   ] GC(47) Metaspace: 6301K(6464K)->6301K(6464K) NonClass: 5768K(5824K)->5768K(5824K) Class: 533K(640K)->533K(640K)
[1.476s][info][gc             ] GC(47) Pause Young (Allocation Failure) 259M->260M(295M) 29.850ms
[1.476s][info][gc,cpu         ] GC(47) User=0.08s Sys=0.00s Real=0.03s
[1.476s][info][gc,start       ] GC(48) Pause Full (Ergonomics)
[1.476s][info][gc,phases,start] GC(48) Marking Phase
[1.553s][info][gc,phases      ] GC(48) Marking Phase 77.355ms
[1.553s][info][gc,phases,start] GC(48) Summary Phase
[1.553s][info][gc,phases      ] GC(48) Summary Phase 0.020ms
[1.553s][info][gc,phases,start] GC(48) Adjust Roots
[1.554s][info][gc,phases      ] GC(48) Adjust Roots 0.206ms
[1.554s][info][gc,phases,start] GC(48) Compaction Phase
[1.600s][info][gc,phases      ] GC(48) Compaction Phase 46.196ms
[1.600s][info][gc,phases,start] GC(48) Post Compact
[1.601s][info][gc,phases      ] GC(48) Post Compact 1.385ms
[1.602s][info][gc,heap        ] GC(48) PSYoungGen: 32768K(68096K)->31651K(69120K) Eden: 0K(11264K)->0K(12288K) From: 32768K(56832K)->31651K(56832K)
[1.602s][info][gc,heap        ] GC(48) ParOldGen: 233501K(233984K)->233764K(273408K)
[1.602s][info][gc,metaspace   ] GC(48) Metaspace: 6301K(6464K)->6301K(6464K) NonClass: 5768K(5824K)->5768K(5824K) Class: 533K(640K)->533K(640K)
[1.602s][info][gc             ] GC(48) Pause Full (Ergonomics) 260M->259M(334M) 125.679ms
[1.602s][info][gc,cpu         ] GC(48) User=0.39s Sys=0.00s Real=0.13s
[1.615s][info][gc,start       ] GC(49) Pause Young (Allocation Failure)
[1.650s][info][gc,heap        ] GC(49) PSYoungGen: 43939K(69120K)->21888K(70144K) Eden: 12288K(12288K)->0K(12288K) From: 31651K(56832K)->21888K(57856K)
[1.650s][info][gc,heap        ] GC(49) ParOldGen: 233764K(273408K)->256292K(273408K)
[1.650s][info][gc,metaspace   ] GC(49) Metaspace: 6301K(6464K)->6301K(6464K) NonClass: 5768K(5824K)->5768K(5824K) Class: 533K(640K)->533K(640K)
[1.650s][info][gc             ] GC(49) Pause Young (Allocation Failure) 271M->271M(335M) 35.937ms
[1.651s][info][gc,cpu         ] GC(49) User=0.06s Sys=0.02s Real=0.04s
[1.651s][info][gc,start       ] GC(50) Pause Full (Ergonomics)
[1.651s][info][gc,phases,start] GC(50) Marking Phase
[1.734s][info][gc,phases      ] GC(50) Marking Phase 83.023ms
[1.734s][info][gc,phases,start] GC(50) Summary Phase
[1.734s][info][gc,phases      ] GC(50) Summary Phase 0.036ms
[1.734s][info][gc,phases,start] GC(50) Adjust Roots
[1.734s][info][gc,phases      ] GC(50) Adjust Roots 0.222ms
[1.734s][info][gc,phases,start] GC(50) Compaction Phase
[1.769s][info][gc,phases      ] GC(50) Compaction Phase 35.071ms
[1.769s][info][gc,phases,start] GC(50) Post Compact
[1.771s][info][gc,phases      ] GC(50) Post Compact 1.438ms
[1.771s][info][gc,heap        ] GC(50) PSYoungGen: 21888K(70144K)->4363K(16896K) Eden: 0K(12288K)->0K(12288K) From: 21888K(57856K)->4363K(4608K)
[1.771s][info][gc,heap        ] GC(50) ParOldGen: 256292K(273408K)->273307K(320000K)
[1.771s][info][gc,metaspace   ] GC(50) Metaspace: 6301K(6464K)->6301K(6464K) NonClass: 5768K(5824K)->5768K(5824K) Class: 533K(640K)->533K(640K)
[1.771s][info][gc             ] GC(50) Pause Full (Ergonomics) 271M->271M(329M) 120.429ms
[1.771s][info][gc,cpu         ] GC(50) User=0.42s Sys=0.00s Real=0.12s
[1.785s][info][gc,start       ] GC(51) Pause Young (Allocation Failure)
[1.809s][info][gc,heap        ] GC(51) PSYoungGen: 16651K(16896K)->12352K(68608K) Eden: 12288K(12288K)->0K(13824K) From: 4363K(4608K)->12352K(54784K)
[1.809s][info][gc,heap        ] GC(51) ParOldGen: 273307K(320000K)->277763K(320000K)
[1.809s][info][gc,metaspace   ] GC(51) Metaspace: 6301K(6464K)->6301K(6464K) NonClass: 5768K(5824K)->5768K(5824K) Class: 533K(640K)->533K(640K)
[1.809s][info][gc             ] GC(51) Pause Young (Allocation Failure) 283M->283M(379M) 23.709ms
[1.809s][info][gc,cpu         ] GC(51) User=0.06s Sys=0.00s Real=0.02s
[1.824s][info][gc,start       ] GC(52) Pause Young (Allocation Failure)
[1.839s][info][gc,heap        ] GC(52) PSYoungGen: 26176K(68608K)->26176K(40448K) Eden: 13824K(13824K)->0K(13824K) From: 12352K(54784K)->26176K(26624K)
[1.839s][info][gc,heap        ] GC(52) ParOldGen: 277763K(320000K)->277763K(320000K)
[1.839s][info][gc,metaspace   ] GC(52) Metaspace: 6301K(6464K)->6301K(6464K) NonClass: 5768K(5824K)->5768K(5824K) Class: 533K(640K)->533K(640K)
[1.839s][info][gc             ] GC(52) Pause Young (Allocation Failure) 296M->296M(352M) 14.695ms
[1.839s][info][gc,cpu         ] GC(52) User=0.02s Sys=0.00s Real=0.01s
[1.854s][info][gc,start       ] GC(53) Pause Young (Allocation Failure)
[1.875s][info][gc,heap        ] GC(53) PSYoungGen: 40000K(40448K)->39968K(66048K) Eden: 13824K(13824K)->0K(13312K) From: 26176K(26624K)->39968K(52736K)
[1.875s][info][gc,heap        ] GC(53) ParOldGen: 277763K(320000K)->277763K(320000K)
[1.875s][info][gc,metaspace   ] GC(53) Metaspace: 6301K(6464K)->6301K(6464K) NonClass: 5768K(5824K)->5768K(5824K) Class: 533K(640K)->533K(640K)
[1.875s][info][gc             ] GC(53) Pause Young (Allocation Failure) 310M->310M(377M) 20.625ms
[1.875s][info][gc,cpu         ] GC(53) User=0.06s Sys=0.02s Real=0.02s
[1.890s][info][gc,start       ] GC(54) Pause Young (Allocation Failure)
[1.916s][info][gc,heap        ] GC(54) PSYoungGen: 53280K(66048K)->53312K(68608K) Eden: 13312K(13312K)->0K(13312K) From: 39968K(52736K)->53312K(55296K)
[1.916s][info][gc,heap        ] GC(54) ParOldGen: 277763K(320000K)->277763K(320000K)
[1.916s][info][gc,metaspace   ] GC(54) Metaspace: 6301K(6464K)->6301K(6464K) NonClass: 5768K(5824K)->5768K(5824K) Class: 533K(640K)->533K(640K)
[1.916s][info][gc             ] GC(54) Pause Young (Allocation Failure) 323M->323M(379M) 26.284ms
[1.916s][info][gc,cpu         ] GC(54) User=0.06s Sys=0.00s Real=0.03s
[1.932s][info][gc,start       ] GC(55) Pause Young (Allocation Failure)
[1.967s][info][gc,heap        ] GC(55) PSYoungGen: 66624K(68608K)->54336K(71680K) Eden: 13312K(13312K)->0K(9216K) From: 53312K(55296K)->54336K(62464K)
[1.967s][info][gc,heap        ] GC(55) ParOldGen: 277763K(320000K)->290227K(320000K)
[1.967s][info][gc,metaspace   ] GC(55) Metaspace: 6301K(6464K)->6301K(6464K) NonClass: 5768K(5824K)->5768K(5824K) Class: 533K(640K)->533K(640K)
[1.967s][info][gc             ] GC(55) Pause Young (Allocation Failure) 336M->336M(382M) 34.890ms
[1.967s][info][gc,cpu         ] GC(55) User=0.08s Sys=0.02s Real=0.04s
[2.035s][info][gc,start       ] GC(56) Pause Full (Ergonomics)
[2.035s][info][gc,phases,start] GC(56) Marking Phase
[2.130s][info][gc,phases      ] GC(56) Marking Phase 94.743ms
[2.130s][info][gc,phases,start] GC(56) Summary Phase
[2.130s][info][gc,phases      ] GC(56) Summary Phase 0.023ms
[2.130s][info][gc,phases,start] GC(56) Adjust Roots
[2.130s][info][gc,phases      ] GC(56) Adjust Roots 0.189ms
[2.130s][info][gc,phases,start] GC(56) Compaction Phase
[2.204s][info][gc,phases      ] GC(56) Compaction Phase 74.221ms
[2.205s][info][gc,phases,start] GC(56) Post Compact
[2.207s][info][gc,phases      ] GC(56) Post Compact 2.088ms
[2.207s][info][gc,heap        ] GC(56) PSYoungGen: 63552K(71680K)->41881K(71680K) Eden: 9216K(9216K)->0K(9216K) From: 54336K(62464K)->41881K(62464K)
[2.207s][info][gc,heap        ] GC(56) ParOldGen: 306611K(320000K)->319568K(366592K)
[2.207s][info][gc,metaspace   ] GC(56) Metaspace: 6301K(6464K)->6301K(6464K) NonClass: 5768K(5824K)->5768K(5824K) Class: 533K(640K)->533K(640K)
[2.207s][info][gc             ] GC(56) Pause Full (Ergonomics) 361M->352M(428M) 171.888ms
[2.207s][info][gc,cpu         ] GC(56) User=0.53s Sys=0.00s Real=0.17s
[2.218s][info][gc,start       ] GC(57) Pause Young (Allocation Failure)
[2.262s][info][gc,heap        ] GC(57) PSYoungGen: 51097K(71680K)->40192K(77824K) Eden: 9216K(9216K)->0K(9216K) From: 41881K(62464K)->40192K(68608K)
[2.262s][info][gc,heap        ] GC(57) ParOldGen: 319568K(366592K)->330776K(366592K)
[2.262s][info][gc,metaspace   ] GC(57) Metaspace: 6301K(6464K)->6301K(6464K) NonClass: 5768K(5824K)->5768K(5824K) Class: 533K(640K)->533K(640K)
[2.262s][info][gc             ] GC(57) Pause Young (Allocation Failure) 361M->362M(434M) 44.171ms
[2.262s][info][gc,cpu         ] GC(57) User=0.12s Sys=0.00s Real=0.04s
[2.272s][info][gc,start       ] GC(58) Pause Young (Allocation Failure)
[2.299s][info][gc,heap        ] GC(58) PSYoungGen: 49408K(77824K)->39040K(77312K) Eden: 9216K(9216K)->0K(10752K) From: 40192K(68608K)->39040K(66560K)
[2.299s][info][gc,heap        ] GC(58) ParOldGen: 330776K(366592K)->341248K(366592K)
[2.299s][info][gc,metaspace   ] GC(58) Metaspace: 6301K(6464K)->6301K(6464K) NonClass: 5768K(5824K)->5768K(5824K) Class: 533K(640K)->533K(640K)
[2.299s][info][gc             ] GC(58) Pause Young (Allocation Failure) 371M->371M(433M) 27.721ms
[2.299s][info][gc,cpu         ] GC(58) User=0.06s Sys=0.00s Real=0.03s
[2.311s][info][gc,start       ] GC(59) Pause Young (Allocation Failure)
[2.335s][info][gc,heap        ] GC(59) PSYoungGen: 49792K(77312K)->39136K(77824K) Eden: 10752K(10752K)->0K(10752K) From: 39040K(66560K)->39136K(67072K)
[2.335s][info][gc,heap        ] GC(59) ParOldGen: 341248K(366592K)->352104K(366592K)
[2.335s][info][gc,metaspace   ] GC(59) Metaspace: 6301K(6464K)->6301K(6464K) NonClass: 5768K(5824K)->5768K(5824K) Class: 533K(640K)->533K(640K)
[2.335s][info][gc             ] GC(59) Pause Young (Allocation Failure) 381M->382M(434M) 24.470ms
[2.335s][info][gc,cpu         ] GC(59) User=0.12s Sys=0.00s Real=0.03s
[2.336s][info][gc,start       ] GC(60) Pause Full (Ergonomics)
[2.336s][info][gc,phases,start] GC(60) Marking Phase
[2.439s][info][gc,phases      ] GC(60) Marking Phase 103.255ms
[2.439s][info][gc,phases,start] GC(60) Summary Phase
[2.439s][info][gc,phases      ] GC(60) Summary Phase 0.019ms
[2.439s][info][gc,phases,start] GC(60) Adjust Roots
[2.439s][info][gc,phases      ] GC(60) Adjust Roots 0.176ms
[2.439s][info][gc,phases,start] GC(60) Compaction Phase
[2.484s][info][gc,phases      ] GC(60) Compaction Phase 44.949ms
[2.484s][info][gc,phases,start] GC(60) Post Compact
[2.486s][info][gc,phases      ] GC(60) Post Compact 1.785ms
[2.486s][info][gc,heap        ] GC(60) PSYoungGen: 39136K(77824K)->24148K(77824K) Eden: 0K(10752K)->0K(10752K) From: 39136K(67072K)->24148K(67072K)
[2.486s][info][gc,heap        ] GC(60) ParOldGen: 352104K(366592K)->366392K(416256K)
[2.486s][info][gc,metaspace   ] GC(60) Metaspace: 6301K(6464K)->6301K(6464K) NonClass: 5768K(5824K)->5768K(5824K) Class: 533K(640K)->533K(640K)
[2.486s][info][gc             ] GC(60) Pause Full (Ergonomics) 382M->381M(482M) 150.755ms
[2.486s][info][gc,cpu         ] GC(60) User=0.50s Sys=0.00s Real=0.15s
[2.497s][info][gc,start       ] GC(61) Pause Young (Allocation Failure)
[2.538s][info][gc,heap        ] GC(61) PSYoungGen: 34900K(77824K)->24480K(74240K) Eden: 10752K(10752K)->0K(12288K) From: 24148K(67072K)->24480K(61952K)
[2.538s][info][gc,heap        ] GC(61) ParOldGen: 366392K(416256K)->377056K(416256K)
[2.538s][info][gc,metaspace   ] GC(61) Metaspace: 6301K(6464K)->6301K(6464K) NonClass: 5768K(5824K)->5768K(5824K) Class: 533K(640K)->533K(640K)
[2.538s][info][gc             ] GC(61) Pause Young (Allocation Failure) 391M->392M(479M) 41.507ms
[2.538s][info][gc,cpu         ] GC(61) User=0.16s Sys=0.00s Real=0.04s
[2.552s][info][gc,start       ] GC(62) Pause Young (Allocation Failure)
[2.571s][info][gc,heap        ] GC(62) PSYoungGen: 36768K(74240K)->29728K(42496K) Eden: 12288K(12288K)->0K(12288K) From: 24480K(61952K)->29728K(30208K)
[2.571s][info][gc,heap        ] GC(62) ParOldGen: 377056K(416256K)->384240K(416256K)
[2.571s][info][gc,metaspace   ] GC(62) Metaspace: 6301K(6464K)->6301K(6464K) NonClass: 5768K(5824K)->5768K(5824K) Class: 533K(640K)->533K(640K)
[2.571s][info][gc             ] GC(62) Pause Young (Allocation Failure) 404M->404M(448M) 19.642ms
[2.571s][info][gc,cpu         ] GC(62) User=0.06s Sys=0.00s Real=0.02s
[2.583s][info][gc,start       ] GC(63) Pause Young (Allocation Failure)
[2.605s][info][gc,heap        ] GC(63) PSYoungGen: 42016K(42496K)->35360K(72704K) Eden: 12288K(12288K)->0K(14336K) From: 29728K(30208K)->35360K(58368K)
[2.605s][info][gc,heap        ] GC(63) ParOldGen: 384240K(416256K)->390960K(416256K)
[2.605s][info][gc,metaspace   ] GC(63) Metaspace: 6301K(6464K)->6301K(6464K) NonClass: 5768K(5824K)->5768K(5824K) Class: 533K(640K)->533K(640K)
[2.606s][info][gc             ] GC(63) Pause Young (Allocation Failure) 416M->416M(477M) 22.162ms
[2.606s][info][gc,cpu         ] GC(63) User=0.06s Sys=0.00s Real=0.02s
[2.621s][info][gc,start       ] GC(64) Pause Young (Allocation Failure)
[2.648s][info][gc,heap        ] GC(64) PSYoungGen: 49696K(72704K)->38976K(74240K) Eden: 14336K(14336K)->0K(14336K) From: 35360K(58368K)->38976K(59904K)
[2.648s][info][gc,heap        ] GC(64) ParOldGen: 390960K(416256K)->401864K(416256K)
[2.648s][info][gc,metaspace   ] GC(64) Metaspace: 6301K(6464K)->6301K(6464K) NonClass: 5768K(5824K)->5768K(5824K) Class: 533K(640K)->533K(640K)
[2.648s][info][gc             ] GC(64) Pause Young (Allocation Failure) 430M->430M(479M) 27.175ms
[2.648s][info][gc,cpu         ] GC(64) User=0.08s Sys=0.00s Real=0.03s
[2.648s][info][gc,start       ] GC(65) Pause Full (Ergonomics)
[2.648s][info][gc,phases,start] GC(65) Marking Phase
[2.771s][info][gc,phases      ] GC(65) Marking Phase 122.480ms
[2.771s][info][gc,phases,start] GC(65) Summary Phase
[2.771s][info][gc,phases      ] GC(65) Summary Phase 0.022ms
[2.771s][info][gc,phases,start] GC(65) Adjust Roots
[2.771s][info][gc,phases      ] GC(65) Adjust Roots 0.201ms
[2.771s][info][gc,phases,start] GC(65) Compaction Phase
[2.825s][info][gc,phases      ] GC(65) Compaction Phase 53.834ms
[2.825s][info][gc,phases,start] GC(65) Post Compact
[2.827s][info][gc,phases      ] GC(65) Post Compact 2.176ms
[2.827s][info][gc,heap        ] GC(65) PSYoungGen: 38976K(74240K)->23994K(74240K) Eden: 0K(14336K)->0K(14336K) From: 38976K(59904K)->23994K(59904K)
[2.827s][info][gc,heap        ] GC(65) ParOldGen: 401864K(416256K)->416077K(466432K)
[2.828s][info][gc,metaspace   ] GC(65) Metaspace: 6301K(6464K)->6301K(6464K) NonClass: 5768K(5824K)->5768K(5824K) Class: 533K(640K)->533K(640K)
[2.828s][info][gc             ] GC(65) Pause Full (Ergonomics) 430M->429M(528M) 179.432ms
[2.828s][info][gc,cpu         ] GC(65) User=0.61s Sys=0.00s Real=0.18s
[2.843s][info][gc,start       ] GC(66) Pause Young (Allocation Failure)
[2.883s][info][gc,heap        ] GC(66) PSYoungGen: 38330K(74240K)->23232K(72704K) Eden: 14336K(14336K)->0K(15872K) From: 23994K(59904K)->23232K(56832K)
[2.883s][info][gc,heap        ] GC(66) ParOldGen: 416077K(466432K)->431493K(466432K)
[2.883s][info][gc,metaspace   ] GC(66) Metaspace: 6301K(6464K)->6301K(6464K) NonClass: 5768K(5824K)->5768K(5824K) Class: 533K(640K)->533K(640K)
[2.883s][info][gc             ] GC(66) Pause Young (Allocation Failure) 443M->444M(526M) 40.553ms
[2.883s][info][gc,cpu         ] GC(66) User=0.08s Sys=0.05s Real=0.04s
[2.900s][info][gc,start       ] GC(67) Pause Young (Allocation Failure)
[2.921s][info][gc,heap        ] GC(67) PSYoungGen: 39104K(72704K)->30304K(74240K) Eden: 15872K(15872K)->0K(15872K) From: 23232K(56832K)->30304K(58368K)
[2.921s][info][gc,heap        ] GC(67) ParOldGen: 431493K(466432K)->440485K(466432K)
[2.921s][info][gc,metaspace   ] GC(67) Metaspace: 6301K(6464K)->6301K(6464K) NonClass: 5768K(5824K)->5768K(5824K) Class: 533K(640K)->533K(640K)
[2.921s][info][gc             ] GC(67) Pause Young (Allocation Failure) 459M->459M(528M) 21.453ms
[2.921s][info][gc,cpu         ] GC(67) User=0.06s Sys=0.02s Real=0.02s
[2.939s][info][gc,start       ] GC(68) Pause Young (Allocation Failure)
[2.965s][info][gc,heap        ] GC(68) PSYoungGen: 46176K(74240K)->31840K(69120K) Eden: 15872K(15872K)->0K(17920K) From: 30304K(58368K)->31840K(51200K)
[2.965s][info][gc,heap        ] GC(68) ParOldGen: 440485K(466432K)->455029K(466432K)
[2.965s][info][gc,metaspace   ] GC(68) Metaspace: 6301K(6464K)->6301K(6464K) NonClass: 5768K(5824K)->5768K(5824K) Class: 533K(640K)->533K(640K)
[2.965s][info][gc             ] GC(68) Pause Young (Allocation Failure) 475M->475M(523M) 25.994ms
[2.965s][info][gc,cpu         ] GC(68) User=0.06s Sys=0.00s Real=0.03s
[2.965s][info][gc,start       ] GC(69) Pause Full (Ergonomics)
[2.965s][info][gc,phases,start] GC(69) Marking Phase
[3.082s][info][gc,phases      ] GC(69) Marking Phase 117.019ms
[3.082s][info][gc,phases,start] GC(69) Summary Phase
[3.082s][info][gc,phases      ] GC(69) Summary Phase 0.019ms
[3.082s][info][gc,phases,start] GC(69) Adjust Roots
[3.082s][info][gc,phases      ] GC(69) Adjust Roots 0.177ms
[3.082s][info][gc,phases,start] GC(69) Compaction Phase
[3.132s][info][gc,phases      ] GC(69) Compaction Phase 50.008ms
[3.132s][info][gc,phases,start] GC(69) Post Compact
[3.134s][info][gc,phases      ] GC(69) Post Compact 2.248ms
[3.135s][info][gc,heap        ] GC(69) PSYoungGen: 31840K(69120K)->19932K(71680K) Eden: 0K(17920K)->0K(20480K) From: 31840K(51200K)->19932K(51200K)
[3.135s][info][gc,heap        ] GC(69) ParOldGen: 455029K(466432K)->466126K(521728K)
[3.135s][info][gc,metaspace   ] GC(69) Metaspace: 6301K(6464K)->6301K(6464K) NonClass: 5768K(5824K)->5768K(5824K) Class: 533K(640K)->533K(640K)
[3.135s][info][gc             ] GC(69) Pause Full (Ergonomics) 475M->474M(579M) 170.143ms
[3.135s][info][gc,cpu         ] GC(69) User=0.61s Sys=0.00s Real=0.17s
[3.157s][info][gc,start       ] GC(70) Pause Young (Allocation Failure)
[3.205s][info][gc,heap        ] GC(70) PSYoungGen: 40412K(71680K)->30432K(74240K) Eden: 20480K(20480K)->0K(20480K) From: 19932K(51200K)->30432K(53760K)
[3.205s][info][gc,heap        ] GC(70) ParOldGen: 466126K(521728K)->476398K(521728K)
[3.205s][info][gc,metaspace   ] GC(70) Metaspace: 6301K(6464K)->6301K(6464K) NonClass: 5768K(5824K)->5768K(5824K) Class: 533K(640K)->533K(640K)
[3.205s][info][gc             ] GC(70) Pause Young (Allocation Failure) 494M->494M(582M) 48.309ms
[3.205s][info][gc,cpu         ] GC(70) User=0.14s Sys=0.00s Real=0.05s
[3.227s][info][gc,start       ] GC(71) Pause Young (Allocation Failure)
[3.256s][info][gc,heap        ] GC(71) PSYoungGen: 50912K(74240K)->50912K(70144K) Eden: 20480K(20480K)->0K(17920K) From: 30432K(53760K)->50912K(52224K)
[3.256s][info][gc,heap        ] GC(71) ParOldGen: 476398K(521728K)->476398K(521728K)
[3.256s][info][gc,metaspace   ] GC(71) Metaspace: 6301K(6464K)->6301K(6464K) NonClass: 5768K(5824K)->5768K(5824K) Class: 533K(640K)->533K(640K)
[3.256s][info][gc             ] GC(71) Pause Young (Allocation Failure) 514M->514M(578M) 28.909ms
[3.256s][info][gc,cpu         ] GC(71) User=0.06s Sys=0.00s Real=0.03s
[3.276s][info][gc,start       ] GC(72) Pause Young (Allocation Failure)
[3.314s][info][gc,heap        ] GC(72) PSYoungGen: 68832K(70144K)->57344K(75264K) Eden: 17920K(17920K)->0K(17920K) From: 50912K(52224K)->57344K(57344K)
[3.314s][info][gc,heap        ] GC(72) ParOldGen: 476398K(521728K)->487974K(521728K)
[3.314s][info][gc,metaspace   ] GC(72) Metaspace: 6301K(6464K)->6301K(6464K) NonClass: 5768K(5824K)->5768K(5824K) Class: 533K(640K)->533K(640K)
[3.314s][info][gc             ] GC(72) Pause Young (Allocation Failure) 532M->532M(583M) 38.246ms
[3.314s][info][gc,cpu         ] GC(72) User=0.14s Sys=0.00s Real=0.04s
[3.334s][info][gc,start       ] GC(73) Pause Young (Allocation Failure)
[3.376s][info][gc,heap        ] GC(73) PSYoungGen: 75264K(75264K)->49728K(86528K) Eden: 17920K(17920K)->0K(18944K) From: 57344K(57344K)->49728K(67584K)
[3.376s][info][gc,heap        ] GC(73) ParOldGen: 487974K(521728K)->513926K(521728K)
[3.376s][info][gc,metaspace   ] GC(73) Metaspace: 6301K(6464K)->6301K(6464K) NonClass: 5768K(5824K)->5768K(5824K) Class: 533K(640K)->533K(640K)
[3.376s][info][gc             ] GC(73) Pause Young (Allocation Failure) 550M->550M(594M) 41.364ms
[3.376s][info][gc,cpu         ] GC(73) User=0.12s Sys=0.00s Real=0.04s
[3.376s][info][gc,start       ] GC(74) Pause Full (Ergonomics)
[3.376s][info][gc,phases,start] GC(74) Marking Phase
[3.525s][info][gc,phases      ] GC(74) Marking Phase 149.527ms
[3.525s][info][gc,phases,start] GC(74) Summary Phase
[3.525s][info][gc,phases      ] GC(74) Summary Phase 0.020ms
[3.525s][info][gc,phases,start] GC(74) Adjust Roots
[3.526s][info][gc,phases      ] GC(74) Adjust Roots 0.174ms
[3.526s][info][gc,phases,start] GC(74) Compaction Phase
[3.594s][info][gc,phases      ] GC(74) Compaction Phase 67.914ms
[3.594s][info][gc,phases,start] GC(74) Post Compact
[3.595s][info][gc,phases      ] GC(74) Post Compact 1.002ms
[3.595s][info][gc,heap        ] GC(74) PSYoungGen: 49728K(86528K)->41370K(86528K) Eden: 0K(18944K)->0K(18944K) From: 49728K(67584K)->41370K(67584K)
[3.595s][info][gc,heap        ] GC(74) ParOldGen: 513926K(521728K)->521371K(584704K)
[3.595s][info][gc,metaspace   ] GC(74) Metaspace: 6301K(6464K)->6301K(6464K) NonClass: 5768K(5824K)->5768K(5824K) Class: 533K(640K)->533K(640K)
[3.595s][info][gc             ] GC(74) Pause Full (Ergonomics) 550M->549M(655M) 219.338ms
[3.595s][info][gc,cpu         ] GC(74) User=0.83s Sys=0.00s Real=0.22s
[3.616s][info][gc,start       ] GC(75) Pause Young (Allocation Failure)
[3.674s][info][gc,heap        ] GC(75) PSYoungGen: 60314K(86528K)->45376K(88064K) Eden: 18944K(18944K)->0K(18944K) From: 41370K(67584K)->45376K(69120K)
[3.674s][info][gc,heap        ] GC(75) ParOldGen: 521371K(584704K)->536691K(584704K)
[3.674s][info][gc,metaspace   ] GC(75) Metaspace: 6301K(6464K)->6301K(6464K) NonClass: 5768K(5824K)->5768K(5824K) Class: 533K(640K)->533K(640K)
[3.674s][info][gc             ] GC(75) Pause Young (Allocation Failure) 568M->568M(657M) 58.283ms
[3.674s][info][gc,cpu         ] GC(75) User=0.19s Sys=0.00s Real=0.06s
[3.695s][info][gc,start       ] GC(76) Pause Young (Allocation Failure)
[3.729s][info][gc,heap        ] GC(76) PSYoungGen: 64320K(88064K)->52992K(87040K) Eden: 18944K(18944K)->0K(18432K) From: 45376K(69120K)->52992K(68608K)
[3.729s][info][gc,heap        ] GC(76) ParOldGen: 536691K(584704K)->548171K(584704K)
[3.729s][info][gc,metaspace   ] GC(76) Metaspace: 6301K(6464K)->6301K(6464K) NonClass: 5768K(5824K)->5768K(5824K) Class: 533K(640K)->533K(640K)
[3.729s][info][gc             ] GC(76) Pause Young (Allocation Failure) 586M->587M(656M) 34.035ms
[3.729s][info][gc,cpu         ] GC(76) User=0.06s Sys=0.02s Real=0.03s
[3.750s][info][gc,start       ] GC(77) Pause Young (Allocation Failure)
[3.789s][info][gc,heap        ] GC(77) PSYoungGen: 71424K(87040K)->56416K(89600K) Eden: 18432K(18432K)->0K(18432K) From: 52992K(68608K)->56416K(71168K)
[3.789s][info][gc,heap        ] GC(77) ParOldGen: 548171K(584704K)->563427K(584704K)
[3.789s][info][gc,metaspace   ] GC(77) Metaspace: 6301K(6464K)->6301K(6464K) NonClass: 5768K(5824K)->5768K(5824K) Class: 533K(640K)->533K(640K)
[3.789s][info][gc             ] GC(77) Pause Young (Allocation Failure) 605M->605M(658M) 38.853ms
[3.789s][info][gc,cpu         ] GC(77) User=0.12s Sys=0.00s Real=0.04s
[3.789s][info][gc,start       ] GC(78) Pause Full (Ergonomics)
[3.789s][info][gc,phases,start] GC(78) Marking Phase
[3.945s][info][gc,phases      ] GC(78) Marking Phase 156.671ms
[3.946s][info][gc,phases,start] GC(78) Summary Phase
[3.946s][info][gc,phases      ] GC(78) Summary Phase 0.031ms
[3.946s][info][gc,phases,start] GC(78) Adjust Roots
[3.946s][info][gc,phases      ] GC(78) Adjust Roots 0.200ms
[3.946s][info][gc,phases,start] GC(78) Compaction Phase
[4.016s][info][gc,phases      ] GC(78) Compaction Phase 70.248ms
[4.016s][info][gc,phases,start] GC(78) Post Compact
[4.017s][info][gc,phases      ] GC(78) Post Compact 1.226ms
[4.018s][info][gc,heap        ] GC(78) PSYoungGen: 56416K(89600K)->34759K(89600K) Eden: 0K(18432K)->0K(18432K) From: 56416K(71168K)->34759K(71168K)
[4.018s][info][gc,heap        ] GC(78) ParOldGen: 563427K(584704K)->584204K(651776K)
[4.018s][info][gc,metaspace   ] GC(78) Metaspace: 6301K(6464K)->6301K(6464K) NonClass: 5768K(5824K)->5768K(5824K) Class: 533K(640K)->533K(640K)
[4.018s][info][gc             ] GC(78) Pause Full (Ergonomics) 605M->604M(724M) 229.030ms
[4.018s][info][gc,cpu         ] GC(78) User=0.80s Sys=0.03s Real=0.23s
[4.041s][info][gc,start       ] GC(79) Pause Young (Allocation Failure)
[4.098s][info][gc,heap        ] GC(79) PSYoungGen: 53191K(89600K)->41888K(87552K) Eden: 18432K(18432K)->0K(20480K) From: 34759K(71168K)->41888K(67072K)
[4.098s][info][gc,heap        ] GC(79) ParOldGen: 584204K(651776K)->595788K(651776K)
[4.098s][info][gc,metaspace   ] GC(79) Metaspace: 6301K(6464K)->6301K(6464K) NonClass: 5768K(5824K)->5768K(5824K) Class: 533K(640K)->533K(640K)
[4.098s][info][gc             ] GC(79) Pause Young (Allocation Failure) 622M->622M(722M) 57.733ms
[4.098s][info][gc,cpu         ] GC(79) User=0.16s Sys=0.00s Real=0.06s
[4.122s][info][gc,start       ] GC(80) Pause Young (Allocation Failure)
[4.156s][info][gc,heap        ] GC(80) PSYoungGen: 62368K(87552K)->62368K(91136K) Eden: 20480K(20480K)->0K(20480K) From: 41888K(67072K)->62368K(70656K)
[4.156s][info][gc,heap        ] GC(80) ParOldGen: 595788K(651776K)->595788K(651776K)
[4.156s][info][gc,metaspace   ] GC(80) Metaspace: 6301K(6464K)->6301K(6464K) NonClass: 5768K(5824K)->5768K(5824K) Class: 533K(640K)->533K(640K)
[4.156s][info][gc             ] GC(80) Pause Young (Allocation Failure) 642M->642M(725M) 33.730ms
[4.156s][info][gc,cpu         ] GC(80) User=0.11s Sys=0.00s Real=0.03s
[4.180s][info][gc,start       ] GC(81) Pause Young (Allocation Failure)
[4.226s][info][gc,heap        ] GC(81) PSYoungGen: 82848K(91136K)->70592K(91136K) Eden: 20480K(20480K)->0K(15872K) From: 62368K(70656K)->70592K(75264K)
[4.226s][info][gc,heap        ] GC(81) ParOldGen: 595788K(651776K)->608268K(651776K)
[4.226s][info][gc,metaspace   ] GC(81) Metaspace: 6301K(6464K)->6301K(6464K) NonClass: 5768K(5824K)->5768K(5824K) Class: 533K(640K)->533K(640K)
[4.226s][info][gc             ] GC(81) Pause Young (Allocation Failure) 662M->662M(725M) 46.600ms
[4.226s][info][gc,cpu         ] GC(81) User=0.14s Sys=0.00s Real=0.05s
[4.247s][info][gc,start       ] GC(82) Pause Young (Allocation Failure)
[4.293s][info][gc,heap        ] GC(82) PSYoungGen: 86464K(91136K)->75360K(97792K) Eden: 15872K(15872K)->0K(15872K) From: 70592K(75264K)->75360K(81920K)
[4.293s][info][gc,heap        ] GC(82) ParOldGen: 608268K(651776K)->619532K(651776K)
[4.293s][info][gc,metaspace   ] GC(82) Metaspace: 6301K(6464K)->6301K(6464K) NonClass: 5768K(5824K)->5768K(5824K) Class: 533K(640K)->533K(640K)
[4.293s][info][gc             ] GC(82) Pause Young (Allocation Failure) 678M->678M(732M) 46.120ms
[4.293s][info][gc,cpu         ] GC(82) User=0.14s Sys=0.00s Real=0.05s
[4.472s][info][gc,start       ] GC(83) Pause Young (Allocation Failure)
[4.554s][info][gc,promotion   ] GC(83) Promotion failed
[4.554s][info][gc,heap        ] GC(83) PSYoungGen: 91232K(97792K)->91232K(97792K) Eden: 15872K(15872K)->15872K(15872K) From: 75360K(81920K)->75360K(81920K)
[4.554s][info][gc,heap        ] GC(83) ParOldGen: 652300K(683008K)->683004K(683008K)
[4.554s][info][gc,metaspace   ] GC(83) Metaspace: 6301K(6464K)->6301K(6464K) NonClass: 5768K(5824K)->5768K(5824K) Class: 533K(640K)->533K(640K)
[4.554s][info][gc             ] GC(83) Pause Young (Allocation Failure) 726M->756M(762M) 82.639ms
[4.554s][info][gc,cpu         ] GC(83) User=0.16s Sys=0.02s Real=0.08s
[4.554s][info][gc,start       ] GC(84) Pause Full (Ergonomics)
[4.554s][info][gc,phases,start] GC(84) Marking Phase
[4.750s][info][gc,phases      ] GC(84) Marking Phase 195.910ms
[4.750s][info][gc,phases,start] GC(84) Summary Phase
[4.750s][info][gc,phases      ] GC(84) Summary Phase 0.024ms
[4.750s][info][gc,phases,start] GC(84) Adjust Roots
[4.751s][info][gc,phases      ] GC(84) Adjust Roots 0.175ms
[4.751s][info][gc,phases,start] GC(84) Compaction Phase
[4.892s][info][gc,phases      ] GC(84) Compaction Phase 141.725ms
[4.892s][info][gc,phases,start] GC(84) Post Compact
[4.894s][info][gc,phases      ] GC(84) Post Compact 1.949ms
[4.894s][info][gc,heap        ] GC(84) PSYoungGen: 91232K(97792K)->43444K(107008K) Eden: 15872K(15872K)->0K(17920K) From: 75360K(81920K)->43444K(89088K)
[4.894s][info][gc,heap        ] GC(84) ParOldGen: 683004K(683008K)->682881K(683008K)
[4.894s][info][gc,metaspace   ] GC(84) Metaspace: 6301K(6464K)->6301K(6464K) NonClass: 5768K(5824K)->5768K(5824K) Class: 533K(640K)->533K(640K)
[4.895s][info][gc             ] GC(84) Pause Full (Ergonomics) 756M->709M(771M) 340.212ms
[4.895s][info][gc,cpu         ] GC(84) User=1.12s Sys=0.00s Real=0.34s
[4.914s][info][gc,start       ] GC(85) Pause Full (Ergonomics)
[4.914s][info][gc,phases,start] GC(85) Marking Phase
[5.106s][info][gc,phases      ] GC(85) Marking Phase 192.000ms
[5.106s][info][gc,phases,start] GC(85) Summary Phase
[5.107s][info][gc,phases      ] GC(85) Summary Phase 0.020ms
[5.107s][info][gc,phases,start] GC(85) Adjust Roots
[5.107s][info][gc,phases      ] GC(85) Adjust Roots 0.185ms
[5.107s][info][gc,phases,start] GC(85) Compaction Phase
[5.170s][info][gc,phases      ] GC(85) Compaction Phase 62.798ms
[5.170s][info][gc,phases,start] GC(85) Post Compact
[5.171s][info][gc,phases      ] GC(85) Post Compact 1.206ms
[5.171s][info][gc,heap        ] GC(85) PSYoungGen: 61364K(107008K)->61334K(107008K) Eden: 17920K(17920K)->17890K(17920K) From: 43444K(89088K)->43444K(89088K)
[5.171s][info][gc,heap        ] GC(85) ParOldGen: 682881K(683008K)->682881K(683008K)
[5.171s][info][gc,metaspace   ] GC(85) Metaspace: 6301K(6464K)->6301K(6464K) NonClass: 5768K(5824K)->5768K(5824K) Class: 533K(640K)->533K(640K)
[5.171s][info][gc             ] GC(85) Pause Full (Ergonomics) 726M->726M(771M) 256.568ms
[5.171s][info][gc,cpu         ] GC(85) User=0.94s Sys=0.00s Real=0.26s
[5.171s][info][gc,start       ] GC(86) Pause Full (Ergonomics)
[5.171s][info][gc,phases,start] GC(86) Marking Phase
[5.366s][info][gc,phases      ] GC(86) Marking Phase 194.511ms
[5.366s][info][gc,phases,start] GC(86) Summary Phase
[5.366s][info][gc,phases      ] GC(86) Summary Phase 0.021ms
[5.366s][info][gc,phases,start] GC(86) Adjust Roots
[5.366s][info][gc,phases      ] GC(86) Adjust Roots 0.181ms
[5.366s][info][gc,phases,start] GC(86) Compaction Phase
[5.427s][info][gc,phases      ] GC(86) Compaction Phase 61.300ms
[5.427s][info][gc,phases,start] GC(86) Post Compact
[5.429s][info][gc,phases      ] GC(86) Post Compact 1.235ms
[5.429s][info][gc,heap        ] GC(86) PSYoungGen: 61364K(107008K)->61363K(107008K) Eden: 17920K(17920K)->17919K(17920K) From: 43444K(89088K)->43444K(89088K)
[5.429s][info][gc,heap        ] GC(86) ParOldGen: 682881K(683008K)->682881K(683008K)
[5.429s][info][gc,metaspace   ] GC(86) Metaspace: 6301K(6464K)->6301K(6464K) NonClass: 5768K(5824K)->5768K(5824K) Class: 533K(640K)->533K(640K)
[5.429s][info][gc             ] GC(86) Pause Full (Ergonomics) 726M->726M(771M) 257.565ms
[5.429s][info][gc,cpu         ] GC(86) User=0.94s Sys=0.00s Real=0.26s
[5.429s][info][gc,start       ] GC(87) Pause Full (Ergonomics)
[5.429s][info][gc,phases,start] GC(87) Marking Phase
[5.612s][info][gc,phases      ] GC(87) Marking Phase 183.086ms
[5.612s][info][gc,phases,start] GC(87) Summary Phase
[5.612s][info][gc,phases      ] GC(87) Summary Phase 0.021ms
[5.612s][info][gc,phases,start] GC(87) Adjust Roots
[5.612s][info][gc,phases      ] GC(87) Adjust Roots 0.179ms
[5.612s][info][gc,phases,start] GC(87) Compaction Phase
[5.672s][info][gc,phases      ] GC(87) Compaction Phase 59.567ms
[5.672s][info][gc,phases,start] GC(87) Post Compact
[5.673s][info][gc,phases      ] GC(87) Post Compact 1.234ms
[5.673s][info][gc,heap        ] GC(87) PSYoungGen: 61364K(107008K)->61364K(107008K) Eden: 17920K(17920K)->17920K(17920K) From: 43444K(89088K)->43444K(89088K)
[5.673s][info][gc,heap        ] GC(87) ParOldGen: 682881K(683008K)->682881K(683008K)
[5.673s][info][gc,metaspace   ] GC(87) Metaspace: 6301K(6464K)->6301K(6464K) NonClass: 5768K(5824K)->5768K(5824K) Class: 533K(640K)->533K(640K)
[5.673s][info][gc             ] GC(87) Pause Full (Ergonomics) 726M->726M(771M) 244.398ms
[5.673s][info][gc,cpu         ] GC(87) User=0.88s Sys=0.02s Real=0.24s
[5.674s][info][gc,start       ] GC(88) Pause Full (Ergonomics)
[5.674s][info][gc,phases,start] GC(88) Marking Phase
[5.847s][info][gc,phases      ] GC(88) Marking Phase 172.858ms
[5.847s][info][gc,phases,start] GC(88) Summary Phase
[5.847s][info][gc,phases      ] GC(88) Summary Phase 0.022ms
[5.847s][info][gc,phases,start] GC(88) Adjust Roots
[5.847s][info][gc,phases      ] GC(88) Adjust Roots 0.178ms
[5.847s][info][gc,phases,start] GC(88) Compaction Phase
[5.909s][info][gc,phases      ] GC(88) Compaction Phase 62.383ms
[5.909s][info][gc,phases,start] GC(88) Post Compact
[5.911s][info][gc,phases      ] GC(88) Post Compact 1.122ms
[5.911s][info][gc,heap        ] GC(88) PSYoungGen: 61364K(107008K)->61364K(107008K) Eden: 17920K(17920K)->17920K(17920K) From: 43444K(89088K)->43444K(89088K)
[5.911s][info][gc,heap        ] GC(88) ParOldGen: 682886K(683008K)->682886K(683008K)
[5.911s][info][gc,metaspace   ] GC(88) Metaspace: 6301K(6464K)->6301K(6464K) NonClass: 5768K(5824K)->5768K(5824K) Class: 533K(640K)->533K(640K)
[5.911s][info][gc             ] GC(88) Pause Full (Ergonomics) 726M->726M(771M) 236.867ms
[5.911s][info][gc,cpu         ] GC(88) User=0.80s Sys=0.00s Real=0.24s
[5.911s][info][gc,start       ] GC(89) Pause Full (Ergonomics)
[5.911s][info][gc,phases,start] GC(89) Marking Phase
[6.110s][info][gc,phases      ] GC(89) Marking Phase 198.572ms
[6.110s][info][gc,phases,start] GC(89) Summary Phase
[6.110s][info][gc,phases      ] GC(89) Summary Phase 0.020ms
[6.110s][info][gc,phases,start] GC(89) Adjust Roots
[6.110s][info][gc,phases      ] GC(89) Adjust Roots 0.175ms
[6.110s][info][gc,phases,start] GC(89) Compaction Phase
[6.166s][info][gc,phases      ] GC(89) Compaction Phase 56.294ms
[6.166s][info][gc,phases,start] GC(89) Post Compact
[6.167s][info][gc,phases      ] GC(89) Post Compact 1.240ms
[6.167s][info][gc,heap        ] GC(89) PSYoungGen: 61364K(107008K)->61364K(107008K) Eden: 17920K(17920K)->17920K(17920K) From: 43444K(89088K)->43444K(89088K)
[6.168s][info][gc,heap        ] GC(89) ParOldGen: 682890K(683008K)->682890K(683008K)
[6.168s][info][gc,metaspace   ] GC(89) Metaspace: 6301K(6464K)->6301K(6464K) NonClass: 5768K(5824K)->5768K(5824K) Class: 533K(640K)->533K(640K)
[6.168s][info][gc             ] GC(89) Pause Full (Ergonomics) 726M->726M(771M) 256.588ms
[6.168s][info][gc,cpu         ] GC(89) User=0.94s Sys=0.00s Real=0.26s
[6.168s][info][gc,start       ] GC(90) Pause Full (Ergonomics)
[6.168s][info][gc,phases,start] GC(90) Marking Phase
[6.355s][info][gc,phases      ] GC(90) Marking Phase 187.272ms
[6.355s][info][gc,phases,start] GC(90) Summary Phase
[6.355s][info][gc,phases      ] GC(90) Summary Phase 0.019ms
[6.355s][info][gc,phases,start] GC(90) Adjust Roots
[6.355s][info][gc,phases      ] GC(90) Adjust Roots 0.177ms
[6.355s][info][gc,phases,start] GC(90) Compaction Phase
[6.417s][info][gc,phases      ] GC(90) Compaction Phase 62.099ms
[6.418s][info][gc,phases,start] GC(90) Post Compact
[6.419s][info][gc,phases      ] GC(90) Post Compact 1.290ms
[6.419s][info][gc,heap        ] GC(90) PSYoungGen: 61364K(107008K)->61364K(107008K) Eden: 17920K(17920K)->17920K(17920K) From: 43444K(89088K)->43444K(89088K)
[6.419s][info][gc,heap        ] GC(90) ParOldGen: 682895K(683008K)->682895K(683008K)
[6.419s][info][gc,metaspace   ] GC(90) Metaspace: 6301K(6464K)->6301K(6464K) NonClass: 5768K(5824K)->5768K(5824K) Class: 533K(640K)->533K(640K)
[6.419s][info][gc             ] GC(90) Pause Full (Ergonomics) 726M->726M(771M) 251.194ms
[6.419s][info][gc,cpu         ] GC(90) User=0.94s Sys=0.00s Real=0.25s
[6.419s][info][gc,start       ] GC(91) Pause Full (Ergonomics)
[6.419s][info][gc,phases,start] GC(91) Marking Phase
[6.612s][info][gc,phases      ] GC(91) Marking Phase 192.673ms
[6.612s][info][gc,phases,start] GC(91) Summary Phase
[6.612s][info][gc,phases      ] GC(91) Summary Phase 0.021ms
[6.612s][info][gc,phases,start] GC(91) Adjust Roots
[6.612s][info][gc,phases      ] GC(91) Adjust Roots 0.174ms
[6.612s][info][gc,phases,start] GC(91) Compaction Phase
[6.675s][info][gc,phases      ] GC(91) Compaction Phase 62.411ms
[6.675s][info][gc,phases,start] GC(91) Post Compact
[6.676s][info][gc,phases      ] GC(91) Post Compact 1.198ms
[6.676s][info][gc,heap        ] GC(91) PSYoungGen: 61364K(107008K)->61364K(107008K) Eden: 17920K(17920K)->17920K(17920K) From: 43444K(89088K)->43444K(89088K)
[6.676s][info][gc,heap        ] GC(91) ParOldGen: 682900K(683008K)->682900K(683008K)
[6.676s][info][gc,metaspace   ] GC(91) Metaspace: 6301K(6464K)->6301K(6464K) NonClass: 5768K(5824K)->5768K(5824K) Class: 533K(640K)->533K(640K)
[6.676s][info][gc             ] GC(91) Pause Full (Ergonomics) 726M->726M(771M) 256.779ms
[6.676s][info][gc,cpu         ] GC(91) User=0.98s Sys=0.00s Real=0.26s
[6.676s][info][gc,start       ] GC(92) Pause Full (Ergonomics)
[6.676s][info][gc,phases,start] GC(92) Marking Phase
[6.864s][info][gc,phases      ] GC(92) Marking Phase 187.501ms
[6.864s][info][gc,phases,start] GC(92) Summary Phase
[6.864s][info][gc,phases      ] GC(92) Summary Phase 0.021ms
[6.864s][info][gc,phases,start] GC(92) Adjust Roots
[6.864s][info][gc,phases      ] GC(92) Adjust Roots 0.172ms
[6.864s][info][gc,phases,start] GC(92) Compaction Phase
[6.917s][info][gc,phases      ] GC(92) Compaction Phase 53.341ms
[6.917s][info][gc,phases,start] GC(92) Post Compact
[6.919s][info][gc,phases      ] GC(92) Post Compact 1.219ms
[6.919s][info][gc,heap        ] GC(92) PSYoungGen: 61364K(107008K)->61364K(107008K) Eden: 17920K(17920K)->17920K(17920K) From: 43444K(89088K)->43444K(89088K)
[6.919s][info][gc,heap        ] GC(92) ParOldGen: 682904K(683008K)->682904K(683008K)
[6.919s][info][gc,metaspace   ] GC(92) Metaspace: 6301K(6464K)->6301K(6464K) NonClass: 5768K(5824K)->5768K(5824K) Class: 533K(640K)->533K(640K)
[6.919s][info][gc             ] GC(92) Pause Full (Ergonomics) 726M->726M(771M) 242.558ms
[6.919s][info][gc,cpu         ] GC(92) User=0.86s Sys=0.00s Real=0.24s
[6.919s][info][gc,start       ] GC(93) Pause Full (Ergonomics)
[6.919s][info][gc,phases,start] GC(93) Marking Phase
[7.119s][info][gc,phases      ] GC(93) Marking Phase 200.359ms
[7.119s][info][gc,phases,start] GC(93) Summary Phase
[7.120s][info][gc,phases      ] GC(93) Summary Phase 0.019ms
[7.120s][info][gc,phases,start] GC(93) Adjust Roots
[7.120s][info][gc,phases      ] GC(93) Adjust Roots 0.182ms
[7.120s][info][gc,phases,start] GC(93) Compaction Phase
[7.182s][info][gc,phases      ] GC(93) Compaction Phase 62.455ms
[7.182s][info][gc,phases,start] GC(93) Post Compact
[7.183s][info][gc,phases      ] GC(93) Post Compact 1.164ms
[7.183s][info][gc,heap        ] GC(93) PSYoungGen: 61364K(107008K)->61364K(107008K) Eden: 17920K(17920K)->17920K(17920K) From: 43444K(89088K)->43444K(89088K)
[7.183s][info][gc,heap        ] GC(93) ParOldGen: 682909K(683008K)->682909K(683008K)
[7.184s][info][gc,metaspace   ] GC(93) Metaspace: 6301K(6464K)->6301K(6464K) NonClass: 5768K(5824K)->5768K(5824K) Class: 533K(640K)->533K(640K)
[7.184s][info][gc             ] GC(93) Pause Full (Ergonomics) 726M->726M(771M) 264.473ms
[7.184s][info][gc,cpu         ] GC(93) User=0.98s Sys=0.00s Real=0.26s
[7.184s][info][gc,start       ] GC(94) Pause Full (Ergonomics)
[7.184s][info][gc,phases,start] GC(94) Marking Phase
[7.351s][info][gc,phases      ] GC(94) Marking Phase 167.119ms
[7.351s][info][gc,phases,start] GC(94) Summary Phase
[7.351s][info][gc,phases      ] GC(94) Summary Phase 0.021ms
[7.351s][info][gc,phases,start] GC(94) Adjust Roots
[7.351s][info][gc,phases      ] GC(94) Adjust Roots 0.177ms
[7.351s][info][gc,phases,start] GC(94) Compaction Phase
[7.406s][info][gc,phases      ] GC(94) Compaction Phase 55.141ms
[7.406s][info][gc,phases,start] GC(94) Post Compact
[7.408s][info][gc,phases      ] GC(94) Post Compact 1.206ms
[7.408s][info][gc,heap        ] GC(94) PSYoungGen: 61364K(107008K)->61364K(107008K) Eden: 17920K(17920K)->17920K(17920K) From: 43444K(89088K)->43444K(89088K)
[7.408s][info][gc,heap        ] GC(94) ParOldGen: 682914K(683008K)->682914K(683008K)
[7.408s][info][gc,metaspace   ] GC(94) Metaspace: 6301K(6464K)->6301K(6464K) NonClass: 5768K(5824K)->5768K(5824K) Class: 533K(640K)->533K(640K)
[7.408s][info][gc             ] GC(94) Pause Full (Ergonomics) 726M->726M(771M) 223.979ms
[7.408s][info][gc,cpu         ] GC(94) User=0.88s Sys=0.00s Real=0.22s
[7.408s][info][gc,start       ] GC(95) Pause Full (Ergonomics)
[7.408s][info][gc,phases,start] GC(95) Marking Phase
[7.575s][info][gc,phases      ] GC(95) Marking Phase 167.144ms
[7.575s][info][gc,phases,start] GC(95) Summary Phase
[7.575s][info][gc,phases      ] GC(95) Summary Phase 0.021ms
[7.575s][info][gc,phases,start] GC(95) Adjust Roots
[7.575s][info][gc,phases      ] GC(95) Adjust Roots 0.179ms
[7.575s][info][gc,phases,start] GC(95) Compaction Phase
[7.629s][info][gc,phases      ] GC(95) Compaction Phase 53.668ms
[7.629s][info][gc,phases,start] GC(95) Post Compact
[7.630s][info][gc,phases      ] GC(95) Post Compact 1.269ms
[7.631s][info][gc,heap        ] GC(95) PSYoungGen: 61364K(107008K)->61364K(107008K) Eden: 17920K(17920K)->17920K(17920K) From: 43444K(89088K)->43444K(89088K)
[7.631s][info][gc,heap        ] GC(95) ParOldGen: 682918K(683008K)->682918K(683008K)
[7.631s][info][gc,metaspace   ] GC(95) Metaspace: 6301K(6464K)->6301K(6464K) NonClass: 5768K(5824K)->5768K(5824K) Class: 533K(640K)->533K(640K)
[7.631s][info][gc             ] GC(95) Pause Full (Ergonomics) 726M->726M(771M) 222.582ms
[7.631s][info][gc,cpu         ] GC(95) User=0.78s Sys=0.00s Real=0.22s
[7.631s][info][gc,start       ] GC(96) Pause Full (Ergonomics)
[7.631s][info][gc,phases,start] GC(96) Marking Phase
[7.848s][info][gc,phases      ] GC(96) Marking Phase 217.133ms
[7.848s][info][gc,phases,start] GC(96) Summary Phase
[7.848s][info][gc,phases      ] GC(96) Summary Phase 0.022ms
[7.848s][info][gc,phases,start] GC(96) Adjust Roots
[7.848s][info][gc,phases      ] GC(96) Adjust Roots 0.237ms
[7.848s][info][gc,phases,start] GC(96) Compaction Phase
[7.911s][info][gc,phases      ] GC(96) Compaction Phase 62.843ms
[7.911s][info][gc,phases,start] GC(96) Post Compact
[7.912s][info][gc,phases      ] GC(96) Post Compact 1.079ms
[7.912s][info][gc,heap        ] GC(96) PSYoungGen: 61364K(107008K)->61364K(107008K) Eden: 17920K(17920K)->17920K(17920K) From: 43444K(89088K)->43444K(89088K)
[7.912s][info][gc,heap        ] GC(96) ParOldGen: 682923K(683008K)->682923K(683008K)
[7.912s][info][gc,metaspace   ] GC(96) Metaspace: 6301K(6464K)->6301K(6464K) NonClass: 5768K(5824K)->5768K(5824K) Class: 533K(640K)->533K(640K)
[7.912s][info][gc             ] GC(96) Pause Full (Ergonomics) 726M->726M(771M) 281.593ms
[7.912s][info][gc,cpu         ] GC(96) User=1.02s Sys=0.00s Real=0.28s
[7.913s][info][gc,start       ] GC(97) Pause Full (Ergonomics)
[7.913s][info][gc,phases,start] GC(97) Marking Phase
[8.089s][info][gc,phases      ] GC(97) Marking Phase 176.184ms
[8.089s][info][gc,phases,start] GC(97) Summary Phase
[8.089s][info][gc,phases      ] GC(97) Summary Phase 0.021ms
[8.089s][info][gc,phases,start] GC(97) Adjust Roots
[8.089s][info][gc,phases      ] GC(97) Adjust Roots 0.182ms
[8.089s][info][gc,phases,start] GC(97) Compaction Phase
[8.151s][info][gc,phases      ] GC(97) Compaction Phase 61.829ms
[8.151s][info][gc,phases,start] GC(97) Post Compact
[8.152s][info][gc,phases      ] GC(97) Post Compact 1.387ms
[8.153s][info][gc,heap        ] GC(97) PSYoungGen: 61364K(107008K)->61364K(107008K) Eden: 17920K(17920K)->17920K(17920K) From: 43444K(89088K)->43444K(89088K)
[8.153s][info][gc,heap        ] GC(97) ParOldGen: 682928K(683008K)->682928K(683008K)
[8.153s][info][gc,metaspace   ] GC(97) Metaspace: 6301K(6464K)->6301K(6464K) NonClass: 5768K(5824K)->5768K(5824K) Class: 533K(640K)->533K(640K)
[8.153s][info][gc             ] GC(97) Pause Full (Ergonomics) 726M->726M(771M) 239.936ms
[8.153s][info][gc,cpu         ] GC(97) User=0.83s Sys=0.00s Real=0.24s
[8.153s][info][gc,start       ] GC(98) Pause Full (Ergonomics)
[8.153s][info][gc,phases,start] GC(98) Marking Phase
[8.319s][info][gc,phases      ] GC(98) Marking Phase 165.864ms
[8.319s][info][gc,phases,start] GC(98) Summary Phase
[8.319s][info][gc,phases      ] GC(98) Summary Phase 0.029ms
[8.319s][info][gc,phases,start] GC(98) Adjust Roots
[8.319s][info][gc,phases      ] GC(98) Adjust Roots 0.171ms
[8.319s][info][gc,phases,start] GC(98) Compaction Phase
[8.375s][info][gc,phases      ] GC(98) Compaction Phase 56.383ms
[8.376s][info][gc,phases,start] GC(98) Post Compact
[8.377s][info][gc,phases      ] GC(98) Post Compact 1.215ms
[8.377s][info][gc,heap        ] GC(98) PSYoungGen: 61364K(107008K)->61364K(107008K) Eden: 17920K(17920K)->17920K(17920K) From: 43444K(89088K)->43444K(89088K)
[8.377s][info][gc,heap        ] GC(98) ParOldGen: 682932K(683008K)->682932K(683008K)
[8.377s][info][gc,metaspace   ] GC(98) Metaspace: 6301K(6464K)->6301K(6464K) NonClass: 5768K(5824K)->5768K(5824K) Class: 533K(640K)->533K(640K)
[8.377s][info][gc             ] GC(98) Pause Full (Ergonomics) 726M->726M(771M) 223.999ms
[8.377s][info][gc,cpu         ] GC(98) User=0.88s Sys=0.00s Real=0.23s
[8.377s][info][gc,start       ] GC(99) Pause Full (Ergonomics)
[8.377s][info][gc,phases,start] GC(99) Marking Phase
[8.544s][info][gc,phases      ] GC(99) Marking Phase 166.689ms
[8.544s][info][gc,phases,start] GC(99) Summary Phase
[8.544s][info][gc,phases      ] GC(99) Summary Phase 0.022ms
[8.544s][info][gc,phases,start] GC(99) Adjust Roots
[8.544s][info][gc,phases      ] GC(99) Adjust Roots 0.184ms
[8.544s][info][gc,phases,start] GC(99) Compaction Phase
[8.601s][info][gc,phases      ] GC(99) Compaction Phase 56.489ms
[8.601s][info][gc,phases,start] GC(99) Post Compact
[8.602s][info][gc,phases      ] GC(99) Post Compact 1.213ms
[8.602s][info][gc,heap        ] GC(99) PSYoungGen: 61364K(107008K)->61364K(107008K) Eden: 17920K(17920K)->17920K(17920K) From: 43444K(89088K)->43444K(89088K)
[8.602s][info][gc,heap        ] GC(99) ParOldGen: 682937K(683008K)->682937K(683008K)
[8.602s][info][gc,metaspace   ] GC(99) Metaspace: 6301K(6464K)->6301K(6464K) NonClass: 5768K(5824K)->5768K(5824K) Class: 533K(640K)->533K(640K)
[8.602s][info][gc             ] GC(99) Pause Full (Ergonomics) 726M->726M(771M) 224.889ms
[8.602s][info][gc,cpu         ] GC(99) User=0.81s Sys=0.00s Real=0.22s
[8.602s][info][gc,start       ] GC(100) Pause Full (Ergonomics)
[8.602s][info][gc,phases,start] GC(100) Marking Phase
[8.787s][info][gc,phases      ] GC(100) Marking Phase 184.479ms
[8.787s][info][gc,phases,start] GC(100) Summary Phase
[8.787s][info][gc,phases      ] GC(100) Summary Phase 0.021ms
[8.787s][info][gc,phases,start] GC(100) Adjust Roots
[8.787s][info][gc,phases      ] GC(100) Adjust Roots 0.181ms
[8.787s][info][gc,phases,start] GC(100) Compaction Phase
[8.850s][info][gc,phases      ] GC(100) Compaction Phase 62.923ms
[8.850s][info][gc,phases,start] GC(100) Post Compact
[8.851s][info][gc,phases      ] GC(100) Post Compact 1.225ms
[8.851s][info][gc,heap        ] GC(100) PSYoungGen: 61364K(107008K)->61364K(107008K) Eden: 17920K(17920K)->17920K(17920K) From: 43444K(89088K)->43444K(89088K)
[8.851s][info][gc,heap        ] GC(100) ParOldGen: 682942K(683008K)->682942K(683008K)
[8.851s][info][gc,metaspace   ] GC(100) Metaspace: 6301K(6464K)->6301K(6464K) NonClass: 5768K(5824K)->5768K(5824K) Class: 533K(640K)->533K(640K)
[8.851s][info][gc             ] GC(100) Pause Full (Ergonomics) 726M->726M(771M) 249.136ms
[8.851s][info][gc,cpu         ] GC(100) User=0.84s Sys=0.02s Real=0.25s
[8.852s][info][gc,start       ] GC(101) Pause Full (Ergonomics)
[8.852s][info][gc,phases,start] GC(101) Marking Phase
[9.065s][info][gc,phases      ] GC(101) Marking Phase 213.674ms
[9.065s][info][gc,phases,start] GC(101) Summary Phase
[9.065s][info][gc,phases      ] GC(101) Summary Phase 0.019ms
[9.065s][info][gc,phases,start] GC(101) Adjust Roots
[9.066s][info][gc,phases      ] GC(101) Adjust Roots 0.169ms
[9.066s][info][gc,phases,start] GC(101) Compaction Phase
[9.127s][info][gc,phases      ] GC(101) Compaction Phase 61.550ms
[9.127s][info][gc,phases,start] GC(101) Post Compact
[9.128s][info][gc,phases      ] GC(101) Post Compact 1.161ms
[9.128s][info][gc,heap        ] GC(101) PSYoungGen: 61364K(107008K)->61364K(107008K) Eden: 17920K(17920K)->17920K(17920K) From: 43444K(89088K)->43444K(89088K)
[9.128s][info][gc,heap        ] GC(101) ParOldGen: 682946K(683008K)->682946K(683008K)
[9.128s][info][gc,metaspace   ] GC(101) Metaspace: 6301K(6464K)->6301K(6464K) NonClass: 5768K(5824K)->5768K(5824K) Class: 533K(640K)->533K(640K)
[9.128s][info][gc             ] GC(101) Pause Full (Ergonomics) 726M->726M(771M) 276.884ms
[9.128s][info][gc,cpu         ] GC(101) User=1.02s Sys=0.00s Real=0.28s
[9.129s][info][gc,start       ] GC(102) Pause Full (Ergonomics)
[9.129s][info][gc,phases,start] GC(102) Marking Phase
[9.332s][info][gc,phases      ] GC(102) Marking Phase 203.356ms
[9.332s][info][gc,phases,start] GC(102) Summary Phase
[9.332s][info][gc,phases      ] GC(102) Summary Phase 0.020ms
[9.332s][info][gc,phases,start] GC(102) Adjust Roots
[9.332s][info][gc,phases      ] GC(102) Adjust Roots 0.192ms
[9.332s][info][gc,phases,start] GC(102) Compaction Phase
[9.392s][info][gc,phases      ] GC(102) Compaction Phase 60.063ms
[9.393s][info][gc,phases,start] GC(102) Post Compact
[9.394s][info][gc,phases      ] GC(102) Post Compact 1.222ms
[9.394s][info][gc,heap        ] GC(102) PSYoungGen: 61364K(107008K)->61364K(107008K) Eden: 17920K(17920K)->17920K(17920K) From: 43444K(89088K)->43444K(89088K)
[9.394s][info][gc,heap        ] GC(102) ParOldGen: 682951K(683008K)->682951K(683008K)
[9.394s][info][gc,metaspace   ] GC(102) Metaspace: 6301K(6464K)->6301K(6464K) NonClass: 5768K(5824K)->5768K(5824K) Class: 533K(640K)->533K(640K)
[9.394s][info][gc             ] GC(102) Pause Full (Ergonomics) 726M->726M(771M) 265.154ms
[9.394s][info][gc,cpu         ] GC(102) User=0.89s Sys=0.02s Real=0.26s
[9.394s][info][gc,start       ] GC(103) Pause Full (Ergonomics)
[9.394s][info][gc,phases,start] GC(103) Marking Phase
[9.588s][info][gc,phases      ] GC(103) Marking Phase 193.440ms
[9.588s][info][gc,phases,start] GC(103) Summary Phase
[9.588s][info][gc,phases      ] GC(103) Summary Phase 0.022ms
[9.588s][info][gc,phases,start] GC(103) Adjust Roots
[9.588s][info][gc,phases      ] GC(103) Adjust Roots 0.175ms
[9.588s][info][gc,phases,start] GC(103) Compaction Phase
[9.648s][info][gc,phases      ] GC(103) Compaction Phase 59.828ms
[9.648s][info][gc,phases,start] GC(103) Post Compact
[9.649s][info][gc,phases      ] GC(103) Post Compact 1.199ms
[9.649s][info][gc,heap        ] GC(103) PSYoungGen: 61364K(107008K)->61364K(107008K) Eden: 17920K(17920K)->17920K(17920K) From: 43444K(89088K)->43444K(89088K)
[9.649s][info][gc,heap        ] GC(103) ParOldGen: 682956K(683008K)->682956K(683008K)
[9.649s][info][gc,metaspace   ] GC(103) Metaspace: 6301K(6464K)->6301K(6464K) NonClass: 5768K(5824K)->5768K(5824K) Class: 533K(640K)->533K(640K)
[9.649s][info][gc             ] GC(103) Pause Full (Ergonomics) 726M->726M(771M) 254.978ms
[9.649s][info][gc,cpu         ] GC(103) User=0.92s Sys=0.02s Real=0.25s
[9.649s][info][gc,start       ] GC(104) Pause Full (Ergonomics)
[9.649s][info][gc,phases,start] GC(104) Marking Phase
[9.829s][info][gc,phases      ] GC(104) Marking Phase 180.017ms
[9.829s][info][gc,phases,start] GC(104) Summary Phase
[9.829s][info][gc,phases      ] GC(104) Summary Phase 0.021ms
[9.829s][info][gc,phases,start] GC(104) Adjust Roots
[9.830s][info][gc,phases      ] GC(104) Adjust Roots 0.179ms
[9.830s][info][gc,phases,start] GC(104) Compaction Phase
[9.885s][info][gc,phases      ] GC(104) Compaction Phase 54.964ms
[9.885s][info][gc,phases,start] GC(104) Post Compact
[9.886s][info][gc,phases      ] GC(104) Post Compact 1.156ms
[9.886s][info][gc,heap        ] GC(104) PSYoungGen: 61364K(107008K)->61364K(107008K) Eden: 17920K(17920K)->17920K(17920K) From: 43444K(89088K)->43444K(89088K)
[9.886s][info][gc,heap        ] GC(104) ParOldGen: 682960K(683008K)->682960K(683008K)
[9.886s][info][gc,metaspace   ] GC(104) Metaspace: 6301K(6464K)->6301K(6464K) NonClass: 5768K(5824K)->5768K(5824K) Class: 533K(640K)->533K(640K)
[9.886s][info][gc             ] GC(104) Pause Full (Ergonomics) 726M->726M(771M) 236.621ms
[9.886s][info][gc,cpu         ] GC(104) User=0.88s Sys=0.00s Real=0.24s
[9.886s][info][gc,start       ] GC(105) Pause Full (Ergonomics)
[9.886s][info][gc,phases,start] GC(105) Marking Phase
[10.049s][info][gc,phases      ] GC(105) Marking Phase 162.923ms
[10.049s][info][gc,phases,start] GC(105) Summary Phase
[10.049s][info][gc,phases      ] GC(105) Summary Phase 0.021ms
[10.049s][info][gc,phases,start] GC(105) Adjust Roots
[10.049s][info][gc,phases      ] GC(105) Adjust Roots 0.172ms
[10.050s][info][gc,phases,start] GC(105) Compaction Phase
[10.117s][info][gc,phases      ] GC(105) Compaction Phase 67.425ms
[10.117s][info][gc,phases,start] GC(105) Post Compact
[10.118s][info][gc,phases      ] GC(105) Post Compact 1.394ms
[10.118s][info][gc,heap        ] GC(105) PSYoungGen: 61364K(107008K)->61364K(107008K) Eden: 17920K(17920K)->17920K(17920K) From: 43444K(89088K)->43444K(89088K)
[10.118s][info][gc,heap        ] GC(105) ParOldGen: 682965K(683008K)->682965K(683008K)
[10.119s][info][gc,metaspace   ] GC(105) Metaspace: 6301K(6464K)->6301K(6464K) NonClass: 5768K(5824K)->5768K(5824K) Class: 533K(640K)->533K(640K)
[10.119s][info][gc             ] GC(105) Pause Full (Ergonomics) 726M->726M(771M) 232.299ms
[10.119s][info][gc,cpu         ] GC(105) User=0.88s Sys=0.00s Real=0.23s
[10.119s][info][gc,start       ] GC(106) Pause Full (Ergonomics)
[10.119s][info][gc,phases,start] GC(106) Marking Phase
[10.310s][info][gc,phases      ] GC(106) Marking Phase 190.941ms
[10.310s][info][gc,phases,start] GC(106) Summary Phase
[10.310s][info][gc,phases      ] GC(106) Summary Phase 0.022ms
[10.310s][info][gc,phases,start] GC(106) Adjust Roots
[10.310s][info][gc,phases      ] GC(106) Adjust Roots 0.190ms
[10.310s][info][gc,phases,start] GC(106) Compaction Phase
[10.371s][info][gc,phases      ] GC(106) Compaction Phase 60.449ms
[10.371s][info][gc,phases,start] GC(106) Post Compact
[10.372s][info][gc,phases      ] GC(106) Post Compact 1.199ms
[10.372s][info][gc,heap        ] GC(106) PSYoungGen: 61364K(107008K)->61364K(107008K) Eden: 17920K(17920K)->17920K(17920K) From: 43444K(89088K)->43444K(89088K)
[10.372s][info][gc,heap        ] GC(106) ParOldGen: 682970K(683008K)->682970K(683008K)
[10.372s][info][gc,metaspace   ] GC(106) Metaspace: 6301K(6464K)->6301K(6464K) NonClass: 5768K(5824K)->5768K(5824K) Class: 533K(640K)->533K(640K)
[10.372s][info][gc             ] GC(106) Pause Full (Ergonomics) 726M->726M(771M) 253.116ms
[10.372s][info][gc,cpu         ] GC(106) User=0.91s Sys=0.00s Real=0.25s
[10.372s][info][gc,start       ] GC(107) Pause Full (Ergonomics)
[10.372s][info][gc,phases,start] GC(107) Marking Phase
[10.574s][info][gc,phases      ] GC(107) Marking Phase 202.110ms
[10.574s][info][gc,phases,start] GC(107) Summary Phase
[10.574s][info][gc,phases      ] GC(107) Summary Phase 0.019ms
[10.574s][info][gc,phases,start] GC(107) Adjust Roots
[10.575s][info][gc,phases      ] GC(107) Adjust Roots 0.173ms
[10.575s][info][gc,phases,start] GC(107) Compaction Phase
[10.634s][info][gc,phases      ] GC(107) Compaction Phase 59.573ms
[10.634s][info][gc,phases,start] GC(107) Post Compact
[10.635s][info][gc,phases      ] GC(107) Post Compact 1.168ms
[10.636s][info][gc,heap        ] GC(107) PSYoungGen: 61364K(107008K)->61364K(107008K) Eden: 17920K(17920K)->17920K(17920K) From: 43444K(89088K)->43444K(89088K)
[10.636s][info][gc,heap        ] GC(107) ParOldGen: 682974K(683008K)->682974K(683008K)
[10.636s][info][gc,metaspace   ] GC(107) Metaspace: 6301K(6464K)->6301K(6464K) NonClass: 5768K(5824K)->5768K(5824K) Class: 533K(640K)->533K(640K)
[10.636s][info][gc             ] GC(107) Pause Full (Ergonomics) 726M->726M(771M) 263.400ms
[10.636s][info][gc,cpu         ] GC(107) User=0.98s Sys=0.00s Real=0.26s
[10.636s][info][gc,start       ] GC(108) Pause Full (Ergonomics)
[10.636s][info][gc,phases,start] GC(108) Marking Phase
[10.825s][info][gc,phases      ] GC(108) Marking Phase 188.973ms
[10.825s][info][gc,phases,start] GC(108) Summary Phase
[10.825s][info][gc,phases      ] GC(108) Summary Phase 0.021ms
[10.825s][info][gc,phases,start] GC(108) Adjust Roots
[10.825s][info][gc,phases      ] GC(108) Adjust Roots 0.183ms
[10.825s][info][gc,phases,start] GC(108) Compaction Phase
[10.879s][info][gc,phases      ] GC(108) Compaction Phase 53.654ms
[10.879s][info][gc,phases,start] GC(108) Post Compact
[10.880s][info][gc,phases      ] GC(108) Post Compact 1.169ms
[10.880s][info][gc,heap        ] GC(108) PSYoungGen: 61364K(107008K)->61364K(107008K) Eden: 17920K(17920K)->17920K(17920K) From: 43444K(89088K)->43444K(89088K)
[10.880s][info][gc,heap        ] GC(108) ParOldGen: 682979K(683008K)->682979K(683008K)
[10.880s][info][gc,metaspace   ] GC(108) Metaspace: 6301K(6464K)->6301K(6464K) NonClass: 5768K(5824K)->5768K(5824K) Class: 533K(640K)->533K(640K)
[10.880s][info][gc             ] GC(108) Pause Full (Ergonomics) 726M->726M(771M) 244.296ms
[10.880s][info][gc,cpu         ] GC(108) User=0.91s Sys=0.00s Real=0.24s
[10.880s][info][gc,start       ] GC(109) Pause Full (Ergonomics)
[10.880s][info][gc,phases,start] GC(109) Marking Phase
[11.075s][info][gc,phases      ] GC(109) Marking Phase 194.406ms
[11.075s][info][gc,phases,start] GC(109) Summary Phase
[11.075s][info][gc,phases      ] GC(109) Summary Phase 0.022ms
[11.075s][info][gc,phases,start] GC(109) Adjust Roots
[11.075s][info][gc,phases      ] GC(109) Adjust Roots 0.176ms
[11.075s][info][gc,phases,start] GC(109) Compaction Phase
[11.135s][info][gc,phases      ] GC(109) Compaction Phase 59.842ms
[11.135s][info][gc,phases,start] GC(109) Post Compact
[11.136s][info][gc,phases      ] GC(109) Post Compact 1.213ms
[11.136s][info][gc,heap        ] GC(109) PSYoungGen: 61364K(107008K)->61364K(107008K) Eden: 17920K(17920K)->17920K(17920K) From: 43444K(89088K)->43444K(89088K)
[11.136s][info][gc,heap        ] GC(109) ParOldGen: 682984K(683008K)->682984K(683008K)
[11.136s][info][gc,metaspace   ] GC(109) Metaspace: 6301K(6464K)->6301K(6464K) NonClass: 5768K(5824K)->5768K(5824K) Class: 533K(640K)->533K(640K)
[11.136s][info][gc             ] GC(109) Pause Full (Ergonomics) 726M->726M(771M) 255.948ms
[11.136s][info][gc,cpu         ] GC(109) User=0.94s Sys=0.00s Real=0.26s
[11.137s][info][gc,start       ] GC(110) Pause Full (Ergonomics)
[11.137s][info][gc,phases,start] GC(110) Marking Phase
[11.300s][info][gc,phases      ] GC(110) Marking Phase 163.205ms
[11.300s][info][gc,phases,start] GC(110) Summary Phase
[11.300s][info][gc,phases      ] GC(110) Summary Phase 0.021ms
[11.300s][info][gc,phases,start] GC(110) Adjust Roots
[11.300s][info][gc,phases      ] GC(110) Adjust Roots 0.173ms
[11.300s][info][gc,phases,start] GC(110) Compaction Phase
[11.363s][info][gc,phases      ] GC(110) Compaction Phase 62.939ms
[11.363s][info][gc,phases,start] GC(110) Post Compact
[11.364s][info][gc,phases      ] GC(110) Post Compact 1.079ms
[11.364s][info][gc,heap        ] GC(110) PSYoungGen: 61364K(107008K)->61364K(107008K) Eden: 17920K(17920K)->17920K(17920K) From: 43444K(89088K)->43444K(89088K)
[11.364s][info][gc,heap        ] GC(110) ParOldGen: 682988K(683008K)->682988K(683008K)
[11.364s][info][gc,metaspace   ] GC(110) Metaspace: 6301K(6464K)->6301K(6464K) NonClass: 5768K(5824K)->5768K(5824K) Class: 533K(640K)->533K(640K)
[11.364s][info][gc             ] GC(110) Pause Full (Ergonomics) 726M->726M(771M) 227.701ms
[11.364s][info][gc,cpu         ] GC(110) User=0.89s Sys=0.00s Real=0.23s
[11.365s][info][gc,start       ] GC(111) Pause Full (Ergonomics)
[11.365s][info][gc,phases,start] GC(111) Marking Phase
[11.531s][info][gc,phases      ] GC(111) Marking Phase 166.731ms
[11.531s][info][gc,phases,start] GC(111) Summary Phase
[11.531s][info][gc,phases      ] GC(111) Summary Phase 0.021ms
[11.531s][info][gc,phases,start] GC(111) Adjust Roots
[11.532s][info][gc,phases      ] GC(111) Adjust Roots 0.183ms
[11.532s][info][gc,phases,start] GC(111) Compaction Phase
[11.594s][info][gc,phases      ] GC(111) Compaction Phase 61.955ms
[11.594s][info][gc,phases,start] GC(111) Post Compact
[11.595s][info][gc,phases      ] GC(111) Post Compact 1.254ms
[11.595s][info][gc,heap        ] GC(111) PSYoungGen: 61364K(107008K)->61364K(107008K) Eden: 17920K(17920K)->17920K(17920K) From: 43444K(89088K)->43444K(89088K)
[11.595s][info][gc,heap        ] GC(111) ParOldGen: 682993K(683008K)->682993K(683008K)
[11.595s][info][gc,metaspace   ] GC(111) Metaspace: 6301K(6464K)->6301K(6464K) NonClass: 5768K(5824K)->5768K(5824K) Class: 533K(640K)->533K(640K)
[11.595s][info][gc             ] GC(111) Pause Full (Ergonomics) 726M->726M(771M) 230.525ms
[11.595s][info][gc,cpu         ] GC(111) User=0.77s Sys=0.00s Real=0.23s
[11.595s][info][gc,start       ] GC(112) Pause Full (Ergonomics)
[11.595s][info][gc,phases,start] GC(112) Marking Phase
[11.792s][info][gc,phases      ] GC(112) Marking Phase 196.389ms
[11.792s][info][gc,phases,start] GC(112) Summary Phase
[11.792s][info][gc,phases      ] GC(112) Summary Phase 0.021ms
[11.792s][info][gc,phases,start] GC(112) Adjust Roots
[11.792s][info][gc,phases      ] GC(112) Adjust Roots 0.186ms
[11.792s][info][gc,phases,start] GC(112) Compaction Phase
[11.855s][info][gc,phases      ] GC(112) Compaction Phase 62.614ms
[11.855s][info][gc,phases,start] GC(112) Post Compact
[11.856s][info][gc,phases      ] GC(112) Post Compact 1.099ms
[11.856s][info][gc,heap        ] GC(112) PSYoungGen: 61364K(107008K)->61364K(107008K) Eden: 17920K(17920K)->17920K(17920K) From: 43444K(89088K)->43444K(89088K)
[11.856s][info][gc,heap        ] GC(112) ParOldGen: 682998K(683008K)->682998K(683008K)
[11.856s][info][gc,metaspace   ] GC(112) Metaspace: 6301K(6464K)->6301K(6464K) NonClass: 5768K(5824K)->5768K(5824K) Class: 533K(640K)->533K(640K)
[11.856s][info][gc             ] GC(112) Pause Full (Ergonomics) 726M->726M(771M) 260.618ms
[11.856s][info][gc,cpu         ] GC(112) User=0.94s Sys=0.00s Real=0.26s
[11.856s][info][gc,start       ] GC(113) Pause Full (Ergonomics)
[11.856s][info][gc,phases,start] GC(113) Marking Phase
[12.039s][info][gc,phases      ] GC(113) Marking Phase 182.775ms
[12.039s][info][gc,phases,start] GC(113) Summary Phase
[12.039s][info][gc,phases      ] GC(113) Summary Phase 0.019ms
[12.039s][info][gc,phases,start] GC(113) Adjust Roots
[12.039s][info][gc,phases      ] GC(113) Adjust Roots 0.174ms
[12.039s][info][gc,phases,start] GC(113) Compaction Phase
[12.099s][info][gc,phases      ] GC(113) Compaction Phase 60.075ms
[12.099s][info][gc,phases,start] GC(113) Post Compact
[12.101s][info][gc,phases      ] GC(113) Post Compact 1.160ms
[12.101s][info][gc,heap        ] GC(113) PSYoungGen: 61364K(107008K)->61364K(107008K) Eden: 17920K(17920K)->17920K(17920K) From: 43444K(89088K)->43444K(89088K)
[12.101s][info][gc,heap        ] GC(113) ParOldGen: 683002K(683008K)->683002K(683008K)
[12.101s][info][gc,metaspace   ] GC(113) Metaspace: 6301K(6464K)->6301K(6464K) NonClass: 5768K(5824K)->5768K(5824K) Class: 533K(640K)->533K(640K)
[12.101s][info][gc             ] GC(113) Pause Full (Ergonomics) 726M->726M(771M) 244.498ms
[12.101s][info][gc,cpu         ] GC(113) User=0.89s Sys=0.02s Real=0.24s
[12.101s][info][gc,start       ] GC(114) Pause Full (Ergonomics)
[12.101s][info][gc,phases,start] GC(114) Marking Phase
[12.279s][info][gc,phases      ] GC(114) Marking Phase 178.221ms
[12.279s][info][gc,phases,start] GC(114) Summary Phase
[12.279s][info][gc,phases      ] GC(114) Summary Phase 0.022ms
[12.279s][info][gc,phases,start] GC(114) Adjust Roots
[12.279s][info][gc,phases      ] GC(114) Adjust Roots 0.178ms
[12.279s][info][gc,phases,start] GC(114) Compaction Phase
[12.341s][info][gc,phases      ] GC(114) Compaction Phase 61.469ms
[12.341s][info][gc,phases,start] GC(114) Post Compact
[12.342s][info][gc,phases      ] GC(114) Post Compact 1.230ms
[12.342s][info][gc,heap        ] GC(114) PSYoungGen: 61364K(107008K)->61364K(107008K) Eden: 17920K(17920K)->17920K(17920K) From: 43444K(89088K)->43444K(89088K)
[12.342s][info][gc,heap        ] GC(114) ParOldGen: 683007K(683008K)->683007K(683008K)
[12.342s][info][gc,metaspace   ] GC(114) Metaspace: 6301K(6464K)->6301K(6464K) NonClass: 5768K(5824K)->5768K(5824K) Class: 533K(640K)->533K(640K)
[12.342s][info][gc             ] GC(114) Pause Full (Ergonomics) 726M->726M(771M) 241.441ms
[12.342s][info][gc,cpu         ] GC(114) User=0.94s Sys=0.00s Real=0.24s
[12.343s][info][gc,start       ] GC(115) Pause Full (Ergonomics)
[12.343s][info][gc,phases,start] GC(115) Marking Phase
[12.533s][info][gc,phases      ] GC(115) Marking Phase 190.817ms
[12.534s][info][gc,phases,start] GC(115) Summary Phase
[12.534s][info][gc,phases      ] GC(115) Summary Phase 0.021ms
[12.534s][info][gc,phases,start] GC(115) Adjust Roots
[12.534s][info][gc,phases      ] GC(115) Adjust Roots 0.173ms
[12.534s][info][gc,phases,start] GC(115) Compaction Phase
[12.588s][info][gc,phases      ] GC(115) Compaction Phase 53.887ms
[12.588s][info][gc,phases,start] GC(115) Post Compact
[12.589s][info][gc,phases      ] GC(115) Post Compact 1.200ms
[12.589s][info][gc,heap        ] GC(115) PSYoungGen: 61364K(107008K)->61364K(107008K) Eden: 17920K(17920K)->17920K(17920K) From: 43444K(89088K)->43444K(89088K)
[12.589s][info][gc,heap        ] GC(115) ParOldGen: 683007K(683008K)->683007K(683008K)
[12.589s][info][gc,metaspace   ] GC(115) Metaspace: 6301K(6464K)->6301K(6464K) NonClass: 5768K(5824K)->5768K(5824K) Class: 533K(640K)->533K(640K)
[12.589s][info][gc             ] GC(115) Pause Full (Ergonomics) 726M->726M(771M) 246.386ms
[12.589s][info][gc,cpu         ] GC(115) User=0.89s Sys=0.00s Real=0.25s
[12.589s][info][gc,start       ] GC(116) Pause Full (Allocation Failure)
[12.589s][info][gc,phases,start] GC(116) Marking Phase
[12.774s][info][gc,phases      ] GC(116) Marking Phase 184.729ms
[12.774s][info][gc,phases,start] GC(116) Summary Phase
[12.774s][info][gc,phases      ] GC(116) Summary Phase 0.021ms
[12.774s][info][gc,phases,start] GC(116) Adjust Roots
[12.774s][info][gc,phases      ] GC(116) Adjust Roots 0.386ms
[12.774s][info][gc,phases,start] GC(116) Compaction Phase
[12.910s][info][gc,phases      ] GC(116) Compaction Phase 135.858ms
[12.910s][info][gc,phases,start] GC(116) Post Compact
[12.912s][info][gc,phases      ] GC(116) Post Compact 1.480ms
[12.912s][info][gc,heap        ] GC(116) PSYoungGen: 61364K(107008K)->61364K(107008K) Eden: 17920K(17920K)->17920K(17920K) From: 43444K(89088K)->43444K(89088K)
[12.912s][info][gc,heap        ] GC(116) ParOldGen: 683007K(683008K)->683003K(683008K)
[12.912s][info][gc,metaspace   ] GC(116) Metaspace: 6301K(6464K)->6299K(6464K) NonClass: 5768K(5824K)->5766K(5824K) Class: 533K(640K)->532K(640K)
[12.912s][info][gc             ] GC(116) Pause Full (Allocation Failure) 726M->726M(771M) 322.767ms
[12.912s][info][gc,cpu         ] GC(116) User=1.19s Sys=0.02s Real=0.32s
[12.912s][info][gc,start       ] GC(117) Pause Full (Ergonomics)
[12.912s][info][gc,phases,start] GC(117) Marking Phase
[13.112s][info][gc,phases      ] GC(117) Marking Phase 199.727ms
[13.112s][info][gc,phases,start] GC(117) Summary Phase
[13.112s][info][gc,phases      ] GC(117) Summary Phase 0.021ms
[13.112s][info][gc,phases,start] GC(117) Adjust Roots
[13.112s][info][gc,phases      ] GC(117) Adjust Roots 0.190ms
[13.112s][info][gc,phases,start] GC(117) Compaction Phase
[13.169s][info][gc,phases      ] GC(117) Compaction Phase 56.132ms
[13.169s][info][gc,phases,start] GC(117) Post Compact
[13.170s][info][gc,phases      ] GC(117) Post Compact 1.223ms
[13.170s][info][gc,heap        ] GC(117) PSYoungGen: 61364K(107008K)->61364K(107008K) Eden: 17920K(17920K)->17920K(17920K) From: 43444K(89088K)->43444K(89088K)
[13.170s][info][gc,heap        ] GC(117) ParOldGen: 683007K(683008K)->683007K(683008K)
[13.170s][info][gc,metaspace   ] GC(117) Metaspace: 6299K(6464K)->6299K(6464K) NonClass: 5766K(5824K)->5766K(5824K) Class: 532K(640K)->532K(640K)
[13.170s][info][gc             ] GC(117) Pause Full (Ergonomics) 726M->726M(771M) 257.583ms
[13.170s][info][gc,cpu         ] GC(117) User=0.94s Sys=0.00s Real=0.26s
[13.170s][info][gc,start       ] GC(118) Pause Full (Ergonomics)
[13.170s][info][gc,phases,start] GC(118) Marking Phase
[13.348s][info][gc,phases      ] GC(118) Marking Phase 177.720ms
[13.348s][info][gc,phases,start] GC(118) Summary Phase
[13.348s][info][gc,phases      ] GC(118) Summary Phase 0.020ms
[13.348s][info][gc,phases,start] GC(118) Adjust Roots
[13.348s][info][gc,phases      ] GC(118) Adjust Roots 0.203ms
[13.348s][info][gc,phases,start] GC(118) Compaction Phase
[13.405s][info][gc,phases      ] GC(118) Compaction Phase 56.766ms
[13.405s][info][gc,phases,start] GC(118) Post Compact
[13.406s][info][gc,phases      ] GC(118) Post Compact 1.165ms
[13.407s][info][gc,heap        ] GC(118) PSYoungGen: 61364K(107008K)->61364K(107008K) Eden: 17920K(17920K)->17920K(17920K) From: 43444K(89088K)->43444K(89088K)
[13.407s][info][gc,heap        ] GC(118) ParOldGen: 683007K(683008K)->683007K(683008K)
[13.407s][info][gc,metaspace   ] GC(118) Metaspace: 6299K(6464K)->6299K(6464K) NonClass: 5766K(5824K)->5766K(5824K) Class: 532K(640K)->532K(640K)
[13.407s][info][gc             ] GC(118) Pause Full (Ergonomics) 726M->726M(771M) 236.175ms
[13.407s][info][gc,cpu         ] GC(118) User=0.91s Sys=0.00s Real=0.24s
[13.407s][info][gc,start       ] GC(119) Pause Full (Allocation Failure)
[13.407s][info][gc,phases,start] GC(119) Marking Phase
[13.591s][info][gc,phases      ] GC(119) Marking Phase 184.406ms
[13.591s][info][gc,phases,start] GC(119) Summary Phase
[13.591s][info][gc,phases      ] GC(119) Summary Phase 0.019ms
[13.591s][info][gc,phases,start] GC(119) Adjust Roots
[13.591s][info][gc,phases      ] GC(119) Adjust Roots 0.182ms
[13.591s][info][gc,phases,start] GC(119) Compaction Phase
[13.650s][info][gc,phases      ] GC(119) Compaction Phase 58.453ms
[13.650s][info][gc,phases,start] GC(119) Post Compact
[13.651s][info][gc,phases      ] GC(119) Post Compact 1.178ms
[13.651s][info][gc,heap        ] GC(119) PSYoungGen: 61364K(107008K)->61364K(107008K) Eden: 17920K(17920K)->17920K(17920K) From: 43444K(89088K)->43444K(89088K)
[13.651s][info][gc,heap        ] GC(119) ParOldGen: 683007K(683008K)->683007K(683008K)
[13.651s][info][gc,metaspace   ] GC(119) Metaspace: 6299K(6464K)->6299K(6464K) NonClass: 5766K(5824K)->5766K(5824K) Class: 532K(640K)->532K(640K)
[13.651s][info][gc             ] GC(119) Pause Full (Allocation Failure) 726M->726M(771M) 244.523ms
[13.651s][info][gc,cpu         ] GC(119) User=0.91s Sys=0.00s Real=0.25s
[13.652s][info][gc,start       ] GC(120) Pause Full (Ergonomics)
[13.652s][info][gc,phases,start] GC(120) Marking Phase
[13.814s][info][gc,phases      ] GC(120) Marking Phase 162.550ms
[13.814s][info][gc,phases,start] GC(120) Summary Phase
[13.814s][info][gc,phases      ] GC(120) Summary Phase 0.022ms
[13.814s][info][gc,phases,start] GC(120) Adjust Roots
[13.815s][info][gc,phases      ] GC(120) Adjust Roots 0.249ms
[13.815s][info][gc,phases,start] GC(120) Compaction Phase
[13.948s][info][gc,phases      ] GC(120) Compaction Phase 133.317ms
[13.948s][info][gc,phases,start] GC(120) Post Compact
[13.949s][info][gc,phases      ] GC(120) Post Compact 1.427ms
[13.949s][info][gc,heap        ] GC(120) PSYoungGen: 61364K(107008K)->61364K(107008K) Eden: 17920K(17920K)->17920K(17920K) From: 43444K(89088K)->43444K(89088K)
[13.949s][info][gc,heap        ] GC(120) ParOldGen: 683007K(683008K)->683006K(683008K)
[13.949s][info][gc,metaspace   ] GC(120) Metaspace: 6299K(6464K)->6299K(6464K) NonClass: 5766K(5824K)->5766K(5824K) Class: 532K(640K)->532K(640K)
[13.950s][info][gc             ] GC(120) Pause Full (Ergonomics) 726M->726M(771M) 297.886ms
[13.950s][info][gc,cpu         ] GC(120) User=1.05s Sys=0.02s Real=0.30s
[13.951s][info][gc,start       ] GC(121) Pause Full (Ergonomics)
[13.951s][info][gc,phases,start] GC(121) Marking Phase
[14.134s][info][gc,phases      ] GC(121) Marking Phase 183.453ms
[14.134s][info][gc,phases,start] GC(121) Summary Phase
[14.134s][info][gc,phases      ] GC(121) Summary Phase 0.022ms
[14.134s][info][gc,phases,start] GC(121) Adjust Roots
[14.135s][info][gc,phases      ] GC(121) Adjust Roots 0.276ms
[14.135s][info][gc,phases,start] GC(121) Compaction Phase
[14.272s][info][gc,phases      ] GC(121) Compaction Phase 137.791ms
[14.273s][info][gc,phases,start] GC(121) Post Compact
[14.274s][info][gc,phases      ] GC(121) Post Compact 1.384ms
[14.274s][info][gc,heap        ] GC(121) PSYoungGen: 61364K(107008K)->61364K(107008K) Eden: 17920K(17920K)->17920K(17920K) From: 43444K(89088K)->43444K(89088K)
[14.274s][info][gc,heap        ] GC(121) ParOldGen: 683007K(683008K)->683005K(683008K)
[14.274s][info][gc,metaspace   ] GC(121) Metaspace: 6300K(6464K)->6300K(6464K) NonClass: 5766K(5824K)->5766K(5824K) Class: 533K(640K)->533K(640K)
[14.274s][info][gc             ] GC(121) Pause Full (Ergonomics) 726M->726M(771M) 323.302ms
[14.274s][info][gc,cpu         ] GC(121) User=1.17s Sys=0.00s Real=0.32s
[14.275s][info][gc,heap,exit   ] Heap
[14.275s][info][gc,heap,exit   ]  PSYoungGen      total 107008K, used 61364K [0x00000000eb300000, 0x00000000f7480000, 0x0000000100000000)
[14.275s][info][gc,heap,exit   ]   eden space 17920K, 100% used [0x00000000eb300000,0x00000000ec480000,0x00000000ec480000)
[14.275s][info][gc,heap,exit   ]   from space 89088K, 48% used [0x00000000f1b80000,0x00000000f45ed248,0x00000000f7280000)
[14.275s][info][gc,heap,exit   ]   to   space 89088K, 0% used [0x00000000ec480000,0x00000000ec480000,0x00000000f1b80000)
[14.275s][info][gc,heap,exit   ]  ParOldGen       total 683008K, used 683006K [0x00000000c1800000, 0x00000000eb300000, 0x00000000eb300000)
[14.275s][info][gc,heap,exit   ]   object space 683008K, 99% used [0x00000000c1800000,0x00000000eb2ff818,0x00000000eb300000)
[14.275s][info][gc,heap,exit   ]  Metaspace       used 6303K, committed 6528K, reserved 1114112K
[14.275s][info][gc,heap,exit   ]   class space    used 534K, committed 640K, reserved 1048576K
