[0.015s][info][gc,init] CardTable entry size: 512
[0.015s][info][gc     ] Using Parallel
[0.016s][info][gc,init] Version: 18.0.1+10 (release)
[0.016s][info][gc,init] CPUs: 8 total, 8 available
[0.016s][info][gc,init] Memory: 16063M
[0.016s][info][gc,init] Large Page Support: Disabled
[0.016s][info][gc,init] NUMA Support: Disabled
[0.016s][info][gc,init] Compressed Oops: Enabled (32-bit)
[0.016s][info][gc,init] Alignments: Space 512K, Generation 512K, Heap 2M
[0.016s][info][gc,init] Heap Min Capacity: 2M
[0.016s][info][gc,init] Heap Initial Capacity: 2M
[0.016s][info][gc,init] Heap Max Capacity: 500M
[0.016s][info][gc,init] Pre-touch: Disabled
[0.016s][info][gc,init] Parallel Workers: 4
[0.017s][info][gc,metaspace] CDS archive(s) not mapped
[0.017s][info][gc,metaspace] Compressed class space mapped at: 0x0000000100000000-0x0000000140000000, reserved size: 1073741824
[0.017s][info][gc,metaspace] Narrow klass base: 0x0000000000000000, Narrow klass shift: 3, Narrow klass range: 0x140000000
[0.135s][info][gc,start    ] GC(0) Pause Young (Allocation Failure)
[0.136s][info][gc,heap     ] GC(0) PSYoungGen: 512K(1024K)->512K(1024K) Eden: 512K(512K)->0K(512K) From: 0K(512K)->512K(512K)
[0.136s][info][gc,heap     ] GC(0) ParOldGen: 0K(512K)->32K(512K)
[0.136s][info][gc,metaspace] GC(0) Metaspace: 4230K(4352K)->4230K(4352K) NonClass: 3909K(3968K)->3909K(3968K) Class: 321K(384K)->321K(384K)
[0.136s][info][gc          ] GC(0) Pause Young (Allocation Failure) 0M->0M(1M) 1.437ms
[0.136s][info][gc,cpu      ] GC(0) User=0.00s Sys=0.00s Real=0.00s
[0.204s][info][gc,start    ] GC(1) Pause Young (Allocation Failure)
[0.204s][info][gc,heap     ] GC(1) PSYoungGen: 1023K(1024K)->496K(1536K) Eden: 511K(512K)->0K(1024K) From: 512K(512K)->496K(512K)
[0.205s][info][gc,heap     ] GC(1) ParOldGen: 32K(512K)->96K(512K)
[0.205s][info][gc,metaspace] GC(1) Metaspace: 5882K(6016K)->5882K(6016K) NonClass: 5385K(5504K)->5385K(5504K) Class: 496K(512K)->496K(512K)
[0.205s][info][gc          ] GC(1) Pause Young (Allocation Failure) 1M->0M(2M) 0.858ms
[0.205s][info][gc,cpu      ] GC(1) User=0.00s Sys=0.00s Real=0.00s
[0.230s][info][gc,start    ] GC(2) Pause Young (Allocation Failure)
[0.231s][info][gc,heap     ] GC(2) PSYoungGen: 1520K(1536K)->512K(1536K) Eden: 1024K(1024K)->0K(1024K) From: 496K(512K)->512K(512K)
[0.231s][info][gc,heap     ] GC(2) ParOldGen: 96K(512K)->540K(1024K)
[0.231s][info][gc,metaspace] GC(2) Metaspace: 6300K(6464K)->6300K(6464K) NonClass: 5767K(5824K)->5767K(5824K) Class: 533K(640K)->533K(640K)
[0.231s][info][gc          ] GC(2) Pause Young (Allocation Failure) 1M->1M(2M) 1.032ms
[0.231s][info][gc,cpu      ] GC(2) User=0.00s Sys=0.00s Real=0.00s
[0.233s][info][gc,start    ] GC(3) Pause Young (Allocation Failure)
[0.234s][info][gc,heap     ] GC(3) PSYoungGen: 1536K(1536K)->480K(2560K) Eden: 1024K(1024K)->0K(2048K) From: 512K(512K)->480K(512K)
[0.234s][info][gc,heap     ] GC(3) ParOldGen: 540K(1024K)->1104K(1536K)
[0.234s][info][gc,metaspace] GC(3) Metaspace: 6300K(6464K)->6300K(6464K) NonClass: 5767K(5824K)->5767K(5824K) Class: 533K(640K)->533K(640K)
[0.234s][info][gc          ] GC(3) Pause Young (Allocation Failure) 2M->1M(4M) 1.146ms
[0.234s][info][gc,cpu      ] GC(3) User=0.00s Sys=0.00s Real=0.00s
[0.234s][info][gc,start    ] GC(4) Pause Full (Ergonomics)
[0.234s][info][gc,phases,start] GC(4) Marking Phase
[0.235s][info][gc,phases      ] GC(4) Marking Phase 1.173ms
[0.235s][info][gc,phases,start] GC(4) Summary Phase
[0.235s][info][gc,phases      ] GC(4) Summary Phase 0.018ms
[0.235s][info][gc,phases,start] GC(4) Adjust Roots
[0.236s][info][gc,phases      ] GC(4) Adjust Roots 0.442ms
[0.236s][info][gc,phases,start] GC(4) Compaction Phase
[0.238s][info][gc,phases      ] GC(4) Compaction Phase 2.394ms
[0.238s][info][gc,phases,start] GC(4) Post Compact
[0.238s][info][gc,phases      ] GC(4) Post Compact 0.069ms
[0.238s][info][gc,heap        ] GC(4) PSYoungGen: 480K(2560K)->0K(2560K) Eden: 0K(2048K)->0K(2048K) From: 480K(512K)->0K(512K)
[0.238s][info][gc,heap        ] GC(4) ParOldGen: 1104K(1536K)->1495K(3584K)
[0.238s][info][gc,metaspace   ] GC(4) Metaspace: 6300K(6464K)->6300K(6464K) NonClass: 5767K(5824K)->5767K(5824K) Class: 533K(640K)->533K(640K)
[0.238s][info][gc             ] GC(4) Pause Full (Ergonomics) 1M->1M(6M) 4.491ms
[0.238s][info][gc,cpu         ] GC(4) User=0.00s Sys=0.00s Real=0.01s
[0.242s][info][gc,start       ] GC(5) Pause Young (Allocation Failure)
[0.243s][info][gc,heap        ] GC(5) PSYoungGen: 2048K(2560K)->480K(3584K) Eden: 2048K(2048K)->0K(3072K) From: 0K(512K)->480K(512K)
[0.243s][info][gc,heap        ] GC(5) ParOldGen: 1495K(3584K)->2119K(3584K)
[0.243s][info][gc,metaspace   ] GC(5) Metaspace: 6300K(6464K)->6300K(6464K) NonClass: 5767K(5824K)->5767K(5824K) Class: 533K(640K)->533K(640K)
[0.243s][info][gc             ] GC(5) Pause Young (Allocation Failure) 3M->2M(7M) 1.090ms
[0.243s][info][gc,cpu         ] GC(5) User=0.00s Sys=0.00s Real=0.00s
[0.247s][info][gc,start       ] GC(6) Pause Young (Allocation Failure)
[0.249s][info][gc,heap        ] GC(6) PSYoungGen: 3552K(3584K)->1504K(4608K) Eden: 3072K(3072K)->0K(3072K) From: 480K(512K)->1504K(1536K)
[0.249s][info][gc,heap        ] GC(6) ParOldGen: 2119K(3584K)->2687K(3584K)
[0.249s][info][gc,metaspace   ] GC(6) Metaspace: 6300K(6464K)->6300K(6464K) NonClass: 5767K(5824K)->5767K(5824K) Class: 533K(640K)->533K(640K)
[0.249s][info][gc             ] GC(6) Pause Young (Allocation Failure) 5M->4M(8M) 1.778ms
[0.249s][info][gc,cpu         ] GC(6) User=0.00s Sys=0.00s Real=0.00s
[0.249s][info][gc,start       ] GC(7) Pause Full (Ergonomics)
[0.249s][info][gc,phases,start] GC(7) Marking Phase
[0.251s][info][gc,phases      ] GC(7) Marking Phase 1.800ms
[0.251s][info][gc,phases,start] GC(7) Summary Phase
[0.251s][info][gc,phases      ] GC(7) Summary Phase 0.017ms
[0.251s][info][gc,phases,start] GC(7) Adjust Roots
[0.251s][info][gc,phases      ] GC(7) Adjust Roots 0.323ms
[0.251s][info][gc,phases,start] GC(7) Compaction Phase
[0.253s][info][gc,phases      ] GC(7) Compaction Phase 2.122ms
[0.253s][info][gc,phases,start] GC(7) Post Compact
[0.253s][info][gc,phases      ] GC(7) Post Compact 0.043ms
[0.254s][info][gc,heap        ] GC(7) PSYoungGen: 1504K(4608K)->990K(4608K) Eden: 0K(3072K)->0K(3072K) From: 1504K(1536K)->990K(1536K)
[0.254s][info][gc,heap        ] GC(7) ParOldGen: 2687K(3584K)->3123K(6144K)
[0.254s][info][gc,metaspace   ] GC(7) Metaspace: 6300K(6464K)->6300K(6464K) NonClass: 5767K(5824K)->5767K(5824K) Class: 533K(640K)->533K(640K)
[0.254s][info][gc             ] GC(7) Pause Full (Ergonomics) 4M->4M(10M) 4.842ms
[0.254s][info][gc,cpu         ] GC(7) User=0.02s Sys=0.00s Real=0.00s
[0.258s][info][gc,start       ] GC(8) Pause Young (Allocation Failure)
[0.260s][info][gc,heap        ] GC(8) PSYoungGen: 4062K(4608K)->2048K(5632K) Eden: 3072K(3072K)->0K(3584K) From: 990K(1536K)->2048K(2048K)
[0.260s][info][gc,heap        ] GC(8) ParOldGen: 3123K(6144K)->3675K(6144K)
[0.260s][info][gc,metaspace   ] GC(8) Metaspace: 6300K(6464K)->6300K(6464K) NonClass: 5767K(5824K)->5767K(5824K) Class: 533K(640K)->533K(640K)
[0.260s][info][gc             ] GC(8) Pause Young (Allocation Failure) 7M->5M(11M) 2.005ms
[0.260s][info][gc,cpu         ] GC(8) User=0.00s Sys=0.00s Real=0.00s
[0.267s][info][gc,start       ] GC(9) Pause Young (Allocation Failure)
[0.270s][info][gc,heap        ] GC(9) PSYoungGen: 5632K(5632K)->3040K(6656K) Eden: 3584K(3584K)->0K(3584K) From: 2048K(2048K)->3040K(3072K)
[0.270s][info][gc,heap        ] GC(9) ParOldGen: 3675K(6144K)->4683K(6144K)
[0.271s][info][gc,metaspace   ] GC(9) Metaspace: 6300K(6464K)->6300K(6464K) NonClass: 5767K(5824K)->5767K(5824K) Class: 533K(640K)->533K(640K)
[0.271s][info][gc             ] GC(9) Pause Young (Allocation Failure) 9M->7M(12M) 3.068ms
[0.271s][info][gc,cpu         ] GC(9) User=0.00s Sys=0.00s Real=0.00s
[0.276s][info][gc,start       ] GC(10) Pause Young (Allocation Failure)
[0.279s][info][gc,heap        ] GC(10) PSYoungGen: 6624K(6656K)->4064K(8704K) Eden: 3584K(3584K)->0K(4608K) From: 3040K(3072K)->4064K(4096K)
[0.279s][info][gc,heap        ] GC(10) ParOldGen: 4683K(6144K)->5531K(6144K)
[0.280s][info][gc,metaspace   ] GC(10) Metaspace: 6300K(6464K)->6300K(6464K) NonClass: 5767K(5824K)->5767K(5824K) Class: 533K(640K)->533K(640K)
[0.280s][info][gc             ] GC(10) Pause Young (Allocation Failure) 11M->9M(14M) 3.841ms
[0.280s][info][gc,cpu         ] GC(10) User=0.00s Sys=0.00s Real=0.00s
[0.280s][info][gc,start       ] GC(11) Pause Full (Ergonomics)
[0.280s][info][gc,phases,start] GC(11) Marking Phase
[0.283s][info][gc,phases      ] GC(11) Marking Phase 3.093ms
[0.283s][info][gc,phases,start] GC(11) Summary Phase
[0.283s][info][gc,phases      ] GC(11) Summary Phase 0.014ms
[0.283s][info][gc,phases,start] GC(11) Adjust Roots
[0.283s][info][gc,phases      ] GC(11) Adjust Roots 0.200ms
[0.283s][info][gc,phases,start] GC(11) Compaction Phase
[0.288s][info][gc,phases      ] GC(11) Compaction Phase 5.175ms
[0.288s][info][gc,phases,start] GC(11) Post Compact
[0.288s][info][gc,phases      ] GC(11) Post Compact 0.042ms
[0.288s][info][gc,heap        ] GC(11) PSYoungGen: 4064K(8704K)->3545K(8704K) Eden: 0K(4608K)->0K(4608K) From: 4064K(4096K)->3545K(4096K)
[0.288s][info][gc,heap        ] GC(11) ParOldGen: 5531K(6144K)->5820K(10240K)
[0.288s][info][gc,metaspace   ] GC(11) Metaspace: 6300K(6464K)->6300K(6464K) NonClass: 5767K(5824K)->5767K(5824K) Class: 533K(640K)->533K(640K)
[0.289s][info][gc             ] GC(11) Pause Full (Ergonomics) 9M->9M(18M) 8.836ms
[0.289s][info][gc,cpu         ] GC(11) User=0.00s Sys=0.00s Real=0.01s
[0.295s][info][gc,start       ] GC(12) Pause Young (Allocation Failure)
[0.299s][info][gc,heap        ] GC(12) PSYoungGen: 8099K(8704K)->3936K(9728K) Eden: 4553K(4608K)->0K(4608K) From: 3545K(4096K)->3936K(5120K)
[0.299s][info][gc,heap        ] GC(12) ParOldGen: 5820K(10240K)->7852K(10240K)
[0.299s][info][gc,metaspace   ] GC(12) Metaspace: 6300K(6464K)->6300K(6464K) NonClass: 5767K(5824K)->5767K(5824K) Class: 533K(640K)->533K(640K)
[0.299s][info][gc             ] GC(12) Pause Young (Allocation Failure) 13M->11M(19M) 4.288ms
[0.300s][info][gc,cpu         ] GC(12) User=0.00s Sys=0.00s Real=0.00s
[0.306s][info][gc,start       ] GC(13) Pause Young (Allocation Failure)
[0.310s][info][gc,heap        ] GC(13) PSYoungGen: 8544K(9728K)->2688K(11264K) Eden: 4608K(4608K)->0K(6656K) From: 3936K(5120K)->2688K(4608K)
[0.310s][info][gc,heap        ] GC(13) ParOldGen: 7852K(10240K)->11780K(12288K)
[0.310s][info][gc,metaspace   ] GC(13) Metaspace: 6300K(6464K)->6300K(6464K) NonClass: 5767K(5824K)->5767K(5824K) Class: 533K(640K)->533K(640K)
[0.310s][info][gc             ] GC(13) Pause Young (Allocation Failure) 16M->14M(23M) 4.608ms
[0.311s][info][gc,cpu         ] GC(13) User=0.00s Sys=0.00s Real=0.01s
[0.311s][info][gc,start       ] GC(14) Pause Full (Ergonomics)
[0.311s][info][gc,phases,start] GC(14) Marking Phase
[0.315s][info][gc,phases      ] GC(14) Marking Phase 4.454ms
[0.315s][info][gc,phases,start] GC(14) Summary Phase
[0.315s][info][gc,phases      ] GC(14) Summary Phase 0.019ms
[0.315s][info][gc,phases,start] GC(14) Adjust Roots
[0.315s][info][gc,phases      ] GC(14) Adjust Roots 0.228ms
[0.315s][info][gc,phases,start] GC(14) Compaction Phase
[0.321s][info][gc,phases      ] GC(14) Compaction Phase 6.071ms
[0.322s][info][gc,phases,start] GC(14) Post Compact
[0.322s][info][gc,phases      ] GC(14) Post Compact 0.090ms
[0.322s][info][gc,heap        ] GC(14) PSYoungGen: 2688K(11264K)->2045K(11776K) Eden: 0K(6656K)->0K(7168K) From: 2688K(4608K)->2045K(4608K)
[0.322s][info][gc,heap        ] GC(14) ParOldGen: 11780K(12288K)->11991K(18944K)
[0.322s][info][gc,metaspace   ] GC(14) Metaspace: 6300K(6464K)->6300K(6464K) NonClass: 5767K(5824K)->5767K(5824K) Class: 533K(640K)->533K(640K)
[0.322s][info][gc             ] GC(14) Pause Full (Ergonomics) 14M->13M(30M) 11.207ms
[0.322s][info][gc,cpu         ] GC(14) User=0.00s Sys=0.00s Real=0.01s
[0.328s][info][gc,start       ] GC(15) Pause Young (Allocation Failure)
[0.333s][info][gc,heap        ] GC(15) PSYoungGen: 9213K(11776K)->3744K(12288K) Eden: 7168K(7168K)->0K(7168K) From: 2045K(4608K)->3744K(5120K)
[0.333s][info][gc,heap        ] GC(15) ParOldGen: 11991K(18944K)->14087K(18944K)
[0.333s][info][gc,metaspace   ] GC(15) Metaspace: 6302K(6464K)->6302K(6464K) NonClass: 5769K(5824K)->5769K(5824K) Class: 533K(640K)->533K(640K)
[0.333s][info][gc             ] GC(15) Pause Young (Allocation Failure) 20M->17M(30M) 4.371ms
[0.333s][info][gc,cpu         ] GC(15) User=0.00s Sys=0.00s Real=0.00s
[0.338s][info][gc,start       ] GC(16) Pause Young (Allocation Failure)
[0.344s][info][gc,heap        ] GC(16) PSYoungGen: 10912K(12288K)->3776K(15360K) Eden: 7168K(7168K)->0K(9728K) From: 3744K(5120K)->3776K(5632K)
[0.344s][info][gc,heap        ] GC(16) ParOldGen: 14087K(18944K)->17823K(18944K)
[0.344s][info][gc,metaspace   ] GC(16) Metaspace: 6302K(6464K)->6302K(6464K) NonClass: 5769K(5824K)->5769K(5824K) Class: 533K(640K)->533K(640K)
[0.344s][info][gc             ] GC(16) Pause Young (Allocation Failure) 24M->21M(33M) 6.017ms
[0.344s][info][gc,cpu         ] GC(16) User=0.00s Sys=0.00s Real=0.01s
[0.344s][info][gc,start       ] GC(17) Pause Full (Ergonomics)
[0.344s][info][gc,phases,start] GC(17) Marking Phase
[0.352s][info][gc,phases      ] GC(17) Marking Phase 7.795ms
[0.352s][info][gc,phases,start] GC(17) Summary Phase
[0.352s][info][gc,phases      ] GC(17) Summary Phase 0.017ms
[0.352s][info][gc,phases,start] GC(17) Adjust Roots
[0.353s][info][gc,phases      ] GC(17) Adjust Roots 0.246ms
[0.353s][info][gc,phases,start] GC(17) Compaction Phase
[0.358s][info][gc,phases      ] GC(17) Compaction Phase 5.255ms
[0.358s][info][gc,phases,start] GC(17) Post Compact
[0.358s][info][gc,phases      ] GC(17) Post Compact 0.101ms
[0.358s][info][gc,heap        ] GC(17) PSYoungGen: 3776K(15360K)->2679K(15360K) Eden: 0K(9728K)->0K(9728K) From: 3776K(5632K)->2679K(5632K)
[0.358s][info][gc,heap        ] GC(17) ParOldGen: 17823K(18944K)->18723K(27648K)
[0.358s][info][gc,metaspace   ] GC(17) Metaspace: 6302K(6464K)->6302K(6464K) NonClass: 5769K(5824K)->5769K(5824K) Class: 533K(640K)->533K(640K)
[0.358s][info][gc             ] GC(17) Pause Full (Ergonomics) 21M->20M(42M) 13.805ms
[0.358s][info][gc,cpu         ] GC(17) User=0.02s Sys=0.00s Real=0.01s
[0.369s][info][gc,start       ] GC(18) Pause Young (Allocation Failure)
[0.375s][info][gc,heap        ] GC(18) PSYoungGen: 12407K(15360K)->5600K(15360K) Eden: 9728K(9728K)->0K(9728K) From: 2679K(5632K)->5600K(5632K)
[0.375s][info][gc,heap        ] GC(18) ParOldGen: 18723K(27648K)->21459K(27648K)
[0.375s][info][gc,metaspace   ] GC(18) Metaspace: 6302K(6464K)->6302K(6464K) NonClass: 5769K(5824K)->5769K(5824K) Class: 533K(640K)->533K(640K)
[0.375s][info][gc             ] GC(18) Pause Young (Allocation Failure) 30M->26M(42M) 6.345ms
[0.375s][info][gc,cpu         ] GC(18) User=0.00s Sys=0.00s Real=0.01s
[0.382s][info][gc,start       ] GC(19) Pause Young (Allocation Failure)
[0.389s][info][gc,heap        ] GC(19) PSYoungGen: 15328K(15360K)->5088K(19456K) Eden: 9728K(9728K)->0K(12800K) From: 5600K(5632K)->5088K(6656K)
[0.389s][info][gc,heap        ] GC(19) ParOldGen: 21459K(27648K)->27067K(27648K)
[0.389s][info][gc,metaspace   ] GC(19) Metaspace: 6302K(6464K)->6302K(6464K) NonClass: 5769K(5824K)->5769K(5824K) Class: 533K(640K)->533K(640K)
[0.389s][info][gc             ] GC(19) Pause Young (Allocation Failure) 35M->31M(46M) 7.071ms
[0.389s][info][gc,cpu         ] GC(19) User=0.00s Sys=0.00s Real=0.01s
[0.390s][info][gc,start       ] GC(20) Pause Full (Ergonomics)
[0.390s][info][gc,phases,start] GC(20) Marking Phase
[0.400s][info][gc,phases      ] GC(20) Marking Phase 10.330ms
[0.400s][info][gc,phases,start] GC(20) Summary Phase
[0.400s][info][gc,phases      ] GC(20) Summary Phase 0.017ms
[0.400s][info][gc,phases,start] GC(20) Adjust Roots
[0.400s][info][gc,phases      ] GC(20) Adjust Roots 0.207ms
[0.400s][info][gc,phases,start] GC(20) Compaction Phase
[0.411s][info][gc,phases      ] GC(20) Compaction Phase 10.772ms
[0.411s][info][gc,phases,start] GC(20) Post Compact
[0.411s][info][gc,phases      ] GC(20) Post Compact 0.136ms
[0.411s][info][gc,heap        ] GC(20) PSYoungGen: 5088K(19456K)->4004K(19456K) Eden: 0K(12800K)->0K(12800K) From: 5088K(6656K)->4004K(6656K)
[0.411s][info][gc,heap        ] GC(20) ParOldGen: 27067K(27648K)->27436K(38912K)
[0.411s][info][gc,metaspace   ] GC(20) Metaspace: 6302K(6464K)->6302K(6464K) NonClass: 5769K(5824K)->5769K(5824K) Class: 533K(640K)->533K(640K)
[0.411s][info][gc             ] GC(20) Pause Full (Ergonomics) 31M->30M(57M) 21.945ms
[0.412s][info][gc,cpu         ] GC(20) User=0.02s Sys=0.00s Real=0.02s
[0.425s][info][gc,start       ] GC(21) Pause Young (Allocation Failure)
[0.436s][info][gc,heap        ] GC(21) PSYoungGen: 16804K(19456K)->7168K(19968K) Eden: 12800K(12800K)->0K(12800K) From: 4004K(6656K)->7168K(7168K)
[0.436s][info][gc,heap        ] GC(21) ParOldGen: 27436K(38912K)->35668K(38912K)
[0.436s][info][gc,metaspace   ] GC(21) Metaspace: 6302K(6464K)->6302K(6464K) NonClass: 5769K(5824K)->5769K(5824K) Class: 533K(640K)->533K(640K)
[0.436s][info][gc             ] GC(21) Pause Young (Allocation Failure) 43M->41M(57M) 11.534ms
[0.436s][info][gc,cpu         ] GC(21) User=0.00s Sys=0.00s Real=0.01s
[0.436s][info][gc,start       ] GC(22) Pause Full (Ergonomics)
[0.436s][info][gc,phases,start] GC(22) Marking Phase
[0.451s][info][gc,phases      ] GC(22) Marking Phase 14.594ms
[0.451s][info][gc,phases,start] GC(22) Summary Phase
[0.451s][info][gc,phases      ] GC(22) Summary Phase 0.017ms
[0.451s][info][gc,phases,start] GC(22) Adjust Roots
[0.451s][info][gc,phases      ] GC(22) Adjust Roots 0.215ms
[0.451s][info][gc,phases,start] GC(22) Compaction Phase
[0.460s][info][gc,phases      ] GC(22) Compaction Phase 8.365ms
[0.460s][info][gc,phases,start] GC(22) Post Compact
[0.460s][info][gc,phases      ] GC(22) Post Compact 0.193ms
[0.460s][info][gc,heap        ] GC(22) PSYoungGen: 7168K(19968K)->4087K(19968K) Eden: 0K(12800K)->0K(12800K) From: 7168K(7168K)->4087K(7168K)
[0.460s][info][gc,heap        ] GC(22) ParOldGen: 35668K(38912K)->38589K(53760K)
[0.460s][info][gc,metaspace   ] GC(22) Metaspace: 6302K(6464K)->6302K(6464K) NonClass: 5769K(5824K)->5769K(5824K) Class: 533K(640K)->533K(640K)
[0.460s][info][gc             ] GC(22) Pause Full (Ergonomics) 41M->41M(72M) 23.925ms
[0.460s][info][gc,cpu         ] GC(22) User=0.00s Sys=0.00s Real=0.02s
[0.479s][info][gc,start       ] GC(23) Pause Young (Allocation Failure)
[0.492s][info][gc,heap        ] GC(23) PSYoungGen: 16887K(19968K)->11232K(22528K) Eden: 12800K(12800K)->0K(11264K) From: 4087K(7168K)->11232K(11264K)
[0.492s][info][gc,heap        ] GC(23) ParOldGen: 38589K(53760K)->44349K(53760K)
[0.492s][info][gc,metaspace   ] GC(23) Metaspace: 6302K(6464K)->6302K(6464K) NonClass: 5769K(5824K)->5769K(5824K) Class: 533K(640K)->533K(640K)
[0.492s][info][gc             ] GC(23) Pause Young (Allocation Failure) 54M->54M(74M) 13.307ms
[0.492s][info][gc,cpu         ] GC(23) User=0.02s Sys=0.00s Real=0.01s
[0.506s][info][gc,start       ] GC(24) Pause Young (Allocation Failure)
[0.519s][info][gc,heap        ] GC(24) PSYoungGen: 22496K(22528K)->11328K(26624K) Eden: 11264K(11264K)->0K(11264K) From: 11232K(11264K)->11328K(15360K)
[0.519s][info][gc,heap        ] GC(24) ParOldGen: 44349K(53760K)->55725K(55808K)
[0.519s][info][gc,metaspace   ] GC(24) Metaspace: 6302K(6464K)->6302K(6464K) NonClass: 5769K(5824K)->5769K(5824K) Class: 533K(640K)->533K(640K)
[0.519s][info][gc             ] GC(24) Pause Young (Allocation Failure) 65M->65M(80M) 13.277ms
[0.519s][info][gc,cpu         ] GC(24) User=0.00s Sys=0.00s Real=0.01s
[0.519s][info][gc,start       ] GC(25) Pause Full (Ergonomics)
[0.519s][info][gc,phases,start] GC(25) Marking Phase
[0.542s][info][gc,phases      ] GC(25) Marking Phase 22.829ms
[0.542s][info][gc,phases,start] GC(25) Summary Phase
[0.542s][info][gc,phases      ] GC(25) Summary Phase 0.016ms
[0.542s][info][gc,phases,start] GC(25) Adjust Roots
[0.542s][info][gc,phases      ] GC(25) Adjust Roots 0.211ms
[0.542s][info][gc,phases,start] GC(25) Compaction Phase
[0.565s][info][gc,phases      ] GC(25) Compaction Phase 22.309ms
[0.565s][info][gc,phases,start] GC(25) Post Compact
[0.565s][info][gc,phases      ] GC(25) Post Compact 0.188ms
[0.565s][info][gc,heap        ] GC(25) PSYoungGen: 11328K(26624K)->10212K(26624K) Eden: 0K(11264K)->0K(11264K) From: 11328K(15360K)->10212K(15360K)
[0.565s][info][gc,heap        ] GC(25) ParOldGen: 55725K(55808K)->55450K(75776K)
[0.565s][info][gc,metaspace   ] GC(25) Metaspace: 6302K(6464K)->6302K(6464K) NonClass: 5769K(5824K)->5769K(5824K) Class: 533K(640K)->533K(640K)
[0.565s][info][gc             ] GC(25) Pause Full (Ergonomics) 65M->64M(100M) 45.904ms
[0.565s][info][gc,cpu         ] GC(25) User=0.05s Sys=0.02s Real=0.05s
[0.577s][info][gc,start       ] GC(26) Pause Young (Allocation Failure)
[0.592s][info][gc,heap        ] GC(26) PSYoungGen: 21476K(26624K)->11328K(29184K) Eden: 11264K(11264K)->0K(12800K) From: 10212K(15360K)->11328K(16384K)
[0.592s][info][gc,heap        ] GC(26) ParOldGen: 55450K(75776K)->65842K(75776K)
[0.592s][info][gc,metaspace   ] GC(26) Metaspace: 6302K(6464K)->6302K(6464K) NonClass: 5769K(5824K)->5769K(5824K) Class: 533K(640K)->533K(640K)
[0.592s][info][gc             ] GC(26) Pause Young (Allocation Failure) 75M->75M(102M) 14.900ms
[0.592s][info][gc,cpu         ] GC(26) User=0.02s Sys=0.00s Real=0.02s
[0.592s][info][gc,start       ] GC(27) Pause Full (Ergonomics)
[0.592s][info][gc,phases,start] GC(27) Marking Phase
[0.616s][info][gc,phases      ] GC(27) Marking Phase 23.600ms
[0.616s][info][gc,phases,start] GC(27) Summary Phase
[0.616s][info][gc,phases      ] GC(27) Summary Phase 0.019ms
[0.616s][info][gc,phases,start] GC(27) Adjust Roots
[0.616s][info][gc,phases      ] GC(27) Adjust Roots 0.218ms
[0.616s][info][gc,phases,start] GC(27) Compaction Phase
[0.630s][info][gc,phases      ] GC(27) Compaction Phase 13.472ms
[0.630s][info][gc,phases,start] GC(27) Post Compact
[0.630s][info][gc,phases      ] GC(27) Post Compact 0.391ms
[0.630s][info][gc,heap        ] GC(27) PSYoungGen: 11328K(29184K)->1520K(29184K) Eden: 0K(12800K)->0K(12800K) From: 11328K(16384K)->1520K(16384K)
[0.630s][info][gc,heap        ] GC(27) ParOldGen: 65842K(75776K)->75372K(98816K)
[0.630s][info][gc,metaspace   ] GC(27) Metaspace: 6302K(6464K)->6302K(6464K) NonClass: 5769K(5824K)->5769K(5824K) Class: 533K(640K)->533K(640K)
[0.630s][info][gc             ] GC(27) Pause Full (Ergonomics) 75M->75M(125M) 38.142ms
[0.630s][info][gc,cpu         ] GC(27) User=0.09s Sys=0.00s Real=0.04s
[0.644s][info][gc,start       ] GC(28) Pause Young (Allocation Failure)
[0.657s][info][gc,heap        ] GC(28) PSYoungGen: 13520K(29184K)->13440K(30208K) Eden: 12000K(12800K)->0K(12800K) From: 1520K(16384K)->13440K(17408K)
[0.657s][info][gc,heap        ] GC(28) ParOldGen: 75372K(98816K)->75372K(98816K)
[0.657s][info][gc,metaspace   ] GC(28) Metaspace: 6302K(6464K)->6302K(6464K) NonClass: 5769K(5824K)->5769K(5824K) Class: 533K(640K)->533K(640K)
[0.657s][info][gc             ] GC(28) Pause Young (Allocation Failure) 86M->86M(126M) 12.460ms
[0.657s][info][gc,cpu         ] GC(28) User=0.00s Sys=0.00s Real=0.01s
[0.680s][info][gc,start       ] GC(29) Pause Young (Allocation Failure)
[0.697s][info][gc,heap        ] GC(29) PSYoungGen: 26240K(30208K)->18912K(28160K) Eden: 12800K(12800K)->0K(9216K) From: 13440K(17408K)->18912K(18944K)
[0.697s][info][gc,heap        ] GC(29) ParOldGen: 75372K(98816K)->82756K(98816K)
[0.697s][info][gc,metaspace   ] GC(29) Metaspace: 6302K(6464K)->6302K(6464K) NonClass: 5769K(5824K)->5769K(5824K) Class: 533K(640K)->533K(640K)
[0.697s][info][gc             ] GC(29) Pause Young (Allocation Failure) 99M->99M(124M) 16.962ms
[0.697s][info][gc,cpu         ] GC(29) User=0.03s Sys=0.00s Real=0.02s
[0.707s][info][gc,start       ] GC(30) Pause Young (Allocation Failure)
[0.722s][info][gc,heap        ] GC(30) PSYoungGen: 28128K(28160K)->18048K(33792K) Eden: 9216K(9216K)->0K(9216K) From: 18912K(18944K)->18048K(24576K)
[0.722s][info][gc,heap        ] GC(30) ParOldGen: 82756K(98816K)->93044K(98816K)
[0.722s][info][gc,metaspace   ] GC(30) Metaspace: 6302K(6464K)->6302K(6464K) NonClass: 5769K(5824K)->5769K(5824K) Class: 533K(640K)->533K(640K)
[0.722s][info][gc             ] GC(30) Pause Young (Allocation Failure) 108M->108M(129M) 15.065ms
[0.722s][info][gc,cpu         ] GC(30) User=0.00s Sys=0.00s Real=0.02s
[0.722s][info][gc,start       ] GC(31) Pause Full (Ergonomics)
[0.722s][info][gc,phases,start] GC(31) Marking Phase
[0.751s][info][gc,phases      ] GC(31) Marking Phase 29.167ms
[0.752s][info][gc,phases,start] GC(31) Summary Phase
[0.752s][info][gc,phases      ] GC(31) Summary Phase 0.019ms
[0.752s][info][gc,phases,start] GC(31) Adjust Roots
[0.752s][info][gc,phases      ] GC(31) Adjust Roots 0.211ms
[0.752s][info][gc,phases,start] GC(31) Compaction Phase
[0.781s][info][gc,phases      ] GC(31) Compaction Phase 28.715ms
[0.781s][info][gc,phases,start] GC(31) Post Compact
[0.781s][info][gc,phases      ] GC(31) Post Compact 0.460ms
[0.781s][info][gc,heap        ] GC(31) PSYoungGen: 18048K(33792K)->10284K(33792K) Eden: 0K(9216K)->0K(9216K) From: 18048K(24576K)->10284K(24576K)
[0.781s][info][gc,heap        ] GC(31) ParOldGen: 93044K(98816K)->98362K(125440K)
[0.781s][info][gc,metaspace   ] GC(31) Metaspace: 6302K(6464K)->6302K(6464K) NonClass: 5769K(5824K)->5769K(5824K) Class: 533K(640K)->533K(640K)
[0.781s][info][gc             ] GC(31) Pause Full (Ergonomics) 108M->106M(155M) 59.030ms
[0.781s][info][gc,cpu         ] GC(31) User=0.08s Sys=0.00s Real=0.06s
[0.790s][info][gc,start       ] GC(32) Pause Young (Allocation Failure)
[0.808s][info][gc,heap        ] GC(32) PSYoungGen: 19500K(33792K)->19584K(35840K) Eden: 9216K(9216K)->0K(9216K) From: 10284K(24576K)->19584K(26624K)
[0.808s][info][gc,heap        ] GC(32) ParOldGen: 98362K(125440K)->98362K(125440K)
[0.808s][info][gc,metaspace   ] GC(32) Metaspace: 6302K(6464K)->6302K(6464K) NonClass: 5769K(5824K)->5769K(5824K) Class: 533K(640K)->533K(640K)
[0.808s][info][gc             ] GC(32) Pause Young (Allocation Failure) 115M->115M(157M) 17.722ms
[0.808s][info][gc,cpu         ] GC(32) User=0.03s Sys=0.00s Real=0.02s
[0.819s][info][gc,start       ] GC(33) Pause Young (Allocation Failure)
[0.833s][info][gc,heap        ] GC(33) PSYoungGen: 28800K(35840K)->28672K(37888K) Eden: 9216K(9216K)->0K(9216K) From: 19584K(26624K)->28672K(28672K)
[0.833s][info][gc,heap        ] GC(33) ParOldGen: 98362K(125440K)->98426K(125440K)
[0.833s][info][gc,metaspace   ] GC(33) Metaspace: 6302K(6464K)->6302K(6464K) NonClass: 5769K(5824K)->5769K(5824K) Class: 533K(640K)->533K(640K)
[0.833s][info][gc             ] GC(33) Pause Young (Allocation Failure) 124M->124M(159M) 14.365ms
[0.833s][info][gc,cpu         ] GC(33) User=0.02s Sys=0.00s Real=0.01s
[0.844s][info][gc,start       ] GC(34) Pause Young (Allocation Failure)
[0.864s][info][gc,heap        ] GC(34) PSYoungGen: 37888K(37888K)->27616K(40960K) Eden: 9216K(9216K)->0K(7680K) From: 28672K(28672K)->27616K(33280K)
[0.864s][info][gc,heap        ] GC(34) ParOldGen: 98426K(125440K)->108882K(125440K)
[0.864s][info][gc,metaspace   ] GC(34) Metaspace: 6302K(6464K)->6302K(6464K) NonClass: 5769K(5824K)->5769K(5824K) Class: 533K(640K)->533K(640K)
[0.864s][info][gc             ] GC(34) Pause Young (Allocation Failure) 133M->133M(162M) 20.168ms
[0.864s][info][gc,cpu         ] GC(34) User=0.06s Sys=0.00s Real=0.02s
[0.871s][info][gc,start       ] GC(35) Pause Young (Allocation Failure)
[0.892s][info][gc,heap        ] GC(35) PSYoungGen: 35296K(40960K)->16928K(44544K) Eden: 7680K(7680K)->0K(7680K) From: 27616K(33280K)->16928K(36864K)
[0.892s][info][gc,heap        ] GC(35) ParOldGen: 108882K(125440K)->127530K(128000K)
[0.892s][info][gc,metaspace   ] GC(35) Metaspace: 6302K(6464K)->6302K(6464K) NonClass: 5769K(5824K)->5769K(5824K) Class: 533K(640K)->533K(640K)
[0.892s][info][gc             ] GC(35) Pause Young (Allocation Failure) 140M->141M(168M) 21.341ms
[0.892s][info][gc,cpu         ] GC(35) User=0.02s Sys=0.00s Real=0.02s
[0.892s][info][gc,start       ] GC(36) Pause Full (Ergonomics)
[0.893s][info][gc,phases,start] GC(36) Marking Phase
[0.936s][info][gc,phases      ] GC(36) Marking Phase 43.871ms
[0.936s][info][gc,phases,start] GC(36) Summary Phase
[0.936s][info][gc,phases      ] GC(36) Summary Phase 0.024ms
[0.936s][info][gc,phases,start] GC(36) Adjust Roots
[0.937s][info][gc,phases      ] GC(36) Adjust Roots 0.374ms
[0.937s][info][gc,phases,start] GC(36) Compaction Phase
[0.966s][info][gc,phases      ] GC(36) Compaction Phase 28.685ms
[0.966s][info][gc,phases,start] GC(36) Post Compact
[0.966s][info][gc,phases      ] GC(36) Post Compact 0.575ms
[0.966s][info][gc,heap        ] GC(36) PSYoungGen: 16928K(44544K)->16318K(44544K) Eden: 0K(7680K)->0K(7680K) From: 16928K(36864K)->16318K(36864K)
[0.966s][info][gc,heap        ] GC(36) ParOldGen: 127530K(128000K)->127530K(160768K)
[0.966s][info][gc,metaspace   ] GC(36) Metaspace: 6302K(6464K)->6302K(6464K) NonClass: 5769K(5824K)->5769K(5824K) Class: 533K(640K)->533K(640K)
[0.966s][info][gc             ] GC(36) Pause Full (Ergonomics) 141M->140M(200M) 73.980ms
[0.967s][info][gc,cpu         ] GC(36) User=0.19s Sys=0.00s Real=0.07s
[0.976s][info][gc,start       ] GC(37) Pause Young (Allocation Failure)
[0.997s][info][gc,heap        ] GC(37) PSYoungGen: 23998K(44544K)->7712K(43520K) Eden: 7680K(7680K)->0K(9216K) From: 16318K(36864K)->7712K(34304K)
[0.997s][info][gc,heap        ] GC(37) ParOldGen: 127530K(160768K)->144122K(160768K)
[0.997s][info][gc,metaspace   ] GC(37) Metaspace: 6302K(6464K)->6302K(6464K) NonClass: 5769K(5824K)->5769K(5824K) Class: 533K(640K)->533K(640K)
[0.997s][info][gc             ] GC(37) Pause Young (Allocation Failure) 147M->148M(199M) 21.451ms
[0.997s][info][gc,cpu         ] GC(37) User=0.06s Sys=0.00s Real=0.02s
[0.998s][info][gc,start       ] GC(38) Pause Full (Ergonomics)
[0.998s][info][gc,phases,start] GC(38) Marking Phase
[1.050s][info][gc,phases      ] GC(38) Marking Phase 52.104ms
[1.050s][info][gc,phases,start] GC(38) Summary Phase
[1.050s][info][gc,phases      ] GC(38) Summary Phase 0.022ms
[1.050s][info][gc,phases,start] GC(38) Adjust Roots
[1.050s][info][gc,phases      ] GC(38) Adjust Roots 0.217ms
[1.050s][info][gc,phases,start] GC(38) Compaction Phase
[1.071s][info][gc,phases      ] GC(38) Compaction Phase 21.181ms
[1.071s][info][gc,phases,start] GC(38) Post Compact
[1.072s][info][gc,phases      ] GC(38) Post Compact 0.643ms
[1.072s][info][gc,heap        ] GC(38) PSYoungGen: 7712K(43520K)->0K(44032K) Eden: 0K(9216K)->0K(9216K) From: 7712K(34304K)->0K(34816K)
[1.072s][info][gc,heap        ] GC(38) ParOldGen: 144122K(160768K)->151495K(189440K)
[1.072s][info][gc,metaspace   ] GC(38) Metaspace: 6302K(6464K)->6302K(6464K) NonClass: 5769K(5824K)->5769K(5824K) Class: 533K(640K)->533K(640K)
[1.072s][info][gc             ] GC(38) Pause Full (Ergonomics) 148M->147M(228M) 74.618ms
[1.072s][info][gc,cpu         ] GC(38) User=0.27s Sys=0.00s Real=0.07s
[1.083s][info][gc,start       ] GC(39) Pause Young (Allocation Failure)
[1.089s][info][gc,heap        ] GC(39) PSYoungGen: 9216K(44032K)->9248K(42496K) Eden: 9216K(9216K)->0K(10752K) From: 0K(34816K)->9248K(31744K)
[1.089s][info][gc,heap        ] GC(39) ParOldGen: 151495K(189440K)->151495K(189440K)
[1.089s][info][gc,metaspace   ] GC(39) Metaspace: 6302K(6464K)->6302K(6464K) NonClass: 5769K(5824K)->5769K(5824K) Class: 533K(640K)->533K(640K)
[1.089s][info][gc             ] GC(39) Pause Young (Allocation Failure) 156M->156M(226M) 6.036ms
[1.089s][info][gc,cpu         ] GC(39) User=0.00s Sys=0.00s Real=0.01s
[1.100s][info][gc,start       ] GC(40) Pause Young (Allocation Failure)
[1.111s][info][gc,heap        ] GC(40) PSYoungGen: 20000K(42496K)->19968K(44032K) Eden: 10752K(10752K)->0K(10752K) From: 9248K(31744K)->19968K(33280K)
[1.111s][info][gc,heap        ] GC(40) ParOldGen: 151495K(189440K)->151495K(189440K)
[1.111s][info][gc,metaspace   ] GC(40) Metaspace: 6302K(6464K)->6302K(6464K) NonClass: 5769K(5824K)->5769K(5824K) Class: 533K(640K)->533K(640K)
[1.111s][info][gc             ] GC(40) Pause Young (Allocation Failure) 167M->167M(228M) 11.026ms
[1.111s][info][gc,cpu         ] GC(40) User=0.00s Sys=0.00s Real=0.01s
[1.150s][info][gc,start       ] GC(41) Pause Young (Allocation Failure)
[1.171s][info][gc,heap        ] GC(41) PSYoungGen: 30720K(44032K)->30752K(42496K) Eden: 10752K(10752K)->0K(8704K) From: 19968K(33280K)->30752K(33792K)
[1.171s][info][gc,heap        ] GC(41) ParOldGen: 159687K(189440K)->159687K(189440K)
[1.171s][info][gc,metaspace   ] GC(41) Metaspace: 6302K(6464K)->6302K(6464K) NonClass: 5769K(5824K)->5769K(5824K) Class: 533K(640K)->533K(640K)
[1.171s][info][gc             ] GC(41) Pause Young (Allocation Failure) 185M->185M(226M) 21.120ms
[1.171s][info][gc,cpu         ] GC(41) User=0.06s Sys=0.00s Real=0.02s
[1.180s][info][gc,start       ] GC(42) Pause Young (Allocation Failure)
[1.200s][info][gc,heap        ] GC(42) PSYoungGen: 39456K(42496K)->37888K(46592K) Eden: 8704K(8704K)->0K(8704K) From: 30752K(33792K)->37888K(37888K)
[1.200s][info][gc,heap        ] GC(42) ParOldGen: 159687K(189440K)->161215K(189440K)
[1.200s][info][gc,metaspace   ] GC(42) Metaspace: 6302K(6464K)->6302K(6464K) NonClass: 5769K(5824K)->5769K(5824K) Class: 533K(640K)->533K(640K)
[1.200s][info][gc             ] GC(42) Pause Young (Allocation Failure) 194M->194M(230M) 19.635ms
[1.200s][info][gc,cpu         ] GC(42) User=0.06s Sys=0.00s Real=0.02s
[1.209s][info][gc,start       ] GC(43) Pause Young (Allocation Failure)
[1.234s][info][gc,heap        ] GC(43) PSYoungGen: 46592K(46592K)->27072K(54272K) Eden: 8704K(8704K)->0K(9728K) From: 37888K(37888K)->27072K(44544K)
[1.234s][info][gc,heap        ] GC(43) ParOldGen: 161215K(189440K)->181055K(189440K)
[1.234s][info][gc,metaspace   ] GC(43) Metaspace: 6302K(6464K)->6302K(6464K) NonClass: 5769K(5824K)->5769K(5824K) Class: 533K(640K)->533K(640K)
[1.234s][info][gc             ] GC(43) Pause Young (Allocation Failure) 202M->203M(238M) 24.886ms
[1.234s][info][gc,cpu         ] GC(43) User=0.05s Sys=0.02s Real=0.02s
[1.234s][info][gc,start       ] GC(44) Pause Full (Ergonomics)
[1.234s][info][gc,phases,start] GC(44) Marking Phase
[1.300s][info][gc,phases      ] GC(44) Marking Phase 66.484ms
[1.301s][info][gc,phases,start] GC(44) Summary Phase
[1.301s][info][gc,phases      ] GC(44) Summary Phase 0.018ms
[1.301s][info][gc,phases,start] GC(44) Adjust Roots
[1.301s][info][gc,phases      ] GC(44) Adjust Roots 0.185ms
[1.301s][info][gc,phases,start] GC(44) Compaction Phase
[1.343s][info][gc,phases      ] GC(44) Compaction Phase 42.031ms
[1.343s][info][gc,phases,start] GC(44) Post Compact
[1.344s][info][gc,phases      ] GC(44) Post Compact 0.898ms
[1.344s][info][gc,heap        ] GC(44) PSYoungGen: 27072K(54272K)->14187K(54272K) Eden: 0K(9728K)->0K(9728K) From: 27072K(44544K)->14187K(44544K)
[1.344s][info][gc,heap        ] GC(44) ParOldGen: 181055K(189440K)->189373K(230912K)
[1.344s][info][gc,metaspace   ] GC(44) Metaspace: 6302K(6464K)->6302K(6464K) NonClass: 5769K(5824K)->5769K(5824K) Class: 533K(640K)->533K(640K)
[1.344s][info][gc             ] GC(44) Pause Full (Ergonomics) 203M->198M(278M) 110.097ms
[1.344s][info][gc,cpu         ] GC(44) User=0.22s Sys=0.03s Real=0.11s
[1.355s][info][gc,start       ] GC(45) Pause Young (Allocation Failure)
[1.380s][info][gc,heap        ] GC(45) PSYoungGen: 23915K(54272K)->18336K(28160K) Eden: 9728K(9728K)->0K(9728K) From: 14187K(44544K)->18336K(18432K)
[1.380s][info][gc,heap        ] GC(45) ParOldGen: 189373K(230912K)->195125K(230912K)
[1.380s][info][gc,metaspace   ] GC(45) Metaspace: 6302K(6464K)->6302K(6464K) NonClass: 5769K(5824K)->5769K(5824K) Class: 533K(640K)->533K(640K)
[1.380s][info][gc             ] GC(45) Pause Young (Allocation Failure) 208M->208M(253M) 25.114ms
[1.380s][info][gc,cpu         ] GC(45) User=0.06s Sys=0.00s Real=0.02s
[1.391s][info][gc,start       ] GC(46) Pause Young (Allocation Failure)
[1.406s][info][gc,heap        ] GC(46) PSYoungGen: 28064K(28160K)->24384K(53248K) Eden: 9728K(9728K)->0K(11264K) From: 18336K(18432K)->24384K(41984K)
[1.406s][info][gc,heap        ] GC(46) ParOldGen: 195125K(230912K)->198861K(230912K)
[1.406s][info][gc,metaspace   ] GC(46) Metaspace: 6302K(6464K)->6302K(6464K) NonClass: 5769K(5824K)->5769K(5824K) Class: 533K(640K)->533K(640K)
[1.406s][info][gc             ] GC(46) Pause Young (Allocation Failure) 217M->218M(277M) 15.508ms
[1.406s][info][gc,cpu         ] GC(46) User=0.02s Sys=0.00s Real=0.02s
[1.420s][info][gc,start       ] GC(47) Pause Young (Allocation Failure)
[1.439s][info][gc,heap        ] GC(47) PSYoungGen: 35648K(53248K)->30752K(53760K) Eden: 11264K(11264K)->0K(11264K) From: 24384K(41984K)->30752K(42496K)
[1.439s][info][gc,heap        ] GC(47) ParOldGen: 198861K(230912K)->203829K(230912K)
[1.439s][info][gc,metaspace   ] GC(47) Metaspace: 6302K(6464K)->6302K(6464K) NonClass: 5769K(5824K)->5769K(5824K) Class: 533K(640K)->533K(640K)
[1.439s][info][gc             ] GC(47) Pause Young (Allocation Failure) 229M->229M(278M) 18.662ms
[1.439s][info][gc,cpu         ] GC(47) User=0.05s Sys=0.02s Real=0.02s
[1.452s][info][gc,start       ] GC(48) Pause Young (Allocation Failure)
[1.475s][info][gc,heap        ] GC(48) PSYoungGen: 42016K(53760K)->32288K(56320K) Eden: 11264K(11264K)->0K(11776K) From: 30752K(42496K)->32288K(44544K)
[1.475s][info][gc,heap        ] GC(48) ParOldGen: 203829K(230912K)->213693K(230912K)
[1.475s][info][gc,metaspace   ] GC(48) Metaspace: 6302K(6464K)->6302K(6464K) NonClass: 5769K(5824K)->5769K(5824K) Class: 533K(640K)->533K(640K)
[1.475s][info][gc             ] GC(48) Pause Young (Allocation Failure) 240M->240M(280M) 23.116ms
[1.475s][info][gc,cpu         ] GC(48) User=0.05s Sys=0.02s Real=0.02s
[1.475s][info][gc,start       ] GC(49) Pause Full (Ergonomics)
[1.475s][info][gc,phases,start] GC(49) Marking Phase
[1.541s][info][gc,phases      ] GC(49) Marking Phase 65.790ms
[1.541s][info][gc,phases,start] GC(49) Summary Phase
[1.541s][info][gc,phases      ] GC(49) Summary Phase 0.020ms
[1.541s][info][gc,phases,start] GC(49) Adjust Roots
[1.541s][info][gc,phases      ] GC(49) Adjust Roots 0.257ms
[1.541s][info][gc,phases,start] GC(49) Compaction Phase
[1.591s][info][gc,phases      ] GC(49) Compaction Phase 49.491ms
[1.591s][info][gc,phases,start] GC(49) Post Compact
[1.593s][info][gc,phases      ] GC(49) Post Compact 1.629ms
[1.593s][info][gc,heap        ] GC(49) PSYoungGen: 32288K(56320K)->14793K(56320K) Eden: 0K(11776K)->0K(11776K) From: 32288K(44544K)->14793K(44544K)
[1.593s][info][gc,heap        ] GC(49) ParOldGen: 213693K(230912K)->230632K(270336K)
[1.593s][info][gc,metaspace   ] GC(49) Metaspace: 6302K(6464K)->6302K(6464K) NonClass: 5769K(5824K)->5769K(5824K) Class: 533K(640K)->533K(640K)
[1.593s][info][gc             ] GC(49) Pause Full (Ergonomics) 240M->239M(319M) 117.730ms
[1.593s][info][gc,cpu         ] GC(49) User=0.28s Sys=0.02s Real=0.12s
[1.608s][info][gc,start       ] GC(50) Pause Young (Allocation Failure)
[1.643s][info][gc,heap        ] GC(50) PSYoungGen: 26569K(56320K)->16448K(57856K) Eden: 11776K(11776K)->0K(11776K) From: 14793K(44544K)->16448K(46080K)
[1.643s][info][gc,heap        ] GC(50) ParOldGen: 230632K(270336K)->240992K(270336K)
[1.643s][info][gc,metaspace   ] GC(50) Metaspace: 6302K(6464K)->6302K(6464K) NonClass: 5769K(5824K)->5769K(5824K) Class: 533K(640K)->533K(640K)
[1.643s][info][gc             ] GC(50) Pause Young (Allocation Failure) 251M->251M(320M) 34.478ms
[1.643s][info][gc,cpu         ] GC(50) User=0.05s Sys=0.00s Real=0.03s
[1.658s][info][gc,start       ] GC(51) Pause Young (Allocation Failure)
[1.680s][info][gc,heap        ] GC(51) PSYoungGen: 28224K(57856K)->23616K(56832K) Eden: 11776K(11776K)->0K(13824K) From: 16448K(46080K)->23616K(43008K)
[1.680s][info][gc,heap        ] GC(51) ParOldGen: 240992K(270336K)->245688K(270336K)
[1.680s][info][gc,metaspace   ] GC(51) Metaspace: 6302K(6464K)->6302K(6464K) NonClass: 5769K(5824K)->5769K(5824K) Class: 533K(640K)->533K(640K)
[1.680s][info][gc             ] GC(51) Pause Young (Allocation Failure) 262M->262M(319M) 21.733ms
[1.680s][info][gc,cpu         ] GC(51) User=0.05s Sys=0.02s Real=0.02s
[1.696s][info][gc,start       ] GC(52) Pause Young (Allocation Failure)
[1.720s][info][gc,heap        ] GC(52) PSYoungGen: 37440K(56832K)->25664K(57344K) Eden: 13824K(13824K)->0K(13824K) From: 23616K(43008K)->25664K(43520K)
[1.720s][info][gc,heap        ] GC(52) ParOldGen: 245688K(270336K)->257632K(270336K)
[1.720s][info][gc,metaspace   ] GC(52) Metaspace: 6302K(6464K)->6302K(6464K) NonClass: 5769K(5824K)->5769K(5824K) Class: 533K(640K)->533K(640K)
[1.720s][info][gc             ] GC(52) Pause Young (Allocation Failure) 276M->276M(320M) 23.934ms
[1.720s][info][gc,cpu         ] GC(52) User=0.06s Sys=0.00s Real=0.02s
[1.720s][info][gc,start       ] GC(53) Pause Full (Ergonomics)
[1.720s][info][gc,phases,start] GC(53) Marking Phase
[1.804s][info][gc,phases      ] GC(53) Marking Phase 84.223ms
[1.804s][info][gc,phases,start] GC(53) Summary Phase
[1.804s][info][gc,phases      ] GC(53) Summary Phase 0.029ms
[1.804s][info][gc,phases,start] GC(53) Adjust Roots
[1.805s][info][gc,phases      ] GC(53) Adjust Roots 0.203ms
[1.805s][info][gc,phases,start] GC(53) Compaction Phase
[1.842s][info][gc,phases      ] GC(53) Compaction Phase 37.378ms
[1.842s][info][gc,phases,start] GC(53) Post Compact
[1.844s][info][gc,phases      ] GC(53) Post Compact 1.562ms
[1.844s][info][gc,heap        ] GC(53) PSYoungGen: 25664K(57344K)->12766K(57344K) Eden: 0K(13824K)->0K(13824K) From: 25664K(43520K)->12766K(43520K)
[1.844s][info][gc,heap        ] GC(53) ParOldGen: 257632K(270336K)->269947K(311808K)
[1.844s][info][gc,metaspace   ] GC(53) Metaspace: 6302K(6464K)->6302K(6464K) NonClass: 5769K(5824K)->5769K(5824K) Class: 533K(640K)->533K(640K)
[1.844s][info][gc             ] GC(53) Pause Full (Ergonomics) 276M->276M(360M) 124.124ms
[1.844s][info][gc,cpu         ] GC(53) User=0.44s Sys=0.02s Real=0.12s
[1.860s][info][gc,start       ] GC(54) Pause Young (Allocation Failure)
[1.893s][info][gc,heap        ] GC(54) PSYoungGen: 26590K(57344K)->20736K(55296K) Eden: 13824K(13824K)->0K(15872K) From: 12766K(43520K)->20736K(39424K)
[1.893s][info][gc,heap        ] GC(54) ParOldGen: 269947K(311808K)->275979K(311808K)
[1.893s][info][gc,metaspace   ] GC(54) Metaspace: 6302K(6464K)->6302K(6464K) NonClass: 5769K(5824K)->5769K(5824K) Class: 533K(640K)->533K(640K)
[1.893s][info][gc             ] GC(54) Pause Young (Allocation Failure) 289M->289M(358M) 32.607ms
[1.893s][info][gc,cpu         ] GC(54) User=0.06s Sys=0.02s Real=0.03s
[1.911s][info][gc,start       ] GC(55) Pause Young (Allocation Failure)
[1.932s][info][gc,heap        ] GC(55) PSYoungGen: 36608K(55296K)->36608K(56832K) Eden: 15872K(15872K)->0K(15872K) From: 20736K(39424K)->36608K(40960K)
[1.932s][info][gc,heap        ] GC(55) ParOldGen: 275979K(311808K)->275979K(311808K)
[1.932s][info][gc,metaspace   ] GC(55) Metaspace: 6302K(6464K)->6302K(6464K) NonClass: 5769K(5824K)->5769K(5824K) Class: 533K(640K)->533K(640K)
[1.932s][info][gc             ] GC(55) Pause Young (Allocation Failure) 305M->305M(360M) 20.948ms
[1.932s][info][gc,cpu         ] GC(55) User=0.06s Sys=0.00s Real=0.02s
[1.949s][info][gc,start       ] GC(56) Pause Young (Allocation Failure)
[1.985s][info][gc,heap        ] GC(56) PSYoungGen: 52480K(56832K)->44544K(53760K) Eden: 15872K(15872K)->0K(9216K) From: 36608K(40960K)->44544K(44544K)
[1.985s][info][gc,heap        ] GC(56) ParOldGen: 275979K(311808K)->284027K(311808K)
[1.985s][info][gc,metaspace   ] GC(56) Metaspace: 6302K(6464K)->6302K(6464K) NonClass: 5769K(5824K)->5769K(5824K) Class: 533K(640K)->533K(640K)
[1.985s][info][gc             ] GC(56) Pause Young (Allocation Failure) 320M->320M(357M) 36.053ms
[1.985s][info][gc,cpu         ] GC(56) User=0.08s Sys=0.00s Real=0.04s
[1.999s][info][gc,start       ] GC(57) Pause Young (Allocation Failure)
[2.030s][info][gc,heap        ] GC(57) PSYoungGen: 53760K(53760K)->24672K(34304K) Eden: 9216K(9216K)->0K(9216K) From: 44544K(44544K)->24672K(25088K)
[2.030s][info][gc,heap        ] GC(57) ParOldGen: 284027K(311808K)->313555K(313856K)
[2.030s][info][gc,metaspace   ] GC(57) Metaspace: 6302K(6464K)->6302K(6464K) NonClass: 5769K(5824K)->5769K(5824K) Class: 533K(640K)->533K(640K)
[2.030s][info][gc             ] GC(57) Pause Young (Allocation Failure) 329M->330M(340M) 31.313ms
[2.030s][info][gc,cpu         ] GC(57) User=0.08s Sys=0.00s Real=0.03s
[2.030s][info][gc,start       ] GC(58) Pause Full (Ergonomics)
[2.030s][info][gc,phases,start] GC(58) Marking Phase
[2.127s][info][gc,phases      ] GC(58) Marking Phase 96.990ms
[2.127s][info][gc,phases,start] GC(58) Summary Phase
[2.127s][info][gc,phases      ] GC(58) Summary Phase 0.021ms
[2.127s][info][gc,phases,start] GC(58) Adjust Roots
[2.128s][info][gc,phases      ] GC(58) Adjust Roots 0.218ms
[2.128s][info][gc,phases,start] GC(58) Compaction Phase
[2.180s][info][gc,phases      ] GC(58) Compaction Phase 52.807ms
[2.181s][info][gc,phases,start] GC(58) Post Compact
[2.182s][info][gc,phases      ] GC(58) Post Compact 1.643ms
[2.182s][info][gc,heap        ] GC(58) PSYoungGen: 24672K(34304K)->24028K(34304K) Eden: 0K(9216K)->0K(9216K) From: 24672K(25088K)->24028K(25088K)
[2.182s][info][gc,heap        ] GC(58) ParOldGen: 313555K(313856K)->313349K(341504K)
[2.182s][info][gc,metaspace   ] GC(58) Metaspace: 6302K(6464K)->6302K(6464K) NonClass: 5769K(5824K)->5769K(5824K) Class: 533K(640K)->533K(640K)
[2.182s][info][gc             ] GC(58) Pause Full (Ergonomics) 330M->329M(367M) 152.211ms
[2.182s][info][gc,cpu         ] GC(58) User=0.58s Sys=0.00s Real=0.15s
[2.193s][info][gc,start       ] GC(59) Pause Young (Allocation Failure)
[2.229s][info][gc,heap        ] GC(59) PSYoungGen: 33244K(34304K)->9248K(60928K) Eden: 9216K(9216K)->0K(10240K) From: 24028K(25088K)->9248K(50688K)
[2.229s][info][gc,heap        ] GC(59) ParOldGen: 313349K(341504K)->337773K(341504K)
[2.229s][info][gc,metaspace   ] GC(59) Metaspace: 6302K(6464K)->6302K(6464K) NonClass: 5769K(5824K)->5769K(5824K) Class: 533K(640K)->533K(640K)
[2.229s][info][gc             ] GC(59) Pause Young (Allocation Failure) 338M->338M(393M) 35.514ms
[2.229s][info][gc,cpu         ] GC(59) User=0.06s Sys=0.00s Real=0.04s
[2.229s][info][gc,start       ] GC(60) Pause Full (Ergonomics)
[2.229s][info][gc,phases,start] GC(60) Marking Phase
[2.328s][info][gc,phases      ] GC(60) Marking Phase 99.021ms
[2.328s][info][gc,phases,start] GC(60) Summary Phase
[2.328s][info][gc,phases      ] GC(60) Summary Phase 0.020ms
[2.328s][info][gc,phases,start] GC(60) Adjust Roots
[2.328s][info][gc,phases      ] GC(60) Adjust Roots 0.224ms
[2.328s][info][gc,phases,start] GC(60) Compaction Phase
[2.370s][info][gc,phases      ] GC(60) Compaction Phase 41.359ms
[2.370s][info][gc,phases,start] GC(60) Post Compact
[2.371s][info][gc,phases      ] GC(60) Post Compact 1.814ms
[2.372s][info][gc,heap        ] GC(60) PSYoungGen: 9248K(60928K)->5098K(60928K) Eden: 0K(10240K)->0K(10240K) From: 9248K(50688K)->5098K(50688K)
[2.372s][info][gc,heap        ] GC(60) ParOldGen: 337773K(341504K)->341466K(341504K)
[2.372s][info][gc,metaspace   ] GC(60) Metaspace: 6302K(6464K)->6302K(6464K) NonClass: 5769K(5824K)->5769K(5824K) Class: 533K(640K)->533K(640K)
[2.372s][info][gc             ] GC(60) Pause Full (Ergonomics) 338M->338M(393M) 142.812ms
[2.372s][info][gc,cpu         ] GC(60) User=0.52s Sys=0.00s Real=0.14s
[2.380s][info][gc,start       ] GC(61) Pause Full (Ergonomics)
[2.381s][info][gc,phases,start] GC(61) Marking Phase
[2.472s][info][gc,phases      ] GC(61) Marking Phase 91.182ms
[2.472s][info][gc,phases,start] GC(61) Summary Phase
[2.472s][info][gc,phases      ] GC(61) Summary Phase 0.017ms
[2.472s][info][gc,phases,start] GC(61) Adjust Roots
[2.472s][info][gc,phases      ] GC(61) Adjust Roots 0.176ms
[2.472s][info][gc,phases,start] GC(61) Compaction Phase
[2.502s][info][gc,phases      ] GC(61) Compaction Phase 29.698ms
[2.502s][info][gc,phases,start] GC(61) Post Compact
[2.503s][info][gc,phases      ] GC(61) Post Compact 1.608ms
[2.503s][info][gc,heap        ] GC(61) PSYoungGen: 11637K(60928K)->11453K(60928K) Eden: 6538K(10240K)->9939K(10240K) From: 5098K(50688K)->1514K(50688K)
[2.503s][info][gc,heap        ] GC(61) ParOldGen: 341466K(341504K)->341466K(341504K)
[2.503s][info][gc,metaspace   ] GC(61) Metaspace: 6302K(6464K)->6302K(6464K) NonClass: 5769K(5824K)->5769K(5824K) Class: 533K(640K)->533K(640K)
[2.504s][info][gc             ] GC(61) Pause Full (Ergonomics) 344M->344M(393M) 123.066ms
[2.504s][info][gc,cpu         ] GC(61) User=0.42s Sys=0.00s Real=0.12s
[2.504s][info][gc,start       ] GC(62) Pause Full (Allocation Failure)
[2.504s][info][gc,phases,start] GC(62) Marking Phase
[2.602s][info][gc,phases      ] GC(62) Marking Phase 98.295ms
[2.602s][info][gc,phases,start] GC(62) Summary Phase
[2.602s][info][gc,phases      ] GC(62) Summary Phase 0.018ms
[2.602s][info][gc,phases,start] GC(62) Adjust Roots
[2.603s][info][gc,phases      ] GC(62) Adjust Roots 0.380ms
[2.603s][info][gc,phases,start] GC(62) Compaction Phase
[2.683s][info][gc,phases      ] GC(62) Compaction Phase 80.146ms
[2.683s][info][gc,phases,start] GC(62) Post Compact
[2.685s][info][gc,phases      ] GC(62) Post Compact 1.749ms
[2.685s][info][gc,heap        ] GC(62) PSYoungGen: 11453K(60928K)->11453K(60928K) Eden: 9939K(10240K)->9939K(10240K) From: 1514K(50688K)->1514K(50688K)
[2.685s][info][gc,heap        ] GC(62) ParOldGen: 341466K(341504K)->341462K(341504K)
[2.685s][info][gc,metaspace   ] GC(62) Metaspace: 6302K(6464K)->6300K(6464K) NonClass: 5769K(5824K)->5767K(5824K) Class: 533K(640K)->532K(640K)
[2.685s][info][gc             ] GC(62) Pause Full (Allocation Failure) 344M->344M(393M) 180.956ms
[2.685s][info][gc,cpu         ] GC(62) User=0.52s Sys=0.00s Real=0.18s
[2.686s][info][gc,heap,exit   ] Heap
[2.686s][info][gc,heap,exit   ]  PSYoungGen      total 60928K, used 11754K [0x00000000f5980000, 0x00000000fc900000, 0x0000000100000000)
[2.686s][info][gc,heap,exit   ]   eden space 10240K, 100% used [0x00000000f5980000,0x00000000f6380000,0x00000000f6380000)
[2.686s][info][gc,heap,exit   ]   from space 50688K, 2% used [0x00000000f9580000,0x00000000f96fa8b0,0x00000000fc700000)
[2.686s][info][gc,heap,exit   ]   to   space 51200K, 0% used [0x00000000f6380000,0x00000000f6380000,0x00000000f9580000)
[2.686s][info][gc,heap,exit   ]  ParOldGen       total 341504K, used 341462K [0x00000000e0c00000, 0x00000000f5980000, 0x00000000f5980000)
[2.686s][info][gc,heap,exit   ]   object space 341504K, 99% used [0x00000000e0c00000,0x00000000f5975938,0x00000000f5980000)
[2.686s][info][gc,heap,exit   ]  Metaspace       used 6305K, committed 6528K, reserved 1114112K
[2.686s][info][gc,heap,exit   ]   class space    used 534K, committed 640K, reserved 1048576K
