[0.013s][info][gc,init] CardTable entry size: 512
[0.013s][info][gc     ] Using Parallel
[0.014s][info][gc,init] Version: 18.0.1+10 (release)
[0.014s][info][gc,init] CPUs: 8 total, 8 available
[0.014s][info][gc,init] Memory: 16063M
[0.014s][info][gc,init] Large Page Support: Disabled
[0.014s][info][gc,init] NUMA Support: Disabled
[0.014s][info][gc,init] Compressed Oops: Enabled (Zero based)
[0.014s][info][gc,init] Alignments: Space 512K, Generation 512K, Heap 2M
[0.014s][info][gc,init] Heap Min Capacity: 2M
[0.014s][info][gc,init] Heap Initial Capacity: 2M
[0.014s][info][gc,init] Heap Max Capacity: 2500M
[0.014s][info][gc,init] Pre-touch: Disabled
[0.014s][info][gc,init] Parallel Workers: 6
[0.015s][info][gc,metaspace] CDS archive(s) not mapped
[0.015s][info][gc,metaspace] Compressed class space mapped at: 0x0000000800000000-0x0000000840000000, reserved size: 1073741824
[0.015s][info][gc,metaspace] Narrow klass base: 0x0000000800000000, Narrow klass shift: 0, Narrow klass range: 0x40000000
[0.123s][info][gc,start    ] GC(0) Pause Young (Allocation Failure)
[0.124s][info][gc,heap     ] GC(0) PSYoungGen: 512K(1024K)->512K(1024K) Eden: 512K(512K)->0K(512K) From: 0K(512K)->512K(512K)
[0.124s][info][gc,heap     ] GC(0) ParOldGen: 0K(512K)->8K(512K)
[0.124s][info][gc,metaspace] GC(0) Metaspace: 4230K(4352K)->4230K(4352K) NonClass: 3909K(3968K)->3909K(3968K) Class: 321K(384K)->321K(384K)
[0.124s][info][gc          ] GC(0) Pause Young (Allocation Failure) 0M->0M(1M) 1.523ms
[0.124s][info][gc,cpu      ] GC(0) User=0.00s Sys=0.00s Real=0.00s
[0.189s][info][gc,start    ] GC(1) Pause Young (Allocation Failure)
[0.189s][info][gc,heap     ] GC(1) PSYoungGen: 1023K(1024K)->496K(1536K) Eden: 511K(512K)->0K(1024K) From: 512K(512K)->496K(512K)
[0.189s][info][gc,heap     ] GC(1) ParOldGen: 8K(512K)->128K(512K)
[0.189s][info][gc,metaspace] GC(1) Metaspace: 5880K(6016K)->5880K(6016K) NonClass: 5384K(5504K)->5384K(5504K) Class: 496K(512K)->496K(512K)
[0.189s][info][gc          ] GC(1) Pause Young (Allocation Failure) 1M->0M(2M) 0.821ms
[0.189s][info][gc,cpu      ] GC(1) User=0.00s Sys=0.00s Real=0.00s
[0.213s][info][gc,start    ] GC(2) Pause Young (Allocation Failure)
[0.214s][info][gc,heap     ] GC(2) PSYoungGen: 1520K(1536K)->512K(1536K) Eden: 1024K(1024K)->0K(1024K) From: 496K(512K)->512K(512K)
[0.214s][info][gc,heap     ] GC(2) ParOldGen: 128K(512K)->548K(1024K)
[0.214s][info][gc,metaspace] GC(2) Metaspace: 6300K(6464K)->6300K(6464K) NonClass: 5766K(5824K)->5766K(5824K) Class: 533K(640K)->533K(640K)
[0.214s][info][gc          ] GC(2) Pause Young (Allocation Failure) 1M->1M(2M) 1.130ms
[0.214s][info][gc,cpu      ] GC(2) User=0.00s Sys=0.00s Real=0.00s
[0.216s][info][gc,start    ] GC(3) Pause Young (Allocation Failure)
[0.217s][info][gc,heap     ] GC(3) PSYoungGen: 1536K(1536K)->512K(2560K) Eden: 1024K(1024K)->0K(2048K) From: 512K(512K)->512K(512K)
[0.217s][info][gc,heap     ] GC(3) ParOldGen: 548K(1024K)->1108K(1536K)
[0.217s][info][gc,metaspace] GC(3) Metaspace: 6300K(6464K)->6300K(6464K) NonClass: 5766K(5824K)->5766K(5824K) Class: 533K(640K)->533K(640K)
[0.217s][info][gc          ] GC(3) Pause Young (Allocation Failure) 2M->1M(4M) 0.867ms
[0.217s][info][gc,cpu      ] GC(3) User=0.00s Sys=0.00s Real=0.00s
[0.217s][info][gc,start    ] GC(4) Pause Full (Ergonomics)
[0.217s][info][gc,phases,start] GC(4) Marking Phase
[0.218s][info][gc,phases      ] GC(4) Marking Phase 0.864ms
[0.218s][info][gc,phases,start] GC(4) Summary Phase
[0.218s][info][gc,phases      ] GC(4) Summary Phase 0.017ms
[0.218s][info][gc,phases,start] GC(4) Adjust Roots
[0.218s][info][gc,phases      ] GC(4) Adjust Roots 0.428ms
[0.218s][info][gc,phases,start] GC(4) Compaction Phase
[0.221s][info][gc,phases      ] GC(4) Compaction Phase 2.482ms
[0.221s][info][gc,phases,start] GC(4) Post Compact
[0.221s][info][gc,phases      ] GC(4) Post Compact 0.086ms
[0.221s][info][gc,heap        ] GC(4) PSYoungGen: 512K(2560K)->0K(2560K) Eden: 0K(2048K)->0K(2048K) From: 512K(512K)->0K(512K)
[0.221s][info][gc,heap        ] GC(4) ParOldGen: 1108K(1536K)->1495K(3584K)
[0.221s][info][gc,metaspace   ] GC(4) Metaspace: 6300K(6464K)->6300K(6464K) NonClass: 5766K(5824K)->5766K(5824K) Class: 533K(640K)->533K(640K)
[0.221s][info][gc             ] GC(4) Pause Full (Ergonomics) 1M->1M(6M) 4.333ms
[0.221s][info][gc,cpu         ] GC(4) User=0.00s Sys=0.00s Real=0.00s
[0.225s][info][gc,start       ] GC(5) Pause Young (Allocation Failure)
[0.225s][info][gc,heap        ] GC(5) PSYoungGen: 2048K(2560K)->480K(3584K) Eden: 2048K(2048K)->0K(3072K) From: 0K(512K)->480K(512K)
[0.225s][info][gc,heap        ] GC(5) ParOldGen: 1495K(3584K)->2143K(3584K)
[0.226s][info][gc,metaspace   ] GC(5) Metaspace: 6300K(6464K)->6300K(6464K) NonClass: 5766K(5824K)->5766K(5824K) Class: 533K(640K)->533K(640K)
[0.226s][info][gc             ] GC(5) Pause Young (Allocation Failure) 3M->2M(7M) 0.884ms
[0.226s][info][gc,cpu         ] GC(5) User=0.00s Sys=0.00s Real=0.00s
[0.231s][info][gc,start       ] GC(6) Pause Young (Allocation Failure)
[0.233s][info][gc,heap        ] GC(6) PSYoungGen: 3552K(3584K)->1504K(4608K) Eden: 3072K(3072K)->0K(3072K) From: 480K(512K)->1504K(1536K)
[0.233s][info][gc,heap        ] GC(6) ParOldGen: 2143K(3584K)->2719K(3584K)
[0.233s][info][gc,metaspace   ] GC(6) Metaspace: 6300K(6464K)->6300K(6464K) NonClass: 5766K(5824K)->5766K(5824K) Class: 533K(640K)->533K(640K)
[0.233s][info][gc             ] GC(6) Pause Young (Allocation Failure) 5M->4M(8M) 1.537ms
[0.233s][info][gc,cpu         ] GC(6) User=0.00s Sys=0.00s Real=0.00s
[0.233s][info][gc,start       ] GC(7) Pause Full (Ergonomics)
[0.233s][info][gc,phases,start] GC(7) Marking Phase
[0.235s][info][gc,phases      ] GC(7) Marking Phase 1.641ms
[0.235s][info][gc,phases,start] GC(7) Summary Phase
[0.235s][info][gc,phases      ] GC(7) Summary Phase 0.016ms
[0.235s][info][gc,phases,start] GC(7) Adjust Roots
[0.235s][info][gc,phases      ] GC(7) Adjust Roots 0.437ms
[0.235s][info][gc,phases,start] GC(7) Compaction Phase
[0.238s][info][gc,phases      ] GC(7) Compaction Phase 2.701ms
[0.238s][info][gc,phases,start] GC(7) Post Compact
[0.238s][info][gc,phases      ] GC(7) Post Compact 0.034ms
[0.238s][info][gc,heap        ] GC(7) PSYoungGen: 1504K(4608K)->990K(4608K) Eden: 0K(3072K)->0K(3072K) From: 1504K(1536K)->990K(1536K)
[0.238s][info][gc,heap        ] GC(7) ParOldGen: 2719K(3584K)->3124K(6144K)
[0.238s][info][gc,metaspace   ] GC(7) Metaspace: 6300K(6464K)->6300K(6464K) NonClass: 5766K(5824K)->5766K(5824K) Class: 533K(640K)->533K(640K)
[0.238s][info][gc             ] GC(7) Pause Full (Ergonomics) 4M->4M(10M) 5.291ms
[0.238s][info][gc,cpu         ] GC(7) User=0.00s Sys=0.00s Real=0.00s
[0.243s][info][gc,start       ] GC(8) Pause Young (Allocation Failure)
[0.245s][info][gc,heap        ] GC(8) PSYoungGen: 4062K(4608K)->2048K(5632K) Eden: 3072K(3072K)->0K(3584K) From: 990K(1536K)->2048K(2048K)
[0.245s][info][gc,heap        ] GC(8) ParOldGen: 3124K(6144K)->3684K(6144K)
[0.245s][info][gc,metaspace   ] GC(8) Metaspace: 6300K(6464K)->6300K(6464K) NonClass: 5766K(5824K)->5766K(5824K) Class: 533K(640K)->533K(640K)
[0.246s][info][gc             ] GC(8) Pause Young (Allocation Failure) 7M->5M(11M) 2.219ms
[0.246s][info][gc,cpu         ] GC(8) User=0.00s Sys=0.00s Real=0.00s
[0.252s][info][gc,start       ] GC(9) Pause Young (Allocation Failure)
[0.254s][info][gc,heap        ] GC(9) PSYoungGen: 5632K(5632K)->3040K(6656K) Eden: 3584K(3584K)->0K(3584K) From: 2048K(2048K)->3040K(3072K)
[0.254s][info][gc,heap        ] GC(9) ParOldGen: 3684K(6144K)->4700K(6144K)
[0.254s][info][gc,metaspace   ] GC(9) Metaspace: 6300K(6464K)->6300K(6464K) NonClass: 5766K(5824K)->5766K(5824K) Class: 533K(640K)->533K(640K)
[0.254s][info][gc             ] GC(9) Pause Young (Allocation Failure) 9M->7M(12M) 2.946ms
[0.255s][info][gc,cpu         ] GC(9) User=0.00s Sys=0.00s Real=0.00s
[0.259s][info][gc,start       ] GC(10) Pause Young (Allocation Failure)
[0.262s][info][gc,heap        ] GC(10) PSYoungGen: 6624K(6656K)->4064K(8704K) Eden: 3584K(3584K)->0K(4608K) From: 3040K(3072K)->4064K(4096K)
[0.263s][info][gc,heap        ] GC(10) ParOldGen: 4700K(6144K)->5556K(6144K)
[0.263s][info][gc,metaspace   ] GC(10) Metaspace: 6300K(6464K)->6300K(6464K) NonClass: 5766K(5824K)->5766K(5824K) Class: 533K(640K)->533K(640K)
[0.263s][info][gc             ] GC(10) Pause Young (Allocation Failure) 11M->9M(14M) 3.585ms
[0.263s][info][gc,cpu         ] GC(10) User=0.02s Sys=0.00s Real=0.00s
[0.263s][info][gc,start       ] GC(11) Pause Full (Ergonomics)
[0.263s][info][gc,phases,start] GC(11) Marking Phase
[0.266s][info][gc,phases      ] GC(11) Marking Phase 3.008ms
[0.266s][info][gc,phases,start] GC(11) Summary Phase
[0.266s][info][gc,phases      ] GC(11) Summary Phase 0.016ms
[0.266s][info][gc,phases,start] GC(11) Adjust Roots
[0.266s][info][gc,phases      ] GC(11) Adjust Roots 0.206ms
[0.266s][info][gc,phases,start] GC(11) Compaction Phase
[0.271s][info][gc,phases      ] GC(11) Compaction Phase 4.769ms
[0.271s][info][gc,phases,start] GC(11) Post Compact
[0.271s][info][gc,phases      ] GC(11) Post Compact 0.039ms
[0.271s][info][gc,heap        ] GC(11) PSYoungGen: 4064K(8704K)->3545K(8704K) Eden: 0K(4608K)->0K(4608K) From: 4064K(4096K)->3545K(4096K)
[0.271s][info][gc,heap        ] GC(11) ParOldGen: 5556K(6144K)->5821K(10240K)
[0.271s][info][gc,metaspace   ] GC(11) Metaspace: 6300K(6464K)->6300K(6464K) NonClass: 5766K(5824K)->5766K(5824K) Class: 533K(640K)->533K(640K)
[0.271s][info][gc             ] GC(11) Pause Full (Ergonomics) 9M->9M(18M) 8.342ms
[0.271s][info][gc,cpu         ] GC(11) User=0.00s Sys=0.00s Real=0.01s
[0.277s][info][gc,start       ] GC(12) Pause Young (Allocation Failure)
[0.281s][info][gc,heap        ] GC(12) PSYoungGen: 8099K(8704K)->3936K(9728K) Eden: 4553K(4608K)->0K(4608K) From: 3545K(4096K)->3936K(5120K)
[0.281s][info][gc,heap        ] GC(12) ParOldGen: 5821K(10240K)->7869K(10240K)
[0.281s][info][gc,metaspace   ] GC(12) Metaspace: 6300K(6464K)->6300K(6464K) NonClass: 5766K(5824K)->5766K(5824K) Class: 533K(640K)->533K(640K)
[0.281s][info][gc             ] GC(12) Pause Young (Allocation Failure) 13M->11M(19M) 4.060ms
[0.281s][info][gc,cpu         ] GC(12) User=0.02s Sys=0.00s Real=0.00s
[0.287s][info][gc,start       ] GC(13) Pause Young (Allocation Failure)
[0.292s][info][gc,heap        ] GC(13) PSYoungGen: 8544K(9728K)->2720K(12288K) Eden: 4608K(4608K)->0K(6656K) From: 3936K(5120K)->2720K(5632K)
[0.292s][info][gc,heap        ] GC(13) ParOldGen: 7869K(10240K)->11805K(12288K)
[0.292s][info][gc,metaspace   ] GC(13) Metaspace: 6300K(6464K)->6300K(6464K) NonClass: 5766K(5824K)->5766K(5824K) Class: 533K(640K)->533K(640K)
[0.292s][info][gc             ] GC(13) Pause Young (Allocation Failure) 16M->14M(24M) 4.446ms
[0.292s][info][gc,cpu         ] GC(13) User=0.00s Sys=0.00s Real=0.01s
[0.292s][info][gc,start       ] GC(14) Pause Full (Ergonomics)
[0.292s][info][gc,phases,start] GC(14) Marking Phase
[0.296s][info][gc,phases      ] GC(14) Marking Phase 4.219ms
[0.296s][info][gc,phases,start] GC(14) Summary Phase
[0.296s][info][gc,phases      ] GC(14) Summary Phase 0.017ms
[0.296s][info][gc,phases,start] GC(14) Adjust Roots
[0.296s][info][gc,phases      ] GC(14) Adjust Roots 0.204ms
[0.296s][info][gc,phases,start] GC(14) Compaction Phase
[0.302s][info][gc,phases      ] GC(14) Compaction Phase 5.696ms
[0.302s][info][gc,phases,start] GC(14) Post Compact
[0.302s][info][gc,phases      ] GC(14) Post Compact 0.066ms
[0.302s][info][gc,heap        ] GC(14) PSYoungGen: 2720K(12288K)->1981K(12288K) Eden: 0K(6656K)->0K(6656K) From: 2720K(5632K)->1981K(5632K)
[0.302s][info][gc,heap        ] GC(14) ParOldGen: 11805K(12288K)->12055K(19456K)
[0.302s][info][gc,metaspace   ] GC(14) Metaspace: 6300K(6464K)->6300K(6464K) NonClass: 5766K(5824K)->5766K(5824K) Class: 533K(640K)->533K(640K)
[0.302s][info][gc             ] GC(14) Pause Full (Ergonomics) 14M->13M(31M) 10.548ms
[0.302s][info][gc,cpu         ] GC(14) User=0.02s Sys=0.00s Real=0.01s
[0.308s][info][gc,start       ] GC(15) Pause Young (Allocation Failure)
[0.311s][info][gc,heap        ] GC(15) PSYoungGen: 8637K(12288K)->3520K(12288K) Eden: 6656K(6656K)->0K(6656K) From: 1981K(5632K)->3520K(5632K)
[0.311s][info][gc,heap        ] GC(15) ParOldGen: 12055K(19456K)->14103K(19456K)
[0.311s][info][gc,metaspace   ] GC(15) Metaspace: 6302K(6464K)->6302K(6464K) NonClass: 5768K(5824K)->5768K(5824K) Class: 533K(640K)->533K(640K)
[0.311s][info][gc             ] GC(15) Pause Young (Allocation Failure) 20M->17M(31M) 3.450ms
[0.311s][info][gc,cpu         ] GC(15) User=0.02s Sys=0.00s Real=0.00s
[0.316s][info][gc,start       ] GC(16) Pause Young (Allocation Failure)
[0.320s][info][gc,heap        ] GC(16) PSYoungGen: 10176K(12288K)->3584K(14848K) Eden: 6656K(6656K)->0K(9216K) From: 3520K(5632K)->3584K(5632K)
[0.320s][info][gc,heap        ] GC(16) ParOldGen: 14103K(19456K)->17591K(19456K)
[0.320s][info][gc,metaspace   ] GC(16) Metaspace: 6302K(6464K)->6302K(6464K) NonClass: 5768K(5824K)->5768K(5824K) Class: 533K(640K)->533K(640K)
[0.320s][info][gc             ] GC(16) Pause Young (Allocation Failure) 23M->20M(33M) 3.892ms
[0.320s][info][gc,cpu         ] GC(16) User=0.00s Sys=0.00s Real=0.00s
[0.320s][info][gc,start       ] GC(17) Pause Full (Ergonomics)
[0.320s][info][gc,phases,start] GC(17) Marking Phase
[0.326s][info][gc,phases      ] GC(17) Marking Phase 5.656ms
[0.326s][info][gc,phases,start] GC(17) Summary Phase
[0.326s][info][gc,phases      ] GC(17) Summary Phase 0.015ms
[0.326s][info][gc,phases,start] GC(17) Adjust Roots
[0.326s][info][gc,phases      ] GC(17) Adjust Roots 0.198ms
[0.326s][info][gc,phases,start] GC(17) Compaction Phase
[0.330s][info][gc,phases      ] GC(17) Compaction Phase 3.886ms
[0.330s][info][gc,phases,start] GC(17) Post Compact
[0.330s][info][gc,phases      ] GC(17) Post Compact 0.118ms
[0.330s][info][gc,heap        ] GC(17) PSYoungGen: 3584K(14848K)->1899K(14848K) Eden: 0K(9216K)->0K(9216K) From: 3584K(5632K)->1899K(5632K)
[0.330s][info][gc,heap        ] GC(17) ParOldGen: 17591K(19456K)->18972K(28160K)
[0.330s][info][gc,metaspace   ] GC(17) Metaspace: 6302K(6464K)->6302K(6464K) NonClass: 5768K(5824K)->5768K(5824K) Class: 533K(640K)->533K(640K)
[0.330s][info][gc             ] GC(17) Pause Full (Ergonomics) 20M->20M(42M) 10.196ms
[0.330s][info][gc,cpu         ] GC(17) User=0.02s Sys=0.00s Real=0.01s
[0.339s][info][gc,start       ] GC(18) Pause Young (Allocation Failure)
[0.344s][info][gc,heap        ] GC(18) PSYoungGen: 11115K(14848K)->5344K(14848K) Eden: 9216K(9216K)->0K(9216K) From: 1899K(5632K)->5344K(5632K)
[0.344s][info][gc,heap        ] GC(18) ParOldGen: 18972K(28160K)->20932K(28160K)
[0.344s][info][gc,metaspace   ] GC(18) Metaspace: 6302K(6464K)->6302K(6464K) NonClass: 5768K(5824K)->5768K(5824K) Class: 533K(640K)->533K(640K)
[0.344s][info][gc             ] GC(18) Pause Young (Allocation Failure) 29M->25M(42M) 4.624ms
[0.344s][info][gc,cpu         ] GC(18) User=0.00s Sys=0.00s Real=0.00s
[0.349s][info][gc,start       ] GC(19) Pause Young (Allocation Failure)
[0.355s][info][gc,heap        ] GC(19) PSYoungGen: 14560K(14848K)->4864K(18432K) Eden: 9216K(9216K)->0K(11776K) From: 5344K(5632K)->4864K(6656K)
[0.355s][info][gc,heap        ] GC(19) ParOldGen: 20932K(28160K)->26284K(28160K)
[0.355s][info][gc,metaspace   ] GC(19) Metaspace: 6302K(6464K)->6302K(6464K) NonClass: 5768K(5824K)->5768K(5824K) Class: 533K(640K)->533K(640K)
[0.355s][info][gc             ] GC(19) Pause Young (Allocation Failure) 34M->30M(45M) 5.275ms
[0.355s][info][gc,cpu         ] GC(19) User=0.00s Sys=0.00s Real=0.01s
[0.355s][info][gc,start       ] GC(20) Pause Full (Ergonomics)
[0.355s][info][gc,phases,start] GC(20) Marking Phase
[0.363s][info][gc,phases      ] GC(20) Marking Phase 8.395ms
[0.363s][info][gc,phases,start] GC(20) Summary Phase
[0.363s][info][gc,phases      ] GC(20) Summary Phase 0.014ms
[0.363s][info][gc,phases,start] GC(20) Adjust Roots
[0.364s][info][gc,phases      ] GC(20) Adjust Roots 0.187ms
[0.364s][info][gc,phases,start] GC(20) Compaction Phase
[0.373s][info][gc,phases      ] GC(20) Compaction Phase 9.016ms
[0.373s][info][gc,phases,start] GC(20) Post Compact
[0.373s][info][gc,phases      ] GC(20) Post Compact 0.113ms
[0.373s][info][gc,heap        ] GC(20) PSYoungGen: 4864K(18432K)->2719K(18432K) Eden: 0K(11776K)->0K(11776K) From: 4864K(6656K)->2719K(6656K)
[0.373s][info][gc,heap        ] GC(20) ParOldGen: 26284K(28160K)->27659K(38912K)
[0.373s][info][gc,metaspace   ] GC(20) Metaspace: 6302K(6464K)->6302K(6464K) NonClass: 5768K(5824K)->5768K(5824K) Class: 533K(640K)->533K(640K)
[0.373s][info][gc             ] GC(20) Pause Full (Ergonomics) 30M->29M(56M) 18.086ms
[0.373s][info][gc,cpu         ] GC(20) User=0.00s Sys=0.00s Real=0.02s
[0.382s][info][gc,start       ] GC(21) Pause Young (Allocation Failure)
[0.388s][info][gc,heap        ] GC(21) PSYoungGen: 14495K(18432K)->7168K(18944K) Eden: 11776K(11776K)->0K(11776K) From: 2719K(6656K)->7168K(7168K)
[0.388s][info][gc,heap        ] GC(21) ParOldGen: 27659K(38912K)->30859K(38912K)
[0.388s][info][gc,metaspace   ] GC(21) Metaspace: 6302K(6464K)->6302K(6464K) NonClass: 5768K(5824K)->5768K(5824K) Class: 533K(640K)->533K(640K)
[0.388s][info][gc             ] GC(21) Pause Young (Allocation Failure) 41M->37M(56M) 6.886ms
[0.388s][info][gc,cpu         ] GC(21) User=0.00s Sys=0.00s Real=0.01s
[0.405s][info][gc,start       ] GC(22) Pause Young (Allocation Failure)
[0.417s][info][gc,heap        ] GC(22) PSYoungGen: 18944K(18944K)->9184K(19456K) Eden: 11776K(11776K)->0K(10240K) From: 7168K(7168K)->9184K(9216K)
[0.417s][info][gc,heap        ] GC(22) ParOldGen: 30859K(38912K)->40771K(40960K)
[0.417s][info][gc,metaspace   ] GC(22) Metaspace: 6302K(6464K)->6302K(6464K) NonClass: 5768K(5824K)->5768K(5824K) Class: 533K(640K)->533K(640K)
[0.417s][info][gc             ] GC(22) Pause Young (Allocation Failure) 48M->48M(59M) 12.105ms
[0.417s][info][gc,cpu         ] GC(22) User=0.00s Sys=0.00s Real=0.01s
[0.417s][info][gc,start       ] GC(23) Pause Full (Ergonomics)
[0.417s][info][gc,phases,start] GC(23) Marking Phase
[0.429s][info][gc,phases      ] GC(23) Marking Phase 12.020ms
[0.430s][info][gc,phases,start] GC(23) Summary Phase
[0.430s][info][gc,phases      ] GC(23) Summary Phase 0.028ms
[0.430s][info][gc,phases,start] GC(23) Adjust Roots
[0.430s][info][gc,phases      ] GC(23) Adjust Roots 0.182ms
[0.430s][info][gc,phases,start] GC(23) Compaction Phase
[0.442s][info][gc,phases      ] GC(23) Compaction Phase 12.060ms
[0.442s][info][gc,phases,start] GC(23) Post Compact
[0.442s][info][gc,phases      ] GC(23) Post Compact 0.191ms
[0.442s][info][gc,heap        ] GC(23) PSYoungGen: 9184K(19456K)->9170K(19456K) Eden: 0K(10240K)->0K(10240K) From: 9184K(9216K)->9170K(9216K)
[0.442s][info][gc,heap        ] GC(23) ParOldGen: 40771K(40960K)->39502K(54784K)
[0.442s][info][gc,metaspace   ] GC(23) Metaspace: 6302K(6464K)->6302K(6464K) NonClass: 5768K(5824K)->5768K(5824K) Class: 533K(640K)->533K(640K)
[0.442s][info][gc             ] GC(23) Pause Full (Ergonomics) 48M->47M(72M) 24.828ms
[0.442s][info][gc,cpu         ] GC(23) User=0.02s Sys=0.00s Real=0.02s
[0.453s][info][gc,start       ] GC(24) Pause Young (Allocation Failure)
[0.464s][info][gc,heap        ] GC(24) PSYoungGen: 19410K(19456K)->10336K(24576K) Eden: 10240K(10240K)->0K(10240K) From: 9170K(9216K)->10336K(14336K)
[0.465s][info][gc,heap        ] GC(24) ParOldGen: 39502K(54784K)->48814K(54784K)
[0.465s][info][gc,metaspace   ] GC(24) Metaspace: 6302K(6464K)->6302K(6464K) NonClass: 5768K(5824K)->5768K(5824K) Class: 533K(640K)->533K(640K)
[0.465s][info][gc             ] GC(24) Pause Young (Allocation Failure) 57M->57M(77M) 11.388ms
[0.465s][info][gc,cpu         ] GC(24) User=0.00s Sys=0.00s Real=0.01s
[0.465s][info][gc,start       ] GC(25) Pause Full (Ergonomics)
[0.465s][info][gc,phases,start] GC(25) Marking Phase
[0.482s][info][gc,phases      ] GC(25) Marking Phase 17.086ms
[0.482s][info][gc,phases,start] GC(25) Summary Phase
[0.482s][info][gc,phases      ] GC(25) Summary Phase 0.021ms
[0.482s][info][gc,phases,start] GC(25) Adjust Roots
[0.482s][info][gc,phases      ] GC(25) Adjust Roots 0.190ms
[0.482s][info][gc,phases,start] GC(25) Compaction Phase
[0.494s][info][gc,phases      ] GC(25) Compaction Phase 11.587ms
[0.494s][info][gc,phases,start] GC(25) Post Compact
[0.494s][info][gc,phases      ] GC(25) Post Compact 0.332ms
[0.494s][info][gc,heap        ] GC(25) PSYoungGen: 10336K(24576K)->4584K(24576K) Eden: 0K(10240K)->0K(10240K) From: 10336K(14336K)->4584K(14336K)
[0.494s][info][gc,heap        ] GC(25) ParOldGen: 48814K(54784K)->54293K(72704K)
[0.494s][info][gc,metaspace   ] GC(25) Metaspace: 6302K(6464K)->6302K(6464K) NonClass: 5768K(5824K)->5768K(5824K) Class: 533K(640K)->533K(640K)
[0.494s][info][gc             ] GC(25) Pause Full (Ergonomics) 57M->57M(95M) 29.579ms
[0.494s][info][gc,cpu         ] GC(25) User=0.11s Sys=0.00s Real=0.03s
[0.505s][info][gc,start       ] GC(26) Pause Young (Allocation Failure)
[0.515s][info][gc,heap        ] GC(26) PSYoungGen: 14824K(24576K)->10368K(26624K) Eden: 10240K(10240K)->0K(11264K) From: 4584K(14336K)->10368K(15360K)
[0.515s][info][gc,heap        ] GC(26) ParOldGen: 54293K(72704K)->58965K(72704K)
[0.515s][info][gc,metaspace   ] GC(26) Metaspace: 6302K(6464K)->6302K(6464K) NonClass: 5768K(5824K)->5768K(5824K) Class: 533K(640K)->533K(640K)
[0.515s][info][gc             ] GC(26) Pause Young (Allocation Failure) 67M->67M(97M) 10.346ms
[0.515s][info][gc,cpu         ] GC(26) User=0.02s Sys=0.00s Real=0.01s
[0.527s][info][gc,start       ] GC(27) Pause Young (Allocation Failure)
[0.538s][info][gc,heap        ] GC(27) PSYoungGen: 21632K(26624K)->16384K(27648K) Eden: 11264K(11264K)->0K(11264K) From: 10368K(15360K)->16384K(16384K)
[0.538s][info][gc,heap        ] GC(27) ParOldGen: 58965K(72704K)->64149K(72704K)
[0.538s][info][gc,metaspace   ] GC(27) Metaspace: 6302K(6464K)->6302K(6464K) NonClass: 5768K(5824K)->5768K(5824K) Class: 533K(640K)->533K(640K)
[0.538s][info][gc             ] GC(27) Pause Young (Allocation Failure) 78M->78M(98M) 10.941ms
[0.538s][info][gc,cpu         ] GC(27) User=0.02s Sys=0.00s Real=0.01s
[0.538s][info][gc,start       ] GC(28) Pause Full (Ergonomics)
[0.538s][info][gc,phases,start] GC(28) Marking Phase
[0.560s][info][gc,phases      ] GC(28) Marking Phase 21.777ms
[0.560s][info][gc,phases,start] GC(28) Summary Phase
[0.560s][info][gc,phases      ] GC(28) Summary Phase 0.018ms
[0.560s][info][gc,phases,start] GC(28) Adjust Roots
[0.560s][info][gc,phases      ] GC(28) Adjust Roots 0.214ms
[0.560s][info][gc,phases,start] GC(28) Compaction Phase
[0.572s][info][gc,phases      ] GC(28) Compaction Phase 11.203ms
[0.572s][info][gc,phases,start] GC(28) Post Compact
[0.572s][info][gc,phases      ] GC(28) Post Compact 0.374ms
[0.572s][info][gc,heap        ] GC(28) PSYoungGen: 16384K(27648K)->7663K(27648K) Eden: 0K(11264K)->0K(11264K) From: 16384K(16384K)->7663K(16384K)
[0.572s][info][gc,heap        ] GC(28) ParOldGen: 64149K(72704K)->72656K(92672K)
[0.572s][info][gc,metaspace   ] GC(28) Metaspace: 6302K(6464K)->6302K(6464K) NonClass: 5768K(5824K)->5768K(5824K) Class: 533K(640K)->533K(640K)
[0.572s][info][gc             ] GC(28) Pause Full (Ergonomics) 78M->78M(117M) 33.967ms
[0.572s][info][gc,cpu         ] GC(28) User=0.09s Sys=0.00s Real=0.03s
[0.582s][info][gc,start       ] GC(29) Pause Young (Allocation Failure)
[0.594s][info][gc,heap        ] GC(29) PSYoungGen: 16201K(27648K)->8512K(31744K) Eden: 8538K(11264K)->0K(13312K) From: 7663K(16384K)->8512K(18432K)
[0.594s][info][gc,heap        ] GC(29) ParOldGen: 72656K(92672K)->80456K(92672K)
[0.594s][info][gc,metaspace   ] GC(29) Metaspace: 6302K(6464K)->6302K(6464K) NonClass: 5768K(5824K)->5768K(5824K) Class: 533K(640K)->533K(640K)
[0.594s][info][gc             ] GC(29) Pause Young (Allocation Failure) 86M->86M(121M) 11.557ms
[0.594s][info][gc,cpu         ] GC(29) User=0.02s Sys=0.00s Real=0.01s
[0.615s][info][gc,start       ] GC(30) Pause Young (Allocation Failure)
[0.628s][info][gc,heap        ] GC(30) PSYoungGen: 21824K(31744K)->19936K(33280K) Eden: 13312K(13312K)->0K(13312K) From: 8512K(18432K)->19936K(19968K)
[0.628s][info][gc,heap        ] GC(30) ParOldGen: 80456K(92672K)->82352K(92672K)
[0.628s][info][gc,metaspace   ] GC(30) Metaspace: 6302K(6464K)->6302K(6464K) NonClass: 5768K(5824K)->5768K(5824K) Class: 533K(640K)->533K(640K)
[0.628s][info][gc             ] GC(30) Pause Young (Allocation Failure) 99M->99M(123M) 13.484ms
[0.628s][info][gc,cpu         ] GC(30) User=0.00s Sys=0.00s Real=0.01s
[0.640s][info][gc,start       ] GC(31) Pause Young (Allocation Failure)
[0.659s][info][gc,heap        ] GC(31) PSYoungGen: 33248K(33280K)->13408K(39936K) Eden: 13312K(13312K)->0K(15872K) From: 19936K(19968K)->13408K(24064K)
[0.659s][info][gc,heap        ] GC(31) ParOldGen: 82352K(92672K)->102472K(102912K)
[0.659s][info][gc,metaspace   ] GC(31) Metaspace: 6302K(6464K)->6302K(6464K) NonClass: 5768K(5824K)->5768K(5824K) Class: 533K(640K)->533K(640K)
[0.659s][info][gc             ] GC(31) Pause Young (Allocation Failure) 112M->113M(139M) 18.753ms
[0.659s][info][gc,cpu         ] GC(31) User=0.00s Sys=0.00s Real=0.02s
[0.659s][info][gc,start       ] GC(32) Pause Full (Ergonomics)
[0.659s][info][gc,phases,start] GC(32) Marking Phase
[0.690s][info][gc,phases      ] GC(32) Marking Phase 30.894ms
[0.690s][info][gc,phases,start] GC(32) Summary Phase
[0.690s][info][gc,phases      ] GC(32) Summary Phase 0.017ms
[0.690s][info][gc,phases,start] GC(32) Adjust Roots
[0.690s][info][gc,phases      ] GC(32) Adjust Roots 0.201ms
[0.690s][info][gc,phases,start] GC(32) Compaction Phase
[0.719s][info][gc,phases      ] GC(32) Compaction Phase 28.825ms
[0.719s][info][gc,phases,start] GC(32) Post Compact
[0.720s][info][gc,phases      ] GC(32) Post Compact 0.462ms
[0.720s][info][gc,heap        ] GC(32) PSYoungGen: 13408K(39936K)->10723K(39936K) Eden: 0K(15872K)->0K(15872K) From: 13408K(24064K)->10723K(24064K)
[0.720s][info][gc,heap        ] GC(32) ParOldGen: 102472K(102912K)->102526K(130048K)
[0.720s][info][gc,metaspace   ] GC(32) Metaspace: 6302K(6464K)->6302K(6464K) NonClass: 5768K(5824K)->5768K(5824K) Class: 533K(640K)->533K(640K)
[0.720s][info][gc             ] GC(32) Pause Full (Ergonomics) 113M->110M(166M) 60.813ms
[0.720s][info][gc,cpu         ] GC(32) User=0.19s Sys=0.00s Real=0.06s
[0.737s][info][gc,start       ] GC(33) Pause Young (Allocation Failure)
[0.755s][info][gc,heap        ] GC(33) PSYoungGen: 26595K(39936K)->15968K(39936K) Eden: 15872K(15872K)->0K(15872K) From: 10723K(24064K)->15968K(24064K)
[0.755s][info][gc,heap        ] GC(33) ParOldGen: 102526K(130048K)->113422K(130048K)
[0.755s][info][gc,metaspace   ] GC(33) Metaspace: 6302K(6464K)->6302K(6464K) NonClass: 5768K(5824K)->5768K(5824K) Class: 533K(640K)->533K(640K)
[0.755s][info][gc             ] GC(33) Pause Young (Allocation Failure) 126M->126M(166M) 18.118ms
[0.755s][info][gc,cpu         ] GC(33) User=0.08s Sys=0.00s Real=0.02s
[0.771s][info][gc,start       ] GC(34) Pause Young (Allocation Failure)
[0.789s][info][gc,heap        ] GC(34) PSYoungGen: 31840K(39936K)->25088K(37888K) Eden: 15872K(15872K)->0K(12800K) From: 15968K(24064K)->25088K(25088K)
[0.789s][info][gc,heap        ] GC(34) ParOldGen: 113422K(130048K)->120174K(130048K)
[0.789s][info][gc,metaspace   ] GC(34) Metaspace: 6302K(6464K)->6302K(6464K) NonClass: 5768K(5824K)->5768K(5824K) Class: 533K(640K)->533K(640K)
[0.789s][info][gc             ] GC(34) Pause Young (Allocation Failure) 141M->141M(164M) 17.976ms
[0.789s][info][gc,cpu         ] GC(34) User=0.08s Sys=0.02s Real=0.02s
[0.789s][info][gc,start       ] GC(35) Pause Full (Ergonomics)
[0.789s][info][gc,phases,start] GC(35) Marking Phase
[0.827s][info][gc,phases      ] GC(35) Marking Phase 37.586ms
[0.827s][info][gc,phases,start] GC(35) Summary Phase
[0.827s][info][gc,phases      ] GC(35) Summary Phase 0.020ms
[0.827s][info][gc,phases,start] GC(35) Adjust Roots
[0.827s][info][gc,phases      ] GC(35) Adjust Roots 0.257ms
[0.827s][info][gc,phases,start] GC(35) Compaction Phase
[0.847s][info][gc,phases      ] GC(35) Compaction Phase 19.811ms
[0.847s][info][gc,phases,start] GC(35) Post Compact
[0.848s][info][gc,phases      ] GC(35) Post Compact 0.627ms
[0.848s][info][gc,heap        ] GC(35) PSYoungGen: 25088K(37888K)->15327K(37888K) Eden: 0K(12800K)->0K(12800K) From: 25088K(25088K)->15327K(25088K)
[0.848s][info][gc,heap        ] GC(35) ParOldGen: 120174K(130048K)->129598K(159232K)
[0.848s][info][gc,metaspace   ] GC(35) Metaspace: 6302K(6464K)->6302K(6464K) NonClass: 5768K(5824K)->5768K(5824K) Class: 533K(640K)->533K(640K)
[0.848s][info][gc             ] GC(35) Pause Full (Ergonomics) 141M->141M(192M) 58.849ms
[0.848s][info][gc,cpu         ] GC(35) User=0.27s Sys=0.00s Real=0.06s
[0.862s][info][gc,start       ] GC(36) Pause Young (Allocation Failure)
[0.880s][info][gc,heap        ] GC(36) PSYoungGen: 28127K(37888K)->12928K(44032K) Eden: 12800K(12800K)->0K(12800K) From: 15327K(25088K)->12928K(31232K)
[0.880s][info][gc,heap        ] GC(36) ParOldGen: 129598K(159232K)->145174K(159232K)
[0.880s][info][gc,metaspace   ] GC(36) Metaspace: 6302K(6464K)->6302K(6464K) NonClass: 5768K(5824K)->5768K(5824K) Class: 533K(640K)->533K(640K)
[0.880s][info][gc             ] GC(36) Pause Young (Allocation Failure) 154M->154M(198M) 18.398ms
[0.880s][info][gc,cpu         ] GC(36) User=0.09s Sys=0.00s Real=0.02s
[0.880s][info][gc,start       ] GC(37) Pause Full (Ergonomics)
[0.880s][info][gc,phases,start] GC(37) Marking Phase
[0.918s][info][gc,phases      ] GC(37) Marking Phase 37.371ms
[0.918s][info][gc,phases,start] GC(37) Summary Phase
[0.918s][info][gc,phases      ] GC(37) Summary Phase 0.025ms
[0.918s][info][gc,phases,start] GC(37) Adjust Roots
[0.918s][info][gc,phases      ] GC(37) Adjust Roots 0.180ms
[0.918s][info][gc,phases,start] GC(37) Compaction Phase
[0.935s][info][gc,phases      ] GC(37) Compaction Phase 16.822ms
[0.935s][info][gc,phases,start] GC(37) Post Compact
[0.935s][info][gc,phases      ] GC(37) Post Compact 0.695ms
[0.936s][info][gc,heap        ] GC(37) PSYoungGen: 12928K(44032K)->0K(44544K) Eden: 0K(12800K)->0K(14848K) From: 12928K(31232K)->0K(29696K)
[0.936s][info][gc,heap        ] GC(37) ParOldGen: 145174K(159232K)->157697K(192000K)
[0.936s][info][gc,metaspace   ] GC(37) Metaspace: 6302K(6464K)->6302K(6464K) NonClass: 5768K(5824K)->5768K(5824K) Class: 533K(640K)->533K(640K)
[0.936s][info][gc             ] GC(37) Pause Full (Ergonomics) 154M->154M(231M) 55.518ms
[0.936s][info][gc,cpu         ] GC(37) User=0.22s Sys=0.00s Real=0.05s
[0.950s][info][gc,start       ] GC(38) Pause Young (Allocation Failure)
[0.959s][info][gc,heap        ] GC(38) PSYoungGen: 14848K(44544K)->14976K(44544K) Eden: 14848K(14848K)->0K(14848K) From: 0K(29696K)->14976K(29696K)
[0.959s][info][gc,heap        ] GC(38) ParOldGen: 157697K(192000K)->157697K(192000K)
[0.959s][info][gc,metaspace   ] GC(38) Metaspace: 6302K(6464K)->6302K(6464K) NonClass: 5768K(5824K)->5768K(5824K) Class: 533K(640K)->533K(640K)
[0.959s][info][gc             ] GC(38) Pause Young (Allocation Failure) 168M->168M(231M) 8.606ms
[0.959s][info][gc,cpu         ] GC(38) User=0.00s Sys=0.00s Real=0.01s
[0.994s][info][gc,start       ] GC(39) Pause Young (Allocation Failure)
[1.015s][info][gc,heap        ] GC(39) PSYoungGen: 29824K(44544K)->29152K(41472K) Eden: 14848K(14848K)->0K(12288K) From: 14976K(29696K)->29152K(29184K)
[1.015s][info][gc,heap        ] GC(39) ParOldGen: 157697K(192000K)->158273K(192000K)
[1.015s][info][gc,metaspace   ] GC(39) Metaspace: 6302K(6464K)->6302K(6464K) NonClass: 5768K(5824K)->5768K(5824K) Class: 533K(640K)->533K(640K)
[1.015s][info][gc             ] GC(39) Pause Young (Allocation Failure) 183M->183M(228M) 21.384ms
[1.015s][info][gc,cpu         ] GC(39) User=0.03s Sys=0.00s Real=0.02s
[1.026s][info][gc,start       ] GC(40) Pause Young (Allocation Failure)
[1.049s][info][gc,heap        ] GC(40) PSYoungGen: 41440K(41472K)->27232K(46080K) Eden: 12288K(12288K)->0K(12288K) From: 29152K(29184K)->27232K(33792K)
[1.049s][info][gc,heap        ] GC(40) ParOldGen: 158273K(192000K)->172793K(192000K)
[1.049s][info][gc,metaspace   ] GC(40) Metaspace: 6302K(6464K)->6302K(6464K) NonClass: 5768K(5824K)->5768K(5824K) Class: 533K(640K)->533K(640K)
[1.049s][info][gc             ] GC(40) Pause Young (Allocation Failure) 195M->195M(232M) 22.844ms
[1.049s][info][gc,cpu         ] GC(40) User=0.00s Sys=0.00s Real=0.02s
[1.049s][info][gc,start       ] GC(41) Pause Full (Ergonomics)
[1.049s][info][gc,phases,start] GC(41) Marking Phase
[1.096s][info][gc,phases      ] GC(41) Marking Phase 46.480ms
[1.096s][info][gc,phases,start] GC(41) Summary Phase
[1.096s][info][gc,phases      ] GC(41) Summary Phase 0.017ms
[1.096s][info][gc,phases,start] GC(41) Adjust Roots
[1.096s][info][gc,phases      ] GC(41) Adjust Roots 0.185ms
[1.096s][info][gc,phases,start] GC(41) Compaction Phase
[1.132s][info][gc,phases      ] GC(41) Compaction Phase 36.389ms
[1.133s][info][gc,phases,start] GC(41) Post Compact
[1.133s][info][gc,phases      ] GC(41) Post Compact 0.906ms
[1.134s][info][gc,heap        ] GC(41) PSYoungGen: 27232K(46080K)->3570K(46080K) Eden: 0K(12288K)->0K(12288K) From: 27232K(33792K)->3570K(33792K)
[1.134s][info][gc,heap        ] GC(41) ParOldGen: 172793K(192000K)->191939K(229888K)
[1.134s][info][gc,metaspace   ] GC(41) Metaspace: 6302K(6464K)->6302K(6464K) NonClass: 5768K(5824K)->5768K(5824K) Class: 533K(640K)->533K(640K)
[1.134s][info][gc             ] GC(41) Pause Full (Ergonomics) 195M->190M(269M) 84.481ms
[1.134s][info][gc,cpu         ] GC(41) User=0.30s Sys=0.02s Real=0.09s
[1.147s][info][gc,start       ] GC(42) Pause Young (Allocation Failure)
[1.163s][info][gc,heap        ] GC(42) PSYoungGen: 15858K(46080K)->16000K(47616K) Eden: 12288K(12288K)->0K(14336K) From: 3570K(33792K)->16000K(33280K)
[1.163s][info][gc,heap        ] GC(42) ParOldGen: 191939K(229888K)->191939K(229888K)
[1.163s][info][gc,metaspace   ] GC(42) Metaspace: 6302K(6464K)->6302K(6464K) NonClass: 5768K(5824K)->5768K(5824K) Class: 533K(640K)->533K(640K)
[1.163s][info][gc             ] GC(42) Pause Young (Allocation Failure) 202M->203M(271M) 15.829ms
[1.163s][info][gc,cpu         ] GC(42) User=0.00s Sys=0.00s Real=0.01s
[1.179s][info][gc,start       ] GC(43) Pause Young (Allocation Failure)
[1.195s][info][gc,heap        ] GC(43) PSYoungGen: 30336K(47616K)->30336K(49152K) Eden: 14336K(14336K)->0K(14336K) From: 16000K(33280K)->30336K(34816K)
[1.195s][info][gc,heap        ] GC(43) ParOldGen: 191939K(229888K)->191939K(229888K)
[1.195s][info][gc,metaspace   ] GC(43) Metaspace: 6302K(6464K)->6302K(6464K) NonClass: 5768K(5824K)->5768K(5824K) Class: 533K(640K)->533K(640K)
[1.195s][info][gc             ] GC(43) Pause Young (Allocation Failure) 217M->217M(272M) 16.439ms
[1.196s][info][gc,cpu         ] GC(43) User=0.02s Sys=0.00s Real=0.02s
[1.212s][info][gc,start       ] GC(44) Pause Young (Allocation Failure)
[1.235s][info][gc,heap        ] GC(44) PSYoungGen: 44672K(49152K)->37888K(46592K) Eden: 14336K(14336K)->0K(8704K) From: 30336K(34816K)->37888K(37888K)
[1.235s][info][gc,heap        ] GC(44) ParOldGen: 191939K(229888K)->198683K(229888K)
[1.235s][info][gc,metaspace   ] GC(44) Metaspace: 6302K(6464K)->6302K(6464K) NonClass: 5768K(5824K)->5768K(5824K) Class: 533K(640K)->533K(640K)
[1.235s][info][gc             ] GC(44) Pause Young (Allocation Failure) 231M->231M(270M) 22.737ms
[1.235s][info][gc,cpu         ] GC(44) User=0.08s Sys=0.02s Real=0.02s
[1.246s][info][gc,start       ] GC(45) Pause Young (Allocation Failure)
[1.266s][info][gc,heap        ] GC(45) PSYoungGen: 46592K(46592K)->43136K(54784K) Eden: 8704K(8704K)->0K(8704K) From: 37888K(37888K)->43136K(46080K)
[1.266s][info][gc,heap        ] GC(45) ParOldGen: 198683K(229888K)->202331K(229888K)
[1.266s][info][gc,metaspace   ] GC(45) Metaspace: 6302K(6464K)->6302K(6464K) NonClass: 5768K(5824K)->5768K(5824K) Class: 533K(640K)->533K(640K)
[1.266s][info][gc             ] GC(45) Pause Young (Allocation Failure) 239M->239M(278M) 20.838ms
[1.267s][info][gc,cpu         ] GC(45) User=0.19s Sys=0.00s Real=0.02s
[1.277s][info][gc,start       ] GC(46) Pause Young (Allocation Failure)
[1.301s][info][gc,heap        ] GC(46) PSYoungGen: 51840K(54784K)->40992K(58368K) Eden: 8704K(8704K)->0K(6144K) From: 43136K(46080K)->40992K(52224K)
[1.301s][info][gc,heap        ] GC(46) ParOldGen: 202331K(229888K)->213331K(229888K)
[1.301s][info][gc,metaspace   ] GC(46) Metaspace: 6302K(6464K)->6302K(6464K) NonClass: 5768K(5824K)->5768K(5824K) Class: 533K(640K)->533K(640K)
[1.301s][info][gc             ] GC(46) Pause Young (Allocation Failure) 248M->248M(281M) 23.786ms
[1.301s][info][gc,cpu         ] GC(46) User=0.19s Sys=0.00s Real=0.02s
[1.301s][info][gc,start       ] GC(47) Pause Full (Ergonomics)
[1.301s][info][gc,phases,start] GC(47) Marking Phase
[1.359s][info][gc,phases      ] GC(47) Marking Phase 58.045ms
[1.359s][info][gc,phases,start] GC(47) Summary Phase
[1.359s][info][gc,phases      ] GC(47) Summary Phase 0.020ms
[1.359s][info][gc,phases,start] GC(47) Adjust Roots
[1.359s][info][gc,phases      ] GC(47) Adjust Roots 0.213ms
[1.359s][info][gc,phases,start] GC(47) Compaction Phase
[1.390s][info][gc,phases      ] GC(47) Compaction Phase 31.124ms
[1.390s][info][gc,phases,start] GC(47) Post Compact
[1.392s][info][gc,phases      ] GC(47) Post Compact 1.242ms
[1.392s][info][gc,heap        ] GC(47) PSYoungGen: 40992K(58368K)->23908K(58368K) Eden: 0K(6144K)->0K(6144K) From: 40992K(52224K)->23908K(52224K)
[1.392s][info][gc,heap        ] GC(47) ParOldGen: 213331K(229888K)->229819K(267776K)
[1.392s][info][gc,metaspace   ] GC(47) Metaspace: 6302K(6464K)->6302K(6464K) NonClass: 5768K(5824K)->5768K(5824K) Class: 533K(640K)->533K(640K)
[1.392s][info][gc             ] GC(47) Pause Full (Ergonomics) 248M->247M(318M) 91.225ms
[1.392s][info][gc,cpu         ] GC(47) User=0.38s Sys=0.02s Real=0.09s
[1.400s][info][gc,start       ] GC(48) Pause Young (Allocation Failure)
[1.421s][info][gc,heap        ] GC(48) PSYoungGen: 30052K(58368K)->17440K(24064K) Eden: 6144K(6144K)->0K(6144K) From: 23908K(52224K)->17440K(17920K)
[1.421s][info][gc,heap        ] GC(48) ParOldGen: 229819K(267776K)->242763K(267776K)
[1.421s][info][gc,metaspace   ] GC(48) Metaspace: 6302K(6464K)->6302K(6464K) NonClass: 5768K(5824K)->5768K(5824K) Class: 533K(640K)->533K(640K)
[1.421s][info][gc             ] GC(48) Pause Young (Allocation Failure) 253M->254M(285M) 21.677ms
[1.421s][info][gc,cpu         ] GC(48) User=0.09s Sys=0.00s Real=0.02s
[1.429s][info][gc,start       ] GC(49) Pause Young (Allocation Failure)
[1.441s][info][gc,heap        ] GC(49) PSYoungGen: 23584K(24064K)->18240K(56320K) Eden: 6144K(6144K)->0K(7168K) From: 17440K(17920K)->18240K(49152K)
[1.441s][info][gc,heap        ] GC(49) ParOldGen: 242763K(267776K)->248163K(267776K)
[1.441s][info][gc,metaspace   ] GC(49) Metaspace: 6302K(6464K)->6302K(6464K) NonClass: 5768K(5824K)->5768K(5824K) Class: 533K(640K)->533K(640K)
[1.441s][info][gc             ] GC(49) Pause Young (Allocation Failure) 260M->260M(316M) 12.292ms
[1.441s][info][gc,cpu         ] GC(49) User=0.00s Sys=0.00s Real=0.01s
[1.449s][info][gc,start       ] GC(50) Pause Young (Allocation Failure)
[1.462s][info][gc,heap        ] GC(50) PSYoungGen: 25408K(56320K)->13408K(58880K) Eden: 7168K(7168K)->0K(7168K) From: 18240K(49152K)->13408K(51712K)
[1.462s][info][gc,heap        ] GC(50) ParOldGen: 248163K(267776K)->260355K(267776K)
[1.462s][info][gc,metaspace   ] GC(50) Metaspace: 6302K(6464K)->6302K(6464K) NonClass: 5768K(5824K)->5768K(5824K) Class: 533K(640K)->533K(640K)
[1.462s][info][gc             ] GC(50) Pause Young (Allocation Failure) 267M->267M(319M) 13.531ms
[1.462s][info][gc,cpu         ] GC(50) User=0.02s Sys=0.00s Real=0.01s
[1.462s][info][gc,start       ] GC(51) Pause Full (Ergonomics)
[1.463s][info][gc,phases,start] GC(51) Marking Phase
[1.526s][info][gc,phases      ] GC(51) Marking Phase 63.913ms
[1.526s][info][gc,phases,start] GC(51) Summary Phase
[1.527s][info][gc,phases      ] GC(51) Summary Phase 0.028ms
[1.527s][info][gc,phases,start] GC(51) Adjust Roots
[1.527s][info][gc,phases      ] GC(51) Adjust Roots 0.191ms
[1.527s][info][gc,phases,start] GC(51) Compaction Phase
[1.558s][info][gc,phases      ] GC(51) Compaction Phase 31.074ms
[1.558s][info][gc,phases,start] GC(51) Post Compact
[1.559s][info][gc,phases      ] GC(51) Post Compact 1.433ms
[1.560s][info][gc,heap        ] GC(51) PSYoungGen: 13408K(58880K)->5587K(58880K) Eden: 0K(7168K)->0K(7168K) From: 13408K(51712K)->5587K(51712K)
[1.560s][info][gc,heap        ] GC(51) ParOldGen: 260355K(267776K)->267505K(308736K)
[1.560s][info][gc,metaspace   ] GC(51) Metaspace: 6302K(6464K)->6302K(6464K) NonClass: 5768K(5824K)->5768K(5824K) Class: 533K(640K)->533K(640K)
[1.560s][info][gc             ] GC(51) Pause Full (Ergonomics) 267M->266M(359M) 97.130ms
[1.560s][info][gc,cpu         ] GC(51) User=0.39s Sys=0.00s Real=0.10s
[1.568s][info][gc,start       ] GC(52) Pause Young (Allocation Failure)
[1.588s][info][gc,heap        ] GC(52) PSYoungGen: 12755K(58880K)->7232K(57344K) Eden: 7168K(7168K)->0K(8192K) From: 5587K(51712K)->7232K(49152K)
[1.588s][info][gc,heap        ] GC(52) ParOldGen: 267505K(308736K)->273209K(308736K)
[1.588s][info][gc,metaspace   ] GC(52) Metaspace: 6302K(6464K)->6302K(6464K) NonClass: 5768K(5824K)->5768K(5824K) Class: 533K(640K)->533K(640K)
[1.588s][info][gc             ] GC(52) Pause Young (Allocation Failure) 273M->273M(357M) 20.345ms
[1.589s][info][gc,cpu         ] GC(52) User=0.09s Sys=0.00s Real=0.02s
[1.598s][info][gc,start       ] GC(53) Pause Young (Allocation Failure)
[1.609s][info][gc,heap        ] GC(53) PSYoungGen: 15424K(57344K)->8288K(58368K) Eden: 8192K(8192K)->0K(8192K) From: 7232K(49152K)->8288K(50176K)
[1.609s][info][gc,heap        ] GC(53) ParOldGen: 273209K(308736K)->280473K(308736K)
[1.609s][info][gc,metaspace   ] GC(53) Metaspace: 6302K(6464K)->6302K(6464K) NonClass: 5768K(5824K)->5768K(5824K) Class: 533K(640K)->533K(640K)
[1.609s][info][gc             ] GC(53) Pause Young (Allocation Failure) 281M->281M(358M) 10.480ms
[1.609s][info][gc,cpu         ] GC(53) User=0.00s Sys=0.00s Real=0.01s
[1.618s][info][gc,start       ] GC(54) Pause Young (Allocation Failure)
[1.628s][info][gc,heap        ] GC(54) PSYoungGen: 16480K(58368K)->8288K(55808K) Eden: 8192K(8192K)->0K(9216K) From: 8288K(50176K)->8288K(46592K)
[1.628s][info][gc,heap        ] GC(54) ParOldGen: 280473K(308736K)->288777K(308736K)
[1.628s][info][gc,metaspace   ] GC(54) Metaspace: 6302K(6464K)->6302K(6464K) NonClass: 5768K(5824K)->5768K(5824K) Class: 533K(640K)->533K(640K)
[1.628s][info][gc             ] GC(54) Pause Young (Allocation Failure) 289M->290M(356M) 10.079ms
[1.628s][info][gc,cpu         ] GC(54) User=0.00s Sys=0.00s Real=0.01s
[1.639s][info][gc,start       ] GC(55) Pause Young (Allocation Failure)
[1.649s][info][gc,heap        ] GC(55) PSYoungGen: 17504K(55808K)->9280K(57344K) Eden: 9216K(9216K)->0K(9216K) From: 8288K(46592K)->9280K(48128K)
[1.649s][info][gc,heap        ] GC(55) ParOldGen: 288777K(308736K)->297089K(308736K)
[1.649s][info][gc,metaspace   ] GC(55) Metaspace: 6302K(6464K)->6302K(6464K) NonClass: 5768K(5824K)->5768K(5824K) Class: 533K(640K)->533K(640K)
[1.649s][info][gc             ] GC(55) Pause Young (Allocation Failure) 299M->299M(357M) 10.172ms
[1.649s][info][gc,cpu         ] GC(55) User=0.00s Sys=0.00s Real=0.01s
[1.649s][info][gc,start       ] GC(56) Pause Full (Ergonomics)
[1.649s][info][gc,phases,start] GC(56) Marking Phase
[1.729s][info][gc,phases      ] GC(56) Marking Phase 80.052ms
[1.729s][info][gc,phases,start] GC(56) Summary Phase
[1.729s][info][gc,phases      ] GC(56) Summary Phase 0.052ms
[1.729s][info][gc,phases,start] GC(56) Adjust Roots
[1.729s][info][gc,phases      ] GC(56) Adjust Roots 0.184ms
[1.729s][info][gc,phases,start] GC(56) Compaction Phase
[1.757s][info][gc,phases      ] GC(56) Compaction Phase 27.813ms
[1.757s][info][gc,phases,start] GC(56) Post Compact
[1.759s][info][gc,phases      ] GC(56) Post Compact 1.470ms
[1.759s][info][gc,heap        ] GC(56) PSYoungGen: 9280K(57344K)->0K(56832K) Eden: 0K(9216K)->0K(10240K) From: 9280K(48128K)->0K(46592K)
[1.759s][info][gc,heap        ] GC(56) ParOldGen: 297089K(308736K)->305737K(346624K)
[1.759s][info][gc,metaspace   ] GC(56) Metaspace: 6302K(6464K)->6302K(6464K) NonClass: 5768K(5824K)->5768K(5824K) Class: 533K(640K)->533K(640K)
[1.759s][info][gc             ] GC(56) Pause Full (Ergonomics) 299M->298M(394M) 110.151ms
[1.759s][info][gc,cpu         ] GC(56) User=0.48s Sys=0.02s Real=0.11s
[1.772s][info][gc,start       ] GC(57) Pause Young (Allocation Failure)
[1.780s][info][gc,heap        ] GC(57) PSYoungGen: 10240K(56832K)->10336K(20992K) Eden: 10240K(10240K)->0K(10240K) From: 0K(46592K)->10336K(10752K)
[1.780s][info][gc,heap        ] GC(57) ParOldGen: 305737K(346624K)->305737K(346624K)
[1.780s][info][gc,metaspace   ] GC(57) Metaspace: 6302K(6464K)->6302K(6464K) NonClass: 5768K(5824K)->5768K(5824K) Class: 533K(640K)->533K(640K)
[1.780s][info][gc             ] GC(57) Pause Young (Allocation Failure) 308M->308M(359M) 7.515ms
[1.780s][info][gc,cpu         ] GC(57) User=0.02s Sys=0.00s Real=0.01s
[1.791s][info][gc,start       ] GC(58) Pause Young (Allocation Failure)
[1.803s][info][gc,heap        ] GC(58) PSYoungGen: 20576K(20992K)->20576K(54784K) Eden: 10240K(10240K)->0K(11776K) From: 10336K(10752K)->20576K(43008K)
[1.803s][info][gc,heap        ] GC(58) ParOldGen: 305737K(346624K)->305737K(346624K)
[1.803s][info][gc,metaspace   ] GC(58) Metaspace: 6302K(6464K)->6302K(6464K) NonClass: 5768K(5824K)->5768K(5824K) Class: 533K(640K)->533K(640K)
[1.803s][info][gc             ] GC(58) Pause Young (Allocation Failure) 318M->318M(392M) 11.940ms
[1.803s][info][gc,cpu         ] GC(58) User=0.00s Sys=0.00s Real=0.01s
[1.818s][info][gc,start       ] GC(59) Pause Young (Allocation Failure)
[1.834s][info][gc,heap        ] GC(59) PSYoungGen: 32352K(54784K)->32352K(55808K) Eden: 11776K(11776K)->0K(11776K) From: 20576K(43008K)->32352K(44032K)
[1.834s][info][gc,heap        ] GC(59) ParOldGen: 305737K(346624K)->305737K(346624K)
[1.834s][info][gc,metaspace   ] GC(59) Metaspace: 6302K(6464K)->6302K(6464K) NonClass: 5768K(5824K)->5768K(5824K) Class: 533K(640K)->533K(640K)
[1.834s][info][gc             ] GC(59) Pause Young (Allocation Failure) 330M->330M(393M) 16.070ms
[1.834s][info][gc,cpu         ] GC(59) User=0.00s Sys=0.00s Real=0.02s
[1.847s][info][gc,start       ] GC(60) Pause Young (Allocation Failure)
[1.867s][info][gc,heap        ] GC(60) PSYoungGen: 44128K(55808K)->44064K(53248K) Eden: 11776K(11776K)->0K(6656K) From: 32352K(44032K)->44064K(46592K)
[1.867s][info][gc,heap        ] GC(60) ParOldGen: 305737K(346624K)->305737K(346624K)
[1.867s][info][gc,metaspace   ] GC(60) Metaspace: 6302K(6464K)->6302K(6464K) NonClass: 5768K(5824K)->5768K(5824K) Class: 533K(640K)->533K(640K)
[1.867s][info][gc             ] GC(60) Pause Young (Allocation Failure) 341M->341M(390M) 20.526ms
[1.867s][info][gc,cpu         ] GC(60) User=0.09s Sys=0.00s Real=0.02s
[1.931s][info][gc,start       ] GC(61) Pause Young (Allocation Failure)
[1.964s][info][gc,heap        ] GC(61) PSYoungGen: 50720K(53248K)->40512K(59904K) Eden: 6656K(6656K)->0K(6656K) From: 44064K(46592K)->40512K(53248K)
[1.964s][info][gc,heap        ] GC(61) ParOldGen: 322121K(346624K)->332505K(346624K)
[1.964s][info][gc,metaspace   ] GC(61) Metaspace: 6302K(6464K)->6302K(6464K) NonClass: 5768K(5824K)->5768K(5824K) Class: 533K(640K)->533K(640K)
[1.964s][info][gc             ] GC(61) Pause Young (Allocation Failure) 364M->364M(397M) 33.083ms
[1.964s][info][gc,cpu         ] GC(61) User=0.11s Sys=0.00s Real=0.03s
[1.964s][info][gc,start       ] GC(62) Pause Full (Ergonomics)
[1.964s][info][gc,phases,start] GC(62) Marking Phase
[2.054s][info][gc,phases      ] GC(62) Marking Phase 89.589ms
[2.054s][info][gc,phases,start] GC(62) Summary Phase
[2.054s][info][gc,phases      ] GC(62) Summary Phase 0.018ms
[2.054s][info][gc,phases,start] GC(62) Adjust Roots
[2.054s][info][gc,phases      ] GC(62) Adjust Roots 0.180ms
[2.054s][info][gc,phases,start] GC(62) Compaction Phase
[2.114s][info][gc,phases      ] GC(62) Compaction Phase 60.351ms
[2.114s][info][gc,phases,start] GC(62) Post Compact
[2.116s][info][gc,phases      ] GC(62) Post Compact 1.867ms
[2.116s][info][gc,heap        ] GC(62) PSYoungGen: 40512K(59904K)->17840K(59904K) Eden: 0K(6656K)->0K(6656K) From: 40512K(53248K)->17840K(53248K)
[2.116s][info][gc,heap        ] GC(62) ParOldGen: 332505K(346624K)->346621K(389120K)
[2.116s][info][gc,metaspace   ] GC(62) Metaspace: 6302K(6464K)->6302K(6464K) NonClass: 5768K(5824K)->5768K(5824K) Class: 533K(640K)->533K(640K)
[2.117s][info][gc             ] GC(62) Pause Full (Ergonomics) 364M->355M(438M) 152.508ms
[2.117s][info][gc,cpu         ] GC(62) User=0.77s Sys=0.02s Real=0.15s
[2.125s][info][gc,start       ] GC(63) Pause Young (Allocation Failure)
[2.152s][info][gc,heap        ] GC(63) PSYoungGen: 24496K(59904K)->24608K(59904K) Eden: 6656K(6656K)->0K(7680K) From: 17840K(53248K)->24608K(52224K)
[2.152s][info][gc,heap        ] GC(63) ParOldGen: 346621K(389120K)->346621K(389120K)
[2.152s][info][gc,metaspace   ] GC(63) Metaspace: 6302K(6464K)->6302K(6464K) NonClass: 5768K(5824K)->5768K(5824K) Class: 533K(640K)->533K(640K)
[2.152s][info][gc             ] GC(63) Pause Young (Allocation Failure) 362M->362M(438M) 26.952ms
[2.152s][info][gc,cpu         ] GC(63) User=0.08s Sys=0.00s Real=0.03s
[2.160s][info][gc,start       ] GC(64) Pause Young (Allocation Failure)
[2.175s][info][gc,heap        ] GC(64) PSYoungGen: 32288K(59904K)->32288K(62464K) Eden: 7680K(7680K)->0K(7680K) From: 24608K(52224K)->32288K(54784K)
[2.175s][info][gc,heap        ] GC(64) ParOldGen: 346621K(389120K)->346621K(389120K)
[2.175s][info][gc,metaspace   ] GC(64) Metaspace: 6302K(6464K)->6302K(6464K) NonClass: 5768K(5824K)->5768K(5824K) Class: 533K(640K)->533K(640K)
[2.175s][info][gc             ] GC(64) Pause Young (Allocation Failure) 370M->370M(441M) 15.988ms
[2.176s][info][gc,cpu         ] GC(64) User=0.00s Sys=0.00s Real=0.02s
[2.184s][info][gc,start       ] GC(65) Pause Young (Allocation Failure)
[2.203s][info][gc,heap        ] GC(65) PSYoungGen: 39968K(62464K)->35360K(62464K) Eden: 7680K(7680K)->0K(7680K) From: 32288K(54784K)->35360K(54784K)
[2.203s][info][gc,heap        ] GC(65) ParOldGen: 346621K(389120K)->351317K(389120K)
[2.203s][info][gc,metaspace   ] GC(65) Metaspace: 6302K(6464K)->6302K(6464K) NonClass: 5768K(5824K)->5768K(5824K) Class: 533K(640K)->533K(640K)
[2.203s][info][gc             ] GC(65) Pause Young (Allocation Failure) 377M->377M(441M) 19.241ms
[2.203s][info][gc,cpu         ] GC(65) User=0.09s Sys=0.00s Real=0.02s
[2.211s][info][gc,start       ] GC(66) Pause Young (Allocation Failure)
[2.232s][info][gc,heap        ] GC(66) PSYoungGen: 43040K(62464K)->38336K(63488K) Eden: 7680K(7680K)->0K(7680K) From: 35360K(54784K)->38336K(55808K)
[2.232s][info][gc,heap        ] GC(66) ParOldGen: 351317K(389120K)->356053K(389120K)
[2.232s][info][gc,metaspace   ] GC(66) Metaspace: 6302K(6464K)->6302K(6464K) NonClass: 5768K(5824K)->5768K(5824K) Class: 533K(640K)->533K(640K)
[2.232s][info][gc             ] GC(66) Pause Young (Allocation Failure) 385M->385M(442M) 20.722ms
[2.232s][info][gc,cpu         ] GC(66) User=0.09s Sys=0.00s Real=0.02s
[2.239s][info][gc,start       ] GC(67) Pause Young (Allocation Failure)
[2.261s][info][gc,heap        ] GC(67) PSYoungGen: 46016K(63488K)->37376K(66048K) Eden: 7680K(7680K)->0K(8192K) From: 38336K(55808K)->37376K(57856K)
[2.261s][info][gc,heap        ] GC(67) ParOldGen: 356053K(389120K)->364781K(389120K)
[2.261s][info][gc,metaspace   ] GC(67) Metaspace: 6302K(6464K)->6302K(6464K) NonClass: 5768K(5824K)->5768K(5824K) Class: 533K(640K)->533K(640K)
[2.261s][info][gc             ] GC(67) Pause Young (Allocation Failure) 392M->392M(444M) 21.662ms
[2.261s][info][gc,cpu         ] GC(67) User=0.09s Sys=0.00s Real=0.02s
[2.270s][info][gc,start       ] GC(68) Pause Young (Allocation Failure)
[2.292s][info][gc,heap        ] GC(68) PSYoungGen: 45568K(66048K)->31264K(39936K) Eden: 8192K(8192K)->0K(8192K) From: 37376K(57856K)->31264K(31744K)
[2.292s][info][gc,heap        ] GC(68) ParOldGen: 364781K(389120K)->379293K(389120K)
[2.292s][info][gc,metaspace   ] GC(68) Metaspace: 6302K(6464K)->6302K(6464K) NonClass: 5768K(5824K)->5768K(5824K) Class: 533K(640K)->533K(640K)
[2.292s][info][gc             ] GC(68) Pause Young (Allocation Failure) 400M->400M(419M) 22.073ms
[2.292s][info][gc,cpu         ] GC(68) User=0.09s Sys=0.00s Real=0.02s
[2.292s][info][gc,start       ] GC(69) Pause Full (Ergonomics)
[2.292s][info][gc,phases,start] GC(69) Marking Phase
[2.391s][info][gc,phases      ] GC(69) Marking Phase 99.002ms
[2.391s][info][gc,phases,start] GC(69) Summary Phase
[2.391s][info][gc,phases      ] GC(69) Summary Phase 0.026ms
[2.391s][info][gc,phases,start] GC(69) Adjust Roots
[2.391s][info][gc,phases      ] GC(69) Adjust Roots 0.186ms
[2.391s][info][gc,phases,start] GC(69) Compaction Phase
[2.432s][info][gc,phases      ] GC(69) Compaction Phase 40.470ms
[2.432s][info][gc,phases,start] GC(69) Post Compact
[2.434s][info][gc,phases      ] GC(69) Post Compact 1.931ms
[2.434s][info][gc,heap        ] GC(69) PSYoungGen: 31264K(39936K)->20890K(39936K) Eden: 0K(8192K)->0K(8192K) From: 31264K(31744K)->20890K(31744K)
[2.434s][info][gc,heap        ] GC(69) ParOldGen: 379293K(389120K)->388953K(435712K)
[2.434s][info][gc,metaspace   ] GC(69) Metaspace: 6302K(6464K)->6302K(6464K) NonClass: 5768K(5824K)->5768K(5824K) Class: 533K(640K)->533K(640K)
[2.434s][info][gc             ] GC(69) Pause Full (Ergonomics) 400M->400M(464M) 142.125ms
[2.434s][info][gc,cpu         ] GC(69) User=0.81s Sys=0.02s Real=0.14s
[2.442s][info][gc,start       ] GC(70) Pause Young (Allocation Failure)
[2.472s][info][gc,heap        ] GC(70) PSYoungGen: 29082K(39936K)->18720K(64512K) Eden: 8192K(8192K)->0K(9728K) From: 20890K(31744K)->18720K(54784K)
[2.472s][info][gc,heap        ] GC(70) ParOldGen: 388953K(435712K)->399593K(435712K)
[2.472s][info][gc,metaspace   ] GC(70) Metaspace: 6302K(6464K)->6302K(6464K) NonClass: 5768K(5824K)->5768K(5824K) Class: 533K(640K)->533K(640K)
[2.472s][info][gc             ] GC(70) Pause Young (Allocation Failure) 408M->408M(488M) 30.047ms
[2.472s][info][gc,cpu         ] GC(70) User=0.06s Sys=0.02s Real=0.03s
[2.483s][info][gc,start       ] GC(71) Pause Young (Allocation Failure)
[2.498s][info][gc,heap        ] GC(71) PSYoungGen: 28448K(64512K)->18016K(65536K) Eden: 9728K(9728K)->0K(9728K) From: 18720K(54784K)->18016K(55808K)
[2.498s][info][gc,heap        ] GC(71) ParOldGen: 399593K(435712K)->410201K(435712K)
[2.498s][info][gc,metaspace   ] GC(71) Metaspace: 6302K(6464K)->6302K(6464K) NonClass: 5768K(5824K)->5768K(5824K) Class: 533K(640K)->533K(640K)
[2.498s][info][gc             ] GC(71) Pause Young (Allocation Failure) 418M->418M(489M) 15.659ms
[2.498s][info][gc,cpu         ] GC(71) User=0.02s Sys=0.00s Real=0.01s
[2.508s][info][gc,start       ] GC(72) Pause Young (Allocation Failure)
[2.524s][info][gc,heap        ] GC(72) PSYoungGen: 27744K(65536K)->9824K(65536K) Eden: 9728K(9728K)->0K(11264K) From: 18016K(55808K)->9824K(54272K)
[2.524s][info][gc,heap        ] GC(72) ParOldGen: 410201K(435712K)->428337K(435712K)
[2.524s][info][gc,metaspace   ] GC(72) Metaspace: 6302K(6464K)->6302K(6464K) NonClass: 5768K(5824K)->5768K(5824K) Class: 533K(640K)->533K(640K)
[2.524s][info][gc             ] GC(72) Pause Young (Allocation Failure) 427M->427M(489M) 15.848ms
[2.524s][info][gc,cpu         ] GC(72) User=0.02s Sys=0.00s Real=0.02s
[2.524s][info][gc,start       ] GC(73) Pause Full (Ergonomics)
[2.524s][info][gc,phases,start] GC(73) Marking Phase
[2.626s][info][gc,phases      ] GC(73) Marking Phase 101.483ms
[2.626s][info][gc,phases,start] GC(73) Summary Phase
[2.626s][info][gc,phases      ] GC(73) Summary Phase 0.019ms
[2.626s][info][gc,phases,start] GC(73) Adjust Roots
[2.626s][info][gc,phases      ] GC(73) Adjust Roots 0.186ms
[2.626s][info][gc,phases,start] GC(73) Compaction Phase
[2.668s][info][gc,phases      ] GC(73) Compaction Phase 42.116ms
[2.668s][info][gc,phases,start] GC(73) Post Compact
[2.670s][info][gc,phases      ] GC(73) Post Compact 2.072ms
[2.671s][info][gc,heap        ] GC(73) PSYoungGen: 9824K(65536K)->2032K(65536K) Eden: 0K(11264K)->0K(11264K) From: 9824K(54272K)->2032K(54272K)
[2.671s][info][gc,heap        ] GC(73) ParOldGen: 428337K(435712K)->435364K(490496K)
[2.671s][info][gc,metaspace   ] GC(73) Metaspace: 6302K(6464K)->6302K(6464K) NonClass: 5768K(5824K)->5768K(5824K) Class: 533K(640K)->533K(640K)
[2.671s][info][gc             ] GC(73) Pause Full (Ergonomics) 427M->427M(543M) 146.427ms
[2.671s][info][gc,cpu         ] GC(73) User=0.73s Sys=0.00s Real=0.15s
[2.683s][info][gc,start       ] GC(74) Pause Young (Allocation Failure)
[2.709s][info][gc,heap        ] GC(74) PSYoungGen: 13296K(65536K)->11360K(65536K) Eden: 11264K(11264K)->0K(11264K) From: 2032K(54272K)->11360K(54272K)
[2.709s][info][gc,heap        ] GC(74) ParOldGen: 435364K(490496K)->437460K(490496K)
[2.709s][info][gc,metaspace   ] GC(74) Metaspace: 6302K(6464K)->6302K(6464K) NonClass: 5768K(5824K)->5768K(5824K) Class: 533K(640K)->533K(640K)
[2.709s][info][gc             ] GC(74) Pause Young (Allocation Failure) 438M->438M(543M) 26.010ms
[2.709s][info][gc,cpu         ] GC(74) User=0.14s Sys=0.02s Real=0.03s
[2.722s][info][gc,start       ] GC(75) Pause Young (Allocation Failure)
[2.734s][info][gc,heap        ] GC(75) PSYoungGen: 22624K(65536K)->22560K(60416K) Eden: 11264K(11264K)->0K(12800K) From: 11360K(54272K)->22560K(47616K)
[2.735s][info][gc,heap        ] GC(75) ParOldGen: 437460K(490496K)->437460K(490496K)
[2.735s][info][gc,metaspace   ] GC(75) Metaspace: 6302K(6464K)->6302K(6464K) NonClass: 5768K(5824K)->5768K(5824K) Class: 533K(640K)->533K(640K)
[2.735s][info][gc             ] GC(75) Pause Young (Allocation Failure) 449M->449M(538M) 13.041ms
[2.735s][info][gc,cpu         ] GC(75) User=0.00s Sys=0.00s Real=0.01s
[2.748s][info][gc,start       ] GC(76) Pause Young (Allocation Failure)
[2.767s][info][gc,heap        ] GC(76) PSYoungGen: 35360K(60416K)->24160K(37376K) Eden: 12800K(12800K)->0K(12800K) From: 22560K(47616K)->24160K(24576K)
[2.767s][info][gc,heap        ] GC(76) ParOldGen: 437460K(490496K)->448884K(490496K)
[2.767s][info][gc,metaspace   ] GC(76) Metaspace: 6302K(6464K)->6302K(6464K) NonClass: 5768K(5824K)->5768K(5824K) Class: 533K(640K)->533K(640K)
[2.767s][info][gc             ] GC(76) Pause Young (Allocation Failure) 461M->461M(515M) 19.219ms
[2.768s][info][gc,cpu         ] GC(76) User=0.06s Sys=0.03s Real=0.02s
[2.782s][info][gc,start       ] GC(77) Pause Young (Allocation Failure)
[2.801s][info][gc,heap        ] GC(77) PSYoungGen: 36960K(37376K)->25664K(59392K) Eden: 12800K(12800K)->0K(14336K) From: 24160K(24576K)->25664K(45056K)
[2.802s][info][gc,heap        ] GC(77) ParOldGen: 448884K(490496K)->460292K(490496K)
[2.802s][info][gc,metaspace   ] GC(77) Metaspace: 6302K(6464K)->6302K(6464K) NonClass: 5768K(5824K)->5768K(5824K) Class: 533K(640K)->533K(640K)
[2.802s][info][gc             ] GC(77) Pause Young (Allocation Failure) 474M->474M(537M) 19.950ms
[2.802s][info][gc,cpu         ] GC(77) User=0.03s Sys=0.05s Real=0.02s
[2.818s][info][gc,start       ] GC(78) Pause Young (Allocation Failure)
[2.840s][info][gc,heap        ] GC(78) PSYoungGen: 40000K(59392K)->27232K(60928K) Eden: 14336K(14336K)->0K(14336K) From: 25664K(45056K)->27232K(46592K)
[2.840s][info][gc,heap        ] GC(78) ParOldGen: 460292K(490496K)->473268K(490496K)
[2.840s][info][gc,metaspace   ] GC(78) Metaspace: 6302K(6464K)->6302K(6464K) NonClass: 5768K(5824K)->5768K(5824K) Class: 533K(640K)->533K(640K)
[2.840s][info][gc             ] GC(78) Pause Young (Allocation Failure) 488M->488M(538M) 21.608ms
[2.840s][info][gc,cpu         ] GC(78) User=0.08s Sys=0.02s Real=0.02s
[2.840s][info][gc,start       ] GC(79) Pause Full (Ergonomics)
[2.840s][info][gc,phases,start] GC(79) Marking Phase
[2.958s][info][gc,phases      ] GC(79) Marking Phase 117.646ms
[2.958s][info][gc,phases,start] GC(79) Summary Phase
[2.958s][info][gc,phases      ] GC(79) Summary Phase 0.020ms
[2.958s][info][gc,phases,start] GC(79) Adjust Roots
[2.958s][info][gc,phases      ] GC(79) Adjust Roots 0.187ms
[2.958s][info][gc,phases,start] GC(79) Compaction Phase
[3.002s][info][gc,phases      ] GC(79) Compaction Phase 43.626ms
[3.002s][info][gc,phases,start] GC(79) Post Compact
[3.004s][info][gc,phases      ] GC(79) Post Compact 2.699ms
[3.005s][info][gc,heap        ] GC(79) PSYoungGen: 27232K(60928K)->9704K(60928K) Eden: 0K(14336K)->0K(14336K) From: 27232K(46592K)->9704K(46592K)
[3.005s][info][gc,heap        ] GC(79) ParOldGen: 473268K(490496K)->489991K(549888K)
[3.005s][info][gc,metaspace   ] GC(79) Metaspace: 6302K(6464K)->6302K(6464K) NonClass: 5768K(5824K)->5768K(5824K) Class: 533K(640K)->533K(640K)
[3.005s][info][gc             ] GC(79) Pause Full (Ergonomics) 488M->487M(596M) 164.768ms
[3.005s][info][gc,cpu         ] GC(79) User=1.00s Sys=0.00s Real=0.16s
[3.020s][info][gc,start       ] GC(80) Pause Young (Allocation Failure)
[3.053s][info][gc,heap        ] GC(80) PSYoungGen: 24040K(60928K)->18752K(58368K) Eden: 14336K(14336K)->0K(15872K) From: 9704K(46592K)->18752K(42496K)
[3.053s][info][gc,heap        ] GC(80) ParOldGen: 489991K(549888K)->495479K(549888K)
[3.053s][info][gc,metaspace   ] GC(80) Metaspace: 6302K(6464K)->6302K(6464K) NonClass: 5768K(5824K)->5768K(5824K) Class: 533K(640K)->533K(640K)
[3.053s][info][gc             ] GC(80) Pause Young (Allocation Failure) 501M->502M(594M) 32.302ms
[3.053s][info][gc,cpu         ] GC(80) User=0.11s Sys=0.00s Real=0.03s
[3.070s][info][gc,start       ] GC(81) Pause Young (Allocation Failure)
[3.088s][info][gc,heap        ] GC(81) PSYoungGen: 34624K(58368K)->34624K(60416K) Eden: 15872K(15872K)->0K(15872K) From: 18752K(42496K)->34624K(44544K)
[3.088s][info][gc,heap        ] GC(81) ParOldGen: 495479K(549888K)->495479K(549888K)
[3.088s][info][gc,metaspace   ] GC(81) Metaspace: 6302K(6464K)->6302K(6464K) NonClass: 5768K(5824K)->5768K(5824K) Class: 533K(640K)->533K(640K)
[3.088s][info][gc             ] GC(81) Pause Young (Allocation Failure) 517M->517M(596M) 18.599ms
[3.088s][info][gc,cpu         ] GC(81) User=0.09s Sys=0.00s Real=0.02s
[3.106s][info][gc,start       ] GC(82) Pause Young (Allocation Failure)
[3.134s][info][gc,heap        ] GC(82) PSYoungGen: 50496K(60416K)->46592K(56832K) Eden: 15872K(15872K)->0K(10240K) From: 34624K(44544K)->46592K(46592K)
[3.134s][info][gc,heap        ] GC(82) ParOldGen: 495479K(549888K)->499391K(549888K)
[3.134s][info][gc,metaspace   ] GC(82) Metaspace: 6302K(6464K)->6302K(6464K) NonClass: 5768K(5824K)->5768K(5824K) Class: 533K(640K)->533K(640K)
[3.134s][info][gc             ] GC(82) Pause Young (Allocation Failure) 533M->533M(592M) 27.901ms
[3.134s][info][gc,cpu         ] GC(82) User=0.09s Sys=0.00s Real=0.03s
[3.146s][info][gc,start       ] GC(83) Pause Young (Allocation Failure)
[3.173s][info][gc,heap        ] GC(83) PSYoungGen: 56832K(56832K)->39776K(64512K) Eden: 10240K(10240K)->0K(10240K) From: 46592K(46592K)->39776K(54272K)
[3.173s][info][gc,heap        ] GC(83) ParOldGen: 499391K(549888K)->516759K(549888K)
[3.173s][info][gc,metaspace   ] GC(83) Metaspace: 6302K(6464K)->6302K(6464K) NonClass: 5768K(5824K)->5768K(5824K) Class: 533K(640K)->533K(640K)
[3.173s][info][gc             ] GC(83) Pause Young (Allocation Failure) 543M->543M(600M) 27.434ms
[3.173s][info][gc,cpu         ] GC(83) User=0.09s Sys=0.00s Real=0.03s
[3.185s][info][gc,start       ] GC(84) Pause Young (Allocation Failure)
[3.211s][info][gc,heap        ] GC(84) PSYoungGen: 50016K(64512K)->35104K(67072K) Eden: 10240K(10240K)->0K(11776K) From: 39776K(54272K)->35104K(55296K)
[3.211s][info][gc,heap        ] GC(84) ParOldGen: 516759K(549888K)->531871K(549888K)
[3.211s][info][gc,metaspace   ] GC(84) Metaspace: 6302K(6464K)->6302K(6464K) NonClass: 5768K(5824K)->5768K(5824K) Class: 533K(640K)->533K(640K)
[3.211s][info][gc             ] GC(84) Pause Young (Allocation Failure) 553M->553M(602M) 26.178ms
[3.211s][info][gc,cpu         ] GC(84) User=0.09s Sys=0.00s Real=0.03s
[3.211s][info][gc,start       ] GC(85) Pause Full (Ergonomics)
[3.211s][info][gc,phases,start] GC(85) Marking Phase
[3.353s][info][gc,phases      ] GC(85) Marking Phase 142.205ms
[3.353s][info][gc,phases,start] GC(85) Summary Phase
[3.353s][info][gc,phases      ] GC(85) Summary Phase 0.023ms
[3.353s][info][gc,phases,start] GC(85) Adjust Roots
[3.354s][info][gc,phases      ] GC(85) Adjust Roots 0.194ms
[3.354s][info][gc,phases,start] GC(85) Compaction Phase
[3.407s][info][gc,phases      ] GC(85) Compaction Phase 53.838ms
[3.408s][info][gc,phases,start] GC(85) Post Compact
[3.409s][info][gc,phases      ] GC(85) Post Compact 1.042ms
[3.409s][info][gc,heap        ] GC(85) PSYoungGen: 35104K(67072K)->16532K(67584K) Eden: 0K(11776K)->0K(12288K) From: 35104K(55296K)->16532K(55296K)
[3.409s][info][gc,heap        ] GC(85) ParOldGen: 531871K(549888K)->549568K(614912K)
[3.409s][info][gc,metaspace   ] GC(85) Metaspace: 6302K(6464K)->6302K(6464K) NonClass: 5768K(5824K)->5768K(5824K) Class: 533K(640K)->533K(640K)
[3.409s][info][gc             ] GC(85) Pause Full (Ergonomics) 553M->552M(666M) 197.951ms
[3.409s][info][gc,cpu         ] GC(85) User=1.00s Sys=0.05s Real=0.20s
[3.424s][info][gc,start       ] GC(86) Pause Young (Allocation Failure)
[3.462s][info][gc,heap        ] GC(86) PSYoungGen: 28820K(67584K)->17664K(68096K) Eden: 12288K(12288K)->0K(12288K) From: 16532K(55296K)->17664K(55808K)
[3.462s][info][gc,heap        ] GC(86) ParOldGen: 549568K(614912K)->561016K(614912K)
[3.462s][info][gc,metaspace   ] GC(86) Metaspace: 6302K(6464K)->6302K(6464K) NonClass: 5768K(5824K)->5768K(5824K) Class: 533K(640K)->533K(640K)
[3.462s][info][gc             ] GC(86) Pause Young (Allocation Failure) 564M->565M(667M) 38.732ms
[3.462s][info][gc,cpu         ] GC(86) User=0.12s Sys=0.00s Real=0.04s
[3.476s][info][gc,start       ] GC(87) Pause Young (Allocation Failure)
[3.493s][info][gc,heap        ] GC(87) PSYoungGen: 29952K(68096K)->24704K(64000K) Eden: 12288K(12288K)->0K(13824K) From: 17664K(55808K)->24704K(50176K)
[3.493s][info][gc,heap        ] GC(87) ParOldGen: 561016K(614912K)->566376K(614912K)
[3.493s][info][gc,metaspace   ] GC(87) Metaspace: 6302K(6464K)->6302K(6464K) NonClass: 5768K(5824K)->5768K(5824K) Class: 533K(640K)->533K(640K)
[3.493s][info][gc             ] GC(87) Pause Young (Allocation Failure) 577M->577M(663M) 17.393ms
[3.493s][info][gc,cpu         ] GC(87) User=0.03s Sys=0.00s Real=0.02s
[3.509s][info][gc,start       ] GC(88) Pause Young (Allocation Failure)
[3.530s][info][gc,heap        ] GC(88) PSYoungGen: 38528K(64000K)->26176K(66560K) Eden: 13824K(13824K)->0K(13824K) From: 24704K(50176K)->26176K(52736K)
[3.530s][info][gc,heap        ] GC(88) ParOldGen: 566376K(614912K)->578840K(614912K)
[3.530s][info][gc,metaspace   ] GC(88) Metaspace: 6302K(6464K)->6302K(6464K) NonClass: 5768K(5824K)->5768K(5824K) Class: 533K(640K)->533K(640K)
[3.530s][info][gc             ] GC(88) Pause Young (Allocation Failure) 590M->590M(665M) 20.875ms
[3.530s][info][gc,cpu         ] GC(88) User=0.08s Sys=0.02s Real=0.02s
[3.546s][info][gc,start       ] GC(89) Pause Young (Allocation Failure)
[3.567s][info][gc,heap        ] GC(89) PSYoungGen: 40000K(66560K)->27712K(62464K) Eden: 13824K(13824K)->0K(15872K) From: 26176K(52736K)->27712K(46592K)
[3.567s][info][gc,heap        ] GC(89) ParOldGen: 578840K(614912K)->591312K(614912K)
[3.567s][info][gc,metaspace   ] GC(89) Metaspace: 6302K(6464K)->6302K(6464K) NonClass: 5768K(5824K)->5768K(5824K) Class: 533K(640K)->533K(640K)
[3.567s][info][gc             ] GC(89) Pause Young (Allocation Failure) 604M->604M(661M) 21.895ms
[3.568s][info][gc,cpu         ] GC(89) User=0.08s Sys=0.02s Real=0.02s
[3.588s][info][gc,start       ] GC(90) Pause Young (Allocation Failure)
[3.612s][info][gc,heap        ] GC(90) PSYoungGen: 43584K(62464K)->29760K(64512K) Eden: 15872K(15872K)->0K(15872K) From: 27712K(46592K)->29760K(48640K)
[3.612s][info][gc,heap        ] GC(90) ParOldGen: 591312K(614912K)->605344K(614912K)
[3.612s][info][gc,metaspace   ] GC(90) Metaspace: 6302K(6464K)->6302K(6464K) NonClass: 5768K(5824K)->5768K(5824K) Class: 533K(640K)->533K(640K)
[3.612s][info][gc             ] GC(90) Pause Young (Allocation Failure) 620M->620M(663M) 24.709ms
[3.612s][info][gc,cpu         ] GC(90) User=0.08s Sys=0.03s Real=0.02s
[3.612s][info][gc,start       ] GC(91) Pause Full (Ergonomics)
[3.612s][info][gc,phases,start] GC(91) Marking Phase
[3.782s][info][gc,phases      ] GC(91) Marking Phase 169.520ms
[3.782s][info][gc,phases,start] GC(91) Summary Phase
[3.782s][info][gc,phases      ] GC(91) Summary Phase 0.025ms
[3.782s][info][gc,phases,start] GC(91) Adjust Roots
[3.782s][info][gc,phases      ] GC(91) Adjust Roots 0.195ms
[3.782s][info][gc,phases,start] GC(91) Compaction Phase
[3.844s][info][gc,phases      ] GC(91) Compaction Phase 61.328ms
[3.844s][info][gc,phases,start] GC(91) Post Compact
[3.845s][info][gc,phases      ] GC(91) Post Compact 1.129ms
[3.845s][info][gc,heap        ] GC(91) PSYoungGen: 29760K(64512K)->19417K(64512K) Eden: 0K(15872K)->0K(15872K) From: 29760K(48640K)->19417K(48640K)
[3.845s][info][gc,heap        ] GC(91) ParOldGen: 605344K(614912K)->614633K(684544K)
[3.845s][info][gc,metaspace   ] GC(91) Metaspace: 6302K(6464K)->6302K(6464K) NonClass: 5768K(5824K)->5768K(5824K) Class: 533K(640K)->533K(640K)
[3.845s][info][gc             ] GC(91) Pause Full (Ergonomics) 620M->619M(731M) 232.814ms
[3.845s][info][gc,cpu         ] GC(91) User=1.20s Sys=0.02s Real=0.23s
[3.865s][info][gc,start       ] GC(92) Pause Young (Allocation Failure)
[3.910s][info][gc,heap        ] GC(92) PSYoungGen: 35289K(64512K)->26624K(61952K) Eden: 15872K(15872K)->0K(17920K) From: 19417K(48640K)->26624K(44032K)
[3.911s][info][gc,heap        ] GC(92) ParOldGen: 614633K(684544K)->623577K(684544K)
[3.911s][info][gc,metaspace   ] GC(92) Metaspace: 6302K(6464K)->6302K(6464K) NonClass: 5768K(5824K)->5768K(5824K) Class: 533K(640K)->533K(640K)
[3.911s][info][gc             ] GC(92) Pause Young (Allocation Failure) 634M->634M(729M) 45.268ms
[3.911s][info][gc,cpu         ] GC(92) User=0.20s Sys=0.00s Real=0.05s
[3.931s][info][gc,start       ] GC(93) Pause Young (Allocation Failure)
[3.956s][info][gc,heap        ] GC(93) PSYoungGen: 44544K(61952K)->44512K(63488K) Eden: 17920K(17920K)->0K(17920K) From: 26624K(44032K)->44512K(45568K)
[3.956s][info][gc,heap        ] GC(93) ParOldGen: 623577K(684544K)->623577K(684544K)
[3.956s][info][gc,metaspace   ] GC(93) Metaspace: 6302K(6464K)->6302K(6464K) NonClass: 5768K(5824K)->5768K(5824K) Class: 533K(640K)->533K(640K)
[3.956s][info][gc             ] GC(93) Pause Young (Allocation Failure) 652M->652M(730M) 25.285ms
[3.956s][info][gc,cpu         ] GC(93) User=0.09s Sys=0.00s Real=0.02s
[3.978s][info][gc,start       ] GC(94) Pause Young (Allocation Failure)
[4.015s][info][gc,heap        ] GC(94) PSYoungGen: 62432K(63488K)->50176K(59904K) Eden: 17920K(17920K)->0K(9728K) From: 44512K(45568K)->50176K(50176K)
[4.015s][info][gc,heap        ] GC(94) ParOldGen: 623577K(684544K)->636017K(684544K)
[4.015s][info][gc,metaspace   ] GC(94) Metaspace: 6302K(6464K)->6302K(6464K) NonClass: 5768K(5824K)->5768K(5824K) Class: 533K(640K)->533K(640K)
[4.015s][info][gc             ] GC(94) Pause Young (Allocation Failure) 669M->670M(727M) 36.739ms
[4.015s][info][gc,cpu         ] GC(94) User=0.11s Sys=0.00s Real=0.04s
[4.028s][info][gc,start       ] GC(95) Pause Young (Allocation Failure)
[4.060s][info][gc,heap        ] GC(95) PSYoungGen: 59904K(59904K)->27040K(36864K) Eden: 9728K(9728K)->0K(9728K) From: 50176K(50176K)->27040K(27136K)
[4.060s][info][gc,heap        ] GC(95) ParOldGen: 636017K(684544K)->669385K(684544K)
[4.060s][info][gc,metaspace   ] GC(95) Metaspace: 6302K(6464K)->6302K(6464K) NonClass: 5768K(5824K)->5768K(5824K) Class: 533K(640K)->533K(640K)
[4.060s][info][gc             ] GC(95) Pause Young (Allocation Failure) 679M->680M(704M) 32.110ms
[4.060s][info][gc,cpu         ] GC(95) User=0.05s Sys=0.05s Real=0.03s
[4.060s][info][gc,start       ] GC(96) Pause Full (Ergonomics)
[4.060s][info][gc,phases,start] GC(96) Marking Phase
[4.242s][info][gc,phases      ] GC(96) Marking Phase 182.046ms
[4.242s][info][gc,phases,start] GC(96) Summary Phase
[4.242s][info][gc,phases      ] GC(96) Summary Phase 0.029ms
[4.242s][info][gc,phases,start] GC(96) Adjust Roots
[4.243s][info][gc,phases      ] GC(96) Adjust Roots 0.254ms
[4.243s][info][gc,phases,start] GC(96) Compaction Phase
[4.307s][info][gc,phases      ] GC(96) Compaction Phase 64.453ms
[4.307s][info][gc,phases,start] GC(96) Post Compact
[4.308s][info][gc,phases      ] GC(96) Post Compact 1.157ms
[4.309s][info][gc,heap        ] GC(96) PSYoungGen: 27040K(36864K)->11024K(36864K) Eden: 0K(9728K)->0K(9728K) From: 27040K(27136K)->11024K(27136K)
[4.309s][info][gc,heap        ] GC(96) ParOldGen: 669385K(684544K)->684342K(765440K)
[4.309s][info][gc,metaspace   ] GC(96) Metaspace: 6302K(6464K)->6302K(6464K) NonClass: 5768K(5824K)->5768K(5824K) Class: 533K(640K)->533K(640K)
[4.309s][info][gc             ] GC(96) Pause Full (Ergonomics) 680M->679M(783M) 248.652ms
[4.309s][info][gc,cpu         ] GC(96) User=1.27s Sys=0.05s Real=0.25s
[4.322s][info][gc,start       ] GC(97) Pause Young (Allocation Failure)
[4.363s][info][gc,heap        ] GC(97) PSYoungGen: 20752K(36864K)->13088K(69120K) Eden: 9728K(9728K)->0K(10752K) From: 11024K(27136K)->13088K(58368K)
[4.363s][info][gc,heap        ] GC(97) ParOldGen: 684342K(765440K)->692246K(765440K)
[4.363s][info][gc,metaspace   ] GC(97) Metaspace: 6302K(6464K)->6302K(6464K) NonClass: 5768K(5824K)->5768K(5824K) Class: 533K(640K)->533K(640K)
[4.363s][info][gc             ] GC(97) Pause Young (Allocation Failure) 688M->688M(815M) 41.100ms
[4.363s][info][gc,cpu         ] GC(97) User=0.19s Sys=0.00s Real=0.04s
[4.522s][info][gc,start       ] GC(98) Pause Young (Allocation Failure)
[4.555s][info][gc,heap        ] GC(98) PSYoungGen: 23840K(69120K)->23808K(69632K) Eden: 10752K(10752K)->0K(10752K) From: 13088K(58368K)->23808K(58880K)
[4.555s][info][gc,heap        ] GC(98) ParOldGen: 725014K(765440K)->725014K(765440K)
[4.555s][info][gc,metaspace   ] GC(98) Metaspace: 6302K(6464K)->6302K(6464K) NonClass: 5768K(5824K)->5768K(5824K) Class: 533K(640K)->533K(640K)
[4.555s][info][gc             ] GC(98) Pause Young (Allocation Failure) 731M->731M(815M) 32.781ms
[4.555s][info][gc,cpu         ] GC(98) User=0.12s Sys=0.00s Real=0.03s
[4.566s][info][gc,start       ] GC(99) Pause Young (Allocation Failure)
[4.587s][info][gc,heap        ] GC(99) PSYoungGen: 34560K(69632K)->34592K(67584K) Eden: 10752K(10752K)->0K(12288K) From: 23808K(58880K)->34592K(55296K)
[4.587s][info][gc,heap        ] GC(99) ParOldGen: 725014K(765440K)->725014K(765440K)
[4.587s][info][gc,metaspace   ] GC(99) Metaspace: 6302K(6464K)->6302K(6464K) NonClass: 5768K(5824K)->5768K(5824K) Class: 533K(640K)->533K(640K)
[4.587s][info][gc             ] GC(99) Pause Young (Allocation Failure) 741M->741M(813M) 20.299ms
[4.587s][info][gc,cpu         ] GC(99) User=0.02s Sys=0.00s Real=0.02s
[4.599s][info][gc,start       ] GC(100) Pause Young (Allocation Failure)
[4.625s][info][gc,heap        ] GC(100) PSYoungGen: 46880K(67584K)->46848K(68608K) Eden: 12288K(12288K)->0K(12288K) From: 34592K(55296K)->46848K(56320K)
[4.625s][info][gc,heap        ] GC(100) ParOldGen: 725014K(765440K)->725014K(765440K)
[4.625s][info][gc,metaspace   ] GC(100) Metaspace: 6302K(6464K)->6302K(6464K) NonClass: 5768K(5824K)->5768K(5824K) Class: 533K(640K)->533K(640K)
[4.625s][info][gc             ] GC(100) Pause Young (Allocation Failure) 753M->753M(814M) 25.500ms
[4.625s][info][gc,cpu         ] GC(100) User=0.03s Sys=0.00s Real=0.03s
[4.638s][info][gc,start       ] GC(101) Pause Young (Allocation Failure)
[4.669s][info][gc,heap        ] GC(101) PSYoungGen: 59136K(68608K)->55904K(67584K) Eden: 12288K(12288K)->0K(7680K) From: 46848K(56320K)->55904K(59904K)
[4.670s][info][gc,heap        ] GC(101) ParOldGen: 725014K(765440K)->728350K(765440K)
[4.670s][info][gc,metaspace   ] GC(101) Metaspace: 6302K(6464K)->6302K(6464K) NonClass: 5768K(5824K)->5768K(5824K) Class: 533K(640K)->533K(640K)
[4.670s][info][gc             ] GC(101) Pause Young (Allocation Failure) 765M->765M(813M) 31.678ms
[4.670s][info][gc,cpu         ] GC(101) User=0.06s Sys=0.00s Real=0.03s
[4.678s][info][gc,start       ] GC(102) Pause Young (Allocation Failure)
[4.709s][info][gc,heap        ] GC(102) PSYoungGen: 63584K(67584K)->53856K(73728K) Eden: 7680K(7680K)->0K(7680K) From: 55904K(59904K)->53856K(66048K)
[4.709s][info][gc,heap        ] GC(102) ParOldGen: 728350K(765440K)->738214K(765440K)
[4.709s][info][gc,metaspace   ] GC(102) Metaspace: 6302K(6464K)->6302K(6464K) NonClass: 5768K(5824K)->5768K(5824K) Class: 533K(640K)->533K(640K)
[4.709s][info][gc             ] GC(102) Pause Young (Allocation Failure) 773M->773M(819M) 31.368ms
[4.709s][info][gc,cpu         ] GC(102) User=0.08s Sys=0.03s Real=0.03s
[4.717s][info][gc,start       ] GC(103) Pause Young (Allocation Failure)
[4.749s][info][gc,heap        ] GC(103) PSYoungGen: 61536K(73728K)->40000K(75776K) Eden: 7680K(7680K)->0K(8704K) From: 53856K(66048K)->40000K(67072K)
[4.749s][info][gc,heap        ] GC(103) ParOldGen: 738214K(765440K)->759982K(765440K)
[4.749s][info][gc,metaspace   ] GC(103) Metaspace: 6302K(6464K)->6302K(6464K) NonClass: 5768K(5824K)->5768K(5824K) Class: 533K(640K)->533K(640K)
[4.749s][info][gc             ] GC(103) Pause Young (Allocation Failure) 781M->781M(821M) 31.909ms
[4.749s][info][gc,cpu         ] GC(103) User=0.06s Sys=0.00s Real=0.03s
[4.749s][info][gc,start       ] GC(104) Pause Full (Ergonomics)
[4.749s][info][gc,phases,start] GC(104) Marking Phase
[4.945s][info][gc,phases      ] GC(104) Marking Phase 195.832ms
[4.945s][info][gc,phases,start] GC(104) Summary Phase
[4.945s][info][gc,phases      ] GC(104) Summary Phase 0.024ms
[4.945s][info][gc,phases,start] GC(104) Adjust Roots
[4.946s][info][gc,phases      ] GC(104) Adjust Roots 0.184ms
[4.946s][info][gc,phases,start] GC(104) Compaction Phase
[5.077s][info][gc,phases      ] GC(104) Compaction Phase 131.381ms
[5.077s][info][gc,phases,start] GC(104) Post Compact
[5.079s][info][gc,phases      ] GC(104) Post Compact 1.595ms
[5.079s][info][gc,heap        ] GC(104) PSYoungGen: 40000K(75776K)->17334K(77312K) Eden: 0K(8704K)->0K(10240K) From: 40000K(67072K)->17334K(67072K)
[5.079s][info][gc,heap        ] GC(104) ParOldGen: 759982K(765440K)->765360K(849920K)
[5.079s][info][gc,metaspace   ] GC(104) Metaspace: 6302K(6464K)->6302K(6464K) NonClass: 5768K(5824K)->5768K(5824K) Class: 533K(640K)->533K(640K)
[5.079s][info][gc             ] GC(104) Pause Full (Ergonomics) 781M->764M(905M) 329.615ms
[5.079s][info][gc,cpu         ] GC(104) User=1.62s Sys=0.00s Real=0.33s
[5.092s][info][gc,start       ] GC(105) Pause Young (Allocation Failure)
[5.139s][info][gc,heap        ] GC(105) PSYoungGen: 27574K(77312K)->18176K(78848K) Eden: 10240K(10240K)->0K(10240K) From: 17334K(67072K)->18176K(68608K)
[5.139s][info][gc,heap        ] GC(105) ParOldGen: 765360K(849920K)->775008K(849920K)
[5.139s][info][gc,metaspace   ] GC(105) Metaspace: 6302K(6464K)->6302K(6464K) NonClass: 5768K(5824K)->5768K(5824K) Class: 533K(640K)->533K(640K)
[5.139s][info][gc             ] GC(105) Pause Young (Allocation Failure) 774M->774M(907M) 47.395ms
[5.139s][info][gc,cpu         ] GC(105) User=0.16s Sys=0.00s Real=0.05s
[5.150s][info][gc,start       ] GC(106) Pause Young (Allocation Failure)
[5.168s][info][gc,heap        ] GC(106) PSYoungGen: 28416K(78848K)->24256K(76800K) Eden: 10240K(10240K)->0K(11776K) From: 18176K(68608K)->24256K(65024K)
[5.168s][info][gc,heap        ] GC(106) ParOldGen: 775008K(849920K)->779272K(849920K)
[5.168s][info][gc,metaspace   ] GC(106) Metaspace: 6302K(6464K)->6302K(6464K) NonClass: 5768K(5824K)->5768K(5824K) Class: 533K(640K)->533K(640K)
[5.168s][info][gc             ] GC(106) Pause Young (Allocation Failure) 784M->784M(905M) 17.870ms
[5.168s][info][gc,cpu         ] GC(106) User=0.02s Sys=0.00s Real=0.02s
[5.180s][info][gc,start       ] GC(107) Pause Young (Allocation Failure)
[5.200s][info][gc,heap        ] GC(107) PSYoungGen: 36032K(76800K)->22112K(78336K) Eden: 11776K(11776K)->0K(11776K) From: 24256K(65024K)->22112K(66560K)
[5.200s][info][gc,heap        ] GC(107) ParOldGen: 779272K(849920K)->793352K(849920K)
[5.200s][info][gc,metaspace   ] GC(107) Metaspace: 6302K(6464K)->6302K(6464K) NonClass: 5768K(5824K)->5768K(5824K) Class: 533K(640K)->533K(640K)
[5.200s][info][gc             ] GC(107) Pause Young (Allocation Failure) 796M->796M(906M) 20.850ms
[5.201s][info][gc,cpu         ] GC(107) User=0.02s Sys=0.00s Real=0.02s
[5.212s][info][gc,start       ] GC(108) Pause Young (Allocation Failure)
[5.232s][info][gc,heap        ] GC(108) PSYoungGen: 33888K(78336K)->11872K(78848K) Eden: 11776K(11776K)->0K(13312K) From: 22112K(66560K)->11872K(65536K)
[5.232s][info][gc,heap        ] GC(108) ParOldGen: 793352K(849920K)->815640K(849920K)
[5.232s][info][gc,metaspace   ] GC(108) Metaspace: 6302K(6464K)->6302K(6464K) NonClass: 5768K(5824K)->5768K(5824K) Class: 533K(640K)->533K(640K)
[5.232s][info][gc             ] GC(108) Pause Young (Allocation Failure) 807M->808M(907M) 20.049ms
[5.232s][info][gc,cpu         ] GC(108) User=0.05s Sys=0.00s Real=0.02s
[5.247s][info][gc,start       ] GC(109) Pause Young (Allocation Failure)
[5.264s][info][gc,heap        ] GC(109) PSYoungGen: 25184K(78848K)->13408K(78848K) Eden: 13312K(13312K)->0K(13312K) From: 11872K(65536K)->13408K(65536K)
[5.264s][info][gc,heap        ] GC(109) ParOldGen: 815640K(849920K)->827576K(849920K)
[5.264s][info][gc,metaspace   ] GC(109) Metaspace: 6302K(6464K)->6302K(6464K) NonClass: 5768K(5824K)->5768K(5824K) Class: 533K(640K)->533K(640K)
[5.264s][info][gc             ] GC(109) Pause Young (Allocation Failure) 821M->821M(907M) 16.988ms
[5.264s][info][gc,cpu         ] GC(109) User=0.03s Sys=0.00s Real=0.02s
[5.264s][info][gc,start       ] GC(110) Pause Full (Ergonomics)
[5.264s][info][gc,phases,start] GC(110) Marking Phase
[5.467s][info][gc,phases      ] GC(110) Marking Phase 203.540ms
[5.468s][info][gc,phases,start] GC(110) Summary Phase
[5.468s][info][gc,phases      ] GC(110) Summary Phase 0.039ms
[5.468s][info][gc,phases,start] GC(110) Adjust Roots
[5.468s][info][gc,phases      ] GC(110) Adjust Roots 0.188ms
[5.468s][info][gc,phases,start] GC(110) Compaction Phase
[5.555s][info][gc,phases      ] GC(110) Compaction Phase 86.819ms
[5.555s][info][gc,phases,start] GC(110) Post Compact
[5.556s][info][gc,phases      ] GC(110) Post Compact 1.532ms
[5.557s][info][gc,heap        ] GC(110) PSYoungGen: 13408K(78848K)->0K(80384K) Eden: 0K(13312K)->0K(15360K) From: 13408K(65536K)->0K(65024K)
[5.557s][info][gc,heap        ] GC(110) ParOldGen: 827576K(849920K)->839872K(931328K)
[5.557s][info][gc,metaspace   ] GC(110) Metaspace: 6302K(6464K)->6302K(6464K) NonClass: 5768K(5824K)->5768K(5824K) Class: 533K(640K)->533K(640K)
[5.557s][info][gc             ] GC(110) Pause Full (Ergonomics) 821M->820M(988M) 292.793ms
[5.557s][info][gc,cpu         ] GC(110) User=1.53s Sys=0.00s Real=0.29s
[5.575s][info][gc,start       ] GC(111) Pause Young (Allocation Failure)
[5.589s][info][gc,heap        ] GC(111) PSYoungGen: 15360K(80384K)->15424K(80384K) Eden: 15360K(15360K)->0K(15360K) From: 0K(65024K)->15424K(65024K)
[5.589s][info][gc,heap        ] GC(111) ParOldGen: 839872K(931328K)->839872K(931328K)
[5.589s][info][gc,metaspace   ] GC(111) Metaspace: 6302K(6464K)->6302K(6464K) NonClass: 5768K(5824K)->5768K(5824K) Class: 533K(640K)->533K(640K)
[5.589s][info][gc             ] GC(111) Pause Young (Allocation Failure) 835M->835M(988M) 13.862ms
[5.589s][info][gc,cpu         ] GC(111) User=0.00s Sys=0.00s Real=0.01s
[5.605s][info][gc,start       ] GC(112) Pause Young (Allocation Failure)
[5.624s][info][gc,heap        ] GC(112) PSYoungGen: 30784K(80384K)->30816K(76288K) Eden: 15360K(15360K)->0K(16896K) From: 15424K(65024K)->30816K(59392K)
[5.624s][info][gc,heap        ] GC(112) ParOldGen: 839872K(931328K)->839872K(931328K)
[5.624s][info][gc,metaspace   ] GC(112) Metaspace: 6302K(6464K)->6302K(6464K) NonClass: 5768K(5824K)->5768K(5824K) Class: 533K(640K)->533K(640K)
[5.624s][info][gc             ] GC(112) Pause Young (Allocation Failure) 850M->850M(984M) 18.917ms
[5.624s][info][gc,cpu         ] GC(112) User=0.03s Sys=0.00s Real=0.02s
[5.642s][info][gc,start       ] GC(113) Pause Young (Allocation Failure)
[5.667s][info][gc,heap        ] GC(113) PSYoungGen: 47712K(76288K)->47744K(78336K) Eden: 16896K(16896K)->0K(16896K) From: 30816K(59392K)->47744K(61440K)
[5.667s][info][gc,heap        ] GC(113) ParOldGen: 839872K(931328K)->839872K(931328K)
[5.667s][info][gc,metaspace   ] GC(113) Metaspace: 6302K(6464K)->6302K(6464K) NonClass: 5768K(5824K)->5768K(5824K) Class: 533K(640K)->533K(640K)
[5.667s][info][gc             ] GC(113) Pause Young (Allocation Failure) 866M->866M(986M) 25.315ms
[5.667s][info][gc,cpu         ] GC(113) User=0.03s Sys=0.00s Real=0.03s
[5.685s][info][gc,start       ] GC(114) Pause Young (Allocation Failure)
[5.718s][info][gc,heap        ] GC(114) PSYoungGen: 64640K(78336K)->49280K(80896K) Eden: 16896K(16896K)->0K(15360K) From: 47744K(61440K)->49280K(65536K)
[5.718s][info][gc,heap        ] GC(114) ParOldGen: 839872K(931328K)->855432K(931328K)
[5.718s][info][gc,metaspace   ] GC(114) Metaspace: 6302K(6464K)->6302K(6464K) NonClass: 5768K(5824K)->5768K(5824K) Class: 533K(640K)->533K(640K)
[5.718s][info][gc             ] GC(114) Pause Young (Allocation Failure) 883M->883M(988M) 33.033ms
[5.718s][info][gc,cpu         ] GC(114) User=0.12s Sys=0.00s Real=0.03s
[5.735s][info][gc,start       ] GC(115) Pause Young (Allocation Failure)
[5.769s][info][gc,heap        ] GC(115) PSYoungGen: 64640K(80896K)->49248K(84480K) Eden: 15360K(15360K)->0K(15360K) From: 49280K(65536K)->49248K(69120K)
[5.769s][info][gc,heap        ] GC(115) ParOldGen: 855432K(931328K)->871016K(931328K)
[5.769s][info][gc,metaspace   ] GC(115) Metaspace: 6302K(6464K)->6302K(6464K) NonClass: 5768K(5824K)->5768K(5824K) Class: 533K(640K)->533K(640K)
[5.769s][info][gc             ] GC(115) Pause Young (Allocation Failure) 898M->898M(992M) 33.859ms
[5.769s][info][gc,cpu         ] GC(115) User=0.11s Sys=0.02s Real=0.03s
[5.785s][info][gc,start       ] GC(116) Pause Young (Allocation Failure)
[5.819s][info][gc,heap        ] GC(116) PSYoungGen: 64608K(84480K)->47712K(87552K) Eden: 15360K(15360K)->0K(15872K) From: 49248K(69120K)->47712K(71680K)
[5.819s][info][gc,heap        ] GC(116) ParOldGen: 871016K(931328K)->888160K(931328K)
[5.819s][info][gc,metaspace   ] GC(116) Metaspace: 6302K(6464K)->6302K(6464K) NonClass: 5768K(5824K)->5768K(5824K) Class: 533K(640K)->533K(640K)
[5.819s][info][gc             ] GC(116) Pause Young (Allocation Failure) 913M->913M(995M) 33.933ms
[5.819s][info][gc,cpu         ] GC(116) User=0.12s Sys=0.05s Real=0.03s
[5.837s][info][gc,start       ] GC(117) Pause Young (Allocation Failure)
[5.871s][info][gc,heap        ] GC(117) PSYoungGen: 63584K(87552K)->31328K(47616K) Eden: 15872K(15872K)->0K(15872K) From: 47712K(71680K)->31328K(31744K)
[5.871s][info][gc,heap        ] GC(117) ParOldGen: 888160K(931328K)->920832K(931328K)
[5.871s][info][gc,metaspace   ] GC(117) Metaspace: 6302K(6464K)->6302K(6464K) NonClass: 5768K(5824K)->5768K(5824K) Class: 533K(640K)->533K(640K)
[5.871s][info][gc             ] GC(117) Pause Young (Allocation Failure) 929M->929M(956M) 34.151ms
[5.871s][info][gc,cpu         ] GC(117) User=0.19s Sys=0.00s Real=0.03s
[5.871s][info][gc,start       ] GC(118) Pause Full (Ergonomics)
[5.871s][info][gc,phases,start] GC(118) Marking Phase
[6.106s][info][gc,phases      ] GC(118) Marking Phase 235.274ms
[6.106s][info][gc,phases,start] GC(118) Summary Phase
[6.106s][info][gc,phases      ] GC(118) Summary Phase 0.023ms
[6.106s][info][gc,phases,start] GC(118) Adjust Roots
[6.107s][info][gc,phases      ] GC(118) Adjust Roots 0.211ms
[6.107s][info][gc,phases,start] GC(118) Compaction Phase
[6.195s][info][gc,phases      ] GC(118) Compaction Phase 88.718ms
[6.195s][info][gc,phases,start] GC(118) Post Compact
[6.197s][info][gc,phases      ] GC(118) Post Compact 1.808ms
[6.198s][info][gc,heap        ] GC(118) PSYoungGen: 31328K(47616K)->19925K(47616K) Eden: 0K(15872K)->0K(15872K) From: 31328K(31744K)->19925K(31744K)
[6.198s][info][gc,heap        ] GC(118) ParOldGen: 920832K(931328K)->930823K(1036800K)
[6.198s][info][gc,metaspace   ] GC(118) Metaspace: 6302K(6464K)->6302K(6464K) NonClass: 5768K(5824K)->5768K(5824K) Class: 533K(640K)->533K(640K)
[6.198s][info][gc             ] GC(118) Pause Full (Ergonomics) 929M->928M(1059M) 326.840ms
[6.198s][info][gc,cpu         ] GC(118) User=1.66s Sys=0.03s Real=0.33s
[6.216s][info][gc,start       ] GC(119) Pause Young (Allocation Failure)
[6.277s][info][gc,heap        ] GC(119) PSYoungGen: 35797K(47616K)->16000K(86528K) Eden: 15872K(15872K)->0K(17920K) From: 19925K(31744K)->16000K(68608K)
[6.277s][info][gc,heap        ] GC(119) ParOldGen: 930823K(1036800K)->951063K(1036800K)
[6.277s][info][gc,metaspace   ] GC(119) Metaspace: 6302K(6464K)->6302K(6464K) NonClass: 5768K(5824K)->5768K(5824K) Class: 533K(640K)->533K(640K)
[6.277s][info][gc             ] GC(119) Pause Young (Allocation Failure) 943M->944M(1097M) 60.751ms
[6.277s][info][gc,cpu         ] GC(119) User=0.27s Sys=0.00s Real=0.06s
[6.296s][info][gc,start       ] GC(120) Pause Young (Allocation Failure)
[6.318s][info][gc,heap        ] GC(120) PSYoungGen: 33920K(86528K)->17984K(87552K) Eden: 17920K(17920K)->0K(17920K) From: 16000K(68608K)->17984K(69632K)
[6.319s][info][gc,heap        ] GC(120) ParOldGen: 951063K(1036800K)->967143K(1036800K)
[6.319s][info][gc,metaspace   ] GC(120) Metaspace: 6302K(6464K)->6302K(6464K) NonClass: 5768K(5824K)->5768K(5824K) Class: 533K(640K)->533K(640K)
[6.319s][info][gc             ] GC(120) Pause Young (Allocation Failure) 961M->962M(1098M) 22.219ms
[6.319s][info][gc,cpu         ] GC(120) User=0.03s Sys=0.00s Real=0.02s
[6.338s][info][gc,start       ] GC(121) Pause Young (Allocation Failure)
[6.360s][info][gc,heap        ] GC(121) PSYoungGen: 35904K(87552K)->18016K(85504K) Eden: 17920K(17920K)->0K(19968K) From: 17984K(69632K)->18016K(65536K)
[6.361s][info][gc,heap        ] GC(121) ParOldGen: 967143K(1036800K)->985327K(1036800K)
[6.361s][info][gc,metaspace   ] GC(121) Metaspace: 6302K(6464K)->6302K(6464K) NonClass: 5768K(5824K)->5768K(5824K) Class: 533K(640K)->533K(640K)
[6.361s][info][gc             ] GC(121) Pause Young (Allocation Failure) 979M->979M(1096M) 22.455ms
[6.361s][info][gc,cpu         ] GC(121) User=0.11s Sys=0.00s Real=0.02s
[6.383s][info][gc,start       ] GC(122) Pause Young (Allocation Failure)
[6.406s][info][gc,heap        ] GC(122) PSYoungGen: 37984K(85504K)->20064K(87040K) Eden: 19968K(19968K)->0K(19968K) From: 18016K(65536K)->20064K(67072K)
[6.406s][info][gc,heap        ] GC(122) ParOldGen: 985327K(1036800K)->1003503K(1036800K)
[6.406s][info][gc,metaspace   ] GC(122) Metaspace: 6302K(6464K)->6302K(6464K) NonClass: 5768K(5824K)->5768K(5824K) Class: 533K(640K)->533K(640K)
[6.406s][info][gc             ] GC(122) Pause Young (Allocation Failure) 999M->999M(1097M) 23.842ms
[6.406s][info][gc,cpu         ] GC(122) User=0.09s Sys=0.02s Real=0.02s
[6.429s][info][gc,start       ] GC(123) Pause Young (Allocation Failure)
[6.455s][info][gc,heap        ] GC(123) PSYoungGen: 40032K(87040K)->20096K(83456K) Eden: 19968K(19968K)->0K(22528K) From: 20064K(67072K)->20096K(60928K)
[6.455s][info][gc,heap        ] GC(123) ParOldGen: 1003503K(1036800K)->1023751K(1036800K)
[6.455s][info][gc,metaspace   ] GC(123) Metaspace: 6302K(6464K)->6302K(6464K) NonClass: 5768K(5824K)->5768K(5824K) Class: 533K(640K)->533K(640K)
[6.455s][info][gc             ] GC(123) Pause Young (Allocation Failure) 1019M->1019M(1094M) 25.626ms
[6.455s][info][gc,cpu         ] GC(123) User=0.05s Sys=0.05s Real=0.03s
[6.455s][info][gc,start       ] GC(124) Pause Full (Ergonomics)
[6.455s][info][gc,phases,start] GC(124) Marking Phase
[6.721s][info][gc,phases      ] GC(124) Marking Phase 266.212ms
[6.721s][info][gc,phases,start] GC(124) Summary Phase
[6.721s][info][gc,phases      ] GC(124) Summary Phase 0.028ms
[6.721s][info][gc,phases,start] GC(124) Adjust Roots
[6.721s][info][gc,phases      ] GC(124) Adjust Roots 0.220ms
[6.721s][info][gc,phases,start] GC(124) Compaction Phase
[6.825s][info][gc,phases      ] GC(124) Compaction Phase 103.151ms
[6.825s][info][gc,phases,start] GC(124) Post Compact
[6.826s][info][gc,phases      ] GC(124) Post Compact 1.891ms
[6.827s][info][gc,heap        ] GC(124) PSYoungGen: 20096K(83456K)->5626K(85504K) Eden: 0K(22528K)->0K(24576K) From: 20096K(60928K)->5626K(60928K)
[6.827s][info][gc,heap        ] GC(124) ParOldGen: 1023751K(1036800K)->1036608K(1149952K)
[6.827s][info][gc,metaspace   ] GC(124) Metaspace: 6302K(6464K)->6302K(6464K) NonClass: 5768K(5824K)->5768K(5824K) Class: 533K(640K)->533K(640K)
[6.827s][info][gc             ] GC(124) Pause Full (Ergonomics) 1019M->1017M(1206M) 372.390ms
[6.827s][info][gc,cpu         ] GC(124) User=1.94s Sys=0.00s Real=0.37s
[6.854s][info][gc,start       ] GC(125) Pause Young (Allocation Failure)
[6.912s][info][gc,heap        ] GC(125) PSYoungGen: 30202K(85504K)->24672K(49664K) Eden: 24576K(24576K)->0K(24576K) From: 5626K(60928K)->24672K(25088K)
[6.912s][info][gc,heap        ] GC(125) ParOldGen: 1036608K(1149952K)->1042344K(1149952K)
[6.912s][info][gc,metaspace   ] GC(125) Metaspace: 6302K(6464K)->6302K(6464K) NonClass: 5768K(5824K)->5768K(5824K) Class: 533K(640K)->533K(640K)
[6.912s][info][gc             ] GC(125) Pause Young (Allocation Failure) 1041M->1042M(1171M) 58.380ms
[6.912s][info][gc,cpu         ] GC(125) User=0.28s Sys=0.00s Real=0.06s
[6.940s][info][gc,start       ] GC(126) Pause Young (Allocation Failure)
[6.969s][info][gc,heap        ] GC(126) PSYoungGen: 49248K(49664K)->49280K(81920K) Eden: 24576K(24576K)->0K(22016K) From: 24672K(25088K)->49280K(59904K)
[6.969s][info][gc,heap        ] GC(126) ParOldGen: 1042344K(1149952K)->1042344K(1149952K)
[6.969s][info][gc,metaspace   ] GC(126) Metaspace: 6302K(6464K)->6302K(6464K) NonClass: 5768K(5824K)->5768K(5824K) Class: 533K(640K)->533K(640K)
[6.969s][info][gc             ] GC(126) Pause Young (Allocation Failure) 1066M->1066M(1203M) 29.253ms
[6.969s][info][gc,cpu         ] GC(126) User=0.11s Sys=0.00s Real=0.03s
[6.994s][info][gc,start       ] GC(127) Pause Young (Allocation Failure)
[7.031s][info][gc,heap        ] GC(127) PSYoungGen: 71296K(81920K)->65024K(87040K) Eden: 22016K(22016K)->0K(22016K) From: 49280K(59904K)->65024K(65024K)
[7.031s][info][gc,heap        ] GC(127) ParOldGen: 1042344K(1149952K)->1048648K(1149952K)
[7.031s][info][gc,metaspace   ] GC(127) Metaspace: 6302K(6464K)->6302K(6464K) NonClass: 5768K(5824K)->5768K(5824K) Class: 533K(640K)->533K(640K)
[7.031s][info][gc             ] GC(127) Pause Young (Allocation Failure) 1087M->1087M(1208M) 37.489ms
[7.031s][info][gc,cpu         ] GC(127) User=0.17s Sys=0.02s Real=0.04s
[7.055s][info][gc,start       ] GC(128) Pause Young (Allocation Failure)
[7.105s][info][gc,heap        ] GC(128) PSYoungGen: 87040K(87040K)->43040K(99328K) Eden: 22016K(22016K)->0K(24576K) From: 65024K(65024K)->43040K(74752K)
[7.105s][info][gc,heap        ] GC(128) ParOldGen: 1048648K(1149952K)->1093328K(1149952K)
[7.105s][info][gc,metaspace   ] GC(128) Metaspace: 6302K(6464K)->6302K(6464K) NonClass: 5768K(5824K)->5768K(5824K) Class: 533K(640K)->533K(640K)
[7.105s][info][gc             ] GC(128) Pause Young (Allocation Failure) 1109M->1109M(1220M) 50.404ms
[7.106s][info][gc,cpu         ] GC(128) User=0.25s Sys=0.02s Real=0.05s
[7.134s][info][gc,start       ] GC(129) Pause Young (Allocation Failure)
[7.171s][info][gc,heap        ] GC(129) PSYoungGen: 67616K(99328K)->46720K(100352K) Eden: 24576K(24576K)->0K(24576K) From: 43040K(74752K)->46720K(75776K)
[7.171s][info][gc,heap        ] GC(129) ParOldGen: 1093328K(1149952K)->1114496K(1149952K)
[7.171s][info][gc,metaspace   ] GC(129) Metaspace: 6302K(6464K)->6302K(6464K) NonClass: 5768K(5824K)->5768K(5824K) Class: 533K(640K)->533K(640K)
[7.171s][info][gc             ] GC(129) Pause Young (Allocation Failure) 1133M->1134M(1221M) 37.040ms
[7.171s][info][gc,cpu         ] GC(129) User=0.20s Sys=0.00s Real=0.04s
[7.171s][info][gc,start       ] GC(130) Pause Full (Ergonomics)
[7.171s][info][gc,phases,start] GC(130) Marking Phase
[7.459s][info][gc,phases      ] GC(130) Marking Phase 288.157ms
[7.459s][info][gc,phases,start] GC(130) Summary Phase
[7.459s][info][gc,phases      ] GC(130) Summary Phase 0.025ms
[7.459s][info][gc,phases,start] GC(130) Adjust Roots
[7.459s][info][gc,phases      ] GC(130) Adjust Roots 0.185ms
[7.459s][info][gc,phases,start] GC(130) Compaction Phase
[7.559s][info][gc,phases      ] GC(130) Compaction Phase 100.191ms
[7.559s][info][gc,phases,start] GC(130) Post Compact
[7.561s][info][gc,phases      ] GC(130) Post Compact 1.953ms
[7.562s][info][gc,heap        ] GC(130) PSYoungGen: 46720K(100352K)->10257K(100352K) Eden: 0K(24576K)->0K(24576K) From: 46720K(75776K)->10257K(75776K)
[7.562s][info][gc,heap        ] GC(130) ParOldGen: 1114496K(1149952K)->1149583K(1279488K)
[7.562s][info][gc,metaspace   ] GC(130) Metaspace: 6302K(6464K)->6302K(6464K) NonClass: 5768K(5824K)->5768K(5824K) Class: 533K(640K)->533K(640K)
[7.562s][info][gc             ] GC(130) Pause Full (Ergonomics) 1134M->1132M(1347M) 391.249ms
[7.562s][info][gc,cpu         ] GC(130) User=2.09s Sys=0.02s Real=0.39s
[7.591s][info][gc,start       ] GC(131) Pause Young (Allocation Failure)
[7.660s][info][gc,heap        ] GC(131) PSYoungGen: 34833K(100352K)->31584K(95744K) Eden: 24576K(24576K)->0K(27136K) From: 10257K(75776K)->31584K(68608K)
[7.660s][info][gc,heap        ] GC(131) ParOldGen: 1149583K(1279488K)->1153023K(1279488K)
[7.660s][info][gc,metaspace   ] GC(131) Metaspace: 6302K(6464K)->6302K(6464K) NonClass: 5768K(5824K)->5768K(5824K) Class: 533K(640K)->533K(640K)
[7.660s][info][gc             ] GC(131) Pause Young (Allocation Failure) 1156M->1156M(1343M) 69.857ms
[7.660s][info][gc,cpu         ] GC(131) User=0.28s Sys=0.02s Real=0.07s
[7.693s][info][gc,start       ] GC(132) Pause Young (Allocation Failure)
[7.727s][info][gc,heap        ] GC(132) PSYoungGen: 58720K(95744K)->58752K(99840K) Eden: 27136K(27136K)->0K(27136K) From: 31584K(68608K)->58752K(72704K)
[7.727s][info][gc,heap        ] GC(132) ParOldGen: 1153023K(1279488K)->1153023K(1279488K)
[7.727s][info][gc,metaspace   ] GC(132) Metaspace: 6302K(6464K)->6302K(6464K) NonClass: 5768K(5824K)->5768K(5824K) Class: 533K(640K)->533K(640K)
[7.727s][info][gc             ] GC(132) Pause Young (Allocation Failure) 1183M->1183M(1347M) 33.974ms
[7.727s][info][gc,cpu         ] GC(132) User=0.11s Sys=0.00s Real=0.03s
[7.759s][info][gc,start       ] GC(133) Pause Young (Allocation Failure)
[7.807s][info][gc,heap        ] GC(133) PSYoungGen: 85888K(99840K)->77824K(94208K) Eden: 27136K(27136K)->0K(16384K) From: 58752K(72704K)->77824K(77824K)
[7.807s][info][gc,heap        ] GC(133) ParOldGen: 1153023K(1279488K)->1161135K(1279488K)
[7.807s][info][gc,metaspace   ] GC(133) Metaspace: 6302K(6464K)->6302K(6464K) NonClass: 5768K(5824K)->5768K(5824K) Class: 533K(640K)->533K(640K)
[7.807s][info][gc             ] GC(133) Pause Young (Allocation Failure) 1209M->1209M(1341M) 47.841ms
[7.807s][info][gc,cpu         ] GC(133) User=0.19s Sys=0.02s Real=0.05s
[7.826s][info][gc,start       ] GC(134) Pause Young (Allocation Failure)
[7.874s][info][gc,heap        ] GC(134) PSYoungGen: 94208K(94208K)->66304K(108032K) Eden: 16384K(16384K)->0K(16384K) From: 77824K(77824K)->66304K(91648K)
[7.874s][info][gc,heap        ] GC(134) ParOldGen: 1161135K(1279488K)->1189511K(1279488K)
[7.874s][info][gc,metaspace   ] GC(134) Metaspace: 6302K(6464K)->6302K(6464K) NonClass: 5768K(5824K)->5768K(5824K) Class: 533K(640K)->533K(640K)
[7.874s][info][gc             ] GC(134) Pause Young (Allocation Failure) 1225M->1226M(1355M) 48.140ms
[7.874s][info][gc,cpu         ] GC(134) User=0.19s Sys=0.00s Real=0.05s
[7.894s][info][gc,start       ] GC(135) Pause Young (Allocation Failure)
[7.937s][info][gc,heap        ] GC(135) PSYoungGen: 82688K(108032K)->58272K(113664K) Eden: 16384K(16384K)->0K(18432K) From: 66304K(91648K)->58272K(95232K)
[7.937s][info][gc,heap        ] GC(135) ParOldGen: 1189511K(1279488K)->1214223K(1279488K)
[7.937s][info][gc,metaspace   ] GC(135) Metaspace: 6302K(6464K)->6302K(6464K) NonClass: 5768K(5824K)->5768K(5824K) Class: 533K(640K)->533K(640K)
[7.937s][info][gc             ] GC(135) Pause Young (Allocation Failure) 1242M->1242M(1360M) 43.089ms
[7.937s][info][gc,cpu         ] GC(135) User=0.19s Sys=0.00s Real=0.04s
[7.959s][info][gc,start       ] GC(136) Pause Young (Allocation Failure)
[8.000s][info][gc,heap        ] GC(136) PSYoungGen: 76704K(113664K)->51328K(70144K) Eden: 18432K(18432K)->0K(18432K) From: 58272K(95232K)->51328K(51712K)
[8.000s][info][gc,heap        ] GC(136) ParOldGen: 1214223K(1279488K)->1239967K(1279488K)
[8.000s][info][gc,metaspace   ] GC(136) Metaspace: 6302K(6464K)->6302K(6464K) NonClass: 5768K(5824K)->5768K(5824K) Class: 533K(640K)->533K(640K)
[8.000s][info][gc             ] GC(136) Pause Young (Allocation Failure) 1260M->1261M(1318M) 41.076ms
[8.000s][info][gc,cpu         ] GC(136) User=0.16s Sys=0.05s Real=0.04s
[8.000s][info][gc,start       ] GC(137) Pause Full (Ergonomics)
[8.000s][info][gc,phases,start] GC(137) Marking Phase
[8.313s][info][gc,phases      ] GC(137) Marking Phase 313.235ms
[8.313s][info][gc,phases,start] GC(137) Summary Phase
[8.313s][info][gc,phases      ] GC(137) Summary Phase 0.036ms
[8.313s][info][gc,phases,start] GC(137) Adjust Roots
[8.313s][info][gc,phases      ] GC(137) Adjust Roots 0.192ms
[8.313s][info][gc,phases,start] GC(137) Compaction Phase
[8.430s][info][gc,phases      ] GC(137) Compaction Phase 116.539ms
[8.430s][info][gc,phases,start] GC(137) Post Compact
[8.432s][info][gc,phases      ] GC(137) Post Compact 2.170ms
[8.433s][info][gc,heap        ] GC(137) PSYoungGen: 51328K(70144K)->10232K(70144K) Eden: 0K(18432K)->0K(18432K) From: 51328K(51712K)->10232K(51712K)
[8.433s][info][gc,heap        ] GC(137) ParOldGen: 1239967K(1279488K)->1279475K(1421312K)
[8.433s][info][gc,metaspace   ] GC(137) Metaspace: 6302K(6464K)->6302K(6464K) NonClass: 5768K(5824K)->5768K(5824K) Class: 533K(640K)->533K(640K)
[8.433s][info][gc             ] GC(137) Pause Full (Ergonomics) 1261M->1259M(1456M) 433.159ms
[8.433s][info][gc,cpu         ] GC(137) User=2.27s Sys=0.05s Real=0.43s
[8.455s][info][gc,start       ] GC(138) Pause Young (Allocation Failure)
[8.520s][info][gc,heap        ] GC(138) PSYoungGen: 28664K(70144K)->18816K(112640K) Eden: 18432K(18432K)->0K(20480K) From: 10232K(51712K)->18816K(92160K)
[8.521s][info][gc,heap        ] GC(138) ParOldGen: 1279475K(1421312K)->1286139K(1421312K)
[8.521s][info][gc,metaspace   ] GC(138) Metaspace: 6302K(6464K)->6302K(6464K) NonClass: 5768K(5824K)->5768K(5824K) Class: 533K(640K)->533K(640K)
[8.521s][info][gc             ] GC(138) Pause Young (Allocation Failure) 1277M->1274M(1498M) 65.617ms
[8.521s][info][gc,cpu         ] GC(138) User=0.28s Sys=0.00s Real=0.07s
[8.536s][info][gc,start       ] GC(139) Pause Young (Allocation Failure)
[8.558s][info][gc,heap        ] GC(139) PSYoungGen: 39296K(112640K)->25824K(113152K) Eden: 20480K(20480K)->0K(20480K) From: 18816K(92160K)->25824K(92672K)
[8.558s][info][gc,heap        ] GC(139) ParOldGen: 1286139K(1421312K)->1289907K(1421312K)
[8.558s][info][gc,metaspace   ] GC(139) Metaspace: 6302K(6464K)->6302K(6464K) NonClass: 5768K(5824K)->5768K(5824K) Class: 533K(640K)->533K(640K)
[8.558s][info][gc             ] GC(139) Pause Young (Allocation Failure) 1294M->1284M(1498M) 21.996ms
[8.558s][info][gc,cpu         ] GC(139) User=0.06s Sys=0.00s Real=0.02s
[8.579s][info][gc,start       ] GC(140) Pause Young (Allocation Failure)
[8.606s][info][gc,heap        ] GC(140) PSYoungGen: 46304K(113152K)->26112K(109568K) Eden: 20480K(20480K)->0K(23040K) From: 25824K(92672K)->26112K(86528K)
[8.606s][info][gc,heap        ] GC(140) ParOldGen: 1289907K(1421312K)->1305195K(1421312K)
[8.606s][info][gc,metaspace   ] GC(140) Metaspace: 6302K(6464K)->6302K(6464K) NonClass: 5768K(5824K)->5768K(5824K) Class: 533K(640K)->533K(640K)
[8.606s][info][gc             ] GC(140) Pause Young (Allocation Failure) 1304M->1300M(1495M) 27.232ms
[8.606s][info][gc,cpu         ] GC(140) User=0.11s Sys=0.00s Real=0.03s
[8.635s][info][gc,start       ] GC(141) Pause Young (Allocation Failure)
[8.667s][info][gc,heap        ] GC(141) PSYoungGen: 49152K(109568K)->38528K(61952K) Eden: 23040K(23040K)->0K(23040K) From: 26112K(86528K)->38528K(38912K)
[8.667s][info][gc,heap        ] GC(141) ParOldGen: 1305195K(1421312K)->1315979K(1421312K)
[8.667s][info][gc,metaspace   ] GC(141) Metaspace: 6302K(6464K)->6302K(6464K) NonClass: 5768K(5824K)->5768K(5824K) Class: 533K(640K)->533K(640K)
[8.667s][info][gc             ] GC(141) Pause Young (Allocation Failure) 1322M->1322M(1448M) 31.332ms
[8.667s][info][gc,cpu         ] GC(141) User=0.11s Sys=0.00s Real=0.03s
[8.694s][info][gc,start       ] GC(142) Pause Young (Allocation Failure)
[8.730s][info][gc,heap        ] GC(142) PSYoungGen: 61568K(61952K)->46176K(104960K) Eden: 23040K(23040K)->0K(25600K) From: 38528K(38912K)->46176K(79360K)
[8.730s][info][gc,heap        ] GC(142) ParOldGen: 1315979K(1421312K)->1331595K(1421312K)
[8.730s][info][gc,metaspace   ] GC(142) Metaspace: 6302K(6464K)->6302K(6464K) NonClass: 5768K(5824K)->5768K(5824K) Class: 533K(640K)->533K(640K)
[8.730s][info][gc             ] GC(142) Pause Young (Allocation Failure) 1345M->1345M(1490M) 35.701ms
[8.730s][info][gc,cpu         ] GC(142) User=0.11s Sys=0.00s Real=0.04s
[8.762s][info][gc,start       ] GC(143) Pause Young (Allocation Failure)
[8.805s][info][gc,heap        ] GC(143) PSYoungGen: 71776K(104960K)->48768K(107520K) Eden: 25600K(25600K)->0K(25600K) From: 46176K(79360K)->48768K(81920K)
[8.805s][info][gc,heap        ] GC(143) ParOldGen: 1331595K(1421312K)->1354963K(1421312K)
[8.805s][info][gc,metaspace   ] GC(143) Metaspace: 6302K(6464K)->6302K(6464K) NonClass: 5768K(5824K)->5768K(5824K) Class: 533K(640K)->533K(640K)
[8.805s][info][gc             ] GC(143) Pause Young (Allocation Failure) 1370M->1370M(1493M) 43.504ms
[8.805s][info][gc,cpu         ] GC(143) User=0.25s Sys=0.03s Real=0.04s
[9.152s][info][gc,start       ] GC(144) Pause Full (Ergonomics)
[9.152s][info][gc,phases,start] GC(144) Marking Phase
[9.518s][info][gc,phases      ] GC(144) Marking Phase 365.805ms
[9.518s][info][gc,phases,start] GC(144) Summary Phase
[9.518s][info][gc,phases      ] GC(144) Summary Phase 0.028ms
[9.518s][info][gc,phases,start] GC(144) Adjust Roots
[9.518s][info][gc,phases      ] GC(144) Adjust Roots 0.271ms
[9.518s][info][gc,phases,start] GC(144) Compaction Phase
[9.839s][info][gc,phases      ] GC(144) Compaction Phase 320.426ms
[9.839s][info][gc,phases,start] GC(144) Post Compact
[9.842s][info][gc,phases      ] GC(144) Post Compact 3.041ms
[9.843s][info][gc,heap        ] GC(144) PSYoungGen: 74368K(107520K)->39375K(107520K) Eden: 25600K(25600K)->0K(25600K) From: 48768K(81920K)->39375K(81920K)
[9.843s][info][gc,heap        ] GC(144) ParOldGen: 1420499K(1421312K)->1421244K(1567744K)
[9.843s][info][gc,metaspace   ] GC(144) Metaspace: 6302K(6464K)->6302K(6464K) NonClass: 5768K(5824K)->5768K(5824K) Class: 533K(640K)->533K(640K)
[9.843s][info][gc             ] GC(144) Pause Full (Ergonomics) 1459M->1426M(1636M) 690.476ms
[9.843s][info][gc,cpu         ] GC(144) User=3.42s Sys=0.06s Real=0.69s
[9.868s][info][gc,start       ] GC(145) Pause Young (Allocation Failure)
[9.957s][info][gc,heap        ] GC(145) PSYoungGen: 64975K(107520K)->46016K(103424K) Eden: 25600K(25600K)->0K(28160K) From: 39375K(81920K)->46016K(75264K)
[9.957s][info][gc,heap        ] GC(145) ParOldGen: 1421244K(1567744K)->1440692K(1567744K)
[9.957s][info][gc,metaspace   ] GC(145) Metaspace: 6302K(6464K)->6302K(6464K) NonClass: 5768K(5824K)->5768K(5824K) Class: 533K(640K)->533K(640K)
[9.957s][info][gc             ] GC(145) Pause Young (Allocation Failure) 1451M->1451M(1632M) 88.435ms
[9.957s][info][gc,cpu         ] GC(145) User=0.47s Sys=0.02s Real=0.09s
[9.983s][info][gc,start       ] GC(146) Pause Young (Allocation Failure)
[10.024s][info][gc,heap        ] GC(146) PSYoungGen: 74176K(103424K)->74176K(106496K) Eden: 28160K(28160K)->0K(28160K) From: 46016K(75264K)->74176K(78336K)
[10.024s][info][gc,heap        ] GC(146) ParOldGen: 1440692K(1567744K)->1440692K(1567744K)
[10.024s][info][gc,metaspace   ] GC(146) Metaspace: 6302K(6464K)->6302K(6464K) NonClass: 5768K(5824K)->5768K(5824K) Class: 533K(640K)->533K(640K)
[10.024s][info][gc             ] GC(146) Pause Young (Allocation Failure) 1479M->1479M(1635M) 41.286ms
[10.024s][info][gc,cpu         ] GC(146) User=0.19s Sys=0.00s Real=0.04s
[10.051s][info][gc,start       ] GC(147) Pause Young (Allocation Failure)
[10.109s][info][gc,heap        ] GC(147) PSYoungGen: 102336K(106496K)->86528K(100352K) Eden: 28160K(28160K)->0K(13824K) From: 74176K(78336K)->86528K(86528K)
[10.109s][info][gc,heap        ] GC(147) ParOldGen: 1440692K(1567744K)->1456596K(1567744K)
[10.109s][info][gc,metaspace   ] GC(147) Metaspace: 6302K(6464K)->6302K(6464K) NonClass: 5768K(5824K)->5768K(5824K) Class: 533K(640K)->533K(640K)
[10.109s][info][gc             ] GC(147) Pause Young (Allocation Failure) 1506M->1506M(1629M) 57.956ms
[10.109s][info][gc,cpu         ] GC(147) User=0.30s Sys=0.00s Real=0.06s
[10.123s][info][gc,start       ] GC(148) Pause Young (Allocation Failure)
[10.177s][info][gc,heap        ] GC(148) PSYoungGen: 100352K(100352K)->63328K(117760K) Eden: 13824K(13824K)->0K(13824K) From: 86528K(86528K)->63328K(103936K)
[10.177s][info][gc,heap        ] GC(148) ParOldGen: 1456596K(1567744K)->1494188K(1567744K)
[10.177s][info][gc,metaspace   ] GC(148) Metaspace: 6302K(6464K)->6302K(6464K) NonClass: 5768K(5824K)->5768K(5824K) Class: 533K(640K)->533K(640K)
[10.177s][info][gc             ] GC(148) Pause Young (Allocation Failure) 1520M->1521M(1646M) 54.284ms
[10.177s][info][gc,cpu         ] GC(148) User=0.28s Sys=0.00s Real=0.06s
[10.192s][info][gc,start       ] GC(149) Pause Young (Allocation Failure)
[10.235s][info][gc,heap        ] GC(149) PSYoungGen: 77152K(117760K)->27744K(117760K) Eden: 13824K(13824K)->0K(15872K) From: 63328K(103936K)->27744K(101888K)
[10.236s][info][gc,heap        ] GC(149) ParOldGen: 1494188K(1567744K)->1544156K(1567744K)
[10.236s][info][gc,metaspace   ] GC(149) Metaspace: 6302K(6464K)->6302K(6464K) NonClass: 5768K(5824K)->5768K(5824K) Class: 533K(640K)->533K(640K)
[10.236s][info][gc             ] GC(149) Pause Young (Allocation Failure) 1534M->1535M(1646M) 44.002ms
[10.236s][info][gc,cpu         ] GC(149) User=0.20s Sys=0.00s Real=0.04s
[10.236s][info][gc,start       ] GC(150) Pause Full (Ergonomics)
[10.236s][info][gc,phases,start] GC(150) Marking Phase
[10.615s][info][gc,phases      ] GC(150) Marking Phase 379.143ms
[10.615s][info][gc,phases,start] GC(150) Summary Phase
[10.615s][info][gc,phases      ] GC(150) Summary Phase 0.028ms
[10.615s][info][gc,phases,start] GC(150) Adjust Roots
[10.615s][info][gc,phases      ] GC(150) Adjust Roots 0.197ms
[10.615s][info][gc,phases,start] GC(150) Compaction Phase
[10.777s][info][gc,phases      ] GC(150) Compaction Phase 162.229ms
[10.777s][info][gc,phases,start] GC(150) Post Compact
[10.780s][info][gc,phases      ] GC(150) Post Compact 2.831ms
[10.782s][info][gc,heap        ] GC(150) PSYoungGen: 27744K(117760K)->2554K(118272K) Eden: 0K(15872K)->0K(16384K) From: 27744K(101888K)->2554K(101888K)
[10.782s][info][gc,heap        ] GC(150) ParOldGen: 1544156K(1567744K)->1567478K(1707008K)
[10.782s][info][gc,metaspace   ] GC(150) Metaspace: 6302K(6464K)->6302K(6464K) NonClass: 5768K(5824K)->5768K(5824K) Class: 533K(640K)->533K(640K)
[10.782s][info][gc             ] GC(150) Pause Full (Ergonomics) 1535M->1533M(1782M) 546.259ms
[10.782s][info][gc,cpu         ] GC(150) User=2.84s Sys=0.03s Real=0.55s
[10.799s][info][gc,start       ] GC(151) Pause Young (Allocation Failure)
[10.876s][info][gc,heap        ] GC(151) PSYoungGen: 18938K(118272K)->16480K(118784K) Eden: 16384K(16384K)->0K(16384K) From: 2554K(101888K)->16480K(102400K)
[10.876s][info][gc,heap        ] GC(151) ParOldGen: 1567478K(1707008K)->1570102K(1707008K)
[10.876s][info][gc,metaspace   ] GC(151) Metaspace: 6302K(6464K)->6302K(6464K) NonClass: 5768K(5824K)->5768K(5824K) Class: 533K(640K)->533K(640K)
[10.877s][info][gc             ] GC(151) Pause Young (Allocation Failure) 1549M->1549M(1783M) 77.912ms
[10.877s][info][gc,cpu         ] GC(151) User=0.38s Sys=0.00s Real=0.08s
[10.893s][info][gc,start       ] GC(152) Pause Young (Allocation Failure)
[10.920s][info][gc,heap        ] GC(152) PSYoungGen: 32864K(118784K)->16480K(120832K) Eden: 16384K(16384K)->0K(18432K) From: 16480K(102400K)->16480K(102400K)
[10.920s][info][gc,heap        ] GC(152) ParOldGen: 1570102K(1707008K)->1586734K(1707008K)
[10.920s][info][gc,metaspace   ] GC(152) Metaspace: 6302K(6464K)->6302K(6464K) NonClass: 5768K(5824K)->5768K(5824K) Class: 533K(640K)->533K(640K)
[10.920s][info][gc             ] GC(152) Pause Young (Allocation Failure) 1565M->1565M(1785M) 27.214ms
[10.920s][info][gc,cpu         ] GC(152) User=0.09s Sys=0.00s Real=0.03s
[10.938s][info][gc,start       ] GC(153) Pause Young (Allocation Failure)
[10.968s][info][gc,heap        ] GC(153) PSYoungGen: 34912K(120832K)->18528K(120832K) Eden: 18432K(18432K)->0K(18432K) From: 16480K(102400K)->18528K(102400K)
[10.968s][info][gc,heap        ] GC(153) ParOldGen: 1586734K(1707008K)->1603366K(1707008K)
[10.968s][info][gc,metaspace   ] GC(153) Metaspace: 6302K(6464K)->6302K(6464K) NonClass: 5768K(5824K)->5768K(5824K) Class: 533K(640K)->533K(640K)
[10.968s][info][gc             ] GC(153) Pause Young (Allocation Failure) 1583M->1583M(1785M) 29.763ms
[10.968s][info][gc,cpu         ] GC(153) User=0.03s Sys=0.00s Real=0.03s
[10.985s][info][gc,start       ] GC(154) Pause Young (Allocation Failure)
[11.016s][info][gc,heap        ] GC(154) PSYoungGen: 36960K(120832K)->18496K(117248K) Eden: 18432K(18432K)->0K(20992K) From: 18528K(102400K)->18496K(96256K)
[11.016s][info][gc,heap        ] GC(154) ParOldGen: 1603366K(1707008K)->1622078K(1707008K)
[11.016s][info][gc,metaspace   ] GC(154) Metaspace: 6302K(6464K)->6302K(6464K) NonClass: 5768K(5824K)->5768K(5824K) Class: 533K(640K)->533K(640K)
[11.016s][info][gc             ] GC(154) Pause Young (Allocation Failure) 1601M->1602M(1781M) 30.865ms
[11.016s][info][gc,cpu         ] GC(154) User=0.02s Sys=0.00s Real=0.03s
[11.037s][info][gc,start       ] GC(155) Pause Young (Allocation Failure)
[11.066s][info][gc,heap        ] GC(155) PSYoungGen: 39488K(117248K)->21120K(119296K) Eden: 20992K(20992K)->0K(20992K) From: 18496K(96256K)->21120K(98304K)
[11.066s][info][gc,heap        ] GC(155) ParOldGen: 1622078K(1707008K)->1640790K(1707008K)
[11.066s][info][gc,metaspace   ] GC(155) Metaspace: 6302K(6464K)->6302K(6464K) NonClass: 5768K(5824K)->5768K(5824K) Class: 533K(640K)->533K(640K)
[11.066s][info][gc             ] GC(155) Pause Young (Allocation Failure) 1622M->1622M(1783M) 29.737ms
[11.066s][info][gc,cpu         ] GC(155) User=0.05s Sys=0.06s Real=0.03s
[11.087s][info][gc,start       ] GC(156) Pause Young (Allocation Failure)
[11.119s][info][gc,heap        ] GC(156) PSYoungGen: 42112K(119296K)->21120K(112640K) Eden: 20992K(20992K)->0K(24064K) From: 21120K(98304K)->21120K(88576K)
[11.119s][info][gc,heap        ] GC(156) ParOldGen: 1640790K(1707008K)->1662110K(1707008K)
[11.119s][info][gc,metaspace   ] GC(156) Metaspace: 6302K(6464K)->6302K(6464K) NonClass: 5768K(5824K)->5768K(5824K) Class: 533K(640K)->533K(640K)
[11.119s][info][gc             ] GC(156) Pause Young (Allocation Failure) 1643M->1643M(1777M) 32.492ms
[11.119s][info][gc,cpu         ] GC(156) User=0.05s Sys=0.08s Real=0.03s
[11.143s][info][gc,start       ] GC(157) Pause Young (Allocation Failure)
[11.179s][info][gc,heap        ] GC(157) PSYoungGen: 45184K(112640K)->24192K(48640K) Eden: 24064K(24064K)->0K(24064K) From: 21120K(88576K)->24192K(24576K)
[11.179s][info][gc,heap        ] GC(157) ParOldGen: 1662110K(1707008K)->1683430K(1707008K)
[11.179s][info][gc,metaspace   ] GC(157) Metaspace: 6302K(6464K)->6302K(6464K) NonClass: 5768K(5824K)->5768K(5824K) Class: 533K(640K)->533K(640K)
[11.179s][info][gc             ] GC(157) Pause Young (Allocation Failure) 1667M->1667M(1714M) 35.331ms
[11.179s][info][gc,cpu         ] GC(157) User=0.05s Sys=0.08s Real=0.04s
[11.179s][info][gc,start       ] GC(158) Pause Full (Ergonomics)
[11.179s][info][gc,phases,start] GC(158) Marking Phase
[11.602s][info][gc,phases      ] GC(158) Marking Phase 423.148ms
[11.602s][info][gc,phases,start] GC(158) Summary Phase
[11.602s][info][gc,phases      ] GC(158) Summary Phase 0.038ms
[11.602s][info][gc,phases,start] GC(158) Adjust Roots
[11.602s][info][gc,phases      ] GC(158) Adjust Roots 0.191ms
[11.602s][info][gc,phases,start] GC(158) Compaction Phase
[11.747s][info][gc,phases      ] GC(158) Compaction Phase 145.077ms
[11.747s][info][gc,phases,start] GC(158) Post Compact
[11.750s][info][gc,phases      ] GC(158) Post Compact 2.848ms
[11.750s][info][gc,heap        ] GC(158) PSYoungGen: 24192K(48640K)->0K(115712K) Eden: 0K(24064K)->0K(27136K) From: 24192K(24576K)->0K(88576K)
[11.750s][info][gc,heap        ] GC(158) ParOldGen: 1683430K(1707008K)->1705493K(1707008K)
[11.750s][info][gc,metaspace   ] GC(158) Metaspace: 6302K(6464K)->6302K(6464K) NonClass: 5768K(5824K)->5768K(5824K) Class: 533K(640K)->533K(640K)
[11.750s][info][gc             ] GC(158) Pause Full (Ergonomics) 1667M->1665M(1780M) 571.618ms
[11.750s][info][gc,cpu         ] GC(158) User=3.27s Sys=0.00s Real=0.57s
[11.780s][info][gc,start       ] GC(159) Pause Full (Ergonomics)
[11.780s][info][gc,phases,start] GC(159) Marking Phase
[12.206s][info][gc,phases      ] GC(159) Marking Phase 425.553ms
[12.206s][info][gc,phases,start] GC(159) Summary Phase
[12.206s][info][gc,phases      ] GC(159) Summary Phase 0.029ms
[12.206s][info][gc,phases,start] GC(159) Adjust Roots
[12.206s][info][gc,phases      ] GC(159) Adjust Roots 0.197ms
[12.206s][info][gc,phases,start] GC(159) Compaction Phase
[12.342s][info][gc,phases      ] GC(159) Compaction Phase 136.055ms
[12.342s][info][gc,phases,start] GC(159) Post Compact
[12.345s][info][gc,phases      ] GC(159) Post Compact 2.944ms
[12.345s][info][gc,heap        ] GC(159) PSYoungGen: 27136K(115712K)->26077K(115712K) Eden: 27136K(27136K)->26077K(27136K) From: 0K(88576K)->0K(88576K)
[12.345s][info][gc,heap        ] GC(159) ParOldGen: 1705493K(1707008K)->1706516K(1707008K)
[12.345s][info][gc,metaspace   ] GC(159) Metaspace: 6302K(6464K)->6302K(6464K) NonClass: 5768K(5824K)->5768K(5824K) Class: 533K(640K)->533K(640K)
[12.345s][info][gc             ] GC(159) Pause Full (Ergonomics) 1692M->1691M(1780M) 565.199ms
[12.345s][info][gc,cpu         ] GC(159) User=2.92s Sys=0.00s Real=0.57s
[12.347s][info][gc,start       ] GC(160) Pause Full (Ergonomics)
[12.347s][info][gc,phases,start] GC(160) Marking Phase
[12.765s][info][gc,phases      ] GC(160) Marking Phase 418.461ms
[12.765s][info][gc,phases,start] GC(160) Summary Phase
[12.765s][info][gc,phases      ] GC(160) Summary Phase 0.028ms
[12.765s][info][gc,phases,start] GC(160) Adjust Roots
[12.766s][info][gc,phases      ] GC(160) Adjust Roots 0.209ms
[12.766s][info][gc,phases,start] GC(160) Compaction Phase
[12.882s][info][gc,phases      ] GC(160) Compaction Phase 116.530ms
[12.882s][info][gc,phases,start] GC(160) Post Compact
[12.885s][info][gc,phases      ] GC(160) Post Compact 2.777ms
[12.885s][info][gc,heap        ] GC(160) PSYoungGen: 27136K(115712K)->27134K(115712K) Eden: 27136K(27136K)->27134K(27136K) From: 0K(88576K)->0K(88576K)
[12.885s][info][gc,heap        ] GC(160) ParOldGen: 1706516K(1707008K)->1706516K(1707008K)
[12.885s][info][gc,metaspace   ] GC(160) Metaspace: 6302K(6464K)->6302K(6464K) NonClass: 5768K(5824K)->5768K(5824K) Class: 533K(640K)->533K(640K)
[12.885s][info][gc             ] GC(160) Pause Full (Ergonomics) 1693M->1693M(1780M) 538.337ms
[12.885s][info][gc,cpu         ] GC(160) User=3.08s Sys=0.02s Real=0.54s
[12.885s][info][gc,start       ] GC(161) Pause Full (Ergonomics)
[12.885s][info][gc,phases,start] GC(161) Marking Phase
[13.308s][info][gc,phases      ] GC(161) Marking Phase 422.187ms
[13.308s][info][gc,phases,start] GC(161) Summary Phase
[13.308s][info][gc,phases      ] GC(161) Summary Phase 0.029ms
[13.308s][info][gc,phases,start] GC(161) Adjust Roots
[13.308s][info][gc,phases      ] GC(161) Adjust Roots 0.198ms
[13.308s][info][gc,phases,start] GC(161) Compaction Phase
[13.437s][info][gc,phases      ] GC(161) Compaction Phase 129.041ms
[13.437s][info][gc,phases,start] GC(161) Post Compact
[13.440s][info][gc,phases      ] GC(161) Post Compact 3.277ms
[13.440s][info][gc,heap        ] GC(161) PSYoungGen: 27135K(115712K)->27135K(115712K) Eden: 27135K(27136K)->27135K(27136K) From: 0K(88576K)->0K(88576K)
[13.440s][info][gc,heap        ] GC(161) ParOldGen: 1706516K(1707008K)->1706516K(1707008K)
[13.440s][info][gc,metaspace   ] GC(161) Metaspace: 6302K(6464K)->6302K(6464K) NonClass: 5768K(5824K)->5768K(5824K) Class: 533K(640K)->533K(640K)
[13.440s][info][gc             ] GC(161) Pause Full (Ergonomics) 1693M->1693M(1780M) 555.111ms
[13.440s][info][gc,cpu         ] GC(161) User=3.16s Sys=0.00s Real=0.56s
[13.441s][info][gc,start       ] GC(162) Pause Full (Ergonomics)
[13.441s][info][gc,phases,start] GC(162) Marking Phase
[13.880s][info][gc,phases      ] GC(162) Marking Phase 439.200ms
[13.880s][info][gc,phases,start] GC(162) Summary Phase
[13.880s][info][gc,phases      ] GC(162) Summary Phase 0.028ms
[13.880s][info][gc,phases,start] GC(162) Adjust Roots
[13.880s][info][gc,phases      ] GC(162) Adjust Roots 0.204ms
[13.880s][info][gc,phases,start] GC(162) Compaction Phase
[14.018s][info][gc,phases      ] GC(162) Compaction Phase 137.647ms
[14.018s][info][gc,phases,start] GC(162) Post Compact
[14.021s][info][gc,phases      ] GC(162) Post Compact 3.158ms
[14.021s][info][gc,heap        ] GC(162) PSYoungGen: 27135K(115712K)->27135K(115712K) Eden: 27135K(27136K)->27135K(27136K) From: 0K(88576K)->0K(88576K)
[14.021s][info][gc,heap        ] GC(162) ParOldGen: 1706521K(1707008K)->1706521K(1707008K)
[14.021s][info][gc,metaspace   ] GC(162) Metaspace: 6302K(6464K)->6302K(6464K) NonClass: 5768K(5824K)->5768K(5824K) Class: 533K(640K)->533K(640K)
[14.021s][info][gc             ] GC(162) Pause Full (Ergonomics) 1693M->1693M(1780M) 580.618ms
[14.021s][info][gc,cpu         ] GC(162) User=3.09s Sys=0.03s Real=0.58s
[14.022s][info][gc,start       ] GC(163) Pause Full (Ergonomics)
[14.022s][info][gc,phases,start] GC(163) Marking Phase
[14.452s][info][gc,phases      ] GC(163) Marking Phase 430.231ms
[14.452s][info][gc,phases,start] GC(163) Summary Phase
[14.452s][info][gc,phases      ] GC(163) Summary Phase 0.026ms
[14.452s][info][gc,phases,start] GC(163) Adjust Roots
[14.452s][info][gc,phases      ] GC(163) Adjust Roots 0.204ms
[14.452s][info][gc,phases,start] GC(163) Compaction Phase
[14.590s][info][gc,phases      ] GC(163) Compaction Phase 137.302ms
[14.590s][info][gc,phases,start] GC(163) Post Compact
[14.593s][info][gc,phases      ] GC(163) Post Compact 3.290ms
[14.593s][info][gc,heap        ] GC(163) PSYoungGen: 27135K(115712K)->27135K(115712K) Eden: 27135K(27136K)->27135K(27136K) From: 0K(88576K)->0K(88576K)
[14.593s][info][gc,heap        ] GC(163) ParOldGen: 1706526K(1707008K)->1706526K(1707008K)
[14.593s][info][gc,metaspace   ] GC(163) Metaspace: 6302K(6464K)->6302K(6464K) NonClass: 5768K(5824K)->5768K(5824K) Class: 533K(640K)->533K(640K)
[14.593s][info][gc             ] GC(163) Pause Full (Ergonomics) 1693M->1693M(1780M) 571.412ms
[14.593s][info][gc,cpu         ] GC(163) User=3.00s Sys=0.00s Real=0.57s
[14.593s][info][gc,start       ] GC(164) Pause Full (Ergonomics)
[14.593s][info][gc,phases,start] GC(164) Marking Phase
[15.024s][info][gc,phases      ] GC(164) Marking Phase 430.245ms
[15.024s][info][gc,phases,start] GC(164) Summary Phase
[15.024s][info][gc,phases      ] GC(164) Summary Phase 0.028ms
[15.024s][info][gc,phases,start] GC(164) Adjust Roots
[15.024s][info][gc,phases      ] GC(164) Adjust Roots 0.187ms
[15.024s][info][gc,phases,start] GC(164) Compaction Phase
[15.158s][info][gc,phases      ] GC(164) Compaction Phase 133.699ms
[15.158s][info][gc,phases,start] GC(164) Post Compact
[15.161s][info][gc,phases      ] GC(164) Post Compact 3.256ms
[15.161s][info][gc,heap        ] GC(164) PSYoungGen: 27135K(115712K)->27135K(115712K) Eden: 27135K(27136K)->27135K(27136K) From: 0K(88576K)->0K(88576K)
[15.161s][info][gc,heap        ] GC(164) ParOldGen: 1706530K(1707008K)->1706530K(1707008K)
[15.161s][info][gc,metaspace   ] GC(164) Metaspace: 6302K(6464K)->6302K(6464K) NonClass: 5768K(5824K)->5768K(5824K) Class: 533K(640K)->533K(640K)
[15.161s][info][gc             ] GC(164) Pause Full (Ergonomics) 1693M->1693M(1780M) 567.760ms
[15.161s][info][gc,cpu         ] GC(164) User=3.00s Sys=0.03s Real=0.57s
[15.161s][info][gc,start       ] GC(165) Pause Full (Ergonomics)
[15.162s][info][gc,phases,start] GC(165) Marking Phase
[15.574s][info][gc,phases      ] GC(165) Marking Phase 412.658ms
[15.574s][info][gc,phases,start] GC(165) Summary Phase
[15.574s][info][gc,phases      ] GC(165) Summary Phase 0.029ms
[15.574s][info][gc,phases,start] GC(165) Adjust Roots
[15.574s][info][gc,phases      ] GC(165) Adjust Roots 0.196ms
[15.575s][info][gc,phases,start] GC(165) Compaction Phase
[15.712s][info][gc,phases      ] GC(165) Compaction Phase 137.481ms
[15.712s][info][gc,phases,start] GC(165) Post Compact
[15.715s][info][gc,phases      ] GC(165) Post Compact 3.167ms
[15.715s][info][gc,heap        ] GC(165) PSYoungGen: 27135K(115712K)->27135K(115712K) Eden: 27135K(27136K)->27135K(27136K) From: 0K(88576K)->0K(88576K)
[15.715s][info][gc,heap        ] GC(165) ParOldGen: 1706535K(1707008K)->1706535K(1707008K)
[15.715s][info][gc,metaspace   ] GC(165) Metaspace: 6302K(6464K)->6302K(6464K) NonClass: 5768K(5824K)->5768K(5824K) Class: 533K(640K)->533K(640K)
[15.715s][info][gc             ] GC(165) Pause Full (Ergonomics) 1693M->1693M(1780M) 553.890ms
[15.715s][info][gc,cpu         ] GC(165) User=2.92s Sys=0.00s Real=0.55s
[15.716s][info][gc,start       ] GC(166) Pause Full (Ergonomics)
[15.716s][info][gc,phases,start] GC(166) Marking Phase
[16.132s][info][gc,phases      ] GC(166) Marking Phase 416.612ms
[16.132s][info][gc,phases,start] GC(166) Summary Phase
[16.132s][info][gc,phases      ] GC(166) Summary Phase 0.026ms
[16.132s][info][gc,phases,start] GC(166) Adjust Roots
[16.133s][info][gc,phases      ] GC(166) Adjust Roots 0.192ms
[16.133s][info][gc,phases,start] GC(166) Compaction Phase
[16.268s][info][gc,phases      ] GC(166) Compaction Phase 135.057ms
[16.268s][info][gc,phases,start] GC(166) Post Compact
[16.271s][info][gc,phases      ] GC(166) Post Compact 3.068ms
[16.271s][info][gc,heap        ] GC(166) PSYoungGen: 27135K(115712K)->27135K(115712K) Eden: 27135K(27136K)->27135K(27136K) From: 0K(88576K)->0K(88576K)
[16.271s][info][gc,heap        ] GC(166) ParOldGen: 1706540K(1707008K)->1706540K(1707008K)
[16.271s][info][gc,metaspace   ] GC(166) Metaspace: 6302K(6464K)->6302K(6464K) NonClass: 5768K(5824K)->5768K(5824K) Class: 533K(640K)->533K(640K)
[16.271s][info][gc             ] GC(166) Pause Full (Ergonomics) 1693M->1693M(1780M) 555.273ms
[16.271s][info][gc,cpu         ] GC(166) User=2.84s Sys=0.00s Real=0.56s
[16.271s][info][gc,start       ] GC(167) Pause Full (Ergonomics)
[16.271s][info][gc,phases,start] GC(167) Marking Phase
[16.674s][info][gc,phases      ] GC(167) Marking Phase 402.292ms
[16.674s][info][gc,phases,start] GC(167) Summary Phase
[16.674s][info][gc,phases      ] GC(167) Summary Phase 0.028ms
[16.674s][info][gc,phases,start] GC(167) Adjust Roots
[16.674s][info][gc,phases      ] GC(167) Adjust Roots 0.190ms
[16.674s][info][gc,phases,start] GC(167) Compaction Phase
[16.813s][info][gc,phases      ] GC(167) Compaction Phase 138.932ms
[16.813s][info][gc,phases,start] GC(167) Post Compact
[16.816s][info][gc,phases      ] GC(167) Post Compact 3.227ms
[16.816s][info][gc,heap        ] GC(167) PSYoungGen: 27135K(115712K)->27135K(115712K) Eden: 27135K(27136K)->27135K(27136K) From: 0K(88576K)->0K(88576K)
[16.816s][info][gc,heap        ] GC(167) ParOldGen: 1706544K(1707008K)->1706544K(1707008K)
[16.816s][info][gc,metaspace   ] GC(167) Metaspace: 6302K(6464K)->6302K(6464K) NonClass: 5768K(5824K)->5768K(5824K) Class: 533K(640K)->533K(640K)
[16.816s][info][gc             ] GC(167) Pause Full (Ergonomics) 1693M->1693M(1780M) 545.089ms
[16.816s][info][gc,cpu         ] GC(167) User=2.95s Sys=0.00s Real=0.55s
[16.817s][info][gc,start       ] GC(168) Pause Full (Ergonomics)
[16.817s][info][gc,phases,start] GC(168) Marking Phase
[17.225s][info][gc,phases      ] GC(168) Marking Phase 408.501ms
[17.225s][info][gc,phases,start] GC(168) Summary Phase
[17.225s][info][gc,phases      ] GC(168) Summary Phase 0.028ms
[17.225s][info][gc,phases,start] GC(168) Adjust Roots
[17.225s][info][gc,phases      ] GC(168) Adjust Roots 0.199ms
[17.225s][info][gc,phases,start] GC(168) Compaction Phase
[17.367s][info][gc,phases      ] GC(168) Compaction Phase 141.865ms
[17.367s][info][gc,phases,start] GC(168) Post Compact
[17.370s][info][gc,phases      ] GC(168) Post Compact 3.021ms
[17.370s][info][gc,heap        ] GC(168) PSYoungGen: 27135K(115712K)->27135K(115712K) Eden: 27135K(27136K)->27135K(27136K) From: 0K(88576K)->0K(88576K)
[17.370s][info][gc,heap        ] GC(168) ParOldGen: 1706549K(1707008K)->1706549K(1707008K)
[17.371s][info][gc,metaspace   ] GC(168) Metaspace: 6302K(6464K)->6302K(6464K) NonClass: 5768K(5824K)->5768K(5824K) Class: 533K(640K)->533K(640K)
[17.371s][info][gc             ] GC(168) Pause Full (Ergonomics) 1693M->1693M(1780M) 553.936ms
[17.371s][info][gc,cpu         ] GC(168) User=2.94s Sys=0.03s Real=0.55s
[17.371s][info][gc,start       ] GC(169) Pause Full (Ergonomics)
[17.371s][info][gc,phases,start] GC(169) Marking Phase
[17.772s][info][gc,phases      ] GC(169) Marking Phase 401.028ms
[17.772s][info][gc,phases,start] GC(169) Summary Phase
[17.772s][info][gc,phases      ] GC(169) Summary Phase 0.029ms
[17.772s][info][gc,phases,start] GC(169) Adjust Roots
[17.772s][info][gc,phases      ] GC(169) Adjust Roots 0.191ms
[17.772s][info][gc,phases,start] GC(169) Compaction Phase
[17.888s][info][gc,phases      ] GC(169) Compaction Phase 115.604ms
[17.888s][info][gc,phases,start] GC(169) Post Compact
[17.891s][info][gc,phases      ] GC(169) Post Compact 2.760ms
[17.891s][info][gc,heap        ] GC(169) PSYoungGen: 27135K(115712K)->27135K(115712K) Eden: 27135K(27136K)->27135K(27136K) From: 0K(88576K)->0K(88576K)
[17.891s][info][gc,heap        ] GC(169) ParOldGen: 1706554K(1707008K)->1706554K(1707008K)
[17.891s][info][gc,metaspace   ] GC(169) Metaspace: 6302K(6464K)->6302K(6464K) NonClass: 5768K(5824K)->5768K(5824K) Class: 533K(640K)->533K(640K)
[17.891s][info][gc             ] GC(169) Pause Full (Ergonomics) 1693M->1693M(1780M) 519.965ms
[17.891s][info][gc,cpu         ] GC(169) User=2.86s Sys=0.02s Real=0.52s
[17.891s][info][gc,start       ] GC(170) Pause Full (Ergonomics)
[17.891s][info][gc,phases,start] GC(170) Marking Phase
[18.304s][info][gc,phases      ] GC(170) Marking Phase 412.959ms
[18.304s][info][gc,phases,start] GC(170) Summary Phase
[18.304s][info][gc,phases      ] GC(170) Summary Phase 0.028ms
[18.304s][info][gc,phases,start] GC(170) Adjust Roots
[18.304s][info][gc,phases      ] GC(170) Adjust Roots 0.195ms
[18.304s][info][gc,phases,start] GC(170) Compaction Phase
[18.443s][info][gc,phases      ] GC(170) Compaction Phase 138.911ms
[18.443s][info][gc,phases,start] GC(170) Post Compact
[18.446s][info][gc,phases      ] GC(170) Post Compact 3.047ms
[18.447s][info][gc,heap        ] GC(170) PSYoungGen: 27135K(115712K)->27135K(115712K) Eden: 27135K(27136K)->27135K(27136K) From: 0K(88576K)->0K(88576K)
[18.447s][info][gc,heap        ] GC(170) ParOldGen: 1706558K(1707008K)->1706558K(1707008K)
[18.447s][info][gc,metaspace   ] GC(170) Metaspace: 6302K(6464K)->6302K(6464K) NonClass: 5768K(5824K)->5768K(5824K) Class: 533K(640K)->533K(640K)
[18.447s][info][gc             ] GC(170) Pause Full (Ergonomics) 1693M->1693M(1780M) 555.495ms
[18.447s][info][gc,cpu         ] GC(170) User=2.88s Sys=0.03s Real=0.56s
[18.447s][info][gc,start       ] GC(171) Pause Full (Ergonomics)
[18.447s][info][gc,phases,start] GC(171) Marking Phase
[18.865s][info][gc,phases      ] GC(171) Marking Phase 418.159ms
[18.865s][info][gc,phases,start] GC(171) Summary Phase
[18.865s][info][gc,phases      ] GC(171) Summary Phase 0.026ms
[18.865s][info][gc,phases,start] GC(171) Adjust Roots
[18.865s][info][gc,phases      ] GC(171) Adjust Roots 0.195ms
[18.865s][info][gc,phases,start] GC(171) Compaction Phase
[19.007s][info][gc,phases      ] GC(171) Compaction Phase 142.122ms
[19.008s][info][gc,phases,start] GC(171) Post Compact
[19.011s][info][gc,phases      ] GC(171) Post Compact 3.249ms
[19.011s][info][gc,heap        ] GC(171) PSYoungGen: 27135K(115712K)->27135K(115712K) Eden: 27135K(27136K)->27135K(27136K) From: 0K(88576K)->0K(88576K)
[19.011s][info][gc,heap        ] GC(171) ParOldGen: 1706563K(1707008K)->1706563K(1707008K)
[19.011s][info][gc,metaspace   ] GC(171) Metaspace: 6302K(6464K)->6302K(6464K) NonClass: 5768K(5824K)->5768K(5824K) Class: 533K(640K)->533K(640K)
[19.011s][info][gc             ] GC(171) Pause Full (Ergonomics) 1693M->1693M(1780M) 564.109ms
[19.011s][info][gc,cpu         ] GC(171) User=3.00s Sys=0.02s Real=0.56s
[19.011s][info][gc,start       ] GC(172) Pause Full (Ergonomics)
[19.011s][info][gc,phases,start] GC(172) Marking Phase
[19.420s][info][gc,phases      ] GC(172) Marking Phase 408.668ms
[19.420s][info][gc,phases,start] GC(172) Summary Phase
[19.420s][info][gc,phases      ] GC(172) Summary Phase 0.038ms
[19.420s][info][gc,phases,start] GC(172) Adjust Roots
[19.420s][info][gc,phases      ] GC(172) Adjust Roots 0.208ms
[19.420s][info][gc,phases,start] GC(172) Compaction Phase
[19.558s][info][gc,phases      ] GC(172) Compaction Phase 137.664ms
[19.558s][info][gc,phases,start] GC(172) Post Compact
[19.561s][info][gc,phases      ] GC(172) Post Compact 3.269ms
[19.561s][info][gc,heap        ] GC(172) PSYoungGen: 27135K(115712K)->27135K(115712K) Eden: 27135K(27136K)->27135K(27136K) From: 0K(88576K)->0K(88576K)
[19.562s][info][gc,heap        ] GC(172) ParOldGen: 1706568K(1707008K)->1706568K(1707008K)
[19.562s][info][gc,metaspace   ] GC(172) Metaspace: 6302K(6464K)->6302K(6464K) NonClass: 5768K(5824K)->5768K(5824K) Class: 533K(640K)->533K(640K)
[19.562s][info][gc             ] GC(172) Pause Full (Ergonomics) 1693M->1693M(1780M) 550.262ms
[19.562s][info][gc,cpu         ] GC(172) User=2.92s Sys=0.02s Real=0.55s
[19.562s][info][gc,start       ] GC(173) Pause Full (Ergonomics)
[19.562s][info][gc,phases,start] GC(173) Marking Phase
[19.962s][info][gc,phases      ] GC(173) Marking Phase 399.701ms
[19.962s][info][gc,phases,start] GC(173) Summary Phase
[19.962s][info][gc,phases      ] GC(173) Summary Phase 0.029ms
[19.962s][info][gc,phases,start] GC(173) Adjust Roots
[19.962s][info][gc,phases      ] GC(173) Adjust Roots 0.196ms
[19.962s][info][gc,phases,start] GC(173) Compaction Phase
[20.102s][info][gc,phases      ] GC(173) Compaction Phase 139.960ms
[20.102s][info][gc,phases,start] GC(173) Post Compact
[20.105s][info][gc,phases      ] GC(173) Post Compact 3.211ms
[20.105s][info][gc,heap        ] GC(173) PSYoungGen: 27135K(115712K)->27135K(115712K) Eden: 27135K(27136K)->27135K(27136K) From: 0K(88576K)->0K(88576K)
[20.105s][info][gc,heap        ] GC(173) ParOldGen: 1706572K(1707008K)->1706572K(1707008K)
[20.105s][info][gc,metaspace   ] GC(173) Metaspace: 6302K(6464K)->6302K(6464K) NonClass: 5768K(5824K)->5768K(5824K) Class: 533K(640K)->533K(640K)
[20.105s][info][gc             ] GC(173) Pause Full (Ergonomics) 1693M->1693M(1780M) 543.505ms
[20.105s][info][gc,cpu         ] GC(173) User=2.86s Sys=0.02s Real=0.54s
[20.106s][info][gc,start       ] GC(174) Pause Full (Ergonomics)
[20.106s][info][gc,phases,start] GC(174) Marking Phase
[20.530s][info][gc,phases      ] GC(174) Marking Phase 424.691ms
[20.530s][info][gc,phases,start] GC(174) Summary Phase
[20.531s][info][gc,phases      ] GC(174) Summary Phase 0.026ms
[20.531s][info][gc,phases,start] GC(174) Adjust Roots
[20.531s][info][gc,phases      ] GC(174) Adjust Roots 0.189ms
[20.531s][info][gc,phases,start] GC(174) Compaction Phase
[20.666s][info][gc,phases      ] GC(174) Compaction Phase 135.064ms
[20.666s][info][gc,phases,start] GC(174) Post Compact
[20.670s][info][gc,phases      ] GC(174) Post Compact 3.609ms
[20.670s][info][gc,heap        ] GC(174) PSYoungGen: 27135K(115712K)->27135K(115712K) Eden: 27135K(27136K)->27135K(27136K) From: 0K(88576K)->0K(88576K)
[20.670s][info][gc,heap        ] GC(174) ParOldGen: 1706577K(1707008K)->1706577K(1707008K)
[20.670s][info][gc,metaspace   ] GC(174) Metaspace: 6302K(6464K)->6302K(6464K) NonClass: 5768K(5824K)->5768K(5824K) Class: 533K(640K)->533K(640K)
[20.670s][info][gc             ] GC(174) Pause Full (Ergonomics) 1693M->1693M(1780M) 563.929ms
[20.670s][info][gc,cpu         ] GC(174) User=2.95s Sys=0.05s Real=0.56s
[20.670s][info][gc,start       ] GC(175) Pause Full (Ergonomics)
[20.670s][info][gc,phases,start] GC(175) Marking Phase
[21.084s][info][gc,phases      ] GC(175) Marking Phase 413.578ms
[21.084s][info][gc,phases,start] GC(175) Summary Phase
[21.084s][info][gc,phases      ] GC(175) Summary Phase 0.037ms
[21.084s][info][gc,phases,start] GC(175) Adjust Roots
[21.084s][info][gc,phases      ] GC(175) Adjust Roots 0.194ms
[21.084s][info][gc,phases,start] GC(175) Compaction Phase
[21.225s][info][gc,phases      ] GC(175) Compaction Phase 140.824ms
[21.225s][info][gc,phases,start] GC(175) Post Compact
[21.228s][info][gc,phases      ] GC(175) Post Compact 3.222ms
[21.228s][info][gc,heap        ] GC(175) PSYoungGen: 27135K(115712K)->27135K(115712K) Eden: 27135K(27136K)->27135K(27136K) From: 0K(88576K)->0K(88576K)
[21.228s][info][gc,heap        ] GC(175) ParOldGen: 1706582K(1707008K)->1706582K(1707008K)
[21.228s][info][gc,metaspace   ] GC(175) Metaspace: 6302K(6464K)->6302K(6464K) NonClass: 5768K(5824K)->5768K(5824K) Class: 533K(640K)->533K(640K)
[21.228s][info][gc             ] GC(175) Pause Full (Ergonomics) 1693M->1693M(1780M) 558.272ms
[21.228s][info][gc,cpu         ] GC(175) User=2.86s Sys=0.00s Real=0.56s
[21.229s][info][gc,start       ] GC(176) Pause Full (Ergonomics)
[21.229s][info][gc,phases,start] GC(176) Marking Phase
[21.644s][info][gc,phases      ] GC(176) Marking Phase 415.549ms
[21.644s][info][gc,phases,start] GC(176) Summary Phase
[21.644s][info][gc,phases      ] GC(176) Summary Phase 0.028ms
[21.644s][info][gc,phases,start] GC(176) Adjust Roots
[21.644s][info][gc,phases      ] GC(176) Adjust Roots 0.190ms
[21.644s][info][gc,phases,start] GC(176) Compaction Phase
[21.788s][info][gc,phases      ] GC(176) Compaction Phase 143.832ms
[21.788s][info][gc,phases,start] GC(176) Post Compact
[21.791s][info][gc,phases      ] GC(176) Post Compact 2.995ms
[21.791s][info][gc,heap        ] GC(176) PSYoungGen: 27135K(115712K)->27135K(115712K) Eden: 27135K(27136K)->27135K(27136K) From: 0K(88576K)->0K(88576K)
[21.791s][info][gc,heap        ] GC(176) ParOldGen: 1706586K(1707008K)->1706586K(1707008K)
[21.792s][info][gc,metaspace   ] GC(176) Metaspace: 6302K(6464K)->6302K(6464K) NonClass: 5768K(5824K)->5768K(5824K) Class: 533K(640K)->533K(640K)
[21.792s][info][gc             ] GC(176) Pause Full (Ergonomics) 1693M->1693M(1780M) 562.944ms
[21.792s][info][gc,cpu         ] GC(176) User=3.02s Sys=0.00s Real=0.56s
[21.792s][info][gc,start       ] GC(177) Pause Full (Ergonomics)
[21.792s][info][gc,phases,start] GC(177) Marking Phase
[22.208s][info][gc,phases      ] GC(177) Marking Phase 416.325ms
[22.208s][info][gc,phases,start] GC(177) Summary Phase
[22.208s][info][gc,phases      ] GC(177) Summary Phase 0.028ms
[22.208s][info][gc,phases,start] GC(177) Adjust Roots
[22.209s][info][gc,phases      ] GC(177) Adjust Roots 0.206ms
[22.209s][info][gc,phases,start] GC(177) Compaction Phase
[22.340s][info][gc,phases      ] GC(177) Compaction Phase 131.083ms
[22.340s][info][gc,phases,start] GC(177) Post Compact
[22.343s][info][gc,phases      ] GC(177) Post Compact 3.227ms
[22.343s][info][gc,heap        ] GC(177) PSYoungGen: 27135K(115712K)->27135K(115712K) Eden: 27135K(27136K)->27135K(27136K) From: 0K(88576K)->0K(88576K)
[22.343s][info][gc,heap        ] GC(177) ParOldGen: 1706591K(1707008K)->1706591K(1707008K)
[22.343s][info][gc,metaspace   ] GC(177) Metaspace: 6302K(6464K)->6302K(6464K) NonClass: 5768K(5824K)->5768K(5824K) Class: 533K(640K)->533K(640K)
[22.343s][info][gc             ] GC(177) Pause Full (Ergonomics) 1693M->1693M(1780M) 551.239ms
[22.343s][info][gc,cpu         ] GC(177) User=3.02s Sys=0.00s Real=0.55s
[22.343s][info][gc,start       ] GC(178) Pause Full (Ergonomics)
[22.343s][info][gc,phases,start] GC(178) Marking Phase
[22.759s][info][gc,phases      ] GC(178) Marking Phase 415.533ms
[22.759s][info][gc,phases,start] GC(178) Summary Phase
[22.759s][info][gc,phases      ] GC(178) Summary Phase 0.029ms
[22.759s][info][gc,phases,start] GC(178) Adjust Roots
[22.759s][info][gc,phases      ] GC(178) Adjust Roots 0.199ms
[22.759s][info][gc,phases,start] GC(178) Compaction Phase
[22.903s][info][gc,phases      ] GC(178) Compaction Phase 143.312ms
[22.903s][info][gc,phases,start] GC(178) Post Compact
[22.906s][info][gc,phases      ] GC(178) Post Compact 3.308ms
[22.906s][info][gc,heap        ] GC(178) PSYoungGen: 27135K(115712K)->27135K(115712K) Eden: 27135K(27136K)->27135K(27136K) From: 0K(88576K)->0K(88576K)
[22.906s][info][gc,heap        ] GC(178) ParOldGen: 1706596K(1707008K)->1706596K(1707008K)
[22.906s][info][gc,metaspace   ] GC(178) Metaspace: 6302K(6464K)->6302K(6464K) NonClass: 5768K(5824K)->5768K(5824K) Class: 533K(640K)->533K(640K)
[22.906s][info][gc             ] GC(178) Pause Full (Ergonomics) 1693M->1693M(1780M) 562.747ms
[22.906s][info][gc,cpu         ] GC(178) User=3.03s Sys=0.02s Real=0.56s
[22.906s][info][gc,start       ] GC(179) Pause Full (Ergonomics)
[22.906s][info][gc,phases,start] GC(179) Marking Phase
[23.331s][info][gc,phases      ] GC(179) Marking Phase 424.445ms
[23.331s][info][gc,phases,start] GC(179) Summary Phase
[23.331s][info][gc,phases      ] GC(179) Summary Phase 0.026ms
[23.331s][info][gc,phases,start] GC(179) Adjust Roots
[23.331s][info][gc,phases      ] GC(179) Adjust Roots 0.192ms
[23.331s][info][gc,phases,start] GC(179) Compaction Phase
[23.474s][info][gc,phases      ] GC(179) Compaction Phase 142.971ms
[23.474s][info][gc,phases,start] GC(179) Post Compact
[23.478s][info][gc,phases      ] GC(179) Post Compact 3.216ms
[23.478s][info][gc,heap        ] GC(179) PSYoungGen: 27135K(115712K)->27135K(115712K) Eden: 27135K(27136K)->27135K(27136K) From: 0K(88576K)->0K(88576K)
[23.478s][info][gc,heap        ] GC(179) ParOldGen: 1706600K(1707008K)->1706600K(1707008K)
[23.478s][info][gc,metaspace   ] GC(179) Metaspace: 6302K(6464K)->6302K(6464K) NonClass: 5768K(5824K)->5768K(5824K) Class: 533K(640K)->533K(640K)
[23.478s][info][gc             ] GC(179) Pause Full (Ergonomics) 1693M->1693M(1780M) 571.204ms
[23.478s][info][gc,cpu         ] GC(179) User=2.97s Sys=0.02s Real=0.57s
[23.478s][info][gc,start       ] GC(180) Pause Full (Ergonomics)
[23.478s][info][gc,phases,start] GC(180) Marking Phase
[23.904s][info][gc,phases      ] GC(180) Marking Phase 425.511ms
[23.904s][info][gc,phases,start] GC(180) Summary Phase
[23.904s][info][gc,phases      ] GC(180) Summary Phase 0.029ms
[23.904s][info][gc,phases,start] GC(180) Adjust Roots
[23.904s][info][gc,phases      ] GC(180) Adjust Roots 0.200ms
[23.904s][info][gc,phases,start] GC(180) Compaction Phase
[24.022s][info][gc,phases      ] GC(180) Compaction Phase 117.895ms
[24.022s][info][gc,phases,start] GC(180) Post Compact
[24.025s][info][gc,phases      ] GC(180) Post Compact 3.192ms
[24.025s][info][gc,heap        ] GC(180) PSYoungGen: 27135K(115712K)->27135K(115712K) Eden: 27135K(27136K)->27135K(27136K) From: 0K(88576K)->0K(88576K)
[24.025s][info][gc,heap        ] GC(180) ParOldGen: 1706605K(1707008K)->1706605K(1707008K)
[24.025s][info][gc,metaspace   ] GC(180) Metaspace: 6302K(6464K)->6302K(6464K) NonClass: 5768K(5824K)->5768K(5824K) Class: 533K(640K)->533K(640K)
[24.025s][info][gc             ] GC(180) Pause Full (Ergonomics) 1693M->1693M(1780M) 547.192ms
[24.025s][info][gc,cpu         ] GC(180) User=3.00s Sys=0.00s Real=0.55s
[24.025s][info][gc,start       ] GC(181) Pause Full (Ergonomics)
[24.026s][info][gc,phases,start] GC(181) Marking Phase
[24.451s][info][gc,phases      ] GC(181) Marking Phase 425.874ms
[24.451s][info][gc,phases,start] GC(181) Summary Phase
[24.451s][info][gc,phases      ] GC(181) Summary Phase 0.029ms
[24.452s][info][gc,phases,start] GC(181) Adjust Roots
[24.452s][info][gc,phases      ] GC(181) Adjust Roots 0.207ms
[24.452s][info][gc,phases,start] GC(181) Compaction Phase
[24.591s][info][gc,phases      ] GC(181) Compaction Phase 139.548ms
[24.591s][info][gc,phases,start] GC(181) Post Compact
[24.595s][info][gc,phases      ] GC(181) Post Compact 3.225ms
[24.595s][info][gc,heap        ] GC(181) PSYoungGen: 27135K(115712K)->27135K(115712K) Eden: 27135K(27136K)->27135K(27136K) From: 0K(88576K)->0K(88576K)
[24.595s][info][gc,heap        ] GC(181) ParOldGen: 1706610K(1707008K)->1706610K(1707008K)
[24.595s][info][gc,metaspace   ] GC(181) Metaspace: 6302K(6464K)->6302K(6464K) NonClass: 5768K(5824K)->5768K(5824K) Class: 533K(640K)->533K(640K)
[24.595s][info][gc             ] GC(181) Pause Full (Ergonomics) 1693M->1693M(1780M) 569.269ms
[24.595s][info][gc,cpu         ] GC(181) User=3.05s Sys=0.00s Real=0.57s
[24.595s][info][gc,start       ] GC(182) Pause Full (Ergonomics)
[24.595s][info][gc,phases,start] GC(182) Marking Phase
[24.993s][info][gc,phases      ] GC(182) Marking Phase 397.362ms
[24.993s][info][gc,phases,start] GC(182) Summary Phase
[24.993s][info][gc,phases      ] GC(182) Summary Phase 0.029ms
[24.993s][info][gc,phases,start] GC(182) Adjust Roots
[24.993s][info][gc,phases      ] GC(182) Adjust Roots 0.201ms
[24.993s][info][gc,phases,start] GC(182) Compaction Phase
[25.123s][info][gc,phases      ] GC(182) Compaction Phase 129.743ms
[25.123s][info][gc,phases,start] GC(182) Post Compact
[25.126s][info][gc,phases      ] GC(182) Post Compact 3.116ms
[25.126s][info][gc,heap        ] GC(182) PSYoungGen: 27135K(115712K)->27135K(115712K) Eden: 27135K(27136K)->27135K(27136K) From: 0K(88576K)->0K(88576K)
[25.126s][info][gc,heap        ] GC(182) ParOldGen: 1706614K(1707008K)->1706614K(1707008K)
[25.126s][info][gc,metaspace   ] GC(182) Metaspace: 6302K(6464K)->6302K(6464K) NonClass: 5768K(5824K)->5768K(5824K) Class: 533K(640K)->533K(640K)
[25.126s][info][gc             ] GC(182) Pause Full (Ergonomics) 1693M->1693M(1780M) 530.821ms
[25.126s][info][gc,cpu         ] GC(182) User=2.78s Sys=0.03s Real=0.53s
[25.126s][info][gc,start       ] GC(183) Pause Full (Ergonomics)
[25.126s][info][gc,phases,start] GC(183) Marking Phase
[25.550s][info][gc,phases      ] GC(183) Marking Phase 424.165ms
[25.550s][info][gc,phases,start] GC(183) Summary Phase
[25.550s][info][gc,phases      ] GC(183) Summary Phase 0.030ms
[25.550s][info][gc,phases,start] GC(183) Adjust Roots
[25.551s][info][gc,phases      ] GC(183) Adjust Roots 0.201ms
[25.551s][info][gc,phases,start] GC(183) Compaction Phase
[25.681s][info][gc,phases      ] GC(183) Compaction Phase 130.216ms
[25.681s][info][gc,phases,start] GC(183) Post Compact
[25.684s][info][gc,phases      ] GC(183) Post Compact 3.062ms
[25.684s][info][gc,heap        ] GC(183) PSYoungGen: 27135K(115712K)->27135K(115712K) Eden: 27135K(27136K)->27135K(27136K) From: 0K(88576K)->0K(88576K)
[25.684s][info][gc,heap        ] GC(183) ParOldGen: 1706619K(1707008K)->1706619K(1707008K)
[25.684s][info][gc,metaspace   ] GC(183) Metaspace: 6302K(6464K)->6302K(6464K) NonClass: 5768K(5824K)->5768K(5824K) Class: 533K(640K)->533K(640K)
[25.684s][info][gc             ] GC(183) Pause Full (Ergonomics) 1693M->1693M(1780M) 557.997ms
[25.684s][info][gc,cpu         ] GC(183) User=2.97s Sys=0.00s Real=0.56s
[25.684s][info][gc,start       ] GC(184) Pause Full (Ergonomics)
[25.684s][info][gc,phases,start] GC(184) Marking Phase
[26.112s][info][gc,phases      ] GC(184) Marking Phase 427.836ms
[26.112s][info][gc,phases,start] GC(184) Summary Phase
[26.112s][info][gc,phases      ] GC(184) Summary Phase 0.028ms
[26.112s][info][gc,phases,start] GC(184) Adjust Roots
[26.113s][info][gc,phases      ] GC(184) Adjust Roots 0.198ms
[26.113s][info][gc,phases,start] GC(184) Compaction Phase
[26.259s][info][gc,phases      ] GC(184) Compaction Phase 146.329ms
[26.259s][info][gc,phases,start] GC(184) Post Compact
[26.262s][info][gc,phases      ] GC(184) Post Compact 3.006ms
[26.262s][info][gc,heap        ] GC(184) PSYoungGen: 27135K(115712K)->27135K(115712K) Eden: 27135K(27136K)->27135K(27136K) From: 0K(88576K)->0K(88576K)
[26.262s][info][gc,heap        ] GC(184) ParOldGen: 1706624K(1707008K)->1706624K(1707008K)
[26.262s][info][gc,metaspace   ] GC(184) Metaspace: 6302K(6464K)->6302K(6464K) NonClass: 5768K(5824K)->5768K(5824K) Class: 533K(640K)->533K(640K)
[26.262s][info][gc             ] GC(184) Pause Full (Ergonomics) 1693M->1693M(1780M) 577.800ms
[26.262s][info][gc,cpu         ] GC(184) User=2.94s Sys=0.02s Real=0.58s
[26.263s][info][gc,start       ] GC(185) Pause Full (Ergonomics)
[26.263s][info][gc,phases,start] GC(185) Marking Phase
[26.674s][info][gc,phases      ] GC(185) Marking Phase 411.540ms
[26.674s][info][gc,phases,start] GC(185) Summary Phase
[26.674s][info][gc,phases      ] GC(185) Summary Phase 0.032ms
[26.674s][info][gc,phases,start] GC(185) Adjust Roots
[26.675s][info][gc,phases      ] GC(185) Adjust Roots 0.254ms
[26.675s][info][gc,phases,start] GC(185) Compaction Phase
[26.803s][info][gc,phases      ] GC(185) Compaction Phase 128.343ms
[26.803s][info][gc,phases,start] GC(185) Post Compact
[26.806s][info][gc,phases      ] GC(185) Post Compact 3.209ms
[26.806s][info][gc,heap        ] GC(185) PSYoungGen: 27135K(115712K)->27135K(115712K) Eden: 27135K(27136K)->27135K(27136K) From: 0K(88576K)->0K(88576K)
[26.806s][info][gc,heap        ] GC(185) ParOldGen: 1706628K(1707008K)->1706628K(1707008K)
[26.806s][info][gc,metaspace   ] GC(185) Metaspace: 6302K(6464K)->6302K(6464K) NonClass: 5768K(5824K)->5768K(5824K) Class: 533K(640K)->533K(640K)
[26.806s][info][gc             ] GC(185) Pause Full (Ergonomics) 1693M->1693M(1780M) 543.812ms
[26.806s][info][gc,cpu         ] GC(185) User=2.89s Sys=0.02s Real=0.54s
[26.807s][info][gc,start       ] GC(186) Pause Full (Ergonomics)
[26.807s][info][gc,phases,start] GC(186) Marking Phase
[27.228s][info][gc,phases      ] GC(186) Marking Phase 420.808ms
[27.228s][info][gc,phases,start] GC(186) Summary Phase
[27.228s][info][gc,phases      ] GC(186) Summary Phase 0.038ms
[27.228s][info][gc,phases,start] GC(186) Adjust Roots
[27.228s][info][gc,phases      ] GC(186) Adjust Roots 0.200ms
[27.228s][info][gc,phases,start] GC(186) Compaction Phase
[27.367s][info][gc,phases      ] GC(186) Compaction Phase 138.752ms
[27.367s][info][gc,phases,start] GC(186) Post Compact
[27.370s][info][gc,phases      ] GC(186) Post Compact 3.226ms
[27.370s][info][gc,heap        ] GC(186) PSYoungGen: 27135K(115712K)->27135K(115712K) Eden: 27135K(27136K)->27135K(27136K) From: 0K(88576K)->0K(88576K)
[27.370s][info][gc,heap        ] GC(186) ParOldGen: 1706633K(1707008K)->1706633K(1707008K)
[27.370s][info][gc,metaspace   ] GC(186) Metaspace: 6302K(6464K)->6302K(6464K) NonClass: 5768K(5824K)->5768K(5824K) Class: 533K(640K)->533K(640K)
[27.370s][info][gc             ] GC(186) Pause Full (Ergonomics) 1693M->1693M(1780M) 563.417ms
[27.370s][info][gc,cpu         ] GC(186) User=3.14s Sys=0.00s Real=0.56s
[27.370s][info][gc,start       ] GC(187) Pause Full (Ergonomics)
[27.370s][info][gc,phases,start] GC(187) Marking Phase
[27.786s][info][gc,phases      ] GC(187) Marking Phase 415.731ms
[27.786s][info][gc,phases,start] GC(187) Summary Phase
[27.786s][info][gc,phases      ] GC(187) Summary Phase 0.030ms
[27.786s][info][gc,phases,start] GC(187) Adjust Roots
[27.787s][info][gc,phases      ] GC(187) Adjust Roots 0.197ms
[27.787s][info][gc,phases,start] GC(187) Compaction Phase
[27.928s][info][gc,phases      ] GC(187) Compaction Phase 141.553ms
[27.928s][info][gc,phases,start] GC(187) Post Compact
[27.931s][info][gc,phases      ] GC(187) Post Compact 3.050ms
[27.931s][info][gc,heap        ] GC(187) PSYoungGen: 27135K(115712K)->27135K(115712K) Eden: 27135K(27136K)->27135K(27136K) From: 0K(88576K)->0K(88576K)
[27.931s][info][gc,heap        ] GC(187) ParOldGen: 1706638K(1707008K)->1706638K(1707008K)
[27.931s][info][gc,metaspace   ] GC(187) Metaspace: 6302K(6464K)->6302K(6464K) NonClass: 5768K(5824K)->5768K(5824K) Class: 533K(640K)->533K(640K)
[27.931s][info][gc             ] GC(187) Pause Full (Ergonomics) 1693M->1693M(1780M) 560.963ms
[27.931s][info][gc,cpu         ] GC(187) User=3.03s Sys=0.00s Real=0.56s
[27.932s][info][gc,start       ] GC(188) Pause Full (Ergonomics)
[27.932s][info][gc,phases,start] GC(188) Marking Phase
[28.357s][info][gc,phases      ] GC(188) Marking Phase 425.090ms
[28.357s][info][gc,phases,start] GC(188) Summary Phase
[28.357s][info][gc,phases      ] GC(188) Summary Phase 0.028ms
[28.357s][info][gc,phases,start] GC(188) Adjust Roots
[28.357s][info][gc,phases      ] GC(188) Adjust Roots 0.195ms
[28.357s][info][gc,phases,start] GC(188) Compaction Phase
[28.501s][info][gc,phases      ] GC(188) Compaction Phase 144.063ms
[28.501s][info][gc,phases,start] GC(188) Post Compact
[28.504s][info][gc,phases      ] GC(188) Post Compact 3.014ms
[28.504s][info][gc,heap        ] GC(188) PSYoungGen: 27135K(115712K)->27135K(115712K) Eden: 27135K(27136K)->27135K(27136K) From: 0K(88576K)->0K(88576K)
[28.504s][info][gc,heap        ] GC(188) ParOldGen: 1706642K(1707008K)->1706642K(1707008K)
[28.504s][info][gc,metaspace   ] GC(188) Metaspace: 6302K(6464K)->6302K(6464K) NonClass: 5768K(5824K)->5768K(5824K) Class: 533K(640K)->533K(640K)
[28.504s][info][gc             ] GC(188) Pause Full (Ergonomics) 1693M->1693M(1780M) 572.743ms
[28.504s][info][gc,cpu         ] GC(188) User=3.08s Sys=0.00s Real=0.57s
[28.505s][info][gc,start       ] GC(189) Pause Full (Ergonomics)
[28.505s][info][gc,phases,start] GC(189) Marking Phase
[28.931s][info][gc,phases      ] GC(189) Marking Phase 426.716ms
[28.932s][info][gc,phases,start] GC(189) Summary Phase
[28.932s][info][gc,phases      ] GC(189) Summary Phase 0.028ms
[28.932s][info][gc,phases,start] GC(189) Adjust Roots
[28.932s][info][gc,phases      ] GC(189) Adjust Roots 0.189ms
[28.932s][info][gc,phases,start] GC(189) Compaction Phase
[29.064s][info][gc,phases      ] GC(189) Compaction Phase 132.505ms
[29.064s][info][gc,phases,start] GC(189) Post Compact
[29.068s][info][gc,phases      ] GC(189) Post Compact 3.394ms
[29.068s][info][gc,heap        ] GC(189) PSYoungGen: 27135K(115712K)->27135K(115712K) Eden: 27135K(27136K)->27135K(27136K) From: 0K(88576K)->0K(88576K)
[29.068s][info][gc,heap        ] GC(189) ParOldGen: 1706647K(1707008K)->1706647K(1707008K)
[29.068s][info][gc,metaspace   ] GC(189) Metaspace: 6302K(6464K)->6302K(6464K) NonClass: 5768K(5824K)->5768K(5824K) Class: 533K(640K)->533K(640K)
[29.068s][info][gc             ] GC(189) Pause Full (Ergonomics) 1693M->1693M(1780M) 563.192ms
[29.068s][info][gc,cpu         ] GC(189) User=3.11s Sys=0.02s Real=0.56s
[29.068s][info][gc,start       ] GC(190) Pause Full (Ergonomics)
[29.068s][info][gc,phases,start] GC(190) Marking Phase
[29.491s][info][gc,phases      ] GC(190) Marking Phase 422.491ms
[29.491s][info][gc,phases,start] GC(190) Summary Phase
[29.491s][info][gc,phases      ] GC(190) Summary Phase 0.029ms
[29.491s][info][gc,phases,start] GC(190) Adjust Roots
[29.491s][info][gc,phases      ] GC(190) Adjust Roots 0.206ms
[29.491s][info][gc,phases,start] GC(190) Compaction Phase
[29.630s][info][gc,phases      ] GC(190) Compaction Phase 139.362ms
[29.631s][info][gc,phases,start] GC(190) Post Compact
[29.634s][info][gc,phases      ] GC(190) Post Compact 3.027ms
[29.634s][info][gc,heap        ] GC(190) PSYoungGen: 27135K(115712K)->27135K(115712K) Eden: 27135K(27136K)->27135K(27136K) From: 0K(88576K)->0K(88576K)
[29.634s][info][gc,heap        ] GC(190) ParOldGen: 1706652K(1707008K)->1706652K(1707008K)
[29.634s][info][gc,metaspace   ] GC(190) Metaspace: 6302K(6464K)->6302K(6464K) NonClass: 5768K(5824K)->5768K(5824K) Class: 533K(640K)->533K(640K)
[29.634s][info][gc             ] GC(190) Pause Full (Ergonomics) 1693M->1693M(1780M) 565.448ms
[29.634s][info][gc,cpu         ] GC(190) User=3.03s Sys=0.00s Real=0.57s
[29.634s][info][gc,start       ] GC(191) Pause Full (Ergonomics)
[29.634s][info][gc,phases,start] GC(191) Marking Phase
[30.051s][info][gc,phases      ] GC(191) Marking Phase 417.357ms
[30.051s][info][gc,phases,start] GC(191) Summary Phase
[30.052s][info][gc,phases      ] GC(191) Summary Phase 0.029ms
[30.052s][info][gc,phases,start] GC(191) Adjust Roots
[30.052s][info][gc,phases      ] GC(191) Adjust Roots 0.194ms
[30.052s][info][gc,phases,start] GC(191) Compaction Phase
[30.183s][info][gc,phases      ] GC(191) Compaction Phase 131.711ms
[30.184s][info][gc,phases,start] GC(191) Post Compact
[30.187s][info][gc,phases      ] GC(191) Post Compact 3.361ms
[30.187s][info][gc,heap        ] GC(191) PSYoungGen: 27135K(115712K)->27135K(115712K) Eden: 27135K(27136K)->27135K(27136K) From: 0K(88576K)->0K(88576K)
[30.187s][info][gc,heap        ] GC(191) ParOldGen: 1706656K(1707008K)->1706656K(1707008K)
[30.187s][info][gc,metaspace   ] GC(191) Metaspace: 6302K(6464K)->6302K(6464K) NonClass: 5768K(5824K)->5768K(5824K) Class: 533K(640K)->533K(640K)
[30.187s][info][gc             ] GC(191) Pause Full (Ergonomics) 1693M->1693M(1780M) 553.130ms
[30.187s][info][gc,cpu         ] GC(191) User=2.98s Sys=0.03s Real=0.55s
[30.187s][info][gc,start       ] GC(192) Pause Full (Ergonomics)
[30.188s][info][gc,phases,start] GC(192) Marking Phase
[30.607s][info][gc,phases      ] GC(192) Marking Phase 419.674ms
[30.607s][info][gc,phases,start] GC(192) Summary Phase
[30.607s][info][gc,phases      ] GC(192) Summary Phase 0.036ms
[30.607s][info][gc,phases,start] GC(192) Adjust Roots
[30.608s][info][gc,phases      ] GC(192) Adjust Roots 0.201ms
[30.608s][info][gc,phases,start] GC(192) Compaction Phase
[30.740s][info][gc,phases      ] GC(192) Compaction Phase 132.698ms
[30.740s][info][gc,phases,start] GC(192) Post Compact
[30.744s][info][gc,phases      ] GC(192) Post Compact 3.224ms
[30.744s][info][gc,heap        ] GC(192) PSYoungGen: 27135K(115712K)->27135K(115712K) Eden: 27135K(27136K)->27135K(27136K) From: 0K(88576K)->0K(88576K)
[30.744s][info][gc,heap        ] GC(192) ParOldGen: 1706661K(1707008K)->1706661K(1707008K)
[30.744s][info][gc,metaspace   ] GC(192) Metaspace: 6302K(6464K)->6302K(6464K) NonClass: 5768K(5824K)->5768K(5824K) Class: 533K(640K)->533K(640K)
[30.744s][info][gc             ] GC(192) Pause Full (Ergonomics) 1693M->1693M(1780M) 556.193ms
[30.744s][info][gc,cpu         ] GC(192) User=2.95s Sys=0.02s Real=0.56s
[30.744s][info][gc,start       ] GC(193) Pause Full (Ergonomics)
[30.744s][info][gc,phases,start] GC(193) Marking Phase
[31.163s][info][gc,phases      ] GC(193) Marking Phase 419.133ms
[31.163s][info][gc,phases,start] GC(193) Summary Phase
[31.163s][info][gc,phases      ] GC(193) Summary Phase 0.029ms
[31.163s][info][gc,phases,start] GC(193) Adjust Roots
[31.163s][info][gc,phases      ] GC(193) Adjust Roots 0.191ms
[31.163s][info][gc,phases,start] GC(193) Compaction Phase
[31.307s][info][gc,phases      ] GC(193) Compaction Phase 143.486ms
[31.307s][info][gc,phases,start] GC(193) Post Compact
[31.310s][info][gc,phases      ] GC(193) Post Compact 2.939ms
[31.310s][info][gc,heap        ] GC(193) PSYoungGen: 27135K(115712K)->27135K(115712K) Eden: 27135K(27136K)->27135K(27136K) From: 0K(88576K)->0K(88576K)
[31.310s][info][gc,heap        ] GC(193) ParOldGen: 1706666K(1707008K)->1706666K(1707008K)
[31.310s][info][gc,metaspace   ] GC(193) Metaspace: 6302K(6464K)->6302K(6464K) NonClass: 5768K(5824K)->5768K(5824K) Class: 533K(640K)->533K(640K)
[31.310s][info][gc             ] GC(193) Pause Full (Ergonomics) 1693M->1693M(1780M) 566.108ms
[31.310s][info][gc,cpu         ] GC(193) User=3.03s Sys=0.02s Real=0.57s
[31.310s][info][gc,start       ] GC(194) Pause Full (Ergonomics)
[31.310s][info][gc,phases,start] GC(194) Marking Phase
[31.711s][info][gc,phases      ] GC(194) Marking Phase 400.474ms
[31.711s][info][gc,phases,start] GC(194) Summary Phase
[31.711s][info][gc,phases      ] GC(194) Summary Phase 0.028ms
[31.711s][info][gc,phases,start] GC(194) Adjust Roots
[31.711s][info][gc,phases      ] GC(194) Adjust Roots 0.199ms
[31.711s][info][gc,phases,start] GC(194) Compaction Phase
[31.825s][info][gc,phases      ] GC(194) Compaction Phase 114.128ms
[31.825s][info][gc,phases,start] GC(194) Post Compact
[31.828s][info][gc,phases      ] GC(194) Post Compact 2.829ms
[31.828s][info][gc,heap        ] GC(194) PSYoungGen: 27135K(115712K)->27135K(115712K) Eden: 27135K(27136K)->27135K(27136K) From: 0K(88576K)->0K(88576K)
[31.828s][info][gc,heap        ] GC(194) ParOldGen: 1706670K(1707008K)->1706670K(1707008K)
[31.828s][info][gc,metaspace   ] GC(194) Metaspace: 6302K(6464K)->6302K(6464K) NonClass: 5768K(5824K)->5768K(5824K) Class: 533K(640K)->533K(640K)
[31.828s][info][gc             ] GC(194) Pause Full (Ergonomics) 1693M->1693M(1780M) 517.989ms
[31.828s][info][gc,cpu         ] GC(194) User=2.84s Sys=0.02s Real=0.52s
[31.829s][info][gc,start       ] GC(195) Pause Full (Ergonomics)
[31.829s][info][gc,phases,start] GC(195) Marking Phase
[32.238s][info][gc,phases      ] GC(195) Marking Phase 409.559ms
[32.238s][info][gc,phases,start] GC(195) Summary Phase
[32.238s][info][gc,phases      ] GC(195) Summary Phase 0.029ms
[32.238s][info][gc,phases,start] GC(195) Adjust Roots
[32.239s][info][gc,phases      ] GC(195) Adjust Roots 0.215ms
[32.239s][info][gc,phases,start] GC(195) Compaction Phase
[32.375s][info][gc,phases      ] GC(195) Compaction Phase 136.743ms
[32.375s][info][gc,phases,start] GC(195) Post Compact
[32.378s][info][gc,phases      ] GC(195) Post Compact 3.070ms
[32.379s][info][gc,heap        ] GC(195) PSYoungGen: 27135K(115712K)->27135K(115712K) Eden: 27135K(27136K)->27135K(27136K) From: 0K(88576K)->0K(88576K)
[32.379s][info][gc,heap        ] GC(195) ParOldGen: 1706675K(1707008K)->1706675K(1707008K)
[32.379s][info][gc,metaspace   ] GC(195) Metaspace: 6302K(6464K)->6302K(6464K) NonClass: 5768K(5824K)->5768K(5824K) Class: 533K(640K)->533K(640K)
[32.379s][info][gc             ] GC(195) Pause Full (Ergonomics) 1693M->1693M(1780M) 549.947ms
[32.379s][info][gc,cpu         ] GC(195) User=2.86s Sys=0.00s Real=0.55s
[32.379s][info][gc,start       ] GC(196) Pause Full (Ergonomics)
[32.379s][info][gc,phases,start] GC(196) Marking Phase
[32.787s][info][gc,phases      ] GC(196) Marking Phase 407.811ms
[32.787s][info][gc,phases,start] GC(196) Summary Phase
[32.787s][info][gc,phases      ] GC(196) Summary Phase 0.029ms
[32.787s][info][gc,phases,start] GC(196) Adjust Roots
[32.787s][info][gc,phases      ] GC(196) Adjust Roots 0.199ms
[32.787s][info][gc,phases,start] GC(196) Compaction Phase
[32.922s][info][gc,phases      ] GC(196) Compaction Phase 134.785ms
[32.922s][info][gc,phases,start] GC(196) Post Compact
[32.925s][info][gc,phases      ] GC(196) Post Compact 2.998ms
[32.925s][info][gc,heap        ] GC(196) PSYoungGen: 27135K(115712K)->27135K(115712K) Eden: 27135K(27136K)->27135K(27136K) From: 0K(88576K)->0K(88576K)
[32.925s][info][gc,heap        ] GC(196) ParOldGen: 1706680K(1707008K)->1706680K(1707008K)
[32.925s][info][gc,metaspace   ] GC(196) Metaspace: 6302K(6464K)->6302K(6464K) NonClass: 5768K(5824K)->5768K(5824K) Class: 533K(640K)->533K(640K)
[32.925s][info][gc             ] GC(196) Pause Full (Ergonomics) 1693M->1693M(1780M) 546.197ms
[32.925s][info][gc,cpu         ] GC(196) User=2.89s Sys=0.02s Real=0.55s
[32.925s][info][gc,start       ] GC(197) Pause Full (Ergonomics)
[32.925s][info][gc,phases,start] GC(197) Marking Phase
[33.352s][info][gc,phases      ] GC(197) Marking Phase 426.782ms
[33.352s][info][gc,phases,start] GC(197) Summary Phase
[33.352s][info][gc,phases      ] GC(197) Summary Phase 0.029ms
[33.352s][info][gc,phases,start] GC(197) Adjust Roots
[33.352s][info][gc,phases      ] GC(197) Adjust Roots 0.197ms
[33.353s][info][gc,phases,start] GC(197) Compaction Phase
[33.487s][info][gc,phases      ] GC(197) Compaction Phase 134.329ms
[33.487s][info][gc,phases,start] GC(197) Post Compact
[33.490s][info][gc,phases      ] GC(197) Post Compact 3.254ms
[33.490s][info][gc,heap        ] GC(197) PSYoungGen: 27135K(115712K)->27135K(115712K) Eden: 27135K(27136K)->27135K(27136K) From: 0K(88576K)->0K(88576K)
[33.490s][info][gc,heap        ] GC(197) ParOldGen: 1706684K(1707008K)->1706684K(1707008K)
[33.490s][info][gc,metaspace   ] GC(197) Metaspace: 6302K(6464K)->6302K(6464K) NonClass: 5768K(5824K)->5768K(5824K) Class: 533K(640K)->533K(640K)
[33.490s][info][gc             ] GC(197) Pause Full (Ergonomics) 1693M->1693M(1780M) 564.941ms
[33.490s][info][gc,cpu         ] GC(197) User=3.11s Sys=0.00s Real=0.56s
[33.491s][info][gc,start       ] GC(198) Pause Full (Ergonomics)
[33.491s][info][gc,phases,start] GC(198) Marking Phase
[33.910s][info][gc,phases      ] GC(198) Marking Phase 418.853ms
[33.910s][info][gc,phases,start] GC(198) Summary Phase
[33.910s][info][gc,phases      ] GC(198) Summary Phase 0.029ms
[33.910s][info][gc,phases,start] GC(198) Adjust Roots
[33.910s][info][gc,phases      ] GC(198) Adjust Roots 0.196ms
[33.910s][info][gc,phases,start] GC(198) Compaction Phase
[34.054s][info][gc,phases      ] GC(198) Compaction Phase 143.719ms
[34.054s][info][gc,phases,start] GC(198) Post Compact
[34.057s][info][gc,phases      ] GC(198) Post Compact 3.058ms
[34.057s][info][gc,heap        ] GC(198) PSYoungGen: 27135K(115712K)->27135K(115712K) Eden: 27135K(27136K)->27135K(27136K) From: 0K(88576K)->0K(88576K)
[34.057s][info][gc,heap        ] GC(198) ParOldGen: 1706689K(1707008K)->1706689K(1707008K)
[34.057s][info][gc,metaspace   ] GC(198) Metaspace: 6302K(6464K)->6302K(6464K) NonClass: 5768K(5824K)->5768K(5824K) Class: 533K(640K)->533K(640K)
[34.057s][info][gc             ] GC(198) Pause Full (Ergonomics) 1693M->1693M(1780M) 566.222ms
[34.057s][info][gc,cpu         ] GC(198) User=2.98s Sys=0.00s Real=0.57s
[34.057s][info][gc,start       ] GC(199) Pause Full (Ergonomics)
[34.057s][info][gc,phases,start] GC(199) Marking Phase
[34.471s][info][gc,phases      ] GC(199) Marking Phase 414.256ms
[34.471s][info][gc,phases,start] GC(199) Summary Phase
[34.472s][info][gc,phases      ] GC(199) Summary Phase 0.029ms
[34.472s][info][gc,phases,start] GC(199) Adjust Roots
[34.472s][info][gc,phases      ] GC(199) Adjust Roots 0.190ms
[34.472s][info][gc,phases,start] GC(199) Compaction Phase
[34.617s][info][gc,phases      ] GC(199) Compaction Phase 145.483ms
[34.617s][info][gc,phases,start] GC(199) Post Compact
[34.621s][info][gc,phases      ] GC(199) Post Compact 3.230ms
[34.621s][info][gc,heap        ] GC(199) PSYoungGen: 27135K(115712K)->27135K(115712K) Eden: 27135K(27136K)->27135K(27136K) From: 0K(88576K)->0K(88576K)
[34.621s][info][gc,heap        ] GC(199) ParOldGen: 1706694K(1707008K)->1706694K(1707008K)
[34.621s][info][gc,metaspace   ] GC(199) Metaspace: 6302K(6464K)->6302K(6464K) NonClass: 5768K(5824K)->5768K(5824K) Class: 533K(640K)->533K(640K)
[34.621s][info][gc             ] GC(199) Pause Full (Ergonomics) 1693M->1693M(1780M) 563.536ms
[34.621s][info][gc,cpu         ] GC(199) User=2.98s Sys=0.02s Real=0.56s
[34.621s][info][gc,start       ] GC(200) Pause Full (Ergonomics)
[34.621s][info][gc,phases,start] GC(200) Marking Phase
[35.045s][info][gc,phases      ] GC(200) Marking Phase 423.599ms
[35.045s][info][gc,phases,start] GC(200) Summary Phase
[35.045s][info][gc,phases      ] GC(200) Summary Phase 0.029ms
[35.045s][info][gc,phases,start] GC(200) Adjust Roots
[35.045s][info][gc,phases      ] GC(200) Adjust Roots 0.193ms
[35.045s][info][gc,phases,start] GC(200) Compaction Phase
[35.181s][info][gc,phases      ] GC(200) Compaction Phase 135.791ms
[35.181s][info][gc,phases,start] GC(200) Post Compact
[35.184s][info][gc,phases      ] GC(200) Post Compact 3.230ms
[35.184s][info][gc,heap        ] GC(200) PSYoungGen: 27135K(115712K)->27135K(115712K) Eden: 27135K(27136K)->27135K(27136K) From: 0K(88576K)->0K(88576K)
[35.184s][info][gc,heap        ] GC(200) ParOldGen: 1706698K(1707008K)->1706698K(1707008K)
[35.184s][info][gc,metaspace   ] GC(200) Metaspace: 6302K(6464K)->6302K(6464K) NonClass: 5768K(5824K)->5768K(5824K) Class: 533K(640K)->533K(640K)
[35.184s][info][gc             ] GC(200) Pause Full (Ergonomics) 1693M->1693M(1780M) 563.218ms
[35.184s][info][gc,cpu         ] GC(200) User=3.05s Sys=0.00s Real=0.56s
[35.185s][info][gc,start       ] GC(201) Pause Full (Ergonomics)
[35.185s][info][gc,phases,start] GC(201) Marking Phase
[35.606s][info][gc,phases      ] GC(201) Marking Phase 421.382ms
[35.606s][info][gc,phases,start] GC(201) Summary Phase
[35.606s][info][gc,phases      ] GC(201) Summary Phase 0.030ms
[35.606s][info][gc,phases,start] GC(201) Adjust Roots
[35.606s][info][gc,phases      ] GC(201) Adjust Roots 0.211ms
[35.606s][info][gc,phases,start] GC(201) Compaction Phase
[35.754s][info][gc,phases      ] GC(201) Compaction Phase 147.226ms
[35.754s][info][gc,phases,start] GC(201) Post Compact
[35.757s][info][gc,phases      ] GC(201) Post Compact 3.023ms
[35.757s][info][gc,heap        ] GC(201) PSYoungGen: 27135K(115712K)->27135K(115712K) Eden: 27135K(27136K)->27135K(27136K) From: 0K(88576K)->0K(88576K)
[35.757s][info][gc,heap        ] GC(201) ParOldGen: 1706703K(1707008K)->1706703K(1707008K)
[35.757s][info][gc,metaspace   ] GC(201) Metaspace: 6302K(6464K)->6302K(6464K) NonClass: 5768K(5824K)->5768K(5824K) Class: 533K(640K)->533K(640K)
[35.757s][info][gc             ] GC(201) Pause Full (Ergonomics) 1693M->1693M(1780M) 572.229ms
[35.757s][info][gc,cpu         ] GC(201) User=3.00s Sys=0.00s Real=0.57s
[35.757s][info][gc,start       ] GC(202) Pause Full (Ergonomics)
[35.757s][info][gc,phases,start] GC(202) Marking Phase
[36.177s][info][gc,phases      ] GC(202) Marking Phase 419.841ms
[36.177s][info][gc,phases,start] GC(202) Summary Phase
[36.177s][info][gc,phases      ] GC(202) Summary Phase 0.033ms
[36.177s][info][gc,phases,start] GC(202) Adjust Roots
[36.177s][info][gc,phases      ] GC(202) Adjust Roots 0.200ms
[36.177s][info][gc,phases,start] GC(202) Compaction Phase
[36.313s][info][gc,phases      ] GC(202) Compaction Phase 135.533ms
[36.313s][info][gc,phases,start] GC(202) Post Compact
[36.316s][info][gc,phases      ] GC(202) Post Compact 3.053ms
[36.316s][info][gc,heap        ] GC(202) PSYoungGen: 27135K(115712K)->27135K(115712K) Eden: 27135K(27136K)->27135K(27136K) From: 0K(88576K)->0K(88576K)
[36.316s][info][gc,heap        ] GC(202) ParOldGen: 1706708K(1707008K)->1706708K(1707008K)
[36.316s][info][gc,metaspace   ] GC(202) Metaspace: 6302K(6464K)->6302K(6464K) NonClass: 5768K(5824K)->5768K(5824K) Class: 533K(640K)->533K(640K)
[36.316s][info][gc             ] GC(202) Pause Full (Ergonomics) 1693M->1693M(1780M) 559.002ms
[36.316s][info][gc,cpu         ] GC(202) User=2.98s Sys=0.00s Real=0.56s
[36.316s][info][gc,start       ] GC(203) Pause Full (Ergonomics)
[36.316s][info][gc,phases,start] GC(203) Marking Phase
[36.746s][info][gc,phases      ] GC(203) Marking Phase 429.518ms
[36.746s][info][gc,phases,start] GC(203) Summary Phase
[36.746s][info][gc,phases      ] GC(203) Summary Phase 0.029ms
[36.746s][info][gc,phases,start] GC(203) Adjust Roots
[36.746s][info][gc,phases      ] GC(203) Adjust Roots 0.204ms
[36.746s][info][gc,phases,start] GC(203) Compaction Phase
[36.900s][info][gc,phases      ] GC(203) Compaction Phase 153.816ms
[36.900s][info][gc,phases,start] GC(203) Post Compact
[36.903s][info][gc,phases      ] GC(203) Post Compact 3.050ms
[36.903s][info][gc,heap        ] GC(203) PSYoungGen: 27135K(115712K)->27135K(115712K) Eden: 27135K(27136K)->27135K(27136K) From: 0K(88576K)->0K(88576K)
[36.903s][info][gc,heap        ] GC(203) ParOldGen: 1706712K(1707008K)->1706712K(1707008K)
[36.903s][info][gc,metaspace   ] GC(203) Metaspace: 6302K(6464K)->6302K(6464K) NonClass: 5768K(5824K)->5768K(5824K) Class: 533K(640K)->533K(640K)
[36.903s][info][gc             ] GC(203) Pause Full (Ergonomics) 1693M->1693M(1780M) 586.960ms
[36.903s][info][gc,cpu         ] GC(203) User=3.06s Sys=0.00s Real=0.59s
[36.904s][info][gc,start       ] GC(204) Pause Full (Ergonomics)
[36.904s][info][gc,phases,start] GC(204) Marking Phase
[37.321s][info][gc,phases      ] GC(204) Marking Phase 417.605ms
[37.321s][info][gc,phases,start] GC(204) Summary Phase
[37.321s][info][gc,phases      ] GC(204) Summary Phase 0.029ms
[37.321s][info][gc,phases,start] GC(204) Adjust Roots
[37.322s][info][gc,phases      ] GC(204) Adjust Roots 0.193ms
[37.322s][info][gc,phases,start] GC(204) Compaction Phase
[37.447s][info][gc,phases      ] GC(204) Compaction Phase 125.333ms
[37.447s][info][gc,phases,start] GC(204) Post Compact
[37.450s][info][gc,phases      ] GC(204) Post Compact 3.059ms
[37.450s][info][gc,heap        ] GC(204) PSYoungGen: 27135K(115712K)->27135K(115712K) Eden: 27135K(27136K)->27135K(27136K) From: 0K(88576K)->0K(88576K)
[37.450s][info][gc,heap        ] GC(204) ParOldGen: 1706717K(1707008K)->1706717K(1707008K)
[37.450s][info][gc,metaspace   ] GC(204) Metaspace: 6302K(6464K)->6302K(6464K) NonClass: 5768K(5824K)->5768K(5824K) Class: 533K(640K)->533K(640K)
[37.450s][info][gc             ] GC(204) Pause Full (Ergonomics) 1693M->1693M(1780M) 546.540ms
[37.450s][info][gc,cpu         ] GC(204) User=3.05s Sys=0.03s Real=0.55s
[37.450s][info][gc,start       ] GC(205) Pause Full (Ergonomics)
[37.450s][info][gc,phases,start] GC(205) Marking Phase
[37.864s][info][gc,phases      ] GC(205) Marking Phase 413.197ms
[37.864s][info][gc,phases,start] GC(205) Summary Phase
[37.864s][info][gc,phases      ] GC(205) Summary Phase 0.054ms
[37.864s][info][gc,phases,start] GC(205) Adjust Roots
[37.864s][info][gc,phases      ] GC(205) Adjust Roots 0.194ms
[37.864s][info][gc,phases,start] GC(205) Compaction Phase
[38.016s][info][gc,phases      ] GC(205) Compaction Phase 152.000ms
[38.016s][info][gc,phases,start] GC(205) Post Compact
[38.019s][info][gc,phases      ] GC(205) Post Compact 2.968ms
[38.019s][info][gc,heap        ] GC(205) PSYoungGen: 27135K(115712K)->27135K(115712K) Eden: 27135K(27136K)->27135K(27136K) From: 0K(88576K)->0K(88576K)
[38.019s][info][gc,heap        ] GC(205) ParOldGen: 1706722K(1707008K)->1706722K(1707008K)
[38.019s][info][gc,metaspace   ] GC(205) Metaspace: 6302K(6464K)->6302K(6464K) NonClass: 5768K(5824K)->5768K(5824K) Class: 533K(640K)->533K(640K)
[38.019s][info][gc             ] GC(205) Pause Full (Ergonomics) 1693M->1693M(1780M) 568.744ms
[38.019s][info][gc,cpu         ] GC(205) User=2.88s Sys=0.02s Real=0.57s
[38.019s][info][gc,start       ] GC(206) Pause Full (Ergonomics)
[38.020s][info][gc,phases,start] GC(206) Marking Phase
[38.443s][info][gc,phases      ] GC(206) Marking Phase 423.148ms
[38.443s][info][gc,phases,start] GC(206) Summary Phase
[38.443s][info][gc,phases      ] GC(206) Summary Phase 0.028ms
[38.443s][info][gc,phases,start] GC(206) Adjust Roots
[38.443s][info][gc,phases      ] GC(206) Adjust Roots 0.197ms
[38.443s][info][gc,phases,start] GC(206) Compaction Phase
[38.578s][info][gc,phases      ] GC(206) Compaction Phase 135.248ms
[38.578s][info][gc,phases,start] GC(206) Post Compact
[38.582s][info][gc,phases      ] GC(206) Post Compact 3.309ms
[38.582s][info][gc,heap        ] GC(206) PSYoungGen: 27135K(115712K)->27135K(115712K) Eden: 27135K(27136K)->27135K(27136K) From: 0K(88576K)->0K(88576K)
[38.582s][info][gc,heap        ] GC(206) ParOldGen: 1706726K(1707008K)->1706726K(1707008K)
[38.582s][info][gc,metaspace   ] GC(206) Metaspace: 6302K(6464K)->6302K(6464K) NonClass: 5768K(5824K)->5768K(5824K) Class: 533K(640K)->533K(640K)
[38.582s][info][gc             ] GC(206) Pause Full (Ergonomics) 1693M->1693M(1780M) 562.300ms
[38.582s][info][gc,cpu         ] GC(206) User=3.06s Sys=0.00s Real=0.56s
[38.582s][info][gc,start       ] GC(207) Pause Full (Ergonomics)
[38.582s][info][gc,phases,start] GC(207) Marking Phase
[39.008s][info][gc,phases      ] GC(207) Marking Phase 425.675ms
[39.008s][info][gc,phases,start] GC(207) Summary Phase
[39.008s][info][gc,phases      ] GC(207) Summary Phase 0.028ms
[39.008s][info][gc,phases,start] GC(207) Adjust Roots
[39.008s][info][gc,phases      ] GC(207) Adjust Roots 0.197ms
[39.008s][info][gc,phases,start] GC(207) Compaction Phase
[39.155s][info][gc,phases      ] GC(207) Compaction Phase 146.425ms
[39.155s][info][gc,phases,start] GC(207) Post Compact
[39.158s][info][gc,phases      ] GC(207) Post Compact 3.215ms
[39.158s][info][gc,heap        ] GC(207) PSYoungGen: 27135K(115712K)->27135K(115712K) Eden: 27135K(27136K)->27135K(27136K) From: 0K(88576K)->0K(88576K)
[39.158s][info][gc,heap        ] GC(207) ParOldGen: 1706731K(1707008K)->1706731K(1707008K)
[39.158s][info][gc,metaspace   ] GC(207) Metaspace: 6302K(6464K)->6302K(6464K) NonClass: 5768K(5824K)->5768K(5824K) Class: 533K(640K)->533K(640K)
[39.158s][info][gc             ] GC(207) Pause Full (Ergonomics) 1693M->1693M(1780M) 575.900ms
[39.158s][info][gc,cpu         ] GC(207) User=2.95s Sys=0.06s Real=0.58s
[39.158s][info][gc,start       ] GC(208) Pause Full (Ergonomics)
[39.158s][info][gc,phases,start] GC(208) Marking Phase
[39.571s][info][gc,phases      ] GC(208) Marking Phase 412.540ms
[39.571s][info][gc,phases,start] GC(208) Summary Phase
[39.571s][info][gc,phases      ] GC(208) Summary Phase 0.028ms
[39.571s][info][gc,phases,start] GC(208) Adjust Roots
[39.571s][info][gc,phases      ] GC(208) Adjust Roots 0.195ms
[39.571s][info][gc,phases,start] GC(208) Compaction Phase
[39.721s][info][gc,phases      ] GC(208) Compaction Phase 149.896ms
[39.721s][info][gc,phases,start] GC(208) Post Compact
[39.724s][info][gc,phases      ] GC(208) Post Compact 3.026ms
[39.724s][info][gc,heap        ] GC(208) PSYoungGen: 27135K(115712K)->27135K(115712K) Eden: 27135K(27136K)->27135K(27136K) From: 0K(88576K)->0K(88576K)
[39.724s][info][gc,heap        ] GC(208) ParOldGen: 1706736K(1707008K)->1706736K(1707008K)
[39.724s][info][gc,metaspace   ] GC(208) Metaspace: 6302K(6464K)->6302K(6464K) NonClass: 5768K(5824K)->5768K(5824K) Class: 533K(640K)->533K(640K)
[39.724s][info][gc             ] GC(208) Pause Full (Ergonomics) 1693M->1693M(1780M) 566.052ms
[39.724s][info][gc,cpu         ] GC(208) User=3.05s Sys=0.02s Real=0.57s
[39.725s][info][gc,start       ] GC(209) Pause Full (Ergonomics)
[39.725s][info][gc,phases,start] GC(209) Marking Phase
[40.152s][info][gc,phases      ] GC(209) Marking Phase 426.778ms
[40.152s][info][gc,phases,start] GC(209) Summary Phase
[40.152s][info][gc,phases      ] GC(209) Summary Phase 0.044ms
[40.152s][info][gc,phases,start] GC(209) Adjust Roots
[40.152s][info][gc,phases      ] GC(209) Adjust Roots 0.347ms
[40.152s][info][gc,phases,start] GC(209) Compaction Phase
[40.310s][info][gc,phases      ] GC(209) Compaction Phase 158.184ms
[40.310s][info][gc,phases,start] GC(209) Post Compact
[40.314s][info][gc,phases      ] GC(209) Post Compact 4.087ms
[40.315s][info][gc,heap        ] GC(209) PSYoungGen: 27135K(115712K)->27135K(115712K) Eden: 27135K(27136K)->27135K(27136K) From: 0K(88576K)->0K(88576K)
[40.315s][info][gc,heap        ] GC(209) ParOldGen: 1706740K(1707008K)->1706740K(1707008K)
[40.315s][info][gc,metaspace   ] GC(209) Metaspace: 6302K(6464K)->6302K(6464K) NonClass: 5768K(5824K)->5768K(5824K) Class: 533K(640K)->533K(640K)
[40.315s][info][gc             ] GC(209) Pause Full (Ergonomics) 1693M->1693M(1780M) 589.985ms
[40.315s][info][gc,cpu         ] GC(209) User=3.19s Sys=0.02s Real=0.59s
[40.315s][info][gc,start       ] GC(210) Pause Full (Ergonomics)
[40.315s][info][gc,phases,start] GC(210) Marking Phase
[40.769s][info][gc,phases      ] GC(210) Marking Phase 453.602ms
[40.769s][info][gc,phases,start] GC(210) Summary Phase
[40.769s][info][gc,phases      ] GC(210) Summary Phase 0.041ms
[40.769s][info][gc,phases,start] GC(210) Adjust Roots
[40.769s][info][gc,phases      ] GC(210) Adjust Roots 0.345ms
[40.769s][info][gc,phases,start] GC(210) Compaction Phase
[40.923s][info][gc,phases      ] GC(210) Compaction Phase 153.641ms
[40.923s][info][gc,phases,start] GC(210) Post Compact
[40.927s][info][gc,phases      ] GC(210) Post Compact 3.491ms
[40.927s][info][gc,heap        ] GC(210) PSYoungGen: 27135K(115712K)->27135K(115712K) Eden: 27135K(27136K)->27135K(27136K) From: 0K(88576K)->0K(88576K)
[40.927s][info][gc,heap        ] GC(210) ParOldGen: 1706745K(1707008K)->1706745K(1707008K)
[40.927s][info][gc,metaspace   ] GC(210) Metaspace: 6302K(6464K)->6302K(6464K) NonClass: 5768K(5824K)->5768K(5824K) Class: 533K(640K)->533K(640K)
[40.927s][info][gc             ] GC(210) Pause Full (Ergonomics) 1693M->1693M(1780M) 611.584ms
[40.927s][info][gc,cpu         ] GC(210) User=3.45s Sys=0.03s Real=0.61s
[40.927s][info][gc,start       ] GC(211) Pause Full (Ergonomics)
[40.927s][info][gc,phases,start] GC(211) Marking Phase
[41.335s][info][gc,phases      ] GC(211) Marking Phase 407.813ms
[41.335s][info][gc,phases,start] GC(211) Summary Phase
[41.335s][info][gc,phases      ] GC(211) Summary Phase 0.029ms
[41.335s][info][gc,phases,start] GC(211) Adjust Roots
[41.335s][info][gc,phases      ] GC(211) Adjust Roots 0.191ms
[41.335s][info][gc,phases,start] GC(211) Compaction Phase
[41.451s][info][gc,phases      ] GC(211) Compaction Phase 115.550ms
[41.451s][info][gc,phases,start] GC(211) Post Compact
[41.454s][info][gc,phases      ] GC(211) Post Compact 2.788ms
[41.454s][info][gc,heap        ] GC(211) PSYoungGen: 27135K(115712K)->27135K(115712K) Eden: 27135K(27136K)->27135K(27136K) From: 0K(88576K)->0K(88576K)
[41.454s][info][gc,heap        ] GC(211) ParOldGen: 1706750K(1707008K)->1706750K(1707008K)
[41.454s][info][gc,metaspace   ] GC(211) Metaspace: 6302K(6464K)->6302K(6464K) NonClass: 5768K(5824K)->5768K(5824K) Class: 533K(640K)->533K(640K)
[41.454s][info][gc             ] GC(211) Pause Full (Ergonomics) 1693M->1693M(1780M) 526.721ms
[41.454s][info][gc,cpu         ] GC(211) User=2.98s Sys=0.00s Real=0.53s
[41.454s][info][gc,start       ] GC(212) Pause Full (Ergonomics)
[41.454s][info][gc,phases,start] GC(212) Marking Phase
[41.872s][info][gc,phases      ] GC(212) Marking Phase 417.621ms
[41.872s][info][gc,phases,start] GC(212) Summary Phase
[41.872s][info][gc,phases      ] GC(212) Summary Phase 0.029ms
[41.872s][info][gc,phases,start] GC(212) Adjust Roots
[41.872s][info][gc,phases      ] GC(212) Adjust Roots 0.200ms
[41.872s][info][gc,phases,start] GC(212) Compaction Phase
[42.005s][info][gc,phases      ] GC(212) Compaction Phase 133.260ms
[42.005s][info][gc,phases,start] GC(212) Post Compact
[42.009s][info][gc,phases      ] GC(212) Post Compact 3.228ms
[42.009s][info][gc,heap        ] GC(212) PSYoungGen: 27135K(115712K)->27135K(115712K) Eden: 27135K(27136K)->27135K(27136K) From: 0K(88576K)->0K(88576K)
[42.009s][info][gc,heap        ] GC(212) ParOldGen: 1706754K(1707008K)->1706754K(1707008K)
[42.009s][info][gc,metaspace   ] GC(212) Metaspace: 6302K(6464K)->6302K(6464K) NonClass: 5768K(5824K)->5768K(5824K) Class: 533K(640K)->533K(640K)
[42.009s][info][gc             ] GC(212) Pause Full (Ergonomics) 1693M->1693M(1780M) 554.703ms
[42.009s][info][gc,cpu         ] GC(212) User=2.92s Sys=0.03s Real=0.56s
[42.009s][info][gc,start       ] GC(213) Pause Full (Ergonomics)
[42.009s][info][gc,phases,start] GC(213) Marking Phase
[42.448s][info][gc,phases      ] GC(213) Marking Phase 439.041ms
[42.448s][info][gc,phases,start] GC(213) Summary Phase
[42.448s][info][gc,phases      ] GC(213) Summary Phase 0.029ms
[42.448s][info][gc,phases,start] GC(213) Adjust Roots
[42.448s][info][gc,phases      ] GC(213) Adjust Roots 0.204ms
[42.448s][info][gc,phases,start] GC(213) Compaction Phase
[42.599s][info][gc,phases      ] GC(213) Compaction Phase 150.231ms
[42.599s][info][gc,phases,start] GC(213) Post Compact
[42.602s][info][gc,phases      ] GC(213) Post Compact 3.052ms
[42.602s][info][gc,heap        ] GC(213) PSYoungGen: 27135K(115712K)->27135K(115712K) Eden: 27135K(27136K)->27135K(27136K) From: 0K(88576K)->0K(88576K)
[42.602s][info][gc,heap        ] GC(213) ParOldGen: 1706759K(1707008K)->1706759K(1707008K)
[42.602s][info][gc,metaspace   ] GC(213) Metaspace: 6302K(6464K)->6302K(6464K) NonClass: 5768K(5824K)->5768K(5824K) Class: 533K(640K)->533K(640K)
[42.602s][info][gc             ] GC(213) Pause Full (Ergonomics) 1693M->1693M(1780M) 592.895ms
[42.602s][info][gc,cpu         ] GC(213) User=3.19s Sys=0.00s Real=0.59s
[42.602s][info][gc,start       ] GC(214) Pause Full (Ergonomics)
[42.602s][info][gc,phases,start] GC(214) Marking Phase
[43.012s][info][gc,phases      ] GC(214) Marking Phase 409.987ms
[43.012s][info][gc,phases,start] GC(214) Summary Phase
[43.012s][info][gc,phases      ] GC(214) Summary Phase 0.028ms
[43.012s][info][gc,phases,start] GC(214) Adjust Roots
[43.012s][info][gc,phases      ] GC(214) Adjust Roots 0.189ms
[43.013s][info][gc,phases,start] GC(214) Compaction Phase
[43.156s][info][gc,phases      ] GC(214) Compaction Phase 143.103ms
[43.156s][info][gc,phases,start] GC(214) Post Compact
[43.159s][info][gc,phases      ] GC(214) Post Compact 3.050ms
[43.159s][info][gc,heap        ] GC(214) PSYoungGen: 27135K(115712K)->27135K(115712K) Eden: 27135K(27136K)->27135K(27136K) From: 0K(88576K)->0K(88576K)
[43.159s][info][gc,heap        ] GC(214) ParOldGen: 1706764K(1707008K)->1706764K(1707008K)
[43.159s][info][gc,metaspace   ] GC(214) Metaspace: 6302K(6464K)->6302K(6464K) NonClass: 5768K(5824K)->5768K(5824K) Class: 533K(640K)->533K(640K)
[43.159s][info][gc             ] GC(214) Pause Full (Ergonomics) 1693M->1693M(1780M) 556.684ms
[43.159s][info][gc,cpu         ] GC(214) User=2.94s Sys=0.00s Real=0.56s
[43.159s][info][gc,start       ] GC(215) Pause Full (Ergonomics)
[43.159s][info][gc,phases,start] GC(215) Marking Phase
[43.549s][info][gc,phases      ] GC(215) Marking Phase 389.371ms
[43.549s][info][gc,phases,start] GC(215) Summary Phase
[43.549s][info][gc,phases      ] GC(215) Summary Phase 0.029ms
[43.549s][info][gc,phases,start] GC(215) Adjust Roots
[43.549s][info][gc,phases      ] GC(215) Adjust Roots 0.193ms
[43.549s][info][gc,phases,start] GC(215) Compaction Phase
[43.685s][info][gc,phases      ] GC(215) Compaction Phase 136.461ms
[43.685s][info][gc,phases,start] GC(215) Post Compact
[43.688s][info][gc,phases      ] GC(215) Post Compact 3.054ms
[43.689s][info][gc,heap        ] GC(215) PSYoungGen: 27135K(115712K)->27135K(115712K) Eden: 27135K(27136K)->27135K(27136K) From: 0K(88576K)->0K(88576K)
[43.689s][info][gc,heap        ] GC(215) ParOldGen: 1706768K(1707008K)->1706768K(1707008K)
[43.689s][info][gc,metaspace   ] GC(215) Metaspace: 6302K(6464K)->6302K(6464K) NonClass: 5768K(5824K)->5768K(5824K) Class: 533K(640K)->533K(640K)
[43.689s][info][gc             ] GC(215) Pause Full (Ergonomics) 1693M->1693M(1780M) 529.463ms
[43.689s][info][gc,cpu         ] GC(215) User=2.83s Sys=0.00s Real=0.53s
[43.689s][info][gc,start       ] GC(216) Pause Full (Ergonomics)
[43.689s][info][gc,phases,start] GC(216) Marking Phase
[44.106s][info][gc,phases      ] GC(216) Marking Phase 416.943ms
[44.106s][info][gc,phases,start] GC(216) Summary Phase
[44.106s][info][gc,phases      ] GC(216) Summary Phase 0.029ms
[44.106s][info][gc,phases,start] GC(216) Adjust Roots
[44.106s][info][gc,phases      ] GC(216) Adjust Roots 0.193ms
[44.106s][info][gc,phases,start] GC(216) Compaction Phase
[44.257s][info][gc,phases      ] GC(216) Compaction Phase 151.221ms
[44.258s][info][gc,phases,start] GC(216) Post Compact
[44.261s][info][gc,phases      ] GC(216) Post Compact 3.071ms
[44.261s][info][gc,heap        ] GC(216) PSYoungGen: 27135K(115712K)->27135K(115712K) Eden: 27135K(27136K)->27135K(27136K) From: 0K(88576K)->0K(88576K)
[44.261s][info][gc,heap        ] GC(216) ParOldGen: 1706773K(1707008K)->1706773K(1707008K)
[44.261s][info][gc,metaspace   ] GC(216) Metaspace: 6302K(6464K)->6302K(6464K) NonClass: 5768K(5824K)->5768K(5824K) Class: 533K(640K)->533K(640K)
[44.261s][info][gc             ] GC(216) Pause Full (Ergonomics) 1693M->1693M(1780M) 571.844ms
[44.261s][info][gc,cpu         ] GC(216) User=2.92s Sys=0.03s Real=0.57s
[44.261s][info][gc,start       ] GC(217) Pause Full (Ergonomics)
[44.261s][info][gc,phases,start] GC(217) Marking Phase
[44.680s][info][gc,phases      ] GC(217) Marking Phase 418.904ms
[44.680s][info][gc,phases,start] GC(217) Summary Phase
[44.680s][info][gc,phases      ] GC(217) Summary Phase 0.029ms
[44.680s][info][gc,phases,start] GC(217) Adjust Roots
[44.680s][info][gc,phases      ] GC(217) Adjust Roots 0.199ms
[44.680s][info][gc,phases,start] GC(217) Compaction Phase
[44.831s][info][gc,phases      ] GC(217) Compaction Phase 150.665ms
[44.831s][info][gc,phases,start] GC(217) Post Compact
[44.834s][info][gc,phases      ] GC(217) Post Compact 3.100ms
[44.834s][info][gc,heap        ] GC(217) PSYoungGen: 27135K(115712K)->27135K(115712K) Eden: 27135K(27136K)->27135K(27136K) From: 0K(88576K)->0K(88576K)
[44.834s][info][gc,heap        ] GC(217) ParOldGen: 1706778K(1707008K)->1706778K(1707008K)
[44.834s][info][gc,metaspace   ] GC(217) Metaspace: 6302K(6464K)->6302K(6464K) NonClass: 5768K(5824K)->5768K(5824K) Class: 533K(640K)->533K(640K)
[44.834s][info][gc             ] GC(217) Pause Full (Ergonomics) 1693M->1693M(1780M) 573.224ms
[44.834s][info][gc,cpu         ] GC(217) User=3.20s Sys=0.00s Real=0.57s
[44.835s][info][gc,start       ] GC(218) Pause Full (Ergonomics)
[44.835s][info][gc,phases,start] GC(218) Marking Phase
[45.265s][info][gc,phases      ] GC(218) Marking Phase 430.024ms
[45.265s][info][gc,phases,start] GC(218) Summary Phase
[45.265s][info][gc,phases      ] GC(218) Summary Phase 0.029ms
[45.265s][info][gc,phases,start] GC(218) Adjust Roots
[45.265s][info][gc,phases      ] GC(218) Adjust Roots 0.195ms
[45.265s][info][gc,phases,start] GC(218) Compaction Phase
[45.407s][info][gc,phases      ] GC(218) Compaction Phase 142.406ms
[45.407s][info][gc,phases,start] GC(218) Post Compact
[45.411s][info][gc,phases      ] GC(218) Post Compact 3.142ms
[45.411s][info][gc,heap        ] GC(218) PSYoungGen: 27135K(115712K)->27135K(115712K) Eden: 27135K(27136K)->27135K(27136K) From: 0K(88576K)->0K(88576K)
[45.411s][info][gc,heap        ] GC(218) ParOldGen: 1706782K(1707008K)->1706782K(1707008K)
[45.411s][info][gc,metaspace   ] GC(218) Metaspace: 6302K(6464K)->6302K(6464K) NonClass: 5768K(5824K)->5768K(5824K) Class: 533K(640K)->533K(640K)
[45.411s][info][gc             ] GC(218) Pause Full (Ergonomics) 1693M->1693M(1780M) 576.128ms
[45.411s][info][gc,cpu         ] GC(218) User=3.11s Sys=0.00s Real=0.58s
[45.411s][info][gc,start       ] GC(219) Pause Full (Ergonomics)
[45.411s][info][gc,phases,start] GC(219) Marking Phase
[45.840s][info][gc,phases      ] GC(219) Marking Phase 428.447ms
[45.840s][info][gc,phases,start] GC(219) Summary Phase
[45.840s][info][gc,phases      ] GC(219) Summary Phase 0.028ms
[45.840s][info][gc,phases,start] GC(219) Adjust Roots
[45.840s][info][gc,phases      ] GC(219) Adjust Roots 0.204ms
[45.840s][info][gc,phases,start] GC(219) Compaction Phase
[45.979s][info][gc,phases      ] GC(219) Compaction Phase 139.657ms
[45.980s][info][gc,phases,start] GC(219) Post Compact
[45.983s][info][gc,phases      ] GC(219) Post Compact 3.020ms
[45.983s][info][gc,heap        ] GC(219) PSYoungGen: 27135K(115712K)->27135K(115712K) Eden: 27135K(27136K)->27135K(27136K) From: 0K(88576K)->0K(88576K)
[45.983s][info][gc,heap        ] GC(219) ParOldGen: 1706787K(1707008K)->1706787K(1707008K)
[45.983s][info][gc,metaspace   ] GC(219) Metaspace: 6302K(6464K)->6302K(6464K) NonClass: 5768K(5824K)->5768K(5824K) Class: 533K(640K)->533K(640K)
[45.983s][info][gc             ] GC(219) Pause Full (Ergonomics) 1693M->1693M(1780M) 571.700ms
[45.983s][info][gc,cpu         ] GC(219) User=3.03s Sys=0.00s Real=0.57s
[45.983s][info][gc,start       ] GC(220) Pause Full (Ergonomics)
[45.983s][info][gc,phases,start] GC(220) Marking Phase
[46.391s][info][gc,phases      ] GC(220) Marking Phase 408.207ms
[46.391s][info][gc,phases,start] GC(220) Summary Phase
[46.391s][info][gc,phases      ] GC(220) Summary Phase 0.032ms
[46.391s][info][gc,phases,start] GC(220) Adjust Roots
[46.392s][info][gc,phases      ] GC(220) Adjust Roots 0.198ms
[46.392s][info][gc,phases,start] GC(220) Compaction Phase
[46.524s][info][gc,phases      ] GC(220) Compaction Phase 132.269ms
[46.524s][info][gc,phases,start] GC(220) Post Compact
[46.527s][info][gc,phases      ] GC(220) Post Compact 3.283ms
[46.527s][info][gc,heap        ] GC(220) PSYoungGen: 27135K(115712K)->27135K(115712K) Eden: 27135K(27136K)->27135K(27136K) From: 0K(88576K)->0K(88576K)
[46.527s][info][gc,heap        ] GC(220) ParOldGen: 1706792K(1707008K)->1706792K(1707008K)
[46.527s][info][gc,metaspace   ] GC(220) Metaspace: 6302K(6464K)->6302K(6464K) NonClass: 5768K(5824K)->5768K(5824K) Class: 533K(640K)->533K(640K)
[46.527s][info][gc             ] GC(220) Pause Full (Ergonomics) 1693M->1693M(1780M) 544.429ms
[46.528s][info][gc,cpu         ] GC(220) User=2.88s Sys=0.00s Real=0.54s
[46.528s][info][gc,start       ] GC(221) Pause Full (Ergonomics)
[46.528s][info][gc,phases,start] GC(221) Marking Phase
[46.960s][info][gc,phases      ] GC(221) Marking Phase 431.995ms
[46.960s][info][gc,phases,start] GC(221) Summary Phase
[46.960s][info][gc,phases      ] GC(221) Summary Phase 0.029ms
[46.960s][info][gc,phases,start] GC(221) Adjust Roots
[46.960s][info][gc,phases      ] GC(221) Adjust Roots 0.197ms
[46.960s][info][gc,phases,start] GC(221) Compaction Phase
[47.122s][info][gc,phases      ] GC(221) Compaction Phase 162.199ms
[47.122s][info][gc,phases,start] GC(221) Post Compact
[47.125s][info][gc,phases      ] GC(221) Post Compact 2.970ms
[47.125s][info][gc,heap        ] GC(221) PSYoungGen: 27135K(115712K)->27135K(115712K) Eden: 27135K(27136K)->27135K(27136K) From: 0K(88576K)->0K(88576K)
[47.125s][info][gc,heap        ] GC(221) ParOldGen: 1706796K(1707008K)->1706796K(1707008K)
[47.125s][info][gc,metaspace   ] GC(221) Metaspace: 6302K(6464K)->6302K(6464K) NonClass: 5768K(5824K)->5768K(5824K) Class: 533K(640K)->533K(640K)
[47.125s][info][gc             ] GC(221) Pause Full (Ergonomics) 1693M->1693M(1780M) 597.710ms
[47.126s][info][gc,cpu         ] GC(221) User=3.03s Sys=0.02s Real=0.60s
[47.126s][info][gc,start       ] GC(222) Pause Full (Ergonomics)
[47.126s][info][gc,phases,start] GC(222) Marking Phase
[47.525s][info][gc,phases      ] GC(222) Marking Phase 399.224ms
[47.525s][info][gc,phases,start] GC(222) Summary Phase
[47.525s][info][gc,phases      ] GC(222) Summary Phase 0.029ms
[47.525s][info][gc,phases,start] GC(222) Adjust Roots
[47.525s][info][gc,phases      ] GC(222) Adjust Roots 0.201ms
[47.525s][info][gc,phases,start] GC(222) Compaction Phase
[47.674s][info][gc,phases      ] GC(222) Compaction Phase 148.042ms
[47.674s][info][gc,phases,start] GC(222) Post Compact
[47.677s][info][gc,phases      ] GC(222) Post Compact 2.948ms
[47.677s][info][gc,heap        ] GC(222) PSYoungGen: 27135K(115712K)->27135K(115712K) Eden: 27135K(27136K)->27135K(27136K) From: 0K(88576K)->0K(88576K)
[47.677s][info][gc,heap        ] GC(222) ParOldGen: 1706801K(1707008K)->1706801K(1707008K)
[47.677s][info][gc,metaspace   ] GC(222) Metaspace: 6302K(6464K)->6302K(6464K) NonClass: 5768K(5824K)->5768K(5824K) Class: 533K(640K)->533K(640K)
[47.677s][info][gc             ] GC(222) Pause Full (Ergonomics) 1693M->1693M(1780M) 550.891ms
[47.677s][info][gc,cpu         ] GC(222) User=2.92s Sys=0.00s Real=0.55s
[47.677s][info][gc,start       ] GC(223) Pause Full (Ergonomics)
[47.677s][info][gc,phases,start] GC(223) Marking Phase
[48.100s][info][gc,phases      ] GC(223) Marking Phase 422.943ms
[48.100s][info][gc,phases,start] GC(223) Summary Phase
[48.100s][info][gc,phases      ] GC(223) Summary Phase 0.026ms
[48.100s][info][gc,phases,start] GC(223) Adjust Roots
[48.100s][info][gc,phases      ] GC(223) Adjust Roots 0.194ms
[48.100s][info][gc,phases,start] GC(223) Compaction Phase
[48.244s][info][gc,phases      ] GC(223) Compaction Phase 143.544ms
[48.244s][info][gc,phases,start] GC(223) Post Compact
[48.247s][info][gc,phases      ] GC(223) Post Compact 3.311ms
[48.247s][info][gc,heap        ] GC(223) PSYoungGen: 27135K(115712K)->27135K(115712K) Eden: 27135K(27136K)->27135K(27136K) From: 0K(88576K)->0K(88576K)
[48.247s][info][gc,heap        ] GC(223) ParOldGen: 1706806K(1707008K)->1706806K(1707008K)
[48.247s][info][gc,metaspace   ] GC(223) Metaspace: 6302K(6464K)->6302K(6464K) NonClass: 5768K(5824K)->5768K(5824K) Class: 533K(640K)->533K(640K)
[48.247s][info][gc             ] GC(223) Pause Full (Ergonomics) 1693M->1693M(1780M) 570.423ms
[48.247s][info][gc,cpu         ] GC(223) User=3.14s Sys=0.00s Real=0.57s
[48.248s][info][gc,start       ] GC(224) Pause Full (Ergonomics)
[48.248s][info][gc,phases,start] GC(224) Marking Phase
[48.641s][info][gc,phases      ] GC(224) Marking Phase 393.794ms
[48.642s][info][gc,phases,start] GC(224) Summary Phase
[48.642s][info][gc,phases      ] GC(224) Summary Phase 0.029ms
[48.642s][info][gc,phases,start] GC(224) Adjust Roots
[48.642s][info][gc,phases      ] GC(224) Adjust Roots 0.196ms
[48.642s][info][gc,phases,start] GC(224) Compaction Phase
[48.779s][info][gc,phases      ] GC(224) Compaction Phase 137.668ms
[48.780s][info][gc,phases,start] GC(224) Post Compact
[48.783s][info][gc,phases      ] GC(224) Post Compact 3.288ms
[48.783s][info][gc,heap        ] GC(224) PSYoungGen: 27135K(115712K)->27135K(115712K) Eden: 27135K(27136K)->27135K(27136K) From: 0K(88576K)->0K(88576K)
[48.783s][info][gc,heap        ] GC(224) ParOldGen: 1706810K(1707008K)->1706810K(1707008K)
[48.783s][info][gc,metaspace   ] GC(224) Metaspace: 6302K(6464K)->6302K(6464K) NonClass: 5768K(5824K)->5768K(5824K) Class: 533K(640K)->533K(640K)
[48.783s][info][gc             ] GC(224) Pause Full (Ergonomics) 1693M->1693M(1780M) 535.362ms
[48.783s][info][gc,cpu         ] GC(224) User=2.80s Sys=0.03s Real=0.54s
[48.783s][info][gc,start       ] GC(225) Pause Full (Ergonomics)
[48.783s][info][gc,phases,start] GC(225) Marking Phase
[49.203s][info][gc,phases      ] GC(225) Marking Phase 419.895ms
[49.203s][info][gc,phases,start] GC(225) Summary Phase
[49.203s][info][gc,phases      ] GC(225) Summary Phase 0.038ms
[49.203s][info][gc,phases,start] GC(225) Adjust Roots
[49.204s][info][gc,phases      ] GC(225) Adjust Roots 0.196ms
[49.204s][info][gc,phases,start] GC(225) Compaction Phase
[49.369s][info][gc,phases      ] GC(225) Compaction Phase 164.894ms
[49.369s][info][gc,phases,start] GC(225) Post Compact
[49.372s][info][gc,phases      ] GC(225) Post Compact 3.238ms
[49.372s][info][gc,heap        ] GC(225) PSYoungGen: 27135K(115712K)->27135K(115712K) Eden: 27135K(27136K)->27135K(27136K) From: 0K(88576K)->0K(88576K)
[49.372s][info][gc,heap        ] GC(225) ParOldGen: 1706815K(1707008K)->1706815K(1707008K)
[49.372s][info][gc,metaspace   ] GC(225) Metaspace: 6302K(6464K)->6302K(6464K) NonClass: 5768K(5824K)->5768K(5824K) Class: 533K(640K)->533K(640K)
[49.372s][info][gc             ] GC(225) Pause Full (Ergonomics) 1693M->1693M(1780M) 588.626ms
[49.372s][info][gc,cpu         ] GC(225) User=3.06s Sys=0.00s Real=0.59s
[49.372s][info][gc,start       ] GC(226) Pause Full (Ergonomics)
[49.372s][info][gc,phases,start] GC(226) Marking Phase
[49.801s][info][gc,phases      ] GC(226) Marking Phase 428.842ms
[49.801s][info][gc,phases,start] GC(226) Summary Phase
[49.801s][info][gc,phases      ] GC(226) Summary Phase 0.028ms
[49.801s][info][gc,phases,start] GC(226) Adjust Roots
[49.801s][info][gc,phases      ] GC(226) Adjust Roots 0.200ms
[49.801s][info][gc,phases,start] GC(226) Compaction Phase
[49.952s][info][gc,phases      ] GC(226) Compaction Phase 150.052ms
[49.952s][info][gc,phases,start] GC(226) Post Compact
[49.955s][info][gc,phases      ] GC(226) Post Compact 2.995ms
[49.955s][info][gc,heap        ] GC(226) PSYoungGen: 27135K(115712K)->27135K(115712K) Eden: 27135K(27136K)->27135K(27136K) From: 0K(88576K)->0K(88576K)
[49.955s][info][gc,heap        ] GC(226) ParOldGen: 1706820K(1707008K)->1706820K(1707008K)
[49.955s][info][gc,metaspace   ] GC(226) Metaspace: 6302K(6464K)->6302K(6464K) NonClass: 5768K(5824K)->5768K(5824K) Class: 533K(640K)->533K(640K)
[49.955s][info][gc             ] GC(226) Pause Full (Ergonomics) 1693M->1693M(1780M) 582.451ms
[49.955s][info][gc,cpu         ] GC(226) User=3.05s Sys=0.00s Real=0.58s
[49.955s][info][gc,start       ] GC(227) Pause Full (Ergonomics)
[49.955s][info][gc,phases,start] GC(227) Marking Phase
[50.373s][info][gc,phases      ] GC(227) Marking Phase 418.078ms
[50.373s][info][gc,phases,start] GC(227) Summary Phase
[50.373s][info][gc,phases      ] GC(227) Summary Phase 0.029ms
[50.373s][info][gc,phases,start] GC(227) Adjust Roots
[50.373s][info][gc,phases      ] GC(227) Adjust Roots 0.192ms
[50.373s][info][gc,phases,start] GC(227) Compaction Phase
[50.529s][info][gc,phases      ] GC(227) Compaction Phase 155.964ms
[50.530s][info][gc,phases,start] GC(227) Post Compact
[50.533s][info][gc,phases      ] GC(227) Post Compact 3.280ms
[50.533s][info][gc,heap        ] GC(227) PSYoungGen: 27135K(115712K)->27135K(115712K) Eden: 27135K(27136K)->27135K(27136K) From: 0K(88576K)->0K(88576K)
[50.533s][info][gc,heap        ] GC(227) ParOldGen: 1706824K(1707008K)->1706824K(1707008K)
[50.533s][info][gc,metaspace   ] GC(227) Metaspace: 6302K(6464K)->6302K(6464K) NonClass: 5768K(5824K)->5768K(5824K) Class: 533K(640K)->533K(640K)
[50.533s][info][gc             ] GC(227) Pause Full (Ergonomics) 1693M->1693M(1780M) 577.939ms
[50.533s][info][gc,cpu         ] GC(227) User=3.06s Sys=0.03s Real=0.58s
[50.533s][info][gc,start       ] GC(228) Pause Full (Ergonomics)
[50.533s][info][gc,phases,start] GC(228) Marking Phase
[50.952s][info][gc,phases      ] GC(228) Marking Phase 418.340ms
[50.952s][info][gc,phases,start] GC(228) Summary Phase
[50.952s][info][gc,phases      ] GC(228) Summary Phase 0.029ms
[50.952s][info][gc,phases,start] GC(228) Adjust Roots
[50.952s][info][gc,phases      ] GC(228) Adjust Roots 0.229ms
[50.952s][info][gc,phases,start] GC(228) Compaction Phase
[51.111s][info][gc,phases      ] GC(228) Compaction Phase 158.650ms
[51.111s][info][gc,phases,start] GC(228) Post Compact
[51.114s][info][gc,phases      ] GC(228) Post Compact 3.021ms
[51.114s][info][gc,heap        ] GC(228) PSYoungGen: 27135K(115712K)->27135K(115712K) Eden: 27135K(27136K)->27135K(27136K) From: 0K(88576K)->0K(88576K)
[51.114s][info][gc,heap        ] GC(228) ParOldGen: 1706829K(1707008K)->1706829K(1707008K)
[51.114s][info][gc,metaspace   ] GC(228) Metaspace: 6302K(6464K)->6302K(6464K) NonClass: 5768K(5824K)->5768K(5824K) Class: 533K(640K)->533K(640K)
[51.114s][info][gc             ] GC(228) Pause Full (Ergonomics) 1693M->1693M(1780M) 580.735ms
[51.114s][info][gc,cpu         ] GC(228) User=3.08s Sys=0.02s Real=0.58s
[51.114s][info][gc,start       ] GC(229) Pause Full (Ergonomics)
[51.114s][info][gc,phases,start] GC(229) Marking Phase
[51.523s][info][gc,phases      ] GC(229) Marking Phase 408.596ms
[51.523s][info][gc,phases,start] GC(229) Summary Phase
[51.523s][info][gc,phases      ] GC(229) Summary Phase 0.029ms
[51.523s][info][gc,phases,start] GC(229) Adjust Roots
[51.523s][info][gc,phases      ] GC(229) Adjust Roots 0.193ms
[51.523s][info][gc,phases,start] GC(229) Compaction Phase
[51.683s][info][gc,phases      ] GC(229) Compaction Phase 159.359ms
[51.683s][info][gc,phases,start] GC(229) Post Compact
[51.686s][info][gc,phases      ] GC(229) Post Compact 3.004ms
[51.686s][info][gc,heap        ] GC(229) PSYoungGen: 27135K(115712K)->27135K(115712K) Eden: 27135K(27136K)->27135K(27136K) From: 0K(88576K)->0K(88576K)
[51.686s][info][gc,heap        ] GC(229) ParOldGen: 1706834K(1707008K)->1706834K(1707008K)
[51.686s][info][gc,metaspace   ] GC(229) Metaspace: 6302K(6464K)->6302K(6464K) NonClass: 5768K(5824K)->5768K(5824K) Class: 533K(640K)->533K(640K)
[51.686s][info][gc             ] GC(229) Pause Full (Ergonomics) 1693M->1693M(1780M) 571.521ms
[51.686s][info][gc,cpu         ] GC(229) User=2.98s Sys=0.02s Real=0.57s
[51.686s][info][gc,start       ] GC(230) Pause Full (Ergonomics)
[51.686s][info][gc,phases,start] GC(230) Marking Phase
[52.116s][info][gc,phases      ] GC(230) Marking Phase 429.900ms
[52.116s][info][gc,phases,start] GC(230) Summary Phase
[52.116s][info][gc,phases      ] GC(230) Summary Phase 0.029ms
[52.116s][info][gc,phases,start] GC(230) Adjust Roots
[52.116s][info][gc,phases      ] GC(230) Adjust Roots 0.197ms
[52.116s][info][gc,phases,start] GC(230) Compaction Phase
[52.257s][info][gc,phases      ] GC(230) Compaction Phase 140.345ms
[52.257s][info][gc,phases,start] GC(230) Post Compact
[52.260s][info][gc,phases      ] GC(230) Post Compact 3.111ms
[52.260s][info][gc,heap        ] GC(230) PSYoungGen: 27135K(115712K)->27135K(115712K) Eden: 27135K(27136K)->27135K(27136K) From: 0K(88576K)->0K(88576K)
[52.260s][info][gc,heap        ] GC(230) ParOldGen: 1706838K(1707008K)->1706838K(1707008K)
[52.260s][info][gc,metaspace   ] GC(230) Metaspace: 6302K(6464K)->6302K(6464K) NonClass: 5768K(5824K)->5768K(5824K) Class: 533K(640K)->533K(640K)
[52.260s][info][gc             ] GC(230) Pause Full (Ergonomics) 1693M->1693M(1780M) 573.926ms
[52.260s][info][gc,cpu         ] GC(230) User=3.02s Sys=0.00s Real=0.58s
[52.260s][info][gc,start       ] GC(231) Pause Full (Ergonomics)
[52.260s][info][gc,phases,start] GC(231) Marking Phase
[52.678s][info][gc,phases      ] GC(231) Marking Phase 417.791ms
[52.678s][info][gc,phases,start] GC(231) Summary Phase
[52.678s][info][gc,phases      ] GC(231) Summary Phase 0.028ms
[52.678s][info][gc,phases,start] GC(231) Adjust Roots
[52.679s][info][gc,phases      ] GC(231) Adjust Roots 0.198ms
[52.679s][info][gc,phases,start] GC(231) Compaction Phase
[52.796s][info][gc,phases      ] GC(231) Compaction Phase 117.284ms
[52.796s][info][gc,phases,start] GC(231) Post Compact
[52.799s][info][gc,phases      ] GC(231) Post Compact 2.821ms
[52.799s][info][gc,heap        ] GC(231) PSYoungGen: 27135K(115712K)->27135K(115712K) Eden: 27135K(27136K)->27135K(27136K) From: 0K(88576K)->0K(88576K)
[52.799s][info][gc,heap        ] GC(231) ParOldGen: 1706843K(1707008K)->1706843K(1707008K)
[52.799s][info][gc,metaspace   ] GC(231) Metaspace: 6302K(6464K)->6302K(6464K) NonClass: 5768K(5824K)->5768K(5824K) Class: 533K(640K)->533K(640K)
[52.799s][info][gc             ] GC(231) Pause Full (Ergonomics) 1693M->1693M(1780M) 538.504ms
[52.799s][info][gc,cpu         ] GC(231) User=3.03s Sys=0.02s Real=0.54s
[52.799s][info][gc,start       ] GC(232) Pause Full (Ergonomics)
[52.799s][info][gc,phases,start] GC(232) Marking Phase
[53.217s][info][gc,phases      ] GC(232) Marking Phase 417.728ms
[53.217s][info][gc,phases,start] GC(232) Summary Phase
[53.217s][info][gc,phases      ] GC(232) Summary Phase 0.026ms
[53.217s][info][gc,phases,start] GC(232) Adjust Roots
[53.218s][info][gc,phases      ] GC(232) Adjust Roots 0.205ms
[53.218s][info][gc,phases,start] GC(232) Compaction Phase
[53.357s][info][gc,phases      ] GC(232) Compaction Phase 138.972ms
[53.357s][info][gc,phases,start] GC(232) Post Compact
[53.360s][info][gc,phases      ] GC(232) Post Compact 3.045ms
[53.360s][info][gc,heap        ] GC(232) PSYoungGen: 27135K(115712K)->27135K(115712K) Eden: 27135K(27136K)->27135K(27136K) From: 0K(88576K)->0K(88576K)
[53.360s][info][gc,heap        ] GC(232) ParOldGen: 1706848K(1707008K)->1706848K(1707008K)
[53.360s][info][gc,metaspace   ] GC(232) Metaspace: 6302K(6464K)->6302K(6464K) NonClass: 5768K(5824K)->5768K(5824K) Class: 533K(640K)->533K(640K)
[53.360s][info][gc             ] GC(232) Pause Full (Ergonomics) 1693M->1693M(1780M) 560.310ms
[53.360s][info][gc,cpu         ] GC(232) User=3.03s Sys=0.02s Real=0.56s
[53.360s][info][gc,start       ] GC(233) Pause Full (Ergonomics)
[53.360s][info][gc,phases,start] GC(233) Marking Phase
[53.777s][info][gc,phases      ] GC(233) Marking Phase 417.184ms
[53.777s][info][gc,phases,start] GC(233) Summary Phase
[53.777s][info][gc,phases      ] GC(233) Summary Phase 0.030ms
[53.777s][info][gc,phases,start] GC(233) Adjust Roots
[53.778s][info][gc,phases      ] GC(233) Adjust Roots 0.190ms
[53.778s][info][gc,phases,start] GC(233) Compaction Phase
[53.926s][info][gc,phases      ] GC(233) Compaction Phase 148.526ms
[53.926s][info][gc,phases,start] GC(233) Post Compact
[53.929s][info][gc,phases      ] GC(233) Post Compact 3.061ms
[53.929s][info][gc,heap        ] GC(233) PSYoungGen: 27135K(115712K)->27135K(115712K) Eden: 27135K(27136K)->27135K(27136K) From: 0K(88576K)->0K(88576K)
[53.929s][info][gc,heap        ] GC(233) ParOldGen: 1706852K(1707008K)->1706852K(1707008K)
[53.929s][info][gc,metaspace   ] GC(233) Metaspace: 6302K(6464K)->6302K(6464K) NonClass: 5768K(5824K)->5768K(5824K) Class: 533K(640K)->533K(640K)
[53.929s][info][gc             ] GC(233) Pause Full (Ergonomics) 1693M->1693M(1780M) 569.335ms
[53.929s][info][gc,cpu         ] GC(233) User=3.00s Sys=0.02s Real=0.57s
[53.930s][info][gc,start       ] GC(234) Pause Full (Ergonomics)
[53.930s][info][gc,phases,start] GC(234) Marking Phase
[54.337s][info][gc,phases      ] GC(234) Marking Phase 407.388ms
[54.337s][info][gc,phases,start] GC(234) Summary Phase
[54.337s][info][gc,phases      ] GC(234) Summary Phase 0.026ms
[54.337s][info][gc,phases,start] GC(234) Adjust Roots
[54.337s][info][gc,phases      ] GC(234) Adjust Roots 0.199ms
[54.337s][info][gc,phases,start] GC(234) Compaction Phase
[54.495s][info][gc,phases      ] GC(234) Compaction Phase 157.723ms
[54.495s][info][gc,phases,start] GC(234) Post Compact
[54.498s][info][gc,phases      ] GC(234) Post Compact 2.999ms
[54.498s][info][gc,heap        ] GC(234) PSYoungGen: 27135K(115712K)->27135K(115712K) Eden: 27135K(27136K)->27135K(27136K) From: 0K(88576K)->0K(88576K)
[54.498s][info][gc,heap        ] GC(234) ParOldGen: 1706857K(1707008K)->1706857K(1707008K)
[54.498s][info][gc,metaspace   ] GC(234) Metaspace: 6302K(6464K)->6302K(6464K) NonClass: 5768K(5824K)->5768K(5824K) Class: 533K(640K)->533K(640K)
[54.498s][info][gc             ] GC(234) Pause Full (Ergonomics) 1693M->1693M(1780M) 568.680ms
[54.498s][info][gc,cpu         ] GC(234) User=3.03s Sys=0.05s Real=0.57s
[54.499s][info][gc,start       ] GC(235) Pause Full (Ergonomics)
[54.499s][info][gc,phases,start] GC(235) Marking Phase
[54.902s][info][gc,phases      ] GC(235) Marking Phase 403.742ms
[54.903s][info][gc,phases,start] GC(235) Summary Phase
[54.903s][info][gc,phases      ] GC(235) Summary Phase 0.029ms
[54.903s][info][gc,phases,start] GC(235) Adjust Roots
[54.903s][info][gc,phases      ] GC(235) Adjust Roots 0.208ms
[54.903s][info][gc,phases,start] GC(235) Compaction Phase
[55.041s][info][gc,phases      ] GC(235) Compaction Phase 137.865ms
[55.041s][info][gc,phases,start] GC(235) Post Compact
[55.044s][info][gc,phases      ] GC(235) Post Compact 3.115ms
[55.044s][info][gc,heap        ] GC(235) PSYoungGen: 27135K(115712K)->27135K(115712K) Eden: 27135K(27136K)->27135K(27136K) From: 0K(88576K)->0K(88576K)
[55.044s][info][gc,heap        ] GC(235) ParOldGen: 1706862K(1707008K)->1706862K(1707008K)
[55.044s][info][gc,metaspace   ] GC(235) Metaspace: 6302K(6464K)->6302K(6464K) NonClass: 5768K(5824K)->5768K(5824K) Class: 533K(640K)->533K(640K)
[55.044s][info][gc             ] GC(235) Pause Full (Ergonomics) 1693M->1693M(1780M) 545.329ms
[55.044s][info][gc,cpu         ] GC(235) User=2.94s Sys=0.00s Real=0.55s
[55.044s][info][gc,start       ] GC(236) Pause Full (Ergonomics)
[55.044s][info][gc,phases,start] GC(236) Marking Phase
[55.454s][info][gc,phases      ] GC(236) Marking Phase 409.483ms
[55.454s][info][gc,phases,start] GC(236) Summary Phase
[55.454s][info][gc,phases      ] GC(236) Summary Phase 0.029ms
[55.454s][info][gc,phases,start] GC(236) Adjust Roots
[55.454s][info][gc,phases      ] GC(236) Adjust Roots 0.196ms
[55.454s][info][gc,phases,start] GC(236) Compaction Phase
[55.608s][info][gc,phases      ] GC(236) Compaction Phase 153.956ms
[55.608s][info][gc,phases,start] GC(236) Post Compact
[55.611s][info][gc,phases      ] GC(236) Post Compact 2.983ms
[55.611s][info][gc,heap        ] GC(236) PSYoungGen: 27135K(115712K)->27135K(115712K) Eden: 27135K(27136K)->27135K(27136K) From: 0K(88576K)->0K(88576K)
[55.611s][info][gc,heap        ] GC(236) ParOldGen: 1706866K(1707008K)->1706866K(1707008K)
[55.611s][info][gc,metaspace   ] GC(236) Metaspace: 6302K(6464K)->6302K(6464K) NonClass: 5768K(5824K)->5768K(5824K) Class: 533K(640K)->533K(640K)
[55.611s][info][gc             ] GC(236) Pause Full (Ergonomics) 1693M->1693M(1780M) 566.987ms
[55.611s][info][gc,cpu         ] GC(236) User=2.92s Sys=0.02s Real=0.57s
[55.612s][info][gc,start       ] GC(237) Pause Full (Ergonomics)
[55.612s][info][gc,phases,start] GC(237) Marking Phase
[56.003s][info][gc,phases      ] GC(237) Marking Phase 391.405ms
[56.003s][info][gc,phases,start] GC(237) Summary Phase
[56.003s][info][gc,phases      ] GC(237) Summary Phase 0.028ms
[56.003s][info][gc,phases,start] GC(237) Adjust Roots
[56.003s][info][gc,phases      ] GC(237) Adjust Roots 0.199ms
[56.003s][info][gc,phases,start] GC(237) Compaction Phase
[56.153s][info][gc,phases      ] GC(237) Compaction Phase 150.009ms
[56.153s][info][gc,phases,start] GC(237) Post Compact
[56.156s][info][gc,phases      ] GC(237) Post Compact 3.003ms
[56.157s][info][gc,heap        ] GC(237) PSYoungGen: 27135K(115712K)->27135K(115712K) Eden: 27135K(27136K)->27135K(27136K) From: 0K(88576K)->0K(88576K)
[56.157s][info][gc,heap        ] GC(237) ParOldGen: 1706871K(1707008K)->1706871K(1707008K)
[56.157s][info][gc,metaspace   ] GC(237) Metaspace: 6302K(6464K)->6302K(6464K) NonClass: 5768K(5824K)->5768K(5824K) Class: 533K(640K)->533K(640K)
[56.157s][info][gc             ] GC(237) Pause Full (Ergonomics) 1693M->1693M(1780M) 545.000ms
[56.157s][info][gc,cpu         ] GC(237) User=2.84s Sys=0.00s Real=0.55s
[56.157s][info][gc,start       ] GC(238) Pause Full (Ergonomics)
[56.157s][info][gc,phases,start] GC(238) Marking Phase
[56.556s][info][gc,phases      ] GC(238) Marking Phase 399.155ms
[56.556s][info][gc,phases,start] GC(238) Summary Phase
[56.556s][info][gc,phases      ] GC(238) Summary Phase 0.028ms
[56.556s][info][gc,phases,start] GC(238) Adjust Roots
[56.556s][info][gc,phases      ] GC(238) Adjust Roots 0.197ms
[56.556s][info][gc,phases,start] GC(238) Compaction Phase
[56.716s][info][gc,phases      ] GC(238) Compaction Phase 159.855ms
[56.716s][info][gc,phases,start] GC(238) Post Compact
[56.720s][info][gc,phases      ] GC(238) Post Compact 3.235ms
[56.720s][info][gc,heap        ] GC(238) PSYoungGen: 27135K(115712K)->27135K(115712K) Eden: 27135K(27136K)->27135K(27136K) From: 0K(88576K)->0K(88576K)
[56.720s][info][gc,heap        ] GC(238) ParOldGen: 1706876K(1707008K)->1706876K(1707008K)
[56.720s][info][gc,metaspace   ] GC(238) Metaspace: 6302K(6464K)->6302K(6464K) NonClass: 5768K(5824K)->5768K(5824K) Class: 533K(640K)->533K(640K)
[56.720s][info][gc             ] GC(238) Pause Full (Ergonomics) 1693M->1693M(1780M) 562.842ms
[56.720s][info][gc,cpu         ] GC(238) User=2.92s Sys=0.00s Real=0.56s
[56.720s][info][gc,start       ] GC(239) Pause Full (Ergonomics)
[56.720s][info][gc,phases,start] GC(239) Marking Phase
[57.146s][info][gc,phases      ] GC(239) Marking Phase 425.482ms
[57.146s][info][gc,phases,start] GC(239) Summary Phase
[57.146s][info][gc,phases      ] GC(239) Summary Phase 0.026ms
[57.146s][info][gc,phases,start] GC(239) Adjust Roots
[57.146s][info][gc,phases      ] GC(239) Adjust Roots 0.196ms
[57.146s][info][gc,phases,start] GC(239) Compaction Phase
[57.307s][info][gc,phases      ] GC(239) Compaction Phase 160.604ms
[57.307s][info][gc,phases,start] GC(239) Post Compact
[57.310s][info][gc,phases      ] GC(239) Post Compact 2.974ms
[57.310s][info][gc,heap        ] GC(239) PSYoungGen: 27135K(115712K)->27135K(115712K) Eden: 27135K(27136K)->27135K(27136K) From: 0K(88576K)->0K(88576K)
[57.310s][info][gc,heap        ] GC(239) ParOldGen: 1706880K(1707008K)->1706880K(1707008K)
[57.310s][info][gc,metaspace   ] GC(239) Metaspace: 6302K(6464K)->6302K(6464K) NonClass: 5768K(5824K)->5768K(5824K) Class: 533K(640K)->533K(640K)
[57.310s][info][gc             ] GC(239) Pause Full (Ergonomics) 1693M->1693M(1780M) 589.621ms
[57.310s][info][gc,cpu         ] GC(239) User=3.08s Sys=0.00s Real=0.59s
[57.310s][info][gc,start       ] GC(240) Pause Full (Ergonomics)
[57.310s][info][gc,phases,start] GC(240) Marking Phase
[57.723s][info][gc,phases      ] GC(240) Marking Phase 412.929ms
[57.723s][info][gc,phases,start] GC(240) Summary Phase
[57.723s][info][gc,phases      ] GC(240) Summary Phase 0.029ms
[57.723s][info][gc,phases,start] GC(240) Adjust Roots
[57.723s][info][gc,phases      ] GC(240) Adjust Roots 0.211ms
[57.723s][info][gc,phases,start] GC(240) Compaction Phase
[57.884s][info][gc,phases      ] GC(240) Compaction Phase 160.473ms
[57.884s][info][gc,phases,start] GC(240) Post Compact
[57.887s][info][gc,phases      ] GC(240) Post Compact 3.269ms
[57.887s][info][gc,heap        ] GC(240) PSYoungGen: 27135K(115712K)->27135K(115712K) Eden: 27135K(27136K)->27135K(27136K) From: 0K(88576K)->0K(88576K)
[57.887s][info][gc,heap        ] GC(240) ParOldGen: 1706885K(1707008K)->1706885K(1707008K)
[57.887s][info][gc,metaspace   ] GC(240) Metaspace: 6302K(6464K)->6302K(6464K) NonClass: 5768K(5824K)->5768K(5824K) Class: 533K(640K)->533K(640K)
[57.887s][info][gc             ] GC(240) Pause Full (Ergonomics) 1693M->1693M(1780M) 577.314ms
[57.887s][info][gc,cpu         ] GC(240) User=2.98s Sys=0.00s Real=0.58s
[57.888s][info][gc,start       ] GC(241) Pause Full (Ergonomics)
[57.888s][info][gc,phases,start] GC(241) Marking Phase
[58.300s][info][gc,phases      ] GC(241) Marking Phase 412.043ms
[58.300s][info][gc,phases,start] GC(241) Summary Phase
[58.300s][info][gc,phases      ] GC(241) Summary Phase 0.028ms
[58.300s][info][gc,phases,start] GC(241) Adjust Roots
[58.300s][info][gc,phases      ] GC(241) Adjust Roots 0.220ms
[58.300s][info][gc,phases,start] GC(241) Compaction Phase
[58.458s][info][gc,phases      ] GC(241) Compaction Phase 157.710ms
[58.458s][info][gc,phases,start] GC(241) Post Compact
[58.461s][info][gc,phases      ] GC(241) Post Compact 3.001ms
[58.461s][info][gc,heap        ] GC(241) PSYoungGen: 27135K(115712K)->27135K(115712K) Eden: 27135K(27136K)->27135K(27136K) From: 0K(88576K)->0K(88576K)
[58.461s][info][gc,heap        ] GC(241) ParOldGen: 1706890K(1707008K)->1706890K(1707008K)
[58.461s][info][gc,metaspace   ] GC(241) Metaspace: 6302K(6464K)->6302K(6464K) NonClass: 5768K(5824K)->5768K(5824K) Class: 533K(640K)->533K(640K)
[58.461s][info][gc             ] GC(241) Pause Full (Ergonomics) 1693M->1693M(1780M) 573.347ms
[58.461s][info][gc,cpu         ] GC(241) User=2.91s Sys=0.03s Real=0.57s
[58.461s][info][gc,start       ] GC(242) Pause Full (Ergonomics)
[58.461s][info][gc,phases,start] GC(242) Marking Phase
[58.862s][info][gc,phases      ] GC(242) Marking Phase 401.097ms
[58.862s][info][gc,phases,start] GC(242) Summary Phase
[58.862s][info][gc,phases      ] GC(242) Summary Phase 0.028ms
[58.862s][info][gc,phases,start] GC(242) Adjust Roots
[58.863s][info][gc,phases      ] GC(242) Adjust Roots 0.187ms
[58.863s][info][gc,phases,start] GC(242) Compaction Phase
[59.026s][info][gc,phases      ] GC(242) Compaction Phase 163.338ms
[59.026s][info][gc,phases,start] GC(242) Post Compact
[59.029s][info][gc,phases      ] GC(242) Post Compact 2.974ms
[59.029s][info][gc,heap        ] GC(242) PSYoungGen: 27135K(115712K)->27135K(115712K) Eden: 27135K(27136K)->27135K(27136K) From: 0K(88576K)->0K(88576K)
[59.029s][info][gc,heap        ] GC(242) ParOldGen: 1706894K(1707008K)->1706894K(1707008K)
[59.029s][info][gc,metaspace   ] GC(242) Metaspace: 6302K(6464K)->6302K(6464K) NonClass: 5768K(5824K)->5768K(5824K) Class: 533K(640K)->533K(640K)
[59.029s][info][gc             ] GC(242) Pause Full (Ergonomics) 1693M->1693M(1780M) 567.955ms
[59.029s][info][gc,cpu         ] GC(242) User=2.91s Sys=0.03s Real=0.57s
[59.029s][info][gc,start       ] GC(243) Pause Full (Ergonomics)
[59.030s][info][gc,phases,start] GC(243) Marking Phase
[59.447s][info][gc,phases      ] GC(243) Marking Phase 417.275ms
[59.447s][info][gc,phases,start] GC(243) Summary Phase
[59.447s][info][gc,phases      ] GC(243) Summary Phase 0.027ms
[59.447s][info][gc,phases,start] GC(243) Adjust Roots
[59.447s][info][gc,phases      ] GC(243) Adjust Roots 0.194ms
[59.447s][info][gc,phases,start] GC(243) Compaction Phase
[59.585s][info][gc,phases      ] GC(243) Compaction Phase 137.502ms
[59.585s][info][gc,phases,start] GC(243) Post Compact
[59.588s][info][gc,phases      ] GC(243) Post Compact 3.175ms
[59.588s][info][gc,heap        ] GC(243) PSYoungGen: 27135K(115712K)->27135K(115712K) Eden: 27135K(27136K)->27135K(27136K) From: 0K(88576K)->0K(88576K)
[59.588s][info][gc,heap        ] GC(243) ParOldGen: 1706899K(1707008K)->1706899K(1707008K)
[59.588s][info][gc,metaspace   ] GC(243) Metaspace: 6302K(6464K)->6302K(6464K) NonClass: 5768K(5824K)->5768K(5824K) Class: 533K(640K)->533K(640K)
[59.588s][info][gc             ] GC(243) Pause Full (Ergonomics) 1693M->1693M(1780M) 558.524ms
[59.588s][info][gc,cpu         ] GC(243) User=2.95s Sys=0.02s Real=0.56s
[59.588s][info][gc,start       ] GC(244) Pause Full (Ergonomics)
[59.588s][info][gc,phases,start] GC(244) Marking Phase
[59.998s][info][gc,phases      ] GC(244) Marking Phase 410.158ms
[59.999s][info][gc,phases,start] GC(244) Summary Phase
[59.999s][info][gc,phases      ] GC(244) Summary Phase 0.029ms
[59.999s][info][gc,phases,start] GC(244) Adjust Roots
[59.999s][info][gc,phases      ] GC(244) Adjust Roots 0.206ms
[59.999s][info][gc,phases,start] GC(244) Compaction Phase
[60.141s][info][gc,phases      ] GC(244) Compaction Phase 141.881ms
[60.141s][info][gc,phases,start] GC(244) Post Compact
[60.144s][info][gc,phases      ] GC(244) Post Compact 3.063ms
[60.144s][info][gc,heap        ] GC(244) PSYoungGen: 27135K(115712K)->27135K(115712K) Eden: 27135K(27136K)->27135K(27136K) From: 0K(88576K)->0K(88576K)
[60.144s][info][gc,heap        ] GC(244) ParOldGen: 1706904K(1707008K)->1706904K(1707008K)
[60.144s][info][gc,metaspace   ] GC(244) Metaspace: 6302K(6464K)->6302K(6464K) NonClass: 5768K(5824K)->5768K(5824K) Class: 533K(640K)->533K(640K)
[60.144s][info][gc             ] GC(244) Pause Full (Ergonomics) 1693M->1693M(1780M) 555.651ms
[60.144s][info][gc,cpu         ] GC(244) User=3.02s Sys=0.02s Real=0.56s
[60.144s][info][gc,start       ] GC(245) Pause Full (Ergonomics)
[60.144s][info][gc,phases,start] GC(245) Marking Phase
[60.574s][info][gc,phases      ] GC(245) Marking Phase 429.420ms
[60.574s][info][gc,phases,start] GC(245) Summary Phase
[60.574s][info][gc,phases      ] GC(245) Summary Phase 0.028ms
[60.574s][info][gc,phases,start] GC(245) Adjust Roots
[60.574s][info][gc,phases      ] GC(245) Adjust Roots 0.197ms
[60.574s][info][gc,phases,start] GC(245) Compaction Phase
[60.727s][info][gc,phases      ] GC(245) Compaction Phase 153.266ms
[60.727s][info][gc,phases,start] GC(245) Post Compact
[60.730s][info][gc,phases      ] GC(245) Post Compact 3.046ms
[60.730s][info][gc,heap        ] GC(245) PSYoungGen: 27135K(115712K)->27135K(115712K) Eden: 27135K(27136K)->27135K(27136K) From: 0K(88576K)->0K(88576K)
[60.730s][info][gc,heap        ] GC(245) ParOldGen: 1706908K(1707008K)->1706908K(1707008K)
[60.730s][info][gc,metaspace   ] GC(245) Metaspace: 6302K(6464K)->6302K(6464K) NonClass: 5768K(5824K)->5768K(5824K) Class: 533K(640K)->533K(640K)
[60.731s][info][gc             ] GC(245) Pause Full (Ergonomics) 1693M->1693M(1780M) 586.289ms
[60.731s][info][gc,cpu         ] GC(245) User=3.20s Sys=0.02s Real=0.59s
[60.731s][info][gc,start       ] GC(246) Pause Full (Ergonomics)
[60.731s][info][gc,phases,start] GC(246) Marking Phase
[61.131s][info][gc,phases      ] GC(246) Marking Phase 400.254ms
[61.131s][info][gc,phases,start] GC(246) Summary Phase
[61.131s][info][gc,phases      ] GC(246) Summary Phase 0.029ms
[61.131s][info][gc,phases,start] GC(246) Adjust Roots
[61.131s][info][gc,phases      ] GC(246) Adjust Roots 0.197ms
[61.131s][info][gc,phases,start] GC(246) Compaction Phase
[61.253s][info][gc,phases      ] GC(246) Compaction Phase 122.040ms
[61.254s][info][gc,phases,start] GC(246) Post Compact
[61.256s][info][gc,phases      ] GC(246) Post Compact 2.703ms
[61.256s][info][gc,heap        ] GC(246) PSYoungGen: 27135K(115712K)->27135K(115712K) Eden: 27135K(27136K)->27135K(27136K) From: 0K(88576K)->0K(88576K)
[61.256s][info][gc,heap        ] GC(246) ParOldGen: 1706913K(1707008K)->1706913K(1707008K)
[61.256s][info][gc,metaspace   ] GC(246) Metaspace: 6302K(6464K)->6302K(6464K) NonClass: 5768K(5824K)->5768K(5824K) Class: 533K(640K)->533K(640K)
[61.256s][info][gc             ] GC(246) Pause Full (Ergonomics) 1693M->1693M(1780M) 525.536ms
[61.256s][info][gc,cpu         ] GC(246) User=2.84s Sys=0.02s Real=0.53s
[61.257s][info][gc,start       ] GC(247) Pause Full (Ergonomics)
[61.257s][info][gc,phases,start] GC(247) Marking Phase
[61.652s][info][gc,phases      ] GC(247) Marking Phase 395.548ms
[61.652s][info][gc,phases,start] GC(247) Summary Phase
[61.652s][info][gc,phases      ] GC(247) Summary Phase 0.028ms
[61.652s][info][gc,phases,start] GC(247) Adjust Roots
[61.653s][info][gc,phases      ] GC(247) Adjust Roots 0.207ms
[61.653s][info][gc,phases,start] GC(247) Compaction Phase
[61.809s][info][gc,phases      ] GC(247) Compaction Phase 156.073ms
[61.809s][info][gc,phases,start] GC(247) Post Compact
[61.812s][info][gc,phases      ] GC(247) Post Compact 3.490ms
[61.812s][info][gc,heap        ] GC(247) PSYoungGen: 27135K(115712K)->27135K(115712K) Eden: 27135K(27136K)->27135K(27136K) From: 0K(88576K)->0K(88576K)
[61.812s][info][gc,heap        ] GC(247) ParOldGen: 1706918K(1707008K)->1706918K(1707008K)
[61.812s][info][gc,metaspace   ] GC(247) Metaspace: 6302K(6464K)->6302K(6464K) NonClass: 5768K(5824K)->5768K(5824K) Class: 533K(640K)->533K(640K)
[61.812s][info][gc             ] GC(247) Pause Full (Ergonomics) 1693M->1693M(1780M) 555.792ms
[61.812s][info][gc,cpu         ] GC(247) User=2.94s Sys=0.02s Real=0.56s
[61.813s][info][gc,start       ] GC(248) Pause Full (Ergonomics)
[61.813s][info][gc,phases,start] GC(248) Marking Phase
[62.228s][info][gc,phases      ] GC(248) Marking Phase 415.111ms
[62.228s][info][gc,phases,start] GC(248) Summary Phase
[62.228s][info][gc,phases      ] GC(248) Summary Phase 0.029ms
[62.228s][info][gc,phases,start] GC(248) Adjust Roots
[62.228s][info][gc,phases      ] GC(248) Adjust Roots 0.199ms
[62.228s][info][gc,phases,start] GC(248) Compaction Phase
[62.375s][info][gc,phases      ] GC(248) Compaction Phase 147.009ms
[62.375s][info][gc,phases,start] GC(248) Post Compact
[62.378s][info][gc,phases      ] GC(248) Post Compact 2.991ms
[62.378s][info][gc,heap        ] GC(248) PSYoungGen: 27135K(115712K)->27135K(115712K) Eden: 27135K(27136K)->27135K(27136K) From: 0K(88576K)->0K(88576K)
[62.378s][info][gc,heap        ] GC(248) ParOldGen: 1706922K(1707008K)->1706922K(1707008K)
[62.378s][info][gc,metaspace   ] GC(248) Metaspace: 6302K(6464K)->6302K(6464K) NonClass: 5768K(5824K)->5768K(5824K) Class: 533K(640K)->533K(640K)
[62.378s][info][gc             ] GC(248) Pause Full (Ergonomics) 1693M->1693M(1780M) 565.733ms
[62.379s][info][gc,cpu         ] GC(248) User=3.02s Sys=0.00s Real=0.57s
[62.379s][info][gc,start       ] GC(249) Pause Full (Ergonomics)
[62.379s][info][gc,phases,start] GC(249) Marking Phase
[62.795s][info][gc,phases      ] GC(249) Marking Phase 416.278ms
[62.795s][info][gc,phases,start] GC(249) Summary Phase
[62.795s][info][gc,phases      ] GC(249) Summary Phase 0.028ms
[62.795s][info][gc,phases,start] GC(249) Adjust Roots
[62.795s][info][gc,phases      ] GC(249) Adjust Roots 0.198ms
[62.795s][info][gc,phases,start] GC(249) Compaction Phase
[62.946s][info][gc,phases      ] GC(249) Compaction Phase 150.839ms
[62.946s][info][gc,phases,start] GC(249) Post Compact
[62.949s][info][gc,phases      ] GC(249) Post Compact 2.980ms
[62.949s][info][gc,heap        ] GC(249) PSYoungGen: 27135K(115712K)->27135K(115712K) Eden: 27135K(27136K)->27135K(27136K) From: 0K(88576K)->0K(88576K)
[62.949s][info][gc,heap        ] GC(249) ParOldGen: 1706927K(1707008K)->1706927K(1707008K)
[62.949s][info][gc,metaspace   ] GC(249) Metaspace: 6302K(6464K)->6302K(6464K) NonClass: 5768K(5824K)->5768K(5824K) Class: 533K(640K)->533K(640K)
[62.949s][info][gc             ] GC(249) Pause Full (Ergonomics) 1693M->1693M(1780M) 570.695ms
[62.949s][info][gc,cpu         ] GC(249) User=3.05s Sys=0.02s Real=0.57s
[62.950s][info][gc,start       ] GC(250) Pause Full (Ergonomics)
[62.950s][info][gc,phases,start] GC(250) Marking Phase
[63.372s][info][gc,phases      ] GC(250) Marking Phase 422.131ms
[63.372s][info][gc,phases,start] GC(250) Summary Phase
[63.372s][info][gc,phases      ] GC(250) Summary Phase 0.037ms
[63.372s][info][gc,phases,start] GC(250) Adjust Roots
[63.372s][info][gc,phases      ] GC(250) Adjust Roots 0.226ms
[63.372s][info][gc,phases,start] GC(250) Compaction Phase
[63.496s][info][gc,phases      ] GC(250) Compaction Phase 124.003ms
[63.496s][info][gc,phases,start] GC(250) Post Compact
[63.499s][info][gc,phases      ] GC(250) Post Compact 2.792ms
[63.499s][info][gc,heap        ] GC(250) PSYoungGen: 27135K(115712K)->27135K(115712K) Eden: 27135K(27136K)->27135K(27136K) From: 0K(88576K)->0K(88576K)
[63.499s][info][gc,heap        ] GC(250) ParOldGen: 1706932K(1707008K)->1706932K(1707008K)
[63.499s][info][gc,metaspace   ] GC(250) Metaspace: 6302K(6464K)->6302K(6464K) NonClass: 5768K(5824K)->5768K(5824K) Class: 533K(640K)->533K(640K)
[63.499s][info][gc             ] GC(250) Pause Full (Ergonomics) 1693M->1693M(1780M) 549.518ms
[63.499s][info][gc,cpu         ] GC(250) User=3.03s Sys=0.00s Real=0.55s
[63.500s][info][gc,start       ] GC(251) Pause Full (Ergonomics)
[63.500s][info][gc,phases,start] GC(251) Marking Phase
[63.916s][info][gc,phases      ] GC(251) Marking Phase 416.255ms
[63.916s][info][gc,phases,start] GC(251) Summary Phase
[63.916s][info][gc,phases      ] GC(251) Summary Phase 0.029ms
[63.916s][info][gc,phases,start] GC(251) Adjust Roots
[63.916s][info][gc,phases      ] GC(251) Adjust Roots 0.191ms
[63.916s][info][gc,phases,start] GC(251) Compaction Phase
[64.048s][info][gc,phases      ] GC(251) Compaction Phase 131.383ms
[64.048s][info][gc,phases,start] GC(251) Post Compact
[64.051s][info][gc,phases      ] GC(251) Post Compact 3.207ms
[64.051s][info][gc,heap        ] GC(251) PSYoungGen: 27135K(115712K)->27135K(115712K) Eden: 27135K(27136K)->27135K(27136K) From: 0K(88576K)->0K(88576K)
[64.051s][info][gc,heap        ] GC(251) ParOldGen: 1706936K(1707008K)->1706936K(1707008K)
[64.051s][info][gc,metaspace   ] GC(251) Metaspace: 6302K(6464K)->6302K(6464K) NonClass: 5768K(5824K)->5768K(5824K) Class: 533K(640K)->533K(640K)
[64.051s][info][gc             ] GC(251) Pause Full (Ergonomics) 1693M->1693M(1780M) 551.426ms
[64.051s][info][gc,cpu         ] GC(251) User=3.11s Sys=0.00s Real=0.55s
[64.051s][info][gc,start       ] GC(252) Pause Full (Ergonomics)
[64.051s][info][gc,phases,start] GC(252) Marking Phase
[64.457s][info][gc,phases      ] GC(252) Marking Phase 405.189ms
[64.457s][info][gc,phases,start] GC(252) Summary Phase
[64.457s][info][gc,phases      ] GC(252) Summary Phase 0.029ms
[64.457s][info][gc,phases,start] GC(252) Adjust Roots
[64.457s][info][gc,phases      ] GC(252) Adjust Roots 0.203ms
[64.457s][info][gc,phases,start] GC(252) Compaction Phase
[64.578s][info][gc,phases      ] GC(252) Compaction Phase 120.999ms
[64.578s][info][gc,phases,start] GC(252) Post Compact
[64.581s][info][gc,phases      ] GC(252) Post Compact 2.761ms
[64.581s][info][gc,heap        ] GC(252) PSYoungGen: 27135K(115712K)->27135K(115712K) Eden: 27135K(27136K)->27135K(27136K) From: 0K(88576K)->0K(88576K)
[64.581s][info][gc,heap        ] GC(252) ParOldGen: 1706941K(1707008K)->1706941K(1707008K)
[64.581s][info][gc,metaspace   ] GC(252) Metaspace: 6302K(6464K)->6302K(6464K) NonClass: 5768K(5824K)->5768K(5824K) Class: 533K(640K)->533K(640K)
[64.581s][info][gc             ] GC(252) Pause Full (Ergonomics) 1693M->1693M(1780M) 529.507ms
[64.581s][info][gc,cpu         ] GC(252) User=2.98s Sys=0.00s Real=0.53s
[64.581s][info][gc,start       ] GC(253) Pause Full (Ergonomics)
[64.581s][info][gc,phases,start] GC(253) Marking Phase
[64.999s][info][gc,phases      ] GC(253) Marking Phase 417.702ms
[64.999s][info][gc,phases,start] GC(253) Summary Phase
[64.999s][info][gc,phases      ] GC(253) Summary Phase 0.029ms
[64.999s][info][gc,phases,start] GC(253) Adjust Roots
[64.999s][info][gc,phases      ] GC(253) Adjust Roots 0.198ms
[64.999s][info][gc,phases,start] GC(253) Compaction Phase
[65.155s][info][gc,phases      ] GC(253) Compaction Phase 155.717ms
[65.155s][info][gc,phases,start] GC(253) Post Compact
[65.158s][info][gc,phases      ] GC(253) Post Compact 3.038ms
[65.158s][info][gc,heap        ] GC(253) PSYoungGen: 27135K(115712K)->27135K(115712K) Eden: 27135K(27136K)->27135K(27136K) From: 0K(88576K)->0K(88576K)
[65.158s][info][gc,heap        ] GC(253) ParOldGen: 1706946K(1707008K)->1706946K(1707008K)
[65.158s][info][gc,metaspace   ] GC(253) Metaspace: 6302K(6464K)->6302K(6464K) NonClass: 5768K(5824K)->5768K(5824K) Class: 533K(640K)->533K(640K)
[65.158s][info][gc             ] GC(253) Pause Full (Ergonomics) 1693M->1693M(1780M) 577.037ms
[65.158s][info][gc,cpu         ] GC(253) User=3.06s Sys=0.02s Real=0.58s
[65.158s][info][gc,start       ] GC(254) Pause Full (Ergonomics)
[65.159s][info][gc,phases,start] GC(254) Marking Phase
[65.579s][info][gc,phases      ] GC(254) Marking Phase 420.666ms
[65.579s][info][gc,phases,start] GC(254) Summary Phase
[65.579s][info][gc,phases      ] GC(254) Summary Phase 0.029ms
[65.579s][info][gc,phases,start] GC(254) Adjust Roots
[65.579s][info][gc,phases      ] GC(254) Adjust Roots 0.200ms
[65.579s][info][gc,phases,start] GC(254) Compaction Phase
[65.751s][info][gc,phases      ] GC(254) Compaction Phase 171.006ms
[65.751s][info][gc,phases,start] GC(254) Post Compact
[65.754s][info][gc,phases      ] GC(254) Post Compact 3.012ms
[65.754s][info][gc,heap        ] GC(254) PSYoungGen: 27135K(115712K)->27135K(115712K) Eden: 27135K(27136K)->27135K(27136K) From: 0K(88576K)->0K(88576K)
[65.754s][info][gc,heap        ] GC(254) ParOldGen: 1706950K(1707008K)->1706950K(1707008K)
[65.754s][info][gc,metaspace   ] GC(254) Metaspace: 6302K(6464K)->6302K(6464K) NonClass: 5768K(5824K)->5768K(5824K) Class: 533K(640K)->533K(640K)
[65.754s][info][gc             ] GC(254) Pause Full (Ergonomics) 1693M->1693M(1780M) 595.300ms
[65.754s][info][gc,cpu         ] GC(254) User=3.09s Sys=0.00s Real=0.60s
[65.754s][info][gc,start       ] GC(255) Pause Full (Ergonomics)
[65.754s][info][gc,phases,start] GC(255) Marking Phase
[66.175s][info][gc,phases      ] GC(255) Marking Phase 421.056ms
[66.175s][info][gc,phases,start] GC(255) Summary Phase
[66.175s][info][gc,phases      ] GC(255) Summary Phase 0.028ms
[66.175s][info][gc,phases,start] GC(255) Adjust Roots
[66.175s][info][gc,phases      ] GC(255) Adjust Roots 0.195ms
[66.175s][info][gc,phases,start] GC(255) Compaction Phase
[66.316s][info][gc,phases      ] GC(255) Compaction Phase 140.628ms
[66.316s][info][gc,phases,start] GC(255) Post Compact
[66.319s][info][gc,phases      ] GC(255) Post Compact 3.223ms
[66.320s][info][gc,heap        ] GC(255) PSYoungGen: 27135K(115712K)->27135K(115712K) Eden: 27135K(27136K)->27135K(27136K) From: 0K(88576K)->0K(88576K)
[66.320s][info][gc,heap        ] GC(255) ParOldGen: 1706955K(1707008K)->1706955K(1707008K)
[66.320s][info][gc,metaspace   ] GC(255) Metaspace: 6302K(6464K)->6302K(6464K) NonClass: 5768K(5824K)->5768K(5824K) Class: 533K(640K)->533K(640K)
[66.320s][info][gc             ] GC(255) Pause Full (Ergonomics) 1693M->1693M(1780M) 565.496ms
[66.320s][info][gc,cpu         ] GC(255) User=3.08s Sys=0.02s Real=0.57s
[66.320s][info][gc,start       ] GC(256) Pause Full (Ergonomics)
[66.320s][info][gc,phases,start] GC(256) Marking Phase
[66.747s][info][gc,phases      ] GC(256) Marking Phase 427.362ms
[66.747s][info][gc,phases,start] GC(256) Summary Phase
[66.747s][info][gc,phases      ] GC(256) Summary Phase 0.028ms
[66.747s][info][gc,phases,start] GC(256) Adjust Roots
[66.748s][info][gc,phases      ] GC(256) Adjust Roots 0.234ms
[66.748s][info][gc,phases,start] GC(256) Compaction Phase
[66.872s][info][gc,phases      ] GC(256) Compaction Phase 124.785ms
[66.872s][info][gc,phases,start] GC(256) Post Compact
[66.876s][info][gc,phases      ] GC(256) Post Compact 3.210ms
[66.876s][info][gc,heap        ] GC(256) PSYoungGen: 27135K(115712K)->27135K(115712K) Eden: 27135K(27136K)->27135K(27136K) From: 0K(88576K)->0K(88576K)
[66.876s][info][gc,heap        ] GC(256) ParOldGen: 1706960K(1707008K)->1706960K(1707008K)
[66.876s][info][gc,metaspace   ] GC(256) Metaspace: 6302K(6464K)->6302K(6464K) NonClass: 5768K(5824K)->5768K(5824K) Class: 533K(640K)->533K(640K)
[66.876s][info][gc             ] GC(256) Pause Full (Ergonomics) 1693M->1693M(1780M) 555.974ms
[66.876s][info][gc,cpu         ] GC(256) User=3.11s Sys=0.00s Real=0.56s
[66.876s][info][gc,start       ] GC(257) Pause Full (Ergonomics)
[66.876s][info][gc,phases,start] GC(257) Marking Phase
[67.292s][info][gc,phases      ] GC(257) Marking Phase 416.124ms
[67.292s][info][gc,phases,start] GC(257) Summary Phase
[67.292s][info][gc,phases      ] GC(257) Summary Phase 0.028ms
[67.292s][info][gc,phases,start] GC(257) Adjust Roots
[67.293s][info][gc,phases      ] GC(257) Adjust Roots 0.202ms
[67.293s][info][gc,phases,start] GC(257) Compaction Phase
[67.456s][info][gc,phases      ] GC(257) Compaction Phase 162.957ms
[67.456s][info][gc,phases,start] GC(257) Post Compact
[67.459s][info][gc,phases      ] GC(257) Post Compact 2.973ms
[67.459s][info][gc,heap        ] GC(257) PSYoungGen: 27135K(115712K)->27135K(115712K) Eden: 27135K(27136K)->27135K(27136K) From: 0K(88576K)->0K(88576K)
[67.459s][info][gc,heap        ] GC(257) ParOldGen: 1706964K(1707008K)->1706964K(1707008K)
[67.459s][info][gc,metaspace   ] GC(257) Metaspace: 6302K(6464K)->6302K(6464K) NonClass: 5768K(5824K)->5768K(5824K) Class: 533K(640K)->533K(640K)
[67.459s][info][gc             ] GC(257) Pause Full (Ergonomics) 1693M->1693M(1780M) 582.630ms
[67.459s][info][gc,cpu         ] GC(257) User=2.94s Sys=0.03s Real=0.58s
[67.459s][info][gc,start       ] GC(258) Pause Full (Ergonomics)
[67.459s][info][gc,phases,start] GC(258) Marking Phase
[67.886s][info][gc,phases      ] GC(258) Marking Phase 427.226ms
[67.886s][info][gc,phases,start] GC(258) Summary Phase
[67.886s][info][gc,phases      ] GC(258) Summary Phase 0.027ms
[67.886s][info][gc,phases,start] GC(258) Adjust Roots
[67.887s][info][gc,phases      ] GC(258) Adjust Roots 0.193ms
[67.887s][info][gc,phases,start] GC(258) Compaction Phase
[68.023s][info][gc,phases      ] GC(258) Compaction Phase 136.754ms
[68.023s][info][gc,phases,start] GC(258) Post Compact
[68.027s][info][gc,phases      ] GC(258) Post Compact 3.349ms
[68.027s][info][gc,heap        ] GC(258) PSYoungGen: 27135K(115712K)->27135K(115712K) Eden: 27135K(27136K)->27135K(27136K) From: 0K(88576K)->0K(88576K)
[68.027s][info][gc,heap        ] GC(258) ParOldGen: 1706969K(1707008K)->1706969K(1707008K)
[68.027s][info][gc,metaspace   ] GC(258) Metaspace: 6302K(6464K)->6302K(6464K) NonClass: 5768K(5824K)->5768K(5824K) Class: 533K(640K)->533K(640K)
[68.027s][info][gc             ] GC(258) Pause Full (Ergonomics) 1693M->1693M(1780M) 567.929ms
[68.027s][info][gc,cpu         ] GC(258) User=3.03s Sys=0.05s Real=0.57s
[68.027s][info][gc,start       ] GC(259) Pause Full (Ergonomics)
[68.027s][info][gc,phases,start] GC(259) Marking Phase
[68.460s][info][gc,phases      ] GC(259) Marking Phase 432.927ms
[68.460s][info][gc,phases,start] GC(259) Summary Phase
[68.460s][info][gc,phases      ] GC(259) Summary Phase 0.029ms
[68.460s][info][gc,phases,start] GC(259) Adjust Roots
[68.461s][info][gc,phases      ] GC(259) Adjust Roots 0.195ms
[68.461s][info][gc,phases,start] GC(259) Compaction Phase
[68.627s][info][gc,phases      ] GC(259) Compaction Phase 166.301ms
[68.627s][info][gc,phases,start] GC(259) Post Compact
[68.630s][info][gc,phases      ] GC(259) Post Compact 2.936ms
[68.630s][info][gc,heap        ] GC(259) PSYoungGen: 27135K(115712K)->27135K(115712K) Eden: 27135K(27136K)->27135K(27136K) From: 0K(88576K)->0K(88576K)
[68.630s][info][gc,heap        ] GC(259) ParOldGen: 1706974K(1707008K)->1706974K(1707008K)
[68.630s][info][gc,metaspace   ] GC(259) Metaspace: 6302K(6464K)->6302K(6464K) NonClass: 5768K(5824K)->5768K(5824K) Class: 533K(640K)->533K(640K)
[68.630s][info][gc             ] GC(259) Pause Full (Ergonomics) 1693M->1693M(1780M) 602.703ms
[68.630s][info][gc,cpu         ] GC(259) User=3.19s Sys=0.00s Real=0.60s
[68.630s][info][gc,start       ] GC(260) Pause Full (Ergonomics)
[68.630s][info][gc,phases,start] GC(260) Marking Phase
[69.045s][info][gc,phases      ] GC(260) Marking Phase 414.340ms
[69.045s][info][gc,phases,start] GC(260) Summary Phase
[69.045s][info][gc,phases      ] GC(260) Summary Phase 0.028ms
[69.045s][info][gc,phases,start] GC(260) Adjust Roots
[69.045s][info][gc,phases      ] GC(260) Adjust Roots 0.204ms
[69.045s][info][gc,phases,start] GC(260) Compaction Phase
[69.177s][info][gc,phases      ] GC(260) Compaction Phase 132.332ms
[69.177s][info][gc,phases,start] GC(260) Post Compact
[69.181s][info][gc,phases      ] GC(260) Post Compact 3.113ms
[69.181s][info][gc,heap        ] GC(260) PSYoungGen: 27135K(115712K)->27135K(115712K) Eden: 27135K(27136K)->27135K(27136K) From: 0K(88576K)->0K(88576K)
[69.181s][info][gc,heap        ] GC(260) ParOldGen: 1706978K(1707008K)->1706978K(1707008K)
[69.181s][info][gc,metaspace   ] GC(260) Metaspace: 6302K(6464K)->6302K(6464K) NonClass: 5768K(5824K)->5768K(5824K) Class: 533K(640K)->533K(640K)
[69.181s][info][gc             ] GC(260) Pause Full (Ergonomics) 1693M->1693M(1780M) 550.360ms
[69.181s][info][gc,cpu         ] GC(260) User=3.00s Sys=0.03s Real=0.55s
[69.181s][info][gc,start       ] GC(261) Pause Full (Ergonomics)
[69.181s][info][gc,phases,start] GC(261) Marking Phase
[69.593s][info][gc,phases      ] GC(261) Marking Phase 412.113ms
[69.593s][info][gc,phases,start] GC(261) Summary Phase
[69.593s][info][gc,phases      ] GC(261) Summary Phase 0.029ms
[69.593s][info][gc,phases,start] GC(261) Adjust Roots
[69.593s][info][gc,phases      ] GC(261) Adjust Roots 0.209ms
[69.593s][info][gc,phases,start] GC(261) Compaction Phase
[69.742s][info][gc,phases      ] GC(261) Compaction Phase 148.106ms
[69.742s][info][gc,phases,start] GC(261) Post Compact
[69.745s][info][gc,phases      ] GC(261) Post Compact 3.395ms
[69.745s][info][gc,heap        ] GC(261) PSYoungGen: 27135K(115712K)->27135K(115712K) Eden: 27135K(27136K)->27135K(27136K) From: 0K(88576K)->0K(88576K)
[69.745s][info][gc,heap        ] GC(261) ParOldGen: 1706983K(1707008K)->1706983K(1707008K)
[69.745s][info][gc,metaspace   ] GC(261) Metaspace: 6302K(6464K)->6302K(6464K) NonClass: 5768K(5824K)->5768K(5824K) Class: 533K(640K)->533K(640K)
[69.745s][info][gc             ] GC(261) Pause Full (Ergonomics) 1693M->1693M(1780M) 564.252ms
[69.745s][info][gc,cpu         ] GC(261) User=3.02s Sys=0.02s Real=0.56s
[69.746s][info][gc,start       ] GC(262) Pause Full (Ergonomics)
[69.746s][info][gc,phases,start] GC(262) Marking Phase
[70.160s][info][gc,phases      ] GC(262) Marking Phase 414.710ms
[70.160s][info][gc,phases,start] GC(262) Summary Phase
[70.160s][info][gc,phases      ] GC(262) Summary Phase 0.029ms
[70.160s][info][gc,phases,start] GC(262) Adjust Roots
[70.161s][info][gc,phases      ] GC(262) Adjust Roots 0.197ms
[70.161s][info][gc,phases,start] GC(262) Compaction Phase
[70.323s][info][gc,phases      ] GC(262) Compaction Phase 162.646ms
[70.323s][info][gc,phases,start] GC(262) Post Compact
[70.327s][info][gc,phases      ] GC(262) Post Compact 3.186ms
[70.327s][info][gc,heap        ] GC(262) PSYoungGen: 27135K(115712K)->27135K(115712K) Eden: 27135K(27136K)->27135K(27136K) From: 0K(88576K)->0K(88576K)
[70.327s][info][gc,heap        ] GC(262) ParOldGen: 1706988K(1707008K)->1706988K(1707008K)
[70.327s][info][gc,metaspace   ] GC(262) Metaspace: 6302K(6464K)->6302K(6464K) NonClass: 5768K(5824K)->5768K(5824K) Class: 533K(640K)->533K(640K)
[70.327s][info][gc             ] GC(262) Pause Full (Ergonomics) 1693M->1693M(1780M) 581.120ms
[70.327s][info][gc,cpu         ] GC(262) User=3.05s Sys=0.05s Real=0.58s
[70.327s][info][gc,start       ] GC(263) Pause Full (Ergonomics)
[70.327s][info][gc,phases,start] GC(263) Marking Phase
[70.740s][info][gc,phases      ] GC(263) Marking Phase 412.672ms
[70.740s][info][gc,phases,start] GC(263) Summary Phase
[70.740s][info][gc,phases      ] GC(263) Summary Phase 0.038ms
[70.740s][info][gc,phases,start] GC(263) Adjust Roots
[70.740s][info][gc,phases      ] GC(263) Adjust Roots 0.190ms
[70.740s][info][gc,phases,start] GC(263) Compaction Phase
[70.888s][info][gc,phases      ] GC(263) Compaction Phase 148.291ms
[70.888s][info][gc,phases,start] GC(263) Post Compact
[70.891s][info][gc,phases      ] GC(263) Post Compact 3.068ms
[70.891s][info][gc,heap        ] GC(263) PSYoungGen: 27135K(115712K)->27135K(115712K) Eden: 27135K(27136K)->27135K(27136K) From: 0K(88576K)->0K(88576K)
[70.891s][info][gc,heap        ] GC(263) ParOldGen: 1706992K(1707008K)->1706992K(1707008K)
[70.891s][info][gc,metaspace   ] GC(263) Metaspace: 6302K(6464K)->6302K(6464K) NonClass: 5768K(5824K)->5768K(5824K) Class: 533K(640K)->533K(640K)
[70.892s][info][gc             ] GC(263) Pause Full (Ergonomics) 1693M->1693M(1780M) 564.578ms
[70.892s][info][gc,cpu         ] GC(263) User=2.95s Sys=0.02s Real=0.57s
[70.892s][info][gc,start       ] GC(264) Pause Full (Ergonomics)
[70.892s][info][gc,phases,start] GC(264) Marking Phase
[71.323s][info][gc,phases      ] GC(264) Marking Phase 430.839ms
[71.323s][info][gc,phases,start] GC(264) Summary Phase
[71.323s][info][gc,phases      ] GC(264) Summary Phase 0.028ms
[71.323s][info][gc,phases,start] GC(264) Adjust Roots
[71.323s][info][gc,phases      ] GC(264) Adjust Roots 0.190ms
[71.323s][info][gc,phases,start] GC(264) Compaction Phase
[71.465s][info][gc,phases      ] GC(264) Compaction Phase 142.186ms
[71.465s][info][gc,phases,start] GC(264) Post Compact
[71.469s][info][gc,phases      ] GC(264) Post Compact 3.220ms
[71.469s][info][gc,heap        ] GC(264) PSYoungGen: 27135K(115712K)->27135K(115712K) Eden: 27135K(27136K)->27135K(27136K) From: 0K(88576K)->0K(88576K)
[71.469s][info][gc,heap        ] GC(264) ParOldGen: 1706997K(1707008K)->1706997K(1707008K)
[71.469s][info][gc,metaspace   ] GC(264) Metaspace: 6302K(6464K)->6302K(6464K) NonClass: 5768K(5824K)->5768K(5824K) Class: 533K(640K)->533K(640K)
[71.469s][info][gc             ] GC(264) Pause Full (Ergonomics) 1693M->1693M(1780M) 576.976ms
[71.469s][info][gc,cpu         ] GC(264) User=3.16s Sys=0.02s Real=0.58s
[71.469s][info][gc,start       ] GC(265) Pause Full (Ergonomics)
[71.469s][info][gc,phases,start] GC(265) Marking Phase
[71.884s][info][gc,phases      ] GC(265) Marking Phase 415.282ms
[71.885s][info][gc,phases,start] GC(265) Summary Phase
[71.885s][info][gc,phases      ] GC(265) Summary Phase 0.036ms
[71.885s][info][gc,phases,start] GC(265) Adjust Roots
[71.885s][info][gc,phases      ] GC(265) Adjust Roots 0.206ms
[71.885s][info][gc,phases,start] GC(265) Compaction Phase
[72.009s][info][gc,phases      ] GC(265) Compaction Phase 124.190ms
[72.009s][info][gc,phases,start] GC(265) Post Compact
[72.012s][info][gc,phases      ] GC(265) Post Compact 2.864ms
[72.012s][info][gc,heap        ] GC(265) PSYoungGen: 27135K(115712K)->27135K(115712K) Eden: 27135K(27136K)->27135K(27136K) From: 0K(88576K)->0K(88576K)
[72.012s][info][gc,heap        ] GC(265) ParOldGen: 1707002K(1707008K)->1707002K(1707008K)
[72.012s][info][gc,metaspace   ] GC(265) Metaspace: 6302K(6464K)->6302K(6464K) NonClass: 5768K(5824K)->5768K(5824K) Class: 533K(640K)->533K(640K)
[72.012s][info][gc             ] GC(265) Pause Full (Ergonomics) 1693M->1693M(1780M) 542.920ms
[72.012s][info][gc,cpu         ] GC(265) User=3.08s Sys=0.00s Real=0.54s
[72.012s][info][gc,start       ] GC(266) Pause Full (Ergonomics)
[72.012s][info][gc,phases,start] GC(266) Marking Phase
[72.442s][info][gc,phases      ] GC(266) Marking Phase 429.901ms
[72.442s][info][gc,phases,start] GC(266) Summary Phase
[72.442s][info][gc,phases      ] GC(266) Summary Phase 0.029ms
[72.442s][info][gc,phases,start] GC(266) Adjust Roots
[72.443s][info][gc,phases      ] GC(266) Adjust Roots 0.199ms
[72.443s][info][gc,phases,start] GC(266) Compaction Phase
[72.566s][info][gc,phases      ] GC(266) Compaction Phase 123.024ms
[72.566s][info][gc,phases,start] GC(266) Post Compact
[72.569s][info][gc,phases      ] GC(266) Post Compact 2.888ms
[72.569s][info][gc,heap        ] GC(266) PSYoungGen: 27135K(115712K)->27135K(115712K) Eden: 27135K(27136K)->27135K(27136K) From: 0K(88576K)->0K(88576K)
[72.569s][info][gc,heap        ] GC(266) ParOldGen: 1707006K(1707008K)->1707006K(1707008K)
[72.569s][info][gc,metaspace   ] GC(266) Metaspace: 6302K(6464K)->6302K(6464K) NonClass: 5768K(5824K)->5768K(5824K) Class: 533K(640K)->533K(640K)
[72.569s][info][gc             ] GC(266) Pause Full (Ergonomics) 1693M->1693M(1780M) 556.383ms
[72.569s][info][gc,cpu         ] GC(266) User=3.02s Sys=0.02s Real=0.55s
[72.569s][info][gc,start       ] GC(267) Pause Full (Ergonomics)
[72.569s][info][gc,phases,start] GC(267) Marking Phase
[73.001s][info][gc,phases      ] GC(267) Marking Phase 432.294ms
[73.001s][info][gc,phases,start] GC(267) Summary Phase
[73.002s][info][gc,phases      ] GC(267) Summary Phase 0.029ms
[73.002s][info][gc,phases,start] GC(267) Adjust Roots
[73.002s][info][gc,phases      ] GC(267) Adjust Roots 0.223ms
[73.002s][info][gc,phases,start] GC(267) Compaction Phase
[73.163s][info][gc,phases      ] GC(267) Compaction Phase 161.529ms
[73.163s][info][gc,phases,start] GC(267) Post Compact
[73.167s][info][gc,phases      ] GC(267) Post Compact 3.139ms
[73.167s][info][gc,heap        ] GC(267) PSYoungGen: 27135K(115712K)->27135K(115712K) Eden: 27135K(27136K)->27135K(27136K) From: 0K(88576K)->0K(88576K)
[73.167s][info][gc,heap        ] GC(267) ParOldGen: 1707007K(1707008K)->1707007K(1707008K)
[73.167s][info][gc,metaspace   ] GC(267) Metaspace: 6302K(6464K)->6302K(6464K) NonClass: 5768K(5824K)->5768K(5824K) Class: 533K(640K)->533K(640K)
[73.167s][info][gc             ] GC(267) Pause Full (Ergonomics) 1693M->1693M(1780M) 597.595ms
[73.167s][info][gc,cpu         ] GC(267) User=3.16s Sys=0.00s Real=0.60s
[73.167s][info][gc,start       ] GC(268) Pause Full (Allocation Failure)
[73.167s][info][gc,phases,start] GC(268) Marking Phase
[73.587s][info][gc,phases      ] GC(268) Marking Phase 420.153ms
[73.587s][info][gc,phases,start] GC(268) Summary Phase
[73.587s][info][gc,phases      ] GC(268) Summary Phase 0.029ms
[73.587s][info][gc,phases,start] GC(268) Adjust Roots
[73.587s][info][gc,phases      ] GC(268) Adjust Roots 0.412ms
[73.588s][info][gc,phases,start] GC(268) Compaction Phase
[73.997s][info][gc,phases      ] GC(268) Compaction Phase 409.722ms
[73.997s][info][gc,phases,start] GC(268) Post Compact
[74.001s][info][gc,phases      ] GC(268) Post Compact 3.321ms
[74.001s][info][gc,heap        ] GC(268) PSYoungGen: 27135K(115712K)->27135K(115712K) Eden: 27135K(27136K)->27135K(27136K) From: 0K(88576K)->0K(88576K)
[74.001s][info][gc,heap        ] GC(268) ParOldGen: 1707007K(1707008K)->1707003K(1707008K)
[74.001s][info][gc,metaspace   ] GC(268) Metaspace: 6302K(6464K)->6300K(6464K) NonClass: 5768K(5824K)->5767K(5824K) Class: 533K(640K)->532K(640K)
[74.001s][info][gc             ] GC(268) Pause Full (Allocation Failure) 1693M->1693M(1780M) 834.009ms
[74.001s][info][gc,cpu         ] GC(268) User=4.64s Sys=0.08s Real=0.83s
[74.001s][info][gc,start       ] GC(269) Pause Full (Ergonomics)
[74.001s][info][gc,phases,start] GC(269) Marking Phase
[74.434s][info][gc,phases      ] GC(269) Marking Phase 432.722ms
[74.434s][info][gc,phases,start] GC(269) Summary Phase
[74.434s][info][gc,phases      ] GC(269) Summary Phase 0.029ms
[74.434s][info][gc,phases,start] GC(269) Adjust Roots
[74.434s][info][gc,phases      ] GC(269) Adjust Roots 0.194ms
[74.434s][info][gc,phases,start] GC(269) Compaction Phase
[74.579s][info][gc,phases      ] GC(269) Compaction Phase 144.602ms
[74.579s][info][gc,phases,start] GC(269) Post Compact
[74.582s][info][gc,phases      ] GC(269) Post Compact 3.132ms
[74.582s][info][gc,heap        ] GC(269) PSYoungGen: 27135K(115712K)->27135K(115712K) Eden: 27135K(27136K)->27135K(27136K) From: 0K(88576K)->0K(88576K)
[74.582s][info][gc,heap        ] GC(269) ParOldGen: 1707007K(1707008K)->1707007K(1707008K)
[74.582s][info][gc,metaspace   ] GC(269) Metaspace: 6300K(6464K)->6300K(6464K) NonClass: 5767K(5824K)->5767K(5824K) Class: 532K(640K)->532K(640K)
[74.582s][info][gc             ] GC(269) Pause Full (Ergonomics) 1693M->1693M(1780M) 581.009ms
[74.582s][info][gc,cpu         ] GC(269) User=3.08s Sys=0.02s Real=0.58s
[74.583s][info][gc,start       ] GC(270) Pause Full (Ergonomics)
[74.583s][info][gc,phases,start] GC(270) Marking Phase
[75.008s][info][gc,phases      ] GC(270) Marking Phase 424.798ms
[75.008s][info][gc,phases,start] GC(270) Summary Phase
[75.008s][info][gc,phases      ] GC(270) Summary Phase 0.030ms
[75.008s][info][gc,phases,start] GC(270) Adjust Roots
[75.008s][info][gc,phases      ] GC(270) Adjust Roots 0.193ms
[75.008s][info][gc,phases,start] GC(270) Compaction Phase
[75.160s][info][gc,phases      ] GC(270) Compaction Phase 151.973ms
[75.160s][info][gc,phases,start] GC(270) Post Compact
[75.163s][info][gc,phases      ] GC(270) Post Compact 3.276ms
[75.163s][info][gc,heap        ] GC(270) PSYoungGen: 27135K(115712K)->27135K(115712K) Eden: 27135K(27136K)->27135K(27136K) From: 0K(88576K)->0K(88576K)
[75.163s][info][gc,heap        ] GC(270) ParOldGen: 1707007K(1707008K)->1707007K(1707008K)
[75.163s][info][gc,metaspace   ] GC(270) Metaspace: 6300K(6464K)->6300K(6464K) NonClass: 5767K(5824K)->5767K(5824K) Class: 532K(640K)->532K(640K)
[75.163s][info][gc             ] GC(270) Pause Full (Ergonomics) 1693M->1693M(1780M) 580.645ms
[75.163s][info][gc,cpu         ] GC(270) User=3.03s Sys=0.00s Real=0.58s
[75.164s][info][gc,start       ] GC(271) Pause Full (Allocation Failure)
[75.164s][info][gc,phases,start] GC(271) Marking Phase
[75.576s][info][gc,phases      ] GC(271) Marking Phase 412.794ms
[75.576s][info][gc,phases,start] GC(271) Summary Phase
[75.576s][info][gc,phases      ] GC(271) Summary Phase 0.029ms
[75.576s][info][gc,phases,start] GC(271) Adjust Roots
[75.577s][info][gc,phases      ] GC(271) Adjust Roots 0.196ms
[75.577s][info][gc,phases,start] GC(271) Compaction Phase
[75.706s][info][gc,phases      ] GC(271) Compaction Phase 129.192ms
[75.706s][info][gc,phases,start] GC(271) Post Compact
[75.709s][info][gc,phases      ] GC(271) Post Compact 2.883ms
[75.709s][info][gc,heap        ] GC(271) PSYoungGen: 27135K(115712K)->27135K(115712K) Eden: 27135K(27136K)->27135K(27136K) From: 0K(88576K)->0K(88576K)
[75.709s][info][gc,heap        ] GC(271) ParOldGen: 1707007K(1707008K)->1707007K(1707008K)
[75.709s][info][gc,metaspace   ] GC(271) Metaspace: 6300K(6464K)->6300K(6464K) NonClass: 5767K(5824K)->5767K(5824K) Class: 532K(640K)->532K(640K)
[75.709s][info][gc             ] GC(271) Pause Full (Allocation Failure) 1693M->1693M(1780M) 545.430ms
[75.709s][info][gc,cpu         ] GC(271) User=3.05s Sys=0.00s Real=0.54s
[75.710s][info][gc,start       ] GC(272) Pause Full (Ergonomics)
[75.710s][info][gc,phases,start] GC(272) Marking Phase
[76.135s][info][gc,phases      ] GC(272) Marking Phase 425.505ms
[76.135s][info][gc,phases,start] GC(272) Summary Phase
[76.135s][info][gc,phases      ] GC(272) Summary Phase 0.030ms
[76.135s][info][gc,phases,start] GC(272) Adjust Roots
[76.136s][info][gc,phases      ] GC(272) Adjust Roots 0.283ms
[76.136s][info][gc,phases,start] GC(272) Compaction Phase
[76.535s][info][gc,phases      ] GC(272) Compaction Phase 399.215ms
[76.535s][info][gc,phases,start] GC(272) Post Compact
[76.538s][info][gc,phases      ] GC(272) Post Compact 3.209ms
[76.538s][info][gc,heap        ] GC(272) PSYoungGen: 27135K(115712K)->27135K(115712K) Eden: 27135K(27136K)->27135K(27136K) From: 0K(88576K)->0K(88576K)
[76.538s][info][gc,heap        ] GC(272) ParOldGen: 1707007K(1707008K)->1707006K(1707008K)
[76.538s][info][gc,metaspace   ] GC(272) Metaspace: 6300K(6464K)->6300K(6464K) NonClass: 5767K(5824K)->5767K(5824K) Class: 532K(640K)->532K(640K)
[76.538s][info][gc             ] GC(272) Pause Full (Ergonomics) 1693M->1693M(1780M) 828.615ms
[76.538s][info][gc,cpu         ] GC(272) User=4.56s Sys=0.03s Real=0.83s
[76.540s][info][gc,start       ] GC(273) Pause Full (Ergonomics)
[76.540s][info][gc,phases,start] GC(273) Marking Phase
[76.960s][info][gc,phases      ] GC(273) Marking Phase 420.375ms
[76.960s][info][gc,phases,start] GC(273) Summary Phase
[76.960s][info][gc,phases      ] GC(273) Summary Phase 0.029ms
[76.960s][info][gc,phases,start] GC(273) Adjust Roots
[76.960s][info][gc,phases      ] GC(273) Adjust Roots 0.297ms
[76.960s][info][gc,phases,start] GC(273) Compaction Phase
[77.356s][info][gc,phases      ] GC(273) Compaction Phase 395.330ms
[77.356s][info][gc,phases,start] GC(273) Post Compact
[77.359s][info][gc,phases      ] GC(273) Post Compact 3.441ms
[77.359s][info][gc,heap        ] GC(273) PSYoungGen: 27135K(115712K)->27135K(115712K) Eden: 27135K(27136K)->27135K(27136K) From: 0K(88576K)->0K(88576K)
[77.359s][info][gc,heap        ] GC(273) ParOldGen: 1707007K(1707008K)->1707005K(1707008K)
[77.359s][info][gc,metaspace   ] GC(273) Metaspace: 6301K(6528K)->6301K(6528K) NonClass: 5768K(5888K)->5768K(5888K) Class: 533K(640K)->533K(640K)
[77.359s][info][gc             ] GC(273) Pause Full (Ergonomics) 1693M->1693M(1780M) 819.883ms
[77.359s][info][gc,cpu         ] GC(273) User=4.44s Sys=0.06s Real=0.82s
[77.360s][info][gc,heap,exit   ] Heap
[77.360s][info][gc,heap,exit   ]  PSYoungGen      total 115712K, used 27135K [0x00000007cbf00000, 0x00000007d8a00000, 0x0000000800000000)
[77.360s][info][gc,heap,exit   ]   eden space 27136K, 99% used [0x00000007cbf00000,0x00000007cd97fff8,0x00000007cd980000)
[77.360s][info][gc,heap,exit   ]   from space 88576K, 0% used [0x00000007cd980000,0x00000007cd980000,0x00000007d3000000)
[77.360s][info][gc,heap,exit   ]   to   space 88576K, 0% used [0x00000007d3000000,0x00000007d3000000,0x00000007d8680000)
[77.360s][info][gc,heap,exit   ]  ParOldGen       total 1707008K, used 1707005K [0x0000000763c00000, 0x00000007cbf00000, 0x00000007cbf00000)
[77.360s][info][gc,heap,exit   ]   object space 1707008K, 99% used [0x0000000763c00000,0x00000007cbeff7c8,0x00000007cbf00000)
[77.360s][info][gc,heap,exit   ]  Metaspace       used 6305K, committed 6528K, reserved 1114112K
[77.360s][info][gc,heap,exit   ]   class space    used 534K, committed 640K, reserved 1048576K
