[0.012s][info][gc,init] CardTable entry size: 512
[0.013s][info][gc     ] Using Parallel
[0.013s][info][gc,init] Version: 18.0.1+10 (release)
[0.013s][info][gc,init] CPUs: 8 total, 8 available
[0.013s][info][gc,init] Memory: 16063M
[0.013s][info][gc,init] Large Page Support: Disabled
[0.013s][info][gc,init] NUMA Support: Disabled
[0.013s][info][gc,init] Compressed Oops: Enabled (32-bit)
[0.013s][info][gc,init] Alignments: Space 512K, Generation 512K, Heap 2M
[0.013s][info][gc,init] Heap Min Capacity: 2M
[0.013s][info][gc,init] Heap Initial Capacity: 2M
[0.013s][info][gc,init] Heap Max Capacity: 1500M
[0.014s][info][gc,init] Pre-touch: Disabled
[0.014s][info][gc,init] Parallel Workers: 5
[0.014s][info][gc,metaspace] CDS archive(s) not mapped
[0.014s][info][gc,metaspace] Compressed class space mapped at: 0x0000000100000000-0x0000000140000000, reserved size: 1073741824
[0.014s][info][gc,metaspace] Narrow klass base: 0x0000000000000000, Narrow klass shift: 3, Narrow klass range: 0x140000000
[0.118s][info][gc,start    ] GC(0) Pause Young (Allocation Failure)
[0.120s][info][gc,heap     ] GC(0) PSYoungGen: 512K(1024K)->512K(1024K) Eden: 512K(512K)->0K(512K) From: 0K(512K)->512K(512K)
[0.120s][info][gc,heap     ] GC(0) ParOldGen: 0K(512K)->16K(512K)
[0.120s][info][gc,metaspace] GC(0) Metaspace: 4229K(4352K)->4229K(4352K) NonClass: 3908K(3968K)->3908K(3968K) Class: 321K(384K)->321K(384K)
[0.120s][info][gc          ] GC(0) Pause Young (Allocation Failure) 0M->0M(1M) 1.616ms
[0.120s][info][gc,cpu      ] GC(0) User=0.00s Sys=0.00s Real=0.00s
[0.181s][info][gc,start    ] GC(1) Pause Young (Allocation Failure)
[0.181s][info][gc,heap     ] GC(1) PSYoungGen: 1023K(1024K)->496K(1536K) Eden: 511K(512K)->0K(1024K) From: 512K(512K)->496K(512K)
[0.181s][info][gc,heap     ] GC(1) ParOldGen: 16K(512K)->108K(512K)
[0.181s][info][gc,metaspace] GC(1) Metaspace: 5878K(6016K)->5878K(6016K) NonClass: 5381K(5504K)->5381K(5504K) Class: 496K(512K)->496K(512K)
[0.181s][info][gc          ] GC(1) Pause Young (Allocation Failure) 1M->0M(2M) 0.764ms
[0.182s][info][gc,cpu      ] GC(1) User=0.00s Sys=0.00s Real=0.00s
[0.202s][info][gc,start    ] GC(2) Pause Young (Allocation Failure)
[0.203s][info][gc,heap     ] GC(2) PSYoungGen: 1520K(1536K)->496K(1536K) Eden: 1024K(1024K)->0K(1024K) From: 496K(512K)->496K(512K)
[0.203s][info][gc,heap     ] GC(2) ParOldGen: 108K(512K)->556K(1024K)
[0.203s][info][gc,metaspace] GC(2) Metaspace: 6295K(6464K)->6295K(6464K) NonClass: 5762K(5824K)->5762K(5824K) Class: 533K(640K)->533K(640K)
[0.203s][info][gc          ] GC(2) Pause Young (Allocation Failure) 1M->1M(2M) 0.802ms
[0.203s][info][gc,cpu      ] GC(2) User=0.00s Sys=0.00s Real=0.00s
[0.203s][info][gc,start    ] GC(3) Pause Full (Ergonomics)
[0.203s][info][gc,phases,start] GC(3) Marking Phase
[0.204s][info][gc,phases      ] GC(3) Marking Phase 0.829ms
[0.204s][info][gc,phases,start] GC(3) Summary Phase
[0.204s][info][gc,phases      ] GC(3) Summary Phase 0.015ms
[0.204s][info][gc,phases,start] GC(3) Adjust Roots
[0.204s][info][gc,phases      ] GC(3) Adjust Roots 0.363ms
[0.204s][info][gc,phases,start] GC(3) Compaction Phase
[0.207s][info][gc,phases      ] GC(3) Compaction Phase 2.595ms
[0.207s][info][gc,phases,start] GC(3) Post Compact
[0.207s][info][gc,phases      ] GC(3) Post Compact 0.080ms
[0.207s][info][gc,heap        ] GC(3) PSYoungGen: 496K(1536K)->0K(2048K) Eden: 0K(1024K)->0K(1536K) From: 496K(512K)->0K(512K)
[0.207s][info][gc,heap        ] GC(3) ParOldGen: 556K(1024K)->980K(2560K)
[0.207s][info][gc,metaspace   ] GC(3) Metaspace: 6295K(6464K)->6295K(6464K) NonClass: 5762K(5824K)->5762K(5824K) Class: 533K(640K)->533K(640K)
[0.207s][info][gc             ] GC(3) Pause Full (Ergonomics) 1M->0M(4M) 4.159ms
[0.207s][info][gc,cpu         ] GC(3) User=0.00s Sys=0.00s Real=0.01s
[0.209s][info][gc,start       ] GC(4) Pause Young (Allocation Failure)
[0.210s][info][gc,heap        ] GC(4) PSYoungGen: 1536K(2048K)->480K(2560K) Eden: 1536K(1536K)->0K(2048K) From: 0K(512K)->480K(512K)
[0.210s][info][gc,heap        ] GC(4) ParOldGen: 980K(2560K)->1316K(2560K)
[0.210s][info][gc,metaspace   ] GC(4) Metaspace: 6295K(6464K)->6295K(6464K) NonClass: 5762K(5824K)->5762K(5824K) Class: 533K(640K)->533K(640K)
[0.210s][info][gc             ] GC(4) Pause Young (Allocation Failure) 2M->1M(5M) 0.818ms
[0.210s][info][gc,cpu         ] GC(4) User=0.00s Sys=0.00s Real=0.00s
[0.213s][info][gc,start       ] GC(5) Pause Young (Allocation Failure)
[0.214s][info][gc,heap        ] GC(5) PSYoungGen: 2527K(2560K)->480K(2048K) Eden: 2047K(2048K)->0K(1536K) From: 480K(512K)->480K(512K)
[0.214s][info][gc,heap        ] GC(5) ParOldGen: 1316K(2560K)->2404K(2560K)
[0.214s][info][gc,metaspace   ] GC(5) Metaspace: 6295K(6464K)->6295K(6464K) NonClass: 5762K(5824K)->5762K(5824K) Class: 533K(640K)->533K(640K)
[0.214s][info][gc             ] GC(5) Pause Young (Allocation Failure) 3M->2M(4M) 1.070ms
[0.214s][info][gc,cpu         ] GC(5) User=0.00s Sys=0.00s Real=0.00s
[0.215s][info][gc,start       ] GC(6) Pause Full (Ergonomics)
[0.215s][info][gc,phases,start] GC(6) Marking Phase
[0.216s][info][gc,phases      ] GC(6) Marking Phase 1.175ms
[0.216s][info][gc,phases,start] GC(6) Summary Phase
[0.216s][info][gc,phases      ] GC(6) Summary Phase 0.015ms
[0.216s][info][gc,phases,start] GC(6) Adjust Roots
[0.216s][info][gc,phases      ] GC(6) Adjust Roots 0.256ms
[0.216s][info][gc,phases,start] GC(6) Compaction Phase
[0.218s][info][gc,phases      ] GC(6) Compaction Phase 1.860ms
[0.218s][info][gc,phases,start] GC(6) Post Compact
[0.218s][info][gc,phases      ] GC(6) Post Compact 0.026ms
[0.218s][info][gc,heap        ] GC(6) PSYoungGen: 480K(2048K)->479K(2048K) Eden: 0K(1536K)->0K(1536K) From: 480K(512K)->479K(512K)
[0.218s][info][gc,heap        ] GC(6) ParOldGen: 2404K(2560K)->2324K(5632K)
[0.218s][info][gc,metaspace   ] GC(6) Metaspace: 6295K(6464K)->6295K(6464K) NonClass: 5762K(5824K)->5762K(5824K) Class: 533K(640K)->533K(640K)
[0.218s][info][gc             ] GC(6) Pause Full (Ergonomics) 2M->2M(7M) 3.619ms
[0.218s][info][gc,cpu         ] GC(6) User=0.00s Sys=0.00s Real=0.00s
[0.221s][info][gc,start       ] GC(7) Pause Young (Allocation Failure)
[0.222s][info][gc,heap        ] GC(7) PSYoungGen: 2015K(2048K)->1344K(3072K) Eden: 1536K(1536K)->0K(1536K) From: 479K(512K)->1344K(1536K)
[0.222s][info][gc,heap        ] GC(7) ParOldGen: 2324K(5632K)->2324K(5632K)
[0.222s][info][gc,metaspace   ] GC(7) Metaspace: 6295K(6464K)->6295K(6464K) NonClass: 5762K(5824K)->5762K(5824K) Class: 533K(640K)->533K(640K)
[0.222s][info][gc             ] GC(7) Pause Young (Allocation Failure) 4M->3M(8M) 1.127ms
[0.222s][info][gc,cpu         ] GC(7) User=0.02s Sys=0.00s Real=0.00s
[0.224s][info][gc,start       ] GC(8) Pause Young (Allocation Failure)
[0.225s][info][gc,heap        ] GC(8) PSYoungGen: 2879K(3072K)->2016K(4096K) Eden: 1535K(1536K)->0K(2048K) From: 1344K(1536K)->2016K(2048K)
[0.226s][info][gc,heap        ] GC(8) ParOldGen: 2324K(5632K)->2380K(5632K)
[0.226s][info][gc,metaspace   ] GC(8) Metaspace: 6295K(6464K)->6295K(6464K) NonClass: 5762K(5824K)->5762K(5824K) Class: 533K(640K)->533K(640K)
[0.226s][info][gc             ] GC(8) Pause Young (Allocation Failure) 5M->4M(9M) 1.460ms
[0.226s][info][gc,cpu         ] GC(8) User=0.00s Sys=0.00s Real=0.00s
[0.228s][info][gc,start       ] GC(9) Pause Young (Allocation Failure)
[0.230s][info][gc,heap        ] GC(9) PSYoungGen: 4064K(4096K)->2528K(4608K) Eden: 2048K(2048K)->0K(2048K) From: 2016K(2048K)->2528K(2560K)
[0.230s][info][gc,heap        ] GC(9) ParOldGen: 2380K(5632K)->2940K(5632K)
[0.230s][info][gc,metaspace   ] GC(9) Metaspace: 6295K(6464K)->6295K(6464K) NonClass: 5762K(5824K)->5762K(5824K) Class: 533K(640K)->533K(640K)
[0.230s][info][gc             ] GC(9) Pause Young (Allocation Failure) 6M->5M(10M) 1.902ms
[0.230s][info][gc,cpu         ] GC(9) User=0.00s Sys=0.00s Real=0.00s
[0.236s][info][gc,start       ] GC(10) Pause Young (Allocation Failure)
[0.238s][info][gc,heap        ] GC(10) PSYoungGen: 4576K(4608K)->3040K(5632K) Eden: 2048K(2048K)->0K(2560K) From: 2528K(2560K)->3040K(3072K)
[0.238s][info][gc,heap        ] GC(10) ParOldGen: 2940K(5632K)->3500K(5632K)
[0.238s][info][gc,metaspace   ] GC(10) Metaspace: 6295K(6464K)->6295K(6464K) NonClass: 5762K(5824K)->5762K(5824K) Class: 533K(640K)->533K(640K)
[0.238s][info][gc             ] GC(10) Pause Young (Allocation Failure) 7M->6M(11M) 2.530ms
[0.239s][info][gc,cpu         ] GC(10) User=0.00s Sys=0.02s Real=0.00s
[0.241s][info][gc,start       ] GC(11) Pause Young (Allocation Failure)
[0.243s][info][gc,heap        ] GC(11) PSYoungGen: 5600K(5632K)->3712K(6656K) Eden: 2560K(2560K)->0K(2560K) From: 3040K(3072K)->3712K(4096K)
[0.243s][info][gc,heap        ] GC(11) ParOldGen: 3500K(5632K)->4276K(5632K)
[0.243s][info][gc,metaspace   ] GC(11) Metaspace: 6295K(6464K)->6295K(6464K) NonClass: 5762K(5824K)->5762K(5824K) Class: 533K(640K)->533K(640K)
[0.243s][info][gc             ] GC(11) Pause Young (Allocation Failure) 8M->7M(12M) 2.041ms
[0.243s][info][gc,cpu         ] GC(11) User=0.00s Sys=0.00s Real=0.00s
[0.246s][info][gc,start       ] GC(12) Pause Young (Allocation Failure)
[0.249s][info][gc,heap        ] GC(12) PSYoungGen: 6272K(6656K)->3744K(7680K) Eden: 2560K(2560K)->0K(3072K) From: 3712K(4096K)->3744K(4608K)
[0.249s][info][gc,heap        ] GC(12) ParOldGen: 4276K(5632K)->5564K(5632K)
[0.249s][info][gc,metaspace   ] GC(12) Metaspace: 6295K(6464K)->6295K(6464K) NonClass: 5762K(5824K)->5762K(5824K) Class: 533K(640K)->533K(640K)
[0.249s][info][gc             ] GC(12) Pause Young (Allocation Failure) 10M->9M(13M) 2.649ms
[0.249s][info][gc,cpu         ] GC(12) User=0.00s Sys=0.00s Real=0.00s
[0.249s][info][gc,start       ] GC(13) Pause Full (Ergonomics)
[0.249s][info][gc,phases,start] GC(13) Marking Phase
[0.252s][info][gc,phases      ] GC(13) Marking Phase 2.829ms
[0.252s][info][gc,phases,start] GC(13) Summary Phase
[0.252s][info][gc,phases      ] GC(13) Summary Phase 0.017ms
[0.252s][info][gc,phases,start] GC(13) Adjust Roots
[0.252s][info][gc,phases      ] GC(13) Adjust Roots 0.213ms
[0.252s][info][gc,phases,start] GC(13) Compaction Phase
[0.257s][info][gc,phases      ] GC(13) Compaction Phase 4.362ms
[0.257s][info][gc,phases,start] GC(13) Post Compact
[0.257s][info][gc,phases      ] GC(13) Post Compact 0.053ms
[0.257s][info][gc,heap        ] GC(13) PSYoungGen: 3744K(7680K)->3681K(7680K) Eden: 0K(3072K)->0K(3072K) From: 3744K(4608K)->3681K(4608K)
[0.257s][info][gc,heap        ] GC(13) ParOldGen: 5564K(5632K)->5391K(10240K)
[0.257s][info][gc,metaspace   ] GC(13) Metaspace: 6295K(6464K)->6295K(6464K) NonClass: 5762K(5824K)->5762K(5824K) Class: 533K(640K)->533K(640K)
[0.257s][info][gc             ] GC(13) Pause Full (Ergonomics) 9M->8M(17M) 7.826ms
[0.257s][info][gc,cpu         ] GC(13) User=0.02s Sys=0.00s Real=0.01s
[0.261s][info][gc,start       ] GC(14) Pause Young (Allocation Failure)
[0.264s][info][gc,heap        ] GC(14) PSYoungGen: 6753K(7680K)->3008K(8192K) Eden: 3072K(3072K)->0K(3072K) From: 3681K(4608K)->3008K(5120K)
[0.264s][info][gc,heap        ] GC(14) ParOldGen: 5391K(10240K)->7823K(10240K)
[0.264s][info][gc,metaspace   ] GC(14) Metaspace: 6295K(6464K)->6295K(6464K) NonClass: 5762K(5824K)->5762K(5824K) Class: 533K(640K)->533K(640K)
[0.264s][info][gc             ] GC(14) Pause Young (Allocation Failure) 11M->10M(18M) 2.952ms
[0.264s][info][gc,cpu         ] GC(14) User=0.00s Sys=0.00s Real=0.00s
[0.269s][info][gc,start       ] GC(15) Pause Young (Allocation Failure)
[0.272s][info][gc,heap        ] GC(15) PSYoungGen: 6080K(8192K)->1920K(8704K) Eden: 3072K(3072K)->0K(4608K) From: 3008K(5120K)->1920K(4096K)
[0.272s][info][gc,heap        ] GC(15) ParOldGen: 7823K(10240K)->10783K(11264K)
[0.272s][info][gc,metaspace   ] GC(15) Metaspace: 6295K(6464K)->6295K(6464K) NonClass: 5762K(5824K)->5762K(5824K) Class: 533K(640K)->533K(640K)
[0.272s][info][gc             ] GC(15) Pause Young (Allocation Failure) 13M->12M(19M) 2.979ms
[0.272s][info][gc,cpu         ] GC(15) User=0.00s Sys=0.00s Real=0.00s
[0.272s][info][gc,start       ] GC(16) Pause Full (Ergonomics)
[0.272s][info][gc,phases,start] GC(16) Marking Phase
[0.275s][info][gc,phases      ] GC(16) Marking Phase 3.365ms
[0.276s][info][gc,phases,start] GC(16) Summary Phase
[0.276s][info][gc,phases      ] GC(16) Summary Phase 0.019ms
[0.276s][info][gc,phases,start] GC(16) Adjust Roots
[0.276s][info][gc,phases      ] GC(16) Adjust Roots 0.190ms
[0.276s][info][gc,phases,start] GC(16) Compaction Phase
[0.280s][info][gc,phases      ] GC(16) Compaction Phase 3.850ms
[0.280s][info][gc,phases,start] GC(16) Post Compact
[0.280s][info][gc,phases      ] GC(16) Post Compact 0.060ms
[0.280s][info][gc,heap        ] GC(16) PSYoungGen: 1920K(8704K)->1824K(9216K) Eden: 0K(4608K)->0K(5120K) From: 1920K(4096K)->1824K(4096K)
[0.280s][info][gc,heap        ] GC(16) ParOldGen: 10783K(11264K)->10393K(17408K)
[0.280s][info][gc,metaspace   ] GC(16) Metaspace: 6295K(6464K)->6295K(6464K) NonClass: 5762K(5824K)->5762K(5824K) Class: 533K(640K)->533K(640K)
[0.280s][info][gc             ] GC(16) Pause Full (Ergonomics) 12M->11M(26M) 7.791ms
[0.280s][info][gc,cpu         ] GC(16) User=0.00s Sys=0.00s Real=0.01s
[0.285s][info][gc,start       ] GC(17) Pause Young (Allocation Failure)
[0.288s][info][gc,heap        ] GC(17) PSYoungGen: 6944K(9216K)->2688K(9728K) Eden: 5120K(5120K)->0K(5120K) From: 1824K(4096K)->2688K(4608K)
[0.288s][info][gc,heap        ] GC(17) ParOldGen: 10393K(17408K)->12265K(17408K)
[0.288s][info][gc,metaspace   ] GC(17) Metaspace: 6297K(6464K)->6297K(6464K) NonClass: 5764K(5824K)->5764K(5824K) Class: 533K(640K)->533K(640K)
[0.288s][info][gc             ] GC(17) Pause Young (Allocation Failure) 16M->14M(26M) 3.033ms
[0.288s][info][gc,cpu         ] GC(17) User=0.00s Sys=0.00s Real=0.00s
[0.292s][info][gc,start       ] GC(18) Pause Young (Allocation Failure)
[0.295s][info][gc,heap        ] GC(18) PSYoungGen: 7808K(9728K)->2720K(11776K) Eden: 5120K(5120K)->0K(7168K) From: 2688K(4608K)->2720K(4608K)
[0.295s][info][gc,heap        ] GC(18) ParOldGen: 12265K(17408K)->14945K(17408K)
[0.295s][info][gc,metaspace   ] GC(18) Metaspace: 6297K(6464K)->6297K(6464K) NonClass: 5764K(5824K)->5764K(5824K) Class: 533K(640K)->533K(640K)
[0.295s][info][gc             ] GC(18) Pause Young (Allocation Failure) 19M->17M(28M) 3.241ms
[0.295s][info][gc,cpu         ] GC(18) User=0.00s Sys=0.00s Real=0.00s
[0.295s][info][gc,start       ] GC(19) Pause Full (Ergonomics)
[0.295s][info][gc,phases,start] GC(19) Marking Phase
[0.300s][info][gc,phases      ] GC(19) Marking Phase 4.726ms
[0.300s][info][gc,phases,start] GC(19) Summary Phase
[0.300s][info][gc,phases      ] GC(19) Summary Phase 0.015ms
[0.300s][info][gc,phases,start] GC(19) Adjust Roots
[0.300s][info][gc,phases      ] GC(19) Adjust Roots 0.182ms
[0.300s][info][gc,phases,start] GC(19) Compaction Phase
[0.304s][info][gc,phases      ] GC(19) Compaction Phase 3.808ms
[0.304s][info][gc,phases,start] GC(19) Post Compact
[0.304s][info][gc,phases      ] GC(19) Post Compact 0.113ms
[0.304s][info][gc,heap        ] GC(19) PSYoungGen: 2720K(11776K)->90K(11776K) Eden: 0K(7168K)->0K(7168K) From: 2720K(4608K)->90K(4608K)
[0.304s][info][gc,heap        ] GC(19) ParOldGen: 14945K(17408K)->17378K(26112K)
[0.304s][info][gc,metaspace   ] GC(19) Metaspace: 6297K(6464K)->6297K(6464K) NonClass: 5764K(5824K)->5764K(5824K) Class: 533K(640K)->533K(640K)
[0.304s][info][gc             ] GC(19) Pause Full (Ergonomics) 17M->17M(37M) 9.189ms
[0.304s][info][gc,cpu         ] GC(19) User=0.00s Sys=0.00s Real=0.01s
[0.309s][info][gc,start       ] GC(20) Pause Young (Allocation Failure)
[0.312s][info][gc,heap        ] GC(20) PSYoungGen: 7258K(11776K)->3808K(11776K) Eden: 7168K(7168K)->0K(7168K) From: 90K(4608K)->3808K(4608K)
[0.312s][info][gc,heap        ] GC(20) ParOldGen: 17378K(26112K)->17482K(26112K)
[0.312s][info][gc,metaspace   ] GC(20) Metaspace: 6297K(6464K)->6297K(6464K) NonClass: 5764K(5824K)->5764K(5824K) Class: 533K(640K)->533K(640K)
[0.312s][info][gc             ] GC(20) Pause Young (Allocation Failure) 24M->20M(37M) 3.190ms
[0.312s][info][gc,cpu         ] GC(20) User=0.00s Sys=0.00s Real=0.00s
[0.320s][info][gc,start       ] GC(21) Pause Young (Allocation Failure)
[0.327s][info][gc,heap        ] GC(21) PSYoungGen: 10976K(11776K)->4288K(14336K) Eden: 7168K(7168K)->0K(9216K) From: 3808K(4608K)->4288K(5120K)
[0.327s][info][gc,heap        ] GC(21) ParOldGen: 17482K(26112K)->21266K(26112K)
[0.327s][info][gc,metaspace   ] GC(21) Metaspace: 6297K(6464K)->6297K(6464K) NonClass: 5764K(5824K)->5764K(5824K) Class: 533K(640K)->533K(640K)
[0.327s][info][gc             ] GC(21) Pause Young (Allocation Failure) 27M->24M(39M) 6.522ms
[0.327s][info][gc,cpu         ] GC(21) User=0.00s Sys=0.00s Real=0.01s
[0.333s][info][gc,start       ] GC(22) Pause Young (Allocation Failure)
[0.338s][info][gc,heap        ] GC(22) PSYoungGen: 13504K(14336K)->4864K(14848K) Eden: 9216K(9216K)->0K(9216K) From: 4288K(5120K)->4864K(5632K)
[0.338s][info][gc,heap        ] GC(22) ParOldGen: 21266K(26112K)->25530K(26112K)
[0.338s][info][gc,metaspace   ] GC(22) Metaspace: 6297K(6464K)->6297K(6464K) NonClass: 5764K(5824K)->5764K(5824K) Class: 533K(640K)->533K(640K)
[0.339s][info][gc             ] GC(22) Pause Young (Allocation Failure) 33M->29M(40M) 5.581ms
[0.339s][info][gc,cpu         ] GC(22) User=0.00s Sys=0.00s Real=0.00s
[0.339s][info][gc,start       ] GC(23) Pause Full (Ergonomics)
[0.339s][info][gc,phases,start] GC(23) Marking Phase
[0.346s][info][gc,phases      ] GC(23) Marking Phase 7.675ms
[0.346s][info][gc,phases,start] GC(23) Summary Phase
[0.346s][info][gc,phases      ] GC(23) Summary Phase 0.015ms
[0.346s][info][gc,phases,start] GC(23) Adjust Roots
[0.347s][info][gc,phases      ] GC(23) Adjust Roots 0.182ms
[0.347s][info][gc,phases,start] GC(23) Compaction Phase
[0.355s][info][gc,phases      ] GC(23) Compaction Phase 8.584ms
[0.355s][info][gc,phases,start] GC(23) Post Compact
[0.355s][info][gc,phases      ] GC(23) Post Compact 0.122ms
[0.355s][info][gc,heap        ] GC(23) PSYoungGen: 4864K(14848K)->3741K(14848K) Eden: 0K(9216K)->0K(9216K) From: 4864K(5632K)->3741K(5632K)
[0.355s][info][gc,heap        ] GC(23) ParOldGen: 25530K(26112K)->25875K(37376K)
[0.355s][info][gc,metaspace   ] GC(23) Metaspace: 6297K(6464K)->6297K(6464K) NonClass: 5764K(5824K)->5764K(5824K) Class: 533K(640K)->533K(640K)
[0.355s][info][gc             ] GC(23) Pause Full (Ergonomics) 29M->28M(51M) 16.872ms
[0.355s][info][gc,cpu         ] GC(23) User=0.00s Sys=0.00s Real=0.02s
[0.361s][info][gc,start       ] GC(24) Pause Young (Allocation Failure)
[0.368s][info][gc,heap        ] GC(24) PSYoungGen: 12957K(14848K)->4896K(17408K) Eden: 9216K(9216K)->0K(11264K) From: 3741K(5632K)->4896K(6144K)
[0.368s][info][gc,heap        ] GC(24) ParOldGen: 25875K(37376K)->29707K(37376K)
[0.368s][info][gc,metaspace   ] GC(24) Metaspace: 6297K(6464K)->6297K(6464K) NonClass: 5764K(5824K)->5764K(5824K) Class: 533K(640K)->533K(640K)
[0.368s][info][gc             ] GC(24) Pause Young (Allocation Failure) 37M->33M(53M) 6.444ms
[0.368s][info][gc,cpu         ] GC(24) User=0.02s Sys=0.00s Real=0.01s
[0.378s][info][gc,start       ] GC(25) Pause Young (Allocation Failure)
[0.387s][info][gc,heap        ] GC(25) PSYoungGen: 15890K(17408K)->6656K(17920K) Eden: 10994K(11264K)->0K(11264K) From: 4896K(6144K)->6656K(6656K)
[0.387s][info][gc,heap        ] GC(25) ParOldGen: 29707K(37376K)->38291K(38400K)
[0.387s][info][gc,metaspace   ] GC(25) Metaspace: 6297K(6464K)->6297K(6464K) NonClass: 5764K(5824K)->5764K(5824K) Class: 533K(640K)->533K(640K)
[0.387s][info][gc             ] GC(25) Pause Young (Allocation Failure) 44M->43M(55M) 8.545ms
[0.387s][info][gc,cpu         ] GC(25) User=0.00s Sys=0.00s Real=0.01s
[0.387s][info][gc,start       ] GC(26) Pause Full (Ergonomics)
[0.387s][info][gc,phases,start] GC(26) Marking Phase
[0.401s][info][gc,phases      ] GC(26) Marking Phase 14.103ms
[0.401s][info][gc,phases,start] GC(26) Summary Phase
[0.401s][info][gc,phases      ] GC(26) Summary Phase 0.017ms
[0.401s][info][gc,phases,start] GC(26) Adjust Roots
[0.401s][info][gc,phases      ] GC(26) Adjust Roots 0.183ms
[0.401s][info][gc,phases,start] GC(26) Compaction Phase
[0.411s][info][gc,phases      ] GC(26) Compaction Phase 9.751ms
[0.411s][info][gc,phases,start] GC(26) Post Compact
[0.411s][info][gc,phases      ] GC(26) Post Compact 0.149ms
[0.411s][info][gc,heap        ] GC(26) PSYoungGen: 6656K(17920K)->6642K(17920K) Eden: 0K(11264K)->0K(11264K) From: 6656K(6656K)->6642K(6656K)
[0.411s][info][gc,heap        ] GC(26) ParOldGen: 38291K(38400K)->38053K(52736K)
[0.411s][info][gc,metaspace   ] GC(26) Metaspace: 6297K(6464K)->6297K(6464K) NonClass: 5764K(5824K)->5764K(5824K) Class: 533K(640K)->533K(640K)
[0.411s][info][gc             ] GC(26) Pause Full (Ergonomics) 43M->43M(69M) 24.588ms
[0.411s][info][gc,cpu         ] GC(26) User=0.00s Sys=0.00s Real=0.03s
[0.427s][info][gc,start       ] GC(27) Pause Young (Allocation Failure)
[0.439s][info][gc,heap        ] GC(27) PSYoungGen: 17906K(17920K)->10720K(19968K) Eden: 11264K(11264K)->0K(9216K) From: 6642K(6656K)->10720K(10752K)
[0.439s][info][gc,heap        ] GC(27) ParOldGen: 38053K(52736K)->45381K(52736K)
[0.439s][info][gc,metaspace   ] GC(27) Metaspace: 6297K(6464K)->6297K(6464K) NonClass: 5764K(5824K)->5764K(5824K) Class: 533K(640K)->533K(640K)
[0.439s][info][gc             ] GC(27) Pause Young (Allocation Failure) 54M->54M(71M) 12.106ms
[0.439s][info][gc,cpu         ] GC(27) User=0.00s Sys=0.00s Real=0.01s
[0.439s][info][gc,start       ] GC(28) Pause Full (Ergonomics)
[0.439s][info][gc,phases,start] GC(28) Marking Phase
[0.452s][info][gc,phases      ] GC(28) Marking Phase 13.408ms
[0.452s][info][gc,phases,start] GC(28) Summary Phase
[0.452s][info][gc,phases      ] GC(28) Summary Phase 0.016ms
[0.452s][info][gc,phases,start] GC(28) Adjust Roots
[0.453s][info][gc,phases      ] GC(28) Adjust Roots 0.195ms
[0.453s][info][gc,phases,start] GC(28) Compaction Phase
[0.467s][info][gc,phases      ] GC(28) Compaction Phase 13.914ms
[0.467s][info][gc,phases,start] GC(28) Post Compact
[0.467s][info][gc,phases      ] GC(28) Post Compact 0.196ms
[0.467s][info][gc,heap        ] GC(28) PSYoungGen: 10720K(19968K)->2498K(19968K) Eden: 0K(9216K)->0K(9216K) From: 10720K(10752K)->2498K(10752K)
[0.467s][info][gc,heap        ] GC(28) ParOldGen: 45381K(52736K)->52409K(70144K)
[0.467s][info][gc,metaspace   ] GC(28) Metaspace: 6297K(6464K)->6297K(6464K) NonClass: 5764K(5824K)->5764K(5824K) Class: 533K(640K)->533K(640K)
[0.467s][info][gc             ] GC(28) Pause Full (Ergonomics) 54M->53M(88M) 28.104ms
[0.467s][info][gc,cpu         ] GC(28) User=0.02s Sys=0.00s Real=0.03s
[0.477s][info][gc,start       ] GC(29) Pause Young (Allocation Failure)
[0.486s][info][gc,heap        ] GC(29) PSYoungGen: 11714K(19968K)->9280K(24576K) Eden: 9216K(9216K)->0K(9216K) From: 2498K(10752K)->9280K(15360K)
[0.486s][info][gc,heap        ] GC(29) ParOldGen: 52409K(70144K)->54969K(70144K)
[0.486s][info][gc,metaspace   ] GC(29) Metaspace: 6297K(6464K)->6297K(6464K) NonClass: 5764K(5824K)->5764K(5824K) Class: 533K(640K)->533K(640K)
[0.486s][info][gc             ] GC(29) Pause Young (Allocation Failure) 62M->62M(92M) 9.196ms
[0.486s][info][gc,cpu         ] GC(29) User=0.00s Sys=0.00s Real=0.01s
[0.496s][info][gc,start       ] GC(30) Pause Young (Allocation Failure)
[0.507s][info][gc,heap        ] GC(30) PSYoungGen: 18496K(24576K)->15872K(23552K) Eden: 9216K(9216K)->0K(7680K) From: 9280K(15360K)->15872K(15872K)
[0.507s][info][gc,heap        ] GC(30) ParOldGen: 54969K(70144K)->57561K(70144K)
[0.507s][info][gc,metaspace   ] GC(30) Metaspace: 6297K(6464K)->6297K(6464K) NonClass: 5764K(5824K)->5764K(5824K) Class: 533K(640K)->533K(640K)
[0.507s][info][gc             ] GC(30) Pause Young (Allocation Failure) 71M->71M(91M) 11.069ms
[0.507s][info][gc,cpu         ] GC(30) User=0.00s Sys=0.02s Real=0.01s
[0.516s][info][gc,start       ] GC(31) Pause Young (Allocation Failure)
[0.528s][info][gc,heap        ] GC(31) PSYoungGen: 23552K(23552K)->7744K(27136K) Eden: 7680K(7680K)->0K(7680K) From: 15872K(15872K)->7744K(19456K)
[0.528s][info][gc,heap        ] GC(31) ParOldGen: 57561K(70144K)->73665K(73728K)
[0.528s][info][gc,metaspace   ] GC(31) Metaspace: 6297K(6464K)->6297K(6464K) NonClass: 5764K(5824K)->5764K(5824K) Class: 533K(640K)->533K(640K)
[0.528s][info][gc             ] GC(31) Pause Young (Allocation Failure) 79M->79M(98M) 11.967ms
[0.528s][info][gc,cpu         ] GC(31) User=0.00s Sys=0.00s Real=0.01s
[0.529s][info][gc,start       ] GC(32) Pause Full (Ergonomics)
[0.529s][info][gc,phases,start] GC(32) Marking Phase
[0.549s][info][gc,phases      ] GC(32) Marking Phase 20.723ms
[0.549s][info][gc,phases,start] GC(32) Summary Phase
[0.549s][info][gc,phases      ] GC(32) Summary Phase 0.017ms
[0.549s][info][gc,phases,start] GC(32) Adjust Roots
[0.550s][info][gc,phases      ] GC(32) Adjust Roots 0.174ms
[0.550s][info][gc,phases,start] GC(32) Compaction Phase
[0.562s][info][gc,phases      ] GC(32) Compaction Phase 12.447ms
[0.562s][info][gc,phases,start] GC(32) Post Compact
[0.562s][info][gc,phases      ] GC(32) Post Compact 0.438ms
[0.563s][info][gc,heap        ] GC(32) PSYoungGen: 7744K(27136K)->7645K(27136K) Eden: 0K(7680K)->0K(7680K) From: 7744K(19456K)->7645K(19456K)
[0.563s][info][gc,heap        ] GC(32) ParOldGen: 73665K(73728K)->73276K(95744K)
[0.563s][info][gc,metaspace   ] GC(32) Metaspace: 6297K(6464K)->6297K(6464K) NonClass: 5764K(5824K)->5764K(5824K) Class: 533K(640K)->533K(640K)
[0.563s][info][gc             ] GC(32) Pause Full (Ergonomics) 79M->79M(120M) 34.222ms
[0.563s][info][gc,cpu         ] GC(32) User=0.09s Sys=0.00s Real=0.03s
[0.572s][info][gc,start       ] GC(33) Pause Young (Allocation Failure)
[0.583s][info][gc,heap        ] GC(33) PSYoungGen: 15325K(27136K)->7744K(25600K) Eden: 7680K(7680K)->0K(9216K) From: 7645K(19456K)->7744K(16384K)
[0.583s][info][gc,heap        ] GC(33) ParOldGen: 73276K(95744K)->81060K(95744K)
[0.583s][info][gc,metaspace   ] GC(33) Metaspace: 6297K(6464K)->6297K(6464K) NonClass: 5764K(5824K)->5764K(5824K) Class: 533K(640K)->533K(640K)
[0.583s][info][gc             ] GC(33) Pause Young (Allocation Failure) 86M->86M(118M) 11.659ms
[0.583s][info][gc,cpu         ] GC(33) User=0.00s Sys=0.00s Real=0.01s
[0.601s][info][gc,start       ] GC(34) Pause Young (Allocation Failure)
[0.614s][info][gc,heap        ] GC(34) PSYoungGen: 16960K(25600K)->9312K(26624K) Eden: 9216K(9216K)->0K(9216K) From: 7744K(16384K)->9312K(17408K)
[0.614s][info][gc,heap        ] GC(34) ParOldGen: 81060K(95744K)->88852K(95744K)
[0.614s][info][gc,metaspace   ] GC(34) Metaspace: 6297K(6464K)->6297K(6464K) NonClass: 5764K(5824K)->5764K(5824K) Class: 533K(640K)->533K(640K)
[0.614s][info][gc             ] GC(34) Pause Young (Allocation Failure) 95M->95M(119M) 12.593ms
[0.614s][info][gc,cpu         ] GC(34) User=0.02s Sys=0.00s Real=0.01s
[0.614s][info][gc,start       ] GC(35) Pause Full (Ergonomics)
[0.614s][info][gc,phases,start] GC(35) Marking Phase
[0.642s][info][gc,phases      ] GC(35) Marking Phase 28.280ms
[0.642s][info][gc,phases,start] GC(35) Summary Phase
[0.642s][info][gc,phases      ] GC(35) Summary Phase 0.017ms
[0.642s][info][gc,phases,start] GC(35) Adjust Roots
[0.643s][info][gc,phases      ] GC(35) Adjust Roots 0.170ms
[0.643s][info][gc,phases,start] GC(35) Compaction Phase
[0.665s][info][gc,phases      ] GC(35) Compaction Phase 22.765ms
[0.665s][info][gc,phases,start] GC(35) Post Compact
[0.666s][info][gc,phases      ] GC(35) Post Compact 0.411ms
[0.666s][info][gc,heap        ] GC(35) PSYoungGen: 9312K(26624K)->0K(27648K) Eden: 0K(9216K)->0K(10752K) From: 9312K(17408K)->0K(16896K)
[0.666s][info][gc,heap        ] GC(35) ParOldGen: 88852K(95744K)->95725K(120832K)
[0.666s][info][gc,metaspace   ] GC(35) Metaspace: 6297K(6464K)->6297K(6464K) NonClass: 5764K(5824K)->5764K(5824K) Class: 533K(640K)->533K(640K)
[0.666s][info][gc             ] GC(35) Pause Full (Ergonomics) 95M->93M(145M) 52.110ms
[0.666s][info][gc,cpu         ] GC(35) User=0.14s Sys=0.00s Real=0.05s
[0.676s][info][gc,start       ] GC(36) Pause Young (Allocation Failure)
[0.682s][info][gc,heap        ] GC(36) PSYoungGen: 10752K(27648K)->10816K(28160K) Eden: 10752K(10752K)->0K(10752K) From: 0K(16896K)->10816K(17408K)
[0.682s][info][gc,heap        ] GC(36) ParOldGen: 95725K(120832K)->95725K(120832K)
[0.682s][info][gc,metaspace   ] GC(36) Metaspace: 6297K(6464K)->6297K(6464K) NonClass: 5764K(5824K)->5764K(5824K) Class: 533K(640K)->533K(640K)
[0.682s][info][gc             ] GC(36) Pause Young (Allocation Failure) 103M->104M(145M) 6.263ms
[0.682s][info][gc,cpu         ] GC(36) User=0.00s Sys=0.00s Real=0.01s
[0.692s][info][gc,start       ] GC(37) Pause Young (Allocation Failure)
[0.704s][info][gc,heap        ] GC(37) PSYoungGen: 21568K(28160K)->17408K(25600K) Eden: 10752K(10752K)->0K(8192K) From: 10816K(17408K)->17408K(17408K)
[0.704s][info][gc,heap        ] GC(37) ParOldGen: 95725K(120832K)->99877K(120832K)
[0.704s][info][gc,metaspace   ] GC(37) Metaspace: 6297K(6464K)->6297K(6464K) NonClass: 5764K(5824K)->5764K(5824K) Class: 533K(640K)->533K(640K)
[0.704s][info][gc             ] GC(37) Pause Young (Allocation Failure) 114M->114M(143M) 11.169ms
[0.704s][info][gc,cpu         ] GC(37) User=0.00s Sys=0.00s Real=0.01s
[0.713s][info][gc,start       ] GC(38) Pause Young (Allocation Failure)
[0.727s][info][gc,heap        ] GC(38) PSYoungGen: 25600K(25600K)->8288K(29696K) Eden: 8192K(8192K)->0K(8192K) From: 17408K(17408K)->8288K(21504K)
[0.728s][info][gc,heap        ] GC(38) ParOldGen: 99877K(120832K)->117525K(120832K)
[0.728s][info][gc,metaspace   ] GC(38) Metaspace: 6297K(6464K)->6297K(6464K) NonClass: 5764K(5824K)->5764K(5824K) Class: 533K(640K)->533K(640K)
[0.728s][info][gc             ] GC(38) Pause Young (Allocation Failure) 122M->122M(147M) 14.914ms
[0.728s][info][gc,cpu         ] GC(38) User=0.00s Sys=0.00s Real=0.02s
[0.728s][info][gc,start       ] GC(39) Pause Full (Ergonomics)
[0.728s][info][gc,phases,start] GC(39) Marking Phase
[0.760s][info][gc,phases      ] GC(39) Marking Phase 32.091ms
[0.760s][info][gc,phases,start] GC(39) Summary Phase
[0.760s][info][gc,phases      ] GC(39) Summary Phase 0.018ms
[0.760s][info][gc,phases,start] GC(39) Adjust Roots
[0.760s][info][gc,phases      ] GC(39) Adjust Roots 0.205ms
[0.760s][info][gc,phases,start] GC(39) Compaction Phase
[0.776s][info][gc,phases      ] GC(39) Compaction Phase 16.009ms
[0.776s][info][gc,phases,start] GC(39) Post Compact
[0.777s][info][gc,phases      ] GC(39) Post Compact 0.505ms
[0.777s][info][gc,heap        ] GC(39) PSYoungGen: 8288K(29696K)->4585K(29696K) Eden: 0K(8192K)->0K(8192K) From: 8288K(21504K)->4585K(21504K)
[0.777s][info][gc,heap        ] GC(39) ParOldGen: 117525K(120832K)->120747K(150528K)
[0.777s][info][gc,metaspace   ] GC(39) Metaspace: 6297K(6464K)->6297K(6464K) NonClass: 5764K(5824K)->5764K(5824K) Class: 533K(640K)->533K(640K)
[0.777s][info][gc             ] GC(39) Pause Full (Ergonomics) 122M->122M(176M) 49.283ms
[0.777s][info][gc,cpu         ] GC(39) User=0.09s Sys=0.00s Real=0.05s
[0.785s][info][gc,start       ] GC(40) Pause Young (Allocation Failure)
[0.798s][info][gc,heap        ] GC(40) PSYoungGen: 12777K(29696K)->8256K(28160K) Eden: 8192K(8192K)->0K(9728K) From: 4585K(21504K)->8256K(18432K)
[0.798s][info][gc,heap        ] GC(40) ParOldGen: 120747K(150528K)->125419K(150528K)
[0.798s][info][gc,metaspace   ] GC(40) Metaspace: 6297K(6464K)->6297K(6464K) NonClass: 5764K(5824K)->5764K(5824K) Class: 533K(640K)->533K(640K)
[0.798s][info][gc             ] GC(40) Pause Young (Allocation Failure) 130M->130M(174M) 13.206ms
[0.798s][info][gc,cpu         ] GC(40) User=0.00s Sys=0.00s Real=0.01s
[0.807s][info][gc,start       ] GC(41) Pause Young (Allocation Failure)
[0.816s][info][gc,heap        ] GC(41) PSYoungGen: 17984K(28160K)->18016K(29184K) Eden: 9728K(9728K)->0K(9728K) From: 8256K(18432K)->18016K(19456K)
[0.816s][info][gc,heap        ] GC(41) ParOldGen: 125419K(150528K)->125419K(150528K)
[0.816s][info][gc,metaspace   ] GC(41) Metaspace: 6297K(6464K)->6297K(6464K) NonClass: 5764K(5824K)->5764K(5824K) Class: 533K(640K)->533K(640K)
[0.816s][info][gc             ] GC(41) Pause Young (Allocation Failure) 140M->140M(175M) 9.231ms
[0.816s][info][gc,cpu         ] GC(41) User=0.00s Sys=0.00s Real=0.01s
[0.826s][info][gc,start       ] GC(42) Pause Young (Allocation Failure)
[0.841s][info][gc,heap        ] GC(42) PSYoungGen: 27744K(29184K)->19488K(31232K) Eden: 9728K(9728K)->0K(9216K) From: 18016K(19456K)->19488K(22016K)
[0.841s][info][gc,heap        ] GC(42) ParOldGen: 125419K(150528K)->133731K(150528K)
[0.841s][info][gc,metaspace   ] GC(42) Metaspace: 6297K(6464K)->6297K(6464K) NonClass: 5764K(5824K)->5764K(5824K) Class: 533K(640K)->533K(640K)
[0.841s][info][gc             ] GC(42) Pause Young (Allocation Failure) 149M->149M(177M) 14.645ms
[0.841s][info][gc,cpu         ] GC(42) User=0.02s Sys=0.00s Real=0.01s
[0.851s][info][gc,start       ] GC(43) Pause Young (Allocation Failure)
[0.865s][info][gc,heap        ] GC(43) PSYoungGen: 28704K(31232K)->18976K(33280K) Eden: 9216K(9216K)->0K(9216K) From: 19488K(22016K)->18976K(24064K)
[0.865s][info][gc,heap        ] GC(43) ParOldGen: 133731K(150528K)->143595K(150528K)
[0.865s][info][gc,metaspace   ] GC(43) Metaspace: 6297K(6464K)->6297K(6464K) NonClass: 5764K(5824K)->5764K(5824K) Class: 533K(640K)->533K(640K)
[0.865s][info][gc             ] GC(43) Pause Young (Allocation Failure) 158M->158M(179M) 14.428ms
[0.865s][info][gc,cpu         ] GC(43) User=0.02s Sys=0.00s Real=0.02s
[0.865s][info][gc,start       ] GC(44) Pause Full (Ergonomics)
[0.865s][info][gc,phases,start] GC(44) Marking Phase
[0.903s][info][gc,phases      ] GC(44) Marking Phase 37.577ms
[0.903s][info][gc,phases,start] GC(44) Summary Phase
[0.903s][info][gc,phases      ] GC(44) Summary Phase 0.016ms
[0.903s][info][gc,phases,start] GC(44) Adjust Roots
[0.903s][info][gc,phases      ] GC(44) Adjust Roots 0.175ms
[0.903s][info][gc,phases,start] GC(44) Compaction Phase
[0.923s][info][gc,phases      ] GC(44) Compaction Phase 19.603ms
[0.923s][info][gc,phases,start] GC(44) Post Compact
[0.924s][info][gc,phases      ] GC(44) Post Compact 0.692ms
[0.924s][info][gc,heap        ] GC(44) PSYoungGen: 18976K(33280K)->11725K(33280K) Eden: 0K(9216K)->0K(9216K) From: 18976K(24064K)->11725K(24064K)
[0.924s][info][gc,heap        ] GC(44) ParOldGen: 143595K(150528K)->150343K(180736K)
[0.924s][info][gc,metaspace   ] GC(44) Metaspace: 6297K(6464K)->6297K(6464K) NonClass: 5764K(5824K)->5764K(5824K) Class: 533K(640K)->533K(640K)
[0.924s][info][gc             ] GC(44) Pause Full (Ergonomics) 158M->158M(209M) 58.523ms
[0.924s][info][gc,cpu         ] GC(44) User=0.20s Sys=0.02s Real=0.06s
[0.933s][info][gc,start       ] GC(45) Pause Young (Allocation Failure)
[0.952s][info][gc,heap        ] GC(45) PSYoungGen: 20941K(33280K)->9280K(34816K) Eden: 9216K(9216K)->0K(10752K) From: 11725K(24064K)->9280K(24064K)
[0.952s][info][gc,heap        ] GC(45) ParOldGen: 150343K(180736K)->162263K(180736K)
[0.952s][info][gc,metaspace   ] GC(45) Metaspace: 6297K(6464K)->6297K(6464K) NonClass: 5764K(5824K)->5764K(5824K) Class: 533K(640K)->533K(640K)
[0.952s][info][gc             ] GC(45) Pause Young (Allocation Failure) 167M->167M(210M) 18.358ms
[0.952s][info][gc,cpu         ] GC(45) User=0.02s Sys=0.00s Real=0.02s
[0.990s][info][gc,start       ] GC(46) Pause Full (Ergonomics)
[0.990s][info][gc,phases,start] GC(46) Marking Phase
[1.043s][info][gc,phases      ] GC(46) Marking Phase 52.905ms
[1.043s][info][gc,phases,start] GC(46) Summary Phase
[1.043s][info][gc,phases      ] GC(46) Summary Phase 0.017ms
[1.043s][info][gc,phases,start] GC(46) Adjust Roots
[1.043s][info][gc,phases      ] GC(46) Adjust Roots 0.211ms
[1.043s][info][gc,phases,start] GC(46) Compaction Phase
[1.079s][info][gc,phases      ] GC(46) Compaction Phase 35.928ms
[1.079s][info][gc,phases,start] GC(46) Post Compact
[1.080s][info][gc,phases      ] GC(46) Post Compact 0.865ms
[1.080s][info][gc,heap        ] GC(46) PSYoungGen: 20032K(34816K)->5608K(35840K) Eden: 10752K(10752K)->0K(11776K) From: 9280K(24064K)->5608K(24064K)
[1.080s][info][gc,heap        ] GC(46) ParOldGen: 170455K(180736K)->180464K(214528K)
[1.080s][info][gc,metaspace   ] GC(46) Metaspace: 6297K(6464K)->6297K(6464K) NonClass: 5764K(5824K)->5764K(5824K) Class: 533K(640K)->533K(640K)
[1.080s][info][gc             ] GC(46) Pause Full (Ergonomics) 186M->181M(244M) 90.495ms
[1.080s][info][gc,cpu         ] GC(46) User=0.30s Sys=0.00s Real=0.09s
[1.092s][info][gc,start       ] GC(47) Pause Young (Allocation Failure)
[1.111s][info][gc,heap        ] GC(47) PSYoungGen: 17384K(35840K)->11872K(36864K) Eden: 11776K(11776K)->0K(11776K) From: 5608K(24064K)->11872K(25088K)
[1.111s][info][gc,heap        ] GC(47) ParOldGen: 180464K(214528K)->186176K(214528K)
[1.111s][info][gc,metaspace   ] GC(47) Metaspace: 6297K(6464K)->6297K(6464K) NonClass: 5764K(5824K)->5764K(5824K) Class: 533K(640K)->533K(640K)
[1.111s][info][gc             ] GC(47) Pause Young (Allocation Failure) 193M->193M(245M) 18.643ms
[1.111s][info][gc,cpu         ] GC(47) User=0.03s Sys=0.02s Real=0.02s
[1.123s][info][gc,start       ] GC(48) Pause Young (Allocation Failure)
[1.136s][info][gc,heap        ] GC(48) PSYoungGen: 23648K(36864K)->23552K(33280K) Eden: 11776K(11776K)->0K(9728K) From: 11872K(25088K)->23552K(23552K)
[1.136s][info][gc,heap        ] GC(48) ParOldGen: 186176K(214528K)->186216K(214528K)
[1.136s][info][gc,metaspace   ] GC(48) Metaspace: 6297K(6464K)->6297K(6464K) NonClass: 5764K(5824K)->5764K(5824K) Class: 533K(640K)->533K(640K)
[1.136s][info][gc             ] GC(48) Pause Young (Allocation Failure) 204M->204M(242M) 13.578ms
[1.136s][info][gc,cpu         ] GC(48) User=0.00s Sys=0.00s Real=0.01s
[1.147s][info][gc,start       ] GC(49) Pause Young (Allocation Failure)
[1.165s][info][gc,heap        ] GC(49) PSYoungGen: 33280K(33280K)->9792K(36864K) Eden: 9728K(9728K)->0K(9728K) From: 23552K(23552K)->9792K(27136K)
[1.165s][info][gc,heap        ] GC(49) ParOldGen: 186216K(214528K)->210056K(214528K)
[1.165s][info][gc,metaspace   ] GC(49) Metaspace: 6297K(6464K)->6297K(6464K) NonClass: 5764K(5824K)->5764K(5824K) Class: 533K(640K)->533K(640K)
[1.165s][info][gc             ] GC(49) Pause Young (Allocation Failure) 214M->214M(245M) 18.679ms
[1.165s][info][gc,cpu         ] GC(49) User=0.05s Sys=0.00s Real=0.02s
[1.165s][info][gc,start       ] GC(50) Pause Full (Ergonomics)
[1.165s][info][gc,phases,start] GC(50) Marking Phase
[1.215s][info][gc,phases      ] GC(50) Marking Phase 49.824ms
[1.215s][info][gc,phases,start] GC(50) Summary Phase
[1.215s][info][gc,phases      ] GC(50) Summary Phase 0.017ms
[1.215s][info][gc,phases,start] GC(50) Adjust Roots
[1.215s][info][gc,phases      ] GC(50) Adjust Roots 0.184ms
[1.215s][info][gc,phases,start] GC(50) Compaction Phase
[1.237s][info][gc,phases      ] GC(50) Compaction Phase 21.809ms
[1.237s][info][gc,phases,start] GC(50) Post Compact
[1.238s][info][gc,phases      ] GC(50) Post Compact 1.019ms
[1.239s][info][gc,heap        ] GC(50) PSYoungGen: 9792K(36864K)->5096K(36864K) Eden: 0K(9728K)->0K(9728K) From: 9792K(27136K)->5096K(27136K)
[1.239s][info][gc,heap        ] GC(50) ParOldGen: 210056K(214528K)->214158K(254976K)
[1.239s][info][gc,metaspace   ] GC(50) Metaspace: 6297K(6464K)->6297K(6464K) NonClass: 5764K(5824K)->5764K(5824K) Class: 533K(640K)->533K(640K)
[1.239s][info][gc             ] GC(50) Pause Full (Ergonomics) 214M->214M(285M) 73.413ms
[1.239s][info][gc,cpu         ] GC(50) User=0.31s Sys=0.00s Real=0.07s
[1.249s][info][gc,start       ] GC(51) Pause Young (Allocation Failure)
[1.268s][info][gc,heap        ] GC(51) PSYoungGen: 14824K(36864K)->9792K(35328K) Eden: 9728K(9728K)->0K(11264K) From: 5096K(27136K)->9792K(24064K)
[1.268s][info][gc,heap        ] GC(51) ParOldGen: 214158K(254976K)->219350K(254976K)
[1.268s][info][gc,metaspace   ] GC(51) Metaspace: 6297K(6464K)->6297K(6464K) NonClass: 5764K(5824K)->5764K(5824K) Class: 533K(640K)->533K(640K)
[1.268s][info][gc             ] GC(51) Pause Young (Allocation Failure) 223M->223M(283M) 18.981ms
[1.268s][info][gc,cpu         ] GC(51) User=0.06s Sys=0.00s Real=0.02s
[1.281s][info][gc,start       ] GC(52) Pause Young (Allocation Failure)
[1.292s][info][gc,heap        ] GC(52) PSYoungGen: 21056K(35328K)->21024K(36352K) Eden: 11264K(11264K)->0K(11264K) From: 9792K(24064K)->21024K(25088K)
[1.293s][info][gc,heap        ] GC(52) ParOldGen: 219350K(254976K)->219350K(254976K)
[1.293s][info][gc,metaspace   ] GC(52) Metaspace: 6297K(6464K)->6297K(6464K) NonClass: 5764K(5824K)->5764K(5824K) Class: 533K(640K)->533K(640K)
[1.293s][info][gc             ] GC(52) Pause Young (Allocation Failure) 234M->234M(284M) 11.956ms
[1.293s][info][gc,cpu         ] GC(52) User=0.00s Sys=0.00s Real=0.01s
[1.306s][info][gc,start       ] GC(53) Pause Young (Allocation Failure)
[1.322s][info][gc,heap        ] GC(53) PSYoungGen: 32288K(36352K)->27136K(34304K) Eden: 11264K(11264K)->0K(7168K) From: 21024K(25088K)->27136K(27136K)
[1.322s][info][gc,heap        ] GC(53) ParOldGen: 219350K(254976K)->224526K(254976K)
[1.322s][info][gc,metaspace   ] GC(53) Metaspace: 6297K(6464K)->6297K(6464K) NonClass: 5764K(5824K)->5764K(5824K) Class: 533K(640K)->533K(640K)
[1.322s][info][gc             ] GC(53) Pause Young (Allocation Failure) 245M->245M(282M) 16.774ms
[1.322s][info][gc,cpu         ] GC(53) User=0.03s Sys=0.00s Real=0.02s
[1.331s][info][gc,start       ] GC(54) Pause Young (Allocation Failure)
[1.348s][info][gc,heap        ] GC(54) PSYoungGen: 34304K(34304K)->17344K(39936K) Eden: 7168K(7168K)->0K(7168K) From: 27136K(27136K)->17344K(32768K)
[1.348s][info][gc,heap        ] GC(54) ParOldGen: 224526K(254976K)->241790K(254976K)
[1.348s][info][gc,metaspace   ] GC(54) Metaspace: 6297K(6464K)->6297K(6464K) NonClass: 5764K(5824K)->5764K(5824K) Class: 533K(640K)->533K(640K)
[1.348s][info][gc             ] GC(54) Pause Young (Allocation Failure) 252M->253M(288M) 17.210ms
[1.348s][info][gc,cpu         ] GC(54) User=0.08s Sys=0.00s Real=0.02s
[1.348s][info][gc,start       ] GC(55) Pause Full (Ergonomics)
[1.348s][info][gc,phases,start] GC(55) Marking Phase
[1.415s][info][gc,phases      ] GC(55) Marking Phase 66.465ms
[1.415s][info][gc,phases,start] GC(55) Summary Phase
[1.415s][info][gc,phases      ] GC(55) Summary Phase 0.018ms
[1.415s][info][gc,phases,start] GC(55) Adjust Roots
[1.415s][info][gc,phases      ] GC(55) Adjust Roots 0.182ms
[1.415s][info][gc,phases,start] GC(55) Compaction Phase
[1.443s][info][gc,phases      ] GC(55) Compaction Phase 27.962ms
[1.443s][info][gc,phases,start] GC(55) Post Compact
[1.444s][info][gc,phases      ] GC(55) Post Compact 1.199ms
[1.444s][info][gc,heap        ] GC(55) PSYoungGen: 17344K(39936K)->3959K(39936K) Eden: 0K(7168K)->0K(7168K) From: 17344K(32768K)->3959K(32768K)
[1.444s][info][gc,heap        ] GC(55) ParOldGen: 241790K(254976K)->254600K(297472K)
[1.445s][info][gc,metaspace   ] GC(55) Metaspace: 6297K(6464K)->6297K(6464K) NonClass: 5764K(5824K)->5764K(5824K) Class: 533K(640K)->533K(640K)
[1.445s][info][gc             ] GC(55) Pause Full (Ergonomics) 253M->252M(329M) 96.306ms
[1.445s][info][gc,cpu         ] GC(55) User=0.39s Sys=0.00s Real=0.10s
[1.453s][info][gc,start       ] GC(56) Pause Young (Allocation Failure)
[1.470s][info][gc,heap        ] GC(56) PSYoungGen: 11127K(39936K)->7232K(38912K) Eden: 7168K(7168K)->0K(8192K) From: 3959K(32768K)->7232K(30720K)
[1.470s][info][gc,heap        ] GC(56) ParOldGen: 254600K(297472K)->258632K(297472K)
[1.470s][info][gc,metaspace   ] GC(56) Metaspace: 6297K(6464K)->6297K(6464K) NonClass: 5764K(5824K)->5764K(5824K) Class: 533K(640K)->533K(640K)
[1.470s][info][gc             ] GC(56) Pause Young (Allocation Failure) 259M->259M(328M) 17.500ms
[1.470s][info][gc,cpu         ] GC(56) User=0.03s Sys=0.00s Real=0.02s
[1.479s][info][gc,start       ] GC(57) Pause Young (Allocation Failure)
[1.488s][info][gc,heap        ] GC(57) PSYoungGen: 15424K(38912K)->15392K(24064K) Eden: 8192K(8192K)->0K(8192K) From: 7232K(30720K)->15392K(15872K)
[1.488s][info][gc,heap        ] GC(57) ParOldGen: 258632K(297472K)->258632K(297472K)
[1.488s][info][gc,metaspace   ] GC(57) Metaspace: 6297K(6464K)->6297K(6464K) NonClass: 5764K(5824K)->5764K(5824K) Class: 533K(640K)->533K(640K)
[1.489s][info][gc             ] GC(57) Pause Young (Allocation Failure) 267M->267M(314M) 9.360ms
[1.489s][info][gc,cpu         ] GC(57) User=0.02s Sys=0.00s Real=0.01s
[1.498s][info][gc,start       ] GC(58) Pause Young (Allocation Failure)
[1.511s][info][gc,heap        ] GC(58) PSYoungGen: 23584K(24064K)->16448K(39424K) Eden: 8192K(8192K)->0K(9728K) From: 15392K(15872K)->16448K(29696K)
[1.512s][info][gc,heap        ] GC(58) ParOldGen: 258632K(297472K)->265888K(297472K)
[1.512s][info][gc,metaspace   ] GC(58) Metaspace: 6297K(6464K)->6297K(6464K) NonClass: 5764K(5824K)->5764K(5824K) Class: 533K(640K)->533K(640K)
[1.512s][info][gc             ] GC(58) Pause Young (Allocation Failure) 275M->275M(329M) 13.821ms
[1.512s][info][gc,cpu         ] GC(58) User=0.02s Sys=0.00s Real=0.01s
[1.523s][info][gc,start       ] GC(59) Pause Young (Allocation Failure)
[1.537s][info][gc,heap        ] GC(59) PSYoungGen: 26176K(39424K)->17984K(39424K) Eden: 9728K(9728K)->0K(9728K) From: 16448K(29696K)->17984K(29696K)
[1.537s][info][gc,heap        ] GC(59) ParOldGen: 265888K(297472K)->274192K(297472K)
[1.538s][info][gc,metaspace   ] GC(59) Metaspace: 6297K(6464K)->6297K(6464K) NonClass: 5764K(5824K)->5764K(5824K) Class: 533K(640K)->533K(640K)
[1.538s][info][gc             ] GC(59) Pause Young (Allocation Failure) 285M->285M(329M) 14.861ms
[1.538s][info][gc,cpu         ] GC(59) User=0.02s Sys=0.00s Real=0.02s
[1.548s][info][gc,start       ] GC(60) Pause Young (Allocation Failure)
[1.565s][info][gc,heap        ] GC(60) PSYoungGen: 27712K(39424K)->19552K(39936K) Eden: 9728K(9728K)->0K(10752K) From: 17984K(29696K)->19552K(29184K)
[1.565s][info][gc,heap        ] GC(60) ParOldGen: 274192K(297472K)->282504K(297472K)
[1.565s][info][gc,metaspace   ] GC(60) Metaspace: 6297K(6464K)->6297K(6464K) NonClass: 5764K(5824K)->5764K(5824K) Class: 533K(640K)->533K(640K)
[1.565s][info][gc             ] GC(60) Pause Young (Allocation Failure) 294M->294M(329M) 16.896ms
[1.565s][info][gc,cpu         ] GC(60) User=0.02s Sys=0.00s Real=0.02s
[1.565s][info][gc,start       ] GC(61) Pause Full (Ergonomics)
[1.565s][info][gc,phases,start] GC(61) Marking Phase
[1.636s][info][gc,phases      ] GC(61) Marking Phase 71.209ms
[1.637s][info][gc,phases,start] GC(61) Summary Phase
[1.637s][info][gc,phases      ] GC(61) Summary Phase 0.019ms
[1.637s][info][gc,phases,start] GC(61) Adjust Roots
[1.637s][info][gc,phases      ] GC(61) Adjust Roots 0.191ms
[1.637s][info][gc,phases,start] GC(61) Compaction Phase
[1.669s][info][gc,phases      ] GC(61) Compaction Phase 32.364ms
[1.669s][info][gc,phases,start] GC(61) Post Compact
[1.671s][info][gc,phases      ] GC(61) Post Compact 1.479ms
[1.671s][info][gc,heap        ] GC(61) PSYoungGen: 19552K(39936K)->4064K(39936K) Eden: 0K(10752K)->0K(10752K) From: 19552K(29184K)->4064K(29184K)
[1.671s][info][gc,heap        ] GC(61) ParOldGen: 282504K(297472K)->297343K(338944K)
[1.671s][info][gc,metaspace   ] GC(61) Metaspace: 6297K(6464K)->6297K(6464K) NonClass: 5764K(5824K)->5764K(5824K) Class: 533K(640K)->533K(640K)
[1.671s][info][gc             ] GC(61) Pause Full (Ergonomics) 294M->294M(370M) 105.864ms
[1.671s][info][gc,cpu         ] GC(61) User=0.48s Sys=0.00s Real=0.11s
[1.683s][info][gc,start       ] GC(62) Pause Young (Allocation Failure)
[1.708s][info][gc,heap        ] GC(62) PSYoungGen: 14816K(39936K)->10848K(40448K) Eden: 10752K(10752K)->0K(10752K) From: 4064K(29184K)->10848K(29696K)
[1.708s][info][gc,heap        ] GC(62) ParOldGen: 297343K(338944K)->301495K(338944K)
[1.708s][info][gc,metaspace   ] GC(62) Metaspace: 6297K(6464K)->6297K(6464K) NonClass: 5764K(5824K)->5764K(5824K) Class: 533K(640K)->533K(640K)
[1.708s][info][gc             ] GC(62) Pause Young (Allocation Failure) 304M->305M(370M) 24.615ms
[1.708s][info][gc,cpu         ] GC(62) User=0.09s Sys=0.00s Real=0.03s
[1.720s][info][gc,start       ] GC(63) Pause Young (Allocation Failure)
[1.734s][info][gc,heap        ] GC(63) PSYoungGen: 21600K(40448K)->10848K(39424K) Eden: 10752K(10752K)->0K(12288K) From: 10848K(29696K)->10848K(27136K)
[1.734s][info][gc,heap        ] GC(63) ParOldGen: 301495K(338944K)->312407K(338944K)
[1.734s][info][gc,metaspace   ] GC(63) Metaspace: 6297K(6464K)->6297K(6464K) NonClass: 5764K(5824K)->5764K(5824K) Class: 533K(640K)->533K(640K)
[1.734s][info][gc             ] GC(63) Pause Young (Allocation Failure) 315M->315M(369M) 13.564ms
[1.734s][info][gc,cpu         ] GC(63) User=0.02s Sys=0.00s Real=0.01s
[1.748s][info][gc,start       ] GC(64) Pause Young (Allocation Failure)
[1.763s][info][gc,heap        ] GC(64) PSYoungGen: 23136K(39424K)->12352K(40448K) Eden: 12288K(12288K)->0K(12288K) From: 10848K(27136K)->12352K(28160K)
[1.763s][info][gc,heap        ] GC(64) ParOldGen: 312407K(338944K)->323319K(338944K)
[1.763s][info][gc,metaspace   ] GC(64) Metaspace: 6297K(6464K)->6297K(6464K) NonClass: 5764K(5824K)->5764K(5824K) Class: 533K(640K)->533K(640K)
[1.763s][info][gc             ] GC(64) Pause Young (Allocation Failure) 327M->327M(370M) 14.916ms
[1.763s][info][gc,cpu         ] GC(64) User=0.02s Sys=0.00s Real=0.02s
[1.763s][info][gc,start       ] GC(65) Pause Full (Ergonomics)
[1.763s][info][gc,phases,start] GC(65) Marking Phase
[1.853s][info][gc,phases      ] GC(65) Marking Phase 89.573ms
[1.853s][info][gc,phases,start] GC(65) Summary Phase
[1.853s][info][gc,phases      ] GC(65) Summary Phase 0.020ms
[1.853s][info][gc,phases,start] GC(65) Adjust Roots
[1.853s][info][gc,phases      ] GC(65) Adjust Roots 0.203ms
[1.853s][info][gc,phases,start] GC(65) Compaction Phase
[1.886s][info][gc,phases      ] GC(65) Compaction Phase 32.676ms
[1.886s][info][gc,phases,start] GC(65) Post Compact
[1.888s][info][gc,phases      ] GC(65) Post Compact 1.658ms
[1.888s][info][gc,heap        ] GC(65) PSYoungGen: 12352K(40448K)->0K(40448K) Eden: 0K(12288K)->0K(13824K) From: 12352K(28160K)->0K(26624K)
[1.888s][info][gc,heap        ] GC(65) ParOldGen: 323319K(338944K)->335110K(379904K)
[1.888s][info][gc,metaspace   ] GC(65) Metaspace: 6297K(6464K)->6297K(6464K) NonClass: 5764K(5824K)->5764K(5824K) Class: 533K(640K)->533K(640K)
[1.888s][info][gc             ] GC(65) Pause Full (Ergonomics) 327M->327M(410M) 124.639ms
[1.888s][info][gc,cpu         ] GC(65) User=0.45s Sys=0.05s Real=0.12s
[1.903s][info][gc,start       ] GC(66) Pause Young (Allocation Failure)
[1.912s][info][gc,heap        ] GC(66) PSYoungGen: 13824K(40448K)->13888K(40960K) Eden: 13824K(13824K)->0K(13824K) From: 0K(26624K)->13888K(27136K)
[1.912s][info][gc,heap        ] GC(66) ParOldGen: 335110K(379904K)->335110K(379904K)
[1.912s][info][gc,metaspace   ] GC(66) Metaspace: 6297K(6464K)->6297K(6464K) NonClass: 5764K(5824K)->5764K(5824K) Class: 533K(640K)->533K(640K)
[1.913s][info][gc             ] GC(66) Pause Young (Allocation Failure) 340M->340M(411M) 9.610ms
[1.913s][info][gc,cpu         ] GC(66) User=0.02s Sys=0.00s Real=0.01s
[2.013s][info][gc,start       ] GC(67) Pause Young (Allocation Failure)
[2.036s][info][gc,heap        ] GC(67) PSYoungGen: 27712K(40960K)->26112K(37376K) Eden: 13824K(13824K)->0K(11264K) From: 13888K(27136K)->26112K(26112K)
[2.036s][info][gc,heap        ] GC(67) ParOldGen: 351494K(379904K)->353062K(379904K)
[2.036s][info][gc,metaspace   ] GC(67) Metaspace: 6297K(6464K)->6297K(6464K) NonClass: 5764K(5824K)->5764K(5824K) Class: 533K(640K)->533K(640K)
[2.036s][info][gc             ] GC(67) Pause Young (Allocation Failure) 370M->370M(407M) 23.793ms
[2.036s][info][gc,cpu         ] GC(67) User=0.09s Sys=0.00s Real=0.02s
[2.048s][info][gc,start       ] GC(68) Pause Young (Allocation Failure)
[2.070s][info][gc,heap        ] GC(68) PSYoungGen: 37376K(37376K)->11360K(41472K) Eden: 11264K(11264K)->0K(11264K) From: 26112K(26112K)->11360K(30208K)
[2.070s][info][gc,heap        ] GC(68) ParOldGen: 353062K(379904K)->379542K(379904K)
[2.070s][info][gc,metaspace   ] GC(68) Metaspace: 6297K(6464K)->6297K(6464K) NonClass: 5764K(5824K)->5764K(5824K) Class: 533K(640K)->533K(640K)
[2.070s][info][gc             ] GC(68) Pause Young (Allocation Failure) 381M->381M(411M) 22.532ms
[2.070s][info][gc,cpu         ] GC(68) User=0.05s Sys=0.02s Real=0.02s
[2.070s][info][gc,start       ] GC(69) Pause Full (Ergonomics)
[2.070s][info][gc,phases,start] GC(69) Marking Phase
[2.166s][info][gc,phases      ] GC(69) Marking Phase 95.291ms
[2.166s][info][gc,phases,start] GC(69) Summary Phase
[2.166s][info][gc,phases      ] GC(69) Summary Phase 0.021ms
[2.166s][info][gc,phases,start] GC(69) Adjust Roots
[2.166s][info][gc,phases      ] GC(69) Adjust Roots 0.202ms
[2.166s][info][gc,phases,start] GC(69) Compaction Phase
[2.232s][info][gc,phases      ] GC(69) Compaction Phase 65.357ms
[2.232s][info][gc,phases,start] GC(69) Post Compact
[2.234s][info][gc,phases      ] GC(69) Post Compact 1.975ms
[2.234s][info][gc,heap        ] GC(69) PSYoungGen: 11360K(41472K)->2546K(41472K) Eden: 0K(11264K)->0K(11264K) From: 11360K(30208K)->2546K(30208K)
[2.234s][info][gc,heap        ] GC(69) ParOldGen: 379542K(379904K)->379573K(433152K)
[2.234s][info][gc,metaspace   ] GC(69) Metaspace: 6297K(6464K)->6297K(6464K) NonClass: 5764K(5824K)->5764K(5824K) Class: 533K(640K)->533K(640K)
[2.234s][info][gc             ] GC(69) Pause Full (Ergonomics) 381M->373M(463M) 163.532ms
[2.234s][info][gc,cpu         ] GC(69) User=0.62s Sys=0.00s Real=0.16s
[2.248s][info][gc,start       ] GC(70) Pause Young (Allocation Failure)
[2.271s][info][gc,heap        ] GC(70) PSYoungGen: 13810K(41472K)->13888K(39936K) Eden: 11264K(11264K)->0K(12800K) From: 2546K(30208K)->13888K(27136K)
[2.271s][info][gc,heap        ] GC(70) ParOldGen: 379573K(433152K)->379573K(433152K)
[2.271s][info][gc,metaspace   ] GC(70) Metaspace: 6297K(6464K)->6297K(6464K) NonClass: 5764K(5824K)->5764K(5824K) Class: 533K(640K)->533K(640K)
[2.271s][info][gc             ] GC(70) Pause Young (Allocation Failure) 384M->384M(462M) 23.490ms
[2.271s][info][gc,cpu         ] GC(70) User=0.09s Sys=0.00s Real=0.02s
[2.284s][info][gc,start       ] GC(71) Pause Young (Allocation Failure)
[2.299s][info][gc,heap        ] GC(71) PSYoungGen: 26688K(39936K)->26688K(40960K) Eden: 12800K(12800K)->0K(12800K) From: 13888K(27136K)->26688K(28160K)
[2.299s][info][gc,heap        ] GC(71) ParOldGen: 379573K(433152K)->379573K(433152K)
[2.299s][info][gc,metaspace   ] GC(71) Metaspace: 6297K(6464K)->6297K(6464K) NonClass: 5764K(5824K)->5764K(5824K) Class: 533K(640K)->533K(640K)
[2.299s][info][gc             ] GC(71) Pause Young (Allocation Failure) 396M->396M(463M) 14.403ms
[2.299s][info][gc,cpu         ] GC(71) User=0.00s Sys=0.00s Real=0.01s
[2.312s][info][gc,start       ] GC(72) Pause Young (Allocation Failure)
[2.333s][info][gc,heap        ] GC(72) PSYoungGen: 39488K(40960K)->31232K(38400K) Eden: 12800K(12800K)->0K(7168K) From: 26688K(28160K)->31232K(31232K)
[2.333s][info][gc,heap        ] GC(72) ParOldGen: 379573K(433152K)->387877K(433152K)
[2.333s][info][gc,metaspace   ] GC(72) Metaspace: 6297K(6464K)->6297K(6464K) NonClass: 5764K(5824K)->5764K(5824K) Class: 533K(640K)->533K(640K)
[2.333s][info][gc             ] GC(72) Pause Young (Allocation Failure) 409M->409M(460M) 21.105ms
[2.333s][info][gc,cpu         ] GC(72) User=0.09s Sys=0.00s Real=0.02s
[2.341s][info][gc,start       ] GC(73) Pause Young (Allocation Failure)
[2.362s][info][gc,heap        ] GC(73) PSYoungGen: 38400K(38400K)->29056K(45568K) Eden: 7168K(7168K)->0K(7168K) From: 31232K(31232K)->29056K(38400K)
[2.362s][info][gc,heap        ] GC(73) ParOldGen: 387877K(433152K)->397413K(433152K)
[2.362s][info][gc,metaspace   ] GC(73) Metaspace: 6297K(6464K)->6297K(6464K) NonClass: 5764K(5824K)->5764K(5824K) Class: 533K(640K)->533K(640K)
[2.362s][info][gc             ] GC(73) Pause Young (Allocation Failure) 416M->416M(467M) 20.667ms
[2.362s][info][gc,cpu         ] GC(73) User=0.05s Sys=0.00s Real=0.02s
[2.369s][info][gc,start       ] GC(74) Pause Young (Allocation Failure)
[2.389s][info][gc,heap        ] GC(74) PSYoungGen: 36224K(45568K)->24896K(47616K) Eden: 7168K(7168K)->0K(8192K) From: 29056K(38400K)->24896K(39424K)
[2.389s][info][gc,heap        ] GC(74) ParOldGen: 397413K(433152K)->408877K(433152K)
[2.389s][info][gc,metaspace   ] GC(74) Metaspace: 6297K(6464K)->6297K(6464K) NonClass: 5764K(5824K)->5764K(5824K) Class: 533K(640K)->533K(640K)
[2.389s][info][gc             ] GC(74) Pause Young (Allocation Failure) 423M->423M(469M) 19.872ms
[2.389s][info][gc,cpu         ] GC(74) User=0.05s Sys=0.00s Real=0.02s
[2.398s][info][gc,start       ] GC(75) Pause Young (Allocation Failure)
[2.416s][info][gc,heap        ] GC(75) PSYoungGen: 33088K(47616K)->15424K(48128K) Eden: 8192K(8192K)->0K(8192K) From: 24896K(39424K)->15424K(39936K)
[2.416s][info][gc,heap        ] GC(75) ParOldGen: 408877K(433152K)->426837K(433152K)
[2.416s][info][gc,metaspace   ] GC(75) Metaspace: 6297K(6464K)->6297K(6464K) NonClass: 5764K(5824K)->5764K(5824K) Class: 533K(640K)->533K(640K)
[2.416s][info][gc             ] GC(75) Pause Young (Allocation Failure) 431M->431M(470M) 18.722ms
[2.416s][info][gc,cpu         ] GC(75) User=0.08s Sys=0.00s Real=0.02s
[2.416s][info][gc,start       ] GC(76) Pause Full (Ergonomics)
[2.416s][info][gc,phases,start] GC(76) Marking Phase
[2.535s][info][gc,phases      ] GC(76) Marking Phase 118.654ms
[2.535s][info][gc,phases,start] GC(76) Summary Phase
[2.535s][info][gc,phases      ] GC(76) Summary Phase 0.019ms
[2.535s][info][gc,phases,start] GC(76) Adjust Roots
[2.535s][info][gc,phases      ] GC(76) Adjust Roots 0.185ms
[2.535s][info][gc,phases,start] GC(76) Compaction Phase
[2.580s][info][gc,phases      ] GC(76) Compaction Phase 44.766ms
[2.580s][info][gc,phases,start] GC(76) Post Compact
[2.582s][info][gc,phases      ] GC(76) Post Compact 2.145ms
[2.583s][info][gc,heap        ] GC(76) PSYoungGen: 15424K(48128K)->8647K(48128K) Eden: 0K(8192K)->0K(8192K) From: 15424K(39936K)->8647K(39936K)
[2.583s][info][gc,heap        ] GC(76) ParOldGen: 426837K(433152K)->432679K(488960K)
[2.583s][info][gc,metaspace   ] GC(76) Metaspace: 6297K(6464K)->6297K(6464K) NonClass: 5764K(5824K)->5764K(5824K) Class: 533K(640K)->533K(640K)
[2.583s][info][gc             ] GC(76) Pause Full (Ergonomics) 431M->430M(524M) 166.328ms
[2.583s][info][gc,cpu         ] GC(76) User=0.70s Sys=0.00s Real=0.17s
[2.591s][info][gc,start       ] GC(77) Pause Young (Allocation Failure)
[2.621s][info][gc,heap        ] GC(77) PSYoungGen: 16839K(48128K)->8256K(47616K) Eden: 8192K(8192K)->0K(9216K) From: 8647K(39936K)->8256K(38400K)
[2.621s][info][gc,heap        ] GC(77) ParOldGen: 432679K(488960K)->441479K(488960K)
[2.621s][info][gc,metaspace   ] GC(77) Metaspace: 6297K(6464K)->6297K(6464K) NonClass: 5764K(5824K)->5764K(5824K) Class: 533K(640K)->533K(640K)
[2.621s][info][gc             ] GC(77) Pause Young (Allocation Failure) 438M->439M(524M) 29.762ms
[2.621s][info][gc,cpu         ] GC(77) User=0.09s Sys=0.00s Real=0.03s
[2.631s][info][gc,start       ] GC(78) Pause Young (Allocation Failure)
[2.642s][info][gc,heap        ] GC(78) PSYoungGen: 17472K(47616K)->9312K(48128K) Eden: 9216K(9216K)->0K(9216K) From: 8256K(38400K)->9312K(38912K)
[2.642s][info][gc,heap        ] GC(78) ParOldGen: 441479K(488960K)->449783K(488960K)
[2.642s][info][gc,metaspace   ] GC(78) Metaspace: 6297K(6464K)->6297K(6464K) NonClass: 5764K(5824K)->5764K(5824K) Class: 533K(640K)->533K(640K)
[2.642s][info][gc             ] GC(78) Pause Young (Allocation Failure) 448M->448M(524M) 11.553ms
[2.642s][info][gc,cpu         ] GC(78) User=0.00s Sys=0.00s Real=0.01s
[2.652s][info][gc,start       ] GC(79) Pause Young (Allocation Failure)
[2.664s][info][gc,heap        ] GC(79) PSYoungGen: 18528K(48128K)->9280K(48128K) Eden: 9216K(9216K)->0K(10752K) From: 9312K(38912K)->9280K(37376K)
[2.664s][info][gc,heap        ] GC(79) ParOldGen: 449783K(488960K)->459127K(488960K)
[2.664s][info][gc,metaspace   ] GC(79) Metaspace: 6297K(6464K)->6297K(6464K) NonClass: 5764K(5824K)->5764K(5824K) Class: 533K(640K)->533K(640K)
[2.664s][info][gc             ] GC(79) Pause Young (Allocation Failure) 457M->457M(524M) 11.688ms
[2.664s][info][gc,cpu         ] GC(79) User=0.02s Sys=0.00s Real=0.01s
[2.675s][info][gc,start       ] GC(80) Pause Young (Allocation Failure)
[2.688s][info][gc,heap        ] GC(80) PSYoungGen: 20032K(48128K)->10784K(48640K) Eden: 10752K(10752K)->0K(10752K) From: 9280K(37376K)->10784K(37888K)
[2.688s][info][gc,heap        ] GC(80) ParOldGen: 459127K(488960K)->468463K(488960K)
[2.688s][info][gc,metaspace   ] GC(80) Metaspace: 6297K(6464K)->6297K(6464K) NonClass: 5764K(5824K)->5764K(5824K) Class: 533K(640K)->533K(640K)
[2.688s][info][gc             ] GC(80) Pause Young (Allocation Failure) 467M->468M(525M) 12.846ms
[2.688s][info][gc,cpu         ] GC(80) User=0.00s Sys=0.00s Real=0.01s
[2.700s][info][gc,start       ] GC(81) Pause Young (Allocation Failure)
[2.714s][info][gc,heap        ] GC(81) PSYoungGen: 21536K(48640K)->10816K(47104K) Eden: 10752K(10752K)->0K(12288K) From: 10784K(37888K)->10816K(34816K)
[2.714s][info][gc,heap        ] GC(81) ParOldGen: 468463K(488960K)->479359K(488960K)
[2.714s][info][gc,metaspace   ] GC(81) Metaspace: 6297K(6464K)->6297K(6464K) NonClass: 5764K(5824K)->5764K(5824K) Class: 533K(640K)->533K(640K)
[2.714s][info][gc             ] GC(81) Pause Young (Allocation Failure) 478M->478M(523M) 13.980ms
[2.714s][info][gc,cpu         ] GC(81) User=0.02s Sys=0.00s Real=0.01s
[2.714s][info][gc,start       ] GC(82) Pause Full (Ergonomics)
[2.714s][info][gc,phases,start] GC(82) Marking Phase
[2.844s][info][gc,phases      ] GC(82) Marking Phase 129.689ms
[2.844s][info][gc,phases,start] GC(82) Summary Phase
[2.844s][info][gc,phases      ] GC(82) Summary Phase 0.019ms
[2.844s][info][gc,phases,start] GC(82) Adjust Roots
[2.844s][info][gc,phases      ] GC(82) Adjust Roots 0.181ms
[2.844s][info][gc,phases,start] GC(82) Compaction Phase
[2.891s][info][gc,phases      ] GC(82) Compaction Phase 46.458ms
[2.891s][info][gc,phases,start] GC(82) Post Compact
[2.893s][info][gc,phases      ] GC(82) Post Compact 2.488ms
[2.894s][info][gc,heap        ] GC(82) PSYoungGen: 10816K(47104K)->503K(48128K) Eden: 0K(12288K)->0K(13312K) From: 10816K(34816K)->503K(34816K)
[2.894s][info][gc,heap        ] GC(82) ParOldGen: 479359K(488960K)->488786K(544256K)
[2.894s][info][gc,metaspace   ] GC(82) Metaspace: 6297K(6464K)->6297K(6464K) NonClass: 5764K(5824K)->5764K(5824K) Class: 533K(640K)->533K(640K)
[2.894s][info][gc             ] GC(82) Pause Full (Ergonomics) 478M->477M(578M) 179.356ms
[2.894s][info][gc,cpu         ] GC(82) User=0.75s Sys=0.02s Real=0.18s
[2.908s][info][gc,start       ] GC(83) Pause Young (Allocation Failure)
[2.940s][info][gc,heap        ] GC(83) PSYoungGen: 13815K(48128K)->13408K(49152K) Eden: 13312K(13312K)->0K(13312K) From: 503K(34816K)->13408K(35840K)
[2.940s][info][gc,heap        ] GC(83) ParOldGen: 488786K(544256K)->489322K(544256K)
[2.940s][info][gc,metaspace   ] GC(83) Metaspace: 6297K(6464K)->6297K(6464K) NonClass: 5764K(5824K)->5764K(5824K) Class: 533K(640K)->533K(640K)
[2.940s][info][gc             ] GC(83) Pause Young (Allocation Failure) 490M->490M(579M) 32.510ms
[2.940s][info][gc,cpu         ] GC(83) User=0.09s Sys=0.00s Real=0.03s
[2.955s][info][gc,start       ] GC(84) Pause Young (Allocation Failure)
[2.970s][info][gc,heap        ] GC(84) PSYoungGen: 26720K(49152K)->26688K(47104K) Eden: 13312K(13312K)->0K(12800K) From: 13408K(35840K)->26688K(34304K)
[2.970s][info][gc,heap        ] GC(84) ParOldGen: 489322K(544256K)->489322K(544256K)
[2.970s][info][gc,metaspace   ] GC(84) Metaspace: 6297K(6464K)->6297K(6464K) NonClass: 5764K(5824K)->5764K(5824K) Class: 533K(640K)->533K(640K)
[2.971s][info][gc             ] GC(84) Pause Young (Allocation Failure) 503M->503M(577M) 15.507ms
[2.971s][info][gc,cpu         ] GC(84) User=0.02s Sys=0.00s Real=0.01s
[2.984s][info][gc,start       ] GC(85) Pause Young (Allocation Failure)
[3.004s][info][gc,heap        ] GC(85) PSYoungGen: 39488K(47104K)->36352K(49152K) Eden: 12800K(12800K)->0K(12800K) From: 26688K(34304K)->36352K(36352K)
[3.004s][info][gc,heap        ] GC(85) ParOldGen: 489322K(544256K)->492442K(544256K)
[3.004s][info][gc,metaspace   ] GC(85) Metaspace: 6297K(6464K)->6297K(6464K) NonClass: 5764K(5824K)->5764K(5824K) Class: 533K(640K)->533K(640K)
[3.004s][info][gc             ] GC(85) Pause Young (Allocation Failure) 516M->516M(579M) 20.142ms
[3.004s][info][gc,cpu         ] GC(85) User=0.08s Sys=0.00s Real=0.02s
[3.018s][info][gc,start       ] GC(86) Pause Young (Allocation Failure)
[3.045s][info][gc,heap        ] GC(86) PSYoungGen: 49152K(49152K)->24384K(56320K) Eden: 12800K(12800K)->0K(14336K) From: 36352K(36352K)->24384K(41984K)
[3.045s][info][gc,heap        ] GC(86) ParOldGen: 492442K(544256K)->517634K(544256K)
[3.045s][info][gc,metaspace   ] GC(86) Metaspace: 6297K(6464K)->6297K(6464K) NonClass: 5764K(5824K)->5764K(5824K) Class: 533K(640K)->533K(640K)
[3.045s][info][gc             ] GC(86) Pause Young (Allocation Failure) 528M->529M(586M) 26.646ms
[3.045s][info][gc,cpu         ] GC(86) User=0.06s Sys=0.02s Real=0.03s
[3.062s][info][gc,start       ] GC(87) Pause Young (Allocation Failure)
[3.084s][info][gc,heap        ] GC(87) PSYoungGen: 38720K(56320K)->27200K(56832K) Eden: 14336K(14336K)->0K(14336K) From: 24384K(41984K)->27200K(42496K)
[3.084s][info][gc,heap        ] GC(87) ParOldGen: 517634K(544256K)->529330K(544256K)
[3.084s][info][gc,metaspace   ] GC(87) Metaspace: 6297K(6464K)->6297K(6464K) NonClass: 5764K(5824K)->5764K(5824K) Class: 533K(640K)->533K(640K)
[3.084s][info][gc             ] GC(87) Pause Young (Allocation Failure) 543M->543M(587M) 22.213ms
[3.084s][info][gc,cpu         ] GC(87) User=0.09s Sys=0.00s Real=0.02s
[3.084s][info][gc,start       ] GC(88) Pause Full (Ergonomics)
[3.084s][info][gc,phases,start] GC(88) Marking Phase
[3.222s][info][gc,phases      ] GC(88) Marking Phase 137.512ms
[3.222s][info][gc,phases,start] GC(88) Summary Phase
[3.222s][info][gc,phases      ] GC(88) Summary Phase 0.023ms
[3.222s][info][gc,phases,start] GC(88) Adjust Roots
[3.222s][info][gc,phases      ] GC(88) Adjust Roots 0.199ms
[3.222s][info][gc,phases,start] GC(88) Compaction Phase
[3.278s][info][gc,phases      ] GC(88) Compaction Phase 56.394ms
[3.278s][info][gc,phases,start] GC(88) Post Compact
[3.279s][info][gc,phases      ] GC(88) Post Compact 0.893ms
[3.280s][info][gc,heap        ] GC(88) PSYoungGen: 27200K(56832K)->11739K(56832K) Eden: 0K(14336K)->0K(14336K) From: 27200K(42496K)->11739K(42496K)
[3.280s][info][gc,heap        ] GC(88) ParOldGen: 529330K(544256K)->543950K(607744K)
[3.280s][info][gc,metaspace   ] GC(88) Metaspace: 6297K(6464K)->6297K(6464K) NonClass: 5764K(5824K)->5764K(5824K) Class: 533K(640K)->533K(640K)
[3.280s][info][gc             ] GC(88) Pause Full (Ergonomics) 543M->542M(649M) 195.559ms
[3.280s][info][gc,cpu         ] GC(88) User=0.83s Sys=0.02s Real=0.20s
[3.296s][info][gc,start       ] GC(89) Pause Young (Allocation Failure)
[3.336s][info][gc,heap        ] GC(89) PSYoungGen: 26075K(56832K)->20096K(54272K) Eden: 14336K(14336K)->0K(15872K) From: 11739K(42496K)->20096K(38400K)
[3.336s][info][gc,heap        ] GC(89) ParOldGen: 543950K(607744K)->550070K(607744K)
[3.336s][info][gc,metaspace   ] GC(89) Metaspace: 6297K(6464K)->6297K(6464K) NonClass: 5764K(5824K)->5764K(5824K) Class: 533K(640K)->533K(640K)
[3.336s][info][gc             ] GC(89) Pause Young (Allocation Failure) 556M->556M(646M) 40.105ms
[3.336s][info][gc,cpu         ] GC(89) User=0.14s Sys=0.03s Real=0.04s
[3.355s][info][gc,start       ] GC(90) Pause Young (Allocation Failure)
[3.375s][info][gc,heap        ] GC(90) PSYoungGen: 35968K(54272K)->36032K(56832K) Eden: 15872K(15872K)->0K(15872K) From: 20096K(38400K)->36032K(40960K)
[3.375s][info][gc,heap        ] GC(90) ParOldGen: 550070K(607744K)->550070K(607744K)
[3.375s][info][gc,metaspace   ] GC(90) Metaspace: 6297K(6464K)->6297K(6464K) NonClass: 5764K(5824K)->5764K(5824K) Class: 533K(640K)->533K(640K)
[3.375s][info][gc             ] GC(90) Pause Young (Allocation Failure) 572M->572M(649M) 20.338ms
[3.375s][info][gc,cpu         ] GC(90) User=0.08s Sys=0.00s Real=0.02s
[3.392s][info][gc,start       ] GC(91) Pause Young (Allocation Failure)
[3.420s][info][gc,heap        ] GC(91) PSYoungGen: 51904K(56832K)->44544K(53248K) Eden: 15872K(15872K)->0K(8704K) From: 36032K(40960K)->44544K(44544K)
[3.421s][info][gc,heap        ] GC(91) ParOldGen: 550070K(607744K)->557454K(607744K)
[3.421s][info][gc,metaspace   ] GC(91) Metaspace: 6297K(6464K)->6297K(6464K) NonClass: 5764K(5824K)->5764K(5824K) Class: 533K(640K)->533K(640K)
[3.421s][info][gc             ] GC(91) Pause Young (Allocation Failure) 587M->587M(645M) 28.582ms
[3.421s][info][gc,cpu         ] GC(91) User=0.06s Sys=0.02s Real=0.03s
[3.432s][info][gc,start       ] GC(92) Pause Young (Allocation Failure)
[3.459s][info][gc,heap        ] GC(92) PSYoungGen: 53248K(53248K)->36544K(62464K) Eden: 8704K(8704K)->0K(8704K) From: 44544K(44544K)->36544K(53760K)
[3.459s][info][gc,heap        ] GC(92) ParOldGen: 557454K(607744K)->574502K(607744K)
[3.459s][info][gc,metaspace   ] GC(92) Metaspace: 6297K(6464K)->6297K(6464K) NonClass: 5764K(5824K)->5764K(5824K) Class: 533K(640K)->533K(640K)
[3.459s][info][gc             ] GC(92) Pause Young (Allocation Failure) 596M->596M(654M) 27.543ms
[3.459s][info][gc,cpu         ] GC(92) User=0.08s Sys=0.00s Real=0.03s
[3.469s][info][gc,start       ] GC(93) Pause Young (Allocation Failure)
[3.492s][info][gc,heap        ] GC(93) PSYoungGen: 45248K(62464K)->31136K(63488K) Eden: 8704K(8704K)->0K(10240K) From: 36544K(53760K)->31136K(53248K)
[3.492s][info][gc,heap        ] GC(93) ParOldGen: 574502K(607744K)->588838K(607744K)
[3.492s][info][gc,metaspace   ] GC(93) Metaspace: 6297K(6464K)->6297K(6464K) NonClass: 5764K(5824K)->5764K(5824K) Class: 533K(640K)->533K(640K)
[3.492s][info][gc             ] GC(93) Pause Young (Allocation Failure) 605M->605M(655M) 23.179ms
[3.492s][info][gc,cpu         ] GC(93) User=0.08s Sys=0.00s Real=0.02s
[3.492s][info][gc,start       ] GC(94) Pause Full (Ergonomics)
[3.492s][info][gc,phases,start] GC(94) Marking Phase
[3.634s][info][gc,phases      ] GC(94) Marking Phase 141.273ms
[3.634s][info][gc,phases,start] GC(94) Summary Phase
[3.634s][info][gc,phases      ] GC(94) Summary Phase 0.021ms
[3.634s][info][gc,phases,start] GC(94) Adjust Roots
[3.634s][info][gc,phases      ] GC(94) Adjust Roots 0.199ms
[3.634s][info][gc,phases,start] GC(94) Compaction Phase
[3.690s][info][gc,phases      ] GC(94) Compaction Phase 55.725ms
[3.690s][info][gc,phases,start] GC(94) Post Compact
[3.691s][info][gc,phases      ] GC(94) Post Compact 1.069ms
[3.691s][info][gc,heap        ] GC(94) PSYoungGen: 31136K(63488K)->11531K(64512K) Eden: 0K(10240K)->0K(11264K) From: 31136K(53248K)->11531K(53248K)
[3.691s][info][gc,heap        ] GC(94) ParOldGen: 588838K(607744K)->607492K(675328K)
[3.691s][info][gc,metaspace   ] GC(94) Metaspace: 6297K(6464K)->6297K(6464K) NonClass: 5764K(5824K)->5764K(5824K) Class: 533K(640K)->533K(640K)
[3.691s][info][gc             ] GC(94) Pause Full (Ergonomics) 605M->604M(722M) 198.799ms
[3.691s][info][gc,cpu         ] GC(94) User=0.86s Sys=0.00s Real=0.20s
[3.705s][info][gc,start       ] GC(95) Pause Young (Allocation Failure)
[3.748s][info][gc,heap        ] GC(95) PSYoungGen: 22795K(64512K)->14400K(65536K) Eden: 11264K(11264K)->0K(11264K) From: 11531K(53248K)->14400K(54272K)
[3.748s][info][gc,heap        ] GC(95) ParOldGen: 607492K(675328K)->616100K(675328K)
[3.748s][info][gc,metaspace   ] GC(95) Metaspace: 6297K(6464K)->6297K(6464K) NonClass: 5764K(5824K)->5764K(5824K) Class: 533K(640K)->533K(640K)
[3.748s][info][gc             ] GC(95) Pause Young (Allocation Failure) 615M->615M(723M) 42.405ms
[3.748s][info][gc,cpu         ] GC(95) User=0.23s Sys=0.00s Real=0.04s
[3.761s][info][gc,start       ] GC(96) Pause Young (Allocation Failure)
[3.777s][info][gc,heap        ] GC(96) PSYoungGen: 25664K(65536K)->22624K(61952K) Eden: 11264K(11264K)->0K(12800K) From: 14400K(54272K)->22624K(49152K)
[3.777s][info][gc,heap        ] GC(96) ParOldGen: 616100K(675328K)->619236K(675328K)
[3.777s][info][gc,metaspace   ] GC(96) Metaspace: 6297K(6464K)->6297K(6464K) NonClass: 5764K(5824K)->5764K(5824K) Class: 533K(640K)->533K(640K)
[3.777s][info][gc             ] GC(96) Pause Young (Allocation Failure) 626M->626M(720M) 15.927ms
[3.777s][info][gc,cpu         ] GC(96) User=0.00s Sys=0.00s Real=0.02s
[3.792s][info][gc,start       ] GC(97) Pause Young (Allocation Failure)
[3.815s][info][gc,heap        ] GC(97) PSYoungGen: 35424K(61952K)->24160K(37376K) Eden: 12800K(12800K)->0K(12800K) From: 22624K(49152K)->24160K(24576K)
[3.815s][info][gc,heap        ] GC(97) ParOldGen: 619236K(675328K)->630668K(675328K)
[3.815s][info][gc,metaspace   ] GC(97) Metaspace: 6297K(6464K)->6297K(6464K) NonClass: 5764K(5824K)->5764K(5824K) Class: 533K(640K)->533K(640K)
[3.815s][info][gc             ] GC(97) Pause Young (Allocation Failure) 639M->639M(696M) 22.399ms
[3.815s][info][gc,cpu         ] GC(97) User=0.08s Sys=0.00s Real=0.02s
[3.830s][info][gc,start       ] GC(98) Pause Young (Allocation Failure)
[3.851s][info][gc,heap        ] GC(98) PSYoungGen: 36960K(37376K)->25696K(58880K) Eden: 12800K(12800K)->0K(14336K) From: 24160K(24576K)->25696K(44544K)
[3.851s][info][gc,heap        ] GC(98) ParOldGen: 630668K(675328K)->642092K(675328K)
[3.851s][info][gc,metaspace   ] GC(98) Metaspace: 6297K(6464K)->6297K(6464K) NonClass: 5764K(5824K)->5764K(5824K) Class: 533K(640K)->533K(640K)
[3.851s][info][gc             ] GC(98) Pause Young (Allocation Failure) 651M->652M(717M) 21.917ms
[3.852s][info][gc,cpu         ] GC(98) User=0.03s Sys=0.00s Real=0.02s
[3.869s][info][gc,start       ] GC(99) Pause Young (Allocation Failure)
[3.893s][info][gc,heap        ] GC(99) PSYoungGen: 40032K(58880K)->27264K(60928K) Eden: 14336K(14336K)->0K(14336K) From: 25696K(44544K)->27264K(46592K)
[3.893s][info][gc,heap        ] GC(99) ParOldGen: 642092K(675328K)->655076K(675328K)
[3.893s][info][gc,metaspace   ] GC(99) Metaspace: 6297K(6464K)->6297K(6464K) NonClass: 5764K(5824K)->5764K(5824K) Class: 533K(640K)->533K(640K)
[3.893s][info][gc             ] GC(99) Pause Young (Allocation Failure) 666M->666M(719M) 23.788ms
[3.893s][info][gc,cpu         ] GC(99) User=0.06s Sys=0.02s Real=0.02s
[3.893s][info][gc,start       ] GC(100) Pause Full (Ergonomics)
[3.893s][info][gc,phases,start] GC(100) Marking Phase
[4.064s][info][gc,phases      ] GC(100) Marking Phase 170.742ms
[4.064s][info][gc,phases,start] GC(100) Summary Phase
[4.064s][info][gc,phases      ] GC(100) Summary Phase 0.021ms
[4.064s][info][gc,phases,start] GC(100) Adjust Roots
[4.064s][info][gc,phases      ] GC(100) Adjust Roots 0.174ms
[4.064s][info][gc,phases,start] GC(100) Compaction Phase
[4.125s][info][gc,phases      ] GC(100) Compaction Phase 61.551ms
[4.125s][info][gc,phases,start] GC(100) Post Compact
[4.127s][info][gc,phases      ] GC(100) Post Compact 1.153ms
[4.127s][info][gc,heap        ] GC(100) PSYoungGen: 27264K(60928K)->6120K(60928K) Eden: 0K(14336K)->0K(14336K) From: 27264K(46592K)->6120K(46592K)
[4.127s][info][gc,heap        ] GC(100) ParOldGen: 655076K(675328K)->675210K(746496K)
[4.127s][info][gc,metaspace   ] GC(100) Metaspace: 6297K(6464K)->6297K(6464K) NonClass: 5764K(5824K)->5764K(5824K) Class: 533K(640K)->533K(640K)
[4.127s][info][gc             ] GC(100) Pause Full (Ergonomics) 666M->665M(788M) 234.187ms
[4.127s][info][gc,cpu         ] GC(100) User=1.11s Sys=0.00s Real=0.23s
[4.146s][info][gc,start       ] GC(101) Pause Young (Allocation Failure)
[4.194s][info][gc,heap        ] GC(101) PSYoungGen: 20456K(60928K)->17568K(58880K) Eden: 14336K(14336K)->0K(15872K) From: 6120K(46592K)->17568K(43008K)
[4.194s][info][gc,heap        ] GC(101) ParOldGen: 675210K(746496K)->678250K(746496K)
[4.194s][info][gc,metaspace   ] GC(101) Metaspace: 6297K(6464K)->6297K(6464K) NonClass: 5764K(5824K)->5764K(5824K) Class: 533K(640K)->533K(640K)
[4.194s][info][gc             ] GC(101) Pause Young (Allocation Failure) 679M->679M(786M) 48.235ms
[4.194s][info][gc,cpu         ] GC(101) User=0.16s Sys=0.00s Real=0.05s
[4.376s][info][gc,start       ] GC(102) Pause Young (Allocation Failure)
[4.413s][info][gc,heap        ] GC(102) PSYoungGen: 33440K(58880K)->33408K(60416K) Eden: 15872K(15872K)->0K(15872K) From: 17568K(43008K)->33408K(44544K)
[4.413s][info][gc,heap        ] GC(102) ParOldGen: 711018K(746496K)->711018K(746496K)
[4.413s][info][gc,metaspace   ] GC(102) Metaspace: 6297K(6464K)->6297K(6464K) NonClass: 5764K(5824K)->5764K(5824K) Class: 533K(640K)->533K(640K)
[4.413s][info][gc             ] GC(102) Pause Young (Allocation Failure) 727M->726M(788M) 37.336ms
[4.414s][info][gc,cpu         ] GC(102) User=0.14s Sys=0.00s Real=0.04s
[4.430s][info][gc,start       ] GC(103) Pause Young (Allocation Failure)
[4.460s][info][gc,heap        ] GC(103) PSYoungGen: 49280K(60416K)->46080K(56832K) Eden: 15872K(15872K)->0K(10752K) From: 33408K(44544K)->46080K(46080K)
[4.460s][info][gc,heap        ] GC(103) ParOldGen: 711018K(746496K)->714242K(746496K)
[4.460s][info][gc,metaspace   ] GC(103) Metaspace: 6297K(6464K)->6297K(6464K) NonClass: 5764K(5824K)->5764K(5824K) Class: 533K(640K)->533K(640K)
[4.460s][info][gc             ] GC(103) Pause Young (Allocation Failure) 742M->742M(784M) 29.548ms
[4.460s][info][gc,cpu         ] GC(103) User=0.05s Sys=0.00s Real=0.03s
[4.472s][info][gc,start       ] GC(104) Pause Young (Allocation Failure)
[4.503s][info][gc,heap        ] GC(104) PSYoungGen: 56832K(56832K)->40352K(63488K) Eden: 10752K(10752K)->0K(10752K) From: 46080K(46080K)->40352K(52736K)
[4.503s][info][gc,heap        ] GC(104) ParOldGen: 714242K(746496K)->731026K(746496K)
[4.503s][info][gc,metaspace   ] GC(104) Metaspace: 6297K(6464K)->6297K(6464K) NonClass: 5764K(5824K)->5764K(5824K) Class: 533K(640K)->533K(640K)
[4.503s][info][gc             ] GC(104) Pause Young (Allocation Failure) 753M->753M(791M) 30.798ms
[4.503s][info][gc,cpu         ] GC(104) User=0.08s Sys=0.00s Real=0.03s
[4.503s][info][gc,start       ] GC(105) Pause Full (Ergonomics)
[4.503s][info][gc,phases,start] GC(105) Marking Phase
[4.687s][info][gc,phases      ] GC(105) Marking Phase 183.759ms
[4.687s][info][gc,phases,start] GC(105) Summary Phase
[4.687s][info][gc,phases      ] GC(105) Summary Phase 0.029ms
[4.687s][info][gc,phases,start] GC(105) Adjust Roots
[4.687s][info][gc,phases      ] GC(105) Adjust Roots 0.190ms
[4.687s][info][gc,phases,start] GC(105) Compaction Phase
[4.807s][info][gc,phases      ] GC(105) Compaction Phase 119.877ms
[4.807s][info][gc,phases,start] GC(105) Post Compact
[4.808s][info][gc,phases      ] GC(105) Post Compact 1.538ms
[4.809s][info][gc,heap        ] GC(105) PSYoungGen: 40352K(63488K)->8004K(63488K) Eden: 0K(10752K)->0K(10752K) From: 40352K(52736K)->8004K(52736K)
[4.809s][info][gc,heap        ] GC(105) ParOldGen: 731026K(746496K)->746413K(823296K)
[4.809s][info][gc,metaspace   ] GC(105) Metaspace: 6297K(6464K)->6297K(6464K) NonClass: 5764K(5824K)->5764K(5824K) Class: 533K(640K)->533K(640K)
[4.809s][info][gc             ] GC(105) Pause Full (Ergonomics) 753M->736M(866M) 305.965ms
[4.809s][info][gc,cpu         ] GC(105) User=1.27s Sys=0.02s Real=0.31s
[4.822s][info][gc,start       ] GC(106) Pause Young (Allocation Failure)
[4.869s][info][gc,heap        ] GC(106) PSYoungGen: 18756K(63488K)->17024K(66048K) Eden: 10752K(10752K)->0K(12288K) From: 8004K(52736K)->17024K(53760K)
[4.869s][info][gc,heap        ] GC(106) ParOldGen: 746413K(823296K)->748253K(823296K)
[4.869s][info][gc,metaspace   ] GC(106) Metaspace: 6297K(6464K)->6297K(6464K) NonClass: 5764K(5824K)->5764K(5824K) Class: 533K(640K)->533K(640K)
[4.869s][info][gc             ] GC(106) Pause Young (Allocation Failure) 747M->747M(868M) 47.576ms
[4.869s][info][gc,cpu         ] GC(106) User=0.12s Sys=0.00s Real=0.05s
[4.883s][info][gc,start       ] GC(107) Pause Young (Allocation Failure)
[4.901s][info][gc,heap        ] GC(107) PSYoungGen: 29312K(66048K)->29344K(41984K) Eden: 12288K(12288K)->0K(12288K) From: 17024K(53760K)->29344K(29696K)
[4.901s][info][gc,heap        ] GC(107) ParOldGen: 748253K(823296K)->748253K(823296K)
[4.901s][info][gc,metaspace   ] GC(107) Metaspace: 6297K(6464K)->6297K(6464K) NonClass: 5764K(5824K)->5764K(5824K) Class: 533K(640K)->533K(640K)
[4.901s][info][gc             ] GC(107) Pause Young (Allocation Failure) 759M->759M(845M) 18.054ms
[4.901s][info][gc,cpu         ] GC(107) User=0.02s Sys=0.00s Real=0.02s
[4.915s][info][gc,start       ] GC(108) Pause Young (Allocation Failure)
[4.937s][info][gc,heap        ] GC(108) PSYoungGen: 41632K(41984K)->37120K(65024K) Eden: 12288K(12288K)->0K(12800K) From: 29344K(29696K)->37120K(52224K)
[4.937s][info][gc,heap        ] GC(108) ParOldGen: 748253K(823296K)->752877K(823296K)
[4.937s][info][gc,metaspace   ] GC(108) Metaspace: 6297K(6464K)->6297K(6464K) NonClass: 5764K(5824K)->5764K(5824K) Class: 533K(640K)->533K(640K)
[4.938s][info][gc             ] GC(108) Pause Young (Allocation Failure) 771M->771M(867M) 22.299ms
[4.938s][info][gc,cpu         ] GC(108) User=0.08s Sys=0.00s Real=0.02s
[4.950s][info][gc,start       ] GC(109) Pause Young (Allocation Failure)
[4.975s][info][gc,heap        ] GC(109) PSYoungGen: 49920K(65024K)->48192K(66048K) Eden: 12800K(12800K)->0K(12800K) From: 37120K(52224K)->48192K(53248K)
[4.975s][info][gc,heap        ] GC(109) ParOldGen: 752877K(823296K)->754605K(823296K)
[4.975s][info][gc,metaspace   ] GC(109) Metaspace: 6297K(6464K)->6297K(6464K) NonClass: 5764K(5824K)->5764K(5824K) Class: 533K(640K)->533K(640K)
[4.975s][info][gc             ] GC(109) Pause Young (Allocation Failure) 783M->783M(868M) 25.317ms
[4.975s][info][gc,cpu         ] GC(109) User=0.09s Sys=0.00s Real=0.03s
[4.988s][info][gc,start       ] GC(110) Pause Young (Allocation Failure)
[5.020s][info][gc,heap        ] GC(110) PSYoungGen: 60992K(66048K)->50240K(67584K) Eden: 12800K(12800K)->0K(9728K) From: 48192K(53248K)->50240K(57856K)
[5.020s][info][gc,heap        ] GC(110) ParOldGen: 754605K(823296K)->765525K(823296K)
[5.020s][info][gc,metaspace   ] GC(110) Metaspace: 6297K(6464K)->6297K(6464K) NonClass: 5764K(5824K)->5764K(5824K) Class: 533K(640K)->533K(640K)
[5.020s][info][gc             ] GC(110) Pause Young (Allocation Failure) 796M->796M(870M) 32.507ms
[5.020s][info][gc,cpu         ] GC(110) User=0.08s Sys=0.02s Real=0.03s
[5.031s][info][gc,start       ] GC(111) Pause Young (Allocation Failure)
[5.063s][info][gc,heap        ] GC(111) PSYoungGen: 59968K(67584K)->35360K(45568K) Eden: 9728K(9728K)->0K(9728K) From: 50240K(57856K)->35360K(35840K)
[5.063s][info][gc,heap        ] GC(111) ParOldGen: 765525K(823296K)->790429K(823296K)
[5.063s][info][gc,metaspace   ] GC(111) Metaspace: 6297K(6464K)->6297K(6464K) NonClass: 5764K(5824K)->5764K(5824K) Class: 533K(640K)->533K(640K)
[5.063s][info][gc             ] GC(111) Pause Young (Allocation Failure) 806M->806M(848M) 31.662ms
[5.063s][info][gc,cpu         ] GC(111) User=0.08s Sys=0.00s Real=0.03s
[5.073s][info][gc,start       ] GC(112) Pause Young (Allocation Failure)
[5.098s][info][gc,heap        ] GC(112) PSYoungGen: 45088K(45568K)->19520K(70656K) Eden: 9728K(9728K)->0K(11264K) From: 35360K(35840K)->19520K(59392K)
[5.098s][info][gc,heap        ] GC(112) ParOldGen: 790429K(823296K)->816373K(823296K)
[5.098s][info][gc,metaspace   ] GC(112) Metaspace: 6297K(6464K)->6297K(6464K) NonClass: 5764K(5824K)->5764K(5824K) Class: 533K(640K)->533K(640K)
[5.098s][info][gc             ] GC(112) Pause Young (Allocation Failure) 815M->816M(873M) 24.992ms
[5.098s][info][gc,cpu         ] GC(112) User=0.09s Sys=0.00s Real=0.02s
[5.098s][info][gc,start       ] GC(113) Pause Full (Ergonomics)
[5.098s][info][gc,phases,start] GC(113) Marking Phase
[5.304s][info][gc,phases      ] GC(113) Marking Phase 206.189ms
[5.304s][info][gc,phases,start] GC(113) Summary Phase
[5.304s][info][gc,phases      ] GC(113) Summary Phase 0.020ms
[5.304s][info][gc,phases,start] GC(113) Adjust Roots
[5.304s][info][gc,phases      ] GC(113) Adjust Roots 0.181ms
[5.304s][info][gc,phases,start] GC(113) Compaction Phase
[5.383s][info][gc,phases      ] GC(113) Compaction Phase 78.540ms
[5.383s][info][gc,phases,start] GC(113) Post Compact
[5.384s][info][gc,phases      ] GC(113) Post Compact 1.301ms
[5.384s][info][gc,heap        ] GC(113) PSYoungGen: 19520K(70656K)->11729K(71168K) Eden: 0K(11264K)->0K(11776K) From: 19520K(59392K)->11729K(59392K)
[5.385s][info][gc,heap        ] GC(113) ParOldGen: 816373K(823296K)->822852K(913408K)
[5.385s][info][gc,metaspace   ] GC(113) Metaspace: 6297K(6464K)->6297K(6464K) NonClass: 5764K(5824K)->5764K(5824K) Class: 533K(640K)->533K(640K)
[5.385s][info][gc             ] GC(113) Pause Full (Ergonomics) 816M->815M(961M) 286.832ms
[5.385s][info][gc,cpu         ] GC(113) User=1.30s Sys=0.00s Real=0.29s
[5.398s][info][gc,start       ] GC(114) Pause Young (Allocation Failure)
[5.450s][info][gc,heap        ] GC(114) PSYoungGen: 23505K(71168K)->11840K(71680K) Eden: 11776K(11776K)->0K(11776K) From: 11729K(59392K)->11840K(59904K)
[5.450s][info][gc,heap        ] GC(114) ParOldGen: 822852K(913408K)->834796K(913408K)
[5.450s][info][gc,metaspace   ] GC(114) Metaspace: 6297K(6464K)->6297K(6464K) NonClass: 5764K(5824K)->5764K(5824K) Class: 533K(640K)->533K(640K)
[5.450s][info][gc             ] GC(114) Pause Young (Allocation Failure) 826M->826M(962M) 51.129ms
[5.450s][info][gc,cpu         ] GC(114) User=0.17s Sys=0.00s Real=0.05s
[5.462s][info][gc,start       ] GC(115) Pause Young (Allocation Failure)
[5.478s][info][gc,heap        ] GC(115) PSYoungGen: 23616K(71680K)->11840K(73216K) Eden: 11776K(11776K)->0K(13312K) From: 11840K(59904K)->11840K(59904K)
[5.478s][info][gc,heap        ] GC(115) ParOldGen: 834796K(913408K)->846748K(913408K)
[5.478s][info][gc,metaspace   ] GC(115) Metaspace: 6297K(6464K)->6297K(6464K) NonClass: 5764K(5824K)->5764K(5824K) Class: 533K(640K)->533K(640K)
[5.478s][info][gc             ] GC(115) Pause Young (Allocation Failure) 838M->838M(963M) 15.949ms
[5.478s][info][gc,cpu         ] GC(115) User=0.02s Sys=0.00s Real=0.02s
[5.492s][info][gc,start       ] GC(116) Pause Young (Allocation Failure)
[5.508s][info][gc,heap        ] GC(116) PSYoungGen: 25152K(73216K)->13376K(73728K) Eden: 13312K(13312K)->0K(13312K) From: 11840K(59904K)->13376K(60416K)
[5.508s][info][gc,heap        ] GC(116) ParOldGen: 846748K(913408K)->858692K(913408K)
[5.508s][info][gc,metaspace   ] GC(116) Metaspace: 6297K(6464K)->6297K(6464K) NonClass: 5764K(5824K)->5764K(5824K) Class: 533K(640K)->533K(640K)
[5.508s][info][gc             ] GC(116) Pause Young (Allocation Failure) 851M->851M(964M) 16.226ms
[5.508s][info][gc,cpu         ] GC(116) User=0.02s Sys=0.00s Real=0.02s
[5.523s][info][gc,start       ] GC(117) Pause Young (Allocation Failure)
[5.540s][info][gc,heap        ] GC(117) PSYoungGen: 26688K(73728K)->13376K(73216K) Eden: 13312K(13312K)->0K(15360K) From: 13376K(60416K)->13376K(57856K)
[5.541s][info][gc,heap        ] GC(117) ParOldGen: 858692K(913408K)->872204K(913408K)
[5.541s][info][gc,metaspace   ] GC(117) Metaspace: 6297K(6464K)->6297K(6464K) NonClass: 5764K(5824K)->5764K(5824K) Class: 533K(640K)->533K(640K)
[5.541s][info][gc             ] GC(117) Pause Young (Allocation Failure) 864M->864M(963M) 17.525ms
[5.541s][info][gc,cpu         ] GC(117) User=0.08s Sys=0.00s Real=0.02s
[5.556s][info][gc,start       ] GC(118) Pause Young (Allocation Failure)
[5.575s][info][gc,heap        ] GC(118) PSYoungGen: 28736K(73216K)->15456K(74240K) Eden: 15360K(15360K)->0K(15360K) From: 13376K(57856K)->15456K(58880K)
[5.575s][info][gc,heap        ] GC(118) ParOldGen: 872204K(913408K)->885700K(913408K)
[5.575s][info][gc,metaspace   ] GC(118) Metaspace: 6297K(6464K)->6297K(6464K) NonClass: 5764K(5824K)->5764K(5824K) Class: 533K(640K)->533K(640K)
[5.575s][info][gc             ] GC(118) Pause Young (Allocation Failure) 879M->880M(964M) 18.898ms
[5.575s][info][gc,cpu         ] GC(118) User=0.02s Sys=0.02s Real=0.02s
[5.592s][info][gc,start       ] GC(119) Pause Young (Allocation Failure)
[5.612s][info][gc,heap        ] GC(119) PSYoungGen: 30816K(74240K)->15424K(71168K) Eden: 15360K(15360K)->0K(17408K) From: 15456K(58880K)->15424K(53760K)
[5.612s][info][gc,heap        ] GC(119) ParOldGen: 885700K(913408K)->901292K(913408K)
[5.612s][info][gc,metaspace   ] GC(119) Metaspace: 6297K(6464K)->6297K(6464K) NonClass: 5764K(5824K)->5764K(5824K) Class: 533K(640K)->533K(640K)
[5.612s][info][gc             ] GC(119) Pause Young (Allocation Failure) 895M->895M(961M) 19.765ms
[5.612s][info][gc,cpu         ] GC(119) User=0.06s Sys=0.02s Real=0.02s
[5.612s][info][gc,start       ] GC(120) Pause Full (Ergonomics)
[5.612s][info][gc,phases,start] GC(120) Marking Phase
[5.815s][info][gc,phases      ] GC(120) Marking Phase 202.962ms
[5.815s][info][gc,phases,start] GC(120) Summary Phase
[5.815s][info][gc,phases      ] GC(120) Summary Phase 0.032ms
[5.815s][info][gc,phases,start] GC(120) Adjust Roots
[5.815s][info][gc,phases      ] GC(120) Adjust Roots 0.187ms
[5.815s][info][gc,phases,start] GC(120) Compaction Phase
[5.903s][info][gc,phases      ] GC(120) Compaction Phase 87.193ms
[5.903s][info][gc,phases,start] GC(120) Post Compact
[5.904s][info][gc,phases      ] GC(120) Post Compact 1.393ms
[5.904s][info][gc,heap        ] GC(120) PSYoungGen: 15424K(71168K)->2043K(72704K) Eden: 0K(17408K)->0K(18944K) From: 15424K(53760K)->2043K(53760K)
[5.904s][info][gc,heap        ] GC(120) ParOldGen: 901292K(913408K)->913253K(1006080K)
[5.904s][info][gc,metaspace   ] GC(120) Metaspace: 6297K(6464K)->6297K(6464K) NonClass: 5764K(5824K)->5764K(5824K) Class: 533K(640K)->533K(640K)
[5.904s][info][gc             ] GC(120) Pause Full (Ergonomics) 895M->893M(1053M) 292.467ms
[5.905s][info][gc,cpu         ] GC(120) User=1.27s Sys=0.02s Real=0.29s
[5.925s][info][gc,start       ] GC(121) Pause Young (Allocation Failure)
[5.982s][info][gc,heap        ] GC(121) PSYoungGen: 20987K(72704K)->19008K(38400K) Eden: 18944K(18944K)->0K(18944K) From: 2043K(53760K)->19008K(19456K)
[5.982s][info][gc,heap        ] GC(121) ParOldGen: 913253K(1006080K)->915349K(1006080K)
[5.982s][info][gc,metaspace   ] GC(121) Metaspace: 6297K(6464K)->6297K(6464K) NonClass: 5764K(5824K)->5764K(5824K) Class: 533K(640K)->533K(640K)
[5.982s][info][gc             ] GC(121) Pause Young (Allocation Failure) 912M->912M(1020M) 56.517ms
[5.982s][info][gc,cpu         ] GC(121) User=0.23s Sys=0.00s Real=0.06s
[6.002s][info][gc,start       ] GC(122) Pause Young (Allocation Failure)
[6.025s][info][gc,heap        ] GC(122) PSYoungGen: 37952K(38400K)->37984K(71168K) Eden: 18944K(18944K)->0K(18432K) From: 19008K(19456K)->37984K(52736K)
[6.025s][info][gc,heap        ] GC(122) ParOldGen: 915349K(1006080K)->915349K(1006080K)
[6.025s][info][gc,metaspace   ] GC(122) Metaspace: 6297K(6464K)->6297K(6464K) NonClass: 5764K(5824K)->5764K(5824K) Class: 533K(640K)->533K(640K)
[6.025s][info][gc             ] GC(122) Pause Young (Allocation Failure) 930M->930M(1052M) 22.264ms
[6.025s][info][gc,cpu         ] GC(122) User=0.16s Sys=0.00s Real=0.02s
[6.044s][info][gc,start       ] GC(123) Pause Young (Allocation Failure)
[6.074s][info][gc,heap        ] GC(123) PSYoungGen: 56416K(71168K)->55296K(73728K) Eden: 18432K(18432K)->0K(18432K) From: 37984K(52736K)->55296K(55296K)
[6.074s][info][gc,heap        ] GC(123) ParOldGen: 915349K(1006080K)->916461K(1006080K)
[6.074s][info][gc,metaspace   ] GC(123) Metaspace: 6297K(6464K)->6297K(6464K) NonClass: 5764K(5824K)->5764K(5824K) Class: 533K(640K)->533K(640K)
[6.074s][info][gc             ] GC(123) Pause Young (Allocation Failure) 948M->948M(1054M) 29.972ms
[6.074s][info][gc,cpu         ] GC(123) User=0.09s Sys=0.00s Real=0.03s
[6.095s][info][gc,start       ] GC(124) Pause Young (Allocation Failure)
[6.135s][info][gc,heap        ] GC(124) PSYoungGen: 73728K(73728K)->36608K(84480K) Eden: 18432K(18432K)->0K(20480K) From: 55296K(55296K)->36608K(64000K)
[6.135s][info][gc,heap        ] GC(124) ParOldGen: 916461K(1006080K)->954125K(1006080K)
[6.135s][info][gc,metaspace   ] GC(124) Metaspace: 6297K(6464K)->6297K(6464K) NonClass: 5764K(5824K)->5764K(5824K) Class: 533K(640K)->533K(640K)
[6.135s][info][gc             ] GC(124) Pause Young (Allocation Failure) 966M->967M(1065M) 39.579ms
[6.135s][info][gc,cpu         ] GC(124) User=0.16s Sys=0.00s Real=0.04s
[6.157s][info][gc,start       ] GC(125) Pause Young (Allocation Failure)
[6.190s][info][gc,heap        ] GC(125) PSYoungGen: 57088K(84480K)->39008K(84480K) Eden: 20480K(20480K)->0K(20480K) From: 36608K(64000K)->39008K(64000K)
[6.190s][info][gc,heap        ] GC(125) ParOldGen: 954125K(1006080K)->972461K(1006080K)
[6.190s][info][gc,metaspace   ] GC(125) Metaspace: 6297K(6464K)->6297K(6464K) NonClass: 5764K(5824K)->5764K(5824K) Class: 533K(640K)->533K(640K)
[6.190s][info][gc             ] GC(125) Pause Young (Allocation Failure) 987M->987M(1065M) 33.121ms
[6.190s][info][gc,cpu         ] GC(125) User=0.09s Sys=0.02s Real=0.03s
[6.190s][info][gc,start       ] GC(126) Pause Full (Ergonomics)
[6.190s][info][gc,phases,start] GC(126) Marking Phase
[6.439s][info][gc,phases      ] GC(126) Marking Phase 248.161ms
[6.439s][info][gc,phases,start] GC(126) Summary Phase
[6.439s][info][gc,phases      ] GC(126) Summary Phase 0.023ms
[6.439s][info][gc,phases,start] GC(126) Adjust Roots
[6.439s][info][gc,phases      ] GC(126) Adjust Roots 0.184ms
[6.439s][info][gc,phases,start] GC(126) Compaction Phase
[6.524s][info][gc,phases      ] GC(126) Compaction Phase 84.583ms
[6.524s][info][gc,phases,start] GC(126) Post Compact
[6.525s][info][gc,phases      ] GC(126) Post Compact 1.847ms
[6.526s][info][gc,heap        ] GC(126) PSYoungGen: 39008K(84480K)->4614K(84480K) Eden: 0K(20480K)->0K(20480K) From: 39008K(64000K)->4614K(64000K)
[6.526s][info][gc,heap        ] GC(126) ParOldGen: 972461K(1006080K)->1005757K(1024000K)
[6.526s][info][gc,metaspace   ] GC(126) Metaspace: 6297K(6464K)->6297K(6464K) NonClass: 5764K(5824K)->5764K(5824K) Class: 533K(640K)->533K(640K)
[6.526s][info][gc             ] GC(126) Pause Full (Ergonomics) 987M->986M(1082M) 335.191ms
[6.526s][info][gc,cpu         ] GC(126) User=1.56s Sys=0.06s Real=0.34s
[6.548s][info][gc,start       ] GC(127) Pause Full (Ergonomics)
[6.548s][info][gc,phases,start] GC(127) Marking Phase
[6.801s][info][gc,phases      ] GC(127) Marking Phase 253.362ms
[6.801s][info][gc,phases,start] GC(127) Summary Phase
[6.801s][info][gc,phases      ] GC(127) Summary Phase 0.024ms
[6.801s][info][gc,phases,start] GC(127) Adjust Roots
[6.801s][info][gc,phases      ] GC(127) Adjust Roots 0.185ms
[6.801s][info][gc,phases,start] GC(127) Compaction Phase
[6.874s][info][gc,phases      ] GC(127) Compaction Phase 73.195ms
[6.875s][info][gc,phases,start] GC(127) Post Compact
[6.876s][info][gc,phases      ] GC(127) Post Compact 1.644ms
[6.876s][info][gc,heap        ] GC(127) PSYoungGen: 25094K(84480K)->7169K(84992K) Eden: 20480K(20480K)->7169K(20480K) From: 4614K(64000K)->0K(64512K)
[6.876s][info][gc,heap        ] GC(127) ParOldGen: 1005757K(1024000K)->1023649K(1024000K)
[6.876s][info][gc,metaspace   ] GC(127) Metaspace: 6297K(6464K)->6297K(6464K) NonClass: 5764K(5824K)->5764K(5824K) Class: 533K(640K)->533K(640K)
[6.876s][info][gc             ] GC(127) Pause Full (Ergonomics) 1006M->1006M(1083M) 328.743ms
[6.876s][info][gc,cpu         ] GC(127) User=1.55s Sys=0.00s Real=0.33s
[6.891s][info][gc,start       ] GC(128) Pause Full (Ergonomics)
[6.891s][info][gc,phases,start] GC(128) Marking Phase
[7.144s][info][gc,phases      ] GC(128) Marking Phase 253.268ms
[7.144s][info][gc,phases,start] GC(128) Summary Phase
[7.144s][info][gc,phases      ] GC(128) Summary Phase 0.023ms
[7.144s][info][gc,phases,start] GC(128) Adjust Roots
[7.144s][info][gc,phases      ] GC(128) Adjust Roots 0.183ms
[7.144s][info][gc,phases,start] GC(128) Compaction Phase
[7.216s][info][gc,phases      ] GC(128) Compaction Phase 72.212ms
[7.216s][info][gc,phases,start] GC(128) Post Compact
[7.218s][info][gc,phases      ] GC(128) Post Compact 1.471ms
[7.218s][info][gc,heap        ] GC(128) PSYoungGen: 20480K(84992K)->20458K(84480K) Eden: 20480K(20480K)->20458K(20480K) From: 0K(64512K)->0K(64000K)
[7.218s][info][gc,heap        ] GC(128) ParOldGen: 1023649K(1024000K)->1023649K(1024000K)
[7.218s][info][gc,metaspace   ] GC(128) Metaspace: 6297K(6464K)->6297K(6464K) NonClass: 5764K(5824K)->5764K(5824K) Class: 533K(640K)->533K(640K)
[7.218s][info][gc             ] GC(128) Pause Full (Ergonomics) 1019M->1019M(1082M) 327.483ms
[7.218s][info][gc,cpu         ] GC(128) User=1.52s Sys=0.02s Real=0.33s
[7.218s][info][gc,start       ] GC(129) Pause Full (Ergonomics)
[7.218s][info][gc,phases,start] GC(129) Marking Phase
[7.476s][info][gc,phases      ] GC(129) Marking Phase 257.439ms
[7.476s][info][gc,phases,start] GC(129) Summary Phase
[7.476s][info][gc,phases      ] GC(129) Summary Phase 0.023ms
[7.476s][info][gc,phases,start] GC(129) Adjust Roots
[7.476s][info][gc,phases      ] GC(129) Adjust Roots 0.173ms
[7.476s][info][gc,phases,start] GC(129) Compaction Phase
[7.548s][info][gc,phases      ] GC(129) Compaction Phase 72.409ms
[7.549s][info][gc,phases,start] GC(129) Post Compact
[7.550s][info][gc,phases      ] GC(129) Post Compact 1.466ms
[7.550s][info][gc,heap        ] GC(129) PSYoungGen: 20480K(84480K)->20479K(84992K) Eden: 20480K(20480K)->20479K(20480K) From: 0K(64000K)->0K(64512K)
[7.550s][info][gc,heap        ] GC(129) ParOldGen: 1023649K(1024000K)->1023649K(1024000K)
[7.550s][info][gc,metaspace   ] GC(129) Metaspace: 6297K(6464K)->6297K(6464K) NonClass: 5764K(5824K)->5764K(5824K) Class: 533K(640K)->533K(640K)
[7.550s][info][gc             ] GC(129) Pause Full (Ergonomics) 1019M->1019M(1083M) 331.831ms
[7.550s][info][gc,cpu         ] GC(129) User=1.61s Sys=0.00s Real=0.33s
[7.550s][info][gc,start       ] GC(130) Pause Full (Ergonomics)
[7.550s][info][gc,phases,start] GC(130) Marking Phase
[7.806s][info][gc,phases      ] GC(130) Marking Phase 255.785ms
[7.806s][info][gc,phases,start] GC(130) Summary Phase
[7.806s][info][gc,phases      ] GC(130) Summary Phase 0.023ms
[7.806s][info][gc,phases,start] GC(130) Adjust Roots
[7.806s][info][gc,phases      ] GC(130) Adjust Roots 0.183ms
[7.806s][info][gc,phases,start] GC(130) Compaction Phase
[7.873s][info][gc,phases      ] GC(130) Compaction Phase 66.708ms
[7.873s][info][gc,phases,start] GC(130) Post Compact
[7.875s][info][gc,phases      ] GC(130) Post Compact 1.503ms
[7.875s][info][gc,heap        ] GC(130) PSYoungGen: 20479K(84992K)->20479K(84480K) Eden: 20479K(20480K)->20479K(20480K) From: 0K(64512K)->0K(64000K)
[7.875s][info][gc,heap        ] GC(130) ParOldGen: 1023649K(1024000K)->1023649K(1024000K)
[7.875s][info][gc,metaspace   ] GC(130) Metaspace: 6297K(6464K)->6297K(6464K) NonClass: 5764K(5824K)->5764K(5824K) Class: 533K(640K)->533K(640K)
[7.875s][info][gc             ] GC(130) Pause Full (Ergonomics) 1019M->1019M(1082M) 324.505ms
[7.875s][info][gc,cpu         ] GC(130) User=1.47s Sys=0.02s Real=0.33s
[7.875s][info][gc,start       ] GC(131) Pause Full (Ergonomics)
[7.875s][info][gc,phases,start] GC(131) Marking Phase
[8.127s][info][gc,phases      ] GC(131) Marking Phase 252.343ms
[8.128s][info][gc,phases,start] GC(131) Summary Phase
[8.128s][info][gc,phases      ] GC(131) Summary Phase 0.024ms
[8.128s][info][gc,phases,start] GC(131) Adjust Roots
[8.128s][info][gc,phases      ] GC(131) Adjust Roots 0.182ms
[8.128s][info][gc,phases,start] GC(131) Compaction Phase
[8.194s][info][gc,phases      ] GC(131) Compaction Phase 66.111ms
[8.194s][info][gc,phases,start] GC(131) Post Compact
[8.195s][info][gc,phases      ] GC(131) Post Compact 1.476ms
[8.195s][info][gc,heap        ] GC(131) PSYoungGen: 20480K(84480K)->20480K(84992K) Eden: 20480K(20480K)->20480K(20480K) From: 0K(64000K)->0K(64512K)
[8.195s][info][gc,heap        ] GC(131) ParOldGen: 1023654K(1024000K)->1023654K(1024000K)
[8.195s][info][gc,metaspace   ] GC(131) Metaspace: 6297K(6464K)->6297K(6464K) NonClass: 5764K(5824K)->5764K(5824K) Class: 533K(640K)->533K(640K)
[8.195s][info][gc             ] GC(131) Pause Full (Ergonomics) 1019M->1019M(1083M) 320.421ms
[8.196s][info][gc,cpu         ] GC(131) User=1.52s Sys=0.00s Real=0.32s
[8.196s][info][gc,start       ] GC(132) Pause Full (Ergonomics)
[8.196s][info][gc,phases,start] GC(132) Marking Phase
[8.458s][info][gc,phases      ] GC(132) Marking Phase 262.704ms
[8.459s][info][gc,phases,start] GC(132) Summary Phase
[8.459s][info][gc,phases      ] GC(132) Summary Phase 0.022ms
[8.459s][info][gc,phases,start] GC(132) Adjust Roots
[8.459s][info][gc,phases      ] GC(132) Adjust Roots 0.174ms
[8.459s][info][gc,phases,start] GC(132) Compaction Phase
[8.531s][info][gc,phases      ] GC(132) Compaction Phase 71.934ms
[8.531s][info][gc,phases,start] GC(132) Post Compact
[8.532s][info][gc,phases      ] GC(132) Post Compact 1.564ms
[8.532s][info][gc,heap        ] GC(132) PSYoungGen: 20480K(84992K)->20480K(84480K) Eden: 20480K(20480K)->20480K(20480K) From: 0K(64512K)->0K(64000K)
[8.532s][info][gc,heap        ] GC(132) ParOldGen: 1023659K(1024000K)->1023659K(1024000K)
[8.532s][info][gc,metaspace   ] GC(132) Metaspace: 6297K(6464K)->6297K(6464K) NonClass: 5764K(5824K)->5764K(5824K) Class: 533K(640K)->533K(640K)
[8.532s][info][gc             ] GC(132) Pause Full (Ergonomics) 1019M->1019M(1082M) 336.697ms
[8.532s][info][gc,cpu         ] GC(132) User=1.55s Sys=0.02s Real=0.34s
[8.533s][info][gc,start       ] GC(133) Pause Full (Ergonomics)
[8.533s][info][gc,phases,start] GC(133) Marking Phase
[8.786s][info][gc,phases      ] GC(133) Marking Phase 253.494ms
[8.786s][info][gc,phases,start] GC(133) Summary Phase
[8.786s][info][gc,phases      ] GC(133) Summary Phase 0.023ms
[8.786s][info][gc,phases,start] GC(133) Adjust Roots
[8.786s][info][gc,phases      ] GC(133) Adjust Roots 0.183ms
[8.787s][info][gc,phases,start] GC(133) Compaction Phase
[8.859s][info][gc,phases      ] GC(133) Compaction Phase 72.458ms
[8.859s][info][gc,phases,start] GC(133) Post Compact
[8.861s][info][gc,phases      ] GC(133) Post Compact 1.542ms
[8.861s][info][gc,heap        ] GC(133) PSYoungGen: 20480K(84480K)->20480K(84992K) Eden: 20480K(20480K)->20480K(20480K) From: 0K(64000K)->0K(64512K)
[8.861s][info][gc,heap        ] GC(133) ParOldGen: 1023663K(1024000K)->1023663K(1024000K)
[8.861s][info][gc,metaspace   ] GC(133) Metaspace: 6297K(6464K)->6297K(6464K) NonClass: 5764K(5824K)->5764K(5824K) Class: 533K(640K)->533K(640K)
[8.861s][info][gc             ] GC(133) Pause Full (Ergonomics) 1019M->1019M(1083M) 328.008ms
[8.861s][info][gc,cpu         ] GC(133) User=1.58s Sys=0.00s Real=0.33s
[8.861s][info][gc,start       ] GC(134) Pause Full (Ergonomics)
[8.861s][info][gc,phases,start] GC(134) Marking Phase
[9.135s][info][gc,phases      ] GC(134) Marking Phase 274.223ms
[9.135s][info][gc,phases,start] GC(134) Summary Phase
[9.135s][info][gc,phases      ] GC(134) Summary Phase 0.023ms
[9.135s][info][gc,phases,start] GC(134) Adjust Roots
[9.136s][info][gc,phases      ] GC(134) Adjust Roots 0.194ms
[9.136s][info][gc,phases,start] GC(134) Compaction Phase
[9.202s][info][gc,phases      ] GC(134) Compaction Phase 66.411ms
[9.202s][info][gc,phases,start] GC(134) Post Compact
[9.203s][info][gc,phases      ] GC(134) Post Compact 1.467ms
[9.204s][info][gc,heap        ] GC(134) PSYoungGen: 20480K(84992K)->20480K(84480K) Eden: 20480K(20480K)->20480K(20480K) From: 0K(64512K)->0K(64000K)
[9.204s][info][gc,heap        ] GC(134) ParOldGen: 1023668K(1024000K)->1023668K(1024000K)
[9.204s][info][gc,metaspace   ] GC(134) Metaspace: 6297K(6464K)->6297K(6464K) NonClass: 5764K(5824K)->5764K(5824K) Class: 533K(640K)->533K(640K)
[9.204s][info][gc             ] GC(134) Pause Full (Ergonomics) 1019M->1019M(1082M) 342.646ms
[9.204s][info][gc,cpu         ] GC(134) User=1.64s Sys=0.02s Real=0.34s
[9.204s][info][gc,start       ] GC(135) Pause Full (Ergonomics)
[9.204s][info][gc,phases,start] GC(135) Marking Phase
[9.445s][info][gc,phases      ] GC(135) Marking Phase 240.746ms
[9.445s][info][gc,phases,start] GC(135) Summary Phase
[9.445s][info][gc,phases      ] GC(135) Summary Phase 0.024ms
[9.445s][info][gc,phases,start] GC(135) Adjust Roots
[9.445s][info][gc,phases      ] GC(135) Adjust Roots 0.196ms
[9.445s][info][gc,phases,start] GC(135) Compaction Phase
[9.521s][info][gc,phases      ] GC(135) Compaction Phase 76.314ms
[9.521s][info][gc,phases,start] GC(135) Post Compact
[9.523s][info][gc,phases      ] GC(135) Post Compact 1.600ms
[9.523s][info][gc,heap        ] GC(135) PSYoungGen: 20480K(84480K)->20480K(84992K) Eden: 20480K(20480K)->20480K(20480K) From: 0K(64000K)->0K(64512K)
[9.523s][info][gc,heap        ] GC(135) ParOldGen: 1023673K(1024000K)->1023673K(1024000K)
[9.523s][info][gc,metaspace   ] GC(135) Metaspace: 6297K(6464K)->6297K(6464K) NonClass: 5764K(5824K)->5764K(5824K) Class: 533K(640K)->533K(640K)
[9.523s][info][gc             ] GC(135) Pause Full (Ergonomics) 1019M->1019M(1083M) 319.190ms
[9.523s][info][gc,cpu         ] GC(135) User=1.48s Sys=0.02s Real=0.32s
[9.523s][info][gc,start       ] GC(136) Pause Full (Ergonomics)
[9.523s][info][gc,phases,start] GC(136) Marking Phase
[9.785s][info][gc,phases      ] GC(136) Marking Phase 261.537ms
[9.785s][info][gc,phases,start] GC(136) Summary Phase
[9.785s][info][gc,phases      ] GC(136) Summary Phase 0.023ms
[9.785s][info][gc,phases,start] GC(136) Adjust Roots
[9.785s][info][gc,phases      ] GC(136) Adjust Roots 0.174ms
[9.785s][info][gc,phases,start] GC(136) Compaction Phase
[9.852s][info][gc,phases      ] GC(136) Compaction Phase 66.835ms
[9.852s][info][gc,phases,start] GC(136) Post Compact
[9.854s][info][gc,phases      ] GC(136) Post Compact 1.556ms
[9.854s][info][gc,heap        ] GC(136) PSYoungGen: 20480K(84992K)->20480K(84480K) Eden: 20480K(20480K)->20480K(20480K) From: 0K(64512K)->0K(64000K)
[9.854s][info][gc,heap        ] GC(136) ParOldGen: 1023677K(1024000K)->1023677K(1024000K)
[9.854s][info][gc,metaspace   ] GC(136) Metaspace: 6297K(6464K)->6297K(6464K) NonClass: 5764K(5824K)->5764K(5824K) Class: 533K(640K)->533K(640K)
[9.854s][info][gc             ] GC(136) Pause Full (Ergonomics) 1019M->1019M(1082M) 330.450ms
[9.854s][info][gc,cpu         ] GC(136) User=1.56s Sys=0.00s Real=0.33s
[9.854s][info][gc,start       ] GC(137) Pause Full (Ergonomics)
[9.854s][info][gc,phases,start] GC(137) Marking Phase
[10.124s][info][gc,phases      ] GC(137) Marking Phase 269.486ms
[10.124s][info][gc,phases,start] GC(137) Summary Phase
[10.124s][info][gc,phases      ] GC(137) Summary Phase 0.025ms
[10.124s][info][gc,phases,start] GC(137) Adjust Roots
[10.124s][info][gc,phases      ] GC(137) Adjust Roots 0.187ms
[10.124s][info][gc,phases,start] GC(137) Compaction Phase
[10.190s][info][gc,phases      ] GC(137) Compaction Phase 66.130ms
[10.190s][info][gc,phases,start] GC(137) Post Compact
[10.192s][info][gc,phases      ] GC(137) Post Compact 1.500ms
[10.192s][info][gc,heap        ] GC(137) PSYoungGen: 20480K(84480K)->20480K(84992K) Eden: 20480K(20480K)->20480K(20480K) From: 0K(64000K)->0K(64512K)
[10.192s][info][gc,heap        ] GC(137) ParOldGen: 1023682K(1024000K)->1023682K(1024000K)
[10.192s][info][gc,metaspace   ] GC(137) Metaspace: 6297K(6464K)->6297K(6464K) NonClass: 5764K(5824K)->5764K(5824K) Class: 533K(640K)->533K(640K)
[10.192s][info][gc             ] GC(137) Pause Full (Ergonomics) 1019M->1019M(1083M) 337.621ms
[10.192s][info][gc,cpu         ] GC(137) User=1.55s Sys=0.00s Real=0.34s
[10.192s][info][gc,start       ] GC(138) Pause Full (Ergonomics)
[10.192s][info][gc,phases,start] GC(138) Marking Phase
[10.458s][info][gc,phases      ] GC(138) Marking Phase 265.892ms
[10.458s][info][gc,phases,start] GC(138) Summary Phase
[10.458s][info][gc,phases      ] GC(138) Summary Phase 0.023ms
[10.458s][info][gc,phases,start] GC(138) Adjust Roots
[10.458s][info][gc,phases      ] GC(138) Adjust Roots 0.193ms
[10.458s][info][gc,phases,start] GC(138) Compaction Phase
[10.525s][info][gc,phases      ] GC(138) Compaction Phase 66.364ms
[10.525s][info][gc,phases,start] GC(138) Post Compact
[10.526s][info][gc,phases      ] GC(138) Post Compact 1.455ms
[10.526s][info][gc,heap        ] GC(138) PSYoungGen: 20480K(84992K)->20480K(84480K) Eden: 20480K(20480K)->20480K(20480K) From: 0K(64512K)->0K(64000K)
[10.526s][info][gc,heap        ] GC(138) ParOldGen: 1023687K(1024000K)->1023687K(1024000K)
[10.526s][info][gc,metaspace   ] GC(138) Metaspace: 6297K(6464K)->6297K(6464K) NonClass: 5764K(5824K)->5764K(5824K) Class: 533K(640K)->533K(640K)
[10.526s][info][gc             ] GC(138) Pause Full (Ergonomics) 1019M->1019M(1082M) 334.223ms
[10.526s][info][gc,cpu         ] GC(138) User=1.58s Sys=0.00s Real=0.34s
[10.526s][info][gc,start       ] GC(139) Pause Full (Ergonomics)
[10.526s][info][gc,phases,start] GC(139) Marking Phase
[10.774s][info][gc,phases      ] GC(139) Marking Phase 247.986ms
[10.775s][info][gc,phases,start] GC(139) Summary Phase
[10.775s][info][gc,phases      ] GC(139) Summary Phase 0.023ms
[10.775s][info][gc,phases,start] GC(139) Adjust Roots
[10.775s][info][gc,phases      ] GC(139) Adjust Roots 0.180ms
[10.775s][info][gc,phases,start] GC(139) Compaction Phase
[10.841s][info][gc,phases      ] GC(139) Compaction Phase 66.314ms
[10.841s][info][gc,phases,start] GC(139) Post Compact
[10.843s][info][gc,phases      ] GC(139) Post Compact 1.480ms
[10.843s][info][gc,heap        ] GC(139) PSYoungGen: 20480K(84480K)->20480K(84992K) Eden: 20480K(20480K)->20480K(20480K) From: 0K(64000K)->0K(64512K)
[10.843s][info][gc,heap        ] GC(139) ParOldGen: 1023691K(1024000K)->1023691K(1024000K)
[10.843s][info][gc,metaspace   ] GC(139) Metaspace: 6297K(6464K)->6297K(6464K) NonClass: 5764K(5824K)->5764K(5824K) Class: 533K(640K)->533K(640K)
[10.843s][info][gc             ] GC(139) Pause Full (Ergonomics) 1019M->1019M(1083M) 316.302ms
[10.843s][info][gc,cpu         ] GC(139) User=1.44s Sys=0.03s Real=0.32s
[10.843s][info][gc,start       ] GC(140) Pause Full (Ergonomics)
[10.843s][info][gc,phases,start] GC(140) Marking Phase
[11.120s][info][gc,phases      ] GC(140) Marking Phase 276.704ms
[11.120s][info][gc,phases,start] GC(140) Summary Phase
[11.120s][info][gc,phases      ] GC(140) Summary Phase 0.024ms
[11.120s][info][gc,phases,start] GC(140) Adjust Roots
[11.120s][info][gc,phases      ] GC(140) Adjust Roots 0.195ms
[11.120s][info][gc,phases,start] GC(140) Compaction Phase
[11.189s][info][gc,phases      ] GC(140) Compaction Phase 68.545ms
[11.189s][info][gc,phases,start] GC(140) Post Compact
[11.191s][info][gc,phases      ] GC(140) Post Compact 1.813ms
[11.191s][info][gc,heap        ] GC(140) PSYoungGen: 20480K(84992K)->20480K(84480K) Eden: 20480K(20480K)->20480K(20480K) From: 0K(64512K)->0K(64000K)
[11.191s][info][gc,heap        ] GC(140) ParOldGen: 1023696K(1024000K)->1023696K(1024000K)
[11.191s][info][gc,metaspace   ] GC(140) Metaspace: 6297K(6464K)->6297K(6464K) NonClass: 5764K(5824K)->5764K(5824K) Class: 533K(640K)->533K(640K)
[11.191s][info][gc             ] GC(140) Pause Full (Ergonomics) 1019M->1019M(1082M) 347.660ms
[11.191s][info][gc,cpu         ] GC(140) User=1.59s Sys=0.02s Real=0.35s
[11.191s][info][gc,start       ] GC(141) Pause Full (Ergonomics)
[11.191s][info][gc,phases,start] GC(141) Marking Phase
[11.422s][info][gc,phases      ] GC(141) Marking Phase 231.224ms
[11.422s][info][gc,phases,start] GC(141) Summary Phase
[11.422s][info][gc,phases      ] GC(141) Summary Phase 0.024ms
[11.422s][info][gc,phases,start] GC(141) Adjust Roots
[11.422s][info][gc,phases      ] GC(141) Adjust Roots 0.199ms
[11.422s][info][gc,phases,start] GC(141) Compaction Phase
[11.500s][info][gc,phases      ] GC(141) Compaction Phase 77.572ms
[11.500s][info][gc,phases,start] GC(141) Post Compact
[11.502s][info][gc,phases      ] GC(141) Post Compact 1.894ms
[11.502s][info][gc,heap        ] GC(141) PSYoungGen: 20480K(84480K)->20480K(84992K) Eden: 20480K(20480K)->20480K(20480K) From: 0K(64000K)->0K(64512K)
[11.502s][info][gc,heap        ] GC(141) ParOldGen: 1023701K(1024000K)->1023701K(1024000K)
[11.502s][info][gc,metaspace   ] GC(141) Metaspace: 6297K(6464K)->6297K(6464K) NonClass: 5764K(5824K)->5764K(5824K) Class: 533K(640K)->533K(640K)
[11.502s][info][gc             ] GC(141) Pause Full (Ergonomics) 1019M->1019M(1083M) 311.232ms
[11.502s][info][gc,cpu         ] GC(141) User=1.38s Sys=0.00s Real=0.31s
[11.502s][info][gc,start       ] GC(142) Pause Full (Ergonomics)
[11.502s][info][gc,phases,start] GC(142) Marking Phase
[11.756s][info][gc,phases      ] GC(142) Marking Phase 253.932ms
[11.756s][info][gc,phases,start] GC(142) Summary Phase
[11.756s][info][gc,phases      ] GC(142) Summary Phase 0.023ms
[11.756s][info][gc,phases,start] GC(142) Adjust Roots
[11.757s][info][gc,phases      ] GC(142) Adjust Roots 0.187ms
[11.757s][info][gc,phases,start] GC(142) Compaction Phase
[11.823s][info][gc,phases      ] GC(142) Compaction Phase 66.065ms
[11.823s][info][gc,phases,start] GC(142) Post Compact
[11.824s][info][gc,phases      ] GC(142) Post Compact 1.459ms
[11.824s][info][gc,heap        ] GC(142) PSYoungGen: 20480K(84992K)->20480K(84480K) Eden: 20480K(20480K)->20480K(20480K) From: 0K(64512K)->0K(64000K)
[11.824s][info][gc,heap        ] GC(142) ParOldGen: 1023705K(1024000K)->1023705K(1024000K)
[11.824s][info][gc,metaspace   ] GC(142) Metaspace: 6297K(6464K)->6297K(6464K) NonClass: 5764K(5824K)->5764K(5824K) Class: 533K(640K)->533K(640K)
[11.824s][info][gc             ] GC(142) Pause Full (Ergonomics) 1019M->1019M(1082M) 321.962ms
[11.824s][info][gc,cpu         ] GC(142) User=1.56s Sys=0.00s Real=0.32s
[11.825s][info][gc,start       ] GC(143) Pause Full (Ergonomics)
[11.825s][info][gc,phases,start] GC(143) Marking Phase
[12.107s][info][gc,phases      ] GC(143) Marking Phase 282.067ms
[12.107s][info][gc,phases,start] GC(143) Summary Phase
[12.107s][info][gc,phases      ] GC(143) Summary Phase 0.025ms
[12.107s][info][gc,phases,start] GC(143) Adjust Roots
[12.107s][info][gc,phases      ] GC(143) Adjust Roots 0.211ms
[12.107s][info][gc,phases,start] GC(143) Compaction Phase
[12.189s][info][gc,phases      ] GC(143) Compaction Phase 81.603ms
[12.189s][info][gc,phases,start] GC(143) Post Compact
[12.190s][info][gc,phases      ] GC(143) Post Compact 1.660ms
[12.191s][info][gc,heap        ] GC(143) PSYoungGen: 20480K(84480K)->20480K(84992K) Eden: 20480K(20480K)->20480K(20480K) From: 0K(64000K)->0K(64512K)
[12.191s][info][gc,heap        ] GC(143) ParOldGen: 1023710K(1024000K)->1023710K(1024000K)
[12.191s][info][gc,metaspace   ] GC(143) Metaspace: 6297K(6464K)->6297K(6464K) NonClass: 5764K(5824K)->5764K(5824K) Class: 533K(640K)->533K(640K)
[12.191s][info][gc             ] GC(143) Pause Full (Ergonomics) 1019M->1019M(1083M) 365.882ms
[12.191s][info][gc,cpu         ] GC(143) User=1.66s Sys=0.02s Real=0.37s
[12.191s][info][gc,start       ] GC(144) Pause Full (Ergonomics)
[12.191s][info][gc,phases,start] GC(144) Marking Phase
[12.472s][info][gc,phases      ] GC(144) Marking Phase 281.068ms
[12.472s][info][gc,phases,start] GC(144) Summary Phase
[12.472s][info][gc,phases      ] GC(144) Summary Phase 0.024ms
[12.472s][info][gc,phases,start] GC(144) Adjust Roots
[12.472s][info][gc,phases      ] GC(144) Adjust Roots 0.263ms
[12.472s][info][gc,phases,start] GC(144) Compaction Phase
[12.558s][info][gc,phases      ] GC(144) Compaction Phase 85.368ms
[12.558s][info][gc,phases,start] GC(144) Post Compact
[12.559s][info][gc,phases      ] GC(144) Post Compact 1.661ms
[12.559s][info][gc,heap        ] GC(144) PSYoungGen: 20480K(84992K)->20480K(84480K) Eden: 20480K(20480K)->20480K(20480K) From: 0K(64512K)->0K(64000K)
[12.559s][info][gc,heap        ] GC(144) ParOldGen: 1023715K(1024000K)->1023715K(1024000K)
[12.559s][info][gc,metaspace   ] GC(144) Metaspace: 6297K(6464K)->6297K(6464K) NonClass: 5764K(5824K)->5764K(5824K) Class: 533K(640K)->533K(640K)
[12.560s][info][gc             ] GC(144) Pause Full (Ergonomics) 1019M->1019M(1082M) 368.697ms
[12.560s][info][gc,cpu         ] GC(144) User=1.70s Sys=0.02s Real=0.37s
[12.560s][info][gc,start       ] GC(145) Pause Full (Ergonomics)
[12.560s][info][gc,phases,start] GC(145) Marking Phase
[12.814s][info][gc,phases      ] GC(145) Marking Phase 253.791ms
[12.814s][info][gc,phases,start] GC(145) Summary Phase
[12.814s][info][gc,phases      ] GC(145) Summary Phase 0.024ms
[12.814s][info][gc,phases,start] GC(145) Adjust Roots
[12.814s][info][gc,phases      ] GC(145) Adjust Roots 0.185ms
[12.814s][info][gc,phases,start] GC(145) Compaction Phase
[12.891s][info][gc,phases      ] GC(145) Compaction Phase 76.788ms
[12.891s][info][gc,phases,start] GC(145) Post Compact
[12.892s][info][gc,phases      ] GC(145) Post Compact 1.616ms
[12.892s][info][gc,heap        ] GC(145) PSYoungGen: 20480K(84480K)->20480K(84992K) Eden: 20480K(20480K)->20480K(20480K) From: 0K(64000K)->0K(64512K)
[12.892s][info][gc,heap        ] GC(145) ParOldGen: 1023719K(1024000K)->1023719K(1024000K)
[12.892s][info][gc,metaspace   ] GC(145) Metaspace: 6297K(6464K)->6297K(6464K) NonClass: 5764K(5824K)->5764K(5824K) Class: 533K(640K)->533K(640K)
[12.893s][info][gc             ] GC(145) Pause Full (Ergonomics) 1019M->1019M(1083M) 332.730ms
[12.893s][info][gc,cpu         ] GC(145) User=1.58s Sys=0.02s Real=0.33s
[12.893s][info][gc,start       ] GC(146) Pause Full (Ergonomics)
[12.893s][info][gc,phases,start] GC(146) Marking Phase
[13.151s][info][gc,phases      ] GC(146) Marking Phase 258.605ms
[13.151s][info][gc,phases,start] GC(146) Summary Phase
[13.151s][info][gc,phases      ] GC(146) Summary Phase 0.024ms
[13.151s][info][gc,phases,start] GC(146) Adjust Roots
[13.152s][info][gc,phases      ] GC(146) Adjust Roots 0.177ms
[13.152s][info][gc,phases,start] GC(146) Compaction Phase
[13.218s][info][gc,phases      ] GC(146) Compaction Phase 66.255ms
[13.218s][info][gc,phases,start] GC(146) Post Compact
[13.219s][info][gc,phases      ] GC(146) Post Compact 1.473ms
[13.220s][info][gc,heap        ] GC(146) PSYoungGen: 20480K(84992K)->20480K(84480K) Eden: 20480K(20480K)->20480K(20480K) From: 0K(64512K)->0K(64000K)
[13.220s][info][gc,heap        ] GC(146) ParOldGen: 1023724K(1024000K)->1023724K(1024000K)
[13.220s][info][gc,metaspace   ] GC(146) Metaspace: 6297K(6464K)->6297K(6464K) NonClass: 5764K(5824K)->5764K(5824K) Class: 533K(640K)->533K(640K)
[13.220s][info][gc             ] GC(146) Pause Full (Ergonomics) 1019M->1019M(1082M) 326.832ms
[13.220s][info][gc,cpu         ] GC(146) User=1.62s Sys=0.00s Real=0.33s
[13.220s][info][gc,start       ] GC(147) Pause Full (Ergonomics)
[13.220s][info][gc,phases,start] GC(147) Marking Phase
[13.484s][info][gc,phases      ] GC(147) Marking Phase 263.801ms
[13.484s][info][gc,phases,start] GC(147) Summary Phase
[13.484s][info][gc,phases      ] GC(147) Summary Phase 0.024ms
[13.484s][info][gc,phases,start] GC(147) Adjust Roots
[13.484s][info][gc,phases      ] GC(147) Adjust Roots 0.192ms
[13.484s][info][gc,phases,start] GC(147) Compaction Phase
[13.557s][info][gc,phases      ] GC(147) Compaction Phase 72.875ms
[13.557s][info][gc,phases,start] GC(147) Post Compact
[13.558s][info][gc,phases      ] GC(147) Post Compact 1.512ms
[13.559s][info][gc,heap        ] GC(147) PSYoungGen: 20480K(84480K)->20480K(84992K) Eden: 20480K(20480K)->20480K(20480K) From: 0K(64000K)->0K(64512K)
[13.559s][info][gc,heap        ] GC(147) ParOldGen: 1023729K(1024000K)->1023729K(1024000K)
[13.559s][info][gc,metaspace   ] GC(147) Metaspace: 6297K(6464K)->6297K(6464K) NonClass: 5764K(5824K)->5764K(5824K) Class: 533K(640K)->533K(640K)
[13.559s][info][gc             ] GC(147) Pause Full (Ergonomics) 1019M->1019M(1083M) 338.762ms
[13.559s][info][gc,cpu         ] GC(147) User=1.58s Sys=0.00s Real=0.34s
[13.559s][info][gc,start       ] GC(148) Pause Full (Ergonomics)
[13.559s][info][gc,phases,start] GC(148) Marking Phase
[13.831s][info][gc,phases      ] GC(148) Marking Phase 272.619ms
[13.832s][info][gc,phases,start] GC(148) Summary Phase
[13.832s][info][gc,phases      ] GC(148) Summary Phase 0.023ms
[13.832s][info][gc,phases,start] GC(148) Adjust Roots
[13.832s][info][gc,phases      ] GC(148) Adjust Roots 0.175ms
[13.832s][info][gc,phases,start] GC(148) Compaction Phase
[13.898s][info][gc,phases      ] GC(148) Compaction Phase 66.000ms
[13.898s][info][gc,phases,start] GC(148) Post Compact
[13.899s][info][gc,phases      ] GC(148) Post Compact 1.478ms
[13.899s][info][gc,heap        ] GC(148) PSYoungGen: 20480K(84992K)->20480K(84480K) Eden: 20480K(20480K)->20480K(20480K) From: 0K(64512K)->0K(64000K)
[13.899s][info][gc,heap        ] GC(148) ParOldGen: 1023733K(1024000K)->1023733K(1024000K)
[13.899s][info][gc,metaspace   ] GC(148) Metaspace: 6297K(6464K)->6297K(6464K) NonClass: 5764K(5824K)->5764K(5824K) Class: 533K(640K)->533K(640K)
[13.899s][info][gc             ] GC(148) Pause Full (Ergonomics) 1019M->1019M(1082M) 340.598ms
[13.899s][info][gc,cpu         ] GC(148) User=1.59s Sys=0.00s Real=0.34s
[13.900s][info][gc,start       ] GC(149) Pause Full (Ergonomics)
[13.900s][info][gc,phases,start] GC(149) Marking Phase
[14.130s][info][gc,phases      ] GC(149) Marking Phase 230.603ms
[14.130s][info][gc,phases,start] GC(149) Summary Phase
[14.130s][info][gc,phases      ] GC(149) Summary Phase 0.024ms
[14.130s][info][gc,phases,start] GC(149) Adjust Roots
[14.131s][info][gc,phases      ] GC(149) Adjust Roots 0.177ms
[14.131s][info][gc,phases,start] GC(149) Compaction Phase
[14.201s][info][gc,phases      ] GC(149) Compaction Phase 70.567ms
[14.201s][info][gc,phases,start] GC(149) Post Compact
[14.203s][info][gc,phases      ] GC(149) Post Compact 1.475ms
[14.203s][info][gc,heap        ] GC(149) PSYoungGen: 20480K(84480K)->20480K(84992K) Eden: 20480K(20480K)->20480K(20480K) From: 0K(64000K)->0K(64512K)
[14.203s][info][gc,heap        ] GC(149) ParOldGen: 1023738K(1024000K)->1023738K(1024000K)
[14.203s][info][gc,metaspace   ] GC(149) Metaspace: 6297K(6464K)->6297K(6464K) NonClass: 5764K(5824K)->5764K(5824K) Class: 533K(640K)->533K(640K)
[14.203s][info][gc             ] GC(149) Pause Full (Ergonomics) 1019M->1019M(1083M) 303.154ms
[14.203s][info][gc,cpu         ] GC(149) User=1.38s Sys=0.00s Real=0.30s
[14.203s][info][gc,start       ] GC(150) Pause Full (Ergonomics)
[14.203s][info][gc,phases,start] GC(150) Marking Phase
[14.449s][info][gc,phases      ] GC(150) Marking Phase 245.842ms
[14.449s][info][gc,phases,start] GC(150) Summary Phase
[14.449s][info][gc,phases      ] GC(150) Summary Phase 0.023ms
[14.449s][info][gc,phases,start] GC(150) Adjust Roots
[14.449s][info][gc,phases      ] GC(150) Adjust Roots 0.175ms
[14.449s][info][gc,phases,start] GC(150) Compaction Phase
[14.526s][info][gc,phases      ] GC(150) Compaction Phase 76.505ms
[14.526s][info][gc,phases,start] GC(150) Post Compact
[14.527s][info][gc,phases      ] GC(150) Post Compact 1.609ms
[14.527s][info][gc,heap        ] GC(150) PSYoungGen: 20480K(84992K)->20480K(84480K) Eden: 20480K(20480K)->20480K(20480K) From: 0K(64512K)->0K(64000K)
[14.527s][info][gc,heap        ] GC(150) ParOldGen: 1023743K(1024000K)->1023743K(1024000K)
[14.528s][info][gc,metaspace   ] GC(150) Metaspace: 6297K(6464K)->6297K(6464K) NonClass: 5764K(5824K)->5764K(5824K) Class: 533K(640K)->533K(640K)
[14.528s][info][gc             ] GC(150) Pause Full (Ergonomics) 1019M->1019M(1082M) 324.452ms
[14.528s][info][gc,cpu         ] GC(150) User=1.53s Sys=0.00s Real=0.32s
[14.528s][info][gc,start       ] GC(151) Pause Full (Ergonomics)
[14.528s][info][gc,phases,start] GC(151) Marking Phase
[14.776s][info][gc,phases      ] GC(151) Marking Phase 248.537ms
[14.776s][info][gc,phases,start] GC(151) Summary Phase
[14.776s][info][gc,phases      ] GC(151) Summary Phase 0.023ms
[14.776s][info][gc,phases,start] GC(151) Adjust Roots
[14.777s][info][gc,phases      ] GC(151) Adjust Roots 0.179ms
[14.777s][info][gc,phases,start] GC(151) Compaction Phase
[14.847s][info][gc,phases      ] GC(151) Compaction Phase 70.460ms
[14.847s][info][gc,phases,start] GC(151) Post Compact
[14.849s][info][gc,phases      ] GC(151) Post Compact 1.519ms
[14.849s][info][gc,heap        ] GC(151) PSYoungGen: 20480K(84480K)->20480K(84992K) Eden: 20480K(20480K)->20480K(20480K) From: 0K(64000K)->0K(64512K)
[14.849s][info][gc,heap        ] GC(151) ParOldGen: 1023747K(1024000K)->1023747K(1024000K)
[14.849s][info][gc,metaspace   ] GC(151) Metaspace: 6297K(6464K)->6297K(6464K) NonClass: 5764K(5824K)->5764K(5824K) Class: 533K(640K)->533K(640K)
[14.849s][info][gc             ] GC(151) Pause Full (Ergonomics) 1019M->1019M(1083M) 321.020ms
[14.849s][info][gc,cpu         ] GC(151) User=1.47s Sys=0.02s Real=0.32s
[14.849s][info][gc,start       ] GC(152) Pause Full (Ergonomics)
[14.849s][info][gc,phases,start] GC(152) Marking Phase
[15.101s][info][gc,phases      ] GC(152) Marking Phase 251.426ms
[15.101s][info][gc,phases,start] GC(152) Summary Phase
[15.101s][info][gc,phases      ] GC(152) Summary Phase 0.023ms
[15.101s][info][gc,phases,start] GC(152) Adjust Roots
[15.101s][info][gc,phases      ] GC(152) Adjust Roots 0.188ms
[15.101s][info][gc,phases,start] GC(152) Compaction Phase
[15.169s][info][gc,phases      ] GC(152) Compaction Phase 67.840ms
[15.169s][info][gc,phases,start] GC(152) Post Compact
[15.170s][info][gc,phases      ] GC(152) Post Compact 1.479ms
[15.170s][info][gc,heap        ] GC(152) PSYoungGen: 20480K(84992K)->20480K(84480K) Eden: 20480K(20480K)->20480K(20480K) From: 0K(64512K)->0K(64000K)
[15.170s][info][gc,heap        ] GC(152) ParOldGen: 1023752K(1024000K)->1023752K(1024000K)
[15.170s][info][gc,metaspace   ] GC(152) Metaspace: 6297K(6464K)->6297K(6464K) NonClass: 5764K(5824K)->5764K(5824K) Class: 533K(640K)->533K(640K)
[15.170s][info][gc             ] GC(152) Pause Full (Ergonomics) 1019M->1019M(1082M) 321.302ms
[15.170s][info][gc,cpu         ] GC(152) User=1.44s Sys=0.02s Real=0.32s
[15.171s][info][gc,start       ] GC(153) Pause Full (Ergonomics)
[15.171s][info][gc,phases,start] GC(153) Marking Phase
[15.421s][info][gc,phases      ] GC(153) Marking Phase 250.379ms
[15.421s][info][gc,phases,start] GC(153) Summary Phase
[15.421s][info][gc,phases      ] GC(153) Summary Phase 0.023ms
[15.421s][info][gc,phases,start] GC(153) Adjust Roots
[15.421s][info][gc,phases      ] GC(153) Adjust Roots 0.186ms
[15.421s][info][gc,phases,start] GC(153) Compaction Phase
[15.489s][info][gc,phases      ] GC(153) Compaction Phase 67.375ms
[15.489s][info][gc,phases,start] GC(153) Post Compact
[15.490s][info][gc,phases      ] GC(153) Post Compact 1.447ms
[15.490s][info][gc,heap        ] GC(153) PSYoungGen: 20480K(84480K)->20480K(84992K) Eden: 20480K(20480K)->20480K(20480K) From: 0K(64000K)->0K(64512K)
[15.490s][info][gc,heap        ] GC(153) ParOldGen: 1023757K(1024000K)->1023757K(1024000K)
[15.490s][info][gc,metaspace   ] GC(153) Metaspace: 6297K(6464K)->6297K(6464K) NonClass: 5764K(5824K)->5764K(5824K) Class: 533K(640K)->533K(640K)
[15.490s][info][gc             ] GC(153) Pause Full (Ergonomics) 1019M->1019M(1083M) 319.703ms
[15.490s][info][gc,cpu         ] GC(153) User=1.56s Sys=0.00s Real=0.32s
[15.491s][info][gc,start       ] GC(154) Pause Full (Ergonomics)
[15.491s][info][gc,phases,start] GC(154) Marking Phase
[15.751s][info][gc,phases      ] GC(154) Marking Phase 260.299ms
[15.751s][info][gc,phases,start] GC(154) Summary Phase
[15.751s][info][gc,phases      ] GC(154) Summary Phase 0.024ms
[15.751s][info][gc,phases,start] GC(154) Adjust Roots
[15.751s][info][gc,phases      ] GC(154) Adjust Roots 0.176ms
[15.751s][info][gc,phases,start] GC(154) Compaction Phase
[15.829s][info][gc,phases      ] GC(154) Compaction Phase 78.278ms
[15.830s][info][gc,phases,start] GC(154) Post Compact
[15.831s][info][gc,phases      ] GC(154) Post Compact 1.590ms
[15.831s][info][gc,heap        ] GC(154) PSYoungGen: 20480K(84992K)->20480K(84480K) Eden: 20480K(20480K)->20480K(20480K) From: 0K(64512K)->0K(64000K)
[15.831s][info][gc,heap        ] GC(154) ParOldGen: 1023761K(1024000K)->1023761K(1024000K)
[15.831s][info][gc,metaspace   ] GC(154) Metaspace: 6297K(6464K)->6297K(6464K) NonClass: 5764K(5824K)->5764K(5824K) Class: 533K(640K)->533K(640K)
[15.831s][info][gc             ] GC(154) Pause Full (Ergonomics) 1019M->1019M(1082M) 340.680ms
[15.831s][info][gc,cpu         ] GC(154) User=1.61s Sys=0.00s Real=0.34s
[15.832s][info][gc,start       ] GC(155) Pause Full (Ergonomics)
[15.832s][info][gc,phases,start] GC(155) Marking Phase
[16.098s][info][gc,phases      ] GC(155) Marking Phase 265.976ms
[16.098s][info][gc,phases,start] GC(155) Summary Phase
[16.098s][info][gc,phases      ] GC(155) Summary Phase 0.024ms
[16.098s][info][gc,phases,start] GC(155) Adjust Roots
[16.098s][info][gc,phases      ] GC(155) Adjust Roots 0.186ms
[16.098s][info][gc,phases,start] GC(155) Compaction Phase
[16.166s][info][gc,phases      ] GC(155) Compaction Phase 67.914ms
[16.166s][info][gc,phases,start] GC(155) Post Compact
[16.167s][info][gc,phases      ] GC(155) Post Compact 1.474ms
[16.167s][info][gc,heap        ] GC(155) PSYoungGen: 20480K(84480K)->20480K(84992K) Eden: 20480K(20480K)->20480K(20480K) From: 0K(64000K)->0K(64512K)
[16.167s][info][gc,heap        ] GC(155) ParOldGen: 1023766K(1024000K)->1023766K(1024000K)
[16.167s][info][gc,metaspace   ] GC(155) Metaspace: 6297K(6464K)->6297K(6464K) NonClass: 5764K(5824K)->5764K(5824K) Class: 533K(640K)->533K(640K)
[16.167s][info][gc             ] GC(155) Pause Full (Ergonomics) 1019M->1019M(1083M) 335.863ms
[16.167s][info][gc,cpu         ] GC(155) User=1.53s Sys=0.02s Real=0.34s
[16.168s][info][gc,start       ] GC(156) Pause Full (Ergonomics)
[16.168s][info][gc,phases,start] GC(156) Marking Phase
[16.411s][info][gc,phases      ] GC(156) Marking Phase 243.406ms
[16.411s][info][gc,phases,start] GC(156) Summary Phase
[16.411s][info][gc,phases      ] GC(156) Summary Phase 0.023ms
[16.411s][info][gc,phases,start] GC(156) Adjust Roots
[16.411s][info][gc,phases      ] GC(156) Adjust Roots 0.188ms
[16.412s][info][gc,phases,start] GC(156) Compaction Phase
[16.481s][info][gc,phases      ] GC(156) Compaction Phase 69.515ms
[16.481s][info][gc,phases,start] GC(156) Post Compact
[16.483s][info][gc,phases      ] GC(156) Post Compact 1.477ms
[16.483s][info][gc,heap        ] GC(156) PSYoungGen: 20480K(84992K)->20480K(84480K) Eden: 20480K(20480K)->20480K(20480K) From: 0K(64512K)->0K(64000K)
[16.483s][info][gc,heap        ] GC(156) ParOldGen: 1023771K(1024000K)->1023771K(1024000K)
[16.483s][info][gc,metaspace   ] GC(156) Metaspace: 6297K(6464K)->6297K(6464K) NonClass: 5764K(5824K)->5764K(5824K) Class: 533K(640K)->533K(640K)
[16.483s][info][gc             ] GC(156) Pause Full (Ergonomics) 1019M->1019M(1082M) 315.020ms
[16.483s][info][gc,cpu         ] GC(156) User=1.42s Sys=0.02s Real=0.32s
[16.483s][info][gc,start       ] GC(157) Pause Full (Ergonomics)
[16.483s][info][gc,phases,start] GC(157) Marking Phase
[16.737s][info][gc,phases      ] GC(157) Marking Phase 253.911ms
[16.737s][info][gc,phases,start] GC(157) Summary Phase
[16.737s][info][gc,phases      ] GC(157) Summary Phase 0.023ms
[16.737s][info][gc,phases,start] GC(157) Adjust Roots
[16.737s][info][gc,phases      ] GC(157) Adjust Roots 0.181ms
[16.737s][info][gc,phases,start] GC(157) Compaction Phase
[16.819s][info][gc,phases      ] GC(157) Compaction Phase 81.879ms
[16.819s][info][gc,phases,start] GC(157) Post Compact
[16.821s][info][gc,phases      ] GC(157) Post Compact 1.565ms
[16.821s][info][gc,heap        ] GC(157) PSYoungGen: 20480K(84480K)->20480K(84992K) Eden: 20480K(20480K)->20480K(20480K) From: 0K(64000K)->0K(64512K)
[16.821s][info][gc,heap        ] GC(157) ParOldGen: 1023775K(1024000K)->1023775K(1024000K)
[16.821s][info][gc,metaspace   ] GC(157) Metaspace: 6297K(6464K)->6297K(6464K) NonClass: 5764K(5824K)->5764K(5824K) Class: 533K(640K)->533K(640K)
[16.821s][info][gc             ] GC(157) Pause Full (Ergonomics) 1019M->1019M(1083M) 337.870ms
[16.821s][info][gc,cpu         ] GC(157) User=1.58s Sys=0.02s Real=0.34s
[16.821s][info][gc,start       ] GC(158) Pause Full (Ergonomics)
[16.821s][info][gc,phases,start] GC(158) Marking Phase
[17.070s][info][gc,phases      ] GC(158) Marking Phase 248.684ms
[17.070s][info][gc,phases,start] GC(158) Summary Phase
[17.070s][info][gc,phases      ] GC(158) Summary Phase 0.023ms
[17.070s][info][gc,phases,start] GC(158) Adjust Roots
[17.070s][info][gc,phases      ] GC(158) Adjust Roots 0.201ms
[17.070s][info][gc,phases,start] GC(158) Compaction Phase
[17.141s][info][gc,phases      ] GC(158) Compaction Phase 70.489ms
[17.141s][info][gc,phases,start] GC(158) Post Compact
[17.142s][info][gc,phases      ] GC(158) Post Compact 1.474ms
[17.142s][info][gc,heap        ] GC(158) PSYoungGen: 20480K(84992K)->20480K(84480K) Eden: 20480K(20480K)->20480K(20480K) From: 0K(64512K)->0K(64000K)
[17.142s][info][gc,heap        ] GC(158) ParOldGen: 1023780K(1024000K)->1023780K(1024000K)
[17.142s][info][gc,metaspace   ] GC(158) Metaspace: 6297K(6464K)->6297K(6464K) NonClass: 5764K(5824K)->5764K(5824K) Class: 533K(640K)->533K(640K)
[17.142s][info][gc             ] GC(158) Pause Full (Ergonomics) 1019M->1019M(1082M) 321.178ms
[17.142s][info][gc,cpu         ] GC(158) User=1.45s Sys=0.00s Real=0.32s
[17.143s][info][gc,start       ] GC(159) Pause Full (Ergonomics)
[17.143s][info][gc,phases,start] GC(159) Marking Phase
[17.397s][info][gc,phases      ] GC(159) Marking Phase 254.314ms
[17.397s][info][gc,phases,start] GC(159) Summary Phase
[17.397s][info][gc,phases      ] GC(159) Summary Phase 0.023ms
[17.397s][info][gc,phases,start] GC(159) Adjust Roots
[17.397s][info][gc,phases      ] GC(159) Adjust Roots 0.176ms
[17.397s][info][gc,phases,start] GC(159) Compaction Phase
[17.465s][info][gc,phases      ] GC(159) Compaction Phase 68.244ms
[17.465s][info][gc,phases,start] GC(159) Post Compact
[17.467s][info][gc,phases      ] GC(159) Post Compact 1.480ms
[17.467s][info][gc,heap        ] GC(159) PSYoungGen: 20480K(84480K)->20480K(84992K) Eden: 20480K(20480K)->20480K(20480K) From: 0K(64000K)->0K(64512K)
[17.467s][info][gc,heap        ] GC(159) ParOldGen: 1023785K(1024000K)->1023785K(1024000K)
[17.467s][info][gc,metaspace   ] GC(159) Metaspace: 6297K(6464K)->6297K(6464K) NonClass: 5764K(5824K)->5764K(5824K) Class: 533K(640K)->533K(640K)
[17.467s][info][gc             ] GC(159) Pause Full (Ergonomics) 1019M->1019M(1083M) 324.714ms
[17.467s][info][gc,cpu         ] GC(159) User=1.55s Sys=0.00s Real=0.32s
[17.467s][info][gc,start       ] GC(160) Pause Full (Ergonomics)
[17.467s][info][gc,phases,start] GC(160) Marking Phase
[17.715s][info][gc,phases      ] GC(160) Marking Phase 247.134ms
[17.715s][info][gc,phases,start] GC(160) Summary Phase
[17.715s][info][gc,phases      ] GC(160) Summary Phase 0.023ms
[17.715s][info][gc,phases,start] GC(160) Adjust Roots
[17.715s][info][gc,phases      ] GC(160) Adjust Roots 0.174ms
[17.715s][info][gc,phases,start] GC(160) Compaction Phase
[17.788s][info][gc,phases      ] GC(160) Compaction Phase 73.092ms
[17.788s][info][gc,phases,start] GC(160) Post Compact
[17.790s][info][gc,phases      ] GC(160) Post Compact 1.509ms
[17.790s][info][gc,heap        ] GC(160) PSYoungGen: 20480K(84992K)->20480K(84480K) Eden: 20480K(20480K)->20480K(20480K) From: 0K(64512K)->0K(64000K)
[17.790s][info][gc,heap        ] GC(160) ParOldGen: 1023789K(1024000K)->1023789K(1024000K)
[17.790s][info][gc,metaspace   ] GC(160) Metaspace: 6297K(6464K)->6297K(6464K) NonClass: 5764K(5824K)->5764K(5824K) Class: 533K(640K)->533K(640K)
[17.790s][info][gc             ] GC(160) Pause Full (Ergonomics) 1019M->1019M(1082M) 322.240ms
[17.790s][info][gc,cpu         ] GC(160) User=1.56s Sys=0.00s Real=0.32s
[17.790s][info][gc,start       ] GC(161) Pause Full (Ergonomics)
[17.790s][info][gc,phases,start] GC(161) Marking Phase
[18.033s][info][gc,phases      ] GC(161) Marking Phase 243.491ms
[18.034s][info][gc,phases,start] GC(161) Summary Phase
[18.034s][info][gc,phases      ] GC(161) Summary Phase 0.023ms
[18.034s][info][gc,phases,start] GC(161) Adjust Roots
[18.034s][info][gc,phases      ] GC(161) Adjust Roots 0.175ms
[18.034s][info][gc,phases,start] GC(161) Compaction Phase
[18.104s][info][gc,phases      ] GC(161) Compaction Phase 69.940ms
[18.104s][info][gc,phases,start] GC(161) Post Compact
[18.105s][info][gc,phases      ] GC(161) Post Compact 1.515ms
[18.105s][info][gc,heap        ] GC(161) PSYoungGen: 20480K(84480K)->20480K(84992K) Eden: 20480K(20480K)->20480K(20480K) From: 0K(64000K)->0K(64512K)
[18.105s][info][gc,heap        ] GC(161) ParOldGen: 1023794K(1024000K)->1023794K(1024000K)
[18.105s][info][gc,metaspace   ] GC(161) Metaspace: 6297K(6464K)->6297K(6464K) NonClass: 5764K(5824K)->5764K(5824K) Class: 533K(640K)->533K(640K)
[18.105s][info][gc             ] GC(161) Pause Full (Ergonomics) 1019M->1019M(1083M) 315.442ms
[18.105s][info][gc,cpu         ] GC(161) User=1.52s Sys=0.00s Real=0.32s
[18.106s][info][gc,start       ] GC(162) Pause Full (Ergonomics)
[18.106s][info][gc,phases,start] GC(162) Marking Phase
[18.382s][info][gc,phases      ] GC(162) Marking Phase 276.182ms
[18.382s][info][gc,phases,start] GC(162) Summary Phase
[18.382s][info][gc,phases      ] GC(162) Summary Phase 0.024ms
[18.382s][info][gc,phases,start] GC(162) Adjust Roots
[18.382s][info][gc,phases      ] GC(162) Adjust Roots 0.176ms
[18.382s][info][gc,phases,start] GC(162) Compaction Phase
[18.449s][info][gc,phases      ] GC(162) Compaction Phase 67.034ms
[18.449s][info][gc,phases,start] GC(162) Post Compact
[18.451s][info][gc,phases      ] GC(162) Post Compact 1.484ms
[18.451s][info][gc,heap        ] GC(162) PSYoungGen: 20480K(84992K)->20480K(84480K) Eden: 20480K(20480K)->20480K(20480K) From: 0K(64512K)->0K(64000K)
[18.451s][info][gc,heap        ] GC(162) ParOldGen: 1023799K(1024000K)->1023799K(1024000K)
[18.451s][info][gc,metaspace   ] GC(162) Metaspace: 6297K(6464K)->6297K(6464K) NonClass: 5764K(5824K)->5764K(5824K) Class: 533K(640K)->533K(640K)
[18.451s][info][gc             ] GC(162) Pause Full (Ergonomics) 1019M->1019M(1082M) 345.227ms
[18.451s][info][gc,cpu         ] GC(162) User=1.66s Sys=0.00s Real=0.35s
[18.451s][info][gc,start       ] GC(163) Pause Full (Ergonomics)
[18.451s][info][gc,phases,start] GC(163) Marking Phase
[18.697s][info][gc,phases      ] GC(163) Marking Phase 245.808ms
[18.697s][info][gc,phases,start] GC(163) Summary Phase
[18.697s][info][gc,phases      ] GC(163) Summary Phase 0.022ms
[18.697s][info][gc,phases,start] GC(163) Adjust Roots
[18.697s][info][gc,phases      ] GC(163) Adjust Roots 0.175ms
[18.697s][info][gc,phases,start] GC(163) Compaction Phase
[18.766s][info][gc,phases      ] GC(163) Compaction Phase 68.772ms
[18.766s][info][gc,phases,start] GC(163) Post Compact
[18.768s][info][gc,phases      ] GC(163) Post Compact 1.465ms
[18.768s][info][gc,heap        ] GC(163) PSYoungGen: 20480K(84480K)->20480K(84992K) Eden: 20480K(20480K)->20480K(20480K) From: 0K(64000K)->0K(64512K)
[18.768s][info][gc,heap        ] GC(163) ParOldGen: 1023803K(1024000K)->1023803K(1024000K)
[18.768s][info][gc,metaspace   ] GC(163) Metaspace: 6297K(6464K)->6297K(6464K) NonClass: 5764K(5824K)->5764K(5824K) Class: 533K(640K)->533K(640K)
[18.768s][info][gc             ] GC(163) Pause Full (Ergonomics) 1019M->1019M(1083M) 316.551ms
[18.768s][info][gc,cpu         ] GC(163) User=1.45s Sys=0.00s Real=0.32s
[18.768s][info][gc,start       ] GC(164) Pause Full (Ergonomics)
[18.768s][info][gc,phases,start] GC(164) Marking Phase
[19.005s][info][gc,phases      ] GC(164) Marking Phase 237.375ms
[19.005s][info][gc,phases,start] GC(164) Summary Phase
[19.005s][info][gc,phases      ] GC(164) Summary Phase 0.023ms
[19.005s][info][gc,phases,start] GC(164) Adjust Roots
[19.006s][info][gc,phases      ] GC(164) Adjust Roots 0.179ms
[19.006s][info][gc,phases,start] GC(164) Compaction Phase
[19.074s][info][gc,phases      ] GC(164) Compaction Phase 68.520ms
[19.074s][info][gc,phases,start] GC(164) Post Compact
[19.076s][info][gc,phases      ] GC(164) Post Compact 1.485ms
[19.076s][info][gc,heap        ] GC(164) PSYoungGen: 20480K(84992K)->20480K(84480K) Eden: 20480K(20480K)->20480K(20480K) From: 0K(64512K)->0K(64000K)
[19.076s][info][gc,heap        ] GC(164) ParOldGen: 1023808K(1024000K)->1023808K(1024000K)
[19.076s][info][gc,metaspace   ] GC(164) Metaspace: 6297K(6464K)->6297K(6464K) NonClass: 5764K(5824K)->5764K(5824K) Class: 533K(640K)->533K(640K)
[19.076s][info][gc             ] GC(164) Pause Full (Ergonomics) 1019M->1019M(1082M) 307.887ms
[19.076s][info][gc,cpu         ] GC(164) User=1.44s Sys=0.00s Real=0.31s
[19.076s][info][gc,start       ] GC(165) Pause Full (Ergonomics)
[19.076s][info][gc,phases,start] GC(165) Marking Phase
[19.325s][info][gc,phases      ] GC(165) Marking Phase 249.208ms
[19.325s][info][gc,phases,start] GC(165) Summary Phase
[19.325s][info][gc,phases      ] GC(165) Summary Phase 0.023ms
[19.325s][info][gc,phases,start] GC(165) Adjust Roots
[19.326s][info][gc,phases      ] GC(165) Adjust Roots 0.199ms
[19.326s][info][gc,phases,start] GC(165) Compaction Phase
[19.394s][info][gc,phases      ] GC(165) Compaction Phase 68.242ms
[19.394s][info][gc,phases,start] GC(165) Post Compact
[19.395s][info][gc,phases      ] GC(165) Post Compact 1.510ms
[19.396s][info][gc,heap        ] GC(165) PSYoungGen: 20480K(84480K)->20480K(84992K) Eden: 20480K(20480K)->20480K(20480K) From: 0K(64000K)->0K(64512K)
[19.396s][info][gc,heap        ] GC(165) ParOldGen: 1023813K(1024000K)->1023813K(1024000K)
[19.396s][info][gc,metaspace   ] GC(165) Metaspace: 6297K(6464K)->6297K(6464K) NonClass: 5764K(5824K)->5764K(5824K) Class: 533K(640K)->533K(640K)
[19.396s][info][gc             ] GC(165) Pause Full (Ergonomics) 1019M->1019M(1083M) 319.478ms
[19.396s][info][gc,cpu         ] GC(165) User=1.52s Sys=0.00s Real=0.32s
[19.396s][info][gc,start       ] GC(166) Pause Full (Ergonomics)
[19.396s][info][gc,phases,start] GC(166) Marking Phase
[19.638s][info][gc,phases      ] GC(166) Marking Phase 241.817ms
[19.638s][info][gc,phases,start] GC(166) Summary Phase
[19.638s][info][gc,phases      ] GC(166) Summary Phase 0.021ms
[19.638s][info][gc,phases,start] GC(166) Adjust Roots
[19.638s][info][gc,phases      ] GC(166) Adjust Roots 0.168ms
[19.638s][info][gc,phases,start] GC(166) Compaction Phase
[19.709s][info][gc,phases      ] GC(166) Compaction Phase 71.007ms
[19.709s][info][gc,phases,start] GC(166) Post Compact
[19.711s][info][gc,phases      ] GC(166) Post Compact 1.541ms
[19.711s][info][gc,heap        ] GC(166) PSYoungGen: 20480K(84992K)->20480K(84480K) Eden: 20480K(20480K)->20480K(20480K) From: 0K(64512K)->0K(64000K)
[19.711s][info][gc,heap        ] GC(166) ParOldGen: 1023817K(1024000K)->1023817K(1024000K)
[19.711s][info][gc,metaspace   ] GC(166) Metaspace: 6297K(6464K)->6297K(6464K) NonClass: 5764K(5824K)->5764K(5824K) Class: 533K(640K)->533K(640K)
[19.711s][info][gc             ] GC(166) Pause Full (Ergonomics) 1019M->1019M(1082M) 314.855ms
[19.711s][info][gc,cpu         ] GC(166) User=1.47s Sys=0.00s Real=0.32s
[19.711s][info][gc,start       ] GC(167) Pause Full (Ergonomics)
[19.711s][info][gc,phases,start] GC(167) Marking Phase
[19.965s][info][gc,phases      ] GC(167) Marking Phase 254.351ms
[19.965s][info][gc,phases,start] GC(167) Summary Phase
[19.965s][info][gc,phases      ] GC(167) Summary Phase 0.024ms
[19.965s][info][gc,phases,start] GC(167) Adjust Roots
[19.966s][info][gc,phases      ] GC(167) Adjust Roots 0.183ms
[19.966s][info][gc,phases,start] GC(167) Compaction Phase
[20.036s][info][gc,phases      ] GC(167) Compaction Phase 70.328ms
[20.036s][info][gc,phases,start] GC(167) Post Compact
[20.038s][info][gc,phases      ] GC(167) Post Compact 1.561ms
[20.038s][info][gc,heap        ] GC(167) PSYoungGen: 20480K(84480K)->20480K(84992K) Eden: 20480K(20480K)->20480K(20480K) From: 0K(64000K)->0K(64512K)
[20.038s][info][gc,heap        ] GC(167) ParOldGen: 1023822K(1024000K)->1023822K(1024000K)
[20.038s][info][gc,metaspace   ] GC(167) Metaspace: 6297K(6464K)->6297K(6464K) NonClass: 5764K(5824K)->5764K(5824K) Class: 533K(640K)->533K(640K)
[20.038s][info][gc             ] GC(167) Pause Full (Ergonomics) 1019M->1019M(1083M) 326.749ms
[20.038s][info][gc,cpu         ] GC(167) User=1.47s Sys=0.02s Real=0.33s
[20.038s][info][gc,start       ] GC(168) Pause Full (Ergonomics)
[20.038s][info][gc,phases,start] GC(168) Marking Phase
[20.293s][info][gc,phases      ] GC(168) Marking Phase 255.211ms
[20.293s][info][gc,phases,start] GC(168) Summary Phase
[20.293s][info][gc,phases      ] GC(168) Summary Phase 0.022ms
[20.293s][info][gc,phases,start] GC(168) Adjust Roots
[20.293s][info][gc,phases      ] GC(168) Adjust Roots 0.183ms
[20.294s][info][gc,phases,start] GC(168) Compaction Phase
[20.371s][info][gc,phases      ] GC(168) Compaction Phase 77.592ms
[20.371s][info][gc,phases,start] GC(168) Post Compact
[20.373s][info][gc,phases      ] GC(168) Post Compact 1.579ms
[20.373s][info][gc,heap        ] GC(168) PSYoungGen: 20480K(84992K)->20480K(84480K) Eden: 20480K(20480K)->20480K(20480K) From: 0K(64512K)->0K(64000K)
[20.373s][info][gc,heap        ] GC(168) ParOldGen: 1023827K(1024000K)->1023827K(1024000K)
[20.373s][info][gc,metaspace   ] GC(168) Metaspace: 6297K(6464K)->6297K(6464K) NonClass: 5764K(5824K)->5764K(5824K) Class: 533K(640K)->533K(640K)
[20.373s][info][gc             ] GC(168) Pause Full (Ergonomics) 1019M->1019M(1082M) 334.894ms
[20.373s][info][gc,cpu         ] GC(168) User=1.48s Sys=0.00s Real=0.34s
[20.373s][info][gc,start       ] GC(169) Pause Full (Ergonomics)
[20.373s][info][gc,phases,start] GC(169) Marking Phase
[20.644s][info][gc,phases      ] GC(169) Marking Phase 270.672ms
[20.644s][info][gc,phases,start] GC(169) Summary Phase
[20.644s][info][gc,phases      ] GC(169) Summary Phase 0.023ms
[20.644s][info][gc,phases,start] GC(169) Adjust Roots
[20.644s][info][gc,phases      ] GC(169) Adjust Roots 0.180ms
[20.644s][info][gc,phases,start] GC(169) Compaction Phase
[20.718s][info][gc,phases      ] GC(169) Compaction Phase 74.151ms
[20.718s][info][gc,phases,start] GC(169) Post Compact
[20.720s][info][gc,phases      ] GC(169) Post Compact 1.467ms
[20.720s][info][gc,heap        ] GC(169) PSYoungGen: 20480K(84480K)->20480K(84992K) Eden: 20480K(20480K)->20480K(20480K) From: 0K(64000K)->0K(64512K)
[20.720s][info][gc,heap        ] GC(169) ParOldGen: 1023831K(1024000K)->1023831K(1024000K)
[20.720s][info][gc,metaspace   ] GC(169) Metaspace: 6297K(6464K)->6297K(6464K) NonClass: 5764K(5824K)->5764K(5824K) Class: 533K(640K)->533K(640K)
[20.720s][info][gc             ] GC(169) Pause Full (Ergonomics) 1019M->1019M(1083M) 346.836ms
[20.720s][info][gc,cpu         ] GC(169) User=1.59s Sys=0.03s Real=0.35s
[20.720s][info][gc,start       ] GC(170) Pause Full (Ergonomics)
[20.720s][info][gc,phases,start] GC(170) Marking Phase
[20.985s][info][gc,phases      ] GC(170) Marking Phase 264.901ms
[20.985s][info][gc,phases,start] GC(170) Summary Phase
[20.985s][info][gc,phases      ] GC(170) Summary Phase 0.021ms
[20.985s][info][gc,phases,start] GC(170) Adjust Roots
[20.985s][info][gc,phases      ] GC(170) Adjust Roots 0.189ms
[20.985s][info][gc,phases,start] GC(170) Compaction Phase
[21.063s][info][gc,phases      ] GC(170) Compaction Phase 77.619ms
[21.063s][info][gc,phases,start] GC(170) Post Compact
[21.065s][info][gc,phases      ] GC(170) Post Compact 1.458ms
[21.065s][info][gc,heap        ] GC(170) PSYoungGen: 20480K(84992K)->20480K(84480K) Eden: 20480K(20480K)->20480K(20480K) From: 0K(64512K)->0K(64000K)
[21.065s][info][gc,heap        ] GC(170) ParOldGen: 1023836K(1024000K)->1023836K(1024000K)
[21.065s][info][gc,metaspace   ] GC(170) Metaspace: 6297K(6464K)->6297K(6464K) NonClass: 5764K(5824K)->5764K(5824K) Class: 533K(640K)->533K(640K)
[21.065s][info][gc             ] GC(170) Pause Full (Ergonomics) 1019M->1019M(1082M) 344.464ms
[21.065s][info][gc,cpu         ] GC(170) User=1.66s Sys=0.00s Real=0.34s
[21.065s][info][gc,start       ] GC(171) Pause Full (Ergonomics)
[21.065s][info][gc,phases,start] GC(171) Marking Phase
[21.320s][info][gc,phases      ] GC(171) Marking Phase 254.617ms
[21.320s][info][gc,phases,start] GC(171) Summary Phase
[21.320s][info][gc,phases      ] GC(171) Summary Phase 0.024ms
[21.320s][info][gc,phases,start] GC(171) Adjust Roots
[21.320s][info][gc,phases      ] GC(171) Adjust Roots 0.176ms
[21.320s][info][gc,phases,start] GC(171) Compaction Phase
[21.389s][info][gc,phases      ] GC(171) Compaction Phase 68.977ms
[21.389s][info][gc,phases,start] GC(171) Post Compact
[21.390s][info][gc,phases      ] GC(171) Post Compact 1.506ms
[21.390s][info][gc,heap        ] GC(171) PSYoungGen: 20480K(84480K)->20480K(84992K) Eden: 20480K(20480K)->20480K(20480K) From: 0K(64000K)->0K(64512K)
[21.390s][info][gc,heap        ] GC(171) ParOldGen: 1023841K(1024000K)->1023841K(1024000K)
[21.390s][info][gc,metaspace   ] GC(171) Metaspace: 6297K(6464K)->6297K(6464K) NonClass: 5764K(5824K)->5764K(5824K) Class: 533K(640K)->533K(640K)
[21.391s][info][gc             ] GC(171) Pause Full (Ergonomics) 1019M->1019M(1083M) 325.607ms
[21.391s][info][gc,cpu         ] GC(171) User=1.58s Sys=0.00s Real=0.33s
[21.391s][info][gc,start       ] GC(172) Pause Full (Ergonomics)
[21.391s][info][gc,phases,start] GC(172) Marking Phase
[21.647s][info][gc,phases      ] GC(172) Marking Phase 255.729ms
[21.647s][info][gc,phases,start] GC(172) Summary Phase
[21.647s][info][gc,phases      ] GC(172) Summary Phase 0.023ms
[21.647s][info][gc,phases,start] GC(172) Adjust Roots
[21.647s][info][gc,phases      ] GC(172) Adjust Roots 0.176ms
[21.647s][info][gc,phases,start] GC(172) Compaction Phase
[21.716s][info][gc,phases      ] GC(172) Compaction Phase 68.983ms
[21.716s][info][gc,phases,start] GC(172) Post Compact
[21.717s][info][gc,phases      ] GC(172) Post Compact 1.466ms
[21.717s][info][gc,heap        ] GC(172) PSYoungGen: 20480K(84992K)->20480K(84480K) Eden: 20480K(20480K)->20480K(20480K) From: 0K(64512K)->0K(64000K)
[21.717s][info][gc,heap        ] GC(172) ParOldGen: 1023845K(1024000K)->1023845K(1024000K)
[21.717s][info][gc,metaspace   ] GC(172) Metaspace: 6297K(6464K)->6297K(6464K) NonClass: 5764K(5824K)->5764K(5824K) Class: 533K(640K)->533K(640K)
[21.717s][info][gc             ] GC(172) Pause Full (Ergonomics) 1019M->1019M(1082M) 326.678ms
[21.717s][info][gc,cpu         ] GC(172) User=1.55s Sys=0.00s Real=0.33s
[21.718s][info][gc,start       ] GC(173) Pause Full (Ergonomics)
[21.718s][info][gc,phases,start] GC(173) Marking Phase
[21.976s][info][gc,phases      ] GC(173) Marking Phase 258.251ms
[21.976s][info][gc,phases,start] GC(173) Summary Phase
[21.976s][info][gc,phases      ] GC(173) Summary Phase 0.023ms
[21.976s][info][gc,phases,start] GC(173) Adjust Roots
[21.976s][info][gc,phases      ] GC(173) Adjust Roots 0.179ms
[21.976s][info][gc,phases,start] GC(173) Compaction Phase
[22.046s][info][gc,phases      ] GC(173) Compaction Phase 69.930ms
[22.046s][info][gc,phases,start] GC(173) Post Compact
[22.048s][info][gc,phases      ] GC(173) Post Compact 1.531ms
[22.048s][info][gc,heap        ] GC(173) PSYoungGen: 20480K(84480K)->20480K(84992K) Eden: 20480K(20480K)->20480K(20480K) From: 0K(64000K)->0K(64512K)
[22.048s][info][gc,heap        ] GC(173) ParOldGen: 1023850K(1024000K)->1023850K(1024000K)
[22.048s][info][gc,metaspace   ] GC(173) Metaspace: 6297K(6464K)->6297K(6464K) NonClass: 5764K(5824K)->5764K(5824K) Class: 533K(640K)->533K(640K)
[22.048s][info][gc             ] GC(173) Pause Full (Ergonomics) 1019M->1019M(1083M) 330.228ms
[22.048s][info][gc,cpu         ] GC(173) User=1.61s Sys=0.00s Real=0.33s
[22.048s][info][gc,start       ] GC(174) Pause Full (Ergonomics)
[22.048s][info][gc,phases,start] GC(174) Marking Phase
[22.290s][info][gc,phases      ] GC(174) Marking Phase 242.037ms
[22.290s][info][gc,phases,start] GC(174) Summary Phase
[22.290s][info][gc,phases      ] GC(174) Summary Phase 0.024ms
[22.290s][info][gc,phases,start] GC(174) Adjust Roots
[22.290s][info][gc,phases      ] GC(174) Adjust Roots 0.179ms
[22.291s][info][gc,phases,start] GC(174) Compaction Phase
[22.361s][info][gc,phases      ] GC(174) Compaction Phase 70.580ms
[22.361s][info][gc,phases,start] GC(174) Post Compact
[22.363s][info][gc,phases      ] GC(174) Post Compact 1.569ms
[22.363s][info][gc,heap        ] GC(174) PSYoungGen: 20480K(84992K)->20480K(84480K) Eden: 20480K(20480K)->20480K(20480K) From: 0K(64512K)->0K(64000K)
[22.363s][info][gc,heap        ] GC(174) ParOldGen: 1023855K(1024000K)->1023855K(1024000K)
[22.363s][info][gc,metaspace   ] GC(174) Metaspace: 6297K(6464K)->6297K(6464K) NonClass: 5764K(5824K)->5764K(5824K) Class: 533K(640K)->533K(640K)
[22.363s][info][gc             ] GC(174) Pause Full (Ergonomics) 1019M->1019M(1082M) 314.686ms
[22.363s][info][gc,cpu         ] GC(174) User=1.55s Sys=0.00s Real=0.31s
[22.363s][info][gc,start       ] GC(175) Pause Full (Ergonomics)
[22.363s][info][gc,phases,start] GC(175) Marking Phase
[22.618s][info][gc,phases      ] GC(175) Marking Phase 254.909ms
[22.618s][info][gc,phases,start] GC(175) Summary Phase
[22.618s][info][gc,phases      ] GC(175) Summary Phase 0.023ms
[22.618s][info][gc,phases,start] GC(175) Adjust Roots
[22.618s][info][gc,phases      ] GC(175) Adjust Roots 0.178ms
[22.618s][info][gc,phases,start] GC(175) Compaction Phase
[22.698s][info][gc,phases      ] GC(175) Compaction Phase 79.536ms
[22.698s][info][gc,phases,start] GC(175) Post Compact
[22.700s][info][gc,phases      ] GC(175) Post Compact 1.621ms
[22.700s][info][gc,heap        ] GC(175) PSYoungGen: 20480K(84480K)->20480K(84992K) Eden: 20480K(20480K)->20480K(20480K) From: 0K(64000K)->0K(64512K)
[22.700s][info][gc,heap        ] GC(175) ParOldGen: 1023859K(1024000K)->1023859K(1024000K)
[22.700s][info][gc,metaspace   ] GC(175) Metaspace: 6297K(6464K)->6297K(6464K) NonClass: 5764K(5824K)->5764K(5824K) Class: 533K(640K)->533K(640K)
[22.700s][info][gc             ] GC(175) Pause Full (Ergonomics) 1019M->1019M(1083M) 336.587ms
[22.700s][info][gc,cpu         ] GC(175) User=1.45s Sys=0.02s Real=0.34s
[22.700s][info][gc,start       ] GC(176) Pause Full (Ergonomics)
[22.700s][info][gc,phases,start] GC(176) Marking Phase
[22.973s][info][gc,phases      ] GC(176) Marking Phase 273.240ms
[22.973s][info][gc,phases,start] GC(176) Summary Phase
[22.973s][info][gc,phases      ] GC(176) Summary Phase 0.023ms
[22.973s][info][gc,phases,start] GC(176) Adjust Roots
[22.974s][info][gc,phases      ] GC(176) Adjust Roots 0.183ms
[22.974s][info][gc,phases,start] GC(176) Compaction Phase
[23.041s][info][gc,phases      ] GC(176) Compaction Phase 67.424ms
[23.041s][info][gc,phases,start] GC(176) Post Compact
[23.042s][info][gc,phases      ] GC(176) Post Compact 1.463ms
[23.043s][info][gc,heap        ] GC(176) PSYoungGen: 20480K(84992K)->20480K(84480K) Eden: 20480K(20480K)->20480K(20480K) From: 0K(64512K)->0K(64000K)
[23.043s][info][gc,heap        ] GC(176) ParOldGen: 1023864K(1024000K)->1023864K(1024000K)
[23.043s][info][gc,metaspace   ] GC(176) Metaspace: 6297K(6464K)->6297K(6464K) NonClass: 5764K(5824K)->5764K(5824K) Class: 533K(640K)->533K(640K)
[23.043s][info][gc             ] GC(176) Pause Full (Ergonomics) 1019M->1019M(1082M) 342.631ms
[23.043s][info][gc,cpu         ] GC(176) User=1.69s Sys=0.00s Real=0.34s
[23.043s][info][gc,start       ] GC(177) Pause Full (Ergonomics)
[23.043s][info][gc,phases,start] GC(177) Marking Phase
[23.284s][info][gc,phases      ] GC(177) Marking Phase 241.157ms
[23.284s][info][gc,phases,start] GC(177) Summary Phase
[23.284s][info][gc,phases      ] GC(177) Summary Phase 0.023ms
[23.284s][info][gc,phases,start] GC(177) Adjust Roots
[23.284s][info][gc,phases      ] GC(177) Adjust Roots 0.182ms
[23.284s][info][gc,phases,start] GC(177) Compaction Phase
[23.355s][info][gc,phases      ] GC(177) Compaction Phase 71.137ms
[23.355s][info][gc,phases,start] GC(177) Post Compact
[23.357s][info][gc,phases      ] GC(177) Post Compact 1.718ms
[23.357s][info][gc,heap        ] GC(177) PSYoungGen: 20480K(84480K)->20480K(84992K) Eden: 20480K(20480K)->20480K(20480K) From: 0K(64000K)->0K(64512K)
[23.357s][info][gc,heap        ] GC(177) ParOldGen: 1023869K(1024000K)->1023869K(1024000K)
[23.357s][info][gc,metaspace   ] GC(177) Metaspace: 6297K(6464K)->6297K(6464K) NonClass: 5764K(5824K)->5764K(5824K) Class: 533K(640K)->533K(640K)
[23.357s][info][gc             ] GC(177) Pause Full (Ergonomics) 1019M->1019M(1083M) 314.507ms
[23.357s][info][gc,cpu         ] GC(177) User=1.39s Sys=0.00s Real=0.32s
[23.358s][info][gc,start       ] GC(178) Pause Full (Ergonomics)
[23.358s][info][gc,phases,start] GC(178) Marking Phase
[23.630s][info][gc,phases      ] GC(178) Marking Phase 272.451ms
[23.630s][info][gc,phases,start] GC(178) Summary Phase
[23.630s][info][gc,phases      ] GC(178) Summary Phase 0.022ms
[23.630s][info][gc,phases,start] GC(178) Adjust Roots
[23.630s][info][gc,phases      ] GC(178) Adjust Roots 0.179ms
[23.630s][info][gc,phases,start] GC(178) Compaction Phase
[23.699s][info][gc,phases      ] GC(178) Compaction Phase 68.689ms
[23.699s][info][gc,phases,start] GC(178) Post Compact
[23.701s][info][gc,phases      ] GC(178) Post Compact 1.507ms
[23.701s][info][gc,heap        ] GC(178) PSYoungGen: 20480K(84992K)->20480K(84480K) Eden: 20480K(20480K)->20480K(20480K) From: 0K(64512K)->0K(64000K)
[23.701s][info][gc,heap        ] GC(178) ParOldGen: 1023873K(1024000K)->1023873K(1024000K)
[23.701s][info][gc,metaspace   ] GC(178) Metaspace: 6297K(6464K)->6297K(6464K) NonClass: 5764K(5824K)->5764K(5824K) Class: 533K(640K)->533K(640K)
[23.701s][info][gc             ] GC(178) Pause Full (Ergonomics) 1019M->1019M(1082M) 343.145ms
[23.701s][info][gc,cpu         ] GC(178) User=1.56s Sys=0.02s Real=0.34s
[23.701s][info][gc,start       ] GC(179) Pause Full (Ergonomics)
[23.701s][info][gc,phases,start] GC(179) Marking Phase
[23.957s][info][gc,phases      ] GC(179) Marking Phase 255.781ms
[23.957s][info][gc,phases,start] GC(179) Summary Phase
[23.957s][info][gc,phases      ] GC(179) Summary Phase 0.021ms
[23.957s][info][gc,phases,start] GC(179) Adjust Roots
[23.957s][info][gc,phases      ] GC(179) Adjust Roots 0.191ms
[23.957s][info][gc,phases,start] GC(179) Compaction Phase
[24.029s][info][gc,phases      ] GC(179) Compaction Phase 71.798ms
[24.029s][info][gc,phases,start] GC(179) Post Compact
[24.031s][info][gc,phases      ] GC(179) Post Compact 1.526ms
[24.031s][info][gc,heap        ] GC(179) PSYoungGen: 20480K(84480K)->20480K(84992K) Eden: 20480K(20480K)->20480K(20480K) From: 0K(64000K)->0K(64512K)
[24.031s][info][gc,heap        ] GC(179) ParOldGen: 1023878K(1024000K)->1023878K(1024000K)
[24.031s][info][gc,metaspace   ] GC(179) Metaspace: 6297K(6464K)->6297K(6464K) NonClass: 5764K(5824K)->5764K(5824K) Class: 533K(640K)->533K(640K)
[24.031s][info][gc             ] GC(179) Pause Full (Ergonomics) 1019M->1019M(1083M) 329.650ms
[24.031s][info][gc,cpu         ] GC(179) User=1.53s Sys=0.02s Real=0.33s
[24.031s][info][gc,start       ] GC(180) Pause Full (Ergonomics)
[24.031s][info][gc,phases,start] GC(180) Marking Phase
[24.299s][info][gc,phases      ] GC(180) Marking Phase 267.969ms
[24.299s][info][gc,phases,start] GC(180) Summary Phase
[24.299s][info][gc,phases      ] GC(180) Summary Phase 0.023ms
[24.299s][info][gc,phases,start] GC(180) Adjust Roots
[24.299s][info][gc,phases      ] GC(180) Adjust Roots 0.215ms
[24.299s][info][gc,phases,start] GC(180) Compaction Phase
[24.369s][info][gc,phases      ] GC(180) Compaction Phase 69.522ms
[24.369s][info][gc,phases,start] GC(180) Post Compact
[24.370s][info][gc,phases      ] GC(180) Post Compact 1.566ms
[24.370s][info][gc,heap        ] GC(180) PSYoungGen: 20480K(84992K)->20480K(84480K) Eden: 20480K(20480K)->20480K(20480K) From: 0K(64512K)->0K(64000K)
[24.370s][info][gc,heap        ] GC(180) ParOldGen: 1023883K(1024000K)->1023883K(1024000K)
[24.370s][info][gc,metaspace   ] GC(180) Metaspace: 6297K(6464K)->6297K(6464K) NonClass: 5764K(5824K)->5764K(5824K) Class: 533K(640K)->533K(640K)
[24.370s][info][gc             ] GC(180) Pause Full (Ergonomics) 1019M->1019M(1082M) 339.601ms
[24.371s][info][gc,cpu         ] GC(180) User=1.66s Sys=0.00s Real=0.34s
[24.371s][info][gc,start       ] GC(181) Pause Full (Ergonomics)
[24.371s][info][gc,phases,start] GC(181) Marking Phase
[24.626s][info][gc,phases      ] GC(181) Marking Phase 255.391ms
[24.626s][info][gc,phases,start] GC(181) Summary Phase
[24.626s][info][gc,phases      ] GC(181) Summary Phase 0.022ms
[24.626s][info][gc,phases,start] GC(181) Adjust Roots
[24.626s][info][gc,phases      ] GC(181) Adjust Roots 0.191ms
[24.626s][info][gc,phases,start] GC(181) Compaction Phase
[24.698s][info][gc,phases      ] GC(181) Compaction Phase 71.873ms
[24.698s][info][gc,phases,start] GC(181) Post Compact
[24.700s][info][gc,phases      ] GC(181) Post Compact 1.571ms
[24.700s][info][gc,heap        ] GC(181) PSYoungGen: 20480K(84480K)->20480K(84992K) Eden: 20480K(20480K)->20480K(20480K) From: 0K(64000K)->0K(64512K)
[24.700s][info][gc,heap        ] GC(181) ParOldGen: 1023887K(1024000K)->1023887K(1024000K)
[24.700s][info][gc,metaspace   ] GC(181) Metaspace: 6297K(6464K)->6297K(6464K) NonClass: 5764K(5824K)->5764K(5824K) Class: 533K(640K)->533K(640K)
[24.700s][info][gc             ] GC(181) Pause Full (Ergonomics) 1019M->1019M(1083M) 329.346ms
[24.700s][info][gc,cpu         ] GC(181) User=1.50s Sys=0.02s Real=0.33s
[24.700s][info][gc,start       ] GC(182) Pause Full (Ergonomics)
[24.700s][info][gc,phases,start] GC(182) Marking Phase
[24.943s][info][gc,phases      ] GC(182) Marking Phase 242.717ms
[24.943s][info][gc,phases,start] GC(182) Summary Phase
[24.943s][info][gc,phases      ] GC(182) Summary Phase 0.023ms
[24.943s][info][gc,phases,start] GC(182) Adjust Roots
[24.943s][info][gc,phases      ] GC(182) Adjust Roots 0.179ms
[24.943s][info][gc,phases,start] GC(182) Compaction Phase
[25.015s][info][gc,phases      ] GC(182) Compaction Phase 72.083ms
[25.016s][info][gc,phases,start] GC(182) Post Compact
[25.017s][info][gc,phases      ] GC(182) Post Compact 1.614ms
[25.017s][info][gc,heap        ] GC(182) PSYoungGen: 20480K(84992K)->20480K(84480K) Eden: 20480K(20480K)->20480K(20480K) From: 0K(64512K)->0K(64000K)
[25.017s][info][gc,heap        ] GC(182) ParOldGen: 1023892K(1024000K)->1023892K(1024000K)
[25.017s][info][gc,metaspace   ] GC(182) Metaspace: 6297K(6464K)->6297K(6464K) NonClass: 5764K(5824K)->5764K(5824K) Class: 533K(640K)->533K(640K)
[25.017s][info][gc             ] GC(182) Pause Full (Ergonomics) 1019M->1019M(1082M) 316.963ms
[25.017s][info][gc,cpu         ] GC(182) User=1.47s Sys=0.05s Real=0.32s
[25.018s][info][gc,start       ] GC(183) Pause Full (Ergonomics)
[25.018s][info][gc,phases,start] GC(183) Marking Phase
[25.286s][info][gc,phases      ] GC(183) Marking Phase 268.205ms
[25.286s][info][gc,phases,start] GC(183) Summary Phase
[25.286s][info][gc,phases      ] GC(183) Summary Phase 0.024ms
[25.286s][info][gc,phases,start] GC(183) Adjust Roots
[25.286s][info][gc,phases      ] GC(183) Adjust Roots 0.196ms
[25.286s][info][gc,phases,start] GC(183) Compaction Phase
[25.389s][info][gc,phases      ] GC(183) Compaction Phase 102.851ms
[25.389s][info][gc,phases,start] GC(183) Post Compact
[25.391s][info][gc,phases      ] GC(183) Post Compact 1.760ms
[25.391s][info][gc,heap        ] GC(183) PSYoungGen: 20480K(84480K)->20480K(84992K) Eden: 20480K(20480K)->20480K(20480K) From: 0K(64000K)->0K(64512K)
[25.391s][info][gc,heap        ] GC(183) ParOldGen: 1023897K(1024000K)->1023897K(1024000K)
[25.391s][info][gc,metaspace   ] GC(183) Metaspace: 6297K(6464K)->6297K(6464K) NonClass: 5764K(5824K)->5764K(5824K) Class: 533K(640K)->533K(640K)
[25.391s][info][gc             ] GC(183) Pause Full (Ergonomics) 1019M->1019M(1083M) 373.377ms
[25.391s][info][gc,cpu         ] GC(183) User=1.69s Sys=0.00s Real=0.37s
[25.391s][info][gc,start       ] GC(184) Pause Full (Ergonomics)
[25.391s][info][gc,phases,start] GC(184) Marking Phase
[25.666s][info][gc,phases      ] GC(184) Marking Phase 274.884ms
[25.666s][info][gc,phases,start] GC(184) Summary Phase
[25.666s][info][gc,phases      ] GC(184) Summary Phase 0.024ms
[25.666s][info][gc,phases,start] GC(184) Adjust Roots
[25.666s][info][gc,phases      ] GC(184) Adjust Roots 0.176ms
[25.666s][info][gc,phases,start] GC(184) Compaction Phase
[25.744s][info][gc,phases      ] GC(184) Compaction Phase 77.966ms
[25.744s][info][gc,phases,start] GC(184) Post Compact
[25.746s][info][gc,phases      ] GC(184) Post Compact 1.957ms
[25.747s][info][gc,heap        ] GC(184) PSYoungGen: 20480K(84992K)->20480K(84480K) Eden: 20480K(20480K)->20480K(20480K) From: 0K(64512K)->0K(64000K)
[25.747s][info][gc,heap        ] GC(184) ParOldGen: 1023901K(1024000K)->1023901K(1024000K)
[25.747s][info][gc,metaspace   ] GC(184) Metaspace: 6297K(6464K)->6297K(6464K) NonClass: 5764K(5824K)->5764K(5824K) Class: 533K(640K)->533K(640K)
[25.747s][info][gc             ] GC(184) Pause Full (Ergonomics) 1019M->1019M(1082M) 355.406ms
[25.747s][info][gc,cpu         ] GC(184) User=1.58s Sys=0.02s Real=0.35s
[25.747s][info][gc,start       ] GC(185) Pause Full (Ergonomics)
[25.747s][info][gc,phases,start] GC(185) Marking Phase
[26.017s][info][gc,phases      ] GC(185) Marking Phase 270.412ms
[26.017s][info][gc,phases,start] GC(185) Summary Phase
[26.017s][info][gc,phases      ] GC(185) Summary Phase 0.022ms
[26.017s][info][gc,phases,start] GC(185) Adjust Roots
[26.018s][info][gc,phases      ] GC(185) Adjust Roots 0.185ms
[26.018s][info][gc,phases,start] GC(185) Compaction Phase
[26.093s][info][gc,phases      ] GC(185) Compaction Phase 75.521ms
[26.093s][info][gc,phases,start] GC(185) Post Compact
[26.095s][info][gc,phases      ] GC(185) Post Compact 1.592ms
[26.095s][info][gc,heap        ] GC(185) PSYoungGen: 20480K(84480K)->20480K(84992K) Eden: 20480K(20480K)->20480K(20480K) From: 0K(64000K)->0K(64512K)
[26.095s][info][gc,heap        ] GC(185) ParOldGen: 1023906K(1024000K)->1023906K(1024000K)
[26.095s][info][gc,metaspace   ] GC(185) Metaspace: 6297K(6464K)->6297K(6464K) NonClass: 5764K(5824K)->5764K(5824K) Class: 533K(640K)->533K(640K)
[26.095s][info][gc             ] GC(185) Pause Full (Ergonomics) 1019M->1019M(1083M) 348.039ms
[26.095s][info][gc,cpu         ] GC(185) User=1.66s Sys=0.00s Real=0.35s
[26.095s][info][gc,start       ] GC(186) Pause Full (Ergonomics)
[26.095s][info][gc,phases,start] GC(186) Marking Phase
[26.350s][info][gc,phases      ] GC(186) Marking Phase 254.602ms
[26.350s][info][gc,phases,start] GC(186) Summary Phase
[26.350s][info][gc,phases      ] GC(186) Summary Phase 0.024ms
[26.350s][info][gc,phases,start] GC(186) Adjust Roots
[26.350s][info][gc,phases      ] GC(186) Adjust Roots 0.186ms
[26.350s][info][gc,phases,start] GC(186) Compaction Phase
[26.421s][info][gc,phases      ] GC(186) Compaction Phase 71.035ms
[26.421s][info][gc,phases,start] GC(186) Post Compact
[26.423s][info][gc,phases      ] GC(186) Post Compact 1.439ms
[26.423s][info][gc,heap        ] GC(186) PSYoungGen: 20480K(84992K)->20480K(84480K) Eden: 20480K(20480K)->20480K(20480K) From: 0K(64512K)->0K(64000K)
[26.423s][info][gc,heap        ] GC(186) ParOldGen: 1023911K(1024000K)->1023911K(1024000K)
[26.423s][info][gc,metaspace   ] GC(186) Metaspace: 6297K(6464K)->6297K(6464K) NonClass: 5764K(5824K)->5764K(5824K) Class: 533K(640K)->533K(640K)
[26.423s][info][gc             ] GC(186) Pause Full (Ergonomics) 1019M->1019M(1082M) 327.583ms
[26.423s][info][gc,cpu         ] GC(186) User=1.56s Sys=0.00s Real=0.33s
[26.423s][info][gc,start       ] GC(187) Pause Full (Ergonomics)
[26.423s][info][gc,phases,start] GC(187) Marking Phase
[26.682s][info][gc,phases      ] GC(187) Marking Phase 258.921ms
[26.682s][info][gc,phases,start] GC(187) Summary Phase
[26.682s][info][gc,phases      ] GC(187) Summary Phase 0.023ms
[26.682s][info][gc,phases,start] GC(187) Adjust Roots
[26.682s][info][gc,phases      ] GC(187) Adjust Roots 0.181ms
[26.682s][info][gc,phases,start] GC(187) Compaction Phase
[26.761s][info][gc,phases      ] GC(187) Compaction Phase 78.459ms
[26.761s][info][gc,phases,start] GC(187) Post Compact
[26.763s][info][gc,phases      ] GC(187) Post Compact 1.833ms
[26.763s][info][gc,heap        ] GC(187) PSYoungGen: 20480K(84480K)->20480K(84992K) Eden: 20480K(20480K)->20480K(20480K) From: 0K(64000K)->0K(64512K)
[26.763s][info][gc,heap        ] GC(187) ParOldGen: 1023915K(1024000K)->1023915K(1024000K)
[26.763s][info][gc,metaspace   ] GC(187) Metaspace: 6297K(6464K)->6297K(6464K) NonClass: 5764K(5824K)->5764K(5824K) Class: 533K(640K)->533K(640K)
[26.763s][info][gc             ] GC(187) Pause Full (Ergonomics) 1019M->1019M(1083M) 339.788ms
[26.763s][info][gc,cpu         ] GC(187) User=1.52s Sys=0.02s Real=0.34s
[26.763s][info][gc,start       ] GC(188) Pause Full (Ergonomics)
[26.763s][info][gc,phases,start] GC(188) Marking Phase
[27.023s][info][gc,phases      ] GC(188) Marking Phase 259.599ms
[27.023s][info][gc,phases,start] GC(188) Summary Phase
[27.023s][info][gc,phases      ] GC(188) Summary Phase 0.024ms
[27.023s][info][gc,phases,start] GC(188) Adjust Roots
[27.023s][info][gc,phases      ] GC(188) Adjust Roots 0.197ms
[27.023s][info][gc,phases,start] GC(188) Compaction Phase
[27.094s][info][gc,phases      ] GC(188) Compaction Phase 70.547ms
[27.094s][info][gc,phases,start] GC(188) Post Compact
[27.095s][info][gc,phases      ] GC(188) Post Compact 1.466ms
[27.095s][info][gc,heap        ] GC(188) PSYoungGen: 20480K(84992K)->20480K(84480K) Eden: 20480K(20480K)->20480K(20480K) From: 0K(64512K)->0K(64000K)
[27.095s][info][gc,heap        ] GC(188) ParOldGen: 1023920K(1024000K)->1023920K(1024000K)
[27.095s][info][gc,metaspace   ] GC(188) Metaspace: 6297K(6464K)->6297K(6464K) NonClass: 5764K(5824K)->5764K(5824K) Class: 533K(640K)->533K(640K)
[27.095s][info][gc             ] GC(188) Pause Full (Ergonomics) 1019M->1019M(1082M) 332.169ms
[27.095s][info][gc,cpu         ] GC(188) User=1.56s Sys=0.00s Real=0.33s
[27.096s][info][gc,start       ] GC(189) Pause Full (Ergonomics)
[27.096s][info][gc,phases,start] GC(189) Marking Phase
[27.359s][info][gc,phases      ] GC(189) Marking Phase 263.215ms
[27.359s][info][gc,phases,start] GC(189) Summary Phase
[27.359s][info][gc,phases      ] GC(189) Summary Phase 0.023ms
[27.359s][info][gc,phases,start] GC(189) Adjust Roots
[27.359s][info][gc,phases      ] GC(189) Adjust Roots 0.209ms
[27.359s][info][gc,phases,start] GC(189) Compaction Phase
[27.430s][info][gc,phases      ] GC(189) Compaction Phase 71.072ms
[27.430s][info][gc,phases,start] GC(189) Post Compact
[27.432s][info][gc,phases      ] GC(189) Post Compact 1.574ms
[27.432s][info][gc,heap        ] GC(189) PSYoungGen: 20480K(84480K)->20480K(84992K) Eden: 20480K(20480K)->20480K(20480K) From: 0K(64000K)->0K(64512K)
[27.432s][info][gc,heap        ] GC(189) ParOldGen: 1023925K(1024000K)->1023925K(1024000K)
[27.432s][info][gc,metaspace   ] GC(189) Metaspace: 6297K(6464K)->6297K(6464K) NonClass: 5764K(5824K)->5764K(5824K) Class: 533K(640K)->533K(640K)
[27.432s][info][gc             ] GC(189) Pause Full (Ergonomics) 1019M->1019M(1083M) 336.452ms
[27.432s][info][gc,cpu         ] GC(189) User=1.59s Sys=0.00s Real=0.34s
[27.432s][info][gc,start       ] GC(190) Pause Full (Ergonomics)
[27.432s][info][gc,phases,start] GC(190) Marking Phase
[27.684s][info][gc,phases      ] GC(190) Marking Phase 251.192ms
[27.684s][info][gc,phases,start] GC(190) Summary Phase
[27.684s][info][gc,phases      ] GC(190) Summary Phase 0.024ms
[27.684s][info][gc,phases,start] GC(190) Adjust Roots
[27.684s][info][gc,phases      ] GC(190) Adjust Roots 0.178ms
[27.684s][info][gc,phases,start] GC(190) Compaction Phase
[27.755s][info][gc,phases      ] GC(190) Compaction Phase 71.123ms
[27.755s][info][gc,phases,start] GC(190) Post Compact
[27.757s][info][gc,phases      ] GC(190) Post Compact 1.464ms
[27.757s][info][gc,heap        ] GC(190) PSYoungGen: 20480K(84992K)->20480K(84480K) Eden: 20480K(20480K)->20480K(20480K) From: 0K(64512K)->0K(64000K)
[27.757s][info][gc,heap        ] GC(190) ParOldGen: 1023929K(1024000K)->1023929K(1024000K)
[27.757s][info][gc,metaspace   ] GC(190) Metaspace: 6297K(6464K)->6297K(6464K) NonClass: 5764K(5824K)->5764K(5824K) Class: 533K(640K)->533K(640K)
[27.757s][info][gc             ] GC(190) Pause Full (Ergonomics) 1019M->1019M(1082M) 324.311ms
[27.757s][info][gc,cpu         ] GC(190) User=1.45s Sys=0.02s Real=0.32s
[27.757s][info][gc,start       ] GC(191) Pause Full (Ergonomics)
[27.757s][info][gc,phases,start] GC(191) Marking Phase
[28.010s][info][gc,phases      ] GC(191) Marking Phase 253.111ms
[28.010s][info][gc,phases,start] GC(191) Summary Phase
[28.010s][info][gc,phases      ] GC(191) Summary Phase 0.023ms
[28.010s][info][gc,phases,start] GC(191) Adjust Roots
[28.010s][info][gc,phases      ] GC(191) Adjust Roots 0.180ms
[28.010s][info][gc,phases,start] GC(191) Compaction Phase
[28.083s][info][gc,phases      ] GC(191) Compaction Phase 72.872ms
[28.083s][info][gc,phases,start] GC(191) Post Compact
[28.085s][info][gc,phases      ] GC(191) Post Compact 1.639ms
[28.085s][info][gc,heap        ] GC(191) PSYoungGen: 20480K(84480K)->20480K(84992K) Eden: 20480K(20480K)->20480K(20480K) From: 0K(64000K)->0K(64512K)
[28.085s][info][gc,heap        ] GC(191) ParOldGen: 1023934K(1024000K)->1023934K(1024000K)
[28.085s][info][gc,metaspace   ] GC(191) Metaspace: 6297K(6464K)->6297K(6464K) NonClass: 5764K(5824K)->5764K(5824K) Class: 533K(640K)->533K(640K)
[28.085s][info][gc             ] GC(191) Pause Full (Ergonomics) 1019M->1019M(1083M) 328.177ms
[28.085s][info][gc,cpu         ] GC(191) User=1.47s Sys=0.00s Real=0.33s
[28.085s][info][gc,start       ] GC(192) Pause Full (Ergonomics)
[28.085s][info][gc,phases,start] GC(192) Marking Phase
[28.346s][info][gc,phases      ] GC(192) Marking Phase 261.085ms
[28.347s][info][gc,phases,start] GC(192) Summary Phase
[28.347s][info][gc,phases      ] GC(192) Summary Phase 0.023ms
[28.347s][info][gc,phases,start] GC(192) Adjust Roots
[28.347s][info][gc,phases      ] GC(192) Adjust Roots 0.184ms
[28.347s][info][gc,phases,start] GC(192) Compaction Phase
[28.422s][info][gc,phases      ] GC(192) Compaction Phase 75.479ms
[28.422s][info][gc,phases,start] GC(192) Post Compact
[28.424s][info][gc,phases      ] GC(192) Post Compact 1.505ms
[28.424s][info][gc,heap        ] GC(192) PSYoungGen: 20480K(84992K)->20480K(84480K) Eden: 20480K(20480K)->20480K(20480K) From: 0K(64512K)->0K(64000K)
[28.424s][info][gc,heap        ] GC(192) ParOldGen: 1023939K(1024000K)->1023939K(1024000K)
[28.424s][info][gc,metaspace   ] GC(192) Metaspace: 6297K(6464K)->6297K(6464K) NonClass: 5764K(5824K)->5764K(5824K) Class: 533K(640K)->533K(640K)
[28.424s][info][gc             ] GC(192) Pause Full (Ergonomics) 1019M->1019M(1082M) 338.575ms
[28.424s][info][gc,cpu         ] GC(192) User=1.53s Sys=0.00s Real=0.34s
[28.424s][info][gc,start       ] GC(193) Pause Full (Ergonomics)
[28.424s][info][gc,phases,start] GC(193) Marking Phase
[28.700s][info][gc,phases      ] GC(193) Marking Phase 276.251ms
[28.700s][info][gc,phases,start] GC(193) Summary Phase
[28.701s][info][gc,phases      ] GC(193) Summary Phase 0.023ms
[28.701s][info][gc,phases,start] GC(193) Adjust Roots
[28.701s][info][gc,phases      ] GC(193) Adjust Roots 0.204ms
[28.701s][info][gc,phases,start] GC(193) Compaction Phase
[28.782s][info][gc,phases      ] GC(193) Compaction Phase 80.746ms
[28.782s][info][gc,phases,start] GC(193) Post Compact
[28.783s][info][gc,phases      ] GC(193) Post Compact 1.603ms
[28.783s][info][gc,heap        ] GC(193) PSYoungGen: 20480K(84480K)->20480K(84992K) Eden: 20480K(20480K)->20480K(20480K) From: 0K(64000K)->0K(64512K)
[28.783s][info][gc,heap        ] GC(193) ParOldGen: 1023943K(1024000K)->1023943K(1024000K)
[28.783s][info][gc,metaspace   ] GC(193) Metaspace: 6297K(6464K)->6297K(6464K) NonClass: 5764K(5824K)->5764K(5824K) Class: 533K(640K)->533K(640K)
[28.783s][info][gc             ] GC(193) Pause Full (Ergonomics) 1019M->1019M(1083M) 359.125ms
[28.783s][info][gc,cpu         ] GC(193) User=1.64s Sys=0.02s Real=0.36s
[28.784s][info][gc,start       ] GC(194) Pause Full (Ergonomics)
[28.784s][info][gc,phases,start] GC(194) Marking Phase
[29.034s][info][gc,phases      ] GC(194) Marking Phase 250.377ms
[29.034s][info][gc,phases,start] GC(194) Summary Phase
[29.034s][info][gc,phases      ] GC(194) Summary Phase 0.024ms
[29.034s][info][gc,phases,start] GC(194) Adjust Roots
[29.034s][info][gc,phases      ] GC(194) Adjust Roots 0.178ms
[29.034s][info][gc,phases,start] GC(194) Compaction Phase
[29.110s][info][gc,phases      ] GC(194) Compaction Phase 75.514ms
[29.110s][info][gc,phases,start] GC(194) Post Compact
[29.111s][info][gc,phases      ] GC(194) Post Compact 1.617ms
[29.111s][info][gc,heap        ] GC(194) PSYoungGen: 20480K(84992K)->20480K(84480K) Eden: 20480K(20480K)->20480K(20480K) From: 0K(64512K)->0K(64000K)
[29.112s][info][gc,heap        ] GC(194) ParOldGen: 1023948K(1024000K)->1023948K(1024000K)
[29.112s][info][gc,metaspace   ] GC(194) Metaspace: 6297K(6464K)->6297K(6464K) NonClass: 5764K(5824K)->5764K(5824K) Class: 533K(640K)->533K(640K)
[29.112s][info][gc             ] GC(194) Pause Full (Ergonomics) 1019M->1019M(1082M) 328.028ms
[29.112s][info][gc,cpu         ] GC(194) User=1.56s Sys=0.00s Real=0.33s
[29.112s][info][gc,start       ] GC(195) Pause Full (Ergonomics)
[29.112s][info][gc,phases,start] GC(195) Marking Phase
[29.352s][info][gc,phases      ] GC(195) Marking Phase 239.921ms
[29.352s][info][gc,phases,start] GC(195) Summary Phase
[29.352s][info][gc,phases      ] GC(195) Summary Phase 0.024ms
[29.352s][info][gc,phases,start] GC(195) Adjust Roots
[29.352s][info][gc,phases      ] GC(195) Adjust Roots 0.178ms
[29.352s][info][gc,phases,start] GC(195) Compaction Phase
[29.426s][info][gc,phases      ] GC(195) Compaction Phase 73.611ms
[29.426s][info][gc,phases,start] GC(195) Post Compact
[29.427s][info][gc,phases      ] GC(195) Post Compact 1.644ms
[29.427s][info][gc,heap        ] GC(195) PSYoungGen: 20480K(84480K)->20480K(84992K) Eden: 20480K(20480K)->20480K(20480K) From: 0K(64000K)->0K(64512K)
[29.427s][info][gc,heap        ] GC(195) ParOldGen: 1023953K(1024000K)->1023953K(1024000K)
[29.427s][info][gc,metaspace   ] GC(195) Metaspace: 6297K(6464K)->6297K(6464K) NonClass: 5764K(5824K)->5764K(5824K) Class: 533K(640K)->533K(640K)
[29.428s][info][gc             ] GC(195) Pause Full (Ergonomics) 1019M->1019M(1083M) 315.709ms
[29.428s][info][gc,cpu         ] GC(195) User=1.50s Sys=0.00s Real=0.32s
[29.428s][info][gc,start       ] GC(196) Pause Full (Ergonomics)
[29.428s][info][gc,phases,start] GC(196) Marking Phase
[29.677s][info][gc,phases      ] GC(196) Marking Phase 249.398ms
[29.677s][info][gc,phases,start] GC(196) Summary Phase
[29.677s][info][gc,phases      ] GC(196) Summary Phase 0.024ms
[29.677s][info][gc,phases,start] GC(196) Adjust Roots
[29.678s][info][gc,phases      ] GC(196) Adjust Roots 0.187ms
[29.678s][info][gc,phases,start] GC(196) Compaction Phase
[29.750s][info][gc,phases      ] GC(196) Compaction Phase 72.385ms
[29.750s][info][gc,phases,start] GC(196) Post Compact
[29.752s][info][gc,phases      ] GC(196) Post Compact 1.517ms
[29.752s][info][gc,heap        ] GC(196) PSYoungGen: 20480K(84992K)->20480K(84480K) Eden: 20480K(20480K)->20480K(20480K) From: 0K(64512K)->0K(64000K)
[29.752s][info][gc,heap        ] GC(196) ParOldGen: 1023957K(1024000K)->1023957K(1024000K)
[29.752s][info][gc,metaspace   ] GC(196) Metaspace: 6297K(6464K)->6297K(6464K) NonClass: 5764K(5824K)->5764K(5824K) Class: 533K(640K)->533K(640K)
[29.752s][info][gc             ] GC(196) Pause Full (Ergonomics) 1019M->1019M(1082M) 323.812ms
[29.752s][info][gc,cpu         ] GC(196) User=1.45s Sys=0.02s Real=0.32s
[29.752s][info][gc,start       ] GC(197) Pause Full (Ergonomics)
[29.752s][info][gc,phases,start] GC(197) Marking Phase
[30.006s][info][gc,phases      ] GC(197) Marking Phase 253.693ms
[30.006s][info][gc,phases,start] GC(197) Summary Phase
[30.006s][info][gc,phases      ] GC(197) Summary Phase 0.023ms
[30.006s][info][gc,phases,start] GC(197) Adjust Roots
[30.006s][info][gc,phases      ] GC(197) Adjust Roots 0.179ms
[30.006s][info][gc,phases,start] GC(197) Compaction Phase
[30.085s][info][gc,phases      ] GC(197) Compaction Phase 79.039ms
[30.085s][info][gc,phases,start] GC(197) Post Compact
[30.087s][info][gc,phases      ] GC(197) Post Compact 1.832ms
[30.087s][info][gc,heap        ] GC(197) PSYoungGen: 20480K(84480K)->20480K(84992K) Eden: 20480K(20480K)->20480K(20480K) From: 0K(64000K)->0K(64512K)
[30.087s][info][gc,heap        ] GC(197) ParOldGen: 1023962K(1024000K)->1023962K(1024000K)
[30.087s][info][gc,metaspace   ] GC(197) Metaspace: 6297K(6464K)->6297K(6464K) NonClass: 5764K(5824K)->5764K(5824K) Class: 533K(640K)->533K(640K)
[30.087s][info][gc             ] GC(197) Pause Full (Ergonomics) 1019M->1019M(1083M) 335.108ms
[30.087s][info][gc,cpu         ] GC(197) User=1.55s Sys=0.02s Real=0.33s
[30.087s][info][gc,start       ] GC(198) Pause Full (Ergonomics)
[30.087s][info][gc,phases,start] GC(198) Marking Phase
[30.350s][info][gc,phases      ] GC(198) Marking Phase 262.490ms
[30.350s][info][gc,phases,start] GC(198) Summary Phase
[30.350s][info][gc,phases      ] GC(198) Summary Phase 0.023ms
[30.350s][info][gc,phases,start] GC(198) Adjust Roots
[30.350s][info][gc,phases      ] GC(198) Adjust Roots 0.184ms
[30.350s][info][gc,phases,start] GC(198) Compaction Phase
[30.421s][info][gc,phases      ] GC(198) Compaction Phase 71.128ms
[30.421s][info][gc,phases,start] GC(198) Post Compact
[30.423s][info][gc,phases      ] GC(198) Post Compact 1.576ms
[30.423s][info][gc,heap        ] GC(198) PSYoungGen: 20480K(84992K)->20480K(84480K) Eden: 20480K(20480K)->20480K(20480K) From: 0K(64512K)->0K(64000K)
[30.423s][info][gc,heap        ] GC(198) ParOldGen: 1023967K(1024000K)->1023967K(1024000K)
[30.423s][info][gc,metaspace   ] GC(198) Metaspace: 6297K(6464K)->6297K(6464K) NonClass: 5764K(5824K)->5764K(5824K) Class: 533K(640K)->533K(640K)
[30.423s][info][gc             ] GC(198) Pause Full (Ergonomics) 1019M->1019M(1082M) 335.700ms
[30.423s][info][gc,cpu         ] GC(198) User=1.56s Sys=0.00s Real=0.34s
[30.423s][info][gc,start       ] GC(199) Pause Full (Ergonomics)
[30.423s][info][gc,phases,start] GC(199) Marking Phase
[30.680s][info][gc,phases      ] GC(199) Marking Phase 257.034ms
[30.680s][info][gc,phases,start] GC(199) Summary Phase
[30.680s][info][gc,phases      ] GC(199) Summary Phase 0.021ms
[30.680s][info][gc,phases,start] GC(199) Adjust Roots
[30.681s][info][gc,phases      ] GC(199) Adjust Roots 0.185ms
[30.681s][info][gc,phases,start] GC(199) Compaction Phase
[30.760s][info][gc,phases      ] GC(199) Compaction Phase 79.530ms
[30.760s][info][gc,phases,start] GC(199) Post Compact
[30.762s][info][gc,phases      ] GC(199) Post Compact 1.860ms
[30.762s][info][gc,heap        ] GC(199) PSYoungGen: 20480K(84480K)->20480K(84992K) Eden: 20480K(20480K)->20480K(20480K) From: 0K(64000K)->0K(64512K)
[30.762s][info][gc,heap        ] GC(199) ParOldGen: 1023971K(1024000K)->1023971K(1024000K)
[30.762s][info][gc,metaspace   ] GC(199) Metaspace: 6297K(6464K)->6297K(6464K) NonClass: 5764K(5824K)->5764K(5824K) Class: 533K(640K)->533K(640K)
[30.762s][info][gc             ] GC(199) Pause Full (Ergonomics) 1019M->1019M(1083M) 338.977ms
[30.762s][info][gc,cpu         ] GC(199) User=1.53s Sys=0.02s Real=0.34s
[30.762s][info][gc,start       ] GC(200) Pause Full (Ergonomics)
[30.763s][info][gc,phases,start] GC(200) Marking Phase
[31.021s][info][gc,phases      ] GC(200) Marking Phase 258.033ms
[31.021s][info][gc,phases,start] GC(200) Summary Phase
[31.021s][info][gc,phases      ] GC(200) Summary Phase 0.023ms
[31.021s][info][gc,phases,start] GC(200) Adjust Roots
[31.021s][info][gc,phases      ] GC(200) Adjust Roots 0.196ms
[31.021s][info][gc,phases,start] GC(200) Compaction Phase
[31.097s][info][gc,phases      ] GC(200) Compaction Phase 76.253ms
[31.097s][info][gc,phases,start] GC(200) Post Compact
[31.099s][info][gc,phases      ] GC(200) Post Compact 1.605ms
[31.099s][info][gc,heap        ] GC(200) PSYoungGen: 20480K(84992K)->20480K(84480K) Eden: 20480K(20480K)->20480K(20480K) From: 0K(64512K)->0K(64000K)
[31.099s][info][gc,heap        ] GC(200) ParOldGen: 1023976K(1024000K)->1023976K(1024000K)
[31.099s][info][gc,metaspace   ] GC(200) Metaspace: 6297K(6464K)->6297K(6464K) NonClass: 5764K(5824K)->5764K(5824K) Class: 533K(640K)->533K(640K)
[31.099s][info][gc             ] GC(200) Pause Full (Ergonomics) 1019M->1019M(1082M) 336.411ms
[31.099s][info][gc,cpu         ] GC(200) User=1.58s Sys=0.02s Real=0.34s
[31.099s][info][gc,start       ] GC(201) Pause Full (Ergonomics)
[31.099s][info][gc,phases,start] GC(201) Marking Phase
[31.352s][info][gc,phases      ] GC(201) Marking Phase 252.341ms
[31.352s][info][gc,phases,start] GC(201) Summary Phase
[31.352s][info][gc,phases      ] GC(201) Summary Phase 0.021ms
[31.352s][info][gc,phases,start] GC(201) Adjust Roots
[31.352s][info][gc,phases      ] GC(201) Adjust Roots 0.199ms
[31.352s][info][gc,phases,start] GC(201) Compaction Phase
[31.423s][info][gc,phases      ] GC(201) Compaction Phase 71.218ms
[31.423s][info][gc,phases,start] GC(201) Post Compact
[31.425s][info][gc,phases      ] GC(201) Post Compact 1.518ms
[31.425s][info][gc,heap        ] GC(201) PSYoungGen: 20480K(84480K)->20480K(84992K) Eden: 20480K(20480K)->20480K(20480K) From: 0K(64000K)->0K(64512K)
[31.425s][info][gc,heap        ] GC(201) ParOldGen: 1023981K(1024000K)->1023981K(1024000K)
[31.425s][info][gc,metaspace   ] GC(201) Metaspace: 6297K(6464K)->6297K(6464K) NonClass: 5764K(5824K)->5764K(5824K) Class: 533K(640K)->533K(640K)
[31.425s][info][gc             ] GC(201) Pause Full (Ergonomics) 1019M->1019M(1083M) 325.577ms
[31.425s][info][gc,cpu         ] GC(201) User=1.48s Sys=0.00s Real=0.33s
[31.425s][info][gc,start       ] GC(202) Pause Full (Ergonomics)
[31.425s][info][gc,phases,start] GC(202) Marking Phase
[31.694s][info][gc,phases      ] GC(202) Marking Phase 268.966ms
[31.694s][info][gc,phases,start] GC(202) Summary Phase
[31.694s][info][gc,phases      ] GC(202) Summary Phase 0.023ms
[31.694s][info][gc,phases,start] GC(202) Adjust Roots
[31.694s][info][gc,phases      ] GC(202) Adjust Roots 0.174ms
[31.694s][info][gc,phases,start] GC(202) Compaction Phase
[31.766s][info][gc,phases      ] GC(202) Compaction Phase 71.636ms
[31.766s][info][gc,phases,start] GC(202) Post Compact
[31.768s][info][gc,phases      ] GC(202) Post Compact 1.590ms
[31.768s][info][gc,heap        ] GC(202) PSYoungGen: 20480K(84992K)->20480K(84480K) Eden: 20480K(20480K)->20480K(20480K) From: 0K(64512K)->0K(64000K)
[31.768s][info][gc,heap        ] GC(202) ParOldGen: 1023985K(1024000K)->1023985K(1024000K)
[31.768s][info][gc,metaspace   ] GC(202) Metaspace: 6297K(6464K)->6297K(6464K) NonClass: 5764K(5824K)->5764K(5824K) Class: 533K(640K)->533K(640K)
[31.768s][info][gc             ] GC(202) Pause Full (Ergonomics) 1019M->1019M(1082M) 342.686ms
[31.768s][info][gc,cpu         ] GC(202) User=1.52s Sys=0.00s Real=0.34s
[31.768s][info][gc,start       ] GC(203) Pause Full (Ergonomics)
[31.768s][info][gc,phases,start] GC(203) Marking Phase
[32.027s][info][gc,phases      ] GC(203) Marking Phase 258.813ms
[32.027s][info][gc,phases,start] GC(203) Summary Phase
[32.027s][info][gc,phases      ] GC(203) Summary Phase 0.023ms
[32.027s][info][gc,phases,start] GC(203) Adjust Roots
[32.027s][info][gc,phases      ] GC(203) Adjust Roots 0.190ms
[32.027s][info][gc,phases,start] GC(203) Compaction Phase
[32.103s][info][gc,phases      ] GC(203) Compaction Phase 76.097ms
[32.103s][info][gc,phases,start] GC(203) Post Compact
[32.105s][info][gc,phases      ] GC(203) Post Compact 1.937ms
[32.105s][info][gc,heap        ] GC(203) PSYoungGen: 20480K(84480K)->20480K(84992K) Eden: 20480K(20480K)->20480K(20480K) From: 0K(64000K)->0K(64512K)
[32.105s][info][gc,heap        ] GC(203) ParOldGen: 1023990K(1024000K)->1023990K(1024000K)
[32.105s][info][gc,metaspace   ] GC(203) Metaspace: 6297K(6464K)->6297K(6464K) NonClass: 5764K(5824K)->5764K(5824K) Class: 533K(640K)->533K(640K)
[32.105s][info][gc             ] GC(203) Pause Full (Ergonomics) 1019M->1019M(1083M) 337.406ms
[32.105s][info][gc,cpu         ] GC(203) User=1.58s Sys=0.00s Real=0.34s
[32.106s][info][gc,start       ] GC(204) Pause Full (Ergonomics)
[32.106s][info][gc,phases,start] GC(204) Marking Phase
[32.370s][info][gc,phases      ] GC(204) Marking Phase 264.456ms
[32.370s][info][gc,phases,start] GC(204) Summary Phase
[32.370s][info][gc,phases      ] GC(204) Summary Phase 0.023ms
[32.370s][info][gc,phases,start] GC(204) Adjust Roots
[32.370s][info][gc,phases      ] GC(204) Adjust Roots 0.185ms
[32.370s][info][gc,phases,start] GC(204) Compaction Phase
[32.447s][info][gc,phases      ] GC(204) Compaction Phase 76.615ms
[32.447s][info][gc,phases,start] GC(204) Post Compact
[32.449s][info][gc,phases      ] GC(204) Post Compact 1.838ms
[32.449s][info][gc,heap        ] GC(204) PSYoungGen: 20480K(84992K)->20480K(84480K) Eden: 20480K(20480K)->20480K(20480K) From: 0K(64512K)->0K(64000K)
[32.449s][info][gc,heap        ] GC(204) ParOldGen: 1023995K(1024000K)->1023995K(1024000K)
[32.449s][info][gc,metaspace   ] GC(204) Metaspace: 6297K(6464K)->6297K(6464K) NonClass: 5764K(5824K)->5764K(5824K) Class: 533K(640K)->533K(640K)
[32.449s][info][gc             ] GC(204) Pause Full (Ergonomics) 1019M->1019M(1082M) 343.446ms
[32.449s][info][gc,cpu         ] GC(204) User=1.53s Sys=0.00s Real=0.34s
[32.449s][info][gc,start       ] GC(205) Pause Full (Ergonomics)
[32.449s][info][gc,phases,start] GC(205) Marking Phase
[32.707s][info][gc,phases      ] GC(205) Marking Phase 257.757ms
[32.707s][info][gc,phases,start] GC(205) Summary Phase
[32.707s][info][gc,phases      ] GC(205) Summary Phase 0.023ms
[32.707s][info][gc,phases,start] GC(205) Adjust Roots
[32.707s][info][gc,phases      ] GC(205) Adjust Roots 0.172ms
[32.707s][info][gc,phases,start] GC(205) Compaction Phase
[32.779s][info][gc,phases      ] GC(205) Compaction Phase 71.392ms
[32.779s][info][gc,phases,start] GC(205) Post Compact
[32.781s][info][gc,phases      ] GC(205) Post Compact 1.733ms
[32.781s][info][gc,heap        ] GC(205) PSYoungGen: 20480K(84480K)->20480K(84992K) Eden: 20480K(20480K)->20480K(20480K) From: 0K(64000K)->0K(64512K)
[32.781s][info][gc,heap        ] GC(205) ParOldGen: 1023999K(1024000K)->1023999K(1024000K)
[32.781s][info][gc,metaspace   ] GC(205) Metaspace: 6297K(6464K)->6297K(6464K) NonClass: 5764K(5824K)->5764K(5824K) Class: 533K(640K)->533K(640K)
[32.781s][info][gc             ] GC(205) Pause Full (Ergonomics) 1019M->1019M(1083M) 331.400ms
[32.781s][info][gc,cpu         ] GC(205) User=1.58s Sys=0.00s Real=0.33s
[32.781s][info][gc,start       ] GC(206) Pause Full (Allocation Failure)
[32.781s][info][gc,phases,start] GC(206) Marking Phase
[33.029s][info][gc,phases      ] GC(206) Marking Phase 247.890ms
[33.029s][info][gc,phases,start] GC(206) Summary Phase
[33.029s][info][gc,phases      ] GC(206) Summary Phase 0.024ms
[33.029s][info][gc,phases,start] GC(206) Adjust Roots
[33.029s][info][gc,phases      ] GC(206) Adjust Roots 0.378ms
[33.029s][info][gc,phases,start] GC(206) Compaction Phase
[33.247s][info][gc,phases      ] GC(206) Compaction Phase 217.755ms
[33.247s][info][gc,phases,start] GC(206) Post Compact
[33.249s][info][gc,phases      ] GC(206) Post Compact 2.019ms
[33.249s][info][gc,heap        ] GC(206) PSYoungGen: 20480K(84992K)->20480K(84480K) Eden: 20480K(20480K)->20480K(20480K) From: 0K(64512K)->0K(64000K)
[33.249s][info][gc,heap        ] GC(206) ParOldGen: 1023999K(1024000K)->1023995K(1024000K)
[33.249s][info][gc,metaspace   ] GC(206) Metaspace: 6297K(6464K)->6296K(6464K) NonClass: 5764K(5824K)->5763K(5824K) Class: 533K(640K)->532K(640K)
[33.249s][info][gc             ] GC(206) Pause Full (Allocation Failure) 1019M->1019M(1082M) 468.383ms
[33.249s][info][gc,cpu         ] GC(206) User=2.08s Sys=0.00s Real=0.47s
[33.250s][info][gc,start       ] GC(207) Pause Full (Ergonomics)
[33.250s][info][gc,phases,start] GC(207) Marking Phase
[33.507s][info][gc,phases      ] GC(207) Marking Phase 257.213ms
[33.507s][info][gc,phases,start] GC(207) Summary Phase
[33.507s][info][gc,phases      ] GC(207) Summary Phase 0.024ms
[33.507s][info][gc,phases,start] GC(207) Adjust Roots
[33.507s][info][gc,phases      ] GC(207) Adjust Roots 0.190ms
[33.507s][info][gc,phases,start] GC(207) Compaction Phase
[33.581s][info][gc,phases      ] GC(207) Compaction Phase 73.144ms
[33.581s][info][gc,phases,start] GC(207) Post Compact
[33.582s][info][gc,phases      ] GC(207) Post Compact 1.503ms
[33.582s][info][gc,heap        ] GC(207) PSYoungGen: 20480K(84480K)->20480K(84992K) Eden: 20480K(20480K)->20480K(20480K) From: 0K(64000K)->0K(64512K)
[33.582s][info][gc,heap        ] GC(207) ParOldGen: 1023999K(1024000K)->1023999K(1024000K)
[33.582s][info][gc,metaspace   ] GC(207) Metaspace: 6296K(6464K)->6296K(6464K) NonClass: 5763K(5824K)->5763K(5824K) Class: 532K(640K)->532K(640K)
[33.582s][info][gc             ] GC(207) Pause Full (Ergonomics) 1019M->1019M(1083M) 332.371ms
[33.582s][info][gc,cpu         ] GC(207) User=1.55s Sys=0.00s Real=0.33s
[33.582s][info][gc,start       ] GC(208) Pause Full (Allocation Failure)
[33.582s][info][gc,phases,start] GC(208) Marking Phase
[33.831s][info][gc,phases      ] GC(208) Marking Phase 248.657ms
[33.831s][info][gc,phases,start] GC(208) Summary Phase
[33.831s][info][gc,phases      ] GC(208) Summary Phase 0.023ms
[33.831s][info][gc,phases,start] GC(208) Adjust Roots
[33.831s][info][gc,phases      ] GC(208) Adjust Roots 0.187ms
[33.831s][info][gc,phases,start] GC(208) Compaction Phase
[33.906s][info][gc,phases      ] GC(208) Compaction Phase 75.202ms
[33.907s][info][gc,phases,start] GC(208) Post Compact
[33.908s][info][gc,phases      ] GC(208) Post Compact 1.634ms
[33.908s][info][gc,heap        ] GC(208) PSYoungGen: 20480K(84992K)->20480K(84480K) Eden: 20480K(20480K)->20480K(20480K) From: 0K(64512K)->0K(64000K)
[33.908s][info][gc,heap        ] GC(208) ParOldGen: 1023999K(1024000K)->1023999K(1024000K)
[33.908s][info][gc,metaspace   ] GC(208) Metaspace: 6296K(6464K)->6296K(6464K) NonClass: 5763K(5824K)->5763K(5824K) Class: 532K(640K)->532K(640K)
[33.908s][info][gc             ] GC(208) Pause Full (Allocation Failure) 1019M->1019M(1082M) 326.004ms
[33.908s][info][gc,cpu         ] GC(208) User=1.44s Sys=0.02s Real=0.33s
[33.909s][info][gc,start       ] GC(209) Pause Full (Ergonomics)
[33.909s][info][gc,phases,start] GC(209) Marking Phase
[34.176s][info][gc,phases      ] GC(209) Marking Phase 266.738ms
[34.176s][info][gc,phases,start] GC(209) Summary Phase
[34.176s][info][gc,phases      ] GC(209) Summary Phase 0.024ms
[34.176s][info][gc,phases,start] GC(209) Adjust Roots
[34.176s][info][gc,phases      ] GC(209) Adjust Roots 0.259ms
[34.176s][info][gc,phases,start] GC(209) Compaction Phase
[34.399s][info][gc,phases      ] GC(209) Compaction Phase 222.850ms
[34.399s][info][gc,phases,start] GC(209) Post Compact
[34.401s][info][gc,phases      ] GC(209) Post Compact 2.022ms
[34.401s][info][gc,heap        ] GC(209) PSYoungGen: 20480K(84480K)->20480K(84992K) Eden: 20480K(20480K)->20480K(20480K) From: 0K(64000K)->0K(64512K)
[34.401s][info][gc,heap        ] GC(209) ParOldGen: 1023999K(1024000K)->1023998K(1024000K)
[34.401s][info][gc,metaspace   ] GC(209) Metaspace: 6296K(6464K)->6296K(6464K) NonClass: 5763K(5824K)->5763K(5824K) Class: 532K(640K)->532K(640K)
[34.401s][info][gc             ] GC(209) Pause Full (Ergonomics) 1019M->1019M(1083M) 492.307ms
[34.401s][info][gc,cpu         ] GC(209) User=2.30s Sys=0.00s Real=0.49s
[34.402s][info][gc,start       ] GC(210) Pause Full (Ergonomics)
[34.402s][info][gc,phases,start] GC(210) Marking Phase
[34.658s][info][gc,phases      ] GC(210) Marking Phase 256.643ms
[34.658s][info][gc,phases,start] GC(210) Summary Phase
[34.658s][info][gc,phases      ] GC(210) Summary Phase 0.023ms
[34.658s][info][gc,phases,start] GC(210) Adjust Roots
[34.658s][info][gc,phases      ] GC(210) Adjust Roots 0.177ms
[34.658s][info][gc,phases,start] GC(210) Compaction Phase
[34.735s][info][gc,phases      ] GC(210) Compaction Phase 76.734ms
[34.735s][info][gc,phases,start] GC(210) Post Compact
[34.737s][info][gc,phases      ] GC(210) Post Compact 1.604ms
[34.737s][info][gc,heap        ] GC(210) PSYoungGen: 20480K(84992K)->20480K(84480K) Eden: 20480K(20480K)->20480K(20480K) From: 0K(64512K)->0K(64000K)
[34.737s][info][gc,heap        ] GC(210) ParOldGen: 1023998K(1024000K)->1023998K(1024000K)
[34.737s][info][gc,metaspace   ] GC(210) Metaspace: 6296K(6464K)->6296K(6464K) NonClass: 5763K(5824K)->5763K(5824K) Class: 532K(640K)->532K(640K)
[34.737s][info][gc             ] GC(210) Pause Full (Ergonomics) 1019M->1019M(1082M) 335.481ms
[34.737s][info][gc,cpu         ] GC(210) User=1.56s Sys=0.00s Real=0.33s
[34.738s][info][gc,start       ] GC(211) Pause Full (Ergonomics)
[34.738s][info][gc,phases,start] GC(211) Marking Phase
[34.969s][info][gc,phases      ] GC(211) Marking Phase 231.151ms
[34.970s][info][gc,phases,start] GC(211) Summary Phase
[34.970s][info][gc,phases      ] GC(211) Summary Phase 0.024ms
[34.970s][info][gc,phases,start] GC(211) Adjust Roots
[34.970s][info][gc,phases      ] GC(211) Adjust Roots 0.263ms
[34.970s][info][gc,phases,start] GC(211) Compaction Phase
[35.188s][info][gc,phases      ] GC(211) Compaction Phase 217.858ms
[35.188s][info][gc,phases,start] GC(211) Post Compact
[35.190s][info][gc,phases      ] GC(211) Post Compact 2.003ms
[35.190s][info][gc,heap        ] GC(211) PSYoungGen: 20480K(84480K)->20480K(84992K) Eden: 20480K(20480K)->20480K(20480K) From: 0K(64000K)->0K(64512K)
[35.190s][info][gc,heap        ] GC(211) ParOldGen: 1023999K(1024000K)->1023996K(1024000K)
[35.190s][info][gc,metaspace   ] GC(211) Metaspace: 6297K(6464K)->6297K(6464K) NonClass: 5763K(5824K)->5763K(5824K) Class: 533K(640K)->533K(640K)
[35.190s][info][gc             ] GC(211) Pause Full (Ergonomics) 1019M->1019M(1083M) 451.772ms
[35.190s][info][gc,cpu         ] GC(211) User=1.94s Sys=0.05s Real=0.45s
[35.191s][info][gc,heap,exit   ] Heap
[35.191s][info][gc,heap,exit   ]  PSYoungGen      total 84992K, used 20480K [0x00000000e0c00000, 0x00000000ea080000, 0x0000000100000000)
[35.191s][info][gc,heap,exit   ]   eden space 20480K, 100% used [0x00000000e0c00000,0x00000000e2000000,0x00000000e2000000)
[35.191s][info][gc,heap,exit   ]   from space 64512K, 0% used [0x00000000e6180000,0x00000000e6180000,0x00000000ea080000)
[35.191s][info][gc,heap,exit   ]   to   space 64000K, 0% used [0x00000000e2000000,0x00000000e2000000,0x00000000e5e80000)
[35.191s][info][gc,heap,exit   ]  ParOldGen       total 1024000K, used 1023997K [0x00000000a2400000, 0x00000000e0c00000, 0x00000000e0c00000)
[35.191s][info][gc,heap,exit   ]   object space 1024000K, 99% used [0x00000000a2400000,0x00000000e0bff668,0x00000000e0c00000)
[35.191s][info][gc,heap,exit   ]  Metaspace       used 6300K, committed 6464K, reserved 1114112K
[35.191s][info][gc,heap,exit   ]   class space    used 534K, committed 640K, reserved 1048576K
