[0.014s][info][gc,init] CardTable entry size: 512
[0.014s][info][gc     ] Using Parallel
[0.015s][info][gc,init] Version: 18.0.1+10 (release)
[0.015s][info][gc,init] CPUs: 8 total, 8 available
[0.015s][info][gc,init] Memory: 16063M
[0.015s][info][gc,init] Large Page Support: Disabled
[0.015s][info][gc,init] NUMA Support: Disabled
[0.015s][info][gc,init] Compressed Oops: Enabled (32-bit)
[0.015s][info][gc,init] Alignments: Space 512K, Generation 512K, Heap 2M
[0.015s][info][gc,init] Heap Min Capacity: 2M
[0.015s][info][gc,init] Heap Initial Capacity: 2M
[0.015s][info][gc,init] Heap Max Capacity: 1000M
[0.015s][info][gc,init] Pre-touch: Disabled
[0.015s][info][gc,init] Parallel Workers: 6
[0.015s][info][gc,metaspace] CDS archive(s) not mapped
[0.015s][info][gc,metaspace] Compressed class space mapped at: 0x0000000100000000-0x0000000140000000, reserved size: 1073741824
[0.015s][info][gc,metaspace] Narrow klass base: 0x0000000000000000, Narrow klass shift: 3, Narrow klass range: 0x140000000
[0.126s][info][gc,start    ] GC(0) Pause Young (Allocation Failure)
[0.128s][info][gc,heap     ] GC(0) PSYoungGen: 512K(1024K)->512K(1024K) Eden: 512K(512K)->0K(512K) From: 0K(512K)->512K(512K)
[0.128s][info][gc,heap     ] GC(0) ParOldGen: 0K(512K)->24K(512K)
[0.128s][info][gc,metaspace] GC(0) Metaspace: 4229K(4352K)->4229K(4352K) NonClass: 3908K(3968K)->3908K(3968K) Class: 321K(384K)->321K(384K)
[0.128s][info][gc          ] GC(0) Pause Young (Allocation Failure) 0M->0M(1M) 2.071ms
[0.128s][info][gc,cpu      ] GC(0) User=0.00s Sys=0.00s Real=0.00s
[0.200s][info][gc,start    ] GC(1) Pause Young (Allocation Failure)
[0.200s][info][gc,heap     ] GC(1) PSYoungGen: 1023K(1024K)->480K(1536K) Eden: 511K(512K)->0K(1024K) From: 512K(512K)->480K(512K)
[0.201s][info][gc,heap     ] GC(1) ParOldGen: 24K(512K)->124K(512K)
[0.201s][info][gc,metaspace] GC(1) Metaspace: 5882K(6016K)->5882K(6016K) NonClass: 5385K(5504K)->5385K(5504K) Class: 496K(512K)->496K(512K)
[0.201s][info][gc          ] GC(1) Pause Young (Allocation Failure) 1M->0M(2M) 0.979ms
[0.201s][info][gc,cpu      ] GC(1) User=0.00s Sys=0.00s Real=0.00s
[0.222s][info][gc,start    ] GC(2) Pause Young (Allocation Failure)
[0.223s][info][gc,heap     ] GC(2) PSYoungGen: 1504K(1536K)->512K(1536K) Eden: 1024K(1024K)->0K(1024K) From: 480K(512K)->512K(512K)
[0.223s][info][gc,heap     ] GC(2) ParOldGen: 124K(512K)->532K(1024K)
[0.223s][info][gc,metaspace] GC(2) Metaspace: 6300K(6464K)->6300K(6464K) NonClass: 5766K(5824K)->5766K(5824K) Class: 533K(640K)->533K(640K)
[0.223s][info][gc          ] GC(2) Pause Young (Allocation Failure) 1M->1M(2M) 0.884ms
[0.223s][info][gc,cpu      ] GC(2) User=0.00s Sys=0.00s Real=0.00s
[0.224s][info][gc,start    ] GC(3) Pause Young (Allocation Failure)
[0.225s][info][gc,heap     ] GC(3) PSYoungGen: 1536K(1536K)->480K(2560K) Eden: 1024K(1024K)->0K(2048K) From: 512K(512K)->480K(512K)
[0.225s][info][gc,heap     ] GC(3) ParOldGen: 532K(1024K)->1124K(1536K)
[0.225s][info][gc,metaspace] GC(3) Metaspace: 6300K(6464K)->6300K(6464K) NonClass: 5766K(5824K)->5766K(5824K) Class: 533K(640K)->533K(640K)
[0.225s][info][gc          ] GC(3) Pause Young (Allocation Failure) 2M->1M(4M) 0.980ms
[0.225s][info][gc,cpu      ] GC(3) User=0.00s Sys=0.00s Real=0.00s
[0.225s][info][gc,start    ] GC(4) Pause Full (Ergonomics)
[0.225s][info][gc,phases,start] GC(4) Marking Phase
[0.226s][info][gc,phases      ] GC(4) Marking Phase 0.895ms
[0.226s][info][gc,phases,start] GC(4) Summary Phase
[0.226s][info][gc,phases      ] GC(4) Summary Phase 0.014ms
[0.226s][info][gc,phases,start] GC(4) Adjust Roots
[0.227s][info][gc,phases      ] GC(4) Adjust Roots 0.336ms
[0.227s][info][gc,phases,start] GC(4) Compaction Phase
[0.229s][info][gc,phases      ] GC(4) Compaction Phase 2.448ms
[0.229s][info][gc,phases,start] GC(4) Post Compact
[0.229s][info][gc,phases      ] GC(4) Post Compact 0.077ms
[0.229s][info][gc,heap        ] GC(4) PSYoungGen: 480K(2560K)->0K(2560K) Eden: 0K(2048K)->0K(2048K) From: 480K(512K)->0K(512K)
[0.229s][info][gc,heap        ] GC(4) ParOldGen: 1124K(1536K)->1495K(3584K)
[0.229s][info][gc,metaspace   ] GC(4) Metaspace: 6300K(6464K)->6300K(6464K) NonClass: 5766K(5824K)->5766K(5824K) Class: 533K(640K)->533K(640K)
[0.229s][info][gc             ] GC(4) Pause Full (Ergonomics) 1M->1M(6M) 4.141ms
[0.229s][info][gc,cpu         ] GC(4) User=0.00s Sys=0.00s Real=0.00s
[0.232s][info][gc,start       ] GC(5) Pause Young (Allocation Failure)
[0.233s][info][gc,heap        ] GC(5) PSYoungGen: 2048K(2560K)->480K(3584K) Eden: 2048K(2048K)->0K(3072K) From: 0K(512K)->480K(512K)
[0.233s][info][gc,heap        ] GC(5) ParOldGen: 1495K(3584K)->2183K(3584K)
[0.233s][info][gc,metaspace   ] GC(5) Metaspace: 6300K(6464K)->6300K(6464K) NonClass: 5766K(5824K)->5766K(5824K) Class: 533K(640K)->533K(640K)
[0.233s][info][gc             ] GC(5) Pause Young (Allocation Failure) 3M->2M(7M) 1.200ms
[0.233s][info][gc,cpu         ] GC(5) User=0.00s Sys=0.00s Real=0.00s
[0.238s][info][gc,start       ] GC(6) Pause Young (Allocation Failure)
[0.240s][info][gc,heap        ] GC(6) PSYoungGen: 3552K(3584K)->1504K(4608K) Eden: 3072K(3072K)->0K(3072K) From: 480K(512K)->1504K(1536K)
[0.240s][info][gc,heap        ] GC(6) ParOldGen: 2183K(3584K)->2695K(3584K)
[0.240s][info][gc,metaspace   ] GC(6) Metaspace: 6300K(6464K)->6300K(6464K) NonClass: 5766K(5824K)->5766K(5824K) Class: 533K(640K)->533K(640K)
[0.240s][info][gc             ] GC(6) Pause Young (Allocation Failure) 5M->4M(8M) 1.375ms
[0.240s][info][gc,cpu         ] GC(6) User=0.00s Sys=0.00s Real=0.00s
[0.240s][info][gc,start       ] GC(7) Pause Full (Ergonomics)
[0.240s][info][gc,phases,start] GC(7) Marking Phase
[0.241s][info][gc,phases      ] GC(7) Marking Phase 1.353ms
[0.241s][info][gc,phases,start] GC(7) Summary Phase
[0.241s][info][gc,phases      ] GC(7) Summary Phase 0.016ms
[0.241s][info][gc,phases,start] GC(7) Adjust Roots
[0.242s][info][gc,phases      ] GC(7) Adjust Roots 0.287ms
[0.242s][info][gc,phases,start] GC(7) Compaction Phase
[0.244s][info][gc,phases      ] GC(7) Compaction Phase 2.663ms
[0.244s][info][gc,phases,start] GC(7) Post Compact
[0.244s][info][gc,phases      ] GC(7) Post Compact 0.033ms
[0.244s][info][gc,heap        ] GC(7) PSYoungGen: 1504K(4608K)->990K(4608K) Eden: 0K(3072K)->0K(3072K) From: 1504K(1536K)->990K(1536K)
[0.244s][info][gc,heap        ] GC(7) ParOldGen: 2695K(3584K)->3127K(6144K)
[0.245s][info][gc,metaspace   ] GC(7) Metaspace: 6300K(6464K)->6300K(6464K) NonClass: 5766K(5824K)->5766K(5824K) Class: 533K(640K)->533K(640K)
[0.245s][info][gc             ] GC(7) Pause Full (Ergonomics) 4M->4M(10M) 4.751ms
[0.245s][info][gc,cpu         ] GC(7) User=0.00s Sys=0.00s Real=0.01s
[0.249s][info][gc,start       ] GC(8) Pause Young (Allocation Failure)
[0.251s][info][gc,heap        ] GC(8) PSYoungGen: 4062K(4608K)->2048K(5632K) Eden: 3072K(3072K)->0K(3584K) From: 990K(1536K)->2048K(2048K)
[0.252s][info][gc,heap        ] GC(8) ParOldGen: 3127K(6144K)->3695K(6144K)
[0.252s][info][gc,metaspace   ] GC(8) Metaspace: 6300K(6464K)->6300K(6464K) NonClass: 5766K(5824K)->5766K(5824K) Class: 533K(640K)->533K(640K)
[0.252s][info][gc             ] GC(8) Pause Young (Allocation Failure) 7M->5M(11M) 2.253ms
[0.252s][info][gc,cpu         ] GC(8) User=0.00s Sys=0.00s Real=0.00s
[0.259s][info][gc,start       ] GC(9) Pause Young (Allocation Failure)
[0.262s][info][gc,heap        ] GC(9) PSYoungGen: 5632K(5632K)->3040K(6656K) Eden: 3584K(3584K)->0K(3584K) From: 2048K(2048K)->3040K(3072K)
[0.262s][info][gc,heap        ] GC(9) ParOldGen: 3695K(6144K)->4727K(6144K)
[0.262s][info][gc,metaspace   ] GC(9) Metaspace: 6300K(6464K)->6300K(6464K) NonClass: 5766K(5824K)->5766K(5824K) Class: 533K(640K)->533K(640K)
[0.262s][info][gc             ] GC(9) Pause Young (Allocation Failure) 9M->7M(12M) 3.199ms
[0.262s][info][gc,cpu         ] GC(9) User=0.00s Sys=0.00s Real=0.00s
[0.266s][info][gc,start       ] GC(10) Pause Young (Allocation Failure)
[0.269s][info][gc,heap        ] GC(10) PSYoungGen: 6624K(6656K)->4064K(8704K) Eden: 3584K(3584K)->0K(4608K) From: 3040K(3072K)->4064K(4096K)
[0.269s][info][gc,heap        ] GC(10) ParOldGen: 4727K(6144K)->5583K(6144K)
[0.269s][info][gc,metaspace   ] GC(10) Metaspace: 6300K(6464K)->6300K(6464K) NonClass: 5766K(5824K)->5766K(5824K) Class: 533K(640K)->533K(640K)
[0.269s][info][gc             ] GC(10) Pause Young (Allocation Failure) 11M->9M(14M) 2.827ms
[0.269s][info][gc,cpu         ] GC(10) User=0.00s Sys=0.00s Real=0.00s
[0.269s][info][gc,start       ] GC(11) Pause Full (Ergonomics)
[0.269s][info][gc,phases,start] GC(11) Marking Phase
[0.273s][info][gc,phases      ] GC(11) Marking Phase 3.598ms
[0.273s][info][gc,phases,start] GC(11) Summary Phase
[0.273s][info][gc,phases      ] GC(11) Summary Phase 0.026ms
[0.273s][info][gc,phases,start] GC(11) Adjust Roots
[0.273s][info][gc,phases      ] GC(11) Adjust Roots 0.264ms
[0.273s][info][gc,phases,start] GC(11) Compaction Phase
[0.278s][info][gc,phases      ] GC(11) Compaction Phase 4.659ms
[0.278s][info][gc,phases,start] GC(11) Post Compact
[0.278s][info][gc,phases      ] GC(11) Post Compact 0.069ms
[0.278s][info][gc,heap        ] GC(11) PSYoungGen: 4064K(8704K)->3481K(8704K) Eden: 0K(4608K)->0K(4608K) From: 4064K(4096K)->3481K(4096K)
[0.278s][info][gc,heap        ] GC(11) ParOldGen: 5583K(6144K)->5895K(10240K)
[0.278s][info][gc,metaspace   ] GC(11) Metaspace: 6300K(6464K)->6300K(6464K) NonClass: 5766K(5824K)->5766K(5824K) Class: 533K(640K)->533K(640K)
[0.278s][info][gc             ] GC(11) Pause Full (Ergonomics) 9M->9M(18M) 8.985ms
[0.278s][info][gc,cpu         ] GC(11) User=0.02s Sys=0.00s Real=0.01s
[0.283s][info][gc,start       ] GC(12) Pause Young (Allocation Failure)
[0.287s][info][gc,heap        ] GC(12) PSYoungGen: 7949K(8704K)->3936K(9728K) Eden: 4468K(4608K)->0K(4608K) From: 3481K(4096K)->3936K(5120K)
[0.287s][info][gc,heap        ] GC(12) ParOldGen: 5895K(10240K)->7879K(10240K)
[0.287s][info][gc,metaspace   ] GC(12) Metaspace: 6300K(6464K)->6300K(6464K) NonClass: 5766K(5824K)->5766K(5824K) Class: 533K(640K)->533K(640K)
[0.287s][info][gc             ] GC(12) Pause Young (Allocation Failure) 13M->11M(19M) 3.760ms
[0.287s][info][gc,cpu         ] GC(12) User=0.00s Sys=0.00s Real=0.00s
[0.294s][info][gc,start       ] GC(13) Pause Young (Allocation Failure)
[0.297s][info][gc,heap        ] GC(13) PSYoungGen: 8544K(9728K)->2752K(12288K) Eden: 4608K(4608K)->0K(6656K) From: 3936K(5120K)->2752K(5632K)
[0.297s][info][gc,heap        ] GC(13) ParOldGen: 7879K(10240K)->11815K(12288K)
[0.297s][info][gc,metaspace   ] GC(13) Metaspace: 6300K(6464K)->6300K(6464K) NonClass: 5766K(5824K)->5766K(5824K) Class: 533K(640K)->533K(640K)
[0.297s][info][gc             ] GC(13) Pause Young (Allocation Failure) 16M->14M(24M) 3.482ms
[0.297s][info][gc,cpu         ] GC(13) User=0.00s Sys=0.00s Real=0.00s
[0.298s][info][gc,start       ] GC(14) Pause Full (Ergonomics)
[0.298s][info][gc,phases,start] GC(14) Marking Phase
[0.301s][info][gc,phases      ] GC(14) Marking Phase 3.703ms
[0.301s][info][gc,phases,start] GC(14) Summary Phase
[0.301s][info][gc,phases      ] GC(14) Summary Phase 0.018ms
[0.301s][info][gc,phases,start] GC(14) Adjust Roots
[0.302s][info][gc,phases      ] GC(14) Adjust Roots 0.177ms
[0.302s][info][gc,phases,start] GC(14) Compaction Phase
[0.306s][info][gc,phases      ] GC(14) Compaction Phase 4.585ms
[0.306s][info][gc,phases,start] GC(14) Post Compact
[0.306s][info][gc,phases      ] GC(14) Post Compact 0.064ms
[0.306s][info][gc,heap        ] GC(14) PSYoungGen: 2752K(12288K)->1917K(12288K) Eden: 0K(6656K)->0K(6656K) From: 2752K(5632K)->1917K(5632K)
[0.306s][info][gc,heap        ] GC(14) ParOldGen: 11815K(12288K)->12119K(19456K)
[0.306s][info][gc,metaspace   ] GC(14) Metaspace: 6300K(6464K)->6300K(6464K) NonClass: 5766K(5824K)->5766K(5824K) Class: 533K(640K)->533K(640K)
[0.306s][info][gc             ] GC(14) Pause Full (Ergonomics) 14M->13M(31M) 8.877ms
[0.306s][info][gc,cpu         ] GC(14) User=0.02s Sys=0.00s Real=0.01s
[0.312s][info][gc,start       ] GC(15) Pause Young (Allocation Failure)
[0.316s][info][gc,heap        ] GC(15) PSYoungGen: 8573K(12288K)->3488K(12288K) Eden: 6656K(6656K)->0K(6656K) From: 1917K(5632K)->3488K(5632K)
[0.316s][info][gc,heap        ] GC(15) ParOldGen: 12119K(19456K)->14095K(19456K)
[0.316s][info][gc,metaspace   ] GC(15) Metaspace: 6302K(6464K)->6302K(6464K) NonClass: 5768K(5824K)->5768K(5824K) Class: 533K(640K)->533K(640K)
[0.316s][info][gc             ] GC(15) Pause Young (Allocation Failure) 20M->17M(31M) 3.413ms
[0.316s][info][gc,cpu         ] GC(15) User=0.00s Sys=0.00s Real=0.00s
[0.321s][info][gc,start       ] GC(16) Pause Young (Allocation Failure)
[0.325s][info][gc,heap        ] GC(16) PSYoungGen: 10144K(12288K)->3552K(14848K) Eden: 6656K(6656K)->0K(9216K) From: 3488K(5632K)->3552K(5632K)
[0.325s][info][gc,heap        ] GC(16) ParOldGen: 14095K(19456K)->17575K(19456K)
[0.325s][info][gc,metaspace   ] GC(16) Metaspace: 6302K(6464K)->6302K(6464K) NonClass: 5768K(5824K)->5768K(5824K) Class: 533K(640K)->533K(640K)
[0.325s][info][gc             ] GC(16) Pause Young (Allocation Failure) 23M->20M(33M) 4.038ms
[0.325s][info][gc,cpu         ] GC(16) User=0.00s Sys=0.00s Real=0.00s
[0.325s][info][gc,start       ] GC(17) Pause Full (Ergonomics)
[0.325s][info][gc,phases,start] GC(17) Marking Phase
[0.331s][info][gc,phases      ] GC(17) Marking Phase 5.880ms
[0.331s][info][gc,phases,start] GC(17) Summary Phase
[0.331s][info][gc,phases      ] GC(17) Summary Phase 0.017ms
[0.331s][info][gc,phases,start] GC(17) Adjust Roots
[0.331s][info][gc,phases      ] GC(17) Adjust Roots 0.233ms
[0.331s][info][gc,phases,start] GC(17) Compaction Phase
[0.335s][info][gc,phases      ] GC(17) Compaction Phase 3.951ms
[0.335s][info][gc,phases,start] GC(17) Post Compact
[0.335s][info][gc,phases      ] GC(17) Post Compact 0.163ms
[0.336s][info][gc,heap        ] GC(17) PSYoungGen: 3552K(14848K)->1901K(14848K) Eden: 0K(9216K)->0K(9216K) From: 3552K(5632K)->1901K(5632K)
[0.336s][info][gc,heap        ] GC(17) ParOldGen: 17575K(19456K)->18971K(28160K)
[0.336s][info][gc,metaspace   ] GC(17) Metaspace: 6302K(6464K)->6302K(6464K) NonClass: 5768K(5824K)->5768K(5824K) Class: 533K(640K)->533K(640K)
[0.336s][info][gc             ] GC(17) Pause Full (Ergonomics) 20M->20M(42M) 10.606ms
[0.336s][info][gc,cpu         ] GC(17) User=0.02s Sys=0.00s Real=0.01s
[0.345s][info][gc,start       ] GC(18) Pause Young (Allocation Failure)
[0.350s][info][gc,heap        ] GC(18) PSYoungGen: 11117K(14848K)->5376K(14848K) Eden: 9216K(9216K)->0K(9216K) From: 1901K(5632K)->5376K(5632K)
[0.350s][info][gc,heap        ] GC(18) ParOldGen: 18971K(28160K)->20923K(28160K)
[0.350s][info][gc,metaspace   ] GC(18) Metaspace: 6302K(6464K)->6302K(6464K) NonClass: 5768K(5824K)->5768K(5824K) Class: 533K(640K)->533K(640K)
[0.350s][info][gc             ] GC(18) Pause Young (Allocation Failure) 29M->25M(42M) 5.244ms
[0.350s][info][gc,cpu         ] GC(18) User=0.00s Sys=0.00s Real=0.01s
[0.356s][info][gc,start       ] GC(19) Pause Young (Allocation Failure)
[0.361s][info][gc,heap        ] GC(19) PSYoungGen: 14592K(14848K)->4864K(18432K) Eden: 9216K(9216K)->0K(11776K) From: 5376K(5632K)->4864K(6656K)
[0.361s][info][gc,heap        ] GC(19) ParOldGen: 20923K(28160K)->26267K(28160K)
[0.361s][info][gc,metaspace   ] GC(19) Metaspace: 6302K(6464K)->6302K(6464K) NonClass: 5768K(5824K)->5768K(5824K) Class: 533K(640K)->533K(640K)
[0.361s][info][gc             ] GC(19) Pause Young (Allocation Failure) 34M->30M(45M) 5.308ms
[0.361s][info][gc,cpu         ] GC(19) User=0.00s Sys=0.00s Real=0.00s
[0.361s][info][gc,start       ] GC(20) Pause Full (Ergonomics)
[0.361s][info][gc,phases,start] GC(20) Marking Phase
[0.371s][info][gc,phases      ] GC(20) Marking Phase 9.346ms
[0.371s][info][gc,phases,start] GC(20) Summary Phase
[0.371s][info][gc,phases      ] GC(20) Summary Phase 0.017ms
[0.371s][info][gc,phases,start] GC(20) Adjust Roots
[0.371s][info][gc,phases      ] GC(20) Adjust Roots 0.201ms
[0.371s][info][gc,phases,start] GC(20) Compaction Phase
[0.381s][info][gc,phases      ] GC(20) Compaction Phase 10.024ms
[0.381s][info][gc,phases,start] GC(20) Post Compact
[0.381s][info][gc,phases      ] GC(20) Post Compact 0.128ms
[0.381s][info][gc,heap        ] GC(20) PSYoungGen: 4864K(18432K)->2717K(18432K) Eden: 0K(11776K)->0K(11776K) From: 4864K(6656K)->2717K(6656K)
[0.381s][info][gc,heap        ] GC(20) ParOldGen: 26267K(28160K)->27662K(38912K)
[0.381s][info][gc,metaspace   ] GC(20) Metaspace: 6302K(6464K)->6302K(6464K) NonClass: 5768K(5824K)->5768K(5824K) Class: 533K(640K)->533K(640K)
[0.381s][info][gc             ] GC(20) Pause Full (Ergonomics) 30M->29M(56M) 20.183ms
[0.381s][info][gc,cpu         ] GC(20) User=0.02s Sys=0.00s Real=0.02s
[0.392s][info][gc,start       ] GC(21) Pause Young (Allocation Failure)
[0.399s][info][gc,heap        ] GC(21) PSYoungGen: 14493K(18432K)->7168K(18944K) Eden: 11776K(11776K)->0K(11776K) From: 2717K(6656K)->7168K(7168K)
[0.399s][info][gc,heap        ] GC(21) ParOldGen: 27662K(38912K)->30838K(38912K)
[0.399s][info][gc,metaspace   ] GC(21) Metaspace: 6302K(6464K)->6302K(6464K) NonClass: 5768K(5824K)->5768K(5824K) Class: 533K(640K)->533K(640K)
[0.399s][info][gc             ] GC(21) Pause Young (Allocation Failure) 41M->37M(56M) 7.216ms
[0.399s][info][gc,cpu         ] GC(21) User=0.02s Sys=0.00s Real=0.01s
[0.416s][info][gc,start       ] GC(22) Pause Young (Allocation Failure)
[0.431s][info][gc,heap        ] GC(22) PSYoungGen: 18944K(18944K)->9184K(19456K) Eden: 11776K(11776K)->0K(10240K) From: 7168K(7168K)->9184K(9216K)
[0.431s][info][gc,heap        ] GC(22) ParOldGen: 30838K(38912K)->40750K(40960K)
[0.431s][info][gc,metaspace   ] GC(22) Metaspace: 6302K(6464K)->6302K(6464K) NonClass: 5768K(5824K)->5768K(5824K) Class: 533K(640K)->533K(640K)
[0.431s][info][gc             ] GC(22) Pause Young (Allocation Failure) 48M->48M(59M) 14.795ms
[0.431s][info][gc,cpu         ] GC(22) User=0.00s Sys=0.00s Real=0.01s
[0.431s][info][gc,start       ] GC(23) Pause Full (Ergonomics)
[0.431s][info][gc,phases,start] GC(23) Marking Phase
[0.447s][info][gc,phases      ] GC(23) Marking Phase 15.236ms
[0.447s][info][gc,phases,start] GC(23) Summary Phase
[0.447s][info][gc,phases      ] GC(23) Summary Phase 0.018ms
[0.447s][info][gc,phases,start] GC(23) Adjust Roots
[0.447s][info][gc,phases      ] GC(23) Adjust Roots 0.255ms
[0.447s][info][gc,phases,start] GC(23) Compaction Phase
[0.462s][info][gc,phases      ] GC(23) Compaction Phase 14.977ms
[0.462s][info][gc,phases,start] GC(23) Post Compact
[0.462s][info][gc,phases      ] GC(23) Post Compact 0.214ms
[0.462s][info][gc,heap        ] GC(23) PSYoungGen: 9184K(19456K)->9170K(19456K) Eden: 0K(10240K)->0K(10240K) From: 9184K(9216K)->9170K(9216K)
[0.462s][info][gc,heap        ] GC(23) ParOldGen: 40750K(40960K)->39494K(54784K)
[0.462s][info][gc,metaspace   ] GC(23) Metaspace: 6302K(6464K)->6302K(6464K) NonClass: 5768K(5824K)->5768K(5824K) Class: 533K(640K)->533K(640K)
[0.462s][info][gc             ] GC(23) Pause Full (Ergonomics) 48M->47M(72M) 31.098ms
[0.462s][info][gc,cpu         ] GC(23) User=0.05s Sys=0.00s Real=0.03s
[0.475s][info][gc,start       ] GC(24) Pause Young (Allocation Failure)
[0.488s][info][gc,heap        ] GC(24) PSYoungGen: 19410K(19456K)->10336K(24576K) Eden: 10240K(10240K)->0K(10240K) From: 9170K(9216K)->10336K(14336K)
[0.488s][info][gc,heap        ] GC(24) ParOldGen: 39494K(54784K)->48798K(54784K)
[0.488s][info][gc,metaspace   ] GC(24) Metaspace: 6302K(6464K)->6302K(6464K) NonClass: 5768K(5824K)->5768K(5824K) Class: 533K(640K)->533K(640K)
[0.488s][info][gc             ] GC(24) Pause Young (Allocation Failure) 57M->57M(77M) 12.879ms
[0.488s][info][gc,cpu         ] GC(24) User=0.00s Sys=0.00s Real=0.01s
[0.488s][info][gc,start       ] GC(25) Pause Full (Ergonomics)
[0.488s][info][gc,phases,start] GC(25) Marking Phase
[0.505s][info][gc,phases      ] GC(25) Marking Phase 16.862ms
[0.505s][info][gc,phases,start] GC(25) Summary Phase
[0.505s][info][gc,phases      ] GC(25) Summary Phase 0.021ms
[0.505s][info][gc,phases,start] GC(25) Adjust Roots
[0.505s][info][gc,phases      ] GC(25) Adjust Roots 0.221ms
[0.505s][info][gc,phases,start] GC(25) Compaction Phase
[0.518s][info][gc,phases      ] GC(25) Compaction Phase 12.995ms
[0.519s][info][gc,phases,start] GC(25) Post Compact
[0.519s][info][gc,phases      ] GC(25) Post Compact 0.204ms
[0.519s][info][gc,heap        ] GC(25) PSYoungGen: 10336K(24576K)->4126K(24576K) Eden: 0K(10240K)->0K(10240K) From: 10336K(14336K)->4126K(14336K)
[0.519s][info][gc,heap        ] GC(25) ParOldGen: 48798K(54784K)->54743K(73216K)
[0.519s][info][gc,metaspace   ] GC(25) Metaspace: 6302K(6464K)->6302K(6464K) NonClass: 5768K(5824K)->5768K(5824K) Class: 533K(640K)->533K(640K)
[0.519s][info][gc             ] GC(25) Pause Full (Ergonomics) 57M->57M(95M) 30.679ms
[0.519s][info][gc,cpu         ] GC(25) User=0.06s Sys=0.00s Real=0.03s
[0.532s][info][gc,start       ] GC(26) Pause Young (Allocation Failure)
[0.543s][info][gc,heap        ] GC(26) PSYoungGen: 14366K(24576K)->10336K(26624K) Eden: 10240K(10240K)->0K(11264K) From: 4126K(14336K)->10336K(15360K)
[0.543s][info][gc,heap        ] GC(26) ParOldGen: 54743K(73216K)->58951K(73216K)
[0.543s][info][gc,metaspace   ] GC(26) Metaspace: 6302K(6464K)->6302K(6464K) NonClass: 5768K(5824K)->5768K(5824K) Class: 533K(640K)->533K(640K)
[0.543s][info][gc             ] GC(26) Pause Young (Allocation Failure) 67M->67M(97M) 11.084ms
[0.543s][info][gc,cpu         ] GC(26) User=0.00s Sys=0.00s Real=0.01s
[0.556s][info][gc,start       ] GC(27) Pause Young (Allocation Failure)
[0.569s][info][gc,heap        ] GC(27) PSYoungGen: 21600K(26624K)->16384K(27648K) Eden: 11264K(11264K)->0K(11264K) From: 10336K(15360K)->16384K(16384K)
[0.569s][info][gc,heap        ] GC(27) ParOldGen: 58951K(73216K)->64135K(73216K)
[0.569s][info][gc,metaspace   ] GC(27) Metaspace: 6302K(6464K)->6302K(6464K) NonClass: 5768K(5824K)->5768K(5824K) Class: 533K(640K)->533K(640K)
[0.569s][info][gc             ] GC(27) Pause Young (Allocation Failure) 78M->78M(98M) 12.322ms
[0.569s][info][gc,cpu         ] GC(27) User=0.02s Sys=0.00s Real=0.01s
[0.569s][info][gc,start       ] GC(28) Pause Full (Ergonomics)
[0.569s][info][gc,phases,start] GC(28) Marking Phase
[0.590s][info][gc,phases      ] GC(28) Marking Phase 21.439ms
[0.590s][info][gc,phases,start] GC(28) Summary Phase
[0.590s][info][gc,phases      ] GC(28) Summary Phase 0.019ms
[0.591s][info][gc,phases,start] GC(28) Adjust Roots
[0.591s][info][gc,phases      ] GC(28) Adjust Roots 0.214ms
[0.591s][info][gc,phases,start] GC(28) Compaction Phase
[0.604s][info][gc,phases      ] GC(28) Compaction Phase 13.029ms
[0.604s][info][gc,phases,start] GC(28) Post Compact
[0.604s][info][gc,phases      ] GC(28) Post Compact 0.284ms
[0.604s][info][gc,heap        ] GC(28) PSYoungGen: 16384K(27648K)->7152K(27648K) Eden: 0K(11264K)->0K(11264K) From: 16384K(16384K)->7152K(16384K)
[0.604s][info][gc,heap        ] GC(28) ParOldGen: 64135K(73216K)->73158K(93184K)
[0.604s][info][gc,metaspace   ] GC(28) Metaspace: 6302K(6464K)->6302K(6464K) NonClass: 5768K(5824K)->5768K(5824K) Class: 533K(640K)->533K(640K)
[0.604s][info][gc             ] GC(28) Pause Full (Ergonomics) 78M->78M(118M) 35.456ms
[0.604s][info][gc,cpu         ] GC(28) User=0.08s Sys=0.00s Real=0.04s
[0.615s][info][gc,start       ] GC(29) Pause Young (Allocation Failure)
[0.627s][info][gc,heap        ] GC(29) PSYoungGen: 15690K(27648K)->8512K(31744K) Eden: 8538K(11264K)->0K(13312K) From: 7152K(16384K)->8512K(18432K)
[0.627s][info][gc,heap        ] GC(29) ParOldGen: 73158K(93184K)->80430K(93184K)
[0.627s][info][gc,metaspace   ] GC(29) Metaspace: 6302K(6464K)->6302K(6464K) NonClass: 5768K(5824K)->5768K(5824K) Class: 533K(640K)->533K(640K)
[0.627s][info][gc             ] GC(29) Pause Young (Allocation Failure) 86M->86M(122M) 12.282ms
[0.627s][info][gc,cpu         ] GC(29) User=0.00s Sys=0.00s Real=0.01s
[0.649s][info][gc,start       ] GC(30) Pause Young (Allocation Failure)
[0.663s][info][gc,heap        ] GC(30) PSYoungGen: 21824K(31744K)->19936K(33280K) Eden: 13312K(13312K)->0K(13312K) From: 8512K(18432K)->19936K(19968K)
[0.663s][info][gc,heap        ] GC(30) ParOldGen: 80430K(93184K)->82294K(93184K)
[0.663s][info][gc,metaspace   ] GC(30) Metaspace: 6302K(6464K)->6302K(6464K) NonClass: 5768K(5824K)->5768K(5824K) Class: 533K(640K)->533K(640K)
[0.663s][info][gc             ] GC(30) Pause Young (Allocation Failure) 99M->99M(123M) 13.133ms
[0.663s][info][gc,cpu         ] GC(30) User=0.00s Sys=0.00s Real=0.01s
[0.677s][info][gc,start       ] GC(31) Pause Young (Allocation Failure)
[0.694s][info][gc,heap        ] GC(31) PSYoungGen: 33248K(33280K)->13440K(39936K) Eden: 13312K(13312K)->0K(15872K) From: 19936K(19968K)->13440K(24064K)
[0.694s][info][gc,heap        ] GC(31) ParOldGen: 82294K(93184K)->102470K(102912K)
[0.694s][info][gc,metaspace   ] GC(31) Metaspace: 6302K(6464K)->6302K(6464K) NonClass: 5768K(5824K)->5768K(5824K) Class: 533K(640K)->533K(640K)
[0.694s][info][gc             ] GC(31) Pause Young (Allocation Failure) 112M->113M(139M) 17.073ms
[0.694s][info][gc,cpu         ] GC(31) User=0.00s Sys=0.00s Real=0.02s
[0.694s][info][gc,start       ] GC(32) Pause Full (Ergonomics)
[0.694s][info][gc,phases,start] GC(32) Marking Phase
[0.721s][info][gc,phases      ] GC(32) Marking Phase 26.697ms
[0.721s][info][gc,phases,start] GC(32) Summary Phase
[0.721s][info][gc,phases      ] GC(32) Summary Phase 0.017ms
[0.721s][info][gc,phases,start] GC(32) Adjust Roots
[0.721s][info][gc,phases      ] GC(32) Adjust Roots 0.203ms
[0.721s][info][gc,phases,start] GC(32) Compaction Phase
[0.751s][info][gc,phases      ] GC(32) Compaction Phase 29.858ms
[0.751s][info][gc,phases,start] GC(32) Post Compact
[0.752s][info][gc,phases      ] GC(32) Post Compact 0.583ms
[0.752s][info][gc,heap        ] GC(32) PSYoungGen: 13440K(39936K)->10723K(39936K) Eden: 0K(15872K)->0K(15872K) From: 13440K(24064K)->10723K(24064K)
[0.752s][info][gc,heap        ] GC(32) ParOldGen: 102470K(102912K)->102525K(130048K)
[0.752s][info][gc,metaspace   ] GC(32) Metaspace: 6302K(6464K)->6302K(6464K) NonClass: 5768K(5824K)->5768K(5824K) Class: 533K(640K)->533K(640K)
[0.752s][info][gc             ] GC(32) Pause Full (Ergonomics) 113M->110M(166M) 57.901ms
[0.752s][info][gc,cpu         ] GC(32) User=0.16s Sys=0.00s Real=0.06s
[0.769s][info][gc,start       ] GC(33) Pause Young (Allocation Failure)
[0.788s][info][gc,heap        ] GC(33) PSYoungGen: 26595K(39936K)->15968K(39936K) Eden: 15872K(15872K)->0K(15872K) From: 10723K(24064K)->15968K(24064K)
[0.788s][info][gc,heap        ] GC(33) ParOldGen: 102525K(130048K)->113429K(130048K)
[0.788s][info][gc,metaspace   ] GC(33) Metaspace: 6302K(6464K)->6302K(6464K) NonClass: 5768K(5824K)->5768K(5824K) Class: 533K(640K)->533K(640K)
[0.788s][info][gc             ] GC(33) Pause Young (Allocation Failure) 126M->126M(166M) 18.779ms
[0.788s][info][gc,cpu         ] GC(33) User=0.09s Sys=0.00s Real=0.02s
[0.806s][info][gc,start       ] GC(34) Pause Young (Allocation Failure)
[0.824s][info][gc,heap        ] GC(34) PSYoungGen: 31840K(39936K)->25088K(37888K) Eden: 15872K(15872K)->0K(12800K) From: 15968K(24064K)->25088K(25088K)
[0.824s][info][gc,heap        ] GC(34) ParOldGen: 113429K(130048K)->120197K(130048K)
[0.824s][info][gc,metaspace   ] GC(34) Metaspace: 6302K(6464K)->6302K(6464K) NonClass: 5768K(5824K)->5768K(5824K) Class: 533K(640K)->533K(640K)
[0.824s][info][gc             ] GC(34) Pause Young (Allocation Failure) 141M->141M(164M) 17.891ms
[0.824s][info][gc,cpu         ] GC(34) User=0.06s Sys=0.03s Real=0.02s
[0.824s][info][gc,start       ] GC(35) Pause Full (Ergonomics)
[0.824s][info][gc,phases,start] GC(35) Marking Phase
[0.864s][info][gc,phases      ] GC(35) Marking Phase 40.095ms
[0.864s][info][gc,phases,start] GC(35) Summary Phase
[0.864s][info][gc,phases      ] GC(35) Summary Phase 0.017ms
[0.864s][info][gc,phases,start] GC(35) Adjust Roots
[0.864s][info][gc,phases      ] GC(35) Adjust Roots 0.181ms
[0.864s][info][gc,phases,start] GC(35) Compaction Phase
[0.884s][info][gc,phases      ] GC(35) Compaction Phase 19.556ms
[0.884s][info][gc,phases,start] GC(35) Post Compact
[0.885s][info][gc,phases      ] GC(35) Post Compact 0.662ms
[0.885s][info][gc,heap        ] GC(35) PSYoungGen: 25088K(37888K)->15326K(37888K) Eden: 0K(12800K)->0K(12800K) From: 25088K(25088K)->15326K(25088K)
[0.885s][info][gc,heap        ] GC(35) ParOldGen: 120197K(130048K)->129598K(159232K)
[0.885s][info][gc,metaspace   ] GC(35) Metaspace: 6302K(6464K)->6302K(6464K) NonClass: 5768K(5824K)->5768K(5824K) Class: 533K(640K)->533K(640K)
[0.885s][info][gc             ] GC(35) Pause Full (Ergonomics) 141M->141M(192M) 61.013ms
[0.885s][info][gc,cpu         ] GC(35) User=0.25s Sys=0.00s Real=0.06s
[0.897s][info][gc,start       ] GC(36) Pause Young (Allocation Failure)
[0.918s][info][gc,heap        ] GC(36) PSYoungGen: 28126K(37888K)->12928K(44032K) Eden: 12800K(12800K)->0K(12800K) From: 15326K(25088K)->12928K(31232K)
[0.918s][info][gc,heap        ] GC(36) ParOldGen: 129598K(159232K)->145166K(159232K)
[0.918s][info][gc,metaspace   ] GC(36) Metaspace: 6302K(6464K)->6302K(6464K) NonClass: 5768K(5824K)->5768K(5824K) Class: 533K(640K)->533K(640K)
[0.918s][info][gc             ] GC(36) Pause Young (Allocation Failure) 154M->154M(198M) 20.735ms
[0.918s][info][gc,cpu         ] GC(36) User=0.08s Sys=0.02s Real=0.02s
[0.918s][info][gc,start       ] GC(37) Pause Full (Ergonomics)
[0.918s][info][gc,phases,start] GC(37) Marking Phase
[0.960s][info][gc,phases      ] GC(37) Marking Phase 41.375ms
[0.960s][info][gc,phases,start] GC(37) Summary Phase
[0.960s][info][gc,phases      ] GC(37) Summary Phase 0.029ms
[0.960s][info][gc,phases,start] GC(37) Adjust Roots
[0.960s][info][gc,phases      ] GC(37) Adjust Roots 0.184ms
[0.960s][info][gc,phases,start] GC(37) Compaction Phase
[0.981s][info][gc,phases      ] GC(37) Compaction Phase 20.950ms
[0.981s][info][gc,phases,start] GC(37) Post Compact
[0.981s][info][gc,phases      ] GC(37) Post Compact 0.591ms
[0.982s][info][gc,heap        ] GC(37) PSYoungGen: 12928K(44032K)->0K(44544K) Eden: 0K(12800K)->0K(14848K) From: 12928K(31232K)->0K(29696K)
[0.982s][info][gc,heap        ] GC(37) ParOldGen: 145166K(159232K)->157697K(192000K)
[0.982s][info][gc,metaspace   ] GC(37) Metaspace: 6302K(6464K)->6302K(6464K) NonClass: 5768K(5824K)->5768K(5824K) Class: 533K(640K)->533K(640K)
[0.982s][info][gc             ] GC(37) Pause Full (Ergonomics) 154M->154M(231M) 63.617ms
[0.982s][info][gc,cpu         ] GC(37) User=0.23s Sys=0.02s Real=0.06s
[0.998s][info][gc,start       ] GC(38) Pause Young (Allocation Failure)
[1.007s][info][gc,heap        ] GC(38) PSYoungGen: 14848K(44544K)->14912K(44544K) Eden: 14848K(14848K)->0K(14848K) From: 0K(29696K)->14912K(29696K)
[1.007s][info][gc,heap        ] GC(38) ParOldGen: 157697K(192000K)->157697K(192000K)
[1.007s][info][gc,metaspace   ] GC(38) Metaspace: 6302K(6464K)->6302K(6464K) NonClass: 5768K(5824K)->5768K(5824K) Class: 533K(640K)->533K(640K)
[1.007s][info][gc             ] GC(38) Pause Young (Allocation Failure) 168M->168M(231M) 9.317ms
[1.007s][info][gc,cpu         ] GC(38) User=0.02s Sys=0.00s Real=0.01s
[1.050s][info][gc,start       ] GC(39) Pause Young (Allocation Failure)
[1.071s][info][gc,heap        ] GC(39) PSYoungGen: 29760K(44544K)->29152K(41472K) Eden: 14848K(14848K)->0K(12288K) From: 14912K(29696K)->29152K(29184K)
[1.071s][info][gc,heap        ] GC(39) ParOldGen: 157697K(192000K)->158273K(192000K)
[1.071s][info][gc,metaspace   ] GC(39) Metaspace: 6302K(6464K)->6302K(6464K) NonClass: 5768K(5824K)->5768K(5824K) Class: 533K(640K)->533K(640K)
[1.071s][info][gc             ] GC(39) Pause Young (Allocation Failure) 183M->183M(228M) 21.522ms
[1.071s][info][gc,cpu         ] GC(39) User=0.02s Sys=0.00s Real=0.02s
[1.084s][info][gc,start       ] GC(40) Pause Young (Allocation Failure)
[1.108s][info][gc,heap        ] GC(40) PSYoungGen: 41440K(41472K)->27264K(46080K) Eden: 12288K(12288K)->0K(12288K) From: 29152K(29184K)->27264K(33792K)
[1.108s][info][gc,heap        ] GC(40) ParOldGen: 158273K(192000K)->172785K(192000K)
[1.108s][info][gc,metaspace   ] GC(40) Metaspace: 6302K(6464K)->6302K(6464K) NonClass: 5768K(5824K)->5768K(5824K) Class: 533K(640K)->533K(640K)
[1.108s][info][gc             ] GC(40) Pause Young (Allocation Failure) 195M->195M(232M) 23.418ms
[1.108s][info][gc,cpu         ] GC(40) User=0.00s Sys=0.00s Real=0.02s
[1.108s][info][gc,start       ] GC(41) Pause Full (Ergonomics)
[1.108s][info][gc,phases,start] GC(41) Marking Phase
[1.158s][info][gc,phases      ] GC(41) Marking Phase 50.166ms
[1.158s][info][gc,phases,start] GC(41) Summary Phase
[1.158s][info][gc,phases      ] GC(41) Summary Phase 0.020ms
[1.158s][info][gc,phases,start] GC(41) Adjust Roots
[1.158s][info][gc,phases      ] GC(41) Adjust Roots 0.222ms
[1.158s][info][gc,phases,start] GC(41) Compaction Phase
[1.200s][info][gc,phases      ] GC(41) Compaction Phase 41.982ms
[1.200s][info][gc,phases,start] GC(41) Post Compact
[1.201s][info][gc,phases      ] GC(41) Post Compact 0.951ms
[1.202s][info][gc,heap        ] GC(41) PSYoungGen: 27264K(46080K)->3570K(46080K) Eden: 0K(12288K)->0K(12288K) From: 27264K(33792K)->3570K(33792K)
[1.202s][info][gc,heap        ] GC(41) ParOldGen: 172785K(192000K)->191939K(229376K)
[1.202s][info][gc,metaspace   ] GC(41) Metaspace: 6302K(6464K)->6302K(6464K) NonClass: 5768K(5824K)->5768K(5824K) Class: 533K(640K)->533K(640K)
[1.202s][info][gc             ] GC(41) Pause Full (Ergonomics) 195M->190M(269M) 93.984ms
[1.202s][info][gc,cpu         ] GC(41) User=0.31s Sys=0.02s Real=0.09s
[1.214s][info][gc,start       ] GC(42) Pause Young (Allocation Failure)
[1.232s][info][gc,heap        ] GC(42) PSYoungGen: 15858K(46080K)->15936K(46592K) Eden: 12288K(12288K)->0K(14336K) From: 3570K(33792K)->15936K(32256K)
[1.232s][info][gc,heap        ] GC(42) ParOldGen: 191939K(229376K)->191939K(229376K)
[1.232s][info][gc,metaspace   ] GC(42) Metaspace: 6302K(6464K)->6302K(6464K) NonClass: 5768K(5824K)->5768K(5824K) Class: 533K(640K)->533K(640K)
[1.232s][info][gc             ] GC(42) Pause Young (Allocation Failure) 202M->203M(269M) 18.551ms
[1.232s][info][gc,cpu         ] GC(42) User=0.06s Sys=0.00s Real=0.02s
[1.249s][info][gc,start       ] GC(43) Pause Young (Allocation Failure)
[1.265s][info][gc,heap        ] GC(43) PSYoungGen: 30272K(46592K)->30304K(48640K) Eden: 14336K(14336K)->0K(14336K) From: 15936K(32256K)->30304K(34304K)
[1.265s][info][gc,heap        ] GC(43) ParOldGen: 191939K(229376K)->191939K(229376K)
[1.265s][info][gc,metaspace   ] GC(43) Metaspace: 6302K(6464K)->6302K(6464K) NonClass: 5768K(5824K)->5768K(5824K) Class: 533K(640K)->533K(640K)
[1.265s][info][gc             ] GC(43) Pause Young (Allocation Failure) 217M->217M(271M) 16.228ms
[1.265s][info][gc,cpu         ] GC(43) User=0.00s Sys=0.00s Real=0.02s
[1.283s][info][gc,start       ] GC(44) Pause Young (Allocation Failure)
[1.306s][info][gc,heap        ] GC(44) PSYoungGen: 44640K(48640K)->37888K(46080K) Eden: 14336K(14336K)->0K(8192K) From: 30304K(34304K)->37888K(37888K)
[1.306s][info][gc,heap        ] GC(44) ParOldGen: 191939K(229376K)->198691K(229376K)
[1.306s][info][gc,metaspace   ] GC(44) Metaspace: 6302K(6464K)->6302K(6464K) NonClass: 5768K(5824K)->5768K(5824K) Class: 533K(640K)->533K(640K)
[1.306s][info][gc             ] GC(44) Pause Young (Allocation Failure) 231M->231M(269M) 23.139ms
[1.306s][info][gc,cpu         ] GC(44) User=0.09s Sys=0.02s Real=0.02s
[1.316s][info][gc,start       ] GC(45) Pause Young (Allocation Failure)
[1.338s][info][gc,heap        ] GC(45) PSYoungGen: 46080K(46080K)->42560K(54272K) Eden: 8192K(8192K)->0K(8192K) From: 37888K(37888K)->42560K(46080K)
[1.338s][info][gc,heap        ] GC(45) ParOldGen: 198691K(229376K)->202323K(229376K)
[1.338s][info][gc,metaspace   ] GC(45) Metaspace: 6302K(6464K)->6302K(6464K) NonClass: 5768K(5824K)->5768K(5824K) Class: 533K(640K)->533K(640K)
[1.338s][info][gc             ] GC(45) Pause Young (Allocation Failure) 239M->239M(277M) 22.468ms
[1.338s][info][gc,cpu         ] GC(45) User=0.09s Sys=0.00s Real=0.02s
[1.349s][info][gc,start       ] GC(46) Pause Young (Allocation Failure)
[1.376s][info][gc,heap        ] GC(46) PSYoungGen: 50752K(54272K)->40128K(57344K) Eden: 8192K(8192K)->0K(5632K) From: 42560K(46080K)->40128K(51712K)
[1.376s][info][gc,heap        ] GC(46) ParOldGen: 202323K(229376K)->213099K(229376K)
[1.376s][info][gc,metaspace   ] GC(46) Metaspace: 6302K(6464K)->6302K(6464K) NonClass: 5768K(5824K)->5768K(5824K) Class: 533K(640K)->533K(640K)
[1.377s][info][gc             ] GC(46) Pause Young (Allocation Failure) 247M->247M(280M) 27.661ms
[1.377s][info][gc,cpu         ] GC(46) User=0.06s Sys=0.00s Real=0.03s
[1.377s][info][gc,start       ] GC(47) Pause Full (Ergonomics)
[1.377s][info][gc,phases,start] GC(47) Marking Phase
[1.447s][info][gc,phases      ] GC(47) Marking Phase 70.625ms
[1.447s][info][gc,phases,start] GC(47) Summary Phase
[1.447s][info][gc,phases      ] GC(47) Summary Phase 0.022ms
[1.447s][info][gc,phases,start] GC(47) Adjust Roots
[1.448s][info][gc,phases      ] GC(47) Adjust Roots 0.232ms
[1.448s][info][gc,phases,start] GC(47) Compaction Phase
[1.484s][info][gc,phases      ] GC(47) Compaction Phase 36.269ms
[1.484s][info][gc,phases,start] GC(47) Post Compact
[1.485s][info][gc,phases      ] GC(47) Post Compact 1.221ms
[1.486s][info][gc,heap        ] GC(47) PSYoungGen: 40128K(57344K)->23607K(57344K) Eden: 0K(5632K)->0K(5632K) From: 40128K(51712K)->23607K(51712K)
[1.486s][info][gc,heap        ] GC(47) ParOldGen: 213099K(229376K)->229092K(266752K)
[1.486s][info][gc,metaspace   ] GC(47) Metaspace: 6302K(6464K)->6302K(6464K) NonClass: 5768K(5824K)->5768K(5824K) Class: 533K(640K)->533K(640K)
[1.486s][info][gc             ] GC(47) Pause Full (Ergonomics) 247M->246M(316M) 109.068ms
[1.486s][info][gc,cpu         ] GC(47) User=0.34s Sys=0.05s Real=0.11s
[1.492s][info][gc,start       ] GC(48) Pause Young (Allocation Failure)
[1.517s][info][gc,heap        ] GC(48) PSYoungGen: 29239K(57344K)->16288K(22016K) Eden: 5632K(5632K)->0K(5632K) From: 23607K(51712K)->16288K(16384K)
[1.517s][info][gc,heap        ] GC(48) ParOldGen: 229092K(266752K)->242412K(266752K)
[1.517s][info][gc,metaspace   ] GC(48) Metaspace: 6302K(6464K)->6302K(6464K) NonClass: 5768K(5824K)->5768K(5824K) Class: 533K(640K)->533K(640K)
[1.517s][info][gc             ] GC(48) Pause Young (Allocation Failure) 252M->252M(282M) 24.757ms
[1.517s][info][gc,cpu         ] GC(48) User=0.08s Sys=0.00s Real=0.02s
[1.525s][info][gc,start       ] GC(49) Pause Young (Allocation Failure)
[1.538s][info][gc,heap        ] GC(49) PSYoungGen: 21920K(22016K)->16704K(56320K) Eden: 5632K(5632K)->0K(6656K) From: 16288K(16384K)->16704K(49664K)
[1.538s][info][gc,heap        ] GC(49) ParOldGen: 242412K(266752K)->247644K(266752K)
[1.538s][info][gc,metaspace   ] GC(49) Metaspace: 6302K(6464K)->6302K(6464K) NonClass: 5768K(5824K)->5768K(5824K) Class: 533K(640K)->533K(640K)
[1.538s][info][gc             ] GC(49) Pause Young (Allocation Failure) 258M->258M(315M) 13.088ms
[1.538s][info][gc,cpu         ] GC(49) User=0.00s Sys=0.00s Real=0.01s
[1.546s][info][gc,start       ] GC(50) Pause Young (Allocation Failure)
[1.560s][info][gc,heap        ] GC(50) PSYoungGen: 23360K(56320K)->12320K(58368K) Eden: 6656K(6656K)->0K(6656K) From: 16704K(49664K)->12320K(51712K)
[1.560s][info][gc,heap        ] GC(50) ParOldGen: 247644K(266752K)->258796K(266752K)
[1.560s][info][gc,metaspace   ] GC(50) Metaspace: 6302K(6464K)->6302K(6464K) NonClass: 5768K(5824K)->5768K(5824K) Class: 533K(640K)->533K(640K)
[1.560s][info][gc             ] GC(50) Pause Young (Allocation Failure) 264M->264M(317M) 14.120ms
[1.560s][info][gc,cpu         ] GC(50) User=0.00s Sys=0.00s Real=0.02s
[1.560s][info][gc,start       ] GC(51) Pause Full (Ergonomics)
[1.560s][info][gc,phases,start] GC(51) Marking Phase
[1.630s][info][gc,phases      ] GC(51) Marking Phase 69.529ms
[1.630s][info][gc,phases,start] GC(51) Summary Phase
[1.630s][info][gc,phases      ] GC(51) Summary Phase 0.026ms
[1.630s][info][gc,phases,start] GC(51) Adjust Roots
[1.630s][info][gc,phases      ] GC(51) Adjust Roots 0.198ms
[1.630s][info][gc,phases,start] GC(51) Compaction Phase
[1.665s][info][gc,phases      ] GC(51) Compaction Phase 34.741ms
[1.665s][info][gc,phases,start] GC(51) Post Compact
[1.667s][info][gc,phases      ] GC(51) Post Compact 1.722ms
[1.667s][info][gc,heap        ] GC(51) PSYoungGen: 12320K(58368K)->4051K(58368K) Eden: 0K(6656K)->0K(6656K) From: 12320K(51712K)->4051K(51712K)
[1.667s][info][gc,heap        ] GC(51) ParOldGen: 258796K(266752K)->266473K(307200K)
[1.667s][info][gc,metaspace   ] GC(51) Metaspace: 6302K(6464K)->6302K(6464K) NonClass: 5768K(5824K)->5768K(5824K) Class: 533K(640K)->533K(640K)
[1.667s][info][gc             ] GC(51) Pause Full (Ergonomics) 264M->264M(357M) 106.894ms
[1.667s][info][gc,cpu         ] GC(51) User=0.44s Sys=0.00s Real=0.11s
[1.676s][info][gc,start       ] GC(52) Pause Young (Allocation Failure)
[1.704s][info][gc,heap        ] GC(52) PSYoungGen: 10707K(58368K)->6720K(56832K) Eden: 6656K(6656K)->0K(7680K) From: 4051K(51712K)->6720K(49152K)
[1.704s][info][gc,heap        ] GC(52) ParOldGen: 266473K(307200K)->270609K(307200K)
[1.704s][info][gc,metaspace   ] GC(52) Metaspace: 6302K(6464K)->6302K(6464K) NonClass: 5768K(5824K)->5768K(5824K) Class: 533K(640K)->533K(640K)
[1.704s][info][gc             ] GC(52) Pause Young (Allocation Failure) 270M->270M(355M) 27.902ms
[1.704s][info][gc,cpu         ] GC(52) User=0.05s Sys=0.00s Real=0.03s
[1.715s][info][gc,start       ] GC(53) Pause Young (Allocation Failure)
[1.725s][info][gc,heap        ] GC(53) PSYoungGen: 14400K(56832K)->7776K(57856K) Eden: 7680K(7680K)->0K(7680K) From: 6720K(49152K)->7776K(50176K)
[1.725s][info][gc,heap        ] GC(53) ParOldGen: 270609K(307200K)->277353K(307200K)
[1.725s][info][gc,metaspace   ] GC(53) Metaspace: 6302K(6464K)->6302K(6464K) NonClass: 5768K(5824K)->5768K(5824K) Class: 533K(640K)->533K(640K)
[1.725s][info][gc             ] GC(53) Pause Young (Allocation Failure) 278M->278M(356M) 9.960ms
[1.725s][info][gc,cpu         ] GC(53) User=0.00s Sys=0.00s Real=0.01s
[1.736s][info][gc,start       ] GC(54) Pause Young (Allocation Failure)
[1.747s][info][gc,heap        ] GC(54) PSYoungGen: 15456K(57856K)->7744K(55296K) Eden: 7680K(7680K)->0K(8704K) From: 7776K(50176K)->7744K(46592K)
[1.747s][info][gc,heap        ] GC(54) ParOldGen: 277353K(307200K)->285145K(307200K)
[1.747s][info][gc,metaspace   ] GC(54) Metaspace: 6302K(6464K)->6302K(6464K) NonClass: 5768K(5824K)->5768K(5824K) Class: 533K(640K)->533K(640K)
[1.747s][info][gc             ] GC(54) Pause Young (Allocation Failure) 285M->286M(354M) 11.317ms
[1.747s][info][gc,cpu         ] GC(54) User=0.02s Sys=0.00s Real=0.01s
[1.757s][info][gc,start       ] GC(55) Pause Young (Allocation Failure)
[1.768s][info][gc,heap        ] GC(55) PSYoungGen: 16448K(55296K)->8736K(56832K) Eden: 8704K(8704K)->0K(8704K) From: 7744K(46592K)->8736K(48128K)
[1.768s][info][gc,heap        ] GC(55) ParOldGen: 285145K(307200K)->292929K(307200K)
[1.768s][info][gc,metaspace   ] GC(55) Metaspace: 6302K(6464K)->6302K(6464K) NonClass: 5768K(5824K)->5768K(5824K) Class: 533K(640K)->533K(640K)
[1.768s][info][gc             ] GC(55) Pause Young (Allocation Failure) 294M->294M(355M) 11.537ms
[1.768s][info][gc,cpu         ] GC(55) User=0.00s Sys=0.00s Real=0.01s
[1.768s][info][gc,start       ] GC(56) Pause Full (Ergonomics)
[1.768s][info][gc,phases,start] GC(56) Marking Phase
[1.865s][info][gc,phases      ] GC(56) Marking Phase 96.966ms
[1.865s][info][gc,phases,start] GC(56) Summary Phase
[1.865s][info][gc,phases      ] GC(56) Summary Phase 0.024ms
[1.865s][info][gc,phases,start] GC(56) Adjust Roots
[1.866s][info][gc,phases      ] GC(56) Adjust Roots 0.222ms
[1.866s][info][gc,phases,start] GC(56) Compaction Phase
[1.895s][info][gc,phases      ] GC(56) Compaction Phase 29.652ms
[1.895s][info][gc,phases,start] GC(56) Post Compact
[1.897s][info][gc,phases      ] GC(56) Post Compact 1.685ms
[1.897s][info][gc,heap        ] GC(56) PSYoungGen: 8736K(56832K)->0K(55808K) Eden: 0K(8704K)->0K(9728K) From: 8736K(48128K)->0K(46080K)
[1.897s][info][gc,heap        ] GC(56) ParOldGen: 292929K(307200K)->301118K(341504K)
[1.897s][info][gc,metaspace   ] GC(56) Metaspace: 6302K(6464K)->6302K(6464K) NonClass: 5768K(5824K)->5768K(5824K) Class: 533K(640K)->533K(640K)
[1.897s][info][gc             ] GC(56) Pause Full (Ergonomics) 294M->294M(388M) 129.238ms
[1.897s][info][gc,cpu         ] GC(56) User=0.56s Sys=0.00s Real=0.13s
[1.910s][info][gc,start       ] GC(57) Pause Young (Allocation Failure)
[1.917s][info][gc,heap        ] GC(57) PSYoungGen: 9728K(55808K)->9824K(56320K) Eden: 9728K(9728K)->0K(9728K) From: 0K(46080K)->9824K(46592K)
[1.917s][info][gc,heap        ] GC(57) ParOldGen: 301118K(341504K)->301118K(341504K)
[1.917s][info][gc,metaspace   ] GC(57) Metaspace: 6302K(6464K)->6302K(6464K) NonClass: 5768K(5824K)->5768K(5824K) Class: 533K(640K)->533K(640K)
[1.917s][info][gc             ] GC(57) Pause Young (Allocation Failure) 303M->303M(388M) 7.565ms
[1.917s][info][gc,cpu         ] GC(57) User=0.02s Sys=0.00s Real=0.01s
[1.929s][info][gc,start       ] GC(58) Pause Young (Allocation Failure)
[1.941s][info][gc,heap        ] GC(58) PSYoungGen: 19552K(56320K)->19520K(53248K) Eden: 9728K(9728K)->0K(11264K) From: 9824K(46592K)->19520K(41984K)
[1.942s][info][gc,heap        ] GC(58) ParOldGen: 301118K(341504K)->301118K(341504K)
[1.942s][info][gc,metaspace   ] GC(58) Metaspace: 6302K(6464K)->6302K(6464K) NonClass: 5768K(5824K)->5768K(5824K) Class: 533K(640K)->533K(640K)
[1.942s][info][gc             ] GC(58) Pause Young (Allocation Failure) 313M->313M(385M) 12.890ms
[1.942s][info][gc,cpu         ] GC(58) User=0.00s Sys=0.00s Real=0.01s
[1.956s][info][gc,start       ] GC(59) Pause Young (Allocation Failure)
[1.973s][info][gc,heap        ] GC(59) PSYoungGen: 30784K(53248K)->30752K(54784K) Eden: 11264K(11264K)->0K(11264K) From: 19520K(41984K)->30752K(43520K)
[1.973s][info][gc,heap        ] GC(59) ParOldGen: 301118K(341504K)->301118K(341504K)
[1.973s][info][gc,metaspace   ] GC(59) Metaspace: 6302K(6464K)->6302K(6464K) NonClass: 5768K(5824K)->5768K(5824K) Class: 533K(640K)->533K(640K)
[1.973s][info][gc             ] GC(59) Pause Young (Allocation Failure) 324M->324M(387M) 17.208ms
[1.973s][info][gc,cpu         ] GC(59) User=0.02s Sys=0.00s Real=0.02s
[1.987s][info][gc,start       ] GC(60) Pause Young (Allocation Failure)
[2.010s][info][gc,heap        ] GC(60) PSYoungGen: 42016K(54784K)->42048K(52736K) Eden: 11264K(11264K)->0K(6656K) From: 30752K(43520K)->42048K(46080K)
[2.010s][info][gc,heap        ] GC(60) ParOldGen: 301118K(341504K)->301118K(341504K)
[2.011s][info][gc,metaspace   ] GC(60) Metaspace: 6302K(6464K)->6302K(6464K) NonClass: 5768K(5824K)->5768K(5824K) Class: 533K(640K)->533K(640K)
[2.011s][info][gc             ] GC(60) Pause Young (Allocation Failure) 335M->335M(385M) 23.838ms
[2.011s][info][gc,cpu         ] GC(60) User=0.09s Sys=0.00s Real=0.02s
[2.019s][info][gc,start       ] GC(61) Pause Young (Allocation Failure)
[2.045s][info][gc,heap        ] GC(61) PSYoungGen: 48704K(52736K)->38944K(58880K) Eden: 6656K(6656K)->0K(6656K) From: 42048K(46080K)->38944K(52224K)
[2.045s][info][gc,heap        ] GC(61) ParOldGen: 301118K(341504K)->310982K(341504K)
[2.045s][info][gc,metaspace   ] GC(61) Metaspace: 6302K(6464K)->6302K(6464K) NonClass: 5768K(5824K)->5768K(5824K) Class: 533K(640K)->533K(640K)
[2.045s][info][gc             ] GC(61) Pause Young (Allocation Failure) 341M->341M(391M) 26.038ms
[2.045s][info][gc,cpu         ] GC(61) User=0.09s Sys=0.00s Real=0.03s
[2.124s][info][gc,start       ] GC(62) Pause Full (Ergonomics)
[2.124s][info][gc,phases,start] GC(62) Marking Phase
[2.211s][info][gc,phases      ] GC(62) Marking Phase 87.133ms
[2.211s][info][gc,phases,start] GC(62) Summary Phase
[2.211s][info][gc,phases      ] GC(62) Summary Phase 0.023ms
[2.211s][info][gc,phases,start] GC(62) Adjust Roots
[2.211s][info][gc,phases      ] GC(62) Adjust Roots 0.214ms
[2.211s][info][gc,phases,start] GC(62) Compaction Phase
[2.279s][info][gc,phases      ] GC(62) Compaction Phase 67.686ms
[2.279s][info][gc,phases,start] GC(62) Post Compact
[2.281s][info][gc,phases      ] GC(62) Post Compact 1.901ms
[2.281s][info][gc,heap        ] GC(62) PSYoungGen: 45600K(58880K)->22935K(58880K) Eden: 6656K(6656K)->0K(6656K) From: 38944K(52224K)->22935K(52224K)
[2.281s][info][gc,heap        ] GC(62) ParOldGen: 327366K(341504K)->341474K(383488K)
[2.281s][info][gc,metaspace   ] GC(62) Metaspace: 6302K(6464K)->6302K(6464K) NonClass: 5768K(5824K)->5768K(5824K) Class: 533K(640K)->533K(640K)
[2.281s][info][gc             ] GC(62) Pause Full (Ergonomics) 364M->355M(432M) 157.526ms
[2.281s][info][gc,cpu         ] GC(62) User=0.62s Sys=0.00s Real=0.16s
[2.290s][info][gc,start       ] GC(63) Pause Young (Allocation Failure)
[2.321s][info][gc,heap        ] GC(63) PSYoungGen: 29591K(58880K)->17472K(58368K) Eden: 6656K(6656K)->0K(7680K) From: 22935K(52224K)->17472K(50688K)
[2.321s][info][gc,heap        ] GC(63) ParOldGen: 341474K(383488K)->353898K(383488K)
[2.321s][info][gc,metaspace   ] GC(63) Metaspace: 6302K(6464K)->6302K(6464K) NonClass: 5768K(5824K)->5768K(5824K) Class: 533K(640K)->533K(640K)
[2.321s][info][gc             ] GC(63) Pause Young (Allocation Failure) 362M->362M(431M) 31.545ms
[2.321s][info][gc,cpu         ] GC(63) User=0.11s Sys=0.00s Real=0.03s
[2.330s][info][gc,start       ] GC(64) Pause Young (Allocation Failure)
[2.344s][info][gc,heap        ] GC(64) PSYoungGen: 25152K(58368K)->18656K(26624K) Eden: 7680K(7680K)->0K(7680K) From: 17472K(50688K)->18656K(18944K)
[2.344s][info][gc,heap        ] GC(64) ParOldGen: 353898K(383488K)->360514K(383488K)
[2.344s][info][gc,metaspace   ] GC(64) Metaspace: 6302K(6464K)->6302K(6464K) NonClass: 5768K(5824K)->5768K(5824K) Class: 533K(640K)->533K(640K)
[2.344s][info][gc             ] GC(64) Pause Young (Allocation Failure) 370M->370M(400M) 14.255ms
[2.344s][info][gc,cpu         ] GC(64) User=0.00s Sys=0.00s Real=0.01s
[2.354s][info][gc,start       ] GC(65) Pause Young (Allocation Failure)
[2.368s][info][gc,heap        ] GC(65) PSYoungGen: 26336K(26624K)->22048K(54784K) Eden: 7680K(7680K)->0K(9216K) From: 18656K(18944K)->22048K(45568K)
[2.368s][info][gc,heap        ] GC(65) ParOldGen: 360514K(383488K)->364810K(383488K)
[2.368s][info][gc,metaspace   ] GC(65) Metaspace: 6302K(6464K)->6302K(6464K) NonClass: 5768K(5824K)->5768K(5824K) Class: 533K(640K)->533K(640K)
[2.368s][info][gc             ] GC(65) Pause Young (Allocation Failure) 377M->377M(428M) 14.613ms
[2.368s][info][gc,cpu         ] GC(65) User=0.00s Sys=0.00s Real=0.02s
[2.379s][info][gc,start       ] GC(66) Pause Young (Allocation Failure)
[2.395s][info][gc,heap        ] GC(66) PSYoungGen: 31264K(54784K)->24640K(57344K) Eden: 9216K(9216K)->0K(9216K) From: 22048K(45568K)->24640K(48128K)
[2.396s][info][gc,heap        ] GC(66) ParOldGen: 364810K(383488K)->371562K(383488K)
[2.396s][info][gc,metaspace   ] GC(66) Metaspace: 6302K(6464K)->6302K(6464K) NonClass: 5768K(5824K)->5768K(5824K) Class: 533K(640K)->533K(640K)
[2.396s][info][gc             ] GC(66) Pause Young (Allocation Failure) 386M->386M(430M) 16.754ms
[2.396s][info][gc,cpu         ] GC(66) User=0.02s Sys=0.02s Real=0.02s
[2.396s][info][gc,start       ] GC(67) Pause Full (Ergonomics)
[2.396s][info][gc,phases,start] GC(67) Marking Phase
[2.504s][info][gc,phases      ] GC(67) Marking Phase 108.251ms
[2.504s][info][gc,phases,start] GC(67) Summary Phase
[2.504s][info][gc,phases      ] GC(67) Summary Phase 0.022ms
[2.504s][info][gc,phases,start] GC(67) Adjust Roots
[2.504s][info][gc,phases      ] GC(67) Adjust Roots 0.214ms
[2.504s][info][gc,phases,start] GC(67) Compaction Phase
[2.557s][info][gc,phases      ] GC(67) Compaction Phase 52.298ms
[2.557s][info][gc,phases,start] GC(67) Post Compact
[2.559s][info][gc,phases      ] GC(67) Post Compact 1.885ms
[2.559s][info][gc,heap        ] GC(67) PSYoungGen: 24640K(57344K)->12224K(57344K) Eden: 0K(9216K)->0K(9216K) From: 24640K(48128K)->12224K(48128K)
[2.559s][info][gc,heap        ] GC(67) ParOldGen: 371562K(383488K)->383299K(428032K)
[2.559s][info][gc,metaspace   ] GC(67) Metaspace: 6302K(6464K)->6302K(6464K) NonClass: 5768K(5824K)->5768K(5824K) Class: 533K(640K)->533K(640K)
[2.559s][info][gc             ] GC(67) Pause Full (Ergonomics) 386M->386M(474M) 163.703ms
[2.559s][info][gc,cpu         ] GC(67) User=0.66s Sys=0.02s Real=0.16s
[2.569s][info][gc,start       ] GC(68) Pause Young (Allocation Failure)
[2.600s][info][gc,heap        ] GC(68) PSYoungGen: 21440K(57344K)->13888K(54272K) Eden: 9216K(9216K)->0K(10240K) From: 12224K(48128K)->13888K(44032K)
[2.600s][info][gc,heap        ] GC(68) ParOldGen: 383299K(428032K)->391075K(428032K)
[2.600s][info][gc,metaspace   ] GC(68) Metaspace: 6302K(6464K)->6302K(6464K) NonClass: 5768K(5824K)->5768K(5824K) Class: 533K(640K)->533K(640K)
[2.600s][info][gc             ] GC(68) Pause Young (Allocation Failure) 395M->395M(471M) 30.618ms
[2.600s][info][gc,cpu         ] GC(68) User=0.08s Sys=0.00s Real=0.03s
[2.612s][info][gc,start       ] GC(69) Pause Young (Allocation Failure)
[2.628s][info][gc,heap        ] GC(69) PSYoungGen: 24128K(54272K)->24096K(55808K) Eden: 10240K(10240K)->0K(10240K) From: 13888K(44032K)->24096K(45568K)
[2.628s][info][gc,heap        ] GC(69) ParOldGen: 391075K(428032K)->391075K(428032K)
[2.628s][info][gc,metaspace   ] GC(69) Metaspace: 6302K(6464K)->6302K(6464K) NonClass: 5768K(5824K)->5768K(5824K) Class: 533K(640K)->533K(640K)
[2.628s][info][gc             ] GC(69) Pause Young (Allocation Failure) 405M->405M(472M) 15.484ms
[2.628s][info][gc,cpu         ] GC(69) User=0.02s Sys=0.00s Real=0.02s
[2.640s][info][gc,start       ] GC(70) Pause Young (Allocation Failure)
[2.659s][info][gc,heap        ] GC(70) PSYoungGen: 34336K(55808K)->29760K(54784K) Eden: 10240K(10240K)->0K(10752K) From: 24096K(45568K)->29760K(44032K)
[2.659s][info][gc,heap        ] GC(70) ParOldGen: 391075K(428032K)->395731K(428032K)
[2.659s][info][gc,metaspace   ] GC(70) Metaspace: 6302K(6464K)->6302K(6464K) NonClass: 5768K(5824K)->5768K(5824K) Class: 533K(640K)->533K(640K)
[2.659s][info][gc             ] GC(70) Pause Young (Allocation Failure) 415M->415M(471M) 19.077ms
[2.659s][info][gc,cpu         ] GC(70) User=0.05s Sys=0.00s Real=0.02s
[2.671s][info][gc,start       ] GC(71) Pause Young (Allocation Failure)
[2.694s][info][gc,heap        ] GC(71) PSYoungGen: 40512K(54784K)->31296K(55808K) Eden: 10752K(10752K)->0K(10752K) From: 29760K(44032K)->31296K(45056K)
[2.694s][info][gc,heap        ] GC(71) ParOldGen: 395731K(428032K)->405075K(428032K)
[2.694s][info][gc,metaspace   ] GC(71) Metaspace: 6302K(6464K)->6302K(6464K) NonClass: 5768K(5824K)->5768K(5824K) Class: 533K(640K)->533K(640K)
[2.694s][info][gc             ] GC(71) Pause Young (Allocation Failure) 426M->426M(472M) 22.530ms
[2.694s][info][gc,cpu         ] GC(71) User=0.09s Sys=0.00s Real=0.02s
[2.706s][info][gc,start       ] GC(72) Pause Young (Allocation Failure)
[2.729s][info][gc,heap        ] GC(72) PSYoungGen: 42048K(55808K)->31840K(57344K) Eden: 10752K(10752K)->0K(11264K) From: 31296K(45056K)->31840K(46080K)
[2.729s][info][gc,heap        ] GC(72) ParOldGen: 405075K(428032K)->415451K(428032K)
[2.729s][info][gc,metaspace   ] GC(72) Metaspace: 6302K(6464K)->6302K(6464K) NonClass: 5768K(5824K)->5768K(5824K) Class: 533K(640K)->533K(640K)
[2.730s][info][gc             ] GC(72) Pause Young (Allocation Failure) 436M->436M(474M) 23.664ms
[2.730s][info][gc,cpu         ] GC(72) User=0.06s Sys=0.00s Real=0.02s
[2.730s][info][gc,start       ] GC(73) Pause Full (Ergonomics)
[2.730s][info][gc,phases,start] GC(73) Marking Phase
[2.847s][info][gc,phases      ] GC(73) Marking Phase 117.364ms
[2.847s][info][gc,phases,start] GC(73) Summary Phase
[2.847s][info][gc,phases      ] GC(73) Summary Phase 0.034ms
[2.847s][info][gc,phases,start] GC(73) Adjust Roots
[2.847s][info][gc,phases      ] GC(73) Adjust Roots 0.194ms
[2.847s][info][gc,phases,start] GC(73) Compaction Phase
[2.896s][info][gc,phases      ] GC(73) Compaction Phase 48.443ms
[2.896s][info][gc,phases,start] GC(73) Post Compact
[2.898s][info][gc,phases      ] GC(73) Post Compact 2.268ms
[2.898s][info][gc,heap        ] GC(73) PSYoungGen: 31840K(57344K)->18876K(57344K) Eden: 0K(11264K)->0K(11264K) From: 31840K(46080K)->18876K(46080K)
[2.898s][info][gc,heap        ] GC(73) ParOldGen: 415451K(428032K)->427694K(476160K)
[2.898s][info][gc,metaspace   ] GC(73) Metaspace: 6302K(6464K)->6302K(6464K) NonClass: 5768K(5824K)->5768K(5824K) Class: 533K(640K)->533K(640K)
[2.898s][info][gc             ] GC(73) Pause Full (Ergonomics) 436M->436M(521M) 168.855ms
[2.898s][info][gc,cpu         ] GC(73) User=0.77s Sys=0.02s Real=0.17s
[2.911s][info][gc,start       ] GC(74) Pause Young (Allocation Failure)
[2.948s][info][gc,heap        ] GC(74) PSYoungGen: 30140K(57344K)->17952K(58368K) Eden: 11264K(11264K)->0K(11264K) From: 18876K(46080K)->17952K(47104K)
[2.948s][info][gc,heap        ] GC(74) ParOldGen: 427694K(476160K)->440142K(476160K)
[2.948s][info][gc,metaspace   ] GC(74) Metaspace: 6302K(6464K)->6302K(6464K) NonClass: 5768K(5824K)->5768K(5824K) Class: 533K(640K)->533K(640K)
[2.948s][info][gc             ] GC(74) Pause Young (Allocation Failure) 447M->447M(522M) 37.252ms
[2.948s][info][gc,cpu         ] GC(74) User=0.11s Sys=0.03s Real=0.04s
[2.961s][info][gc,start       ] GC(75) Pause Young (Allocation Failure)
[2.979s][info][gc,heap        ] GC(75) PSYoungGen: 29216K(58368K)->22624K(53760K) Eden: 11264K(11264K)->0K(12800K) From: 17952K(47104K)->22624K(40960K)
[2.979s][info][gc,heap        ] GC(75) ParOldGen: 440142K(476160K)->446878K(476160K)
[2.979s][info][gc,metaspace   ] GC(75) Metaspace: 6302K(6464K)->6302K(6464K) NonClass: 5768K(5824K)->5768K(5824K) Class: 533K(640K)->533K(640K)
[2.979s][info][gc             ] GC(75) Pause Young (Allocation Failure) 458M->458M(517M) 18.325ms
[2.979s][info][gc,cpu         ] GC(75) User=0.03s Sys=0.02s Real=0.02s
[2.995s][info][gc,start       ] GC(76) Pause Young (Allocation Failure)
[3.017s][info][gc,heap        ] GC(76) PSYoungGen: 35424K(53760K)->24160K(56320K) Eden: 12800K(12800K)->0K(12800K) From: 22624K(40960K)->24160K(43520K)
[3.017s][info][gc,heap        ] GC(76) ParOldGen: 446878K(476160K)->458310K(476160K)
[3.017s][info][gc,metaspace   ] GC(76) Metaspace: 6302K(6464K)->6302K(6464K) NonClass: 5768K(5824K)->5768K(5824K) Class: 533K(640K)->533K(640K)
[3.017s][info][gc             ] GC(76) Pause Young (Allocation Failure) 470M->471M(520M) 22.360ms
[3.018s][info][gc,cpu         ] GC(76) User=0.05s Sys=0.02s Real=0.02s
[3.031s][info][gc,start       ] GC(77) Pause Young (Allocation Failure)
[3.054s][info][gc,heap        ] GC(77) PSYoungGen: 36960K(56320K)->25696K(54272K) Eden: 12800K(12800K)->0K(14336K) From: 24160K(43520K)->25696K(39936K)
[3.054s][info][gc,heap        ] GC(77) ParOldGen: 458310K(476160K)->469726K(476160K)
[3.054s][info][gc,metaspace   ] GC(77) Metaspace: 6302K(6464K)->6302K(6464K) NonClass: 5768K(5824K)->5768K(5824K) Class: 533K(640K)->533K(640K)
[3.054s][info][gc             ] GC(77) Pause Young (Allocation Failure) 483M->483M(518M) 22.841ms
[3.054s][info][gc,cpu         ] GC(77) User=0.06s Sys=0.02s Real=0.02s
[3.054s][info][gc,start       ] GC(78) Pause Full (Ergonomics)
[3.054s][info][gc,phases,start] GC(78) Marking Phase
[3.189s][info][gc,phases      ] GC(78) Marking Phase 134.157ms
[3.189s][info][gc,phases,start] GC(78) Summary Phase
[3.189s][info][gc,phases      ] GC(78) Summary Phase 0.029ms
[3.189s][info][gc,phases,start] GC(78) Adjust Roots
[3.189s][info][gc,phases      ] GC(78) Adjust Roots 0.288ms
[3.189s][info][gc,phases,start] GC(78) Compaction Phase
[3.243s][info][gc,phases      ] GC(78) Compaction Phase 53.996ms
[3.243s][info][gc,phases,start] GC(78) Post Compact
[3.246s][info][gc,phases      ] GC(78) Post Compact 2.619ms
[3.246s][info][gc,heap        ] GC(78) PSYoungGen: 25696K(54272K)->18893K(55296K) Eden: 0K(14336K)->0K(15360K) From: 25696K(39936K)->18893K(39936K)
[3.246s][info][gc,heap        ] GC(78) ParOldGen: 469726K(476160K)->475682K(530432K)
[3.246s][info][gc,metaspace   ] GC(78) Metaspace: 6302K(6464K)->6302K(6464K) NonClass: 5768K(5824K)->5768K(5824K) Class: 533K(640K)->533K(640K)
[3.246s][info][gc             ] GC(78) Pause Full (Ergonomics) 483M->482M(572M) 191.637ms
[3.246s][info][gc,cpu         ] GC(78) User=0.84s Sys=0.00s Real=0.19s
[3.262s][info][gc,start       ] GC(79) Pause Young (Allocation Failure)
[3.303s][info][gc,heap        ] GC(79) PSYoungGen: 34253K(55296K)->24800K(56320K) Eden: 15360K(15360K)->0K(15360K) From: 18893K(39936K)->24800K(40960K)
[3.303s][info][gc,heap        ] GC(79) ParOldGen: 475682K(530432K)->485402K(530432K)
[3.304s][info][gc,metaspace   ] GC(79) Metaspace: 6302K(6464K)->6302K(6464K) NonClass: 5768K(5824K)->5768K(5824K) Class: 533K(640K)->533K(640K)
[3.304s][info][gc             ] GC(79) Pause Young (Allocation Failure) 497M->498M(573M) 41.269ms
[3.304s][info][gc,cpu         ] GC(79) User=0.14s Sys=0.02s Real=0.04s
[3.320s][info][gc,start       ] GC(80) Pause Young (Allocation Failure)
[3.343s][info][gc,heap        ] GC(80) PSYoungGen: 40160K(56320K)->39936K(52224K) Eden: 15360K(15360K)->0K(12288K) From: 24800K(40960K)->39936K(39936K)
[3.344s][info][gc,heap        ] GC(80) ParOldGen: 485402K(530432K)->485610K(530432K)
[3.344s][info][gc,metaspace   ] GC(80) Metaspace: 6302K(6464K)->6302K(6464K) NonClass: 5768K(5824K)->5768K(5824K) Class: 533K(640K)->533K(640K)
[3.344s][info][gc             ] GC(80) Pause Young (Allocation Failure) 513M->513M(569M) 23.058ms
[3.344s][info][gc,cpu         ] GC(80) User=0.06s Sys=0.00s Real=0.02s
[3.357s][info][gc,start       ] GC(81) Pause Young (Allocation Failure)
[3.385s][info][gc,heap        ] GC(81) PSYoungGen: 52224K(52224K)->27584K(56832K) Eden: 12288K(12288K)->0K(12288K) From: 39936K(39936K)->27584K(44544K)
[3.385s][info][gc,heap        ] GC(81) ParOldGen: 485610K(530432K)->510578K(530432K)
[3.385s][info][gc,metaspace   ] GC(81) Metaspace: 6302K(6464K)->6302K(6464K) NonClass: 5768K(5824K)->5768K(5824K) Class: 533K(640K)->533K(640K)
[3.385s][info][gc             ] GC(81) Pause Young (Allocation Failure) 525M->525M(573M) 28.642ms
[3.386s][info][gc,cpu         ] GC(81) User=0.09s Sys=0.00s Real=0.03s
[3.386s][info][gc,start       ] GC(82) Pause Full (Ergonomics)
[3.386s][info][gc,phases,start] GC(82) Marking Phase
[3.529s][info][gc,phases      ] GC(82) Marking Phase 143.197ms
[3.529s][info][gc,phases,start] GC(82) Summary Phase
[3.529s][info][gc,phases      ] GC(82) Summary Phase 0.028ms
[3.529s][info][gc,phases,start] GC(82) Adjust Roots
[3.529s][info][gc,phases      ] GC(82) Adjust Roots 0.192ms
[3.529s][info][gc,phases,start] GC(82) Compaction Phase
[3.585s][info][gc,phases      ] GC(82) Compaction Phase 56.287ms
[3.585s][info][gc,phases,start] GC(82) Post Compact
[3.586s][info][gc,phases      ] GC(82) Post Compact 1.000ms
[3.587s][info][gc,heap        ] GC(82) PSYoungGen: 27584K(56832K)->7531K(56832K) Eden: 0K(12288K)->0K(12288K) From: 27584K(44544K)->7531K(44544K)
[3.587s][info][gc,heap        ] GC(82) ParOldGen: 510578K(530432K)->529962K(594944K)
[3.587s][info][gc,metaspace   ] GC(82) Metaspace: 6302K(6464K)->6302K(6464K) NonClass: 5768K(5824K)->5768K(5824K) Class: 533K(640K)->533K(640K)
[3.587s][info][gc             ] GC(82) Pause Full (Ergonomics) 525M->524M(636M) 201.290ms
[3.587s][info][gc,cpu         ] GC(82) User=0.98s Sys=0.02s Real=0.20s
[3.601s][info][gc,start       ] GC(83) Pause Young (Allocation Failure)
[3.638s][info][gc,heap        ] GC(83) PSYoungGen: 19819K(56832K)->16960K(56320K) Eden: 12288K(12288K)->0K(13824K) From: 7531K(44544K)->16960K(42496K)
[3.639s][info][gc,heap        ] GC(83) ParOldGen: 529962K(594944K)->532994K(594944K)
[3.639s][info][gc,metaspace   ] GC(83) Metaspace: 6302K(6464K)->6302K(6464K) NonClass: 5768K(5824K)->5768K(5824K) Class: 533K(640K)->533K(640K)
[3.639s][info][gc             ] GC(83) Pause Young (Allocation Failure) 536M->537M(636M) 38.090ms
[3.639s][info][gc,cpu         ] GC(83) User=0.11s Sys=0.00s Real=0.04s
[3.655s][info][gc,start       ] GC(84) Pause Young (Allocation Failure)
[3.673s][info][gc,heap        ] GC(84) PSYoungGen: 30784K(56320K)->30784K(56832K) Eden: 13824K(13824K)->0K(13824K) From: 16960K(42496K)->30784K(43008K)
[3.673s][info][gc,heap        ] GC(84) ParOldGen: 532994K(594944K)->532994K(594944K)
[3.673s][info][gc,metaspace   ] GC(84) Metaspace: 6302K(6464K)->6302K(6464K) NonClass: 5768K(5824K)->5768K(5824K) Class: 533K(640K)->533K(640K)
[3.673s][info][gc             ] GC(84) Pause Young (Allocation Failure) 550M->550M(636M) 18.364ms
[3.673s][info][gc,cpu         ] GC(84) User=0.03s Sys=0.00s Real=0.02s
[3.690s][info][gc,start       ] GC(85) Pause Young (Allocation Failure)
[3.720s][info][gc,heap        ] GC(85) PSYoungGen: 44608K(56832K)->43520K(53760K) Eden: 13824K(13824K)->0K(10240K) From: 30784K(43008K)->43520K(43520K)
[3.720s][info][gc,heap        ] GC(85) ParOldGen: 532994K(594944K)->534010K(594944K)
[3.720s][info][gc,metaspace   ] GC(85) Metaspace: 6302K(6464K)->6302K(6464K) NonClass: 5768K(5824K)->5768K(5824K) Class: 533K(640K)->533K(640K)
[3.720s][info][gc             ] GC(85) Pause Young (Allocation Failure) 564M->563M(633M) 30.080ms
[3.720s][info][gc,cpu         ] GC(85) User=0.06s Sys=0.00s Real=0.03s
[3.734s][info][gc,start       ] GC(86) Pause Young (Allocation Failure)
[3.767s][info][gc,heap        ] GC(86) PSYoungGen: 53760K(53760K)->37280K(58880K) Eden: 10240K(10240K)->0K(10240K) From: 43520K(43520K)->37280K(48640K)
[3.767s][info][gc,heap        ] GC(86) ParOldGen: 534010K(594944K)->550818K(594944K)
[3.768s][info][gc,metaspace   ] GC(86) Metaspace: 6302K(6464K)->6302K(6464K) NonClass: 5768K(5824K)->5768K(5824K) Class: 533K(640K)->533K(640K)
[3.768s][info][gc             ] GC(86) Pause Young (Allocation Failure) 573M->574M(638M) 33.358ms
[3.768s][info][gc,cpu         ] GC(86) User=0.08s Sys=0.05s Real=0.03s
[3.779s][info][gc,start       ] GC(87) Pause Young (Allocation Failure)
[3.810s][info][gc,heap        ] GC(87) PSYoungGen: 47520K(58880K)->34048K(61952K) Eden: 10240K(10240K)->0K(11776K) From: 37280K(48640K)->34048K(50176K)
[3.810s][info][gc,heap        ] GC(87) ParOldGen: 550818K(594944K)->564514K(594944K)
[3.810s][info][gc,metaspace   ] GC(87) Metaspace: 6302K(6464K)->6302K(6464K) NonClass: 5768K(5824K)->5768K(5824K) Class: 533K(640K)->533K(640K)
[3.810s][info][gc             ] GC(87) Pause Young (Allocation Failure) 584M->584M(641M) 30.950ms
[3.810s][info][gc,cpu         ] GC(87) User=0.11s Sys=0.00s Real=0.03s
[3.825s][info][gc,start       ] GC(88) Pause Young (Allocation Failure)
[3.861s][info][gc,heap        ] GC(88) PSYoungGen: 45824K(61952K)->22144K(61952K) Eden: 11776K(11776K)->0K(11776K) From: 34048K(50176K)->22144K(50176K)
[3.861s][info][gc,heap        ] GC(88) ParOldGen: 564514K(594944K)->588538K(594944K)
[3.861s][info][gc,metaspace   ] GC(88) Metaspace: 6302K(6464K)->6302K(6464K) NonClass: 5768K(5824K)->5768K(5824K) Class: 533K(640K)->533K(640K)
[3.861s][info][gc             ] GC(88) Pause Young (Allocation Failure) 596M->596M(641M) 36.716ms
[3.861s][info][gc,cpu         ] GC(88) User=0.09s Sys=0.02s Real=0.04s
[3.862s][info][gc,start       ] GC(89) Pause Full (Ergonomics)
[3.862s][info][gc,phases,start] GC(89) Marking Phase
[4.040s][info][gc,phases      ] GC(89) Marking Phase 178.661ms
[4.040s][info][gc,phases,start] GC(89) Summary Phase
[4.040s][info][gc,phases      ] GC(89) Summary Phase 0.024ms
[4.040s][info][gc,phases,start] GC(89) Adjust Roots
[4.041s][info][gc,phases      ] GC(89) Adjust Roots 0.198ms
[4.041s][info][gc,phases,start] GC(89) Compaction Phase
[4.104s][info][gc,phases      ] GC(89) Compaction Phase 63.236ms
[4.104s][info][gc,phases,start] GC(89) Post Compact
[4.105s][info][gc,phases      ] GC(89) Post Compact 1.050ms
[4.105s][info][gc,heap        ] GC(89) PSYoungGen: 22144K(61952K)->14802K(61952K) Eden: 0K(11776K)->0K(11776K) From: 22144K(50176K)->14802K(50176K)
[4.105s][info][gc,heap        ] GC(89) ParOldGen: 588538K(594944K)->594702K(669696K)
[4.105s][info][gc,metaspace   ] GC(89) Metaspace: 6302K(6464K)->6302K(6464K) NonClass: 5768K(5824K)->5768K(5824K) Class: 533K(640K)->533K(640K)
[4.105s][info][gc             ] GC(89) Pause Full (Ergonomics) 596M->595M(714M) 243.761ms
[4.105s][info][gc,cpu         ] GC(89) User=1.12s Sys=0.02s Real=0.24s
[4.119s][info][gc,start       ] GC(90) Pause Young (Allocation Failure)
[4.169s][info][gc,heap        ] GC(90) PSYoungGen: 26578K(61952K)->11872K(61952K) Eden: 11776K(11776K)->0K(12800K) From: 14802K(50176K)->11872K(49152K)
[4.169s][info][gc,heap        ] GC(90) ParOldGen: 594702K(669696K)->609750K(669696K)
[4.169s][info][gc,metaspace   ] GC(90) Metaspace: 6302K(6464K)->6302K(6464K) NonClass: 5768K(5824K)->5768K(5824K) Class: 533K(640K)->533K(640K)
[4.169s][info][gc             ] GC(90) Pause Young (Allocation Failure) 606M->607M(714M) 49.937ms
[4.169s][info][gc,cpu         ] GC(90) User=0.12s Sys=0.02s Real=0.05s
[4.188s][info][gc,start       ] GC(91) Pause Young (Allocation Failure)
[4.207s][info][gc,heap        ] GC(91) PSYoungGen: 24672K(61952K)->12896K(62976K) Eden: 12800K(12800K)->0K(12800K) From: 11872K(49152K)->12896K(50176K)
[4.207s][info][gc,heap        ] GC(91) ParOldGen: 609750K(669696K)->621702K(669696K)
[4.207s][info][gc,metaspace   ] GC(91) Metaspace: 6302K(6464K)->6302K(6464K) NonClass: 5768K(5824K)->5768K(5824K) Class: 533K(640K)->533K(640K)
[4.207s][info][gc             ] GC(91) Pause Young (Allocation Failure) 619M->619M(715M) 18.697ms
[4.207s][info][gc,cpu         ] GC(91) User=0.02s Sys=0.00s Real=0.02s
[4.223s][info][gc,start       ] GC(92) Pause Young (Allocation Failure)
[4.241s][info][gc,heap        ] GC(92) PSYoungGen: 25696K(62976K)->12896K(63488K) Eden: 12800K(12800K)->0K(14336K) From: 12896K(50176K)->12896K(49152K)
[4.241s][info][gc,heap        ] GC(92) ParOldGen: 621702K(669696K)->634694K(669696K)
[4.241s][info][gc,metaspace   ] GC(92) Metaspace: 6302K(6464K)->6302K(6464K) NonClass: 5768K(5824K)->5768K(5824K) Class: 533K(640K)->533K(640K)
[4.241s][info][gc             ] GC(92) Pause Young (Allocation Failure) 632M->632M(716M) 18.165ms
[4.241s][info][gc,cpu         ] GC(92) User=0.03s Sys=0.00s Real=0.02s
[4.258s][info][gc,start       ] GC(93) Pause Young (Allocation Failure)
[4.277s][info][gc,heap        ] GC(93) PSYoungGen: 27232K(63488K)->14400K(64000K) Eden: 14336K(14336K)->0K(14336K) From: 12896K(49152K)->14400K(49664K)
[4.277s][info][gc,heap        ] GC(93) ParOldGen: 634694K(669696K)->647670K(669696K)
[4.277s][info][gc,metaspace   ] GC(93) Metaspace: 6302K(6464K)->6302K(6464K) NonClass: 5768K(5824K)->5768K(5824K) Class: 533K(640K)->533K(640K)
[4.277s][info][gc             ] GC(93) Pause Young (Allocation Failure) 646M->646M(716M) 19.890ms
[4.277s][info][gc,cpu         ] GC(93) User=0.05s Sys=0.00s Real=0.02s
[4.277s][info][gc,start       ] GC(94) Pause Full (Ergonomics)
[4.277s][info][gc,phases,start] GC(94) Marking Phase
[4.450s][info][gc,phases      ] GC(94) Marking Phase 172.874ms
[4.450s][info][gc,phases,start] GC(94) Summary Phase
[4.450s][info][gc,phases      ] GC(94) Summary Phase 0.031ms
[4.450s][info][gc,phases,start] GC(94) Adjust Roots
[4.451s][info][gc,phases      ] GC(94) Adjust Roots 0.216ms
[4.451s][info][gc,phases,start] GC(94) Compaction Phase
[4.513s][info][gc,phases      ] GC(94) Compaction Phase 62.723ms
[4.514s][info][gc,phases,start] GC(94) Post Compact
[4.515s][info][gc,phases      ] GC(94) Post Compact 1.134ms
[4.515s][info][gc,heap        ] GC(94) PSYoungGen: 14400K(64000K)->0K(65024K) Eden: 0K(14336K)->0K(16384K) From: 14400K(49664K)->0K(48640K)
[4.515s][info][gc,heap        ] GC(94) ParOldGen: 647670K(669696K)->661087K(683008K)
[4.515s][info][gc,metaspace   ] GC(94) Metaspace: 6302K(6464K)->6302K(6464K) NonClass: 5768K(5824K)->5768K(5824K) Class: 533K(640K)->533K(640K)
[4.515s][info][gc             ] GC(94) Pause Full (Ergonomics) 646M->645M(730M) 237.389ms
[4.515s][info][gc,cpu         ] GC(94) User=1.11s Sys=0.03s Real=0.24s
[4.535s][info][gc,start       ] GC(95) Pause Young (Allocation Failure)
[4.547s][info][gc,heap        ] GC(95) PSYoungGen: 16384K(65024K)->16512K(65024K) Eden: 16384K(16384K)->0K(16384K) From: 0K(48640K)->16512K(48640K)
[4.547s][info][gc,heap        ] GC(95) ParOldGen: 661087K(683008K)->661087K(683008K)
[4.547s][info][gc,metaspace   ] GC(95) Metaspace: 6302K(6464K)->6302K(6464K) NonClass: 5768K(5824K)->5768K(5824K) Class: 533K(640K)->533K(640K)
[4.547s][info][gc             ] GC(95) Pause Young (Allocation Failure) 661M->661M(730M) 12.076ms
[4.547s][info][gc,cpu         ] GC(95) User=0.02s Sys=0.00s Real=0.01s
[4.548s][info][gc,start       ] GC(96) Pause Full (Ergonomics)
[4.548s][info][gc,phases,start] GC(96) Marking Phase
[4.719s][info][gc,phases      ] GC(96) Marking Phase 171.903ms
[4.719s][info][gc,phases,start] GC(96) Summary Phase
[4.720s][info][gc,phases      ] GC(96) Summary Phase 0.029ms
[4.720s][info][gc,phases,start] GC(96) Adjust Roots
[4.720s][info][gc,phases      ] GC(96) Adjust Roots 0.216ms
[4.720s][info][gc,phases,start] GC(96) Compaction Phase
[4.772s][info][gc,phases      ] GC(96) Compaction Phase 52.116ms
[4.772s][info][gc,phases,start] GC(96) Post Compact
[4.773s][info][gc,phases      ] GC(96) Post Compact 1.072ms
[4.773s][info][gc,heap        ] GC(96) PSYoungGen: 16512K(65024K)->0K(64512K) Eden: 0K(16384K)->0K(17920K) From: 16512K(48640K)->0K(46592K)
[4.773s][info][gc,heap        ] GC(96) ParOldGen: 661087K(683008K)->677438K(683008K)
[4.773s][info][gc,metaspace   ] GC(96) Metaspace: 6302K(6464K)->6302K(6464K) NonClass: 5768K(5824K)->5768K(5824K) Class: 533K(640K)->533K(640K)
[4.773s][info][gc             ] GC(96) Pause Full (Ergonomics) 661M->661M(730M) 225.724ms
[4.773s][info][gc,cpu         ] GC(96) User=1.06s Sys=0.05s Real=0.23s
[4.797s][info][gc,start       ] GC(97) Pause Full (Ergonomics)
[4.797s][info][gc,phases,start] GC(97) Marking Phase
[4.993s][info][gc,phases      ] GC(97) Marking Phase 196.084ms
[4.993s][info][gc,phases,start] GC(97) Summary Phase
[4.993s][info][gc,phases      ] GC(97) Summary Phase 0.025ms
[4.993s][info][gc,phases,start] GC(97) Adjust Roots
[4.993s][info][gc,phases      ] GC(97) Adjust Roots 0.226ms
[4.993s][info][gc,phases,start] GC(97) Compaction Phase
[5.050s][info][gc,phases      ] GC(97) Compaction Phase 56.766ms
[5.050s][info][gc,phases,start] GC(97) Post Compact
[5.051s][info][gc,phases      ] GC(97) Post Compact 1.033ms
[5.051s][info][gc,heap        ] GC(97) PSYoungGen: 17920K(64512K)->12779K(65024K) Eden: 17920K(17920K)->12779K(17920K) From: 0K(46592K)->0K(47104K)
[5.051s][info][gc,heap        ] GC(97) ParOldGen: 677438K(683008K)->682550K(683008K)
[5.051s][info][gc,metaspace   ] GC(97) Metaspace: 6302K(6464K)->6302K(6464K) NonClass: 5768K(5824K)->5768K(5824K) Class: 533K(640K)->533K(640K)
[5.051s][info][gc             ] GC(97) Pause Full (Ergonomics) 679M->679M(730M) 254.495ms
[5.052s][info][gc,cpu         ] GC(97) User=1.39s Sys=0.00s Real=0.25s
[5.058s][info][gc,start       ] GC(98) Pause Full (Ergonomics)
[5.058s][info][gc,phases,start] GC(98) Marking Phase
[5.237s][info][gc,phases      ] GC(98) Marking Phase 178.463ms
[5.237s][info][gc,phases,start] GC(98) Summary Phase
[5.237s][info][gc,phases      ] GC(98) Summary Phase 0.022ms
[5.237s][info][gc,phases,start] GC(98) Adjust Roots
[5.237s][info][gc,phases      ] GC(98) Adjust Roots 0.186ms
[5.237s][info][gc,phases,start] GC(98) Compaction Phase
[5.283s][info][gc,phases      ] GC(98) Compaction Phase 46.180ms
[5.283s][info][gc,phases,start] GC(98) Post Compact
[5.285s][info][gc,phases      ] GC(98) Post Compact 1.267ms
[5.285s][info][gc,heap        ] GC(98) PSYoungGen: 17920K(65024K)->17911K(64512K) Eden: 17920K(17920K)->17911K(17920K) From: 0K(47104K)->0K(46592K)
[5.285s][info][gc,heap        ] GC(98) ParOldGen: 682550K(683008K)->682550K(683008K)
[5.285s][info][gc,metaspace   ] GC(98) Metaspace: 6302K(6464K)->6302K(6464K) NonClass: 5768K(5824K)->5768K(5824K) Class: 533K(640K)->533K(640K)
[5.285s][info][gc             ] GC(98) Pause Full (Ergonomics) 684M->684M(730M) 226.432ms
[5.285s][info][gc,cpu         ] GC(98) User=1.12s Sys=0.03s Real=0.23s
[5.285s][info][gc,start       ] GC(99) Pause Full (Ergonomics)
[5.285s][info][gc,phases,start] GC(99) Marking Phase
[5.466s][info][gc,phases      ] GC(99) Marking Phase 180.817ms
[5.466s][info][gc,phases,start] GC(99) Summary Phase
[5.466s][info][gc,phases      ] GC(99) Summary Phase 0.028ms
[5.466s][info][gc,phases,start] GC(99) Adjust Roots
[5.466s][info][gc,phases      ] GC(99) Adjust Roots 0.268ms
[5.466s][info][gc,phases,start] GC(99) Compaction Phase
[5.521s][info][gc,phases      ] GC(99) Compaction Phase 54.365ms
[5.521s][info][gc,phases,start] GC(99) Post Compact
[5.522s][info][gc,phases      ] GC(99) Post Compact 1.561ms
[5.522s][info][gc,heap        ] GC(99) PSYoungGen: 17920K(64512K)->17919K(65024K) Eden: 17920K(17920K)->17919K(17920K) From: 0K(46592K)->0K(47104K)
[5.522s][info][gc,heap        ] GC(99) ParOldGen: 682550K(683008K)->682550K(683008K)
[5.522s][info][gc,metaspace   ] GC(99) Metaspace: 6302K(6464K)->6302K(6464K) NonClass: 5768K(5824K)->5768K(5824K) Class: 533K(640K)->533K(640K)
[5.522s][info][gc             ] GC(99) Pause Full (Ergonomics) 684M->684M(730M) 237.428ms
[5.522s][info][gc,cpu         ] GC(99) User=1.30s Sys=0.02s Real=0.24s
[5.523s][info][gc,start       ] GC(100) Pause Full (Ergonomics)
[5.523s][info][gc,phases,start] GC(100) Marking Phase
[5.698s][info][gc,phases      ] GC(100) Marking Phase 175.619ms
[5.698s][info][gc,phases,start] GC(100) Summary Phase
[5.699s][info][gc,phases      ] GC(100) Summary Phase 0.023ms
[5.699s][info][gc,phases,start] GC(100) Adjust Roots
[5.699s][info][gc,phases      ] GC(100) Adjust Roots 0.264ms
[5.699s][info][gc,phases,start] GC(100) Compaction Phase
[5.751s][info][gc,phases      ] GC(100) Compaction Phase 51.966ms
[5.751s][info][gc,phases,start] GC(100) Post Compact
[5.752s][info][gc,phases      ] GC(100) Post Compact 1.499ms
[5.752s][info][gc,heap        ] GC(100) PSYoungGen: 17920K(65024K)->17920K(64512K) Eden: 17920K(17920K)->17920K(17920K) From: 0K(47104K)->0K(46592K)
[5.752s][info][gc,heap        ] GC(100) ParOldGen: 682550K(683008K)->682550K(683008K)
[5.752s][info][gc,metaspace   ] GC(100) Metaspace: 6302K(6464K)->6302K(6464K) NonClass: 5768K(5824K)->5768K(5824K) Class: 533K(640K)->533K(640K)
[5.753s][info][gc             ] GC(100) Pause Full (Ergonomics) 684M->684M(730M) 229.742ms
[5.753s][info][gc,cpu         ] GC(100) User=1.33s Sys=0.00s Real=0.23s
[5.753s][info][gc,start       ] GC(101) Pause Full (Ergonomics)
[5.753s][info][gc,phases,start] GC(101) Marking Phase
[5.938s][info][gc,phases      ] GC(101) Marking Phase 184.903ms
[5.938s][info][gc,phases,start] GC(101) Summary Phase
[5.938s][info][gc,phases      ] GC(101) Summary Phase 0.032ms
[5.938s][info][gc,phases,start] GC(101) Adjust Roots
[5.938s][info][gc,phases      ] GC(101) Adjust Roots 0.303ms
[5.938s][info][gc,phases,start] GC(101) Compaction Phase
[5.990s][info][gc,phases      ] GC(101) Compaction Phase 52.166ms
[5.990s][info][gc,phases,start] GC(101) Post Compact
[5.992s][info][gc,phases      ] GC(101) Post Compact 1.247ms
[5.992s][info][gc,heap        ] GC(101) PSYoungGen: 17920K(64512K)->17920K(65024K) Eden: 17920K(17920K)->17920K(17920K) From: 0K(46592K)->0K(47104K)
[5.992s][info][gc,heap        ] GC(101) ParOldGen: 682555K(683008K)->682555K(683008K)
[5.992s][info][gc,metaspace   ] GC(101) Metaspace: 6302K(6464K)->6302K(6464K) NonClass: 5768K(5824K)->5768K(5824K) Class: 533K(640K)->533K(640K)
[5.992s][info][gc             ] GC(101) Pause Full (Ergonomics) 684M->684M(730M) 239.001ms
[5.992s][info][gc,cpu         ] GC(101) User=1.41s Sys=0.02s Real=0.24s
[5.992s][info][gc,start       ] GC(102) Pause Full (Ergonomics)
[5.992s][info][gc,phases,start] GC(102) Marking Phase
[6.159s][info][gc,phases      ] GC(102) Marking Phase 166.667ms
[6.159s][info][gc,phases,start] GC(102) Summary Phase
[6.159s][info][gc,phases      ] GC(102) Summary Phase 0.021ms
[6.159s][info][gc,phases,start] GC(102) Adjust Roots
[6.159s][info][gc,phases      ] GC(102) Adjust Roots 0.185ms
[6.159s][info][gc,phases,start] GC(102) Compaction Phase
[6.204s][info][gc,phases      ] GC(102) Compaction Phase 45.166ms
[6.204s][info][gc,phases,start] GC(102) Post Compact
[6.205s][info][gc,phases      ] GC(102) Post Compact 0.953ms
[6.205s][info][gc,heap        ] GC(102) PSYoungGen: 17920K(65024K)->17920K(64512K) Eden: 17920K(17920K)->17920K(17920K) From: 0K(47104K)->0K(46592K)
[6.205s][info][gc,heap        ] GC(102) ParOldGen: 682559K(683008K)->682559K(683008K)
[6.205s][info][gc,metaspace   ] GC(102) Metaspace: 6302K(6464K)->6302K(6464K) NonClass: 5768K(5824K)->5768K(5824K) Class: 533K(640K)->533K(640K)
[6.205s][info][gc             ] GC(102) Pause Full (Ergonomics) 684M->684M(730M) 213.271ms
[6.205s][info][gc,cpu         ] GC(102) User=1.12s Sys=0.00s Real=0.21s
[6.206s][info][gc,start       ] GC(103) Pause Full (Ergonomics)
[6.206s][info][gc,phases,start] GC(103) Marking Phase
[6.376s][info][gc,phases      ] GC(103) Marking Phase 170.803ms
[6.376s][info][gc,phases,start] GC(103) Summary Phase
[6.376s][info][gc,phases      ] GC(103) Summary Phase 0.029ms
[6.377s][info][gc,phases,start] GC(103) Adjust Roots
[6.377s][info][gc,phases      ] GC(103) Adjust Roots 0.195ms
[6.377s][info][gc,phases,start] GC(103) Compaction Phase
[6.422s][info][gc,phases      ] GC(103) Compaction Phase 45.543ms
[6.422s][info][gc,phases,start] GC(103) Post Compact
[6.423s][info][gc,phases      ] GC(103) Post Compact 0.972ms
[6.423s][info][gc,heap        ] GC(103) PSYoungGen: 17920K(64512K)->17920K(65024K) Eden: 17920K(17920K)->17920K(17920K) From: 0K(46592K)->0K(47104K)
[6.423s][info][gc,heap        ] GC(103) ParOldGen: 682564K(683008K)->682564K(683008K)
[6.423s][info][gc,metaspace   ] GC(103) Metaspace: 6302K(6464K)->6302K(6464K) NonClass: 5768K(5824K)->5768K(5824K) Class: 533K(640K)->533K(640K)
[6.423s][info][gc             ] GC(103) Pause Full (Ergonomics) 684M->684M(730M) 217.820ms
[6.423s][info][gc,cpu         ] GC(103) User=1.17s Sys=0.00s Real=0.22s
[6.424s][info][gc,start       ] GC(104) Pause Full (Ergonomics)
[6.424s][info][gc,phases,start] GC(104) Marking Phase
[6.589s][info][gc,phases      ] GC(104) Marking Phase 165.806ms
[6.589s][info][gc,phases,start] GC(104) Summary Phase
[6.590s][info][gc,phases      ] GC(104) Summary Phase 0.021ms
[6.590s][info][gc,phases,start] GC(104) Adjust Roots
[6.590s][info][gc,phases      ] GC(104) Adjust Roots 0.181ms
[6.590s][info][gc,phases,start] GC(104) Compaction Phase
[6.637s][info][gc,phases      ] GC(104) Compaction Phase 46.773ms
[6.637s][info][gc,phases,start] GC(104) Post Compact
[6.638s][info][gc,phases      ] GC(104) Post Compact 1.307ms
[6.638s][info][gc,heap        ] GC(104) PSYoungGen: 17920K(65024K)->17920K(64512K) Eden: 17920K(17920K)->17920K(17920K) From: 0K(47104K)->0K(46592K)
[6.638s][info][gc,heap        ] GC(104) ParOldGen: 682569K(683008K)->682569K(683008K)
[6.638s][info][gc,metaspace   ] GC(104) Metaspace: 6302K(6464K)->6302K(6464K) NonClass: 5768K(5824K)->5768K(5824K) Class: 533K(640K)->533K(640K)
[6.638s][info][gc             ] GC(104) Pause Full (Ergonomics) 684M->684M(730M) 214.416ms
[6.638s][info][gc,cpu         ] GC(104) User=1.16s Sys=0.02s Real=0.21s
[6.638s][info][gc,start       ] GC(105) Pause Full (Ergonomics)
[6.638s][info][gc,phases,start] GC(105) Marking Phase
[6.812s][info][gc,phases      ] GC(105) Marking Phase 173.931ms
[6.812s][info][gc,phases,start] GC(105) Summary Phase
[6.812s][info][gc,phases      ] GC(105) Summary Phase 0.020ms
[6.812s][info][gc,phases,start] GC(105) Adjust Roots
[6.813s][info][gc,phases      ] GC(105) Adjust Roots 0.181ms
[6.813s][info][gc,phases,start] GC(105) Compaction Phase
[6.858s][info][gc,phases      ] GC(105) Compaction Phase 45.835ms
[6.858s][info][gc,phases,start] GC(105) Post Compact
[6.859s][info][gc,phases      ] GC(105) Post Compact 0.965ms
[6.859s][info][gc,heap        ] GC(105) PSYoungGen: 17920K(64512K)->17920K(65024K) Eden: 17920K(17920K)->17920K(17920K) From: 0K(46592K)->0K(47104K)
[6.859s][info][gc,heap        ] GC(105) ParOldGen: 682573K(683008K)->682573K(683008K)
[6.859s][info][gc,metaspace   ] GC(105) Metaspace: 6302K(6464K)->6302K(6464K) NonClass: 5768K(5824K)->5768K(5824K) Class: 533K(640K)->533K(640K)
[6.860s][info][gc             ] GC(105) Pause Full (Ergonomics) 684M->684M(730M) 221.211ms
[6.860s][info][gc,cpu         ] GC(105) User=1.12s Sys=0.00s Real=0.22s
[6.860s][info][gc,start       ] GC(106) Pause Full (Ergonomics)
[6.860s][info][gc,phases,start] GC(106) Marking Phase
[7.027s][info][gc,phases      ] GC(106) Marking Phase 166.967ms
[7.027s][info][gc,phases,start] GC(106) Summary Phase
[7.027s][info][gc,phases      ] GC(106) Summary Phase 0.021ms
[7.027s][info][gc,phases,start] GC(106) Adjust Roots
[7.027s][info][gc,phases      ] GC(106) Adjust Roots 0.194ms
[7.027s][info][gc,phases,start] GC(106) Compaction Phase
[7.078s][info][gc,phases      ] GC(106) Compaction Phase 50.717ms
[7.078s][info][gc,phases,start] GC(106) Post Compact
[7.079s][info][gc,phases      ] GC(106) Post Compact 1.193ms
[7.079s][info][gc,heap        ] GC(106) PSYoungGen: 17920K(65024K)->17920K(64512K) Eden: 17920K(17920K)->17920K(17920K) From: 0K(47104K)->0K(46592K)
[7.079s][info][gc,heap        ] GC(106) ParOldGen: 682578K(683008K)->682578K(683008K)
[7.079s][info][gc,metaspace   ] GC(106) Metaspace: 6302K(6464K)->6302K(6464K) NonClass: 5768K(5824K)->5768K(5824K) Class: 533K(640K)->533K(640K)
[7.079s][info][gc             ] GC(106) Pause Full (Ergonomics) 684M->684M(730M) 219.400ms
[7.079s][info][gc,cpu         ] GC(106) User=1.22s Sys=0.00s Real=0.22s
[7.079s][info][gc,start       ] GC(107) Pause Full (Ergonomics)
[7.079s][info][gc,phases,start] GC(107) Marking Phase
[7.254s][info][gc,phases      ] GC(107) Marking Phase 174.700ms
[7.254s][info][gc,phases,start] GC(107) Summary Phase
[7.254s][info][gc,phases      ] GC(107) Summary Phase 0.021ms
[7.254s][info][gc,phases,start] GC(107) Adjust Roots
[7.254s][info][gc,phases      ] GC(107) Adjust Roots 0.180ms
[7.254s][info][gc,phases,start] GC(107) Compaction Phase
[7.299s][info][gc,phases      ] GC(107) Compaction Phase 45.050ms
[7.300s][info][gc,phases,start] GC(107) Post Compact
[7.300s][info][gc,phases      ] GC(107) Post Compact 0.955ms
[7.301s][info][gc,heap        ] GC(107) PSYoungGen: 17920K(64512K)->17920K(65024K) Eden: 17920K(17920K)->17920K(17920K) From: 0K(46592K)->0K(47104K)
[7.301s][info][gc,heap        ] GC(107) ParOldGen: 682583K(683008K)->682583K(683008K)
[7.301s][info][gc,metaspace   ] GC(107) Metaspace: 6302K(6464K)->6302K(6464K) NonClass: 5768K(5824K)->5768K(5824K) Class: 533K(640K)->533K(640K)
[7.301s][info][gc             ] GC(107) Pause Full (Ergonomics) 684M->684M(730M) 221.183ms
[7.301s][info][gc,cpu         ] GC(107) User=1.23s Sys=0.02s Real=0.22s
[7.301s][info][gc,start       ] GC(108) Pause Full (Ergonomics)
[7.301s][info][gc,phases,start] GC(108) Marking Phase
[7.474s][info][gc,phases      ] GC(108) Marking Phase 173.322ms
[7.474s][info][gc,phases,start] GC(108) Summary Phase
[7.474s][info][gc,phases      ] GC(108) Summary Phase 0.022ms
[7.474s][info][gc,phases,start] GC(108) Adjust Roots
[7.474s][info][gc,phases      ] GC(108) Adjust Roots 0.178ms
[7.474s][info][gc,phases,start] GC(108) Compaction Phase
[7.521s][info][gc,phases      ] GC(108) Compaction Phase 46.283ms
[7.521s][info][gc,phases,start] GC(108) Post Compact
[7.522s][info][gc,phases      ] GC(108) Post Compact 0.963ms
[7.522s][info][gc,heap        ] GC(108) PSYoungGen: 17920K(65024K)->17920K(64512K) Eden: 17920K(17920K)->17920K(17920K) From: 0K(47104K)->0K(46592K)
[7.522s][info][gc,heap        ] GC(108) ParOldGen: 682587K(683008K)->682587K(683008K)
[7.522s][info][gc,metaspace   ] GC(108) Metaspace: 6302K(6464K)->6302K(6464K) NonClass: 5768K(5824K)->5768K(5824K) Class: 533K(640K)->533K(640K)
[7.522s][info][gc             ] GC(108) Pause Full (Ergonomics) 684M->684M(730M) 221.062ms
[7.522s][info][gc,cpu         ] GC(108) User=1.20s Sys=0.00s Real=0.22s
[7.522s][info][gc,start       ] GC(109) Pause Full (Ergonomics)
[7.522s][info][gc,phases,start] GC(109) Marking Phase
[7.706s][info][gc,phases      ] GC(109) Marking Phase 183.746ms
[7.706s][info][gc,phases,start] GC(109) Summary Phase
[7.706s][info][gc,phases      ] GC(109) Summary Phase 0.022ms
[7.706s][info][gc,phases,start] GC(109) Adjust Roots
[7.706s][info][gc,phases      ] GC(109) Adjust Roots 0.201ms
[7.706s][info][gc,phases,start] GC(109) Compaction Phase
[7.751s][info][gc,phases      ] GC(109) Compaction Phase 45.330ms
[7.752s][info][gc,phases,start] GC(109) Post Compact
[7.753s][info][gc,phases      ] GC(109) Post Compact 0.960ms
[7.753s][info][gc,heap        ] GC(109) PSYoungGen: 17920K(64512K)->17920K(65024K) Eden: 17920K(17920K)->17920K(17920K) From: 0K(46592K)->0K(47104K)
[7.753s][info][gc,heap        ] GC(109) ParOldGen: 682592K(683008K)->682592K(683008K)
[7.753s][info][gc,metaspace   ] GC(109) Metaspace: 6302K(6464K)->6302K(6464K) NonClass: 5768K(5824K)->5768K(5824K) Class: 533K(640K)->533K(640K)
[7.753s][info][gc             ] GC(109) Pause Full (Ergonomics) 684M->684M(730M) 230.527ms
[7.753s][info][gc,cpu         ] GC(109) User=1.17s Sys=0.00s Real=0.23s
[7.753s][info][gc,start       ] GC(110) Pause Full (Ergonomics)
[7.753s][info][gc,phases,start] GC(110) Marking Phase
[7.920s][info][gc,phases      ] GC(110) Marking Phase 166.982ms
[7.920s][info][gc,phases,start] GC(110) Summary Phase
[7.920s][info][gc,phases      ] GC(110) Summary Phase 0.022ms
[7.920s][info][gc,phases,start] GC(110) Adjust Roots
[7.920s][info][gc,phases      ] GC(110) Adjust Roots 0.187ms
[7.920s][info][gc,phases,start] GC(110) Compaction Phase
[7.968s][info][gc,phases      ] GC(110) Compaction Phase 48.189ms
[7.968s][info][gc,phases,start] GC(110) Post Compact
[7.969s][info][gc,phases      ] GC(110) Post Compact 1.054ms
[7.970s][info][gc,heap        ] GC(110) PSYoungGen: 17920K(65024K)->17920K(64512K) Eden: 17920K(17920K)->17920K(17920K) From: 0K(47104K)->0K(46592K)
[7.970s][info][gc,heap        ] GC(110) ParOldGen: 682597K(683008K)->682597K(683008K)
[7.970s][info][gc,metaspace   ] GC(110) Metaspace: 6302K(6464K)->6302K(6464K) NonClass: 5768K(5824K)->5768K(5824K) Class: 533K(640K)->533K(640K)
[7.970s][info][gc             ] GC(110) Pause Full (Ergonomics) 684M->684M(730M) 216.776ms
[7.970s][info][gc,cpu         ] GC(110) User=1.16s Sys=0.00s Real=0.22s
[7.970s][info][gc,start       ] GC(111) Pause Full (Ergonomics)
[7.970s][info][gc,phases,start] GC(111) Marking Phase
[8.148s][info][gc,phases      ] GC(111) Marking Phase 178.043ms
[8.148s][info][gc,phases,start] GC(111) Summary Phase
[8.148s][info][gc,phases      ] GC(111) Summary Phase 0.022ms
[8.148s][info][gc,phases,start] GC(111) Adjust Roots
[8.148s][info][gc,phases      ] GC(111) Adjust Roots 0.188ms
[8.148s][info][gc,phases,start] GC(111) Compaction Phase
[8.193s][info][gc,phases      ] GC(111) Compaction Phase 44.496ms
[8.193s][info][gc,phases,start] GC(111) Post Compact
[8.194s][info][gc,phases      ] GC(111) Post Compact 1.023ms
[8.194s][info][gc,heap        ] GC(111) PSYoungGen: 17920K(64512K)->17920K(65024K) Eden: 17920K(17920K)->17920K(17920K) From: 0K(46592K)->0K(47104K)
[8.194s][info][gc,heap        ] GC(111) ParOldGen: 682601K(683008K)->682601K(683008K)
[8.194s][info][gc,metaspace   ] GC(111) Metaspace: 6302K(6464K)->6302K(6464K) NonClass: 5768K(5824K)->5768K(5824K) Class: 533K(640K)->533K(640K)
[8.194s][info][gc             ] GC(111) Pause Full (Ergonomics) 684M->684M(730M) 224.068ms
[8.194s][info][gc,cpu         ] GC(111) User=1.22s Sys=0.00s Real=0.22s
[8.194s][info][gc,start       ] GC(112) Pause Full (Ergonomics)
[8.194s][info][gc,phases,start] GC(112) Marking Phase
[8.371s][info][gc,phases      ] GC(112) Marking Phase 177.039ms
[8.371s][info][gc,phases,start] GC(112) Summary Phase
[8.371s][info][gc,phases      ] GC(112) Summary Phase 0.021ms
[8.371s][info][gc,phases,start] GC(112) Adjust Roots
[8.372s][info][gc,phases      ] GC(112) Adjust Roots 0.178ms
[8.372s][info][gc,phases,start] GC(112) Compaction Phase
[8.417s][info][gc,phases      ] GC(112) Compaction Phase 45.892ms
[8.417s][info][gc,phases,start] GC(112) Post Compact
[8.418s][info][gc,phases      ] GC(112) Post Compact 0.959ms
[8.418s][info][gc,heap        ] GC(112) PSYoungGen: 17920K(65024K)->17920K(64512K) Eden: 17920K(17920K)->17920K(17920K) From: 0K(47104K)->0K(46592K)
[8.418s][info][gc,heap        ] GC(112) ParOldGen: 682606K(683008K)->682606K(683008K)
[8.419s][info][gc,metaspace   ] GC(112) Metaspace: 6302K(6464K)->6302K(6464K) NonClass: 5768K(5824K)->5768K(5824K) Class: 533K(640K)->533K(640K)
[8.419s][info][gc             ] GC(112) Pause Full (Ergonomics) 684M->684M(730M) 224.371ms
[8.419s][info][gc,cpu         ] GC(112) User=1.16s Sys=0.03s Real=0.23s
[8.419s][info][gc,start       ] GC(113) Pause Full (Ergonomics)
[8.419s][info][gc,phases,start] GC(113) Marking Phase
[8.578s][info][gc,phases      ] GC(113) Marking Phase 159.599ms
[8.578s][info][gc,phases,start] GC(113) Summary Phase
[8.578s][info][gc,phases      ] GC(113) Summary Phase 0.021ms
[8.578s][info][gc,phases,start] GC(113) Adjust Roots
[8.579s][info][gc,phases      ] GC(113) Adjust Roots 0.185ms
[8.579s][info][gc,phases,start] GC(113) Compaction Phase
[8.622s][info][gc,phases      ] GC(113) Compaction Phase 43.283ms
[8.622s][info][gc,phases,start] GC(113) Post Compact
[8.623s][info][gc,phases      ] GC(113) Post Compact 0.968ms
[8.623s][info][gc,heap        ] GC(113) PSYoungGen: 17920K(64512K)->17920K(65024K) Eden: 17920K(17920K)->17920K(17920K) From: 0K(46592K)->0K(47104K)
[8.623s][info][gc,heap        ] GC(113) ParOldGen: 682611K(683008K)->682611K(683008K)
[8.623s][info][gc,metaspace   ] GC(113) Metaspace: 6302K(6464K)->6302K(6464K) NonClass: 5768K(5824K)->5768K(5824K) Class: 533K(640K)->533K(640K)
[8.623s][info][gc             ] GC(113) Pause Full (Ergonomics) 684M->684M(730M) 204.341ms
[8.623s][info][gc,cpu         ] GC(113) User=1.02s Sys=0.02s Real=0.20s
[8.623s][info][gc,start       ] GC(114) Pause Full (Ergonomics)
[8.623s][info][gc,phases,start] GC(114) Marking Phase
[8.794s][info][gc,phases      ] GC(114) Marking Phase 170.214ms
[8.794s][info][gc,phases,start] GC(114) Summary Phase
[8.794s][info][gc,phases      ] GC(114) Summary Phase 0.020ms
[8.794s][info][gc,phases,start] GC(114) Adjust Roots
[8.794s][info][gc,phases      ] GC(114) Adjust Roots 0.177ms
[8.794s][info][gc,phases,start] GC(114) Compaction Phase
[8.838s][info][gc,phases      ] GC(114) Compaction Phase 43.862ms
[8.838s][info][gc,phases,start] GC(114) Post Compact
[8.839s][info][gc,phases      ] GC(114) Post Compact 0.965ms
[8.839s][info][gc,heap        ] GC(114) PSYoungGen: 17920K(65024K)->17920K(64512K) Eden: 17920K(17920K)->17920K(17920K) From: 0K(47104K)->0K(46592K)
[8.839s][info][gc,heap        ] GC(114) ParOldGen: 682615K(683008K)->682615K(683008K)
[8.839s][info][gc,metaspace   ] GC(114) Metaspace: 6302K(6464K)->6302K(6464K) NonClass: 5768K(5824K)->5768K(5824K) Class: 533K(640K)->533K(640K)
[8.839s][info][gc             ] GC(114) Pause Full (Ergonomics) 684M->684M(730M) 215.515ms
[8.839s][info][gc,cpu         ] GC(114) User=1.14s Sys=0.00s Real=0.21s
[8.839s][info][gc,start       ] GC(115) Pause Full (Ergonomics)
[8.839s][info][gc,phases,start] GC(115) Marking Phase
[9.010s][info][gc,phases      ] GC(115) Marking Phase 170.945ms
[9.010s][info][gc,phases,start] GC(115) Summary Phase
[9.010s][info][gc,phases      ] GC(115) Summary Phase 0.021ms
[9.010s][info][gc,phases,start] GC(115) Adjust Roots
[9.010s][info][gc,phases      ] GC(115) Adjust Roots 0.185ms
[9.010s][info][gc,phases,start] GC(115) Compaction Phase
[9.057s][info][gc,phases      ] GC(115) Compaction Phase 46.260ms
[9.057s][info][gc,phases,start] GC(115) Post Compact
[9.058s][info][gc,phases      ] GC(115) Post Compact 0.952ms
[9.058s][info][gc,heap        ] GC(115) PSYoungGen: 17920K(64512K)->17920K(65024K) Eden: 17920K(17920K)->17920K(17920K) From: 0K(46592K)->0K(47104K)
[9.058s][info][gc,heap        ] GC(115) ParOldGen: 682620K(683008K)->682620K(683008K)
[9.058s][info][gc,metaspace   ] GC(115) Metaspace: 6302K(6464K)->6302K(6464K) NonClass: 5768K(5824K)->5768K(5824K) Class: 533K(640K)->533K(640K)
[9.058s][info][gc             ] GC(115) Pause Full (Ergonomics) 684M->684M(730M) 218.669ms
[9.058s][info][gc,cpu         ] GC(115) User=1.16s Sys=0.02s Real=0.22s
[9.058s][info][gc,start       ] GC(116) Pause Full (Ergonomics)
[9.058s][info][gc,phases,start] GC(116) Marking Phase
[9.235s][info][gc,phases      ] GC(116) Marking Phase 177.160ms
[9.235s][info][gc,phases,start] GC(116) Summary Phase
[9.235s][info][gc,phases      ] GC(116) Summary Phase 0.021ms
[9.235s][info][gc,phases,start] GC(116) Adjust Roots
[9.235s][info][gc,phases      ] GC(116) Adjust Roots 0.186ms
[9.235s][info][gc,phases,start] GC(116) Compaction Phase
[9.280s][info][gc,phases      ] GC(116) Compaction Phase 44.870ms
[9.280s][info][gc,phases,start] GC(116) Post Compact
[9.282s][info][gc,phases      ] GC(116) Post Compact 1.091ms
[9.282s][info][gc,heap        ] GC(116) PSYoungGen: 17920K(65024K)->17920K(64512K) Eden: 17920K(17920K)->17920K(17920K) From: 0K(47104K)->0K(46592K)
[9.282s][info][gc,heap        ] GC(116) ParOldGen: 682625K(683008K)->682625K(683008K)
[9.282s][info][gc,metaspace   ] GC(116) Metaspace: 6302K(6464K)->6302K(6464K) NonClass: 5768K(5824K)->5768K(5824K) Class: 533K(640K)->533K(640K)
[9.282s][info][gc             ] GC(116) Pause Full (Ergonomics) 684M->684M(730M) 223.671ms
[9.282s][info][gc,cpu         ] GC(116) User=1.22s Sys=0.00s Real=0.22s
[9.282s][info][gc,start       ] GC(117) Pause Full (Ergonomics)
[9.282s][info][gc,phases,start] GC(117) Marking Phase
[9.455s][info][gc,phases      ] GC(117) Marking Phase 173.501ms
[9.455s][info][gc,phases,start] GC(117) Summary Phase
[9.455s][info][gc,phases      ] GC(117) Summary Phase 0.020ms
[9.455s][info][gc,phases,start] GC(117) Adjust Roots
[9.456s][info][gc,phases      ] GC(117) Adjust Roots 0.185ms
[9.456s][info][gc,phases,start] GC(117) Compaction Phase
[9.503s][info][gc,phases      ] GC(117) Compaction Phase 47.221ms
[9.503s][info][gc,phases,start] GC(117) Post Compact
[9.504s][info][gc,phases      ] GC(117) Post Compact 1.175ms
[9.504s][info][gc,heap        ] GC(117) PSYoungGen: 17920K(64512K)->17920K(65024K) Eden: 17920K(17920K)->17920K(17920K) From: 0K(46592K)->0K(47104K)
[9.504s][info][gc,heap        ] GC(117) ParOldGen: 682629K(683008K)->682629K(683008K)
[9.504s][info][gc,metaspace   ] GC(117) Metaspace: 6302K(6464K)->6302K(6464K) NonClass: 5768K(5824K)->5768K(5824K) Class: 533K(640K)->533K(640K)
[9.504s][info][gc             ] GC(117) Pause Full (Ergonomics) 684M->684M(730M) 222.387ms
[9.504s][info][gc,cpu         ] GC(117) User=1.14s Sys=0.00s Real=0.22s
[9.505s][info][gc,start       ] GC(118) Pause Full (Ergonomics)
[9.505s][info][gc,phases,start] GC(118) Marking Phase
[9.674s][info][gc,phases      ] GC(118) Marking Phase 169.924ms
[9.675s][info][gc,phases,start] GC(118) Summary Phase
[9.675s][info][gc,phases      ] GC(118) Summary Phase 0.022ms
[9.675s][info][gc,phases,start] GC(118) Adjust Roots
[9.675s][info][gc,phases      ] GC(118) Adjust Roots 0.185ms
[9.675s][info][gc,phases,start] GC(118) Compaction Phase
[9.718s][info][gc,phases      ] GC(118) Compaction Phase 43.396ms
[9.718s][info][gc,phases,start] GC(118) Post Compact
[9.719s][info][gc,phases      ] GC(118) Post Compact 0.956ms
[9.719s][info][gc,heap        ] GC(118) PSYoungGen: 17920K(65024K)->17920K(64512K) Eden: 17920K(17920K)->17920K(17920K) From: 0K(47104K)->0K(46592K)
[9.719s][info][gc,heap        ] GC(118) ParOldGen: 682634K(683008K)->682634K(683008K)
[9.719s][info][gc,metaspace   ] GC(118) Metaspace: 6302K(6464K)->6302K(6464K) NonClass: 5768K(5824K)->5768K(5824K) Class: 533K(640K)->533K(640K)
[9.719s][info][gc             ] GC(118) Pause Full (Ergonomics) 684M->684M(730M) 214.775ms
[9.719s][info][gc,cpu         ] GC(118) User=1.22s Sys=0.00s Real=0.21s
[9.720s][info][gc,start       ] GC(119) Pause Full (Ergonomics)
[9.720s][info][gc,phases,start] GC(119) Marking Phase
[9.895s][info][gc,phases      ] GC(119) Marking Phase 175.030ms
[9.895s][info][gc,phases,start] GC(119) Summary Phase
[9.895s][info][gc,phases      ] GC(119) Summary Phase 0.021ms
[9.895s][info][gc,phases,start] GC(119) Adjust Roots
[9.895s][info][gc,phases      ] GC(119) Adjust Roots 0.177ms
[9.895s][info][gc,phases,start] GC(119) Compaction Phase
[9.941s][info][gc,phases      ] GC(119) Compaction Phase 46.197ms
[9.941s][info][gc,phases,start] GC(119) Post Compact
[9.942s][info][gc,phases      ] GC(119) Post Compact 1.033ms
[9.942s][info][gc,heap        ] GC(119) PSYoungGen: 17920K(64512K)->17920K(65024K) Eden: 17920K(17920K)->17920K(17920K) From: 0K(46592K)->0K(47104K)
[9.942s][info][gc,heap        ] GC(119) ParOldGen: 682639K(683008K)->682639K(683008K)
[9.942s][info][gc,metaspace   ] GC(119) Metaspace: 6302K(6464K)->6302K(6464K) NonClass: 5768K(5824K)->5768K(5824K) Class: 533K(640K)->533K(640K)
[9.942s][info][gc             ] GC(119) Pause Full (Ergonomics) 684M->684M(730M) 222.755ms
[9.942s][info][gc,cpu         ] GC(119) User=1.14s Sys=0.00s Real=0.22s
[9.943s][info][gc,start       ] GC(120) Pause Full (Ergonomics)
[9.943s][info][gc,phases,start] GC(120) Marking Phase
[10.122s][info][gc,phases      ] GC(120) Marking Phase 179.260ms
[10.122s][info][gc,phases,start] GC(120) Summary Phase
[10.122s][info][gc,phases      ] GC(120) Summary Phase 0.023ms
[10.122s][info][gc,phases,start] GC(120) Adjust Roots
[10.122s][info][gc,phases      ] GC(120) Adjust Roots 0.182ms
[10.122s][info][gc,phases,start] GC(120) Compaction Phase
[10.171s][info][gc,phases      ] GC(120) Compaction Phase 48.445ms
[10.171s][info][gc,phases,start] GC(120) Post Compact
[10.172s][info][gc,phases      ] GC(120) Post Compact 1.011ms
[10.172s][info][gc,heap        ] GC(120) PSYoungGen: 17920K(65024K)->17920K(64512K) Eden: 17920K(17920K)->17920K(17920K) From: 0K(47104K)->0K(46592K)
[10.172s][info][gc,heap        ] GC(120) ParOldGen: 682643K(683008K)->682643K(683008K)
[10.172s][info][gc,metaspace   ] GC(120) Metaspace: 6302K(6464K)->6302K(6464K) NonClass: 5768K(5824K)->5768K(5824K) Class: 533K(640K)->533K(640K)
[10.172s][info][gc             ] GC(120) Pause Full (Ergonomics) 684M->684M(730M) 229.228ms
[10.172s][info][gc,cpu         ] GC(120) User=1.20s Sys=0.00s Real=0.23s
[10.172s][info][gc,start       ] GC(121) Pause Full (Ergonomics)
[10.172s][info][gc,phases,start] GC(121) Marking Phase
[10.345s][info][gc,phases      ] GC(121) Marking Phase 173.294ms
[10.345s][info][gc,phases,start] GC(121) Summary Phase
[10.345s][info][gc,phases      ] GC(121) Summary Phase 0.021ms
[10.345s][info][gc,phases,start] GC(121) Adjust Roots
[10.346s][info][gc,phases      ] GC(121) Adjust Roots 0.195ms
[10.346s][info][gc,phases,start] GC(121) Compaction Phase
[10.391s][info][gc,phases      ] GC(121) Compaction Phase 45.328ms
[10.391s][info][gc,phases,start] GC(121) Post Compact
[10.392s][info][gc,phases      ] GC(121) Post Compact 0.954ms
[10.392s][info][gc,heap        ] GC(121) PSYoungGen: 17920K(64512K)->17920K(65024K) Eden: 17920K(17920K)->17920K(17920K) From: 0K(46592K)->0K(47104K)
[10.392s][info][gc,heap        ] GC(121) ParOldGen: 682648K(683008K)->682648K(683008K)
[10.392s][info][gc,metaspace   ] GC(121) Metaspace: 6302K(6464K)->6302K(6464K) NonClass: 5768K(5824K)->5768K(5824K) Class: 533K(640K)->533K(640K)
[10.392s][info][gc             ] GC(121) Pause Full (Ergonomics) 684M->684M(730M) 220.069ms
[10.392s][info][gc,cpu         ] GC(121) User=1.14s Sys=0.02s Real=0.22s
[10.392s][info][gc,start       ] GC(122) Pause Full (Ergonomics)
[10.392s][info][gc,phases,start] GC(122) Marking Phase
[10.564s][info][gc,phases      ] GC(122) Marking Phase 171.667ms
[10.564s][info][gc,phases,start] GC(122) Summary Phase
[10.564s][info][gc,phases      ] GC(122) Summary Phase 0.019ms
[10.564s][info][gc,phases,start] GC(122) Adjust Roots
[10.564s][info][gc,phases      ] GC(122) Adjust Roots 0.180ms
[10.564s][info][gc,phases,start] GC(122) Compaction Phase
[10.610s][info][gc,phases      ] GC(122) Compaction Phase 45.578ms
[10.610s][info][gc,phases,start] GC(122) Post Compact
[10.611s][info][gc,phases      ] GC(122) Post Compact 0.943ms
[10.611s][info][gc,heap        ] GC(122) PSYoungGen: 17920K(65024K)->17920K(64512K) Eden: 17920K(17920K)->17920K(17920K) From: 0K(47104K)->0K(46592K)
[10.611s][info][gc,heap        ] GC(122) ParOldGen: 682653K(683008K)->682653K(683008K)
[10.611s][info][gc,metaspace   ] GC(122) Metaspace: 6302K(6464K)->6302K(6464K) NonClass: 5768K(5824K)->5768K(5824K) Class: 533K(640K)->533K(640K)
[10.611s][info][gc             ] GC(122) Pause Full (Ergonomics) 684M->684M(730M) 218.653ms
[10.611s][info][gc,cpu         ] GC(122) User=1.20s Sys=0.00s Real=0.22s
[10.611s][info][gc,start       ] GC(123) Pause Full (Ergonomics)
[10.611s][info][gc,phases,start] GC(123) Marking Phase
[10.783s][info][gc,phases      ] GC(123) Marking Phase 171.837ms
[10.783s][info][gc,phases,start] GC(123) Summary Phase
[10.783s][info][gc,phases      ] GC(123) Summary Phase 0.021ms
[10.783s][info][gc,phases,start] GC(123) Adjust Roots
[10.783s][info][gc,phases      ] GC(123) Adjust Roots 0.182ms
[10.783s][info][gc,phases,start] GC(123) Compaction Phase
[10.827s][info][gc,phases      ] GC(123) Compaction Phase 44.032ms
[10.827s][info][gc,phases,start] GC(123) Post Compact
[10.828s][info][gc,phases      ] GC(123) Post Compact 0.966ms
[10.828s][info][gc,heap        ] GC(123) PSYoungGen: 17920K(64512K)->17920K(65024K) Eden: 17920K(17920K)->17920K(17920K) From: 0K(46592K)->0K(47104K)
[10.828s][info][gc,heap        ] GC(123) ParOldGen: 682657K(683008K)->682657K(683008K)
[10.828s][info][gc,metaspace   ] GC(123) Metaspace: 6302K(6464K)->6302K(6464K) NonClass: 5768K(5824K)->5768K(5824K) Class: 533K(640K)->533K(640K)
[10.829s][info][gc             ] GC(123) Pause Full (Ergonomics) 684M->684M(730M) 217.322ms
[10.829s][info][gc,cpu         ] GC(123) User=1.20s Sys=0.00s Real=0.22s
[10.829s][info][gc,start       ] GC(124) Pause Full (Ergonomics)
[10.829s][info][gc,phases,start] GC(124) Marking Phase
[11.000s][info][gc,phases      ] GC(124) Marking Phase 171.512ms
[11.000s][info][gc,phases,start] GC(124) Summary Phase
[11.000s][info][gc,phases      ] GC(124) Summary Phase 0.021ms
[11.000s][info][gc,phases,start] GC(124) Adjust Roots
[11.001s][info][gc,phases      ] GC(124) Adjust Roots 0.193ms
[11.001s][info][gc,phases,start] GC(124) Compaction Phase
[11.047s][info][gc,phases      ] GC(124) Compaction Phase 45.900ms
[11.047s][info][gc,phases,start] GC(124) Post Compact
[11.048s][info][gc,phases      ] GC(124) Post Compact 0.951ms
[11.048s][info][gc,heap        ] GC(124) PSYoungGen: 17920K(65024K)->17920K(64512K) Eden: 17920K(17920K)->17920K(17920K) From: 0K(47104K)->0K(46592K)
[11.048s][info][gc,heap        ] GC(124) ParOldGen: 682662K(683008K)->682662K(683008K)
[11.048s][info][gc,metaspace   ] GC(124) Metaspace: 6302K(6464K)->6302K(6464K) NonClass: 5768K(5824K)->5768K(5824K) Class: 533K(640K)->533K(640K)
[11.048s][info][gc             ] GC(124) Pause Full (Ergonomics) 684M->684M(730M) 218.852ms
[11.048s][info][gc,cpu         ] GC(124) User=1.14s Sys=0.00s Real=0.22s
[11.048s][info][gc,start       ] GC(125) Pause Full (Ergonomics)
[11.048s][info][gc,phases,start] GC(125) Marking Phase
[11.209s][info][gc,phases      ] GC(125) Marking Phase 161.547ms
[11.209s][info][gc,phases,start] GC(125) Summary Phase
[11.209s][info][gc,phases      ] GC(125) Summary Phase 0.020ms
[11.209s][info][gc,phases,start] GC(125) Adjust Roots
[11.210s][info][gc,phases      ] GC(125) Adjust Roots 0.196ms
[11.210s][info][gc,phases,start] GC(125) Compaction Phase
[11.255s][info][gc,phases      ] GC(125) Compaction Phase 45.540ms
[11.255s][info][gc,phases,start] GC(125) Post Compact
[11.256s][info][gc,phases      ] GC(125) Post Compact 0.962ms
[11.256s][info][gc,heap        ] GC(125) PSYoungGen: 17920K(64512K)->17920K(65024K) Eden: 17920K(17920K)->17920K(17920K) From: 0K(46592K)->0K(47104K)
[11.256s][info][gc,heap        ] GC(125) ParOldGen: 682667K(683008K)->682667K(683008K)
[11.256s][info][gc,metaspace   ] GC(125) Metaspace: 6302K(6464K)->6302K(6464K) NonClass: 5768K(5824K)->5768K(5824K) Class: 533K(640K)->533K(640K)
[11.256s][info][gc             ] GC(125) Pause Full (Ergonomics) 684M->684M(730M) 208.531ms
[11.256s][info][gc,cpu         ] GC(125) User=1.19s Sys=0.02s Real=0.21s
[11.257s][info][gc,start       ] GC(126) Pause Full (Ergonomics)
[11.257s][info][gc,phases,start] GC(126) Marking Phase
[11.433s][info][gc,phases      ] GC(126) Marking Phase 176.694ms
[11.433s][info][gc,phases,start] GC(126) Summary Phase
[11.433s][info][gc,phases      ] GC(126) Summary Phase 0.022ms
[11.433s][info][gc,phases,start] GC(126) Adjust Roots
[11.434s][info][gc,phases      ] GC(126) Adjust Roots 0.177ms
[11.434s][info][gc,phases,start] GC(126) Compaction Phase
[11.479s][info][gc,phases      ] GC(126) Compaction Phase 45.647ms
[11.479s][info][gc,phases,start] GC(126) Post Compact
[11.480s][info][gc,phases      ] GC(126) Post Compact 0.959ms
[11.480s][info][gc,heap        ] GC(126) PSYoungGen: 17920K(65024K)->17920K(64512K) Eden: 17920K(17920K)->17920K(17920K) From: 0K(47104K)->0K(46592K)
[11.480s][info][gc,heap        ] GC(126) ParOldGen: 682671K(683008K)->682671K(683008K)
[11.480s][info][gc,metaspace   ] GC(126) Metaspace: 6302K(6464K)->6302K(6464K) NonClass: 5768K(5824K)->5768K(5824K) Class: 533K(640K)->533K(640K)
[11.480s][info][gc             ] GC(126) Pause Full (Ergonomics) 684M->684M(730M) 223.824ms
[11.480s][info][gc,cpu         ] GC(126) User=1.09s Sys=0.02s Real=0.22s
[11.481s][info][gc,start       ] GC(127) Pause Full (Ergonomics)
[11.481s][info][gc,phases,start] GC(127) Marking Phase
[11.652s][info][gc,phases      ] GC(127) Marking Phase 170.837ms
[11.652s][info][gc,phases,start] GC(127) Summary Phase
[11.652s][info][gc,phases      ] GC(127) Summary Phase 0.019ms
[11.652s][info][gc,phases,start] GC(127) Adjust Roots
[11.652s][info][gc,phases      ] GC(127) Adjust Roots 0.206ms
[11.652s][info][gc,phases,start] GC(127) Compaction Phase
[11.697s][info][gc,phases      ] GC(127) Compaction Phase 45.569ms
[11.697s][info][gc,phases,start] GC(127) Post Compact
[11.698s][info][gc,phases      ] GC(127) Post Compact 0.948ms
[11.698s][info][gc,heap        ] GC(127) PSYoungGen: 17920K(64512K)->17920K(65024K) Eden: 17920K(17920K)->17920K(17920K) From: 0K(46592K)->0K(47104K)
[11.699s][info][gc,heap        ] GC(127) ParOldGen: 682676K(683008K)->682676K(683008K)
[11.699s][info][gc,metaspace   ] GC(127) Metaspace: 6302K(6464K)->6302K(6464K) NonClass: 5768K(5824K)->5768K(5824K) Class: 533K(640K)->533K(640K)
[11.699s][info][gc             ] GC(127) Pause Full (Ergonomics) 684M->684M(730M) 217.871ms
[11.699s][info][gc,cpu         ] GC(127) User=1.12s Sys=0.00s Real=0.22s
[11.699s][info][gc,start       ] GC(128) Pause Full (Ergonomics)
[11.699s][info][gc,phases,start] GC(128) Marking Phase
[11.868s][info][gc,phases      ] GC(128) Marking Phase 169.127ms
[11.868s][info][gc,phases,start] GC(128) Summary Phase
[11.868s][info][gc,phases      ] GC(128) Summary Phase 0.020ms
[11.868s][info][gc,phases,start] GC(128) Adjust Roots
[11.868s][info][gc,phases      ] GC(128) Adjust Roots 0.179ms
[11.868s][info][gc,phases,start] GC(128) Compaction Phase
[11.914s][info][gc,phases      ] GC(128) Compaction Phase 45.491ms
[11.914s][info][gc,phases,start] GC(128) Post Compact
[11.915s][info][gc,phases      ] GC(128) Post Compact 0.974ms
[11.915s][info][gc,heap        ] GC(128) PSYoungGen: 17920K(65024K)->17920K(64512K) Eden: 17920K(17920K)->17920K(17920K) From: 0K(47104K)->0K(46592K)
[11.915s][info][gc,heap        ] GC(128) ParOldGen: 682681K(683008K)->682681K(683008K)
[11.915s][info][gc,metaspace   ] GC(128) Metaspace: 6302K(6464K)->6302K(6464K) NonClass: 5768K(5824K)->5768K(5824K) Class: 533K(640K)->533K(640K)
[11.915s][info][gc             ] GC(128) Pause Full (Ergonomics) 684M->684M(730M) 216.066ms
[11.915s][info][gc,cpu         ] GC(128) User=1.08s Sys=0.02s Real=0.22s
[11.915s][info][gc,start       ] GC(129) Pause Full (Ergonomics)
[11.915s][info][gc,phases,start] GC(129) Marking Phase
[12.090s][info][gc,phases      ] GC(129) Marking Phase 174.953ms
[12.090s][info][gc,phases,start] GC(129) Summary Phase
[12.090s][info][gc,phases      ] GC(129) Summary Phase 0.021ms
[12.090s][info][gc,phases,start] GC(129) Adjust Roots
[12.090s][info][gc,phases      ] GC(129) Adjust Roots 0.213ms
[12.090s][info][gc,phases,start] GC(129) Compaction Phase
[12.136s][info][gc,phases      ] GC(129) Compaction Phase 45.201ms
[12.136s][info][gc,phases,start] GC(129) Post Compact
[12.137s][info][gc,phases      ] GC(129) Post Compact 0.980ms
[12.137s][info][gc,heap        ] GC(129) PSYoungGen: 17920K(64512K)->17920K(65024K) Eden: 17920K(17920K)->17920K(17920K) From: 0K(46592K)->0K(47104K)
[12.137s][info][gc,heap        ] GC(129) ParOldGen: 682685K(683008K)->682685K(683008K)
[12.137s][info][gc,metaspace   ] GC(129) Metaspace: 6302K(6464K)->6302K(6464K) NonClass: 5768K(5824K)->5768K(5824K) Class: 533K(640K)->533K(640K)
[12.137s][info][gc             ] GC(129) Pause Full (Ergonomics) 684M->684M(730M) 221.641ms
[12.137s][info][gc,cpu         ] GC(129) User=1.17s Sys=0.00s Real=0.22s
[12.137s][info][gc,start       ] GC(130) Pause Full (Ergonomics)
[12.137s][info][gc,phases,start] GC(130) Marking Phase
[12.308s][info][gc,phases      ] GC(130) Marking Phase 171.393ms
[12.308s][info][gc,phases,start] GC(130) Summary Phase
[12.308s][info][gc,phases      ] GC(130) Summary Phase 0.025ms
[12.308s][info][gc,phases,start] GC(130) Adjust Roots
[12.309s][info][gc,phases      ] GC(130) Adjust Roots 0.191ms
[12.309s][info][gc,phases,start] GC(130) Compaction Phase
[12.354s][info][gc,phases      ] GC(130) Compaction Phase 45.373ms
[12.354s][info][gc,phases,start] GC(130) Post Compact
[12.355s][info][gc,phases      ] GC(130) Post Compact 0.958ms
[12.355s][info][gc,heap        ] GC(130) PSYoungGen: 17920K(65024K)->17920K(64512K) Eden: 17920K(17920K)->17920K(17920K) From: 0K(47104K)->0K(46592K)
[12.355s][info][gc,heap        ] GC(130) ParOldGen: 682690K(683008K)->682690K(683008K)
[12.355s][info][gc,metaspace   ] GC(130) Metaspace: 6302K(6464K)->6302K(6464K) NonClass: 5768K(5824K)->5768K(5824K) Class: 533K(640K)->533K(640K)
[12.355s][info][gc             ] GC(130) Pause Full (Ergonomics) 684M->684M(730M) 218.230ms
[12.355s][info][gc,cpu         ] GC(130) User=1.12s Sys=0.00s Real=0.22s
[12.355s][info][gc,start       ] GC(131) Pause Full (Ergonomics)
[12.355s][info][gc,phases,start] GC(131) Marking Phase
[12.534s][info][gc,phases      ] GC(131) Marking Phase 178.880ms
[12.534s][info][gc,phases,start] GC(131) Summary Phase
[12.534s][info][gc,phases      ] GC(131) Summary Phase 0.020ms
[12.534s][info][gc,phases,start] GC(131) Adjust Roots
[12.535s][info][gc,phases      ] GC(131) Adjust Roots 0.188ms
[12.535s][info][gc,phases,start] GC(131) Compaction Phase
[12.580s][info][gc,phases      ] GC(131) Compaction Phase 45.088ms
[12.580s][info][gc,phases,start] GC(131) Post Compact
[12.581s][info][gc,phases      ] GC(131) Post Compact 0.947ms
[12.581s][info][gc,heap        ] GC(131) PSYoungGen: 17920K(64512K)->17920K(65024K) Eden: 17920K(17920K)->17920K(17920K) From: 0K(46592K)->0K(47104K)
[12.581s][info][gc,heap        ] GC(131) ParOldGen: 682695K(683008K)->682695K(683008K)
[12.581s][info][gc,metaspace   ] GC(131) Metaspace: 6302K(6464K)->6302K(6464K) NonClass: 5768K(5824K)->5768K(5824K) Class: 533K(640K)->533K(640K)
[12.581s][info][gc             ] GC(131) Pause Full (Ergonomics) 684M->684M(730M) 225.405ms
[12.581s][info][gc,cpu         ] GC(131) User=1.19s Sys=0.00s Real=0.22s
[12.581s][info][gc,start       ] GC(132) Pause Full (Ergonomics)
[12.581s][info][gc,phases,start] GC(132) Marking Phase
[12.758s][info][gc,phases      ] GC(132) Marking Phase 177.019ms
[12.758s][info][gc,phases,start] GC(132) Summary Phase
[12.758s][info][gc,phases      ] GC(132) Summary Phase 0.020ms
[12.758s][info][gc,phases,start] GC(132) Adjust Roots
[12.758s][info][gc,phases      ] GC(132) Adjust Roots 0.181ms
[12.758s][info][gc,phases,start] GC(132) Compaction Phase
[12.804s][info][gc,phases      ] GC(132) Compaction Phase 45.882ms
[12.804s][info][gc,phases,start] GC(132) Post Compact
[12.805s][info][gc,phases      ] GC(132) Post Compact 0.958ms
[12.805s][info][gc,heap        ] GC(132) PSYoungGen: 17920K(65024K)->17920K(64512K) Eden: 17920K(17920K)->17920K(17920K) From: 0K(47104K)->0K(46592K)
[12.805s][info][gc,heap        ] GC(132) ParOldGen: 682699K(683008K)->682699K(683008K)
[12.805s][info][gc,metaspace   ] GC(132) Metaspace: 6302K(6464K)->6302K(6464K) NonClass: 5768K(5824K)->5768K(5824K) Class: 533K(640K)->533K(640K)
[12.805s][info][gc             ] GC(132) Pause Full (Ergonomics) 684M->684M(730M) 224.331ms
[12.805s][info][gc,cpu         ] GC(132) User=1.31s Sys=0.00s Real=0.22s
[12.806s][info][gc,start       ] GC(133) Pause Full (Ergonomics)
[12.806s][info][gc,phases,start] GC(133) Marking Phase
[12.982s][info][gc,phases      ] GC(133) Marking Phase 176.125ms
[12.982s][info][gc,phases,start] GC(133) Summary Phase
[12.982s][info][gc,phases      ] GC(133) Summary Phase 0.021ms
[12.982s][info][gc,phases,start] GC(133) Adjust Roots
[12.982s][info][gc,phases      ] GC(133) Adjust Roots 0.183ms
[12.982s][info][gc,phases,start] GC(133) Compaction Phase
[13.029s][info][gc,phases      ] GC(133) Compaction Phase 46.752ms
[13.029s][info][gc,phases,start] GC(133) Post Compact
[13.030s][info][gc,phases      ] GC(133) Post Compact 1.004ms
[13.030s][info][gc,heap        ] GC(133) PSYoungGen: 17920K(64512K)->17920K(65024K) Eden: 17920K(17920K)->17920K(17920K) From: 0K(46592K)->0K(47104K)
[13.030s][info][gc,heap        ] GC(133) ParOldGen: 682704K(683008K)->682704K(683008K)
[13.030s][info][gc,metaspace   ] GC(133) Metaspace: 6302K(6464K)->6302K(6464K) NonClass: 5768K(5824K)->5768K(5824K) Class: 533K(640K)->533K(640K)
[13.030s][info][gc             ] GC(133) Pause Full (Ergonomics) 684M->684M(730M) 224.397ms
[13.030s][info][gc,cpu         ] GC(133) User=1.14s Sys=0.00s Real=0.22s
[13.030s][info][gc,start       ] GC(134) Pause Full (Ergonomics)
[13.030s][info][gc,phases,start] GC(134) Marking Phase
[13.201s][info][gc,phases      ] GC(134) Marking Phase 170.708ms
[13.201s][info][gc,phases,start] GC(134) Summary Phase
[13.201s][info][gc,phases      ] GC(134) Summary Phase 0.021ms
[13.201s][info][gc,phases,start] GC(134) Adjust Roots
[13.201s][info][gc,phases      ] GC(134) Adjust Roots 0.179ms
[13.201s][info][gc,phases,start] GC(134) Compaction Phase
[13.247s][info][gc,phases      ] GC(134) Compaction Phase 45.539ms
[13.247s][info][gc,phases,start] GC(134) Post Compact
[13.248s][info][gc,phases      ] GC(134) Post Compact 0.954ms
[13.248s][info][gc,heap        ] GC(134) PSYoungGen: 17920K(65024K)->17920K(64512K) Eden: 17920K(17920K)->17920K(17920K) From: 0K(47104K)->0K(46592K)
[13.248s][info][gc,heap        ] GC(134) ParOldGen: 682709K(683008K)->682709K(683008K)
[13.248s][info][gc,metaspace   ] GC(134) Metaspace: 6302K(6464K)->6302K(6464K) NonClass: 5768K(5824K)->5768K(5824K) Class: 533K(640K)->533K(640K)
[13.248s][info][gc             ] GC(134) Pause Full (Ergonomics) 684M->684M(730M) 217.685ms
[13.248s][info][gc,cpu         ] GC(134) User=1.08s Sys=0.02s Real=0.22s
[13.248s][info][gc,start       ] GC(135) Pause Full (Ergonomics)
[13.248s][info][gc,phases,start] GC(135) Marking Phase
[13.414s][info][gc,phases      ] GC(135) Marking Phase 166.043ms
[13.414s][info][gc,phases,start] GC(135) Summary Phase
[13.414s][info][gc,phases      ] GC(135) Summary Phase 0.021ms
[13.414s][info][gc,phases,start] GC(135) Adjust Roots
[13.414s][info][gc,phases      ] GC(135) Adjust Roots 0.182ms
[13.414s][info][gc,phases,start] GC(135) Compaction Phase
[13.459s][info][gc,phases      ] GC(135) Compaction Phase 44.898ms
[13.459s][info][gc,phases,start] GC(135) Post Compact
[13.460s][info][gc,phases      ] GC(135) Post Compact 0.958ms
[13.460s][info][gc,heap        ] GC(135) PSYoungGen: 17920K(64512K)->17920K(65024K) Eden: 17920K(17920K)->17920K(17920K) From: 0K(46592K)->0K(47104K)
[13.460s][info][gc,heap        ] GC(135) ParOldGen: 682713K(683008K)->682713K(683008K)
[13.460s][info][gc,metaspace   ] GC(135) Metaspace: 6302K(6464K)->6302K(6464K) NonClass: 5768K(5824K)->5768K(5824K) Class: 533K(640K)->533K(640K)
[13.460s][info][gc             ] GC(135) Pause Full (Ergonomics) 684M->684M(730M) 212.375ms
[13.461s][info][gc,cpu         ] GC(135) User=1.08s Sys=0.02s Real=0.21s
[13.461s][info][gc,start       ] GC(136) Pause Full (Ergonomics)
[13.461s][info][gc,phases,start] GC(136) Marking Phase
[13.641s][info][gc,phases      ] GC(136) Marking Phase 180.375ms
[13.641s][info][gc,phases,start] GC(136) Summary Phase
[13.641s][info][gc,phases      ] GC(136) Summary Phase 0.020ms
[13.641s][info][gc,phases,start] GC(136) Adjust Roots
[13.641s][info][gc,phases      ] GC(136) Adjust Roots 0.186ms
[13.641s][info][gc,phases,start] GC(136) Compaction Phase
[13.686s][info][gc,phases      ] GC(136) Compaction Phase 44.941ms
[13.686s][info][gc,phases,start] GC(136) Post Compact
[13.687s][info][gc,phases      ] GC(136) Post Compact 0.945ms
[13.687s][info][gc,heap        ] GC(136) PSYoungGen: 17920K(65024K)->17920K(64512K) Eden: 17920K(17920K)->17920K(17920K) From: 0K(47104K)->0K(46592K)
[13.687s][info][gc,heap        ] GC(136) ParOldGen: 682718K(683008K)->682718K(683008K)
[13.687s][info][gc,metaspace   ] GC(136) Metaspace: 6302K(6464K)->6302K(6464K) NonClass: 5768K(5824K)->5768K(5824K) Class: 533K(640K)->533K(640K)
[13.688s][info][gc             ] GC(136) Pause Full (Ergonomics) 684M->684M(730M) 226.810ms
[13.688s][info][gc,cpu         ] GC(136) User=1.20s Sys=0.00s Real=0.23s
[13.688s][info][gc,start       ] GC(137) Pause Full (Ergonomics)
[13.688s][info][gc,phases,start] GC(137) Marking Phase
[13.859s][info][gc,phases      ] GC(137) Marking Phase 171.442ms
[13.859s][info][gc,phases,start] GC(137) Summary Phase
[13.859s][info][gc,phases      ] GC(137) Summary Phase 0.021ms
[13.859s][info][gc,phases,start] GC(137) Adjust Roots
[13.859s][info][gc,phases      ] GC(137) Adjust Roots 0.181ms
[13.859s][info][gc,phases,start] GC(137) Compaction Phase
[13.905s][info][gc,phases      ] GC(137) Compaction Phase 45.569ms
[13.905s][info][gc,phases,start] GC(137) Post Compact
[13.906s][info][gc,phases      ] GC(137) Post Compact 0.997ms
[13.906s][info][gc,heap        ] GC(137) PSYoungGen: 17920K(64512K)->17920K(65024K) Eden: 17920K(17920K)->17920K(17920K) From: 0K(46592K)->0K(47104K)
[13.906s][info][gc,heap        ] GC(137) ParOldGen: 682723K(683008K)->682723K(683008K)
[13.906s][info][gc,metaspace   ] GC(137) Metaspace: 6302K(6464K)->6302K(6464K) NonClass: 5768K(5824K)->5768K(5824K) Class: 533K(640K)->533K(640K)
[13.906s][info][gc             ] GC(137) Pause Full (Ergonomics) 684M->684M(730M) 218.490ms
[13.906s][info][gc,cpu         ] GC(137) User=1.12s Sys=0.00s Real=0.22s
[13.906s][info][gc,start       ] GC(138) Pause Full (Ergonomics)
[13.906s][info][gc,phases,start] GC(138) Marking Phase
[14.083s][info][gc,phases      ] GC(138) Marking Phase 176.234ms
[14.083s][info][gc,phases,start] GC(138) Summary Phase
[14.083s][info][gc,phases      ] GC(138) Summary Phase 0.019ms
[14.083s][info][gc,phases,start] GC(138) Adjust Roots
[14.083s][info][gc,phases      ] GC(138) Adjust Roots 0.181ms
[14.083s][info][gc,phases,start] GC(138) Compaction Phase
[14.128s][info][gc,phases      ] GC(138) Compaction Phase 44.978ms
[14.128s][info][gc,phases,start] GC(138) Post Compact
[14.129s][info][gc,phases      ] GC(138) Post Compact 0.959ms
[14.129s][info][gc,heap        ] GC(138) PSYoungGen: 17920K(65024K)->17920K(64512K) Eden: 17920K(17920K)->17920K(17920K) From: 0K(47104K)->0K(46592K)
[14.129s][info][gc,heap        ] GC(138) ParOldGen: 682727K(683008K)->682727K(683008K)
[14.129s][info][gc,metaspace   ] GC(138) Metaspace: 6302K(6464K)->6302K(6464K) NonClass: 5768K(5824K)->5768K(5824K) Class: 533K(640K)->533K(640K)
[14.129s][info][gc             ] GC(138) Pause Full (Ergonomics) 684M->684M(730M) 222.639ms
[14.129s][info][gc,cpu         ] GC(138) User=1.25s Sys=0.00s Real=0.22s
[14.129s][info][gc,start       ] GC(139) Pause Full (Ergonomics)
[14.129s][info][gc,phases,start] GC(139) Marking Phase
[14.295s][info][gc,phases      ] GC(139) Marking Phase 165.600ms
[14.295s][info][gc,phases,start] GC(139) Summary Phase
[14.295s][info][gc,phases      ] GC(139) Summary Phase 0.020ms
[14.295s][info][gc,phases,start] GC(139) Adjust Roots
[14.295s][info][gc,phases      ] GC(139) Adjust Roots 0.179ms
[14.295s][info][gc,phases,start] GC(139) Compaction Phase
[14.339s][info][gc,phases      ] GC(139) Compaction Phase 43.995ms
[14.339s][info][gc,phases,start] GC(139) Post Compact
[14.340s][info][gc,phases      ] GC(139) Post Compact 0.982ms
[14.340s][info][gc,heap        ] GC(139) PSYoungGen: 17920K(64512K)->17920K(65024K) Eden: 17920K(17920K)->17920K(17920K) From: 0K(46592K)->0K(47104K)
[14.340s][info][gc,heap        ] GC(139) ParOldGen: 682732K(683008K)->682732K(683008K)
[14.340s][info][gc,metaspace   ] GC(139) Metaspace: 6302K(6464K)->6302K(6464K) NonClass: 5768K(5824K)->5768K(5824K) Class: 533K(640K)->533K(640K)
[14.340s][info][gc             ] GC(139) Pause Full (Ergonomics) 684M->684M(730M) 211.067ms
[14.340s][info][gc,cpu         ] GC(139) User=1.23s Sys=0.00s Real=0.21s
[14.341s][info][gc,start       ] GC(140) Pause Full (Ergonomics)
[14.341s][info][gc,phases,start] GC(140) Marking Phase
[14.515s][info][gc,phases      ] GC(140) Marking Phase 174.397ms
[14.515s][info][gc,phases,start] GC(140) Summary Phase
[14.515s][info][gc,phases      ] GC(140) Summary Phase 0.028ms
[14.515s][info][gc,phases,start] GC(140) Adjust Roots
[14.515s][info][gc,phases      ] GC(140) Adjust Roots 0.185ms
[14.515s][info][gc,phases,start] GC(140) Compaction Phase
[14.560s][info][gc,phases      ] GC(140) Compaction Phase 44.786ms
[14.560s][info][gc,phases,start] GC(140) Post Compact
[14.561s][info][gc,phases      ] GC(140) Post Compact 0.961ms
[14.561s][info][gc,heap        ] GC(140) PSYoungGen: 17920K(65024K)->17920K(64512K) Eden: 17920K(17920K)->17920K(17920K) From: 0K(47104K)->0K(46592K)
[14.561s][info][gc,heap        ] GC(140) ParOldGen: 682737K(683008K)->682737K(683008K)
[14.561s][info][gc,metaspace   ] GC(140) Metaspace: 6302K(6464K)->6302K(6464K) NonClass: 5768K(5824K)->5768K(5824K) Class: 533K(640K)->533K(640K)
[14.561s][info][gc             ] GC(140) Pause Full (Ergonomics) 684M->684M(730M) 220.665ms
[14.561s][info][gc,cpu         ] GC(140) User=1.14s Sys=0.00s Real=0.22s
[14.562s][info][gc,start       ] GC(141) Pause Full (Ergonomics)
[14.562s][info][gc,phases,start] GC(141) Marking Phase
[14.727s][info][gc,phases      ] GC(141) Marking Phase 165.699ms
[14.727s][info][gc,phases,start] GC(141) Summary Phase
[14.727s][info][gc,phases      ] GC(141) Summary Phase 0.021ms
[14.727s][info][gc,phases,start] GC(141) Adjust Roots
[14.728s][info][gc,phases      ] GC(141) Adjust Roots 0.181ms
[14.728s][info][gc,phases,start] GC(141) Compaction Phase
[14.773s][info][gc,phases      ] GC(141) Compaction Phase 45.891ms
[14.773s][info][gc,phases,start] GC(141) Post Compact
[14.774s][info][gc,phases      ] GC(141) Post Compact 0.958ms
[14.774s][info][gc,heap        ] GC(141) PSYoungGen: 17920K(64512K)->17920K(65024K) Eden: 17920K(17920K)->17920K(17920K) From: 0K(46592K)->0K(47104K)
[14.774s][info][gc,heap        ] GC(141) ParOldGen: 682741K(683008K)->682741K(683008K)
[14.775s][info][gc,metaspace   ] GC(141) Metaspace: 6302K(6464K)->6302K(6464K) NonClass: 5768K(5824K)->5768K(5824K) Class: 533K(640K)->533K(640K)
[14.775s][info][gc             ] GC(141) Pause Full (Ergonomics) 684M->684M(730M) 213.016ms
[14.775s][info][gc,cpu         ] GC(141) User=1.14s Sys=0.00s Real=0.21s
[14.775s][info][gc,start       ] GC(142) Pause Full (Ergonomics)
[14.775s][info][gc,phases,start] GC(142) Marking Phase
[14.943s][info][gc,phases      ] GC(142) Marking Phase 168.573ms
[14.943s][info][gc,phases,start] GC(142) Summary Phase
[14.943s][info][gc,phases      ] GC(142) Summary Phase 0.021ms
[14.943s][info][gc,phases,start] GC(142) Adjust Roots
[14.944s][info][gc,phases      ] GC(142) Adjust Roots 0.188ms
[14.944s][info][gc,phases,start] GC(142) Compaction Phase
[14.991s][info][gc,phases      ] GC(142) Compaction Phase 47.027ms
[14.991s][info][gc,phases,start] GC(142) Post Compact
[14.992s][info][gc,phases      ] GC(142) Post Compact 0.950ms
[14.992s][info][gc,heap        ] GC(142) PSYoungGen: 17920K(65024K)->17920K(64512K) Eden: 17920K(17920K)->17920K(17920K) From: 0K(47104K)->0K(46592K)
[14.992s][info][gc,heap        ] GC(142) ParOldGen: 682746K(683008K)->682746K(683008K)
[14.992s][info][gc,metaspace   ] GC(142) Metaspace: 6302K(6464K)->6302K(6464K) NonClass: 5768K(5824K)->5768K(5824K) Class: 533K(640K)->533K(640K)
[14.992s][info][gc             ] GC(142) Pause Full (Ergonomics) 684M->684M(730M) 217.035ms
[14.992s][info][gc,cpu         ] GC(142) User=1.12s Sys=0.00s Real=0.22s
[14.992s][info][gc,start       ] GC(143) Pause Full (Ergonomics)
[14.992s][info][gc,phases,start] GC(143) Marking Phase
[15.169s][info][gc,phases      ] GC(143) Marking Phase 176.993ms
[15.169s][info][gc,phases,start] GC(143) Summary Phase
[15.169s][info][gc,phases      ] GC(143) Summary Phase 0.021ms
[15.169s][info][gc,phases,start] GC(143) Adjust Roots
[15.169s][info][gc,phases      ] GC(143) Adjust Roots 0.178ms
[15.169s][info][gc,phases,start] GC(143) Compaction Phase
[15.215s][info][gc,phases      ] GC(143) Compaction Phase 46.040ms
[15.215s][info][gc,phases,start] GC(143) Post Compact
[15.216s][info][gc,phases      ] GC(143) Post Compact 0.967ms
[15.217s][info][gc,heap        ] GC(143) PSYoungGen: 17920K(64512K)->17920K(65024K) Eden: 17920K(17920K)->17920K(17920K) From: 0K(46592K)->0K(47104K)
[15.217s][info][gc,heap        ] GC(143) ParOldGen: 682751K(683008K)->682751K(683008K)
[15.217s][info][gc,metaspace   ] GC(143) Metaspace: 6302K(6464K)->6302K(6464K) NonClass: 5768K(5824K)->5768K(5824K) Class: 533K(640K)->533K(640K)
[15.217s][info][gc             ] GC(143) Pause Full (Ergonomics) 684M->684M(730M) 224.559ms
[15.217s][info][gc,cpu         ] GC(143) User=1.17s Sys=0.02s Real=0.22s
[15.217s][info][gc,start       ] GC(144) Pause Full (Ergonomics)
[15.217s][info][gc,phases,start] GC(144) Marking Phase
[15.386s][info][gc,phases      ] GC(144) Marking Phase 169.499ms
[15.386s][info][gc,phases,start] GC(144) Summary Phase
[15.386s][info][gc,phases      ] GC(144) Summary Phase 0.021ms
[15.386s][info][gc,phases,start] GC(144) Adjust Roots
[15.387s][info][gc,phases      ] GC(144) Adjust Roots 0.192ms
[15.387s][info][gc,phases,start] GC(144) Compaction Phase
[15.431s][info][gc,phases      ] GC(144) Compaction Phase 44.379ms
[15.431s][info][gc,phases,start] GC(144) Post Compact
[15.432s][info][gc,phases      ] GC(144) Post Compact 0.958ms
[15.432s][info][gc,heap        ] GC(144) PSYoungGen: 17920K(65024K)->17920K(64512K) Eden: 17920K(17920K)->17920K(17920K) From: 0K(47104K)->0K(46592K)
[15.432s][info][gc,heap        ] GC(144) ParOldGen: 682755K(683008K)->682755K(683008K)
[15.432s][info][gc,metaspace   ] GC(144) Metaspace: 6302K(6464K)->6302K(6464K) NonClass: 5768K(5824K)->5768K(5824K) Class: 533K(640K)->533K(640K)
[15.432s][info][gc             ] GC(144) Pause Full (Ergonomics) 684M->684M(730M) 215.314ms
[15.432s][info][gc,cpu         ] GC(144) User=1.14s Sys=0.00s Real=0.22s
[15.432s][info][gc,start       ] GC(145) Pause Full (Ergonomics)
[15.432s][info][gc,phases,start] GC(145) Marking Phase
[15.611s][info][gc,phases      ] GC(145) Marking Phase 178.245ms
[15.611s][info][gc,phases,start] GC(145) Summary Phase
[15.611s][info][gc,phases      ] GC(145) Summary Phase 0.021ms
[15.611s][info][gc,phases,start] GC(145) Adjust Roots
[15.611s][info][gc,phases      ] GC(145) Adjust Roots 0.205ms
[15.611s][info][gc,phases,start] GC(145) Compaction Phase
[15.657s][info][gc,phases      ] GC(145) Compaction Phase 46.087ms
[15.657s][info][gc,phases,start] GC(145) Post Compact
[15.658s][info][gc,phases      ] GC(145) Post Compact 0.961ms
[15.658s][info][gc,heap        ] GC(145) PSYoungGen: 17920K(64512K)->17920K(65024K) Eden: 17920K(17920K)->17920K(17920K) From: 0K(46592K)->0K(47104K)
[15.658s][info][gc,heap        ] GC(145) ParOldGen: 682760K(683008K)->682760K(683008K)
[15.658s][info][gc,metaspace   ] GC(145) Metaspace: 6302K(6464K)->6302K(6464K) NonClass: 5768K(5824K)->5768K(5824K) Class: 533K(640K)->533K(640K)
[15.658s][info][gc             ] GC(145) Pause Full (Ergonomics) 684M->684M(730M) 225.798ms
[15.658s][info][gc,cpu         ] GC(145) User=1.20s Sys=0.02s Real=0.22s
[15.658s][info][gc,start       ] GC(146) Pause Full (Ergonomics)
[15.658s][info][gc,phases,start] GC(146) Marking Phase
[15.836s][info][gc,phases      ] GC(146) Marking Phase 177.394ms
[15.836s][info][gc,phases,start] GC(146) Summary Phase
[15.836s][info][gc,phases      ] GC(146) Summary Phase 0.021ms
[15.836s][info][gc,phases,start] GC(146) Adjust Roots
[15.836s][info][gc,phases      ] GC(146) Adjust Roots 0.185ms
[15.836s][info][gc,phases,start] GC(146) Compaction Phase
[15.882s][info][gc,phases      ] GC(146) Compaction Phase 45.846ms
[15.882s][info][gc,phases,start] GC(146) Post Compact
[15.883s][info][gc,phases      ] GC(146) Post Compact 0.958ms
[15.883s][info][gc,heap        ] GC(146) PSYoungGen: 17920K(65024K)->17920K(64512K) Eden: 17920K(17920K)->17920K(17920K) From: 0K(47104K)->0K(46592K)
[15.883s][info][gc,heap        ] GC(146) ParOldGen: 682765K(683008K)->682765K(683008K)
[15.883s][info][gc,metaspace   ] GC(146) Metaspace: 6302K(6464K)->6302K(6464K) NonClass: 5768K(5824K)->5768K(5824K) Class: 533K(640K)->533K(640K)
[15.883s][info][gc             ] GC(146) Pause Full (Ergonomics) 684M->684M(730M) 224.704ms
[15.883s][info][gc,cpu         ] GC(146) User=1.31s Sys=0.00s Real=0.23s
[15.883s][info][gc,start       ] GC(147) Pause Full (Ergonomics)
[15.883s][info][gc,phases,start] GC(147) Marking Phase
[16.053s][info][gc,phases      ] GC(147) Marking Phase 169.048ms
[16.053s][info][gc,phases,start] GC(147) Summary Phase
[16.053s][info][gc,phases      ] GC(147) Summary Phase 0.021ms
[16.053s][info][gc,phases,start] GC(147) Adjust Roots
[16.053s][info][gc,phases      ] GC(147) Adjust Roots 0.194ms
[16.053s][info][gc,phases,start] GC(147) Compaction Phase
[16.099s][info][gc,phases      ] GC(147) Compaction Phase 46.419ms
[16.099s][info][gc,phases,start] GC(147) Post Compact
[16.100s][info][gc,phases      ] GC(147) Post Compact 0.981ms
[16.100s][info][gc,heap        ] GC(147) PSYoungGen: 17920K(64512K)->17920K(65024K) Eden: 17920K(17920K)->17920K(17920K) From: 0K(46592K)->0K(47104K)
[16.100s][info][gc,heap        ] GC(147) ParOldGen: 682769K(683008K)->682769K(683008K)
[16.100s][info][gc,metaspace   ] GC(147) Metaspace: 6302K(6464K)->6302K(6464K) NonClass: 5768K(5824K)->5768K(5824K) Class: 533K(640K)->533K(640K)
[16.100s][info][gc             ] GC(147) Pause Full (Ergonomics) 684M->684M(730M) 216.966ms
[16.100s][info][gc,cpu         ] GC(147) User=1.11s Sys=0.00s Real=0.22s
[16.101s][info][gc,start       ] GC(148) Pause Full (Ergonomics)
[16.101s][info][gc,phases,start] GC(148) Marking Phase
[16.273s][info][gc,phases      ] GC(148) Marking Phase 172.153ms
[16.273s][info][gc,phases,start] GC(148) Summary Phase
[16.273s][info][gc,phases      ] GC(148) Summary Phase 0.021ms
[16.273s][info][gc,phases,start] GC(148) Adjust Roots
[16.273s][info][gc,phases      ] GC(148) Adjust Roots 0.179ms
[16.273s][info][gc,phases,start] GC(148) Compaction Phase
[16.318s][info][gc,phases      ] GC(148) Compaction Phase 44.982ms
[16.318s][info][gc,phases,start] GC(148) Post Compact
[16.319s][info][gc,phases      ] GC(148) Post Compact 0.959ms
[16.319s][info][gc,heap        ] GC(148) PSYoungGen: 17920K(65024K)->17920K(64512K) Eden: 17920K(17920K)->17920K(17920K) From: 0K(47104K)->0K(46592K)
[16.319s][info][gc,heap        ] GC(148) ParOldGen: 682774K(683008K)->682774K(683008K)
[16.319s][info][gc,metaspace   ] GC(148) Metaspace: 6302K(6464K)->6302K(6464K) NonClass: 5768K(5824K)->5768K(5824K) Class: 533K(640K)->533K(640K)
[16.319s][info][gc             ] GC(148) Pause Full (Ergonomics) 684M->684M(730M) 218.558ms
[16.319s][info][gc,cpu         ] GC(148) User=1.17s Sys=0.00s Real=0.22s
[16.319s][info][gc,start       ] GC(149) Pause Full (Ergonomics)
[16.319s][info][gc,phases,start] GC(149) Marking Phase
[16.497s][info][gc,phases      ] GC(149) Marking Phase 177.157ms
[16.497s][info][gc,phases,start] GC(149) Summary Phase
[16.497s][info][gc,phases      ] GC(149) Summary Phase 0.021ms
[16.497s][info][gc,phases,start] GC(149) Adjust Roots
[16.497s][info][gc,phases      ] GC(149) Adjust Roots 0.191ms
[16.497s][info][gc,phases,start] GC(149) Compaction Phase
[16.543s][info][gc,phases      ] GC(149) Compaction Phase 46.447ms
[16.543s][info][gc,phases,start] GC(149) Post Compact
[16.544s][info][gc,phases      ] GC(149) Post Compact 0.963ms
[16.544s][info][gc,heap        ] GC(149) PSYoungGen: 17920K(64512K)->17920K(65024K) Eden: 17920K(17920K)->17920K(17920K) From: 0K(46592K)->0K(47104K)
[16.544s][info][gc,heap        ] GC(149) ParOldGen: 682779K(683008K)->682779K(683008K)
[16.544s][info][gc,metaspace   ] GC(149) Metaspace: 6302K(6464K)->6302K(6464K) NonClass: 5768K(5824K)->5768K(5824K) Class: 533K(640K)->533K(640K)
[16.544s][info][gc             ] GC(149) Pause Full (Ergonomics) 684M->684M(730M) 225.047ms
[16.545s][info][gc,cpu         ] GC(149) User=1.16s Sys=0.00s Real=0.22s
[16.545s][info][gc,start       ] GC(150) Pause Full (Ergonomics)
[16.545s][info][gc,phases,start] GC(150) Marking Phase
[16.715s][info][gc,phases      ] GC(150) Marking Phase 170.133ms
[16.715s][info][gc,phases,start] GC(150) Summary Phase
[16.715s][info][gc,phases      ] GC(150) Summary Phase 0.020ms
[16.715s][info][gc,phases,start] GC(150) Adjust Roots
[16.715s][info][gc,phases      ] GC(150) Adjust Roots 0.189ms
[16.715s][info][gc,phases,start] GC(150) Compaction Phase
[16.761s][info][gc,phases      ] GC(150) Compaction Phase 45.441ms
[16.761s][info][gc,phases,start] GC(150) Post Compact
[16.762s][info][gc,phases      ] GC(150) Post Compact 0.957ms
[16.762s][info][gc,heap        ] GC(150) PSYoungGen: 17920K(65024K)->17920K(64512K) Eden: 17920K(17920K)->17920K(17920K) From: 0K(47104K)->0K(46592K)
[16.762s][info][gc,heap        ] GC(150) ParOldGen: 682783K(683008K)->682783K(683008K)
[16.762s][info][gc,metaspace   ] GC(150) Metaspace: 6302K(6464K)->6302K(6464K) NonClass: 5768K(5824K)->5768K(5824K) Class: 533K(640K)->533K(640K)
[16.762s][info][gc             ] GC(150) Pause Full (Ergonomics) 684M->684M(730M) 217.125ms
[16.762s][info][gc,cpu         ] GC(150) User=1.11s Sys=0.00s Real=0.22s
[16.762s][info][gc,start       ] GC(151) Pause Full (Ergonomics)
[16.762s][info][gc,phases,start] GC(151) Marking Phase
[16.927s][info][gc,phases      ] GC(151) Marking Phase 164.888ms
[16.927s][info][gc,phases,start] GC(151) Summary Phase
[16.927s][info][gc,phases      ] GC(151) Summary Phase 0.021ms
[16.927s][info][gc,phases,start] GC(151) Adjust Roots
[16.927s][info][gc,phases      ] GC(151) Adjust Roots 0.186ms
[16.927s][info][gc,phases,start] GC(151) Compaction Phase
[16.972s][info][gc,phases      ] GC(151) Compaction Phase 44.853ms
[16.972s][info][gc,phases,start] GC(151) Post Compact
[16.973s][info][gc,phases      ] GC(151) Post Compact 0.956ms
[16.973s][info][gc,heap        ] GC(151) PSYoungGen: 17920K(64512K)->17920K(65024K) Eden: 17920K(17920K)->17920K(17920K) From: 0K(46592K)->0K(47104K)
[16.973s][info][gc,heap        ] GC(151) ParOldGen: 682788K(683008K)->682788K(683008K)
[16.973s][info][gc,metaspace   ] GC(151) Metaspace: 6302K(6464K)->6302K(6464K) NonClass: 5768K(5824K)->5768K(5824K) Class: 533K(640K)->533K(640K)
[16.973s][info][gc             ] GC(151) Pause Full (Ergonomics) 684M->684M(730M) 211.172ms
[16.973s][info][gc,cpu         ] GC(151) User=1.09s Sys=0.00s Real=0.21s
[16.973s][info][gc,start       ] GC(152) Pause Full (Ergonomics)
[16.973s][info][gc,phases,start] GC(152) Marking Phase
[17.146s][info][gc,phases      ] GC(152) Marking Phase 172.335ms
[17.146s][info][gc,phases,start] GC(152) Summary Phase
[17.146s][info][gc,phases      ] GC(152) Summary Phase 0.021ms
[17.146s][info][gc,phases,start] GC(152) Adjust Roots
[17.146s][info][gc,phases      ] GC(152) Adjust Roots 0.194ms
[17.146s][info][gc,phases,start] GC(152) Compaction Phase
[17.192s][info][gc,phases      ] GC(152) Compaction Phase 45.647ms
[17.192s][info][gc,phases,start] GC(152) Post Compact
[17.193s][info][gc,phases      ] GC(152) Post Compact 0.959ms
[17.193s][info][gc,heap        ] GC(152) PSYoungGen: 17920K(65024K)->17920K(64512K) Eden: 17920K(17920K)->17920K(17920K) From: 0K(47104K)->0K(46592K)
[17.193s][info][gc,heap        ] GC(152) ParOldGen: 682793K(683008K)->682793K(683008K)
[17.193s][info][gc,metaspace   ] GC(152) Metaspace: 6302K(6464K)->6302K(6464K) NonClass: 5768K(5824K)->5768K(5824K) Class: 533K(640K)->533K(640K)
[17.193s][info][gc             ] GC(152) Pause Full (Ergonomics) 684M->684M(730M) 219.423ms
[17.193s][info][gc,cpu         ] GC(152) User=1.20s Sys=0.00s Real=0.22s
[17.193s][info][gc,start       ] GC(153) Pause Full (Ergonomics)
[17.193s][info][gc,phases,start] GC(153) Marking Phase
[17.351s][info][gc,phases      ] GC(153) Marking Phase 157.466ms
[17.351s][info][gc,phases,start] GC(153) Summary Phase
[17.351s][info][gc,phases      ] GC(153) Summary Phase 0.021ms
[17.351s][info][gc,phases,start] GC(153) Adjust Roots
[17.351s][info][gc,phases      ] GC(153) Adjust Roots 0.179ms
[17.351s][info][gc,phases,start] GC(153) Compaction Phase
[17.398s][info][gc,phases      ] GC(153) Compaction Phase 46.874ms
[17.398s][info][gc,phases,start] GC(153) Post Compact
[17.399s][info][gc,phases      ] GC(153) Post Compact 0.956ms
[17.399s][info][gc,heap        ] GC(153) PSYoungGen: 17920K(64512K)->17920K(65024K) Eden: 17920K(17920K)->17920K(17920K) From: 0K(46592K)->0K(47104K)
[17.399s][info][gc,heap        ] GC(153) ParOldGen: 682797K(683008K)->682797K(683008K)
[17.399s][info][gc,metaspace   ] GC(153) Metaspace: 6302K(6464K)->6302K(6464K) NonClass: 5768K(5824K)->5768K(5824K) Class: 533K(640K)->533K(640K)
[17.399s][info][gc             ] GC(153) Pause Full (Ergonomics) 684M->684M(730M) 205.880ms
[17.399s][info][gc,cpu         ] GC(153) User=1.02s Sys=0.00s Real=0.21s
[17.399s][info][gc,start       ] GC(154) Pause Full (Ergonomics)
[17.399s][info][gc,phases,start] GC(154) Marking Phase
[17.573s][info][gc,phases      ] GC(154) Marking Phase 173.811ms
[17.573s][info][gc,phases,start] GC(154) Summary Phase
[17.573s][info][gc,phases      ] GC(154) Summary Phase 0.022ms
[17.573s][info][gc,phases,start] GC(154) Adjust Roots
[17.573s][info][gc,phases      ] GC(154) Adjust Roots 0.177ms
[17.573s][info][gc,phases,start] GC(154) Compaction Phase
[17.621s][info][gc,phases      ] GC(154) Compaction Phase 47.524ms
[17.621s][info][gc,phases,start] GC(154) Post Compact
[17.622s][info][gc,phases      ] GC(154) Post Compact 0.977ms
[17.622s][info][gc,heap        ] GC(154) PSYoungGen: 17920K(65024K)->17920K(64512K) Eden: 17920K(17920K)->17920K(17920K) From: 0K(47104K)->0K(46592K)
[17.622s][info][gc,heap        ] GC(154) ParOldGen: 682802K(683008K)->682802K(683008K)
[17.622s][info][gc,metaspace   ] GC(154) Metaspace: 6302K(6464K)->6302K(6464K) NonClass: 5768K(5824K)->5768K(5824K) Class: 533K(640K)->533K(640K)
[17.622s][info][gc             ] GC(154) Pause Full (Ergonomics) 684M->684M(730M) 222.837ms
[17.622s][info][gc,cpu         ] GC(154) User=1.14s Sys=0.00s Real=0.22s
[17.622s][info][gc,start       ] GC(155) Pause Full (Ergonomics)
[17.622s][info][gc,phases,start] GC(155) Marking Phase
[17.793s][info][gc,phases      ] GC(155) Marking Phase 170.952ms
[17.793s][info][gc,phases,start] GC(155) Summary Phase
[17.793s][info][gc,phases      ] GC(155) Summary Phase 0.020ms
[17.793s][info][gc,phases,start] GC(155) Adjust Roots
[17.794s][info][gc,phases      ] GC(155) Adjust Roots 0.187ms
[17.794s][info][gc,phases,start] GC(155) Compaction Phase
[17.839s][info][gc,phases      ] GC(155) Compaction Phase 45.086ms
[17.839s][info][gc,phases,start] GC(155) Post Compact
[17.840s][info][gc,phases      ] GC(155) Post Compact 0.961ms
[17.840s][info][gc,heap        ] GC(155) PSYoungGen: 17920K(64512K)->17920K(65024K) Eden: 17920K(17920K)->17920K(17920K) From: 0K(46592K)->0K(47104K)
[17.840s][info][gc,heap        ] GC(155) ParOldGen: 682807K(683008K)->682807K(683008K)
[17.840s][info][gc,metaspace   ] GC(155) Metaspace: 6302K(6464K)->6302K(6464K) NonClass: 5768K(5824K)->5768K(5824K) Class: 533K(640K)->533K(640K)
[17.840s][info][gc             ] GC(155) Pause Full (Ergonomics) 684M->684M(730M) 217.495ms
[17.840s][info][gc,cpu         ] GC(155) User=1.09s Sys=0.00s Real=0.22s
[17.840s][info][gc,start       ] GC(156) Pause Full (Ergonomics)
[17.840s][info][gc,phases,start] GC(156) Marking Phase
[18.011s][info][gc,phases      ] GC(156) Marking Phase 171.191ms
[18.011s][info][gc,phases,start] GC(156) Summary Phase
[18.011s][info][gc,phases      ] GC(156) Summary Phase 0.021ms
[18.011s][info][gc,phases,start] GC(156) Adjust Roots
[18.012s][info][gc,phases      ] GC(156) Adjust Roots 0.181ms
[18.012s][info][gc,phases,start] GC(156) Compaction Phase
[18.057s][info][gc,phases      ] GC(156) Compaction Phase 45.504ms
[18.057s][info][gc,phases,start] GC(156) Post Compact
[18.058s][info][gc,phases      ] GC(156) Post Compact 0.955ms
[18.058s][info][gc,heap        ] GC(156) PSYoungGen: 17920K(65024K)->17920K(64512K) Eden: 17920K(17920K)->17920K(17920K) From: 0K(47104K)->0K(46592K)
[18.058s][info][gc,heap        ] GC(156) ParOldGen: 682811K(683008K)->682811K(683008K)
[18.058s][info][gc,metaspace   ] GC(156) Metaspace: 6302K(6464K)->6302K(6464K) NonClass: 5768K(5824K)->5768K(5824K) Class: 533K(640K)->533K(640K)
[18.058s][info][gc             ] GC(156) Pause Full (Ergonomics) 684M->684M(730M) 218.153ms
[18.058s][info][gc,cpu         ] GC(156) User=1.11s Sys=0.02s Real=0.22s
[18.058s][info][gc,start       ] GC(157) Pause Full (Ergonomics)
[18.058s][info][gc,phases,start] GC(157) Marking Phase
[18.231s][info][gc,phases      ] GC(157) Marking Phase 172.939ms
[18.231s][info][gc,phases,start] GC(157) Summary Phase
[18.231s][info][gc,phases      ] GC(157) Summary Phase 0.019ms
[18.232s][info][gc,phases,start] GC(157) Adjust Roots
[18.232s][info][gc,phases      ] GC(157) Adjust Roots 0.178ms
[18.232s][info][gc,phases,start] GC(157) Compaction Phase
[18.278s][info][gc,phases      ] GC(157) Compaction Phase 46.283ms
[18.278s][info][gc,phases,start] GC(157) Post Compact
[18.279s][info][gc,phases      ] GC(157) Post Compact 0.949ms
[18.279s][info][gc,heap        ] GC(157) PSYoungGen: 17920K(64512K)->17920K(65024K) Eden: 17920K(17920K)->17920K(17920K) From: 0K(46592K)->0K(47104K)
[18.279s][info][gc,heap        ] GC(157) ParOldGen: 682816K(683008K)->682816K(683008K)
[18.279s][info][gc,metaspace   ] GC(157) Metaspace: 6302K(6464K)->6302K(6464K) NonClass: 5768K(5824K)->5768K(5824K) Class: 533K(640K)->533K(640K)
[18.279s][info][gc             ] GC(157) Pause Full (Ergonomics) 684M->684M(730M) 220.644ms
[18.279s][info][gc,cpu         ] GC(157) User=1.17s Sys=0.00s Real=0.22s
[18.279s][info][gc,start       ] GC(158) Pause Full (Ergonomics)
[18.279s][info][gc,phases,start] GC(158) Marking Phase
[18.441s][info][gc,phases      ] GC(158) Marking Phase 161.394ms
[18.441s][info][gc,phases,start] GC(158) Summary Phase
[18.441s][info][gc,phases      ] GC(158) Summary Phase 0.020ms
[18.441s][info][gc,phases,start] GC(158) Adjust Roots
[18.441s][info][gc,phases      ] GC(158) Adjust Roots 0.207ms
[18.441s][info][gc,phases,start] GC(158) Compaction Phase
[18.486s][info][gc,phases      ] GC(158) Compaction Phase 44.439ms
[18.486s][info][gc,phases,start] GC(158) Post Compact
[18.487s][info][gc,phases      ] GC(158) Post Compact 0.982ms
[18.487s][info][gc,heap        ] GC(158) PSYoungGen: 17920K(65024K)->17920K(64512K) Eden: 17920K(17920K)->17920K(17920K) From: 0K(47104K)->0K(46592K)
[18.487s][info][gc,heap        ] GC(158) ParOldGen: 682821K(683008K)->682821K(683008K)
[18.487s][info][gc,metaspace   ] GC(158) Metaspace: 6302K(6464K)->6302K(6464K) NonClass: 5768K(5824K)->5768K(5824K) Class: 533K(640K)->533K(640K)
[18.487s][info][gc             ] GC(158) Pause Full (Ergonomics) 684M->684M(730M) 207.315ms
[18.487s][info][gc,cpu         ] GC(158) User=1.17s Sys=0.02s Real=0.21s
[18.487s][info][gc,start       ] GC(159) Pause Full (Ergonomics)
[18.487s][info][gc,phases,start] GC(159) Marking Phase
[18.664s][info][gc,phases      ] GC(159) Marking Phase 177.083ms
[18.664s][info][gc,phases,start] GC(159) Summary Phase
[18.664s][info][gc,phases      ] GC(159) Summary Phase 0.021ms
[18.664s][info][gc,phases,start] GC(159) Adjust Roots
[18.664s][info][gc,phases      ] GC(159) Adjust Roots 0.183ms
[18.664s][info][gc,phases,start] GC(159) Compaction Phase
[18.709s][info][gc,phases      ] GC(159) Compaction Phase 45.182ms
[18.710s][info][gc,phases,start] GC(159) Post Compact
[18.710s][info][gc,phases      ] GC(159) Post Compact 0.955ms
[18.711s][info][gc,heap        ] GC(159) PSYoungGen: 17920K(64512K)->17920K(65024K) Eden: 17920K(17920K)->17920K(17920K) From: 0K(46592K)->0K(47104K)
[18.711s][info][gc,heap        ] GC(159) ParOldGen: 682825K(683008K)->682825K(683008K)
[18.711s][info][gc,metaspace   ] GC(159) Metaspace: 6302K(6464K)->6302K(6464K) NonClass: 5768K(5824K)->5768K(5824K) Class: 533K(640K)->533K(640K)
[18.711s][info][gc             ] GC(159) Pause Full (Ergonomics) 684M->684M(730M) 223.695ms
[18.711s][info][gc,cpu         ] GC(159) User=1.27s Sys=0.03s Real=0.22s
[18.711s][info][gc,start       ] GC(160) Pause Full (Ergonomics)
[18.711s][info][gc,phases,start] GC(160) Marking Phase
[18.882s][info][gc,phases      ] GC(160) Marking Phase 171.609ms
[18.883s][info][gc,phases,start] GC(160) Summary Phase
[18.883s][info][gc,phases      ] GC(160) Summary Phase 0.021ms
[18.883s][info][gc,phases,start] GC(160) Adjust Roots
[18.883s][info][gc,phases      ] GC(160) Adjust Roots 0.259ms
[18.883s][info][gc,phases,start] GC(160) Compaction Phase
[18.931s][info][gc,phases      ] GC(160) Compaction Phase 48.178ms
[18.931s][info][gc,phases,start] GC(160) Post Compact
[18.932s][info][gc,phases      ] GC(160) Post Compact 1.384ms
[18.933s][info][gc,heap        ] GC(160) PSYoungGen: 17920K(65024K)->17920K(64512K) Eden: 17920K(17920K)->17920K(17920K) From: 0K(47104K)->0K(46592K)
[18.933s][info][gc,heap        ] GC(160) ParOldGen: 682830K(683008K)->682830K(683008K)
[18.933s][info][gc,metaspace   ] GC(160) Metaspace: 6302K(6464K)->6302K(6464K) NonClass: 5768K(5824K)->5768K(5824K) Class: 533K(640K)->533K(640K)
[18.933s][info][gc             ] GC(160) Pause Full (Ergonomics) 684M->684M(730M) 221.798ms
[18.933s][info][gc,cpu         ] GC(160) User=1.11s Sys=0.02s Real=0.22s
[18.933s][info][gc,start       ] GC(161) Pause Full (Ergonomics)
[18.933s][info][gc,phases,start] GC(161) Marking Phase
[19.098s][info][gc,phases      ] GC(161) Marking Phase 164.793ms
[19.098s][info][gc,phases,start] GC(161) Summary Phase
[19.098s][info][gc,phases      ] GC(161) Summary Phase 0.021ms
[19.098s][info][gc,phases,start] GC(161) Adjust Roots
[19.098s][info][gc,phases      ] GC(161) Adjust Roots 0.191ms
[19.098s][info][gc,phases,start] GC(161) Compaction Phase
[19.143s][info][gc,phases      ] GC(161) Compaction Phase 45.071ms
[19.143s][info][gc,phases,start] GC(161) Post Compact
[19.144s][info][gc,phases      ] GC(161) Post Compact 0.941ms
[19.144s][info][gc,heap        ] GC(161) PSYoungGen: 17920K(64512K)->17920K(65024K) Eden: 17920K(17920K)->17920K(17920K) From: 0K(46592K)->0K(47104K)
[19.144s][info][gc,heap        ] GC(161) ParOldGen: 682835K(683008K)->682835K(683008K)
[19.144s][info][gc,metaspace   ] GC(161) Metaspace: 6302K(6464K)->6302K(6464K) NonClass: 5768K(5824K)->5768K(5824K) Class: 533K(640K)->533K(640K)
[19.144s][info][gc             ] GC(161) Pause Full (Ergonomics) 684M->684M(730M) 211.294ms
[19.144s][info][gc,cpu         ] GC(161) User=1.17s Sys=0.02s Real=0.21s
[19.144s][info][gc,start       ] GC(162) Pause Full (Ergonomics)
[19.144s][info][gc,phases,start] GC(162) Marking Phase
[19.313s][info][gc,phases      ] GC(162) Marking Phase 168.347ms
[19.313s][info][gc,phases,start] GC(162) Summary Phase
[19.313s][info][gc,phases      ] GC(162) Summary Phase 0.021ms
[19.313s][info][gc,phases,start] GC(162) Adjust Roots
[19.313s][info][gc,phases      ] GC(162) Adjust Roots 0.174ms
[19.313s][info][gc,phases,start] GC(162) Compaction Phase
[19.358s][info][gc,phases      ] GC(162) Compaction Phase 45.040ms
[19.358s][info][gc,phases,start] GC(162) Post Compact
[19.359s][info][gc,phases      ] GC(162) Post Compact 0.965ms
[19.359s][info][gc,heap        ] GC(162) PSYoungGen: 17920K(65024K)->17920K(64512K) Eden: 17920K(17920K)->17920K(17920K) From: 0K(47104K)->0K(46592K)
[19.359s][info][gc,heap        ] GC(162) ParOldGen: 682839K(683008K)->682839K(683008K)
[19.359s][info][gc,metaspace   ] GC(162) Metaspace: 6302K(6464K)->6302K(6464K) NonClass: 5768K(5824K)->5768K(5824K) Class: 533K(640K)->533K(640K)
[19.359s][info][gc             ] GC(162) Pause Full (Ergonomics) 684M->684M(730M) 214.819ms
[19.359s][info][gc,cpu         ] GC(162) User=1.14s Sys=0.00s Real=0.22s
[19.359s][info][gc,start       ] GC(163) Pause Full (Ergonomics)
[19.359s][info][gc,phases,start] GC(163) Marking Phase
[19.523s][info][gc,phases      ] GC(163) Marking Phase 163.326ms
[19.523s][info][gc,phases,start] GC(163) Summary Phase
[19.523s][info][gc,phases      ] GC(163) Summary Phase 0.020ms
[19.523s][info][gc,phases,start] GC(163) Adjust Roots
[19.523s][info][gc,phases      ] GC(163) Adjust Roots 0.183ms
[19.523s][info][gc,phases,start] GC(163) Compaction Phase
[19.568s][info][gc,phases      ] GC(163) Compaction Phase 45.151ms
[19.568s][info][gc,phases,start] GC(163) Post Compact
[19.569s][info][gc,phases      ] GC(163) Post Compact 0.956ms
[19.569s][info][gc,heap        ] GC(163) PSYoungGen: 17920K(64512K)->17920K(65024K) Eden: 17920K(17920K)->17920K(17920K) From: 0K(46592K)->0K(47104K)
[19.569s][info][gc,heap        ] GC(163) ParOldGen: 682844K(683008K)->682844K(683008K)
[19.569s][info][gc,metaspace   ] GC(163) Metaspace: 6302K(6464K)->6302K(6464K) NonClass: 5768K(5824K)->5768K(5824K) Class: 533K(640K)->533K(640K)
[19.569s][info][gc             ] GC(163) Pause Full (Ergonomics) 684M->684M(730M) 209.993ms
[19.569s][info][gc,cpu         ] GC(163) User=1.09s Sys=0.02s Real=0.21s
[19.570s][info][gc,start       ] GC(164) Pause Full (Ergonomics)
[19.570s][info][gc,phases,start] GC(164) Marking Phase
[19.741s][info][gc,phases      ] GC(164) Marking Phase 170.911ms
[19.741s][info][gc,phases,start] GC(164) Summary Phase
[19.741s][info][gc,phases      ] GC(164) Summary Phase 0.021ms
[19.741s][info][gc,phases,start] GC(164) Adjust Roots
[19.741s][info][gc,phases      ] GC(164) Adjust Roots 0.180ms
[19.741s][info][gc,phases,start] GC(164) Compaction Phase
[19.786s][info][gc,phases      ] GC(164) Compaction Phase 45.519ms
[19.787s][info][gc,phases,start] GC(164) Post Compact
[19.787s][info][gc,phases      ] GC(164) Post Compact 0.961ms
[19.788s][info][gc,heap        ] GC(164) PSYoungGen: 17920K(65024K)->17920K(64512K) Eden: 17920K(17920K)->17920K(17920K) From: 0K(47104K)->0K(46592K)
[19.788s][info][gc,heap        ] GC(164) ParOldGen: 682849K(683008K)->682849K(683008K)
[19.788s][info][gc,metaspace   ] GC(164) Metaspace: 6302K(6464K)->6302K(6464K) NonClass: 5768K(5824K)->5768K(5824K) Class: 533K(640K)->533K(640K)
[19.788s][info][gc             ] GC(164) Pause Full (Ergonomics) 684M->684M(730M) 217.859ms
[19.788s][info][gc,cpu         ] GC(164) User=1.11s Sys=0.02s Real=0.22s
[19.788s][info][gc,start       ] GC(165) Pause Full (Ergonomics)
[19.788s][info][gc,phases,start] GC(165) Marking Phase
[19.958s][info][gc,phases      ] GC(165) Marking Phase 170.194ms
[19.958s][info][gc,phases,start] GC(165) Summary Phase
[19.958s][info][gc,phases      ] GC(165) Summary Phase 0.020ms
[19.958s][info][gc,phases,start] GC(165) Adjust Roots
[19.958s][info][gc,phases      ] GC(165) Adjust Roots 0.185ms
[19.958s][info][gc,phases,start] GC(165) Compaction Phase
[20.003s][info][gc,phases      ] GC(165) Compaction Phase 44.950ms
[20.003s][info][gc,phases,start] GC(165) Post Compact
[20.004s][info][gc,phases      ] GC(165) Post Compact 0.959ms
[20.004s][info][gc,heap        ] GC(165) PSYoungGen: 17920K(64512K)->17920K(65024K) Eden: 17920K(17920K)->17920K(17920K) From: 0K(46592K)->0K(47104K)
[20.004s][info][gc,heap        ] GC(165) ParOldGen: 682853K(683008K)->682853K(683008K)
[20.004s][info][gc,metaspace   ] GC(165) Metaspace: 6302K(6464K)->6302K(6464K) NonClass: 5768K(5824K)->5768K(5824K) Class: 533K(640K)->533K(640K)
[20.004s][info][gc             ] GC(165) Pause Full (Ergonomics) 684M->684M(730M) 216.568ms
[20.004s][info][gc,cpu         ] GC(165) User=1.11s Sys=0.00s Real=0.22s
[20.005s][info][gc,start       ] GC(166) Pause Full (Ergonomics)
[20.005s][info][gc,phases,start] GC(166) Marking Phase
[20.167s][info][gc,phases      ] GC(166) Marking Phase 162.607ms
[20.167s][info][gc,phases,start] GC(166) Summary Phase
[20.167s][info][gc,phases      ] GC(166) Summary Phase 0.021ms
[20.167s][info][gc,phases,start] GC(166) Adjust Roots
[20.167s][info][gc,phases      ] GC(166) Adjust Roots 0.188ms
[20.168s][info][gc,phases,start] GC(166) Compaction Phase
[20.213s][info][gc,phases      ] GC(166) Compaction Phase 45.796ms
[20.213s][info][gc,phases,start] GC(166) Post Compact
[20.214s][info][gc,phases      ] GC(166) Post Compact 0.962ms
[20.214s][info][gc,heap        ] GC(166) PSYoungGen: 17920K(65024K)->17920K(64512K) Eden: 17920K(17920K)->17920K(17920K) From: 0K(47104K)->0K(46592K)
[20.214s][info][gc,heap        ] GC(166) ParOldGen: 682858K(683008K)->682858K(683008K)
[20.214s][info][gc,metaspace   ] GC(166) Metaspace: 6302K(6464K)->6302K(6464K) NonClass: 5768K(5824K)->5768K(5824K) Class: 533K(640K)->533K(640K)
[20.214s][info][gc             ] GC(166) Pause Full (Ergonomics) 684M->684M(730M) 209.867ms
[20.214s][info][gc,cpu         ] GC(166) User=1.14s Sys=0.05s Real=0.21s
[20.215s][info][gc,start       ] GC(167) Pause Full (Ergonomics)
[20.215s][info][gc,phases,start] GC(167) Marking Phase
[20.397s][info][gc,phases      ] GC(167) Marking Phase 181.953ms
[20.397s][info][gc,phases,start] GC(167) Summary Phase
[20.397s][info][gc,phases      ] GC(167) Summary Phase 0.020ms
[20.397s][info][gc,phases,start] GC(167) Adjust Roots
[20.397s][info][gc,phases      ] GC(167) Adjust Roots 0.185ms
[20.397s][info][gc,phases,start] GC(167) Compaction Phase
[20.443s][info][gc,phases      ] GC(167) Compaction Phase 45.556ms
[20.443s][info][gc,phases,start] GC(167) Post Compact
[20.444s][info][gc,phases      ] GC(167) Post Compact 0.958ms
[20.444s][info][gc,heap        ] GC(167) PSYoungGen: 17920K(64512K)->17920K(65024K) Eden: 17920K(17920K)->17920K(17920K) From: 0K(46592K)->0K(47104K)
[20.444s][info][gc,heap        ] GC(167) ParOldGen: 682863K(683008K)->682863K(683008K)
[20.444s][info][gc,metaspace   ] GC(167) Metaspace: 6302K(6464K)->6302K(6464K) NonClass: 5768K(5824K)->5768K(5824K) Class: 533K(640K)->533K(640K)
[20.444s][info][gc             ] GC(167) Pause Full (Ergonomics) 684M->684M(730M) 228.953ms
[20.444s][info][gc,cpu         ] GC(167) User=1.19s Sys=0.03s Real=0.23s
[20.444s][info][gc,start       ] GC(168) Pause Full (Ergonomics)
[20.444s][info][gc,phases,start] GC(168) Marking Phase
[20.610s][info][gc,phases      ] GC(168) Marking Phase 165.910ms
[20.610s][info][gc,phases,start] GC(168) Summary Phase
[20.610s][info][gc,phases      ] GC(168) Summary Phase 0.020ms
[20.610s][info][gc,phases,start] GC(168) Adjust Roots
[20.610s][info][gc,phases      ] GC(168) Adjust Roots 0.173ms
[20.610s][info][gc,phases,start] GC(168) Compaction Phase
[20.655s][info][gc,phases      ] GC(168) Compaction Phase 45.140ms
[20.655s][info][gc,phases,start] GC(168) Post Compact
[20.656s][info][gc,phases      ] GC(168) Post Compact 0.957ms
[20.656s][info][gc,heap        ] GC(168) PSYoungGen: 17920K(65024K)->17920K(64512K) Eden: 17920K(17920K)->17920K(17920K) From: 0K(47104K)->0K(46592K)
[20.656s][info][gc,heap        ] GC(168) ParOldGen: 682867K(683008K)->682867K(683008K)
[20.656s][info][gc,metaspace   ] GC(168) Metaspace: 6302K(6464K)->6302K(6464K) NonClass: 5768K(5824K)->5768K(5824K) Class: 533K(640K)->533K(640K)
[20.656s][info][gc             ] GC(168) Pause Full (Ergonomics) 684M->684M(730M) 212.464ms
[20.656s][info][gc,cpu         ] GC(168) User=1.12s Sys=0.00s Real=0.21s
[20.657s][info][gc,start       ] GC(169) Pause Full (Ergonomics)
[20.657s][info][gc,phases,start] GC(169) Marking Phase
[20.830s][info][gc,phases      ] GC(169) Marking Phase 173.751ms
[20.830s][info][gc,phases,start] GC(169) Summary Phase
[20.830s][info][gc,phases      ] GC(169) Summary Phase 0.021ms
[20.830s][info][gc,phases,start] GC(169) Adjust Roots
[20.831s][info][gc,phases      ] GC(169) Adjust Roots 0.185ms
[20.831s][info][gc,phases,start] GC(169) Compaction Phase
[20.877s][info][gc,phases      ] GC(169) Compaction Phase 46.091ms
[20.877s][info][gc,phases,start] GC(169) Post Compact
[20.878s][info][gc,phases      ] GC(169) Post Compact 0.958ms
[20.878s][info][gc,heap        ] GC(169) PSYoungGen: 17920K(64512K)->17920K(65024K) Eden: 17920K(17920K)->17920K(17920K) From: 0K(46592K)->0K(47104K)
[20.878s][info][gc,heap        ] GC(169) ParOldGen: 682872K(683008K)->682872K(683008K)
[20.878s][info][gc,metaspace   ] GC(169) Metaspace: 6302K(6464K)->6302K(6464K) NonClass: 5768K(5824K)->5768K(5824K) Class: 533K(640K)->533K(640K)
[20.878s][info][gc             ] GC(169) Pause Full (Ergonomics) 684M->684M(730M) 221.271ms
[20.878s][info][gc,cpu         ] GC(169) User=1.16s Sys=0.00s Real=0.22s
[20.878s][info][gc,start       ] GC(170) Pause Full (Ergonomics)
[20.878s][info][gc,phases,start] GC(170) Marking Phase
[21.052s][info][gc,phases      ] GC(170) Marking Phase 173.947ms
[21.052s][info][gc,phases,start] GC(170) Summary Phase
[21.052s][info][gc,phases      ] GC(170) Summary Phase 0.021ms
[21.052s][info][gc,phases,start] GC(170) Adjust Roots
[21.052s][info][gc,phases      ] GC(170) Adjust Roots 0.185ms
[21.052s][info][gc,phases,start] GC(170) Compaction Phase
[21.099s][info][gc,phases      ] GC(170) Compaction Phase 46.122ms
[21.099s][info][gc,phases,start] GC(170) Post Compact
[21.100s][info][gc,phases      ] GC(170) Post Compact 0.959ms
[21.100s][info][gc,heap        ] GC(170) PSYoungGen: 17920K(65024K)->17920K(64512K) Eden: 17920K(17920K)->17920K(17920K) From: 0K(47104K)->0K(46592K)
[21.100s][info][gc,heap        ] GC(170) ParOldGen: 682877K(683008K)->682877K(683008K)
[21.100s][info][gc,metaspace   ] GC(170) Metaspace: 6302K(6464K)->6302K(6464K) NonClass: 5768K(5824K)->5768K(5824K) Class: 533K(640K)->533K(640K)
[21.100s][info][gc             ] GC(170) Pause Full (Ergonomics) 684M->684M(730M) 221.581ms
[21.100s][info][gc,cpu         ] GC(170) User=1.16s Sys=0.00s Real=0.22s
[21.100s][info][gc,start       ] GC(171) Pause Full (Ergonomics)
[21.100s][info][gc,phases,start] GC(171) Marking Phase
[21.274s][info][gc,phases      ] GC(171) Marking Phase 174.545ms
[21.275s][info][gc,phases,start] GC(171) Summary Phase
[21.275s][info][gc,phases      ] GC(171) Summary Phase 0.021ms
[21.275s][info][gc,phases,start] GC(171) Adjust Roots
[21.275s][info][gc,phases      ] GC(171) Adjust Roots 0.193ms
[21.275s][info][gc,phases,start] GC(171) Compaction Phase
[21.320s][info][gc,phases      ] GC(171) Compaction Phase 44.951ms
[21.320s][info][gc,phases,start] GC(171) Post Compact
[21.321s][info][gc,phases      ] GC(171) Post Compact 0.959ms
[21.321s][info][gc,heap        ] GC(171) PSYoungGen: 17920K(64512K)->17920K(65024K) Eden: 17920K(17920K)->17920K(17920K) From: 0K(46592K)->0K(47104K)
[21.321s][info][gc,heap        ] GC(171) ParOldGen: 682881K(683008K)->682881K(683008K)
[21.321s][info][gc,metaspace   ] GC(171) Metaspace: 6302K(6464K)->6302K(6464K) NonClass: 5768K(5824K)->5768K(5824K) Class: 533K(640K)->533K(640K)
[21.321s][info][gc             ] GC(171) Pause Full (Ergonomics) 684M->684M(730M) 220.934ms
[21.321s][info][gc,cpu         ] GC(171) User=1.11s Sys=0.02s Real=0.22s
[21.321s][info][gc,start       ] GC(172) Pause Full (Ergonomics)
[21.321s][info][gc,phases,start] GC(172) Marking Phase
[21.491s][info][gc,phases      ] GC(172) Marking Phase 169.943ms
[21.491s][info][gc,phases,start] GC(172) Summary Phase
[21.491s][info][gc,phases      ] GC(172) Summary Phase 0.020ms
[21.491s][info][gc,phases,start] GC(172) Adjust Roots
[21.491s][info][gc,phases      ] GC(172) Adjust Roots 0.182ms
[21.491s][info][gc,phases,start] GC(172) Compaction Phase
[21.536s][info][gc,phases      ] GC(172) Compaction Phase 44.967ms
[21.536s][info][gc,phases,start] GC(172) Post Compact
[21.537s][info][gc,phases      ] GC(172) Post Compact 0.941ms
[21.537s][info][gc,heap        ] GC(172) PSYoungGen: 17920K(65024K)->17920K(64512K) Eden: 17920K(17920K)->17920K(17920K) From: 0K(47104K)->0K(46592K)
[21.537s][info][gc,heap        ] GC(172) ParOldGen: 682886K(683008K)->682886K(683008K)
[21.537s][info][gc,metaspace   ] GC(172) Metaspace: 6302K(6464K)->6302K(6464K) NonClass: 5768K(5824K)->5768K(5824K) Class: 533K(640K)->533K(640K)
[21.537s][info][gc             ] GC(172) Pause Full (Ergonomics) 684M->684M(730M) 216.334ms
[21.537s][info][gc,cpu         ] GC(172) User=1.14s Sys=0.00s Real=0.22s
[21.538s][info][gc,start       ] GC(173) Pause Full (Ergonomics)
[21.538s][info][gc,phases,start] GC(173) Marking Phase
[21.707s][info][gc,phases      ] GC(173) Marking Phase 169.568ms
[21.707s][info][gc,phases,start] GC(173) Summary Phase
[21.707s][info][gc,phases      ] GC(173) Summary Phase 0.021ms
[21.707s][info][gc,phases,start] GC(173) Adjust Roots
[21.708s][info][gc,phases      ] GC(173) Adjust Roots 0.187ms
[21.708s][info][gc,phases,start] GC(173) Compaction Phase
[21.752s][info][gc,phases      ] GC(173) Compaction Phase 43.961ms
[21.752s][info][gc,phases,start] GC(173) Post Compact
[21.753s][info][gc,phases      ] GC(173) Post Compact 0.949ms
[21.753s][info][gc,heap        ] GC(173) PSYoungGen: 17920K(64512K)->17920K(65024K) Eden: 17920K(17920K)->17920K(17920K) From: 0K(46592K)->0K(47104K)
[21.753s][info][gc,heap        ] GC(173) ParOldGen: 682891K(683008K)->682891K(683008K)
[21.753s][info][gc,metaspace   ] GC(173) Metaspace: 6302K(6464K)->6302K(6464K) NonClass: 5768K(5824K)->5768K(5824K) Class: 533K(640K)->533K(640K)
[21.753s][info][gc             ] GC(173) Pause Full (Ergonomics) 684M->684M(730M) 215.090ms
[21.753s][info][gc,cpu         ] GC(173) User=1.19s Sys=0.00s Real=0.21s
[21.753s][info][gc,start       ] GC(174) Pause Full (Ergonomics)
[21.753s][info][gc,phases,start] GC(174) Marking Phase
[21.926s][info][gc,phases      ] GC(174) Marking Phase 173.131ms
[21.926s][info][gc,phases,start] GC(174) Summary Phase
[21.926s][info][gc,phases      ] GC(174) Summary Phase 0.020ms
[21.926s][info][gc,phases,start] GC(174) Adjust Roots
[21.926s][info][gc,phases      ] GC(174) Adjust Roots 0.182ms
[21.926s][info][gc,phases,start] GC(174) Compaction Phase
[21.972s][info][gc,phases      ] GC(174) Compaction Phase 45.719ms
[21.972s][info][gc,phases,start] GC(174) Post Compact
[21.973s][info][gc,phases      ] GC(174) Post Compact 0.955ms
[21.973s][info][gc,heap        ] GC(174) PSYoungGen: 17920K(65024K)->17920K(64512K) Eden: 17920K(17920K)->17920K(17920K) From: 0K(47104K)->0K(46592K)
[21.973s][info][gc,heap        ] GC(174) ParOldGen: 682895K(683008K)->682895K(683008K)
[21.973s][info][gc,metaspace   ] GC(174) Metaspace: 6302K(6464K)->6302K(6464K) NonClass: 5768K(5824K)->5768K(5824K) Class: 533K(640K)->533K(640K)
[21.973s][info][gc             ] GC(174) Pause Full (Ergonomics) 684M->684M(730M) 220.276ms
[21.973s][info][gc,cpu         ] GC(174) User=1.19s Sys=0.02s Real=0.22s
[21.973s][info][gc,start       ] GC(175) Pause Full (Ergonomics)
[21.973s][info][gc,phases,start] GC(175) Marking Phase
[22.141s][info][gc,phases      ] GC(175) Marking Phase 167.588ms
[22.141s][info][gc,phases,start] GC(175) Summary Phase
[22.141s][info][gc,phases      ] GC(175) Summary Phase 0.021ms
[22.141s][info][gc,phases,start] GC(175) Adjust Roots
[22.141s][info][gc,phases      ] GC(175) Adjust Roots 0.176ms
[22.141s][info][gc,phases,start] GC(175) Compaction Phase
[22.190s][info][gc,phases      ] GC(175) Compaction Phase 48.488ms
[22.190s][info][gc,phases,start] GC(175) Post Compact
[22.191s][info][gc,phases      ] GC(175) Post Compact 0.957ms
[22.191s][info][gc,heap        ] GC(175) PSYoungGen: 17920K(64512K)->17920K(65024K) Eden: 17920K(17920K)->17920K(17920K) From: 0K(46592K)->0K(47104K)
[22.191s][info][gc,heap        ] GC(175) ParOldGen: 682900K(683008K)->682900K(683008K)
[22.191s][info][gc,metaspace   ] GC(175) Metaspace: 6302K(6464K)->6302K(6464K) NonClass: 5768K(5824K)->5768K(5824K) Class: 533K(640K)->533K(640K)
[22.191s][info][gc             ] GC(175) Pause Full (Ergonomics) 684M->684M(730M) 217.499ms
[22.191s][info][gc,cpu         ] GC(175) User=1.25s Sys=0.00s Real=0.22s
[22.191s][info][gc,start       ] GC(176) Pause Full (Ergonomics)
[22.191s][info][gc,phases,start] GC(176) Marking Phase
[22.363s][info][gc,phases      ] GC(176) Marking Phase 172.015ms
[22.363s][info][gc,phases,start] GC(176) Summary Phase
[22.363s][info][gc,phases      ] GC(176) Summary Phase 0.021ms
[22.363s][info][gc,phases,start] GC(176) Adjust Roots
[22.364s][info][gc,phases      ] GC(176) Adjust Roots 0.185ms
[22.364s][info][gc,phases,start] GC(176) Compaction Phase
[22.409s][info][gc,phases      ] GC(176) Compaction Phase 45.191ms
[22.409s][info][gc,phases,start] GC(176) Post Compact
[22.410s][info][gc,phases      ] GC(176) Post Compact 0.962ms
[22.410s][info][gc,heap        ] GC(176) PSYoungGen: 17920K(65024K)->17920K(64512K) Eden: 17920K(17920K)->17920K(17920K) From: 0K(47104K)->0K(46592K)
[22.410s][info][gc,heap        ] GC(176) ParOldGen: 682905K(683008K)->682905K(683008K)
[22.410s][info][gc,metaspace   ] GC(176) Metaspace: 6302K(6464K)->6302K(6464K) NonClass: 5768K(5824K)->5768K(5824K) Class: 533K(640K)->533K(640K)
[22.410s][info][gc             ] GC(176) Pause Full (Ergonomics) 684M->684M(730M) 218.667ms
[22.410s][info][gc,cpu         ] GC(176) User=1.31s Sys=0.00s Real=0.22s
[22.410s][info][gc,start       ] GC(177) Pause Full (Ergonomics)
[22.410s][info][gc,phases,start] GC(177) Marking Phase
[22.587s][info][gc,phases      ] GC(177) Marking Phase 177.154ms
[22.587s][info][gc,phases,start] GC(177) Summary Phase
[22.587s][info][gc,phases      ] GC(177) Summary Phase 0.018ms
[22.587s][info][gc,phases,start] GC(177) Adjust Roots
[22.588s][info][gc,phases      ] GC(177) Adjust Roots 0.179ms
[22.588s][info][gc,phases,start] GC(177) Compaction Phase
[22.634s][info][gc,phases      ] GC(177) Compaction Phase 46.116ms
[22.634s][info][gc,phases,start] GC(177) Post Compact
[22.635s][info][gc,phases      ] GC(177) Post Compact 0.954ms
[22.635s][info][gc,heap        ] GC(177) PSYoungGen: 17920K(64512K)->17920K(65024K) Eden: 17920K(17920K)->17920K(17920K) From: 0K(46592K)->0K(47104K)
[22.635s][info][gc,heap        ] GC(177) ParOldGen: 682909K(683008K)->682909K(683008K)
[22.635s][info][gc,metaspace   ] GC(177) Metaspace: 6302K(6464K)->6302K(6464K) NonClass: 5768K(5824K)->5768K(5824K) Class: 533K(640K)->533K(640K)
[22.635s][info][gc             ] GC(177) Pause Full (Ergonomics) 684M->684M(730M) 224.801ms
[22.635s][info][gc,cpu         ] GC(177) User=1.28s Sys=0.00s Real=0.22s
[22.635s][info][gc,start       ] GC(178) Pause Full (Ergonomics)
[22.635s][info][gc,phases,start] GC(178) Marking Phase
[22.813s][info][gc,phases      ] GC(178) Marking Phase 177.368ms
[22.813s][info][gc,phases,start] GC(178) Summary Phase
[22.813s][info][gc,phases      ] GC(178) Summary Phase 0.021ms
[22.813s][info][gc,phases,start] GC(178) Adjust Roots
[22.813s][info][gc,phases      ] GC(178) Adjust Roots 0.187ms
[22.813s][info][gc,phases,start] GC(178) Compaction Phase
[22.858s][info][gc,phases      ] GC(178) Compaction Phase 44.846ms
[22.858s][info][gc,phases,start] GC(178) Post Compact
[22.859s][info][gc,phases      ] GC(178) Post Compact 0.962ms
[22.859s][info][gc,heap        ] GC(178) PSYoungGen: 17920K(65024K)->17920K(64512K) Eden: 17920K(17920K)->17920K(17920K) From: 0K(47104K)->0K(46592K)
[22.859s][info][gc,heap        ] GC(178) ParOldGen: 682914K(683008K)->682914K(683008K)
[22.859s][info][gc,metaspace   ] GC(178) Metaspace: 6302K(6464K)->6302K(6464K) NonClass: 5768K(5824K)->5768K(5824K) Class: 533K(640K)->533K(640K)
[22.859s][info][gc             ] GC(178) Pause Full (Ergonomics) 684M->684M(730M) 223.687ms
[22.859s][info][gc,cpu         ] GC(178) User=1.17s Sys=0.03s Real=0.22s
[22.859s][info][gc,start       ] GC(179) Pause Full (Ergonomics)
[22.859s][info][gc,phases,start] GC(179) Marking Phase
[23.023s][info][gc,phases      ] GC(179) Marking Phase 163.668ms
[23.023s][info][gc,phases,start] GC(179) Summary Phase
[23.023s][info][gc,phases      ] GC(179) Summary Phase 0.020ms
[23.023s][info][gc,phases,start] GC(179) Adjust Roots
[23.023s][info][gc,phases      ] GC(179) Adjust Roots 0.184ms
[23.023s][info][gc,phases,start] GC(179) Compaction Phase
[23.069s][info][gc,phases      ] GC(179) Compaction Phase 46.397ms
[23.070s][info][gc,phases,start] GC(179) Post Compact
[23.071s][info][gc,phases      ] GC(179) Post Compact 1.006ms
[23.071s][info][gc,heap        ] GC(179) PSYoungGen: 17920K(64512K)->17920K(65024K) Eden: 17920K(17920K)->17920K(17920K) From: 0K(46592K)->0K(47104K)
[23.071s][info][gc,heap        ] GC(179) ParOldGen: 682919K(683008K)->682919K(683008K)
[23.071s][info][gc,metaspace   ] GC(179) Metaspace: 6302K(6464K)->6302K(6464K) NonClass: 5768K(5824K)->5768K(5824K) Class: 533K(640K)->533K(640K)
[23.071s][info][gc             ] GC(179) Pause Full (Ergonomics) 684M->684M(730M) 211.556ms
[23.071s][info][gc,cpu         ] GC(179) User=1.16s Sys=0.00s Real=0.21s
[23.071s][info][gc,start       ] GC(180) Pause Full (Ergonomics)
[23.071s][info][gc,phases,start] GC(180) Marking Phase
[23.236s][info][gc,phases      ] GC(180) Marking Phase 165.358ms
[23.236s][info][gc,phases,start] GC(180) Summary Phase
[23.236s][info][gc,phases      ] GC(180) Summary Phase 0.036ms
[23.236s][info][gc,phases,start] GC(180) Adjust Roots
[23.237s][info][gc,phases      ] GC(180) Adjust Roots 0.183ms
[23.237s][info][gc,phases,start] GC(180) Compaction Phase
[23.282s][info][gc,phases      ] GC(180) Compaction Phase 45.389ms
[23.282s][info][gc,phases,start] GC(180) Post Compact
[23.283s][info][gc,phases      ] GC(180) Post Compact 0.956ms
[23.283s][info][gc,heap        ] GC(180) PSYoungGen: 17920K(65024K)->17920K(64512K) Eden: 17920K(17920K)->17920K(17920K) From: 0K(47104K)->0K(46592K)
[23.283s][info][gc,heap        ] GC(180) ParOldGen: 682923K(683008K)->682923K(683008K)
[23.283s][info][gc,metaspace   ] GC(180) Metaspace: 6302K(6464K)->6302K(6464K) NonClass: 5768K(5824K)->5768K(5824K) Class: 533K(640K)->533K(640K)
[23.283s][info][gc             ] GC(180) Pause Full (Ergonomics) 684M->684M(730M) 212.192ms
[23.283s][info][gc,cpu         ] GC(180) User=1.09s Sys=0.00s Real=0.21s
[23.283s][info][gc,start       ] GC(181) Pause Full (Ergonomics)
[23.283s][info][gc,phases,start] GC(181) Marking Phase
[23.447s][info][gc,phases      ] GC(181) Marking Phase 163.362ms
[23.447s][info][gc,phases,start] GC(181) Summary Phase
[23.447s][info][gc,phases      ] GC(181) Summary Phase 0.020ms
[23.447s][info][gc,phases,start] GC(181) Adjust Roots
[23.447s][info][gc,phases      ] GC(181) Adjust Roots 0.187ms
[23.447s][info][gc,phases,start] GC(181) Compaction Phase
[23.491s][info][gc,phases      ] GC(181) Compaction Phase 43.771ms
[23.491s][info][gc,phases,start] GC(181) Post Compact
[23.492s][info][gc,phases      ] GC(181) Post Compact 0.960ms
[23.492s][info][gc,heap        ] GC(181) PSYoungGen: 17920K(64512K)->17920K(65024K) Eden: 17920K(17920K)->17920K(17920K) From: 0K(46592K)->0K(47104K)
[23.492s][info][gc,heap        ] GC(181) ParOldGen: 682928K(683008K)->682928K(683008K)
[23.492s][info][gc,metaspace   ] GC(181) Metaspace: 6302K(6464K)->6302K(6464K) NonClass: 5768K(5824K)->5768K(5824K) Class: 533K(640K)->533K(640K)
[23.492s][info][gc             ] GC(181) Pause Full (Ergonomics) 684M->684M(730M) 208.565ms
[23.492s][info][gc,cpu         ] GC(181) User=1.19s Sys=0.02s Real=0.21s
[23.492s][info][gc,start       ] GC(182) Pause Full (Ergonomics)
[23.492s][info][gc,phases,start] GC(182) Marking Phase
[23.666s][info][gc,phases      ] GC(182) Marking Phase 174.385ms
[23.667s][info][gc,phases,start] GC(182) Summary Phase
[23.667s][info][gc,phases      ] GC(182) Summary Phase 0.020ms
[23.667s][info][gc,phases,start] GC(182) Adjust Roots
[23.667s][info][gc,phases      ] GC(182) Adjust Roots 0.186ms
[23.667s][info][gc,phases,start] GC(182) Compaction Phase
[23.713s][info][gc,phases      ] GC(182) Compaction Phase 45.797ms
[23.713s][info][gc,phases,start] GC(182) Post Compact
[23.714s][info][gc,phases      ] GC(182) Post Compact 1.011ms
[23.714s][info][gc,heap        ] GC(182) PSYoungGen: 17920K(65024K)->17920K(64512K) Eden: 17920K(17920K)->17920K(17920K) From: 0K(47104K)->0K(46592K)
[23.714s][info][gc,heap        ] GC(182) ParOldGen: 682933K(683008K)->682933K(683008K)
[23.714s][info][gc,metaspace   ] GC(182) Metaspace: 6302K(6464K)->6302K(6464K) NonClass: 5768K(5824K)->5768K(5824K) Class: 533K(640K)->533K(640K)
[23.714s][info][gc             ] GC(182) Pause Full (Ergonomics) 684M->684M(730M) 221.670ms
[23.714s][info][gc,cpu         ] GC(182) User=1.16s Sys=0.00s Real=0.22s
[23.714s][info][gc,start       ] GC(183) Pause Full (Ergonomics)
[23.714s][info][gc,phases,start] GC(183) Marking Phase
[23.876s][info][gc,phases      ] GC(183) Marking Phase 162.359ms
[23.876s][info][gc,phases,start] GC(183) Summary Phase
[23.876s][info][gc,phases      ] GC(183) Summary Phase 0.021ms
[23.876s][info][gc,phases,start] GC(183) Adjust Roots
[23.877s][info][gc,phases      ] GC(183) Adjust Roots 0.183ms
[23.877s][info][gc,phases,start] GC(183) Compaction Phase
[23.922s][info][gc,phases      ] GC(183) Compaction Phase 45.704ms
[23.922s][info][gc,phases,start] GC(183) Post Compact
[23.923s][info][gc,phases      ] GC(183) Post Compact 0.957ms
[23.923s][info][gc,heap        ] GC(183) PSYoungGen: 17920K(64512K)->17920K(65024K) Eden: 17920K(17920K)->17920K(17920K) From: 0K(46592K)->0K(47104K)
[23.923s][info][gc,heap        ] GC(183) ParOldGen: 682937K(683008K)->682937K(683008K)
[23.923s][info][gc,metaspace   ] GC(183) Metaspace: 6302K(6464K)->6302K(6464K) NonClass: 5768K(5824K)->5768K(5824K) Class: 533K(640K)->533K(640K)
[23.923s][info][gc             ] GC(183) Pause Full (Ergonomics) 684M->684M(730M) 209.501ms
[23.923s][info][gc,cpu         ] GC(183) User=1.09s Sys=0.02s Real=0.21s
[23.924s][info][gc,start       ] GC(184) Pause Full (Ergonomics)
[23.924s][info][gc,phases,start] GC(184) Marking Phase
[24.094s][info][gc,phases      ] GC(184) Marking Phase 170.191ms
[24.094s][info][gc,phases,start] GC(184) Summary Phase
[24.094s][info][gc,phases      ] GC(184) Summary Phase 0.021ms
[24.094s][info][gc,phases,start] GC(184) Adjust Roots
[24.094s][info][gc,phases      ] GC(184) Adjust Roots 0.197ms
[24.094s][info][gc,phases,start] GC(184) Compaction Phase
[24.146s][info][gc,phases      ] GC(184) Compaction Phase 51.652ms
[24.146s][info][gc,phases,start] GC(184) Post Compact
[24.147s][info][gc,phases      ] GC(184) Post Compact 1.020ms
[24.147s][info][gc,heap        ] GC(184) PSYoungGen: 17920K(65024K)->17920K(64512K) Eden: 17920K(17920K)->17920K(17920K) From: 0K(47104K)->0K(46592K)
[24.147s][info][gc,heap        ] GC(184) ParOldGen: 682942K(683008K)->682942K(683008K)
[24.147s][info][gc,metaspace   ] GC(184) Metaspace: 6302K(6464K)->6302K(6464K) NonClass: 5768K(5824K)->5768K(5824K) Class: 533K(640K)->533K(640K)
[24.147s][info][gc             ] GC(184) Pause Full (Ergonomics) 684M->684M(730M) 223.397ms
[24.147s][info][gc,cpu         ] GC(184) User=1.17s Sys=0.00s Real=0.22s
[24.147s][info][gc,start       ] GC(185) Pause Full (Ergonomics)
[24.147s][info][gc,phases,start] GC(185) Marking Phase
[24.327s][info][gc,phases      ] GC(185) Marking Phase 180.024ms
[24.327s][info][gc,phases,start] GC(185) Summary Phase
[24.327s][info][gc,phases      ] GC(185) Summary Phase 0.021ms
[24.327s][info][gc,phases,start] GC(185) Adjust Roots
[24.328s][info][gc,phases      ] GC(185) Adjust Roots 0.185ms
[24.328s][info][gc,phases,start] GC(185) Compaction Phase
[24.377s][info][gc,phases      ] GC(185) Compaction Phase 48.982ms
[24.377s][info][gc,phases,start] GC(185) Post Compact
[24.378s][info][gc,phases      ] GC(185) Post Compact 1.066ms
[24.378s][info][gc,heap        ] GC(185) PSYoungGen: 17920K(64512K)->17920K(65024K) Eden: 17920K(17920K)->17920K(17920K) From: 0K(46592K)->0K(47104K)
[24.378s][info][gc,heap        ] GC(185) ParOldGen: 682947K(683008K)->682947K(683008K)
[24.378s][info][gc,metaspace   ] GC(185) Metaspace: 6302K(6464K)->6302K(6464K) NonClass: 5768K(5824K)->5768K(5824K) Class: 533K(640K)->533K(640K)
[24.378s][info][gc             ] GC(185) Pause Full (Ergonomics) 684M->684M(730M) 230.556ms
[24.378s][info][gc,cpu         ] GC(185) User=1.22s Sys=0.02s Real=0.23s
[24.378s][info][gc,start       ] GC(186) Pause Full (Ergonomics)
[24.378s][info][gc,phases,start] GC(186) Marking Phase
[24.548s][info][gc,phases      ] GC(186) Marking Phase 169.384ms
[24.548s][info][gc,phases,start] GC(186) Summary Phase
[24.548s][info][gc,phases      ] GC(186) Summary Phase 0.022ms
[24.548s][info][gc,phases,start] GC(186) Adjust Roots
[24.548s][info][gc,phases      ] GC(186) Adjust Roots 0.185ms
[24.548s][info][gc,phases,start] GC(186) Compaction Phase
[24.595s][info][gc,phases      ] GC(186) Compaction Phase 46.651ms
[24.595s][info][gc,phases,start] GC(186) Post Compact
[24.596s][info][gc,phases      ] GC(186) Post Compact 0.962ms
[24.596s][info][gc,heap        ] GC(186) PSYoungGen: 17920K(65024K)->17920K(64512K) Eden: 17920K(17920K)->17920K(17920K) From: 0K(47104K)->0K(46592K)
[24.596s][info][gc,heap        ] GC(186) ParOldGen: 682951K(683008K)->682951K(683008K)
[24.596s][info][gc,metaspace   ] GC(186) Metaspace: 6302K(6464K)->6302K(6464K) NonClass: 5768K(5824K)->5768K(5824K) Class: 533K(640K)->533K(640K)
[24.596s][info][gc             ] GC(186) Pause Full (Ergonomics) 684M->684M(730M) 217.484ms
[24.596s][info][gc,cpu         ] GC(186) User=1.19s Sys=0.03s Real=0.22s
[24.596s][info][gc,start       ] GC(187) Pause Full (Ergonomics)
[24.596s][info][gc,phases,start] GC(187) Marking Phase
[24.769s][info][gc,phases      ] GC(187) Marking Phase 173.258ms
[24.769s][info][gc,phases,start] GC(187) Summary Phase
[24.769s][info][gc,phases      ] GC(187) Summary Phase 0.021ms
[24.769s][info][gc,phases,start] GC(187) Adjust Roots
[24.769s][info][gc,phases      ] GC(187) Adjust Roots 0.185ms
[24.769s][info][gc,phases,start] GC(187) Compaction Phase
[24.815s][info][gc,phases      ] GC(187) Compaction Phase 45.090ms
[24.815s][info][gc,phases,start] GC(187) Post Compact
[24.816s][info][gc,phases      ] GC(187) Post Compact 0.961ms
[24.816s][info][gc,heap        ] GC(187) PSYoungGen: 17920K(64512K)->17920K(65024K) Eden: 17920K(17920K)->17920K(17920K) From: 0K(46592K)->0K(47104K)
[24.816s][info][gc,heap        ] GC(187) ParOldGen: 682956K(683008K)->682956K(683008K)
[24.816s][info][gc,metaspace   ] GC(187) Metaspace: 6302K(6464K)->6302K(6464K) NonClass: 5768K(5824K)->5768K(5824K) Class: 533K(640K)->533K(640K)
[24.816s][info][gc             ] GC(187) Pause Full (Ergonomics) 684M->684M(730M) 219.785ms
[24.816s][info][gc,cpu         ] GC(187) User=1.17s Sys=0.02s Real=0.22s
[24.816s][info][gc,start       ] GC(188) Pause Full (Ergonomics)
[24.816s][info][gc,phases,start] GC(188) Marking Phase
[24.987s][info][gc,phases      ] GC(188) Marking Phase 171.181ms
[24.987s][info][gc,phases,start] GC(188) Summary Phase
[24.987s][info][gc,phases      ] GC(188) Summary Phase 0.021ms
[24.987s][info][gc,phases,start] GC(188) Adjust Roots
[24.987s][info][gc,phases      ] GC(188) Adjust Roots 0.185ms
[24.987s][info][gc,phases,start] GC(188) Compaction Phase
[25.033s][info][gc,phases      ] GC(188) Compaction Phase 46.108ms
[25.034s][info][gc,phases,start] GC(188) Post Compact
[25.035s][info][gc,phases      ] GC(188) Post Compact 0.986ms
[25.035s][info][gc,heap        ] GC(188) PSYoungGen: 17920K(65024K)->17920K(64512K) Eden: 17920K(17920K)->17920K(17920K) From: 0K(47104K)->0K(46592K)
[25.035s][info][gc,heap        ] GC(188) ParOldGen: 682961K(683008K)->682961K(683008K)
[25.035s][info][gc,metaspace   ] GC(188) Metaspace: 6302K(6464K)->6302K(6464K) NonClass: 5768K(5824K)->5768K(5824K) Class: 533K(640K)->533K(640K)
[25.035s][info][gc             ] GC(188) Pause Full (Ergonomics) 684M->684M(730M) 218.758ms
[25.035s][info][gc,cpu         ] GC(188) User=1.23s Sys=0.03s Real=0.22s
[25.035s][info][gc,start       ] GC(189) Pause Full (Ergonomics)
[25.035s][info][gc,phases,start] GC(189) Marking Phase
[25.207s][info][gc,phases      ] GC(189) Marking Phase 172.341ms
[25.207s][info][gc,phases,start] GC(189) Summary Phase
[25.207s][info][gc,phases      ] GC(189) Summary Phase 0.020ms
[25.207s][info][gc,phases,start] GC(189) Adjust Roots
[25.207s][info][gc,phases      ] GC(189) Adjust Roots 0.189ms
[25.208s][info][gc,phases,start] GC(189) Compaction Phase
[25.255s][info][gc,phases      ] GC(189) Compaction Phase 47.922ms
[25.256s][info][gc,phases,start] GC(189) Post Compact
[25.256s][info][gc,phases      ] GC(189) Post Compact 0.945ms
[25.257s][info][gc,heap        ] GC(189) PSYoungGen: 17920K(64512K)->17920K(65024K) Eden: 17920K(17920K)->17920K(17920K) From: 0K(46592K)->0K(47104K)
[25.257s][info][gc,heap        ] GC(189) ParOldGen: 682965K(683008K)->682965K(683008K)
[25.257s][info][gc,metaspace   ] GC(189) Metaspace: 6302K(6464K)->6302K(6464K) NonClass: 5768K(5824K)->5768K(5824K) Class: 533K(640K)->533K(640K)
[25.257s][info][gc             ] GC(189) Pause Full (Ergonomics) 684M->684M(730M) 221.740ms
[25.257s][info][gc,cpu         ] GC(189) User=1.33s Sys=0.00s Real=0.22s
[25.257s][info][gc,start       ] GC(190) Pause Full (Ergonomics)
[25.257s][info][gc,phases,start] GC(190) Marking Phase
[25.432s][info][gc,phases      ] GC(190) Marking Phase 174.992ms
[25.432s][info][gc,phases,start] GC(190) Summary Phase
[25.432s][info][gc,phases      ] GC(190) Summary Phase 0.021ms
[25.432s][info][gc,phases,start] GC(190) Adjust Roots
[25.432s][info][gc,phases      ] GC(190) Adjust Roots 0.189ms
[25.432s][info][gc,phases,start] GC(190) Compaction Phase
[25.479s][info][gc,phases      ] GC(190) Compaction Phase 46.734ms
[25.479s][info][gc,phases,start] GC(190) Post Compact
[25.480s][info][gc,phases      ] GC(190) Post Compact 0.960ms
[25.480s][info][gc,heap        ] GC(190) PSYoungGen: 17920K(65024K)->17920K(64512K) Eden: 17920K(17920K)->17920K(17920K) From: 0K(47104K)->0K(46592K)
[25.480s][info][gc,heap        ] GC(190) ParOldGen: 682970K(683008K)->682970K(683008K)
[25.480s][info][gc,metaspace   ] GC(190) Metaspace: 6302K(6464K)->6302K(6464K) NonClass: 5768K(5824K)->5768K(5824K) Class: 533K(640K)->533K(640K)
[25.480s][info][gc             ] GC(190) Pause Full (Ergonomics) 684M->684M(730M) 223.172ms
[25.480s][info][gc,cpu         ] GC(190) User=1.16s Sys=0.00s Real=0.22s
[25.480s][info][gc,start       ] GC(191) Pause Full (Ergonomics)
[25.480s][info][gc,phases,start] GC(191) Marking Phase
[25.661s][info][gc,phases      ] GC(191) Marking Phase 180.800ms
[25.661s][info][gc,phases,start] GC(191) Summary Phase
[25.661s][info][gc,phases      ] GC(191) Summary Phase 0.021ms
[25.661s][info][gc,phases,start] GC(191) Adjust Roots
[25.661s][info][gc,phases      ] GC(191) Adjust Roots 0.182ms
[25.661s][info][gc,phases,start] GC(191) Compaction Phase
[25.706s][info][gc,phases      ] GC(191) Compaction Phase 44.720ms
[25.706s][info][gc,phases,start] GC(191) Post Compact
[25.707s][info][gc,phases      ] GC(191) Post Compact 1.041ms
[25.707s][info][gc,heap        ] GC(191) PSYoungGen: 17920K(64512K)->17920K(65024K) Eden: 17920K(17920K)->17920K(17920K) From: 0K(46592K)->0K(47104K)
[25.707s][info][gc,heap        ] GC(191) ParOldGen: 682975K(683008K)->682975K(683008K)
[25.707s][info][gc,metaspace   ] GC(191) Metaspace: 6302K(6464K)->6302K(6464K) NonClass: 5768K(5824K)->5768K(5824K) Class: 533K(640K)->533K(640K)
[25.707s][info][gc             ] GC(191) Pause Full (Ergonomics) 684M->684M(730M) 227.043ms
[25.707s][info][gc,cpu         ] GC(191) User=1.19s Sys=0.00s Real=0.23s
[25.707s][info][gc,start       ] GC(192) Pause Full (Ergonomics)
[25.708s][info][gc,phases,start] GC(192) Marking Phase
[25.870s][info][gc,phases      ] GC(192) Marking Phase 162.349ms
[25.870s][info][gc,phases,start] GC(192) Summary Phase
[25.870s][info][gc,phases      ] GC(192) Summary Phase 0.021ms
[25.870s][info][gc,phases,start] GC(192) Adjust Roots
[25.870s][info][gc,phases      ] GC(192) Adjust Roots 0.215ms
[25.870s][info][gc,phases,start] GC(192) Compaction Phase
[25.917s][info][gc,phases      ] GC(192) Compaction Phase 46.724ms
[25.917s][info][gc,phases,start] GC(192) Post Compact
[25.918s][info][gc,phases      ] GC(192) Post Compact 0.957ms
[25.918s][info][gc,heap        ] GC(192) PSYoungGen: 17920K(65024K)->17920K(64512K) Eden: 17920K(17920K)->17920K(17920K) From: 0K(47104K)->0K(46592K)
[25.918s][info][gc,heap        ] GC(192) ParOldGen: 682979K(683008K)->682979K(683008K)
[25.918s][info][gc,metaspace   ] GC(192) Metaspace: 6302K(6464K)->6302K(6464K) NonClass: 5768K(5824K)->5768K(5824K) Class: 533K(640K)->533K(640K)
[25.918s][info][gc             ] GC(192) Pause Full (Ergonomics) 684M->684M(730M) 210.542ms
[25.918s][info][gc,cpu         ] GC(192) User=1.14s Sys=0.00s Real=0.21s
[25.918s][info][gc,start       ] GC(193) Pause Full (Ergonomics)
[25.918s][info][gc,phases,start] GC(193) Marking Phase
[26.093s][info][gc,phases      ] GC(193) Marking Phase 174.507ms
[26.093s][info][gc,phases,start] GC(193) Summary Phase
[26.093s][info][gc,phases      ] GC(193) Summary Phase 0.021ms
[26.093s][info][gc,phases,start] GC(193) Adjust Roots
[26.093s][info][gc,phases      ] GC(193) Adjust Roots 0.185ms
[26.093s][info][gc,phases,start] GC(193) Compaction Phase
[26.139s][info][gc,phases      ] GC(193) Compaction Phase 45.447ms
[26.139s][info][gc,phases,start] GC(193) Post Compact
[26.140s][info][gc,phases      ] GC(193) Post Compact 0.963ms
[26.140s][info][gc,heap        ] GC(193) PSYoungGen: 17920K(64512K)->17920K(65024K) Eden: 17920K(17920K)->17920K(17920K) From: 0K(46592K)->0K(47104K)
[26.140s][info][gc,heap        ] GC(193) ParOldGen: 682984K(683008K)->682984K(683008K)
[26.140s][info][gc,metaspace   ] GC(193) Metaspace: 6302K(6464K)->6302K(6464K) NonClass: 5768K(5824K)->5768K(5824K) Class: 533K(640K)->533K(640K)
[26.140s][info][gc             ] GC(193) Pause Full (Ergonomics) 684M->684M(730M) 221.400ms
[26.140s][info][gc,cpu         ] GC(193) User=1.14s Sys=0.00s Real=0.22s
[26.140s][info][gc,start       ] GC(194) Pause Full (Ergonomics)
[26.140s][info][gc,phases,start] GC(194) Marking Phase
[26.306s][info][gc,phases      ] GC(194) Marking Phase 166.069ms
[26.306s][info][gc,phases,start] GC(194) Summary Phase
[26.306s][info][gc,phases      ] GC(194) Summary Phase 0.021ms
[26.306s][info][gc,phases,start] GC(194) Adjust Roots
[26.306s][info][gc,phases      ] GC(194) Adjust Roots 0.186ms
[26.306s][info][gc,phases,start] GC(194) Compaction Phase
[26.353s][info][gc,phases      ] GC(194) Compaction Phase 46.511ms
[26.353s][info][gc,phases,start] GC(194) Post Compact
[26.354s][info][gc,phases      ] GC(194) Post Compact 0.954ms
[26.354s][info][gc,heap        ] GC(194) PSYoungGen: 17920K(65024K)->17920K(64512K) Eden: 17920K(17920K)->17920K(17920K) From: 0K(47104K)->0K(46592K)
[26.354s][info][gc,heap        ] GC(194) ParOldGen: 682989K(683008K)->682989K(683008K)
[26.354s][info][gc,metaspace   ] GC(194) Metaspace: 6302K(6464K)->6302K(6464K) NonClass: 5768K(5824K)->5768K(5824K) Class: 533K(640K)->533K(640K)
[26.354s][info][gc             ] GC(194) Pause Full (Ergonomics) 684M->684M(730M) 214.006ms
[26.354s][info][gc,cpu         ] GC(194) User=1.11s Sys=0.00s Real=0.21s
[26.354s][info][gc,start       ] GC(195) Pause Full (Ergonomics)
[26.354s][info][gc,phases,start] GC(195) Marking Phase
[26.514s][info][gc,phases      ] GC(195) Marking Phase 159.943ms
[26.514s][info][gc,phases,start] GC(195) Summary Phase
[26.514s][info][gc,phases      ] GC(195) Summary Phase 0.021ms
[26.514s][info][gc,phases,start] GC(195) Adjust Roots
[26.514s][info][gc,phases      ] GC(195) Adjust Roots 0.184ms
[26.514s][info][gc,phases,start] GC(195) Compaction Phase
[26.560s][info][gc,phases      ] GC(195) Compaction Phase 45.773ms
[26.560s][info][gc,phases,start] GC(195) Post Compact
[26.561s][info][gc,phases      ] GC(195) Post Compact 0.960ms
[26.561s][info][gc,heap        ] GC(195) PSYoungGen: 17920K(64512K)->17920K(65024K) Eden: 17920K(17920K)->17920K(17920K) From: 0K(46592K)->0K(47104K)
[26.561s][info][gc,heap        ] GC(195) ParOldGen: 682993K(683008K)->682993K(683008K)
[26.561s][info][gc,metaspace   ] GC(195) Metaspace: 6302K(6464K)->6302K(6464K) NonClass: 5768K(5824K)->5768K(5824K) Class: 533K(640K)->533K(640K)
[26.561s][info][gc             ] GC(195) Pause Full (Ergonomics) 684M->684M(730M) 207.162ms
[26.561s][info][gc,cpu         ] GC(195) User=1.02s Sys=0.02s Real=0.21s
[26.562s][info][gc,start       ] GC(196) Pause Full (Ergonomics)
[26.562s][info][gc,phases,start] GC(196) Marking Phase
[26.727s][info][gc,phases      ] GC(196) Marking Phase 165.242ms
[26.727s][info][gc,phases,start] GC(196) Summary Phase
[26.727s][info][gc,phases      ] GC(196) Summary Phase 0.021ms
[26.727s][info][gc,phases,start] GC(196) Adjust Roots
[26.727s][info][gc,phases      ] GC(196) Adjust Roots 0.180ms
[26.727s][info][gc,phases,start] GC(196) Compaction Phase
[26.775s][info][gc,phases      ] GC(196) Compaction Phase 47.542ms
[26.775s][info][gc,phases,start] GC(196) Post Compact
[26.776s][info][gc,phases      ] GC(196) Post Compact 0.980ms
[26.776s][info][gc,heap        ] GC(196) PSYoungGen: 17920K(65024K)->17920K(64512K) Eden: 17920K(17920K)->17920K(17920K) From: 0K(47104K)->0K(46592K)
[26.776s][info][gc,heap        ] GC(196) ParOldGen: 682998K(683008K)->682998K(683008K)
[26.776s][info][gc,metaspace   ] GC(196) Metaspace: 6302K(6464K)->6302K(6464K) NonClass: 5768K(5824K)->5768K(5824K) Class: 533K(640K)->533K(640K)
[26.776s][info][gc             ] GC(196) Pause Full (Ergonomics) 684M->684M(730M) 214.243ms
[26.776s][info][gc,cpu         ] GC(196) User=1.06s Sys=0.05s Real=0.21s
[26.776s][info][gc,start       ] GC(197) Pause Full (Ergonomics)
[26.776s][info][gc,phases,start] GC(197) Marking Phase
[26.943s][info][gc,phases      ] GC(197) Marking Phase 167.172ms
[26.943s][info][gc,phases,start] GC(197) Summary Phase
[26.943s][info][gc,phases      ] GC(197) Summary Phase 0.021ms
[26.943s][info][gc,phases,start] GC(197) Adjust Roots
[26.943s][info][gc,phases      ] GC(197) Adjust Roots 0.188ms
[26.943s][info][gc,phases,start] GC(197) Compaction Phase
[26.990s][info][gc,phases      ] GC(197) Compaction Phase 46.403ms
[26.990s][info][gc,phases,start] GC(197) Post Compact
[26.991s][info][gc,phases      ] GC(197) Post Compact 0.957ms
[26.991s][info][gc,heap        ] GC(197) PSYoungGen: 17920K(64512K)->17920K(65024K) Eden: 17920K(17920K)->17920K(17920K) From: 0K(46592K)->0K(47104K)
[26.991s][info][gc,heap        ] GC(197) ParOldGen: 683003K(683008K)->683003K(683008K)
[26.991s][info][gc,metaspace   ] GC(197) Metaspace: 6302K(6464K)->6302K(6464K) NonClass: 5768K(5824K)->5768K(5824K) Class: 533K(640K)->533K(640K)
[26.991s][info][gc             ] GC(197) Pause Full (Ergonomics) 684M->684M(730M) 215.017ms
[26.991s][info][gc,cpu         ] GC(197) User=1.12s Sys=0.00s Real=0.22s
[26.991s][info][gc,start       ] GC(198) Pause Full (Ergonomics)
[26.991s][info][gc,phases,start] GC(198) Marking Phase
[27.158s][info][gc,phases      ] GC(198) Marking Phase 166.537ms
[27.158s][info][gc,phases,start] GC(198) Summary Phase
[27.158s][info][gc,phases      ] GC(198) Summary Phase 0.021ms
[27.158s][info][gc,phases,start] GC(198) Adjust Roots
[27.158s][info][gc,phases      ] GC(198) Adjust Roots 0.181ms
[27.158s][info][gc,phases,start] GC(198) Compaction Phase
[27.207s][info][gc,phases      ] GC(198) Compaction Phase 49.376ms
[27.208s][info][gc,phases,start] GC(198) Post Compact
[27.208s][info][gc,phases      ] GC(198) Post Compact 0.941ms
[27.209s][info][gc,heap        ] GC(198) PSYoungGen: 17920K(65024K)->17920K(64512K) Eden: 17920K(17920K)->17920K(17920K) From: 0K(47104K)->0K(46592K)
[27.209s][info][gc,heap        ] GC(198) ParOldGen: 683007K(683008K)->683007K(683008K)
[27.209s][info][gc,metaspace   ] GC(198) Metaspace: 6302K(6464K)->6302K(6464K) NonClass: 5768K(5824K)->5768K(5824K) Class: 533K(640K)->533K(640K)
[27.209s][info][gc             ] GC(198) Pause Full (Ergonomics) 684M->684M(730M) 217.322ms
[27.209s][info][gc,cpu         ] GC(198) User=1.11s Sys=0.00s Real=0.22s
[27.209s][info][gc,start       ] GC(199) Pause Full (Ergonomics)
[27.209s][info][gc,phases,start] GC(199) Marking Phase
[27.385s][info][gc,phases      ] GC(199) Marking Phase 175.760ms
[27.385s][info][gc,phases,start] GC(199) Summary Phase
[27.385s][info][gc,phases      ] GC(199) Summary Phase 0.020ms
[27.385s][info][gc,phases,start] GC(199) Adjust Roots
[27.385s][info][gc,phases      ] GC(199) Adjust Roots 0.189ms
[27.385s][info][gc,phases,start] GC(199) Compaction Phase
[27.431s][info][gc,phases      ] GC(199) Compaction Phase 46.540ms
[27.431s][info][gc,phases,start] GC(199) Post Compact
[27.432s][info][gc,phases      ] GC(199) Post Compact 1.026ms
[27.433s][info][gc,heap        ] GC(199) PSYoungGen: 17920K(64512K)->17920K(65024K) Eden: 17920K(17920K)->17920K(17920K) From: 0K(46592K)->0K(47104K)
[27.433s][info][gc,heap        ] GC(199) ParOldGen: 683008K(683008K)->683008K(683008K)
[27.433s][info][gc,metaspace   ] GC(199) Metaspace: 6302K(6464K)->6302K(6464K) NonClass: 5768K(5824K)->5768K(5824K) Class: 533K(640K)->533K(640K)
[27.433s][info][gc             ] GC(199) Pause Full (Ergonomics) 684M->684M(730M) 223.824ms
[27.433s][info][gc,cpu         ] GC(199) User=1.12s Sys=0.00s Real=0.22s
[27.433s][info][gc,start       ] GC(200) Pause Full (Allocation Failure)
[27.433s][info][gc,phases,start] GC(200) Marking Phase
[27.598s][info][gc,phases      ] GC(200) Marking Phase 165.758ms
[27.598s][info][gc,phases,start] GC(200) Summary Phase
[27.598s][info][gc,phases      ] GC(200) Summary Phase 0.021ms
[27.599s][info][gc,phases,start] GC(200) Adjust Roots
[27.599s][info][gc,phases      ] GC(200) Adjust Roots 0.346ms
[27.599s][info][gc,phases,start] GC(200) Compaction Phase
[27.760s][info][gc,phases      ] GC(200) Compaction Phase 160.909ms
[27.760s][info][gc,phases,start] GC(200) Post Compact
[27.761s][info][gc,phases      ] GC(200) Post Compact 1.277ms
[27.761s][info][gc,heap        ] GC(200) PSYoungGen: 17920K(65024K)->17920K(64512K) Eden: 17920K(17920K)->17920K(17920K) From: 0K(47104K)->0K(46592K)
[27.761s][info][gc,heap        ] GC(200) ParOldGen: 683008K(683008K)->683003K(683008K)
[27.761s][info][gc,metaspace   ] GC(200) Metaspace: 6302K(6464K)->6300K(6464K) NonClass: 5768K(5824K)->5767K(5824K) Class: 533K(640K)->532K(640K)
[27.761s][info][gc             ] GC(200) Pause Full (Allocation Failure) 684M->684M(730M) 328.600ms
[27.761s][info][gc,cpu         ] GC(200) User=1.75s Sys=0.02s Real=0.33s
[27.762s][info][gc,start       ] GC(201) Pause Full (Ergonomics)
[27.762s][info][gc,phases,start] GC(201) Marking Phase
[27.934s][info][gc,phases      ] GC(201) Marking Phase 171.935ms
[27.934s][info][gc,phases,start] GC(201) Summary Phase
[27.934s][info][gc,phases      ] GC(201) Summary Phase 0.020ms
[27.934s][info][gc,phases,start] GC(201) Adjust Roots
[27.934s][info][gc,phases      ] GC(201) Adjust Roots 0.179ms
[27.934s][info][gc,phases,start] GC(201) Compaction Phase
[27.978s][info][gc,phases      ] GC(201) Compaction Phase 44.202ms
[27.978s][info][gc,phases,start] GC(201) Post Compact
[27.979s][info][gc,phases      ] GC(201) Post Compact 0.977ms
[27.979s][info][gc,heap        ] GC(201) PSYoungGen: 17920K(64512K)->17920K(65024K) Eden: 17920K(17920K)->17920K(17920K) From: 0K(46592K)->0K(47104K)
[27.979s][info][gc,heap        ] GC(201) ParOldGen: 683007K(683008K)->683007K(683008K)
[27.979s][info][gc,metaspace   ] GC(201) Metaspace: 6300K(6464K)->6300K(6464K) NonClass: 5767K(5824K)->5767K(5824K) Class: 532K(640K)->532K(640K)
[27.979s][info][gc             ] GC(201) Pause Full (Ergonomics) 684M->684M(730M) 217.590ms
[27.979s][info][gc,cpu         ] GC(201) User=1.16s Sys=0.00s Real=0.22s
[27.979s][info][gc,start       ] GC(202) Pause Full (Allocation Failure)
[27.979s][info][gc,phases,start] GC(202) Marking Phase
[28.153s][info][gc,phases      ] GC(202) Marking Phase 173.750ms
[28.153s][info][gc,phases,start] GC(202) Summary Phase
[28.153s][info][gc,phases      ] GC(202) Summary Phase 0.021ms
[28.153s][info][gc,phases,start] GC(202) Adjust Roots
[28.153s][info][gc,phases      ] GC(202) Adjust Roots 0.193ms
[28.153s][info][gc,phases,start] GC(202) Compaction Phase
[28.197s][info][gc,phases      ] GC(202) Compaction Phase 43.698ms
[28.197s][info][gc,phases,start] GC(202) Post Compact
[28.198s][info][gc,phases      ] GC(202) Post Compact 0.953ms
[28.198s][info][gc,heap        ] GC(202) PSYoungGen: 17920K(65024K)->17920K(64512K) Eden: 17920K(17920K)->17920K(17920K) From: 0K(47104K)->0K(46592K)
[28.198s][info][gc,heap        ] GC(202) ParOldGen: 683007K(683008K)->683007K(683008K)
[28.198s][info][gc,metaspace   ] GC(202) Metaspace: 6300K(6464K)->6300K(6464K) NonClass: 5767K(5824K)->5767K(5824K) Class: 532K(640K)->532K(640K)
[28.198s][info][gc             ] GC(202) Pause Full (Allocation Failure) 684M->684M(730M) 218.878ms
[28.198s][info][gc,cpu         ] GC(202) User=1.16s Sys=0.00s Real=0.22s
[28.199s][info][gc,start       ] GC(203) Pause Full (Ergonomics)
[28.199s][info][gc,phases,start] GC(203) Marking Phase
[28.365s][info][gc,phases      ] GC(203) Marking Phase 166.651ms
[28.366s][info][gc,phases,start] GC(203) Summary Phase
[28.366s][info][gc,phases      ] GC(203) Summary Phase 0.020ms
[28.366s][info][gc,phases,start] GC(203) Adjust Roots
[28.366s][info][gc,phases      ] GC(203) Adjust Roots 0.311ms
[28.366s][info][gc,phases,start] GC(203) Compaction Phase
[28.528s][info][gc,phases      ] GC(203) Compaction Phase 161.849ms
[28.528s][info][gc,phases,start] GC(203) Post Compact
[28.529s][info][gc,phases      ] GC(203) Post Compact 1.268ms
[28.529s][info][gc,heap        ] GC(203) PSYoungGen: 17920K(64512K)->17920K(65024K) Eden: 17920K(17920K)->17920K(17920K) From: 0K(46592K)->0K(47104K)
[28.529s][info][gc,heap        ] GC(203) ParOldGen: 683007K(683008K)->683006K(683008K)
[28.529s][info][gc,metaspace   ] GC(203) Metaspace: 6300K(6464K)->6300K(6464K) NonClass: 5767K(5824K)->5767K(5824K) Class: 532K(640K)->532K(640K)
[28.529s][info][gc             ] GC(203) Pause Full (Ergonomics) 684M->684M(730M) 330.483ms
[28.529s][info][gc,cpu         ] GC(203) User=1.77s Sys=0.00s Real=0.33s
[28.531s][info][gc,start       ] GC(204) Pause Full (Ergonomics)
[28.531s][info][gc,phases,start] GC(204) Marking Phase
[28.699s][info][gc,phases      ] GC(204) Marking Phase 168.464ms
[28.699s][info][gc,phases,start] GC(204) Summary Phase
[28.699s][info][gc,phases      ] GC(204) Summary Phase 0.030ms
[28.699s][info][gc,phases,start] GC(204) Adjust Roots
[28.699s][info][gc,phases      ] GC(204) Adjust Roots 0.275ms
[28.699s][info][gc,phases,start] GC(204) Compaction Phase
[28.862s][info][gc,phases      ] GC(204) Compaction Phase 162.393ms
[28.862s][info][gc,phases,start] GC(204) Post Compact
[28.863s][info][gc,phases      ] GC(204) Post Compact 1.462ms
[28.864s][info][gc,heap        ] GC(204) PSYoungGen: 17920K(65024K)->17920K(64512K) Eden: 17920K(17920K)->17920K(17920K) From: 0K(47104K)->0K(46592K)
[28.864s][info][gc,heap        ] GC(204) ParOldGen: 683007K(683008K)->683005K(683008K)
[28.864s][info][gc,metaspace   ] GC(204) Metaspace: 6301K(6464K)->6301K(6464K) NonClass: 5767K(5824K)->5767K(5824K) Class: 533K(640K)->533K(640K)
[28.864s][info][gc             ] GC(204) Pause Full (Ergonomics) 684M->684M(730M) 332.988ms
[28.864s][info][gc,cpu         ] GC(204) User=1.72s Sys=0.05s Real=0.33s
[28.864s][info][gc,heap,exit   ] Heap
[28.864s][info][gc,heap,exit   ]  PSYoungGen      total 64512K, used 17920K [0x00000000eb300000, 0x00000000f2200000, 0x0000000100000000)
[28.864s][info][gc,heap,exit   ]   eden space 17920K, 100% used [0x00000000eb300000,0x00000000ec480000,0x00000000ec480000)
[28.864s][info][gc,heap,exit   ]   from space 46592K, 0% used [0x00000000ef300000,0x00000000ef300000,0x00000000f2080000)
[28.864s][info][gc,heap,exit   ]   to   space 47104K, 0% used [0x00000000ec480000,0x00000000ec480000,0x00000000ef280000)
[28.864s][info][gc,heap,exit   ]  ParOldGen       total 683008K, used 683005K [0x00000000c1800000, 0x00000000eb300000, 0x00000000eb300000)
[28.864s][info][gc,heap,exit   ]   object space 683008K, 99% used [0x00000000c1800000,0x00000000eb2ff7a0,0x00000000eb300000)
[28.864s][info][gc,heap,exit   ]  Metaspace       used 6304K, committed 6528K, reserved 1114112K
[28.864s][info][gc,heap,exit   ]   class space    used 534K, committed 640K, reserved 1048576K
