[0.013s][info][gc,init] CardTable entry size: 512
[0.013s][info][gc     ] Using Parallel
[0.013s][info][gc,init] Version: 18.0.1+10 (release)
[0.013s][info][gc,init] CPUs: 8 total, 8 available
[0.013s][info][gc,init] Memory: 16063M
[0.014s][info][gc,init] Large Page Support: Disabled
[0.014s][info][gc,init] NUMA Support: Disabled
[0.014s][info][gc,init] Compressed Oops: Enabled (Zero based)
[0.014s][info][gc,init] Alignments: Space 512K, Generation 512K, Heap 2M
[0.014s][info][gc,init] Heap Min Capacity: 2M
[0.014s][info][gc,init] Heap Initial Capacity: 2M
[0.014s][info][gc,init] Heap Max Capacity: 6900M
[0.014s][info][gc,init] Pre-touch: Disabled
[0.014s][info][gc,init] Parallel Workers: 8
[0.014s][info][gc,metaspace] CDS archive(s) not mapped
[0.014s][info][gc,metaspace] Compressed class space mapped at: 0x0000000800000000-0x0000000840000000, reserved size: 1073741824
[0.014s][info][gc,metaspace] Narrow klass base: 0x0000000800000000, Narrow klass shift: 0, Narrow klass range: 0x40000000
[0.105s][info][gc,start    ] GC(0) Pause Young (Allocation Failure)
[0.107s][info][gc,heap     ] GC(0) PSYoungGen: 512K(1024K)->480K(1024K) Eden: 512K(512K)->0K(512K) From: 0K(512K)->480K(512K)
[0.107s][info][gc,heap     ] GC(0) ParOldGen: 0K(512K)->8K(512K)
[0.107s][info][gc,metaspace] GC(0) Metaspace: 4229K(4352K)->4229K(4352K) NonClass: 3908K(3968K)->3908K(3968K) Class: 321K(384K)->321K(384K)
[0.107s][info][gc          ] GC(0) Pause Young (Allocation Failure) 0M->0M(1M) 1.627ms
[0.107s][info][gc,cpu      ] GC(0) User=0.00s Sys=0.00s Real=0.00s
[0.176s][info][gc,start    ] GC(1) Pause Young (Allocation Failure)
[0.177s][info][gc,heap     ] GC(1) PSYoungGen: 991K(1024K)->512K(1536K) Eden: 511K(512K)->0K(1024K) From: 480K(512K)->512K(512K)
[0.177s][info][gc,heap     ] GC(1) ParOldGen: 8K(512K)->96K(512K)
[0.177s][info][gc,metaspace] GC(1) Metaspace: 5877K(6016K)->5877K(6016K) NonClass: 5380K(5504K)->5380K(5504K) Class: 496K(512K)->496K(512K)
[0.177s][info][gc          ] GC(1) Pause Young (Allocation Failure) 0M->0M(2M) 0.854ms
[0.177s][info][gc,cpu      ] GC(1) User=0.00s Sys=0.00s Real=0.00s
[0.198s][info][gc,start    ] GC(2) Pause Young (Allocation Failure)
[0.199s][info][gc,heap     ] GC(2) PSYoungGen: 1536K(1536K)->512K(1536K) Eden: 1024K(1024K)->0K(1024K) From: 512K(512K)->512K(512K)
[0.199s][info][gc,heap     ] GC(2) ParOldGen: 96K(512K)->512K(1024K)
[0.199s][info][gc,metaspace] GC(2) Metaspace: 6297K(6464K)->6297K(6464K) NonClass: 5763K(5824K)->5763K(5824K) Class: 533K(640K)->533K(640K)
[0.199s][info][gc          ] GC(2) Pause Young (Allocation Failure) 1M->1M(2M) 1.175ms
[0.199s][info][gc,cpu      ] GC(2) User=0.00s Sys=0.00s Real=0.00s
[0.200s][info][gc,start    ] GC(3) Pause Young (Allocation Failure)
[0.202s][info][gc,heap     ] GC(3) PSYoungGen: 1536K(1536K)->480K(2560K) Eden: 1024K(1024K)->0K(2048K) From: 512K(512K)->480K(512K)
[0.202s][info][gc,heap     ] GC(3) ParOldGen: 512K(1024K)->1072K(1536K)
[0.202s][info][gc,metaspace] GC(3) Metaspace: 6297K(6464K)->6297K(6464K) NonClass: 5763K(5824K)->5763K(5824K) Class: 533K(640K)->533K(640K)
[0.202s][info][gc          ] GC(3) Pause Young (Allocation Failure) 2M->1M(4M) 1.318ms
[0.202s][info][gc,cpu      ] GC(3) User=0.00s Sys=0.00s Real=0.00s
[0.202s][info][gc,start    ] GC(4) Pause Full (Ergonomics)
[0.202s][info][gc,phases,start] GC(4) Marking Phase
[0.203s][info][gc,phases      ] GC(4) Marking Phase 1.295ms
[0.203s][info][gc,phases,start] GC(4) Summary Phase
[0.203s][info][gc,phases      ] GC(4) Summary Phase 0.019ms
[0.203s][info][gc,phases,start] GC(4) Adjust Roots
[0.204s][info][gc,phases      ] GC(4) Adjust Roots 0.392ms
[0.204s][info][gc,phases,start] GC(4) Compaction Phase
[0.206s][info][gc,phases      ] GC(4) Compaction Phase 2.500ms
[0.206s][info][gc,phases,start] GC(4) Post Compact
[0.206s][info][gc,phases      ] GC(4) Post Compact 0.093ms
[0.206s][info][gc,heap        ] GC(4) PSYoungGen: 480K(2560K)->0K(2560K) Eden: 0K(2048K)->0K(2048K) From: 480K(512K)->0K(512K)
[0.206s][info][gc,heap        ] GC(4) ParOldGen: 1072K(1536K)->1495K(3584K)
[0.207s][info][gc,metaspace   ] GC(4) Metaspace: 6297K(6464K)->6297K(6464K) NonClass: 5763K(5824K)->5763K(5824K) Class: 533K(640K)->533K(640K)
[0.207s][info][gc             ] GC(4) Pause Full (Ergonomics) 1M->1M(6M) 4.715ms
[0.207s][info][gc,cpu         ] GC(4) User=0.00s Sys=0.00s Real=0.00s
[0.209s][info][gc,start       ] GC(5) Pause Young (Allocation Failure)
[0.211s][info][gc,heap        ] GC(5) PSYoungGen: 2048K(2560K)->480K(3584K) Eden: 2048K(2048K)->0K(3072K) From: 0K(512K)->480K(512K)
[0.211s][info][gc,heap        ] GC(5) ParOldGen: 1495K(3584K)->2111K(3584K)
[0.211s][info][gc,metaspace   ] GC(5) Metaspace: 6297K(6464K)->6297K(6464K) NonClass: 5763K(5824K)->5763K(5824K) Class: 533K(640K)->533K(640K)
[0.211s][info][gc             ] GC(5) Pause Young (Allocation Failure) 3M->2M(7M) 1.432ms
[0.211s][info][gc,cpu         ] GC(5) User=0.00s Sys=0.00s Real=0.00s
[0.215s][info][gc,start       ] GC(6) Pause Young (Allocation Failure)
[0.217s][info][gc,heap        ] GC(6) PSYoungGen: 3552K(3584K)->1504K(4608K) Eden: 3072K(3072K)->0K(3072K) From: 480K(512K)->1504K(1536K)
[0.217s][info][gc,heap        ] GC(6) ParOldGen: 2111K(3584K)->2679K(3584K)
[0.217s][info][gc,metaspace   ] GC(6) Metaspace: 6297K(6464K)->6297K(6464K) NonClass: 5763K(5824K)->5763K(5824K) Class: 533K(640K)->533K(640K)
[0.217s][info][gc             ] GC(6) Pause Young (Allocation Failure) 5M->4M(8M) 2.024ms
[0.217s][info][gc,cpu         ] GC(6) User=0.00s Sys=0.00s Real=0.00s
[0.222s][info][gc,start       ] GC(7) Pause Young (Allocation Failure)
[0.224s][info][gc,heap        ] GC(7) PSYoungGen: 4576K(4608K)->2016K(7168K) Eden: 3072K(3072K)->0K(5120K) From: 1504K(1536K)->2016K(2048K)
[0.224s][info][gc,heap        ] GC(7) ParOldGen: 2679K(3584K)->3775K(4096K)
[0.224s][info][gc,metaspace   ] GC(7) Metaspace: 6297K(6464K)->6297K(6464K) NonClass: 5763K(5824K)->5763K(5824K) Class: 533K(640K)->533K(640K)
[0.224s][info][gc             ] GC(7) Pause Young (Allocation Failure) 7M->5M(11M) 2.569ms
[0.224s][info][gc,cpu         ] GC(7) User=0.00s Sys=0.00s Real=0.00s
[0.224s][info][gc,start       ] GC(8) Pause Full (Ergonomics)
[0.224s][info][gc,phases,start] GC(8) Marking Phase
[0.227s][info][gc,phases      ] GC(8) Marking Phase 2.768ms
[0.227s][info][gc,phases,start] GC(8) Summary Phase
[0.227s][info][gc,phases      ] GC(8) Summary Phase 0.018ms
[0.227s][info][gc,phases,start] GC(8) Adjust Roots
[0.227s][info][gc,phases      ] GC(8) Adjust Roots 0.316ms
[0.227s][info][gc,phases,start] GC(8) Compaction Phase
[0.230s][info][gc,phases      ] GC(8) Compaction Phase 3.129ms
[0.231s][info][gc,phases,start] GC(8) Post Compact
[0.231s][info][gc,phases      ] GC(8) Post Compact 0.040ms
[0.231s][info][gc,heap        ] GC(8) PSYoungGen: 2016K(7168K)->2012K(7168K) Eden: 0K(5120K)->0K(5120K) From: 2016K(2048K)->2012K(2048K)
[0.231s][info][gc,heap        ] GC(8) ParOldGen: 3775K(4096K)->3683K(6656K)
[0.231s][info][gc,metaspace   ] GC(8) Metaspace: 6297K(6464K)->6297K(6464K) NonClass: 5763K(5824K)->5763K(5824K) Class: 533K(640K)->533K(640K)
[0.231s][info][gc             ] GC(8) Pause Full (Ergonomics) 5M->5M(13M) 6.538ms
[0.231s][info][gc,cpu         ] GC(8) User=0.00s Sys=0.00s Real=0.01s
[0.238s][info][gc,start       ] GC(9) Pause Young (Allocation Failure)
[0.242s][info][gc,heap        ] GC(9) PSYoungGen: 7132K(7168K)->3040K(8192K) Eden: 5120K(5120K)->0K(5120K) From: 2012K(2048K)->3040K(3072K)
[0.242s][info][gc,heap        ] GC(9) ParOldGen: 3683K(6656K)->5331K(6656K)
[0.242s][info][gc,metaspace   ] GC(9) Metaspace: 6297K(6464K)->6297K(6464K) NonClass: 5763K(5824K)->5763K(5824K) Class: 533K(640K)->533K(640K)
[0.242s][info][gc             ] GC(9) Pause Young (Allocation Failure) 10M->8M(14M) 3.999ms
[0.242s][info][gc,cpu         ] GC(9) User=0.02s Sys=0.00s Real=0.00s
[0.242s][info][gc,start       ] GC(10) Pause Full (Ergonomics)
[0.242s][info][gc,phases,start] GC(10) Marking Phase
[0.246s][info][gc,phases      ] GC(10) Marking Phase 3.813ms
[0.246s][info][gc,phases,start] GC(10) Summary Phase
[0.246s][info][gc,phases      ] GC(10) Summary Phase 0.017ms
[0.246s][info][gc,phases,start] GC(10) Adjust Roots
[0.246s][info][gc,phases      ] GC(10) Adjust Roots 0.186ms
[0.246s][info][gc,phases,start] GC(10) Compaction Phase
[0.249s][info][gc,phases      ] GC(10) Compaction Phase 3.294ms
[0.249s][info][gc,phases,start] GC(10) Post Compact
[0.250s][info][gc,phases      ] GC(10) Post Compact 0.056ms
[0.250s][info][gc,heap        ] GC(10) PSYoungGen: 3040K(8192K)->2012K(8192K) Eden: 0K(5120K)->0K(5120K) From: 3040K(3072K)->2012K(3072K)
[0.250s][info][gc,heap        ] GC(10) ParOldGen: 5331K(6656K)->6318K(10752K)
[0.250s][info][gc,metaspace   ] GC(10) Metaspace: 6297K(6464K)->6297K(6464K) NonClass: 5763K(5824K)->5763K(5824K) Class: 533K(640K)->533K(640K)
[0.250s][info][gc             ] GC(10) Pause Full (Ergonomics) 8M->8M(18M) 7.764ms
[0.250s][info][gc,cpu         ] GC(10) User=0.00s Sys=0.00s Real=0.01s
[0.256s][info][gc,start       ] GC(11) Pause Young (Allocation Failure)
[0.260s][info][gc,heap        ] GC(11) PSYoungGen: 7132K(8192K)->4224K(10752K) Eden: 5120K(5120K)->0K(6144K) From: 2012K(3072K)->4224K(4608K)
[0.260s][info][gc,heap        ] GC(11) ParOldGen: 6318K(10752K)->6806K(10752K)
[0.260s][info][gc,metaspace   ] GC(11) Metaspace: 6297K(6464K)->6297K(6464K) NonClass: 5763K(5824K)->5763K(5824K) Class: 533K(640K)->533K(640K)
[0.260s][info][gc             ] GC(11) Pause Young (Allocation Failure) 13M->10M(21M) 4.346ms
[0.260s][info][gc,cpu         ] GC(11) User=0.00s Sys=0.00s Real=0.01s
[0.268s][info][gc,start       ] GC(12) Pause Young (Allocation Failure)
[0.273s][info][gc,heap        ] GC(12) PSYoungGen: 10368K(10752K)->5088K(11264K) Eden: 6144K(6144K)->0K(6144K) From: 4224K(4608K)->5088K(5120K)
[0.273s][info][gc,heap        ] GC(12) ParOldGen: 6806K(10752K)->9366K(10752K)
[0.273s][info][gc,metaspace   ] GC(12) Metaspace: 6297K(6464K)->6297K(6464K) NonClass: 5763K(5824K)->5763K(5824K) Class: 533K(640K)->533K(640K)
[0.273s][info][gc             ] GC(12) Pause Young (Allocation Failure) 16M->14M(21M) 5.715ms
[0.273s][info][gc,cpu         ] GC(12) User=0.02s Sys=0.00s Real=0.01s
[0.273s][info][gc,start       ] GC(13) Pause Full (Ergonomics)
[0.274s][info][gc,phases,start] GC(13) Marking Phase
[0.280s][info][gc,phases      ] GC(13) Marking Phase 6.698ms
[0.280s][info][gc,phases,start] GC(13) Summary Phase
[0.280s][info][gc,phases      ] GC(13) Summary Phase 0.019ms
[0.280s][info][gc,phases,start] GC(13) Adjust Roots
[0.281s][info][gc,phases      ] GC(13) Adjust Roots 0.202ms
[0.281s][info][gc,phases,start] GC(13) Compaction Phase
[0.287s][info][gc,phases      ] GC(13) Compaction Phase 6.095ms
[0.287s][info][gc,phases,start] GC(13) Post Compact
[0.287s][info][gc,phases      ] GC(13) Post Compact 0.068ms
[0.287s][info][gc,heap        ] GC(13) PSYoungGen: 5088K(11264K)->3544K(11264K) Eden: 0K(6144K)->0K(6144K) From: 5088K(5120K)->3544K(5120K)
[0.287s][info][gc,heap        ] GC(13) ParOldGen: 9366K(10752K)->10586K(16384K)
[0.287s][info][gc,metaspace   ] GC(13) Metaspace: 6297K(6464K)->6297K(6464K) NonClass: 5763K(5824K)->5763K(5824K) Class: 533K(640K)->533K(640K)
[0.287s][info][gc             ] GC(13) Pause Full (Ergonomics) 14M->13M(27M) 13.376ms
[0.287s][info][gc,cpu         ] GC(13) User=0.00s Sys=0.00s Real=0.01s
[0.292s][info][gc,start       ] GC(14) Pause Young (Allocation Failure)
[0.298s][info][gc,heap        ] GC(14) PSYoungGen: 9688K(11264K)->4608K(14848K) Eden: 6144K(6144K)->0K(8192K) From: 3544K(5120K)->4608K(6656K)
[0.298s][info][gc,heap        ] GC(14) ParOldGen: 10586K(16384K)->12746K(16384K)
[0.298s][info][gc,metaspace   ] GC(14) Metaspace: 6299K(6464K)->6299K(6464K) NonClass: 5765K(5824K)->5765K(5824K) Class: 533K(640K)->533K(640K)
[0.298s][info][gc             ] GC(14) Pause Young (Allocation Failure) 19M->16M(30M) 5.952ms
[0.298s][info][gc,cpu         ] GC(14) User=0.00s Sys=0.00s Real=0.01s
[0.303s][info][gc,start       ] GC(15) Pause Young (Allocation Failure)
[0.309s][info][gc,heap        ] GC(15) PSYoungGen: 12800K(14848K)->7168K(15360K) Eden: 8192K(8192K)->0K(8192K) From: 4608K(6656K)->7168K(7168K)
[0.309s][info][gc,heap        ] GC(15) ParOldGen: 12746K(16384K)->14418K(16384K)
[0.309s][info][gc,metaspace   ] GC(15) Metaspace: 6299K(6464K)->6299K(6464K) NonClass: 5765K(5824K)->5765K(5824K) Class: 533K(640K)->533K(640K)
[0.309s][info][gc             ] GC(15) Pause Young (Allocation Failure) 24M->21M(31M) 5.985ms
[0.309s][info][gc,cpu         ] GC(15) User=0.00s Sys=0.00s Real=0.01s
[0.309s][info][gc,start       ] GC(16) Pause Full (Ergonomics)
[0.309s][info][gc,phases,start] GC(16) Marking Phase
[0.319s][info][gc,phases      ] GC(16) Marking Phase 9.222ms
[0.319s][info][gc,phases,start] GC(16) Summary Phase
[0.319s][info][gc,phases      ] GC(16) Summary Phase 0.019ms
[0.319s][info][gc,phases,start] GC(16) Adjust Roots
[0.319s][info][gc,phases      ] GC(16) Adjust Roots 0.236ms
[0.319s][info][gc,phases,start] GC(16) Compaction Phase
[0.326s][info][gc,phases      ] GC(16) Compaction Phase 6.897ms
[0.326s][info][gc,phases,start] GC(16) Post Compact
[0.326s][info][gc,phases      ] GC(16) Post Compact 0.129ms
[0.326s][info][gc,heap        ] GC(16) PSYoungGen: 7168K(15360K)->5621K(15360K) Eden: 0K(8192K)->0K(8192K) From: 7168K(7168K)->5621K(7168K)
[0.326s][info][gc,heap        ] GC(16) ParOldGen: 14418K(16384K)->15878K(23552K)
[0.326s][info][gc,metaspace   ] GC(16) Metaspace: 6299K(6464K)->6299K(6464K) NonClass: 5765K(5824K)->5765K(5824K) Class: 533K(640K)->533K(640K)
[0.326s][info][gc             ] GC(16) Pause Full (Ergonomics) 21M->20M(38M) 16.855ms
[0.326s][info][gc,cpu         ] GC(16) User=0.02s Sys=0.00s Real=0.02s
[0.334s][info][gc,start       ] GC(17) Pause Young (Allocation Failure)
[0.343s][info][gc,heap        ] GC(17) PSYoungGen: 13813K(15360K)->4768K(20480K) Eden: 8192K(8192K)->0K(11264K) From: 5621K(7168K)->4768K(9216K)
[0.343s][info][gc,heap        ] GC(17) ParOldGen: 15878K(23552K)->21598K(23552K)
[0.343s][info][gc,metaspace   ] GC(17) Metaspace: 6299K(6464K)->6299K(6464K) NonClass: 5765K(5824K)->5765K(5824K) Class: 533K(640K)->533K(640K)
[0.343s][info][gc             ] GC(17) Pause Young (Allocation Failure) 28M->25M(43M) 8.745ms
[0.343s][info][gc,cpu         ] GC(17) User=0.00s Sys=0.00s Real=0.01s
[0.343s][info][gc,start       ] GC(18) Pause Full (Ergonomics)
[0.343s][info][gc,phases,start] GC(18) Marking Phase
[0.355s][info][gc,phases      ] GC(18) Marking Phase 11.832ms
[0.355s][info][gc,phases,start] GC(18) Summary Phase
[0.355s][info][gc,phases      ] GC(18) Summary Phase 0.019ms
[0.355s][info][gc,phases,start] GC(18) Adjust Roots
[0.355s][info][gc,phases      ] GC(18) Adjust Roots 0.175ms
[0.355s][info][gc,phases,start] GC(18) Compaction Phase
[0.365s][info][gc,phases      ] GC(18) Compaction Phase 9.729ms
[0.365s][info][gc,phases,start] GC(18) Post Compact
[0.365s][info][gc,phases      ] GC(18) Post Compact 0.117ms
[0.365s][info][gc,heap        ] GC(18) PSYoungGen: 4768K(20480K)->2169K(20480K) Eden: 0K(11264K)->0K(11264K) From: 4768K(9216K)->2169K(9216K)
[0.365s][info][gc,heap        ] GC(18) ParOldGen: 21598K(23552K)->23544K(34304K)
[0.365s][info][gc,metaspace   ] GC(18) Metaspace: 6299K(6464K)->6299K(6464K) NonClass: 5765K(5824K)->5765K(5824K) Class: 533K(640K)->533K(640K)
[0.365s][info][gc             ] GC(18) Pause Full (Ergonomics) 25M->25M(53M) 22.249ms
[0.365s][info][gc,cpu         ] GC(18) User=0.00s Sys=0.00s Real=0.02s
[0.372s][info][gc,start       ] GC(19) Pause Young (Allocation Failure)
[0.379s][info][gc,heap        ] GC(19) PSYoungGen: 13433K(20480K)->5856K(20480K) Eden: 11264K(11264K)->0K(11264K) From: 2169K(9216K)->5856K(9216K)
[0.379s][info][gc,heap        ] GC(19) ParOldGen: 23544K(34304K)->25760K(34304K)
[0.379s][info][gc,metaspace   ] GC(19) Metaspace: 6299K(6464K)->6299K(6464K) NonClass: 5765K(5824K)->5765K(5824K) Class: 533K(640K)->533K(640K)
[0.379s][info][gc             ] GC(19) Pause Young (Allocation Failure) 36M->30M(53M) 7.566ms
[0.379s][info][gc,cpu         ] GC(19) User=0.00s Sys=0.00s Real=0.01s
[0.389s][info][gc,start       ] GC(20) Pause Young (Allocation Failure)
[0.402s][info][gc,heap        ] GC(20) PSYoungGen: 17120K(20480K)->9216K(19968K) Eden: 11264K(11264K)->0K(10752K) From: 5856K(9216K)->9216K(9216K)
[0.402s][info][gc,heap        ] GC(20) ParOldGen: 25760K(34304K)->32280K(34304K)
[0.402s][info][gc,metaspace   ] GC(20) Metaspace: 6299K(6464K)->6299K(6464K) NonClass: 5765K(5824K)->5765K(5824K) Class: 533K(640K)->533K(640K)
[0.402s][info][gc             ] GC(20) Pause Young (Allocation Failure) 41M->40M(53M) 12.277ms
[0.402s][info][gc,cpu         ] GC(20) User=0.02s Sys=0.00s Real=0.01s
[0.402s][info][gc,start       ] GC(21) Pause Full (Ergonomics)
[0.402s][info][gc,phases,start] GC(21) Marking Phase
[0.418s][info][gc,phases      ] GC(21) Marking Phase 16.334ms
[0.418s][info][gc,phases,start] GC(21) Summary Phase
[0.418s][info][gc,phases      ] GC(21) Summary Phase 0.014ms
[0.418s][info][gc,phases,start] GC(21) Adjust Roots
[0.418s][info][gc,phases      ] GC(21) Adjust Roots 0.174ms
[0.418s][info][gc,phases,start] GC(21) Compaction Phase
[0.429s][info][gc,phases      ] GC(21) Compaction Phase 10.552ms
[0.429s][info][gc,phases,start] GC(21) Post Compact
[0.429s][info][gc,phases      ] GC(21) Post Compact 0.257ms
[0.429s][info][gc,heap        ] GC(21) PSYoungGen: 9216K(19968K)->7153K(19968K) Eden: 0K(10752K)->0K(10752K) From: 9216K(9216K)->7153K(9216K)
[0.430s][info][gc,heap        ] GC(21) ParOldGen: 32280K(34304K)->34172K(48128K)
[0.430s][info][gc,metaspace   ] GC(21) Metaspace: 6299K(6464K)->6299K(6464K) NonClass: 5765K(5824K)->5765K(5824K) Class: 533K(640K)->533K(640K)
[0.430s][info][gc             ] GC(21) Pause Full (Ergonomics) 40M->40M(66M) 27.705ms
[0.430s][info][gc,cpu         ] GC(21) User=0.03s Sys=0.02s Real=0.03s
[0.444s][info][gc,start       ] GC(22) Pause Young (Allocation Failure)
[0.459s][info][gc,heap        ] GC(22) PSYoungGen: 17905K(19968K)->10784K(24064K) Eden: 10752K(10752K)->0K(10752K) From: 7153K(9216K)->10784K(13312K)
[0.459s][info][gc,heap        ] GC(22) ParOldGen: 34172K(48128K)->41444K(48128K)
[0.459s][info][gc,metaspace   ] GC(22) Metaspace: 6299K(6464K)->6299K(6464K) NonClass: 5765K(5824K)->5765K(5824K) Class: 533K(640K)->533K(640K)
[0.459s][info][gc             ] GC(22) Pause Young (Allocation Failure) 50M->51M(70M) 14.901ms
[0.459s][info][gc,cpu         ] GC(22) User=0.00s Sys=0.00s Real=0.01s
[0.459s][info][gc,start       ] GC(23) Pause Full (Ergonomics)
[0.459s][info][gc,phases,start] GC(23) Marking Phase
[0.479s][info][gc,phases      ] GC(23) Marking Phase 20.064ms
[0.479s][info][gc,phases,start] GC(23) Summary Phase
[0.479s][info][gc,phases      ] GC(23) Summary Phase 0.018ms
[0.479s][info][gc,phases,start] GC(23) Adjust Roots
[0.479s][info][gc,phases      ] GC(23) Adjust Roots 0.189ms
[0.479s][info][gc,phases,start] GC(23) Compaction Phase
[0.496s][info][gc,phases      ] GC(23) Compaction Phase 17.113ms
[0.496s][info][gc,phases,start] GC(23) Post Compact
[0.497s][info][gc,phases      ] GC(23) Post Compact 0.204ms
[0.497s][info][gc,heap        ] GC(23) PSYoungGen: 10784K(24064K)->3059K(24064K) Eden: 0K(10752K)->0K(10752K) From: 10784K(13312K)->3059K(13312K)
[0.497s][info][gc,heap        ] GC(23) ParOldGen: 41444K(48128K)->47971K(65024K)
[0.497s][info][gc,metaspace   ] GC(23) Metaspace: 6299K(6464K)->6299K(6464K) NonClass: 5765K(5824K)->5765K(5824K) Class: 533K(640K)->533K(640K)
[0.497s][info][gc             ] GC(23) Pause Full (Ergonomics) 51M->49M(87M) 38.096ms
[0.497s][info][gc,cpu         ] GC(23) User=0.03s Sys=0.00s Real=0.04s
[0.508s][info][gc,start       ] GC(24) Pause Young (Allocation Failure)
[0.522s][info][gc,heap        ] GC(24) PSYoungGen: 13811K(24064K)->13824K(25600K) Eden: 10752K(10752K)->0K(10752K) From: 3059K(13312K)->13824K(14848K)
[0.522s][info][gc,heap        ] GC(24) ParOldGen: 47971K(65024K)->47971K(65024K)
[0.522s][info][gc,metaspace   ] GC(24) Metaspace: 6299K(6464K)->6299K(6464K) NonClass: 5765K(5824K)->5765K(5824K) Class: 533K(640K)->533K(640K)
[0.522s][info][gc             ] GC(24) Pause Young (Allocation Failure) 60M->60M(88M) 13.971ms
[0.522s][info][gc,cpu         ] GC(24) User=0.00s Sys=0.00s Real=0.01s
[0.533s][info][gc,start       ] GC(25) Pause Young (Allocation Failure)
[0.549s][info][gc,heap        ] GC(25) PSYoungGen: 24576K(25600K)->16896K(27648K) Eden: 10752K(10752K)->0K(10752K) From: 13824K(14848K)->16896K(16896K)
[0.550s][info][gc,heap        ] GC(25) ParOldGen: 47971K(65024K)->55731K(65024K)
[0.550s][info][gc,metaspace   ] GC(25) Metaspace: 6299K(6464K)->6299K(6464K) NonClass: 5765K(5824K)->5765K(5824K) Class: 533K(640K)->533K(640K)
[0.550s][info][gc             ] GC(25) Pause Young (Allocation Failure) 70M->70M(90M) 16.757ms
[0.550s][info][gc,cpu         ] GC(25) User=0.02s Sys=0.00s Real=0.02s
[0.562s][info][gc,start       ] GC(26) Pause Young (Allocation Failure)
[0.582s][info][gc,heap        ] GC(26) PSYoungGen: 27648K(27648K)->18912K(33280K) Eden: 10752K(10752K)->0K(10752K) From: 16896K(16896K)->18912K(22528K)
[0.582s][info][gc,heap        ] GC(26) ParOldGen: 55731K(65024K)->64619K(65024K)
[0.582s][info][gc,metaspace   ] GC(26) Metaspace: 6299K(6464K)->6299K(6464K) NonClass: 5765K(5824K)->5765K(5824K) Class: 533K(640K)->533K(640K)
[0.582s][info][gc             ] GC(26) Pause Young (Allocation Failure) 81M->81M(96M) 20.102ms
[0.582s][info][gc,cpu         ] GC(26) User=0.02s Sys=0.02s Real=0.02s
[0.582s][info][gc,start       ] GC(27) Pause Full (Ergonomics)
[0.582s][info][gc,phases,start] GC(27) Marking Phase
[0.618s][info][gc,phases      ] GC(27) Marking Phase 35.561ms
[0.618s][info][gc,phases,start] GC(27) Summary Phase
[0.618s][info][gc,phases      ] GC(27) Summary Phase 0.018ms
[0.618s][info][gc,phases,start] GC(27) Adjust Roots
[0.618s][info][gc,phases      ] GC(27) Adjust Roots 0.207ms
[0.618s][info][gc,phases,start] GC(27) Compaction Phase
[0.643s][info][gc,phases      ] GC(27) Compaction Phase 25.081ms
[0.643s][info][gc,phases,start] GC(27) Post Compact
[0.643s][info][gc,phases      ] GC(27) Post Compact 0.344ms
[0.643s][info][gc,heap        ] GC(27) PSYoungGen: 18912K(33280K)->18338K(33280K) Eden: 0K(10752K)->0K(10752K) From: 18912K(22528K)->18338K(22528K)
[0.643s][info][gc,heap        ] GC(27) ParOldGen: 64619K(65024K)->64854K(86016K)
[0.644s][info][gc,metaspace   ] GC(27) Metaspace: 6299K(6464K)->6299K(6464K) NonClass: 5765K(5824K)->5765K(5824K) Class: 533K(640K)->533K(640K)
[0.644s][info][gc             ] GC(27) Pause Full (Ergonomics) 81M->81M(116M) 61.556ms
[0.644s][info][gc,cpu         ] GC(27) User=0.08s Sys=0.00s Real=0.06s
[0.665s][info][gc,start       ] GC(28) Pause Young (Allocation Failure)
[0.688s][info][gc,heap        ] GC(28) PSYoungGen: 29090K(33280K)->21248K(35840K) Eden: 10752K(10752K)->0K(10752K) From: 18338K(22528K)->21248K(25088K)
[0.688s][info][gc,heap        ] GC(28) ParOldGen: 64854K(86016K)->72878K(86016K)
[0.688s][info][gc,metaspace   ] GC(28) Metaspace: 6299K(6464K)->6299K(6464K) NonClass: 5765K(5824K)->5765K(5824K) Class: 533K(640K)->533K(640K)
[0.688s][info][gc             ] GC(28) Pause Young (Allocation Failure) 91M->91M(119M) 22.690ms
[0.688s][info][gc,cpu         ] GC(28) User=0.02s Sys=0.00s Real=0.02s
[0.699s][info][gc,start       ] GC(29) Pause Young (Allocation Failure)
[0.717s][info][gc,heap        ] GC(29) PSYoungGen: 32000K(35840K)->28128K(35328K) Eden: 10752K(10752K)->0K(7168K) From: 21248K(25088K)->28128K(28160K)
[0.717s][info][gc,heap        ] GC(29) ParOldGen: 72878K(86016K)->76766K(86016K)
[0.717s][info][gc,metaspace   ] GC(29) Metaspace: 6299K(6464K)->6299K(6464K) NonClass: 5765K(5824K)->5765K(5824K) Class: 533K(640K)->533K(640K)
[0.717s][info][gc             ] GC(29) Pause Young (Allocation Failure) 102M->102M(118M) 18.313ms
[0.717s][info][gc,cpu         ] GC(29) User=0.02s Sys=0.02s Real=0.02s
[0.717s][info][gc,start       ] GC(30) Pause Full (Ergonomics)
[0.717s][info][gc,phases,start] GC(30) Marking Phase
[0.757s][info][gc,phases      ] GC(30) Marking Phase 39.150ms
[0.757s][info][gc,phases,start] GC(30) Summary Phase
[0.757s][info][gc,phases      ] GC(30) Summary Phase 0.017ms
[0.757s][info][gc,phases,start] GC(30) Adjust Roots
[0.757s][info][gc,phases      ] GC(30) Adjust Roots 0.163ms
[0.757s][info][gc,phases,start] GC(30) Compaction Phase
[0.786s][info][gc,phases      ] GC(30) Compaction Phase 28.948ms
[0.786s][info][gc,phases,start] GC(30) Post Compact
[0.786s][info][gc,phases      ] GC(30) Post Compact 0.354ms
[0.786s][info][gc,heap        ] GC(30) PSYoungGen: 28128K(35328K)->16830K(35328K) Eden: 0K(7168K)->0K(7168K) From: 28128K(28160K)->16830K(28160K)
[0.786s][info][gc,heap        ] GC(30) ParOldGen: 76766K(86016K)->85763K(109568K)
[0.786s][info][gc,metaspace   ] GC(30) Metaspace: 6299K(6464K)->6299K(6464K) NonClass: 5765K(5824K)->5765K(5824K) Class: 533K(640K)->533K(640K)
[0.786s][info][gc             ] GC(30) Pause Full (Ergonomics) 102M->100M(141M) 69.075ms
[0.787s][info][gc,cpu         ] GC(30) User=0.09s Sys=0.00s Real=0.07s
[0.794s][info][gc,start       ] GC(31) Pause Young (Allocation Failure)
[0.813s][info][gc,heap        ] GC(31) PSYoungGen: 23998K(35328K)->14176K(41472K) Eden: 7168K(7168K)->0K(7168K) From: 16830K(28160K)->14176K(34304K)
[0.813s][info][gc,heap        ] GC(31) ParOldGen: 85763K(109568K)->95803K(109568K)
[0.813s][info][gc,metaspace   ] GC(31) Metaspace: 6299K(6464K)->6299K(6464K) NonClass: 5765K(5824K)->5765K(5824K) Class: 533K(640K)->533K(640K)
[0.813s][info][gc             ] GC(31) Pause Young (Allocation Failure) 107M->107M(147M) 18.867ms
[0.813s][info][gc,cpu         ] GC(31) User=0.03s Sys=0.00s Real=0.02s
[0.820s][info][gc,start       ] GC(32) Pause Young (Allocation Failure)
[0.830s][info][gc,heap        ] GC(32) PSYoungGen: 21344K(41472K)->21344K(40448K) Eden: 7168K(7168K)->0K(7680K) From: 14176K(34304K)->21344K(32768K)
[0.830s][info][gc,heap        ] GC(32) ParOldGen: 95803K(109568K)->95803K(109568K)
[0.830s][info][gc,metaspace   ] GC(32) Metaspace: 6299K(6464K)->6299K(6464K) NonClass: 5765K(5824K)->5765K(5824K) Class: 533K(640K)->533K(640K)
[0.830s][info][gc             ] GC(32) Pause Young (Allocation Failure) 114M->114M(146M) 10.265ms
[0.830s][info][gc,cpu         ] GC(32) User=0.00s Sys=0.00s Real=0.01s
[0.837s][info][gc,start       ] GC(33) Pause Young (Allocation Failure)
[0.851s][info][gc,heap        ] GC(33) PSYoungGen: 29024K(40448K)->22016K(41472K) Eden: 7680K(7680K)->0K(7680K) From: 21344K(32768K)->22016K(33792K)
[0.851s][info][gc,heap        ] GC(33) ParOldGen: 95803K(109568K)->102883K(109568K)
[0.851s][info][gc,metaspace   ] GC(33) Metaspace: 6299K(6464K)->6299K(6464K) NonClass: 5765K(5824K)->5765K(5824K) Class: 533K(640K)->533K(640K)
[0.851s][info][gc             ] GC(33) Pause Young (Allocation Failure) 121M->121M(147M) 14.458ms
[0.851s][info][gc,cpu         ] GC(33) User=0.02s Sys=0.00s Real=0.01s
[0.851s][info][gc,start       ] GC(34) Pause Full (Ergonomics)
[0.851s][info][gc,phases,start] GC(34) Marking Phase
[0.887s][info][gc,phases      ] GC(34) Marking Phase 35.606ms
[0.887s][info][gc,phases,start] GC(34) Summary Phase
[0.887s][info][gc,phases      ] GC(34) Summary Phase 0.022ms
[0.887s][info][gc,phases,start] GC(34) Adjust Roots
[0.887s][info][gc,phases      ] GC(34) Adjust Roots 0.173ms
[0.887s][info][gc,phases,start] GC(34) Compaction Phase
[0.913s][info][gc,phases      ] GC(34) Compaction Phase 25.445ms
[0.913s][info][gc,phases,start] GC(34) Post Compact
[0.913s][info][gc,phases      ] GC(34) Post Compact 0.681ms
[0.914s][info][gc,heap        ] GC(34) PSYoungGen: 22016K(41472K)->15281K(41472K) Eden: 0K(7680K)->0K(7680K) From: 22016K(33792K)->15281K(33792K)
[0.914s][info][gc,heap        ] GC(34) ParOldGen: 102883K(109568K)->109237K(135680K)
[0.914s][info][gc,metaspace   ] GC(34) Metaspace: 6299K(6464K)->6299K(6464K) NonClass: 5765K(5824K)->5765K(5824K) Class: 533K(640K)->533K(640K)
[0.914s][info][gc             ] GC(34) Pause Full (Ergonomics) 121M->121M(173M) 62.374ms
[0.914s][info][gc,cpu         ] GC(34) User=0.14s Sys=0.00s Real=0.06s
[0.921s][info][gc,start       ] GC(35) Pause Young (Allocation Failure)
[0.942s][info][gc,heap        ] GC(35) PSYoungGen: 22961K(41472K)->12800K(40960K) Eden: 7680K(7680K)->0K(9216K) From: 15281K(33792K)->12800K(31744K)
[0.942s][info][gc,heap        ] GC(35) ParOldGen: 109237K(135680K)->119621K(135680K)
[0.942s][info][gc,metaspace   ] GC(35) Metaspace: 6299K(6464K)->6299K(6464K) NonClass: 5765K(5824K)->5765K(5824K) Class: 533K(640K)->533K(640K)
[0.942s][info][gc             ] GC(35) Pause Young (Allocation Failure) 129M->129M(172M) 21.444ms
[0.942s][info][gc,cpu         ] GC(35) User=0.05s Sys=0.00s Real=0.02s
[0.953s][info][gc,start       ] GC(36) Pause Young (Allocation Failure)
[0.965s][info][gc,heap        ] GC(36) PSYoungGen: 22016K(40960K)->16896K(42496K) Eden: 9216K(9216K)->0K(9216K) From: 12800K(31744K)->16896K(33280K)
[0.965s][info][gc,heap        ] GC(36) ParOldGen: 119621K(135680K)->124765K(135680K)
[0.965s][info][gc,metaspace   ] GC(36) Metaspace: 6299K(6464K)->6299K(6464K) NonClass: 5765K(5824K)->5765K(5824K) Class: 533K(640K)->533K(640K)
[0.965s][info][gc             ] GC(36) Pause Young (Allocation Failure) 138M->138M(174M) 12.696ms
[0.965s][info][gc,cpu         ] GC(36) User=0.02s Sys=0.00s Real=0.01s
[0.965s][info][gc,start       ] GC(37) Pause Full (Ergonomics)
[0.965s][info][gc,phases,start] GC(37) Marking Phase
[1.007s][info][gc,phases      ] GC(37) Marking Phase 41.887ms
[1.007s][info][gc,phases,start] GC(37) Summary Phase
[1.007s][info][gc,phases      ] GC(37) Summary Phase 0.020ms
[1.007s][info][gc,phases,start] GC(37) Adjust Roots
[1.007s][info][gc,phases      ] GC(37) Adjust Roots 0.152ms
[1.007s][info][gc,phases,start] GC(37) Compaction Phase
[1.030s][info][gc,phases      ] GC(37) Compaction Phase 22.409ms
[1.030s][info][gc,phases,start] GC(37) Post Compact
[1.030s][info][gc,phases      ] GC(37) Post Compact 0.530ms
[1.031s][info][gc,heap        ] GC(37) PSYoungGen: 16896K(42496K)->6096K(42496K) Eden: 0K(9216K)->0K(9216K) From: 16896K(33280K)->6096K(33280K)
[1.031s][info][gc,heap        ] GC(37) ParOldGen: 124765K(135680K)->135250K(164864K)
[1.031s][info][gc,metaspace   ] GC(37) Metaspace: 6299K(6464K)->6299K(6464K) NonClass: 5765K(5824K)->5765K(5824K) Class: 533K(640K)->533K(640K)
[1.031s][info][gc             ] GC(37) Pause Full (Ergonomics) 138M->138M(202M) 65.559ms
[1.031s][info][gc,cpu         ] GC(37) User=0.20s Sys=0.00s Real=0.07s
[1.039s][info][gc,start       ] GC(38) Pause Young (Allocation Failure)
[1.056s][info][gc,heap        ] GC(38) PSYoungGen: 15312K(42496K)->13184K(39936K) Eden: 9216K(9216K)->0K(10752K) From: 6096K(33280K)->13184K(29184K)
[1.056s][info][gc,heap        ] GC(38) ParOldGen: 135250K(164864K)->137522K(164864K)
[1.056s][info][gc,metaspace   ] GC(38) Metaspace: 6299K(6464K)->6299K(6464K) NonClass: 5765K(5824K)->5765K(5824K) Class: 533K(640K)->533K(640K)
[1.056s][info][gc             ] GC(38) Pause Young (Allocation Failure) 147M->147M(200M) 16.480ms
[1.056s][info][gc,cpu         ] GC(38) User=0.02s Sys=0.00s Real=0.02s
[1.068s][info][gc,start       ] GC(39) Pause Young (Allocation Failure)
[1.080s][info][gc,heap        ] GC(39) PSYoungGen: 23936K(39936K)->23872K(41472K) Eden: 10752K(10752K)->0K(10752K) From: 13184K(29184K)->23872K(30720K)
[1.080s][info][gc,heap        ] GC(39) ParOldGen: 137522K(164864K)->137522K(164864K)
[1.080s][info][gc,metaspace   ] GC(39) Metaspace: 6299K(6464K)->6299K(6464K) NonClass: 5765K(5824K)->5765K(5824K) Class: 533K(640K)->533K(640K)
[1.080s][info][gc             ] GC(39) Pause Young (Allocation Failure) 157M->157M(201M) 12.133ms
[1.080s][info][gc,cpu         ] GC(39) User=0.02s Sys=0.00s Real=0.01s
[1.092s][info][gc,start       ] GC(40) Pause Young (Allocation Failure)
[1.108s][info][gc,heap        ] GC(40) PSYoungGen: 34624K(41472K)->32768K(40448K) Eden: 10752K(10752K)->0K(7680K) From: 23872K(30720K)->32768K(32768K)
[1.108s][info][gc,heap        ] GC(40) ParOldGen: 137522K(164864K)->139354K(164864K)
[1.108s][info][gc,metaspace   ] GC(40) Metaspace: 6299K(6464K)->6299K(6464K) NonClass: 5765K(5824K)->5765K(5824K) Class: 533K(640K)->533K(640K)
[1.108s][info][gc             ] GC(40) Pause Young (Allocation Failure) 168M->168M(200M) 16.589ms
[1.108s][info][gc,cpu         ] GC(40) User=0.02s Sys=0.00s Real=0.02s
[1.141s][info][gc,start       ] GC(41) Pause Young (Allocation Failure)
[1.166s][info][gc,heap        ] GC(41) PSYoungGen: 40448K(40448K)->28224K(45568K) Eden: 7680K(7680K)->0K(7680K) From: 32768K(32768K)->28224K(37888K)
[1.166s][info][gc,heap        ] GC(41) ParOldGen: 147546K(164864K)->160018K(164864K)
[1.166s][info][gc,metaspace   ] GC(41) Metaspace: 6299K(6464K)->6299K(6464K) NonClass: 5765K(5824K)->5765K(5824K) Class: 533K(640K)->533K(640K)
[1.166s][info][gc             ] GC(41) Pause Young (Allocation Failure) 183M->183M(205M) 24.917ms
[1.166s][info][gc,cpu         ] GC(41) User=0.05s Sys=0.00s Real=0.03s
[1.166s][info][gc,start       ] GC(42) Pause Full (Ergonomics)
[1.166s][info][gc,phases,start] GC(42) Marking Phase
[1.220s][info][gc,phases      ] GC(42) Marking Phase 54.020ms
[1.220s][info][gc,phases,start] GC(42) Summary Phase
[1.220s][info][gc,phases      ] GC(42) Summary Phase 0.016ms
[1.220s][info][gc,phases,start] GC(42) Adjust Roots
[1.220s][info][gc,phases      ] GC(42) Adjust Roots 0.158ms
[1.220s][info][gc,phases,start] GC(42) Compaction Phase
[1.261s][info][gc,phases      ] GC(42) Compaction Phase 41.030ms
[1.261s][info][gc,phases,start] GC(42) Post Compact
[1.262s][info][gc,phases      ] GC(42) Post Compact 0.748ms
[1.262s][info][gc,heap        ] GC(42) PSYoungGen: 28224K(45568K)->18884K(45568K) Eden: 0K(7680K)->0K(7680K) From: 28224K(37888K)->18884K(37888K)
[1.262s][info][gc,heap        ] GC(42) ParOldGen: 160018K(164864K)->164832K(197632K)
[1.262s][info][gc,metaspace   ] GC(42) Metaspace: 6299K(6464K)->6299K(6464K) NonClass: 5765K(5824K)->5765K(5824K) Class: 533K(640K)->533K(640K)
[1.262s][info][gc             ] GC(42) Pause Full (Ergonomics) 183M->179M(237M) 96.448ms
[1.262s][info][gc,cpu         ] GC(42) User=0.20s Sys=0.00s Real=0.10s
[1.271s][info][gc,start       ] GC(43) Pause Young (Allocation Failure)
[1.293s][info][gc,heap        ] GC(43) PSYoungGen: 26564K(45568K)->20032K(46080K) Eden: 7680K(7680K)->0K(9216K) From: 18884K(37888K)->20032K(36864K)
[1.294s][info][gc,heap        ] GC(43) ParOldGen: 164832K(197632K)->171600K(197632K)
[1.294s][info][gc,metaspace   ] GC(43) Metaspace: 6299K(6464K)->6299K(6464K) NonClass: 5765K(5824K)->5765K(5824K) Class: 533K(640K)->533K(640K)
[1.294s][info][gc             ] GC(43) Pause Young (Allocation Failure) 186M->187M(238M) 22.601ms
[1.294s][info][gc,cpu         ] GC(43) User=0.12s Sys=0.00s Real=0.02s
[1.302s][info][gc,start       ] GC(44) Pause Young (Allocation Failure)
[1.317s][info][gc,heap        ] GC(44) PSYoungGen: 29248K(46080K)->29184K(47616K) Eden: 9216K(9216K)->0K(9216K) From: 20032K(36864K)->29184K(38400K)
[1.317s][info][gc,heap        ] GC(44) ParOldGen: 171600K(197632K)->171600K(197632K)
[1.317s][info][gc,metaspace   ] GC(44) Metaspace: 6299K(6464K)->6299K(6464K) NonClass: 5765K(5824K)->5765K(5824K) Class: 533K(640K)->533K(640K)
[1.317s][info][gc             ] GC(44) Pause Young (Allocation Failure) 196M->196M(239M) 14.902ms
[1.317s][info][gc,cpu         ] GC(44) User=0.02s Sys=0.00s Real=0.01s
[1.327s][info][gc,start       ] GC(45) Pause Young (Allocation Failure)
[1.346s][info][gc,heap        ] GC(45) PSYoungGen: 38400K(47616K)->31072K(49152K) Eden: 9216K(9216K)->0K(8704K) From: 29184K(38400K)->31072K(40448K)
[1.346s][info][gc,heap        ] GC(45) ParOldGen: 171600K(197632K)->179048K(197632K)
[1.346s][info][gc,metaspace   ] GC(45) Metaspace: 6299K(6464K)->6299K(6464K) NonClass: 5765K(5824K)->5765K(5824K) Class: 533K(640K)->533K(640K)
[1.346s][info][gc             ] GC(45) Pause Young (Allocation Failure) 205M->205M(241M) 19.108ms
[1.346s][info][gc,cpu         ] GC(45) User=0.06s Sys=0.00s Real=0.02s
[1.355s][info][gc,start       ] GC(46) Pause Young (Allocation Failure)
[1.375s][info][gc,heap        ] GC(46) PSYoungGen: 39776K(49152K)->34848K(51200K) Eden: 8704K(8704K)->0K(8704K) From: 31072K(40448K)->34848K(42496K)
[1.375s][info][gc,heap        ] GC(46) ParOldGen: 179048K(197632K)->184064K(197632K)
[1.375s][info][gc,metaspace   ] GC(46) Metaspace: 6299K(6464K)->6299K(6464K) NonClass: 5765K(5824K)->5765K(5824K) Class: 533K(640K)->533K(640K)
[1.375s][info][gc             ] GC(46) Pause Young (Allocation Failure) 213M->213M(243M) 20.386ms
[1.375s][info][gc,cpu         ] GC(46) User=0.08s Sys=0.00s Real=0.02s
[1.386s][info][gc,start       ] GC(47) Pause Young (Allocation Failure)
[1.408s][info][gc,heap        ] GC(47) PSYoungGen: 43552K(51200K)->26688K(54784K) Eden: 8704K(8704K)->0K(10240K) From: 34848K(42496K)->26688K(44544K)
[1.408s][info][gc,heap        ] GC(47) ParOldGen: 184064K(197632K)->201176K(201216K)
[1.408s][info][gc,metaspace   ] GC(47) Metaspace: 6299K(6464K)->6299K(6464K) NonClass: 5765K(5824K)->5765K(5824K) Class: 533K(640K)->533K(640K)
[1.408s][info][gc             ] GC(47) Pause Young (Allocation Failure) 222M->222M(250M) 22.323ms
[1.408s][info][gc,cpu         ] GC(47) User=0.03s Sys=0.00s Real=0.02s
[1.408s][info][gc,start       ] GC(48) Pause Full (Ergonomics)
[1.408s][info][gc,phases,start] GC(48) Marking Phase
[1.462s][info][gc,phases      ] GC(48) Marking Phase 53.704ms
[1.462s][info][gc,phases,start] GC(48) Summary Phase
[1.462s][info][gc,phases      ] GC(48) Summary Phase 0.020ms
[1.462s][info][gc,phases,start] GC(48) Adjust Roots
[1.462s][info][gc,phases      ] GC(48) Adjust Roots 0.161ms
[1.462s][info][gc,phases,start] GC(48) Compaction Phase
[1.499s][info][gc,phases      ] GC(48) Compaction Phase 36.692ms
[1.499s][info][gc,phases,start] GC(48) Post Compact
[1.500s][info][gc,phases      ] GC(48) Post Compact 1.204ms
[1.500s][info][gc,heap        ] GC(48) PSYoungGen: 26688K(54784K)->26017K(55296K) Eden: 0K(10240K)->0K(10752K) From: 26688K(44544K)->26017K(44544K)
[1.500s][info][gc,heap        ] GC(48) ParOldGen: 201176K(201216K)->201061K(238080K)
[1.501s][info][gc,metaspace   ] GC(48) Metaspace: 6299K(6464K)->6299K(6464K) NonClass: 5765K(5824K)->5765K(5824K) Class: 533K(640K)->533K(640K)
[1.501s][info][gc             ] GC(48) Pause Full (Ergonomics) 222M->221M(286M) 92.308ms
[1.501s][info][gc,cpu         ] GC(48) User=0.30s Sys=0.00s Real=0.09s
[1.514s][info][gc,start       ] GC(49) Pause Young (Allocation Failure)
[1.541s][info][gc,heap        ] GC(49) PSYoungGen: 36769K(55296K)->19392K(55808K) Eden: 10752K(10752K)->0K(10752K) From: 26017K(44544K)->19392K(45056K)
[1.541s][info][gc,heap        ] GC(49) ParOldGen: 201061K(238080K)->218805K(238080K)
[1.541s][info][gc,metaspace   ] GC(49) Metaspace: 6299K(6464K)->6299K(6464K) NonClass: 5765K(5824K)->5765K(5824K) Class: 533K(640K)->533K(640K)
[1.541s][info][gc             ] GC(49) Pause Young (Allocation Failure) 232M->232M(287M) 26.904ms
[1.541s][info][gc,cpu         ] GC(49) User=0.11s Sys=0.00s Real=0.03s
[1.541s][info][gc,start       ] GC(50) Pause Full (Ergonomics)
[1.541s][info][gc,phases,start] GC(50) Marking Phase
[1.599s][info][gc,phases      ] GC(50) Marking Phase 58.174ms
[1.599s][info][gc,phases,start] GC(50) Summary Phase
[1.599s][info][gc,phases      ] GC(50) Summary Phase 0.019ms
[1.599s][info][gc,phases,start] GC(50) Adjust Roots
[1.599s][info][gc,phases      ] GC(50) Adjust Roots 0.151ms
[1.599s][info][gc,phases,start] GC(50) Compaction Phase
[1.627s][info][gc,phases      ] GC(50) Compaction Phase 27.842ms
[1.627s][info][gc,phases,start] GC(50) Post Compact
[1.629s][info][gc,phases      ] GC(50) Post Compact 1.154ms
[1.629s][info][gc,heap        ] GC(50) PSYoungGen: 19392K(55808K)->0K(55296K) Eden: 0K(10752K)->0K(12288K) From: 19392K(45056K)->0K(43008K)
[1.629s][info][gc,heap        ] GC(50) ParOldGen: 218805K(238080K)->237800K(280576K)
[1.629s][info][gc,metaspace   ] GC(50) Metaspace: 6299K(6464K)->6299K(6464K) NonClass: 5765K(5824K)->5765K(5824K) Class: 533K(640K)->533K(640K)
[1.629s][info][gc             ] GC(50) Pause Full (Ergonomics) 232M->232M(328M) 87.928ms
[1.629s][info][gc,cpu         ] GC(50) User=0.31s Sys=0.00s Real=0.09s
[1.642s][info][gc,start       ] GC(51) Pause Young (Allocation Failure)
[1.650s][info][gc,heap        ] GC(51) PSYoungGen: 12288K(55296K)->12448K(55808K) Eden: 12288K(12288K)->0K(12288K) From: 0K(43008K)->12448K(43520K)
[1.650s][info][gc,heap        ] GC(51) ParOldGen: 237800K(280576K)->237800K(280576K)
[1.650s][info][gc,metaspace   ] GC(51) Metaspace: 6299K(6464K)->6299K(6464K) NonClass: 5765K(5824K)->5765K(5824K) Class: 533K(640K)->533K(640K)
[1.650s][info][gc             ] GC(51) Pause Young (Allocation Failure) 244M->244M(328M) 7.614ms
[1.650s][info][gc,cpu         ] GC(51) User=0.02s Sys=0.00s Real=0.01s
[1.665s][info][gc,start       ] GC(52) Pause Young (Allocation Failure)
[1.678s][info][gc,heap        ] GC(52) PSYoungGen: 24736K(55808K)->24672K(54784K) Eden: 12288K(12288K)->0K(13824K) From: 12448K(43520K)->24672K(40960K)
[1.678s][info][gc,heap        ] GC(52) ParOldGen: 237800K(280576K)->237800K(280576K)
[1.678s][info][gc,metaspace   ] GC(52) Metaspace: 6299K(6464K)->6299K(6464K) NonClass: 5765K(5824K)->5765K(5824K) Class: 533K(640K)->533K(640K)
[1.678s][info][gc             ] GC(52) Pause Young (Allocation Failure) 256M->256M(327M) 13.096ms
[1.678s][info][gc,cpu         ] GC(52) User=0.00s Sys=0.00s Real=0.01s
[1.694s][info][gc,start       ] GC(53) Pause Young (Allocation Failure)
[1.713s][info][gc,heap        ] GC(53) PSYoungGen: 38496K(54784K)->38496K(55808K) Eden: 13824K(13824K)->0K(13824K) From: 24672K(40960K)->38496K(41984K)
[1.713s][info][gc,heap        ] GC(53) ParOldGen: 237800K(280576K)->237800K(280576K)
[1.713s][info][gc,metaspace   ] GC(53) Metaspace: 6299K(6464K)->6299K(6464K) NonClass: 5765K(5824K)->5765K(5824K) Class: 533K(640K)->533K(640K)
[1.713s][info][gc             ] GC(53) Pause Young (Allocation Failure) 269M->269M(328M) 19.353ms
[1.713s][info][gc,cpu         ] GC(53) User=0.09s Sys=0.00s Real=0.02s
[1.730s][info][gc,start       ] GC(54) Pause Young (Allocation Failure)
[1.757s][info][gc,heap        ] GC(54) PSYoungGen: 52320K(55808K)->46080K(53248K) Eden: 13824K(13824K)->0K(7168K) From: 38496K(41984K)->46080K(46080K)
[1.758s][info][gc,heap        ] GC(54) ParOldGen: 237800K(280576K)->244024K(280576K)
[1.758s][info][gc,metaspace   ] GC(54) Metaspace: 6299K(6464K)->6299K(6464K) NonClass: 5765K(5824K)->5765K(5824K) Class: 533K(640K)->533K(640K)
[1.758s][info][gc             ] GC(54) Pause Young (Allocation Failure) 283M->283M(326M) 27.719ms
[1.758s][info][gc,cpu         ] GC(54) User=0.09s Sys=0.02s Real=0.03s
[1.767s][info][gc,start       ] GC(55) Pause Young (Allocation Failure)
[1.791s][info][gc,heap        ] GC(55) PSYoungGen: 53248K(53248K)->42848K(61952K) Eden: 7168K(7168K)->0K(7168K) From: 46080K(46080K)->42848K(54784K)
[1.791s][info][gc,heap        ] GC(55) ParOldGen: 244024K(280576K)->254696K(280576K)
[1.791s][info][gc,metaspace   ] GC(55) Metaspace: 6299K(6464K)->6299K(6464K) NonClass: 5765K(5824K)->5765K(5824K) Class: 533K(640K)->533K(640K)
[1.791s][info][gc             ] GC(55) Pause Young (Allocation Failure) 290M->290M(334M) 23.966ms
[1.791s][info][gc,cpu         ] GC(55) User=0.08s Sys=0.00s Real=0.02s
[1.798s][info][gc,start       ] GC(56) Pause Young (Allocation Failure)
[1.823s][info][gc,heap        ] GC(56) PSYoungGen: 50016K(61952K)->39424K(65024K) Eden: 7168K(7168K)->0K(7168K) From: 42848K(54784K)->39424K(57856K)
[1.823s][info][gc,heap        ] GC(56) ParOldGen: 254696K(280576K)->265432K(280576K)
[1.824s][info][gc,metaspace   ] GC(56) Metaspace: 6299K(6464K)->6299K(6464K) NonClass: 5765K(5824K)->5765K(5824K) Class: 533K(640K)->533K(640K)
[1.824s][info][gc             ] GC(56) Pause Young (Allocation Failure) 297M->297M(337M) 25.183ms
[1.824s][info][gc,cpu         ] GC(56) User=0.12s Sys=0.00s Real=0.03s
[1.824s][info][gc,start       ] GC(57) Pause Full (Ergonomics)
[1.824s][info][gc,phases,start] GC(57) Marking Phase
[1.888s][info][gc,phases      ] GC(57) Marking Phase 64.174ms
[1.888s][info][gc,phases,start] GC(57) Summary Phase
[1.888s][info][gc,phases      ] GC(57) Summary Phase 0.021ms
[1.888s][info][gc,phases,start] GC(57) Adjust Roots
[1.888s][info][gc,phases      ] GC(57) Adjust Roots 0.155ms
[1.888s][info][gc,phases,start] GC(57) Compaction Phase
[1.923s][info][gc,phases      ] GC(57) Compaction Phase 35.347ms
[1.923s][info][gc,phases,start] GC(57) Post Compact
[1.925s][info][gc,phases      ] GC(57) Post Compact 1.507ms
[1.925s][info][gc,heap        ] GC(57) PSYoungGen: 39424K(65024K)->23877K(65024K) Eden: 0K(7168K)->0K(7168K) From: 39424K(57856K)->23877K(57856K)
[1.925s][info][gc,heap        ] GC(57) ParOldGen: 265432K(280576K)->280295K(324608K)
[1.925s][info][gc,metaspace   ] GC(57) Metaspace: 6299K(6464K)->6299K(6464K) NonClass: 5765K(5824K)->5765K(5824K) Class: 533K(640K)->533K(640K)
[1.925s][info][gc             ] GC(57) Pause Full (Ergonomics) 297M->297M(380M) 101.728ms
[1.925s][info][gc,cpu         ] GC(57) User=0.58s Sys=0.00s Real=0.10s
[1.934s][info][gc,start       ] GC(58) Pause Young (Allocation Failure)
[1.962s][info][gc,heap        ] GC(58) PSYoungGen: 31045K(65024K)->16896K(66560K) Eden: 7168K(7168K)->0K(7168K) From: 23877K(57856K)->16896K(59392K)
[1.962s][info][gc,heap        ] GC(58) ParOldGen: 280295K(324608K)->294807K(324608K)
[1.962s][info][gc,metaspace   ] GC(58) Metaspace: 6299K(6464K)->6299K(6464K) NonClass: 5765K(5824K)->5765K(5824K) Class: 533K(640K)->533K(640K)
[1.962s][info][gc             ] GC(58) Pause Young (Allocation Failure) 304M->304M(382M) 28.379ms
[1.962s][info][gc,cpu         ] GC(58) User=0.14s Sys=0.00s Real=0.03s
[1.972s][info][gc,start       ] GC(59) Pause Young (Allocation Failure)
[1.985s][info][gc,heap        ] GC(59) PSYoungGen: 24064K(66560K)->19264K(64000K) Eden: 7168K(7168K)->0K(8704K) From: 16896K(59392K)->19264K(55296K)
[1.985s][info][gc,heap        ] GC(59) ParOldGen: 294807K(324608K)->299647K(324608K)
[1.985s][info][gc,metaspace   ] GC(59) Metaspace: 6299K(6464K)->6299K(6464K) NonClass: 5765K(5824K)->5765K(5824K) Class: 533K(640K)->533K(640K)
[1.985s][info][gc             ] GC(59) Pause Young (Allocation Failure) 311M->311M(379M) 13.713ms
[1.985s][info][gc,cpu         ] GC(59) User=0.02s Sys=0.00s Real=0.01s
[1.997s][info][gc,start       ] GC(60) Pause Young (Allocation Failure)
[2.012s][info][gc,heap        ] GC(60) PSYoungGen: 27968K(64000K)->16000K(65536K) Eden: 8704K(8704K)->0K(8704K) From: 19264K(55296K)->16000K(56832K)
[2.012s][info][gc,heap        ] GC(60) ParOldGen: 299647K(324608K)->311815K(324608K)
[2.012s][info][gc,metaspace   ] GC(60) Metaspace: 6299K(6464K)->6299K(6464K) NonClass: 5765K(5824K)->5765K(5824K) Class: 533K(640K)->533K(640K)
[2.012s][info][gc             ] GC(60) Pause Young (Allocation Failure) 319M->320M(381M) 15.423ms
[2.012s][info][gc,cpu         ] GC(60) User=0.02s Sys=0.00s Real=0.01s
[2.012s][info][gc,start       ] GC(61) Pause Full (Ergonomics)
[2.012s][info][gc,phases,start] GC(61) Marking Phase
[2.085s][info][gc,phases      ] GC(61) Marking Phase 73.093ms
[2.085s][info][gc,phases,start] GC(61) Summary Phase
[2.085s][info][gc,phases      ] GC(61) Summary Phase 0.022ms
[2.085s][info][gc,phases,start] GC(61) Adjust Roots
[2.086s][info][gc,phases      ] GC(61) Adjust Roots 0.173ms
[2.086s][info][gc,phases,start] GC(61) Compaction Phase
[2.116s][info][gc,phases      ] GC(61) Compaction Phase 30.333ms
[2.116s][info][gc,phases,start] GC(61) Post Compact
[2.118s][info][gc,phases      ] GC(61) Post Compact 1.861ms
[2.118s][info][gc,heap        ] GC(61) PSYoungGen: 16000K(65536K)->2529K(65536K) Eden: 0K(8704K)->0K(8704K) From: 16000K(56832K)->2529K(56832K)
[2.118s][info][gc,heap        ] GC(61) ParOldGen: 311815K(324608K)->324594K(372736K)
[2.118s][info][gc,metaspace   ] GC(61) Metaspace: 6299K(6464K)->6299K(6464K) NonClass: 5765K(5824K)->5765K(5824K) Class: 533K(640K)->533K(640K)
[2.118s][info][gc             ] GC(61) Pause Full (Ergonomics) 320M->319M(428M) 106.002ms
[2.118s][info][gc,cpu         ] GC(61) User=0.56s Sys=0.00s Real=0.11s
[2.129s][info][gc,start       ] GC(62) Pause Young (Allocation Failure)
[2.150s][info][gc,heap        ] GC(62) PSYoungGen: 11233K(65536K)->8800K(65024K) Eden: 8704K(8704K)->0K(9728K) From: 2529K(56832K)->8800K(55296K)
[2.150s][info][gc,heap        ] GC(62) ParOldGen: 324594K(372736K)->327186K(372736K)
[2.150s][info][gc,metaspace   ] GC(62) Metaspace: 6299K(6464K)->6299K(6464K) NonClass: 5765K(5824K)->5765K(5824K) Class: 533K(640K)->533K(640K)
[2.151s][info][gc             ] GC(62) Pause Young (Allocation Failure) 327M->328M(427M) 21.853ms
[2.151s][info][gc,cpu         ] GC(62) User=0.12s Sys=0.00s Real=0.02s
[2.162s][info][gc,start       ] GC(63) Pause Young (Allocation Failure)
[2.172s][info][gc,heap        ] GC(63) PSYoungGen: 18528K(65024K)->18560K(28672K) Eden: 9728K(9728K)->0K(9728K) From: 8800K(55296K)->18560K(18944K)
[2.172s][info][gc,heap        ] GC(63) ParOldGen: 327186K(372736K)->327186K(372736K)
[2.172s][info][gc,metaspace   ] GC(63) Metaspace: 6299K(6464K)->6299K(6464K) NonClass: 5765K(5824K)->5765K(5824K) Class: 533K(640K)->533K(640K)
[2.172s][info][gc             ] GC(63) Pause Young (Allocation Failure) 337M->337M(392M) 10.485ms
[2.172s][info][gc,cpu         ] GC(63) User=0.00s Sys=0.00s Real=0.01s
[2.249s][info][gc,start       ] GC(64) Pause Young (Allocation Failure)
[2.272s][info][gc,heap        ] GC(64) PSYoungGen: 28288K(28672K)->19552K(59904K) Eden: 9728K(9728K)->0K(11264K) From: 18560K(18944K)->19552K(48640K)
[2.272s][info][gc,heap        ] GC(64) ParOldGen: 343570K(372736K)->352402K(372736K)
[2.272s][info][gc,metaspace   ] GC(64) Metaspace: 6299K(6464K)->6299K(6464K) NonClass: 5765K(5824K)->5765K(5824K) Class: 533K(640K)->533K(640K)
[2.272s][info][gc             ] GC(64) Pause Young (Allocation Failure) 363M->363M(422M) 23.228ms
[2.272s][info][gc,cpu         ] GC(64) User=0.05s Sys=0.02s Real=0.02s
[2.282s][info][gc,start       ] GC(65) Pause Young (Allocation Failure)
[2.299s][info][gc,heap        ] GC(65) PSYoungGen: 30816K(59904K)->30816K(62464K) Eden: 11264K(11264K)->0K(11264K) From: 19552K(48640K)->30816K(51200K)
[2.299s][info][gc,heap        ] GC(65) ParOldGen: 352402K(372736K)->352402K(372736K)
[2.299s][info][gc,metaspace   ] GC(65) Metaspace: 6299K(6464K)->6299K(6464K) NonClass: 5765K(5824K)->5765K(5824K) Class: 533K(640K)->533K(640K)
[2.299s][info][gc             ] GC(65) Pause Young (Allocation Failure) 374M->374M(425M) 16.506ms
[2.299s][info][gc,cpu         ] GC(65) User=0.02s Sys=0.00s Real=0.02s
[2.310s][info][gc,start       ] GC(66) Pause Young (Allocation Failure)
[2.331s][info][gc,heap        ] GC(66) PSYoungGen: 42080K(62464K)->32352K(63488K) Eden: 11264K(11264K)->0K(12288K) From: 30816K(51200K)->32352K(51200K)
[2.331s][info][gc,heap        ] GC(66) ParOldGen: 352402K(372736K)->362250K(372736K)
[2.331s][info][gc,metaspace   ] GC(66) Metaspace: 6299K(6464K)->6299K(6464K) NonClass: 5765K(5824K)->5765K(5824K) Class: 533K(640K)->533K(640K)
[2.331s][info][gc             ] GC(66) Pause Young (Allocation Failure) 385M->385M(426M) 21.354ms
[2.331s][info][gc,cpu         ] GC(66) User=0.05s Sys=0.00s Real=0.02s
[2.331s][info][gc,start       ] GC(67) Pause Full (Ergonomics)
[2.331s][info][gc,phases,start] GC(67) Marking Phase
[2.419s][info][gc,phases      ] GC(67) Marking Phase 87.918ms
[2.419s][info][gc,phases,start] GC(67) Summary Phase
[2.419s][info][gc,phases      ] GC(67) Summary Phase 0.027ms
[2.419s][info][gc,phases,start] GC(67) Adjust Roots
[2.419s][info][gc,phases      ] GC(67) Adjust Roots 0.146ms
[2.419s][info][gc,phases,start] GC(67) Compaction Phase
[2.492s][info][gc,phases      ] GC(67) Compaction Phase 72.227ms
[2.492s][info][gc,phases,start] GC(67) Post Compact
[2.494s][info][gc,phases      ] GC(67) Post Compact 2.038ms
[2.494s][info][gc,heap        ] GC(67) PSYoungGen: 32352K(63488K)->13254K(63488K) Eden: 0K(12288K)->0K(12288K) From: 32352K(51200K)->13254K(51200K)
[2.494s][info][gc,heap        ] GC(67) ParOldGen: 362250K(372736K)->372590K(422400K)
[2.494s][info][gc,metaspace   ] GC(67) Metaspace: 6299K(6464K)->6299K(6464K) NonClass: 5765K(5824K)->5765K(5824K) Class: 533K(640K)->533K(640K)
[2.494s][info][gc             ] GC(67) Pause Full (Ergonomics) 385M->376M(474M) 162.861ms
[2.494s][info][gc,cpu         ] GC(67) User=0.94s Sys=0.03s Real=0.16s
[2.507s][info][gc,start       ] GC(68) Pause Young (Allocation Failure)
[2.536s][info][gc,heap        ] GC(68) PSYoungGen: 25542K(63488K)->21696K(34304K) Eden: 12288K(12288K)->0K(12288K) From: 13254K(51200K)->21696K(22016K)
[2.536s][info][gc,heap        ] GC(68) ParOldGen: 372590K(422400K)->376630K(422400K)
[2.536s][info][gc,metaspace   ] GC(68) Metaspace: 6299K(6464K)->6299K(6464K) NonClass: 5765K(5824K)->5765K(5824K) Class: 533K(640K)->533K(640K)
[2.536s][info][gc             ] GC(68) Pause Young (Allocation Failure) 388M->388M(446M) 28.964ms
[2.536s][info][gc,cpu         ] GC(68) User=0.12s Sys=0.00s Real=0.03s
[2.550s][info][gc,start       ] GC(69) Pause Young (Allocation Failure)
[2.567s][info][gc,heap        ] GC(69) PSYoungGen: 33984K(34304K)->33984K(62464K) Eden: 12288K(12288K)->0K(12800K) From: 21696K(22016K)->33984K(49664K)
[2.567s][info][gc,heap        ] GC(69) ParOldGen: 376630K(422400K)->376630K(422400K)
[2.567s][info][gc,metaspace   ] GC(69) Metaspace: 6299K(6464K)->6299K(6464K) NonClass: 5765K(5824K)->5765K(5824K) Class: 533K(640K)->533K(640K)
[2.567s][info][gc             ] GC(69) Pause Young (Allocation Failure) 400M->400M(473M) 16.905ms
[2.567s][info][gc,cpu         ] GC(69) User=0.12s Sys=0.00s Real=0.02s
[2.581s][info][gc,start       ] GC(70) Pause Young (Allocation Failure)
[2.602s][info][gc,heap        ] GC(70) PSYoungGen: 46784K(62464K)->43168K(63488K) Eden: 12800K(12800K)->0K(12800K) From: 33984K(49664K)->43168K(50688K)
[2.602s][info][gc,heap        ] GC(70) ParOldGen: 376630K(422400K)->380334K(422400K)
[2.602s][info][gc,metaspace   ] GC(70) Metaspace: 6299K(6464K)->6299K(6464K) NonClass: 5765K(5824K)->5765K(5824K) Class: 533K(640K)->533K(640K)
[2.602s][info][gc             ] GC(70) Pause Young (Allocation Failure) 413M->413M(474M) 21.646ms
[2.602s][info][gc,cpu         ] GC(70) User=0.14s Sys=0.00s Real=0.02s
[2.616s][info][gc,start       ] GC(71) Pause Young (Allocation Failure)
[2.643s][info][gc,heap        ] GC(71) PSYoungGen: 55968K(63488K)->50304K(64000K) Eden: 12800K(12800K)->0K(9216K) From: 43168K(50688K)->50304K(54784K)
[2.643s][info][gc,heap        ] GC(71) ParOldGen: 380334K(422400K)->386110K(422400K)
[2.643s][info][gc,metaspace   ] GC(71) Metaspace: 6299K(6464K)->6299K(6464K) NonClass: 5765K(5824K)->5765K(5824K) Class: 533K(640K)->533K(640K)
[2.643s][info][gc             ] GC(71) Pause Young (Allocation Failure) 426M->426M(475M) 26.983ms
[2.643s][info][gc,cpu         ] GC(71) User=0.11s Sys=0.00s Real=0.03s
[2.654s][info][gc,start       ] GC(72) Pause Young (Allocation Failure)
[2.682s][info][gc,heap        ] GC(72) PSYoungGen: 59520K(64000K)->34880K(69632K) Eden: 9216K(9216K)->0K(9216K) From: 50304K(54784K)->34880K(60416K)
[2.682s][info][gc,heap        ] GC(72) ParOldGen: 386110K(422400K)->411006K(422400K)
[2.682s][info][gc,metaspace   ] GC(72) Metaspace: 6299K(6464K)->6299K(6464K) NonClass: 5765K(5824K)->5765K(5824K) Class: 533K(640K)->533K(640K)
[2.682s][info][gc             ] GC(72) Pause Young (Allocation Failure) 435M->435M(480M) 28.551ms
[2.682s][info][gc,cpu         ] GC(72) User=0.11s Sys=0.03s Real=0.03s
[2.682s][info][gc,start       ] GC(73) Pause Full (Ergonomics)
[2.682s][info][gc,phases,start] GC(73) Marking Phase
[2.783s][info][gc,phases      ] GC(73) Marking Phase 101.065ms
[2.783s][info][gc,phases,start] GC(73) Summary Phase
[2.784s][info][gc,phases      ] GC(73) Summary Phase 0.027ms
[2.784s][info][gc,phases,start] GC(73) Adjust Roots
[2.784s][info][gc,phases      ] GC(73) Adjust Roots 0.171ms
[2.784s][info][gc,phases,start] GC(73) Compaction Phase
[2.831s][info][gc,phases      ] GC(73) Compaction Phase 47.341ms
[2.831s][info][gc,phases,start] GC(73) Post Compact
[2.833s][info][gc,phases      ] GC(73) Post Compact 2.313ms
[2.834s][info][gc,heap        ] GC(73) PSYoungGen: 34880K(69632K)->22959K(69632K) Eden: 0K(9216K)->0K(9216K) From: 34880K(60416K)->22959K(60416K)
[2.834s][info][gc,heap        ] GC(73) ParOldGen: 411006K(422400K)->422115K(478208K)
[2.834s][info][gc,metaspace   ] GC(73) Metaspace: 6299K(6464K)->6299K(6464K) NonClass: 5765K(5824K)->5765K(5824K) Class: 533K(640K)->533K(640K)
[2.834s][info][gc             ] GC(73) Pause Full (Ergonomics) 435M->434M(535M) 151.441ms
[2.834s][info][gc,cpu         ] GC(73) User=0.97s Sys=0.02s Real=0.15s
[2.844s][info][gc,start       ] GC(74) Pause Young (Allocation Failure)
[2.876s][info][gc,heap        ] GC(74) PSYoungGen: 32175K(69632K)->15424K(69120K) Eden: 9216K(9216K)->0K(10752K) From: 22959K(60416K)->15424K(58368K)
[2.876s][info][gc,heap        ] GC(74) ParOldGen: 422115K(478208K)->439227K(478208K)
[2.876s][info][gc,metaspace   ] GC(74) Metaspace: 6299K(6464K)->6299K(6464K) NonClass: 5765K(5824K)->5765K(5824K) Class: 533K(640K)->533K(640K)
[2.876s][info][gc             ] GC(74) Pause Young (Allocation Failure) 443M->443M(534M) 32.548ms
[2.876s][info][gc,cpu         ] GC(74) User=0.14s Sys=0.02s Real=0.03s
[2.889s][info][gc,start       ] GC(75) Pause Young (Allocation Failure)
[2.903s][info][gc,heap        ] GC(75) PSYoungGen: 26176K(69120K)->20064K(69632K) Eden: 10752K(10752K)->0K(10752K) From: 15424K(58368K)->20064K(58880K)
[2.903s][info][gc,heap        ] GC(75) ParOldGen: 439227K(478208K)->445419K(478208K)
[2.903s][info][gc,metaspace   ] GC(75) Metaspace: 6299K(6464K)->6299K(6464K) NonClass: 5765K(5824K)->5765K(5824K) Class: 533K(640K)->533K(640K)
[2.903s][info][gc             ] GC(75) Pause Young (Allocation Failure) 454M->454M(535M) 14.643ms
[2.903s][info][gc,cpu         ] GC(75) User=0.00s Sys=0.02s Real=0.01s
[2.916s][info][gc,start       ] GC(76) Pause Young (Allocation Failure)
[2.932s][info][gc,heap        ] GC(76) PSYoungGen: 30816K(69632K)->21568K(65536K) Eden: 10752K(10752K)->0K(12288K) From: 20064K(58880K)->21568K(53248K)
[2.932s][info][gc,heap        ] GC(76) ParOldGen: 445419K(478208K)->454755K(478208K)
[2.932s][info][gc,metaspace   ] GC(76) Metaspace: 6299K(6464K)->6299K(6464K) NonClass: 5765K(5824K)->5765K(5824K) Class: 533K(640K)->533K(640K)
[2.932s][info][gc             ] GC(76) Pause Young (Allocation Failure) 465M->465M(531M) 15.947ms
[2.932s][info][gc,cpu         ] GC(76) User=0.02s Sys=0.00s Real=0.02s
[2.947s][info][gc,start       ] GC(77) Pause Young (Allocation Failure)
[2.964s][info][gc,heap        ] GC(77) PSYoungGen: 33856K(65536K)->23168K(35840K) Eden: 12288K(12288K)->0K(12288K) From: 21568K(53248K)->23168K(23552K)
[2.964s][info][gc,heap        ] GC(77) ParOldGen: 454755K(478208K)->465651K(478208K)
[2.964s][info][gc,metaspace   ] GC(77) Metaspace: 6299K(6464K)->6299K(6464K) NonClass: 5765K(5824K)->5765K(5824K) Class: 533K(640K)->533K(640K)
[2.964s][info][gc             ] GC(77) Pause Young (Allocation Failure) 477M->477M(502M) 17.533ms
[2.964s][info][gc,cpu         ] GC(77) User=0.11s Sys=0.02s Real=0.02s
[2.964s][info][gc,start       ] GC(78) Pause Full (Ergonomics)
[2.964s][info][gc,phases,start] GC(78) Marking Phase
[3.070s][info][gc,phases      ] GC(78) Marking Phase 105.653ms
[3.070s][info][gc,phases,start] GC(78) Summary Phase
[3.070s][info][gc,phases      ] GC(78) Summary Phase 0.027ms
[3.070s][info][gc,phases,start] GC(78) Adjust Roots
[3.070s][info][gc,phases      ] GC(78) Adjust Roots 0.154ms
[3.070s][info][gc,phases,start] GC(78) Compaction Phase
[3.120s][info][gc,phases      ] GC(78) Compaction Phase 50.225ms
[3.120s][info][gc,phases,start] GC(78) Post Compact
[3.123s][info][gc,phases      ] GC(78) Post Compact 2.302ms
[3.123s][info][gc,heap        ] GC(78) PSYoungGen: 23168K(35840K)->10202K(35840K) Eden: 0K(12288K)->0K(12288K) From: 23168K(23552K)->10202K(23552K)
[3.123s][info][gc,heap        ] GC(78) ParOldGen: 465651K(478208K)->477755K(537600K)
[3.123s][info][gc,metaspace   ] GC(78) Metaspace: 6299K(6464K)->6299K(6464K) NonClass: 5765K(5824K)->5765K(5824K) Class: 533K(640K)->533K(640K)
[3.123s][info][gc             ] GC(78) Pause Full (Ergonomics) 477M->476M(560M) 158.896ms
[3.123s][info][gc,cpu         ] GC(78) User=0.97s Sys=0.00s Real=0.16s
[3.138s][info][gc,start       ] GC(79) Pause Young (Allocation Failure)
[3.169s][info][gc,heap        ] GC(79) PSYoungGen: 22490K(35840K)->17632K(65024K) Eden: 12288K(12288K)->0K(13824K) From: 10202K(23552K)->17632K(51200K)
[3.169s][info][gc,heap        ] GC(79) ParOldGen: 477755K(537600K)->482851K(537600K)
[3.169s][info][gc,metaspace   ] GC(79) Metaspace: 6299K(6464K)->6299K(6464K) NonClass: 5765K(5824K)->5765K(5824K) Class: 533K(640K)->533K(640K)
[3.169s][info][gc             ] GC(79) Pause Young (Allocation Failure) 488M->488M(588M) 31.208ms
[3.169s][info][gc,cpu         ] GC(79) User=0.14s Sys=0.00s Real=0.03s
[3.185s][info][gc,start       ] GC(80) Pause Young (Allocation Failure)
[3.201s][info][gc,heap        ] GC(80) PSYoungGen: 31456K(65024K)->31424K(66048K) Eden: 13824K(13824K)->0K(13824K) From: 17632K(51200K)->31424K(52224K)
[3.201s][info][gc,heap        ] GC(80) ParOldGen: 482851K(537600K)->482851K(537600K)
[3.201s][info][gc,metaspace   ] GC(80) Metaspace: 6299K(6464K)->6299K(6464K) NonClass: 5765K(5824K)->5765K(5824K) Class: 533K(640K)->533K(640K)
[3.201s][info][gc             ] GC(80) Pause Young (Allocation Failure) 502M->502M(589M) 16.685ms
[3.201s][info][gc,cpu         ] GC(80) User=0.02s Sys=0.00s Real=0.02s
[3.217s][info][gc,start       ] GC(81) Pause Young (Allocation Failure)
[3.239s][info][gc,heap        ] GC(81) PSYoungGen: 45248K(66048K)->40064K(64512K) Eden: 13824K(13824K)->0K(12800K) From: 31424K(52224K)->40064K(51712K)
[3.239s][info][gc,heap        ] GC(81) ParOldGen: 482851K(537600K)->488139K(537600K)
[3.239s][info][gc,metaspace   ] GC(81) Metaspace: 6299K(6464K)->6299K(6464K) NonClass: 5765K(5824K)->5765K(5824K) Class: 533K(640K)->533K(640K)
[3.239s][info][gc             ] GC(81) Pause Young (Allocation Failure) 515M->515M(588M) 21.939ms
[3.239s][info][gc,cpu         ] GC(81) User=0.12s Sys=0.00s Real=0.02s
[3.254s][info][gc,start       ] GC(82) Pause Young (Allocation Failure)
[3.279s][info][gc,heap        ] GC(82) PSYoungGen: 52864K(64512K)->40544K(67072K) Eden: 12800K(12800K)->0K(12800K) From: 40064K(51712K)->40544K(54272K)
[3.279s][info][gc,heap        ] GC(82) ParOldGen: 488139K(537600K)->500595K(537600K)
[3.279s][info][gc,metaspace   ] GC(82) Metaspace: 6299K(6464K)->6299K(6464K) NonClass: 5765K(5824K)->5765K(5824K) Class: 533K(640K)->533K(640K)
[3.279s][info][gc             ] GC(82) Pause Young (Allocation Failure) 528M->528M(590M) 25.425ms
[3.279s][info][gc,cpu         ] GC(82) User=0.14s Sys=0.00s Real=0.02s
[3.294s][info][gc,start       ] GC(83) Pause Young (Allocation Failure)
[3.319s][info][gc,heap        ] GC(83) PSYoungGen: 53344K(67072K)->39552K(69632K) Eden: 12800K(12800K)->0K(13312K) From: 40544K(54272K)->39552K(56320K)
[3.320s][info][gc,heap        ] GC(83) ParOldGen: 500595K(537600K)->514595K(537600K)
[3.320s][info][gc,metaspace   ] GC(83) Metaspace: 6299K(6464K)->6299K(6464K) NonClass: 5765K(5824K)->5765K(5824K) Class: 533K(640K)->533K(640K)
[3.320s][info][gc             ] GC(83) Pause Young (Allocation Failure) 540M->541M(593M) 25.596ms
[3.320s][info][gc,cpu         ] GC(83) User=0.11s Sys=0.02s Real=0.03s
[3.335s][info][gc,start       ] GC(84) Pause Young (Allocation Failure)
[3.362s][info][gc,heap        ] GC(84) PSYoungGen: 52864K(69632K)->26240K(70656K) Eden: 13312K(13312K)->0K(13312K) From: 39552K(56320K)->26240K(57344K)
[3.362s][info][gc,heap        ] GC(84) ParOldGen: 514595K(537600K)->541555K(541696K)
[3.362s][info][gc,metaspace   ] GC(84) Metaspace: 6299K(6464K)->6299K(6464K) NonClass: 5765K(5824K)->5765K(5824K) Class: 533K(640K)->533K(640K)
[3.362s][info][gc             ] GC(84) Pause Young (Allocation Failure) 554M->554M(598M) 26.675ms
[3.362s][info][gc,cpu         ] GC(84) User=0.12s Sys=0.00s Real=0.03s
[3.362s][info][gc,start       ] GC(85) Pause Full (Ergonomics)
[3.362s][info][gc,phases,start] GC(85) Marking Phase
[3.484s][info][gc,phases      ] GC(85) Marking Phase 122.393ms
[3.484s][info][gc,phases,start] GC(85) Summary Phase
[3.484s][info][gc,phases      ] GC(85) Summary Phase 0.021ms
[3.484s][info][gc,phases,start] GC(85) Adjust Roots
[3.485s][info][gc,phases      ] GC(85) Adjust Roots 0.162ms
[3.485s][info][gc,phases,start] GC(85) Compaction Phase
[3.539s][info][gc,phases      ] GC(85) Compaction Phase 54.318ms
[3.539s][info][gc,phases,start] GC(85) Post Compact
[3.540s][info][gc,phases      ] GC(85) Post Compact 0.901ms
[3.540s][info][gc,heap        ] GC(85) PSYoungGen: 26240K(70656K)->25025K(70656K) Eden: 0K(13312K)->0K(13312K) From: 26240K(57344K)->25025K(57344K)
[3.540s][info][gc,heap        ] GC(85) ParOldGen: 541555K(541696K)->541585K(610816K)
[3.540s][info][gc,metaspace   ] GC(85) Metaspace: 6299K(6464K)->6299K(6464K) NonClass: 5765K(5824K)->5765K(5824K) Class: 533K(640K)->533K(640K)
[3.540s][info][gc             ] GC(85) Pause Full (Ergonomics) 554M->553M(665M) 178.321ms
[3.540s][info][gc,cpu         ] GC(85) User=1.30s Sys=0.00s Real=0.18s
[3.557s][info][gc,start       ] GC(86) Pause Young (Allocation Failure)
[3.596s][info][gc,heap        ] GC(86) PSYoungGen: 38337K(70656K)->13472K(70144K) Eden: 13312K(13312K)->0K(14848K) From: 25025K(57344K)->13472K(55296K)
[3.596s][info][gc,heap        ] GC(86) ParOldGen: 541585K(610816K)->567001K(610816K)
[3.596s][info][gc,metaspace   ] GC(86) Metaspace: 6299K(6464K)->6299K(6464K) NonClass: 5765K(5824K)->5765K(5824K) Class: 533K(640K)->533K(640K)
[3.596s][info][gc             ] GC(86) Pause Young (Allocation Failure) 566M->566M(665M) 39.496ms
[3.596s][info][gc,cpu         ] GC(86) User=0.22s Sys=0.03s Real=0.04s
[3.613s][info][gc,start       ] GC(87) Pause Young (Allocation Failure)
[3.629s][info][gc,heap        ] GC(87) PSYoungGen: 28320K(70144K)->14944K(70656K) Eden: 14848K(14848K)->0K(14848K) From: 13472K(55296K)->14944K(55808K)
[3.629s][info][gc,heap        ] GC(87) ParOldGen: 567001K(610816K)->580505K(610816K)
[3.629s][info][gc,metaspace   ] GC(87) Metaspace: 6299K(6464K)->6299K(6464K) NonClass: 5765K(5824K)->5765K(5824K) Class: 533K(640K)->533K(640K)
[3.629s][info][gc             ] GC(87) Pause Young (Allocation Failure) 581M->581M(665M) 16.371ms
[3.629s][info][gc,cpu         ] GC(87) User=0.03s Sys=0.00s Real=0.02s
[3.647s][info][gc,start       ] GC(88) Pause Young (Allocation Failure)
[3.664s][info][gc,heap        ] GC(88) PSYoungGen: 29792K(70656K)->14944K(70144K) Eden: 14848K(14848K)->0K(16896K) From: 14944K(55808K)->14944K(53248K)
[3.664s][info][gc,heap        ] GC(88) ParOldGen: 580505K(610816K)->595553K(610816K)
[3.664s][info][gc,metaspace   ] GC(88) Metaspace: 6299K(6464K)->6299K(6464K) NonClass: 5765K(5824K)->5765K(5824K) Class: 533K(640K)->533K(640K)
[3.664s][info][gc             ] GC(88) Pause Young (Allocation Failure) 595M->596M(665M) 16.882ms
[3.664s][info][gc,cpu         ] GC(88) User=0.03s Sys=0.00s Real=0.02s
[3.664s][info][gc,start       ] GC(89) Pause Full (Ergonomics)
[3.664s][info][gc,phases,start] GC(89) Marking Phase
[3.802s][info][gc,phases      ] GC(89) Marking Phase 138.245ms
[3.802s][info][gc,phases,start] GC(89) Summary Phase
[3.802s][info][gc,phases      ] GC(89) Summary Phase 0.024ms
[3.802s][info][gc,phases,start] GC(89) Adjust Roots
[3.802s][info][gc,phases      ] GC(89) Adjust Roots 0.153ms
[3.802s][info][gc,phases,start] GC(89) Compaction Phase
[3.858s][info][gc,phases      ] GC(89) Compaction Phase 55.129ms
[3.858s][info][gc,phases,start] GC(89) Post Compact
[3.859s][info][gc,phases      ] GC(89) Post Compact 0.981ms
[3.859s][info][gc,heap        ] GC(89) PSYoungGen: 14944K(70144K)->0K(71168K) Eden: 0K(16896K)->0K(16896K) From: 14944K(53248K)->0K(54272K)
[3.859s][info][gc,heap        ] GC(89) ParOldGen: 595553K(610816K)->609520K(685568K)
[3.859s][info][gc,metaspace   ] GC(89) Metaspace: 6299K(6464K)->6299K(6464K) NonClass: 5765K(5824K)->5765K(5824K) Class: 533K(640K)->533K(640K)
[3.859s][info][gc             ] GC(89) Pause Full (Ergonomics) 596M->595M(739M) 195.042ms
[3.859s][info][gc,cpu         ] GC(89) User=1.25s Sys=0.02s Real=0.20s
[3.880s][info][gc,start       ] GC(90) Pause Young (Allocation Failure)
[3.891s][info][gc,heap        ] GC(90) PSYoungGen: 16896K(71168K)->17056K(69120K) Eden: 16896K(16896K)->0K(18432K) From: 0K(54272K)->17056K(50688K)
[3.891s][info][gc,heap        ] GC(90) ParOldGen: 609520K(685568K)->609520K(685568K)
[3.891s][info][gc,metaspace   ] GC(90) Metaspace: 6299K(6464K)->6299K(6464K) NonClass: 5765K(5824K)->5765K(5824K) Class: 533K(640K)->533K(640K)
[3.891s][info][gc             ] GC(90) Pause Young (Allocation Failure) 611M->611M(737M) 11.363ms
[3.891s][info][gc,cpu         ] GC(90) User=0.02s Sys=0.00s Real=0.01s
[3.914s][info][gc,start       ] GC(91) Pause Young (Allocation Failure)
[3.934s][info][gc,heap        ] GC(91) PSYoungGen: 35488K(69120K)->35488K(71168K) Eden: 18432K(18432K)->0K(18432K) From: 17056K(50688K)->35488K(52736K)
[3.934s][info][gc,heap        ] GC(91) ParOldGen: 609520K(685568K)->609520K(685568K)
[3.934s][info][gc,metaspace   ] GC(91) Metaspace: 6299K(6464K)->6299K(6464K) NonClass: 5765K(5824K)->5765K(5824K) Class: 533K(640K)->533K(640K)
[3.934s][info][gc             ] GC(91) Pause Young (Allocation Failure) 629M->629M(739M) 19.241ms
[3.934s][info][gc,cpu         ] GC(91) User=0.12s Sys=0.00s Real=0.02s
[3.955s][info][gc,start       ] GC(92) Pause Young (Allocation Failure)
[3.982s][info][gc,heap        ] GC(92) PSYoungGen: 53920K(71168K)->53888K(67072K) Eden: 18432K(18432K)->0K(12800K) From: 35488K(52736K)->53888K(54272K)
[3.982s][info][gc,heap        ] GC(92) ParOldGen: 609520K(685568K)->609520K(685568K)
[3.982s][info][gc,metaspace   ] GC(92) Metaspace: 6299K(6464K)->6299K(6464K) NonClass: 5765K(5824K)->5765K(5824K) Class: 533K(640K)->533K(640K)
[3.982s][info][gc             ] GC(92) Pause Young (Allocation Failure) 647M->647M(735M) 27.104ms
[3.982s][info][gc,cpu         ] GC(92) User=0.14s Sys=0.00s Real=0.03s
[3.998s][info][gc,start       ] GC(93) Pause Young (Allocation Failure)
[4.029s][info][gc,heap        ] GC(93) PSYoungGen: 66688K(67072K)->61952K(74752K) Eden: 12800K(12800K)->0K(12800K) From: 53888K(54272K)->61952K(61952K)
[4.029s][info][gc,heap        ] GC(93) ParOldGen: 609520K(685568K)->614224K(685568K)
[4.029s][info][gc,metaspace   ] GC(93) Metaspace: 6299K(6464K)->6299K(6464K) NonClass: 5765K(5824K)->5765K(5824K) Class: 533K(640K)->533K(640K)
[4.029s][info][gc             ] GC(93) Pause Young (Allocation Failure) 660M->660M(742M) 30.941ms
[4.029s][info][gc,cpu         ] GC(93) User=0.14s Sys=0.00s Real=0.03s
[4.046s][info][gc,start       ] GC(94) Pause Young (Allocation Failure)
[4.080s][info][gc,heap        ] GC(94) PSYoungGen: 74752K(74752K)->42240K(86016K) Eden: 12800K(12800K)->0K(14336K) From: 61952K(61952K)->42240K(71680K)
[4.080s][info][gc,heap        ] GC(94) ParOldGen: 614224K(685568K)->647312K(685568K)
[4.080s][info][gc,metaspace   ] GC(94) Metaspace: 6299K(6464K)->6299K(6464K) NonClass: 5765K(5824K)->5765K(5824K) Class: 533K(640K)->533K(640K)
[4.080s][info][gc             ] GC(94) Pause Young (Allocation Failure) 672M->673M(753M) 34.206ms
[4.080s][info][gc,cpu         ] GC(94) User=0.23s Sys=0.02s Real=0.03s
[4.099s][info][gc,start       ] GC(95) Pause Young (Allocation Failure)
[4.126s][info][gc,heap        ] GC(95) PSYoungGen: 56576K(86016K)->39648K(86528K) Eden: 14336K(14336K)->0K(14336K) From: 42240K(71680K)->39648K(72192K)
[4.126s][info][gc,heap        ] GC(95) ParOldGen: 647312K(685568K)->664472K(685568K)
[4.126s][info][gc,metaspace   ] GC(95) Metaspace: 6299K(6464K)->6299K(6464K) NonClass: 5765K(5824K)->5765K(5824K) Class: 533K(640K)->533K(640K)
[4.126s][info][gc             ] GC(95) Pause Young (Allocation Failure) 687M->687M(754M) 27.347ms
[4.126s][info][gc,cpu         ] GC(95) User=0.23s Sys=0.02s Real=0.03s
[4.126s][info][gc,start       ] GC(96) Pause Full (Ergonomics)
[4.126s][info][gc,phases,start] GC(96) Marking Phase
[4.281s][info][gc,phases      ] GC(96) Marking Phase 154.632ms
[4.281s][info][gc,phases,start] GC(96) Summary Phase
[4.281s][info][gc,phases      ] GC(96) Summary Phase 0.029ms
[4.281s][info][gc,phases,start] GC(96) Adjust Roots
[4.281s][info][gc,phases      ] GC(96) Adjust Roots 0.180ms
[4.281s][info][gc,phases,start] GC(96) Compaction Phase
[4.342s][info][gc,phases      ] GC(96) Compaction Phase 61.072ms
[4.342s][info][gc,phases,start] GC(96) Post Compact
[4.344s][info][gc,phases      ] GC(96) Post Compact 1.080ms
[4.344s][info][gc,heap        ] GC(96) PSYoungGen: 39648K(86528K)->17951K(86528K) Eden: 0K(14336K)->0K(14336K) From: 39648K(72192K)->17951K(72192K)
[4.344s][info][gc,heap        ] GC(96) ParOldGen: 664472K(685568K)->685083K(769536K)
[4.344s][info][gc,metaspace   ] GC(96) Metaspace: 6299K(6464K)->6299K(6464K) NonClass: 5765K(5824K)->5765K(5824K) Class: 533K(640K)->533K(640K)
[4.344s][info][gc             ] GC(96) Pause Full (Ergonomics) 687M->686M(836M) 217.559ms
[4.344s][info][gc,cpu         ] GC(96) User=1.55s Sys=0.00s Real=0.22s
[4.479s][info][gc,start       ] GC(97) Pause Young (Allocation Failure)
[4.524s][info][gc,heap        ] GC(97) PSYoungGen: 32287K(86528K)->26496K(80896K) Eden: 14336K(14336K)->0K(15872K) From: 17951K(72192K)->26496K(65024K)
[4.524s][info][gc,heap        ] GC(97) ParOldGen: 717851K(769536K)->723907K(769536K)
[4.524s][info][gc,metaspace   ] GC(97) Metaspace: 6299K(6464K)->6299K(6464K) NonClass: 5765K(5824K)->5765K(5824K) Class: 533K(640K)->533K(640K)
[4.524s][info][gc             ] GC(97) Pause Young (Allocation Failure) 732M->732M(830M) 44.764ms
[4.524s][info][gc,cpu         ] GC(97) User=0.20s Sys=0.00s Real=0.05s
[4.541s][info][gc,start       ] GC(98) Pause Young (Allocation Failure)
[4.564s][info][gc,heap        ] GC(98) PSYoungGen: 42368K(80896K)->42368K(83968K) Eden: 15872K(15872K)->0K(15872K) From: 26496K(65024K)->42368K(68096K)
[4.564s][info][gc,heap        ] GC(98) ParOldGen: 723907K(769536K)->723907K(769536K)
[4.564s][info][gc,metaspace   ] GC(98) Metaspace: 6299K(6464K)->6299K(6464K) NonClass: 5765K(5824K)->5765K(5824K) Class: 533K(640K)->533K(640K)
[4.564s][info][gc             ] GC(98) Pause Young (Allocation Failure) 748M->748M(833M) 22.656ms
[4.564s][info][gc,cpu         ] GC(98) User=0.02s Sys=0.00s Real=0.02s
[4.581s][info][gc,start       ] GC(99) Pause Young (Allocation Failure)
[4.609s][info][gc,heap        ] GC(99) PSYoungGen: 58240K(83968K)->53024K(82432K) Eden: 15872K(15872K)->0K(14336K) From: 42368K(68096K)->53024K(68096K)
[4.609s][info][gc,heap        ] GC(99) ParOldGen: 723907K(769536K)->729227K(769536K)
[4.609s][info][gc,metaspace   ] GC(99) Metaspace: 6299K(6464K)->6299K(6464K) NonClass: 5765K(5824K)->5765K(5824K) Class: 533K(640K)->533K(640K)
[4.609s][info][gc             ] GC(99) Pause Young (Allocation Failure) 763M->763M(832M) 28.362ms
[4.609s][info][gc,cpu         ] GC(99) User=0.14s Sys=0.00s Real=0.03s
[4.626s][info][gc,start       ] GC(100) Pause Young (Allocation Failure)
[4.658s][info][gc,heap        ] GC(100) PSYoungGen: 67360K(82432K)->60576K(86016K) Eden: 14336K(14336K)->0K(14336K) From: 53024K(68096K)->60576K(71680K)
[4.658s][info][gc,heap        ] GC(100) ParOldGen: 729227K(769536K)->736147K(769536K)
[4.658s][info][gc,metaspace   ] GC(100) Metaspace: 6299K(6464K)->6299K(6464K) NonClass: 5765K(5824K)->5765K(5824K) Class: 533K(640K)->533K(640K)
[4.658s][info][gc             ] GC(100) Pause Young (Allocation Failure) 777M->778M(835M) 31.970ms
[4.658s][info][gc,cpu         ] GC(100) User=0.09s Sys=0.00s Real=0.03s
[4.672s][info][gc,start       ] GC(101) Pause Young (Allocation Failure)
[4.708s][info][gc,heap        ] GC(101) PSYoungGen: 74912K(86016K)->44704K(90624K) Eden: 14336K(14336K)->0K(16384K) From: 60576K(71680K)->44704K(74240K)
[4.708s][info][gc,heap        ] GC(101) ParOldGen: 736147K(769536K)->766731K(769536K)
[4.708s][info][gc,metaspace   ] GC(101) Metaspace: 6299K(6464K)->6299K(6464K) NonClass: 5765K(5824K)->5765K(5824K) Class: 533K(640K)->533K(640K)
[4.708s][info][gc             ] GC(101) Pause Young (Allocation Failure) 792M->792M(840M) 35.751ms
[4.708s][info][gc,cpu         ] GC(101) User=0.06s Sys=0.03s Real=0.04s
[4.708s][info][gc,start       ] GC(102) Pause Full (Ergonomics)
[4.708s][info][gc,phases,start] GC(102) Marking Phase
[4.878s][info][gc,phases      ] GC(102) Marking Phase 170.103ms
[4.878s][info][gc,phases,start] GC(102) Summary Phase
[4.878s][info][gc,phases      ] GC(102) Summary Phase 0.023ms
[4.878s][info][gc,phases,start] GC(102) Adjust Roots
[4.878s][info][gc,phases      ] GC(102) Adjust Roots 0.159ms
[4.878s][info][gc,phases,start] GC(102) Compaction Phase
[5.012s][info][gc,phases      ] GC(102) Compaction Phase 133.366ms
[5.012s][info][gc,phases,start] GC(102) Post Compact
[5.013s][info][gc,phases      ] GC(102) Post Compact 1.601ms
[5.014s][info][gc,heap        ] GC(102) PSYoungGen: 44704K(90624K)->24523K(92160K) Eden: 0K(16384K)->0K(17920K) From: 44704K(74240K)->24523K(74240K)
[5.014s][info][gc,heap        ] GC(102) ParOldGen: 766731K(769536K)->769492K(860672K)
[5.014s][info][gc,metaspace   ] GC(102) Metaspace: 6299K(6464K)->6299K(6464K) NonClass: 5765K(5824K)->5765K(5824K) Class: 533K(640K)->533K(640K)
[5.014s][info][gc             ] GC(102) Pause Full (Ergonomics) 792M->775M(930M) 305.909ms
[5.014s][info][gc,cpu         ] GC(102) User=2.22s Sys=0.02s Real=0.31s
[5.033s][info][gc,start       ] GC(103) Pause Young (Allocation Failure)
[5.084s][info][gc,heap        ] GC(103) PSYoungGen: 42443K(92160K)->26976K(93696K) Eden: 17920K(17920K)->0K(17920K) From: 24523K(74240K)->26976K(75776K)
[5.084s][info][gc,heap        ] GC(103) ParOldGen: 769492K(860672K)->785396K(860672K)
[5.084s][info][gc,metaspace   ] GC(103) Metaspace: 6299K(6464K)->6299K(6464K) NonClass: 5765K(5824K)->5765K(5824K) Class: 533K(640K)->533K(640K)
[5.084s][info][gc             ] GC(103) Pause Young (Allocation Failure) 792M->793M(932M) 50.138ms
[5.084s][info][gc,cpu         ] GC(103) User=0.36s Sys=0.02s Real=0.05s
[5.103s][info][gc,start       ] GC(104) Pause Young (Allocation Failure)
[5.126s][info][gc,heap        ] GC(104) PSYoungGen: 44896K(93696K)->36000K(87040K) Eden: 17920K(17920K)->0K(19968K) From: 26976K(75776K)->36000K(67072K)
[5.126s][info][gc,heap        ] GC(104) ParOldGen: 785396K(860672K)->794372K(860672K)
[5.126s][info][gc,metaspace   ] GC(104) Metaspace: 6299K(6464K)->6299K(6464K) NonClass: 5765K(5824K)->5765K(5824K) Class: 533K(640K)->533K(640K)
[5.126s][info][gc             ] GC(104) Pause Young (Allocation Failure) 810M->810M(925M) 23.157ms
[5.126s][info][gc,cpu         ] GC(104) User=0.12s Sys=0.00s Real=0.02s
[5.148s][info][gc,start       ] GC(105) Pause Young (Allocation Failure)
[5.176s][info][gc,heap        ] GC(105) PSYoungGen: 55968K(87040K)->38048K(58368K) Eden: 19968K(19968K)->0K(19968K) From: 36000K(67072K)->38048K(38400K)
[5.176s][info][gc,heap        ] GC(105) ParOldGen: 794372K(860672K)->812532K(860672K)
[5.176s][info][gc,metaspace   ] GC(105) Metaspace: 6299K(6464K)->6299K(6464K) NonClass: 5765K(5824K)->5765K(5824K) Class: 533K(640K)->533K(640K)
[5.176s][info][gc             ] GC(105) Pause Young (Allocation Failure) 830M->830M(897M) 27.861ms
[5.176s][info][gc,cpu         ] GC(105) User=0.06s Sys=0.06s Real=0.03s
[5.196s][info][gc,start       ] GC(106) Pause Young (Allocation Failure)
[5.226s][info][gc,heap        ] GC(106) PSYoungGen: 58016K(58368K)->40096K(86016K) Eden: 19968K(19968K)->0K(22528K) From: 38048K(38400K)->40096K(63488K)
[5.226s][info][gc,heap        ] GC(106) ParOldGen: 812532K(860672K)->830692K(860672K)
[5.226s][info][gc,metaspace   ] GC(106) Metaspace: 6299K(6464K)->6299K(6464K) NonClass: 5765K(5824K)->5765K(5824K) Class: 533K(640K)->533K(640K)
[5.226s][info][gc             ] GC(106) Pause Young (Allocation Failure) 850M->850M(924M) 29.527ms
[5.226s][info][gc,cpu         ] GC(106) User=0.14s Sys=0.00s Real=0.03s
[5.226s][info][gc,start       ] GC(107) Pause Full (Ergonomics)
[5.226s][info][gc,phases,start] GC(107) Marking Phase
[5.424s][info][gc,phases      ] GC(107) Marking Phase 197.995ms
[5.424s][info][gc,phases,start] GC(107) Summary Phase
[5.424s][info][gc,phases      ] GC(107) Summary Phase 0.028ms
[5.424s][info][gc,phases,start] GC(107) Adjust Roots
[5.424s][info][gc,phases      ] GC(107) Adjust Roots 0.175ms
[5.424s][info][gc,phases,start] GC(107) Compaction Phase
[5.512s][info][gc,phases      ] GC(107) Compaction Phase 87.357ms
[5.512s][info][gc,phases,start] GC(107) Post Compact
[5.513s][info][gc,phases      ] GC(107) Post Compact 1.534ms
[5.514s][info][gc,heap        ] GC(107) PSYoungGen: 40096K(86016K)->9213K(88064K) Eden: 0K(22528K)->0K(24576K) From: 40096K(63488K)->9213K(63488K)
[5.514s][info][gc,heap        ] GC(107) ParOldGen: 830692K(860672K)->860447K(956416K)
[5.514s][info][gc,metaspace   ] GC(107) Metaspace: 6299K(6464K)->6299K(6464K) NonClass: 5765K(5824K)->5765K(5824K) Class: 533K(640K)->533K(640K)
[5.514s][info][gc             ] GC(107) Pause Full (Ergonomics) 850M->849M(1020M) 287.786ms
[5.514s][info][gc,cpu         ] GC(107) User=1.97s Sys=0.00s Real=0.29s
[5.542s][info][gc,start       ] GC(108) Pause Young (Allocation Failure)
[5.593s][info][gc,heap        ] GC(108) PSYoungGen: 33789K(88064K)->30272K(90112K) Eden: 24576K(24576K)->0K(24576K) From: 9213K(63488K)->30272K(65536K)
[5.593s][info][gc,heap        ] GC(108) ParOldGen: 860447K(956416K)->864183K(956416K)
[5.593s][info][gc,metaspace   ] GC(108) Metaspace: 6299K(6464K)->6299K(6464K) NonClass: 5765K(5824K)->5765K(5824K) Class: 533K(640K)->533K(640K)
[5.593s][info][gc             ] GC(108) Pause Young (Allocation Failure) 873M->873M(1022M) 50.742ms
[5.593s][info][gc,cpu         ] GC(108) User=0.27s Sys=0.00s Real=0.05s
[5.621s][info][gc,start       ] GC(109) Pause Young (Allocation Failure)
[5.649s][info][gc,heap        ] GC(109) PSYoungGen: 54848K(90112K)->54912K(87040K) Eden: 24576K(24576K)->0K(23040K) From: 30272K(65536K)->54912K(64000K)
[5.649s][info][gc,heap        ] GC(109) ParOldGen: 864183K(956416K)->864183K(956416K)
[5.650s][info][gc,metaspace   ] GC(109) Metaspace: 6299K(6464K)->6299K(6464K) NonClass: 5765K(5824K)->5765K(5824K) Class: 533K(640K)->533K(640K)
[5.650s][info][gc             ] GC(109) Pause Young (Allocation Failure) 897M->897M(1019M) 28.616ms
[5.650s][info][gc,cpu         ] GC(109) User=0.14s Sys=0.00s Real=0.03s
[5.675s][info][gc,start       ] GC(110) Pause Young (Allocation Failure)
[5.714s][info][gc,heap        ] GC(110) PSYoungGen: 77952K(87040K)->68096K(91136K) Eden: 23040K(23040K)->0K(23040K) From: 54912K(64000K)->68096K(68096K)
[5.714s][info][gc,heap        ] GC(110) ParOldGen: 864183K(956416K)->874039K(956416K)
[5.714s][info][gc,metaspace   ] GC(110) Metaspace: 6299K(6464K)->6299K(6464K) NonClass: 5765K(5824K)->5765K(5824K) Class: 533K(640K)->533K(640K)
[5.714s][info][gc             ] GC(110) Pause Young (Allocation Failure) 920M->920M(1023M) 38.626ms
[5.714s][info][gc,cpu         ] GC(110) User=0.25s Sys=0.02s Real=0.04s
[5.740s][info][gc,start       ] GC(111) Pause Young (Allocation Failure)
[5.785s][info][gc,heap        ] GC(111) PSYoungGen: 91136K(91136K)->66112K(99840K) Eden: 23040K(23040K)->0K(20480K) From: 68096K(68096K)->66112K(79360K)
[5.785s][info][gc,heap        ] GC(111) ParOldGen: 874039K(956416K)->899559K(956416K)
[5.785s][info][gc,metaspace   ] GC(111) Metaspace: 6299K(6464K)->6299K(6464K) NonClass: 5765K(5824K)->5765K(5824K) Class: 533K(640K)->533K(640K)
[5.785s][info][gc             ] GC(111) Pause Young (Allocation Failure) 942M->943M(1031M) 44.382ms
[5.785s][info][gc,cpu         ] GC(111) User=0.22s Sys=0.03s Real=0.04s
[5.808s][info][gc,start       ] GC(112) Pause Young (Allocation Failure)
[5.850s][info][gc,heap        ] GC(112) PSYoungGen: 86592K(99840K)->63680K(104960K) Eden: 20480K(20480K)->0K(20480K) From: 66112K(79360K)->63680K(84480K)
[5.850s][info][gc,heap        ] GC(112) ParOldGen: 899559K(956416K)->922775K(956416K)
[5.850s][info][gc,metaspace   ] GC(112) Metaspace: 6299K(6464K)->6299K(6464K) NonClass: 5765K(5824K)->5765K(5824K) Class: 533K(640K)->533K(640K)
[5.850s][info][gc             ] GC(112) Pause Young (Allocation Failure) 963M->963M(1036M) 41.852ms
[5.850s][info][gc,cpu         ] GC(112) User=0.22s Sys=0.03s Real=0.04s
[5.850s][info][gc,start       ] GC(113) Pause Full (Ergonomics)
[5.850s][info][gc,phases,start] GC(113) Marking Phase
[6.079s][info][gc,phases      ] GC(113) Marking Phase 228.550ms
[6.079s][info][gc,phases,start] GC(113) Summary Phase
[6.079s][info][gc,phases      ] GC(113) Summary Phase 0.029ms
[6.079s][info][gc,phases,start] GC(113) Adjust Roots
[6.079s][info][gc,phases      ] GC(113) Adjust Roots 0.152ms
[6.079s][info][gc,phases,start] GC(113) Compaction Phase
[6.174s][info][gc,phases      ] GC(113) Compaction Phase 95.043ms
[6.174s][info][gc,phases,start] GC(113) Post Compact
[6.176s][info][gc,phases      ] GC(113) Post Compact 1.808ms
[6.176s][info][gc,heap        ] GC(113) PSYoungGen: 63680K(104960K)->29150K(104960K) Eden: 0K(20480K)->0K(20480K) From: 63680K(84480K)->29150K(84480K)
[6.176s][info][gc,heap        ] GC(113) ParOldGen: 922775K(956416K)->956059K(1061376K)
[6.176s][info][gc,metaspace   ] GC(113) Metaspace: 6299K(6464K)->6299K(6464K) NonClass: 5765K(5824K)->5765K(5824K) Class: 533K(640K)->533K(640K)
[6.176s][info][gc             ] GC(113) Pause Full (Ergonomics) 963M->962M(1139M) 326.275ms
[6.176s][info][gc,cpu         ] GC(113) User=2.11s Sys=0.02s Real=0.33s
[6.201s][info][gc,start       ] GC(114) Pause Young (Allocation Failure)
[6.268s][info][gc,heap        ] GC(114) PSYoungGen: 49630K(104960K)->42752K(102400K) Eden: 20480K(20480K)->0K(22528K) From: 29150K(84480K)->42752K(79872K)
[6.268s][info][gc,heap        ] GC(114) ParOldGen: 956059K(1061376K)->963267K(1061376K)
[6.268s][info][gc,metaspace   ] GC(114) Metaspace: 6299K(6464K)->6299K(6464K) NonClass: 5765K(5824K)->5765K(5824K) Class: 533K(640K)->533K(640K)
[6.268s][info][gc             ] GC(114) Pause Young (Allocation Failure) 982M->982M(1136M) 66.718ms
[6.268s][info][gc,cpu         ] GC(114) User=0.39s Sys=0.00s Real=0.07s
[6.294s][info][gc,start       ] GC(115) Pause Young (Allocation Failure)
[6.327s][info][gc,heap        ] GC(115) PSYoungGen: 65280K(102400K)->65344K(106496K) Eden: 22528K(22528K)->0K(22528K) From: 42752K(79872K)->65344K(83968K)
[6.327s][info][gc,heap        ] GC(115) ParOldGen: 963267K(1061376K)->963267K(1061376K)
[6.327s][info][gc,metaspace   ] GC(115) Metaspace: 6299K(6464K)->6299K(6464K) NonClass: 5765K(5824K)->5765K(5824K) Class: 533K(640K)->533K(640K)
[6.327s][info][gc             ] GC(115) Pause Young (Allocation Failure) 1004M->1004M(1140M) 33.252ms
[6.327s][info][gc,cpu         ] GC(115) User=0.14s Sys=0.00s Real=0.03s
[6.353s][info][gc,start       ] GC(116) Pause Young (Allocation Failure)
[6.396s][info][gc,heap        ] GC(116) PSYoungGen: 87872K(106496K)->75328K(106496K) Eden: 22528K(22528K)->0K(18944K) From: 65344K(83968K)->75328K(87552K)
[6.396s][info][gc,heap        ] GC(116) ParOldGen: 963267K(1061376K)->975931K(1061376K)
[6.396s][info][gc,metaspace   ] GC(116) Metaspace: 6299K(6464K)->6299K(6464K) NonClass: 5765K(5824K)->5765K(5824K) Class: 533K(640K)->533K(640K)
[6.396s][info][gc             ] GC(116) Pause Young (Allocation Failure) 1026M->1026M(1140M) 43.256ms
[6.396s][info][gc,cpu         ] GC(116) User=0.25s Sys=0.00s Real=0.04s
[6.417s][info][gc,start       ] GC(117) Pause Young (Allocation Failure)
[6.463s][info][gc,heap        ] GC(117) PSYoungGen: 94272K(106496K)->84704K(112640K) Eden: 18944K(18944K)->0K(18944K) From: 75328K(87552K)->84704K(93696K)
[6.463s][info][gc,heap        ] GC(117) ParOldGen: 975931K(1061376K)->985659K(1061376K)
[6.463s][info][gc,metaspace   ] GC(117) Metaspace: 6299K(6464K)->6299K(6464K) NonClass: 5765K(5824K)->5765K(5824K) Class: 533K(640K)->533K(640K)
[6.463s][info][gc             ] GC(117) Pause Young (Allocation Failure) 1045M->1045M(1146M) 46.194ms
[6.463s][info][gc,cpu         ] GC(117) User=0.25s Sys=0.00s Real=0.04s
[6.487s][info][gc,start       ] GC(118) Pause Young (Allocation Failure)
[6.543s][info][gc,heap        ] GC(118) PSYoungGen: 103648K(112640K)->60608K(118272K) Eden: 18944K(18944K)->0K(21504K) From: 84704K(93696K)->60608K(96768K)
[6.543s][info][gc,heap        ] GC(118) ParOldGen: 985659K(1061376K)->1029219K(1061376K)
[6.543s][info][gc,metaspace   ] GC(118) Metaspace: 6299K(6464K)->6299K(6464K) NonClass: 5765K(5824K)->5765K(5824K) Class: 533K(640K)->533K(640K)
[6.543s][info][gc             ] GC(118) Pause Young (Allocation Failure) 1063M->1064M(1152M) 55.404ms
[6.543s][info][gc,cpu         ] GC(118) User=0.30s Sys=0.09s Real=0.06s
[6.543s][info][gc,start       ] GC(119) Pause Full (Ergonomics)
[6.543s][info][gc,phases,start] GC(119) Marking Phase
[6.792s][info][gc,phases      ] GC(119) Marking Phase 249.195ms
[6.792s][info][gc,phases,start] GC(119) Summary Phase
[6.792s][info][gc,phases      ] GC(119) Summary Phase 0.032ms
[6.792s][info][gc,phases,start] GC(119) Adjust Roots
[6.792s][info][gc,phases      ] GC(119) Adjust Roots 0.178ms
[6.792s][info][gc,phases,start] GC(119) Compaction Phase
[6.892s][info][gc,phases      ] GC(119) Compaction Phase 99.542ms
[6.892s][info][gc,phases,start] GC(119) Post Compact
[6.894s][info][gc,phases      ] GC(119) Post Compact 1.833ms
[6.894s][info][gc,heap        ] GC(119) PSYoungGen: 60608K(118272K)->27114K(120832K) Eden: 0K(21504K)->0K(24064K) From: 60608K(96768K)->27114K(96768K)
[6.894s][info][gc,heap        ] GC(119) ParOldGen: 1029219K(1061376K)->1061372K(1178624K)
[6.894s][info][gc,metaspace   ] GC(119) Metaspace: 6299K(6464K)->6299K(6464K) NonClass: 5765K(5824K)->5765K(5824K) Class: 533K(640K)->533K(640K)
[6.894s][info][gc             ] GC(119) Pause Full (Ergonomics) 1064M->1062M(1269M) 351.616ms
[6.894s][info][gc,cpu         ] GC(119) User=2.45s Sys=0.03s Real=0.35s
[6.923s][info][gc,start       ] GC(120) Pause Young (Allocation Failure)
[6.993s][info][gc,heap        ] GC(120) PSYoungGen: 51178K(120832K)->32064K(123392K) Eden: 24064K(24064K)->0K(24064K) From: 27114K(96768K)->32064K(99328K)
[6.993s][info][gc,heap        ] GC(120) ParOldGen: 1061372K(1178624K)->1080932K(1178624K)
[6.993s][info][gc,metaspace   ] GC(120) Metaspace: 6299K(6464K)->6299K(6464K) NonClass: 5765K(5824K)->5765K(5824K) Class: 533K(640K)->533K(640K)
[6.993s][info][gc             ] GC(120) Pause Young (Allocation Failure) 1086M->1086M(1271M) 70.682ms
[6.993s][info][gc,cpu         ] GC(120) User=0.39s Sys=0.03s Real=0.07s
[7.020s][info][gc,start       ] GC(121) Pause Young (Allocation Failure)
[7.050s][info][gc,heap        ] GC(121) PSYoungGen: 56128K(123392K)->48288K(117248K) Eden: 24064K(24064K)->0K(26624K) From: 32064K(99328K)->48288K(90624K)
[7.050s][info][gc,heap        ] GC(121) ParOldGen: 1080932K(1178624K)->1088868K(1178624K)
[7.051s][info][gc,metaspace   ] GC(121) Metaspace: 6299K(6464K)->6299K(6464K) NonClass: 5765K(5824K)->5765K(5824K) Class: 533K(640K)->533K(640K)
[7.051s][info][gc             ] GC(121) Pause Young (Allocation Failure) 1110M->1110M(1265M) 30.097ms
[7.051s][info][gc,cpu         ] GC(121) User=0.23s Sys=0.00s Real=0.03s
[7.081s][info][gc,start       ] GC(122) Pause Young (Allocation Failure)
[7.120s][info][gc,heap        ] GC(122) PSYoungGen: 74912K(117248K)->50848K(77824K) Eden: 26624K(26624K)->0K(26624K) From: 48288K(90624K)->50848K(51200K)
[7.120s][info][gc,heap        ] GC(122) ParOldGen: 1088868K(1178624K)->1113268K(1178624K)
[7.120s][info][gc,metaspace   ] GC(122) Metaspace: 6299K(6464K)->6299K(6464K) NonClass: 5765K(5824K)->5765K(5824K) Class: 533K(640K)->533K(640K)
[7.120s][info][gc             ] GC(122) Pause Young (Allocation Failure) 1136M->1136M(1227M) 38.968ms
[7.120s][info][gc,cpu         ] GC(122) User=0.25s Sys=0.02s Real=0.04s
[7.152s][info][gc,start       ] GC(123) Pause Young (Allocation Failure)
[7.192s][info][gc,heap        ] GC(123) PSYoungGen: 77472K(77824K)->53408K(113664K) Eden: 26624K(26624K)->0K(29696K) From: 50848K(51200K)->53408K(83968K)
[7.192s][info][gc,heap        ] GC(123) ParOldGen: 1113268K(1178624K)->1137644K(1178624K)
[7.192s][info][gc,metaspace   ] GC(123) Metaspace: 6299K(6464K)->6299K(6464K) NonClass: 5765K(5824K)->5765K(5824K) Class: 533K(640K)->533K(640K)
[7.192s][info][gc             ] GC(123) Pause Young (Allocation Failure) 1162M->1163M(1262M) 40.069ms
[7.192s][info][gc,cpu         ] GC(123) User=0.23s Sys=0.02s Real=0.04s
[7.228s][info][gc,start       ] GC(124) Pause Young (Allocation Failure)
[7.271s][info][gc,heap        ] GC(124) PSYoungGen: 83104K(113664K)->56480K(117248K) Eden: 29696K(29696K)->0K(29696K) From: 53408K(83968K)->56480K(87552K)
[7.271s][info][gc,heap        ] GC(124) ParOldGen: 1137644K(1178624K)->1164644K(1178624K)
[7.271s][info][gc,metaspace   ] GC(124) Metaspace: 6299K(6464K)->6299K(6464K) NonClass: 5765K(5824K)->5765K(5824K) Class: 533K(640K)->533K(640K)
[7.271s][info][gc             ] GC(124) Pause Young (Allocation Failure) 1192M->1192M(1265M) 43.291ms
[7.271s][info][gc,cpu         ] GC(124) User=0.27s Sys=0.00s Real=0.04s
[7.271s][info][gc,start       ] GC(125) Pause Full (Ergonomics)
[7.271s][info][gc,phases,start] GC(125) Marking Phase
[7.554s][info][gc,phases      ] GC(125) Marking Phase 282.103ms
[7.554s][info][gc,phases,start] GC(125) Summary Phase
[7.554s][info][gc,phases      ] GC(125) Summary Phase 0.035ms
[7.554s][info][gc,phases,start] GC(125) Adjust Roots
[7.554s][info][gc,phases      ] GC(125) Adjust Roots 0.253ms
[7.554s][info][gc,phases,start] GC(125) Compaction Phase
[7.663s][info][gc,phases      ] GC(125) Compaction Phase 109.507ms
[7.664s][info][gc,phases,start] GC(125) Post Compact
[7.666s][info][gc,phases      ] GC(125) Post Compact 2.043ms
[7.666s][info][gc,heap        ] GC(125) PSYoungGen: 56480K(117248K)->40928K(117248K) Eden: 0K(29696K)->0K(29696K) From: 56480K(87552K)->40928K(87552K)
[7.666s][info][gc,heap        ] GC(125) ParOldGen: 1164644K(1178624K)->1178479K(1306112K)
[7.666s][info][gc,metaspace   ] GC(125) Metaspace: 6299K(6464K)->6299K(6464K) NonClass: 5765K(5824K)->5765K(5824K) Class: 533K(640K)->533K(640K)
[7.666s][info][gc             ] GC(125) Pause Full (Ergonomics) 1192M->1190M(1390M) 394.709ms
[7.666s][info][gc,cpu         ] GC(125) User=2.81s Sys=0.03s Real=0.39s
[7.703s][info][gc,start       ] GC(126) Pause Young (Allocation Failure)
[7.789s][info][gc,heap        ] GC(126) PSYoungGen: 70624K(117248K)->51648K(111616K) Eden: 29696K(29696K)->0K(32768K) From: 40928K(87552K)->51648K(78848K)
[7.789s][info][gc,heap        ] GC(126) ParOldGen: 1178479K(1306112K)->1197951K(1306112K)
[7.789s][info][gc,metaspace   ] GC(126) Metaspace: 6299K(6464K)->6299K(6464K) NonClass: 5765K(5824K)->5765K(5824K) Class: 533K(640K)->533K(640K)
[7.789s][info][gc             ] GC(126) Pause Young (Allocation Failure) 1219M->1220M(1384M) 85.967ms
[7.789s][info][gc,cpu         ] GC(126) User=0.55s Sys=0.00s Real=0.09s
[7.829s][info][gc,start       ] GC(127) Pause Young (Allocation Failure)
[7.875s][info][gc,heap        ] GC(127) PSYoungGen: 84416K(111616K)->82432K(115200K) Eden: 32768K(32768K)->0K(32768K) From: 51648K(78848K)->82432K(82432K)
[7.875s][info][gc,heap        ] GC(127) ParOldGen: 1197951K(1306112K)->1199871K(1306112K)
[7.875s][info][gc,metaspace   ] GC(127) Metaspace: 6299K(6464K)->6299K(6464K) NonClass: 5765K(5824K)->5765K(5824K) Class: 533K(640K)->533K(640K)
[7.875s][info][gc             ] GC(127) Pause Young (Allocation Failure) 1252M->1252M(1388M) 45.930ms
[7.875s][info][gc,cpu         ] GC(127) User=0.27s Sys=0.00s Real=0.05s
[7.913s][info][gc,start       ] GC(128) Pause Young (Allocation Failure)
[7.975s][info][gc,heap        ] GC(128) PSYoungGen: 115200K(115200K)->58656K(122368K) Eden: 32768K(32768K)->0K(36352K) From: 82432K(82432K)->58656K(86016K)
[7.975s][info][gc,heap        ] GC(128) ParOldGen: 1199871K(1306112K)->1250751K(1306112K)
[7.975s][info][gc,metaspace   ] GC(128) Metaspace: 6299K(6464K)->6299K(6464K) NonClass: 5765K(5824K)->5765K(5824K) Class: 533K(640K)->533K(640K)
[7.975s][info][gc             ] GC(128) Pause Young (Allocation Failure) 1284M->1278M(1395M) 62.641ms
[7.975s][info][gc,cpu         ] GC(128) User=0.38s Sys=0.00s Real=0.06s
[8.015s][info][gc,start       ] GC(129) Pause Young (Allocation Failure)
[8.061s][info][gc,heap        ] GC(129) PSYoungGen: 95008K(122368K)->52672K(124928K) Eden: 36352K(36352K)->0K(36352K) From: 58656K(86016K)->52672K(88576K)
[8.062s][info][gc,heap        ] GC(129) ParOldGen: 1250751K(1306112K)->1283303K(1306112K)
[8.062s][info][gc,metaspace   ] GC(129) Metaspace: 6299K(6464K)->6299K(6464K) NonClass: 5765K(5824K)->5765K(5824K) Class: 533K(640K)->533K(640K)
[8.062s][info][gc             ] GC(129) Pause Young (Allocation Failure) 1314M->1304M(1397M) 47.008ms
[8.062s][info][gc,cpu         ] GC(129) User=0.27s Sys=0.00s Real=0.05s
[8.062s][info][gc,start       ] GC(130) Pause Full (Ergonomics)
[8.062s][info][gc,phases,start] GC(130) Marking Phase
[8.357s][info][gc,phases      ] GC(130) Marking Phase 295.554ms
[8.357s][info][gc,phases,start] GC(130) Summary Phase
[8.357s][info][gc,phases      ] GC(130) Summary Phase 0.042ms
[8.357s][info][gc,phases,start] GC(130) Adjust Roots
[8.358s][info][gc,phases      ] GC(130) Adjust Roots 0.307ms
[8.358s][info][gc,phases,start] GC(130) Compaction Phase
[8.715s][info][gc,phases      ] GC(130) Compaction Phase 356.989ms
[8.715s][info][gc,phases,start] GC(130) Post Compact
[8.717s][info][gc,phases      ] GC(130) Post Compact 2.691ms
[8.718s][info][gc,heap        ] GC(130) PSYoungGen: 52672K(124928K)->28399K(124928K) Eden: 0K(36352K)->0K(36352K) From: 52672K(88576K)->28399K(88576K)
[8.718s][info][gc,heap        ] GC(130) ParOldGen: 1283303K(1306112K)->1305828K(1454080K)
[8.718s][info][gc,metaspace   ] GC(130) Metaspace: 6299K(6464K)->6299K(6464K) NonClass: 5765K(5824K)->5765K(5824K) Class: 533K(640K)->533K(640K)
[8.718s][info][gc             ] GC(130) Pause Full (Ergonomics) 1304M->1302M(1542M) 656.436ms
[8.718s][info][gc,cpu         ] GC(130) User=4.80s Sys=0.03s Real=0.66s
[8.765s][info][gc,start       ] GC(131) Pause Young (Allocation Failure)
[8.857s][info][gc,heap        ] GC(131) PSYoungGen: 64751K(124928K)->51296K(121344K) Eden: 36352K(36352K)->0K(39936K) From: 28399K(88576K)->51296K(81408K)
[8.857s][info][gc,heap        ] GC(131) ParOldGen: 1305828K(1454080K)->1319636K(1454080K)
[8.857s][info][gc,metaspace   ] GC(131) Metaspace: 6299K(6464K)->6299K(6464K) NonClass: 5765K(5824K)->5765K(5824K) Class: 533K(640K)->533K(640K)
[8.857s][info][gc             ] GC(131) Pause Young (Allocation Failure) 1338M->1338M(1538M) 91.847ms
[8.857s][info][gc,cpu         ] GC(131) User=0.53s Sys=0.00s Real=0.09s
[9.157s][info][gc,start       ] GC(132) Pause Young (Allocation Failure)
[9.232s][info][gc,heap        ] GC(132) PSYoungGen: 91232K(121344K)->83968K(123904K) Eden: 39936K(39936K)->0K(39936K) From: 51296K(81408K)->83968K(83968K)
[9.232s][info][gc,heap        ] GC(132) ParOldGen: 1385173K(1454080K)->1392517K(1454080K)
[9.232s][info][gc,metaspace   ] GC(132) Metaspace: 6299K(6464K)->6299K(6464K) NonClass: 5765K(5824K)->5765K(5824K) Class: 533K(640K)->533K(640K)
[9.232s][info][gc             ] GC(132) Pause Young (Allocation Failure) 1441M->1441M(1541M) 75.165ms
[9.232s][info][gc,cpu         ] GC(132) User=0.52s Sys=0.00s Real=0.08s
[9.272s][info][gc,start       ] GC(133) Pause Young (Allocation Failure)
[9.340s][info][gc,heap        ] GC(133) PSYoungGen: 123904K(123904K)->78016K(134144K) Eden: 39936K(39936K)->0K(39936K) From: 83968K(83968K)->78016K(94208K)
[9.340s][info][gc,heap        ] GC(133) ParOldGen: 1392517K(1454080K)->1439149K(1454080K)
[9.340s][info][gc,metaspace   ] GC(133) Metaspace: 6299K(6464K)->6299K(6464K) NonClass: 5765K(5824K)->5765K(5824K) Class: 533K(640K)->533K(640K)
[9.340s][info][gc             ] GC(133) Pause Young (Allocation Failure) 1480M->1481M(1551M) 67.843ms
[9.340s][info][gc,cpu         ] GC(133) User=0.38s Sys=0.08s Real=0.07s
[9.340s][info][gc,start       ] GC(134) Pause Full (Ergonomics)
[9.340s][info][gc,phases,start] GC(134) Marking Phase
[9.670s][info][gc,phases      ] GC(134) Marking Phase 329.504ms
[9.670s][info][gc,phases,start] GC(134) Summary Phase
[9.670s][info][gc,phases      ] GC(134) Summary Phase 0.029ms
[9.670s][info][gc,phases,start] GC(134) Adjust Roots
[9.670s][info][gc,phases      ] GC(134) Adjust Roots 0.158ms
[9.670s][info][gc,phases,start] GC(134) Compaction Phase
[9.926s][info][gc,phases      ] GC(134) Compaction Phase 256.323ms
[9.926s][info][gc,phases,start] GC(134) Post Compact
[9.929s][info][gc,phases      ] GC(134) Post Compact 3.172ms
[9.930s][info][gc,heap        ] GC(134) PSYoungGen: 78016K(134144K)->29169K(134144K) Eden: 0K(39936K)->0K(39936K) From: 78016K(94208K)->29169K(94208K)
[9.930s][info][gc,heap        ] GC(134) ParOldGen: 1439149K(1454080K)->1453955K(1617408K)
[9.930s][info][gc,metaspace   ] GC(134) Metaspace: 6299K(6464K)->6299K(6464K) NonClass: 5765K(5824K)->5765K(5824K) Class: 533K(640K)->533K(640K)
[9.930s][info][gc             ] GC(134) Pause Full (Ergonomics) 1481M->1448M(1710M) 590.079ms
[9.930s][info][gc,cpu         ] GC(134) User=3.69s Sys=0.03s Real=0.59s
[9.971s][info][gc,start       ] GC(135) Pause Young (Allocation Failure)
[10.073s][info][gc,heap        ] GC(135) PSYoungGen: 69105K(134144K)->69344K(137728K) Eden: 39936K(39936K)->0K(39936K) From: 29169K(94208K)->69344K(97792K)
[10.073s][info][gc,heap        ] GC(135) ParOldGen: 1453955K(1617408K)->1453955K(1617408K)
[10.073s][info][gc,metaspace   ] GC(135) Metaspace: 6299K(6464K)->6299K(6464K) NonClass: 5765K(5824K)->5765K(5824K) Class: 533K(640K)->533K(640K)
[10.073s][info][gc             ] GC(135) Pause Young (Allocation Failure) 1487M->1487M(1714M) 102.392ms
[10.073s][info][gc,cpu         ] GC(135) User=0.47s Sys=0.00s Real=0.10s
[10.116s][info][gc,start       ] GC(136) Pause Young (Allocation Failure)
[10.174s][info][gc,heap        ] GC(136) PSYoungGen: 109280K(137728K)->97280K(126464K) Eden: 39936K(39936K)->0K(29184K) From: 69344K(97792K)->97280K(97280K)
[10.174s][info][gc,heap        ] GC(136) ParOldGen: 1453955K(1617408K)->1466075K(1617408K)
[10.174s][info][gc,metaspace   ] GC(136) Metaspace: 6299K(6464K)->6299K(6464K) NonClass: 5765K(5824K)->5765K(5824K) Class: 533K(640K)->533K(640K)
[10.175s][info][gc             ] GC(136) Pause Young (Allocation Failure) 1526M->1526M(1703M) 58.673ms
[10.175s][info][gc,cpu         ] GC(136) User=0.33s Sys=0.03s Real=0.06s
[10.205s][info][gc,start       ] GC(137) Pause Young (Allocation Failure)
[10.270s][info][gc,heap        ] GC(137) PSYoungGen: 126464K(126464K)->103104K(140800K) Eden: 29184K(29184K)->0K(29184K) From: 97280K(97280K)->103104K(111616K)
[10.270s][info][gc,heap        ] GC(137) ParOldGen: 1466075K(1617408K)->1489899K(1617408K)
[10.270s][info][gc,metaspace   ] GC(137) Metaspace: 6299K(6464K)->6299K(6464K) NonClass: 5765K(5824K)->5765K(5824K) Class: 533K(640K)->533K(640K)
[10.270s][info][gc             ] GC(137) Pause Young (Allocation Failure) 1555M->1555M(1717M) 64.637ms
[10.270s][info][gc,cpu         ] GC(137) User=0.31s Sys=0.08s Real=0.06s
[10.299s][info][gc,start       ] GC(138) Pause Young (Allocation Failure)
[10.380s][info][gc,heap        ] GC(138) PSYoungGen: 132288K(140800K)->96704K(148480K) Eden: 29184K(29184K)->0K(27648K) From: 103104K(111616K)->96704K(120832K)
[10.380s][info][gc,heap        ] GC(138) ParOldGen: 1489899K(1617408K)->1526011K(1617408K)
[10.380s][info][gc,metaspace   ] GC(138) Metaspace: 6299K(6464K)->6299K(6464K) NonClass: 5765K(5824K)->5765K(5824K) Class: 533K(640K)->533K(640K)
[10.380s][info][gc             ] GC(138) Pause Young (Allocation Failure) 1584M->1584M(1724M) 80.444ms
[10.380s][info][gc,cpu         ] GC(138) User=0.44s Sys=0.09s Real=0.08s
[10.408s][info][gc,start       ] GC(139) Pause Young (Allocation Failure)
[10.484s][info][gc,heap        ] GC(139) PSYoungGen: 124352K(148480K)->86240K(153088K) Eden: 27648K(27648K)->0K(27648K) From: 96704K(120832K)->86240K(125440K)
[10.484s][info][gc,heap        ] GC(139) ParOldGen: 1526011K(1617408K)->1564659K(1617408K)
[10.484s][info][gc,metaspace   ] GC(139) Metaspace: 6299K(6464K)->6299K(6464K) NonClass: 5765K(5824K)->5765K(5824K) Class: 533K(640K)->533K(640K)
[10.484s][info][gc             ] GC(139) Pause Young (Allocation Failure) 1611M->1612M(1729M) 75.783ms
[10.484s][info][gc,cpu         ] GC(139) User=0.50s Sys=0.02s Real=0.08s
[10.484s][info][gc,start       ] GC(140) Pause Full (Ergonomics)
[10.484s][info][gc,phases,start] GC(140) Marking Phase
[10.861s][info][gc,phases      ] GC(140) Marking Phase 377.177ms
[10.861s][info][gc,phases,start] GC(140) Summary Phase
[10.861s][info][gc,phases      ] GC(140) Summary Phase 0.036ms
[10.861s][info][gc,phases,start] GC(140) Adjust Roots
[10.862s][info][gc,phases      ] GC(140) Adjust Roots 0.187ms
[10.862s][info][gc,phases,start] GC(140) Compaction Phase
[11.042s][info][gc,phases      ] GC(140) Compaction Phase 179.803ms
[11.042s][info][gc,phases,start] GC(140) Post Compact
[11.045s][info][gc,phases      ] GC(140) Post Compact 3.727ms
[11.047s][info][gc,heap        ] GC(140) PSYoungGen: 86240K(153088K)->31764K(153088K) Eden: 0K(27648K)->0K(27648K) From: 86240K(125440K)->31764K(125440K)
[11.047s][info][gc,heap        ] GC(140) ParOldGen: 1564659K(1617408K)->1617094K(1792512K)
[11.047s][info][gc,metaspace   ] GC(140) Metaspace: 6299K(6464K)->6299K(6464K) NonClass: 5765K(5824K)->5765K(5824K) Class: 533K(640K)->533K(640K)
[11.047s][info][gc             ] GC(140) Pause Full (Ergonomics) 1612M->1610M(1900M) 563.089ms
[11.047s][info][gc,cpu         ] GC(140) User=3.84s Sys=0.11s Real=0.56s
[11.076s][info][gc,start       ] GC(141) Pause Young (Allocation Failure)
[11.179s][info][gc,heap        ] GC(141) PSYoungGen: 59412K(153088K)->37408K(154624K) Eden: 27648K(27648K)->0K(29696K) From: 31764K(125440K)->37408K(124928K)
[11.179s][info][gc,heap        ] GC(141) ParOldGen: 1617094K(1792512K)->1639662K(1792512K)
[11.179s][info][gc,metaspace   ] GC(141) Metaspace: 6299K(6464K)->6299K(6464K) NonClass: 5765K(5824K)->5765K(5824K) Class: 533K(640K)->533K(640K)
[11.179s][info][gc             ] GC(141) Pause Young (Allocation Failure) 1637M->1637M(1901M) 102.646ms
[11.179s][info][gc,cpu         ] GC(141) User=0.55s Sys=0.11s Real=0.10s
[11.211s][info][gc,start       ] GC(142) Pause Young (Allocation Failure)
[11.253s][info][gc,heap        ] GC(142) PSYoungGen: 67104K(154624K)->57536K(87552K) Eden: 29696K(29696K)->0K(29696K) From: 37408K(124928K)->57536K(57856K)
[11.253s][info][gc,heap        ] GC(142) ParOldGen: 1639662K(1792512K)->1649390K(1792512K)
[11.253s][info][gc,metaspace   ] GC(142) Metaspace: 6299K(6464K)->6299K(6464K) NonClass: 5765K(5824K)->5765K(5824K) Class: 533K(640K)->533K(640K)
[11.253s][info][gc             ] GC(142) Pause Young (Allocation Failure) 1666M->1666M(1836M) 41.211ms
[11.253s][info][gc,cpu         ] GC(142) User=0.23s Sys=0.02s Real=0.04s
[11.284s][info][gc,start       ] GC(143) Pause Young (Allocation Failure)
[11.336s][info][gc,heap        ] GC(143) PSYoungGen: 87232K(87552K)->59520K(149504K) Eden: 29696K(29696K)->0K(33280K) From: 57536K(57856K)->59520K(116224K)
[11.336s][info][gc,heap        ] GC(143) ParOldGen: 1649390K(1792512K)->1677454K(1792512K)
[11.336s][info][gc,metaspace   ] GC(143) Metaspace: 6299K(6464K)->6299K(6464K) NonClass: 5765K(5824K)->5765K(5824K) Class: 533K(640K)->533K(640K)
[11.336s][info][gc             ] GC(143) Pause Young (Allocation Failure) 1695M->1696M(1896M) 52.240ms
[11.336s][info][gc,cpu         ] GC(143) User=0.38s Sys=0.02s Real=0.05s
[11.374s][info][gc,start       ] GC(144) Pause Young (Allocation Failure)
[11.429s][info][gc,heap        ] GC(144) PSYoungGen: 92800K(149504K)->63232K(152576K) Eden: 33280K(33280K)->0K(33280K) From: 59520K(116224K)->63232K(119296K)
[11.429s][info][gc,heap        ] GC(144) ParOldGen: 1677454K(1792512K)->1707606K(1792512K)
[11.429s][info][gc,metaspace   ] GC(144) Metaspace: 6299K(6464K)->6299K(6464K) NonClass: 5765K(5824K)->5765K(5824K) Class: 533K(640K)->533K(640K)
[11.429s][info][gc             ] GC(144) Pause Young (Allocation Failure) 1728M->1729M(1899M) 54.748ms
[11.429s][info][gc,cpu         ] GC(144) User=0.33s Sys=0.06s Real=0.05s
[11.465s][info][gc,start       ] GC(145) Pause Young (Allocation Failure)
[11.524s][info][gc,heap        ] GC(145) PSYoungGen: 96512K(152576K)->66784K(143360K) Eden: 33280K(33280K)->0K(37376K) From: 63232K(119296K)->66784K(105984K)
[11.524s][info][gc,heap        ] GC(145) ParOldGen: 1707606K(1792512K)->1737750K(1792512K)
[11.524s][info][gc,metaspace   ] GC(145) Metaspace: 6299K(6464K)->6299K(6464K) NonClass: 5765K(5824K)->5765K(5824K) Class: 533K(640K)->533K(640K)
[11.524s][info][gc             ] GC(145) Pause Young (Allocation Failure) 1761M->1762M(1890M) 59.026ms
[11.524s][info][gc,cpu         ] GC(145) User=0.22s Sys=0.16s Real=0.06s
[11.564s][info][gc,start       ] GC(146) Pause Young (Allocation Failure)
[11.629s][info][gc,heap        ] GC(146) PSYoungGen: 104160K(143360K)->70848K(147968K) Eden: 37376K(37376K)->0K(37376K) From: 66784K(105984K)->70848K(110592K)
[11.629s][info][gc,heap        ] GC(146) ParOldGen: 1737750K(1792512K)->1771542K(1792512K)
[11.629s][info][gc,metaspace   ] GC(146) Metaspace: 6299K(6464K)->6299K(6464K) NonClass: 5765K(5824K)->5765K(5824K) Class: 533K(640K)->533K(640K)
[11.629s][info][gc             ] GC(146) Pause Young (Allocation Failure) 1798M->1799M(1895M) 64.809ms
[11.629s][info][gc,cpu         ] GC(146) User=0.28s Sys=0.09s Real=0.07s
[11.629s][info][gc,start       ] GC(147) Pause Full (Ergonomics)
[11.629s][info][gc,phases,start] GC(147) Marking Phase
[12.058s][info][gc,phases      ] GC(147) Marking Phase 429.418ms
[12.058s][info][gc,phases,start] GC(147) Summary Phase
[12.058s][info][gc,phases      ] GC(147) Summary Phase 0.037ms
[12.058s][info][gc,phases,start] GC(147) Adjust Roots
[12.059s][info][gc,phases      ] GC(147) Adjust Roots 0.195ms
[12.059s][info][gc,phases,start] GC(147) Compaction Phase
[12.245s][info][gc,phases      ] GC(147) Compaction Phase 186.655ms
[12.245s][info][gc,phases,start] GC(147) Post Compact
[12.249s][info][gc,phases      ] GC(147) Post Compact 3.934ms
[12.251s][info][gc,heap        ] GC(147) PSYoungGen: 70848K(147968K)->47601K(147968K) Eden: 0K(37376K)->0K(37376K) From: 70848K(110592K)->47601K(110592K)
[12.251s][info][gc,heap        ] GC(147) ParOldGen: 1771542K(1792512K)->1792047K(1975296K)
[12.251s][info][gc,metaspace   ] GC(147) Metaspace: 6299K(6464K)->6299K(6464K) NonClass: 5765K(5824K)->5765K(5824K) Class: 533K(640K)->533K(640K)
[12.251s][info][gc             ] GC(147) Pause Full (Ergonomics) 1799M->1796M(2073M) 622.340ms
[12.251s][info][gc,cpu         ] GC(147) User=4.39s Sys=0.03s Real=0.62s
[12.293s][info][gc,start       ] GC(148) Pause Young (Allocation Failure)
[12.434s][info][gc,heap        ] GC(148) PSYoungGen: 84977K(147968K)->37600K(148480K) Eden: 37376K(37376K)->0K(40960K) From: 47601K(110592K)->37600K(107520K)
[12.434s][info][gc,heap        ] GC(148) ParOldGen: 1792047K(1975296K)->1840359K(1975296K)
[12.434s][info][gc,metaspace   ] GC(148) Metaspace: 6299K(6464K)->6299K(6464K) NonClass: 5765K(5824K)->5765K(5824K) Class: 533K(640K)->533K(640K)
[12.434s][info][gc             ] GC(148) Pause Young (Allocation Failure) 1833M->1833M(2074M) 141.096ms
[12.434s][info][gc,cpu         ] GC(148) User=0.72s Sys=0.17s Real=0.14s
[12.480s][info][gc,start       ] GC(149) Pause Young (Allocation Failure)
[12.537s][info][gc,heap        ] GC(149) PSYoungGen: 78560K(148480K)->41120K(149504K) Eden: 40960K(40960K)->0K(40960K) From: 37600K(107520K)->41120K(108544K)
[12.537s][info][gc,heap        ] GC(149) ParOldGen: 1840359K(1975296K)->1878303K(1975296K)
[12.537s][info][gc,metaspace   ] GC(149) Metaspace: 6299K(6464K)->6299K(6464K) NonClass: 5765K(5824K)->5765K(5824K) Class: 533K(640K)->533K(640K)
[12.537s][info][gc             ] GC(149) Pause Young (Allocation Failure) 1873M->1874M(2075M) 57.157ms
[12.537s][info][gc,cpu         ] GC(149) User=0.34s Sys=0.05s Real=0.06s
[12.585s][info][gc,start       ] GC(150) Pause Young (Allocation Failure)
[12.642s][info][gc,heap        ] GC(150) PSYoungGen: 82080K(149504K)->41152K(152576K) Eden: 40960K(40960K)->0K(45568K) From: 41120K(108544K)->41152K(107008K)
[12.642s][info][gc,heap        ] GC(150) ParOldGen: 1878303K(1975296K)->1919895K(1975296K)
[12.642s][info][gc,metaspace   ] GC(150) Metaspace: 6299K(6464K)->6299K(6464K) NonClass: 5765K(5824K)->5765K(5824K) Class: 533K(640K)->533K(640K)
[12.642s][info][gc             ] GC(150) Pause Young (Allocation Failure) 1914M->1915M(2078M) 57.079ms
[12.642s][info][gc,cpu         ] GC(150) User=0.31s Sys=0.06s Real=0.06s
[12.642s][info][gc,start       ] GC(151) Pause Full (Ergonomics)
[12.642s][info][gc,phases,start] GC(151) Marking Phase
[13.106s][info][gc,phases      ] GC(151) Marking Phase 464.117ms
[13.106s][info][gc,phases,start] GC(151) Summary Phase
[13.106s][info][gc,phases      ] GC(151) Summary Phase 0.061ms
[13.106s][info][gc,phases,start] GC(151) Adjust Roots
[13.107s][info][gc,phases      ] GC(151) Adjust Roots 0.209ms
[13.107s][info][gc,phases,start] GC(151) Compaction Phase
[13.300s][info][gc,phases      ] GC(151) Compaction Phase 193.790ms
[13.300s][info][gc,phases,start] GC(151) Post Compact
[13.304s][info][gc,phases      ] GC(151) Post Compact 3.923ms
[13.306s][info][gc,heap        ] GC(151) PSYoungGen: 41152K(152576K)->0K(153088K) Eden: 0K(45568K)->0K(45568K) From: 41152K(107008K)->0K(107520K)
[13.306s][info][gc,heap        ] GC(151) ParOldGen: 1919895K(1975296K)->1958854K(2165248K)
[13.306s][info][gc,metaspace   ] GC(151) Metaspace: 6299K(6464K)->6299K(6464K) NonClass: 5765K(5824K)->5765K(5824K) Class: 533K(640K)->533K(640K)
[13.306s][info][gc             ] GC(151) Pause Full (Ergonomics) 1915M->1912M(2264M) 663.863ms
[13.306s][info][gc,cpu         ] GC(151) User=4.30s Sys=0.09s Real=0.66s
[13.362s][info][gc,start       ] GC(152) Pause Young (Allocation Failure)
[13.395s][info][gc,heap        ] GC(152) PSYoungGen: 45568K(153088K)->45760K(151040K) Eden: 45568K(45568K)->0K(49664K) From: 0K(107520K)->45760K(101376K)
[13.396s][info][gc,heap        ] GC(152) ParOldGen: 1958854K(2165248K)->1958854K(2165248K)
[13.396s][info][gc,metaspace   ] GC(152) Metaspace: 6299K(6464K)->6299K(6464K) NonClass: 5765K(5824K)->5765K(5824K) Class: 533K(640K)->533K(640K)
[13.396s][info][gc             ] GC(152) Pause Young (Allocation Failure) 1957M->1957M(2262M) 33.505ms
[13.396s][info][gc,cpu         ] GC(152) User=0.16s Sys=0.00s Real=0.03s
[13.456s][info][gc,start       ] GC(153) Pause Young (Allocation Failure)
[13.511s][info][gc,heap        ] GC(153) PSYoungGen: 95424K(151040K)->95488K(154624K) Eden: 49664K(49664K)->0K(49664K) From: 45760K(101376K)->95488K(104960K)
[13.511s][info][gc,heap        ] GC(153) ParOldGen: 1958854K(2165248K)->1958854K(2165248K)
[13.511s][info][gc,metaspace   ] GC(153) Metaspace: 6299K(6464K)->6299K(6464K) NonClass: 5765K(5824K)->5765K(5824K) Class: 533K(640K)->533K(640K)
[13.511s][info][gc             ] GC(153) Pause Young (Allocation Failure) 2006M->2006M(2265M) 54.796ms
[13.511s][info][gc,cpu         ] GC(153) User=0.39s Sys=0.00s Real=0.06s
[13.563s][info][gc,start       ] GC(154) Pause Young (Allocation Failure)
[13.664s][info][gc,heap        ] GC(154) PSYoungGen: 145152K(154624K)->114176K(142848K) Eden: 49664K(49664K)->0K(28672K) From: 95488K(104960K)->114176K(114176K)
[13.664s][info][gc,heap        ] GC(154) ParOldGen: 1958854K(2165248K)->1990190K(2165248K)
[13.664s][info][gc,metaspace   ] GC(154) Metaspace: 6299K(6464K)->6299K(6464K) NonClass: 5765K(5824K)->5765K(5824K) Class: 533K(640K)->533K(640K)
[13.664s][info][gc             ] GC(154) Pause Young (Allocation Failure) 2054M->2055M(2254M) 101.428ms
[13.664s][info][gc,cpu         ] GC(154) User=0.52s Sys=0.17s Real=0.10s
[13.695s][info][gc,start       ] GC(155) Pause Young (Allocation Failure)
[13.800s][info][gc,heap        ] GC(155) PSYoungGen: 142848K(142848K)->64800K(93696K) Eden: 28672K(28672K)->0K(28672K) From: 114176K(114176K)->64800K(65024K)
[13.800s][info][gc,heap        ] GC(155) ParOldGen: 1990190K(2165248K)->2069438K(2165248K)
[13.800s][info][gc,metaspace   ] GC(155) Metaspace: 6299K(6464K)->6299K(6464K) NonClass: 5765K(5824K)->5765K(5824K) Class: 533K(640K)->533K(640K)
[13.800s][info][gc             ] GC(155) Pause Young (Allocation Failure) 2083M->2084M(2206M) 105.163ms
[13.800s][info][gc,cpu         ] GC(155) User=0.45s Sys=0.30s Real=0.11s
[13.830s][info][gc,start       ] GC(156) Pause Young (Allocation Failure)
[13.889s][info][gc,heap        ] GC(156) PSYoungGen: 93472K(93696K)->57504K(157696K) Eden: 28672K(28672K)->0K(32256K) From: 64800K(65024K)->57504K(125440K)
[13.889s][info][gc,heap        ] GC(156) ParOldGen: 2069438K(2165248K)->2105910K(2165248K)
[13.889s][info][gc,metaspace   ] GC(156) Metaspace: 6299K(6464K)->6299K(6464K) NonClass: 5765K(5824K)->5765K(5824K) Class: 533K(640K)->533K(640K)
[13.889s][info][gc             ] GC(156) Pause Young (Allocation Failure) 2112M->2112M(2268M) 58.971ms
[13.889s][info][gc,cpu         ] GC(156) User=0.19s Sys=0.20s Real=0.06s
[13.889s][info][gc,start       ] GC(157) Pause Full (Ergonomics)
[13.889s][info][gc,phases,start] GC(157) Marking Phase
[14.358s][info][gc,phases      ] GC(157) Marking Phase 468.665ms
[14.358s][info][gc,phases,start] GC(157) Summary Phase
[14.358s][info][gc,phases      ] GC(157) Summary Phase 0.054ms
[14.358s][info][gc,phases,start] GC(157) Adjust Roots
[14.358s][info][gc,phases      ] GC(157) Adjust Roots 0.194ms
[14.358s][info][gc,phases,start] GC(157) Compaction Phase
[14.544s][info][gc,phases      ] GC(157) Compaction Phase 186.195ms
[14.544s][info][gc,phases,start] GC(157) Post Compact
[14.548s][info][gc,phases      ] GC(157) Post Compact 3.826ms
[14.550s][info][gc,heap        ] GC(157) PSYoungGen: 57504K(157696K)->0K(161792K) Eden: 0K(32256K)->0K(32256K) From: 57504K(125440K)->0K(129536K)
[14.550s][info][gc,heap        ] GC(157) ParOldGen: 2105910K(2165248K)->2160931K(2392064K)
[14.550s][info][gc,metaspace   ] GC(157) Metaspace: 6299K(6464K)->6299K(6464K) NonClass: 5765K(5824K)->5765K(5824K) Class: 533K(640K)->533K(640K)
[14.550s][info][gc             ] GC(157) Pause Full (Ergonomics) 2112M->2110M(2494M) 660.829ms
[14.550s][info][gc,cpu         ] GC(157) User=5.00s Sys=0.02s Real=0.66s
[14.585s][info][gc,start       ] GC(158) Pause Young (Allocation Failure)
[14.615s][info][gc,heap        ] GC(158) PSYoungGen: 32256K(161792K)->32384K(164864K) Eden: 32256K(32256K)->0K(35328K) From: 0K(129536K)->32384K(129536K)
[14.615s][info][gc,heap        ] GC(158) ParOldGen: 2160931K(2392064K)->2160931K(2392064K)
[14.615s][info][gc,metaspace   ] GC(158) Metaspace: 6299K(6464K)->6299K(6464K) NonClass: 5765K(5824K)->5765K(5824K) Class: 533K(640K)->533K(640K)
[14.615s][info][gc             ] GC(158) Pause Young (Allocation Failure) 2141M->2141M(2497M) 30.041ms
[14.615s][info][gc,cpu         ] GC(158) User=0.03s Sys=0.00s Real=0.03s
[14.661s][info][gc,start       ] GC(159) Pause Young (Allocation Failure)
[14.701s][info][gc,heap        ] GC(159) PSYoungGen: 67712K(164864K)->67808K(103424K) Eden: 35328K(35328K)->0K(35328K) From: 32384K(129536K)->67808K(68096K)
[14.701s][info][gc,heap        ] GC(159) ParOldGen: 2160931K(2392064K)->2160931K(2392064K)
[14.701s][info][gc,metaspace   ] GC(159) Metaspace: 6299K(6464K)->6299K(6464K) NonClass: 5765K(5824K)->5765K(5824K) Class: 533K(640K)->533K(640K)
[14.701s][info][gc             ] GC(159) Pause Young (Allocation Failure) 2176M->2176M(2437M) 40.214ms
[14.701s][info][gc,cpu         ] GC(159) User=0.27s Sys=0.00s Real=0.04s
[14.749s][info][gc,start       ] GC(160) Pause Young (Allocation Failure)
[14.801s][info][gc,heap        ] GC(160) PSYoungGen: 103136K(103424K)->103168K(155136K) Eden: 35328K(35328K)->0K(30720K) From: 67808K(68096K)->103168K(124416K)
[14.801s][info][gc,heap        ] GC(160) ParOldGen: 2160931K(2392064K)->2160931K(2392064K)
[14.801s][info][gc,metaspace   ] GC(160) Metaspace: 6299K(6464K)->6299K(6464K) NonClass: 5765K(5824K)->5765K(5824K) Class: 533K(640K)->533K(640K)
[14.801s][info][gc             ] GC(160) Pause Young (Allocation Failure) 2211M->2211M(2487M) 52.140ms
[14.801s][info][gc,cpu         ] GC(160) User=0.25s Sys=0.00s Real=0.05s
[14.835s][info][gc,start       ] GC(161) Pause Young (Allocation Failure)
[14.899s][info][gc,heap        ] GC(161) PSYoungGen: 133888K(155136K)->132608K(163328K) Eden: 30720K(30720K)->0K(30720K) From: 103168K(124416K)->132608K(132608K)
[14.899s][info][gc,heap        ] GC(161) ParOldGen: 2160931K(2392064K)->2162235K(2392064K)
[14.899s][info][gc,metaspace   ] GC(161) Metaspace: 6299K(6464K)->6299K(6464K) NonClass: 5765K(5824K)->5765K(5824K) Class: 533K(640K)->533K(640K)
[14.899s][info][gc             ] GC(161) Pause Young (Allocation Failure) 2241M->2241M(2495M) 64.045ms
[14.899s][info][gc,cpu         ] GC(161) User=0.38s Sys=0.00s Real=0.06s
[14.935s][info][gc,start       ] GC(162) Pause Young (Allocation Failure)
[15.036s][info][gc,heap        ] GC(162) PSYoungGen: 163328K(163328K)->131328K(171008K) Eden: 30720K(30720K)->0K(20992K) From: 132608K(132608K)->131328K(150016K)
[15.036s][info][gc,heap        ] GC(162) ParOldGen: 2162235K(2392064K)->2194779K(2392064K)
[15.036s][info][gc,metaspace   ] GC(162) Metaspace: 6299K(6464K)->6299K(6464K) NonClass: 5765K(5824K)->5765K(5824K) Class: 533K(640K)->533K(640K)
[15.036s][info][gc             ] GC(162) Pause Young (Allocation Failure) 2271M->2271M(2503M) 101.349ms
[15.036s][info][gc,cpu         ] GC(162) User=0.44s Sys=0.22s Real=0.10s
[15.061s][info][gc,start       ] GC(163) Pause Young (Allocation Failure)
[15.142s][info][gc,heap        ] GC(163) PSYoungGen: 152320K(171008K)->117632K(184320K) Eden: 20992K(20992K)->0K(20992K) From: 131328K(150016K)->117632K(163328K)
[15.142s][info][gc,heap        ] GC(163) ParOldGen: 2194779K(2392064K)->2229923K(2392064K)
[15.142s][info][gc,metaspace   ] GC(163) Metaspace: 6299K(6464K)->6299K(6464K) NonClass: 5765K(5824K)->5765K(5824K) Class: 533K(640K)->533K(640K)
[15.142s][info][gc             ] GC(163) Pause Young (Allocation Failure) 2292M->2292M(2516M) 81.576ms
[15.142s][info][gc,cpu         ] GC(163) User=0.50s Sys=0.02s Real=0.08s
[15.168s][info][gc,start       ] GC(164) Pause Young (Allocation Failure)
[15.261s][info][gc,heap        ] GC(164) PSYoungGen: 138624K(184320K)->72864K(180224K) Eden: 20992K(20992K)->0K(24064K) From: 117632K(163328K)->72864K(156160K)
[15.261s][info][gc,heap        ] GC(164) ParOldGen: 2229923K(2392064K)->2296227K(2392064K)
[15.261s][info][gc,metaspace   ] GC(164) Metaspace: 6299K(6464K)->6299K(6464K) NonClass: 5765K(5824K)->5765K(5824K) Class: 533K(640K)->533K(640K)
[15.261s][info][gc             ] GC(164) Pause Young (Allocation Failure) 2313M->2313M(2512M) 92.989ms
[15.261s][info][gc,cpu         ] GC(164) User=0.48s Sys=0.16s Real=0.09s
[15.289s][info][gc,start       ] GC(165) Pause Young (Allocation Failure)
[15.354s][info][gc,heap        ] GC(165) PSYoungGen: 96928K(180224K)->45216K(186368K) Eden: 24064K(24064K)->0K(24064K) From: 72864K(156160K)->45216K(162304K)
[15.354s][info][gc,heap        ] GC(165) ParOldGen: 2296227K(2392064K)->2348355K(2392064K)
[15.354s][info][gc,metaspace   ] GC(165) Metaspace: 6299K(6464K)->6299K(6464K) NonClass: 5765K(5824K)->5765K(5824K) Class: 533K(640K)->533K(640K)
[15.354s][info][gc             ] GC(165) Pause Young (Allocation Failure) 2337M->2337M(2518M) 65.059ms
[15.354s][info][gc,cpu         ] GC(165) User=0.34s Sys=0.06s Real=0.06s
[15.354s][info][gc,start       ] GC(166) Pause Full (Ergonomics)
[15.354s][info][gc,phases,start] GC(166) Marking Phase
[15.905s][info][gc,phases      ] GC(166) Marking Phase 550.489ms
[15.905s][info][gc,phases,start] GC(166) Summary Phase
[15.905s][info][gc,phases      ] GC(166) Summary Phase 0.053ms
[15.905s][info][gc,phases,start] GC(166) Adjust Roots
[15.905s][info][gc,phases      ] GC(166) Adjust Roots 0.192ms
[15.905s][info][gc,phases,start] GC(166) Compaction Phase
[16.100s][info][gc,phases      ] GC(166) Compaction Phase 195.372ms
[16.100s][info][gc,phases,start] GC(166) Post Compact
[16.105s][info][gc,phases      ] GC(166) Post Compact 4.684ms
[16.107s][info][gc,heap        ] GC(166) PSYoungGen: 45216K(186368K)->0K(188416K) Eden: 0K(24064K)->0K(27648K) From: 45216K(162304K)->0K(160768K)
[16.108s][info][gc,heap        ] GC(166) ParOldGen: 2348355K(2392064K)->2391076K(2648576K)
[16.108s][info][gc,metaspace   ] GC(166) Metaspace: 6299K(6464K)->6299K(6464K) NonClass: 5765K(5824K)->5765K(5824K) Class: 533K(640K)->533K(640K)
[16.108s][info][gc             ] GC(166) Pause Full (Ergonomics) 2337M->2335M(2770M) 753.360ms
[16.108s][info][gc,cpu         ] GC(166) User=5.59s Sys=0.17s Real=0.75s
[16.139s][info][gc,start       ] GC(167) Pause Young (Allocation Failure)
[16.167s][info][gc,heap        ] GC(167) PSYoungGen: 27648K(188416K)->27776K(188416K) Eden: 27648K(27648K)->0K(27648K) From: 0K(160768K)->27776K(160768K)
[16.167s][info][gc,heap        ] GC(167) ParOldGen: 2391076K(2648576K)->2391076K(2648576K)
[16.167s][info][gc,metaspace   ] GC(167) Metaspace: 6299K(6464K)->6299K(6464K) NonClass: 5765K(5824K)->5765K(5824K) Class: 533K(640K)->533K(640K)
[16.167s][info][gc             ] GC(167) Pause Young (Allocation Failure) 2362M->2362M(2770M) 27.552ms
[16.167s][info][gc,cpu         ] GC(167) User=0.05s Sys=0.00s Real=0.03s
[16.201s][info][gc,start       ] GC(168) Pause Young (Allocation Failure)
[16.241s][info][gc,heap        ] GC(168) PSYoungGen: 55424K(188416K)->27808K(190464K) Eden: 27648K(27648K)->0K(30720K) From: 27776K(160768K)->27808K(159744K)
[16.241s][info][gc,heap        ] GC(168) ParOldGen: 2391076K(2648576K)->2418980K(2648576K)
[16.241s][info][gc,metaspace   ] GC(168) Metaspace: 6299K(6464K)->6299K(6464K) NonClass: 5765K(5824K)->5765K(5824K) Class: 533K(640K)->533K(640K)
[16.241s][info][gc             ] GC(168) Pause Young (Allocation Failure) 2389M->2389M(2772M) 39.289ms
[16.241s][info][gc,cpu         ] GC(168) User=0.19s Sys=0.06s Real=0.04s
[16.276s][info][gc,start       ] GC(169) Pause Young (Allocation Failure)
[16.320s][info][gc,heap        ] GC(169) PSYoungGen: 58528K(190464K)->30880K(191488K) Eden: 30720K(30720K)->0K(30720K) From: 27808K(159744K)->30880K(160768K)
[16.320s][info][gc,heap        ] GC(169) ParOldGen: 2418980K(2648576K)->2446876K(2648576K)
[16.320s][info][gc,metaspace   ] GC(169) Metaspace: 6299K(6464K)->6299K(6464K) NonClass: 5765K(5824K)->5765K(5824K) Class: 533K(640K)->533K(640K)
[16.320s][info][gc             ] GC(169) Pause Young (Allocation Failure) 2419M->2419M(2773M) 43.956ms
[16.320s][info][gc,cpu         ] GC(169) User=0.23s Sys=0.05s Real=0.05s
[16.359s][info][gc,start       ] GC(170) Pause Young (Allocation Failure)
[16.404s][info][gc,heap        ] GC(170) PSYoungGen: 61600K(191488K)->30848K(185856K) Eden: 30720K(30720K)->0K(34304K) From: 30880K(160768K)->30848K(151552K)
[16.404s][info][gc,heap        ] GC(170) ParOldGen: 2446876K(2648576K)->2477876K(2648576K)
[16.404s][info][gc,metaspace   ] GC(170) Metaspace: 6299K(6464K)->6299K(6464K) NonClass: 5765K(5824K)->5765K(5824K) Class: 533K(640K)->533K(640K)
[16.404s][info][gc             ] GC(170) Pause Young (Allocation Failure) 2449M->2449M(2768M) 45.274ms
[16.404s][info][gc,cpu         ] GC(170) User=0.20s Sys=0.06s Real=0.05s
[16.449s][info][gc,start       ] GC(171) Pause Young (Allocation Failure)
[16.496s][info][gc,heap        ] GC(171) PSYoungGen: 65152K(185856K)->34528K(189440K) Eden: 34304K(34304K)->0K(34304K) From: 30848K(151552K)->34528K(155136K)
[16.496s][info][gc,heap        ] GC(171) ParOldGen: 2477876K(2648576K)->2508876K(2648576K)
[16.496s][info][gc,metaspace   ] GC(171) Metaspace: 6299K(6464K)->6299K(6464K) NonClass: 5765K(5824K)->5765K(5824K) Class: 533K(640K)->533K(640K)
[16.496s][info][gc             ] GC(171) Pause Young (Allocation Failure) 2483M->2483M(2771M) 47.114ms
[16.496s][info][gc,cpu         ] GC(171) User=0.22s Sys=0.05s Real=0.05s
[16.537s][info][gc,start       ] GC(172) Pause Young (Allocation Failure)
[16.585s][info][gc,heap        ] GC(172) PSYoungGen: 68832K(189440K)->34496K(179200K) Eden: 34304K(34304K)->0K(38400K) From: 34528K(155136K)->34496K(140800K)
[16.585s][info][gc,heap        ] GC(172) ParOldGen: 2508876K(2648576K)->2543484K(2648576K)
[16.585s][info][gc,metaspace   ] GC(172) Metaspace: 6299K(6464K)->6299K(6464K) NonClass: 5765K(5824K)->5765K(5824K) Class: 533K(640K)->533K(640K)
[16.585s][info][gc             ] GC(172) Pause Young (Allocation Failure) 2517M->2517M(2761M) 48.032ms
[16.585s][info][gc,cpu         ] GC(172) User=0.22s Sys=0.05s Real=0.05s
[16.630s][info][gc,start       ] GC(173) Pause Young (Allocation Failure)
[16.681s][info][gc,heap        ] GC(173) PSYoungGen: 72896K(179200K)->38560K(77312K) Eden: 38400K(38400K)->0K(38400K) From: 34496K(140800K)->38560K(38912K)
[16.681s][info][gc,heap        ] GC(173) ParOldGen: 2543484K(2648576K)->2578092K(2648576K)
[16.681s][info][gc,metaspace   ] GC(173) Metaspace: 6299K(6464K)->6299K(6464K) NonClass: 5765K(5824K)->5765K(5824K) Class: 533K(640K)->533K(640K)
[16.681s][info][gc             ] GC(173) Pause Young (Allocation Failure) 2555M->2555M(2662M) 51.571ms
[16.681s][info][gc,cpu         ] GC(173) User=0.16s Sys=0.09s Real=0.05s
[16.732s][info][gc,start       ] GC(174) Pause Young (Allocation Failure)
[16.786s][info][gc,heap        ] GC(174) PSYoungGen: 76960K(77312K)->38560K(171520K) Eden: 38400K(38400K)->0K(42496K) From: 38560K(38912K)->38560K(129024K)
[16.787s][info][gc,heap        ] GC(174) ParOldGen: 2578092K(2648576K)->2616828K(2648576K)
[16.787s][info][gc,metaspace   ] GC(174) Metaspace: 6299K(6464K)->6299K(6464K) NonClass: 5765K(5824K)->5765K(5824K) Class: 533K(640K)->533K(640K)
[16.787s][info][gc             ] GC(174) Pause Young (Allocation Failure) 2592M->2593M(2754M) 55.054ms
[16.787s][info][gc,cpu         ] GC(174) User=0.22s Sys=0.16s Real=0.06s
[16.787s][info][gc,start       ] GC(175) Pause Full (Ergonomics)
[16.787s][info][gc,phases,start] GC(175) Marking Phase
[17.403s][info][gc,phases      ] GC(175) Marking Phase 616.410ms
[17.403s][info][gc,phases,start] GC(175) Summary Phase
[17.403s][info][gc,phases      ] GC(175) Summary Phase 0.048ms
[17.403s][info][gc,phases,start] GC(175) Adjust Roots
[17.404s][info][gc,phases      ] GC(175) Adjust Roots 0.237ms
[17.404s][info][gc,phases,start] GC(175) Compaction Phase
[17.617s][info][gc,phases      ] GC(175) Compaction Phase 213.031ms
[17.617s][info][gc,phases,start] GC(175) Post Compact
[17.621s][info][gc,phases      ] GC(175) Post Compact 4.561ms
[17.623s][info][gc,heap        ] GC(175) PSYoungGen: 38560K(171520K)->4644K(176128K) Eden: 0K(42496K)->0K(47104K) From: 38560K(129024K)->4644K(129024K)
[17.623s][info][gc,heap        ] GC(175) ParOldGen: 2616828K(2648576K)->2648332K(2907136K)
[17.623s][info][gc,metaspace   ] GC(175) Metaspace: 6299K(6464K)->6299K(6464K) NonClass: 5765K(5824K)->5765K(5824K) Class: 533K(640K)->533K(640K)
[17.623s][info][gc             ] GC(175) Pause Full (Ergonomics) 2593M->2590M(3011M) 836.500ms
[17.623s][info][gc,cpu         ] GC(175) User=6.28s Sys=0.03s Real=0.84s
[17.687s][info][gc,start       ] GC(176) Pause Young (Allocation Failure)
[17.836s][info][gc,heap        ] GC(176) PSYoungGen: 51748K(176128K)->47296K(94720K) Eden: 47104K(47104K)->0K(47104K) From: 4644K(129024K)->47296K(47616K)
[17.836s][info][gc,heap        ] GC(176) ParOldGen: 2648332K(2907136K)->2653060K(2907136K)
[17.836s][info][gc,metaspace   ] GC(176) Metaspace: 6299K(6464K)->6299K(6464K) NonClass: 5765K(5824K)->5765K(5824K) Class: 533K(640K)->533K(640K)
[17.836s][info][gc             ] GC(176) Pause Young (Allocation Failure) 2636M->2637M(2931M) 149.525ms
[17.836s][info][gc,cpu         ] GC(176) User=0.92s Sys=0.00s Real=0.15s
[17.891s][info][gc,start       ] GC(177) Pause Young (Allocation Failure)
[17.947s][info][gc,heap        ] GC(177) PSYoungGen: 94400K(94720K)->94432K(172032K) Eden: 47104K(47104K)->0K(44032K) From: 47296K(47616K)->94432K(128000K)
[17.947s][info][gc,heap        ] GC(177) ParOldGen: 2653060K(2907136K)->2653060K(2907136K)
[17.947s][info][gc,metaspace   ] GC(177) Metaspace: 6299K(6464K)->6299K(6464K) NonClass: 5765K(5824K)->5765K(5824K) Class: 533K(640K)->533K(640K)
[17.947s][info][gc             ] GC(177) Pause Young (Allocation Failure) 2683M->2683M(3007M) 55.570ms
[17.947s][info][gc,cpu         ] GC(177) User=0.38s Sys=0.00s Real=0.05s
[18.006s][info][gc,start       ] GC(178) Pause Young (Allocation Failure)
[18.082s][info][gc,heap        ] GC(178) PSYoungGen: 138464K(172032K)->135680K(179712K) Eden: 44032K(44032K)->0K(44032K) From: 94432K(128000K)->135680K(135680K)
[18.082s][info][gc,heap        ] GC(178) ParOldGen: 2653060K(2907136K)->2655868K(2907136K)
[18.082s][info][gc,metaspace   ] GC(178) Metaspace: 6299K(6464K)->6299K(6464K) NonClass: 5765K(5824K)->5765K(5824K) Class: 533K(640K)->533K(640K)
[18.082s][info][gc             ] GC(178) Pause Young (Allocation Failure) 2726M->2726M(3014M) 76.341ms
[18.082s][info][gc,cpu         ] GC(178) User=0.50s Sys=0.00s Real=0.08s
[18.141s][info][gc,start       ] GC(179) Pause Young (Allocation Failure)
[18.275s][info][gc,heap        ] GC(179) PSYoungGen: 179712K(179712K)->87392K(205312K) Eden: 44032K(44032K)->0K(49152K) From: 135680K(135680K)->87392K(156160K)
[18.275s][info][gc,heap        ] GC(179) ParOldGen: 2655868K(2907136K)->2749036K(2907136K)
[18.275s][info][gc,metaspace   ] GC(179) Metaspace: 6299K(6464K)->6299K(6464K) NonClass: 5765K(5824K)->5765K(5824K) Class: 533K(640K)->533K(640K)
[18.275s][info][gc             ] GC(179) Pause Young (Allocation Failure) 2769M->2769M(3039M) 133.817ms
[18.275s][info][gc,cpu         ] GC(179) User=0.67s Sys=0.23s Real=0.13s
[18.934s][info][gc,start       ] GC(180) Pause Full (Ergonomics)
[18.934s][info][gc,phases,start] GC(180) Marking Phase
[19.586s][info][gc,phases      ] GC(180) Marking Phase 651.677ms
[19.586s][info][gc,phases,start] GC(180) Summary Phase
[19.586s][info][gc,phases      ] GC(180) Summary Phase 0.050ms
[19.586s][info][gc,phases,start] GC(180) Adjust Roots
[19.586s][info][gc,phases      ] GC(180) Adjust Roots 0.215ms
[19.586s][info][gc,phases,start] GC(180) Compaction Phase
[20.046s][info][gc,phases      ] GC(180) Compaction Phase 459.352ms
[20.046s][info][gc,phases,start] GC(180) Post Compact
[20.053s][info][gc,phases      ] GC(180) Post Compact 7.421ms
[20.056s][info][gc,heap        ] GC(180) PSYoungGen: 136544K(205312K)->43135K(205824K) Eden: 49152K(49152K)->0K(49664K) From: 87392K(156160K)->43135K(156160K)
[20.056s][info][gc,heap        ] GC(180) ParOldGen: 2880108K(2907136K)->2906646K(3206656K)
[20.056s][info][gc,metaspace   ] GC(180) Metaspace: 6299K(6464K)->6299K(6464K) NonClass: 5765K(5824K)->5765K(5824K) Class: 533K(640K)->533K(640K)
[20.056s][info][gc             ] GC(180) Pause Full (Ergonomics) 2945M->2880M(3332M) 1121.281ms
[20.056s][info][gc,cpu         ] GC(180) User=7.69s Sys=0.11s Real=1.12s
[20.112s][info][gc,start       ] GC(181) Pause Young (Allocation Failure)
[20.276s][info][gc,heap        ] GC(181) PSYoungGen: 92799K(205824K)->71456K(121344K) Eden: 49664K(49664K)->0K(49664K) From: 43135K(156160K)->71456K(71680K)
[20.276s][info][gc,heap        ] GC(181) ParOldGen: 2906646K(3206656K)->2928422K(3206656K)
[20.276s][info][gc,metaspace   ] GC(181) Metaspace: 6299K(6464K)->6299K(6464K) NonClass: 5765K(5824K)->5765K(5824K) Class: 533K(640K)->533K(640K)
[20.276s][info][gc             ] GC(181) Pause Young (Allocation Failure) 2929M->2929M(3250M) 163.233ms
[20.276s][info][gc,cpu         ] GC(181) User=1.20s Sys=0.06s Real=0.16s
[20.323s][info][gc,start       ] GC(182) Pause Young (Allocation Failure)
[20.400s][info][gc,heap        ] GC(182) PSYoungGen: 121120K(121344K)->121248K(192512K) Eden: 49664K(49664K)->0K(43008K) From: 71456K(71680K)->121248K(149504K)
[20.401s][info][gc,heap        ] GC(182) ParOldGen: 2928422K(3206656K)->2928422K(3206656K)
[20.401s][info][gc,metaspace   ] GC(182) Metaspace: 6299K(6464K)->6299K(6464K) NonClass: 5765K(5824K)->5765K(5824K) Class: 533K(640K)->533K(640K)
[20.401s][info][gc             ] GC(182) Pause Young (Allocation Failure) 2978M->2978M(3319M) 77.241ms
[20.401s][info][gc,cpu         ] GC(182) User=0.23s Sys=0.08s Real=0.08s
[20.445s][info][gc,start       ] GC(183) Pause Young (Allocation Failure)
[20.532s][info][gc,heap        ] GC(183) PSYoungGen: 164256K(192512K)->160768K(203776K) Eden: 43008K(43008K)->0K(43008K) From: 121248K(149504K)->160768K(160768K)
[20.532s][info][gc,heap        ] GC(183) ParOldGen: 2928422K(3206656K)->2931918K(3206656K)
[20.532s][info][gc,metaspace   ] GC(183) Metaspace: 6299K(6464K)->6299K(6464K) NonClass: 5765K(5824K)->5765K(5824K) Class: 533K(640K)->533K(640K)
[20.532s][info][gc             ] GC(183) Pause Young (Allocation Failure) 3020M->3020M(3330M) 86.794ms
[20.532s][info][gc,cpu         ] GC(183) User=0.23s Sys=0.06s Real=0.09s
[20.572s][info][gc,start       ] GC(184) Pause Young (Allocation Failure)
[20.721s][info][gc,heap        ] GC(184) PSYoungGen: 203776K(203776K)->133504K(224768K) Eden: 43008K(43008K)->0K(38912K) From: 160768K(160768K)->133504K(185856K)
[20.721s][info][gc,heap        ] GC(184) ParOldGen: 2931918K(3206656K)->3002910K(3206656K)
[20.721s][info][gc,metaspace   ] GC(184) Metaspace: 6299K(6464K)->6299K(6464K) NonClass: 5765K(5824K)->5765K(5824K) Class: 533K(640K)->533K(640K)
[20.721s][info][gc             ] GC(184) Pause Young (Allocation Failure) 3062M->3062M(3351M) 148.956ms
[20.721s][info][gc,cpu         ] GC(184) User=0.67s Sys=0.45s Real=0.15s
[20.766s][info][gc,start       ] GC(185) Pause Young (Allocation Failure)
[20.874s][info][gc,heap        ] GC(185) PSYoungGen: 172416K(224768K)->82144K(121344K) Eden: 38912K(38912K)->0K(38912K) From: 133504K(185856K)->82144K(82432K)
[20.874s][info][gc,heap        ] GC(185) ParOldGen: 3002910K(3206656K)->3093838K(3206656K)
[20.874s][info][gc,metaspace   ] GC(185) Metaspace: 6299K(6464K)->6299K(6464K) NonClass: 5765K(5824K)->5765K(5824K) Class: 533K(640K)->533K(640K)
[20.874s][info][gc             ] GC(185) Pause Young (Allocation Failure) 3100M->3101M(3250M) 108.185ms
[20.874s][info][gc,cpu         ] GC(185) User=0.58s Sys=0.19s Real=0.11s
[20.920s][info][gc,start       ] GC(186) Pause Young (Allocation Failure)
[21.014s][info][gc,heap        ] GC(186) PSYoungGen: 121056K(121344K)->39040K(226816K) Eden: 38912K(38912K)->0K(44544K) From: 82144K(82432K)->39040K(182272K)
[21.014s][info][gc,heap        ] GC(186) ParOldGen: 3093838K(3206656K)->3176462K(3206656K)
[21.014s][info][gc,metaspace   ] GC(186) Metaspace: 6299K(6464K)->6299K(6464K) NonClass: 5765K(5824K)->5765K(5824K) Class: 533K(640K)->533K(640K)
[21.014s][info][gc             ] GC(186) Pause Young (Allocation Failure) 3139M->3140M(3353M) 93.426ms
[21.014s][info][gc,cpu         ] GC(186) User=0.42s Sys=0.22s Real=0.09s
[21.014s][info][gc,start       ] GC(187) Pause Full (Ergonomics)
[21.014s][info][gc,phases,start] GC(187) Marking Phase
[21.751s][info][gc,phases      ] GC(187) Marking Phase 736.932ms
[21.751s][info][gc,phases,start] GC(187) Summary Phase
[21.751s][info][gc,phases      ] GC(187) Summary Phase 0.056ms
[21.751s][info][gc,phases,start] GC(187) Adjust Roots
[21.751s][info][gc,phases      ] GC(187) Adjust Roots 0.253ms
[21.751s][info][gc,phases,start] GC(187) Compaction Phase
[22.073s][info][gc,phases      ] GC(187) Compaction Phase 322.064ms
[22.073s][info][gc,phases,start] GC(187) Post Compact
[22.079s][info][gc,phases      ] GC(187) Post Compact 5.807ms
[22.082s][info][gc,heap        ] GC(187) PSYoungGen: 39040K(226816K)->6181K(227840K) Eden: 0K(44544K)->0K(45568K) From: 39040K(182272K)->6181K(182272K)
[22.082s][info][gc,heap        ] GC(187) ParOldGen: 3176462K(3206656K)->3206583K(3561984K)
[22.082s][info][gc,metaspace   ] GC(187) Metaspace: 6299K(6464K)->6299K(6464K) NonClass: 5765K(5824K)->5765K(5824K) Class: 533K(640K)->533K(640K)
[22.082s][info][gc             ] GC(187) Pause Full (Ergonomics) 3140M->3137M(3701M) 1067.905ms
[22.082s][info][gc,cpu         ] GC(187) User=7.66s Sys=0.03s Real=1.07s
[22.133s][info][gc,start       ] GC(188) Pause Young (Allocation Failure)
[22.300s][info][gc,heap        ] GC(188) PSYoungGen: 51749K(227840K)->45728K(228864K) Eden: 45568K(45568K)->0K(45568K) From: 6181K(182272K)->45728K(183296K)
[22.300s][info][gc,heap        ] GC(188) ParOldGen: 3206583K(3561984K)->3212863K(3561984K)
[22.300s][info][gc,metaspace   ] GC(188) Metaspace: 6299K(6464K)->6299K(6464K) NonClass: 5765K(5824K)->5765K(5824K) Class: 533K(640K)->533K(640K)
[22.300s][info][gc             ] GC(188) Pause Young (Allocation Failure) 3181M->3182M(3702M) 166.450ms
[22.300s][info][gc,cpu         ] GC(188) User=1.05s Sys=0.00s Real=0.17s
[22.344s][info][gc,start       ] GC(189) Pause Young (Allocation Failure)
[22.415s][info][gc,heap        ] GC(189) PSYoungGen: 91296K(228864K)->45792K(220672K) Eden: 45568K(45568K)->0K(50688K) From: 45728K(183296K)->45792K(169984K)
[22.415s][info][gc,heap        ] GC(189) ParOldGen: 3212863K(3561984K)->3258847K(3561984K)
[22.415s][info][gc,metaspace   ] GC(189) Metaspace: 6299K(6464K)->6299K(6464K) NonClass: 5765K(5824K)->5765K(5824K) Class: 533K(640K)->533K(640K)
[22.415s][info][gc             ] GC(189) Pause Young (Allocation Failure) 3226M->3227M(3694M) 70.437ms
[22.415s][info][gc,cpu         ] GC(189) User=0.25s Sys=0.08s Real=0.07s
[22.466s][info][gc,start       ] GC(190) Pause Young (Allocation Failure)
[22.539s][info][gc,heap        ] GC(190) PSYoungGen: 96480K(220672K)->50944K(225280K) Eden: 50688K(50688K)->0K(50688K) From: 45792K(169984K)->50944K(174592K)
[22.539s][info][gc,heap        ] GC(190) ParOldGen: 3258847K(3561984K)->3304815K(3561984K)
[22.539s][info][gc,metaspace   ] GC(190) Metaspace: 6299K(6464K)->6299K(6464K) NonClass: 5765K(5824K)->5765K(5824K) Class: 533K(640K)->533K(640K)
[22.539s][info][gc             ] GC(190) Pause Young (Allocation Failure) 3276M->3277M(3698M) 73.240ms
[22.539s][info][gc,cpu         ] GC(190) User=0.30s Sys=0.12s Real=0.07s
[22.596s][info][gc,start       ] GC(191) Pause Young (Allocation Failure)
[22.676s][info][gc,heap        ] GC(191) PSYoungGen: 101632K(225280K)->50848K(215040K) Eden: 50688K(50688K)->0K(56832K) From: 50944K(174592K)->50848K(158208K)
[22.676s][info][gc,heap        ] GC(191) ParOldGen: 3304815K(3561984K)->3355959K(3561984K)
[22.676s][info][gc,metaspace   ] GC(191) Metaspace: 6299K(6464K)->6299K(6464K) NonClass: 5765K(5824K)->5765K(5824K) Class: 533K(640K)->533K(640K)
[22.676s][info][gc             ] GC(191) Pause Young (Allocation Failure) 3326M->3326M(3688M) 80.092ms
[22.676s][info][gc,cpu         ] GC(191) User=0.28s Sys=0.12s Real=0.08s
[22.736s][info][gc,start       ] GC(192) Pause Young (Allocation Failure)
[22.822s][info][gc,heap        ] GC(192) PSYoungGen: 107680K(215040K)->57088K(114176K) Eden: 56832K(56832K)->0K(56832K) From: 50848K(158208K)->57088K(57344K)
[22.822s][info][gc,heap        ] GC(192) ParOldGen: 3355959K(3561984K)->3407103K(3561984K)
[22.822s][info][gc,metaspace   ] GC(192) Metaspace: 6299K(6464K)->6299K(6464K) NonClass: 5765K(5824K)->5765K(5824K) Class: 533K(640K)->533K(640K)
[22.822s][info][gc             ] GC(192) Pause Young (Allocation Failure) 3382M->3382M(3590M) 85.896ms
[22.822s][info][gc,cpu         ] GC(192) User=0.28s Sys=0.17s Real=0.09s
[22.875s][info][gc,start       ] GC(193) Pause Young (Allocation Failure)
[22.954s][info][gc,heap        ] GC(193) PSYoungGen: 113920K(114176K)->57024K(207360K) Eden: 56832K(56832K)->0K(64000K) From: 57088K(57344K)->57024K(143360K)
[22.954s][info][gc,heap        ] GC(193) ParOldGen: 3407103K(3561984K)->3464439K(3561984K)
[22.954s][info][gc,metaspace   ] GC(193) Metaspace: 6299K(6464K)->6299K(6464K) NonClass: 5765K(5824K)->5765K(5824K) Class: 533K(640K)->533K(640K)
[22.954s][info][gc             ] GC(193) Pause Young (Allocation Failure) 3438M->3438M(3681M) 78.751ms
[22.954s][info][gc,cpu         ] GC(193) User=0.38s Sys=0.14s Real=0.08s
[22.954s][info][gc,start       ] GC(194) Pause Full (Ergonomics)
[22.954s][info][gc,phases,start] GC(194) Marking Phase
[23.738s][info][gc,phases      ] GC(194) Marking Phase 783.524ms
[23.738s][info][gc,phases,start] GC(194) Summary Phase
[23.738s][info][gc,phases      ] GC(194) Summary Phase 0.087ms
[23.738s][info][gc,phases,start] GC(194) Adjust Roots
[23.738s][info][gc,phases      ] GC(194) Adjust Roots 0.186ms
[23.738s][info][gc,phases,start] GC(194) Compaction Phase
[24.078s][info][gc,phases      ] GC(194) Compaction Phase 340.118ms
[24.078s][info][gc,phases,start] GC(194) Post Compact
[24.085s][info][gc,phases      ] GC(194) Post Compact 6.596ms
[24.088s][info][gc,heap        ] GC(194) PSYoungGen: 57024K(207360K)->0K(213504K) Eden: 0K(64000K)->0K(64000K) From: 57024K(143360K)->0K(149504K)
[24.088s][info][gc,heap        ] GC(194) ParOldGen: 3464439K(3561984K)->3518763K(3886080K)
[24.088s][info][gc,metaspace   ] GC(194) Metaspace: 6299K(6464K)->6299K(6464K) NonClass: 5765K(5824K)->5765K(5824K) Class: 533K(640K)->533K(640K)
[24.088s][info][gc             ] GC(194) Pause Full (Ergonomics) 3438M->3436M(4003M) 1133.570ms
[24.088s][info][gc,cpu         ] GC(194) User=8.09s Sys=0.09s Real=1.13s
[24.152s][info][gc,start       ] GC(195) Pause Young (Allocation Failure)
[24.208s][info][gc,heap        ] GC(195) PSYoungGen: 64000K(213504K)->64224K(203776K) Eden: 64000K(64000K)->0K(70144K) From: 0K(149504K)->64224K(133632K)
[24.208s][info][gc,heap        ] GC(195) ParOldGen: 3518763K(3886080K)->3518763K(3886080K)
[24.208s][info][gc,metaspace   ] GC(195) Metaspace: 6299K(6464K)->6299K(6464K) NonClass: 5765K(5824K)->5765K(5824K) Class: 533K(640K)->533K(640K)
[24.208s][info][gc             ] GC(195) Pause Young (Allocation Failure) 3498M->3499M(3994M) 55.809ms
[24.208s][info][gc,cpu         ] GC(195) User=0.14s Sys=0.00s Real=0.06s
[24.287s][info][gc,start       ] GC(196) Pause Young (Allocation Failure)
[24.360s][info][gc,heap        ] GC(196) PSYoungGen: 134368K(203776K)->134496K(212480K) Eden: 70144K(70144K)->0K(70144K) From: 64224K(133632K)->134496K(142336K)
[24.360s][info][gc,heap        ] GC(196) ParOldGen: 3518763K(3886080K)->3518763K(3886080K)
[24.360s][info][gc,metaspace   ] GC(196) Metaspace: 6299K(6464K)->6299K(6464K) NonClass: 5765K(5824K)->5765K(5824K) Class: 533K(640K)->533K(640K)
[24.360s][info][gc             ] GC(196) Pause Young (Allocation Failure) 3567M->3567M(4002M) 72.425ms
[24.360s][info][gc,cpu         ] GC(196) User=0.36s Sys=0.00s Real=0.07s
[24.432s][info][gc,start       ] GC(197) Pause Young (Allocation Failure)
[24.563s][info][gc,heap        ] GC(197) PSYoungGen: 204640K(212480K)->159232K(196096K) Eden: 70144K(70144K)->0K(36864K) From: 134496K(142336K)->159232K(159232K)
[24.563s][info][gc,heap        ] GC(197) ParOldGen: 3518763K(3886080K)->3564483K(3886080K)
[24.563s][info][gc,metaspace   ] GC(197) Metaspace: 6299K(6464K)->6299K(6464K) NonClass: 5765K(5824K)->5765K(5824K) Class: 533K(640K)->533K(640K)
[24.563s][info][gc             ] GC(197) Pause Young (Allocation Failure) 3636M->3636M(3986M) 131.262ms
[24.563s][info][gc,cpu         ] GC(197) User=0.53s Sys=0.36s Real=0.13s
[24.600s][info][gc,start       ] GC(198) Pause Young (Allocation Failure)
[24.746s][info][gc,heap        ] GC(198) PSYoungGen: 196096K(196096K)->95808K(133120K) Eden: 36864K(36864K)->0K(36864K) From: 159232K(159232K)->95808K(96256K)
[24.746s][info][gc,heap        ] GC(198) ParOldGen: 3564483K(3886080K)->3665707K(3886080K)
[24.746s][info][gc,metaspace   ] GC(198) Metaspace: 6299K(6464K)->6299K(6464K) NonClass: 5765K(5824K)->5765K(5824K) Class: 533K(640K)->533K(640K)
[24.746s][info][gc             ] GC(198) Pause Young (Allocation Failure) 3672M->3673M(3925M) 145.900ms
[24.746s][info][gc,cpu         ] GC(198) User=0.50s Sys=0.38s Real=0.15s
[24.781s][info][gc,start       ] GC(199) Pause Young (Allocation Failure)
[24.864s][info][gc,heap        ] GC(199) PSYoungGen: 132672K(133120K)->73952K(218112K) Eden: 36864K(36864K)->0K(41984K) From: 95808K(96256K)->73952K(176128K)
[24.864s][info][gc,heap        ] GC(199) ParOldGen: 3665707K(3886080K)->3724915K(3886080K)
[24.864s][info][gc,metaspace   ] GC(199) Metaspace: 6299K(6464K)->6299K(6464K) NonClass: 5765K(5824K)->5765K(5824K) Class: 533K(640K)->533K(640K)
[24.864s][info][gc             ] GC(199) Pause Young (Allocation Failure) 3709M->3709M(4008M) 83.122ms
[24.864s][info][gc,cpu         ] GC(199) User=0.38s Sys=0.17s Real=0.08s
[24.905s][info][gc,start       ] GC(200) Pause Young (Allocation Failure)
[24.996s][info][gc,heap        ] GC(200) PSYoungGen: 115936K(218112K)->42176K(225280K) Eden: 41984K(41984K)->0K(41984K) From: 73952K(176128K)->42176K(183296K)
[24.996s][info][gc,heap        ] GC(200) ParOldGen: 3724915K(3886080K)->3799259K(3886080K)
[24.996s][info][gc,metaspace   ] GC(200) Metaspace: 6299K(6464K)->6299K(6464K) NonClass: 5765K(5824K)->5765K(5824K) Class: 533K(640K)->533K(640K)
[24.996s][info][gc             ] GC(200) Pause Young (Allocation Failure) 3750M->3751M(4015M) 91.871ms
[24.996s][info][gc,cpu         ] GC(200) User=0.22s Sys=0.42s Real=0.09s
[24.996s][info][gc,start       ] GC(201) Pause Full (Ergonomics)
[24.996s][info][gc,phases,start] GC(201) Marking Phase
[25.897s][info][gc,phases      ] GC(201) Marking Phase 900.285ms
[25.897s][info][gc,phases,start] GC(201) Summary Phase
[25.897s][info][gc,phases      ] GC(201) Summary Phase 0.088ms
[25.897s][info][gc,phases,start] GC(201) Adjust Roots
[25.897s][info][gc,phases      ] GC(201) Adjust Roots 0.187ms
[25.897s][info][gc,phases,start] GC(201) Compaction Phase
[26.245s][info][gc,phases      ] GC(201) Compaction Phase 347.624ms
[26.245s][info][gc,phases,start] GC(201) Post Compact
[26.252s][info][gc,phases      ] GC(201) Post Compact 6.888ms
[26.254s][info][gc,heap        ] GC(201) PSYoungGen: 42176K(225280K)->0K(228864K) Eden: 0K(41984K)->0K(47616K) From: 42176K(183296K)->0K(181248K)
[26.254s][info][gc,heap        ] GC(201) ParOldGen: 3799259K(3886080K)->3838580K(4248576K)
[26.254s][info][gc,metaspace   ] GC(201) Metaspace: 6299K(6464K)->6299K(6464K) NonClass: 5765K(5824K)->5765K(5824K) Class: 533K(640K)->533K(640K)
[26.254s][info][gc             ] GC(201) Pause Full (Ergonomics) 3751M->3748M(4372M) 1257.794ms
[26.254s][info][gc,cpu         ] GC(201) User=9.11s Sys=0.08s Real=1.26s
[26.310s][info][gc,start       ] GC(202) Pause Young (Allocation Failure)
[26.358s][info][gc,heap        ] GC(202) PSYoungGen: 47616K(228864K)->47776K(228864K) Eden: 47616K(47616K)->0K(47616K) From: 0K(181248K)->47776K(181248K)
[26.358s][info][gc,heap        ] GC(202) ParOldGen: 3838580K(4248576K)->3838580K(4248576K)
[26.358s][info][gc,metaspace   ] GC(202) Metaspace: 6299K(6464K)->6299K(6464K) NonClass: 5765K(5824K)->5765K(5824K) Class: 533K(640K)->533K(640K)
[26.358s][info][gc             ] GC(202) Pause Young (Allocation Failure) 3795M->3795M(4372M) 48.105ms
[26.358s][info][gc,cpu         ] GC(202) User=0.16s Sys=0.00s Real=0.05s
[26.408s][info][gc,start       ] GC(203) Pause Young (Allocation Failure)
[26.469s][info][gc,heap        ] GC(203) PSYoungGen: 95392K(228864K)->95456K(222720K) Eden: 47616K(47616K)->0K(52736K) From: 47776K(181248K)->95456K(169984K)
[26.469s][info][gc,heap        ] GC(203) ParOldGen: 3838580K(4248576K)->3838580K(4248576K)
[26.469s][info][gc,metaspace   ] GC(203) Metaspace: 6299K(6464K)->6299K(6464K) NonClass: 5765K(5824K)->5765K(5824K) Class: 533K(640K)->533K(640K)
[26.469s][info][gc             ] GC(203) Pause Young (Allocation Failure) 3841M->3841M(4366M) 60.517ms
[26.469s][info][gc,cpu         ] GC(203) User=0.28s Sys=0.00s Real=0.06s
[26.521s][info][gc,start       ] GC(204) Pause Young (Allocation Failure)
[26.608s][info][gc,heap        ] GC(204) PSYoungGen: 148192K(222720K)->100672K(226304K) Eden: 52736K(52736K)->0K(52736K) From: 95456K(169984K)->100672K(173568K)
[26.608s][info][gc,heap        ] GC(204) ParOldGen: 3838580K(4248576K)->3886620K(4248576K)
[26.608s][info][gc,metaspace   ] GC(204) Metaspace: 6299K(6464K)->6299K(6464K) NonClass: 5765K(5824K)->5765K(5824K) Class: 533K(640K)->533K(640K)
[26.608s][info][gc             ] GC(204) Pause Young (Allocation Failure) 3893M->3893M(4370M) 87.161ms
[26.608s][info][gc,cpu         ] GC(204) User=0.62s Sys=0.12s Real=0.09s
[26.664s][info][gc,start       ] GC(205) Pause Young (Allocation Failure)
[26.759s][info][gc,heap        ] GC(205) PSYoungGen: 153408K(226304K)->105760K(229888K) Eden: 52736K(52736K)->0K(58880K) From: 100672K(173568K)->105760K(171008K)
[26.759s][info][gc,heap        ] GC(205) ParOldGen: 3886620K(4248576K)->3934668K(4248576K)
[26.759s][info][gc,metaspace   ] GC(205) Metaspace: 6299K(6464K)->6299K(6464K) NonClass: 5765K(5824K)->5765K(5824K) Class: 533K(640K)->533K(640K)
[26.759s][info][gc             ] GC(205) Pause Young (Allocation Failure) 3945M->3945M(4373M) 94.926ms
[26.759s][info][gc,cpu         ] GC(205) User=0.38s Sys=0.27s Real=0.10s
[26.831s][info][gc,start       ] GC(206) Pause Young (Allocation Failure)
[26.932s][info][gc,heap        ] GC(206) PSYoungGen: 164640K(229888K)->111936K(230400K) Eden: 58880K(58880K)->0K(58880K) From: 105760K(171008K)->111936K(171520K)
[26.932s][info][gc,heap        ] GC(206) ParOldGen: 3934668K(4248576K)->3987884K(4248576K)
[26.932s][info][gc,metaspace   ] GC(206) Metaspace: 6299K(6464K)->6299K(6464K) NonClass: 5765K(5824K)->5765K(5824K) Class: 533K(640K)->533K(640K)
[26.932s][info][gc             ] GC(206) Pause Young (Allocation Failure) 4003M->4003M(4374M) 101.004ms
[26.932s][info][gc,cpu         ] GC(206) User=0.67s Sys=0.09s Real=0.10s
[26.996s][info][gc,start       ] GC(207) Pause Young (Allocation Failure)
[27.100s][info][gc,heap        ] GC(207) PSYoungGen: 170816K(230400K)->118112K(236032K) Eden: 58880K(58880K)->0K(62976K) From: 111936K(171520K)->118112K(173056K)
[27.101s][info][gc,heap        ] GC(207) ParOldGen: 3987884K(4248576K)->4041092K(4248576K)
[27.101s][info][gc,metaspace   ] GC(207) Metaspace: 6299K(6464K)->6299K(6464K) NonClass: 5765K(5824K)->5765K(5824K) Class: 533K(640K)->533K(640K)
[27.101s][info][gc             ] GC(207) Pause Young (Allocation Failure) 4061M->4061M(4379M) 104.486ms
[27.101s][info][gc,cpu         ] GC(207) User=0.58s Sys=0.17s Real=0.11s
[27.164s][info][gc,start       ] GC(208) Pause Young (Allocation Failure)
[27.277s][info][gc,heap        ] GC(208) PSYoungGen: 181088K(236032K)->122176K(238592K) Eden: 62976K(62976K)->0K(62976K) From: 118112K(173056K)->122176K(175616K)
[27.277s][info][gc,heap        ] GC(208) ParOldGen: 4041092K(4248576K)->4100500K(4248576K)
[27.277s][info][gc,metaspace   ] GC(208) Metaspace: 6299K(6464K)->6299K(6464K) NonClass: 5765K(5824K)->5765K(5824K) Class: 533K(640K)->533K(640K)
[27.277s][info][gc             ] GC(208) Pause Young (Allocation Failure) 4123M->4123M(4382M) 113.392ms
[27.278s][info][gc,cpu         ] GC(208) User=0.45s Sys=0.33s Real=0.11s
[27.347s][info][gc,start       ] GC(209) Pause Young (Allocation Failure)
[27.470s][info][gc,heap        ] GC(209) PSYoungGen: 185152K(238592K)->126304K(245760K) Eden: 62976K(62976K)->0K(67072K) From: 122176K(175616K)->126304K(178688K)
[27.470s][info][gc,heap        ] GC(209) ParOldGen: 4100500K(4248576K)->4159900K(4248576K)
[27.470s][info][gc,metaspace   ] GC(209) Metaspace: 6299K(6464K)->6299K(6464K) NonClass: 5765K(5824K)->5765K(5824K) Class: 533K(640K)->533K(640K)
[27.470s][info][gc             ] GC(209) Pause Young (Allocation Failure) 4185M->4185M(4389M) 122.492ms
[27.470s][info][gc,cpu         ] GC(209) User=0.81s Sys=0.19s Real=0.12s
[27.470s][info][gc,start       ] GC(210) Pause Full (Ergonomics)
[27.470s][info][gc,phases,start] GC(210) Marking Phase
[28.469s][info][gc,phases      ] GC(210) Marking Phase 999.639ms
[28.470s][info][gc,phases,start] GC(210) Summary Phase
[28.470s][info][gc,phases      ] GC(210) Summary Phase 0.122ms
[28.470s][info][gc,phases,start] GC(210) Adjust Roots
[28.470s][info][gc,phases      ] GC(210) Adjust Roots 0.346ms
[28.470s][info][gc,phases,start] GC(210) Compaction Phase
[28.844s][info][gc,phases      ] GC(210) Compaction Phase 374.278ms
[28.844s][info][gc,phases,start] GC(210) Post Compact
[28.852s][info][gc,phases      ] GC(210) Post Compact 7.629ms
[28.856s][info][gc,heap        ] GC(210) PSYoungGen: 126304K(245760K)->34428K(245760K) Eden: 0K(67072K)->0K(67072K) From: 126304K(178688K)->34428K(178688K)
[28.856s][info][gc,heap        ] GC(210) ParOldGen: 4159900K(4248576K)->4248304K(4674048K)
[28.856s][info][gc,metaspace   ] GC(210) Metaspace: 6299K(6464K)->6299K(6464K) NonClass: 5765K(5824K)->5765K(5824K) Class: 533K(640K)->533K(640K)
[28.856s][info][gc             ] GC(210) Pause Full (Ergonomics) 4185M->4182M(4804M) 1386.260ms
[28.856s][info][gc,cpu         ] GC(210) User=10.36s Sys=0.23s Real=1.39s
[28.938s][info][gc,start       ] GC(211) Pause Young (Allocation Failure)
[29.197s][info][gc,heap        ] GC(211) PSYoungGen: 101500K(245760K)->67296K(249344K) Eden: 67072K(67072K)->0K(67072K) From: 34428K(178688K)->67296K(182272K)
[29.197s][info][gc,heap        ] GC(211) ParOldGen: 4248304K(4674048K)->4283104K(4674048K)
[29.197s][info][gc,metaspace   ] GC(211) Metaspace: 6299K(6464K)->6299K(6464K) NonClass: 5765K(5824K)->5765K(5824K) Class: 533K(640K)->533K(640K)
[29.197s][info][gc             ] GC(211) Pause Young (Allocation Failure) 4247M->4248M(4808M) 258.331ms
[29.197s][info][gc,cpu         ] GC(211) User=1.67s Sys=0.12s Real=0.26s
[29.267s][info][gc,start       ] GC(212) Pause Young (Allocation Failure)
[29.352s][info][gc,heap        ] GC(212) PSYoungGen: 134368K(249344K)->134464K(247296K) Eden: 67072K(67072K)->0K(68096K) From: 67296K(182272K)->134464K(179200K)
[29.352s][info][gc,heap        ] GC(212) ParOldGen: 4283104K(4674048K)->4283104K(4674048K)
[29.352s][info][gc,metaspace   ] GC(212) Metaspace: 6299K(6464K)->6299K(6464K) NonClass: 5765K(5824K)->5765K(5824K) Class: 533K(640K)->533K(640K)
[29.352s][info][gc             ] GC(212) Pause Young (Allocation Failure) 4313M->4314M(4806M) 84.611ms
[29.352s][info][gc,cpu         ] GC(212) User=0.42s Sys=0.00s Real=0.08s
[29.420s][info][gc,start       ] GC(213) Pause Young (Allocation Failure)
[29.569s][info][gc,heap        ] GC(213) PSYoungGen: 202560K(247296K)->135520K(253440K) Eden: 68096K(68096K)->0K(68096K) From: 134464K(179200K)->135520K(185344K)
[29.569s][info][gc,heap        ] GC(213) ParOldGen: 4283104K(4674048K)->4350768K(4674048K)
[29.569s][info][gc,metaspace   ] GC(213) Metaspace: 6299K(6464K)->6299K(6464K) NonClass: 5765K(5824K)->5765K(5824K) Class: 533K(640K)->533K(640K)
[29.569s][info][gc             ] GC(213) Pause Young (Allocation Failure) 4380M->4381M(4812M) 149.198ms
[29.569s][info][gc,cpu         ] GC(213) User=0.81s Sys=0.22s Real=0.15s
[29.661s][info][gc,start       ] GC(214) Pause Young (Allocation Failure)
[29.804s][info][gc,heap        ] GC(214) PSYoungGen: 203616K(253440K)->136544K(262144K) Eden: 68096K(68096K)->0K(71680K) From: 135520K(185344K)->136544K(190464K)
[29.804s][info][gc,heap        ] GC(214) ParOldGen: 4350768K(4674048K)->4418448K(4674048K)
[29.804s][info][gc,metaspace   ] GC(214) Metaspace: 6299K(6464K)->6299K(6464K) NonClass: 5765K(5824K)->5765K(5824K) Class: 533K(640K)->533K(640K)
[29.804s][info][gc             ] GC(214) Pause Young (Allocation Failure) 4447M->4448M(4820M) 142.905ms
[29.804s][info][gc,cpu         ] GC(214) User=0.83s Sys=0.30s Real=0.14s
[29.888s][info][gc,start       ] GC(215) Pause Young (Allocation Failure)
[30.047s][info][gc,heap        ] GC(215) PSYoungGen: 208224K(262144K)->140096K(266240K) Eden: 71680K(71680K)->0K(71680K) From: 136544K(190464K)->140096K(194560K)
[30.047s][info][gc,heap        ] GC(215) ParOldGen: 4418448K(4674048K)->4487160K(4674048K)
[30.047s][info][gc,metaspace   ] GC(215) Metaspace: 6299K(6464K)->6299K(6464K) NonClass: 5765K(5824K)->5765K(5824K) Class: 533K(640K)->533K(640K)
[30.047s][info][gc             ] GC(215) Pause Young (Allocation Failure) 4518M->4518M(4824M) 159.509ms
[30.047s][info][gc,cpu         ] GC(215) User=0.86s Sys=0.27s Real=0.16s
[30.126s][info][gc,start       ] GC(216) Pause Young (Allocation Failure)
[30.288s][info][gc,heap        ] GC(216) PSYoungGen: 211776K(266240K)->143744K(274944K) Eden: 71680K(71680K)->0K(76288K) From: 140096K(194560K)->143744K(198656K)
[30.288s][info][gc,heap        ] GC(216) ParOldGen: 4487160K(4674048K)->4555856K(4674048K)
[30.288s][info][gc,metaspace   ] GC(216) Metaspace: 6299K(6464K)->6299K(6464K) NonClass: 5765K(5824K)->5765K(5824K) Class: 533K(640K)->533K(640K)
[30.288s][info][gc             ] GC(216) Pause Young (Allocation Failure) 4588M->4589M(4833M) 162.367ms
[30.288s][info][gc,cpu         ] GC(216) User=0.88s Sys=0.28s Real=0.16s
[30.378s][info][gc,start       ] GC(217) Pause Young (Allocation Failure)
[30.597s][info][gc,heap        ] GC(217) PSYoungGen: 220032K(274944K)->76512K(279040K) Eden: 76288K(76288K)->0K(76288K) From: 143744K(198656K)->76512K(202752K)
[30.598s][info][gc,heap        ] GC(217) ParOldGen: 4555856K(4674048K)->4700488K(4700672K)
[30.598s][info][gc,metaspace   ] GC(217) Metaspace: 6299K(6464K)->6299K(6464K) NonClass: 5765K(5824K)->5765K(5824K) Class: 533K(640K)->533K(640K)
[30.598s][info][gc             ] GC(217) Pause Young (Allocation Failure) 4663M->4665M(4863M) 219.988ms
[30.598s][info][gc,cpu         ] GC(217) User=0.94s Sys=0.70s Real=0.22s
[30.598s][info][gc,start       ] GC(218) Pause Full (Ergonomics)
[30.598s][info][gc,phases,start] GC(218) Marking Phase
[31.770s][info][gc,phases      ] GC(218) Marking Phase 1172.822ms
[31.771s][info][gc,phases,start] GC(218) Summary Phase
[31.771s][info][gc,phases      ] GC(218) Summary Phase 0.055ms
[31.771s][info][gc,phases,start] GC(218) Adjust Roots
[31.771s][info][gc,phases      ] GC(218) Adjust Roots 0.162ms
[31.771s][info][gc,phases,start] GC(218) Compaction Phase
[32.154s][info][gc,phases      ] GC(218) Compaction Phase 383.380ms
[32.154s][info][gc,phases,start] GC(218) Post Compact
[32.162s][info][gc,phases      ] GC(218) Post Compact 7.271ms
[32.162s][info][gc,heap        ] GC(218) PSYoungGen: 76512K(279040K)->72162K(279040K) Eden: 0K(76288K)->0K(76288K) From: 76512K(202752K)->72162K(202752K)
[32.162s][info][gc,heap        ] GC(218) ParOldGen: 4700488K(4700672K)->4700330K(4710400K)
[32.162s][info][gc,metaspace   ] GC(218) Metaspace: 6299K(6464K)->6299K(6464K) NonClass: 5765K(5824K)->5765K(5824K) Class: 533K(640K)->533K(640K)
[32.162s][info][gc             ] GC(218) Pause Full (Ergonomics) 4665M->4660M(4872M) 1564.111ms
[32.162s][info][gc,cpu         ] GC(218) User=11.84s Sys=0.11s Real=1.56s
[32.252s][info][gc,start       ] GC(219) Pause Full (Ergonomics)
[32.252s][info][gc,phases,start] GC(219) Marking Phase
[33.326s][info][gc,phases      ] GC(219) Marking Phase 1074.160ms
[33.326s][info][gc,phases,start] GC(219) Summary Phase
[33.327s][info][gc,phases      ] GC(219) Summary Phase 0.063ms
[33.327s][info][gc,phases,start] GC(219) Adjust Roots
[33.327s][info][gc,phases      ] GC(219) Adjust Roots 0.182ms
[33.327s][info][gc,phases,start] GC(219) Compaction Phase
[33.629s][info][gc,phases      ] GC(219) Compaction Phase 302.445ms
[33.629s][info][gc,phases,start] GC(219) Post Compact
[33.636s][info][gc,phases      ] GC(219) Post Compact 6.957ms
[33.636s][info][gc,heap        ] GC(219) PSYoungGen: 148450K(279040K)->138691K(279040K) Eden: 76288K(76288K)->76257K(76288K) From: 72162K(202752K)->62434K(202752K)
[33.636s][info][gc,heap        ] GC(219) ParOldGen: 4700330K(4710400K)->4710054K(4710400K)
[33.636s][info][gc,metaspace   ] GC(219) Metaspace: 6299K(6464K)->6299K(6464K) NonClass: 5765K(5824K)->5765K(5824K) Class: 533K(640K)->533K(640K)
[33.636s][info][gc             ] GC(219) Pause Full (Ergonomics) 4735M->4735M(4872M) 1384.172ms
[33.636s][info][gc,cpu         ] GC(219) User=10.56s Sys=0.06s Real=1.38s
[33.637s][info][gc,start       ] GC(220) Pause Full (Ergonomics)
[33.637s][info][gc,phases,start] GC(220) Marking Phase
[34.720s][info][gc,phases      ] GC(220) Marking Phase 1083.656ms
[34.720s][info][gc,phases,start] GC(220) Summary Phase
[34.720s][info][gc,phases      ] GC(220) Summary Phase 0.054ms
[34.720s][info][gc,phases,start] GC(220) Adjust Roots
[34.721s][info][gc,phases      ] GC(220) Adjust Roots 0.168ms
[34.721s][info][gc,phases,start] GC(220) Compaction Phase
[34.998s][info][gc,phases      ] GC(220) Compaction Phase 277.504ms
[34.998s][info][gc,phases,start] GC(220) Post Compact
[35.006s][info][gc,phases      ] GC(220) Post Compact 7.504ms
[35.006s][info][gc,heap        ] GC(220) PSYoungGen: 138722K(279040K)->138721K(279040K) Eden: 76288K(76288K)->76287K(76288K) From: 62434K(202752K)->62434K(202752K)
[35.006s][info][gc,heap        ] GC(220) ParOldGen: 4710054K(4710400K)->4710054K(4710400K)
[35.006s][info][gc,metaspace   ] GC(220) Metaspace: 6299K(6464K)->6299K(6464K) NonClass: 5765K(5824K)->5765K(5824K) Class: 533K(640K)->533K(640K)
[35.006s][info][gc             ] GC(220) Pause Full (Ergonomics) 4735M->4735M(4872M) 1369.230ms
[35.006s][info][gc,cpu         ] GC(220) User=10.61s Sys=0.03s Real=1.37s
[35.006s][info][gc,start       ] GC(221) Pause Full (Ergonomics)
[35.006s][info][gc,phases,start] GC(221) Marking Phase
[36.072s][info][gc,phases      ] GC(221) Marking Phase 1065.774ms
[36.072s][info][gc,phases,start] GC(221) Summary Phase
[36.072s][info][gc,phases      ] GC(221) Summary Phase 0.053ms
[36.072s][info][gc,phases,start] GC(221) Adjust Roots
[36.072s][info][gc,phases      ] GC(221) Adjust Roots 0.170ms
[36.072s][info][gc,phases,start] GC(221) Compaction Phase
[36.352s][info][gc,phases      ] GC(221) Compaction Phase 280.357ms
[36.353s][info][gc,phases,start] GC(221) Post Compact
[36.360s][info][gc,phases      ] GC(221) Post Compact 7.448ms
[36.360s][info][gc,heap        ] GC(221) PSYoungGen: 138722K(279040K)->138722K(279040K) Eden: 76287K(76288K)->76287K(76288K) From: 62434K(202752K)->62434K(202752K)
[36.360s][info][gc,heap        ] GC(221) ParOldGen: 4710054K(4710400K)->4710054K(4710400K)
[36.360s][info][gc,metaspace   ] GC(221) Metaspace: 6299K(6464K)->6299K(6464K) NonClass: 5765K(5824K)->5765K(5824K) Class: 533K(640K)->533K(640K)
[36.360s][info][gc             ] GC(221) Pause Full (Ergonomics) 4735M->4735M(4872M) 1354.134ms
[36.360s][info][gc,cpu         ] GC(221) User=10.25s Sys=0.00s Real=1.36s
[36.360s][info][gc,start       ] GC(222) Pause Full (Ergonomics)
[36.360s][info][gc,phases,start] GC(222) Marking Phase
[37.445s][info][gc,phases      ] GC(222) Marking Phase 1084.399ms
[37.445s][info][gc,phases,start] GC(222) Summary Phase
[37.445s][info][gc,phases      ] GC(222) Summary Phase 0.058ms
[37.445s][info][gc,phases,start] GC(222) Adjust Roots
[37.445s][info][gc,phases      ] GC(222) Adjust Roots 0.165ms
[37.445s][info][gc,phases,start] GC(222) Compaction Phase
[37.722s][info][gc,phases      ] GC(222) Compaction Phase 276.904ms
[37.722s][info][gc,phases,start] GC(222) Post Compact
[37.728s][info][gc,phases      ] GC(222) Post Compact 6.333ms
[37.728s][info][gc,heap        ] GC(222) PSYoungGen: 138722K(279040K)->138722K(279040K) Eden: 76288K(76288K)->76288K(76288K) From: 62434K(202752K)->62434K(202752K)
[37.729s][info][gc,heap        ] GC(222) ParOldGen: 4710059K(4710400K)->4710059K(4710400K)
[37.729s][info][gc,metaspace   ] GC(222) Metaspace: 6299K(6464K)->6299K(6464K) NonClass: 5765K(5824K)->5765K(5824K) Class: 533K(640K)->533K(640K)
[37.729s][info][gc             ] GC(222) Pause Full (Ergonomics) 4735M->4735M(4872M) 1368.203ms
[37.729s][info][gc,cpu         ] GC(222) User=10.52s Sys=0.00s Real=1.37s
[37.729s][info][gc,start       ] GC(223) Pause Full (Ergonomics)
[37.729s][info][gc,phases,start] GC(223) Marking Phase
[38.814s][info][gc,phases      ] GC(223) Marking Phase 1085.303ms
[38.814s][info][gc,phases,start] GC(223) Summary Phase
[38.814s][info][gc,phases      ] GC(223) Summary Phase 0.053ms
[38.814s][info][gc,phases,start] GC(223) Adjust Roots
[38.814s][info][gc,phases      ] GC(223) Adjust Roots 0.202ms
[38.814s][info][gc,phases,start] GC(223) Compaction Phase
[39.096s][info][gc,phases      ] GC(223) Compaction Phase 281.391ms
[39.096s][info][gc,phases,start] GC(223) Post Compact
[39.102s][info][gc,phases      ] GC(223) Post Compact 6.306ms
[39.102s][info][gc,heap        ] GC(223) PSYoungGen: 138722K(279040K)->138722K(279040K) Eden: 76288K(76288K)->76288K(76288K) From: 62434K(202752K)->62434K(202752K)
[39.102s][info][gc,heap        ] GC(223) ParOldGen: 4710063K(4710400K)->4710063K(4710400K)
[39.102s][info][gc,metaspace   ] GC(223) Metaspace: 6299K(6464K)->6299K(6464K) NonClass: 5765K(5824K)->5765K(5824K) Class: 533K(640K)->533K(640K)
[39.102s][info][gc             ] GC(223) Pause Full (Ergonomics) 4735M->4735M(4872M) 1373.583ms
[39.102s][info][gc,cpu         ] GC(223) User=10.59s Sys=0.00s Real=1.37s
[39.103s][info][gc,start       ] GC(224) Pause Full (Ergonomics)
[39.103s][info][gc,phases,start] GC(224) Marking Phase
[40.183s][info][gc,phases      ] GC(224) Marking Phase 1080.769ms
[40.183s][info][gc,phases,start] GC(224) Summary Phase
[40.183s][info][gc,phases      ] GC(224) Summary Phase 0.053ms
[40.183s][info][gc,phases,start] GC(224) Adjust Roots
[40.184s][info][gc,phases      ] GC(224) Adjust Roots 0.159ms
[40.184s][info][gc,phases,start] GC(224) Compaction Phase
[40.461s][info][gc,phases      ] GC(224) Compaction Phase 277.222ms
[40.461s][info][gc,phases,start] GC(224) Post Compact
[40.467s][info][gc,phases      ] GC(224) Post Compact 6.252ms
[40.467s][info][gc,heap        ] GC(224) PSYoungGen: 138722K(279040K)->138722K(279040K) Eden: 76288K(76288K)->76288K(76288K) From: 62434K(202752K)->62434K(202752K)
[40.467s][info][gc,heap        ] GC(224) ParOldGen: 4710068K(4710400K)->4710068K(4710400K)
[40.467s][info][gc,metaspace   ] GC(224) Metaspace: 6299K(6464K)->6299K(6464K) NonClass: 5765K(5824K)->5765K(5824K) Class: 533K(640K)->533K(640K)
[40.467s][info][gc             ] GC(224) Pause Full (Ergonomics) 4735M->4735M(4872M) 1364.757ms
[40.467s][info][gc,cpu         ] GC(224) User=10.45s Sys=0.00s Real=1.37s
[40.468s][info][gc,start       ] GC(225) Pause Full (Ergonomics)
[40.468s][info][gc,phases,start] GC(225) Marking Phase
[41.552s][info][gc,phases      ] GC(225) Marking Phase 1084.838ms
[41.552s][info][gc,phases,start] GC(225) Summary Phase
[41.553s][info][gc,phases      ] GC(225) Summary Phase 0.086ms
[41.553s][info][gc,phases,start] GC(225) Adjust Roots
[41.553s][info][gc,phases      ] GC(225) Adjust Roots 0.179ms
[41.553s][info][gc,phases,start] GC(225) Compaction Phase
[41.835s][info][gc,phases      ] GC(225) Compaction Phase 282.301ms
[41.835s][info][gc,phases,start] GC(225) Post Compact
[41.841s][info][gc,phases      ] GC(225) Post Compact 6.307ms
[41.842s][info][gc,heap        ] GC(225) PSYoungGen: 138722K(279040K)->138722K(279040K) Eden: 76288K(76288K)->76288K(76288K) From: 62434K(202752K)->62434K(202752K)
[41.842s][info][gc,heap        ] GC(225) ParOldGen: 4710073K(4710400K)->4710073K(4710400K)
[41.842s][info][gc,metaspace   ] GC(225) Metaspace: 6299K(6464K)->6299K(6464K) NonClass: 5765K(5824K)->5765K(5824K) Class: 533K(640K)->533K(640K)
[41.842s][info][gc             ] GC(225) Pause Full (Ergonomics) 4735M->4735M(4872M) 1374.051ms
[41.842s][info][gc,cpu         ] GC(225) User=10.50s Sys=0.00s Real=1.37s
[41.842s][info][gc,start       ] GC(226) Pause Full (Ergonomics)
[41.842s][info][gc,phases,start] GC(226) Marking Phase
[42.929s][info][gc,phases      ] GC(226) Marking Phase 1086.934ms
[42.929s][info][gc,phases,start] GC(226) Summary Phase
[42.929s][info][gc,phases      ] GC(226) Summary Phase 0.052ms
[42.929s][info][gc,phases,start] GC(226) Adjust Roots
[42.929s][info][gc,phases      ] GC(226) Adjust Roots 0.160ms
[42.929s][info][gc,phases,start] GC(226) Compaction Phase
[43.218s][info][gc,phases      ] GC(226) Compaction Phase 289.428ms
[43.219s][info][gc,phases,start] GC(226) Post Compact
[43.226s][info][gc,phases      ] GC(226) Post Compact 7.524ms
[43.226s][info][gc,heap        ] GC(226) PSYoungGen: 138722K(279040K)->138722K(279040K) Eden: 76288K(76288K)->76288K(76288K) From: 62434K(202752K)->62434K(202752K)
[43.226s][info][gc,heap        ] GC(226) ParOldGen: 4710078K(4710400K)->4710078K(4710400K)
[43.226s][info][gc,metaspace   ] GC(226) Metaspace: 6299K(6464K)->6299K(6464K) NonClass: 5765K(5824K)->5765K(5824K) Class: 533K(640K)->533K(640K)
[43.226s][info][gc             ] GC(226) Pause Full (Ergonomics) 4735M->4735M(4872M) 1384.451ms
[43.226s][info][gc,cpu         ] GC(226) User=10.56s Sys=0.00s Real=1.38s
[43.226s][info][gc,start       ] GC(227) Pause Full (Ergonomics)
[43.226s][info][gc,phases,start] GC(227) Marking Phase
[44.331s][info][gc,phases      ] GC(227) Marking Phase 1104.582ms
[44.331s][info][gc,phases,start] GC(227) Summary Phase
[44.331s][info][gc,phases      ] GC(227) Summary Phase 0.055ms
[44.331s][info][gc,phases,start] GC(227) Adjust Roots
[44.331s][info][gc,phases      ] GC(227) Adjust Roots 0.182ms
[44.331s][info][gc,phases,start] GC(227) Compaction Phase
[44.612s][info][gc,phases      ] GC(227) Compaction Phase 280.215ms
[44.612s][info][gc,phases,start] GC(227) Post Compact
[44.618s][info][gc,phases      ] GC(227) Post Compact 6.385ms
[44.618s][info][gc,heap        ] GC(227) PSYoungGen: 138722K(279040K)->138722K(279040K) Eden: 76288K(76288K)->76288K(76288K) From: 62434K(202752K)->62434K(202752K)
[44.618s][info][gc,heap        ] GC(227) ParOldGen: 4710083K(4710400K)->4710083K(4710400K)
[44.618s][info][gc,metaspace   ] GC(227) Metaspace: 6299K(6464K)->6299K(6464K) NonClass: 5765K(5824K)->5765K(5824K) Class: 533K(640K)->533K(640K)
[44.618s][info][gc             ] GC(227) Pause Full (Ergonomics) 4735M->4735M(4872M) 1391.749ms
[44.618s][info][gc,cpu         ] GC(227) User=10.52s Sys=0.00s Real=1.39s
[44.618s][info][gc,start       ] GC(228) Pause Full (Ergonomics)
[44.618s][info][gc,phases,start] GC(228) Marking Phase
[45.717s][info][gc,phases      ] GC(228) Marking Phase 1098.329ms
[45.717s][info][gc,phases,start] GC(228) Summary Phase
[45.717s][info][gc,phases      ] GC(228) Summary Phase 0.053ms
[45.717s][info][gc,phases,start] GC(228) Adjust Roots
[45.717s][info][gc,phases      ] GC(228) Adjust Roots 0.165ms
[45.717s][info][gc,phases,start] GC(228) Compaction Phase
[46.003s][info][gc,phases      ] GC(228) Compaction Phase 285.503ms
[46.003s][info][gc,phases,start] GC(228) Post Compact
[46.010s][info][gc,phases      ] GC(228) Post Compact 7.108ms
[46.010s][info][gc,heap        ] GC(228) PSYoungGen: 138722K(279040K)->138722K(279040K) Eden: 76288K(76288K)->76288K(76288K) From: 62434K(202752K)->62434K(202752K)
[46.010s][info][gc,heap        ] GC(228) ParOldGen: 4710088K(4710400K)->4710088K(4710400K)
[46.010s][info][gc,metaspace   ] GC(228) Metaspace: 6299K(6464K)->6299K(6464K) NonClass: 5765K(5824K)->5765K(5824K) Class: 533K(640K)->533K(640K)
[46.010s][info][gc             ] GC(228) Pause Full (Ergonomics) 4735M->4735M(4872M) 1391.502ms
[46.010s][info][gc,cpu         ] GC(228) User=10.50s Sys=0.00s Real=1.39s
[46.010s][info][gc,start       ] GC(229) Pause Full (Ergonomics)
[46.010s][info][gc,phases,start] GC(229) Marking Phase
[47.096s][info][gc,phases      ] GC(229) Marking Phase 1085.848ms
[47.096s][info][gc,phases,start] GC(229) Summary Phase
[47.096s][info][gc,phases      ] GC(229) Summary Phase 0.053ms
[47.096s][info][gc,phases,start] GC(229) Adjust Roots
[47.096s][info][gc,phases      ] GC(229) Adjust Roots 0.162ms
[47.096s][info][gc,phases,start] GC(229) Compaction Phase
[47.395s][info][gc,phases      ] GC(229) Compaction Phase 298.277ms
[47.395s][info][gc,phases,start] GC(229) Post Compact
[47.402s][info][gc,phases      ] GC(229) Post Compact 7.532ms
[47.402s][info][gc,heap        ] GC(229) PSYoungGen: 138722K(279040K)->138722K(279040K) Eden: 76288K(76288K)->76288K(76288K) From: 62434K(202752K)->62434K(202752K)
[47.402s][info][gc,heap        ] GC(229) ParOldGen: 4710092K(4710400K)->4710092K(4710400K)
[47.402s][info][gc,metaspace   ] GC(229) Metaspace: 6299K(6464K)->6299K(6464K) NonClass: 5765K(5824K)->5765K(5824K) Class: 533K(640K)->533K(640K)
[47.402s][info][gc             ] GC(229) Pause Full (Ergonomics) 4735M->4735M(4872M) 1392.231ms
[47.402s][info][gc,cpu         ] GC(229) User=10.64s Sys=0.00s Real=1.39s
[47.403s][info][gc,start       ] GC(230) Pause Full (Ergonomics)
[47.403s][info][gc,phases,start] GC(230) Marking Phase
[48.515s][info][gc,phases      ] GC(230) Marking Phase 1112.789ms
[48.515s][info][gc,phases,start] GC(230) Summary Phase
[48.515s][info][gc,phases      ] GC(230) Summary Phase 0.064ms
[48.515s][info][gc,phases,start] GC(230) Adjust Roots
[48.516s][info][gc,phases      ] GC(230) Adjust Roots 0.233ms
[48.516s][info][gc,phases,start] GC(230) Compaction Phase
[48.806s][info][gc,phases      ] GC(230) Compaction Phase 290.209ms
[48.806s][info][gc,phases,start] GC(230) Post Compact
[48.813s][info][gc,phases      ] GC(230) Post Compact 6.925ms
[48.813s][info][gc,heap        ] GC(230) PSYoungGen: 138722K(279040K)->138722K(279040K) Eden: 76288K(76288K)->76288K(76288K) From: 62434K(202752K)->62434K(202752K)
[48.813s][info][gc,heap        ] GC(230) ParOldGen: 4710097K(4710400K)->4710097K(4710400K)
[48.813s][info][gc,metaspace   ] GC(230) Metaspace: 6299K(6464K)->6299K(6464K) NonClass: 5765K(5824K)->5765K(5824K) Class: 533K(640K)->533K(640K)
[48.813s][info][gc             ] GC(230) Pause Full (Ergonomics) 4735M->4735M(4872M) 1410.564ms
[48.813s][info][gc,cpu         ] GC(230) User=10.34s Sys=0.02s Real=1.41s
[48.813s][info][gc,start       ] GC(231) Pause Full (Ergonomics)
[48.813s][info][gc,phases,start] GC(231) Marking Phase
[49.964s][info][gc,phases      ] GC(231) Marking Phase 1150.695ms
[49.964s][info][gc,phases,start] GC(231) Summary Phase
[49.964s][info][gc,phases      ] GC(231) Summary Phase 0.098ms
[49.964s][info][gc,phases,start] GC(231) Adjust Roots
[49.965s][info][gc,phases      ] GC(231) Adjust Roots 0.377ms
[49.965s][info][gc,phases,start] GC(231) Compaction Phase
[50.312s][info][gc,phases      ] GC(231) Compaction Phase 347.188ms
[50.312s][info][gc,phases,start] GC(231) Post Compact
[50.319s][info][gc,phases      ] GC(231) Post Compact 6.980ms
[50.319s][info][gc,heap        ] GC(231) PSYoungGen: 138722K(279040K)->138722K(279040K) Eden: 76288K(76288K)->76288K(76288K) From: 62434K(202752K)->62434K(202752K)
[50.319s][info][gc,heap        ] GC(231) ParOldGen: 4710102K(4710400K)->4710102K(4710400K)
[50.319s][info][gc,metaspace   ] GC(231) Metaspace: 6299K(6464K)->6299K(6464K) NonClass: 5765K(5824K)->5765K(5824K) Class: 533K(640K)->533K(640K)
[50.319s][info][gc             ] GC(231) Pause Full (Ergonomics) 4735M->4735M(4872M) 1505.733ms
[50.319s][info][gc,cpu         ] GC(231) User=10.62s Sys=0.00s Real=1.51s
[50.319s][info][gc,start       ] GC(232) Pause Full (Ergonomics)
[50.319s][info][gc,phases,start] GC(232) Marking Phase
[51.497s][info][gc,phases      ] GC(232) Marking Phase 1177.965ms
[51.497s][info][gc,phases,start] GC(232) Summary Phase
[51.498s][info][gc,phases      ] GC(232) Summary Phase 0.147ms
[51.498s][info][gc,phases,start] GC(232) Adjust Roots
[51.498s][info][gc,phases      ] GC(232) Adjust Roots 0.318ms
[51.498s][info][gc,phases,start] GC(232) Compaction Phase
[51.871s][info][gc,phases      ] GC(232) Compaction Phase 373.568ms
[51.872s][info][gc,phases,start] GC(232) Post Compact
[51.879s][info][gc,phases      ] GC(232) Post Compact 7.876ms
[51.880s][info][gc,heap        ] GC(232) PSYoungGen: 138722K(279040K)->138722K(279040K) Eden: 76288K(76288K)->76288K(76288K) From: 62434K(202752K)->62434K(202752K)
[51.880s][info][gc,heap        ] GC(232) ParOldGen: 4710107K(4710400K)->4710107K(4710400K)
[51.880s][info][gc,metaspace   ] GC(232) Metaspace: 6299K(6464K)->6299K(6464K) NonClass: 5765K(5824K)->5765K(5824K) Class: 533K(640K)->533K(640K)
[51.880s][info][gc             ] GC(232) Pause Full (Ergonomics) 4735M->4735M(4872M) 1560.319ms
[51.880s][info][gc,cpu         ] GC(232) User=10.80s Sys=0.03s Real=1.56s
[51.880s][info][gc,start       ] GC(233) Pause Full (Ergonomics)
[51.880s][info][gc,phases,start] GC(233) Marking Phase
[53.224s][info][gc,phases      ] GC(233) Marking Phase 1344.409ms
[53.224s][info][gc,phases,start] GC(233) Summary Phase
[53.224s][info][gc,phases      ] GC(233) Summary Phase 0.086ms
[53.224s][info][gc,phases,start] GC(233) Adjust Roots
[53.225s][info][gc,phases      ] GC(233) Adjust Roots 0.387ms
[53.225s][info][gc,phases,start] GC(233) Compaction Phase
[53.585s][info][gc,phases      ] GC(233) Compaction Phase 359.565ms
[53.585s][info][gc,phases,start] GC(233) Post Compact
[53.595s][info][gc,phases      ] GC(233) Post Compact 10.647ms
[53.595s][info][gc,heap        ] GC(233) PSYoungGen: 138722K(279040K)->138722K(279040K) Eden: 76288K(76288K)->76288K(76288K) From: 62434K(202752K)->62434K(202752K)
[53.595s][info][gc,heap        ] GC(233) ParOldGen: 4710112K(4710400K)->4710112K(4710400K)
[53.595s][info][gc,metaspace   ] GC(233) Metaspace: 6299K(6464K)->6299K(6464K) NonClass: 5765K(5824K)->5765K(5824K) Class: 533K(640K)->533K(640K)
[53.595s][info][gc             ] GC(233) Pause Full (Ergonomics) 4735M->4735M(4872M) 1715.583ms
[53.595s][info][gc,cpu         ] GC(233) User=9.78s Sys=0.02s Real=1.72s
[53.596s][info][gc,start       ] GC(234) Pause Full (Ergonomics)
[53.596s][info][gc,phases,start] GC(234) Marking Phase
[54.811s][info][gc,phases      ] GC(234) Marking Phase 1215.557ms
[54.811s][info][gc,phases,start] GC(234) Summary Phase
[54.811s][info][gc,phases      ] GC(234) Summary Phase 0.055ms
[54.811s][info][gc,phases,start] GC(234) Adjust Roots
[54.812s][info][gc,phases      ] GC(234) Adjust Roots 0.187ms
[54.812s][info][gc,phases,start] GC(234) Compaction Phase
[55.111s][info][gc,phases      ] GC(234) Compaction Phase 299.111ms
[55.111s][info][gc,phases,start] GC(234) Post Compact
[55.118s][info][gc,phases      ] GC(234) Post Compact 7.132ms
[55.118s][info][gc,heap        ] GC(234) PSYoungGen: 138722K(279040K)->138722K(279040K) Eden: 76288K(76288K)->76288K(76288K) From: 62434K(202752K)->62434K(202752K)
[55.118s][info][gc,heap        ] GC(234) ParOldGen: 4710117K(4710400K)->4710117K(4710400K)
[55.118s][info][gc,metaspace   ] GC(234) Metaspace: 6299K(6464K)->6299K(6464K) NonClass: 5765K(5824K)->5765K(5824K) Class: 533K(640K)->533K(640K)
[55.118s][info][gc             ] GC(234) Pause Full (Ergonomics) 4735M->4735M(4872M) 1522.393ms
[55.118s][info][gc,cpu         ] GC(234) User=10.64s Sys=0.03s Real=1.52s
[55.118s][info][gc,start       ] GC(235) Pause Full (Ergonomics)
[55.118s][info][gc,phases,start] GC(235) Marking Phase
[56.322s][info][gc,phases      ] GC(235) Marking Phase 1203.614ms
[56.322s][info][gc,phases,start] GC(235) Summary Phase
[56.322s][info][gc,phases      ] GC(235) Summary Phase 0.084ms
[56.322s][info][gc,phases,start] GC(235) Adjust Roots
[56.322s][info][gc,phases      ] GC(235) Adjust Roots 0.307ms
[56.322s][info][gc,phases,start] GC(235) Compaction Phase
[56.672s][info][gc,phases      ] GC(235) Compaction Phase 349.519ms
[56.672s][info][gc,phases,start] GC(235) Post Compact
[56.680s][info][gc,phases      ] GC(235) Post Compact 7.856ms
[56.680s][info][gc,heap        ] GC(235) PSYoungGen: 138722K(279040K)->138722K(279040K) Eden: 76288K(76288K)->76288K(76288K) From: 62434K(202752K)->62434K(202752K)
[56.680s][info][gc,heap        ] GC(235) ParOldGen: 4710121K(4710400K)->4710121K(4710400K)
[56.680s][info][gc,metaspace   ] GC(235) Metaspace: 6299K(6464K)->6299K(6464K) NonClass: 5765K(5824K)->5765K(5824K) Class: 533K(640K)->533K(640K)
[56.680s][info][gc             ] GC(235) Pause Full (Ergonomics) 4735M->4735M(4872M) 1561.797ms
[56.680s][info][gc,cpu         ] GC(235) User=10.73s Sys=0.02s Real=1.56s
[56.680s][info][gc,start       ] GC(236) Pause Full (Ergonomics)
[56.680s][info][gc,phases,start] GC(236) Marking Phase
[57.807s][info][gc,phases      ] GC(236) Marking Phase 1127.091ms
[57.807s][info][gc,phases,start] GC(236) Summary Phase
[57.807s][info][gc,phases      ] GC(236) Summary Phase 0.056ms
[57.807s][info][gc,phases,start] GC(236) Adjust Roots
[57.808s][info][gc,phases      ] GC(236) Adjust Roots 0.166ms
[57.808s][info][gc,phases,start] GC(236) Compaction Phase
[58.114s][info][gc,phases      ] GC(236) Compaction Phase 305.818ms
[58.114s][info][gc,phases,start] GC(236) Post Compact
[58.120s][info][gc,phases      ] GC(236) Post Compact 6.734ms
[58.120s][info][gc,heap        ] GC(236) PSYoungGen: 138722K(279040K)->138722K(279040K) Eden: 76288K(76288K)->76288K(76288K) From: 62434K(202752K)->62434K(202752K)
[58.120s][info][gc,heap        ] GC(236) ParOldGen: 4710126K(4710400K)->4710126K(4710400K)
[58.120s][info][gc,metaspace   ] GC(236) Metaspace: 6299K(6464K)->6299K(6464K) NonClass: 5765K(5824K)->5765K(5824K) Class: 533K(640K)->533K(640K)
[58.120s][info][gc             ] GC(236) Pause Full (Ergonomics) 4735M->4735M(4872M) 1440.211ms
[58.120s][info][gc,cpu         ] GC(236) User=10.28s Sys=0.00s Real=1.44s
[58.121s][info][gc,start       ] GC(237) Pause Full (Ergonomics)
[58.121s][info][gc,phases,start] GC(237) Marking Phase
[59.271s][info][gc,phases      ] GC(237) Marking Phase 1150.017ms
[59.271s][info][gc,phases,start] GC(237) Summary Phase
[59.271s][info][gc,phases      ] GC(237) Summary Phase 0.055ms
[59.271s][info][gc,phases,start] GC(237) Adjust Roots
[59.271s][info][gc,phases      ] GC(237) Adjust Roots 0.211ms
[59.271s][info][gc,phases,start] GC(237) Compaction Phase
[59.569s][info][gc,phases      ] GC(237) Compaction Phase 297.511ms
[59.569s][info][gc,phases,start] GC(237) Post Compact
[59.575s][info][gc,phases      ] GC(237) Post Compact 6.497ms
[59.575s][info][gc,heap        ] GC(237) PSYoungGen: 138722K(279040K)->138722K(279040K) Eden: 76288K(76288K)->76288K(76288K) From: 62434K(202752K)->62434K(202752K)
[59.575s][info][gc,heap        ] GC(237) ParOldGen: 4710131K(4710400K)->4710131K(4710400K)
[59.575s][info][gc,metaspace   ] GC(237) Metaspace: 6299K(6464K)->6299K(6464K) NonClass: 5765K(5824K)->5765K(5824K) Class: 533K(640K)->533K(640K)
[59.575s][info][gc             ] GC(237) Pause Full (Ergonomics) 4735M->4735M(4872M) 1454.641ms
[59.575s][info][gc,cpu         ] GC(237) User=10.03s Sys=0.00s Real=1.46s
[59.576s][info][gc,start       ] GC(238) Pause Full (Ergonomics)
[59.576s][info][gc,phases,start] GC(238) Marking Phase
[60.654s][info][gc,phases      ] GC(238) Marking Phase 1078.660ms
[60.654s][info][gc,phases,start] GC(238) Summary Phase
[60.654s][info][gc,phases      ] GC(238) Summary Phase 0.054ms
[60.654s][info][gc,phases,start] GC(238) Adjust Roots
[60.654s][info][gc,phases      ] GC(238) Adjust Roots 0.159ms
[60.655s][info][gc,phases,start] GC(238) Compaction Phase
[60.954s][info][gc,phases      ] GC(238) Compaction Phase 299.288ms
[60.954s][info][gc,phases,start] GC(238) Post Compact
[60.961s][info][gc,phases      ] GC(238) Post Compact 7.044ms
[60.961s][info][gc,heap        ] GC(238) PSYoungGen: 138722K(279040K)->138722K(279040K) Eden: 76288K(76288K)->76288K(76288K) From: 62434K(202752K)->62434K(202752K)
[60.961s][info][gc,heap        ] GC(238) ParOldGen: 4710136K(4710400K)->4710136K(4710400K)
[60.961s][info][gc,metaspace   ] GC(238) Metaspace: 6299K(6464K)->6299K(6464K) NonClass: 5765K(5824K)->5765K(5824K) Class: 533K(640K)->533K(640K)
[60.961s][info][gc             ] GC(238) Pause Full (Ergonomics) 4735M->4735M(4872M) 1385.548ms
[60.961s][info][gc,cpu         ] GC(238) User=10.14s Sys=0.05s Real=1.38s
[60.961s][info][gc,start       ] GC(239) Pause Full (Ergonomics)
[60.961s][info][gc,phases,start] GC(239) Marking Phase
[62.042s][info][gc,phases      ] GC(239) Marking Phase 1081.130ms
[62.042s][info][gc,phases,start] GC(239) Summary Phase
[62.043s][info][gc,phases      ] GC(239) Summary Phase 0.054ms
[62.043s][info][gc,phases,start] GC(239) Adjust Roots
[62.043s][info][gc,phases      ] GC(239) Adjust Roots 0.164ms
[62.043s][info][gc,phases,start] GC(239) Compaction Phase
[62.339s][info][gc,phases      ] GC(239) Compaction Phase 295.914ms
[62.339s][info][gc,phases,start] GC(239) Post Compact
[62.347s][info][gc,phases      ] GC(239) Post Compact 7.818ms
[62.347s][info][gc,heap        ] GC(239) PSYoungGen: 138722K(279040K)->138722K(279040K) Eden: 76288K(76288K)->76288K(76288K) From: 62434K(202752K)->62434K(202752K)
[62.347s][info][gc,heap        ] GC(239) ParOldGen: 4710141K(4710400K)->4710141K(4710400K)
[62.347s][info][gc,metaspace   ] GC(239) Metaspace: 6299K(6464K)->6299K(6464K) NonClass: 5765K(5824K)->5765K(5824K) Class: 533K(640K)->533K(640K)
[62.347s][info][gc             ] GC(239) Pause Full (Ergonomics) 4735M->4735M(4872M) 1385.420ms
[62.347s][info][gc,cpu         ] GC(239) User=10.42s Sys=0.02s Real=1.38s
[62.347s][info][gc,start       ] GC(240) Pause Full (Ergonomics)
[62.347s][info][gc,phases,start] GC(240) Marking Phase
[63.466s][info][gc,phases      ] GC(240) Marking Phase 1118.695ms
[63.466s][info][gc,phases,start] GC(240) Summary Phase
[63.466s][info][gc,phases      ] GC(240) Summary Phase 0.056ms
[63.466s][info][gc,phases,start] GC(240) Adjust Roots
[63.466s][info][gc,phases      ] GC(240) Adjust Roots 0.196ms
[63.466s][info][gc,phases,start] GC(240) Compaction Phase
[63.756s][info][gc,phases      ] GC(240) Compaction Phase 289.612ms
[63.756s][info][gc,phases,start] GC(240) Post Compact
[63.762s][info][gc,phases      ] GC(240) Post Compact 6.178ms
[63.762s][info][gc,heap        ] GC(240) PSYoungGen: 138722K(279040K)->138722K(279040K) Eden: 76288K(76288K)->76288K(76288K) From: 62434K(202752K)->62434K(202752K)
[63.762s][info][gc,heap        ] GC(240) ParOldGen: 4710146K(4710400K)->4710146K(4710400K)
[63.762s][info][gc,metaspace   ] GC(240) Metaspace: 6299K(6464K)->6299K(6464K) NonClass: 5765K(5824K)->5765K(5824K) Class: 533K(640K)->533K(640K)
[63.762s][info][gc             ] GC(240) Pause Full (Ergonomics) 4735M->4735M(4872M) 1415.064ms
[63.762s][info][gc,cpu         ] GC(240) User=10.39s Sys=0.00s Real=1.42s
[63.762s][info][gc,start       ] GC(241) Pause Full (Ergonomics)
[63.762s][info][gc,phases,start] GC(241) Marking Phase
[64.894s][info][gc,phases      ] GC(241) Marking Phase 1132.240ms
[64.895s][info][gc,phases,start] GC(241) Summary Phase
[64.895s][info][gc,phases      ] GC(241) Summary Phase 0.062ms
[64.895s][info][gc,phases,start] GC(241) Adjust Roots
[64.895s][info][gc,phases      ] GC(241) Adjust Roots 0.235ms
[64.895s][info][gc,phases,start] GC(241) Compaction Phase
[65.216s][info][gc,phases      ] GC(241) Compaction Phase 321.403ms
[65.216s][info][gc,phases,start] GC(241) Post Compact
[65.223s][info][gc,phases      ] GC(241) Post Compact 6.550ms
[65.223s][info][gc,heap        ] GC(241) PSYoungGen: 138722K(279040K)->138722K(279040K) Eden: 76288K(76288K)->76288K(76288K) From: 62434K(202752K)->62434K(202752K)
[65.223s][info][gc,heap        ] GC(241) ParOldGen: 4710150K(4710400K)->4710150K(4710400K)
[65.223s][info][gc,metaspace   ] GC(241) Metaspace: 6299K(6464K)->6299K(6464K) NonClass: 5765K(5824K)->5765K(5824K) Class: 533K(640K)->533K(640K)
[65.223s][info][gc             ] GC(241) Pause Full (Ergonomics) 4735M->4735M(4872M) 1460.883ms
[65.223s][info][gc,cpu         ] GC(241) User=10.66s Sys=0.00s Real=1.46s
[65.223s][info][gc,start       ] GC(242) Pause Full (Ergonomics)
[65.223s][info][gc,phases,start] GC(242) Marking Phase
[66.386s][info][gc,phases      ] GC(242) Marking Phase 1162.620ms
[66.386s][info][gc,phases,start] GC(242) Summary Phase
[66.386s][info][gc,phases      ] GC(242) Summary Phase 0.079ms
[66.386s][info][gc,phases,start] GC(242) Adjust Roots
[66.386s][info][gc,phases      ] GC(242) Adjust Roots 0.292ms
[66.386s][info][gc,phases,start] GC(242) Compaction Phase
[66.708s][info][gc,phases      ] GC(242) Compaction Phase 321.547ms
[66.708s][info][gc,phases,start] GC(242) Post Compact
[66.715s][info][gc,phases      ] GC(242) Post Compact 7.241ms
[66.715s][info][gc,heap        ] GC(242) PSYoungGen: 138722K(279040K)->138722K(279040K) Eden: 76288K(76288K)->76288K(76288K) From: 62434K(202752K)->62434K(202752K)
[66.715s][info][gc,heap        ] GC(242) ParOldGen: 4710155K(4710400K)->4710155K(4710400K)
[66.715s][info][gc,metaspace   ] GC(242) Metaspace: 6299K(6464K)->6299K(6464K) NonClass: 5765K(5824K)->5765K(5824K) Class: 533K(640K)->533K(640K)
[66.715s][info][gc             ] GC(242) Pause Full (Ergonomics) 4735M->4735M(4872M) 1492.143ms
[66.715s][info][gc,cpu         ] GC(242) User=10.31s Sys=0.02s Real=1.49s
[66.716s][info][gc,start       ] GC(243) Pause Full (Ergonomics)
[66.716s][info][gc,phases,start] GC(243) Marking Phase
[67.797s][info][gc,phases      ] GC(243) Marking Phase 1081.294ms
[67.797s][info][gc,phases,start] GC(243) Summary Phase
[67.797s][info][gc,phases      ] GC(243) Summary Phase 0.072ms
[67.797s][info][gc,phases,start] GC(243) Adjust Roots
[67.797s][info][gc,phases      ] GC(243) Adjust Roots 0.220ms
[67.797s][info][gc,phases,start] GC(243) Compaction Phase
[68.102s][info][gc,phases      ] GC(243) Compaction Phase 304.795ms
[68.102s][info][gc,phases,start] GC(243) Post Compact
[68.110s][info][gc,phases      ] GC(243) Post Compact 7.271ms
[68.110s][info][gc,heap        ] GC(243) PSYoungGen: 138722K(279040K)->138722K(279040K) Eden: 76288K(76288K)->76288K(76288K) From: 62434K(202752K)->62434K(202752K)
[68.110s][info][gc,heap        ] GC(243) ParOldGen: 4710160K(4710400K)->4710160K(4710400K)
[68.110s][info][gc,metaspace   ] GC(243) Metaspace: 6299K(6464K)->6299K(6464K) NonClass: 5765K(5824K)->5765K(5824K) Class: 533K(640K)->533K(640K)
[68.110s][info][gc             ] GC(243) Pause Full (Ergonomics) 4735M->4735M(4872M) 1393.998ms
[68.110s][info][gc,cpu         ] GC(243) User=10.72s Sys=0.00s Real=1.39s
[68.110s][info][gc,start       ] GC(244) Pause Full (Ergonomics)
[68.110s][info][gc,phases,start] GC(244) Marking Phase
[69.195s][info][gc,phases      ] GC(244) Marking Phase 1085.165ms
[69.195s][info][gc,phases,start] GC(244) Summary Phase
[69.195s][info][gc,phases      ] GC(244) Summary Phase 0.053ms
[69.195s][info][gc,phases,start] GC(244) Adjust Roots
[69.195s][info][gc,phases      ] GC(244) Adjust Roots 0.160ms
[69.195s][info][gc,phases,start] GC(244) Compaction Phase
[69.508s][info][gc,phases      ] GC(244) Compaction Phase 313.075ms
[69.509s][info][gc,phases,start] GC(244) Post Compact
[69.516s][info][gc,phases      ] GC(244) Post Compact 7.335ms
[69.516s][info][gc,heap        ] GC(244) PSYoungGen: 138722K(279040K)->138722K(279040K) Eden: 76288K(76288K)->76288K(76288K) From: 62434K(202752K)->62434K(202752K)
[69.516s][info][gc,heap        ] GC(244) ParOldGen: 4710165K(4710400K)->4710165K(4710400K)
[69.516s][info][gc,metaspace   ] GC(244) Metaspace: 6299K(6464K)->6299K(6464K) NonClass: 5765K(5824K)->5765K(5824K) Class: 533K(640K)->533K(640K)
[69.516s][info][gc             ] GC(244) Pause Full (Ergonomics) 4735M->4735M(4872M) 1406.123ms
[69.516s][info][gc,cpu         ] GC(244) User=10.69s Sys=0.02s Real=1.41s
[69.516s][info][gc,start       ] GC(245) Pause Full (Ergonomics)
[69.516s][info][gc,phases,start] GC(245) Marking Phase
[70.602s][info][gc,phases      ] GC(245) Marking Phase 1085.927ms
[70.602s][info][gc,phases,start] GC(245) Summary Phase
[70.602s][info][gc,phases      ] GC(245) Summary Phase 0.054ms
[70.602s][info][gc,phases,start] GC(245) Adjust Roots
[70.602s][info][gc,phases      ] GC(245) Adjust Roots 0.173ms
[70.602s][info][gc,phases,start] GC(245) Compaction Phase
[70.896s][info][gc,phases      ] GC(245) Compaction Phase 293.623ms
[70.896s][info][gc,phases,start] GC(245) Post Compact
[70.902s][info][gc,phases      ] GC(245) Post Compact 6.121ms
[70.902s][info][gc,heap        ] GC(245) PSYoungGen: 138722K(279040K)->138722K(279040K) Eden: 76288K(76288K)->76288K(76288K) From: 62434K(202752K)->62434K(202752K)
[70.902s][info][gc,heap        ] GC(245) ParOldGen: 4710170K(4710400K)->4710170K(4710400K)
[70.902s][info][gc,metaspace   ] GC(245) Metaspace: 6299K(6464K)->6299K(6464K) NonClass: 5765K(5824K)->5765K(5824K) Class: 533K(640K)->533K(640K)
[70.902s][info][gc             ] GC(245) Pause Full (Ergonomics) 4735M->4735M(4872M) 1386.230ms
[70.902s][info][gc,cpu         ] GC(245) User=10.67s Sys=0.00s Real=1.39s
[70.903s][info][gc,start       ] GC(246) Pause Full (Ergonomics)
[70.903s][info][gc,phases,start] GC(246) Marking Phase
[71.987s][info][gc,phases      ] GC(246) Marking Phase 1084.648ms
[71.987s][info][gc,phases,start] GC(246) Summary Phase
[71.987s][info][gc,phases      ] GC(246) Summary Phase 0.053ms
[71.987s][info][gc,phases,start] GC(246) Adjust Roots
[71.988s][info][gc,phases      ] GC(246) Adjust Roots 0.162ms
[71.988s][info][gc,phases,start] GC(246) Compaction Phase
[72.300s][info][gc,phases      ] GC(246) Compaction Phase 312.810ms
[72.300s][info][gc,phases,start] GC(246) Post Compact
[72.307s][info][gc,phases      ] GC(246) Post Compact 6.991ms
[72.308s][info][gc,heap        ] GC(246) PSYoungGen: 138722K(279040K)->138722K(279040K) Eden: 76288K(76288K)->76288K(76288K) From: 62434K(202752K)->62434K(202752K)
[72.308s][info][gc,heap        ] GC(246) ParOldGen: 4710175K(4710400K)->4710175K(4710400K)
[72.308s][info][gc,metaspace   ] GC(246) Metaspace: 6299K(6464K)->6299K(6464K) NonClass: 5765K(5824K)->5765K(5824K) Class: 533K(640K)->533K(640K)
[72.308s][info][gc             ] GC(246) Pause Full (Ergonomics) 4735M->4735M(4872M) 1404.996ms
[72.308s][info][gc,cpu         ] GC(246) User=10.80s Sys=0.00s Real=1.40s
[72.308s][info][gc,start       ] GC(247) Pause Full (Ergonomics)
[72.308s][info][gc,phases,start] GC(247) Marking Phase
[73.389s][info][gc,phases      ] GC(247) Marking Phase 1080.708ms
[73.389s][info][gc,phases,start] GC(247) Summary Phase
[73.389s][info][gc,phases      ] GC(247) Summary Phase 0.053ms
[73.389s][info][gc,phases,start] GC(247) Adjust Roots
[73.389s][info][gc,phases      ] GC(247) Adjust Roots 0.169ms
[73.389s][info][gc,phases,start] GC(247) Compaction Phase
[73.702s][info][gc,phases      ] GC(247) Compaction Phase 313.324ms
[73.702s][info][gc,phases,start] GC(247) Post Compact
[73.709s][info][gc,phases      ] GC(247) Post Compact 7.051ms
[73.709s][info][gc,heap        ] GC(247) PSYoungGen: 138722K(279040K)->138722K(279040K) Eden: 76288K(76288K)->76288K(76288K) From: 62434K(202752K)->62434K(202752K)
[73.709s][info][gc,heap        ] GC(247) ParOldGen: 4710179K(4710400K)->4710179K(4710400K)
[73.709s][info][gc,metaspace   ] GC(247) Metaspace: 6299K(6464K)->6299K(6464K) NonClass: 5765K(5824K)->5765K(5824K) Class: 533K(640K)->533K(640K)
[73.709s][info][gc             ] GC(247) Pause Full (Ergonomics) 4735M->4735M(4872M) 1401.617ms
[73.709s][info][gc,cpu         ] GC(247) User=10.86s Sys=0.00s Real=1.40s
[73.710s][info][gc,start       ] GC(248) Pause Full (Ergonomics)
[73.710s][info][gc,phases,start] GC(248) Marking Phase
[74.785s][info][gc,phases      ] GC(248) Marking Phase 1075.077ms
[74.785s][info][gc,phases,start] GC(248) Summary Phase
[74.785s][info][gc,phases      ] GC(248) Summary Phase 0.052ms
[74.785s][info][gc,phases,start] GC(248) Adjust Roots
[74.785s][info][gc,phases      ] GC(248) Adjust Roots 0.165ms
[74.785s][info][gc,phases,start] GC(248) Compaction Phase
[75.099s][info][gc,phases      ] GC(248) Compaction Phase 314.183ms
[75.099s][info][gc,phases,start] GC(248) Post Compact
[75.106s][info][gc,phases      ] GC(248) Post Compact 7.059ms
[75.106s][info][gc,heap        ] GC(248) PSYoungGen: 138722K(279040K)->138722K(279040K) Eden: 76288K(76288K)->76288K(76288K) From: 62434K(202752K)->62434K(202752K)
[75.106s][info][gc,heap        ] GC(248) ParOldGen: 4710184K(4710400K)->4710184K(4710400K)
[75.107s][info][gc,metaspace   ] GC(248) Metaspace: 6299K(6464K)->6299K(6464K) NonClass: 5765K(5824K)->5765K(5824K) Class: 533K(640K)->533K(640K)
[75.107s][info][gc             ] GC(248) Pause Full (Ergonomics) 4735M->4735M(4872M) 1396.905ms
[75.107s][info][gc,cpu         ] GC(248) User=10.66s Sys=0.00s Real=1.40s
[75.107s][info][gc,start       ] GC(249) Pause Full (Ergonomics)
[75.107s][info][gc,phases,start] GC(249) Marking Phase
[76.175s][info][gc,phases      ] GC(249) Marking Phase 1068.173ms
[76.175s][info][gc,phases,start] GC(249) Summary Phase
[76.175s][info][gc,phases      ] GC(249) Summary Phase 0.056ms
[76.175s][info][gc,phases,start] GC(249) Adjust Roots
[76.175s][info][gc,phases      ] GC(249) Adjust Roots 0.168ms
[76.175s][info][gc,phases,start] GC(249) Compaction Phase
[76.484s][info][gc,phases      ] GC(249) Compaction Phase 308.621ms
[76.484s][info][gc,phases,start] GC(249) Post Compact
[76.491s][info][gc,phases      ] GC(249) Post Compact 7.082ms
[76.491s][info][gc,heap        ] GC(249) PSYoungGen: 138722K(279040K)->138722K(279040K) Eden: 76288K(76288K)->76288K(76288K) From: 62434K(202752K)->62434K(202752K)
[76.491s][info][gc,heap        ] GC(249) ParOldGen: 4710189K(4710400K)->4710189K(4710400K)
[76.491s][info][gc,metaspace   ] GC(249) Metaspace: 6299K(6464K)->6299K(6464K) NonClass: 5765K(5824K)->5765K(5824K) Class: 533K(640K)->533K(640K)
[76.491s][info][gc             ] GC(249) Pause Full (Ergonomics) 4735M->4735M(4872M) 1384.444ms
[76.491s][info][gc,cpu         ] GC(249) User=10.69s Sys=0.00s Real=1.38s
[76.491s][info][gc,start       ] GC(250) Pause Full (Ergonomics)
[76.491s][info][gc,phases,start] GC(250) Marking Phase
[77.596s][info][gc,phases      ] GC(250) Marking Phase 1104.603ms
[77.596s][info][gc,phases,start] GC(250) Summary Phase
[77.596s][info][gc,phases      ] GC(250) Summary Phase 0.054ms
[77.596s][info][gc,phases,start] GC(250) Adjust Roots
[77.596s][info][gc,phases      ] GC(250) Adjust Roots 0.161ms
[77.596s][info][gc,phases,start] GC(250) Compaction Phase
[77.908s][info][gc,phases      ] GC(250) Compaction Phase 311.686ms
[77.908s][info][gc,phases,start] GC(250) Post Compact
[77.915s][info][gc,phases      ] GC(250) Post Compact 6.861ms
[77.915s][info][gc,heap        ] GC(250) PSYoungGen: 138722K(279040K)->138722K(279040K) Eden: 76288K(76288K)->76288K(76288K) From: 62434K(202752K)->62434K(202752K)
[77.915s][info][gc,heap        ] GC(250) ParOldGen: 4710194K(4710400K)->4710194K(4710400K)
[77.915s][info][gc,metaspace   ] GC(250) Metaspace: 6299K(6464K)->6299K(6464K) NonClass: 5765K(5824K)->5765K(5824K) Class: 533K(640K)->533K(640K)
[77.915s][info][gc             ] GC(250) Pause Full (Ergonomics) 4735M->4735M(4872M) 1423.695ms
[77.915s][info][gc,cpu         ] GC(250) User=10.97s Sys=0.00s Real=1.42s
[77.915s][info][gc,start       ] GC(251) Pause Full (Ergonomics)
[77.915s][info][gc,phases,start] GC(251) Marking Phase
[79.007s][info][gc,phases      ] GC(251) Marking Phase 1091.889ms
[79.007s][info][gc,phases,start] GC(251) Summary Phase
[79.007s][info][gc,phases      ] GC(251) Summary Phase 0.054ms
[79.007s][info][gc,phases,start] GC(251) Adjust Roots
[79.008s][info][gc,phases      ] GC(251) Adjust Roots 0.190ms
[79.008s][info][gc,phases,start] GC(251) Compaction Phase
[79.354s][info][gc,phases      ] GC(251) Compaction Phase 346.153ms
[79.354s][info][gc,phases,start] GC(251) Post Compact
[79.362s][info][gc,phases      ] GC(251) Post Compact 8.097ms
[79.362s][info][gc,heap        ] GC(251) PSYoungGen: 138722K(279040K)->138722K(279040K) Eden: 76288K(76288K)->76288K(76288K) From: 62434K(202752K)->62434K(202752K)
[79.362s][info][gc,heap        ] GC(251) ParOldGen: 4710199K(4710400K)->4710199K(4710400K)
[79.362s][info][gc,metaspace   ] GC(251) Metaspace: 6299K(6464K)->6299K(6464K) NonClass: 5765K(5824K)->5765K(5824K) Class: 533K(640K)->533K(640K)
[79.362s][info][gc             ] GC(251) Pause Full (Ergonomics) 4735M->4735M(4872M) 1446.768ms
[79.362s][info][gc,cpu         ] GC(251) User=10.67s Sys=0.00s Real=1.45s
[79.362s][info][gc,start       ] GC(252) Pause Full (Ergonomics)
[79.362s][info][gc,phases,start] GC(252) Marking Phase
[80.471s][info][gc,phases      ] GC(252) Marking Phase 1108.582ms
[80.471s][info][gc,phases,start] GC(252) Summary Phase
[80.471s][info][gc,phases      ] GC(252) Summary Phase 0.052ms
[80.471s][info][gc,phases,start] GC(252) Adjust Roots
[80.471s][info][gc,phases      ] GC(252) Adjust Roots 0.163ms
[80.471s][info][gc,phases,start] GC(252) Compaction Phase
[80.818s][info][gc,phases      ] GC(252) Compaction Phase 347.002ms
[80.818s][info][gc,phases,start] GC(252) Post Compact
[80.825s][info][gc,phases      ] GC(252) Post Compact 6.979ms
[80.825s][info][gc,heap        ] GC(252) PSYoungGen: 138722K(279040K)->138722K(279040K) Eden: 76288K(76288K)->76288K(76288K) From: 62434K(202752K)->62434K(202752K)
[80.825s][info][gc,heap        ] GC(252) ParOldGen: 4710204K(4710400K)->4710204K(4710400K)
[80.825s][info][gc,metaspace   ] GC(252) Metaspace: 6299K(6464K)->6299K(6464K) NonClass: 5765K(5824K)->5765K(5824K) Class: 533K(640K)->533K(640K)
[80.825s][info][gc             ] GC(252) Pause Full (Ergonomics) 4735M->4735M(4872M) 1463.082ms
[80.825s][info][gc,cpu         ] GC(252) User=11.09s Sys=0.00s Real=1.46s
[80.826s][info][gc,start       ] GC(253) Pause Full (Ergonomics)
[80.826s][info][gc,phases,start] GC(253) Marking Phase
[81.930s][info][gc,phases      ] GC(253) Marking Phase 1104.479ms
[81.930s][info][gc,phases,start] GC(253) Summary Phase
[81.930s][info][gc,phases      ] GC(253) Summary Phase 0.059ms
[81.930s][info][gc,phases,start] GC(253) Adjust Roots
[81.930s][info][gc,phases      ] GC(253) Adjust Roots 0.185ms
[81.930s][info][gc,phases,start] GC(253) Compaction Phase
[82.260s][info][gc,phases      ] GC(253) Compaction Phase 329.979ms
[82.260s][info][gc,phases,start] GC(253) Post Compact
[82.268s][info][gc,phases      ] GC(253) Post Compact 7.081ms
[82.268s][info][gc,heap        ] GC(253) PSYoungGen: 138722K(279040K)->138722K(279040K) Eden: 76288K(76288K)->76288K(76288K) From: 62434K(202752K)->62434K(202752K)
[82.268s][info][gc,heap        ] GC(253) ParOldGen: 4710208K(4710400K)->4710208K(4710400K)
[82.268s][info][gc,metaspace   ] GC(253) Metaspace: 6299K(6464K)->6299K(6464K) NonClass: 5765K(5824K)->5765K(5824K) Class: 533K(640K)->533K(640K)
[82.268s][info][gc             ] GC(253) Pause Full (Ergonomics) 4735M->4735M(4872M) 1442.110ms
[82.268s][info][gc,cpu         ] GC(253) User=10.84s Sys=0.00s Real=1.44s
[82.268s][info][gc,start       ] GC(254) Pause Full (Ergonomics)
[82.268s][info][gc,phases,start] GC(254) Marking Phase
[83.368s][info][gc,phases      ] GC(254) Marking Phase 1099.621ms
[83.368s][info][gc,phases,start] GC(254) Summary Phase
[83.368s][info][gc,phases      ] GC(254) Summary Phase 0.054ms
[83.368s][info][gc,phases,start] GC(254) Adjust Roots
[83.368s][info][gc,phases      ] GC(254) Adjust Roots 0.162ms
[83.368s][info][gc,phases,start] GC(254) Compaction Phase
[83.690s][info][gc,phases      ] GC(254) Compaction Phase 322.197ms
[83.690s][info][gc,phases,start] GC(254) Post Compact
[83.697s][info][gc,phases      ] GC(254) Post Compact 6.285ms
[83.697s][info][gc,heap        ] GC(254) PSYoungGen: 138722K(279040K)->138722K(279040K) Eden: 76288K(76288K)->76288K(76288K) From: 62434K(202752K)->62434K(202752K)
[83.697s][info][gc,heap        ] GC(254) ParOldGen: 4710213K(4710400K)->4710213K(4710400K)
[83.697s][info][gc,metaspace   ] GC(254) Metaspace: 6299K(6464K)->6299K(6464K) NonClass: 5765K(5824K)->5765K(5824K) Class: 533K(640K)->533K(640K)
[83.697s][info][gc             ] GC(254) Pause Full (Ergonomics) 4735M->4735M(4872M) 1428.653ms
[83.697s][info][gc,cpu         ] GC(254) User=10.97s Sys=0.02s Real=1.43s
[83.697s][info][gc,start       ] GC(255) Pause Full (Ergonomics)
[83.697s][info][gc,phases,start] GC(255) Marking Phase
[84.779s][info][gc,phases      ] GC(255) Marking Phase 1081.654ms
[84.779s][info][gc,phases,start] GC(255) Summary Phase
[84.779s][info][gc,phases      ] GC(255) Summary Phase 0.053ms
[84.779s][info][gc,phases,start] GC(255) Adjust Roots
[84.779s][info][gc,phases      ] GC(255) Adjust Roots 0.163ms
[84.779s][info][gc,phases,start] GC(255) Compaction Phase
[85.095s][info][gc,phases      ] GC(255) Compaction Phase 316.485ms
[85.095s][info][gc,phases,start] GC(255) Post Compact
[85.102s][info][gc,phases      ] GC(255) Post Compact 6.495ms
[85.102s][info][gc,heap        ] GC(255) PSYoungGen: 138722K(279040K)->138722K(279040K) Eden: 76288K(76288K)->76288K(76288K) From: 62434K(202752K)->62434K(202752K)
[85.102s][info][gc,heap        ] GC(255) ParOldGen: 4710218K(4710400K)->4710218K(4710400K)
[85.102s][info][gc,metaspace   ] GC(255) Metaspace: 6299K(6464K)->6299K(6464K) NonClass: 5765K(5824K)->5765K(5824K) Class: 533K(640K)->533K(640K)
[85.102s][info][gc             ] GC(255) Pause Full (Ergonomics) 4735M->4735M(4872M) 1405.199ms
[85.102s][info][gc,cpu         ] GC(255) User=10.81s Sys=0.00s Real=1.41s
[85.102s][info][gc,start       ] GC(256) Pause Full (Ergonomics)
[85.102s][info][gc,phases,start] GC(256) Marking Phase
[86.181s][info][gc,phases      ] GC(256) Marking Phase 1078.588ms
[86.181s][info][gc,phases,start] GC(256) Summary Phase
[86.181s][info][gc,phases      ] GC(256) Summary Phase 0.053ms
[86.181s][info][gc,phases,start] GC(256) Adjust Roots
[86.181s][info][gc,phases      ] GC(256) Adjust Roots 0.177ms
[86.181s][info][gc,phases,start] GC(256) Compaction Phase
[86.499s][info][gc,phases      ] GC(256) Compaction Phase 317.840ms
[86.499s][info][gc,phases,start] GC(256) Post Compact
[86.506s][info][gc,phases      ] GC(256) Post Compact 6.828ms
[86.506s][info][gc,heap        ] GC(256) PSYoungGen: 138722K(279040K)->138722K(279040K) Eden: 76288K(76288K)->76288K(76288K) From: 62434K(202752K)->62434K(202752K)
[86.506s][info][gc,heap        ] GC(256) ParOldGen: 4710223K(4710400K)->4710223K(4710400K)
[86.506s][info][gc,metaspace   ] GC(256) Metaspace: 6299K(6464K)->6299K(6464K) NonClass: 5765K(5824K)->5765K(5824K) Class: 533K(640K)->533K(640K)
[86.506s][info][gc             ] GC(256) Pause Full (Ergonomics) 4735M->4735M(4872M) 1403.866ms
[86.506s][info][gc,cpu         ] GC(256) User=10.73s Sys=0.00s Real=1.40s
[86.506s][info][gc,start       ] GC(257) Pause Full (Ergonomics)
[86.506s][info][gc,phases,start] GC(257) Marking Phase
[87.614s][info][gc,phases      ] GC(257) Marking Phase 1107.941ms
[87.614s][info][gc,phases,start] GC(257) Summary Phase
[87.614s][info][gc,phases      ] GC(257) Summary Phase 0.052ms
[87.614s][info][gc,phases,start] GC(257) Adjust Roots
[87.615s][info][gc,phases      ] GC(257) Adjust Roots 0.162ms
[87.615s][info][gc,phases,start] GC(257) Compaction Phase
[87.937s][info][gc,phases      ] GC(257) Compaction Phase 322.166ms
[87.937s][info][gc,phases,start] GC(257) Post Compact
[87.943s][info][gc,phases      ] GC(257) Post Compact 6.271ms
[87.943s][info][gc,heap        ] GC(257) PSYoungGen: 138722K(279040K)->138722K(279040K) Eden: 76288K(76288K)->76288K(76288K) From: 62434K(202752K)->62434K(202752K)
[87.943s][info][gc,heap        ] GC(257) ParOldGen: 4710228K(4710400K)->4710228K(4710400K)
[87.943s][info][gc,metaspace   ] GC(257) Metaspace: 6299K(6464K)->6299K(6464K) NonClass: 5765K(5824K)->5765K(5824K) Class: 533K(640K)->533K(640K)
[87.943s][info][gc             ] GC(257) Pause Full (Ergonomics) 4735M->4735M(4872M) 1436.910ms
[87.943s][info][gc,cpu         ] GC(257) User=11.02s Sys=0.00s Real=1.44s
[87.943s][info][gc,start       ] GC(258) Pause Full (Ergonomics)
[87.943s][info][gc,phases,start] GC(258) Marking Phase
[89.049s][info][gc,phases      ] GC(258) Marking Phase 1105.081ms
[89.049s][info][gc,phases,start] GC(258) Summary Phase
[89.049s][info][gc,phases      ] GC(258) Summary Phase 0.060ms
[89.049s][info][gc,phases,start] GC(258) Adjust Roots
[89.049s][info][gc,phases      ] GC(258) Adjust Roots 0.180ms
[89.049s][info][gc,phases,start] GC(258) Compaction Phase
[89.372s][info][gc,phases      ] GC(258) Compaction Phase 322.944ms
[89.372s][info][gc,phases,start] GC(258) Post Compact
[89.378s][info][gc,phases      ] GC(258) Post Compact 6.498ms
[89.379s][info][gc,heap        ] GC(258) PSYoungGen: 138722K(279040K)->138722K(279040K) Eden: 76288K(76288K)->76288K(76288K) From: 62434K(202752K)->62434K(202752K)
[89.379s][info][gc,heap        ] GC(258) ParOldGen: 4710233K(4710400K)->4710233K(4710400K)
[89.379s][info][gc,metaspace   ] GC(258) Metaspace: 6299K(6464K)->6299K(6464K) NonClass: 5765K(5824K)->5765K(5824K) Class: 533K(640K)->533K(640K)
[89.379s][info][gc             ] GC(258) Pause Full (Ergonomics) 4735M->4735M(4872M) 1435.110ms
[89.379s][info][gc,cpu         ] GC(258) User=10.88s Sys=0.02s Real=1.43s
[89.379s][info][gc,start       ] GC(259) Pause Full (Ergonomics)
[89.379s][info][gc,phases,start] GC(259) Marking Phase
[90.458s][info][gc,phases      ] GC(259) Marking Phase 1079.595ms
[90.458s][info][gc,phases,start] GC(259) Summary Phase
[90.459s][info][gc,phases      ] GC(259) Summary Phase 0.052ms
[90.459s][info][gc,phases,start] GC(259) Adjust Roots
[90.459s][info][gc,phases      ] GC(259) Adjust Roots 0.159ms
[90.459s][info][gc,phases,start] GC(259) Compaction Phase
[90.777s][info][gc,phases      ] GC(259) Compaction Phase 318.212ms
[90.777s][info][gc,phases,start] GC(259) Post Compact
[90.783s][info][gc,phases      ] GC(259) Post Compact 5.985ms
[90.783s][info][gc,heap        ] GC(259) PSYoungGen: 138722K(279040K)->138722K(279040K) Eden: 76288K(76288K)->76288K(76288K) From: 62434K(202752K)->62434K(202752K)
[90.783s][info][gc,heap        ] GC(259) ParOldGen: 4710237K(4710400K)->4710237K(4710400K)
[90.783s][info][gc,metaspace   ] GC(259) Metaspace: 6299K(6464K)->6299K(6464K) NonClass: 5765K(5824K)->5765K(5824K) Class: 533K(640K)->533K(640K)
[90.783s][info][gc             ] GC(259) Pause Full (Ergonomics) 4735M->4735M(4872M) 1404.329ms
[90.783s][info][gc,cpu         ] GC(259) User=10.89s Sys=0.00s Real=1.40s
[90.783s][info][gc,start       ] GC(260) Pause Full (Ergonomics)
[90.783s][info][gc,phases,start] GC(260) Marking Phase
[91.880s][info][gc,phases      ] GC(260) Marking Phase 1096.460ms
[91.880s][info][gc,phases,start] GC(260) Summary Phase
[91.880s][info][gc,phases      ] GC(260) Summary Phase 0.053ms
[91.880s][info][gc,phases,start] GC(260) Adjust Roots
[91.880s][info][gc,phases      ] GC(260) Adjust Roots 0.162ms
[91.880s][info][gc,phases,start] GC(260) Compaction Phase
[92.199s][info][gc,phases      ] GC(260) Compaction Phase 318.722ms
[92.199s][info][gc,phases,start] GC(260) Post Compact
[92.206s][info][gc,phases      ] GC(260) Post Compact 6.890ms
[92.206s][info][gc,heap        ] GC(260) PSYoungGen: 138722K(279040K)->138722K(279040K) Eden: 76288K(76288K)->76288K(76288K) From: 62434K(202752K)->62434K(202752K)
[92.206s][info][gc,heap        ] GC(260) ParOldGen: 4710242K(4710400K)->4710242K(4710400K)
[92.206s][info][gc,metaspace   ] GC(260) Metaspace: 6299K(6464K)->6299K(6464K) NonClass: 5765K(5824K)->5765K(5824K) Class: 533K(640K)->533K(640K)
[92.206s][info][gc             ] GC(260) Pause Full (Ergonomics) 4735M->4735M(4872M) 1422.615ms
[92.206s][info][gc,cpu         ] GC(260) User=11.17s Sys=0.00s Real=1.42s
[92.206s][info][gc,start       ] GC(261) Pause Full (Ergonomics)
[92.206s][info][gc,phases,start] GC(261) Marking Phase
[93.321s][info][gc,phases      ] GC(261) Marking Phase 1115.268ms
[93.322s][info][gc,phases,start] GC(261) Summary Phase
[93.322s][info][gc,phases      ] GC(261) Summary Phase 0.054ms
[93.322s][info][gc,phases,start] GC(261) Adjust Roots
[93.322s][info][gc,phases      ] GC(261) Adjust Roots 0.168ms
[93.322s][info][gc,phases,start] GC(261) Compaction Phase
[93.676s][info][gc,phases      ] GC(261) Compaction Phase 353.930ms
[93.676s][info][gc,phases,start] GC(261) Post Compact
[93.683s][info][gc,phases      ] GC(261) Post Compact 7.098ms
[93.683s][info][gc,heap        ] GC(261) PSYoungGen: 138722K(279040K)->138722K(279040K) Eden: 76288K(76288K)->76288K(76288K) From: 62434K(202752K)->62434K(202752K)
[93.683s][info][gc,heap        ] GC(261) ParOldGen: 4710247K(4710400K)->4710247K(4710400K)
[93.683s][info][gc,metaspace   ] GC(261) Metaspace: 6299K(6464K)->6299K(6464K) NonClass: 5765K(5824K)->5765K(5824K) Class: 533K(640K)->533K(640K)
[93.683s][info][gc             ] GC(261) Pause Full (Ergonomics) 4735M->4735M(4872M) 1477.019ms
[93.683s][info][gc,cpu         ] GC(261) User=11.22s Sys=0.00s Real=1.48s
[93.683s][info][gc,start       ] GC(262) Pause Full (Ergonomics)
[93.683s][info][gc,phases,start] GC(262) Marking Phase
[94.779s][info][gc,phases      ] GC(262) Marking Phase 1095.767ms
[94.779s][info][gc,phases,start] GC(262) Summary Phase
[94.779s][info][gc,phases      ] GC(262) Summary Phase 0.053ms
[94.779s][info][gc,phases,start] GC(262) Adjust Roots
[94.779s][info][gc,phases      ] GC(262) Adjust Roots 0.159ms
[94.779s][info][gc,phases,start] GC(262) Compaction Phase
[95.098s][info][gc,phases      ] GC(262) Compaction Phase 318.106ms
[95.098s][info][gc,phases,start] GC(262) Post Compact
[95.105s][info][gc,phases      ] GC(262) Post Compact 7.621ms
[95.105s][info][gc,heap        ] GC(262) PSYoungGen: 138722K(279040K)->138722K(279040K) Eden: 76288K(76288K)->76288K(76288K) From: 62434K(202752K)->62434K(202752K)
[95.105s][info][gc,heap        ] GC(262) ParOldGen: 4710252K(4710400K)->4710252K(4710400K)
[95.105s][info][gc,metaspace   ] GC(262) Metaspace: 6299K(6464K)->6299K(6464K) NonClass: 5765K(5824K)->5765K(5824K) Class: 533K(640K)->533K(640K)
[95.105s][info][gc             ] GC(262) Pause Full (Ergonomics) 4735M->4735M(4872M) 1422.046ms
[95.105s][info][gc,cpu         ] GC(262) User=11.16s Sys=0.00s Real=1.42s
[95.106s][info][gc,start       ] GC(263) Pause Full (Ergonomics)
[95.106s][info][gc,phases,start] GC(263) Marking Phase
[96.210s][info][gc,phases      ] GC(263) Marking Phase 1104.323ms
[96.210s][info][gc,phases,start] GC(263) Summary Phase
[96.210s][info][gc,phases      ] GC(263) Summary Phase 0.053ms
[96.210s][info][gc,phases,start] GC(263) Adjust Roots
[96.210s][info][gc,phases      ] GC(263) Adjust Roots 0.162ms
[96.210s][info][gc,phases,start] GC(263) Compaction Phase
[96.541s][info][gc,phases      ] GC(263) Compaction Phase 331.000ms
[96.541s][info][gc,phases,start] GC(263) Post Compact
[96.548s][info][gc,phases      ] GC(263) Post Compact 6.239ms
[96.548s][info][gc,heap        ] GC(263) PSYoungGen: 138722K(279040K)->138722K(279040K) Eden: 76288K(76288K)->76288K(76288K) From: 62434K(202752K)->62434K(202752K)
[96.548s][info][gc,heap        ] GC(263) ParOldGen: 4710257K(4710400K)->4710257K(4710400K)
[96.548s][info][gc,metaspace   ] GC(263) Metaspace: 6299K(6464K)->6299K(6464K) NonClass: 5765K(5824K)->5765K(5824K) Class: 533K(640K)->533K(640K)
[96.548s][info][gc             ] GC(263) Pause Full (Ergonomics) 4735M->4735M(4872M) 1442.112ms
[96.548s][info][gc,cpu         ] GC(263) User=11.12s Sys=0.00s Real=1.44s
[96.548s][info][gc,start       ] GC(264) Pause Full (Ergonomics)
[96.548s][info][gc,phases,start] GC(264) Marking Phase
[97.650s][info][gc,phases      ] GC(264) Marking Phase 1101.847ms
[97.650s][info][gc,phases,start] GC(264) Summary Phase
[97.650s][info][gc,phases      ] GC(264) Summary Phase 0.053ms
[97.650s][info][gc,phases,start] GC(264) Adjust Roots
[97.650s][info][gc,phases      ] GC(264) Adjust Roots 0.159ms
[97.650s][info][gc,phases,start] GC(264) Compaction Phase
[97.995s][info][gc,phases      ] GC(264) Compaction Phase 344.560ms
[97.995s][info][gc,phases,start] GC(264) Post Compact
[98.002s][info][gc,phases      ] GC(264) Post Compact 6.980ms
[98.002s][info][gc,heap        ] GC(264) PSYoungGen: 138722K(279040K)->138722K(279040K) Eden: 76288K(76288K)->76288K(76288K) From: 62434K(202752K)->62434K(202752K)
[98.002s][info][gc,heap        ] GC(264) ParOldGen: 4710262K(4710400K)->4710262K(4710400K)
[98.002s][info][gc,metaspace   ] GC(264) Metaspace: 6299K(6464K)->6299K(6464K) NonClass: 5765K(5824K)->5765K(5824K) Class: 533K(640K)->533K(640K)
[98.002s][info][gc             ] GC(264) Pause Full (Ergonomics) 4735M->4735M(4872M) 1453.945ms
[98.002s][info][gc,cpu         ] GC(264) User=11.11s Sys=0.00s Real=1.45s
[98.002s][info][gc,start       ] GC(265) Pause Full (Ergonomics)
[98.002s][info][gc,phases,start] GC(265) Marking Phase
[99.127s][info][gc,phases      ] GC(265) Marking Phase 1124.620ms
[99.127s][info][gc,phases,start] GC(265) Summary Phase
[99.127s][info][gc,phases      ] GC(265) Summary Phase 0.055ms
[99.127s][info][gc,phases,start] GC(265) Adjust Roots
[99.127s][info][gc,phases      ] GC(265) Adjust Roots 0.215ms
[99.127s][info][gc,phases,start] GC(265) Compaction Phase
[99.481s][info][gc,phases      ] GC(265) Compaction Phase 353.478ms
[99.481s][info][gc,phases,start] GC(265) Post Compact
[99.488s][info][gc,phases      ] GC(265) Post Compact 7.478ms
[99.488s][info][gc,heap        ] GC(265) PSYoungGen: 138722K(279040K)->138722K(279040K) Eden: 76288K(76288K)->76288K(76288K) From: 62434K(202752K)->62434K(202752K)
[99.488s][info][gc,heap        ] GC(265) ParOldGen: 4710266K(4710400K)->4710266K(4710400K)
[99.488s][info][gc,metaspace   ] GC(265) Metaspace: 6299K(6464K)->6299K(6464K) NonClass: 5765K(5824K)->5765K(5824K) Class: 533K(640K)->533K(640K)
[99.488s][info][gc             ] GC(265) Pause Full (Ergonomics) 4735M->4735M(4872M) 1486.192ms
[99.488s][info][gc,cpu         ] GC(265) User=11.45s Sys=0.00s Real=1.49s
[99.489s][info][gc,start       ] GC(266) Pause Full (Ergonomics)
[99.489s][info][gc,phases,start] GC(266) Marking Phase
[100.607s][info][gc,phases      ] GC(266) Marking Phase 1118.792ms
[100.607s][info][gc,phases,start] GC(266) Summary Phase
[100.607s][info][gc,phases      ] GC(266) Summary Phase 0.053ms
[100.607s][info][gc,phases,start] GC(266) Adjust Roots
[100.608s][info][gc,phases      ] GC(266) Adjust Roots 0.163ms
[100.608s][info][gc,phases,start] GC(266) Compaction Phase
[100.950s][info][gc,phases      ] GC(266) Compaction Phase 341.970ms
[100.950s][info][gc,phases,start] GC(266) Post Compact
[100.957s][info][gc,phases      ] GC(266) Post Compact 7.215ms
[100.957s][info][gc,heap        ] GC(266) PSYoungGen: 138722K(279040K)->138722K(279040K) Eden: 76288K(76288K)->76288K(76288K) From: 62434K(202752K)->62434K(202752K)
[100.957s][info][gc,heap        ] GC(266) ParOldGen: 4710271K(4710400K)->4710271K(4710400K)
[100.957s][info][gc,metaspace   ] GC(266) Metaspace: 6299K(6464K)->6299K(6464K) NonClass: 5765K(5824K)->5765K(5824K) Class: 533K(640K)->533K(640K)
[100.957s][info][gc             ] GC(266) Pause Full (Ergonomics) 4735M->4735M(4872M) 1468.522ms
[100.957s][info][gc,cpu         ] GC(266) User=11.39s Sys=0.02s Real=1.47s
[100.957s][info][gc,start       ] GC(267) Pause Full (Ergonomics)
[100.957s][info][gc,phases,start] GC(267) Marking Phase
[102.074s][info][gc,phases      ] GC(267) Marking Phase 1116.441ms
[102.074s][info][gc,phases,start] GC(267) Summary Phase
[102.074s][info][gc,phases      ] GC(267) Summary Phase 0.053ms
[102.074s][info][gc,phases,start] GC(267) Adjust Roots
[102.074s][info][gc,phases      ] GC(267) Adjust Roots 0.179ms
[102.074s][info][gc,phases,start] GC(267) Compaction Phase
[102.403s][info][gc,phases      ] GC(267) Compaction Phase 329.381ms
[102.404s][info][gc,phases,start] GC(267) Post Compact
[102.411s][info][gc,phases      ] GC(267) Post Compact 7.601ms
[102.411s][info][gc,heap        ] GC(267) PSYoungGen: 138722K(279040K)->138722K(279040K) Eden: 76288K(76288K)->76288K(76288K) From: 62434K(202752K)->62434K(202752K)
[102.411s][info][gc,heap        ] GC(267) ParOldGen: 4710276K(4710400K)->4710276K(4710400K)
[102.411s][info][gc,metaspace   ] GC(267) Metaspace: 6299K(6464K)->6299K(6464K) NonClass: 5765K(5824K)->5765K(5824K) Class: 533K(640K)->533K(640K)
[102.411s][info][gc             ] GC(267) Pause Full (Ergonomics) 4735M->4735M(4872M) 1454.006ms
[102.411s][info][gc,cpu         ] GC(267) User=11.28s Sys=0.03s Real=1.45s
[102.412s][info][gc,start       ] GC(268) Pause Full (Ergonomics)
[102.412s][info][gc,phases,start] GC(268) Marking Phase
[103.543s][info][gc,phases      ] GC(268) Marking Phase 1131.923ms
[103.544s][info][gc,phases,start] GC(268) Summary Phase
[103.544s][info][gc,phases      ] GC(268) Summary Phase 0.053ms
[103.544s][info][gc,phases,start] GC(268) Adjust Roots
[103.544s][info][gc,phases      ] GC(268) Adjust Roots 0.162ms
[103.544s][info][gc,phases,start] GC(268) Compaction Phase
[103.885s][info][gc,phases      ] GC(268) Compaction Phase 341.123ms
[103.885s][info][gc,phases,start] GC(268) Post Compact
[103.892s][info][gc,phases      ] GC(268) Post Compact 6.749ms
[103.892s][info][gc,heap        ] GC(268) PSYoungGen: 138722K(279040K)->138722K(279040K) Eden: 76288K(76288K)->76288K(76288K) From: 62434K(202752K)->62434K(202752K)
[103.892s][info][gc,heap        ] GC(268) ParOldGen: 4710281K(4710400K)->4710281K(4710400K)
[103.892s][info][gc,metaspace   ] GC(268) Metaspace: 6299K(6464K)->6299K(6464K) NonClass: 5765K(5824K)->5765K(5824K) Class: 533K(640K)->533K(640K)
[103.892s][info][gc             ] GC(268) Pause Full (Ergonomics) 4735M->4735M(4872M) 1480.346ms
[103.892s][info][gc,cpu         ] GC(268) User=11.36s Sys=0.00s Real=1.48s
[103.892s][info][gc,start       ] GC(269) Pause Full (Ergonomics)
[103.892s][info][gc,phases,start] GC(269) Marking Phase
[105.038s][info][gc,phases      ] GC(269) Marking Phase 1146.324ms
[105.039s][info][gc,phases,start] GC(269) Summary Phase
[105.039s][info][gc,phases      ] GC(269) Summary Phase 0.053ms
[105.039s][info][gc,phases,start] GC(269) Adjust Roots
[105.039s][info][gc,phases      ] GC(269) Adjust Roots 0.169ms
[105.039s][info][gc,phases,start] GC(269) Compaction Phase
[105.391s][info][gc,phases      ] GC(269) Compaction Phase 351.737ms
[105.391s][info][gc,phases,start] GC(269) Post Compact
[105.398s][info][gc,phases      ] GC(269) Post Compact 6.947ms
[105.398s][info][gc,heap        ] GC(269) PSYoungGen: 138722K(279040K)->138722K(279040K) Eden: 76288K(76288K)->76288K(76288K) From: 62434K(202752K)->62434K(202752K)
[105.398s][info][gc,heap        ] GC(269) ParOldGen: 4710286K(4710400K)->4710286K(4710400K)
[105.398s][info][gc,metaspace   ] GC(269) Metaspace: 6299K(6464K)->6299K(6464K) NonClass: 5765K(5824K)->5765K(5824K) Class: 533K(640K)->533K(640K)
[105.398s][info][gc             ] GC(269) Pause Full (Ergonomics) 4735M->4735M(4872M) 1505.567ms
[105.398s][info][gc,cpu         ] GC(269) User=11.59s Sys=0.00s Real=1.51s
[105.398s][info][gc,start       ] GC(270) Pause Full (Ergonomics)
[105.398s][info][gc,phases,start] GC(270) Marking Phase
[106.535s][info][gc,phases      ] GC(270) Marking Phase 1137.337ms
[106.535s][info][gc,phases,start] GC(270) Summary Phase
[106.535s][info][gc,phases      ] GC(270) Summary Phase 0.053ms
[106.535s][info][gc,phases,start] GC(270) Adjust Roots
[106.536s][info][gc,phases      ] GC(270) Adjust Roots 0.162ms
[106.536s][info][gc,phases,start] GC(270) Compaction Phase
[106.890s][info][gc,phases      ] GC(270) Compaction Phase 354.798ms
[106.890s][info][gc,phases,start] GC(270) Post Compact
[106.898s][info][gc,phases      ] GC(270) Post Compact 7.442ms
[106.898s][info][gc,heap        ] GC(270) PSYoungGen: 138722K(279040K)->138722K(279040K) Eden: 76288K(76288K)->76288K(76288K) From: 62434K(202752K)->62434K(202752K)
[106.898s][info][gc,heap        ] GC(270) ParOldGen: 4710291K(4710400K)->4710291K(4710400K)
[106.898s][info][gc,metaspace   ] GC(270) Metaspace: 6299K(6464K)->6299K(6464K) NonClass: 5765K(5824K)->5765K(5824K) Class: 533K(640K)->533K(640K)
[106.898s][info][gc             ] GC(270) Pause Full (Ergonomics) 4735M->4735M(4872M) 1500.120ms
[106.898s][info][gc,cpu         ] GC(270) User=11.36s Sys=0.00s Real=1.50s
[106.898s][info][gc,start       ] GC(271) Pause Full (Ergonomics)
[106.898s][info][gc,phases,start] GC(271) Marking Phase
[108.062s][info][gc,phases      ] GC(271) Marking Phase 1163.615ms
[108.062s][info][gc,phases,start] GC(271) Summary Phase
[108.062s][info][gc,phases      ] GC(271) Summary Phase 0.053ms
[108.062s][info][gc,phases,start] GC(271) Adjust Roots
[108.062s][info][gc,phases      ] GC(271) Adjust Roots 0.165ms
[108.062s][info][gc,phases,start] GC(271) Compaction Phase
[108.403s][info][gc,phases      ] GC(271) Compaction Phase 341.114ms
[108.403s][info][gc,phases,start] GC(271) Post Compact
[108.411s][info][gc,phases      ] GC(271) Post Compact 7.300ms
[108.411s][info][gc,heap        ] GC(271) PSYoungGen: 138722K(279040K)->138722K(279040K) Eden: 76288K(76288K)->76288K(76288K) From: 62434K(202752K)->62434K(202752K)
[108.411s][info][gc,heap        ] GC(271) ParOldGen: 4710295K(4710400K)->4710295K(4710400K)
[108.411s][info][gc,metaspace   ] GC(271) Metaspace: 6299K(6464K)->6299K(6464K) NonClass: 5765K(5824K)->5765K(5824K) Class: 533K(640K)->533K(640K)
[108.411s][info][gc             ] GC(271) Pause Full (Ergonomics) 4735M->4735M(4872M) 1512.599ms
[108.411s][info][gc,cpu         ] GC(271) User=11.80s Sys=0.00s Real=1.51s
[108.411s][info][gc,start       ] GC(272) Pause Full (Ergonomics)
[108.411s][info][gc,phases,start] GC(272) Marking Phase
[109.565s][info][gc,phases      ] GC(272) Marking Phase 1153.435ms
[109.565s][info][gc,phases,start] GC(272) Summary Phase
[109.565s][info][gc,phases      ] GC(272) Summary Phase 0.054ms
[109.565s][info][gc,phases,start] GC(272) Adjust Roots
[109.565s][info][gc,phases      ] GC(272) Adjust Roots 0.170ms
[109.565s][info][gc,phases,start] GC(272) Compaction Phase
[109.917s][info][gc,phases      ] GC(272) Compaction Phase 352.116ms
[109.917s][info][gc,phases,start] GC(272) Post Compact
[109.924s][info][gc,phases      ] GC(272) Post Compact 6.813ms
[109.924s][info][gc,heap        ] GC(272) PSYoungGen: 138722K(279040K)->138722K(279040K) Eden: 76288K(76288K)->76288K(76288K) From: 62434K(202752K)->62434K(202752K)
[109.924s][info][gc,heap        ] GC(272) ParOldGen: 4710300K(4710400K)->4710300K(4710400K)
[109.924s][info][gc,metaspace   ] GC(272) Metaspace: 6299K(6464K)->6299K(6464K) NonClass: 5765K(5824K)->5765K(5824K) Class: 533K(640K)->533K(640K)
[109.924s][info][gc             ] GC(272) Pause Full (Ergonomics) 4735M->4735M(4872M) 1512.915ms
[109.924s][info][gc,cpu         ] GC(272) User=11.73s Sys=0.00s Real=1.51s
[109.924s][info][gc,start       ] GC(273) Pause Full (Ergonomics)
[109.924s][info][gc,phases,start] GC(273) Marking Phase
[111.080s][info][gc,phases      ] GC(273) Marking Phase 1155.696ms
[111.080s][info][gc,phases,start] GC(273) Summary Phase
[111.080s][info][gc,phases      ] GC(273) Summary Phase 0.079ms
[111.080s][info][gc,phases,start] GC(273) Adjust Roots
[111.080s][info][gc,phases      ] GC(273) Adjust Roots 0.235ms
[111.080s][info][gc,phases,start] GC(273) Compaction Phase
[111.430s][info][gc,phases      ] GC(273) Compaction Phase 349.185ms
[111.430s][info][gc,phases,start] GC(273) Post Compact
[111.436s][info][gc,phases      ] GC(273) Post Compact 6.859ms
[111.437s][info][gc,heap        ] GC(273) PSYoungGen: 138722K(279040K)->138722K(279040K) Eden: 76288K(76288K)->76288K(76288K) From: 62434K(202752K)->62434K(202752K)
[111.437s][info][gc,heap        ] GC(273) ParOldGen: 4710305K(4710400K)->4710305K(4710400K)
[111.437s][info][gc,metaspace   ] GC(273) Metaspace: 6299K(6464K)->6299K(6464K) NonClass: 5765K(5824K)->5765K(5824K) Class: 533K(640K)->533K(640K)
[111.437s][info][gc             ] GC(273) Pause Full (Ergonomics) 4735M->4735M(4872M) 1512.410ms
[111.437s][info][gc,cpu         ] GC(273) User=11.86s Sys=0.00s Real=1.51s
[111.437s][info][gc,start       ] GC(274) Pause Full (Ergonomics)
[111.437s][info][gc,phases,start] GC(274) Marking Phase
[112.599s][info][gc,phases      ] GC(274) Marking Phase 1162.540ms
[112.599s][info][gc,phases,start] GC(274) Summary Phase
[112.600s][info][gc,phases      ] GC(274) Summary Phase 0.057ms
[112.600s][info][gc,phases,start] GC(274) Adjust Roots
[112.600s][info][gc,phases      ] GC(274) Adjust Roots 0.229ms
[112.600s][info][gc,phases,start] GC(274) Compaction Phase
[112.983s][info][gc,phases      ] GC(274) Compaction Phase 383.361ms
[112.983s][info][gc,phases,start] GC(274) Post Compact
[112.990s][info][gc,phases      ] GC(274) Post Compact 7.090ms
[112.990s][info][gc,heap        ] GC(274) PSYoungGen: 138722K(279040K)->138722K(279040K) Eden: 76288K(76288K)->76288K(76288K) From: 62434K(202752K)->62434K(202752K)
[112.990s][info][gc,heap        ] GC(274) ParOldGen: 4710310K(4710400K)->4710310K(4710400K)
[112.990s][info][gc,metaspace   ] GC(274) Metaspace: 6299K(6464K)->6299K(6464K) NonClass: 5765K(5824K)->5765K(5824K) Class: 533K(640K)->533K(640K)
[112.990s][info][gc             ] GC(274) Pause Full (Ergonomics) 4735M->4735M(4872M) 1553.608ms
[112.990s][info][gc,cpu         ] GC(274) User=11.67s Sys=0.00s Real=1.55s
[112.991s][info][gc,start       ] GC(275) Pause Full (Ergonomics)
[112.991s][info][gc,phases,start] GC(275) Marking Phase
[114.117s][info][gc,phases      ] GC(275) Marking Phase 1126.047ms
[114.117s][info][gc,phases,start] GC(275) Summary Phase
[114.117s][info][gc,phases      ] GC(275) Summary Phase 0.055ms
[114.117s][info][gc,phases,start] GC(275) Adjust Roots
[114.117s][info][gc,phases      ] GC(275) Adjust Roots 0.192ms
[114.117s][info][gc,phases,start] GC(275) Compaction Phase
[114.458s][info][gc,phases      ] GC(275) Compaction Phase 340.577ms
[114.458s][info][gc,phases,start] GC(275) Post Compact
[114.465s][info][gc,phases      ] GC(275) Post Compact 7.468ms
[114.465s][info][gc,heap        ] GC(275) PSYoungGen: 138722K(279040K)->138722K(279040K) Eden: 76288K(76288K)->76288K(76288K) From: 62434K(202752K)->62434K(202752K)
[114.465s][info][gc,heap        ] GC(275) ParOldGen: 4710315K(4710400K)->4710315K(4710400K)
[114.465s][info][gc,metaspace   ] GC(275) Metaspace: 6299K(6464K)->6299K(6464K) NonClass: 5765K(5824K)->5765K(5824K) Class: 533K(640K)->533K(640K)
[114.465s][info][gc             ] GC(275) Pause Full (Ergonomics) 4735M->4735M(4872M) 1474.678ms
[114.465s][info][gc,cpu         ] GC(275) User=11.38s Sys=0.00s Real=1.47s
[114.466s][info][gc,start       ] GC(276) Pause Full (Ergonomics)
[114.466s][info][gc,phases,start] GC(276) Marking Phase
[115.653s][info][gc,phases      ] GC(276) Marking Phase 1187.535ms
[115.653s][info][gc,phases,start] GC(276) Summary Phase
[115.653s][info][gc,phases      ] GC(276) Summary Phase 0.052ms
[115.653s][info][gc,phases,start] GC(276) Adjust Roots
[115.653s][info][gc,phases      ] GC(276) Adjust Roots 0.215ms
[115.654s][info][gc,phases,start] GC(276) Compaction Phase
[115.993s][info][gc,phases      ] GC(276) Compaction Phase 339.337ms
[115.993s][info][gc,phases,start] GC(276) Post Compact
[116.001s][info][gc,phases      ] GC(276) Post Compact 8.302ms
[116.001s][info][gc,heap        ] GC(276) PSYoungGen: 138722K(279040K)->138722K(279040K) Eden: 76288K(76288K)->76288K(76288K) From: 62434K(202752K)->62434K(202752K)
[116.001s][info][gc,heap        ] GC(276) ParOldGen: 4710320K(4710400K)->4710320K(4710400K)
[116.001s][info][gc,metaspace   ] GC(276) Metaspace: 6299K(6464K)->6299K(6464K) NonClass: 5765K(5824K)->5765K(5824K) Class: 533K(640K)->533K(640K)
[116.001s][info][gc             ] GC(276) Pause Full (Ergonomics) 4735M->4735M(4872M) 1535.805ms
[116.001s][info][gc,cpu         ] GC(276) User=11.95s Sys=0.02s Real=1.54s
[116.002s][info][gc,start       ] GC(277) Pause Full (Ergonomics)
[116.002s][info][gc,phases,start] GC(277) Marking Phase
[117.191s][info][gc,phases      ] GC(277) Marking Phase 1189.569ms
[117.191s][info][gc,phases,start] GC(277) Summary Phase
[117.191s][info][gc,phases      ] GC(277) Summary Phase 0.055ms
[117.191s][info][gc,phases,start] GC(277) Adjust Roots
[117.192s][info][gc,phases      ] GC(277) Adjust Roots 0.174ms
[117.192s][info][gc,phases,start] GC(277) Compaction Phase
[117.540s][info][gc,phases      ] GC(277) Compaction Phase 347.888ms
[117.540s][info][gc,phases,start] GC(277) Post Compact
[117.547s][info][gc,phases      ] GC(277) Post Compact 7.532ms
[117.547s][info][gc,heap        ] GC(277) PSYoungGen: 138722K(279040K)->138722K(279040K) Eden: 76288K(76288K)->76288K(76288K) From: 62434K(202752K)->62434K(202752K)
[117.547s][info][gc,heap        ] GC(277) ParOldGen: 4710324K(4710400K)->4710324K(4710400K)
[117.547s][info][gc,metaspace   ] GC(277) Metaspace: 6299K(6464K)->6299K(6464K) NonClass: 5765K(5824K)->5765K(5824K) Class: 533K(640K)->533K(640K)
[117.547s][info][gc             ] GC(277) Pause Full (Ergonomics) 4735M->4735M(4872M) 1545.597ms
[117.547s][info][gc,cpu         ] GC(277) User=11.92s Sys=0.02s Real=1.55s
[117.547s][info][gc,start       ] GC(278) Pause Full (Ergonomics)
[117.548s][info][gc,phases,start] GC(278) Marking Phase
[118.707s][info][gc,phases      ] GC(278) Marking Phase 1159.659ms
[118.707s][info][gc,phases,start] GC(278) Summary Phase
[118.707s][info][gc,phases      ] GC(278) Summary Phase 0.053ms
[118.707s][info][gc,phases,start] GC(278) Adjust Roots
[118.707s][info][gc,phases      ] GC(278) Adjust Roots 0.165ms
[118.708s][info][gc,phases,start] GC(278) Compaction Phase
[119.063s][info][gc,phases      ] GC(278) Compaction Phase 355.745ms
[119.063s][info][gc,phases,start] GC(278) Post Compact
[119.071s][info][gc,phases      ] GC(278) Post Compact 7.197ms
[119.071s][info][gc,heap        ] GC(278) PSYoungGen: 138722K(279040K)->138722K(279040K) Eden: 76288K(76288K)->76288K(76288K) From: 62434K(202752K)->62434K(202752K)
[119.071s][info][gc,heap        ] GC(278) ParOldGen: 4710329K(4710400K)->4710329K(4710400K)
[119.071s][info][gc,metaspace   ] GC(278) Metaspace: 6299K(6464K)->6299K(6464K) NonClass: 5765K(5824K)->5765K(5824K) Class: 533K(640K)->533K(640K)
[119.071s][info][gc             ] GC(278) Pause Full (Ergonomics) 4735M->4735M(4872M) 1523.147ms
[119.071s][info][gc,cpu         ] GC(278) User=11.86s Sys=0.00s Real=1.52s
[119.071s][info][gc,start       ] GC(279) Pause Full (Ergonomics)
[119.071s][info][gc,phases,start] GC(279) Marking Phase
[120.226s][info][gc,phases      ] GC(279) Marking Phase 1154.671ms
[120.226s][info][gc,phases,start] GC(279) Summary Phase
[120.226s][info][gc,phases      ] GC(279) Summary Phase 0.054ms
[120.226s][info][gc,phases,start] GC(279) Adjust Roots
[120.226s][info][gc,phases      ] GC(279) Adjust Roots 0.196ms
[120.226s][info][gc,phases,start] GC(279) Compaction Phase
[120.577s][info][gc,phases      ] GC(279) Compaction Phase 351.226ms
[120.577s][info][gc,phases,start] GC(279) Post Compact
[120.584s][info][gc,phases      ] GC(279) Post Compact 6.383ms
[120.584s][info][gc,heap        ] GC(279) PSYoungGen: 138722K(279040K)->138722K(279040K) Eden: 76288K(76288K)->76288K(76288K) From: 62434K(202752K)->62434K(202752K)
[120.584s][info][gc,heap        ] GC(279) ParOldGen: 4710334K(4710400K)->4710334K(4710400K)
[120.584s][info][gc,metaspace   ] GC(279) Metaspace: 6299K(6464K)->6299K(6464K) NonClass: 5765K(5824K)->5765K(5824K) Class: 533K(640K)->533K(640K)
[120.584s][info][gc             ] GC(279) Pause Full (Ergonomics) 4735M->4735M(4872M) 1512.890ms
[120.584s][info][gc,cpu         ] GC(279) User=11.64s Sys=0.00s Real=1.51s
[120.584s][info][gc,start       ] GC(280) Pause Full (Ergonomics)
[120.584s][info][gc,phases,start] GC(280) Marking Phase
[121.759s][info][gc,phases      ] GC(280) Marking Phase 1174.903ms
[121.759s][info][gc,phases,start] GC(280) Summary Phase
[121.759s][info][gc,phases      ] GC(280) Summary Phase 0.053ms
[121.759s][info][gc,phases,start] GC(280) Adjust Roots
[121.759s][info][gc,phases      ] GC(280) Adjust Roots 0.162ms
[121.759s][info][gc,phases,start] GC(280) Compaction Phase
[122.120s][info][gc,phases      ] GC(280) Compaction Phase 360.946ms
[122.120s][info][gc,phases,start] GC(280) Post Compact
[122.127s][info][gc,phases      ] GC(280) Post Compact 6.669ms
[122.127s][info][gc,heap        ] GC(280) PSYoungGen: 138722K(279040K)->138722K(279040K) Eden: 76288K(76288K)->76288K(76288K) From: 62434K(202752K)->62434K(202752K)
[122.127s][info][gc,heap        ] GC(280) ParOldGen: 4710339K(4710400K)->4710339K(4710400K)
[122.127s][info][gc,metaspace   ] GC(280) Metaspace: 6299K(6464K)->6299K(6464K) NonClass: 5765K(5824K)->5765K(5824K) Class: 533K(640K)->533K(640K)
[122.127s][info][gc             ] GC(280) Pause Full (Ergonomics) 4735M->4735M(4872M) 1543.076ms
[122.127s][info][gc,cpu         ] GC(280) User=11.73s Sys=0.02s Real=1.54s
[122.127s][info][gc,start       ] GC(281) Pause Full (Ergonomics)
[122.127s][info][gc,phases,start] GC(281) Marking Phase
[123.310s][info][gc,phases      ] GC(281) Marking Phase 1182.539ms
[123.310s][info][gc,phases,start] GC(281) Summary Phase
[123.310s][info][gc,phases      ] GC(281) Summary Phase 0.057ms
[123.310s][info][gc,phases,start] GC(281) Adjust Roots
[123.310s][info][gc,phases      ] GC(281) Adjust Roots 0.175ms
[123.310s][info][gc,phases,start] GC(281) Compaction Phase
[123.671s][info][gc,phases      ] GC(281) Compaction Phase 360.779ms
[123.671s][info][gc,phases,start] GC(281) Post Compact
[123.678s][info][gc,phases      ] GC(281) Post Compact 7.053ms
[123.678s][info][gc,heap        ] GC(281) PSYoungGen: 138722K(279040K)->138722K(279040K) Eden: 76288K(76288K)->76288K(76288K) From: 62434K(202752K)->62434K(202752K)
[123.678s][info][gc,heap        ] GC(281) ParOldGen: 4710344K(4710400K)->4710344K(4710400K)
[123.678s][info][gc,metaspace   ] GC(281) Metaspace: 6299K(6464K)->6299K(6464K) NonClass: 5765K(5824K)->5765K(5824K) Class: 533K(640K)->533K(640K)
[123.678s][info][gc             ] GC(281) Pause Full (Ergonomics) 4735M->4735M(4872M) 1550.956ms
[123.678s][info][gc,cpu         ] GC(281) User=12.03s Sys=0.00s Real=1.55s
[123.678s][info][gc,start       ] GC(282) Pause Full (Ergonomics)
[123.679s][info][gc,phases,start] GC(282) Marking Phase
[124.841s][info][gc,phases      ] GC(282) Marking Phase 1162.587ms
[124.841s][info][gc,phases,start] GC(282) Summary Phase
[124.841s][info][gc,phases      ] GC(282) Summary Phase 0.086ms
[124.841s][info][gc,phases,start] GC(282) Adjust Roots
[124.841s][info][gc,phases      ] GC(282) Adjust Roots 0.185ms
[124.842s][info][gc,phases,start] GC(282) Compaction Phase
[125.207s][info][gc,phases      ] GC(282) Compaction Phase 365.455ms
[125.207s][info][gc,phases,start] GC(282) Post Compact
[125.214s][info][gc,phases      ] GC(282) Post Compact 7.143ms
[125.214s][info][gc,heap        ] GC(282) PSYoungGen: 138722K(279040K)->138722K(279040K) Eden: 76288K(76288K)->76288K(76288K) From: 62434K(202752K)->62434K(202752K)
[125.214s][info][gc,heap        ] GC(282) ParOldGen: 4710349K(4710400K)->4710349K(4710400K)
[125.214s][info][gc,metaspace   ] GC(282) Metaspace: 6299K(6464K)->6299K(6464K) NonClass: 5765K(5824K)->5765K(5824K) Class: 533K(640K)->533K(640K)
[125.214s][info][gc             ] GC(282) Pause Full (Ergonomics) 4735M->4735M(4872M) 1535.829ms
[125.214s][info][gc,cpu         ] GC(282) User=11.77s Sys=0.02s Real=1.54s
[125.215s][info][gc,start       ] GC(283) Pause Full (Ergonomics)
[125.215s][info][gc,phases,start] GC(283) Marking Phase
[126.388s][info][gc,phases      ] GC(283) Marking Phase 1173.705ms
[126.388s][info][gc,phases,start] GC(283) Summary Phase
[126.388s][info][gc,phases      ] GC(283) Summary Phase 0.053ms
[126.388s][info][gc,phases,start] GC(283) Adjust Roots
[126.389s][info][gc,phases      ] GC(283) Adjust Roots 0.165ms
[126.389s][info][gc,phases,start] GC(283) Compaction Phase
[126.771s][info][gc,phases      ] GC(283) Compaction Phase 382.681ms
[126.771s][info][gc,phases,start] GC(283) Post Compact
[126.778s][info][gc,phases      ] GC(283) Post Compact 7.137ms
[126.779s][info][gc,heap        ] GC(283) PSYoungGen: 138722K(279040K)->138722K(279040K) Eden: 76288K(76288K)->76288K(76288K) From: 62434K(202752K)->62434K(202752K)
[126.779s][info][gc,heap        ] GC(283) ParOldGen: 4710353K(4710400K)->4710353K(4710400K)
[126.779s][info][gc,metaspace   ] GC(283) Metaspace: 6299K(6464K)->6299K(6464K) NonClass: 5765K(5824K)->5765K(5824K) Class: 533K(640K)->533K(640K)
[126.779s][info][gc             ] GC(283) Pause Full (Ergonomics) 4735M->4735M(4872M) 1564.053ms
[126.779s][info][gc,cpu         ] GC(283) User=11.86s Sys=0.00s Real=1.56s
[126.779s][info][gc,start       ] GC(284) Pause Full (Ergonomics)
[126.779s][info][gc,phases,start] GC(284) Marking Phase
[127.960s][info][gc,phases      ] GC(284) Marking Phase 1181.587ms
[127.961s][info][gc,phases,start] GC(284) Summary Phase
[127.961s][info][gc,phases      ] GC(284) Summary Phase 0.064ms
[127.961s][info][gc,phases,start] GC(284) Adjust Roots
[127.961s][info][gc,phases      ] GC(284) Adjust Roots 0.216ms
[127.961s][info][gc,phases,start] GC(284) Compaction Phase
[128.325s][info][gc,phases      ] GC(284) Compaction Phase 363.889ms
[128.325s][info][gc,phases,start] GC(284) Post Compact
[128.332s][info][gc,phases      ] GC(284) Post Compact 7.030ms
[128.332s][info][gc,heap        ] GC(284) PSYoungGen: 138722K(279040K)->138722K(279040K) Eden: 76288K(76288K)->76288K(76288K) From: 62434K(202752K)->62434K(202752K)
[128.332s][info][gc,heap        ] GC(284) ParOldGen: 4710358K(4710400K)->4710358K(4710400K)
[128.332s][info][gc,metaspace   ] GC(284) Metaspace: 6299K(6464K)->6299K(6464K) NonClass: 5765K(5824K)->5765K(5824K) Class: 533K(640K)->533K(640K)
[128.332s][info][gc             ] GC(284) Pause Full (Ergonomics) 4735M->4735M(4872M) 1553.122ms
[128.332s][info][gc,cpu         ] GC(284) User=11.83s Sys=0.00s Real=1.55s
[128.332s][info][gc,start       ] GC(285) Pause Full (Ergonomics)
[128.332s][info][gc,phases,start] GC(285) Marking Phase
[129.541s][info][gc,phases      ] GC(285) Marking Phase 1208.338ms
[129.541s][info][gc,phases,start] GC(285) Summary Phase
[129.541s][info][gc,phases      ] GC(285) Summary Phase 0.054ms
[129.541s][info][gc,phases,start] GC(285) Adjust Roots
[129.541s][info][gc,phases      ] GC(285) Adjust Roots 0.161ms
[129.541s][info][gc,phases,start] GC(285) Compaction Phase
[129.890s][info][gc,phases      ] GC(285) Compaction Phase 349.602ms
[129.891s][info][gc,phases,start] GC(285) Post Compact
[129.898s][info][gc,phases      ] GC(285) Post Compact 7.434ms
[129.898s][info][gc,heap        ] GC(285) PSYoungGen: 138722K(279040K)->138722K(279040K) Eden: 76288K(76288K)->76288K(76288K) From: 62434K(202752K)->62434K(202752K)
[129.898s][info][gc,heap        ] GC(285) ParOldGen: 4710363K(4710400K)->4710363K(4710400K)
[129.898s][info][gc,metaspace   ] GC(285) Metaspace: 6299K(6464K)->6299K(6464K) NonClass: 5765K(5824K)->5765K(5824K) Class: 533K(640K)->533K(640K)
[129.898s][info][gc             ] GC(285) Pause Full (Ergonomics) 4735M->4735M(4872M) 1565.932ms
[129.898s][info][gc,cpu         ] GC(285) User=12.12s Sys=0.00s Real=1.57s
[129.898s][info][gc,start       ] GC(286) Pause Full (Ergonomics)
[129.898s][info][gc,phases,start] GC(286) Marking Phase
[131.110s][info][gc,phases      ] GC(286) Marking Phase 1211.467ms
[131.110s][info][gc,phases,start] GC(286) Summary Phase
[131.110s][info][gc,phases      ] GC(286) Summary Phase 0.056ms
[131.110s][info][gc,phases,start] GC(286) Adjust Roots
[131.110s][info][gc,phases      ] GC(286) Adjust Roots 0.238ms
[131.110s][info][gc,phases,start] GC(286) Compaction Phase
[131.468s][info][gc,phases      ] GC(286) Compaction Phase 358.127ms
[131.468s][info][gc,phases,start] GC(286) Post Compact
[131.475s][info][gc,phases      ] GC(286) Post Compact 6.475ms
[131.475s][info][gc,heap        ] GC(286) PSYoungGen: 138722K(279040K)->138722K(279040K) Eden: 76288K(76288K)->76288K(76288K) From: 62434K(202752K)->62434K(202752K)
[131.475s][info][gc,heap        ] GC(286) ParOldGen: 4710368K(4710400K)->4710368K(4710400K)
[131.475s][info][gc,metaspace   ] GC(286) Metaspace: 6299K(6464K)->6299K(6464K) NonClass: 5765K(5824K)->5765K(5824K) Class: 533K(640K)->533K(640K)
[131.475s][info][gc             ] GC(286) Pause Full (Ergonomics) 4735M->4735M(4872M) 1576.726ms
[131.475s][info][gc,cpu         ] GC(286) User=12.23s Sys=0.00s Real=1.58s
[131.475s][info][gc,start       ] GC(287) Pause Full (Ergonomics)
[131.475s][info][gc,phases,start] GC(287) Marking Phase
[132.669s][info][gc,phases      ] GC(287) Marking Phase 1193.521ms
[132.669s][info][gc,phases,start] GC(287) Summary Phase
[132.669s][info][gc,phases      ] GC(287) Summary Phase 0.054ms
[132.669s][info][gc,phases,start] GC(287) Adjust Roots
[132.669s][info][gc,phases      ] GC(287) Adjust Roots 0.165ms
[132.669s][info][gc,phases,start] GC(287) Compaction Phase
[133.057s][info][gc,phases      ] GC(287) Compaction Phase 387.897ms
[133.057s][info][gc,phases,start] GC(287) Post Compact
[133.066s][info][gc,phases      ] GC(287) Post Compact 8.394ms
[133.066s][info][gc,heap        ] GC(287) PSYoungGen: 138722K(279040K)->138722K(279040K) Eden: 76288K(76288K)->76288K(76288K) From: 62434K(202752K)->62434K(202752K)
[133.066s][info][gc,heap        ] GC(287) ParOldGen: 4710373K(4710400K)->4710373K(4710400K)
[133.066s][info][gc,metaspace   ] GC(287) Metaspace: 6299K(6464K)->6299K(6464K) NonClass: 5765K(5824K)->5765K(5824K) Class: 533K(640K)->533K(640K)
[133.066s][info][gc             ] GC(287) Pause Full (Ergonomics) 4735M->4735M(4872M) 1590.397ms
[133.066s][info][gc,cpu         ] GC(287) User=12.20s Sys=0.00s Real=1.59s
[133.066s][info][gc,start       ] GC(288) Pause Full (Ergonomics)
[133.066s][info][gc,phases,start] GC(288) Marking Phase
[134.308s][info][gc,phases      ] GC(288) Marking Phase 1242.438ms
[134.308s][info][gc,phases,start] GC(288) Summary Phase
[134.308s][info][gc,phases      ] GC(288) Summary Phase 0.064ms
[134.309s][info][gc,phases,start] GC(288) Adjust Roots
[134.309s][info][gc,phases      ] GC(288) Adjust Roots 0.237ms
[134.309s][info][gc,phases,start] GC(288) Compaction Phase
[134.769s][info][gc,phases      ] GC(288) Compaction Phase 460.417ms
[134.769s][info][gc,phases,start] GC(288) Post Compact
[134.780s][info][gc,phases      ] GC(288) Post Compact 11.205ms
[134.781s][info][gc,heap        ] GC(288) PSYoungGen: 138722K(279040K)->138722K(279040K) Eden: 76288K(76288K)->76288K(76288K) From: 62434K(202752K)->62434K(202752K)
[134.781s][info][gc,heap        ] GC(288) ParOldGen: 4710378K(4710400K)->4710378K(4710400K)
[134.781s][info][gc,metaspace   ] GC(288) Metaspace: 6299K(6464K)->6299K(6464K) NonClass: 5765K(5824K)->5765K(5824K) Class: 533K(640K)->533K(640K)
[134.781s][info][gc             ] GC(288) Pause Full (Ergonomics) 4735M->4735M(4872M) 1714.778ms
[134.781s][info][gc,cpu         ] GC(288) User=12.02s Sys=0.06s Real=1.71s
[134.781s][info][gc,start       ] GC(289) Pause Full (Ergonomics)
[134.781s][info][gc,phases,start] GC(289) Marking Phase
[136.021s][info][gc,phases      ] GC(289) Marking Phase 1239.754ms
[136.021s][info][gc,phases,start] GC(289) Summary Phase
[136.021s][info][gc,phases      ] GC(289) Summary Phase 0.063ms
[136.021s][info][gc,phases,start] GC(289) Adjust Roots
[136.021s][info][gc,phases      ] GC(289) Adjust Roots 0.189ms
[136.021s][info][gc,phases,start] GC(289) Compaction Phase
[136.375s][info][gc,phases      ] GC(289) Compaction Phase 353.439ms
[136.375s][info][gc,phases,start] GC(289) Post Compact
[136.383s][info][gc,phases      ] GC(289) Post Compact 7.671ms
[136.383s][info][gc,heap        ] GC(289) PSYoungGen: 138722K(279040K)->138722K(279040K) Eden: 76288K(76288K)->76288K(76288K) From: 62434K(202752K)->62434K(202752K)
[136.383s][info][gc,heap        ] GC(289) ParOldGen: 4710382K(4710400K)->4710382K(4710400K)
[136.383s][info][gc,metaspace   ] GC(289) Metaspace: 6299K(6464K)->6299K(6464K) NonClass: 5765K(5824K)->5765K(5824K) Class: 533K(640K)->533K(640K)
[136.383s][info][gc             ] GC(289) Pause Full (Ergonomics) 4735M->4735M(4872M) 1601.511ms
[136.383s][info][gc,cpu         ] GC(289) User=11.81s Sys=0.00s Real=1.60s
[136.383s][info][gc,start       ] GC(290) Pause Full (Ergonomics)
[136.383s][info][gc,phases,start] GC(290) Marking Phase
[137.582s][info][gc,phases      ] GC(290) Marking Phase 1198.835ms
[137.582s][info][gc,phases,start] GC(290) Summary Phase
[137.582s][info][gc,phases      ] GC(290) Summary Phase 0.053ms
[137.582s][info][gc,phases,start] GC(290) Adjust Roots
[137.582s][info][gc,phases      ] GC(290) Adjust Roots 0.163ms
[137.582s][info][gc,phases,start] GC(290) Compaction Phase
[137.931s][info][gc,phases      ] GC(290) Compaction Phase 349.124ms
[137.931s][info][gc,phases,start] GC(290) Post Compact
[137.939s][info][gc,phases      ] GC(290) Post Compact 7.547ms
[137.939s][info][gc,heap        ] GC(290) PSYoungGen: 138722K(279040K)->138722K(279040K) Eden: 76288K(76288K)->76288K(76288K) From: 62434K(202752K)->62434K(202752K)
[137.939s][info][gc,heap        ] GC(290) ParOldGen: 4710387K(4710400K)->4710387K(4710400K)
[137.939s][info][gc,metaspace   ] GC(290) Metaspace: 6299K(6464K)->6299K(6464K) NonClass: 5765K(5824K)->5765K(5824K) Class: 533K(640K)->533K(640K)
[137.939s][info][gc             ] GC(290) Pause Full (Ergonomics) 4735M->4735M(4872M) 1556.075ms
[137.939s][info][gc,cpu         ] GC(290) User=12.11s Sys=0.00s Real=1.56s
[137.939s][info][gc,start       ] GC(291) Pause Full (Ergonomics)
[137.939s][info][gc,phases,start] GC(291) Marking Phase
[139.159s][info][gc,phases      ] GC(291) Marking Phase 1219.338ms
[139.159s][info][gc,phases,start] GC(291) Summary Phase
[139.159s][info][gc,phases      ] GC(291) Summary Phase 0.055ms
[139.159s][info][gc,phases,start] GC(291) Adjust Roots
[139.159s][info][gc,phases      ] GC(291) Adjust Roots 0.165ms
[139.159s][info][gc,phases,start] GC(291) Compaction Phase
[139.532s][info][gc,phases      ] GC(291) Compaction Phase 372.884ms
[139.532s][info][gc,phases,start] GC(291) Post Compact
[139.542s][info][gc,phases      ] GC(291) Post Compact 9.604ms
[139.542s][info][gc,heap        ] GC(291) PSYoungGen: 138722K(279040K)->138722K(279040K) Eden: 76288K(76288K)->76288K(76288K) From: 62434K(202752K)->62434K(202752K)
[139.542s][info][gc,heap        ] GC(291) ParOldGen: 4710392K(4710400K)->4710392K(4710400K)
[139.542s][info][gc,metaspace   ] GC(291) Metaspace: 6299K(6464K)->6299K(6464K) NonClass: 5765K(5824K)->5765K(5824K) Class: 533K(640K)->533K(640K)
[139.542s][info][gc             ] GC(291) Pause Full (Ergonomics) 4735M->4735M(4872M) 1602.519ms
[139.542s][info][gc,cpu         ] GC(291) User=12.16s Sys=0.00s Real=1.60s
[139.542s][info][gc,start       ] GC(292) Pause Full (Ergonomics)
[139.542s][info][gc,phases,start] GC(292) Marking Phase
[140.798s][info][gc,phases      ] GC(292) Marking Phase 1256.347ms
[140.798s][info][gc,phases,start] GC(292) Summary Phase
[140.799s][info][gc,phases      ] GC(292) Summary Phase 0.129ms
[140.799s][info][gc,phases,start] GC(292) Adjust Roots
[140.799s][info][gc,phases      ] GC(292) Adjust Roots 0.327ms
[140.799s][info][gc,phases,start] GC(292) Compaction Phase
[141.169s][info][gc,phases      ] GC(292) Compaction Phase 369.665ms
[141.169s][info][gc,phases,start] GC(292) Post Compact
[141.177s][info][gc,phases      ] GC(292) Post Compact 8.071ms
[141.177s][info][gc,heap        ] GC(292) PSYoungGen: 138722K(279040K)->138722K(279040K) Eden: 76288K(76288K)->76288K(76288K) From: 62434K(202752K)->62434K(202752K)
[141.177s][info][gc,heap        ] GC(292) ParOldGen: 4710397K(4710400K)->4710397K(4710400K)
[141.177s][info][gc,metaspace   ] GC(292) Metaspace: 6299K(6464K)->6299K(6464K) NonClass: 5765K(5824K)->5765K(5824K) Class: 533K(640K)->533K(640K)
[141.177s][info][gc             ] GC(292) Pause Full (Ergonomics) 4735M->4735M(4872M) 1635.024ms
[141.177s][info][gc,cpu         ] GC(292) User=11.75s Sys=0.02s Real=1.63s
[141.177s][info][gc,start       ] GC(293) Pause Full (Ergonomics)
[141.177s][info][gc,phases,start] GC(293) Marking Phase
[142.409s][info][gc,phases      ] GC(293) Marking Phase 1231.378ms
[142.409s][info][gc,phases,start] GC(293) Summary Phase
[142.409s][info][gc,phases      ] GC(293) Summary Phase 0.056ms
[142.409s][info][gc,phases,start] GC(293) Adjust Roots
[142.409s][info][gc,phases      ] GC(293) Adjust Roots 0.206ms
[142.409s][info][gc,phases,start] GC(293) Compaction Phase
[142.778s][info][gc,phases      ] GC(293) Compaction Phase 368.762ms
[142.778s][info][gc,phases,start] GC(293) Post Compact
[142.792s][info][gc,phases      ] GC(293) Post Compact 14.175ms
[142.792s][info][gc,heap        ] GC(293) PSYoungGen: 138722K(279040K)->138722K(279040K) Eden: 76288K(76288K)->76288K(76288K) From: 62434K(202752K)->62434K(202752K)
[142.792s][info][gc,heap        ] GC(293) ParOldGen: 4710399K(4710400K)->4710399K(4710400K)
[142.792s][info][gc,metaspace   ] GC(293) Metaspace: 6299K(6464K)->6299K(6464K) NonClass: 5765K(5824K)->5765K(5824K) Class: 533K(640K)->533K(640K)
[142.792s][info][gc             ] GC(293) Pause Full (Ergonomics) 4735M->4735M(4872M) 1615.092ms
[142.792s][info][gc,cpu         ] GC(293) User=12.30s Sys=0.03s Real=1.62s
[142.793s][info][gc,start       ] GC(294) Pause Full (Allocation Failure)
[142.793s][info][gc,phases,start] GC(294) Marking Phase
[143.987s][info][gc,phases      ] GC(294) Marking Phase 1194.169ms
[143.987s][info][gc,phases,start] GC(294) Summary Phase
[143.987s][info][gc,phases      ] GC(294) Summary Phase 0.096ms
[143.987s][info][gc,phases,start] GC(294) Adjust Roots
[143.987s][info][gc,phases      ] GC(294) Adjust Roots 0.388ms
[143.987s][info][gc,phases,start] GC(294) Compaction Phase
[145.194s][info][gc,phases      ] GC(294) Compaction Phase 1206.938ms
[145.194s][info][gc,phases,start] GC(294) Post Compact
[145.202s][info][gc,phases      ] GC(294) Post Compact 7.574ms
[145.202s][info][gc,heap        ] GC(294) PSYoungGen: 138722K(279040K)->138722K(279040K) Eden: 76288K(76288K)->76288K(76288K) From: 62434K(202752K)->62434K(202752K)
[145.202s][info][gc,heap        ] GC(294) ParOldGen: 4710399K(4710400K)->4710395K(4710400K)
[145.202s][info][gc,metaspace   ] GC(294) Metaspace: 6299K(6464K)->6297K(6464K) NonClass: 5765K(5824K)->5764K(5824K) Class: 533K(640K)->532K(640K)
[145.202s][info][gc             ] GC(294) Pause Full (Allocation Failure) 4735M->4735M(4872M) 2409.569ms
[145.202s][info][gc,cpu         ] GC(294) User=18.05s Sys=0.05s Real=2.41s
[145.203s][info][gc,start       ] GC(295) Pause Full (Ergonomics)
[145.203s][info][gc,phases,start] GC(295) Marking Phase
[146.363s][info][gc,phases      ] GC(295) Marking Phase 1160.568ms
[146.363s][info][gc,phases,start] GC(295) Summary Phase
[146.363s][info][gc,phases      ] GC(295) Summary Phase 0.053ms
[146.363s][info][gc,phases,start] GC(295) Adjust Roots
[146.363s][info][gc,phases      ] GC(295) Adjust Roots 0.173ms
[146.363s][info][gc,phases,start] GC(295) Compaction Phase
[146.727s][info][gc,phases      ] GC(295) Compaction Phase 363.862ms
[146.727s][info][gc,phases,start] GC(295) Post Compact
[146.735s][info][gc,phases      ] GC(295) Post Compact 7.260ms
[146.735s][info][gc,heap        ] GC(295) PSYoungGen: 138722K(279040K)->138722K(279040K) Eden: 76288K(76288K)->76288K(76288K) From: 62434K(202752K)->62434K(202752K)
[146.735s][info][gc,heap        ] GC(295) ParOldGen: 4710397K(4710400K)->4710397K(4710400K)
[146.735s][info][gc,metaspace   ] GC(295) Metaspace: 6297K(6464K)->6297K(6464K) NonClass: 5764K(5824K)->5764K(5824K) Class: 532K(640K)->532K(640K)
[146.735s][info][gc             ] GC(295) Pause Full (Ergonomics) 4735M->4735M(4872M) 1532.260ms
[146.735s][info][gc,cpu         ] GC(295) User=11.86s Sys=0.00s Real=1.53s
[146.735s][info][gc,start       ] GC(296) Pause Full (Ergonomics)
[146.735s][info][gc,phases,start] GC(296) Marking Phase
[147.948s][info][gc,phases      ] GC(296) Marking Phase 1212.735ms
[147.948s][info][gc,phases,start] GC(296) Summary Phase
[147.948s][info][gc,phases      ] GC(296) Summary Phase 0.062ms
[147.948s][info][gc,phases,start] GC(296) Adjust Roots
[147.948s][info][gc,phases      ] GC(296) Adjust Roots 0.185ms
[147.948s][info][gc,phases,start] GC(296) Compaction Phase
[148.312s][info][gc,phases      ] GC(296) Compaction Phase 364.054ms
[148.313s][info][gc,phases,start] GC(296) Post Compact
[148.320s][info][gc,phases      ] GC(296) Post Compact 7.416ms
[148.320s][info][gc,heap        ] GC(296) PSYoungGen: 138722K(279040K)->138722K(279040K) Eden: 76288K(76288K)->76288K(76288K) From: 62434K(202752K)->62434K(202752K)
[148.320s][info][gc,heap        ] GC(296) ParOldGen: 4710399K(4710400K)->4710399K(4710400K)
[148.320s][info][gc,metaspace   ] GC(296) Metaspace: 6297K(6464K)->6297K(6464K) NonClass: 5764K(5824K)->5764K(5824K) Class: 532K(640K)->532K(640K)
[148.320s][info][gc             ] GC(296) Pause Full (Ergonomics) 4735M->4735M(4872M) 1584.804ms
[148.320s][info][gc,cpu         ] GC(296) User=12.25s Sys=0.00s Real=1.58s
[148.320s][info][gc,start       ] GC(297) Pause Full (Allocation Failure)
[148.320s][info][gc,phases,start] GC(297) Marking Phase
[149.547s][info][gc,phases      ] GC(297) Marking Phase 1226.705ms
[149.547s][info][gc,phases,start] GC(297) Summary Phase
[149.547s][info][gc,phases      ] GC(297) Summary Phase 0.060ms
[149.547s][info][gc,phases,start] GC(297) Adjust Roots
[149.547s][info][gc,phases      ] GC(297) Adjust Roots 0.192ms
[149.547s][info][gc,phases,start] GC(297) Compaction Phase
[149.896s][info][gc,phases      ] GC(297) Compaction Phase 348.567ms
[149.896s][info][gc,phases,start] GC(297) Post Compact
[149.904s][info][gc,phases      ] GC(297) Post Compact 7.729ms
[149.904s][info][gc,heap        ] GC(297) PSYoungGen: 138722K(279040K)->138722K(279040K) Eden: 76288K(76288K)->76288K(76288K) From: 62434K(202752K)->62434K(202752K)
[149.904s][info][gc,heap        ] GC(297) ParOldGen: 4710399K(4710400K)->4710399K(4710400K)
[149.904s][info][gc,metaspace   ] GC(297) Metaspace: 6297K(6464K)->6297K(6464K) NonClass: 5764K(5824K)->5764K(5824K) Class: 532K(640K)->532K(640K)
[149.904s][info][gc             ] GC(297) Pause Full (Allocation Failure) 4735M->4735M(4872M) 1583.719ms
[149.904s][info][gc,cpu         ] GC(297) User=12.38s Sys=0.02s Real=1.58s
[149.904s][info][gc,start       ] GC(298) Pause Full (Ergonomics)
[149.904s][info][gc,phases,start] GC(298) Marking Phase
[151.087s][info][gc,phases      ] GC(298) Marking Phase 1182.648ms
[151.087s][info][gc,phases,start] GC(298) Summary Phase
[151.087s][info][gc,phases      ] GC(298) Summary Phase 0.054ms
[151.087s][info][gc,phases,start] GC(298) Adjust Roots
[151.087s][info][gc,phases      ] GC(298) Adjust Roots 0.253ms
[151.087s][info][gc,phases,start] GC(298) Compaction Phase
[152.310s][info][gc,phases      ] GC(298) Compaction Phase 1222.816ms
[152.310s][info][gc,phases,start] GC(298) Post Compact
[152.318s][info][gc,phases      ] GC(298) Post Compact 7.434ms
[152.318s][info][gc,heap        ] GC(298) PSYoungGen: 138722K(279040K)->138722K(279040K) Eden: 76288K(76288K)->76288K(76288K) From: 62434K(202752K)->62434K(202752K)
[152.318s][info][gc,heap        ] GC(298) ParOldGen: 4710400K(4710400K)->4710398K(4710400K)
[152.318s][info][gc,metaspace   ] GC(298) Metaspace: 6297K(6464K)->6297K(6464K) NonClass: 5764K(5824K)->5764K(5824K) Class: 532K(640K)->532K(640K)
[152.318s][info][gc             ] GC(298) Pause Full (Ergonomics) 4735M->4735M(4872M) 2413.578ms
[152.318s][info][gc,cpu         ] GC(298) User=17.98s Sys=0.02s Real=2.41s
[152.319s][info][gc,start       ] GC(299) Pause Full (Ergonomics)
[152.319s][info][gc,phases,start] GC(299) Marking Phase
[153.494s][info][gc,phases      ] GC(299) Marking Phase 1174.797ms
[153.494s][info][gc,phases,start] GC(299) Summary Phase
[153.494s][info][gc,phases      ] GC(299) Summary Phase 0.054ms
[153.494s][info][gc,phases,start] GC(299) Adjust Roots
[153.494s][info][gc,phases      ] GC(299) Adjust Roots 0.277ms
[153.494s][info][gc,phases,start] GC(299) Compaction Phase
[154.705s][info][gc,phases      ] GC(299) Compaction Phase 1210.991ms
[154.705s][info][gc,phases,start] GC(299) Post Compact
[154.713s][info][gc,phases      ] GC(299) Post Compact 7.194ms
[154.713s][info][gc,heap        ] GC(299) PSYoungGen: 138722K(279040K)->138722K(279040K) Eden: 76288K(76288K)->76288K(76288K) From: 62434K(202752K)->62434K(202752K)
[154.713s][info][gc,heap        ] GC(299) ParOldGen: 4710399K(4710400K)->4710397K(4710400K)
[154.713s][info][gc,metaspace   ] GC(299) Metaspace: 6299K(6464K)->6299K(6464K) NonClass: 5765K(5824K)->5765K(5824K) Class: 533K(640K)->533K(640K)
[154.713s][info][gc             ] GC(299) Pause Full (Ergonomics) 4735M->4735M(4872M) 2393.650ms
[154.713s][info][gc,cpu         ] GC(299) User=17.88s Sys=0.00s Real=2.39s
[154.713s][info][gc,start       ] GC(300) Pause Full (Ergonomics)
[154.713s][info][gc,phases,start] GC(300) Marking Phase
[155.870s][info][gc,phases      ] GC(300) Marking Phase 1157.107ms
[155.870s][info][gc,phases,start] GC(300) Summary Phase
[155.870s][info][gc,phases      ] GC(300) Summary Phase 0.057ms
[155.870s][info][gc,phases,start] GC(300) Adjust Roots
[155.871s][info][gc,phases      ] GC(300) Adjust Roots 0.265ms
[155.871s][info][gc,phases,start] GC(300) Compaction Phase
[157.082s][info][gc,phases      ] GC(300) Compaction Phase 1211.474ms
[157.082s][info][gc,phases,start] GC(300) Post Compact
[157.090s][info][gc,phases      ] GC(300) Post Compact 7.342ms
[157.090s][info][gc,heap        ] GC(300) PSYoungGen: 138722K(279040K)->138722K(279040K) Eden: 76288K(76288K)->76288K(76288K) From: 62434K(202752K)->62434K(202752K)
[157.090s][info][gc,heap        ] GC(300) ParOldGen: 4710397K(4710400K)->4710397K(4710400K)
[157.090s][info][gc,metaspace   ] GC(300) Metaspace: 6301K(6464K)->6301K(6464K) NonClass: 5766K(5824K)->5766K(5824K) Class: 534K(640K)->534K(640K)
[157.090s][info][gc             ] GC(300) Pause Full (Ergonomics) 4735M->4735M(4872M) 2376.631ms
[157.090s][info][gc,cpu         ] GC(300) User=17.72s Sys=0.03s Real=2.38s
[157.090s][info][gc,heap,exit   ] Heap
[157.090s][info][gc,heap,exit   ]  PSYoungGen      total 279040K, used 138722K [0x0000000770400000, 0x000000078de00000, 0x0000000800000000)
[157.090s][info][gc,heap,exit   ]   eden space 76288K, 100% used [0x0000000770400000,0x0000000774e80000,0x0000000774e80000)
[157.090s][info][gc,heap,exit   ]   from space 202752K, 30% used [0x0000000774e80000,0x0000000778b78a50,0x0000000781480000)
[157.090s][info][gc,heap,exit   ]   to   space 199680K, 0% used [0x0000000781b00000,0x0000000781b00000,0x000000078de00000)
[157.090s][info][gc,heap,exit   ]  ParOldGen       total 4710400K, used 4710397K [0x0000000650c00000, 0x0000000770400000, 0x0000000770400000)
[157.090s][info][gc,heap,exit   ]   object space 4710400K, 99% used [0x0000000650c00000,0x00000007703ff5e8,0x0000000770400000)
[157.090s][info][gc,heap,exit   ]  Metaspace       used 6302K, committed 6464K, reserved 1114112K
[157.090s][info][gc,heap,exit   ]   class space    used 534K, committed 640K, reserved 1048576K
