[0.013s][info][gc,init] CardTable entry size: 512
[0.013s][info][gc     ] Using Parallel
[0.014s][info][gc,init] Version: 18.0.1+10 (release)
[0.014s][info][gc,init] CPUs: 8 total, 8 available
[0.014s][info][gc,init] Memory: 16063M
[0.014s][info][gc,init] Large Page Support: Disabled
[0.014s][info][gc,init] NUMA Support: Disabled
[0.014s][info][gc,init] Compressed Oops: Enabled (Zero based)
[0.014s][info][gc,init] Alignments: Space 512K, Generation 512K, Heap 2M
[0.014s][info][gc,init] Heap Min Capacity: 2M
[0.014s][info][gc,init] Heap Initial Capacity: 2M
[0.014s][info][gc,init] Heap Max Capacity: 10400M
[0.015s][info][gc,init] Pre-touch: Disabled
[0.015s][info][gc,init] Parallel Workers: 8
[0.015s][info][gc,metaspace] CDS archive(s) not mapped
[0.015s][info][gc,metaspace] Compressed class space mapped at: 0x0000000800000000-0x0000000840000000, reserved size: 1073741824
[0.015s][info][gc,metaspace] Narrow klass base: 0x0000000800000000, Narrow klass shift: 0, Narrow klass range: 0x40000000
[0.111s][info][gc,start    ] GC(0) Pause Young (Allocation Failure)
[0.113s][info][gc,heap     ] GC(0) PSYoungGen: 512K(1024K)->480K(1024K) Eden: 512K(512K)->0K(512K) From: 0K(512K)->480K(512K)
[0.113s][info][gc,heap     ] GC(0) ParOldGen: 0K(512K)->8K(512K)
[0.113s][info][gc,metaspace] GC(0) Metaspace: 4229K(4352K)->4229K(4352K) NonClass: 3908K(3968K)->3908K(3968K) Class: 321K(384K)->321K(384K)
[0.113s][info][gc          ] GC(0) Pause Young (Allocation Failure) 0M->0M(1M) 1.365ms
[0.113s][info][gc,cpu      ] GC(0) User=0.00s Sys=0.00s Real=0.00s
[0.173s][info][gc,start    ] GC(1) Pause Young (Allocation Failure)
[0.174s][info][gc,heap     ] GC(1) PSYoungGen: 991K(1024K)->512K(1536K) Eden: 511K(512K)->0K(1024K) From: 480K(512K)->512K(512K)
[0.174s][info][gc,heap     ] GC(1) ParOldGen: 8K(512K)->80K(512K)
[0.174s][info][gc,metaspace] GC(1) Metaspace: 5877K(6016K)->5877K(6016K) NonClass: 5380K(5504K)->5380K(5504K) Class: 496K(512K)->496K(512K)
[0.174s][info][gc          ] GC(1) Pause Young (Allocation Failure) 0M->0M(2M) 0.908ms
[0.174s][info][gc,cpu      ] GC(1) User=0.00s Sys=0.00s Real=0.00s
[0.193s][info][gc,start    ] GC(2) Pause Young (Allocation Failure)
[0.194s][info][gc,heap     ] GC(2) PSYoungGen: 1536K(1536K)->512K(1536K) Eden: 1024K(1024K)->0K(1024K) From: 512K(512K)->512K(512K)
[0.194s][info][gc,heap     ] GC(2) ParOldGen: 80K(512K)->496K(512K)
[0.194s][info][gc,metaspace] GC(2) Metaspace: 6297K(6464K)->6297K(6464K) NonClass: 5764K(5824K)->5764K(5824K) Class: 533K(640K)->533K(640K)
[0.194s][info][gc          ] GC(2) Pause Young (Allocation Failure) 1M->0M(2M) 1.150ms
[0.194s][info][gc,cpu      ] GC(2) User=0.00s Sys=0.00s Real=0.00s
[0.194s][info][gc,start    ] GC(3) Pause Full (Ergonomics)
[0.194s][info][gc,phases,start] GC(3) Marking Phase
[0.195s][info][gc,phases      ] GC(3) Marking Phase 0.861ms
[0.195s][info][gc,phases,start] GC(3) Summary Phase
[0.195s][info][gc,phases      ] GC(3) Summary Phase 0.015ms
[0.195s][info][gc,phases,start] GC(3) Adjust Roots
[0.195s][info][gc,phases      ] GC(3) Adjust Roots 0.317ms
[0.196s][info][gc,phases,start] GC(3) Compaction Phase
[0.197s][info][gc,phases      ] GC(3) Compaction Phase 1.644ms
[0.197s][info][gc,phases,start] GC(3) Post Compact
[0.197s][info][gc,phases      ] GC(3) Post Compact 0.070ms
[0.197s][info][gc,heap        ] GC(3) PSYoungGen: 512K(1536K)->511K(1536K) Eden: 0K(1024K)->0K(1024K) From: 512K(512K)->511K(512K)
[0.197s][info][gc,heap        ] GC(3) ParOldGen: 496K(512K)->469K(2048K)
[0.197s][info][gc,metaspace   ] GC(3) Metaspace: 6297K(6464K)->6297K(6464K) NonClass: 5764K(5824K)->5764K(5824K) Class: 533K(640K)->533K(640K)
[0.197s][info][gc             ] GC(3) Pause Full (Ergonomics) 0M->0M(3M) 3.121ms
[0.197s][info][gc,cpu         ] GC(3) User=0.00s Sys=0.00s Real=0.00s
[0.199s][info][gc,start       ] GC(4) Pause Young (Allocation Failure)
[0.200s][info][gc,heap        ] GC(4) PSYoungGen: 1535K(1536K)->480K(2560K) Eden: 1024K(1024K)->0K(2048K) From: 511K(512K)->480K(512K)
[0.200s][info][gc,heap        ] GC(4) ParOldGen: 469K(2048K)->1029K(2048K)
[0.200s][info][gc,metaspace   ] GC(4) Metaspace: 6297K(6464K)->6297K(6464K) NonClass: 5764K(5824K)->5764K(5824K) Class: 533K(640K)->533K(640K)
[0.200s][info][gc             ] GC(4) Pause Young (Allocation Failure) 1M->1M(4M) 1.342ms
[0.200s][info][gc,cpu         ] GC(4) User=0.00s Sys=0.00s Real=0.00s
[0.203s][info][gc,start       ] GC(5) Pause Young (Allocation Failure)
[0.205s][info][gc,heap        ] GC(5) PSYoungGen: 2528K(2560K)->480K(2560K) Eden: 2048K(2048K)->0K(2048K) From: 480K(512K)->480K(512K)
[0.205s][info][gc,heap        ] GC(5) ParOldGen: 1029K(2048K)->2101K(2560K)
[0.205s][info][gc,metaspace   ] GC(5) Metaspace: 6297K(6464K)->6297K(6464K) NonClass: 5764K(5824K)->5764K(5824K) Class: 533K(640K)->533K(640K)
[0.205s][info][gc             ] GC(5) Pause Young (Allocation Failure) 3M->2M(5M) 1.816ms
[0.205s][info][gc,cpu         ] GC(5) User=0.00s Sys=0.00s Real=0.00s
[0.205s][info][gc,start       ] GC(6) Pause Full (Ergonomics)
[0.205s][info][gc,phases,start] GC(6) Marking Phase
[0.207s][info][gc,phases      ] GC(6) Marking Phase 1.533ms
[0.207s][info][gc,phases,start] GC(6) Summary Phase
[0.207s][info][gc,phases      ] GC(6) Summary Phase 0.017ms
[0.207s][info][gc,phases,start] GC(6) Adjust Roots
[0.207s][info][gc,phases      ] GC(6) Adjust Roots 0.331ms
[0.207s][info][gc,phases,start] GC(6) Compaction Phase
[0.209s][info][gc,phases      ] GC(6) Compaction Phase 2.037ms
[0.209s][info][gc,phases,start] GC(6) Post Compact
[0.209s][info][gc,phases      ] GC(6) Post Compact 0.032ms
[0.209s][info][gc,heap        ] GC(6) PSYoungGen: 480K(2560K)->0K(4096K) Eden: 0K(2048K)->0K(3072K) From: 480K(512K)->0K(1024K)
[0.210s][info][gc,heap        ] GC(6) ParOldGen: 2101K(2560K)->2542K(6144K)
[0.210s][info][gc,metaspace   ] GC(6) Metaspace: 6297K(6464K)->6297K(6464K) NonClass: 5764K(5824K)->5764K(5824K) Class: 533K(640K)->533K(640K)
[0.210s][info][gc             ] GC(6) Pause Full (Ergonomics) 2M->2M(10M) 4.285ms
[0.210s][info][gc,cpu         ] GC(6) User=0.00s Sys=0.00s Real=0.00s
[0.214s][info][gc,start       ] GC(7) Pause Young (Allocation Failure)
[0.215s][info][gc,heap        ] GC(7) PSYoungGen: 3072K(4096K)->1664K(5120K) Eden: 3072K(3072K)->0K(3072K) From: 0K(1024K)->1664K(2048K)
[0.215s][info][gc,heap        ] GC(7) ParOldGen: 2542K(6144K)->2542K(6144K)
[0.215s][info][gc,metaspace   ] GC(7) Metaspace: 6297K(6464K)->6297K(6464K) NonClass: 5764K(5824K)->5764K(5824K) Class: 533K(640K)->533K(640K)
[0.215s][info][gc             ] GC(7) Pause Young (Allocation Failure) 5M->4M(11M) 1.703ms
[0.215s][info][gc,cpu         ] GC(7) User=0.00s Sys=0.00s Real=0.00s
[0.220s][info][gc,start       ] GC(8) Pause Young (Allocation Failure)
[0.223s][info][gc,heap        ] GC(8) PSYoungGen: 4736K(5120K)->2016K(5632K) Eden: 3072K(3072K)->0K(3584K) From: 1664K(2048K)->2016K(2048K)
[0.223s][info][gc,heap        ] GC(8) ParOldGen: 2542K(6144K)->3774K(6144K)
[0.223s][info][gc,metaspace   ] GC(8) Metaspace: 6297K(6464K)->6297K(6464K) NonClass: 5764K(5824K)->5764K(5824K) Class: 533K(640K)->533K(640K)
[0.223s][info][gc             ] GC(8) Pause Young (Allocation Failure) 7M->5M(11M) 3.137ms
[0.223s][info][gc,cpu         ] GC(8) User=0.00s Sys=0.00s Real=0.00s
[0.229s][info][gc,start       ] GC(9) Pause Young (Allocation Failure)
[0.232s][info][gc,heap        ] GC(9) PSYoungGen: 5600K(5632K)->3040K(6656K) Eden: 3584K(3584K)->0K(3584K) From: 2016K(2048K)->3040K(3072K)
[0.232s][info][gc,heap        ] GC(9) ParOldGen: 3774K(6144K)->4614K(6144K)
[0.232s][info][gc,metaspace   ] GC(9) Metaspace: 6297K(6464K)->6297K(6464K) NonClass: 5764K(5824K)->5764K(5824K) Class: 533K(640K)->533K(640K)
[0.232s][info][gc             ] GC(9) Pause Young (Allocation Failure) 9M->7M(12M) 3.402ms
[0.232s][info][gc,cpu         ] GC(9) User=0.02s Sys=0.00s Real=0.00s
[0.237s][info][gc,start       ] GC(10) Pause Young (Allocation Failure)
[0.241s][info][gc,heap        ] GC(10) PSYoungGen: 6624K(6656K)->4064K(8704K) Eden: 3584K(3584K)->0K(4608K) From: 3040K(3072K)->4064K(4096K)
[0.241s][info][gc,heap        ] GC(10) ParOldGen: 4614K(6144K)->5454K(6144K)
[0.242s][info][gc,metaspace   ] GC(10) Metaspace: 6297K(6464K)->6297K(6464K) NonClass: 5764K(5824K)->5764K(5824K) Class: 533K(640K)->533K(640K)
[0.242s][info][gc             ] GC(10) Pause Young (Allocation Failure) 10M->9M(14M) 5.150ms
[0.242s][info][gc,cpu         ] GC(10) User=0.00s Sys=0.00s Real=0.01s
[0.242s][info][gc,start       ] GC(11) Pause Full (Ergonomics)
[0.242s][info][gc,phases,start] GC(11) Marking Phase
[0.246s][info][gc,phases      ] GC(11) Marking Phase 4.364ms
[0.246s][info][gc,phases,start] GC(11) Summary Phase
[0.246s][info][gc,phases      ] GC(11) Summary Phase 0.016ms
[0.246s][info][gc,phases,start] GC(11) Adjust Roots
[0.247s][info][gc,phases      ] GC(11) Adjust Roots 0.374ms
[0.247s][info][gc,phases,start] GC(11) Compaction Phase
[0.253s][info][gc,phases      ] GC(11) Compaction Phase 6.372ms
[0.253s][info][gc,phases,start] GC(11) Post Compact
[0.253s][info][gc,phases      ] GC(11) Post Compact 0.056ms
[0.253s][info][gc,heap        ] GC(11) PSYoungGen: 4064K(8704K)->3545K(8704K) Eden: 0K(4608K)->0K(4608K) From: 4064K(4096K)->3545K(4096K)
[0.253s][info][gc,heap        ] GC(11) ParOldGen: 5454K(6144K)->5831K(10752K)
[0.253s][info][gc,metaspace   ] GC(11) Metaspace: 6297K(6464K)->6297K(6464K) NonClass: 5764K(5824K)->5764K(5824K) Class: 533K(640K)->533K(640K)
[0.253s][info][gc             ] GC(11) Pause Full (Ergonomics) 9M->9M(19M) 11.465ms
[0.253s][info][gc,cpu         ] GC(11) User=0.02s Sys=0.00s Real=0.01s
[0.258s][info][gc,start       ] GC(12) Pause Young (Allocation Failure)
[0.262s][info][gc,heap        ] GC(12) PSYoungGen: 8013K(8704K)->5088K(9728K) Eden: 4468K(4608K)->0K(4608K) From: 3545K(4096K)->5088K(5120K)
[0.262s][info][gc,heap        ] GC(12) ParOldGen: 5831K(10752K)->6615K(10752K)
[0.262s][info][gc,metaspace   ] GC(12) Metaspace: 6297K(6464K)->6297K(6464K) NonClass: 5764K(5824K)->5764K(5824K) Class: 533K(640K)->533K(640K)
[0.262s][info][gc             ] GC(12) Pause Young (Allocation Failure) 13M->11M(20M) 3.872ms
[0.262s][info][gc,cpu         ] GC(12) User=0.00s Sys=0.00s Real=0.00s
[0.269s][info][gc,start       ] GC(13) Pause Young (Allocation Failure)
[0.275s][info][gc,heap        ] GC(13) PSYoungGen: 9696K(9728K)->6112K(11264K) Eden: 4608K(4608K)->0K(5120K) From: 5088K(5120K)->6112K(6144K)
[0.275s][info][gc,heap        ] GC(13) ParOldGen: 6615K(10752K)->7983K(10752K)
[0.275s][info][gc,metaspace   ] GC(13) Metaspace: 6297K(6464K)->6297K(6464K) NonClass: 5764K(5824K)->5764K(5824K) Class: 533K(640K)->533K(640K)
[0.275s][info][gc             ] GC(13) Pause Young (Allocation Failure) 15M->13M(21M) 5.906ms
[0.275s][info][gc,cpu         ] GC(13) User=0.00s Sys=0.00s Real=0.01s
[0.280s][info][gc,start       ] GC(14) Pause Young (Allocation Failure)
[0.285s][info][gc,heap        ] GC(14) PSYoungGen: 11232K(11264K)->5216K(12800K) Eden: 5120K(5120K)->0K(5120K) From: 6112K(6144K)->5216K(7680K)
[0.285s][info][gc,heap        ] GC(14) ParOldGen: 7983K(10752K)->11575K(11776K)
[0.285s][info][gc,metaspace   ] GC(14) Metaspace: 6299K(6464K)->6299K(6464K) NonClass: 5766K(5824K)->5766K(5824K) Class: 533K(640K)->533K(640K)
[0.285s][info][gc             ] GC(14) Pause Young (Allocation Failure) 18M->16M(24M) 5.237ms
[0.285s][info][gc,cpu         ] GC(14) User=0.00s Sys=0.00s Real=0.01s
[0.285s][info][gc,start       ] GC(15) Pause Full (Ergonomics)
[0.285s][info][gc,phases,start] GC(15) Marking Phase
[0.292s][info][gc,phases      ] GC(15) Marking Phase 6.885ms
[0.292s][info][gc,phases,start] GC(15) Summary Phase
[0.292s][info][gc,phases      ] GC(15) Summary Phase 0.015ms
[0.292s][info][gc,phases,start] GC(15) Adjust Roots
[0.292s][info][gc,phases      ] GC(15) Adjust Roots 0.252ms
[0.292s][info][gc,phases,start] GC(15) Compaction Phase
[0.300s][info][gc,phases      ] GC(15) Compaction Phase 7.380ms
[0.300s][info][gc,phases,start] GC(15) Post Compact
[0.300s][info][gc,phases      ] GC(15) Post Compact 0.072ms
[0.300s][info][gc,heap        ] GC(15) PSYoungGen: 5216K(12800K)->5192K(12800K) Eden: 0K(5120K)->0K(5120K) From: 5216K(7680K)->5192K(7680K)
[0.300s][info][gc,heap        ] GC(15) ParOldGen: 11575K(11776K)->11458K(18432K)
[0.300s][info][gc,metaspace   ] GC(15) Metaspace: 6299K(6464K)->6299K(6464K) NonClass: 5766K(5824K)->5766K(5824K) Class: 533K(640K)->533K(640K)
[0.300s][info][gc             ] GC(15) Pause Full (Ergonomics) 16M->16M(30M) 14.906ms
[0.300s][info][gc,cpu         ] GC(15) User=0.00s Sys=0.00s Real=0.01s
[0.303s][info][gc,start       ] GC(16) Pause Young (Allocation Failure)
[0.309s][info][gc,heap        ] GC(16) PSYoungGen: 10312K(12800K)->2656K(14336K) Eden: 5120K(5120K)->0K(7168K) From: 5192K(7680K)->2656K(7168K)
[0.309s][info][gc,heap        ] GC(16) ParOldGen: 11458K(18432K)->16730K(18432K)
[0.309s][info][gc,metaspace   ] GC(16) Metaspace: 6299K(6464K)->6299K(6464K) NonClass: 5766K(5824K)->5766K(5824K) Class: 533K(640K)->533K(640K)
[0.309s][info][gc             ] GC(16) Pause Young (Allocation Failure) 21M->18M(32M) 5.889ms
[0.309s][info][gc,cpu         ] GC(16) User=0.02s Sys=0.00s Real=0.01s
[0.309s][info][gc,start       ] GC(17) Pause Full (Ergonomics)
[0.309s][info][gc,phases,start] GC(17) Marking Phase
[0.317s][info][gc,phases      ] GC(17) Marking Phase 7.840ms
[0.317s][info][gc,phases,start] GC(17) Summary Phase
[0.317s][info][gc,phases      ] GC(17) Summary Phase 0.018ms
[0.317s][info][gc,phases,start] GC(17) Adjust Roots
[0.317s][info][gc,phases      ] GC(17) Adjust Roots 0.226ms
[0.317s][info][gc,phases,start] GC(17) Compaction Phase
[0.324s][info][gc,phases      ] GC(17) Compaction Phase 6.662ms
[0.324s][info][gc,phases,start] GC(17) Post Compact
[0.324s][info][gc,phases      ] GC(17) Post Compact 0.087ms
[0.324s][info][gc,heap        ] GC(17) PSYoungGen: 2656K(14336K)->1105K(14848K) Eden: 0K(7168K)->0K(7680K) From: 2656K(7168K)->1105K(7168K)
[0.324s][info][gc,heap        ] GC(17) ParOldGen: 16730K(18432K)->18183K(27648K)
[0.324s][info][gc,metaspace   ] GC(17) Metaspace: 6299K(6464K)->6299K(6464K) NonClass: 5766K(5824K)->5766K(5824K) Class: 533K(640K)->533K(640K)
[0.325s][info][gc             ] GC(17) Pause Full (Ergonomics) 18M->18M(41M) 15.247ms
[0.325s][info][gc,cpu         ] GC(17) User=0.00s Sys=0.00s Real=0.02s
[0.329s][info][gc,start       ] GC(18) Pause Young (Allocation Failure)
[0.334s][info][gc,heap        ] GC(18) PSYoungGen: 7799K(14848K)->3424K(15360K) Eden: 6694K(7680K)->0K(7680K) From: 1105K(7168K)->3424K(7680K)
[0.334s][info][gc,heap        ] GC(18) ParOldGen: 18183K(27648K)->19319K(27648K)
[0.334s][info][gc,metaspace   ] GC(18) Metaspace: 6299K(6464K)->6299K(6464K) NonClass: 5766K(5824K)->5766K(5824K) Class: 533K(640K)->533K(640K)
[0.334s][info][gc             ] GC(18) Pause Young (Allocation Failure) 25M->22M(42M) 4.889ms
[0.334s][info][gc,cpu         ] GC(18) User=0.00s Sys=0.00s Real=0.01s
[0.342s][info][gc,start       ] GC(19) Pause Young (Allocation Failure)
[0.348s][info][gc,heap        ] GC(19) PSYoungGen: 11103K(15360K)->7648K(16896K) Eden: 7679K(7680K)->0K(9216K) From: 3424K(7680K)->7648K(7680K)
[0.349s][info][gc,heap        ] GC(19) ParOldGen: 19319K(27648K)->19543K(27648K)
[0.349s][info][gc,metaspace   ] GC(19) Metaspace: 6299K(6464K)->6299K(6464K) NonClass: 5766K(5824K)->5766K(5824K) Class: 533K(640K)->533K(640K)
[0.349s][info][gc             ] GC(19) Pause Young (Allocation Failure) 29M->26M(43M) 6.636ms
[0.349s][info][gc,cpu         ] GC(19) User=0.00s Sys=0.00s Real=0.01s
[0.354s][info][gc,start       ] GC(20) Pause Young (Allocation Failure)
[0.362s][info][gc,heap        ] GC(20) PSYoungGen: 16864K(16896K)->4800K(17920K) Eden: 9216K(9216K)->0K(9216K) From: 7648K(7680K)->4800K(8704K)
[0.362s][info][gc,heap        ] GC(20) ParOldGen: 19543K(27648K)->27295K(27648K)
[0.362s][info][gc,metaspace   ] GC(20) Metaspace: 6299K(6464K)->6299K(6464K) NonClass: 5766K(5824K)->5766K(5824K) Class: 533K(640K)->533K(640K)
[0.362s][info][gc             ] GC(20) Pause Young (Allocation Failure) 35M->31M(44M) 7.923ms
[0.362s][info][gc,cpu         ] GC(20) User=0.00s Sys=0.00s Real=0.01s
[0.362s][info][gc,start       ] GC(21) Pause Full (Ergonomics)
[0.362s][info][gc,phases,start] GC(21) Marking Phase
[0.376s][info][gc,phases      ] GC(21) Marking Phase 13.677ms
[0.376s][info][gc,phases,start] GC(21) Summary Phase
[0.376s][info][gc,phases      ] GC(21) Summary Phase 0.019ms
[0.376s][info][gc,phases,start] GC(21) Adjust Roots
[0.376s][info][gc,phases      ] GC(21) Adjust Roots 0.206ms
[0.376s][info][gc,phases,start] GC(21) Compaction Phase
[0.389s][info][gc,phases      ] GC(21) Compaction Phase 13.117ms
[0.389s][info][gc,phases,start] GC(21) Post Compact
[0.390s][info][gc,phases      ] GC(21) Post Compact 0.116ms
[0.390s][info][gc,heap        ] GC(21) PSYoungGen: 4800K(17920K)->4249K(17920K) Eden: 0K(9216K)->0K(9216K) From: 4800K(8704K)->4249K(8704K)
[0.390s][info][gc,heap        ] GC(21) ParOldGen: 27295K(27648K)->27139K(39424K)
[0.390s][info][gc,metaspace   ] GC(21) Metaspace: 6299K(6464K)->6299K(6464K) NonClass: 5766K(5824K)->5766K(5824K) Class: 533K(640K)->533K(640K)
[0.390s][info][gc             ] GC(21) Pause Full (Ergonomics) 31M->30M(56M) 27.645ms
[0.390s][info][gc,cpu         ] GC(21) User=0.00s Sys=0.00s Real=0.03s
[0.398s][info][gc,start       ] GC(22) Pause Young (Allocation Failure)
[0.408s][info][gc,heap        ] GC(22) PSYoungGen: 13465K(17920K)->7648K(19456K) Eden: 9216K(9216K)->0K(10752K) From: 4249K(8704K)->7648K(8704K)
[0.408s][info][gc,heap        ] GC(22) ParOldGen: 27139K(39424K)->31467K(39424K)
[0.408s][info][gc,metaspace   ] GC(22) Metaspace: 6299K(6464K)->6299K(6464K) NonClass: 5766K(5824K)->5766K(5824K) Class: 533K(640K)->533K(640K)
[0.408s][info][gc             ] GC(22) Pause Young (Allocation Failure) 39M->38M(57M) 10.336ms
[0.408s][info][gc,cpu         ] GC(22) User=0.00s Sys=0.00s Real=0.01s
[0.423s][info][gc,start       ] GC(23) Pause Young (Allocation Failure)
[0.436s][info][gc,heap        ] GC(23) PSYoungGen: 18400K(19456K)->9696K(20480K) Eden: 10752K(10752K)->0K(10752K) From: 7648K(8704K)->9696K(9728K)
[0.436s][info][gc,heap        ] GC(23) ParOldGen: 31467K(39424K)->40275K(40448K)
[0.436s][info][gc,metaspace   ] GC(23) Metaspace: 6299K(6464K)->6299K(6464K) NonClass: 5766K(5824K)->5766K(5824K) Class: 533K(640K)->533K(640K)
[0.436s][info][gc             ] GC(23) Pause Young (Allocation Failure) 48M->48M(59M) 13.473ms
[0.436s][info][gc,cpu         ] GC(23) User=0.00s Sys=0.02s Real=0.01s
[0.436s][info][gc,start       ] GC(24) Pause Full (Ergonomics)
[0.436s][info][gc,phases,start] GC(24) Marking Phase
[0.456s][info][gc,phases      ] GC(24) Marking Phase 19.143ms
[0.456s][info][gc,phases,start] GC(24) Summary Phase
[0.456s][info][gc,phases      ] GC(24) Summary Phase 0.015ms
[0.456s][info][gc,phases,start] GC(24) Adjust Roots
[0.456s][info][gc,phases      ] GC(24) Adjust Roots 0.161ms
[0.456s][info][gc,phases,start] GC(24) Compaction Phase
[0.470s][info][gc,phases      ] GC(24) Compaction Phase 14.270ms
[0.470s][info][gc,phases,start] GC(24) Post Compact
[0.470s][info][gc,phases      ] GC(24) Post Compact 0.153ms
[0.470s][info][gc,heap        ] GC(24) PSYoungGen: 9696K(20480K)->9681K(20480K) Eden: 0K(10752K)->0K(10752K) From: 9696K(9728K)->9681K(9728K)
[0.470s][info][gc,heap        ] GC(24) ParOldGen: 40275K(40448K)->39023K(54784K)
[0.470s][info][gc,metaspace   ] GC(24) Metaspace: 6299K(6464K)->6299K(6464K) NonClass: 5766K(5824K)->5766K(5824K) Class: 533K(640K)->533K(640K)
[0.470s][info][gc             ] GC(24) Pause Full (Ergonomics) 48M->47M(73M) 34.057ms
[0.470s][info][gc,cpu         ] GC(24) User=0.03s Sys=0.00s Real=0.03s
[0.480s][info][gc,start       ] GC(25) Pause Young (Allocation Failure)
[0.497s][info][gc,heap        ] GC(25) PSYoungGen: 20433K(20480K)->10784K(26624K) Eden: 10752K(10752K)->0K(12288K) From: 9681K(9728K)->10784K(14336K)
[0.498s][info][gc,heap        ] GC(25) ParOldGen: 39023K(54784K)->48831K(54784K)
[0.498s][info][gc,metaspace   ] GC(25) Metaspace: 6299K(6464K)->6299K(6464K) NonClass: 5766K(5824K)->5766K(5824K) Class: 533K(640K)->533K(640K)
[0.498s][info][gc             ] GC(25) Pause Young (Allocation Failure) 58M->58M(79M) 17.339ms
[0.498s][info][gc,cpu         ] GC(25) User=0.02s Sys=0.00s Real=0.02s
[0.498s][info][gc,start       ] GC(26) Pause Full (Ergonomics)
[0.498s][info][gc,phases,start] GC(26) Marking Phase
[0.520s][info][gc,phases      ] GC(26) Marking Phase 22.352ms
[0.520s][info][gc,phases,start] GC(26) Summary Phase
[0.520s][info][gc,phases      ] GC(26) Summary Phase 0.028ms
[0.520s][info][gc,phases,start] GC(26) Adjust Roots
[0.520s][info][gc,phases      ] GC(26) Adjust Roots 0.161ms
[0.520s][info][gc,phases,start] GC(26) Compaction Phase
[0.538s][info][gc,phases      ] GC(26) Compaction Phase 18.066ms
[0.538s][info][gc,phases,start] GC(26) Post Compact
[0.539s][info][gc,phases      ] GC(26) Post Compact 0.206ms
[0.539s][info][gc,heap        ] GC(26) PSYoungGen: 10784K(26624K)->5098K(26624K) Eden: 0K(12288K)->0K(12288K) From: 10784K(14336K)->5098K(14336K)
[0.539s][info][gc,heap        ] GC(26) ParOldGen: 48831K(54784K)->54326K(73728K)
[0.539s][info][gc,metaspace   ] GC(26) Metaspace: 6299K(6464K)->6299K(6464K) NonClass: 5766K(5824K)->5766K(5824K) Class: 533K(640K)->533K(640K)
[0.539s][info][gc             ] GC(26) Pause Full (Ergonomics) 58M->58M(98M) 41.236ms
[0.539s][info][gc,cpu         ] GC(26) User=0.03s Sys=0.00s Real=0.04s
[0.550s][info][gc,start       ] GC(27) Pause Young (Allocation Failure)
[0.566s][info][gc,heap        ] GC(27) PSYoungGen: 17386K(26624K)->12288K(27648K) Eden: 12288K(12288K)->0K(12288K) From: 5098K(14336K)->12288K(15360K)
[0.566s][info][gc,heap        ] GC(27) ParOldGen: 54326K(73728K)->59510K(73728K)
[0.566s][info][gc,metaspace   ] GC(27) Metaspace: 6299K(6464K)->6299K(6464K) NonClass: 5766K(5824K)->5766K(5824K) Class: 533K(640K)->533K(640K)
[0.566s][info][gc             ] GC(27) Pause Young (Allocation Failure) 70M->70M(99M) 15.527ms
[0.566s][info][gc,cpu         ] GC(27) User=0.00s Sys=0.00s Real=0.01s
[0.578s][info][gc,start       ] GC(28) Pause Young (Allocation Failure)
[0.595s][info][gc,heap        ] GC(28) PSYoungGen: 24576K(27648K)->16896K(26112K) Eden: 12288K(12288K)->0K(9216K) From: 12288K(15360K)->16896K(16896K)
[0.595s][info][gc,heap        ] GC(28) ParOldGen: 59510K(73728K)->67278K(73728K)
[0.595s][info][gc,metaspace   ] GC(28) Metaspace: 6299K(6464K)->6299K(6464K) NonClass: 5766K(5824K)->5766K(5824K) Class: 533K(640K)->533K(640K)
[0.596s][info][gc             ] GC(28) Pause Young (Allocation Failure) 82M->82M(97M) 17.749ms
[0.596s][info][gc,cpu         ] GC(28) User=0.03s Sys=0.00s Real=0.02s
[0.596s][info][gc,start       ] GC(29) Pause Full (Ergonomics)
[0.596s][info][gc,phases,start] GC(29) Marking Phase
[0.629s][info][gc,phases      ] GC(29) Marking Phase 33.269ms
[0.629s][info][gc,phases,start] GC(29) Summary Phase
[0.629s][info][gc,phases      ] GC(29) Summary Phase 0.016ms
[0.629s][info][gc,phases,start] GC(29) Adjust Roots
[0.629s][info][gc,phases      ] GC(29) Adjust Roots 0.239ms
[0.629s][info][gc,phases,start] GC(29) Compaction Phase
[0.650s][info][gc,phases      ] GC(29) Compaction Phase 20.464ms
[0.650s][info][gc,phases,start] GC(29) Post Compact
[0.650s][info][gc,phases      ] GC(29) Post Compact 0.452ms
[0.650s][info][gc,heap        ] GC(29) PSYoungGen: 16896K(26112K)->10219K(26112K) Eden: 0K(9216K)->0K(9216K) From: 16896K(16896K)->10219K(16896K)
[0.650s][info][gc,heap        ] GC(29) ParOldGen: 67278K(73728K)->73716K(95232K)
[0.650s][info][gc,metaspace   ] GC(29) Metaspace: 6299K(6464K)->6299K(6464K) NonClass: 5766K(5824K)->5766K(5824K) Class: 533K(640K)->533K(640K)
[0.651s][info][gc             ] GC(29) Pause Full (Ergonomics) 82M->81M(118M) 54.904ms
[0.651s][info][gc,cpu         ] GC(29) User=0.05s Sys=0.02s Real=0.06s
[0.667s][info][gc,start       ] GC(30) Pause Young (Allocation Failure)
[0.685s][info][gc,heap        ] GC(30) PSYoungGen: 19435K(26112K)->9248K(31744K) Eden: 9216K(9216K)->0K(9216K) From: 10219K(16896K)->9248K(22528K)
[0.685s][info][gc,heap        ] GC(30) ParOldGen: 73716K(95232K)->84108K(95232K)
[0.685s][info][gc,metaspace   ] GC(30) Metaspace: 6299K(6464K)->6299K(6464K) NonClass: 5766K(5824K)->5766K(5824K) Class: 533K(640K)->533K(640K)
[0.685s][info][gc             ] GC(30) Pause Young (Allocation Failure) 90M->91M(124M) 17.612ms
[0.685s][info][gc,cpu         ] GC(30) User=0.03s Sys=0.00s Real=0.02s
[0.685s][info][gc,start       ] GC(31) Pause Full (Ergonomics)
[0.685s][info][gc,phases,start] GC(31) Marking Phase
[0.723s][info][gc,phases      ] GC(31) Marking Phase 37.343ms
[0.723s][info][gc,phases,start] GC(31) Summary Phase
[0.723s][info][gc,phases      ] GC(31) Summary Phase 0.017ms
[0.723s][info][gc,phases,start] GC(31) Adjust Roots
[0.723s][info][gc,phases      ] GC(31) Adjust Roots 0.158ms
[0.723s][info][gc,phases,start] GC(31) Compaction Phase
[0.750s][info][gc,phases      ] GC(31) Compaction Phase 27.498ms
[0.750s][info][gc,phases,start] GC(31) Post Compact
[0.751s][info][gc,phases      ] GC(31) Post Compact 0.408ms
[0.751s][info][gc,heap        ] GC(31) PSYoungGen: 9248K(31744K)->0K(32768K) Eden: 0K(9216K)->0K(11264K) From: 9248K(22528K)->0K(21504K)
[0.751s][info][gc,heap        ] GC(31) ParOldGen: 84108K(95232K)->91088K(116224K)
[0.751s][info][gc,metaspace   ] GC(31) Metaspace: 6299K(6464K)->6299K(6464K) NonClass: 5766K(5824K)->5766K(5824K) Class: 533K(640K)->533K(640K)
[0.751s][info][gc             ] GC(31) Pause Full (Ergonomics) 91M->88M(145M) 65.799ms
[0.751s][info][gc,cpu         ] GC(31) User=0.09s Sys=0.00s Real=0.07s
[0.762s][info][gc,start       ] GC(32) Pause Young (Allocation Failure)
[0.769s][info][gc,heap        ] GC(32) PSYoungGen: 11264K(32768K)->11296K(32768K) Eden: 11264K(11264K)->0K(11264K) From: 0K(21504K)->11296K(21504K)
[0.769s][info][gc,heap        ] GC(32) ParOldGen: 91088K(116224K)->91088K(116224K)
[0.769s][info][gc,metaspace   ] GC(32) Metaspace: 6299K(6464K)->6299K(6464K) NonClass: 5766K(5824K)->5766K(5824K) Class: 533K(640K)->533K(640K)
[0.769s][info][gc             ] GC(32) Pause Young (Allocation Failure) 99M->99M(145M) 7.000ms
[0.769s][info][gc,cpu         ] GC(32) User=0.00s Sys=0.00s Real=0.01s
[0.779s][info][gc,start       ] GC(33) Pause Young (Allocation Failure)
[0.792s][info][gc,heap        ] GC(33) PSYoungGen: 22560K(32768K)->21504K(31232K) Eden: 11264K(11264K)->0K(9728K) From: 11296K(21504K)->21504K(21504K)
[0.792s][info][gc,heap        ] GC(33) ParOldGen: 91088K(116224K)->92128K(116224K)
[0.792s][info][gc,metaspace   ] GC(33) Metaspace: 6299K(6464K)->6299K(6464K) NonClass: 5766K(5824K)->5766K(5824K) Class: 533K(640K)->533K(640K)
[0.792s][info][gc             ] GC(33) Pause Young (Allocation Failure) 110M->110M(144M) 13.612ms
[0.792s][info][gc,cpu         ] GC(33) User=0.00s Sys=0.00s Real=0.01s
[0.801s][info][gc,start       ] GC(34) Pause Young (Allocation Failure)
[0.817s][info][gc,heap        ] GC(34) PSYoungGen: 31232K(31232K)->20064K(34816K) Eden: 9728K(9728K)->0K(9728K) From: 21504K(21504K)->20064K(25088K)
[0.818s][info][gc,heap        ] GC(34) ParOldGen: 92128K(116224K)->103512K(116224K)
[0.818s][info][gc,metaspace   ] GC(34) Metaspace: 6299K(6464K)->6299K(6464K) NonClass: 5766K(5824K)->5766K(5824K) Class: 533K(640K)->533K(640K)
[0.818s][info][gc             ] GC(34) Pause Young (Allocation Failure) 120M->120M(147M) 16.397ms
[0.818s][info][gc,cpu         ] GC(34) User=0.03s Sys=0.00s Real=0.02s
[0.818s][info][gc,start       ] GC(35) Pause Full (Ergonomics)
[0.818s][info][gc,phases,start] GC(35) Marking Phase
[0.852s][info][gc,phases      ] GC(35) Marking Phase 34.109ms
[0.852s][info][gc,phases,start] GC(35) Summary Phase
[0.852s][info][gc,phases      ] GC(35) Summary Phase 0.029ms
[0.852s][info][gc,phases,start] GC(35) Adjust Roots
[0.852s][info][gc,phases      ] GC(35) Adjust Roots 0.152ms
[0.852s][info][gc,phases,start] GC(35) Compaction Phase
[0.872s][info][gc,phases      ] GC(35) Compaction Phase 19.834ms
[0.872s][info][gc,phases,start] GC(35) Post Compact
[0.873s][info][gc,phases      ] GC(35) Post Compact 0.565ms
[0.873s][info][gc,heap        ] GC(35) PSYoungGen: 20064K(34816K)->7180K(34816K) Eden: 0K(9728K)->0K(9728K) From: 20064K(25088K)->7180K(25088K)
[0.873s][info][gc,heap        ] GC(35) ParOldGen: 103512K(116224K)->116073K(144384K)
[0.873s][info][gc,metaspace   ] GC(35) Metaspace: 6299K(6464K)->6299K(6464K) NonClass: 5766K(5824K)->5766K(5824K) Class: 533K(640K)->533K(640K)
[0.873s][info][gc             ] GC(35) Pause Full (Ergonomics) 120M->120M(175M) 55.168ms
[0.873s][info][gc,cpu         ] GC(35) User=0.16s Sys=0.00s Real=0.06s
[0.883s][info][gc,start       ] GC(36) Pause Young (Allocation Failure)
[0.899s][info][gc,heap        ] GC(36) PSYoungGen: 16908K(34816K)->16992K(37888K) Eden: 9728K(9728K)->0K(10752K) From: 7180K(25088K)->16992K(27136K)
[0.899s][info][gc,heap        ] GC(36) ParOldGen: 116073K(144384K)->116073K(144384K)
[0.899s][info][gc,metaspace   ] GC(36) Metaspace: 6299K(6464K)->6299K(6464K) NonClass: 5766K(5824K)->5766K(5824K) Class: 533K(640K)->533K(640K)
[0.899s][info][gc             ] GC(36) Pause Young (Allocation Failure) 129M->129M(178M) 16.502ms
[0.899s][info][gc,cpu         ] GC(36) User=0.03s Sys=0.00s Real=0.02s
[0.911s][info][gc,start       ] GC(37) Pause Young (Allocation Failure)
[0.924s][info][gc,heap        ] GC(37) PSYoungGen: 27744K(37888K)->27648K(38400K) Eden: 10752K(10752K)->0K(10752K) From: 16992K(27136K)->27648K(27648K)
[0.924s][info][gc,heap        ] GC(37) ParOldGen: 116073K(144384K)->116129K(144384K)
[0.924s][info][gc,metaspace   ] GC(37) Metaspace: 6299K(6464K)->6299K(6464K) NonClass: 5766K(5824K)->5766K(5824K) Class: 533K(640K)->533K(640K)
[0.924s][info][gc             ] GC(37) Pause Young (Allocation Failure) 140M->140M(178M) 13.025ms
[0.924s][info][gc,cpu         ] GC(37) User=0.02s Sys=0.00s Real=0.01s
[0.934s][info][gc,start       ] GC(38) Pause Young (Allocation Failure)
[0.953s][info][gc,heap        ] GC(38) PSYoungGen: 38400K(38400K)->31200K(40448K) Eden: 10752K(10752K)->0K(8192K) From: 27648K(27648K)->31200K(32256K)
[0.953s][info][gc,heap        ] GC(38) ParOldGen: 116129K(144384K)->123433K(144384K)
[0.953s][info][gc,metaspace   ] GC(38) Metaspace: 6299K(6464K)->6299K(6464K) NonClass: 5766K(5824K)->5766K(5824K) Class: 533K(640K)->533K(640K)
[0.953s][info][gc             ] GC(38) Pause Young (Allocation Failure) 150M->151M(180M) 18.843ms
[0.953s][info][gc,cpu         ] GC(38) User=0.05s Sys=0.02s Real=0.02s
[0.961s][info][gc,start       ] GC(39) Pause Young (Allocation Failure)
[0.979s][info][gc,heap        ] GC(39) PSYoungGen: 39392K(40448K)->29696K(45056K) Eden: 8192K(8192K)->0K(8192K) From: 31200K(32256K)->29696K(36864K)
[0.979s][info][gc,heap        ] GC(39) ParOldGen: 123433K(144384K)->133289K(144384K)
[0.979s][info][gc,metaspace   ] GC(39) Metaspace: 6299K(6464K)->6299K(6464K) NonClass: 5766K(5824K)->5766K(5824K) Class: 533K(640K)->533K(640K)
[0.979s][info][gc             ] GC(39) Pause Young (Allocation Failure) 159M->159M(185M) 17.575ms
[0.979s][info][gc,cpu         ] GC(39) User=0.06s Sys=0.00s Real=0.02s
[0.979s][info][gc,start       ] GC(40) Pause Full (Ergonomics)
[0.979s][info][gc,phases,start] GC(40) Marking Phase
[1.016s][info][gc,phases      ] GC(40) Marking Phase 37.683ms
[1.016s][info][gc,phases,start] GC(40) Summary Phase
[1.016s][info][gc,phases      ] GC(40) Summary Phase 0.016ms
[1.017s][info][gc,phases,start] GC(40) Adjust Roots
[1.017s][info][gc,phases      ] GC(40) Adjust Roots 0.151ms
[1.017s][info][gc,phases,start] GC(40) Compaction Phase
[1.041s][info][gc,phases      ] GC(40) Compaction Phase 24.813ms
[1.042s][info][gc,phases,start] GC(40) Post Compact
[1.043s][info][gc,phases      ] GC(40) Post Compact 0.986ms
[1.043s][info][gc,heap        ] GC(40) PSYoungGen: 29696K(45056K)->18327K(45056K) Eden: 0K(8192K)->0K(8192K) From: 29696K(36864K)->18327K(36864K)
[1.043s][info][gc,heap        ] GC(40) ParOldGen: 133289K(144384K)->144226K(174592K)
[1.043s][info][gc,metaspace   ] GC(40) Metaspace: 6299K(6464K)->6299K(6464K) NonClass: 5766K(5824K)->5766K(5824K) Class: 533K(640K)->533K(640K)
[1.043s][info][gc             ] GC(40) Pause Full (Ergonomics) 159M->158M(214M) 64.116ms
[1.043s][info][gc,cpu         ] GC(40) User=0.20s Sys=0.02s Real=0.06s
[1.051s][info][gc,start       ] GC(41) Pause Young (Allocation Failure)
[1.071s][info][gc,heap        ] GC(41) PSYoungGen: 26519K(45056K)->19936K(47616K) Eden: 8192K(8192K)->0K(9728K) From: 18327K(36864K)->19936K(37888K)
[1.071s][info][gc,heap        ] GC(41) ParOldGen: 144226K(174592K)->151010K(174592K)
[1.071s][info][gc,metaspace   ] GC(41) Metaspace: 6299K(6464K)->6299K(6464K) NonClass: 5766K(5824K)->5766K(5824K) Class: 533K(640K)->533K(640K)
[1.071s][info][gc             ] GC(41) Pause Young (Allocation Failure) 166M->166M(217M) 20.328ms
[1.071s][info][gc,cpu         ] GC(41) User=0.08s Sys=0.00s Real=0.02s
[1.106s][info][gc,start       ] GC(42) Pause Young (Allocation Failure)
[1.123s][info][gc,heap        ] GC(42) PSYoungGen: 29664K(47616K)->23168K(48640K) Eden: 9728K(9728K)->0K(9728K) From: 19936K(37888K)->23168K(38912K)
[1.123s][info][gc,heap        ] GC(42) ParOldGen: 159202K(174592K)->165826K(174592K)
[1.123s][info][gc,metaspace   ] GC(42) Metaspace: 6299K(6464K)->6299K(6464K) NonClass: 5766K(5824K)->5766K(5824K) Class: 533K(640K)->533K(640K)
[1.123s][info][gc             ] GC(42) Pause Young (Allocation Failure) 184M->184M(218M) 17.281ms
[1.123s][info][gc,cpu         ] GC(42) User=0.08s Sys=0.00s Real=0.02s
[1.123s][info][gc,start       ] GC(43) Pause Full (Ergonomics)
[1.123s][info][gc,phases,start] GC(43) Marking Phase
[1.168s][info][gc,phases      ] GC(43) Marking Phase 44.521ms
[1.168s][info][gc,phases,start] GC(43) Summary Phase
[1.168s][info][gc,phases      ] GC(43) Summary Phase 0.017ms
[1.168s][info][gc,phases,start] GC(43) Adjust Roots
[1.168s][info][gc,phases      ] GC(43) Adjust Roots 0.144ms
[1.168s][info][gc,phases,start] GC(43) Compaction Phase
[1.202s][info][gc,phases      ] GC(43) Compaction Phase 34.158ms
[1.202s][info][gc,phases,start] GC(43) Post Compact
[1.203s][info][gc,phases      ] GC(43) Post Compact 0.811ms
[1.203s][info][gc,heap        ] GC(43) PSYoungGen: 23168K(48640K)->10248K(48640K) Eden: 0K(9728K)->0K(9728K) From: 23168K(38912K)->10248K(38912K)
[1.203s][info][gc,heap        ] GC(43) ParOldGen: 165826K(174592K)->174257K(206336K)
[1.203s][info][gc,metaspace   ] GC(43) Metaspace: 6299K(6464K)->6299K(6464K) NonClass: 5766K(5824K)->5766K(5824K) Class: 533K(640K)->533K(640K)
[1.203s][info][gc             ] GC(43) Pause Full (Ergonomics) 184M->180M(249M) 80.087ms
[1.203s][info][gc,cpu         ] GC(43) User=0.23s Sys=0.00s Real=0.08s
[1.215s][info][gc,start       ] GC(44) Pause Young (Allocation Failure)
[1.233s][info][gc,heap        ] GC(44) PSYoungGen: 19976K(48640K)->20096K(48128K) Eden: 9728K(9728K)->0K(11264K) From: 10248K(38912K)->20096K(36864K)
[1.233s][info][gc,heap        ] GC(44) ParOldGen: 174257K(206336K)->174257K(206336K)
[1.233s][info][gc,metaspace   ] GC(44) Metaspace: 6299K(6464K)->6299K(6464K) NonClass: 5766K(5824K)->5766K(5824K) Class: 533K(640K)->533K(640K)
[1.233s][info][gc             ] GC(44) Pause Young (Allocation Failure) 189M->189M(248M) 18.757ms
[1.233s][info][gc,cpu         ] GC(44) User=0.06s Sys=0.00s Real=0.02s
[1.244s][info][gc,start       ] GC(45) Pause Young (Allocation Failure)
[1.260s][info][gc,heap        ] GC(45) PSYoungGen: 31360K(48128K)->31328K(49152K) Eden: 11264K(11264K)->0K(11264K) From: 20096K(36864K)->31328K(37888K)
[1.260s][info][gc,heap        ] GC(45) ParOldGen: 174257K(206336K)->174257K(206336K)
[1.260s][info][gc,metaspace   ] GC(45) Metaspace: 6299K(6464K)->6299K(6464K) NonClass: 5766K(5824K)->5766K(5824K) Class: 533K(640K)->533K(640K)
[1.260s][info][gc             ] GC(45) Pause Young (Allocation Failure) 200M->200M(249M) 15.742ms
[1.260s][info][gc,cpu         ] GC(45) User=0.02s Sys=0.00s Real=0.01s
[1.271s][info][gc,start       ] GC(46) Pause Young (Allocation Failure)
[1.291s][info][gc,heap        ] GC(46) PSYoungGen: 42592K(49152K)->40960K(47104K) Eden: 11264K(11264K)->0K(6144K) From: 31328K(37888K)->40960K(40960K)
[1.291s][info][gc,heap        ] GC(46) ParOldGen: 174257K(206336K)->175833K(206336K)
[1.291s][info][gc,metaspace   ] GC(46) Metaspace: 6299K(6464K)->6299K(6464K) NonClass: 5766K(5824K)->5766K(5824K) Class: 533K(640K)->533K(640K)
[1.291s][info][gc             ] GC(46) Pause Young (Allocation Failure) 211M->211M(247M) 20.662ms
[1.291s][info][gc,cpu         ] GC(46) User=0.06s Sys=0.00s Real=0.02s
[1.297s][info][gc,start       ] GC(47) Pause Young (Allocation Failure)
[1.319s][info][gc,heap        ] GC(47) PSYoungGen: 47104K(47104K)->41280K(53760K) Eden: 6144K(6144K)->0K(6144K) From: 40960K(40960K)->41280K(47616K)
[1.319s][info][gc,heap        ] GC(47) ParOldGen: 175833K(206336K)->181833K(206336K)
[1.319s][info][gc,metaspace   ] GC(47) Metaspace: 6299K(6464K)->6299K(6464K) NonClass: 5766K(5824K)->5766K(5824K) Class: 533K(640K)->533K(640K)
[1.319s][info][gc             ] GC(47) Pause Young (Allocation Failure) 217M->217M(254M) 21.608ms
[1.319s][info][gc,cpu         ] GC(47) User=0.00s Sys=0.00s Real=0.02s
[1.325s][info][gc,start       ] GC(48) Pause Young (Allocation Failure)
[1.347s][info][gc,heap        ] GC(48) PSYoungGen: 47424K(53760K)->34272K(58368K) Eden: 6144K(6144K)->0K(6144K) From: 41280K(47616K)->34272K(52224K)
[1.347s][info][gc,heap        ] GC(48) ParOldGen: 181833K(206336K)->195145K(206336K)
[1.347s][info][gc,metaspace   ] GC(48) Metaspace: 6299K(6464K)->6299K(6464K) NonClass: 5766K(5824K)->5766K(5824K) Class: 533K(640K)->533K(640K)
[1.347s][info][gc             ] GC(48) Pause Young (Allocation Failure) 223M->224M(258M) 21.835ms
[1.347s][info][gc,cpu         ] GC(48) User=0.09s Sys=0.00s Real=0.02s
[1.347s][info][gc,start       ] GC(49) Pause Full (Ergonomics)
[1.347s][info][gc,phases,start] GC(49) Marking Phase
[1.401s][info][gc,phases      ] GC(49) Marking Phase 53.411ms
[1.401s][info][gc,phases,start] GC(49) Summary Phase
[1.401s][info][gc,phases      ] GC(49) Summary Phase 0.018ms
[1.401s][info][gc,phases,start] GC(49) Adjust Roots
[1.401s][info][gc,phases      ] GC(49) Adjust Roots 0.140ms
[1.401s][info][gc,phases,start] GC(49) Compaction Phase
[1.426s][info][gc,phases      ] GC(49) Compaction Phase 24.535ms
[1.426s][info][gc,phases,start] GC(49) Post Compact
[1.427s][info][gc,phases      ] GC(49) Post Compact 1.017ms
[1.427s][info][gc,heap        ] GC(49) PSYoungGen: 34272K(58368K)->22857K(58368K) Eden: 0K(6144K)->0K(6144K) From: 34272K(52224K)->22857K(52224K)
[1.427s][info][gc,heap        ] GC(49) ParOldGen: 195145K(206336K)->206035K(241152K)
[1.427s][info][gc,metaspace   ] GC(49) Metaspace: 6299K(6464K)->6299K(6464K) NonClass: 5766K(5824K)->5766K(5824K) Class: 533K(640K)->533K(640K)
[1.427s][info][gc             ] GC(49) Pause Full (Ergonomics) 224M->223M(292M) 79.582ms
[1.427s][info][gc,cpu         ] GC(49) User=0.34s Sys=0.00s Real=0.08s
[1.434s][info][gc,start       ] GC(50) Pause Young (Allocation Failure)
[1.455s][info][gc,heap        ] GC(50) PSYoungGen: 29001K(58368K)->14240K(59392K) Eden: 6144K(6144K)->0K(6144K) From: 22857K(52224K)->14240K(53248K)
[1.455s][info][gc,heap        ] GC(50) ParOldGen: 206035K(241152K)->221147K(241152K)
[1.455s][info][gc,metaspace   ] GC(50) Metaspace: 6299K(6464K)->6299K(6464K) NonClass: 5766K(5824K)->5766K(5824K) Class: 533K(640K)->533K(640K)
[1.455s][info][gc             ] GC(50) Pause Young (Allocation Failure) 229M->229M(293M) 21.605ms
[1.455s][info][gc,cpu         ] GC(50) User=0.09s Sys=0.02s Real=0.02s
[1.462s][info][gc,start       ] GC(51) Pause Young (Allocation Failure)
[1.473s][info][gc,heap        ] GC(51) PSYoungGen: 20384K(59392K)->12352K(57344K) Eden: 6144K(6144K)->0K(7168K) From: 14240K(53248K)->12352K(50176K)
[1.473s][info][gc,heap        ] GC(51) ParOldGen: 221147K(241152K)->229259K(241152K)
[1.473s][info][gc,metaspace   ] GC(51) Metaspace: 6299K(6464K)->6299K(6464K) NonClass: 5766K(5824K)->5766K(5824K) Class: 533K(640K)->533K(640K)
[1.473s][info][gc             ] GC(51) Pause Young (Allocation Failure) 235M->235M(291M) 10.571ms
[1.473s][info][gc,cpu         ] GC(51) User=0.00s Sys=0.00s Real=0.01s
[1.473s][info][gc,start       ] GC(52) Pause Full (Ergonomics)
[1.473s][info][gc,phases,start] GC(52) Marking Phase
[1.529s][info][gc,phases      ] GC(52) Marking Phase 56.690ms
[1.529s][info][gc,phases,start] GC(52) Summary Phase
[1.530s][info][gc,phases      ] GC(52) Summary Phase 0.021ms
[1.530s][info][gc,phases,start] GC(52) Adjust Roots
[1.530s][info][gc,phases      ] GC(52) Adjust Roots 0.185ms
[1.530s][info][gc,phases,start] GC(52) Compaction Phase
[1.556s][info][gc,phases      ] GC(52) Compaction Phase 26.144ms
[1.556s][info][gc,phases,start] GC(52) Post Compact
[1.557s][info][gc,phases      ] GC(52) Post Compact 1.270ms
[1.558s][info][gc,heap        ] GC(52) PSYoungGen: 12352K(57344K)->0K(58368K) Eden: 0K(7168K)->0K(7168K) From: 12352K(50176K)->0K(51200K)
[1.558s][info][gc,heap        ] GC(52) ParOldGen: 229259K(241152K)->241116K(280576K)
[1.558s][info][gc,metaspace   ] GC(52) Metaspace: 6299K(6464K)->6299K(6464K) NonClass: 5766K(5824K)->5766K(5824K) Class: 533K(640K)->533K(640K)
[1.558s][info][gc             ] GC(52) Pause Full (Ergonomics) 235M->235M(331M) 84.848ms
[1.558s][info][gc,cpu         ] GC(52) User=0.42s Sys=0.02s Real=0.09s
[1.566s][info][gc,start       ] GC(53) Pause Young (Allocation Failure)
[1.570s][info][gc,heap        ] GC(53) PSYoungGen: 7168K(58368K)->7264K(58880K) Eden: 7168K(7168K)->0K(8192K) From: 0K(51200K)->7264K(50688K)
[1.571s][info][gc,heap        ] GC(53) ParOldGen: 241116K(280576K)->241116K(280576K)
[1.571s][info][gc,metaspace   ] GC(53) Metaspace: 6299K(6464K)->6299K(6464K) NonClass: 5766K(5824K)->5766K(5824K) Class: 533K(640K)->533K(640K)
[1.571s][info][gc             ] GC(53) Pause Young (Allocation Failure) 242M->242M(331M) 4.727ms
[1.571s][info][gc,cpu         ] GC(53) User=0.00s Sys=0.00s Real=0.01s
[1.580s][info][gc,start       ] GC(54) Pause Young (Allocation Failure)
[1.588s][info][gc,heap        ] GC(54) PSYoungGen: 15456K(58880K)->15488K(24064K) Eden: 8192K(8192K)->0K(8192K) From: 7264K(50688K)->15488K(15872K)
[1.588s][info][gc,heap        ] GC(54) ParOldGen: 241116K(280576K)->241116K(280576K)
[1.588s][info][gc,metaspace   ] GC(54) Metaspace: 6299K(6464K)->6299K(6464K) NonClass: 5766K(5824K)->5766K(5824K) Class: 533K(640K)->533K(640K)
[1.588s][info][gc             ] GC(54) Pause Young (Allocation Failure) 250M->250M(297M) 8.118ms
[1.588s][info][gc,cpu         ] GC(54) User=0.00s Sys=0.02s Real=0.01s
[1.598s][info][gc,start       ] GC(55) Pause Young (Allocation Failure)
[1.609s][info][gc,heap        ] GC(55) PSYoungGen: 23680K(24064K)->23584K(54272K) Eden: 8192K(8192K)->0K(9216K) From: 15488K(15872K)->23584K(45056K)
[1.609s][info][gc,heap        ] GC(55) ParOldGen: 241116K(280576K)->241116K(280576K)
[1.609s][info][gc,metaspace   ] GC(55) Metaspace: 6299K(6464K)->6299K(6464K) NonClass: 5766K(5824K)->5766K(5824K) Class: 533K(640K)->533K(640K)
[1.609s][info][gc             ] GC(55) Pause Young (Allocation Failure) 258M->258M(327M) 11.879ms
[1.610s][info][gc,cpu         ] GC(55) User=0.02s Sys=0.00s Real=0.01s
[1.619s][info][gc,start       ] GC(56) Pause Young (Allocation Failure)
[1.636s][info][gc,heap        ] GC(56) PSYoungGen: 32800K(54272K)->25664K(56320K) Eden: 9216K(9216K)->0K(9216K) From: 23584K(45056K)->25664K(47104K)
[1.636s][info][gc,heap        ] GC(56) ParOldGen: 241116K(280576K)->248388K(280576K)
[1.636s][info][gc,metaspace   ] GC(56) Metaspace: 6299K(6464K)->6299K(6464K) NonClass: 5766K(5824K)->5766K(5824K) Class: 533K(640K)->533K(640K)
[1.636s][info][gc             ] GC(56) Pause Young (Allocation Failure) 267M->267M(329M) 16.702ms
[1.636s][info][gc,cpu         ] GC(56) User=0.00s Sys=0.00s Real=0.02s
[1.646s][info][gc,start       ] GC(57) Pause Young (Allocation Failure)
[1.663s][info][gc,heap        ] GC(57) PSYoungGen: 34880K(56320K)->26720K(56320K) Eden: 9216K(9216K)->0K(10752K) From: 25664K(47104K)->26720K(45568K)
[1.663s][info][gc,heap        ] GC(57) ParOldGen: 248388K(280576K)->256684K(280576K)
[1.663s][info][gc,metaspace   ] GC(57) Metaspace: 6299K(6464K)->6299K(6464K) NonClass: 5766K(5824K)->5766K(5824K) Class: 533K(640K)->533K(640K)
[1.663s][info][gc             ] GC(57) Pause Young (Allocation Failure) 276M->276M(329M) 17.028ms
[1.663s][info][gc,cpu         ] GC(57) User=0.02s Sys=0.00s Real=0.02s
[1.676s][info][gc,start       ] GC(58) Pause Young (Allocation Failure)
[1.694s][info][gc,heap        ] GC(58) PSYoungGen: 37472K(56320K)->29248K(56832K) Eden: 10752K(10752K)->0K(10752K) From: 26720K(45568K)->29248K(46080K)
[1.694s][info][gc,heap        ] GC(58) ParOldGen: 256684K(280576K)->264988K(280576K)
[1.694s][info][gc,metaspace   ] GC(58) Metaspace: 6299K(6464K)->6299K(6464K) NonClass: 5766K(5824K)->5766K(5824K) Class: 533K(640K)->533K(640K)
[1.694s][info][gc             ] GC(58) Pause Young (Allocation Failure) 287M->287M(329M) 18.212ms
[1.694s][info][gc,cpu         ] GC(58) User=0.09s Sys=0.00s Real=0.02s
[1.694s][info][gc,start       ] GC(59) Pause Full (Ergonomics)
[1.694s][info][gc,phases,start] GC(59) Marking Phase
[1.757s][info][gc,phases      ] GC(59) Marking Phase 63.641ms
[1.758s][info][gc,phases,start] GC(59) Summary Phase
[1.758s][info][gc,phases      ] GC(59) Summary Phase 0.019ms
[1.758s][info][gc,phases,start] GC(59) Adjust Roots
[1.758s][info][gc,phases      ] GC(59) Adjust Roots 0.154ms
[1.758s][info][gc,phases,start] GC(59) Compaction Phase
[1.787s][info][gc,phases      ] GC(59) Compaction Phase 29.367ms
[1.787s][info][gc,phases,start] GC(59) Post Compact
[1.788s][info][gc,phases      ] GC(59) Post Compact 1.242ms
[1.789s][info][gc,heap        ] GC(59) PSYoungGen: 29248K(56832K)->13244K(56832K) Eden: 0K(10752K)->0K(10752K) From: 29248K(46080K)->13244K(46080K)
[1.789s][info][gc,heap        ] GC(59) ParOldGen: 264988K(280576K)->280411K(321024K)
[1.789s][info][gc,metaspace   ] GC(59) Metaspace: 6299K(6464K)->6299K(6464K) NonClass: 5766K(5824K)->5766K(5824K) Class: 533K(640K)->533K(640K)
[1.789s][info][gc             ] GC(59) Pause Full (Ergonomics) 287M->286M(369M) 94.883ms
[1.789s][info][gc,cpu         ] GC(59) User=0.45s Sys=0.00s Real=0.09s
[1.800s][info][gc,start       ] GC(60) Pause Young (Allocation Failure)
[1.826s][info][gc,heap        ] GC(60) PSYoungGen: 23996K(56832K)->16256K(55808K) Eden: 10752K(10752K)->0K(12288K) From: 13244K(46080K)->16256K(43520K)
[1.826s][info][gc,heap        ] GC(60) ParOldGen: 280411K(321024K)->288387K(321024K)
[1.826s][info][gc,metaspace   ] GC(60) Metaspace: 6299K(6464K)->6299K(6464K) NonClass: 5766K(5824K)->5766K(5824K) Class: 533K(640K)->533K(640K)
[1.826s][info][gc             ] GC(60) Pause Young (Allocation Failure) 297M->297M(368M) 25.282ms
[1.826s][info][gc,cpu         ] GC(60) User=0.12s Sys=0.00s Real=0.02s
[1.840s][info][gc,start       ] GC(61) Pause Young (Allocation Failure)
[1.855s][info][gc,heap        ] GC(61) PSYoungGen: 28544K(55808K)->23136K(57344K) Eden: 12288K(12288K)->0K(12288K) From: 16256K(43520K)->23136K(45056K)
[1.855s][info][gc,heap        ] GC(61) ParOldGen: 288387K(321024K)->293867K(321024K)
[1.855s][info][gc,metaspace   ] GC(61) Metaspace: 6299K(6464K)->6299K(6464K) NonClass: 5766K(5824K)->5766K(5824K) Class: 533K(640K)->533K(640K)
[1.855s][info][gc             ] GC(61) Pause Young (Allocation Failure) 309M->309M(369M) 15.073ms
[1.855s][info][gc,cpu         ] GC(61) User=0.00s Sys=0.00s Real=0.01s
[1.869s][info][gc,start       ] GC(62) Pause Young (Allocation Failure)
[1.886s][info][gc,heap        ] GC(62) PSYoungGen: 35424K(57344K)->24704K(55296K) Eden: 12288K(12288K)->0K(14336K) From: 23136K(45056K)->24704K(40960K)
[1.886s][info][gc,heap        ] GC(62) ParOldGen: 293867K(321024K)->304763K(321024K)
[1.886s][info][gc,metaspace   ] GC(62) Metaspace: 6299K(6464K)->6299K(6464K) NonClass: 5766K(5824K)->5766K(5824K) Class: 533K(640K)->533K(640K)
[1.886s][info][gc             ] GC(62) Pause Young (Allocation Failure) 321M->321M(367M) 17.634ms
[1.886s][info][gc,cpu         ] GC(62) User=0.03s Sys=0.00s Real=0.02s
[1.902s][info][gc,start       ] GC(63) Pause Young (Allocation Failure)
[1.922s][info][gc,heap        ] GC(63) PSYoungGen: 39040K(55296K)->26720K(56320K) Eden: 14336K(14336K)->0K(14336K) From: 24704K(40960K)->26720K(41984K)
[1.922s][info][gc,heap        ] GC(63) ParOldGen: 304763K(321024K)->317227K(321024K)
[1.922s][info][gc,metaspace   ] GC(63) Metaspace: 6299K(6464K)->6299K(6464K) NonClass: 5766K(5824K)->5766K(5824K) Class: 533K(640K)->533K(640K)
[1.922s][info][gc             ] GC(63) Pause Young (Allocation Failure) 335M->335M(368M) 19.519ms
[1.922s][info][gc,cpu         ] GC(63) User=0.11s Sys=0.00s Real=0.02s
[1.922s][info][gc,start       ] GC(64) Pause Full (Ergonomics)
[1.922s][info][gc,phases,start] GC(64) Marking Phase
[1.999s][info][gc,phases      ] GC(64) Marking Phase 77.034ms
[1.999s][info][gc,phases,start] GC(64) Summary Phase
[1.999s][info][gc,phases      ] GC(64) Summary Phase 0.023ms
[1.999s][info][gc,phases,start] GC(64) Adjust Roots
[1.999s][info][gc,phases      ] GC(64) Adjust Roots 0.178ms
[1.999s][info][gc,phases,start] GC(64) Compaction Phase
[2.034s][info][gc,phases      ] GC(64) Compaction Phase 35.080ms
[2.034s][info][gc,phases,start] GC(64) Post Compact
[2.036s][info][gc,phases      ] GC(64) Post Compact 1.497ms
[2.036s][info][gc,heap        ] GC(64) PSYoungGen: 26720K(56320K)->22475K(56320K) Eden: 0K(14336K)->0K(14336K) From: 26720K(41984K)->22475K(41984K)
[2.036s][info][gc,heap        ] GC(64) ParOldGen: 317227K(321024K)->320718K(365056K)
[2.036s][info][gc,metaspace   ] GC(64) Metaspace: 6299K(6464K)->6299K(6464K) NonClass: 5766K(5824K)->5766K(5824K) Class: 533K(640K)->533K(640K)
[2.036s][info][gc             ] GC(64) Pause Full (Ergonomics) 335M->335M(411M) 114.325ms
[2.036s][info][gc,cpu         ] GC(64) User=0.69s Sys=0.00s Real=0.12s
[2.115s][info][gc,start       ] GC(65) Pause Young (Allocation Failure)
[2.145s][info][gc,heap        ] GC(65) PSYoungGen: 36811K(56320K)->26336K(56320K) Eden: 14336K(14336K)->0K(15872K) From: 22475K(41984K)->26336K(40448K)
[2.145s][info][gc,heap        ] GC(65) ParOldGen: 337102K(365056K)->347942K(365056K)
[2.145s][info][gc,metaspace   ] GC(65) Metaspace: 6299K(6464K)->6299K(6464K) NonClass: 5766K(5824K)->5766K(5824K) Class: 533K(640K)->533K(640K)
[2.145s][info][gc             ] GC(65) Pause Young (Allocation Failure) 365M->365M(411M) 29.836ms
[2.145s][info][gc,cpu         ] GC(65) User=0.14s Sys=0.00s Real=0.03s
[2.145s][info][gc,start       ] GC(66) Pause Full (Ergonomics)
[2.145s][info][gc,phases,start] GC(66) Marking Phase
[2.225s][info][gc,phases      ] GC(66) Marking Phase 79.564ms
[2.225s][info][gc,phases,start] GC(66) Summary Phase
[2.225s][info][gc,phases      ] GC(66) Summary Phase 0.020ms
[2.225s][info][gc,phases,start] GC(66) Adjust Roots
[2.225s][info][gc,phases      ] GC(66) Adjust Roots 0.182ms
[2.225s][info][gc,phases,start] GC(66) Compaction Phase
[2.287s][info][gc,phases      ] GC(66) Compaction Phase 62.350ms
[2.287s][info][gc,phases,start] GC(66) Post Compact
[2.289s][info][gc,phases      ] GC(66) Post Compact 1.840ms
[2.289s][info][gc,heap        ] GC(66) PSYoungGen: 26336K(56320K)->1094K(57344K) Eden: 0K(15872K)->0K(16896K) From: 26336K(40448K)->1094K(40448K)
[2.289s][info][gc,heap        ] GC(66) ParOldGen: 347942K(365056K)->364594K(412672K)
[2.289s][info][gc,metaspace   ] GC(66) Metaspace: 6299K(6464K)->6299K(6464K) NonClass: 5766K(5824K)->5766K(5824K) Class: 533K(640K)->533K(640K)
[2.289s][info][gc             ] GC(66) Pause Full (Ergonomics) 365M->357M(459M) 144.476ms
[2.289s][info][gc,cpu         ] GC(66) User=0.78s Sys=0.03s Real=0.14s
[2.308s][info][gc,start       ] GC(67) Pause Young (Allocation Failure)
[2.332s][info][gc,heap        ] GC(67) PSYoungGen: 17990K(57344K)->18144K(58368K) Eden: 16896K(16896K)->0K(16896K) From: 1094K(40448K)->18144K(41472K)
[2.332s][info][gc,heap        ] GC(67) ParOldGen: 364594K(412672K)->364594K(412672K)
[2.332s][info][gc,metaspace   ] GC(67) Metaspace: 6299K(6464K)->6299K(6464K) NonClass: 5766K(5824K)->5766K(5824K) Class: 533K(640K)->533K(640K)
[2.332s][info][gc             ] GC(67) Pause Young (Allocation Failure) 373M->373M(460M) 24.113ms
[2.332s][info][gc,cpu         ] GC(67) User=0.12s Sys=0.00s Real=0.02s
[2.349s][info][gc,start       ] GC(68) Pause Young (Allocation Failure)
[2.366s][info][gc,heap        ] GC(68) PSYoungGen: 35040K(58368K)->35040K(56320K) Eden: 16896K(16896K)->0K(15872K) From: 18144K(41472K)->35040K(40448K)
[2.366s][info][gc,heap        ] GC(68) ParOldGen: 364594K(412672K)->364594K(412672K)
[2.366s][info][gc,metaspace   ] GC(68) Metaspace: 6299K(6464K)->6299K(6464K) NonClass: 5766K(5824K)->5766K(5824K) Class: 533K(640K)->533K(640K)
[2.366s][info][gc             ] GC(68) Pause Young (Allocation Failure) 390M->390M(458M) 17.511ms
[2.366s][info][gc,cpu         ] GC(68) User=0.09s Sys=0.00s Real=0.02s
[2.383s][info][gc,start       ] GC(69) Pause Young (Allocation Failure)
[2.407s][info][gc,heap        ] GC(69) PSYoungGen: 50912K(56320K)->43008K(58880K) Eden: 15872K(15872K)->0K(15872K) From: 35040K(40448K)->43008K(43008K)
[2.407s][info][gc,heap        ] GC(69) ParOldGen: 364594K(412672K)->372466K(412672K)
[2.407s][info][gc,metaspace   ] GC(69) Metaspace: 6299K(6464K)->6299K(6464K) NonClass: 5766K(5824K)->5766K(5824K) Class: 533K(640K)->533K(640K)
[2.407s][info][gc             ] GC(69) Pause Young (Allocation Failure) 405M->405M(460M) 24.073ms
[2.407s][info][gc,cpu         ] GC(69) User=0.14s Sys=0.00s Real=0.02s
[2.423s][info][gc,start       ] GC(70) Pause Young (Allocation Failure)
[2.450s][info][gc,heap        ] GC(70) PSYoungGen: 58880K(58880K)->51200K(59392K) Eden: 15872K(15872K)->0K(8192K) From: 43008K(43008K)->51200K(51200K)
[2.450s][info][gc,heap        ] GC(70) ParOldGen: 372466K(412672K)->380250K(412672K)
[2.450s][info][gc,metaspace   ] GC(70) Metaspace: 6299K(6464K)->6299K(6464K) NonClass: 5766K(5824K)->5766K(5824K) Class: 533K(640K)->533K(640K)
[2.450s][info][gc             ] GC(70) Pause Young (Allocation Failure) 421M->421M(461M) 27.431ms
[2.450s][info][gc,cpu         ] GC(70) User=0.12s Sys=0.02s Real=0.03s
[2.459s][info][gc,start       ] GC(71) Pause Young (Allocation Failure)
[2.485s][info][gc,heap        ] GC(71) PSYoungGen: 59392K(59392K)->34080K(69120K) Eden: 8192K(8192K)->0K(8192K) From: 51200K(51200K)->34080K(60928K)
[2.485s][info][gc,heap        ] GC(71) ParOldGen: 380250K(412672K)->406018K(412672K)
[2.485s][info][gc,metaspace   ] GC(71) Metaspace: 6299K(6464K)->6299K(6464K) NonClass: 5766K(5824K)->5766K(5824K) Class: 533K(640K)->533K(640K)
[2.485s][info][gc             ] GC(71) Pause Young (Allocation Failure) 429M->429M(470M) 26.567ms
[2.485s][info][gc,cpu         ] GC(71) User=0.14s Sys=0.00s Real=0.03s
[2.485s][info][gc,start       ] GC(72) Pause Full (Ergonomics)
[2.485s][info][gc,phases,start] GC(72) Marking Phase
[2.575s][info][gc,phases      ] GC(72) Marking Phase 90.164ms
[2.575s][info][gc,phases,start] GC(72) Summary Phase
[2.575s][info][gc,phases      ] GC(72) Summary Phase 0.020ms
[2.575s][info][gc,phases,start] GC(72) Adjust Roots
[2.576s][info][gc,phases      ] GC(72) Adjust Roots 0.145ms
[2.576s][info][gc,phases,start] GC(72) Compaction Phase
[2.624s][info][gc,phases      ] GC(72) Compaction Phase 48.468ms
[2.624s][info][gc,phases,start] GC(72) Post Compact
[2.626s][info][gc,phases      ] GC(72) Post Compact 2.080ms
[2.627s][info][gc,heap        ] GC(72) PSYoungGen: 34080K(69120K)->26707K(69120K) Eden: 0K(8192K)->0K(8192K) From: 34080K(60928K)->26707K(60928K)
[2.627s][info][gc,heap        ] GC(72) ParOldGen: 406018K(412672K)->412539K(467968K)
[2.627s][info][gc,metaspace   ] GC(72) Metaspace: 6299K(6464K)->6299K(6464K) NonClass: 5766K(5824K)->5766K(5824K) Class: 533K(640K)->533K(640K)
[2.627s][info][gc             ] GC(72) Pause Full (Ergonomics) 429M->428M(524M) 141.434ms
[2.627s][info][gc,cpu         ] GC(72) User=0.89s Sys=0.02s Real=0.14s
[2.637s][info][gc,start       ] GC(73) Pause Young (Allocation Failure)
[2.669s][info][gc,heap        ] GC(73) PSYoungGen: 34899K(69120K)->15232K(67072K) Eden: 8192K(8192K)->0K(9216K) From: 26707K(60928K)->15232K(57856K)
[2.669s][info][gc,heap        ] GC(73) ParOldGen: 412539K(467968K)->432659K(467968K)
[2.669s][info][gc,metaspace   ] GC(73) Metaspace: 6299K(6464K)->6299K(6464K) NonClass: 5766K(5824K)->5766K(5824K) Class: 533K(640K)->533K(640K)
[2.669s][info][gc             ] GC(73) Pause Young (Allocation Failure) 436M->437M(522M) 31.917ms
[2.669s][info][gc,cpu         ] GC(73) User=0.14s Sys=0.00s Real=0.03s
[2.679s][info][gc,start       ] GC(74) Pause Young (Allocation Failure)
[2.692s][info][gc,heap        ] GC(74) PSYoungGen: 24448K(67072K)->17472K(68096K) Eden: 9216K(9216K)->0K(9216K) From: 15232K(57856K)->17472K(58880K)
[2.692s][info][gc,heap        ] GC(74) ParOldGen: 432659K(467968K)->439659K(467968K)
[2.692s][info][gc,metaspace   ] GC(74) Metaspace: 6299K(6464K)->6299K(6464K) NonClass: 5766K(5824K)->5766K(5824K) Class: 533K(640K)->533K(640K)
[2.692s][info][gc             ] GC(74) Pause Young (Allocation Failure) 446M->446M(523M) 13.138ms
[2.692s][info][gc,cpu         ] GC(74) User=0.02s Sys=0.00s Real=0.01s
[2.702s][info][gc,start       ] GC(75) Pause Young (Allocation Failure)
[2.716s][info][gc,heap        ] GC(75) PSYoungGen: 26688K(68096K)->18528K(65536K) Eden: 9216K(9216K)->0K(10752K) From: 17472K(58880K)->18528K(54784K)
[2.716s][info][gc,heap        ] GC(75) ParOldGen: 439659K(467968K)->447971K(467968K)
[2.716s][info][gc,metaspace   ] GC(75) Metaspace: 6299K(6464K)->6299K(6464K) NonClass: 5766K(5824K)->5766K(5824K) Class: 533K(640K)->533K(640K)
[2.716s][info][gc             ] GC(75) Pause Young (Allocation Failure) 455M->455M(521M) 14.370ms
[2.716s][info][gc,cpu         ] GC(75) User=0.00s Sys=0.02s Real=0.01s
[2.716s][info][gc,start       ] GC(76) Pause Full (Ergonomics)
[2.716s][info][gc,phases,start] GC(76) Marking Phase
[2.820s][info][gc,phases      ] GC(76) Marking Phase 103.299ms
[2.820s][info][gc,phases,start] GC(76) Summary Phase
[2.820s][info][gc,phases      ] GC(76) Summary Phase 0.025ms
[2.820s][info][gc,phases,start] GC(76) Adjust Roots
[2.820s][info][gc,phases      ] GC(76) Adjust Roots 0.163ms
[2.820s][info][gc,phases,start] GC(76) Compaction Phase
[2.866s][info][gc,phases      ] GC(76) Compaction Phase 46.054ms
[2.866s][info][gc,phases,start] GC(76) Post Compact
[2.868s][info][gc,phases      ] GC(76) Post Compact 2.178ms
[2.869s][info][gc,heap        ] GC(76) PSYoungGen: 18528K(65536K)->0K(67072K) Eden: 0K(10752K)->0K(10752K) From: 18528K(54784K)->0K(56320K)
[2.869s][info][gc,heap        ] GC(76) ParOldGen: 447971K(467968K)->465781K(525312K)
[2.869s][info][gc,metaspace   ] GC(76) Metaspace: 6299K(6464K)->6299K(6464K) NonClass: 5766K(5824K)->5766K(5824K) Class: 533K(640K)->533K(640K)
[2.869s][info][gc             ] GC(76) Pause Full (Ergonomics) 455M->454M(578M) 152.265ms
[2.869s][info][gc,cpu         ] GC(76) User=1.00s Sys=0.02s Real=0.15s
[2.882s][info][gc,start       ] GC(77) Pause Young (Allocation Failure)
[2.891s][info][gc,heap        ] GC(77) PSYoungGen: 10752K(67072K)->10880K(68608K) Eden: 10752K(10752K)->0K(12288K) From: 0K(56320K)->10880K(56320K)
[2.891s][info][gc,heap        ] GC(77) ParOldGen: 465781K(525312K)->465781K(525312K)
[2.891s][info][gc,metaspace   ] GC(77) Metaspace: 6299K(6464K)->6299K(6464K) NonClass: 5766K(5824K)->5766K(5824K) Class: 533K(640K)->533K(640K)
[2.891s][info][gc             ] GC(77) Pause Young (Allocation Failure) 465M->465M(580M) 9.002ms
[2.891s][info][gc,cpu         ] GC(77) User=0.02s Sys=0.00s Real=0.01s
[2.905s][info][gc,start       ] GC(78) Pause Young (Allocation Failure)
[2.917s][info][gc,heap        ] GC(78) PSYoungGen: 23168K(68608K)->23168K(35840K) Eden: 12288K(12288K)->0K(12288K) From: 10880K(56320K)->23168K(23552K)
[2.917s][info][gc,heap        ] GC(78) ParOldGen: 465781K(525312K)->465781K(525312K)
[2.917s][info][gc,metaspace   ] GC(78) Metaspace: 6299K(6464K)->6299K(6464K) NonClass: 5766K(5824K)->5766K(5824K) Class: 533K(640K)->533K(640K)
[2.917s][info][gc             ] GC(78) Pause Young (Allocation Failure) 477M->477M(548M) 12.728ms
[2.918s][info][gc,cpu         ] GC(78) User=0.00s Sys=0.00s Real=0.01s
[2.931s][info][gc,start       ] GC(79) Pause Young (Allocation Failure)
[2.948s][info][gc,heap        ] GC(79) PSYoungGen: 35456K(35840K)->35456K(66048K) Eden: 12288K(12288K)->0K(12800K) From: 23168K(23552K)->35456K(53248K)
[2.948s][info][gc,heap        ] GC(79) ParOldGen: 465781K(525312K)->465781K(525312K)
[2.948s][info][gc,metaspace   ] GC(79) Metaspace: 6299K(6464K)->6299K(6464K) NonClass: 5766K(5824K)->5766K(5824K) Class: 533K(640K)->533K(640K)
[2.948s][info][gc             ] GC(79) Pause Young (Allocation Failure) 489M->489M(577M) 17.547ms
[2.948s][info][gc,cpu         ] GC(79) User=0.12s Sys=0.00s Real=0.02s
[2.962s][info][gc,start       ] GC(80) Pause Young (Allocation Failure)
[2.984s][info][gc,heap        ] GC(80) PSYoungGen: 48256K(66048K)->48192K(67072K) Eden: 12800K(12800K)->0K(12800K) From: 35456K(53248K)->48192K(54272K)
[2.985s][info][gc,heap        ] GC(80) ParOldGen: 465781K(525312K)->465781K(525312K)
[2.985s][info][gc,metaspace   ] GC(80) Metaspace: 6299K(6464K)->6299K(6464K) NonClass: 5766K(5824K)->5766K(5824K) Class: 533K(640K)->533K(640K)
[2.985s][info][gc             ] GC(80) Pause Young (Allocation Failure) 501M->501M(578M) 22.852ms
[2.985s][info][gc,cpu         ] GC(80) User=0.14s Sys=0.00s Real=0.02s
[2.998s][info][gc,start       ] GC(81) Pause Young (Allocation Failure)
[3.026s][info][gc,heap        ] GC(81) PSYoungGen: 60992K(67072K)->59904K(65024K) Eden: 12800K(12800K)->0K(5120K) From: 48192K(54272K)->59904K(59904K)
[3.026s][info][gc,heap        ] GC(81) ParOldGen: 465781K(525312K)->466829K(525312K)
[3.026s][info][gc,metaspace   ] GC(81) Metaspace: 6299K(6464K)->6299K(6464K) NonClass: 5766K(5824K)->5766K(5824K) Class: 533K(640K)->533K(640K)
[3.026s][info][gc             ] GC(81) Pause Young (Allocation Failure) 514M->514M(576M) 28.265ms
[3.026s][info][gc,cpu         ] GC(81) User=0.11s Sys=0.00s Real=0.03s
[3.032s][info][gc,start       ] GC(82) Pause Young (Allocation Failure)
[3.061s][info][gc,heap        ] GC(82) PSYoungGen: 65024K(65024K)->42432K(74240K) Eden: 5120K(5120K)->0K(5120K) From: 59904K(59904K)->42432K(69120K)
[3.061s][info][gc,heap        ] GC(82) ParOldGen: 466829K(525312K)->489797K(525312K)
[3.061s][info][gc,metaspace   ] GC(82) Metaspace: 6299K(6464K)->6299K(6464K) NonClass: 5766K(5824K)->5766K(5824K) Class: 533K(640K)->533K(640K)
[3.061s][info][gc             ] GC(82) Pause Young (Allocation Failure) 519M->519M(585M) 29.179ms
[3.061s][info][gc,cpu         ] GC(82) User=0.14s Sys=0.00s Real=0.03s
[3.067s][info][gc,start       ] GC(83) Pause Young (Allocation Failure)
[3.089s][info][gc,heap        ] GC(83) PSYoungGen: 47552K(74240K)->22848K(71168K) Eden: 5120K(5120K)->0K(6144K) From: 42432K(69120K)->22848K(65024K)
[3.090s][info][gc,heap        ] GC(83) ParOldGen: 489797K(525312K)->514773K(525312K)
[3.090s][info][gc,metaspace   ] GC(83) Metaspace: 6299K(6464K)->6299K(6464K) NonClass: 5766K(5824K)->5766K(5824K) Class: 533K(640K)->533K(640K)
[3.090s][info][gc             ] GC(83) Pause Young (Allocation Failure) 524M->525M(582M) 22.255ms
[3.090s][info][gc,cpu         ] GC(83) User=0.12s Sys=0.02s Real=0.02s
[3.090s][info][gc,start       ] GC(84) Pause Full (Ergonomics)
[3.090s][info][gc,phases,start] GC(84) Marking Phase
[3.201s][info][gc,phases      ] GC(84) Marking Phase 111.238ms
[3.201s][info][gc,phases,start] GC(84) Summary Phase
[3.201s][info][gc,phases      ] GC(84) Summary Phase 0.028ms
[3.201s][info][gc,phases,start] GC(84) Adjust Roots
[3.201s][info][gc,phases      ] GC(84) Adjust Roots 0.148ms
[3.201s][info][gc,phases,start] GC(84) Compaction Phase
[3.252s][info][gc,phases      ] GC(84) Compaction Phase 50.358ms
[3.252s][info][gc,phases,start] GC(84) Post Compact
[3.252s][info][gc,phases      ] GC(84) Post Compact 0.838ms
[3.253s][info][gc,heap        ] GC(84) PSYoungGen: 22848K(71168K)->11449K(72192K) Eden: 0K(6144K)->0K(7168K) From: 22848K(65024K)->11449K(65024K)
[3.253s][info][gc,heap        ] GC(84) ParOldGen: 514773K(525312K)->525279K(595456K)
[3.253s][info][gc,metaspace   ] GC(84) Metaspace: 6299K(6464K)->6299K(6464K) NonClass: 5766K(5824K)->5766K(5824K) Class: 533K(640K)->533K(640K)
[3.253s][info][gc             ] GC(84) Pause Full (Ergonomics) 525M->524M(652M) 163.106ms
[3.253s][info][gc,cpu         ] GC(84) User=0.98s Sys=0.00s Real=0.16s
[3.260s][info][gc,start       ] GC(85) Pause Young (Allocation Failure)
[3.292s][info][gc,heap        ] GC(85) PSYoungGen: 18617K(72192K)->9248K(74240K) Eden: 7168K(7168K)->0K(7168K) From: 11449K(65024K)->9248K(67072K)
[3.292s][info][gc,heap        ] GC(85) ParOldGen: 525279K(595456K)->534951K(595456K)
[3.292s][info][gc,metaspace   ] GC(85) Metaspace: 6299K(6464K)->6299K(6464K) NonClass: 5766K(5824K)->5766K(5824K) Class: 533K(640K)->533K(640K)
[3.292s][info][gc             ] GC(85) Pause Young (Allocation Failure) 531M->531M(654M) 31.486ms
[3.292s][info][gc,cpu         ] GC(85) User=0.14s Sys=0.00s Real=0.03s
[3.300s][info][gc,start       ] GC(86) Pause Young (Allocation Failure)
[3.310s][info][gc,heap        ] GC(86) PSYoungGen: 16416K(74240K)->14400K(72704K) Eden: 7168K(7168K)->0K(8192K) From: 9248K(67072K)->14400K(64512K)
[3.310s][info][gc,heap        ] GC(86) ParOldGen: 534951K(595456K)->536951K(595456K)
[3.310s][info][gc,metaspace   ] GC(86) Metaspace: 6299K(6464K)->6299K(6464K) NonClass: 5766K(5824K)->5766K(5824K) Class: 533K(640K)->533K(640K)
[3.310s][info][gc             ] GC(86) Pause Young (Allocation Failure) 538M->538M(652M) 9.892ms
[3.310s][info][gc,cpu         ] GC(86) User=0.02s Sys=0.00s Real=0.01s
[3.319s][info][gc,start       ] GC(87) Pause Young (Allocation Failure)
[3.331s][info][gc,heap        ] GC(87) PSYoungGen: 22592K(72704K)->15456K(74240K) Eden: 8192K(8192K)->0K(8192K) From: 14400K(64512K)->15456K(66048K)
[3.331s][info][gc,heap        ] GC(87) ParOldGen: 536951K(595456K)->544223K(595456K)
[3.331s][info][gc,metaspace   ] GC(87) Metaspace: 6299K(6464K)->6299K(6464K) NonClass: 5766K(5824K)->5766K(5824K) Class: 533K(640K)->533K(640K)
[3.331s][info][gc             ] GC(87) Pause Young (Allocation Failure) 546M->546M(654M) 12.558ms
[3.331s][info][gc,cpu         ] GC(87) User=0.02s Sys=0.00s Real=0.01s
[3.341s][info][gc,start       ] GC(88) Pause Young (Allocation Failure)
[3.354s][info][gc,heap        ] GC(88) PSYoungGen: 23648K(74240K)->8256K(73216K) Eden: 8192K(8192K)->0K(9728K) From: 15456K(66048K)->8256K(63488K)
[3.354s][info][gc,heap        ] GC(88) ParOldGen: 544223K(595456K)->559767K(595456K)
[3.354s][info][gc,metaspace   ] GC(88) Metaspace: 6299K(6464K)->6299K(6464K) NonClass: 5766K(5824K)->5766K(5824K) Class: 533K(640K)->533K(640K)
[3.354s][info][gc             ] GC(88) Pause Young (Allocation Failure) 554M->554M(653M) 13.767ms
[3.354s][info][gc,cpu         ] GC(88) User=0.02s Sys=0.00s Real=0.01s
[3.365s][info][gc,start       ] GC(89) Pause Young (Allocation Failure)
[3.377s][info][gc,heap        ] GC(89) PSYoungGen: 17984K(73216K)->9792K(73728K) Eden: 9728K(9728K)->0K(9728K) From: 8256K(63488K)->9792K(64000K)
[3.377s][info][gc,heap        ] GC(89) ParOldGen: 559767K(595456K)->568071K(595456K)
[3.377s][info][gc,metaspace   ] GC(89) Metaspace: 6299K(6464K)->6299K(6464K) NonClass: 5766K(5824K)->5766K(5824K) Class: 533K(640K)->533K(640K)
[3.377s][info][gc             ] GC(89) Pause Young (Allocation Failure) 564M->564M(653M) 11.451ms
[3.377s][info][gc,cpu         ] GC(89) User=0.02s Sys=0.00s Real=0.01s
[3.388s][info][gc,start       ] GC(90) Pause Young (Allocation Failure)
[3.400s][info][gc,heap        ] GC(90) PSYoungGen: 19520K(73728K)->9856K(70656K) Eden: 9728K(9728K)->0K(11264K) From: 9792K(64000K)->9856K(59392K)
[3.400s][info][gc,heap        ] GC(90) ParOldGen: 568071K(595456K)->577927K(595456K)
[3.400s][info][gc,metaspace   ] GC(90) Metaspace: 6299K(6464K)->6299K(6464K) NonClass: 5766K(5824K)->5766K(5824K) Class: 533K(640K)->533K(640K)
[3.400s][info][gc             ] GC(90) Pause Young (Allocation Failure) 573M->574M(650M) 12.268ms
[3.400s][info][gc,cpu         ] GC(90) User=0.00s Sys=0.00s Real=0.01s
[3.400s][info][gc,start       ] GC(91) Pause Full (Ergonomics)
[3.400s][info][gc,phases,start] GC(91) Marking Phase
[3.518s][info][gc,phases      ] GC(91) Marking Phase 117.889ms
[3.518s][info][gc,phases,start] GC(91) Summary Phase
[3.518s][info][gc,phases      ] GC(91) Summary Phase 0.025ms
[3.518s][info][gc,phases,start] GC(91) Adjust Roots
[3.518s][info][gc,phases      ] GC(91) Adjust Roots 0.157ms
[3.518s][info][gc,phases,start] GC(91) Compaction Phase
[3.568s][info][gc,phases      ] GC(91) Compaction Phase 49.763ms
[3.568s][info][gc,phases,start] GC(91) Post Compact
[3.569s][info][gc,phases      ] GC(91) Post Compact 1.075ms
[3.570s][info][gc,heap        ] GC(91) PSYoungGen: 9856K(70656K)->0K(72192K) Eden: 0K(11264K)->0K(11264K) From: 9856K(59392K)->0K(60928K)
[3.570s][info][gc,heap        ] GC(91) ParOldGen: 577927K(595456K)->586712K(655872K)
[3.570s][info][gc,metaspace   ] GC(91) Metaspace: 6299K(6464K)->6299K(6464K) NonClass: 5766K(5824K)->5766K(5824K) Class: 533K(640K)->533K(640K)
[3.570s][info][gc             ] GC(91) Pause Full (Ergonomics) 574M->572M(711M) 169.472ms
[3.570s][info][gc,cpu         ] GC(91) User=1.27s Sys=0.02s Real=0.17s
[3.582s][info][gc,start       ] GC(92) Pause Young (Allocation Failure)
[3.590s][info][gc,heap        ] GC(92) PSYoungGen: 11264K(72192K)->11424K(69632K) Eden: 11264K(11264K)->0K(12800K) From: 0K(60928K)->11424K(56832K)
[3.590s][info][gc,heap        ] GC(92) ParOldGen: 586712K(655872K)->586712K(655872K)
[3.590s][info][gc,metaspace   ] GC(92) Metaspace: 6299K(6464K)->6299K(6464K) NonClass: 5766K(5824K)->5766K(5824K) Class: 533K(640K)->533K(640K)
[3.590s][info][gc             ] GC(92) Pause Young (Allocation Failure) 583M->584M(708M) 8.204ms
[3.590s][info][gc,cpu         ] GC(92) User=0.00s Sys=0.00s Real=0.01s
[3.605s][info][gc,start       ] GC(93) Pause Young (Allocation Failure)
[3.619s][info][gc,heap        ] GC(93) PSYoungGen: 24224K(69632K)->24160K(37376K) Eden: 12800K(12800K)->0K(12800K) From: 11424K(56832K)->24160K(24576K)
[3.619s][info][gc,heap        ] GC(93) ParOldGen: 586712K(655872K)->586712K(655872K)
[3.619s][info][gc,metaspace   ] GC(93) Metaspace: 6299K(6464K)->6299K(6464K) NonClass: 5766K(5824K)->5766K(5824K) Class: 533K(640K)->533K(640K)
[3.619s][info][gc             ] GC(93) Pause Young (Allocation Failure) 596M->596M(677M) 13.564ms
[3.619s][info][gc,cpu         ] GC(93) User=0.00s Sys=0.00s Real=0.01s
[3.634s][info][gc,start       ] GC(94) Pause Young (Allocation Failure)
[3.653s][info][gc,heap        ] GC(94) PSYoungGen: 36960K(37376K)->36992K(68096K) Eden: 12800K(12800K)->0K(11776K) From: 24160K(24576K)->36992K(56320K)
[3.653s][info][gc,heap        ] GC(94) ParOldGen: 586712K(655872K)->586712K(655872K)
[3.653s][info][gc,metaspace   ] GC(94) Metaspace: 6299K(6464K)->6299K(6464K) NonClass: 5766K(5824K)->5766K(5824K) Class: 533K(640K)->533K(640K)
[3.653s][info][gc             ] GC(94) Pause Young (Allocation Failure) 609M->609M(707M) 19.028ms
[3.653s][info][gc,cpu         ] GC(94) User=0.14s Sys=0.00s Real=0.02s
[3.668s][info][gc,start       ] GC(95) Pause Young (Allocation Failure)
[3.692s][info][gc,heap        ] GC(95) PSYoungGen: 48768K(68096K)->48800K(70656K) Eden: 11776K(11776K)->0K(11776K) From: 36992K(56320K)->48800K(58880K)
[3.692s][info][gc,heap        ] GC(95) ParOldGen: 586712K(655872K)->586712K(655872K)
[3.692s][info][gc,metaspace   ] GC(95) Metaspace: 6299K(6464K)->6299K(6464K) NonClass: 5766K(5824K)->5766K(5824K) Class: 533K(640K)->533K(640K)
[3.692s][info][gc             ] GC(95) Pause Young (Allocation Failure) 620M->620M(709M) 24.462ms
[3.692s][info][gc,cpu         ] GC(95) User=0.12s Sys=0.00s Real=0.03s
[3.707s][info][gc,start       ] GC(96) Pause Young (Allocation Failure)
[3.736s][info][gc,heap        ] GC(96) PSYoungGen: 60576K(70656K)->49280K(72704K) Eden: 11776K(11776K)->0K(8192K) From: 48800K(58880K)->49280K(64512K)
[3.736s][info][gc,heap        ] GC(96) ParOldGen: 586712K(655872K)->598112K(655872K)
[3.736s][info][gc,metaspace   ] GC(96) Metaspace: 6299K(6464K)->6299K(6464K) NonClass: 5766K(5824K)->5766K(5824K) Class: 533K(640K)->533K(640K)
[3.736s][info][gc             ] GC(96) Pause Young (Allocation Failure) 632M->632M(711M) 29.524ms
[3.736s][info][gc,cpu         ] GC(96) User=0.14s Sys=0.00s Real=0.03s
[3.746s][info][gc,start       ] GC(97) Pause Young (Allocation Failure)
[3.774s][info][gc,heap        ] GC(97) PSYoungGen: 57472K(72704K)->44672K(77824K) Eden: 8192K(8192K)->0K(8192K) From: 49280K(64512K)->44672K(69632K)
[3.774s][info][gc,heap        ] GC(97) ParOldGen: 598112K(655872K)->611080K(655872K)
[3.774s][info][gc,metaspace   ] GC(97) Metaspace: 6299K(6464K)->6299K(6464K) NonClass: 5766K(5824K)->5766K(5824K) Class: 533K(640K)->533K(640K)
[3.774s][info][gc             ] GC(97) Pause Young (Allocation Failure) 640M->640M(716M) 28.089ms
[3.774s][info][gc,cpu         ] GC(97) User=0.12s Sys=0.00s Real=0.03s
[3.783s][info][gc,start       ] GC(98) Pause Young (Allocation Failure)
[3.809s][info][gc,heap        ] GC(98) PSYoungGen: 52864K(77824K)->28192K(73216K) Eden: 8192K(8192K)->0K(9728K) From: 44672K(69632K)->28192K(63488K)
[3.809s][info][gc,heap        ] GC(98) ParOldGen: 611080K(655872K)->635976K(655872K)
[3.810s][info][gc,metaspace   ] GC(98) Metaspace: 6299K(6464K)->6299K(6464K) NonClass: 5766K(5824K)->5766K(5824K) Class: 533K(640K)->533K(640K)
[3.810s][info][gc             ] GC(98) Pause Young (Allocation Failure) 648M->648M(712M) 26.587ms
[3.810s][info][gc,cpu         ] GC(98) User=0.14s Sys=0.00s Real=0.03s
[3.810s][info][gc,start       ] GC(99) Pause Full (Ergonomics)
[3.810s][info][gc,phases,start] GC(99) Marking Phase
[3.961s][info][gc,phases      ] GC(99) Marking Phase 151.583ms
[3.961s][info][gc,phases,start] GC(99) Summary Phase
[3.961s][info][gc,phases      ] GC(99) Summary Phase 0.021ms
[3.961s][info][gc,phases,start] GC(99) Adjust Roots
[3.961s][info][gc,phases      ] GC(99) Adjust Roots 0.153ms
[3.961s][info][gc,phases,start] GC(99) Compaction Phase
[4.020s][info][gc,phases      ] GC(99) Compaction Phase 58.161ms
[4.020s][info][gc,phases,start] GC(99) Post Compact
[4.021s][info][gc,phases      ] GC(99) Post Compact 1.068ms
[4.021s][info][gc,heap        ] GC(99) PSYoungGen: 28192K(73216K)->7631K(74752K) Eden: 0K(9728K)->0K(11264K) From: 28192K(63488K)->7631K(63488K)
[4.021s][info][gc,heap        ] GC(99) ParOldGen: 635976K(655872K)->655666K(732672K)
[4.021s][info][gc,metaspace   ] GC(99) Metaspace: 6299K(6464K)->6299K(6464K) NonClass: 5766K(5824K)->5766K(5824K) Class: 533K(640K)->533K(640K)
[4.021s][info][gc             ] GC(99) Pause Full (Ergonomics) 648M->647M(788M) 211.597ms
[4.021s][info][gc,cpu         ] GC(99) User=1.47s Sys=0.00s Real=0.21s
[4.035s][info][gc,start       ] GC(100) Pause Young (Allocation Failure)
[4.074s][info][gc,heap        ] GC(100) PSYoungGen: 18895K(74752K)->14816K(78848K) Eden: 11264K(11264K)->0K(11264K) From: 7631K(63488K)->14816K(67584K)
[4.074s][info][gc,heap        ] GC(100) ParOldGen: 655666K(732672K)->659954K(732672K)
[4.074s][info][gc,metaspace   ] GC(100) Metaspace: 6299K(6464K)->6299K(6464K) NonClass: 5766K(5824K)->5766K(5824K) Class: 533K(640K)->533K(640K)
[4.074s][info][gc             ] GC(100) Pause Young (Allocation Failure) 658M->658M(792M) 38.919ms
[4.074s][info][gc,cpu         ] GC(100) User=0.16s Sys=0.00s Real=0.04s
[4.088s][info][gc,start       ] GC(101) Pause Young (Allocation Failure)
[4.103s][info][gc,heap        ] GC(101) PSYoungGen: 26080K(78848K)->22624K(73216K) Eden: 11264K(11264K)->0K(12800K) From: 14816K(67584K)->22624K(60416K)
[4.103s][info][gc,heap        ] GC(101) ParOldGen: 659954K(732672K)->663466K(732672K)
[4.103s][info][gc,metaspace   ] GC(101) Metaspace: 6299K(6464K)->6299K(6464K) NonClass: 5766K(5824K)->5766K(5824K) Class: 533K(640K)->533K(640K)
[4.103s][info][gc             ] GC(101) Pause Young (Allocation Failure) 669M->670M(787M) 15.144ms
[4.103s][info][gc,cpu         ] GC(101) User=0.02s Sys=0.00s Real=0.02s
[4.120s][info][gc,start       ] GC(102) Pause Young (Allocation Failure)
[4.141s][info][gc,heap        ] GC(102) PSYoungGen: 35424K(73216K)->24192K(37376K) Eden: 12800K(12800K)->0K(12800K) From: 22624K(60416K)->24192K(24576K)
[4.141s][info][gc,heap        ] GC(102) ParOldGen: 663466K(732672K)->674906K(732672K)
[4.141s][info][gc,metaspace   ] GC(102) Metaspace: 6299K(6464K)->6299K(6464K) NonClass: 5766K(5824K)->5766K(5824K) Class: 533K(640K)->533K(640K)
[4.141s][info][gc             ] GC(102) Pause Young (Allocation Failure) 682M->682M(752M) 21.424ms
[4.141s][info][gc,cpu         ] GC(102) User=0.11s Sys=0.00s Real=0.02s
[4.266s][info][gc,start       ] GC(103) Pause Young (Allocation Failure)
[4.299s][info][gc,heap        ] GC(103) PSYoungGen: 36992K(37376K)->25696K(68608K) Eden: 12800K(12800K)->0K(14336K) From: 24192K(24576K)->25696K(54272K)
[4.299s][info][gc,heap        ] GC(103) ParOldGen: 707674K(732672K)->719106K(732672K)
[4.299s][info][gc,metaspace   ] GC(103) Metaspace: 6299K(6464K)->6299K(6464K) NonClass: 5766K(5824K)->5766K(5824K) Class: 533K(640K)->533K(640K)
[4.299s][info][gc             ] GC(103) Pause Young (Allocation Failure) 727M->727M(782M) 33.318ms
[4.299s][info][gc,cpu         ] GC(103) User=0.16s Sys=0.00s Real=0.03s
[4.299s][info][gc,start       ] GC(104) Pause Full (Ergonomics)
[4.299s][info][gc,phases,start] GC(104) Marking Phase
[4.458s][info][gc,phases      ] GC(104) Marking Phase 159.018ms
[4.458s][info][gc,phases,start] GC(104) Summary Phase
[4.458s][info][gc,phases      ] GC(104) Summary Phase 0.031ms
[4.458s][info][gc,phases,start] GC(104) Adjust Roots
[4.459s][info][gc,phases      ] GC(104) Adjust Roots 0.162ms
[4.459s][info][gc,phases,start] GC(104) Compaction Phase
[4.575s][info][gc,phases      ] GC(104) Compaction Phase 116.240ms
[4.575s][info][gc,phases,start] GC(104) Post Compact
[4.577s][info][gc,phases      ] GC(104) Post Compact 1.563ms
[4.577s][info][gc,heap        ] GC(104) PSYoungGen: 25696K(68608K)->0K(71680K) Eden: 0K(14336K)->0K(14336K) From: 25696K(54272K)->0K(57344K)
[4.577s][info][gc,heap        ] GC(104) ParOldGen: 719106K(732672K)->727688K(807936K)
[4.577s][info][gc,metaspace   ] GC(104) Metaspace: 6299K(6464K)->6299K(6464K) NonClass: 5766K(5824K)->5766K(5824K) Class: 533K(640K)->533K(640K)
[4.577s][info][gc             ] GC(104) Pause Full (Ergonomics) 727M->710M(859M) 277.587ms
[4.577s][info][gc,cpu         ] GC(104) User=1.78s Sys=0.02s Real=0.28s
[4.595s][info][gc,start       ] GC(105) Pause Young (Allocation Failure)
[4.608s][info][gc,heap        ] GC(105) PSYoungGen: 14336K(71680K)->14464K(71168K) Eden: 14336K(14336K)->0K(15872K) From: 0K(57344K)->14464K(55296K)
[4.608s][info][gc,heap        ] GC(105) ParOldGen: 727688K(807936K)->727688K(807936K)
[4.608s][info][gc,metaspace   ] GC(105) Metaspace: 6299K(6464K)->6299K(6464K) NonClass: 5766K(5824K)->5766K(5824K) Class: 533K(640K)->533K(640K)
[4.608s][info][gc             ] GC(105) Pause Young (Allocation Failure) 724M->724M(858M) 13.298ms
[4.608s][info][gc,cpu         ] GC(105) User=0.02s Sys=0.00s Real=0.01s
[4.625s][info][gc,start       ] GC(106) Pause Young (Allocation Failure)
[4.643s][info][gc,heap        ] GC(106) PSYoungGen: 30336K(71168K)->30368K(72192K) Eden: 15872K(15872K)->0K(15872K) From: 14464K(55296K)->30368K(56320K)
[4.643s][info][gc,heap        ] GC(106) ParOldGen: 727688K(807936K)->727688K(807936K)
[4.643s][info][gc,metaspace   ] GC(106) Metaspace: 6299K(6464K)->6299K(6464K) NonClass: 5766K(5824K)->5766K(5824K) Class: 533K(640K)->533K(640K)
[4.643s][info][gc             ] GC(106) Pause Young (Allocation Failure) 740M->740M(859M) 17.753ms
[4.643s][info][gc,cpu         ] GC(106) User=0.02s Sys=0.00s Real=0.02s
[4.660s][info][gc,start       ] GC(107) Pause Young (Allocation Failure)
[4.682s][info][gc,heap        ] GC(107) PSYoungGen: 46240K(72192K)->46240K(68608K) Eden: 15872K(15872K)->0K(13312K) From: 30368K(56320K)->46240K(55296K)
[4.682s][info][gc,heap        ] GC(107) ParOldGen: 727688K(807936K)->727688K(807936K)
[4.682s][info][gc,metaspace   ] GC(107) Metaspace: 6299K(6464K)->6299K(6464K) NonClass: 5766K(5824K)->5766K(5824K) Class: 533K(640K)->533K(640K)
[4.682s][info][gc             ] GC(107) Pause Young (Allocation Failure) 755M->755M(856M) 22.745ms
[4.682s][info][gc,cpu         ] GC(107) User=0.05s Sys=0.00s Real=0.02s
[4.696s][info][gc,start       ] GC(108) Pause Young (Allocation Failure)
[4.724s][info][gc,heap        ] GC(108) PSYoungGen: 59552K(68608K)->59552K(73216K) Eden: 13312K(13312K)->0K(13312K) From: 46240K(55296K)->59552K(59904K)
[4.724s][info][gc,heap        ] GC(108) ParOldGen: 727688K(807936K)->727688K(807936K)
[4.724s][info][gc,metaspace   ] GC(108) Metaspace: 6299K(6464K)->6299K(6464K) NonClass: 5766K(5824K)->5766K(5824K) Class: 533K(640K)->533K(640K)
[4.724s][info][gc             ] GC(108) Pause Young (Allocation Failure) 768M->768M(860M) 28.369ms
[4.724s][info][gc,cpu         ] GC(108) User=0.09s Sys=0.00s Real=0.03s
[4.738s][info][gc,start       ] GC(109) Pause Young (Allocation Failure)
[4.772s][info][gc,heap        ] GC(109) PSYoungGen: 72864K(73216K)->68096K(71168K) Eden: 13312K(13312K)->0K(3072K) From: 59552K(59904K)->68096K(68096K)
[4.772s][info][gc,heap        ] GC(109) ParOldGen: 727688K(807936K)->732360K(807936K)
[4.772s][info][gc,metaspace   ] GC(109) Metaspace: 6299K(6464K)->6299K(6464K) NonClass: 5766K(5824K)->5766K(5824K) Class: 533K(640K)->533K(640K)
[4.772s][info][gc             ] GC(109) Pause Young (Allocation Failure) 781M->781M(858M) 33.693ms
[4.772s][info][gc,cpu         ] GC(109) User=0.23s Sys=0.02s Real=0.03s
[4.775s][info][gc,start       ] GC(110) Pause Young (Allocation Failure)
[4.807s][info][gc,heap        ] GC(110) PSYoungGen: 71168K(71168K)->57952K(82944K) Eden: 3072K(3072K)->0K(3072K) From: 68096K(68096K)->57952K(79872K)
[4.807s][info][gc,heap        ] GC(110) ParOldGen: 732360K(807936K)->745856K(807936K)
[4.808s][info][gc,metaspace   ] GC(110) Metaspace: 6299K(6464K)->6299K(6464K) NonClass: 5766K(5824K)->5766K(5824K) Class: 533K(640K)->533K(640K)
[4.808s][info][gc             ] GC(110) Pause Young (Allocation Failure) 784M->784M(870M) 32.575ms
[4.808s][info][gc,cpu         ] GC(110) User=0.23s Sys=0.00s Real=0.03s
[4.811s][info][gc,start       ] GC(111) Pause Young (Allocation Failure)
[4.839s][info][gc,heap        ] GC(111) PSYoungGen: 61024K(82944K)->31904K(80896K) Eden: 3072K(3072K)->0K(4096K) From: 57952K(79872K)->31904K(76800K)
[4.839s][info][gc,heap        ] GC(111) ParOldGen: 745856K(807936K)->775320K(807936K)
[4.839s][info][gc,metaspace   ] GC(111) Metaspace: 6299K(6464K)->6299K(6464K) NonClass: 5766K(5824K)->5766K(5824K) Class: 533K(640K)->533K(640K)
[4.839s][info][gc             ] GC(111) Pause Young (Allocation Failure) 787M->788M(868M) 28.478ms
[4.839s][info][gc,cpu         ] GC(111) User=0.12s Sys=0.02s Real=0.03s
[4.843s][info][gc,start       ] GC(112) Pause Young (Allocation Failure)
[4.862s][info][gc,heap        ] GC(112) PSYoungGen: 36000K(80896K)->10304K(84480K) Eden: 4096K(4096K)->0K(4096K) From: 31904K(76800K)->10304K(80384K)
[4.862s][info][gc,heap        ] GC(112) ParOldGen: 775320K(807936K)->801344K(807936K)
[4.862s][info][gc,metaspace   ] GC(112) Metaspace: 6299K(6464K)->6299K(6464K) NonClass: 5766K(5824K)->5766K(5824K) Class: 533K(640K)->533K(640K)
[4.862s][info][gc             ] GC(112) Pause Young (Allocation Failure) 792M->792M(871M) 18.836ms
[4.862s][info][gc,cpu         ] GC(112) User=0.03s Sys=0.00s Real=0.02s
[4.862s][info][gc,start       ] GC(113) Pause Full (Ergonomics)
[4.862s][info][gc,phases,start] GC(113) Marking Phase
[5.043s][info][gc,phases      ] GC(113) Marking Phase 180.969ms
[5.043s][info][gc,phases,start] GC(113) Summary Phase
[5.043s][info][gc,phases      ] GC(113) Summary Phase 0.022ms
[5.043s][info][gc,phases,start] GC(113) Adjust Roots
[5.043s][info][gc,phases      ] GC(113) Adjust Roots 0.154ms
[5.044s][info][gc,phases,start] GC(113) Compaction Phase
[5.121s][info][gc,phases      ] GC(113) Compaction Phase 77.344ms
[5.121s][info][gc,phases,start] GC(113) Post Compact
[5.122s][info][gc,phases      ] GC(113) Post Compact 1.416ms
[5.123s][info][gc,heap        ] GC(113) PSYoungGen: 10304K(84480K)->2504K(84480K) Eden: 0K(4096K)->0K(4096K) From: 10304K(80384K)->2504K(80384K)
[5.123s][info][gc,heap        ] GC(113) ParOldGen: 801344K(807936K)->807863K(902144K)
[5.123s][info][gc,metaspace   ] GC(113) Metaspace: 6299K(6464K)->6299K(6464K) NonClass: 5766K(5824K)->5766K(5824K) Class: 533K(640K)->533K(640K)
[5.123s][info][gc             ] GC(113) Pause Full (Ergonomics) 792M->791M(963M) 260.626ms
[5.123s][info][gc,cpu         ] GC(113) User=1.81s Sys=0.00s Real=0.26s
[5.129s][info][gc,start       ] GC(114) Pause Young (Allocation Failure)
[5.169s][info][gc,heap        ] GC(114) PSYoungGen: 6600K(84480K)->5120K(84992K) Eden: 4096K(4096K)->0K(4608K) From: 2504K(80384K)->5120K(80384K)
[5.169s][info][gc,heap        ] GC(114) ParOldGen: 807863K(902144K)->809495K(902144K)
[5.169s][info][gc,metaspace   ] GC(114) Metaspace: 6299K(6464K)->6299K(6464K) NonClass: 5766K(5824K)->5766K(5824K) Class: 533K(640K)->533K(640K)
[5.169s][info][gc             ] GC(114) Pause Young (Allocation Failure) 795M->795M(964M) 40.421ms
[5.169s][info][gc,cpu         ] GC(114) User=0.16s Sys=0.02s Real=0.04s
[5.174s][info][gc,start       ] GC(115) Pause Young (Allocation Failure)
[5.185s][info][gc,heap        ] GC(115) PSYoungGen: 9728K(84992K)->4704K(85504K) Eden: 4608K(4608K)->0K(4608K) From: 5120K(80384K)->4704K(80896K)
[5.185s][info][gc,heap        ] GC(115) ParOldGen: 809495K(902144K)->814583K(902144K)
[5.185s][info][gc,metaspace   ] GC(115) Metaspace: 6299K(6464K)->6299K(6464K) NonClass: 5766K(5824K)->5766K(5824K) Class: 533K(640K)->533K(640K)
[5.185s][info][gc             ] GC(115) Pause Young (Allocation Failure) 800M->800M(964M) 11.146ms
[5.185s][info][gc,cpu         ] GC(115) User=0.02s Sys=0.00s Real=0.01s
[5.190s][info][gc,start       ] GC(116) Pause Young (Allocation Failure)
[5.202s][info][gc,heap        ] GC(116) PSYoungGen: 9312K(85504K)->4768K(83968K) Eden: 4608K(4608K)->0K(5632K) From: 4704K(80896K)->4768K(78336K)
[5.202s][info][gc,heap        ] GC(116) ParOldGen: 814583K(902144K)->819255K(902144K)
[5.202s][info][gc,metaspace   ] GC(116) Metaspace: 6299K(6464K)->6299K(6464K) NonClass: 5766K(5824K)->5766K(5824K) Class: 533K(640K)->533K(640K)
[5.202s][info][gc             ] GC(116) Pause Young (Allocation Failure) 804M->804M(963M) 12.376ms
[5.202s][info][gc,cpu         ] GC(116) User=0.00s Sys=0.00s Real=0.01s
[5.208s][info][gc,start       ] GC(117) Pause Young (Allocation Failure)
[5.220s][info][gc,heap        ] GC(117) PSYoungGen: 10400K(83968K)->5728K(11776K) Eden: 5632K(5632K)->0K(5632K) From: 4768K(78336K)->5728K(6144K)
[5.220s][info][gc,heap        ] GC(117) ParOldGen: 819255K(902144K)->823927K(902144K)
[5.220s][info][gc,metaspace   ] GC(117) Metaspace: 6299K(6464K)->6299K(6464K) NonClass: 5766K(5824K)->5766K(5824K) Class: 533K(640K)->533K(640K)
[5.220s][info][gc             ] GC(117) Pause Young (Allocation Failure) 810M->810M(892M) 12.200ms
[5.220s][info][gc,cpu         ] GC(117) User=0.02s Sys=0.00s Real=0.01s
[5.226s][info][gc,start       ] GC(118) Pause Young (Allocation Failure)
[5.240s][info][gc,heap        ] GC(118) PSYoungGen: 11360K(11776K)->5760K(80384K) Eden: 5632K(5632K)->0K(6656K) From: 5728K(6144K)->5760K(73728K)
[5.240s][info][gc,heap        ] GC(118) ParOldGen: 823927K(902144K)->829623K(902144K)
[5.240s][info][gc,metaspace   ] GC(118) Metaspace: 6299K(6464K)->6299K(6464K) NonClass: 5766K(5824K)->5766K(5824K) Class: 533K(640K)->533K(640K)
[5.240s][info][gc             ] GC(118) Pause Young (Allocation Failure) 815M->815M(959M) 13.309ms
[5.240s][info][gc,cpu         ] GC(118) User=0.02s Sys=0.00s Real=0.01s
[5.247s][info][gc,start       ] GC(119) Pause Young (Allocation Failure)
[5.259s][info][gc,heap        ] GC(119) PSYoungGen: 12416K(80384K)->6752K(13824K) Eden: 6656K(6656K)->0K(6656K) From: 5760K(73728K)->6752K(7168K)
[5.259s][info][gc,heap        ] GC(119) ParOldGen: 829623K(902144K)->835327K(902144K)
[5.259s][info][gc,metaspace   ] GC(119) Metaspace: 6299K(6464K)->6299K(6464K) NonClass: 5766K(5824K)->5766K(5824K) Class: 533K(640K)->533K(640K)
[5.259s][info][gc             ] GC(119) Pause Young (Allocation Failure) 822M->822M(894M) 12.421ms
[5.259s][info][gc,cpu         ] GC(119) User=0.00s Sys=0.00s Real=0.01s
[5.266s][info][gc,start       ] GC(120) Pause Young (Allocation Failure)
[5.279s][info][gc,heap        ] GC(120) PSYoungGen: 13408K(13824K)->6720K(75264K) Eden: 6656K(6656K)->0K(7680K) From: 6752K(7168K)->6720K(67584K)
[5.279s][info][gc,heap        ] GC(120) ParOldGen: 835327K(902144K)->842079K(902144K)
[5.279s][info][gc,metaspace   ] GC(120) Metaspace: 6299K(6464K)->6299K(6464K) NonClass: 5766K(5824K)->5766K(5824K) Class: 533K(640K)->533K(640K)
[5.279s][info][gc             ] GC(120) Pause Young (Allocation Failure) 828M->828M(954M) 12.842ms
[5.279s][info][gc,cpu         ] GC(120) User=0.02s Sys=0.00s Real=0.01s
[5.288s][info][gc,start       ] GC(121) Pause Young (Allocation Failure)
[5.301s][info][gc,heap        ] GC(121) PSYoungGen: 14400K(75264K)->7808K(15872K) Eden: 7680K(7680K)->0K(7680K) From: 6720K(67584K)->7808K(8192K)
[5.301s][info][gc,heap        ] GC(121) ParOldGen: 842079K(902144K)->848831K(902144K)
[5.301s][info][gc,metaspace   ] GC(121) Metaspace: 6299K(6464K)->6299K(6464K) NonClass: 5766K(5824K)->5766K(5824K) Class: 533K(640K)->533K(640K)
[5.301s][info][gc             ] GC(121) Pause Young (Allocation Failure) 836M->836M(896M) 12.982ms
[5.301s][info][gc,cpu         ] GC(121) User=0.02s Sys=0.00s Real=0.01s
[5.309s][info][gc,start       ] GC(122) Pause Young (Allocation Failure)
[5.322s][info][gc,heap        ] GC(122) PSYoungGen: 15488K(15872K)->7808K(69632K) Eden: 7680K(7680K)->0K(8704K) From: 7808K(8192K)->7808K(60928K)
[5.322s][info][gc,heap        ] GC(122) ParOldGen: 848831K(902144K)->856615K(902144K)
[5.322s][info][gc,metaspace   ] GC(122) Metaspace: 6299K(6464K)->6299K(6464K) NonClass: 5766K(5824K)->5766K(5824K) Class: 533K(640K)->533K(640K)
[5.322s][info][gc             ] GC(122) Pause Young (Allocation Failure) 844M->844M(949M) 13.220ms
[5.322s][info][gc,cpu         ] GC(122) User=0.00s Sys=0.00s Real=0.01s
[5.331s][info][gc,start       ] GC(123) Pause Young (Allocation Failure)
[5.345s][info][gc,heap        ] GC(123) PSYoungGen: 16512K(69632K)->8800K(17920K) Eden: 8704K(8704K)->0K(8704K) From: 7808K(60928K)->8800K(9216K)
[5.345s][info][gc,heap        ] GC(123) ParOldGen: 856615K(902144K)->864391K(902144K)
[5.345s][info][gc,metaspace   ] GC(123) Metaspace: 6299K(6464K)->6299K(6464K) NonClass: 5766K(5824K)->5766K(5824K) Class: 533K(640K)->533K(640K)
[5.345s][info][gc             ] GC(123) Pause Young (Allocation Failure) 852M->852M(898M) 13.537ms
[5.345s][info][gc,cpu         ] GC(123) User=0.02s Sys=0.00s Real=0.01s
[5.355s][info][gc,start       ] GC(124) Pause Young (Allocation Failure)
[5.369s][info][gc,heap        ] GC(124) PSYoungGen: 17504K(17920K)->8800K(65024K) Eden: 8704K(8704K)->0K(10240K) From: 8800K(9216K)->8800K(54784K)
[5.369s][info][gc,heap        ] GC(124) ParOldGen: 864391K(902144K)->873207K(902144K)
[5.369s][info][gc,metaspace   ] GC(124) Metaspace: 6299K(6464K)->6299K(6464K) NonClass: 5766K(5824K)->5766K(5824K) Class: 533K(640K)->533K(640K)
[5.369s][info][gc             ] GC(124) Pause Young (Allocation Failure) 861M->861M(944M) 14.020ms
[5.369s][info][gc,cpu         ] GC(124) User=0.00s Sys=0.00s Real=0.01s
[5.380s][info][gc,start       ] GC(125) Pause Young (Allocation Failure)
[5.395s][info][gc,heap        ] GC(125) PSYoungGen: 19040K(65024K)->10336K(20992K) Eden: 10240K(10240K)->0K(10240K) From: 8800K(54784K)->10336K(10752K)
[5.395s][info][gc,heap        ] GC(125) ParOldGen: 873207K(902144K)->882031K(902144K)
[5.395s][info][gc,metaspace   ] GC(125) Metaspace: 6299K(6464K)->6299K(6464K) NonClass: 5766K(5824K)->5766K(5824K) Class: 533K(640K)->533K(640K)
[5.395s][info][gc             ] GC(125) Pause Young (Allocation Failure) 871M->871M(901M) 14.672ms
[5.395s][info][gc,cpu         ] GC(125) User=0.03s Sys=0.00s Real=0.01s
[5.407s][info][gc,start       ] GC(126) Pause Young (Allocation Failure)
[5.422s][info][gc,heap        ] GC(126) PSYoungGen: 20576K(20992K)->10336K(59904K) Eden: 10240K(10240K)->0K(11776K) From: 10336K(10752K)->10336K(48128K)
[5.422s][info][gc,heap        ] GC(126) ParOldGen: 882031K(902144K)->892399K(902144K)
[5.422s][info][gc,metaspace   ] GC(126) Metaspace: 6299K(6464K)->6299K(6464K) NonClass: 5766K(5824K)->5766K(5824K) Class: 533K(640K)->533K(640K)
[5.422s][info][gc             ] GC(126) Pause Young (Allocation Failure) 881M->881M(939M) 15.358ms
[5.422s][info][gc,cpu         ] GC(126) User=0.00s Sys=0.00s Real=0.02s
[5.422s][info][gc,start       ] GC(127) Pause Full (Ergonomics)
[5.422s][info][gc,phases,start] GC(127) Marking Phase
[5.624s][info][gc,phases      ] GC(127) Marking Phase 201.744ms
[5.624s][info][gc,phases,start] GC(127) Summary Phase
[5.624s][info][gc,phases      ] GC(127) Summary Phase 0.030ms
[5.624s][info][gc,phases,start] GC(127) Adjust Roots
[5.624s][info][gc,phases      ] GC(127) Adjust Roots 0.170ms
[5.624s][info][gc,phases,start] GC(127) Compaction Phase
[5.712s][info][gc,phases      ] GC(127) Compaction Phase 88.075ms
[5.712s][info][gc,phases,start] GC(127) Post Compact
[5.714s][info][gc,phases      ] GC(127) Post Compact 1.598ms
[5.714s][info][gc,heap        ] GC(127) PSYoungGen: 10336K(59904K)->0K(62976K) Eden: 0K(11776K)->0K(11776K) From: 10336K(48128K)->0K(51200K)
[5.714s][info][gc,heap        ] GC(127) ParOldGen: 892399K(902144K)->901087K(986624K)
[5.714s][info][gc,metaspace   ] GC(127) Metaspace: 6299K(6464K)->6299K(6464K) NonClass: 5766K(5824K)->5766K(5824K) Class: 533K(640K)->533K(640K)
[5.714s][info][gc             ] GC(127) Pause Full (Ergonomics) 881M->879M(1025M) 292.328ms
[5.714s][info][gc,cpu         ] GC(127) User=2.03s Sys=0.00s Real=0.29s
[5.729s][info][gc,start       ] GC(128) Pause Young (Allocation Failure)
[5.741s][info][gc,heap        ] GC(128) PSYoungGen: 11776K(62976K)->11904K(58368K) Eden: 11776K(11776K)->0K(13312K) From: 0K(51200K)->11904K(45056K)
[5.742s][info][gc,heap        ] GC(128) ParOldGen: 901087K(986624K)->901087K(986624K)
[5.742s][info][gc,metaspace   ] GC(128) Metaspace: 6299K(6464K)->6299K(6464K) NonClass: 5766K(5824K)->5766K(5824K) Class: 533K(640K)->533K(640K)
[5.742s][info][gc             ] GC(128) Pause Young (Allocation Failure) 891M->891M(1020M) 12.495ms
[5.742s][info][gc,cpu         ] GC(128) User=0.00s Sys=0.00s Real=0.01s
[5.756s][info][gc,start       ] GC(129) Pause Young (Allocation Failure)
[5.773s][info][gc,heap        ] GC(129) PSYoungGen: 25216K(58368K)->25184K(61440K) Eden: 13312K(13312K)->0K(13312K) From: 11904K(45056K)->25184K(48128K)
[5.773s][info][gc,heap        ] GC(129) ParOldGen: 901087K(986624K)->901087K(986624K)
[5.773s][info][gc,metaspace   ] GC(129) Metaspace: 6299K(6464K)->6299K(6464K) NonClass: 5766K(5824K)->5766K(5824K) Class: 533K(640K)->533K(640K)
[5.773s][info][gc             ] GC(129) Pause Young (Allocation Failure) 904M->904M(1023M) 16.532ms
[5.773s][info][gc,cpu         ] GC(129) User=0.03s Sys=0.00s Real=0.02s
[5.787s][info][gc,start       ] GC(130) Pause Young (Allocation Failure)
[5.808s][info][gc,heap        ] GC(130) PSYoungGen: 38496K(61440K)->26816K(62464K) Eden: 13312K(13312K)->0K(13824K) From: 25184K(48128K)->26816K(48640K)
[5.808s][info][gc,heap        ] GC(130) ParOldGen: 901087K(986624K)->913015K(986624K)
[5.808s][info][gc,metaspace   ] GC(130) Metaspace: 6299K(6464K)->6299K(6464K) NonClass: 5766K(5824K)->5766K(5824K) Class: 533K(640K)->533K(640K)
[5.808s][info][gc             ] GC(130) Pause Young (Allocation Failure) 917M->917M(1024M) 20.664ms
[5.808s][info][gc,cpu         ] GC(130) User=0.05s Sys=0.02s Real=0.02s
[5.823s][info][gc,start       ] GC(131) Pause Young (Allocation Failure)
[5.844s][info][gc,heap        ] GC(131) PSYoungGen: 40640K(62464K)->27232K(63488K) Eden: 13824K(13824K)->0K(13824K) From: 26816K(48640K)->27232K(49664K)
[5.844s][info][gc,heap        ] GC(131) ParOldGen: 913015K(986624K)->926503K(986624K)
[5.844s][info][gc,metaspace   ] GC(131) Metaspace: 6299K(6464K)->6299K(6464K) NonClass: 5766K(5824K)->5766K(5824K) Class: 533K(640K)->533K(640K)
[5.844s][info][gc             ] GC(131) Pause Young (Allocation Failure) 931M->931M(1025M) 21.222ms
[5.844s][info][gc,cpu         ] GC(131) User=0.12s Sys=0.00s Real=0.02s
[5.859s][info][gc,start       ] GC(132) Pause Young (Allocation Failure)
[5.881s][info][gc,heap        ] GC(132) PSYoungGen: 41056K(63488K)->27776K(65536K) Eden: 13824K(13824K)->0K(15360K) From: 27232K(49664K)->27776K(50176K)
[5.881s][info][gc,heap        ] GC(132) ParOldGen: 926503K(986624K)->939999K(986624K)
[5.881s][info][gc,metaspace   ] GC(132) Metaspace: 6299K(6464K)->6299K(6464K) NonClass: 5766K(5824K)->5766K(5824K) Class: 533K(640K)->533K(640K)
[5.881s][info][gc             ] GC(132) Pause Young (Allocation Failure) 944M->945M(1027M) 21.678ms
[5.881s][info][gc,cpu         ] GC(132) User=0.12s Sys=0.00s Real=0.02s
[5.898s][info][gc,start       ] GC(133) Pause Young (Allocation Failure)
[5.920s][info][gc,heap        ] GC(133) PSYoungGen: 43136K(65536K)->29312K(66048K) Eden: 15360K(15360K)->0K(15360K) From: 27776K(50176K)->29312K(50688K)
[5.920s][info][gc,heap        ] GC(133) ParOldGen: 939999K(986624K)->953999K(986624K)
[5.920s][info][gc,metaspace   ] GC(133) Metaspace: 6299K(6464K)->6299K(6464K) NonClass: 5766K(5824K)->5766K(5824K) Class: 533K(640K)->533K(640K)
[5.920s][info][gc             ] GC(133) Pause Young (Allocation Failure) 960M->960M(1028M) 22.745ms
[5.920s][info][gc,cpu         ] GC(133) User=0.14s Sys=0.00s Real=0.02s
[5.938s][info][gc,start       ] GC(134) Pause Young (Allocation Failure)
[5.961s][info][gc,heap        ] GC(134) PSYoungGen: 44672K(66048K)->30880K(68096K) Eden: 15360K(15360K)->0K(16384K) From: 29312K(50688K)->30880K(51712K)
[5.961s][info][gc,heap        ] GC(134) ParOldGen: 953999K(986624K)->968015K(986624K)
[5.961s][info][gc,metaspace   ] GC(134) Metaspace: 6299K(6464K)->6299K(6464K) NonClass: 5766K(5824K)->5766K(5824K) Class: 533K(640K)->533K(640K)
[5.961s][info][gc             ] GC(134) Pause Young (Allocation Failure) 975M->975M(1030M) 23.323ms
[5.961s][info][gc,cpu         ] GC(134) User=0.12s Sys=0.00s Real=0.02s
[5.961s][info][gc,start       ] GC(135) Pause Full (Ergonomics)
[5.961s][info][gc,phases,start] GC(135) Marking Phase
[6.189s][info][gc,phases      ] GC(135) Marking Phase 227.772ms
[6.189s][info][gc,phases,start] GC(135) Summary Phase
[6.189s][info][gc,phases      ] GC(135) Summary Phase 0.024ms
[6.189s][info][gc,phases,start] GC(135) Adjust Roots
[6.189s][info][gc,phases      ] GC(135) Adjust Roots 0.156ms
[6.189s][info][gc,phases,start] GC(135) Compaction Phase
[6.277s][info][gc,phases      ] GC(135) Compaction Phase 88.001ms
[6.277s][info][gc,phases,start] GC(135) Post Compact
[6.279s][info][gc,phases      ] GC(135) Post Compact 1.821ms
[6.280s][info][gc,heap        ] GC(135) PSYoungGen: 30880K(68096K)->11242K(68096K) Eden: 0K(16384K)->0K(16384K) From: 30880K(51712K)->11242K(51712K)
[6.280s][info][gc,heap        ] GC(135) ParOldGen: 968015K(986624K)->986393K(1082880K)
[6.280s][info][gc,metaspace   ] GC(135) Metaspace: 6299K(6464K)->6299K(6464K) NonClass: 5766K(5824K)->5766K(5824K) Class: 533K(640K)->533K(640K)
[6.280s][info][gc             ] GC(135) Pause Full (Ergonomics) 975M->974M(1124M) 318.570ms
[6.280s][info][gc,cpu         ] GC(135) User=2.36s Sys=0.02s Real=0.32s
[6.301s][info][gc,start       ] GC(136) Pause Young (Allocation Failure)
[6.355s][info][gc,heap        ] GC(136) PSYoungGen: 27626K(68096K)->16512K(33280K) Eden: 16384K(16384K)->0K(16384K) From: 11242K(51712K)->16512K(16896K)
[6.355s][info][gc,heap        ] GC(136) ParOldGen: 986393K(1082880K)->997809K(1082880K)
[6.355s][info][gc,metaspace   ] GC(136) Metaspace: 6299K(6464K)->6299K(6464K) NonClass: 5766K(5824K)->5766K(5824K) Class: 533K(640K)->533K(640K)
[6.355s][info][gc             ] GC(136) Pause Young (Allocation Failure) 990M->990M(1090M) 54.882ms
[6.355s][info][gc,cpu         ] GC(136) User=0.39s Sys=0.00s Real=0.05s
[6.374s][info][gc,start       ] GC(137) Pause Young (Allocation Failure)
[6.394s][info][gc,heap        ] GC(137) PSYoungGen: 32896K(33280K)->32896K(67072K) Eden: 16384K(16384K)->0K(16896K) From: 16512K(16896K)->32896K(50176K)
[6.394s][info][gc,heap        ] GC(137) ParOldGen: 997809K(1082880K)->997809K(1082880K)
[6.394s][info][gc,metaspace   ] GC(137) Metaspace: 6299K(6464K)->6299K(6464K) NonClass: 5766K(5824K)->5766K(5824K) Class: 533K(640K)->533K(640K)
[6.394s][info][gc             ] GC(137) Pause Young (Allocation Failure) 1006M->1006M(1123M) 20.090ms
[6.394s][info][gc,cpu         ] GC(137) User=0.02s Sys=0.00s Real=0.02s
[6.413s][info][gc,start       ] GC(138) Pause Young (Allocation Failure)
[6.440s][info][gc,heap        ] GC(138) PSYoungGen: 49792K(67072K)->33408K(68608K) Eden: 16896K(16896K)->0K(16896K) From: 32896K(50176K)->33408K(51712K)
[6.440s][info][gc,heap        ] GC(138) ParOldGen: 997809K(1082880K)->1014417K(1082880K)
[6.440s][info][gc,metaspace   ] GC(138) Metaspace: 6299K(6464K)->6299K(6464K) NonClass: 5766K(5824K)->5766K(5824K) Class: 533K(640K)->533K(640K)
[6.440s][info][gc             ] GC(138) Pause Young (Allocation Failure) 1023M->1023M(1124M) 26.686ms
[6.440s][info][gc,cpu         ] GC(138) User=0.14s Sys=0.00s Real=0.03s
[6.459s][info][gc,start       ] GC(139) Pause Young (Allocation Failure)
[6.486s][info][gc,heap        ] GC(139) PSYoungGen: 50304K(68608K)->33984K(71168K) Eden: 16896K(16896K)->0K(17920K) From: 33408K(51712K)->33984K(53248K)
[6.486s][info][gc,heap        ] GC(139) ParOldGen: 1014417K(1082880K)->1031025K(1082880K)
[6.486s][info][gc,metaspace   ] GC(139) Metaspace: 6299K(6464K)->6299K(6464K) NonClass: 5766K(5824K)->5766K(5824K) Class: 533K(640K)->533K(640K)
[6.486s][info][gc             ] GC(139) Pause Young (Allocation Failure) 1039M->1040M(1127M) 26.890ms
[6.486s][info][gc,cpu         ] GC(139) User=0.14s Sys=0.00s Real=0.03s
[6.506s][info][gc,start       ] GC(140) Pause Young (Allocation Failure)
[6.534s][info][gc,heap        ] GC(140) PSYoungGen: 51904K(71168K)->34944K(72192K) Eden: 17920K(17920K)->0K(17920K) From: 33984K(53248K)->34944K(54272K)
[6.534s][info][gc,heap        ] GC(140) ParOldGen: 1031025K(1082880K)->1048153K(1082880K)
[6.534s][info][gc,metaspace   ] GC(140) Metaspace: 6299K(6464K)->6299K(6464K) NonClass: 5766K(5824K)->5766K(5824K) Class: 533K(640K)->533K(640K)
[6.534s][info][gc             ] GC(140) Pause Young (Allocation Failure) 1057M->1057M(1128M) 27.984ms
[6.534s][info][gc,cpu         ] GC(140) User=0.12s Sys=0.02s Real=0.03s
[6.554s][info][gc,start       ] GC(141) Pause Young (Allocation Failure)
[6.583s][info][gc,heap        ] GC(141) PSYoungGen: 52864K(72192K)->36000K(74240K) Eden: 17920K(17920K)->0K(18944K) From: 34944K(54272K)->36000K(55296K)
[6.583s][info][gc,heap        ] GC(141) ParOldGen: 1048153K(1082880K)->1065281K(1082880K)
[6.583s][info][gc,metaspace   ] GC(141) Metaspace: 6299K(6464K)->6299K(6464K) NonClass: 5766K(5824K)->5766K(5824K) Class: 533K(640K)->533K(640K)
[6.583s][info][gc             ] GC(141) Pause Young (Allocation Failure) 1075M->1075M(1130M) 28.596ms
[6.583s][info][gc,cpu         ] GC(141) User=0.14s Sys=0.00s Real=0.03s
[6.583s][info][gc,start       ] GC(142) Pause Full (Ergonomics)
[6.583s][info][gc,phases,start] GC(142) Marking Phase
[6.835s][info][gc,phases      ] GC(142) Marking Phase 252.161ms
[6.835s][info][gc,phases,start] GC(142) Summary Phase
[6.835s][info][gc,phases      ] GC(142) Summary Phase 0.025ms
[6.835s][info][gc,phases,start] GC(142) Adjust Roots
[6.835s][info][gc,phases      ] GC(142) Adjust Roots 0.156ms
[6.835s][info][gc,phases,start] GC(142) Compaction Phase
[6.930s][info][gc,phases      ] GC(142) Compaction Phase 94.412ms
[6.930s][info][gc,phases,start] GC(142) Post Compact
[6.932s][info][gc,phases      ] GC(142) Post Compact 2.037ms
[6.933s][info][gc,heap        ] GC(142) PSYoungGen: 36000K(74240K)->17375K(74240K) Eden: 0K(18944K)->0K(18944K) From: 36000K(55296K)->17375K(55296K)
[6.933s][info][gc,heap        ] GC(142) ParOldGen: 1065281K(1082880K)->1082474K(1190912K)
[6.933s][info][gc,metaspace   ] GC(142) Metaspace: 6299K(6464K)->6299K(6464K) NonClass: 5766K(5824K)->5766K(5824K) Class: 533K(640K)->533K(640K)
[6.933s][info][gc             ] GC(142) Pause Full (Ergonomics) 1075M->1074M(1235M) 349.633ms
[6.933s][info][gc,cpu         ] GC(142) User=2.58s Sys=0.03s Real=0.35s
[6.954s][info][gc,start       ] GC(143) Pause Young (Allocation Failure)
[7.017s][info][gc,heap        ] GC(143) PSYoungGen: 36319K(74240K)->27776K(47104K) Eden: 18944K(18944K)->0K(18944K) From: 17375K(55296K)->27776K(28160K)
[7.017s][info][gc,heap        ] GC(143) ParOldGen: 1082474K(1190912K)->1091346K(1190912K)
[7.017s][info][gc,metaspace   ] GC(143) Metaspace: 6299K(6464K)->6299K(6464K) NonClass: 5766K(5824K)->5766K(5824K) Class: 533K(640K)->533K(640K)
[7.017s][info][gc             ] GC(143) Pause Young (Allocation Failure) 1092M->1092M(1209M) 63.511ms
[7.017s][info][gc,cpu         ] GC(143) User=0.39s Sys=0.00s Real=0.06s
[7.039s][info][gc,start       ] GC(144) Pause Young (Allocation Failure)
[7.065s][info][gc,heap        ] GC(144) PSYoungGen: 46720K(47104K)->46720K(69632K) Eden: 18944K(18944K)->0K(15872K) From: 27776K(28160K)->46720K(53760K)
[7.065s][info][gc,heap        ] GC(144) ParOldGen: 1091346K(1190912K)->1091346K(1190912K)
[7.065s][info][gc,metaspace   ] GC(144) Metaspace: 6299K(6464K)->6299K(6464K) NonClass: 5766K(5824K)->5766K(5824K) Class: 533K(640K)->533K(640K)
[7.065s][info][gc             ] GC(144) Pause Young (Allocation Failure) 1111M->1111M(1231M) 25.940ms
[7.065s][info][gc,cpu         ] GC(144) User=0.14s Sys=0.00s Real=0.03s
[7.082s][info][gc,start       ] GC(145) Pause Young (Allocation Failure)
[7.114s][info][gc,heap        ] GC(145) PSYoungGen: 62592K(69632K)->58880K(74752K) Eden: 15872K(15872K)->0K(15872K) From: 46720K(53760K)->58880K(58880K)
[7.114s][info][gc,heap        ] GC(145) ParOldGen: 1091346K(1190912K)->1095002K(1190912K)
[7.114s][info][gc,metaspace   ] GC(145) Metaspace: 6299K(6464K)->6299K(6464K) NonClass: 5766K(5824K)->5766K(5824K) Class: 533K(640K)->533K(640K)
[7.114s][info][gc             ] GC(145) Pause Young (Allocation Failure) 1126M->1126M(1236M) 31.680ms
[7.114s][info][gc,cpu         ] GC(145) User=0.14s Sys=0.00s Real=0.03s
[7.134s][info][gc,start       ] GC(146) Pause Young (Allocation Failure)
[7.171s][info][gc,heap        ] GC(146) PSYoungGen: 74752K(74752K)->48864K(83968K) Eden: 15872K(15872K)->0K(15360K) From: 58880K(58880K)->48864K(68608K)
[7.171s][info][gc,heap        ] GC(146) ParOldGen: 1095002K(1190912K)->1121338K(1190912K)
[7.171s][info][gc,metaspace   ] GC(146) Metaspace: 6299K(6464K)->6299K(6464K) NonClass: 5766K(5824K)->5766K(5824K) Class: 533K(640K)->533K(640K)
[7.171s][info][gc             ] GC(146) Pause Young (Allocation Failure) 1142M->1142M(1245M) 37.200ms
[7.171s][info][gc,cpu         ] GC(146) User=0.31s Sys=0.06s Real=0.04s
[7.189s][info][gc,start       ] GC(147) Pause Young (Allocation Failure)
[7.222s][info][gc,heap        ] GC(147) PSYoungGen: 64224K(83968K)->45824K(86528K) Eden: 15360K(15360K)->0K(15360K) From: 48864K(68608K)->45824K(71168K)
[7.222s][info][gc,heap        ] GC(147) ParOldGen: 1121338K(1190912K)->1139954K(1190912K)
[7.222s][info][gc,metaspace   ] GC(147) Metaspace: 6299K(6464K)->6299K(6464K) NonClass: 5766K(5824K)->5766K(5824K) Class: 533K(640K)->533K(640K)
[7.222s][info][gc             ] GC(147) Pause Young (Allocation Failure) 1157M->1157M(1247M) 32.675ms
[7.222s][info][gc,cpu         ] GC(147) User=0.14s Sys=0.02s Real=0.03s
[7.240s][info][gc,start       ] GC(148) Pause Young (Allocation Failure)
[7.273s][info][gc,heap        ] GC(148) PSYoungGen: 61184K(86528K)->30880K(83456K) Eden: 15360K(15360K)->0K(17408K) From: 45824K(71168K)->30880K(66048K)
[7.273s][info][gc,heap        ] GC(148) ParOldGen: 1139954K(1190912K)->1170690K(1190912K)
[7.273s][info][gc,metaspace   ] GC(148) Metaspace: 6299K(6464K)->6299K(6464K) NonClass: 5766K(5824K)->5766K(5824K) Class: 533K(640K)->533K(640K)
[7.273s][info][gc             ] GC(148) Pause Young (Allocation Failure) 1172M->1173M(1244M) 33.098ms
[7.273s][info][gc,cpu         ] GC(148) User=0.14s Sys=0.02s Real=0.03s
[7.273s][info][gc,start       ] GC(149) Pause Full (Ergonomics)
[7.273s][info][gc,phases,start] GC(149) Marking Phase
[7.544s][info][gc,phases      ] GC(149) Marking Phase 270.676ms
[7.544s][info][gc,phases,start] GC(149) Summary Phase
[7.544s][info][gc,phases      ] GC(149) Summary Phase 0.026ms
[7.544s][info][gc,phases,start] GC(149) Adjust Roots
[7.544s][info][gc,phases      ] GC(149) Adjust Roots 0.149ms
[7.544s][info][gc,phases,start] GC(149) Compaction Phase
[7.644s][info][gc,phases      ] GC(149) Compaction Phase 99.403ms
[7.644s][info][gc,phases,start] GC(149) Post Compact
[7.646s][info][gc,phases      ] GC(149) Post Compact 1.922ms
[7.646s][info][gc,heap        ] GC(149) PSYoungGen: 30880K(83456K)->9201K(86016K) Eden: 0K(17408K)->0K(19968K) From: 30880K(66048K)->9201K(66048K)
[7.646s][info][gc,heap        ] GC(149) ParOldGen: 1170690K(1190912K)->1190822K(1317376K)
[7.646s][info][gc,metaspace   ] GC(149) Metaspace: 6299K(6464K)->6299K(6464K) NonClass: 5766K(5824K)->5766K(5824K) Class: 533K(640K)->533K(640K)
[7.646s][info][gc             ] GC(149) Pause Full (Ergonomics) 1173M->1171M(1370M) 373.062ms
[7.646s][info][gc,cpu         ] GC(149) User=2.77s Sys=0.00s Real=0.37s
[7.671s][info][gc,start       ] GC(150) Pause Young (Allocation Failure)
[7.736s][info][gc,heap        ] GC(150) PSYoungGen: 29169K(86016K)->20096K(89088K) Eden: 19968K(19968K)->0K(19968K) From: 9201K(66048K)->20096K(69120K)
[7.736s][info][gc,heap        ] GC(150) ParOldGen: 1190822K(1317376K)->1200166K(1317376K)
[7.736s][info][gc,metaspace   ] GC(150) Metaspace: 6299K(6464K)->6299K(6464K) NonClass: 5766K(5824K)->5766K(5824K) Class: 533K(640K)->533K(640K)
[7.736s][info][gc             ] GC(150) Pause Young (Allocation Failure) 1191M->1191M(1373M) 64.811ms
[7.736s][info][gc,cpu         ] GC(150) User=0.38s Sys=0.00s Real=0.07s
[7.760s][info][gc,start       ] GC(151) Pause Young (Allocation Failure)
[7.785s][info][gc,heap        ] GC(151) PSYoungGen: 40064K(89088K)->20064K(87040K) Eden: 19968K(19968K)->0K(22016K) From: 20096K(69120K)->20064K(65024K)
[7.785s][info][gc,heap        ] GC(151) ParOldGen: 1200166K(1317376K)->1220422K(1317376K)
[7.785s][info][gc,metaspace   ] GC(151) Metaspace: 6299K(6464K)->6299K(6464K) NonClass: 5766K(5824K)->5766K(5824K) Class: 533K(640K)->533K(640K)
[7.785s][info][gc             ] GC(151) Pause Young (Allocation Failure) 1211M->1211M(1371M) 24.744ms
[7.785s][info][gc,cpu         ] GC(151) User=0.08s Sys=0.00s Real=0.02s
[7.811s][info][gc,start       ] GC(152) Pause Young (Allocation Failure)
[7.836s][info][gc,heap        ] GC(152) PSYoungGen: 42080K(87040K)->22176K(88576K) Eden: 22016K(22016K)->0K(22016K) From: 20064K(65024K)->22176K(66560K)
[7.836s][info][gc,heap        ] GC(152) ParOldGen: 1220422K(1317376K)->1240654K(1317376K)
[7.836s][info][gc,metaspace   ] GC(152) Metaspace: 6299K(6464K)->6299K(6464K) NonClass: 5766K(5824K)->5766K(5824K) Class: 533K(640K)->533K(640K)
[7.836s][info][gc             ] GC(152) Pause Young (Allocation Failure) 1232M->1233M(1373M) 25.016ms
[7.836s][info][gc,cpu         ] GC(152) User=0.12s Sys=0.00s Real=0.02s
[7.862s][info][gc,start       ] GC(153) Pause Young (Allocation Failure)
[7.888s][info][gc,heap        ] GC(153) PSYoungGen: 44192K(88576K)->22144K(86016K) Eden: 22016K(22016K)->0K(24576K) From: 22176K(66560K)->22144K(61440K)
[7.888s][info][gc,heap        ] GC(153) ParOldGen: 1240654K(1317376K)->1262950K(1317376K)
[7.888s][info][gc,metaspace   ] GC(153) Metaspace: 6299K(6464K)->6299K(6464K) NonClass: 5766K(5824K)->5766K(5824K) Class: 533K(640K)->533K(640K)
[7.888s][info][gc             ] GC(153) Pause Young (Allocation Failure) 1254M->1254M(1370M) 25.851ms
[7.888s][info][gc,cpu         ] GC(153) User=0.08s Sys=0.06s Real=0.03s
[7.917s][info][gc,start       ] GC(154) Pause Young (Allocation Failure)
[7.944s][info][gc,heap        ] GC(154) PSYoungGen: 46720K(86016K)->21216K(87552K) Eden: 24576K(24576K)->0K(24576K) From: 22144K(61440K)->21216K(62976K)
[7.944s][info][gc,heap        ] GC(154) ParOldGen: 1262950K(1317376K)->1285278K(1317376K)
[7.944s][info][gc,metaspace   ] GC(154) Metaspace: 6299K(6464K)->6299K(6464K) NonClass: 5766K(5824K)->5766K(5824K) Class: 533K(640K)->533K(640K)
[7.944s][info][gc             ] GC(154) Pause Young (Allocation Failure) 1278M->1275M(1372M) 27.168ms
[7.944s][info][gc,cpu         ] GC(154) User=0.12s Sys=0.00s Real=0.03s
[7.945s][info][gc,start       ] GC(155) Pause Full (Ergonomics)
[7.945s][info][gc,phases,start] GC(155) Marking Phase
[8.246s][info][gc,phases      ] GC(155) Marking Phase 301.389ms
[8.246s][info][gc,phases,start] GC(155) Summary Phase
[8.246s][info][gc,phases      ] GC(155) Summary Phase 0.047ms
[8.246s][info][gc,phases,start] GC(155) Adjust Roots
[8.246s][info][gc,phases      ] GC(155) Adjust Roots 0.182ms
[8.246s][info][gc,phases,start] GC(155) Compaction Phase
[8.354s][info][gc,phases      ] GC(155) Compaction Phase 107.478ms
[8.354s][info][gc,phases,start] GC(155) Post Compact
[8.356s][info][gc,phases      ] GC(155) Post Compact 2.413ms
[8.357s][info][gc,heap        ] GC(155) PSYoungGen: 21216K(87552K)->0K(88064K) Eden: 0K(24576K)->0K(27136K) From: 21216K(62976K)->0K(60928K)
[8.357s][info][gc,heap        ] GC(155) ParOldGen: 1285278K(1317376K)->1304910K(1442816K)
[8.357s][info][gc,metaspace   ] GC(155) Metaspace: 6299K(6464K)->6299K(6464K) NonClass: 5766K(5824K)->5766K(5824K) Class: 533K(640K)->533K(640K)
[8.357s][info][gc             ] GC(155) Pause Full (Ergonomics) 1275M->1274M(1495M) 412.258ms
[8.357s][info][gc,cpu         ] GC(155) User=3.09s Sys=0.00s Real=0.41s
[8.379s][info][gc,start       ] GC(156) Pause Young (Allocation Failure)
[8.394s][info][gc,heap        ] GC(156) PSYoungGen: 27136K(88064K)->14240K(88064K) Eden: 27136K(27136K)->0K(27136K) From: 0K(60928K)->14240K(60928K)
[8.394s][info][gc,heap        ] GC(156) ParOldGen: 1304910K(1442816K)->1304910K(1442816K)
[8.394s][info][gc,metaspace   ] GC(156) Metaspace: 6299K(6464K)->6299K(6464K) NonClass: 5766K(5824K)->5766K(5824K) Class: 533K(640K)->533K(640K)
[8.394s][info][gc             ] GC(156) Pause Young (Allocation Failure) 1300M->1288M(1495M) 15.028ms
[8.394s][info][gc,cpu         ] GC(156) User=0.02s Sys=0.00s Real=0.01s
[8.428s][info][gc,start       ] GC(157) Pause Young (Allocation Failure)
[8.451s][info][gc,heap        ] GC(157) PSYoungGen: 41376K(88064K)->39680K(89088K) Eden: 27136K(27136K)->0K(28672K) From: 14240K(60928K)->39680K(60416K)
[8.451s][info][gc,heap        ] GC(157) ParOldGen: 1304910K(1442816K)->1304910K(1442816K)
[8.451s][info][gc,metaspace   ] GC(157) Metaspace: 6299K(6464K)->6299K(6464K) NonClass: 5766K(5824K)->5766K(5824K) Class: 533K(640K)->533K(640K)
[8.451s][info][gc             ] GC(157) Pause Young (Allocation Failure) 1314M->1313M(1496M) 23.500ms
[8.451s][info][gc,cpu         ] GC(157) User=0.14s Sys=0.00s Real=0.02s
[8.485s][info][gc,start       ] GC(158) Pause Young (Allocation Failure)
[8.521s][info][gc,heap        ] GC(158) PSYoungGen: 68352K(89088K)->61440K(90112K) Eden: 28672K(28672K)->0K(28672K) From: 39680K(60416K)->61440K(61440K)
[8.521s][info][gc,heap        ] GC(158) ParOldGen: 1304910K(1442816K)->1311758K(1442816K)
[8.521s][info][gc,metaspace   ] GC(158) Metaspace: 6299K(6464K)->6299K(6464K) NonClass: 5766K(5824K)->5766K(5824K) Class: 533K(640K)->533K(640K)
[8.521s][info][gc             ] GC(158) Pause Young (Allocation Failure) 1341M->1341M(1497M) 35.986ms
[8.521s][info][gc,cpu         ] GC(158) User=0.16s Sys=0.00s Real=0.04s
[8.557s][info][gc,start       ] GC(159) Pause Young (Allocation Failure)
[8.604s][info][gc,heap        ] GC(159) PSYoungGen: 90112K(90112K)->55040K(99840K) Eden: 28672K(28672K)->0K(27136K) From: 61440K(61440K)->55040K(72704K)
[8.604s][info][gc,heap        ] GC(159) ParOldGen: 1311758K(1442816K)->1347430K(1442816K)
[8.604s][info][gc,metaspace   ] GC(159) Metaspace: 6299K(6464K)->6299K(6464K) NonClass: 5766K(5824K)->5766K(5824K) Class: 533K(640K)->533K(640K)
[8.604s][info][gc             ] GC(159) Pause Young (Allocation Failure) 1369M->1369M(1506M) 46.937ms
[8.604s][info][gc,cpu         ] GC(159) User=0.38s Sys=0.00s Real=0.05s
[8.884s][info][gc,start       ] GC(160) Pause Full (Ergonomics)
[8.884s][info][gc,phases,start] GC(160) Marking Phase
[9.205s][info][gc,phases      ] GC(160) Marking Phase 320.875ms
[9.205s][info][gc,phases,start] GC(160) Summary Phase
[9.205s][info][gc,phases      ] GC(160) Summary Phase 0.054ms
[9.205s][info][gc,phases,start] GC(160) Adjust Roots
[9.205s][info][gc,phases      ] GC(160) Adjust Roots 0.328ms
[9.205s][info][gc,phases,start] GC(160) Compaction Phase
[9.545s][info][gc,phases      ] GC(160) Compaction Phase 339.444ms
[9.545s][info][gc,phases,start] GC(160) Post Compact
[9.548s][info][gc,phases      ] GC(160) Post Compact 3.096ms
[9.548s][info][gc,heap        ] GC(160) PSYoungGen: 82176K(99840K)->19041K(99840K) Eden: 27136K(27136K)->0K(27136K) From: 55040K(72704K)->19041K(72704K)
[9.548s][info][gc,heap        ] GC(160) ParOldGen: 1412966K(1442816K)->1442421K(1594368K)
[9.548s][info][gc,metaspace   ] GC(160) Metaspace: 6299K(6464K)->6299K(6464K) NonClass: 5766K(5824K)->5766K(5824K) Class: 533K(640K)->533K(640K)
[9.548s][info][gc             ] GC(160) Pause Full (Ergonomics) 1460M->1427M(1654M) 664.764ms
[9.548s][info][gc,cpu         ] GC(160) User=4.41s Sys=0.03s Real=0.66s
[9.575s][info][gc,start       ] GC(161) Pause Young (Allocation Failure)
[9.665s][info][gc,heap        ] GC(161) PSYoungGen: 46177K(99840K)->46336K(104448K) Eden: 27136K(27136K)->0K(27136K) From: 19041K(72704K)->46336K(77312K)
[9.665s][info][gc,heap        ] GC(161) ParOldGen: 1442421K(1594368K)->1442421K(1594368K)
[9.665s][info][gc,metaspace   ] GC(161) Metaspace: 6299K(6464K)->6299K(6464K) NonClass: 5766K(5824K)->5766K(5824K) Class: 533K(640K)->533K(640K)
[9.665s][info][gc             ] GC(161) Pause Young (Allocation Failure) 1453M->1453M(1659M) 90.321ms
[9.665s][info][gc,cpu         ] GC(161) User=0.41s Sys=0.00s Real=0.09s
[9.690s][info][gc,start       ] GC(162) Pause Young (Allocation Failure)
[9.730s][info][gc,heap        ] GC(162) PSYoungGen: 73472K(104448K)->73504K(97280K) Eden: 27136K(27136K)->0K(19968K) From: 46336K(77312K)->73504K(77312K)
[9.730s][info][gc,heap        ] GC(162) ParOldGen: 1442421K(1594368K)->1442421K(1594368K)
[9.730s][info][gc,metaspace   ] GC(162) Metaspace: 6299K(6464K)->6299K(6464K) NonClass: 5766K(5824K)->5766K(5824K) Class: 533K(640K)->533K(640K)
[9.730s][info][gc             ] GC(162) Pause Young (Allocation Failure) 1480M->1480M(1652M) 40.154ms
[9.731s][info][gc,cpu         ] GC(162) User=0.16s Sys=0.08s Real=0.04s
[9.750s][info][gc,start       ] GC(163) Pause Young (Allocation Failure)
[9.799s][info][gc,heap        ] GC(163) PSYoungGen: 93472K(97280K)->87040K(107008K) Eden: 19968K(19968K)->0K(19968K) From: 73504K(77312K)->87040K(87040K)
[9.799s][info][gc,heap        ] GC(163) ParOldGen: 1442421K(1594368K)->1448893K(1594368K)
[9.799s][info][gc,metaspace   ] GC(163) Metaspace: 6299K(6464K)->6299K(6464K) NonClass: 5766K(5824K)->5766K(5824K) Class: 533K(640K)->533K(640K)
[9.799s][info][gc             ] GC(163) Pause Young (Allocation Failure) 1499M->1499M(1661M) 48.906ms
[9.799s][info][gc,cpu         ] GC(163) User=0.27s Sys=0.00s Real=0.05s
[9.819s][info][gc,start       ] GC(164) Pause Young (Allocation Failure)
[9.879s][info][gc,heap        ] GC(164) PSYoungGen: 107008K(107008K)->90048K(113664K) Eden: 19968K(19968K)->0K(11264K) From: 87040K(87040K)->90048K(102400K)
[9.879s][info][gc,heap        ] GC(164) ParOldGen: 1448893K(1594368K)->1466157K(1594368K)
[9.879s][info][gc,metaspace   ] GC(164) Metaspace: 6299K(6464K)->6299K(6464K) NonClass: 5766K(5824K)->5766K(5824K) Class: 533K(640K)->533K(640K)
[9.879s][info][gc             ] GC(164) Pause Young (Allocation Failure) 1519M->1519M(1668M) 59.647ms
[9.879s][info][gc,cpu         ] GC(164) User=0.31s Sys=0.02s Real=0.06s
[9.891s][info][gc,start       ] GC(165) Pause Young (Allocation Failure)
[9.943s][info][gc,heap        ] GC(165) PSYoungGen: 101312K(113664K)->74720K(124416K) Eden: 11264K(11264K)->0K(11264K) From: 90048K(102400K)->74720K(113152K)
[9.943s][info][gc,heap        ] GC(165) ParOldGen: 1466157K(1594368K)->1493101K(1594368K)
[9.943s][info][gc,metaspace   ] GC(165) Metaspace: 6299K(6464K)->6299K(6464K) NonClass: 5766K(5824K)->5766K(5824K) Class: 533K(640K)->533K(640K)
[9.944s][info][gc             ] GC(165) Pause Young (Allocation Failure) 1530M->1531M(1678M) 52.354ms
[9.944s][info][gc,cpu         ] GC(165) User=0.33s Sys=0.00s Real=0.05s
[9.955s][info][gc,start       ] GC(166) Pause Young (Allocation Failure)
[10.004s][info][gc,heap        ] GC(166) PSYoungGen: 85984K(124416K)->42656K(119296K) Eden: 11264K(11264K)->0K(13312K) From: 74720K(113152K)->42656K(105984K)
[10.004s][info][gc,heap        ] GC(166) ParOldGen: 1493101K(1594368K)->1536949K(1594368K)
[10.004s][info][gc,metaspace   ] GC(166) Metaspace: 6299K(6464K)->6299K(6464K) NonClass: 5766K(5824K)->5766K(5824K) Class: 533K(640K)->533K(640K)
[10.004s][info][gc             ] GC(166) Pause Young (Allocation Failure) 1542M->1542M(1673M) 48.477ms
[10.004s][info][gc,cpu         ] GC(166) User=0.23s Sys=0.00s Real=0.05s
[10.018s][info][gc,start       ] GC(167) Pause Young (Allocation Failure)
[10.056s][info][gc,heap        ] GC(167) PSYoungGen: 55968K(119296K)->24640K(124416K) Eden: 13312K(13312K)->0K(13312K) From: 42656K(105984K)->24640K(111104K)
[10.056s][info][gc,heap        ] GC(167) ParOldGen: 1536949K(1594368K)->1568573K(1594368K)
[10.056s][info][gc,metaspace   ] GC(167) Metaspace: 6299K(6464K)->6299K(6464K) NonClass: 5766K(5824K)->5766K(5824K) Class: 533K(640K)->533K(640K)
[10.056s][info][gc             ] GC(167) Pause Young (Allocation Failure) 1555M->1555M(1678M) 38.490ms
[10.056s][info][gc,cpu         ] GC(167) User=0.09s Sys=0.00s Real=0.04s
[10.056s][info][gc,start       ] GC(168) Pause Full (Ergonomics)
[10.056s][info][gc,phases,start] GC(168) Marking Phase
[10.414s][info][gc,phases      ] GC(168) Marking Phase 357.863ms
[10.414s][info][gc,phases,start] GC(168) Summary Phase
[10.414s][info][gc,phases      ] GC(168) Summary Phase 0.043ms
[10.414s][info][gc,phases,start] GC(168) Adjust Roots
[10.415s][info][gc,phases      ] GC(168) Adjust Roots 0.188ms
[10.415s][info][gc,phases,start] GC(168) Compaction Phase
[10.575s][info][gc,phases      ] GC(168) Compaction Phase 160.043ms
[10.575s][info][gc,phases,start] GC(168) Post Compact
[10.578s][info][gc,phases      ] GC(168) Post Compact 3.207ms
[10.579s][info][gc,heap        ] GC(168) PSYoungGen: 24640K(124416K)->0K(125952K) Eden: 0K(13312K)->0K(15872K) From: 24640K(111104K)->0K(110080K)
[10.579s][info][gc,heap        ] GC(168) ParOldGen: 1568573K(1594368K)->1591283K(1766400K)
[10.579s][info][gc,metaspace   ] GC(168) Metaspace: 6299K(6464K)->6299K(6464K) NonClass: 5766K(5824K)->5766K(5824K) Class: 533K(640K)->533K(640K)
[10.579s][info][gc             ] GC(168) Pause Full (Ergonomics) 1555M->1553M(1848M) 522.455ms
[10.579s][info][gc,cpu         ] GC(168) User=3.61s Sys=0.06s Real=0.52s
[10.594s][info][gc,start       ] GC(169) Pause Young (Allocation Failure)
[10.615s][info][gc,heap        ] GC(169) PSYoungGen: 15872K(125952K)->16000K(125952K) Eden: 15872K(15872K)->0K(15872K) From: 0K(110080K)->16000K(110080K)
[10.615s][info][gc,heap        ] GC(169) ParOldGen: 1591283K(1766400K)->1591283K(1766400K)
[10.615s][info][gc,metaspace   ] GC(169) Metaspace: 6299K(6464K)->6299K(6464K) NonClass: 5766K(5824K)->5766K(5824K) Class: 533K(640K)->533K(640K)
[10.615s][info][gc             ] GC(169) Pause Young (Allocation Failure) 1569M->1569M(1848M) 20.358ms
[10.615s][info][gc,cpu         ] GC(169) User=0.02s Sys=0.00s Real=0.02s
[10.629s][info][gc,start       ] GC(170) Pause Young (Allocation Failure)
[10.655s][info][gc,heap        ] GC(170) PSYoungGen: 31872K(125952K)->16032K(124928K) Eden: 15872K(15872K)->0K(17920K) From: 16000K(110080K)->16032K(107008K)
[10.655s][info][gc,heap        ] GC(170) ParOldGen: 1591283K(1766400K)->1607371K(1766400K)
[10.655s][info][gc,metaspace   ] GC(170) Metaspace: 6299K(6464K)->6299K(6464K) NonClass: 5766K(5824K)->5766K(5824K) Class: 533K(640K)->533K(640K)
[10.655s][info][gc             ] GC(170) Pause Young (Allocation Failure) 1585M->1585M(1847M) 26.045ms
[10.655s][info][gc,cpu         ] GC(170) User=0.05s Sys=0.00s Real=0.03s
[10.674s][info][gc,start       ] GC(171) Pause Young (Allocation Failure)
[10.701s][info][gc,heap        ] GC(171) PSYoungGen: 33952K(124928K)->18048K(36352K) Eden: 17920K(17920K)->0K(17920K) From: 16032K(107008K)->18048K(18432K)
[10.701s][info][gc,heap        ] GC(171) ParOldGen: 1607371K(1766400K)->1623467K(1766400K)
[10.701s][info][gc,metaspace   ] GC(171) Metaspace: 6299K(6464K)->6299K(6464K) NonClass: 5766K(5824K)->5766K(5824K) Class: 533K(640K)->533K(640K)
[10.701s][info][gc             ] GC(171) Pause Young (Allocation Failure) 1602M->1603M(1760M) 27.074ms
[10.701s][info][gc,cpu         ] GC(171) User=0.03s Sys=0.00s Real=0.03s
[10.718s][info][gc,start       ] GC(172) Pause Young (Allocation Failure)
[10.745s][info][gc,heap        ] GC(172) PSYoungGen: 35968K(36352K)->18016K(120320K) Eden: 17920K(17920K)->0K(19968K) From: 18048K(18432K)->18016K(100352K)
[10.745s][info][gc,heap        ] GC(172) ParOldGen: 1623467K(1766400K)->1641635K(1766400K)
[10.745s][info][gc,metaspace   ] GC(172) Metaspace: 6299K(6464K)->6299K(6464K) NonClass: 5766K(5824K)->5766K(5824K) Class: 533K(640K)->533K(640K)
[10.745s][info][gc             ] GC(172) Pause Young (Allocation Failure) 1620M->1620M(1842M) 27.780ms
[10.746s][info][gc,cpu         ] GC(172) User=0.02s Sys=0.00s Real=0.03s
[10.765s][info][gc,start       ] GC(173) Pause Young (Allocation Failure)
[10.795s][info][gc,heap        ] GC(173) PSYoungGen: 37984K(120320K)->20096K(40448K) Eden: 19968K(19968K)->0K(19968K) From: 18016K(100352K)->20096K(20480K)
[10.795s][info][gc,heap        ] GC(173) ParOldGen: 1641635K(1766400K)->1659811K(1766400K)
[10.795s][info][gc,metaspace   ] GC(173) Metaspace: 6299K(6464K)->6299K(6464K) NonClass: 5766K(5824K)->5766K(5824K) Class: 533K(640K)->533K(640K)
[10.795s][info][gc             ] GC(173) Pause Young (Allocation Failure) 1640M->1640M(1764M) 30.148ms
[10.795s][info][gc,cpu         ] GC(173) User=0.03s Sys=0.03s Real=0.03s
[10.817s][info][gc,start       ] GC(174) Pause Young (Allocation Failure)
[10.848s][info][gc,heap        ] GC(174) PSYoungGen: 40064K(40448K)->20128K(114688K) Eden: 19968K(19968K)->0K(22528K) From: 20096K(20480K)->20128K(92160K)
[10.848s][info][gc,heap        ] GC(174) ParOldGen: 1659811K(1766400K)->1680043K(1766400K)
[10.848s][info][gc,metaspace   ] GC(174) Metaspace: 6299K(6464K)->6299K(6464K) NonClass: 5766K(5824K)->5766K(5824K) Class: 533K(640K)->533K(640K)
[10.848s][info][gc             ] GC(174) Pause Young (Allocation Failure) 1660M->1660M(1837M) 30.791ms
[10.848s][info][gc,cpu         ] GC(174) User=0.03s Sys=0.00s Real=0.03s
[10.872s][info][gc,start       ] GC(175) Pause Young (Allocation Failure)
[10.902s][info][gc,heap        ] GC(175) PSYoungGen: 42656K(114688K)->22656K(45568K) Eden: 22528K(22528K)->0K(22528K) From: 20128K(92160K)->22656K(23040K)
[10.902s][info][gc,heap        ] GC(175) ParOldGen: 1680043K(1766400K)->1700275K(1766400K)
[10.902s][info][gc,metaspace   ] GC(175) Metaspace: 6299K(6464K)->6299K(6464K) NonClass: 5766K(5824K)->5766K(5824K) Class: 533K(640K)->533K(640K)
[10.902s][info][gc             ] GC(175) Pause Young (Allocation Failure) 1682M->1682M(1769M) 30.426ms
[10.902s][info][gc,cpu         ] GC(175) User=0.03s Sys=0.00s Real=0.03s
[10.927s][info][gc,start       ] GC(176) Pause Young (Allocation Failure)
[10.964s][info][gc,heap        ] GC(176) PSYoungGen: 45184K(45568K)->22656K(109056K) Eden: 22528K(22528K)->0K(25600K) From: 22656K(23040K)->22656K(83456K)
[10.964s][info][gc,heap        ] GC(176) ParOldGen: 1700275K(1766400K)->1723147K(1766400K)
[10.964s][info][gc,metaspace   ] GC(176) Metaspace: 6299K(6464K)->6299K(6464K) NonClass: 5766K(5824K)->5766K(5824K) Class: 533K(640K)->533K(640K)
[10.964s][info][gc             ] GC(176) Pause Young (Allocation Failure) 1704M->1704M(1831M) 37.084ms
[10.964s][info][gc,cpu         ] GC(176) User=0.08s Sys=0.00s Real=0.04s
[10.993s][info][gc,start       ] GC(177) Pause Young (Allocation Failure)
[11.027s][info][gc,heap        ] GC(177) PSYoungGen: 48256K(109056K)->25760K(51712K) Eden: 25600K(25600K)->0K(25600K) From: 22656K(83456K)->25760K(26112K)
[11.027s][info][gc,heap        ] GC(177) ParOldGen: 1723147K(1766400K)->1745995K(1766400K)
[11.027s][info][gc,metaspace   ] GC(177) Metaspace: 6299K(6464K)->6299K(6464K) NonClass: 5766K(5824K)->5766K(5824K) Class: 533K(640K)->533K(640K)
[11.027s][info][gc             ] GC(177) Pause Young (Allocation Failure) 1729M->1730M(1775M) 33.962ms
[11.027s][info][gc,cpu         ] GC(177) User=0.06s Sys=0.00s Real=0.03s
[11.027s][info][gc,start       ] GC(178) Pause Full (Ergonomics)
[11.027s][info][gc,phases,start] GC(178) Marking Phase
[11.409s][info][gc,phases      ] GC(178) Marking Phase 382.102ms
[11.409s][info][gc,phases,start] GC(178) Summary Phase
[11.409s][info][gc,phases      ] GC(178) Summary Phase 0.035ms
[11.409s][info][gc,phases,start] GC(178) Adjust Roots
[11.410s][info][gc,phases      ] GC(178) Adjust Roots 0.220ms
[11.410s][info][gc,phases,start] GC(178) Compaction Phase
[11.590s][info][gc,phases      ] GC(178) Compaction Phase 179.766ms
[11.590s][info][gc,phases,start] GC(178) Post Compact
[11.594s][info][gc,phases      ] GC(178) Post Compact 3.982ms
[11.594s][info][gc,heap        ] GC(178) PSYoungGen: 25760K(51712K)->3090K(51712K) Eden: 0K(25600K)->0K(25600K) From: 25760K(26112K)->3090K(26112K)
[11.594s][info][gc,heap        ] GC(178) ParOldGen: 1745995K(1766400K)->1766085K(1942528K)
[11.594s][info][gc,metaspace   ] GC(178) Metaspace: 6299K(6464K)->6299K(6464K) NonClass: 5766K(5824K)->5766K(5824K) Class: 533K(640K)->533K(640K)
[11.595s][info][gc             ] GC(178) Pause Full (Ergonomics) 1730M->1727M(1947M) 567.274ms
[11.595s][info][gc,cpu         ] GC(178) User=3.61s Sys=0.03s Real=0.57s
[11.623s][info][gc,start       ] GC(179) Pause Young (Allocation Failure)
[11.719s][info][gc,heap        ] GC(179) PSYoungGen: 28690K(51712K)->25760K(102400K) Eden: 25600K(25600K)->0K(28160K) From: 3090K(26112K)->25760K(74240K)
[11.719s][info][gc,heap        ] GC(179) ParOldGen: 1766085K(1942528K)->1769245K(1942528K)
[11.719s][info][gc,metaspace   ] GC(179) Metaspace: 6299K(6464K)->6299K(6464K) NonClass: 5766K(5824K)->5766K(5824K) Class: 533K(640K)->533K(640K)
[11.719s][info][gc             ] GC(179) Pause Young (Allocation Failure) 1752M->1752M(1997M) 96.236ms
[11.719s][info][gc,cpu         ] GC(179) User=0.59s Sys=0.00s Real=0.10s
[11.752s][info][gc,start       ] GC(180) Pause Young (Allocation Failure)
[11.790s][info][gc,heap        ] GC(180) PSYoungGen: 53920K(102400K)->53920K(107008K) Eden: 28160K(28160K)->0K(28160K) From: 25760K(74240K)->53920K(78848K)
[11.790s][info][gc,heap        ] GC(180) ParOldGen: 1769245K(1942528K)->1769245K(1942528K)
[11.790s][info][gc,metaspace   ] GC(180) Metaspace: 6299K(6464K)->6299K(6464K) NonClass: 5766K(5824K)->5766K(5824K) Class: 533K(640K)->533K(640K)
[11.791s][info][gc             ] GC(180) Pause Young (Allocation Failure) 1780M->1780M(2001M) 38.005ms
[11.791s][info][gc,cpu         ] GC(180) User=0.16s Sys=0.00s Real=0.04s
[11.821s][info][gc,start       ] GC(181) Pause Young (Allocation Failure)
[11.864s][info][gc,heap        ] GC(181) PSYoungGen: 82080K(107008K)->82112K(100352K) Eden: 28160K(28160K)->0K(17920K) From: 53920K(78848K)->82112K(82432K)
[11.864s][info][gc,heap        ] GC(181) ParOldGen: 1769245K(1942528K)->1769245K(1942528K)
[11.865s][info][gc,metaspace   ] GC(181) Metaspace: 6299K(6464K)->6299K(6464K) NonClass: 5766K(5824K)->5766K(5824K) Class: 533K(640K)->533K(640K)
[11.865s][info][gc             ] GC(181) Pause Young (Allocation Failure) 1807M->1807M(1995M) 43.164ms
[11.865s][info][gc,cpu         ] GC(181) User=0.27s Sys=0.00s Real=0.04s
[11.884s][info][gc,start       ] GC(182) Pause Young (Allocation Failure)
[11.935s][info][gc,heap        ] GC(182) PSYoungGen: 100032K(100352K)->74464K(113664K) Eden: 17920K(17920K)->0K(17920K) From: 82112K(82432K)->74464K(95744K)
[11.935s][info][gc,heap        ] GC(182) ParOldGen: 1769245K(1942528K)->1795205K(1942528K)
[11.935s][info][gc,metaspace   ] GC(182) Metaspace: 6299K(6464K)->6299K(6464K) NonClass: 5766K(5824K)->5766K(5824K) Class: 533K(640K)->533K(640K)
[11.935s][info][gc             ] GC(182) Pause Young (Allocation Failure) 1825M->1825M(2008M) 50.792ms
[11.935s][info][gc,cpu         ] GC(182) User=0.41s Sys=0.00s Real=0.05s
[11.956s][info][gc,start       ] GC(183) Pause Young (Allocation Failure)
[12.004s][info][gc,heap        ] GC(183) PSYoungGen: 92384K(113664K)->64160K(121344K) Eden: 17920K(17920K)->0K(17920K) From: 74464K(95744K)->64160K(103424K)
[12.004s][info][gc,heap        ] GC(183) ParOldGen: 1795205K(1942528K)->1823749K(1942528K)
[12.004s][info][gc,metaspace   ] GC(183) Metaspace: 6299K(6464K)->6299K(6464K) NonClass: 5766K(5824K)->5766K(5824K) Class: 533K(640K)->533K(640K)
[12.004s][info][gc             ] GC(183) Pause Young (Allocation Failure) 1843M->1843M(2015M) 48.377ms
[12.004s][info][gc,cpu         ] GC(183) User=0.27s Sys=0.00s Real=0.05s
[12.026s][info][gc,start       ] GC(184) Pause Young (Allocation Failure)
[12.072s][info][gc,heap        ] GC(184) PSYoungGen: 82080K(121344K)->53888K(123392K) Eden: 17920K(17920K)->0K(17920K) From: 64160K(103424K)->53888K(105472K)
[12.072s][info][gc,heap        ] GC(184) ParOldGen: 1823749K(1942528K)->1852301K(1942528K)
[12.072s][info][gc,metaspace   ] GC(184) Metaspace: 6299K(6464K)->6299K(6464K) NonClass: 5766K(5824K)->5766K(5824K) Class: 533K(640K)->533K(640K)
[12.072s][info][gc             ] GC(184) Pause Young (Allocation Failure) 1861M->1861M(2017M) 45.958ms
[12.072s][info][gc,cpu         ] GC(184) User=0.23s Sys=0.02s Real=0.05s
[12.092s][info][gc,start       ] GC(185) Pause Young (Allocation Failure)
[12.138s][info][gc,heap        ] GC(185) PSYoungGen: 71808K(123392K)->35936K(114688K) Eden: 17920K(17920K)->0K(20480K) From: 53888K(105472K)->35936K(94208K)
[12.138s][info][gc,heap        ] GC(185) ParOldGen: 1852301K(1942528K)->1888653K(1942528K)
[12.138s][info][gc,metaspace   ] GC(185) Metaspace: 6299K(6464K)->6299K(6464K) NonClass: 5766K(5824K)->5766K(5824K) Class: 533K(640K)->533K(640K)
[12.138s][info][gc             ] GC(185) Pause Young (Allocation Failure) 1879M->1879M(2009M) 46.496ms
[12.138s][info][gc,cpu         ] GC(185) User=0.16s Sys=0.02s Real=0.05s
[12.160s][info][gc,start       ] GC(186) Pause Young (Allocation Failure)
[12.201s][info][gc,heap        ] GC(186) PSYoungGen: 56416K(114688K)->20608K(119296K) Eden: 20480K(20480K)->0K(20480K) From: 35936K(94208K)->20608K(98816K)
[12.201s][info][gc,heap        ] GC(186) ParOldGen: 1888653K(1942528K)->1924965K(1942528K)
[12.201s][info][gc,metaspace   ] GC(186) Metaspace: 6299K(6464K)->6299K(6464K) NonClass: 5766K(5824K)->5766K(5824K) Class: 533K(640K)->533K(640K)
[12.201s][info][gc             ] GC(186) Pause Young (Allocation Failure) 1899M->1899M(2013M) 41.395ms
[12.201s][info][gc,cpu         ] GC(186) User=0.12s Sys=0.02s Real=0.04s
[12.201s][info][gc,start       ] GC(187) Pause Full (Ergonomics)
[12.201s][info][gc,phases,start] GC(187) Marking Phase
[12.660s][info][gc,phases      ] GC(187) Marking Phase 458.284ms
[12.660s][info][gc,phases,start] GC(187) Summary Phase
[12.660s][info][gc,phases      ] GC(187) Summary Phase 0.042ms
[12.660s][info][gc,phases,start] GC(187) Adjust Roots
[12.660s][info][gc,phases      ] GC(187) Adjust Roots 0.203ms
[12.660s][info][gc,phases,start] GC(187) Compaction Phase
[12.853s][info][gc,phases      ] GC(187) Compaction Phase 192.695ms
[12.853s][info][gc,phases,start] GC(187) Post Compact
[12.856s][info][gc,phases      ] GC(187) Post Compact 3.623ms
[12.857s][info][gc,heap        ] GC(187) PSYoungGen: 20608K(119296K)->520K(119296K) Eden: 0K(20480K)->0K(20480K) From: 20608K(98816K)->520K(98816K)
[12.857s][info][gc,heap        ] GC(187) ParOldGen: 1924965K(1942528K)->1942478K(2147840K)
[12.857s][info][gc,metaspace   ] GC(187) Metaspace: 6299K(6464K)->6299K(6464K) NonClass: 5766K(5824K)->5766K(5824K) Class: 533K(640K)->533K(640K)
[12.857s][info][gc             ] GC(187) Pause Full (Ergonomics) 1899M->1897M(2214M) 655.987ms
[12.857s][info][gc,cpu         ] GC(187) User=4.55s Sys=0.00s Real=0.66s
[12.882s][info][gc,start       ] GC(188) Pause Young (Allocation Failure)
[12.977s][info][gc,heap        ] GC(188) PSYoungGen: 21000K(119296K)->20640K(116736K) Eden: 20480K(20480K)->0K(23040K) From: 520K(98816K)->20640K(93696K)
[12.977s][info][gc,heap        ] GC(188) ParOldGen: 1942478K(2147840K)->1943030K(2147840K)
[12.977s][info][gc,metaspace   ] GC(188) Metaspace: 6299K(6464K)->6299K(6464K) NonClass: 5766K(5824K)->5766K(5824K) Class: 533K(640K)->533K(640K)
[12.977s][info][gc             ] GC(188) Pause Young (Allocation Failure) 1917M->1917M(2211M) 94.878ms
[12.977s][info][gc,cpu         ] GC(188) User=0.64s Sys=0.00s Real=0.09s
[13.004s][info][gc,start       ] GC(189) Pause Young (Allocation Failure)
[13.038s][info][gc,heap        ] GC(189) PSYoungGen: 43680K(116736K)->23232K(46592K) Eden: 23040K(23040K)->0K(23040K) From: 20640K(93696K)->23232K(23552K)
[13.038s][info][gc,heap        ] GC(189) ParOldGen: 1943030K(2147840K)->1963798K(2147840K)
[13.038s][info][gc,metaspace   ] GC(189) Metaspace: 6299K(6464K)->6299K(6464K) NonClass: 5766K(5824K)->5766K(5824K) Class: 533K(640K)->533K(640K)
[13.038s][info][gc             ] GC(189) Pause Young (Allocation Failure) 1940M->1940M(2143M) 33.701ms
[13.038s][info][gc,cpu         ] GC(189) User=0.12s Sys=0.00s Real=0.03s
[13.068s][info][gc,start       ] GC(190) Pause Young (Allocation Failure)
[13.102s][info][gc,heap        ] GC(190) PSYoungGen: 46272K(46592K)->23136K(112128K) Eden: 23040K(23040K)->0K(25600K) From: 23232K(23552K)->23136K(86528K)
[13.102s][info][gc,heap        ] GC(190) ParOldGen: 1963798K(2147840K)->1987158K(2147840K)
[13.102s][info][gc,metaspace   ] GC(190) Metaspace: 6299K(6464K)->6299K(6464K) NonClass: 5766K(5824K)->5766K(5824K) Class: 533K(640K)->533K(640K)
[13.102s][info][gc             ] GC(190) Pause Young (Allocation Failure) 1962M->1963M(2207M) 34.198ms
[13.102s][info][gc,cpu         ] GC(190) User=0.16s Sys=0.00s Real=0.03s
[13.134s][info][gc,start       ] GC(191) Pause Young (Allocation Failure)
[13.170s][info][gc,heap        ] GC(191) PSYoungGen: 48736K(112128K)->25760K(115200K) Eden: 25600K(25600K)->0K(25600K) From: 23136K(86528K)->25760K(89600K)
[13.170s][info][gc,heap        ] GC(191) ParOldGen: 1987158K(2147840K)->2010542K(2147840K)
[13.170s][info][gc,metaspace   ] GC(191) Metaspace: 6299K(6464K)->6299K(6464K) NonClass: 5766K(5824K)->5766K(5824K) Class: 533K(640K)->533K(640K)
[13.170s][info][gc             ] GC(191) Pause Young (Allocation Failure) 1988M->1988M(2210M) 36.477ms
[13.170s][info][gc,cpu         ] GC(191) User=0.16s Sys=0.00s Real=0.04s
[13.196s][info][gc,start       ] GC(192) Pause Young (Allocation Failure)
[13.234s][info][gc,heap        ] GC(192) PSYoungGen: 51360K(115200K)->25728K(108032K) Eden: 25600K(25600K)->0K(28672K) From: 25760K(89600K)->25728K(79360K)
[13.234s][info][gc,heap        ] GC(192) ParOldGen: 2010542K(2147840K)->2036526K(2147840K)
[13.234s][info][gc,metaspace   ] GC(192) Metaspace: 6299K(6464K)->6299K(6464K) NonClass: 5766K(5824K)->5766K(5824K) Class: 533K(640K)->533K(640K)
[13.234s][info][gc             ] GC(192) Pause Young (Allocation Failure) 2013M->2013M(2203M) 37.374ms
[13.234s][info][gc,cpu         ] GC(192) User=0.14s Sys=0.00s Real=0.04s
[13.263s][info][gc,start       ] GC(193) Pause Young (Allocation Failure)
[13.303s][info][gc,heap        ] GC(193) PSYoungGen: 54400K(108032K)->28832K(57856K) Eden: 28672K(28672K)->0K(28672K) From: 25728K(79360K)->28832K(29184K)
[13.303s][info][gc,heap        ] GC(193) ParOldGen: 2036526K(2147840K)->2062478K(2147840K)
[13.303s][info][gc,metaspace   ] GC(193) Metaspace: 6299K(6464K)->6299K(6464K) NonClass: 5766K(5824K)->5766K(5824K) Class: 533K(640K)->533K(640K)
[13.303s][info][gc             ] GC(193) Pause Young (Allocation Failure) 2041M->2042M(2154M) 39.389ms
[13.303s][info][gc,cpu         ] GC(193) User=0.12s Sys=0.00s Real=0.04s
[13.335s][info][gc,start       ] GC(194) Pause Young (Allocation Failure)
[13.373s][info][gc,heap        ] GC(194) PSYoungGen: 57504K(57856K)->28800K(103936K) Eden: 28672K(28672K)->0K(32256K) From: 28832K(29184K)->28800K(71680K)
[13.373s][info][gc,heap        ] GC(194) ParOldGen: 2062478K(2147840K)->2091558K(2147840K)
[13.373s][info][gc,metaspace   ] GC(194) Metaspace: 6299K(6464K)->6299K(6464K) NonClass: 5766K(5824K)->5766K(5824K) Class: 533K(640K)->533K(640K)
[13.373s][info][gc             ] GC(194) Pause Young (Allocation Failure) 2070M->2070M(2199M) 38.574ms
[13.373s][info][gc,cpu         ] GC(194) User=0.19s Sys=0.02s Real=0.04s
[13.409s][info][gc,start       ] GC(195) Pause Young (Allocation Failure)
[13.452s][info][gc,heap        ] GC(195) PSYoungGen: 61056K(103936K)->32416K(107520K) Eden: 32256K(32256K)->0K(32256K) From: 28800K(71680K)->32416K(75264K)
[13.452s][info][gc,heap        ] GC(195) ParOldGen: 2091558K(2147840K)->2120646K(2147840K)
[13.452s][info][gc,metaspace   ] GC(195) Metaspace: 6299K(6464K)->6299K(6464K) NonClass: 5766K(5824K)->5766K(5824K) Class: 533K(640K)->533K(640K)
[13.452s][info][gc             ] GC(195) Pause Young (Allocation Failure) 2102M->2102M(2202M) 43.126ms
[13.452s][info][gc,cpu         ] GC(195) User=0.19s Sys=0.02s Real=0.04s
[13.452s][info][gc,start       ] GC(196) Pause Full (Ergonomics)
[13.452s][info][gc,phases,start] GC(196) Marking Phase
[13.967s][info][gc,phases      ] GC(196) Marking Phase 514.729ms
[13.967s][info][gc,phases,start] GC(196) Summary Phase
[13.967s][info][gc,phases      ] GC(196) Summary Phase 0.051ms
[13.967s][info][gc,phases,start] GC(196) Adjust Roots
[13.968s][info][gc,phases      ] GC(196) Adjust Roots 0.263ms
[13.968s][info][gc,phases,start] GC(196) Compaction Phase
[14.176s][info][gc,phases      ] GC(196) Compaction Phase 208.532ms
[14.176s][info][gc,phases,start] GC(196) Post Compact
[14.181s][info][gc,phases      ] GC(196) Post Compact 4.627ms
[14.182s][info][gc,heap        ] GC(196) PSYoungGen: 32416K(107520K)->2589K(107520K) Eden: 0K(32256K)->0K(32256K) From: 32416K(75264K)->2589K(75264K)
[14.182s][info][gc,heap        ] GC(196) ParOldGen: 2120646K(2147840K)->2147509K(2365440K)
[14.182s][info][gc,metaspace   ] GC(196) Metaspace: 6299K(6464K)->6299K(6464K) NonClass: 5766K(5824K)->5766K(5824K) Class: 533K(640K)->533K(640K)
[14.182s][info][gc             ] GC(196) Pause Full (Ergonomics) 2102M->2099M(2415M) 729.280ms
[14.182s][info][gc,cpu         ] GC(196) User=4.72s Sys=0.03s Real=0.73s
[14.217s][info][gc,start       ] GC(197) Pause Young (Allocation Failure)
[14.330s][info][gc,heap        ] GC(197) PSYoungGen: 34845K(107520K)->32352K(98304K) Eden: 32256K(32256K)->0K(35328K) From: 2589K(75264K)->32352K(62976K)
[14.330s][info][gc,heap        ] GC(197) ParOldGen: 2147509K(2365440K)->2150165K(2365440K)
[14.330s][info][gc,metaspace   ] GC(197) Metaspace: 6299K(6464K)->6299K(6464K) NonClass: 5766K(5824K)->5766K(5824K) Class: 533K(640K)->533K(640K)
[14.330s][info][gc             ] GC(197) Pause Young (Allocation Failure) 2131M->2131M(2406M) 112.796ms
[14.330s][info][gc,cpu         ] GC(197) User=0.64s Sys=0.00s Real=0.11s
[14.372s][info][gc,start       ] GC(198) Pause Young (Allocation Failure)
[14.413s][info][gc,heap        ] GC(198) PSYoungGen: 67680K(98304K)->67584K(102912K) Eden: 35328K(35328K)->0K(35328K) From: 32352K(62976K)->67584K(67584K)
[14.413s][info][gc,heap        ] GC(198) ParOldGen: 2150165K(2365440K)->2150317K(2365440K)
[14.413s][info][gc,metaspace   ] GC(198) Metaspace: 6299K(6464K)->6299K(6464K) NonClass: 5766K(5824K)->5766K(5824K) Class: 533K(640K)->533K(640K)
[14.413s][info][gc             ] GC(198) Pause Young (Allocation Failure) 2165M->2165M(2410M) 40.950ms
[14.413s][info][gc,cpu         ] GC(198) User=0.16s Sys=0.00s Real=0.04s
[14.460s][info][gc,start       ] GC(199) Pause Young (Allocation Failure)
[14.519s][info][gc,heap        ] GC(199) PSYoungGen: 102912K(102912K)->35488K(108032K) Eden: 35328K(35328K)->0K(38912K) From: 67584K(67584K)->35488K(69120K)
[14.519s][info][gc,heap        ] GC(199) ParOldGen: 2150317K(2365440K)->2218653K(2365440K)
[14.519s][info][gc,metaspace   ] GC(199) Metaspace: 6299K(6464K)->6299K(6464K) NonClass: 5766K(5824K)->5766K(5824K) Class: 533K(640K)->533K(640K)
[14.519s][info][gc             ] GC(199) Pause Young (Allocation Failure) 2200M->2201M(2415M) 59.013ms
[14.519s][info][gc,cpu         ] GC(199) User=0.33s Sys=0.02s Real=0.06s
[14.563s][info][gc,start       ] GC(200) Pause Young (Allocation Failure)
[14.606s][info][gc,heap        ] GC(200) PSYoungGen: 74400K(108032K)->73216K(112128K) Eden: 38912K(38912K)->0K(38912K) From: 35488K(69120K)->73216K(73216K)
[14.606s][info][gc,heap        ] GC(200) ParOldGen: 2218653K(2365440K)->2219837K(2365440K)
[14.606s][info][gc,metaspace   ] GC(200) Metaspace: 6299K(6464K)->6299K(6464K) NonClass: 5766K(5824K)->5766K(5824K) Class: 533K(640K)->533K(640K)
[14.606s][info][gc             ] GC(200) Pause Young (Allocation Failure) 2239M->2239M(2419M) 43.176ms
[14.606s][info][gc,cpu         ] GC(200) User=0.25s Sys=0.00s Real=0.04s
[14.654s][info][gc,start       ] GC(201) Pause Young (Allocation Failure)
[14.716s][info][gc,heap        ] GC(201) PSYoungGen: 112128K(112128K)->39072K(119296K) Eden: 38912K(38912K)->0K(43520K) From: 73216K(73216K)->39072K(75776K)
[14.716s][info][gc,heap        ] GC(201) ParOldGen: 2219837K(2365440K)->2293709K(2365440K)
[14.716s][info][gc,metaspace   ] GC(201) Metaspace: 6299K(6464K)->6299K(6464K) NonClass: 5766K(5824K)->5766K(5824K) Class: 533K(640K)->533K(640K)
[14.716s][info][gc             ] GC(201) Pause Young (Allocation Failure) 2277M->2278M(2426M) 62.045ms
[14.716s][info][gc,cpu         ] GC(201) User=0.39s Sys=0.00s Real=0.06s
[14.716s][info][gc,start       ] GC(202) Pause Full (Ergonomics)
[14.716s][info][gc,phases,start] GC(202) Marking Phase
[15.263s][info][gc,phases      ] GC(202) Marking Phase 547.048ms
[15.263s][info][gc,phases,start] GC(202) Summary Phase
[15.263s][info][gc,phases      ] GC(202) Summary Phase 0.078ms
[15.263s][info][gc,phases,start] GC(202) Adjust Roots
[15.263s][info][gc,phases      ] GC(202) Adjust Roots 0.324ms
[15.263s][info][gc,phases,start] GC(202) Compaction Phase
[15.515s][info][gc,phases      ] GC(202) Compaction Phase 251.760ms
[15.515s][info][gc,phases,start] GC(202) Post Compact
[15.520s][info][gc,phases      ] GC(202) Post Compact 5.199ms
[15.521s][info][gc,heap        ] GC(202) PSYoungGen: 39072K(119296K)->0K(122880K) Eden: 0K(43520K)->0K(43520K) From: 39072K(75776K)->0K(79360K)
[15.521s][info][gc,heap        ] GC(202) ParOldGen: 2293709K(2365440K)->2330685K(2600448K)
[15.521s][info][gc,metaspace   ] GC(202) Metaspace: 6299K(6464K)->6299K(6464K) NonClass: 5766K(5824K)->5766K(5824K) Class: 533K(640K)->533K(640K)
[15.521s][info][gc             ] GC(202) Pause Full (Ergonomics) 2278M->2276M(2659M) 805.643ms
[15.521s][info][gc,cpu         ] GC(202) User=5.41s Sys=0.00s Real=0.81s
[15.572s][info][gc,start       ] GC(203) Pause Young (Allocation Failure)
[15.608s][info][gc,heap        ] GC(203) PSYoungGen: 43520K(122880K)->43712K(120320K) Eden: 43520K(43520K)->0K(47104K) From: 0K(79360K)->43712K(73216K)
[15.608s][info][gc,heap        ] GC(203) ParOldGen: 2330685K(2600448K)->2330685K(2600448K)
[15.608s][info][gc,metaspace   ] GC(203) Metaspace: 6299K(6464K)->6299K(6464K) NonClass: 5766K(5824K)->5766K(5824K) Class: 533K(640K)->533K(640K)
[15.608s][info][gc             ] GC(203) Pause Young (Allocation Failure) 2318M->2318M(2657M) 36.246ms
[15.608s][info][gc,cpu         ] GC(203) User=0.12s Sys=0.00s Real=0.04s
[15.662s][info][gc,start       ] GC(204) Pause Young (Allocation Failure)
[15.720s][info][gc,heap        ] GC(204) PSYoungGen: 90816K(120320K)->76800K(123904K) Eden: 47104K(47104K)->0K(47104K) From: 43712K(73216K)->76800K(76800K)
[15.720s][info][gc,heap        ] GC(204) ParOldGen: 2330685K(2600448K)->2344757K(2600448K)
[15.720s][info][gc,metaspace   ] GC(204) Metaspace: 6299K(6464K)->6299K(6464K) NonClass: 5766K(5824K)->5766K(5824K) Class: 533K(640K)->533K(640K)
[15.720s][info][gc             ] GC(204) Pause Young (Allocation Failure) 2364M->2364M(2660M) 57.488ms
[15.720s][info][gc,cpu         ] GC(204) User=0.36s Sys=0.00s Real=0.06s
[15.781s][info][gc,start       ] GC(205) Pause Young (Allocation Failure)
[15.856s][info][gc,heap        ] GC(205) PSYoungGen: 123904K(123904K)->47296K(135680K) Eden: 47104K(47104K)->0K(51712K) From: 76800K(76800K)->47296K(83968K)
[15.857s][info][gc,heap        ] GC(205) ParOldGen: 2344757K(2600448K)->2422125K(2600448K)
[15.857s][info][gc,metaspace   ] GC(205) Metaspace: 6299K(6464K)->6299K(6464K) NonClass: 5766K(5824K)->5766K(5824K) Class: 533K(640K)->533K(640K)
[15.857s][info][gc             ] GC(205) Pause Young (Allocation Failure) 2410M->2411M(2672M) 75.961ms
[15.857s][info][gc,cpu         ] GC(205) User=0.36s Sys=0.03s Real=0.08s
[15.921s][info][gc,start       ] GC(206) Pause Young (Allocation Failure)
[15.983s][info][gc,heap        ] GC(206) PSYoungGen: 99008K(135680K)->88064K(139776K) Eden: 51712K(51712K)->0K(51712K) From: 47296K(83968K)->88064K(88064K)
[15.983s][info][gc,heap        ] GC(206) ParOldGen: 2422125K(2600448K)->2433125K(2600448K)
[15.983s][info][gc,metaspace   ] GC(206) Metaspace: 6299K(6464K)->6299K(6464K) NonClass: 5766K(5824K)->5766K(5824K) Class: 533K(640K)->533K(640K)
[15.983s][info][gc             ] GC(206) Pause Young (Allocation Failure) 2462M->2462M(2676M) 61.968ms
[15.983s][info][gc,cpu         ] GC(206) User=0.31s Sys=0.00s Real=0.06s
[16.043s][info][gc,start       ] GC(207) Pause Young (Allocation Failure)
[16.133s][info][gc,heap        ] GC(207) PSYoungGen: 139776K(139776K)->51936K(152064K) Eden: 51712K(51712K)->0K(57344K) From: 88064K(88064K)->51936K(94720K)
[16.133s][info][gc,heap        ] GC(207) ParOldGen: 2433125K(2600448K)->2521861K(2600448K)
[16.133s][info][gc,metaspace   ] GC(207) Metaspace: 6299K(6464K)->6299K(6464K) NonClass: 5766K(5824K)->5766K(5824K) Class: 533K(640K)->533K(640K)
[16.133s][info][gc             ] GC(207) Pause Young (Allocation Failure) 2512M->2513M(2688M) 90.557ms
[16.133s][info][gc,cpu         ] GC(207) User=0.53s Sys=0.00s Real=0.09s
[16.133s][info][gc,start       ] GC(208) Pause Full (Ergonomics)
[16.133s][info][gc,phases,start] GC(208) Marking Phase
[16.738s][info][gc,phases      ] GC(208) Marking Phase 604.344ms
[16.738s][info][gc,phases,start] GC(208) Summary Phase
[16.738s][info][gc,phases      ] GC(208) Summary Phase 0.079ms
[16.738s][info][gc,phases,start] GC(208) Adjust Roots
[16.738s][info][gc,phases      ] GC(208) Adjust Roots 0.301ms
[16.738s][info][gc,phases,start] GC(208) Compaction Phase
[16.964s][info][gc,phases      ] GC(208) Compaction Phase 225.562ms
[16.964s][info][gc,phases,start] GC(208) Post Compact
[16.969s][info][gc,phases      ] GC(208) Post Compact 5.013ms
[16.970s][info][gc,heap        ] GC(208) PSYoungGen: 51936K(152064K)->0K(156160K) Eden: 0K(57344K)->0K(57344K) From: 51936K(94720K)->0K(98816K)
[16.970s][info][gc,heap        ] GC(208) ParOldGen: 2521861K(2600448K)->2571685K(2886656K)
[16.970s][info][gc,metaspace   ] GC(208) Metaspace: 6299K(6464K)->6299K(6464K) NonClass: 5766K(5824K)->5766K(5824K) Class: 533K(640K)->533K(640K)
[16.970s][info][gc             ] GC(208) Pause Full (Ergonomics) 2513M->2511M(2971M) 836.842ms
[16.970s][info][gc,cpu         ] GC(208) User=6.11s Sys=0.05s Real=0.84s
[17.044s][info][gc,start       ] GC(209) Pause Young (Allocation Failure)
[17.087s][info][gc,heap        ] GC(209) PSYoungGen: 57344K(156160K)->57568K(155136K) Eden: 57344K(57344K)->0K(62464K) From: 0K(98816K)->57568K(92672K)
[17.087s][info][gc,heap        ] GC(209) ParOldGen: 2571685K(2886656K)->2571685K(2886656K)
[17.087s][info][gc,metaspace   ] GC(209) Metaspace: 6299K(6464K)->6299K(6464K) NonClass: 5766K(5824K)->5766K(5824K) Class: 533K(640K)->533K(640K)
[17.087s][info][gc             ] GC(209) Pause Young (Allocation Failure) 2567M->2567M(2970M) 42.666ms
[17.087s][info][gc,cpu         ] GC(209) User=0.12s Sys=0.00s Real=0.04s
[17.165s][info][gc,start       ] GC(210) Pause Young (Allocation Failure)
[17.237s][info][gc,heap        ] GC(210) PSYoungGen: 120032K(155136K)->96256K(158720K) Eden: 62464K(62464K)->0K(62464K) From: 57568K(92672K)->96256K(96256K)
[17.237s][info][gc,heap        ] GC(210) ParOldGen: 2571685K(2886656K)->2595605K(2886656K)
[17.237s][info][gc,metaspace   ] GC(210) Metaspace: 6299K(6464K)->6299K(6464K) NonClass: 5766K(5824K)->5766K(5824K) Class: 533K(640K)->533K(640K)
[17.237s][info][gc             ] GC(210) Pause Young (Allocation Failure) 2628M->2628M(2974M) 72.790ms
[17.237s][info][gc,cpu         ] GC(210) User=0.45s Sys=0.00s Real=0.07s
[17.308s][info][gc,start       ] GC(211) Pause Young (Allocation Failure)
[17.402s][info][gc,heap        ] GC(211) PSYoungGen: 158720K(158720K)->113280K(171008K) Eden: 62464K(62464K)->0K(53760K) From: 96256K(96256K)->113280K(117248K)
[17.402s][info][gc,heap        ] GC(211) ParOldGen: 2595605K(2886656K)->2641637K(2886656K)
[17.402s][info][gc,metaspace   ] GC(211) Metaspace: 6299K(6464K)->6299K(6464K) NonClass: 5766K(5824K)->5766K(5824K) Class: 533K(640K)->533K(640K)
[17.402s][info][gc             ] GC(211) Pause Young (Allocation Failure) 2689M->2690M(2986M) 94.439ms
[17.402s][info][gc,cpu         ] GC(211) User=0.45s Sys=0.05s Real=0.09s
[17.467s][info][gc,start       ] GC(212) Pause Young (Allocation Failure)
[17.562s][info][gc,heap        ] GC(212) PSYoungGen: 167040K(171008K)->131584K(185344K) Eden: 53760K(53760K)->0K(53760K) From: 113280K(117248K)->131584K(131584K)
[17.562s][info][gc,heap        ] GC(212) ParOldGen: 2641637K(2886656K)->2677309K(2886656K)
[17.562s][info][gc,metaspace   ] GC(212) Metaspace: 6299K(6464K)->6299K(6464K) NonClass: 5766K(5824K)->5766K(5824K) Class: 533K(640K)->533K(640K)
[17.562s][info][gc             ] GC(212) Pause Young (Allocation Failure) 2742M->2743M(3000M) 95.380ms
[17.562s][info][gc,cpu         ] GC(212) User=0.52s Sys=0.00s Real=0.10s
[18.185s][info][gc,start       ] GC(213) Pause Full (Ergonomics)
[18.185s][info][gc,phases,start] GC(213) Marking Phase
[18.848s][info][gc,phases      ] GC(213) Marking Phase 662.422ms
[18.848s][info][gc,phases,start] GC(213) Summary Phase
[18.848s][info][gc,phases      ] GC(213) Summary Phase 0.054ms
[18.848s][info][gc,phases,start] GC(213) Adjust Roots
[18.848s][info][gc,phases      ] GC(213) Adjust Roots 0.204ms
[18.848s][info][gc,phases,start] GC(213) Compaction Phase
[19.370s][info][gc,phases      ] GC(213) Compaction Phase 521.596ms
[19.370s][info][gc,phases,start] GC(213) Post Compact
[19.377s][info][gc,phases      ] GC(213) Post Compact 6.972ms
[19.378s][info][gc,heap        ] GC(213) PSYoungGen: 185344K(185344K)->40352K(185344K) Eden: 53760K(53760K)->0K(53760K) From: 131584K(131584K)->40352K(131584K)
[19.378s][info][gc,heap        ] GC(213) ParOldGen: 2808381K(2886656K)->2886504K(3211264K)
[19.378s][info][gc,metaspace   ] GC(213) Metaspace: 6299K(6464K)->6299K(6464K) NonClass: 5766K(5824K)->5766K(5824K) Class: 533K(640K)->533K(640K)
[19.378s][info][gc             ] GC(213) Pause Full (Ergonomics) 2923M->2858M(3317M) 1192.690ms
[19.378s][info][gc,cpu         ] GC(213) User=7.53s Sys=0.05s Real=1.19s
[19.437s][info][gc,start       ] GC(214) Pause Young (Allocation Failure)
[19.627s][info][gc,heap        ] GC(214) PSYoungGen: 94112K(185344K)->67776K(204800K) Eden: 53760K(53760K)->0K(58368K) From: 40352K(131584K)->67776K(146432K)
[19.627s][info][gc,heap        ] GC(214) ParOldGen: 2886504K(3211264K)->2913312K(3211264K)
[19.627s][info][gc,metaspace   ] GC(214) Metaspace: 6299K(6464K)->6299K(6464K) NonClass: 5766K(5824K)->5766K(5824K) Class: 533K(640K)->533K(640K)
[19.627s][info][gc             ] GC(214) Pause Young (Allocation Failure) 2910M->2911M(3336M) 189.805ms
[19.627s][info][gc,cpu         ] GC(214) User=0.97s Sys=0.02s Real=0.19s
[19.687s][info][gc,start       ] GC(215) Pause Young (Allocation Failure)
[19.766s][info][gc,heap        ] GC(215) PSYoungGen: 126144K(204800K)->126208K(213504K) Eden: 58368K(58368K)->0K(58368K) From: 67776K(146432K)->126208K(155136K)
[19.766s][info][gc,heap        ] GC(215) ParOldGen: 2913312K(3211264K)->2913312K(3211264K)
[19.766s][info][gc,metaspace   ] GC(215) Metaspace: 6299K(6464K)->6299K(6464K) NonClass: 5766K(5824K)->5766K(5824K) Class: 533K(640K)->533K(640K)
[19.766s][info][gc             ] GC(215) Pause Young (Allocation Failure) 2968M->2968M(3344M) 79.078ms
[19.766s][info][gc,cpu         ] GC(215) User=0.36s Sys=0.00s Real=0.08s
[19.824s][info][gc,start       ] GC(216) Pause Young (Allocation Failure)
[19.923s][info][gc,heap        ] GC(216) PSYoungGen: 184576K(213504K)->166400K(199680K) Eden: 58368K(58368K)->0K(33280K) From: 126208K(155136K)->166400K(166400K)
[19.923s][info][gc,heap        ] GC(216) ParOldGen: 2913312K(3211264K)->2931672K(3211264K)
[19.923s][info][gc,metaspace   ] GC(216) Metaspace: 6299K(6464K)->6299K(6464K) NonClass: 5766K(5824K)->5766K(5824K) Class: 533K(640K)->533K(640K)
[19.923s][info][gc             ] GC(216) Pause Young (Allocation Failure) 3025M->3025M(3331M) 98.855ms
[19.923s][info][gc,cpu         ] GC(216) User=0.56s Sys=0.11s Real=0.10s
[19.956s][info][gc,start       ] GC(217) Pause Young (Allocation Failure)
[20.057s][info][gc,heap        ] GC(217) PSYoungGen: 199680K(199680K)->133536K(230400K) Eden: 33280K(33280K)->0K(33280K) From: 166400K(166400K)->133536K(197120K)
[20.057s][info][gc,heap        ] GC(217) ParOldGen: 2931672K(3211264K)->2998504K(3211264K)
[20.057s][info][gc,metaspace   ] GC(217) Metaspace: 6299K(6464K)->6299K(6464K) NonClass: 5766K(5824K)->5766K(5824K) Class: 533K(640K)->533K(640K)
[20.057s][info][gc             ] GC(217) Pause Young (Allocation Failure) 3057M->3058M(3361M) 101.377ms
[20.057s][info][gc,cpu         ] GC(217) User=0.56s Sys=0.09s Real=0.10s
[20.093s][info][gc,start       ] GC(218) Pause Young (Allocation Failure)
[20.178s][info][gc,heap        ] GC(218) PSYoungGen: 166816K(230400K)->121024K(238080K) Eden: 33280K(33280K)->0K(37376K) From: 133536K(197120K)->121024K(200704K)
[20.178s][info][gc,heap        ] GC(218) ParOldGen: 2998504K(3211264K)->3044696K(3211264K)
[20.178s][info][gc,metaspace   ] GC(218) Metaspace: 6299K(6464K)->6299K(6464K) NonClass: 5766K(5824K)->5766K(5824K) Class: 533K(640K)->533K(640K)
[20.178s][info][gc             ] GC(218) Pause Young (Allocation Failure) 3091M->3091M(3368M) 84.906ms
[20.178s][info][gc,cpu         ] GC(218) User=0.53s Sys=0.03s Real=0.09s
[20.220s][info][gc,start       ] GC(219) Pause Young (Allocation Failure)
[20.301s][info][gc,heap        ] GC(219) PSYoungGen: 158400K(238080K)->104224K(141824K) Eden: 37376K(37376K)->0K(37376K) From: 121024K(200704K)->104224K(104448K)
[20.301s][info][gc,heap        ] GC(219) ParOldGen: 3044696K(3211264K)->3099320K(3211264K)
[20.302s][info][gc,metaspace   ] GC(219) Metaspace: 6299K(6464K)->6299K(6464K) NonClass: 5766K(5824K)->5766K(5824K) Class: 533K(640K)->533K(640K)
[20.302s][info][gc             ] GC(219) Pause Young (Allocation Failure) 3128M->3128M(3274M) 81.545ms
[20.302s][info][gc,cpu         ] GC(219) User=0.39s Sys=0.05s Real=0.08s
[20.343s][info][gc,start       ] GC(220) Pause Young (Allocation Failure)
[20.421s][info][gc,heap        ] GC(220) PSYoungGen: 141600K(141824K)->74976K(225280K) Eden: 37376K(37376K)->0K(42496K) From: 104224K(104448K)->74976K(182784K)
[20.421s][info][gc,heap        ] GC(220) ParOldGen: 3099320K(3211264K)->3166464K(3211264K)
[20.421s][info][gc,metaspace   ] GC(220) Metaspace: 6299K(6464K)->6299K(6464K) NonClass: 5766K(5824K)->5766K(5824K) Class: 533K(640K)->533K(640K)
[20.421s][info][gc             ] GC(220) Pause Young (Allocation Failure) 3164M->3165M(3356M) 78.055ms
[20.421s][info][gc,cpu         ] GC(220) User=0.28s Sys=0.08s Real=0.08s
[20.421s][info][gc,start       ] GC(221) Pause Full (Ergonomics)
[20.421s][info][gc,phases,start] GC(221) Marking Phase
[21.156s][info][gc,phases      ] GC(221) Marking Phase 734.526ms
[21.156s][info][gc,phases,start] GC(221) Summary Phase
[21.156s][info][gc,phases      ] GC(221) Summary Phase 0.054ms
[21.156s][info][gc,phases,start] GC(221) Adjust Roots
[21.156s][info][gc,phases      ] GC(221) Adjust Roots 0.227ms
[21.156s][info][gc,phases,start] GC(221) Compaction Phase
[21.506s][info][gc,phases      ] GC(221) Compaction Phase 350.044ms
[21.506s][info][gc,phases,start] GC(221) Post Compact
[21.512s][info][gc,phases      ] GC(221) Post Compact 6.117ms
[21.514s][info][gc,heap        ] GC(221) PSYoungGen: 74976K(225280K)->27191K(230912K) Eden: 0K(42496K)->0K(48128K) From: 74976K(182784K)->27191K(182784K)
[21.514s][info][gc,heap        ] GC(221) ParOldGen: 3166464K(3211264K)->3211252K(3569664K)
[21.514s][info][gc,metaspace   ] GC(221) Metaspace: 6299K(6464K)->6299K(6464K) NonClass: 5766K(5824K)->5766K(5824K) Class: 533K(640K)->533K(640K)
[21.514s][info][gc             ] GC(221) Pause Full (Ergonomics) 3165M->3162M(3711M) 1092.514ms
[21.514s][info][gc,cpu         ] GC(221) User=7.62s Sys=0.05s Real=1.09s
[21.564s][info][gc,start       ] GC(222) Pause Young (Allocation Failure)
[21.732s][info][gc,heap        ] GC(222) PSYoungGen: 75319K(230912K)->48320K(236544K) Eden: 48128K(48128K)->0K(48128K) From: 27191K(182784K)->48320K(188416K)
[21.732s][info][gc,heap        ] GC(222) ParOldGen: 3211252K(3569664K)->3238732K(3569664K)
[21.732s][info][gc,metaspace   ] GC(222) Metaspace: 6299K(6464K)->6299K(6464K) NonClass: 5766K(5824K)->5766K(5824K) Class: 533K(640K)->533K(640K)
[21.732s][info][gc             ] GC(222) Pause Young (Allocation Failure) 3209M->3210M(3717M) 167.385ms
[21.732s][info][gc,cpu         ] GC(222) User=1.03s Sys=0.00s Real=0.17s
[21.782s][info][gc,start       ] GC(223) Pause Young (Allocation Failure)
[21.845s][info][gc,heap        ] GC(223) PSYoungGen: 96448K(236544K)->48352K(235008K) Eden: 48128K(48128K)->0K(53248K) From: 48320K(188416K)->48352K(181760K)
[21.845s][info][gc,heap        ] GC(223) ParOldGen: 3238732K(3569664K)->3287300K(3569664K)
[21.845s][info][gc,metaspace   ] GC(223) Metaspace: 6299K(6464K)->6299K(6464K) NonClass: 5766K(5824K)->5766K(5824K) Class: 533K(640K)->533K(640K)
[21.845s][info][gc             ] GC(223) Pause Young (Allocation Failure) 3257M->3257M(3715M) 62.749ms
[21.845s][info][gc,cpu         ] GC(223) User=0.27s Sys=0.00s Real=0.06s
[21.904s][info][gc,start       ] GC(224) Pause Young (Allocation Failure)
[21.967s][info][gc,heap        ] GC(224) PSYoungGen: 101600K(235008K)->53440K(237568K) Eden: 53248K(53248K)->0K(53248K) From: 48352K(181760K)->53440K(184320K)
[21.967s][info][gc,heap        ] GC(224) ParOldGen: 3287300K(3569664K)->3335852K(3569664K)
[21.967s][info][gc,metaspace   ] GC(224) Metaspace: 6299K(6464K)->6299K(6464K) NonClass: 5766K(5824K)->5766K(5824K) Class: 533K(640K)->533K(640K)
[21.967s][info][gc             ] GC(224) Pause Young (Allocation Failure) 3309M->3309M(3718M) 62.447ms
[21.967s][info][gc,cpu         ] GC(224) User=0.22s Sys=0.00s Real=0.06s
[22.025s][info][gc,start       ] GC(225) Pause Young (Allocation Failure)
[22.095s][info][gc,heap        ] GC(225) PSYoungGen: 106688K(237568K)->53440K(229888K) Eden: 53248K(53248K)->0K(58880K) From: 53440K(184320K)->53440K(171008K)
[22.095s][info][gc,heap        ] GC(225) ParOldGen: 3335852K(3569664K)->3389580K(3569664K)
[22.095s][info][gc,metaspace   ] GC(225) Metaspace: 6299K(6464K)->6299K(6464K) NonClass: 5766K(5824K)->5766K(5824K) Class: 533K(640K)->533K(640K)
[22.095s][info][gc             ] GC(225) Pause Young (Allocation Failure) 3361M->3362M(3710M) 70.361ms
[22.095s][info][gc,cpu         ] GC(225) User=0.28s Sys=0.03s Real=0.07s
[22.152s][info][gc,start       ] GC(226) Pause Young (Allocation Failure)
[22.219s][info][gc,heap        ] GC(226) PSYoungGen: 112320K(229888K)->59104K(234496K) Eden: 58880K(58880K)->0K(58880K) From: 53440K(171008K)->59104K(175616K)
[22.219s][info][gc,heap        ] GC(226) ParOldGen: 3389580K(3569664K)->3443308K(3569664K)
[22.219s][info][gc,metaspace   ] GC(226) Metaspace: 6299K(6464K)->6299K(6464K) NonClass: 5766K(5824K)->5766K(5824K) Class: 533K(640K)->533K(640K)
[22.219s][info][gc             ] GC(226) Pause Young (Allocation Failure) 3419M->3420M(3715M) 66.873ms
[22.219s][info][gc,cpu         ] GC(226) User=0.27s Sys=0.02s Real=0.07s
[22.281s][info][gc,start       ] GC(227) Pause Young (Allocation Failure)
[22.349s][info][gc,heap        ] GC(227) PSYoungGen: 117984K(234496K)->59104K(223744K) Eden: 58880K(58880K)->0K(65536K) From: 59104K(175616K)->59104K(158208K)
[22.349s][info][gc,heap        ] GC(227) ParOldGen: 3443308K(3569664K)->3502724K(3569664K)
[22.349s][info][gc,metaspace   ] GC(227) Metaspace: 6299K(6464K)->6299K(6464K) NonClass: 5766K(5824K)->5766K(5824K) Class: 533K(640K)->533K(640K)
[22.349s][info][gc             ] GC(227) Pause Young (Allocation Failure) 3477M->3478M(3704M) 67.859ms
[22.349s][info][gc,cpu         ] GC(227) User=0.28s Sys=0.00s Real=0.07s
[22.349s][info][gc,start       ] GC(228) Pause Full (Ergonomics)
[22.349s][info][gc,phases,start] GC(228) Marking Phase
[23.138s][info][gc,phases      ] GC(228) Marking Phase 789.236ms
[23.138s][info][gc,phases,start] GC(228) Summary Phase
[23.138s][info][gc,phases      ] GC(228) Summary Phase 0.077ms
[23.138s][info][gc,phases,start] GC(228) Adjust Roots
[23.138s][info][gc,phases      ] GC(228) Adjust Roots 0.177ms
[23.138s][info][gc,phases,start] GC(228) Compaction Phase
[23.478s][info][gc,phases      ] GC(228) Compaction Phase 339.712ms
[23.478s][info][gc,phases,start] GC(228) Post Compact
[23.485s][info][gc,phases      ] GC(228) Post Compact 6.517ms
[23.486s][info][gc,heap        ] GC(228) PSYoungGen: 59104K(223744K)->0K(229376K) Eden: 0K(65536K)->0K(65536K) From: 59104K(158208K)->0K(163840K)
[23.486s][info][gc,heap        ] GC(228) ParOldGen: 3502724K(3569664K)->3558750K(3941888K)
[23.486s][info][gc,metaspace   ] GC(228) Metaspace: 6299K(6464K)->6299K(6464K) NonClass: 5766K(5824K)->5766K(5824K) Class: 533K(640K)->533K(640K)
[23.486s][info][gc             ] GC(228) Pause Full (Ergonomics) 3478M->3475M(4073M) 1137.299ms
[23.486s][info][gc,cpu         ] GC(228) User=8.23s Sys=0.02s Real=1.14s
[23.558s][info][gc,start       ] GC(229) Pause Young (Allocation Failure)
[23.615s][info][gc,heap        ] GC(229) PSYoungGen: 65536K(229376K)->65792K(220160K) Eden: 65536K(65536K)->0K(71680K) From: 0K(163840K)->65792K(148480K)
[23.615s][info][gc,heap        ] GC(229) ParOldGen: 3558750K(3941888K)->3558750K(3941888K)
[23.615s][info][gc,metaspace   ] GC(229) Metaspace: 6299K(6464K)->6299K(6464K) NonClass: 5766K(5824K)->5766K(5824K) Class: 533K(640K)->533K(640K)
[23.615s][info][gc             ] GC(229) Pause Young (Allocation Failure) 3539M->3539M(4064M) 56.239ms
[23.615s][info][gc,cpu         ] GC(229) User=0.16s Sys=0.00s Real=0.06s
[23.691s][info][gc,start       ] GC(230) Pause Young (Allocation Failure)
[23.765s][info][gc,heap        ] GC(230) PSYoungGen: 137472K(220160K)->137568K(228352K) Eden: 71680K(71680K)->0K(71680K) From: 65792K(148480K)->137568K(156672K)
[23.765s][info][gc,heap        ] GC(230) ParOldGen: 3558750K(3941888K)->3558750K(3941888K)
[23.765s][info][gc,metaspace   ] GC(230) Metaspace: 6299K(6464K)->6299K(6464K) NonClass: 5766K(5824K)->5766K(5824K) Class: 533K(640K)->533K(640K)
[23.765s][info][gc             ] GC(230) Pause Young (Allocation Failure) 3609M->3609M(4072M) 74.349ms
[23.765s][info][gc,cpu         ] GC(230) User=0.39s Sys=0.00s Real=0.07s
[23.839s][info][gc,start       ] GC(231) Pause Young (Allocation Failure)
[23.940s][info][gc,heap        ] GC(231) PSYoungGen: 209248K(228352K)->171520K(211456K) Eden: 71680K(71680K)->0K(39936K) From: 137568K(156672K)->171520K(171520K)
[23.940s][info][gc,heap        ] GC(231) ParOldGen: 3558750K(3941888K)->3596790K(3941888K)
[23.940s][info][gc,metaspace   ] GC(231) Metaspace: 6299K(6464K)->6299K(6464K) NonClass: 5766K(5824K)->5766K(5824K) Class: 533K(640K)->533K(640K)
[23.940s][info][gc             ] GC(231) Pause Young (Allocation Failure) 3679M->3679M(4056M) 100.484ms
[23.940s][info][gc,cpu         ] GC(231) User=0.72s Sys=0.03s Real=0.10s
[23.978s][info][gc,start       ] GC(232) Pause Young (Allocation Failure)
[24.085s][info][gc,heap        ] GC(232) PSYoungGen: 211456K(211456K)->95072K(135168K) Eden: 39936K(39936K)->0K(39936K) From: 171520K(171520K)->95072K(95232K)
[24.085s][info][gc,heap        ] GC(232) ParOldGen: 3596790K(3941888K)->3714238K(3941888K)
[24.085s][info][gc,metaspace   ] GC(232) Metaspace: 6299K(6464K)->6299K(6464K) NonClass: 5766K(5824K)->5766K(5824K) Class: 533K(640K)->533K(640K)
[24.085s][info][gc             ] GC(232) Pause Young (Allocation Failure) 3718M->3720M(3981M) 106.650ms
[24.085s][info][gc,cpu         ] GC(232) User=0.72s Sys=0.16s Real=0.11s
[24.128s][info][gc,start       ] GC(233) Pause Young (Allocation Failure)
[24.199s][info][gc,heap        ] GC(233) PSYoungGen: 135008K(135168K)->80128K(227840K) Eden: 39936K(39936K)->0K(44544K) From: 95072K(95232K)->80128K(183296K)
[24.199s][info][gc,heap        ] GC(233) ParOldGen: 3714238K(3941888K)->3769574K(3941888K)
[24.199s][info][gc,metaspace   ] GC(233) Metaspace: 6299K(6464K)->6299K(6464K) NonClass: 5766K(5824K)->5766K(5824K) Class: 533K(640K)->533K(640K)
[24.199s][info][gc             ] GC(233) Pause Young (Allocation Failure) 3759M->3759M(4072M) 70.540ms
[24.199s][info][gc,cpu         ] GC(233) User=0.47s Sys=0.03s Real=0.07s
[24.247s][info][gc,start       ] GC(234) Pause Young (Allocation Failure)
[24.316s][info][gc,heap        ] GC(234) PSYoungGen: 124672K(227840K)->84704K(129536K) Eden: 44544K(44544K)->0K(44544K) From: 80128K(183296K)->84704K(84992K)
[24.317s][info][gc,heap        ] GC(234) ParOldGen: 3769574K(3941888K)->3809870K(3941888K)
[24.317s][info][gc,metaspace   ] GC(234) Metaspace: 6299K(6464K)->6299K(6464K) NonClass: 5766K(5824K)->5766K(5824K) Class: 533K(640K)->533K(640K)
[24.317s][info][gc             ] GC(234) Pause Young (Allocation Failure) 3802M->3803M(3976M) 70.036ms
[24.317s][info][gc,cpu         ] GC(234) User=0.28s Sys=0.02s Real=0.07s
[24.363s][info][gc,start       ] GC(235) Pause Young (Allocation Failure)
[24.435s][info][gc,heap        ] GC(235) PSYoungGen: 129248K(129536K)->89344K(216064K) Eden: 44544K(44544K)->0K(50176K) From: 84704K(84992K)->89344K(165888K)
[24.435s][info][gc,heap        ] GC(235) ParOldGen: 3809870K(3941888K)->3850174K(3941888K)
[24.435s][info][gc,metaspace   ] GC(235) Metaspace: 6299K(6464K)->6299K(6464K) NonClass: 5766K(5824K)->5766K(5824K) Class: 533K(640K)->533K(640K)
[24.435s][info][gc             ] GC(235) Pause Young (Allocation Failure) 3846M->3847M(4060M) 72.008ms
[24.435s][info][gc,cpu         ] GC(235) User=0.39s Sys=0.00s Real=0.07s
[24.435s][info][gc,start       ] GC(236) Pause Full (Ergonomics)
[24.435s][info][gc,phases,start] GC(236) Marking Phase
[25.317s][info][gc,phases      ] GC(236) Marking Phase 881.397ms
[25.317s][info][gc,phases,start] GC(236) Summary Phase
[25.317s][info][gc,phases      ] GC(236) Summary Phase 0.078ms
[25.317s][info][gc,phases,start] GC(236) Adjust Roots
[25.317s][info][gc,phases      ] GC(236) Adjust Roots 0.163ms
[25.317s][info][gc,phases,start] GC(236) Compaction Phase
[25.698s][info][gc,phases      ] GC(236) Compaction Phase 380.446ms
[25.698s][info][gc,phases,start] GC(236) Post Compact
[25.705s][info][gc,phases      ] GC(236) Post Compact 7.417ms
[25.706s][info][gc,heap        ] GC(236) PSYoungGen: 89344K(216064K)->0K(224256K) Eden: 0K(50176K)->0K(50176K) From: 89344K(165888K)->0K(174080K)
[25.706s][info][gc,heap        ] GC(236) ParOldGen: 3850174K(3941888K)->3936374K(4354048K)
[25.706s][info][gc,metaspace   ] GC(236) Metaspace: 6299K(6464K)->6299K(6464K) NonClass: 5766K(5824K)->5766K(5824K) Class: 533K(640K)->533K(640K)
[25.707s][info][gc             ] GC(236) Pause Full (Ergonomics) 3847M->3844M(4471M) 1271.144ms
[25.707s][info][gc,cpu         ] GC(236) User=9.19s Sys=0.02s Real=1.27s
[25.759s][info][gc,start       ] GC(237) Pause Young (Allocation Failure)
[25.803s][info][gc,heap        ] GC(237) PSYoungGen: 50176K(224256K)->50400K(224256K) Eden: 50176K(50176K)->0K(54784K) From: 0K(174080K)->50400K(169472K)
[25.803s][info][gc,heap        ] GC(237) ParOldGen: 3936374K(4354048K)->3936374K(4354048K)
[25.803s][info][gc,metaspace   ] GC(237) Metaspace: 6299K(6464K)->6299K(6464K) NonClass: 5766K(5824K)->5766K(5824K) Class: 533K(640K)->533K(640K)
[25.803s][info][gc             ] GC(237) Pause Young (Allocation Failure) 3893M->3893M(4471M) 43.639ms
[25.803s][info][gc,cpu         ] GC(237) User=0.09s Sys=0.00s Real=0.05s
[25.863s][info][gc,start       ] GC(238) Pause Young (Allocation Failure)
[25.926s][info][gc,heap        ] GC(238) PSYoungGen: 105184K(224256K)->105280K(227328K) Eden: 54784K(54784K)->0K(54784K) From: 50400K(169472K)->105280K(172544K)
[25.926s][info][gc,heap        ] GC(238) ParOldGen: 3936374K(4354048K)->3936374K(4354048K)
[25.926s][info][gc,metaspace   ] GC(238) Metaspace: 6299K(6464K)->6299K(6464K) NonClass: 5766K(5824K)->5766K(5824K) Class: 533K(640K)->533K(640K)
[25.926s][info][gc             ] GC(238) Pause Young (Allocation Failure) 3946M->3946M(4474M) 63.270ms
[25.926s][info][gc,cpu         ] GC(238) User=0.27s Sys=0.00s Real=0.06s
[25.990s][info][gc,start       ] GC(239) Pause Young (Allocation Failure)
[26.072s][info][gc,heap        ] GC(239) PSYoungGen: 160064K(227328K)->160128K(212992K) Eden: 54784K(54784K)->0K(41984K) From: 105280K(172544K)->160128K(171008K)
[26.072s][info][gc,heap        ] GC(239) ParOldGen: 3936374K(4354048K)->3936374K(4354048K)
[26.072s][info][gc,metaspace   ] GC(239) Metaspace: 6299K(6464K)->6299K(6464K) NonClass: 5766K(5824K)->5766K(5824K) Class: 533K(640K)->533K(640K)
[26.072s][info][gc             ] GC(239) Pause Young (Allocation Failure) 4000M->4000M(4460M) 81.945ms
[26.072s][info][gc,cpu         ] GC(239) User=0.52s Sys=0.00s Real=0.08s
[26.123s][info][gc,start       ] GC(240) Pause Young (Allocation Failure)
[26.218s][info][gc,heap        ] GC(240) PSYoungGen: 202112K(212992K)->188928K(230912K) Eden: 41984K(41984K)->0K(41984K) From: 160128K(171008K)->188928K(188928K)
[26.218s][info][gc,heap        ] GC(240) ParOldGen: 3936374K(4354048K)->3949614K(4354048K)
[26.218s][info][gc,metaspace   ] GC(240) Metaspace: 6299K(6464K)->6299K(6464K) NonClass: 5766K(5824K)->5766K(5824K) Class: 533K(640K)->533K(640K)
[26.218s][info][gc             ] GC(240) Pause Young (Allocation Failure) 4041M->4041M(4477M) 94.700ms
[26.218s][info][gc,cpu         ] GC(240) User=0.62s Sys=0.00s Real=0.09s
[26.257s][info][gc,start       ] GC(241) Pause Young (Allocation Failure)
[26.371s][info][gc,heap        ] GC(241) PSYoungGen: 230912K(230912K)->181376K(248832K) Eden: 41984K(41984K)->0K(30208K) From: 188928K(188928K)->181376K(218624K)
[26.371s][info][gc,heap        ] GC(241) ParOldGen: 3949614K(4354048K)->3999670K(4354048K)
[26.372s][info][gc,metaspace   ] GC(241) Metaspace: 6299K(6464K)->6299K(6464K) NonClass: 5766K(5824K)->5766K(5824K) Class: 533K(640K)->533K(640K)
[26.372s][info][gc             ] GC(241) Pause Young (Allocation Failure) 4082M->4083M(4495M) 114.201ms
[26.372s][info][gc,cpu         ] GC(241) User=0.72s Sys=0.08s Real=0.12s
[26.401s][info][gc,start       ] GC(242) Pause Young (Allocation Failure)
[26.503s][info][gc,heap        ] GC(242) PSYoungGen: 211584K(248832K)->160672K(265216K) Eden: 30208K(30208K)->0K(30208K) From: 181376K(218624K)->160672K(235008K)
[26.503s][info][gc,heap        ] GC(242) ParOldGen: 3999670K(4354048K)->4051086K(4354048K)
[26.503s][info][gc,metaspace   ] GC(242) Metaspace: 6299K(6464K)->6299K(6464K) NonClass: 5766K(5824K)->5766K(5824K) Class: 533K(640K)->533K(640K)
[26.503s][info][gc             ] GC(242) Pause Young (Allocation Failure) 4112M->4113M(4511M) 102.359ms
[26.503s][info][gc,cpu         ] GC(242) User=0.72s Sys=0.05s Real=0.10s
[26.534s][info][gc,start       ] GC(243) Pause Young (Allocation Failure)
[26.627s][info][gc,heap        ] GC(243) PSYoungGen: 190880K(265216K)->102688K(256000K) Eden: 30208K(30208K)->0K(34304K) From: 160672K(235008K)->102688K(221696K)
[26.627s][info][gc,heap        ] GC(243) ParOldGen: 4051086K(4354048K)->4139950K(4354048K)
[26.627s][info][gc,metaspace   ] GC(243) Metaspace: 6299K(6464K)->6299K(6464K) NonClass: 5766K(5824K)->5766K(5824K) Class: 533K(640K)->533K(640K)
[26.627s][info][gc             ] GC(243) Pause Young (Allocation Failure) 4142M->4143M(4502M) 92.890ms
[26.627s][info][gc,cpu         ] GC(243) User=0.62s Sys=0.02s Real=0.09s
[26.665s][info][gc,start       ] GC(244) Pause Young (Allocation Failure)
[26.736s][info][gc,heap        ] GC(244) PSYoungGen: 136992K(256000K)->64736K(265216K) Eden: 34304K(34304K)->0K(34304K) From: 102688K(221696K)->64736K(230912K)
[26.736s][info][gc,heap        ] GC(244) ParOldGen: 4139950K(4354048K)->4212774K(4354048K)
[26.736s][info][gc,metaspace   ] GC(244) Metaspace: 6299K(6464K)->6299K(6464K) NonClass: 5766K(5824K)->5766K(5824K) Class: 533K(640K)->533K(640K)
[26.736s][info][gc             ] GC(244) Pause Young (Allocation Failure) 4176M->4177M(4511M) 71.534ms
[26.736s][info][gc,cpu         ] GC(244) User=0.39s Sys=0.02s Real=0.07s
[26.779s][info][gc,start       ] GC(245) Pause Young (Allocation Failure)
[26.841s][info][gc,heap        ] GC(245) PSYoungGen: 99040K(265216K)->34496K(266240K) Eden: 34304K(34304K)->0K(37888K) From: 64736K(230912K)->34496K(228352K)
[26.841s][info][gc,heap        ] GC(245) ParOldGen: 4212774K(4354048K)->4277830K(4354048K)
[26.841s][info][gc,metaspace   ] GC(245) Metaspace: 6299K(6464K)->6299K(6464K) NonClass: 5766K(5824K)->5766K(5824K) Class: 533K(640K)->533K(640K)
[26.841s][info][gc             ] GC(245) Pause Young (Allocation Failure) 4210M->4211M(4512M) 62.343ms
[26.841s][info][gc,cpu         ] GC(245) User=0.33s Sys=0.00s Real=0.06s
[26.841s][info][gc,start       ] GC(246) Pause Full (Ergonomics)
[26.841s][info][gc,phases,start] GC(246) Marking Phase
[27.826s][info][gc,phases      ] GC(246) Marking Phase 984.172ms
[27.826s][info][gc,phases,start] GC(246) Summary Phase
[27.826s][info][gc,phases      ] GC(246) Summary Phase 0.096ms
[27.826s][info][gc,phases,start] GC(246) Adjust Roots
[27.826s][info][gc,phases      ] GC(246) Adjust Roots 0.216ms
[27.826s][info][gc,phases,start] GC(246) Compaction Phase
[28.201s][info][gc,phases      ] GC(246) Compaction Phase 375.070ms
[28.201s][info][gc,phases,start] GC(246) Post Compact
[28.208s][info][gc,phases      ] GC(246) Post Compact 6.495ms
[28.209s][info][gc,heap        ] GC(246) PSYoungGen: 34496K(266240K)->0K(267776K) Eden: 0K(37888K)->0K(37888K) From: 34496K(228352K)->0K(229888K)
[28.209s][info][gc,heap        ] GC(246) ParOldGen: 4277830K(4354048K)->4308839K(4776448K)
[28.209s][info][gc,metaspace   ] GC(246) Metaspace: 6299K(6464K)->6299K(6464K) NonClass: 5766K(5824K)->5766K(5824K) Class: 533K(640K)->533K(640K)
[28.209s][info][gc             ] GC(246) Pause Full (Ergonomics) 4211M->4207M(4926M) 1367.666ms
[28.209s][info][gc,cpu         ] GC(246) User=10.19s Sys=0.03s Real=1.37s
[28.257s][info][gc,start       ] GC(247) Pause Young (Allocation Failure)
[28.305s][info][gc,heap        ] GC(247) PSYoungGen: 37888K(267776K)->38080K(268800K) Eden: 37888K(37888K)->0K(41984K) From: 0K(229888K)->38080K(226816K)
[28.305s][info][gc,heap        ] GC(247) ParOldGen: 4308839K(4776448K)->4308839K(4776448K)
[28.305s][info][gc,metaspace   ] GC(247) Metaspace: 6299K(6464K)->6299K(6464K) NonClass: 5766K(5824K)->5766K(5824K) Class: 533K(640K)->533K(640K)
[28.305s][info][gc             ] GC(247) Pause Young (Allocation Failure) 4244M->4245M(4927M) 47.328ms
[28.305s][info][gc,cpu         ] GC(247) User=0.16s Sys=0.00s Real=0.05s
[28.350s][info][gc,start       ] GC(248) Pause Young (Allocation Failure)
[28.410s][info][gc,heap        ] GC(248) PSYoungGen: 80064K(268800K)->80096K(122368K) Eden: 41984K(41984K)->0K(41984K) From: 38080K(226816K)->80096K(80384K)
[28.410s][info][gc,heap        ] GC(248) ParOldGen: 4308839K(4776448K)->4308839K(4776448K)
[28.410s][info][gc,metaspace   ] GC(248) Metaspace: 6299K(6464K)->6299K(6464K) NonClass: 5766K(5824K)->5766K(5824K) Class: 533K(640K)->533K(640K)
[28.410s][info][gc             ] GC(248) Pause Young (Allocation Failure) 4286M->4286M(4784M) 60.002ms
[28.410s][info][gc,cpu         ] GC(248) User=0.17s Sys=0.00s Real=0.06s
[28.454s][info][gc,start       ] GC(249) Pause Young (Allocation Failure)
[28.522s][info][gc,heap        ] GC(249) PSYoungGen: 122080K(122368K)->84192K(245760K) Eden: 41984K(41984K)->0K(47104K) From: 80096K(80384K)->84192K(198656K)
[28.522s][info][gc,heap        ] GC(249) ParOldGen: 4308839K(4776448K)->4347063K(4776448K)
[28.522s][info][gc,metaspace   ] GC(249) Metaspace: 6299K(6464K)->6299K(6464K) NonClass: 5766K(5824K)->5766K(5824K) Class: 533K(640K)->533K(640K)
[28.522s][info][gc             ] GC(249) Pause Young (Allocation Failure) 4327M->4327M(4904M) 68.793ms
[28.522s][info][gc,cpu         ] GC(249) User=0.38s Sys=0.03s Real=0.07s
[28.571s][info][gc,start       ] GC(250) Pause Young (Allocation Failure)
[28.641s][info][gc,heap        ] GC(250) PSYoungGen: 131296K(245760K)->89344K(136704K) Eden: 47104K(47104K)->0K(47104K) From: 84192K(198656K)->89344K(89600K)
[28.641s][info][gc,heap        ] GC(250) ParOldGen: 4347063K(4776448K)->4389439K(4776448K)
[28.641s][info][gc,metaspace   ] GC(250) Metaspace: 6299K(6464K)->6299K(6464K) NonClass: 5766K(5824K)->5766K(5824K) Class: 533K(640K)->533K(640K)
[28.641s][info][gc             ] GC(250) Pause Young (Allocation Failure) 4373M->4373M(4798M) 70.320ms
[28.641s][info][gc,cpu         ] GC(250) User=0.55s Sys=0.03s Real=0.07s
[28.694s][info][gc,start       ] GC(251) Pause Young (Allocation Failure)
[28.768s][info][gc,heap        ] GC(251) PSYoungGen: 136448K(136704K)->94528K(230400K) Eden: 47104K(47104K)->0K(52736K) From: 89344K(89600K)->94528K(177664K)
[28.768s][info][gc,heap        ] GC(251) ParOldGen: 4389439K(4776448K)->4431799K(4776448K)
[28.768s][info][gc,metaspace   ] GC(251) Metaspace: 6299K(6464K)->6299K(6464K) NonClass: 5766K(5824K)->5766K(5824K) Class: 533K(640K)->533K(640K)
[28.768s][info][gc             ] GC(251) Pause Young (Allocation Failure) 4419M->4420M(4889M) 73.907ms
[28.768s][info][gc,cpu         ] GC(251) User=0.48s Sys=0.03s Real=0.07s
[28.835s][info][gc,start       ] GC(252) Pause Young (Allocation Failure)
[28.915s][info][gc,heap        ] GC(252) PSYoungGen: 147264K(230400K)->100128K(153088K) Eden: 52736K(52736K)->0K(52736K) From: 94528K(177664K)->100128K(100352K)
[28.915s][info][gc,heap        ] GC(252) ParOldGen: 4431799K(4776448K)->4479343K(4776448K)
[28.915s][info][gc,metaspace   ] GC(252) Metaspace: 6299K(6464K)->6299K(6464K) NonClass: 5766K(5824K)->5766K(5824K) Class: 533K(640K)->533K(640K)
[28.915s][info][gc             ] GC(252) Pause Young (Allocation Failure) 4471M->4472M(4814M) 79.714ms
[28.915s][info][gc,cpu         ] GC(252) User=0.45s Sys=0.06s Real=0.08s
[28.973s][info][gc,start       ] GC(253) Pause Young (Allocation Failure)
[29.055s][info][gc,heap        ] GC(253) PSYoungGen: 152864K(153088K)->105792K(230400K) Eden: 52736K(52736K)->0K(58880K) From: 100128K(100352K)->105792K(171520K)
[29.055s][info][gc,heap        ] GC(253) ParOldGen: 4479343K(4776448K)->4526863K(4776448K)
[29.055s][info][gc,metaspace   ] GC(253) Metaspace: 6299K(6464K)->6299K(6464K) NonClass: 5766K(5824K)->5766K(5824K) Class: 533K(640K)->533K(640K)
[29.055s][info][gc             ] GC(253) Pause Young (Allocation Failure) 4523M->4524M(4889M) 82.343ms
[29.055s][info][gc,cpu         ] GC(253) User=0.53s Sys=0.00s Real=0.08s
[29.119s][info][gc,start       ] GC(254) Pause Young (Allocation Failure)
[29.208s][info][gc,heap        ] GC(254) PSYoungGen: 164672K(230400K)->111872K(235008K) Eden: 58880K(58880K)->0K(58880K) From: 105792K(171520K)->111872K(176128K)
[29.208s][info][gc,heap        ] GC(254) ParOldGen: 4526863K(4776448K)->4580063K(4776448K)
[29.208s][info][gc,metaspace   ] GC(254) Metaspace: 6299K(6464K)->6299K(6464K) NonClass: 5766K(5824K)->5766K(5824K) Class: 533K(640K)->533K(640K)
[29.208s][info][gc             ] GC(254) Pause Young (Allocation Failure) 4581M->4581M(4894M) 88.803ms
[29.208s][info][gc,cpu         ] GC(254) User=0.52s Sys=0.11s Real=0.09s
[29.275s][info][gc,start       ] GC(255) Pause Young (Allocation Failure)
[29.364s][info][gc,heap        ] GC(255) PSYoungGen: 170752K(235008K)->118080K(239616K) Eden: 58880K(58880K)->0K(65536K) From: 111872K(176128K)->118080K(174080K)
[29.364s][info][gc,heap        ] GC(255) ParOldGen: 4580063K(4776448K)->4633279K(4776448K)
[29.364s][info][gc,metaspace   ] GC(255) Metaspace: 6299K(6464K)->6299K(6464K) NonClass: 5766K(5824K)->5766K(5824K) Class: 533K(640K)->533K(640K)
[29.364s][info][gc             ] GC(255) Pause Young (Allocation Failure) 4639M->4639M(4898M) 89.668ms
[29.364s][info][gc,cpu         ] GC(255) User=0.73s Sys=0.02s Real=0.09s
[29.445s][info][gc,start       ] GC(256) Pause Young (Allocation Failure)
[29.543s][info][gc,heap        ] GC(256) PSYoungGen: 183616K(239616K)->124736K(239616K) Eden: 65536K(65536K)->0K(65536K) From: 118080K(174080K)->124736K(174080K)
[29.543s][info][gc,heap        ] GC(256) ParOldGen: 4633279K(4776448K)->4692695K(4776448K)
[29.543s][info][gc,metaspace   ] GC(256) Metaspace: 6299K(6464K)->6299K(6464K) NonClass: 5766K(5824K)->5766K(5824K) Class: 533K(640K)->533K(640K)
[29.543s][info][gc             ] GC(256) Pause Young (Allocation Failure) 4703M->4704M(4898M) 98.270ms
[29.543s][info][gc,cpu         ] GC(256) User=0.67s Sys=0.02s Real=0.10s
[29.544s][info][gc,start       ] GC(257) Pause Full (Ergonomics)
[29.544s][info][gc,phases,start] GC(257) Marking Phase
[30.637s][info][gc,phases      ] GC(257) Marking Phase 1092.994ms
[30.637s][info][gc,phases,start] GC(257) Summary Phase
[30.637s][info][gc,phases      ] GC(257) Summary Phase 0.062ms
[30.637s][info][gc,phases,start] GC(257) Adjust Roots
[30.637s][info][gc,phases      ] GC(257) Adjust Roots 0.185ms
[30.637s][info][gc,phases,start] GC(257) Compaction Phase
[31.197s][info][gc,phases      ] GC(257) Compaction Phase 559.777ms
[31.197s][info][gc,phases,start] GC(257) Post Compact
[31.203s][info][gc,phases      ] GC(257) Post Compact 6.668ms
[31.205s][info][gc,heap        ] GC(257) PSYoungGen: 124736K(239616K)->36970K(239616K) Eden: 0K(65536K)->0K(65536K) From: 124736K(174080K)->36970K(174080K)
[31.205s][info][gc,heap        ] GC(257) ParOldGen: 4692695K(4776448K)->4776378K(5262848K)
[31.205s][info][gc,metaspace   ] GC(257) Metaspace: 6299K(6464K)->6299K(6464K) NonClass: 5766K(5824K)->5766K(5824K) Class: 533K(640K)->533K(640K)
[31.205s][info][gc             ] GC(257) Pause Full (Ergonomics) 4704M->4700M(5373M) 1661.912ms
[31.205s][info][gc,cpu         ] GC(257) User=12.78s Sys=0.08s Real=1.66s
[31.276s][info][gc,start       ] GC(258) Pause Young (Allocation Failure)
[31.549s][info][gc,heap        ] GC(258) PSYoungGen: 102506K(239616K)->76384K(240128K) Eden: 65536K(65536K)->0K(71680K) From: 36970K(174080K)->76384K(168448K)
[31.549s][info][gc,heap        ] GC(258) ParOldGen: 4776378K(5262848K)->4803026K(5262848K)
[31.549s][info][gc,metaspace   ] GC(258) Metaspace: 6299K(6464K)->6299K(6464K) NonClass: 5766K(5824K)->5766K(5824K) Class: 533K(640K)->533K(640K)
[31.549s][info][gc             ] GC(258) Pause Young (Allocation Failure) 4764M->4765M(5374M) 272.751ms
[31.549s][info][gc,cpu         ] GC(258) User=1.72s Sys=0.03s Real=0.27s
[31.622s][info][gc,start       ] GC(259) Pause Young (Allocation Failure)
[31.707s][info][gc,heap        ] GC(259) PSYoungGen: 148064K(240128K)->148192K(244736K) Eden: 71680K(71680K)->0K(71680K) From: 76384K(168448K)->148192K(173056K)
[31.707s][info][gc,heap        ] GC(259) ParOldGen: 4803026K(5262848K)->4803026K(5262848K)
[31.707s][info][gc,metaspace   ] GC(259) Metaspace: 6299K(6464K)->6299K(6464K) NonClass: 5766K(5824K)->5766K(5824K) Class: 533K(640K)->533K(640K)
[31.707s][info][gc             ] GC(259) Pause Young (Allocation Failure) 4835M->4835M(5378M) 85.029ms
[31.707s][info][gc,cpu         ] GC(259) User=0.53s Sys=0.00s Real=0.08s
[31.790s][info][gc,start       ] GC(260) Pause Young (Allocation Failure)
[31.915s][info][gc,heap        ] GC(260) PSYoungGen: 219872K(244736K)->183808K(227840K) Eden: 71680K(71680K)->0K(44032K) From: 148192K(173056K)->183808K(183808K)
[31.915s][info][gc,heap        ] GC(260) ParOldGen: 4803026K(5262848K)->4839394K(5262848K)
[31.915s][info][gc,metaspace   ] GC(260) Metaspace: 6299K(6464K)->6299K(6464K) NonClass: 5766K(5824K)->5766K(5824K) Class: 533K(640K)->533K(640K)
[31.915s][info][gc             ] GC(260) Pause Young (Allocation Failure) 4905M->4905M(5362M) 124.596ms
[31.915s][info][gc,cpu         ] GC(260) User=0.94s Sys=0.03s Real=0.12s
[31.968s][info][gc,start       ] GC(261) Pause Young (Allocation Failure)
[32.093s][info][gc,heap        ] GC(261) PSYoungGen: 227840K(227840K)->163488K(262656K) Eden: 44032K(44032K)->0K(44032K) From: 183808K(183808K)->163488K(218624K)
[32.093s][info][gc,heap        ] GC(261) ParOldGen: 4839394K(5262848K)->4904386K(5262848K)
[32.093s][info][gc,metaspace   ] GC(261) Metaspace: 6299K(6464K)->6299K(6464K) NonClass: 5766K(5824K)->5766K(5824K) Class: 533K(640K)->533K(640K)
[32.093s][info][gc             ] GC(261) Pause Young (Allocation Failure) 4948M->4949M(5396M) 124.581ms
[32.093s][info][gc,cpu         ] GC(261) User=0.72s Sys=0.16s Real=0.12s
[32.143s][info][gc,start       ] GC(262) Pause Young (Allocation Failure)
[32.260s][info][gc,heap        ] GC(262) PSYoungGen: 207520K(262656K)->149024K(274944K) Eden: 44032K(44032K)->0K(49152K) From: 163488K(218624K)->149024K(225792K)
[32.260s][info][gc,heap        ] GC(262) ParOldGen: 4904386K(5262848K)->4963434K(5262848K)
[32.260s][info][gc,metaspace   ] GC(262) Metaspace: 6299K(6464K)->6299K(6464K) NonClass: 5766K(5824K)->5766K(5824K) Class: 533K(640K)->533K(640K)
[32.260s][info][gc             ] GC(262) Pause Young (Allocation Failure) 4992M->4992M(5408M) 116.762ms
[32.260s][info][gc,cpu         ] GC(262) User=0.73s Sys=0.05s Real=0.12s
[32.314s][info][gc,start       ] GC(263) Pause Young (Allocation Failure)
[32.426s][info][gc,heap        ] GC(263) PSYoungGen: 198176K(274944K)->137568K(274944K) Eden: 49152K(49152K)->0K(49152K) From: 149024K(225792K)->137568K(225792K)
[32.426s][info][gc,heap        ] GC(263) ParOldGen: 4963434K(5262848K)->5024570K(5262848K)
[32.426s][info][gc,metaspace   ] GC(263) Metaspace: 6299K(6464K)->6299K(6464K) NonClass: 5766K(5824K)->5766K(5824K) Class: 533K(640K)->533K(640K)
[32.426s][info][gc             ] GC(263) Pause Young (Allocation Failure) 5040M->5041M(5408M) 112.481ms
[32.426s][info][gc,cpu         ] GC(263) User=0.72s Sys=0.06s Real=0.11s
[32.484s][info][gc,start       ] GC(264) Pause Young (Allocation Failure)
[32.589s][info][gc,heap        ] GC(264) PSYoungGen: 186720K(274944K)->98624K(266240K) Eden: 49152K(49152K)->0K(55808K) From: 137568K(225792K)->98624K(210432K)
[32.589s][info][gc,heap        ] GC(264) ParOldGen: 5024570K(5262848K)->5113386K(5262848K)
[32.589s][info][gc,metaspace   ] GC(264) Metaspace: 6299K(6464K)->6299K(6464K) NonClass: 5766K(5824K)->5766K(5824K) Class: 533K(640K)->533K(640K)
[32.589s][info][gc             ] GC(264) Pause Young (Allocation Failure) 5089M->5089M(5399M) 105.450ms
[32.589s][info][gc,cpu         ] GC(264) User=0.70s Sys=0.05s Real=0.11s
[32.653s][info][gc,start       ] GC(265) Pause Young (Allocation Failure)
[32.743s][info][gc,heap        ] GC(265) PSYoungGen: 154432K(266240K)->56000K(271360K) Eden: 55808K(55808K)->0K(55808K) From: 98624K(210432K)->56000K(215552K)
[32.743s][info][gc,heap        ] GC(265) ParOldGen: 5113386K(5262848K)->5212538K(5262848K)
[32.743s][info][gc,metaspace   ] GC(265) Metaspace: 6299K(6464K)->6299K(6464K) NonClass: 5766K(5824K)->5766K(5824K) Class: 533K(640K)->533K(640K)
[32.743s][info][gc             ] GC(265) Pause Young (Allocation Failure) 5144M->5145M(5404M) 90.673ms
[32.743s][info][gc,cpu         ] GC(265) User=0.55s Sys=0.08s Real=0.09s
[32.743s][info][gc,start       ] GC(266) Pause Full (Ergonomics)
[32.743s][info][gc,phases,start] GC(266) Marking Phase
[33.937s][info][gc,phases      ] GC(266) Marking Phase 1193.175ms
[33.937s][info][gc,phases,start] GC(266) Summary Phase
[33.937s][info][gc,phases      ] GC(266) Summary Phase 0.076ms
[33.937s][info][gc,phases,start] GC(266) Adjust Roots
[33.937s][info][gc,phases      ] GC(266) Adjust Roots 0.195ms
[33.937s][info][gc,phases,start] GC(266) Compaction Phase
[34.389s][info][gc,phases      ] GC(266) Compaction Phase 452.477ms
[34.389s][info][gc,phases,start] GC(266) Post Compact
[34.398s][info][gc,phases      ] GC(266) Post Compact 8.122ms
[34.399s][info][gc,heap        ] GC(266) PSYoungGen: 56000K(271360K)->1620K(271360K) Eden: 0K(55808K)->0K(55808K) From: 56000K(215552K)->1620K(215552K)
[34.400s][info][gc,heap        ] GC(266) ParOldGen: 5212538K(5262848K)->5262540K(5819904K)
[34.400s][info][gc,metaspace   ] GC(266) Metaspace: 6299K(6464K)->6299K(6464K) NonClass: 5766K(5824K)->5766K(5824K) Class: 533K(640K)->533K(640K)
[34.400s][info][gc             ] GC(266) Pause Full (Ergonomics) 5145M->5140M(5948M) 1656.232ms
[34.400s][info][gc,cpu         ] GC(266) User=12.61s Sys=0.00s Real=1.65s
[34.465s][info][gc,start       ] GC(267) Pause Young (Allocation Failure)
[34.729s][info][gc,heap        ] GC(267) PSYoungGen: 57428K(271360K)->56000K(277504K) Eden: 55808K(55808K)->0K(61440K) From: 1620K(215552K)->56000K(216064K)
[34.729s][info][gc,heap        ] GC(267) ParOldGen: 5262540K(5819904K)->5264204K(5819904K)
[34.729s][info][gc,metaspace   ] GC(267) Metaspace: 6299K(6464K)->6299K(6464K) NonClass: 5766K(5824K)->5766K(5824K) Class: 533K(640K)->533K(640K)
[34.729s][info][gc             ] GC(267) Pause Young (Allocation Failure) 5195M->5195M(5954M) 264.517ms
[34.729s][info][gc,cpu         ] GC(267) User=1.67s Sys=0.00s Real=0.26s
[34.802s][info][gc,start       ] GC(268) Pause Young (Allocation Failure)
[34.881s][info][gc,heap        ] GC(268) PSYoungGen: 117440K(277504K)->117536K(179200K) Eden: 61440K(61440K)->0K(61440K) From: 56000K(216064K)->117536K(117760K)
[34.881s][info][gc,heap        ] GC(268) ParOldGen: 5264204K(5819904K)->5264204K(5819904K)
[34.881s][info][gc,metaspace   ] GC(268) Metaspace: 6299K(6464K)->6299K(6464K) NonClass: 5766K(5824K)->5766K(5824K) Class: 533K(640K)->533K(640K)
[34.881s][info][gc             ] GC(268) Pause Young (Allocation Failure) 5255M->5255M(5858M) 78.950ms
[34.881s][info][gc,cpu         ] GC(268) User=0.48s Sys=0.00s Real=0.08s
[34.955s][info][gc,start       ] GC(269) Pause Young (Allocation Failure)
[35.060s][info][gc,heap        ] GC(269) PSYoungGen: 178976K(179200K)->123200K(268288K) Eden: 61440K(61440K)->0K(68096K) From: 117536K(117760K)->123200K(200192K)
[35.060s][info][gc,heap        ] GC(269) ParOldGen: 5264204K(5819904K)->5320532K(5819904K)
[35.060s][info][gc,metaspace   ] GC(269) Metaspace: 6299K(6464K)->6299K(6464K) NonClass: 5766K(5824K)->5766K(5824K) Class: 533K(640K)->533K(640K)
[35.060s][info][gc             ] GC(269) Pause Young (Allocation Failure) 5315M->5316M(5945M) 105.148ms
[35.060s][info][gc,cpu         ] GC(269) User=0.59s Sys=0.03s Real=0.10s
[35.142s][info][gc,start       ] GC(270) Pause Young (Allocation Failure)
[35.255s][info][gc,heap        ] GC(270) PSYoungGen: 191296K(268288K)->129824K(272896K) Eden: 68096K(68096K)->0K(68096K) From: 123200K(200192K)->129824K(204800K)
[35.255s][info][gc,heap        ] GC(270) ParOldGen: 5320532K(5819904K)->5382524K(5819904K)
[35.255s][info][gc,metaspace   ] GC(270) Metaspace: 6299K(6464K)->6299K(6464K) NonClass: 5766K(5824K)->5766K(5824K) Class: 533K(640K)->533K(640K)
[35.255s][info][gc             ] GC(270) Pause Young (Allocation Failure) 5382M->5383M(5950M) 113.109ms
[35.255s][info][gc,cpu         ] GC(270) User=0.73s Sys=0.03s Real=0.11s
[35.333s][info][gc,start       ] GC(271) Pause Young (Allocation Failure)
[35.452s][info][gc,heap        ] GC(271) PSYoungGen: 197920K(272896K)->136544K(276992K) Eden: 68096K(68096K)->0K(75776K) From: 129824K(204800K)->136544K(201216K)
[35.453s][info][gc,heap        ] GC(271) ParOldGen: 5382524K(5819904K)->5444516K(5819904K)
[35.453s][info][gc,metaspace   ] GC(271) Metaspace: 6299K(6464K)->6299K(6464K) NonClass: 5766K(5824K)->5766K(5824K) Class: 533K(640K)->533K(640K)
[35.453s][info][gc             ] GC(271) Pause Young (Allocation Failure) 5449M->5450M(5954M) 119.985ms
[35.453s][info][gc,cpu         ] GC(271) User=0.77s Sys=0.03s Real=0.12s
[35.538s][info][gc,start       ] GC(272) Pause Young (Allocation Failure)
[35.667s][info][gc,heap        ] GC(272) PSYoungGen: 212320K(276992K)->144224K(277504K) Eden: 75776K(75776K)->0K(75776K) From: 136544K(201216K)->144224K(201728K)
[35.667s][info][gc,heap        ] GC(272) ParOldGen: 5444516K(5819904K)->5513228K(5819904K)
[35.667s][info][gc,metaspace   ] GC(272) Metaspace: 6299K(6464K)->6299K(6464K) NonClass: 5766K(5824K)->5766K(5824K) Class: 533K(640K)->533K(640K)
[35.667s][info][gc             ] GC(272) Pause Young (Allocation Failure) 5524M->5524M(5954M) 128.647ms
[35.667s][info][gc,cpu         ] GC(272) User=0.78s Sys=0.05s Real=0.13s
[35.762s][info][gc,start       ] GC(273) Pause Young (Allocation Failure)
[35.909s][info][gc,heap        ] GC(273) PSYoungGen: 220000K(277504K)->151936K(284672K) Eden: 75776K(75776K)->0K(80896K) From: 144224K(201728K)->151936K(203776K)
[35.909s][info][gc,heap        ] GC(273) ParOldGen: 5513228K(5819904K)->5581940K(5819904K)
[35.909s][info][gc,metaspace   ] GC(273) Metaspace: 6299K(6464K)->6299K(6464K) NonClass: 5766K(5824K)->5766K(5824K) Class: 533K(640K)->533K(640K)
[35.909s][info][gc             ] GC(273) Pause Young (Allocation Failure) 5598M->5599M(5961M) 146.521ms
[35.909s][info][gc,cpu         ] GC(273) User=0.86s Sys=0.06s Real=0.15s
[37.036s][info][gc,start       ] GC(274) Pause Young (Allocation Failure)
[37.280s][info][gc,heap        ] GC(274) PSYoungGen: 232832K(284672K)->157088K(288256K) Eden: 80896K(80896K)->0K(80896K) From: 151936K(203776K)->157088K(207360K)
[37.280s][info][gc,heap        ] GC(274) ParOldGen: 5844084K(6082560K)->5920548K(6082560K)
[37.280s][info][gc,metaspace   ] GC(274) Metaspace: 6299K(6464K)->6299K(6464K) NonClass: 5766K(5824K)->5766K(5824K) Class: 533K(640K)->533K(640K)
[37.280s][info][gc             ] GC(274) Pause Young (Allocation Failure) 5934M->5935M(6221M) 244.654ms
[37.280s][info][gc,cpu         ] GC(274) User=1.69s Sys=0.02s Real=0.25s
[37.368s][info][gc,start       ] GC(275) Pause Young (Allocation Failure)
[37.499s][info][gc,heap        ] GC(275) PSYoungGen: 237984K(288256K)->211968K(268288K) Eden: 80896K(80896K)->0K(56320K) From: 157088K(207360K)->211968K(211968K)
[37.499s][info][gc,heap        ] GC(275) ParOldGen: 5920548K(6082560K)->5946764K(6082560K)
[37.499s][info][gc,metaspace   ] GC(275) Metaspace: 6299K(6464K)->6299K(6464K) NonClass: 5766K(5824K)->5766K(5824K) Class: 533K(640K)->533K(640K)
[37.499s][info][gc             ] GC(275) Pause Young (Allocation Failure) 6014M->6014M(6202M) 131.098ms
[37.499s][info][gc,cpu         ] GC(275) User=0.64s Sys=0.03s Real=0.13s
[37.563s][info][gc,start       ] GC(276) Pause Young (Allocation Failure)
[37.715s][info][gc,heap        ] GC(276) PSYoungGen: 268288K(268288K)->129408K(185856K) Eden: 56320K(56320K)->0K(56320K) From: 211968K(211968K)->129408K(129536K)
[37.715s][info][gc,heap        ] GC(276) ParOldGen: 5946764K(6082560K)->6086844K(6087168K)
[37.715s][info][gc,metaspace   ] GC(276) Metaspace: 6299K(6464K)->6299K(6464K) NonClass: 5766K(5824K)->5766K(5824K) Class: 533K(640K)->533K(640K)
[37.715s][info][gc             ] GC(276) Pause Young (Allocation Failure) 6069M->6070M(6126M) 152.718ms
[37.716s][info][gc,cpu         ] GC(276) User=0.67s Sys=0.11s Real=0.15s
[37.716s][info][gc,start       ] GC(277) Pause Full (Ergonomics)
[37.716s][info][gc,phases,start] GC(277) Marking Phase
[39.091s][info][gc,phases      ] GC(277) Marking Phase 1375.304ms
[39.091s][info][gc,phases,start] GC(277) Summary Phase
[39.091s][info][gc,phases      ] GC(277) Summary Phase 0.100ms
[39.091s][info][gc,phases,start] GC(277) Adjust Roots
[39.091s][info][gc,phases      ] GC(277) Adjust Roots 0.168ms
[39.091s][info][gc,phases,start] GC(277) Compaction Phase
[40.083s][info][gc,phases      ] GC(277) Compaction Phase 992.127ms
[40.083s][info][gc,phases,start] GC(277) Post Compact
[40.093s][info][gc,phases      ] GC(277) Post Compact 9.952ms
[40.095s][info][gc,heap        ] GC(277) PSYoungGen: 129408K(185856K)->0K(298496K) Eden: 0K(56320K)->0K(62976K) From: 129408K(129536K)->0K(235520K)
[40.095s][info][gc,heap        ] GC(277) ParOldGen: 6086844K(6087168K)->6079454K(6707712K)
[40.095s][info][gc,metaspace   ] GC(277) Metaspace: 6299K(6464K)->6299K(6464K) NonClass: 5766K(5824K)->5766K(5824K) Class: 533K(640K)->533K(640K)
[40.095s][info][gc             ] GC(277) Pause Full (Ergonomics) 6070M->5936M(6842M) 2379.903ms
[40.095s][info][gc,cpu         ] GC(277) User=16.42s Sys=0.05s Real=2.38s
[40.156s][info][gc,start       ] GC(278) Pause Young (Allocation Failure)
[40.226s][info][gc,heap        ] GC(278) PSYoungGen: 62976K(298496K)->63168K(298496K) Eden: 62976K(62976K)->0K(62976K) From: 0K(235520K)->63168K(235520K)
[40.226s][info][gc,heap        ] GC(278) ParOldGen: 6079454K(6707712K)->6079454K(6707712K)
[40.226s][info][gc,metaspace   ] GC(278) Metaspace: 6299K(6464K)->6299K(6464K) NonClass: 5766K(5824K)->5766K(5824K) Class: 533K(640K)->533K(640K)
[40.226s][info][gc             ] GC(278) Pause Young (Allocation Failure) 5998M->5998M(6842M) 70.003ms
[40.226s][info][gc,cpu         ] GC(278) User=0.17s Sys=0.00s Real=0.07s
[40.293s][info][gc,start       ] GC(279) Pause Young (Allocation Failure)
[40.389s][info][gc,heap        ] GC(279) PSYoungGen: 126144K(298496K)->126304K(285696K) Eden: 62976K(62976K)->0K(69120K) From: 63168K(235520K)->126304K(216576K)
[40.389s][info][gc,heap        ] GC(279) ParOldGen: 6079454K(6707712K)->6079454K(6707712K)
[40.389s][info][gc,metaspace   ] GC(279) Metaspace: 6299K(6464K)->6299K(6464K) NonClass: 5766K(5824K)->5766K(5824K) Class: 533K(640K)->533K(640K)
[40.390s][info][gc             ] GC(279) Pause Young (Allocation Failure) 6060M->6060M(6829M) 97.000ms
[40.390s][info][gc,cpu         ] GC(279) User=0.20s Sys=0.00s Real=0.10s
[40.466s][info][gc,start       ] GC(280) Pause Young (Allocation Failure)
[40.582s][info][gc,heap        ] GC(280) PSYoungGen: 195424K(285696K)->195520K(296448K) Eden: 69120K(69120K)->0K(69120K) From: 126304K(216576K)->195520K(227328K)
[40.583s][info][gc,heap        ] GC(280) ParOldGen: 6079454K(6707712K)->6079454K(6707712K)
[40.583s][info][gc,metaspace   ] GC(280) Metaspace: 6299K(6464K)->6299K(6464K) NonClass: 5766K(5824K)->5766K(5824K) Class: 533K(640K)->533K(640K)
[40.583s][info][gc             ] GC(280) Pause Young (Allocation Failure) 6127M->6127M(6840M) 116.561ms
[40.583s][info][gc,cpu         ] GC(280) User=0.38s Sys=0.00s Real=0.12s
[40.656s][info][gc,start       ] GC(281) Pause Young (Allocation Failure)
[40.794s][info][gc,heap        ] GC(281) PSYoungGen: 264640K(296448K)->201664K(304128K) Eden: 69120K(69120K)->0K(61952K) From: 195520K(227328K)->201664K(242176K)
[40.794s][info][gc,heap        ] GC(281) ParOldGen: 6079454K(6707712K)->6143006K(6707712K)
[40.794s][info][gc,metaspace   ] GC(281) Metaspace: 6299K(6464K)->6299K(6464K) NonClass: 5766K(5824K)->5766K(5824K) Class: 533K(640K)->533K(640K)
[40.794s][info][gc             ] GC(281) Pause Young (Allocation Failure) 6195M->6195M(6847M) 138.107ms
[40.794s][info][gc,cpu         ] GC(281) User=0.48s Sys=0.03s Real=0.14s
[40.862s][info][gc,start       ] GC(282) Pause Young (Allocation Failure)
[41.002s][info][gc,heap        ] GC(282) PSYoungGen: 263616K(304128K)->200640K(318464K) Eden: 61952K(61952K)->0K(61952K) From: 201664K(242176K)->200640K(256512K)
[41.002s][info][gc,heap        ] GC(282) ParOldGen: 6143006K(6707712K)->6206558K(6707712K)
[41.002s][info][gc,metaspace   ] GC(282) Metaspace: 6299K(6464K)->6299K(6464K) NonClass: 5766K(5824K)->5766K(5824K) Class: 533K(640K)->533K(640K)
[41.002s][info][gc             ] GC(282) Pause Young (Allocation Failure) 6256M->6257M(6861M) 140.132ms
[41.002s][info][gc,cpu         ] GC(282) User=0.61s Sys=0.02s Real=0.14s
[41.069s][info][gc,start       ] GC(283) Pause Young (Allocation Failure)
[41.209s][info][gc,heap        ] GC(283) PSYoungGen: 262592K(318464K)->124288K(320000K) Eden: 61952K(61952K)->0K(69632K) From: 200640K(256512K)->124288K(250368K)
[41.209s][info][gc,heap        ] GC(283) ParOldGen: 6206558K(6707712K)->6346022K(6707712K)
[41.209s][info][gc,metaspace   ] GC(283) Metaspace: 6299K(6464K)->6299K(6464K) NonClass: 5766K(5824K)->5766K(5824K) Class: 533K(640K)->533K(640K)
[41.209s][info][gc             ] GC(283) Pause Young (Allocation Failure) 6317M->6318M(6863M) 139.326ms
[41.209s][info][gc,cpu         ] GC(283) User=0.58s Sys=0.05s Real=0.14s
[41.290s][info][gc,start       ] GC(284) Pause Young (Allocation Failure)
[41.411s][info][gc,heap        ] GC(284) PSYoungGen: 193920K(320000K)->69888K(328192K) Eden: 69632K(69632K)->0K(69632K) From: 124288K(250368K)->69888K(258560K)
[41.411s][info][gc,heap        ] GC(284) ParOldGen: 6346022K(6707712K)->6470998K(6707712K)
[41.411s][info][gc,metaspace   ] GC(284) Metaspace: 6299K(6464K)->6299K(6464K) NonClass: 5766K(5824K)->5766K(5824K) Class: 533K(640K)->533K(640K)
[41.411s][info][gc             ] GC(284) Pause Young (Allocation Failure) 6386M->6387M(6871M) 120.997ms
[41.411s][info][gc,cpu         ] GC(284) User=0.56s Sys=0.05s Real=0.12s
[41.483s][info][gc,start       ] GC(285) Pause Young (Allocation Failure)
[41.593s][info][gc,heap        ] GC(285) PSYoungGen: 139520K(328192K)->69920K(337408K) Eden: 69632K(69632K)->0K(78336K) From: 69888K(258560K)->69920K(259072K)
[41.593s][info][gc,heap        ] GC(285) ParOldGen: 6470998K(6707712K)->6541262K(6707712K)
[41.593s][info][gc,metaspace   ] GC(285) Metaspace: 6299K(6464K)->6299K(6464K) NonClass: 5766K(5824K)->5766K(5824K) Class: 533K(640K)->533K(640K)
[41.593s][info][gc             ] GC(285) Pause Young (Allocation Failure) 6455M->6456M(6880M) 109.636ms
[41.593s][info][gc,cpu         ] GC(285) User=0.22s Sys=0.08s Real=0.11s
[41.678s][info][gc,start       ] GC(286) Pause Young (Allocation Failure)
[41.781s][info][gc,heap        ] GC(286) PSYoungGen: 148256K(337408K)->78624K(337920K) Eden: 78336K(78336K)->0K(78336K) From: 69920K(259072K)->78624K(259584K)
[41.782s][info][gc,heap        ] GC(286) ParOldGen: 6541262K(6707712K)->6611526K(6707712K)
[41.782s][info][gc,metaspace   ] GC(286) Metaspace: 6299K(6464K)->6299K(6464K) NonClass: 5766K(5824K)->5766K(5824K) Class: 533K(640K)->533K(640K)
[41.782s][info][gc             ] GC(286) Pause Young (Allocation Failure) 6532M->6533M(6880M) 103.561ms
[41.782s][info][gc,cpu         ] GC(286) User=0.31s Sys=0.02s Real=0.10s
[41.782s][info][gc,start       ] GC(287) Pause Full (Ergonomics)
[41.782s][info][gc,phases,start] GC(287) Marking Phase
[43.307s][info][gc,phases      ] GC(287) Marking Phase 1524.772ms
[43.307s][info][gc,phases,start] GC(287) Summary Phase
[43.307s][info][gc,phases      ] GC(287) Summary Phase 0.104ms
[43.307s][info][gc,phases,start] GC(287) Adjust Roots
[43.307s][info][gc,phases      ] GC(287) Adjust Roots 0.164ms
[43.307s][info][gc,phases,start] GC(287) Compaction Phase
[44.022s][info][gc,phases      ] GC(287) Compaction Phase 715.398ms
[44.022s][info][gc,phases,start] GC(287) Post Compact
[44.032s][info][gc,phases      ] GC(287) Post Compact 9.804ms
[44.033s][info][gc,heap        ] GC(287) PSYoungGen: 78624K(337920K)->0K(343552K) Eden: 0K(78336K)->0K(88064K) From: 78624K(259584K)->0K(255488K)
[44.033s][info][gc,heap        ] GC(287) ParOldGen: 6611526K(6707712K)->6684872K(7099904K)
[44.033s][info][gc,metaspace   ] GC(287) Metaspace: 6299K(6464K)->6299K(6464K) NonClass: 5766K(5824K)->5766K(5824K) Class: 533K(640K)->533K(640K)
[44.033s][info][gc             ] GC(287) Pause Full (Ergonomics) 6533M->6528M(7269M) 2251.697ms
[44.033s][info][gc,cpu         ] GC(287) User=15.80s Sys=0.06s Real=2.25s
[44.137s][info][gc,start       ] GC(288) Pause Young (Allocation Failure)
[44.224s][info][gc,heap        ] GC(288) PSYoungGen: 88064K(343552K)->88384K(343552K) Eden: 88064K(88064K)->0K(88064K) From: 0K(255488K)->88384K(255488K)
[44.224s][info][gc,heap        ] GC(288) ParOldGen: 6684872K(7099904K)->6684872K(7099904K)
[44.224s][info][gc,metaspace   ] GC(288) Metaspace: 6299K(6464K)->6299K(6464K) NonClass: 5766K(5824K)->5766K(5824K) Class: 533K(640K)->533K(640K)
[44.224s][info][gc             ] GC(288) Pause Young (Allocation Failure) 6614M->6614M(7269M) 87.562ms
[44.224s][info][gc,cpu         ] GC(288) User=0.30s Sys=0.00s Real=0.09s
[44.317s][info][gc,start       ] GC(289) Pause Young (Allocation Failure)
[44.429s][info][gc,heap        ] GC(289) PSYoungGen: 176448K(343552K)->176544K(337920K) Eden: 88064K(88064K)->0K(89088K) From: 88384K(255488K)->176544K(248832K)
[44.429s][info][gc,heap        ] GC(289) ParOldGen: 6684872K(7099904K)->6684872K(7099904K)
[44.429s][info][gc,metaspace   ] GC(289) Metaspace: 6299K(6464K)->6299K(6464K) NonClass: 5766K(5824K)->5766K(5824K) Class: 533K(640K)->533K(640K)
[44.429s][info][gc             ] GC(289) Pause Young (Allocation Failure) 6700M->6700M(7263M) 111.975ms
[44.429s][info][gc,cpu         ] GC(289) User=0.44s Sys=0.02s Real=0.11s
[44.539s][info][gc,start       ] GC(290) Pause Young (Allocation Failure)
[44.685s][info][gc,heap        ] GC(290) PSYoungGen: 265632K(337920K)->256512K(345600K) Eden: 89088K(89088K)->0K(89088K) From: 176544K(248832K)->256512K(256512K)
[44.685s][info][gc,heap        ] GC(290) ParOldGen: 6684872K(7099904K)->6694136K(7099904K)
[44.685s][info][gc,metaspace   ] GC(290) Metaspace: 6299K(6464K)->6299K(6464K) NonClass: 5766K(5824K)->5766K(5824K) Class: 533K(640K)->533K(640K)
[44.685s][info][gc             ] GC(290) Pause Young (Allocation Failure) 6787M->6787M(7271M) 146.503ms
[44.685s][info][gc,cpu         ] GC(290) User=0.67s Sys=0.00s Real=0.15s
[44.777s][info][gc,start       ] GC(291) Pause Young (Allocation Failure)
[44.956s][info][gc,heap        ] GC(291) PSYoungGen: 345600K(345600K)->173888K(387072K) Eden: 89088K(89088K)->0K(98816K) From: 256512K(256512K)->173888K(288256K)
[44.956s][info][gc,heap        ] GC(291) ParOldGen: 6694136K(7099904K)->6867352K(7099904K)
[44.956s][info][gc,metaspace   ] GC(291) Metaspace: 6299K(6464K)->6299K(6464K) NonClass: 5766K(5824K)->5766K(5824K) Class: 533K(640K)->533K(640K)
[44.956s][info][gc             ] GC(291) Pause Young (Allocation Failure) 6874M->6876M(7311M) 179.411ms
[44.956s][info][gc,cpu         ] GC(291) User=0.84s Sys=0.23s Real=0.18s
[45.057s][info][gc,start       ] GC(292) Pause Young (Allocation Failure)
[45.200s][info][gc,heap        ] GC(292) PSYoungGen: 272704K(387072K)->188448K(390144K) Eden: 98816K(98816K)->0K(98816K) From: 173888K(288256K)->188448K(291328K)
[45.201s][info][gc,heap        ] GC(292) ParOldGen: 6867352K(7099904K)->6952544K(7099904K)
[45.201s][info][gc,metaspace   ] GC(292) Metaspace: 6299K(6464K)->6299K(6464K) NonClass: 5766K(5824K)->5766K(5824K) Class: 533K(640K)->533K(640K)
[45.201s][info][gc             ] GC(292) Pause Young (Allocation Failure) 6972M->6973M(7314M) 143.331ms
[45.201s][info][gc,cpu         ] GC(292) User=0.77s Sys=0.00s Real=0.14s
[45.201s][info][gc,start       ] GC(293) Pause Full (Ergonomics)
[45.201s][info][gc,phases,start] GC(293) Marking Phase
[46.847s][info][gc,phases      ] GC(293) Marking Phase 1646.605ms
[46.847s][info][gc,phases,start] GC(293) Summary Phase
[46.847s][info][gc,phases      ] GC(293) Summary Phase 0.089ms
[46.847s][info][gc,phases,start] GC(293) Adjust Roots
[46.848s][info][gc,phases      ] GC(293) Adjust Roots 0.226ms
[46.848s][info][gc,phases,start] GC(293) Compaction Phase
[47.675s][info][gc,phases      ] GC(293) Compaction Phase 826.891ms
[47.675s][info][gc,phases,start] GC(293) Post Compact
[47.687s][info][gc,phases      ] GC(293) Post Compact 11.934ms
[47.687s][info][gc,heap        ] GC(293) PSYoungGen: 188448K(390144K)->38150K(390144K) Eden: 0K(98816K)->0K(98816K) From: 188448K(291328K)->38150K(291328K)
[47.687s][info][gc,heap        ] GC(293) ParOldGen: 6952544K(7099904K)->7099682K(7099904K)
[47.687s][info][gc,metaspace   ] GC(293) Metaspace: 6299K(6464K)->6299K(6464K) NonClass: 5766K(5824K)->5766K(5824K) Class: 533K(640K)->533K(640K)
[47.687s][info][gc             ] GC(293) Pause Full (Ergonomics) 6973M->6970M(7314M) 2486.065ms
[47.687s][info][gc,cpu         ] GC(293) User=17.52s Sys=0.11s Real=2.49s
[47.791s][info][gc,start       ] GC(294) Pause Full (Ergonomics)
[47.791s][info][gc,phases,start] GC(294) Marking Phase
[49.452s][info][gc,phases      ] GC(294) Marking Phase 1661.122ms
[49.452s][info][gc,phases,start] GC(294) Summary Phase
[49.452s][info][gc,phases      ] GC(294) Summary Phase 0.106ms
[49.452s][info][gc,phases,start] GC(294) Adjust Roots
[49.452s][info][gc,phases      ] GC(294) Adjust Roots 0.288ms
[49.452s][info][gc,phases,start] GC(294) Compaction Phase
[50.035s][info][gc,phases      ] GC(294) Compaction Phase 583.027ms
[50.035s][info][gc,phases,start] GC(294) Post Compact
[50.047s][info][gc,phases      ] GC(294) Post Compact 11.777ms
[50.047s][info][gc,heap        ] GC(294) PSYoungGen: 136966K(390144K)->136935K(390144K) Eden: 98816K(98816K)->98784K(98816K) From: 38150K(291328K)->38150K(291328K)
[50.047s][info][gc,heap        ] GC(294) ParOldGen: 7099682K(7099904K)->7099682K(7099904K)
[50.047s][info][gc,metaspace   ] GC(294) Metaspace: 6299K(6464K)->6299K(6464K) NonClass: 5766K(5824K)->5766K(5824K) Class: 533K(640K)->533K(640K)
[50.047s][info][gc             ] GC(294) Pause Full (Ergonomics) 7067M->7067M(7314M) 2256.745ms
[50.047s][info][gc,cpu         ] GC(294) User=16.52s Sys=0.00s Real=2.26s
[50.047s][info][gc,start       ] GC(295) Pause Full (Ergonomics)
[50.047s][info][gc,phases,start] GC(295) Marking Phase
[51.718s][info][gc,phases      ] GC(295) Marking Phase 1670.046ms
[51.718s][info][gc,phases,start] GC(295) Summary Phase
[51.718s][info][gc,phases      ] GC(295) Summary Phase 0.121ms
[51.718s][info][gc,phases,start] GC(295) Adjust Roots
[51.718s][info][gc,phases      ] GC(295) Adjust Roots 0.347ms
[51.718s][info][gc,phases,start] GC(295) Compaction Phase
[52.298s][info][gc,phases      ] GC(295) Compaction Phase 579.643ms
[52.298s][info][gc,phases,start] GC(295) Post Compact
[52.308s][info][gc,phases      ] GC(295) Post Compact 10.576ms
[52.309s][info][gc,heap        ] GC(295) PSYoungGen: 136966K(390144K)->136966K(390144K) Eden: 98816K(98816K)->98815K(98816K) From: 38150K(291328K)->38150K(291328K)
[52.309s][info][gc,heap        ] GC(295) ParOldGen: 7099682K(7099904K)->7099682K(7099904K)
[52.309s][info][gc,metaspace   ] GC(295) Metaspace: 6299K(6464K)->6299K(6464K) NonClass: 5766K(5824K)->5766K(5824K) Class: 533K(640K)->533K(640K)
[52.309s][info][gc             ] GC(295) Pause Full (Ergonomics) 7067M->7067M(7314M) 2261.211ms
[52.309s][info][gc,cpu         ] GC(295) User=16.66s Sys=0.00s Real=2.26s
[52.309s][info][gc,start       ] GC(296) Pause Full (Ergonomics)
[52.309s][info][gc,phases,start] GC(296) Marking Phase
[53.972s][info][gc,phases      ] GC(296) Marking Phase 1663.123ms
[53.972s][info][gc,phases,start] GC(296) Summary Phase
[53.972s][info][gc,phases      ] GC(296) Summary Phase 0.086ms
[53.972s][info][gc,phases,start] GC(296) Adjust Roots
[53.972s][info][gc,phases      ] GC(296) Adjust Roots 0.190ms
[53.972s][info][gc,phases,start] GC(296) Compaction Phase
[54.551s][info][gc,phases      ] GC(296) Compaction Phase 578.542ms
[54.551s][info][gc,phases,start] GC(296) Post Compact
[54.562s][info][gc,phases      ] GC(296) Post Compact 10.639ms
[54.562s][info][gc,heap        ] GC(296) PSYoungGen: 136966K(390144K)->136966K(390144K) Eden: 98815K(98816K)->98815K(98816K) From: 38150K(291328K)->38150K(291328K)
[54.562s][info][gc,heap        ] GC(296) ParOldGen: 7099682K(7099904K)->7099682K(7099904K)
[54.562s][info][gc,metaspace   ] GC(296) Metaspace: 6299K(6464K)->6299K(6464K) NonClass: 5766K(5824K)->5766K(5824K) Class: 533K(640K)->533K(640K)
[54.562s][info][gc             ] GC(296) Pause Full (Ergonomics) 7067M->7067M(7314M) 2252.950ms
[54.562s][info][gc,cpu         ] GC(296) User=16.67s Sys=0.00s Real=2.25s
[54.562s][info][gc,start       ] GC(297) Pause Full (Ergonomics)
[54.562s][info][gc,phases,start] GC(297) Marking Phase
[56.203s][info][gc,phases      ] GC(297) Marking Phase 1641.367ms
[56.203s][info][gc,phases,start] GC(297) Summary Phase
[56.204s][info][gc,phases      ] GC(297) Summary Phase 0.071ms
[56.204s][info][gc,phases,start] GC(297) Adjust Roots
[56.204s][info][gc,phases      ] GC(297) Adjust Roots 0.179ms
[56.204s][info][gc,phases,start] GC(297) Compaction Phase
[56.773s][info][gc,phases      ] GC(297) Compaction Phase 569.431ms
[56.773s][info][gc,phases,start] GC(297) Post Compact
[56.785s][info][gc,phases      ] GC(297) Post Compact 11.545ms
[56.785s][info][gc,heap        ] GC(297) PSYoungGen: 136966K(390144K)->136966K(390144K) Eden: 98816K(98816K)->98816K(98816K) From: 38150K(291328K)->38150K(291328K)
[56.785s][info][gc,heap        ] GC(297) ParOldGen: 7099687K(7099904K)->7099687K(7099904K)
[56.785s][info][gc,metaspace   ] GC(297) Metaspace: 6299K(6464K)->6299K(6464K) NonClass: 5766K(5824K)->5766K(5824K) Class: 533K(640K)->533K(640K)
[56.785s][info][gc             ] GC(297) Pause Full (Ergonomics) 7067M->7067M(7314M) 2222.939ms
[56.785s][info][gc,cpu         ] GC(297) User=16.53s Sys=0.00s Real=2.22s
[56.785s][info][gc,start       ] GC(298) Pause Full (Ergonomics)
[56.785s][info][gc,phases,start] GC(298) Marking Phase
[58.461s][info][gc,phases      ] GC(298) Marking Phase 1675.535ms
[58.461s][info][gc,phases,start] GC(298) Summary Phase
[58.461s][info][gc,phases      ] GC(298) Summary Phase 0.099ms
[58.461s][info][gc,phases,start] GC(298) Adjust Roots
[58.461s][info][gc,phases      ] GC(298) Adjust Roots 0.306ms
[58.461s][info][gc,phases,start] GC(298) Compaction Phase
[59.059s][info][gc,phases      ] GC(298) Compaction Phase 597.662ms
[59.059s][info][gc,phases,start] GC(298) Post Compact
[59.070s][info][gc,phases      ] GC(298) Post Compact 10.596ms
[59.070s][info][gc,heap        ] GC(298) PSYoungGen: 136966K(390144K)->136966K(390144K) Eden: 98816K(98816K)->98816K(98816K) From: 38150K(291328K)->38150K(291328K)
[59.070s][info][gc,heap        ] GC(298) ParOldGen: 7099692K(7099904K)->7099692K(7099904K)
[59.070s][info][gc,metaspace   ] GC(298) Metaspace: 6299K(6464K)->6299K(6464K) NonClass: 5766K(5824K)->5766K(5824K) Class: 533K(640K)->533K(640K)
[59.070s][info][gc             ] GC(298) Pause Full (Ergonomics) 7067M->7067M(7314M) 2284.550ms
[59.070s][info][gc,cpu         ] GC(298) User=16.83s Sys=0.00s Real=2.28s
[59.070s][info][gc,start       ] GC(299) Pause Full (Ergonomics)
[59.070s][info][gc,phases,start] GC(299) Marking Phase
[60.734s][info][gc,phases      ] GC(299) Marking Phase 1663.478ms
[60.734s][info][gc,phases,start] GC(299) Summary Phase
[60.734s][info][gc,phases      ] GC(299) Summary Phase 0.071ms
[60.734s][info][gc,phases,start] GC(299) Adjust Roots
[60.734s][info][gc,phases      ] GC(299) Adjust Roots 0.214ms
[60.734s][info][gc,phases,start] GC(299) Compaction Phase
[61.326s][info][gc,phases      ] GC(299) Compaction Phase 592.456ms
[61.326s][info][gc,phases,start] GC(299) Post Compact
[61.337s][info][gc,phases      ] GC(299) Post Compact 10.740ms
[61.337s][info][gc,heap        ] GC(299) PSYoungGen: 136966K(390144K)->136966K(390144K) Eden: 98816K(98816K)->98816K(98816K) From: 38150K(291328K)->38150K(291328K)
[61.337s][info][gc,heap        ] GC(299) ParOldGen: 7099697K(7099904K)->7099697K(7099904K)
[61.337s][info][gc,metaspace   ] GC(299) Metaspace: 6299K(6464K)->6299K(6464K) NonClass: 5766K(5824K)->5766K(5824K) Class: 533K(640K)->533K(640K)
[61.337s][info][gc             ] GC(299) Pause Full (Ergonomics) 7067M->7067M(7314M) 2267.295ms
[61.337s][info][gc,cpu         ] GC(299) User=16.72s Sys=0.00s Real=2.27s
[61.337s][info][gc,start       ] GC(300) Pause Full (Ergonomics)
[61.338s][info][gc,phases,start] GC(300) Marking Phase
[63.028s][info][gc,phases      ] GC(300) Marking Phase 1690.970ms
[63.029s][info][gc,phases,start] GC(300) Summary Phase
[63.029s][info][gc,phases      ] GC(300) Summary Phase 0.083ms
[63.029s][info][gc,phases,start] GC(300) Adjust Roots
[63.029s][info][gc,phases      ] GC(300) Adjust Roots 0.177ms
[63.029s][info][gc,phases,start] GC(300) Compaction Phase
[63.613s][info][gc,phases      ] GC(300) Compaction Phase 584.427ms
[63.613s][info][gc,phases,start] GC(300) Post Compact
[63.624s][info][gc,phases      ] GC(300) Post Compact 10.663ms
[63.624s][info][gc,heap        ] GC(300) PSYoungGen: 136966K(390144K)->136966K(390144K) Eden: 98816K(98816K)->98816K(98816K) From: 38150K(291328K)->38150K(291328K)
[63.624s][info][gc,heap        ] GC(300) ParOldGen: 7099702K(7099904K)->7099702K(7099904K)
[63.624s][info][gc,metaspace   ] GC(300) Metaspace: 6299K(6464K)->6299K(6464K) NonClass: 5766K(5824K)->5766K(5824K) Class: 533K(640K)->533K(640K)
[63.624s][info][gc             ] GC(300) Pause Full (Ergonomics) 7067M->7067M(7314M) 2286.659ms
[63.624s][info][gc,cpu         ] GC(300) User=16.92s Sys=0.00s Real=2.29s
[63.624s][info][gc,start       ] GC(301) Pause Full (Ergonomics)
[63.624s][info][gc,phases,start] GC(301) Marking Phase
[65.305s][info][gc,phases      ] GC(301) Marking Phase 1680.777ms
[65.305s][info][gc,phases,start] GC(301) Summary Phase
[65.305s][info][gc,phases      ] GC(301) Summary Phase 0.073ms
[65.305s][info][gc,phases,start] GC(301) Adjust Roots
[65.305s][info][gc,phases      ] GC(301) Adjust Roots 0.181ms
[65.306s][info][gc,phases,start] GC(301) Compaction Phase
[65.899s][info][gc,phases      ] GC(301) Compaction Phase 593.694ms
[65.899s][info][gc,phases,start] GC(301) Post Compact
[65.910s][info][gc,phases      ] GC(301) Post Compact 10.623ms
[65.910s][info][gc,heap        ] GC(301) PSYoungGen: 136966K(390144K)->136966K(390144K) Eden: 98816K(98816K)->98816K(98816K) From: 38150K(291328K)->38150K(291328K)
[65.910s][info][gc,heap        ] GC(301) ParOldGen: 7099706K(7099904K)->7099706K(7099904K)
[65.910s][info][gc,metaspace   ] GC(301) Metaspace: 6299K(6464K)->6299K(6464K) NonClass: 5766K(5824K)->5766K(5824K) Class: 533K(640K)->533K(640K)
[65.910s][info][gc             ] GC(301) Pause Full (Ergonomics) 7067M->7067M(7314M) 2285.701ms
[65.910s][info][gc,cpu         ] GC(301) User=16.84s Sys=0.00s Real=2.29s
[65.910s][info][gc,start       ] GC(302) Pause Full (Ergonomics)
[65.910s][info][gc,phases,start] GC(302) Marking Phase
[67.598s][info][gc,phases      ] GC(302) Marking Phase 1688.153ms
[67.599s][info][gc,phases,start] GC(302) Summary Phase
[67.599s][info][gc,phases      ] GC(302) Summary Phase 0.151ms
[67.599s][info][gc,phases,start] GC(302) Adjust Roots
[67.599s][info][gc,phases      ] GC(302) Adjust Roots 0.177ms
[67.599s][info][gc,phases,start] GC(302) Compaction Phase
[68.193s][info][gc,phases      ] GC(302) Compaction Phase 593.717ms
[68.193s][info][gc,phases,start] GC(302) Post Compact
[68.203s][info][gc,phases      ] GC(302) Post Compact 10.682ms
[68.203s][info][gc,heap        ] GC(302) PSYoungGen: 136966K(390144K)->136966K(390144K) Eden: 98816K(98816K)->98816K(98816K) From: 38150K(291328K)->38150K(291328K)
[68.203s][info][gc,heap        ] GC(302) ParOldGen: 7099711K(7099904K)->7099711K(7099904K)
[68.203s][info][gc,metaspace   ] GC(302) Metaspace: 6299K(6464K)->6299K(6464K) NonClass: 5766K(5824K)->5766K(5824K) Class: 533K(640K)->533K(640K)
[68.204s][info][gc             ] GC(302) Pause Full (Ergonomics) 7067M->7067M(7314M) 2293.230ms
[68.204s][info][gc,cpu         ] GC(302) User=17.03s Sys=0.00s Real=2.29s
[68.204s][info][gc,start       ] GC(303) Pause Full (Ergonomics)
[68.204s][info][gc,phases,start] GC(303) Marking Phase
[69.864s][info][gc,phases      ] GC(303) Marking Phase 1659.810ms
[69.864s][info][gc,phases,start] GC(303) Summary Phase
[69.864s][info][gc,phases      ] GC(303) Summary Phase 0.139ms
[69.864s][info][gc,phases,start] GC(303) Adjust Roots
[69.864s][info][gc,phases      ] GC(303) Adjust Roots 0.202ms
[69.864s][info][gc,phases,start] GC(303) Compaction Phase
[70.465s][info][gc,phases      ] GC(303) Compaction Phase 601.399ms
[70.466s][info][gc,phases,start] GC(303) Post Compact
[70.476s][info][gc,phases      ] GC(303) Post Compact 10.578ms
[70.476s][info][gc,heap        ] GC(303) PSYoungGen: 136966K(390144K)->136966K(390144K) Eden: 98816K(98816K)->98816K(98816K) From: 38150K(291328K)->38150K(291328K)
[70.476s][info][gc,heap        ] GC(303) ParOldGen: 7099716K(7099904K)->7099716K(7099904K)
[70.476s][info][gc,metaspace   ] GC(303) Metaspace: 6299K(6464K)->6299K(6464K) NonClass: 5766K(5824K)->5766K(5824K) Class: 533K(640K)->533K(640K)
[70.476s][info][gc             ] GC(303) Pause Full (Ergonomics) 7067M->7067M(7314M) 2272.470ms
[70.476s][info][gc,cpu         ] GC(303) User=16.75s Sys=0.02s Real=2.27s
[70.476s][info][gc,start       ] GC(304) Pause Full (Ergonomics)
[70.476s][info][gc,phases,start] GC(304) Marking Phase
[72.149s][info][gc,phases      ] GC(304) Marking Phase 1672.722ms
[72.149s][info][gc,phases,start] GC(304) Summary Phase
[72.149s][info][gc,phases      ] GC(304) Summary Phase 0.076ms
[72.149s][info][gc,phases,start] GC(304) Adjust Roots
[72.149s][info][gc,phases      ] GC(304) Adjust Roots 0.176ms
[72.149s][info][gc,phases,start] GC(304) Compaction Phase
[72.740s][info][gc,phases      ] GC(304) Compaction Phase 590.326ms
[72.740s][info][gc,phases,start] GC(304) Post Compact
[72.751s][info][gc,phases      ] GC(304) Post Compact 10.858ms
[72.751s][info][gc,heap        ] GC(304) PSYoungGen: 136966K(390144K)->136966K(390144K) Eden: 98816K(98816K)->98816K(98816K) From: 38150K(291328K)->38150K(291328K)
[72.751s][info][gc,heap        ] GC(304) ParOldGen: 7099721K(7099904K)->7099721K(7099904K)
[72.751s][info][gc,metaspace   ] GC(304) Metaspace: 6299K(6464K)->6299K(6464K) NonClass: 5766K(5824K)->5766K(5824K) Class: 533K(640K)->533K(640K)
[72.751s][info][gc             ] GC(304) Pause Full (Ergonomics) 7067M->7067M(7314M) 2274.467ms
[72.751s][info][gc,cpu         ] GC(304) User=16.91s Sys=0.00s Real=2.27s
[72.751s][info][gc,start       ] GC(305) Pause Full (Ergonomics)
[72.751s][info][gc,phases,start] GC(305) Marking Phase
[74.449s][info][gc,phases      ] GC(305) Marking Phase 1697.502ms
[74.449s][info][gc,phases,start] GC(305) Summary Phase
[74.449s][info][gc,phases      ] GC(305) Summary Phase 0.113ms
[74.449s][info][gc,phases,start] GC(305) Adjust Roots
[74.449s][info][gc,phases      ] GC(305) Adjust Roots 0.255ms
[74.449s][info][gc,phases,start] GC(305) Compaction Phase
[75.029s][info][gc,phases      ] GC(305) Compaction Phase 579.722ms
[75.029s][info][gc,phases,start] GC(305) Post Compact
[75.040s][info][gc,phases      ] GC(305) Post Compact 10.744ms
[75.040s][info][gc,heap        ] GC(305) PSYoungGen: 136966K(390144K)->136966K(390144K) Eden: 98816K(98816K)->98816K(98816K) From: 38150K(291328K)->38150K(291328K)
[75.040s][info][gc,heap        ] GC(305) ParOldGen: 7099726K(7099904K)->7099726K(7099904K)
[75.040s][info][gc,metaspace   ] GC(305) Metaspace: 6299K(6464K)->6299K(6464K) NonClass: 5766K(5824K)->5766K(5824K) Class: 533K(640K)->533K(640K)
[75.040s][info][gc             ] GC(305) Pause Full (Ergonomics) 7067M->7067M(7314M) 2288.677ms
[75.040s][info][gc,cpu         ] GC(305) User=16.89s Sys=0.00s Real=2.29s
[75.040s][info][gc,start       ] GC(306) Pause Full (Ergonomics)
[75.040s][info][gc,phases,start] GC(306) Marking Phase
[76.731s][info][gc,phases      ] GC(306) Marking Phase 1690.718ms
[76.731s][info][gc,phases,start] GC(306) Summary Phase
[76.731s][info][gc,phases      ] GC(306) Summary Phase 0.083ms
[76.731s][info][gc,phases,start] GC(306) Adjust Roots
[76.731s][info][gc,phases      ] GC(306) Adjust Roots 0.202ms
[76.731s][info][gc,phases,start] GC(306) Compaction Phase
[77.337s][info][gc,phases      ] GC(306) Compaction Phase 606.241ms
[77.337s][info][gc,phases,start] GC(306) Post Compact
[77.348s][info][gc,phases      ] GC(306) Post Compact 10.686ms
[77.348s][info][gc,heap        ] GC(306) PSYoungGen: 136966K(390144K)->136966K(390144K) Eden: 98816K(98816K)->98816K(98816K) From: 38150K(291328K)->38150K(291328K)
[77.348s][info][gc,heap        ] GC(306) ParOldGen: 7099731K(7099904K)->7099731K(7099904K)
[77.348s][info][gc,metaspace   ] GC(306) Metaspace: 6299K(6464K)->6299K(6464K) NonClass: 5766K(5824K)->5766K(5824K) Class: 533K(640K)->533K(640K)
[77.348s][info][gc             ] GC(306) Pause Full (Ergonomics) 7067M->7067M(7314M) 2308.264ms
[77.348s][info][gc,cpu         ] GC(306) User=17.06s Sys=0.00s Real=2.31s
[77.348s][info][gc,start       ] GC(307) Pause Full (Ergonomics)
[77.348s][info][gc,phases,start] GC(307) Marking Phase
[79.013s][info][gc,phases      ] GC(307) Marking Phase 1664.564ms
[79.013s][info][gc,phases,start] GC(307) Summary Phase
[79.013s][info][gc,phases      ] GC(307) Summary Phase 0.074ms
[79.013s][info][gc,phases,start] GC(307) Adjust Roots
[79.013s][info][gc,phases      ] GC(307) Adjust Roots 0.181ms
[79.013s][info][gc,phases,start] GC(307) Compaction Phase
[79.650s][info][gc,phases      ] GC(307) Compaction Phase 636.842ms
[79.650s][info][gc,phases,start] GC(307) Post Compact
[79.661s][info][gc,phases      ] GC(307) Post Compact 10.710ms
[79.661s][info][gc,heap        ] GC(307) PSYoungGen: 136966K(390144K)->136966K(390144K) Eden: 98816K(98816K)->98816K(98816K) From: 38150K(291328K)->38150K(291328K)
[79.661s][info][gc,heap        ] GC(307) ParOldGen: 7099735K(7099904K)->7099735K(7099904K)
[79.661s][info][gc,metaspace   ] GC(307) Metaspace: 6299K(6464K)->6299K(6464K) NonClass: 5766K(5824K)->5766K(5824K) Class: 533K(640K)->533K(640K)
[79.661s][info][gc             ] GC(307) Pause Full (Ergonomics) 7067M->7067M(7314M) 2312.704ms
[79.661s][info][gc,cpu         ] GC(307) User=16.83s Sys=0.00s Real=2.31s
[79.661s][info][gc,start       ] GC(308) Pause Full (Ergonomics)
[79.661s][info][gc,phases,start] GC(308) Marking Phase
[81.355s][info][gc,phases      ] GC(308) Marking Phase 1693.497ms
[81.355s][info][gc,phases,start] GC(308) Summary Phase
[81.355s][info][gc,phases      ] GC(308) Summary Phase 0.088ms
[81.355s][info][gc,phases,start] GC(308) Adjust Roots
[81.355s][info][gc,phases      ] GC(308) Adjust Roots 0.259ms
[81.355s][info][gc,phases,start] GC(308) Compaction Phase
[81.965s][info][gc,phases      ] GC(308) Compaction Phase 609.918ms
[81.965s][info][gc,phases,start] GC(308) Post Compact
[81.976s][info][gc,phases      ] GC(308) Post Compact 10.454ms
[81.976s][info][gc,heap        ] GC(308) PSYoungGen: 136966K(390144K)->136966K(390144K) Eden: 98816K(98816K)->98816K(98816K) From: 38150K(291328K)->38150K(291328K)
[81.976s][info][gc,heap        ] GC(308) ParOldGen: 7099740K(7099904K)->7099740K(7099904K)
[81.976s][info][gc,metaspace   ] GC(308) Metaspace: 6299K(6464K)->6299K(6464K) NonClass: 5766K(5824K)->5766K(5824K) Class: 533K(640K)->533K(640K)
[81.976s][info][gc             ] GC(308) Pause Full (Ergonomics) 7067M->7067M(7314M) 2314.556ms
[81.976s][info][gc,cpu         ] GC(308) User=16.84s Sys=0.02s Real=2.31s
[81.976s][info][gc,start       ] GC(309) Pause Full (Ergonomics)
[81.976s][info][gc,phases,start] GC(309) Marking Phase
[83.698s][info][gc,phases      ] GC(309) Marking Phase 1722.007ms
[83.698s][info][gc,phases,start] GC(309) Summary Phase
[83.698s][info][gc,phases      ] GC(309) Summary Phase 0.071ms
[83.698s][info][gc,phases,start] GC(309) Adjust Roots
[83.698s][info][gc,phases      ] GC(309) Adjust Roots 0.187ms
[83.698s][info][gc,phases,start] GC(309) Compaction Phase
[84.283s][info][gc,phases      ] GC(309) Compaction Phase 584.579ms
[84.283s][info][gc,phases,start] GC(309) Post Compact
[84.294s][info][gc,phases      ] GC(309) Post Compact 10.618ms
[84.294s][info][gc,heap        ] GC(309) PSYoungGen: 136966K(390144K)->136966K(390144K) Eden: 98816K(98816K)->98816K(98816K) From: 38150K(291328K)->38150K(291328K)
[84.294s][info][gc,heap        ] GC(309) ParOldGen: 7099745K(7099904K)->7099745K(7099904K)
[84.294s][info][gc,metaspace   ] GC(309) Metaspace: 6299K(6464K)->6299K(6464K) NonClass: 5766K(5824K)->5766K(5824K) Class: 533K(640K)->533K(640K)
[84.294s][info][gc             ] GC(309) Pause Full (Ergonomics) 7067M->7067M(7314M) 2317.833ms
[84.294s][info][gc,cpu         ] GC(309) User=17.08s Sys=0.02s Real=2.32s
[84.294s][info][gc,start       ] GC(310) Pause Full (Ergonomics)
[84.294s][info][gc,phases,start] GC(310) Marking Phase
[85.958s][info][gc,phases      ] GC(310) Marking Phase 1663.691ms
[85.958s][info][gc,phases,start] GC(310) Summary Phase
[85.958s][info][gc,phases      ] GC(310) Summary Phase 0.071ms
[85.958s][info][gc,phases,start] GC(310) Adjust Roots
[85.958s][info][gc,phases      ] GC(310) Adjust Roots 0.172ms
[85.958s][info][gc,phases,start] GC(310) Compaction Phase
[86.544s][info][gc,phases      ] GC(310) Compaction Phase 585.731ms
[86.544s][info][gc,phases,start] GC(310) Post Compact
[86.555s][info][gc,phases      ] GC(310) Post Compact 10.646ms
[86.555s][info][gc,heap        ] GC(310) PSYoungGen: 136966K(390144K)->136966K(390144K) Eden: 98816K(98816K)->98816K(98816K) From: 38150K(291328K)->38150K(291328K)
[86.555s][info][gc,heap        ] GC(310) ParOldGen: 7099750K(7099904K)->7099750K(7099904K)
[86.555s][info][gc,metaspace   ] GC(310) Metaspace: 6299K(6464K)->6299K(6464K) NonClass: 5766K(5824K)->5766K(5824K) Class: 533K(640K)->533K(640K)
[86.555s][info][gc             ] GC(310) Pause Full (Ergonomics) 7067M->7067M(7314M) 2260.671ms
[86.555s][info][gc,cpu         ] GC(310) User=16.58s Sys=0.02s Real=2.26s
[86.555s][info][gc,start       ] GC(311) Pause Full (Ergonomics)
[86.555s][info][gc,phases,start] GC(311) Marking Phase
[88.237s][info][gc,phases      ] GC(311) Marking Phase 1682.456ms
[88.238s][info][gc,phases,start] GC(311) Summary Phase
[88.238s][info][gc,phases      ] GC(311) Summary Phase 0.080ms
[88.238s][info][gc,phases,start] GC(311) Adjust Roots
[88.238s][info][gc,phases      ] GC(311) Adjust Roots 0.220ms
[88.238s][info][gc,phases,start] GC(311) Compaction Phase
[88.843s][info][gc,phases      ] GC(311) Compaction Phase 604.883ms
[88.843s][info][gc,phases,start] GC(311) Post Compact
[88.853s][info][gc,phases      ] GC(311) Post Compact 10.597ms
[88.853s][info][gc,heap        ] GC(311) PSYoungGen: 136966K(390144K)->136966K(390144K) Eden: 98816K(98816K)->98816K(98816K) From: 38150K(291328K)->38150K(291328K)
[88.854s][info][gc,heap        ] GC(311) ParOldGen: 7099755K(7099904K)->7099755K(7099904K)
[88.854s][info][gc,metaspace   ] GC(311) Metaspace: 6299K(6464K)->6299K(6464K) NonClass: 5766K(5824K)->5766K(5824K) Class: 533K(640K)->533K(640K)
[88.854s][info][gc             ] GC(311) Pause Full (Ergonomics) 7067M->7067M(7314M) 2298.553ms
[88.854s][info][gc,cpu         ] GC(311) User=16.91s Sys=0.02s Real=2.30s
[88.854s][info][gc,start       ] GC(312) Pause Full (Ergonomics)
[88.854s][info][gc,phases,start] GC(312) Marking Phase
[90.552s][info][gc,phases      ] GC(312) Marking Phase 1697.995ms
[90.552s][info][gc,phases,start] GC(312) Summary Phase
[90.552s][info][gc,phases      ] GC(312) Summary Phase 0.083ms
[90.552s][info][gc,phases,start] GC(312) Adjust Roots
[90.552s][info][gc,phases      ] GC(312) Adjust Roots 0.176ms
[90.552s][info][gc,phases,start] GC(312) Compaction Phase
[91.153s][info][gc,phases      ] GC(312) Compaction Phase 600.621ms
[91.153s][info][gc,phases,start] GC(312) Post Compact
[91.163s][info][gc,phases      ] GC(312) Post Compact 10.565ms
[91.164s][info][gc,heap        ] GC(312) PSYoungGen: 136966K(390144K)->136966K(390144K) Eden: 98816K(98816K)->98816K(98816K) From: 38150K(291328K)->38150K(291328K)
[91.164s][info][gc,heap        ] GC(312) ParOldGen: 7099760K(7099904K)->7099760K(7099904K)
[91.164s][info][gc,metaspace   ] GC(312) Metaspace: 6299K(6464K)->6299K(6464K) NonClass: 5766K(5824K)->5766K(5824K) Class: 533K(640K)->533K(640K)
[91.164s][info][gc             ] GC(312) Pause Full (Ergonomics) 7067M->7067M(7314M) 2309.788ms
[91.164s][info][gc,cpu         ] GC(312) User=16.88s Sys=0.02s Real=2.31s
[91.164s][info][gc,start       ] GC(313) Pause Full (Ergonomics)
[91.164s][info][gc,phases,start] GC(313) Marking Phase
[92.834s][info][gc,phases      ] GC(313) Marking Phase 1669.953ms
[92.834s][info][gc,phases,start] GC(313) Summary Phase
[92.834s][info][gc,phases      ] GC(313) Summary Phase 0.111ms
[92.834s][info][gc,phases,start] GC(313) Adjust Roots
[92.834s][info][gc,phases      ] GC(313) Adjust Roots 0.232ms
[92.834s][info][gc,phases,start] GC(313) Compaction Phase
[93.418s][info][gc,phases      ] GC(313) Compaction Phase 583.781ms
[93.418s][info][gc,phases,start] GC(313) Post Compact
[93.429s][info][gc,phases      ] GC(313) Post Compact 10.471ms
[93.429s][info][gc,heap        ] GC(313) PSYoungGen: 136966K(390144K)->136966K(390144K) Eden: 98816K(98816K)->98816K(98816K) From: 38150K(291328K)->38150K(291328K)
[93.429s][info][gc,heap        ] GC(313) ParOldGen: 7099764K(7099904K)->7099764K(7099904K)
[93.429s][info][gc,metaspace   ] GC(313) Metaspace: 6299K(6464K)->6299K(6464K) NonClass: 5766K(5824K)->5766K(5824K) Class: 533K(640K)->533K(640K)
[93.429s][info][gc             ] GC(313) Pause Full (Ergonomics) 7067M->7067M(7314M) 2264.913ms
[93.429s][info][gc,cpu         ] GC(313) User=16.94s Sys=0.00s Real=2.27s
[93.429s][info][gc,start       ] GC(314) Pause Full (Ergonomics)
[93.429s][info][gc,phases,start] GC(314) Marking Phase
[95.102s][info][gc,phases      ] GC(314) Marking Phase 1672.933ms
[95.102s][info][gc,phases,start] GC(314) Summary Phase
[95.102s][info][gc,phases      ] GC(314) Summary Phase 0.080ms
[95.102s][info][gc,phases,start] GC(314) Adjust Roots
[95.102s][info][gc,phases      ] GC(314) Adjust Roots 0.177ms
[95.102s][info][gc,phases,start] GC(314) Compaction Phase
[95.673s][info][gc,phases      ] GC(314) Compaction Phase 570.630ms
[95.673s][info][gc,phases,start] GC(314) Post Compact
[95.684s][info][gc,phases      ] GC(314) Post Compact 10.898ms
[95.684s][info][gc,heap        ] GC(314) PSYoungGen: 136966K(390144K)->136966K(390144K) Eden: 98816K(98816K)->98816K(98816K) From: 38150K(291328K)->38150K(291328K)
[95.684s][info][gc,heap        ] GC(314) ParOldGen: 7099769K(7099904K)->7099769K(7099904K)
[95.684s][info][gc,metaspace   ] GC(314) Metaspace: 6299K(6464K)->6299K(6464K) NonClass: 5766K(5824K)->5766K(5824K) Class: 533K(640K)->533K(640K)
[95.684s][info][gc             ] GC(314) Pause Full (Ergonomics) 7067M->7067M(7314M) 2255.090ms
[95.684s][info][gc,cpu         ] GC(314) User=16.95s Sys=0.02s Real=2.25s
[95.684s][info][gc,start       ] GC(315) Pause Full (Ergonomics)
[95.684s][info][gc,phases,start] GC(315) Marking Phase
[97.364s][info][gc,phases      ] GC(315) Marking Phase 1679.448ms
[97.364s][info][gc,phases,start] GC(315) Summary Phase
[97.364s][info][gc,phases      ] GC(315) Summary Phase 0.071ms
[97.364s][info][gc,phases,start] GC(315) Adjust Roots
[97.364s][info][gc,phases      ] GC(315) Adjust Roots 0.172ms
[97.364s][info][gc,phases,start] GC(315) Compaction Phase
[97.958s][info][gc,phases      ] GC(315) Compaction Phase 593.674ms
[97.958s][info][gc,phases,start] GC(315) Post Compact
[97.969s][info][gc,phases      ] GC(315) Post Compact 10.903ms
[97.969s][info][gc,heap        ] GC(315) PSYoungGen: 136966K(390144K)->136966K(390144K) Eden: 98816K(98816K)->98816K(98816K) From: 38150K(291328K)->38150K(291328K)
[97.969s][info][gc,heap        ] GC(315) ParOldGen: 7099774K(7099904K)->7099774K(7099904K)
[97.969s][info][gc,metaspace   ] GC(315) Metaspace: 6299K(6464K)->6299K(6464K) NonClass: 5766K(5824K)->5766K(5824K) Class: 533K(640K)->533K(640K)
[97.969s][info][gc             ] GC(315) Pause Full (Ergonomics) 7067M->7067M(7314M) 2284.597ms
[97.969s][info][gc,cpu         ] GC(315) User=16.72s Sys=0.02s Real=2.29s
[97.969s][info][gc,start       ] GC(316) Pause Full (Ergonomics)
[97.969s][info][gc,phases,start] GC(316) Marking Phase
[99.654s][info][gc,phases      ] GC(316) Marking Phase 1684.791ms
[99.654s][info][gc,phases,start] GC(316) Summary Phase
[99.654s][info][gc,phases      ] GC(316) Summary Phase 0.075ms
[99.654s][info][gc,phases,start] GC(316) Adjust Roots
[99.654s][info][gc,phases      ] GC(316) Adjust Roots 0.192ms
[99.654s][info][gc,phases,start] GC(316) Compaction Phase
[100.247s][info][gc,phases      ] GC(316) Compaction Phase 593.091ms
[100.247s][info][gc,phases,start] GC(316) Post Compact
[100.258s][info][gc,phases      ] GC(316) Post Compact 10.708ms
[100.258s][info][gc,heap        ] GC(316) PSYoungGen: 136966K(390144K)->136966K(390144K) Eden: 98816K(98816K)->98816K(98816K) From: 38150K(291328K)->38150K(291328K)
[100.258s][info][gc,heap        ] GC(316) ParOldGen: 7099779K(7099904K)->7099779K(7099904K)
[100.258s][info][gc,metaspace   ] GC(316) Metaspace: 6299K(6464K)->6299K(6464K) NonClass: 5766K(5824K)->5766K(5824K) Class: 533K(640K)->533K(640K)
[100.258s][info][gc             ] GC(316) Pause Full (Ergonomics) 7067M->7067M(7314M) 2289.200ms
[100.258s][info][gc,cpu         ] GC(316) User=16.75s Sys=0.00s Real=2.29s
[100.258s][info][gc,start       ] GC(317) Pause Full (Ergonomics)
[100.258s][info][gc,phases,start] GC(317) Marking Phase
[101.931s][info][gc,phases      ] GC(317) Marking Phase 1672.143ms
[101.931s][info][gc,phases,start] GC(317) Summary Phase
[101.931s][info][gc,phases      ] GC(317) Summary Phase 0.071ms
[101.931s][info][gc,phases,start] GC(317) Adjust Roots
[101.931s][info][gc,phases      ] GC(317) Adjust Roots 0.168ms
[101.931s][info][gc,phases,start] GC(317) Compaction Phase
[102.529s][info][gc,phases      ] GC(317) Compaction Phase 598.167ms
[102.529s][info][gc,phases,start] GC(317) Post Compact
[102.540s][info][gc,phases      ] GC(317) Post Compact 10.573ms
[102.540s][info][gc,heap        ] GC(317) PSYoungGen: 136966K(390144K)->136966K(390144K) Eden: 98816K(98816K)->98816K(98816K) From: 38150K(291328K)->38150K(291328K)
[102.540s][info][gc,heap        ] GC(317) ParOldGen: 7099784K(7099904K)->7099784K(7099904K)
[102.540s][info][gc,metaspace   ] GC(317) Metaspace: 6299K(6464K)->6299K(6464K) NonClass: 5766K(5824K)->5766K(5824K) Class: 533K(640K)->533K(640K)
[102.540s][info][gc             ] GC(317) Pause Full (Ergonomics) 7067M->7067M(7314M) 2281.439ms
[102.540s][info][gc,cpu         ] GC(317) User=16.89s Sys=0.02s Real=2.28s
[102.540s][info][gc,start       ] GC(318) Pause Full (Ergonomics)
[102.540s][info][gc,phases,start] GC(318) Marking Phase
[104.202s][info][gc,phases      ] GC(318) Marking Phase 1661.595ms
[104.202s][info][gc,phases,start] GC(318) Summary Phase
[104.202s][info][gc,phases      ] GC(318) Summary Phase 0.099ms
[104.202s][info][gc,phases,start] GC(318) Adjust Roots
[104.202s][info][gc,phases      ] GC(318) Adjust Roots 0.188ms
[104.202s][info][gc,phases,start] GC(318) Compaction Phase
[104.784s][info][gc,phases      ] GC(318) Compaction Phase 581.775ms
[104.784s][info][gc,phases,start] GC(318) Post Compact
[104.795s][info][gc,phases      ] GC(318) Post Compact 11.053ms
[104.795s][info][gc,heap        ] GC(318) PSYoungGen: 136966K(390144K)->136966K(390144K) Eden: 98816K(98816K)->98816K(98816K) From: 38150K(291328K)->38150K(291328K)
[104.795s][info][gc,heap        ] GC(318) ParOldGen: 7099789K(7099904K)->7099789K(7099904K)
[104.795s][info][gc,metaspace   ] GC(318) Metaspace: 6299K(6464K)->6299K(6464K) NonClass: 5766K(5824K)->5766K(5824K) Class: 533K(640K)->533K(640K)
[104.795s][info][gc             ] GC(318) Pause Full (Ergonomics) 7067M->7067M(7314M) 2255.095ms
[104.795s][info][gc,cpu         ] GC(318) User=16.72s Sys=0.00s Real=2.26s
[104.795s][info][gc,start       ] GC(319) Pause Full (Ergonomics)
[104.795s][info][gc,phases,start] GC(319) Marking Phase
[106.470s][info][gc,phases      ] GC(319) Marking Phase 1674.754ms
[106.470s][info][gc,phases,start] GC(319) Summary Phase
[106.470s][info][gc,phases      ] GC(319) Summary Phase 0.103ms
[106.470s][info][gc,phases,start] GC(319) Adjust Roots
[106.470s][info][gc,phases      ] GC(319) Adjust Roots 0.177ms
[106.470s][info][gc,phases,start] GC(319) Compaction Phase
[107.047s][info][gc,phases      ] GC(319) Compaction Phase 576.718ms
[107.047s][info][gc,phases,start] GC(319) Post Compact
[107.058s][info][gc,phases      ] GC(319) Post Compact 10.533ms
[107.058s][info][gc,heap        ] GC(319) PSYoungGen: 136966K(390144K)->136966K(390144K) Eden: 98816K(98816K)->98816K(98816K) From: 38150K(291328K)->38150K(291328K)
[107.058s][info][gc,heap        ] GC(319) ParOldGen: 7099793K(7099904K)->7099793K(7099904K)
[107.058s][info][gc,metaspace   ] GC(319) Metaspace: 6299K(6464K)->6299K(6464K) NonClass: 5766K(5824K)->5766K(5824K) Class: 533K(640K)->533K(640K)
[107.058s][info][gc             ] GC(319) Pause Full (Ergonomics) 7067M->7067M(7314M) 2262.638ms
[107.058s][info][gc,cpu         ] GC(319) User=16.81s Sys=0.00s Real=2.26s
[107.058s][info][gc,start       ] GC(320) Pause Full (Ergonomics)
[107.058s][info][gc,phases,start] GC(320) Marking Phase
[108.717s][info][gc,phases      ] GC(320) Marking Phase 1659.026ms
[108.717s][info][gc,phases,start] GC(320) Summary Phase
[108.717s][info][gc,phases      ] GC(320) Summary Phase 0.104ms
[108.717s][info][gc,phases,start] GC(320) Adjust Roots
[108.718s][info][gc,phases      ] GC(320) Adjust Roots 0.224ms
[108.718s][info][gc,phases,start] GC(320) Compaction Phase
[109.322s][info][gc,phases      ] GC(320) Compaction Phase 604.822ms
[109.323s][info][gc,phases,start] GC(320) Post Compact
[109.333s][info][gc,phases      ] GC(320) Post Compact 10.705ms
[109.333s][info][gc,heap        ] GC(320) PSYoungGen: 136966K(390144K)->136966K(390144K) Eden: 98816K(98816K)->98816K(98816K) From: 38150K(291328K)->38150K(291328K)
[109.333s][info][gc,heap        ] GC(320) ParOldGen: 7099798K(7099904K)->7099798K(7099904K)
[109.333s][info][gc,metaspace   ] GC(320) Metaspace: 6299K(6464K)->6299K(6464K) NonClass: 5766K(5824K)->5766K(5824K) Class: 533K(640K)->533K(640K)
[109.333s][info][gc             ] GC(320) Pause Full (Ergonomics) 7067M->7067M(7314M) 2275.244ms
[109.333s][info][gc,cpu         ] GC(320) User=16.58s Sys=0.00s Real=2.28s
[109.334s][info][gc,start       ] GC(321) Pause Full (Ergonomics)
[109.334s][info][gc,phases,start] GC(321) Marking Phase
[110.974s][info][gc,phases      ] GC(321) Marking Phase 1640.207ms
[110.974s][info][gc,phases,start] GC(321) Summary Phase
[110.974s][info][gc,phases      ] GC(321) Summary Phase 0.072ms
[110.974s][info][gc,phases,start] GC(321) Adjust Roots
[110.974s][info][gc,phases      ] GC(321) Adjust Roots 0.179ms
[110.974s][info][gc,phases,start] GC(321) Compaction Phase
[111.561s][info][gc,phases      ] GC(321) Compaction Phase 587.223ms
[111.561s][info][gc,phases,start] GC(321) Post Compact
[111.572s][info][gc,phases      ] GC(321) Post Compact 10.602ms
[111.572s][info][gc,heap        ] GC(321) PSYoungGen: 136966K(390144K)->136966K(390144K) Eden: 98816K(98816K)->98816K(98816K) From: 38150K(291328K)->38150K(291328K)
[111.572s][info][gc,heap        ] GC(321) ParOldGen: 7099803K(7099904K)->7099803K(7099904K)
[111.572s][info][gc,metaspace   ] GC(321) Metaspace: 6299K(6464K)->6299K(6464K) NonClass: 5766K(5824K)->5766K(5824K) Class: 533K(640K)->533K(640K)
[111.572s][info][gc             ] GC(321) Pause Full (Ergonomics) 7067M->7067M(7314M) 2238.620ms
[111.572s][info][gc,cpu         ] GC(321) User=16.55s Sys=0.00s Real=2.24s
[111.572s][info][gc,start       ] GC(322) Pause Full (Ergonomics)
[111.572s][info][gc,phases,start] GC(322) Marking Phase
[113.245s][info][gc,phases      ] GC(322) Marking Phase 1672.084ms
[113.245s][info][gc,phases,start] GC(322) Summary Phase
[113.245s][info][gc,phases      ] GC(322) Summary Phase 0.083ms
[113.245s][info][gc,phases,start] GC(322) Adjust Roots
[113.245s][info][gc,phases      ] GC(322) Adjust Roots 0.213ms
[113.245s][info][gc,phases,start] GC(322) Compaction Phase
[113.815s][info][gc,phases      ] GC(322) Compaction Phase 570.460ms
[113.815s][info][gc,phases,start] GC(322) Post Compact
[113.826s][info][gc,phases      ] GC(322) Post Compact 10.569ms
[113.826s][info][gc,heap        ] GC(322) PSYoungGen: 136966K(390144K)->136966K(390144K) Eden: 98816K(98816K)->98816K(98816K) From: 38150K(291328K)->38150K(291328K)
[113.826s][info][gc,heap        ] GC(322) ParOldGen: 7099808K(7099904K)->7099808K(7099904K)
[113.826s][info][gc,metaspace   ] GC(322) Metaspace: 6299K(6464K)->6299K(6464K) NonClass: 5766K(5824K)->5766K(5824K) Class: 533K(640K)->533K(640K)
[113.826s][info][gc             ] GC(322) Pause Full (Ergonomics) 7067M->7067M(7314M) 2253.730ms
[113.826s][info][gc,cpu         ] GC(322) User=16.73s Sys=0.02s Real=2.25s
[113.826s][info][gc,start       ] GC(323) Pause Full (Ergonomics)
[113.826s][info][gc,phases,start] GC(323) Marking Phase
[115.508s][info][gc,phases      ] GC(323) Marking Phase 1681.329ms
[115.508s][info][gc,phases,start] GC(323) Summary Phase
[115.508s][info][gc,phases      ] GC(323) Summary Phase 0.080ms
[115.508s][info][gc,phases,start] GC(323) Adjust Roots
[115.508s][info][gc,phases      ] GC(323) Adjust Roots 0.189ms
[115.508s][info][gc,phases,start] GC(323) Compaction Phase
[116.100s][info][gc,phases      ] GC(323) Compaction Phase 592.310ms
[116.100s][info][gc,phases,start] GC(323) Post Compact
[116.111s][info][gc,phases      ] GC(323) Post Compact 10.673ms
[116.111s][info][gc,heap        ] GC(323) PSYoungGen: 136966K(390144K)->136966K(390144K) Eden: 98816K(98816K)->98816K(98816K) From: 38150K(291328K)->38150K(291328K)
[116.111s][info][gc,heap        ] GC(323) ParOldGen: 7099813K(7099904K)->7099813K(7099904K)
[116.111s][info][gc,metaspace   ] GC(323) Metaspace: 6299K(6464K)->6299K(6464K) NonClass: 5766K(5824K)->5766K(5824K) Class: 533K(640K)->533K(640K)
[116.111s][info][gc             ] GC(323) Pause Full (Ergonomics) 7067M->7067M(7314M) 2284.932ms
[116.111s][info][gc,cpu         ] GC(323) User=16.73s Sys=0.00s Real=2.28s
[116.112s][info][gc,start       ] GC(324) Pause Full (Ergonomics)
[116.112s][info][gc,phases,start] GC(324) Marking Phase
[117.772s][info][gc,phases      ] GC(324) Marking Phase 1660.711ms
[117.772s][info][gc,phases,start] GC(324) Summary Phase
[117.772s][info][gc,phases      ] GC(324) Summary Phase 0.083ms
[117.772s][info][gc,phases,start] GC(324) Adjust Roots
[117.773s][info][gc,phases      ] GC(324) Adjust Roots 0.192ms
[117.773s][info][gc,phases,start] GC(324) Compaction Phase
[118.338s][info][gc,phases      ] GC(324) Compaction Phase 565.178ms
[118.338s][info][gc,phases,start] GC(324) Post Compact
[118.348s][info][gc,phases      ] GC(324) Post Compact 10.490ms
[118.348s][info][gc,heap        ] GC(324) PSYoungGen: 136966K(390144K)->136966K(390144K) Eden: 98816K(98816K)->98816K(98816K) From: 38150K(291328K)->38150K(291328K)
[118.348s][info][gc,heap        ] GC(324) ParOldGen: 7099818K(7099904K)->7099818K(7099904K)
[118.348s][info][gc,metaspace   ] GC(324) Metaspace: 6299K(6464K)->6299K(6464K) NonClass: 5766K(5824K)->5766K(5824K) Class: 533K(640K)->533K(640K)
[118.349s][info][gc             ] GC(324) Pause Full (Ergonomics) 7067M->7067M(7314M) 2237.005ms
[118.349s][info][gc,cpu         ] GC(324) User=16.77s Sys=0.00s Real=2.24s
[118.349s][info][gc,start       ] GC(325) Pause Full (Ergonomics)
[118.349s][info][gc,phases,start] GC(325) Marking Phase
[119.991s][info][gc,phases      ] GC(325) Marking Phase 1642.387ms
[119.991s][info][gc,phases,start] GC(325) Summary Phase
[119.991s][info][gc,phases      ] GC(325) Summary Phase 0.082ms
[119.991s][info][gc,phases,start] GC(325) Adjust Roots
[119.992s][info][gc,phases      ] GC(325) Adjust Roots 0.170ms
[119.992s][info][gc,phases,start] GC(325) Compaction Phase
[120.557s][info][gc,phases      ] GC(325) Compaction Phase 565.013ms
[120.557s][info][gc,phases,start] GC(325) Post Compact
[120.567s][info][gc,phases      ] GC(325) Post Compact 10.652ms
[120.567s][info][gc,heap        ] GC(325) PSYoungGen: 136966K(390144K)->136966K(390144K) Eden: 98816K(98816K)->98816K(98816K) From: 38150K(291328K)->38150K(291328K)
[120.567s][info][gc,heap        ] GC(325) ParOldGen: 7099822K(7099904K)->7099822K(7099904K)
[120.567s][info][gc,metaspace   ] GC(325) Metaspace: 6299K(6464K)->6299K(6464K) NonClass: 5766K(5824K)->5766K(5824K) Class: 533K(640K)->533K(640K)
[120.567s][info][gc             ] GC(325) Pause Full (Ergonomics) 7067M->7067M(7314M) 2218.657ms
[120.567s][info][gc,cpu         ] GC(325) User=16.56s Sys=0.00s Real=2.22s
[120.568s][info][gc,start       ] GC(326) Pause Full (Ergonomics)
[120.568s][info][gc,phases,start] GC(326) Marking Phase
[122.241s][info][gc,phases      ] GC(326) Marking Phase 1673.527ms
[122.241s][info][gc,phases,start] GC(326) Summary Phase
[122.241s][info][gc,phases      ] GC(326) Summary Phase 0.076ms
[122.241s][info][gc,phases,start] GC(326) Adjust Roots
[122.241s][info][gc,phases      ] GC(326) Adjust Roots 0.179ms
[122.241s][info][gc,phases,start] GC(326) Compaction Phase
[122.843s][info][gc,phases      ] GC(326) Compaction Phase 601.948ms
[122.843s][info][gc,phases,start] GC(326) Post Compact
[122.855s][info][gc,phases      ] GC(326) Post Compact 11.214ms
[122.855s][info][gc,heap        ] GC(326) PSYoungGen: 136966K(390144K)->136966K(390144K) Eden: 98816K(98816K)->98816K(98816K) From: 38150K(291328K)->38150K(291328K)
[122.855s][info][gc,heap        ] GC(326) ParOldGen: 7099827K(7099904K)->7099827K(7099904K)
[122.855s][info][gc,metaspace   ] GC(326) Metaspace: 6299K(6464K)->6299K(6464K) NonClass: 5766K(5824K)->5766K(5824K) Class: 533K(640K)->533K(640K)
[122.855s][info][gc             ] GC(326) Pause Full (Ergonomics) 7067M->7067M(7314M) 2287.310ms
[122.855s][info][gc,cpu         ] GC(326) User=16.84s Sys=0.00s Real=2.29s
[122.855s][info][gc,start       ] GC(327) Pause Full (Ergonomics)
[122.855s][info][gc,phases,start] GC(327) Marking Phase
[124.502s][info][gc,phases      ] GC(327) Marking Phase 1647.264ms
[124.502s][info][gc,phases,start] GC(327) Summary Phase
[124.503s][info][gc,phases      ] GC(327) Summary Phase 0.074ms
[124.503s][info][gc,phases,start] GC(327) Adjust Roots
[124.503s][info][gc,phases      ] GC(327) Adjust Roots 0.170ms
[124.503s][info][gc,phases,start] GC(327) Compaction Phase
[125.069s][info][gc,phases      ] GC(327) Compaction Phase 566.617ms
[125.069s][info][gc,phases,start] GC(327) Post Compact
[125.080s][info][gc,phases      ] GC(327) Post Compact 10.677ms
[125.080s][info][gc,heap        ] GC(327) PSYoungGen: 136966K(390144K)->136966K(390144K) Eden: 98816K(98816K)->98816K(98816K) From: 38150K(291328K)->38150K(291328K)
[125.080s][info][gc,heap        ] GC(327) ParOldGen: 7099832K(7099904K)->7099832K(7099904K)
[125.080s][info][gc,metaspace   ] GC(327) Metaspace: 6299K(6464K)->6299K(6464K) NonClass: 5766K(5824K)->5766K(5824K) Class: 533K(640K)->533K(640K)
[125.080s][info][gc             ] GC(327) Pause Full (Ergonomics) 7067M->7067M(7314M) 2225.137ms
[125.080s][info][gc,cpu         ] GC(327) User=16.38s Sys=0.02s Real=2.22s
[125.080s][info][gc,start       ] GC(328) Pause Full (Ergonomics)
[125.080s][info][gc,phases,start] GC(328) Marking Phase
[126.732s][info][gc,phases      ] GC(328) Marking Phase 1651.056ms
[126.732s][info][gc,phases,start] GC(328) Summary Phase
[126.732s][info][gc,phases      ] GC(328) Summary Phase 0.072ms
[126.732s][info][gc,phases,start] GC(328) Adjust Roots
[126.732s][info][gc,phases      ] GC(328) Adjust Roots 0.178ms
[126.732s][info][gc,phases,start] GC(328) Compaction Phase
[127.302s][info][gc,phases      ] GC(328) Compaction Phase 570.310ms
[127.302s][info][gc,phases,start] GC(328) Post Compact
[127.313s][info][gc,phases      ] GC(328) Post Compact 10.867ms
[127.313s][info][gc,heap        ] GC(328) PSYoungGen: 136966K(390144K)->136966K(390144K) Eden: 98816K(98816K)->98816K(98816K) From: 38150K(291328K)->38150K(291328K)
[127.313s][info][gc,heap        ] GC(328) ParOldGen: 7099837K(7099904K)->7099837K(7099904K)
[127.313s][info][gc,metaspace   ] GC(328) Metaspace: 6299K(6464K)->6299K(6464K) NonClass: 5766K(5824K)->5766K(5824K) Class: 533K(640K)->533K(640K)
[127.313s][info][gc             ] GC(328) Pause Full (Ergonomics) 7067M->7067M(7314M) 2232.811ms
[127.313s][info][gc,cpu         ] GC(328) User=16.53s Sys=0.00s Real=2.23s
[127.313s][info][gc,start       ] GC(329) Pause Full (Ergonomics)
[127.313s][info][gc,phases,start] GC(329) Marking Phase
[128.957s][info][gc,phases      ] GC(329) Marking Phase 1643.537ms
[128.957s][info][gc,phases,start] GC(329) Summary Phase
[128.957s][info][gc,phases      ] GC(329) Summary Phase 0.128ms
[128.957s][info][gc,phases,start] GC(329) Adjust Roots
[128.958s][info][gc,phases      ] GC(329) Adjust Roots 0.323ms
[128.958s][info][gc,phases,start] GC(329) Compaction Phase
[129.515s][info][gc,phases      ] GC(329) Compaction Phase 557.569ms
[129.515s][info][gc,phases,start] GC(329) Post Compact
[129.526s][info][gc,phases      ] GC(329) Post Compact 10.572ms
[129.526s][info][gc,heap        ] GC(329) PSYoungGen: 136966K(390144K)->136966K(390144K) Eden: 98816K(98816K)->98816K(98816K) From: 38150K(291328K)->38150K(291328K)
[129.526s][info][gc,heap        ] GC(329) ParOldGen: 7099842K(7099904K)->7099842K(7099904K)
[129.526s][info][gc,metaspace   ] GC(329) Metaspace: 6299K(6464K)->6299K(6464K) NonClass: 5766K(5824K)->5766K(5824K) Class: 533K(640K)->533K(640K)
[129.526s][info][gc             ] GC(329) Pause Full (Ergonomics) 7067M->7067M(7314M) 2212.517ms
[129.526s][info][gc,cpu         ] GC(329) User=16.34s Sys=0.00s Real=2.21s
[129.526s][info][gc,start       ] GC(330) Pause Full (Ergonomics)
[129.526s][info][gc,phases,start] GC(330) Marking Phase
[131.182s][info][gc,phases      ] GC(330) Marking Phase 1655.620ms
[131.182s][info][gc,phases,start] GC(330) Summary Phase
[131.182s][info][gc,phases      ] GC(330) Summary Phase 0.073ms
[131.182s][info][gc,phases,start] GC(330) Adjust Roots
[131.182s][info][gc,phases      ] GC(330) Adjust Roots 0.163ms
[131.182s][info][gc,phases,start] GC(330) Compaction Phase
[131.756s][info][gc,phases      ] GC(330) Compaction Phase 573.909ms
[131.756s][info][gc,phases,start] GC(330) Post Compact
[131.767s][info][gc,phases      ] GC(330) Post Compact 10.684ms
[131.767s][info][gc,heap        ] GC(330) PSYoungGen: 136966K(390144K)->136966K(390144K) Eden: 98816K(98816K)->98816K(98816K) From: 38150K(291328K)->38150K(291328K)
[131.767s][info][gc,heap        ] GC(330) ParOldGen: 7099847K(7099904K)->7099847K(7099904K)
[131.767s][info][gc,metaspace   ] GC(330) Metaspace: 6299K(6464K)->6299K(6464K) NonClass: 5766K(5824K)->5766K(5824K) Class: 533K(640K)->533K(640K)
[131.767s][info][gc             ] GC(330) Pause Full (Ergonomics) 7067M->7067M(7314M) 2240.785ms
[131.767s][info][gc,cpu         ] GC(330) User=16.31s Sys=0.00s Real=2.24s
[131.767s][info][gc,start       ] GC(331) Pause Full (Ergonomics)
[131.767s][info][gc,phases,start] GC(331) Marking Phase
[133.432s][info][gc,phases      ] GC(331) Marking Phase 1665.072ms
[133.432s][info][gc,phases,start] GC(331) Summary Phase
[133.432s][info][gc,phases      ] GC(331) Summary Phase 0.084ms
[133.432s][info][gc,phases,start] GC(331) Adjust Roots
[133.433s][info][gc,phases      ] GC(331) Adjust Roots 0.174ms
[133.433s][info][gc,phases,start] GC(331) Compaction Phase
[133.984s][info][gc,phases      ] GC(331) Compaction Phase 551.007ms
[133.984s][info][gc,phases,start] GC(331) Post Compact
[133.994s][info][gc,phases      ] GC(331) Post Compact 10.781ms
[133.995s][info][gc,heap        ] GC(331) PSYoungGen: 136966K(390144K)->136966K(390144K) Eden: 98816K(98816K)->98816K(98816K) From: 38150K(291328K)->38150K(291328K)
[133.995s][info][gc,heap        ] GC(331) ParOldGen: 7099851K(7099904K)->7099851K(7099904K)
[133.995s][info][gc,metaspace   ] GC(331) Metaspace: 6299K(6464K)->6299K(6464K) NonClass: 5766K(5824K)->5766K(5824K) Class: 533K(640K)->533K(640K)
[133.995s][info][gc             ] GC(331) Pause Full (Ergonomics) 7067M->7067M(7314M) 2227.462ms
[133.995s][info][gc,cpu         ] GC(331) User=16.59s Sys=0.00s Real=2.23s
[133.995s][info][gc,start       ] GC(332) Pause Full (Ergonomics)
[133.995s][info][gc,phases,start] GC(332) Marking Phase
[135.607s][info][gc,phases      ] GC(332) Marking Phase 1612.047ms
[135.607s][info][gc,phases,start] GC(332) Summary Phase
[135.607s][info][gc,phases      ] GC(332) Summary Phase 0.072ms
[135.607s][info][gc,phases,start] GC(332) Adjust Roots
[135.607s][info][gc,phases      ] GC(332) Adjust Roots 0.166ms
[135.607s][info][gc,phases,start] GC(332) Compaction Phase
[136.165s][info][gc,phases      ] GC(332) Compaction Phase 557.939ms
[136.165s][info][gc,phases,start] GC(332) Post Compact
[136.176s][info][gc,phases      ] GC(332) Post Compact 10.658ms
[136.176s][info][gc,heap        ] GC(332) PSYoungGen: 136966K(390144K)->136966K(390144K) Eden: 98816K(98816K)->98816K(98816K) From: 38150K(291328K)->38150K(291328K)
[136.176s][info][gc,heap        ] GC(332) ParOldGen: 7099856K(7099904K)->7099856K(7099904K)
[136.176s][info][gc,metaspace   ] GC(332) Metaspace: 6299K(6464K)->6299K(6464K) NonClass: 5766K(5824K)->5766K(5824K) Class: 533K(640K)->533K(640K)
[136.176s][info][gc             ] GC(332) Pause Full (Ergonomics) 7067M->7067M(7314M) 2181.205ms
[136.176s][info][gc,cpu         ] GC(332) User=16.14s Sys=0.02s Real=2.18s
[136.176s][info][gc,start       ] GC(333) Pause Full (Ergonomics)
[136.176s][info][gc,phases,start] GC(333) Marking Phase
[137.821s][info][gc,phases      ] GC(333) Marking Phase 1645.144ms
[137.821s][info][gc,phases,start] GC(333) Summary Phase
[137.822s][info][gc,phases      ] GC(333) Summary Phase 0.071ms
[137.822s][info][gc,phases,start] GC(333) Adjust Roots
[137.822s][info][gc,phases      ] GC(333) Adjust Roots 0.164ms
[137.822s][info][gc,phases,start] GC(333) Compaction Phase
[138.388s][info][gc,phases      ] GC(333) Compaction Phase 566.579ms
[138.388s][info][gc,phases,start] GC(333) Post Compact
[138.399s][info][gc,phases      ] GC(333) Post Compact 10.715ms
[138.399s][info][gc,heap        ] GC(333) PSYoungGen: 136966K(390144K)->136966K(390144K) Eden: 98816K(98816K)->98816K(98816K) From: 38150K(291328K)->38150K(291328K)
[138.399s][info][gc,heap        ] GC(333) ParOldGen: 7099861K(7099904K)->7099861K(7099904K)
[138.399s][info][gc,metaspace   ] GC(333) Metaspace: 6299K(6464K)->6299K(6464K) NonClass: 5766K(5824K)->5766K(5824K) Class: 533K(640K)->533K(640K)
[138.399s][info][gc             ] GC(333) Pause Full (Ergonomics) 7067M->7067M(7314M) 2223.023ms
[138.399s][info][gc,cpu         ] GC(333) User=16.47s Sys=0.00s Real=2.22s
[138.399s][info][gc,start       ] GC(334) Pause Full (Ergonomics)
[138.399s][info][gc,phases,start] GC(334) Marking Phase
[140.054s][info][gc,phases      ] GC(334) Marking Phase 1655.043ms
[140.055s][info][gc,phases,start] GC(334) Summary Phase
[140.055s][info][gc,phases      ] GC(334) Summary Phase 0.087ms
[140.055s][info][gc,phases,start] GC(334) Adjust Roots
[140.055s][info][gc,phases      ] GC(334) Adjust Roots 0.208ms
[140.055s][info][gc,phases,start] GC(334) Compaction Phase
[140.598s][info][gc,phases      ] GC(334) Compaction Phase 542.598ms
[140.598s][info][gc,phases,start] GC(334) Post Compact
[140.608s][info][gc,phases      ] GC(334) Post Compact 10.674ms
[140.608s][info][gc,heap        ] GC(334) PSYoungGen: 136966K(390144K)->136966K(390144K) Eden: 98816K(98816K)->98816K(98816K) From: 38150K(291328K)->38150K(291328K)
[140.608s][info][gc,heap        ] GC(334) ParOldGen: 7099866K(7099904K)->7099866K(7099904K)
[140.608s][info][gc,metaspace   ] GC(334) Metaspace: 6299K(6464K)->6299K(6464K) NonClass: 5766K(5824K)->5766K(5824K) Class: 533K(640K)->533K(640K)
[140.608s][info][gc             ] GC(334) Pause Full (Ergonomics) 7067M->7067M(7314M) 2208.963ms
[140.608s][info][gc,cpu         ] GC(334) User=16.75s Sys=0.00s Real=2.21s
[140.609s][info][gc,start       ] GC(335) Pause Full (Ergonomics)
[140.609s][info][gc,phases,start] GC(335) Marking Phase
[142.239s][info][gc,phases      ] GC(335) Marking Phase 1630.734ms
[142.239s][info][gc,phases,start] GC(335) Summary Phase
[142.239s][info][gc,phases      ] GC(335) Summary Phase 0.072ms
[142.240s][info][gc,phases,start] GC(335) Adjust Roots
[142.240s][info][gc,phases      ] GC(335) Adjust Roots 0.168ms
[142.240s][info][gc,phases,start] GC(335) Compaction Phase
[142.810s][info][gc,phases      ] GC(335) Compaction Phase 570.141ms
[142.810s][info][gc,phases,start] GC(335) Post Compact
[142.821s][info][gc,phases      ] GC(335) Post Compact 10.702ms
[142.821s][info][gc,heap        ] GC(335) PSYoungGen: 136966K(390144K)->136966K(390144K) Eden: 98816K(98816K)->98816K(98816K) From: 38150K(291328K)->38150K(291328K)
[142.821s][info][gc,heap        ] GC(335) ParOldGen: 7099871K(7099904K)->7099871K(7099904K)
[142.821s][info][gc,metaspace   ] GC(335) Metaspace: 6299K(6464K)->6299K(6464K) NonClass: 5766K(5824K)->5766K(5824K) Class: 533K(640K)->533K(640K)
[142.821s][info][gc             ] GC(335) Pause Full (Ergonomics) 7067M->7067M(7314M) 2212.149ms
[142.821s][info][gc,cpu         ] GC(335) User=16.27s Sys=0.00s Real=2.21s
[142.821s][info][gc,start       ] GC(336) Pause Full (Ergonomics)
[142.821s][info][gc,phases,start] GC(336) Marking Phase
[144.472s][info][gc,phases      ] GC(336) Marking Phase 1651.462ms
[144.473s][info][gc,phases,start] GC(336) Summary Phase
[144.473s][info][gc,phases      ] GC(336) Summary Phase 0.076ms
[144.473s][info][gc,phases,start] GC(336) Adjust Roots
[144.473s][info][gc,phases      ] GC(336) Adjust Roots 0.232ms
[144.473s][info][gc,phases,start] GC(336) Compaction Phase
[145.024s][info][gc,phases      ] GC(336) Compaction Phase 551.538ms
[145.025s][info][gc,phases,start] GC(336) Post Compact
[145.035s][info][gc,phases      ] GC(336) Post Compact 10.814ms
[145.035s][info][gc,heap        ] GC(336) PSYoungGen: 136966K(390144K)->136966K(390144K) Eden: 98816K(98816K)->98816K(98816K) From: 38150K(291328K)->38150K(291328K)
[145.035s][info][gc,heap        ] GC(336) ParOldGen: 7099876K(7099904K)->7099876K(7099904K)
[145.035s][info][gc,metaspace   ] GC(336) Metaspace: 6299K(6464K)->6299K(6464K) NonClass: 5766K(5824K)->5766K(5824K) Class: 533K(640K)->533K(640K)
[145.035s][info][gc             ] GC(336) Pause Full (Ergonomics) 7067M->7067M(7314M) 2214.488ms
[145.035s][info][gc,cpu         ] GC(336) User=16.59s Sys=0.00s Real=2.21s
[145.036s][info][gc,start       ] GC(337) Pause Full (Ergonomics)
[145.036s][info][gc,phases,start] GC(337) Marking Phase
[146.690s][info][gc,phases      ] GC(337) Marking Phase 1653.964ms
[146.690s][info][gc,phases,start] GC(337) Summary Phase
[146.690s][info][gc,phases      ] GC(337) Summary Phase 0.131ms
[146.690s][info][gc,phases,start] GC(337) Adjust Roots
[146.690s][info][gc,phases      ] GC(337) Adjust Roots 0.201ms
[146.690s][info][gc,phases,start] GC(337) Compaction Phase
[147.238s][info][gc,phases      ] GC(337) Compaction Phase 548.374ms
[147.239s][info][gc,phases,start] GC(337) Post Compact
[147.249s][info][gc,phases      ] GC(337) Post Compact 10.594ms
[147.249s][info][gc,heap        ] GC(337) PSYoungGen: 136966K(390144K)->136966K(390144K) Eden: 98816K(98816K)->98816K(98816K) From: 38150K(291328K)->38150K(291328K)
[147.249s][info][gc,heap        ] GC(337) ParOldGen: 7099880K(7099904K)->7099880K(7099904K)
[147.249s][info][gc,metaspace   ] GC(337) Metaspace: 6299K(6464K)->6299K(6464K) NonClass: 5766K(5824K)->5766K(5824K) Class: 533K(640K)->533K(640K)
[147.249s][info][gc             ] GC(337) Pause Full (Ergonomics) 7067M->7067M(7314M) 2213.571ms
[147.249s][info][gc,cpu         ] GC(337) User=16.61s Sys=0.00s Real=2.21s
[147.249s][info][gc,start       ] GC(338) Pause Full (Ergonomics)
[147.249s][info][gc,phases,start] GC(338) Marking Phase
[148.892s][info][gc,phases      ] GC(338) Marking Phase 1642.901ms
[148.892s][info][gc,phases,start] GC(338) Summary Phase
[148.893s][info][gc,phases      ] GC(338) Summary Phase 0.077ms
[148.893s][info][gc,phases,start] GC(338) Adjust Roots
[148.893s][info][gc,phases      ] GC(338) Adjust Roots 0.172ms
[148.893s][info][gc,phases,start] GC(338) Compaction Phase
[149.448s][info][gc,phases      ] GC(338) Compaction Phase 555.344ms
[149.448s][info][gc,phases,start] GC(338) Post Compact
[149.459s][info][gc,phases      ] GC(338) Post Compact 10.788ms
[149.459s][info][gc,heap        ] GC(338) PSYoungGen: 136966K(390144K)->136966K(390144K) Eden: 98816K(98816K)->98816K(98816K) From: 38150K(291328K)->38150K(291328K)
[149.459s][info][gc,heap        ] GC(338) ParOldGen: 7099885K(7099904K)->7099885K(7099904K)
[149.459s][info][gc,metaspace   ] GC(338) Metaspace: 6299K(6464K)->6299K(6464K) NonClass: 5766K(5824K)->5766K(5824K) Class: 533K(640K)->533K(640K)
[149.459s][info][gc             ] GC(338) Pause Full (Ergonomics) 7067M->7067M(7314M) 2209.625ms
[149.459s][info][gc,cpu         ] GC(338) User=16.34s Sys=0.00s Real=2.21s
[149.459s][info][gc,start       ] GC(339) Pause Full (Ergonomics)
[149.459s][info][gc,phases,start] GC(339) Marking Phase
[151.100s][info][gc,phases      ] GC(339) Marking Phase 1640.634ms
[151.100s][info][gc,phases,start] GC(339) Summary Phase
[151.100s][info][gc,phases      ] GC(339) Summary Phase 0.070ms
[151.100s][info][gc,phases,start] GC(339) Adjust Roots
[151.100s][info][gc,phases      ] GC(339) Adjust Roots 0.164ms
[151.100s][info][gc,phases,start] GC(339) Compaction Phase
[151.667s][info][gc,phases      ] GC(339) Compaction Phase 567.000ms
[151.667s][info][gc,phases,start] GC(339) Post Compact
[151.678s][info][gc,phases      ] GC(339) Post Compact 10.598ms
[151.678s][info][gc,heap        ] GC(339) PSYoungGen: 136966K(390144K)->136966K(390144K) Eden: 98816K(98816K)->98816K(98816K) From: 38150K(291328K)->38150K(291328K)
[151.678s][info][gc,heap        ] GC(339) ParOldGen: 7099890K(7099904K)->7099890K(7099904K)
[151.678s][info][gc,metaspace   ] GC(339) Metaspace: 6299K(6464K)->6299K(6464K) NonClass: 5766K(5824K)->5766K(5824K) Class: 533K(640K)->533K(640K)
[151.678s][info][gc             ] GC(339) Pause Full (Ergonomics) 7067M->7067M(7314M) 2218.779ms
[151.678s][info][gc,cpu         ] GC(339) User=16.42s Sys=0.00s Real=2.22s
[151.678s][info][gc,start       ] GC(340) Pause Full (Ergonomics)
[151.678s][info][gc,phases,start] GC(340) Marking Phase
[153.320s][info][gc,phases      ] GC(340) Marking Phase 1641.378ms
[153.320s][info][gc,phases,start] GC(340) Summary Phase
[153.320s][info][gc,phases      ] GC(340) Summary Phase 0.072ms
[153.320s][info][gc,phases,start] GC(340) Adjust Roots
[153.320s][info][gc,phases      ] GC(340) Adjust Roots 0.203ms
[153.320s][info][gc,phases,start] GC(340) Compaction Phase
[153.891s][info][gc,phases      ] GC(340) Compaction Phase 570.506ms
[153.891s][info][gc,phases,start] GC(340) Post Compact
[153.901s][info][gc,phases      ] GC(340) Post Compact 10.619ms
[153.901s][info][gc,heap        ] GC(340) PSYoungGen: 136966K(390144K)->136966K(390144K) Eden: 98816K(98816K)->98816K(98816K) From: 38150K(291328K)->38150K(291328K)
[153.901s][info][gc,heap        ] GC(340) ParOldGen: 7099895K(7099904K)->7099895K(7099904K)
[153.901s][info][gc,metaspace   ] GC(340) Metaspace: 6299K(6464K)->6299K(6464K) NonClass: 5766K(5824K)->5766K(5824K) Class: 533K(640K)->533K(640K)
[153.901s][info][gc             ] GC(340) Pause Full (Ergonomics) 7067M->7067M(7314M) 2223.130ms
[153.901s][info][gc,cpu         ] GC(340) User=16.42s Sys=0.00s Real=2.22s
[153.902s][info][gc,start       ] GC(341) Pause Full (Ergonomics)
[153.902s][info][gc,phases,start] GC(341) Marking Phase
[155.536s][info][gc,phases      ] GC(341) Marking Phase 1634.768ms
[155.536s][info][gc,phases,start] GC(341) Summary Phase
[155.537s][info][gc,phases      ] GC(341) Summary Phase 0.077ms
[155.537s][info][gc,phases,start] GC(341) Adjust Roots
[155.537s][info][gc,phases      ] GC(341) Adjust Roots 0.163ms
[155.537s][info][gc,phases,start] GC(341) Compaction Phase
[156.093s][info][gc,phases      ] GC(341) Compaction Phase 556.724ms
[156.094s][info][gc,phases,start] GC(341) Post Compact
[156.104s][info][gc,phases      ] GC(341) Post Compact 10.740ms
[156.104s][info][gc,heap        ] GC(341) PSYoungGen: 136966K(390144K)->136966K(390144K) Eden: 98816K(98816K)->98816K(98816K) From: 38150K(291328K)->38150K(291328K)
[156.104s][info][gc,heap        ] GC(341) ParOldGen: 7099900K(7099904K)->7099900K(7099904K)
[156.104s][info][gc,metaspace   ] GC(341) Metaspace: 6299K(6464K)->6299K(6464K) NonClass: 5766K(5824K)->5766K(5824K) Class: 533K(640K)->533K(640K)
[156.104s][info][gc             ] GC(341) Pause Full (Ergonomics) 7067M->7067M(7314M) 2202.796ms
[156.104s][info][gc,cpu         ] GC(341) User=16.14s Sys=0.00s Real=2.20s
[156.105s][info][gc,start       ] GC(342) Pause Full (Ergonomics)
[156.105s][info][gc,phases,start] GC(342) Marking Phase
[157.740s][info][gc,phases      ] GC(342) Marking Phase 1635.219ms
[157.740s][info][gc,phases,start] GC(342) Summary Phase
[157.740s][info][gc,phases      ] GC(342) Summary Phase 0.071ms
[157.740s][info][gc,phases,start] GC(342) Adjust Roots
[157.740s][info][gc,phases      ] GC(342) Adjust Roots 0.186ms
[157.740s][info][gc,phases,start] GC(342) Compaction Phase
[158.302s][info][gc,phases      ] GC(342) Compaction Phase 561.583ms
[158.302s][info][gc,phases,start] GC(342) Post Compact
[158.313s][info][gc,phases      ] GC(342) Post Compact 10.851ms
[158.313s][info][gc,heap        ] GC(342) PSYoungGen: 136966K(390144K)->136966K(390144K) Eden: 98816K(98816K)->98816K(98816K) From: 38150K(291328K)->38150K(291328K)
[158.313s][info][gc,heap        ] GC(342) ParOldGen: 7099903K(7099904K)->7099903K(7099904K)
[158.313s][info][gc,metaspace   ] GC(342) Metaspace: 6299K(6464K)->6299K(6464K) NonClass: 5766K(5824K)->5766K(5824K) Class: 533K(640K)->533K(640K)
[158.313s][info][gc             ] GC(342) Pause Full (Ergonomics) 7067M->7067M(7314M) 2208.248ms
[158.313s][info][gc,cpu         ] GC(342) User=16.45s Sys=0.00s Real=2.21s
[158.313s][info][gc,start       ] GC(343) Pause Full (Allocation Failure)
[158.313s][info][gc,phases,start] GC(343) Marking Phase
[159.943s][info][gc,phases      ] GC(343) Marking Phase 1630.237ms
[159.943s][info][gc,phases,start] GC(343) Summary Phase
[159.943s][info][gc,phases      ] GC(343) Summary Phase 0.072ms
[159.943s][info][gc,phases,start] GC(343) Adjust Roots
[159.944s][info][gc,phases      ] GC(343) Adjust Roots 0.415ms
[159.944s][info][gc,phases,start] GC(343) Compaction Phase
[161.781s][info][gc,phases      ] GC(343) Compaction Phase 1837.553ms
[161.781s][info][gc,phases,start] GC(343) Post Compact
[161.792s][info][gc,phases      ] GC(343) Post Compact 10.888ms
[161.792s][info][gc,heap        ] GC(343) PSYoungGen: 136966K(390144K)->136966K(390144K) Eden: 98816K(98816K)->98816K(98816K) From: 38150K(291328K)->38150K(291328K)
[161.792s][info][gc,heap        ] GC(343) ParOldGen: 7099903K(7099904K)->7099899K(7099904K)
[161.792s][info][gc,metaspace   ] GC(343) Metaspace: 6299K(6464K)->6297K(6464K) NonClass: 5766K(5824K)->5765K(5824K) Class: 533K(640K)->532K(640K)
[161.792s][info][gc             ] GC(343) Pause Full (Allocation Failure) 7067M->7067M(7314M) 3479.500ms
[161.792s][info][gc,cpu         ] GC(343) User=26.11s Sys=0.05s Real=3.48s
[161.793s][info][gc,start       ] GC(344) Pause Full (Ergonomics)
[161.793s][info][gc,phases,start] GC(344) Marking Phase
[163.429s][info][gc,phases      ] GC(344) Marking Phase 1636.463ms
[163.429s][info][gc,phases,start] GC(344) Summary Phase
[163.430s][info][gc,phases      ] GC(344) Summary Phase 0.075ms
[163.430s][info][gc,phases,start] GC(344) Adjust Roots
[163.430s][info][gc,phases      ] GC(344) Adjust Roots 0.295ms
[163.430s][info][gc,phases,start] GC(344) Compaction Phase
[164.007s][info][gc,phases      ] GC(344) Compaction Phase 576.929ms
[164.007s][info][gc,phases,start] GC(344) Post Compact
[164.018s][info][gc,phases      ] GC(344) Post Compact 10.862ms
[164.018s][info][gc,heap        ] GC(344) PSYoungGen: 136966K(390144K)->136966K(390144K) Eden: 98816K(98816K)->98816K(98816K) From: 38150K(291328K)->38150K(291328K)
[164.018s][info][gc,heap        ] GC(344) ParOldGen: 7099900K(7099904K)->7099900K(7099904K)
[164.018s][info][gc,metaspace   ] GC(344) Metaspace: 6297K(6464K)->6297K(6464K) NonClass: 5765K(5824K)->5765K(5824K) Class: 532K(640K)->532K(640K)
[164.018s][info][gc             ] GC(344) Pause Full (Ergonomics) 7067M->7067M(7314M) 2225.008ms
[164.018s][info][gc,cpu         ] GC(344) User=16.44s Sys=0.00s Real=2.23s
[164.018s][info][gc,start       ] GC(345) Pause Full (Ergonomics)
[164.018s][info][gc,phases,start] GC(345) Marking Phase
[165.658s][info][gc,phases      ] GC(345) Marking Phase 1639.396ms
[165.658s][info][gc,phases,start] GC(345) Summary Phase
[165.658s][info][gc,phases      ] GC(345) Summary Phase 0.073ms
[165.658s][info][gc,phases,start] GC(345) Adjust Roots
[165.658s][info][gc,phases      ] GC(345) Adjust Roots 0.244ms
[165.658s][info][gc,phases,start] GC(345) Compaction Phase
[166.215s][info][gc,phases      ] GC(345) Compaction Phase 556.893ms
[166.215s][info][gc,phases,start] GC(345) Post Compact
[166.226s][info][gc,phases      ] GC(345) Post Compact 10.790ms
[166.226s][info][gc,heap        ] GC(345) PSYoungGen: 136966K(390144K)->136966K(390144K) Eden: 98816K(98816K)->98816K(98816K) From: 38150K(291328K)->38150K(291328K)
[166.226s][info][gc,heap        ] GC(345) ParOldGen: 7099903K(7099904K)->7099903K(7099904K)
[166.226s][info][gc,metaspace   ] GC(345) Metaspace: 6297K(6464K)->6297K(6464K) NonClass: 5765K(5824K)->5765K(5824K) Class: 532K(640K)->532K(640K)
[166.226s][info][gc             ] GC(345) Pause Full (Ergonomics) 7067M->7067M(7314M) 2207.743ms
[166.226s][info][gc,cpu         ] GC(345) User=16.48s Sys=0.00s Real=2.21s
[166.226s][info][gc,start       ] GC(346) Pause Full (Allocation Failure)
[166.226s][info][gc,phases,start] GC(346) Marking Phase
[167.883s][info][gc,phases      ] GC(346) Marking Phase 1657.159ms
[167.883s][info][gc,phases,start] GC(346) Summary Phase
[167.883s][info][gc,phases      ] GC(346) Summary Phase 0.083ms
[167.883s][info][gc,phases,start] GC(346) Adjust Roots
[167.884s][info][gc,phases      ] GC(346) Adjust Roots 0.184ms
[167.884s][info][gc,phases,start] GC(346) Compaction Phase
[168.443s][info][gc,phases      ] GC(346) Compaction Phase 559.097ms
[168.443s][info][gc,phases,start] GC(346) Post Compact
[168.453s][info][gc,phases      ] GC(346) Post Compact 10.471ms
[168.453s][info][gc,heap        ] GC(346) PSYoungGen: 136966K(390144K)->136966K(390144K) Eden: 98816K(98816K)->98816K(98816K) From: 38150K(291328K)->38150K(291328K)
[168.453s][info][gc,heap        ] GC(346) ParOldGen: 7099903K(7099904K)->7099903K(7099904K)
[168.453s][info][gc,metaspace   ] GC(346) Metaspace: 6297K(6464K)->6297K(6464K) NonClass: 5765K(5824K)->5765K(5824K) Class: 532K(640K)->532K(640K)
[168.453s][info][gc             ] GC(346) Pause Full (Allocation Failure) 7067M->7067M(7314M) 2227.308ms
[168.453s][info][gc,cpu         ] GC(346) User=16.55s Sys=0.05s Real=2.23s
[168.454s][info][gc,start       ] GC(347) Pause Full (Ergonomics)
[168.454s][info][gc,phases,start] GC(347) Marking Phase
[170.110s][info][gc,phases      ] GC(347) Marking Phase 1655.885ms
[170.110s][info][gc,phases,start] GC(347) Summary Phase
[170.110s][info][gc,phases      ] GC(347) Summary Phase 0.072ms
[170.110s][info][gc,phases,start] GC(347) Adjust Roots
[170.110s][info][gc,phases      ] GC(347) Adjust Roots 0.241ms
[170.110s][info][gc,phases,start] GC(347) Compaction Phase
[171.951s][info][gc,phases      ] GC(347) Compaction Phase 1840.957ms
[171.951s][info][gc,phases,start] GC(347) Post Compact
[171.962s][info][gc,phases      ] GC(347) Post Compact 10.678ms
[171.962s][info][gc,heap        ] GC(347) PSYoungGen: 136966K(390144K)->136966K(390144K) Eden: 98816K(98816K)->98816K(98816K) From: 38150K(291328K)->38150K(291328K)
[171.962s][info][gc,heap        ] GC(347) ParOldGen: 7099903K(7099904K)->7099902K(7099904K)
[171.962s][info][gc,metaspace   ] GC(347) Metaspace: 6297K(6464K)->6297K(6464K) NonClass: 5765K(5824K)->5765K(5824K) Class: 532K(640K)->532K(640K)
[171.962s][info][gc             ] GC(347) Pause Full (Ergonomics) 7067M->7067M(7314M) 3508.184ms
[171.962s][info][gc,cpu         ] GC(347) User=26.09s Sys=0.00s Real=3.51s
[171.962s][info][gc,start       ] GC(348) Pause Full (Ergonomics)
[171.962s][info][gc,phases,start] GC(348) Marking Phase
[173.605s][info][gc,phases      ] GC(348) Marking Phase 1642.346ms
[173.605s][info][gc,phases,start] GC(348) Summary Phase
[173.605s][info][gc,phases      ] GC(348) Summary Phase 0.074ms
[173.605s][info][gc,phases,start] GC(348) Adjust Roots
[173.605s][info][gc,phases      ] GC(348) Adjust Roots 0.201ms
[173.605s][info][gc,phases,start] GC(348) Compaction Phase
[174.168s][info][gc,phases      ] GC(348) Compaction Phase 562.380ms
[174.168s][info][gc,phases,start] GC(348) Post Compact
[174.178s][info][gc,phases      ] GC(348) Post Compact 10.755ms
[174.179s][info][gc,heap        ] GC(348) PSYoungGen: 136966K(390144K)->136966K(390144K) Eden: 98816K(98816K)->98816K(98816K) From: 38150K(291328K)->38150K(291328K)
[174.179s][info][gc,heap        ] GC(348) ParOldGen: 7099903K(7099904K)->7099902K(7099904K)
[174.179s][info][gc,metaspace   ] GC(348) Metaspace: 6297K(6464K)->6297K(6464K) NonClass: 5765K(5824K)->5765K(5824K) Class: 532K(640K)->532K(640K)
[174.179s][info][gc             ] GC(348) Pause Full (Ergonomics) 7067M->7067M(7314M) 2216.108ms
[174.179s][info][gc,cpu         ] GC(348) User=16.39s Sys=0.00s Real=2.22s
[174.180s][info][gc,start       ] GC(349) Pause Full (Ergonomics)
[174.180s][info][gc,phases,start] GC(349) Marking Phase
[175.826s][info][gc,phases      ] GC(349) Marking Phase 1646.413ms
[175.826s][info][gc,phases,start] GC(349) Summary Phase
[175.826s][info][gc,phases      ] GC(349) Summary Phase 0.076ms
[175.826s][info][gc,phases,start] GC(349) Adjust Roots
[175.827s][info][gc,phases      ] GC(349) Adjust Roots 0.389ms
[175.827s][info][gc,phases,start] GC(349) Compaction Phase
[177.652s][info][gc,phases      ] GC(349) Compaction Phase 1825.230ms
[177.652s][info][gc,phases,start] GC(349) Post Compact
[177.663s][info][gc,phases      ] GC(349) Post Compact 10.620ms
[177.663s][info][gc,heap        ] GC(349) PSYoungGen: 136966K(390144K)->136966K(390144K) Eden: 98816K(98816K)->98816K(98816K) From: 38150K(291328K)->38150K(291328K)
[177.663s][info][gc,heap        ] GC(349) ParOldGen: 7099903K(7099904K)->7099901K(7099904K)
[177.663s][info][gc,metaspace   ] GC(349) Metaspace: 6301K(6464K)->6301K(6464K) NonClass: 5767K(5824K)->5767K(5824K) Class: 534K(640K)->534K(640K)
[177.663s][info][gc             ] GC(349) Pause Full (Ergonomics) 7067M->7067M(7314M) 3483.099ms
[177.663s][info][gc,cpu         ] GC(349) User=25.92s Sys=0.00s Real=3.48s
[177.663s][info][gc,heap,exit   ] Heap
[177.663s][info][gc,heap,exit   ]  PSYoungGen      total 390144K, used 136966K [0x0000000727580000, 0x0000000751d00000, 0x0000000800000000)
[177.663s][info][gc,heap,exit   ]   eden space 98816K, 100% used [0x0000000727580000,0x000000072d600000,0x000000072d600000)
[177.663s][info][gc,heap,exit   ]   from space 291328K, 13% used [0x000000072d600000,0x000000072fb41a68,0x000000073f280000)
[177.663s][info][gc,heap,exit   ]   to   space 292864K, 0% used [0x000000073ff00000,0x000000073ff00000,0x0000000751d00000)
[177.663s][info][gc,heap,exit   ]  ParOldGen       total 7099904K, used 7099901K [0x0000000576000000, 0x0000000727580000, 0x0000000727580000)
[177.663s][info][gc,heap,exit   ]   object space 7099904K, 99% used [0x0000000576000000,0x000000072757f7b8,0x0000000727580000)
[177.663s][info][gc,heap,exit   ]  Metaspace       used 6302K, committed 6464K, reserved 1114112K
[177.663s][info][gc,heap,exit   ]   class space    used 534K, committed 640K, reserved 1048576K
