[0.012s][info][gc,init] CardTable entry size: 512
[0.012s][info][gc     ] Using Parallel
[0.013s][info][gc,init] Version: 18.0.1+10 (release)
[0.013s][info][gc,init] CPUs: 8 total, 8 available
[0.013s][info][gc,init] Memory: 16063M
[0.013s][info][gc,init] Large Page Support: Disabled
[0.013s][info][gc,init] NUMA Support: Disabled
[0.013s][info][gc,init] Compressed Oops: Enabled (Zero based)
[0.013s][info][gc,init] Alignments: Space 512K, Generation 512K, Heap 2M
[0.013s][info][gc,init] Heap Min Capacity: 2M
[0.013s][info][gc,init] Heap Initial Capacity: 2M
[0.013s][info][gc,init] Heap Max Capacity: 5700M
[0.013s][info][gc,init] Pre-touch: Disabled
[0.013s][info][gc,init] Parallel Workers: 8
[0.014s][info][gc,metaspace] CDS archive(s) not mapped
[0.014s][info][gc,metaspace] Compressed class space mapped at: 0x0000000800000000-0x0000000840000000, reserved size: 1073741824
[0.014s][info][gc,metaspace] Narrow klass base: 0x0000000800000000, Narrow klass shift: 0, Narrow klass range: 0x40000000
[0.110s][info][gc,start    ] GC(0) Pause Young (Allocation Failure)
[0.111s][info][gc,heap     ] GC(0) PSYoungGen: 512K(1024K)->480K(1024K) Eden: 512K(512K)->0K(512K) From: 0K(512K)->480K(512K)
[0.111s][info][gc,heap     ] GC(0) ParOldGen: 0K(512K)->8K(512K)
[0.111s][info][gc,metaspace] GC(0) Metaspace: 4229K(4352K)->4229K(4352K) NonClass: 3908K(3968K)->3908K(3968K) Class: 321K(384K)->321K(384K)
[0.111s][info][gc          ] GC(0) Pause Young (Allocation Failure) 0M->0M(1M) 1.548ms
[0.111s][info][gc,cpu      ] GC(0) User=0.00s Sys=0.00s Real=0.00s
[0.182s][info][gc,start    ] GC(1) Pause Young (Allocation Failure)
[0.183s][info][gc,heap     ] GC(1) PSYoungGen: 991K(1024K)->512K(1536K) Eden: 511K(512K)->0K(1024K) From: 480K(512K)->512K(512K)
[0.183s][info][gc,heap     ] GC(1) ParOldGen: 8K(512K)->88K(512K)
[0.183s][info][gc,metaspace] GC(1) Metaspace: 5875K(5952K)->5875K(5952K) NonClass: 5379K(5440K)->5379K(5440K) Class: 496K(512K)->496K(512K)
[0.183s][info][gc          ] GC(1) Pause Young (Allocation Failure) 0M->0M(2M) 1.037ms
[0.183s][info][gc,cpu      ] GC(1) User=0.00s Sys=0.00s Real=0.00s
[0.203s][info][gc,start    ] GC(2) Pause Young (Allocation Failure)
[0.205s][info][gc,heap     ] GC(2) PSYoungGen: 1536K(1536K)->512K(1536K) Eden: 1024K(1024K)->0K(1024K) From: 512K(512K)->512K(512K)
[0.205s][info][gc,heap     ] GC(2) ParOldGen: 88K(512K)->496K(512K)
[0.205s][info][gc,metaspace] GC(2) Metaspace: 6295K(6464K)->6295K(6464K) NonClass: 5762K(5824K)->5762K(5824K) Class: 533K(640K)->533K(640K)
[0.205s][info][gc          ] GC(2) Pause Young (Allocation Failure) 1M->0M(2M) 1.334ms
[0.205s][info][gc,cpu      ] GC(2) User=0.00s Sys=0.00s Real=0.00s
[0.205s][info][gc,start    ] GC(3) Pause Full (Ergonomics)
[0.205s][info][gc,phases,start] GC(3) Marking Phase
[0.206s][info][gc,phases      ] GC(3) Marking Phase 0.990ms
[0.206s][info][gc,phases,start] GC(3) Summary Phase
[0.206s][info][gc,phases      ] GC(3) Summary Phase 0.018ms
[0.206s][info][gc,phases,start] GC(3) Adjust Roots
[0.206s][info][gc,phases      ] GC(3) Adjust Roots 0.385ms
[0.206s][info][gc,phases,start] GC(3) Compaction Phase
[0.208s][info][gc,phases      ] GC(3) Compaction Phase 1.449ms
[0.208s][info][gc,phases,start] GC(3) Post Compact
[0.208s][info][gc,phases      ] GC(3) Post Compact 0.067ms
[0.208s][info][gc,heap        ] GC(3) PSYoungGen: 512K(1536K)->511K(1536K) Eden: 0K(1024K)->0K(1024K) From: 512K(512K)->511K(512K)
[0.208s][info][gc,heap        ] GC(3) ParOldGen: 496K(512K)->469K(2048K)
[0.208s][info][gc,metaspace   ] GC(3) Metaspace: 6295K(6464K)->6295K(6464K) NonClass: 5762K(5824K)->5762K(5824K) Class: 533K(640K)->533K(640K)
[0.208s][info][gc             ] GC(3) Pause Full (Ergonomics) 0M->0M(3M) 3.169ms
[0.208s][info][gc,cpu         ] GC(3) User=0.00s Sys=0.00s Real=0.00s
[0.210s][info][gc,start       ] GC(4) Pause Young (Allocation Failure)
[0.211s][info][gc,heap        ] GC(4) PSYoungGen: 1535K(1536K)->480K(2560K) Eden: 1024K(1024K)->0K(2048K) From: 511K(512K)->480K(512K)
[0.211s][info][gc,heap        ] GC(4) ParOldGen: 469K(2048K)->1034K(2048K)
[0.211s][info][gc,metaspace   ] GC(4) Metaspace: 6295K(6464K)->6295K(6464K) NonClass: 5762K(5824K)->5762K(5824K) Class: 533K(640K)->533K(640K)
[0.211s][info][gc             ] GC(4) Pause Young (Allocation Failure) 1M->1M(4M) 1.669ms
[0.211s][info][gc,cpu         ] GC(4) User=0.00s Sys=0.00s Real=0.00s
[0.214s][info][gc,start       ] GC(5) Pause Young (Allocation Failure)
[0.216s][info][gc,heap        ] GC(5) PSYoungGen: 2528K(2560K)->480K(2560K) Eden: 2048K(2048K)->0K(2048K) From: 480K(512K)->480K(512K)
[0.216s][info][gc,heap        ] GC(5) ParOldGen: 1034K(2048K)->2106K(2560K)
[0.216s][info][gc,metaspace   ] GC(5) Metaspace: 6295K(6464K)->6295K(6464K) NonClass: 5762K(5824K)->5762K(5824K) Class: 533K(640K)->533K(640K)
[0.216s][info][gc             ] GC(5) Pause Young (Allocation Failure) 3M->2M(5M) 1.784ms
[0.216s][info][gc,cpu         ] GC(5) User=0.00s Sys=0.00s Real=0.00s
[0.216s][info][gc,start       ] GC(6) Pause Full (Ergonomics)
[0.216s][info][gc,phases,start] GC(6) Marking Phase
[0.218s][info][gc,phases      ] GC(6) Marking Phase 1.885ms
[0.218s][info][gc,phases,start] GC(6) Summary Phase
[0.218s][info][gc,phases      ] GC(6) Summary Phase 0.017ms
[0.218s][info][gc,phases,start] GC(6) Adjust Roots
[0.219s][info][gc,phases      ] GC(6) Adjust Roots 0.321ms
[0.219s][info][gc,phases,start] GC(6) Compaction Phase
[0.221s][info][gc,phases      ] GC(6) Compaction Phase 2.017ms
[0.221s][info][gc,phases,start] GC(6) Post Compact
[0.221s][info][gc,phases      ] GC(6) Post Compact 0.038ms
[0.221s][info][gc,heap        ] GC(6) PSYoungGen: 480K(2560K)->0K(4096K) Eden: 0K(2048K)->0K(3072K) From: 480K(512K)->0K(1024K)
[0.221s][info][gc,heap        ] GC(6) ParOldGen: 2106K(2560K)->2542K(6144K)
[0.221s][info][gc,metaspace   ] GC(6) Metaspace: 6295K(6464K)->6295K(6464K) NonClass: 5762K(5824K)->5762K(5824K) Class: 533K(640K)->533K(640K)
[0.221s][info][gc             ] GC(6) Pause Full (Ergonomics) 2M->2M(10M) 4.684ms
[0.221s][info][gc,cpu         ] GC(6) User=0.00s Sys=0.00s Real=0.00s
[0.225s][info][gc,start       ] GC(7) Pause Young (Allocation Failure)
[0.227s][info][gc,heap        ] GC(7) PSYoungGen: 3072K(4096K)->1664K(5120K) Eden: 3072K(3072K)->0K(3072K) From: 0K(1024K)->1664K(2048K)
[0.227s][info][gc,heap        ] GC(7) ParOldGen: 2542K(6144K)->2542K(6144K)
[0.227s][info][gc,metaspace   ] GC(7) Metaspace: 6295K(6464K)->6295K(6464K) NonClass: 5762K(5824K)->5762K(5824K) Class: 533K(640K)->533K(640K)
[0.227s][info][gc             ] GC(7) Pause Young (Allocation Failure) 5M->4M(11M) 2.029ms
[0.227s][info][gc,cpu         ] GC(7) User=0.00s Sys=0.00s Real=0.00s
[0.232s][info][gc,start       ] GC(8) Pause Young (Allocation Failure)
[0.235s][info][gc,heap        ] GC(8) PSYoungGen: 4736K(5120K)->2016K(5632K) Eden: 3072K(3072K)->0K(3584K) From: 1664K(2048K)->2016K(2048K)
[0.235s][info][gc,heap        ] GC(8) ParOldGen: 2542K(6144K)->3774K(6144K)
[0.235s][info][gc,metaspace   ] GC(8) Metaspace: 6295K(6464K)->6295K(6464K) NonClass: 5762K(5824K)->5762K(5824K) Class: 533K(640K)->533K(640K)
[0.235s][info][gc             ] GC(8) Pause Young (Allocation Failure) 7M->5M(11M) 3.289ms
[0.235s][info][gc,cpu         ] GC(8) User=0.00s Sys=0.00s Real=0.00s
[0.242s][info][gc,start       ] GC(9) Pause Young (Allocation Failure)
[0.246s][info][gc,heap        ] GC(9) PSYoungGen: 5600K(5632K)->3040K(6656K) Eden: 3584K(3584K)->0K(3584K) From: 2016K(2048K)->3040K(3072K)
[0.246s][info][gc,heap        ] GC(9) ParOldGen: 3774K(6144K)->4614K(6144K)
[0.246s][info][gc,metaspace   ] GC(9) Metaspace: 6295K(6464K)->6295K(6464K) NonClass: 5762K(5824K)->5762K(5824K) Class: 533K(640K)->533K(640K)
[0.246s][info][gc             ] GC(9) Pause Young (Allocation Failure) 9M->7M(12M) 3.884ms
[0.246s][info][gc,cpu         ] GC(9) User=0.02s Sys=0.00s Real=0.00s
[0.251s][info][gc,start       ] GC(10) Pause Young (Allocation Failure)
[0.255s][info][gc,heap        ] GC(10) PSYoungGen: 6624K(6656K)->4064K(8704K) Eden: 3584K(3584K)->0K(4608K) From: 3040K(3072K)->4064K(4096K)
[0.255s][info][gc,heap        ] GC(10) ParOldGen: 4614K(6144K)->5454K(6144K)
[0.255s][info][gc,metaspace   ] GC(10) Metaspace: 6295K(6464K)->6295K(6464K) NonClass: 5762K(5824K)->5762K(5824K) Class: 533K(640K)->533K(640K)
[0.255s][info][gc             ] GC(10) Pause Young (Allocation Failure) 10M->9M(14M) 4.186ms
[0.255s][info][gc,cpu         ] GC(10) User=0.00s Sys=0.00s Real=0.00s
[0.255s][info][gc,start       ] GC(11) Pause Full (Ergonomics)
[0.255s][info][gc,phases,start] GC(11) Marking Phase
[0.260s][info][gc,phases      ] GC(11) Marking Phase 4.696ms
[0.260s][info][gc,phases,start] GC(11) Summary Phase
[0.260s][info][gc,phases      ] GC(11) Summary Phase 0.017ms
[0.260s][info][gc,phases,start] GC(11) Adjust Roots
[0.260s][info][gc,phases      ] GC(11) Adjust Roots 0.422ms
[0.260s][info][gc,phases,start] GC(11) Compaction Phase
[0.266s][info][gc,phases      ] GC(11) Compaction Phase 6.048ms
[0.266s][info][gc,phases,start] GC(11) Post Compact
[0.266s][info][gc,phases      ] GC(11) Post Compact 0.056ms
[0.266s][info][gc,heap        ] GC(11) PSYoungGen: 4064K(8704K)->3545K(8704K) Eden: 0K(4608K)->0K(4608K) From: 4064K(4096K)->3545K(4096K)
[0.266s][info][gc,heap        ] GC(11) ParOldGen: 5454K(6144K)->5831K(10752K)
[0.266s][info][gc,metaspace   ] GC(11) Metaspace: 6295K(6464K)->6295K(6464K) NonClass: 5762K(5824K)->5762K(5824K) Class: 533K(640K)->533K(640K)
[0.266s][info][gc             ] GC(11) Pause Full (Ergonomics) 9M->9M(19M) 11.592ms
[0.266s][info][gc,cpu         ] GC(11) User=0.00s Sys=0.00s Real=0.01s
[0.271s][info][gc,start       ] GC(12) Pause Young (Allocation Failure)
[0.276s][info][gc,heap        ] GC(12) PSYoungGen: 8013K(8704K)->5088K(9728K) Eden: 4468K(4608K)->0K(4608K) From: 3545K(4096K)->5088K(5120K)
[0.276s][info][gc,heap        ] GC(12) ParOldGen: 5831K(10752K)->6615K(10752K)
[0.276s][info][gc,metaspace   ] GC(12) Metaspace: 6295K(6464K)->6295K(6464K) NonClass: 5762K(5824K)->5762K(5824K) Class: 533K(640K)->533K(640K)
[0.276s][info][gc             ] GC(12) Pause Young (Allocation Failure) 13M->11M(20M) 4.514ms
[0.276s][info][gc,cpu         ] GC(12) User=0.00s Sys=0.00s Real=0.01s
[0.281s][info][gc,start       ] GC(13) Pause Young (Allocation Failure)
[0.288s][info][gc,heap        ] GC(13) PSYoungGen: 9696K(9728K)->6112K(11264K) Eden: 4608K(4608K)->0K(5120K) From: 5088K(5120K)->6112K(6144K)
[0.288s][info][gc,heap        ] GC(13) ParOldGen: 6615K(10752K)->7983K(10752K)
[0.288s][info][gc,metaspace   ] GC(13) Metaspace: 6295K(6464K)->6295K(6464K) NonClass: 5762K(5824K)->5762K(5824K) Class: 533K(640K)->533K(640K)
[0.288s][info][gc             ] GC(13) Pause Young (Allocation Failure) 15M->13M(21M) 6.291ms
[0.288s][info][gc,cpu         ] GC(13) User=0.00s Sys=0.00s Real=0.01s
[0.292s][info][gc,start       ] GC(14) Pause Young (Allocation Failure)
[0.297s][info][gc,heap        ] GC(14) PSYoungGen: 11232K(11264K)->5248K(12800K) Eden: 5120K(5120K)->0K(5120K) From: 6112K(6144K)->5248K(7680K)
[0.297s][info][gc,heap        ] GC(14) ParOldGen: 7983K(10752K)->11567K(11776K)
[0.297s][info][gc,metaspace   ] GC(14) Metaspace: 6297K(6464K)->6297K(6464K) NonClass: 5764K(5824K)->5764K(5824K) Class: 533K(640K)->533K(640K)
[0.297s][info][gc             ] GC(14) Pause Young (Allocation Failure) 18M->16M(24M) 5.672ms
[0.297s][info][gc,cpu         ] GC(14) User=0.02s Sys=0.00s Real=0.01s
[0.297s][info][gc,start       ] GC(15) Pause Full (Ergonomics)
[0.297s][info][gc,phases,start] GC(15) Marking Phase
[0.305s][info][gc,phases      ] GC(15) Marking Phase 7.711ms
[0.305s][info][gc,phases,start] GC(15) Summary Phase
[0.305s][info][gc,phases      ] GC(15) Summary Phase 0.018ms
[0.305s][info][gc,phases,start] GC(15) Adjust Roots
[0.305s][info][gc,phases      ] GC(15) Adjust Roots 0.227ms
[0.305s][info][gc,phases,start] GC(15) Compaction Phase
[0.312s][info][gc,phases      ] GC(15) Compaction Phase 6.945ms
[0.312s][info][gc,phases,start] GC(15) Post Compact
[0.313s][info][gc,phases      ] GC(15) Post Compact 0.080ms
[0.313s][info][gc,heap        ] GC(15) PSYoungGen: 5248K(12800K)->5191K(12800K) Eden: 0K(5120K)->0K(5120K) From: 5248K(7680K)->5191K(7680K)
[0.313s][info][gc,heap        ] GC(15) ParOldGen: 11567K(11776K)->11459K(18432K)
[0.313s][info][gc,metaspace   ] GC(15) Metaspace: 6297K(6464K)->6297K(6464K) NonClass: 5764K(5824K)->5764K(5824K) Class: 533K(640K)->533K(640K)
[0.313s][info][gc             ] GC(15) Pause Full (Ergonomics) 16M->16M(30M) 15.399ms
[0.313s][info][gc,cpu         ] GC(15) User=0.02s Sys=0.00s Real=0.02s
[0.316s][info][gc,start       ] GC(16) Pause Young (Allocation Failure)
[0.323s][info][gc,heap        ] GC(16) PSYoungGen: 10311K(12800K)->2688K(14336K) Eden: 5120K(5120K)->0K(7168K) From: 5191K(7680K)->2688K(7168K)
[0.323s][info][gc,heap        ] GC(16) ParOldGen: 11459K(18432K)->16739K(18432K)
[0.323s][info][gc,metaspace   ] GC(16) Metaspace: 6297K(6464K)->6297K(6464K) NonClass: 5764K(5824K)->5764K(5824K) Class: 533K(640K)->533K(640K)
[0.323s][info][gc             ] GC(16) Pause Young (Allocation Failure) 21M->18M(32M) 6.351ms
[0.323s][info][gc,cpu         ] GC(16) User=0.00s Sys=0.00s Real=0.01s
[0.323s][info][gc,start       ] GC(17) Pause Full (Ergonomics)
[0.323s][info][gc,phases,start] GC(17) Marking Phase
[0.331s][info][gc,phases      ] GC(17) Marking Phase 8.299ms
[0.331s][info][gc,phases,start] GC(17) Summary Phase
[0.331s][info][gc,phases      ] GC(17) Summary Phase 0.018ms
[0.331s][info][gc,phases,start] GC(17) Adjust Roots
[0.332s][info][gc,phases      ] GC(17) Adjust Roots 0.230ms
[0.332s][info][gc,phases,start] GC(17) Compaction Phase
[0.338s][info][gc,phases      ] GC(17) Compaction Phase 6.430ms
[0.338s][info][gc,phases,start] GC(17) Post Compact
[0.338s][info][gc,phases      ] GC(17) Post Compact 0.124ms
[0.338s][info][gc,heap        ] GC(17) PSYoungGen: 2688K(14336K)->1105K(14848K) Eden: 0K(7168K)->0K(7680K) From: 2688K(7168K)->1105K(7168K)
[0.338s][info][gc,heap        ] GC(17) ParOldGen: 16739K(18432K)->18183K(27648K)
[0.338s][info][gc,metaspace   ] GC(17) Metaspace: 6297K(6464K)->6297K(6464K) NonClass: 5764K(5824K)->5764K(5824K) Class: 533K(640K)->533K(640K)
[0.338s][info][gc             ] GC(17) Pause Full (Ergonomics) 18M->18M(41M) 15.459ms
[0.338s][info][gc,cpu         ] GC(17) User=0.02s Sys=0.00s Real=0.02s
[0.342s][info][gc,start       ] GC(18) Pause Young (Allocation Failure)
[0.347s][info][gc,heap        ] GC(18) PSYoungGen: 7799K(14848K)->3456K(15360K) Eden: 6694K(7680K)->0K(7680K) From: 1105K(7168K)->3456K(7680K)
[0.347s][info][gc,heap        ] GC(18) ParOldGen: 18183K(27648K)->19311K(27648K)
[0.347s][info][gc,metaspace   ] GC(18) Metaspace: 6297K(6464K)->6297K(6464K) NonClass: 5764K(5824K)->5764K(5824K) Class: 533K(640K)->533K(640K)
[0.348s][info][gc             ] GC(18) Pause Young (Allocation Failure) 25M->22M(42M) 5.020ms
[0.348s][info][gc,cpu         ] GC(18) User=0.00s Sys=0.00s Real=0.01s
[0.356s][info][gc,start       ] GC(19) Pause Young (Allocation Failure)
[0.363s][info][gc,heap        ] GC(19) PSYoungGen: 11135K(15360K)->4480K(17920K) Eden: 7679K(7680K)->0K(10240K) From: 3456K(7680K)->4480K(7680K)
[0.363s][info][gc,heap        ] GC(19) ParOldGen: 19311K(27648K)->22767K(27648K)
[0.363s][info][gc,metaspace   ] GC(19) Metaspace: 6297K(6464K)->6297K(6464K) NonClass: 5764K(5824K)->5764K(5824K) Class: 533K(640K)->533K(640K)
[0.363s][info][gc             ] GC(19) Pause Young (Allocation Failure) 29M->26M(44M) 7.259ms
[0.363s][info][gc,cpu         ] GC(19) User=0.00s Sys=0.00s Real=0.01s
[0.370s][info][gc,start       ] GC(20) Pause Young (Allocation Failure)
[0.377s][info][gc,heap        ] GC(20) PSYoungGen: 14720K(17920K)->5312K(17920K) Eden: 10240K(10240K)->0K(10240K) From: 4480K(7680K)->5312K(7680K)
[0.378s][info][gc,heap        ] GC(20) ParOldGen: 22767K(27648K)->27287K(27648K)
[0.378s][info][gc,metaspace   ] GC(20) Metaspace: 6297K(6464K)->6297K(6464K) NonClass: 5764K(5824K)->5764K(5824K) Class: 533K(640K)->533K(640K)
[0.378s][info][gc             ] GC(20) Pause Young (Allocation Failure) 36M->31M(44M) 7.716ms
[0.378s][info][gc,cpu         ] GC(20) User=0.00s Sys=0.00s Real=0.01s
[0.378s][info][gc,start       ] GC(21) Pause Full (Ergonomics)
[0.378s][info][gc,phases,start] GC(21) Marking Phase
[0.392s][info][gc,phases      ] GC(21) Marking Phase 14.057ms
[0.392s][info][gc,phases,start] GC(21) Summary Phase
[0.392s][info][gc,phases      ] GC(21) Summary Phase 0.015ms
[0.392s][info][gc,phases,start] GC(21) Adjust Roots
[0.392s][info][gc,phases      ] GC(21) Adjust Roots 0.205ms
[0.392s][info][gc,phases,start] GC(21) Compaction Phase
[0.406s][info][gc,phases      ] GC(21) Compaction Phase 13.572ms
[0.406s][info][gc,phases,start] GC(21) Post Compact
[0.406s][info][gc,phases      ] GC(21) Post Compact 0.097ms
[0.406s][info][gc,heap        ] GC(21) PSYoungGen: 5312K(17920K)->4779K(17920K) Eden: 0K(10240K)->0K(10240K) From: 5312K(7680K)->4779K(7680K)
[0.406s][info][gc,heap        ] GC(21) ParOldGen: 27287K(27648K)->27139K(38912K)
[0.406s][info][gc,metaspace   ] GC(21) Metaspace: 6297K(6464K)->6297K(6464K) NonClass: 5764K(5824K)->5764K(5824K) Class: 533K(640K)->533K(640K)
[0.406s][info][gc             ] GC(21) Pause Full (Ergonomics) 31M->31M(55M) 28.368ms
[0.406s][info][gc,cpu         ] GC(21) User=0.03s Sys=0.00s Real=0.03s
[0.417s][info][gc,start       ] GC(22) Pause Young (Allocation Failure)
[0.429s][info][gc,heap        ] GC(22) PSYoungGen: 15019K(17920K)->8192K(17920K) Eden: 10240K(10240K)->0K(9728K) From: 4779K(7680K)->8192K(8192K)
[0.429s][info][gc,heap        ] GC(22) ParOldGen: 27139K(38912K)->32963K(38912K)
[0.429s][info][gc,metaspace   ] GC(22) Metaspace: 6297K(6464K)->6297K(6464K) NonClass: 5764K(5824K)->5764K(5824K) Class: 533K(640K)->533K(640K)
[0.429s][info][gc             ] GC(22) Pause Young (Allocation Failure) 41M->40M(55M) 12.607ms
[0.429s][info][gc,cpu         ] GC(22) User=0.00s Sys=0.00s Real=0.01s
[0.429s][info][gc,start       ] GC(23) Pause Full (Ergonomics)
[0.429s][info][gc,phases,start] GC(23) Marking Phase
[0.446s][info][gc,phases      ] GC(23) Marking Phase 16.890ms
[0.446s][info][gc,phases,start] GC(23) Summary Phase
[0.446s][info][gc,phases      ] GC(23) Summary Phase 0.017ms
[0.446s][info][gc,phases,start] GC(23) Adjust Roots
[0.447s][info][gc,phases      ] GC(23) Adjust Roots 0.152ms
[0.447s][info][gc,phases,start] GC(23) Compaction Phase
[0.457s][info][gc,phases      ] GC(23) Compaction Phase 10.415ms
[0.457s][info][gc,phases,start] GC(23) Post Compact
[0.457s][info][gc,phases      ] GC(23) Post Compact 0.233ms
[0.457s][info][gc,heap        ] GC(23) PSYoungGen: 8192K(17920K)->2555K(17920K) Eden: 0K(9728K)->0K(9728K) From: 8192K(8192K)->2555K(8192K)
[0.457s][info][gc,heap        ] GC(23) ParOldGen: 32963K(38912K)->38483K(52736K)
[0.457s][info][gc,metaspace   ] GC(23) Metaspace: 6297K(6464K)->6297K(6464K) NonClass: 5764K(5824K)->5764K(5824K) Class: 533K(640K)->533K(640K)
[0.458s][info][gc             ] GC(23) Pause Full (Ergonomics) 40M->40M(69M) 28.084ms
[0.458s][info][gc,cpu         ] GC(23) User=0.05s Sys=0.00s Real=0.03s
[0.472s][info][gc,start       ] GC(24) Pause Young (Allocation Failure)
[0.482s][info][gc,heap        ] GC(24) PSYoungGen: 12283K(17920K)->9760K(20992K) Eden: 9728K(9728K)->0K(9728K) From: 2555K(8192K)->9760K(11264K)
[0.482s][info][gc,heap        ] GC(24) ParOldGen: 38483K(52736K)->41083K(52736K)
[0.482s][info][gc,metaspace   ] GC(24) Metaspace: 6297K(6464K)->6297K(6464K) NonClass: 5764K(5824K)->5764K(5824K) Class: 533K(640K)->533K(640K)
[0.482s][info][gc             ] GC(24) Pause Young (Allocation Failure) 49M->49M(72M) 10.002ms
[0.482s][info][gc,cpu         ] GC(24) User=0.02s Sys=0.00s Real=0.01s
[0.492s][info][gc,start       ] GC(25) Pause Young (Allocation Failure)
[0.506s][info][gc,heap        ] GC(25) PSYoungGen: 19488K(20992K)->12768K(19968K) Eden: 9728K(9728K)->0K(7168K) From: 9760K(11264K)->12768K(12800K)
[0.506s][info][gc,heap        ] GC(25) ParOldGen: 41083K(52736K)->47859K(52736K)
[0.506s][info][gc,metaspace   ] GC(25) Metaspace: 6297K(6464K)->6297K(6464K) NonClass: 5764K(5824K)->5764K(5824K) Class: 533K(640K)->533K(640K)
[0.506s][info][gc             ] GC(25) Pause Young (Allocation Failure) 59M->59M(71M) 14.303ms
[0.507s][info][gc,cpu         ] GC(25) User=0.00s Sys=0.00s Real=0.01s
[0.507s][info][gc,start       ] GC(26) Pause Full (Ergonomics)
[0.507s][info][gc,phases,start] GC(26) Marking Phase
[0.530s][info][gc,phases      ] GC(26) Marking Phase 23.150ms
[0.530s][info][gc,phases,start] GC(26) Summary Phase
[0.530s][info][gc,phases      ] GC(26) Summary Phase 0.015ms
[0.530s][info][gc,phases,start] GC(26) Adjust Roots
[0.530s][info][gc,phases      ] GC(26) Adjust Roots 0.164ms
[0.530s][info][gc,phases,start] GC(26) Compaction Phase
[0.550s][info][gc,phases      ] GC(26) Compaction Phase 19.585ms
[0.550s][info][gc,phases,start] GC(26) Post Compact
[0.550s][info][gc,phases      ] GC(26) Post Compact 0.343ms
[0.550s][info][gc,heap        ] GC(26) PSYoungGen: 12768K(19968K)->7122K(19968K) Eden: 0K(7168K)->0K(7168K) From: 12768K(12800K)->7122K(12800K)
[0.550s][info][gc,heap        ] GC(26) ParOldGen: 47859K(52736K)->52295K(69120K)
[0.550s][info][gc,metaspace   ] GC(26) Metaspace: 6297K(6464K)->6297K(6464K) NonClass: 5764K(5824K)->5764K(5824K) Class: 533K(640K)->533K(640K)
[0.550s][info][gc             ] GC(26) Pause Full (Ergonomics) 59M->58M(87M) 43.737ms
[0.550s][info][gc,cpu         ] GC(26) User=0.06s Sys=0.00s Real=0.04s
[0.558s][info][gc,start       ] GC(27) Pause Young (Allocation Failure)
[0.572s][info][gc,heap        ] GC(27) PSYoungGen: 14290K(19968K)->7168K(24576K) Eden: 7168K(7168K)->0K(7168K) From: 7122K(12800K)->7168K(17408K)
[0.572s][info][gc,heap        ] GC(27) ParOldGen: 52295K(69120K)->59543K(69120K)
[0.572s][info][gc,metaspace   ] GC(27) Metaspace: 6297K(6464K)->6297K(6464K) NonClass: 5764K(5824K)->5764K(5824K) Class: 533K(640K)->533K(640K)
[0.572s][info][gc             ] GC(27) Pause Young (Allocation Failure) 65M->65M(91M) 14.422ms
[0.572s][info][gc,cpu         ] GC(27) User=0.00s Sys=0.00s Real=0.01s
[0.579s][info][gc,start       ] GC(28) Pause Young (Allocation Failure)
[0.589s][info][gc,heap        ] GC(28) PSYoungGen: 14336K(24576K)->14336K(23040K) Eden: 7168K(7168K)->0K(6656K) From: 7168K(17408K)->14336K(16384K)
[0.589s][info][gc,heap        ] GC(28) ParOldGen: 59543K(69120K)->59543K(69120K)
[0.589s][info][gc,metaspace   ] GC(28) Metaspace: 6297K(6464K)->6297K(6464K) NonClass: 5764K(5824K)->5764K(5824K) Class: 533K(640K)->533K(640K)
[0.589s][info][gc             ] GC(28) Pause Young (Allocation Failure) 72M->72M(90M) 9.972ms
[0.589s][info][gc,cpu         ] GC(28) User=0.00s Sys=0.00s Real=0.01s
[0.597s][info][gc,start       ] GC(29) Pause Young (Allocation Failure)
[0.610s][info][gc,heap        ] GC(29) PSYoungGen: 20992K(23040K)->13824K(25088K) Eden: 6656K(6656K)->0K(6656K) From: 14336K(16384K)->13824K(18432K)
[0.610s][info][gc,heap        ] GC(29) ParOldGen: 59543K(69120K)->66799K(69120K)
[0.610s][info][gc,metaspace   ] GC(29) Metaspace: 6297K(6464K)->6297K(6464K) NonClass: 5764K(5824K)->5764K(5824K) Class: 533K(640K)->533K(640K)
[0.610s][info][gc             ] GC(29) Pause Young (Allocation Failure) 78M->78M(92M) 13.354ms
[0.610s][info][gc,cpu         ] GC(29) User=0.02s Sys=0.00s Real=0.01s
[0.610s][info][gc,start       ] GC(30) Pause Full (Ergonomics)
[0.610s][info][gc,phases,start] GC(30) Marking Phase
[0.643s][info][gc,phases      ] GC(30) Marking Phase 32.221ms
[0.643s][info][gc,phases,start] GC(30) Summary Phase
[0.643s][info][gc,phases      ] GC(30) Summary Phase 0.015ms
[0.643s][info][gc,phases,start] GC(30) Adjust Roots
[0.643s][info][gc,phases      ] GC(30) Adjust Roots 0.176ms
[0.643s][info][gc,phases,start] GC(30) Compaction Phase
[0.663s][info][gc,phases      ] GC(30) Compaction Phase 20.137ms
[0.663s][info][gc,phases,start] GC(30) Post Compact
[0.663s][info][gc,phases      ] GC(30) Post Compact 0.449ms
[0.664s][info][gc,heap        ] GC(30) PSYoungGen: 13824K(25088K)->11209K(25088K) Eden: 0K(6656K)->0K(6656K) From: 13824K(18432K)->11209K(18432K)
[0.664s][info][gc,heap        ] GC(30) ParOldGen: 66799K(69120K)->69112K(89600K)
[0.664s][info][gc,metaspace   ] GC(30) Metaspace: 6297K(6464K)->6297K(6464K) NonClass: 5764K(5824K)->5764K(5824K) Class: 533K(640K)->533K(640K)
[0.664s][info][gc             ] GC(30) Pause Full (Ergonomics) 78M->78M(112M) 53.417ms
[0.664s][info][gc,cpu         ] GC(30) User=0.06s Sys=0.00s Real=0.05s
[0.671s][info][gc,start       ] GC(31) Pause Young (Allocation Failure)
[0.688s][info][gc,heap        ] GC(31) PSYoungGen: 17865K(25088K)->11968K(27648K) Eden: 6656K(6656K)->0K(8192K) From: 11209K(18432K)->11968K(19456K)
[0.688s][info][gc,heap        ] GC(31) ParOldGen: 69112K(89600K)->75152K(89600K)
[0.688s][info][gc,metaspace   ] GC(31) Metaspace: 6297K(6464K)->6297K(6464K) NonClass: 5764K(5824K)->5764K(5824K) Class: 533K(640K)->533K(640K)
[0.688s][info][gc             ] GC(31) Pause Young (Allocation Failure) 84M->85M(114M) 17.086ms
[0.689s][info][gc,cpu         ] GC(31) User=0.03s Sys=0.00s Real=0.02s
[0.705s][info][gc,start       ] GC(32) Pause Young (Allocation Failure)
[0.718s][info][gc,heap        ] GC(32) PSYoungGen: 20160K(27648K)->14848K(28160K) Eden: 8192K(8192K)->0K(8192K) From: 11968K(19456K)->14848K(19968K)
[0.718s][info][gc,heap        ] GC(32) ParOldGen: 75152K(89600K)->80512K(89600K)
[0.718s][info][gc,metaspace   ] GC(32) Metaspace: 6297K(6464K)->6297K(6464K) NonClass: 5764K(5824K)->5764K(5824K) Class: 533K(640K)->533K(640K)
[0.718s][info][gc             ] GC(32) Pause Young (Allocation Failure) 93M->93M(115M) 13.131ms
[0.718s][info][gc,cpu         ] GC(32) User=0.00s Sys=0.00s Real=0.01s
[0.718s][info][gc,start       ] GC(33) Pause Full (Ergonomics)
[0.718s][info][gc,phases,start] GC(33) Marking Phase
[0.756s][info][gc,phases      ] GC(33) Marking Phase 37.660ms
[0.756s][info][gc,phases,start] GC(33) Summary Phase
[0.756s][info][gc,phases      ] GC(33) Summary Phase 0.019ms
[0.756s][info][gc,phases,start] GC(33) Adjust Roots
[0.756s][info][gc,phases      ] GC(33) Adjust Roots 0.163ms
[0.756s][info][gc,phases,start] GC(33) Compaction Phase
[0.785s][info][gc,phases      ] GC(33) Compaction Phase 28.578ms
[0.785s][info][gc,phases,start] GC(33) Post Compact
[0.785s][info][gc,phases      ] GC(33) Post Compact 0.310ms
[0.785s][info][gc,heap        ] GC(33) PSYoungGen: 14848K(28160K)->3553K(28160K) Eden: 0K(8192K)->0K(8192K) From: 14848K(19968K)->3553K(19968K)
[0.785s][info][gc,heap        ] GC(33) ParOldGen: 80512K(89600K)->89523K(112128K)
[0.785s][info][gc,metaspace   ] GC(33) Metaspace: 6297K(6464K)->6297K(6464K) NonClass: 5764K(5824K)->5764K(5824K) Class: 533K(640K)->533K(640K)
[0.785s][info][gc             ] GC(33) Pause Full (Ergonomics) 93M->90M(137M) 67.168ms
[0.785s][info][gc,cpu         ] GC(33) User=0.11s Sys=0.00s Real=0.07s
[0.793s][info][gc,start       ] GC(34) Pause Young (Allocation Failure)
[0.806s][info][gc,heap        ] GC(34) PSYoungGen: 11745K(28160K)->10176K(29184K) Eden: 8192K(8192K)->0K(9728K) From: 3553K(19968K)->10176K(19456K)
[0.806s][info][gc,heap        ] GC(34) ParOldGen: 89523K(112128K)->91179K(112128K)
[0.806s][info][gc,metaspace   ] GC(34) Metaspace: 6297K(6464K)->6297K(6464K) NonClass: 5764K(5824K)->5764K(5824K) Class: 533K(640K)->533K(640K)
[0.806s][info][gc             ] GC(34) Pause Young (Allocation Failure) 98M->98M(138M) 13.135ms
[0.806s][info][gc,cpu         ] GC(34) User=0.00s Sys=0.00s Real=0.01s
[0.814s][info][gc,start       ] GC(35) Pause Young (Allocation Failure)
[0.825s][info][gc,heap        ] GC(35) PSYoungGen: 19904K(29184K)->19904K(30208K) Eden: 9728K(9728K)->0K(9728K) From: 10176K(19456K)->19904K(20480K)
[0.825s][info][gc,heap        ] GC(35) ParOldGen: 91179K(112128K)->91179K(112128K)
[0.825s][info][gc,metaspace   ] GC(35) Metaspace: 6297K(6464K)->6297K(6464K) NonClass: 5764K(5824K)->5764K(5824K) Class: 533K(640K)->533K(640K)
[0.825s][info][gc             ] GC(35) Pause Young (Allocation Failure) 108M->108M(139M) 10.544ms
[0.825s][info][gc,cpu         ] GC(35) User=0.00s Sys=0.00s Real=0.01s
[0.835s][info][gc,start       ] GC(36) Pause Young (Allocation Failure)
[0.851s][info][gc,heap        ] GC(36) PSYoungGen: 29632K(30208K)->23552K(29184K) Eden: 9728K(9728K)->0K(5632K) From: 19904K(20480K)->23552K(23552K)
[0.851s][info][gc,heap        ] GC(36) ParOldGen: 91179K(112128K)->97259K(112128K)
[0.851s][info][gc,metaspace   ] GC(36) Metaspace: 6297K(6464K)->6297K(6464K) NonClass: 5764K(5824K)->5764K(5824K) Class: 533K(640K)->533K(640K)
[0.851s][info][gc             ] GC(36) Pause Young (Allocation Failure) 117M->117M(138M) 16.371ms
[0.851s][info][gc,cpu         ] GC(36) User=0.02s Sys=0.00s Real=0.02s
[0.857s][info][gc,start       ] GC(37) Pause Young (Allocation Failure)
[0.871s][info][gc,heap        ] GC(37) PSYoungGen: 29184K(29184K)->19840K(34816K) Eden: 5632K(5632K)->0K(5632K) From: 23552K(23552K)->19840K(29184K)
[0.871s][info][gc,heap        ] GC(37) ParOldGen: 97259K(112128K)->106779K(112128K)
[0.871s][info][gc,metaspace   ] GC(37) Metaspace: 6297K(6464K)->6297K(6464K) NonClass: 5764K(5824K)->5764K(5824K) Class: 533K(640K)->533K(640K)
[0.871s][info][gc             ] GC(37) Pause Young (Allocation Failure) 123M->123M(143M) 14.256ms
[0.871s][info][gc,cpu         ] GC(37) User=0.00s Sys=0.00s Real=0.02s
[0.871s][info][gc,start       ] GC(38) Pause Full (Ergonomics)
[0.871s][info][gc,phases,start] GC(38) Marking Phase
[0.905s][info][gc,phases      ] GC(38) Marking Phase 33.592ms
[0.905s][info][gc,phases,start] GC(38) Summary Phase
[0.905s][info][gc,phases      ] GC(38) Summary Phase 0.022ms
[0.905s][info][gc,phases,start] GC(38) Adjust Roots
[0.905s][info][gc,phases      ] GC(38) Adjust Roots 0.163ms
[0.905s][info][gc,phases,start] GC(38) Compaction Phase
[0.925s][info][gc,phases      ] GC(38) Compaction Phase 19.832ms
[0.925s][info][gc,phases,start] GC(38) Post Compact
[0.925s][info][gc,phases      ] GC(38) Post Compact 0.558ms
[0.926s][info][gc,heap        ] GC(38) PSYoungGen: 19840K(34816K)->14116K(34816K) Eden: 0K(5632K)->0K(5632K) From: 19840K(29184K)->14116K(29184K)
[0.926s][info][gc,heap        ] GC(38) ParOldGen: 106779K(112128K)->112109K(137728K)
[0.926s][info][gc,metaspace   ] GC(38) Metaspace: 6297K(6464K)->6297K(6464K) NonClass: 5764K(5824K)->5764K(5824K) Class: 533K(640K)->533K(640K)
[0.926s][info][gc             ] GC(38) Pause Full (Ergonomics) 123M->123M(168M) 54.604ms
[0.926s][info][gc,cpu         ] GC(38) User=0.11s Sys=0.00s Real=0.06s
[0.931s][info][gc,start       ] GC(39) Pause Young (Allocation Failure)
[0.949s][info][gc,heap        ] GC(39) PSYoungGen: 19748K(34816K)->10048K(35328K) Eden: 5632K(5632K)->0K(7168K) From: 14116K(29184K)->10048K(28160K)
[0.949s][info][gc,heap        ] GC(39) ParOldGen: 112109K(137728K)->122021K(137728K)
[0.949s][info][gc,metaspace   ] GC(39) Metaspace: 6297K(6464K)->6297K(6464K) NonClass: 5764K(5824K)->5764K(5824K) Class: 533K(640K)->533K(640K)
[0.949s][info][gc             ] GC(39) Pause Young (Allocation Failure) 128M->128M(169M) 18.001ms
[0.949s][info][gc,cpu         ] GC(39) User=0.02s Sys=0.00s Real=0.02s
[0.956s][info][gc,start       ] GC(40) Pause Young (Allocation Failure)
[0.965s][info][gc,heap        ] GC(40) PSYoungGen: 17216K(35328K)->12832K(36352K) Eden: 7168K(7168K)->0K(7168K) From: 10048K(28160K)->12832K(29184K)
[0.965s][info][gc,heap        ] GC(40) ParOldGen: 122021K(137728K)->126477K(137728K)
[0.965s][info][gc,metaspace   ] GC(40) Metaspace: 6297K(6464K)->6297K(6464K) NonClass: 5764K(5824K)->5764K(5824K) Class: 533K(640K)->533K(640K)
[0.965s][info][gc             ] GC(40) Pause Young (Allocation Failure) 135M->136M(170M) 8.792ms
[0.965s][info][gc,cpu         ] GC(40) User=0.02s Sys=0.00s Real=0.01s
[0.965s][info][gc,start       ] GC(41) Pause Full (Ergonomics)
[0.965s][info][gc,phases,start] GC(41) Marking Phase
[1.000s][info][gc,phases      ] GC(41) Marking Phase 34.372ms
[1.000s][info][gc,phases,start] GC(41) Summary Phase
[1.000s][info][gc,phases      ] GC(41) Summary Phase 0.017ms
[1.000s][info][gc,phases,start] GC(41) Adjust Roots
[1.000s][info][gc,phases      ] GC(41) Adjust Roots 0.141ms
[1.000s][info][gc,phases,start] GC(41) Compaction Phase
[1.016s][info][gc,phases      ] GC(41) Compaction Phase 16.140ms
[1.016s][info][gc,phases,start] GC(41) Post Compact
[1.017s][info][gc,phases      ] GC(41) Post Compact 0.681ms
[1.017s][info][gc,heap        ] GC(41) PSYoungGen: 12832K(36352K)->1494K(36352K) Eden: 0K(7168K)->0K(7168K) From: 12832K(29184K)->1494K(29184K)
[1.017s][info][gc,heap        ] GC(41) ParOldGen: 126477K(137728K)->137467K(165888K)
[1.017s][info][gc,metaspace   ] GC(41) Metaspace: 6297K(6464K)->6297K(6464K) NonClass: 5764K(5824K)->5764K(5824K) Class: 533K(640K)->533K(640K)
[1.017s][info][gc             ] GC(41) Pause Full (Ergonomics) 136M->135M(197M) 51.906ms
[1.017s][info][gc,cpu         ] GC(41) User=0.09s Sys=0.00s Real=0.05s
[1.024s][info][gc,start       ] GC(42) Pause Young (Allocation Failure)
[1.038s][info][gc,heap        ] GC(42) PSYoungGen: 8662K(36352K)->8512K(34304K) Eden: 7168K(7168K)->0K(8704K) From: 1494K(29184K)->8512K(25600K)
[1.038s][info][gc,heap        ] GC(42) ParOldGen: 137467K(165888K)->137699K(165888K)
[1.038s][info][gc,metaspace   ] GC(42) Metaspace: 6297K(6464K)->6297K(6464K) NonClass: 5764K(5824K)->5764K(5824K) Class: 533K(640K)->533K(640K)
[1.038s][info][gc             ] GC(42) Pause Young (Allocation Failure) 142M->142M(195M) 13.780ms
[1.038s][info][gc,cpu         ] GC(42) User=0.00s Sys=0.00s Real=0.01s
[1.047s][info][gc,start       ] GC(43) Pause Young (Allocation Failure)
[1.057s][info][gc,heap        ] GC(43) PSYoungGen: 17216K(34304K)->17184K(35328K) Eden: 8704K(8704K)->0K(8704K) From: 8512K(25600K)->17184K(26624K)
[1.057s][info][gc,heap        ] GC(43) ParOldGen: 137699K(165888K)->137699K(165888K)
[1.057s][info][gc,metaspace   ] GC(43) Metaspace: 6297K(6464K)->6297K(6464K) NonClass: 5764K(5824K)->5764K(5824K) Class: 533K(640K)->533K(640K)
[1.057s][info][gc             ] GC(43) Pause Young (Allocation Failure) 151M->151M(196M) 9.929ms
[1.057s][info][gc,cpu         ] GC(43) User=0.00s Sys=0.00s Real=0.01s
[1.066s][info][gc,start       ] GC(44) Pause Young (Allocation Failure)
[1.079s][info][gc,heap        ] GC(44) PSYoungGen: 25888K(35328K)->25856K(33792K) Eden: 8704K(8704K)->0K(6656K) From: 17184K(26624K)->25856K(27136K)
[1.079s][info][gc,heap        ] GC(44) ParOldGen: 137699K(165888K)->137699K(165888K)
[1.079s][info][gc,metaspace   ] GC(44) Metaspace: 6297K(6464K)->6297K(6464K) NonClass: 5764K(5824K)->5764K(5824K) Class: 533K(640K)->533K(640K)
[1.079s][info][gc             ] GC(44) Pause Young (Allocation Failure) 159M->159M(195M) 13.684ms
[1.079s][info][gc,cpu         ] GC(44) User=0.00s Sys=0.00s Real=0.01s
[1.087s][info][gc,start       ] GC(45) Pause Young (Allocation Failure)
[1.102s][info][gc,heap        ] GC(45) PSYoungGen: 32512K(33792K)->30720K(37376K) Eden: 6656K(6656K)->0K(6656K) From: 25856K(27136K)->30720K(30720K)
[1.102s][info][gc,heap        ] GC(45) ParOldGen: 137699K(165888K)->139515K(165888K)
[1.102s][info][gc,metaspace   ] GC(45) Metaspace: 6297K(6464K)->6297K(6464K) NonClass: 5764K(5824K)->5764K(5824K) Class: 533K(640K)->533K(640K)
[1.102s][info][gc             ] GC(45) Pause Young (Allocation Failure) 166M->166M(198M) 15.558ms
[1.102s][info][gc,cpu         ] GC(45) User=0.02s Sys=0.00s Real=0.02s
[1.109s][info][gc,start       ] GC(46) Pause Young (Allocation Failure)
[1.128s][info][gc,heap        ] GC(46) PSYoungGen: 37376K(37376K)->21664K(44032K) Eden: 6656K(6656K)->0K(8192K) From: 30720K(30720K)->21664K(35840K)
[1.128s][info][gc,heap        ] GC(46) ParOldGen: 139515K(165888K)->155451K(165888K)
[1.128s][info][gc,metaspace   ] GC(46) Metaspace: 6297K(6464K)->6297K(6464K) NonClass: 5764K(5824K)->5764K(5824K) Class: 533K(640K)->533K(640K)
[1.128s][info][gc             ] GC(46) Pause Young (Allocation Failure) 172M->172M(205M) 18.686ms
[1.128s][info][gc,cpu         ] GC(46) User=0.05s Sys=0.00s Real=0.02s
[1.128s][info][gc,start       ] GC(47) Pause Full (Ergonomics)
[1.128s][info][gc,phases,start] GC(47) Marking Phase
[1.181s][info][gc,phases      ] GC(47) Marking Phase 53.140ms
[1.181s][info][gc,phases,start] GC(47) Summary Phase
[1.181s][info][gc,phases      ] GC(47) Summary Phase 0.034ms
[1.181s][info][gc,phases,start] GC(47) Adjust Roots
[1.181s][info][gc,phases      ] GC(47) Adjust Roots 0.167ms
[1.181s][info][gc,phases,start] GC(47) Compaction Phase
[1.206s][info][gc,phases      ] GC(47) Compaction Phase 24.563ms
[1.206s][info][gc,phases,start] GC(47) Post Compact
[1.207s][info][gc,phases      ] GC(47) Post Compact 1.119ms
[1.207s][info][gc,heap        ] GC(47) PSYoungGen: 21664K(44032K)->10830K(44032K) Eden: 0K(8192K)->0K(8192K) From: 21664K(35840K)->10830K(35840K)
[1.207s][info][gc,heap        ] GC(47) ParOldGen: 155451K(165888K)->165860K(199168K)
[1.207s][info][gc,metaspace   ] GC(47) Metaspace: 6297K(6464K)->6297K(6464K) NonClass: 5764K(5824K)->5764K(5824K) Class: 533K(640K)->533K(640K)
[1.207s][info][gc             ] GC(47) Pause Full (Ergonomics) 172M->172M(237M) 79.611ms
[1.207s][info][gc,cpu         ] GC(47) User=0.14s Sys=0.00s Real=0.08s
[1.244s][info][gc,start       ] GC(48) Pause Young (Allocation Failure)
[1.265s][info][gc,heap        ] GC(48) PSYoungGen: 19022K(44032K)->12096K(44032K) Eden: 8192K(8192K)->0K(8192K) From: 10830K(35840K)->12096K(35840K)
[1.265s][info][gc,heap        ] GC(48) ParOldGen: 174052K(199168K)->181196K(199168K)
[1.265s][info][gc,metaspace   ] GC(48) Metaspace: 6297K(6464K)->6297K(6464K) NonClass: 5764K(5824K)->5764K(5824K) Class: 533K(640K)->533K(640K)
[1.265s][info][gc             ] GC(48) Pause Young (Allocation Failure) 188M->188M(237M) 20.574ms
[1.265s][info][gc,cpu         ] GC(48) User=0.02s Sys=0.02s Real=0.02s
[1.274s][info][gc,start       ] GC(49) Pause Young (Allocation Failure)
[1.286s][info][gc,heap        ] GC(49) PSYoungGen: 20288K(44032K)->16448K(41472K) Eden: 8192K(8192K)->0K(9728K) From: 12096K(35840K)->16448K(31744K)
[1.286s][info][gc,heap        ] GC(49) ParOldGen: 181196K(199168K)->185092K(199168K)
[1.286s][info][gc,metaspace   ] GC(49) Metaspace: 6297K(6464K)->6297K(6464K) NonClass: 5764K(5824K)->5764K(5824K) Class: 533K(640K)->533K(640K)
[1.286s][info][gc             ] GC(49) Pause Young (Allocation Failure) 196M->196M(235M) 12.465ms
[1.286s][info][gc,cpu         ] GC(49) User=0.02s Sys=0.00s Real=0.01s
[1.296s][info][gc,start       ] GC(50) Pause Young (Allocation Failure)
[1.312s][info][gc,heap        ] GC(50) PSYoungGen: 26176K(41472K)->17984K(43008K) Eden: 9728K(9728K)->0K(9728K) From: 16448K(31744K)->17984K(33280K)
[1.312s][info][gc,heap        ] GC(50) ParOldGen: 185092K(199168K)->193404K(199168K)
[1.312s][info][gc,metaspace   ] GC(50) Metaspace: 6297K(6464K)->6297K(6464K) NonClass: 5764K(5824K)->5764K(5824K) Class: 533K(640K)->533K(640K)
[1.312s][info][gc             ] GC(50) Pause Young (Allocation Failure) 206M->206M(236M) 16.296ms
[1.312s][info][gc,cpu         ] GC(50) User=0.02s Sys=0.00s Real=0.02s
[1.312s][info][gc,start       ] GC(51) Pause Full (Ergonomics)
[1.312s][info][gc,phases,start] GC(51) Marking Phase
[1.367s][info][gc,phases      ] GC(51) Marking Phase 55.250ms
[1.367s][info][gc,phases,start] GC(51) Summary Phase
[1.367s][info][gc,phases      ] GC(51) Summary Phase 0.019ms
[1.367s][info][gc,phases,start] GC(51) Adjust Roots
[1.368s][info][gc,phases      ] GC(51) Adjust Roots 0.166ms
[1.368s][info][gc,phases,start] GC(51) Compaction Phase
[1.409s][info][gc,phases      ] GC(51) Compaction Phase 41.411ms
[1.409s][info][gc,phases,start] GC(51) Post Compact
[1.410s][info][gc,phases      ] GC(51) Post Compact 1.118ms
[1.410s][info][gc,heap        ] GC(51) PSYoungGen: 17984K(43008K)->8153K(43008K) Eden: 0K(9728K)->0K(9728K) From: 17984K(33280K)->8153K(33280K)
[1.410s][info][gc,heap        ] GC(51) ParOldGen: 193404K(199168K)->198657K(233472K)
[1.410s][info][gc,metaspace   ] GC(51) Metaspace: 6297K(6464K)->6297K(6464K) NonClass: 5764K(5824K)->5764K(5824K) Class: 533K(640K)->533K(640K)
[1.410s][info][gc             ] GC(51) Pause Full (Ergonomics) 206M->201M(270M) 98.480ms
[1.410s][info][gc,cpu         ] GC(51) User=0.30s Sys=0.02s Real=0.10s
[1.422s][info][gc,start       ] GC(52) Pause Young (Allocation Failure)
[1.441s][info][gc,heap        ] GC(52) PSYoungGen: 17881K(43008K)->9760K(42496K) Eden: 9728K(9728K)->0K(11264K) From: 8153K(33280K)->9760K(31232K)
[1.441s][info][gc,heap        ] GC(52) ParOldGen: 198657K(233472K)->206945K(233472K)
[1.442s][info][gc,metaspace   ] GC(52) Metaspace: 6297K(6464K)->6297K(6464K) NonClass: 5764K(5824K)->5764K(5824K) Class: 533K(640K)->533K(640K)
[1.442s][info][gc             ] GC(52) Pause Young (Allocation Failure) 211M->211M(269M) 19.858ms
[1.442s][info][gc,cpu         ] GC(52) User=0.02s Sys=0.02s Real=0.02s
[1.454s][info][gc,start       ] GC(53) Pause Young (Allocation Failure)
[1.467s][info][gc,heap        ] GC(53) PSYoungGen: 21024K(42496K)->11328K(43008K) Eden: 11264K(11264K)->0K(11264K) From: 9760K(31232K)->11328K(31744K)
[1.467s][info][gc,heap        ] GC(53) ParOldGen: 206945K(233472K)->216793K(233472K)
[1.467s][info][gc,metaspace   ] GC(53) Metaspace: 6297K(6464K)->6297K(6464K) NonClass: 5764K(5824K)->5764K(5824K) Class: 533K(640K)->533K(640K)
[1.467s][info][gc             ] GC(53) Pause Young (Allocation Failure) 222M->222M(270M) 13.038ms
[1.467s][info][gc,cpu         ] GC(53) User=0.02s Sys=0.00s Real=0.01s
[1.481s][info][gc,start       ] GC(54) Pause Young (Allocation Failure)
[1.495s][info][gc,heap        ] GC(54) PSYoungGen: 22592K(43008K)->11360K(42496K) Eden: 11264K(11264K)->0K(12800K) From: 11328K(31744K)->11360K(29696K)
[1.495s][info][gc,heap        ] GC(54) ParOldGen: 216793K(233472K)->228209K(233472K)
[1.495s][info][gc,metaspace   ] GC(54) Metaspace: 6297K(6464K)->6297K(6464K) NonClass: 5764K(5824K)->5764K(5824K) Class: 533K(640K)->533K(640K)
[1.495s][info][gc             ] GC(54) Pause Young (Allocation Failure) 233M->233M(269M) 14.536ms
[1.495s][info][gc,cpu         ] GC(54) User=0.00s Sys=0.00s Real=0.01s
[1.495s][info][gc,start       ] GC(55) Pause Full (Ergonomics)
[1.495s][info][gc,phases,start] GC(55) Marking Phase
[1.562s][info][gc,phases      ] GC(55) Marking Phase 67.174ms
[1.562s][info][gc,phases,start] GC(55) Summary Phase
[1.562s][info][gc,phases      ] GC(55) Summary Phase 0.020ms
[1.562s][info][gc,phases,start] GC(55) Adjust Roots
[1.563s][info][gc,phases      ] GC(55) Adjust Roots 0.187ms
[1.563s][info][gc,phases,start] GC(55) Compaction Phase
[1.598s][info][gc,phases      ] GC(55) Compaction Phase 35.663ms
[1.598s][info][gc,phases,start] GC(55) Post Compact
[1.600s][info][gc,phases      ] GC(55) Post Compact 1.335ms
[1.600s][info][gc,heap        ] GC(55) PSYoungGen: 11360K(42496K)->5613K(43008K) Eden: 0K(12800K)->0K(13312K) From: 11360K(29696K)->5613K(29696K)
[1.600s][info][gc,heap        ] GC(55) ParOldGen: 228209K(233472K)->233365K(272896K)
[1.600s][info][gc,metaspace   ] GC(55) Metaspace: 6297K(6464K)->6297K(6464K) NonClass: 5764K(5824K)->5764K(5824K) Class: 533K(640K)->533K(640K)
[1.600s][info][gc             ] GC(55) Pause Full (Ergonomics) 233M->233M(308M) 104.980ms
[1.600s][info][gc,cpu         ] GC(55) User=0.42s Sys=0.00s Real=0.10s
[1.615s][info][gc,start       ] GC(56) Pause Young (Allocation Failure)
[1.638s][info][gc,heap        ] GC(56) PSYoungGen: 18925K(43008K)->13376K(43520K) Eden: 13312K(13312K)->0K(13312K) From: 5613K(29696K)->13376K(30208K)
[1.638s][info][gc,heap        ] GC(56) ParOldGen: 233365K(272896K)->239085K(272896K)
[1.638s][info][gc,metaspace   ] GC(56) Metaspace: 6297K(6464K)->6297K(6464K) NonClass: 5764K(5824K)->5764K(5824K) Class: 533K(640K)->533K(640K)
[1.638s][info][gc             ] GC(56) Pause Young (Allocation Failure) 246M->246M(309M) 22.886ms
[1.638s][info][gc,cpu         ] GC(56) User=0.12s Sys=0.00s Real=0.02s
[1.653s][info][gc,start       ] GC(57) Pause Young (Allocation Failure)
[1.668s][info][gc,heap        ] GC(57) PSYoungGen: 26688K(43520K)->26720K(40448K) Eden: 13312K(13312K)->0K(11776K) From: 13376K(30208K)->26720K(28672K)
[1.668s][info][gc,heap        ] GC(57) ParOldGen: 239085K(272896K)->239085K(272896K)
[1.668s][info][gc,metaspace   ] GC(57) Metaspace: 6297K(6464K)->6297K(6464K) NonClass: 5764K(5824K)->5764K(5824K) Class: 533K(640K)->533K(640K)
[1.668s][info][gc             ] GC(57) Pause Young (Allocation Failure) 259M->259M(306M) 14.405ms
[1.668s][info][gc,cpu         ] GC(57) User=0.02s Sys=0.00s Real=0.01s
[1.680s][info][gc,start       ] GC(58) Pause Young (Allocation Failure)
[1.699s][info][gc,heap        ] GC(58) PSYoungGen: 38496K(40448K)->31744K(43520K) Eden: 11776K(11776K)->0K(11776K) From: 26720K(28672K)->31744K(31744K)
[1.700s][info][gc,heap        ] GC(58) ParOldGen: 239085K(272896K)->245829K(272896K)
[1.700s][info][gc,metaspace   ] GC(58) Metaspace: 6297K(6464K)->6297K(6464K) NonClass: 5764K(5824K)->5764K(5824K) Class: 533K(640K)->533K(640K)
[1.700s][info][gc             ] GC(58) Pause Young (Allocation Failure) 271M->271M(309M) 19.143ms
[1.700s][info][gc,cpu         ] GC(58) User=0.11s Sys=0.00s Real=0.02s
[1.714s][info][gc,start       ] GC(59) Pause Young (Allocation Failure)
[1.736s][info][gc,heap        ] GC(59) PSYoungGen: 43520K(43520K)->22080K(51712K) Eden: 11776K(11776K)->0K(13824K) From: 31744K(31744K)->22080K(37888K)
[1.736s][info][gc,heap        ] GC(59) ParOldGen: 245829K(272896K)->267669K(272896K)
[1.736s][info][gc,metaspace   ] GC(59) Metaspace: 6297K(6464K)->6297K(6464K) NonClass: 5764K(5824K)->5764K(5824K) Class: 533K(640K)->533K(640K)
[1.736s][info][gc             ] GC(59) Pause Young (Allocation Failure) 282M->282M(317M) 21.941ms
[1.736s][info][gc,cpu         ] GC(59) User=0.08s Sys=0.00s Real=0.02s
[1.736s][info][gc,start       ] GC(60) Pause Full (Ergonomics)
[1.736s][info][gc,phases,start] GC(60) Marking Phase
[1.803s][info][gc,phases      ] GC(60) Marking Phase 67.178ms
[1.803s][info][gc,phases,start] GC(60) Summary Phase
[1.803s][info][gc,phases      ] GC(60) Summary Phase 0.020ms
[1.803s][info][gc,phases,start] GC(60) Adjust Roots
[1.803s][info][gc,phases      ] GC(60) Adjust Roots 0.168ms
[1.803s][info][gc,phases,start] GC(60) Compaction Phase
[1.836s][info][gc,phases      ] GC(60) Compaction Phase 32.423ms
[1.836s][info][gc,phases,start] GC(60) Post Compact
[1.837s][info][gc,phases      ] GC(60) Post Compact 1.390ms
[1.838s][info][gc,heap        ] GC(60) PSYoungGen: 22080K(51712K)->16301K(51712K) Eden: 0K(13824K)->0K(13824K) From: 22080K(37888K)->16301K(37888K)
[1.838s][info][gc,heap        ] GC(60) ParOldGen: 267669K(272896K)->272733K(317952K)
[1.838s][info][gc,metaspace   ] GC(60) Metaspace: 6297K(6464K)->6297K(6464K) NonClass: 5764K(5824K)->5764K(5824K) Class: 533K(640K)->533K(640K)
[1.838s][info][gc             ] GC(60) Pause Full (Ergonomics) 282M->282M(361M) 101.726ms
[1.838s][info][gc,cpu         ] GC(60) User=0.48s Sys=0.02s Real=0.10s
[1.853s][info][gc,start       ] GC(61) Pause Young (Allocation Failure)
[1.878s][info][gc,heap        ] GC(61) PSYoungGen: 30125K(51712K)->22784K(51712K) Eden: 13824K(13824K)->0K(13824K) From: 16301K(37888K)->22784K(37888K)
[1.878s][info][gc,heap        ] GC(61) ParOldGen: 272733K(317952K)->280365K(317952K)
[1.878s][info][gc,metaspace   ] GC(61) Metaspace: 6297K(6464K)->6297K(6464K) NonClass: 5764K(5824K)->5764K(5824K) Class: 533K(640K)->533K(640K)
[1.878s][info][gc             ] GC(61) Pause Young (Allocation Failure) 295M->296M(361M) 24.673ms
[1.878s][info][gc,cpu         ] GC(61) User=0.23s Sys=0.00s Real=0.03s
[1.895s][info][gc,start       ] GC(62) Pause Young (Allocation Failure)
[1.913s][info][gc,heap        ] GC(62) PSYoungGen: 36608K(51712K)->36608K(48640K) Eden: 13824K(13824K)->0K(10752K) From: 22784K(37888K)->36608K(37888K)
[1.913s][info][gc,heap        ] GC(62) ParOldGen: 280365K(317952K)->280365K(317952K)
[1.913s][info][gc,metaspace   ] GC(62) Metaspace: 6297K(6464K)->6297K(6464K) NonClass: 5764K(5824K)->5764K(5824K) Class: 533K(640K)->533K(640K)
[1.913s][info][gc             ] GC(62) Pause Young (Allocation Failure) 309M->309M(358M) 18.352ms
[1.913s][info][gc,cpu         ] GC(62) User=0.08s Sys=0.05s Real=0.02s
[1.925s][info][gc,start       ] GC(63) Pause Young (Allocation Failure)
[1.947s][info][gc,heap        ] GC(63) PSYoungGen: 47360K(48640K)->38496K(53248K) Eden: 10752K(10752K)->0K(10752K) From: 36608K(37888K)->38496K(42496K)
[1.947s][info][gc,heap        ] GC(63) ParOldGen: 280365K(317952K)->289333K(317952K)
[1.947s][info][gc,metaspace   ] GC(63) Metaspace: 6297K(6464K)->6297K(6464K) NonClass: 5764K(5824K)->5764K(5824K) Class: 533K(640K)->533K(640K)
[1.947s][info][gc             ] GC(63) Pause Young (Allocation Failure) 320M->320M(362M) 21.722ms
[1.947s][info][gc,cpu         ] GC(63) User=0.12s Sys=0.00s Real=0.02s
[1.960s][info][gc,start       ] GC(64) Pause Young (Allocation Failure)
[1.984s][info][gc,heap        ] GC(64) PSYoungGen: 49248K(53248K)->35392K(56320K) Eden: 10752K(10752K)->0K(9728K) From: 38496K(42496K)->35392K(46592K)
[1.984s][info][gc,heap        ] GC(64) ParOldGen: 289333K(317952K)->303349K(317952K)
[1.984s][info][gc,metaspace   ] GC(64) Metaspace: 6297K(6464K)->6297K(6464K) NonClass: 5764K(5824K)->5764K(5824K) Class: 533K(640K)->533K(640K)
[1.984s][info][gc             ] GC(64) Pause Young (Allocation Failure) 330M->330M(365M) 23.436ms
[1.984s][info][gc,cpu         ] GC(64) User=0.14s Sys=0.00s Real=0.02s
[1.984s][info][gc,start       ] GC(65) Pause Full (Ergonomics)
[1.984s][info][gc,phases,start] GC(65) Marking Phase
[2.056s][info][gc,phases      ] GC(65) Marking Phase 72.424ms
[2.056s][info][gc,phases,start] GC(65) Summary Phase
[2.056s][info][gc,phases      ] GC(65) Summary Phase 0.025ms
[2.056s][info][gc,phases,start] GC(65) Adjust Roots
[2.057s][info][gc,phases      ] GC(65) Adjust Roots 0.233ms
[2.057s][info][gc,phases,start] GC(65) Compaction Phase
[2.093s][info][gc,phases      ] GC(65) Compaction Phase 36.555ms
[2.093s][info][gc,phases,start] GC(65) Post Compact
[2.095s][info][gc,phases      ] GC(65) Post Compact 1.631ms
[2.095s][info][gc,heap        ] GC(65) PSYoungGen: 35392K(56320K)->20420K(56320K) Eden: 0K(9728K)->0K(9728K) From: 35392K(46592K)->20420K(46592K)
[2.095s][info][gc,heap        ] GC(65) ParOldGen: 303349K(317952K)->317648K(365056K)
[2.095s][info][gc,metaspace   ] GC(65) Metaspace: 6297K(6464K)->6297K(6464K) NonClass: 5764K(5824K)->5764K(5824K) Class: 533K(640K)->533K(640K)
[2.095s][info][gc             ] GC(65) Pause Full (Ergonomics) 330M->330M(411M) 111.426ms
[2.095s][info][gc,cpu         ] GC(65) User=0.83s Sys=0.00s Real=0.11s
[2.106s][info][gc,start       ] GC(66) Pause Young (Allocation Failure)
[2.134s][info][gc,heap        ] GC(66) PSYoungGen: 30148K(56320K)->15968K(58880K) Eden: 9728K(9728K)->0K(9728K) From: 20420K(46592K)->15968K(49152K)
[2.134s][info][gc,heap        ] GC(66) ParOldGen: 317648K(365056K)->332208K(365056K)
[2.134s][info][gc,metaspace   ] GC(66) Metaspace: 6297K(6464K)->6297K(6464K) NonClass: 5764K(5824K)->5764K(5824K) Class: 533K(640K)->533K(640K)
[2.134s][info][gc             ] GC(66) Pause Young (Allocation Failure) 339M->340M(414M) 28.653ms
[2.134s][info][gc,cpu         ] GC(66) User=0.08s Sys=0.03s Real=0.03s
[2.205s][info][gc,start       ] GC(67) Pause Full (Ergonomics)
[2.205s][info][gc,phases,start] GC(67) Marking Phase
[2.298s][info][gc,phases      ] GC(67) Marking Phase 92.918ms
[2.298s][info][gc,phases,start] GC(67) Summary Phase
[2.298s][info][gc,phases      ] GC(67) Summary Phase 0.019ms
[2.298s][info][gc,phases,start] GC(67) Adjust Roots
[2.298s][info][gc,phases      ] GC(67) Adjust Roots 0.149ms
[2.298s][info][gc,phases,start] GC(67) Compaction Phase
[2.369s][info][gc,phases      ] GC(67) Compaction Phase 70.257ms
[2.369s][info][gc,phases,start] GC(67) Post Compact
[2.371s][info][gc,phases      ] GC(67) Post Compact 2.030ms
[2.371s][info][gc,heap        ] GC(67) PSYoungGen: 25696K(58880K)->976K(58880K) Eden: 9728K(9728K)->0K(9728K) From: 15968K(49152K)->976K(49152K)
[2.371s][info][gc,heap        ] GC(67) ParOldGen: 348592K(365056K)->364679K(416256K)
[2.371s][info][gc,metaspace   ] GC(67) Metaspace: 6297K(6464K)->6297K(6464K) NonClass: 5764K(5824K)->5764K(5824K) Class: 533K(640K)->533K(640K)
[2.371s][info][gc             ] GC(67) Pause Full (Ergonomics) 365M->357M(464M) 165.981ms
[2.371s][info][gc,cpu         ] GC(67) User=0.66s Sys=0.05s Real=0.17s
[2.381s][info][gc,start       ] GC(68) Pause Young (Allocation Failure)
[2.405s][info][gc,heap        ] GC(68) PSYoungGen: 10704K(58880K)->10368K(57856K) Eden: 9728K(9728K)->0K(10752K) From: 976K(49152K)->10368K(47104K)
[2.405s][info][gc,heap        ] GC(68) ParOldGen: 364679K(416256K)->365207K(416256K)
[2.405s][info][gc,metaspace   ] GC(68) Metaspace: 6297K(6464K)->6297K(6464K) NonClass: 5764K(5824K)->5764K(5824K) Class: 533K(640K)->533K(640K)
[2.405s][info][gc             ] GC(68) Pause Young (Allocation Failure) 366M->366M(463M) 24.011ms
[2.405s][info][gc,cpu         ] GC(68) User=0.09s Sys=0.00s Real=0.02s
[2.416s][info][gc,start       ] GC(69) Pause Young (Allocation Failure)
[2.428s][info][gc,heap        ] GC(69) PSYoungGen: 21120K(57856K)->21088K(32256K) Eden: 10752K(10752K)->0K(10752K) From: 10368K(47104K)->21088K(21504K)
[2.428s][info][gc,heap        ] GC(69) ParOldGen: 365207K(416256K)->365207K(416256K)
[2.428s][info][gc,metaspace   ] GC(69) Metaspace: 6297K(6464K)->6297K(6464K) NonClass: 5764K(5824K)->5764K(5824K) Class: 533K(640K)->533K(640K)
[2.428s][info][gc             ] GC(69) Pause Young (Allocation Failure) 377M->377M(438M) 12.607ms
[2.428s][info][gc,cpu         ] GC(69) User=0.02s Sys=0.00s Real=0.01s
[2.439s][info][gc,start       ] GC(70) Pause Young (Allocation Failure)
[2.456s][info][gc,heap        ] GC(70) PSYoungGen: 31840K(32256K)->31808K(55808K) Eden: 10752K(10752K)->0K(10752K) From: 21088K(21504K)->31808K(45056K)
[2.456s][info][gc,heap        ] GC(70) ParOldGen: 365207K(416256K)->365207K(416256K)
[2.456s][info][gc,metaspace   ] GC(70) Metaspace: 6297K(6464K)->6297K(6464K) NonClass: 5764K(5824K)->5764K(5824K) Class: 533K(640K)->533K(640K)
[2.456s][info][gc             ] GC(70) Pause Young (Allocation Failure) 387M->387M(461M) 16.914ms
[2.456s][info][gc,cpu         ] GC(70) User=0.02s Sys=0.00s Real=0.02s
[2.469s][info][gc,start       ] GC(71) Pause Young (Allocation Failure)
[2.490s][info][gc,heap        ] GC(71) PSYoungGen: 42560K(55808K)->42592K(57344K) Eden: 10752K(10752K)->0K(10752K) From: 31808K(45056K)->42592K(46592K)
[2.490s][info][gc,heap        ] GC(71) ParOldGen: 365207K(416256K)->365207K(416256K)
[2.490s][info][gc,metaspace   ] GC(71) Metaspace: 6297K(6464K)->6297K(6464K) NonClass: 5764K(5824K)->5764K(5824K) Class: 533K(640K)->533K(640K)
[2.490s][info][gc             ] GC(71) Pause Young (Allocation Failure) 398M->398M(462M) 21.476ms
[2.490s][info][gc,cpu         ] GC(71) User=0.12s Sys=0.00s Real=0.02s
[2.503s][info][gc,start       ] GC(72) Pause Young (Allocation Failure)
[2.530s][info][gc,heap        ] GC(72) PSYoungGen: 53344K(57344K)->51712K(56320K) Eden: 10752K(10752K)->0K(4608K) From: 42592K(46592K)->51712K(51712K)
[2.530s][info][gc,heap        ] GC(72) ParOldGen: 365207K(416256K)->366735K(416256K)
[2.530s][info][gc,metaspace   ] GC(72) Metaspace: 6297K(6464K)->6297K(6464K) NonClass: 5764K(5824K)->5764K(5824K) Class: 533K(640K)->533K(640K)
[2.530s][info][gc             ] GC(72) Pause Young (Allocation Failure) 408M->408M(461M) 27.634ms
[2.530s][info][gc,cpu         ] GC(72) User=0.11s Sys=0.02s Real=0.03s
[2.536s][info][gc,start       ] GC(73) Pause Young (Allocation Failure)
[2.564s][info][gc,heap        ] GC(73) PSYoungGen: 56320K(56320K)->36192K(64000K) Eden: 4608K(4608K)->0K(4608K) From: 51712K(51712K)->36192K(59392K)
[2.564s][info][gc,heap        ] GC(73) ParOldGen: 366735K(416256K)->387255K(416256K)
[2.564s][info][gc,metaspace   ] GC(73) Metaspace: 6297K(6464K)->6297K(6464K) NonClass: 5764K(5824K)->5764K(5824K) Class: 533K(640K)->533K(640K)
[2.564s][info][gc             ] GC(73) Pause Young (Allocation Failure) 413M->413M(469M) 28.036ms
[2.564s][info][gc,cpu         ] GC(73) User=0.11s Sys=0.00s Real=0.03s
[2.568s][info][gc,start       ] GC(74) Pause Young (Allocation Failure)
[2.590s][info][gc,heap        ] GC(74) PSYoungGen: 40800K(64000K)->19904K(61952K) Eden: 4608K(4608K)->0K(5632K) From: 36192K(59392K)->19904K(56320K)
[2.590s][info][gc,heap        ] GC(74) ParOldGen: 387255K(416256K)->408367K(416256K)
[2.590s][info][gc,metaspace   ] GC(74) Metaspace: 6297K(6464K)->6297K(6464K) NonClass: 5764K(5824K)->5764K(5824K) Class: 533K(640K)->533K(640K)
[2.590s][info][gc             ] GC(74) Pause Young (Allocation Failure) 418M->418M(467M) 21.657ms
[2.590s][info][gc,cpu         ] GC(74) User=0.08s Sys=0.00s Real=0.02s
[2.590s][info][gc,start       ] GC(75) Pause Full (Ergonomics)
[2.590s][info][gc,phases,start] GC(75) Marking Phase
[2.696s][info][gc,phases      ] GC(75) Marking Phase 105.974ms
[2.696s][info][gc,phases,start] GC(75) Summary Phase
[2.696s][info][gc,phases      ] GC(75) Summary Phase 0.023ms
[2.696s][info][gc,phases,start] GC(75) Adjust Roots
[2.696s][info][gc,phases      ] GC(75) Adjust Roots 0.153ms
[2.696s][info][gc,phases,start] GC(75) Compaction Phase
[2.745s][info][gc,phases      ] GC(75) Compaction Phase 48.129ms
[2.745s][info][gc,phases,start] GC(75) Post Compact
[2.747s][info][gc,phases      ] GC(75) Post Compact 2.462ms
[2.747s][info][gc,heap        ] GC(75) PSYoungGen: 19904K(61952K)->11586K(62976K) Eden: 0K(5632K)->0K(6656K) From: 19904K(56320K)->11586K(56320K)
[2.748s][info][gc,heap        ] GC(75) ParOldGen: 408367K(416256K)->415801K(476672K)
[2.748s][info][gc,metaspace   ] GC(75) Metaspace: 6297K(6464K)->6297K(6464K) NonClass: 5764K(5824K)->5764K(5824K) Class: 533K(640K)->533K(640K)
[2.748s][info][gc             ] GC(75) Pause Full (Ergonomics) 418M->417M(527M) 157.452ms
[2.748s][info][gc,cpu         ] GC(75) User=0.91s Sys=0.00s Real=0.16s
[2.755s][info][gc,start       ] GC(76) Pause Young (Allocation Failure)
[2.782s][info][gc,heap        ] GC(76) PSYoungGen: 18242K(62976K)->9088K(64512K) Eden: 6656K(6656K)->0K(6656K) From: 11586K(56320K)->9088K(57856K)
[2.782s][info][gc,heap        ] GC(76) ParOldGen: 415801K(476672K)->425241K(476672K)
[2.782s][info][gc,metaspace   ] GC(76) Metaspace: 6297K(6464K)->6297K(6464K) NonClass: 5764K(5824K)->5764K(5824K) Class: 533K(640K)->533K(640K)
[2.782s][info][gc             ] GC(76) Pause Young (Allocation Failure) 423M->424M(528M) 26.923ms
[2.782s][info][gc,cpu         ] GC(76) User=0.11s Sys=0.00s Real=0.03s
[2.789s][info][gc,start       ] GC(77) Pause Young (Allocation Failure)
[2.799s][info][gc,heap        ] GC(77) PSYoungGen: 15744K(64512K)->6784K(65536K) Eden: 6656K(6656K)->0K(7680K) From: 9088K(57856K)->6784K(57856K)
[2.799s][info][gc,heap        ] GC(77) ParOldGen: 425241K(476672K)->434337K(476672K)
[2.799s][info][gc,metaspace   ] GC(77) Metaspace: 6297K(6464K)->6297K(6464K) NonClass: 5764K(5824K)->5764K(5824K) Class: 533K(640K)->533K(640K)
[2.799s][info][gc             ] GC(77) Pause Young (Allocation Failure) 430M->430M(529M) 9.918ms
[2.799s][info][gc,cpu         ] GC(77) User=0.02s Sys=0.00s Real=0.01s
[2.806s][info][gc,start       ] GC(78) Pause Young (Allocation Failure)
[2.816s][info][gc,heap        ] GC(78) PSYoungGen: 14464K(65536K)->7776K(65536K) Eden: 7680K(7680K)->0K(7680K) From: 6784K(57856K)->7776K(57856K)
[2.816s][info][gc,heap        ] GC(78) ParOldGen: 434337K(476672K)->441081K(476672K)
[2.816s][info][gc,metaspace   ] GC(78) Metaspace: 6297K(6464K)->6297K(6464K) NonClass: 5764K(5824K)->5764K(5824K) Class: 533K(640K)->533K(640K)
[2.816s][info][gc             ] GC(78) Pause Young (Allocation Failure) 438M->438M(529M) 9.465ms
[2.816s][info][gc,cpu         ] GC(78) User=0.02s Sys=0.00s Real=0.01s
[2.824s][info][gc,start       ] GC(79) Pause Young (Allocation Failure)
[2.833s][info][gc,heap        ] GC(79) PSYoungGen: 15456K(65536K)->7776K(64000K) Eden: 7680K(7680K)->0K(8704K) From: 7776K(57856K)->7776K(55296K)
[2.833s][info][gc,heap        ] GC(79) ParOldGen: 441081K(476672K)->448881K(476672K)
[2.833s][info][gc,metaspace   ] GC(79) Metaspace: 6297K(6464K)->6297K(6464K) NonClass: 5764K(5824K)->5764K(5824K) Class: 533K(640K)->533K(640K)
[2.833s][info][gc             ] GC(79) Pause Young (Allocation Failure) 445M->445M(528M) 9.229ms
[2.833s][info][gc,cpu         ] GC(79) User=0.00s Sys=0.00s Real=0.01s
[2.843s][info][gc,start       ] GC(80) Pause Young (Allocation Failure)
[2.853s][info][gc,heap        ] GC(80) PSYoungGen: 16480K(64000K)->8832K(65024K) Eden: 8704K(8704K)->0K(8704K) From: 7776K(55296K)->8832K(56320K)
[2.853s][info][gc,heap        ] GC(80) ParOldGen: 448881K(476672K)->456673K(476672K)
[2.853s][info][gc,metaspace   ] GC(80) Metaspace: 6297K(6464K)->6297K(6464K) NonClass: 5764K(5824K)->5764K(5824K) Class: 533K(640K)->533K(640K)
[2.853s][info][gc             ] GC(80) Pause Young (Allocation Failure) 454M->454M(529M) 10.128ms
[2.853s][info][gc,cpu         ] GC(80) User=0.00s Sys=0.00s Real=0.01s
[2.863s][info][gc,start       ] GC(81) Pause Young (Allocation Failure)
[2.873s][info][gc,heap        ] GC(81) PSYoungGen: 17536K(65024K)->8768K(61952K) Eden: 8704K(8704K)->0K(10240K) From: 8832K(56320K)->8768K(51712K)
[2.873s][info][gc,heap        ] GC(81) ParOldGen: 456673K(476672K)->465497K(476672K)
[2.873s][info][gc,metaspace   ] GC(81) Metaspace: 6297K(6464K)->6297K(6464K) NonClass: 5764K(5824K)->5764K(5824K) Class: 533K(640K)->533K(640K)
[2.873s][info][gc             ] GC(81) Pause Young (Allocation Failure) 463M->463M(526M) 10.663ms
[2.873s][info][gc,cpu         ] GC(81) User=0.02s Sys=0.00s Real=0.01s
[2.873s][info][gc,start       ] GC(82) Pause Full (Ergonomics)
[2.873s][info][gc,phases,start] GC(82) Marking Phase
[2.975s][info][gc,phases      ] GC(82) Marking Phase 102.209ms
[2.976s][info][gc,phases,start] GC(82) Summary Phase
[2.976s][info][gc,phases      ] GC(82) Summary Phase 0.032ms
[2.976s][info][gc,phases,start] GC(82) Adjust Roots
[2.976s][info][gc,phases      ] GC(82) Adjust Roots 0.168ms
[2.976s][info][gc,phases,start] GC(82) Compaction Phase
[3.024s][info][gc,phases      ] GC(82) Compaction Phase 48.492ms
[3.024s][info][gc,phases,start] GC(82) Post Compact
[3.027s][info][gc,phases      ] GC(82) Post Compact 2.288ms
[3.027s][info][gc,heap        ] GC(82) PSYoungGen: 8768K(61952K)->0K(63488K) Eden: 0K(10240K)->0K(10240K) From: 8768K(51712K)->0K(53248K)
[3.027s][info][gc,heap        ] GC(82) ParOldGen: 465497K(476672K)->473284K(530432K)
[3.027s][info][gc,metaspace   ] GC(82) Metaspace: 6297K(6464K)->6297K(6464K) NonClass: 5764K(5824K)->5764K(5824K) Class: 533K(640K)->533K(640K)
[3.027s][info][gc             ] GC(82) Pause Full (Ergonomics) 463M->462M(580M) 153.806ms
[3.027s][info][gc,cpu         ] GC(82) User=0.98s Sys=0.00s Real=0.15s
[3.039s][info][gc,start       ] GC(83) Pause Young (Allocation Failure)
[3.047s][info][gc,heap        ] GC(83) PSYoungGen: 10240K(63488K)->10336K(59904K) Eden: 10240K(10240K)->0K(11264K) From: 0K(53248K)->10336K(48640K)
[3.047s][info][gc,heap        ] GC(83) ParOldGen: 473284K(530432K)->473284K(530432K)
[3.047s][info][gc,metaspace   ] GC(83) Metaspace: 6297K(6464K)->6297K(6464K) NonClass: 5764K(5824K)->5764K(5824K) Class: 533K(640K)->533K(640K)
[3.047s][info][gc             ] GC(83) Pause Young (Allocation Failure) 472M->472M(576M) 8.334ms
[3.047s][info][gc,cpu         ] GC(83) User=0.02s Sys=0.00s Real=0.01s
[3.060s][info][gc,start       ] GC(84) Pause Young (Allocation Failure)
[3.072s][info][gc,heap        ] GC(84) PSYoungGen: 21600K(59904K)->21600K(33280K) Eden: 11264K(11264K)->0K(11264K) From: 10336K(48640K)->21600K(22016K)
[3.072s][info][gc,heap        ] GC(84) ParOldGen: 473284K(530432K)->473284K(530432K)
[3.072s][info][gc,metaspace   ] GC(84) Metaspace: 6297K(6464K)->6297K(6464K) NonClass: 5764K(5824K)->5764K(5824K) Class: 533K(640K)->533K(640K)
[3.073s][info][gc             ] GC(84) Pause Young (Allocation Failure) 483M->483M(550M) 12.038ms
[3.073s][info][gc,cpu         ] GC(84) User=0.00s Sys=0.00s Real=0.01s
[3.084s][info][gc,start       ] GC(85) Pause Young (Allocation Failure)
[3.102s][info][gc,heap        ] GC(85) PSYoungGen: 32864K(33280K)->32864K(59392K) Eden: 11264K(11264K)->0K(10240K) From: 21600K(22016K)->32864K(49152K)
[3.102s][info][gc,heap        ] GC(85) ParOldGen: 473284K(530432K)->473284K(530432K)
[3.102s][info][gc,metaspace   ] GC(85) Metaspace: 6297K(6464K)->6297K(6464K) NonClass: 5764K(5824K)->5764K(5824K) Class: 533K(640K)->533K(640K)
[3.102s][info][gc             ] GC(85) Pause Young (Allocation Failure) 494M->494M(576M) 18.244ms
[3.102s][info][gc,cpu         ] GC(85) User=0.11s Sys=0.00s Real=0.02s
[3.113s][info][gc,start       ] GC(86) Pause Young (Allocation Failure)
[3.137s][info][gc,heap        ] GC(86) PSYoungGen: 43104K(59392K)->32832K(61952K) Eden: 10240K(10240K)->0K(10240K) From: 32864K(49152K)->32832K(51712K)
[3.137s][info][gc,heap        ] GC(86) ParOldGen: 473284K(530432K)->483660K(530432K)
[3.138s][info][gc,metaspace   ] GC(86) Metaspace: 6297K(6464K)->6297K(6464K) NonClass: 5764K(5824K)->5764K(5824K) Class: 533K(640K)->533K(640K)
[3.138s][info][gc             ] GC(86) Pause Young (Allocation Failure) 504M->504M(578M) 24.316ms
[3.138s][info][gc,cpu         ] GC(86) User=0.11s Sys=0.02s Real=0.03s
[3.148s][info][gc,start       ] GC(87) Pause Young (Allocation Failure)
[3.172s][info][gc,heap        ] GC(87) PSYoungGen: 43072K(61952K)->31840K(64000K) Eden: 10240K(10240K)->0K(10752K) From: 32832K(51712K)->31840K(53248K)
[3.172s][info][gc,heap        ] GC(87) ParOldGen: 483660K(530432K)->495076K(530432K)
[3.172s][info][gc,metaspace   ] GC(87) Metaspace: 6297K(6464K)->6297K(6464K) NonClass: 5764K(5824K)->5764K(5824K) Class: 533K(640K)->533K(640K)
[3.172s][info][gc             ] GC(87) Pause Young (Allocation Failure) 514M->514M(580M) 23.586ms
[3.172s][info][gc,cpu         ] GC(87) User=0.14s Sys=0.00s Real=0.02s
[3.184s][info][gc,start       ] GC(88) Pause Young (Allocation Failure)
[3.206s][info][gc,heap        ] GC(88) PSYoungGen: 42592K(64000K)->21088K(32256K) Eden: 10752K(10752K)->0K(10752K) From: 31840K(53248K)->21088K(21504K)
[3.206s][info][gc,heap        ] GC(88) ParOldGen: 495076K(530432K)->516828K(530432K)
[3.206s][info][gc,metaspace   ] GC(88) Metaspace: 6297K(6464K)->6297K(6464K) NonClass: 5764K(5824K)->5764K(5824K) Class: 533K(640K)->533K(640K)
[3.206s][info][gc             ] GC(88) Pause Young (Allocation Failure) 525M->525M(549M) 22.413ms
[3.206s][info][gc,cpu         ] GC(88) User=0.11s Sys=0.02s Real=0.02s
[3.206s][info][gc,start       ] GC(89) Pause Full (Ergonomics)
[3.206s][info][gc,phases,start] GC(89) Marking Phase
[3.336s][info][gc,phases      ] GC(89) Marking Phase 130.086ms
[3.336s][info][gc,phases,start] GC(89) Summary Phase
[3.337s][info][gc,phases      ] GC(89) Summary Phase 0.028ms
[3.337s][info][gc,phases,start] GC(89) Adjust Roots
[3.337s][info][gc,phases      ] GC(89) Adjust Roots 0.233ms
[3.337s][info][gc,phases,start] GC(89) Compaction Phase
[3.391s][info][gc,phases      ] GC(89) Compaction Phase 54.132ms
[3.391s][info][gc,phases,start] GC(89) Post Compact
[3.392s][info][gc,phases      ] GC(89) Post Compact 0.975ms
[3.392s][info][gc,heap        ] GC(89) PSYoungGen: 21088K(32256K)->7134K(32256K) Eden: 0K(10752K)->0K(10752K) From: 21088K(21504K)->7134K(21504K)
[3.392s][info][gc,heap        ] GC(89) ParOldGen: 516828K(530432K)->529958K(594944K)
[3.392s][info][gc,metaspace   ] GC(89) Metaspace: 6297K(6464K)->6297K(6464K) NonClass: 5764K(5824K)->5764K(5824K) Class: 533K(640K)->533K(640K)
[3.392s][info][gc             ] GC(89) Pause Full (Ergonomics) 525M->524M(612M) 185.968ms
[3.392s][info][gc,cpu         ] GC(89) User=1.17s Sys=0.02s Real=0.19s
[3.404s][info][gc,start       ] GC(90) Pause Young (Allocation Failure)
[3.439s][info][gc,heap        ] GC(90) PSYoungGen: 17886K(32256K)->10912K(61440K) Eden: 10752K(10752K)->0K(12288K) From: 7134K(21504K)->10912K(49152K)
[3.439s][info][gc,heap        ] GC(90) ParOldGen: 529958K(594944K)->537230K(594944K)
[3.439s][info][gc,metaspace   ] GC(90) Metaspace: 6297K(6464K)->6297K(6464K) NonClass: 5764K(5824K)->5764K(5824K) Class: 533K(640K)->533K(640K)
[3.439s][info][gc             ] GC(90) Pause Young (Allocation Failure) 535M->535M(641M) 35.108ms
[3.439s][info][gc,cpu         ] GC(90) User=0.14s Sys=0.00s Real=0.04s
[3.453s][info][gc,start       ] GC(91) Pause Young (Allocation Failure)
[3.469s][info][gc,heap        ] GC(91) PSYoungGen: 23200K(61440K)->12416K(62464K) Eden: 12288K(12288K)->0K(12288K) From: 10912K(49152K)->12416K(50176K)
[3.469s][info][gc,heap        ] GC(91) ParOldGen: 537230K(594944K)->548142K(594944K)
[3.469s][info][gc,metaspace   ] GC(91) Metaspace: 6297K(6464K)->6297K(6464K) NonClass: 5764K(5824K)->5764K(5824K) Class: 533K(640K)->533K(640K)
[3.469s][info][gc             ] GC(91) Pause Young (Allocation Failure) 547M->547M(642M) 15.687ms
[3.469s][info][gc,cpu         ] GC(91) User=0.02s Sys=0.00s Real=0.02s
[3.483s][info][gc,start       ] GC(92) Pause Young (Allocation Failure)
[3.498s][info][gc,heap        ] GC(92) PSYoungGen: 24704K(62464K)->12416K(59392K) Eden: 12288K(12288K)->0K(13824K) From: 12416K(50176K)->12416K(45568K)
[3.498s][info][gc,heap        ] GC(92) ParOldGen: 548142K(594944K)->560606K(594944K)
[3.498s][info][gc,metaspace   ] GC(92) Metaspace: 6297K(6464K)->6297K(6464K) NonClass: 5764K(5824K)->5764K(5824K) Class: 533K(640K)->533K(640K)
[3.498s][info][gc             ] GC(92) Pause Young (Allocation Failure) 559M->559M(639M) 15.715ms
[3.498s][info][gc,cpu         ] GC(92) User=0.02s Sys=0.00s Real=0.02s
[3.514s][info][gc,start       ] GC(93) Pause Young (Allocation Failure)
[3.532s][info][gc,heap        ] GC(93) PSYoungGen: 26240K(59392K)->13952K(28160K) Eden: 13824K(13824K)->0K(13824K) From: 12416K(45568K)->13952K(14336K)
[3.532s][info][gc,heap        ] GC(93) ParOldGen: 560606K(594944K)->573062K(594944K)
[3.532s][info][gc,metaspace   ] GC(93) Metaspace: 6297K(6464K)->6297K(6464K) NonClass: 5764K(5824K)->5764K(5824K) Class: 533K(640K)->533K(640K)
[3.532s][info][gc             ] GC(93) Pause Young (Allocation Failure) 573M->573M(608M) 17.769ms
[3.532s][info][gc,cpu         ] GC(93) User=0.02s Sys=0.00s Real=0.02s
[3.547s][info][gc,start       ] GC(94) Pause Young (Allocation Failure)
[3.564s][info][gc,heap        ] GC(94) PSYoungGen: 27776K(28160K)->13952K(58368K) Eden: 13824K(13824K)->0K(15872K) From: 13952K(14336K)->13952K(42496K)
[3.564s][info][gc,heap        ] GC(94) ParOldGen: 573062K(594944K)->587078K(594944K)
[3.564s][info][gc,metaspace   ] GC(94) Metaspace: 6297K(6464K)->6297K(6464K) NonClass: 5764K(5824K)->5764K(5824K) Class: 533K(640K)->533K(640K)
[3.564s][info][gc             ] GC(94) Pause Young (Allocation Failure) 586M->586M(638M) 17.578ms
[3.564s][info][gc,cpu         ] GC(94) User=0.08s Sys=0.00s Real=0.02s
[3.564s][info][gc,start       ] GC(95) Pause Full (Ergonomics)
[3.564s][info][gc,phases,start] GC(95) Marking Phase
[3.709s][info][gc,phases      ] GC(95) Marking Phase 144.560ms
[3.709s][info][gc,phases,start] GC(95) Summary Phase
[3.709s][info][gc,phases      ] GC(95) Summary Phase 0.021ms
[3.709s][info][gc,phases,start] GC(95) Adjust Roots
[3.709s][info][gc,phases      ] GC(95) Adjust Roots 0.169ms
[3.709s][info][gc,phases,start] GC(95) Compaction Phase
[3.765s][info][gc,phases      ] GC(95) Compaction Phase 55.577ms
[3.765s][info][gc,phases,start] GC(95) Post Compact
[3.766s][info][gc,phases      ] GC(95) Post Compact 0.989ms
[3.766s][info][gc,heap        ] GC(95) PSYoungGen: 13952K(58368K)->5109K(59392K) Eden: 0K(15872K)->0K(16896K) From: 13952K(42496K)->5109K(42496K)
[3.766s][info][gc,heap        ] GC(95) ParOldGen: 587078K(594944K)->594799K(664064K)
[3.766s][info][gc,metaspace   ] GC(95) Metaspace: 6297K(6464K)->6297K(6464K) NonClass: 5764K(5824K)->5764K(5824K) Class: 533K(640K)->533K(640K)
[3.766s][info][gc             ] GC(95) Pause Full (Ergonomics) 586M->585M(706M) 201.845ms
[3.766s][info][gc,cpu         ] GC(95) User=1.38s Sys=0.00s Real=0.20s
[3.787s][info][gc,start       ] GC(96) Pause Young (Allocation Failure)
[3.827s][info][gc,heap        ] GC(96) PSYoungGen: 22005K(59392K)->16992K(34304K) Eden: 16896K(16896K)->0K(16896K) From: 5109K(42496K)->16992K(17408K)
[3.827s][info][gc,heap        ] GC(96) ParOldGen: 594799K(664064K)->600007K(664064K)
[3.827s][info][gc,metaspace   ] GC(96) Metaspace: 6297K(6464K)->6297K(6464K) NonClass: 5764K(5824K)->5764K(5824K) Class: 533K(640K)->533K(640K)
[3.827s][info][gc             ] GC(96) Pause Young (Allocation Failure) 602M->602M(682M) 40.532ms
[3.827s][info][gc,cpu         ] GC(96) User=0.17s Sys=0.06s Real=0.04s
[3.848s][info][gc,start       ] GC(97) Pause Young (Allocation Failure)
[3.868s][info][gc,heap        ] GC(97) PSYoungGen: 33888K(34304K)->33920K(56320K) Eden: 16896K(16896K)->0K(15360K) From: 16992K(17408K)->33920K(40960K)
[3.868s][info][gc,heap        ] GC(97) ParOldGen: 600007K(664064K)->600007K(664064K)
[3.868s][info][gc,metaspace   ] GC(97) Metaspace: 6297K(6464K)->6297K(6464K) NonClass: 5764K(5824K)->5764K(5824K) Class: 533K(640K)->533K(640K)
[3.868s][info][gc             ] GC(97) Pause Young (Allocation Failure) 619M->619M(703M) 20.160ms
[3.868s][info][gc,cpu         ] GC(97) User=0.11s Sys=0.00s Real=0.02s
[3.887s][info][gc,start       ] GC(98) Pause Young (Allocation Failure)
[3.913s][info][gc,heap        ] GC(98) PSYoungGen: 49280K(56320K)->44544K(59904K) Eden: 15360K(15360K)->0K(15360K) From: 33920K(40960K)->44544K(44544K)
[3.913s][info][gc,heap        ] GC(98) ParOldGen: 600007K(664064K)->604703K(664064K)
[3.913s][info][gc,metaspace   ] GC(98) Metaspace: 6297K(6464K)->6297K(6464K) NonClass: 5764K(5824K)->5764K(5824K) Class: 533K(640K)->533K(640K)
[3.913s][info][gc             ] GC(98) Pause Young (Allocation Failure) 634M->634M(707M) 25.986ms
[3.913s][info][gc,cpu         ] GC(98) User=0.12s Sys=0.00s Real=0.03s
[3.930s][info][gc,start       ] GC(99) Pause Young (Allocation Failure)
[3.962s][info][gc,heap        ] GC(99) PSYoungGen: 59904K(59904K)->29120K(70144K) Eden: 15360K(15360K)->0K(17408K) From: 44544K(44544K)->29120K(52736K)
[3.962s][info][gc,heap        ] GC(99) ParOldGen: 604703K(664064K)->636007K(664064K)
[3.962s][info][gc,metaspace   ] GC(99) Metaspace: 6297K(6464K)->6297K(6464K) NonClass: 5764K(5824K)->5764K(5824K) Class: 533K(640K)->533K(640K)
[3.962s][info][gc             ] GC(99) Pause Young (Allocation Failure) 649M->649M(717M) 31.387ms
[3.962s][info][gc,cpu         ] GC(99) User=0.14s Sys=0.00s Real=0.03s
[3.983s][info][gc,start       ] GC(100) Pause Young (Allocation Failure)
[4.007s][info][gc,heap        ] GC(100) PSYoungGen: 46528K(70144K)->32896K(70144K) Eden: 17408K(17408K)->0K(17408K) From: 29120K(52736K)->32896K(52736K)
[4.007s][info][gc,heap        ] GC(100) ParOldGen: 636007K(664064K)->649863K(664064K)
[4.007s][info][gc,metaspace   ] GC(100) Metaspace: 6297K(6464K)->6297K(6464K) NonClass: 5764K(5824K)->5764K(5824K) Class: 533K(640K)->533K(640K)
[4.007s][info][gc             ] GC(100) Pause Young (Allocation Failure) 666M->666M(717M) 24.217ms
[4.007s][info][gc,cpu         ] GC(100) User=0.12s Sys=0.00s Real=0.02s
[4.007s][info][gc,start       ] GC(101) Pause Full (Ergonomics)
[4.007s][info][gc,phases,start] GC(101) Marking Phase
[4.163s][info][gc,phases      ] GC(101) Marking Phase 155.327ms
[4.163s][info][gc,phases,start] GC(101) Summary Phase
[4.163s][info][gc,phases      ] GC(101) Summary Phase 0.023ms
[4.163s][info][gc,phases,start] GC(101) Adjust Roots
[4.163s][info][gc,phases      ] GC(101) Adjust Roots 0.202ms
[4.163s][info][gc,phases,start] GC(101) Compaction Phase
[4.224s][info][gc,phases      ] GC(101) Compaction Phase 60.651ms
[4.224s][info][gc,phases,start] GC(101) Post Compact
[4.225s][info][gc,phases      ] GC(101) Post Compact 1.482ms
[4.226s][info][gc,heap        ] GC(101) PSYoungGen: 32896K(70144K)->17883K(70144K) Eden: 0K(17408K)->0K(17408K) From: 32896K(52736K)->17883K(52736K)
[4.226s][info][gc,heap        ] GC(101) ParOldGen: 649863K(664064K)->663782K(742912K)
[4.226s][info][gc,metaspace   ] GC(101) Metaspace: 6297K(6464K)->6297K(6464K) NonClass: 5764K(5824K)->5764K(5824K) Class: 533K(640K)->533K(640K)
[4.226s][info][gc             ] GC(101) Pause Full (Ergonomics) 666M->665M(794M) 218.380ms
[4.226s][info][gc,cpu         ] GC(101) User=1.53s Sys=0.02s Real=0.22s
[4.252s][info][gc,start       ] GC(102) Pause Young (Allocation Failure)
[4.306s][info][gc,heap        ] GC(102) PSYoungGen: 35291K(70144K)->26592K(68608K) Eden: 17408K(17408K)->0K(19456K) From: 17883K(52736K)->26592K(49152K)
[4.306s][info][gc,heap        ] GC(102) ParOldGen: 663782K(742912K)->672806K(742912K)
[4.306s][info][gc,metaspace   ] GC(102) Metaspace: 6297K(6464K)->6297K(6464K) NonClass: 5764K(5824K)->5764K(5824K) Class: 533K(640K)->533K(640K)
[4.306s][info][gc             ] GC(102) Pause Young (Allocation Failure) 682M->683M(792M) 54.188ms
[4.306s][info][gc,cpu         ] GC(102) User=0.23s Sys=0.00s Real=0.05s
[4.463s][info][gc,start       ] GC(103) Pause Young (Allocation Failure)
[4.505s][info][gc,heap        ] GC(103) PSYoungGen: 46048K(68608K)->46048K(70656K) Eden: 19456K(19456K)->0K(19456K) From: 26592K(49152K)->46048K(51200K)
[4.505s][info][gc,heap        ] GC(103) ParOldGen: 705574K(742912K)->705574K(742912K)
[4.505s][info][gc,metaspace   ] GC(103) Metaspace: 6297K(6464K)->6297K(6464K) NonClass: 5764K(5824K)->5764K(5824K) Class: 533K(640K)->533K(640K)
[4.505s][info][gc             ] GC(103) Pause Young (Allocation Failure) 734M->734M(794M) 42.411ms
[4.505s][info][gc,cpu         ] GC(103) User=0.27s Sys=0.00s Real=0.04s
[4.526s][info][gc,start       ] GC(104) Pause Young (Allocation Failure)
[4.564s][info][gc,heap        ] GC(104) PSYoungGen: 65504K(70656K)->56320K(66048K) Eden: 19456K(19456K)->0K(9728K) From: 46048K(51200K)->56320K(56320K)
[4.564s][info][gc,heap        ] GC(104) ParOldGen: 705574K(742912K)->714758K(742912K)
[4.564s][info][gc,metaspace   ] GC(104) Metaspace: 6297K(6464K)->6297K(6464K) NonClass: 5764K(5824K)->5764K(5824K) Class: 533K(640K)->533K(640K)
[4.564s][info][gc             ] GC(104) Pause Young (Allocation Failure) 753M->753M(790M) 37.650ms
[4.564s][info][gc,cpu         ] GC(104) User=0.14s Sys=0.03s Real=0.04s
[4.574s][info][gc,start       ] GC(105) Pause Young (Allocation Failure)
[4.610s][info][gc,heap        ] GC(105) PSYoungGen: 66048K(66048K)->42720K(77824K) Eden: 9728K(9728K)->0K(9728K) From: 56320K(56320K)->42720K(68096K)
[4.610s][info][gc,heap        ] GC(105) ParOldGen: 714758K(742912K)->738518K(742912K)
[4.610s][info][gc,metaspace   ] GC(105) Metaspace: 6297K(6464K)->6297K(6464K) NonClass: 5764K(5824K)->5764K(5824K) Class: 533K(640K)->533K(640K)
[4.610s][info][gc             ] GC(105) Pause Young (Allocation Failure) 762M->762M(801M) 35.571ms
[4.610s][info][gc,cpu         ] GC(105) User=0.22s Sys=0.02s Real=0.04s
[4.610s][info][gc,start       ] GC(106) Pause Full (Ergonomics)
[4.610s][info][gc,phases,start] GC(106) Marking Phase
[4.780s][info][gc,phases      ] GC(106) Marking Phase 170.058ms
[4.780s][info][gc,phases,start] GC(106) Summary Phase
[4.780s][info][gc,phases      ] GC(106) Summary Phase 0.024ms
[4.780s][info][gc,phases,start] GC(106) Adjust Roots
[4.780s][info][gc,phases      ] GC(106) Adjust Roots 0.184ms
[4.781s][info][gc,phases,start] GC(106) Compaction Phase
[4.911s][info][gc,phases      ] GC(106) Compaction Phase 130.458ms
[4.911s][info][gc,phases,start] GC(106) Post Compact
[4.912s][info][gc,phases      ] GC(106) Post Compact 1.456ms
[4.913s][info][gc,heap        ] GC(106) PSYoungGen: 42720K(77824K)->21545K(77824K) Eden: 0K(9728K)->0K(9728K) From: 42720K(68096K)->21545K(68096K)
[4.913s][info][gc,heap        ] GC(106) ParOldGen: 738518K(742912K)->742422K(827392K)
[4.913s][info][gc,metaspace   ] GC(106) Metaspace: 6297K(6464K)->6297K(6464K) NonClass: 5764K(5824K)->5764K(5824K) Class: 533K(640K)->533K(640K)
[4.913s][info][gc             ] GC(106) Pause Full (Ergonomics) 762M->746M(884M) 302.769ms
[4.913s][info][gc,cpu         ] GC(106) User=1.86s Sys=0.00s Real=0.30s
[4.924s][info][gc,start       ] GC(107) Pause Young (Allocation Failure)
[4.969s][info][gc,heap        ] GC(107) PSYoungGen: 31273K(77824K)->23104K(74752K) Eden: 9728K(9728K)->0K(10752K) From: 21545K(68096K)->23104K(64000K)
[4.969s][info][gc,heap        ] GC(107) ParOldGen: 742422K(827392K)->750878K(827392K)
[4.969s][info][gc,metaspace   ] GC(107) Metaspace: 6297K(6464K)->6297K(6464K) NonClass: 5764K(5824K)->5764K(5824K) Class: 533K(640K)->533K(640K)
[4.969s][info][gc             ] GC(107) Pause Young (Allocation Failure) 755M->755M(881M) 44.690ms
[4.969s][info][gc,cpu         ] GC(107) User=0.25s Sys=0.00s Real=0.05s
[4.980s][info][gc,start       ] GC(108) Pause Young (Allocation Failure)
[5.000s][info][gc,heap        ] GC(108) PSYoungGen: 33856K(74752K)->33856K(45056K) Eden: 10752K(10752K)->0K(10752K) From: 23104K(64000K)->33856K(34304K)
[5.000s][info][gc,heap        ] GC(108) ParOldGen: 750878K(827392K)->750878K(827392K)
[5.000s][info][gc,metaspace   ] GC(108) Metaspace: 6297K(6464K)->6297K(6464K) NonClass: 5764K(5824K)->5764K(5824K) Class: 533K(640K)->533K(640K)
[5.000s][info][gc             ] GC(108) Pause Young (Allocation Failure) 766M->766M(852M) 20.125ms
[5.000s][info][gc,cpu         ] GC(108) User=0.02s Sys=0.00s Real=0.02s
[5.012s][info][gc,start       ] GC(109) Pause Young (Allocation Failure)
[5.034s][info][gc,heap        ] GC(109) PSYoungGen: 44608K(45056K)->36256K(73216K) Eden: 10752K(10752K)->0K(12288K) From: 33856K(34304K)->36256K(60928K)
[5.035s][info][gc,heap        ] GC(109) ParOldGen: 750878K(827392K)->759326K(827392K)
[5.035s][info][gc,metaspace   ] GC(109) Metaspace: 6297K(6464K)->6297K(6464K) NonClass: 5764K(5824K)->5764K(5824K) Class: 533K(640K)->533K(640K)
[5.035s][info][gc             ] GC(109) Pause Young (Allocation Failure) 776M->776M(879M) 22.943ms
[5.035s][info][gc,cpu         ] GC(109) User=0.09s Sys=0.00s Real=0.02s
[5.047s][info][gc,start       ] GC(110) Pause Young (Allocation Failure)
[5.071s][info][gc,heap        ] GC(110) PSYoungGen: 48544K(73216K)->43648K(74752K) Eden: 12288K(12288K)->0K(12288K) From: 36256K(60928K)->43648K(62464K)
[5.071s][info][gc,heap        ] GC(110) ParOldGen: 759326K(827392K)->764350K(827392K)
[5.071s][info][gc,metaspace   ] GC(110) Metaspace: 6297K(6464K)->6297K(6464K) NonClass: 5764K(5824K)->5764K(5824K) Class: 533K(640K)->533K(640K)
[5.071s][info][gc             ] GC(110) Pause Young (Allocation Failure) 788M->789M(881M) 24.093ms
[5.071s][info][gc,cpu         ] GC(110) User=0.02s Sys=0.00s Real=0.02s
[5.083s][info][gc,start       ] GC(111) Pause Young (Allocation Failure)
[5.111s][info][gc,heap        ] GC(111) PSYoungGen: 55936K(74752K)->35456K(73728K) Eden: 12288K(12288K)->0K(13824K) From: 43648K(62464K)->35456K(59904K)
[5.111s][info][gc,heap        ] GC(111) ParOldGen: 764350K(827392K)->785078K(827392K)
[5.111s][info][gc,metaspace   ] GC(111) Metaspace: 6297K(6464K)->6297K(6464K) NonClass: 5764K(5824K)->5764K(5824K) Class: 533K(640K)->533K(640K)
[5.111s][info][gc             ] GC(111) Pause Young (Allocation Failure) 801M->801M(880M) 27.886ms
[5.111s][info][gc,cpu         ] GC(111) User=0.12s Sys=0.02s Real=0.03s
[5.127s][info][gc,start       ] GC(112) Pause Young (Allocation Failure)
[5.151s][info][gc,heap        ] GC(112) PSYoungGen: 49280K(73728K)->26208K(75776K) Eden: 13824K(13824K)->0K(13824K) From: 35456K(59904K)->26208K(61952K)
[5.151s][info][gc,heap        ] GC(112) ParOldGen: 785078K(827392K)->808406K(827392K)
[5.151s][info][gc,metaspace   ] GC(112) Metaspace: 6297K(6464K)->6297K(6464K) NonClass: 5764K(5824K)->5764K(5824K) Class: 533K(640K)->533K(640K)
[5.151s][info][gc             ] GC(112) Pause Young (Allocation Failure) 814M->815M(882M) 24.767ms
[5.151s][info][gc,cpu         ] GC(112) User=0.12s Sys=0.00s Real=0.03s
[5.151s][info][gc,start       ] GC(113) Pause Full (Ergonomics)
[5.151s][info][gc,phases,start] GC(113) Marking Phase
[5.338s][info][gc,phases      ] GC(113) Marking Phase 186.079ms
[5.338s][info][gc,phases,start] GC(113) Summary Phase
[5.338s][info][gc,phases      ] GC(113) Summary Phase 0.033ms
[5.338s][info][gc,phases,start] GC(113) Adjust Roots
[5.338s][info][gc,phases      ] GC(113) Adjust Roots 0.226ms
[5.338s][info][gc,phases,start] GC(113) Compaction Phase
[5.423s][info][gc,phases      ] GC(113) Compaction Phase 85.508ms
[5.424s][info][gc,phases,start] GC(113) Post Compact
[5.425s][info][gc,phases      ] GC(113) Post Compact 1.518ms
[5.426s][info][gc,heap        ] GC(113) PSYoungGen: 26208K(75776K)->6134K(75776K) Eden: 0K(13824K)->0K(13824K) From: 26208K(61952K)->6134K(61952K)
[5.426s][info][gc,heap        ] GC(113) ParOldGen: 808406K(827392K)->827289K(920576K)
[5.426s][info][gc,metaspace   ] GC(113) Metaspace: 6297K(6464K)->6297K(6464K) NonClass: 5764K(5824K)->5764K(5824K) Class: 533K(640K)->533K(640K)
[5.426s][info][gc             ] GC(113) Pause Full (Ergonomics) 815M->813M(973M) 274.131ms
[5.426s][info][gc,cpu         ] GC(113) User=1.80s Sys=0.00s Real=0.28s
[5.443s][info][gc,start       ] GC(114) Pause Young (Allocation Failure)
[5.487s][info][gc,heap        ] GC(114) PSYoungGen: 19958K(75776K)->13984K(75264K) Eden: 13824K(13824K)->0K(15360K) From: 6134K(61952K)->13984K(59904K)
[5.487s][info][gc,heap        ] GC(114) ParOldGen: 827289K(920576K)->833529K(920576K)
[5.487s][info][gc,metaspace   ] GC(114) Metaspace: 6297K(6464K)->6297K(6464K) NonClass: 5764K(5824K)->5764K(5824K) Class: 533K(640K)->533K(640K)
[5.487s][info][gc             ] GC(114) Pause Young (Allocation Failure) 827M->827M(972M) 44.556ms
[5.487s][info][gc,cpu         ] GC(114) User=0.27s Sys=0.00s Real=0.05s
[5.504s][info][gc,start       ] GC(115) Pause Young (Allocation Failure)
[5.522s][info][gc,heap        ] GC(115) PSYoungGen: 29344K(75264K)->15456K(75776K) Eden: 15360K(15360K)->0K(15360K) From: 13984K(59904K)->15456K(60416K)
[5.522s][info][gc,heap        ] GC(115) ParOldGen: 833529K(920576K)->847537K(920576K)
[5.522s][info][gc,metaspace   ] GC(115) Metaspace: 6297K(6464K)->6297K(6464K) NonClass: 5764K(5824K)->5764K(5824K) Class: 533K(640K)->533K(640K)
[5.522s][info][gc             ] GC(115) Pause Young (Allocation Failure) 842M->842M(973M) 18.545ms
[5.522s][info][gc,cpu         ] GC(115) User=0.03s Sys=0.00s Real=0.02s
[5.539s][info][gc,start       ] GC(116) Pause Young (Allocation Failure)
[5.557s][info][gc,heap        ] GC(116) PSYoungGen: 30816K(75776K)->15520K(76288K) Eden: 15360K(15360K)->0K(17408K) From: 15456K(60416K)->15520K(58880K)
[5.557s][info][gc,heap        ] GC(116) ParOldGen: 847537K(920576K)->863113K(920576K)
[5.557s][info][gc,metaspace   ] GC(116) Metaspace: 6297K(6464K)->6297K(6464K) NonClass: 5764K(5824K)->5764K(5824K) Class: 533K(640K)->533K(640K)
[5.557s][info][gc             ] GC(116) Pause Young (Allocation Failure) 857M->858M(973M) 18.790ms
[5.557s][info][gc,cpu         ] GC(116) User=0.03s Sys=0.00s Real=0.02s
[5.577s][info][gc,start       ] GC(117) Pause Young (Allocation Failure)
[5.596s][info][gc,heap        ] GC(117) PSYoungGen: 32928K(76288K)->17536K(76800K) Eden: 17408K(17408K)->0K(17408K) From: 15520K(58880K)->17536K(59392K)
[5.596s][info][gc,heap        ] GC(117) ParOldGen: 863113K(920576K)->878697K(920576K)
[5.596s][info][gc,metaspace   ] GC(117) Metaspace: 6297K(6464K)->6297K(6464K) NonClass: 5764K(5824K)->5764K(5824K) Class: 533K(640K)->533K(640K)
[5.596s][info][gc             ] GC(117) Pause Young (Allocation Failure) 875M->875M(974M) 19.400ms
[5.596s][info][gc,cpu         ] GC(117) User=0.03s Sys=0.00s Real=0.02s
[5.615s][info][gc,start       ] GC(118) Pause Young (Allocation Failure)
[5.637s][info][gc,heap        ] GC(118) PSYoungGen: 34944K(76800K)->17536K(74240K) Eden: 17408K(17408K)->0K(19456K) From: 17536K(59392K)->17536K(54784K)
[5.637s][info][gc,heap        ] GC(118) ParOldGen: 878697K(920576K)->896353K(920576K)
[5.637s][info][gc,metaspace   ] GC(118) Metaspace: 6297K(6464K)->6297K(6464K) NonClass: 5764K(5824K)->5764K(5824K) Class: 533K(640K)->533K(640K)
[5.637s][info][gc             ] GC(118) Pause Young (Allocation Failure) 892M->892M(971M) 21.599ms
[5.637s][info][gc,cpu         ] GC(118) User=0.05s Sys=0.00s Real=0.02s
[5.637s][info][gc,start       ] GC(119) Pause Full (Ergonomics)
[5.637s][info][gc,phases,start] GC(119) Marking Phase
[5.844s][info][gc,phases      ] GC(119) Marking Phase 206.879ms
[5.844s][info][gc,phases,start] GC(119) Summary Phase
[5.844s][info][gc,phases      ] GC(119) Summary Phase 0.030ms
[5.844s][info][gc,phases,start] GC(119) Adjust Roots
[5.844s][info][gc,phases      ] GC(119) Adjust Roots 0.151ms
[5.844s][info][gc,phases,start] GC(119) Compaction Phase
[5.932s][info][gc,phases      ] GC(119) Compaction Phase 88.042ms
[5.932s][info][gc,phases,start] GC(119) Post Compact
[5.934s][info][gc,phases      ] GC(119) Post Compact 1.547ms
[5.934s][info][gc,heap        ] GC(119) PSYoungGen: 17536K(74240K)->0K(75776K) Eden: 0K(19456K)->0K(19456K) From: 17536K(54784K)->0K(56320K)
[5.934s][info][gc,heap        ] GC(119) ParOldGen: 896353K(920576K)->912623K(1011200K)
[5.934s][info][gc,metaspace   ] GC(119) Metaspace: 6297K(6464K)->6297K(6464K) NonClass: 5764K(5824K)->5764K(5824K) Class: 533K(640K)->533K(640K)
[5.934s][info][gc             ] GC(119) Pause Full (Ergonomics) 892M->891M(1061M) 297.337ms
[5.934s][info][gc,cpu         ] GC(119) User=1.94s Sys=0.05s Real=0.30s
[5.958s][info][gc,start       ] GC(120) Pause Young (Allocation Failure)
[5.973s][info][gc,heap        ] GC(120) PSYoungGen: 19456K(75776K)->19584K(73216K) Eden: 19456K(19456K)->0K(21504K) From: 0K(56320K)->19584K(51712K)
[5.973s][info][gc,heap        ] GC(120) ParOldGen: 912623K(1011200K)->912623K(1011200K)
[5.973s][info][gc,metaspace   ] GC(120) Metaspace: 6297K(6464K)->6297K(6464K) NonClass: 5764K(5824K)->5764K(5824K) Class: 533K(640K)->533K(640K)
[5.973s][info][gc             ] GC(120) Pause Young (Allocation Failure) 910M->910M(1059M) 14.895ms
[5.973s][info][gc,cpu         ] GC(120) User=0.02s Sys=0.00s Real=0.02s
[5.997s][info][gc,start       ] GC(121) Pause Young (Allocation Failure)
[6.020s][info][gc,heap        ] GC(121) PSYoungGen: 41088K(73216K)->41120K(75776K) Eden: 21504K(21504K)->0K(21504K) From: 19584K(51712K)->41120K(54272K)
[6.020s][info][gc,heap        ] GC(121) ParOldGen: 912623K(1011200K)->912623K(1011200K)
[6.020s][info][gc,metaspace   ] GC(121) Metaspace: 6297K(6464K)->6297K(6464K) NonClass: 5764K(5824K)->5764K(5824K) Class: 533K(640K)->533K(640K)
[6.020s][info][gc             ] GC(121) Pause Young (Allocation Failure) 931M->931M(1061M) 23.276ms
[6.020s][info][gc,cpu         ] GC(121) User=0.12s Sys=0.00s Real=0.02s
[6.044s][info][gc,start       ] GC(122) Pause Young (Allocation Failure)
[6.075s][info][gc,heap        ] GC(122) PSYoungGen: 62624K(75776K)->57344K(70656K) Eden: 21504K(21504K)->0K(13312K) From: 41120K(54272K)->57344K(57344K)
[6.075s][info][gc,heap        ] GC(122) ParOldGen: 912623K(1011200K)->917871K(1011200K)
[6.075s][info][gc,metaspace   ] GC(122) Metaspace: 6297K(6464K)->6297K(6464K) NonClass: 5764K(5824K)->5764K(5824K) Class: 533K(640K)->533K(640K)
[6.075s][info][gc             ] GC(122) Pause Young (Allocation Failure) 952M->952M(1056M) 31.278ms
[6.075s][info][gc,cpu         ] GC(122) User=0.14s Sys=0.00s Real=0.03s
[6.090s][info][gc,start       ] GC(123) Pause Young (Allocation Failure)
[6.124s][info][gc,heap        ] GC(123) PSYoungGen: 70656K(70656K)->33088K(46592K) Eden: 13312K(13312K)->0K(13312K) From: 57344K(57344K)->33088K(33280K)
[6.124s][info][gc,heap        ] GC(123) ParOldGen: 917871K(1011200K)->956063K(1011200K)
[6.124s][info][gc,metaspace   ] GC(123) Metaspace: 6297K(6464K)->6297K(6464K) NonClass: 5764K(5824K)->5764K(5824K) Class: 533K(640K)->533K(640K)
[6.124s][info][gc             ] GC(123) Pause Young (Allocation Failure) 965M->965M(1033M) 34.194ms
[6.124s][info][gc,cpu         ] GC(123) User=0.19s Sys=0.06s Real=0.04s
[6.140s][info][gc,start       ] GC(124) Pause Young (Allocation Failure)
[6.164s][info][gc,heap        ] GC(124) PSYoungGen: 46400K(46592K)->26752K(75264K) Eden: 13312K(13312K)->0K(15360K) From: 33088K(33280K)->26752K(59904K)
[6.164s][info][gc,heap        ] GC(124) ParOldGen: 956063K(1011200K)->975935K(1011200K)
[6.164s][info][gc,metaspace   ] GC(124) Metaspace: 6297K(6464K)->6297K(6464K) NonClass: 5764K(5824K)->5764K(5824K) Class: 533K(640K)->533K(640K)
[6.164s][info][gc             ] GC(124) Pause Young (Allocation Failure) 978M->979M(1061M) 23.870ms
[6.164s][info][gc,cpu         ] GC(124) User=0.12s Sys=0.00s Real=0.02s
[6.181s][info][gc,start       ] GC(125) Pause Young (Allocation Failure)
[6.203s][info][gc,heap        ] GC(125) PSYoungGen: 42112K(75264K)->28832K(44544K) Eden: 15360K(15360K)->0K(15360K) From: 26752K(59904K)->28832K(29184K)
[6.203s][info][gc,heap        ] GC(125) ParOldGen: 975935K(1011200K)->989439K(1011200K)
[6.203s][info][gc,metaspace   ] GC(125) Metaspace: 6297K(6464K)->6297K(6464K) NonClass: 5764K(5824K)->5764K(5824K) Class: 533K(640K)->533K(640K)
[6.203s][info][gc             ] GC(125) Pause Young (Allocation Failure) 994M->994M(1031M) 22.548ms
[6.203s][info][gc,cpu         ] GC(125) User=0.14s Sys=0.00s Real=0.02s
[6.203s][info][gc,start       ] GC(126) Pause Full (Ergonomics)
[6.204s][info][gc,phases,start] GC(126) Marking Phase
[6.426s][info][gc,phases      ] GC(126) Marking Phase 222.127ms
[6.426s][info][gc,phases,start] GC(126) Summary Phase
[6.426s][info][gc,phases      ] GC(126) Summary Phase 0.043ms
[6.426s][info][gc,phases,start] GC(126) Adjust Roots
[6.426s][info][gc,phases      ] GC(126) Adjust Roots 0.193ms
[6.426s][info][gc,phases,start] GC(126) Compaction Phase
[6.516s][info][gc,phases      ] GC(126) Compaction Phase 90.076ms
[6.516s][info][gc,phases,start] GC(126) Post Compact
[6.518s][info][gc,phases      ] GC(126) Post Compact 1.699ms
[6.518s][info][gc,heap        ] GC(126) PSYoungGen: 28832K(44544K)->6130K(44544K) Eden: 0K(15360K)->0K(15360K) From: 28832K(29184K)->6130K(29184K)
[6.518s][info][gc,heap        ] GC(126) ParOldGen: 989439K(1011200K)->1010752K(1121792K)
[6.518s][info][gc,metaspace   ] GC(126) Metaspace: 6297K(6464K)->6297K(6464K) NonClass: 5764K(5824K)->5764K(5824K) Class: 533K(640K)->533K(640K)
[6.518s][info][gc             ] GC(126) Pause Full (Ergonomics) 994M->993M(1139M) 314.872ms
[6.518s][info][gc,cpu         ] GC(126) User=2.17s Sys=0.00s Real=0.32s
[6.539s][info][gc,start       ] GC(127) Pause Young (Allocation Failure)
[6.593s][info][gc,heap        ] GC(127) PSYoungGen: 21490K(44544K)->20064K(73728K) Eden: 15360K(15360K)->0K(16896K) From: 6130K(29184K)->20064K(56832K)
[6.593s][info][gc,heap        ] GC(127) ParOldGen: 1010752K(1121792K)->1012384K(1121792K)
[6.593s][info][gc,metaspace   ] GC(127) Metaspace: 6297K(6464K)->6297K(6464K) NonClass: 5764K(5824K)->5764K(5824K) Class: 533K(640K)->533K(640K)
[6.593s][info][gc             ] GC(127) Pause Young (Allocation Failure) 1008M->1008M(1167M) 54.385ms
[6.593s][info][gc,cpu         ] GC(127) User=0.27s Sys=0.00s Real=0.05s
[6.612s][info][gc,start       ] GC(128) Pause Young (Allocation Failure)
[6.634s][info][gc,heap        ] GC(128) PSYoungGen: 36960K(73728K)->36928K(75264K) Eden: 16896K(16896K)->0K(16896K) From: 20064K(56832K)->36928K(58368K)
[6.634s][info][gc,heap        ] GC(128) ParOldGen: 1012384K(1121792K)->1012384K(1121792K)
[6.634s][info][gc,metaspace   ] GC(128) Metaspace: 6297K(6464K)->6297K(6464K) NonClass: 5764K(5824K)->5764K(5824K) Class: 533K(640K)->533K(640K)
[6.634s][info][gc             ] GC(128) Pause Young (Allocation Failure) 1024M->1024M(1169M) 21.904ms
[6.634s][info][gc,cpu         ] GC(128) User=0.03s Sys=0.00s Real=0.02s
[6.652s][info][gc,start       ] GC(129) Pause Young (Allocation Failure)
[6.680s][info][gc,heap        ] GC(129) PSYoungGen: 53824K(75264K)->53888K(71680K) Eden: 16896K(16896K)->0K(13312K) From: 36928K(58368K)->53888K(58368K)
[6.681s][info][gc,heap        ] GC(129) ParOldGen: 1012384K(1121792K)->1012384K(1121792K)
[6.681s][info][gc,metaspace   ] GC(129) Metaspace: 6297K(6464K)->6297K(6464K) NonClass: 5764K(5824K)->5764K(5824K) Class: 533K(640K)->533K(640K)
[6.681s][info][gc             ] GC(129) Pause Young (Allocation Failure) 1041M->1041M(1165M) 28.664ms
[6.681s][info][gc,cpu         ] GC(129) User=0.12s Sys=0.00s Real=0.03s
[6.696s][info][gc,start       ] GC(130) Pause Young (Allocation Failure)
[6.729s][info][gc,heap        ] GC(130) PSYoungGen: 67200K(71680K)->62592K(77312K) Eden: 13312K(13312K)->0K(13312K) From: 53888K(58368K)->62592K(64000K)
[6.729s][info][gc,heap        ] GC(130) ParOldGen: 1012384K(1121792K)->1017024K(1121792K)
[6.729s][info][gc,metaspace   ] GC(130) Metaspace: 6297K(6464K)->6297K(6464K) NonClass: 5764K(5824K)->5764K(5824K) Class: 533K(640K)->533K(640K)
[6.729s][info][gc             ] GC(130) Pause Young (Allocation Failure) 1054M->1054M(1171M) 33.049ms
[6.729s][info][gc,cpu         ] GC(130) User=0.14s Sys=0.00s Real=0.03s
[6.744s][info][gc,start       ] GC(131) Pause Young (Allocation Failure)
[6.783s][info][gc,heap        ] GC(131) PSYoungGen: 75904K(77312K)->60544K(81920K) Eden: 13312K(13312K)->0K(9728K) From: 62592K(64000K)->60544K(72192K)
[6.783s][info][gc,heap        ] GC(131) ParOldGen: 1017024K(1121792K)->1032584K(1121792K)
[6.783s][info][gc,metaspace   ] GC(131) Metaspace: 6297K(6464K)->6297K(6464K) NonClass: 5764K(5824K)->5764K(5824K) Class: 533K(640K)->533K(640K)
[6.783s][info][gc             ] GC(131) Pause Young (Allocation Failure) 1067M->1067M(1175M) 39.308ms
[6.783s][info][gc,cpu         ] GC(131) User=0.30s Sys=0.06s Real=0.04s
[6.795s][info][gc,start       ] GC(132) Pause Young (Allocation Failure)
[6.837s][info][gc,heap        ] GC(132) PSYoungGen: 70272K(81920K)->36480K(46592K) Eden: 9728K(9728K)->0K(9728K) From: 60544K(72192K)->36480K(36864K)
[6.837s][info][gc,heap        ] GC(132) ParOldGen: 1032584K(1121792K)->1066832K(1121792K)
[6.837s][info][gc,metaspace   ] GC(132) Metaspace: 6297K(6464K)->6297K(6464K) NonClass: 5764K(5824K)->5764K(5824K) Class: 533K(640K)->533K(640K)
[6.837s][info][gc             ] GC(132) Pause Young (Allocation Failure) 1077M->1077M(1141M) 42.404ms
[6.837s][info][gc,cpu         ] GC(132) User=0.12s Sys=0.03s Real=0.04s
[6.848s][info][gc,start       ] GC(133) Pause Young (Allocation Failure)
[6.873s][info][gc,heap        ] GC(133) PSYoungGen: 46208K(46592K)->19584K(84480K) Eden: 9728K(9728K)->0K(11264K) From: 36480K(36864K)->19584K(73216K)
[6.873s][info][gc,heap        ] GC(133) ParOldGen: 1066832K(1121792K)->1093792K(1121792K)
[6.873s][info][gc,metaspace   ] GC(133) Metaspace: 6297K(6464K)->6297K(6464K) NonClass: 5764K(5824K)->5764K(5824K) Class: 533K(640K)->533K(640K)
[6.873s][info][gc             ] GC(133) Pause Young (Allocation Failure) 1086M->1087M(1178M) 25.565ms
[6.873s][info][gc,cpu         ] GC(133) User=0.14s Sys=0.00s Real=0.02s
[6.873s][info][gc,start       ] GC(134) Pause Full (Ergonomics)
[6.873s][info][gc,phases,start] GC(134) Marking Phase
[7.131s][info][gc,phases      ] GC(134) Marking Phase 258.061ms
[7.132s][info][gc,phases,start] GC(134) Summary Phase
[7.132s][info][gc,phases      ] GC(134) Summary Phase 0.039ms
[7.132s][info][gc,phases,start] GC(134) Adjust Roots
[7.132s][info][gc,phases      ] GC(134) Adjust Roots 0.159ms
[7.132s][info][gc,phases,start] GC(134) Compaction Phase
[7.220s][info][gc,phases      ] GC(134) Compaction Phase 88.367ms
[7.220s][info][gc,phases,start] GC(134) Post Compact
[7.222s][info][gc,phases      ] GC(134) Post Compact 1.800ms
[7.222s][info][gc,heap        ] GC(134) PSYoungGen: 19584K(84480K)->0K(84992K) Eden: 0K(11264K)->0K(11264K) From: 19584K(73216K)->0K(73728K)
[7.222s][info][gc,heap        ] GC(134) ParOldGen: 1093792K(1121792K)->1111893K(1238528K)
[7.223s][info][gc,metaspace   ] GC(134) Metaspace: 6297K(6464K)->6297K(6464K) NonClass: 5764K(5824K)->5764K(5824K) Class: 533K(640K)->533K(640K)
[7.223s][info][gc             ] GC(134) Pause Full (Ergonomics) 1087M->1085M(1292M) 349.119ms
[7.223s][info][gc,cpu         ] GC(134) User=2.61s Sys=0.00s Real=0.35s
[7.236s][info][gc,start       ] GC(135) Pause Young (Allocation Failure)
[7.249s][info][gc,heap        ] GC(135) PSYoungGen: 11264K(84992K)->11424K(86528K) Eden: 11264K(11264K)->0K(12800K) From: 0K(73728K)->11424K(73728K)
[7.249s][info][gc,heap        ] GC(135) ParOldGen: 1111893K(1238528K)->1111893K(1238528K)
[7.249s][info][gc,metaspace   ] GC(135) Metaspace: 6297K(6464K)->6297K(6464K) NonClass: 5764K(5824K)->5764K(5824K) Class: 533K(640K)->533K(640K)
[7.249s][info][gc             ] GC(135) Pause Young (Allocation Failure) 1096M->1096M(1294M) 13.341ms
[7.249s][info][gc,cpu         ] GC(135) User=0.00s Sys=0.00s Real=0.01s
[7.263s][info][gc,start       ] GC(136) Pause Young (Allocation Failure)
[7.279s][info][gc,heap        ] GC(136) PSYoungGen: 24224K(86528K)->12928K(87040K) Eden: 12800K(12800K)->0K(12800K) From: 11424K(73728K)->12928K(74240K)
[7.279s][info][gc,heap        ] GC(136) ParOldGen: 1111893K(1238528K)->1123325K(1238528K)
[7.279s][info][gc,metaspace   ] GC(136) Metaspace: 6297K(6464K)->6297K(6464K) NonClass: 5764K(5824K)->5764K(5824K) Class: 533K(640K)->533K(640K)
[7.279s][info][gc             ] GC(136) Pause Young (Allocation Failure) 1109M->1109M(1294M) 16.599ms
[7.279s][info][gc,cpu         ] GC(136) User=0.03s Sys=0.00s Real=0.02s
[7.293s][info][gc,start       ] GC(137) Pause Young (Allocation Failure)
[7.310s][info][gc,heap        ] GC(137) PSYoungGen: 25728K(87040K)->12896K(86016K) Eden: 12800K(12800K)->0K(14336K) From: 12928K(74240K)->12896K(71680K)
[7.310s][info][gc,heap        ] GC(137) ParOldGen: 1123325K(1238528K)->1136309K(1238528K)
[7.310s][info][gc,metaspace   ] GC(137) Metaspace: 6297K(6464K)->6297K(6464K) NonClass: 5764K(5824K)->5764K(5824K) Class: 533K(640K)->533K(640K)
[7.310s][info][gc             ] GC(137) Pause Young (Allocation Failure) 1122M->1122M(1293M) 17.562ms
[7.310s][info][gc,cpu         ] GC(137) User=0.03s Sys=0.00s Real=0.02s
[7.328s][info][gc,start       ] GC(138) Pause Young (Allocation Failure)
[7.345s][info][gc,heap        ] GC(138) PSYoungGen: 27232K(86016K)->14464K(87040K) Eden: 14336K(14336K)->0K(14336K) From: 12896K(71680K)->14464K(72704K)
[7.345s][info][gc,heap        ] GC(138) ParOldGen: 1136309K(1238528K)->1149285K(1238528K)
[7.345s][info][gc,metaspace   ] GC(138) Metaspace: 6297K(6464K)->6297K(6464K) NonClass: 5764K(5824K)->5764K(5824K) Class: 533K(640K)->533K(640K)
[7.345s][info][gc             ] GC(138) Pause Young (Allocation Failure) 1136M->1136M(1294M) 17.066ms
[7.345s][info][gc,cpu         ] GC(138) User=0.02s Sys=0.00s Real=0.02s
[7.361s][info][gc,start       ] GC(139) Pause Young (Allocation Failure)
[7.380s][info][gc,heap        ] GC(139) PSYoungGen: 28800K(87040K)->14464K(82944K) Eden: 14336K(14336K)->0K(16384K) From: 14464K(72704K)->14464K(66560K)
[7.380s][info][gc,heap        ] GC(139) ParOldGen: 1149285K(1238528K)->1163821K(1238528K)
[7.380s][info][gc,metaspace   ] GC(139) Metaspace: 6297K(6464K)->6297K(6464K) NonClass: 5764K(5824K)->5764K(5824K) Class: 533K(640K)->533K(640K)
[7.380s][info][gc             ] GC(139) Pause Young (Allocation Failure) 1150M->1150M(1290M) 18.484ms
[7.380s][info][gc,cpu         ] GC(139) User=0.02s Sys=0.02s Real=0.02s
[7.399s][info][gc,start       ] GC(140) Pause Young (Allocation Failure)
[7.418s][info][gc,heap        ] GC(140) PSYoungGen: 30848K(82944K)->16512K(84992K) Eden: 16384K(16384K)->0K(16384K) From: 14464K(66560K)->16512K(68608K)
[7.418s][info][gc,heap        ] GC(140) ParOldGen: 1163821K(1238528K)->1178357K(1238528K)
[7.418s][info][gc,metaspace   ] GC(140) Metaspace: 6297K(6464K)->6297K(6464K) NonClass: 5764K(5824K)->5764K(5824K) Class: 533K(640K)->533K(640K)
[7.418s][info][gc             ] GC(140) Pause Young (Allocation Failure) 1166M->1166M(1292M) 19.116ms
[7.418s][info][gc,cpu         ] GC(140) User=0.03s Sys=0.00s Real=0.02s
[7.438s][info][gc,start       ] GC(141) Pause Young (Allocation Failure)
[7.458s][info][gc,heap        ] GC(141) PSYoungGen: 32896K(84992K)->16512K(79872K) Eden: 16384K(16384K)->0K(18432K) From: 16512K(68608K)->16512K(61440K)
[7.458s][info][gc,heap        ] GC(141) ParOldGen: 1178357K(1238528K)->1194957K(1238528K)
[7.458s][info][gc,metaspace   ] GC(141) Metaspace: 6297K(6464K)->6297K(6464K) NonClass: 5764K(5824K)->5764K(5824K) Class: 533K(640K)->533K(640K)
[7.458s][info][gc             ] GC(141) Pause Young (Allocation Failure) 1182M->1183M(1287M) 19.944ms
[7.458s][info][gc,cpu         ] GC(141) User=0.11s Sys=0.02s Real=0.02s
[7.480s][info][gc,start       ] GC(142) Pause Young (Allocation Failure)
[7.502s][info][gc,heap        ] GC(142) PSYoungGen: 34944K(79872K)->18592K(37376K) Eden: 18432K(18432K)->0K(18432K) From: 16512K(61440K)->18592K(18944K)
[7.502s][info][gc,heap        ] GC(142) ParOldGen: 1194957K(1238528K)->1211573K(1238528K)
[7.502s][info][gc,metaspace   ] GC(142) Metaspace: 6297K(6464K)->6297K(6464K) NonClass: 5764K(5824K)->5764K(5824K) Class: 533K(640K)->533K(640K)
[7.502s][info][gc             ] GC(142) Pause Young (Allocation Failure) 1201M->1201M(1246M) 22.087ms
[7.502s][info][gc,cpu         ] GC(142) User=0.11s Sys=0.00s Real=0.02s
[7.502s][info][gc,start       ] GC(143) Pause Full (Ergonomics)
[7.502s][info][gc,phases,start] GC(143) Marking Phase
[7.772s][info][gc,phases      ] GC(143) Marking Phase 269.756ms
[7.772s][info][gc,phases,start] GC(143) Summary Phase
[7.772s][info][gc,phases      ] GC(143) Summary Phase 0.033ms
[7.772s][info][gc,phases,start] GC(143) Adjust Roots
[7.772s][info][gc,phases      ] GC(143) Adjust Roots 0.214ms
[7.772s][info][gc,phases,start] GC(143) Compaction Phase
[7.871s][info][gc,phases      ] GC(143) Compaction Phase 98.834ms
[7.871s][info][gc,phases,start] GC(143) Post Compact
[7.873s][info][gc,phases      ] GC(143) Post Compact 2.025ms
[7.874s][info][gc,heap        ] GC(143) PSYoungGen: 18592K(37376K)->0K(81920K) Eden: 0K(18432K)->0K(20992K) From: 18592K(18944K)->0K(60928K)
[7.874s][info][gc,heap        ] GC(143) ParOldGen: 1211573K(1238528K)->1228376K(1354240K)
[7.874s][info][gc,metaspace   ] GC(143) Metaspace: 6297K(6464K)->6297K(6464K) NonClass: 5764K(5824K)->5764K(5824K) Class: 533K(640K)->533K(640K)
[7.874s][info][gc             ] GC(143) Pause Full (Ergonomics) 1201M->1199M(1402M) 371.583ms
[7.874s][info][gc,cpu         ] GC(143) User=2.66s Sys=0.03s Real=0.37s
[7.899s][info][gc,start       ] GC(144) Pause Young (Allocation Failure)
[7.915s][info][gc,heap        ] GC(144) PSYoungGen: 20992K(81920K)->21088K(42496K) Eden: 20992K(20992K)->0K(20992K) From: 0K(60928K)->21088K(21504K)
[7.915s][info][gc,heap        ] GC(144) ParOldGen: 1228376K(1354240K)->1228376K(1354240K)
[7.915s][info][gc,metaspace   ] GC(144) Metaspace: 6297K(6464K)->6297K(6464K) NonClass: 5764K(5824K)->5764K(5824K) Class: 533K(640K)->533K(640K)
[7.915s][info][gc             ] GC(144) Pause Young (Allocation Failure) 1220M->1220M(1364M) 16.343ms
[7.915s][info][gc,cpu         ] GC(144) User=0.02s Sys=0.00s Real=0.02s
[7.940s][info][gc,start       ] GC(145) Pause Young (Allocation Failure)
[7.964s][info][gc,heap        ] GC(145) PSYoungGen: 42080K(42496K)->42144K(77312K) Eden: 20992K(20992K)->0K(19456K) From: 21088K(21504K)->42144K(57856K)
[7.964s][info][gc,heap        ] GC(145) ParOldGen: 1228376K(1354240K)->1228376K(1354240K)
[7.964s][info][gc,metaspace   ] GC(145) Metaspace: 6297K(6464K)->6297K(6464K) NonClass: 5764K(5824K)->5764K(5824K) Class: 533K(640K)->533K(640K)
[7.964s][info][gc             ] GC(145) Pause Young (Allocation Failure) 1240M->1240M(1398M) 23.482ms
[7.964s][info][gc,cpu         ] GC(145) User=0.12s Sys=0.00s Real=0.02s
[7.987s][info][gc,start       ] GC(146) Pause Young (Allocation Failure)
[8.019s][info][gc,heap        ] GC(146) PSYoungGen: 61600K(77312K)->61440K(80896K) Eden: 19456K(19456K)->0K(19456K) From: 42144K(57856K)->61440K(61440K)
[8.019s][info][gc,heap        ] GC(146) ParOldGen: 1228376K(1354240K)->1228512K(1354240K)
[8.019s][info][gc,metaspace   ] GC(146) Metaspace: 6297K(6464K)->6297K(6464K) NonClass: 5764K(5824K)->5764K(5824K) Class: 533K(640K)->533K(640K)
[8.019s][info][gc             ] GC(146) Pause Young (Allocation Failure) 1259M->1259M(1401M) 31.554ms
[8.019s][info][gc,cpu         ] GC(146) User=0.09s Sys=0.00s Real=0.03s
[8.041s][info][gc,start       ] GC(147) Pause Young (Allocation Failure)
[8.081s][info][gc,heap        ] GC(147) PSYoungGen: 80896K(80896K)->35168K(88576K) Eden: 19456K(19456K)->0K(21504K) From: 61440K(61440K)->35168K(67072K)
[8.081s][info][gc,heap        ] GC(147) ParOldGen: 1228512K(1354240K)->1271000K(1354240K)
[8.081s][info][gc,metaspace   ] GC(147) Metaspace: 6297K(6464K)->6297K(6464K) NonClass: 5764K(5824K)->5764K(5824K) Class: 533K(640K)->533K(640K)
[8.081s][info][gc             ] GC(147) Pause Young (Allocation Failure) 1278M->1275M(1409M) 40.158ms
[8.081s][info][gc,cpu         ] GC(147) User=0.25s Sys=0.02s Real=0.04s
[8.098s][info][gc,start       ] GC(148) Pause Young (Allocation Failure)
[8.124s][info][gc,heap        ] GC(148) PSYoungGen: 56672K(88576K)->26944K(48640K) Eden: 21504K(21504K)->0K(21504K) From: 35168K(67072K)->26944K(27136K)
[8.124s][info][gc,heap        ] GC(148) ParOldGen: 1271000K(1354240K)->1290672K(1354240K)
[8.124s][info][gc,metaspace   ] GC(148) Metaspace: 6297K(6464K)->6297K(6464K) NonClass: 5764K(5824K)->5764K(5824K) Class: 533K(640K)->533K(640K)
[8.124s][info][gc             ] GC(148) Pause Young (Allocation Failure) 1296M->1286M(1370M) 26.736ms
[8.124s][info][gc,cpu         ] GC(148) User=0.09s Sys=0.05s Real=0.03s
[8.146s][info][gc,start       ] GC(149) Pause Young (Allocation Failure)
[8.170s][info][gc,heap        ] GC(149) PSYoungGen: 48448K(48640K)->27008K(83456K) Eden: 21504K(21504K)->0K(24064K) From: 26944K(27136K)->27008K(59392K)
[8.170s][info][gc,heap        ] GC(149) ParOldGen: 1290672K(1354240K)->1306496K(1354240K)
[8.170s][info][gc,metaspace   ] GC(149) Metaspace: 6297K(6464K)->6297K(6464K) NonClass: 5764K(5824K)->5764K(5824K) Class: 533K(640K)->533K(640K)
[8.170s][info][gc             ] GC(149) Pause Young (Allocation Failure) 1307M->1302M(1404M) 24.850ms
[8.171s][info][gc,cpu         ] GC(149) User=0.14s Sys=0.00s Real=0.02s
[8.203s][info][gc,start       ] GC(150) Pause Young (Allocation Failure)
[8.232s][info][gc,heap        ] GC(150) PSYoungGen: 51072K(83456K)->39936K(86528K) Eden: 24064K(24064K)->0K(24064K) From: 27008K(59392K)->39936K(62464K)
[8.232s][info][gc,heap        ] GC(150) ParOldGen: 1306496K(1354240K)->1317816K(1354240K)
[8.232s][info][gc,metaspace   ] GC(150) Metaspace: 6297K(6464K)->6297K(6464K) NonClass: 5764K(5824K)->5764K(5824K) Class: 533K(640K)->533K(640K)
[8.232s][info][gc             ] GC(150) Pause Young (Allocation Failure) 1325M->1325M(1407M) 29.395ms
[8.232s][info][gc,cpu         ] GC(150) User=0.12s Sys=0.00s Real=0.03s
[8.261s][info][gc,start       ] GC(151) Pause Young (Allocation Failure)
[8.297s][info][gc,heap        ] GC(151) PSYoungGen: 64000K(86528K)->48320K(86528K) Eden: 24064K(24064K)->0K(23552K) From: 39936K(62464K)->48320K(62976K)
[8.297s][info][gc,heap        ] GC(151) ParOldGen: 1317816K(1354240K)->1333784K(1354240K)
[8.297s][info][gc,metaspace   ] GC(151) Metaspace: 6297K(6464K)->6297K(6464K) NonClass: 5764K(5824K)->5764K(5824K) Class: 533K(640K)->533K(640K)
[8.297s][info][gc             ] GC(151) Pause Young (Allocation Failure) 1349M->1349M(1407M) 36.054ms
[8.297s][info][gc,cpu         ] GC(151) User=0.14s Sys=0.02s Real=0.04s
[8.298s][info][gc,start       ] GC(152) Pause Full (Ergonomics)
[8.298s][info][gc,phases,start] GC(152) Marking Phase
[8.633s][info][gc,phases      ] GC(152) Marking Phase 335.490ms
[8.633s][info][gc,phases,start] GC(152) Summary Phase
[8.633s][info][gc,phases      ] GC(152) Summary Phase 0.031ms
[8.633s][info][gc,phases,start] GC(152) Adjust Roots
[8.633s][info][gc,phases      ] GC(152) Adjust Roots 0.269ms
[8.633s][info][gc,phases,start] GC(152) Compaction Phase
[9.010s][info][gc,phases      ] GC(152) Compaction Phase 376.779ms
[9.010s][info][gc,phases,start] GC(152) Post Compact
[9.013s][info][gc,phases      ] GC(152) Post Compact 2.808ms
[9.014s][info][gc,heap        ] GC(152) PSYoungGen: 48320K(86528K)->26093K(86528K) Eden: 0K(23552K)->0K(23552K) From: 48320K(62976K)->26093K(62976K)
[9.014s][info][gc,heap        ] GC(152) ParOldGen: 1333784K(1354240K)->1354105K(1495040K)
[9.014s][info][gc,metaspace   ] GC(152) Metaspace: 6297K(6464K)->6297K(6464K) NonClass: 5764K(5824K)->5764K(5824K) Class: 533K(640K)->533K(640K)
[9.014s][info][gc             ] GC(152) Pause Full (Ergonomics) 1349M->1347M(1544M) 716.390ms
[9.014s][info][gc,cpu         ] GC(152) User=4.94s Sys=0.00s Real=0.72s
[9.047s][info][gc,start       ] GC(153) Pause Young (Allocation Failure)
[9.133s][info][gc,heap        ] GC(153) PSYoungGen: 49645K(86528K)->37728K(90112K) Eden: 23552K(23552K)->0K(23552K) From: 26093K(62976K)->37728K(66560K)
[9.133s][info][gc,heap        ] GC(153) ParOldGen: 1354105K(1495040K)->1366313K(1495040K)
[9.133s][info][gc,metaspace   ] GC(153) Metaspace: 6297K(6464K)->6297K(6464K) NonClass: 5764K(5824K)->5764K(5824K) Class: 533K(640K)->533K(640K)
[9.133s][info][gc             ] GC(153) Pause Young (Allocation Failure) 1370M->1371M(1548M) 85.947ms
[9.133s][info][gc,cpu         ] GC(153) User=0.50s Sys=0.00s Real=0.09s
[9.419s][info][gc,start       ] GC(154) Pause Young (Allocation Failure)
[9.486s][info][gc,heap        ] GC(154) PSYoungGen: 61280K(90112K)->61344K(83456K) Eden: 23552K(23552K)->0K(18432K) From: 37728K(66560K)->61344K(65024K)
[9.486s][info][gc,heap        ] GC(154) ParOldGen: 1431849K(1495040K)->1431849K(1495040K)
[9.486s][info][gc,metaspace   ] GC(154) Metaspace: 6297K(6464K)->6297K(6464K) NonClass: 5764K(5824K)->5764K(5824K) Class: 533K(640K)->533K(640K)
[9.486s][info][gc             ] GC(154) Pause Young (Allocation Failure) 1458M->1458M(1541M) 67.122ms
[9.486s][info][gc,cpu         ] GC(154) User=0.41s Sys=0.00s Real=0.07s
[9.504s][info][gc,start       ] GC(155) Pause Young (Allocation Failure)
[9.544s][info][gc,heap        ] GC(155) PSYoungGen: 79776K(83456K)->72704K(91136K) Eden: 18432K(18432K)->0K(18432K) From: 61344K(65024K)->72704K(72704K)
[9.544s][info][gc,heap        ] GC(155) ParOldGen: 1431849K(1495040K)->1438945K(1495040K)
[9.544s][info][gc,metaspace   ] GC(155) Metaspace: 6297K(6464K)->6297K(6464K) NonClass: 5764K(5824K)->5764K(5824K) Class: 533K(640K)->533K(640K)
[9.544s][info][gc             ] GC(155) Pause Young (Allocation Failure) 1476M->1476M(1549M) 39.938ms
[9.544s][info][gc,cpu         ] GC(155) User=0.20s Sys=0.00s Real=0.04s
[9.563s][info][gc,start       ] GC(156) Pause Young (Allocation Failure)
[9.609s][info][gc,heap        ] GC(156) PSYoungGen: 91136K(91136K)->57792K(103936K) Eden: 18432K(18432K)->0K(18432K) From: 72704K(72704K)->57792K(85504K)
[9.609s][info][gc,heap        ] GC(156) ParOldGen: 1438945K(1495040K)->1472825K(1495040K)
[9.609s][info][gc,metaspace   ] GC(156) Metaspace: 6297K(6464K)->6297K(6464K) NonClass: 5764K(5824K)->5764K(5824K) Class: 533K(640K)->533K(640K)
[9.609s][info][gc             ] GC(156) Pause Young (Allocation Failure) 1494M->1494M(1561M) 45.794ms
[9.609s][info][gc,cpu         ] GC(156) User=0.22s Sys=0.05s Real=0.05s
[9.609s][info][gc,start       ] GC(157) Pause Full (Ergonomics)
[9.609s][info][gc,phases,start] GC(157) Marking Phase
[9.934s][info][gc,phases      ] GC(157) Marking Phase 325.376ms
[9.934s][info][gc,phases,start] GC(157) Summary Phase
[9.934s][info][gc,phases      ] GC(157) Summary Phase 0.029ms
[9.934s][info][gc,phases,start] GC(157) Adjust Roots
[9.934s][info][gc,phases      ] GC(157) Adjust Roots 0.165ms
[9.934s][info][gc,phases,start] GC(157) Compaction Phase
[10.174s][info][gc,phases      ] GC(157) Compaction Phase 239.730ms
[10.174s][info][gc,phases,start] GC(157) Post Compact
[10.178s][info][gc,phases      ] GC(157) Post Compact 3.327ms
[10.179s][info][gc,heap        ] GC(157) PSYoungGen: 57792K(103936K)->1877K(103936K) Eden: 0K(18432K)->0K(18432K) From: 57792K(85504K)->1877K(85504K)
[10.179s][info][gc,heap        ] GC(157) ParOldGen: 1472825K(1495040K)->1494925K(1650688K)
[10.179s][info][gc,metaspace   ] GC(157) Metaspace: 6297K(6464K)->6297K(6464K) NonClass: 5764K(5824K)->5764K(5824K) Class: 533K(640K)->533K(640K)
[10.179s][info][gc             ] GC(157) Pause Full (Ergonomics) 1494M->1461M(1713M) 570.283ms
[10.179s][info][gc,cpu         ] GC(157) User=3.80s Sys=0.03s Real=0.57s
[10.196s][info][gc,start       ] GC(158) Pause Young (Allocation Failure)
[10.270s][info][gc,heap        ] GC(158) PSYoungGen: 20309K(103936K)->18560K(105984K) Eden: 18432K(18432K)->0K(18432K) From: 1877K(85504K)->18560K(87552K)
[10.270s][info][gc,heap        ] GC(158) ParOldGen: 1494925K(1650688K)->1496869K(1650688K)
[10.270s][info][gc,metaspace   ] GC(158) Metaspace: 6297K(6464K)->6297K(6464K) NonClass: 5764K(5824K)->5764K(5824K) Class: 533K(640K)->533K(640K)
[10.270s][info][gc             ] GC(158) Pause Young (Allocation Failure) 1479M->1479M(1715M) 73.950ms
[10.270s][info][gc,cpu         ] GC(158) User=0.44s Sys=0.00s Real=0.07s
[10.287s][info][gc,start       ] GC(159) Pause Young (Allocation Failure)
[10.314s][info][gc,heap        ] GC(159) PSYoungGen: 36992K(105984K)->37056K(98816K) Eden: 18432K(18432K)->0K(20480K) From: 18560K(87552K)->37056K(78336K)
[10.314s][info][gc,heap        ] GC(159) ParOldGen: 1496869K(1650688K)->1496869K(1650688K)
[10.314s][info][gc,metaspace   ] GC(159) Metaspace: 6297K(6464K)->6297K(6464K) NonClass: 5764K(5824K)->5764K(5824K) Class: 533K(640K)->533K(640K)
[10.314s][info][gc             ] GC(159) Pause Young (Allocation Failure) 1497M->1497M(1708M) 26.799ms
[10.314s][info][gc,cpu         ] GC(159) User=0.03s Sys=0.00s Real=0.03s
[10.335s][info][gc,start       ] GC(160) Pause Young (Allocation Failure)
[10.368s][info][gc,heap        ] GC(160) PSYoungGen: 57536K(98816K)->57504K(102912K) Eden: 20480K(20480K)->0K(20480K) From: 37056K(78336K)->57504K(82432K)
[10.368s][info][gc,heap        ] GC(160) ParOldGen: 1496869K(1650688K)->1496869K(1650688K)
[10.368s][info][gc,metaspace   ] GC(160) Metaspace: 6297K(6464K)->6297K(6464K) NonClass: 5764K(5824K)->5764K(5824K) Class: 533K(640K)->533K(640K)
[10.368s][info][gc             ] GC(160) Pause Young (Allocation Failure) 1517M->1517M(1712M) 33.268ms
[10.368s][info][gc,cpu         ] GC(160) User=0.03s Sys=0.00s Real=0.03s
[10.389s][info][gc,start       ] GC(161) Pause Young (Allocation Failure)
[10.436s][info][gc,heap        ] GC(161) PSYoungGen: 77984K(102912K)->77984K(98304K) Eden: 20480K(20480K)->0K(13312K) From: 57504K(82432K)->77984K(84992K)
[10.436s][info][gc,heap        ] GC(161) ParOldGen: 1496869K(1650688K)->1496869K(1650688K)
[10.436s][info][gc,metaspace   ] GC(161) Metaspace: 6297K(6464K)->6297K(6464K) NonClass: 5764K(5824K)->5764K(5824K) Class: 533K(640K)->533K(640K)
[10.436s][info][gc             ] GC(161) Pause Young (Allocation Failure) 1537M->1537M(1708M) 46.654ms
[10.436s][info][gc,cpu         ] GC(161) User=0.19s Sys=0.08s Real=0.05s
[10.451s][info][gc,start       ] GC(162) Pause Young (Allocation Failure)
[10.494s][info][gc,heap        ] GC(162) PSYoungGen: 91296K(98304K)->91328K(107520K) Eden: 13312K(13312K)->0K(13312K) From: 77984K(84992K)->91328K(94208K)
[10.494s][info][gc,heap        ] GC(162) ParOldGen: 1496869K(1650688K)->1496869K(1650688K)
[10.494s][info][gc,metaspace   ] GC(162) Metaspace: 6297K(6464K)->6297K(6464K) NonClass: 5764K(5824K)->5764K(5824K) Class: 533K(640K)->533K(640K)
[10.494s][info][gc             ] GC(162) Pause Young (Allocation Failure) 1550M->1550M(1717M) 42.962ms
[10.494s][info][gc,cpu         ] GC(162) User=0.20s Sys=0.00s Real=0.04s
[10.507s][info][gc,start       ] GC(163) Pause Young (Allocation Failure)
[10.570s][info][gc,heap        ] GC(163) PSYoungGen: 104640K(107520K)->86240K(113664K) Eden: 13312K(13312K)->0K(7168K) From: 91328K(94208K)->86240K(106496K)
[10.570s][info][gc,heap        ] GC(163) ParOldGen: 1496869K(1650688K)->1515581K(1650688K)
[10.570s][info][gc,metaspace   ] GC(163) Metaspace: 6297K(6464K)->6297K(6464K) NonClass: 5764K(5824K)->5764K(5824K) Class: 533K(640K)->533K(640K)
[10.570s][info][gc             ] GC(163) Pause Young (Allocation Failure) 1563M->1564M(1723M) 62.819ms
[10.570s][info][gc,cpu         ] GC(163) User=0.38s Sys=0.02s Real=0.06s
[10.577s][info][gc,start       ] GC(164) Pause Young (Allocation Failure)
[10.632s][info][gc,heap        ] GC(164) PSYoungGen: 93408K(113664K)->54368K(61952K) Eden: 7168K(7168K)->0K(7168K) From: 86240K(106496K)->54368K(54784K)
[10.632s][info][gc,heap        ] GC(164) ParOldGen: 1515581K(1650688K)->1555045K(1650688K)
[10.632s][info][gc,metaspace   ] GC(164) Metaspace: 6297K(6464K)->6297K(6464K) NonClass: 5764K(5824K)->5764K(5824K) Class: 533K(640K)->533K(640K)
[10.632s][info][gc             ] GC(164) Pause Young (Allocation Failure) 1571M->1571M(1672M) 54.553ms
[10.632s][info][gc,cpu         ] GC(164) User=0.22s Sys=0.16s Real=0.06s
[10.639s][info][gc,start       ] GC(165) Pause Young (Allocation Failure)
[10.680s][info][gc,heap        ] GC(165) PSYoungGen: 61536K(61952K)->27776K(114688K) Eden: 7168K(7168K)->0K(8704K) From: 54368K(54784K)->27776K(105984K)
[10.680s][info][gc,heap        ] GC(165) ParOldGen: 1555045K(1650688K)->1589333K(1650688K)
[10.680s][info][gc,metaspace   ] GC(165) Metaspace: 6297K(6464K)->6297K(6464K) NonClass: 5764K(5824K)->5764K(5824K) Class: 533K(640K)->533K(640K)
[10.680s][info][gc             ] GC(165) Pause Young (Allocation Failure) 1578M->1579M(1724M) 41.428ms
[10.680s][info][gc,cpu         ] GC(165) User=0.11s Sys=0.14s Real=0.04s
[10.689s][info][gc,start       ] GC(166) Pause Young (Allocation Failure)
[10.717s][info][gc,heap        ] GC(166) PSYoungGen: 36480K(114688K)->16000K(116224K) Eden: 8704K(8704K)->0K(8704K) From: 27776K(105984K)->16000K(107520K)
[10.717s][info][gc,heap        ] GC(166) ParOldGen: 1589333K(1650688K)->1610109K(1650688K)
[10.717s][info][gc,metaspace   ] GC(166) Metaspace: 6297K(6464K)->6297K(6464K) NonClass: 5764K(5824K)->5764K(5824K) Class: 533K(640K)->533K(640K)
[10.717s][info][gc             ] GC(166) Pause Young (Allocation Failure) 1587M->1587M(1725M) 28.605ms
[10.717s][info][gc,cpu         ] GC(166) User=0.03s Sys=0.00s Real=0.03s
[10.717s][info][gc,start       ] GC(167) Pause Full (Ergonomics)
[10.717s][info][gc,phases,start] GC(167) Marking Phase
[11.077s][info][gc,phases      ] GC(167) Marking Phase 359.360ms
[11.077s][info][gc,phases,start] GC(167) Summary Phase
[11.077s][info][gc,phases      ] GC(167) Summary Phase 0.037ms
[11.077s][info][gc,phases,start] GC(167) Adjust Roots
[11.077s][info][gc,phases      ] GC(167) Adjust Roots 0.176ms
[11.077s][info][gc,phases,start] GC(167) Compaction Phase
[11.231s][info][gc,phases      ] GC(167) Compaction Phase 153.493ms
[11.231s][info][gc,phases,start] GC(167) Post Compact
[11.234s][info][gc,phases      ] GC(167) Post Compact 2.956ms
[11.235s][info][gc,heap        ] GC(167) PSYoungGen: 16000K(116224K)->0K(118272K) Eden: 0K(8704K)->0K(10240K) From: 16000K(107520K)->0K(108032K)
[11.235s][info][gc,heap        ] GC(167) ParOldGen: 1610109K(1650688K)->1624017K(1802752K)
[11.235s][info][gc,metaspace   ] GC(167) Metaspace: 6297K(6464K)->6297K(6464K) NonClass: 5764K(5824K)->5764K(5824K) Class: 533K(640K)->533K(640K)
[11.235s][info][gc             ] GC(167) Pause Full (Ergonomics) 1587M->1585M(1876M) 517.497ms
[11.235s][info][gc,cpu         ] GC(167) User=3.62s Sys=0.02s Real=0.52s
[11.247s][info][gc,start       ] GC(168) Pause Young (Allocation Failure)
[11.264s][info][gc,heap        ] GC(168) PSYoungGen: 10240K(118272K)->10336K(118272K) Eden: 10240K(10240K)->0K(10240K) From: 0K(108032K)->10336K(108032K)
[11.264s][info][gc,heap        ] GC(168) ParOldGen: 1624017K(1802752K)->1624017K(1802752K)
[11.264s][info][gc,metaspace   ] GC(168) Metaspace: 6297K(6464K)->6297K(6464K) NonClass: 5764K(5824K)->5764K(5824K) Class: 533K(640K)->533K(640K)
[11.264s][info][gc             ] GC(168) Pause Young (Allocation Failure) 1595M->1596M(1876M) 16.796ms
[11.264s][info][gc,cpu         ] GC(168) User=0.02s Sys=0.00s Real=0.02s
[11.274s][info][gc,start       ] GC(169) Pause Young (Allocation Failure)
[11.295s][info][gc,heap        ] GC(169) PSYoungGen: 20576K(118272K)->10400K(118784K) Eden: 10240K(10240K)->0K(11776K) From: 10336K(108032K)->10400K(107008K)
[11.295s][info][gc,heap        ] GC(169) ParOldGen: 1624017K(1802752K)->1634417K(1802752K)
[11.295s][info][gc,metaspace   ] GC(169) Metaspace: 6297K(6464K)->6297K(6464K) NonClass: 5764K(5824K)->5764K(5824K) Class: 533K(640K)->533K(640K)
[11.295s][info][gc             ] GC(169) Pause Young (Allocation Failure) 1606M->1606M(1876M) 21.259ms
[11.295s][info][gc,cpu         ] GC(169) User=0.03s Sys=0.02s Real=0.02s
[11.307s][info][gc,start       ] GC(170) Pause Young (Allocation Failure)
[11.330s][info][gc,heap        ] GC(170) PSYoungGen: 22176K(118784K)->11936K(119296K) Eden: 11776K(11776K)->0K(11776K) From: 10400K(107008K)->11936K(107520K)
[11.330s][info][gc,heap        ] GC(170) ParOldGen: 1634417K(1802752K)->1644817K(1802752K)
[11.330s][info][gc,metaspace   ] GC(170) Metaspace: 6297K(6464K)->6297K(6464K) NonClass: 5764K(5824K)->5764K(5824K) Class: 533K(640K)->533K(640K)
[11.330s][info][gc             ] GC(170) Pause Young (Allocation Failure) 1617M->1617M(1877M) 22.681ms
[11.330s][info][gc,cpu         ] GC(170) User=0.03s Sys=0.02s Real=0.02s
[11.341s][info][gc,start       ] GC(171) Pause Young (Allocation Failure)
[11.366s][info][gc,heap        ] GC(171) PSYoungGen: 23712K(119296K)->11840K(114176K) Eden: 11776K(11776K)->0K(13824K) From: 11936K(107520K)->11840K(100352K)
[11.366s][info][gc,heap        ] GC(171) ParOldGen: 1644817K(1802752K)->1656785K(1802752K)
[11.366s][info][gc,metaspace   ] GC(171) Metaspace: 6297K(6464K)->6297K(6464K) NonClass: 5764K(5824K)->5764K(5824K) Class: 533K(640K)->533K(640K)
[11.366s][info][gc             ] GC(171) Pause Young (Allocation Failure) 1629M->1629M(1872M) 24.472ms
[11.366s][info][gc,cpu         ] GC(171) User=0.02s Sys=0.00s Real=0.02s
[11.381s][info][gc,start       ] GC(172) Pause Young (Allocation Failure)
[11.404s][info][gc,heap        ] GC(172) PSYoungGen: 25664K(114176K)->13952K(28160K) Eden: 13824K(13824K)->0K(13824K) From: 11840K(100352K)->13952K(14336K)
[11.404s][info][gc,heap        ] GC(172) ParOldGen: 1656785K(1802752K)->1668745K(1802752K)
[11.404s][info][gc,metaspace   ] GC(172) Metaspace: 6297K(6464K)->6297K(6464K) NonClass: 5764K(5824K)->5764K(5824K) Class: 533K(640K)->533K(640K)
[11.404s][info][gc             ] GC(172) Pause Young (Allocation Failure) 1643M->1643M(1788M) 23.198ms
[11.404s][info][gc,cpu         ] GC(172) User=0.02s Sys=0.02s Real=0.02s
[11.418s][info][gc,start       ] GC(173) Pause Young (Allocation Failure)
[11.447s][info][gc,heap        ] GC(173) PSYoungGen: 27776K(28160K)->13920K(108544K) Eden: 13824K(13824K)->0K(15872K) From: 13952K(14336K)->13920K(92672K)
[11.447s][info][gc,heap        ] GC(173) ParOldGen: 1668745K(1802752K)->1682785K(1802752K)
[11.447s][info][gc,metaspace   ] GC(173) Metaspace: 6297K(6464K)->6297K(6464K) NonClass: 5764K(5824K)->5764K(5824K) Class: 533K(640K)->533K(640K)
[11.447s][info][gc             ] GC(173) Pause Young (Allocation Failure) 1656M->1656M(1866M) 28.789ms
[11.447s][info][gc,cpu         ] GC(173) User=0.03s Sys=0.00s Real=0.03s
[11.463s][info][gc,start       ] GC(174) Pause Young (Allocation Failure)
[11.494s][info][gc,heap        ] GC(174) PSYoungGen: 29792K(108544K)->16000K(32256K) Eden: 15872K(15872K)->0K(15872K) From: 13920K(92672K)->16000K(16384K)
[11.494s][info][gc,heap        ] GC(174) ParOldGen: 1682785K(1802752K)->1696809K(1802752K)
[11.494s][info][gc,metaspace   ] GC(174) Metaspace: 6297K(6464K)->6297K(6464K) NonClass: 5764K(5824K)->5764K(5824K) Class: 533K(640K)->533K(640K)
[11.494s][info][gc             ] GC(174) Pause Young (Allocation Failure) 1672M->1672M(1792M) 30.856ms
[11.494s][info][gc,cpu         ] GC(174) User=0.02s Sys=0.02s Real=0.03s
[11.511s][info][gc,start       ] GC(175) Pause Young (Allocation Failure)
[11.538s][info][gc,heap        ] GC(175) PSYoungGen: 31872K(32256K)->16000K(102400K) Eden: 15872K(15872K)->0K(18432K) From: 16000K(16384K)->16000K(83968K)
[11.538s][info][gc,heap        ] GC(175) ParOldGen: 1696809K(1802752K)->1712937K(1802752K)
[11.538s][info][gc,metaspace   ] GC(175) Metaspace: 6297K(6464K)->6297K(6464K) NonClass: 5764K(5824K)->5764K(5824K) Class: 533K(640K)->533K(640K)
[11.538s][info][gc             ] GC(175) Pause Young (Allocation Failure) 1688M->1688M(1860M) 27.460ms
[11.538s][info][gc,cpu         ] GC(175) User=0.02s Sys=0.00s Real=0.03s
[11.559s][info][gc,start       ] GC(176) Pause Young (Allocation Failure)
[11.587s][info][gc,heap        ] GC(176) PSYoungGen: 34432K(102400K)->18560K(37376K) Eden: 18432K(18432K)->0K(18432K) From: 16000K(83968K)->18560K(18944K)
[11.587s][info][gc,heap        ] GC(176) ParOldGen: 1712937K(1802752K)->1729057K(1802752K)
[11.587s][info][gc,metaspace   ] GC(176) Metaspace: 6297K(6464K)->6297K(6464K) NonClass: 5764K(5824K)->5764K(5824K) Class: 533K(640K)->533K(640K)
[11.587s][info][gc             ] GC(176) Pause Young (Allocation Failure) 1706M->1706M(1797M) 28.053ms
[11.587s][info][gc,cpu         ] GC(176) User=0.03s Sys=0.03s Real=0.03s
[11.608s][info][gc,start       ] GC(177) Pause Young (Allocation Failure)
[11.642s][info][gc,heap        ] GC(177) PSYoungGen: 36992K(37376K)->18592K(96768K) Eden: 18432K(18432K)->0K(20992K) From: 18560K(18944K)->18592K(75776K)
[11.642s][info][gc,heap        ] GC(177) ParOldGen: 1729057K(1802752K)->1747777K(1802752K)
[11.642s][info][gc,metaspace   ] GC(177) Metaspace: 6297K(6464K)->6297K(6464K) NonClass: 5764K(5824K)->5764K(5824K) Class: 533K(640K)->533K(640K)
[11.642s][info][gc             ] GC(177) Pause Young (Allocation Failure) 1724M->1724M(1855M) 34.490ms
[11.642s][info][gc,cpu         ] GC(177) User=0.05s Sys=0.00s Real=0.03s
[11.666s][info][gc,start       ] GC(178) Pause Young (Allocation Failure)
[11.696s][info][gc,heap        ] GC(178) PSYoungGen: 39584K(96768K)->21120K(42496K) Eden: 20992K(20992K)->0K(20992K) From: 18592K(75776K)->21120K(21504K)
[11.696s][info][gc,heap        ] GC(178) ParOldGen: 1747777K(1802752K)->1766497K(1802752K)
[11.696s][info][gc,metaspace   ] GC(178) Metaspace: 6297K(6464K)->6297K(6464K) NonClass: 5764K(5824K)->5764K(5824K) Class: 533K(640K)->533K(640K)
[11.696s][info][gc             ] GC(178) Pause Young (Allocation Failure) 1745M->1745M(1802M) 30.812ms
[11.697s][info][gc,cpu         ] GC(178) User=0.11s Sys=0.00s Real=0.03s
[11.719s][info][gc,start       ] GC(179) Pause Young (Allocation Failure)
[11.750s][info][gc,heap        ] GC(179) PSYoungGen: 42112K(42496K)->21184K(91136K) Eden: 20992K(20992K)->0K(24064K) From: 21120K(21504K)->21184K(67072K)
[11.750s][info][gc,heap        ] GC(179) ParOldGen: 1766497K(1802752K)->1787817K(1802752K)
[11.750s][info][gc,metaspace   ] GC(179) Metaspace: 6297K(6464K)->6297K(6464K) NonClass: 5764K(5824K)->5764K(5824K) Class: 533K(640K)->533K(640K)
[11.750s][info][gc             ] GC(179) Pause Young (Allocation Failure) 1766M->1766M(1849M) 30.869ms
[11.750s][info][gc,cpu         ] GC(179) User=0.08s Sys=0.06s Real=0.03s
[11.750s][info][gc,start       ] GC(180) Pause Full (Ergonomics)
[11.750s][info][gc,phases,start] GC(180) Marking Phase
[12.153s][info][gc,phases      ] GC(180) Marking Phase 403.279ms
[12.153s][info][gc,phases,start] GC(180) Summary Phase
[12.153s][info][gc,phases      ] GC(180) Summary Phase 0.030ms
[12.154s][info][gc,phases,start] GC(180) Adjust Roots
[12.154s][info][gc,phases      ] GC(180) Adjust Roots 0.165ms
[12.154s][info][gc,phases,start] GC(180) Compaction Phase
[12.329s][info][gc,phases      ] GC(180) Compaction Phase 175.237ms
[12.329s][info][gc,phases,start] GC(180) Post Compact
[12.332s][info][gc,phases      ] GC(180) Post Compact 3.287ms
[12.334s][info][gc,heap        ] GC(180) PSYoungGen: 21184K(91136K)->3590K(94208K) Eden: 0K(24064K)->0K(27136K) From: 21184K(67072K)->3590K(67072K)
[12.334s][info][gc,heap        ] GC(180) ParOldGen: 1787817K(1802752K)->1802315K(1980928K)
[12.334s][info][gc,metaspace   ] GC(180) Metaspace: 6297K(6464K)->6297K(6464K) NonClass: 5764K(5824K)->5764K(5824K) Class: 533K(640K)->533K(640K)
[12.334s][info][gc             ] GC(180) Pause Full (Ergonomics) 1766M->1763M(2026M) 583.944ms
[12.334s][info][gc,cpu         ] GC(180) User=4.16s Sys=0.00s Real=0.58s
[12.362s][info][gc,start       ] GC(181) Pause Young (Allocation Failure)
[12.453s][info][gc,heap        ] GC(181) PSYoungGen: 30726K(94208K)->27296K(54784K) Eden: 27136K(27136K)->0K(27136K) From: 3590K(67072K)->27296K(27648K)
[12.453s][info][gc,heap        ] GC(181) ParOldGen: 1802315K(1980928K)->1805995K(1980928K)
[12.453s][info][gc,metaspace   ] GC(181) Metaspace: 6297K(6464K)->6297K(6464K) NonClass: 5764K(5824K)->5764K(5824K) Class: 533K(640K)->533K(640K)
[12.453s][info][gc             ] GC(181) Pause Young (Allocation Failure) 1790M->1790M(1988M) 90.558ms
[12.453s][info][gc,cpu         ] GC(181) User=0.56s Sys=0.08s Real=0.09s
[12.483s][info][gc,start       ] GC(182) Pause Young (Allocation Failure)
[12.517s][info][gc,heap        ] GC(182) PSYoungGen: 54432K(54784K)->54432K(90624K) Eden: 27136K(27136K)->0K(23552K) From: 27296K(27648K)->54432K(67072K)
[12.517s][info][gc,heap        ] GC(182) ParOldGen: 1805995K(1980928K)->1805995K(1980928K)
[12.517s][info][gc,metaspace   ] GC(182) Metaspace: 6297K(6464K)->6297K(6464K) NonClass: 5764K(5824K)->5764K(5824K) Class: 533K(640K)->533K(640K)
[12.517s][info][gc             ] GC(182) Pause Young (Allocation Failure) 1816M->1816M(2023M) 34.148ms
[12.517s][info][gc,cpu         ] GC(182) User=0.14s Sys=0.00s Real=0.04s
[12.544s][info][gc,start       ] GC(183) Pause Young (Allocation Failure)
[12.592s][info][gc,heap        ] GC(183) PSYoungGen: 77984K(90624K)->50848K(97280K) Eden: 23552K(23552K)->0K(23552K) From: 54432K(67072K)->50848K(73728K)
[12.592s][info][gc,heap        ] GC(183) ParOldGen: 1805995K(1980928K)->1833555K(1980928K)
[12.592s][info][gc,metaspace   ] GC(183) Metaspace: 6297K(6464K)->6297K(6464K) NonClass: 5764K(5824K)->5764K(5824K) Class: 533K(640K)->533K(640K)
[12.592s][info][gc             ] GC(183) Pause Young (Allocation Failure) 1839M->1840M(2029M) 48.874ms
[12.592s][info][gc,cpu         ] GC(183) User=0.17s Sys=0.09s Real=0.05s
[12.620s][info][gc,start       ] GC(184) Pause Young (Allocation Failure)
[12.667s][info][gc,heap        ] GC(184) PSYoungGen: 74400K(97280K)->47264K(102912K) Eden: 23552K(23552K)->0K(25088K) From: 50848K(73728K)->47264K(77824K)
[12.667s][info][gc,heap        ] GC(184) ParOldGen: 1833555K(1980928K)->1861115K(1980928K)
[12.667s][info][gc,metaspace   ] GC(184) Metaspace: 6297K(6464K)->6297K(6464K) NonClass: 5764K(5824K)->5764K(5824K) Class: 533K(640K)->533K(640K)
[12.667s][info][gc             ] GC(184) Pause Young (Allocation Failure) 1863M->1863M(2035M) 47.098ms
[12.667s][info][gc,cpu         ] GC(184) User=0.16s Sys=0.02s Real=0.05s
[12.694s][info][gc,start       ] GC(185) Pause Young (Allocation Failure)
[12.739s][info][gc,heap        ] GC(185) PSYoungGen: 72352K(102912K)->48832K(104448K) Eden: 25088K(25088K)->0K(25088K) From: 47264K(77824K)->48832K(79360K)
[12.739s][info][gc,heap        ] GC(185) ParOldGen: 1861115K(1980928K)->1885035K(1980928K)
[12.739s][info][gc,metaspace   ] GC(185) Metaspace: 6297K(6464K)->6297K(6464K) NonClass: 5764K(5824K)->5764K(5824K) Class: 533K(640K)->533K(640K)
[12.739s][info][gc             ] GC(185) Pause Young (Allocation Failure) 1888M->1888M(2036M) 45.069ms
[12.739s][info][gc,cpu         ] GC(185) User=0.22s Sys=0.03s Real=0.05s
[12.767s][info][gc,start       ] GC(186) Pause Young (Allocation Failure)
[12.812s][info][gc,heap        ] GC(186) PSYoungGen: 73920K(104448K)->50400K(107008K) Eden: 25088K(25088K)->0K(26624K) From: 48832K(79360K)->50400K(80384K)
[12.813s][info][gc,heap        ] GC(186) ParOldGen: 1885035K(1980928K)->1908947K(1980928K)
[12.813s][info][gc,metaspace   ] GC(186) Metaspace: 6297K(6464K)->6297K(6464K) NonClass: 5764K(5824K)->5764K(5824K) Class: 533K(640K)->533K(640K)
[12.813s][info][gc             ] GC(186) Pause Young (Allocation Failure) 1913M->1913M(2039M) 45.659ms
[12.813s][info][gc,cpu         ] GC(186) User=0.20s Sys=0.06s Real=0.05s
[12.844s][info][gc,start       ] GC(187) Pause Young (Allocation Failure)
[12.901s][info][gc,heap        ] GC(187) PSYoungGen: 77024K(107008K)->26784K(108544K) Eden: 26624K(26624K)->0K(26624K) From: 50400K(80384K)->26784K(81920K)
[12.901s][info][gc,heap        ] GC(187) ParOldGen: 1908947K(1980928K)->1959867K(1980928K)
[12.901s][info][gc,metaspace   ] GC(187) Metaspace: 6297K(6464K)->6297K(6464K) NonClass: 5764K(5824K)->5764K(5824K) Class: 533K(640K)->533K(640K)
[12.901s][info][gc             ] GC(187) Pause Young (Allocation Failure) 1939M->1940M(2040M) 57.505ms
[12.901s][info][gc,cpu         ] GC(187) User=0.23s Sys=0.14s Real=0.06s
[12.901s][info][gc,start       ] GC(188) Pause Full (Ergonomics)
[12.901s][info][gc,phases,start] GC(188) Marking Phase
[13.331s][info][gc,phases      ] GC(188) Marking Phase 429.401ms
[13.331s][info][gc,phases,start] GC(188) Summary Phase
[13.331s][info][gc,phases      ] GC(188) Summary Phase 0.040ms
[13.331s][info][gc,phases,start] GC(188) Adjust Roots
[13.331s][info][gc,phases      ] GC(188) Adjust Roots 0.224ms
[13.331s][info][gc,phases,start] GC(188) Compaction Phase
[13.515s][info][gc,phases      ] GC(188) Compaction Phase 183.814ms
[13.515s][info][gc,phases,start] GC(188) Post Compact
[13.519s][info][gc,phases      ] GC(188) Post Compact 3.571ms
[13.520s][info][gc,heap        ] GC(188) PSYoungGen: 26784K(108544K)->3090K(108544K) Eden: 0K(26624K)->0K(26624K) From: 26784K(81920K)->3090K(81920K)
[13.520s][info][gc,heap        ] GC(188) ParOldGen: 1959867K(1980928K)->1980769K(2192896K)
[13.520s][info][gc,metaspace   ] GC(188) Metaspace: 6297K(6464K)->6297K(6464K) NonClass: 5764K(5824K)->5764K(5824K) Class: 533K(640K)->533K(640K)
[13.520s][info][gc             ] GC(188) Pause Full (Ergonomics) 1940M->1937M(2247M) 618.814ms
[13.520s][info][gc,cpu         ] GC(188) User=4.31s Sys=0.05s Real=0.62s
[13.558s][info][gc,start       ] GC(189) Pause Young (Allocation Failure)
[13.657s][info][gc,heap        ] GC(189) PSYoungGen: 29714K(108544K)->26816K(101888K) Eden: 26624K(26624K)->0K(29696K) From: 3090K(81920K)->26816K(72192K)
[13.657s][info][gc,heap        ] GC(189) ParOldGen: 1980769K(2192896K)->1983929K(2192896K)
[13.657s][info][gc,metaspace   ] GC(189) Metaspace: 6297K(6464K)->6297K(6464K) NonClass: 5764K(5824K)->5764K(5824K) Class: 533K(640K)->533K(640K)
[13.657s][info][gc             ] GC(189) Pause Young (Allocation Failure) 1963M->1963M(2241M) 99.598ms
[13.657s][info][gc,cpu         ] GC(189) User=0.64s Sys=0.00s Real=0.10s
[13.694s][info][gc,start       ] GC(190) Pause Young (Allocation Failure)
[13.736s][info][gc,heap        ] GC(190) PSYoungGen: 56512K(101888K)->29856K(59904K) Eden: 29696K(29696K)->0K(29696K) From: 26816K(72192K)->29856K(30208K)
[13.736s][info][gc,heap        ] GC(190) ParOldGen: 1983929K(2192896K)->2010969K(2192896K)
[13.736s][info][gc,metaspace   ] GC(190) Metaspace: 6297K(6464K)->6297K(6464K) NonClass: 5764K(5824K)->5764K(5824K) Class: 533K(640K)->533K(640K)
[13.736s][info][gc             ] GC(190) Pause Young (Allocation Failure) 1992M->1992M(2200M) 41.124ms
[13.736s][info][gc,cpu         ] GC(190) User=0.19s Sys=0.08s Real=0.04s
[13.767s][info][gc,start       ] GC(191) Pause Young (Allocation Failure)
[13.811s][info][gc,heap        ] GC(191) PSYoungGen: 59552K(59904K)->29856K(99840K) Eden: 29696K(29696K)->0K(33280K) From: 29856K(30208K)->29856K(66560K)
[13.811s][info][gc,heap        ] GC(191) ParOldGen: 2010969K(2192896K)->2041129K(2192896K)
[13.811s][info][gc,metaspace   ] GC(191) Metaspace: 6297K(6464K)->6297K(6464K) NonClass: 5764K(5824K)->5764K(5824K) Class: 533K(640K)->533K(640K)
[13.811s][info][gc             ] GC(191) Pause Young (Allocation Failure) 2021M->2022M(2239M) 44.178ms
[13.811s][info][gc,cpu         ] GC(191) User=0.19s Sys=0.08s Real=0.04s
[13.845s][info][gc,start       ] GC(192) Pause Young (Allocation Failure)
[13.892s][info][gc,heap        ] GC(192) PSYoungGen: 63136K(99840K)->33472K(102400K) Eden: 33280K(33280K)->0K(33280K) From: 29856K(66560K)->33472K(69120K)
[13.892s][info][gc,heap        ] GC(192) ParOldGen: 2041129K(2192896K)->2071297K(2192896K)
[13.892s][info][gc,metaspace   ] GC(192) Metaspace: 6297K(6464K)->6297K(6464K) NonClass: 5764K(5824K)->5764K(5824K) Class: 533K(640K)->533K(640K)
[13.893s][info][gc             ] GC(192) Pause Young (Allocation Failure) 2054M->2055M(2241M) 47.148ms
[13.893s][info][gc,cpu         ] GC(192) User=0.17s Sys=0.09s Real=0.05s
[13.930s][info][gc,start       ] GC(193) Pause Young (Allocation Failure)
[13.978s][info][gc,heap        ] GC(193) PSYoungGen: 66752K(102400K)->33440K(96256K) Eden: 33280K(33280K)->0K(36864K) From: 33472K(69120K)->33440K(59392K)
[13.978s][info][gc,heap        ] GC(193) ParOldGen: 2071297K(2192896K)->2105097K(2192896K)
[13.978s][info][gc,metaspace   ] GC(193) Metaspace: 6297K(6464K)->6297K(6464K) NonClass: 5764K(5824K)->5764K(5824K) Class: 533K(640K)->533K(640K)
[13.978s][info][gc             ] GC(193) Pause Young (Allocation Failure) 2087M->2088M(2235M) 47.815ms
[13.978s][info][gc,cpu         ] GC(193) User=0.19s Sys=0.08s Real=0.05s
[14.017s][info][gc,start       ] GC(194) Pause Young (Allocation Failure)
[14.065s][info][gc,heap        ] GC(194) PSYoungGen: 70304K(96256K)->37024K(99328K) Eden: 36864K(36864K)->0K(36864K) From: 33440K(59392K)->37024K(62464K)
[14.065s][info][gc,heap        ] GC(194) ParOldGen: 2105097K(2192896K)->2138873K(2192896K)
[14.065s][info][gc,metaspace   ] GC(194) Metaspace: 6297K(6464K)->6297K(6464K) NonClass: 5764K(5824K)->5764K(5824K) Class: 533K(640K)->533K(640K)
[14.065s][info][gc             ] GC(194) Pause Young (Allocation Failure) 2124M->2124M(2238M) 48.140ms
[14.065s][info][gc,cpu         ] GC(194) User=0.17s Sys=0.09s Real=0.05s
[14.107s][info][gc,start       ] GC(195) Pause Young (Allocation Failure)
[14.160s][info][gc,heap        ] GC(195) PSYoungGen: 73888K(99328K)->37024K(99328K) Eden: 36864K(36864K)->0K(41472K) From: 37024K(62464K)->37024K(57856K)
[14.160s][info][gc,heap        ] GC(195) ParOldGen: 2138873K(2192896K)->2176321K(2192896K)
[14.160s][info][gc,metaspace   ] GC(195) Metaspace: 6297K(6464K)->6297K(6464K) NonClass: 5764K(5824K)->5764K(5824K) Class: 533K(640K)->533K(640K)
[14.160s][info][gc             ] GC(195) Pause Young (Allocation Failure) 2160M->2161M(2238M) 52.880ms
[14.160s][info][gc,cpu         ] GC(195) User=0.31s Sys=0.06s Real=0.05s
[14.160s][info][gc,start       ] GC(196) Pause Full (Ergonomics)
[14.160s][info][gc,phases,start] GC(196) Marking Phase
[14.641s][info][gc,phases      ] GC(196) Marking Phase 480.419ms
[14.641s][info][gc,phases,start] GC(196) Summary Phase
[14.641s][info][gc,phases      ] GC(196) Summary Phase 0.032ms
[14.641s][info][gc,phases,start] GC(196) Adjust Roots
[14.641s][info][gc,phases      ] GC(196) Adjust Roots 0.164ms
[14.641s][info][gc,phases,start] GC(196) Compaction Phase
[14.838s][info][gc,phases      ] GC(196) Compaction Phase 197.012ms
[14.838s][info][gc,phases,start] GC(196) Post Compact
[14.843s][info][gc,phases      ] GC(196) Post Compact 4.449ms
[14.845s][info][gc,heap        ] GC(196) PSYoungGen: 37024K(99328K)->17414K(100864K) Eden: 0K(41472K)->0K(43008K) From: 37024K(57856K)->17414K(57856K)
[14.845s][info][gc,heap        ] GC(196) ParOldGen: 2176321K(2192896K)->2192524K(2428928K)
[14.845s][info][gc,metaspace   ] GC(196) Metaspace: 6297K(6464K)->6297K(6464K) NonClass: 5764K(5824K)->5764K(5824K) Class: 533K(640K)->533K(640K)
[14.845s][info][gc             ] GC(196) Pause Full (Ergonomics) 2161M->2158M(2470M) 684.859ms
[14.845s][info][gc,cpu         ] GC(196) User=4.98s Sys=0.05s Real=0.68s
[14.901s][info][gc,start       ] GC(197) Pause Young (Allocation Failure)
[15.028s][info][gc,heap        ] GC(197) PSYoungGen: 60422K(100864K)->43200K(102400K) Eden: 43008K(43008K)->0K(43008K) From: 17414K(57856K)->43200K(59392K)
[15.028s][info][gc,heap        ] GC(197) ParOldGen: 2192524K(2428928K)->2210236K(2428928K)
[15.028s][info][gc,metaspace   ] GC(197) Metaspace: 6297K(6464K)->6297K(6464K) NonClass: 5764K(5824K)->5764K(5824K) Class: 533K(640K)->533K(640K)
[15.028s][info][gc             ] GC(197) Pause Young (Allocation Failure) 2200M->2200M(2472M) 126.686ms
[15.028s][info][gc,cpu         ] GC(197) User=0.67s Sys=0.09s Real=0.13s
[15.077s][info][gc,start       ] GC(198) Pause Young (Allocation Failure)
[15.135s][info][gc,heap        ] GC(198) PSYoungGen: 86208K(102400K)->60416K(91136K) Eden: 43008K(43008K)->0K(30720K) From: 43200K(59392K)->60416K(60416K)
[15.136s][info][gc,heap        ] GC(198) ParOldGen: 2210236K(2428928K)->2236236K(2428928K)
[15.136s][info][gc,metaspace   ] GC(198) Metaspace: 6297K(6464K)->6297K(6464K) NonClass: 5764K(5824K)->5764K(5824K) Class: 533K(640K)->533K(640K)
[15.136s][info][gc             ] GC(198) Pause Young (Allocation Failure) 2242M->2242M(2461M) 58.808ms
[15.136s][info][gc,cpu         ] GC(198) User=0.19s Sys=0.19s Real=0.06s
[15.173s][info][gc,start       ] GC(199) Pause Young (Allocation Failure)
[15.239s][info][gc,heap        ] GC(199) PSYoungGen: 91136K(91136K)->30880K(107520K) Eden: 30720K(30720K)->0K(30720K) From: 60416K(60416K)->30880K(76800K)
[15.239s][info][gc,heap        ] GC(199) ParOldGen: 2236236K(2428928K)->2297212K(2428928K)
[15.239s][info][gc,metaspace   ] GC(199) Metaspace: 6297K(6464K)->6297K(6464K) NonClass: 5764K(5824K)->5764K(5824K) Class: 533K(640K)->533K(640K)
[15.239s][info][gc             ] GC(199) Pause Young (Allocation Failure) 2272M->2273M(2477M) 66.037ms
[15.239s][info][gc,cpu         ] GC(199) User=0.19s Sys=0.22s Real=0.07s
[15.273s][info][gc,start       ] GC(200) Pause Young (Allocation Failure)
[15.318s][info][gc,heap        ] GC(200) PSYoungGen: 61600K(107520K)->30912K(104960K) Eden: 30720K(30720K)->0K(34304K) From: 30880K(76800K)->30912K(70656K)
[15.318s][info][gc,heap        ] GC(200) ParOldGen: 2297212K(2428928K)->2328204K(2428928K)
[15.318s][info][gc,metaspace   ] GC(200) Metaspace: 6297K(6464K)->6297K(6464K) NonClass: 5764K(5824K)->5764K(5824K) Class: 533K(640K)->533K(640K)
[15.318s][info][gc             ] GC(200) Pause Young (Allocation Failure) 2303M->2303M(2474M) 45.250ms
[15.318s][info][gc,cpu         ] GC(200) User=0.23s Sys=0.03s Real=0.05s
[15.359s][info][gc,start       ] GC(201) Pause Young (Allocation Failure)
[15.406s][info][gc,heap        ] GC(201) PSYoungGen: 65216K(104960K)->34464K(107008K) Eden: 34304K(34304K)->0K(34304K) From: 30912K(70656K)->34464K(72704K)
[15.406s][info][gc,heap        ] GC(201) ParOldGen: 2328204K(2428928K)->2359204K(2428928K)
[15.406s][info][gc,metaspace   ] GC(201) Metaspace: 6297K(6464K)->6297K(6464K) NonClass: 5764K(5824K)->5764K(5824K) Class: 533K(640K)->533K(640K)
[15.406s][info][gc             ] GC(201) Pause Young (Allocation Failure) 2337M->2337M(2476M) 46.348ms
[15.406s][info][gc,cpu         ] GC(201) User=0.22s Sys=0.05s Real=0.05s
[15.448s][info][gc,start       ] GC(202) Pause Young (Allocation Failure)
[15.498s][info][gc,heap        ] GC(202) PSYoungGen: 68768K(107008K)->34496K(103424K) Eden: 34304K(34304K)->0K(38400K) From: 34464K(72704K)->34496K(65024K)
[15.498s][info][gc,heap        ] GC(202) ParOldGen: 2359204K(2428928K)->2393804K(2428928K)
[15.498s][info][gc,metaspace   ] GC(202) Metaspace: 6297K(6464K)->6297K(6464K) NonClass: 5764K(5824K)->5764K(5824K) Class: 533K(640K)->533K(640K)
[15.498s][info][gc             ] GC(202) Pause Young (Allocation Failure) 2371M->2371M(2473M) 50.318ms
[15.498s][info][gc,cpu         ] GC(202) User=0.22s Sys=0.05s Real=0.05s
[15.498s][info][gc,start       ] GC(203) Pause Full (Ergonomics)
[15.498s][info][gc,phases,start] GC(203) Marking Phase
[16.033s][info][gc,phases      ] GC(203) Marking Phase 535.029ms
[16.033s][info][gc,phases,start] GC(203) Summary Phase
[16.033s][info][gc,phases      ] GC(203) Summary Phase 0.059ms
[16.033s][info][gc,phases,start] GC(203) Adjust Roots
[16.034s][info][gc,phases      ] GC(203) Adjust Roots 0.166ms
[16.034s][info][gc,phases,start] GC(203) Compaction Phase
[16.240s][info][gc,phases      ] GC(203) Compaction Phase 206.547ms
[16.240s][info][gc,phases,start] GC(203) Post Compact
[16.245s][info][gc,phases      ] GC(203) Post Compact 4.447ms
[16.247s][info][gc,heap        ] GC(203) PSYoungGen: 34496K(103424K)->0K(105984K) Eden: 0K(38400K)->0K(38400K) From: 34496K(65024K)->0K(67584K)
[16.247s][info][gc,heap        ] GC(203) ParOldGen: 2393804K(2428928K)->2425818K(2682880K)
[16.247s][info][gc,metaspace   ] GC(203) Metaspace: 6297K(6464K)->6297K(6464K) NonClass: 5764K(5824K)->5764K(5824K) Class: 533K(640K)->533K(640K)
[16.247s][info][gc             ] GC(203) Pause Full (Ergonomics) 2371M->2368M(2723M) 748.501ms
[16.247s][info][gc,cpu         ] GC(203) User=5.58s Sys=0.06s Real=0.75s
[16.292s][info][gc,start       ] GC(204) Pause Young (Allocation Failure)
[16.321s][info][gc,heap        ] GC(204) PSYoungGen: 38400K(105984K)->38560K(103936K) Eden: 38400K(38400K)->0K(41984K) From: 0K(67584K)->38560K(61952K)
[16.321s][info][gc,heap        ] GC(204) ParOldGen: 2425818K(2682880K)->2425818K(2682880K)
[16.321s][info][gc,metaspace   ] GC(204) Metaspace: 6297K(6464K)->6297K(6464K) NonClass: 5764K(5824K)->5764K(5824K) Class: 533K(640K)->533K(640K)
[16.321s][info][gc             ] GC(204) Pause Young (Allocation Failure) 2406M->2406M(2721M) 28.488ms
[16.321s][info][gc,cpu         ] GC(204) User=0.12s Sys=0.00s Real=0.03s
[16.373s][info][gc,start       ] GC(205) Pause Young (Allocation Failure)
[16.422s][info][gc,heap        ] GC(205) PSYoungGen: 80544K(103936K)->65024K(107008K) Eden: 41984K(41984K)->0K(41984K) From: 38560K(61952K)->65024K(65024K)
[16.422s][info][gc,heap        ] GC(205) ParOldGen: 2425818K(2682880K)->2441418K(2682880K)
[16.422s][info][gc,metaspace   ] GC(205) Metaspace: 6297K(6464K)->6297K(6464K) NonClass: 5764K(5824K)->5764K(5824K) Class: 533K(640K)->533K(640K)
[16.422s][info][gc             ] GC(205) Pause Young (Allocation Failure) 2447M->2447M(2724M) 49.424ms
[16.422s][info][gc,cpu         ] GC(205) User=0.28s Sys=0.00s Real=0.05s
[16.472s][info][gc,start       ] GC(206) Pause Young (Allocation Failure)
[16.548s][info][gc,heap        ] GC(206) PSYoungGen: 107008K(107008K)->42144K(117760K) Eden: 41984K(41984K)->0K(46592K) From: 65024K(65024K)->42144K(71168K)
[16.548s][info][gc,heap        ] GC(206) ParOldGen: 2441418K(2682880K)->2506938K(2682880K)
[16.548s][info][gc,metaspace   ] GC(206) Metaspace: 6297K(6464K)->6297K(6464K) NonClass: 5764K(5824K)->5764K(5824K) Class: 533K(640K)->533K(640K)
[16.548s][info][gc             ] GC(206) Pause Young (Allocation Failure) 2488M->2489M(2735M) 76.126ms
[16.548s][info][gc,cpu         ] GC(206) User=0.27s Sys=0.25s Real=0.08s
[16.605s][info][gc,start       ] GC(207) Pause Young (Allocation Failure)
[16.660s][info][gc,heap        ] GC(207) PSYoungGen: 88736K(117760K)->74240K(120832K) Eden: 46592K(46592K)->0K(46592K) From: 42144K(71168K)->74240K(74240K)
[16.660s][info][gc,heap        ] GC(207) ParOldGen: 2506938K(2682880K)->2521514K(2682880K)
[16.660s][info][gc,metaspace   ] GC(207) Metaspace: 6297K(6464K)->6297K(6464K) NonClass: 5764K(5824K)->5764K(5824K) Class: 533K(640K)->533K(640K)
[16.660s][info][gc             ] GC(207) Pause Young (Allocation Failure) 2534M->2534M(2738M) 55.283ms
[16.660s][info][gc,cpu         ] GC(207) User=0.27s Sys=0.03s Real=0.06s
[16.720s][info][gc,start       ] GC(208) Pause Young (Allocation Failure)
[16.814s][info][gc,heap        ] GC(208) PSYoungGen: 120832K(120832K)->46816K(132096K) Eden: 46592K(46592K)->0K(51712K) From: 74240K(74240K)->46816K(80384K)
[16.814s][info][gc,heap        ] GC(208) ParOldGen: 2521514K(2682880K)->2596306K(2682880K)
[16.814s][info][gc,metaspace   ] GC(208) Metaspace: 6297K(6464K)->6297K(6464K) NonClass: 5764K(5824K)->5764K(5824K) Class: 533K(640K)->533K(640K)
[16.814s][info][gc             ] GC(208) Pause Young (Allocation Failure) 2580M->2581M(2749M) 94.370ms
[16.814s][info][gc,cpu         ] GC(208) User=0.31s Sys=0.28s Real=0.10s
[16.880s][info][gc,start       ] GC(209) Pause Young (Allocation Failure)
[16.948s][info][gc,heap        ] GC(209) PSYoungGen: 98528K(132096K)->51904K(136192K) Eden: 51712K(51712K)->0K(51712K) From: 46816K(80384K)->51904K(84480K)
[16.948s][info][gc,heap        ] GC(209) ParOldGen: 2596306K(2682880K)->2643322K(2682880K)
[16.948s][info][gc,metaspace   ] GC(209) Metaspace: 6297K(6464K)->6297K(6464K) NonClass: 5764K(5824K)->5764K(5824K) Class: 533K(640K)->533K(640K)
[16.948s][info][gc             ] GC(209) Pause Young (Allocation Failure) 2631M->2632M(2753M) 68.091ms
[16.948s][info][gc,cpu         ] GC(209) User=0.30s Sys=0.11s Real=0.07s
[16.948s][info][gc,start       ] GC(210) Pause Full (Ergonomics)
[16.948s][info][gc,phases,start] GC(210) Marking Phase
[17.566s][info][gc,phases      ] GC(210) Marking Phase 618.212ms
[17.566s][info][gc,phases,start] GC(210) Summary Phase
[17.566s][info][gc,phases      ] GC(210) Summary Phase 0.057ms
[17.566s][info][gc,phases,start] GC(210) Adjust Roots
[17.566s][info][gc,phases      ] GC(210) Adjust Roots 0.160ms
[17.567s][info][gc,phases,start] GC(210) Compaction Phase
[17.790s][info][gc,phases      ] GC(210) Compaction Phase 223.601ms
[17.790s][info][gc,phases,start] GC(210) Post Compact
[17.795s][info][gc,phases      ] GC(210) Post Compact 4.763ms
[17.798s][info][gc,heap        ] GC(210) PSYoungGen: 51904K(136192K)->10290K(136192K) Eden: 0K(51712K)->0K(51712K) From: 51904K(84480K)->10290K(84480K)
[17.798s][info][gc,heap        ] GC(210) ParOldGen: 2643322K(2682880K)->2682606K(2982912K)
[17.798s][info][gc,metaspace   ] GC(210) Metaspace: 6297K(6464K)->6297K(6464K) NonClass: 5764K(5824K)->5764K(5824K) Class: 533K(640K)->533K(640K)
[17.798s][info][gc             ] GC(210) Pause Full (Ergonomics) 2632M->2629M(3046M) 849.720ms
[17.798s][info][gc,cpu         ] GC(210) User=6.34s Sys=0.12s Real=0.85s
[17.858s][info][gc,start       ] GC(211) Pause Young (Allocation Failure)
[18.009s][info][gc,heap        ] GC(211) PSYoungGen: 62002K(136192K)->51904K(135680K) Eden: 51712K(51712K)->0K(56832K) From: 10290K(84480K)->51904K(78848K)
[18.009s][info][gc,heap        ] GC(211) ParOldGen: 2682606K(2982912K)->2693014K(2982912K)
[18.009s][info][gc,metaspace   ] GC(211) Metaspace: 6297K(6464K)->6297K(6464K) NonClass: 5764K(5824K)->5764K(5824K) Class: 533K(640K)->533K(640K)
[18.009s][info][gc             ] GC(211) Pause Young (Allocation Failure) 2680M->2680M(3045M) 150.664ms
[18.009s][info][gc,cpu         ] GC(211) User=0.91s Sys=0.02s Real=0.15s
[18.078s][info][gc,start       ] GC(212) Pause Young (Allocation Failure)
[18.147s][info][gc,heap        ] GC(212) PSYoungGen: 108736K(135680K)->80896K(137728K) Eden: 56832K(56832K)->0K(56832K) From: 51904K(78848K)->80896K(80896K)
[18.147s][info][gc,heap        ] GC(212) ParOldGen: 2693014K(2982912K)->2721054K(2982912K)
[18.147s][info][gc,metaspace   ] GC(212) Metaspace: 6297K(6464K)->6297K(6464K) NonClass: 5764K(5824K)->5764K(5824K) Class: 533K(640K)->533K(640K)
[18.147s][info][gc             ] GC(212) Pause Young (Allocation Failure) 2736M->2736M(3047M) 69.213ms
[18.147s][info][gc,cpu         ] GC(212) User=0.34s Sys=0.06s Real=0.07s
[18.811s][info][gc,start       ] GC(213) Pause Young (Allocation Failure)
[18.971s][info][gc,heap        ] GC(213) PSYoungGen: 137728K(137728K)->57056K(154624K) Eden: 56832K(56832K)->0K(61952K) From: 80896K(80896K)->57056K(92672K)
[18.971s][info][gc,heap        ] GC(213) ParOldGen: 2852126K(2982912K)->2933614K(2982912K)
[18.971s][info][gc,metaspace   ] GC(213) Metaspace: 6297K(6464K)->6297K(6464K) NonClass: 5764K(5824K)->5764K(5824K) Class: 533K(640K)->533K(640K)
[18.972s][info][gc             ] GC(213) Pause Young (Allocation Failure) 2919M->2920M(3064M) 160.336ms
[18.972s][info][gc,cpu         ] GC(213) User=0.92s Sys=0.22s Real=0.16s
[18.972s][info][gc,start       ] GC(214) Pause Full (Ergonomics)
[18.972s][info][gc,phases,start] GC(214) Marking Phase
[19.629s][info][gc,phases      ] GC(214) Marking Phase 657.005ms
[19.629s][info][gc,phases,start] GC(214) Summary Phase
[19.629s][info][gc,phases      ] GC(214) Summary Phase 0.069ms
[19.629s][info][gc,phases,start] GC(214) Adjust Roots
[19.629s][info][gc,phases      ] GC(214) Adjust Roots 0.222ms
[19.629s][info][gc,phases,start] GC(214) Compaction Phase
[20.073s][info][gc,phases      ] GC(214) Compaction Phase 444.150ms
[20.073s][info][gc,phases,start] GC(214) Post Compact
[20.080s][info][gc,phases      ] GC(214) Post Compact 7.222ms
[20.083s][info][gc,heap        ] GC(214) PSYoungGen: 57056K(154624K)->0K(158720K) Eden: 0K(61952K)->0K(61952K) From: 57056K(92672K)->0K(96768K)
[20.083s][info][gc,heap        ] GC(214) ParOldGen: 2933614K(2982912K)->2923717K(3259904K)
[20.083s][info][gc,metaspace   ] GC(214) Metaspace: 6297K(6464K)->6297K(6464K) NonClass: 5764K(5824K)->5764K(5824K) Class: 533K(640K)->533K(640K)
[20.083s][info][gc             ] GC(214) Pause Full (Ergonomics) 2920M->2855M(3338M) 1111.114ms
[20.083s][info][gc,cpu         ] GC(214) User=7.94s Sys=0.02s Real=1.11s
[20.152s][info][gc,start       ] GC(215) Pause Young (Allocation Failure)
[20.203s][info][gc,heap        ] GC(215) PSYoungGen: 61952K(158720K)->62176K(161280K) Eden: 61952K(61952K)->0K(67072K) From: 0K(96768K)->62176K(94208K)
[20.203s][info][gc,heap        ] GC(215) ParOldGen: 2923717K(3259904K)->2923717K(3259904K)
[20.203s][info][gc,metaspace   ] GC(215) Metaspace: 6297K(6464K)->6297K(6464K) NonClass: 5764K(5824K)->5764K(5824K) Class: 533K(640K)->533K(640K)
[20.203s][info][gc             ] GC(215) Pause Young (Allocation Failure) 2915M->2915M(3341M) 51.526ms
[20.203s][info][gc,cpu         ] GC(215) User=0.16s Sys=0.02s Real=0.05s
[20.273s][info][gc,start       ] GC(216) Pause Young (Allocation Failure)
[20.351s][info][gc,heap        ] GC(216) PSYoungGen: 129248K(161280K)->95744K(162816K) Eden: 67072K(67072K)->0K(67072K) From: 62176K(94208K)->95744K(95744K)
[20.351s][info][gc,heap        ] GC(216) ParOldGen: 2923717K(3259904K)->2957469K(3259904K)
[20.351s][info][gc,metaspace   ] GC(216) Metaspace: 6297K(6464K)->6297K(6464K) NonClass: 5764K(5824K)->5764K(5824K) Class: 533K(640K)->533K(640K)
[20.351s][info][gc             ] GC(216) Pause Young (Allocation Failure) 2981M->2981M(3342M) 78.732ms
[20.351s][info][gc,cpu         ] GC(216) User=0.23s Sys=0.08s Real=0.08s
[20.415s][info][gc,start       ] GC(217) Pause Young (Allocation Failure)
[20.539s][info][gc,heap        ] GC(217) PSYoungGen: 162816K(162816K)->108928K(180736K) Eden: 67072K(67072K)->0K(61440K) From: 95744K(95744K)->108928K(119296K)
[20.539s][info][gc,heap        ] GC(217) ParOldGen: 2957469K(3259904K)->3011949K(3259904K)
[20.539s][info][gc,metaspace   ] GC(217) Metaspace: 6297K(6464K)->6297K(6464K) NonClass: 5764K(5824K)->5764K(5824K) Class: 533K(640K)->533K(640K)
[20.539s][info][gc             ] GC(217) Pause Young (Allocation Failure) 3047M->3047M(3360M) 123.738ms
[20.539s][info][gc,cpu         ] GC(217) User=0.48s Sys=0.52s Real=0.12s
[20.604s][info][gc,start       ] GC(218) Pause Young (Allocation Failure)
[20.698s][info][gc,heap        ] GC(218) PSYoungGen: 170368K(180736K)->130560K(192000K) Eden: 61440K(61440K)->0K(61440K) From: 108928K(119296K)->130560K(130560K)
[20.698s][info][gc,heap        ] GC(218) ParOldGen: 3011949K(3259904K)->3052077K(3259904K)
[20.698s][info][gc,metaspace   ] GC(218) Metaspace: 6297K(6464K)->6297K(6464K) NonClass: 5764K(5824K)->5764K(5824K) Class: 533K(640K)->533K(640K)
[20.698s][info][gc             ] GC(218) Pause Young (Allocation Failure) 3107M->3108M(3371M) 93.965ms
[20.698s][info][gc,cpu         ] GC(218) User=0.48s Sys=0.14s Real=0.09s
[20.764s][info][gc,start       ] GC(219) Pause Young (Allocation Failure)
[20.890s][info][gc,heap        ] GC(219) PSYoungGen: 192000K(192000K)->115648K(224768K) Eden: 61440K(61440K)->0K(61952K) From: 130560K(130560K)->115648K(162816K)
[20.890s][info][gc,heap        ] GC(219) ParOldGen: 3052077K(3259904K)->3129173K(3259904K)
[20.890s][info][gc,metaspace   ] GC(219) Metaspace: 6297K(6464K)->6297K(6464K) NonClass: 5764K(5824K)->5764K(5824K) Class: 533K(640K)->533K(640K)
[20.890s][info][gc             ] GC(219) Pause Young (Allocation Failure) 3168M->3168M(3403M) 126.668ms
[20.890s][info][gc,cpu         ] GC(219) User=0.42s Sys=0.47s Real=0.13s
[20.953s][info][gc,start       ] GC(220) Pause Young (Allocation Failure)
[21.061s][info][gc,heap        ] GC(220) PSYoungGen: 177600K(224768K)->123744K(230400K) Eden: 61952K(61952K)->0K(61952K) From: 115648K(162816K)->123744K(168448K)
[21.061s][info][gc,heap        ] GC(220) ParOldGen: 3129173K(3259904K)->3183605K(3259904K)
[21.061s][info][gc,metaspace   ] GC(220) Metaspace: 6297K(6464K)->6297K(6464K) NonClass: 5764K(5824K)->5764K(5824K) Class: 533K(640K)->533K(640K)
[21.061s][info][gc             ] GC(220) Pause Young (Allocation Failure) 3229M->3229M(3408M) 108.323ms
[21.061s][info][gc,cpu         ] GC(220) User=0.64s Sys=0.09s Real=0.11s
[21.061s][info][gc,start       ] GC(221) Pause Full (Ergonomics)
[21.061s][info][gc,phases,start] GC(221) Marking Phase
[21.804s][info][gc,phases      ] GC(221) Marking Phase 742.522ms
[21.804s][info][gc,phases,start] GC(221) Summary Phase
[21.804s][info][gc,phases      ] GC(221) Summary Phase 0.055ms
[21.804s][info][gc,phases,start] GC(221) Adjust Roots
[21.804s][info][gc,phases      ] GC(221) Adjust Roots 0.160ms
[21.804s][info][gc,phases,start] GC(221) Compaction Phase
[22.495s][info][gc,phases      ] GC(221) Compaction Phase 690.748ms
[22.495s][info][gc,phases,start] GC(221) Post Compact
[22.501s][info][gc,phases      ] GC(221) Post Compact 6.495ms
[22.504s][info][gc,heap        ] GC(221) PSYoungGen: 123744K(230400K)->44639K(230400K) Eden: 0K(61952K)->0K(61952K) From: 123744K(168448K)->44639K(168448K)
[22.504s][info][gc,heap        ] GC(221) ParOldGen: 3183605K(3259904K)->3259809K(3626496K)
[22.504s][info][gc,metaspace   ] GC(221) Metaspace: 6297K(6464K)->6297K(6464K) NonClass: 5764K(5824K)->5764K(5824K) Class: 533K(640K)->533K(640K)
[22.504s][info][gc             ] GC(221) Pause Full (Ergonomics) 3229M->3227M(3766M) 1442.579ms
[22.504s][info][gc,cpu         ] GC(221) User=10.06s Sys=0.14s Real=1.44s
[22.574s][info][gc,start       ] GC(222) Pause Young (Allocation Failure)
[22.762s][info][gc,heap        ] GC(222) PSYoungGen: 106591K(230400K)->78336K(226304K) Eden: 61952K(61952K)->0K(68096K) From: 44639K(168448K)->78336K(158208K)
[22.762s][info][gc,heap        ] GC(222) ParOldGen: 3259809K(3626496K)->3288649K(3626496K)
[22.762s][info][gc,metaspace   ] GC(222) Metaspace: 6297K(6464K)->6297K(6464K) NonClass: 5764K(5824K)->5764K(5824K) Class: 533K(640K)->533K(640K)
[22.762s][info][gc             ] GC(222) Pause Young (Allocation Failure) 3287M->3288M(3762M) 188.410ms
[22.762s][info][gc,cpu         ] GC(222) User=1.27s Sys=0.11s Real=0.19s
[22.836s][info][gc,start       ] GC(223) Pause Young (Allocation Failure)
[22.914s][info][gc,heap        ] GC(223) PSYoungGen: 146432K(226304K)->146496K(235520K) Eden: 68096K(68096K)->0K(68096K) From: 78336K(158208K)->146496K(167424K)
[22.914s][info][gc,heap        ] GC(223) ParOldGen: 3288649K(3626496K)->3288649K(3626496K)
[22.914s][info][gc,metaspace   ] GC(223) Metaspace: 6297K(6464K)->6297K(6464K) NonClass: 5764K(5824K)->5764K(5824K) Class: 533K(640K)->533K(640K)
[22.914s][info][gc             ] GC(223) Pause Young (Allocation Failure) 3354M->3354M(3771M) 77.803ms
[22.914s][info][gc,cpu         ] GC(223) User=0.30s Sys=0.00s Real=0.08s
[22.981s][info][gc,start       ] GC(224) Pause Young (Allocation Failure)
[23.130s][info][gc,heap        ] GC(224) PSYoungGen: 214592K(235520K)->182272K(220160K) Eden: 68096K(68096K)->0K(37888K) From: 146496K(167424K)->182272K(182272K)
[23.130s][info][gc,heap        ] GC(224) ParOldGen: 3288649K(3626496K)->3321193K(3626496K)
[23.130s][info][gc,metaspace   ] GC(224) Metaspace: 6297K(6464K)->6297K(6464K) NonClass: 5764K(5824K)->5764K(5824K) Class: 533K(640K)->533K(640K)
[23.130s][info][gc             ] GC(224) Pause Young (Allocation Failure) 3421M->3421M(3756M) 149.400ms
[23.130s][info][gc,cpu         ] GC(224) User=0.66s Sys=0.47s Real=0.15s
[23.168s][info][gc,start       ] GC(225) Pause Young (Allocation Failure)
[23.296s][info][gc,heap        ] GC(225) PSYoungGen: 220160K(220160K)->155776K(257024K) Eden: 37888K(37888K)->0K(37888K) From: 182272K(182272K)->155776K(219136K)
[23.296s][info][gc,heap        ] GC(225) ParOldGen: 3321193K(3626496K)->3386281K(3626496K)
[23.296s][info][gc,metaspace   ] GC(225) Metaspace: 6297K(6464K)->6297K(6464K) NonClass: 5764K(5824K)->5764K(5824K) Class: 533K(640K)->533K(640K)
[23.296s][info][gc             ] GC(225) Pause Young (Allocation Failure) 3458M->3459M(3792M) 128.043ms
[23.296s][info][gc,cpu         ] GC(225) User=0.69s Sys=0.19s Real=0.13s
[23.339s][info][gc,start       ] GC(226) Pause Young (Allocation Failure)
[23.457s][info][gc,heap        ] GC(226) PSYoungGen: 193664K(257024K)->129824K(262144K) Eden: 37888K(37888K)->0K(43008K) From: 155776K(219136K)->129824K(219136K)
[23.457s][info][gc,heap        ] GC(226) ParOldGen: 3386281K(3626496K)->3450633K(3626496K)
[23.457s][info][gc,metaspace   ] GC(226) Metaspace: 6297K(6464K)->6297K(6464K) NonClass: 5764K(5824K)->5764K(5824K) Class: 533K(640K)->533K(640K)
[23.457s][info][gc             ] GC(226) Pause Young (Allocation Failure) 3496M->3496M(3797M) 118.115ms
[23.457s][info][gc,cpu         ] GC(226) User=0.67s Sys=0.19s Real=0.12s
[23.501s][info][gc,start       ] GC(227) Pause Young (Allocation Failure)
[23.618s][info][gc,heap        ] GC(227) PSYoungGen: 172832K(262144K)->81120K(124416K) Eden: 43008K(43008K)->0K(43008K) From: 129824K(219136K)->81120K(81408K)
[23.618s][info][gc,heap        ] GC(227) ParOldGen: 3450633K(3626496K)->3543049K(3626496K)
[23.618s][info][gc,metaspace   ] GC(227) Metaspace: 6297K(6464K)->6297K(6464K) NonClass: 5764K(5824K)->5764K(5824K) Class: 533K(640K)->533K(640K)
[23.618s][info][gc             ] GC(227) Pause Young (Allocation Failure) 3538M->3539M(3663M) 117.020ms
[23.618s][info][gc,cpu         ] GC(227) User=0.67s Sys=0.20s Real=0.12s
[23.619s][info][gc,start       ] GC(228) Pause Full (Ergonomics)
[23.619s][info][gc,phases,start] GC(228) Marking Phase
[24.429s][info][gc,phases      ] GC(228) Marking Phase 810.718ms
[24.429s][info][gc,phases,start] GC(228) Summary Phase
[24.429s][info][gc,phases      ] GC(228) Summary Phase 0.071ms
[24.429s][info][gc,phases,start] GC(228) Adjust Roots
[24.430s][info][gc,phases      ] GC(228) Adjust Roots 0.181ms
[24.430s][info][gc,phases,start] GC(228) Compaction Phase
[24.778s][info][gc,phases      ] GC(228) Compaction Phase 348.454ms
[24.778s][info][gc,phases,start] GC(228) Post Compact
[24.785s][info][gc,phases      ] GC(228) Post Compact 6.782ms
[24.787s][info][gc,heap        ] GC(228) PSYoungGen: 81120K(124416K)->0K(265216K) Eden: 0K(43008K)->0K(48640K) From: 81120K(81408K)->0K(216576K)
[24.787s][info][gc,heap        ] GC(228) ParOldGen: 3543049K(3626496K)->3621186K(3891200K)
[24.787s][info][gc,metaspace   ] GC(228) Metaspace: 6297K(6464K)->6297K(6464K) NonClass: 5764K(5824K)->5764K(5824K) Class: 533K(640K)->533K(640K)
[24.787s][info][gc             ] GC(228) Pause Full (Ergonomics) 3539M->3536M(4059M) 1168.790ms
[24.787s][info][gc,cpu         ] GC(228) User=8.64s Sys=0.11s Real=1.17s
[24.844s][info][gc,start       ] GC(229) Pause Young (Allocation Failure)
[24.888s][info][gc,heap        ] GC(229) PSYoungGen: 48640K(265216K)->48832K(265216K) Eden: 48640K(48640K)->0K(48640K) From: 0K(216576K)->48832K(216576K)
[24.888s][info][gc,heap        ] GC(229) ParOldGen: 3621186K(3891200K)->3621186K(3891200K)
[24.888s][info][gc,metaspace   ] GC(229) Metaspace: 6297K(6464K)->6297K(6464K) NonClass: 5764K(5824K)->5764K(5824K) Class: 533K(640K)->533K(640K)
[24.888s][info][gc             ] GC(229) Pause Young (Allocation Failure) 3583M->3584M(4059M) 44.085ms
[24.888s][info][gc,cpu         ] GC(229) User=0.06s Sys=0.02s Real=0.04s
[24.937s][info][gc,start       ] GC(230) Pause Young (Allocation Failure)
[25.010s][info][gc,heap        ] GC(230) PSYoungGen: 97472K(265216K)->48832K(264704K) Eden: 48640K(48640K)->0K(53760K) From: 48832K(216576K)->48832K(210944K)
[25.010s][info][gc,heap        ] GC(230) ParOldGen: 3621186K(3891200K)->3670250K(3891200K)
[25.010s][info][gc,metaspace   ] GC(230) Metaspace: 6297K(6464K)->6297K(6464K) NonClass: 5764K(5824K)->5764K(5824K) Class: 533K(640K)->533K(640K)
[25.010s][info][gc             ] GC(230) Pause Young (Allocation Failure) 3631M->3631M(4058M) 73.004ms
[25.010s][info][gc,cpu         ] GC(230) User=0.25s Sys=0.12s Real=0.07s
[25.065s][info][gc,start       ] GC(231) Pause Young (Allocation Failure)
[25.136s][info][gc,heap        ] GC(231) PSYoungGen: 102592K(264704K)->53952K(267264K) Eden: 53760K(53760K)->0K(53760K) From: 48832K(210944K)->53952K(213504K)
[25.136s][info][gc,heap        ] GC(231) ParOldGen: 3670250K(3891200K)->3719322K(3891200K)
[25.136s][info][gc,metaspace   ] GC(231) Metaspace: 6297K(6464K)->6297K(6464K) NonClass: 5764K(5824K)->5764K(5824K) Class: 533K(640K)->533K(640K)
[25.136s][info][gc             ] GC(231) Pause Young (Allocation Failure) 3684M->3684M(4061M) 71.589ms
[25.136s][info][gc,cpu         ] GC(231) User=0.45s Sys=0.06s Real=0.07s
[25.190s][info][gc,start       ] GC(232) Pause Young (Allocation Failure)
[25.264s][info][gc,heap        ] GC(232) PSYoungGen: 107712K(267264K)->54016K(258560K) Eden: 53760K(53760K)->0K(59904K) From: 53952K(213504K)->54016K(198656K)
[25.264s][info][gc,heap        ] GC(232) ParOldGen: 3719322K(3891200K)->3773578K(3891200K)
[25.264s][info][gc,metaspace   ] GC(232) Metaspace: 6297K(6464K)->6297K(6464K) NonClass: 5764K(5824K)->5764K(5824K) Class: 533K(640K)->533K(640K)
[25.264s][info][gc             ] GC(232) Pause Young (Allocation Failure) 3737M->3737M(4052M) 73.915ms
[25.264s][info][gc,cpu         ] GC(232) User=0.23s Sys=0.28s Real=0.07s
[25.328s][info][gc,start       ] GC(233) Pause Young (Allocation Failure)
[25.403s][info][gc,heap        ] GC(233) PSYoungGen: 113920K(258560K)->60096K(263680K) Eden: 59904K(59904K)->0K(59904K) From: 54016K(198656K)->60096K(203776K)
[25.403s][info][gc,heap        ] GC(233) ParOldGen: 3773578K(3891200K)->3827818K(3891200K)
[25.403s][info][gc,metaspace   ] GC(233) Metaspace: 6297K(6464K)->6297K(6464K) NonClass: 5764K(5824K)->5764K(5824K) Class: 533K(640K)->533K(640K)
[25.403s][info][gc             ] GC(233) Pause Young (Allocation Failure) 3796M->3796M(4057M) 75.235ms
[25.403s][info][gc,cpu         ] GC(233) User=0.36s Sys=0.12s Real=0.08s
[25.403s][info][gc,start       ] GC(234) Pause Full (Ergonomics)
[25.403s][info][gc,phases,start] GC(234) Marking Phase
[26.259s][info][gc,phases      ] GC(234) Marking Phase 856.149ms
[26.259s][info][gc,phases,start] GC(234) Summary Phase
[26.259s][info][gc,phases      ] GC(234) Summary Phase 0.103ms
[26.259s][info][gc,phases,start] GC(234) Adjust Roots
[26.260s][info][gc,phases      ] GC(234) Adjust Roots 0.302ms
[26.260s][info][gc,phases,start] GC(234) Compaction Phase
[26.603s][info][gc,phases      ] GC(234) Compaction Phase 343.650ms
[26.603s][info][gc,phases,start] GC(234) Post Compact
[26.611s][info][gc,phases      ] GC(234) Post Compact 7.323ms
[26.611s][info][gc,heap        ] GC(234) PSYoungGen: 60096K(263680K)->0K(263680K) Eden: 0K(59904K)->0K(66560K) From: 60096K(203776K)->0K(197120K)
[26.611s][info][gc,heap        ] GC(234) ParOldGen: 3827818K(3891200K)->3885740K(3891200K)
[26.611s][info][gc,metaspace   ] GC(234) Metaspace: 6297K(6464K)->6297K(6464K) NonClass: 5764K(5824K)->5764K(5824K) Class: 533K(640K)->533K(640K)
[26.611s][info][gc             ] GC(234) Pause Full (Ergonomics) 3796M->3794M(4057M) 1207.920ms
[26.611s][info][gc,cpu         ] GC(234) User=8.72s Sys=0.16s Real=1.21s
[26.682s][info][gc,start       ] GC(235) Pause Full (Ergonomics)
[26.682s][info][gc,phases,start] GC(235) Marking Phase
[27.572s][info][gc,phases      ] GC(235) Marking Phase 889.297ms
[27.572s][info][gc,phases,start] GC(235) Summary Phase
[27.572s][info][gc,phases      ] GC(235) Summary Phase 0.048ms
[27.572s][info][gc,phases,start] GC(235) Adjust Roots
[27.572s][info][gc,phases      ] GC(235) Adjust Roots 0.190ms
[27.572s][info][gc,phases,start] GC(235) Compaction Phase
[27.855s][info][gc,phases      ] GC(235) Compaction Phase 282.825ms
[27.855s][info][gc,phases,start] GC(235) Post Compact
[27.862s][info][gc,phases      ] GC(235) Post Compact 7.132ms
[27.862s][info][gc,heap        ] GC(235) PSYoungGen: 66560K(263680K)->61406K(263680K) Eden: 66560K(66560K)->61406K(66560K) From: 0K(197120K)->0K(197120K)
[27.862s][info][gc,heap        ] GC(235) ParOldGen: 3885740K(3891200K)->3890858K(3891200K)
[27.862s][info][gc,metaspace   ] GC(235) Metaspace: 6297K(6464K)->6297K(6464K) NonClass: 5764K(5824K)->5764K(5824K) Class: 533K(640K)->533K(640K)
[27.862s][info][gc             ] GC(235) Pause Full (Ergonomics) 3859M->3859M(4057M) 1179.949ms
[27.862s][info][gc,cpu         ] GC(235) User=8.62s Sys=0.03s Real=1.18s
[27.868s][info][gc,start       ] GC(236) Pause Full (Ergonomics)
[27.868s][info][gc,phases,start] GC(236) Marking Phase
[28.742s][info][gc,phases      ] GC(236) Marking Phase 874.163ms
[28.742s][info][gc,phases,start] GC(236) Summary Phase
[28.743s][info][gc,phases      ] GC(236) Summary Phase 0.050ms
[28.743s][info][gc,phases,start] GC(236) Adjust Roots
[28.743s][info][gc,phases      ] GC(236) Adjust Roots 0.164ms
[28.743s][info][gc,phases,start] GC(236) Compaction Phase
[29.011s][info][gc,phases      ] GC(236) Compaction Phase 268.385ms
[29.011s][info][gc,phases,start] GC(236) Post Compact
[29.018s][info][gc,phases      ] GC(236) Post Compact 6.978ms
[29.018s][info][gc,heap        ] GC(236) PSYoungGen: 66560K(263680K)->66557K(263680K) Eden: 66560K(66560K)->66557K(66560K) From: 0K(197120K)->0K(197120K)
[29.018s][info][gc,heap        ] GC(236) ParOldGen: 3890858K(3891200K)->3890858K(3891200K)
[29.018s][info][gc,metaspace   ] GC(236) Metaspace: 6297K(6464K)->6297K(6464K) NonClass: 5764K(5824K)->5764K(5824K) Class: 533K(640K)->533K(640K)
[29.018s][info][gc             ] GC(236) Pause Full (Ergonomics) 3864M->3864M(4057M) 1150.077ms
[29.018s][info][gc,cpu         ] GC(236) User=8.66s Sys=0.00s Real=1.15s
[29.019s][info][gc,start       ] GC(237) Pause Full (Ergonomics)
[29.019s][info][gc,phases,start] GC(237) Marking Phase
[29.900s][info][gc,phases      ] GC(237) Marking Phase 881.229ms
[29.900s][info][gc,phases,start] GC(237) Summary Phase
[29.900s][info][gc,phases      ] GC(237) Summary Phase 0.060ms
[29.900s][info][gc,phases,start] GC(237) Adjust Roots
[29.900s][info][gc,phases      ] GC(237) Adjust Roots 0.208ms
[29.900s][info][gc,phases,start] GC(237) Compaction Phase
[30.184s][info][gc,phases      ] GC(237) Compaction Phase 283.508ms
[30.184s][info][gc,phases,start] GC(237) Post Compact
[30.191s][info][gc,phases      ] GC(237) Post Compact 7.096ms
[30.191s][info][gc,heap        ] GC(237) PSYoungGen: 66560K(263680K)->66559K(263680K) Eden: 66560K(66560K)->66559K(66560K) From: 0K(197120K)->0K(197120K)
[30.191s][info][gc,heap        ] GC(237) ParOldGen: 3890858K(3891200K)->3890858K(3891200K)
[30.191s][info][gc,metaspace   ] GC(237) Metaspace: 6297K(6464K)->6297K(6464K) NonClass: 5764K(5824K)->5764K(5824K) Class: 533K(640K)->533K(640K)
[30.191s][info][gc             ] GC(237) Pause Full (Ergonomics) 3864M->3864M(4057M) 1172.466ms
[30.191s][info][gc,cpu         ] GC(237) User=8.52s Sys=0.00s Real=1.17s
[30.191s][info][gc,start       ] GC(238) Pause Full (Ergonomics)
[30.191s][info][gc,phases,start] GC(238) Marking Phase
[31.050s][info][gc,phases      ] GC(238) Marking Phase 858.622ms
[31.050s][info][gc,phases,start] GC(238) Summary Phase
[31.050s][info][gc,phases      ] GC(238) Summary Phase 0.045ms
[31.050s][info][gc,phases,start] GC(238) Adjust Roots
[31.050s][info][gc,phases      ] GC(238) Adjust Roots 0.181ms
[31.050s][info][gc,phases,start] GC(238) Compaction Phase
[31.317s][info][gc,phases      ] GC(238) Compaction Phase 266.834ms
[31.317s][info][gc,phases,start] GC(238) Post Compact
[31.324s][info][gc,phases      ] GC(238) Post Compact 7.127ms
[31.324s][info][gc,heap        ] GC(238) PSYoungGen: 66559K(263680K)->66559K(263680K) Eden: 66559K(66560K)->66559K(66560K) From: 0K(197120K)->0K(197120K)
[31.324s][info][gc,heap        ] GC(238) ParOldGen: 3890858K(3891200K)->3890858K(3891200K)
[31.324s][info][gc,metaspace   ] GC(238) Metaspace: 6297K(6464K)->6297K(6464K) NonClass: 5764K(5824K)->5764K(5824K) Class: 533K(640K)->533K(640K)
[31.324s][info][gc             ] GC(238) Pause Full (Ergonomics) 3864M->3864M(4057M) 1133.157ms
[31.324s][info][gc,cpu         ] GC(238) User=8.30s Sys=0.00s Real=1.13s
[31.325s][info][gc,start       ] GC(239) Pause Full (Ergonomics)
[31.325s][info][gc,phases,start] GC(239) Marking Phase
[32.226s][info][gc,phases      ] GC(239) Marking Phase 901.740ms
[32.226s][info][gc,phases,start] GC(239) Summary Phase
[32.226s][info][gc,phases      ] GC(239) Summary Phase 0.056ms
[32.226s][info][gc,phases,start] GC(239) Adjust Roots
[32.227s][info][gc,phases      ] GC(239) Adjust Roots 0.212ms
[32.227s][info][gc,phases,start] GC(239) Compaction Phase
[32.504s][info][gc,phases      ] GC(239) Compaction Phase 277.050ms
[32.504s][info][gc,phases,start] GC(239) Post Compact
[32.511s][info][gc,phases      ] GC(239) Post Compact 7.145ms
[32.511s][info][gc,heap        ] GC(239) PSYoungGen: 66559K(263680K)->66559K(263680K) Eden: 66559K(66560K)->66559K(66560K) From: 0K(197120K)->0K(197120K)
[32.511s][info][gc,heap        ] GC(239) ParOldGen: 3890863K(3891200K)->3890863K(3891200K)
[32.511s][info][gc,metaspace   ] GC(239) Metaspace: 6297K(6464K)->6297K(6464K) NonClass: 5764K(5824K)->5764K(5824K) Class: 533K(640K)->533K(640K)
[32.511s][info][gc             ] GC(239) Pause Full (Ergonomics) 3864M->3864M(4057M) 1186.573ms
[32.511s][info][gc,cpu         ] GC(239) User=8.83s Sys=0.00s Real=1.19s
[32.511s][info][gc,start       ] GC(240) Pause Full (Ergonomics)
[32.511s][info][gc,phases,start] GC(240) Marking Phase
[33.379s][info][gc,phases      ] GC(240) Marking Phase 867.386ms
[33.379s][info][gc,phases,start] GC(240) Summary Phase
[33.379s][info][gc,phases      ] GC(240) Summary Phase 0.048ms
[33.379s][info][gc,phases,start] GC(240) Adjust Roots
[33.379s][info][gc,phases      ] GC(240) Adjust Roots 0.263ms
[33.379s][info][gc,phases,start] GC(240) Compaction Phase
[33.652s][info][gc,phases      ] GC(240) Compaction Phase 272.881ms
[33.652s][info][gc,phases,start] GC(240) Post Compact
[33.659s][info][gc,phases      ] GC(240) Post Compact 7.058ms
[33.659s][info][gc,heap        ] GC(240) PSYoungGen: 66559K(263680K)->66559K(263680K) Eden: 66559K(66560K)->66559K(66560K) From: 0K(197120K)->0K(197120K)
[33.659s][info][gc,heap        ] GC(240) ParOldGen: 3890868K(3891200K)->3890868K(3891200K)
[33.659s][info][gc,metaspace   ] GC(240) Metaspace: 6297K(6464K)->6297K(6464K) NonClass: 5764K(5824K)->5764K(5824K) Class: 533K(640K)->533K(640K)
[33.659s][info][gc             ] GC(240) Pause Full (Ergonomics) 3864M->3864M(4057M) 1148.008ms
[33.659s][info][gc,cpu         ] GC(240) User=8.44s Sys=0.03s Real=1.15s
[33.660s][info][gc,start       ] GC(241) Pause Full (Ergonomics)
[33.660s][info][gc,phases,start] GC(241) Marking Phase
[34.538s][info][gc,phases      ] GC(241) Marking Phase 878.692ms
[34.538s][info][gc,phases,start] GC(241) Summary Phase
[34.538s][info][gc,phases      ] GC(241) Summary Phase 0.045ms
[34.538s][info][gc,phases,start] GC(241) Adjust Roots
[34.539s][info][gc,phases      ] GC(241) Adjust Roots 0.182ms
[34.539s][info][gc,phases,start] GC(241) Compaction Phase
[34.842s][info][gc,phases      ] GC(241) Compaction Phase 303.757ms
[34.842s][info][gc,phases,start] GC(241) Post Compact
[34.849s][info][gc,phases      ] GC(241) Post Compact 6.922ms
[34.849s][info][gc,heap        ] GC(241) PSYoungGen: 66559K(263680K)->66559K(263680K) Eden: 66559K(66560K)->66559K(66560K) From: 0K(197120K)->0K(197120K)
[34.849s][info][gc,heap        ] GC(241) ParOldGen: 3890873K(3891200K)->3890873K(3891200K)
[34.849s][info][gc,metaspace   ] GC(241) Metaspace: 6297K(6464K)->6297K(6464K) NonClass: 5764K(5824K)->5764K(5824K) Class: 533K(640K)->533K(640K)
[34.849s][info][gc             ] GC(241) Pause Full (Ergonomics) 3864M->3864M(4057M) 1189.918ms
[34.849s][info][gc,cpu         ] GC(241) User=8.56s Sys=0.00s Real=1.19s
[34.850s][info][gc,start       ] GC(242) Pause Full (Ergonomics)
[34.850s][info][gc,phases,start] GC(242) Marking Phase
[35.745s][info][gc,phases      ] GC(242) Marking Phase 895.113ms
[35.745s][info][gc,phases,start] GC(242) Summary Phase
[35.745s][info][gc,phases      ] GC(242) Summary Phase 0.050ms
[35.745s][info][gc,phases,start] GC(242) Adjust Roots
[35.745s][info][gc,phases      ] GC(242) Adjust Roots 0.178ms
[35.745s][info][gc,phases,start] GC(242) Compaction Phase
[36.011s][info][gc,phases      ] GC(242) Compaction Phase 266.333ms
[36.012s][info][gc,phases,start] GC(242) Post Compact
[36.019s][info][gc,phases      ] GC(242) Post Compact 7.434ms
[36.019s][info][gc,heap        ] GC(242) PSYoungGen: 66559K(263680K)->66559K(263680K) Eden: 66559K(66560K)->66559K(66560K) From: 0K(197120K)->0K(197120K)
[36.019s][info][gc,heap        ] GC(242) ParOldGen: 3890877K(3891200K)->3890877K(3891200K)
[36.019s][info][gc,metaspace   ] GC(242) Metaspace: 6297K(6464K)->6297K(6464K) NonClass: 5764K(5824K)->5764K(5824K) Class: 533K(640K)->533K(640K)
[36.019s][info][gc             ] GC(242) Pause Full (Ergonomics) 3864M->3864M(4057M) 1169.482ms
[36.019s][info][gc,cpu         ] GC(242) User=8.77s Sys=0.00s Real=1.17s
[36.019s][info][gc,start       ] GC(243) Pause Full (Ergonomics)
[36.019s][info][gc,phases,start] GC(243) Marking Phase
[36.903s][info][gc,phases      ] GC(243) Marking Phase 883.807ms
[36.903s][info][gc,phases,start] GC(243) Summary Phase
[36.903s][info][gc,phases      ] GC(243) Summary Phase 0.046ms
[36.903s][info][gc,phases,start] GC(243) Adjust Roots
[36.903s][info][gc,phases      ] GC(243) Adjust Roots 0.160ms
[36.903s][info][gc,phases,start] GC(243) Compaction Phase
[37.179s][info][gc,phases      ] GC(243) Compaction Phase 275.528ms
[37.179s][info][gc,phases,start] GC(243) Post Compact
[37.186s][info][gc,phases      ] GC(243) Post Compact 6.981ms
[37.186s][info][gc,heap        ] GC(243) PSYoungGen: 66559K(263680K)->66559K(263680K) Eden: 66559K(66560K)->66559K(66560K) From: 0K(197120K)->0K(197120K)
[37.186s][info][gc,heap        ] GC(243) ParOldGen: 3890882K(3891200K)->3890882K(3891200K)
[37.186s][info][gc,metaspace   ] GC(243) Metaspace: 6297K(6464K)->6297K(6464K) NonClass: 5764K(5824K)->5764K(5824K) Class: 533K(640K)->533K(640K)
[37.186s][info][gc             ] GC(243) Pause Full (Ergonomics) 3864M->3864M(4057M) 1166.835ms
[37.186s][info][gc,cpu         ] GC(243) User=8.62s Sys=0.00s Real=1.17s
[37.186s][info][gc,start       ] GC(244) Pause Full (Ergonomics)
[37.186s][info][gc,phases,start] GC(244) Marking Phase
[38.094s][info][gc,phases      ] GC(244) Marking Phase 907.441ms
[38.094s][info][gc,phases,start] GC(244) Summary Phase
[38.094s][info][gc,phases      ] GC(244) Summary Phase 0.051ms
[38.094s][info][gc,phases,start] GC(244) Adjust Roots
[38.094s][info][gc,phases      ] GC(244) Adjust Roots 0.190ms
[38.094s][info][gc,phases,start] GC(244) Compaction Phase
[38.367s][info][gc,phases      ] GC(244) Compaction Phase 272.862ms
[38.367s][info][gc,phases,start] GC(244) Post Compact
[38.374s][info][gc,phases      ] GC(244) Post Compact 7.219ms
[38.375s][info][gc,heap        ] GC(244) PSYoungGen: 66559K(263680K)->66559K(263680K) Eden: 66559K(66560K)->66559K(66560K) From: 0K(197120K)->0K(197120K)
[38.375s][info][gc,heap        ] GC(244) ParOldGen: 3890887K(3891200K)->3890887K(3891200K)
[38.375s][info][gc,metaspace   ] GC(244) Metaspace: 6297K(6464K)->6297K(6464K) NonClass: 5764K(5824K)->5764K(5824K) Class: 533K(640K)->533K(640K)
[38.375s][info][gc             ] GC(244) Pause Full (Ergonomics) 3864M->3864M(4057M) 1188.133ms
[38.375s][info][gc,cpu         ] GC(244) User=8.61s Sys=0.02s Real=1.19s
[38.375s][info][gc,start       ] GC(245) Pause Full (Ergonomics)
[38.375s][info][gc,phases,start] GC(245) Marking Phase
[39.287s][info][gc,phases      ] GC(245) Marking Phase 912.494ms
[39.287s][info][gc,phases,start] GC(245) Summary Phase
[39.287s][info][gc,phases      ] GC(245) Summary Phase 0.045ms
[39.287s][info][gc,phases,start] GC(245) Adjust Roots
[39.288s][info][gc,phases      ] GC(245) Adjust Roots 0.165ms
[39.288s][info][gc,phases,start] GC(245) Compaction Phase
[39.560s][info][gc,phases      ] GC(245) Compaction Phase 272.739ms
[39.560s][info][gc,phases,start] GC(245) Post Compact
[39.568s][info][gc,phases      ] GC(245) Post Compact 7.275ms
[39.568s][info][gc,heap        ] GC(245) PSYoungGen: 66559K(263680K)->66559K(263680K) Eden: 66559K(66560K)->66559K(66560K) From: 0K(197120K)->0K(197120K)
[39.568s][info][gc,heap        ] GC(245) ParOldGen: 3890892K(3891200K)->3890892K(3891200K)
[39.568s][info][gc,metaspace   ] GC(245) Metaspace: 6297K(6464K)->6297K(6464K) NonClass: 5764K(5824K)->5764K(5824K) Class: 533K(640K)->533K(640K)
[39.568s][info][gc             ] GC(245) Pause Full (Ergonomics) 3864M->3864M(4057M) 1193.073ms
[39.568s][info][gc,cpu         ] GC(245) User=8.88s Sys=0.00s Real=1.19s
[39.568s][info][gc,start       ] GC(246) Pause Full (Ergonomics)
[39.568s][info][gc,phases,start] GC(246) Marking Phase
[40.470s][info][gc,phases      ] GC(246) Marking Phase 901.493ms
[40.470s][info][gc,phases,start] GC(246) Summary Phase
[40.470s][info][gc,phases      ] GC(246) Summary Phase 0.060ms
[40.470s][info][gc,phases,start] GC(246) Adjust Roots
[40.470s][info][gc,phases      ] GC(246) Adjust Roots 0.212ms
[40.470s][info][gc,phases,start] GC(246) Compaction Phase
[40.746s][info][gc,phases      ] GC(246) Compaction Phase 276.236ms
[40.746s][info][gc,phases,start] GC(246) Post Compact
[40.753s][info][gc,phases      ] GC(246) Post Compact 7.131ms
[40.753s][info][gc,heap        ] GC(246) PSYoungGen: 66559K(263680K)->66559K(263680K) Eden: 66559K(66560K)->66559K(66560K) From: 0K(197120K)->0K(197120K)
[40.754s][info][gc,heap        ] GC(246) ParOldGen: 3890897K(3891200K)->3890897K(3891200K)
[40.754s][info][gc,metaspace   ] GC(246) Metaspace: 6297K(6464K)->6297K(6464K) NonClass: 5764K(5824K)->5764K(5824K) Class: 533K(640K)->533K(640K)
[40.754s][info][gc             ] GC(246) Pause Full (Ergonomics) 3864M->3864M(4057M) 1185.465ms
[40.754s][info][gc,cpu         ] GC(246) User=8.92s Sys=0.00s Real=1.19s
[40.754s][info][gc,start       ] GC(247) Pause Full (Ergonomics)
[40.754s][info][gc,phases,start] GC(247) Marking Phase
[41.647s][info][gc,phases      ] GC(247) Marking Phase 893.416ms
[41.647s][info][gc,phases,start] GC(247) Summary Phase
[41.647s][info][gc,phases      ] GC(247) Summary Phase 0.045ms
[41.647s][info][gc,phases,start] GC(247) Adjust Roots
[41.648s][info][gc,phases      ] GC(247) Adjust Roots 0.161ms
[41.648s][info][gc,phases,start] GC(247) Compaction Phase
[41.956s][info][gc,phases      ] GC(247) Compaction Phase 308.077ms
[41.956s][info][gc,phases,start] GC(247) Post Compact
[41.963s][info][gc,phases      ] GC(247) Post Compact 6.949ms
[41.963s][info][gc,heap        ] GC(247) PSYoungGen: 66559K(263680K)->66559K(263680K) Eden: 66559K(66560K)->66559K(66560K) From: 0K(197120K)->0K(197120K)
[41.963s][info][gc,heap        ] GC(247) ParOldGen: 3890902K(3891200K)->3890902K(3891200K)
[41.963s][info][gc,metaspace   ] GC(247) Metaspace: 6297K(6464K)->6297K(6464K) NonClass: 5764K(5824K)->5764K(5824K) Class: 533K(640K)->533K(640K)
[41.963s][info][gc             ] GC(247) Pause Full (Ergonomics) 3864M->3864M(4057M) 1209.002ms
[41.963s][info][gc,cpu         ] GC(247) User=8.84s Sys=0.02s Real=1.21s
[41.963s][info][gc,start       ] GC(248) Pause Full (Ergonomics)
[41.963s][info][gc,phases,start] GC(248) Marking Phase
[42.846s][info][gc,phases      ] GC(248) Marking Phase 883.057ms
[42.846s][info][gc,phases,start] GC(248) Summary Phase
[42.846s][info][gc,phases      ] GC(248) Summary Phase 0.050ms
[42.846s][info][gc,phases,start] GC(248) Adjust Roots
[42.846s][info][gc,phases      ] GC(248) Adjust Roots 0.175ms
[42.846s][info][gc,phases,start] GC(248) Compaction Phase
[43.128s][info][gc,phases      ] GC(248) Compaction Phase 281.714ms
[43.128s][info][gc,phases,start] GC(248) Post Compact
[43.136s][info][gc,phases      ] GC(248) Post Compact 7.394ms
[43.136s][info][gc,heap        ] GC(248) PSYoungGen: 66559K(263680K)->66559K(263680K) Eden: 66559K(66560K)->66559K(66560K) From: 0K(197120K)->0K(197120K)
[43.136s][info][gc,heap        ] GC(248) ParOldGen: 3890906K(3891200K)->3890906K(3891200K)
[43.136s][info][gc,metaspace   ] GC(248) Metaspace: 6297K(6464K)->6297K(6464K) NonClass: 5764K(5824K)->5764K(5824K) Class: 533K(640K)->533K(640K)
[43.136s][info][gc             ] GC(248) Pause Full (Ergonomics) 3864M->3864M(4057M) 1172.752ms
[43.136s][info][gc,cpu         ] GC(248) User=8.84s Sys=0.02s Real=1.17s
[43.136s][info][gc,start       ] GC(249) Pause Full (Ergonomics)
[43.136s][info][gc,phases,start] GC(249) Marking Phase
[44.024s][info][gc,phases      ] GC(249) Marking Phase 888.056ms
[44.024s][info][gc,phases,start] GC(249) Summary Phase
[44.024s][info][gc,phases      ] GC(249) Summary Phase 0.045ms
[44.024s][info][gc,phases,start] GC(249) Adjust Roots
[44.024s][info][gc,phases      ] GC(249) Adjust Roots 0.196ms
[44.024s][info][gc,phases,start] GC(249) Compaction Phase
[44.338s][info][gc,phases      ] GC(249) Compaction Phase 313.432ms
[44.338s][info][gc,phases,start] GC(249) Post Compact
[44.345s][info][gc,phases      ] GC(249) Post Compact 7.073ms
[44.345s][info][gc,heap        ] GC(249) PSYoungGen: 66559K(263680K)->66559K(263680K) Eden: 66559K(66560K)->66559K(66560K) From: 0K(197120K)->0K(197120K)
[44.345s][info][gc,heap        ] GC(249) ParOldGen: 3890911K(3891200K)->3890911K(3891200K)
[44.345s][info][gc,metaspace   ] GC(249) Metaspace: 6297K(6464K)->6297K(6464K) NonClass: 5764K(5824K)->5764K(5824K) Class: 533K(640K)->533K(640K)
[44.345s][info][gc             ] GC(249) Pause Full (Ergonomics) 3864M->3864M(4057M) 1209.137ms
[44.345s][info][gc,cpu         ] GC(249) User=8.62s Sys=0.00s Real=1.21s
[44.345s][info][gc,start       ] GC(250) Pause Full (Ergonomics)
[44.345s][info][gc,phases,start] GC(250) Marking Phase
[45.230s][info][gc,phases      ] GC(250) Marking Phase 884.588ms
[45.230s][info][gc,phases,start] GC(250) Summary Phase
[45.230s][info][gc,phases      ] GC(250) Summary Phase 0.045ms
[45.230s][info][gc,phases,start] GC(250) Adjust Roots
[45.230s][info][gc,phases      ] GC(250) Adjust Roots 0.166ms
[45.230s][info][gc,phases,start] GC(250) Compaction Phase
[45.535s][info][gc,phases      ] GC(250) Compaction Phase 304.739ms
[45.535s][info][gc,phases,start] GC(250) Post Compact
[45.542s][info][gc,phases      ] GC(250) Post Compact 6.941ms
[45.542s][info][gc,heap        ] GC(250) PSYoungGen: 66559K(263680K)->66559K(263680K) Eden: 66559K(66560K)->66559K(66560K) From: 0K(197120K)->0K(197120K)
[45.542s][info][gc,heap        ] GC(250) ParOldGen: 3890916K(3891200K)->3890916K(3891200K)
[45.542s][info][gc,metaspace   ] GC(250) Metaspace: 6297K(6464K)->6297K(6464K) NonClass: 5764K(5824K)->5764K(5824K) Class: 533K(640K)->533K(640K)
[45.542s][info][gc             ] GC(250) Pause Full (Ergonomics) 3864M->3864M(4057M) 1196.849ms
[45.542s][info][gc,cpu         ] GC(250) User=8.64s Sys=0.00s Real=1.20s
[45.542s][info][gc,start       ] GC(251) Pause Full (Ergonomics)
[45.542s][info][gc,phases,start] GC(251) Marking Phase
[46.453s][info][gc,phases      ] GC(251) Marking Phase 910.863ms
[46.453s][info][gc,phases,start] GC(251) Summary Phase
[46.453s][info][gc,phases      ] GC(251) Summary Phase 0.048ms
[46.453s][info][gc,phases,start] GC(251) Adjust Roots
[46.454s][info][gc,phases      ] GC(251) Adjust Roots 0.164ms
[46.454s][info][gc,phases,start] GC(251) Compaction Phase
[46.740s][info][gc,phases      ] GC(251) Compaction Phase 286.562ms
[46.740s][info][gc,phases,start] GC(251) Post Compact
[46.748s][info][gc,phases      ] GC(251) Post Compact 7.991ms
[46.748s][info][gc,heap        ] GC(251) PSYoungGen: 66559K(263680K)->66559K(263680K) Eden: 66559K(66560K)->66559K(66560K) From: 0K(197120K)->0K(197120K)
[46.748s][info][gc,heap        ] GC(251) ParOldGen: 3890921K(3891200K)->3890921K(3891200K)
[46.748s][info][gc,metaspace   ] GC(251) Metaspace: 6297K(6464K)->6297K(6464K) NonClass: 5764K(5824K)->5764K(5824K) Class: 533K(640K)->533K(640K)
[46.748s][info][gc             ] GC(251) Pause Full (Ergonomics) 3864M->3864M(4057M) 1205.973ms
[46.748s][info][gc,cpu         ] GC(251) User=8.88s Sys=0.00s Real=1.21s
[46.749s][info][gc,start       ] GC(252) Pause Full (Ergonomics)
[46.749s][info][gc,phases,start] GC(252) Marking Phase
[47.654s][info][gc,phases      ] GC(252) Marking Phase 905.514ms
[47.654s][info][gc,phases,start] GC(252) Summary Phase
[47.654s][info][gc,phases      ] GC(252) Summary Phase 0.048ms
[47.654s][info][gc,phases,start] GC(252) Adjust Roots
[47.654s][info][gc,phases      ] GC(252) Adjust Roots 0.186ms
[47.654s][info][gc,phases,start] GC(252) Compaction Phase
[47.959s][info][gc,phases      ] GC(252) Compaction Phase 304.843ms
[47.959s][info][gc,phases,start] GC(252) Post Compact
[47.968s][info][gc,phases      ] GC(252) Post Compact 8.263ms
[47.968s][info][gc,heap        ] GC(252) PSYoungGen: 66559K(263680K)->66559K(263680K) Eden: 66559K(66560K)->66559K(66560K) From: 0K(197120K)->0K(197120K)
[47.968s][info][gc,heap        ] GC(252) ParOldGen: 3890926K(3891200K)->3890926K(3891200K)
[47.968s][info][gc,metaspace   ] GC(252) Metaspace: 6297K(6464K)->6297K(6464K) NonClass: 5764K(5824K)->5764K(5824K) Class: 533K(640K)->533K(640K)
[47.968s][info][gc             ] GC(252) Pause Full (Ergonomics) 3864M->3864M(4057M) 1219.218ms
[47.968s][info][gc,cpu         ] GC(252) User=8.91s Sys=0.00s Real=1.22s
[47.968s][info][gc,start       ] GC(253) Pause Full (Ergonomics)
[47.968s][info][gc,phases,start] GC(253) Marking Phase
[48.885s][info][gc,phases      ] GC(253) Marking Phase 917.063ms
[48.885s][info][gc,phases,start] GC(253) Summary Phase
[48.885s][info][gc,phases      ] GC(253) Summary Phase 0.049ms
[48.885s][info][gc,phases,start] GC(253) Adjust Roots
[48.886s][info][gc,phases      ] GC(253) Adjust Roots 0.240ms
[48.886s][info][gc,phases,start] GC(253) Compaction Phase
[49.196s][info][gc,phases      ] GC(253) Compaction Phase 310.436ms
[49.196s][info][gc,phases,start] GC(253) Post Compact
[49.203s][info][gc,phases      ] GC(253) Post Compact 7.137ms
[49.203s][info][gc,heap        ] GC(253) PSYoungGen: 66559K(263680K)->66559K(263680K) Eden: 66559K(66560K)->66559K(66560K) From: 0K(197120K)->0K(197120K)
[49.203s][info][gc,heap        ] GC(253) ParOldGen: 3890931K(3891200K)->3890931K(3891200K)
[49.203s][info][gc,metaspace   ] GC(253) Metaspace: 6297K(6464K)->6297K(6464K) NonClass: 5764K(5824K)->5764K(5824K) Class: 533K(640K)->533K(640K)
[49.203s][info][gc             ] GC(253) Pause Full (Ergonomics) 3864M->3864M(4057M) 1235.284ms
[49.203s][info][gc,cpu         ] GC(253) User=8.64s Sys=0.02s Real=1.24s
[49.204s][info][gc,start       ] GC(254) Pause Full (Ergonomics)
[49.204s][info][gc,phases,start] GC(254) Marking Phase
[50.113s][info][gc,phases      ] GC(254) Marking Phase 909.763ms
[50.113s][info][gc,phases,start] GC(254) Summary Phase
[50.113s][info][gc,phases      ] GC(254) Summary Phase 0.045ms
[50.113s][info][gc,phases,start] GC(254) Adjust Roots
[50.114s][info][gc,phases      ] GC(254) Adjust Roots 0.166ms
[50.114s][info][gc,phases,start] GC(254) Compaction Phase
[50.408s][info][gc,phases      ] GC(254) Compaction Phase 294.235ms
[50.408s][info][gc,phases,start] GC(254) Post Compact
[50.415s][info][gc,phases      ] GC(254) Post Compact 7.425ms
[50.415s][info][gc,heap        ] GC(254) PSYoungGen: 66559K(263680K)->66559K(263680K) Eden: 66559K(66560K)->66559K(66560K) From: 0K(197120K)->0K(197120K)
[50.416s][info][gc,heap        ] GC(254) ParOldGen: 3890935K(3891200K)->3890935K(3891200K)
[50.416s][info][gc,metaspace   ] GC(254) Metaspace: 6297K(6464K)->6297K(6464K) NonClass: 5764K(5824K)->5764K(5824K) Class: 533K(640K)->533K(640K)
[50.416s][info][gc             ] GC(254) Pause Full (Ergonomics) 3864M->3864M(4057M) 1211.998ms
[50.416s][info][gc,cpu         ] GC(254) User=8.88s Sys=0.00s Real=1.21s
[50.416s][info][gc,start       ] GC(255) Pause Full (Ergonomics)
[50.416s][info][gc,phases,start] GC(255) Marking Phase
[51.329s][info][gc,phases      ] GC(255) Marking Phase 913.257ms
[51.329s][info][gc,phases,start] GC(255) Summary Phase
[51.329s][info][gc,phases      ] GC(255) Summary Phase 0.046ms
[51.329s][info][gc,phases,start] GC(255) Adjust Roots
[51.329s][info][gc,phases      ] GC(255) Adjust Roots 0.163ms
[51.329s][info][gc,phases,start] GC(255) Compaction Phase
[51.648s][info][gc,phases      ] GC(255) Compaction Phase 319.030ms
[51.648s][info][gc,phases,start] GC(255) Post Compact
[51.656s][info][gc,phases      ] GC(255) Post Compact 7.106ms
[51.656s][info][gc,heap        ] GC(255) PSYoungGen: 66559K(263680K)->66559K(263680K) Eden: 66559K(66560K)->66559K(66560K) From: 0K(197120K)->0K(197120K)
[51.656s][info][gc,heap        ] GC(255) ParOldGen: 3890940K(3891200K)->3890940K(3891200K)
[51.656s][info][gc,metaspace   ] GC(255) Metaspace: 6297K(6464K)->6297K(6464K) NonClass: 5764K(5824K)->5764K(5824K) Class: 533K(640K)->533K(640K)
[51.656s][info][gc             ] GC(255) Pause Full (Ergonomics) 3864M->3864M(4057M) 1239.946ms
[51.656s][info][gc,cpu         ] GC(255) User=9.03s Sys=0.00s Real=1.24s
[51.656s][info][gc,start       ] GC(256) Pause Full (Ergonomics)
[51.656s][info][gc,phases,start] GC(256) Marking Phase
[52.545s][info][gc,phases      ] GC(256) Marking Phase 888.537ms
[52.545s][info][gc,phases,start] GC(256) Summary Phase
[52.545s][info][gc,phases      ] GC(256) Summary Phase 0.046ms
[52.545s][info][gc,phases,start] GC(256) Adjust Roots
[52.545s][info][gc,phases      ] GC(256) Adjust Roots 0.175ms
[52.545s][info][gc,phases,start] GC(256) Compaction Phase
[52.849s][info][gc,phases      ] GC(256) Compaction Phase 304.601ms
[52.850s][info][gc,phases,start] GC(256) Post Compact
[52.857s][info][gc,phases      ] GC(256) Post Compact 7.121ms
[52.857s][info][gc,heap        ] GC(256) PSYoungGen: 66559K(263680K)->66559K(263680K) Eden: 66559K(66560K)->66559K(66560K) From: 0K(197120K)->0K(197120K)
[52.857s][info][gc,heap        ] GC(256) ParOldGen: 3890945K(3891200K)->3890945K(3891200K)
[52.857s][info][gc,metaspace   ] GC(256) Metaspace: 6297K(6464K)->6297K(6464K) NonClass: 5764K(5824K)->5764K(5824K) Class: 533K(640K)->533K(640K)
[52.857s][info][gc             ] GC(256) Pause Full (Ergonomics) 3864M->3864M(4057M) 1200.823ms
[52.857s][info][gc,cpu         ] GC(256) User=8.77s Sys=0.00s Real=1.20s
[52.857s][info][gc,start       ] GC(257) Pause Full (Ergonomics)
[52.857s][info][gc,phases,start] GC(257) Marking Phase
[53.775s][info][gc,phases      ] GC(257) Marking Phase 917.808ms
[53.775s][info][gc,phases,start] GC(257) Summary Phase
[53.775s][info][gc,phases      ] GC(257) Summary Phase 0.045ms
[53.775s][info][gc,phases,start] GC(257) Adjust Roots
[53.775s][info][gc,phases      ] GC(257) Adjust Roots 0.169ms
[53.775s][info][gc,phases,start] GC(257) Compaction Phase
[54.093s][info][gc,phases      ] GC(257) Compaction Phase 317.978ms
[54.093s][info][gc,phases,start] GC(257) Post Compact
[54.100s][info][gc,phases      ] GC(257) Post Compact 7.103ms
[54.100s][info][gc,heap        ] GC(257) PSYoungGen: 66559K(263680K)->66559K(263680K) Eden: 66559K(66560K)->66559K(66560K) From: 0K(197120K)->0K(197120K)
[54.100s][info][gc,heap        ] GC(257) ParOldGen: 3890950K(3891200K)->3890950K(3891200K)
[54.100s][info][gc,metaspace   ] GC(257) Metaspace: 6297K(6464K)->6297K(6464K) NonClass: 5764K(5824K)->5764K(5824K) Class: 533K(640K)->533K(640K)
[54.100s][info][gc             ] GC(257) Pause Full (Ergonomics) 3864M->3864M(4057M) 1243.469ms
[54.100s][info][gc,cpu         ] GC(257) User=8.94s Sys=0.00s Real=1.24s
[54.101s][info][gc,start       ] GC(258) Pause Full (Ergonomics)
[54.101s][info][gc,phases,start] GC(258) Marking Phase
[54.990s][info][gc,phases      ] GC(258) Marking Phase 889.160ms
[54.990s][info][gc,phases,start] GC(258) Summary Phase
[54.990s][info][gc,phases      ] GC(258) Summary Phase 0.046ms
[54.990s][info][gc,phases,start] GC(258) Adjust Roots
[54.990s][info][gc,phases      ] GC(258) Adjust Roots 0.167ms
[54.990s][info][gc,phases,start] GC(258) Compaction Phase
[55.290s][info][gc,phases      ] GC(258) Compaction Phase 300.296ms
[55.291s][info][gc,phases,start] GC(258) Post Compact
[55.298s][info][gc,phases      ] GC(258) Post Compact 7.157ms
[55.298s][info][gc,heap        ] GC(258) PSYoungGen: 66559K(263680K)->66559K(263680K) Eden: 66559K(66560K)->66559K(66560K) From: 0K(197120K)->0K(197120K)
[55.298s][info][gc,heap        ] GC(258) ParOldGen: 3890955K(3891200K)->3890955K(3891200K)
[55.298s][info][gc,metaspace   ] GC(258) Metaspace: 6297K(6464K)->6297K(6464K) NonClass: 5764K(5824K)->5764K(5824K) Class: 533K(640K)->533K(640K)
[55.298s][info][gc             ] GC(258) Pause Full (Ergonomics) 3864M->3864M(4057M) 1197.217ms
[55.298s][info][gc,cpu         ] GC(258) User=8.97s Sys=0.00s Real=1.20s
[55.298s][info][gc,start       ] GC(259) Pause Full (Ergonomics)
[55.298s][info][gc,phases,start] GC(259) Marking Phase
[56.200s][info][gc,phases      ] GC(259) Marking Phase 901.456ms
[56.200s][info][gc,phases,start] GC(259) Summary Phase
[56.200s][info][gc,phases      ] GC(259) Summary Phase 0.053ms
[56.200s][info][gc,phases,start] GC(259) Adjust Roots
[56.200s][info][gc,phases      ] GC(259) Adjust Roots 0.205ms
[56.200s][info][gc,phases,start] GC(259) Compaction Phase
[56.519s][info][gc,phases      ] GC(259) Compaction Phase 319.365ms
[56.519s][info][gc,phases,start] GC(259) Post Compact
[56.527s][info][gc,phases      ] GC(259) Post Compact 7.928ms
[56.527s][info][gc,heap        ] GC(259) PSYoungGen: 66559K(263680K)->66559K(263680K) Eden: 66559K(66560K)->66559K(66560K) From: 0K(197120K)->0K(197120K)
[56.527s][info][gc,heap        ] GC(259) ParOldGen: 3890960K(3891200K)->3890960K(3891200K)
[56.527s][info][gc,metaspace   ] GC(259) Metaspace: 6297K(6464K)->6297K(6464K) NonClass: 5764K(5824K)->5764K(5824K) Class: 533K(640K)->533K(640K)
[56.527s][info][gc             ] GC(259) Pause Full (Ergonomics) 3864M->3864M(4057M) 1229.368ms
[56.528s][info][gc,cpu         ] GC(259) User=8.86s Sys=0.02s Real=1.23s
[56.528s][info][gc,start       ] GC(260) Pause Full (Ergonomics)
[56.528s][info][gc,phases,start] GC(260) Marking Phase
[57.411s][info][gc,phases      ] GC(260) Marking Phase 883.019ms
[57.411s][info][gc,phases,start] GC(260) Summary Phase
[57.411s][info][gc,phases      ] GC(260) Summary Phase 0.048ms
[57.411s][info][gc,phases,start] GC(260) Adjust Roots
[57.411s][info][gc,phases      ] GC(260) Adjust Roots 0.196ms
[57.411s][info][gc,phases,start] GC(260) Compaction Phase
[57.728s][info][gc,phases      ] GC(260) Compaction Phase 316.935ms
[57.728s][info][gc,phases,start] GC(260) Post Compact
[57.735s][info][gc,phases      ] GC(260) Post Compact 7.013ms
[57.735s][info][gc,heap        ] GC(260) PSYoungGen: 66559K(263680K)->66559K(263680K) Eden: 66559K(66560K)->66559K(66560K) From: 0K(197120K)->0K(197120K)
[57.735s][info][gc,heap        ] GC(260) ParOldGen: 3890964K(3891200K)->3890964K(3891200K)
[57.735s][info][gc,metaspace   ] GC(260) Metaspace: 6297K(6464K)->6297K(6464K) NonClass: 5764K(5824K)->5764K(5824K) Class: 533K(640K)->533K(640K)
[57.735s][info][gc             ] GC(260) Pause Full (Ergonomics) 3864M->3864M(4057M) 1207.559ms
[57.735s][info][gc,cpu         ] GC(260) User=8.86s Sys=0.00s Real=1.21s
[57.735s][info][gc,start       ] GC(261) Pause Full (Ergonomics)
[57.735s][info][gc,phases,start] GC(261) Marking Phase
[58.647s][info][gc,phases      ] GC(261) Marking Phase 911.469ms
[58.647s][info][gc,phases,start] GC(261) Summary Phase
[58.647s][info][gc,phases      ] GC(261) Summary Phase 0.049ms
[58.647s][info][gc,phases,start] GC(261) Adjust Roots
[58.647s][info][gc,phases      ] GC(261) Adjust Roots 0.203ms
[58.647s][info][gc,phases,start] GC(261) Compaction Phase
[58.990s][info][gc,phases      ] GC(261) Compaction Phase 343.186ms
[58.991s][info][gc,phases,start] GC(261) Post Compact
[58.998s][info][gc,phases      ] GC(261) Post Compact 7.355ms
[58.998s][info][gc,heap        ] GC(261) PSYoungGen: 66559K(263680K)->66559K(263680K) Eden: 66559K(66560K)->66559K(66560K) From: 0K(197120K)->0K(197120K)
[58.998s][info][gc,heap        ] GC(261) ParOldGen: 3890969K(3891200K)->3890969K(3891200K)
[58.998s][info][gc,metaspace   ] GC(261) Metaspace: 6297K(6464K)->6297K(6464K) NonClass: 5764K(5824K)->5764K(5824K) Class: 533K(640K)->533K(640K)
[58.998s][info][gc             ] GC(261) Pause Full (Ergonomics) 3864M->3864M(4057M) 1262.620ms
[58.998s][info][gc,cpu         ] GC(261) User=9.05s Sys=0.00s Real=1.26s
[58.998s][info][gc,start       ] GC(262) Pause Full (Ergonomics)
[58.998s][info][gc,phases,start] GC(262) Marking Phase
[59.904s][info][gc,phases      ] GC(262) Marking Phase 905.885ms
[59.904s][info][gc,phases,start] GC(262) Summary Phase
[59.904s][info][gc,phases      ] GC(262) Summary Phase 0.053ms
[59.904s][info][gc,phases,start] GC(262) Adjust Roots
[59.905s][info][gc,phases      ] GC(262) Adjust Roots 0.211ms
[59.905s][info][gc,phases,start] GC(262) Compaction Phase
[60.214s][info][gc,phases      ] GC(262) Compaction Phase 309.412ms
[60.214s][info][gc,phases,start] GC(262) Post Compact
[60.221s][info][gc,phases      ] GC(262) Post Compact 7.200ms
[60.221s][info][gc,heap        ] GC(262) PSYoungGen: 66559K(263680K)->66559K(263680K) Eden: 66559K(66560K)->66559K(66560K) From: 0K(197120K)->0K(197120K)
[60.221s][info][gc,heap        ] GC(262) ParOldGen: 3890974K(3891200K)->3890974K(3891200K)
[60.221s][info][gc,metaspace   ] GC(262) Metaspace: 6297K(6464K)->6297K(6464K) NonClass: 5764K(5824K)->5764K(5824K) Class: 533K(640K)->533K(640K)
[60.221s][info][gc             ] GC(262) Pause Full (Ergonomics) 3864M->3864M(4057M) 1223.105ms
[60.221s][info][gc,cpu         ] GC(262) User=8.98s Sys=0.00s Real=1.22s
[60.222s][info][gc,start       ] GC(263) Pause Full (Ergonomics)
[60.222s][info][gc,phases,start] GC(263) Marking Phase
[61.149s][info][gc,phases      ] GC(263) Marking Phase 927.142ms
[61.149s][info][gc,phases,start] GC(263) Summary Phase
[61.149s][info][gc,phases      ] GC(263) Summary Phase 0.078ms
[61.149s][info][gc,phases,start] GC(263) Adjust Roots
[61.149s][info][gc,phases      ] GC(263) Adjust Roots 0.349ms
[61.149s][info][gc,phases,start] GC(263) Compaction Phase
[61.490s][info][gc,phases      ] GC(263) Compaction Phase 340.801ms
[61.490s][info][gc,phases,start] GC(263) Post Compact
[61.497s][info][gc,phases      ] GC(263) Post Compact 7.104ms
[61.498s][info][gc,heap        ] GC(263) PSYoungGen: 66559K(263680K)->66559K(263680K) Eden: 66559K(66560K)->66559K(66560K) From: 0K(197120K)->0K(197120K)
[61.498s][info][gc,heap        ] GC(263) ParOldGen: 3890979K(3891200K)->3890979K(3891200K)
[61.498s][info][gc,metaspace   ] GC(263) Metaspace: 6297K(6464K)->6297K(6464K) NonClass: 5764K(5824K)->5764K(5824K) Class: 533K(640K)->533K(640K)
[61.498s][info][gc             ] GC(263) Pause Full (Ergonomics) 3864M->3864M(4057M) 1275.905ms
[61.498s][info][gc,cpu         ] GC(263) User=9.23s Sys=0.00s Real=1.28s
[61.498s][info][gc,start       ] GC(264) Pause Full (Ergonomics)
[61.498s][info][gc,phases,start] GC(264) Marking Phase
[62.391s][info][gc,phases      ] GC(264) Marking Phase 892.849ms
[62.391s][info][gc,phases,start] GC(264) Summary Phase
[62.391s][info][gc,phases      ] GC(264) Summary Phase 0.046ms
[62.391s][info][gc,phases,start] GC(264) Adjust Roots
[62.391s][info][gc,phases      ] GC(264) Adjust Roots 0.210ms
[62.391s][info][gc,phases,start] GC(264) Compaction Phase
[62.746s][info][gc,phases      ] GC(264) Compaction Phase 355.082ms
[62.746s][info][gc,phases,start] GC(264) Post Compact
[62.753s][info][gc,phases      ] GC(264) Post Compact 7.037ms
[62.753s][info][gc,heap        ] GC(264) PSYoungGen: 66559K(263680K)->66559K(263680K) Eden: 66559K(66560K)->66559K(66560K) From: 0K(197120K)->0K(197120K)
[62.753s][info][gc,heap        ] GC(264) ParOldGen: 3890984K(3891200K)->3890984K(3891200K)
[62.753s][info][gc,metaspace   ] GC(264) Metaspace: 6297K(6464K)->6297K(6464K) NonClass: 5764K(5824K)->5764K(5824K) Class: 533K(640K)->533K(640K)
[62.753s][info][gc             ] GC(264) Pause Full (Ergonomics) 3864M->3864M(4057M) 1255.569ms
[62.753s][info][gc,cpu         ] GC(264) User=8.81s Sys=0.00s Real=1.26s
[62.754s][info][gc,start       ] GC(265) Pause Full (Ergonomics)
[62.754s][info][gc,phases,start] GC(265) Marking Phase
[63.668s][info][gc,phases      ] GC(265) Marking Phase 913.975ms
[63.668s][info][gc,phases,start] GC(265) Summary Phase
[63.668s][info][gc,phases      ] GC(265) Summary Phase 0.049ms
[63.668s][info][gc,phases,start] GC(265) Adjust Roots
[63.668s][info][gc,phases      ] GC(265) Adjust Roots 0.171ms
[63.668s][info][gc,phases,start] GC(265) Compaction Phase
[63.988s][info][gc,phases      ] GC(265) Compaction Phase 319.569ms
[63.988s][info][gc,phases,start] GC(265) Post Compact
[63.995s][info][gc,phases      ] GC(265) Post Compact 7.430ms
[63.995s][info][gc,heap        ] GC(265) PSYoungGen: 66559K(263680K)->66559K(263680K) Eden: 66559K(66560K)->66559K(66560K) From: 0K(197120K)->0K(197120K)
[63.995s][info][gc,heap        ] GC(265) ParOldGen: 3890989K(3891200K)->3890989K(3891200K)
[63.995s][info][gc,metaspace   ] GC(265) Metaspace: 6297K(6464K)->6297K(6464K) NonClass: 5764K(5824K)->5764K(5824K) Class: 533K(640K)->533K(640K)
[63.995s][info][gc             ] GC(265) Pause Full (Ergonomics) 3864M->3864M(4057M) 1241.607ms
[63.995s][info][gc,cpu         ] GC(265) User=9.19s Sys=0.00s Real=1.24s
[63.995s][info][gc,start       ] GC(266) Pause Full (Ergonomics)
[63.995s][info][gc,phases,start] GC(266) Marking Phase
[64.897s][info][gc,phases      ] GC(266) Marking Phase 901.142ms
[64.897s][info][gc,phases,start] GC(266) Summary Phase
[64.897s][info][gc,phases      ] GC(266) Summary Phase 0.077ms
[64.897s][info][gc,phases,start] GC(266) Adjust Roots
[64.897s][info][gc,phases      ] GC(266) Adjust Roots 0.287ms
[64.897s][info][gc,phases,start] GC(266) Compaction Phase
[65.233s][info][gc,phases      ] GC(266) Compaction Phase 335.399ms
[65.233s][info][gc,phases,start] GC(266) Post Compact
[65.240s][info][gc,phases      ] GC(266) Post Compact 7.188ms
[65.240s][info][gc,heap        ] GC(266) PSYoungGen: 66559K(263680K)->66559K(263680K) Eden: 66559K(66560K)->66559K(66560K) From: 0K(197120K)->0K(197120K)
[65.240s][info][gc,heap        ] GC(266) ParOldGen: 3890993K(3891200K)->3890993K(3891200K)
[65.240s][info][gc,metaspace   ] GC(266) Metaspace: 6297K(6464K)->6297K(6464K) NonClass: 5764K(5824K)->5764K(5824K) Class: 533K(640K)->533K(640K)
[65.240s][info][gc             ] GC(266) Pause Full (Ergonomics) 3864M->3864M(4057M) 1244.498ms
[65.240s][info][gc,cpu         ] GC(266) User=9.05s Sys=0.02s Real=1.24s
[65.240s][info][gc,start       ] GC(267) Pause Full (Ergonomics)
[65.240s][info][gc,phases,start] GC(267) Marking Phase
[66.186s][info][gc,phases      ] GC(267) Marking Phase 945.359ms
[66.186s][info][gc,phases,start] GC(267) Summary Phase
[66.186s][info][gc,phases      ] GC(267) Summary Phase 0.055ms
[66.186s][info][gc,phases,start] GC(267) Adjust Roots
[66.186s][info][gc,phases      ] GC(267) Adjust Roots 0.171ms
[66.186s][info][gc,phases,start] GC(267) Compaction Phase
[66.509s][info][gc,phases      ] GC(267) Compaction Phase 323.150ms
[66.509s][info][gc,phases,start] GC(267) Post Compact
[66.516s][info][gc,phases      ] GC(267) Post Compact 7.241ms
[66.516s][info][gc,heap        ] GC(267) PSYoungGen: 66559K(263680K)->66559K(263680K) Eden: 66559K(66560K)->66559K(66560K) From: 0K(197120K)->0K(197120K)
[66.516s][info][gc,heap        ] GC(267) ParOldGen: 3890998K(3891200K)->3890998K(3891200K)
[66.516s][info][gc,metaspace   ] GC(267) Metaspace: 6297K(6464K)->6297K(6464K) NonClass: 5764K(5824K)->5764K(5824K) Class: 533K(640K)->533K(640K)
[66.516s][info][gc             ] GC(267) Pause Full (Ergonomics) 3864M->3864M(4057M) 1276.297ms
[66.516s][info][gc,cpu         ] GC(267) User=9.38s Sys=0.00s Real=1.28s
[66.517s][info][gc,start       ] GC(268) Pause Full (Ergonomics)
[66.517s][info][gc,phases,start] GC(268) Marking Phase
[67.434s][info][gc,phases      ] GC(268) Marking Phase 916.794ms
[67.434s][info][gc,phases,start] GC(268) Summary Phase
[67.434s][info][gc,phases      ] GC(268) Summary Phase 0.048ms
[67.434s][info][gc,phases,start] GC(268) Adjust Roots
[67.434s][info][gc,phases      ] GC(268) Adjust Roots 0.174ms
[67.434s][info][gc,phases,start] GC(268) Compaction Phase
[67.773s][info][gc,phases      ] GC(268) Compaction Phase 339.179ms
[67.773s][info][gc,phases,start] GC(268) Post Compact
[67.780s][info][gc,phases      ] GC(268) Post Compact 7.102ms
[67.780s][info][gc,heap        ] GC(268) PSYoungGen: 66559K(263680K)->66559K(263680K) Eden: 66559K(66560K)->66559K(66560K) From: 0K(197120K)->0K(197120K)
[67.780s][info][gc,heap        ] GC(268) ParOldGen: 3891003K(3891200K)->3891003K(3891200K)
[67.780s][info][gc,metaspace   ] GC(268) Metaspace: 6297K(6464K)->6297K(6464K) NonClass: 5764K(5824K)->5764K(5824K) Class: 533K(640K)->533K(640K)
[67.780s][info][gc             ] GC(268) Pause Full (Ergonomics) 3864M->3864M(4057M) 1263.670ms
[67.780s][info][gc,cpu         ] GC(268) User=9.06s Sys=0.05s Real=1.26s
[67.781s][info][gc,start       ] GC(269) Pause Full (Ergonomics)
[67.781s][info][gc,phases,start] GC(269) Marking Phase
[68.713s][info][gc,phases      ] GC(269) Marking Phase 932.485ms
[68.713s][info][gc,phases,start] GC(269) Summary Phase
[68.713s][info][gc,phases      ] GC(269) Summary Phase 0.047ms
[68.713s][info][gc,phases,start] GC(269) Adjust Roots
[68.713s][info][gc,phases      ] GC(269) Adjust Roots 0.190ms
[68.713s][info][gc,phases,start] GC(269) Compaction Phase
[69.034s][info][gc,phases      ] GC(269) Compaction Phase 320.341ms
[69.034s][info][gc,phases,start] GC(269) Post Compact
[69.041s][info][gc,phases      ] GC(269) Post Compact 7.208ms
[69.041s][info][gc,heap        ] GC(269) PSYoungGen: 66559K(263680K)->66559K(263680K) Eden: 66559K(66560K)->66559K(66560K) From: 0K(197120K)->0K(197120K)
[69.041s][info][gc,heap        ] GC(269) ParOldGen: 3891008K(3891200K)->3891008K(3891200K)
[69.041s][info][gc,metaspace   ] GC(269) Metaspace: 6297K(6464K)->6297K(6464K) NonClass: 5764K(5824K)->5764K(5824K) Class: 533K(640K)->533K(640K)
[69.041s][info][gc             ] GC(269) Pause Full (Ergonomics) 3864M->3864M(4057M) 1260.589ms
[69.041s][info][gc,cpu         ] GC(269) User=9.19s Sys=0.00s Real=1.26s
[69.041s][info][gc,start       ] GC(270) Pause Full (Ergonomics)
[69.041s][info][gc,phases,start] GC(270) Marking Phase
[69.971s][info][gc,phases      ] GC(270) Marking Phase 930.007ms
[69.971s][info][gc,phases,start] GC(270) Summary Phase
[69.972s][info][gc,phases      ] GC(270) Summary Phase 0.046ms
[69.972s][info][gc,phases,start] GC(270) Adjust Roots
[69.972s][info][gc,phases      ] GC(270) Adjust Roots 0.161ms
[69.972s][info][gc,phases,start] GC(270) Compaction Phase
[70.305s][info][gc,phases      ] GC(270) Compaction Phase 333.481ms
[70.305s][info][gc,phases,start] GC(270) Post Compact
[70.312s][info][gc,phases      ] GC(270) Post Compact 6.914ms
[70.312s][info][gc,heap        ] GC(270) PSYoungGen: 66559K(263680K)->66559K(263680K) Eden: 66559K(66560K)->66559K(66560K) From: 0K(197120K)->0K(197120K)
[70.312s][info][gc,heap        ] GC(270) ParOldGen: 3891013K(3891200K)->3891013K(3891200K)
[70.312s][info][gc,metaspace   ] GC(270) Metaspace: 6297K(6464K)->6297K(6464K) NonClass: 5764K(5824K)->5764K(5824K) Class: 533K(640K)->533K(640K)
[70.312s][info][gc             ] GC(270) Pause Full (Ergonomics) 3864M->3864M(4057M) 1270.963ms
[70.312s][info][gc,cpu         ] GC(270) User=9.27s Sys=0.00s Real=1.27s
[70.313s][info][gc,start       ] GC(271) Pause Full (Ergonomics)
[70.313s][info][gc,phases,start] GC(271) Marking Phase
[71.225s][info][gc,phases      ] GC(271) Marking Phase 912.377ms
[71.225s][info][gc,phases,start] GC(271) Summary Phase
[71.225s][info][gc,phases      ] GC(271) Summary Phase 0.047ms
[71.225s][info][gc,phases,start] GC(271) Adjust Roots
[71.225s][info][gc,phases      ] GC(271) Adjust Roots 0.163ms
[71.225s][info][gc,phases,start] GC(271) Compaction Phase
[71.577s][info][gc,phases      ] GC(271) Compaction Phase 351.780ms
[71.577s][info][gc,phases,start] GC(271) Post Compact
[71.584s][info][gc,phases      ] GC(271) Post Compact 7.080ms
[71.584s][info][gc,heap        ] GC(271) PSYoungGen: 66559K(263680K)->66559K(263680K) Eden: 66559K(66560K)->66559K(66560K) From: 0K(197120K)->0K(197120K)
[71.584s][info][gc,heap        ] GC(271) ParOldGen: 3891018K(3891200K)->3891018K(3891200K)
[71.584s][info][gc,metaspace   ] GC(271) Metaspace: 6297K(6464K)->6297K(6464K) NonClass: 5764K(5824K)->5764K(5824K) Class: 533K(640K)->533K(640K)
[71.584s][info][gc             ] GC(271) Pause Full (Ergonomics) 3864M->3864M(4057M) 1271.788ms
[71.584s][info][gc,cpu         ] GC(271) User=9.05s Sys=0.05s Real=1.27s
[71.585s][info][gc,start       ] GC(272) Pause Full (Ergonomics)
[71.585s][info][gc,phases,start] GC(272) Marking Phase
[72.519s][info][gc,phases      ] GC(272) Marking Phase 934.879ms
[72.520s][info][gc,phases,start] GC(272) Summary Phase
[72.520s][info][gc,phases      ] GC(272) Summary Phase 0.074ms
[72.520s][info][gc,phases,start] GC(272) Adjust Roots
[72.520s][info][gc,phases      ] GC(272) Adjust Roots 0.190ms
[72.520s][info][gc,phases,start] GC(272) Compaction Phase
[72.864s][info][gc,phases      ] GC(272) Compaction Phase 344.437ms
[72.864s][info][gc,phases,start] GC(272) Post Compact
[72.872s][info][gc,phases      ] GC(272) Post Compact 7.296ms
[72.872s][info][gc,heap        ] GC(272) PSYoungGen: 66559K(263680K)->66559K(263680K) Eden: 66559K(66560K)->66559K(66560K) From: 0K(197120K)->0K(197120K)
[72.872s][info][gc,heap        ] GC(272) ParOldGen: 3891022K(3891200K)->3891022K(3891200K)
[72.872s][info][gc,metaspace   ] GC(272) Metaspace: 6297K(6464K)->6297K(6464K) NonClass: 5764K(5824K)->5764K(5824K) Class: 533K(640K)->533K(640K)
[72.872s][info][gc             ] GC(272) Pause Full (Ergonomics) 3864M->3864M(4057M) 1287.249ms
[72.872s][info][gc,cpu         ] GC(272) User=9.45s Sys=0.00s Real=1.29s
[72.872s][info][gc,start       ] GC(273) Pause Full (Ergonomics)
[72.872s][info][gc,phases,start] GC(273) Marking Phase
[73.808s][info][gc,phases      ] GC(273) Marking Phase 935.737ms
[73.808s][info][gc,phases,start] GC(273) Summary Phase
[73.808s][info][gc,phases      ] GC(273) Summary Phase 0.049ms
[73.808s][info][gc,phases,start] GC(273) Adjust Roots
[73.808s][info][gc,phases      ] GC(273) Adjust Roots 0.173ms
[73.808s][info][gc,phases,start] GC(273) Compaction Phase
[74.161s][info][gc,phases      ] GC(273) Compaction Phase 352.367ms
[74.161s][info][gc,phases,start] GC(273) Post Compact
[74.168s][info][gc,phases      ] GC(273) Post Compact 6.986ms
[74.168s][info][gc,heap        ] GC(273) PSYoungGen: 66559K(263680K)->66559K(263680K) Eden: 66559K(66560K)->66559K(66560K) From: 0K(197120K)->0K(197120K)
[74.168s][info][gc,heap        ] GC(273) ParOldGen: 3891027K(3891200K)->3891027K(3891200K)
[74.168s][info][gc,metaspace   ] GC(273) Metaspace: 6297K(6464K)->6297K(6464K) NonClass: 5764K(5824K)->5764K(5824K) Class: 533K(640K)->533K(640K)
[74.168s][info][gc             ] GC(273) Pause Full (Ergonomics) 3864M->3864M(4057M) 1295.688ms
[74.168s][info][gc,cpu         ] GC(273) User=9.34s Sys=0.00s Real=1.30s
[74.168s][info][gc,start       ] GC(274) Pause Full (Ergonomics)
[74.168s][info][gc,phases,start] GC(274) Marking Phase
[75.093s][info][gc,phases      ] GC(274) Marking Phase 924.968ms
[75.093s][info][gc,phases,start] GC(274) Summary Phase
[75.093s][info][gc,phases      ] GC(274) Summary Phase 0.046ms
[75.093s][info][gc,phases,start] GC(274) Adjust Roots
[75.093s][info][gc,phases      ] GC(274) Adjust Roots 0.171ms
[75.093s][info][gc,phases,start] GC(274) Compaction Phase
[75.415s][info][gc,phases      ] GC(274) Compaction Phase 321.560ms
[75.415s][info][gc,phases,start] GC(274) Post Compact
[75.422s][info][gc,phases      ] GC(274) Post Compact 7.143ms
[75.422s][info][gc,heap        ] GC(274) PSYoungGen: 66559K(263680K)->66559K(263680K) Eden: 66559K(66560K)->66559K(66560K) From: 0K(197120K)->0K(197120K)
[75.422s][info][gc,heap        ] GC(274) ParOldGen: 3891032K(3891200K)->3891032K(3891200K)
[75.422s][info][gc,metaspace   ] GC(274) Metaspace: 6297K(6464K)->6297K(6464K) NonClass: 5764K(5824K)->5764K(5824K) Class: 533K(640K)->533K(640K)
[75.422s][info][gc             ] GC(274) Pause Full (Ergonomics) 3864M->3864M(4057M) 1254.261ms
[75.422s][info][gc,cpu         ] GC(274) User=9.06s Sys=0.00s Real=1.25s
[75.422s][info][gc,start       ] GC(275) Pause Full (Ergonomics)
[75.422s][info][gc,phases,start] GC(275) Marking Phase
[76.370s][info][gc,phases      ] GC(275) Marking Phase 947.963ms
[76.370s][info][gc,phases,start] GC(275) Summary Phase
[76.371s][info][gc,phases      ] GC(275) Summary Phase 0.046ms
[76.371s][info][gc,phases,start] GC(275) Adjust Roots
[76.371s][info][gc,phases      ] GC(275) Adjust Roots 0.166ms
[76.371s][info][gc,phases,start] GC(275) Compaction Phase
[76.724s][info][gc,phases      ] GC(275) Compaction Phase 353.062ms
[76.724s][info][gc,phases,start] GC(275) Post Compact
[76.731s][info][gc,phases      ] GC(275) Post Compact 7.179ms
[76.731s][info][gc,heap        ] GC(275) PSYoungGen: 66559K(263680K)->66559K(263680K) Eden: 66559K(66560K)->66559K(66560K) From: 0K(197120K)->0K(197120K)
[76.731s][info][gc,heap        ] GC(275) ParOldGen: 3891037K(3891200K)->3891037K(3891200K)
[76.731s][info][gc,metaspace   ] GC(275) Metaspace: 6297K(6464K)->6297K(6464K) NonClass: 5764K(5824K)->5764K(5824K) Class: 533K(640K)->533K(640K)
[76.731s][info][gc             ] GC(275) Pause Full (Ergonomics) 3864M->3864M(4057M) 1308.746ms
[76.731s][info][gc,cpu         ] GC(275) User=9.42s Sys=0.00s Real=1.31s
[76.731s][info][gc,start       ] GC(276) Pause Full (Ergonomics)
[76.731s][info][gc,phases,start] GC(276) Marking Phase
[77.675s][info][gc,phases      ] GC(276) Marking Phase 943.332ms
[77.675s][info][gc,phases,start] GC(276) Summary Phase
[77.675s][info][gc,phases      ] GC(276) Summary Phase 0.049ms
[77.675s][info][gc,phases,start] GC(276) Adjust Roots
[77.675s][info][gc,phases      ] GC(276) Adjust Roots 0.170ms
[77.675s][info][gc,phases,start] GC(276) Compaction Phase
[78.036s][info][gc,phases      ] GC(276) Compaction Phase 361.297ms
[78.036s][info][gc,phases,start] GC(276) Post Compact
[78.044s][info][gc,phases      ] GC(276) Post Compact 7.344ms
[78.044s][info][gc,heap        ] GC(276) PSYoungGen: 66559K(263680K)->66559K(263680K) Eden: 66559K(66560K)->66559K(66560K) From: 0K(197120K)->0K(197120K)
[78.044s][info][gc,heap        ] GC(276) ParOldGen: 3891042K(3891200K)->3891042K(3891200K)
[78.044s][info][gc,metaspace   ] GC(276) Metaspace: 6297K(6464K)->6297K(6464K) NonClass: 5764K(5824K)->5764K(5824K) Class: 533K(640K)->533K(640K)
[78.044s][info][gc             ] GC(276) Pause Full (Ergonomics) 3864M->3864M(4057M) 1312.550ms
[78.044s][info][gc,cpu         ] GC(276) User=9.30s Sys=0.00s Real=1.31s
[78.044s][info][gc,start       ] GC(277) Pause Full (Ergonomics)
[78.044s][info][gc,phases,start] GC(277) Marking Phase
[78.977s][info][gc,phases      ] GC(277) Marking Phase 932.500ms
[78.977s][info][gc,phases,start] GC(277) Summary Phase
[78.977s][info][gc,phases      ] GC(277) Summary Phase 0.049ms
[78.977s][info][gc,phases,start] GC(277) Adjust Roots
[78.977s][info][gc,phases      ] GC(277) Adjust Roots 0.166ms
[78.977s][info][gc,phases,start] GC(277) Compaction Phase
[79.347s][info][gc,phases      ] GC(277) Compaction Phase 370.419ms
[79.347s][info][gc,phases,start] GC(277) Post Compact
[79.354s][info][gc,phases      ] GC(277) Post Compact 6.997ms
[79.355s][info][gc,heap        ] GC(277) PSYoungGen: 66559K(263680K)->66559K(263680K) Eden: 66559K(66560K)->66559K(66560K) From: 0K(197120K)->0K(197120K)
[79.355s][info][gc,heap        ] GC(277) ParOldGen: 3891047K(3891200K)->3891047K(3891200K)
[79.355s][info][gc,metaspace   ] GC(277) Metaspace: 6297K(6464K)->6297K(6464K) NonClass: 5764K(5824K)->5764K(5824K) Class: 533K(640K)->533K(640K)
[79.355s][info][gc             ] GC(277) Pause Full (Ergonomics) 3864M->3864M(4057M) 1310.458ms
[79.355s][info][gc,cpu         ] GC(277) User=9.52s Sys=0.00s Real=1.31s
[79.355s][info][gc,start       ] GC(278) Pause Full (Ergonomics)
[79.355s][info][gc,phases,start] GC(278) Marking Phase
[80.313s][info][gc,phases      ] GC(278) Marking Phase 957.913ms
[80.313s][info][gc,phases,start] GC(278) Summary Phase
[80.313s][info][gc,phases      ] GC(278) Summary Phase 0.045ms
[80.313s][info][gc,phases,start] GC(278) Adjust Roots
[80.313s][info][gc,phases      ] GC(278) Adjust Roots 0.198ms
[80.313s][info][gc,phases,start] GC(278) Compaction Phase
[80.655s][info][gc,phases      ] GC(278) Compaction Phase 341.567ms
[80.655s][info][gc,phases,start] GC(278) Post Compact
[80.662s][info][gc,phases      ] GC(278) Post Compact 7.082ms
[80.662s][info][gc,heap        ] GC(278) PSYoungGen: 66559K(263680K)->66559K(263680K) Eden: 66559K(66560K)->66559K(66560K) From: 0K(197120K)->0K(197120K)
[80.662s][info][gc,heap        ] GC(278) ParOldGen: 3891051K(3891200K)->3891051K(3891200K)
[80.662s][info][gc,metaspace   ] GC(278) Metaspace: 6297K(6464K)->6297K(6464K) NonClass: 5764K(5824K)->5764K(5824K) Class: 533K(640K)->533K(640K)
[80.662s][info][gc             ] GC(278) Pause Full (Ergonomics) 3864M->3864M(4057M) 1307.155ms
[80.662s][info][gc,cpu         ] GC(278) User=9.48s Sys=0.00s Real=1.31s
[80.662s][info][gc,start       ] GC(279) Pause Full (Ergonomics)
[80.662s][info][gc,phases,start] GC(279) Marking Phase
[81.600s][info][gc,phases      ] GC(279) Marking Phase 937.564ms
[81.600s][info][gc,phases,start] GC(279) Summary Phase
[81.600s][info][gc,phases      ] GC(279) Summary Phase 0.046ms
[81.600s][info][gc,phases,start] GC(279) Adjust Roots
[81.600s][info][gc,phases      ] GC(279) Adjust Roots 0.161ms
[81.600s][info][gc,phases,start] GC(279) Compaction Phase
[81.942s][info][gc,phases      ] GC(279) Compaction Phase 341.903ms
[81.942s][info][gc,phases,start] GC(279) Post Compact
[81.949s][info][gc,phases      ] GC(279) Post Compact 7.057ms
[81.949s][info][gc,heap        ] GC(279) PSYoungGen: 66559K(263680K)->66559K(263680K) Eden: 66559K(66560K)->66559K(66560K) From: 0K(197120K)->0K(197120K)
[81.949s][info][gc,heap        ] GC(279) ParOldGen: 3891056K(3891200K)->3891056K(3891200K)
[81.949s][info][gc,metaspace   ] GC(279) Metaspace: 6297K(6464K)->6297K(6464K) NonClass: 5764K(5824K)->5764K(5824K) Class: 533K(640K)->533K(640K)
[81.949s][info][gc             ] GC(279) Pause Full (Ergonomics) 3864M->3864M(4057M) 1287.076ms
[81.949s][info][gc,cpu         ] GC(279) User=9.47s Sys=0.00s Real=1.29s
[81.950s][info][gc,start       ] GC(280) Pause Full (Ergonomics)
[81.950s][info][gc,phases,start] GC(280) Marking Phase
[82.904s][info][gc,phases      ] GC(280) Marking Phase 954.158ms
[82.904s][info][gc,phases,start] GC(280) Summary Phase
[82.904s][info][gc,phases      ] GC(280) Summary Phase 0.046ms
[82.904s][info][gc,phases,start] GC(280) Adjust Roots
[82.904s][info][gc,phases      ] GC(280) Adjust Roots 0.161ms
[82.904s][info][gc,phases,start] GC(280) Compaction Phase
[83.254s][info][gc,phases      ] GC(280) Compaction Phase 350.316ms
[83.254s][info][gc,phases,start] GC(280) Post Compact
[83.261s][info][gc,phases      ] GC(280) Post Compact 7.027ms
[83.262s][info][gc,heap        ] GC(280) PSYoungGen: 66559K(263680K)->66559K(263680K) Eden: 66559K(66560K)->66559K(66560K) From: 0K(197120K)->0K(197120K)
[83.262s][info][gc,heap        ] GC(280) ParOldGen: 3891061K(3891200K)->3891061K(3891200K)
[83.262s][info][gc,metaspace   ] GC(280) Metaspace: 6297K(6464K)->6297K(6464K) NonClass: 5764K(5824K)->5764K(5824K) Class: 533K(640K)->533K(640K)
[83.262s][info][gc             ] GC(280) Pause Full (Ergonomics) 3864M->3864M(4057M) 1312.058ms
[83.262s][info][gc,cpu         ] GC(280) User=9.34s Sys=0.00s Real=1.31s
[83.262s][info][gc,start       ] GC(281) Pause Full (Ergonomics)
[83.262s][info][gc,phases,start] GC(281) Marking Phase
[84.221s][info][gc,phases      ] GC(281) Marking Phase 959.556ms
[84.221s][info][gc,phases,start] GC(281) Summary Phase
[84.221s][info][gc,phases      ] GC(281) Summary Phase 0.046ms
[84.221s][info][gc,phases,start] GC(281) Adjust Roots
[84.222s][info][gc,phases      ] GC(281) Adjust Roots 0.167ms
[84.222s][info][gc,phases,start] GC(281) Compaction Phase
[84.553s][info][gc,phases      ] GC(281) Compaction Phase 331.614ms
[84.553s][info][gc,phases,start] GC(281) Post Compact
[84.560s][info][gc,phases      ] GC(281) Post Compact 7.057ms
[84.561s][info][gc,heap        ] GC(281) PSYoungGen: 66559K(263680K)->66559K(263680K) Eden: 66559K(66560K)->66559K(66560K) From: 0K(197120K)->0K(197120K)
[84.561s][info][gc,heap        ] GC(281) ParOldGen: 3891066K(3891200K)->3891066K(3891200K)
[84.561s][info][gc,metaspace   ] GC(281) Metaspace: 6297K(6464K)->6297K(6464K) NonClass: 5764K(5824K)->5764K(5824K) Class: 533K(640K)->533K(640K)
[84.561s][info][gc             ] GC(281) Pause Full (Ergonomics) 3864M->3864M(4057M) 1298.803ms
[84.561s][info][gc,cpu         ] GC(281) User=9.52s Sys=0.00s Real=1.30s
[84.561s][info][gc,start       ] GC(282) Pause Full (Ergonomics)
[84.561s][info][gc,phases,start] GC(282) Marking Phase
[85.532s][info][gc,phases      ] GC(282) Marking Phase 971.280ms
[85.532s][info][gc,phases,start] GC(282) Summary Phase
[85.532s][info][gc,phases      ] GC(282) Summary Phase 0.046ms
[85.532s][info][gc,phases,start] GC(282) Adjust Roots
[85.532s][info][gc,phases      ] GC(282) Adjust Roots 0.162ms
[85.532s][info][gc,phases,start] GC(282) Compaction Phase
[85.882s][info][gc,phases      ] GC(282) Compaction Phase 349.700ms
[85.882s][info][gc,phases,start] GC(282) Post Compact
[85.889s][info][gc,phases      ] GC(282) Post Compact 7.083ms
[85.889s][info][gc,heap        ] GC(282) PSYoungGen: 66559K(263680K)->66559K(263680K) Eden: 66559K(66560K)->66559K(66560K) From: 0K(197120K)->0K(197120K)
[85.889s][info][gc,heap        ] GC(282) ParOldGen: 3891071K(3891200K)->3891071K(3891200K)
[85.889s][info][gc,metaspace   ] GC(282) Metaspace: 6297K(6464K)->6297K(6464K) NonClass: 5764K(5824K)->5764K(5824K) Class: 533K(640K)->533K(640K)
[85.889s][info][gc             ] GC(282) Pause Full (Ergonomics) 3864M->3864M(4057M) 1328.619ms
[85.889s][info][gc,cpu         ] GC(282) User=9.55s Sys=0.00s Real=1.33s
[85.890s][info][gc,start       ] GC(283) Pause Full (Ergonomics)
[85.890s][info][gc,phases,start] GC(283) Marking Phase
[86.865s][info][gc,phases      ] GC(283) Marking Phase 975.410ms
[86.865s][info][gc,phases,start] GC(283) Summary Phase
[86.865s][info][gc,phases      ] GC(283) Summary Phase 0.089ms
[86.865s][info][gc,phases,start] GC(283) Adjust Roots
[86.865s][info][gc,phases      ] GC(283) Adjust Roots 0.186ms
[86.866s][info][gc,phases,start] GC(283) Compaction Phase
[87.247s][info][gc,phases      ] GC(283) Compaction Phase 381.220ms
[87.247s][info][gc,phases,start] GC(283) Post Compact
[87.254s][info][gc,phases      ] GC(283) Post Compact 7.357ms
[87.254s][info][gc,heap        ] GC(283) PSYoungGen: 66559K(263680K)->66559K(263680K) Eden: 66559K(66560K)->66559K(66560K) From: 0K(197120K)->0K(197120K)
[87.254s][info][gc,heap        ] GC(283) ParOldGen: 3891076K(3891200K)->3891076K(3891200K)
[87.254s][info][gc,metaspace   ] GC(283) Metaspace: 6297K(6464K)->6297K(6464K) NonClass: 5764K(5824K)->5764K(5824K) Class: 533K(640K)->533K(640K)
[87.254s][info][gc             ] GC(283) Pause Full (Ergonomics) 3864M->3864M(4057M) 1364.649ms
[87.254s][info][gc,cpu         ] GC(283) User=9.67s Sys=0.00s Real=1.36s
[87.255s][info][gc,start       ] GC(284) Pause Full (Ergonomics)
[87.255s][info][gc,phases,start] GC(284) Marking Phase
[88.229s][info][gc,phases      ] GC(284) Marking Phase 974.121ms
[88.229s][info][gc,phases,start] GC(284) Summary Phase
[88.229s][info][gc,phases      ] GC(284) Summary Phase 0.047ms
[88.229s][info][gc,phases,start] GC(284) Adjust Roots
[88.229s][info][gc,phases      ] GC(284) Adjust Roots 0.166ms
[88.229s][info][gc,phases,start] GC(284) Compaction Phase
[88.549s][info][gc,phases      ] GC(284) Compaction Phase 320.113ms
[88.549s][info][gc,phases,start] GC(284) Post Compact
[88.557s][info][gc,phases      ] GC(284) Post Compact 7.520ms
[88.557s][info][gc,heap        ] GC(284) PSYoungGen: 66559K(263680K)->66559K(263680K) Eden: 66559K(66560K)->66559K(66560K) From: 0K(197120K)->0K(197120K)
[88.557s][info][gc,heap        ] GC(284) ParOldGen: 3891080K(3891200K)->3891080K(3891200K)
[88.557s][info][gc,metaspace   ] GC(284) Metaspace: 6297K(6464K)->6297K(6464K) NonClass: 5764K(5824K)->5764K(5824K) Class: 533K(640K)->533K(640K)
[88.557s][info][gc             ] GC(284) Pause Full (Ergonomics) 3864M->3864M(4057M) 1302.318ms
[88.557s][info][gc,cpu         ] GC(284) User=9.72s Sys=0.00s Real=1.30s
[88.557s][info][gc,start       ] GC(285) Pause Full (Ergonomics)
[88.557s][info][gc,phases,start] GC(285) Marking Phase
[89.526s][info][gc,phases      ] GC(285) Marking Phase 968.939ms
[89.526s][info][gc,phases,start] GC(285) Summary Phase
[89.526s][info][gc,phases      ] GC(285) Summary Phase 0.082ms
[89.526s][info][gc,phases,start] GC(285) Adjust Roots
[89.526s][info][gc,phases      ] GC(285) Adjust Roots 0.196ms
[89.526s][info][gc,phases,start] GC(285) Compaction Phase
[89.850s][info][gc,phases      ] GC(285) Compaction Phase 323.499ms
[89.850s][info][gc,phases,start] GC(285) Post Compact
[89.857s][info][gc,phases      ] GC(285) Post Compact 7.240ms
[89.857s][info][gc,heap        ] GC(285) PSYoungGen: 66559K(263680K)->66559K(263680K) Eden: 66559K(66560K)->66559K(66560K) From: 0K(197120K)->0K(197120K)
[89.857s][info][gc,heap        ] GC(285) ParOldGen: 3891085K(3891200K)->3891085K(3891200K)
[89.857s][info][gc,metaspace   ] GC(285) Metaspace: 6297K(6464K)->6297K(6464K) NonClass: 5764K(5824K)->5764K(5824K) Class: 533K(640K)->533K(640K)
[89.857s][info][gc             ] GC(285) Pause Full (Ergonomics) 3864M->3864M(4057M) 1300.387ms
[89.857s][info][gc,cpu         ] GC(285) User=9.61s Sys=0.06s Real=1.30s
[89.858s][info][gc,start       ] GC(286) Pause Full (Ergonomics)
[89.858s][info][gc,phases,start] GC(286) Marking Phase
[90.842s][info][gc,phases      ] GC(286) Marking Phase 984.642ms
[90.842s][info][gc,phases,start] GC(286) Summary Phase
[90.842s][info][gc,phases      ] GC(286) Summary Phase 0.047ms
[90.842s][info][gc,phases,start] GC(286) Adjust Roots
[90.843s][info][gc,phases      ] GC(286) Adjust Roots 0.196ms
[90.843s][info][gc,phases,start] GC(286) Compaction Phase
[91.211s][info][gc,phases      ] GC(286) Compaction Phase 368.104ms
[91.211s][info][gc,phases,start] GC(286) Post Compact
[91.218s][info][gc,phases      ] GC(286) Post Compact 7.104ms
[91.218s][info][gc,heap        ] GC(286) PSYoungGen: 66559K(263680K)->66559K(263680K) Eden: 66559K(66560K)->66559K(66560K) From: 0K(197120K)->0K(197120K)
[91.218s][info][gc,heap        ] GC(286) ParOldGen: 3891090K(3891200K)->3891090K(3891200K)
[91.218s][info][gc,metaspace   ] GC(286) Metaspace: 6297K(6464K)->6297K(6464K) NonClass: 5764K(5824K)->5764K(5824K) Class: 533K(640K)->533K(640K)
[91.218s][info][gc             ] GC(286) Pause Full (Ergonomics) 3864M->3864M(4057M) 1360.431ms
[91.218s][info][gc,cpu         ] GC(286) User=9.67s Sys=0.00s Real=1.36s
[91.218s][info][gc,start       ] GC(287) Pause Full (Ergonomics)
[91.218s][info][gc,phases,start] GC(287) Marking Phase
[92.199s][info][gc,phases      ] GC(287) Marking Phase 980.139ms
[92.199s][info][gc,phases,start] GC(287) Summary Phase
[92.199s][info][gc,phases      ] GC(287) Summary Phase 0.046ms
[92.199s][info][gc,phases,start] GC(287) Adjust Roots
[92.199s][info][gc,phases      ] GC(287) Adjust Roots 0.165ms
[92.199s][info][gc,phases,start] GC(287) Compaction Phase
[92.525s][info][gc,phases      ] GC(287) Compaction Phase 326.574ms
[92.526s][info][gc,phases,start] GC(287) Post Compact
[92.533s][info][gc,phases      ] GC(287) Post Compact 7.382ms
[92.533s][info][gc,heap        ] GC(287) PSYoungGen: 66559K(263680K)->66559K(263680K) Eden: 66559K(66560K)->66559K(66560K) From: 0K(197120K)->0K(197120K)
[92.533s][info][gc,heap        ] GC(287) ParOldGen: 3891095K(3891200K)->3891095K(3891200K)
[92.533s][info][gc,metaspace   ] GC(287) Metaspace: 6297K(6464K)->6297K(6464K) NonClass: 5764K(5824K)->5764K(5824K) Class: 533K(640K)->533K(640K)
[92.533s][info][gc             ] GC(287) Pause Full (Ergonomics) 3864M->3864M(4057M) 1314.677ms
[92.533s][info][gc,cpu         ] GC(287) User=9.66s Sys=0.00s Real=1.32s
[92.533s][info][gc,start       ] GC(288) Pause Full (Ergonomics)
[92.533s][info][gc,phases,start] GC(288) Marking Phase
[93.501s][info][gc,phases      ] GC(288) Marking Phase 968.009ms
[93.501s][info][gc,phases,start] GC(288) Summary Phase
[93.501s][info][gc,phases      ] GC(288) Summary Phase 0.045ms
[93.501s][info][gc,phases,start] GC(288) Adjust Roots
[93.502s][info][gc,phases      ] GC(288) Adjust Roots 0.160ms
[93.502s][info][gc,phases,start] GC(288) Compaction Phase
[93.831s][info][gc,phases      ] GC(288) Compaction Phase 329.452ms
[93.831s][info][gc,phases,start] GC(288) Post Compact
[93.838s][info][gc,phases      ] GC(288) Post Compact 7.090ms
[93.838s][info][gc,heap        ] GC(288) PSYoungGen: 66559K(263680K)->66559K(263680K) Eden: 66559K(66560K)->66559K(66560K) From: 0K(197120K)->0K(197120K)
[93.838s][info][gc,heap        ] GC(288) ParOldGen: 3891100K(3891200K)->3891100K(3891200K)
[93.838s][info][gc,metaspace   ] GC(288) Metaspace: 6297K(6464K)->6297K(6464K) NonClass: 5764K(5824K)->5764K(5824K) Class: 533K(640K)->533K(640K)
[93.838s][info][gc             ] GC(288) Pause Full (Ergonomics) 3864M->3864M(4057M) 1305.099ms
[93.838s][info][gc,cpu         ] GC(288) User=9.64s Sys=0.00s Real=1.31s
[93.839s][info][gc,start       ] GC(289) Pause Full (Ergonomics)
[93.839s][info][gc,phases,start] GC(289) Marking Phase
[94.816s][info][gc,phases      ] GC(289) Marking Phase 977.379ms
[94.816s][info][gc,phases,start] GC(289) Summary Phase
[94.816s][info][gc,phases      ] GC(289) Summary Phase 0.046ms
[94.816s][info][gc,phases,start] GC(289) Adjust Roots
[94.816s][info][gc,phases      ] GC(289) Adjust Roots 0.167ms
[94.816s][info][gc,phases,start] GC(289) Compaction Phase
[95.173s][info][gc,phases      ] GC(289) Compaction Phase 356.433ms
[95.173s][info][gc,phases,start] GC(289) Post Compact
[95.180s][info][gc,phases      ] GC(289) Post Compact 7.032ms
[95.180s][info][gc,heap        ] GC(289) PSYoungGen: 66559K(263680K)->66559K(263680K) Eden: 66559K(66560K)->66559K(66560K) From: 0K(197120K)->0K(197120K)
[95.180s][info][gc,heap        ] GC(289) ParOldGen: 3891105K(3891200K)->3891105K(3891200K)
[95.180s][info][gc,metaspace   ] GC(289) Metaspace: 6297K(6464K)->6297K(6464K) NonClass: 5764K(5824K)->5764K(5824K) Class: 533K(640K)->533K(640K)
[95.180s][info][gc             ] GC(289) Pause Full (Ergonomics) 3864M->3864M(4057M) 1341.438ms
[95.180s][info][gc,cpu         ] GC(289) User=9.78s Sys=0.00s Real=1.34s
[95.180s][info][gc,start       ] GC(290) Pause Full (Ergonomics)
[95.180s][info][gc,phases,start] GC(290) Marking Phase
[96.163s][info][gc,phases      ] GC(290) Marking Phase 983.123ms
[96.164s][info][gc,phases,start] GC(290) Summary Phase
[96.164s][info][gc,phases      ] GC(290) Summary Phase 0.046ms
[96.164s][info][gc,phases,start] GC(290) Adjust Roots
[96.164s][info][gc,phases      ] GC(290) Adjust Roots 0.167ms
[96.164s][info][gc,phases,start] GC(290) Compaction Phase
[96.519s][info][gc,phases      ] GC(290) Compaction Phase 354.863ms
[96.519s][info][gc,phases,start] GC(290) Post Compact
[96.526s][info][gc,phases      ] GC(290) Post Compact 7.249ms
[96.526s][info][gc,heap        ] GC(290) PSYoungGen: 66559K(263680K)->66559K(263680K) Eden: 66559K(66560K)->66559K(66560K) From: 0K(197120K)->0K(197120K)
[96.526s][info][gc,heap        ] GC(290) ParOldGen: 3891109K(3891200K)->3891109K(3891200K)
[96.526s][info][gc,metaspace   ] GC(290) Metaspace: 6297K(6464K)->6297K(6464K) NonClass: 5764K(5824K)->5764K(5824K) Class: 533K(640K)->533K(640K)
[96.526s][info][gc             ] GC(290) Pause Full (Ergonomics) 3864M->3864M(4057M) 1345.807ms
[96.526s][info][gc,cpu         ] GC(290) User=9.95s Sys=0.02s Real=1.35s
[96.526s][info][gc,start       ] GC(291) Pause Full (Ergonomics)
[96.526s][info][gc,phases,start] GC(291) Marking Phase
[97.510s][info][gc,phases      ] GC(291) Marking Phase 983.193ms
[97.510s][info][gc,phases,start] GC(291) Summary Phase
[97.510s][info][gc,phases      ] GC(291) Summary Phase 0.087ms
[97.510s][info][gc,phases,start] GC(291) Adjust Roots
[97.510s][info][gc,phases      ] GC(291) Adjust Roots 0.253ms
[97.510s][info][gc,phases,start] GC(291) Compaction Phase
[97.880s][info][gc,phases      ] GC(291) Compaction Phase 369.866ms
[97.880s][info][gc,phases,start] GC(291) Post Compact
[97.887s][info][gc,phases      ] GC(291) Post Compact 7.035ms
[97.887s][info][gc,heap        ] GC(291) PSYoungGen: 66559K(263680K)->66559K(263680K) Eden: 66559K(66560K)->66559K(66560K) From: 0K(197120K)->0K(197120K)
[97.887s][info][gc,heap        ] GC(291) ParOldGen: 3891114K(3891200K)->3891114K(3891200K)
[97.887s][info][gc,metaspace   ] GC(291) Metaspace: 6297K(6464K)->6297K(6464K) NonClass: 5764K(5824K)->5764K(5824K) Class: 533K(640K)->533K(640K)
[97.887s][info][gc             ] GC(291) Pause Full (Ergonomics) 3864M->3864M(4057M) 1360.779ms
[97.887s][info][gc,cpu         ] GC(291) User=9.83s Sys=0.02s Real=1.36s
[97.887s][info][gc,start       ] GC(292) Pause Full (Ergonomics)
[97.887s][info][gc,phases,start] GC(292) Marking Phase
[98.847s][info][gc,phases      ] GC(292) Marking Phase 959.499ms
[98.847s][info][gc,phases,start] GC(292) Summary Phase
[98.847s][info][gc,phases      ] GC(292) Summary Phase 0.048ms
[98.847s][info][gc,phases,start] GC(292) Adjust Roots
[98.847s][info][gc,phases      ] GC(292) Adjust Roots 0.170ms
[98.847s][info][gc,phases,start] GC(292) Compaction Phase
[99.218s][info][gc,phases      ] GC(292) Compaction Phase 371.191ms
[99.219s][info][gc,phases,start] GC(292) Post Compact
[99.226s][info][gc,phases      ] GC(292) Post Compact 7.050ms
[99.226s][info][gc,heap        ] GC(292) PSYoungGen: 66559K(263680K)->66559K(263680K) Eden: 66559K(66560K)->66559K(66560K) From: 0K(197120K)->0K(197120K)
[99.226s][info][gc,heap        ] GC(292) ParOldGen: 3891119K(3891200K)->3891119K(3891200K)
[99.226s][info][gc,metaspace   ] GC(292) Metaspace: 6297K(6464K)->6297K(6464K) NonClass: 5764K(5824K)->5764K(5824K) Class: 533K(640K)->533K(640K)
[99.226s][info][gc             ] GC(292) Pause Full (Ergonomics) 3864M->3864M(4057M) 1338.321ms
[99.226s][info][gc,cpu         ] GC(292) User=9.64s Sys=0.00s Real=1.34s
[99.226s][info][gc,start       ] GC(293) Pause Full (Ergonomics)
[99.226s][info][gc,phases,start] GC(293) Marking Phase
[100.203s][info][gc,phases      ] GC(293) Marking Phase 977.060ms
[100.203s][info][gc,phases,start] GC(293) Summary Phase
[100.203s][info][gc,phases      ] GC(293) Summary Phase 0.047ms
[100.203s][info][gc,phases,start] GC(293) Adjust Roots
[100.203s][info][gc,phases      ] GC(293) Adjust Roots 0.168ms
[100.203s][info][gc,phases,start] GC(293) Compaction Phase
[100.546s][info][gc,phases      ] GC(293) Compaction Phase 342.813ms
[100.546s][info][gc,phases,start] GC(293) Post Compact
[100.554s][info][gc,phases      ] GC(293) Post Compact 7.741ms
[100.554s][info][gc,heap        ] GC(293) PSYoungGen: 66559K(263680K)->66559K(263680K) Eden: 66559K(66560K)->66559K(66560K) From: 0K(197120K)->0K(197120K)
[100.554s][info][gc,heap        ] GC(293) ParOldGen: 3891124K(3891200K)->3891124K(3891200K)
[100.554s][info][gc,metaspace   ] GC(293) Metaspace: 6297K(6464K)->6297K(6464K) NonClass: 5764K(5824K)->5764K(5824K) Class: 533K(640K)->533K(640K)
[100.554s][info][gc             ] GC(293) Pause Full (Ergonomics) 3864M->3864M(4057M) 1328.220ms
[100.554s][info][gc,cpu         ] GC(293) User=9.78s Sys=0.00s Real=1.33s
[100.554s][info][gc,start       ] GC(294) Pause Full (Ergonomics)
[100.554s][info][gc,phases,start] GC(294) Marking Phase
[101.517s][info][gc,phases      ] GC(294) Marking Phase 962.327ms
[101.517s][info][gc,phases,start] GC(294) Summary Phase
[101.517s][info][gc,phases      ] GC(294) Summary Phase 0.057ms
[101.517s][info][gc,phases,start] GC(294) Adjust Roots
[101.517s][info][gc,phases      ] GC(294) Adjust Roots 0.178ms
[101.517s][info][gc,phases,start] GC(294) Compaction Phase
[101.882s][info][gc,phases      ] GC(294) Compaction Phase 364.650ms
[101.882s][info][gc,phases,start] GC(294) Post Compact
[101.889s][info][gc,phases      ] GC(294) Post Compact 7.043ms
[101.889s][info][gc,heap        ] GC(294) PSYoungGen: 66559K(263680K)->66559K(263680K) Eden: 66559K(66560K)->66559K(66560K) From: 0K(197120K)->0K(197120K)
[101.889s][info][gc,heap        ] GC(294) ParOldGen: 3891129K(3891200K)->3891129K(3891200K)
[101.889s][info][gc,metaspace   ] GC(294) Metaspace: 6297K(6464K)->6297K(6464K) NonClass: 5764K(5824K)->5764K(5824K) Class: 533K(640K)->533K(640K)
[101.889s][info][gc             ] GC(294) Pause Full (Ergonomics) 3864M->3864M(4057M) 1334.626ms
[101.889s][info][gc,cpu         ] GC(294) User=9.61s Sys=0.00s Real=1.34s
[101.889s][info][gc,start       ] GC(295) Pause Full (Ergonomics)
[101.889s][info][gc,phases,start] GC(295) Marking Phase
[102.827s][info][gc,phases      ] GC(295) Marking Phase 938.082ms
[102.827s][info][gc,phases,start] GC(295) Summary Phase
[102.827s][info][gc,phases      ] GC(295) Summary Phase 0.054ms
[102.827s][info][gc,phases,start] GC(295) Adjust Roots
[102.828s][info][gc,phases      ] GC(295) Adjust Roots 0.170ms
[102.828s][info][gc,phases,start] GC(295) Compaction Phase
[103.165s][info][gc,phases      ] GC(295) Compaction Phase 337.713ms
[103.165s][info][gc,phases,start] GC(295) Post Compact
[103.173s][info][gc,phases      ] GC(295) Post Compact 7.041ms
[103.173s][info][gc,heap        ] GC(295) PSYoungGen: 66559K(263680K)->66559K(263680K) Eden: 66559K(66560K)->66559K(66560K) From: 0K(197120K)->0K(197120K)
[103.173s][info][gc,heap        ] GC(295) ParOldGen: 3891134K(3891200K)->3891134K(3891200K)
[103.173s][info][gc,metaspace   ] GC(295) Metaspace: 6297K(6464K)->6297K(6464K) NonClass: 5764K(5824K)->5764K(5824K) Class: 533K(640K)->533K(640K)
[103.173s][info][gc             ] GC(295) Pause Full (Ergonomics) 3864M->3864M(4057M) 1283.422ms
[103.173s][info][gc,cpu         ] GC(295) User=9.27s Sys=0.00s Real=1.28s
[103.173s][info][gc,start       ] GC(296) Pause Full (Ergonomics)
[103.173s][info][gc,phases,start] GC(296) Marking Phase
[104.141s][info][gc,phases      ] GC(296) Marking Phase 968.042ms
[104.141s][info][gc,phases,start] GC(296) Summary Phase
[104.141s][info][gc,phases      ] GC(296) Summary Phase 0.045ms
[104.141s][info][gc,phases,start] GC(296) Adjust Roots
[104.141s][info][gc,phases      ] GC(296) Adjust Roots 0.168ms
[104.141s][info][gc,phases,start] GC(296) Compaction Phase
[104.496s][info][gc,phases      ] GC(296) Compaction Phase 354.488ms
[104.496s][info][gc,phases,start] GC(296) Post Compact
[104.503s][info][gc,phases      ] GC(296) Post Compact 7.214ms
[104.503s][info][gc,heap        ] GC(296) PSYoungGen: 66559K(263680K)->66559K(263680K) Eden: 66559K(66560K)->66559K(66560K) From: 0K(197120K)->0K(197120K)
[104.503s][info][gc,heap        ] GC(296) ParOldGen: 3891138K(3891200K)->3891138K(3891200K)
[104.503s][info][gc,metaspace   ] GC(296) Metaspace: 6297K(6464K)->6297K(6464K) NonClass: 5764K(5824K)->5764K(5824K) Class: 533K(640K)->533K(640K)
[104.503s][info][gc             ] GC(296) Pause Full (Ergonomics) 3864M->3864M(4057M) 1330.313ms
[104.503s][info][gc,cpu         ] GC(296) User=9.70s Sys=0.00s Real=1.33s
[104.503s][info][gc,start       ] GC(297) Pause Full (Ergonomics)
[104.503s][info][gc,phases,start] GC(297) Marking Phase
[105.476s][info][gc,phases      ] GC(297) Marking Phase 972.349ms
[105.476s][info][gc,phases,start] GC(297) Summary Phase
[105.476s][info][gc,phases      ] GC(297) Summary Phase 0.046ms
[105.476s][info][gc,phases,start] GC(297) Adjust Roots
[105.476s][info][gc,phases      ] GC(297) Adjust Roots 0.192ms
[105.476s][info][gc,phases,start] GC(297) Compaction Phase
[105.843s][info][gc,phases      ] GC(297) Compaction Phase 366.701ms
[105.843s][info][gc,phases,start] GC(297) Post Compact
[105.850s][info][gc,phases      ] GC(297) Post Compact 7.039ms
[105.850s][info][gc,heap        ] GC(297) PSYoungGen: 66559K(263680K)->66559K(263680K) Eden: 66559K(66560K)->66559K(66560K) From: 0K(197120K)->0K(197120K)
[105.850s][info][gc,heap        ] GC(297) ParOldGen: 3891143K(3891200K)->3891143K(3891200K)
[105.850s][info][gc,metaspace   ] GC(297) Metaspace: 6297K(6464K)->6297K(6464K) NonClass: 5764K(5824K)->5764K(5824K) Class: 533K(640K)->533K(640K)
[105.850s][info][gc             ] GC(297) Pause Full (Ergonomics) 3864M->3864M(4057M) 1346.671ms
[105.850s][info][gc,cpu         ] GC(297) User=9.77s Sys=0.00s Real=1.35s
[105.850s][info][gc,start       ] GC(298) Pause Full (Ergonomics)
[105.850s][info][gc,phases,start] GC(298) Marking Phase
[106.852s][info][gc,phases      ] GC(298) Marking Phase 1001.792ms
[106.852s][info][gc,phases,start] GC(298) Summary Phase
[106.852s][info][gc,phases      ] GC(298) Summary Phase 0.046ms
[106.852s][info][gc,phases,start] GC(298) Adjust Roots
[106.852s][info][gc,phases      ] GC(298) Adjust Roots 0.173ms
[106.852s][info][gc,phases,start] GC(298) Compaction Phase
[107.206s][info][gc,phases      ] GC(298) Compaction Phase 353.091ms
[107.206s][info][gc,phases,start] GC(298) Post Compact
[107.213s][info][gc,phases      ] GC(298) Post Compact 7.110ms
[107.213s][info][gc,heap        ] GC(298) PSYoungGen: 66559K(263680K)->66559K(263680K) Eden: 66559K(66560K)->66559K(66560K) From: 0K(197120K)->0K(197120K)
[107.213s][info][gc,heap        ] GC(298) ParOldGen: 3891148K(3891200K)->3891148K(3891200K)
[107.213s][info][gc,metaspace   ] GC(298) Metaspace: 6297K(6464K)->6297K(6464K) NonClass: 5764K(5824K)->5764K(5824K) Class: 533K(640K)->533K(640K)
[107.213s][info][gc             ] GC(298) Pause Full (Ergonomics) 3864M->3864M(4057M) 1362.597ms
[107.213s][info][gc,cpu         ] GC(298) User=10.03s Sys=0.00s Real=1.36s
[107.213s][info][gc,start       ] GC(299) Pause Full (Ergonomics)
[107.213s][info][gc,phases,start] GC(299) Marking Phase
[108.200s][info][gc,phases      ] GC(299) Marking Phase 987.034ms
[108.200s][info][gc,phases,start] GC(299) Summary Phase
[108.200s][info][gc,phases      ] GC(299) Summary Phase 0.060ms
[108.200s][info][gc,phases,start] GC(299) Adjust Roots
[108.201s][info][gc,phases      ] GC(299) Adjust Roots 0.217ms
[108.201s][info][gc,phases,start] GC(299) Compaction Phase
[108.566s][info][gc,phases      ] GC(299) Compaction Phase 365.457ms
[108.566s][info][gc,phases,start] GC(299) Post Compact
[108.574s][info][gc,phases      ] GC(299) Post Compact 7.756ms
[108.574s][info][gc,heap        ] GC(299) PSYoungGen: 66559K(263680K)->66559K(263680K) Eden: 66559K(66560K)->66559K(66560K) From: 0K(197120K)->0K(197120K)
[108.574s][info][gc,heap        ] GC(299) ParOldGen: 3891153K(3891200K)->3891153K(3891200K)
[108.574s][info][gc,metaspace   ] GC(299) Metaspace: 6297K(6464K)->6297K(6464K) NonClass: 5764K(5824K)->5764K(5824K) Class: 533K(640K)->533K(640K)
[108.574s][info][gc             ] GC(299) Pause Full (Ergonomics) 3864M->3864M(4057M) 1360.911ms
[108.574s][info][gc,cpu         ] GC(299) User=9.94s Sys=0.00s Real=1.36s
[108.574s][info][gc,start       ] GC(300) Pause Full (Ergonomics)
[108.574s][info][gc,phases,start] GC(300) Marking Phase
[109.542s][info][gc,phases      ] GC(300) Marking Phase 967.207ms
[109.542s][info][gc,phases,start] GC(300) Summary Phase
[109.542s][info][gc,phases      ] GC(300) Summary Phase 0.047ms
[109.542s][info][gc,phases,start] GC(300) Adjust Roots
[109.542s][info][gc,phases      ] GC(300) Adjust Roots 0.170ms
[109.542s][info][gc,phases,start] GC(300) Compaction Phase
[109.890s][info][gc,phases      ] GC(300) Compaction Phase 347.688ms
[109.890s][info][gc,phases,start] GC(300) Post Compact
[109.897s][info][gc,phases      ] GC(300) Post Compact 6.937ms
[109.897s][info][gc,heap        ] GC(300) PSYoungGen: 66559K(263680K)->66559K(263680K) Eden: 66559K(66560K)->66559K(66560K) From: 0K(197120K)->0K(197120K)
[109.897s][info][gc,heap        ] GC(300) ParOldGen: 3891158K(3891200K)->3891158K(3891200K)
[109.897s][info][gc,metaspace   ] GC(300) Metaspace: 6297K(6464K)->6297K(6464K) NonClass: 5764K(5824K)->5764K(5824K) Class: 533K(640K)->533K(640K)
[109.897s][info][gc             ] GC(300) Pause Full (Ergonomics) 3864M->3864M(4057M) 1322.444ms
[109.897s][info][gc,cpu         ] GC(300) User=9.55s Sys=0.00s Real=1.32s
[109.897s][info][gc,start       ] GC(301) Pause Full (Ergonomics)
[109.897s][info][gc,phases,start] GC(301) Marking Phase
[110.862s][info][gc,phases      ] GC(301) Marking Phase 965.020ms
[110.862s][info][gc,phases,start] GC(301) Summary Phase
[110.862s][info][gc,phases      ] GC(301) Summary Phase 0.047ms
[110.862s][info][gc,phases,start] GC(301) Adjust Roots
[110.862s][info][gc,phases      ] GC(301) Adjust Roots 0.173ms
[110.862s][info][gc,phases,start] GC(301) Compaction Phase
[111.219s][info][gc,phases      ] GC(301) Compaction Phase 356.144ms
[111.219s][info][gc,phases,start] GC(301) Post Compact
[111.226s][info][gc,phases      ] GC(301) Post Compact 7.269ms
[111.226s][info][gc,heap        ] GC(301) PSYoungGen: 66559K(263680K)->66559K(263680K) Eden: 66559K(66560K)->66559K(66560K) From: 0K(197120K)->0K(197120K)
[111.226s][info][gc,heap        ] GC(301) ParOldGen: 3891163K(3891200K)->3891163K(3891200K)
[111.226s][info][gc,metaspace   ] GC(301) Metaspace: 6297K(6464K)->6297K(6464K) NonClass: 5764K(5824K)->5764K(5824K) Class: 533K(640K)->533K(640K)
[111.226s][info][gc             ] GC(301) Pause Full (Ergonomics) 3864M->3864M(4057M) 1328.991ms
[111.226s][info][gc,cpu         ] GC(301) User=9.84s Sys=0.00s Real=1.33s
[111.226s][info][gc,start       ] GC(302) Pause Full (Ergonomics)
[111.226s][info][gc,phases,start] GC(302) Marking Phase
[112.220s][info][gc,phases      ] GC(302) Marking Phase 993.332ms
[112.220s][info][gc,phases,start] GC(302) Summary Phase
[112.220s][info][gc,phases      ] GC(302) Summary Phase 0.046ms
[112.220s][info][gc,phases,start] GC(302) Adjust Roots
[112.220s][info][gc,phases      ] GC(302) Adjust Roots 0.164ms
[112.220s][info][gc,phases,start] GC(302) Compaction Phase
[112.573s][info][gc,phases      ] GC(302) Compaction Phase 352.949ms
[112.573s][info][gc,phases,start] GC(302) Post Compact
[112.580s][info][gc,phases      ] GC(302) Post Compact 7.119ms
[112.580s][info][gc,heap        ] GC(302) PSYoungGen: 66559K(263680K)->66559K(263680K) Eden: 66559K(66560K)->66559K(66560K) From: 0K(197120K)->0K(197120K)
[112.580s][info][gc,heap        ] GC(302) ParOldGen: 3891167K(3891200K)->3891167K(3891200K)
[112.580s][info][gc,metaspace   ] GC(302) Metaspace: 6297K(6464K)->6297K(6464K) NonClass: 5764K(5824K)->5764K(5824K) Class: 533K(640K)->533K(640K)
[112.580s][info][gc             ] GC(302) Pause Full (Ergonomics) 3864M->3864M(4057M) 1353.966ms
[112.580s][info][gc,cpu         ] GC(302) User=9.88s Sys=0.00s Real=1.35s
[112.580s][info][gc,start       ] GC(303) Pause Full (Ergonomics)
[112.581s][info][gc,phases,start] GC(303) Marking Phase
[113.559s][info][gc,phases      ] GC(303) Marking Phase 978.373ms
[113.559s][info][gc,phases,start] GC(303) Summary Phase
[113.559s][info][gc,phases      ] GC(303) Summary Phase 0.123ms
[113.559s][info][gc,phases,start] GC(303) Adjust Roots
[113.559s][info][gc,phases      ] GC(303) Adjust Roots 0.206ms
[113.559s][info][gc,phases,start] GC(303) Compaction Phase
[113.927s][info][gc,phases      ] GC(303) Compaction Phase 367.635ms
[113.927s][info][gc,phases,start] GC(303) Post Compact
[113.934s][info][gc,phases      ] GC(303) Post Compact 7.030ms
[113.934s][info][gc,heap        ] GC(303) PSYoungGen: 66559K(263680K)->66559K(263680K) Eden: 66559K(66560K)->66559K(66560K) From: 0K(197120K)->0K(197120K)
[113.934s][info][gc,heap        ] GC(303) ParOldGen: 3891172K(3891200K)->3891172K(3891200K)
[113.934s][info][gc,metaspace   ] GC(303) Metaspace: 6297K(6464K)->6297K(6464K) NonClass: 5764K(5824K)->5764K(5824K) Class: 533K(640K)->533K(640K)
[113.934s][info][gc             ] GC(303) Pause Full (Ergonomics) 3864M->3864M(4057M) 1353.797ms
[113.934s][info][gc,cpu         ] GC(303) User=9.78s Sys=0.00s Real=1.35s
[113.934s][info][gc,start       ] GC(304) Pause Full (Ergonomics)
[113.935s][info][gc,phases,start] GC(304) Marking Phase
[114.931s][info][gc,phases      ] GC(304) Marking Phase 996.008ms
[114.931s][info][gc,phases,start] GC(304) Summary Phase
[114.931s][info][gc,phases      ] GC(304) Summary Phase 0.046ms
[114.931s][info][gc,phases,start] GC(304) Adjust Roots
[114.931s][info][gc,phases      ] GC(304) Adjust Roots 0.200ms
[114.931s][info][gc,phases,start] GC(304) Compaction Phase
[115.336s][info][gc,phases      ] GC(304) Compaction Phase 404.815ms
[115.336s][info][gc,phases,start] GC(304) Post Compact
[115.343s][info][gc,phases      ] GC(304) Post Compact 7.048ms
[115.343s][info][gc,heap        ] GC(304) PSYoungGen: 66559K(263680K)->66559K(263680K) Eden: 66559K(66560K)->66559K(66560K) From: 0K(197120K)->0K(197120K)
[115.343s][info][gc,heap        ] GC(304) ParOldGen: 3891177K(3891200K)->3891177K(3891200K)
[115.343s][info][gc,metaspace   ] GC(304) Metaspace: 6297K(6464K)->6297K(6464K) NonClass: 5764K(5824K)->5764K(5824K) Class: 533K(640K)->533K(640K)
[115.343s][info][gc             ] GC(304) Pause Full (Ergonomics) 3864M->3864M(4057M) 1408.454ms
[115.343s][info][gc,cpu         ] GC(304) User=9.98s Sys=0.00s Real=1.41s
[115.343s][info][gc,start       ] GC(305) Pause Full (Ergonomics)
[115.343s][info][gc,phases,start] GC(305) Marking Phase
[116.325s][info][gc,phases      ] GC(305) Marking Phase 981.437ms
[116.325s][info][gc,phases,start] GC(305) Summary Phase
[116.325s][info][gc,phases      ] GC(305) Summary Phase 0.054ms
[116.325s][info][gc,phases,start] GC(305) Adjust Roots
[116.325s][info][gc,phases      ] GC(305) Adjust Roots 0.216ms
[116.325s][info][gc,phases,start] GC(305) Compaction Phase
[116.670s][info][gc,phases      ] GC(305) Compaction Phase 345.272ms
[116.670s][info][gc,phases,start] GC(305) Post Compact
[116.678s][info][gc,phases      ] GC(305) Post Compact 7.640ms
[116.678s][info][gc,heap        ] GC(305) PSYoungGen: 66559K(263680K)->66559K(263680K) Eden: 66559K(66560K)->66559K(66560K) From: 0K(197120K)->0K(197120K)
[116.678s][info][gc,heap        ] GC(305) ParOldGen: 3891182K(3891200K)->3891182K(3891200K)
[116.678s][info][gc,metaspace   ] GC(305) Metaspace: 6297K(6464K)->6297K(6464K) NonClass: 5764K(5824K)->5764K(5824K) Class: 533K(640K)->533K(640K)
[116.678s][info][gc             ] GC(305) Pause Full (Ergonomics) 3864M->3864M(4057M) 1335.170ms
[116.678s][info][gc,cpu         ] GC(305) User=9.81s Sys=0.00s Real=1.34s
[116.679s][info][gc,start       ] GC(306) Pause Full (Ergonomics)
[116.679s][info][gc,phases,start] GC(306) Marking Phase
[117.661s][info][gc,phases      ] GC(306) Marking Phase 981.986ms
[117.661s][info][gc,phases,start] GC(306) Summary Phase
[117.661s][info][gc,phases      ] GC(306) Summary Phase 0.046ms
[117.661s][info][gc,phases,start] GC(306) Adjust Roots
[117.661s][info][gc,phases      ] GC(306) Adjust Roots 0.193ms
[117.661s][info][gc,phases,start] GC(306) Compaction Phase
[118.064s][info][gc,phases      ] GC(306) Compaction Phase 403.363ms
[118.064s][info][gc,phases,start] GC(306) Post Compact
[118.072s][info][gc,phases      ] GC(306) Post Compact 7.647ms
[118.072s][info][gc,heap        ] GC(306) PSYoungGen: 66559K(263680K)->66559K(263680K) Eden: 66559K(66560K)->66559K(66560K) From: 0K(197120K)->0K(197120K)
[118.072s][info][gc,heap        ] GC(306) ParOldGen: 3891187K(3891200K)->3891187K(3891200K)
[118.072s][info][gc,metaspace   ] GC(306) Metaspace: 6297K(6464K)->6297K(6464K) NonClass: 5764K(5824K)->5764K(5824K) Class: 533K(640K)->533K(640K)
[118.072s][info][gc             ] GC(306) Pause Full (Ergonomics) 3864M->3864M(4057M) 1393.679ms
[118.072s][info][gc,cpu         ] GC(306) User=10.00s Sys=0.02s Real=1.39s
[118.072s][info][gc,start       ] GC(307) Pause Full (Ergonomics)
[118.072s][info][gc,phases,start] GC(307) Marking Phase
[119.037s][info][gc,phases      ] GC(307) Marking Phase 964.052ms
[119.037s][info][gc,phases,start] GC(307) Summary Phase
[119.037s][info][gc,phases      ] GC(307) Summary Phase 0.074ms
[119.037s][info][gc,phases,start] GC(307) Adjust Roots
[119.037s][info][gc,phases      ] GC(307) Adjust Roots 0.217ms
[119.037s][info][gc,phases,start] GC(307) Compaction Phase
[119.409s][info][gc,phases      ] GC(307) Compaction Phase 372.114ms
[119.409s][info][gc,phases,start] GC(307) Post Compact
[119.418s][info][gc,phases      ] GC(307) Post Compact 9.180ms
[119.418s][info][gc,heap        ] GC(307) PSYoungGen: 66559K(263680K)->66559K(263680K) Eden: 66559K(66560K)->66559K(66560K) From: 0K(197120K)->0K(197120K)
[119.418s][info][gc,heap        ] GC(307) ParOldGen: 3891192K(3891200K)->3891192K(3891200K)
[119.419s][info][gc,metaspace   ] GC(307) Metaspace: 6297K(6464K)->6297K(6464K) NonClass: 5764K(5824K)->5764K(5824K) Class: 533K(640K)->533K(640K)
[119.419s][info][gc             ] GC(307) Pause Full (Ergonomics) 3864M->3864M(4057M) 1346.090ms
[119.419s][info][gc,cpu         ] GC(307) User=9.77s Sys=0.00s Real=1.35s
[119.419s][info][gc,start       ] GC(308) Pause Full (Ergonomics)
[119.419s][info][gc,phases,start] GC(308) Marking Phase
[120.506s][info][gc,phases      ] GC(308) Marking Phase 1086.722ms
[120.506s][info][gc,phases,start] GC(308) Summary Phase
[120.506s][info][gc,phases      ] GC(308) Summary Phase 0.103ms
[120.506s][info][gc,phases,start] GC(308) Adjust Roots
[120.506s][info][gc,phases      ] GC(308) Adjust Roots 0.391ms
[120.506s][info][gc,phases,start] GC(308) Compaction Phase
[120.895s][info][gc,phases      ] GC(308) Compaction Phase 388.332ms
[120.895s][info][gc,phases,start] GC(308) Post Compact
[120.905s][info][gc,phases      ] GC(308) Post Compact 9.909ms
[120.905s][info][gc,heap        ] GC(308) PSYoungGen: 66559K(263680K)->66559K(263680K) Eden: 66559K(66560K)->66559K(66560K) From: 0K(197120K)->0K(197120K)
[120.905s][info][gc,heap        ] GC(308) ParOldGen: 3891196K(3891200K)->3891196K(3891200K)
[120.905s][info][gc,metaspace   ] GC(308) Metaspace: 6297K(6464K)->6297K(6464K) NonClass: 5764K(5824K)->5764K(5824K) Class: 533K(640K)->533K(640K)
[120.905s][info][gc             ] GC(308) Pause Full (Ergonomics) 3864M->3864M(4057M) 1485.969ms
[120.905s][info][gc,cpu         ] GC(308) User=9.92s Sys=0.02s Real=1.49s
[120.905s][info][gc,start       ] GC(309) Pause Full (Ergonomics)
[120.905s][info][gc,phases,start] GC(309) Marking Phase
[121.980s][info][gc,phases      ] GC(309) Marking Phase 1074.934ms
[121.980s][info][gc,phases,start] GC(309) Summary Phase
[121.980s][info][gc,phases      ] GC(309) Summary Phase 0.066ms
[121.980s][info][gc,phases,start] GC(309) Adjust Roots
[121.981s][info][gc,phases      ] GC(309) Adjust Roots 0.363ms
[121.981s][info][gc,phases,start] GC(309) Compaction Phase
[122.418s][info][gc,phases      ] GC(309) Compaction Phase 437.254ms
[122.418s][info][gc,phases,start] GC(309) Post Compact
[122.428s][info][gc,phases      ] GC(309) Post Compact 9.936ms
[122.428s][info][gc,heap        ] GC(309) PSYoungGen: 66559K(263680K)->66559K(263680K) Eden: 66559K(66560K)->66559K(66560K) From: 0K(197120K)->0K(197120K)
[122.428s][info][gc,heap        ] GC(309) ParOldGen: 3891199K(3891200K)->3891199K(3891200K)
[122.428s][info][gc,metaspace   ] GC(309) Metaspace: 6297K(6464K)->6297K(6464K) NonClass: 5764K(5824K)->5764K(5824K) Class: 533K(640K)->533K(640K)
[122.428s][info][gc             ] GC(309) Pause Full (Ergonomics) 3864M->3864M(4057M) 1523.026ms
[122.428s][info][gc,cpu         ] GC(309) User=9.81s Sys=0.02s Real=1.52s
[122.428s][info][gc,start       ] GC(310) Pause Full (Allocation Failure)
[122.428s][info][gc,phases,start] GC(310) Marking Phase
[123.568s][info][gc,phases      ] GC(310) Marking Phase 1139.344ms
[123.568s][info][gc,phases,start] GC(310) Summary Phase
[123.568s][info][gc,phases      ] GC(310) Summary Phase 0.070ms
[123.568s][info][gc,phases,start] GC(310) Adjust Roots
[123.568s][info][gc,phases      ] GC(310) Adjust Roots 0.527ms
[123.568s][info][gc,phases,start] GC(310) Compaction Phase
[124.624s][info][gc,phases      ] GC(310) Compaction Phase 1055.426ms
[124.624s][info][gc,phases,start] GC(310) Post Compact
[124.634s][info][gc,phases      ] GC(310) Post Compact 10.207ms
[124.634s][info][gc,heap        ] GC(310) PSYoungGen: 66559K(263680K)->66559K(263680K) Eden: 66559K(66560K)->66559K(66560K) From: 0K(197120K)->0K(197120K)
[124.634s][info][gc,heap        ] GC(310) ParOldGen: 3891199K(3891200K)->3891195K(3891200K)
[124.634s][info][gc,metaspace   ] GC(310) Metaspace: 6297K(6464K)->6295K(6464K) NonClass: 5764K(5824K)->5762K(5824K) Class: 533K(640K)->532K(640K)
[124.634s][info][gc             ] GC(310) Pause Full (Allocation Failure) 3864M->3864M(4057M) 2206.122ms
[124.634s][info][gc,cpu         ] GC(310) User=13.67s Sys=0.05s Real=2.21s
[124.635s][info][gc,start       ] GC(311) Pause Full (Ergonomics)
[124.635s][info][gc,phases,start] GC(311) Marking Phase
[125.672s][info][gc,phases      ] GC(311) Marking Phase 1037.640ms
[125.673s][info][gc,phases,start] GC(311) Summary Phase
[125.673s][info][gc,phases      ] GC(311) Summary Phase 0.077ms
[125.673s][info][gc,phases,start] GC(311) Adjust Roots
[125.673s][info][gc,phases      ] GC(311) Adjust Roots 0.327ms
[125.673s][info][gc,phases,start] GC(311) Compaction Phase
[126.081s][info][gc,phases      ] GC(311) Compaction Phase 407.663ms
[126.081s][info][gc,phases,start] GC(311) Post Compact
[126.088s][info][gc,phases      ] GC(311) Post Compact 7.659ms
[126.088s][info][gc,heap        ] GC(311) PSYoungGen: 66559K(263680K)->66559K(263680K) Eden: 66559K(66560K)->66559K(66560K) From: 0K(197120K)->0K(197120K)
[126.089s][info][gc,heap        ] GC(311) ParOldGen: 3891197K(3891200K)->3891197K(3891200K)
[126.089s][info][gc,metaspace   ] GC(311) Metaspace: 6295K(6464K)->6295K(6464K) NonClass: 5762K(5824K)->5762K(5824K) Class: 532K(640K)->532K(640K)
[126.089s][info][gc             ] GC(311) Pause Full (Ergonomics) 3864M->3864M(4057M) 1453.806ms
[126.089s][info][gc,cpu         ] GC(311) User=9.72s Sys=0.03s Real=1.45s
[126.089s][info][gc,start       ] GC(312) Pause Full (Ergonomics)
[126.089s][info][gc,phases,start] GC(312) Marking Phase
[127.102s][info][gc,phases      ] GC(312) Marking Phase 1013.160ms
[127.102s][info][gc,phases,start] GC(312) Summary Phase
[127.102s][info][gc,phases      ] GC(312) Summary Phase 0.082ms
[127.102s][info][gc,phases,start] GC(312) Adjust Roots
[127.103s][info][gc,phases      ] GC(312) Adjust Roots 0.289ms
[127.103s][info][gc,phases,start] GC(312) Compaction Phase
[127.493s][info][gc,phases      ] GC(312) Compaction Phase 390.514ms
[127.493s][info][gc,phases,start] GC(312) Post Compact
[127.502s][info][gc,phases      ] GC(312) Post Compact 8.259ms
[127.502s][info][gc,heap        ] GC(312) PSYoungGen: 66559K(263680K)->66559K(263680K) Eden: 66559K(66560K)->66559K(66560K) From: 0K(197120K)->0K(197120K)
[127.502s][info][gc,heap        ] GC(312) ParOldGen: 3891199K(3891200K)->3891199K(3891200K)
[127.502s][info][gc,metaspace   ] GC(312) Metaspace: 6295K(6464K)->6295K(6464K) NonClass: 5762K(5824K)->5762K(5824K) Class: 532K(640K)->532K(640K)
[127.502s][info][gc             ] GC(312) Pause Full (Ergonomics) 3864M->3864M(4057M) 1412.734ms
[127.502s][info][gc,cpu         ] GC(312) User=9.59s Sys=0.02s Real=1.41s
[127.502s][info][gc,start       ] GC(313) Pause Full (Allocation Failure)
[127.502s][info][gc,phases,start] GC(313) Marking Phase
[128.543s][info][gc,phases      ] GC(313) Marking Phase 1041.294ms
[128.543s][info][gc,phases,start] GC(313) Summary Phase
[128.543s][info][gc,phases      ] GC(313) Summary Phase 0.085ms
[128.543s][info][gc,phases,start] GC(313) Adjust Roots
[128.544s][info][gc,phases      ] GC(313) Adjust Roots 0.336ms
[128.544s][info][gc,phases,start] GC(313) Compaction Phase
[128.953s][info][gc,phases      ] GC(313) Compaction Phase 409.481ms
[128.953s][info][gc,phases,start] GC(313) Post Compact
[128.964s][info][gc,phases      ] GC(313) Post Compact 10.698ms
[128.964s][info][gc,heap        ] GC(313) PSYoungGen: 66559K(263680K)->66559K(263680K) Eden: 66559K(66560K)->66559K(66560K) From: 0K(197120K)->0K(197120K)
[128.964s][info][gc,heap        ] GC(313) ParOldGen: 3891199K(3891200K)->3891199K(3891200K)
[128.964s][info][gc,metaspace   ] GC(313) Metaspace: 6295K(6464K)->6295K(6464K) NonClass: 5762K(5824K)->5762K(5824K) Class: 532K(640K)->532K(640K)
[128.964s][info][gc             ] GC(313) Pause Full (Allocation Failure) 3864M->3864M(4057M) 1462.463ms
[128.964s][info][gc,cpu         ] GC(313) User=9.75s Sys=0.02s Real=1.46s
[128.966s][info][gc,start       ] GC(314) Pause Full (Ergonomics)
[128.966s][info][gc,phases,start] GC(314) Marking Phase
[130.044s][info][gc,phases      ] GC(314) Marking Phase 1078.764ms
[130.044s][info][gc,phases,start] GC(314) Summary Phase
[130.044s][info][gc,phases      ] GC(314) Summary Phase 0.072ms
[130.045s][info][gc,phases,start] GC(314) Adjust Roots
[130.045s][info][gc,phases      ] GC(314) Adjust Roots 0.395ms
[130.045s][info][gc,phases,start] GC(314) Compaction Phase
[131.059s][info][gc,phases      ] GC(314) Compaction Phase 1013.777ms
[131.059s][info][gc,phases,start] GC(314) Post Compact
[131.068s][info][gc,phases      ] GC(314) Post Compact 9.410ms
[131.068s][info][gc,heap        ] GC(314) PSYoungGen: 66560K(263680K)->66560K(263680K) Eden: 66560K(66560K)->66560K(66560K) From: 0K(197120K)->0K(197120K)
[131.068s][info][gc,heap        ] GC(314) ParOldGen: 3891200K(3891200K)->3891198K(3891200K)
[131.068s][info][gc,metaspace   ] GC(314) Metaspace: 6295K(6464K)->6295K(6464K) NonClass: 5762K(5824K)->5762K(5824K) Class: 532K(640K)->532K(640K)
[131.068s][info][gc             ] GC(314) Pause Full (Ergonomics) 3865M->3864M(4057M) 2102.918ms
[131.068s][info][gc,cpu         ] GC(314) User=13.86s Sys=0.00s Real=2.10s
[131.070s][info][gc,start       ] GC(315) Pause Full (Ergonomics)
[131.070s][info][gc,phases,start] GC(315) Marking Phase
[132.108s][info][gc,phases      ] GC(315) Marking Phase 1038.555ms
[132.109s][info][gc,phases,start] GC(315) Summary Phase
[132.109s][info][gc,phases      ] GC(315) Summary Phase 0.089ms
[132.109s][info][gc,phases,start] GC(315) Adjust Roots
[132.109s][info][gc,phases      ] GC(315) Adjust Roots 0.463ms
[132.109s][info][gc,phases,start] GC(315) Compaction Phase
[133.176s][info][gc,phases      ] GC(315) Compaction Phase 1067.237ms
[133.176s][info][gc,phases,start] GC(315) Post Compact
[133.184s][info][gc,phases      ] GC(315) Post Compact 7.339ms
[133.184s][info][gc,heap        ] GC(315) PSYoungGen: 66560K(263680K)->66560K(263680K) Eden: 66560K(66560K)->66560K(66560K) From: 0K(197120K)->0K(197120K)
[133.184s][info][gc,heap        ] GC(315) ParOldGen: 3891199K(3891200K)->3891197K(3891200K)
[133.184s][info][gc,metaspace   ] GC(315) Metaspace: 6297K(6464K)->6297K(6464K) NonClass: 5763K(5824K)->5763K(5824K) Class: 533K(640K)->533K(640K)
[133.184s][info][gc             ] GC(315) Pause Full (Ergonomics) 3864M->3864M(4057M) 2114.203ms
[133.184s][info][gc,cpu         ] GC(315) User=14.55s Sys=0.03s Real=2.11s
[133.184s][info][gc,start       ] GC(316) Pause Full (Ergonomics)
[133.184s][info][gc,phases,start] GC(316) Marking Phase
[134.157s][info][gc,phases      ] GC(316) Marking Phase 972.365ms
[134.157s][info][gc,phases,start] GC(316) Summary Phase
[134.157s][info][gc,phases      ] GC(316) Summary Phase 0.086ms
[134.157s][info][gc,phases,start] GC(316) Adjust Roots
[134.157s][info][gc,phases      ] GC(316) Adjust Roots 0.355ms
[134.157s][info][gc,phases,start] GC(316) Compaction Phase
[135.171s][info][gc,phases      ] GC(316) Compaction Phase 1014.066ms
[135.171s][info][gc,phases,start] GC(316) Post Compact
[135.179s][info][gc,phases      ] GC(316) Post Compact 7.437ms
[135.179s][info][gc,heap        ] GC(316) PSYoungGen: 66560K(263680K)->66560K(263680K) Eden: 66560K(66560K)->66560K(66560K) From: 0K(197120K)->0K(197120K)
[135.179s][info][gc,heap        ] GC(316) ParOldGen: 3891197K(3891200K)->3891196K(3891200K)
[135.179s][info][gc,metaspace   ] GC(316) Metaspace: 6297K(6464K)->6297K(6464K) NonClass: 5763K(5824K)->5763K(5824K) Class: 533K(640K)->533K(640K)
[135.179s][info][gc             ] GC(316) Pause Full (Ergonomics) 3864M->3864M(4057M) 1994.753ms
[135.179s][info][gc,cpu         ] GC(316) User=14.44s Sys=0.00s Real=1.99s
[135.180s][info][gc,heap,exit   ] Heap
[135.180s][info][gc,heap,exit   ]  PSYoungGen      total 263680K, used 66560K [0x0000000789400000, 0x00000007a5d80000, 0x0000000800000000)
[135.180s][info][gc,heap,exit   ]   eden space 66560K, 100% used [0x0000000789400000,0x000000078d500000,0x000000078d500000)
[135.180s][info][gc,heap,exit   ]   from space 197120K, 0% used [0x0000000799580000,0x0000000799580000,0x00000007a5600000)
[135.180s][info][gc,heap,exit   ]   to   space 197120K, 0% used [0x000000078d500000,0x000000078d500000,0x0000000799580000)
[135.180s][info][gc,heap,exit   ]  ParOldGen       total 3891200K, used 3891197K [0x000000069bc00000, 0x0000000789400000, 0x0000000789400000)
[135.180s][info][gc,heap,exit   ]   object space 3891200K, 99% used [0x000000069bc00000,0x00000007893ff5e8,0x0000000789400000)
[135.180s][info][gc,heap,exit   ]  Metaspace       used 6300K, committed 6464K, reserved 1114112K
[135.180s][info][gc,heap,exit   ]   class space    used 534K, committed 640K, reserved 1048576K
