[0.013s][info][gc,init] CardTable entry size: 512
[0.013s][info][gc     ] Using Parallel
[0.014s][info][gc,init] Version: 18.0.1+10 (release)
[0.015s][info][gc,init] CPUs: 8 total, 8 available
[0.015s][info][gc,init] Memory: 16063M
[0.015s][info][gc,init] Large Page Support: Disabled
[0.015s][info][gc,init] NUMA Support: Disabled
[0.015s][info][gc,init] Compressed Oops: Enabled (Zero based)
[0.015s][info][gc,init] Alignments: Space 512K, Generation 512K, Heap 2M
[0.015s][info][gc,init] Heap Min Capacity: 2M
[0.015s][info][gc,init] Heap Initial Capacity: 2M
[0.015s][info][gc,init] Heap Max Capacity: 8000M
[0.015s][info][gc,init] Pre-touch: Disabled
[0.015s][info][gc,init] Parallel Workers: 8
[0.015s][info][gc,metaspace] CDS archive(s) not mapped
[0.015s][info][gc,metaspace] Compressed class space mapped at: 0x0000000800000000-0x0000000840000000, reserved size: 1073741824
[0.015s][info][gc,metaspace] Narrow klass base: 0x0000000800000000, Narrow klass shift: 0, Narrow klass range: 0x40000000
[0.119s][info][gc,start    ] GC(0) Pause Young (Allocation Failure)
[0.120s][info][gc,heap     ] GC(0) PSYoungGen: 512K(1024K)->480K(1024K) Eden: 512K(512K)->0K(512K) From: 0K(512K)->480K(512K)
[0.120s][info][gc,heap     ] GC(0) ParOldGen: 0K(512K)->8K(512K)
[0.120s][info][gc,metaspace] GC(0) Metaspace: 4228K(4352K)->4228K(4352K) NonClass: 3907K(3968K)->3907K(3968K) Class: 321K(384K)->321K(384K)
[0.120s][info][gc          ] GC(0) Pause Young (Allocation Failure) 0M->0M(1M) 1.308ms
[0.120s][info][gc,cpu      ] GC(0) User=0.00s Sys=0.00s Real=0.00s
[0.185s][info][gc,start    ] GC(1) Pause Young (Allocation Failure)
[0.186s][info][gc,heap     ] GC(1) PSYoungGen: 991K(1024K)->512K(1536K) Eden: 511K(512K)->0K(1024K) From: 480K(512K)->512K(512K)
[0.186s][info][gc,heap     ] GC(1) ParOldGen: 8K(512K)->88K(512K)
[0.186s][info][gc,metaspace] GC(1) Metaspace: 5876K(5952K)->5876K(5952K) NonClass: 5379K(5440K)->5379K(5440K) Class: 496K(512K)->496K(512K)
[0.186s][info][gc          ] GC(1) Pause Young (Allocation Failure) 0M->0M(2M) 1.197ms
[0.186s][info][gc,cpu      ] GC(1) User=0.00s Sys=0.00s Real=0.00s
[0.209s][info][gc,start    ] GC(2) Pause Young (Allocation Failure)
[0.210s][info][gc,heap     ] GC(2) PSYoungGen: 1536K(1536K)->512K(1536K) Eden: 1024K(1024K)->0K(1024K) From: 512K(512K)->512K(512K)
[0.210s][info][gc,heap     ] GC(2) ParOldGen: 88K(512K)->504K(512K)
[0.210s][info][gc,metaspace] GC(2) Metaspace: 6296K(6464K)->6296K(6464K) NonClass: 5762K(5824K)->5762K(5824K) Class: 533K(640K)->533K(640K)
[0.210s][info][gc          ] GC(2) Pause Young (Allocation Failure) 1M->0M(2M) 1.311ms
[0.210s][info][gc,cpu      ] GC(2) User=0.00s Sys=0.00s Real=0.00s
[0.210s][info][gc,start    ] GC(3) Pause Full (Ergonomics)
[0.210s][info][gc,phases,start] GC(3) Marking Phase
[0.211s][info][gc,phases      ] GC(3) Marking Phase 0.961ms
[0.211s][info][gc,phases,start] GC(3) Summary Phase
[0.211s][info][gc,phases      ] GC(3) Summary Phase 0.017ms
[0.211s][info][gc,phases,start] GC(3) Adjust Roots
[0.211s][info][gc,phases      ] GC(3) Adjust Roots 0.362ms
[0.211s][info][gc,phases,start] GC(3) Compaction Phase
[0.213s][info][gc,phases      ] GC(3) Compaction Phase 1.892ms
[0.213s][info][gc,phases,start] GC(3) Post Compact
[0.213s][info][gc,phases      ] GC(3) Post Compact 0.083ms
[0.214s][info][gc,heap        ] GC(3) PSYoungGen: 512K(1536K)->509K(1536K) Eden: 0K(1024K)->0K(1024K) From: 512K(512K)->509K(512K)
[0.214s][info][gc,heap        ] GC(3) ParOldGen: 504K(512K)->471K(2048K)
[0.214s][info][gc,metaspace   ] GC(3) Metaspace: 6296K(6464K)->6296K(6464K) NonClass: 5762K(5824K)->5762K(5824K) Class: 533K(640K)->533K(640K)
[0.214s][info][gc             ] GC(3) Pause Full (Ergonomics) 0M->0M(3M) 3.599ms
[0.214s][info][gc,cpu         ] GC(3) User=0.00s Sys=0.00s Real=0.00s
[0.215s][info][gc,start       ] GC(4) Pause Young (Allocation Failure)
[0.217s][info][gc,heap        ] GC(4) PSYoungGen: 1533K(1536K)->480K(2560K) Eden: 1024K(1024K)->0K(2048K) From: 509K(512K)->480K(512K)
[0.217s][info][gc,heap        ] GC(4) ParOldGen: 471K(2048K)->1035K(2048K)
[0.217s][info][gc,metaspace   ] GC(4) Metaspace: 6296K(6464K)->6296K(6464K) NonClass: 5762K(5824K)->5762K(5824K) Class: 533K(640K)->533K(640K)
[0.217s][info][gc             ] GC(4) Pause Young (Allocation Failure) 1M->1M(4M) 1.409ms
[0.217s][info][gc,cpu         ] GC(4) User=0.00s Sys=0.00s Real=0.00s
[0.220s][info][gc,start       ] GC(5) Pause Young (Allocation Failure)
[0.222s][info][gc,heap        ] GC(5) PSYoungGen: 2528K(2560K)->480K(2560K) Eden: 2048K(2048K)->0K(2048K) From: 480K(512K)->480K(512K)
[0.222s][info][gc,heap        ] GC(5) ParOldGen: 1035K(2048K)->2099K(2560K)
[0.222s][info][gc,metaspace   ] GC(5) Metaspace: 6296K(6464K)->6296K(6464K) NonClass: 5762K(5824K)->5762K(5824K) Class: 533K(640K)->533K(640K)
[0.222s][info][gc             ] GC(5) Pause Young (Allocation Failure) 3M->2M(5M) 2.026ms
[0.222s][info][gc,cpu         ] GC(5) User=0.00s Sys=0.00s Real=0.00s
[0.222s][info][gc,start       ] GC(6) Pause Full (Ergonomics)
[0.222s][info][gc,phases,start] GC(6) Marking Phase
[0.224s][info][gc,phases      ] GC(6) Marking Phase 1.663ms
[0.224s][info][gc,phases,start] GC(6) Summary Phase
[0.224s][info][gc,phases      ] GC(6) Summary Phase 0.016ms
[0.224s][info][gc,phases,start] GC(6) Adjust Roots
[0.224s][info][gc,phases      ] GC(6) Adjust Roots 0.359ms
[0.224s][info][gc,phases,start] GC(6) Compaction Phase
[0.227s][info][gc,phases      ] GC(6) Compaction Phase 2.501ms
[0.227s][info][gc,phases,start] GC(6) Post Compact
[0.227s][info][gc,phases      ] GC(6) Post Compact 0.035ms
[0.227s][info][gc,heap        ] GC(6) PSYoungGen: 480K(2560K)->0K(4096K) Eden: 0K(2048K)->0K(3072K) From: 480K(512K)->0K(1024K)
[0.227s][info][gc,heap        ] GC(6) ParOldGen: 2099K(2560K)->2542K(6144K)
[0.227s][info][gc,metaspace   ] GC(6) Metaspace: 6296K(6464K)->6296K(6464K) NonClass: 5762K(5824K)->5762K(5824K) Class: 533K(640K)->533K(640K)
[0.227s][info][gc             ] GC(6) Pause Full (Ergonomics) 2M->2M(10M) 4.962ms
[0.227s][info][gc,cpu         ] GC(6) User=0.00s Sys=0.00s Real=0.01s
[0.233s][info][gc,start       ] GC(7) Pause Young (Allocation Failure)
[0.235s][info][gc,heap        ] GC(7) PSYoungGen: 3072K(4096K)->1696K(5120K) Eden: 3072K(3072K)->0K(3072K) From: 0K(1024K)->1696K(2048K)
[0.235s][info][gc,heap        ] GC(7) ParOldGen: 2542K(6144K)->2542K(6144K)
[0.235s][info][gc,metaspace   ] GC(7) Metaspace: 6296K(6464K)->6296K(6464K) NonClass: 5762K(5824K)->5762K(5824K) Class: 533K(640K)->533K(640K)
[0.235s][info][gc             ] GC(7) Pause Young (Allocation Failure) 5M->4M(11M) 2.313ms
[0.235s][info][gc,cpu         ] GC(7) User=0.00s Sys=0.00s Real=0.00s
[0.240s][info][gc,start       ] GC(8) Pause Young (Allocation Failure)
[0.243s][info][gc,heap        ] GC(8) PSYoungGen: 4768K(5120K)->2016K(5632K) Eden: 3072K(3072K)->0K(3584K) From: 1696K(2048K)->2016K(2048K)
[0.243s][info][gc,heap        ] GC(8) ParOldGen: 2542K(6144K)->3774K(6144K)
[0.243s][info][gc,metaspace   ] GC(8) Metaspace: 6296K(6464K)->6296K(6464K) NonClass: 5762K(5824K)->5762K(5824K) Class: 533K(640K)->533K(640K)
[0.243s][info][gc             ] GC(8) Pause Young (Allocation Failure) 7M->5M(11M) 3.030ms
[0.243s][info][gc,cpu         ] GC(8) User=0.00s Sys=0.00s Real=0.00s
[0.249s][info][gc,start       ] GC(9) Pause Young (Allocation Failure)
[0.254s][info][gc,heap        ] GC(9) PSYoungGen: 5600K(5632K)->3040K(6656K) Eden: 3584K(3584K)->0K(3584K) From: 2016K(2048K)->3040K(3072K)
[0.254s][info][gc,heap        ] GC(9) ParOldGen: 3774K(6144K)->4614K(6144K)
[0.254s][info][gc,metaspace   ] GC(9) Metaspace: 6296K(6464K)->6296K(6464K) NonClass: 5762K(5824K)->5762K(5824K) Class: 533K(640K)->533K(640K)
[0.254s][info][gc             ] GC(9) Pause Young (Allocation Failure) 9M->7M(12M) 4.873ms
[0.254s][info][gc,cpu         ] GC(9) User=0.00s Sys=0.00s Real=0.00s
[0.258s][info][gc,start       ] GC(10) Pause Young (Allocation Failure)
[0.263s][info][gc,heap        ] GC(10) PSYoungGen: 6624K(6656K)->4064K(8704K) Eden: 3584K(3584K)->0K(4608K) From: 3040K(3072K)->4064K(4096K)
[0.263s][info][gc,heap        ] GC(10) ParOldGen: 4614K(6144K)->5454K(6144K)
[0.263s][info][gc,metaspace   ] GC(10) Metaspace: 6296K(6464K)->6296K(6464K) NonClass: 5762K(5824K)->5762K(5824K) Class: 533K(640K)->533K(640K)
[0.263s][info][gc             ] GC(10) Pause Young (Allocation Failure) 10M->9M(14M) 4.925ms
[0.263s][info][gc,cpu         ] GC(10) User=0.00s Sys=0.00s Real=0.01s
[0.263s][info][gc,start       ] GC(11) Pause Full (Ergonomics)
[0.263s][info][gc,phases,start] GC(11) Marking Phase
[0.269s][info][gc,phases      ] GC(11) Marking Phase 5.355ms
[0.269s][info][gc,phases,start] GC(11) Summary Phase
[0.269s][info][gc,phases      ] GC(11) Summary Phase 0.017ms
[0.269s][info][gc,phases,start] GC(11) Adjust Roots
[0.269s][info][gc,phases      ] GC(11) Adjust Roots 0.386ms
[0.269s][info][gc,phases,start] GC(11) Compaction Phase
[0.276s][info][gc,phases      ] GC(11) Compaction Phase 6.976ms
[0.276s][info][gc,phases,start] GC(11) Post Compact
[0.276s][info][gc,phases      ] GC(11) Post Compact 0.067ms
[0.276s][info][gc,heap        ] GC(11) PSYoungGen: 4064K(8704K)->3545K(8704K) Eden: 0K(4608K)->0K(4608K) From: 4064K(4096K)->3545K(4096K)
[0.277s][info][gc,heap        ] GC(11) ParOldGen: 5454K(6144K)->5831K(10752K)
[0.277s][info][gc,metaspace   ] GC(11) Metaspace: 6296K(6464K)->6296K(6464K) NonClass: 5762K(5824K)->5762K(5824K) Class: 533K(640K)->533K(640K)
[0.277s][info][gc             ] GC(11) Pause Full (Ergonomics) 9M->9M(19M) 13.256ms
[0.277s][info][gc,cpu         ] GC(11) User=0.00s Sys=0.00s Real=0.01s
[0.282s][info][gc,start       ] GC(12) Pause Young (Allocation Failure)
[0.285s][info][gc,heap        ] GC(12) PSYoungGen: 8013K(8704K)->5088K(9728K) Eden: 4468K(4608K)->0K(4608K) From: 3545K(4096K)->5088K(5120K)
[0.286s][info][gc,heap        ] GC(12) ParOldGen: 5831K(10752K)->6615K(10752K)
[0.286s][info][gc,metaspace   ] GC(12) Metaspace: 6296K(6464K)->6296K(6464K) NonClass: 5762K(5824K)->5762K(5824K) Class: 533K(640K)->533K(640K)
[0.286s][info][gc             ] GC(12) Pause Young (Allocation Failure) 13M->11M(20M) 3.913ms
[0.286s][info][gc,cpu         ] GC(12) User=0.00s Sys=0.00s Real=0.00s
[0.292s][info][gc,start       ] GC(13) Pause Young (Allocation Failure)
[0.298s][info][gc,heap        ] GC(13) PSYoungGen: 9696K(9728K)->6112K(11264K) Eden: 4608K(4608K)->0K(5120K) From: 5088K(5120K)->6112K(6144K)
[0.298s][info][gc,heap        ] GC(13) ParOldGen: 6615K(10752K)->7991K(10752K)
[0.298s][info][gc,metaspace   ] GC(13) Metaspace: 6296K(6464K)->6296K(6464K) NonClass: 5762K(5824K)->5762K(5824K) Class: 533K(640K)->533K(640K)
[0.298s][info][gc             ] GC(13) Pause Young (Allocation Failure) 15M->13M(21M) 6.364ms
[0.298s][info][gc,cpu         ] GC(13) User=0.00s Sys=0.00s Real=0.01s
[0.303s][info][gc,start       ] GC(14) Pause Young (Allocation Failure)
[0.309s][info][gc,heap        ] GC(14) PSYoungGen: 11232K(11264K)->5248K(12800K) Eden: 5120K(5120K)->0K(5120K) From: 6112K(6144K)->5248K(7680K)
[0.309s][info][gc,heap        ] GC(14) ParOldGen: 7991K(10752K)->11575K(11776K)
[0.309s][info][gc,metaspace   ] GC(14) Metaspace: 6298K(6464K)->6298K(6464K) NonClass: 5764K(5824K)->5764K(5824K) Class: 533K(640K)->533K(640K)
[0.309s][info][gc             ] GC(14) Pause Young (Allocation Failure) 18M->16M(24M) 6.002ms
[0.309s][info][gc,cpu         ] GC(14) User=0.00s Sys=0.00s Real=0.01s
[0.309s][info][gc,start       ] GC(15) Pause Full (Ergonomics)
[0.309s][info][gc,phases,start] GC(15) Marking Phase
[0.317s][info][gc,phases      ] GC(15) Marking Phase 7.899ms
[0.317s][info][gc,phases,start] GC(15) Summary Phase
[0.317s][info][gc,phases      ] GC(15) Summary Phase 0.017ms
[0.317s][info][gc,phases,start] GC(15) Adjust Roots
[0.317s][info][gc,phases      ] GC(15) Adjust Roots 0.213ms
[0.317s][info][gc,phases,start] GC(15) Compaction Phase
[0.324s][info][gc,phases      ] GC(15) Compaction Phase 6.565ms
[0.324s][info][gc,phases,start] GC(15) Post Compact
[0.324s][info][gc,phases      ] GC(15) Post Compact 0.079ms
[0.324s][info][gc,heap        ] GC(15) PSYoungGen: 5248K(12800K)->5191K(12800K) Eden: 0K(5120K)->0K(5120K) From: 5248K(7680K)->5191K(7680K)
[0.324s][info][gc,heap        ] GC(15) ParOldGen: 11575K(11776K)->11459K(18432K)
[0.324s][info][gc,metaspace   ] GC(15) Metaspace: 6298K(6464K)->6298K(6464K) NonClass: 5764K(5824K)->5764K(5824K) Class: 533K(640K)->533K(640K)
[0.324s][info][gc             ] GC(15) Pause Full (Ergonomics) 16M->16M(30M) 15.121ms
[0.324s][info][gc,cpu         ] GC(15) User=0.02s Sys=0.00s Real=0.01s
[0.328s][info][gc,start       ] GC(16) Pause Young (Allocation Failure)
[0.334s][info][gc,heap        ] GC(16) PSYoungGen: 10311K(12800K)->2688K(14336K) Eden: 5120K(5120K)->0K(7168K) From: 5191K(7680K)->2688K(7168K)
[0.334s][info][gc,heap        ] GC(16) ParOldGen: 11459K(18432K)->16731K(18432K)
[0.334s][info][gc,metaspace   ] GC(16) Metaspace: 6298K(6464K)->6298K(6464K) NonClass: 5764K(5824K)->5764K(5824K) Class: 533K(640K)->533K(640K)
[0.334s][info][gc             ] GC(16) Pause Young (Allocation Failure) 21M->18M(32M) 6.287ms
[0.334s][info][gc,cpu         ] GC(16) User=0.00s Sys=0.00s Real=0.01s
[0.334s][info][gc,start       ] GC(17) Pause Full (Ergonomics)
[0.334s][info][gc,phases,start] GC(17) Marking Phase
[0.343s][info][gc,phases      ] GC(17) Marking Phase 8.992ms
[0.343s][info][gc,phases,start] GC(17) Summary Phase
[0.343s][info][gc,phases      ] GC(17) Summary Phase 0.019ms
[0.343s][info][gc,phases,start] GC(17) Adjust Roots
[0.344s][info][gc,phases      ] GC(17) Adjust Roots 0.237ms
[0.344s][info][gc,phases,start] GC(17) Compaction Phase
[0.350s][info][gc,phases      ] GC(17) Compaction Phase 6.194ms
[0.350s][info][gc,phases,start] GC(17) Post Compact
[0.350s][info][gc,phases      ] GC(17) Post Compact 0.073ms
[0.350s][info][gc,heap        ] GC(17) PSYoungGen: 2688K(14336K)->1105K(14848K) Eden: 0K(7168K)->0K(7680K) From: 2688K(7168K)->1105K(7168K)
[0.350s][info][gc,heap        ] GC(17) ParOldGen: 16731K(18432K)->18183K(27648K)
[0.350s][info][gc,metaspace   ] GC(17) Metaspace: 6298K(6464K)->6298K(6464K) NonClass: 5764K(5824K)->5764K(5824K) Class: 533K(640K)->533K(640K)
[0.350s][info][gc             ] GC(17) Pause Full (Ergonomics) 18M->18M(41M) 15.854ms
[0.350s][info][gc,cpu         ] GC(17) User=0.00s Sys=0.00s Real=0.01s
[0.355s][info][gc,start       ] GC(18) Pause Young (Allocation Failure)
[0.360s][info][gc,heap        ] GC(18) PSYoungGen: 7799K(14848K)->3456K(15360K) Eden: 6694K(7680K)->0K(7680K) From: 1105K(7168K)->3456K(7680K)
[0.360s][info][gc,heap        ] GC(18) ParOldGen: 18183K(27648K)->19319K(27648K)
[0.360s][info][gc,metaspace   ] GC(18) Metaspace: 6298K(6464K)->6298K(6464K) NonClass: 5764K(5824K)->5764K(5824K) Class: 533K(640K)->533K(640K)
[0.360s][info][gc             ] GC(18) Pause Young (Allocation Failure) 25M->22M(42M) 5.485ms
[0.360s][info][gc,cpu         ] GC(18) User=0.00s Sys=0.00s Real=0.00s
[0.370s][info][gc,start       ] GC(19) Pause Young (Allocation Failure)
[0.377s][info][gc,heap        ] GC(19) PSYoungGen: 11135K(15360K)->4512K(17920K) Eden: 7679K(7680K)->0K(10240K) From: 3456K(7680K)->4512K(7680K)
[0.377s][info][gc,heap        ] GC(19) ParOldGen: 19319K(27648K)->22775K(27648K)
[0.377s][info][gc,metaspace   ] GC(19) Metaspace: 6298K(6464K)->6298K(6464K) NonClass: 5764K(5824K)->5764K(5824K) Class: 533K(640K)->533K(640K)
[0.377s][info][gc             ] GC(19) Pause Young (Allocation Failure) 29M->26M(44M) 7.290ms
[0.377s][info][gc,cpu         ] GC(19) User=0.00s Sys=0.00s Real=0.01s
[0.385s][info][gc,start       ] GC(20) Pause Young (Allocation Failure)
[0.392s][info][gc,heap        ] GC(20) PSYoungGen: 14752K(17920K)->5344K(17920K) Eden: 10240K(10240K)->0K(10240K) From: 4512K(7680K)->5344K(7680K)
[0.392s][info][gc,heap        ] GC(20) ParOldGen: 22775K(27648K)->27295K(27648K)
[0.392s][info][gc,metaspace   ] GC(20) Metaspace: 6298K(6464K)->6298K(6464K) NonClass: 5764K(5824K)->5764K(5824K) Class: 533K(640K)->533K(640K)
[0.392s][info][gc             ] GC(20) Pause Young (Allocation Failure) 36M->31M(44M) 7.373ms
[0.392s][info][gc,cpu         ] GC(20) User=0.00s Sys=0.00s Real=0.01s
[0.392s][info][gc,start       ] GC(21) Pause Full (Ergonomics)
[0.392s][info][gc,phases,start] GC(21) Marking Phase
[0.406s][info][gc,phases      ] GC(21) Marking Phase 14.271ms
[0.406s][info][gc,phases,start] GC(21) Summary Phase
[0.407s][info][gc,phases      ] GC(21) Summary Phase 0.017ms
[0.407s][info][gc,phases,start] GC(21) Adjust Roots
[0.407s][info][gc,phases      ] GC(21) Adjust Roots 0.186ms
[0.407s][info][gc,phases,start] GC(21) Compaction Phase
[0.420s][info][gc,phases      ] GC(21) Compaction Phase 13.350ms
[0.420s][info][gc,phases,start] GC(21) Post Compact
[0.420s][info][gc,phases      ] GC(21) Post Compact 0.102ms
[0.420s][info][gc,heap        ] GC(21) PSYoungGen: 5344K(17920K)->4779K(17920K) Eden: 0K(10240K)->0K(10240K) From: 5344K(7680K)->4779K(7680K)
[0.420s][info][gc,heap        ] GC(21) ParOldGen: 27295K(27648K)->27139K(38912K)
[0.420s][info][gc,metaspace   ] GC(21) Metaspace: 6298K(6464K)->6298K(6464K) NonClass: 5764K(5824K)->5764K(5824K) Class: 533K(640K)->533K(640K)
[0.421s][info][gc             ] GC(21) Pause Full (Ergonomics) 31M->31M(55M) 28.440ms
[0.421s][info][gc,cpu         ] GC(21) User=0.03s Sys=0.00s Real=0.03s
[0.430s][info][gc,start       ] GC(22) Pause Young (Allocation Failure)
[0.443s][info][gc,heap        ] GC(22) PSYoungGen: 15019K(17920K)->8192K(17920K) Eden: 10240K(10240K)->0K(9728K) From: 4779K(7680K)->8192K(8192K)
[0.443s][info][gc,heap        ] GC(22) ParOldGen: 27139K(38912K)->32963K(38912K)
[0.443s][info][gc,metaspace   ] GC(22) Metaspace: 6298K(6464K)->6298K(6464K) NonClass: 5764K(5824K)->5764K(5824K) Class: 533K(640K)->533K(640K)
[0.443s][info][gc             ] GC(22) Pause Young (Allocation Failure) 41M->40M(55M) 12.536ms
[0.443s][info][gc,cpu         ] GC(22) User=0.00s Sys=0.00s Real=0.01s
[0.443s][info][gc,start       ] GC(23) Pause Full (Ergonomics)
[0.443s][info][gc,phases,start] GC(23) Marking Phase
[0.460s][info][gc,phases      ] GC(23) Marking Phase 16.723ms
[0.460s][info][gc,phases,start] GC(23) Summary Phase
[0.460s][info][gc,phases      ] GC(23) Summary Phase 0.019ms
[0.460s][info][gc,phases,start] GC(23) Adjust Roots
[0.460s][info][gc,phases      ] GC(23) Adjust Roots 0.163ms
[0.460s][info][gc,phases,start] GC(23) Compaction Phase
[0.470s][info][gc,phases      ] GC(23) Compaction Phase 10.407ms
[0.470s][info][gc,phases,start] GC(23) Post Compact
[0.471s][info][gc,phases      ] GC(23) Post Compact 0.181ms
[0.471s][info][gc,heap        ] GC(23) PSYoungGen: 8192K(17920K)->2555K(17920K) Eden: 0K(9728K)->0K(9728K) From: 8192K(8192K)->2555K(8192K)
[0.471s][info][gc,heap        ] GC(23) ParOldGen: 32963K(38912K)->38488K(52736K)
[0.471s][info][gc,metaspace   ] GC(23) Metaspace: 6298K(6464K)->6298K(6464K) NonClass: 5764K(5824K)->5764K(5824K) Class: 533K(640K)->533K(640K)
[0.471s][info][gc             ] GC(23) Pause Full (Ergonomics) 40M->40M(69M) 27.866ms
[0.471s][info][gc,cpu         ] GC(23) User=0.00s Sys=0.00s Real=0.03s
[0.487s][info][gc,start       ] GC(24) Pause Young (Allocation Failure)
[0.497s][info][gc,heap        ] GC(24) PSYoungGen: 12283K(17920K)->9728K(20992K) Eden: 9728K(9728K)->0K(9728K) From: 2555K(8192K)->9728K(11264K)
[0.497s][info][gc,heap        ] GC(24) ParOldGen: 38488K(52736K)->41088K(52736K)
[0.497s][info][gc,metaspace   ] GC(24) Metaspace: 6298K(6464K)->6298K(6464K) NonClass: 5764K(5824K)->5764K(5824K) Class: 533K(640K)->533K(640K)
[0.497s][info][gc             ] GC(24) Pause Young (Allocation Failure) 49M->49M(72M) 10.363ms
[0.497s][info][gc,cpu         ] GC(24) User=0.00s Sys=0.00s Real=0.01s
[0.507s][info][gc,start       ] GC(25) Pause Young (Allocation Failure)
[0.521s][info][gc,heap        ] GC(25) PSYoungGen: 19456K(20992K)->12768K(19968K) Eden: 9728K(9728K)->0K(7168K) From: 9728K(11264K)->12768K(12800K)
[0.521s][info][gc,heap        ] GC(25) ParOldGen: 41088K(52736K)->47864K(52736K)
[0.521s][info][gc,metaspace   ] GC(25) Metaspace: 6298K(6464K)->6298K(6464K) NonClass: 5764K(5824K)->5764K(5824K) Class: 533K(640K)->533K(640K)
[0.521s][info][gc             ] GC(25) Pause Young (Allocation Failure) 59M->59M(71M) 14.199ms
[0.522s][info][gc,cpu         ] GC(25) User=0.02s Sys=0.00s Real=0.01s
[0.522s][info][gc,start       ] GC(26) Pause Full (Ergonomics)
[0.522s][info][gc,phases,start] GC(26) Marking Phase
[0.545s][info][gc,phases      ] GC(26) Marking Phase 23.393ms
[0.545s][info][gc,phases,start] GC(26) Summary Phase
[0.545s][info][gc,phases      ] GC(26) Summary Phase 0.016ms
[0.545s][info][gc,phases,start] GC(26) Adjust Roots
[0.545s][info][gc,phases      ] GC(26) Adjust Roots 0.159ms
[0.545s][info][gc,phases,start] GC(26) Compaction Phase
[0.566s][info][gc,phases      ] GC(26) Compaction Phase 20.355ms
[0.566s][info][gc,phases,start] GC(26) Post Compact
[0.566s][info][gc,phases      ] GC(26) Post Compact 0.212ms
[0.566s][info][gc,heap        ] GC(26) PSYoungGen: 12768K(19968K)->7122K(19968K) Eden: 0K(7168K)->0K(7168K) From: 12768K(12800K)->7122K(12800K)
[0.566s][info][gc,heap        ] GC(26) ParOldGen: 47864K(52736K)->52300K(69120K)
[0.566s][info][gc,metaspace   ] GC(26) Metaspace: 6298K(6464K)->6298K(6464K) NonClass: 5764K(5824K)->5764K(5824K) Class: 533K(640K)->533K(640K)
[0.566s][info][gc             ] GC(26) Pause Full (Ergonomics) 59M->58M(87M) 44.542ms
[0.566s][info][gc,cpu         ] GC(26) User=0.03s Sys=0.00s Real=0.05s
[0.573s][info][gc,start       ] GC(27) Pause Young (Allocation Failure)
[0.588s][info][gc,heap        ] GC(27) PSYoungGen: 14290K(19968K)->7200K(24576K) Eden: 7168K(7168K)->0K(7168K) From: 7122K(12800K)->7200K(17408K)
[0.588s][info][gc,heap        ] GC(27) ParOldGen: 52300K(69120K)->59540K(69120K)
[0.588s][info][gc,metaspace   ] GC(27) Metaspace: 6298K(6464K)->6298K(6464K) NonClass: 5764K(5824K)->5764K(5824K) Class: 533K(640K)->533K(640K)
[0.588s][info][gc             ] GC(27) Pause Young (Allocation Failure) 65M->65M(91M) 14.495ms
[0.588s][info][gc,cpu         ] GC(27) User=0.00s Sys=0.00s Real=0.02s
[0.595s][info][gc,start       ] GC(28) Pause Young (Allocation Failure)
[0.605s][info][gc,heap        ] GC(28) PSYoungGen: 14368K(24576K)->14336K(23040K) Eden: 7168K(7168K)->0K(6656K) From: 7200K(17408K)->14336K(16384K)
[0.605s][info][gc,heap        ] GC(28) ParOldGen: 59540K(69120K)->59540K(69120K)
[0.605s][info][gc,metaspace   ] GC(28) Metaspace: 6298K(6464K)->6298K(6464K) NonClass: 5764K(5824K)->5764K(5824K) Class: 533K(640K)->533K(640K)
[0.605s][info][gc             ] GC(28) Pause Young (Allocation Failure) 72M->72M(90M) 10.169ms
[0.605s][info][gc,cpu         ] GC(28) User=0.00s Sys=0.00s Real=0.01s
[0.613s][info][gc,start       ] GC(29) Pause Young (Allocation Failure)
[0.627s][info][gc,heap        ] GC(29) PSYoungGen: 20992K(23040K)->13824K(25088K) Eden: 6656K(6656K)->0K(6656K) From: 14336K(16384K)->13824K(18432K)
[0.627s][info][gc,heap        ] GC(29) ParOldGen: 59540K(69120K)->66796K(69120K)
[0.627s][info][gc,metaspace   ] GC(29) Metaspace: 6298K(6464K)->6298K(6464K) NonClass: 5764K(5824K)->5764K(5824K) Class: 533K(640K)->533K(640K)
[0.627s][info][gc             ] GC(29) Pause Young (Allocation Failure) 78M->78M(92M) 13.954ms
[0.627s][info][gc,cpu         ] GC(29) User=0.00s Sys=0.00s Real=0.01s
[0.627s][info][gc,start       ] GC(30) Pause Full (Ergonomics)
[0.627s][info][gc,phases,start] GC(30) Marking Phase
[0.658s][info][gc,phases      ] GC(30) Marking Phase 30.792ms
[0.658s][info][gc,phases,start] GC(30) Summary Phase
[0.658s][info][gc,phases      ] GC(30) Summary Phase 0.017ms
[0.658s][info][gc,phases,start] GC(30) Adjust Roots
[0.658s][info][gc,phases      ] GC(30) Adjust Roots 0.167ms
[0.658s][info][gc,phases,start] GC(30) Compaction Phase
[0.677s][info][gc,phases      ] GC(30) Compaction Phase 19.036ms
[0.677s][info][gc,phases,start] GC(30) Post Compact
[0.677s][info][gc,phases      ] GC(30) Post Compact 0.370ms
[0.678s][info][gc,heap        ] GC(30) PSYoungGen: 13824K(25088K)->11209K(25088K) Eden: 0K(6656K)->0K(6656K) From: 13824K(18432K)->11209K(18432K)
[0.678s][info][gc,heap        ] GC(30) ParOldGen: 66796K(69120K)->69117K(89600K)
[0.678s][info][gc,metaspace   ] GC(30) Metaspace: 6298K(6464K)->6298K(6464K) NonClass: 5764K(5824K)->5764K(5824K) Class: 533K(640K)->533K(640K)
[0.678s][info][gc             ] GC(30) Pause Full (Ergonomics) 78M->78M(112M) 50.828ms
[0.678s][info][gc,cpu         ] GC(30) User=0.06s Sys=0.00s Real=0.05s
[0.685s][info][gc,start       ] GC(31) Pause Young (Allocation Failure)
[0.702s][info][gc,heap        ] GC(31) PSYoungGen: 17865K(25088K)->11968K(27648K) Eden: 6656K(6656K)->0K(8192K) From: 11209K(18432K)->11968K(19456K)
[0.703s][info][gc,heap        ] GC(31) ParOldGen: 69117K(89600K)->75157K(89600K)
[0.703s][info][gc,metaspace   ] GC(31) Metaspace: 6298K(6464K)->6298K(6464K) NonClass: 5764K(5824K)->5764K(5824K) Class: 533K(640K)->533K(640K)
[0.703s][info][gc             ] GC(31) Pause Young (Allocation Failure) 84M->85M(114M) 17.817ms
[0.703s][info][gc,cpu         ] GC(31) User=0.02s Sys=0.00s Real=0.02s
[0.720s][info][gc,start       ] GC(32) Pause Young (Allocation Failure)
[0.733s][info][gc,heap        ] GC(32) PSYoungGen: 20160K(27648K)->14880K(28160K) Eden: 8192K(8192K)->0K(8192K) From: 11968K(19456K)->14880K(19968K)
[0.733s][info][gc,heap        ] GC(32) ParOldGen: 75157K(89600K)->80517K(89600K)
[0.733s][info][gc,metaspace   ] GC(32) Metaspace: 6298K(6464K)->6298K(6464K) NonClass: 5764K(5824K)->5764K(5824K) Class: 533K(640K)->533K(640K)
[0.733s][info][gc             ] GC(32) Pause Young (Allocation Failure) 93M->93M(115M) 13.701ms
[0.733s][info][gc,cpu         ] GC(32) User=0.00s Sys=0.00s Real=0.01s
[0.733s][info][gc,start       ] GC(33) Pause Full (Ergonomics)
[0.733s][info][gc,phases,start] GC(33) Marking Phase
[0.774s][info][gc,phases      ] GC(33) Marking Phase 40.803ms
[0.774s][info][gc,phases,start] GC(33) Summary Phase
[0.774s][info][gc,phases      ] GC(33) Summary Phase 0.020ms
[0.774s][info][gc,phases,start] GC(33) Adjust Roots
[0.775s][info][gc,phases      ] GC(33) Adjust Roots 0.167ms
[0.775s][info][gc,phases,start] GC(33) Compaction Phase
[0.803s][info][gc,phases      ] GC(33) Compaction Phase 28.675ms
[0.803s][info][gc,phases,start] GC(33) Post Compact
[0.804s][info][gc,phases      ] GC(33) Post Compact 0.363ms
[0.804s][info][gc,heap        ] GC(33) PSYoungGen: 14880K(28160K)->3553K(28160K) Eden: 0K(8192K)->0K(8192K) From: 14880K(19968K)->3553K(19968K)
[0.804s][info][gc,heap        ] GC(33) ParOldGen: 80517K(89600K)->89528K(112128K)
[0.804s][info][gc,metaspace   ] GC(33) Metaspace: 6298K(6464K)->6298K(6464K) NonClass: 5764K(5824K)->5764K(5824K) Class: 533K(640K)->533K(640K)
[0.804s][info][gc             ] GC(33) Pause Full (Ergonomics) 93M->90M(137M) 70.509ms
[0.804s][info][gc,cpu         ] GC(33) User=0.08s Sys=0.02s Real=0.07s
[0.812s][info][gc,start       ] GC(34) Pause Young (Allocation Failure)
[0.824s][info][gc,heap        ] GC(34) PSYoungGen: 11745K(28160K)->10176K(29184K) Eden: 8192K(8192K)->0K(9728K) From: 3553K(19968K)->10176K(19456K)
[0.824s][info][gc,heap        ] GC(34) ParOldGen: 89528K(112128K)->91176K(112128K)
[0.824s][info][gc,metaspace   ] GC(34) Metaspace: 6298K(6464K)->6298K(6464K) NonClass: 5764K(5824K)->5764K(5824K) Class: 533K(640K)->533K(640K)
[0.824s][info][gc             ] GC(34) Pause Young (Allocation Failure) 98M->98M(138M) 12.653ms
[0.824s][info][gc,cpu         ] GC(34) User=0.00s Sys=0.00s Real=0.01s
[0.833s][info][gc,start       ] GC(35) Pause Young (Allocation Failure)
[0.843s][info][gc,heap        ] GC(35) PSYoungGen: 19904K(29184K)->19904K(30208K) Eden: 9728K(9728K)->0K(9728K) From: 10176K(19456K)->19904K(20480K)
[0.843s][info][gc,heap        ] GC(35) ParOldGen: 91176K(112128K)->91176K(112128K)
[0.843s][info][gc,metaspace   ] GC(35) Metaspace: 6298K(6464K)->6298K(6464K) NonClass: 5764K(5824K)->5764K(5824K) Class: 533K(640K)->533K(640K)
[0.843s][info][gc             ] GC(35) Pause Young (Allocation Failure) 108M->108M(139M) 10.160ms
[0.843s][info][gc,cpu         ] GC(35) User=0.00s Sys=0.00s Real=0.01s
[0.852s][info][gc,start       ] GC(36) Pause Young (Allocation Failure)
[0.868s][info][gc,heap        ] GC(36) PSYoungGen: 29632K(30208K)->23552K(29184K) Eden: 9728K(9728K)->0K(5632K) From: 19904K(20480K)->23552K(23552K)
[0.868s][info][gc,heap        ] GC(36) ParOldGen: 91176K(112128K)->97272K(112128K)
[0.868s][info][gc,metaspace   ] GC(36) Metaspace: 6298K(6464K)->6298K(6464K) NonClass: 5764K(5824K)->5764K(5824K) Class: 533K(640K)->533K(640K)
[0.868s][info][gc             ] GC(36) Pause Young (Allocation Failure) 117M->117M(138M) 16.150ms
[0.868s][info][gc,cpu         ] GC(36) User=0.02s Sys=0.00s Real=0.02s
[0.874s][info][gc,start       ] GC(37) Pause Young (Allocation Failure)
[0.887s][info][gc,heap        ] GC(37) PSYoungGen: 29184K(29184K)->19808K(34816K) Eden: 5632K(5632K)->0K(5632K) From: 23552K(23552K)->19808K(29184K)
[0.887s][info][gc,heap        ] GC(37) ParOldGen: 97272K(112128K)->106824K(112128K)
[0.887s][info][gc,metaspace   ] GC(37) Metaspace: 6298K(6464K)->6298K(6464K) NonClass: 5764K(5824K)->5764K(5824K) Class: 533K(640K)->533K(640K)
[0.887s][info][gc             ] GC(37) Pause Young (Allocation Failure) 123M->123M(143M) 13.794ms
[0.887s][info][gc,cpu         ] GC(37) User=0.02s Sys=0.00s Real=0.01s
[0.888s][info][gc,start       ] GC(38) Pause Full (Ergonomics)
[0.888s][info][gc,phases,start] GC(38) Marking Phase
[0.920s][info][gc,phases      ] GC(38) Marking Phase 32.015ms
[0.920s][info][gc,phases,start] GC(38) Summary Phase
[0.920s][info][gc,phases      ] GC(38) Summary Phase 0.020ms
[0.920s][info][gc,phases,start] GC(38) Adjust Roots
[0.920s][info][gc,phases      ] GC(38) Adjust Roots 0.148ms
[0.920s][info][gc,phases,start] GC(38) Compaction Phase
[0.938s][info][gc,phases      ] GC(38) Compaction Phase 18.509ms
[0.939s][info][gc,phases,start] GC(38) Post Compact
[0.939s][info][gc,phases      ] GC(38) Post Compact 0.553ms
[0.939s][info][gc,heap        ] GC(38) PSYoungGen: 19808K(34816K)->14603K(34816K) Eden: 0K(5632K)->0K(5632K) From: 19808K(29184K)->14603K(29184K)
[0.939s][info][gc,heap        ] GC(38) ParOldGen: 106824K(112128K)->111627K(137728K)
[0.939s][info][gc,metaspace   ] GC(38) Metaspace: 6298K(6464K)->6298K(6464K) NonClass: 5764K(5824K)->5764K(5824K) Class: 533K(640K)->533K(640K)
[0.939s][info][gc             ] GC(38) Pause Full (Ergonomics) 123M->123M(168M) 51.698ms
[0.939s][info][gc,cpu         ] GC(38) User=0.09s Sys=0.00s Real=0.05s
[0.945s][info][gc,start       ] GC(39) Pause Young (Allocation Failure)
[0.961s][info][gc,heap        ] GC(39) PSYoungGen: 20235K(34816K)->10144K(35328K) Eden: 5632K(5632K)->0K(7168K) From: 14603K(29184K)->10144K(28160K)
[0.961s][info][gc,heap        ] GC(39) ParOldGen: 111627K(137728K)->121939K(137728K)
[0.961s][info][gc,metaspace   ] GC(39) Metaspace: 6298K(6464K)->6298K(6464K) NonClass: 5764K(5824K)->5764K(5824K) Class: 533K(640K)->533K(640K)
[0.961s][info][gc             ] GC(39) Pause Young (Allocation Failure) 128M->128M(169M) 16.881ms
[0.961s][info][gc,cpu         ] GC(39) User=0.02s Sys=0.00s Real=0.02s
[0.968s][info][gc,start       ] GC(40) Pause Young (Allocation Failure)
[0.977s][info][gc,heap        ] GC(40) PSYoungGen: 17312K(35328K)->12832K(36352K) Eden: 7168K(7168K)->0K(7168K) From: 10144K(28160K)->12832K(29184K)
[0.977s][info][gc,heap        ] GC(40) ParOldGen: 121939K(137728K)->126491K(137728K)
[0.977s][info][gc,metaspace   ] GC(40) Metaspace: 6298K(6464K)->6298K(6464K) NonClass: 5764K(5824K)->5764K(5824K) Class: 533K(640K)->533K(640K)
[0.977s][info][gc             ] GC(40) Pause Young (Allocation Failure) 135M->136M(170M) 8.571ms
[0.977s][info][gc,cpu         ] GC(40) User=0.02s Sys=0.00s Real=0.01s
[0.977s][info][gc,start       ] GC(41) Pause Full (Ergonomics)
[0.977s][info][gc,phases,start] GC(41) Marking Phase
[1.010s][info][gc,phases      ] GC(41) Marking Phase 33.210ms
[1.010s][info][gc,phases,start] GC(41) Summary Phase
[1.010s][info][gc,phases      ] GC(41) Summary Phase 0.016ms
[1.010s][info][gc,phases,start] GC(41) Adjust Roots
[1.011s][info][gc,phases      ] GC(41) Adjust Roots 0.151ms
[1.011s][info][gc,phases,start] GC(41) Compaction Phase
[1.032s][info][gc,phases      ] GC(41) Compaction Phase 21.052ms
[1.032s][info][gc,phases,start] GC(41) Post Compact
[1.032s][info][gc,phases      ] GC(41) Post Compact 0.592ms
[1.032s][info][gc,heap        ] GC(41) PSYoungGen: 12832K(36352K)->1494K(36352K) Eden: 0K(7168K)->0K(7168K) From: 12832K(29184K)->1494K(29184K)
[1.033s][info][gc,heap        ] GC(41) ParOldGen: 126491K(137728K)->137472K(166400K)
[1.033s][info][gc,metaspace   ] GC(41) Metaspace: 6298K(6464K)->6298K(6464K) NonClass: 5764K(5824K)->5764K(5824K) Class: 533K(640K)->533K(640K)
[1.033s][info][gc             ] GC(41) Pause Full (Ergonomics) 136M->135M(198M) 55.496ms
[1.033s][info][gc,cpu         ] GC(41) User=0.16s Sys=0.02s Real=0.06s
[1.040s][info][gc,start       ] GC(42) Pause Young (Allocation Failure)
[1.053s][info][gc,heap        ] GC(42) PSYoungGen: 8662K(36352K)->8480K(34304K) Eden: 7168K(7168K)->0K(8704K) From: 1494K(29184K)->8480K(25600K)
[1.053s][info][gc,heap        ] GC(42) ParOldGen: 137472K(166400K)->137736K(166400K)
[1.053s][info][gc,metaspace   ] GC(42) Metaspace: 6298K(6464K)->6298K(6464K) NonClass: 5764K(5824K)->5764K(5824K) Class: 533K(640K)->533K(640K)
[1.053s][info][gc             ] GC(42) Pause Young (Allocation Failure) 142M->142M(196M) 13.239ms
[1.053s][info][gc,cpu         ] GC(42) User=0.02s Sys=0.00s Real=0.01s
[1.062s][info][gc,start       ] GC(43) Pause Young (Allocation Failure)
[1.070s][info][gc,heap        ] GC(43) PSYoungGen: 17184K(34304K)->17152K(35328K) Eden: 8704K(8704K)->0K(8704K) From: 8480K(25600K)->17152K(26624K)
[1.070s][info][gc,heap        ] GC(43) ParOldGen: 137736K(166400K)->137736K(166400K)
[1.070s][info][gc,metaspace   ] GC(43) Metaspace: 6298K(6464K)->6298K(6464K) NonClass: 5764K(5824K)->5764K(5824K) Class: 533K(640K)->533K(640K)
[1.070s][info][gc             ] GC(43) Pause Young (Allocation Failure) 151M->151M(197M) 8.327ms
[1.070s][info][gc,cpu         ] GC(43) User=0.00s Sys=0.00s Real=0.01s
[1.078s][info][gc,start       ] GC(44) Pause Young (Allocation Failure)
[1.090s][info][gc,heap        ] GC(44) PSYoungGen: 25856K(35328K)->25824K(33792K) Eden: 8704K(8704K)->0K(6656K) From: 17152K(26624K)->25824K(27136K)
[1.090s][info][gc,heap        ] GC(44) ParOldGen: 137736K(166400K)->137736K(166400K)
[1.090s][info][gc,metaspace   ] GC(44) Metaspace: 6298K(6464K)->6298K(6464K) NonClass: 5764K(5824K)->5764K(5824K) Class: 533K(640K)->533K(640K)
[1.090s][info][gc             ] GC(44) Pause Young (Allocation Failure) 159M->159M(195M) 12.079ms
[1.090s][info][gc,cpu         ] GC(44) User=0.00s Sys=0.00s Real=0.01s
[1.097s][info][gc,start       ] GC(45) Pause Young (Allocation Failure)
[1.111s][info][gc,heap        ] GC(45) PSYoungGen: 32480K(33792K)->30720K(37376K) Eden: 6656K(6656K)->0K(6656K) From: 25824K(27136K)->30720K(30720K)
[1.111s][info][gc,heap        ] GC(45) ParOldGen: 137736K(166400K)->139504K(166400K)
[1.112s][info][gc,metaspace   ] GC(45) Metaspace: 6298K(6464K)->6298K(6464K) NonClass: 5764K(5824K)->5764K(5824K) Class: 533K(640K)->533K(640K)
[1.112s][info][gc             ] GC(45) Pause Young (Allocation Failure) 166M->166M(199M) 14.846ms
[1.112s][info][gc,cpu         ] GC(45) User=0.00s Sys=0.00s Real=0.02s
[1.119s][info][gc,start       ] GC(46) Pause Young (Allocation Failure)
[1.136s][info][gc,heap        ] GC(46) PSYoungGen: 37376K(37376K)->21664K(44032K) Eden: 6656K(6656K)->0K(8192K) From: 30720K(30720K)->21664K(35840K)
[1.136s][info][gc,heap        ] GC(46) ParOldGen: 139504K(166400K)->155448K(166400K)
[1.136s][info][gc,metaspace   ] GC(46) Metaspace: 6298K(6464K)->6298K(6464K) NonClass: 5764K(5824K)->5764K(5824K) Class: 533K(640K)->533K(640K)
[1.136s][info][gc             ] GC(46) Pause Young (Allocation Failure) 172M->172M(205M) 17.076ms
[1.136s][info][gc,cpu         ] GC(46) User=0.02s Sys=0.00s Real=0.02s
[1.136s][info][gc,start       ] GC(47) Pause Full (Ergonomics)
[1.136s][info][gc,phases,start] GC(47) Marking Phase
[1.179s][info][gc,phases      ] GC(47) Marking Phase 42.918ms
[1.179s][info][gc,phases,start] GC(47) Summary Phase
[1.179s][info][gc,phases      ] GC(47) Summary Phase 0.025ms
[1.179s][info][gc,phases,start] GC(47) Adjust Roots
[1.179s][info][gc,phases      ] GC(47) Adjust Roots 0.144ms
[1.179s][info][gc,phases,start] GC(47) Compaction Phase
[1.199s][info][gc,phases      ] GC(47) Compaction Phase 19.468ms
[1.199s][info][gc,phases,start] GC(47) Post Compact
[1.200s][info][gc,phases      ] GC(47) Post Compact 0.906ms
[1.200s][info][gc,heap        ] GC(47) PSYoungGen: 21664K(44032K)->10323K(44032K) Eden: 0K(8192K)->0K(8192K) From: 21664K(35840K)->10323K(35840K)
[1.200s][info][gc,heap        ] GC(47) ParOldGen: 155448K(166400K)->166371K(199680K)
[1.200s][info][gc,metaspace   ] GC(47) Metaspace: 6298K(6464K)->6298K(6464K) NonClass: 5764K(5824K)->5764K(5824K) Class: 533K(640K)->533K(640K)
[1.200s][info][gc             ] GC(47) Pause Full (Ergonomics) 172M->172M(238M) 63.912ms
[1.200s][info][gc,cpu         ] GC(47) User=0.12s Sys=0.00s Real=0.06s
[1.233s][info][gc,start       ] GC(48) Pause Young (Allocation Failure)
[1.251s][info][gc,heap        ] GC(48) PSYoungGen: 18515K(44032K)->11776K(44032K) Eden: 8192K(8192K)->0K(8192K) From: 10323K(35840K)->11776K(35840K)
[1.251s][info][gc,heap        ] GC(48) ParOldGen: 174563K(199680K)->181507K(199680K)
[1.251s][info][gc,metaspace   ] GC(48) Metaspace: 6298K(6464K)->6298K(6464K) NonClass: 5764K(5824K)->5764K(5824K) Class: 533K(640K)->533K(640K)
[1.251s][info][gc             ] GC(48) Pause Young (Allocation Failure) 188M->188M(238M) 18.400ms
[1.252s][info][gc,cpu         ] GC(48) User=0.05s Sys=0.00s Real=0.02s
[1.259s][info][gc,start       ] GC(49) Pause Young (Allocation Failure)
[1.269s][info][gc,heap        ] GC(49) PSYoungGen: 19968K(44032K)->16480K(41472K) Eden: 8192K(8192K)->0K(9728K) From: 11776K(35840K)->16480K(31744K)
[1.269s][info][gc,heap        ] GC(49) ParOldGen: 181507K(199680K)->185075K(199680K)
[1.269s][info][gc,metaspace   ] GC(49) Metaspace: 6298K(6464K)->6298K(6464K) NonClass: 5764K(5824K)->5764K(5824K) Class: 533K(640K)->533K(640K)
[1.269s][info][gc             ] GC(49) Pause Young (Allocation Failure) 196M->196M(235M) 10.012ms
[1.269s][info][gc,cpu         ] GC(49) User=0.02s Sys=0.00s Real=0.01s
[1.278s][info][gc,start       ] GC(50) Pause Young (Allocation Failure)
[1.291s][info][gc,heap        ] GC(50) PSYoungGen: 26208K(41472K)->17984K(43008K) Eden: 9728K(9728K)->0K(9728K) From: 16480K(31744K)->17984K(33280K)
[1.291s][info][gc,heap        ] GC(50) ParOldGen: 185075K(199680K)->193387K(199680K)
[1.291s][info][gc,metaspace   ] GC(50) Metaspace: 6298K(6464K)->6298K(6464K) NonClass: 5764K(5824K)->5764K(5824K) Class: 533K(640K)->533K(640K)
[1.291s][info][gc             ] GC(50) Pause Young (Allocation Failure) 206M->206M(237M) 13.321ms
[1.291s][info][gc,cpu         ] GC(50) User=0.02s Sys=0.00s Real=0.01s
[1.291s][info][gc,start       ] GC(51) Pause Full (Ergonomics)
[1.291s][info][gc,phases,start] GC(51) Marking Phase
[1.349s][info][gc,phases      ] GC(51) Marking Phase 57.059ms
[1.349s][info][gc,phases,start] GC(51) Summary Phase
[1.349s][info][gc,phases      ] GC(51) Summary Phase 0.021ms
[1.349s][info][gc,phases,start] GC(51) Adjust Roots
[1.349s][info][gc,phases      ] GC(51) Adjust Roots 0.150ms
[1.349s][info][gc,phases,start] GC(51) Compaction Phase
[1.390s][info][gc,phases      ] GC(51) Compaction Phase 40.911ms
[1.390s][info][gc,phases,start] GC(51) Post Compact
[1.391s][info][gc,phases      ] GC(51) Post Compact 0.899ms
[1.391s][info][gc,heap        ] GC(51) PSYoungGen: 17984K(43008K)->7642K(43008K) Eden: 0K(9728K)->0K(9728K) From: 17984K(33280K)->7642K(33280K)
[1.391s][info][gc,heap        ] GC(51) ParOldGen: 193387K(199680K)->199173K(233984K)
[1.391s][info][gc,metaspace   ] GC(51) Metaspace: 6298K(6464K)->6298K(6464K) NonClass: 5764K(5824K)->5764K(5824K) Class: 533K(640K)->533K(640K)
[1.391s][info][gc             ] GC(51) Pause Full (Ergonomics) 206M->201M(270M) 99.533ms
[1.391s][info][gc,cpu         ] GC(51) User=0.30s Sys=0.00s Real=0.10s
[1.402s][info][gc,start       ] GC(52) Pause Young (Allocation Failure)
[1.419s][info][gc,heap        ] GC(52) PSYoungGen: 17370K(43008K)->9792K(42496K) Eden: 9728K(9728K)->0K(11264K) From: 7642K(33280K)->9792K(31232K)
[1.419s][info][gc,heap        ] GC(52) ParOldGen: 199173K(233984K)->206949K(233984K)
[1.420s][info][gc,metaspace   ] GC(52) Metaspace: 6298K(6464K)->6298K(6464K) NonClass: 5764K(5824K)->5764K(5824K) Class: 533K(640K)->533K(640K)
[1.420s][info][gc             ] GC(52) Pause Young (Allocation Failure) 211M->211M(270M) 17.878ms
[1.420s][info][gc,cpu         ] GC(52) User=0.08s Sys=0.00s Real=0.02s
[1.432s][info][gc,start       ] GC(53) Pause Young (Allocation Failure)
[1.443s][info][gc,heap        ] GC(53) PSYoungGen: 21056K(42496K)->21056K(43008K) Eden: 11264K(11264K)->0K(11264K) From: 9792K(31232K)->21056K(31744K)
[1.443s][info][gc,heap        ] GC(53) ParOldGen: 206949K(233984K)->206949K(233984K)
[1.443s][info][gc,metaspace   ] GC(53) Metaspace: 6298K(6464K)->6298K(6464K) NonClass: 5764K(5824K)->5764K(5824K) Class: 533K(640K)->533K(640K)
[1.443s][info][gc             ] GC(53) Pause Young (Allocation Failure) 222M->222M(270M) 11.246ms
[1.443s][info][gc,cpu         ] GC(53) User=0.02s Sys=0.00s Real=0.01s
[1.456s][info][gc,start       ] GC(54) Pause Young (Allocation Failure)
[1.472s][info][gc,heap        ] GC(54) PSYoungGen: 32320K(43008K)->22624K(44544K) Eden: 11264K(11264K)->0K(12288K) From: 21056K(31744K)->22624K(32256K)
[1.472s][info][gc,heap        ] GC(54) ParOldGen: 206949K(233984K)->216813K(233984K)
[1.472s][info][gc,metaspace   ] GC(54) Metaspace: 6298K(6464K)->6298K(6464K) NonClass: 5764K(5824K)->5764K(5824K) Class: 533K(640K)->533K(640K)
[1.472s][info][gc             ] GC(54) Pause Young (Allocation Failure) 233M->233M(272M) 16.537ms
[1.472s][info][gc,cpu         ] GC(54) User=0.03s Sys=0.00s Real=0.02s
[1.486s][info][gc,start       ] GC(55) Pause Young (Allocation Failure)
[1.504s][info][gc,heap        ] GC(55) PSYoungGen: 34912K(44544K)->23616K(45056K) Eden: 12288K(12288K)->0K(12288K) From: 22624K(32256K)->23616K(32768K)
[1.504s][info][gc,heap        ] GC(55) ParOldGen: 216813K(233984K)->228237K(233984K)
[1.504s][info][gc,metaspace   ] GC(55) Metaspace: 6298K(6464K)->6298K(6464K) NonClass: 5764K(5824K)->5764K(5824K) Class: 533K(640K)->533K(640K)
[1.504s][info][gc             ] GC(55) Pause Young (Allocation Failure) 245M->245M(272M) 17.574ms
[1.504s][info][gc,cpu         ] GC(55) User=0.08s Sys=0.00s Real=0.02s
[1.504s][info][gc,start       ] GC(56) Pause Full (Ergonomics)
[1.504s][info][gc,phases,start] GC(56) Marking Phase
[1.567s][info][gc,phases      ] GC(56) Marking Phase 62.794ms
[1.567s][info][gc,phases,start] GC(56) Summary Phase
[1.567s][info][gc,phases      ] GC(56) Summary Phase 0.018ms
[1.567s][info][gc,phases,start] GC(56) Adjust Roots
[1.567s][info][gc,phases      ] GC(56) Adjust Roots 0.150ms
[1.567s][info][gc,phases,start] GC(56) Compaction Phase
[1.599s][info][gc,phases      ] GC(56) Compaction Phase 32.424ms
[1.599s][info][gc,phases,start] GC(56) Post Compact
[1.600s][info][gc,phases      ] GC(56) Post Compact 1.044ms
[1.601s][info][gc,heap        ] GC(56) PSYoungGen: 23616K(45056K)->17356K(45056K) Eden: 0K(12288K)->0K(12288K) From: 23616K(32768K)->17356K(32768K)
[1.601s][info][gc,heap        ] GC(56) ParOldGen: 228237K(233984K)->233881K(272896K)
[1.601s][info][gc,metaspace   ] GC(56) Metaspace: 6298K(6464K)->6298K(6464K) NonClass: 5764K(5824K)->5764K(5824K) Class: 533K(640K)->533K(640K)
[1.601s][info][gc             ] GC(56) Pause Full (Ergonomics) 245M->245M(310M) 96.932ms
[1.601s][info][gc,cpu         ] GC(56) User=0.34s Sys=0.02s Real=0.10s
[1.616s][info][gc,start       ] GC(57) Pause Young (Allocation Failure)
[1.639s][info][gc,heap        ] GC(57) PSYoungGen: 29644K(45056K)->21440K(47104K) Eden: 12288K(12288K)->0K(13824K) From: 17356K(32768K)->21440K(33280K)
[1.639s][info][gc,heap        ] GC(57) ParOldGen: 233881K(272896K)->242305K(272896K)
[1.639s][info][gc,metaspace   ] GC(57) Metaspace: 6298K(6464K)->6298K(6464K) NonClass: 5764K(5824K)->5764K(5824K) Class: 533K(640K)->533K(640K)
[1.639s][info][gc             ] GC(57) Pause Young (Allocation Failure) 257M->257M(312M) 23.069ms
[1.639s][info][gc,cpu         ] GC(57) User=0.11s Sys=0.00s Real=0.02s
[1.654s][info][gc,start       ] GC(58) Pause Young (Allocation Failure)
[1.672s][info][gc,heap        ] GC(58) PSYoungGen: 35264K(47104K)->33792K(47616K) Eden: 13824K(13824K)->0K(13824K) From: 21440K(33280K)->33792K(33792K)
[1.672s][info][gc,heap        ] GC(58) ParOldGen: 242305K(272896K)->243737K(272896K)
[1.672s][info][gc,metaspace   ] GC(58) Metaspace: 6298K(6464K)->6298K(6464K) NonClass: 5764K(5824K)->5764K(5824K) Class: 533K(640K)->533K(640K)
[1.672s][info][gc             ] GC(58) Pause Young (Allocation Failure) 271M->271M(313M) 17.275ms
[1.672s][info][gc,cpu         ] GC(58) User=0.05s Sys=0.00s Real=0.02s
[1.687s][info][gc,start       ] GC(59) Pause Young (Allocation Failure)
[1.710s][info][gc,heap        ] GC(59) PSYoungGen: 47616K(47616K)->27232K(52736K) Eden: 13824K(13824K)->0K(14336K) From: 33792K(33792K)->27232K(38400K)
[1.710s][info][gc,heap        ] GC(59) ParOldGen: 243737K(272896K)->264489K(272896K)
[1.710s][info][gc,metaspace   ] GC(59) Metaspace: 6298K(6464K)->6298K(6464K) NonClass: 5764K(5824K)->5764K(5824K) Class: 533K(640K)->533K(640K)
[1.710s][info][gc             ] GC(59) Pause Young (Allocation Failure) 284M->284M(318M) 22.693ms
[1.710s][info][gc,cpu         ] GC(59) User=0.12s Sys=0.00s Real=0.02s
[1.710s][info][gc,start       ] GC(60) Pause Full (Ergonomics)
[1.710s][info][gc,phases,start] GC(60) Marking Phase
[1.777s][info][gc,phases      ] GC(60) Marking Phase 66.958ms
[1.777s][info][gc,phases,start] GC(60) Summary Phase
[1.777s][info][gc,phases      ] GC(60) Summary Phase 0.018ms
[1.777s][info][gc,phases,start] GC(60) Adjust Roots
[1.777s][info][gc,phases      ] GC(60) Adjust Roots 0.147ms
[1.777s][info][gc,phases,start] GC(60) Compaction Phase
[1.809s][info][gc,phases      ] GC(60) Compaction Phase 31.436ms
[1.809s][info][gc,phases,start] GC(60) Post Compact
[1.810s][info][gc,phases      ] GC(60) Post Compact 1.268ms
[1.810s][info][gc,heap        ] GC(60) PSYoungGen: 27232K(52736K)->18399K(52736K) Eden: 0K(14336K)->0K(14336K) From: 27232K(38400K)->18399K(38400K)
[1.810s][info][gc,heap        ] GC(60) ParOldGen: 264489K(272896K)->272676K(318464K)
[1.811s][info][gc,metaspace   ] GC(60) Metaspace: 6298K(6464K)->6298K(6464K) NonClass: 5764K(5824K)->5764K(5824K) Class: 533K(640K)->533K(640K)
[1.811s][info][gc             ] GC(60) Pause Full (Ergonomics) 284M->284M(362M) 100.315ms
[1.811s][info][gc,cpu         ] GC(60) User=0.53s Sys=0.00s Real=0.10s
[1.826s][info][gc,start       ] GC(61) Pause Young (Allocation Failure)
[1.852s][info][gc,heap        ] GC(61) PSYoungGen: 32735K(52736K)->23808K(53760K) Eden: 14336K(14336K)->0K(14336K) From: 18399K(38400K)->23808K(39424K)
[1.852s][info][gc,heap        ] GC(61) ParOldGen: 272676K(318464K)->281924K(318464K)
[1.852s][info][gc,metaspace   ] GC(61) Metaspace: 6298K(6464K)->6298K(6464K) NonClass: 5764K(5824K)->5764K(5824K) Class: 533K(640K)->533K(640K)
[1.852s][info][gc             ] GC(61) Pause Young (Allocation Failure) 298M->298M(363M) 25.857ms
[1.852s][info][gc,cpu         ] GC(61) User=0.12s Sys=0.00s Real=0.03s
[1.868s][info][gc,start       ] GC(62) Pause Young (Allocation Failure)
[1.887s][info][gc,heap        ] GC(62) PSYoungGen: 38144K(53760K)->38112K(50688K) Eden: 14336K(14336K)->0K(11776K) From: 23808K(39424K)->38112K(38912K)
[1.887s][info][gc,heap        ] GC(62) ParOldGen: 281924K(318464K)->281924K(318464K)
[1.887s][info][gc,metaspace   ] GC(62) Metaspace: 6298K(6464K)->6298K(6464K) NonClass: 5764K(5824K)->5764K(5824K) Class: 533K(640K)->533K(640K)
[1.887s][info][gc             ] GC(62) Pause Young (Allocation Failure) 312M->312M(360M) 18.840ms
[1.887s][info][gc,cpu         ] GC(62) User=0.12s Sys=0.00s Real=0.02s
[1.901s][info][gc,start       ] GC(63) Pause Young (Allocation Failure)
[1.923s][info][gc,heap        ] GC(63) PSYoungGen: 49888K(50688K)->40512K(55296K) Eden: 11776K(11776K)->0K(11776K) From: 38112K(38912K)->40512K(43520K)
[1.923s][info][gc,heap        ] GC(63) ParOldGen: 281924K(318464K)->291396K(318464K)
[1.923s][info][gc,metaspace   ] GC(63) Metaspace: 6298K(6464K)->6298K(6464K) NonClass: 5764K(5824K)->5764K(5824K) Class: 533K(640K)->533K(640K)
[1.923s][info][gc             ] GC(63) Pause Young (Allocation Failure) 324M->324M(365M) 22.658ms
[1.923s][info][gc,cpu         ] GC(63) User=0.12s Sys=0.00s Real=0.02s
[1.936s][info][gc,start       ] GC(64) Pause Young (Allocation Failure)
[1.961s][info][gc,heap        ] GC(64) PSYoungGen: 52288K(55296K)->38048K(59392K) Eden: 11776K(11776K)->0K(11264K) From: 40512K(43520K)->38048K(48128K)
[1.961s][info][gc,heap        ] GC(64) ParOldGen: 291396K(318464K)->305932K(318464K)
[1.961s][info][gc,metaspace   ] GC(64) Metaspace: 6298K(6464K)->6298K(6464K) NonClass: 5764K(5824K)->5764K(5824K) Class: 533K(640K)->533K(640K)
[1.961s][info][gc             ] GC(64) Pause Young (Allocation Failure) 335M->335M(369M) 24.813ms
[1.961s][info][gc,cpu         ] GC(64) User=0.14s Sys=0.00s Real=0.03s
[1.961s][info][gc,start       ] GC(65) Pause Full (Ergonomics)
[1.961s][info][gc,phases,start] GC(65) Marking Phase
[2.034s][info][gc,phases      ] GC(65) Marking Phase 72.435ms
[2.034s][info][gc,phases,start] GC(65) Summary Phase
[2.034s][info][gc,phases      ] GC(65) Summary Phase 0.025ms
[2.034s][info][gc,phases,start] GC(65) Adjust Roots
[2.034s][info][gc,phases      ] GC(65) Adjust Roots 0.162ms
[2.034s][info][gc,phases,start] GC(65) Compaction Phase
[2.070s][info][gc,phases      ] GC(65) Compaction Phase 36.165ms
[2.070s][info][gc,phases,start] GC(65) Post Compact
[2.072s][info][gc,phases      ] GC(65) Post Compact 1.561ms
[2.072s][info][gc,heap        ] GC(65) PSYoungGen: 38048K(59392K)->25020K(59392K) Eden: 0K(11264K)->0K(11264K) From: 38048K(48128K)->25020K(48128K)
[2.072s][info][gc,heap        ] GC(65) ParOldGen: 305932K(318464K)->318151K(366592K)
[2.072s][info][gc,metaspace   ] GC(65) Metaspace: 6298K(6464K)->6298K(6464K) NonClass: 5764K(5824K)->5764K(5824K) Class: 533K(640K)->533K(640K)
[2.072s][info][gc             ] GC(65) Pause Full (Ergonomics) 335M->335M(416M) 110.860ms
[2.072s][info][gc,cpu         ] GC(65) User=0.80s Sys=0.00s Real=0.11s
[2.149s][info][gc,start       ] GC(66) Pause Young (Allocation Failure)
[2.178s][info][gc,heap        ] GC(66) PSYoungGen: 36284K(59392K)->19456K(61952K) Eden: 11264K(11264K)->0K(11264K) From: 25020K(48128K)->19456K(50688K)
[2.179s][info][gc,heap        ] GC(66) ParOldGen: 334535K(366592K)->351775K(366592K)
[2.179s][info][gc,metaspace   ] GC(66) Metaspace: 6298K(6464K)->6298K(6464K) NonClass: 5764K(5824K)->5764K(5824K) Class: 533K(640K)->533K(640K)
[2.179s][info][gc             ] GC(66) Pause Young (Allocation Failure) 362M->362M(418M) 29.342ms
[2.179s][info][gc,cpu         ] GC(66) User=0.14s Sys=0.00s Real=0.03s
[2.179s][info][gc,start       ] GC(67) Pause Full (Ergonomics)
[2.179s][info][gc,phases,start] GC(67) Marking Phase
[2.258s][info][gc,phases      ] GC(67) Marking Phase 78.863ms
[2.258s][info][gc,phases,start] GC(67) Summary Phase
[2.258s][info][gc,phases      ] GC(67) Summary Phase 0.028ms
[2.258s][info][gc,phases,start] GC(67) Adjust Roots
[2.258s][info][gc,phases      ] GC(67) Adjust Roots 0.159ms
[2.258s][info][gc,phases,start] GC(67) Compaction Phase
[2.318s][info][gc,phases      ] GC(67) Compaction Phase 60.155ms
[2.318s][info][gc,phases,start] GC(67) Post Compact
[2.320s][info][gc,phases      ] GC(67) Post Compact 1.794ms
[2.320s][info][gc,heap        ] GC(67) PSYoungGen: 19456K(61952K)->0K(62464K) Eden: 0K(11264K)->0K(12800K) From: 19456K(50688K)->0K(49664K)
[2.320s][info][gc,heap        ] GC(67) ParOldGen: 351775K(366592K)->362594K(416256K)
[2.320s][info][gc,metaspace   ] GC(67) Metaspace: 6298K(6464K)->6298K(6464K) NonClass: 5764K(5824K)->5764K(5824K) Class: 533K(640K)->533K(640K)
[2.320s][info][gc             ] GC(67) Pause Full (Ergonomics) 362M->354M(467M) 141.528ms
[2.320s][info][gc,cpu         ] GC(67) User=0.78s Sys=0.02s Real=0.14s
[2.335s][info][gc,start       ] GC(68) Pause Young (Allocation Failure)
[2.344s][info][gc,heap        ] GC(68) PSYoungGen: 12800K(62464K)->12896K(62464K) Eden: 12800K(12800K)->0K(12800K) From: 0K(49664K)->12896K(49664K)
[2.344s][info][gc,heap        ] GC(68) ParOldGen: 362594K(416256K)->362594K(416256K)
[2.344s][info][gc,metaspace   ] GC(68) Metaspace: 6298K(6464K)->6298K(6464K) NonClass: 5764K(5824K)->5764K(5824K) Class: 533K(640K)->533K(640K)
[2.344s][info][gc             ] GC(68) Pause Young (Allocation Failure) 366M->366M(467M) 9.332ms
[2.344s][info][gc,cpu         ] GC(68) User=0.00s Sys=0.00s Real=0.01s
[2.358s][info][gc,start       ] GC(69) Pause Young (Allocation Failure)
[2.371s][info][gc,heap        ] GC(69) PSYoungGen: 25696K(62464K)->25760K(59392K) Eden: 12800K(12800K)->0K(14336K) From: 12896K(49664K)->25760K(45056K)
[2.371s][info][gc,heap        ] GC(69) ParOldGen: 362594K(416256K)->362594K(416256K)
[2.371s][info][gc,metaspace   ] GC(69) Metaspace: 6298K(6464K)->6298K(6464K) NonClass: 5764K(5824K)->5764K(5824K) Class: 533K(640K)->533K(640K)
[2.371s][info][gc             ] GC(69) Pause Young (Allocation Failure) 379M->379M(464M) 13.116ms
[2.371s][info][gc,cpu         ] GC(69) User=0.02s Sys=0.00s Real=0.01s
[2.385s][info][gc,start       ] GC(70) Pause Young (Allocation Failure)
[2.404s][info][gc,heap        ] GC(70) PSYoungGen: 40096K(59392K)->40032K(61440K) Eden: 14336K(14336K)->0K(14336K) From: 25760K(45056K)->40032K(47104K)
[2.404s][info][gc,heap        ] GC(70) ParOldGen: 362594K(416256K)->362594K(416256K)
[2.404s][info][gc,metaspace   ] GC(70) Metaspace: 6298K(6464K)->6298K(6464K) NonClass: 5764K(5824K)->5764K(5824K) Class: 533K(640K)->533K(640K)
[2.404s][info][gc             ] GC(70) Pause Young (Allocation Failure) 393M->393M(466M) 18.545ms
[2.404s][info][gc,cpu         ] GC(70) User=0.12s Sys=0.00s Real=0.02s
[2.419s][info][gc,start       ] GC(71) Pause Young (Allocation Failure)
[2.445s][info][gc,heap        ] GC(71) PSYoungGen: 54368K(61440K)->51200K(59392K) Eden: 14336K(14336K)->0K(8192K) From: 40032K(47104K)->51200K(51200K)
[2.445s][info][gc,heap        ] GC(71) ParOldGen: 362594K(416256K)->365730K(416256K)
[2.445s][info][gc,metaspace   ] GC(71) Metaspace: 6298K(6464K)->6298K(6464K) NonClass: 5764K(5824K)->5764K(5824K) Class: 533K(640K)->533K(640K)
[2.445s][info][gc             ] GC(71) Pause Young (Allocation Failure) 407M->407M(464M) 26.541ms
[2.445s][info][gc,cpu         ] GC(71) User=0.12s Sys=0.00s Real=0.03s
[2.454s][info][gc,start       ] GC(72) Pause Young (Allocation Failure)
[2.480s][info][gc,heap        ] GC(72) PSYoungGen: 59392K(59392K)->47456K(67072K) Eden: 8192K(8192K)->0K(8192K) From: 51200K(51200K)->47456K(58880K)
[2.480s][info][gc,heap        ] GC(72) ParOldGen: 365730K(416256K)->377938K(416256K)
[2.480s][info][gc,metaspace   ] GC(72) Metaspace: 6298K(6464K)->6298K(6464K) NonClass: 5764K(5824K)->5764K(5824K) Class: 533K(640K)->533K(640K)
[2.480s][info][gc             ] GC(72) Pause Young (Allocation Failure) 415M->415M(472M) 25.986ms
[2.480s][info][gc,cpu         ] GC(72) User=0.09s Sys=0.03s Real=0.03s
[2.489s][info][gc,start       ] GC(73) Pause Young (Allocation Failure)
[2.514s][info][gc,heap        ] GC(73) PSYoungGen: 55648K(67072K)->30272K(66560K) Eden: 8192K(8192K)->0K(9728K) From: 47456K(58880K)->30272K(56832K)
[2.514s][info][gc,heap        ] GC(73) ParOldGen: 377938K(416256K)->403554K(416256K)
[2.514s][info][gc,metaspace   ] GC(73) Metaspace: 6298K(6464K)->6298K(6464K) NonClass: 5764K(5824K)->5764K(5824K) Class: 533K(640K)->533K(640K)
[2.514s][info][gc             ] GC(73) Pause Young (Allocation Failure) 423M->423M(471M) 25.100ms
[2.514s][info][gc,cpu         ] GC(73) User=0.12s Sys=0.00s Real=0.02s
[2.514s][info][gc,start       ] GC(74) Pause Full (Ergonomics)
[2.514s][info][gc,phases,start] GC(74) Marking Phase
[2.613s][info][gc,phases      ] GC(74) Marking Phase 99.484ms
[2.613s][info][gc,phases,start] GC(74) Summary Phase
[2.613s][info][gc,phases      ] GC(74) Summary Phase 0.020ms
[2.613s][info][gc,phases,start] GC(74) Adjust Roots
[2.613s][info][gc,phases      ] GC(74) Adjust Roots 0.150ms
[2.613s][info][gc,phases,start] GC(74) Compaction Phase
[2.661s][info][gc,phases      ] GC(74) Compaction Phase 47.786ms
[2.661s][info][gc,phases,start] GC(74) Post Compact
[2.663s][info][gc,phases      ] GC(74) Post Compact 2.019ms
[2.664s][info][gc,heap        ] GC(74) PSYoungGen: 30272K(66560K)->16869K(68096K) Eden: 0K(9728K)->0K(11264K) From: 30272K(56832K)->16869K(56832K)
[2.664s][info][gc,heap        ] GC(74) ParOldGen: 403554K(416256K)->416192K(476160K)
[2.664s][info][gc,metaspace   ] GC(74) Metaspace: 6298K(6464K)->6298K(6464K) NonClass: 5764K(5824K)->5764K(5824K) Class: 533K(640K)->533K(640K)
[2.664s][info][gc             ] GC(74) Pause Full (Ergonomics) 423M->422M(531M) 150.011ms
[2.664s][info][gc,cpu         ] GC(74) User=1.02s Sys=0.00s Real=0.15s
[2.675s][info][gc,start       ] GC(75) Pause Young (Allocation Failure)
[2.706s][info][gc,heap        ] GC(75) PSYoungGen: 28133K(68096K)->15328K(71168K) Eden: 11264K(11264K)->0K(11264K) From: 16869K(56832K)->15328K(59904K)
[2.706s][info][gc,heap        ] GC(75) ParOldGen: 416192K(476160K)->429304K(476160K)
[2.706s][info][gc,metaspace   ] GC(75) Metaspace: 6298K(6464K)->6298K(6464K) NonClass: 5764K(5824K)->5764K(5824K) Class: 533K(640K)->533K(640K)
[2.706s][info][gc             ] GC(75) Pause Young (Allocation Failure) 433M->434M(534M) 30.465ms
[2.706s][info][gc,cpu         ] GC(75) User=0.12s Sys=0.00s Real=0.03s
[2.717s][info][gc,start       ] GC(76) Pause Young (Allocation Failure)
[2.731s][info][gc,heap        ] GC(76) PSYoungGen: 26592K(71168K)->22656K(68096K) Eden: 11264K(11264K)->0K(12800K) From: 15328K(59904K)->22656K(55296K)
[2.732s][info][gc,heap        ] GC(76) ParOldGen: 429304K(476160K)->433320K(476160K)
[2.732s][info][gc,metaspace   ] GC(76) Metaspace: 6298K(6464K)->6298K(6464K) NonClass: 5764K(5824K)->5764K(5824K) Class: 533K(640K)->533K(640K)
[2.732s][info][gc             ] GC(76) Pause Young (Allocation Failure) 445M->445M(531M) 14.088ms
[2.732s][info][gc,cpu         ] GC(76) User=0.02s Sys=0.00s Real=0.01s
[2.745s][info][gc,start       ] GC(77) Pause Young (Allocation Failure)
[2.764s][info][gc,heap        ] GC(77) PSYoungGen: 35456K(68096K)->24192K(37376K) Eden: 12800K(12800K)->0K(12800K) From: 22656K(55296K)->24192K(24576K)
[2.764s][info][gc,heap        ] GC(77) ParOldGen: 433320K(476160K)->444728K(476160K)
[2.764s][info][gc,metaspace   ] GC(77) Metaspace: 6298K(6464K)->6298K(6464K) NonClass: 5764K(5824K)->5764K(5824K) Class: 533K(640K)->533K(640K)
[2.764s][info][gc             ] GC(77) Pause Young (Allocation Failure) 457M->457M(501M) 18.331ms
[2.764s][info][gc,cpu         ] GC(77) User=0.11s Sys=0.02s Real=0.02s
[2.778s][info][gc,start       ] GC(78) Pause Young (Allocation Failure)
[2.796s][info][gc,heap        ] GC(78) PSYoungGen: 36992K(37376K)->25664K(64512K) Eden: 12800K(12800K)->0K(14336K) From: 24192K(24576K)->25664K(50176K)
[2.796s][info][gc,heap        ] GC(78) ParOldGen: 444728K(476160K)->456144K(476160K)
[2.797s][info][gc,metaspace   ] GC(78) Metaspace: 6298K(6464K)->6298K(6464K) NonClass: 5764K(5824K)->5764K(5824K) Class: 533K(640K)->533K(640K)
[2.797s][info][gc             ] GC(78) Pause Young (Allocation Failure) 470M->470M(528M) 18.970ms
[2.797s][info][gc,cpu         ] GC(78) User=0.12s Sys=0.00s Real=0.02s
[2.797s][info][gc,start       ] GC(79) Pause Full (Ergonomics)
[2.797s][info][gc,phases,start] GC(79) Marking Phase
[2.901s][info][gc,phases      ] GC(79) Marking Phase 104.400ms
[2.901s][info][gc,phases,start] GC(79) Summary Phase
[2.901s][info][gc,phases      ] GC(79) Summary Phase 0.044ms
[2.901s][info][gc,phases,start] GC(79) Adjust Roots
[2.901s][info][gc,phases      ] GC(79) Adjust Roots 0.196ms
[2.901s][info][gc,phases,start] GC(79) Compaction Phase
[2.950s][info][gc,phases      ] GC(79) Compaction Phase 48.240ms
[2.950s][info][gc,phases,start] GC(79) Post Compact
[2.952s][info][gc,phases      ] GC(79) Post Compact 2.442ms
[2.952s][info][gc,heap        ] GC(79) PSYoungGen: 25664K(64512K)->5101K(66560K) Eden: 0K(14336K)->0K(16384K) From: 25664K(50176K)->5101K(50176K)
[2.953s][info][gc,heap        ] GC(79) ParOldGen: 456144K(476160K)->475967K(537600K)
[2.953s][info][gc,metaspace   ] GC(79) Metaspace: 6298K(6464K)->6298K(6464K) NonClass: 5764K(5824K)->5764K(5824K) Class: 533K(640K)->533K(640K)
[2.953s][info][gc             ] GC(79) Pause Full (Ergonomics) 470M->469M(590M) 155.942ms
[2.953s][info][gc,cpu         ] GC(79) User=1.03s Sys=0.00s Real=0.16s
[2.970s][info][gc,start       ] GC(80) Pause Young (Allocation Failure)
[3.001s][info][gc,heap        ] GC(80) PSYoungGen: 21485K(66560K)->16544K(69120K) Eden: 16384K(16384K)->0K(16384K) From: 5101K(50176K)->16544K(52736K)
[3.001s][info][gc,heap        ] GC(80) ParOldGen: 475967K(537600K)->481159K(537600K)
[3.001s][info][gc,metaspace   ] GC(80) Metaspace: 6298K(6464K)->6298K(6464K) NonClass: 5764K(5824K)->5764K(5824K) Class: 533K(640K)->533K(640K)
[3.001s][info][gc             ] GC(80) Pause Young (Allocation Failure) 485M->486M(592M) 30.957ms
[3.001s][info][gc,cpu         ] GC(80) User=0.14s Sys=0.00s Real=0.03s
[3.019s][info][gc,start       ] GC(81) Pause Young (Allocation Failure)
[3.036s][info][gc,heap        ] GC(81) PSYoungGen: 32928K(69120K)->32928K(70656K) Eden: 16384K(16384K)->0K(18432K) From: 16544K(52736K)->32928K(52224K)
[3.036s][info][gc,heap        ] GC(81) ParOldGen: 481159K(537600K)->481159K(537600K)
[3.036s][info][gc,metaspace   ] GC(81) Metaspace: 6298K(6464K)->6298K(6464K) NonClass: 5764K(5824K)->5764K(5824K) Class: 533K(640K)->533K(640K)
[3.036s][info][gc             ] GC(81) Pause Young (Allocation Failure) 502M->502M(594M) 17.450ms
[3.036s][info][gc,cpu         ] GC(81) User=0.02s Sys=0.00s Real=0.02s
[3.056s][info][gc,start       ] GC(82) Pause Young (Allocation Failure)
[3.082s][info][gc,heap        ] GC(82) PSYoungGen: 51360K(70656K)->34976K(70656K) Eden: 18432K(18432K)->0K(18432K) From: 32928K(52224K)->34976K(52224K)
[3.082s][info][gc,heap        ] GC(82) ParOldGen: 481159K(537600K)->497783K(537600K)
[3.082s][info][gc,metaspace   ] GC(82) Metaspace: 6298K(6464K)->6298K(6464K) NonClass: 5764K(5824K)->5764K(5824K) Class: 533K(640K)->533K(640K)
[3.082s][info][gc             ] GC(82) Pause Young (Allocation Failure) 520M->520M(594M) 26.546ms
[3.082s][info][gc,cpu         ] GC(82) User=0.14s Sys=0.00s Real=0.03s
[3.103s][info][gc,start       ] GC(83) Pause Young (Allocation Failure)
[3.130s][info][gc,heap        ] GC(83) PSYoungGen: 53408K(70656K)->36992K(72704K) Eden: 18432K(18432K)->0K(19968K) From: 34976K(52224K)->36992K(52736K)
[3.130s][info][gc,heap        ] GC(83) ParOldGen: 497783K(537600K)->514383K(537600K)
[3.130s][info][gc,metaspace   ] GC(83) Metaspace: 6298K(6464K)->6298K(6464K) NonClass: 5764K(5824K)->5764K(5824K) Class: 533K(640K)->533K(640K)
[3.130s][info][gc             ] GC(83) Pause Young (Allocation Failure) 538M->538M(596M) 27.103ms
[3.130s][info][gc,cpu         ] GC(83) User=0.14s Sys=0.00s Real=0.03s
[3.130s][info][gc,start       ] GC(84) Pause Full (Ergonomics)
[3.130s][info][gc,phases,start] GC(84) Marking Phase
[3.250s][info][gc,phases      ] GC(84) Marking Phase 119.336ms
[3.250s][info][gc,phases,start] GC(84) Summary Phase
[3.250s][info][gc,phases      ] GC(84) Summary Phase 0.029ms
[3.250s][info][gc,phases,start] GC(84) Adjust Roots
[3.250s][info][gc,phases      ] GC(84) Adjust Roots 0.600ms
[3.250s][info][gc,phases,start] GC(84) Compaction Phase
[3.302s][info][gc,phases      ] GC(84) Compaction Phase 52.084ms
[3.303s][info][gc,phases,start] GC(84) Post Compact
[3.304s][info][gc,phases      ] GC(84) Post Compact 1.547ms
[3.304s][info][gc,heap        ] GC(84) PSYoungGen: 36992K(72704K)->13296K(72704K) Eden: 0K(19968K)->0K(19968K) From: 36992K(52736K)->13296K(52736K)
[3.304s][info][gc,heap        ] GC(84) ParOldGen: 514383K(537600K)->537275K(604672K)
[3.304s][info][gc,metaspace   ] GC(84) Metaspace: 6298K(6464K)->6298K(6464K) NonClass: 5764K(5824K)->5764K(5824K) Class: 533K(640K)->533K(640K)
[3.305s][info][gc             ] GC(84) Pause Full (Ergonomics) 538M->537M(661M) 174.217ms
[3.305s][info][gc,cpu         ] GC(84) User=1.12s Sys=0.02s Real=0.18s
[3.327s][info][gc,start       ] GC(85) Pause Young (Allocation Failure)
[3.365s][info][gc,heap        ] GC(85) PSYoungGen: 33264K(72704K)->26432K(73216K) Eden: 19968K(19968K)->0K(19968K) From: 13296K(52736K)->26432K(53248K)
[3.365s][info][gc,heap        ] GC(85) ParOldGen: 537275K(604672K)->544419K(604672K)
[3.365s][info][gc,metaspace   ] GC(85) Metaspace: 6298K(6464K)->6298K(6464K) NonClass: 5764K(5824K)->5764K(5824K) Class: 533K(640K)->533K(640K)
[3.365s][info][gc             ] GC(85) Pause Young (Allocation Failure) 557M->557M(662M) 38.557ms
[3.365s][info][gc,cpu         ] GC(85) User=0.25s Sys=0.00s Real=0.04s
[3.388s][info][gc,start       ] GC(86) Pause Young (Allocation Failure)
[3.412s][info][gc,heap        ] GC(86) PSYoungGen: 46400K(73216K)->46400K(68608K) Eden: 19968K(19968K)->0K(17408K) From: 26432K(53248K)->46400K(51200K)
[3.412s][info][gc,heap        ] GC(86) ParOldGen: 544419K(604672K)->544419K(604672K)
[3.412s][info][gc,metaspace   ] GC(86) Metaspace: 6298K(6464K)->6298K(6464K) NonClass: 5764K(5824K)->5764K(5824K) Class: 533K(640K)->533K(640K)
[3.412s][info][gc             ] GC(86) Pause Young (Allocation Failure) 576M->576M(657M) 24.187ms
[3.412s][info][gc,cpu         ] GC(86) User=0.14s Sys=0.00s Real=0.02s
[3.432s][info][gc,start       ] GC(87) Pause Young (Allocation Failure)
[3.463s][info][gc,heap        ] GC(87) PSYoungGen: 63808K(68608K)->55808K(73216K) Eden: 17408K(17408K)->0K(17408K) From: 46400K(51200K)->55808K(55808K)
[3.463s][info][gc,heap        ] GC(87) ParOldGen: 544419K(604672K)->552403K(604672K)
[3.463s][info][gc,metaspace   ] GC(87) Metaspace: 6298K(6464K)->6298K(6464K) NonClass: 5764K(5824K)->5764K(5824K) Class: 533K(640K)->533K(640K)
[3.463s][info][gc             ] GC(87) Pause Young (Allocation Failure) 593M->593M(662M) 31.350ms
[3.463s][info][gc,cpu         ] GC(87) User=0.14s Sys=0.00s Real=0.03s
[3.483s][info][gc,start       ] GC(88) Pause Young (Allocation Failure)
[3.519s][info][gc,heap        ] GC(88) PSYoungGen: 73216K(73216K)->52032K(81408K) Eden: 17408K(17408K)->0K(15872K) From: 55808K(55808K)->52032K(65536K)
[3.519s][info][gc,heap        ] GC(88) ParOldGen: 552403K(604672K)->574043K(604672K)
[3.519s][info][gc,metaspace   ] GC(88) Metaspace: 6298K(6464K)->6298K(6464K) NonClass: 5764K(5824K)->5764K(5824K) Class: 533K(640K)->533K(640K)
[3.519s][info][gc             ] GC(88) Pause Young (Allocation Failure) 610M->611M(670M) 36.115ms
[3.519s][info][gc,cpu         ] GC(88) User=0.20s Sys=0.05s Real=0.04s
[3.538s][info][gc,start       ] GC(89) Pause Young (Allocation Failure)
[3.571s][info][gc,heap        ] GC(89) PSYoungGen: 67904K(81408K)->48928K(84992K) Eden: 15872K(15872K)->0K(15872K) From: 52032K(65536K)->48928K(69120K)
[3.571s][info][gc,heap        ] GC(89) ParOldGen: 574043K(604672K)->593267K(604672K)
[3.571s][info][gc,metaspace   ] GC(89) Metaspace: 6298K(6464K)->6298K(6464K) NonClass: 5764K(5824K)->5764K(5824K) Class: 533K(640K)->533K(640K)
[3.571s][info][gc             ] GC(89) Pause Young (Allocation Failure) 626M->627M(673M) 33.162ms
[3.572s][info][gc,cpu         ] GC(89) User=0.14s Sys=0.00s Real=0.03s
[3.572s][info][gc,start       ] GC(90) Pause Full (Ergonomics)
[3.572s][info][gc,phases,start] GC(90) Marking Phase
[3.714s][info][gc,phases      ] GC(90) Marking Phase 142.106ms
[3.714s][info][gc,phases,start] GC(90) Summary Phase
[3.714s][info][gc,phases      ] GC(90) Summary Phase 0.021ms
[3.714s][info][gc,phases,start] GC(90) Adjust Roots
[3.714s][info][gc,phases      ] GC(90) Adjust Roots 0.158ms
[3.714s][info][gc,phases,start] GC(90) Compaction Phase
[3.776s][info][gc,phases      ] GC(90) Compaction Phase 62.314ms
[3.776s][info][gc,phases,start] GC(90) Post Compact
[3.777s][info][gc,phases      ] GC(90) Post Compact 1.077ms
[3.778s][info][gc,heap        ] GC(90) PSYoungGen: 48928K(84992K)->36403K(84992K) Eden: 0K(15872K)->0K(15872K) From: 48928K(69120K)->36403K(69120K)
[3.778s][info][gc,heap        ] GC(90) ParOldGen: 593267K(604672K)->604636K(678400K)
[3.778s][info][gc,metaspace   ] GC(90) Metaspace: 6298K(6464K)->6298K(6464K) NonClass: 5764K(5824K)->5764K(5824K) Class: 533K(640K)->533K(640K)
[3.778s][info][gc             ] GC(90) Pause Full (Ergonomics) 627M->626M(745M) 206.272ms
[3.778s][info][gc,cpu         ] GC(90) User=1.39s Sys=0.00s Real=0.21s
[3.798s][info][gc,start       ] GC(91) Pause Young (Allocation Failure)
[3.850s][info][gc,heap        ] GC(91) PSYoungGen: 52275K(84992K)->27936K(85504K) Eden: 15872K(15872K)->0K(17920K) From: 36403K(69120K)->27936K(67584K)
[3.850s][info][gc,heap        ] GC(91) ParOldGen: 604636K(678400K)->629484K(678400K)
[3.850s][info][gc,metaspace   ] GC(91) Metaspace: 6298K(6464K)->6298K(6464K) NonClass: 5764K(5824K)->5764K(5824K) Class: 533K(640K)->533K(640K)
[3.850s][info][gc             ] GC(91) Pause Young (Allocation Failure) 641M->642M(746M) 51.877ms
[3.850s][info][gc,cpu         ] GC(91) User=0.28s Sys=0.02s Real=0.05s
[3.871s][info][gc,start       ] GC(92) Pause Young (Allocation Failure)
[3.897s][info][gc,heap        ] GC(92) PSYoungGen: 45856K(85504K)->33920K(52224K) Eden: 17920K(17920K)->0K(17920K) From: 27936K(67584K)->33920K(34304K)
[3.897s][info][gc,heap        ] GC(92) ParOldGen: 629484K(678400K)->641596K(678400K)
[3.897s][info][gc,metaspace   ] GC(92) Metaspace: 6298K(6464K)->6298K(6464K) NonClass: 5764K(5824K)->5764K(5824K) Class: 533K(640K)->533K(640K)
[3.897s][info][gc             ] GC(92) Pause Young (Allocation Failure) 659M->659M(713M) 25.297ms
[3.897s][info][gc,cpu         ] GC(92) User=0.14s Sys=0.00s Real=0.03s
[3.920s][info][gc,start       ] GC(93) Pause Young (Allocation Failure)
[3.946s][info][gc,heap        ] GC(93) PSYoungGen: 51840K(52224K)->36000K(79872K) Eden: 17920K(17920K)->0K(19968K) From: 33920K(34304K)->36000K(59904K)
[3.947s][info][gc,heap        ] GC(93) ParOldGen: 641596K(678400K)->657708K(678400K)
[3.947s][info][gc,metaspace   ] GC(93) Metaspace: 6298K(6464K)->6298K(6464K) NonClass: 5764K(5824K)->5764K(5824K) Class: 533K(640K)->533K(640K)
[3.947s][info][gc             ] GC(93) Pause Young (Allocation Failure) 677M->677M(740M) 26.855ms
[3.947s][info][gc,cpu         ] GC(93) User=0.14s Sys=0.00s Real=0.03s
[3.947s][info][gc,start       ] GC(94) Pause Full (Ergonomics)
[3.947s][info][gc,phases,start] GC(94) Marking Phase
[4.103s][info][gc,phases      ] GC(94) Marking Phase 155.954ms
[4.103s][info][gc,phases,start] GC(94) Summary Phase
[4.103s][info][gc,phases      ] GC(94) Summary Phase 0.023ms
[4.103s][info][gc,phases,start] GC(94) Adjust Roots
[4.103s][info][gc,phases      ] GC(94) Adjust Roots 0.156ms
[4.103s][info][gc,phases,start] GC(94) Compaction Phase
[4.164s][info][gc,phases      ] GC(94) Compaction Phase 61.425ms
[4.164s][info][gc,phases,start] GC(94) Post Compact
[4.166s][info][gc,phases      ] GC(94) Post Compact 1.126ms
[4.166s][info][gc,heap        ] GC(94) PSYoungGen: 36000K(79872K)->14321K(81920K) Eden: 0K(19968K)->0K(22016K) From: 36000K(59904K)->14321K(59904K)
[4.166s][info][gc,heap        ] GC(94) ParOldGen: 657708K(678400K)->678345K(758784K)
[4.166s][info][gc,metaspace   ] GC(94) Metaspace: 6298K(6464K)->6298K(6464K) NonClass: 5764K(5824K)->5764K(5824K) Class: 533K(640K)->533K(640K)
[4.166s][info][gc             ] GC(94) Pause Full (Ergonomics) 677M->676M(821M) 219.247ms
[4.166s][info][gc,cpu         ] GC(94) User=1.50s Sys=0.02s Real=0.22s
[4.313s][info][gc,start       ] GC(95) Pause Young (Allocation Failure)
[4.358s][info][gc,heap        ] GC(95) PSYoungGen: 36337K(81920K)->28736K(84992K) Eden: 22016K(22016K)->0K(22016K) From: 14321K(59904K)->28736K(62976K)
[4.358s][info][gc,heap        ] GC(95) ParOldGen: 711113K(758784K)->719041K(758784K)
[4.358s][info][gc,metaspace   ] GC(95) Metaspace: 6298K(6464K)->6298K(6464K) NonClass: 5764K(5824K)->5764K(5824K) Class: 533K(640K)->533K(640K)
[4.358s][info][gc             ] GC(95) Pause Young (Allocation Failure) 729M->730M(824M) 44.794ms
[4.358s][info][gc,cpu         ] GC(95) User=0.19s Sys=0.00s Real=0.05s
[4.381s][info][gc,start       ] GC(96) Pause Young (Allocation Failure)
[4.407s][info][gc,heap        ] GC(96) PSYoungGen: 50752K(84992K)->50784K(81920K) Eden: 22016K(22016K)->0K(20480K) From: 28736K(62976K)->50784K(61440K)
[4.407s][info][gc,heap        ] GC(96) ParOldGen: 719041K(758784K)->719041K(758784K)
[4.407s][info][gc,metaspace   ] GC(96) Metaspace: 6298K(6464K)->6298K(6464K) NonClass: 5764K(5824K)->5764K(5824K) Class: 533K(640K)->533K(640K)
[4.407s][info][gc             ] GC(96) Pause Young (Allocation Failure) 751M->751M(821M) 25.804ms
[4.407s][info][gc,cpu         ] GC(96) User=0.06s Sys=0.00s Real=0.03s
[4.428s][info][gc,start       ] GC(97) Pause Young (Allocation Failure)
[4.462s][info][gc,heap        ] GC(97) PSYoungGen: 71264K(81920K)->65024K(85504K) Eden: 20480K(20480K)->0K(20480K) From: 50784K(61440K)->65024K(65024K)
[4.462s][info][gc,heap        ] GC(97) ParOldGen: 719041K(758784K)->725217K(758784K)
[4.462s][info][gc,metaspace   ] GC(97) Metaspace: 6298K(6464K)->6298K(6464K) NonClass: 5764K(5824K)->5764K(5824K) Class: 533K(640K)->533K(640K)
[4.462s][info][gc             ] GC(97) Pause Young (Allocation Failure) 771M->771M(824M) 34.208ms
[4.462s][info][gc,cpu         ] GC(97) User=0.23s Sys=0.02s Real=0.04s
[4.484s][info][gc,start       ] GC(98) Pause Young (Allocation Failure)
[4.525s][info][gc,heap        ] GC(98) PSYoungGen: 85504K(85504K)->59520K(93696K) Eden: 20480K(20480K)->0K(18944K) From: 65024K(65024K)->59520K(74752K)
[4.525s][info][gc,heap        ] GC(98) ParOldGen: 725217K(758784K)->751665K(758784K)
[4.525s][info][gc,metaspace   ] GC(98) Metaspace: 6298K(6464K)->6298K(6464K) NonClass: 5764K(5824K)->5764K(5824K) Class: 533K(640K)->533K(640K)
[4.525s][info][gc             ] GC(98) Pause Young (Allocation Failure) 791M->792M(832M) 40.809ms
[4.525s][info][gc,cpu         ] GC(98) User=0.19s Sys=0.08s Real=0.04s
[4.525s][info][gc,start       ] GC(99) Pause Full (Ergonomics)
[4.525s][info][gc,phases,start] GC(99) Marking Phase
[4.696s][info][gc,phases      ] GC(99) Marking Phase 171.603ms
[4.696s][info][gc,phases,start] GC(99) Summary Phase
[4.696s][info][gc,phases      ] GC(99) Summary Phase 0.034ms
[4.696s][info][gc,phases,start] GC(99) Adjust Roots
[4.697s][info][gc,phases      ] GC(99) Adjust Roots 0.179ms
[4.697s][info][gc,phases,start] GC(99) Compaction Phase
[4.832s][info][gc,phases      ] GC(99) Compaction Phase 134.896ms
[4.832s][info][gc,phases,start] GC(99) Post Compact
[4.833s][info][gc,phases      ] GC(99) Post Compact 1.631ms
[4.834s][info][gc,heap        ] GC(99) PSYoungGen: 59520K(93696K)->35253K(93696K) Eden: 0K(18944K)->0K(18944K) From: 59520K(74752K)->35253K(74752K)
[4.834s][info][gc,heap        ] GC(99) ParOldGen: 751665K(758784K)->758666K(845824K)
[4.834s][info][gc,metaspace   ] GC(99) Metaspace: 6298K(6464K)->6298K(6464K) NonClass: 5764K(5824K)->5764K(5824K) Class: 533K(640K)->533K(640K)
[4.834s][info][gc             ] GC(99) Pause Full (Ergonomics) 792M->775M(917M) 309.012ms
[4.834s][info][gc,cpu         ] GC(99) User=2.02s Sys=0.00s Real=0.31s
[4.857s][info][gc,start       ] GC(100) Pause Young (Allocation Failure)
[4.912s][info][gc,heap        ] GC(100) PSYoungGen: 54197K(93696K)->43104K(62464K) Eden: 18944K(18944K)->0K(18944K) From: 35253K(74752K)->43104K(43520K)
[4.912s][info][gc,heap        ] GC(100) ParOldGen: 758666K(845824K)->770074K(845824K)
[4.912s][info][gc,metaspace   ] GC(100) Metaspace: 6298K(6464K)->6298K(6464K) NonClass: 5764K(5824K)->5764K(5824K) Class: 533K(640K)->533K(640K)
[4.912s][info][gc             ] GC(100) Pause Young (Allocation Failure) 793M->794M(887M) 55.227ms
[4.912s][info][gc,cpu         ] GC(100) User=0.38s Sys=0.02s Real=0.05s
[4.932s][info][gc,start       ] GC(101) Pause Young (Allocation Failure)
[4.961s][info][gc,heap        ] GC(101) PSYoungGen: 62048K(62464K)->62080K(92160K) Eden: 18944K(18944K)->0K(16896K) From: 43104K(43520K)->62080K(75264K)
[4.961s][info][gc,heap        ] GC(101) ParOldGen: 770074K(845824K)->770074K(845824K)
[4.961s][info][gc,metaspace   ] GC(101) Metaspace: 6298K(6464K)->6298K(6464K) NonClass: 5764K(5824K)->5764K(5824K) Class: 533K(640K)->533K(640K)
[4.961s][info][gc             ] GC(101) Pause Young (Allocation Failure) 812M->812M(916M) 29.577ms
[4.961s][info][gc,cpu         ] GC(101) User=0.14s Sys=0.00s Real=0.03s
[4.981s][info][gc,start       ] GC(102) Pause Young (Allocation Failure)
[5.017s][info][gc,heap        ] GC(102) PSYoungGen: 78976K(92160K)->67968K(96256K) Eden: 16896K(16896K)->0K(16896K) From: 62080K(75264K)->67968K(79360K)
[5.017s][info][gc,heap        ] GC(102) ParOldGen: 770074K(845824K)->781258K(845824K)
[5.017s][info][gc,metaspace   ] GC(102) Metaspace: 6298K(6464K)->6298K(6464K) NonClass: 5764K(5824K)->5764K(5824K) Class: 533K(640K)->533K(640K)
[5.017s][info][gc             ] GC(102) Pause Young (Allocation Failure) 829M->829M(920M) 36.496ms
[5.017s][info][gc,cpu         ] GC(102) User=0.25s Sys=0.00s Real=0.04s
[5.036s][info][gc,start       ] GC(103) Pause Young (Allocation Failure)
[5.075s][info][gc,heap        ] GC(103) PSYoungGen: 84864K(96256K)->71808K(97792K) Eden: 16896K(16896K)->0K(13312K) From: 67968K(79360K)->71808K(84480K)
[5.075s][info][gc,heap        ] GC(103) ParOldGen: 781258K(845824K)->794434K(845824K)
[5.075s][info][gc,metaspace   ] GC(103) Metaspace: 6298K(6464K)->6298K(6464K) NonClass: 5764K(5824K)->5764K(5824K) Class: 533K(640K)->533K(640K)
[5.075s][info][gc             ] GC(103) Pause Young (Allocation Failure) 845M->845M(921M) 39.854ms
[5.075s][info][gc,cpu         ] GC(103) User=0.22s Sys=0.03s Real=0.04s
[5.090s][info][gc,start       ] GC(104) Pause Young (Allocation Failure)
[5.129s][info][gc,heap        ] GC(104) PSYoungGen: 85120K(97792K)->47264K(60928K) Eden: 13312K(13312K)->0K(13312K) From: 71808K(84480K)->47264K(47616K)
[5.129s][info][gc,heap        ] GC(104) ParOldGen: 794434K(845824K)->832802K(845824K)
[5.129s][info][gc,metaspace   ] GC(104) Metaspace: 6298K(6464K)->6298K(6464K) NonClass: 5764K(5824K)->5764K(5824K) Class: 533K(640K)->533K(640K)
[5.129s][info][gc             ] GC(104) Pause Young (Allocation Failure) 858M->859M(885M) 39.705ms
[5.129s][info][gc,cpu         ] GC(104) User=0.25s Sys=0.02s Real=0.04s
[5.130s][info][gc,start       ] GC(105) Pause Full (Ergonomics)
[5.130s][info][gc,phases,start] GC(105) Marking Phase
[5.328s][info][gc,phases      ] GC(105) Marking Phase 198.635ms
[5.328s][info][gc,phases,start] GC(105) Summary Phase
[5.328s][info][gc,phases      ] GC(105) Summary Phase 0.030ms
[5.328s][info][gc,phases,start] GC(105) Adjust Roots
[5.328s][info][gc,phases      ] GC(105) Adjust Roots 0.152ms
[5.328s][info][gc,phases,start] GC(105) Compaction Phase
[5.418s][info][gc,phases      ] GC(105) Compaction Phase 89.800ms
[5.418s][info][gc,phases,start] GC(105) Post Compact
[5.420s][info][gc,phases      ] GC(105) Post Compact 1.563ms
[5.420s][info][gc,heap        ] GC(105) PSYoungGen: 47264K(60928K)->33212K(60928K) Eden: 0K(13312K)->0K(13312K) From: 47264K(47616K)->33212K(47616K)
[5.420s][info][gc,heap        ] GC(105) ParOldGen: 832802K(845824K)->845547K(942080K)
[5.420s][info][gc,metaspace   ] GC(105) Metaspace: 6298K(6464K)->6298K(6464K) NonClass: 5764K(5824K)->5764K(5824K) Class: 533K(640K)->533K(640K)
[5.420s][info][gc             ] GC(105) Pause Full (Ergonomics) 859M->858M(979M) 290.820ms
[5.420s][info][gc,cpu         ] GC(105) User=2.00s Sys=0.00s Real=0.29s
[5.436s][info][gc,start       ] GC(106) Pause Young (Allocation Failure)
[5.491s][info][gc,heap        ] GC(106) PSYoungGen: 46524K(60928K)->23136K(101376K) Eden: 13312K(13312K)->0K(14848K) From: 33212K(47616K)->23136K(86528K)
[5.491s][info][gc,heap        ] GC(106) ParOldGen: 845547K(942080K)->869475K(942080K)
[5.491s][info][gc,metaspace   ] GC(106) Metaspace: 6298K(6464K)->6298K(6464K) NonClass: 5764K(5824K)->5764K(5824K) Class: 533K(640K)->533K(640K)
[5.491s][info][gc             ] GC(106) Pause Young (Allocation Failure) 871M->871M(1019M) 55.338ms
[5.491s][info][gc,cpu         ] GC(106) User=0.38s Sys=0.00s Real=0.06s
[5.508s][info][gc,start       ] GC(107) Pause Young (Allocation Failure)
[5.528s][info][gc,heap        ] GC(107) PSYoungGen: 37984K(101376K)->28288K(101888K) Eden: 14848K(14848K)->0K(14848K) From: 23136K(86528K)->28288K(87040K)
[5.528s][info][gc,heap        ] GC(107) ParOldGen: 869475K(942080K)->879275K(942080K)
[5.528s][info][gc,metaspace   ] GC(107) Metaspace: 6298K(6464K)->6298K(6464K) NonClass: 5764K(5824K)->5764K(5824K) Class: 533K(640K)->533K(640K)
[5.528s][info][gc             ] GC(107) Pause Young (Allocation Failure) 886M->886M(1019M) 20.769ms
[5.528s][info][gc,cpu         ] GC(107) User=0.12s Sys=0.00s Real=0.02s
[5.545s][info][gc,start       ] GC(108) Pause Young (Allocation Failure)
[5.568s][info][gc,heap        ] GC(108) PSYoungGen: 43136K(101888K)->29824K(99840K) Eden: 14848K(14848K)->0K(16896K) From: 28288K(87040K)->29824K(82944K)
[5.568s][info][gc,heap        ] GC(108) ParOldGen: 879275K(942080K)->892763K(942080K)
[5.568s][info][gc,metaspace   ] GC(108) Metaspace: 6298K(6464K)->6298K(6464K) NonClass: 5764K(5824K)->5764K(5824K) Class: 533K(640K)->533K(640K)
[5.568s][info][gc             ] GC(108) Pause Young (Allocation Failure) 900M->900M(1017M) 23.302ms
[5.568s][info][gc,cpu         ] GC(108) User=0.14s Sys=0.00s Real=0.02s
[5.586s][info][gc,start       ] GC(109) Pause Young (Allocation Failure)
[5.611s][info][gc,heap        ] GC(109) PSYoungGen: 46720K(99840K)->31840K(101376K) Eden: 16896K(16896K)->0K(16896K) From: 29824K(82944K)->31840K(84480K)
[5.611s][info][gc,heap        ] GC(109) ParOldGen: 892763K(942080K)->907811K(942080K)
[5.611s][info][gc,metaspace   ] GC(109) Metaspace: 6298K(6464K)->6298K(6464K) NonClass: 5764K(5824K)->5764K(5824K) Class: 533K(640K)->533K(640K)
[5.611s][info][gc             ] GC(109) Pause Young (Allocation Failure) 917M->917M(1019M) 25.086ms
[5.611s][info][gc,cpu         ] GC(109) User=0.11s Sys=0.00s Real=0.03s
[5.631s][info][gc,start       ] GC(110) Pause Young (Allocation Failure)
[5.657s][info][gc,heap        ] GC(110) PSYoungGen: 48736K(101376K)->33920K(96256K) Eden: 16896K(16896K)->0K(18944K) From: 31840K(84480K)->33920K(77312K)
[5.657s][info][gc,heap        ] GC(110) ParOldGen: 907811K(942080K)->922867K(942080K)
[5.657s][info][gc,metaspace   ] GC(110) Metaspace: 6298K(6464K)->6298K(6464K) NonClass: 5764K(5824K)->5764K(5824K) Class: 533K(640K)->533K(640K)
[5.657s][info][gc             ] GC(110) Pause Young (Allocation Failure) 934M->934M(1014M) 26.038ms
[5.657s][info][gc,cpu         ] GC(110) User=0.12s Sys=0.00s Real=0.03s
[5.657s][info][gc,start       ] GC(111) Pause Full (Ergonomics)
[5.657s][info][gc,phases,start] GC(111) Marking Phase
[5.869s][info][gc,phases      ] GC(111) Marking Phase 211.947ms
[5.869s][info][gc,phases,start] GC(111) Summary Phase
[5.869s][info][gc,phases      ] GC(111) Summary Phase 0.024ms
[5.869s][info][gc,phases,start] GC(111) Adjust Roots
[5.869s][info][gc,phases      ] GC(111) Adjust Roots 0.184ms
[5.869s][info][gc,phases,start] GC(111) Compaction Phase
[5.963s][info][gc,phases      ] GC(111) Compaction Phase 93.757ms
[5.963s][info][gc,phases,start] GC(111) Post Compact
[5.965s][info][gc,phases      ] GC(111) Post Compact 1.677ms
[5.965s][info][gc,heap        ] GC(111) PSYoungGen: 33920K(96256K)->13805K(98816K) Eden: 0K(18944K)->0K(21504K) From: 33920K(77312K)->13805K(77312K)
[5.965s][info][gc,heap        ] GC(111) ParOldGen: 922867K(942080K)->941604K(1040384K)
[5.965s][info][gc,metaspace   ] GC(111) Metaspace: 6298K(6464K)->6298K(6464K) NonClass: 5764K(5824K)->5764K(5824K) Class: 533K(640K)->533K(640K)
[5.965s][info][gc             ] GC(111) Pause Full (Ergonomics) 934M->933M(1112M) 308.231ms
[5.965s][info][gc,cpu         ] GC(111) User=2.25s Sys=0.00s Real=0.31s
[5.993s][info][gc,start       ] GC(112) Pause Young (Allocation Failure)
[6.049s][info][gc,heap        ] GC(112) PSYoungGen: 35309K(98816K)->21664K(101376K) Eden: 21504K(21504K)->0K(21504K) From: 13805K(77312K)->21664K(79872K)
[6.049s][info][gc,heap        ] GC(112) ParOldGen: 941604K(1040384K)->955612K(1040384K)
[6.049s][info][gc,metaspace   ] GC(112) Metaspace: 6298K(6464K)->6298K(6464K) NonClass: 5764K(5824K)->5764K(5824K) Class: 533K(640K)->533K(640K)
[6.049s][info][gc             ] GC(112) Pause Young (Allocation Failure) 954M->954M(1115M) 56.274ms
[6.049s][info][gc,cpu         ] GC(112) User=0.38s Sys=0.00s Real=0.06s
[6.072s][info][gc,start       ] GC(113) Pause Young (Allocation Failure)
[6.096s][info][gc,heap        ] GC(113) PSYoungGen: 43168K(101376K)->43136K(98816K) Eden: 21504K(21504K)->0K(24064K) From: 21664K(79872K)->43136K(74752K)
[6.096s][info][gc,heap        ] GC(113) ParOldGen: 955612K(1040384K)->955612K(1040384K)
[6.096s][info][gc,metaspace   ] GC(113) Metaspace: 6298K(6464K)->6298K(6464K) NonClass: 5764K(5824K)->5764K(5824K) Class: 533K(640K)->533K(640K)
[6.096s][info][gc             ] GC(113) Pause Young (Allocation Failure) 975M->975M(1112M) 23.540ms
[6.096s][info][gc,cpu         ] GC(113) User=0.12s Sys=0.00s Real=0.02s
[6.124s][info][gc,start       ] GC(114) Pause Young (Allocation Failure)
[6.157s][info][gc,heap        ] GC(114) PSYoungGen: 67200K(98816K)->67232K(100864K) Eden: 24064K(24064K)->0K(24064K) From: 43136K(74752K)->67232K(76800K)
[6.157s][info][gc,heap        ] GC(114) ParOldGen: 955612K(1040384K)->955612K(1040384K)
[6.157s][info][gc,metaspace   ] GC(114) Metaspace: 6298K(6464K)->6298K(6464K) NonClass: 5764K(5824K)->5764K(5824K) Class: 533K(640K)->533K(640K)
[6.157s][info][gc             ] GC(114) Pause Young (Allocation Failure) 998M->998M(1114M) 33.365ms
[6.157s][info][gc,cpu         ] GC(114) User=0.16s Sys=0.00s Real=0.03s
[6.185s][info][gc,start       ] GC(115) Pause Young (Allocation Failure)
[6.229s][info][gc,heap        ] GC(115) PSYoungGen: 91296K(100864K)->69760K(103424K) Eden: 24064K(24064K)->0K(20480K) From: 67232K(76800K)->69760K(82944K)
[6.229s][info][gc,heap        ] GC(115) ParOldGen: 955612K(1040384K)->977412K(1040384K)
[6.229s][info][gc,metaspace   ] GC(115) Metaspace: 6298K(6464K)->6298K(6464K) NonClass: 5764K(5824K)->5764K(5824K) Class: 533K(640K)->533K(640K)
[6.230s][info][gc             ] GC(115) Pause Young (Allocation Failure) 1022M->1022M(1117M) 44.543ms
[6.230s][info][gc,cpu         ] GC(115) User=0.27s Sys=0.00s Real=0.05s
[6.252s][info][gc,start       ] GC(116) Pause Young (Allocation Failure)
[6.296s][info][gc,heap        ] GC(116) PSYoungGen: 90240K(103424K)->68800K(109568K) Eden: 20480K(20480K)->0K(20480K) From: 69760K(82944K)->68800K(89088K)
[6.296s][info][gc,heap        ] GC(116) ParOldGen: 977412K(1040384K)->999220K(1040384K)
[6.296s][info][gc,metaspace   ] GC(116) Metaspace: 6298K(6464K)->6298K(6464K) NonClass: 5764K(5824K)->5764K(5824K) Class: 533K(640K)->533K(640K)
[6.296s][info][gc             ] GC(116) Pause Young (Allocation Failure) 1042M->1042M(1123M) 44.793ms
[6.296s][info][gc,cpu         ] GC(116) User=0.23s Sys=0.03s Real=0.04s
[6.320s][info][gc,start       ] GC(117) Pause Young (Allocation Failure)
[6.364s][info][gc,heap        ] GC(117) PSYoungGen: 89280K(109568K)->65280K(114688K) Eden: 20480K(20480K)->0K(20992K) From: 68800K(89088K)->65280K(93696K)
[6.364s][info][gc,heap        ] GC(117) ParOldGen: 999220K(1040384K)->1023604K(1040384K)
[6.364s][info][gc,metaspace   ] GC(117) Metaspace: 6298K(6464K)->6298K(6464K) NonClass: 5764K(5824K)->5764K(5824K) Class: 533K(640K)->533K(640K)
[6.364s][info][gc             ] GC(117) Pause Young (Allocation Failure) 1062M->1063M(1128M) 43.701ms
[6.364s][info][gc,cpu         ] GC(117) User=0.23s Sys=0.02s Real=0.04s
[6.364s][info][gc,start       ] GC(118) Pause Full (Ergonomics)
[6.364s][info][gc,phases,start] GC(118) Marking Phase
[6.614s][info][gc,phases      ] GC(118) Marking Phase 249.854ms
[6.614s][info][gc,phases,start] GC(118) Summary Phase
[6.614s][info][gc,phases      ] GC(118) Summary Phase 0.035ms
[6.614s][info][gc,phases,start] GC(118) Adjust Roots
[6.614s][info][gc,phases      ] GC(118) Adjust Roots 0.217ms
[6.614s][info][gc,phases,start] GC(118) Compaction Phase
[6.716s][info][gc,phases      ] GC(118) Compaction Phase 101.899ms
[6.716s][info][gc,phases,start] GC(118) Post Compact
[6.718s][info][gc,phases      ] GC(118) Post Compact 2.231ms
[6.719s][info][gc,heap        ] GC(118) PSYoungGen: 65280K(114688K)->47050K(114688K) Eden: 0K(20992K)->0K(20992K) From: 65280K(93696K)->47050K(93696K)
[6.719s][info][gc,heap        ] GC(118) ParOldGen: 1023604K(1040384K)->1040262K(1148416K)
[6.719s][info][gc,metaspace   ] GC(118) Metaspace: 6298K(6464K)->6298K(6464K) NonClass: 5764K(5824K)->5764K(5824K) Class: 533K(640K)->533K(640K)
[6.719s][info][gc             ] GC(118) Pause Full (Ergonomics) 1063M->1061M(1233M) 355.041ms
[6.719s][info][gc,cpu         ] GC(118) User=2.47s Sys=0.00s Real=0.35s
[6.746s][info][gc,start       ] GC(119) Pause Young (Allocation Failure)
[6.826s][info][gc,heap        ] GC(119) PSYoungGen: 68042K(114688K)->35488K(116736K) Eden: 20992K(20992K)->0K(20992K) From: 47050K(93696K)->35488K(95744K)
[6.826s][info][gc,heap        ] GC(119) ParOldGen: 1040262K(1148416K)->1073462K(1148416K)
[6.826s][info][gc,metaspace   ] GC(119) Metaspace: 6298K(6464K)->6298K(6464K) NonClass: 5764K(5824K)->5764K(5824K) Class: 533K(640K)->533K(640K)
[6.826s][info][gc             ] GC(119) Pause Young (Allocation Failure) 1082M->1082M(1235M) 80.129ms
[6.826s][info][gc,cpu         ] GC(119) User=0.47s Sys=0.05s Real=0.08s
[6.849s][info][gc,start       ] GC(120) Pause Young (Allocation Failure)
[6.880s][info][gc,heap        ] GC(120) PSYoungGen: 56480K(116736K)->42112K(109568K) Eden: 20992K(20992K)->0K(23552K) From: 35488K(95744K)->42112K(86016K)
[6.880s][info][gc,heap        ] GC(120) ParOldGen: 1073462K(1148416K)->1087974K(1148416K)
[6.880s][info][gc,metaspace   ] GC(120) Metaspace: 6298K(6464K)->6298K(6464K) NonClass: 5764K(5824K)->5764K(5824K) Class: 533K(640K)->533K(640K)
[6.880s][info][gc             ] GC(120) Pause Young (Allocation Failure) 1103M->1103M(1228M) 30.936ms
[6.880s][info][gc,cpu         ] GC(120) User=0.14s Sys=0.00s Real=0.03s
[6.907s][info][gc,start       ] GC(121) Pause Young (Allocation Failure)
[6.941s][info][gc,heap        ] GC(121) PSYoungGen: 65664K(109568K)->44704K(68608K) Eden: 23552K(23552K)->0K(23552K) From: 42112K(86016K)->44704K(45056K)
[6.941s][info][gc,heap        ] GC(121) ParOldGen: 1087974K(1148416K)->1109238K(1148416K)
[6.941s][info][gc,metaspace   ] GC(121) Metaspace: 6298K(6464K)->6298K(6464K) NonClass: 5764K(5824K)->5764K(5824K) Class: 533K(640K)->533K(640K)
[6.941s][info][gc             ] GC(121) Pause Young (Allocation Failure) 1126M->1126M(1188M) 34.564ms
[6.942s][info][gc,cpu         ] GC(121) User=0.14s Sys=0.00s Real=0.03s
[6.971s][info][gc,start       ] GC(122) Pause Young (Allocation Failure)
[7.007s][info][gc,heap        ] GC(122) PSYoungGen: 68256K(68608K)->47200K(105472K) Eden: 23552K(23552K)->0K(26624K) From: 44704K(45056K)->47200K(78848K)
[7.007s][info][gc,heap        ] GC(122) ParOldGen: 1109238K(1148416K)->1130510K(1148416K)
[7.007s][info][gc,metaspace   ] GC(122) Metaspace: 6298K(6464K)->6298K(6464K) NonClass: 5764K(5824K)->5764K(5824K) Class: 533K(640K)->533K(640K)
[7.007s][info][gc             ] GC(122) Pause Young (Allocation Failure) 1149M->1150M(1224M) 36.452ms
[7.007s][info][gc,cpu         ] GC(122) User=0.25s Sys=0.02s Real=0.04s
[7.007s][info][gc,start       ] GC(123) Pause Full (Ergonomics)
[7.007s][info][gc,phases,start] GC(123) Marking Phase
[7.290s][info][gc,phases      ] GC(123) Marking Phase 282.383ms
[7.290s][info][gc,phases,start] GC(123) Summary Phase
[7.290s][info][gc,phases      ] GC(123) Summary Phase 0.025ms
[7.290s][info][gc,phases,start] GC(123) Adjust Roots
[7.290s][info][gc,phases      ] GC(123) Adjust Roots 0.167ms
[7.290s][info][gc,phases,start] GC(123) Compaction Phase
[7.396s][info][gc,phases      ] GC(123) Compaction Phase 106.418ms
[7.396s][info][gc,phases,start] GC(123) Post Compact
[7.399s][info][gc,phases      ] GC(123) Post Compact 2.234ms
[7.399s][info][gc,heap        ] GC(123) PSYoungGen: 47200K(105472K)->28134K(108544K) Eden: 0K(26624K)->0K(29696K) From: 47200K(78848K)->28134K(78848K)
[7.399s][info][gc,heap        ] GC(123) ParOldGen: 1130510K(1148416K)->1148135K(1267712K)
[7.399s][info][gc,metaspace   ] GC(123) Metaspace: 6298K(6464K)->6298K(6464K) NonClass: 5764K(5824K)->5764K(5824K) Class: 533K(640K)->533K(640K)
[7.399s][info][gc             ] GC(123) Pause Full (Ergonomics) 1150M->1148M(1344M) 392.184ms
[7.399s][info][gc,cpu         ] GC(123) User=2.77s Sys=0.00s Real=0.39s
[7.438s][info][gc,start       ] GC(124) Pause Young (Allocation Failure)
[7.515s][info][gc,heap        ] GC(124) PSYoungGen: 57830K(108544K)->43584K(112128K) Eden: 29696K(29696K)->0K(29696K) From: 28134K(78848K)->43584K(82432K)
[7.515s][info][gc,heap        ] GC(124) ParOldGen: 1148135K(1267712K)->1162743K(1267712K)
[7.515s][info][gc,metaspace   ] GC(124) Metaspace: 6298K(6464K)->6298K(6464K) NonClass: 5764K(5824K)->5764K(5824K) Class: 533K(640K)->533K(640K)
[7.515s][info][gc             ] GC(124) Pause Young (Allocation Failure) 1177M->1178M(1347M) 77.082ms
[7.515s][info][gc,cpu         ] GC(124) User=0.50s Sys=0.02s Real=0.08s
[7.554s][info][gc,start       ] GC(125) Pause Young (Allocation Failure)
[7.593s][info][gc,heap        ] GC(125) PSYoungGen: 73280K(112128K)->73344K(105472K) Eden: 29696K(29696K)->0K(26112K) From: 43584K(82432K)->73344K(79360K)
[7.593s][info][gc,heap        ] GC(125) ParOldGen: 1162743K(1267712K)->1162743K(1267712K)
[7.593s][info][gc,metaspace   ] GC(125) Metaspace: 6298K(6464K)->6298K(6464K) NonClass: 5764K(5824K)->5764K(5824K) Class: 533K(640K)->533K(640K)
[7.593s][info][gc             ] GC(125) Pause Young (Allocation Failure) 1207M->1207M(1341M) 39.029ms
[7.593s][info][gc,cpu         ] GC(125) User=0.17s Sys=0.02s Real=0.04s
[7.625s][info][gc,start       ] GC(126) Pause Young (Allocation Failure)
[7.679s][info][gc,heap        ] GC(126) PSYoungGen: 99456K(105472K)->86016K(112128K) Eden: 26112K(26112K)->0K(26112K) From: 73344K(79360K)->86016K(86016K)
[7.679s][info][gc,heap        ] GC(126) ParOldGen: 1162743K(1267712K)->1176263K(1267712K)
[7.679s][info][gc,metaspace   ] GC(126) Metaspace: 6298K(6464K)->6298K(6464K) NonClass: 5764K(5824K)->5764K(5824K) Class: 533K(640K)->533K(640K)
[7.679s][info][gc             ] GC(126) Pause Young (Allocation Failure) 1232M->1232M(1347M) 53.162ms
[7.679s][info][gc,cpu         ] GC(126) User=0.27s Sys=0.00s Real=0.05s
[7.710s][info][gc,start       ] GC(127) Pause Young (Allocation Failure)
[7.772s][info][gc,heap        ] GC(127) PSYoungGen: 112128K(112128K)->76064K(126464K) Eden: 26112K(26112K)->0K(25600K) From: 86016K(86016K)->76064K(100864K)
[7.772s][info][gc,heap        ] GC(127) ParOldGen: 1176263K(1267712K)->1212991K(1267712K)
[7.772s][info][gc,metaspace   ] GC(127) Metaspace: 6298K(6464K)->6298K(6464K) NonClass: 5764K(5824K)->5764K(5824K) Class: 533K(640K)->533K(640K)
[7.772s][info][gc             ] GC(127) Pause Young (Allocation Failure) 1258M->1258M(1361M) 61.834ms
[7.772s][info][gc,cpu         ] GC(127) User=0.38s Sys=0.00s Real=0.06s
[7.801s][info][gc,start       ] GC(128) Pause Young (Allocation Failure)
[7.851s][info][gc,heap        ] GC(128) PSYoungGen: 101664K(126464K)->68608K(130048K) Eden: 25600K(25600K)->0K(25600K) From: 76064K(100864K)->68608K(104448K)
[7.851s][info][gc,heap        ] GC(128) ParOldGen: 1212991K(1267712K)->1240463K(1267712K)
[7.851s][info][gc,metaspace   ] GC(128) Metaspace: 6298K(6464K)->6298K(6464K) NonClass: 5764K(5824K)->5764K(5824K) Class: 533K(640K)->533K(640K)
[7.851s][info][gc             ] GC(128) Pause Young (Allocation Failure) 1283M->1278M(1365M) 50.236ms
[7.851s][info][gc,cpu         ] GC(128) User=0.30s Sys=0.00s Real=0.05s
[7.851s][info][gc,start       ] GC(129) Pause Full (Ergonomics)
[7.851s][info][gc,phases,start] GC(129) Marking Phase
[8.154s][info][gc,phases      ] GC(129) Marking Phase 303.267ms
[8.154s][info][gc,phases,start] GC(129) Summary Phase
[8.154s][info][gc,phases      ] GC(129) Summary Phase 0.035ms
[8.154s][info][gc,phases,start] GC(129) Adjust Roots
[8.155s][info][gc,phases      ] GC(129) Adjust Roots 0.281ms
[8.155s][info][gc,phases,start] GC(129) Compaction Phase
[8.511s][info][gc,phases      ] GC(129) Compaction Phase 355.953ms
[8.511s][info][gc,phases,start] GC(129) Post Compact
[8.513s][info][gc,phases      ] GC(129) Post Compact 2.646ms
[8.514s][info][gc,heap        ] GC(129) PSYoungGen: 68608K(130048K)->40249K(130048K) Eden: 0K(25600K)->0K(25600K) From: 68608K(104448K)->40249K(104448K)
[8.514s][info][gc,heap        ] GC(129) ParOldGen: 1240463K(1267712K)->1267216K(1399808K)
[8.514s][info][gc,metaspace   ] GC(129) Metaspace: 6298K(6464K)->6298K(6464K) NonClass: 5764K(5824K)->5764K(5824K) Class: 533K(640K)->533K(640K)
[8.514s][info][gc             ] GC(129) Pause Full (Ergonomics) 1278M->1276M(1494M) 663.026ms
[8.514s][info][gc,cpu         ] GC(129) User=4.59s Sys=0.06s Real=0.66s
[8.536s][info][gc,start       ] GC(130) Pause Young (Allocation Failure)
[8.622s][info][gc,heap        ] GC(130) PSYoungGen: 65849K(130048K)->41184K(128512K) Eden: 25600K(25600K)->0K(28160K) From: 40249K(104448K)->41184K(100352K)
[8.622s][info][gc,heap        ] GC(130) ParOldGen: 1267216K(1399808K)->1279952K(1399808K)
[8.622s][info][gc,metaspace   ] GC(130) Metaspace: 6298K(6464K)->6298K(6464K) NonClass: 5764K(5824K)->5764K(5824K) Class: 533K(640K)->533K(640K)
[8.622s][info][gc             ] GC(130) Pause Young (Allocation Failure) 1301M->1290M(1492M) 85.636ms
[8.622s][info][gc,cpu         ] GC(130) User=0.50s Sys=0.02s Real=0.09s
[8.661s][info][gc,start       ] GC(131) Pause Young (Allocation Failure)
[8.699s][info][gc,heap        ] GC(131) PSYoungGen: 69344K(128512K)->69280K(130560K) Eden: 28160K(28160K)->0K(28160K) From: 41184K(100352K)->69280K(102400K)
[8.699s][info][gc,heap        ] GC(131) ParOldGen: 1279952K(1399808K)->1279952K(1399808K)
[8.699s][info][gc,metaspace   ] GC(131) Metaspace: 6298K(6464K)->6298K(6464K) NonClass: 5764K(5824K)->5764K(5824K) Class: 533K(640K)->533K(640K)
[8.699s][info][gc             ] GC(131) Pause Young (Allocation Failure) 1317M->1317M(1494M) 37.592ms
[8.699s][info][gc,cpu         ] GC(131) User=0.25s Sys=0.00s Real=0.04s
[8.735s][info][gc,start       ] GC(132) Pause Young (Allocation Failure)
[8.789s][info][gc,heap        ] GC(132) PSYoungGen: 97440K(130560K)->97440K(123392K) Eden: 28160K(28160K)->0K(20992K) From: 69280K(102400K)->97440K(102400K)
[8.789s][info][gc,heap        ] GC(132) ParOldGen: 1279952K(1399808K)->1279952K(1399808K)
[8.789s][info][gc,metaspace   ] GC(132) Metaspace: 6298K(6464K)->6298K(6464K) NonClass: 5764K(5824K)->5764K(5824K) Class: 533K(640K)->533K(640K)
[8.789s][info][gc             ] GC(132) Pause Young (Allocation Failure) 1345M->1345M(1487M) 54.556ms
[8.789s][info][gc,cpu         ] GC(132) User=0.36s Sys=0.02s Real=0.06s
[8.815s][info][gc,start       ] GC(133) Pause Young (Allocation Failure)
[8.884s][info][gc,heap        ] GC(133) PSYoungGen: 118432K(123392K)->101888K(133632K) Eden: 20992K(20992K)->0K(20992K) From: 97440K(102400K)->101888K(112640K)
[8.884s][info][gc,heap        ] GC(133) ParOldGen: 1279952K(1399808K)->1296648K(1399808K)
[8.884s][info][gc,metaspace   ] GC(133) Metaspace: 6298K(6464K)->6298K(6464K) NonClass: 5764K(5824K)->5764K(5824K) Class: 533K(640K)->533K(640K)
[8.884s][info][gc             ] GC(133) Pause Young (Allocation Failure) 1365M->1365M(1497M) 68.962ms
[8.884s][info][gc,cpu         ] GC(133) User=0.45s Sys=0.06s Real=0.07s
[9.164s][info][gc,start       ] GC(134) Pause Young (Allocation Failure)
[9.252s][info][gc,heap        ] GC(134) PSYoungGen: 122880K(133632K)->111712K(135168K) Eden: 20992K(20992K)->0K(12288K) From: 101888K(112640K)->111712K(122880K)
[9.252s][info][gc,heap        ] GC(134) ParOldGen: 1362184K(1399808K)->1373584K(1399808K)
[9.252s][info][gc,metaspace   ] GC(134) Metaspace: 6298K(6464K)->6298K(6464K) NonClass: 5764K(5824K)->5764K(5824K) Class: 533K(640K)->533K(640K)
[9.252s][info][gc             ] GC(134) Pause Young (Allocation Failure) 1450M->1450M(1499M) 87.879ms
[9.252s][info][gc,cpu         ] GC(134) User=0.56s Sys=0.06s Real=0.09s
[9.252s][info][gc,start       ] GC(135) Pause Full (Ergonomics)
[9.252s][info][gc,phases,start] GC(135) Marking Phase
[9.565s][info][gc,phases      ] GC(135) Marking Phase 312.312ms
[9.565s][info][gc,phases,start] GC(135) Summary Phase
[9.565s][info][gc,phases      ] GC(135) Summary Phase 0.032ms
[9.565s][info][gc,phases,start] GC(135) Adjust Roots
[9.565s][info][gc,phases      ] GC(135) Adjust Roots 0.236ms
[9.565s][info][gc,phases,start] GC(135) Compaction Phase
[9.798s][info][gc,phases      ] GC(135) Compaction Phase 233.278ms
[9.798s][info][gc,phases,start] GC(135) Post Compact
[9.802s][info][gc,phases      ] GC(135) Post Compact 3.270ms
[9.802s][info][gc,heap        ] GC(135) PSYoungGen: 111712K(135168K)->52038K(135168K) Eden: 0K(12288K)->0K(12288K) From: 111712K(122880K)->52038K(122880K)
[9.802s][info][gc,heap        ] GC(135) ParOldGen: 1373584K(1399808K)->1399498K(1534976K)
[9.802s][info][gc,metaspace   ] GC(135) Metaspace: 6298K(6464K)->6298K(6464K) NonClass: 5764K(5824K)->5764K(5824K) Class: 533K(640K)->533K(640K)
[9.802s][info][gc             ] GC(135) Pause Full (Ergonomics) 1450M->1417M(1631M) 550.000ms
[9.802s][info][gc,cpu         ] GC(135) User=3.69s Sys=0.00s Real=0.55s
[9.815s][info][gc,start       ] GC(136) Pause Young (Allocation Failure)
[9.902s][info][gc,heap        ] GC(136) PSYoungGen: 64326K(135168K)->64544K(77312K) Eden: 12288K(12288K)->0K(12288K) From: 52038K(122880K)->64544K(65024K)
[9.902s][info][gc,heap        ] GC(136) ParOldGen: 1399498K(1534976K)->1399498K(1534976K)
[9.902s][info][gc,metaspace   ] GC(136) Metaspace: 6298K(6464K)->6298K(6464K) NonClass: 5764K(5824K)->5764K(5824K) Class: 533K(640K)->533K(640K)
[9.902s][info][gc             ] GC(136) Pause Young (Allocation Failure) 1429M->1429M(1574M) 86.532ms
[9.902s][info][gc,cpu         ] GC(136) User=0.64s Sys=0.00s Real=0.09s
[9.914s][info][gc,start       ] GC(137) Pause Young (Allocation Failure)
[9.953s][info][gc,heap        ] GC(137) PSYoungGen: 76832K(77312K)->76896K(136192K) Eden: 12288K(12288K)->0K(13824K) From: 64544K(65024K)->76896K(122368K)
[9.953s][info][gc,heap        ] GC(137) ParOldGen: 1399498K(1534976K)->1399498K(1534976K)
[9.953s][info][gc,metaspace   ] GC(137) Metaspace: 6298K(6464K)->6298K(6464K) NonClass: 5764K(5824K)->5764K(5824K) Class: 533K(640K)->533K(640K)
[9.953s][info][gc             ] GC(137) Pause Young (Allocation Failure) 1441M->1441M(1632M) 39.051ms
[9.953s][info][gc,cpu         ] GC(137) User=0.16s Sys=0.00s Real=0.04s
[9.966s][info][gc,start       ] GC(138) Pause Young (Allocation Failure)
[10.011s][info][gc,heap        ] GC(138) PSYoungGen: 90720K(136192K)->84800K(139264K) Eden: 13824K(13824K)->0K(13824K) From: 76896K(122368K)->84800K(125440K)
[10.011s][info][gc,heap        ] GC(138) ParOldGen: 1399498K(1534976K)->1405514K(1534976K)
[10.011s][info][gc,metaspace   ] GC(138) Metaspace: 6298K(6464K)->6298K(6464K) NonClass: 5764K(5824K)->5764K(5824K) Class: 533K(640K)->533K(640K)
[10.011s][info][gc             ] GC(138) Pause Young (Allocation Failure) 1455M->1455M(1635M) 45.344ms
[10.011s][info][gc,cpu         ] GC(138) User=0.17s Sys=0.00s Real=0.04s
[10.023s][info][gc,start       ] GC(139) Pause Young (Allocation Failure)
[10.069s][info][gc,heap        ] GC(139) PSYoungGen: 98624K(139264K)->89952K(139776K) Eden: 13824K(13824K)->0K(14336K) From: 84800K(125440K)->89952K(125440K)
[10.069s][info][gc,heap        ] GC(139) ParOldGen: 1405514K(1534976K)->1414290K(1534976K)
[10.069s][info][gc,metaspace   ] GC(139) Metaspace: 6298K(6464K)->6298K(6464K) NonClass: 5764K(5824K)->5764K(5824K) Class: 533K(640K)->533K(640K)
[10.069s][info][gc             ] GC(139) Pause Young (Allocation Failure) 1468M->1468M(1635M) 45.758ms
[10.069s][info][gc,cpu         ] GC(139) User=0.17s Sys=0.00s Real=0.05s
[10.082s][info][gc,start       ] GC(140) Pause Young (Allocation Failure)
[10.132s][info][gc,heap        ] GC(140) PSYoungGen: 104288K(139776K)->73632K(88064K) Eden: 14336K(14336K)->0K(14336K) From: 89952K(125440K)->73632K(73728K)
[10.132s][info][gc,heap        ] GC(140) ParOldGen: 1414290K(1534976K)->1445290K(1534976K)
[10.132s][info][gc,metaspace   ] GC(140) Metaspace: 6298K(6464K)->6298K(6464K) NonClass: 5764K(5824K)->5764K(5824K) Class: 533K(640K)->533K(640K)
[10.132s][info][gc             ] GC(140) Pause Young (Allocation Failure) 1482M->1483M(1585M) 49.407ms
[10.132s][info][gc,cpu         ] GC(140) User=0.17s Sys=0.03s Real=0.05s
[10.145s][info][gc,start       ] GC(141) Pause Young (Allocation Failure)
[10.188s][info][gc,heap        ] GC(141) PSYoungGen: 87968K(88064K)->68704K(131584K) Eden: 14336K(14336K)->0K(16896K) From: 73632K(73728K)->68704K(114688K)
[10.188s][info][gc,heap        ] GC(141) ParOldGen: 1445290K(1534976K)->1464730K(1534976K)
[10.188s][info][gc,metaspace   ] GC(141) Metaspace: 6298K(6464K)->6298K(6464K) NonClass: 5764K(5824K)->5764K(5824K) Class: 533K(640K)->533K(640K)
[10.188s][info][gc             ] GC(141) Pause Young (Allocation Failure) 1497M->1497M(1627M) 42.939ms
[10.188s][info][gc,cpu         ] GC(141) User=0.25s Sys=0.00s Real=0.04s
[10.205s][info][gc,start       ] GC(142) Pause Young (Allocation Failure)
[10.247s][info][gc,heap        ] GC(142) PSYoungGen: 85600K(131584K)->59488K(134656K) Eden: 16896K(16896K)->0K(16896K) From: 68704K(114688K)->59488K(117760K)
[10.247s][info][gc,heap        ] GC(142) ParOldGen: 1464730K(1534976K)->1491162K(1534976K)
[10.247s][info][gc,metaspace   ] GC(142) Metaspace: 6298K(6464K)->6298K(6464K) NonClass: 5764K(5824K)->5764K(5824K) Class: 533K(640K)->533K(640K)
[10.247s][info][gc             ] GC(142) Pause Young (Allocation Failure) 1513M->1514M(1630M) 42.144ms
[10.247s][info][gc,cpu         ] GC(142) User=0.27s Sys=0.00s Real=0.04s
[10.264s][info][gc,start       ] GC(143) Pause Young (Allocation Failure)
[10.303s][info][gc,heap        ] GC(143) PSYoungGen: 76384K(134656K)->48288K(134656K) Eden: 16896K(16896K)->0K(19456K) From: 59488K(117760K)->48288K(115200K)
[10.303s][info][gc,heap        ] GC(143) ParOldGen: 1491162K(1534976K)->1519658K(1534976K)
[10.303s][info][gc,metaspace   ] GC(143) Metaspace: 6298K(6464K)->6298K(6464K) NonClass: 5764K(5824K)->5764K(5824K) Class: 533K(640K)->533K(640K)
[10.303s][info][gc             ] GC(143) Pause Young (Allocation Failure) 1530M->1531M(1630M) 38.891ms
[10.303s][info][gc,cpu         ] GC(143) User=0.23s Sys=0.03s Real=0.04s
[10.303s][info][gc,start       ] GC(144) Pause Full (Ergonomics)
[10.303s][info][gc,phases,start] GC(144) Marking Phase
[10.649s][info][gc,phases      ] GC(144) Marking Phase 346.079ms
[10.649s][info][gc,phases,start] GC(144) Summary Phase
[10.649s][info][gc,phases      ] GC(144) Summary Phase 0.035ms
[10.649s][info][gc,phases,start] GC(144) Adjust Roots
[10.650s][info][gc,phases      ] GC(144) Adjust Roots 0.162ms
[10.650s][info][gc,phases,start] GC(144) Compaction Phase
[10.808s][info][gc,phases      ] GC(144) Compaction Phase 158.226ms
[10.808s][info][gc,phases,start] GC(144) Post Compact
[10.811s][info][gc,phases      ] GC(144) Post Compact 2.876ms
[10.811s][info][gc,heap        ] GC(144) PSYoungGen: 48288K(134656K)->31175K(134656K) Eden: 0K(19456K)->0K(19456K) From: 48288K(115200K)->31175K(115200K)
[10.811s][info][gc,heap        ] GC(144) ParOldGen: 1519658K(1534976K)->1534809K(1688576K)
[10.811s][info][gc,metaspace   ] GC(144) Metaspace: 6298K(6464K)->6298K(6464K) NonClass: 5764K(5824K)->5764K(5824K) Class: 533K(640K)->533K(640K)
[10.811s][info][gc             ] GC(144) Pause Full (Ergonomics) 1531M->1529M(1780M) 508.214ms
[10.812s][info][gc,cpu         ] GC(144) User=3.41s Sys=0.02s Real=0.51s
[10.834s][info][gc,start       ] GC(145) Pause Young (Allocation Failure)
[10.918s][info][gc,heap        ] GC(145) PSYoungGen: 50631K(134656K)->30752K(134656K) Eden: 19456K(19456K)->0K(19456K) From: 31175K(115200K)->30752K(115200K)
[10.918s][info][gc,heap        ] GC(145) ParOldGen: 1534809K(1688576K)->1555105K(1688576K)
[10.918s][info][gc,metaspace   ] GC(145) Metaspace: 6298K(6464K)->6298K(6464K) NonClass: 5764K(5824K)->5764K(5824K) Class: 533K(640K)->533K(640K)
[10.918s][info][gc             ] GC(145) Pause Young (Allocation Failure) 1548M->1548M(1780M) 84.113ms
[10.918s][info][gc,cpu         ] GC(145) User=0.53s Sys=0.02s Real=0.08s
[10.937s][info][gc,start       ] GC(146) Pause Young (Allocation Failure)
[10.969s][info][gc,heap        ] GC(146) PSYoungGen: 50208K(134656K)->39040K(137216K) Eden: 19456K(19456K)->0K(22016K) From: 30752K(115200K)->39040K(115200K)
[10.969s][info][gc,heap        ] GC(146) ParOldGen: 1555105K(1688576K)->1566393K(1688576K)
[10.969s][info][gc,metaspace   ] GC(146) Metaspace: 6298K(6464K)->6298K(6464K) NonClass: 5764K(5824K)->5764K(5824K) Class: 533K(640K)->533K(640K)
[10.969s][info][gc             ] GC(146) Pause Young (Allocation Failure) 1567M->1567M(1783M) 31.363ms
[10.969s][info][gc,cpu         ] GC(146) User=0.14s Sys=0.00s Real=0.03s
[10.990s][info][gc,start       ] GC(147) Pause Young (Allocation Failure)
[11.025s][info][gc,heap        ] GC(147) PSYoungGen: 61056K(137216K)->22144K(138240K) Eden: 22016K(22016K)->0K(22016K) From: 39040K(115200K)->22144K(116224K)
[11.025s][info][gc,heap        ] GC(147) ParOldGen: 1566393K(1688576K)->1605777K(1688576K)
[11.025s][info][gc,metaspace   ] GC(147) Metaspace: 6298K(6464K)->6298K(6464K) NonClass: 5764K(5824K)->5764K(5824K) Class: 533K(640K)->533K(640K)
[11.025s][info][gc             ] GC(147) Pause Young (Allocation Failure) 1589M->1589M(1784M) 34.752ms
[11.025s][info][gc,cpu         ] GC(147) User=0.14s Sys=0.02s Real=0.03s
[11.047s][info][gc,start       ] GC(148) Pause Young (Allocation Failure)
[11.076s][info][gc,heap        ] GC(148) PSYoungGen: 44160K(138240K)->22176K(143360K) Eden: 22016K(22016K)->0K(25088K) From: 22144K(116224K)->22176K(118272K)
[11.076s][info][gc,heap        ] GC(148) ParOldGen: 1605777K(1688576K)->1628081K(1688576K)
[11.076s][info][gc,metaspace   ] GC(148) Metaspace: 6298K(6464K)->6298K(6464K) NonClass: 5764K(5824K)->5764K(5824K) Class: 533K(640K)->533K(640K)
[11.076s][info][gc             ] GC(148) Pause Young (Allocation Failure) 1611M->1611M(1789M) 29.257ms
[11.076s][info][gc,cpu         ] GC(148) User=0.03s Sys=0.00s Real=0.03s
[11.103s][info][gc,start       ] GC(149) Pause Young (Allocation Failure)
[11.137s][info][gc,heap        ] GC(149) PSYoungGen: 47264K(143360K)->25248K(143360K) Eden: 25088K(25088K)->0K(25088K) From: 22176K(118272K)->25248K(118272K)
[11.137s][info][gc,heap        ] GC(149) ParOldGen: 1628081K(1688576K)->1650377K(1688576K)
[11.137s][info][gc,metaspace   ] GC(149) Metaspace: 6298K(6464K)->6298K(6464K) NonClass: 5764K(5824K)->5764K(5824K) Class: 533K(640K)->533K(640K)
[11.137s][info][gc             ] GC(149) Pause Young (Allocation Failure) 1636M->1636M(1789M) 34.217ms
[11.137s][info][gc,cpu         ] GC(149) User=0.06s Sys=0.00s Real=0.03s
[11.137s][info][gc,start       ] GC(150) Pause Full (Ergonomics)
[11.137s][info][gc,phases,start] GC(150) Marking Phase
[11.516s][info][gc,phases      ] GC(150) Marking Phase 379.200ms
[11.516s][info][gc,phases,start] GC(150) Summary Phase
[11.516s][info][gc,phases      ] GC(150) Summary Phase 0.037ms
[11.516s][info][gc,phases,start] GC(150) Adjust Roots
[11.517s][info][gc,phases      ] GC(150) Adjust Roots 0.159ms
[11.517s][info][gc,phases,start] GC(150) Compaction Phase
[11.681s][info][gc,phases      ] GC(150) Compaction Phase 164.358ms
[11.681s][info][gc,phases,start] GC(150) Post Compact
[11.684s][info][gc,phases      ] GC(150) Post Compact 3.128ms
[11.685s][info][gc,heap        ] GC(150) PSYoungGen: 25248K(143360K)->0K(145408K) Eden: 0K(25088K)->0K(28160K) From: 25248K(118272K)->0K(117248K)
[11.685s][info][gc,heap        ] GC(150) ParOldGen: 1650377K(1688576K)->1673855K(1842688K)
[11.685s][info][gc,metaspace   ] GC(150) Metaspace: 6298K(6464K)->6298K(6464K) NonClass: 5764K(5824K)->5764K(5824K) Class: 533K(640K)->533K(640K)
[11.685s][info][gc             ] GC(150) Pause Full (Ergonomics) 1636M->1634M(1941M) 547.862ms
[11.685s][info][gc,cpu         ] GC(150) User=3.95s Sys=0.00s Real=0.55s
[11.715s][info][gc,start       ] GC(151) Pause Young (Allocation Failure)
[11.740s][info][gc,heap        ] GC(151) PSYoungGen: 28160K(145408K)->28352K(145408K) Eden: 28160K(28160K)->0K(28160K) From: 0K(117248K)->28352K(117248K)
[11.740s][info][gc,heap        ] GC(151) ParOldGen: 1673855K(1842688K)->1673855K(1842688K)
[11.740s][info][gc,metaspace   ] GC(151) Metaspace: 6298K(6464K)->6298K(6464K) NonClass: 5764K(5824K)->5764K(5824K) Class: 533K(640K)->533K(640K)
[11.740s][info][gc             ] GC(151) Pause Young (Allocation Failure) 1662M->1662M(1941M) 24.379ms
[11.740s][info][gc,cpu         ] GC(151) User=0.05s Sys=0.00s Real=0.02s
[11.768s][info][gc,start       ] GC(152) Pause Young (Allocation Failure)
[11.801s][info][gc,heap        ] GC(152) PSYoungGen: 56512K(145408K)->56480K(138240K) Eden: 28160K(28160K)->0K(31232K) From: 28352K(117248K)->56480K(107008K)
[11.801s][info][gc,heap        ] GC(152) ParOldGen: 1673855K(1842688K)->1673855K(1842688K)
[11.801s][info][gc,metaspace   ] GC(152) Metaspace: 6298K(6464K)->6298K(6464K) NonClass: 5764K(5824K)->5764K(5824K) Class: 533K(640K)->533K(640K)
[11.801s][info][gc             ] GC(152) Pause Young (Allocation Failure) 1689M->1689M(1934M) 32.454ms
[11.801s][info][gc,cpu         ] GC(152) User=0.06s Sys=0.00s Real=0.03s
[11.835s][info][gc,start       ] GC(153) Pause Young (Allocation Failure)
[11.878s][info][gc,heap        ] GC(153) PSYoungGen: 87712K(138240K)->87776K(141824K) Eden: 31232K(31232K)->0K(31232K) From: 56480K(107008K)->87776K(110592K)
[11.878s][info][gc,heap        ] GC(153) ParOldGen: 1673855K(1842688K)->1673855K(1842688K)
[11.878s][info][gc,metaspace   ] GC(153) Metaspace: 6298K(6464K)->6298K(6464K) NonClass: 5764K(5824K)->5764K(5824K) Class: 533K(640K)->533K(640K)
[11.878s][info][gc             ] GC(153) Pause Young (Allocation Failure) 1720M->1720M(1938M) 43.619ms
[11.878s][info][gc,cpu         ] GC(153) User=0.25s Sys=0.02s Real=0.04s
[11.911s][info][gc,start       ] GC(154) Pause Young (Allocation Failure)
[11.967s][info][gc,heap        ] GC(154) PSYoungGen: 119008K(141824K)->118784K(136192K) Eden: 31232K(31232K)->0K(17408K) From: 87776K(110592K)->118784K(118784K)
[11.967s][info][gc,heap        ] GC(154) ParOldGen: 1673855K(1842688K)->1674047K(1842688K)
[11.967s][info][gc,metaspace   ] GC(154) Metaspace: 6298K(6464K)->6298K(6464K) NonClass: 5764K(5824K)->5764K(5824K) Class: 533K(640K)->533K(640K)
[11.967s][info][gc             ] GC(154) Pause Young (Allocation Failure) 1750M->1750M(1932M) 56.089ms
[11.967s][info][gc,cpu         ] GC(154) User=0.36s Sys=0.02s Real=0.06s
[11.987s][info][gc,start       ] GC(155) Pause Young (Allocation Failure)
[12.051s][info][gc,heap        ] GC(155) PSYoungGen: 136192K(136192K)->79968K(153600K) Eden: 17408K(17408K)->0K(17408K) From: 118784K(118784K)->79968K(136192K)
[12.051s][info][gc,heap        ] GC(155) ParOldGen: 1674047K(1842688K)->1730983K(1842688K)
[12.051s][info][gc,metaspace   ] GC(155) Metaspace: 6298K(6464K)->6298K(6464K) NonClass: 5764K(5824K)->5764K(5824K) Class: 533K(640K)->533K(640K)
[12.051s][info][gc             ] GC(155) Pause Young (Allocation Failure) 1767M->1768M(1949M) 64.124ms
[12.051s][info][gc,cpu         ] GC(155) User=0.48s Sys=0.02s Real=0.06s
[12.069s][info][gc,start       ] GC(156) Pause Young (Allocation Failure)
[12.116s][info][gc,heap        ] GC(156) PSYoungGen: 97376K(153600K)->66208K(144384K) Eden: 17408K(17408K)->0K(19968K) From: 79968K(136192K)->66208K(124416K)
[12.116s][info][gc,heap        ] GC(156) ParOldGen: 1730983K(1842688K)->1762607K(1842688K)
[12.116s][info][gc,metaspace   ] GC(156) Metaspace: 6298K(6464K)->6298K(6464K) NonClass: 5764K(5824K)->5764K(5824K) Class: 533K(640K)->533K(640K)
[12.116s][info][gc             ] GC(156) Pause Young (Allocation Failure) 1785M->1785M(1940M) 47.737ms
[12.116s][info][gc,cpu         ] GC(156) User=0.20s Sys=0.06s Real=0.05s
[12.136s][info][gc,start       ] GC(157) Pause Young (Allocation Failure)
[12.180s][info][gc,heap        ] GC(157) PSYoungGen: 86176K(144384K)->37504K(150016K) Eden: 19968K(19968K)->0K(19968K) From: 66208K(124416K)->37504K(130048K)
[12.180s][info][gc,heap        ] GC(157) ParOldGen: 1762607K(1842688K)->1811871K(1842688K)
[12.180s][info][gc,metaspace   ] GC(157) Metaspace: 6298K(6464K)->6298K(6464K) NonClass: 5764K(5824K)->5764K(5824K) Class: 533K(640K)->533K(640K)
[12.181s][info][gc             ] GC(157) Pause Young (Allocation Failure) 1805M->1806M(1946M) 44.587ms
[12.181s][info][gc,cpu         ] GC(157) User=0.23s Sys=0.03s Real=0.04s
[12.181s][info][gc,start       ] GC(158) Pause Full (Ergonomics)
[12.181s][info][gc,phases,start] GC(158) Marking Phase
[12.596s][info][gc,phases      ] GC(158) Marking Phase 415.474ms
[12.596s][info][gc,phases,start] GC(158) Summary Phase
[12.596s][info][gc,phases      ] GC(158) Summary Phase 0.037ms
[12.596s][info][gc,phases,start] GC(158) Adjust Roots
[12.596s][info][gc,phases      ] GC(158) Adjust Roots 0.162ms
[12.596s][info][gc,phases,start] GC(158) Compaction Phase
[12.762s][info][gc,phases      ] GC(158) Compaction Phase 165.119ms
[12.762s][info][gc,phases,start] GC(158) Post Compact
[12.765s][info][gc,phases      ] GC(158) Post Compact 3.436ms
[12.766s][info][gc,heap        ] GC(158) PSYoungGen: 37504K(150016K)->4613K(150016K) Eden: 0K(19968K)->0K(19968K) From: 37504K(130048K)->4613K(130048K)
[12.766s][info][gc,heap        ] GC(158) ParOldGen: 1811871K(1842688K)->1842590K(2043904K)
[12.766s][info][gc,metaspace   ] GC(158) Metaspace: 6298K(6464K)->6298K(6464K) NonClass: 5764K(5824K)->5764K(5824K) Class: 533K(640K)->533K(640K)
[12.766s][info][gc             ] GC(158) Pause Full (Ergonomics) 1806M->1803M(2142M) 585.302ms
[12.766s][info][gc,cpu         ] GC(158) User=4.34s Sys=0.03s Real=0.59s
[12.791s][info][gc,start       ] GC(159) Pause Young (Allocation Failure)
[12.880s][info][gc,heap        ] GC(159) PSYoungGen: 24581K(150016K)->20128K(149504K) Eden: 19968K(19968K)->0K(22528K) From: 4613K(130048K)->20128K(126976K)
[12.880s][info][gc,heap        ] GC(159) ParOldGen: 1842590K(2043904K)->1847286K(2043904K)
[12.880s][info][gc,metaspace   ] GC(159) Metaspace: 6298K(6464K)->6298K(6464K) NonClass: 5764K(5824K)->5764K(5824K) Class: 533K(640K)->533K(640K)
[12.880s][info][gc             ] GC(159) Pause Young (Allocation Failure) 1823M->1823M(2142M) 89.152ms
[12.880s][info][gc,cpu         ] GC(159) User=0.52s Sys=0.00s Real=0.09s
[12.907s][info][gc,start       ] GC(160) Pause Young (Allocation Failure)
[12.938s][info][gc,heap        ] GC(160) PSYoungGen: 42656K(149504K)->22656K(150016K) Eden: 22528K(22528K)->0K(22528K) From: 20128K(126976K)->22656K(127488K)
[12.938s][info][gc,heap        ] GC(160) ParOldGen: 1847286K(2043904K)->1867526K(2043904K)
[12.938s][info][gc,metaspace   ] GC(160) Metaspace: 6298K(6464K)->6298K(6464K) NonClass: 5764K(5824K)->5764K(5824K) Class: 533K(640K)->533K(640K)
[12.938s][info][gc             ] GC(160) Pause Young (Allocation Failure) 1845M->1845M(2142M) 30.901ms
[12.938s][info][gc,cpu         ] GC(160) User=0.12s Sys=0.02s Real=0.03s
[12.964s][info][gc,start       ] GC(161) Pause Young (Allocation Failure)
[12.996s][info][gc,heap        ] GC(161) PSYoungGen: 45184K(150016K)->22688K(146432K) Eden: 22528K(22528K)->0K(25088K) From: 22656K(127488K)->22688K(121344K)
[12.996s][info][gc,heap        ] GC(161) ParOldGen: 1867526K(2043904K)->1890358K(2043904K)
[12.996s][info][gc,metaspace   ] GC(161) Metaspace: 6298K(6464K)->6298K(6464K) NonClass: 5764K(5824K)->5764K(5824K) Class: 533K(640K)->533K(640K)
[12.996s][info][gc             ] GC(161) Pause Young (Allocation Failure) 1867M->1868M(2139M) 32.561ms
[12.996s][info][gc,cpu         ] GC(161) User=0.09s Sys=0.03s Real=0.03s
[13.022s][info][gc,start       ] GC(162) Pause Young (Allocation Failure)
[13.056s][info][gc,heap        ] GC(162) PSYoungGen: 47776K(146432K)->25280K(148992K) Eden: 25088K(25088K)->0K(25088K) From: 22688K(121344K)->25280K(123904K)
[13.056s][info][gc,heap        ] GC(162) ParOldGen: 1890358K(2043904K)->1913198K(2043904K)
[13.056s][info][gc,metaspace   ] GC(162) Metaspace: 6298K(6464K)->6298K(6464K) NonClass: 5764K(5824K)->5764K(5824K) Class: 533K(640K)->533K(640K)
[13.056s][info][gc             ] GC(162) Pause Young (Allocation Failure) 1892M->1893M(2141M) 33.542ms
[13.056s][info][gc,cpu         ] GC(162) User=0.14s Sys=0.00s Real=0.03s
[13.084s][info][gc,start       ] GC(163) Pause Young (Allocation Failure)
[13.118s][info][gc,heap        ] GC(163) PSYoungGen: 50368K(148992K)->25248K(141824K) Eden: 25088K(25088K)->0K(28160K) From: 25280K(123904K)->25248K(113664K)
[13.118s][info][gc,heap        ] GC(163) ParOldGen: 1913198K(2043904K)->1938630K(2043904K)
[13.118s][info][gc,metaspace   ] GC(163) Metaspace: 6298K(6464K)->6298K(6464K) NonClass: 5764K(5824K)->5764K(5824K) Class: 533K(640K)->533K(640K)
[13.118s][info][gc             ] GC(163) Pause Young (Allocation Failure) 1917M->1917M(2134M) 34.542ms
[13.118s][info][gc,cpu         ] GC(163) User=0.14s Sys=0.00s Real=0.04s
[13.151s][info][gc,start       ] GC(164) Pause Young (Allocation Failure)
[13.186s][info][gc,heap        ] GC(164) PSYoungGen: 53408K(141824K)->28352K(56832K) Eden: 28160K(28160K)->0K(28160K) From: 25248K(113664K)->28352K(28672K)
[13.186s][info][gc,heap        ] GC(164) ParOldGen: 1938630K(2043904K)->1964054K(2043904K)
[13.186s][info][gc,metaspace   ] GC(164) Metaspace: 6298K(6464K)->6298K(6464K) NonClass: 5764K(5824K)->5764K(5824K) Class: 533K(640K)->533K(640K)
[13.186s][info][gc             ] GC(164) Pause Young (Allocation Failure) 1945M->1945M(2051M) 34.978ms
[13.186s][info][gc,cpu         ] GC(164) User=0.14s Sys=0.03s Real=0.03s
[13.222s][info][gc,start       ] GC(165) Pause Young (Allocation Failure)
[13.259s][info][gc,heap        ] GC(165) PSYoungGen: 56512K(56832K)->28320K(135168K) Eden: 28160K(28160K)->0K(31232K) From: 28352K(28672K)->28320K(103936K)
[13.259s][info][gc,heap        ] GC(165) ParOldGen: 1964054K(2043904K)->1992590K(2043904K)
[13.259s][info][gc,metaspace   ] GC(165) Metaspace: 6298K(6464K)->6298K(6464K) NonClass: 5764K(5824K)->5764K(5824K) Class: 533K(640K)->533K(640K)
[13.259s][info][gc             ] GC(165) Pause Young (Allocation Failure) 1973M->1973M(2128M) 37.420ms
[13.259s][info][gc,cpu         ] GC(165) User=0.27s Sys=0.02s Real=0.04s
[13.297s][info][gc,start       ] GC(166) Pause Young (Allocation Failure)
[13.334s][info][gc,heap        ] GC(166) PSYoungGen: 59552K(135168K)->31392K(62976K) Eden: 31232K(31232K)->0K(31232K) From: 28320K(103936K)->31392K(31744K)
[13.334s][info][gc,heap        ] GC(166) ParOldGen: 1992590K(2043904K)->2021150K(2043904K)
[13.334s][info][gc,metaspace   ] GC(166) Metaspace: 6298K(6464K)->6298K(6464K) NonClass: 5764K(5824K)->5764K(5824K) Class: 533K(640K)->533K(640K)
[13.334s][info][gc             ] GC(166) Pause Young (Allocation Failure) 2004M->2004M(2057M) 37.535ms
[13.334s][info][gc,cpu         ] GC(166) User=0.14s Sys=0.02s Real=0.04s
[13.334s][info][gc,start       ] GC(167) Pause Full (Ergonomics)
[13.334s][info][gc,phases,start] GC(167) Marking Phase
[13.778s][info][gc,phases      ] GC(167) Marking Phase 444.125ms
[13.778s][info][gc,phases,start] GC(167) Summary Phase
[13.778s][info][gc,phases      ] GC(167) Summary Phase 0.040ms
[13.778s][info][gc,phases,start] GC(167) Adjust Roots
[13.779s][info][gc,phases      ] GC(167) Adjust Roots 0.193ms
[13.779s][info][gc,phases,start] GC(167) Compaction Phase
[13.960s][info][gc,phases      ] GC(167) Compaction Phase 181.801ms
[13.961s][info][gc,phases,start] GC(167) Post Compact
[13.964s][info][gc,phases      ] GC(167) Post Compact 3.743ms
[13.965s][info][gc,heap        ] GC(167) PSYoungGen: 31392K(62976K)->6168K(62976K) Eden: 0K(31232K)->0K(31232K) From: 31392K(31744K)->6168K(31744K)
[13.965s][info][gc,heap        ] GC(167) ParOldGen: 2021150K(2043904K)->2043540K(2248192K)
[13.965s][info][gc,metaspace   ] GC(167) Metaspace: 6298K(6464K)->6298K(6464K) NonClass: 5764K(5824K)->5764K(5824K) Class: 533K(640K)->533K(640K)
[13.965s][info][gc             ] GC(167) Pause Full (Ergonomics) 2004M->2001M(2257M) 630.928ms
[13.965s][info][gc,cpu         ] GC(167) User=4.56s Sys=0.02s Real=0.63s
[14.000s][info][gc,start       ] GC(168) Pause Young (Allocation Failure)
[14.105s][info][gc,heap        ] GC(168) PSYoungGen: 37400K(62976K)->31424K(128512K) Eden: 31232K(31232K)->0K(34304K) From: 6168K(31744K)->31424K(94208K)
[14.105s][info][gc,heap        ] GC(168) ParOldGen: 2043540K(2248192K)->2049820K(2248192K)
[14.105s][info][gc,metaspace   ] GC(168) Metaspace: 6298K(6464K)->6298K(6464K) NonClass: 5764K(5824K)->5764K(5824K) Class: 533K(640K)->533K(640K)
[14.105s][info][gc             ] GC(168) Pause Young (Allocation Failure) 2032M->2032M(2321M) 105.246ms
[14.105s][info][gc,cpu         ] GC(168) User=0.66s Sys=0.00s Real=0.11s
[14.142s][info][gc,start       ] GC(169) Pause Young (Allocation Failure)
[14.179s][info][gc,heap        ] GC(169) PSYoungGen: 65728K(128512K)->65728K(133632K) Eden: 34304K(34304K)->0K(34304K) From: 31424K(94208K)->65728K(99328K)
[14.180s][info][gc,heap        ] GC(169) ParOldGen: 2049820K(2248192K)->2049820K(2248192K)
[14.180s][info][gc,metaspace   ] GC(169) Metaspace: 6298K(6464K)->6298K(6464K) NonClass: 5764K(5824K)->5764K(5824K) Class: 533K(640K)->533K(640K)
[14.180s][info][gc             ] GC(169) Pause Young (Allocation Failure) 2065M->2065M(2326M) 37.615ms
[14.180s][info][gc,cpu         ] GC(169) User=0.17s Sys=0.00s Real=0.04s
[14.217s][info][gc,start       ] GC(170) Pause Young (Allocation Failure)
[14.268s][info][gc,heap        ] GC(170) PSYoungGen: 100032K(133632K)->100128K(125440K) Eden: 34304K(34304K)->0K(22528K) From: 65728K(99328K)->100128K(102912K)
[14.268s][info][gc,heap        ] GC(170) ParOldGen: 2049820K(2248192K)->2049820K(2248192K)
[14.268s][info][gc,metaspace   ] GC(170) Metaspace: 6298K(6464K)->6298K(6464K) NonClass: 5764K(5824K)->5764K(5824K) Class: 533K(640K)->533K(640K)
[14.268s][info][gc             ] GC(170) Pause Young (Allocation Failure) 2099M->2099M(2318M) 51.149ms
[14.268s][info][gc,cpu         ] GC(170) User=0.28s Sys=0.00s Real=0.05s
[14.292s][info][gc,start       ] GC(171) Pause Young (Allocation Failure)
[14.352s][info][gc,heap        ] GC(171) PSYoungGen: 122656K(125440K)->118272K(140800K) Eden: 22528K(22528K)->0K(22528K) From: 100128K(102912K)->118272K(118272K)
[14.352s][info][gc,heap        ] GC(171) ParOldGen: 2049820K(2248192K)->2054140K(2248192K)
[14.352s][info][gc,metaspace   ] GC(171) Metaspace: 6298K(6464K)->6298K(6464K) NonClass: 5764K(5824K)->5764K(5824K) Class: 533K(640K)->533K(640K)
[14.352s][info][gc             ] GC(171) Pause Young (Allocation Failure) 2121M->2121M(2333M) 59.667ms
[14.352s][info][gc,cpu         ] GC(171) User=0.38s Sys=0.00s Real=0.06s
[14.378s][info][gc,start       ] GC(172) Pause Young (Allocation Failure)
[14.452s][info][gc,heap        ] GC(172) PSYoungGen: 140800K(140800K)->78112K(163840K) Eden: 22528K(22528K)->0K(25088K) From: 118272K(118272K)->78112K(138752K)
[14.452s][info][gc,heap        ] GC(172) ParOldGen: 2054140K(2248192K)->2117756K(2248192K)
[14.452s][info][gc,metaspace   ] GC(172) Metaspace: 6298K(6464K)->6298K(6464K) NonClass: 5764K(5824K)->5764K(5824K) Class: 533K(640K)->533K(640K)
[14.452s][info][gc             ] GC(172) Pause Young (Allocation Failure) 2143M->2144M(2355M) 74.361ms
[14.452s][info][gc,cpu         ] GC(172) User=0.50s Sys=0.02s Real=0.07s
[14.483s][info][gc,start       ] GC(173) Pause Young (Allocation Failure)
[14.537s][info][gc,heap        ] GC(173) PSYoungGen: 103200K(163840K)->69600K(94720K) Eden: 25088K(25088K)->0K(25088K) From: 78112K(138752K)->69600K(69632K)
[14.537s][info][gc,heap        ] GC(173) ParOldGen: 2117756K(2248192K)->2151788K(2248192K)
[14.537s][info][gc,metaspace   ] GC(173) Metaspace: 6298K(6464K)->6298K(6464K) NonClass: 5764K(5824K)->5764K(5824K) Class: 533K(640K)->533K(640K)
[14.537s][info][gc             ] GC(173) Pause Young (Allocation Failure) 2168M->2169M(2288M) 53.880ms
[14.537s][info][gc,cpu         ] GC(173) User=0.28s Sys=0.09s Real=0.05s
[14.572s][info][gc,start       ] GC(174) Pause Young (Allocation Failure)
[14.624s][info][gc,heap        ] GC(174) PSYoungGen: 94688K(94720K)->50400K(151040K) Eden: 25088K(25088K)->0K(28160K) From: 69600K(69632K)->50400K(122880K)
[14.624s][info][gc,heap        ] GC(174) ParOldGen: 2151788K(2248192K)->2196668K(2248192K)
[14.624s][info][gc,metaspace   ] GC(174) Metaspace: 6298K(6464K)->6298K(6464K) NonClass: 5764K(5824K)->5764K(5824K) Class: 533K(640K)->533K(640K)
[14.624s][info][gc             ] GC(174) Pause Young (Allocation Failure) 2193M->2194M(2343M) 51.786ms
[14.624s][info][gc,cpu         ] GC(174) User=0.23s Sys=0.05s Real=0.05s
[14.624s][info][gc,start       ] GC(175) Pause Full (Ergonomics)
[14.624s][info][gc,phases,start] GC(175) Marking Phase
[15.125s][info][gc,phases      ] GC(175) Marking Phase 500.562ms
[15.125s][info][gc,phases,start] GC(175) Summary Phase
[15.125s][info][gc,phases      ] GC(175) Summary Phase 0.068ms
[15.125s][info][gc,phases,start] GC(175) Adjust Roots
[15.125s][info][gc,phases      ] GC(175) Adjust Roots 0.177ms
[15.125s][info][gc,phases,start] GC(175) Compaction Phase
[15.318s][info][gc,phases      ] GC(175) Compaction Phase 193.107ms
[15.318s][info][gc,phases,start] GC(175) Post Compact
[15.322s][info][gc,phases      ] GC(175) Post Compact 4.187ms
[15.323s][info][gc,heap        ] GC(175) PSYoungGen: 50400K(151040K)->0K(157184K) Eden: 0K(28160K)->0K(28160K) From: 50400K(122880K)->0K(129024K)
[15.323s][info][gc,heap        ] GC(175) ParOldGen: 2196668K(2248192K)->2244562K(2482688K)
[15.323s][info][gc,metaspace   ] GC(175) Metaspace: 6298K(6464K)->6298K(6464K) NonClass: 5764K(5824K)->5764K(5824K) Class: 533K(640K)->533K(640K)
[15.323s][info][gc             ] GC(175) Pause Full (Ergonomics) 2194M->2191M(2578M) 699.318ms
[15.324s][info][gc,cpu         ] GC(175) User=5.31s Sys=0.03s Real=0.70s
[15.359s][info][gc,start       ] GC(176) Pause Young (Allocation Failure)
[15.388s][info][gc,heap        ] GC(176) PSYoungGen: 28160K(157184K)->28352K(155648K) Eden: 28160K(28160K)->0K(31232K) From: 0K(129024K)->28352K(124416K)
[15.388s][info][gc,heap        ] GC(176) ParOldGen: 2244562K(2482688K)->2244562K(2482688K)
[15.388s][info][gc,metaspace   ] GC(176) Metaspace: 6298K(6464K)->6298K(6464K) NonClass: 5764K(5824K)->5764K(5824K) Class: 533K(640K)->533K(640K)
[15.388s][info][gc             ] GC(176) Pause Young (Allocation Failure) 2219M->2219M(2576M) 29.216ms
[15.388s][info][gc,cpu         ] GC(176) User=0.05s Sys=0.00s Real=0.03s
[15.425s][info][gc,start       ] GC(177) Pause Young (Allocation Failure)
[15.461s][info][gc,heap        ] GC(177) PSYoungGen: 59584K(155648K)->59552K(91136K) Eden: 31232K(31232K)->0K(31232K) From: 28352K(124416K)->59552K(59904K)
[15.461s][info][gc,heap        ] GC(177) ParOldGen: 2244562K(2482688K)->2244562K(2482688K)
[15.461s][info][gc,metaspace   ] GC(177) Metaspace: 6298K(6464K)->6298K(6464K) NonClass: 5764K(5824K)->5764K(5824K) Class: 533K(640K)->533K(640K)
[15.461s][info][gc             ] GC(177) Pause Young (Allocation Failure) 2250M->2250M(2513M) 35.351ms
[15.461s][info][gc,cpu         ] GC(177) User=0.16s Sys=0.00s Real=0.04s
[15.498s][info][gc,start       ] GC(178) Pause Young (Allocation Failure)
[15.544s][info][gc,heap        ] GC(178) PSYoungGen: 90784K(91136K)->90848K(149504K) Eden: 31232K(31232K)->0K(28160K) From: 59552K(59904K)->90848K(121344K)
[15.544s][info][gc,heap        ] GC(178) ParOldGen: 2244562K(2482688K)->2244562K(2482688K)
[15.544s][info][gc,metaspace   ] GC(178) Metaspace: 6298K(6464K)->6298K(6464K) NonClass: 5764K(5824K)->5764K(5824K) Class: 533K(640K)->533K(640K)
[15.544s][info][gc             ] GC(178) Pause Young (Allocation Failure) 2280M->2280M(2570M) 46.191ms
[15.544s][info][gc,cpu         ] GC(178) User=0.27s Sys=0.00s Real=0.05s
[15.577s][info][gc,start       ] GC(179) Pause Young (Allocation Failure)
[15.635s][info][gc,heap        ] GC(179) PSYoungGen: 119008K(149504K)->90848K(156160K) Eden: 28160K(28160K)->0K(28160K) From: 90848K(121344K)->90848K(128000K)
[15.635s][info][gc,heap        ] GC(179) ParOldGen: 2244562K(2482688K)->2273034K(2482688K)
[15.635s][info][gc,metaspace   ] GC(179) Metaspace: 6298K(6464K)->6298K(6464K) NonClass: 5764K(5824K)->5764K(5824K) Class: 533K(640K)->533K(640K)
[15.635s][info][gc             ] GC(179) Pause Young (Allocation Failure) 2308M->2308M(2577M) 58.381ms
[15.635s][info][gc,cpu         ] GC(179) User=0.39s Sys=0.00s Real=0.06s
[15.669s][info][gc,start       ] GC(180) Pause Young (Allocation Failure)
[15.728s][info][gc,heap        ] GC(180) PSYoungGen: 119008K(156160K)->87744K(161280K) Eden: 28160K(28160K)->0K(28672K) From: 90848K(128000K)->87744K(132608K)
[15.728s][info][gc,heap        ] GC(180) ParOldGen: 2273034K(2482688K)->2304546K(2482688K)
[15.728s][info][gc,metaspace   ] GC(180) Metaspace: 6298K(6464K)->6298K(6464K) NonClass: 5764K(5824K)->5764K(5824K) Class: 533K(640K)->533K(640K)
[15.728s][info][gc             ] GC(180) Pause Young (Allocation Failure) 2335M->2336M(2582M) 58.834ms
[15.728s][info][gc,cpu         ] GC(180) User=0.31s Sys=0.05s Real=0.06s
[15.763s][info][gc,start       ] GC(181) Pause Young (Allocation Failure)
[15.821s][info][gc,heap        ] GC(181) PSYoungGen: 116416K(161280K)->85216K(163840K) Eden: 28672K(28672K)->0K(28672K) From: 87744K(132608K)->85216K(135168K)
[15.821s][info][gc,heap        ] GC(181) ParOldGen: 2304546K(2482688K)->2336058K(2482688K)
[15.821s][info][gc,metaspace   ] GC(181) Metaspace: 6298K(6464K)->6298K(6464K) NonClass: 5764K(5824K)->5764K(5824K) Class: 533K(640K)->533K(640K)
[15.821s][info][gc             ] GC(181) Pause Young (Allocation Failure) 2364M->2364M(2584M) 58.886ms
[15.821s][info][gc,cpu         ] GC(181) User=0.39s Sys=0.00s Real=0.06s
[15.856s][info][gc,start       ] GC(182) Pause Young (Allocation Failure)
[15.914s][info][gc,heap        ] GC(182) PSYoungGen: 113888K(163840K)->85728K(167936K) Eden: 28672K(28672K)->0K(32256K) From: 85216K(135168K)->85728K(135680K)
[15.914s][info][gc,heap        ] GC(182) ParOldGen: 2336058K(2482688K)->2364458K(2482688K)
[15.914s][info][gc,metaspace   ] GC(182) Metaspace: 6298K(6464K)->6298K(6464K) NonClass: 5764K(5824K)->5764K(5824K) Class: 533K(640K)->533K(640K)
[15.914s][info][gc             ] GC(182) Pause Young (Allocation Failure) 2392M->2392M(2588M) 57.985ms
[15.914s][info][gc,cpu         ] GC(182) User=0.39s Sys=0.00s Real=0.06s
[15.953s][info][gc,start       ] GC(183) Pause Young (Allocation Failure)
[16.013s][info][gc,heap        ] GC(183) PSYoungGen: 117984K(167936K)->89792K(167936K) Eden: 32256K(32256K)->0K(32256K) From: 85728K(135680K)->89792K(135680K)
[16.013s][info][gc,heap        ] GC(183) ParOldGen: 2364458K(2482688K)->2392866K(2482688K)
[16.014s][info][gc,metaspace   ] GC(183) Metaspace: 6298K(6464K)->6298K(6464K) NonClass: 5764K(5824K)->5764K(5824K) Class: 533K(640K)->533K(640K)
[16.014s][info][gc             ] GC(183) Pause Young (Allocation Failure) 2424M->2424M(2588M) 60.436ms
[16.014s][info][gc,cpu         ] GC(183) User=0.38s Sys=0.02s Real=0.06s
[16.054s][info][gc,start       ] GC(184) Pause Young (Allocation Failure)
[16.120s][info][gc,heap        ] GC(184) PSYoungGen: 122048K(167936K)->64704K(161792K) Eden: 32256K(32256K)->0K(36352K) From: 89792K(135680K)->64704K(125440K)
[16.120s][info][gc,heap        ] GC(184) ParOldGen: 2392866K(2482688K)->2450706K(2482688K)
[16.120s][info][gc,metaspace   ] GC(184) Metaspace: 6298K(6464K)->6298K(6464K) NonClass: 5764K(5824K)->5764K(5824K) Class: 533K(640K)->533K(640K)
[16.120s][info][gc             ] GC(184) Pause Young (Allocation Failure) 2455M->2456M(2582M) 66.461ms
[16.120s][info][gc,cpu         ] GC(184) User=0.38s Sys=0.03s Real=0.07s
[16.120s][info][gc,start       ] GC(185) Pause Full (Ergonomics)
[16.120s][info][gc,phases,start] GC(185) Marking Phase
[16.686s][info][gc,phases      ] GC(185) Marking Phase 565.910ms
[16.686s][info][gc,phases,start] GC(185) Summary Phase
[16.686s][info][gc,phases      ] GC(185) Summary Phase 0.043ms
[16.686s][info][gc,phases,start] GC(185) Adjust Roots
[16.686s][info][gc,phases      ] GC(185) Adjust Roots 0.159ms
[16.686s][info][gc,phases,start] GC(185) Compaction Phase
[16.896s][info][gc,phases      ] GC(185) Compaction Phase 209.254ms
[16.896s][info][gc,phases,start] GC(185) Post Compact
[16.900s][info][gc,phases      ] GC(185) Post Compact 4.323ms
[16.901s][info][gc,heap        ] GC(185) PSYoungGen: 64704K(161792K)->30710K(166400K) Eden: 0K(36352K)->0K(40960K) From: 64704K(125440K)->30710K(125440K)
[16.901s][info][gc,heap        ] GC(185) ParOldGen: 2450706K(2482688K)->2482358K(2740736K)
[16.901s][info][gc,metaspace   ] GC(185) Metaspace: 6298K(6464K)->6298K(6464K) NonClass: 5764K(5824K)->5764K(5824K) Class: 533K(640K)->533K(640K)
[16.901s][info][gc             ] GC(185) Pause Full (Ergonomics) 2456M->2454M(2839M) 781.037ms
[16.901s][info][gc,cpu         ] GC(185) User=5.95s Sys=0.02s Real=0.78s
[16.953s][info][gc,start       ] GC(186) Pause Young (Allocation Failure)
[17.098s][info][gc,heap        ] GC(186) PSYoungGen: 71670K(166400K)->41216K(172032K) Eden: 40960K(40960K)->0K(40960K) From: 30710K(125440K)->41216K(131072K)
[17.098s][info][gc,heap        ] GC(186) ParOldGen: 2482358K(2740736K)->2513406K(2740736K)
[17.098s][info][gc,metaspace   ] GC(186) Metaspace: 6298K(6464K)->6298K(6464K) NonClass: 5764K(5824K)->5764K(5824K) Class: 533K(640K)->533K(640K)
[17.098s][info][gc             ] GC(186) Pause Young (Allocation Failure) 2494M->2494M(2844M) 145.529ms
[17.098s][info][gc,cpu         ] GC(186) User=0.91s Sys=0.02s Real=0.14s
[17.146s][info][gc,start       ] GC(187) Pause Young (Allocation Failure)
[17.204s][info][gc,heap        ] GC(187) PSYoungGen: 82176K(172032K)->41152K(173056K) Eden: 40960K(40960K)->0K(45568K) From: 41216K(131072K)->41152K(127488K)
[17.204s][info][gc,heap        ] GC(187) ParOldGen: 2513406K(2740736K)->2554742K(2740736K)
[17.204s][info][gc,metaspace   ] GC(187) Metaspace: 6298K(6464K)->6298K(6464K) NonClass: 5764K(5824K)->5764K(5824K) Class: 533K(640K)->533K(640K)
[17.205s][info][gc             ] GC(187) Pause Young (Allocation Failure) 2534M->2535M(2845M) 58.209ms
[17.205s][info][gc,cpu         ] GC(187) User=0.19s Sys=0.19s Real=0.06s
[17.264s][info][gc,start       ] GC(188) Pause Young (Allocation Failure)
[17.324s][info][gc,heap        ] GC(188) PSYoungGen: 86720K(173056K)->45760K(174080K) Eden: 45568K(45568K)->0K(45568K) From: 41152K(127488K)->45760K(128512K)
[17.324s][info][gc,heap        ] GC(188) ParOldGen: 2554742K(2740736K)->2596078K(2740736K)
[17.324s][info][gc,metaspace   ] GC(188) Metaspace: 6298K(6464K)->6298K(6464K) NonClass: 5764K(5824K)->5764K(5824K) Class: 533K(640K)->533K(640K)
[17.324s][info][gc             ] GC(188) Pause Young (Allocation Failure) 2579M->2579M(2846M) 60.176ms
[17.324s][info][gc,cpu         ] GC(188) User=0.30s Sys=0.09s Real=0.06s
[17.382s][info][gc,start       ] GC(189) Pause Young (Allocation Failure)
[17.447s][info][gc,heap        ] GC(189) PSYoungGen: 91328K(174080K)->45728K(168960K) Eden: 45568K(45568K)->0K(50688K) From: 45760K(128512K)->45728K(118272K)
[17.447s][info][gc,heap        ] GC(189) ParOldGen: 2596078K(2740736K)->2642062K(2740736K)
[17.447s][info][gc,metaspace   ] GC(189) Metaspace: 6298K(6464K)->6298K(6464K) NonClass: 5764K(5824K)->5764K(5824K) Class: 533K(640K)->533K(640K)
[17.447s][info][gc             ] GC(189) Pause Young (Allocation Failure) 2624M->2624M(2841M) 64.833ms
[17.447s][info][gc,cpu         ] GC(189) User=0.14s Sys=0.25s Real=0.07s
[17.508s][info][gc,start       ] GC(190) Pause Young (Allocation Failure)
[17.576s][info][gc,heap        ] GC(190) PSYoungGen: 96416K(168960K)->50976K(172544K) Eden: 50688K(50688K)->0K(50688K) From: 45728K(118272K)->50976K(121856K)
[17.576s][info][gc,heap        ] GC(190) ParOldGen: 2642062K(2740736K)->2688038K(2740736K)
[17.576s][info][gc,metaspace   ] GC(190) Metaspace: 6298K(6464K)->6298K(6464K) NonClass: 5764K(5824K)->5764K(5824K) Class: 533K(640K)->533K(640K)
[17.576s][info][gc             ] GC(190) Pause Young (Allocation Failure) 2674M->2674M(2845M) 67.800ms
[17.576s][info][gc,cpu         ] GC(190) User=0.33s Sys=0.06s Real=0.07s
[17.576s][info][gc,start       ] GC(191) Pause Full (Ergonomics)
[17.576s][info][gc,phases,start] GC(191) Marking Phase
[18.193s][info][gc,phases      ] GC(191) Marking Phase 617.186ms
[18.193s][info][gc,phases,start] GC(191) Summary Phase
[18.193s][info][gc,phases      ] GC(191) Summary Phase 0.062ms
[18.193s][info][gc,phases,start] GC(191) Adjust Roots
[18.194s][info][gc,phases      ] GC(191) Adjust Roots 0.163ms
[18.194s][info][gc,phases,start] GC(191) Compaction Phase
[18.422s][info][gc,phases      ] GC(191) Compaction Phase 228.711ms
[18.422s][info][gc,phases,start] GC(191) Post Compact
[18.428s][info][gc,phases      ] GC(191) Post Compact 5.460ms
[18.430s][info][gc,heap        ] GC(191) PSYoungGen: 50976K(172544K)->0K(174080K) Eden: 0K(50688K)->0K(56320K) From: 50976K(121856K)->0K(117760K)
[18.430s][info][gc,heap        ] GC(191) ParOldGen: 2688038K(2740736K)->2736653K(3019776K)
[18.430s][info][gc,metaspace   ] GC(191) Metaspace: 6298K(6464K)->6298K(6464K) NonClass: 5764K(5824K)->5764K(5824K) Class: 533K(640K)->533K(640K)
[18.430s][info][gc             ] GC(191) Pause Full (Ergonomics) 2674M->2672M(3119M) 854.124ms
[18.430s][info][gc,cpu         ] GC(191) User=6.39s Sys=0.11s Real=0.85s
[18.495s][info][gc,start       ] GC(192) Pause Young (Allocation Failure)
[18.530s][info][gc,heap        ] GC(192) PSYoungGen: 56320K(174080K)->56544K(174080K) Eden: 56320K(56320K)->0K(56320K) From: 0K(117760K)->56544K(117760K)
[18.530s][info][gc,heap        ] GC(192) ParOldGen: 2736653K(3019776K)->2736653K(3019776K)
[18.530s][info][gc,metaspace   ] GC(192) Metaspace: 6298K(6464K)->6298K(6464K) NonClass: 5764K(5824K)->5764K(5824K) Class: 533K(640K)->533K(640K)
[18.530s][info][gc             ] GC(192) Pause Young (Allocation Failure) 2727M->2727M(3119M) 35.659ms
[18.530s][info][gc,cpu         ] GC(192) User=0.16s Sys=0.00s Real=0.04s
[19.218s][info][gc,start       ] GC(193) Pause Young (Allocation Failure)
[19.342s][info][gc,heap        ] GC(193) PSYoungGen: 112864K(174080K)->112640K(159744K) Eden: 56320K(56320K)->0K(47104K) From: 56544K(117760K)->112640K(112640K)
[19.342s][info][gc,heap        ] GC(193) ParOldGen: 2867725K(3019776K)->2867941K(3019776K)
[19.342s][info][gc,metaspace   ] GC(193) Metaspace: 6298K(6464K)->6298K(6464K) NonClass: 5764K(5824K)->5764K(5824K) Class: 533K(640K)->533K(640K)
[19.342s][info][gc             ] GC(193) Pause Young (Allocation Failure) 2910M->2910M(3105M) 124.208ms
[19.342s][info][gc,cpu         ] GC(193) User=0.69s Sys=0.03s Real=0.12s
[19.394s][info][gc,start       ] GC(194) Pause Young (Allocation Failure)
[19.511s][info][gc,heap        ] GC(194) PSYoungGen: 159744K(159744K)->47296K(174080K) Eden: 47104K(47104K)->0K(47104K) From: 112640K(112640K)->47296K(126976K)
[19.511s][info][gc,heap        ] GC(194) ParOldGen: 2867941K(3019776K)->2981389K(3019776K)
[19.511s][info][gc,metaspace   ] GC(194) Metaspace: 6298K(6464K)->6298K(6464K) NonClass: 5764K(5824K)->5764K(5824K) Class: 533K(640K)->533K(640K)
[19.511s][info][gc             ] GC(194) Pause Young (Allocation Failure) 2956M->2957M(3119M) 117.475ms
[19.511s][info][gc,cpu         ] GC(194) User=0.53s Sys=0.47s Real=0.12s
[19.511s][info][gc,start       ] GC(195) Pause Full (Ergonomics)
[19.511s][info][gc,phases,start] GC(195) Marking Phase
[20.169s][info][gc,phases      ] GC(195) Marking Phase 657.785ms
[20.169s][info][gc,phases,start] GC(195) Summary Phase
[20.169s][info][gc,phases      ] GC(195) Summary Phase 0.058ms
[20.169s][info][gc,phases,start] GC(195) Adjust Roots
[20.169s][info][gc,phases      ] GC(195) Adjust Roots 0.160ms
[20.169s][info][gc,phases,start] GC(195) Compaction Phase
[20.623s][info][gc,phases      ] GC(195) Compaction Phase 453.961ms
[20.623s][info][gc,phases,start] GC(195) Post Compact
[20.630s][info][gc,phases      ] GC(195) Post Compact 6.935ms
[20.632s][info][gc,heap        ] GC(195) PSYoungGen: 47296K(174080K)->0K(175616K) Eden: 0K(47104K)->0K(51712K) From: 47296K(126976K)->0K(123904K)
[20.632s][info][gc,heap        ] GC(195) ParOldGen: 2981389K(3019776K)->2961829K(3294720K)
[20.632s][info][gc,metaspace   ] GC(195) Metaspace: 6298K(6464K)->6298K(6464K) NonClass: 5764K(5824K)->5764K(5824K) Class: 533K(640K)->533K(640K)
[20.633s][info][gc             ] GC(195) Pause Full (Ergonomics) 2957M->2892M(3389M) 1121.364ms
[20.633s][info][gc,cpu         ] GC(195) User=7.97s Sys=0.08s Real=1.12s
[20.689s][info][gc,start       ] GC(196) Pause Young (Allocation Failure)
[20.732s][info][gc,heap        ] GC(196) PSYoungGen: 51712K(175616K)->51872K(175616K) Eden: 51712K(51712K)->0K(51712K) From: 0K(123904K)->51872K(123904K)
[20.732s][info][gc,heap        ] GC(196) ParOldGen: 2961829K(3294720K)->2961829K(3294720K)
[20.732s][info][gc,metaspace   ] GC(196) Metaspace: 6298K(6464K)->6298K(6464K) NonClass: 5764K(5824K)->5764K(5824K) Class: 533K(640K)->533K(640K)
[20.732s][info][gc             ] GC(196) Pause Young (Allocation Failure) 2942M->2943M(3389M) 43.045ms
[20.732s][info][gc,cpu         ] GC(196) User=0.19s Sys=0.00s Real=0.04s
[20.781s][info][gc,start       ] GC(197) Pause Young (Allocation Failure)
[20.845s][info][gc,heap        ] GC(197) PSYoungGen: 103584K(175616K)->103744K(166400K) Eden: 51712K(51712K)->0K(46592K) From: 51872K(123904K)->103744K(119808K)
[20.845s][info][gc,heap        ] GC(197) ParOldGen: 2961829K(3294720K)->2961829K(3294720K)
[20.845s][info][gc,metaspace   ] GC(197) Metaspace: 6298K(6464K)->6298K(6464K) NonClass: 5764K(5824K)->5764K(5824K) Class: 533K(640K)->533K(640K)
[20.845s][info][gc             ] GC(197) Pause Young (Allocation Failure) 2993M->2993M(3380M) 63.232ms
[20.845s][info][gc,cpu         ] GC(197) User=0.28s Sys=0.00s Real=0.06s
[20.892s][info][gc,start       ] GC(198) Pause Young (Allocation Failure)
[20.967s][info][gc,heap        ] GC(198) PSYoungGen: 150336K(166400K)->129536K(176128K) Eden: 46592K(46592K)->0K(46592K) From: 103744K(119808K)->129536K(129536K)
[20.968s][info][gc,heap        ] GC(198) ParOldGen: 2961829K(3294720K)->2982733K(3294720K)
[20.968s][info][gc,metaspace   ] GC(198) Metaspace: 6298K(6464K)->6298K(6464K) NonClass: 5764K(5824K)->5764K(5824K) Class: 533K(640K)->533K(640K)
[20.968s][info][gc             ] GC(198) Pause Young (Allocation Failure) 3039M->3039M(3389M) 75.082ms
[20.968s][info][gc,cpu         ] GC(198) User=0.31s Sys=0.00s Real=0.08s
[21.014s][info][gc,start       ] GC(199) Pause Young (Allocation Failure)
[21.130s][info][gc,heap        ] GC(199) PSYoungGen: 176128K(176128K)->132160K(192000K) Eden: 46592K(46592K)->0K(37888K) From: 129536K(129536K)->132160K(154112K)
[21.130s][info][gc,heap        ] GC(199) ParOldGen: 2982733K(3294720K)->3027253K(3294720K)
[21.130s][info][gc,metaspace   ] GC(199) Metaspace: 6298K(6464K)->6298K(6464K) NonClass: 5764K(5824K)->5764K(5824K) Class: 533K(640K)->533K(640K)
[21.130s][info][gc             ] GC(199) Pause Young (Allocation Failure) 3084M->3085M(3405M) 116.493ms
[21.130s][info][gc,cpu         ] GC(199) User=0.52s Sys=0.38s Real=0.12s
[21.175s][info][gc,start       ] GC(200) Pause Young (Allocation Failure)
[21.265s][info][gc,heap        ] GC(200) PSYoungGen: 170048K(192000K)->130112K(205312K) Eden: 37888K(37888K)->0K(37888K) From: 132160K(154112K)->130112K(167424K)
[21.265s][info][gc,heap        ] GC(200) ParOldGen: 3027253K(3294720K)->3067525K(3294720K)
[21.265s][info][gc,metaspace   ] GC(200) Metaspace: 6298K(6464K)->6298K(6464K) NonClass: 5764K(5824K)->5764K(5824K) Class: 533K(640K)->533K(640K)
[21.265s][info][gc             ] GC(200) Pause Young (Allocation Failure) 3122M->3122M(3418M) 89.715ms
[21.265s][info][gc,cpu         ] GC(200) User=0.39s Sys=0.22s Real=0.09s
[21.305s][info][gc,start       ] GC(201) Pause Young (Allocation Failure)
[21.400s][info][gc,heap        ] GC(201) PSYoungGen: 168000K(205312K)->122688K(215040K) Eden: 37888K(37888K)->0K(37888K) From: 130112K(167424K)->122688K(177152K)
[21.400s][info][gc,heap        ] GC(201) ParOldGen: 3067525K(3294720K)->3113245K(3294720K)
[21.400s][info][gc,metaspace   ] GC(201) Metaspace: 6298K(6464K)->6298K(6464K) NonClass: 5764K(5824K)->5764K(5824K) Class: 533K(640K)->533K(640K)
[21.400s][info][gc             ] GC(201) Pause Young (Allocation Failure) 3159M->3160M(3427M) 95.516ms
[21.400s][info][gc,cpu         ] GC(201) User=0.48s Sys=0.16s Real=0.10s
[21.441s][info][gc,start       ] GC(202) Pause Young (Allocation Failure)
[21.549s][info][gc,heap        ] GC(202) PSYoungGen: 160576K(215040K)->76000K(114176K) Eden: 37888K(37888K)->0K(37888K) From: 122688K(177152K)->76000K(76288K)
[21.549s][info][gc,heap        ] GC(202) ParOldGen: 3113245K(3294720K)->3198461K(3294720K)
[21.549s][info][gc,metaspace   ] GC(202) Metaspace: 6298K(6464K)->6298K(6464K) NonClass: 5764K(5824K)->5764K(5824K) Class: 533K(640K)->533K(640K)
[21.549s][info][gc             ] GC(202) Pause Young (Allocation Failure) 3197M->3197M(3329M) 108.092ms
[21.549s][info][gc,cpu         ] GC(202) User=0.55s Sys=0.19s Real=0.11s
[21.549s][info][gc,start       ] GC(203) Pause Full (Ergonomics)
[21.549s][info][gc,phases,start] GC(203) Marking Phase
[22.276s][info][gc,phases      ] GC(203) Marking Phase 726.612ms
[22.276s][info][gc,phases,start] GC(203) Summary Phase
[22.276s][info][gc,phases      ] GC(203) Summary Phase 0.068ms
[22.276s][info][gc,phases,start] GC(203) Adjust Roots
[22.276s][info][gc,phases      ] GC(203) Adjust Roots 0.163ms
[22.276s][info][gc,phases,start] GC(203) Compaction Phase
[22.612s][info][gc,phases      ] GC(203) Compaction Phase 335.458ms
[22.612s][info][gc,phases,start] GC(203) Post Compact
[22.618s][info][gc,phases      ] GC(203) Post Compact 6.173ms
[22.620s][info][gc,heap        ] GC(203) PSYoungGen: 76000K(114176K)->0K(217600K) Eden: 0K(37888K)->0K(43008K) From: 76000K(76288K)->0K(174592K)
[22.620s][info][gc,heap        ] GC(203) ParOldGen: 3198461K(3294720K)->3271892K(3631616K)
[22.620s][info][gc,metaspace   ] GC(203) Metaspace: 6298K(6464K)->6298K(6464K) NonClass: 5764K(5824K)->5764K(5824K) Class: 533K(640K)->533K(640K)
[22.620s][info][gc             ] GC(203) Pause Full (Ergonomics) 3197M->3195M(3759M) 1071.064ms
[22.620s][info][gc,cpu         ] GC(203) User=7.70s Sys=0.14s Real=1.07s
[22.664s][info][gc,start       ] GC(204) Pause Young (Allocation Failure)
[22.705s][info][gc,heap        ] GC(204) PSYoungGen: 43008K(217600K)->43200K(217600K) Eden: 43008K(43008K)->0K(43008K) From: 0K(174592K)->43200K(174592K)
[22.705s][info][gc,heap        ] GC(204) ParOldGen: 3271892K(3631616K)->3271892K(3631616K)
[22.705s][info][gc,metaspace   ] GC(204) Metaspace: 6298K(6464K)->6298K(6464K) NonClass: 5764K(5824K)->5764K(5824K) Class: 533K(640K)->533K(640K)
[22.705s][info][gc             ] GC(204) Pause Young (Allocation Failure) 3237M->3237M(3759M) 40.718ms
[22.705s][info][gc,cpu         ] GC(204) User=0.08s Sys=0.00s Real=0.04s
[22.748s][info][gc,start       ] GC(205) Pause Young (Allocation Failure)
[22.806s][info][gc,heap        ] GC(205) PSYoungGen: 86208K(217600K)->86272K(205824K) Eden: 43008K(43008K)->0K(47616K) From: 43200K(174592K)->86272K(158208K)
[22.806s][info][gc,heap        ] GC(205) ParOldGen: 3271892K(3631616K)->3271892K(3631616K)
[22.806s][info][gc,metaspace   ] GC(205) Metaspace: 6298K(6464K)->6298K(6464K) NonClass: 5764K(5824K)->5764K(5824K) Class: 533K(640K)->533K(640K)
[22.806s][info][gc             ] GC(205) Pause Young (Allocation Failure) 3279M->3279M(3747M) 57.563ms
[22.806s][info][gc,cpu         ] GC(205) User=0.20s Sys=0.00s Real=0.06s
[22.858s][info][gc,start       ] GC(206) Pause Young (Allocation Failure)
[22.934s][info][gc,heap        ] GC(206) PSYoungGen: 133888K(205824K)->90880K(138752K) Eden: 47616K(47616K)->0K(47616K) From: 86272K(158208K)->90880K(91136K)
[22.934s][info][gc,heap        ] GC(206) ParOldGen: 3271892K(3631616K)->3315276K(3631616K)
[22.934s][info][gc,metaspace   ] GC(206) Metaspace: 6298K(6464K)->6298K(6464K) NonClass: 5764K(5824K)->5764K(5824K) Class: 533K(640K)->533K(640K)
[22.934s][info][gc             ] GC(206) Pause Young (Allocation Failure) 3325M->3326M(3682M) 76.488ms
[22.934s][info][gc,cpu         ] GC(206) User=0.44s Sys=0.08s Real=0.08s
[22.986s][info][gc,start       ] GC(207) Pause Young (Allocation Failure)
[23.068s][info][gc,heap        ] GC(207) PSYoungGen: 138496K(138752K)->95488K(206848K) Eden: 47616K(47616K)->0K(53248K) From: 90880K(91136K)->95488K(153600K)
[23.068s][info][gc,heap        ] GC(207) ParOldGen: 3315276K(3631616K)->3358692K(3631616K)
[23.068s][info][gc,metaspace   ] GC(207) Metaspace: 6298K(6464K)->6298K(6464K) NonClass: 5764K(5824K)->5764K(5824K) Class: 533K(640K)->533K(640K)
[23.068s][info][gc             ] GC(207) Pause Young (Allocation Failure) 3372M->3373M(3748M) 82.302ms
[23.068s][info][gc,cpu         ] GC(207) User=0.33s Sys=0.19s Real=0.08s
[23.119s][info][gc,start       ] GC(208) Pause Young (Allocation Failure)
[23.206s][info][gc,heap        ] GC(208) PSYoungGen: 148736K(206848K)->101120K(209920K) Eden: 53248K(53248K)->0K(53248K) From: 95488K(153600K)->101120K(156672K)
[23.206s][info][gc,heap        ] GC(208) ParOldGen: 3358692K(3631616K)->3406724K(3631616K)
[23.206s][info][gc,metaspace   ] GC(208) Metaspace: 6298K(6464K)->6298K(6464K) NonClass: 5764K(5824K)->5764K(5824K) Class: 533K(640K)->533K(640K)
[23.206s][info][gc             ] GC(208) Pause Young (Allocation Failure) 3425M->3425M(3751M) 87.432ms
[23.206s][info][gc,cpu         ] GC(208) User=0.45s Sys=0.05s Real=0.09s
[23.263s][info][gc,start       ] GC(209) Pause Young (Allocation Failure)
[23.353s][info][gc,heap        ] GC(209) PSYoungGen: 154368K(209920K)->106816K(214528K) Eden: 53248K(53248K)->0K(58880K) From: 101120K(156672K)->106816K(155648K)
[23.353s][info][gc,heap        ] GC(209) ParOldGen: 3406724K(3631616K)->3454756K(3631616K)
[23.353s][info][gc,metaspace   ] GC(209) Metaspace: 6298K(6464K)->6298K(6464K) NonClass: 5764K(5824K)->5764K(5824K) Class: 533K(640K)->533K(640K)
[23.353s][info][gc             ] GC(209) Pause Young (Allocation Failure) 3477M->3478M(3756M) 89.936ms
[23.353s][info][gc,cpu         ] GC(209) User=0.47s Sys=0.17s Real=0.09s
[23.417s][info][gc,start       ] GC(210) Pause Young (Allocation Failure)
[23.514s][info][gc,heap        ] GC(210) PSYoungGen: 165696K(214528K)->112416K(215040K) Eden: 58880K(58880K)->0K(58880K) From: 106816K(155648K)->112416K(156160K)
[23.514s][info][gc,heap        ] GC(210) ParOldGen: 3454756K(3631616K)->3508484K(3631616K)
[23.514s][info][gc,metaspace   ] GC(210) Metaspace: 6298K(6464K)->6298K(6464K) NonClass: 5764K(5824K)->5764K(5824K) Class: 533K(640K)->533K(640K)
[23.514s][info][gc             ] GC(210) Pause Young (Allocation Failure) 3535M->3536M(3756M) 96.662ms
[23.514s][info][gc,cpu         ] GC(210) User=0.47s Sys=0.19s Real=0.10s
[23.578s][info][gc,start       ] GC(211) Pause Young (Allocation Failure)
[23.706s][info][gc,heap        ] GC(211) PSYoungGen: 171296K(215040K)->59136K(221184K) Eden: 58880K(58880K)->0K(66048K) From: 112416K(156160K)->59136K(155136K)
[23.706s][info][gc,heap        ] GC(211) ParOldGen: 3508484K(3631616K)->3621580K(3631616K)
[23.706s][info][gc,metaspace   ] GC(211) Metaspace: 6298K(6464K)->6298K(6464K) NonClass: 5764K(5824K)->5764K(5824K) Class: 533K(640K)->533K(640K)
[23.706s][info][gc             ] GC(211) Pause Young (Allocation Failure) 3593M->3594M(3762M) 127.934ms
[23.706s][info][gc,cpu         ] GC(211) User=0.58s Sys=0.41s Real=0.13s
[23.706s][info][gc,start       ] GC(212) Pause Full (Ergonomics)
[23.706s][info][gc,phases,start] GC(212) Marking Phase
[24.526s][info][gc,phases      ] GC(212) Marking Phase 819.283ms
[24.526s][info][gc,phases,start] GC(212) Summary Phase
[24.526s][info][gc,phases      ] GC(212) Summary Phase 0.046ms
[24.526s][info][gc,phases,start] GC(212) Adjust Roots
[24.526s][info][gc,phases      ] GC(212) Adjust Roots 0.156ms
[24.526s][info][gc,phases,start] GC(212) Compaction Phase
[24.886s][info][gc,phases      ] GC(212) Compaction Phase 360.321ms
[24.886s][info][gc,phases,start] GC(212) Post Compact
[24.893s][info][gc,phases      ] GC(212) Post Compact 6.755ms
[24.896s][info][gc,heap        ] GC(212) PSYoungGen: 59136K(221184K)->45554K(222720K) Eden: 0K(66048K)->0K(67584K) From: 59136K(155136K)->45554K(155136K)
[24.896s][info][gc,heap        ] GC(212) ParOldGen: 3621580K(3631616K)->3631576K(4033024K)
[24.896s][info][gc,metaspace   ] GC(212) Metaspace: 6298K(6464K)->6298K(6464K) NonClass: 5764K(5824K)->5764K(5824K) Class: 533K(640K)->533K(640K)
[24.896s][info][gc             ] GC(212) Pause Full (Ergonomics) 3594M->3590M(4156M) 1189.781ms
[24.896s][info][gc,cpu         ] GC(212) User=8.73s Sys=0.00s Real=1.19s
[24.966s][info][gc,start       ] GC(213) Pause Young (Allocation Failure)
[25.182s][info][gc,heap        ] GC(213) PSYoungGen: 113138K(222720K)->67840K(224256K) Eden: 67584K(67584K)->0K(67584K) From: 45554K(155136K)->67840K(156672K)
[25.182s][info][gc,heap        ] GC(213) ParOldGen: 3631576K(4033024K)->3677576K(4033024K)
[25.182s][info][gc,metaspace   ] GC(213) Metaspace: 6298K(6464K)->6298K(6464K) NonClass: 5764K(5824K)->5764K(5824K) Class: 533K(640K)->533K(640K)
[25.182s][info][gc             ] GC(213) Pause Young (Allocation Failure) 3656M->3657M(4157M) 215.850ms
[25.182s][info][gc,cpu         ] GC(213) User=1.31s Sys=0.20s Real=0.22s
[25.250s][info][gc,start       ] GC(214) Pause Young (Allocation Failure)
[25.346s][info][gc,heap        ] GC(214) PSYoungGen: 135424K(224256K)->67872K(221184K) Eden: 67584K(67584K)->0K(74752K) From: 67840K(156672K)->67872K(146432K)
[25.346s][info][gc,heap        ] GC(214) ParOldGen: 3677576K(4033024K)->3745760K(4033024K)
[25.347s][info][gc,metaspace   ] GC(214) Metaspace: 6298K(6464K)->6298K(6464K) NonClass: 5764K(5824K)->5764K(5824K) Class: 533K(640K)->533K(640K)
[25.347s][info][gc             ] GC(214) Pause Young (Allocation Failure) 3723M->3724M(4154M) 96.396ms
[25.347s][info][gc,cpu         ] GC(214) User=0.42s Sys=0.23s Real=0.10s
[25.427s][info][gc,start       ] GC(215) Pause Young (Allocation Failure)
[25.524s][info][gc,heap        ] GC(215) PSYoungGen: 142624K(221184K)->75040K(224768K) Eden: 74752K(74752K)->0K(74752K) From: 67872K(146432K)->75040K(150016K)
[25.525s][info][gc,heap        ] GC(215) ParOldGen: 3745760K(4033024K)->3813952K(4033024K)
[25.525s][info][gc,metaspace   ] GC(215) Metaspace: 6298K(6464K)->6298K(6464K) NonClass: 5764K(5824K)->5764K(5824K) Class: 533K(640K)->533K(640K)
[25.525s][info][gc             ] GC(215) Pause Young (Allocation Failure) 3797M->3797M(4158M) 97.299ms
[25.525s][info][gc,cpu         ] GC(215) User=0.53s Sys=0.12s Real=0.10s
[25.603s][info][gc,start       ] GC(216) Pause Young (Allocation Failure)
[25.709s][info][gc,heap        ] GC(216) PSYoungGen: 149792K(224768K)->75008K(219648K) Eden: 74752K(74752K)->0K(83456K) From: 75040K(150016K)->75008K(136192K)
[25.709s][info][gc,heap        ] GC(216) ParOldGen: 3813952K(4033024K)->3889360K(4033024K)
[25.709s][info][gc,metaspace   ] GC(216) Metaspace: 6298K(6464K)->6298K(6464K) NonClass: 5764K(5824K)->5764K(5824K) Class: 533K(640K)->533K(640K)
[25.709s][info][gc             ] GC(216) Pause Young (Allocation Failure) 3870M->3871M(4153M) 106.799ms
[25.709s][info][gc,cpu         ] GC(216) User=0.50s Sys=0.25s Real=0.11s
[25.795s][info][gc,start       ] GC(217) Pause Young (Allocation Failure)
[25.903s][info][gc,heap        ] GC(217) PSYoungGen: 158464K(219648K)->83744K(223744K) Eden: 83456K(83456K)->0K(83456K) From: 75008K(136192K)->83744K(140288K)
[25.903s][info][gc,heap        ] GC(217) ParOldGen: 3889360K(4033024K)->3964784K(4033024K)
[25.903s][info][gc,metaspace   ] GC(217) Metaspace: 6298K(6464K)->6298K(6464K) NonClass: 5764K(5824K)->5764K(5824K) Class: 533K(640K)->533K(640K)
[25.903s][info][gc             ] GC(217) Pause Young (Allocation Failure) 3952M->3953M(4157M) 107.973ms
[25.903s][info][gc,cpu         ] GC(217) User=0.41s Sys=0.36s Real=0.11s
[25.903s][info][gc,start       ] GC(218) Pause Full (Ergonomics)
[25.903s][info][gc,phases,start] GC(218) Marking Phase
[26.830s][info][gc,phases      ] GC(218) Marking Phase 926.792ms
[26.830s][info][gc,phases,start] GC(218) Summary Phase
[26.830s][info][gc,phases      ] GC(218) Summary Phase 0.083ms
[26.830s][info][gc,phases,start] GC(218) Adjust Roots
[26.831s][info][gc,phases      ] GC(218) Adjust Roots 0.160ms
[26.831s][info][gc,phases,start] GC(218) Compaction Phase
[27.236s][info][gc,phases      ] GC(218) Compaction Phase 405.715ms
[27.236s][info][gc,phases,start] GC(218) Post Compact
[27.244s][info][gc,phases      ] GC(218) Post Compact 7.471ms
[27.247s][info][gc,heap        ] GC(218) PSYoungGen: 83744K(223744K)->12409K(223744K) Eden: 0K(83456K)->0K(83456K) From: 83744K(140288K)->12409K(140288K)
[27.247s][info][gc,heap        ] GC(218) ParOldGen: 3964784K(4033024K)->4032690K(4468736K)
[27.247s][info][gc,metaspace   ] GC(218) Metaspace: 6298K(6464K)->6298K(6464K) NonClass: 5764K(5824K)->5764K(5824K) Class: 533K(640K)->533K(640K)
[27.247s][info][gc             ] GC(218) Pause Full (Ergonomics) 3953M->3950M(4582M) 1344.068ms
[27.248s][info][gc,cpu         ] GC(218) User=9.67s Sys=0.20s Real=1.35s
[27.347s][info][gc,start       ] GC(219) Pause Young (Allocation Failure)
[27.572s][info][gc,heap        ] GC(219) PSYoungGen: 95865K(223744K)->83712K(215040K) Eden: 83456K(83456K)->0K(91136K) From: 12409K(140288K)->83712K(123904K)
[27.572s][info][gc,heap        ] GC(219) ParOldGen: 4032690K(4468736K)->4045258K(4468736K)
[27.572s][info][gc,metaspace   ] GC(219) Metaspace: 6298K(6464K)->6298K(6464K) NonClass: 5764K(5824K)->5764K(5824K) Class: 533K(640K)->533K(640K)
[27.572s][info][gc             ] GC(219) Pause Young (Allocation Failure) 4031M->4032M(4574M) 225.160ms
[27.572s][info][gc,cpu         ] GC(219) User=1.41s Sys=0.09s Real=0.23s
[27.667s][info][gc,start       ] GC(220) Pause Young (Allocation Failure)
[27.773s][info][gc,heap        ] GC(220) PSYoungGen: 174848K(215040K)->130048K(221184K) Eden: 91136K(91136K)->0K(91136K) From: 83712K(123904K)->130048K(130048K)
[27.773s][info][gc,heap        ] GC(220) ParOldGen: 4045258K(4468736K)->4090442K(4468736K)
[27.773s][info][gc,metaspace   ] GC(220) Metaspace: 6298K(6464K)->6298K(6464K) NonClass: 5764K(5824K)->5764K(5824K) Class: 533K(640K)->533K(640K)
[27.773s][info][gc             ] GC(220) Pause Young (Allocation Failure) 4121M->4121M(4580M) 106.519ms
[27.773s][info][gc,cpu         ] GC(220) User=0.55s Sys=0.22s Real=0.11s
[27.879s][info][gc,start       ] GC(221) Pause Young (Allocation Failure)
[28.046s][info][gc,heap        ] GC(221) PSYoungGen: 221184K(221184K)->91424K(247296K) Eden: 91136K(91136K)->0K(100352K) From: 130048K(130048K)->91424K(146944K)
[28.046s][info][gc,heap        ] GC(221) ParOldGen: 4090442K(4468736K)->4221426K(4468736K)
[28.046s][info][gc,metaspace   ] GC(221) Metaspace: 6298K(6464K)->6298K(6464K) NonClass: 5764K(5824K)->5764K(5824K) Class: 533K(640K)->533K(640K)
[28.046s][info][gc             ] GC(221) Pause Young (Allocation Failure) 4210M->4211M(4605M) 167.225ms
[28.046s][info][gc,cpu         ] GC(221) User=0.64s Sys=0.61s Real=0.17s
[28.156s][info][gc,start       ] GC(222) Pause Young (Allocation Failure)
[28.293s][info][gc,heap        ] GC(222) PSYoungGen: 191776K(247296K)->100672K(253440K) Eden: 100352K(100352K)->0K(100352K) From: 91424K(146944K)->100672K(153088K)
[28.293s][info][gc,heap        ] GC(222) ParOldGen: 4221426K(4468736K)->4313386K(4468736K)
[28.293s][info][gc,metaspace   ] GC(222) Metaspace: 6298K(6464K)->6298K(6464K) NonClass: 5764K(5824K)->5764K(5824K) Class: 533K(640K)->533K(640K)
[28.294s][info][gc             ] GC(222) Pause Young (Allocation Failure) 4309M->4310M(4611M) 137.146ms
[28.294s][info][gc,cpu         ] GC(222) User=0.92s Sys=0.20s Real=0.14s
[28.392s][info][gc,start       ] GC(223) Pause Young (Allocation Failure)
[28.542s][info][gc,heap        ] GC(223) PSYoungGen: 201024K(253440K)->100704K(257024K) Eden: 100352K(100352K)->0K(111616K) From: 100672K(153088K)->100704K(145408K)
[28.543s][info][gc,heap        ] GC(223) ParOldGen: 4313386K(4468736K)->4414634K(4468736K)
[28.543s][info][gc,metaspace   ] GC(223) Metaspace: 6298K(6464K)->6298K(6464K) NonClass: 5764K(5824K)->5764K(5824K) Class: 533K(640K)->533K(640K)
[28.543s][info][gc             ] GC(223) Pause Young (Allocation Failure) 4408M->4409M(4615M) 150.225ms
[28.543s][info][gc,cpu         ] GC(223) User=0.73s Sys=0.33s Real=0.15s
[28.543s][info][gc,start       ] GC(224) Pause Full (Ergonomics)
[28.543s][info][gc,phases,start] GC(224) Marking Phase
[29.550s][info][gc,phases      ] GC(224) Marking Phase 1007.722ms
[29.550s][info][gc,phases,start] GC(224) Summary Phase
[29.551s][info][gc,phases      ] GC(224) Summary Phase 0.058ms
[29.551s][info][gc,phases,start] GC(224) Adjust Roots
[29.551s][info][gc,phases      ] GC(224) Adjust Roots 0.159ms
[29.551s][info][gc,phases,start] GC(224) Compaction Phase
[29.978s][info][gc,phases      ] GC(224) Compaction Phase 427.771ms
[29.979s][info][gc,phases,start] GC(224) Post Compact
[29.985s][info][gc,phases      ] GC(224) Post Compact 6.728ms
[29.990s][info][gc,heap        ] GC(224) PSYoungGen: 100704K(257024K)->43093K(259072K) Eden: 0K(111616K)->0K(113664K) From: 100704K(145408K)->43093K(145408K)
[29.990s][info][gc,heap        ] GC(224) ParOldGen: 4414634K(4468736K)->4468280K(4969472K)
[29.990s][info][gc,metaspace   ] GC(224) Metaspace: 6298K(6464K)->6298K(6464K) NonClass: 5764K(5824K)->5764K(5824K) Class: 533K(640K)->533K(640K)
[29.990s][info][gc             ] GC(224) Pause Full (Ergonomics) 4409M->4405M(5106M) 1447.156ms
[29.990s][info][gc,cpu         ] GC(224) User=10.66s Sys=0.08s Real=1.45s
[30.132s][info][gc,start       ] GC(225) Pause Young (Allocation Failure)
[30.433s][info][gc,heap        ] GC(225) PSYoungGen: 156757K(259072K)->114016K(261120K) Eden: 113664K(113664K)->0K(113664K) From: 43093K(145408K)->114016K(147456K)
[30.433s][info][gc,heap        ] GC(225) ParOldGen: 4468280K(4969472K)->4511784K(4969472K)
[30.433s][info][gc,metaspace   ] GC(225) Metaspace: 6298K(6464K)->6298K(6464K) NonClass: 5764K(5824K)->5764K(5824K) Class: 533K(640K)->533K(640K)
[30.433s][info][gc             ] GC(225) Pause Young (Allocation Failure) 4516M->4517M(5108M) 301.366ms
[30.433s][info][gc,cpu         ] GC(225) User=1.92s Sys=0.12s Real=0.30s
[30.556s][info][gc,start       ] GC(226) Pause Young (Allocation Failure)
[30.734s][info][gc,heap        ] GC(226) PSYoungGen: 227680K(261120K)->149504K(230400K) Eden: 113664K(113664K)->0K(80896K) From: 114016K(147456K)->149504K(149504K)
[30.734s][info][gc,heap        ] GC(226) ParOldGen: 4511784K(4969472K)->4590552K(4969472K)
[30.734s][info][gc,metaspace   ] GC(226) Metaspace: 6298K(6464K)->6298K(6464K) NonClass: 5764K(5824K)->5764K(5824K) Class: 533K(640K)->533K(640K)
[30.734s][info][gc             ] GC(226) Pause Young (Allocation Failure) 4628M->4628M(5078M) 178.221ms
[30.734s][info][gc,cpu         ] GC(226) User=0.83s Sys=0.44s Real=0.18s
[30.831s][info][gc,start       ] GC(227) Pause Young (Allocation Failure)
[31.009s][info][gc,heap        ] GC(227) PSYoungGen: 230400K(230400K)->81216K(273920K) Eden: 80896K(80896K)->0K(80896K) From: 149504K(149504K)->81216K(193024K)
[31.009s][info][gc,heap        ] GC(227) ParOldGen: 4590552K(4969472K)->4741152K(4969472K)
[31.009s][info][gc,metaspace   ] GC(227) Metaspace: 6298K(6464K)->6298K(6464K) NonClass: 5764K(5824K)->5764K(5824K) Class: 533K(640K)->533K(640K)
[31.009s][info][gc             ] GC(227) Pause Young (Allocation Failure) 4707M->4709M(5120M) 178.470ms
[31.009s][info][gc,cpu         ] GC(227) User=0.69s Sys=0.69s Real=0.18s
[31.095s][info][gc,start       ] GC(228) Pause Young (Allocation Failure)
[31.219s][info][gc,heap        ] GC(228) PSYoungGen: 162112K(273920K)->81152K(271872K) Eden: 80896K(80896K)->0K(90112K) From: 81216K(193024K)->81152K(181760K)
[31.219s][info][gc,heap        ] GC(228) ParOldGen: 4741152K(4969472K)->4822768K(4969472K)
[31.219s][info][gc,metaspace   ] GC(228) Metaspace: 6298K(6464K)->6298K(6464K) NonClass: 5764K(5824K)->5764K(5824K) Class: 533K(640K)->533K(640K)
[31.219s][info][gc             ] GC(228) Pause Young (Allocation Failure) 4788M->4788M(5118M) 123.781ms
[31.219s][info][gc,cpu         ] GC(228) User=0.80s Sys=0.20s Real=0.12s
[31.219s][info][gc,start       ] GC(229) Pause Full (Ergonomics)
[31.219s][info][gc,phases,start] GC(229) Marking Phase
[32.317s][info][gc,phases      ] GC(229) Marking Phase 1098.336ms
[32.317s][info][gc,phases,start] GC(229) Summary Phase
[32.317s][info][gc,phases      ] GC(229) Summary Phase 0.089ms
[32.317s][info][gc,phases,start] GC(229) Adjust Roots
[32.318s][info][gc,phases      ] GC(229) Adjust Roots 0.198ms
[32.318s][info][gc,phases,start] GC(229) Compaction Phase
[32.731s][info][gc,phases      ] GC(229) Compaction Phase 413.778ms
[32.731s][info][gc,phases,start] GC(229) Post Compact
[32.738s][info][gc,phases      ] GC(229) Post Compact 7.003ms
[32.742s][info][gc,heap        ] GC(229) PSYoungGen: 81152K(271872K)->0K(275456K) Eden: 0K(90112K)->0K(90112K) From: 81152K(181760K)->0K(185344K)
[32.742s][info][gc,heap        ] GC(229) ParOldGen: 4822768K(4969472K)->4900367K(5451264K)
[32.742s][info][gc,metaspace   ] GC(229) Metaspace: 6298K(6464K)->6298K(6464K) NonClass: 5764K(5824K)->5764K(5824K) Class: 533K(640K)->533K(640K)
[32.742s][info][gc             ] GC(229) Pause Full (Ergonomics) 4788M->4785M(5592M) 1522.803ms
[32.742s][info][gc,cpu         ] GC(229) User=11.53s Sys=0.19s Real=1.52s
[32.842s][info][gc,start       ] GC(230) Pause Young (Allocation Failure)
[32.904s][info][gc,heap        ] GC(230) PSYoungGen: 90112K(275456K)->90368K(270336K) Eden: 90112K(90112K)->0K(98304K) From: 0K(185344K)->90368K(172032K)
[32.904s][info][gc,heap        ] GC(230) ParOldGen: 4900367K(5451264K)->4900367K(5451264K)
[32.904s][info][gc,metaspace   ] GC(230) Metaspace: 6298K(6464K)->6298K(6464K) NonClass: 5764K(5824K)->5764K(5824K) Class: 533K(640K)->533K(640K)
[32.904s][info][gc             ] GC(230) Pause Young (Allocation Failure) 4873M->4873M(5587M) 62.184ms
[32.904s][info][gc,cpu         ] GC(230) User=0.30s Sys=0.00s Real=0.06s
[33.019s][info][gc,start       ] GC(231) Pause Young (Allocation Failure)
[33.125s][info][gc,heap        ] GC(231) PSYoungGen: 188672K(270336K)->179712K(278016K) Eden: 98304K(98304K)->0K(98304K) From: 90368K(172032K)->179712K(179712K)
[33.125s][info][gc,heap        ] GC(231) ParOldGen: 4900367K(5451264K)->4909519K(5451264K)
[33.125s][info][gc,metaspace   ] GC(231) Metaspace: 6298K(6464K)->6298K(6464K) NonClass: 5764K(5824K)->5764K(5824K) Class: 533K(640K)->533K(640K)
[33.125s][info][gc             ] GC(231) Pause Young (Allocation Failure) 4969M->4969M(5595M) 106.581ms
[33.125s][info][gc,cpu         ] GC(231) User=0.67s Sys=0.00s Real=0.11s
[33.235s][info][gc,start       ] GC(232) Pause Young (Allocation Failure)
[33.451s][info][gc,heap        ] GC(232) PSYoungGen: 278016K(278016K)->98592K(299008K) Eden: 98304K(98304K)->0K(108544K) From: 179712K(179712K)->98592K(190464K)
[33.451s][info][gc,heap        ] GC(232) ParOldGen: 4909519K(5451264K)->5090503K(5451264K)
[33.451s][info][gc,metaspace   ] GC(232) Metaspace: 6298K(6464K)->6298K(6464K) NonClass: 5764K(5824K)->5764K(5824K) Class: 533K(640K)->533K(640K)
[33.451s][info][gc             ] GC(232) Pause Young (Allocation Failure) 5065M->5067M(5615M) 216.145ms
[33.451s][info][gc,cpu         ] GC(232) User=1.19s Sys=0.45s Real=0.22s
[33.575s][info][gc,start       ] GC(233) Pause Young (Allocation Failure)
[33.689s][info][gc,heap        ] GC(233) PSYoungGen: 207136K(299008K)->196608K(305152K) Eden: 108544K(108544K)->0K(108544K) From: 98592K(190464K)->196608K(196608K)
[33.690s][info][gc,heap        ] GC(233) ParOldGen: 5090503K(5451264K)->5101231K(5451264K)
[33.690s][info][gc,metaspace   ] GC(233) Metaspace: 6298K(6464K)->6298K(6464K) NonClass: 5764K(5824K)->5764K(5824K) Class: 533K(640K)->533K(640K)
[33.690s][info][gc             ] GC(233) Pause Young (Allocation Failure) 5173M->5173M(5621M) 114.647ms
[33.690s][info][gc,cpu         ] GC(233) User=0.77s Sys=0.00s Real=0.12s
[33.810s][info][gc,start       ] GC(234) Pause Young (Allocation Failure)
[34.053s][info][gc,heap        ] GC(234) PSYoungGen: 305152K(305152K)->108896K(328192K) Eden: 108544K(108544K)->0K(120320K) From: 196608K(196608K)->108896K(207872K)
[34.053s][info][gc,heap        ] GC(234) ParOldGen: 5101231K(5451264K)->5299207K(5451264K)
[34.053s][info][gc,metaspace   ] GC(234) Metaspace: 6298K(6464K)->6298K(6464K) NonClass: 5764K(5824K)->5764K(5824K) Class: 533K(640K)->533K(640K)
[34.053s][info][gc             ] GC(234) Pause Young (Allocation Failure) 5279M->5281M(5644M) 243.066ms
[34.053s][info][gc,cpu         ] GC(234) User=1.30s Sys=0.56s Real=0.24s
[34.053s][info][gc,start       ] GC(235) Pause Full (Ergonomics)
[34.053s][info][gc,phases,start] GC(235) Marking Phase
[35.255s][info][gc,phases      ] GC(235) Marking Phase 1201.773ms
[35.255s][info][gc,phases,start] GC(235) Summary Phase
[35.255s][info][gc,phases      ] GC(235) Summary Phase 0.096ms
[35.255s][info][gc,phases,start] GC(235) Adjust Roots
[35.255s][info][gc,phases      ] GC(235) Adjust Roots 0.166ms
[35.255s][info][gc,phases,start] GC(235) Compaction Phase
[35.709s][info][gc,phases      ] GC(235) Compaction Phase 453.713ms
[35.709s][info][gc,phases,start] GC(235) Post Compact
[35.717s][info][gc,phases      ] GC(235) Post Compact 7.772ms
[35.717s][info][gc,heap        ] GC(235) PSYoungGen: 108896K(328192K)->0K(335872K) Eden: 0K(120320K)->0K(120320K) From: 108896K(207872K)->0K(215552K)
[35.717s][info][gc,heap        ] GC(235) ParOldGen: 5299207K(5451264K)->5404022K(5461504K)
[35.717s][info][gc,metaspace   ] GC(235) Metaspace: 6298K(6464K)->6298K(6464K) NonClass: 5764K(5824K)->5764K(5824K) Class: 533K(640K)->533K(640K)
[35.717s][info][gc             ] GC(235) Pause Full (Ergonomics) 5281M->5277M(5661M) 1664.005ms
[35.717s][info][gc,cpu         ] GC(235) User=12.70s Sys=0.14s Real=1.66s
[35.862s][info][gc,start       ] GC(236) Pause Full (Ergonomics)
[35.862s][info][gc,phases,start] GC(236) Marking Phase
[37.094s][info][gc,phases      ] GC(236) Marking Phase 1232.650ms
[37.094s][info][gc,phases,start] GC(236) Summary Phase
[37.094s][info][gc,phases      ] GC(236) Summary Phase 0.058ms
[37.094s][info][gc,phases,start] GC(236) Adjust Roots
[37.095s][info][gc,phases      ] GC(236) Adjust Roots 0.163ms
[37.095s][info][gc,phases,start] GC(236) Compaction Phase
[37.467s][info][gc,phases      ] GC(236) Compaction Phase 372.673ms
[37.467s][info][gc,phases,start] GC(236) Post Compact
[37.476s][info][gc,phases      ] GC(236) Post Compact 8.141ms
[37.476s][info][gc,heap        ] GC(236) PSYoungGen: 120320K(335872K)->62957K(335872K) Eden: 120320K(120320K)->62957K(120320K) From: 0K(215552K)->0K(215552K)
[37.476s][info][gc,heap        ] GC(236) ParOldGen: 5404022K(5461504K)->5461351K(5461504K)
[37.476s][info][gc,metaspace   ] GC(236) Metaspace: 6298K(6464K)->6298K(6464K) NonClass: 5764K(5824K)->5764K(5824K) Class: 533K(640K)->533K(640K)
[37.476s][info][gc             ] GC(236) Pause Full (Ergonomics) 5394M->5394M(5661M) 1614.044ms
[37.476s][info][gc,cpu         ] GC(236) User=12.39s Sys=0.08s Real=1.61s
[37.540s][info][gc,start       ] GC(237) Pause Full (Ergonomics)
[37.540s][info][gc,phases,start] GC(237) Marking Phase
[38.792s][info][gc,phases      ] GC(237) Marking Phase 1252.032ms
[38.792s][info][gc,phases,start] GC(237) Summary Phase
[38.792s][info][gc,phases      ] GC(237) Summary Phase 0.058ms
[38.792s][info][gc,phases,start] GC(237) Adjust Roots
[38.793s][info][gc,phases      ] GC(237) Adjust Roots 0.167ms
[38.793s][info][gc,phases,start] GC(237) Compaction Phase
[39.178s][info][gc,phases      ] GC(237) Compaction Phase 385.805ms
[39.179s][info][gc,phases,start] GC(237) Post Compact
[39.187s][info][gc,phases      ] GC(237) Post Compact 8.093ms
[39.187s][info][gc,heap        ] GC(237) PSYoungGen: 120320K(335872K)->120303K(335872K) Eden: 120320K(120320K)->120303K(120320K) From: 0K(215552K)->0K(215552K)
[39.187s][info][gc,heap        ] GC(237) ParOldGen: 5461351K(5461504K)->5461351K(5461504K)
[39.187s][info][gc,metaspace   ] GC(237) Metaspace: 6298K(6464K)->6298K(6464K) NonClass: 5764K(5824K)->5764K(5824K) Class: 533K(640K)->533K(640K)
[39.187s][info][gc             ] GC(237) Pause Full (Ergonomics) 5450M->5450M(5661M) 1646.499ms
[39.187s][info][gc,cpu         ] GC(237) User=12.56s Sys=0.00s Real=1.65s
[39.187s][info][gc,start       ] GC(238) Pause Full (Ergonomics)
[39.187s][info][gc,phases,start] GC(238) Marking Phase
[40.425s][info][gc,phases      ] GC(238) Marking Phase 1237.994ms
[40.425s][info][gc,phases,start] GC(238) Summary Phase
[40.425s][info][gc,phases      ] GC(238) Summary Phase 0.058ms
[40.425s][info][gc,phases,start] GC(238) Adjust Roots
[40.425s][info][gc,phases      ] GC(238) Adjust Roots 0.160ms
[40.425s][info][gc,phases,start] GC(238) Compaction Phase
[40.782s][info][gc,phases      ] GC(238) Compaction Phase 356.761ms
[40.782s][info][gc,phases,start] GC(238) Post Compact
[40.790s][info][gc,phases      ] GC(238) Post Compact 7.754ms
[40.790s][info][gc,heap        ] GC(238) PSYoungGen: 120320K(335872K)->120319K(335872K) Eden: 120320K(120320K)->120319K(120320K) From: 0K(215552K)->0K(215552K)
[40.790s][info][gc,heap        ] GC(238) ParOldGen: 5461351K(5461504K)->5461351K(5461504K)
[40.790s][info][gc,metaspace   ] GC(238) Metaspace: 6298K(6464K)->6298K(6464K) NonClass: 5764K(5824K)->5764K(5824K) Class: 533K(640K)->533K(640K)
[40.790s][info][gc             ] GC(238) Pause Full (Ergonomics) 5450M->5450M(5661M) 1603.075ms
[40.790s][info][gc,cpu         ] GC(238) User=12.28s Sys=0.03s Real=1.60s
[40.790s][info][gc,start       ] GC(239) Pause Full (Ergonomics)
[40.790s][info][gc,phases,start] GC(239) Marking Phase
[42.031s][info][gc,phases      ] GC(239) Marking Phase 1241.142ms
[42.031s][info][gc,phases,start] GC(239) Summary Phase
[42.031s][info][gc,phases      ] GC(239) Summary Phase 0.058ms
[42.031s][info][gc,phases,start] GC(239) Adjust Roots
[42.032s][info][gc,phases      ] GC(239) Adjust Roots 0.196ms
[42.032s][info][gc,phases,start] GC(239) Compaction Phase
[42.384s][info][gc,phases      ] GC(239) Compaction Phase 352.166ms
[42.384s][info][gc,phases,start] GC(239) Post Compact
[42.391s][info][gc,phases      ] GC(239) Post Compact 7.119ms
[42.391s][info][gc,heap        ] GC(239) PSYoungGen: 120319K(335872K)->120319K(335872K) Eden: 120319K(120320K)->120319K(120320K) From: 0K(215552K)->0K(215552K)
[42.391s][info][gc,heap        ] GC(239) ParOldGen: 5461351K(5461504K)->5461351K(5461504K)
[42.391s][info][gc,metaspace   ] GC(239) Metaspace: 6298K(6464K)->6298K(6464K) NonClass: 5764K(5824K)->5764K(5824K) Class: 533K(640K)->533K(640K)
[42.391s][info][gc             ] GC(239) Pause Full (Ergonomics) 5450M->5450M(5661M) 1601.009ms
[42.391s][info][gc,cpu         ] GC(239) User=12.41s Sys=0.00s Real=1.60s
[42.391s][info][gc,start       ] GC(240) Pause Full (Ergonomics)
[42.391s][info][gc,phases,start] GC(240) Marking Phase
[43.638s][info][gc,phases      ] GC(240) Marking Phase 1246.923ms
[43.638s][info][gc,phases,start] GC(240) Summary Phase
[43.638s][info][gc,phases      ] GC(240) Summary Phase 0.058ms
[43.638s][info][gc,phases,start] GC(240) Adjust Roots
[43.639s][info][gc,phases      ] GC(240) Adjust Roots 0.160ms
[43.639s][info][gc,phases,start] GC(240) Compaction Phase
[44.034s][info][gc,phases      ] GC(240) Compaction Phase 395.730ms
[44.034s][info][gc,phases,start] GC(240) Post Compact
[44.043s][info][gc,phases      ] GC(240) Post Compact 8.130ms
[44.043s][info][gc,heap        ] GC(240) PSYoungGen: 120320K(335872K)->120320K(335872K) Eden: 120320K(120320K)->120320K(120320K) From: 0K(215552K)->0K(215552K)
[44.043s][info][gc,heap        ] GC(240) ParOldGen: 5461356K(5461504K)->5461356K(5461504K)
[44.043s][info][gc,metaspace   ] GC(240) Metaspace: 6298K(6464K)->6298K(6464K) NonClass: 5764K(5824K)->5764K(5824K) Class: 533K(640K)->533K(640K)
[44.043s][info][gc             ] GC(240) Pause Full (Ergonomics) 5450M->5450M(5661M) 1651.412ms
[44.043s][info][gc,cpu         ] GC(240) User=12.44s Sys=0.02s Real=1.65s
[44.043s][info][gc,start       ] GC(241) Pause Full (Ergonomics)
[44.043s][info][gc,phases,start] GC(241) Marking Phase
[45.311s][info][gc,phases      ] GC(241) Marking Phase 1268.300ms
[45.311s][info][gc,phases,start] GC(241) Summary Phase
[45.311s][info][gc,phases      ] GC(241) Summary Phase 0.059ms
[45.311s][info][gc,phases,start] GC(241) Adjust Roots
[45.312s][info][gc,phases      ] GC(241) Adjust Roots 0.187ms
[45.312s][info][gc,phases,start] GC(241) Compaction Phase
[45.694s][info][gc,phases      ] GC(241) Compaction Phase 382.543ms
[45.694s][info][gc,phases,start] GC(241) Post Compact
[45.702s][info][gc,phases      ] GC(241) Post Compact 8.146ms
[45.702s][info][gc,heap        ] GC(241) PSYoungGen: 120320K(335872K)->120320K(335872K) Eden: 120320K(120320K)->120320K(120320K) From: 0K(215552K)->0K(215552K)
[45.702s][info][gc,heap        ] GC(241) ParOldGen: 5461361K(5461504K)->5461361K(5461504K)
[45.702s][info][gc,metaspace   ] GC(241) Metaspace: 6298K(6464K)->6298K(6464K) NonClass: 5764K(5824K)->5764K(5824K) Class: 533K(640K)->533K(640K)
[45.703s][info][gc             ] GC(241) Pause Full (Ergonomics) 5450M->5450M(5661M) 1659.537ms
[45.703s][info][gc,cpu         ] GC(241) User=12.75s Sys=0.00s Real=1.66s
[45.703s][info][gc,start       ] GC(242) Pause Full (Ergonomics)
[45.703s][info][gc,phases,start] GC(242) Marking Phase
[46.965s][info][gc,phases      ] GC(242) Marking Phase 1261.849ms
[46.965s][info][gc,phases,start] GC(242) Summary Phase
[46.965s][info][gc,phases      ] GC(242) Summary Phase 0.059ms
[46.965s][info][gc,phases,start] GC(242) Adjust Roots
[46.965s][info][gc,phases      ] GC(242) Adjust Roots 0.161ms
[46.965s][info][gc,phases,start] GC(242) Compaction Phase
[47.370s][info][gc,phases      ] GC(242) Compaction Phase 405.317ms
[47.370s][info][gc,phases,start] GC(242) Post Compact
[47.378s][info][gc,phases      ] GC(242) Post Compact 8.150ms
[47.379s][info][gc,heap        ] GC(242) PSYoungGen: 120320K(335872K)->120320K(335872K) Eden: 120320K(120320K)->120320K(120320K) From: 0K(215552K)->0K(215552K)
[47.379s][info][gc,heap        ] GC(242) ParOldGen: 5461366K(5461504K)->5461366K(5461504K)
[47.379s][info][gc,metaspace   ] GC(242) Metaspace: 6298K(6464K)->6298K(6464K) NonClass: 5764K(5824K)->5764K(5824K) Class: 533K(640K)->533K(640K)
[47.379s][info][gc             ] GC(242) Pause Full (Ergonomics) 5450M->5450M(5661M) 1675.925ms
[47.379s][info][gc,cpu         ] GC(242) User=12.72s Sys=0.00s Real=1.68s
[47.379s][info][gc,start       ] GC(243) Pause Full (Ergonomics)
[47.379s][info][gc,phases,start] GC(243) Marking Phase
[48.643s][info][gc,phases      ] GC(243) Marking Phase 1264.371ms
[48.643s][info][gc,phases,start] GC(243) Summary Phase
[48.643s][info][gc,phases      ] GC(243) Summary Phase 0.059ms
[48.643s][info][gc,phases,start] GC(243) Adjust Roots
[48.644s][info][gc,phases      ] GC(243) Adjust Roots 0.180ms
[48.644s][info][gc,phases,start] GC(243) Compaction Phase
[49.022s][info][gc,phases      ] GC(243) Compaction Phase 378.047ms
[49.022s][info][gc,phases,start] GC(243) Post Compact
[49.029s][info][gc,phases      ] GC(243) Post Compact 7.749ms
[49.030s][info][gc,heap        ] GC(243) PSYoungGen: 120320K(335872K)->120320K(335872K) Eden: 120320K(120320K)->120320K(120320K) From: 0K(215552K)->0K(215552K)
[49.030s][info][gc,heap        ] GC(243) ParOldGen: 5461370K(5461504K)->5461370K(5461504K)
[49.030s][info][gc,metaspace   ] GC(243) Metaspace: 6298K(6464K)->6298K(6464K) NonClass: 5764K(5824K)->5764K(5824K) Class: 533K(640K)->533K(640K)
[49.030s][info][gc             ] GC(243) Pause Full (Ergonomics) 5450M->5450M(5661M) 1650.747ms
[49.030s][info][gc,cpu         ] GC(243) User=12.70s Sys=0.00s Real=1.65s
[49.030s][info][gc,start       ] GC(244) Pause Full (Ergonomics)
[49.030s][info][gc,phases,start] GC(244) Marking Phase
[50.307s][info][gc,phases      ] GC(244) Marking Phase 1277.349ms
[50.307s][info][gc,phases,start] GC(244) Summary Phase
[50.307s][info][gc,phases      ] GC(244) Summary Phase 0.058ms
[50.307s][info][gc,phases,start] GC(244) Adjust Roots
[50.307s][info][gc,phases      ] GC(244) Adjust Roots 0.160ms
[50.308s][info][gc,phases,start] GC(244) Compaction Phase
[50.698s][info][gc,phases      ] GC(244) Compaction Phase 390.734ms
[50.698s][info][gc,phases,start] GC(244) Post Compact
[50.706s][info][gc,phases      ] GC(244) Post Compact 8.045ms
[50.706s][info][gc,heap        ] GC(244) PSYoungGen: 120320K(335872K)->120320K(335872K) Eden: 120320K(120320K)->120320K(120320K) From: 0K(215552K)->0K(215552K)
[50.706s][info][gc,heap        ] GC(244) ParOldGen: 5461375K(5461504K)->5461375K(5461504K)
[50.706s][info][gc,metaspace   ] GC(244) Metaspace: 6298K(6464K)->6298K(6464K) NonClass: 5764K(5824K)->5764K(5824K) Class: 533K(640K)->533K(640K)
[50.706s][info][gc             ] GC(244) Pause Full (Ergonomics) 5450M->5450M(5661M) 1676.641ms
[50.706s][info][gc,cpu         ] GC(244) User=12.88s Sys=0.02s Real=1.68s
[50.707s][info][gc,start       ] GC(245) Pause Full (Ergonomics)
[50.707s][info][gc,phases,start] GC(245) Marking Phase
[51.978s][info][gc,phases      ] GC(245) Marking Phase 1271.259ms
[51.978s][info][gc,phases,start] GC(245) Summary Phase
[51.978s][info][gc,phases      ] GC(245) Summary Phase 0.059ms
[51.978s][info][gc,phases,start] GC(245) Adjust Roots
[51.978s][info][gc,phases      ] GC(245) Adjust Roots 0.177ms
[51.978s][info][gc,phases,start] GC(245) Compaction Phase
[52.388s][info][gc,phases      ] GC(245) Compaction Phase 409.498ms
[52.388s][info][gc,phases,start] GC(245) Post Compact
[52.396s][info][gc,phases      ] GC(245) Post Compact 8.553ms
[52.397s][info][gc,heap        ] GC(245) PSYoungGen: 120320K(335872K)->120320K(335872K) Eden: 120320K(120320K)->120320K(120320K) From: 0K(215552K)->0K(215552K)
[52.397s][info][gc,heap        ] GC(245) ParOldGen: 5461380K(5461504K)->5461380K(5461504K)
[52.397s][info][gc,metaspace   ] GC(245) Metaspace: 6298K(6464K)->6298K(6464K) NonClass: 5764K(5824K)->5764K(5824K) Class: 533K(640K)->533K(640K)
[52.397s][info][gc             ] GC(245) Pause Full (Ergonomics) 5450M->5450M(5661M) 1689.907ms
[52.397s][info][gc,cpu         ] GC(245) User=12.66s Sys=0.00s Real=1.69s
[52.397s][info][gc,start       ] GC(246) Pause Full (Ergonomics)
[52.397s][info][gc,phases,start] GC(246) Marking Phase
[53.648s][info][gc,phases      ] GC(246) Marking Phase 1250.930ms
[53.648s][info][gc,phases,start] GC(246) Summary Phase
[53.648s][info][gc,phases      ] GC(246) Summary Phase 0.059ms
[53.648s][info][gc,phases,start] GC(246) Adjust Roots
[53.648s][info][gc,phases      ] GC(246) Adjust Roots 0.163ms
[53.648s][info][gc,phases,start] GC(246) Compaction Phase
[54.021s][info][gc,phases      ] GC(246) Compaction Phase 372.921ms
[54.021s][info][gc,phases,start] GC(246) Post Compact
[54.028s][info][gc,phases      ] GC(246) Post Compact 6.931ms
[54.028s][info][gc,heap        ] GC(246) PSYoungGen: 120320K(335872K)->120320K(335872K) Eden: 120320K(120320K)->120320K(120320K) From: 0K(215552K)->0K(215552K)
[54.028s][info][gc,heap        ] GC(246) ParOldGen: 5461385K(5461504K)->5461385K(5461504K)
[54.028s][info][gc,metaspace   ] GC(246) Metaspace: 6298K(6464K)->6298K(6464K) NonClass: 5764K(5824K)->5764K(5824K) Class: 533K(640K)->533K(640K)
[54.028s][info][gc             ] GC(246) Pause Full (Ergonomics) 5450M->5450M(5661M) 1631.300ms
[54.028s][info][gc,cpu         ] GC(246) User=12.59s Sys=0.00s Real=1.63s
[54.028s][info][gc,start       ] GC(247) Pause Full (Ergonomics)
[54.028s][info][gc,phases,start] GC(247) Marking Phase
[55.288s][info][gc,phases      ] GC(247) Marking Phase 1259.645ms
[55.288s][info][gc,phases,start] GC(247) Summary Phase
[55.288s][info][gc,phases      ] GC(247) Summary Phase 0.059ms
[55.288s][info][gc,phases,start] GC(247) Adjust Roots
[55.288s][info][gc,phases      ] GC(247) Adjust Roots 0.165ms
[55.288s][info][gc,phases,start] GC(247) Compaction Phase
[55.678s][info][gc,phases      ] GC(247) Compaction Phase 389.762ms
[55.678s][info][gc,phases,start] GC(247) Post Compact
[55.686s][info][gc,phases      ] GC(247) Post Compact 7.626ms
[55.686s][info][gc,heap        ] GC(247) PSYoungGen: 120320K(335872K)->120320K(335872K) Eden: 120320K(120320K)->120320K(120320K) From: 0K(215552K)->0K(215552K)
[55.686s][info][gc,heap        ] GC(247) ParOldGen: 5461390K(5461504K)->5461390K(5461504K)
[55.686s][info][gc,metaspace   ] GC(247) Metaspace: 6298K(6464K)->6298K(6464K) NonClass: 5764K(5824K)->5764K(5824K) Class: 533K(640K)->533K(640K)
[55.686s][info][gc             ] GC(247) Pause Full (Ergonomics) 5450M->5450M(5661M) 1657.601ms
[55.686s][info][gc,cpu         ] GC(247) User=12.70s Sys=0.00s Real=1.66s
[55.686s][info][gc,start       ] GC(248) Pause Full (Ergonomics)
[55.686s][info][gc,phases,start] GC(248) Marking Phase
[56.966s][info][gc,phases      ] GC(248) Marking Phase 1279.773ms
[56.966s][info][gc,phases,start] GC(248) Summary Phase
[56.966s][info][gc,phases      ] GC(248) Summary Phase 0.059ms
[56.966s][info][gc,phases,start] GC(248) Adjust Roots
[56.966s][info][gc,phases      ] GC(248) Adjust Roots 0.162ms
[56.966s][info][gc,phases,start] GC(248) Compaction Phase
[57.375s][info][gc,phases      ] GC(248) Compaction Phase 408.448ms
[57.375s][info][gc,phases,start] GC(248) Post Compact
[57.383s][info][gc,phases      ] GC(248) Post Compact 8.233ms
[57.383s][info][gc,heap        ] GC(248) PSYoungGen: 120320K(335872K)->120320K(335872K) Eden: 120320K(120320K)->120320K(120320K) From: 0K(215552K)->0K(215552K)
[57.383s][info][gc,heap        ] GC(248) ParOldGen: 5461395K(5461504K)->5461395K(5461504K)
[57.383s][info][gc,metaspace   ] GC(248) Metaspace: 6298K(6464K)->6298K(6464K) NonClass: 5764K(5824K)->5764K(5824K) Class: 533K(640K)->533K(640K)
[57.383s][info][gc             ] GC(248) Pause Full (Ergonomics) 5450M->5450M(5661M) 1697.019ms
[57.383s][info][gc,cpu         ] GC(248) User=12.98s Sys=0.00s Real=1.70s
[57.383s][info][gc,start       ] GC(249) Pause Full (Ergonomics)
[57.383s][info][gc,phases,start] GC(249) Marking Phase
[58.659s][info][gc,phases      ] GC(249) Marking Phase 1275.700ms
[58.659s][info][gc,phases,start] GC(249) Summary Phase
[58.659s][info][gc,phases      ] GC(249) Summary Phase 0.059ms
[58.659s][info][gc,phases,start] GC(249) Adjust Roots
[58.659s][info][gc,phases      ] GC(249) Adjust Roots 0.170ms
[58.659s][info][gc,phases,start] GC(249) Compaction Phase
[59.048s][info][gc,phases      ] GC(249) Compaction Phase 388.885ms
[59.048s][info][gc,phases,start] GC(249) Post Compact
[59.057s][info][gc,phases      ] GC(249) Post Compact 8.104ms
[59.057s][info][gc,heap        ] GC(249) PSYoungGen: 120320K(335872K)->120320K(335872K) Eden: 120320K(120320K)->120320K(120320K) From: 0K(215552K)->0K(215552K)
[59.057s][info][gc,heap        ] GC(249) ParOldGen: 5461399K(5461504K)->5461399K(5461504K)
[59.057s][info][gc,metaspace   ] GC(249) Metaspace: 6298K(6464K)->6298K(6464K) NonClass: 5764K(5824K)->5764K(5824K) Class: 533K(640K)->533K(640K)
[59.057s][info][gc             ] GC(249) Pause Full (Ergonomics) 5450M->5450M(5661M) 1673.243ms
[59.057s][info][gc,cpu         ] GC(249) User=12.75s Sys=0.00s Real=1.67s
[59.057s][info][gc,start       ] GC(250) Pause Full (Ergonomics)
[59.057s][info][gc,phases,start] GC(250) Marking Phase
[60.361s][info][gc,phases      ] GC(250) Marking Phase 1303.947ms
[60.361s][info][gc,phases,start] GC(250) Summary Phase
[60.361s][info][gc,phases      ] GC(250) Summary Phase 0.059ms
[60.361s][info][gc,phases,start] GC(250) Adjust Roots
[60.361s][info][gc,phases      ] GC(250) Adjust Roots 0.167ms
[60.361s][info][gc,phases,start] GC(250) Compaction Phase
[60.782s][info][gc,phases      ] GC(250) Compaction Phase 420.989ms
[60.782s][info][gc,phases,start] GC(250) Post Compact
[60.790s][info][gc,phases      ] GC(250) Post Compact 8.242ms
[60.791s][info][gc,heap        ] GC(250) PSYoungGen: 120320K(335872K)->120320K(335872K) Eden: 120320K(120320K)->120320K(120320K) From: 0K(215552K)->0K(215552K)
[60.791s][info][gc,heap        ] GC(250) ParOldGen: 5461404K(5461504K)->5461404K(5461504K)
[60.791s][info][gc,metaspace   ] GC(250) Metaspace: 6298K(6464K)->6298K(6464K) NonClass: 5764K(5824K)->5764K(5824K) Class: 533K(640K)->533K(640K)
[60.791s][info][gc             ] GC(250) Pause Full (Ergonomics) 5450M->5450M(5661M) 1733.727ms
[60.791s][info][gc,cpu         ] GC(250) User=13.20s Sys=0.00s Real=1.73s
[60.791s][info][gc,start       ] GC(251) Pause Full (Ergonomics)
[60.791s][info][gc,phases,start] GC(251) Marking Phase
[62.114s][info][gc,phases      ] GC(251) Marking Phase 1322.951ms
[62.114s][info][gc,phases,start] GC(251) Summary Phase
[62.114s][info][gc,phases      ] GC(251) Summary Phase 0.066ms
[62.114s][info][gc,phases,start] GC(251) Adjust Roots
[62.114s][info][gc,phases      ] GC(251) Adjust Roots 0.217ms
[62.114s][info][gc,phases,start] GC(251) Compaction Phase
[62.526s][info][gc,phases      ] GC(251) Compaction Phase 412.156ms
[62.526s][info][gc,phases,start] GC(251) Post Compact
[62.536s][info][gc,phases      ] GC(251) Post Compact 9.083ms
[62.536s][info][gc,heap        ] GC(251) PSYoungGen: 120320K(335872K)->120320K(335872K) Eden: 120320K(120320K)->120320K(120320K) From: 0K(215552K)->0K(215552K)
[62.536s][info][gc,heap        ] GC(251) ParOldGen: 5461409K(5461504K)->5461409K(5461504K)
[62.536s][info][gc,metaspace   ] GC(251) Metaspace: 6298K(6464K)->6298K(6464K) NonClass: 5764K(5824K)->5764K(5824K) Class: 533K(640K)->533K(640K)
[62.536s][info][gc             ] GC(251) Pause Full (Ergonomics) 5450M->5450M(5661M) 1744.852ms
[62.536s][info][gc,cpu         ] GC(251) User=13.16s Sys=0.02s Real=1.75s
[62.536s][info][gc,start       ] GC(252) Pause Full (Ergonomics)
[62.536s][info][gc,phases,start] GC(252) Marking Phase
[63.869s][info][gc,phases      ] GC(252) Marking Phase 1333.013ms
[63.869s][info][gc,phases,start] GC(252) Summary Phase
[63.869s][info][gc,phases      ] GC(252) Summary Phase 0.061ms
[63.869s][info][gc,phases,start] GC(252) Adjust Roots
[63.869s][info][gc,phases      ] GC(252) Adjust Roots 0.216ms
[63.869s][info][gc,phases,start] GC(252) Compaction Phase
[64.285s][info][gc,phases      ] GC(252) Compaction Phase 415.722ms
[64.285s][info][gc,phases,start] GC(252) Post Compact
[64.294s][info][gc,phases      ] GC(252) Post Compact 8.802ms
[64.294s][info][gc,heap        ] GC(252) PSYoungGen: 120320K(335872K)->120320K(335872K) Eden: 120320K(120320K)->120320K(120320K) From: 0K(215552K)->0K(215552K)
[64.294s][info][gc,heap        ] GC(252) ParOldGen: 5461414K(5461504K)->5461414K(5461504K)
[64.294s][info][gc,metaspace   ] GC(252) Metaspace: 6298K(6464K)->6298K(6464K) NonClass: 5764K(5824K)->5764K(5824K) Class: 533K(640K)->533K(640K)
[64.294s][info][gc             ] GC(252) Pause Full (Ergonomics) 5450M->5450M(5661M) 1758.174ms
[64.294s][info][gc,cpu         ] GC(252) User=13.47s Sys=0.00s Real=1.76s
[64.294s][info][gc,start       ] GC(253) Pause Full (Ergonomics)
[64.294s][info][gc,phases,start] GC(253) Marking Phase
[65.635s][info][gc,phases      ] GC(253) Marking Phase 1340.421ms
[65.635s][info][gc,phases,start] GC(253) Summary Phase
[65.635s][info][gc,phases      ] GC(253) Summary Phase 0.084ms
[65.635s][info][gc,phases,start] GC(253) Adjust Roots
[65.635s][info][gc,phases      ] GC(253) Adjust Roots 0.175ms
[65.635s][info][gc,phases,start] GC(253) Compaction Phase
[66.080s][info][gc,phases      ] GC(253) Compaction Phase 444.565ms
[66.080s][info][gc,phases,start] GC(253) Post Compact
[66.088s][info][gc,phases      ] GC(253) Post Compact 8.013ms
[66.088s][info][gc,heap        ] GC(253) PSYoungGen: 120320K(335872K)->120320K(335872K) Eden: 120320K(120320K)->120320K(120320K) From: 0K(215552K)->0K(215552K)
[66.088s][info][gc,heap        ] GC(253) ParOldGen: 5461419K(5461504K)->5461419K(5461504K)
[66.088s][info][gc,metaspace   ] GC(253) Metaspace: 6298K(6464K)->6298K(6464K) NonClass: 5764K(5824K)->5764K(5824K) Class: 533K(640K)->533K(640K)
[66.088s][info][gc             ] GC(253) Pause Full (Ergonomics) 5450M->5450M(5661M) 1793.588ms
[66.088s][info][gc,cpu         ] GC(253) User=13.17s Sys=0.00s Real=1.79s
[66.088s][info][gc,start       ] GC(254) Pause Full (Ergonomics)
[66.088s][info][gc,phases,start] GC(254) Marking Phase
[67.415s][info][gc,phases      ] GC(254) Marking Phase 1326.636ms
[67.415s][info][gc,phases,start] GC(254) Summary Phase
[67.415s][info][gc,phases      ] GC(254) Summary Phase 0.087ms
[67.415s][info][gc,phases,start] GC(254) Adjust Roots
[67.415s][info][gc,phases      ] GC(254) Adjust Roots 0.292ms
[67.415s][info][gc,phases,start] GC(254) Compaction Phase
[67.839s][info][gc,phases      ] GC(254) Compaction Phase 423.822ms
[67.839s][info][gc,phases,start] GC(254) Post Compact
[67.847s][info][gc,phases      ] GC(254) Post Compact 8.202ms
[67.847s][info][gc,heap        ] GC(254) PSYoungGen: 120320K(335872K)->120320K(335872K) Eden: 120320K(120320K)->120320K(120320K) From: 0K(215552K)->0K(215552K)
[67.847s][info][gc,heap        ] GC(254) ParOldGen: 5461424K(5461504K)->5461424K(5461504K)
[67.848s][info][gc,metaspace   ] GC(254) Metaspace: 6298K(6464K)->6298K(6464K) NonClass: 5764K(5824K)->5764K(5824K) Class: 533K(640K)->533K(640K)
[67.848s][info][gc             ] GC(254) Pause Full (Ergonomics) 5450M->5450M(5661M) 1759.410ms
[67.848s][info][gc,cpu         ] GC(254) User=13.45s Sys=0.00s Real=1.76s
[67.848s][info][gc,start       ] GC(255) Pause Full (Ergonomics)
[67.848s][info][gc,phases,start] GC(255) Marking Phase
[69.166s][info][gc,phases      ] GC(255) Marking Phase 1318.484ms
[69.166s][info][gc,phases,start] GC(255) Summary Phase
[69.166s][info][gc,phases      ] GC(255) Summary Phase 0.058ms
[69.166s][info][gc,phases,start] GC(255) Adjust Roots
[69.167s][info][gc,phases      ] GC(255) Adjust Roots 0.163ms
[69.167s][info][gc,phases,start] GC(255) Compaction Phase
[69.602s][info][gc,phases      ] GC(255) Compaction Phase 434.874ms
[69.602s][info][gc,phases,start] GC(255) Post Compact
[69.610s][info][gc,phases      ] GC(255) Post Compact 8.011ms
[69.610s][info][gc,heap        ] GC(255) PSYoungGen: 120320K(335872K)->120320K(335872K) Eden: 120320K(120320K)->120320K(120320K) From: 0K(215552K)->0K(215552K)
[69.610s][info][gc,heap        ] GC(255) ParOldGen: 5461428K(5461504K)->5461428K(5461504K)
[69.610s][info][gc,metaspace   ] GC(255) Metaspace: 6298K(6464K)->6298K(6464K) NonClass: 5764K(5824K)->5764K(5824K) Class: 533K(640K)->533K(640K)
[69.610s][info][gc             ] GC(255) Pause Full (Ergonomics) 5450M->5450M(5661M) 1762.005ms
[69.610s][info][gc,cpu         ] GC(255) User=13.52s Sys=0.00s Real=1.76s
[69.610s][info][gc,start       ] GC(256) Pause Full (Ergonomics)
[69.610s][info][gc,phases,start] GC(256) Marking Phase
[70.925s][info][gc,phases      ] GC(256) Marking Phase 1314.935ms
[70.925s][info][gc,phases,start] GC(256) Summary Phase
[70.925s][info][gc,phases      ] GC(256) Summary Phase 0.069ms
[70.925s][info][gc,phases,start] GC(256) Adjust Roots
[70.925s][info][gc,phases      ] GC(256) Adjust Roots 0.184ms
[70.925s][info][gc,phases,start] GC(256) Compaction Phase
[71.340s][info][gc,phases      ] GC(256) Compaction Phase 414.583ms
[71.340s][info][gc,phases,start] GC(256) Post Compact
[71.347s][info][gc,phases      ] GC(256) Post Compact 7.223ms
[71.347s][info][gc,heap        ] GC(256) PSYoungGen: 120320K(335872K)->120320K(335872K) Eden: 120320K(120320K)->120320K(120320K) From: 0K(215552K)->0K(215552K)
[71.347s][info][gc,heap        ] GC(256) ParOldGen: 5461433K(5461504K)->5461433K(5461504K)
[71.347s][info][gc,metaspace   ] GC(256) Metaspace: 6298K(6464K)->6298K(6464K) NonClass: 5764K(5824K)->5764K(5824K) Class: 533K(640K)->533K(640K)
[71.347s][info][gc             ] GC(256) Pause Full (Ergonomics) 5450M->5450M(5661M) 1737.360ms
[71.347s][info][gc,cpu         ] GC(256) User=13.22s Sys=0.00s Real=1.74s
[71.348s][info][gc,start       ] GC(257) Pause Full (Ergonomics)
[71.348s][info][gc,phases,start] GC(257) Marking Phase
[72.676s][info][gc,phases      ] GC(257) Marking Phase 1328.165ms
[72.676s][info][gc,phases,start] GC(257) Summary Phase
[72.676s][info][gc,phases      ] GC(257) Summary Phase 0.062ms
[72.676s][info][gc,phases,start] GC(257) Adjust Roots
[72.676s][info][gc,phases      ] GC(257) Adjust Roots 0.190ms
[72.676s][info][gc,phases,start] GC(257) Compaction Phase
[73.113s][info][gc,phases      ] GC(257) Compaction Phase 436.741ms
[73.113s][info][gc,phases,start] GC(257) Post Compact
[73.129s][info][gc,phases      ] GC(257) Post Compact 16.271ms
[73.129s][info][gc,heap        ] GC(257) PSYoungGen: 120320K(335872K)->120320K(335872K) Eden: 120320K(120320K)->120320K(120320K) From: 0K(215552K)->0K(215552K)
[73.129s][info][gc,heap        ] GC(257) ParOldGen: 5461438K(5461504K)->5461438K(5461504K)
[73.129s][info][gc,metaspace   ] GC(257) Metaspace: 6298K(6464K)->6298K(6464K) NonClass: 5764K(5824K)->5764K(5824K) Class: 533K(640K)->533K(640K)
[73.129s][info][gc             ] GC(257) Pause Full (Ergonomics) 5450M->5450M(5661M) 1781.880ms
[73.130s][info][gc,cpu         ] GC(257) User=13.34s Sys=0.00s Real=1.78s
[73.130s][info][gc,start       ] GC(258) Pause Full (Ergonomics)
[73.130s][info][gc,phases,start] GC(258) Marking Phase
[74.482s][info][gc,phases      ] GC(258) Marking Phase 1351.750ms
[74.482s][info][gc,phases,start] GC(258) Summary Phase
[74.482s][info][gc,phases      ] GC(258) Summary Phase 0.058ms
[74.482s][info][gc,phases,start] GC(258) Adjust Roots
[74.482s][info][gc,phases      ] GC(258) Adjust Roots 0.162ms
[74.482s][info][gc,phases,start] GC(258) Compaction Phase
[74.905s][info][gc,phases      ] GC(258) Compaction Phase 423.259ms
[74.905s][info][gc,phases,start] GC(258) Post Compact
[74.913s][info][gc,phases      ] GC(258) Post Compact 7.365ms
[74.913s][info][gc,heap        ] GC(258) PSYoungGen: 120320K(335872K)->120320K(335872K) Eden: 120320K(120320K)->120320K(120320K) From: 0K(215552K)->0K(215552K)
[74.913s][info][gc,heap        ] GC(258) ParOldGen: 5461443K(5461504K)->5461443K(5461504K)
[74.913s][info][gc,metaspace   ] GC(258) Metaspace: 6298K(6464K)->6298K(6464K) NonClass: 5764K(5824K)->5764K(5824K) Class: 533K(640K)->533K(640K)
[74.913s][info][gc             ] GC(258) Pause Full (Ergonomics) 5450M->5450M(5661M) 1782.911ms
[74.913s][info][gc,cpu         ] GC(258) User=13.78s Sys=0.00s Real=1.78s
[74.913s][info][gc,start       ] GC(259) Pause Full (Ergonomics)
[74.913s][info][gc,phases,start] GC(259) Marking Phase
[76.259s][info][gc,phases      ] GC(259) Marking Phase 1346.223ms
[76.259s][info][gc,phases,start] GC(259) Summary Phase
[76.259s][info][gc,phases      ] GC(259) Summary Phase 0.065ms
[76.259s][info][gc,phases,start] GC(259) Adjust Roots
[76.260s][info][gc,phases      ] GC(259) Adjust Roots 0.192ms
[76.260s][info][gc,phases,start] GC(259) Compaction Phase
[76.724s][info][gc,phases      ] GC(259) Compaction Phase 464.095ms
[76.724s][info][gc,phases,start] GC(259) Post Compact
[76.732s][info][gc,phases      ] GC(259) Post Compact 8.445ms
[76.732s][info][gc,heap        ] GC(259) PSYoungGen: 120320K(335872K)->120320K(335872K) Eden: 120320K(120320K)->120320K(120320K) From: 0K(215552K)->0K(215552K)
[76.732s][info][gc,heap        ] GC(259) ParOldGen: 5461448K(5461504K)->5461448K(5461504K)
[76.732s][info][gc,metaspace   ] GC(259) Metaspace: 6298K(6464K)->6298K(6464K) NonClass: 5764K(5824K)->5764K(5824K) Class: 533K(640K)->533K(640K)
[76.732s][info][gc             ] GC(259) Pause Full (Ergonomics) 5450M->5450M(5661M) 1819.368ms
[76.732s][info][gc,cpu         ] GC(259) User=13.72s Sys=0.00s Real=1.82s
[76.733s][info][gc,start       ] GC(260) Pause Full (Ergonomics)
[76.733s][info][gc,phases,start] GC(260) Marking Phase
[78.056s][info][gc,phases      ] GC(260) Marking Phase 1323.364ms
[78.056s][info][gc,phases,start] GC(260) Summary Phase
[78.056s][info][gc,phases      ] GC(260) Summary Phase 0.059ms
[78.056s][info][gc,phases,start] GC(260) Adjust Roots
[78.056s][info][gc,phases      ] GC(260) Adjust Roots 0.167ms
[78.056s][info][gc,phases,start] GC(260) Compaction Phase
[78.472s][info][gc,phases      ] GC(260) Compaction Phase 415.571ms
[78.472s][info][gc,phases,start] GC(260) Post Compact
[78.479s][info][gc,phases      ] GC(260) Post Compact 7.225ms
[78.479s][info][gc,heap        ] GC(260) PSYoungGen: 120320K(335872K)->120320K(335872K) Eden: 120320K(120320K)->120320K(120320K) From: 0K(215552K)->0K(215552K)
[78.479s][info][gc,heap        ] GC(260) ParOldGen: 5461453K(5461504K)->5461453K(5461504K)
[78.479s][info][gc,metaspace   ] GC(260) Metaspace: 6298K(6464K)->6298K(6464K) NonClass: 5764K(5824K)->5764K(5824K) Class: 533K(640K)->533K(640K)
[78.479s][info][gc             ] GC(260) Pause Full (Ergonomics) 5450M->5450M(5661M) 1746.708ms
[78.479s][info][gc,cpu         ] GC(260) User=13.41s Sys=0.00s Real=1.75s
[78.479s][info][gc,start       ] GC(261) Pause Full (Ergonomics)
[78.480s][info][gc,phases,start] GC(261) Marking Phase
[79.828s][info][gc,phases      ] GC(261) Marking Phase 1348.720ms
[79.828s][info][gc,phases,start] GC(261) Summary Phase
[79.828s][info][gc,phases      ] GC(261) Summary Phase 0.059ms
[79.828s][info][gc,phases,start] GC(261) Adjust Roots
[79.829s][info][gc,phases      ] GC(261) Adjust Roots 0.164ms
[79.829s][info][gc,phases,start] GC(261) Compaction Phase
[80.281s][info][gc,phases      ] GC(261) Compaction Phase 452.834ms
[80.281s][info][gc,phases,start] GC(261) Post Compact
[80.289s][info][gc,phases      ] GC(261) Post Compact 7.990ms
[80.290s][info][gc,heap        ] GC(261) PSYoungGen: 120320K(335872K)->120320K(335872K) Eden: 120320K(120320K)->120320K(120320K) From: 0K(215552K)->0K(215552K)
[80.290s][info][gc,heap        ] GC(261) ParOldGen: 5461457K(5461504K)->5461457K(5461504K)
[80.290s][info][gc,metaspace   ] GC(261) Metaspace: 6298K(6464K)->6298K(6464K) NonClass: 5764K(5824K)->5764K(5824K) Class: 533K(640K)->533K(640K)
[80.290s][info][gc             ] GC(261) Pause Full (Ergonomics) 5450M->5450M(5661M) 1810.089ms
[80.290s][info][gc,cpu         ] GC(261) User=13.75s Sys=0.00s Real=1.81s
[80.290s][info][gc,start       ] GC(262) Pause Full (Ergonomics)
[80.290s][info][gc,phases,start] GC(262) Marking Phase
[81.645s][info][gc,phases      ] GC(262) Marking Phase 1354.891ms
[81.645s][info][gc,phases,start] GC(262) Summary Phase
[81.645s][info][gc,phases      ] GC(262) Summary Phase 0.065ms
[81.645s][info][gc,phases,start] GC(262) Adjust Roots
[81.645s][info][gc,phases      ] GC(262) Adjust Roots 0.189ms
[81.645s][info][gc,phases,start] GC(262) Compaction Phase
[82.110s][info][gc,phases      ] GC(262) Compaction Phase 465.191ms
[82.110s][info][gc,phases,start] GC(262) Post Compact
[82.124s][info][gc,phases      ] GC(262) Post Compact 13.512ms
[82.124s][info][gc,heap        ] GC(262) PSYoungGen: 120320K(335872K)->120320K(335872K) Eden: 120320K(120320K)->120320K(120320K) From: 0K(215552K)->0K(215552K)
[82.124s][info][gc,heap        ] GC(262) ParOldGen: 5461462K(5461504K)->5461462K(5461504K)
[82.124s][info][gc,metaspace   ] GC(262) Metaspace: 6298K(6464K)->6298K(6464K) NonClass: 5764K(5824K)->5764K(5824K) Class: 533K(640K)->533K(640K)
[82.124s][info][gc             ] GC(262) Pause Full (Ergonomics) 5450M->5450M(5661M) 1834.229ms
[82.124s][info][gc,cpu         ] GC(262) User=13.75s Sys=0.00s Real=1.83s
[82.124s][info][gc,start       ] GC(263) Pause Full (Ergonomics)
[82.124s][info][gc,phases,start] GC(263) Marking Phase
[83.466s][info][gc,phases      ] GC(263) Marking Phase 1341.288ms
[83.466s][info][gc,phases,start] GC(263) Summary Phase
[83.466s][info][gc,phases      ] GC(263) Summary Phase 0.060ms
[83.466s][info][gc,phases,start] GC(263) Adjust Roots
[83.466s][info][gc,phases      ] GC(263) Adjust Roots 0.175ms
[83.466s][info][gc,phases,start] GC(263) Compaction Phase
[83.902s][info][gc,phases      ] GC(263) Compaction Phase 436.092ms
[83.902s][info][gc,phases,start] GC(263) Post Compact
[83.911s][info][gc,phases      ] GC(263) Post Compact 8.486ms
[83.911s][info][gc,heap        ] GC(263) PSYoungGen: 120320K(335872K)->120320K(335872K) Eden: 120320K(120320K)->120320K(120320K) From: 0K(215552K)->0K(215552K)
[83.911s][info][gc,heap        ] GC(263) ParOldGen: 5461467K(5461504K)->5461467K(5461504K)
[83.911s][info][gc,metaspace   ] GC(263) Metaspace: 6298K(6464K)->6298K(6464K) NonClass: 5764K(5824K)->5764K(5824K) Class: 533K(640K)->533K(640K)
[83.911s][info][gc             ] GC(263) Pause Full (Ergonomics) 5450M->5450M(5661M) 1786.413ms
[83.911s][info][gc,cpu         ] GC(263) User=13.62s Sys=0.00s Real=1.79s
[83.911s][info][gc,start       ] GC(264) Pause Full (Ergonomics)
[83.911s][info][gc,phases,start] GC(264) Marking Phase
[85.263s][info][gc,phases      ] GC(264) Marking Phase 1351.884ms
[85.263s][info][gc,phases,start] GC(264) Summary Phase
[85.263s][info][gc,phases      ] GC(264) Summary Phase 0.058ms
[85.263s][info][gc,phases,start] GC(264) Adjust Roots
[85.263s][info][gc,phases      ] GC(264) Adjust Roots 0.163ms
[85.263s][info][gc,phases,start] GC(264) Compaction Phase
[85.711s][info][gc,phases      ] GC(264) Compaction Phase 448.214ms
[85.711s][info][gc,phases,start] GC(264) Post Compact
[85.719s][info][gc,phases      ] GC(264) Post Compact 8.051ms
[85.719s][info][gc,heap        ] GC(264) PSYoungGen: 120320K(335872K)->120320K(335872K) Eden: 120320K(120320K)->120320K(120320K) From: 0K(215552K)->0K(215552K)
[85.719s][info][gc,heap        ] GC(264) ParOldGen: 5461472K(5461504K)->5461472K(5461504K)
[85.719s][info][gc,metaspace   ] GC(264) Metaspace: 6298K(6464K)->6298K(6464K) NonClass: 5764K(5824K)->5764K(5824K) Class: 533K(640K)->533K(640K)
[85.720s][info][gc             ] GC(264) Pause Full (Ergonomics) 5450M->5450M(5661M) 1808.666ms
[85.720s][info][gc,cpu         ] GC(264) User=13.80s Sys=0.00s Real=1.81s
[85.720s][info][gc,start       ] GC(265) Pause Full (Ergonomics)
[85.720s][info][gc,phases,start] GC(265) Marking Phase
[87.052s][info][gc,phases      ] GC(265) Marking Phase 1331.758ms
[87.052s][info][gc,phases,start] GC(265) Summary Phase
[87.052s][info][gc,phases      ] GC(265) Summary Phase 0.058ms
[87.052s][info][gc,phases,start] GC(265) Adjust Roots
[87.052s][info][gc,phases      ] GC(265) Adjust Roots 0.166ms
[87.052s][info][gc,phases,start] GC(265) Compaction Phase
[87.492s][info][gc,phases      ] GC(265) Compaction Phase 440.204ms
[87.492s][info][gc,phases,start] GC(265) Post Compact
[87.500s][info][gc,phases      ] GC(265) Post Compact 8.136ms
[87.500s][info][gc,heap        ] GC(265) PSYoungGen: 120320K(335872K)->120320K(335872K) Eden: 120320K(120320K)->120320K(120320K) From: 0K(215552K)->0K(215552K)
[87.500s][info][gc,heap        ] GC(265) ParOldGen: 5461477K(5461504K)->5461477K(5461504K)
[87.500s][info][gc,metaspace   ] GC(265) Metaspace: 6298K(6464K)->6298K(6464K) NonClass: 5764K(5824K)->5764K(5824K) Class: 533K(640K)->533K(640K)
[87.500s][info][gc             ] GC(265) Pause Full (Ergonomics) 5450M->5450M(5661M) 1780.671ms
[87.500s][info][gc,cpu         ] GC(265) User=13.52s Sys=0.02s Real=1.78s
[87.501s][info][gc,start       ] GC(266) Pause Full (Ergonomics)
[87.501s][info][gc,phases,start] GC(266) Marking Phase
[88.806s][info][gc,phases      ] GC(266) Marking Phase 1305.430ms
[88.806s][info][gc,phases,start] GC(266) Summary Phase
[88.806s][info][gc,phases      ] GC(266) Summary Phase 0.058ms
[88.806s][info][gc,phases,start] GC(266) Adjust Roots
[88.806s][info][gc,phases      ] GC(266) Adjust Roots 0.165ms
[88.806s][info][gc,phases,start] GC(266) Compaction Phase
[89.275s][info][gc,phases      ] GC(266) Compaction Phase 468.919ms
[89.275s][info][gc,phases,start] GC(266) Post Compact
[89.283s][info][gc,phases      ] GC(266) Post Compact 8.036ms
[89.283s][info][gc,heap        ] GC(266) PSYoungGen: 120320K(335872K)->120320K(335872K) Eden: 120320K(120320K)->120320K(120320K) From: 0K(215552K)->0K(215552K)
[89.283s][info][gc,heap        ] GC(266) ParOldGen: 5461482K(5461504K)->5461482K(5461504K)
[89.283s][info][gc,metaspace   ] GC(266) Metaspace: 6298K(6464K)->6298K(6464K) NonClass: 5764K(5824K)->5764K(5824K) Class: 533K(640K)->533K(640K)
[89.284s][info][gc             ] GC(266) Pause Full (Ergonomics) 5450M->5450M(5661M) 1782.909ms
[89.284s][info][gc,cpu         ] GC(266) User=13.47s Sys=0.00s Real=1.78s
[89.284s][info][gc,start       ] GC(267) Pause Full (Ergonomics)
[89.284s][info][gc,phases,start] GC(267) Marking Phase
[90.665s][info][gc,phases      ] GC(267) Marking Phase 1381.040ms
[90.665s][info][gc,phases,start] GC(267) Summary Phase
[90.665s][info][gc,phases      ] GC(267) Summary Phase 0.063ms
[90.665s][info][gc,phases,start] GC(267) Adjust Roots
[90.665s][info][gc,phases      ] GC(267) Adjust Roots 0.163ms
[90.665s][info][gc,phases,start] GC(267) Compaction Phase
[91.129s][info][gc,phases      ] GC(267) Compaction Phase 463.974ms
[91.129s][info][gc,phases,start] GC(267) Post Compact
[91.137s][info][gc,phases      ] GC(267) Post Compact 8.071ms
[91.137s][info][gc,heap        ] GC(267) PSYoungGen: 120320K(335872K)->120320K(335872K) Eden: 120320K(120320K)->120320K(120320K) From: 0K(215552K)->0K(215552K)
[91.137s][info][gc,heap        ] GC(267) ParOldGen: 5461486K(5461504K)->5461486K(5461504K)
[91.137s][info][gc,metaspace   ] GC(267) Metaspace: 6298K(6464K)->6298K(6464K) NonClass: 5764K(5824K)->5764K(5824K) Class: 533K(640K)->533K(640K)
[91.137s][info][gc             ] GC(267) Pause Full (Ergonomics) 5450M->5450M(5661M) 1853.640ms
[91.137s][info][gc,cpu         ] GC(267) User=14.08s Sys=0.00s Real=1.85s
[91.138s][info][gc,start       ] GC(268) Pause Full (Ergonomics)
[91.138s][info][gc,phases,start] GC(268) Marking Phase
[92.494s][info][gc,phases      ] GC(268) Marking Phase 1356.010ms
[92.494s][info][gc,phases,start] GC(268) Summary Phase
[92.494s][info][gc,phases      ] GC(268) Summary Phase 0.058ms
[92.494s][info][gc,phases,start] GC(268) Adjust Roots
[92.494s][info][gc,phases      ] GC(268) Adjust Roots 0.239ms
[92.494s][info][gc,phases,start] GC(268) Compaction Phase
[92.956s][info][gc,phases      ] GC(268) Compaction Phase 461.707ms
[92.956s][info][gc,phases,start] GC(268) Post Compact
[92.964s][info][gc,phases      ] GC(268) Post Compact 8.144ms
[92.964s][info][gc,heap        ] GC(268) PSYoungGen: 120320K(335872K)->120320K(335872K) Eden: 120320K(120320K)->120320K(120320K) From: 0K(215552K)->0K(215552K)
[92.964s][info][gc,heap        ] GC(268) ParOldGen: 5461491K(5461504K)->5461491K(5461504K)
[92.964s][info][gc,metaspace   ] GC(268) Metaspace: 6298K(6464K)->6298K(6464K) NonClass: 5764K(5824K)->5764K(5824K) Class: 533K(640K)->533K(640K)
[92.964s][info][gc             ] GC(268) Pause Full (Ergonomics) 5450M->5450M(5661M) 1826.525ms
[92.964s][info][gc,cpu         ] GC(268) User=13.70s Sys=0.00s Real=1.83s
[92.964s][info][gc,start       ] GC(269) Pause Full (Ergonomics)
[92.964s][info][gc,phases,start] GC(269) Marking Phase
[94.321s][info][gc,phases      ] GC(269) Marking Phase 1356.458ms
[94.321s][info][gc,phases,start] GC(269) Summary Phase
[94.321s][info][gc,phases      ] GC(269) Summary Phase 0.066ms
[94.321s][info][gc,phases,start] GC(269) Adjust Roots
[94.321s][info][gc,phases      ] GC(269) Adjust Roots 0.207ms
[94.321s][info][gc,phases,start] GC(269) Compaction Phase
[94.823s][info][gc,phases      ] GC(269) Compaction Phase 502.091ms
[94.823s][info][gc,phases,start] GC(269) Post Compact
[94.834s][info][gc,phases      ] GC(269) Post Compact 10.505ms
[94.834s][info][gc,heap        ] GC(269) PSYoungGen: 120320K(335872K)->120320K(335872K) Eden: 120320K(120320K)->120320K(120320K) From: 0K(215552K)->0K(215552K)
[94.834s][info][gc,heap        ] GC(269) ParOldGen: 5461496K(5461504K)->5461496K(5461504K)
[94.834s][info][gc,metaspace   ] GC(269) Metaspace: 6298K(6464K)->6298K(6464K) NonClass: 5764K(5824K)->5764K(5824K) Class: 533K(640K)->533K(640K)
[94.834s][info][gc             ] GC(269) Pause Full (Ergonomics) 5450M->5450M(5661M) 1869.685ms
[94.834s][info][gc,cpu         ] GC(269) User=13.55s Sys=0.05s Real=1.87s
[94.834s][info][gc,start       ] GC(270) Pause Full (Ergonomics)
[94.834s][info][gc,phases,start] GC(270) Marking Phase
[96.253s][info][gc,phases      ] GC(270) Marking Phase 1418.498ms
[96.253s][info][gc,phases,start] GC(270) Summary Phase
[96.253s][info][gc,phases      ] GC(270) Summary Phase 0.107ms
[96.253s][info][gc,phases,start] GC(270) Adjust Roots
[96.253s][info][gc,phases      ] GC(270) Adjust Roots 0.389ms
[96.253s][info][gc,phases,start] GC(270) Compaction Phase
[96.774s][info][gc,phases      ] GC(270) Compaction Phase 520.753ms
[96.774s][info][gc,phases,start] GC(270) Post Compact
[96.783s][info][gc,phases      ] GC(270) Post Compact 8.233ms
[96.783s][info][gc,heap        ] GC(270) PSYoungGen: 120320K(335872K)->120320K(335872K) Eden: 120320K(120320K)->120320K(120320K) From: 0K(215552K)->0K(215552K)
[96.783s][info][gc,heap        ] GC(270) ParOldGen: 5461501K(5461504K)->5461501K(5461504K)
[96.783s][info][gc,metaspace   ] GC(270) Metaspace: 6298K(6464K)->6298K(6464K) NonClass: 5764K(5824K)->5764K(5824K) Class: 533K(640K)->533K(640K)
[96.783s][info][gc             ] GC(270) Pause Full (Ergonomics) 5450M->5450M(5661M) 1948.411ms
[96.783s][info][gc,cpu         ] GC(270) User=14.39s Sys=0.00s Real=1.95s
[96.783s][info][gc,start       ] GC(271) Pause Full (Ergonomics)
[96.783s][info][gc,phases,start] GC(271) Marking Phase
[98.257s][info][gc,phases      ] GC(271) Marking Phase 1474.251ms
[98.257s][info][gc,phases,start] GC(271) Summary Phase
[98.257s][info][gc,phases      ] GC(271) Summary Phase 0.088ms
[98.257s][info][gc,phases,start] GC(271) Adjust Roots
[98.258s][info][gc,phases      ] GC(271) Adjust Roots 0.224ms
[98.258s][info][gc,phases,start] GC(271) Compaction Phase
[98.717s][info][gc,phases      ] GC(271) Compaction Phase 459.669ms
[98.717s][info][gc,phases,start] GC(271) Post Compact
[98.726s][info][gc,phases      ] GC(271) Post Compact 8.401ms
[98.726s][info][gc,heap        ] GC(271) PSYoungGen: 120320K(335872K)->120320K(335872K) Eden: 120320K(120320K)->120320K(120320K) From: 0K(215552K)->0K(215552K)
[98.726s][info][gc,heap        ] GC(271) ParOldGen: 5461503K(5461504K)->5461503K(5461504K)
[98.726s][info][gc,metaspace   ] GC(271) Metaspace: 6298K(6464K)->6298K(6464K) NonClass: 5764K(5824K)->5764K(5824K) Class: 533K(640K)->533K(640K)
[98.726s][info][gc             ] GC(271) Pause Full (Ergonomics) 5450M->5450M(5661M) 1943.003ms
[98.726s][info][gc,cpu         ] GC(271) User=14.11s Sys=0.00s Real=1.94s
[98.726s][info][gc,start       ] GC(272) Pause Full (Allocation Failure)
[98.726s][info][gc,phases,start] GC(272) Marking Phase
[100.121s][info][gc,phases      ] GC(272) Marking Phase 1395.115ms
[100.121s][info][gc,phases,start] GC(272) Summary Phase
[100.121s][info][gc,phases      ] GC(272) Summary Phase 0.064ms
[100.121s][info][gc,phases,start] GC(272) Adjust Roots
[100.122s][info][gc,phases      ] GC(272) Adjust Roots 0.479ms
[100.122s][info][gc,phases,start] GC(272) Compaction Phase
[101.514s][info][gc,phases      ] GC(272) Compaction Phase 1391.896ms
[101.514s][info][gc,phases,start] GC(272) Post Compact
[101.522s][info][gc,phases      ] GC(272) Post Compact 8.447ms
[101.522s][info][gc,heap        ] GC(272) PSYoungGen: 120320K(335872K)->120320K(335872K) Eden: 120320K(120320K)->120320K(120320K) From: 0K(215552K)->0K(215552K)
[101.522s][info][gc,heap        ] GC(272) ParOldGen: 5461503K(5461504K)->5461499K(5461504K)
[101.522s][info][gc,metaspace   ] GC(272) Metaspace: 6298K(6464K)->6296K(6464K) NonClass: 5764K(5824K)->5763K(5824K) Class: 533K(640K)->532K(640K)
[101.522s][info][gc             ] GC(272) Pause Full (Allocation Failure) 5450M->5450M(5661M) 2796.359ms
[101.522s][info][gc,cpu         ] GC(272) User=21.12s Sys=0.00s Real=2.80s
[101.523s][info][gc,start       ] GC(273) Pause Full (Ergonomics)
[101.523s][info][gc,phases,start] GC(273) Marking Phase
[102.882s][info][gc,phases      ] GC(273) Marking Phase 1358.818ms
[102.882s][info][gc,phases,start] GC(273) Summary Phase
[102.882s][info][gc,phases      ] GC(273) Summary Phase 0.104ms
[102.882s][info][gc,phases,start] GC(273) Adjust Roots
[102.882s][info][gc,phases      ] GC(273) Adjust Roots 0.192ms
[102.882s][info][gc,phases,start] GC(273) Compaction Phase
[103.326s][info][gc,phases      ] GC(273) Compaction Phase 444.362ms
[103.326s][info][gc,phases,start] GC(273) Post Compact
[103.334s][info][gc,phases      ] GC(273) Post Compact 8.075ms
[103.335s][info][gc,heap        ] GC(273) PSYoungGen: 120320K(335872K)->120320K(335872K) Eden: 120320K(120320K)->120320K(120320K) From: 0K(215552K)->0K(215552K)
[103.335s][info][gc,heap        ] GC(273) ParOldGen: 5461501K(5461504K)->5461501K(5461504K)
[103.335s][info][gc,metaspace   ] GC(273) Metaspace: 6296K(6464K)->6296K(6464K) NonClass: 5763K(5824K)->5763K(5824K) Class: 532K(640K)->532K(640K)
[103.335s][info][gc             ] GC(273) Pause Full (Ergonomics) 5450M->5450M(5661M) 1811.926ms
[103.335s][info][gc,cpu         ] GC(273) User=13.69s Sys=0.00s Real=1.81s
[103.335s][info][gc,start       ] GC(274) Pause Full (Ergonomics)
[103.335s][info][gc,phases,start] GC(274) Marking Phase
[104.729s][info][gc,phases      ] GC(274) Marking Phase 1394.382ms
[104.729s][info][gc,phases,start] GC(274) Summary Phase
[104.730s][info][gc,phases      ] GC(274) Summary Phase 0.058ms
[104.730s][info][gc,phases,start] GC(274) Adjust Roots
[104.730s][info][gc,phases      ] GC(274) Adjust Roots 0.231ms
[104.730s][info][gc,phases,start] GC(274) Compaction Phase
[105.209s][info][gc,phases      ] GC(274) Compaction Phase 478.792ms
[105.209s][info][gc,phases,start] GC(274) Post Compact
[105.217s][info][gc,phases      ] GC(274) Post Compact 8.045ms
[105.217s][info][gc,heap        ] GC(274) PSYoungGen: 120320K(335872K)->120320K(335872K) Eden: 120320K(120320K)->120320K(120320K) From: 0K(215552K)->0K(215552K)
[105.217s][info][gc,heap        ] GC(274) ParOldGen: 5461503K(5461504K)->5461503K(5461504K)
[105.217s][info][gc,metaspace   ] GC(274) Metaspace: 6296K(6464K)->6296K(6464K) NonClass: 5763K(5824K)->5763K(5824K) Class: 532K(640K)->532K(640K)
[105.217s][info][gc             ] GC(274) Pause Full (Ergonomics) 5450M->5450M(5661M) 1881.800ms
[105.217s][info][gc,cpu         ] GC(274) User=14.08s Sys=0.00s Real=1.88s
[105.217s][info][gc,start       ] GC(275) Pause Full (Allocation Failure)
[105.217s][info][gc,phases,start] GC(275) Marking Phase
[106.597s][info][gc,phases      ] GC(275) Marking Phase 1380.367ms
[106.597s][info][gc,phases,start] GC(275) Summary Phase
[106.597s][info][gc,phases      ] GC(275) Summary Phase 0.069ms
[106.597s][info][gc,phases,start] GC(275) Adjust Roots
[106.598s][info][gc,phases      ] GC(275) Adjust Roots 0.174ms
[106.598s][info][gc,phases,start] GC(275) Compaction Phase
[107.033s][info][gc,phases      ] GC(275) Compaction Phase 435.077ms
[107.033s][info][gc,phases,start] GC(275) Post Compact
[107.041s][info][gc,phases      ] GC(275) Post Compact 8.206ms
[107.041s][info][gc,heap        ] GC(275) PSYoungGen: 120320K(335872K)->120320K(335872K) Eden: 120320K(120320K)->120320K(120320K) From: 0K(215552K)->0K(215552K)
[107.041s][info][gc,heap        ] GC(275) ParOldGen: 5461503K(5461504K)->5461503K(5461504K)
[107.041s][info][gc,metaspace   ] GC(275) Metaspace: 6296K(6464K)->6296K(6464K) NonClass: 5763K(5824K)->5763K(5824K) Class: 532K(640K)->532K(640K)
[107.041s][info][gc             ] GC(275) Pause Full (Allocation Failure) 5450M->5450M(5661M) 1824.215ms
[107.041s][info][gc,cpu         ] GC(275) User=13.88s Sys=0.00s Real=1.82s
[107.042s][info][gc,start       ] GC(276) Pause Full (Ergonomics)
[107.042s][info][gc,phases,start] GC(276) Marking Phase
[108.442s][info][gc,phases      ] GC(276) Marking Phase 1400.715ms
[108.442s][info][gc,phases,start] GC(276) Summary Phase
[108.442s][info][gc,phases      ] GC(276) Summary Phase 0.060ms
[108.442s][info][gc,phases,start] GC(276) Adjust Roots
[108.443s][info][gc,phases      ] GC(276) Adjust Roots 0.243ms
[108.443s][info][gc,phases,start] GC(276) Compaction Phase
[109.836s][info][gc,phases      ] GC(276) Compaction Phase 1393.636ms
[109.836s][info][gc,phases,start] GC(276) Post Compact
[109.845s][info][gc,phases      ] GC(276) Post Compact 8.413ms
[109.845s][info][gc,heap        ] GC(276) PSYoungGen: 120320K(335872K)->120320K(335872K) Eden: 120320K(120320K)->120320K(120320K) From: 0K(215552K)->0K(215552K)
[109.845s][info][gc,heap        ] GC(276) ParOldGen: 5461503K(5461504K)->5461502K(5461504K)
[109.845s][info][gc,metaspace   ] GC(276) Metaspace: 6296K(6464K)->6296K(6464K) NonClass: 5763K(5824K)->5763K(5824K) Class: 532K(640K)->532K(640K)
[109.845s][info][gc             ] GC(276) Pause Full (Ergonomics) 5450M->5450M(5661M) 2803.445ms
[109.845s][info][gc,cpu         ] GC(276) User=21.11s Sys=0.02s Real=2.80s
[109.846s][info][gc,start       ] GC(277) Pause Full (Ergonomics)
[109.846s][info][gc,phases,start] GC(277) Marking Phase
[111.235s][info][gc,phases      ] GC(277) Marking Phase 1388.279ms
[111.235s][info][gc,phases,start] GC(277) Summary Phase
[111.235s][info][gc,phases      ] GC(277) Summary Phase 0.060ms
[111.235s][info][gc,phases,start] GC(277) Adjust Roots
[111.235s][info][gc,phases      ] GC(277) Adjust Roots 0.340ms
[111.235s][info][gc,phases,start] GC(277) Compaction Phase
[112.631s][info][gc,phases      ] GC(277) Compaction Phase 1395.683ms
[112.631s][info][gc,phases,start] GC(277) Post Compact
[112.640s][info][gc,phases      ] GC(277) Post Compact 9.010ms
[112.640s][info][gc,heap        ] GC(277) PSYoungGen: 120320K(335872K)->120320K(335872K) Eden: 120320K(120320K)->120320K(120320K) From: 0K(215552K)->0K(215552K)
[112.640s][info][gc,heap        ] GC(277) ParOldGen: 5461503K(5461504K)->5461500K(5461504K)
[112.640s][info][gc,metaspace   ] GC(277) Metaspace: 6298K(6464K)->6298K(6464K) NonClass: 5764K(5824K)->5764K(5824K) Class: 533K(640K)->533K(640K)
[112.640s][info][gc             ] GC(277) Pause Full (Ergonomics) 5450M->5450M(5661M) 2793.741ms
[112.640s][info][gc,cpu         ] GC(277) User=20.38s Sys=0.03s Real=2.79s
[112.640s][info][gc,start       ] GC(278) Pause Full (Ergonomics)
[112.640s][info][gc,phases,start] GC(278) Marking Phase
[114.073s][info][gc,phases      ] GC(278) Marking Phase 1432.514ms
[114.073s][info][gc,phases,start] GC(278) Summary Phase
[114.073s][info][gc,phases      ] GC(278) Summary Phase 0.071ms
[114.073s][info][gc,phases,start] GC(278) Adjust Roots
[114.073s][info][gc,phases      ] GC(278) Adjust Roots 0.298ms
[114.073s][info][gc,phases,start] GC(278) Compaction Phase
[115.456s][info][gc,phases      ] GC(278) Compaction Phase 1382.019ms
[115.456s][info][gc,phases,start] GC(278) Post Compact
[115.464s][info][gc,phases      ] GC(278) Post Compact 8.544ms
[115.464s][info][gc,heap        ] GC(278) PSYoungGen: 120320K(335872K)->120320K(335872K) Eden: 120320K(120320K)->120320K(120320K) From: 0K(215552K)->0K(215552K)
[115.464s][info][gc,heap        ] GC(278) ParOldGen: 5461501K(5461504K)->5461501K(5461504K)
[115.464s][info][gc,metaspace   ] GC(278) Metaspace: 6300K(6464K)->6300K(6464K) NonClass: 5765K(5824K)->5765K(5824K) Class: 534K(640K)->534K(640K)
[115.464s][info][gc             ] GC(278) Pause Full (Ergonomics) 5450M->5450M(5661M) 2823.818ms
[115.464s][info][gc,cpu         ] GC(278) User=19.72s Sys=0.03s Real=2.82s
[115.465s][info][gc,heap,exit   ] Heap
[115.465s][info][gc,heap,exit   ]  PSYoungGen      total 335872K, used 120320K [0x0000000759580000, 0x000000077bc80000, 0x0000000800000000)
[115.465s][info][gc,heap,exit   ]   eden space 120320K, 100% used [0x0000000759580000,0x0000000760b00000,0x0000000760b00000)
[115.465s][info][gc,heap,exit   ]   from space 215552K, 0% used [0x000000076ea00000,0x000000076ea00000,0x000000077bc80000)
[115.465s][info][gc,heap,exit   ]   to   space 215552K, 0% used [0x0000000760b00000,0x0000000760b00000,0x000000076dd80000)
[115.465s][info][gc,heap,exit   ]  ParOldGen       total 5461504K, used 5461501K [0x000000060c000000, 0x0000000759580000, 0x0000000759580000)
[115.465s][info][gc,heap,exit   ]   object space 5461504K, 99% used [0x000000060c000000,0x000000075957f5a8,0x0000000759580000)
[115.465s][info][gc,heap,exit   ]  Metaspace       used 6301K, committed 6464K, reserved 1114112K
[115.465s][info][gc,heap,exit   ]   class space    used 534K, committed 640K, reserved 1048576K
