[0.012s][info][gc,init] CardTable entry size: 512
[0.012s][info][gc     ] Using Parallel
[0.012s][info][gc,init] Version: 18.0.1+10 (release)
[0.012s][info][gc,init] CPUs: 8 total, 8 available
[0.012s][info][gc,init] Memory: 16063M
[0.012s][info][gc,init] Large Page Support: Disabled
[0.013s][info][gc,init] NUMA Support: Disabled
[0.013s][info][gc,init] Compressed Oops: Enabled (Zero based)
[0.013s][info][gc,init] Alignments: Space 512K, Generation 512K, Heap 2M
[0.013s][info][gc,init] Heap Min Capacity: 2M
[0.013s][info][gc,init] Heap Initial Capacity: 2M
[0.013s][info][gc,init] Heap Max Capacity: 5800M
[0.013s][info][gc,init] Pre-touch: Disabled
[0.013s][info][gc,init] Parallel Workers: 8
[0.013s][info][gc,metaspace] CDS archive(s) not mapped
[0.013s][info][gc,metaspace] Compressed class space mapped at: 0x0000000800000000-0x0000000840000000, reserved size: 1073741824
[0.013s][info][gc,metaspace] Narrow klass base: 0x0000000800000000, Narrow klass shift: 0, Narrow klass range: 0x40000000
[0.109s][info][gc,start    ] GC(0) Pause Young (Allocation Failure)
[0.111s][info][gc,heap     ] GC(0) PSYoungGen: 512K(1024K)->480K(1024K) Eden: 512K(512K)->0K(512K) From: 0K(512K)->480K(512K)
[0.111s][info][gc,heap     ] GC(0) ParOldGen: 0K(512K)->8K(512K)
[0.111s][info][gc,metaspace] GC(0) Metaspace: 4229K(4352K)->4229K(4352K) NonClass: 3908K(3968K)->3908K(3968K) Class: 321K(384K)->321K(384K)
[0.111s][info][gc          ] GC(0) Pause Young (Allocation Failure) 0M->0M(1M) 1.640ms
[0.111s][info][gc,cpu      ] GC(0) User=0.00s Sys=0.00s Real=0.00s
[0.181s][info][gc,start    ] GC(1) Pause Young (Allocation Failure)
[0.182s][info][gc,heap     ] GC(1) PSYoungGen: 991K(1024K)->512K(1536K) Eden: 511K(512K)->0K(1024K) From: 480K(512K)->512K(512K)
[0.182s][info][gc,heap     ] GC(1) ParOldGen: 8K(512K)->80K(512K)
[0.182s][info][gc,metaspace] GC(1) Metaspace: 5875K(5952K)->5875K(5952K) NonClass: 5379K(5440K)->5379K(5440K) Class: 496K(512K)->496K(512K)
[0.182s][info][gc          ] GC(1) Pause Young (Allocation Failure) 0M->0M(2M) 0.861ms
[0.182s][info][gc,cpu      ] GC(1) User=0.00s Sys=0.00s Real=0.00s
[0.203s][info][gc,start    ] GC(2) Pause Young (Allocation Failure)
[0.204s][info][gc,heap     ] GC(2) PSYoungGen: 1536K(1536K)->512K(1536K) Eden: 1024K(1024K)->0K(1024K) From: 512K(512K)->512K(512K)
[0.204s][info][gc,heap     ] GC(2) ParOldGen: 80K(512K)->496K(512K)
[0.204s][info][gc,metaspace] GC(2) Metaspace: 6296K(6464K)->6296K(6464K) NonClass: 5763K(5824K)->5763K(5824K) Class: 533K(640K)->533K(640K)
[0.204s][info][gc          ] GC(2) Pause Young (Allocation Failure) 1M->0M(2M) 1.134ms
[0.204s][info][gc,cpu      ] GC(2) User=0.00s Sys=0.00s Real=0.00s
[0.204s][info][gc,start    ] GC(3) Pause Full (Ergonomics)
[0.204s][info][gc,phases,start] GC(3) Marking Phase
[0.205s][info][gc,phases      ] GC(3) Marking Phase 1.165ms
[0.205s][info][gc,phases,start] GC(3) Summary Phase
[0.205s][info][gc,phases      ] GC(3) Summary Phase 0.016ms
[0.205s][info][gc,phases,start] GC(3) Adjust Roots
[0.206s][info][gc,phases      ] GC(3) Adjust Roots 0.363ms
[0.206s][info][gc,phases,start] GC(3) Compaction Phase
[0.207s][info][gc,phases      ] GC(3) Compaction Phase 1.522ms
[0.207s][info][gc,phases,start] GC(3) Post Compact
[0.207s][info][gc,phases      ] GC(3) Post Compact 0.079ms
[0.207s][info][gc,heap        ] GC(3) PSYoungGen: 512K(1536K)->509K(1536K) Eden: 0K(1024K)->0K(1024K) From: 512K(512K)->509K(512K)
[0.207s][info][gc,heap        ] GC(3) ParOldGen: 496K(512K)->471K(2048K)
[0.207s][info][gc,metaspace   ] GC(3) Metaspace: 6296K(6464K)->6296K(6464K) NonClass: 5763K(5824K)->5763K(5824K) Class: 533K(640K)->533K(640K)
[0.207s][info][gc             ] GC(3) Pause Full (Ergonomics) 0M->0M(3M) 3.448ms
[0.207s][info][gc,cpu         ] GC(3) User=0.00s Sys=0.00s Real=0.00s
[0.209s][info][gc,start       ] GC(4) Pause Young (Allocation Failure)
[0.210s][info][gc,heap        ] GC(4) PSYoungGen: 1533K(1536K)->480K(2560K) Eden: 1024K(1024K)->0K(2048K) From: 509K(512K)->480K(512K)
[0.210s][info][gc,heap        ] GC(4) ParOldGen: 471K(2048K)->1039K(2048K)
[0.210s][info][gc,metaspace   ] GC(4) Metaspace: 6296K(6464K)->6296K(6464K) NonClass: 5763K(5824K)->5763K(5824K) Class: 533K(640K)->533K(640K)
[0.211s][info][gc             ] GC(4) Pause Young (Allocation Failure) 1M->1M(4M) 1.492ms
[0.211s][info][gc,cpu         ] GC(4) User=0.00s Sys=0.00s Real=0.00s
[0.214s][info][gc,start       ] GC(5) Pause Young (Allocation Failure)
[0.215s][info][gc,heap        ] GC(5) PSYoungGen: 2528K(2560K)->480K(2560K) Eden: 2048K(2048K)->0K(2048K) From: 480K(512K)->480K(512K)
[0.215s][info][gc,heap        ] GC(5) ParOldGen: 1039K(2048K)->2103K(2560K)
[0.215s][info][gc,metaspace   ] GC(5) Metaspace: 6296K(6464K)->6296K(6464K) NonClass: 5763K(5824K)->5763K(5824K) Class: 533K(640K)->533K(640K)
[0.215s][info][gc             ] GC(5) Pause Young (Allocation Failure) 3M->2M(5M) 1.715ms
[0.215s][info][gc,cpu         ] GC(5) User=0.00s Sys=0.00s Real=0.00s
[0.215s][info][gc,start       ] GC(6) Pause Full (Ergonomics)
[0.215s][info][gc,phases,start] GC(6) Marking Phase
[0.217s][info][gc,phases      ] GC(6) Marking Phase 1.546ms
[0.217s][info][gc,phases,start] GC(6) Summary Phase
[0.217s][info][gc,phases      ] GC(6) Summary Phase 0.016ms
[0.217s][info][gc,phases,start] GC(6) Adjust Roots
[0.217s][info][gc,phases      ] GC(6) Adjust Roots 0.353ms
[0.217s][info][gc,phases,start] GC(6) Compaction Phase
[0.220s][info][gc,phases      ] GC(6) Compaction Phase 2.841ms
[0.220s][info][gc,phases,start] GC(6) Post Compact
[0.220s][info][gc,phases      ] GC(6) Post Compact 0.029ms
[0.221s][info][gc,heap        ] GC(6) PSYoungGen: 480K(2560K)->0K(4096K) Eden: 0K(2048K)->0K(3072K) From: 480K(512K)->0K(1024K)
[0.221s][info][gc,heap        ] GC(6) ParOldGen: 2103K(2560K)->2542K(6144K)
[0.221s][info][gc,metaspace   ] GC(6) Metaspace: 6296K(6464K)->6296K(6464K) NonClass: 5763K(5824K)->5763K(5824K) Class: 533K(640K)->533K(640K)
[0.221s][info][gc             ] GC(6) Pause Full (Ergonomics) 2M->2M(10M) 5.180ms
[0.221s][info][gc,cpu         ] GC(6) User=0.00s Sys=0.00s Real=0.00s
[0.225s][info][gc,start       ] GC(7) Pause Young (Allocation Failure)
[0.228s][info][gc,heap        ] GC(7) PSYoungGen: 3072K(4096K)->1664K(5120K) Eden: 3072K(3072K)->0K(3072K) From: 0K(1024K)->1664K(2048K)
[0.228s][info][gc,heap        ] GC(7) ParOldGen: 2542K(6144K)->2542K(6144K)
[0.228s][info][gc,metaspace   ] GC(7) Metaspace: 6296K(6464K)->6296K(6464K) NonClass: 5763K(5824K)->5763K(5824K) Class: 533K(640K)->533K(640K)
[0.228s][info][gc             ] GC(7) Pause Young (Allocation Failure) 5M->4M(11M) 2.723ms
[0.228s][info][gc,cpu         ] GC(7) User=0.00s Sys=0.00s Real=0.00s
[0.232s][info][gc,start       ] GC(8) Pause Young (Allocation Failure)
[0.236s][info][gc,heap        ] GC(8) PSYoungGen: 4736K(5120K)->2016K(5632K) Eden: 3072K(3072K)->0K(3584K) From: 1664K(2048K)->2016K(2048K)
[0.236s][info][gc,heap        ] GC(8) ParOldGen: 2542K(6144K)->3774K(6144K)
[0.236s][info][gc,metaspace   ] GC(8) Metaspace: 6296K(6464K)->6296K(6464K) NonClass: 5763K(5824K)->5763K(5824K) Class: 533K(640K)->533K(640K)
[0.236s][info][gc             ] GC(8) Pause Young (Allocation Failure) 7M->5M(11M) 3.397ms
[0.236s][info][gc,cpu         ] GC(8) User=0.00s Sys=0.00s Real=0.00s
[0.241s][info][gc,start       ] GC(9) Pause Young (Allocation Failure)
[0.244s][info][gc,heap        ] GC(9) PSYoungGen: 5600K(5632K)->3040K(6656K) Eden: 3584K(3584K)->0K(3584K) From: 2016K(2048K)->3040K(3072K)
[0.244s][info][gc,heap        ] GC(9) ParOldGen: 3774K(6144K)->4614K(6144K)
[0.244s][info][gc,metaspace   ] GC(9) Metaspace: 6296K(6464K)->6296K(6464K) NonClass: 5763K(5824K)->5763K(5824K) Class: 533K(640K)->533K(640K)
[0.244s][info][gc             ] GC(9) Pause Young (Allocation Failure) 9M->7M(12M) 3.380ms
[0.244s][info][gc,cpu         ] GC(9) User=0.00s Sys=0.00s Real=0.00s
[0.248s][info][gc,start       ] GC(10) Pause Young (Allocation Failure)
[0.252s][info][gc,heap        ] GC(10) PSYoungGen: 6624K(6656K)->4064K(8704K) Eden: 3584K(3584K)->0K(4608K) From: 3040K(3072K)->4064K(4096K)
[0.252s][info][gc,heap        ] GC(10) ParOldGen: 4614K(6144K)->5454K(6144K)
[0.252s][info][gc,metaspace   ] GC(10) Metaspace: 6296K(6464K)->6296K(6464K) NonClass: 5763K(5824K)->5763K(5824K) Class: 533K(640K)->533K(640K)
[0.252s][info][gc             ] GC(10) Pause Young (Allocation Failure) 10M->9M(14M) 4.003ms
[0.252s][info][gc,cpu         ] GC(10) User=0.00s Sys=0.00s Real=0.00s
[0.252s][info][gc,start       ] GC(11) Pause Full (Ergonomics)
[0.252s][info][gc,phases,start] GC(11) Marking Phase
[0.257s][info][gc,phases      ] GC(11) Marking Phase 5.011ms
[0.257s][info][gc,phases,start] GC(11) Summary Phase
[0.257s][info][gc,phases      ] GC(11) Summary Phase 0.016ms
[0.257s][info][gc,phases,start] GC(11) Adjust Roots
[0.258s][info][gc,phases      ] GC(11) Adjust Roots 0.331ms
[0.258s][info][gc,phases,start] GC(11) Compaction Phase
[0.264s][info][gc,phases      ] GC(11) Compaction Phase 6.382ms
[0.264s][info][gc,phases,start] GC(11) Post Compact
[0.264s][info][gc,phases      ] GC(11) Post Compact 0.057ms
[0.264s][info][gc,heap        ] GC(11) PSYoungGen: 4064K(8704K)->3545K(8704K) Eden: 0K(4608K)->0K(4608K) From: 4064K(4096K)->3545K(4096K)
[0.264s][info][gc,heap        ] GC(11) ParOldGen: 5454K(6144K)->5831K(10752K)
[0.264s][info][gc,metaspace   ] GC(11) Metaspace: 6296K(6464K)->6296K(6464K) NonClass: 5763K(5824K)->5763K(5824K) Class: 533K(640K)->533K(640K)
[0.264s][info][gc             ] GC(11) Pause Full (Ergonomics) 9M->9M(19M) 12.146ms
[0.264s][info][gc,cpu         ] GC(11) User=0.00s Sys=0.02s Real=0.01s
[0.269s][info][gc,start       ] GC(12) Pause Young (Allocation Failure)
[0.273s][info][gc,heap        ] GC(12) PSYoungGen: 8013K(8704K)->5088K(9728K) Eden: 4468K(4608K)->0K(4608K) From: 3545K(4096K)->5088K(5120K)
[0.273s][info][gc,heap        ] GC(12) ParOldGen: 5831K(10752K)->6607K(10752K)
[0.273s][info][gc,metaspace   ] GC(12) Metaspace: 6296K(6464K)->6296K(6464K) NonClass: 5763K(5824K)->5763K(5824K) Class: 533K(640K)->533K(640K)
[0.273s][info][gc             ] GC(12) Pause Young (Allocation Failure) 13M->11M(20M) 3.584ms
[0.273s][info][gc,cpu         ] GC(12) User=0.00s Sys=0.00s Real=0.00s
[0.278s][info][gc,start       ] GC(13) Pause Young (Allocation Failure)
[0.284s][info][gc,heap        ] GC(13) PSYoungGen: 9696K(9728K)->6112K(11264K) Eden: 4608K(4608K)->0K(5120K) From: 5088K(5120K)->6112K(6144K)
[0.284s][info][gc,heap        ] GC(13) ParOldGen: 6607K(10752K)->7983K(10752K)
[0.284s][info][gc,metaspace   ] GC(13) Metaspace: 6296K(6464K)->6296K(6464K) NonClass: 5763K(5824K)->5763K(5824K) Class: 533K(640K)->533K(640K)
[0.284s][info][gc             ] GC(13) Pause Young (Allocation Failure) 15M->13M(21M) 5.716ms
[0.284s][info][gc,cpu         ] GC(13) User=0.00s Sys=0.00s Real=0.01s
[0.289s][info][gc,start       ] GC(14) Pause Young (Allocation Failure)
[0.295s][info][gc,heap        ] GC(14) PSYoungGen: 11232K(11264K)->5216K(12800K) Eden: 5120K(5120K)->0K(5120K) From: 6112K(6144K)->5216K(7680K)
[0.295s][info][gc,heap        ] GC(14) ParOldGen: 7983K(10752K)->11591K(11776K)
[0.295s][info][gc,metaspace   ] GC(14) Metaspace: 6298K(6464K)->6298K(6464K) NonClass: 5764K(5824K)->5764K(5824K) Class: 533K(640K)->533K(640K)
[0.295s][info][gc             ] GC(14) Pause Young (Allocation Failure) 18M->16M(24M) 5.613ms
[0.295s][info][gc,cpu         ] GC(14) User=0.00s Sys=0.00s Real=0.01s
[0.295s][info][gc,start       ] GC(15) Pause Full (Ergonomics)
[0.295s][info][gc,phases,start] GC(15) Marking Phase
[0.303s][info][gc,phases      ] GC(15) Marking Phase 7.676ms
[0.303s][info][gc,phases,start] GC(15) Summary Phase
[0.303s][info][gc,phases      ] GC(15) Summary Phase 0.018ms
[0.303s][info][gc,phases,start] GC(15) Adjust Roots
[0.303s][info][gc,phases      ] GC(15) Adjust Roots 0.222ms
[0.303s][info][gc,phases,start] GC(15) Compaction Phase
[0.311s][info][gc,phases      ] GC(15) Compaction Phase 7.993ms
[0.311s][info][gc,phases,start] GC(15) Post Compact
[0.311s][info][gc,phases      ] GC(15) Post Compact 0.073ms
[0.311s][info][gc,heap        ] GC(15) PSYoungGen: 5216K(12800K)->5174K(12800K) Eden: 0K(5120K)->0K(5120K) From: 5216K(7680K)->5174K(7680K)
[0.311s][info][gc,heap        ] GC(15) ParOldGen: 11591K(11776K)->11475K(18432K)
[0.311s][info][gc,metaspace   ] GC(15) Metaspace: 6298K(6464K)->6298K(6464K) NonClass: 5764K(5824K)->5764K(5824K) Class: 533K(640K)->533K(640K)
[0.311s][info][gc             ] GC(15) Pause Full (Ergonomics) 16M->16M(30M) 16.347ms
[0.311s][info][gc,cpu         ] GC(15) User=0.00s Sys=0.00s Real=0.02s
[0.314s][info][gc,start       ] GC(16) Pause Young (Allocation Failure)
[0.321s][info][gc,heap        ] GC(16) PSYoungGen: 10294K(12800K)->2688K(14336K) Eden: 5120K(5120K)->0K(7168K) From: 5174K(7680K)->2688K(7168K)
[0.321s][info][gc,heap        ] GC(16) ParOldGen: 11475K(18432K)->16731K(18432K)
[0.321s][info][gc,metaspace   ] GC(16) Metaspace: 6298K(6464K)->6298K(6464K) NonClass: 5764K(5824K)->5764K(5824K) Class: 533K(640K)->533K(640K)
[0.321s][info][gc             ] GC(16) Pause Young (Allocation Failure) 21M->18M(32M) 6.669ms
[0.321s][info][gc,cpu         ] GC(16) User=0.00s Sys=0.00s Real=0.01s
[0.321s][info][gc,start       ] GC(17) Pause Full (Ergonomics)
[0.321s][info][gc,phases,start] GC(17) Marking Phase
[0.329s][info][gc,phases      ] GC(17) Marking Phase 8.121ms
[0.329s][info][gc,phases,start] GC(17) Summary Phase
[0.329s][info][gc,phases      ] GC(17) Summary Phase 0.017ms
[0.329s][info][gc,phases,start] GC(17) Adjust Roots
[0.329s][info][gc,phases      ] GC(17) Adjust Roots 0.171ms
[0.329s][info][gc,phases,start] GC(17) Compaction Phase
[0.336s][info][gc,phases      ] GC(17) Compaction Phase 6.611ms
[0.336s][info][gc,phases,start] GC(17) Post Compact
[0.336s][info][gc,phases      ] GC(17) Post Compact 0.094ms
[0.336s][info][gc,heap        ] GC(17) PSYoungGen: 2688K(14336K)->1105K(14848K) Eden: 0K(7168K)->0K(7680K) From: 2688K(7168K)->1105K(7168K)
[0.336s][info][gc,heap        ] GC(17) ParOldGen: 16731K(18432K)->18183K(28160K)
[0.336s][info][gc,metaspace   ] GC(17) Metaspace: 6298K(6464K)->6298K(6464K) NonClass: 5764K(5824K)->5764K(5824K) Class: 533K(640K)->533K(640K)
[0.336s][info][gc             ] GC(17) Pause Full (Ergonomics) 18M->18M(42M) 15.359ms
[0.336s][info][gc,cpu         ] GC(17) User=0.02s Sys=0.00s Real=0.01s
[0.340s][info][gc,start       ] GC(18) Pause Young (Allocation Failure)
[0.345s][info][gc,heap        ] GC(18) PSYoungGen: 7799K(14848K)->3424K(15360K) Eden: 6694K(7680K)->0K(7680K) From: 1105K(7168K)->3424K(7680K)
[0.345s][info][gc,heap        ] GC(18) ParOldGen: 18183K(28160K)->19311K(28160K)
[0.345s][info][gc,metaspace   ] GC(18) Metaspace: 6298K(6464K)->6298K(6464K) NonClass: 5764K(5824K)->5764K(5824K) Class: 533K(640K)->533K(640K)
[0.345s][info][gc             ] GC(18) Pause Young (Allocation Failure) 25M->22M(42M) 4.567ms
[0.345s][info][gc,cpu         ] GC(18) User=0.00s Sys=0.00s Real=0.00s
[0.352s][info][gc,start       ] GC(19) Pause Young (Allocation Failure)
[0.358s][info][gc,heap        ] GC(19) PSYoungGen: 11103K(15360K)->7648K(16896K) Eden: 7679K(7680K)->0K(9216K) From: 3424K(7680K)->7648K(7680K)
[0.359s][info][gc,heap        ] GC(19) ParOldGen: 19311K(28160K)->19535K(28160K)
[0.359s][info][gc,metaspace   ] GC(19) Metaspace: 6298K(6464K)->6298K(6464K) NonClass: 5764K(5824K)->5764K(5824K) Class: 533K(640K)->533K(640K)
[0.359s][info][gc             ] GC(19) Pause Young (Allocation Failure) 29M->26M(44M) 7.031ms
[0.359s][info][gc,cpu         ] GC(19) User=0.00s Sys=0.00s Real=0.01s
[0.364s][info][gc,start       ] GC(20) Pause Young (Allocation Failure)
[0.372s][info][gc,heap        ] GC(20) PSYoungGen: 16864K(16896K)->4800K(17920K) Eden: 9216K(9216K)->0K(9216K) From: 7648K(7680K)->4800K(8704K)
[0.372s][info][gc,heap        ] GC(20) ParOldGen: 19535K(28160K)->27279K(28160K)
[0.372s][info][gc,metaspace   ] GC(20) Metaspace: 6298K(6464K)->6298K(6464K) NonClass: 5764K(5824K)->5764K(5824K) Class: 533K(640K)->533K(640K)
[0.372s][info][gc             ] GC(20) Pause Young (Allocation Failure) 35M->31M(45M) 7.840ms
[0.372s][info][gc,cpu         ] GC(20) User=0.00s Sys=0.00s Real=0.01s
[0.372s][info][gc,start       ] GC(21) Pause Full (Ergonomics)
[0.372s][info][gc,phases,start] GC(21) Marking Phase
[0.385s][info][gc,phases      ] GC(21) Marking Phase 12.838ms
[0.385s][info][gc,phases,start] GC(21) Summary Phase
[0.385s][info][gc,phases      ] GC(21) Summary Phase 0.021ms
[0.385s][info][gc,phases,start] GC(21) Adjust Roots
[0.386s][info][gc,phases      ] GC(21) Adjust Roots 0.175ms
[0.386s][info][gc,phases,start] GC(21) Compaction Phase
[0.397s][info][gc,phases      ] GC(21) Compaction Phase 11.835ms
[0.397s][info][gc,phases,start] GC(21) Post Compact
[0.398s][info][gc,phases      ] GC(21) Post Compact 0.123ms
[0.398s][info][gc,heap        ] GC(21) PSYoungGen: 4800K(17920K)->3738K(17920K) Eden: 0K(9216K)->0K(9216K) From: 4800K(8704K)->3738K(8704K)
[0.398s][info][gc,heap        ] GC(21) ParOldGen: 27279K(28160K)->27650K(40960K)
[0.398s][info][gc,metaspace   ] GC(21) Metaspace: 6298K(6464K)->6298K(6464K) NonClass: 5764K(5824K)->5764K(5824K) Class: 533K(640K)->533K(640K)
[0.398s][info][gc             ] GC(21) Pause Full (Ergonomics) 31M->30M(57M) 25.515ms
[0.398s][info][gc,cpu         ] GC(21) User=0.00s Sys=0.00s Real=0.03s
[0.406s][info][gc,start       ] GC(22) Pause Young (Allocation Failure)
[0.417s][info][gc,heap        ] GC(22) PSYoungGen: 12954K(17920K)->7680K(19456K) Eden: 9216K(9216K)->0K(10752K) From: 3738K(8704K)->7680K(8704K)
[0.417s][info][gc,heap        ] GC(22) ParOldGen: 27650K(40960K)->31450K(40960K)
[0.417s][info][gc,metaspace   ] GC(22) Metaspace: 6298K(6464K)->6298K(6464K) NonClass: 5764K(5824K)->5764K(5824K) Class: 533K(640K)->533K(640K)
[0.417s][info][gc             ] GC(22) Pause Young (Allocation Failure) 39M->38M(59M) 10.344ms
[0.417s][info][gc,cpu         ] GC(22) User=0.00s Sys=0.00s Real=0.01s
[0.431s][info][gc,start       ] GC(23) Pause Young (Allocation Failure)
[0.444s][info][gc,heap        ] GC(23) PSYoungGen: 18432K(19456K)->9696K(20480K) Eden: 10752K(10752K)->0K(10752K) From: 7680K(8704K)->9696K(9728K)
[0.444s][info][gc,heap        ] GC(23) ParOldGen: 31450K(40960K)->40258K(40960K)
[0.444s][info][gc,metaspace   ] GC(23) Metaspace: 6298K(6464K)->6298K(6464K) NonClass: 5764K(5824K)->5764K(5824K) Class: 533K(640K)->533K(640K)
[0.444s][info][gc             ] GC(23) Pause Young (Allocation Failure) 48M->48M(60M) 12.905ms
[0.444s][info][gc,cpu         ] GC(23) User=0.00s Sys=0.00s Real=0.01s
[0.444s][info][gc,start       ] GC(24) Pause Full (Ergonomics)
[0.444s][info][gc,phases,start] GC(24) Marking Phase
[0.462s][info][gc,phases      ] GC(24) Marking Phase 18.530ms
[0.462s][info][gc,phases,start] GC(24) Summary Phase
[0.462s][info][gc,phases      ] GC(24) Summary Phase 0.019ms
[0.462s][info][gc,phases,start] GC(24) Adjust Roots
[0.463s][info][gc,phases      ] GC(24) Adjust Roots 0.155ms
[0.463s][info][gc,phases,start] GC(24) Compaction Phase
[0.479s][info][gc,phases      ] GC(24) Compaction Phase 15.877ms
[0.479s][info][gc,phases,start] GC(24) Post Compact
[0.479s][info][gc,phases      ] GC(24) Post Compact 0.168ms
[0.479s][info][gc,heap        ] GC(24) PSYoungGen: 9696K(20480K)->9681K(20480K) Eden: 0K(10752K)->0K(10752K) From: 9696K(9728K)->9681K(9728K)
[0.479s][info][gc,heap        ] GC(24) ParOldGen: 40258K(40960K)->39029K(56320K)
[0.479s][info][gc,metaspace   ] GC(24) Metaspace: 6298K(6464K)->6298K(6464K) NonClass: 5764K(5824K)->5764K(5824K) Class: 533K(640K)->533K(640K)
[0.479s][info][gc             ] GC(24) Pause Full (Ergonomics) 48M->47M(75M) 35.115ms
[0.479s][info][gc,cpu         ] GC(24) User=0.05s Sys=0.00s Real=0.04s
[0.489s][info][gc,start       ] GC(25) Pause Young (Allocation Failure)
[0.505s][info][gc,heap        ] GC(25) PSYoungGen: 20433K(20480K)->10784K(26624K) Eden: 10752K(10752K)->0K(12288K) From: 9681K(9728K)->10784K(14336K)
[0.505s][info][gc,heap        ] GC(25) ParOldGen: 39029K(56320K)->48845K(56320K)
[0.505s][info][gc,metaspace   ] GC(25) Metaspace: 6298K(6464K)->6298K(6464K) NonClass: 5764K(5824K)->5764K(5824K) Class: 533K(640K)->533K(640K)
[0.505s][info][gc             ] GC(25) Pause Young (Allocation Failure) 58M->58M(81M) 15.901ms
[0.505s][info][gc,cpu         ] GC(25) User=0.00s Sys=0.00s Real=0.02s
[0.505s][info][gc,start       ] GC(26) Pause Full (Ergonomics)
[0.505s][info][gc,phases,start] GC(26) Marking Phase
[0.528s][info][gc,phases      ] GC(26) Marking Phase 22.222ms
[0.528s][info][gc,phases,start] GC(26) Summary Phase
[0.528s][info][gc,phases      ] GC(26) Summary Phase 0.029ms
[0.528s][info][gc,phases,start] GC(26) Adjust Roots
[0.528s][info][gc,phases      ] GC(26) Adjust Roots 0.152ms
[0.528s][info][gc,phases,start] GC(26) Compaction Phase
[0.545s][info][gc,phases      ] GC(26) Compaction Phase 17.600ms
[0.545s][info][gc,phases,start] GC(26) Post Compact
[0.546s][info][gc,phases      ] GC(26) Post Compact 0.217ms
[0.546s][info][gc,heap        ] GC(26) PSYoungGen: 10784K(26624K)->3565K(26624K) Eden: 0K(12288K)->0K(12288K) From: 10784K(14336K)->3565K(14336K)
[0.546s][info][gc,heap        ] GC(26) ParOldGen: 48845K(56320K)->55864K(77312K)
[0.546s][info][gc,metaspace   ] GC(26) Metaspace: 6298K(6464K)->6298K(6464K) NonClass: 5764K(5824K)->5764K(5824K) Class: 533K(640K)->533K(640K)
[0.546s][info][gc             ] GC(26) Pause Full (Ergonomics) 58M->58M(101M) 40.642ms
[0.546s][info][gc,cpu         ] GC(26) User=0.03s Sys=0.00s Real=0.04s
[0.558s][info][gc,start       ] GC(27) Pause Young (Allocation Failure)
[0.574s][info][gc,heap        ] GC(27) PSYoungGen: 15853K(26624K)->12288K(27648K) Eden: 12288K(12288K)->0K(12288K) From: 3565K(14336K)->12288K(15360K)
[0.574s][info][gc,heap        ] GC(27) ParOldGen: 55864K(77312K)->59496K(77312K)
[0.574s][info][gc,metaspace   ] GC(27) Metaspace: 6298K(6464K)->6298K(6464K) NonClass: 5764K(5824K)->5764K(5824K) Class: 533K(640K)->533K(640K)
[0.574s][info][gc             ] GC(27) Pause Young (Allocation Failure) 70M->70M(102M) 15.783ms
[0.574s][info][gc,cpu         ] GC(27) User=0.00s Sys=0.00s Real=0.01s
[0.586s][info][gc,start       ] GC(28) Pause Young (Allocation Failure)
[0.604s][info][gc,heap        ] GC(28) PSYoungGen: 24576K(27648K)->16896K(26112K) Eden: 12288K(12288K)->0K(9216K) From: 12288K(15360K)->16896K(16896K)
[0.605s][info][gc,heap        ] GC(28) ParOldGen: 59496K(77312K)->67264K(77312K)
[0.605s][info][gc,metaspace   ] GC(28) Metaspace: 6298K(6464K)->6298K(6464K) NonClass: 5764K(5824K)->5764K(5824K) Class: 533K(640K)->533K(640K)
[0.605s][info][gc             ] GC(28) Pause Young (Allocation Failure) 82M->82M(101M) 18.570ms
[0.605s][info][gc,cpu         ] GC(28) User=0.02s Sys=0.02s Real=0.02s
[0.605s][info][gc,start       ] GC(29) Pause Full (Ergonomics)
[0.605s][info][gc,phases,start] GC(29) Marking Phase
[0.638s][info][gc,phases      ] GC(29) Marking Phase 33.365ms
[0.638s][info][gc,phases,start] GC(29) Summary Phase
[0.638s][info][gc,phases      ] GC(29) Summary Phase 0.052ms
[0.638s][info][gc,phases,start] GC(29) Adjust Roots
[0.638s][info][gc,phases      ] GC(29) Adjust Roots 0.206ms
[0.638s][info][gc,phases,start] GC(29) Compaction Phase
[0.659s][info][gc,phases      ] GC(29) Compaction Phase 20.172ms
[0.659s][info][gc,phases,start] GC(29) Post Compact
[0.659s][info][gc,phases      ] GC(29) Post Compact 0.482ms
[0.659s][info][gc,heap        ] GC(29) PSYoungGen: 16896K(26112K)->6643K(26112K) Eden: 0K(9216K)->0K(9216K) From: 16896K(16896K)->6643K(16896K)
[0.659s][info][gc,heap        ] GC(29) ParOldGen: 67264K(77312K)->77298K(100864K)
[0.659s][info][gc,metaspace   ] GC(29) Metaspace: 6298K(6464K)->6298K(6464K) NonClass: 5764K(5824K)->5764K(5824K) Class: 533K(640K)->533K(640K)
[0.660s][info][gc             ] GC(29) Pause Full (Ergonomics) 82M->81M(124M) 54.837ms
[0.660s][info][gc,cpu         ] GC(29) User=0.09s Sys=0.00s Real=0.05s
[0.680s][info][gc,start       ] GC(30) Pause Young (Allocation Failure)
[0.697s][info][gc,heap        ] GC(30) PSYoungGen: 15859K(26112K)->9216K(31744K) Eden: 9216K(9216K)->0K(9216K) From: 6643K(16896K)->9216K(22528K)
[0.697s][info][gc,heap        ] GC(30) ParOldGen: 77298K(100864K)->84058K(100864K)
[0.697s][info][gc,metaspace   ] GC(30) Metaspace: 6298K(6464K)->6298K(6464K) NonClass: 5764K(5824K)->5764K(5824K) Class: 533K(640K)->533K(640K)
[0.697s][info][gc             ] GC(30) Pause Young (Allocation Failure) 90M->91M(129M) 16.242ms
[0.697s][info][gc,cpu         ] GC(30) User=0.00s Sys=0.00s Real=0.02s
[0.706s][info][gc,start       ] GC(31) Pause Young (Allocation Failure)
[0.714s][info][gc,heap        ] GC(31) PSYoungGen: 18432K(31744K)->18432K(30208K) Eden: 9216K(9216K)->0K(8704K) From: 9216K(22528K)->18432K(21504K)
[0.714s][info][gc,heap        ] GC(31) ParOldGen: 84058K(100864K)->84058K(100864K)
[0.714s][info][gc,metaspace   ] GC(31) Metaspace: 6298K(6464K)->6298K(6464K) NonClass: 5764K(5824K)->5764K(5824K) Class: 533K(640K)->533K(640K)
[0.714s][info][gc             ] GC(31) Pause Young (Allocation Failure) 100M->100M(128M) 8.291ms
[0.714s][info][gc,cpu         ] GC(31) User=0.00s Sys=0.00s Real=0.01s
[0.722s][info][gc,start       ] GC(32) Pause Young (Allocation Failure)
[0.734s][info][gc,heap        ] GC(32) PSYoungGen: 27136K(30208K)->24032K(32768K) Eden: 8704K(8704K)->0K(8704K) From: 18432K(21504K)->24032K(24064K)
[0.734s][info][gc,heap        ] GC(32) ParOldGen: 84058K(100864K)->87178K(100864K)
[0.734s][info][gc,metaspace   ] GC(32) Metaspace: 6298K(6464K)->6298K(6464K) NonClass: 5764K(5824K)->5764K(5824K) Class: 533K(640K)->533K(640K)
[0.734s][info][gc             ] GC(32) Pause Young (Allocation Failure) 108M->108M(130M) 12.225ms
[0.734s][info][gc,cpu         ] GC(32) User=0.00s Sys=0.00s Real=0.01s
[0.742s][info][gc,start       ] GC(33) Pause Young (Allocation Failure)
[0.758s][info][gc,heap        ] GC(33) PSYoungGen: 32736K(32768K)->16736K(39936K) Eden: 8704K(8704K)->0K(10752K) From: 24032K(24064K)->16736K(29184K)
[0.758s][info][gc,heap        ] GC(33) ParOldGen: 87178K(100864K)->103394K(103424K)
[0.758s][info][gc,metaspace   ] GC(33) Metaspace: 6298K(6464K)->6298K(6464K) NonClass: 5764K(5824K)->5764K(5824K) Class: 533K(640K)->533K(640K)
[0.758s][info][gc             ] GC(33) Pause Young (Allocation Failure) 117M->117M(140M) 15.659ms
[0.758s][info][gc,cpu         ] GC(33) User=0.00s Sys=0.00s Real=0.02s
[0.758s][info][gc,start       ] GC(34) Pause Full (Ergonomics)
[0.758s][info][gc,phases,start] GC(34) Marking Phase
[0.789s][info][gc,phases      ] GC(34) Marking Phase 31.374ms
[0.789s][info][gc,phases,start] GC(34) Summary Phase
[0.789s][info][gc,phases      ] GC(34) Summary Phase 0.015ms
[0.789s][info][gc,phases,start] GC(34) Adjust Roots
[0.790s][info][gc,phases      ] GC(34) Adjust Roots 0.150ms
[0.790s][info][gc,phases,start] GC(34) Compaction Phase
[0.820s][info][gc,phases      ] GC(34) Compaction Phase 30.814ms
[0.821s][info][gc,phases,start] GC(34) Post Compact
[0.821s][info][gc,phases      ] GC(34) Post Compact 0.470ms
[0.821s][info][gc,heap        ] GC(34) PSYoungGen: 16736K(39936K)->14603K(39936K) Eden: 0K(10752K)->0K(10752K) From: 16736K(29184K)->14603K(29184K)
[0.821s][info][gc,heap        ] GC(34) ParOldGen: 103394K(103424K)->103014K(132096K)
[0.821s][info][gc,metaspace   ] GC(34) Metaspace: 6298K(6464K)->6298K(6464K) NonClass: 5764K(5824K)->5764K(5824K) Class: 533K(640K)->533K(640K)
[0.821s][info][gc             ] GC(34) Pause Full (Ergonomics) 117M->114M(168M) 63.261ms
[0.821s][info][gc,cpu         ] GC(34) User=0.11s Sys=0.00s Real=0.06s
[0.833s][info][gc,start       ] GC(35) Pause Young (Allocation Failure)
[0.850s][info][gc,heap        ] GC(35) PSYoungGen: 25355K(39936K)->18848K(39936K) Eden: 10752K(10752K)->0K(10752K) From: 14603K(29184K)->18848K(29184K)
[0.850s][info][gc,heap        ] GC(35) ParOldGen: 103014K(132096K)->109758K(132096K)
[0.851s][info][gc,metaspace   ] GC(35) Metaspace: 6298K(6464K)->6298K(6464K) NonClass: 5764K(5824K)->5764K(5824K) Class: 533K(640K)->533K(640K)
[0.851s][info][gc             ] GC(35) Pause Young (Allocation Failure) 125M->125M(168M) 17.959ms
[0.851s][info][gc,cpu         ] GC(35) User=0.05s Sys=0.00s Real=0.02s
[0.861s][info][gc,start       ] GC(36) Pause Young (Allocation Failure)
[0.876s][info][gc,heap        ] GC(36) PSYoungGen: 29600K(39936K)->21568K(41472K) Eden: 10752K(10752K)->0K(11264K) From: 18848K(29184K)->21568K(30208K)
[0.876s][info][gc,heap        ] GC(36) ParOldGen: 109758K(132096K)->117878K(132096K)
[0.876s][info][gc,metaspace   ] GC(36) Metaspace: 6298K(6464K)->6298K(6464K) NonClass: 5764K(5824K)->5764K(5824K) Class: 533K(640K)->533K(640K)
[0.876s][info][gc             ] GC(36) Pause Young (Allocation Failure) 136M->136M(169M) 15.672ms
[0.876s][info][gc,cpu         ] GC(36) User=0.00s Sys=0.00s Real=0.02s
[0.888s][info][gc,start       ] GC(37) Pause Young (Allocation Failure)
[0.906s][info][gc,heap        ] GC(37) PSYoungGen: 32832K(41472K)->22048K(43008K) Eden: 11264K(11264K)->0K(11264K) From: 21568K(30208K)->22048K(31744K)
[0.906s][info][gc,heap        ] GC(37) ParOldGen: 117878K(132096K)->128790K(132096K)
[0.906s][info][gc,metaspace   ] GC(37) Metaspace: 6298K(6464K)->6298K(6464K) NonClass: 5764K(5824K)->5764K(5824K) Class: 533K(640K)->533K(640K)
[0.906s][info][gc             ] GC(37) Pause Young (Allocation Failure) 147M->147M(171M) 18.391ms
[0.906s][info][gc,cpu         ] GC(37) User=0.02s Sys=0.00s Real=0.02s
[0.906s][info][gc,start       ] GC(38) Pause Full (Ergonomics)
[0.906s][info][gc,phases,start] GC(38) Marking Phase
[0.947s][info][gc,phases      ] GC(38) Marking Phase 40.500ms
[0.947s][info][gc,phases,start] GC(38) Summary Phase
[0.947s][info][gc,phases      ] GC(38) Summary Phase 0.016ms
[0.947s][info][gc,phases,start] GC(38) Adjust Roots
[0.947s][info][gc,phases      ] GC(38) Adjust Roots 0.139ms
[0.947s][info][gc,phases,start] GC(38) Compaction Phase
[0.966s][info][gc,phases      ] GC(38) Compaction Phase 19.432ms
[0.966s][info][gc,phases,start] GC(38) Post Compact
[0.967s][info][gc,phases      ] GC(38) Post Compact 0.698ms
[0.967s][info][gc,heap        ] GC(38) PSYoungGen: 22048K(43008K)->18379K(43008K) Eden: 0K(11264K)->0K(11264K) From: 22048K(31744K)->18379K(31744K)
[0.967s][info][gc,heap        ] GC(38) ParOldGen: 128790K(132096K)->131918K(164352K)
[0.967s][info][gc,metaspace   ] GC(38) Metaspace: 6298K(6464K)->6298K(6464K) NonClass: 5764K(5824K)->5764K(5824K) Class: 533K(640K)->533K(640K)
[0.967s][info][gc             ] GC(38) Pause Full (Ergonomics) 147M->146M(202M) 61.203ms
[0.967s][info][gc,cpu         ] GC(38) User=0.22s Sys=0.00s Real=0.06s
[0.979s][info][gc,start       ] GC(39) Pause Young (Allocation Failure)
[1.002s][info][gc,heap        ] GC(39) PSYoungGen: 29643K(43008K)->11328K(43520K) Eden: 11264K(11264K)->0K(13312K) From: 18379K(31744K)->11328K(30208K)
[1.002s][info][gc,heap        ] GC(39) ParOldGen: 131918K(164352K)->150590K(164352K)
[1.002s][info][gc,metaspace   ] GC(39) Metaspace: 6298K(6464K)->6298K(6464K) NonClass: 5764K(5824K)->5764K(5824K) Class: 533K(640K)->533K(640K)
[1.002s][info][gc             ] GC(39) Pause Young (Allocation Failure) 157M->158M(203M) 22.831ms
[1.002s][info][gc,cpu         ] GC(39) User=0.03s Sys=0.02s Real=0.02s
[1.002s][info][gc,start       ] GC(40) Pause Full (Ergonomics)
[1.002s][info][gc,phases,start] GC(40) Marking Phase
[1.048s][info][gc,phases      ] GC(40) Marking Phase 45.677ms
[1.048s][info][gc,phases,start] GC(40) Summary Phase
[1.048s][info][gc,phases      ] GC(40) Summary Phase 0.026ms
[1.048s][info][gc,phases,start] GC(40) Adjust Roots
[1.048s][info][gc,phases      ] GC(40) Adjust Roots 0.144ms
[1.048s][info][gc,phases,start] GC(40) Compaction Phase
[1.067s][info][gc,phases      ] GC(40) Compaction Phase 18.290ms
[1.067s][info][gc,phases,start] GC(40) Post Compact
[1.067s][info][gc,phases      ] GC(40) Post Compact 0.832ms
[1.068s][info][gc,heap        ] GC(40) PSYoungGen: 11328K(43520K)->0K(45056K) Eden: 0K(13312K)->0K(13312K) From: 11328K(30208K)->0K(31744K)
[1.068s][info][gc,heap        ] GC(40) ParOldGen: 150590K(164352K)->161532K(200192K)
[1.068s][info][gc,metaspace   ] GC(40) Metaspace: 6298K(6464K)->6298K(6464K) NonClass: 5764K(5824K)->5764K(5824K) Class: 533K(640K)->533K(640K)
[1.068s][info][gc             ] GC(40) Pause Full (Ergonomics) 158M->157M(239M) 65.440ms
[1.068s][info][gc,cpu         ] GC(40) User=0.14s Sys=0.02s Real=0.07s
[1.082s][info][gc,start       ] GC(41) Pause Young (Allocation Failure)
[1.090s][info][gc,heap        ] GC(41) PSYoungGen: 13312K(45056K)->13408K(44032K) Eden: 13312K(13312K)->0K(15360K) From: 0K(31744K)->13408K(28672K)
[1.090s][info][gc,heap        ] GC(41) ParOldGen: 161532K(200192K)->161532K(200192K)
[1.090s][info][gc,metaspace   ] GC(41) Metaspace: 6298K(6464K)->6298K(6464K) NonClass: 5764K(5824K)->5764K(5824K) Class: 533K(640K)->533K(640K)
[1.090s][info][gc             ] GC(41) Pause Young (Allocation Failure) 170M->170M(238M) 8.294ms
[1.090s][info][gc,cpu         ] GC(41) User=0.00s Sys=0.00s Real=0.01s
[1.123s][info][gc,start       ] GC(42) Pause Young (Allocation Failure)
[1.142s][info][gc,heap        ] GC(42) PSYoungGen: 28768K(44032K)->28736K(45568K) Eden: 15360K(15360K)->0K(15360K) From: 13408K(28672K)->28736K(30208K)
[1.142s][info][gc,heap        ] GC(42) ParOldGen: 161532K(200192K)->161532K(200192K)
[1.142s][info][gc,metaspace   ] GC(42) Metaspace: 6298K(6464K)->6298K(6464K) NonClass: 5764K(5824K)->5764K(5824K) Class: 533K(640K)->533K(640K)
[1.142s][info][gc             ] GC(42) Pause Young (Allocation Failure) 185M->185M(240M) 18.506ms
[1.142s][info][gc,cpu         ] GC(42) User=0.00s Sys=0.00s Real=0.02s
[1.156s][info][gc,start       ] GC(43) Pause Young (Allocation Failure)
[1.181s][info][gc,heap        ] GC(43) PSYoungGen: 44096K(45568K)->33760K(41984K) Eden: 15360K(15360K)->0K(8192K) From: 28736K(30208K)->33760K(33792K)
[1.181s][info][gc,heap        ] GC(43) ParOldGen: 161532K(200192K)->171964K(200192K)
[1.181s][info][gc,metaspace   ] GC(43) Metaspace: 6298K(6464K)->6298K(6464K) NonClass: 5764K(5824K)->5764K(5824K) Class: 533K(640K)->533K(640K)
[1.181s][info][gc             ] GC(43) Pause Young (Allocation Failure) 200M->200M(236M) 24.299ms
[1.181s][info][gc,cpu         ] GC(43) User=0.00s Sys=0.00s Real=0.02s
[1.188s][info][gc,start       ] GC(44) Pause Young (Allocation Failure)
[1.212s][info][gc,heap        ] GC(44) PSYoungGen: 41952K(41984K)->19616K(28160K) Eden: 8192K(8192K)->0K(8192K) From: 33760K(33792K)->19616K(19968K)
[1.212s][info][gc,heap        ] GC(44) ParOldGen: 171964K(200192K)->194556K(200192K)
[1.212s][info][gc,metaspace   ] GC(44) Metaspace: 6298K(6464K)->6298K(6464K) NonClass: 5764K(5824K)->5764K(5824K) Class: 533K(640K)->533K(640K)
[1.212s][info][gc             ] GC(44) Pause Young (Allocation Failure) 208M->209M(223M) 23.549ms
[1.212s][info][gc,cpu         ] GC(44) User=0.02s Sys=0.00s Real=0.02s
[1.212s][info][gc,start       ] GC(45) Pause Full (Ergonomics)
[1.212s][info][gc,phases,start] GC(45) Marking Phase
[1.265s][info][gc,phases      ] GC(45) Marking Phase 52.445ms
[1.265s][info][gc,phases,start] GC(45) Summary Phase
[1.265s][info][gc,phases      ] GC(45) Summary Phase 0.017ms
[1.265s][info][gc,phases,start] GC(45) Adjust Roots
[1.265s][info][gc,phases      ] GC(45) Adjust Roots 0.157ms
[1.265s][info][gc,phases,start] GC(45) Compaction Phase
[1.306s][info][gc,phases      ] GC(45) Compaction Phase 40.876ms
[1.306s][info][gc,phases,start] GC(45) Post Compact
[1.307s][info][gc,phases      ] GC(45) Post Compact 0.919ms
[1.307s][info][gc,heap        ] GC(45) PSYoungGen: 19616K(28160K)->9806K(28160K) Eden: 0K(8192K)->0K(8192K) From: 19616K(19968K)->9806K(19968K)
[1.307s][info][gc,heap        ] GC(45) ParOldGen: 194556K(200192K)->199739K(244224K)
[1.307s][info][gc,metaspace   ] GC(45) Metaspace: 6298K(6464K)->6298K(6464K) NonClass: 5764K(5824K)->5764K(5824K) Class: 533K(640K)->533K(640K)
[1.307s][info][gc             ] GC(45) Pause Full (Ergonomics) 209M->204M(266M) 94.909ms
[1.307s][info][gc,cpu         ] GC(45) User=0.31s Sys=0.00s Real=0.10s
[1.316s][info][gc,start       ] GC(46) Pause Young (Allocation Failure)
[1.335s][info][gc,heap        ] GC(46) PSYoungGen: 17998K(28160K)->12832K(46592K) Eden: 8192K(8192K)->0K(9216K) From: 9806K(19968K)->12832K(37376K)
[1.335s][info][gc,heap        ] GC(46) ParOldGen: 199739K(244224K)->205099K(244224K)
[1.335s][info][gc,metaspace   ] GC(46) Metaspace: 6298K(6464K)->6298K(6464K) NonClass: 5764K(5824K)->5764K(5824K) Class: 533K(640K)->533K(640K)
[1.335s][info][gc             ] GC(46) Pause Young (Allocation Failure) 212M->212M(284M) 19.330ms
[1.335s][info][gc,cpu         ] GC(46) User=0.02s Sys=0.03s Real=0.02s
[1.345s][info][gc,start       ] GC(47) Pause Young (Allocation Failure)
[1.357s][info][gc,heap        ] GC(47) PSYoungGen: 22048K(46592K)->22080K(48640K) Eden: 9216K(9216K)->0K(9216K) From: 12832K(37376K)->22080K(39424K)
[1.357s][info][gc,heap        ] GC(47) ParOldGen: 205099K(244224K)->205099K(244224K)
[1.357s][info][gc,metaspace   ] GC(47) Metaspace: 6298K(6464K)->6298K(6464K) NonClass: 5764K(5824K)->5764K(5824K) Class: 533K(640K)->533K(640K)
[1.357s][info][gc             ] GC(47) Pause Young (Allocation Failure) 221M->221M(286M) 11.383ms
[1.357s][info][gc,cpu         ] GC(47) User=0.00s Sys=0.00s Real=0.01s
[1.367s][info][gc,start       ] GC(48) Pause Young (Allocation Failure)
[1.382s][info][gc,heap        ] GC(48) PSYoungGen: 31296K(48640K)->26688K(48640K) Eden: 9216K(9216K)->0K(9728K) From: 22080K(39424K)->26688K(38912K)
[1.382s][info][gc,heap        ] GC(48) ParOldGen: 205099K(244224K)->209715K(244224K)
[1.382s][info][gc,metaspace   ] GC(48) Metaspace: 6298K(6464K)->6298K(6464K) NonClass: 5764K(5824K)->5764K(5824K) Class: 533K(640K)->533K(640K)
[1.382s][info][gc             ] GC(48) Pause Young (Allocation Failure) 230M->230M(286M) 15.243ms
[1.382s][info][gc,cpu         ] GC(48) User=0.00s Sys=0.00s Real=0.02s
[1.393s][info][gc,start       ] GC(49) Pause Young (Allocation Failure)
[1.411s][info][gc,heap        ] GC(49) PSYoungGen: 36416K(48640K)->28224K(49664K) Eden: 9728K(9728K)->0K(9728K) From: 26688K(38912K)->28224K(39936K)
[1.411s][info][gc,heap        ] GC(49) ParOldGen: 209715K(244224K)->218019K(244224K)
[1.411s][info][gc,metaspace   ] GC(49) Metaspace: 6298K(6464K)->6298K(6464K) NonClass: 5764K(5824K)->5764K(5824K) Class: 533K(640K)->533K(640K)
[1.411s][info][gc             ] GC(49) Pause Young (Allocation Failure) 240M->240M(287M) 17.805ms
[1.411s][info][gc,cpu         ] GC(49) User=0.05s Sys=0.00s Real=0.02s
[1.421s][info][gc,start       ] GC(50) Pause Young (Allocation Failure)
[1.441s][info][gc,heap        ] GC(50) PSYoungGen: 37952K(49664K)->19520K(48640K) Eden: 9728K(9728K)->0K(11264K) From: 28224K(39936K)->19520K(37376K)
[1.441s][info][gc,heap        ] GC(50) ParOldGen: 218019K(244224K)->236683K(244224K)
[1.441s][info][gc,metaspace   ] GC(50) Metaspace: 6298K(6464K)->6298K(6464K) NonClass: 5764K(5824K)->5764K(5824K) Class: 533K(640K)->533K(640K)
[1.441s][info][gc             ] GC(50) Pause Young (Allocation Failure) 249M->250M(286M) 19.619ms
[1.441s][info][gc,cpu         ] GC(50) User=0.05s Sys=0.00s Real=0.02s
[1.441s][info][gc,start       ] GC(51) Pause Full (Ergonomics)
[1.441s][info][gc,phases,start] GC(51) Marking Phase
[1.504s][info][gc,phases      ] GC(51) Marking Phase 62.694ms
[1.504s][info][gc,phases,start] GC(51) Summary Phase
[1.504s][info][gc,phases      ] GC(51) Summary Phase 0.017ms
[1.504s][info][gc,phases,start] GC(51) Adjust Roots
[1.504s][info][gc,phases      ] GC(51) Adjust Roots 0.144ms
[1.504s][info][gc,phases,start] GC(51) Compaction Phase
[1.537s][info][gc,phases      ] GC(51) Compaction Phase 32.846ms
[1.537s][info][gc,phases,start] GC(51) Post Compact
[1.538s][info][gc,phases      ] GC(51) Post Compact 1.340ms
[1.538s][info][gc,heap        ] GC(51) PSYoungGen: 19520K(48640K)->11732K(50688K) Eden: 0K(11264K)->0K(13312K) From: 19520K(37376K)->11732K(37376K)
[1.538s][info][gc,heap        ] GC(51) ParOldGen: 236683K(244224K)->243746K(290304K)
[1.538s][info][gc,metaspace   ] GC(51) Metaspace: 6298K(6464K)->6298K(6464K) NonClass: 5764K(5824K)->5764K(5824K) Class: 533K(640K)->533K(640K)
[1.538s][info][gc             ] GC(51) Pause Full (Ergonomics) 250M->249M(333M) 97.547ms
[1.538s][info][gc,cpu         ] GC(51) User=0.33s Sys=0.00s Real=0.10s
[1.554s][info][gc,start       ] GC(52) Pause Young (Allocation Failure)
[1.578s][info][gc,heap        ] GC(52) PSYoungGen: 25044K(50688K)->13472K(52736K) Eden: 13312K(13312K)->0K(13312K) From: 11732K(37376K)->13472K(39424K)
[1.578s][info][gc,heap        ] GC(52) ParOldGen: 243746K(290304K)->255674K(290304K)
[1.578s][info][gc,metaspace   ] GC(52) Metaspace: 6298K(6464K)->6298K(6464K) NonClass: 5764K(5824K)->5764K(5824K) Class: 533K(640K)->533K(640K)
[1.578s][info][gc             ] GC(52) Pause Young (Allocation Failure) 262M->262M(335M) 24.045ms
[1.578s][info][gc,cpu         ] GC(52) User=0.14s Sys=0.00s Real=0.02s
[1.594s][info][gc,start       ] GC(53) Pause Young (Allocation Failure)
[1.609s][info][gc,heap        ] GC(53) PSYoungGen: 26784K(52736K)->13408K(52736K) Eden: 13312K(13312K)->0K(15360K) From: 13472K(39424K)->13408K(37376K)
[1.609s][info][gc,heap        ] GC(53) ParOldGen: 255674K(290304K)->269178K(290304K)
[1.609s][info][gc,metaspace   ] GC(53) Metaspace: 6298K(6464K)->6298K(6464K) NonClass: 5764K(5824K)->5764K(5824K) Class: 533K(640K)->533K(640K)
[1.609s][info][gc             ] GC(53) Pause Young (Allocation Failure) 275M->275M(335M) 15.713ms
[1.609s][info][gc,cpu         ] GC(53) User=0.03s Sys=0.00s Real=0.02s
[1.609s][info][gc,start       ] GC(54) Pause Full (Ergonomics)
[1.609s][info][gc,phases,start] GC(54) Marking Phase
[1.667s][info][gc,phases      ] GC(54) Marking Phase 57.831ms
[1.667s][info][gc,phases,start] GC(54) Summary Phase
[1.667s][info][gc,phases      ] GC(54) Summary Phase 0.020ms
[1.667s][info][gc,phases,start] GC(54) Adjust Roots
[1.668s][info][gc,phases      ] GC(54) Adjust Roots 0.153ms
[1.668s][info][gc,phases,start] GC(54) Compaction Phase
[1.695s][info][gc,phases      ] GC(54) Compaction Phase 27.210ms
[1.695s][info][gc,phases,start] GC(54) Post Compact
[1.696s][info][gc,phases      ] GC(54) Post Compact 1.290ms
[1.696s][info][gc,heap        ] GC(54) PSYoungGen: 13408K(52736K)->0K(53248K) Eden: 0K(15360K)->0K(15360K) From: 13408K(37376K)->0K(37888K)
[1.696s][info][gc,heap        ] GC(54) ParOldGen: 269178K(290304K)->282038K(332288K)
[1.696s][info][gc,metaspace   ] GC(54) Metaspace: 6298K(6464K)->6298K(6464K) NonClass: 5764K(5824K)->5764K(5824K) Class: 533K(640K)->533K(640K)
[1.696s][info][gc             ] GC(54) Pause Full (Ergonomics) 275M->275M(376M) 86.994ms
[1.696s][info][gc,cpu         ] GC(54) User=0.45s Sys=0.06s Real=0.09s
[1.714s][info][gc,start       ] GC(55) Pause Young (Allocation Failure)
[1.723s][info][gc,heap        ] GC(55) PSYoungGen: 15360K(53248K)->15488K(52224K) Eden: 15360K(15360K)->0K(17408K) From: 0K(37888K)->15488K(34816K)
[1.723s][info][gc,heap        ] GC(55) ParOldGen: 282038K(332288K)->282038K(332288K)
[1.723s][info][gc,metaspace   ] GC(55) Metaspace: 6298K(6464K)->6298K(6464K) NonClass: 5764K(5824K)->5764K(5824K) Class: 533K(640K)->533K(640K)
[1.723s][info][gc             ] GC(55) Pause Young (Allocation Failure) 290M->290M(375M) 9.058ms
[1.723s][info][gc,cpu         ] GC(55) User=0.00s Sys=0.00s Real=0.01s
[1.743s][info][gc,start       ] GC(56) Pause Young (Allocation Failure)
[1.760s][info][gc,heap        ] GC(56) PSYoungGen: 32896K(52224K)->32928K(53760K) Eden: 17408K(17408K)->0K(17408K) From: 15488K(34816K)->32928K(36352K)
[1.760s][info][gc,heap        ] GC(56) ParOldGen: 282038K(332288K)->282038K(332288K)
[1.760s][info][gc,metaspace   ] GC(56) Metaspace: 6298K(6464K)->6298K(6464K) NonClass: 5764K(5824K)->5764K(5824K) Class: 533K(640K)->533K(640K)
[1.760s][info][gc             ] GC(56) Pause Young (Allocation Failure) 307M->307M(377M) 17.019ms
[1.760s][info][gc,cpu         ] GC(56) User=0.05s Sys=0.00s Real=0.02s
[1.780s][info][gc,start       ] GC(57) Pause Young (Allocation Failure)
[1.804s][info][gc,heap        ] GC(57) PSYoungGen: 50336K(53760K)->39936K(50176K) Eden: 17408K(17408K)->0K(10240K) From: 32928K(36352K)->39936K(39936K)
[1.804s][info][gc,heap        ] GC(57) ParOldGen: 282038K(332288K)->292446K(332288K)
[1.804s][info][gc,metaspace   ] GC(57) Metaspace: 6298K(6464K)->6298K(6464K) NonClass: 5764K(5824K)->5764K(5824K) Class: 533K(640K)->533K(640K)
[1.804s][info][gc             ] GC(57) Pause Young (Allocation Failure) 324M->324M(373M) 24.211ms
[1.804s][info][gc,cpu         ] GC(57) User=0.09s Sys=0.03s Real=0.02s
[1.815s][info][gc,start       ] GC(58) Pause Young (Allocation Failure)
[1.838s][info][gc,heap        ] GC(58) PSYoungGen: 50176K(50176K)->24512K(34816K) Eden: 10240K(10240K)->0K(10240K) From: 39936K(39936K)->24512K(24576K)
[1.838s][info][gc,heap        ] GC(58) ParOldGen: 292446K(332288K)->318606K(332288K)
[1.838s][info][gc,metaspace   ] GC(58) Metaspace: 6298K(6464K)->6298K(6464K) NonClass: 5764K(5824K)->5764K(5824K) Class: 533K(640K)->533K(640K)
[1.838s][info][gc             ] GC(58) Pause Young (Allocation Failure) 334M->335M(358M) 22.906ms
[1.838s][info][gc,cpu         ] GC(58) User=0.14s Sys=0.00s Real=0.02s
[1.838s][info][gc,start       ] GC(59) Pause Full (Ergonomics)
[1.838s][info][gc,phases,start] GC(59) Marking Phase
[1.909s][info][gc,phases      ] GC(59) Marking Phase 71.331ms
[1.909s][info][gc,phases,start] GC(59) Summary Phase
[1.909s][info][gc,phases      ] GC(59) Summary Phase 0.018ms
[1.910s][info][gc,phases,start] GC(59) Adjust Roots
[1.910s][info][gc,phases      ] GC(59) Adjust Roots 0.172ms
[1.910s][info][gc,phases,start] GC(59) Compaction Phase
[1.946s][info][gc,phases      ] GC(59) Compaction Phase 35.938ms
[1.946s][info][gc,phases,start] GC(59) Post Compact
[1.947s][info][gc,phases      ] GC(59) Post Compact 1.565ms
[1.948s][info][gc,heap        ] GC(59) PSYoungGen: 24512K(34816K)->10516K(34816K) Eden: 0K(10240K)->0K(10240K) From: 24512K(24576K)->10516K(24576K)
[1.948s][info][gc,heap        ] GC(59) ParOldGen: 318606K(332288K)->331813K(388608K)
[1.948s][info][gc,metaspace   ] GC(59) Metaspace: 6298K(6464K)->6298K(6464K) NonClass: 5764K(5824K)->5764K(5824K) Class: 533K(640K)->533K(640K)
[1.948s][info][gc             ] GC(59) Pause Full (Ergonomics) 335M->334M(413M) 109.544ms
[1.948s][info][gc,cpu         ] GC(59) User=0.77s Sys=0.00s Real=0.11s
[1.960s][info][gc,start       ] GC(60) Pause Young (Allocation Failure)
[1.985s][info][gc,heap        ] GC(60) PSYoungGen: 20756K(34816K)->14816K(56832K) Eden: 10240K(10240K)->0K(11776K) From: 10516K(24576K)->14816K(45056K)
[1.985s][info][gc,heap        ] GC(60) ParOldGen: 331813K(388608K)->337981K(388608K)
[1.985s][info][gc,metaspace   ] GC(60) Metaspace: 6298K(6464K)->6298K(6464K) NonClass: 5764K(5824K)->5764K(5824K) Class: 533K(640K)->533K(640K)
[1.985s][info][gc             ] GC(60) Pause Young (Allocation Failure) 344M->344M(435M) 24.998ms
[1.985s][info][gc,cpu         ] GC(60) User=0.17s Sys=0.06s Real=0.03s
[2.062s][info][gc,start       ] GC(61) Pause Young (Allocation Failure)
[2.082s][info][gc,heap        ] GC(61) PSYoungGen: 26592K(56832K)->26624K(57856K) Eden: 11776K(11776K)->0K(11776K) From: 14816K(45056K)->26624K(46080K)
[2.082s][info][gc,heap        ] GC(61) ParOldGen: 354365K(388608K)->354365K(388608K)
[2.082s][info][gc,metaspace   ] GC(61) Metaspace: 6298K(6464K)->6298K(6464K) NonClass: 5764K(5824K)->5764K(5824K) Class: 533K(640K)->533K(640K)
[2.082s][info][gc             ] GC(61) Pause Young (Allocation Failure) 372M->372M(436M) 20.572ms
[2.082s][info][gc,cpu         ] GC(61) User=0.06s Sys=0.00s Real=0.02s
[2.094s][info][gc,start       ] GC(62) Pause Young (Allocation Failure)
[2.112s][info][gc,heap        ] GC(62) PSYoungGen: 38400K(57856K)->38368K(55296K) Eden: 11776K(11776K)->0K(9728K) From: 26624K(46080K)->38368K(45568K)
[2.112s][info][gc,heap        ] GC(62) ParOldGen: 354365K(388608K)->354365K(388608K)
[2.112s][info][gc,metaspace   ] GC(62) Metaspace: 6298K(6464K)->6298K(6464K) NonClass: 5764K(5824K)->5764K(5824K) Class: 533K(640K)->533K(640K)
[2.112s][info][gc             ] GC(62) Pause Young (Allocation Failure) 383M->383M(433M) 17.883ms
[2.112s][info][gc,cpu         ] GC(62) User=0.12s Sys=0.00s Real=0.02s
[2.122s][info][gc,start       ] GC(63) Pause Young (Allocation Failure)
[2.143s][info][gc,heap        ] GC(63) PSYoungGen: 48096K(55296K)->48064K(58880K) Eden: 9728K(9728K)->0K(9728K) From: 38368K(45568K)->48064K(49152K)
[2.143s][info][gc,heap        ] GC(63) ParOldGen: 354365K(388608K)->354365K(388608K)
[2.143s][info][gc,metaspace   ] GC(63) Metaspace: 6298K(6464K)->6298K(6464K) NonClass: 5764K(5824K)->5764K(5824K) Class: 533K(640K)->533K(640K)
[2.143s][info][gc             ] GC(63) Pause Young (Allocation Failure) 393M->392M(437M) 21.692ms
[2.143s][info][gc,cpu         ] GC(63) User=0.12s Sys=0.00s Real=0.02s
[2.153s][info][gc,start       ] GC(64) Pause Young (Allocation Failure)
[2.179s][info][gc,heap        ] GC(64) PSYoungGen: 57792K(58880K)->53344K(59392K) Eden: 9728K(9728K)->0K(4096K) From: 48064K(49152K)->53344K(55296K)
[2.179s][info][gc,heap        ] GC(64) ParOldGen: 354365K(388608K)->358917K(388608K)
[2.179s][info][gc,metaspace   ] GC(64) Metaspace: 6298K(6464K)->6298K(6464K) NonClass: 5764K(5824K)->5764K(5824K) Class: 533K(640K)->533K(640K)
[2.179s][info][gc             ] GC(64) Pause Young (Allocation Failure) 402M->402M(437M) 26.154ms
[2.179s][info][gc,cpu         ] GC(64) User=0.12s Sys=0.02s Real=0.03s
[2.184s][info][gc,start       ] GC(65) Pause Young (Allocation Failure)
[2.209s][info][gc,heap        ] GC(65) PSYoungGen: 57440K(59392K)->35392K(66560K) Eden: 4096K(4096K)->0K(4096K) From: 53344K(55296K)->35392K(62464K)
[2.209s][info][gc,heap        ] GC(65) ParOldGen: 358917K(388608K)->381213K(388608K)
[2.209s][info][gc,metaspace   ] GC(65) Metaspace: 6298K(6464K)->6298K(6464K) NonClass: 5764K(5824K)->5764K(5824K) Class: 533K(640K)->533K(640K)
[2.209s][info][gc             ] GC(65) Pause Young (Allocation Failure) 406M->406M(444M) 25.528ms
[2.209s][info][gc,cpu         ] GC(65) User=0.12s Sys=0.00s Real=0.03s
[2.209s][info][gc,start       ] GC(66) Pause Full (Ergonomics)
[2.209s][info][gc,phases,start] GC(66) Marking Phase
[2.301s][info][gc,phases      ] GC(66) Marking Phase 91.664ms
[2.301s][info][gc,phases,start] GC(66) Summary Phase
[2.301s][info][gc,phases      ] GC(66) Summary Phase 0.019ms
[2.301s][info][gc,phases,start] GC(66) Adjust Roots
[2.301s][info][gc,phases      ] GC(66) Adjust Roots 0.159ms
[2.301s][info][gc,phases,start] GC(66) Compaction Phase
[2.373s][info][gc,phases      ] GC(66) Compaction Phase 71.657ms
[2.373s][info][gc,phases,start] GC(66) Post Compact
[2.375s][info][gc,phases      ] GC(66) Post Compact 2.241ms
[2.376s][info][gc,heap        ] GC(66) PSYoungGen: 35392K(66560K)->19360K(66560K) Eden: 0K(4096K)->0K(4096K) From: 35392K(62464K)->19360K(62464K)
[2.376s][info][gc,heap        ] GC(66) ParOldGen: 381213K(388608K)->388319K(448000K)
[2.376s][info][gc,metaspace   ] GC(66) Metaspace: 6298K(6464K)->6298K(6464K) NonClass: 5764K(5824K)->5764K(5824K) Class: 533K(640K)->533K(640K)
[2.376s][info][gc             ] GC(66) Pause Full (Ergonomics) 406M->398M(502M) 166.317ms
[2.376s][info][gc,cpu         ] GC(66) User=1.09s Sys=0.00s Real=0.16s
[2.382s][info][gc,start       ] GC(67) Pause Young (Allocation Failure)
[2.409s][info][gc,heap        ] GC(67) PSYoungGen: 23456K(66560K)->10624K(66560K) Eden: 4096K(4096K)->0K(5120K) From: 19360K(62464K)->10624K(61440K)
[2.409s][info][gc,heap        ] GC(67) ParOldGen: 388319K(448000K)->401511K(448000K)
[2.409s][info][gc,metaspace   ] GC(67) Metaspace: 6298K(6464K)->6298K(6464K) NonClass: 5764K(5824K)->5764K(5824K) Class: 533K(640K)->533K(640K)
[2.409s][info][gc             ] GC(67) Pause Young (Allocation Failure) 402M->402M(502M) 27.414ms
[2.409s][info][gc,cpu         ] GC(67) User=0.09s Sys=0.02s Real=0.03s
[2.414s][info][gc,start       ] GC(68) Pause Young (Allocation Failure)
[2.423s][info][gc,heap        ] GC(68) PSYoungGen: 15744K(66560K)->9376K(66560K) Eden: 5120K(5120K)->0K(5120K) From: 10624K(61440K)->9376K(61440K)
[2.423s][info][gc,heap        ] GC(68) ParOldGen: 401511K(448000K)->407991K(448000K)
[2.423s][info][gc,metaspace   ] GC(68) Metaspace: 6298K(6464K)->6298K(6464K) NonClass: 5764K(5824K)->5764K(5824K) Class: 533K(640K)->533K(640K)
[2.423s][info][gc             ] GC(68) Pause Young (Allocation Failure) 407M->407M(502M) 8.891ms
[2.423s][info][gc,cpu         ] GC(68) User=0.00s Sys=0.00s Real=0.01s
[2.429s][info][gc,start       ] GC(69) Pause Young (Allocation Failure)
[2.437s][info][gc,heap        ] GC(69) PSYoungGen: 14496K(66560K)->5216K(67584K) Eden: 5120K(5120K)->0K(6144K) From: 9376K(61440K)->5216K(61440K)
[2.437s][info][gc,heap        ] GC(69) ParOldGen: 407991K(448000K)->417311K(448000K)
[2.437s][info][gc,metaspace   ] GC(69) Metaspace: 6298K(6464K)->6298K(6464K) NonClass: 5764K(5824K)->5764K(5824K) Class: 533K(640K)->533K(640K)
[2.437s][info][gc             ] GC(69) Pause Young (Allocation Failure) 412M->412M(503M) 8.676ms
[2.437s][info][gc,cpu         ] GC(69) User=0.02s Sys=0.00s Real=0.01s
[2.444s][info][gc,start       ] GC(70) Pause Young (Allocation Failure)
[2.451s][info][gc,heap        ] GC(70) PSYoungGen: 11360K(67584K)->6304K(67584K) Eden: 6144K(6144K)->0K(6144K) From: 5216K(61440K)->6304K(61440K)
[2.451s][info][gc,heap        ] GC(70) ParOldGen: 417311K(448000K)->422519K(448000K)
[2.451s][info][gc,metaspace   ] GC(70) Metaspace: 6298K(6464K)->6298K(6464K) NonClass: 5764K(5824K)->5764K(5824K) Class: 533K(640K)->533K(640K)
[2.451s][info][gc             ] GC(70) Pause Young (Allocation Failure) 418M->418M(503M) 7.879ms
[2.452s][info][gc,cpu         ] GC(70) User=0.02s Sys=0.00s Real=0.01s
[2.458s][info][gc,start       ] GC(71) Pause Young (Allocation Failure)
[2.466s][info][gc,heap        ] GC(71) PSYoungGen: 12448K(67584K)->6240K(65024K) Eden: 6144K(6144K)->0K(7168K) From: 6304K(61440K)->6240K(57856K)
[2.466s][info][gc,heap        ] GC(71) ParOldGen: 422519K(448000K)->428751K(448000K)
[2.466s][info][gc,metaspace   ] GC(71) Metaspace: 6298K(6464K)->6298K(6464K) NonClass: 5764K(5824K)->5764K(5824K) Class: 533K(640K)->533K(640K)
[2.466s][info][gc             ] GC(71) Pause Young (Allocation Failure) 424M->424M(501M) 8.233ms
[2.466s][info][gc,cpu         ] GC(71) User=0.02s Sys=0.00s Real=0.01s
[2.466s][info][gc,start       ] GC(72) Pause Full (Ergonomics)
[2.466s][info][gc,phases,start] GC(72) Marking Phase
[2.561s][info][gc,phases      ] GC(72) Marking Phase 94.252ms
[2.561s][info][gc,phases,start] GC(72) Summary Phase
[2.561s][info][gc,phases      ] GC(72) Summary Phase 0.022ms
[2.561s][info][gc,phases,start] GC(72) Adjust Roots
[2.561s][info][gc,phases      ] GC(72) Adjust Roots 0.147ms
[2.561s][info][gc,phases,start] GC(72) Compaction Phase
[2.607s][info][gc,phases      ] GC(72) Compaction Phase 46.348ms
[2.607s][info][gc,phases,start] GC(72) Post Compact
[2.609s][info][gc,phases      ] GC(72) Post Compact 2.008ms
[2.610s][info][gc,heap        ] GC(72) PSYoungGen: 6240K(65024K)->0K(66560K) Eden: 0K(7168K)->0K(7168K) From: 6240K(57856K)->0K(59392K)
[2.610s][info][gc,heap        ] GC(72) ParOldGen: 428751K(448000K)->434157K(492544K)
[2.610s][info][gc,metaspace   ] GC(72) Metaspace: 6298K(6464K)->6298K(6464K) NonClass: 5764K(5824K)->5764K(5824K) Class: 533K(640K)->533K(640K)
[2.610s][info][gc             ] GC(72) Pause Full (Ergonomics) 424M->423M(546M) 143.274ms
[2.610s][info][gc,cpu         ] GC(72) User=0.80s Sys=0.00s Real=0.14s
[2.617s][info][gc,start       ] GC(73) Pause Young (Allocation Failure)
[2.624s][info][gc,heap        ] GC(73) PSYoungGen: 7168K(66560K)->7232K(64512K) Eden: 7168K(7168K)->0K(8192K) From: 0K(59392K)->7232K(56320K)
[2.624s][info][gc,heap        ] GC(73) ParOldGen: 434157K(492544K)->434157K(492544K)
[2.624s][info][gc,metaspace   ] GC(73) Metaspace: 6298K(6464K)->6298K(6464K) NonClass: 5764K(5824K)->5764K(5824K) Class: 533K(640K)->533K(640K)
[2.624s][info][gc             ] GC(73) Pause Young (Allocation Failure) 430M->431M(544M) 7.494ms
[2.624s][info][gc,cpu         ] GC(73) User=0.00s Sys=0.00s Real=0.01s
[2.633s][info][gc,start       ] GC(74) Pause Young (Allocation Failure)
[2.643s][info][gc,heap        ] GC(74) PSYoungGen: 15424K(64512K)->15424K(24064K) Eden: 8192K(8192K)->0K(8192K) From: 7232K(56320K)->15424K(15872K)
[2.643s][info][gc,heap        ] GC(74) ParOldGen: 434157K(492544K)->434157K(492544K)
[2.643s][info][gc,metaspace   ] GC(74) Metaspace: 6298K(6464K)->6298K(6464K) NonClass: 5764K(5824K)->5764K(5824K) Class: 533K(640K)->533K(640K)
[2.643s][info][gc             ] GC(74) Pause Young (Allocation Failure) 439M->439M(504M) 9.840ms
[2.643s][info][gc,cpu         ] GC(74) User=0.00s Sys=0.00s Real=0.01s
[2.652s][info][gc,start       ] GC(75) Pause Young (Allocation Failure)
[2.665s][info][gc,heap        ] GC(75) PSYoungGen: 23616K(24064K)->16512K(57856K) Eden: 8192K(8192K)->0K(9216K) From: 15424K(15872K)->16512K(48640K)
[2.665s][info][gc,heap        ] GC(75) ParOldGen: 434157K(492544K)->441429K(492544K)
[2.665s][info][gc,metaspace   ] GC(75) Metaspace: 6298K(6464K)->6298K(6464K) NonClass: 5764K(5824K)->5764K(5824K) Class: 533K(640K)->533K(640K)
[2.665s][info][gc             ] GC(75) Pause Young (Allocation Failure) 447M->447M(537M) 13.016ms
[2.665s][info][gc,cpu         ] GC(75) User=0.02s Sys=0.00s Real=0.01s
[2.675s][info][gc,start       ] GC(76) Pause Young (Allocation Failure)
[2.688s][info][gc,heap        ] GC(76) PSYoungGen: 25728K(57856K)->17504K(27136K) Eden: 9216K(9216K)->0K(9216K) From: 16512K(48640K)->17504K(17920K)
[2.688s][info][gc,heap        ] GC(76) ParOldGen: 441429K(492544K)->449717K(492544K)
[2.688s][info][gc,metaspace   ] GC(76) Metaspace: 6298K(6464K)->6298K(6464K) NonClass: 5764K(5824K)->5764K(5824K) Class: 533K(640K)->533K(640K)
[2.688s][info][gc             ] GC(76) Pause Young (Allocation Failure) 456M->456M(507M) 13.503ms
[2.688s][info][gc,cpu         ] GC(76) User=0.02s Sys=0.00s Real=0.02s
[2.698s][info][gc,start       ] GC(77) Pause Young (Allocation Failure)
[2.712s][info][gc,heap        ] GC(77) PSYoungGen: 26720K(27136K)->18560K(53248K) Eden: 9216K(9216K)->0K(10752K) From: 17504K(17920K)->18560K(42496K)
[2.712s][info][gc,heap        ] GC(77) ParOldGen: 449717K(492544K)->458013K(492544K)
[2.712s][info][gc,metaspace   ] GC(77) Metaspace: 6298K(6464K)->6298K(6464K) NonClass: 5764K(5824K)->5764K(5824K) Class: 533K(640K)->533K(640K)
[2.712s][info][gc             ] GC(77) Pause Young (Allocation Failure) 465M->465M(533M) 14.183ms
[2.712s][info][gc,cpu         ] GC(77) User=0.02s Sys=0.00s Real=0.02s
[2.724s][info][gc,start       ] GC(78) Pause Young (Allocation Failure)
[2.739s][info][gc,heap        ] GC(78) PSYoungGen: 29312K(53248K)->20064K(31232K) Eden: 10752K(10752K)->0K(10752K) From: 18560K(42496K)->20064K(20480K)
[2.739s][info][gc,heap        ] GC(78) ParOldGen: 458013K(492544K)->467373K(492544K)
[2.739s][info][gc,metaspace   ] GC(78) Metaspace: 6298K(6464K)->6298K(6464K) NonClass: 5764K(5824K)->5764K(5824K) Class: 533K(640K)->533K(640K)
[2.739s][info][gc             ] GC(78) Pause Young (Allocation Failure) 475M->476M(511M) 15.215ms
[2.739s][info][gc,cpu         ] GC(78) User=0.02s Sys=0.00s Real=0.01s
[2.751s][info][gc,start       ] GC(79) Pause Young (Allocation Failure)
[2.767s][info][gc,heap        ] GC(79) PSYoungGen: 30816K(31232K)->21632K(52736K) Eden: 10752K(10752K)->0K(12288K) From: 20064K(20480K)->21632K(40448K)
[2.767s][info][gc,heap        ] GC(79) ParOldGen: 467373K(492544K)->476717K(492544K)
[2.767s][info][gc,metaspace   ] GC(79) Metaspace: 6298K(6464K)->6298K(6464K) NonClass: 5764K(5824K)->5764K(5824K) Class: 533K(640K)->533K(640K)
[2.767s][info][gc             ] GC(79) Pause Young (Allocation Failure) 486M->486M(532M) 15.927ms
[2.767s][info][gc,cpu         ] GC(79) User=0.02s Sys=0.00s Real=0.02s
[2.767s][info][gc,start       ] GC(80) Pause Full (Ergonomics)
[2.767s][info][gc,phases,start] GC(80) Marking Phase
[2.880s][info][gc,phases      ] GC(80) Marking Phase 113.345ms
[2.880s][info][gc,phases,start] GC(80) Summary Phase
[2.881s][info][gc,phases      ] GC(80) Summary Phase 0.020ms
[2.881s][info][gc,phases,start] GC(80) Adjust Roots
[2.881s][info][gc,phases      ] GC(80) Adjust Roots 0.157ms
[2.881s][info][gc,phases,start] GC(80) Compaction Phase
[2.932s][info][gc,phases      ] GC(80) Compaction Phase 50.981ms
[2.932s][info][gc,phases,start] GC(80) Post Compact
[2.934s][info][gc,phases      ] GC(80) Post Compact 2.407ms
[2.934s][info][gc,heap        ] GC(80) PSYoungGen: 21632K(52736K)->5091K(54272K) Eden: 0K(12288K)->0K(13824K) From: 21632K(40448K)->5091K(40448K)
[2.934s][info][gc,heap        ] GC(80) ParOldGen: 476717K(492544K)->492328K(550912K)
[2.935s][info][gc,metaspace   ] GC(80) Metaspace: 6298K(6464K)->6298K(6464K) NonClass: 5764K(5824K)->5764K(5824K) Class: 533K(640K)->533K(640K)
[2.935s][info][gc             ] GC(80) Pause Full (Ergonomics) 486M->485M(591M) 167.471ms
[2.935s][info][gc,cpu         ] GC(80) User=1.11s Sys=0.00s Real=0.17s
[2.951s][info][gc,start       ] GC(81) Pause Young (Allocation Failure)
[2.982s][info][gc,heap        ] GC(81) PSYoungGen: 18915K(54272K)->16512K(55808K) Eden: 13824K(13824K)->0K(13824K) From: 5091K(40448K)->16512K(41984K)
[2.982s][info][gc,heap        ] GC(81) ParOldGen: 492328K(550912K)->494920K(550912K)
[2.982s][info][gc,metaspace   ] GC(81) Metaspace: 6298K(6464K)->6298K(6464K) NonClass: 5764K(5824K)->5764K(5824K) Class: 533K(640K)->533K(640K)
[2.982s][info][gc             ] GC(81) Pause Young (Allocation Failure) 499M->499M(592M) 30.582ms
[2.982s][info][gc,cpu         ] GC(81) User=0.14s Sys=0.00s Real=0.03s
[2.997s][info][gc,start       ] GC(82) Pause Young (Allocation Failure)
[3.013s][info][gc,heap        ] GC(82) PSYoungGen: 30336K(55808K)->30336K(53760K) Eden: 13824K(13824K)->0K(13312K) From: 16512K(41984K)->30336K(40448K)
[3.013s][info][gc,heap        ] GC(82) ParOldGen: 494920K(550912K)->494920K(550912K)
[3.013s][info][gc,metaspace   ] GC(82) Metaspace: 6298K(6464K)->6298K(6464K) NonClass: 5764K(5824K)->5764K(5824K) Class: 533K(640K)->533K(640K)
[3.013s][info][gc             ] GC(82) Pause Young (Allocation Failure) 512M->512M(590M) 16.233ms
[3.013s][info][gc,cpu         ] GC(82) User=0.02s Sys=0.00s Real=0.02s
[3.027s][info][gc,start       ] GC(83) Pause Young (Allocation Failure)
[3.049s][info][gc,heap        ] GC(83) PSYoungGen: 43648K(53760K)->41056K(55808K) Eden: 13312K(13312K)->0K(13312K) From: 30336K(40448K)->41056K(42496K)
[3.049s][info][gc,heap        ] GC(83) ParOldGen: 494920K(550912K)->497536K(550912K)
[3.049s][info][gc,metaspace   ] GC(83) Metaspace: 6298K(6464K)->6298K(6464K) NonClass: 5764K(5824K)->5764K(5824K) Class: 533K(640K)->533K(640K)
[3.049s][info][gc             ] GC(83) Pause Young (Allocation Failure) 525M->525M(592M) 21.677ms
[3.049s][info][gc,cpu         ] GC(83) User=0.12s Sys=0.00s Real=0.02s
[3.064s][info][gc,start       ] GC(84) Pause Young (Allocation Failure)
[3.090s][info][gc,heap        ] GC(84) PSYoungGen: 54368K(55808K)->40576K(58880K) Eden: 13312K(13312K)->0K(10752K) From: 41056K(42496K)->40576K(48128K)
[3.090s][info][gc,heap        ] GC(84) ParOldGen: 497536K(550912K)->511536K(550912K)
[3.090s][info][gc,metaspace   ] GC(84) Metaspace: 6298K(6464K)->6298K(6464K) NonClass: 5764K(5824K)->5764K(5824K) Class: 533K(640K)->533K(640K)
[3.090s][info][gc             ] GC(84) Pause Young (Allocation Failure) 538M->539M(595M) 26.339ms
[3.090s][info][gc,cpu         ] GC(84) User=0.11s Sys=0.03s Real=0.03s
[3.102s][info][gc,start       ] GC(85) Pause Young (Allocation Failure)
[3.127s][info][gc,heap        ] GC(85) PSYoungGen: 51328K(58880K)->37504K(62976K) Eden: 10752K(10752K)->0K(10752K) From: 40576K(48128K)->37504K(52224K)
[3.127s][info][gc,heap        ] GC(85) ParOldGen: 511536K(550912K)->525552K(550912K)
[3.127s][info][gc,metaspace   ] GC(85) Metaspace: 6298K(6464K)->6298K(6464K) NonClass: 5764K(5824K)->5764K(5824K) Class: 533K(640K)->533K(640K)
[3.127s][info][gc             ] GC(85) Pause Young (Allocation Failure) 549M->549M(599M) 25.039ms
[3.127s][info][gc,cpu         ] GC(85) User=0.12s Sys=0.00s Real=0.02s
[3.139s][info][gc,start       ] GC(86) Pause Young (Allocation Failure)
[3.163s][info][gc,heap        ] GC(86) PSYoungGen: 48256K(62976K)->21632K(61952K) Eden: 10752K(10752K)->0K(12288K) From: 37504K(52224K)->21632K(49664K)
[3.163s][info][gc,heap        ] GC(86) ParOldGen: 525552K(550912K)->552504K(552960K)
[3.163s][info][gc,metaspace   ] GC(86) Metaspace: 6298K(6464K)->6298K(6464K) NonClass: 5764K(5824K)->5764K(5824K) Class: 533K(640K)->533K(640K)
[3.163s][info][gc             ] GC(86) Pause Young (Allocation Failure) 560M->560M(600M) 24.239ms
[3.163s][info][gc,cpu         ] GC(86) User=0.11s Sys=0.02s Real=0.02s
[3.163s][info][gc,start       ] GC(87) Pause Full (Ergonomics)
[3.163s][info][gc,phases,start] GC(87) Marking Phase
[3.289s][info][gc,phases      ] GC(87) Marking Phase 125.894ms
[3.290s][info][gc,phases,start] GC(87) Summary Phase
[3.290s][info][gc,phases      ] GC(87) Summary Phase 0.028ms
[3.290s][info][gc,phases,start] GC(87) Adjust Roots
[3.290s][info][gc,phases      ] GC(87) Adjust Roots 0.176ms
[3.290s][info][gc,phases,start] GC(87) Compaction Phase
[3.345s][info][gc,phases      ] GC(87) Compaction Phase 55.486ms
[3.345s][info][gc,phases,start] GC(87) Post Compact
[3.346s][info][gc,phases      ] GC(87) Post Compact 0.959ms
[3.347s][info][gc,heap        ] GC(87) PSYoungGen: 21632K(61952K)->20423K(63488K) Eden: 0K(12288K)->0K(13824K) From: 21632K(49664K)->20423K(49664K)
[3.347s][info][gc,heap        ] GC(87) ParOldGen: 552504K(552960K)->552590K(623616K)
[3.347s][info][gc,metaspace   ] GC(87) Metaspace: 6298K(6464K)->6298K(6464K) NonClass: 5764K(5824K)->5764K(5824K) Class: 533K(640K)->533K(640K)
[3.347s][info][gc             ] GC(87) Pause Full (Ergonomics) 560M->559M(671M) 183.155ms
[3.347s][info][gc,cpu         ] GC(87) User=1.33s Sys=0.00s Real=0.18s
[3.363s][info][gc,start       ] GC(88) Pause Young (Allocation Failure)
[3.403s][info][gc,heap        ] GC(88) PSYoungGen: 34247K(63488K)->13984K(66048K) Eden: 13824K(13824K)->0K(13824K) From: 20423K(49664K)->13984K(52224K)
[3.403s][info][gc,heap        ] GC(88) ParOldGen: 552590K(623616K)->573334K(623616K)
[3.403s][info][gc,metaspace   ] GC(88) Metaspace: 6298K(6464K)->6298K(6464K) NonClass: 5764K(5824K)->5764K(5824K) Class: 533K(640K)->533K(640K)
[3.403s][info][gc             ] GC(88) Pause Young (Allocation Failure) 573M->573M(673M) 39.776ms
[3.403s][info][gc,cpu         ] GC(88) User=0.25s Sys=0.00s Real=0.04s
[3.418s][info][gc,start       ] GC(89) Pause Young (Allocation Failure)
[3.434s][info][gc,heap        ] GC(89) PSYoungGen: 27808K(66048K)->14016K(65536K) Eden: 13824K(13824K)->0K(15872K) From: 13984K(52224K)->14016K(49664K)
[3.434s][info][gc,heap        ] GC(89) ParOldGen: 573334K(623616K)->587358K(623616K)
[3.434s][info][gc,metaspace   ] GC(89) Metaspace: 6298K(6464K)->6298K(6464K) NonClass: 5764K(5824K)->5764K(5824K) Class: 533K(640K)->533K(640K)
[3.434s][info][gc             ] GC(89) Pause Young (Allocation Failure) 587M->587M(673M) 15.551ms
[3.434s][info][gc,cpu         ] GC(89) User=0.02s Sys=0.00s Real=0.01s
[3.452s][info][gc,start       ] GC(90) Pause Young (Allocation Failure)
[3.469s][info][gc,heap        ] GC(90) PSYoungGen: 29888K(65536K)->16032K(66048K) Eden: 15872K(15872K)->0K(15872K) From: 14016K(49664K)->16032K(50176K)
[3.469s][info][gc,heap        ] GC(90) ParOldGen: 587358K(623616K)->601382K(623616K)
[3.469s][info][gc,metaspace   ] GC(90) Metaspace: 6298K(6464K)->6298K(6464K) NonClass: 5764K(5824K)->5764K(5824K) Class: 533K(640K)->533K(640K)
[3.469s][info][gc             ] GC(90) Pause Young (Allocation Failure) 602M->602M(673M) 17.135ms
[3.469s][info][gc,cpu         ] GC(90) User=0.06s Sys=0.00s Real=0.02s
[3.469s][info][gc,start       ] GC(91) Pause Full (Ergonomics)
[3.469s][info][gc,phases,start] GC(91) Marking Phase
[3.603s][info][gc,phases      ] GC(91) Marking Phase 133.113ms
[3.603s][info][gc,phases,start] GC(91) Summary Phase
[3.603s][info][gc,phases      ] GC(91) Summary Phase 0.025ms
[3.603s][info][gc,phases,start] GC(91) Adjust Roots
[3.603s][info][gc,phases      ] GC(91) Adjust Roots 0.147ms
[3.603s][info][gc,phases,start] GC(91) Compaction Phase
[3.654s][info][gc,phases      ] GC(91) Compaction Phase 51.304ms
[3.654s][info][gc,phases,start] GC(91) Post Compact
[3.655s][info][gc,phases      ] GC(91) Post Compact 0.900ms
[3.655s][info][gc,heap        ] GC(91) PSYoungGen: 16032K(66048K)->0K(66560K) Eden: 0K(15872K)->0K(17920K) From: 16032K(50176K)->0K(48640K)
[3.655s][info][gc,heap        ] GC(91) ParOldGen: 601382K(623616K)->616445K(694272K)
[3.656s][info][gc,metaspace   ] GC(91) Metaspace: 6298K(6464K)->6298K(6464K) NonClass: 5764K(5824K)->5764K(5824K) Class: 533K(640K)->533K(640K)
[3.656s][info][gc             ] GC(91) Pause Full (Ergonomics) 602M->601M(743M) 186.121ms
[3.656s][info][gc,cpu         ] GC(91) User=1.17s Sys=0.00s Real=0.19s
[3.680s][info][gc,start       ] GC(92) Pause Young (Allocation Failure)
[3.691s][info][gc,heap        ] GC(92) PSYoungGen: 17920K(66560K)->18048K(36352K) Eden: 17920K(17920K)->0K(17920K) From: 0K(48640K)->18048K(18432K)
[3.691s][info][gc,heap        ] GC(92) ParOldGen: 616445K(694272K)->616445K(694272K)
[3.691s][info][gc,metaspace   ] GC(92) Metaspace: 6298K(6464K)->6298K(6464K) NonClass: 5764K(5824K)->5764K(5824K) Class: 533K(640K)->533K(640K)
[3.691s][info][gc             ] GC(92) Pause Young (Allocation Failure) 619M->619M(713M) 11.620ms
[3.691s][info][gc,cpu         ] GC(92) User=0.00s Sys=0.00s Real=0.01s
[3.714s][info][gc,start       ] GC(93) Pause Young (Allocation Failure)
[3.733s][info][gc,heap        ] GC(93) PSYoungGen: 35968K(36352K)->35968K(62976K) Eden: 17920K(17920K)->0K(16384K) From: 18048K(18432K)->35968K(46592K)
[3.733s][info][gc,heap        ] GC(93) ParOldGen: 616445K(694272K)->616445K(694272K)
[3.733s][info][gc,metaspace   ] GC(93) Metaspace: 6298K(6464K)->6298K(6464K) NonClass: 5764K(5824K)->5764K(5824K) Class: 533K(640K)->533K(640K)
[3.733s][info][gc             ] GC(93) Pause Young (Allocation Failure) 637M->637M(739M) 19.375ms
[3.733s][info][gc,cpu         ] GC(93) User=0.12s Sys=0.00s Real=0.02s
[3.753s][info][gc,start       ] GC(94) Pause Young (Allocation Failure)
[3.779s][info][gc,heap        ] GC(94) PSYoungGen: 52352K(62976K)->49664K(66048K) Eden: 16384K(16384K)->0K(16384K) From: 35968K(46592K)->49664K(49664K)
[3.779s][info][gc,heap        ] GC(94) ParOldGen: 616445K(694272K)->619093K(694272K)
[3.779s][info][gc,metaspace   ] GC(94) Metaspace: 6298K(6464K)->6298K(6464K) NonClass: 5764K(5824K)->5764K(5824K) Class: 533K(640K)->533K(640K)
[3.779s][info][gc             ] GC(94) Pause Young (Allocation Failure) 653M->653M(742M) 26.048ms
[3.779s][info][gc,cpu         ] GC(94) User=0.14s Sys=0.00s Real=0.03s
[3.798s][info][gc,start       ] GC(95) Pause Young (Allocation Failure)
[3.830s][info][gc,heap        ] GC(95) PSYoungGen: 66048K(66048K)->32160K(74240K) Eden: 16384K(16384K)->0K(18432K) From: 49664K(49664K)->32160K(55808K)
[3.830s][info][gc,heap        ] GC(95) ParOldGen: 619093K(694272K)->653541K(694272K)
[3.830s][info][gc,metaspace   ] GC(95) Metaspace: 6298K(6464K)->6298K(6464K) NonClass: 5764K(5824K)->5764K(5824K) Class: 533K(640K)->533K(640K)
[3.830s][info][gc             ] GC(95) Pause Young (Allocation Failure) 669M->669M(750M) 31.614ms
[3.830s][info][gc,cpu         ] GC(95) User=0.12s Sys=0.02s Real=0.03s
[3.854s][info][gc,start       ] GC(96) Pause Young (Allocation Failure)
[3.879s][info][gc,heap        ] GC(96) PSYoungGen: 50592K(74240K)->34944K(75264K) Eden: 18432K(18432K)->0K(18432K) From: 32160K(55808K)->34944K(56832K)
[3.879s][info][gc,heap        ] GC(96) ParOldGen: 653541K(694272K)->669413K(694272K)
[3.879s][info][gc,metaspace   ] GC(96) Metaspace: 6298K(6464K)->6298K(6464K) NonClass: 5764K(5824K)->5764K(5824K) Class: 533K(640K)->533K(640K)
[3.879s][info][gc             ] GC(96) Pause Young (Allocation Failure) 687M->687M(751M) 25.567ms
[3.879s][info][gc,cpu         ] GC(96) User=0.11s Sys=0.02s Real=0.03s
[3.880s][info][gc,start       ] GC(97) Pause Full (Ergonomics)
[3.880s][info][gc,phases,start] GC(97) Marking Phase
[4.029s][info][gc,phases      ] GC(97) Marking Phase 149.247ms
[4.029s][info][gc,phases,start] GC(97) Summary Phase
[4.029s][info][gc,phases      ] GC(97) Summary Phase 0.029ms
[4.029s][info][gc,phases,start] GC(97) Adjust Roots
[4.029s][info][gc,phases      ] GC(97) Adjust Roots 0.148ms
[4.029s][info][gc,phases,start] GC(97) Compaction Phase
[4.090s][info][gc,phases      ] GC(97) Compaction Phase 60.429ms
[4.090s][info][gc,phases,start] GC(97) Post Compact
[4.091s][info][gc,phases      ] GC(97) Post Compact 1.115ms
[4.091s][info][gc,heap        ] GC(97) PSYoungGen: 34944K(75264K)->9205K(75264K) Eden: 0K(18432K)->0K(18432K) From: 34944K(56832K)->9205K(56832K)
[4.091s][info][gc,heap        ] GC(97) ParOldGen: 669413K(694272K)->694125K(782336K)
[4.091s][info][gc,metaspace   ] GC(97) Metaspace: 6298K(6464K)->6298K(6464K) NonClass: 5764K(5824K)->5764K(5824K) Class: 533K(640K)->533K(640K)
[4.091s][info][gc             ] GC(97) Pause Full (Ergonomics) 687M->686M(837M) 211.552ms
[4.091s][info][gc,cpu         ] GC(97) User=1.55s Sys=0.00s Real=0.21s
[4.230s][info][gc,start       ] GC(98) Pause Young (Allocation Failure)
[4.272s][info][gc,heap        ] GC(98) PSYoungGen: 27637K(75264K)->23360K(73216K) Eden: 18432K(18432K)->0K(20480K) From: 9205K(56832K)->23360K(52736K)
[4.272s][info][gc,heap        ] GC(98) ParOldGen: 726893K(782336K)->731445K(782336K)
[4.272s][info][gc,metaspace   ] GC(98) Metaspace: 6298K(6464K)->6298K(6464K) NonClass: 5764K(5824K)->5764K(5824K) Class: 533K(640K)->533K(640K)
[4.272s][info][gc             ] GC(98) Pause Young (Allocation Failure) 736M->737M(835M) 42.386ms
[4.272s][info][gc,cpu         ] GC(98) User=0.17s Sys=0.00s Real=0.04s
[4.294s][info][gc,start       ] GC(99) Pause Young (Allocation Failure)
[4.317s][info][gc,heap        ] GC(99) PSYoungGen: 43840K(73216K)->43840K(75264K) Eden: 20480K(20480K)->0K(20480K) From: 23360K(52736K)->43840K(54784K)
[4.317s][info][gc,heap        ] GC(99) ParOldGen: 731445K(782336K)->731445K(782336K)
[4.318s][info][gc,metaspace   ] GC(99) Metaspace: 6298K(6464K)->6298K(6464K) NonClass: 5764K(5824K)->5764K(5824K) Class: 533K(640K)->533K(640K)
[4.318s][info][gc             ] GC(99) Pause Young (Allocation Failure) 757M->757M(837M) 23.815ms
[4.318s][info][gc,cpu         ] GC(99) User=0.03s Sys=0.00s Real=0.02s
[4.339s][info][gc,start       ] GC(100) Pause Young (Allocation Failure)
[4.371s][info][gc,heap        ] GC(100) PSYoungGen: 64320K(75264K)->58368K(70656K) Eden: 20480K(20480K)->0K(12288K) From: 43840K(54784K)->58368K(58368K)
[4.372s][info][gc,heap        ] GC(100) ParOldGen: 731445K(782336K)->737365K(782336K)
[4.372s][info][gc,metaspace   ] GC(100) Metaspace: 6298K(6464K)->6298K(6464K) NonClass: 5764K(5824K)->5764K(5824K) Class: 533K(640K)->533K(640K)
[4.372s][info][gc             ] GC(100) Pause Young (Allocation Failure) 777M->777M(833M) 32.986ms
[4.372s][info][gc,cpu         ] GC(100) User=0.22s Sys=0.03s Real=0.03s
[4.384s][info][gc,start       ] GC(101) Pause Young (Allocation Failure)
[4.418s][info][gc,heap        ] GC(101) PSYoungGen: 70656K(70656K)->49248K(80896K) Eden: 12288K(12288K)->0K(12288K) From: 58368K(58368K)->49248K(68608K)
[4.418s][info][gc,heap        ] GC(101) ParOldGen: 737365K(782336K)->759165K(782336K)
[4.418s][info][gc,metaspace   ] GC(101) Metaspace: 6298K(6464K)->6298K(6464K) NonClass: 5764K(5824K)->5764K(5824K) Class: 533K(640K)->533K(640K)
[4.418s][info][gc             ] GC(101) Pause Young (Allocation Failure) 789M->789M(843M) 33.907ms
[4.418s][info][gc,cpu         ] GC(101) User=0.19s Sys=0.00s Real=0.03s
[4.418s][info][gc,start       ] GC(102) Pause Full (Ergonomics)
[4.418s][info][gc,phases,start] GC(102) Marking Phase
[4.592s][info][gc,phases      ] GC(102) Marking Phase 173.690ms
[4.592s][info][gc,phases,start] GC(102) Summary Phase
[4.592s][info][gc,phases      ] GC(102) Summary Phase 0.025ms
[4.592s][info][gc,phases,start] GC(102) Adjust Roots
[4.592s][info][gc,phases      ] GC(102) Adjust Roots 0.189ms
[4.592s][info][gc,phases,start] GC(102) Compaction Phase
[4.723s][info][gc,phases      ] GC(102) Compaction Phase 131.472ms
[4.723s][info][gc,phases,start] GC(102) Post Compact
[4.725s][info][gc,phases      ] GC(102) Post Compact 1.599ms
[4.725s][info][gc,heap        ] GC(102) PSYoungGen: 49248K(80896K)->9159K(80896K) Eden: 0K(12288K)->0K(12288K) From: 49248K(68608K)->9159K(68608K)
[4.725s][info][gc,heap        ] GC(102) ParOldGen: 759165K(782336K)->782111K(875520K)
[4.725s][info][gc,metaspace   ] GC(102) Metaspace: 6298K(6464K)->6298K(6464K) NonClass: 5764K(5824K)->5764K(5824K) Class: 533K(640K)->533K(640K)
[4.725s][info][gc             ] GC(102) Pause Full (Ergonomics) 789M->772M(934M) 307.597ms
[4.725s][info][gc,cpu         ] GC(102) User=1.95s Sys=0.02s Real=0.31s
[4.741s][info][gc,start       ] GC(103) Pause Young (Allocation Failure)
[4.785s][info][gc,heap        ] GC(103) PSYoungGen: 21447K(80896K)->18176K(82944K) Eden: 12288K(12288K)->0K(13824K) From: 9159K(68608K)->18176K(69120K)
[4.785s][info][gc,heap        ] GC(103) ParOldGen: 782111K(875520K)->785615K(875520K)
[4.785s][info][gc,metaspace   ] GC(103) Metaspace: 6298K(6464K)->6298K(6464K) NonClass: 5764K(5824K)->5764K(5824K) Class: 533K(640K)->533K(640K)
[4.785s][info][gc             ] GC(103) Pause Young (Allocation Failure) 784M->784M(936M) 43.974ms
[4.785s][info][gc,cpu         ] GC(103) User=0.38s Sys=0.00s Real=0.05s
[4.799s][info][gc,start       ] GC(104) Pause Young (Allocation Failure)
[4.818s][info][gc,heap        ] GC(104) PSYoungGen: 32000K(82944K)->32000K(46080K) Eden: 13824K(13824K)->0K(13824K) From: 18176K(69120K)->32000K(32256K)
[4.818s][info][gc,heap        ] GC(104) ParOldGen: 785615K(875520K)->785615K(875520K)
[4.818s][info][gc,metaspace   ] GC(104) Metaspace: 6298K(6464K)->6298K(6464K) NonClass: 5764K(5824K)->5764K(5824K) Class: 533K(640K)->533K(640K)
[4.818s][info][gc             ] GC(104) Pause Young (Allocation Failure) 798M->798M(900M) 18.528ms
[4.818s][info][gc,cpu         ] GC(104) User=0.03s Sys=0.00s Real=0.02s
[4.832s][info][gc,start       ] GC(105) Pause Young (Allocation Failure)
[4.854s][info][gc,heap        ] GC(105) PSYoungGen: 45824K(46080K)->43200K(81408K) Eden: 13824K(13824K)->0K(14848K) From: 32000K(32256K)->43200K(66560K)
[4.854s][info][gc,heap        ] GC(105) ParOldGen: 785615K(875520K)->788271K(875520K)
[4.854s][info][gc,metaspace   ] GC(105) Metaspace: 6298K(6464K)->6298K(6464K) NonClass: 5764K(5824K)->5764K(5824K) Class: 533K(640K)->533K(640K)
[4.854s][info][gc             ] GC(105) Pause Young (Allocation Failure) 811M->811M(934M) 22.535ms
[4.854s][info][gc,cpu         ] GC(105) User=0.14s Sys=0.00s Real=0.02s
[4.870s][info][gc,start       ] GC(106) Pause Young (Allocation Failure)
[4.898s][info][gc,heap        ] GC(106) PSYoungGen: 58048K(81408K)->54880K(81920K) Eden: 14848K(14848K)->0K(14848K) From: 43200K(66560K)->54880K(67072K)
[4.898s][info][gc,heap        ] GC(106) ParOldGen: 788271K(875520K)->791471K(875520K)
[4.898s][info][gc,metaspace   ] GC(106) Metaspace: 6298K(6464K)->6298K(6464K) NonClass: 5764K(5824K)->5764K(5824K) Class: 533K(640K)->533K(640K)
[4.898s][info][gc             ] GC(106) Pause Young (Allocation Failure) 826M->826M(935M) 27.483ms
[4.898s][info][gc,cpu         ] GC(106) User=0.12s Sys=0.00s Real=0.03s
[4.914s][info][gc,start       ] GC(107) Pause Young (Allocation Failure)
[4.946s][info][gc,heap        ] GC(107) PSYoungGen: 69728K(81920K)->57472K(83968K) Eden: 14848K(14848K)->0K(12288K) From: 54880K(67072K)->57472K(71680K)
[4.946s][info][gc,heap        ] GC(107) ParOldGen: 791471K(875520K)->803935K(875520K)
[4.946s][info][gc,metaspace   ] GC(107) Metaspace: 6298K(6464K)->6298K(6464K) NonClass: 5764K(5824K)->5764K(5824K) Class: 533K(640K)->533K(640K)
[4.946s][info][gc             ] GC(107) Pause Young (Allocation Failure) 841M->841M(937M) 32.875ms
[4.946s][info][gc,cpu         ] GC(107) User=0.17s Sys=0.00s Real=0.03s
[4.959s][info][gc,start       ] GC(108) Pause Young (Allocation Failure)
[4.993s][info][gc,heap        ] GC(108) PSYoungGen: 69760K(83968K)->42112K(54784K) Eden: 12288K(12288K)->0K(12288K) From: 57472K(71680K)->42112K(42496K)
[4.993s][info][gc,heap        ] GC(108) ParOldGen: 803935K(875520K)->831927K(875520K)
[4.993s][info][gc,metaspace   ] GC(108) Metaspace: 6298K(6464K)->6298K(6464K) NonClass: 5764K(5824K)->5764K(5824K) Class: 533K(640K)->533K(640K)
[4.993s][info][gc             ] GC(108) Pause Young (Allocation Failure) 853M->853M(908M) 33.240ms
[4.993s][info][gc,cpu         ] GC(108) User=0.23s Sys=0.02s Real=0.03s
[5.006s][info][gc,start       ] GC(109) Pause Young (Allocation Failure)
[5.034s][info][gc,heap        ] GC(109) PSYoungGen: 54400K(54784K)->24704K(86016K) Eden: 12288K(12288K)->0K(14336K) From: 42112K(42496K)->24704K(71680K)
[5.034s][info][gc,heap        ] GC(109) ParOldGen: 831927K(875520K)->862015K(875520K)
[5.034s][info][gc,metaspace   ] GC(109) Metaspace: 6298K(6464K)->6298K(6464K) NonClass: 5764K(5824K)->5764K(5824K) Class: 533K(640K)->533K(640K)
[5.034s][info][gc             ] GC(109) Pause Young (Allocation Failure) 865M->865M(939M) 27.979ms
[5.034s][info][gc,cpu         ] GC(109) User=0.14s Sys=0.00s Real=0.03s
[5.034s][info][gc,start       ] GC(110) Pause Full (Ergonomics)
[5.034s][info][gc,phases,start] GC(110) Marking Phase
[5.232s][info][gc,phases      ] GC(110) Marking Phase 197.645ms
[5.232s][info][gc,phases,start] GC(110) Summary Phase
[5.232s][info][gc,phases      ] GC(110) Summary Phase 0.023ms
[5.232s][info][gc,phases,start] GC(110) Adjust Roots
[5.232s][info][gc,phases      ] GC(110) Adjust Roots 0.197ms
[5.232s][info][gc,phases,start] GC(110) Compaction Phase
[5.321s][info][gc,phases      ] GC(110) Compaction Phase 88.855ms
[5.321s][info][gc,phases,start] GC(110) Post Compact
[5.323s][info][gc,phases      ] GC(110) Post Compact 1.361ms
[5.323s][info][gc,heap        ] GC(110) PSYoungGen: 24704K(86016K)->10207K(87040K) Eden: 0K(14336K)->0K(15360K) From: 24704K(71680K)->10207K(71680K)
[5.323s][info][gc,heap        ] GC(110) ParOldGen: 862015K(875520K)->875051K(980480K)
[5.323s][info][gc,metaspace   ] GC(110) Metaspace: 6298K(6464K)->6298K(6464K) NonClass: 5764K(5824K)->5764K(5824K) Class: 533K(640K)->533K(640K)
[5.323s][info][gc             ] GC(110) Pause Full (Ergonomics) 865M->864M(1042M) 288.729ms
[5.323s][info][gc,cpu         ] GC(110) User=2.11s Sys=0.00s Real=0.29s
[5.341s][info][gc,start       ] GC(111) Pause Young (Allocation Failure)
[5.391s][info][gc,heap        ] GC(111) PSYoungGen: 25567K(87040K)->15488K(88064K) Eden: 15360K(15360K)->0K(15360K) From: 10207K(71680K)->15488K(72704K)
[5.391s][info][gc,heap        ] GC(111) ParOldGen: 875051K(980480K)->885427K(980480K)
[5.391s][info][gc,metaspace   ] GC(111) Metaspace: 6298K(6464K)->6298K(6464K) NonClass: 5764K(5824K)->5764K(5824K) Class: 533K(640K)->533K(640K)
[5.391s][info][gc             ] GC(111) Pause Young (Allocation Failure) 879M->879M(1043M) 49.925ms
[5.391s][info][gc,cpu         ] GC(111) User=0.25s Sys=0.00s Real=0.05s
[5.408s][info][gc,start       ] GC(112) Pause Young (Allocation Failure)
[5.427s][info][gc,heap        ] GC(112) PSYoungGen: 30848K(88064K)->15488K(89088K) Eden: 15360K(15360K)->0K(17408K) From: 15488K(72704K)->15488K(71680K)
[5.427s][info][gc,heap        ] GC(112) ParOldGen: 885427K(980480K)->900995K(980480K)
[5.427s][info][gc,metaspace   ] GC(112) Metaspace: 6298K(6464K)->6298K(6464K) NonClass: 5764K(5824K)->5764K(5824K) Class: 533K(640K)->533K(640K)
[5.427s][info][gc             ] GC(112) Pause Young (Allocation Failure) 894M->895M(1044M) 18.890ms
[5.427s][info][gc,cpu         ] GC(112) User=0.12s Sys=0.00s Real=0.02s
[5.447s][info][gc,start       ] GC(113) Pause Young (Allocation Failure)
[5.466s][info][gc,heap        ] GC(113) PSYoungGen: 32896K(89088K)->17536K(89600K) Eden: 17408K(17408K)->0K(17408K) From: 15488K(71680K)->17536K(72192K)
[5.466s][info][gc,heap        ] GC(113) ParOldGen: 900995K(980480K)->916563K(980480K)
[5.466s][info][gc,metaspace   ] GC(113) Metaspace: 6298K(6464K)->6298K(6464K) NonClass: 5764K(5824K)->5764K(5824K) Class: 533K(640K)->533K(640K)
[5.466s][info][gc             ] GC(113) Pause Young (Allocation Failure) 912M->912M(1045M) 19.230ms
[5.466s][info][gc,cpu         ] GC(113) User=0.12s Sys=0.00s Real=0.02s
[5.485s][info][gc,start       ] GC(114) Pause Young (Allocation Failure)
[5.505s][info][gc,heap        ] GC(114) PSYoungGen: 34944K(89600K)->17568K(86528K) Eden: 17408K(17408K)->0K(19456K) From: 17536K(72192K)->17568K(67072K)
[5.505s][info][gc,heap        ] GC(114) ParOldGen: 916563K(980480K)->934211K(980480K)
[5.505s][info][gc,metaspace   ] GC(114) Metaspace: 6298K(6464K)->6298K(6464K) NonClass: 5764K(5824K)->5764K(5824K) Class: 533K(640K)->533K(640K)
[5.505s][info][gc             ] GC(114) Pause Young (Allocation Failure) 929M->929M(1042M) 20.571ms
[5.505s][info][gc,cpu         ] GC(114) User=0.03s Sys=0.00s Real=0.02s
[5.526s][info][gc,start       ] GC(115) Pause Young (Allocation Failure)
[5.547s][info][gc,heap        ] GC(115) PSYoungGen: 37024K(86528K)->19584K(88576K) Eden: 19456K(19456K)->0K(19456K) From: 17568K(67072K)->19584K(69120K)
[5.547s][info][gc,heap        ] GC(115) ParOldGen: 934211K(980480K)->951867K(980480K)
[5.547s][info][gc,metaspace   ] GC(115) Metaspace: 6298K(6464K)->6298K(6464K) NonClass: 5764K(5824K)->5764K(5824K) Class: 533K(640K)->533K(640K)
[5.547s][info][gc             ] GC(115) Pause Young (Allocation Failure) 948M->948M(1044M) 21.166ms
[5.548s][info][gc,cpu         ] GC(115) User=0.12s Sys=0.00s Real=0.02s
[5.548s][info][gc,start       ] GC(116) Pause Full (Ergonomics)
[5.548s][info][gc,phases,start] GC(116) Marking Phase
[5.758s][info][gc,phases      ] GC(116) Marking Phase 210.720ms
[5.758s][info][gc,phases,start] GC(116) Summary Phase
[5.758s][info][gc,phases      ] GC(116) Summary Phase 0.032ms
[5.758s][info][gc,phases,start] GC(116) Adjust Roots
[5.759s][info][gc,phases      ] GC(116) Adjust Roots 0.183ms
[5.759s][info][gc,phases,start] GC(116) Compaction Phase
[5.856s][info][gc,phases      ] GC(116) Compaction Phase 97.316ms
[5.856s][info][gc,phases,start] GC(116) Post Compact
[5.858s][info][gc,phases      ] GC(116) Post Compact 1.763ms
[5.858s][info][gc,heap        ] GC(116) PSYoungGen: 19584K(88576K)->0K(89088K) Eden: 0K(19456K)->0K(22016K) From: 19584K(69120K)->0K(67072K)
[5.858s][info][gc,heap        ] GC(116) ParOldGen: 951867K(980480K)->970088K(1077760K)
[5.858s][info][gc,metaspace   ] GC(116) Metaspace: 6298K(6464K)->6298K(6464K) NonClass: 5764K(5824K)->5764K(5824K) Class: 533K(640K)->533K(640K)
[5.858s][info][gc             ] GC(116) Pause Full (Ergonomics) 948M->947M(1139M) 310.781ms
[5.858s][info][gc,cpu         ] GC(116) User=2.08s Sys=0.02s Real=0.31s
[5.884s][info][gc,start       ] GC(117) Pause Young (Allocation Failure)
[5.900s][info][gc,heap        ] GC(117) PSYoungGen: 22016K(89088K)->22144K(44544K) Eden: 22016K(22016K)->0K(22016K) From: 0K(67072K)->22144K(22528K)
[5.900s][info][gc,heap        ] GC(117) ParOldGen: 970088K(1077760K)->970088K(1077760K)
[5.900s][info][gc,metaspace   ] GC(117) Metaspace: 6298K(6464K)->6298K(6464K) NonClass: 5764K(5824K)->5764K(5824K) Class: 533K(640K)->533K(640K)
[5.900s][info][gc             ] GC(117) Pause Young (Allocation Failure) 968M->968M(1096M) 15.712ms
[5.900s][info][gc,cpu         ] GC(117) User=0.00s Sys=0.00s Real=0.02s
[5.925s][info][gc,start       ] GC(118) Pause Young (Allocation Failure)
[5.947s][info][gc,heap        ] GC(118) PSYoungGen: 44160K(44544K)->44160K(86528K) Eden: 22016K(22016K)->0K(22016K) From: 22144K(22528K)->44160K(64512K)
[5.948s][info][gc,heap        ] GC(118) ParOldGen: 970088K(1077760K)->970088K(1077760K)
[5.948s][info][gc,metaspace   ] GC(118) Metaspace: 6298K(6464K)->6298K(6464K) NonClass: 5764K(5824K)->5764K(5824K) Class: 533K(640K)->533K(640K)
[5.948s][info][gc             ] GC(118) Pause Young (Allocation Failure) 990M->990M(1137M) 22.770ms
[5.948s][info][gc,cpu         ] GC(118) User=0.14s Sys=0.00s Real=0.02s
[5.972s][info][gc,start       ] GC(119) Pause Young (Allocation Failure)
[6.004s][info][gc,heap        ] GC(119) PSYoungGen: 66176K(86528K)->66240K(88576K) Eden: 22016K(22016K)->0K(22016K) From: 44160K(64512K)->66240K(66560K)
[6.004s][info][gc,heap        ] GC(119) ParOldGen: 970088K(1077760K)->970088K(1077760K)
[6.004s][info][gc,metaspace   ] GC(119) Metaspace: 6298K(6464K)->6298K(6464K) NonClass: 5764K(5824K)->5764K(5824K) Class: 533K(640K)->533K(640K)
[6.004s][info][gc             ] GC(119) Pause Young (Allocation Failure) 1011M->1012M(1139M) 32.253ms
[6.004s][info][gc,cpu         ] GC(119) User=0.14s Sys=0.00s Real=0.03s
[6.030s][info][gc,start       ] GC(120) Pause Young (Allocation Failure)
[6.072s][info][gc,heap        ] GC(120) PSYoungGen: 88256K(88576K)->76800K(85504K) Eden: 22016K(22016K)->0K(8704K) From: 66240K(66560K)->76800K(76800K)
[6.072s][info][gc,heap        ] GC(120) ParOldGen: 970088K(1077760K)->981544K(1077760K)
[6.072s][info][gc,metaspace   ] GC(120) Metaspace: 6298K(6464K)->6298K(6464K) NonClass: 5764K(5824K)->5764K(5824K) Class: 533K(640K)->533K(640K)
[6.072s][info][gc             ] GC(120) Pause Young (Allocation Failure) 1033M->1033M(1136M) 42.471ms
[6.072s][info][gc,cpu         ] GC(120) User=0.25s Sys=0.02s Real=0.04s
[6.082s][info][gc,start       ] GC(121) Pause Young (Allocation Failure)
[6.121s][info][gc,heap        ] GC(121) PSYoungGen: 85504K(85504K)->46880K(55808K) Eden: 8704K(8704K)->0K(8704K) From: 76800K(76800K)->46880K(47104K)
[6.121s][info][gc,heap        ] GC(121) ParOldGen: 981544K(1077760K)->1020752K(1077760K)
[6.121s][info][gc,metaspace   ] GC(121) Metaspace: 6298K(6464K)->6298K(6464K) NonClass: 5764K(5824K)->5764K(5824K) Class: 533K(640K)->533K(640K)
[6.121s][info][gc             ] GC(121) Pause Young (Allocation Failure) 1042M->1042M(1107M) 39.376ms
[6.121s][info][gc,cpu         ] GC(121) User=0.19s Sys=0.08s Real=0.04s
[6.132s][info][gc,start       ] GC(122) Pause Young (Allocation Failure)
[6.160s][info][gc,heap        ] GC(122) PSYoungGen: 55584K(55808K)->17536K(98304K) Eden: 8704K(8704K)->0K(10240K) From: 46880K(47104K)->17536K(88064K)
[6.160s][info][gc,heap        ] GC(122) ParOldGen: 1020752K(1077760K)->1059304K(1077760K)
[6.160s][info][gc,metaspace   ] GC(122) Metaspace: 6298K(6464K)->6298K(6464K) NonClass: 5764K(5824K)->5764K(5824K) Class: 533K(640K)->533K(640K)
[6.160s][info][gc             ] GC(122) Pause Young (Allocation Failure) 1051M->1051M(1148M) 28.121ms
[6.160s][info][gc,cpu         ] GC(122) User=0.12s Sys=0.02s Real=0.03s
[6.160s][info][gc,start       ] GC(123) Pause Full (Ergonomics)
[6.160s][info][gc,phases,start] GC(123) Marking Phase
[6.400s][info][gc,phases      ] GC(123) Marking Phase 240.583ms
[6.400s][info][gc,phases,start] GC(123) Summary Phase
[6.400s][info][gc,phases      ] GC(123) Summary Phase 0.031ms
[6.400s][info][gc,phases,start] GC(123) Adjust Roots
[6.401s][info][gc,phases      ] GC(123) Adjust Roots 0.167ms
[6.401s][info][gc,phases,start] GC(123) Compaction Phase
[6.509s][info][gc,phases      ] GC(123) Compaction Phase 108.457ms
[6.509s][info][gc,phases,start] GC(123) Post Compact
[6.511s][info][gc,phases      ] GC(123) Post Compact 1.899ms
[6.512s][info][gc,heap        ] GC(123) PSYoungGen: 17536K(98304K)->0K(99328K) Eden: 0K(10240K)->0K(10240K) From: 17536K(88064K)->0K(89088K)
[6.512s][info][gc,heap        ] GC(123) ParOldGen: 1059304K(1077760K)->1075374K(1202688K)
[6.512s][info][gc,metaspace   ] GC(123) Metaspace: 6298K(6464K)->6298K(6464K) NonClass: 5764K(5824K)->5764K(5824K) Class: 533K(640K)->533K(640K)
[6.512s][info][gc             ] GC(123) Pause Full (Ergonomics) 1051M->1050M(1271M) 351.951ms
[6.512s][info][gc,cpu         ] GC(123) User=2.52s Sys=0.00s Real=0.35s
[6.525s][info][gc,start       ] GC(124) Pause Young (Allocation Failure)
[6.537s][info][gc,heap        ] GC(124) PSYoungGen: 10240K(99328K)->10368K(98816K) Eden: 10240K(10240K)->0K(11264K) From: 0K(89088K)->10368K(87552K)
[6.537s][info][gc,heap        ] GC(124) ParOldGen: 1075374K(1202688K)->1075374K(1202688K)
[6.537s][info][gc,metaspace   ] GC(124) Metaspace: 6298K(6464K)->6298K(6464K) NonClass: 5764K(5824K)->5764K(5824K) Class: 533K(640K)->533K(640K)
[6.537s][info][gc             ] GC(124) Pause Young (Allocation Failure) 1060M->1060M(1271M) 12.359ms
[6.537s][info][gc,cpu         ] GC(124) User=0.00s Sys=0.00s Real=0.01s
[6.550s][info][gc,start       ] GC(125) Pause Young (Allocation Failure)
[6.565s][info][gc,heap        ] GC(125) PSYoungGen: 21632K(98816K)->21632K(33280K) Eden: 11264K(11264K)->0K(11264K) From: 10368K(87552K)->21632K(22016K)
[6.565s][info][gc,heap        ] GC(125) ParOldGen: 1075374K(1202688K)->1075374K(1202688K)
[6.565s][info][gc,metaspace   ] GC(125) Metaspace: 6298K(6464K)->6298K(6464K) NonClass: 5764K(5824K)->5764K(5824K) Class: 533K(640K)->533K(640K)
[6.565s][info][gc             ] GC(125) Pause Young (Allocation Failure) 1071M->1071M(1207M) 15.115ms
[6.565s][info][gc,cpu         ] GC(125) User=0.02s Sys=0.00s Real=0.01s
[6.578s][info][gc,start       ] GC(126) Pause Young (Allocation Failure)
[6.599s][info][gc,heap        ] GC(126) PSYoungGen: 32896K(33280K)->22656K(91136K) Eden: 11264K(11264K)->0K(12800K) From: 21632K(22016K)->22656K(78336K)
[6.599s][info][gc,heap        ] GC(126) ParOldGen: 1075374K(1202688K)->1085758K(1202688K)
[6.599s][info][gc,metaspace   ] GC(126) Metaspace: 6298K(6464K)->6298K(6464K) NonClass: 5764K(5824K)->5764K(5824K) Class: 533K(640K)->533K(640K)
[6.599s][info][gc             ] GC(126) Pause Young (Allocation Failure) 1082M->1082M(1263M) 21.933ms
[6.600s][info][gc,cpu         ] GC(126) User=0.02s Sys=0.00s Real=0.02s
[6.613s][info][gc,start       ] GC(127) Pause Young (Allocation Failure)
[6.636s][info][gc,heap        ] GC(127) PSYoungGen: 35456K(91136K)->24192K(37376K) Eden: 12800K(12800K)->0K(12800K) From: 22656K(78336K)->24192K(24576K)
[6.636s][info][gc,heap        ] GC(127) ParOldGen: 1085758K(1202688K)->1097166K(1202688K)
[6.636s][info][gc,metaspace   ] GC(127) Metaspace: 6298K(6464K)->6298K(6464K) NonClass: 5764K(5824K)->5764K(5824K) Class: 533K(640K)->533K(640K)
[6.636s][info][gc             ] GC(127) Pause Young (Allocation Failure) 1094M->1095M(1211M) 22.875ms
[6.636s][info][gc,cpu         ] GC(127) User=0.02s Sys=0.00s Real=0.02s
[6.649s][info][gc,start       ] GC(128) Pause Young (Allocation Failure)
[6.671s][info][gc,heap        ] GC(128) PSYoungGen: 36992K(37376K)->25728K(85504K) Eden: 12800K(12800K)->0K(14336K) From: 24192K(24576K)->25728K(71168K)
[6.671s][info][gc,heap        ] GC(128) ParOldGen: 1097166K(1202688K)->1108590K(1202688K)
[6.671s][info][gc,metaspace   ] GC(128) Metaspace: 6298K(6464K)->6298K(6464K) NonClass: 5764K(5824K)->5764K(5824K) Class: 533K(640K)->533K(640K)
[6.671s][info][gc             ] GC(128) Pause Young (Allocation Failure) 1107M->1107M(1258M) 21.380ms
[6.671s][info][gc,cpu         ] GC(128) User=0.12s Sys=0.00s Real=0.02s
[6.686s][info][gc,start       ] GC(129) Pause Young (Allocation Failure)
[6.709s][info][gc,heap        ] GC(129) PSYoungGen: 40064K(85504K)->27232K(41984K) Eden: 14336K(14336K)->0K(14336K) From: 25728K(71168K)->27232K(27648K)
[6.709s][info][gc,heap        ] GC(129) ParOldGen: 1108590K(1202688K)->1121558K(1202688K)
[6.709s][info][gc,metaspace   ] GC(129) Metaspace: 6298K(6464K)->6298K(6464K) NonClass: 5764K(5824K)->5764K(5824K) Class: 533K(640K)->533K(640K)
[6.709s][info][gc             ] GC(129) Pause Young (Allocation Failure) 1121M->1121M(1215M) 23.378ms
[6.709s][info][gc,cpu         ] GC(129) User=0.12s Sys=0.00s Real=0.02s
[6.726s][info][gc,start       ] GC(130) Pause Young (Allocation Failure)
[6.751s][info][gc,heap        ] GC(130) PSYoungGen: 41568K(41984K)->28800K(80384K) Eden: 14336K(14336K)->0K(16384K) From: 27232K(27648K)->28800K(64000K)
[6.751s][info][gc,heap        ] GC(130) ParOldGen: 1121558K(1202688K)->1134526K(1202688K)
[6.751s][info][gc,metaspace   ] GC(130) Metaspace: 6298K(6464K)->6298K(6464K) NonClass: 5764K(5824K)->5764K(5824K) Class: 533K(640K)->533K(640K)
[6.751s][info][gc             ] GC(130) Pause Young (Allocation Failure) 1135M->1136M(1253M) 25.096ms
[6.751s][info][gc,cpu         ] GC(130) User=0.25s Sys=0.00s Real=0.03s
[6.770s][info][gc,start       ] GC(131) Pause Young (Allocation Failure)
[6.797s][info][gc,heap        ] GC(131) PSYoungGen: 45184K(80384K)->30848K(47616K) Eden: 16384K(16384K)->0K(16384K) From: 28800K(64000K)->30848K(31232K)
[6.797s][info][gc,heap        ] GC(131) ParOldGen: 1134526K(1202688K)->1149062K(1202688K)
[6.797s][info][gc,metaspace   ] GC(131) Metaspace: 6298K(6464K)->6298K(6464K) NonClass: 5764K(5824K)->5764K(5824K) Class: 533K(640K)->533K(640K)
[6.797s][info][gc             ] GC(131) Pause Young (Allocation Failure) 1152M->1152M(1221M) 26.733ms
[6.797s][info][gc,cpu         ] GC(131) User=0.12s Sys=0.02s Real=0.03s
[6.816s][info][gc,start       ] GC(132) Pause Young (Allocation Failure)
[6.844s][info][gc,heap        ] GC(132) PSYoungGen: 47232K(47616K)->32928K(77312K) Eden: 16384K(16384K)->0K(18432K) From: 30848K(31232K)->32928K(58880K)
[6.844s][info][gc,heap        ] GC(132) ParOldGen: 1149062K(1202688K)->1163590K(1202688K)
[6.844s][info][gc,metaspace   ] GC(132) Metaspace: 6298K(6464K)->6298K(6464K) NonClass: 5764K(5824K)->5764K(5824K) Class: 533K(640K)->533K(640K)
[6.844s][info][gc             ] GC(132) Pause Young (Allocation Failure) 1168M->1168M(1250M) 27.996ms
[6.844s][info][gc,cpu         ] GC(132) User=0.14s Sys=0.00s Real=0.03s
[6.867s][info][gc,start       ] GC(133) Pause Young (Allocation Failure)
[6.896s][info][gc,heap        ] GC(133) PSYoungGen: 51360K(77312K)->34976K(79872K) Eden: 18432K(18432K)->0K(18432K) From: 32928K(58880K)->34976K(61440K)
[6.896s][info][gc,heap        ] GC(133) ParOldGen: 1163590K(1202688K)->1180198K(1202688K)
[6.896s][info][gc,metaspace   ] GC(133) Metaspace: 6298K(6464K)->6298K(6464K) NonClass: 5764K(5824K)->5764K(5824K) Class: 533K(640K)->533K(640K)
[6.896s][info][gc             ] GC(133) Pause Young (Allocation Failure) 1186M->1186M(1252M) 28.515ms
[6.896s][info][gc,cpu         ] GC(133) User=0.11s Sys=0.03s Real=0.03s
[6.896s][info][gc,start       ] GC(134) Pause Full (Ergonomics)
[6.896s][info][gc,phases,start] GC(134) Marking Phase
[7.168s][info][gc,phases      ] GC(134) Marking Phase 272.438ms
[7.168s][info][gc,phases,start] GC(134) Summary Phase
[7.168s][info][gc,phases      ] GC(134) Summary Phase 0.025ms
[7.168s][info][gc,phases,start] GC(134) Adjust Roots
[7.168s][info][gc,phases      ] GC(134) Adjust Roots 0.164ms
[7.168s][info][gc,phases,start] GC(134) Compaction Phase
[7.285s][info][gc,phases      ] GC(134) Compaction Phase 116.779ms
[7.285s][info][gc,phases,start] GC(134) Post Compact
[7.288s][info][gc,phases      ] GC(134) Post Compact 2.283ms
[7.288s][info][gc,heap        ] GC(134) PSYoungGen: 34976K(79872K)->10744K(79872K) Eden: 0K(18432K)->0K(18432K) From: 34976K(61440K)->10744K(61440K)
[7.288s][info][gc,heap        ] GC(134) ParOldGen: 1180198K(1202688K)->1202554K(1323008K)
[7.288s][info][gc,metaspace   ] GC(134) Metaspace: 6298K(6464K)->6298K(6464K) NonClass: 5764K(5824K)->5764K(5824K) Class: 533K(640K)->533K(640K)
[7.288s][info][gc             ] GC(134) Pause Full (Ergonomics) 1186M->1184M(1370M) 392.570ms
[7.288s][info][gc,cpu         ] GC(134) User=2.81s Sys=0.00s Real=0.39s
[7.313s][info][gc,start       ] GC(135) Pause Young (Allocation Failure)
[7.380s][info][gc,heap        ] GC(135) PSYoungGen: 29176K(79872K)->22976K(76800K) Eden: 18432K(18432K)->0K(20480K) From: 10744K(61440K)->22976K(56320K)
[7.380s][info][gc,heap        ] GC(135) ParOldGen: 1202554K(1323008K)->1208986K(1323008K)
[7.380s][info][gc,metaspace   ] GC(135) Metaspace: 6298K(6464K)->6298K(6464K) NonClass: 5764K(5824K)->5764K(5824K) Class: 533K(640K)->533K(640K)
[7.380s][info][gc             ] GC(135) Pause Young (Allocation Failure) 1202M->1203M(1367M) 67.092ms
[7.380s][info][gc,cpu         ] GC(135) User=0.39s Sys=0.00s Real=0.07s
[7.405s][info][gc,start       ] GC(136) Pause Young (Allocation Failure)
[7.430s][info][gc,heap        ] GC(136) PSYoungGen: 43456K(76800K)->43520K(78848K) Eden: 20480K(20480K)->0K(20480K) From: 22976K(56320K)->43520K(58368K)
[7.430s][info][gc,heap        ] GC(136) ParOldGen: 1208986K(1323008K)->1208986K(1323008K)
[7.430s][info][gc,metaspace   ] GC(136) Metaspace: 6298K(6464K)->6298K(6464K) NonClass: 5764K(5824K)->5764K(5824K) Class: 533K(640K)->533K(640K)
[7.430s][info][gc             ] GC(136) Pause Young (Allocation Failure) 1223M->1223M(1369M) 24.942ms
[7.430s][info][gc,cpu         ] GC(136) User=0.14s Sys=0.00s Real=0.02s
[7.456s][info][gc,start       ] GC(137) Pause Young (Allocation Failure)
[7.490s][info][gc,heap        ] GC(137) PSYoungGen: 64000K(78848K)->60416K(73728K) Eden: 20480K(20480K)->0K(13312K) From: 43520K(58368K)->60416K(60416K)
[7.490s][info][gc,heap        ] GC(137) ParOldGen: 1208986K(1323008K)->1212514K(1323008K)
[7.490s][info][gc,metaspace   ] GC(137) Metaspace: 6298K(6464K)->6298K(6464K) NonClass: 5764K(5824K)->5764K(5824K) Class: 533K(640K)->533K(640K)
[7.490s][info][gc             ] GC(137) Pause Young (Allocation Failure) 1243M->1243M(1364M) 34.265ms
[7.490s][info][gc,cpu         ] GC(137) User=0.16s Sys=0.00s Real=0.03s
[7.506s][info][gc,start       ] GC(138) Pause Young (Allocation Failure)
[7.543s][info][gc,heap        ] GC(138) PSYoungGen: 73728K(73728K)->52992K(82944K) Eden: 13312K(13312K)->0K(13312K) From: 60416K(60416K)->52992K(69632K)
[7.543s][info][gc,heap        ] GC(138) ParOldGen: 1212514K(1323008K)->1233650K(1323008K)
[7.543s][info][gc,metaspace   ] GC(138) Metaspace: 6298K(6464K)->6298K(6464K) NonClass: 5764K(5824K)->5764K(5824K) Class: 533K(640K)->533K(640K)
[7.543s][info][gc             ] GC(138) Pause Young (Allocation Failure) 1256M->1256M(1373M) 37.378ms
[7.543s][info][gc,cpu         ] GC(138) User=0.38s Sys=0.00s Real=0.04s
[7.560s][info][gc,start       ] GC(139) Pause Young (Allocation Failure)
[7.595s][info][gc,heap        ] GC(139) PSYoungGen: 66304K(82944K)->46464K(88064K) Eden: 13312K(13312K)->0K(15360K) From: 52992K(69632K)->46464K(72704K)
[7.595s][info][gc,heap        ] GC(139) ParOldGen: 1233650K(1323008K)->1253786K(1323008K)
[7.595s][info][gc,metaspace   ] GC(139) Metaspace: 6298K(6464K)->6298K(6464K) NonClass: 5764K(5824K)->5764K(5824K) Class: 533K(640K)->533K(640K)
[7.595s][info][gc             ] GC(139) Pause Young (Allocation Failure) 1269M->1269M(1378M) 34.490ms
[7.595s][info][gc,cpu         ] GC(139) User=0.17s Sys=0.00s Real=0.03s
[7.609s][info][gc,start       ] GC(140) Pause Young (Allocation Failure)
[7.639s][info][gc,heap        ] GC(140) PSYoungGen: 61824K(88064K)->22368K(88064K) Eden: 15360K(15360K)->0K(15360K) From: 46464K(72704K)->22368K(72704K)
[7.639s][info][gc,heap        ] GC(140) ParOldGen: 1253786K(1323008K)->1287178K(1323008K)
[7.639s][info][gc,metaspace   ] GC(140) Metaspace: 6298K(6464K)->6298K(6464K) NonClass: 5764K(5824K)->5764K(5824K) Class: 533K(640K)->533K(640K)
[7.639s][info][gc             ] GC(140) Pause Young (Allocation Failure) 1284M->1278M(1378M) 30.108ms
[7.640s][info][gc,cpu         ] GC(140) User=0.12s Sys=0.02s Real=0.03s
[7.640s][info][gc,start       ] GC(141) Pause Full (Ergonomics)
[7.640s][info][gc,phases,start] GC(141) Marking Phase
[7.933s][info][gc,phases      ] GC(141) Marking Phase 293.336ms
[7.933s][info][gc,phases,start] GC(141) Summary Phase
[7.933s][info][gc,phases      ] GC(141) Summary Phase 0.044ms
[7.933s][info][gc,phases,start] GC(141) Adjust Roots
[7.933s][info][gc,phases      ] GC(141) Adjust Roots 0.153ms
[7.933s][info][gc,phases,start] GC(141) Compaction Phase
[8.039s][info][gc,phases      ] GC(141) Compaction Phase 105.645ms
[8.039s][info][gc,phases,start] GC(141) Post Compact
[8.041s][info][gc,phases      ] GC(141) Post Compact 2.091ms
[8.041s][info][gc,heap        ] GC(141) PSYoungGen: 22368K(88064K)->0K(89600K) Eden: 0K(15360K)->0K(17408K) From: 22368K(72704K)->0K(72192K)
[8.042s][info][gc,heap        ] GC(141) ParOldGen: 1287178K(1323008K)->1308064K(1446400K)
[8.042s][info][gc,metaspace   ] GC(141) Metaspace: 6298K(6464K)->6298K(6464K) NonClass: 5764K(5824K)->5764K(5824K) Class: 533K(640K)->533K(640K)
[8.042s][info][gc             ] GC(141) Pause Full (Ergonomics) 1278M->1277M(1500M) 401.991ms
[8.042s][info][gc,cpu         ] GC(141) User=2.97s Sys=0.00s Real=0.40s
[8.058s][info][gc,start       ] GC(142) Pause Young (Allocation Failure)
[8.070s][info][gc,heap        ] GC(142) PSYoungGen: 17408K(89600K)->9120K(89600K) Eden: 17408K(17408K)->0K(17408K) From: 0K(72192K)->9120K(72192K)
[8.071s][info][gc,heap        ] GC(142) ParOldGen: 1308064K(1446400K)->1308064K(1446400K)
[8.071s][info][gc,metaspace   ] GC(142) Metaspace: 6298K(6464K)->6298K(6464K) NonClass: 5764K(5824K)->5764K(5824K) Class: 533K(640K)->533K(640K)
[8.071s][info][gc             ] GC(142) Pause Young (Allocation Failure) 1294M->1286M(1500M) 12.906ms
[8.071s][info][gc,cpu         ] GC(142) User=0.02s Sys=0.00s Real=0.01s
[8.091s][info][gc,start       ] GC(143) Pause Young (Allocation Failure)
[8.108s][info][gc,heap        ] GC(143) PSYoungGen: 26528K(89600K)->24704K(87552K) Eden: 17408K(17408K)->0K(19456K) From: 9120K(72192K)->24704K(68096K)
[8.108s][info][gc,heap        ] GC(143) ParOldGen: 1308064K(1446400K)->1308064K(1446400K)
[8.108s][info][gc,metaspace   ] GC(143) Metaspace: 6298K(6464K)->6298K(6464K) NonClass: 5764K(5824K)->5764K(5824K) Class: 533K(640K)->533K(640K)
[8.108s][info][gc             ] GC(143) Pause Young (Allocation Failure) 1303M->1301M(1498M) 17.789ms
[8.108s][info][gc,cpu         ] GC(143) User=0.03s Sys=0.00s Real=0.02s
[8.135s][info][gc,start       ] GC(144) Pause Young (Allocation Failure)
[8.160s][info][gc,heap        ] GC(144) PSYoungGen: 44160K(87552K)->44160K(90112K) Eden: 19456K(19456K)->0K(19456K) From: 24704K(68096K)->44160K(70656K)
[8.161s][info][gc,heap        ] GC(144) ParOldGen: 1308064K(1446400K)->1308064K(1446400K)
[8.161s][info][gc,metaspace   ] GC(144) Metaspace: 6298K(6464K)->6298K(6464K) NonClass: 5764K(5824K)->5764K(5824K) Class: 533K(640K)->533K(640K)
[8.161s][info][gc             ] GC(144) Pause Young (Allocation Failure) 1320M->1320M(1500M) 25.492ms
[8.161s][info][gc,cpu         ] GC(144) User=0.12s Sys=0.00s Real=0.03s
[8.185s][info][gc,start       ] GC(145) Pause Young (Allocation Failure)
[8.218s][info][gc,heap        ] GC(145) PSYoungGen: 63616K(90112K)->63616K(85504K) Eden: 19456K(19456K)->0K(14336K) From: 44160K(70656K)->63616K(71168K)
[8.218s][info][gc,heap        ] GC(145) ParOldGen: 1308064K(1446400K)->1308064K(1446400K)
[8.218s][info][gc,metaspace   ] GC(145) Metaspace: 6298K(6464K)->6298K(6464K) NonClass: 5764K(5824K)->5764K(5824K) Class: 533K(640K)->533K(640K)
[8.218s][info][gc             ] GC(145) Pause Young (Allocation Failure) 1339M->1339M(1496M) 33.725ms
[8.218s][info][gc,cpu         ] GC(145) User=0.16s Sys=0.00s Real=0.03s
[8.236s][info][gc,start       ] GC(146) Pause Young (Allocation Failure)
[8.276s][info][gc,heap        ] GC(146) PSYoungGen: 77952K(85504K)->68928K(92672K) Eden: 14336K(14336K)->0K(14336K) From: 63616K(71168K)->68928K(78336K)
[8.276s][info][gc,heap        ] GC(146) ParOldGen: 1308064K(1446400K)->1317232K(1446400K)
[8.276s][info][gc,metaspace   ] GC(146) Metaspace: 6298K(6464K)->6298K(6464K) NonClass: 5764K(5824K)->5764K(5824K) Class: 533K(640K)->533K(640K)
[8.276s][info][gc             ] GC(146) Pause Young (Allocation Failure) 1353M->1353M(1503M) 40.045ms
[8.276s][info][gc,cpu         ] GC(146) User=0.23s Sys=0.02s Real=0.04s
[8.294s][info][gc,start       ] GC(147) Pause Young (Allocation Failure)
[8.337s][info][gc,heap        ] GC(147) PSYoungGen: 83264K(92672K)->67712K(96256K) Eden: 14336K(14336K)->0K(10240K) From: 68928K(78336K)->67712K(86016K)
[8.337s][info][gc,heap        ] GC(147) ParOldGen: 1317232K(1446400K)->1333000K(1446400K)
[8.337s][info][gc,metaspace   ] GC(147) Metaspace: 6298K(6464K)->6298K(6464K) NonClass: 5764K(5824K)->5764K(5824K) Class: 533K(640K)->533K(640K)
[8.337s][info][gc             ] GC(147) Pause Young (Allocation Failure) 1367M->1367M(1506M) 42.406ms
[8.337s][info][gc,cpu         ] GC(147) User=0.25s Sys=0.02s Real=0.04s
[8.600s][info][gc,start       ] GC(148) Pause Young (Allocation Failure)
[8.670s][info][gc,heap        ] GC(148) PSYoungGen: 77952K(96256K)->39040K(49664K) Eden: 10240K(10240K)->0K(10240K) From: 67712K(86016K)->39040K(39424K)
[8.670s][info][gc,heap        ] GC(148) ParOldGen: 1398536K(1446400K)->1437912K(1446400K)
[8.670s][info][gc,metaspace   ] GC(148) Metaspace: 6298K(6464K)->6298K(6464K) NonClass: 5764K(5824K)->5764K(5824K) Class: 533K(640K)->533K(640K)
[8.670s][info][gc             ] GC(148) Pause Young (Allocation Failure) 1441M->1442M(1461M) 69.319ms
[8.670s][info][gc,cpu         ] GC(148) User=0.42s Sys=0.02s Real=0.07s
[8.670s][info][gc,start       ] GC(149) Pause Full (Ergonomics)
[8.670s][info][gc,phases,start] GC(149) Marking Phase
[8.973s][info][gc,phases      ] GC(149) Marking Phase 303.653ms
[8.973s][info][gc,phases,start] GC(149) Summary Phase
[8.973s][info][gc,phases      ] GC(149) Summary Phase 0.042ms
[8.974s][info][gc,phases,start] GC(149) Adjust Roots
[8.974s][info][gc,phases      ] GC(149) Adjust Roots 0.163ms
[8.974s][info][gc,phases,start] GC(149) Compaction Phase
[9.201s][info][gc,phases      ] GC(149) Compaction Phase 226.865ms
[9.201s][info][gc,phases,start] GC(149) Post Compact
[9.204s][info][gc,phases      ] GC(149) Post Compact 2.938ms
[9.204s][info][gc,heap        ] GC(149) PSYoungGen: 39040K(49664K)->0K(98816K) Eden: 0K(10240K)->0K(11264K) From: 39040K(39424K)->0K(87552K)
[9.204s][info][gc,heap        ] GC(149) ParOldGen: 1437912K(1446400K)->1443020K(1594368K)
[9.204s][info][gc,metaspace   ] GC(149) Metaspace: 6298K(6464K)->6298K(6464K) NonClass: 5764K(5824K)->5764K(5824K) Class: 533K(640K)->533K(640K)
[9.204s][info][gc             ] GC(149) Pause Full (Ergonomics) 1442M->1409M(1653M) 534.616ms
[9.204s][info][gc,cpu         ] GC(149) User=3.64s Sys=0.05s Real=0.54s
[9.217s][info][gc,start       ] GC(150) Pause Young (Allocation Failure)
[9.238s][info][gc,heap        ] GC(150) PSYoungGen: 11264K(98816K)->11392K(98816K) Eden: 11264K(11264K)->0K(11264K) From: 0K(87552K)->11392K(87552K)
[9.238s][info][gc,heap        ] GC(150) ParOldGen: 1443020K(1594368K)->1443020K(1594368K)
[9.238s][info][gc,metaspace   ] GC(150) Metaspace: 6298K(6464K)->6298K(6464K) NonClass: 5764K(5824K)->5764K(5824K) Class: 533K(640K)->533K(640K)
[9.238s][info][gc             ] GC(150) Pause Young (Allocation Failure) 1420M->1420M(1653M) 21.550ms
[9.238s][info][gc,cpu         ] GC(150) User=0.02s Sys=0.00s Real=0.02s
[9.248s][info][gc,start       ] GC(151) Pause Young (Allocation Failure)
[9.269s][info][gc,heap        ] GC(151) PSYoungGen: 22656K(98816K)->22624K(97280K) Eden: 11264K(11264K)->0K(12800K) From: 11392K(87552K)->22624K(84480K)
[9.270s][info][gc,heap        ] GC(151) ParOldGen: 1443020K(1594368K)->1443020K(1594368K)
[9.270s][info][gc,metaspace   ] GC(151) Metaspace: 6298K(6464K)->6298K(6464K) NonClass: 5764K(5824K)->5764K(5824K) Class: 533K(640K)->533K(640K)
[9.270s][info][gc             ] GC(151) Pause Young (Allocation Failure) 1431M->1431M(1652M) 21.320ms
[9.270s][info][gc,cpu         ] GC(151) User=0.02s Sys=0.00s Real=0.02s
[9.282s][info][gc,start       ] GC(152) Pause Young (Allocation Failure)
[9.307s][info][gc,heap        ] GC(152) PSYoungGen: 35424K(97280K)->35488K(48640K) Eden: 12800K(12800K)->0K(12800K) From: 22624K(84480K)->35488K(35840K)
[9.307s][info][gc,heap        ] GC(152) ParOldGen: 1443020K(1594368K)->1443020K(1594368K)
[9.307s][info][gc,metaspace   ] GC(152) Metaspace: 6298K(6464K)->6298K(6464K) NonClass: 5764K(5824K)->5764K(5824K) Class: 533K(640K)->533K(640K)
[9.307s][info][gc             ] GC(152) Pause Young (Allocation Failure) 1443M->1443M(1604M) 24.617ms
[9.307s][info][gc,cpu         ] GC(152) User=0.03s Sys=0.00s Real=0.02s
[9.318s][info][gc,start       ] GC(153) Pause Young (Allocation Failure)
[9.347s][info][gc,heap        ] GC(153) PSYoungGen: 48288K(48640K)->48288K(95232K) Eden: 12800K(12800K)->0K(14336K) From: 35488K(35840K)->48288K(80896K)
[9.347s][info][gc,heap        ] GC(153) ParOldGen: 1443020K(1594368K)->1443020K(1594368K)
[9.347s][info][gc,metaspace   ] GC(153) Metaspace: 6298K(6464K)->6298K(6464K) NonClass: 5764K(5824K)->5764K(5824K) Class: 533K(640K)->533K(640K)
[9.347s][info][gc             ] GC(153) Pause Young (Allocation Failure) 1456M->1456M(1650M) 28.590ms
[9.347s][info][gc,cpu         ] GC(153) User=0.03s Sys=0.00s Real=0.03s
[9.360s][info][gc,start       ] GC(154) Pause Young (Allocation Failure)
[9.392s][info][gc,heap        ] GC(154) PSYoungGen: 62624K(95232K)->62528K(95744K) Eden: 14336K(14336K)->0K(14336K) From: 48288K(80896K)->62528K(81408K)
[9.392s][info][gc,heap        ] GC(154) ParOldGen: 1443020K(1594368K)->1443020K(1594368K)
[9.392s][info][gc,metaspace   ] GC(154) Metaspace: 6298K(6464K)->6298K(6464K) NonClass: 5764K(5824K)->5764K(5824K) Class: 533K(640K)->533K(640K)
[9.392s][info][gc             ] GC(154) Pause Young (Allocation Failure) 1470M->1470M(1650M) 32.626ms
[9.392s][info][gc,cpu         ] GC(154) User=0.05s Sys=0.00s Real=0.03s
[9.406s][info][gc,start       ] GC(155) Pause Young (Allocation Failure)
[9.443s][info][gc,heap        ] GC(155) PSYoungGen: 76864K(95744K)->54432K(101888K) Eden: 14336K(14336K)->0K(15872K) From: 62528K(81408K)->54432K(86016K)
[9.443s][info][gc,heap        ] GC(155) ParOldGen: 1443020K(1594368K)->1465820K(1594368K)
[9.443s][info][gc,metaspace   ] GC(155) Metaspace: 6298K(6464K)->6298K(6464K) NonClass: 5764K(5824K)->5764K(5824K) Class: 533K(640K)->533K(640K)
[9.443s][info][gc             ] GC(155) Pause Young (Allocation Failure) 1484M->1484M(1656M) 37.139ms
[9.443s][info][gc,cpu         ] GC(155) User=0.09s Sys=0.00s Real=0.04s
[9.459s][info][gc,start       ] GC(156) Pause Young (Allocation Failure)
[9.494s][info][gc,heap        ] GC(156) PSYoungGen: 70304K(101888K)->44672K(60928K) Eden: 15872K(15872K)->0K(15872K) From: 54432K(86016K)->44672K(45056K)
[9.494s][info][gc,heap        ] GC(156) ParOldGen: 1465820K(1594368K)->1491724K(1594368K)
[9.494s][info][gc,metaspace   ] GC(156) Metaspace: 6298K(6464K)->6298K(6464K) NonClass: 5764K(5824K)->5764K(5824K) Class: 533K(640K)->533K(640K)
[9.494s][info][gc             ] GC(156) Pause Young (Allocation Failure) 1500M->1500M(1616M) 35.312ms
[9.494s][info][gc,cpu         ] GC(156) User=0.25s Sys=0.00s Real=0.03s
[9.510s][info][gc,start       ] GC(157) Pause Young (Allocation Failure)
[9.543s][info][gc,heap        ] GC(157) PSYoungGen: 60544K(60928K)->31840K(97280K) Eden: 15872K(15872K)->0K(18432K) From: 44672K(45056K)->31840K(78848K)
[9.543s][info][gc,heap        ] GC(157) ParOldGen: 1491724K(1594368K)->1520740K(1594368K)
[9.543s][info][gc,metaspace   ] GC(157) Metaspace: 6298K(6464K)->6298K(6464K) NonClass: 5764K(5824K)->5764K(5824K) Class: 533K(640K)->533K(640K)
[9.543s][info][gc             ] GC(157) Pause Young (Allocation Failure) 1515M->1516M(1652M) 33.186ms
[9.543s][info][gc,cpu         ] GC(157) User=0.03s Sys=0.03s Real=0.03s
[9.564s][info][gc,start       ] GC(158) Pause Young (Allocation Failure)
[9.602s][info][gc,heap        ] GC(158) PSYoungGen: 50272K(97280K)->18560K(99328K) Eden: 18432K(18432K)->0K(18432K) From: 31840K(78848K)->18560K(80896K)
[9.602s][info][gc,heap        ] GC(158) ParOldGen: 1520740K(1594368K)->1552948K(1594368K)
[9.602s][info][gc,metaspace   ] GC(158) Metaspace: 6298K(6464K)->6298K(6464K) NonClass: 5764K(5824K)->5764K(5824K) Class: 533K(640K)->533K(640K)
[9.602s][info][gc             ] GC(158) Pause Young (Allocation Failure) 1534M->1534M(1654M) 38.121ms
[9.602s][info][gc,cpu         ] GC(158) User=0.06s Sys=0.11s Real=0.04s
[9.602s][info][gc,start       ] GC(159) Pause Full (Ergonomics)
[9.602s][info][gc,phases,start] GC(159) Marking Phase
[9.948s][info][gc,phases      ] GC(159) Marking Phase 345.842ms
[9.948s][info][gc,phases,start] GC(159) Summary Phase
[9.948s][info][gc,phases      ] GC(159) Summary Phase 0.050ms
[9.948s][info][gc,phases,start] GC(159) Adjust Roots
[9.948s][info][gc,phases      ] GC(159) Adjust Roots 0.160ms
[9.948s][info][gc,phases,start] GC(159) Compaction Phase
[10.105s][info][gc,phases      ] GC(159) Compaction Phase 157.065ms
[10.106s][info][gc,phases,start] GC(159) Post Compact
[10.109s][info][gc,phases      ] GC(159) Post Compact 3.042ms
[10.110s][info][gc,heap        ] GC(159) PSYoungGen: 18560K(99328K)->0K(102400K) Eden: 0K(18432K)->0K(21504K) From: 18560K(80896K)->0K(80896K)
[10.110s][info][gc,heap        ] GC(159) ParOldGen: 1552948K(1594368K)->1569725K(1741824K)
[10.110s][info][gc,metaspace   ] GC(159) Metaspace: 6298K(6464K)->6298K(6464K) NonClass: 5764K(5824K)->5764K(5824K) Class: 533K(640K)->533K(640K)
[10.110s][info][gc             ] GC(159) Pause Full (Ergonomics) 1534M->1532M(1801M) 507.847ms
[10.110s][info][gc,cpu         ] GC(159) User=3.47s Sys=0.02s Real=0.51s
[10.136s][info][gc,start       ] GC(160) Pause Young (Allocation Failure)
[10.157s][info][gc,heap        ] GC(160) PSYoungGen: 21504K(102400K)->21664K(102400K) Eden: 21504K(21504K)->0K(21504K) From: 0K(80896K)->21664K(80896K)
[10.157s][info][gc,heap        ] GC(160) ParOldGen: 1569725K(1741824K)->1569725K(1741824K)
[10.157s][info][gc,metaspace   ] GC(160) Metaspace: 6298K(6464K)->6298K(6464K) NonClass: 5764K(5824K)->5764K(5824K) Class: 533K(640K)->533K(640K)
[10.157s][info][gc             ] GC(160) Pause Young (Allocation Failure) 1553M->1554M(1801M) 21.025ms
[10.157s][info][gc,cpu         ] GC(160) User=0.02s Sys=0.00s Real=0.02s
[10.180s][info][gc,start       ] GC(161) Pause Young (Allocation Failure)
[10.212s][info][gc,heap        ] GC(161) PSYoungGen: 43168K(102400K)->21664K(100864K) Eden: 21504K(21504K)->0K(24064K) From: 21664K(80896K)->21664K(76800K)
[10.212s][info][gc,heap        ] GC(161) ParOldGen: 1569725K(1741824K)->1591565K(1741824K)
[10.212s][info][gc,metaspace   ] GC(161) Metaspace: 6298K(6464K)->6298K(6464K) NonClass: 5764K(5824K)->5764K(5824K) Class: 533K(640K)->533K(640K)
[10.212s][info][gc             ] GC(161) Pause Young (Allocation Failure) 1575M->1575M(1799M) 32.127ms
[10.212s][info][gc,cpu         ] GC(161) User=0.12s Sys=0.03s Real=0.03s
[10.237s][info][gc,start       ] GC(162) Pause Young (Allocation Failure)
[10.269s][info][gc,heap        ] GC(162) PSYoungGen: 45728K(100864K)->24192K(102400K) Eden: 24064K(24064K)->0K(24064K) From: 21664K(76800K)->24192K(78336K)
[10.269s][info][gc,heap        ] GC(162) ParOldGen: 1591565K(1741824K)->1613405K(1741824K)
[10.269s][info][gc,metaspace   ] GC(162) Metaspace: 6298K(6464K)->6298K(6464K) NonClass: 5764K(5824K)->5764K(5824K) Class: 533K(640K)->533K(640K)
[10.269s][info][gc             ] GC(162) Pause Young (Allocation Failure) 1598M->1599M(1801M) 31.881ms
[10.269s][info][gc,cpu         ] GC(162) User=0.14s Sys=0.00s Real=0.03s
[10.294s][info][gc,start       ] GC(163) Pause Young (Allocation Failure)
[10.326s][info][gc,heap        ] GC(163) PSYoungGen: 48256K(102400K)->24224K(98816K) Eden: 24064K(24064K)->0K(27136K) From: 24192K(78336K)->24224K(71680K)
[10.327s][info][gc,heap        ] GC(163) ParOldGen: 1613405K(1741824K)->1637845K(1741824K)
[10.327s][info][gc,metaspace   ] GC(163) Metaspace: 6298K(6464K)->6298K(6464K) NonClass: 5764K(5824K)->5764K(5824K) Class: 533K(640K)->533K(640K)
[10.327s][info][gc             ] GC(163) Pause Young (Allocation Failure) 1622M->1623M(1797M) 32.843ms
[10.327s][info][gc,cpu         ] GC(163) User=0.12s Sys=0.03s Real=0.03s
[10.356s][info][gc,start       ] GC(164) Pause Young (Allocation Failure)
[10.391s][info][gc,heap        ] GC(164) PSYoungGen: 51360K(98816K)->27264K(100864K) Eden: 27136K(27136K)->0K(27136K) From: 24224K(71680K)->27264K(73728K)
[10.391s][info][gc,heap        ] GC(164) ParOldGen: 1637845K(1741824K)->1662277K(1741824K)
[10.391s][info][gc,metaspace   ] GC(164) Metaspace: 6298K(6464K)->6298K(6464K) NonClass: 5764K(5824K)->5764K(5824K) Class: 533K(640K)->533K(640K)
[10.391s][info][gc             ] GC(164) Pause Young (Allocation Failure) 1649M->1649M(1799M) 34.461ms
[10.391s][info][gc,cpu         ] GC(164) User=0.06s Sys=0.14s Real=0.03s
[10.419s][info][gc,start       ] GC(165) Pause Young (Allocation Failure)
[10.458s][info][gc,heap        ] GC(165) PSYoungGen: 54400K(100864K)->27264K(96768K) Eden: 27136K(27136K)->0K(30720K) From: 27264K(73728K)->27264K(66048K)
[10.458s][info][gc,heap        ] GC(165) ParOldGen: 1662277K(1741824K)->1689837K(1741824K)
[10.458s][info][gc,metaspace   ] GC(165) Metaspace: 6298K(6464K)->6298K(6464K) NonClass: 5764K(5824K)->5764K(5824K) Class: 533K(640K)->533K(640K)
[10.458s][info][gc             ] GC(165) Pause Young (Allocation Failure) 1676M->1676M(1795M) 39.439ms
[10.458s][info][gc,cpu         ] GC(165) User=0.17s Sys=0.02s Real=0.04s
[10.492s][info][gc,start       ] GC(166) Pause Young (Allocation Failure)
[10.530s][info][gc,heap        ] GC(166) PSYoungGen: 57984K(96768K)->30848K(98816K) Eden: 30720K(30720K)->0K(30720K) From: 27264K(66048K)->30848K(68096K)
[10.530s][info][gc,heap        ] GC(166) ParOldGen: 1689837K(1741824K)->1717405K(1741824K)
[10.530s][info][gc,metaspace   ] GC(166) Metaspace: 6298K(6464K)->6298K(6464K) NonClass: 5764K(5824K)->5764K(5824K) Class: 533K(640K)->533K(640K)
[10.530s][info][gc             ] GC(166) Pause Young (Allocation Failure) 1706M->1707M(1797M) 38.068ms
[10.530s][info][gc,cpu         ] GC(166) User=0.20s Sys=0.05s Real=0.04s
[10.530s][info][gc,start       ] GC(167) Pause Full (Ergonomics)
[10.530s][info][gc,phases,start] GC(167) Marking Phase
[10.919s][info][gc,phases      ] GC(167) Marking Phase 388.714ms
[10.919s][info][gc,phases,start] GC(167) Summary Phase
[10.919s][info][gc,phases      ] GC(167) Summary Phase 0.066ms
[10.919s][info][gc,phases,start] GC(167) Adjust Roots
[10.920s][info][gc,phases      ] GC(167) Adjust Roots 0.299ms
[10.920s][info][gc,phases,start] GC(167) Compaction Phase
[11.412s][info][gc,phases      ] GC(167) Compaction Phase 492.008ms
[11.412s][info][gc,phases,start] GC(167) Post Compact
[11.415s][info][gc,phases      ] GC(167) Post Compact 3.188ms
[11.416s][info][gc,heap        ] GC(167) PSYoungGen: 30848K(98816K)->4119K(98816K) Eden: 0K(30720K)->0K(30720K) From: 30848K(68096K)->4119K(68096K)
[11.416s][info][gc,heap        ] GC(167) ParOldGen: 1717405K(1741824K)->1741518K(1928704K)
[11.416s][info][gc,metaspace   ] GC(167) Metaspace: 6298K(6464K)->6298K(6464K) NonClass: 5764K(5824K)->5764K(5824K) Class: 533K(640K)->533K(640K)
[11.416s][info][gc             ] GC(167) Pause Full (Ergonomics) 1707M->1704M(1980M) 886.020ms
[11.417s][info][gc,cpu         ] GC(167) User=6.41s Sys=0.03s Real=0.89s
[11.449s][info][gc,start       ] GC(168) Pause Young (Allocation Failure)
[11.540s][info][gc,heap        ] GC(168) PSYoungGen: 34839K(98816K)->30880K(91648K) Eden: 30720K(30720K)->0K(33792K) From: 4119K(68096K)->30880K(57856K)
[11.541s][info][gc,heap        ] GC(168) ParOldGen: 1741518K(1928704K)->1745734K(1928704K)
[11.541s][info][gc,metaspace   ] GC(168) Metaspace: 6298K(6464K)->6298K(6464K) NonClass: 5764K(5824K)->5764K(5824K) Class: 533K(640K)->533K(640K)
[11.541s][info][gc             ] GC(168) Pause Young (Allocation Failure) 1734M->1734M(1973M) 91.164ms
[11.541s][info][gc,cpu         ] GC(168) User=0.53s Sys=0.09s Real=0.09s
[11.577s][info][gc,start       ] GC(169) Pause Young (Allocation Failure)
[11.615s][info][gc,heap        ] GC(169) PSYoungGen: 64672K(91648K)->61440K(95232K) Eden: 33792K(33792K)->0K(33792K) From: 30880K(57856K)->61440K(61440K)
[11.615s][info][gc,heap        ] GC(169) ParOldGen: 1745734K(1928704K)->1748950K(1928704K)
[11.615s][info][gc,metaspace   ] GC(169) Metaspace: 6298K(6464K)->6298K(6464K) NonClass: 5764K(5824K)->5764K(5824K) Class: 533K(640K)->533K(640K)
[11.615s][info][gc             ] GC(169) Pause Young (Allocation Failure) 1767M->1767M(1976M) 38.111ms
[11.615s][info][gc,cpu         ] GC(169) User=0.16s Sys=0.00s Real=0.04s
[11.650s][info][gc,start       ] GC(170) Pause Young (Allocation Failure)
[11.718s][info][gc,heap        ] GC(170) PSYoungGen: 95232K(95232K)->33984K(101888K) Eden: 33792K(33792K)->0K(37376K) From: 61440K(61440K)->33984K(64512K)
[11.718s][info][gc,heap        ] GC(170) ParOldGen: 1748950K(1928704K)->1811214K(1928704K)
[11.718s][info][gc,metaspace   ] GC(170) Metaspace: 6298K(6464K)->6298K(6464K) NonClass: 5764K(5824K)->5764K(5824K) Class: 533K(640K)->533K(640K)
[11.718s][info][gc             ] GC(170) Pause Young (Allocation Failure) 1800M->1801M(1983M) 68.058ms
[11.718s][info][gc,cpu         ] GC(170) User=0.23s Sys=0.27s Real=0.07s
[11.764s][info][gc,start       ] GC(171) Pause Young (Allocation Failure)
[11.807s][info][gc,heap        ] GC(171) PSYoungGen: 71360K(101888K)->67584K(104960K) Eden: 37376K(37376K)->0K(37376K) From: 33984K(64512K)->67584K(67584K)
[11.807s][info][gc,heap        ] GC(171) ParOldGen: 1811214K(1928704K)->1814974K(1928704K)
[11.807s][info][gc,metaspace   ] GC(171) Metaspace: 6298K(6464K)->6298K(6464K) NonClass: 5764K(5824K)->5764K(5824K) Class: 533K(640K)->533K(640K)
[11.807s][info][gc             ] GC(171) Pause Young (Allocation Failure) 1838M->1838M(1986M) 42.868ms
[11.807s][info][gc,cpu         ] GC(171) User=0.25s Sys=0.02s Real=0.04s
[11.848s][info][gc,start       ] GC(172) Pause Young (Allocation Failure)
[11.925s][info][gc,heap        ] GC(172) PSYoungGen: 104960K(104960K)->37568K(112128K) Eden: 37376K(37376K)->0K(41472K) From: 67584K(67584K)->37568K(70656K)
[11.925s][info][gc,heap        ] GC(172) ParOldGen: 1814974K(1928704K)->1883462K(1928704K)
[11.925s][info][gc,metaspace   ] GC(172) Metaspace: 6298K(6464K)->6298K(6464K) NonClass: 5764K(5824K)->5764K(5824K) Class: 533K(640K)->533K(640K)
[11.925s][info][gc             ] GC(172) Pause Young (Allocation Failure) 1874M->1876M(1993M) 76.509ms
[11.925s][info][gc,cpu         ] GC(172) User=0.31s Sys=0.20s Real=0.08s
[11.925s][info][gc,start       ] GC(173) Pause Full (Ergonomics)
[11.925s][info][gc,phases,start] GC(173) Marking Phase
[12.365s][info][gc,phases      ] GC(173) Marking Phase 439.848ms
[12.365s][info][gc,phases,start] GC(173) Summary Phase
[12.365s][info][gc,phases      ] GC(173) Summary Phase 0.056ms
[12.365s][info][gc,phases,start] GC(173) Adjust Roots
[12.365s][info][gc,phases      ] GC(173) Adjust Roots 0.173ms
[12.365s][info][gc,phases,start] GC(173) Compaction Phase
[12.547s][info][gc,phases      ] GC(173) Compaction Phase 182.065ms
[12.547s][info][gc,phases,start] GC(173) Post Compact
[12.551s][info][gc,phases      ] GC(173) Post Compact 3.797ms
[12.553s][info][gc,heap        ] GC(173) PSYoungGen: 37568K(112128K)->0K(115712K) Eden: 0K(41472K)->0K(41472K) From: 37568K(70656K)->0K(74240K)
[12.553s][info][gc,heap        ] GC(173) ParOldGen: 1883462K(1928704K)->1918535K(2147328K)
[12.553s][info][gc,metaspace   ] GC(173) Metaspace: 6298K(6464K)->6298K(6464K) NonClass: 5764K(5824K)->5764K(5824K) Class: 533K(640K)->533K(640K)
[12.553s][info][gc             ] GC(173) Pause Full (Ergonomics) 1876M->1873M(2210M) 628.574ms
[12.553s][info][gc,cpu         ] GC(173) User=4.56s Sys=0.11s Real=0.63s
[12.600s][info][gc,start       ] GC(174) Pause Young (Allocation Failure)
[12.631s][info][gc,heap        ] GC(174) PSYoungGen: 41472K(115712K)->41664K(113664K) Eden: 41472K(41472K)->0K(45568K) From: 0K(74240K)->41664K(68096K)
[12.631s][info][gc,heap        ] GC(174) ParOldGen: 1918535K(2147328K)->1918535K(2147328K)
[12.631s][info][gc,metaspace   ] GC(174) Metaspace: 6298K(6464K)->6298K(6464K) NonClass: 5764K(5824K)->5764K(5824K) Class: 533K(640K)->533K(640K)
[12.631s][info][gc             ] GC(174) Pause Young (Allocation Failure) 1914M->1914M(2208M) 31.512ms
[12.631s][info][gc,cpu         ] GC(174) User=0.03s Sys=0.00s Real=0.03s
[12.688s][info][gc,start       ] GC(175) Pause Young (Allocation Failure)
[12.739s][info][gc,heap        ] GC(175) PSYoungGen: 87232K(113664K)->71680K(117248K) Eden: 45568K(45568K)->0K(45568K) From: 41664K(68096K)->71680K(71680K)
[12.739s][info][gc,heap        ] GC(175) ParOldGen: 1918535K(2147328K)->1934255K(2147328K)
[12.739s][info][gc,metaspace   ] GC(175) Metaspace: 6298K(6464K)->6298K(6464K) NonClass: 5764K(5824K)->5764K(5824K) Class: 533K(640K)->533K(640K)
[12.739s][info][gc             ] GC(175) Pause Young (Allocation Failure) 1958M->1958M(2211M) 51.357ms
[12.739s][info][gc,cpu         ] GC(175) User=0.28s Sys=0.09s Real=0.05s
[12.795s][info][gc,start       ] GC(176) Pause Young (Allocation Failure)
[12.888s][info][gc,heap        ] GC(176) PSYoungGen: 117248K(117248K)->45792K(130048K) Eden: 45568K(45568K)->0K(50176K) From: 71680K(71680K)->45792K(79872K)
[12.888s][info][gc,heap        ] GC(176) ParOldGen: 1934255K(2147328K)->2006903K(2147328K)
[12.888s][info][gc,metaspace   ] GC(176) Metaspace: 6298K(6464K)->6298K(6464K) NonClass: 5764K(5824K)->5764K(5824K) Class: 533K(640K)->533K(640K)
[12.888s][info][gc             ] GC(176) Pause Young (Allocation Failure) 2003M->2004M(2224M) 93.332ms
[12.888s][info][gc,cpu         ] GC(176) User=0.31s Sys=0.33s Real=0.09s
[12.941s][info][gc,start       ] GC(177) Pause Young (Allocation Failure)
[12.996s][info][gc,heap        ] GC(177) PSYoungGen: 95968K(130048K)->82944K(133120K) Eden: 50176K(50176K)->0K(50176K) From: 45792K(79872K)->82944K(82944K)
[12.996s][info][gc,heap        ] GC(177) ParOldGen: 2006903K(2147328K)->2020063K(2147328K)
[12.996s][info][gc,metaspace   ] GC(177) Metaspace: 6298K(6464K)->6298K(6464K) NonClass: 5764K(5824K)->5764K(5824K) Class: 533K(640K)->533K(640K)
[12.996s][info][gc             ] GC(177) Pause Young (Allocation Failure) 2053M->2053M(2227M) 55.057ms
[12.996s][info][gc,cpu         ] GC(177) User=0.28s Sys=0.08s Real=0.06s
[13.051s][info][gc,start       ] GC(178) Pause Young (Allocation Failure)
[13.158s][info][gc,heap        ] GC(178) PSYoungGen: 133120K(133120K)->50400K(145408K) Eden: 50176K(50176K)->0K(55808K) From: 82944K(82944K)->50400K(89600K)
[13.158s][info][gc,heap        ] GC(178) ParOldGen: 2020063K(2147328K)->2104095K(2147328K)
[13.158s][info][gc,metaspace   ] GC(178) Metaspace: 6298K(6464K)->6298K(6464K) NonClass: 5764K(5824K)->5764K(5824K) Class: 533K(640K)->533K(640K)
[13.158s][info][gc             ] GC(178) Pause Young (Allocation Failure) 2102M->2103M(2239M) 106.232ms
[13.158s][info][gc,cpu         ] GC(178) User=0.41s Sys=0.36s Real=0.11s
[13.158s][info][gc,start       ] GC(179) Pause Full (Ergonomics)
[13.158s][info][gc,phases,start] GC(179) Marking Phase
[13.633s][info][gc,phases      ] GC(179) Marking Phase 475.365ms
[13.633s][info][gc,phases,start] GC(179) Summary Phase
[13.633s][info][gc,phases      ] GC(179) Summary Phase 0.032ms
[13.633s][info][gc,phases,start] GC(179) Adjust Roots
[13.633s][info][gc,phases      ] GC(179) Adjust Roots 0.157ms
[13.633s][info][gc,phases,start] GC(179) Compaction Phase
[13.829s][info][gc,phases      ] GC(179) Compaction Phase 195.778ms
[13.829s][info][gc,phases,start] GC(179) Post Compact
[13.833s][info][gc,phases      ] GC(179) Post Compact 4.209ms
[13.836s][info][gc,heap        ] GC(179) PSYoungGen: 50400K(145408K)->4163K(149504K) Eden: 0K(55808K)->0K(59904K) From: 50400K(89600K)->4163K(89600K)
[13.836s][info][gc,heap        ] GC(179) ParOldGen: 2104095K(2147328K)->2147173K(2414592K)
[13.836s][info][gc,metaspace   ] GC(179) Metaspace: 6298K(6464K)->6298K(6464K) NonClass: 5764K(5824K)->5764K(5824K) Class: 533K(640K)->533K(640K)
[13.836s][info][gc             ] GC(179) Pause Full (Ergonomics) 2103M->2100M(2504M) 678.264ms
[13.836s][info][gc,cpu         ] GC(179) User=5.05s Sys=0.09s Real=0.68s
[13.906s][info][gc,start       ] GC(180) Pause Young (Allocation Failure)
[14.027s][info][gc,heap        ] GC(180) PSYoungGen: 64067K(149504K)->60128K(153600K) Eden: 59904K(59904K)->0K(59904K) From: 4163K(89600K)->60128K(93696K)
[14.027s][info][gc,heap        ] GC(180) ParOldGen: 2147173K(2414592K)->2151437K(2414592K)
[14.027s][info][gc,metaspace   ] GC(180) Metaspace: 6298K(6464K)->6298K(6464K) NonClass: 5764K(5824K)->5764K(5824K) Class: 533K(640K)->533K(640K)
[14.027s][info][gc             ] GC(180) Pause Young (Allocation Failure) 2159M->2159M(2508M) 121.357ms
[14.027s][info][gc,cpu         ] GC(180) User=0.75s Sys=0.02s Real=0.12s
[14.103s][info][gc,start       ] GC(181) Pause Young (Allocation Failure)
[14.198s][info][gc,heap        ] GC(181) PSYoungGen: 120032K(153600K)->93184K(137216K) Eden: 59904K(59904K)->0K(44032K) From: 60128K(93696K)->93184K(93184K)
[14.198s][info][gc,heap        ] GC(181) ParOldGen: 2151437K(2414592K)->2178557K(2414592K)
[14.198s][info][gc,metaspace   ] GC(181) Metaspace: 6298K(6464K)->6298K(6464K) NonClass: 5764K(5824K)->5764K(5824K) Class: 533K(640K)->533K(640K)
[14.198s][info][gc             ] GC(181) Pause Young (Allocation Failure) 2218M->2218M(2492M) 95.064ms
[14.198s][info][gc,cpu         ] GC(181) User=0.23s Sys=0.38s Real=0.10s
[14.250s][info][gc,start       ] GC(182) Pause Young (Allocation Failure)
[14.355s][info][gc,heap        ] GC(182) PSYoungGen: 137216K(137216K)->44224K(158720K) Eden: 44032K(44032K)->0K(44032K) From: 93184K(93184K)->44224K(114688K)
[14.355s][info][gc,heap        ] GC(182) ParOldGen: 2178557K(2414592K)->2272789K(2414592K)
[14.355s][info][gc,metaspace   ] GC(182) Metaspace: 6298K(6464K)->6298K(6464K) NonClass: 5764K(5824K)->5764K(5824K) Class: 533K(640K)->533K(640K)
[14.355s][info][gc             ] GC(182) Pause Young (Allocation Failure) 2261M->2262M(2513M) 104.955ms
[14.355s][info][gc,cpu         ] GC(182) User=0.42s Sys=0.34s Real=0.10s
[14.405s][info][gc,start       ] GC(183) Pause Young (Allocation Failure)
[14.466s][info][gc,heap        ] GC(183) PSYoungGen: 88256K(158720K)->44224K(153600K) Eden: 44032K(44032K)->0K(49152K) From: 44224K(114688K)->44224K(104448K)
[14.466s][info][gc,heap        ] GC(183) ParOldGen: 2272789K(2414592K)->2317213K(2414592K)
[14.466s][info][gc,metaspace   ] GC(183) Metaspace: 6298K(6464K)->6298K(6464K) NonClass: 5764K(5824K)->5764K(5824K) Class: 533K(640K)->533K(640K)
[14.466s][info][gc             ] GC(183) Pause Young (Allocation Failure) 2305M->2306M(2508M) 61.044ms
[14.466s][info][gc,cpu         ] GC(183) User=0.36s Sys=0.03s Real=0.06s
[14.466s][info][gc,start       ] GC(184) Pause Full (Ergonomics)
[14.466s][info][gc,phases,start] GC(184) Marking Phase
[14.995s][info][gc,phases      ] GC(184) Marking Phase 528.662ms
[14.995s][info][gc,phases,start] GC(184) Summary Phase
[14.995s][info][gc,phases      ] GC(184) Summary Phase 0.046ms
[14.995s][info][gc,phases,start] GC(184) Adjust Roots
[14.995s][info][gc,phases      ] GC(184) Adjust Roots 0.155ms
[14.995s][info][gc,phases,start] GC(184) Compaction Phase
[15.209s][info][gc,phases      ] GC(184) Compaction Phase 213.790ms
[15.209s][info][gc,phases,start] GC(184) Post Compact
[15.214s][info][gc,phases      ] GC(184) Post Compact 4.589ms
[15.216s][info][gc,heap        ] GC(184) PSYoungGen: 44224K(153600K)->0K(157184K) Eden: 0K(49152K)->0K(49152K) From: 44224K(104448K)->0K(108032K)
[15.216s][info][gc,heap        ] GC(184) ParOldGen: 2317213K(2414592K)->2359085K(2652672K)
[15.216s][info][gc,metaspace   ] GC(184) Metaspace: 6298K(6464K)->6298K(6464K) NonClass: 5764K(5824K)->5764K(5824K) Class: 533K(640K)->533K(640K)
[15.216s][info][gc             ] GC(184) Pause Full (Ergonomics) 2306M->2303M(2744M) 749.921ms
[15.216s][info][gc,cpu         ] GC(184) User=5.47s Sys=0.06s Real=0.75s
[15.273s][info][gc,start       ] GC(185) Pause Young (Allocation Failure)
[15.306s][info][gc,heap        ] GC(185) PSYoungGen: 49152K(157184K)->49280K(151552K) Eden: 49152K(49152K)->0K(53760K) From: 0K(108032K)->49280K(97792K)
[15.306s][info][gc,heap        ] GC(185) ParOldGen: 2359085K(2652672K)->2359085K(2652672K)
[15.306s][info][gc,metaspace   ] GC(185) Metaspace: 6298K(6464K)->6298K(6464K) NonClass: 5764K(5824K)->5764K(5824K) Class: 533K(640K)->533K(640K)
[15.306s][info][gc             ] GC(185) Pause Young (Allocation Failure) 2351M->2351M(2738M) 32.222ms
[15.306s][info][gc,cpu         ] GC(185) User=0.11s Sys=0.00s Real=0.03s
[15.374s][info][gc,start       ] GC(186) Pause Young (Allocation Failure)
[15.429s][info][gc,heap        ] GC(186) PSYoungGen: 103040K(151552K)->103200K(157184K) Eden: 53760K(53760K)->0K(53760K) From: 49280K(97792K)->103200K(103424K)
[15.429s][info][gc,heap        ] GC(186) ParOldGen: 2359085K(2652672K)->2359085K(2652672K)
[15.429s][info][gc,metaspace   ] GC(186) Metaspace: 6298K(6464K)->6298K(6464K) NonClass: 5764K(5824K)->5764K(5824K) Class: 533K(640K)->533K(640K)
[15.429s][info][gc             ] GC(186) Pause Young (Allocation Failure) 2404M->2404M(2744M) 55.098ms
[15.429s][info][gc,cpu         ] GC(186) User=0.36s Sys=0.00s Real=0.05s
[15.495s][info][gc,start       ] GC(187) Pause Young (Allocation Failure)
[15.604s][info][gc,heap        ] GC(187) PSYoungGen: 156960K(157184K)->116736K(144896K) Eden: 53760K(53760K)->0K(28160K) From: 103200K(103424K)->116736K(116736K)
[15.604s][info][gc,heap        ] GC(187) ParOldGen: 2359085K(2652672K)->2399541K(2652672K)
[15.604s][info][gc,metaspace   ] GC(187) Metaspace: 6298K(6464K)->6298K(6464K) NonClass: 5764K(5824K)->5764K(5824K) Class: 533K(640K)->533K(640K)
[15.604s][info][gc             ] GC(187) Pause Young (Allocation Failure) 2457M->2457M(2732M) 109.759ms
[15.604s][info][gc,cpu         ] GC(187) User=0.44s Sys=0.31s Real=0.11s
[15.636s][info][gc,start       ] GC(188) Pause Young (Allocation Failure)
[15.732s][info][gc,heap        ] GC(188) PSYoungGen: 144896K(144896K)->67392K(95744K) Eden: 28160K(28160K)->0K(28160K) From: 116736K(116736K)->67392K(67584K)
[15.732s][info][gc,heap        ] GC(188) ParOldGen: 2399541K(2652672K)->2477797K(2652672K)
[15.732s][info][gc,metaspace   ] GC(188) Metaspace: 6298K(6464K)->6298K(6464K) NonClass: 5764K(5824K)->5764K(5824K) Class: 533K(640K)->533K(640K)
[15.732s][info][gc             ] GC(188) Pause Young (Allocation Failure) 2484M->2485M(2684M) 95.406ms
[15.732s][info][gc,cpu         ] GC(188) User=0.44s Sys=0.19s Real=0.10s
[15.763s][info][gc,start       ] GC(189) Pause Young (Allocation Failure)
[15.823s][info][gc,heap        ] GC(189) PSYoungGen: 95552K(95744K)->56512K(161792K) Eden: 28160K(28160K)->0K(31744K) From: 67392K(67584K)->56512K(130048K)
[15.823s][info][gc,heap        ] GC(189) ParOldGen: 2477797K(2652672K)->2517189K(2652672K)
[15.823s][info][gc,metaspace   ] GC(189) Metaspace: 6298K(6464K)->6298K(6464K) NonClass: 5764K(5824K)->5764K(5824K) Class: 533K(640K)->533K(640K)
[15.823s][info][gc             ] GC(189) Pause Young (Allocation Failure) 2513M->2513M(2748M) 60.022ms
[15.823s][info][gc,cpu         ] GC(189) User=0.20s Sys=0.17s Real=0.06s
[15.863s][info][gc,start       ] GC(190) Pause Young (Allocation Failure)
[15.916s][info][gc,heap        ] GC(190) PSYoungGen: 88256K(161792K)->60096K(92160K) Eden: 31744K(31744K)->0K(31744K) From: 56512K(130048K)->60096K(60416K)
[15.917s][info][gc,heap        ] GC(190) ParOldGen: 2517189K(2652672K)->2545605K(2652672K)
[15.917s][info][gc,metaspace   ] GC(190) Metaspace: 6298K(6464K)->6298K(6464K) NonClass: 5764K(5824K)->5764K(5824K) Class: 533K(640K)->533K(640K)
[15.917s][info][gc             ] GC(190) Pause Young (Allocation Failure) 2544M->2544M(2680M) 53.793ms
[15.917s][info][gc,cpu         ] GC(190) User=0.27s Sys=0.02s Real=0.05s
[15.955s][info][gc,start       ] GC(191) Pause Young (Allocation Failure)
[16.011s][info][gc,heap        ] GC(191) PSYoungGen: 91840K(92160K)->63712K(154112K) Eden: 31744K(31744K)->0K(35840K) From: 60096K(60416K)->63712K(118272K)
[16.011s][info][gc,heap        ] GC(191) ParOldGen: 2545605K(2652672K)->2573997K(2652672K)
[16.011s][info][gc,metaspace   ] GC(191) Metaspace: 6298K(6464K)->6298K(6464K) NonClass: 5764K(5824K)->5764K(5824K) Class: 533K(640K)->533K(640K)
[16.011s][info][gc             ] GC(191) Pause Young (Allocation Failure) 2575M->2575M(2741M) 55.197ms
[16.011s][info][gc,cpu         ] GC(191) User=0.22s Sys=0.12s Real=0.06s
[16.011s][info][gc,start       ] GC(192) Pause Full (Ergonomics)
[16.011s][info][gc,phases,start] GC(192) Marking Phase
[16.614s][info][gc,phases      ] GC(192) Marking Phase 603.431ms
[16.614s][info][gc,phases,start] GC(192) Summary Phase
[16.614s][info][gc,phases      ] GC(192) Summary Phase 0.064ms
[16.614s][info][gc,phases,start] GC(192) Adjust Roots
[16.614s][info][gc,phases      ] GC(192) Adjust Roots 0.169ms
[16.614s][info][gc,phases,start] GC(192) Compaction Phase
[16.848s][info][gc,phases      ] GC(192) Compaction Phase 234.020ms
[16.849s][info][gc,phases,start] GC(192) Post Compact
[16.854s][info][gc,phases      ] GC(192) Post Compact 5.120ms
[16.856s][info][gc,heap        ] GC(192) PSYoungGen: 63712K(154112K)->0K(159744K) Eden: 0K(35840K)->0K(35840K) From: 63712K(118272K)->0K(123904K)
[16.856s][info][gc,heap        ] GC(192) ParOldGen: 2573997K(2652672K)->2635354K(2937344K)
[16.856s][info][gc,metaspace   ] GC(192) Metaspace: 6298K(6464K)->6298K(6464K) NonClass: 5764K(5824K)->5764K(5824K) Class: 533K(640K)->533K(640K)
[16.856s][info][gc             ] GC(192) Pause Full (Ergonomics) 2575M->2573M(3024M) 845.548ms
[16.856s][info][gc,cpu         ] GC(192) User=6.45s Sys=0.11s Real=0.85s
[16.899s][info][gc,start       ] GC(193) Pause Young (Allocation Failure)
[16.930s][info][gc,heap        ] GC(193) PSYoungGen: 35840K(159744K)->36032K(161792K) Eden: 35840K(35840K)->0K(39424K) From: 0K(123904K)->36032K(122368K)
[16.930s][info][gc,heap        ] GC(193) ParOldGen: 2635354K(2937344K)->2635354K(2937344K)
[16.930s][info][gc,metaspace   ] GC(193) Metaspace: 6298K(6464K)->6298K(6464K) NonClass: 5764K(5824K)->5764K(5824K) Class: 533K(640K)->533K(640K)
[16.930s][info][gc             ] GC(193) Pause Young (Allocation Failure) 2608M->2608M(3026M) 30.583ms
[16.930s][info][gc,cpu         ] GC(193) User=0.12s Sys=0.00s Real=0.03s
[16.979s][info][gc,start       ] GC(194) Pause Young (Allocation Failure)
[17.022s][info][gc,heap        ] GC(194) PSYoungGen: 75456K(161792K)->75488K(162816K) Eden: 39424K(39424K)->0K(39424K) From: 36032K(122368K)->75488K(123392K)
[17.022s][info][gc,heap        ] GC(194) ParOldGen: 2635354K(2937344K)->2635354K(2937344K)
[17.022s][info][gc,metaspace   ] GC(194) Metaspace: 6298K(6464K)->6298K(6464K) NonClass: 5764K(5824K)->5764K(5824K) Class: 533K(640K)->533K(640K)
[17.022s][info][gc             ] GC(194) Pause Young (Allocation Failure) 2647M->2647M(3027M) 43.808ms
[17.022s][info][gc,cpu         ] GC(194) User=0.25s Sys=0.00s Real=0.04s
[17.064s][info][gc,start       ] GC(195) Pause Young (Allocation Failure)
[17.122s][info][gc,heap        ] GC(195) PSYoungGen: 114912K(162816K)->114976K(152576K) Eden: 39424K(39424K)->0K(30720K) From: 75488K(123392K)->114976K(121856K)
[17.122s][info][gc,heap        ] GC(195) ParOldGen: 2635354K(2937344K)->2635354K(2937344K)
[17.122s][info][gc,metaspace   ] GC(195) Metaspace: 6298K(6464K)->6298K(6464K) NonClass: 5764K(5824K)->5764K(5824K) Class: 533K(640K)->533K(640K)
[17.123s][info][gc             ] GC(195) Pause Young (Allocation Failure) 2685M->2685M(3017M) 58.208ms
[17.123s][info][gc,cpu         ] GC(195) User=0.36s Sys=0.00s Real=0.06s
[17.158s][info][gc,start       ] GC(196) Pause Young (Allocation Failure)
[17.239s][info][gc,heap        ] GC(196) PSYoungGen: 145696K(152576K)->134656K(165376K) Eden: 30720K(30720K)->0K(30720K) From: 114976K(121856K)->134656K(134656K)
[17.239s][info][gc,heap        ] GC(196) ParOldGen: 2635354K(2937344K)->2646386K(2937344K)
[17.239s][info][gc,metaspace   ] GC(196) Metaspace: 6298K(6464K)->6298K(6464K) NonClass: 5764K(5824K)->5764K(5824K) Class: 533K(640K)->533K(640K)
[17.239s][info][gc             ] GC(196) Pause Young (Allocation Failure) 2715M->2715M(3030M) 81.052ms
[17.239s][info][gc,cpu         ] GC(196) User=0.41s Sys=0.05s Real=0.08s
[17.274s][info][gc,start       ] GC(197) Pause Young (Allocation Failure)
[17.379s][info][gc,heap        ] GC(197) PSYoungGen: 165376K(165376K)->132224K(177664K) Eden: 30720K(30720K)->0K(21504K) From: 134656K(134656K)->132224K(156160K)
[17.379s][info][gc,heap        ] GC(197) ParOldGen: 2646386K(2937344K)->2680002K(2937344K)
[17.379s][info][gc,metaspace   ] GC(197) Metaspace: 6298K(6464K)->6298K(6464K) NonClass: 5764K(5824K)->5764K(5824K) Class: 533K(640K)->533K(640K)
[17.379s][info][gc             ] GC(197) Pause Young (Allocation Failure) 2745M->2746M(3042M) 105.755ms
[17.379s][info][gc,cpu         ] GC(197) User=0.52s Sys=0.23s Real=0.10s
[17.405s][info][gc,start       ] GC(198) Pause Young (Allocation Failure)
[17.494s][info][gc,heap        ] GC(198) PSYoungGen: 153728K(177664K)->116832K(190464K) Eden: 21504K(21504K)->0K(21504K) From: 132224K(156160K)->116832K(168960K)
[17.494s][info][gc,heap        ] GC(198) ParOldGen: 2680002K(2937344K)->2717170K(2937344K)
[17.494s][info][gc,metaspace   ] GC(198) Metaspace: 6298K(6464K)->6298K(6464K) NonClass: 5764K(5824K)->5764K(5824K) Class: 533K(640K)->533K(640K)
[17.494s][info][gc             ] GC(198) Pause Young (Allocation Failure) 2767M->2767M(3054M) 89.691ms
[17.494s][info][gc,cpu         ] GC(198) User=0.58s Sys=0.05s Real=0.09s
[18.117s][info][gc,start       ] GC(199) Pause Young (Allocation Failure)
[18.258s][info][gc,heap        ] GC(199) PSYoungGen: 138336K(190464K)->73920K(183808K) Eden: 21504K(21504K)->0K(24064K) From: 116832K(168960K)->73920K(159744K)
[18.258s][info][gc,heap        ] GC(199) ParOldGen: 2848242K(2937344K)->2913162K(2937344K)
[18.258s][info][gc,metaspace   ] GC(199) Metaspace: 6298K(6464K)->6298K(6464K) NonClass: 5764K(5824K)->5764K(5824K) Class: 533K(640K)->533K(640K)
[18.258s][info][gc             ] GC(199) Pause Young (Allocation Failure) 2916M->2917M(3048M) 140.655ms
[18.258s][info][gc,cpu         ] GC(199) User=0.73s Sys=0.23s Real=0.14s
[18.258s][info][gc,start       ] GC(200) Pause Full (Ergonomics)
[18.258s][info][gc,phases,start] GC(200) Marking Phase
[18.903s][info][gc,phases      ] GC(200) Marking Phase 645.141ms
[18.903s][info][gc,phases,start] GC(200) Summary Phase
[18.903s][info][gc,phases      ] GC(200) Summary Phase 0.059ms
[18.903s][info][gc,phases,start] GC(200) Adjust Roots
[18.903s][info][gc,phases      ] GC(200) Adjust Roots 0.172ms
[18.903s][info][gc,phases,start] GC(200) Compaction Phase
[19.355s][info][gc,phases      ] GC(200) Compaction Phase 451.978ms
[19.355s][info][gc,phases,start] GC(200) Post Compact
[19.362s][info][gc,phases      ] GC(200) Post Compact 7.072ms
[19.365s][info][gc,heap        ] GC(200) PSYoungGen: 73920K(183808K)->0K(190464K) Eden: 0K(24064K)->0K(24064K) From: 73920K(159744K)->0K(166400K)
[19.365s][info][gc,heap        ] GC(200) ParOldGen: 2913162K(2937344K)->2919801K(3238912K)
[19.365s][info][gc,metaspace   ] GC(200) Metaspace: 6298K(6464K)->6298K(6464K) NonClass: 5764K(5824K)->5764K(5824K) Class: 533K(640K)->533K(640K)
[19.365s][info][gc             ] GC(200) Pause Full (Ergonomics) 2917M->2851M(3349M) 1107.353ms
[19.365s][info][gc,cpu         ] GC(200) User=7.59s Sys=0.05s Real=1.11s
[19.395s][info][gc,start       ] GC(201) Pause Young (Allocation Failure)
[19.429s][info][gc,heap        ] GC(201) PSYoungGen: 24064K(190464K)->24224K(191488K) Eden: 24064K(24064K)->0K(25088K) From: 0K(166400K)->24224K(166400K)
[19.429s][info][gc,heap        ] GC(201) ParOldGen: 2919801K(3238912K)->2919801K(3238912K)
[19.429s][info][gc,metaspace   ] GC(201) Metaspace: 6298K(6464K)->6298K(6464K) NonClass: 5764K(5824K)->5764K(5824K) Class: 533K(640K)->533K(640K)
[19.429s][info][gc             ] GC(201) Pause Young (Allocation Failure) 2874M->2875M(3350M) 33.931ms
[19.429s][info][gc,cpu         ] GC(201) User=0.05s Sys=0.02s Real=0.03s
[19.456s][info][gc,start       ] GC(202) Pause Young (Allocation Failure)
[19.498s][info][gc,heap        ] GC(202) PSYoungGen: 49312K(191488K)->49312K(74752K) Eden: 25088K(25088K)->0K(25088K) From: 24224K(166400K)->49312K(49664K)
[19.498s][info][gc,heap        ] GC(202) ParOldGen: 2919801K(3238912K)->2919801K(3238912K)
[19.498s][info][gc,metaspace   ] GC(202) Metaspace: 6298K(6464K)->6298K(6464K) NonClass: 5764K(5824K)->5764K(5824K) Class: 533K(640K)->533K(640K)
[19.498s][info][gc             ] GC(202) Pause Young (Allocation Failure) 2899M->2899M(3236M) 42.170ms
[19.498s][info][gc,cpu         ] GC(202) User=0.08s Sys=0.00s Real=0.04s
[19.525s][info][gc,start       ] GC(203) Pause Young (Allocation Failure)
[19.577s][info][gc,heap        ] GC(203) PSYoungGen: 74400K(74752K)->74368K(176640K) Eden: 25088K(25088K)->0K(28160K) From: 49312K(49664K)->74368K(148480K)
[19.577s][info][gc,heap        ] GC(203) ParOldGen: 2919801K(3238912K)->2919801K(3238912K)
[19.577s][info][gc,metaspace   ] GC(203) Metaspace: 6298K(6464K)->6298K(6464K) NonClass: 5764K(5824K)->5764K(5824K) Class: 533K(640K)->533K(640K)
[19.577s][info][gc             ] GC(203) Pause Young (Allocation Failure) 2924M->2923M(3335M) 52.218ms
[19.577s][info][gc,cpu         ] GC(203) User=0.16s Sys=0.00s Real=0.05s
[19.605s][info][gc,start       ] GC(204) Pause Young (Allocation Failure)
[19.668s][info][gc,heap        ] GC(204) PSYoungGen: 102528K(176640K)->102656K(184320K) Eden: 28160K(28160K)->0K(28160K) From: 74368K(148480K)->102656K(156160K)
[19.668s][info][gc,heap        ] GC(204) ParOldGen: 2919801K(3238912K)->2919801K(3238912K)
[19.668s][info][gc,metaspace   ] GC(204) Metaspace: 6298K(6464K)->6298K(6464K) NonClass: 5764K(5824K)->5764K(5824K) Class: 533K(640K)->533K(640K)
[19.668s][info][gc             ] GC(204) Pause Young (Allocation Failure) 2951M->2951M(3343M) 63.336ms
[19.668s][info][gc,cpu         ] GC(204) User=0.19s Sys=0.00s Real=0.06s
[19.696s][info][gc,start       ] GC(205) Pause Young (Allocation Failure)
[19.764s][info][gc,heap        ] GC(205) PSYoungGen: 130816K(184320K)->130848K(177664K) Eden: 28160K(28160K)->0K(19968K) From: 102656K(156160K)->130848K(157696K)
[19.765s][info][gc,heap        ] GC(205) ParOldGen: 2919801K(3238912K)->2919801K(3238912K)
[19.765s][info][gc,metaspace   ] GC(205) Metaspace: 6298K(6464K)->6298K(6464K) NonClass: 5764K(5824K)->5764K(5824K) Class: 533K(640K)->533K(640K)
[19.765s][info][gc             ] GC(205) Pause Young (Allocation Failure) 2979M->2979M(3336M) 68.515ms
[19.765s][info][gc,cpu         ] GC(205) User=0.17s Sys=0.00s Real=0.07s
[19.785s][info][gc,start       ] GC(206) Pause Young (Allocation Failure)
[19.872s][info][gc,heap        ] GC(206) PSYoungGen: 150816K(177664K)->101568K(189440K) Eden: 19968K(19968K)->0K(19968K) From: 130848K(157696K)->101568K(169472K)
[19.872s][info][gc,heap        ] GC(206) ParOldGen: 2919801K(3238912K)->2969361K(3238912K)
[19.872s][info][gc,metaspace   ] GC(206) Metaspace: 6298K(6464K)->6298K(6464K) NonClass: 5764K(5824K)->5764K(5824K) Class: 533K(640K)->533K(640K)
[19.872s][info][gc             ] GC(206) Pause Young (Allocation Failure) 2998M->2998M(3348M) 87.519ms
[19.872s][info][gc,cpu         ] GC(206) User=0.39s Sys=0.16s Real=0.09s
[19.891s][info][gc,start       ] GC(207) Pause Young (Allocation Failure)
[19.966s][info][gc,heap        ] GC(207) PSYoungGen: 121536K(189440K)->68256K(180224K) Eden: 19968K(19968K)->0K(23040K) From: 101568K(169472K)->68256K(157184K)
[19.966s][info][gc,heap        ] GC(207) ParOldGen: 2969361K(3238912K)->3023057K(3238912K)
[19.966s][info][gc,metaspace   ] GC(207) Metaspace: 6298K(6464K)->6298K(6464K) NonClass: 5764K(5824K)->5764K(5824K) Class: 533K(640K)->533K(640K)
[19.966s][info][gc             ] GC(207) Pause Young (Allocation Failure) 3018M->3018M(3339M) 75.259ms
[19.966s][info][gc,cpu         ] GC(207) User=0.33s Sys=0.16s Real=0.08s
[19.987s][info][gc,start       ] GC(208) Pause Young (Allocation Failure)
[20.057s][info][gc,heap        ] GC(208) PSYoungGen: 91296K(180224K)->43200K(185344K) Eden: 23040K(23040K)->0K(23040K) From: 68256K(157184K)->43200K(162304K)
[20.057s][info][gc,heap        ] GC(208) ParOldGen: 3023057K(3238912K)->3071585K(3238912K)
[20.057s][info][gc,metaspace   ] GC(208) Metaspace: 6298K(6464K)->6298K(6464K) NonClass: 5764K(5824K)->5764K(5824K) Class: 533K(640K)->533K(640K)
[20.057s][info][gc             ] GC(208) Pause Young (Allocation Failure) 3041M->3041M(3344M) 70.167ms
[20.057s][info][gc,cpu         ] GC(208) User=0.27s Sys=0.14s Real=0.07s
[20.080s][info][gc,start       ] GC(209) Pause Young (Allocation Failure)
[20.133s][info][gc,heap        ] GC(209) PSYoungGen: 66240K(185344K)->23136K(186368K) Eden: 23040K(23040K)->0K(25088K) From: 43200K(162304K)->23136K(161280K)
[20.133s][info][gc,heap        ] GC(209) ParOldGen: 3071585K(3238912K)->3114953K(3238912K)
[20.133s][info][gc,metaspace   ] GC(209) Metaspace: 6298K(6464K)->6298K(6464K) NonClass: 5764K(5824K)->5764K(5824K) Class: 533K(640K)->533K(640K)
[20.133s][info][gc             ] GC(209) Pause Young (Allocation Failure) 3064M->3064M(3345M) 53.767ms
[20.133s][info][gc,cpu         ] GC(209) User=0.16s Sys=0.11s Real=0.05s
[20.159s][info][gc,start       ] GC(210) Pause Young (Allocation Failure)
[20.206s][info][gc,heap        ] GC(210) PSYoungGen: 48224K(186368K)->25248K(187904K) Eden: 25088K(25088K)->0K(25088K) From: 23136K(161280K)->25248K(162816K)
[20.206s][info][gc,heap        ] GC(210) ParOldGen: 3114953K(3238912K)->3138209K(3238912K)
[20.206s][info][gc,metaspace   ] GC(210) Metaspace: 6298K(6464K)->6298K(6464K) NonClass: 5764K(5824K)->5764K(5824K) Class: 533K(640K)->533K(640K)
[20.207s][info][gc             ] GC(210) Pause Young (Allocation Failure) 3089M->3089M(3346M) 47.031ms
[20.207s][info][gc,cpu         ] GC(210) User=0.08s Sys=0.00s Real=0.05s
[20.234s][info][gc,start       ] GC(211) Pause Young (Allocation Failure)
[20.286s][info][gc,heap        ] GC(211) PSYoungGen: 50336K(187904K)->25280K(186880K) Eden: 25088K(25088K)->0K(28672K) From: 25248K(162816K)->25280K(158208K)
[20.286s][info][gc,heap        ] GC(211) ParOldGen: 3138209K(3238912K)->3163521K(3238912K)
[20.286s][info][gc,metaspace   ] GC(211) Metaspace: 6298K(6464K)->6298K(6464K) NonClass: 5764K(5824K)->5764K(5824K) Class: 533K(640K)->533K(640K)
[20.286s][info][gc             ] GC(211) Pause Young (Allocation Failure) 3113M->3114M(3345M) 51.193ms
[20.286s][info][gc,cpu         ] GC(211) User=0.17s Sys=0.00s Real=0.05s
[20.286s][info][gc,start       ] GC(212) Pause Full (Ergonomics)
[20.286s][info][gc,phases,start] GC(212) Marking Phase
[21.009s][info][gc,phases      ] GC(212) Marking Phase 723.536ms
[21.009s][info][gc,phases,start] GC(212) Summary Phase
[21.009s][info][gc,phases      ] GC(212) Summary Phase 0.086ms
[21.009s][info][gc,phases,start] GC(212) Adjust Roots
[21.010s][info][gc,phases      ] GC(212) Adjust Roots 0.175ms
[21.010s][info][gc,phases,start] GC(212) Compaction Phase
[21.314s][info][gc,phases      ] GC(212) Compaction Phase 304.511ms
[21.314s][info][gc,phases,start] GC(212) Post Compact
[21.321s][info][gc,phases      ] GC(212) Post Compact 6.644ms
[21.323s][info][gc,heap        ] GC(212) PSYoungGen: 25280K(186880K)->0K(188928K) Eden: 0K(28672K)->0K(28672K) From: 25280K(158208K)->0K(160256K)
[21.323s][info][gc,heap        ] GC(212) ParOldGen: 3163521K(3238912K)->3186214K(3523584K)
[21.323s][info][gc,metaspace   ] GC(212) Metaspace: 6298K(6464K)->6298K(6464K) NonClass: 5764K(5824K)->5764K(5824K) Class: 533K(640K)->533K(640K)
[21.323s][info][gc             ] GC(212) Pause Full (Ergonomics) 3114M->3111M(3625M) 1037.479ms
[21.323s][info][gc,cpu         ] GC(212) User=7.45s Sys=0.06s Real=1.04s
[21.354s][info][gc,start       ] GC(213) Pause Young (Allocation Failure)
[21.394s][info][gc,heap        ] GC(213) PSYoungGen: 28672K(188928K)->28864K(185344K) Eden: 28672K(28672K)->0K(32256K) From: 0K(160256K)->28864K(153088K)
[21.394s][info][gc,heap        ] GC(213) ParOldGen: 3186214K(3523584K)->3186214K(3523584K)
[21.394s][info][gc,metaspace   ] GC(213) Metaspace: 6298K(6464K)->6298K(6464K) NonClass: 5764K(5824K)->5764K(5824K) Class: 533K(640K)->533K(640K)
[21.394s][info][gc             ] GC(213) Pause Young (Allocation Failure) 3139M->3139M(3622M) 39.809ms
[21.394s][info][gc,cpu         ] GC(213) User=0.03s Sys=0.00s Real=0.04s
[21.429s][info][gc,start       ] GC(214) Pause Young (Allocation Failure)
[21.480s][info][gc,heap        ] GC(214) PSYoungGen: 61120K(185344K)->32416K(65024K) Eden: 32256K(32256K)->0K(32256K) From: 28864K(153088K)->32416K(32768K)
[21.480s][info][gc,heap        ] GC(214) ParOldGen: 3186214K(3523584K)->3215150K(3523584K)
[21.480s][info][gc,metaspace   ] GC(214) Metaspace: 6298K(6464K)->6298K(6464K) NonClass: 5764K(5824K)->5764K(5824K) Class: 533K(640K)->533K(640K)
[21.480s][info][gc             ] GC(214) Pause Young (Allocation Failure) 3171M->3171M(3504M) 51.736ms
[21.480s][info][gc,cpu         ] GC(214) User=0.19s Sys=0.12s Real=0.05s
[21.513s][info][gc,start       ] GC(215) Pause Young (Allocation Failure)
[21.566s][info][gc,heap        ] GC(215) PSYoungGen: 64672K(65024K)->32448K(179200K) Eden: 32256K(32256K)->0K(36352K) From: 32416K(32768K)->32448K(142848K)
[21.566s][info][gc,heap        ] GC(215) ParOldGen: 3215150K(3523584K)->3247694K(3523584K)
[21.566s][info][gc,metaspace   ] GC(215) Metaspace: 6298K(6464K)->6298K(6464K) NonClass: 5764K(5824K)->5764K(5824K) Class: 533K(640K)->533K(640K)
[21.566s][info][gc             ] GC(215) Pause Young (Allocation Failure) 3202M->3203M(3616M) 52.831ms
[21.566s][info][gc,cpu         ] GC(215) User=0.12s Sys=0.06s Real=0.05s
[21.602s][info][gc,start       ] GC(216) Pause Young (Allocation Failure)
[21.660s][info][gc,heap        ] GC(216) PSYoungGen: 68800K(179200K)->36512K(73216K) Eden: 36352K(36352K)->0K(36352K) From: 32448K(142848K)->36512K(36864K)
[21.660s][info][gc,heap        ] GC(216) ParOldGen: 3247694K(3523584K)->3280246K(3523584K)
[21.660s][info][gc,metaspace   ] GC(216) Metaspace: 6298K(6464K)->6298K(6464K) NonClass: 5764K(5824K)->5764K(5824K) Class: 533K(640K)->533K(640K)
[21.660s][info][gc             ] GC(216) Pause Young (Allocation Failure) 3238M->3239M(3512M) 57.837ms
[21.660s][info][gc,cpu         ] GC(216) User=0.19s Sys=0.09s Real=0.06s
[21.700s][info][gc,start       ] GC(217) Pause Young (Allocation Failure)
[21.758s][info][gc,heap        ] GC(217) PSYoungGen: 72864K(73216K)->36512K(171008K) Eden: 36352K(36352K)->0K(40960K) From: 36512K(36864K)->36512K(130048K)
[21.758s][info][gc,heap        ] GC(217) ParOldGen: 3280246K(3523584K)->3316918K(3523584K)
[21.758s][info][gc,metaspace   ] GC(217) Metaspace: 6298K(6464K)->6298K(6464K) NonClass: 5764K(5824K)->5764K(5824K) Class: 533K(640K)->533K(640K)
[21.758s][info][gc             ] GC(217) Pause Young (Allocation Failure) 3274M->3274M(3608M) 58.195ms
[21.758s][info][gc,cpu         ] GC(217) User=0.19s Sys=0.11s Real=0.06s
[21.801s][info][gc,start       ] GC(218) Pause Young (Allocation Failure)
[21.862s][info][gc,heap        ] GC(218) PSYoungGen: 77472K(171008K)->41152K(82432K) Eden: 40960K(40960K)->0K(40960K) From: 36512K(130048K)->41152K(41472K)
[21.862s][info][gc,heap        ] GC(218) ParOldGen: 3316918K(3523584K)->3353590K(3523584K)
[21.862s][info][gc,metaspace   ] GC(218) Metaspace: 6298K(6464K)->6298K(6464K) NonClass: 5764K(5824K)->5764K(5824K) Class: 533K(640K)->533K(640K)
[21.862s][info][gc             ] GC(218) Pause Young (Allocation Failure) 3314M->3315M(3521M) 60.929ms
[21.862s][info][gc,cpu         ] GC(218) User=0.17s Sys=0.12s Real=0.06s
[21.907s][info][gc,start       ] GC(219) Pause Young (Allocation Failure)
[21.967s][info][gc,heap        ] GC(219) PSYoungGen: 82112K(82432K)->41088K(162816K) Eden: 40960K(40960K)->0K(46080K) From: 41152K(41472K)->41088K(116736K)
[21.967s][info][gc,heap        ] GC(219) ParOldGen: 3353590K(3523584K)->3394918K(3523584K)
[21.967s][info][gc,metaspace   ] GC(219) Metaspace: 6298K(6464K)->6298K(6464K) NonClass: 5764K(5824K)->5764K(5824K) Class: 533K(640K)->533K(640K)
[21.967s][info][gc             ] GC(219) Pause Young (Allocation Failure) 3355M->3355M(3600M) 60.053ms
[21.967s][info][gc,cpu         ] GC(219) User=0.14s Sys=0.16s Real=0.06s
[22.011s][info][gc,start       ] GC(220) Pause Young (Allocation Failure)
[22.072s][info][gc,heap        ] GC(220) PSYoungGen: 87168K(162816K)->46304K(92672K) Eden: 46080K(46080K)->0K(46080K) From: 41088K(116736K)->46304K(46592K)
[22.072s][info][gc,heap        ] GC(220) ParOldGen: 3394918K(3523584K)->3436254K(3523584K)
[22.072s][info][gc,metaspace   ] GC(220) Metaspace: 6298K(6464K)->6298K(6464K) NonClass: 5764K(5824K)->5764K(5824K) Class: 533K(640K)->533K(640K)
[22.072s][info][gc             ] GC(220) Pause Young (Allocation Failure) 3400M->3400M(3531M) 61.656ms
[22.072s][info][gc,cpu         ] GC(220) User=0.23s Sys=0.16s Real=0.06s
[22.114s][info][gc,start       ] GC(221) Pause Young (Allocation Failure)
[22.180s][info][gc,heap        ] GC(221) PSYoungGen: 92384K(92672K)->46272K(156672K) Eden: 46080K(46080K)->0K(51712K) From: 46304K(46592K)->46272K(104960K)
[22.180s][info][gc,heap        ] GC(221) ParOldGen: 3436254K(3523584K)->3482742K(3523584K)
[22.180s][info][gc,metaspace   ] GC(221) Metaspace: 6298K(6464K)->6298K(6464K) NonClass: 5764K(5824K)->5764K(5824K) Class: 533K(640K)->533K(640K)
[22.180s][info][gc             ] GC(221) Pause Young (Allocation Failure) 3445M->3446M(3594M) 65.574ms
[22.180s][info][gc,cpu         ] GC(221) User=0.23s Sys=0.11s Real=0.07s
[22.180s][info][gc,start       ] GC(222) Pause Full (Ergonomics)
[22.180s][info][gc,phases,start] GC(222) Marking Phase
[22.945s][info][gc,phases      ] GC(222) Marking Phase 764.952ms
[22.945s][info][gc,phases,start] GC(222) Summary Phase
[22.945s][info][gc,phases      ] GC(222) Summary Phase 0.051ms
[22.945s][info][gc,phases,start] GC(222) Adjust Roots
[22.945s][info][gc,phases      ] GC(222) Adjust Roots 0.160ms
[22.945s][info][gc,phases,start] GC(222) Compaction Phase
[23.695s][info][gc,phases      ] GC(222) Compaction Phase 749.516ms
[23.695s][info][gc,phases,start] GC(222) Post Compact
[23.701s][info][gc,phases      ] GC(222) Post Compact 6.602ms
[23.705s][info][gc,heap        ] GC(222) PSYoungGen: 46272K(156672K)->2628K(162304K) Eden: 0K(51712K)->0K(57344K) From: 46272K(104960K)->2628K(104960K)
[23.705s][info][gc,heap        ] GC(222) ParOldGen: 3482742K(3523584K)->3523277K(3881472K)
[23.705s][info][gc,metaspace   ] GC(222) Metaspace: 6298K(6464K)->6298K(6464K) NonClass: 5764K(5824K)->5764K(5824K) Class: 533K(640K)->533K(640K)
[23.705s][info][gc             ] GC(222) Pause Full (Ergonomics) 3446M->3443M(3949M) 1525.281ms
[23.705s][info][gc,cpu         ] GC(222) User=10.75s Sys=0.06s Real=1.53s
[23.765s][info][gc,start       ] GC(223) Pause Young (Allocation Failure)
[23.945s][info][gc,heap        ] GC(223) PSYoungGen: 59972K(162304K)->57568K(167936K) Eden: 57344K(57344K)->0K(57344K) From: 2628K(104960K)->57568K(110592K)
[23.945s][info][gc,heap        ] GC(223) ParOldGen: 3523277K(3881472K)->3525965K(3881472K)
[23.945s][info][gc,metaspace   ] GC(223) Metaspace: 6298K(6464K)->6298K(6464K) NonClass: 5764K(5824K)->5764K(5824K) Class: 533K(640K)->533K(640K)
[23.945s][info][gc             ] GC(223) Pause Young (Allocation Failure) 3499M->3499M(3954M) 180.143ms
[23.945s][info][gc,cpu         ] GC(223) User=1.20s Sys=0.00s Real=0.18s
[24.010s][info][gc,start       ] GC(224) Pause Young (Allocation Failure)
[24.084s][info][gc,heap        ] GC(224) PSYoungGen: 114912K(167936K)->107520K(152576K) Eden: 57344K(57344K)->0K(45056K) From: 57568K(110592K)->107520K(107520K)
[24.084s][info][gc,heap        ] GC(224) ParOldGen: 3525965K(3881472K)->3533397K(3881472K)
[24.084s][info][gc,metaspace   ] GC(224) Metaspace: 6298K(6464K)->6298K(6464K) NonClass: 5764K(5824K)->5764K(5824K) Class: 533K(640K)->533K(640K)
[24.084s][info][gc             ] GC(224) Pause Young (Allocation Failure) 3555M->3555M(3939M) 73.872ms
[24.084s][info][gc,cpu         ] GC(224) User=0.30s Sys=0.00s Real=0.07s
[24.133s][info][gc,start       ] GC(225) Pause Young (Allocation Failure)
[24.252s][info][gc,heap        ] GC(225) PSYoungGen: 152576K(152576K)->45248K(170496K) Eden: 45056K(45056K)->0K(45056K) From: 107520K(107520K)->45248K(125440K)
[24.252s][info][gc,heap        ] GC(225) ParOldGen: 3533397K(3881472K)->3641669K(3881472K)
[24.252s][info][gc,metaspace   ] GC(225) Metaspace: 6298K(6464K)->6298K(6464K) NonClass: 5764K(5824K)->5764K(5824K) Class: 533K(640K)->533K(640K)
[24.252s][info][gc             ] GC(225) Pause Young (Allocation Failure) 3599M->3600M(3957M) 118.176ms
[24.252s][info][gc,cpu         ] GC(225) User=0.45s Sys=0.42s Real=0.12s
[24.294s][info][gc,start       ] GC(226) Pause Young (Allocation Failure)
[24.362s][info][gc,heap        ] GC(226) PSYoungGen: 90304K(170496K)->45280K(160768K) Eden: 45056K(45056K)->0K(50176K) From: 45248K(125440K)->45280K(110592K)
[24.362s][info][gc,heap        ] GC(226) ParOldGen: 3641669K(3881472K)->3687117K(3881472K)
[24.362s][info][gc,metaspace   ] GC(226) Metaspace: 6298K(6464K)->6298K(6464K) NonClass: 5764K(5824K)->5764K(5824K) Class: 533K(640K)->533K(640K)
[24.362s][info][gc             ] GC(226) Pause Young (Allocation Failure) 3644M->3644M(3947M) 67.224ms
[24.362s][info][gc,cpu         ] GC(226) User=0.28s Sys=0.12s Real=0.07s
[24.409s][info][gc,start       ] GC(227) Pause Young (Allocation Failure)
[24.478s][info][gc,heap        ] GC(227) PSYoungGen: 95456K(160768K)->50400K(165888K) Eden: 50176K(50176K)->0K(50176K) From: 45280K(110592K)->50400K(115712K)
[24.478s][info][gc,heap        ] GC(227) ParOldGen: 3687117K(3881472K)->3732557K(3881472K)
[24.478s][info][gc,metaspace   ] GC(227) Metaspace: 6298K(6464K)->6298K(6464K) NonClass: 5764K(5824K)->5764K(5824K) Class: 533K(640K)->533K(640K)
[24.478s][info][gc             ] GC(227) Pause Young (Allocation Failure) 3693M->3694M(3952M) 69.323ms
[24.478s][info][gc,cpu         ] GC(227) User=0.20s Sys=0.28s Real=0.07s
[24.526s][info][gc,start       ] GC(228) Pause Young (Allocation Failure)
[24.599s][info][gc,heap        ] GC(228) PSYoungGen: 100576K(165888K)->50400K(156672K) Eden: 50176K(50176K)->0K(56320K) From: 50400K(115712K)->50400K(100352K)
[24.599s][info][gc,heap        ] GC(228) ParOldGen: 3732557K(3881472K)->3783173K(3881472K)
[24.599s][info][gc,metaspace   ] GC(228) Metaspace: 6298K(6464K)->6298K(6464K) NonClass: 5764K(5824K)->5764K(5824K) Class: 533K(640K)->533K(640K)
[24.599s][info][gc             ] GC(228) Pause Young (Allocation Failure) 3743M->3743M(3943M) 72.885ms
[24.599s][info][gc,cpu         ] GC(228) User=0.38s Sys=0.12s Real=0.07s
[24.661s][info][gc,start       ] GC(229) Pause Young (Allocation Failure)
[24.734s][info][gc,heap        ] GC(229) PSYoungGen: 106720K(156672K)->56544K(161792K) Eden: 56320K(56320K)->0K(56320K) From: 50400K(100352K)->56544K(105472K)
[24.734s][info][gc,heap        ] GC(229) ParOldGen: 3783173K(3881472K)->3833797K(3881472K)
[24.734s][info][gc,metaspace   ] GC(229) Metaspace: 6298K(6464K)->6298K(6464K) NonClass: 5764K(5824K)->5764K(5824K) Class: 533K(640K)->533K(640K)
[24.734s][info][gc             ] GC(229) Pause Young (Allocation Failure) 3798M->3799M(3948M) 73.199ms
[24.734s][info][gc,cpu         ] GC(229) User=0.31s Sys=0.20s Real=0.07s
[24.734s][info][gc,start       ] GC(230) Pause Full (Ergonomics)
[24.734s][info][gc,phases,start] GC(230) Marking Phase
[25.610s][info][gc,phases      ] GC(230) Marking Phase 876.307ms
[25.610s][info][gc,phases,start] GC(230) Summary Phase
[25.610s][info][gc,phases      ] GC(230) Summary Phase 0.053ms
[25.610s][info][gc,phases,start] GC(230) Adjust Roots
[25.610s][info][gc,phases      ] GC(230) Adjust Roots 0.177ms
[25.611s][info][gc,phases,start] GC(230) Compaction Phase
[26.011s][info][gc,phases      ] GC(230) Compaction Phase 400.106ms
[26.011s][info][gc,phases,start] GC(230) Post Compact
[26.018s][info][gc,phases      ] GC(230) Post Compact 7.213ms
[26.019s][info][gc,heap        ] GC(230) PSYoungGen: 56544K(161792K)->5699K(161792K) Eden: 0K(56320K)->0K(56320K) From: 56544K(105472K)->5699K(105472K)
[26.019s][info][gc,heap        ] GC(230) ParOldGen: 3833797K(3881472K)->3881451K(3959808K)
[26.019s][info][gc,metaspace   ] GC(230) Metaspace: 6298K(6464K)->6298K(6464K) NonClass: 5764K(5824K)->5764K(5824K) Class: 533K(640K)->533K(640K)
[26.019s][info][gc             ] GC(230) Pause Full (Ergonomics) 3799M->3796M(4025M) 1284.725ms
[26.019s][info][gc,cpu         ] GC(230) User=9.20s Sys=0.06s Real=1.29s
[26.076s][info][gc,start       ] GC(231) Pause Young (Allocation Failure)
[26.277s][info][gc,heap        ] GC(231) PSYoungGen: 62019K(161792K)->56512K(155136K) Eden: 56320K(56320K)->0K(61952K) From: 5699K(105472K)->56512K(93184K)
[26.277s][info][gc,heap        ] GC(231) ParOldGen: 3881451K(3959808K)->3887235K(3959808K)
[26.277s][info][gc,metaspace   ] GC(231) Metaspace: 6298K(6464K)->6298K(6464K) NonClass: 5764K(5824K)->5764K(5824K) Class: 533K(640K)->533K(640K)
[26.277s][info][gc             ] GC(231) Pause Young (Allocation Failure) 3851M->3851M(4018M) 201.803ms
[26.277s][info][gc,cpu         ] GC(231) User=1.25s Sys=0.00s Real=0.20s
[26.277s][info][gc,start       ] GC(232) Pause Full (Ergonomics)
[26.278s][info][gc,phases,start] GC(232) Marking Phase
[27.146s][info][gc,phases      ] GC(232) Marking Phase 868.306ms
[27.146s][info][gc,phases,start] GC(232) Summary Phase
[27.146s][info][gc,phases      ] GC(232) Summary Phase 0.063ms
[27.146s][info][gc,phases,start] GC(232) Adjust Roots
[27.146s][info][gc,phases      ] GC(232) Adjust Roots 0.159ms
[27.146s][info][gc,phases,start] GC(232) Compaction Phase
[27.470s][info][gc,phases      ] GC(232) Compaction Phase 323.762ms
[27.470s][info][gc,phases,start] GC(232) Post Compact
[27.477s][info][gc,phases      ] GC(232) Post Compact 7.340ms
[27.477s][info][gc,heap        ] GC(232) PSYoungGen: 56512K(155136K)->0K(159744K) Eden: 0K(61952K)->0K(61952K) From: 56512K(93184K)->0K(97792K)
[27.478s][info][gc,heap        ] GC(232) ParOldGen: 3887235K(3959808K)->3943441K(3959808K)
[27.478s][info][gc,metaspace   ] GC(232) Metaspace: 6298K(6464K)->6298K(6464K) NonClass: 5764K(5824K)->5764K(5824K) Class: 533K(640K)->533K(640K)
[27.478s][info][gc             ] GC(232) Pause Full (Ergonomics) 3851M->3851M(4023M) 1200.053ms
[27.478s][info][gc,cpu         ] GC(232) User=8.77s Sys=0.11s Real=1.20s
[27.542s][info][gc,start       ] GC(233) Pause Full (Ergonomics)
[27.542s][info][gc,phases,start] GC(233) Marking Phase
[28.454s][info][gc,phases      ] GC(233) Marking Phase 912.454ms
[28.454s][info][gc,phases,start] GC(233) Summary Phase
[28.454s][info][gc,phases      ] GC(233) Summary Phase 0.057ms
[28.454s][info][gc,phases,start] GC(233) Adjust Roots
[28.455s][info][gc,phases      ] GC(233) Adjust Roots 0.211ms
[28.455s][info][gc,phases,start] GC(233) Compaction Phase
[28.772s][info][gc,phases      ] GC(233) Compaction Phase 316.994ms
[28.772s][info][gc,phases,start] GC(233) Post Compact
[28.779s][info][gc,phases      ] GC(233) Post Compact 7.182ms
[28.779s][info][gc,heap        ] GC(233) PSYoungGen: 61952K(159744K)->46057K(159744K) Eden: 61952K(61952K)->46057K(61952K) From: 0K(97792K)->0K(97792K)
[28.779s][info][gc,heap        ] GC(233) ParOldGen: 3943441K(3959808K)->3959307K(3959808K)
[28.779s][info][gc,metaspace   ] GC(233) Metaspace: 6298K(6464K)->6298K(6464K) NonClass: 5764K(5824K)->5764K(5824K) Class: 533K(640K)->533K(640K)
[28.779s][info][gc             ] GC(233) Pause Full (Ergonomics) 3911M->3911M(4023M) 1237.319ms
[28.779s][info][gc,cpu         ] GC(233) User=8.72s Sys=0.08s Real=1.24s
[28.797s][info][gc,start       ] GC(234) Pause Full (Ergonomics)
[28.798s][info][gc,phases,start] GC(234) Marking Phase
[29.698s][info][gc,phases      ] GC(234) Marking Phase 900.470ms
[29.698s][info][gc,phases,start] GC(234) Summary Phase
[29.698s][info][gc,phases      ] GC(234) Summary Phase 0.047ms
[29.698s][info][gc,phases,start] GC(234) Adjust Roots
[29.698s][info][gc,phases      ] GC(234) Adjust Roots 0.158ms
[29.698s][info][gc,phases,start] GC(234) Compaction Phase
[30.008s][info][gc,phases      ] GC(234) Compaction Phase 309.777ms
[30.008s][info][gc,phases,start] GC(234) Post Compact
[30.016s][info][gc,phases      ] GC(234) Post Compact 7.369ms
[30.016s][info][gc,heap        ] GC(234) PSYoungGen: 61952K(159744K)->61944K(159744K) Eden: 61952K(61952K)->61944K(61952K) From: 0K(97792K)->0K(97792K)
[30.016s][info][gc,heap        ] GC(234) ParOldGen: 3959307K(3959808K)->3959307K(3959808K)
[30.016s][info][gc,metaspace   ] GC(234) Metaspace: 6298K(6464K)->6298K(6464K) NonClass: 5764K(5824K)->5764K(5824K) Class: 533K(640K)->533K(640K)
[30.016s][info][gc             ] GC(234) Pause Full (Ergonomics) 3927M->3927M(4023M) 1218.217ms
[30.016s][info][gc,cpu         ] GC(234) User=9.09s Sys=0.00s Real=1.22s
[30.016s][info][gc,start       ] GC(235) Pause Full (Ergonomics)
[30.016s][info][gc,phases,start] GC(235) Marking Phase
[30.911s][info][gc,phases      ] GC(235) Marking Phase 895.515ms
[30.911s][info][gc,phases,start] GC(235) Summary Phase
[30.912s][info][gc,phases      ] GC(235) Summary Phase 0.045ms
[30.912s][info][gc,phases,start] GC(235) Adjust Roots
[30.912s][info][gc,phases      ] GC(235) Adjust Roots 0.158ms
[30.912s][info][gc,phases,start] GC(235) Compaction Phase
[31.197s][info][gc,phases      ] GC(235) Compaction Phase 285.014ms
[31.197s][info][gc,phases,start] GC(235) Post Compact
[31.204s][info][gc,phases      ] GC(235) Post Compact 7.448ms
[31.204s][info][gc,heap        ] GC(235) PSYoungGen: 61952K(159744K)->61951K(159744K) Eden: 61952K(61952K)->61951K(61952K) From: 0K(97792K)->0K(97792K)
[31.204s][info][gc,heap        ] GC(235) ParOldGen: 3959307K(3959808K)->3959307K(3959808K)
[31.204s][info][gc,metaspace   ] GC(235) Metaspace: 6298K(6464K)->6298K(6464K) NonClass: 5764K(5824K)->5764K(5824K) Class: 533K(640K)->533K(640K)
[31.204s][info][gc             ] GC(235) Pause Full (Ergonomics) 3927M->3927M(4023M) 1188.537ms
[31.204s][info][gc,cpu         ] GC(235) User=8.92s Sys=0.00s Real=1.19s
[31.205s][info][gc,start       ] GC(236) Pause Full (Ergonomics)
[31.205s][info][gc,phases,start] GC(236) Marking Phase
[32.107s][info][gc,phases      ] GC(236) Marking Phase 902.162ms
[32.107s][info][gc,phases,start] GC(236) Summary Phase
[32.107s][info][gc,phases      ] GC(236) Summary Phase 0.046ms
[32.107s][info][gc,phases,start] GC(236) Adjust Roots
[32.107s][info][gc,phases      ] GC(236) Adjust Roots 0.163ms
[32.107s][info][gc,phases,start] GC(236) Compaction Phase
[32.384s][info][gc,phases      ] GC(236) Compaction Phase 276.960ms
[32.384s][info][gc,phases,start] GC(236) Post Compact
[32.392s][info][gc,phases      ] GC(236) Post Compact 8.006ms
[32.392s][info][gc,heap        ] GC(236) PSYoungGen: 61951K(159744K)->61951K(159744K) Eden: 61951K(61952K)->61951K(61952K) From: 0K(97792K)->0K(97792K)
[32.392s][info][gc,heap        ] GC(236) ParOldGen: 3959307K(3959808K)->3959307K(3959808K)
[32.392s][info][gc,metaspace   ] GC(236) Metaspace: 6298K(6464K)->6298K(6464K) NonClass: 5764K(5824K)->5764K(5824K) Class: 533K(640K)->533K(640K)
[32.392s][info][gc             ] GC(236) Pause Full (Ergonomics) 3927M->3927M(4023M) 1187.711ms
[32.392s][info][gc,cpu         ] GC(236) User=8.94s Sys=0.02s Real=1.19s
[32.393s][info][gc,start       ] GC(237) Pause Full (Ergonomics)
[32.393s][info][gc,phases,start] GC(237) Marking Phase
[33.302s][info][gc,phases      ] GC(237) Marking Phase 909.508ms
[33.302s][info][gc,phases,start] GC(237) Summary Phase
[33.302s][info][gc,phases      ] GC(237) Summary Phase 0.054ms
[33.302s][info][gc,phases,start] GC(237) Adjust Roots
[33.302s][info][gc,phases      ] GC(237) Adjust Roots 0.184ms
[33.302s][info][gc,phases,start] GC(237) Compaction Phase
[33.616s][info][gc,phases      ] GC(237) Compaction Phase 313.711ms
[33.616s][info][gc,phases,start] GC(237) Post Compact
[33.624s][info][gc,phases      ] GC(237) Post Compact 7.269ms
[33.624s][info][gc,heap        ] GC(237) PSYoungGen: 61951K(159744K)->61951K(159744K) Eden: 61951K(61952K)->61951K(61952K) From: 0K(97792K)->0K(97792K)
[33.624s][info][gc,heap        ] GC(237) ParOldGen: 3959311K(3959808K)->3959311K(3959808K)
[33.624s][info][gc,metaspace   ] GC(237) Metaspace: 6298K(6464K)->6298K(6464K) NonClass: 5764K(5824K)->5764K(5824K) Class: 533K(640K)->533K(640K)
[33.624s][info][gc             ] GC(237) Pause Full (Ergonomics) 3927M->3927M(4023M) 1231.146ms
[33.624s][info][gc,cpu         ] GC(237) User=9.00s Sys=0.00s Real=1.23s
[33.624s][info][gc,start       ] GC(238) Pause Full (Ergonomics)
[33.624s][info][gc,phases,start] GC(238) Marking Phase
[34.531s][info][gc,phases      ] GC(238) Marking Phase 906.851ms
[34.531s][info][gc,phases,start] GC(238) Summary Phase
[34.531s][info][gc,phases      ] GC(238) Summary Phase 0.046ms
[34.531s][info][gc,phases,start] GC(238) Adjust Roots
[34.531s][info][gc,phases      ] GC(238) Adjust Roots 0.166ms
[34.531s][info][gc,phases,start] GC(238) Compaction Phase
[34.837s][info][gc,phases      ] GC(238) Compaction Phase 306.121ms
[34.837s][info][gc,phases,start] GC(238) Post Compact
[34.845s][info][gc,phases      ] GC(238) Post Compact 7.157ms
[34.845s][info][gc,heap        ] GC(238) PSYoungGen: 61951K(159744K)->61951K(159744K) Eden: 61951K(61952K)->61951K(61952K) From: 0K(97792K)->0K(97792K)
[34.845s][info][gc,heap        ] GC(238) ParOldGen: 3959316K(3959808K)->3959316K(3959808K)
[34.845s][info][gc,metaspace   ] GC(238) Metaspace: 6298K(6464K)->6298K(6464K) NonClass: 5764K(5824K)->5764K(5824K) Class: 533K(640K)->533K(640K)
[34.845s][info][gc             ] GC(238) Pause Full (Ergonomics) 3927M->3927M(4023M) 1220.680ms
[34.845s][info][gc,cpu         ] GC(238) User=8.92s Sys=0.00s Real=1.22s
[34.845s][info][gc,start       ] GC(239) Pause Full (Ergonomics)
[34.845s][info][gc,phases,start] GC(239) Marking Phase
[35.769s][info][gc,phases      ] GC(239) Marking Phase 924.378ms
[35.769s][info][gc,phases,start] GC(239) Summary Phase
[35.769s][info][gc,phases      ] GC(239) Summary Phase 0.046ms
[35.769s][info][gc,phases,start] GC(239) Adjust Roots
[35.770s][info][gc,phases      ] GC(239) Adjust Roots 0.162ms
[35.770s][info][gc,phases,start] GC(239) Compaction Phase
[36.050s][info][gc,phases      ] GC(239) Compaction Phase 280.470ms
[36.050s][info][gc,phases,start] GC(239) Post Compact
[36.058s][info][gc,phases      ] GC(239) Post Compact 7.559ms
[36.058s][info][gc,heap        ] GC(239) PSYoungGen: 61951K(159744K)->61951K(159744K) Eden: 61951K(61952K)->61951K(61952K) From: 0K(97792K)->0K(97792K)
[36.058s][info][gc,heap        ] GC(239) ParOldGen: 3959321K(3959808K)->3959321K(3959808K)
[36.058s][info][gc,metaspace   ] GC(239) Metaspace: 6298K(6464K)->6298K(6464K) NonClass: 5764K(5824K)->5764K(5824K) Class: 533K(640K)->533K(640K)
[36.058s][info][gc             ] GC(239) Pause Full (Ergonomics) 3927M->3927M(4023M) 1212.970ms
[36.058s][info][gc,cpu         ] GC(239) User=9.25s Sys=0.00s Real=1.21s
[36.058s][info][gc,start       ] GC(240) Pause Full (Ergonomics)
[36.058s][info][gc,phases,start] GC(240) Marking Phase
[36.963s][info][gc,phases      ] GC(240) Marking Phase 905.076ms
[36.963s][info][gc,phases,start] GC(240) Summary Phase
[36.963s][info][gc,phases      ] GC(240) Summary Phase 0.056ms
[36.963s][info][gc,phases,start] GC(240) Adjust Roots
[36.964s][info][gc,phases      ] GC(240) Adjust Roots 0.230ms
[36.964s][info][gc,phases,start] GC(240) Compaction Phase
[37.282s][info][gc,phases      ] GC(240) Compaction Phase 318.429ms
[37.282s][info][gc,phases,start] GC(240) Post Compact
[37.289s][info][gc,phases      ] GC(240) Post Compact 7.190ms
[37.289s][info][gc,heap        ] GC(240) PSYoungGen: 61951K(159744K)->61951K(159744K) Eden: 61951K(61952K)->61951K(61952K) From: 0K(97792K)->0K(97792K)
[37.289s][info][gc,heap        ] GC(240) ParOldGen: 3959326K(3959808K)->3959326K(3959808K)
[37.289s][info][gc,metaspace   ] GC(240) Metaspace: 6298K(6464K)->6298K(6464K) NonClass: 5764K(5824K)->5764K(5824K) Class: 533K(640K)->533K(640K)
[37.289s][info][gc             ] GC(240) Pause Full (Ergonomics) 3927M->3927M(4023M) 1231.321ms
[37.289s][info][gc,cpu         ] GC(240) User=8.78s Sys=0.05s Real=1.23s
[37.290s][info][gc,start       ] GC(241) Pause Full (Ergonomics)
[37.290s][info][gc,phases,start] GC(241) Marking Phase
[38.201s][info][gc,phases      ] GC(241) Marking Phase 911.253ms
[38.201s][info][gc,phases,start] GC(241) Summary Phase
[38.201s][info][gc,phases      ] GC(241) Summary Phase 0.048ms
[38.201s][info][gc,phases,start] GC(241) Adjust Roots
[38.201s][info][gc,phases      ] GC(241) Adjust Roots 0.187ms
[38.201s][info][gc,phases,start] GC(241) Compaction Phase
[38.511s][info][gc,phases      ] GC(241) Compaction Phase 310.197ms
[38.512s][info][gc,phases,start] GC(241) Post Compact
[38.519s][info][gc,phases      ] GC(241) Post Compact 7.474ms
[38.519s][info][gc,heap        ] GC(241) PSYoungGen: 61951K(159744K)->61951K(159744K) Eden: 61951K(61952K)->61951K(61952K) From: 0K(97792K)->0K(97792K)
[38.519s][info][gc,heap        ] GC(241) ParOldGen: 3959331K(3959808K)->3959331K(3959808K)
[38.519s][info][gc,metaspace   ] GC(241) Metaspace: 6298K(6464K)->6298K(6464K) NonClass: 5764K(5824K)->5764K(5824K) Class: 533K(640K)->533K(640K)
[38.519s][info][gc             ] GC(241) Pause Full (Ergonomics) 3927M->3927M(4023M) 1229.521ms
[38.519s][info][gc,cpu         ] GC(241) User=8.75s Sys=0.00s Real=1.23s
[38.519s][info][gc,start       ] GC(242) Pause Full (Ergonomics)
[38.519s][info][gc,phases,start] GC(242) Marking Phase
[39.445s][info][gc,phases      ] GC(242) Marking Phase 925.883ms
[39.445s][info][gc,phases,start] GC(242) Summary Phase
[39.445s][info][gc,phases      ] GC(242) Summary Phase 0.088ms
[39.445s][info][gc,phases,start] GC(242) Adjust Roots
[39.446s][info][gc,phases      ] GC(242) Adjust Roots 0.210ms
[39.446s][info][gc,phases,start] GC(242) Compaction Phase
[39.736s][info][gc,phases      ] GC(242) Compaction Phase 290.513ms
[39.736s][info][gc,phases,start] GC(242) Post Compact
[39.744s][info][gc,phases      ] GC(242) Post Compact 7.309ms
[39.744s][info][gc,heap        ] GC(242) PSYoungGen: 61951K(159744K)->61951K(159744K) Eden: 61951K(61952K)->61951K(61952K) From: 0K(97792K)->0K(97792K)
[39.744s][info][gc,heap        ] GC(242) ParOldGen: 3959336K(3959808K)->3959336K(3959808K)
[39.744s][info][gc,metaspace   ] GC(242) Metaspace: 6298K(6464K)->6298K(6464K) NonClass: 5764K(5824K)->5764K(5824K) Class: 533K(640K)->533K(640K)
[39.744s][info][gc             ] GC(242) Pause Full (Ergonomics) 3927M->3927M(4023M) 1224.375ms
[39.744s][info][gc,cpu         ] GC(242) User=9.12s Sys=0.00s Real=1.22s
[39.744s][info][gc,start       ] GC(243) Pause Full (Ergonomics)
[39.744s][info][gc,phases,start] GC(243) Marking Phase
[40.656s][info][gc,phases      ] GC(243) Marking Phase 912.439ms
[40.656s][info][gc,phases,start] GC(243) Summary Phase
[40.657s][info][gc,phases      ] GC(243) Summary Phase 0.046ms
[40.657s][info][gc,phases,start] GC(243) Adjust Roots
[40.657s][info][gc,phases      ] GC(243) Adjust Roots 0.161ms
[40.657s][info][gc,phases,start] GC(243) Compaction Phase
[40.949s][info][gc,phases      ] GC(243) Compaction Phase 292.725ms
[40.950s][info][gc,phases,start] GC(243) Post Compact
[40.957s][info][gc,phases      ] GC(243) Post Compact 7.421ms
[40.957s][info][gc,heap        ] GC(243) PSYoungGen: 61951K(159744K)->61951K(159744K) Eden: 61951K(61952K)->61951K(61952K) From: 0K(97792K)->0K(97792K)
[40.957s][info][gc,heap        ] GC(243) ParOldGen: 3959340K(3959808K)->3959340K(3959808K)
[40.957s][info][gc,metaspace   ] GC(243) Metaspace: 6298K(6464K)->6298K(6464K) NonClass: 5764K(5824K)->5764K(5824K) Class: 533K(640K)->533K(640K)
[40.957s][info][gc             ] GC(243) Pause Full (Ergonomics) 3927M->3927M(4023M) 1213.132ms
[40.957s][info][gc,cpu         ] GC(243) User=9.06s Sys=0.00s Real=1.21s
[40.957s][info][gc,start       ] GC(244) Pause Full (Ergonomics)
[40.957s][info][gc,phases,start] GC(244) Marking Phase
[41.873s][info][gc,phases      ] GC(244) Marking Phase 916.088ms
[41.874s][info][gc,phases,start] GC(244) Summary Phase
[41.874s][info][gc,phases      ] GC(244) Summary Phase 0.069ms
[41.874s][info][gc,phases,start] GC(244) Adjust Roots
[41.874s][info][gc,phases      ] GC(244) Adjust Roots 0.275ms
[41.874s][info][gc,phases,start] GC(244) Compaction Phase
[42.199s][info][gc,phases      ] GC(244) Compaction Phase 324.993ms
[42.199s][info][gc,phases,start] GC(244) Post Compact
[42.207s][info][gc,phases      ] GC(244) Post Compact 7.541ms
[42.207s][info][gc,heap        ] GC(244) PSYoungGen: 61951K(159744K)->61951K(159744K) Eden: 61951K(61952K)->61951K(61952K) From: 0K(97792K)->0K(97792K)
[42.207s][info][gc,heap        ] GC(244) ParOldGen: 3959345K(3959808K)->3959345K(3959808K)
[42.207s][info][gc,metaspace   ] GC(244) Metaspace: 6298K(6464K)->6298K(6464K) NonClass: 5764K(5824K)->5764K(5824K) Class: 533K(640K)->533K(640K)
[42.207s][info][gc             ] GC(244) Pause Full (Ergonomics) 3927M->3927M(4023M) 1249.367ms
[42.207s][info][gc,cpu         ] GC(244) User=9.14s Sys=0.00s Real=1.25s
[42.207s][info][gc,start       ] GC(245) Pause Full (Ergonomics)
[42.207s][info][gc,phases,start] GC(245) Marking Phase
[43.116s][info][gc,phases      ] GC(245) Marking Phase 908.755ms
[43.116s][info][gc,phases,start] GC(245) Summary Phase
[43.116s][info][gc,phases      ] GC(245) Summary Phase 0.055ms
[43.116s][info][gc,phases,start] GC(245) Adjust Roots
[43.116s][info][gc,phases      ] GC(245) Adjust Roots 0.172ms
[43.116s][info][gc,phases,start] GC(245) Compaction Phase
[43.405s][info][gc,phases      ] GC(245) Compaction Phase 289.439ms
[43.405s][info][gc,phases,start] GC(245) Post Compact
[43.413s][info][gc,phases      ] GC(245) Post Compact 7.379ms
[43.413s][info][gc,heap        ] GC(245) PSYoungGen: 61951K(159744K)->61951K(159744K) Eden: 61951K(61952K)->61951K(61952K) From: 0K(97792K)->0K(97792K)
[43.413s][info][gc,heap        ] GC(245) ParOldGen: 3959350K(3959808K)->3959350K(3959808K)
[43.413s][info][gc,metaspace   ] GC(245) Metaspace: 6298K(6464K)->6298K(6464K) NonClass: 5764K(5824K)->5764K(5824K) Class: 533K(640K)->533K(640K)
[43.413s][info][gc             ] GC(245) Pause Full (Ergonomics) 3927M->3927M(4023M) 1206.137ms
[43.413s][info][gc,cpu         ] GC(245) User=9.05s Sys=0.00s Real=1.21s
[43.413s][info][gc,start       ] GC(246) Pause Full (Ergonomics)
[43.413s][info][gc,phases,start] GC(246) Marking Phase
[44.334s][info][gc,phases      ] GC(246) Marking Phase 920.708ms
[44.334s][info][gc,phases,start] GC(246) Summary Phase
[44.334s][info][gc,phases      ] GC(246) Summary Phase 0.074ms
[44.334s][info][gc,phases,start] GC(246) Adjust Roots
[44.334s][info][gc,phases      ] GC(246) Adjust Roots 0.333ms
[44.335s][info][gc,phases,start] GC(246) Compaction Phase
[44.641s][info][gc,phases      ] GC(246) Compaction Phase 306.159ms
[44.641s][info][gc,phases,start] GC(246) Post Compact
[44.648s][info][gc,phases      ] GC(246) Post Compact 7.509ms
[44.648s][info][gc,heap        ] GC(246) PSYoungGen: 61951K(159744K)->61951K(159744K) Eden: 61951K(61952K)->61951K(61952K) From: 0K(97792K)->0K(97792K)
[44.648s][info][gc,heap        ] GC(246) ParOldGen: 3959355K(3959808K)->3959355K(3959808K)
[44.648s][info][gc,metaspace   ] GC(246) Metaspace: 6298K(6464K)->6298K(6464K) NonClass: 5764K(5824K)->5764K(5824K) Class: 533K(640K)->533K(640K)
[44.648s][info][gc             ] GC(246) Pause Full (Ergonomics) 3927M->3927M(4023M) 1235.223ms
[44.648s][info][gc,cpu         ] GC(246) User=9.28s Sys=0.00s Real=1.24s
[44.649s][info][gc,start       ] GC(247) Pause Full (Ergonomics)
[44.649s][info][gc,phases,start] GC(247) Marking Phase
[45.560s][info][gc,phases      ] GC(247) Marking Phase 911.421ms
[45.560s][info][gc,phases,start] GC(247) Summary Phase
[45.560s][info][gc,phases      ] GC(247) Summary Phase 0.056ms
[45.560s][info][gc,phases,start] GC(247) Adjust Roots
[45.560s][info][gc,phases      ] GC(247) Adjust Roots 0.205ms
[45.561s][info][gc,phases,start] GC(247) Compaction Phase
[45.859s][info][gc,phases      ] GC(247) Compaction Phase 298.567ms
[45.859s][info][gc,phases,start] GC(247) Post Compact
[45.866s][info][gc,phases      ] GC(247) Post Compact 7.309ms
[45.867s][info][gc,heap        ] GC(247) PSYoungGen: 61951K(159744K)->61951K(159744K) Eden: 61951K(61952K)->61951K(61952K) From: 0K(97792K)->0K(97792K)
[45.867s][info][gc,heap        ] GC(247) ParOldGen: 3959360K(3959808K)->3959360K(3959808K)
[45.867s][info][gc,metaspace   ] GC(247) Metaspace: 6298K(6464K)->6298K(6464K) NonClass: 5764K(5824K)->5764K(5824K) Class: 533K(640K)->533K(640K)
[45.867s][info][gc             ] GC(247) Pause Full (Ergonomics) 3927M->3927M(4023M) 1217.956ms
[45.867s][info][gc,cpu         ] GC(247) User=8.89s Sys=0.02s Real=1.22s
[45.867s][info][gc,start       ] GC(248) Pause Full (Ergonomics)
[45.867s][info][gc,phases,start] GC(248) Marking Phase
[46.762s][info][gc,phases      ] GC(248) Marking Phase 895.034ms
[46.762s][info][gc,phases,start] GC(248) Summary Phase
[46.762s][info][gc,phases      ] GC(248) Summary Phase 0.046ms
[46.762s][info][gc,phases,start] GC(248) Adjust Roots
[46.762s][info][gc,phases      ] GC(248) Adjust Roots 0.165ms
[46.762s][info][gc,phases,start] GC(248) Compaction Phase
[47.059s][info][gc,phases      ] GC(248) Compaction Phase 296.992ms
[47.059s][info][gc,phases,start] GC(248) Post Compact
[47.066s][info][gc,phases      ] GC(248) Post Compact 7.161ms
[47.066s][info][gc,heap        ] GC(248) PSYoungGen: 61951K(159744K)->61951K(159744K) Eden: 61951K(61952K)->61951K(61952K) From: 0K(97792K)->0K(97792K)
[47.067s][info][gc,heap        ] GC(248) ParOldGen: 3959365K(3959808K)->3959365K(3959808K)
[47.067s][info][gc,metaspace   ] GC(248) Metaspace: 6298K(6464K)->6298K(6464K) NonClass: 5764K(5824K)->5764K(5824K) Class: 533K(640K)->533K(640K)
[47.067s][info][gc             ] GC(248) Pause Full (Ergonomics) 3927M->3927M(4023M) 1199.737ms
[47.067s][info][gc,cpu         ] GC(248) User=8.73s Sys=0.00s Real=1.20s
[47.067s][info][gc,start       ] GC(249) Pause Full (Ergonomics)
[47.067s][info][gc,phases,start] GC(249) Marking Phase
[47.985s][info][gc,phases      ] GC(249) Marking Phase 918.088ms
[47.985s][info][gc,phases,start] GC(249) Summary Phase
[47.985s][info][gc,phases      ] GC(249) Summary Phase 0.049ms
[47.985s][info][gc,phases,start] GC(249) Adjust Roots
[47.985s][info][gc,phases      ] GC(249) Adjust Roots 0.236ms
[47.985s][info][gc,phases,start] GC(249) Compaction Phase
[48.297s][info][gc,phases      ] GC(249) Compaction Phase 311.408ms
[48.297s][info][gc,phases,start] GC(249) Post Compact
[48.304s][info][gc,phases      ] GC(249) Post Compact 7.364ms
[48.304s][info][gc,heap        ] GC(249) PSYoungGen: 61951K(159744K)->61951K(159744K) Eden: 61951K(61952K)->61951K(61952K) From: 0K(97792K)->0K(97792K)
[48.304s][info][gc,heap        ] GC(249) ParOldGen: 3959369K(3959808K)->3959369K(3959808K)
[48.304s][info][gc,metaspace   ] GC(249) Metaspace: 6298K(6464K)->6298K(6464K) NonClass: 5764K(5824K)->5764K(5824K) Class: 533K(640K)->533K(640K)
[48.304s][info][gc             ] GC(249) Pause Full (Ergonomics) 3927M->3927M(4023M) 1237.502ms
[48.304s][info][gc,cpu         ] GC(249) User=9.31s Sys=0.00s Real=1.24s
[48.304s][info][gc,start       ] GC(250) Pause Full (Ergonomics)
[48.305s][info][gc,phases,start] GC(250) Marking Phase
[49.217s][info][gc,phases      ] GC(250) Marking Phase 912.503ms
[49.217s][info][gc,phases,start] GC(250) Summary Phase
[49.217s][info][gc,phases      ] GC(250) Summary Phase 0.047ms
[49.217s][info][gc,phases,start] GC(250) Adjust Roots
[49.217s][info][gc,phases      ] GC(250) Adjust Roots 0.165ms
[49.217s][info][gc,phases,start] GC(250) Compaction Phase
[49.489s][info][gc,phases      ] GC(250) Compaction Phase 272.143ms
[49.490s][info][gc,phases,start] GC(250) Post Compact
[49.496s][info][gc,phases      ] GC(250) Post Compact 6.835ms
[49.496s][info][gc,heap        ] GC(250) PSYoungGen: 61951K(159744K)->61951K(159744K) Eden: 61951K(61952K)->61951K(61952K) From: 0K(97792K)->0K(97792K)
[49.496s][info][gc,heap        ] GC(250) ParOldGen: 3959374K(3959808K)->3959374K(3959808K)
[49.496s][info][gc,metaspace   ] GC(250) Metaspace: 6298K(6464K)->6298K(6464K) NonClass: 5764K(5824K)->5764K(5824K) Class: 533K(640K)->533K(640K)
[49.497s][info][gc             ] GC(250) Pause Full (Ergonomics) 3927M->3927M(4023M) 1192.045ms
[49.497s][info][gc,cpu         ] GC(250) User=8.97s Sys=0.00s Real=1.19s
[49.497s][info][gc,start       ] GC(251) Pause Full (Ergonomics)
[49.497s][info][gc,phases,start] GC(251) Marking Phase
[50.425s][info][gc,phases      ] GC(251) Marking Phase 928.196ms
[50.425s][info][gc,phases,start] GC(251) Summary Phase
[50.425s][info][gc,phases      ] GC(251) Summary Phase 0.048ms
[50.425s][info][gc,phases,start] GC(251) Adjust Roots
[50.425s][info][gc,phases      ] GC(251) Adjust Roots 0.164ms
[50.425s][info][gc,phases,start] GC(251) Compaction Phase
[50.710s][info][gc,phases      ] GC(251) Compaction Phase 284.795ms
[50.710s][info][gc,phases,start] GC(251) Post Compact
[50.718s][info][gc,phases      ] GC(251) Post Compact 7.715ms
[50.718s][info][gc,heap        ] GC(251) PSYoungGen: 61951K(159744K)->61951K(159744K) Eden: 61951K(61952K)->61951K(61952K) From: 0K(97792K)->0K(97792K)
[50.718s][info][gc,heap        ] GC(251) ParOldGen: 3959379K(3959808K)->3959379K(3959808K)
[50.718s][info][gc,metaspace   ] GC(251) Metaspace: 6298K(6464K)->6298K(6464K) NonClass: 5764K(5824K)->5764K(5824K) Class: 533K(640K)->533K(640K)
[50.718s][info][gc             ] GC(251) Pause Full (Ergonomics) 3927M->3927M(4023M) 1221.268ms
[50.718s][info][gc,cpu         ] GC(251) User=9.25s Sys=0.00s Real=1.22s
[50.718s][info][gc,start       ] GC(252) Pause Full (Ergonomics)
[50.718s][info][gc,phases,start] GC(252) Marking Phase
[51.644s][info][gc,phases      ] GC(252) Marking Phase 925.273ms
[51.644s][info][gc,phases,start] GC(252) Summary Phase
[51.644s][info][gc,phases      ] GC(252) Summary Phase 0.046ms
[51.644s][info][gc,phases,start] GC(252) Adjust Roots
[51.644s][info][gc,phases      ] GC(252) Adjust Roots 0.165ms
[51.644s][info][gc,phases,start] GC(252) Compaction Phase
[51.959s][info][gc,phases      ] GC(252) Compaction Phase 314.730ms
[51.959s][info][gc,phases,start] GC(252) Post Compact
[51.966s][info][gc,phases      ] GC(252) Post Compact 7.512ms
[51.966s][info][gc,heap        ] GC(252) PSYoungGen: 61951K(159744K)->61951K(159744K) Eden: 61951K(61952K)->61951K(61952K) From: 0K(97792K)->0K(97792K)
[51.966s][info][gc,heap        ] GC(252) ParOldGen: 3959384K(3959808K)->3959384K(3959808K)
[51.966s][info][gc,metaspace   ] GC(252) Metaspace: 6298K(6464K)->6298K(6464K) NonClass: 5764K(5824K)->5764K(5824K) Class: 533K(640K)->533K(640K)
[51.966s][info][gc             ] GC(252) Pause Full (Ergonomics) 3927M->3927M(4023M) 1248.070ms
[51.966s][info][gc,cpu         ] GC(252) User=9.23s Sys=0.00s Real=1.25s
[51.966s][info][gc,start       ] GC(253) Pause Full (Ergonomics)
[51.967s][info][gc,phases,start] GC(253) Marking Phase
[52.902s][info][gc,phases      ] GC(253) Marking Phase 935.141ms
[52.902s][info][gc,phases,start] GC(253) Summary Phase
[52.902s][info][gc,phases      ] GC(253) Summary Phase 0.049ms
[52.902s][info][gc,phases,start] GC(253) Adjust Roots
[52.902s][info][gc,phases      ] GC(253) Adjust Roots 0.198ms
[52.902s][info][gc,phases,start] GC(253) Compaction Phase
[53.210s][info][gc,phases      ] GC(253) Compaction Phase 308.505ms
[53.211s][info][gc,phases,start] GC(253) Post Compact
[53.218s][info][gc,phases      ] GC(253) Post Compact 7.232ms
[53.218s][info][gc,heap        ] GC(253) PSYoungGen: 61951K(159744K)->61951K(159744K) Eden: 61951K(61952K)->61951K(61952K) From: 0K(97792K)->0K(97792K)
[53.218s][info][gc,heap        ] GC(253) ParOldGen: 3959389K(3959808K)->3959389K(3959808K)
[53.218s][info][gc,metaspace   ] GC(253) Metaspace: 6298K(6464K)->6298K(6464K) NonClass: 5764K(5824K)->5764K(5824K) Class: 533K(640K)->533K(640K)
[53.218s][info][gc             ] GC(253) Pause Full (Ergonomics) 3927M->3927M(4023M) 1251.508ms
[53.218s][info][gc,cpu         ] GC(253) User=9.19s Sys=0.02s Real=1.25s
[53.218s][info][gc,start       ] GC(254) Pause Full (Ergonomics)
[53.218s][info][gc,phases,start] GC(254) Marking Phase
[54.154s][info][gc,phases      ] GC(254) Marking Phase 935.329ms
[54.154s][info][gc,phases,start] GC(254) Summary Phase
[54.154s][info][gc,phases      ] GC(254) Summary Phase 0.054ms
[54.154s][info][gc,phases,start] GC(254) Adjust Roots
[54.154s][info][gc,phases      ] GC(254) Adjust Roots 0.181ms
[54.154s][info][gc,phases,start] GC(254) Compaction Phase
[54.482s][info][gc,phases      ] GC(254) Compaction Phase 327.941ms
[54.482s][info][gc,phases,start] GC(254) Post Compact
[54.489s][info][gc,phases      ] GC(254) Post Compact 7.122ms
[54.489s][info][gc,heap        ] GC(254) PSYoungGen: 61951K(159744K)->61951K(159744K) Eden: 61951K(61952K)->61951K(61952K) From: 0K(97792K)->0K(97792K)
[54.489s][info][gc,heap        ] GC(254) ParOldGen: 3959394K(3959808K)->3959394K(3959808K)
[54.489s][info][gc,metaspace   ] GC(254) Metaspace: 6298K(6464K)->6298K(6464K) NonClass: 5764K(5824K)->5764K(5824K) Class: 533K(640K)->533K(640K)
[54.489s][info][gc             ] GC(254) Pause Full (Ergonomics) 3927M->3927M(4023M) 1270.987ms
[54.489s][info][gc,cpu         ] GC(254) User=9.23s Sys=0.00s Real=1.27s
[54.489s][info][gc,start       ] GC(255) Pause Full (Ergonomics)
[54.489s][info][gc,phases,start] GC(255) Marking Phase
[55.410s][info][gc,phases      ] GC(255) Marking Phase 920.674ms
[55.410s][info][gc,phases,start] GC(255) Summary Phase
[55.410s][info][gc,phases      ] GC(255) Summary Phase 0.046ms
[55.410s][info][gc,phases,start] GC(255) Adjust Roots
[55.410s][info][gc,phases      ] GC(255) Adjust Roots 0.190ms
[55.410s][info][gc,phases,start] GC(255) Compaction Phase
[55.725s][info][gc,phases      ] GC(255) Compaction Phase 314.310ms
[55.725s][info][gc,phases,start] GC(255) Post Compact
[55.732s][info][gc,phases      ] GC(255) Post Compact 7.150ms
[55.732s][info][gc,heap        ] GC(255) PSYoungGen: 61951K(159744K)->61951K(159744K) Eden: 61951K(61952K)->61951K(61952K) From: 0K(97792K)->0K(97792K)
[55.732s][info][gc,heap        ] GC(255) ParOldGen: 3959398K(3959808K)->3959398K(3959808K)
[55.732s][info][gc,metaspace   ] GC(255) Metaspace: 6298K(6464K)->6298K(6464K) NonClass: 5764K(5824K)->5764K(5824K) Class: 533K(640K)->533K(640K)
[55.732s][info][gc             ] GC(255) Pause Full (Ergonomics) 3927M->3927M(4023M) 1242.695ms
[55.732s][info][gc,cpu         ] GC(255) User=9.30s Sys=0.00s Real=1.24s
[55.732s][info][gc,start       ] GC(256) Pause Full (Ergonomics)
[55.732s][info][gc,phases,start] GC(256) Marking Phase
[56.643s][info][gc,phases      ] GC(256) Marking Phase 911.016ms
[56.643s][info][gc,phases,start] GC(256) Summary Phase
[56.644s][info][gc,phases      ] GC(256) Summary Phase 0.045ms
[56.644s][info][gc,phases,start] GC(256) Adjust Roots
[56.644s][info][gc,phases      ] GC(256) Adjust Roots 0.168ms
[56.644s][info][gc,phases,start] GC(256) Compaction Phase
[56.968s][info][gc,phases      ] GC(256) Compaction Phase 324.404ms
[56.968s][info][gc,phases,start] GC(256) Post Compact
[56.975s][info][gc,phases      ] GC(256) Post Compact 7.255ms
[56.976s][info][gc,heap        ] GC(256) PSYoungGen: 61951K(159744K)->61951K(159744K) Eden: 61951K(61952K)->61951K(61952K) From: 0K(97792K)->0K(97792K)
[56.976s][info][gc,heap        ] GC(256) ParOldGen: 3959403K(3959808K)->3959403K(3959808K)
[56.976s][info][gc,metaspace   ] GC(256) Metaspace: 6298K(6464K)->6298K(6464K) NonClass: 5764K(5824K)->5764K(5824K) Class: 533K(640K)->533K(640K)
[56.976s][info][gc             ] GC(256) Pause Full (Ergonomics) 3927M->3927M(4023M) 1243.263ms
[56.976s][info][gc,cpu         ] GC(256) User=9.20s Sys=0.00s Real=1.24s
[56.976s][info][gc,start       ] GC(257) Pause Full (Ergonomics)
[56.976s][info][gc,phases,start] GC(257) Marking Phase
[57.902s][info][gc,phases      ] GC(257) Marking Phase 926.316ms
[57.902s][info][gc,phases,start] GC(257) Summary Phase
[57.902s][info][gc,phases      ] GC(257) Summary Phase 0.046ms
[57.902s][info][gc,phases,start] GC(257) Adjust Roots
[57.902s][info][gc,phases      ] GC(257) Adjust Roots 0.160ms
[57.902s][info][gc,phases,start] GC(257) Compaction Phase
[58.178s][info][gc,phases      ] GC(257) Compaction Phase 275.822ms
[58.178s][info][gc,phases,start] GC(257) Post Compact
[58.186s][info][gc,phases      ] GC(257) Post Compact 7.409ms
[58.186s][info][gc,heap        ] GC(257) PSYoungGen: 61951K(159744K)->61951K(159744K) Eden: 61951K(61952K)->61951K(61952K) From: 0K(97792K)->0K(97792K)
[58.186s][info][gc,heap        ] GC(257) ParOldGen: 3959408K(3959808K)->3959408K(3959808K)
[58.186s][info][gc,metaspace   ] GC(257) Metaspace: 6298K(6464K)->6298K(6464K) NonClass: 5764K(5824K)->5764K(5824K) Class: 533K(640K)->533K(640K)
[58.186s][info][gc             ] GC(257) Pause Full (Ergonomics) 3927M->3927M(4023M) 1210.092ms
[58.186s][info][gc,cpu         ] GC(257) User=9.16s Sys=0.00s Real=1.21s
[58.186s][info][gc,start       ] GC(258) Pause Full (Ergonomics)
[58.186s][info][gc,phases,start] GC(258) Marking Phase
[59.091s][info][gc,phases      ] GC(258) Marking Phase 905.087ms
[59.091s][info][gc,phases,start] GC(258) Summary Phase
[59.091s][info][gc,phases      ] GC(258) Summary Phase 0.054ms
[59.091s][info][gc,phases,start] GC(258) Adjust Roots
[59.092s][info][gc,phases      ] GC(258) Adjust Roots 0.194ms
[59.092s][info][gc,phases,start] GC(258) Compaction Phase
[59.368s][info][gc,phases      ] GC(258) Compaction Phase 276.796ms
[59.368s][info][gc,phases,start] GC(258) Post Compact
[59.376s][info][gc,phases      ] GC(258) Post Compact 7.508ms
[59.376s][info][gc,heap        ] GC(258) PSYoungGen: 61951K(159744K)->61951K(159744K) Eden: 61951K(61952K)->61951K(61952K) From: 0K(97792K)->0K(97792K)
[59.376s][info][gc,heap        ] GC(258) ParOldGen: 3959413K(3959808K)->3959413K(3959808K)
[59.376s][info][gc,metaspace   ] GC(258) Metaspace: 6298K(6464K)->6298K(6464K) NonClass: 5764K(5824K)->5764K(5824K) Class: 533K(640K)->533K(640K)
[59.376s][info][gc             ] GC(258) Pause Full (Ergonomics) 3927M->3927M(4023M) 1189.983ms
[59.376s][info][gc,cpu         ] GC(258) User=8.88s Sys=0.00s Real=1.19s
[59.376s][info][gc,start       ] GC(259) Pause Full (Ergonomics)
[59.376s][info][gc,phases,start] GC(259) Marking Phase
[60.299s][info][gc,phases      ] GC(259) Marking Phase 922.481ms
[60.299s][info][gc,phases,start] GC(259) Summary Phase
[60.299s][info][gc,phases      ] GC(259) Summary Phase 0.050ms
[60.299s][info][gc,phases,start] GC(259) Adjust Roots
[60.299s][info][gc,phases      ] GC(259) Adjust Roots 0.162ms
[60.299s][info][gc,phases,start] GC(259) Compaction Phase
[60.599s][info][gc,phases      ] GC(259) Compaction Phase 299.644ms
[60.599s][info][gc,phases,start] GC(259) Post Compact
[60.606s][info][gc,phases      ] GC(259) Post Compact 7.077ms
[60.606s][info][gc,heap        ] GC(259) PSYoungGen: 61951K(159744K)->61951K(159744K) Eden: 61951K(61952K)->61951K(61952K) From: 0K(97792K)->0K(97792K)
[60.606s][info][gc,heap        ] GC(259) ParOldGen: 3959418K(3959808K)->3959418K(3959808K)
[60.606s][info][gc,metaspace   ] GC(259) Metaspace: 6298K(6464K)->6298K(6464K) NonClass: 5764K(5824K)->5764K(5824K) Class: 533K(640K)->533K(640K)
[60.606s][info][gc             ] GC(259) Pause Full (Ergonomics) 3927M->3927M(4023M) 1229.759ms
[60.606s][info][gc,cpu         ] GC(259) User=9.28s Sys=0.00s Real=1.23s
[60.606s][info][gc,start       ] GC(260) Pause Full (Ergonomics)
[60.606s][info][gc,phases,start] GC(260) Marking Phase
[61.522s][info][gc,phases      ] GC(260) Marking Phase 915.275ms
[61.522s][info][gc,phases,start] GC(260) Summary Phase
[61.522s][info][gc,phases      ] GC(260) Summary Phase 0.054ms
[61.522s][info][gc,phases,start] GC(260) Adjust Roots
[61.522s][info][gc,phases      ] GC(260) Adjust Roots 0.163ms
[61.522s][info][gc,phases,start] GC(260) Compaction Phase
[61.812s][info][gc,phases      ] GC(260) Compaction Phase 290.090ms
[61.812s][info][gc,phases,start] GC(260) Post Compact
[61.820s][info][gc,phases      ] GC(260) Post Compact 7.778ms
[61.820s][info][gc,heap        ] GC(260) PSYoungGen: 61951K(159744K)->61951K(159744K) Eden: 61951K(61952K)->61951K(61952K) From: 0K(97792K)->0K(97792K)
[61.820s][info][gc,heap        ] GC(260) ParOldGen: 3959423K(3959808K)->3959423K(3959808K)
[61.820s][info][gc,metaspace   ] GC(260) Metaspace: 6298K(6464K)->6298K(6464K) NonClass: 5764K(5824K)->5764K(5824K) Class: 533K(640K)->533K(640K)
[61.820s][info][gc             ] GC(260) Pause Full (Ergonomics) 3927M->3927M(4023M) 1213.829ms
[61.820s][info][gc,cpu         ] GC(260) User=9.11s Sys=0.03s Real=1.21s
[61.820s][info][gc,start       ] GC(261) Pause Full (Ergonomics)
[61.820s][info][gc,phases,start] GC(261) Marking Phase
[62.715s][info][gc,phases      ] GC(261) Marking Phase 894.979ms
[62.715s][info][gc,phases,start] GC(261) Summary Phase
[62.715s][info][gc,phases      ] GC(261) Summary Phase 0.049ms
[62.716s][info][gc,phases,start] GC(261) Adjust Roots
[62.716s][info][gc,phases      ] GC(261) Adjust Roots 0.205ms
[62.716s][info][gc,phases,start] GC(261) Compaction Phase
[63.018s][info][gc,phases      ] GC(261) Compaction Phase 302.225ms
[63.018s][info][gc,phases,start] GC(261) Post Compact
[63.025s][info][gc,phases      ] GC(261) Post Compact 7.300ms
[63.025s][info][gc,heap        ] GC(261) PSYoungGen: 61951K(159744K)->61951K(159744K) Eden: 61951K(61952K)->61951K(61952K) From: 0K(97792K)->0K(97792K)
[63.025s][info][gc,heap        ] GC(261) ParOldGen: 3959427K(3959808K)->3959427K(3959808K)
[63.025s][info][gc,metaspace   ] GC(261) Metaspace: 6298K(6464K)->6298K(6464K) NonClass: 5764K(5824K)->5764K(5824K) Class: 533K(640K)->533K(640K)
[63.025s][info][gc             ] GC(261) Pause Full (Ergonomics) 3927M->3927M(4023M) 1205.089ms
[63.025s][info][gc,cpu         ] GC(261) User=8.86s Sys=0.00s Real=1.20s
[63.026s][info][gc,start       ] GC(262) Pause Full (Ergonomics)
[63.026s][info][gc,phases,start] GC(262) Marking Phase
[63.940s][info][gc,phases      ] GC(262) Marking Phase 914.098ms
[63.940s][info][gc,phases,start] GC(262) Summary Phase
[63.940s][info][gc,phases      ] GC(262) Summary Phase 0.046ms
[63.940s][info][gc,phases,start] GC(262) Adjust Roots
[63.940s][info][gc,phases      ] GC(262) Adjust Roots 0.158ms
[63.940s][info][gc,phases,start] GC(262) Compaction Phase
[64.264s][info][gc,phases      ] GC(262) Compaction Phase 323.718ms
[64.264s][info][gc,phases,start] GC(262) Post Compact
[64.272s][info][gc,phases      ] GC(262) Post Compact 7.645ms
[64.272s][info][gc,heap        ] GC(262) PSYoungGen: 61951K(159744K)->61951K(159744K) Eden: 61951K(61952K)->61951K(61952K) From: 0K(97792K)->0K(97792K)
[64.272s][info][gc,heap        ] GC(262) ParOldGen: 3959432K(3959808K)->3959432K(3959808K)
[64.272s][info][gc,metaspace   ] GC(262) Metaspace: 6298K(6464K)->6298K(6464K) NonClass: 5764K(5824K)->5764K(5824K) Class: 533K(640K)->533K(640K)
[64.272s][info][gc             ] GC(262) Pause Full (Ergonomics) 3927M->3927M(4023M) 1246.043ms
[64.272s][info][gc,cpu         ] GC(262) User=9.20s Sys=0.02s Real=1.25s
[64.272s][info][gc,start       ] GC(263) Pause Full (Ergonomics)
[64.272s][info][gc,phases,start] GC(263) Marking Phase
[65.189s][info][gc,phases      ] GC(263) Marking Phase 916.777ms
[65.189s][info][gc,phases,start] GC(263) Summary Phase
[65.189s][info][gc,phases      ] GC(263) Summary Phase 0.047ms
[65.189s][info][gc,phases,start] GC(263) Adjust Roots
[65.189s][info][gc,phases      ] GC(263) Adjust Roots 0.179ms
[65.189s][info][gc,phases,start] GC(263) Compaction Phase
[65.504s][info][gc,phases      ] GC(263) Compaction Phase 315.144ms
[65.504s][info][gc,phases,start] GC(263) Post Compact
[65.512s][info][gc,phases      ] GC(263) Post Compact 7.227ms
[65.512s][info][gc,heap        ] GC(263) PSYoungGen: 61951K(159744K)->61951K(159744K) Eden: 61951K(61952K)->61951K(61952K) From: 0K(97792K)->0K(97792K)
[65.512s][info][gc,heap        ] GC(263) ParOldGen: 3959437K(3959808K)->3959437K(3959808K)
[65.512s][info][gc,metaspace   ] GC(263) Metaspace: 6298K(6464K)->6298K(6464K) NonClass: 5764K(5824K)->5764K(5824K) Class: 533K(640K)->533K(640K)
[65.512s][info][gc             ] GC(263) Pause Full (Ergonomics) 3927M->3927M(4023M) 1239.720ms
[65.512s][info][gc,cpu         ] GC(263) User=9.27s Sys=0.02s Real=1.24s
[65.512s][info][gc,start       ] GC(264) Pause Full (Ergonomics)
[65.512s][info][gc,phases,start] GC(264) Marking Phase
[66.407s][info][gc,phases      ] GC(264) Marking Phase 894.987ms
[66.407s][info][gc,phases,start] GC(264) Summary Phase
[66.407s][info][gc,phases      ] GC(264) Summary Phase 0.047ms
[66.407s][info][gc,phases,start] GC(264) Adjust Roots
[66.407s][info][gc,phases      ] GC(264) Adjust Roots 0.197ms
[66.407s][info][gc,phases,start] GC(264) Compaction Phase
[66.688s][info][gc,phases      ] GC(264) Compaction Phase 280.881ms
[66.688s][info][gc,phases,start] GC(264) Post Compact
[66.695s][info][gc,phases      ] GC(264) Post Compact 7.228ms
[66.696s][info][gc,heap        ] GC(264) PSYoungGen: 61951K(159744K)->61951K(159744K) Eden: 61951K(61952K)->61951K(61952K) From: 0K(97792K)->0K(97792K)
[66.696s][info][gc,heap        ] GC(264) ParOldGen: 3959442K(3959808K)->3959442K(3959808K)
[66.696s][info][gc,metaspace   ] GC(264) Metaspace: 6298K(6464K)->6298K(6464K) NonClass: 5764K(5824K)->5764K(5824K) Class: 533K(640K)->533K(640K)
[66.696s][info][gc             ] GC(264) Pause Full (Ergonomics) 3927M->3927M(4023M) 1183.683ms
[66.696s][info][gc,cpu         ] GC(264) User=8.95s Sys=0.02s Real=1.18s
[66.696s][info][gc,start       ] GC(265) Pause Full (Ergonomics)
[66.696s][info][gc,phases,start] GC(265) Marking Phase
[67.604s][info][gc,phases      ] GC(265) Marking Phase 907.941ms
[67.604s][info][gc,phases,start] GC(265) Summary Phase
[67.604s][info][gc,phases      ] GC(265) Summary Phase 0.054ms
[67.604s][info][gc,phases,start] GC(265) Adjust Roots
[67.604s][info][gc,phases      ] GC(265) Adjust Roots 0.169ms
[67.604s][info][gc,phases,start] GC(265) Compaction Phase
[67.918s][info][gc,phases      ] GC(265) Compaction Phase 314.351ms
[67.919s][info][gc,phases,start] GC(265) Post Compact
[67.926s][info][gc,phases      ] GC(265) Post Compact 7.284ms
[67.926s][info][gc,heap        ] GC(265) PSYoungGen: 61951K(159744K)->61951K(159744K) Eden: 61951K(61952K)->61951K(61952K) From: 0K(97792K)->0K(97792K)
[67.926s][info][gc,heap        ] GC(265) ParOldGen: 3959447K(3959808K)->3959447K(3959808K)
[67.926s][info][gc,metaspace   ] GC(265) Metaspace: 6298K(6464K)->6298K(6464K) NonClass: 5764K(5824K)->5764K(5824K) Class: 533K(640K)->533K(640K)
[67.926s][info][gc             ] GC(265) Pause Full (Ergonomics) 3927M->3927M(4023M) 1230.177ms
[67.926s][info][gc,cpu         ] GC(265) User=8.94s Sys=0.00s Real=1.23s
[67.926s][info][gc,start       ] GC(266) Pause Full (Ergonomics)
[67.926s][info][gc,phases,start] GC(266) Marking Phase
[68.855s][info][gc,phases      ] GC(266) Marking Phase 929.058ms
[68.855s][info][gc,phases,start] GC(266) Summary Phase
[68.855s][info][gc,phases      ] GC(266) Summary Phase 0.053ms
[68.855s][info][gc,phases,start] GC(266) Adjust Roots
[68.856s][info][gc,phases      ] GC(266) Adjust Roots 0.213ms
[68.856s][info][gc,phases,start] GC(266) Compaction Phase
[69.165s][info][gc,phases      ] GC(266) Compaction Phase 309.318ms
[69.165s][info][gc,phases,start] GC(266) Post Compact
[69.172s][info][gc,phases      ] GC(266) Post Compact 7.427ms
[69.173s][info][gc,heap        ] GC(266) PSYoungGen: 61951K(159744K)->61951K(159744K) Eden: 61951K(61952K)->61951K(61952K) From: 0K(97792K)->0K(97792K)
[69.173s][info][gc,heap        ] GC(266) ParOldGen: 3959452K(3959808K)->3959452K(3959808K)
[69.173s][info][gc,metaspace   ] GC(266) Metaspace: 6298K(6464K)->6298K(6464K) NonClass: 5764K(5824K)->5764K(5824K) Class: 533K(640K)->533K(640K)
[69.173s][info][gc             ] GC(266) Pause Full (Ergonomics) 3927M->3927M(4023M) 1246.436ms
[69.173s][info][gc,cpu         ] GC(266) User=9.17s Sys=0.00s Real=1.25s
[69.173s][info][gc,start       ] GC(267) Pause Full (Ergonomics)
[69.173s][info][gc,phases,start] GC(267) Marking Phase
[70.093s][info][gc,phases      ] GC(267) Marking Phase 919.739ms
[70.093s][info][gc,phases,start] GC(267) Summary Phase
[70.093s][info][gc,phases      ] GC(267) Summary Phase 0.048ms
[70.093s][info][gc,phases,start] GC(267) Adjust Roots
[70.093s][info][gc,phases      ] GC(267) Adjust Roots 0.186ms
[70.093s][info][gc,phases,start] GC(267) Compaction Phase
[70.380s][info][gc,phases      ] GC(267) Compaction Phase 287.373ms
[70.380s][info][gc,phases,start] GC(267) Post Compact
[70.388s][info][gc,phases      ] GC(267) Post Compact 8.093ms
[70.389s][info][gc,heap        ] GC(267) PSYoungGen: 61951K(159744K)->61951K(159744K) Eden: 61951K(61952K)->61951K(61952K) From: 0K(97792K)->0K(97792K)
[70.389s][info][gc,heap        ] GC(267) ParOldGen: 3959456K(3959808K)->3959456K(3959808K)
[70.389s][info][gc,metaspace   ] GC(267) Metaspace: 6298K(6464K)->6298K(6464K) NonClass: 5764K(5824K)->5764K(5824K) Class: 533K(640K)->533K(640K)
[70.389s][info][gc             ] GC(267) Pause Full (Ergonomics) 3927M->3927M(4023M) 1215.833ms
[70.389s][info][gc,cpu         ] GC(267) User=9.03s Sys=0.00s Real=1.22s
[70.389s][info][gc,start       ] GC(268) Pause Full (Ergonomics)
[70.389s][info][gc,phases,start] GC(268) Marking Phase
[71.303s][info][gc,phases      ] GC(268) Marking Phase 914.428ms
[71.303s][info][gc,phases,start] GC(268) Summary Phase
[71.303s][info][gc,phases      ] GC(268) Summary Phase 0.046ms
[71.304s][info][gc,phases,start] GC(268) Adjust Roots
[71.304s][info][gc,phases      ] GC(268) Adjust Roots 0.192ms
[71.304s][info][gc,phases,start] GC(268) Compaction Phase
[71.627s][info][gc,phases      ] GC(268) Compaction Phase 323.214ms
[71.627s][info][gc,phases,start] GC(268) Post Compact
[71.634s][info][gc,phases      ] GC(268) Post Compact 7.429ms
[71.635s][info][gc,heap        ] GC(268) PSYoungGen: 61951K(159744K)->61951K(159744K) Eden: 61951K(61952K)->61951K(61952K) From: 0K(97792K)->0K(97792K)
[71.635s][info][gc,heap        ] GC(268) ParOldGen: 3959461K(3959808K)->3959461K(3959808K)
[71.635s][info][gc,metaspace   ] GC(268) Metaspace: 6298K(6464K)->6298K(6464K) NonClass: 5764K(5824K)->5764K(5824K) Class: 533K(640K)->533K(640K)
[71.635s][info][gc             ] GC(268) Pause Full (Ergonomics) 3927M->3927M(4023M) 1245.645ms
[71.635s][info][gc,cpu         ] GC(268) User=9.00s Sys=0.00s Real=1.25s
[71.635s][info][gc,start       ] GC(269) Pause Full (Ergonomics)
[71.635s][info][gc,phases,start] GC(269) Marking Phase
[72.554s][info][gc,phases      ] GC(269) Marking Phase 919.309ms
[72.554s][info][gc,phases,start] GC(269) Summary Phase
[72.554s][info][gc,phases      ] GC(269) Summary Phase 0.052ms
[72.554s][info][gc,phases,start] GC(269) Adjust Roots
[72.554s][info][gc,phases      ] GC(269) Adjust Roots 0.169ms
[72.554s][info][gc,phases,start] GC(269) Compaction Phase
[72.866s][info][gc,phases      ] GC(269) Compaction Phase 311.026ms
[72.866s][info][gc,phases,start] GC(269) Post Compact
[72.873s][info][gc,phases      ] GC(269) Post Compact 7.203ms
[72.873s][info][gc,heap        ] GC(269) PSYoungGen: 61951K(159744K)->61951K(159744K) Eden: 61951K(61952K)->61951K(61952K) From: 0K(97792K)->0K(97792K)
[72.873s][info][gc,heap        ] GC(269) ParOldGen: 3959466K(3959808K)->3959466K(3959808K)
[72.873s][info][gc,metaspace   ] GC(269) Metaspace: 6298K(6464K)->6298K(6464K) NonClass: 5764K(5824K)->5764K(5824K) Class: 533K(640K)->533K(640K)
[72.873s][info][gc             ] GC(269) Pause Full (Ergonomics) 3927M->3927M(4023M) 1238.115ms
[72.873s][info][gc,cpu         ] GC(269) User=9.02s Sys=0.00s Real=1.24s
[72.873s][info][gc,start       ] GC(270) Pause Full (Ergonomics)
[72.873s][info][gc,phases,start] GC(270) Marking Phase
[73.784s][info][gc,phases      ] GC(270) Marking Phase 910.894ms
[73.784s][info][gc,phases,start] GC(270) Summary Phase
[73.784s][info][gc,phases      ] GC(270) Summary Phase 0.046ms
[73.784s][info][gc,phases,start] GC(270) Adjust Roots
[73.784s][info][gc,phases      ] GC(270) Adjust Roots 0.162ms
[73.784s][info][gc,phases,start] GC(270) Compaction Phase
[74.068s][info][gc,phases      ] GC(270) Compaction Phase 283.990ms
[74.068s][info][gc,phases,start] GC(270) Post Compact
[74.076s][info][gc,phases      ] GC(270) Post Compact 7.408ms
[74.076s][info][gc,heap        ] GC(270) PSYoungGen: 61951K(159744K)->61951K(159744K) Eden: 61951K(61952K)->61951K(61952K) From: 0K(97792K)->0K(97792K)
[74.076s][info][gc,heap        ] GC(270) ParOldGen: 3959471K(3959808K)->3959471K(3959808K)
[74.076s][info][gc,metaspace   ] GC(270) Metaspace: 6298K(6464K)->6298K(6464K) NonClass: 5764K(5824K)->5764K(5824K) Class: 533K(640K)->533K(640K)
[74.076s][info][gc             ] GC(270) Pause Full (Ergonomics) 3927M->3927M(4023M) 1202.885ms
[74.076s][info][gc,cpu         ] GC(270) User=9.09s Sys=0.00s Real=1.20s
[74.076s][info][gc,start       ] GC(271) Pause Full (Ergonomics)
[74.076s][info][gc,phases,start] GC(271) Marking Phase
[74.975s][info][gc,phases      ] GC(271) Marking Phase 898.256ms
[74.975s][info][gc,phases,start] GC(271) Summary Phase
[74.975s][info][gc,phases      ] GC(271) Summary Phase 0.049ms
[74.975s][info][gc,phases,start] GC(271) Adjust Roots
[74.975s][info][gc,phases      ] GC(271) Adjust Roots 0.212ms
[74.975s][info][gc,phases,start] GC(271) Compaction Phase
[75.283s][info][gc,phases      ] GC(271) Compaction Phase 308.123ms
[75.283s][info][gc,phases,start] GC(271) Post Compact
[75.290s][info][gc,phases      ] GC(271) Post Compact 7.277ms
[75.290s][info][gc,heap        ] GC(271) PSYoungGen: 61951K(159744K)->61951K(159744K) Eden: 61951K(61952K)->61951K(61952K) From: 0K(97792K)->0K(97792K)
[75.290s][info][gc,heap        ] GC(271) ParOldGen: 3959476K(3959808K)->3959476K(3959808K)
[75.290s][info][gc,metaspace   ] GC(271) Metaspace: 6298K(6464K)->6298K(6464K) NonClass: 5764K(5824K)->5764K(5824K) Class: 533K(640K)->533K(640K)
[75.290s][info][gc             ] GC(271) Pause Full (Ergonomics) 3927M->3927M(4023M) 1214.255ms
[75.291s][info][gc,cpu         ] GC(271) User=9.00s Sys=0.00s Real=1.21s
[75.291s][info][gc,start       ] GC(272) Pause Full (Ergonomics)
[75.291s][info][gc,phases,start] GC(272) Marking Phase
[76.219s][info][gc,phases      ] GC(272) Marking Phase 928.046ms
[76.219s][info][gc,phases,start] GC(272) Summary Phase
[76.219s][info][gc,phases      ] GC(272) Summary Phase 0.046ms
[76.219s][info][gc,phases,start] GC(272) Adjust Roots
[76.219s][info][gc,phases      ] GC(272) Adjust Roots 0.188ms
[76.219s][info][gc,phases,start] GC(272) Compaction Phase
[76.535s][info][gc,phases      ] GC(272) Compaction Phase 316.214ms
[76.535s][info][gc,phases,start] GC(272) Post Compact
[76.543s][info][gc,phases      ] GC(272) Post Compact 7.295ms
[76.543s][info][gc,heap        ] GC(272) PSYoungGen: 61951K(159744K)->61951K(159744K) Eden: 61951K(61952K)->61951K(61952K) From: 0K(97792K)->0K(97792K)
[76.543s][info][gc,heap        ] GC(272) ParOldGen: 3959481K(3959808K)->3959481K(3959808K)
[76.543s][info][gc,metaspace   ] GC(272) Metaspace: 6298K(6464K)->6298K(6464K) NonClass: 5764K(5824K)->5764K(5824K) Class: 533K(640K)->533K(640K)
[76.543s][info][gc             ] GC(272) Pause Full (Ergonomics) 3927M->3927M(4023M) 1252.140ms
[76.543s][info][gc,cpu         ] GC(272) User=9.06s Sys=0.00s Real=1.25s
[76.543s][info][gc,start       ] GC(273) Pause Full (Ergonomics)
[76.543s][info][gc,phases,start] GC(273) Marking Phase
[77.450s][info][gc,phases      ] GC(273) Marking Phase 907.320ms
[77.450s][info][gc,phases,start] GC(273) Summary Phase
[77.451s][info][gc,phases      ] GC(273) Summary Phase 0.046ms
[77.451s][info][gc,phases,start] GC(273) Adjust Roots
[77.451s][info][gc,phases      ] GC(273) Adjust Roots 0.162ms
[77.451s][info][gc,phases,start] GC(273) Compaction Phase
[77.741s][info][gc,phases      ] GC(273) Compaction Phase 290.568ms
[77.741s][info][gc,phases,start] GC(273) Post Compact
[77.749s][info][gc,phases      ] GC(273) Post Compact 7.229ms
[77.749s][info][gc,heap        ] GC(273) PSYoungGen: 61951K(159744K)->61951K(159744K) Eden: 61951K(61952K)->61951K(61952K) From: 0K(97792K)->0K(97792K)
[77.749s][info][gc,heap        ] GC(273) ParOldGen: 3959485K(3959808K)->3959485K(3959808K)
[77.749s][info][gc,metaspace   ] GC(273) Metaspace: 6298K(6464K)->6298K(6464K) NonClass: 5764K(5824K)->5764K(5824K) Class: 533K(640K)->533K(640K)
[77.749s][info][gc             ] GC(273) Pause Full (Ergonomics) 3927M->3927M(4023M) 1205.698ms
[77.749s][info][gc,cpu         ] GC(273) User=8.86s Sys=0.00s Real=1.21s
[77.749s][info][gc,start       ] GC(274) Pause Full (Ergonomics)
[77.749s][info][gc,phases,start] GC(274) Marking Phase
[78.659s][info][gc,phases      ] GC(274) Marking Phase 909.847ms
[78.659s][info][gc,phases,start] GC(274) Summary Phase
[78.659s][info][gc,phases      ] GC(274) Summary Phase 0.107ms
[78.659s][info][gc,phases,start] GC(274) Adjust Roots
[78.659s][info][gc,phases      ] GC(274) Adjust Roots 0.195ms
[78.659s][info][gc,phases,start] GC(274) Compaction Phase
[78.938s][info][gc,phases      ] GC(274) Compaction Phase 278.395ms
[78.938s][info][gc,phases,start] GC(274) Post Compact
[78.946s][info][gc,phases      ] GC(274) Post Compact 7.770ms
[78.946s][info][gc,heap        ] GC(274) PSYoungGen: 61951K(159744K)->61951K(159744K) Eden: 61951K(61952K)->61951K(61952K) From: 0K(97792K)->0K(97792K)
[78.946s][info][gc,heap        ] GC(274) ParOldGen: 3959490K(3959808K)->3959490K(3959808K)
[78.946s][info][gc,metaspace   ] GC(274) Metaspace: 6298K(6464K)->6298K(6464K) NonClass: 5764K(5824K)->5764K(5824K) Class: 533K(640K)->533K(640K)
[78.946s][info][gc             ] GC(274) Pause Full (Ergonomics) 3927M->3927M(4023M) 1196.666ms
[78.946s][info][gc,cpu         ] GC(274) User=9.08s Sys=0.00s Real=1.20s
[78.946s][info][gc,start       ] GC(275) Pause Full (Ergonomics)
[78.946s][info][gc,phases,start] GC(275) Marking Phase
[79.842s][info][gc,phases      ] GC(275) Marking Phase 895.597ms
[79.842s][info][gc,phases,start] GC(275) Summary Phase
[79.842s][info][gc,phases      ] GC(275) Summary Phase 0.050ms
[79.842s][info][gc,phases,start] GC(275) Adjust Roots
[79.842s][info][gc,phases      ] GC(275) Adjust Roots 0.232ms
[79.842s][info][gc,phases,start] GC(275) Compaction Phase
[80.130s][info][gc,phases      ] GC(275) Compaction Phase 287.749ms
[80.130s][info][gc,phases,start] GC(275) Post Compact
[80.137s][info][gc,phases      ] GC(275) Post Compact 7.463ms
[80.137s][info][gc,heap        ] GC(275) PSYoungGen: 61951K(159744K)->61951K(159744K) Eden: 61951K(61952K)->61951K(61952K) From: 0K(97792K)->0K(97792K)
[80.137s][info][gc,heap        ] GC(275) ParOldGen: 3959495K(3959808K)->3959495K(3959808K)
[80.137s][info][gc,metaspace   ] GC(275) Metaspace: 6298K(6464K)->6298K(6464K) NonClass: 5764K(5824K)->5764K(5824K) Class: 533K(640K)->533K(640K)
[80.137s][info][gc             ] GC(275) Pause Full (Ergonomics) 3927M->3927M(4023M) 1191.438ms
[80.137s][info][gc,cpu         ] GC(275) User=8.88s Sys=0.00s Real=1.19s
[80.138s][info][gc,start       ] GC(276) Pause Full (Ergonomics)
[80.138s][info][gc,phases,start] GC(276) Marking Phase
[81.052s][info][gc,phases      ] GC(276) Marking Phase 914.590ms
[81.052s][info][gc,phases,start] GC(276) Summary Phase
[81.052s][info][gc,phases      ] GC(276) Summary Phase 0.046ms
[81.052s][info][gc,phases,start] GC(276) Adjust Roots
[81.052s][info][gc,phases      ] GC(276) Adjust Roots 0.183ms
[81.052s][info][gc,phases,start] GC(276) Compaction Phase
[81.345s][info][gc,phases      ] GC(276) Compaction Phase 292.801ms
[81.345s][info][gc,phases,start] GC(276) Post Compact
[81.353s][info][gc,phases      ] GC(276) Post Compact 7.464ms
[81.353s][info][gc,heap        ] GC(276) PSYoungGen: 61951K(159744K)->61951K(159744K) Eden: 61951K(61952K)->61951K(61952K) From: 0K(97792K)->0K(97792K)
[81.353s][info][gc,heap        ] GC(276) ParOldGen: 3959500K(3959808K)->3959500K(3959808K)
[81.353s][info][gc,metaspace   ] GC(276) Metaspace: 6298K(6464K)->6298K(6464K) NonClass: 5764K(5824K)->5764K(5824K) Class: 533K(640K)->533K(640K)
[81.353s][info][gc             ] GC(276) Pause Full (Ergonomics) 3927M->3927M(4023M) 1215.444ms
[81.353s][info][gc,cpu         ] GC(276) User=9.05s Sys=0.00s Real=1.22s
[81.353s][info][gc,start       ] GC(277) Pause Full (Ergonomics)
[81.353s][info][gc,phases,start] GC(277) Marking Phase
[82.262s][info][gc,phases      ] GC(277) Marking Phase 908.803ms
[82.262s][info][gc,phases,start] GC(277) Summary Phase
[82.262s][info][gc,phases      ] GC(277) Summary Phase 0.046ms
[82.262s][info][gc,phases,start] GC(277) Adjust Roots
[82.262s][info][gc,phases      ] GC(277) Adjust Roots 0.160ms
[82.262s][info][gc,phases,start] GC(277) Compaction Phase
[82.571s][info][gc,phases      ] GC(277) Compaction Phase 308.279ms
[82.571s][info][gc,phases,start] GC(277) Post Compact
[82.579s][info][gc,phases      ] GC(277) Post Compact 7.877ms
[82.579s][info][gc,heap        ] GC(277) PSYoungGen: 61951K(159744K)->61951K(159744K) Eden: 61951K(61952K)->61951K(61952K) From: 0K(97792K)->0K(97792K)
[82.579s][info][gc,heap        ] GC(277) ParOldGen: 3959505K(3959808K)->3959505K(3959808K)
[82.579s][info][gc,metaspace   ] GC(277) Metaspace: 6298K(6464K)->6298K(6464K) NonClass: 5764K(5824K)->5764K(5824K) Class: 533K(640K)->533K(640K)
[82.579s][info][gc             ] GC(277) Pause Full (Ergonomics) 3927M->3927M(4023M) 1225.509ms
[82.579s][info][gc,cpu         ] GC(277) User=8.92s Sys=0.00s Real=1.22s
[82.579s][info][gc,start       ] GC(278) Pause Full (Ergonomics)
[82.579s][info][gc,phases,start] GC(278) Marking Phase
[83.507s][info][gc,phases      ] GC(278) Marking Phase 927.811ms
[83.507s][info][gc,phases,start] GC(278) Summary Phase
[83.507s][info][gc,phases      ] GC(278) Summary Phase 0.046ms
[83.507s][info][gc,phases,start] GC(278) Adjust Roots
[83.507s][info][gc,phases      ] GC(278) Adjust Roots 0.191ms
[83.507s][info][gc,phases,start] GC(278) Compaction Phase
[83.815s][info][gc,phases      ] GC(278) Compaction Phase 308.315ms
[83.815s][info][gc,phases,start] GC(278) Post Compact
[83.823s][info][gc,phases      ] GC(278) Post Compact 7.795ms
[83.823s][info][gc,heap        ] GC(278) PSYoungGen: 61951K(159744K)->61951K(159744K) Eden: 61951K(61952K)->61951K(61952K) From: 0K(97792K)->0K(97792K)
[83.823s][info][gc,heap        ] GC(278) ParOldGen: 3959510K(3959808K)->3959510K(3959808K)
[83.823s][info][gc,metaspace   ] GC(278) Metaspace: 6298K(6464K)->6298K(6464K) NonClass: 5764K(5824K)->5764K(5824K) Class: 533K(640K)->533K(640K)
[83.823s][info][gc             ] GC(278) Pause Full (Ergonomics) 3927M->3927M(4023M) 1244.501ms
[83.823s][info][gc,cpu         ] GC(278) User=9.06s Sys=0.00s Real=1.25s
[83.824s][info][gc,start       ] GC(279) Pause Full (Ergonomics)
[83.824s][info][gc,phases,start] GC(279) Marking Phase
[84.723s][info][gc,phases      ] GC(279) Marking Phase 899.440ms
[84.723s][info][gc,phases,start] GC(279) Summary Phase
[84.723s][info][gc,phases      ] GC(279) Summary Phase 0.046ms
[84.723s][info][gc,phases,start] GC(279) Adjust Roots
[84.723s][info][gc,phases      ] GC(279) Adjust Roots 0.162ms
[84.723s][info][gc,phases,start] GC(279) Compaction Phase
[85.015s][info][gc,phases      ] GC(279) Compaction Phase 291.706ms
[85.015s][info][gc,phases,start] GC(279) Post Compact
[85.022s][info][gc,phases      ] GC(279) Post Compact 7.300ms
[85.023s][info][gc,heap        ] GC(279) PSYoungGen: 61951K(159744K)->61951K(159744K) Eden: 61951K(61952K)->61951K(61952K) From: 0K(97792K)->0K(97792K)
[85.023s][info][gc,heap        ] GC(279) ParOldGen: 3959514K(3959808K)->3959514K(3959808K)
[85.023s][info][gc,metaspace   ] GC(279) Metaspace: 6298K(6464K)->6298K(6464K) NonClass: 5764K(5824K)->5764K(5824K) Class: 533K(640K)->533K(640K)
[85.023s][info][gc             ] GC(279) Pause Full (Ergonomics) 3927M->3927M(4023M) 1199.021ms
[85.023s][info][gc,cpu         ] GC(279) User=9.06s Sys=0.00s Real=1.20s
[85.023s][info][gc,start       ] GC(280) Pause Full (Ergonomics)
[85.023s][info][gc,phases,start] GC(280) Marking Phase
[85.945s][info][gc,phases      ] GC(280) Marking Phase 922.562ms
[85.946s][info][gc,phases,start] GC(280) Summary Phase
[85.946s][info][gc,phases      ] GC(280) Summary Phase 0.046ms
[85.946s][info][gc,phases,start] GC(280) Adjust Roots
[85.946s][info][gc,phases      ] GC(280) Adjust Roots 0.171ms
[85.946s][info][gc,phases,start] GC(280) Compaction Phase
[86.256s][info][gc,phases      ] GC(280) Compaction Phase 309.984ms
[86.256s][info][gc,phases,start] GC(280) Post Compact
[86.265s][info][gc,phases      ] GC(280) Post Compact 8.805ms
[86.265s][info][gc,heap        ] GC(280) PSYoungGen: 61951K(159744K)->61951K(159744K) Eden: 61951K(61952K)->61951K(61952K) From: 0K(97792K)->0K(97792K)
[86.265s][info][gc,heap        ] GC(280) ParOldGen: 3959519K(3959808K)->3959519K(3959808K)
[86.265s][info][gc,metaspace   ] GC(280) Metaspace: 6298K(6464K)->6298K(6464K) NonClass: 5764K(5824K)->5764K(5824K) Class: 533K(640K)->533K(640K)
[86.265s][info][gc             ] GC(280) Pause Full (Ergonomics) 3927M->3927M(4023M) 1241.953ms
[86.265s][info][gc,cpu         ] GC(280) User=9.25s Sys=0.00s Real=1.24s
[86.265s][info][gc,start       ] GC(281) Pause Full (Ergonomics)
[86.265s][info][gc,phases,start] GC(281) Marking Phase
[87.190s][info][gc,phases      ] GC(281) Marking Phase 924.509ms
[87.190s][info][gc,phases,start] GC(281) Summary Phase
[87.190s][info][gc,phases      ] GC(281) Summary Phase 0.047ms
[87.190s][info][gc,phases,start] GC(281) Adjust Roots
[87.190s][info][gc,phases      ] GC(281) Adjust Roots 0.183ms
[87.190s][info][gc,phases,start] GC(281) Compaction Phase
[87.499s][info][gc,phases      ] GC(281) Compaction Phase 308.695ms
[87.499s][info][gc,phases,start] GC(281) Post Compact
[87.506s][info][gc,phases      ] GC(281) Post Compact 7.427ms
[87.506s][info][gc,heap        ] GC(281) PSYoungGen: 61951K(159744K)->61951K(159744K) Eden: 61951K(61952K)->61951K(61952K) From: 0K(97792K)->0K(97792K)
[87.506s][info][gc,heap        ] GC(281) ParOldGen: 3959524K(3959808K)->3959524K(3959808K)
[87.506s][info][gc,metaspace   ] GC(281) Metaspace: 6298K(6464K)->6298K(6464K) NonClass: 5764K(5824K)->5764K(5824K) Class: 533K(640K)->533K(640K)
[87.506s][info][gc             ] GC(281) Pause Full (Ergonomics) 3927M->3927M(4023M) 1241.217ms
[87.506s][info][gc,cpu         ] GC(281) User=9.22s Sys=0.00s Real=1.24s
[87.507s][info][gc,start       ] GC(282) Pause Full (Ergonomics)
[87.507s][info][gc,phases,start] GC(282) Marking Phase
[88.403s][info][gc,phases      ] GC(282) Marking Phase 896.341ms
[88.403s][info][gc,phases,start] GC(282) Summary Phase
[88.403s][info][gc,phases      ] GC(282) Summary Phase 0.046ms
[88.403s][info][gc,phases,start] GC(282) Adjust Roots
[88.403s][info][gc,phases      ] GC(282) Adjust Roots 0.175ms
[88.403s][info][gc,phases,start] GC(282) Compaction Phase
[88.694s][info][gc,phases      ] GC(282) Compaction Phase 290.312ms
[88.694s][info][gc,phases,start] GC(282) Post Compact
[88.702s][info][gc,phases      ] GC(282) Post Compact 8.056ms
[88.702s][info][gc,heap        ] GC(282) PSYoungGen: 61951K(159744K)->61951K(159744K) Eden: 61951K(61952K)->61951K(61952K) From: 0K(97792K)->0K(97792K)
[88.702s][info][gc,heap        ] GC(282) ParOldGen: 3959529K(3959808K)->3959529K(3959808K)
[88.702s][info][gc,metaspace   ] GC(282) Metaspace: 6298K(6464K)->6298K(6464K) NonClass: 5764K(5824K)->5764K(5824K) Class: 533K(640K)->533K(640K)
[88.702s][info][gc             ] GC(282) Pause Full (Ergonomics) 3927M->3927M(4023M) 1195.314ms
[88.702s][info][gc,cpu         ] GC(282) User=9.00s Sys=0.00s Real=1.20s
[88.702s][info][gc,start       ] GC(283) Pause Full (Ergonomics)
[88.702s][info][gc,phases,start] GC(283) Marking Phase
[89.605s][info][gc,phases      ] GC(283) Marking Phase 903.085ms
[89.605s][info][gc,phases,start] GC(283) Summary Phase
[89.605s][info][gc,phases      ] GC(283) Summary Phase 0.046ms
[89.605s][info][gc,phases,start] GC(283) Adjust Roots
[89.605s][info][gc,phases      ] GC(283) Adjust Roots 0.170ms
[89.605s][info][gc,phases,start] GC(283) Compaction Phase
[89.933s][info][gc,phases      ] GC(283) Compaction Phase 327.974ms
[89.934s][info][gc,phases,start] GC(283) Post Compact
[89.941s][info][gc,phases      ] GC(283) Post Compact 7.490ms
[89.941s][info][gc,heap        ] GC(283) PSYoungGen: 61951K(159744K)->61951K(159744K) Eden: 61951K(61952K)->61951K(61952K) From: 0K(97792K)->0K(97792K)
[89.941s][info][gc,heap        ] GC(283) ParOldGen: 3959534K(3959808K)->3959534K(3959808K)
[89.941s][info][gc,metaspace   ] GC(283) Metaspace: 6298K(6464K)->6298K(6464K) NonClass: 5764K(5824K)->5764K(5824K) Class: 533K(640K)->533K(640K)
[89.941s][info][gc             ] GC(283) Pause Full (Ergonomics) 3927M->3927M(4023M) 1239.094ms
[89.941s][info][gc,cpu         ] GC(283) User=8.91s Sys=0.00s Real=1.24s
[89.941s][info][gc,start       ] GC(284) Pause Full (Ergonomics)
[89.941s][info][gc,phases,start] GC(284) Marking Phase
[90.862s][info][gc,phases      ] GC(284) Marking Phase 920.908ms
[90.862s][info][gc,phases,start] GC(284) Summary Phase
[90.862s][info][gc,phases      ] GC(284) Summary Phase 0.047ms
[90.862s][info][gc,phases,start] GC(284) Adjust Roots
[90.863s][info][gc,phases      ] GC(284) Adjust Roots 0.158ms
[90.863s][info][gc,phases,start] GC(284) Compaction Phase
[91.171s][info][gc,phases      ] GC(284) Compaction Phase 307.891ms
[91.171s][info][gc,phases,start] GC(284) Post Compact
[91.178s][info][gc,phases      ] GC(284) Post Compact 7.232ms
[91.178s][info][gc,heap        ] GC(284) PSYoungGen: 61951K(159744K)->61951K(159744K) Eden: 61951K(61952K)->61951K(61952K) From: 0K(97792K)->0K(97792K)
[91.178s][info][gc,heap        ] GC(284) ParOldGen: 3959539K(3959808K)->3959539K(3959808K)
[91.178s][info][gc,metaspace   ] GC(284) Metaspace: 6298K(6464K)->6298K(6464K) NonClass: 5764K(5824K)->5764K(5824K) Class: 533K(640K)->533K(640K)
[91.178s][info][gc             ] GC(284) Pause Full (Ergonomics) 3927M->3927M(4023M) 1236.592ms
[91.178s][info][gc,cpu         ] GC(284) User=9.20s Sys=0.00s Real=1.24s
[91.178s][info][gc,start       ] GC(285) Pause Full (Ergonomics)
[91.178s][info][gc,phases,start] GC(285) Marking Phase
[92.109s][info][gc,phases      ] GC(285) Marking Phase 930.677ms
[92.109s][info][gc,phases,start] GC(285) Summary Phase
[92.109s][info][gc,phases      ] GC(285) Summary Phase 0.046ms
[92.109s][info][gc,phases,start] GC(285) Adjust Roots
[92.109s][info][gc,phases      ] GC(285) Adjust Roots 0.159ms
[92.109s][info][gc,phases,start] GC(285) Compaction Phase
[92.398s][info][gc,phases      ] GC(285) Compaction Phase 288.365ms
[92.398s][info][gc,phases,start] GC(285) Post Compact
[92.405s][info][gc,phases      ] GC(285) Post Compact 7.390ms
[92.405s][info][gc,heap        ] GC(285) PSYoungGen: 61951K(159744K)->61951K(159744K) Eden: 61951K(61952K)->61951K(61952K) From: 0K(97792K)->0K(97792K)
[92.405s][info][gc,heap        ] GC(285) ParOldGen: 3959543K(3959808K)->3959543K(3959808K)
[92.405s][info][gc,metaspace   ] GC(285) Metaspace: 6298K(6464K)->6298K(6464K) NonClass: 5764K(5824K)->5764K(5824K) Class: 533K(640K)->533K(640K)
[92.405s][info][gc             ] GC(285) Pause Full (Ergonomics) 3927M->3927M(4023M) 1226.976ms
[92.405s][info][gc,cpu         ] GC(285) User=9.14s Sys=0.00s Real=1.23s
[92.405s][info][gc,start       ] GC(286) Pause Full (Ergonomics)
[92.405s][info][gc,phases,start] GC(286) Marking Phase
[93.330s][info][gc,phases      ] GC(286) Marking Phase 924.725ms
[93.330s][info][gc,phases,start] GC(286) Summary Phase
[93.330s][info][gc,phases      ] GC(286) Summary Phase 0.046ms
[93.330s][info][gc,phases,start] GC(286) Adjust Roots
[93.330s][info][gc,phases      ] GC(286) Adjust Roots 0.162ms
[93.330s][info][gc,phases,start] GC(286) Compaction Phase
[93.612s][info][gc,phases      ] GC(286) Compaction Phase 281.922ms
[93.612s][info][gc,phases,start] GC(286) Post Compact
[93.620s][info][gc,phases      ] GC(286) Post Compact 7.474ms
[93.620s][info][gc,heap        ] GC(286) PSYoungGen: 61951K(159744K)->61951K(159744K) Eden: 61951K(61952K)->61951K(61952K) From: 0K(97792K)->0K(97792K)
[93.620s][info][gc,heap        ] GC(286) ParOldGen: 3959548K(3959808K)->3959548K(3959808K)
[93.620s][info][gc,metaspace   ] GC(286) Metaspace: 6298K(6464K)->6298K(6464K) NonClass: 5764K(5824K)->5764K(5824K) Class: 533K(640K)->533K(640K)
[93.620s][info][gc             ] GC(286) Pause Full (Ergonomics) 3927M->3927M(4023M) 1214.761ms
[93.620s][info][gc,cpu         ] GC(286) User=9.19s Sys=0.02s Real=1.21s
[93.620s][info][gc,start       ] GC(287) Pause Full (Ergonomics)
[93.620s][info][gc,phases,start] GC(287) Marking Phase
[94.543s][info][gc,phases      ] GC(287) Marking Phase 922.220ms
[94.543s][info][gc,phases,start] GC(287) Summary Phase
[94.543s][info][gc,phases      ] GC(287) Summary Phase 0.045ms
[94.543s][info][gc,phases,start] GC(287) Adjust Roots
[94.543s][info][gc,phases      ] GC(287) Adjust Roots 0.184ms
[94.543s][info][gc,phases,start] GC(287) Compaction Phase
[94.821s][info][gc,phases      ] GC(287) Compaction Phase 278.343ms
[94.821s][info][gc,phases,start] GC(287) Post Compact
[94.829s][info][gc,phases      ] GC(287) Post Compact 7.444ms
[94.829s][info][gc,heap        ] GC(287) PSYoungGen: 61951K(159744K)->61951K(159744K) Eden: 61951K(61952K)->61951K(61952K) From: 0K(97792K)->0K(97792K)
[94.829s][info][gc,heap        ] GC(287) ParOldGen: 3959553K(3959808K)->3959553K(3959808K)
[94.829s][info][gc,metaspace   ] GC(287) Metaspace: 6298K(6464K)->6298K(6464K) NonClass: 5764K(5824K)->5764K(5824K) Class: 533K(640K)->533K(640K)
[94.829s][info][gc             ] GC(287) Pause Full (Ergonomics) 3927M->3927M(4023M) 1208.588ms
[94.829s][info][gc,cpu         ] GC(287) User=9.14s Sys=0.00s Real=1.21s
[94.829s][info][gc,start       ] GC(288) Pause Full (Ergonomics)
[94.829s][info][gc,phases,start] GC(288) Marking Phase
[95.749s][info][gc,phases      ] GC(288) Marking Phase 919.374ms
[95.749s][info][gc,phases,start] GC(288) Summary Phase
[95.749s][info][gc,phases      ] GC(288) Summary Phase 0.046ms
[95.749s][info][gc,phases,start] GC(288) Adjust Roots
[95.749s][info][gc,phases      ] GC(288) Adjust Roots 0.181ms
[95.749s][info][gc,phases,start] GC(288) Compaction Phase
[96.052s][info][gc,phases      ] GC(288) Compaction Phase 303.051ms
[96.052s][info][gc,phases,start] GC(288) Post Compact
[96.059s][info][gc,phases      ] GC(288) Post Compact 7.325ms
[96.059s][info][gc,heap        ] GC(288) PSYoungGen: 61951K(159744K)->61951K(159744K) Eden: 61951K(61952K)->61951K(61952K) From: 0K(97792K)->0K(97792K)
[96.059s][info][gc,heap        ] GC(288) ParOldGen: 3959558K(3959808K)->3959558K(3959808K)
[96.059s][info][gc,metaspace   ] GC(288) Metaspace: 6298K(6464K)->6298K(6464K) NonClass: 5764K(5824K)->5764K(5824K) Class: 533K(640K)->533K(640K)
[96.059s][info][gc             ] GC(288) Pause Full (Ergonomics) 3927M->3927M(4023M) 1230.305ms
[96.059s][info][gc,cpu         ] GC(288) User=9.14s Sys=0.02s Real=1.23s
[96.060s][info][gc,start       ] GC(289) Pause Full (Ergonomics)
[96.060s][info][gc,phases,start] GC(289) Marking Phase
[96.976s][info][gc,phases      ] GC(289) Marking Phase 915.970ms
[96.976s][info][gc,phases,start] GC(289) Summary Phase
[96.976s][info][gc,phases      ] GC(289) Summary Phase 0.052ms
[96.976s][info][gc,phases,start] GC(289) Adjust Roots
[96.976s][info][gc,phases      ] GC(289) Adjust Roots 0.208ms
[96.976s][info][gc,phases,start] GC(289) Compaction Phase
[97.270s][info][gc,phases      ] GC(289) Compaction Phase 293.938ms
[97.270s][info][gc,phases,start] GC(289) Post Compact
[97.278s][info][gc,phases      ] GC(289) Post Compact 7.601ms
[97.278s][info][gc,heap        ] GC(289) PSYoungGen: 61951K(159744K)->61951K(159744K) Eden: 61951K(61952K)->61951K(61952K) From: 0K(97792K)->0K(97792K)
[97.278s][info][gc,heap        ] GC(289) ParOldGen: 3959563K(3959808K)->3959563K(3959808K)
[97.278s][info][gc,metaspace   ] GC(289) Metaspace: 6298K(6464K)->6298K(6464K) NonClass: 5764K(5824K)->5764K(5824K) Class: 533K(640K)->533K(640K)
[97.278s][info][gc             ] GC(289) Pause Full (Ergonomics) 3927M->3927M(4023M) 1218.125ms
[97.278s][info][gc,cpu         ] GC(289) User=9.12s Sys=0.00s Real=1.22s
[97.278s][info][gc,start       ] GC(290) Pause Full (Ergonomics)
[97.278s][info][gc,phases,start] GC(290) Marking Phase
[98.199s][info][gc,phases      ] GC(290) Marking Phase 920.600ms
[98.199s][info][gc,phases,start] GC(290) Summary Phase
[98.199s][info][gc,phases      ] GC(290) Summary Phase 0.046ms
[98.199s][info][gc,phases,start] GC(290) Adjust Roots
[98.199s][info][gc,phases      ] GC(290) Adjust Roots 0.157ms
[98.199s][info][gc,phases,start] GC(290) Compaction Phase
[98.501s][info][gc,phases      ] GC(290) Compaction Phase 302.096ms
[98.501s][info][gc,phases,start] GC(290) Post Compact
[98.508s][info][gc,phases      ] GC(290) Post Compact 7.197ms
[98.508s][info][gc,heap        ] GC(290) PSYoungGen: 61951K(159744K)->61951K(159744K) Eden: 61951K(61952K)->61951K(61952K) From: 0K(97792K)->0K(97792K)
[98.508s][info][gc,heap        ] GC(290) ParOldGen: 3959568K(3959808K)->3959568K(3959808K)
[98.508s][info][gc,metaspace   ] GC(290) Metaspace: 6298K(6464K)->6298K(6464K) NonClass: 5764K(5824K)->5764K(5824K) Class: 533K(640K)->533K(640K)
[98.508s][info][gc             ] GC(290) Pause Full (Ergonomics) 3927M->3927M(4023M) 1230.437ms
[98.508s][info][gc,cpu         ] GC(290) User=9.00s Sys=0.02s Real=1.23s
[98.509s][info][gc,start       ] GC(291) Pause Full (Ergonomics)
[98.509s][info][gc,phases,start] GC(291) Marking Phase
[99.412s][info][gc,phases      ] GC(291) Marking Phase 903.350ms
[99.412s][info][gc,phases,start] GC(291) Summary Phase
[99.412s][info][gc,phases      ] GC(291) Summary Phase 0.047ms
[99.412s][info][gc,phases,start] GC(291) Adjust Roots
[99.412s][info][gc,phases      ] GC(291) Adjust Roots 0.174ms
[99.412s][info][gc,phases,start] GC(291) Compaction Phase
[99.720s][info][gc,phases      ] GC(291) Compaction Phase 307.437ms
[99.720s][info][gc,phases,start] GC(291) Post Compact
[99.727s][info][gc,phases      ] GC(291) Post Compact 7.255ms
[99.727s][info][gc,heap        ] GC(291) PSYoungGen: 61951K(159744K)->61951K(159744K) Eden: 61951K(61952K)->61951K(61952K) From: 0K(97792K)->0K(97792K)
[99.727s][info][gc,heap        ] GC(291) ParOldGen: 3959572K(3959808K)->3959572K(3959808K)
[99.727s][info][gc,metaspace   ] GC(291) Metaspace: 6298K(6464K)->6298K(6464K) NonClass: 5764K(5824K)->5764K(5824K) Class: 533K(640K)->533K(640K)
[99.727s][info][gc             ] GC(291) Pause Full (Ergonomics) 3927M->3927M(4023M) 1218.626ms
[99.727s][info][gc,cpu         ] GC(291) User=9.00s Sys=0.00s Real=1.22s
[99.728s][info][gc,start       ] GC(292) Pause Full (Ergonomics)
[99.728s][info][gc,phases,start] GC(292) Marking Phase
[100.628s][info][gc,phases      ] GC(292) Marking Phase 900.679ms
[100.628s][info][gc,phases,start] GC(292) Summary Phase
[100.628s][info][gc,phases      ] GC(292) Summary Phase 0.046ms
[100.628s][info][gc,phases,start] GC(292) Adjust Roots
[100.629s][info][gc,phases      ] GC(292) Adjust Roots 0.158ms
[100.629s][info][gc,phases,start] GC(292) Compaction Phase
[100.909s][info][gc,phases      ] GC(292) Compaction Phase 280.479ms
[100.909s][info][gc,phases,start] GC(292) Post Compact
[100.917s][info][gc,phases      ] GC(292) Post Compact 7.636ms
[100.917s][info][gc,heap        ] GC(292) PSYoungGen: 61951K(159744K)->61951K(159744K) Eden: 61951K(61952K)->61951K(61952K) From: 0K(97792K)->0K(97792K)
[100.917s][info][gc,heap        ] GC(292) ParOldGen: 3959577K(3959808K)->3959577K(3959808K)
[100.917s][info][gc,metaspace   ] GC(292) Metaspace: 6298K(6464K)->6298K(6464K) NonClass: 5764K(5824K)->5764K(5824K) Class: 533K(640K)->533K(640K)
[100.917s][info][gc             ] GC(292) Pause Full (Ergonomics) 3927M->3927M(4023M) 1189.343ms
[100.917s][info][gc,cpu         ] GC(292) User=8.92s Sys=0.03s Real=1.19s
[100.917s][info][gc,start       ] GC(293) Pause Full (Ergonomics)
[100.917s][info][gc,phases,start] GC(293) Marking Phase
[101.846s][info][gc,phases      ] GC(293) Marking Phase 928.683ms
[101.846s][info][gc,phases,start] GC(293) Summary Phase
[101.846s][info][gc,phases      ] GC(293) Summary Phase 0.054ms
[101.846s][info][gc,phases,start] GC(293) Adjust Roots
[101.846s][info][gc,phases      ] GC(293) Adjust Roots 0.183ms
[101.846s][info][gc,phases,start] GC(293) Compaction Phase
[102.172s][info][gc,phases      ] GC(293) Compaction Phase 325.791ms
[102.172s][info][gc,phases,start] GC(293) Post Compact
[102.179s][info][gc,phases      ] GC(293) Post Compact 7.302ms
[102.179s][info][gc,heap        ] GC(293) PSYoungGen: 61951K(159744K)->61951K(159744K) Eden: 61951K(61952K)->61951K(61952K) From: 0K(97792K)->0K(97792K)
[102.179s][info][gc,heap        ] GC(293) ParOldGen: 3959582K(3959808K)->3959582K(3959808K)
[102.179s][info][gc,metaspace   ] GC(293) Metaspace: 6298K(6464K)->6298K(6464K) NonClass: 5764K(5824K)->5764K(5824K) Class: 533K(640K)->533K(640K)
[102.179s][info][gc             ] GC(293) Pause Full (Ergonomics) 3927M->3927M(4023M) 1262.358ms
[102.179s][info][gc,cpu         ] GC(293) User=9.19s Sys=0.02s Real=1.26s
[102.180s][info][gc,start       ] GC(294) Pause Full (Ergonomics)
[102.180s][info][gc,phases,start] GC(294) Marking Phase
[103.090s][info][gc,phases      ] GC(294) Marking Phase 910.321ms
[103.090s][info][gc,phases,start] GC(294) Summary Phase
[103.090s][info][gc,phases      ] GC(294) Summary Phase 0.046ms
[103.090s][info][gc,phases,start] GC(294) Adjust Roots
[103.090s][info][gc,phases      ] GC(294) Adjust Roots 0.162ms
[103.090s][info][gc,phases,start] GC(294) Compaction Phase
[103.417s][info][gc,phases      ] GC(294) Compaction Phase 326.624ms
[103.417s][info][gc,phases,start] GC(294) Post Compact
[103.424s][info][gc,phases      ] GC(294) Post Compact 7.368ms
[103.424s][info][gc,heap        ] GC(294) PSYoungGen: 61951K(159744K)->61951K(159744K) Eden: 61951K(61952K)->61951K(61952K) From: 0K(97792K)->0K(97792K)
[103.424s][info][gc,heap        ] GC(294) ParOldGen: 3959587K(3959808K)->3959587K(3959808K)
[103.425s][info][gc,metaspace   ] GC(294) Metaspace: 6298K(6464K)->6298K(6464K) NonClass: 5764K(5824K)->5764K(5824K) Class: 533K(640K)->533K(640K)
[103.425s][info][gc             ] GC(294) Pause Full (Ergonomics) 3927M->3927M(4023M) 1244.856ms
[103.425s][info][gc,cpu         ] GC(294) User=8.72s Sys=0.00s Real=1.24s
[103.425s][info][gc,start       ] GC(295) Pause Full (Ergonomics)
[103.425s][info][gc,phases,start] GC(295) Marking Phase
[104.337s][info][gc,phases      ] GC(295) Marking Phase 912.519ms
[104.337s][info][gc,phases,start] GC(295) Summary Phase
[104.337s][info][gc,phases      ] GC(295) Summary Phase 0.066ms
[104.337s][info][gc,phases,start] GC(295) Adjust Roots
[104.338s][info][gc,phases      ] GC(295) Adjust Roots 0.215ms
[104.338s][info][gc,phases,start] GC(295) Compaction Phase
[104.640s][info][gc,phases      ] GC(295) Compaction Phase 302.198ms
[104.640s][info][gc,phases,start] GC(295) Post Compact
[104.648s][info][gc,phases      ] GC(295) Post Compact 7.652ms
[104.648s][info][gc,heap        ] GC(295) PSYoungGen: 61951K(159744K)->61951K(159744K) Eden: 61951K(61952K)->61951K(61952K) From: 0K(97792K)->0K(97792K)
[104.648s][info][gc,heap        ] GC(295) ParOldGen: 3959592K(3959808K)->3959592K(3959808K)
[104.648s][info][gc,metaspace   ] GC(295) Metaspace: 6298K(6464K)->6298K(6464K) NonClass: 5764K(5824K)->5764K(5824K) Class: 533K(640K)->533K(640K)
[104.648s][info][gc             ] GC(295) Pause Full (Ergonomics) 3927M->3927M(4023M) 1223.014ms
[104.648s][info][gc,cpu         ] GC(295) User=9.09s Sys=0.00s Real=1.22s
[104.648s][info][gc,start       ] GC(296) Pause Full (Ergonomics)
[104.648s][info][gc,phases,start] GC(296) Marking Phase
[105.578s][info][gc,phases      ] GC(296) Marking Phase 930.411ms
[105.578s][info][gc,phases,start] GC(296) Summary Phase
[105.579s][info][gc,phases      ] GC(296) Summary Phase 0.047ms
[105.579s][info][gc,phases,start] GC(296) Adjust Roots
[105.579s][info][gc,phases      ] GC(296) Adjust Roots 0.163ms
[105.579s][info][gc,phases,start] GC(296) Compaction Phase
[105.870s][info][gc,phases      ] GC(296) Compaction Phase 291.307ms
[105.870s][info][gc,phases,start] GC(296) Post Compact
[105.878s][info][gc,phases      ] GC(296) Post Compact 7.437ms
[105.878s][info][gc,heap        ] GC(296) PSYoungGen: 61951K(159744K)->61951K(159744K) Eden: 61951K(61952K)->61951K(61952K) From: 0K(97792K)->0K(97792K)
[105.878s][info][gc,heap        ] GC(296) ParOldGen: 3959597K(3959808K)->3959597K(3959808K)
[105.878s][info][gc,metaspace   ] GC(296) Metaspace: 6298K(6464K)->6298K(6464K) NonClass: 5764K(5824K)->5764K(5824K) Class: 533K(640K)->533K(640K)
[105.878s][info][gc             ] GC(296) Pause Full (Ergonomics) 3927M->3927M(4023M) 1229.728ms
[105.878s][info][gc,cpu         ] GC(296) User=9.20s Sys=0.00s Real=1.23s
[105.878s][info][gc,start       ] GC(297) Pause Full (Ergonomics)
[105.878s][info][gc,phases,start] GC(297) Marking Phase
[106.792s][info][gc,phases      ] GC(297) Marking Phase 913.989ms
[106.792s][info][gc,phases,start] GC(297) Summary Phase
[106.792s][info][gc,phases      ] GC(297) Summary Phase 0.045ms
[106.792s][info][gc,phases,start] GC(297) Adjust Roots
[106.792s][info][gc,phases      ] GC(297) Adjust Roots 0.183ms
[106.792s][info][gc,phases,start] GC(297) Compaction Phase
[107.076s][info][gc,phases      ] GC(297) Compaction Phase 283.389ms
[107.076s][info][gc,phases,start] GC(297) Post Compact
[107.083s][info][gc,phases      ] GC(297) Post Compact 7.368ms
[107.083s][info][gc,heap        ] GC(297) PSYoungGen: 61951K(159744K)->61951K(159744K) Eden: 61951K(61952K)->61951K(61952K) From: 0K(97792K)->0K(97792K)
[107.083s][info][gc,heap        ] GC(297) ParOldGen: 3959601K(3959808K)->3959601K(3959808K)
[107.083s][info][gc,metaspace   ] GC(297) Metaspace: 6298K(6464K)->6298K(6464K) NonClass: 5764K(5824K)->5764K(5824K) Class: 533K(640K)->533K(640K)
[107.083s][info][gc             ] GC(297) Pause Full (Ergonomics) 3927M->3927M(4023M) 1205.316ms
[107.083s][info][gc,cpu         ] GC(297) User=9.06s Sys=0.00s Real=1.21s
[107.083s][info][gc,start       ] GC(298) Pause Full (Ergonomics)
[107.083s][info][gc,phases,start] GC(298) Marking Phase
[107.991s][info][gc,phases      ] GC(298) Marking Phase 907.478ms
[107.991s][info][gc,phases,start] GC(298) Summary Phase
[107.991s][info][gc,phases      ] GC(298) Summary Phase 0.058ms
[107.991s][info][gc,phases,start] GC(298) Adjust Roots
[107.991s][info][gc,phases      ] GC(298) Adjust Roots 0.200ms
[107.991s][info][gc,phases,start] GC(298) Compaction Phase
[108.289s][info][gc,phases      ] GC(298) Compaction Phase 297.515ms
[108.289s][info][gc,phases,start] GC(298) Post Compact
[108.297s][info][gc,phases      ] GC(298) Post Compact 7.890ms
[108.297s][info][gc,heap        ] GC(298) PSYoungGen: 61951K(159744K)->61951K(159744K) Eden: 61951K(61952K)->61951K(61952K) From: 0K(97792K)->0K(97792K)
[108.297s][info][gc,heap        ] GC(298) ParOldGen: 3959606K(3959808K)->3959606K(3959808K)
[108.297s][info][gc,metaspace   ] GC(298) Metaspace: 6298K(6464K)->6298K(6464K) NonClass: 5764K(5824K)->5764K(5824K) Class: 533K(640K)->533K(640K)
[108.297s][info][gc             ] GC(298) Pause Full (Ergonomics) 3927M->3927M(4023M) 1213.555ms
[108.297s][info][gc,cpu         ] GC(298) User=9.17s Sys=0.00s Real=1.21s
[108.297s][info][gc,start       ] GC(299) Pause Full (Ergonomics)
[108.297s][info][gc,phases,start] GC(299) Marking Phase
[109.228s][info][gc,phases      ] GC(299) Marking Phase 931.179ms
[109.228s][info][gc,phases,start] GC(299) Summary Phase
[109.229s][info][gc,phases      ] GC(299) Summary Phase 0.046ms
[109.229s][info][gc,phases,start] GC(299) Adjust Roots
[109.229s][info][gc,phases      ] GC(299) Adjust Roots 0.159ms
[109.229s][info][gc,phases,start] GC(299) Compaction Phase
[109.532s][info][gc,phases      ] GC(299) Compaction Phase 303.026ms
[109.532s][info][gc,phases,start] GC(299) Post Compact
[109.539s][info][gc,phases      ] GC(299) Post Compact 7.510ms
[109.539s][info][gc,heap        ] GC(299) PSYoungGen: 61951K(159744K)->61951K(159744K) Eden: 61951K(61952K)->61951K(61952K) From: 0K(97792K)->0K(97792K)
[109.539s][info][gc,heap        ] GC(299) ParOldGen: 3959611K(3959808K)->3959611K(3959808K)
[109.539s][info][gc,metaspace   ] GC(299) Metaspace: 6298K(6464K)->6298K(6464K) NonClass: 5764K(5824K)->5764K(5824K) Class: 533K(640K)->533K(640K)
[109.539s][info][gc             ] GC(299) Pause Full (Ergonomics) 3927M->3927M(4023M) 1242.271ms
[109.540s][info][gc,cpu         ] GC(299) User=9.28s Sys=0.00s Real=1.24s
[109.540s][info][gc,start       ] GC(300) Pause Full (Ergonomics)
[109.540s][info][gc,phases,start] GC(300) Marking Phase
[110.448s][info][gc,phases      ] GC(300) Marking Phase 908.244ms
[110.448s][info][gc,phases,start] GC(300) Summary Phase
[110.448s][info][gc,phases      ] GC(300) Summary Phase 0.046ms
[110.448s][info][gc,phases,start] GC(300) Adjust Roots
[110.448s][info][gc,phases      ] GC(300) Adjust Roots 0.159ms
[110.448s][info][gc,phases,start] GC(300) Compaction Phase
[110.722s][info][gc,phases      ] GC(300) Compaction Phase 273.847ms
[110.722s][info][gc,phases,start] GC(300) Post Compact
[110.730s][info][gc,phases      ] GC(300) Post Compact 7.765ms
[110.730s][info][gc,heap        ] GC(300) PSYoungGen: 61951K(159744K)->61951K(159744K) Eden: 61951K(61952K)->61951K(61952K) From: 0K(97792K)->0K(97792K)
[110.730s][info][gc,heap        ] GC(300) ParOldGen: 3959616K(3959808K)->3959616K(3959808K)
[110.730s][info][gc,metaspace   ] GC(300) Metaspace: 6298K(6464K)->6298K(6464K) NonClass: 5764K(5824K)->5764K(5824K) Class: 533K(640K)->533K(640K)
[110.730s][info][gc             ] GC(300) Pause Full (Ergonomics) 3927M->3927M(4023M) 1190.406ms
[110.730s][info][gc,cpu         ] GC(300) User=8.94s Sys=0.00s Real=1.19s
[110.730s][info][gc,start       ] GC(301) Pause Full (Ergonomics)
[110.730s][info][gc,phases,start] GC(301) Marking Phase
[111.647s][info][gc,phases      ] GC(301) Marking Phase 916.106ms
[111.647s][info][gc,phases,start] GC(301) Summary Phase
[111.647s][info][gc,phases      ] GC(301) Summary Phase 0.046ms
[111.647s][info][gc,phases,start] GC(301) Adjust Roots
[111.647s][info][gc,phases      ] GC(301) Adjust Roots 0.161ms
[111.647s][info][gc,phases,start] GC(301) Compaction Phase
[111.953s][info][gc,phases      ] GC(301) Compaction Phase 305.740ms
[111.953s][info][gc,phases,start] GC(301) Post Compact
[111.960s][info][gc,phases      ] GC(301) Post Compact 7.190ms
[111.960s][info][gc,heap        ] GC(301) PSYoungGen: 61951K(159744K)->61951K(159744K) Eden: 61951K(61952K)->61951K(61952K) From: 0K(97792K)->0K(97792K)
[111.960s][info][gc,heap        ] GC(301) ParOldGen: 3959621K(3959808K)->3959621K(3959808K)
[111.960s][info][gc,metaspace   ] GC(301) Metaspace: 6298K(6464K)->6298K(6464K) NonClass: 5764K(5824K)->5764K(5824K) Class: 533K(640K)->533K(640K)
[111.960s][info][gc             ] GC(301) Pause Full (Ergonomics) 3927M->3927M(4023M) 1229.596ms
[111.960s][info][gc,cpu         ] GC(301) User=9.16s Sys=0.00s Real=1.23s
[111.960s][info][gc,start       ] GC(302) Pause Full (Ergonomics)
[111.960s][info][gc,phases,start] GC(302) Marking Phase
[112.892s][info][gc,phases      ] GC(302) Marking Phase 931.596ms
[112.892s][info][gc,phases,start] GC(302) Summary Phase
[112.892s][info][gc,phases      ] GC(302) Summary Phase 0.049ms
[112.892s][info][gc,phases,start] GC(302) Adjust Roots
[112.892s][info][gc,phases      ] GC(302) Adjust Roots 0.172ms
[112.892s][info][gc,phases,start] GC(302) Compaction Phase
[113.184s][info][gc,phases      ] GC(302) Compaction Phase 291.610ms
[113.184s][info][gc,phases,start] GC(302) Post Compact
[113.192s][info][gc,phases      ] GC(302) Post Compact 7.785ms
[113.192s][info][gc,heap        ] GC(302) PSYoungGen: 61951K(159744K)->61951K(159744K) Eden: 61951K(61952K)->61951K(61952K) From: 0K(97792K)->0K(97792K)
[113.192s][info][gc,heap        ] GC(302) ParOldGen: 3959626K(3959808K)->3959626K(3959808K)
[113.192s][info][gc,metaspace   ] GC(302) Metaspace: 6298K(6464K)->6298K(6464K) NonClass: 5764K(5824K)->5764K(5824K) Class: 533K(640K)->533K(640K)
[113.192s][info][gc             ] GC(302) Pause Full (Ergonomics) 3927M->3927M(4023M) 1231.567ms
[113.192s][info][gc,cpu         ] GC(302) User=9.44s Sys=0.00s Real=1.23s
[113.192s][info][gc,start       ] GC(303) Pause Full (Ergonomics)
[113.192s][info][gc,phases,start] GC(303) Marking Phase
[114.105s][info][gc,phases      ] GC(303) Marking Phase 912.709ms
[114.105s][info][gc,phases,start] GC(303) Summary Phase
[114.105s][info][gc,phases      ] GC(303) Summary Phase 0.046ms
[114.105s][info][gc,phases,start] GC(303) Adjust Roots
[114.105s][info][gc,phases      ] GC(303) Adjust Roots 0.221ms
[114.105s][info][gc,phases,start] GC(303) Compaction Phase
[114.398s][info][gc,phases      ] GC(303) Compaction Phase 292.650ms
[114.398s][info][gc,phases,start] GC(303) Post Compact
[114.405s][info][gc,phases      ] GC(303) Post Compact 7.205ms
[114.405s][info][gc,heap        ] GC(303) PSYoungGen: 61951K(159744K)->61951K(159744K) Eden: 61951K(61952K)->61951K(61952K) From: 0K(97792K)->0K(97792K)
[114.405s][info][gc,heap        ] GC(303) ParOldGen: 3959630K(3959808K)->3959630K(3959808K)
[114.405s][info][gc,metaspace   ] GC(303) Metaspace: 6298K(6464K)->6298K(6464K) NonClass: 5764K(5824K)->5764K(5824K) Class: 533K(640K)->533K(640K)
[114.405s][info][gc             ] GC(303) Pause Full (Ergonomics) 3927M->3927M(4023M) 1213.192ms
[114.405s][info][gc,cpu         ] GC(303) User=9.02s Sys=0.03s Real=1.21s
[114.405s][info][gc,start       ] GC(304) Pause Full (Ergonomics)
[114.405s][info][gc,phases,start] GC(304) Marking Phase
[115.324s][info][gc,phases      ] GC(304) Marking Phase 918.146ms
[115.324s][info][gc,phases,start] GC(304) Summary Phase
[115.324s][info][gc,phases      ] GC(304) Summary Phase 0.048ms
[115.324s][info][gc,phases,start] GC(304) Adjust Roots
[115.324s][info][gc,phases      ] GC(304) Adjust Roots 0.168ms
[115.324s][info][gc,phases,start] GC(304) Compaction Phase
[115.620s][info][gc,phases      ] GC(304) Compaction Phase 296.333ms
[115.620s][info][gc,phases,start] GC(304) Post Compact
[115.627s][info][gc,phases      ] GC(304) Post Compact 7.149ms
[115.627s][info][gc,heap        ] GC(304) PSYoungGen: 61951K(159744K)->61951K(159744K) Eden: 61951K(61952K)->61951K(61952K) From: 0K(97792K)->0K(97792K)
[115.628s][info][gc,heap        ] GC(304) ParOldGen: 3959635K(3959808K)->3959635K(3959808K)
[115.628s][info][gc,metaspace   ] GC(304) Metaspace: 6298K(6464K)->6298K(6464K) NonClass: 5764K(5824K)->5764K(5824K) Class: 533K(640K)->533K(640K)
[115.628s][info][gc             ] GC(304) Pause Full (Ergonomics) 3927M->3927M(4023M) 1222.174ms
[115.628s][info][gc,cpu         ] GC(304) User=9.06s Sys=0.00s Real=1.22s
[115.628s][info][gc,start       ] GC(305) Pause Full (Ergonomics)
[115.628s][info][gc,phases,start] GC(305) Marking Phase
[116.546s][info][gc,phases      ] GC(305) Marking Phase 917.926ms
[116.546s][info][gc,phases,start] GC(305) Summary Phase
[116.546s][info][gc,phases      ] GC(305) Summary Phase 0.045ms
[116.546s][info][gc,phases,start] GC(305) Adjust Roots
[116.546s][info][gc,phases      ] GC(305) Adjust Roots 0.159ms
[116.546s][info][gc,phases,start] GC(305) Compaction Phase
[116.848s][info][gc,phases      ] GC(305) Compaction Phase 301.728ms
[116.848s][info][gc,phases,start] GC(305) Post Compact
[116.855s][info][gc,phases      ] GC(305) Post Compact 7.270ms
[116.855s][info][gc,heap        ] GC(305) PSYoungGen: 61951K(159744K)->61951K(159744K) Eden: 61951K(61952K)->61951K(61952K) From: 0K(97792K)->0K(97792K)
[116.855s][info][gc,heap        ] GC(305) ParOldGen: 3959640K(3959808K)->3959640K(3959808K)
[116.855s][info][gc,metaspace   ] GC(305) Metaspace: 6298K(6464K)->6298K(6464K) NonClass: 5764K(5824K)->5764K(5824K) Class: 533K(640K)->533K(640K)
[116.855s][info][gc             ] GC(305) Pause Full (Ergonomics) 3927M->3927M(4023M) 1227.496ms
[116.855s][info][gc,cpu         ] GC(305) User=9.23s Sys=0.00s Real=1.23s
[116.855s][info][gc,start       ] GC(306) Pause Full (Ergonomics)
[116.856s][info][gc,phases,start] GC(306) Marking Phase
[117.757s][info][gc,phases      ] GC(306) Marking Phase 901.666ms
[117.757s][info][gc,phases,start] GC(306) Summary Phase
[117.757s][info][gc,phases      ] GC(306) Summary Phase 0.046ms
[117.757s][info][gc,phases,start] GC(306) Adjust Roots
[117.758s][info][gc,phases      ] GC(306) Adjust Roots 0.284ms
[117.758s][info][gc,phases,start] GC(306) Compaction Phase
[118.048s][info][gc,phases      ] GC(306) Compaction Phase 290.689ms
[118.048s][info][gc,phases,start] GC(306) Post Compact
[118.056s][info][gc,phases      ] GC(306) Post Compact 7.865ms
[118.056s][info][gc,heap        ] GC(306) PSYoungGen: 61951K(159744K)->61951K(159744K) Eden: 61951K(61952K)->61951K(61952K) From: 0K(97792K)->0K(97792K)
[118.056s][info][gc,heap        ] GC(306) ParOldGen: 3959645K(3959808K)->3959645K(3959808K)
[118.056s][info][gc,metaspace   ] GC(306) Metaspace: 6298K(6464K)->6298K(6464K) NonClass: 5764K(5824K)->5764K(5824K) Class: 533K(640K)->533K(640K)
[118.056s][info][gc             ] GC(306) Pause Full (Ergonomics) 3927M->3927M(4023M) 1200.909ms
[118.056s][info][gc,cpu         ] GC(306) User=8.88s Sys=0.02s Real=1.20s
[118.057s][info][gc,start       ] GC(307) Pause Full (Ergonomics)
[118.057s][info][gc,phases,start] GC(307) Marking Phase
[118.974s][info][gc,phases      ] GC(307) Marking Phase 917.190ms
[118.974s][info][gc,phases,start] GC(307) Summary Phase
[118.974s][info][gc,phases      ] GC(307) Summary Phase 0.045ms
[118.974s][info][gc,phases,start] GC(307) Adjust Roots
[118.974s][info][gc,phases      ] GC(307) Adjust Roots 0.163ms
[118.974s][info][gc,phases,start] GC(307) Compaction Phase
[119.278s][info][gc,phases      ] GC(307) Compaction Phase 303.716ms
[119.278s][info][gc,phases,start] GC(307) Post Compact
[119.285s][info][gc,phases      ] GC(307) Post Compact 7.420ms
[119.285s][info][gc,heap        ] GC(307) PSYoungGen: 61951K(159744K)->61951K(159744K) Eden: 61951K(61952K)->61951K(61952K) From: 0K(97792K)->0K(97792K)
[119.285s][info][gc,heap        ] GC(307) ParOldGen: 3959650K(3959808K)->3959650K(3959808K)
[119.285s][info][gc,metaspace   ] GC(307) Metaspace: 6298K(6464K)->6298K(6464K) NonClass: 5764K(5824K)->5764K(5824K) Class: 533K(640K)->533K(640K)
[119.285s][info][gc             ] GC(307) Pause Full (Ergonomics) 3927M->3927M(4023M) 1228.888ms
[119.286s][info][gc,cpu         ] GC(307) User=9.17s Sys=0.00s Real=1.23s
[119.286s][info][gc,start       ] GC(308) Pause Full (Ergonomics)
[119.286s][info][gc,phases,start] GC(308) Marking Phase
[120.165s][info][gc,phases      ] GC(308) Marking Phase 879.528ms
[120.165s][info][gc,phases,start] GC(308) Summary Phase
[120.165s][info][gc,phases      ] GC(308) Summary Phase 0.054ms
[120.165s][info][gc,phases,start] GC(308) Adjust Roots
[120.166s][info][gc,phases      ] GC(308) Adjust Roots 0.171ms
[120.166s][info][gc,phases,start] GC(308) Compaction Phase
[120.453s][info][gc,phases      ] GC(308) Compaction Phase 287.389ms
[120.453s][info][gc,phases,start] GC(308) Post Compact
[120.460s][info][gc,phases      ] GC(308) Post Compact 7.411ms
[120.461s][info][gc,heap        ] GC(308) PSYoungGen: 61951K(159744K)->61951K(159744K) Eden: 61951K(61952K)->61951K(61952K) From: 0K(97792K)->0K(97792K)
[120.461s][info][gc,heap        ] GC(308) ParOldGen: 3959655K(3959808K)->3959655K(3959808K)
[120.461s][info][gc,metaspace   ] GC(308) Metaspace: 6298K(6464K)->6298K(6464K) NonClass: 5764K(5824K)->5764K(5824K) Class: 533K(640K)->533K(640K)
[120.461s][info][gc             ] GC(308) Pause Full (Ergonomics) 3927M->3927M(4023M) 1174.921ms
[120.461s][info][gc,cpu         ] GC(308) User=8.81s Sys=0.00s Real=1.17s
[120.461s][info][gc,start       ] GC(309) Pause Full (Ergonomics)
[120.461s][info][gc,phases,start] GC(309) Marking Phase
[121.377s][info][gc,phases      ] GC(309) Marking Phase 916.120ms
[121.377s][info][gc,phases,start] GC(309) Summary Phase
[121.377s][info][gc,phases      ] GC(309) Summary Phase 0.051ms
[121.377s][info][gc,phases,start] GC(309) Adjust Roots
[121.377s][info][gc,phases      ] GC(309) Adjust Roots 0.179ms
[121.377s][info][gc,phases,start] GC(309) Compaction Phase
[121.690s][info][gc,phases      ] GC(309) Compaction Phase 312.223ms
[121.690s][info][gc,phases,start] GC(309) Post Compact
[121.697s][info][gc,phases      ] GC(309) Post Compact 7.241ms
[121.697s][info][gc,heap        ] GC(309) PSYoungGen: 61951K(159744K)->61951K(159744K) Eden: 61951K(61952K)->61951K(61952K) From: 0K(97792K)->0K(97792K)
[121.697s][info][gc,heap        ] GC(309) ParOldGen: 3959659K(3959808K)->3959659K(3959808K)
[121.697s][info][gc,metaspace   ] GC(309) Metaspace: 6298K(6464K)->6298K(6464K) NonClass: 5764K(5824K)->5764K(5824K) Class: 533K(640K)->533K(640K)
[121.697s][info][gc             ] GC(309) Pause Full (Ergonomics) 3927M->3927M(4023M) 1236.277ms
[121.697s][info][gc,cpu         ] GC(309) User=9.09s Sys=0.00s Real=1.24s
[121.697s][info][gc,start       ] GC(310) Pause Full (Ergonomics)
[121.697s][info][gc,phases,start] GC(310) Marking Phase
[122.615s][info][gc,phases      ] GC(310) Marking Phase 917.236ms
[122.615s][info][gc,phases,start] GC(310) Summary Phase
[122.615s][info][gc,phases      ] GC(310) Summary Phase 0.046ms
[122.615s][info][gc,phases,start] GC(310) Adjust Roots
[122.615s][info][gc,phases      ] GC(310) Adjust Roots 0.190ms
[122.615s][info][gc,phases,start] GC(310) Compaction Phase
[122.941s][info][gc,phases      ] GC(310) Compaction Phase 325.823ms
[122.941s][info][gc,phases,start] GC(310) Post Compact
[122.948s][info][gc,phases      ] GC(310) Post Compact 7.317ms
[122.948s][info][gc,heap        ] GC(310) PSYoungGen: 61951K(159744K)->61951K(159744K) Eden: 61951K(61952K)->61951K(61952K) From: 0K(97792K)->0K(97792K)
[122.948s][info][gc,heap        ] GC(310) ParOldGen: 3959664K(3959808K)->3959664K(3959808K)
[122.948s][info][gc,metaspace   ] GC(310) Metaspace: 6298K(6464K)->6298K(6464K) NonClass: 5764K(5824K)->5764K(5824K) Class: 533K(640K)->533K(640K)
[122.948s][info][gc             ] GC(310) Pause Full (Ergonomics) 3927M->3927M(4023M) 1250.961ms
[122.948s][info][gc,cpu         ] GC(310) User=9.17s Sys=0.00s Real=1.25s
[122.949s][info][gc,start       ] GC(311) Pause Full (Ergonomics)
[122.949s][info][gc,phases,start] GC(311) Marking Phase
[123.861s][info][gc,phases      ] GC(311) Marking Phase 912.500ms
[123.861s][info][gc,phases,start] GC(311) Summary Phase
[123.861s][info][gc,phases      ] GC(311) Summary Phase 0.046ms
[123.861s][info][gc,phases,start] GC(311) Adjust Roots
[123.861s][info][gc,phases      ] GC(311) Adjust Roots 0.162ms
[123.861s][info][gc,phases,start] GC(311) Compaction Phase
[124.163s][info][gc,phases      ] GC(311) Compaction Phase 301.904ms
[124.163s][info][gc,phases,start] GC(311) Post Compact
[124.171s][info][gc,phases      ] GC(311) Post Compact 7.598ms
[124.171s][info][gc,heap        ] GC(311) PSYoungGen: 61951K(159744K)->61951K(159744K) Eden: 61951K(61952K)->61951K(61952K) From: 0K(97792K)->0K(97792K)
[124.171s][info][gc,heap        ] GC(311) ParOldGen: 3959669K(3959808K)->3959669K(3959808K)
[124.171s][info][gc,metaspace   ] GC(311) Metaspace: 6298K(6464K)->6298K(6464K) NonClass: 5764K(5824K)->5764K(5824K) Class: 533K(640K)->533K(640K)
[124.171s][info][gc             ] GC(311) Pause Full (Ergonomics) 3927M->3927M(4023M) 1222.560ms
[124.171s][info][gc,cpu         ] GC(311) User=9.05s Sys=0.00s Real=1.22s
[124.171s][info][gc,start       ] GC(312) Pause Full (Ergonomics)
[124.171s][info][gc,phases,start] GC(312) Marking Phase
[125.075s][info][gc,phases      ] GC(312) Marking Phase 903.419ms
[125.075s][info][gc,phases,start] GC(312) Summary Phase
[125.075s][info][gc,phases      ] GC(312) Summary Phase 0.046ms
[125.075s][info][gc,phases,start] GC(312) Adjust Roots
[125.075s][info][gc,phases      ] GC(312) Adjust Roots 0.163ms
[125.075s][info][gc,phases,start] GC(312) Compaction Phase
[125.351s][info][gc,phases      ] GC(312) Compaction Phase 275.661ms
[125.351s][info][gc,phases,start] GC(312) Post Compact
[125.358s][info][gc,phases      ] GC(312) Post Compact 7.510ms
[125.358s][info][gc,heap        ] GC(312) PSYoungGen: 61951K(159744K)->61951K(159744K) Eden: 61951K(61952K)->61951K(61952K) From: 0K(97792K)->0K(97792K)
[125.358s][info][gc,heap        ] GC(312) ParOldGen: 3959674K(3959808K)->3959674K(3959808K)
[125.358s][info][gc,metaspace   ] GC(312) Metaspace: 6298K(6464K)->6298K(6464K) NonClass: 5764K(5824K)->5764K(5824K) Class: 533K(640K)->533K(640K)
[125.359s][info][gc             ] GC(312) Pause Full (Ergonomics) 3927M->3927M(4023M) 1187.269ms
[125.359s][info][gc,cpu         ] GC(312) User=8.97s Sys=0.00s Real=1.19s
[125.359s][info][gc,start       ] GC(313) Pause Full (Ergonomics)
[125.359s][info][gc,phases,start] GC(313) Marking Phase
[126.264s][info][gc,phases      ] GC(313) Marking Phase 904.689ms
[126.264s][info][gc,phases,start] GC(313) Summary Phase
[126.264s][info][gc,phases      ] GC(313) Summary Phase 0.052ms
[126.264s][info][gc,phases,start] GC(313) Adjust Roots
[126.264s][info][gc,phases      ] GC(313) Adjust Roots 0.191ms
[126.264s][info][gc,phases,start] GC(313) Compaction Phase
[126.563s][info][gc,phases      ] GC(313) Compaction Phase 298.651ms
[126.563s][info][gc,phases,start] GC(313) Post Compact
[126.570s][info][gc,phases      ] GC(313) Post Compact 7.434ms
[126.570s][info][gc,heap        ] GC(313) PSYoungGen: 61951K(159744K)->61951K(159744K) Eden: 61951K(61952K)->61951K(61952K) From: 0K(97792K)->0K(97792K)
[126.570s][info][gc,heap        ] GC(313) ParOldGen: 3959679K(3959808K)->3959679K(3959808K)
[126.570s][info][gc,metaspace   ] GC(313) Metaspace: 6298K(6464K)->6298K(6464K) NonClass: 5764K(5824K)->5764K(5824K) Class: 533K(640K)->533K(640K)
[126.570s][info][gc             ] GC(313) Pause Full (Ergonomics) 3927M->3927M(4023M) 1211.375ms
[126.570s][info][gc,cpu         ] GC(313) User=9.03s Sys=0.00s Real=1.21s
[126.570s][info][gc,start       ] GC(314) Pause Full (Ergonomics)
[126.570s][info][gc,phases,start] GC(314) Marking Phase
[127.480s][info][gc,phases      ] GC(314) Marking Phase 909.606ms
[127.480s][info][gc,phases,start] GC(314) Summary Phase
[127.480s][info][gc,phases      ] GC(314) Summary Phase 0.054ms
[127.480s][info][gc,phases,start] GC(314) Adjust Roots
[127.480s][info][gc,phases      ] GC(314) Adjust Roots 0.194ms
[127.480s][info][gc,phases,start] GC(314) Compaction Phase
[127.808s][info][gc,phases      ] GC(314) Compaction Phase 327.763ms
[127.808s][info][gc,phases,start] GC(314) Post Compact
[127.815s][info][gc,phases      ] GC(314) Post Compact 7.151ms
[127.815s][info][gc,heap        ] GC(314) PSYoungGen: 61951K(159744K)->61951K(159744K) Eden: 61951K(61952K)->61951K(61952K) From: 0K(97792K)->0K(97792K)
[127.815s][info][gc,heap        ] GC(314) ParOldGen: 3959684K(3959808K)->3959684K(3959808K)
[127.816s][info][gc,metaspace   ] GC(314) Metaspace: 6298K(6464K)->6298K(6464K) NonClass: 5764K(5824K)->5764K(5824K) Class: 533K(640K)->533K(640K)
[127.816s][info][gc             ] GC(314) Pause Full (Ergonomics) 3927M->3927M(4023M) 1245.127ms
[127.816s][info][gc,cpu         ] GC(314) User=8.84s Sys=0.02s Real=1.24s
[127.816s][info][gc,start       ] GC(315) Pause Full (Ergonomics)
[127.816s][info][gc,phases,start] GC(315) Marking Phase
[128.745s][info][gc,phases      ] GC(315) Marking Phase 928.773ms
[128.745s][info][gc,phases,start] GC(315) Summary Phase
[128.745s][info][gc,phases      ] GC(315) Summary Phase 0.054ms
[128.745s][info][gc,phases,start] GC(315) Adjust Roots
[128.745s][info][gc,phases      ] GC(315) Adjust Roots 0.194ms
[128.745s][info][gc,phases,start] GC(315) Compaction Phase
[129.036s][info][gc,phases      ] GC(315) Compaction Phase 290.904ms
[129.036s][info][gc,phases,start] GC(315) Post Compact
[129.043s][info][gc,phases      ] GC(315) Post Compact 7.554ms
[129.044s][info][gc,heap        ] GC(315) PSYoungGen: 61951K(159744K)->61951K(159744K) Eden: 61951K(61952K)->61951K(61952K) From: 0K(97792K)->0K(97792K)
[129.044s][info][gc,heap        ] GC(315) ParOldGen: 3959688K(3959808K)->3959688K(3959808K)
[129.044s][info][gc,metaspace   ] GC(315) Metaspace: 6298K(6464K)->6298K(6464K) NonClass: 5764K(5824K)->5764K(5824K) Class: 533K(640K)->533K(640K)
[129.044s][info][gc             ] GC(315) Pause Full (Ergonomics) 3927M->3927M(4023M) 1227.837ms
[129.044s][info][gc,cpu         ] GC(315) User=9.19s Sys=0.00s Real=1.23s
[129.044s][info][gc,start       ] GC(316) Pause Full (Ergonomics)
[129.044s][info][gc,phases,start] GC(316) Marking Phase
[129.948s][info][gc,phases      ] GC(316) Marking Phase 904.424ms
[129.948s][info][gc,phases,start] GC(316) Summary Phase
[129.948s][info][gc,phases      ] GC(316) Summary Phase 0.051ms
[129.948s][info][gc,phases,start] GC(316) Adjust Roots
[129.949s][info][gc,phases      ] GC(316) Adjust Roots 0.198ms
[129.949s][info][gc,phases,start] GC(316) Compaction Phase
[130.265s][info][gc,phases      ] GC(316) Compaction Phase 316.728ms
[130.266s][info][gc,phases,start] GC(316) Post Compact
[130.273s][info][gc,phases      ] GC(316) Post Compact 7.275ms
[130.273s][info][gc,heap        ] GC(316) PSYoungGen: 61951K(159744K)->61951K(159744K) Eden: 61951K(61952K)->61951K(61952K) From: 0K(97792K)->0K(97792K)
[130.273s][info][gc,heap        ] GC(316) ParOldGen: 3959693K(3959808K)->3959693K(3959808K)
[130.273s][info][gc,metaspace   ] GC(316) Metaspace: 6298K(6464K)->6298K(6464K) NonClass: 5764K(5824K)->5764K(5824K) Class: 533K(640K)->533K(640K)
[130.273s][info][gc             ] GC(316) Pause Full (Ergonomics) 3927M->3927M(4023M) 1229.126ms
[130.273s][info][gc,cpu         ] GC(316) User=9.00s Sys=0.02s Real=1.23s
[130.273s][info][gc,start       ] GC(317) Pause Full (Ergonomics)
[130.273s][info][gc,phases,start] GC(317) Marking Phase
[131.187s][info][gc,phases      ] GC(317) Marking Phase 913.866ms
[131.187s][info][gc,phases,start] GC(317) Summary Phase
[131.187s][info][gc,phases      ] GC(317) Summary Phase 0.046ms
[131.187s][info][gc,phases,start] GC(317) Adjust Roots
[131.187s][info][gc,phases      ] GC(317) Adjust Roots 0.162ms
[131.187s][info][gc,phases,start] GC(317) Compaction Phase
[131.487s][info][gc,phases      ] GC(317) Compaction Phase 299.986ms
[131.487s][info][gc,phases,start] GC(317) Post Compact
[131.495s][info][gc,phases      ] GC(317) Post Compact 7.260ms
[131.495s][info][gc,heap        ] GC(317) PSYoungGen: 61951K(159744K)->61951K(159744K) Eden: 61951K(61952K)->61951K(61952K) From: 0K(97792K)->0K(97792K)
[131.495s][info][gc,heap        ] GC(317) ParOldGen: 3959698K(3959808K)->3959698K(3959808K)
[131.495s][info][gc,metaspace   ] GC(317) Metaspace: 6298K(6464K)->6298K(6464K) NonClass: 5764K(5824K)->5764K(5824K) Class: 533K(640K)->533K(640K)
[131.495s][info][gc             ] GC(317) Pause Full (Ergonomics) 3927M->3927M(4023M) 1221.638ms
[131.495s][info][gc,cpu         ] GC(317) User=8.95s Sys=0.00s Real=1.22s
[131.495s][info][gc,start       ] GC(318) Pause Full (Ergonomics)
[131.495s][info][gc,phases,start] GC(318) Marking Phase
[132.411s][info][gc,phases      ] GC(318) Marking Phase 915.914ms
[132.411s][info][gc,phases,start] GC(318) Summary Phase
[132.411s][info][gc,phases      ] GC(318) Summary Phase 0.048ms
[132.411s][info][gc,phases,start] GC(318) Adjust Roots
[132.411s][info][gc,phases      ] GC(318) Adjust Roots 0.205ms
[132.411s][info][gc,phases,start] GC(318) Compaction Phase
[132.696s][info][gc,phases      ] GC(318) Compaction Phase 284.376ms
[132.696s][info][gc,phases,start] GC(318) Post Compact
[132.702s][info][gc,phases      ] GC(318) Post Compact 6.685ms
[132.703s][info][gc,heap        ] GC(318) PSYoungGen: 61951K(159744K)->61951K(159744K) Eden: 61951K(61952K)->61951K(61952K) From: 0K(97792K)->0K(97792K)
[132.703s][info][gc,heap        ] GC(318) ParOldGen: 3959703K(3959808K)->3959703K(3959808K)
[132.703s][info][gc,metaspace   ] GC(318) Metaspace: 6298K(6464K)->6298K(6464K) NonClass: 5764K(5824K)->5764K(5824K) Class: 533K(640K)->533K(640K)
[132.703s][info][gc             ] GC(318) Pause Full (Ergonomics) 3927M->3927M(4023M) 1207.600ms
[132.703s][info][gc,cpu         ] GC(318) User=9.20s Sys=0.02s Real=1.21s
[132.703s][info][gc,start       ] GC(319) Pause Full (Ergonomics)
[132.703s][info][gc,phases,start] GC(319) Marking Phase
[133.616s][info][gc,phases      ] GC(319) Marking Phase 912.734ms
[133.616s][info][gc,phases,start] GC(319) Summary Phase
[133.616s][info][gc,phases      ] GC(319) Summary Phase 0.046ms
[133.616s][info][gc,phases,start] GC(319) Adjust Roots
[133.616s][info][gc,phases      ] GC(319) Adjust Roots 0.161ms
[133.616s][info][gc,phases,start] GC(319) Compaction Phase
[133.933s][info][gc,phases      ] GC(319) Compaction Phase 317.266ms
[133.933s][info][gc,phases,start] GC(319) Post Compact
[133.941s][info][gc,phases      ] GC(319) Post Compact 7.597ms
[133.941s][info][gc,heap        ] GC(319) PSYoungGen: 61951K(159744K)->61951K(159744K) Eden: 61951K(61952K)->61951K(61952K) From: 0K(97792K)->0K(97792K)
[133.941s][info][gc,heap        ] GC(319) ParOldGen: 3959708K(3959808K)->3959708K(3959808K)
[133.941s][info][gc,metaspace   ] GC(319) Metaspace: 6298K(6464K)->6298K(6464K) NonClass: 5764K(5824K)->5764K(5824K) Class: 533K(640K)->533K(640K)
[133.941s][info][gc             ] GC(319) Pause Full (Ergonomics) 3927M->3927M(4023M) 1238.144ms
[133.941s][info][gc,cpu         ] GC(319) User=9.02s Sys=0.00s Real=1.24s
[133.941s][info][gc,start       ] GC(320) Pause Full (Ergonomics)
[133.941s][info][gc,phases,start] GC(320) Marking Phase
[134.861s][info][gc,phases      ] GC(320) Marking Phase 920.022ms
[134.861s][info][gc,phases,start] GC(320) Summary Phase
[134.861s][info][gc,phases      ] GC(320) Summary Phase 0.047ms
[134.861s][info][gc,phases,start] GC(320) Adjust Roots
[134.861s][info][gc,phases      ] GC(320) Adjust Roots 0.160ms
[134.861s][info][gc,phases,start] GC(320) Compaction Phase
[135.151s][info][gc,phases      ] GC(320) Compaction Phase 289.663ms
[135.151s][info][gc,phases,start] GC(320) Post Compact
[135.159s][info][gc,phases      ] GC(320) Post Compact 7.782ms
[135.159s][info][gc,heap        ] GC(320) PSYoungGen: 61951K(159744K)->61951K(159744K) Eden: 61951K(61952K)->61951K(61952K) From: 0K(97792K)->0K(97792K)
[135.159s][info][gc,heap        ] GC(320) ParOldGen: 3959713K(3959808K)->3959713K(3959808K)
[135.159s][info][gc,metaspace   ] GC(320) Metaspace: 6298K(6464K)->6298K(6464K) NonClass: 5764K(5824K)->5764K(5824K) Class: 533K(640K)->533K(640K)
[135.159s][info][gc             ] GC(320) Pause Full (Ergonomics) 3927M->3927M(4023M) 1218.023ms
[135.159s][info][gc,cpu         ] GC(320) User=9.31s Sys=0.00s Real=1.22s
[135.159s][info][gc,start       ] GC(321) Pause Full (Ergonomics)
[135.159s][info][gc,phases,start] GC(321) Marking Phase
[136.070s][info][gc,phases      ] GC(321) Marking Phase 911.027ms
[136.070s][info][gc,phases,start] GC(321) Summary Phase
[136.071s][info][gc,phases      ] GC(321) Summary Phase 0.046ms
[136.071s][info][gc,phases,start] GC(321) Adjust Roots
[136.071s][info][gc,phases      ] GC(321) Adjust Roots 0.184ms
[136.071s][info][gc,phases,start] GC(321) Compaction Phase
[136.381s][info][gc,phases      ] GC(321) Compaction Phase 309.845ms
[136.381s][info][gc,phases,start] GC(321) Post Compact
[136.388s][info][gc,phases      ] GC(321) Post Compact 7.755ms
[136.389s][info][gc,heap        ] GC(321) PSYoungGen: 61951K(159744K)->61951K(159744K) Eden: 61951K(61952K)->61951K(61952K) From: 0K(97792K)->0K(97792K)
[136.389s][info][gc,heap        ] GC(321) ParOldGen: 3959717K(3959808K)->3959717K(3959808K)
[136.389s][info][gc,metaspace   ] GC(321) Metaspace: 6298K(6464K)->6298K(6464K) NonClass: 5764K(5824K)->5764K(5824K) Class: 533K(640K)->533K(640K)
[136.389s][info][gc             ] GC(321) Pause Full (Ergonomics) 3927M->3927M(4023M) 1229.207ms
[136.389s][info][gc,cpu         ] GC(321) User=8.92s Sys=0.00s Real=1.23s
[136.389s][info][gc,start       ] GC(322) Pause Full (Ergonomics)
[136.389s][info][gc,phases,start] GC(322) Marking Phase
[137.299s][info][gc,phases      ] GC(322) Marking Phase 910.657ms
[137.300s][info][gc,phases,start] GC(322) Summary Phase
[137.300s][info][gc,phases      ] GC(322) Summary Phase 0.046ms
[137.300s][info][gc,phases,start] GC(322) Adjust Roots
[137.300s][info][gc,phases      ] GC(322) Adjust Roots 0.174ms
[137.300s][info][gc,phases,start] GC(322) Compaction Phase
[137.607s][info][gc,phases      ] GC(322) Compaction Phase 307.065ms
[137.607s][info][gc,phases,start] GC(322) Post Compact
[137.614s][info][gc,phases      ] GC(322) Post Compact 7.426ms
[137.614s][info][gc,heap        ] GC(322) PSYoungGen: 61951K(159744K)->61951K(159744K) Eden: 61951K(61952K)->61951K(61952K) From: 0K(97792K)->0K(97792K)
[137.615s][info][gc,heap        ] GC(322) ParOldGen: 3959722K(3959808K)->3959722K(3959808K)
[137.615s][info][gc,metaspace   ] GC(322) Metaspace: 6298K(6464K)->6298K(6464K) NonClass: 5764K(5824K)->5764K(5824K) Class: 533K(640K)->533K(640K)
[137.615s][info][gc             ] GC(322) Pause Full (Ergonomics) 3927M->3927M(4023M) 1225.833ms
[137.615s][info][gc,cpu         ] GC(322) User=9.06s Sys=0.00s Real=1.23s
[137.615s][info][gc,start       ] GC(323) Pause Full (Ergonomics)
[137.615s][info][gc,phases,start] GC(323) Marking Phase
[138.501s][info][gc,phases      ] GC(323) Marking Phase 886.112ms
[138.501s][info][gc,phases,start] GC(323) Summary Phase
[138.501s][info][gc,phases      ] GC(323) Summary Phase 0.046ms
[138.501s][info][gc,phases,start] GC(323) Adjust Roots
[138.501s][info][gc,phases      ] GC(323) Adjust Roots 0.159ms
[138.501s][info][gc,phases,start] GC(323) Compaction Phase
[138.829s][info][gc,phases      ] GC(323) Compaction Phase 327.290ms
[138.829s][info][gc,phases,start] GC(323) Post Compact
[138.836s][info][gc,phases      ] GC(323) Post Compact 7.188ms
[138.836s][info][gc,heap        ] GC(323) PSYoungGen: 61951K(159744K)->61951K(159744K) Eden: 61951K(61952K)->61951K(61952K) From: 0K(97792K)->0K(97792K)
[138.836s][info][gc,heap        ] GC(323) ParOldGen: 3959727K(3959808K)->3959727K(3959808K)
[138.836s][info][gc,metaspace   ] GC(323) Metaspace: 6298K(6464K)->6298K(6464K) NonClass: 5764K(5824K)->5764K(5824K) Class: 533K(640K)->533K(640K)
[138.836s][info][gc             ] GC(323) Pause Full (Ergonomics) 3927M->3927M(4023M) 1221.152ms
[138.836s][info][gc,cpu         ] GC(323) User=8.95s Sys=0.00s Real=1.22s
[138.836s][info][gc,start       ] GC(324) Pause Full (Ergonomics)
[138.836s][info][gc,phases,start] GC(324) Marking Phase
[139.746s][info][gc,phases      ] GC(324) Marking Phase 909.794ms
[139.746s][info][gc,phases,start] GC(324) Summary Phase
[139.746s][info][gc,phases      ] GC(324) Summary Phase 0.054ms
[139.746s][info][gc,phases,start] GC(324) Adjust Roots
[139.746s][info][gc,phases      ] GC(324) Adjust Roots 0.161ms
[139.746s][info][gc,phases,start] GC(324) Compaction Phase
[140.054s][info][gc,phases      ] GC(324) Compaction Phase 307.536ms
[140.054s][info][gc,phases,start] GC(324) Post Compact
[140.061s][info][gc,phases      ] GC(324) Post Compact 7.227ms
[140.061s][info][gc,heap        ] GC(324) PSYoungGen: 61951K(159744K)->61951K(159744K) Eden: 61951K(61952K)->61951K(61952K) From: 0K(97792K)->0K(97792K)
[140.061s][info][gc,heap        ] GC(324) ParOldGen: 3959732K(3959808K)->3959732K(3959808K)
[140.061s][info][gc,metaspace   ] GC(324) Metaspace: 6298K(6464K)->6298K(6464K) NonClass: 5764K(5824K)->5764K(5824K) Class: 533K(640K)->533K(640K)
[140.061s][info][gc             ] GC(324) Pause Full (Ergonomics) 3927M->3927M(4023M) 1225.134ms
[140.061s][info][gc,cpu         ] GC(324) User=8.86s Sys=0.00s Real=1.22s
[140.062s][info][gc,start       ] GC(325) Pause Full (Ergonomics)
[140.062s][info][gc,phases,start] GC(325) Marking Phase
[140.958s][info][gc,phases      ] GC(325) Marking Phase 896.837ms
[140.958s][info][gc,phases,start] GC(325) Summary Phase
[140.959s][info][gc,phases      ] GC(325) Summary Phase 0.046ms
[140.959s][info][gc,phases,start] GC(325) Adjust Roots
[140.959s][info][gc,phases      ] GC(325) Adjust Roots 0.175ms
[140.959s][info][gc,phases,start] GC(325) Compaction Phase
[141.232s][info][gc,phases      ] GC(325) Compaction Phase 273.703ms
[141.233s][info][gc,phases,start] GC(325) Post Compact
[141.239s][info][gc,phases      ] GC(325) Post Compact 6.894ms
[141.239s][info][gc,heap        ] GC(325) PSYoungGen: 61951K(159744K)->61951K(159744K) Eden: 61951K(61952K)->61951K(61952K) From: 0K(97792K)->0K(97792K)
[141.240s][info][gc,heap        ] GC(325) ParOldGen: 3959737K(3959808K)->3959737K(3959808K)
[141.240s][info][gc,metaspace   ] GC(325) Metaspace: 6298K(6464K)->6298K(6464K) NonClass: 5764K(5824K)->5764K(5824K) Class: 533K(640K)->533K(640K)
[141.240s][info][gc             ] GC(325) Pause Full (Ergonomics) 3927M->3927M(4023M) 1178.011ms
[141.240s][info][gc,cpu         ] GC(325) User=8.86s Sys=0.02s Real=1.18s
[141.240s][info][gc,start       ] GC(326) Pause Full (Ergonomics)
[141.240s][info][gc,phases,start] GC(326) Marking Phase
[142.151s][info][gc,phases      ] GC(326) Marking Phase 910.739ms
[142.151s][info][gc,phases,start] GC(326) Summary Phase
[142.151s][info][gc,phases      ] GC(326) Summary Phase 0.047ms
[142.151s][info][gc,phases,start] GC(326) Adjust Roots
[142.151s][info][gc,phases      ] GC(326) Adjust Roots 0.172ms
[142.151s][info][gc,phases,start] GC(326) Compaction Phase
[142.444s][info][gc,phases      ] GC(326) Compaction Phase 293.579ms
[142.445s][info][gc,phases,start] GC(326) Post Compact
[142.452s][info][gc,phases      ] GC(326) Post Compact 7.436ms
[142.452s][info][gc,heap        ] GC(326) PSYoungGen: 61951K(159744K)->61951K(159744K) Eden: 61951K(61952K)->61951K(61952K) From: 0K(97792K)->0K(97792K)
[142.452s][info][gc,heap        ] GC(326) ParOldGen: 3959742K(3959808K)->3959742K(3959808K)
[142.452s][info][gc,metaspace   ] GC(326) Metaspace: 6298K(6464K)->6298K(6464K) NonClass: 5764K(5824K)->5764K(5824K) Class: 533K(640K)->533K(640K)
[142.452s][info][gc             ] GC(326) Pause Full (Ergonomics) 3927M->3927M(4023M) 1212.328ms
[142.452s][info][gc,cpu         ] GC(326) User=8.91s Sys=0.02s Real=1.21s
[142.452s][info][gc,start       ] GC(327) Pause Full (Ergonomics)
[142.452s][info][gc,phases,start] GC(327) Marking Phase
[143.383s][info][gc,phases      ] GC(327) Marking Phase 930.960ms
[143.383s][info][gc,phases,start] GC(327) Summary Phase
[143.383s][info][gc,phases      ] GC(327) Summary Phase 0.049ms
[143.383s][info][gc,phases,start] GC(327) Adjust Roots
[143.384s][info][gc,phases      ] GC(327) Adjust Roots 0.227ms
[143.384s][info][gc,phases,start] GC(327) Compaction Phase
[143.684s][info][gc,phases      ] GC(327) Compaction Phase 300.542ms
[143.684s][info][gc,phases,start] GC(327) Post Compact
[143.692s][info][gc,phases      ] GC(327) Post Compact 7.298ms
[143.692s][info][gc,heap        ] GC(327) PSYoungGen: 61951K(159744K)->61951K(159744K) Eden: 61951K(61952K)->61951K(61952K) From: 0K(97792K)->0K(97792K)
[143.692s][info][gc,heap        ] GC(327) ParOldGen: 3959746K(3959808K)->3959746K(3959808K)
[143.692s][info][gc,metaspace   ] GC(327) Metaspace: 6298K(6464K)->6298K(6464K) NonClass: 5764K(5824K)->5764K(5824K) Class: 533K(640K)->533K(640K)
[143.692s][info][gc             ] GC(327) Pause Full (Ergonomics) 3927M->3927M(4023M) 1239.437ms
[143.692s][info][gc,cpu         ] GC(327) User=9.19s Sys=0.00s Real=1.24s
[143.692s][info][gc,start       ] GC(328) Pause Full (Ergonomics)
[143.692s][info][gc,phases,start] GC(328) Marking Phase
[144.593s][info][gc,phases      ] GC(328) Marking Phase 901.359ms
[144.593s][info][gc,phases,start] GC(328) Summary Phase
[144.593s][info][gc,phases      ] GC(328) Summary Phase 0.054ms
[144.593s][info][gc,phases,start] GC(328) Adjust Roots
[144.594s][info][gc,phases      ] GC(328) Adjust Roots 0.178ms
[144.594s][info][gc,phases,start] GC(328) Compaction Phase
[144.868s][info][gc,phases      ] GC(328) Compaction Phase 274.127ms
[144.868s][info][gc,phases,start] GC(328) Post Compact
[144.876s][info][gc,phases      ] GC(328) Post Compact 7.636ms
[144.876s][info][gc,heap        ] GC(328) PSYoungGen: 61951K(159744K)->61951K(159744K) Eden: 61951K(61952K)->61951K(61952K) From: 0K(97792K)->0K(97792K)
[144.876s][info][gc,heap        ] GC(328) ParOldGen: 3959751K(3959808K)->3959751K(3959808K)
[144.876s][info][gc,metaspace   ] GC(328) Metaspace: 6298K(6464K)->6298K(6464K) NonClass: 5764K(5824K)->5764K(5824K) Class: 533K(640K)->533K(640K)
[144.876s][info][gc             ] GC(328) Pause Full (Ergonomics) 3927M->3927M(4023M) 1183.732ms
[144.876s][info][gc,cpu         ] GC(328) User=9.00s Sys=0.00s Real=1.18s
[144.876s][info][gc,start       ] GC(329) Pause Full (Ergonomics)
[144.876s][info][gc,phases,start] GC(329) Marking Phase
[145.799s][info][gc,phases      ] GC(329) Marking Phase 923.422ms
[145.799s][info][gc,phases,start] GC(329) Summary Phase
[145.799s][info][gc,phases      ] GC(329) Summary Phase 0.045ms
[145.800s][info][gc,phases,start] GC(329) Adjust Roots
[145.800s][info][gc,phases      ] GC(329) Adjust Roots 0.161ms
[145.800s][info][gc,phases,start] GC(329) Compaction Phase
[146.071s][info][gc,phases      ] GC(329) Compaction Phase 271.174ms
[146.071s][info][gc,phases,start] GC(329) Post Compact
[146.079s][info][gc,phases      ] GC(329) Post Compact 7.968ms
[146.079s][info][gc,heap        ] GC(329) PSYoungGen: 61951K(159744K)->61951K(159744K) Eden: 61951K(61952K)->61951K(61952K) From: 0K(97792K)->0K(97792K)
[146.079s][info][gc,heap        ] GC(329) ParOldGen: 3959756K(3959808K)->3959756K(3959808K)
[146.079s][info][gc,metaspace   ] GC(329) Metaspace: 6298K(6464K)->6298K(6464K) NonClass: 5764K(5824K)->5764K(5824K) Class: 533K(640K)->533K(640K)
[146.079s][info][gc             ] GC(329) Pause Full (Ergonomics) 3927M->3927M(4023M) 1203.146ms
[146.079s][info][gc,cpu         ] GC(329) User=9.17s Sys=0.00s Real=1.20s
[146.079s][info][gc,start       ] GC(330) Pause Full (Ergonomics)
[146.079s][info][gc,phases,start] GC(330) Marking Phase
[147.005s][info][gc,phases      ] GC(330) Marking Phase 925.985ms
[147.005s][info][gc,phases,start] GC(330) Summary Phase
[147.005s][info][gc,phases      ] GC(330) Summary Phase 0.046ms
[147.005s][info][gc,phases,start] GC(330) Adjust Roots
[147.006s][info][gc,phases      ] GC(330) Adjust Roots 0.163ms
[147.006s][info][gc,phases,start] GC(330) Compaction Phase
[147.295s][info][gc,phases      ] GC(330) Compaction Phase 289.558ms
[147.295s][info][gc,phases,start] GC(330) Post Compact
[147.303s][info][gc,phases      ] GC(330) Post Compact 7.397ms
[147.303s][info][gc,heap        ] GC(330) PSYoungGen: 61951K(159744K)->61951K(159744K) Eden: 61951K(61952K)->61951K(61952K) From: 0K(97792K)->0K(97792K)
[147.303s][info][gc,heap        ] GC(330) ParOldGen: 3959761K(3959808K)->3959761K(3959808K)
[147.303s][info][gc,metaspace   ] GC(330) Metaspace: 6298K(6464K)->6298K(6464K) NonClass: 5764K(5824K)->5764K(5824K) Class: 533K(640K)->533K(640K)
[147.303s][info][gc             ] GC(330) Pause Full (Ergonomics) 3927M->3927M(4023M) 1223.482ms
[147.303s][info][gc,cpu         ] GC(330) User=9.05s Sys=0.03s Real=1.22s
[147.303s][info][gc,start       ] GC(331) Pause Full (Ergonomics)
[147.303s][info][gc,phases,start] GC(331) Marking Phase
[148.235s][info][gc,phases      ] GC(331) Marking Phase 931.589ms
[148.235s][info][gc,phases,start] GC(331) Summary Phase
[148.235s][info][gc,phases      ] GC(331) Summary Phase 0.047ms
[148.235s][info][gc,phases,start] GC(331) Adjust Roots
[148.235s][info][gc,phases      ] GC(331) Adjust Roots 0.172ms
[148.235s][info][gc,phases,start] GC(331) Compaction Phase
[148.529s][info][gc,phases      ] GC(331) Compaction Phase 294.100ms
[148.529s][info][gc,phases,start] GC(331) Post Compact
[148.536s][info][gc,phases      ] GC(331) Post Compact 7.328ms
[148.536s][info][gc,heap        ] GC(331) PSYoungGen: 61951K(159744K)->61951K(159744K) Eden: 61951K(61952K)->61951K(61952K) From: 0K(97792K)->0K(97792K)
[148.536s][info][gc,heap        ] GC(331) ParOldGen: 3959766K(3959808K)->3959766K(3959808K)
[148.536s][info][gc,metaspace   ] GC(331) Metaspace: 6298K(6464K)->6298K(6464K) NonClass: 5764K(5824K)->5764K(5824K) Class: 533K(640K)->533K(640K)
[148.537s][info][gc             ] GC(331) Pause Full (Ergonomics) 3927M->3927M(4023M) 1233.557ms
[148.537s][info][gc,cpu         ] GC(331) User=9.17s Sys=0.00s Real=1.23s
[148.537s][info][gc,start       ] GC(332) Pause Full (Ergonomics)
[148.537s][info][gc,phases,start] GC(332) Marking Phase
[149.457s][info][gc,phases      ] GC(332) Marking Phase 920.322ms
[149.457s][info][gc,phases,start] GC(332) Summary Phase
[149.457s][info][gc,phases      ] GC(332) Summary Phase 0.047ms
[149.457s][info][gc,phases,start] GC(332) Adjust Roots
[149.457s][info][gc,phases      ] GC(332) Adjust Roots 0.165ms
[149.457s][info][gc,phases,start] GC(332) Compaction Phase
[149.744s][info][gc,phases      ] GC(332) Compaction Phase 287.019ms
[149.744s][info][gc,phases,start] GC(332) Post Compact
[149.752s][info][gc,phases      ] GC(332) Post Compact 7.477ms
[149.752s][info][gc,heap        ] GC(332) PSYoungGen: 61951K(159744K)->61951K(159744K) Eden: 61951K(61952K)->61951K(61952K) From: 0K(97792K)->0K(97792K)
[149.752s][info][gc,heap        ] GC(332) ParOldGen: 3959771K(3959808K)->3959771K(3959808K)
[149.752s][info][gc,metaspace   ] GC(332) Metaspace: 6298K(6464K)->6298K(6464K) NonClass: 5764K(5824K)->5764K(5824K) Class: 533K(640K)->533K(640K)
[149.752s][info][gc             ] GC(332) Pause Full (Ergonomics) 3927M->3927M(4023M) 1215.415ms
[149.752s][info][gc,cpu         ] GC(332) User=9.09s Sys=0.00s Real=1.22s
[149.752s][info][gc,start       ] GC(333) Pause Full (Ergonomics)
[149.752s][info][gc,phases,start] GC(333) Marking Phase
[150.657s][info][gc,phases      ] GC(333) Marking Phase 904.461ms
[150.657s][info][gc,phases,start] GC(333) Summary Phase
[150.657s][info][gc,phases      ] GC(333) Summary Phase 0.046ms
[150.657s][info][gc,phases,start] GC(333) Adjust Roots
[150.657s][info][gc,phases      ] GC(333) Adjust Roots 0.166ms
[150.657s][info][gc,phases,start] GC(333) Compaction Phase
[150.945s][info][gc,phases      ] GC(333) Compaction Phase 287.479ms
[150.945s][info][gc,phases,start] GC(333) Post Compact
[150.952s][info][gc,phases      ] GC(333) Post Compact 7.238ms
[150.952s][info][gc,heap        ] GC(333) PSYoungGen: 61951K(159744K)->61951K(159744K) Eden: 61951K(61952K)->61951K(61952K) From: 0K(97792K)->0K(97792K)
[150.952s][info][gc,heap        ] GC(333) ParOldGen: 3959775K(3959808K)->3959775K(3959808K)
[150.952s][info][gc,metaspace   ] GC(333) Metaspace: 6298K(6464K)->6298K(6464K) NonClass: 5764K(5824K)->5764K(5824K) Class: 533K(640K)->533K(640K)
[150.952s][info][gc             ] GC(333) Pause Full (Ergonomics) 3927M->3927M(4023M) 1199.724ms
[150.952s][info][gc,cpu         ] GC(333) User=9.03s Sys=0.00s Real=1.20s
[150.952s][info][gc,start       ] GC(334) Pause Full (Ergonomics)
[150.952s][info][gc,phases,start] GC(334) Marking Phase
[151.856s][info][gc,phases      ] GC(334) Marking Phase 904.063ms
[151.856s][info][gc,phases,start] GC(334) Summary Phase
[151.857s][info][gc,phases      ] GC(334) Summary Phase 0.046ms
[151.857s][info][gc,phases,start] GC(334) Adjust Roots
[151.857s][info][gc,phases      ] GC(334) Adjust Roots 0.167ms
[151.857s][info][gc,phases,start] GC(334) Compaction Phase
[152.143s][info][gc,phases      ] GC(334) Compaction Phase 285.946ms
[152.143s][info][gc,phases,start] GC(334) Post Compact
[152.151s][info][gc,phases      ] GC(334) Post Compact 7.968ms
[152.151s][info][gc,heap        ] GC(334) PSYoungGen: 61951K(159744K)->61951K(159744K) Eden: 61951K(61952K)->61951K(61952K) From: 0K(97792K)->0K(97792K)
[152.151s][info][gc,heap        ] GC(334) ParOldGen: 3959780K(3959808K)->3959780K(3959808K)
[152.151s][info][gc,metaspace   ] GC(334) Metaspace: 6298K(6464K)->6298K(6464K) NonClass: 5764K(5824K)->5764K(5824K) Class: 533K(640K)->533K(640K)
[152.151s][info][gc             ] GC(334) Pause Full (Ergonomics) 3927M->3927M(4023M) 1198.566ms
[152.151s][info][gc,cpu         ] GC(334) User=8.88s Sys=0.00s Real=1.20s
[152.151s][info][gc,start       ] GC(335) Pause Full (Ergonomics)
[152.151s][info][gc,phases,start] GC(335) Marking Phase
[153.081s][info][gc,phases      ] GC(335) Marking Phase 929.466ms
[153.081s][info][gc,phases,start] GC(335) Summary Phase
[153.081s][info][gc,phases      ] GC(335) Summary Phase 0.047ms
[153.081s][info][gc,phases,start] GC(335) Adjust Roots
[153.081s][info][gc,phases      ] GC(335) Adjust Roots 0.165ms
[153.081s][info][gc,phases,start] GC(335) Compaction Phase
[153.377s][info][gc,phases      ] GC(335) Compaction Phase 296.335ms
[153.377s][info][gc,phases,start] GC(335) Post Compact
[153.385s][info][gc,phases      ] GC(335) Post Compact 7.346ms
[153.385s][info][gc,heap        ] GC(335) PSYoungGen: 61951K(159744K)->61951K(159744K) Eden: 61951K(61952K)->61951K(61952K) From: 0K(97792K)->0K(97792K)
[153.385s][info][gc,heap        ] GC(335) ParOldGen: 3959785K(3959808K)->3959785K(3959808K)
[153.385s][info][gc,metaspace   ] GC(335) Metaspace: 6298K(6464K)->6298K(6464K) NonClass: 5764K(5824K)->5764K(5824K) Class: 533K(640K)->533K(640K)
[153.385s][info][gc             ] GC(335) Pause Full (Ergonomics) 3927M->3927M(4023M) 1233.719ms
[153.385s][info][gc,cpu         ] GC(335) User=9.20s Sys=0.00s Real=1.23s
[153.385s][info][gc,start       ] GC(336) Pause Full (Ergonomics)
[153.385s][info][gc,phases,start] GC(336) Marking Phase
[154.302s][info][gc,phases      ] GC(336) Marking Phase 917.015ms
[154.302s][info][gc,phases,start] GC(336) Summary Phase
[154.302s][info][gc,phases      ] GC(336) Summary Phase 0.046ms
[154.302s][info][gc,phases,start] GC(336) Adjust Roots
[154.302s][info][gc,phases      ] GC(336) Adjust Roots 0.166ms
[154.302s][info][gc,phases,start] GC(336) Compaction Phase
[154.592s][info][gc,phases      ] GC(336) Compaction Phase 289.496ms
[154.592s][info][gc,phases,start] GC(336) Post Compact
[154.600s][info][gc,phases      ] GC(336) Post Compact 7.981ms
[154.600s][info][gc,heap        ] GC(336) PSYoungGen: 61951K(159744K)->61951K(159744K) Eden: 61951K(61952K)->61951K(61952K) From: 0K(97792K)->0K(97792K)
[154.600s][info][gc,heap        ] GC(336) ParOldGen: 3959790K(3959808K)->3959790K(3959808K)
[154.600s][info][gc,metaspace   ] GC(336) Metaspace: 6298K(6464K)->6298K(6464K) NonClass: 5764K(5824K)->5764K(5824K) Class: 533K(640K)->533K(640K)
[154.600s][info][gc             ] GC(336) Pause Full (Ergonomics) 3927M->3927M(4023M) 1215.068ms
[154.600s][info][gc,cpu         ] GC(336) User=9.14s Sys=0.00s Real=1.22s
[154.600s][info][gc,start       ] GC(337) Pause Full (Ergonomics)
[154.600s][info][gc,phases,start] GC(337) Marking Phase
[155.514s][info][gc,phases      ] GC(337) Marking Phase 913.827ms
[155.514s][info][gc,phases,start] GC(337) Summary Phase
[155.514s][info][gc,phases      ] GC(337) Summary Phase 0.046ms
[155.514s][info][gc,phases,start] GC(337) Adjust Roots
[155.514s][info][gc,phases      ] GC(337) Adjust Roots 0.169ms
[155.514s][info][gc,phases,start] GC(337) Compaction Phase
[155.801s][info][gc,phases      ] GC(337) Compaction Phase 286.310ms
[155.801s][info][gc,phases,start] GC(337) Post Compact
[155.808s][info][gc,phases      ] GC(337) Post Compact 7.255ms
[155.808s][info][gc,heap        ] GC(337) PSYoungGen: 61951K(159744K)->61951K(159744K) Eden: 61951K(61952K)->61951K(61952K) From: 0K(97792K)->0K(97792K)
[155.808s][info][gc,heap        ] GC(337) ParOldGen: 3959795K(3959808K)->3959795K(3959808K)
[155.808s][info][gc,metaspace   ] GC(337) Metaspace: 6298K(6464K)->6298K(6464K) NonClass: 5764K(5824K)->5764K(5824K) Class: 533K(640K)->533K(640K)
[155.808s][info][gc             ] GC(337) Pause Full (Ergonomics) 3927M->3927M(4023M) 1207.960ms
[155.808s][info][gc,cpu         ] GC(337) User=8.98s Sys=0.00s Real=1.21s
[155.808s][info][gc,start       ] GC(338) Pause Full (Ergonomics)
[155.809s][info][gc,phases,start] GC(338) Marking Phase
[156.728s][info][gc,phases      ] GC(338) Marking Phase 919.756ms
[156.728s][info][gc,phases,start] GC(338) Summary Phase
[156.728s][info][gc,phases      ] GC(338) Summary Phase 0.050ms
[156.728s][info][gc,phases,start] GC(338) Adjust Roots
[156.729s][info][gc,phases      ] GC(338) Adjust Roots 0.200ms
[156.729s][info][gc,phases,start] GC(338) Compaction Phase
[156.995s][info][gc,phases      ] GC(338) Compaction Phase 266.159ms
[156.995s][info][gc,phases,start] GC(338) Post Compact
[157.002s][info][gc,phases      ] GC(338) Post Compact 7.428ms
[157.002s][info][gc,heap        ] GC(338) PSYoungGen: 61951K(159744K)->61951K(159744K) Eden: 61951K(61952K)->61951K(61952K) From: 0K(97792K)->0K(97792K)
[157.002s][info][gc,heap        ] GC(338) ParOldGen: 3959800K(3959808K)->3959800K(3959808K)
[157.002s][info][gc,metaspace   ] GC(338) Metaspace: 6298K(6464K)->6298K(6464K) NonClass: 5764K(5824K)->5764K(5824K) Class: 533K(640K)->533K(640K)
[157.002s][info][gc             ] GC(338) Pause Full (Ergonomics) 3927M->3927M(4023M) 1193.961ms
[157.002s][info][gc,cpu         ] GC(338) User=8.92s Sys=0.00s Real=1.19s
[157.003s][info][gc,start       ] GC(339) Pause Full (Ergonomics)
[157.003s][info][gc,phases,start] GC(339) Marking Phase
[157.932s][info][gc,phases      ] GC(339) Marking Phase 929.725ms
[157.932s][info][gc,phases,start] GC(339) Summary Phase
[157.933s][info][gc,phases      ] GC(339) Summary Phase 0.059ms
[157.933s][info][gc,phases,start] GC(339) Adjust Roots
[157.933s][info][gc,phases      ] GC(339) Adjust Roots 0.221ms
[157.933s][info][gc,phases,start] GC(339) Compaction Phase
[158.208s][info][gc,phases      ] GC(339) Compaction Phase 274.773ms
[158.208s][info][gc,phases,start] GC(339) Post Compact
[158.215s][info][gc,phases      ] GC(339) Post Compact 7.445ms
[158.215s][info][gc,heap        ] GC(339) PSYoungGen: 61951K(159744K)->61951K(159744K) Eden: 61951K(61952K)->61951K(61952K) From: 0K(97792K)->0K(97792K)
[158.215s][info][gc,heap        ] GC(339) ParOldGen: 3959804K(3959808K)->3959804K(3959808K)
[158.215s][info][gc,metaspace   ] GC(339) Metaspace: 6298K(6464K)->6298K(6464K) NonClass: 5764K(5824K)->5764K(5824K) Class: 533K(640K)->533K(640K)
[158.215s][info][gc             ] GC(339) Pause Full (Ergonomics) 3927M->3927M(4023M) 1212.589ms
[158.215s][info][gc,cpu         ] GC(339) User=9.06s Sys=0.00s Real=1.21s
[158.215s][info][gc,start       ] GC(340) Pause Full (Ergonomics)
[158.216s][info][gc,phases,start] GC(340) Marking Phase
[159.153s][info][gc,phases      ] GC(340) Marking Phase 937.035ms
[159.153s][info][gc,phases,start] GC(340) Summary Phase
[159.153s][info][gc,phases      ] GC(340) Summary Phase 0.047ms
[159.153s][info][gc,phases,start] GC(340) Adjust Roots
[159.153s][info][gc,phases      ] GC(340) Adjust Roots 0.164ms
[159.153s][info][gc,phases,start] GC(340) Compaction Phase
[159.441s][info][gc,phases      ] GC(340) Compaction Phase 287.877ms
[159.441s][info][gc,phases,start] GC(340) Post Compact
[159.449s][info][gc,phases      ] GC(340) Post Compact 7.718ms
[159.449s][info][gc,heap        ] GC(340) PSYoungGen: 61951K(159744K)->61951K(159744K) Eden: 61951K(61952K)->61951K(61952K) From: 0K(97792K)->0K(97792K)
[159.449s][info][gc,heap        ] GC(340) ParOldGen: 3959807K(3959808K)->3959807K(3959808K)
[159.449s][info][gc,metaspace   ] GC(340) Metaspace: 6298K(6464K)->6298K(6464K) NonClass: 5764K(5824K)->5764K(5824K) Class: 533K(640K)->533K(640K)
[159.449s][info][gc             ] GC(340) Pause Full (Ergonomics) 3927M->3927M(4023M) 1233.218ms
[159.449s][info][gc,cpu         ] GC(340) User=9.11s Sys=0.00s Real=1.23s
[159.449s][info][gc,start       ] GC(341) Pause Full (Allocation Failure)
[159.449s][info][gc,phases,start] GC(341) Marking Phase
[160.379s][info][gc,phases      ] GC(341) Marking Phase 929.827ms
[160.379s][info][gc,phases,start] GC(341) Summary Phase
[160.379s][info][gc,phases      ] GC(341) Summary Phase 0.050ms
[160.379s][info][gc,phases,start] GC(341) Adjust Roots
[160.379s][info][gc,phases      ] GC(341) Adjust Roots 0.476ms
[160.379s][info][gc,phases,start] GC(341) Compaction Phase
[161.409s][info][gc,phases      ] GC(341) Compaction Phase 1029.989ms
[161.409s][info][gc,phases,start] GC(341) Post Compact
[161.417s][info][gc,phases      ] GC(341) Post Compact 7.670ms
[161.417s][info][gc,heap        ] GC(341) PSYoungGen: 61951K(159744K)->61951K(159744K) Eden: 61951K(61952K)->61951K(61952K) From: 0K(97792K)->0K(97792K)
[161.417s][info][gc,heap        ] GC(341) ParOldGen: 3959807K(3959808K)->3959803K(3959808K)
[161.417s][info][gc,metaspace   ] GC(341) Metaspace: 6298K(6464K)->6296K(6464K) NonClass: 5764K(5824K)->5763K(5824K) Class: 533K(640K)->532K(640K)
[161.417s][info][gc             ] GC(341) Pause Full (Allocation Failure) 3927M->3927M(4023M) 1968.408ms
[161.417s][info][gc,cpu         ] GC(341) User=14.48s Sys=0.00s Real=1.97s
[161.418s][info][gc,start       ] GC(342) Pause Full (Ergonomics)
[161.418s][info][gc,phases,start] GC(342) Marking Phase
[162.319s][info][gc,phases      ] GC(342) Marking Phase 901.505ms
[162.319s][info][gc,phases,start] GC(342) Summary Phase
[162.319s][info][gc,phases      ] GC(342) Summary Phase 0.051ms
[162.319s][info][gc,phases,start] GC(342) Adjust Roots
[162.319s][info][gc,phases      ] GC(342) Adjust Roots 0.182ms
[162.320s][info][gc,phases,start] GC(342) Compaction Phase
[162.597s][info][gc,phases      ] GC(342) Compaction Phase 277.536ms
[162.597s][info][gc,phases,start] GC(342) Post Compact
[162.605s][info][gc,phases      ] GC(342) Post Compact 7.513ms
[162.605s][info][gc,heap        ] GC(342) PSYoungGen: 61951K(159744K)->61951K(159744K) Eden: 61951K(61952K)->61951K(61952K) From: 0K(97792K)->0K(97792K)
[162.605s][info][gc,heap        ] GC(342) ParOldGen: 3959805K(3959808K)->3959805K(3959808K)
[162.605s][info][gc,metaspace   ] GC(342) Metaspace: 6296K(6464K)->6296K(6464K) NonClass: 5763K(5824K)->5763K(5824K) Class: 532K(640K)->532K(640K)
[162.605s][info][gc             ] GC(342) Pause Full (Ergonomics) 3927M->3927M(4023M) 1187.152ms
[162.605s][info][gc,cpu         ] GC(342) User=8.84s Sys=0.00s Real=1.19s
[162.605s][info][gc,start       ] GC(343) Pause Full (Ergonomics)
[162.605s][info][gc,phases,start] GC(343) Marking Phase
[163.544s][info][gc,phases      ] GC(343) Marking Phase 938.617ms
[163.544s][info][gc,phases,start] GC(343) Summary Phase
[163.544s][info][gc,phases      ] GC(343) Summary Phase 0.070ms
[163.544s][info][gc,phases,start] GC(343) Adjust Roots
[163.544s][info][gc,phases      ] GC(343) Adjust Roots 0.281ms
[163.544s][info][gc,phases,start] GC(343) Compaction Phase
[163.835s][info][gc,phases      ] GC(343) Compaction Phase 290.243ms
[163.835s][info][gc,phases,start] GC(343) Post Compact
[163.842s][info][gc,phases      ] GC(343) Post Compact 7.367ms
[163.842s][info][gc,heap        ] GC(343) PSYoungGen: 61951K(159744K)->61951K(159744K) Eden: 61951K(61952K)->61951K(61952K) From: 0K(97792K)->0K(97792K)
[163.842s][info][gc,heap        ] GC(343) ParOldGen: 3959807K(3959808K)->3959807K(3959808K)
[163.842s][info][gc,metaspace   ] GC(343) Metaspace: 6296K(6464K)->6296K(6464K) NonClass: 5763K(5824K)->5763K(5824K) Class: 532K(640K)->532K(640K)
[163.842s][info][gc             ] GC(343) Pause Full (Ergonomics) 3927M->3927M(4023M) 1236.965ms
[163.842s][info][gc,cpu         ] GC(343) User=9.12s Sys=0.00s Real=1.24s
[163.842s][info][gc,start       ] GC(344) Pause Full (Allocation Failure)
[163.842s][info][gc,phases,start] GC(344) Marking Phase
[164.761s][info][gc,phases      ] GC(344) Marking Phase 919.018ms
[164.761s][info][gc,phases,start] GC(344) Summary Phase
[164.761s][info][gc,phases      ] GC(344) Summary Phase 0.047ms
[164.761s][info][gc,phases,start] GC(344) Adjust Roots
[164.762s][info][gc,phases      ] GC(344) Adjust Roots 0.161ms
[164.762s][info][gc,phases,start] GC(344) Compaction Phase
[165.066s][info][gc,phases      ] GC(344) Compaction Phase 304.144ms
[165.066s][info][gc,phases,start] GC(344) Post Compact
[165.073s][info][gc,phases      ] GC(344) Post Compact 7.417ms
[165.073s][info][gc,heap        ] GC(344) PSYoungGen: 61951K(159744K)->61951K(159744K) Eden: 61951K(61952K)->61951K(61952K) From: 0K(97792K)->0K(97792K)
[165.073s][info][gc,heap        ] GC(344) ParOldGen: 3959807K(3959808K)->3959807K(3959808K)
[165.073s][info][gc,metaspace   ] GC(344) Metaspace: 6296K(6464K)->6296K(6464K) NonClass: 5763K(5824K)->5763K(5824K) Class: 532K(640K)->532K(640K)
[165.073s][info][gc             ] GC(344) Pause Full (Allocation Failure) 3927M->3927M(4023M) 1231.137ms
[165.073s][info][gc,cpu         ] GC(344) User=9.09s Sys=0.00s Real=1.23s
[165.074s][info][gc,start       ] GC(345) Pause Full (Ergonomics)
[165.074s][info][gc,phases,start] GC(345) Marking Phase
[166.005s][info][gc,phases      ] GC(345) Marking Phase 930.705ms
[166.005s][info][gc,phases,start] GC(345) Summary Phase
[166.005s][info][gc,phases      ] GC(345) Summary Phase 0.052ms
[166.005s][info][gc,phases,start] GC(345) Adjust Roots
[166.005s][info][gc,phases      ] GC(345) Adjust Roots 0.257ms
[166.005s][info][gc,phases,start] GC(345) Compaction Phase
[167.039s][info][gc,phases      ] GC(345) Compaction Phase 1034.309ms
[167.039s][info][gc,phases,start] GC(345) Post Compact
[167.047s][info][gc,phases      ] GC(345) Post Compact 7.583ms
[167.047s][info][gc,heap        ] GC(345) PSYoungGen: 61951K(159744K)->61951K(159744K) Eden: 61951K(61952K)->61951K(61952K) From: 0K(97792K)->0K(97792K)
[167.047s][info][gc,heap        ] GC(345) ParOldGen: 3959808K(3959808K)->3959806K(3959808K)
[167.047s][info][gc,metaspace   ] GC(345) Metaspace: 6296K(6464K)->6296K(6464K) NonClass: 5763K(5824K)->5763K(5824K) Class: 532K(640K)->532K(640K)
[167.047s][info][gc             ] GC(345) Pause Full (Ergonomics) 3927M->3927M(4023M) 1973.301ms
[167.047s][info][gc,cpu         ] GC(345) User=14.81s Sys=0.00s Real=1.97s
[167.048s][info][gc,start       ] GC(346) Pause Full (Ergonomics)
[167.048s][info][gc,phases,start] GC(346) Marking Phase
[167.971s][info][gc,phases      ] GC(346) Marking Phase 923.043ms
[167.972s][info][gc,phases,start] GC(346) Summary Phase
[167.972s][info][gc,phases      ] GC(346) Summary Phase 0.077ms
[167.972s][info][gc,phases,start] GC(346) Adjust Roots
[167.972s][info][gc,phases      ] GC(346) Adjust Roots 0.408ms
[167.972s][info][gc,phases,start] GC(346) Compaction Phase
[169.007s][info][gc,phases      ] GC(346) Compaction Phase 1034.632ms
[169.007s][info][gc,phases,start] GC(346) Post Compact
[169.014s][info][gc,phases      ] GC(346) Post Compact 7.440ms
[169.014s][info][gc,heap        ] GC(346) PSYoungGen: 61952K(159744K)->61952K(159744K) Eden: 61952K(61952K)->61952K(61952K) From: 0K(97792K)->0K(97792K)
[169.014s][info][gc,heap        ] GC(346) ParOldGen: 3959807K(3959808K)->3959805K(3959808K)
[169.014s][info][gc,metaspace   ] GC(346) Metaspace: 6298K(6464K)->6298K(6464K) NonClass: 5764K(5824K)->5764K(5824K) Class: 533K(640K)->533K(640K)
[169.015s][info][gc             ] GC(346) Pause Full (Ergonomics) 3927M->3927M(4023M) 1966.145ms
[169.015s][info][gc,cpu         ] GC(346) User=14.53s Sys=0.00s Real=1.97s
[169.015s][info][gc,heap,exit   ] Heap
[169.015s][info][gc,heap,exit   ]  PSYoungGen      total 159744K, used 61952K [0x0000000787300000, 0x0000000797480000, 0x0000000800000000)
[169.015s][info][gc,heap,exit   ]   eden space 61952K, 100% used [0x0000000787300000,0x000000078af80000,0x000000078af80000)
[169.015s][info][gc,heap,exit   ]   from space 97792K, 0% used [0x000000078af80000,0x000000078af80000,0x0000000790f00000)
[169.015s][info][gc,heap,exit   ]   to   space 97792K, 0% used [0x0000000791500000,0x0000000791500000,0x0000000797480000)
[169.015s][info][gc,heap,exit   ]  ParOldGen       total 3959808K, used 3959806K [0x0000000695800000, 0x0000000787300000, 0x0000000787300000)
[169.015s][info][gc,heap,exit   ]   object space 3959808K, 99% used [0x0000000695800000,0x00000007872ff800,0x0000000787300000)
[169.015s][info][gc,heap,exit   ]  Metaspace       used 6301K, committed 6464K, reserved 1114112K
[169.015s][info][gc,heap,exit   ]   class space    used 534K, committed 640K, reserved 1048576K
