[0.011s][info][gc,init] CardTable entry size: 512
[0.011s][info][gc     ] Using Parallel
[0.012s][info][gc,init] Version: 18.0.1+10 (release)
[0.012s][info][gc,init] CPUs: 8 total, 8 available
[0.012s][info][gc,init] Memory: 16063M
[0.012s][info][gc,init] Large Page Support: Disabled
[0.012s][info][gc,init] NUMA Support: Disabled
[0.012s][info][gc,init] Compressed Oops: Enabled (Zero based)
[0.012s][info][gc,init] Alignments: Space 512K, Generation 512K, Heap 2M
[0.012s][info][gc,init] Heap Min Capacity: 2M
[0.012s][info][gc,init] Heap Initial Capacity: 2M
[0.012s][info][gc,init] Heap Max Capacity: 6300M
[0.012s][info][gc,init] Pre-touch: Disabled
[0.012s][info][gc,init] Parallel Workers: 8
[0.013s][info][gc,metaspace] CDS archive(s) not mapped
[0.013s][info][gc,metaspace] Compressed class space mapped at: 0x0000000800000000-0x0000000840000000, reserved size: 1073741824
[0.013s][info][gc,metaspace] Narrow klass base: 0x0000000800000000, Narrow klass shift: 0, Narrow klass range: 0x40000000
[0.096s][info][gc,start    ] GC(0) Pause Young (Allocation Failure)
[0.097s][info][gc,heap     ] GC(0) PSYoungGen: 512K(1024K)->480K(1024K) Eden: 512K(512K)->0K(512K) From: 0K(512K)->480K(512K)
[0.097s][info][gc,heap     ] GC(0) ParOldGen: 0K(512K)->8K(512K)
[0.097s][info][gc,metaspace] GC(0) Metaspace: 4229K(4352K)->4229K(4352K) NonClass: 3908K(3968K)->3908K(3968K) Class: 321K(384K)->321K(384K)
[0.097s][info][gc          ] GC(0) Pause Young (Allocation Failure) 0M->0M(1M) 1.543ms
[0.097s][info][gc,cpu      ] GC(0) User=0.00s Sys=0.00s Real=0.00s
[0.170s][info][gc,start    ] GC(1) Pause Young (Allocation Failure)
[0.171s][info][gc,heap     ] GC(1) PSYoungGen: 991K(1024K)->512K(1536K) Eden: 511K(512K)->0K(1024K) From: 480K(512K)->512K(512K)
[0.171s][info][gc,heap     ] GC(1) ParOldGen: 8K(512K)->80K(512K)
[0.171s][info][gc,metaspace] GC(1) Metaspace: 5882K(6016K)->5882K(6016K) NonClass: 5385K(5504K)->5385K(5504K) Class: 496K(512K)->496K(512K)
[0.171s][info][gc          ] GC(1) Pause Young (Allocation Failure) 0M->0M(2M) 0.890ms
[0.171s][info][gc,cpu      ] GC(1) User=0.00s Sys=0.00s Real=0.00s
[0.192s][info][gc,start    ] GC(2) Pause Young (Allocation Failure)
[0.193s][info][gc,heap     ] GC(2) PSYoungGen: 1536K(1536K)->512K(1536K) Eden: 1024K(1024K)->0K(1024K) From: 512K(512K)->512K(512K)
[0.193s][info][gc,heap     ] GC(2) ParOldGen: 80K(512K)->496K(512K)
[0.193s][info][gc,metaspace] GC(2) Metaspace: 6300K(6528K)->6300K(6528K) NonClass: 5767K(5888K)->5767K(5888K) Class: 533K(640K)->533K(640K)
[0.193s][info][gc          ] GC(2) Pause Young (Allocation Failure) 1M->0M(2M) 1.190ms
[0.193s][info][gc,cpu      ] GC(2) User=0.00s Sys=0.00s Real=0.00s
[0.193s][info][gc,start    ] GC(3) Pause Full (Ergonomics)
[0.193s][info][gc,phases,start] GC(3) Marking Phase
[0.194s][info][gc,phases      ] GC(3) Marking Phase 0.919ms
[0.194s][info][gc,phases,start] GC(3) Summary Phase
[0.194s][info][gc,phases      ] GC(3) Summary Phase 0.013ms
[0.194s][info][gc,phases,start] GC(3) Adjust Roots
[0.194s][info][gc,phases      ] GC(3) Adjust Roots 0.348ms
[0.194s][info][gc,phases,start] GC(3) Compaction Phase
[0.196s][info][gc,phases      ] GC(3) Compaction Phase 1.535ms
[0.196s][info][gc,phases,start] GC(3) Post Compact
[0.196s][info][gc,phases      ] GC(3) Post Compact 0.081ms
[0.196s][info][gc,heap        ] GC(3) PSYoungGen: 512K(1536K)->510K(1536K) Eden: 0K(1024K)->0K(1024K) From: 512K(512K)->510K(512K)
[0.196s][info][gc,heap        ] GC(3) ParOldGen: 496K(512K)->470K(2048K)
[0.196s][info][gc,metaspace   ] GC(3) Metaspace: 6300K(6528K)->6300K(6528K) NonClass: 5767K(5888K)->5767K(5888K) Class: 533K(640K)->533K(640K)
[0.196s][info][gc             ] GC(3) Pause Full (Ergonomics) 0M->0M(3M) 3.163ms
[0.196s][info][gc,cpu         ] GC(3) User=0.00s Sys=0.00s Real=0.00s
[0.198s][info][gc,start       ] GC(4) Pause Young (Allocation Failure)
[0.199s][info][gc,heap        ] GC(4) PSYoungGen: 1534K(1536K)->480K(2560K) Eden: 1024K(1024K)->0K(2048K) From: 510K(512K)->480K(512K)
[0.199s][info][gc,heap        ] GC(4) ParOldGen: 470K(2048K)->1035K(2048K)
[0.199s][info][gc,metaspace   ] GC(4) Metaspace: 6300K(6528K)->6300K(6528K) NonClass: 5767K(5888K)->5767K(5888K) Class: 533K(640K)->533K(640K)
[0.199s][info][gc             ] GC(4) Pause Young (Allocation Failure) 1M->1M(4M) 1.397ms
[0.199s][info][gc,cpu         ] GC(4) User=0.00s Sys=0.00s Real=0.00s
[0.202s][info][gc,start       ] GC(5) Pause Young (Allocation Failure)
[0.204s][info][gc,heap        ] GC(5) PSYoungGen: 2528K(2560K)->480K(2560K) Eden: 2048K(2048K)->0K(2048K) From: 480K(512K)->480K(512K)
[0.204s][info][gc,heap        ] GC(5) ParOldGen: 1035K(2048K)->2107K(2560K)
[0.204s][info][gc,metaspace   ] GC(5) Metaspace: 6300K(6528K)->6300K(6528K) NonClass: 5767K(5888K)->5767K(5888K) Class: 533K(640K)->533K(640K)
[0.204s][info][gc             ] GC(5) Pause Young (Allocation Failure) 3M->2M(5M) 1.807ms
[0.204s][info][gc,cpu         ] GC(5) User=0.00s Sys=0.00s Real=0.00s
[0.204s][info][gc,start       ] GC(6) Pause Full (Ergonomics)
[0.204s][info][gc,phases,start] GC(6) Marking Phase
[0.205s][info][gc,phases      ] GC(6) Marking Phase 1.501ms
[0.205s][info][gc,phases,start] GC(6) Summary Phase
[0.205s][info][gc,phases      ] GC(6) Summary Phase 0.016ms
[0.205s][info][gc,phases,start] GC(6) Adjust Roots
[0.206s][info][gc,phases      ] GC(6) Adjust Roots 0.311ms
[0.206s][info][gc,phases,start] GC(6) Compaction Phase
[0.208s][info][gc,phases      ] GC(6) Compaction Phase 2.218ms
[0.208s][info][gc,phases,start] GC(6) Post Compact
[0.208s][info][gc,phases      ] GC(6) Post Compact 0.033ms
[0.208s][info][gc,heap        ] GC(6) PSYoungGen: 480K(2560K)->0K(4096K) Eden: 0K(2048K)->0K(3072K) From: 480K(512K)->0K(1024K)
[0.208s][info][gc,heap        ] GC(6) ParOldGen: 2107K(2560K)->2542K(6144K)
[0.208s][info][gc,metaspace   ] GC(6) Metaspace: 6300K(6528K)->6300K(6528K) NonClass: 5767K(5888K)->5767K(5888K) Class: 533K(640K)->533K(640K)
[0.208s][info][gc             ] GC(6) Pause Full (Ergonomics) 2M->2M(10M) 4.454ms
[0.208s][info][gc,cpu         ] GC(6) User=0.00s Sys=0.00s Real=0.00s
[0.213s][info][gc,start       ] GC(7) Pause Young (Allocation Failure)
[0.215s][info][gc,heap        ] GC(7) PSYoungGen: 3072K(4096K)->1664K(5120K) Eden: 3072K(3072K)->0K(3072K) From: 0K(1024K)->1664K(2048K)
[0.215s][info][gc,heap        ] GC(7) ParOldGen: 2542K(6144K)->2542K(6144K)
[0.215s][info][gc,metaspace   ] GC(7) Metaspace: 6300K(6528K)->6300K(6528K) NonClass: 5767K(5888K)->5767K(5888K) Class: 533K(640K)->533K(640K)
[0.215s][info][gc             ] GC(7) Pause Young (Allocation Failure) 5M->4M(11M) 1.970ms
[0.215s][info][gc,cpu         ] GC(7) User=0.00s Sys=0.00s Real=0.00s
[0.219s][info][gc,start       ] GC(8) Pause Young (Allocation Failure)
[0.222s][info][gc,heap        ] GC(8) PSYoungGen: 4736K(5120K)->2016K(5632K) Eden: 3072K(3072K)->0K(3584K) From: 1664K(2048K)->2016K(2048K)
[0.222s][info][gc,heap        ] GC(8) ParOldGen: 2542K(6144K)->3774K(6144K)
[0.222s][info][gc,metaspace   ] GC(8) Metaspace: 6300K(6528K)->6300K(6528K) NonClass: 5767K(5888K)->5767K(5888K) Class: 533K(640K)->533K(640K)
[0.222s][info][gc             ] GC(8) Pause Young (Allocation Failure) 7M->5M(11M) 2.942ms
[0.222s][info][gc,cpu         ] GC(8) User=0.00s Sys=0.00s Real=0.00s
[0.228s][info][gc,start       ] GC(9) Pause Young (Allocation Failure)
[0.232s][info][gc,heap        ] GC(9) PSYoungGen: 5600K(5632K)->3040K(6656K) Eden: 3584K(3584K)->0K(3584K) From: 2016K(2048K)->3040K(3072K)
[0.233s][info][gc,heap        ] GC(9) ParOldGen: 3774K(6144K)->4614K(6144K)
[0.233s][info][gc,metaspace   ] GC(9) Metaspace: 6300K(6528K)->6300K(6528K) NonClass: 5767K(5888K)->5767K(5888K) Class: 533K(640K)->533K(640K)
[0.233s][info][gc             ] GC(9) Pause Young (Allocation Failure) 9M->7M(12M) 4.156ms
[0.233s][info][gc,cpu         ] GC(9) User=0.00s Sys=0.00s Real=0.00s
[0.237s][info][gc,start       ] GC(10) Pause Young (Allocation Failure)
[0.242s][info][gc,heap        ] GC(10) PSYoungGen: 6624K(6656K)->4064K(8704K) Eden: 3584K(3584K)->0K(4608K) From: 3040K(3072K)->4064K(4096K)
[0.242s][info][gc,heap        ] GC(10) ParOldGen: 4614K(6144K)->5454K(6144K)
[0.242s][info][gc,metaspace   ] GC(10) Metaspace: 6300K(6528K)->6300K(6528K) NonClass: 5767K(5888K)->5767K(5888K) Class: 533K(640K)->533K(640K)
[0.242s][info][gc             ] GC(10) Pause Young (Allocation Failure) 10M->9M(14M) 4.933ms
[0.242s][info][gc,cpu         ] GC(10) User=0.00s Sys=0.00s Real=0.01s
[0.242s][info][gc,start       ] GC(11) Pause Full (Ergonomics)
[0.242s][info][gc,phases,start] GC(11) Marking Phase
[0.246s][info][gc,phases      ] GC(11) Marking Phase 4.267ms
[0.246s][info][gc,phases,start] GC(11) Summary Phase
[0.246s][info][gc,phases      ] GC(11) Summary Phase 0.016ms
[0.246s][info][gc,phases,start] GC(11) Adjust Roots
[0.247s][info][gc,phases      ] GC(11) Adjust Roots 0.367ms
[0.247s][info][gc,phases,start] GC(11) Compaction Phase
[0.253s][info][gc,phases      ] GC(11) Compaction Phase 6.114ms
[0.253s][info][gc,phases,start] GC(11) Post Compact
[0.253s][info][gc,phases      ] GC(11) Post Compact 0.053ms
[0.253s][info][gc,heap        ] GC(11) PSYoungGen: 4064K(8704K)->3545K(8704K) Eden: 0K(4608K)->0K(4608K) From: 4064K(4096K)->3545K(4096K)
[0.253s][info][gc,heap        ] GC(11) ParOldGen: 5454K(6144K)->5831K(10752K)
[0.253s][info][gc,metaspace   ] GC(11) Metaspace: 6300K(6528K)->6300K(6528K) NonClass: 5767K(5888K)->5767K(5888K) Class: 533K(640K)->533K(640K)
[0.253s][info][gc             ] GC(11) Pause Full (Ergonomics) 9M->9M(19M) 11.151ms
[0.253s][info][gc,cpu         ] GC(11) User=0.00s Sys=0.00s Real=0.01s
[0.257s][info][gc,start       ] GC(12) Pause Young (Allocation Failure)
[0.261s][info][gc,heap        ] GC(12) PSYoungGen: 8013K(8704K)->5088K(9728K) Eden: 4468K(4608K)->0K(4608K) From: 3545K(4096K)->5088K(5120K)
[0.261s][info][gc,heap        ] GC(12) ParOldGen: 5831K(10752K)->6615K(10752K)
[0.261s][info][gc,metaspace   ] GC(12) Metaspace: 6300K(6528K)->6300K(6528K) NonClass: 5767K(5888K)->5767K(5888K) Class: 533K(640K)->533K(640K)
[0.261s][info][gc             ] GC(12) Pause Young (Allocation Failure) 13M->11M(20M) 3.968ms
[0.261s][info][gc,cpu         ] GC(12) User=0.00s Sys=0.00s Real=0.00s
[0.267s][info][gc,start       ] GC(13) Pause Young (Allocation Failure)
[0.273s][info][gc,heap        ] GC(13) PSYoungGen: 9696K(9728K)->6112K(11264K) Eden: 4608K(4608K)->0K(5120K) From: 5088K(5120K)->6112K(6144K)
[0.273s][info][gc,heap        ] GC(13) ParOldGen: 6615K(10752K)->7983K(10752K)
[0.273s][info][gc,metaspace   ] GC(13) Metaspace: 6300K(6528K)->6300K(6528K) NonClass: 5767K(5888K)->5767K(5888K) Class: 533K(640K)->533K(640K)
[0.273s][info][gc             ] GC(13) Pause Young (Allocation Failure) 15M->13M(21M) 6.193ms
[0.273s][info][gc,cpu         ] GC(13) User=0.00s Sys=0.00s Real=0.01s
[0.277s][info][gc,start       ] GC(14) Pause Young (Allocation Failure)
[0.283s][info][gc,heap        ] GC(14) PSYoungGen: 11232K(11264K)->5216K(12800K) Eden: 5120K(5120K)->0K(5120K) From: 6112K(6144K)->5216K(7680K)
[0.283s][info][gc,heap        ] GC(14) ParOldGen: 7983K(10752K)->11575K(11776K)
[0.283s][info][gc,metaspace   ] GC(14) Metaspace: 6302K(6528K)->6302K(6528K) NonClass: 5769K(5888K)->5769K(5888K) Class: 533K(640K)->533K(640K)
[0.283s][info][gc             ] GC(14) Pause Young (Allocation Failure) 18M->16M(24M) 5.743ms
[0.283s][info][gc,cpu         ] GC(14) User=0.00s Sys=0.00s Real=0.00s
[0.283s][info][gc,start       ] GC(15) Pause Full (Ergonomics)
[0.283s][info][gc,phases,start] GC(15) Marking Phase
[0.291s][info][gc,phases      ] GC(15) Marking Phase 7.455ms
[0.291s][info][gc,phases,start] GC(15) Summary Phase
[0.291s][info][gc,phases      ] GC(15) Summary Phase 0.015ms
[0.291s][info][gc,phases,start] GC(15) Adjust Roots
[0.291s][info][gc,phases      ] GC(15) Adjust Roots 0.220ms
[0.291s][info][gc,phases,start] GC(15) Compaction Phase
[0.297s][info][gc,phases      ] GC(15) Compaction Phase 6.394ms
[0.297s][info][gc,phases,start] GC(15) Post Compact
[0.297s][info][gc,phases      ] GC(15) Post Compact 0.065ms
[0.297s][info][gc,heap        ] GC(15) PSYoungGen: 5216K(12800K)->5184K(12800K) Eden: 0K(5120K)->0K(5120K) From: 5216K(7680K)->5184K(7680K)
[0.297s][info][gc,heap        ] GC(15) ParOldGen: 11575K(11776K)->11466K(18432K)
[0.298s][info][gc,metaspace   ] GC(15) Metaspace: 6302K(6528K)->6302K(6528K) NonClass: 5769K(5888K)->5769K(5888K) Class: 533K(640K)->533K(640K)
[0.298s][info][gc             ] GC(15) Pause Full (Ergonomics) 16M->16M(30M) 14.460ms
[0.298s][info][gc,cpu         ] GC(15) User=0.00s Sys=0.00s Real=0.02s
[0.301s][info][gc,start       ] GC(16) Pause Young (Allocation Failure)
[0.307s][info][gc,heap        ] GC(16) PSYoungGen: 10304K(12800K)->2656K(14336K) Eden: 5120K(5120K)->0K(7168K) From: 5184K(7680K)->2656K(7168K)
[0.307s][info][gc,heap        ] GC(16) ParOldGen: 11466K(18432K)->16730K(18432K)
[0.307s][info][gc,metaspace   ] GC(16) Metaspace: 6302K(6528K)->6302K(6528K) NonClass: 5769K(5888K)->5769K(5888K) Class: 533K(640K)->533K(640K)
[0.307s][info][gc             ] GC(16) Pause Young (Allocation Failure) 21M->18M(32M) 6.099ms
[0.307s][info][gc,cpu         ] GC(16) User=0.00s Sys=0.00s Real=0.01s
[0.307s][info][gc,start       ] GC(17) Pause Full (Ergonomics)
[0.307s][info][gc,phases,start] GC(17) Marking Phase
[0.315s][info][gc,phases      ] GC(17) Marking Phase 8.133ms
[0.315s][info][gc,phases,start] GC(17) Summary Phase
[0.315s][info][gc,phases      ] GC(17) Summary Phase 0.018ms
[0.315s][info][gc,phases,start] GC(17) Adjust Roots
[0.315s][info][gc,phases      ] GC(17) Adjust Roots 0.181ms
[0.315s][info][gc,phases,start] GC(17) Compaction Phase
[0.321s][info][gc,phases      ] GC(17) Compaction Phase 5.741ms
[0.321s][info][gc,phases,start] GC(17) Post Compact
[0.321s][info][gc,phases      ] GC(17) Post Compact 0.071ms
[0.321s][info][gc,heap        ] GC(17) PSYoungGen: 2656K(14336K)->1105K(14848K) Eden: 0K(7168K)->0K(7680K) From: 2656K(7168K)->1105K(7168K)
[0.321s][info][gc,heap        ] GC(17) ParOldGen: 16730K(18432K)->18183K(27648K)
[0.321s][info][gc,metaspace   ] GC(17) Metaspace: 6302K(6528K)->6302K(6528K) NonClass: 5769K(5888K)->5769K(5888K) Class: 533K(640K)->533K(640K)
[0.322s][info][gc             ] GC(17) Pause Full (Ergonomics) 18M->18M(41M) 14.463ms
[0.322s][info][gc,cpu         ] GC(17) User=0.02s Sys=0.00s Real=0.01s
[0.326s][info][gc,start       ] GC(18) Pause Young (Allocation Failure)
[0.331s][info][gc,heap        ] GC(18) PSYoungGen: 7799K(14848K)->3456K(15360K) Eden: 6694K(7680K)->0K(7680K) From: 1105K(7168K)->3456K(7680K)
[0.331s][info][gc,heap        ] GC(18) ParOldGen: 18183K(27648K)->19319K(27648K)
[0.331s][info][gc,metaspace   ] GC(18) Metaspace: 6302K(6528K)->6302K(6528K) NonClass: 5769K(5888K)->5769K(5888K) Class: 533K(640K)->533K(640K)
[0.331s][info][gc             ] GC(18) Pause Young (Allocation Failure) 25M->22M(42M) 5.066ms
[0.331s][info][gc,cpu         ] GC(18) User=0.02s Sys=0.00s Real=0.01s
[0.339s][info][gc,start       ] GC(19) Pause Young (Allocation Failure)
[0.345s][info][gc,heap        ] GC(19) PSYoungGen: 11135K(15360K)->4512K(17920K) Eden: 7679K(7680K)->0K(10240K) From: 3456K(7680K)->4512K(7680K)
[0.345s][info][gc,heap        ] GC(19) ParOldGen: 19319K(27648K)->22767K(27648K)
[0.345s][info][gc,metaspace   ] GC(19) Metaspace: 6302K(6528K)->6302K(6528K) NonClass: 5769K(5888K)->5769K(5888K) Class: 533K(640K)->533K(640K)
[0.345s][info][gc             ] GC(19) Pause Young (Allocation Failure) 29M->26M(44M) 6.737ms
[0.345s][info][gc,cpu         ] GC(19) User=0.00s Sys=0.00s Real=0.01s
[0.351s][info][gc,start       ] GC(20) Pause Young (Allocation Failure)
[0.358s][info][gc,heap        ] GC(20) PSYoungGen: 14752K(17920K)->5312K(17920K) Eden: 10240K(10240K)->0K(10240K) From: 4512K(7680K)->5312K(7680K)
[0.358s][info][gc,heap        ] GC(20) ParOldGen: 22767K(27648K)->27287K(27648K)
[0.358s][info][gc,metaspace   ] GC(20) Metaspace: 6302K(6528K)->6302K(6528K) NonClass: 5769K(5888K)->5769K(5888K) Class: 533K(640K)->533K(640K)
[0.358s][info][gc             ] GC(20) Pause Young (Allocation Failure) 36M->31M(44M) 6.976ms
[0.358s][info][gc,cpu         ] GC(20) User=0.00s Sys=0.00s Real=0.01s
[0.359s][info][gc,start       ] GC(21) Pause Full (Ergonomics)
[0.359s][info][gc,phases,start] GC(21) Marking Phase
[0.371s][info][gc,phases      ] GC(21) Marking Phase 12.719ms
[0.371s][info][gc,phases,start] GC(21) Summary Phase
[0.371s][info][gc,phases      ] GC(21) Summary Phase 0.014ms
[0.371s][info][gc,phases,start] GC(21) Adjust Roots
[0.372s][info][gc,phases      ] GC(21) Adjust Roots 0.152ms
[0.372s][info][gc,phases,start] GC(21) Compaction Phase
[0.384s][info][gc,phases      ] GC(21) Compaction Phase 12.319ms
[0.384s][info][gc,phases,start] GC(21) Post Compact
[0.384s][info][gc,phases      ] GC(21) Post Compact 0.123ms
[0.384s][info][gc,heap        ] GC(21) PSYoungGen: 5312K(17920K)->4779K(17920K) Eden: 0K(10240K)->0K(10240K) From: 5312K(7680K)->4779K(7680K)
[0.384s][info][gc,heap        ] GC(21) ParOldGen: 27287K(27648K)->27140K(38912K)
[0.384s][info][gc,metaspace   ] GC(21) Metaspace: 6302K(6528K)->6302K(6528K) NonClass: 5769K(5888K)->5769K(5888K) Class: 533K(640K)->533K(640K)
[0.384s][info][gc             ] GC(21) Pause Full (Ergonomics) 31M->31M(55M) 25.818ms
[0.384s][info][gc,cpu         ] GC(21) User=0.02s Sys=0.00s Real=0.02s
[0.393s][info][gc,start       ] GC(22) Pause Young (Allocation Failure)
[0.405s][info][gc,heap        ] GC(22) PSYoungGen: 15019K(17920K)->8192K(17920K) Eden: 10240K(10240K)->0K(9728K) From: 4779K(7680K)->8192K(8192K)
[0.405s][info][gc,heap        ] GC(22) ParOldGen: 27140K(38912K)->32948K(38912K)
[0.405s][info][gc,metaspace   ] GC(22) Metaspace: 6302K(6528K)->6302K(6528K) NonClass: 5769K(5888K)->5769K(5888K) Class: 533K(640K)->533K(640K)
[0.405s][info][gc             ] GC(22) Pause Young (Allocation Failure) 41M->40M(55M) 11.803ms
[0.405s][info][gc,cpu         ] GC(22) User=0.00s Sys=0.00s Real=0.01s
[0.405s][info][gc,start       ] GC(23) Pause Full (Ergonomics)
[0.405s][info][gc,phases,start] GC(23) Marking Phase
[0.421s][info][gc,phases      ] GC(23) Marking Phase 16.152ms
[0.421s][info][gc,phases,start] GC(23) Summary Phase
[0.421s][info][gc,phases      ] GC(23) Summary Phase 0.017ms
[0.421s][info][gc,phases,start] GC(23) Adjust Roots
[0.422s][info][gc,phases      ] GC(23) Adjust Roots 0.159ms
[0.422s][info][gc,phases,start] GC(23) Compaction Phase
[0.437s][info][gc,phases      ] GC(23) Compaction Phase 14.844ms
[0.437s][info][gc,phases,start] GC(23) Post Compact
[0.437s][info][gc,phases      ] GC(23) Post Compact 0.169ms
[0.437s][info][gc,heap        ] GC(23) PSYoungGen: 8192K(17920K)->2555K(17920K) Eden: 0K(9728K)->0K(9728K) From: 8192K(8192K)->2555K(8192K)
[0.437s][info][gc,heap        ] GC(23) ParOldGen: 32948K(38912K)->38473K(52736K)
[0.437s][info][gc,metaspace   ] GC(23) Metaspace: 6302K(6528K)->6302K(6528K) NonClass: 5769K(5888K)->5769K(5888K) Class: 533K(640K)->533K(640K)
[0.437s][info][gc             ] GC(23) Pause Full (Ergonomics) 40M->40M(69M) 31.720ms
[0.437s][info][gc,cpu         ] GC(23) User=0.00s Sys=0.00s Real=0.03s
[0.449s][info][gc,start       ] GC(24) Pause Young (Allocation Failure)
[0.459s][info][gc,heap        ] GC(24) PSYoungGen: 12283K(17920K)->9728K(20992K) Eden: 9728K(9728K)->0K(9728K) From: 2555K(8192K)->9728K(11264K)
[0.459s][info][gc,heap        ] GC(24) ParOldGen: 38473K(52736K)->41073K(52736K)
[0.459s][info][gc,metaspace   ] GC(24) Metaspace: 6302K(6528K)->6302K(6528K) NonClass: 5769K(5888K)->5769K(5888K) Class: 533K(640K)->533K(640K)
[0.459s][info][gc             ] GC(24) Pause Young (Allocation Failure) 49M->49M(72M) 10.154ms
[0.459s][info][gc,cpu         ] GC(24) User=0.00s Sys=0.00s Real=0.01s
[0.469s][info][gc,start       ] GC(25) Pause Young (Allocation Failure)
[0.482s][info][gc,heap        ] GC(25) PSYoungGen: 19456K(20992K)->12768K(19968K) Eden: 9728K(9728K)->0K(7168K) From: 9728K(11264K)->12768K(12800K)
[0.482s][info][gc,heap        ] GC(25) ParOldGen: 41073K(52736K)->47849K(52736K)
[0.482s][info][gc,metaspace   ] GC(25) Metaspace: 6302K(6528K)->6302K(6528K) NonClass: 5769K(5888K)->5769K(5888K) Class: 533K(640K)->533K(640K)
[0.482s][info][gc             ] GC(25) Pause Young (Allocation Failure) 59M->59M(71M) 13.514ms
[0.482s][info][gc,cpu         ] GC(25) User=0.00s Sys=0.00s Real=0.01s
[0.482s][info][gc,start       ] GC(26) Pause Full (Ergonomics)
[0.482s][info][gc,phases,start] GC(26) Marking Phase
[0.506s][info][gc,phases      ] GC(26) Marking Phase 23.627ms
[0.506s][info][gc,phases,start] GC(26) Summary Phase
[0.506s][info][gc,phases      ] GC(26) Summary Phase 0.015ms
[0.506s][info][gc,phases,start] GC(26) Adjust Roots
[0.506s][info][gc,phases      ] GC(26) Adjust Roots 0.156ms
[0.506s][info][gc,phases,start] GC(26) Compaction Phase
[0.525s][info][gc,phases      ] GC(26) Compaction Phase 18.709ms
[0.525s][info][gc,phases,start] GC(26) Post Compact
[0.525s][info][gc,phases      ] GC(26) Post Compact 0.171ms
[0.525s][info][gc,heap        ] GC(26) PSYoungGen: 12768K(19968K)->7122K(19968K) Eden: 0K(7168K)->0K(7168K) From: 12768K(12800K)->7122K(12800K)
[0.525s][info][gc,heap        ] GC(26) ParOldGen: 47849K(52736K)->52286K(69120K)
[0.525s][info][gc,metaspace   ] GC(26) Metaspace: 6302K(6528K)->6302K(6528K) NonClass: 5769K(5888K)->5769K(5888K) Class: 533K(640K)->533K(640K)
[0.525s][info][gc             ] GC(26) Pause Full (Ergonomics) 59M->58M(87M) 43.032ms
[0.526s][info][gc,cpu         ] GC(26) User=0.03s Sys=0.00s Real=0.04s
[0.534s][info][gc,start       ] GC(27) Pause Young (Allocation Failure)
[0.548s][info][gc,heap        ] GC(27) PSYoungGen: 14290K(19968K)->7168K(24576K) Eden: 7168K(7168K)->0K(7168K) From: 7122K(12800K)->7168K(17408K)
[0.548s][info][gc,heap        ] GC(27) ParOldGen: 52286K(69120K)->59526K(69120K)
[0.548s][info][gc,metaspace   ] GC(27) Metaspace: 6302K(6528K)->6302K(6528K) NonClass: 5769K(5888K)->5769K(5888K) Class: 533K(640K)->533K(640K)
[0.548s][info][gc             ] GC(27) Pause Young (Allocation Failure) 65M->65M(91M) 14.258ms
[0.548s][info][gc,cpu         ] GC(27) User=0.00s Sys=0.00s Real=0.01s
[0.555s][info][gc,start       ] GC(28) Pause Young (Allocation Failure)
[0.564s][info][gc,heap        ] GC(28) PSYoungGen: 14336K(24576K)->14336K(23040K) Eden: 7168K(7168K)->0K(6656K) From: 7168K(17408K)->14336K(16384K)
[0.564s][info][gc,heap        ] GC(28) ParOldGen: 59526K(69120K)->59526K(69120K)
[0.564s][info][gc,metaspace   ] GC(28) Metaspace: 6302K(6528K)->6302K(6528K) NonClass: 5769K(5888K)->5769K(5888K) Class: 533K(640K)->533K(640K)
[0.564s][info][gc             ] GC(28) Pause Young (Allocation Failure) 72M->72M(90M) 9.842ms
[0.564s][info][gc,cpu         ] GC(28) User=0.00s Sys=0.00s Real=0.01s
[0.571s][info][gc,start       ] GC(29) Pause Young (Allocation Failure)
[0.585s][info][gc,heap        ] GC(29) PSYoungGen: 20992K(23040K)->13824K(25088K) Eden: 6656K(6656K)->0K(6656K) From: 14336K(16384K)->13824K(18432K)
[0.585s][info][gc,heap        ] GC(29) ParOldGen: 59526K(69120K)->66782K(69120K)
[0.585s][info][gc,metaspace   ] GC(29) Metaspace: 6302K(6528K)->6302K(6528K) NonClass: 5769K(5888K)->5769K(5888K) Class: 533K(640K)->533K(640K)
[0.585s][info][gc             ] GC(29) Pause Young (Allocation Failure) 78M->78M(92M) 13.588ms
[0.585s][info][gc,cpu         ] GC(29) User=0.00s Sys=0.00s Real=0.01s
[0.585s][info][gc,start       ] GC(30) Pause Full (Ergonomics)
[0.585s][info][gc,phases,start] GC(30) Marking Phase
[0.615s][info][gc,phases      ] GC(30) Marking Phase 30.682ms
[0.615s][info][gc,phases,start] GC(30) Summary Phase
[0.615s][info][gc,phases      ] GC(30) Summary Phase 0.020ms
[0.615s][info][gc,phases,start] GC(30) Adjust Roots
[0.616s][info][gc,phases      ] GC(30) Adjust Roots 0.160ms
[0.616s][info][gc,phases,start] GC(30) Compaction Phase
[0.634s][info][gc,phases      ] GC(30) Compaction Phase 18.673ms
[0.634s][info][gc,phases,start] GC(30) Post Compact
[0.635s][info][gc,phases      ] GC(30) Post Compact 0.379ms
[0.635s][info][gc,heap        ] GC(30) PSYoungGen: 13824K(25088K)->11209K(25088K) Eden: 0K(6656K)->0K(6656K) From: 13824K(18432K)->11209K(18432K)
[0.635s][info][gc,heap        ] GC(30) ParOldGen: 66782K(69120K)->69102K(89600K)
[0.635s][info][gc,metaspace   ] GC(30) Metaspace: 6302K(6528K)->6302K(6528K) NonClass: 5769K(5888K)->5769K(5888K) Class: 533K(640K)->533K(640K)
[0.635s][info][gc             ] GC(30) Pause Full (Ergonomics) 78M->78M(112M) 50.303ms
[0.635s][info][gc,cpu         ] GC(30) User=0.06s Sys=0.00s Real=0.05s
[0.642s][info][gc,start       ] GC(31) Pause Young (Allocation Failure)
[0.658s][info][gc,heap        ] GC(31) PSYoungGen: 17865K(25088K)->11968K(27648K) Eden: 6656K(6656K)->0K(8192K) From: 11209K(18432K)->11968K(19456K)
[0.658s][info][gc,heap        ] GC(31) ParOldGen: 69102K(89600K)->75134K(89600K)
[0.658s][info][gc,metaspace   ] GC(31) Metaspace: 6302K(6528K)->6302K(6528K) NonClass: 5769K(5888K)->5769K(5888K) Class: 533K(640K)->533K(640K)
[0.658s][info][gc             ] GC(31) Pause Young (Allocation Failure) 84M->85M(114M) 15.706ms
[0.658s][info][gc,cpu         ] GC(31) User=0.00s Sys=0.00s Real=0.01s
[0.675s][info][gc,start       ] GC(32) Pause Young (Allocation Failure)
[0.688s][info][gc,heap        ] GC(32) PSYoungGen: 20160K(27648K)->14848K(28160K) Eden: 8192K(8192K)->0K(8192K) From: 11968K(19456K)->14848K(19968K)
[0.688s][info][gc,heap        ] GC(32) ParOldGen: 75134K(89600K)->80502K(89600K)
[0.688s][info][gc,metaspace   ] GC(32) Metaspace: 6302K(6528K)->6302K(6528K) NonClass: 5769K(5888K)->5769K(5888K) Class: 533K(640K)->533K(640K)
[0.688s][info][gc             ] GC(32) Pause Young (Allocation Failure) 93M->93M(115M) 13.194ms
[0.688s][info][gc,cpu         ] GC(32) User=0.00s Sys=0.00s Real=0.01s
[0.688s][info][gc,start       ] GC(33) Pause Full (Ergonomics)
[0.688s][info][gc,phases,start] GC(33) Marking Phase
[0.724s][info][gc,phases      ] GC(33) Marking Phase 36.290ms
[0.724s][info][gc,phases,start] GC(33) Summary Phase
[0.724s][info][gc,phases      ] GC(33) Summary Phase 0.020ms
[0.724s][info][gc,phases,start] GC(33) Adjust Roots
[0.724s][info][gc,phases      ] GC(33) Adjust Roots 0.166ms
[0.725s][info][gc,phases,start] GC(33) Compaction Phase
[0.752s][info][gc,phases      ] GC(33) Compaction Phase 27.165ms
[0.752s][info][gc,phases,start] GC(33) Post Compact
[0.752s][info][gc,phases      ] GC(33) Post Compact 0.320ms
[0.752s][info][gc,heap        ] GC(33) PSYoungGen: 14848K(28160K)->3553K(28160K) Eden: 0K(8192K)->0K(8192K) From: 14848K(19968K)->3553K(19968K)
[0.752s][info][gc,heap        ] GC(33) ParOldGen: 80502K(89600K)->89514K(112128K)
[0.752s][info][gc,metaspace   ] GC(33) Metaspace: 6302K(6528K)->6302K(6528K) NonClass: 5769K(5888K)->5769K(5888K) Class: 533K(640K)->533K(640K)
[0.752s][info][gc             ] GC(33) Pause Full (Ergonomics) 93M->90M(137M) 64.330ms
[0.752s][info][gc,cpu         ] GC(33) User=0.08s Sys=0.00s Real=0.06s
[0.762s][info][gc,start       ] GC(34) Pause Young (Allocation Failure)
[0.777s][info][gc,heap        ] GC(34) PSYoungGen: 11745K(28160K)->10208K(29184K) Eden: 8192K(8192K)->0K(9728K) From: 3553K(19968K)->10208K(19456K)
[0.777s][info][gc,heap        ] GC(34) ParOldGen: 89514K(112128K)->91146K(112128K)
[0.777s][info][gc,metaspace   ] GC(34) Metaspace: 6302K(6528K)->6302K(6528K) NonClass: 5769K(5888K)->5769K(5888K) Class: 533K(640K)->533K(640K)
[0.777s][info][gc             ] GC(34) Pause Young (Allocation Failure) 98M->98M(138M) 15.452ms
[0.777s][info][gc,cpu         ] GC(34) User=0.03s Sys=0.00s Real=0.02s
[0.787s][info][gc,start       ] GC(35) Pause Young (Allocation Failure)
[0.799s][info][gc,heap        ] GC(35) PSYoungGen: 19936K(29184K)->19872K(30208K) Eden: 9728K(9728K)->0K(9728K) From: 10208K(19456K)->19872K(20480K)
[0.799s][info][gc,heap        ] GC(35) ParOldGen: 91146K(112128K)->91146K(112128K)
[0.799s][info][gc,metaspace   ] GC(35) Metaspace: 6302K(6528K)->6302K(6528K) NonClass: 5769K(5888K)->5769K(5888K) Class: 533K(640K)->533K(640K)
[0.799s][info][gc             ] GC(35) Pause Young (Allocation Failure) 108M->108M(139M) 12.667ms
[0.799s][info][gc,cpu         ] GC(35) User=0.02s Sys=0.00s Real=0.01s
[0.810s][info][gc,start       ] GC(36) Pause Young (Allocation Failure)
[0.828s][info][gc,heap        ] GC(36) PSYoungGen: 29600K(30208K)->23552K(29184K) Eden: 9728K(9728K)->0K(5632K) From: 19872K(20480K)->23552K(23552K)
[0.828s][info][gc,heap        ] GC(36) ParOldGen: 91146K(112128K)->97250K(112128K)
[0.828s][info][gc,metaspace   ] GC(36) Metaspace: 6302K(6528K)->6302K(6528K) NonClass: 5769K(5888K)->5769K(5888K) Class: 533K(640K)->533K(640K)
[0.829s][info][gc             ] GC(36) Pause Young (Allocation Failure) 117M->117M(138M) 18.676ms
[0.829s][info][gc,cpu         ] GC(36) User=0.05s Sys=0.00s Real=0.02s
[0.834s][info][gc,start       ] GC(37) Pause Young (Allocation Failure)
[0.852s][info][gc,heap        ] GC(37) PSYoungGen: 29184K(29184K)->19648K(34816K) Eden: 5632K(5632K)->0K(5632K) From: 23552K(23552K)->19648K(29184K)
[0.852s][info][gc,heap        ] GC(37) ParOldGen: 97250K(112128K)->106962K(112128K)
[0.852s][info][gc,metaspace   ] GC(37) Metaspace: 6302K(6528K)->6302K(6528K) NonClass: 5769K(5888K)->5769K(5888K) Class: 533K(640K)->533K(640K)
[0.852s][info][gc             ] GC(37) Pause Young (Allocation Failure) 123M->123M(143M) 17.660ms
[0.852s][info][gc,cpu         ] GC(37) User=0.02s Sys=0.02s Real=0.02s
[0.852s][info][gc,start       ] GC(38) Pause Full (Ergonomics)
[0.852s][info][gc,phases,start] GC(38) Marking Phase
[0.888s][info][gc,phases      ] GC(38) Marking Phase 35.839ms
[0.888s][info][gc,phases,start] GC(38) Summary Phase
[0.888s][info][gc,phases      ] GC(38) Summary Phase 0.016ms
[0.888s][info][gc,phases,start] GC(38) Adjust Roots
[0.888s][info][gc,phases      ] GC(38) Adjust Roots 0.148ms
[0.888s][info][gc,phases,start] GC(38) Compaction Phase
[0.910s][info][gc,phases      ] GC(38) Compaction Phase 21.946ms
[0.910s][info][gc,phases,start] GC(38) Post Compact
[0.911s][info][gc,phases      ] GC(38) Post Compact 0.632ms
[0.911s][info][gc,heap        ] GC(38) PSYoungGen: 19648K(34816K)->14440K(34816K) Eden: 0K(5632K)->0K(5632K) From: 19648K(29184K)->14440K(29184K)
[0.911s][info][gc,heap        ] GC(38) ParOldGen: 106962K(112128K)->111776K(137728K)
[0.911s][info][gc,metaspace   ] GC(38) Metaspace: 6302K(6528K)->6302K(6528K) NonClass: 5769K(5888K)->5769K(5888K) Class: 533K(640K)->533K(640K)
[0.911s][info][gc             ] GC(38) Pause Full (Ergonomics) 123M->123M(168M) 59.076ms
[0.911s][info][gc,cpu         ] GC(38) User=0.12s Sys=0.00s Real=0.06s
[0.917s][info][gc,start       ] GC(39) Pause Young (Allocation Failure)
[0.937s][info][gc,heap        ] GC(39) PSYoungGen: 20072K(34816K)->10112K(35328K) Eden: 5632K(5632K)->0K(7168K) From: 14440K(29184K)->10112K(28160K)
[0.937s][info][gc,heap        ] GC(39) ParOldGen: 111776K(137728K)->121976K(137728K)
[0.937s][info][gc,metaspace   ] GC(39) Metaspace: 6302K(6528K)->6302K(6528K) NonClass: 5769K(5888K)->5769K(5888K) Class: 533K(640K)->533K(640K)
[0.937s][info][gc             ] GC(39) Pause Young (Allocation Failure) 128M->128M(169M) 20.547ms
[0.937s][info][gc,cpu         ] GC(39) User=0.00s Sys=0.00s Real=0.02s
[0.944s][info][gc,start       ] GC(40) Pause Young (Allocation Failure)
[0.954s][info][gc,heap        ] GC(40) PSYoungGen: 17280K(35328K)->12800K(36352K) Eden: 7168K(7168K)->0K(7168K) From: 10112K(28160K)->12800K(29184K)
[0.954s][info][gc,heap        ] GC(40) ParOldGen: 121976K(137728K)->126480K(137728K)
[0.954s][info][gc,metaspace   ] GC(40) Metaspace: 6302K(6528K)->6302K(6528K) NonClass: 5769K(5888K)->5769K(5888K) Class: 533K(640K)->533K(640K)
[0.954s][info][gc             ] GC(40) Pause Young (Allocation Failure) 135M->136M(170M) 9.148ms
[0.954s][info][gc,cpu         ] GC(40) User=0.00s Sys=0.02s Real=0.01s
[0.954s][info][gc,start       ] GC(41) Pause Full (Ergonomics)
[0.954s][info][gc,phases,start] GC(41) Marking Phase
[0.991s][info][gc,phases      ] GC(41) Marking Phase 37.188ms
[0.991s][info][gc,phases,start] GC(41) Summary Phase
[0.991s][info][gc,phases      ] GC(41) Summary Phase 0.017ms
[0.991s][info][gc,phases,start] GC(41) Adjust Roots
[0.991s][info][gc,phases      ] GC(41) Adjust Roots 0.148ms
[0.991s][info][gc,phases,start] GC(41) Compaction Phase
[1.014s][info][gc,phases      ] GC(41) Compaction Phase 23.096ms
[1.014s][info][gc,phases,start] GC(41) Post Compact
[1.015s][info][gc,phases      ] GC(41) Post Compact 0.741ms
[1.015s][info][gc,heap        ] GC(41) PSYoungGen: 12800K(36352K)->1494K(36352K) Eden: 0K(7168K)->0K(7168K) From: 12800K(29184K)->1494K(29184K)
[1.015s][info][gc,heap        ] GC(41) ParOldGen: 126480K(137728K)->137458K(166400K)
[1.015s][info][gc,metaspace   ] GC(41) Metaspace: 6302K(6528K)->6302K(6528K) NonClass: 5769K(5888K)->5769K(5888K) Class: 533K(640K)->533K(640K)
[1.015s][info][gc             ] GC(41) Pause Full (Ergonomics) 136M->135M(198M) 61.763ms
[1.015s][info][gc,cpu         ] GC(41) User=0.12s Sys=0.02s Real=0.06s
[1.023s][info][gc,start       ] GC(42) Pause Young (Allocation Failure)
[1.038s][info][gc,heap        ] GC(42) PSYoungGen: 8662K(36352K)->8512K(34304K) Eden: 7168K(7168K)->0K(8704K) From: 1494K(29184K)->8512K(25600K)
[1.038s][info][gc,heap        ] GC(42) ParOldGen: 137458K(166400K)->137706K(166400K)
[1.038s][info][gc,metaspace   ] GC(42) Metaspace: 6302K(6528K)->6302K(6528K) NonClass: 5769K(5888K)->5769K(5888K) Class: 533K(640K)->533K(640K)
[1.038s][info][gc             ] GC(42) Pause Young (Allocation Failure) 142M->142M(196M) 14.457ms
[1.038s][info][gc,cpu         ] GC(42) User=0.00s Sys=0.00s Real=0.01s
[1.046s][info][gc,start       ] GC(43) Pause Young (Allocation Failure)
[1.058s][info][gc,heap        ] GC(43) PSYoungGen: 17216K(34304K)->17184K(35328K) Eden: 8704K(8704K)->0K(8704K) From: 8512K(25600K)->17184K(26624K)
[1.058s][info][gc,heap        ] GC(43) ParOldGen: 137706K(166400K)->137706K(166400K)
[1.058s][info][gc,metaspace   ] GC(43) Metaspace: 6302K(6528K)->6302K(6528K) NonClass: 5769K(5888K)->5769K(5888K) Class: 533K(640K)->533K(640K)
[1.058s][info][gc             ] GC(43) Pause Young (Allocation Failure) 151M->151M(197M) 11.198ms
[1.058s][info][gc,cpu         ] GC(43) User=0.00s Sys=0.00s Real=0.01s
[1.066s][info][gc,start       ] GC(44) Pause Young (Allocation Failure)
[1.082s][info][gc,heap        ] GC(44) PSYoungGen: 25888K(35328K)->24576K(34304K) Eden: 8704K(8704K)->0K(7168K) From: 17184K(26624K)->24576K(27136K)
[1.082s][info][gc,heap        ] GC(44) ParOldGen: 137706K(166400K)->139002K(166400K)
[1.082s][info][gc,metaspace   ] GC(44) Metaspace: 6302K(6528K)->6302K(6528K) NonClass: 5769K(5888K)->5769K(5888K) Class: 533K(640K)->533K(640K)
[1.082s][info][gc             ] GC(44) Pause Young (Allocation Failure) 159M->159M(196M) 15.814ms
[1.082s][info][gc,cpu         ] GC(44) User=0.00s Sys=0.00s Real=0.02s
[1.089s][info][gc,start       ] GC(45) Pause Young (Allocation Failure)
[1.108s][info][gc,heap        ] GC(45) PSYoungGen: 31744K(34304K)->24608K(37376K) Eden: 7168K(7168K)->0K(7168K) From: 24576K(27136K)->24608K(30208K)
[1.108s][info][gc,heap        ] GC(45) ParOldGen: 139002K(166400K)->146266K(166400K)
[1.108s][info][gc,metaspace   ] GC(45) Metaspace: 6302K(6528K)->6302K(6528K) NonClass: 5769K(5888K)->5769K(5888K) Class: 533K(640K)->533K(640K)
[1.108s][info][gc             ] GC(45) Pause Young (Allocation Failure) 166M->166M(199M) 19.052ms
[1.108s][info][gc,cpu         ] GC(45) User=0.05s Sys=0.00s Real=0.02s
[1.144s][info][gc,start       ] GC(46) Pause Young (Allocation Failure)
[1.168s][info][gc,heap        ] GC(46) PSYoungGen: 31776K(37376K)->14368K(37376K) Eden: 7168K(7168K)->0K(8704K) From: 24608K(30208K)->14368K(28672K)
[1.168s][info][gc,heap        ] GC(46) ParOldGen: 154458K(166400K)->172090K(172544K)
[1.168s][info][gc,metaspace   ] GC(46) Metaspace: 6302K(6528K)->6302K(6528K) NonClass: 5769K(5888K)->5769K(5888K) Class: 533K(640K)->533K(640K)
[1.168s][info][gc             ] GC(46) Pause Young (Allocation Failure) 181M->182M(205M) 23.701ms
[1.168s][info][gc,cpu         ] GC(46) User=0.02s Sys=0.00s Real=0.02s
[1.168s][info][gc,start       ] GC(47) Pause Full (Ergonomics)
[1.168s][info][gc,phases,start] GC(47) Marking Phase
[1.223s][info][gc,phases      ] GC(47) Marking Phase 55.367ms
[1.223s][info][gc,phases,start] GC(47) Summary Phase
[1.223s][info][gc,phases      ] GC(47) Summary Phase 0.018ms
[1.223s][info][gc,phases,start] GC(47) Adjust Roots
[1.224s][info][gc,phases      ] GC(47) Adjust Roots 0.206ms
[1.224s][info][gc,phases,start] GC(47) Compaction Phase
[1.262s][info][gc,phases      ] GC(47) Compaction Phase 38.061ms
[1.262s][info][gc,phases,start] GC(47) Post Compact
[1.263s][info][gc,phases      ] GC(47) Post Compact 0.746ms
[1.263s][info][gc,heap        ] GC(47) PSYoungGen: 14368K(37376K)->9678K(38912K) Eden: 0K(8704K)->0K(10240K) From: 14368K(28672K)->9678K(28672K)
[1.263s][info][gc,heap        ] GC(47) ParOldGen: 172090K(172544K)->172124K(206848K)
[1.263s][info][gc,metaspace   ] GC(47) Metaspace: 6302K(6528K)->6302K(6528K) NonClass: 5769K(5888K)->5769K(5888K) Class: 533K(640K)->533K(640K)
[1.263s][info][gc             ] GC(47) Pause Full (Ergonomics) 182M->177M(240M) 94.857ms
[1.263s][info][gc,cpu         ] GC(47) User=0.20s Sys=0.00s Real=0.10s
[1.273s][info][gc,start       ] GC(48) Pause Young (Allocation Failure)
[1.292s][info][gc,heap        ] GC(48) PSYoungGen: 19918K(38912K)->15008K(40960K) Eden: 10240K(10240K)->0K(10240K) From: 9678K(28672K)->15008K(30720K)
[1.292s][info][gc,heap        ] GC(48) ParOldGen: 172124K(206848K)->177212K(206848K)
[1.292s][info][gc,metaspace   ] GC(48) Metaspace: 6302K(6528K)->6302K(6528K) NonClass: 5769K(5888K)->5769K(5888K) Class: 533K(640K)->533K(640K)
[1.292s][info][gc             ] GC(48) Pause Young (Allocation Failure) 187M->187M(242M) 18.654ms
[1.292s][info][gc,cpu         ] GC(48) User=0.05s Sys=0.02s Real=0.02s
[1.304s][info][gc,start       ] GC(49) Pause Young (Allocation Failure)
[1.317s][info][gc,heap        ] GC(49) PSYoungGen: 25248K(40960K)->20544K(39936K) Eden: 10240K(10240K)->0K(10752K) From: 15008K(30720K)->20544K(29184K)
[1.317s][info][gc,heap        ] GC(49) ParOldGen: 177212K(206848K)->181972K(206848K)
[1.317s][info][gc,metaspace   ] GC(49) Metaspace: 6302K(6528K)->6302K(6528K) NonClass: 5769K(5888K)->5769K(5888K) Class: 533K(640K)->533K(640K)
[1.317s][info][gc             ] GC(49) Pause Young (Allocation Failure) 197M->197M(241M) 13.547ms
[1.317s][info][gc,cpu         ] GC(49) User=0.02s Sys=0.00s Real=0.01s
[1.328s][info][gc,start       ] GC(50) Pause Young (Allocation Failure)
[1.344s][info][gc,heap        ] GC(50) PSYoungGen: 31296K(39936K)->21056K(40960K) Eden: 10752K(10752K)->0K(10752K) From: 20544K(29184K)->21056K(30208K)
[1.344s][info][gc,heap        ] GC(50) ParOldGen: 181972K(206848K)->192348K(206848K)
[1.344s][info][gc,metaspace   ] GC(50) Metaspace: 6302K(6528K)->6302K(6528K) NonClass: 5769K(5888K)->5769K(5888K) Class: 533K(640K)->533K(640K)
[1.344s][info][gc             ] GC(50) Pause Young (Allocation Failure) 208M->208M(242M) 16.315ms
[1.344s][info][gc,cpu         ] GC(50) User=0.02s Sys=0.00s Real=0.02s
[1.345s][info][gc,start       ] GC(51) Pause Full (Ergonomics)
[1.345s][info][gc,phases,start] GC(51) Marking Phase
[1.402s][info][gc,phases      ] GC(51) Marking Phase 57.784ms
[1.402s][info][gc,phases,start] GC(51) Summary Phase
[1.402s][info][gc,phases      ] GC(51) Summary Phase 0.018ms
[1.402s][info][gc,phases,start] GC(51) Adjust Roots
[1.403s][info][gc,phases      ] GC(51) Adjust Roots 0.152ms
[1.403s][info][gc,phases,start] GC(51) Compaction Phase
[1.431s][info][gc,phases      ] GC(51) Compaction Phase 27.938ms
[1.431s][info][gc,phases,start] GC(51) Post Compact
[1.432s][info][gc,phases      ] GC(51) Post Compact 0.948ms
[1.432s][info][gc,heap        ] GC(51) PSYoungGen: 21056K(40960K)->6112K(40960K) Eden: 0K(10752K)->0K(10752K) From: 21056K(30208K)->6112K(30208K)
[1.432s][info][gc,heap        ] GC(51) ParOldGen: 192348K(206848K)->206829K(242688K)
[1.432s][info][gc,metaspace   ] GC(51) Metaspace: 6302K(6528K)->6302K(6528K) NonClass: 5769K(5888K)->5769K(5888K) Class: 533K(640K)->533K(640K)
[1.432s][info][gc             ] GC(51) Pause Full (Ergonomics) 208M->207M(277M) 87.325ms
[1.432s][info][gc,cpu         ] GC(51) User=0.30s Sys=0.02s Real=0.09s
[1.443s][info][gc,start       ] GC(52) Pause Young (Allocation Failure)
[1.461s][info][gc,heap        ] GC(52) PSYoungGen: 16864K(40960K)->13568K(40448K) Eden: 10752K(10752K)->0K(12288K) From: 6112K(30208K)->13568K(28160K)
[1.461s][info][gc,heap        ] GC(52) ParOldGen: 206829K(242688K)->210301K(242688K)
[1.461s][info][gc,metaspace   ] GC(52) Metaspace: 6302K(6528K)->6302K(6528K) NonClass: 5769K(5888K)->5769K(5888K) Class: 533K(640K)->533K(640K)
[1.461s][info][gc             ] GC(52) Pause Young (Allocation Failure) 218M->218M(276M) 17.717ms
[1.461s][info][gc,cpu         ] GC(52) User=0.03s Sys=0.00s Real=0.02s
[1.474s][info][gc,start       ] GC(53) Pause Young (Allocation Failure)
[1.487s][info][gc,heap        ] GC(53) PSYoungGen: 25856K(40448K)->25824K(41984K) Eden: 12288K(12288K)->0K(12288K) From: 13568K(28160K)->25824K(29696K)
[1.488s][info][gc,heap        ] GC(53) ParOldGen: 210301K(242688K)->210301K(242688K)
[1.488s][info][gc,metaspace   ] GC(53) Metaspace: 6302K(6528K)->6302K(6528K) NonClass: 5769K(5888K)->5769K(5888K) Class: 533K(640K)->533K(640K)
[1.488s][info][gc             ] GC(53) Pause Young (Allocation Failure) 230M->230M(278M) 13.274ms
[1.488s][info][gc,cpu         ] GC(53) User=0.00s Sys=0.00s Real=0.01s
[1.501s][info][gc,start       ] GC(54) Pause Young (Allocation Failure)
[1.520s][info][gc,heap        ] GC(54) PSYoungGen: 38112K(41984K)->31744K(38912K) Eden: 12288K(12288K)->0K(7168K) From: 25824K(29696K)->31744K(31744K)
[1.520s][info][gc,heap        ] GC(54) ParOldGen: 210301K(242688K)->216677K(242688K)
[1.520s][info][gc,metaspace   ] GC(54) Metaspace: 6302K(6528K)->6302K(6528K) NonClass: 5769K(5888K)->5769K(5888K) Class: 533K(640K)->533K(640K)
[1.520s][info][gc             ] GC(54) Pause Young (Allocation Failure) 242M->242M(275M) 18.879ms
[1.520s][info][gc,cpu         ] GC(54) User=0.06s Sys=0.02s Real=0.02s
[1.528s][info][gc,start       ] GC(55) Pause Young (Allocation Failure)
[1.546s][info][gc,heap        ] GC(55) PSYoungGen: 38912K(38912K)->28096K(45568K) Eden: 7168K(7168K)->0K(7168K) From: 31744K(31744K)->28096K(38400K)
[1.546s][info][gc,heap        ] GC(55) ParOldGen: 216677K(242688K)->227749K(242688K)
[1.546s][info][gc,metaspace   ] GC(55) Metaspace: 6302K(6528K)->6302K(6528K) NonClass: 5769K(5888K)->5769K(5888K) Class: 533K(640K)->533K(640K)
[1.546s][info][gc             ] GC(55) Pause Young (Allocation Failure) 249M->249M(281M) 17.925ms
[1.546s][info][gc,cpu         ] GC(55) User=0.06s Sys=0.00s Real=0.02s
[1.546s][info][gc,start       ] GC(56) Pause Full (Ergonomics)
[1.546s][info][gc,phases,start] GC(56) Marking Phase
[1.606s][info][gc,phases      ] GC(56) Marking Phase 60.670ms
[1.606s][info][gc,phases,start] GC(56) Summary Phase
[1.606s][info][gc,phases      ] GC(56) Summary Phase 0.017ms
[1.606s][info][gc,phases,start] GC(56) Adjust Roots
[1.607s][info][gc,phases      ] GC(56) Adjust Roots 0.174ms
[1.607s][info][gc,phases,start] GC(56) Compaction Phase
[1.635s][info][gc,phases      ] GC(56) Compaction Phase 28.428ms
[1.635s][info][gc,phases,start] GC(56) Post Compact
[1.636s][info][gc,phases      ] GC(56) Post Compact 1.247ms
[1.637s][info][gc,heap        ] GC(56) PSYoungGen: 28096K(45568K)->13108K(45568K) Eden: 0K(7168K)->0K(7168K) From: 28096K(38400K)->13108K(38400K)
[1.637s][info][gc,heap        ] GC(56) ParOldGen: 227749K(242688K)->242202K(280064K)
[1.637s][info][gc,metaspace   ] GC(56) Metaspace: 6302K(6528K)->6302K(6528K) NonClass: 5769K(5888K)->5769K(5888K) Class: 533K(640K)->533K(640K)
[1.637s][info][gc             ] GC(56) Pause Full (Ergonomics) 249M->249M(318M) 91.040ms
[1.637s][info][gc,cpu         ] GC(56) User=0.41s Sys=0.02s Real=0.09s
[1.646s][info][gc,start       ] GC(57) Pause Young (Allocation Failure)
[1.666s][info][gc,heap        ] GC(57) PSYoungGen: 20276K(45568K)->11616K(46592K) Eden: 7168K(7168K)->0K(8192K) From: 13108K(38400K)->11616K(38400K)
[1.666s][info][gc,heap        ] GC(57) ParOldGen: 242202K(280064K)->251090K(280064K)
[1.666s][info][gc,metaspace   ] GC(57) Metaspace: 6302K(6528K)->6302K(6528K) NonClass: 5769K(5888K)->5769K(5888K) Class: 533K(640K)->533K(640K)
[1.666s][info][gc             ] GC(57) Pause Young (Allocation Failure) 256M->256M(319M) 20.204ms
[1.666s][info][gc,cpu         ] GC(57) User=0.09s Sys=0.02s Real=0.02s
[1.675s][info][gc,start       ] GC(58) Pause Young (Allocation Failure)
[1.685s][info][gc,heap        ] GC(58) PSYoungGen: 19808K(46592K)->15424K(24064K) Eden: 8192K(8192K)->0K(8192K) From: 11616K(38400K)->15424K(15872K)
[1.685s][info][gc,heap        ] GC(58) ParOldGen: 251090K(280064K)->255538K(280064K)
[1.685s][info][gc,metaspace   ] GC(58) Metaspace: 6302K(6528K)->6302K(6528K) NonClass: 5769K(5888K)->5769K(5888K) Class: 533K(640K)->533K(640K)
[1.685s][info][gc             ] GC(58) Pause Young (Allocation Failure) 264M->264M(297M) 10.457ms
[1.685s][info][gc,cpu         ] GC(58) User=0.00s Sys=0.00s Real=0.01s
[1.694s][info][gc,start       ] GC(59) Pause Young (Allocation Failure)
[1.706s][info][gc,heap        ] GC(59) PSYoungGen: 23616K(24064K)->16480K(45056K) Eden: 8192K(8192K)->0K(9728K) From: 15424K(15872K)->16480K(35328K)
[1.706s][info][gc,heap        ] GC(59) ParOldGen: 255538K(280064K)->262802K(280064K)
[1.706s][info][gc,metaspace   ] GC(59) Metaspace: 6302K(6528K)->6302K(6528K) NonClass: 5769K(5888K)->5769K(5888K) Class: 533K(640K)->533K(640K)
[1.706s][info][gc             ] GC(59) Pause Young (Allocation Failure) 272M->272M(317M) 12.061ms
[1.706s][info][gc,cpu         ] GC(59) User=0.02s Sys=0.00s Real=0.01s
[1.717s][info][gc,start       ] GC(60) Pause Young (Allocation Failure)
[1.731s][info][gc,heap        ] GC(60) PSYoungGen: 26208K(45056K)->18016K(46080K) Eden: 9728K(9728K)->0K(9728K) From: 16480K(35328K)->18016K(36352K)
[1.731s][info][gc,heap        ] GC(60) ParOldGen: 262802K(280064K)->271098K(280064K)
[1.731s][info][gc,metaspace   ] GC(60) Metaspace: 6302K(6528K)->6302K(6528K) NonClass: 5769K(5888K)->5769K(5888K) Class: 533K(640K)->533K(640K)
[1.731s][info][gc             ] GC(60) Pause Young (Allocation Failure) 282M->282M(318M) 13.282ms
[1.731s][info][gc,cpu         ] GC(60) User=0.02s Sys=0.00s Real=0.01s
[1.731s][info][gc,start       ] GC(61) Pause Full (Ergonomics)
[1.731s][info][gc,phases,start] GC(61) Marking Phase
[1.795s][info][gc,phases      ] GC(61) Marking Phase 64.109ms
[1.795s][info][gc,phases,start] GC(61) Summary Phase
[1.795s][info][gc,phases      ] GC(61) Summary Phase 0.018ms
[1.795s][info][gc,phases,start] GC(61) Adjust Roots
[1.795s][info][gc,phases      ] GC(61) Adjust Roots 0.150ms
[1.795s][info][gc,phases,start] GC(61) Compaction Phase
[1.826s][info][gc,phases      ] GC(61) Compaction Phase 31.038ms
[1.826s][info][gc,phases,start] GC(61) Post Compact
[1.827s][info][gc,phases      ] GC(61) Post Compact 1.259ms
[1.828s][info][gc,heap        ] GC(61) PSYoungGen: 18016K(46080K)->8659K(46080K) Eden: 0K(9728K)->0K(9728K) From: 18016K(36352K)->8659K(36352K)
[1.828s][info][gc,heap        ] GC(61) ParOldGen: 271098K(280064K)->279803K(319488K)
[1.828s][info][gc,metaspace   ] GC(61) Metaspace: 6302K(6528K)->6302K(6528K) NonClass: 5769K(5888K)->5769K(5888K) Class: 533K(640K)->533K(640K)
[1.828s][info][gc             ] GC(61) Pause Full (Ergonomics) 282M->281M(357M) 97.161ms
[1.828s][info][gc,cpu         ] GC(61) User=0.39s Sys=0.05s Real=0.10s
[1.839s][info][gc,start       ] GC(62) Pause Young (Allocation Failure)
[1.863s][info][gc,heap        ] GC(62) PSYoungGen: 18387K(46080K)->14816K(44032K) Eden: 9728K(9728K)->0K(11264K) From: 8659K(36352K)->14816K(32768K)
[1.863s][info][gc,heap        ] GC(62) ParOldGen: 279803K(319488K)->283571K(319488K)
[1.863s][info][gc,metaspace   ] GC(62) Metaspace: 6302K(6528K)->6302K(6528K) NonClass: 5769K(5888K)->5769K(5888K) Class: 533K(640K)->533K(640K)
[1.863s][info][gc             ] GC(62) Pause Young (Allocation Failure) 291M->291M(355M) 23.387ms
[1.863s][info][gc,cpu         ] GC(62) User=0.09s Sys=0.02s Real=0.02s
[1.875s][info][gc,start       ] GC(63) Pause Young (Allocation Failure)
[1.890s][info][gc,heap        ] GC(63) PSYoungGen: 26080K(44032K)->26112K(45056K) Eden: 11264K(11264K)->0K(11264K) From: 14816K(32768K)->26112K(33792K)
[1.890s][info][gc,heap        ] GC(63) ParOldGen: 283571K(319488K)->283571K(319488K)
[1.890s][info][gc,metaspace   ] GC(63) Metaspace: 6302K(6528K)->6302K(6528K) NonClass: 5769K(5888K)->5769K(5888K) Class: 533K(640K)->533K(640K)
[1.890s][info][gc             ] GC(63) Pause Young (Allocation Failure) 302M->302M(356M) 14.243ms
[1.890s][info][gc,cpu         ] GC(63) User=0.00s Sys=0.00s Real=0.01s
[1.903s][info][gc,start       ] GC(64) Pause Young (Allocation Failure)
[1.922s][info][gc,heap        ] GC(64) PSYoungGen: 37376K(45056K)->32320K(45056K) Eden: 11264K(11264K)->0K(9728K) From: 26112K(33792K)->32320K(35328K)
[1.922s][info][gc,heap        ] GC(64) ParOldGen: 283571K(319488K)->288659K(319488K)
[1.922s][info][gc,metaspace   ] GC(64) Metaspace: 6302K(6528K)->6302K(6528K) NonClass: 5769K(5888K)->5769K(5888K) Class: 533K(640K)->533K(640K)
[1.922s][info][gc             ] GC(64) Pause Young (Allocation Failure) 313M->313M(356M) 19.319ms
[1.922s][info][gc,cpu         ] GC(64) User=0.09s Sys=0.00s Real=0.02s
[1.933s][info][gc,start       ] GC(65) Pause Young (Allocation Failure)
[1.955s][info][gc,heap        ] GC(65) PSYoungGen: 42048K(45056K)->32352K(48128K) Eden: 9728K(9728K)->0K(9728K) From: 32320K(35328K)->32352K(38400K)
[1.955s][info][gc,heap        ] GC(65) ParOldGen: 288659K(319488K)->298531K(319488K)
[1.955s][info][gc,metaspace   ] GC(65) Metaspace: 6302K(6528K)->6302K(6528K) NonClass: 5769K(5888K)->5769K(5888K) Class: 533K(640K)->533K(640K)
[1.955s][info][gc             ] GC(65) Pause Young (Allocation Failure) 322M->323M(359M) 21.919ms
[1.955s][info][gc,cpu         ] GC(65) User=0.11s Sys=0.00s Real=0.02s
[1.966s][info][gc,start       ] GC(66) Pause Young (Allocation Failure)
[1.989s][info][gc,heap        ] GC(66) PSYoungGen: 42080K(48128K)->19520K(49152K) Eden: 9728K(9728K)->0K(11264K) From: 32352K(38400K)->19520K(37888K)
[1.989s][info][gc,heap        ] GC(66) ParOldGen: 298531K(319488K)->321355K(321536K)
[1.989s][info][gc,metaspace   ] GC(66) Metaspace: 6302K(6528K)->6302K(6528K) NonClass: 5769K(5888K)->5769K(5888K) Class: 533K(640K)->533K(640K)
[1.989s][info][gc             ] GC(66) Pause Young (Allocation Failure) 332M->332M(362M) 23.091ms
[1.989s][info][gc,cpu         ] GC(66) User=0.12s Sys=0.00s Real=0.02s
[1.989s][info][gc,start       ] GC(67) Pause Full (Ergonomics)
[1.989s][info][gc,phases,start] GC(67) Marking Phase
[2.060s][info][gc,phases      ] GC(67) Marking Phase 70.406ms
[2.060s][info][gc,phases,start] GC(67) Summary Phase
[2.060s][info][gc,phases      ] GC(67) Summary Phase 0.018ms
[2.060s][info][gc,phases,start] GC(67) Adjust Roots
[2.060s][info][gc,phases      ] GC(67) Adjust Roots 0.156ms
[2.060s][info][gc,phases,start] GC(67) Compaction Phase
[2.104s][info][gc,phases      ] GC(67) Compaction Phase 43.707ms
[2.104s][info][gc,phases,start] GC(67) Post Compact
[2.106s][info][gc,phases      ] GC(67) Post Compact 1.877ms
[2.106s][info][gc,heap        ] GC(67) PSYoungGen: 19520K(49152K)->18873K(50688K) Eden: 0K(11264K)->0K(12800K) From: 19520K(37888K)->18873K(37888K)
[2.106s][info][gc,heap        ] GC(67) ParOldGen: 321355K(321536K)->321128K(368128K)
[2.106s][info][gc,metaspace   ] GC(67) Metaspace: 6302K(6528K)->6302K(6528K) NonClass: 5769K(5888K)->5769K(5888K) Class: 533K(640K)->533K(640K)
[2.106s][info][gc             ] GC(67) Pause Full (Ergonomics) 332M->332M(409M) 116.723ms
[2.106s][info][gc,cpu         ] GC(67) User=0.61s Sys=0.00s Real=0.12s
[2.120s][info][gc,start       ] GC(68) Pause Young (Allocation Failure)
[2.150s][info][gc,heap        ] GC(68) PSYoungGen: 31673K(50688K)->12960K(52224K) Eden: 12800K(12800K)->0K(12800K) From: 18873K(37888K)->12960K(39424K)
[2.150s][info][gc,heap        ] GC(68) ParOldGen: 321128K(368128K)->340312K(368128K)
[2.150s][info][gc,metaspace   ] GC(68) Metaspace: 6302K(6528K)->6302K(6528K) NonClass: 5769K(5888K)->5769K(5888K) Class: 533K(640K)->533K(640K)
[2.150s][info][gc             ] GC(68) Pause Young (Allocation Failure) 344M->344M(410M) 29.563ms
[2.150s][info][gc,cpu         ] GC(68) User=0.12s Sys=0.02s Real=0.03s
[2.225s][info][gc,start       ] GC(69) Pause Full (Ergonomics)
[2.225s][info][gc,phases,start] GC(69) Marking Phase
[2.304s][info][gc,phases      ] GC(69) Marking Phase 79.082ms
[2.304s][info][gc,phases,start] GC(69) Summary Phase
[2.304s][info][gc,phases      ] GC(69) Summary Phase 0.026ms
[2.304s][info][gc,phases,start] GC(69) Adjust Roots
[2.305s][info][gc,phases      ] GC(69) Adjust Roots 0.152ms
[2.305s][info][gc,phases,start] GC(69) Compaction Phase
[2.370s][info][gc,phases      ] GC(69) Compaction Phase 65.680ms
[2.370s][info][gc,phases,start] GC(69) Post Compact
[2.372s][info][gc,phases      ] GC(69) Post Compact 1.892ms
[2.373s][info][gc,heap        ] GC(69) PSYoungGen: 25760K(52224K)->5612K(52224K) Eden: 12800K(12800K)->0K(12800K) From: 12960K(39424K)->5612K(39424K)
[2.373s][info][gc,heap        ] GC(69) ParOldGen: 356696K(368128K)->368119K(421376K)
[2.373s][info][gc,metaspace   ] GC(69) Metaspace: 6302K(6528K)->6302K(6528K) NonClass: 5769K(5888K)->5769K(5888K) Class: 533K(640K)->533K(640K)
[2.373s][info][gc             ] GC(69) Pause Full (Ergonomics) 373M->364M(462M) 147.501ms
[2.373s][info][gc,cpu         ] GC(69) User=0.81s Sys=0.02s Real=0.15s
[2.388s][info][gc,start       ] GC(70) Pause Young (Allocation Failure)
[2.412s][info][gc,heap        ] GC(70) PSYoungGen: 18412K(52224K)->12928K(52224K) Eden: 12800K(12800K)->0K(14336K) From: 5612K(39424K)->12928K(37888K)
[2.412s][info][gc,heap        ] GC(70) ParOldGen: 368119K(421376K)->373847K(421376K)
[2.412s][info][gc,metaspace   ] GC(70) Metaspace: 6302K(6528K)->6302K(6528K) NonClass: 5769K(5888K)->5769K(5888K) Class: 533K(640K)->533K(640K)
[2.412s][info][gc             ] GC(70) Pause Young (Allocation Failure) 377M->377M(462M) 24.217ms
[2.412s][info][gc,cpu         ] GC(70) User=0.12s Sys=0.00s Real=0.02s
[2.426s][info][gc,start       ] GC(71) Pause Young (Allocation Failure)
[2.440s][info][gc,heap        ] GC(71) PSYoungGen: 27264K(52224K)->27296K(52736K) Eden: 14336K(14336K)->0K(14336K) From: 12928K(37888K)->27296K(38400K)
[2.441s][info][gc,heap        ] GC(71) ParOldGen: 373847K(421376K)->373847K(421376K)
[2.441s][info][gc,metaspace   ] GC(71) Metaspace: 6302K(6528K)->6302K(6528K) NonClass: 5769K(5888K)->5769K(5888K) Class: 533K(640K)->533K(640K)
[2.441s][info][gc             ] GC(71) Pause Young (Allocation Failure) 391M->391M(463M) 14.055ms
[2.441s][info][gc,cpu         ] GC(71) User=0.02s Sys=0.00s Real=0.01s
[2.456s][info][gc,start       ] GC(72) Pause Young (Allocation Failure)
[2.476s][info][gc,heap        ] GC(72) PSYoungGen: 41632K(52736K)->39424K(49152K) Eden: 14336K(14336K)->0K(9728K) From: 27296K(38400K)->39424K(39424K)
[2.476s][info][gc,heap        ] GC(72) ParOldGen: 373847K(421376K)->375951K(421376K)
[2.476s][info][gc,metaspace   ] GC(72) Metaspace: 6302K(6528K)->6302K(6528K) NonClass: 5769K(5888K)->5769K(5888K) Class: 533K(640K)->533K(640K)
[2.476s][info][gc             ] GC(72) Pause Young (Allocation Failure) 405M->405M(459M) 20.500ms
[2.476s][info][gc,cpu         ] GC(72) User=0.06s Sys=0.03s Real=0.02s
[2.486s][info][gc,start       ] GC(73) Pause Young (Allocation Failure)
[2.511s][info][gc,heap        ] GC(73) PSYoungGen: 49152K(49152K)->24096K(55296K) Eden: 9728K(9728K)->0K(9728K) From: 39424K(39424K)->24096K(45568K)
[2.511s][info][gc,heap        ] GC(73) ParOldGen: 375951K(421376K)->401463K(421376K)
[2.511s][info][gc,metaspace   ] GC(73) Metaspace: 6302K(6528K)->6302K(6528K) NonClass: 5769K(5888K)->5769K(5888K) Class: 533K(640K)->533K(640K)
[2.511s][info][gc             ] GC(73) Pause Young (Allocation Failure) 415M->415M(465M) 25.457ms
[2.512s][info][gc,cpu         ] GC(73) User=0.12s Sys=0.00s Real=0.03s
[2.512s][info][gc,start       ] GC(74) Pause Full (Ergonomics)
[2.512s][info][gc,phases,start] GC(74) Marking Phase
[2.599s][info][gc,phases      ] GC(74) Marking Phase 86.997ms
[2.599s][info][gc,phases,start] GC(74) Summary Phase
[2.599s][info][gc,phases      ] GC(74) Summary Phase 0.028ms
[2.599s][info][gc,phases,start] GC(74) Adjust Roots
[2.599s][info][gc,phases      ] GC(74) Adjust Roots 0.152ms
[2.599s][info][gc,phases,start] GC(74) Compaction Phase
[2.642s][info][gc,phases      ] GC(74) Compaction Phase 42.952ms
[2.642s][info][gc,phases,start] GC(74) Post Compact
[2.644s][info][gc,phases      ] GC(74) Post Compact 1.992ms
[2.644s][info][gc,heap        ] GC(74) PSYoungGen: 24096K(55296K)->3484K(55296K) Eden: 0K(9728K)->0K(9728K) From: 24096K(45568K)->3484K(45568K)
[2.644s][info][gc,heap        ] GC(74) ParOldGen: 401463K(421376K)->421329K(481280K)
[2.644s][info][gc,metaspace   ] GC(74) Metaspace: 6302K(6528K)->6302K(6528K) NonClass: 5769K(5888K)->5769K(5888K) Class: 533K(640K)->533K(640K)
[2.644s][info][gc             ] GC(74) Pause Full (Ergonomics) 415M->414M(524M) 132.693ms
[2.644s][info][gc,cpu         ] GC(74) User=0.91s Sys=0.00s Real=0.13s
[2.654s][info][gc,start       ] GC(75) Pause Young (Allocation Failure)
[2.678s][info][gc,heap        ] GC(75) PSYoungGen: 13212K(55296K)->10752K(53248K) Eden: 9728K(9728K)->0K(10752K) From: 3484K(45568K)->10752K(42496K)
[2.678s][info][gc,heap        ] GC(75) ParOldGen: 421329K(481280K)->423953K(481280K)
[2.678s][info][gc,metaspace   ] GC(75) Metaspace: 6302K(6528K)->6302K(6528K) NonClass: 5769K(5888K)->5769K(5888K) Class: 533K(640K)->533K(640K)
[2.678s][info][gc             ] GC(75) Pause Young (Allocation Failure) 424M->424M(522M) 23.620ms
[2.678s][info][gc,cpu         ] GC(75) User=0.14s Sys=0.00s Real=0.02s
[2.689s][info][gc,start       ] GC(76) Pause Young (Allocation Failure)
[2.700s][info][gc,heap        ] GC(76) PSYoungGen: 21504K(53248K)->21504K(32256K) Eden: 10752K(10752K)->0K(10752K) From: 10752K(42496K)->21504K(21504K)
[2.700s][info][gc,heap        ] GC(76) ParOldGen: 423953K(481280K)->423953K(481280K)
[2.700s][info][gc,metaspace   ] GC(76) Metaspace: 6302K(6528K)->6302K(6528K) NonClass: 5769K(5888K)->5769K(5888K) Class: 533K(640K)->533K(640K)
[2.700s][info][gc             ] GC(76) Pause Young (Allocation Failure) 435M->435M(501M) 11.418ms
[2.700s][info][gc,cpu         ] GC(76) User=0.00s Sys=0.00s Real=0.01s
[2.711s][info][gc,start       ] GC(77) Pause Young (Allocation Failure)
[2.727s][info][gc,heap        ] GC(77) PSYoungGen: 32256K(32256K)->32256K(51712K) Eden: 10752K(10752K)->0K(10240K) From: 21504K(21504K)->32256K(41472K)
[2.727s][info][gc,heap        ] GC(77) ParOldGen: 423953K(481280K)->423953K(481280K)
[2.727s][info][gc,metaspace   ] GC(77) Metaspace: 6302K(6528K)->6302K(6528K) NonClass: 5769K(5888K)->5769K(5888K) Class: 533K(640K)->533K(640K)
[2.727s][info][gc             ] GC(77) Pause Young (Allocation Failure) 445M->445M(520M) 15.574ms
[2.727s][info][gc,cpu         ] GC(77) User=0.02s Sys=0.00s Real=0.01s
[2.738s][info][gc,start       ] GC(78) Pause Young (Allocation Failure)
[2.758s][info][gc,heap        ] GC(78) PSYoungGen: 42496K(51712K)->41568K(53760K) Eden: 10240K(10240K)->0K(10240K) From: 32256K(41472K)->41568K(43520K)
[2.758s][info][gc,heap        ] GC(78) ParOldGen: 423953K(481280K)->424921K(481280K)
[2.758s][info][gc,metaspace   ] GC(78) Metaspace: 6302K(6528K)->6302K(6528K) NonClass: 5769K(5888K)->5769K(5888K) Class: 533K(640K)->533K(640K)
[2.758s][info][gc             ] GC(78) Pause Young (Allocation Failure) 455M->455M(522M) 19.810ms
[2.758s][info][gc,cpu         ] GC(78) User=0.12s Sys=0.00s Real=0.02s
[2.769s][info][gc,start       ] GC(79) Pause Young (Allocation Failure)
[2.792s][info][gc,heap        ] GC(79) PSYoungGen: 51808K(53760K)->42048K(56320K) Eden: 10240K(10240K)->0K(7680K) From: 41568K(43520K)->42048K(48640K)
[2.793s][info][gc,heap        ] GC(79) ParOldGen: 424921K(481280K)->434777K(481280K)
[2.793s][info][gc,metaspace   ] GC(79) Metaspace: 6302K(6528K)->6302K(6528K) NonClass: 5769K(5888K)->5769K(5888K) Class: 533K(640K)->533K(640K)
[2.793s][info][gc             ] GC(79) Pause Young (Allocation Failure) 465M->465M(525M) 24.022ms
[2.793s][info][gc,cpu         ] GC(79) User=0.12s Sys=0.00s Real=0.02s
[2.801s][info][gc,start       ] GC(80) Pause Young (Allocation Failure)
[2.824s][info][gc,heap        ] GC(80) PSYoungGen: 49728K(56320K)->28256K(36352K) Eden: 7680K(7680K)->0K(7680K) From: 42048K(48640K)->28256K(28672K)
[2.824s][info][gc,heap        ] GC(80) ParOldGen: 434777K(481280K)->456537K(481280K)
[2.825s][info][gc,metaspace   ] GC(80) Metaspace: 6302K(6528K)->6302K(6528K) NonClass: 5769K(5888K)->5769K(5888K) Class: 533K(640K)->533K(640K)
[2.825s][info][gc             ] GC(80) Pause Young (Allocation Failure) 473M->473M(505M) 23.408ms
[2.825s][info][gc,cpu         ] GC(80) User=0.09s Sys=0.02s Real=0.02s
[2.825s][info][gc,start       ] GC(81) Pause Full (Ergonomics)
[2.825s][info][gc,phases,start] GC(81) Marking Phase
[2.930s][info][gc,phases      ] GC(81) Marking Phase 105.503ms
[2.930s][info][gc,phases,start] GC(81) Summary Phase
[2.930s][info][gc,phases      ] GC(81) Summary Phase 0.027ms
[2.930s][info][gc,phases,start] GC(81) Adjust Roots
[2.930s][info][gc,phases      ] GC(81) Adjust Roots 0.151ms
[2.930s][info][gc,phases,start] GC(81) Compaction Phase
[2.980s][info][gc,phases      ] GC(81) Compaction Phase 49.141ms
[2.980s][info][gc,phases,start] GC(81) Post Compact
[2.982s][info][gc,phases      ] GC(81) Post Compact 2.293ms
[2.982s][info][gc,heap        ] GC(81) PSYoungGen: 28256K(36352K)->3035K(36352K) Eden: 0K(7680K)->0K(7680K) From: 28256K(28672K)->3035K(28672K)
[2.982s][info][gc,heap        ] GC(81) ParOldGen: 456537K(481280K)->480980K(545280K)
[2.982s][info][gc,metaspace   ] GC(81) Metaspace: 6302K(6528K)->6302K(6528K) NonClass: 5769K(5888K)->5769K(5888K) Class: 533K(640K)->533K(640K)
[2.982s][info][gc             ] GC(81) Pause Full (Ergonomics) 473M->472M(568M) 157.709ms
[2.982s][info][gc,cpu         ] GC(81) User=0.94s Sys=0.03s Real=0.16s
[2.993s][info][gc,start       ] GC(82) Pause Young (Allocation Failure)
[3.019s][info][gc,heap        ] GC(82) PSYoungGen: 10715K(36352K)->8896K(58880K) Eden: 7680K(7680K)->0K(8192K) From: 3035K(28672K)->8896K(50688K)
[3.019s][info][gc,heap        ] GC(82) ParOldGen: 480980K(545280K)->482932K(545280K)
[3.019s][info][gc,metaspace   ] GC(82) Metaspace: 6302K(6528K)->6302K(6528K) NonClass: 5769K(5888K)->5769K(5888K) Class: 533K(640K)->533K(640K)
[3.019s][info][gc             ] GC(82) Pause Young (Allocation Failure) 480M->480M(590M) 26.255ms
[3.019s][info][gc,cpu         ] GC(82) User=0.12s Sys=0.02s Real=0.03s
[3.027s][info][gc,start       ] GC(83) Pause Young (Allocation Failure)
[3.037s][info][gc,heap        ] GC(83) PSYoungGen: 17088K(58880K)->16000K(59392K) Eden: 8192K(8192K)->0K(8192K) From: 8896K(50688K)->16000K(51200K)
[3.037s][info][gc,heap        ] GC(83) ParOldGen: 482932K(545280K)->484116K(545280K)
[3.037s][info][gc,metaspace   ] GC(83) Metaspace: 6302K(6528K)->6302K(6528K) NonClass: 5769K(5888K)->5769K(5888K) Class: 533K(640K)->533K(640K)
[3.037s][info][gc             ] GC(83) Pause Young (Allocation Failure) 488M->488M(590M) 9.932ms
[3.037s][info][gc,cpu         ] GC(83) User=0.02s Sys=0.00s Real=0.01s
[3.046s][info][gc,start       ] GC(84) Pause Young (Allocation Failure)
[3.059s][info][gc,heap        ] GC(84) PSYoungGen: 24192K(59392K)->16480K(56832K) Eden: 8192K(8192K)->0K(9728K) From: 16000K(51200K)->16480K(47104K)
[3.060s][info][gc,heap        ] GC(84) ParOldGen: 484116K(545280K)->491900K(545280K)
[3.060s][info][gc,metaspace   ] GC(84) Metaspace: 6302K(6528K)->6302K(6528K) NonClass: 5769K(5888K)->5769K(5888K) Class: 533K(640K)->533K(640K)
[3.060s][info][gc             ] GC(84) Pause Young (Allocation Failure) 496M->496M(588M) 13.623ms
[3.060s][info][gc,cpu         ] GC(84) User=0.02s Sys=0.00s Real=0.01s
[3.071s][info][gc,start       ] GC(85) Pause Young (Allocation Failure)
[3.085s][info][gc,heap        ] GC(85) PSYoungGen: 26208K(56832K)->18016K(58368K) Eden: 9728K(9728K)->0K(9728K) From: 16480K(47104K)->18016K(48640K)
[3.085s][info][gc,heap        ] GC(85) ParOldGen: 491900K(545280K)->500196K(545280K)
[3.085s][info][gc,metaspace   ] GC(85) Metaspace: 6302K(6528K)->6302K(6528K) NonClass: 5769K(5888K)->5769K(5888K) Class: 533K(640K)->533K(640K)
[3.085s][info][gc             ] GC(85) Pause Young (Allocation Failure) 505M->506M(589M) 14.945ms
[3.085s][info][gc,cpu         ] GC(85) User=0.02s Sys=0.00s Real=0.02s
[3.096s][info][gc,start       ] GC(86) Pause Young (Allocation Failure)
[3.111s][info][gc,heap        ] GC(86) PSYoungGen: 27744K(58368K)->9824K(58368K) Eden: 9728K(9728K)->0K(11264K) From: 18016K(48640K)->9824K(47104K)
[3.111s][info][gc,heap        ] GC(86) ParOldGen: 500196K(545280K)->518324K(545280K)
[3.111s][info][gc,metaspace   ] GC(86) Metaspace: 6302K(6528K)->6302K(6528K) NonClass: 5769K(5888K)->5769K(5888K) Class: 533K(640K)->533K(640K)
[3.111s][info][gc             ] GC(86) Pause Young (Allocation Failure) 515M->515M(589M) 15.501ms
[3.111s][info][gc,cpu         ] GC(86) User=0.02s Sys=0.00s Real=0.02s
[3.124s][info][gc,start       ] GC(87) Pause Young (Allocation Failure)
[3.137s][info][gc,heap        ] GC(87) PSYoungGen: 21088K(58368K)->11424K(58368K) Eden: 11264K(11264K)->0K(11264K) From: 9824K(47104K)->11424K(47104K)
[3.137s][info][gc,heap        ] GC(87) ParOldGen: 518324K(545280K)->528180K(545280K)
[3.137s][info][gc,metaspace   ] GC(87) Metaspace: 6302K(6528K)->6302K(6528K) NonClass: 5769K(5888K)->5769K(5888K) Class: 533K(640K)->533K(640K)
[3.137s][info][gc             ] GC(87) Pause Young (Allocation Failure) 526M->526M(589M) 13.714ms
[3.137s][info][gc,cpu         ] GC(87) User=0.02s Sys=0.00s Real=0.01s
[3.137s][info][gc,start       ] GC(88) Pause Full (Ergonomics)
[3.137s][info][gc,phases,start] GC(88) Marking Phase
[3.250s][info][gc,phases      ] GC(88) Marking Phase 112.257ms
[3.250s][info][gc,phases,start] GC(88) Summary Phase
[3.250s][info][gc,phases      ] GC(88) Summary Phase 0.030ms
[3.250s][info][gc,phases,start] GC(88) Adjust Roots
[3.250s][info][gc,phases      ] GC(88) Adjust Roots 0.160ms
[3.250s][info][gc,phases,start] GC(88) Compaction Phase
[3.299s][info][gc,phases      ] GC(88) Compaction Phase 49.130ms
[3.299s][info][gc,phases,start] GC(88) Post Compact
[3.300s][info][gc,phases      ] GC(88) Post Compact 0.834ms
[3.300s][info][gc,heap        ] GC(88) PSYoungGen: 11424K(58368K)->0K(58880K) Eden: 0K(11264K)->0K(12800K) From: 11424K(47104K)->0K(46080K)
[3.300s][info][gc,heap        ] GC(88) ParOldGen: 528180K(545280K)->538607K(604160K)
[3.300s][info][gc,metaspace   ] GC(88) Metaspace: 6302K(6528K)->6302K(6528K) NonClass: 5769K(5888K)->5769K(5888K) Class: 533K(640K)->533K(640K)
[3.300s][info][gc             ] GC(88) Pause Full (Ergonomics) 526M->525M(647M) 162.866ms
[3.300s][info][gc,cpu         ] GC(88) User=1.08s Sys=0.00s Real=0.16s
[3.315s][info][gc,start       ] GC(89) Pause Young (Allocation Failure)
[3.324s][info][gc,heap        ] GC(89) PSYoungGen: 12800K(58880K)->12928K(58880K) Eden: 12800K(12800K)->0K(12800K) From: 0K(46080K)->12928K(46080K)
[3.324s][info][gc,heap        ] GC(89) ParOldGen: 538607K(604160K)->538607K(604160K)
[3.324s][info][gc,metaspace   ] GC(89) Metaspace: 6302K(6528K)->6302K(6528K) NonClass: 5769K(5888K)->5769K(5888K) Class: 533K(640K)->533K(640K)
[3.324s][info][gc             ] GC(89) Pause Young (Allocation Failure) 538M->538M(647M) 9.625ms
[3.324s][info][gc,cpu         ] GC(89) User=0.00s Sys=0.00s Real=0.01s
[3.339s][info][gc,start       ] GC(90) Pause Young (Allocation Failure)
[3.352s][info][gc,heap        ] GC(90) PSYoungGen: 25728K(58880K)->25728K(58880K) Eden: 12800K(12800K)->0K(14336K) From: 12928K(46080K)->25728K(44544K)
[3.352s][info][gc,heap        ] GC(90) ParOldGen: 538607K(604160K)->538607K(604160K)
[3.352s][info][gc,metaspace   ] GC(90) Metaspace: 6302K(6528K)->6302K(6528K) NonClass: 5769K(5888K)->5769K(5888K) Class: 533K(640K)->533K(640K)
[3.352s][info][gc             ] GC(90) Pause Young (Allocation Failure) 551M->551M(647M) 13.707ms
[3.352s][info][gc,cpu         ] GC(90) User=0.02s Sys=0.00s Real=0.01s
[3.369s][info][gc,start       ] GC(91) Pause Young (Allocation Failure)
[3.388s][info][gc,heap        ] GC(91) PSYoungGen: 40064K(58880K)->40032K(58880K) Eden: 14336K(14336K)->0K(14336K) From: 25728K(44544K)->40032K(44544K)
[3.388s][info][gc,heap        ] GC(91) ParOldGen: 538607K(604160K)->538607K(604160K)
[3.388s][info][gc,metaspace   ] GC(91) Metaspace: 6302K(6528K)->6302K(6528K) NonClass: 5769K(5888K)->5769K(5888K) Class: 533K(640K)->533K(640K)
[3.388s][info][gc             ] GC(91) Pause Young (Allocation Failure) 565M->565M(647M) 19.863ms
[3.388s][info][gc,cpu         ] GC(91) User=0.12s Sys=0.00s Real=0.02s
[3.404s][info][gc,start       ] GC(92) Pause Young (Allocation Failure)
[3.430s][info][gc,heap        ] GC(92) PSYoungGen: 54368K(58880K)->41568K(61440K) Eden: 14336K(14336K)->0K(11776K) From: 40032K(44544K)->41568K(49664K)
[3.430s][info][gc,heap        ] GC(92) ParOldGen: 538607K(604160K)->551583K(604160K)
[3.430s][info][gc,metaspace   ] GC(92) Metaspace: 6302K(6528K)->6302K(6528K) NonClass: 5769K(5888K)->5769K(5888K) Class: 533K(640K)->533K(640K)
[3.430s][info][gc             ] GC(92) Pause Young (Allocation Failure) 579M->579M(650M) 26.120ms
[3.430s][info][gc,cpu         ] GC(92) User=0.14s Sys=0.00s Real=0.03s
[3.443s][info][gc,start       ] GC(93) Pause Young (Allocation Failure)
[3.469s][info][gc,heap        ] GC(93) PSYoungGen: 53344K(61440K)->40576K(65536K) Eden: 11776K(11776K)->0K(11776K) From: 41568K(49664K)->40576K(53760K)
[3.469s][info][gc,heap        ] GC(93) ParOldGen: 551583K(604160K)->564567K(604160K)
[3.469s][info][gc,metaspace   ] GC(93) Metaspace: 6302K(6528K)->6302K(6528K) NonClass: 5769K(5888K)->5769K(5888K) Class: 533K(640K)->533K(640K)
[3.469s][info][gc             ] GC(93) Pause Young (Allocation Failure) 590M->590M(654M) 25.748ms
[3.469s][info][gc,cpu         ] GC(93) User=0.09s Sys=0.05s Real=0.03s
[3.483s][info][gc,start       ] GC(94) Pause Young (Allocation Failure)
[3.509s][info][gc,heap        ] GC(94) PSYoungGen: 52352K(65536K)->23680K(65024K) Eden: 11776K(11776K)->0K(13312K) From: 40576K(53760K)->23680K(51712K)
[3.509s][info][gc,heap        ] GC(94) ParOldGen: 564567K(604160K)->593607K(604160K)
[3.509s][info][gc,metaspace   ] GC(94) Metaspace: 6302K(6528K)->6302K(6528K) NonClass: 5769K(5888K)->5769K(5888K) Class: 533K(640K)->533K(640K)
[3.509s][info][gc             ] GC(94) Pause Young (Allocation Failure) 602M->602M(653M) 26.686ms
[3.509s][info][gc,cpu         ] GC(94) User=0.14s Sys=0.00s Real=0.03s
[3.510s][info][gc,start       ] GC(95) Pause Full (Ergonomics)
[3.510s][info][gc,phases,start] GC(95) Marking Phase
[3.648s][info][gc,phases      ] GC(95) Marking Phase 137.976ms
[3.648s][info][gc,phases,start] GC(95) Summary Phase
[3.648s][info][gc,phases      ] GC(95) Summary Phase 0.021ms
[3.648s][info][gc,phases,start] GC(95) Adjust Roots
[3.648s][info][gc,phases      ] GC(95) Adjust Roots 0.173ms
[3.648s][info][gc,phases,start] GC(95) Compaction Phase
[3.701s][info][gc,phases      ] GC(95) Compaction Phase 53.597ms
[3.701s][info][gc,phases,start] GC(95) Post Compact
[3.702s][info][gc,phases      ] GC(95) Post Compact 0.941ms
[3.703s][info][gc,heap        ] GC(95) PSYoungGen: 23680K(65024K)->12249K(67072K) Eden: 0K(13312K)->0K(15360K) From: 23680K(51712K)->12249K(51712K)
[3.703s][info][gc,heap        ] GC(95) ParOldGen: 593607K(604160K)->603992K(679936K)
[3.703s][info][gc,metaspace   ] GC(95) Metaspace: 6302K(6528K)->6302K(6528K) NonClass: 5769K(5888K)->5769K(5888K) Class: 533K(640K)->533K(640K)
[3.703s][info][gc             ] GC(95) Pause Full (Ergonomics) 602M->601M(729M) 193.231ms
[3.703s][info][gc,cpu         ] GC(95) User=1.38s Sys=0.02s Real=0.19s
[3.723s][info][gc,start       ] GC(96) Pause Young (Allocation Failure)
[3.763s][info][gc,heap        ] GC(96) PSYoungGen: 27609K(67072K)->15488K(69632K) Eden: 15360K(15360K)->0K(15360K) From: 12249K(51712K)->15488K(54272K)
[3.763s][info][gc,heap        ] GC(96) ParOldGen: 603992K(679936K)->616432K(679936K)
[3.763s][info][gc,metaspace   ] GC(96) Metaspace: 6302K(6528K)->6302K(6528K) NonClass: 5769K(5888K)->5769K(5888K) Class: 533K(640K)->533K(640K)
[3.763s][info][gc             ] GC(96) Pause Young (Allocation Failure) 616M->617M(732M) 39.869ms
[3.763s][info][gc,cpu         ] GC(96) User=0.19s Sys=0.05s Real=0.04s
[3.782s][info][gc,start       ] GC(97) Pause Young (Allocation Failure)
[3.800s][info][gc,heap        ] GC(97) PSYoungGen: 30848K(69632K)->15456K(67072K) Eden: 15360K(15360K)->0K(16896K) From: 15488K(54272K)->15456K(50176K)
[3.800s][info][gc,heap        ] GC(97) ParOldGen: 616432K(679936K)->632008K(679936K)
[3.800s][info][gc,metaspace   ] GC(97) Metaspace: 6302K(6528K)->6302K(6528K) NonClass: 5769K(5888K)->5769K(5888K) Class: 533K(640K)->533K(640K)
[3.800s][info][gc             ] GC(97) Pause Young (Allocation Failure) 632M->632M(729M) 18.535ms
[3.800s][info][gc,cpu         ] GC(97) User=0.03s Sys=0.00s Real=0.02s
[3.819s][info][gc,start       ] GC(98) Pause Young (Allocation Failure)
[3.837s][info][gc,heap        ] GC(98) PSYoungGen: 32352K(67072K)->17024K(68608K) Eden: 16896K(16896K)->0K(16896K) From: 15456K(50176K)->17024K(51712K)
[3.837s][info][gc,heap        ] GC(98) ParOldGen: 632008K(679936K)->647576K(679936K)
[3.837s][info][gc,metaspace   ] GC(98) Metaspace: 6302K(6528K)->6302K(6528K) NonClass: 5769K(5888K)->5769K(5888K) Class: 533K(640K)->533K(640K)
[3.837s][info][gc             ] GC(98) Pause Young (Allocation Failure) 648M->649M(731M) 18.482ms
[3.837s][info][gc,cpu         ] GC(98) User=0.12s Sys=0.00s Real=0.02s
[3.857s][info][gc,start       ] GC(99) Pause Young (Allocation Failure)
[3.877s][info][gc,heap        ] GC(99) PSYoungGen: 33920K(68608K)->17024K(66048K) Eden: 16896K(16896K)->0K(18944K) From: 17024K(51712K)->17024K(47104K)
[3.877s][info][gc,heap        ] GC(99) ParOldGen: 647576K(679936K)->664696K(679936K)
[3.877s][info][gc,metaspace   ] GC(99) Metaspace: 6302K(6528K)->6302K(6528K) NonClass: 5769K(5888K)->5769K(5888K) Class: 533K(640K)->533K(640K)
[3.877s][info][gc             ] GC(99) Pause Young (Allocation Failure) 665M->665M(728M) 19.327ms
[3.877s][info][gc,cpu         ] GC(99) User=0.12s Sys=0.02s Real=0.02s
[3.877s][info][gc,start       ] GC(100) Pause Full (Ergonomics)
[3.877s][info][gc,phases,start] GC(100) Marking Phase
[4.026s][info][gc,phases      ] GC(100) Marking Phase 148.980ms
[4.026s][info][gc,phases,start] GC(100) Summary Phase
[4.026s][info][gc,phases      ] GC(100) Summary Phase 0.021ms
[4.026s][info][gc,phases,start] GC(100) Adjust Roots
[4.026s][info][gc,phases      ] GC(100) Adjust Roots 0.152ms
[4.026s][info][gc,phases,start] GC(100) Compaction Phase
[4.082s][info][gc,phases      ] GC(100) Compaction Phase 56.135ms
[4.082s][info][gc,phases,start] GC(100) Post Compact
[4.083s][info][gc,phases      ] GC(100) Post Compact 0.993ms
[4.084s][info][gc,heap        ] GC(100) PSYoungGen: 17024K(66048K)->1021K(67584K) Eden: 0K(18944K)->0K(20480K) From: 17024K(47104K)->1021K(47104K)
[4.084s][info][gc,heap        ] GC(100) ParOldGen: 664696K(679936K)->679601K(760832K)
[4.084s][info][gc,metaspace   ] GC(100) Metaspace: 6302K(6528K)->6302K(6528K) NonClass: 5769K(5888K)->5769K(5888K) Class: 533K(640K)->533K(640K)
[4.084s][info][gc             ] GC(100) Pause Full (Ergonomics) 665M->664M(809M) 206.835ms
[4.084s][info][gc,cpu         ] GC(100) User=1.52s Sys=0.00s Real=0.21s
[4.112s][info][gc,start       ] GC(101) Pause Young (Allocation Failure)
[4.152s][info][gc,heap        ] GC(101) PSYoungGen: 21501K(67584K)->20608K(41472K) Eden: 20480K(20480K)->0K(20480K) From: 1021K(47104K)->20608K(20992K)
[4.153s][info][gc,heap        ] GC(101) ParOldGen: 679601K(760832K)->680673K(760832K)
[4.153s][info][gc,metaspace   ] GC(101) Metaspace: 6302K(6528K)->6302K(6528K) NonClass: 5769K(5888K)->5769K(5888K) Class: 533K(640K)->533K(640K)
[4.153s][info][gc             ] GC(101) Pause Young (Allocation Failure) 684M->684M(783M) 40.423ms
[4.153s][info][gc,cpu         ] GC(101) User=0.23s Sys=0.00s Real=0.04s
[4.311s][info][gc,start       ] GC(102) Pause Young (Allocation Failure)
[4.346s][info][gc,heap        ] GC(102) PSYoungGen: 41088K(41472K)->41088K(64000K) Eden: 20480K(20480K)->0K(17920K) From: 20608K(20992K)->41088K(46080K)
[4.346s][info][gc,heap        ] GC(102) ParOldGen: 713441K(760832K)->713441K(760832K)
[4.346s][info][gc,metaspace   ] GC(102) Metaspace: 6302K(6528K)->6302K(6528K) NonClass: 5769K(5888K)->5769K(5888K) Class: 533K(640K)->533K(640K)
[4.346s][info][gc             ] GC(102) Pause Young (Allocation Failure) 736M->736M(805M) 35.613ms
[4.346s][info][gc,cpu         ] GC(102) User=0.19s Sys=0.00s Real=0.04s
[4.365s][info][gc,start       ] GC(103) Pause Young (Allocation Failure)
[4.394s][info][gc,heap        ] GC(103) PSYoungGen: 59008K(64000K)->50688K(68608K) Eden: 17920K(17920K)->0K(17920K) From: 41088K(46080K)->50688K(50688K)
[4.395s][info][gc,heap        ] GC(103) ParOldGen: 713441K(760832K)->721769K(760832K)
[4.395s][info][gc,metaspace   ] GC(103) Metaspace: 6302K(6528K)->6302K(6528K) NonClass: 5769K(5888K)->5769K(5888K) Class: 533K(640K)->533K(640K)
[4.395s][info][gc             ] GC(103) Pause Young (Allocation Failure) 754M->754M(810M) 29.778ms
[4.395s][info][gc,cpu         ] GC(103) User=0.06s Sys=0.00s Real=0.03s
[4.413s][info][gc,start       ] GC(104) Pause Young (Allocation Failure)
[4.447s][info][gc,heap        ] GC(104) PSYoungGen: 68608K(68608K)->32800K(78848K) Eden: 17920K(17920K)->0K(19968K) From: 50688K(50688K)->32800K(58880K)
[4.447s][info][gc,heap        ] GC(104) ParOldGen: 721769K(760832K)->758177K(760832K)
[4.447s][info][gc,metaspace   ] GC(104) Metaspace: 6302K(6528K)->6302K(6528K) NonClass: 5769K(5888K)->5769K(5888K) Class: 533K(640K)->533K(640K)
[4.447s][info][gc             ] GC(104) Pause Young (Allocation Failure) 771M->772M(820M) 34.574ms
[4.447s][info][gc,cpu         ] GC(104) User=0.19s Sys=0.06s Real=0.04s
[4.448s][info][gc,start       ] GC(105) Pause Full (Ergonomics)
[4.448s][info][gc,phases,start] GC(105) Marking Phase
[4.618s][info][gc,phases      ] GC(105) Marking Phase 170.639ms
[4.618s][info][gc,phases,start] GC(105) Summary Phase
[4.618s][info][gc,phases      ] GC(105) Summary Phase 0.022ms
[4.618s][info][gc,phases,start] GC(105) Adjust Roots
[4.618s][info][gc,phases      ] GC(105) Adjust Roots 0.161ms
[4.618s][info][gc,phases,start] GC(105) Compaction Phase
[4.743s][info][gc,phases      ] GC(105) Compaction Phase 124.584ms
[4.743s][info][gc,phases,start] GC(105) Post Compact
[4.745s][info][gc,phases      ] GC(105) Post Compact 1.559ms
[4.745s][info][gc,heap        ] GC(105) PSYoungGen: 32800K(78848K)->13183K(79872K) Eden: 0K(19968K)->0K(20992K) From: 32800K(58880K)->13183K(58880K)
[4.745s][info][gc,heap        ] GC(105) ParOldGen: 758177K(760832K)->760494K(852480K)
[4.745s][info][gc,metaspace   ] GC(105) Metaspace: 6302K(6528K)->6302K(6528K) NonClass: 5769K(5888K)->5769K(5888K) Class: 533K(640K)->533K(640K)
[4.745s][info][gc             ] GC(105) Pause Full (Ergonomics) 772M->755M(910M) 297.592ms
[4.745s][info][gc,cpu         ] GC(105) User=1.94s Sys=0.00s Real=0.30s
[4.769s][info][gc,start       ] GC(106) Pause Young (Allocation Failure)
[4.816s][info][gc,heap        ] GC(106) PSYoungGen: 34175K(79872K)->29184K(50176K) Eden: 20992K(20992K)->0K(20992K) From: 13183K(58880K)->29184K(29184K)
[4.816s][info][gc,heap        ] GC(106) ParOldGen: 760494K(852480K)->765766K(852480K)
[4.816s][info][gc,metaspace   ] GC(106) Metaspace: 6302K(6528K)->6302K(6528K) NonClass: 5769K(5888K)->5769K(5888K) Class: 533K(640K)->533K(640K)
[4.816s][info][gc             ] GC(106) Pause Young (Allocation Failure) 776M->776M(881M) 46.812ms
[4.816s][info][gc,cpu         ] GC(106) User=0.27s Sys=0.00s Real=0.05s
[4.837s][info][gc,start       ] GC(107) Pause Young (Allocation Failure)
[4.862s][info][gc,heap        ] GC(107) PSYoungGen: 50176K(50176K)->50176K(74240K) Eden: 20992K(20992K)->0K(17408K) From: 29184K(29184K)->50176K(56832K)
[4.862s][info][gc,heap        ] GC(107) ParOldGen: 765766K(852480K)->765766K(852480K)
[4.862s][info][gc,metaspace   ] GC(107) Metaspace: 6302K(6528K)->6302K(6528K) NonClass: 5769K(5888K)->5769K(5888K) Class: 533K(640K)->533K(640K)
[4.862s][info][gc             ] GC(107) Pause Young (Allocation Failure) 796M->796M(905M) 25.613ms
[4.862s][info][gc,cpu         ] GC(107) User=0.14s Sys=0.00s Real=0.03s
[4.880s][info][gc,start       ] GC(108) Pause Young (Allocation Failure)
[4.912s][info][gc,heap        ] GC(108) PSYoungGen: 67584K(74240K)->62464K(79872K) Eden: 17408K(17408K)->0K(17408K) From: 50176K(56832K)->62464K(62464K)
[4.912s][info][gc,heap        ] GC(108) ParOldGen: 765766K(852480K)->770854K(852480K)
[4.912s][info][gc,metaspace   ] GC(108) Metaspace: 6302K(6528K)->6302K(6528K) NonClass: 5769K(5888K)->5769K(5888K) Class: 533K(640K)->533K(640K)
[4.912s][info][gc             ] GC(108) Pause Young (Allocation Failure) 813M->813M(910M) 31.809ms
[4.912s][info][gc,cpu         ] GC(108) User=0.14s Sys=0.00s Real=0.03s
[4.930s][info][gc,start       ] GC(109) Pause Young (Allocation Failure)
[4.968s][info][gc,heap        ] GC(109) PSYoungGen: 79872K(79872K)->53824K(88576K) Eden: 17408K(17408K)->0K(15872K) From: 62464K(62464K)->53824K(72704K)
[4.968s][info][gc,heap        ] GC(109) ParOldGen: 770854K(852480K)->797398K(852480K)
[4.968s][info][gc,metaspace   ] GC(109) Metaspace: 6302K(6528K)->6302K(6528K) NonClass: 5769K(5888K)->5769K(5888K) Class: 533K(640K)->533K(640K)
[4.968s][info][gc             ] GC(109) Pause Young (Allocation Failure) 830M->831M(919M) 38.066ms
[4.968s][info][gc,cpu         ] GC(109) User=0.22s Sys=0.03s Real=0.04s
[4.985s][info][gc,start       ] GC(110) Pause Young (Allocation Failure)
[5.018s][info][gc,heap        ] GC(110) PSYoungGen: 69696K(88576K)->50720K(92160K) Eden: 15872K(15872K)->0K(15872K) From: 53824K(72704K)->50720K(76288K)
[5.018s][info][gc,heap        ] GC(110) ParOldGen: 797398K(852480K)->816550K(852480K)
[5.018s][info][gc,metaspace   ] GC(110) Metaspace: 6302K(6528K)->6302K(6528K) NonClass: 5769K(5888K)->5769K(5888K) Class: 533K(640K)->533K(640K)
[5.018s][info][gc             ] GC(110) Pause Young (Allocation Failure) 846M->846M(922M) 33.021ms
[5.018s][info][gc,cpu         ] GC(110) User=0.12s Sys=0.05s Real=0.03s
[5.036s][info][gc,start       ] GC(111) Pause Young (Allocation Failure)
[5.069s][info][gc,heap        ] GC(111) PSYoungGen: 66592K(92160K)->31872K(90624K) Eden: 15872K(15872K)->0K(18432K) From: 50720K(76288K)->31872K(72192K)
[5.069s][info][gc,heap        ] GC(111) ParOldGen: 816550K(852480K)->851750K(852480K)
[5.069s][info][gc,metaspace   ] GC(111) Metaspace: 6302K(6528K)->6302K(6528K) NonClass: 5769K(5888K)->5769K(5888K) Class: 533K(640K)->533K(640K)
[5.069s][info][gc             ] GC(111) Pause Young (Allocation Failure) 862M->862M(921M) 33.029ms
[5.069s][info][gc,cpu         ] GC(111) User=0.16s Sys=0.00s Real=0.03s
[5.069s][info][gc,start       ] GC(112) Pause Full (Ergonomics)
[5.069s][info][gc,phases,start] GC(112) Marking Phase
[5.263s][info][gc,phases      ] GC(112) Marking Phase 194.115ms
[5.263s][info][gc,phases,start] GC(112) Summary Phase
[5.263s][info][gc,phases      ] GC(112) Summary Phase 0.024ms
[5.263s][info][gc,phases,start] GC(112) Adjust Roots
[5.263s][info][gc,phases      ] GC(112) Adjust Roots 0.154ms
[5.263s][info][gc,phases,start] GC(112) Compaction Phase
[5.355s][info][gc,phases      ] GC(112) Compaction Phase 91.392ms
[5.355s][info][gc,phases,start] GC(112) Post Compact
[5.356s][info][gc,phases      ] GC(112) Post Compact 1.552ms
[5.357s][info][gc,heap        ] GC(112) PSYoungGen: 31872K(90624K)->29640K(93184K) Eden: 0K(18432K)->0K(20992K) From: 31872K(72192K)->29640K(72192K)
[5.357s][info][gc,heap        ] GC(112) ParOldGen: 851750K(852480K)->852394K(957440K)
[5.357s][info][gc,metaspace   ] GC(112) Metaspace: 6302K(6528K)->6302K(6528K) NonClass: 5769K(5888K)->5769K(5888K) Class: 533K(640K)->533K(640K)
[5.357s][info][gc             ] GC(112) Pause Full (Ergonomics) 862M->861M(1026M) 287.903ms
[5.357s][info][gc,cpu         ] GC(112) User=2.02s Sys=0.00s Real=0.29s
[5.381s][info][gc,start       ] GC(113) Pause Young (Allocation Failure)
[5.437s][info][gc,heap        ] GC(113) PSYoungGen: 50632K(93184K)->21152K(95744K) Eden: 20992K(20992K)->0K(20992K) From: 29640K(72192K)->21152K(74752K)
[5.437s][info][gc,heap        ] GC(113) ParOldGen: 852394K(957440K)->882466K(957440K)
[5.437s][info][gc,metaspace   ] GC(113) Metaspace: 6302K(6528K)->6302K(6528K) NonClass: 5769K(5888K)->5769K(5888K) Class: 533K(640K)->533K(640K)
[5.437s][info][gc             ] GC(113) Pause Young (Allocation Failure) 881M->882M(1028M) 56.147ms
[5.437s][info][gc,cpu         ] GC(113) User=0.36s Sys=0.02s Real=0.06s
[5.460s][info][gc,start       ] GC(114) Pause Young (Allocation Failure)
[5.484s][info][gc,heap        ] GC(114) PSYoungGen: 42144K(95744K)->21152K(94208K) Eden: 20992K(20992K)->0K(23552K) From: 21152K(74752K)->21152K(70656K)
[5.484s][info][gc,heap        ] GC(114) ParOldGen: 882466K(957440K)->903746K(957440K)
[5.484s][info][gc,metaspace   ] GC(114) Metaspace: 6302K(6528K)->6302K(6528K) NonClass: 5769K(5888K)->5769K(5888K) Class: 533K(640K)->533K(640K)
[5.484s][info][gc             ] GC(114) Pause Young (Allocation Failure) 902M->903M(1027M) 23.471ms
[5.484s][info][gc,cpu         ] GC(114) User=0.09s Sys=0.03s Real=0.02s
[5.511s][info][gc,start       ] GC(115) Pause Young (Allocation Failure)
[5.536s][info][gc,heap        ] GC(115) PSYoungGen: 44704K(94208K)->23680K(95744K) Eden: 23552K(23552K)->0K(23552K) From: 21152K(70656K)->23680K(72192K)
[5.536s][info][gc,heap        ] GC(115) ParOldGen: 903746K(957440K)->925018K(957440K)
[5.536s][info][gc,metaspace   ] GC(115) Metaspace: 6302K(6528K)->6302K(6528K) NonClass: 5769K(5888K)->5769K(5888K) Class: 533K(640K)->533K(640K)
[5.536s][info][gc             ] GC(115) Pause Young (Allocation Failure) 926M->926M(1028M) 24.759ms
[5.536s][info][gc,cpu         ] GC(115) User=0.12s Sys=0.02s Real=0.03s
[5.536s][info][gc,start       ] GC(116) Pause Full (Ergonomics)
[5.536s][info][gc,phases,start] GC(116) Marking Phase
[5.739s][info][gc,phases      ] GC(116) Marking Phase 202.679ms
[5.739s][info][gc,phases,start] GC(116) Summary Phase
[5.739s][info][gc,phases      ] GC(116) Summary Phase 0.037ms
[5.739s][info][gc,phases,start] GC(116) Adjust Roots
[5.739s][info][gc,phases      ] GC(116) Adjust Roots 0.182ms
[5.739s][info][gc,phases,start] GC(116) Compaction Phase
[5.830s][info][gc,phases      ] GC(116) Compaction Phase 90.600ms
[5.830s][info][gc,phases,start] GC(116) Post Compact
[5.832s][info][gc,phases      ] GC(116) Post Compact 1.635ms
[5.832s][info][gc,heap        ] GC(116) PSYoungGen: 23680K(95744K)->0K(96256K) Eden: 0K(23552K)->0K(26112K) From: 23680K(72192K)->0K(70144K)
[5.832s][info][gc,heap        ] GC(116) ParOldGen: 925018K(957440K)->947481K(1060864K)
[5.832s][info][gc,metaspace   ] GC(116) Metaspace: 6302K(6528K)->6302K(6528K) NonClass: 5769K(5888K)->5769K(5888K) Class: 533K(640K)->533K(640K)
[5.832s][info][gc             ] GC(116) Pause Full (Ergonomics) 926M->925M(1130M) 295.783ms
[5.832s][info][gc,cpu         ] GC(116) User=1.97s Sys=0.03s Real=0.30s
[5.863s][info][gc,start       ] GC(117) Pause Young (Allocation Failure)
[5.880s][info][gc,heap        ] GC(117) PSYoungGen: 26112K(96256K)->26272K(96256K) Eden: 26112K(26112K)->0K(26112K) From: 0K(70144K)->26272K(70144K)
[5.880s][info][gc,heap        ] GC(117) ParOldGen: 947481K(1060864K)->947481K(1060864K)
[5.880s][info][gc,metaspace   ] GC(117) Metaspace: 6302K(6528K)->6302K(6528K) NonClass: 5769K(5888K)->5769K(5888K) Class: 533K(640K)->533K(640K)
[5.880s][info][gc             ] GC(117) Pause Young (Allocation Failure) 950M->950M(1130M) 17.019ms
[5.880s][info][gc,cpu         ] GC(117) User=0.03s Sys=0.00s Real=0.02s
[5.910s][info][gc,start       ] GC(118) Pause Young (Allocation Failure)
[5.937s][info][gc,heap        ] GC(118) PSYoungGen: 52384K(96256K)->52416K(92160K) Eden: 26112K(26112K)->0K(24576K) From: 26272K(70144K)->52416K(67584K)
[5.937s][info][gc,heap        ] GC(118) ParOldGen: 947481K(1060864K)->947481K(1060864K)
[5.937s][info][gc,metaspace   ] GC(118) Metaspace: 6302K(6528K)->6302K(6528K) NonClass: 5769K(5888K)->5769K(5888K) Class: 533K(640K)->533K(640K)
[5.937s][info][gc             ] GC(118) Pause Young (Allocation Failure) 976M->976M(1126M) 26.751ms
[5.937s][info][gc,cpu         ] GC(118) User=0.12s Sys=0.00s Real=0.03s
[5.964s][info][gc,start       ] GC(119) Pause Young (Allocation Failure)
[6.001s][info][gc,heap        ] GC(119) PSYoungGen: 76992K(92160K)->71680K(96256K) Eden: 24576K(24576K)->0K(24576K) From: 52416K(67584K)->71680K(71680K)
[6.001s][info][gc,heap        ] GC(119) ParOldGen: 947481K(1060864K)->952761K(1060864K)
[6.001s][info][gc,metaspace   ] GC(119) Metaspace: 6302K(6528K)->6302K(6528K) NonClass: 5769K(5888K)->5769K(5888K) Class: 533K(640K)->533K(640K)
[6.001s][info][gc             ] GC(119) Pause Young (Allocation Failure) 1000M->1000M(1130M) 36.913ms
[6.001s][info][gc,cpu         ] GC(119) User=0.22s Sys=0.03s Real=0.04s
[6.027s][info][gc,start       ] GC(120) Pause Young (Allocation Failure)
[6.076s][info][gc,heap        ] GC(120) PSYoungGen: 96256K(96256K)->47584K(108544K) Eden: 24576K(24576K)->0K(27136K) From: 71680K(71680K)->47584K(81408K)
[6.076s][info][gc,heap        ] GC(120) ParOldGen: 952761K(1060864K)->1002225K(1060864K)
[6.076s][info][gc,metaspace   ] GC(120) Metaspace: 6302K(6528K)->6302K(6528K) NonClass: 5769K(5888K)->5769K(5888K) Class: 533K(640K)->533K(640K)
[6.076s][info][gc             ] GC(120) Pause Young (Allocation Failure) 1024M->1025M(1142M) 48.653ms
[6.076s][info][gc,cpu         ] GC(120) User=0.27s Sys=0.02s Real=0.05s
[6.106s][info][gc,start       ] GC(121) Pause Young (Allocation Failure)
[6.144s][info][gc,heap        ] GC(121) PSYoungGen: 74720K(108544K)->51936K(109568K) Eden: 27136K(27136K)->0K(27136K) From: 47584K(81408K)->51936K(82432K)
[6.144s][info][gc,heap        ] GC(121) ParOldGen: 1002225K(1060864K)->1025345K(1060864K)
[6.144s][info][gc,metaspace   ] GC(121) Metaspace: 6302K(6528K)->6302K(6528K) NonClass: 5769K(5888K)->5769K(5888K) Class: 533K(640K)->533K(640K)
[6.144s][info][gc             ] GC(121) Pause Young (Allocation Failure) 1051M->1052M(1143M) 38.390ms
[6.144s][info][gc,cpu         ] GC(121) User=0.25s Sys=0.02s Real=0.04s
[6.144s][info][gc,start       ] GC(122) Pause Full (Ergonomics)
[6.144s][info][gc,phases,start] GC(122) Marking Phase
[6.380s][info][gc,phases      ] GC(122) Marking Phase 235.541ms
[6.380s][info][gc,phases,start] GC(122) Summary Phase
[6.380s][info][gc,phases      ] GC(122) Summary Phase 0.032ms
[6.380s][info][gc,phases,start] GC(122) Adjust Roots
[6.380s][info][gc,phases      ] GC(122) Adjust Roots 0.153ms
[6.380s][info][gc,phases,start] GC(122) Compaction Phase
[6.494s][info][gc,phases      ] GC(122) Compaction Phase 113.690ms
[6.494s][info][gc,phases,start] GC(122) Post Compact
[6.497s][info][gc,phases      ] GC(122) Post Compact 2.551ms
[6.497s][info][gc,heap        ] GC(122) PSYoungGen: 51936K(109568K)->15375K(109568K) Eden: 0K(27136K)->0K(27136K) From: 51936K(82432K)->15375K(82432K)
[6.497s][info][gc,heap        ] GC(122) ParOldGen: 1025345K(1060864K)->1060466K(1187328K)
[6.497s][info][gc,metaspace   ] GC(122) Metaspace: 6302K(6528K)->6302K(6528K) NonClass: 5769K(5888K)->5769K(5888K) Class: 533K(640K)->533K(640K)
[6.497s][info][gc             ] GC(122) Pause Full (Ergonomics) 1052M->1050M(1266M) 352.813ms
[6.497s][info][gc,cpu         ] GC(122) User=2.27s Sys=0.03s Real=0.35s
[6.528s][info][gc,start       ] GC(123) Pause Young (Allocation Failure)
[6.600s][info][gc,heap        ] GC(123) PSYoungGen: 42511K(109568K)->36672K(104960K) Eden: 27136K(27136K)->0K(29696K) From: 15375K(82432K)->36672K(75264K)
[6.600s][info][gc,heap        ] GC(123) ParOldGen: 1060466K(1187328K)->1066642K(1187328K)
[6.600s][info][gc,metaspace   ] GC(123) Metaspace: 6302K(6528K)->6302K(6528K) NonClass: 5769K(5888K)->5769K(5888K) Class: 533K(640K)->533K(640K)
[6.600s][info][gc             ] GC(123) Pause Young (Allocation Failure) 1077M->1077M(1262M) 71.901ms
[6.600s][info][gc,cpu         ] GC(123) User=0.33s Sys=0.00s Real=0.07s
[6.634s][info][gc,start       ] GC(124) Pause Young (Allocation Failure)
[6.674s][info][gc,heap        ] GC(124) PSYoungGen: 66368K(104960K)->66400K(109056K) Eden: 29696K(29696K)->0K(29696K) From: 36672K(75264K)->66400K(79360K)
[6.674s][info][gc,heap        ] GC(124) ParOldGen: 1066642K(1187328K)->1066642K(1187328K)
[6.674s][info][gc,metaspace   ] GC(124) Metaspace: 6302K(6528K)->6302K(6528K) NonClass: 5769K(5888K)->5769K(5888K) Class: 533K(640K)->533K(640K)
[6.674s][info][gc             ] GC(124) Pause Young (Allocation Failure) 1106M->1106M(1266M) 39.985ms
[6.674s][info][gc,cpu         ] GC(124) User=0.23s Sys=0.00s Real=0.04s
[6.708s][info][gc,start       ] GC(125) Pause Young (Allocation Failure)
[6.770s][info][gc,heap        ] GC(125) PSYoungGen: 96096K(109056K)->84992K(101888K) Eden: 29696K(29696K)->0K(16896K) From: 66400K(79360K)->84992K(84992K)
[6.770s][info][gc,heap        ] GC(125) ParOldGen: 1066642K(1187328K)->1077778K(1187328K)
[6.770s][info][gc,metaspace   ] GC(125) Metaspace: 6302K(6528K)->6302K(6528K) NonClass: 5769K(5888K)->5769K(5888K) Class: 533K(640K)->533K(640K)
[6.770s][info][gc             ] GC(125) Pause Young (Allocation Failure) 1135M->1135M(1259M) 62.637ms
[6.770s][info][gc,cpu         ] GC(125) User=0.28s Sys=0.00s Real=0.06s
[6.790s][info][gc,start       ] GC(126) Pause Young (Allocation Failure)
[6.851s][info][gc,heap        ] GC(126) PSYoungGen: 101888K(101888K)->70368K(117760K) Eden: 16896K(16896K)->0K(16896K) From: 84992K(84992K)->70368K(100864K)
[6.851s][info][gc,heap        ] GC(126) ParOldGen: 1077778K(1187328K)->1109818K(1187328K)
[6.851s][info][gc,metaspace   ] GC(126) Metaspace: 6302K(6528K)->6302K(6528K) NonClass: 5769K(5888K)->5769K(5888K) Class: 533K(640K)->533K(640K)
[6.851s][info][gc             ] GC(126) Pause Young (Allocation Failure) 1152M->1152M(1274M) 61.173ms
[6.851s][info][gc,cpu         ] GC(126) User=0.27s Sys=0.02s Real=0.06s
[6.871s][info][gc,start       ] GC(127) Pause Young (Allocation Failure)
[6.920s][info][gc,heap        ] GC(127) PSYoungGen: 87264K(117760K)->60448K(120320K) Eden: 16896K(16896K)->0K(19456K) From: 70368K(100864K)->60448K(100864K)
[6.920s][info][gc,heap        ] GC(127) ParOldGen: 1109818K(1187328K)->1136986K(1187328K)
[6.920s][info][gc,metaspace   ] GC(127) Metaspace: 6302K(6528K)->6302K(6528K) NonClass: 5769K(5888K)->5769K(5888K) Class: 533K(640K)->533K(640K)
[6.920s][info][gc             ] GC(127) Pause Young (Allocation Failure) 1169M->1169M(1277M) 49.328ms
[6.920s][info][gc,cpu         ] GC(127) User=0.20s Sys=0.02s Real=0.05s
[6.945s][info][gc,start       ] GC(128) Pause Young (Allocation Failure)
[6.992s][info][gc,heap        ] GC(128) PSYoungGen: 79904K(120320K)->36480K(121344K) Eden: 19456K(19456K)->0K(19456K) From: 60448K(100864K)->36480K(101888K)
[6.992s][info][gc,heap        ] GC(128) ParOldGen: 1136986K(1187328K)->1180978K(1187328K)
[6.992s][info][gc,metaspace   ] GC(128) Metaspace: 6302K(6528K)->6302K(6528K) NonClass: 5769K(5888K)->5769K(5888K) Class: 533K(640K)->533K(640K)
[6.992s][info][gc             ] GC(128) Pause Young (Allocation Failure) 1188M->1188M(1278M) 47.763ms
[6.992s][info][gc,cpu         ] GC(128) User=0.27s Sys=0.00s Real=0.05s
[6.992s][info][gc,start       ] GC(129) Pause Full (Ergonomics)
[6.992s][info][gc,phases,start] GC(129) Marking Phase
[7.270s][info][gc,phases      ] GC(129) Marking Phase 277.057ms
[7.270s][info][gc,phases,start] GC(129) Summary Phase
[7.270s][info][gc,phases      ] GC(129) Summary Phase 0.038ms
[7.270s][info][gc,phases,start] GC(129) Adjust Roots
[7.270s][info][gc,phases      ] GC(129) Adjust Roots 0.203ms
[7.270s][info][gc,phases,start] GC(129) Compaction Phase
[7.377s][info][gc,phases      ] GC(129) Compaction Phase 107.393ms
[7.377s][info][gc,phases,start] GC(129) Post Compact
[7.379s][info][gc,phases      ] GC(129) Post Compact 1.934ms
[7.380s][info][gc,heap        ] GC(129) PSYoungGen: 36480K(121344K)->28113K(121344K) Eden: 0K(19456K)->0K(19456K) From: 36480K(101888K)->28113K(101888K)
[7.380s][info][gc,heap        ] GC(129) ParOldGen: 1180978K(1187328K)->1187319K(1328640K)
[7.380s][info][gc,metaspace   ] GC(129) Metaspace: 6302K(6528K)->6302K(6528K) NonClass: 5769K(5888K)->5769K(5888K) Class: 533K(640K)->533K(640K)
[7.380s][info][gc             ] GC(129) Pause Full (Ergonomics) 1188M->1186M(1416M) 387.434ms
[7.380s][info][gc,cpu         ] GC(129) User=2.81s Sys=0.02s Real=0.39s
[7.405s][info][gc,start       ] GC(130) Pause Young (Allocation Failure)
[7.476s][info][gc,heap        ] GC(130) PSYoungGen: 47569K(121344K)->19584K(120832K) Eden: 19456K(19456K)->0K(21504K) From: 28113K(101888K)->19584K(99328K)
[7.476s][info][gc,heap        ] GC(130) ParOldGen: 1187319K(1328640K)->1215855K(1328640K)
[7.476s][info][gc,metaspace   ] GC(130) Metaspace: 6302K(6528K)->6302K(6528K) NonClass: 5769K(5888K)->5769K(5888K) Class: 533K(640K)->533K(640K)
[7.476s][info][gc             ] GC(130) Pause Young (Allocation Failure) 1205M->1206M(1415M) 71.615ms
[7.476s][info][gc,cpu         ] GC(130) User=0.41s Sys=0.00s Real=0.07s
[7.502s][info][gc,start       ] GC(131) Pause Young (Allocation Failure)
[7.527s][info][gc,heap        ] GC(131) PSYoungGen: 41088K(120832K)->21664K(121344K) Eden: 21504K(21504K)->0K(21504K) From: 19584K(99328K)->21664K(99840K)
[7.527s][info][gc,heap        ] GC(131) ParOldGen: 1215855K(1328640K)->1235583K(1328640K)
[7.527s][info][gc,metaspace   ] GC(131) Metaspace: 6302K(6528K)->6302K(6528K) NonClass: 5769K(5888K)->5769K(5888K) Class: 533K(640K)->533K(640K)
[7.527s][info][gc             ] GC(131) Pause Young (Allocation Failure) 1227M->1227M(1416M) 25.169ms
[7.527s][info][gc,cpu         ] GC(131) User=0.11s Sys=0.02s Real=0.03s
[7.553s][info][gc,start       ] GC(132) Pause Young (Allocation Failure)
[7.579s][info][gc,heap        ] GC(132) PSYoungGen: 43168K(121344K)->21664K(119808K) Eden: 21504K(21504K)->0K(24064K) From: 21664K(99840K)->21664K(95744K)
[7.579s][info][gc,heap        ] GC(132) ParOldGen: 1235583K(1328640K)->1257383K(1328640K)
[7.579s][info][gc,metaspace   ] GC(132) Metaspace: 6302K(6528K)->6302K(6528K) NonClass: 5769K(5888K)->5769K(5888K) Class: 533K(640K)->533K(640K)
[7.579s][info][gc             ] GC(132) Pause Young (Allocation Failure) 1248M->1249M(1414M) 26.172ms
[7.579s][info][gc,cpu         ] GC(132) User=0.11s Sys=0.03s Real=0.03s
[7.609s][info][gc,start       ] GC(133) Pause Young (Allocation Failure)
[7.637s][info][gc,heap        ] GC(133) PSYoungGen: 45728K(119808K)->23872K(121344K) Eden: 24064K(24064K)->0K(24064K) From: 21664K(95744K)->23872K(97280K)
[7.637s][info][gc,heap        ] GC(133) ParOldGen: 1257383K(1328640K)->1279191K(1328640K)
[7.637s][info][gc,metaspace   ] GC(133) Metaspace: 6302K(6528K)->6302K(6528K) NonClass: 5769K(5888K)->5769K(5888K) Class: 533K(640K)->533K(640K)
[7.637s][info][gc             ] GC(133) Pause Young (Allocation Failure) 1272M->1272M(1416M) 27.563ms
[7.637s][info][gc,cpu         ] GC(133) User=0.11s Sys=0.02s Real=0.03s
[7.656s][info][gc,start       ] GC(134) Pause Young (Allocation Failure)
[7.679s][info][gc,heap        ] GC(134) PSYoungGen: 47936K(121344K)->12640K(121344K) Eden: 24064K(24064K)->0K(27136K) From: 23872K(97280K)->12640K(94208K)
[7.679s][info][gc,heap        ] GC(134) ParOldGen: 1279191K(1328640K)->1303255K(1328640K)
[7.679s][info][gc,metaspace   ] GC(134) Metaspace: 6302K(6528K)->6302K(6528K) NonClass: 5769K(5888K)->5769K(5888K) Class: 533K(640K)->533K(640K)
[7.679s][info][gc             ] GC(134) Pause Young (Allocation Failure) 1296M->1285M(1416M) 23.279ms
[7.679s][info][gc,cpu         ] GC(134) User=0.22s Sys=0.03s Real=0.02s
[7.679s][info][gc,start       ] GC(135) Pause Full (Ergonomics)
[7.679s][info][gc,phases,start] GC(135) Marking Phase
[7.987s][info][gc,phases      ] GC(135) Marking Phase 307.623ms
[7.987s][info][gc,phases,start] GC(135) Summary Phase
[7.987s][info][gc,phases      ] GC(135) Summary Phase 0.059ms
[7.987s][info][gc,phases,start] GC(135) Adjust Roots
[7.987s][info][gc,phases      ] GC(135) Adjust Roots 0.172ms
[7.987s][info][gc,phases,start] GC(135) Compaction Phase
[8.106s][info][gc,phases      ] GC(135) Compaction Phase 118.882ms
[8.106s][info][gc,phases,start] GC(135) Post Compact
[8.109s][info][gc,phases      ] GC(135) Post Compact 2.427ms
[8.109s][info][gc,heap        ] GC(135) PSYoungGen: 12640K(121344K)->0K(121344K) Eden: 0K(27136K)->0K(27136K) From: 12640K(94208K)->0K(94208K)
[8.109s][info][gc,heap        ] GC(135) ParOldGen: 1303255K(1328640K)->1313965K(1454592K)
[8.109s][info][gc,metaspace   ] GC(135) Metaspace: 6302K(6528K)->6302K(6528K) NonClass: 5769K(5888K)->5769K(5888K) Class: 533K(640K)->533K(640K)
[8.109s][info][gc             ] GC(135) Pause Full (Ergonomics) 1285M->1283M(1539M) 429.990ms
[8.109s][info][gc,cpu         ] GC(135) User=3.00s Sys=0.06s Real=0.43s
[8.140s][info][gc,start       ] GC(136) Pause Young (Allocation Failure)
[8.158s][info][gc,heap        ] GC(136) PSYoungGen: 27136K(121344K)->20864K(117248K) Eden: 27136K(27136K)->0K(29696K) From: 0K(94208K)->20864K(87552K)
[8.159s][info][gc,heap        ] GC(136) ParOldGen: 1313965K(1454592K)->1313965K(1454592K)
[8.159s][info][gc,metaspace   ] GC(136) Metaspace: 6302K(6528K)->6302K(6528K) NonClass: 5769K(5888K)->5769K(5888K) Class: 533K(640K)->533K(640K)
[8.159s][info][gc             ] GC(136) Pause Young (Allocation Failure) 1309M->1303M(1535M) 18.925ms
[8.159s][info][gc,cpu         ] GC(136) User=0.03s Sys=0.00s Real=0.02s
[8.197s][info][gc,start       ] GC(137) Pause Young (Allocation Failure)
[8.227s][info][gc,heap        ] GC(137) PSYoungGen: 50560K(117248K)->50624K(120832K) Eden: 29696K(29696K)->0K(29696K) From: 20864K(87552K)->50624K(91136K)
[8.227s][info][gc,heap        ] GC(137) ParOldGen: 1313965K(1454592K)->1313965K(1454592K)
[8.227s][info][gc,metaspace   ] GC(137) Metaspace: 6302K(6528K)->6302K(6528K) NonClass: 5769K(5888K)->5769K(5888K) Class: 533K(640K)->533K(640K)
[8.227s][info][gc             ] GC(137) Pause Young (Allocation Failure) 1332M->1332M(1538M) 30.287ms
[8.227s][info][gc,cpu         ] GC(137) User=0.12s Sys=0.00s Real=0.03s
[8.263s][info][gc,start       ] GC(138) Pause Young (Allocation Failure)
[8.309s][info][gc,heap        ] GC(138) PSYoungGen: 80320K(120832K)->80320K(113152K) Eden: 29696K(29696K)->0K(22016K) From: 50624K(91136K)->80320K(91136K)
[8.309s][info][gc,heap        ] GC(138) ParOldGen: 1313965K(1454592K)->1313965K(1454592K)
[8.309s][info][gc,metaspace   ] GC(138) Metaspace: 6302K(6528K)->6302K(6528K) NonClass: 5769K(5888K)->5769K(5888K) Class: 533K(640K)->533K(640K)
[8.309s][info][gc             ] GC(138) Pause Young (Allocation Failure) 1361M->1361M(1531M) 45.382ms
[8.309s][info][gc,cpu         ] GC(138) User=0.27s Sys=0.00s Real=0.04s
[8.571s][info][gc,start       ] GC(139) Pause Young (Allocation Failure)
[8.653s][info][gc,heap        ] GC(139) PSYoungGen: 102336K(113152K)->101888K(123904K) Eden: 22016K(22016K)->0K(22016K) From: 80320K(91136K)->101888K(101888K)
[8.653s][info][gc,heap        ] GC(139) ParOldGen: 1379501K(1454592K)->1379901K(1454592K)
[8.653s][info][gc,metaspace   ] GC(139) Metaspace: 6302K(6528K)->6302K(6528K) NonClass: 5769K(5888K)->5769K(5888K) Class: 533K(640K)->533K(640K)
[8.653s][info][gc             ] GC(139) Pause Young (Allocation Failure) 1447M->1447M(1541M) 82.019ms
[8.653s][info][gc,cpu         ] GC(139) User=0.41s Sys=0.00s Real=0.08s
[8.676s][info][gc,start       ] GC(140) Pause Young (Allocation Failure)
[8.744s][info][gc,heap        ] GC(140) PSYoungGen: 123904K(123904K)->73760K(139776K) Eden: 22016K(22016K)->0K(21504K) From: 101888K(101888K)->73760K(118272K)
[8.744s][info][gc,heap        ] GC(140) ParOldGen: 1379901K(1454592K)->1430837K(1454592K)
[8.744s][info][gc,metaspace   ] GC(140) Metaspace: 6302K(6528K)->6302K(6528K) NonClass: 5769K(5888K)->5769K(5888K) Class: 533K(640K)->533K(640K)
[8.744s][info][gc             ] GC(140) Pause Young (Allocation Failure) 1468M->1469M(1557M) 68.494ms
[8.744s][info][gc,cpu         ] GC(140) User=0.36s Sys=0.02s Real=0.07s
[8.744s][info][gc,start       ] GC(141) Pause Full (Ergonomics)
[8.744s][info][gc,phases,start] GC(141) Marking Phase
[9.108s][info][gc,phases      ] GC(141) Marking Phase 364.056ms
[9.108s][info][gc,phases,start] GC(141) Summary Phase
[9.108s][info][gc,phases      ] GC(141) Summary Phase 0.049ms
[9.108s][info][gc,phases,start] GC(141) Adjust Roots
[9.109s][info][gc,phases      ] GC(141) Adjust Roots 0.385ms
[9.109s][info][gc,phases,start] GC(141) Compaction Phase
[9.464s][info][gc,phases      ] GC(141) Compaction Phase 354.950ms
[9.464s][info][gc,phases,start] GC(141) Post Compact
[9.468s][info][gc,phases      ] GC(141) Post Compact 3.653ms
[9.468s][info][gc,heap        ] GC(141) PSYoungGen: 73760K(139776K)->16208K(139776K) Eden: 0K(21504K)->0K(21504K) From: 73760K(118272K)->16208K(118272K)
[9.468s][info][gc,heap        ] GC(141) ParOldGen: 1430837K(1454592K)->1454510K(1610752K)
[9.468s][info][gc,metaspace   ] GC(141) Metaspace: 6302K(6528K)->6302K(6528K) NonClass: 5769K(5888K)->5769K(5888K) Class: 533K(640K)->533K(640K)
[9.468s][info][gc             ] GC(141) Pause Full (Ergonomics) 1469M->1436M(1709M) 724.038ms
[9.468s][info][gc,cpu         ] GC(141) User=4.28s Sys=0.02s Real=0.72s
[9.491s][info][gc,start       ] GC(142) Pause Young (Allocation Failure)
[9.570s][info][gc,heap        ] GC(142) PSYoungGen: 37712K(139776K)->31872K(53760K) Eden: 21504K(21504K)->0K(21504K) From: 16208K(118272K)->31872K(32256K)
[9.570s][info][gc,heap        ] GC(142) ParOldGen: 1454510K(1610752K)->1460646K(1610752K)
[9.570s][info][gc,metaspace   ] GC(142) Metaspace: 6302K(6528K)->6302K(6528K) NonClass: 5769K(5888K)->5769K(5888K) Class: 533K(640K)->533K(640K)
[9.570s][info][gc             ] GC(142) Pause Young (Allocation Failure) 1457M->1457M(1625M) 78.611ms
[9.570s][info][gc,cpu         ] GC(142) User=0.39s Sys=0.00s Real=0.08s
[9.590s][info][gc,start       ] GC(143) Pause Young (Allocation Failure)
[9.621s][info][gc,heap        ] GC(143) PSYoungGen: 53376K(53760K)->53408K(132096K) Eden: 21504K(21504K)->0K(24064K) From: 31872K(32256K)->53408K(108032K)
[9.621s][info][gc,heap        ] GC(143) ParOldGen: 1460646K(1610752K)->1460646K(1610752K)
[9.621s][info][gc,metaspace   ] GC(143) Metaspace: 6302K(6528K)->6302K(6528K) NonClass: 5769K(5888K)->5769K(5888K) Class: 533K(640K)->533K(640K)
[9.621s][info][gc             ] GC(143) Pause Young (Allocation Failure) 1478M->1478M(1702M) 30.833ms
[9.621s][info][gc,cpu         ] GC(143) User=0.05s Sys=0.00s Real=0.03s
[9.643s][info][gc,start       ] GC(144) Pause Young (Allocation Failure)
[9.682s][info][gc,heap        ] GC(144) PSYoungGen: 77472K(132096K)->77472K(136192K) Eden: 24064K(24064K)->0K(24064K) From: 53408K(108032K)->77472K(112128K)
[9.682s][info][gc,heap        ] GC(144) ParOldGen: 1460646K(1610752K)->1460646K(1610752K)
[9.682s][info][gc,metaspace   ] GC(144) Metaspace: 6302K(6528K)->6302K(6528K) NonClass: 5769K(5888K)->5769K(5888K) Class: 533K(640K)->533K(640K)
[9.682s][info][gc             ] GC(144) Pause Young (Allocation Failure) 1502M->1502M(1706M) 38.637ms
[9.682s][info][gc,cpu         ] GC(144) User=0.25s Sys=0.00s Real=0.04s
[9.707s][info][gc,start       ] GC(145) Pause Young (Allocation Failure)
[9.756s][info][gc,heap        ] GC(145) PSYoungGen: 101536K(136192K)->100672K(131072K) Eden: 24064K(24064K)->0K(14848K) From: 77472K(112128K)->100672K(116224K)
[9.756s][info][gc,heap        ] GC(145) ParOldGen: 1460646K(1610752K)->1461566K(1610752K)
[9.756s][info][gc,metaspace   ] GC(145) Metaspace: 6302K(6528K)->6302K(6528K) NonClass: 5769K(5888K)->5769K(5888K) Class: 533K(640K)->533K(640K)
[9.756s][info][gc             ] GC(145) Pause Young (Allocation Failure) 1525M->1525M(1701M) 49.336ms
[9.756s][info][gc,cpu         ] GC(145) User=0.31s Sys=0.00s Real=0.05s
[9.771s][info][gc,start       ] GC(146) Pause Young (Allocation Failure)
[9.825s][info][gc,heap        ] GC(146) PSYoungGen: 115520K(131072K)->106208K(142848K) Eden: 14848K(14848K)->0K(14848K) From: 100672K(116224K)->106208K(128000K)
[9.825s][info][gc,heap        ] GC(146) ParOldGen: 1461566K(1610752K)->1471046K(1610752K)
[9.825s][info][gc,metaspace   ] GC(146) Metaspace: 6302K(6528K)->6302K(6528K) NonClass: 5769K(5888K)->5769K(5888K) Class: 533K(640K)->533K(640K)
[9.825s][info][gc             ] GC(146) Pause Young (Allocation Failure) 1540M->1540M(1712M) 53.508ms
[9.825s][info][gc,cpu         ] GC(146) User=0.36s Sys=0.02s Real=0.05s
[9.841s][info][gc,start       ] GC(147) Pause Young (Allocation Failure)
[9.913s][info][gc,heap        ] GC(147) PSYoungGen: 121056K(142848K)->77984K(152064K) Eden: 14848K(14848K)->0K(16896K) From: 106208K(128000K)->77984K(135168K)
[9.913s][info][gc,heap        ] GC(147) ParOldGen: 1471046K(1610752K)->1514638K(1610752K)
[9.913s][info][gc,metaspace   ] GC(147) Metaspace: 6302K(6528K)->6302K(6528K) NonClass: 5769K(5888K)->5769K(5888K) Class: 533K(640K)->533K(640K)
[9.913s][info][gc             ] GC(147) Pause Young (Allocation Failure) 1554M->1555M(1721M) 71.499ms
[9.913s][info][gc,cpu         ] GC(147) User=0.47s Sys=0.05s Real=0.07s
[9.930s][info][gc,start       ] GC(148) Pause Young (Allocation Failure)
[9.991s][info][gc,heap        ] GC(148) PSYoungGen: 94880K(152064K)->46720K(64000K) Eden: 16896K(16896K)->0K(16896K) From: 77984K(135168K)->46720K(47104K)
[9.991s][info][gc,heap        ] GC(148) ParOldGen: 1514638K(1610752K)->1563454K(1610752K)
[9.991s][info][gc,metaspace   ] GC(148) Metaspace: 6302K(6528K)->6302K(6528K) NonClass: 5769K(5888K)->5769K(5888K) Class: 533K(640K)->533K(640K)
[9.991s][info][gc             ] GC(148) Pause Young (Allocation Failure) 1571M->1572M(1635M) 61.459ms
[9.991s][info][gc,cpu         ] GC(148) User=0.20s Sys=0.19s Real=0.06s
[9.991s][info][gc,start       ] GC(149) Pause Full (Ergonomics)
[9.991s][info][gc,phases,start] GC(149) Marking Phase
[10.351s][info][gc,phases      ] GC(149) Marking Phase 360.274ms
[10.351s][info][gc,phases,start] GC(149) Summary Phase
[10.351s][info][gc,phases      ] GC(149) Summary Phase 0.052ms
[10.352s][info][gc,phases,start] GC(149) Adjust Roots
[10.352s][info][gc,phases      ] GC(149) Adjust Roots 0.259ms
[10.352s][info][gc,phases,start] GC(149) Compaction Phase
[10.519s][info][gc,phases      ] GC(149) Compaction Phase 167.076ms
[10.519s][info][gc,phases,start] GC(149) Post Compact
[10.522s][info][gc,phases      ] GC(149) Post Compact 3.177ms
[10.524s][info][gc,heap        ] GC(149) PSYoungGen: 46720K(64000K)->0K(152576K) Eden: 0K(16896K)->0K(19456K) From: 46720K(47104K)->0K(133120K)
[10.524s][info][gc,heap        ] GC(149) ParOldGen: 1563454K(1610752K)->1608224K(1784832K)
[10.524s][info][gc,metaspace   ] GC(149) Metaspace: 6302K(6528K)->6302K(6528K) NonClass: 5769K(5888K)->5769K(5888K) Class: 533K(640K)->533K(640K)
[10.524s][info][gc             ] GC(149) Pause Full (Ergonomics) 1572M->1570M(1892M) 532.761ms
[10.524s][info][gc,cpu         ] GC(149) User=3.75s Sys=0.06s Real=0.53s
[10.543s][info][gc,start       ] GC(150) Pause Young (Allocation Failure)
[10.565s][info][gc,heap        ] GC(150) PSYoungGen: 19456K(152576K)->19616K(152576K) Eden: 19456K(19456K)->0K(19456K) From: 0K(133120K)->19616K(133120K)
[10.565s][info][gc,heap        ] GC(150) ParOldGen: 1608224K(1784832K)->1608224K(1784832K)
[10.565s][info][gc,metaspace   ] GC(150) Metaspace: 6302K(6528K)->6302K(6528K) NonClass: 5769K(5888K)->5769K(5888K) Class: 533K(640K)->533K(640K)
[10.565s][info][gc             ] GC(150) Pause Young (Allocation Failure) 1589M->1589M(1892M) 22.410ms
[10.565s][info][gc,cpu         ] GC(150) User=0.05s Sys=0.00s Real=0.02s
[10.584s][info][gc,start       ] GC(151) Pause Young (Allocation Failure)
[10.609s][info][gc,heap        ] GC(151) PSYoungGen: 39072K(152576K)->39072K(145920K) Eden: 19456K(19456K)->0K(22016K) From: 19616K(133120K)->39072K(123904K)
[10.609s][info][gc,heap        ] GC(151) ParOldGen: 1608224K(1784832K)->1608224K(1784832K)
[10.609s][info][gc,metaspace   ] GC(151) Metaspace: 6302K(6528K)->6302K(6528K) NonClass: 5769K(5888K)->5769K(5888K) Class: 533K(640K)->533K(640K)
[10.609s][info][gc             ] GC(151) Pause Young (Allocation Failure) 1608M->1608M(1885M) 25.741ms
[10.609s][info][gc,cpu         ] GC(151) User=0.03s Sys=0.00s Real=0.03s
[10.632s][info][gc,start       ] GC(152) Pause Young (Allocation Failure)
[10.667s][info][gc,heap        ] GC(152) PSYoungGen: 61088K(145920K)->41664K(64000K) Eden: 22016K(22016K)->0K(22016K) From: 39072K(123904K)->41664K(41984K)
[10.667s][info][gc,heap        ] GC(152) ParOldGen: 1608224K(1784832K)->1627968K(1784832K)
[10.668s][info][gc,metaspace   ] GC(152) Metaspace: 6302K(6528K)->6302K(6528K) NonClass: 5769K(5888K)->5769K(5888K) Class: 533K(640K)->533K(640K)
[10.668s][info][gc             ] GC(152) Pause Young (Allocation Failure) 1630M->1630M(1805M) 36.000ms
[10.668s][info][gc,cpu         ] GC(152) User=0.09s Sys=0.11s Real=0.04s
[10.689s][info][gc,start       ] GC(153) Pause Young (Allocation Failure)
[10.727s][info][gc,heap        ] GC(153) PSYoungGen: 63680K(64000K)->44192K(138752K) Eden: 22016K(22016K)->0K(25088K) From: 41664K(41984K)->44192K(113664K)
[10.727s][info][gc,heap        ] GC(153) ParOldGen: 1627968K(1784832K)->1647728K(1784832K)
[10.727s][info][gc,metaspace   ] GC(153) Metaspace: 6302K(6528K)->6302K(6528K) NonClass: 5769K(5888K)->5769K(5888K) Class: 533K(640K)->533K(640K)
[10.727s][info][gc             ] GC(153) Pause Young (Allocation Failure) 1652M->1652M(1878M) 37.280ms
[10.727s][info][gc,cpu         ] GC(153) User=0.20s Sys=0.03s Real=0.04s
[10.753s][info][gc,start       ] GC(154) Pause Young (Allocation Failure)
[10.794s][info][gc,heap        ] GC(154) PSYoungGen: 69280K(138752K)->47296K(72704K) Eden: 25088K(25088K)->0K(25088K) From: 44192K(113664K)->47296K(47616K)
[10.794s][info][gc,heap        ] GC(154) ParOldGen: 1647728K(1784832K)->1670088K(1784832K)
[10.794s][info][gc,metaspace   ] GC(154) Metaspace: 6302K(6528K)->6302K(6528K) NonClass: 5769K(5888K)->5769K(5888K) Class: 533K(640K)->533K(640K)
[10.795s][info][gc             ] GC(154) Pause Young (Allocation Failure) 1676M->1677M(1814M) 41.458ms
[10.795s][info][gc,cpu         ] GC(154) User=0.22s Sys=0.03s Real=0.04s
[10.824s][info][gc,start       ] GC(155) Pause Young (Allocation Failure)
[10.874s][info][gc,heap        ] GC(155) PSYoungGen: 72384K(72704K)->25216K(138240K) Eden: 25088K(25088K)->0K(28160K) From: 47296K(47616K)->25216K(110080K)
[10.874s][info][gc,heap        ] GC(155) ParOldGen: 1670088K(1784832K)->1717888K(1784832K)
[10.874s][info][gc,metaspace   ] GC(155) Metaspace: 6302K(6528K)->6302K(6528K) NonClass: 5769K(5888K)->5769K(5888K) Class: 533K(640K)->533K(640K)
[10.874s][info][gc             ] GC(155) Pause Young (Allocation Failure) 1701M->1702M(1878M) 50.744ms
[10.874s][info][gc,cpu         ] GC(155) User=0.14s Sys=0.23s Real=0.05s
[10.907s][info][gc,start       ] GC(156) Pause Young (Allocation Failure)
[10.944s][info][gc,heap        ] GC(156) PSYoungGen: 53376K(138240K)->28288K(139776K) Eden: 28160K(28160K)->0K(28160K) From: 25216K(110080K)->28288K(111616K)
[10.944s][info][gc,heap        ] GC(156) ParOldGen: 1717888K(1784832K)->1743368K(1784832K)
[10.944s][info][gc,metaspace   ] GC(156) Metaspace: 6302K(6528K)->6302K(6528K) NonClass: 5769K(5888K)->5769K(5888K) Class: 533K(640K)->533K(640K)
[10.944s][info][gc             ] GC(156) Pause Young (Allocation Failure) 1729M->1730M(1879M) 37.630ms
[10.944s][info][gc,cpu         ] GC(156) User=0.22s Sys=0.02s Real=0.04s
[10.944s][info][gc,start       ] GC(157) Pause Full (Ergonomics)
[10.944s][info][gc,phases,start] GC(157) Marking Phase
[11.334s][info][gc,phases      ] GC(157) Marking Phase 389.778ms
[11.334s][info][gc,phases,start] GC(157) Summary Phase
[11.334s][info][gc,phases      ] GC(157) Summary Phase 0.038ms
[11.334s][info][gc,phases,start] GC(157) Adjust Roots
[11.335s][info][gc,phases      ] GC(157) Adjust Roots 0.190ms
[11.335s][info][gc,phases,start] GC(157) Compaction Phase
[11.507s][info][gc,phases      ] GC(157) Compaction Phase 172.821ms
[11.507s][info][gc,phases,start] GC(157) Post Compact
[11.511s][info][gc,phases      ] GC(157) Post Compact 3.205ms
[11.512s][info][gc,heap        ] GC(157) PSYoungGen: 28288K(139776K)->0K(140800K) Eden: 0K(28160K)->0K(31744K) From: 28288K(111616K)->0K(109056K)
[11.512s][info][gc,heap        ] GC(157) ParOldGen: 1743368K(1784832K)->1769285K(1955840K)
[11.512s][info][gc,metaspace   ] GC(157) Metaspace: 6302K(6528K)->6302K(6528K) NonClass: 5769K(5888K)->5769K(5888K) Class: 533K(640K)->533K(640K)
[11.512s][info][gc             ] GC(157) Pause Full (Ergonomics) 1730M->1727M(2047M) 567.173ms
[11.512s][info][gc,cpu         ] GC(157) User=4.09s Sys=0.08s Real=0.57s
[11.549s][info][gc,start       ] GC(158) Pause Young (Allocation Failure)
[11.575s][info][gc,heap        ] GC(158) PSYoungGen: 31744K(140800K)->31936K(64000K) Eden: 31744K(31744K)->0K(31744K) From: 0K(109056K)->31936K(32256K)
[11.575s][info][gc,heap        ] GC(158) ParOldGen: 1769285K(1955840K)->1769285K(1955840K)
[11.575s][info][gc,metaspace   ] GC(158) Metaspace: 6302K(6528K)->6302K(6528K) NonClass: 5769K(5888K)->5769K(5888K) Class: 533K(640K)->533K(640K)
[11.575s][info][gc             ] GC(158) Pause Young (Allocation Failure) 1758M->1759M(1972M) 26.229ms
[11.575s][info][gc,cpu         ] GC(158) User=0.03s Sys=0.00s Real=0.03s
[11.608s][info][gc,start       ] GC(159) Pause Young (Allocation Failure)
[11.643s][info][gc,heap        ] GC(159) PSYoungGen: 63680K(64000K)->63680K(139776K) Eden: 31744K(31744K)->0K(34304K) From: 31936K(32256K)->63680K(105472K)
[11.643s][info][gc,heap        ] GC(159) ParOldGen: 1769285K(1955840K)->1769285K(1955840K)
[11.643s][info][gc,metaspace   ] GC(159) Metaspace: 6302K(6528K)->6302K(6528K) NonClass: 5769K(5888K)->5769K(5888K) Class: 533K(640K)->533K(640K)
[11.643s][info][gc             ] GC(159) Pause Young (Allocation Failure) 1790M->1790M(2046M) 35.434ms
[11.643s][info][gc,cpu         ] GC(159) User=0.17s Sys=0.00s Real=0.04s
[11.679s][info][gc,start       ] GC(160) Pause Young (Allocation Failure)
[11.727s][info][gc,heap        ] GC(160) PSYoungGen: 97984K(139776K)->98048K(140288K) Eden: 34304K(34304K)->0K(34304K) From: 63680K(105472K)->98048K(105984K)
[11.727s][info][gc,heap        ] GC(160) ParOldGen: 1769285K(1955840K)->1769285K(1955840K)
[11.727s][info][gc,metaspace   ] GC(160) Metaspace: 6302K(6528K)->6302K(6528K) NonClass: 5769K(5888K)->5769K(5888K) Class: 533K(640K)->533K(640K)
[11.727s][info][gc             ] GC(160) Pause Young (Allocation Failure) 1823M->1823M(2047M) 48.104ms
[11.727s][info][gc,cpu         ] GC(160) User=0.27s Sys=0.00s Real=0.05s
[11.766s][info][gc,start       ] GC(161) Pause Young (Allocation Failure)
[11.840s][info][gc,heap        ] GC(161) PSYoungGen: 132352K(140288K)->100608K(145408K) Eden: 34304K(34304K)->0K(26624K) From: 98048K(105984K)->100608K(118784K)
[11.840s][info][gc,heap        ] GC(161) ParOldGen: 1769285K(1955840K)->1801501K(1955840K)
[11.840s][info][gc,metaspace   ] GC(161) Metaspace: 6302K(6528K)->6302K(6528K) NonClass: 5769K(5888K)->5769K(5888K) Class: 533K(640K)->533K(640K)
[11.840s][info][gc             ] GC(161) Pause Young (Allocation Failure) 1857M->1857M(2052M) 74.411ms
[11.840s][info][gc,cpu         ] GC(161) User=0.41s Sys=0.09s Real=0.07s
[11.872s][info][gc,start       ] GC(162) Pause Young (Allocation Failure)
[11.944s][info][gc,heap        ] GC(162) PSYoungGen: 127232K(145408K)->95456K(156672K) Eden: 26624K(26624K)->0K(26624K) From: 100608K(118784K)->95456K(130048K)
[11.944s][info][gc,heap        ] GC(162) ParOldGen: 1801501K(1955840K)->1833709K(1955840K)
[11.944s][info][gc,metaspace   ] GC(162) Metaspace: 6302K(6528K)->6302K(6528K) NonClass: 5769K(5888K)->5769K(5888K) Class: 533K(640K)->533K(640K)
[11.944s][info][gc             ] GC(162) Pause Young (Allocation Failure) 1883M->1883M(2063M) 72.701ms
[11.944s][info][gc,cpu         ] GC(162) User=0.47s Sys=0.05s Real=0.07s
[11.972s][info][gc,start       ] GC(163) Pause Young (Allocation Failure)
[12.041s][info][gc,heap        ] GC(163) PSYoungGen: 122080K(156672K)->87744K(164352K) Eden: 26624K(26624K)->0K(27648K) From: 95456K(130048K)->87744K(136704K)
[12.041s][info][gc,heap        ] GC(163) ParOldGen: 1833709K(1955840K)->1868525K(1955840K)
[12.041s][info][gc,metaspace   ] GC(163) Metaspace: 6302K(6528K)->6302K(6528K) NonClass: 5769K(5888K)->5769K(5888K) Class: 533K(640K)->533K(640K)
[12.041s][info][gc             ] GC(163) Pause Young (Allocation Failure) 1909M->1910M(2070M) 68.603ms
[12.041s][info][gc,cpu         ] GC(163) User=0.39s Sys=0.08s Real=0.07s
[12.076s][info][gc,start       ] GC(164) Pause Young (Allocation Failure)
[12.152s][info][gc,heap        ] GC(164) PSYoungGen: 115392K(164352K)->54496K(82432K) Eden: 27648K(27648K)->0K(27648K) From: 87744K(136704K)->54496K(54784K)
[12.152s][info][gc,heap        ] GC(164) ParOldGen: 1868525K(1955840K)->1930341K(1955840K)
[12.152s][info][gc,metaspace   ] GC(164) Metaspace: 6302K(6528K)->6302K(6528K) NonClass: 5769K(5888K)->5769K(5888K) Class: 533K(640K)->533K(640K)
[12.152s][info][gc             ] GC(164) Pause Young (Allocation Failure) 1937M->1938M(1990M) 76.802ms
[12.152s][info][gc,cpu         ] GC(164) User=0.28s Sys=0.23s Real=0.08s
[12.152s][info][gc,start       ] GC(165) Pause Full (Ergonomics)
[12.152s][info][gc,phases,start] GC(165) Marking Phase
[12.596s][info][gc,phases      ] GC(165) Marking Phase 443.912ms
[12.596s][info][gc,phases,start] GC(165) Summary Phase
[12.597s][info][gc,phases      ] GC(165) Summary Phase 0.069ms
[12.597s][info][gc,phases,start] GC(165) Adjust Roots
[12.597s][info][gc,phases      ] GC(165) Adjust Roots 0.213ms
[12.597s][info][gc,phases,start] GC(165) Compaction Phase
[12.785s][info][gc,phases      ] GC(165) Compaction Phase 188.349ms
[12.785s][info][gc,phases,start] GC(165) Post Compact
[12.789s][info][gc,phases      ] GC(165) Post Compact 3.923ms
[12.791s][info][gc,heap        ] GC(165) PSYoungGen: 54496K(82432K)->26617K(82432K) Eden: 0K(27648K)->0K(27648K) From: 54496K(54784K)->26617K(54784K)
[12.791s][info][gc,heap        ] GC(165) ParOldGen: 1930341K(1955840K)->1955446K(2169344K)
[12.791s][info][gc,metaspace   ] GC(165) Metaspace: 6302K(6528K)->6302K(6528K) NonClass: 5769K(5888K)->5769K(5888K) Class: 533K(640K)->533K(640K)
[12.791s][info][gc             ] GC(165) Pause Full (Ergonomics) 1938M->1935M(2199M) 638.762ms
[12.791s][info][gc,cpu         ] GC(165) User=4.67s Sys=0.02s Real=0.64s
[12.830s][info][gc,start       ] GC(166) Pause Young (Allocation Failure)
[12.947s][info][gc,heap        ] GC(166) PSYoungGen: 54265K(82432K)->27808K(161280K) Eden: 27648K(27648K)->0K(30720K) From: 26617K(54784K)->27808K(130560K)
[12.947s][info][gc,heap        ] GC(166) ParOldGen: 1955446K(2169344K)->1982494K(2169344K)
[12.947s][info][gc,metaspace   ] GC(166) Metaspace: 6302K(6528K)->6302K(6528K) NonClass: 5769K(5888K)->5769K(5888K) Class: 533K(640K)->533K(640K)
[12.947s][info][gc             ] GC(166) Pause Young (Allocation Failure) 1962M->1963M(2276M) 117.355ms
[12.947s][info][gc,cpu         ] GC(166) User=0.73s Sys=0.02s Real=0.12s
[12.984s][info][gc,start       ] GC(167) Pause Young (Allocation Failure)
[13.026s][info][gc,heap        ] GC(167) PSYoungGen: 58528K(161280K)->30880K(162816K) Eden: 30720K(30720K)->0K(30720K) From: 27808K(130560K)->30880K(132096K)
[13.026s][info][gc,heap        ] GC(167) ParOldGen: 1982494K(2169344K)->2010558K(2169344K)
[13.026s][info][gc,metaspace   ] GC(167) Metaspace: 6302K(6528K)->6302K(6528K) NonClass: 5769K(5888K)->5769K(5888K) Class: 533K(640K)->533K(640K)
[13.026s][info][gc             ] GC(167) Pause Young (Allocation Failure) 1993M->1993M(2277M) 42.464ms
[13.026s][info][gc,cpu         ] GC(167) User=0.20s Sys=0.17s Real=0.04s
[13.060s][info][gc,start       ] GC(168) Pause Young (Allocation Failure)
[13.106s][info][gc,heap        ] GC(168) PSYoungGen: 61600K(162816K)->30880K(158208K) Eden: 30720K(30720K)->0K(34304K) From: 30880K(132096K)->30880K(123904K)
[13.106s][info][gc,heap        ] GC(168) ParOldGen: 2010558K(2169344K)->2041750K(2169344K)
[13.106s][info][gc,metaspace   ] GC(168) Metaspace: 6302K(6528K)->6302K(6528K) NonClass: 5769K(5888K)->5769K(5888K) Class: 533K(640K)->533K(640K)
[13.106s][info][gc             ] GC(168) Pause Young (Allocation Failure) 2023M->2024M(2273M) 46.071ms
[13.106s][info][gc,cpu         ] GC(168) User=0.17s Sys=0.08s Real=0.05s
[13.143s][info][gc,start       ] GC(169) Pause Young (Allocation Failure)
[13.188s][info][gc,heap        ] GC(169) PSYoungGen: 65184K(158208K)->34496K(161280K) Eden: 34304K(34304K)->0K(34304K) From: 30880K(123904K)->34496K(126976K)
[13.188s][info][gc,heap        ] GC(169) ParOldGen: 2041750K(2169344K)->2072950K(2169344K)
[13.188s][info][gc,metaspace   ] GC(169) Metaspace: 6302K(6528K)->6302K(6528K) NonClass: 5769K(5888K)->5769K(5888K) Class: 533K(640K)->533K(640K)
[13.188s][info][gc             ] GC(169) Pause Young (Allocation Failure) 2057M->2058M(2276M) 45.182ms
[13.188s][info][gc,cpu         ] GC(169) User=0.11s Sys=0.12s Real=0.05s
[13.223s][info][gc,start       ] GC(170) Pause Young (Allocation Failure)
[13.272s][info][gc,heap        ] GC(170) PSYoungGen: 68800K(161280K)->34464K(153088K) Eden: 34304K(34304K)->0K(38400K) From: 34496K(126976K)->34464K(114688K)
[13.272s][info][gc,heap        ] GC(170) ParOldGen: 2072950K(2169344K)->2107782K(2169344K)
[13.272s][info][gc,metaspace   ] GC(170) Metaspace: 6302K(6528K)->6302K(6528K) NonClass: 5769K(5888K)->5769K(5888K) Class: 533K(640K)->533K(640K)
[13.272s][info][gc             ] GC(170) Pause Young (Allocation Failure) 2091M->2092M(2268M) 48.894ms
[13.272s][info][gc,cpu         ] GC(170) User=0.16s Sys=0.11s Real=0.05s
[13.312s][info][gc,start       ] GC(171) Pause Young (Allocation Failure)
[13.361s][info][gc,heap        ] GC(171) PSYoungGen: 72864K(153088K)->38560K(157184K) Eden: 38400K(38400K)->0K(38400K) From: 34464K(114688K)->38560K(118784K)
[13.361s][info][gc,heap        ] GC(171) ParOldGen: 2107782K(2169344K)->2142606K(2169344K)
[13.361s][info][gc,metaspace   ] GC(171) Metaspace: 6302K(6528K)->6302K(6528K) NonClass: 5769K(5888K)->5769K(5888K) Class: 533K(640K)->533K(640K)
[13.361s][info][gc             ] GC(171) Pause Young (Allocation Failure) 2129M->2130M(2272M) 49.359ms
[13.362s][info][gc,cpu         ] GC(171) User=0.17s Sys=0.11s Real=0.05s
[13.362s][info][gc,start       ] GC(172) Pause Full (Ergonomics)
[13.362s][info][gc,phases,start] GC(172) Marking Phase
[13.835s][info][gc,phases      ] GC(172) Marking Phase 473.453ms
[13.835s][info][gc,phases,start] GC(172) Summary Phase
[13.835s][info][gc,phases      ] GC(172) Summary Phase 0.043ms
[13.835s][info][gc,phases,start] GC(172) Adjust Roots
[13.835s][info][gc,phases      ] GC(172) Adjust Roots 0.169ms
[13.835s][info][gc,phases,start] GC(172) Compaction Phase
[14.051s][info][gc,phases      ] GC(172) Compaction Phase 216.057ms
[14.051s][info][gc,phases,start] GC(172) Post Compact
[14.056s][info][gc,phases      ] GC(172) Post Compact 4.127ms
[14.057s][info][gc,heap        ] GC(172) PSYoungGen: 38560K(157184K)->8733K(157184K) Eden: 0K(38400K)->0K(38400K) From: 38560K(118784K)->8733K(118784K)
[14.057s][info][gc,heap        ] GC(172) ParOldGen: 2142606K(2169344K)->2169236K(2388480K)
[14.057s][info][gc,metaspace   ] GC(172) Metaspace: 6302K(6528K)->6302K(6528K) NonClass: 5769K(5888K)->5769K(5888K) Class: 533K(640K)->533K(640K)
[14.057s][info][gc             ] GC(172) Pause Full (Ergonomics) 2130M->2126M(2486M) 695.899ms
[14.057s][info][gc,cpu         ] GC(172) User=4.89s Sys=0.09s Real=0.70s
[14.104s][info][gc,start       ] GC(173) Pause Young (Allocation Failure)
[14.225s][info][gc,heap        ] GC(173) PSYoungGen: 47133K(157184K)->38624K(145920K) Eden: 38400K(38400K)->0K(41984K) From: 8733K(118784K)->38624K(103936K)
[14.225s][info][gc,heap        ] GC(173) ParOldGen: 2169236K(2388480K)->2178140K(2388480K)
[14.225s][info][gc,metaspace   ] GC(173) Metaspace: 6302K(6528K)->6302K(6528K) NonClass: 5769K(5888K)->5769K(5888K) Class: 533K(640K)->533K(640K)
[14.225s][info][gc             ] GC(173) Pause Young (Allocation Failure) 2164M->2164M(2475M) 121.095ms
[14.225s][info][gc,cpu         ] GC(173) User=0.66s Sys=0.09s Real=0.12s
[14.281s][info][gc,start       ] GC(174) Pause Young (Allocation Failure)
[14.327s][info][gc,heap        ] GC(174) PSYoungGen: 80608K(145920K)->80640K(151552K) Eden: 41984K(41984K)->0K(41984K) From: 38624K(103936K)->80640K(109568K)
[14.327s][info][gc,heap        ] GC(174) ParOldGen: 2178140K(2388480K)->2178140K(2388480K)
[14.327s][info][gc,metaspace   ] GC(174) Metaspace: 6302K(6528K)->6302K(6528K) NonClass: 5769K(5888K)->5769K(5888K) Class: 533K(640K)->533K(640K)
[14.327s][info][gc             ] GC(174) Pause Young (Allocation Failure) 2205M->2205M(2480M) 46.582ms
[14.327s][info][gc,cpu         ] GC(174) User=0.38s Sys=0.00s Real=0.05s
[14.376s][info][gc,start       ] GC(175) Pause Young (Allocation Failure)
[14.443s][info][gc,heap        ] GC(175) PSYoungGen: 122624K(151552K)->115200K(141312K) Eden: 41984K(41984K)->0K(26112K) From: 80640K(109568K)->115200K(115200K)
[14.443s][info][gc,heap        ] GC(175) ParOldGen: 2178140K(2388480K)->2185612K(2388480K)
[14.443s][info][gc,metaspace   ] GC(175) Metaspace: 6302K(6528K)->6302K(6528K) NonClass: 5769K(5888K)->5769K(5888K) Class: 533K(640K)->533K(640K)
[14.443s][info][gc             ] GC(175) Pause Young (Allocation Failure) 2246M->2246M(2470M) 67.102ms
[14.443s][info][gc,cpu         ] GC(175) User=0.39s Sys=0.02s Real=0.07s
[14.473s][info][gc,start       ] GC(176) Pause Young (Allocation Failure)
[14.568s][info][gc,heap        ] GC(176) PSYoungGen: 141312K(141312K)->65984K(92160K) Eden: 26112K(26112K)->0K(26112K) From: 115200K(115200K)->65984K(66048K)
[14.568s][info][gc,heap        ] GC(176) ParOldGen: 2185612K(2388480K)->2262036K(2388480K)
[14.568s][info][gc,metaspace   ] GC(176) Metaspace: 6302K(6528K)->6302K(6528K) NonClass: 5769K(5888K)->5769K(5888K) Class: 533K(640K)->533K(640K)
[14.568s][info][gc             ] GC(176) Pause Young (Allocation Failure) 2272M->2273M(2422M) 94.848ms
[14.568s][info][gc,cpu         ] GC(176) User=0.41s Sys=0.23s Real=0.10s
[14.598s][info][gc,start       ] GC(177) Pause Young (Allocation Failure)
[14.656s][info][gc,heap        ] GC(177) PSYoungGen: 92096K(92160K)->52352K(147968K) Eden: 26112K(26112K)->0K(29696K) From: 65984K(66048K)->52352K(118272K)
[14.656s][info][gc,heap        ] GC(177) ParOldGen: 2262036K(2388480K)->2302036K(2388480K)
[14.656s][info][gc,metaspace   ] GC(177) Metaspace: 6302K(6528K)->6302K(6528K) NonClass: 5769K(5888K)->5769K(5888K) Class: 533K(640K)->533K(640K)
[14.656s][info][gc             ] GC(177) Pause Young (Allocation Failure) 2298M->2299M(2477M) 58.578ms
[14.656s][info][gc,cpu         ] GC(177) User=0.28s Sys=0.09s Real=0.06s
[14.693s][info][gc,start       ] GC(178) Pause Young (Allocation Failure)
[14.744s][info][gc,heap        ] GC(178) PSYoungGen: 82048K(147968K)->56000K(86016K) Eden: 29696K(29696K)->0K(29696K) From: 52352K(118272K)->56000K(56320K)
[14.744s][info][gc,heap        ] GC(178) ParOldGen: 2302036K(2388480K)->2328380K(2388480K)
[14.744s][info][gc,metaspace   ] GC(178) Metaspace: 6302K(6528K)->6302K(6528K) NonClass: 5769K(5888K)->5769K(5888K) Class: 533K(640K)->533K(640K)
[14.744s][info][gc             ] GC(178) Pause Young (Allocation Failure) 2328M->2328M(2416M) 50.659ms
[14.744s][info][gc,cpu         ] GC(178) User=0.28s Sys=0.00s Real=0.05s
[14.744s][info][gc,start       ] GC(179) Pause Full (Ergonomics)
[14.744s][info][gc,phases,start] GC(179) Marking Phase
[15.291s][info][gc,phases      ] GC(179) Marking Phase 547.190ms
[15.291s][info][gc,phases,start] GC(179) Summary Phase
[15.291s][info][gc,phases      ] GC(179) Summary Phase 0.068ms
[15.292s][info][gc,phases,start] GC(179) Adjust Roots
[15.292s][info][gc,phases      ] GC(179) Adjust Roots 0.166ms
[15.292s][info][gc,phases,start] GC(179) Compaction Phase
[15.504s][info][gc,phases      ] GC(179) Compaction Phase 212.617ms
[15.504s][info][gc,phases,start] GC(179) Post Compact
[15.509s][info][gc,phases      ] GC(179) Post Compact 4.199ms
[15.511s][info][gc,heap        ] GC(179) PSYoungGen: 56000K(86016K)->0K(151552K) Eden: 0K(29696K)->0K(33280K) From: 56000K(56320K)->0K(118272K)
[15.511s][info][gc,heap        ] GC(179) ParOldGen: 2328380K(2388480K)->2382073K(2627584K)
[15.511s][info][gc,metaspace   ] GC(179) Metaspace: 6302K(6528K)->6302K(6528K) NonClass: 5769K(5888K)->5769K(5888K) Class: 533K(640K)->533K(640K)
[15.511s][info][gc             ] GC(179) Pause Full (Ergonomics) 2328M->2326M(2714M) 766.442ms
[15.511s][info][gc,cpu         ] GC(179) User=5.66s Sys=0.14s Real=0.77s
[15.551s][info][gc,start       ] GC(180) Pause Young (Allocation Failure)
[15.577s][info][gc,heap        ] GC(180) PSYoungGen: 33280K(151552K)->33440K(151552K) Eden: 33280K(33280K)->0K(33280K) From: 0K(118272K)->33440K(118272K)
[15.577s][info][gc,heap        ] GC(180) ParOldGen: 2382073K(2627584K)->2382073K(2627584K)
[15.577s][info][gc,metaspace   ] GC(180) Metaspace: 6302K(6528K)->6302K(6528K) NonClass: 5769K(5888K)->5769K(5888K) Class: 533K(640K)->533K(640K)
[15.577s][info][gc             ] GC(180) Pause Young (Allocation Failure) 2358M->2358M(2714M) 25.665ms
[15.577s][info][gc,cpu         ] GC(180) User=0.03s Sys=0.00s Real=0.03s
[15.617s][info][gc,start       ] GC(181) Pause Young (Allocation Failure)
[15.656s][info][gc,heap        ] GC(181) PSYoungGen: 66720K(151552K)->66752K(148992K) Eden: 33280K(33280K)->0K(36352K) From: 33440K(118272K)->66752K(112640K)
[15.656s][info][gc,heap        ] GC(181) ParOldGen: 2382073K(2627584K)->2382073K(2627584K)
[15.656s][info][gc,metaspace   ] GC(181) Metaspace: 6302K(6528K)->6302K(6528K) NonClass: 5769K(5888K)->5769K(5888K) Class: 533K(640K)->533K(640K)
[15.656s][info][gc             ] GC(181) Pause Young (Allocation Failure) 2391M->2391M(2711M) 38.989ms
[15.656s][info][gc,cpu         ] GC(181) User=0.17s Sys=0.00s Real=0.04s
[15.700s][info][gc,start       ] GC(182) Pause Young (Allocation Failure)
[15.752s][info][gc,heap        ] GC(182) PSYoungGen: 103104K(148992K)->103168K(151040K) Eden: 36352K(36352K)->0K(36352K) From: 66752K(112640K)->103168K(114688K)
[15.752s][info][gc,heap        ] GC(182) ParOldGen: 2382073K(2627584K)->2382073K(2627584K)
[15.752s][info][gc,metaspace   ] GC(182) Metaspace: 6302K(6528K)->6302K(6528K) NonClass: 5769K(5888K)->5769K(5888K) Class: 533K(640K)->533K(640K)
[15.752s][info][gc             ] GC(182) Pause Young (Allocation Failure) 2426M->2426M(2713M) 52.024ms
[15.752s][info][gc,cpu         ] GC(182) User=0.30s Sys=0.00s Real=0.05s
[15.795s][info][gc,start       ] GC(183) Pause Young (Allocation Failure)
[15.877s][info][gc,heap        ] GC(183) PSYoungGen: 139520K(151040K)->125952K(143872K) Eden: 36352K(36352K)->0K(17920K) From: 103168K(114688K)->125952K(125952K)
[15.877s][info][gc,heap        ] GC(183) ParOldGen: 2382073K(2627584K)->2395657K(2627584K)
[15.877s][info][gc,metaspace   ] GC(183) Metaspace: 6302K(6528K)->6302K(6528K) NonClass: 5769K(5888K)->5769K(5888K) Class: 533K(640K)->533K(640K)
[15.877s][info][gc             ] GC(183) Pause Young (Allocation Failure) 2462M->2462M(2706M) 81.957ms
[15.877s][info][gc,cpu         ] GC(183) User=0.42s Sys=0.11s Real=0.08s
[15.898s][info][gc,start       ] GC(184) Pause Young (Allocation Failure)
[15.978s][info][gc,heap        ] GC(184) PSYoungGen: 143872K(143872K)->113504K(166400K) Eden: 17920K(17920K)->0K(17920K) From: 125952K(125952K)->113504K(148480K)
[15.978s][info][gc,heap        ] GC(184) ParOldGen: 2395657K(2627584K)->2426393K(2627584K)
[15.978s][info][gc,metaspace   ] GC(184) Metaspace: 6302K(6528K)->6302K(6528K) NonClass: 5769K(5888K)->5769K(5888K) Class: 533K(640K)->533K(640K)
[15.978s][info][gc             ] GC(184) Pause Young (Allocation Failure) 2480M->2480M(2728M) 79.603ms
[15.978s][info][gc,cpu         ] GC(184) User=0.44s Sys=0.08s Real=0.08s
[15.998s][info][gc,start       ] GC(185) Pause Young (Allocation Failure)
[16.085s][info][gc,heap        ] GC(185) PSYoungGen: 131424K(166400K)->69088K(162816K) Eden: 17920K(17920K)->0K(20480K) From: 113504K(148480K)->69088K(142336K)
[16.085s][info][gc,heap        ] GC(185) ParOldGen: 2426393K(2627584K)->2489177K(2627584K)
[16.085s][info][gc,metaspace   ] GC(185) Metaspace: 6302K(6528K)->6302K(6528K) NonClass: 5769K(5888K)->5769K(5888K) Class: 533K(640K)->533K(640K)
[16.085s][info][gc             ] GC(185) Pause Young (Allocation Failure) 2497M->2498M(2725M) 86.587ms
[16.085s][info][gc,cpu         ] GC(185) User=0.52s Sys=0.23s Real=0.09s
[16.108s][info][gc,start       ] GC(186) Pause Young (Allocation Failure)
[16.172s][info][gc,heap        ] GC(186) PSYoungGen: 89568K(162816K)->38496K(169984K) Eden: 20480K(20480K)->0K(20480K) From: 69088K(142336K)->38496K(149504K)
[16.172s][info][gc,heap        ] GC(186) ParOldGen: 2489177K(2627584K)->2540617K(2627584K)
[16.172s][info][gc,metaspace   ] GC(186) Metaspace: 6302K(6528K)->6302K(6528K) NonClass: 5769K(5888K)->5769K(5888K) Class: 533K(640K)->533K(640K)
[16.172s][info][gc             ] GC(186) Pause Young (Allocation Failure) 2518M->2518M(2732M) 64.049ms
[16.172s][info][gc,cpu         ] GC(186) User=0.23s Sys=0.16s Real=0.06s
[16.196s][info][gc,start       ] GC(187) Pause Young (Allocation Failure)
[16.245s][info][gc,heap        ] GC(187) PSYoungGen: 58976K(169984K)->20640K(171008K) Eden: 20480K(20480K)->0K(23040K) From: 38496K(149504K)->20640K(147968K)
[16.245s][info][gc,heap        ] GC(187) ParOldGen: 2540617K(2627584K)->2579313K(2627584K)
[16.245s][info][gc,metaspace   ] GC(187) Metaspace: 6302K(6528K)->6302K(6528K) NonClass: 5769K(5888K)->5769K(5888K) Class: 533K(640K)->533K(640K)
[16.245s][info][gc             ] GC(187) Pause Young (Allocation Failure) 2538M->2539M(2733M) 48.761ms
[16.245s][info][gc,cpu         ] GC(187) User=0.16s Sys=0.12s Real=0.05s
[16.245s][info][gc,start       ] GC(188) Pause Full (Ergonomics)
[16.245s][info][gc,phases,start] GC(188) Marking Phase
[16.828s][info][gc,phases      ] GC(188) Marking Phase 582.789ms
[16.828s][info][gc,phases,start] GC(188) Summary Phase
[16.828s][info][gc,phases      ] GC(188) Summary Phase 0.050ms
[16.828s][info][gc,phases,start] GC(188) Adjust Roots
[16.828s][info][gc,phases      ] GC(188) Adjust Roots 0.166ms
[16.828s][info][gc,phases,start] GC(188) Compaction Phase
[17.035s][info][gc,phases      ] GC(188) Compaction Phase 206.844ms
[17.035s][info][gc,phases,start] GC(188) Post Compact
[17.039s][info][gc,phases      ] GC(188) Post Compact 4.366ms
[17.041s][info][gc,heap        ] GC(188) PSYoungGen: 20640K(171008K)->0K(171520K) Eden: 0K(23040K)->0K(23040K) From: 20640K(147968K)->0K(148480K)
[17.041s][info][gc,heap        ] GC(188) ParOldGen: 2579313K(2627584K)->2597878K(2867712K)
[17.041s][info][gc,metaspace   ] GC(188) Metaspace: 6302K(6528K)->6302K(6528K) NonClass: 5769K(5888K)->5769K(5888K) Class: 533K(640K)->533K(640K)
[17.041s][info][gc             ] GC(188) Pause Full (Ergonomics) 2539M->2536M(2968M) 796.466ms
[17.041s][info][gc,cpu         ] GC(188) User=6.03s Sys=0.05s Real=0.80s
[17.073s][info][gc,start       ] GC(189) Pause Young (Allocation Failure)
[17.098s][info][gc,heap        ] GC(189) PSYoungGen: 23040K(171520K)->23200K(170496K) Eden: 23040K(23040K)->0K(25600K) From: 0K(148480K)->23200K(144896K)
[17.098s][info][gc,heap        ] GC(189) ParOldGen: 2597878K(2867712K)->2597878K(2867712K)
[17.098s][info][gc,metaspace   ] GC(189) Metaspace: 6302K(6528K)->6302K(6528K) NonClass: 5769K(5888K)->5769K(5888K) Class: 533K(640K)->533K(640K)
[17.098s][info][gc             ] GC(189) Pause Young (Allocation Failure) 2559M->2559M(2967M) 25.805ms
[17.098s][info][gc,cpu         ] GC(189) User=0.05s Sys=0.00s Real=0.02s
[17.129s][info][gc,start       ] GC(190) Pause Young (Allocation Failure)
[17.165s][info][gc,heap        ] GC(190) PSYoungGen: 48800K(170496K)->25728K(172544K) Eden: 25600K(25600K)->0K(25600K) From: 23200K(144896K)->25728K(146944K)
[17.165s][info][gc,heap        ] GC(190) ParOldGen: 2597878K(2867712K)->2621118K(2867712K)
[17.165s][info][gc,metaspace   ] GC(190) Metaspace: 6302K(6528K)->6302K(6528K) NonClass: 5769K(5888K)->5769K(5888K) Class: 533K(640K)->533K(640K)
[17.165s][info][gc             ] GC(190) Pause Young (Allocation Failure) 2584M->2584M(2969M) 36.558ms
[17.165s][info][gc,cpu         ] GC(190) User=0.19s Sys=0.06s Real=0.04s
[17.198s][info][gc,start       ] GC(191) Pause Young (Allocation Failure)
[17.237s][info][gc,heap        ] GC(191) PSYoungGen: 51328K(172544K)->25696K(166912K) Eden: 25600K(25600K)->0K(28672K) From: 25728K(146944K)->25696K(138240K)
[17.238s][info][gc,heap        ] GC(191) ParOldGen: 2621118K(2867712K)->2646958K(2867712K)
[17.238s][info][gc,metaspace   ] GC(191) Metaspace: 6302K(6528K)->6302K(6528K) NonClass: 5769K(5888K)->5769K(5888K) Class: 533K(640K)->533K(640K)
[17.238s][info][gc             ] GC(191) Pause Young (Allocation Failure) 2609M->2610M(2963M) 39.795ms
[17.238s][info][gc,cpu         ] GC(191) User=0.25s Sys=0.02s Real=0.04s
[17.275s][info][gc,start       ] GC(192) Pause Young (Allocation Failure)
[17.316s][info][gc,heap        ] GC(192) PSYoungGen: 54368K(166912K)->28832K(57856K) Eden: 28672K(28672K)->0K(28672K) From: 25696K(138240K)->28832K(29184K)
[17.316s][info][gc,heap        ] GC(192) ParOldGen: 2646958K(2867712K)->2672790K(2867712K)
[17.316s][info][gc,metaspace   ] GC(192) Metaspace: 6302K(6528K)->6302K(6528K) NonClass: 5769K(5888K)->5769K(5888K) Class: 533K(640K)->533K(640K)
[17.316s][info][gc             ] GC(192) Pause Young (Allocation Failure) 2638M->2638M(2857M) 40.302ms
[17.316s][info][gc,cpu         ] GC(192) User=0.20s Sys=0.05s Real=0.04s
[17.347s][info][gc,start       ] GC(193) Pause Young (Allocation Failure)
[17.389s][info][gc,heap        ] GC(193) PSYoungGen: 57504K(57856K)->28864K(159744K) Eden: 28672K(28672K)->0K(32256K) From: 28832K(29184K)->28864K(127488K)
[17.389s][info][gc,heap        ] GC(193) ParOldGen: 2672790K(2867712K)->2701726K(2867712K)
[17.389s][info][gc,metaspace   ] GC(193) Metaspace: 6302K(6528K)->6302K(6528K) NonClass: 5769K(5888K)->5769K(5888K) Class: 533K(640K)->533K(640K)
[17.389s][info][gc             ] GC(193) Pause Young (Allocation Failure) 2666M->2666M(2956M) 42.471ms
[17.389s][info][gc,cpu         ] GC(193) User=0.20s Sys=0.05s Real=0.04s
[17.426s][info][gc,start       ] GC(194) Pause Young (Allocation Failure)
[17.469s][info][gc,heap        ] GC(194) PSYoungGen: 61120K(159744K)->32448K(65024K) Eden: 32256K(32256K)->0K(32256K) From: 28864K(127488K)->32448K(32768K)
[17.469s][info][gc,heap        ] GC(194) ParOldGen: 2701726K(2867712K)->2730662K(2867712K)
[17.469s][info][gc,metaspace   ] GC(194) Metaspace: 6302K(6528K)->6302K(6528K) NonClass: 5769K(5888K)->5769K(5888K) Class: 533K(640K)->533K(640K)
[17.469s][info][gc             ] GC(194) Pause Young (Allocation Failure) 2698M->2698M(2864M) 43.006ms
[17.469s][info][gc,cpu         ] GC(194) User=0.20s Sys=0.05s Real=0.04s
[17.506s][info][gc,start       ] GC(195) Pause Young (Allocation Failure)
[17.553s][info][gc,heap        ] GC(195) PSYoungGen: 64704K(65024K)->32384K(152064K) Eden: 32256K(32256K)->0K(35840K) From: 32448K(32768K)->32384K(116224K)
[17.553s][info][gc,heap        ] GC(195) ParOldGen: 2730662K(2867712K)->2763206K(2867712K)
[17.553s][info][gc,metaspace   ] GC(195) Metaspace: 6302K(6528K)->6302K(6528K) NonClass: 5769K(5888K)->5769K(5888K) Class: 533K(640K)->533K(640K)
[17.553s][info][gc             ] GC(195) Pause Young (Allocation Failure) 2729M->2730M(2949M) 46.579ms
[17.553s][info][gc,cpu         ] GC(195) User=0.11s Sys=0.16s Real=0.05s
[17.594s][info][gc,start       ] GC(196) Pause Young (Allocation Failure)
[17.640s][info][gc,heap        ] GC(196) PSYoungGen: 68224K(152064K)->36000K(72192K) Eden: 35840K(35840K)->0K(35840K) From: 32384K(116224K)->36000K(36352K)
[17.640s][info][gc,heap        ] GC(196) ParOldGen: 2763206K(2867712K)->2795750K(2867712K)
[17.640s][info][gc,metaspace   ] GC(196) Metaspace: 6302K(6528K)->6302K(6528K) NonClass: 5769K(5888K)->5769K(5888K) Class: 533K(640K)->533K(640K)
[17.640s][info][gc             ] GC(196) Pause Young (Allocation Failure) 2765M->2765M(2871M) 46.081ms
[17.640s][info][gc,cpu         ] GC(196) User=0.12s Sys=0.11s Real=0.05s
[18.295s][info][gc,start       ] GC(197) Pause Young (Allocation Failure)
[18.413s][info][gc,heap        ] GC(197) PSYoungGen: 71840K(72192K)->35968K(143360K) Eden: 35840K(35840K)->0K(39424K) From: 36000K(36352K)->35968K(103936K)
[18.413s][info][gc,heap        ] GC(197) ParOldGen: 2926822K(2999296K)->2962982K(2999296K)
[18.413s][info][gc,metaspace   ] GC(197) Metaspace: 6302K(6528K)->6302K(6528K) NonClass: 5769K(5888K)->5769K(5888K) Class: 533K(640K)->533K(640K)
[18.413s][info][gc             ] GC(197) Pause Young (Allocation Failure) 2928M->2928M(3069M) 118.301ms
[18.413s][info][gc,cpu         ] GC(197) User=0.78s Sys=0.05s Real=0.12s
[18.413s][info][gc,start       ] GC(198) Pause Full (Ergonomics)
[18.413s][info][gc,phases,start] GC(198) Marking Phase
[19.061s][info][gc,phases      ] GC(198) Marking Phase 647.147ms
[19.061s][info][gc,phases,start] GC(198) Summary Phase
[19.061s][info][gc,phases      ] GC(198) Summary Phase 0.058ms
[19.061s][info][gc,phases,start] GC(198) Adjust Roots
[19.061s][info][gc,phases      ] GC(198) Adjust Roots 0.161ms
[19.061s][info][gc,phases,start] GC(198) Compaction Phase
[19.530s][info][gc,phases      ] GC(198) Compaction Phase 468.716ms
[19.530s][info][gc,phases,start] GC(198) Post Compact
[19.536s][info][gc,phases      ] GC(198) Post Compact 6.435ms
[19.538s][info][gc,heap        ] GC(198) PSYoungGen: 35968K(143360K)->0K(149504K) Eden: 0K(39424K)->0K(39424K) From: 35968K(103936K)->0K(110080K)
[19.538s][info][gc,heap        ] GC(198) ParOldGen: 2962982K(2999296K)->2930907K(3201536K)
[19.538s][info][gc,metaspace   ] GC(198) Metaspace: 6302K(6528K)->6302K(6528K) NonClass: 5769K(5888K)->5769K(5888K) Class: 533K(640K)->533K(640K)
[19.538s][info][gc             ] GC(198) Pause Full (Ergonomics) 2928M->2862M(3272M) 1124.243ms
[19.538s][info][gc,cpu         ] GC(198) User=7.83s Sys=0.03s Real=1.12s
[19.580s][info][gc,start       ] GC(199) Pause Young (Allocation Failure)
[19.621s][info][gc,heap        ] GC(199) PSYoungGen: 39424K(149504K)->39648K(141312K) Eden: 39424K(39424K)->0K(43008K) From: 0K(110080K)->39648K(98304K)
[19.621s][info][gc,heap        ] GC(199) ParOldGen: 2930907K(3201536K)->2930907K(3201536K)
[19.621s][info][gc,metaspace   ] GC(199) Metaspace: 6302K(6528K)->6302K(6528K) NonClass: 5769K(5888K)->5769K(5888K) Class: 533K(640K)->533K(640K)
[19.621s][info][gc             ] GC(199) Pause Young (Allocation Failure) 2900M->2900M(3264M) 41.188ms
[19.621s][info][gc,cpu         ] GC(199) User=0.08s Sys=0.00s Real=0.04s
[19.666s][info][gc,start       ] GC(200) Pause Young (Allocation Failure)
[19.724s][info][gc,heap        ] GC(200) PSYoungGen: 82656K(141312K)->82688K(147456K) Eden: 43008K(43008K)->0K(43008K) From: 39648K(98304K)->82688K(104448K)
[19.724s][info][gc,heap        ] GC(200) ParOldGen: 2930907K(3201536K)->2930907K(3201536K)
[19.724s][info][gc,metaspace   ] GC(200) Metaspace: 6302K(6528K)->6302K(6528K) NonClass: 5769K(5888K)->5769K(5888K) Class: 533K(640K)->533K(640K)
[19.724s][info][gc             ] GC(200) Pause Young (Allocation Failure) 2942M->2942M(3270M) 57.452ms
[19.724s][info][gc,cpu         ] GC(200) User=0.19s Sys=0.00s Real=0.06s
[19.766s][info][gc,start       ] GC(201) Pause Young (Allocation Failure)
[19.835s][info][gc,heap        ] GC(201) PSYoungGen: 125696K(147456K)->112640K(137216K) Eden: 43008K(43008K)->0K(24576K) From: 82688K(104448K)->112640K(112640K)
[19.835s][info][gc,heap        ] GC(201) ParOldGen: 2930907K(3201536K)->2943995K(3201536K)
[19.835s][info][gc,metaspace   ] GC(201) Metaspace: 6302K(6528K)->6302K(6528K) NonClass: 5769K(5888K)->5769K(5888K) Class: 533K(640K)->533K(640K)
[19.835s][info][gc             ] GC(201) Pause Young (Allocation Failure) 2984M->2984M(3260M) 69.352ms
[19.835s][info][gc,cpu         ] GC(201) User=0.27s Sys=0.05s Real=0.07s
[19.858s][info][gc,start       ] GC(202) Pause Young (Allocation Failure)
[19.933s][info][gc,heap        ] GC(202) PSYoungGen: 137216K(137216K)->97888K(159744K) Eden: 24576K(24576K)->0K(24576K) From: 112640K(112640K)->97888K(135168K)
[19.933s][info][gc,heap        ] GC(202) ParOldGen: 2943995K(3201536K)->2983787K(3201536K)
[19.933s][info][gc,metaspace   ] GC(202) Metaspace: 6302K(6528K)->6302K(6528K) NonClass: 5769K(5888K)->5769K(5888K) Class: 533K(640K)->533K(640K)
[19.933s][info][gc             ] GC(202) Pause Young (Allocation Failure) 3008M->3009M(3282M) 74.563ms
[19.933s][info][gc,cpu         ] GC(202) User=0.28s Sys=0.11s Real=0.07s
[19.956s][info][gc,start       ] GC(203) Pause Young (Allocation Failure)
[20.032s][info][gc,heap        ] GC(203) PSYoungGen: 122464K(159744K)->85472K(168960K) Eden: 24576K(24576K)->0K(26112K) From: 97888K(135168K)->85472K(142848K)
[20.032s][info][gc,heap        ] GC(203) ParOldGen: 2983787K(3201536K)->3021147K(3201536K)
[20.032s][info][gc,metaspace   ] GC(203) Metaspace: 6302K(6528K)->6302K(6528K) NonClass: 5769K(5888K)->5769K(5888K) Class: 533K(640K)->533K(640K)
[20.032s][info][gc             ] GC(203) Pause Young (Allocation Failure) 3033M->3033M(3291M) 75.967ms
[20.032s][info][gc,cpu         ] GC(203) User=0.31s Sys=0.06s Real=0.08s
[20.055s][info][gc,start       ] GC(204) Pause Young (Allocation Failure)
[20.136s][info][gc,heap        ] GC(204) PSYoungGen: 111584K(168960K)->50912K(77312K) Eden: 26112K(26112K)->0K(26112K) From: 85472K(142848K)->50912K(51200K)
[20.136s][info][gc,heap        ] GC(204) ParOldGen: 3021147K(3201536K)->3082323K(3201536K)
[20.136s][info][gc,metaspace   ] GC(204) Metaspace: 6302K(6528K)->6302K(6528K) NonClass: 5769K(5888K)->5769K(5888K) Class: 533K(640K)->533K(640K)
[20.136s][info][gc             ] GC(204) Pause Young (Allocation Failure) 3059M->3059M(3202M) 80.197ms
[20.136s][info][gc,cpu         ] GC(204) User=0.30s Sys=0.12s Real=0.08s
[20.163s][info][gc,start       ] GC(205) Pause Young (Allocation Failure)
[20.225s][info][gc,heap        ] GC(205) PSYoungGen: 77024K(77312K)->26240K(165376K) Eden: 26112K(26112K)->0K(30208K) From: 50912K(51200K)->26240K(135168K)
[20.225s][info][gc,heap        ] GC(205) ParOldGen: 3082323K(3201536K)->3133451K(3201536K)
[20.225s][info][gc,metaspace   ] GC(205) Metaspace: 6302K(6528K)->6302K(6528K) NonClass: 5769K(5888K)->5769K(5888K) Class: 533K(640K)->533K(640K)
[20.225s][info][gc             ] GC(205) Pause Young (Allocation Failure) 3085M->3085M(3288M) 62.773ms
[20.225s][info][gc,cpu         ] GC(205) User=0.20s Sys=0.08s Real=0.06s
[20.225s][info][gc,start       ] GC(206) Pause Full (Ergonomics)
[20.225s][info][gc,phases,start] GC(206) Marking Phase
[20.933s][info][gc,phases      ] GC(206) Marking Phase 707.458ms
[20.933s][info][gc,phases,start] GC(206) Summary Phase
[20.933s][info][gc,phases      ] GC(206) Summary Phase 0.082ms
[20.933s][info][gc,phases,start] GC(206) Adjust Roots
[20.933s][info][gc,phases      ] GC(206) Adjust Roots 0.163ms
[20.933s][info][gc,phases,start] GC(206) Compaction Phase
[21.246s][info][gc,phases      ] GC(206) Compaction Phase 313.128ms
[21.246s][info][gc,phases,start] GC(206) Post Compact
[21.252s][info][gc,phases      ] GC(206) Post Compact 5.962ms
[21.255s][info][gc,heap        ] GC(206) PSYoungGen: 26240K(165376K)->0K(166400K) Eden: 0K(30208K)->0K(30208K) From: 26240K(135168K)->0K(136192K)
[21.255s][info][gc,heap        ] GC(206) ParOldGen: 3133451K(3201536K)->3157514K(3466752K)
[21.255s][info][gc,metaspace   ] GC(206) Metaspace: 6302K(6528K)->6302K(6528K) NonClass: 5769K(5888K)->5769K(5888K) Class: 533K(640K)->533K(640K)
[21.255s][info][gc             ] GC(206) Pause Full (Ergonomics) 3085M->3083M(3548M) 1029.306ms
[21.255s][info][gc,cpu         ] GC(206) User=7.41s Sys=0.05s Real=1.03s
[21.289s][info][gc,start       ] GC(207) Pause Young (Allocation Failure)
[21.328s][info][gc,heap        ] GC(207) PSYoungGen: 30208K(166400K)->30400K(162304K) Eden: 30208K(30208K)->0K(33280K) From: 0K(136192K)->30400K(129024K)
[21.328s][info][gc,heap        ] GC(207) ParOldGen: 3157514K(3466752K)->3157514K(3466752K)
[21.328s][info][gc,metaspace   ] GC(207) Metaspace: 6302K(6528K)->6302K(6528K) NonClass: 5769K(5888K)->5769K(5888K) Class: 533K(640K)->533K(640K)
[21.328s][info][gc             ] GC(207) Pause Young (Allocation Failure) 3113M->3113M(3544M) 38.179ms
[21.328s][info][gc,cpu         ] GC(207) User=0.05s Sys=0.00s Real=0.04s
[21.365s][info][gc,start       ] GC(208) Pause Young (Allocation Failure)
[21.422s][info][gc,heap        ] GC(208) PSYoungGen: 63680K(162304K)->33408K(67072K) Eden: 33280K(33280K)->0K(33280K) From: 30400K(129024K)->33408K(33792K)
[21.423s][info][gc,heap        ] GC(208) ParOldGen: 3157514K(3466752K)->3187986K(3466752K)
[21.423s][info][gc,metaspace   ] GC(208) Metaspace: 6302K(6528K)->6302K(6528K) NonClass: 5769K(5888K)->5769K(5888K) Class: 533K(640K)->533K(640K)
[21.423s][info][gc             ] GC(208) Pause Young (Allocation Failure) 3145M->3145M(3451M) 57.677ms
[21.423s][info][gc,cpu         ] GC(208) User=0.16s Sys=0.12s Real=0.06s
[21.459s][info][gc,start       ] GC(209) Pause Young (Allocation Failure)
[21.513s][info][gc,heap        ] GC(209) PSYoungGen: 66688K(67072K)->33472K(157696K) Eden: 33280K(33280K)->0K(37376K) From: 33408K(33792K)->33472K(120320K)
[21.513s][info][gc,heap        ] GC(209) ParOldGen: 3187986K(3466752K)->3221570K(3466752K)
[21.513s][info][gc,metaspace   ] GC(209) Metaspace: 6302K(6528K)->6302K(6528K) NonClass: 5769K(5888K)->5769K(5888K) Class: 533K(640K)->533K(640K)
[21.513s][info][gc             ] GC(209) Pause Young (Allocation Failure) 3178M->3178M(3539M) 54.545ms
[21.513s][info][gc,cpu         ] GC(209) User=0.16s Sys=0.12s Real=0.06s
[21.548s][info][gc,start       ] GC(210) Pause Young (Allocation Failure)
[21.603s][info][gc,heap        ] GC(210) PSYoungGen: 70848K(157696K)->37568K(75264K) Eden: 37376K(37376K)->0K(37376K) From: 33472K(120320K)->37568K(37888K)
[21.603s][info][gc,heap        ] GC(210) ParOldGen: 3221570K(3466752K)->3255146K(3466752K)
[21.603s][info][gc,metaspace   ] GC(210) Metaspace: 6302K(6528K)->6302K(6528K) NonClass: 5769K(5888K)->5769K(5888K) Class: 533K(640K)->533K(640K)
[21.603s][info][gc             ] GC(210) Pause Young (Allocation Failure) 3215M->3215M(3459M) 55.173ms
[21.603s][info][gc,cpu         ] GC(210) User=0.11s Sys=0.17s Real=0.06s
[21.645s][info][gc,start       ] GC(211) Pause Young (Allocation Failure)
[21.701s][info][gc,heap        ] GC(211) PSYoungGen: 74944K(75264K)->37568K(152064K) Eden: 37376K(37376K)->0K(41984K) From: 37568K(37888K)->37568K(110080K)
[21.701s][info][gc,heap        ] GC(211) ParOldGen: 3255146K(3466752K)->3292842K(3466752K)
[21.701s][info][gc,metaspace   ] GC(211) Metaspace: 6302K(6528K)->6302K(6528K) NonClass: 5769K(5888K)->5769K(5888K) Class: 533K(640K)->533K(640K)
[21.701s][info][gc             ] GC(211) Pause Young (Allocation Failure) 3252M->3252M(3534M) 56.234ms
[21.701s][info][gc,cpu         ] GC(211) User=0.14s Sys=0.12s Real=0.06s
[21.747s][info][gc,start       ] GC(212) Pause Young (Allocation Failure)
[21.809s][info][gc,heap        ] GC(212) PSYoungGen: 79552K(152064K)->42176K(84480K) Eden: 41984K(41984K)->0K(41984K) From: 37568K(110080K)->42176K(42496K)
[21.809s][info][gc,heap        ] GC(212) ParOldGen: 3292842K(3466752K)->3330546K(3466752K)
[21.809s][info][gc,metaspace   ] GC(212) Metaspace: 6302K(6528K)->6302K(6528K) NonClass: 5769K(5888K)->5769K(5888K) Class: 533K(640K)->533K(640K)
[21.809s][info][gc             ] GC(212) Pause Young (Allocation Failure) 3293M->3293M(3468M) 62.368ms
[21.809s][info][gc,cpu         ] GC(212) User=0.23s Sys=0.16s Real=0.06s
[21.854s][info][gc,start       ] GC(213) Pause Young (Allocation Failure)
[21.915s][info][gc,heap        ] GC(213) PSYoungGen: 84160K(84480K)->42176K(145920K) Eden: 41984K(41984K)->0K(47104K) From: 42176K(42496K)->42176K(98816K)
[21.915s][info][gc,heap        ] GC(213) ParOldGen: 3330546K(3466752K)->3372906K(3466752K)
[21.915s][info][gc,metaspace   ] GC(213) Metaspace: 6302K(6528K)->6302K(6528K) NonClass: 5769K(5888K)->5769K(5888K) Class: 533K(640K)->533K(640K)
[21.915s][info][gc             ] GC(213) Pause Young (Allocation Failure) 3334M->3335M(3528M) 61.211ms
[21.915s][info][gc,cpu         ] GC(213) User=0.16s Sys=0.14s Real=0.06s
[21.964s][info][gc,start       ] GC(214) Pause Young (Allocation Failure)
[22.026s][info][gc,heap        ] GC(214) PSYoungGen: 89280K(145920K)->47328K(151040K) Eden: 47104K(47104K)->0K(47104K) From: 42176K(98816K)->47328K(103936K)
[22.026s][info][gc,heap        ] GC(214) ParOldGen: 3372906K(3466752K)->3415274K(3466752K)
[22.026s][info][gc,metaspace   ] GC(214) Metaspace: 6302K(6528K)->6302K(6528K) NonClass: 5769K(5888K)->5769K(5888K) Class: 533K(640K)->533K(640K)
[22.026s][info][gc             ] GC(214) Pause Young (Allocation Failure) 3381M->3381M(3533M) 61.335ms
[22.026s][info][gc,cpu         ] GC(214) User=0.22s Sys=0.17s Real=0.06s
[22.026s][info][gc,start       ] GC(215) Pause Full (Ergonomics)
[22.026s][info][gc,phases,start] GC(215) Marking Phase
[22.788s][info][gc,phases      ] GC(215) Marking Phase 761.864ms
[22.788s][info][gc,phases,start] GC(215) Summary Phase
[22.788s][info][gc,phases      ] GC(215) Summary Phase 0.077ms
[22.788s][info][gc,phases,start] GC(215) Adjust Roots
[22.788s][info][gc,phases      ] GC(215) Adjust Roots 0.164ms
[22.788s][info][gc,phases,start] GC(215) Compaction Phase
[23.122s][info][gc,phases      ] GC(215) Compaction Phase 333.584ms
[23.122s][info][gc,phases,start] GC(215) Post Compact
[23.128s][info][gc,phases      ] GC(215) Post Compact 6.649ms
[23.131s][info][gc,heap        ] GC(215) PSYoungGen: 47328K(151040K)->0K(151040K) Eden: 0K(47104K)->0K(52736K) From: 47328K(103936K)->0K(98304K)
[23.131s][info][gc,heap        ] GC(215) ParOldGen: 3415274K(3466752K)->3459857K(3788288K)
[23.131s][info][gc,metaspace   ] GC(215) Metaspace: 6302K(6528K)->6302K(6528K) NonClass: 5769K(5888K)->5769K(5888K) Class: 533K(640K)->533K(640K)
[23.131s][info][gc             ] GC(215) Pause Full (Ergonomics) 3381M->3378M(3847M) 1105.471ms
[23.131s][info][gc,cpu         ] GC(215) User=7.91s Sys=0.11s Real=1.11s
[23.179s][info][gc,start       ] GC(216) Pause Young (Allocation Failure)
[23.225s][info][gc,heap        ] GC(216) PSYoungGen: 52736K(151040K)->52928K(151040K) Eden: 52736K(52736K)->0K(52736K) From: 0K(98304K)->52928K(98304K)
[23.225s][info][gc,heap        ] GC(216) ParOldGen: 3459857K(3788288K)->3459857K(3788288K)
[23.225s][info][gc,metaspace   ] GC(216) Metaspace: 6302K(6528K)->6302K(6528K) NonClass: 5769K(5888K)->5769K(5888K) Class: 533K(640K)->533K(640K)
[23.225s][info][gc             ] GC(216) Pause Young (Allocation Failure) 3430M->3430M(3847M) 45.593ms
[23.225s][info][gc,cpu         ] GC(216) User=0.16s Sys=0.00s Real=0.05s
[23.277s][info][gc,start       ] GC(217) Pause Young (Allocation Failure)
[23.341s][info][gc,heap        ] GC(217) PSYoungGen: 105664K(151040K)->95232K(136192K) Eden: 52736K(52736K)->0K(40960K) From: 52928K(98304K)->95232K(95232K)
[23.341s][info][gc,heap        ] GC(217) ParOldGen: 3459857K(3788288K)->3470361K(3788288K)
[23.341s][info][gc,metaspace   ] GC(217) Metaspace: 6302K(6528K)->6302K(6528K) NonClass: 5769K(5888K)->5769K(5888K) Class: 533K(640K)->533K(640K)
[23.341s][info][gc             ] GC(217) Pause Young (Allocation Failure) 3481M->3482M(3832M) 63.526ms
[23.341s][info][gc,cpu         ] GC(217) User=0.20s Sys=0.00s Real=0.06s
[23.387s][info][gc,start       ] GC(218) Pause Young (Allocation Failure)
[23.488s][info][gc,heap        ] GC(218) PSYoungGen: 136192K(136192K)->41184K(153088K) Eden: 40960K(40960K)->0K(40960K) From: 95232K(95232K)->41184K(112128K)
[23.488s][info][gc,heap        ] GC(218) ParOldGen: 3470361K(3788288K)->3566265K(3788288K)
[23.488s][info][gc,metaspace   ] GC(218) Metaspace: 6302K(6528K)->6302K(6528K) NonClass: 5769K(5888K)->5769K(5888K) Class: 533K(640K)->533K(640K)
[23.488s][info][gc             ] GC(218) Pause Young (Allocation Failure) 3522M->3522M(3849M) 101.576ms
[23.488s][info][gc,cpu         ] GC(218) User=0.41s Sys=0.28s Real=0.10s
[23.534s][info][gc,start       ] GC(219) Pause Young (Allocation Failure)
[23.595s][info][gc,heap        ] GC(219) PSYoungGen: 82144K(153088K)->41152K(145920K) Eden: 40960K(40960K)->0K(45568K) From: 41184K(112128K)->41152K(100352K)
[23.595s][info][gc,heap        ] GC(219) ParOldGen: 3566265K(3788288K)->3607585K(3788288K)
[23.595s][info][gc,metaspace   ] GC(219) Metaspace: 6302K(6528K)->6302K(6528K) NonClass: 5769K(5888K)->5769K(5888K) Class: 533K(640K)->533K(640K)
[23.595s][info][gc             ] GC(219) Pause Young (Allocation Failure) 3562M->3563M(3842M) 60.975ms
[23.595s][info][gc,cpu         ] GC(219) User=0.11s Sys=0.16s Real=0.06s
[23.645s][info][gc,start       ] GC(220) Pause Young (Allocation Failure)
[23.711s][info][gc,heap        ] GC(220) PSYoungGen: 86720K(145920K)->45824K(150016K) Eden: 45568K(45568K)->0K(45568K) From: 41152K(100352K)->45824K(104448K)
[23.711s][info][gc,heap        ] GC(220) ParOldGen: 3607585K(3788288K)->3648913K(3788288K)
[23.711s][info][gc,metaspace   ] GC(220) Metaspace: 6302K(6528K)->6302K(6528K) NonClass: 5769K(5888K)->5769K(5888K) Class: 533K(640K)->533K(640K)
[23.711s][info][gc             ] GC(220) Pause Young (Allocation Failure) 3607M->3608M(3846M) 66.477ms
[23.711s][info][gc,cpu         ] GC(220) User=0.19s Sys=0.11s Real=0.07s
[23.757s][info][gc,start       ] GC(221) Pause Young (Allocation Failure)
[23.822s][info][gc,heap        ] GC(221) PSYoungGen: 91392K(150016K)->45760K(142848K) Eden: 45568K(45568K)->0K(50688K) From: 45824K(104448K)->45760K(92160K)
[23.822s][info][gc,heap        ] GC(221) ParOldGen: 3648913K(3788288K)->3694905K(3788288K)
[23.822s][info][gc,metaspace   ] GC(221) Metaspace: 6302K(6528K)->6302K(6528K) NonClass: 5769K(5888K)->5769K(5888K) Class: 533K(640K)->533K(640K)
[23.822s][info][gc             ] GC(221) Pause Young (Allocation Failure) 3652M->3652M(3839M) 65.136ms
[23.822s][info][gc,cpu         ] GC(221) User=0.23s Sys=0.14s Real=0.07s
[23.870s][info][gc,start       ] GC(222) Pause Young (Allocation Failure)
[23.933s][info][gc,heap        ] GC(222) PSYoungGen: 96448K(142848K)->50880K(146944K) Eden: 50688K(50688K)->0K(50688K) From: 45760K(92160K)->50880K(96256K)
[23.934s][info][gc,heap        ] GC(222) ParOldGen: 3694905K(3788288K)->3740897K(3788288K)
[23.934s][info][gc,metaspace   ] GC(222) Metaspace: 6302K(6528K)->6302K(6528K) NonClass: 5769K(5888K)->5769K(5888K) Class: 533K(640K)->533K(640K)
[23.934s][info][gc             ] GC(222) Pause Young (Allocation Failure) 3702M->3702M(3843M) 63.784ms
[23.934s][info][gc,cpu         ] GC(222) User=0.30s Sys=0.09s Real=0.06s
[23.934s][info][gc,start       ] GC(223) Pause Full (Ergonomics)
[23.934s][info][gc,phases,start] GC(223) Marking Phase
[24.792s][info][gc,phases      ] GC(223) Marking Phase 858.196ms
[24.792s][info][gc,phases,start] GC(223) Summary Phase
[24.792s][info][gc,phases      ] GC(223) Summary Phase 0.054ms
[24.792s][info][gc,phases,start] GC(223) Adjust Roots
[24.792s][info][gc,phases      ] GC(223) Adjust Roots 0.182ms
[24.792s][info][gc,phases,start] GC(223) Compaction Phase
[25.599s][info][gc,phases      ] GC(223) Compaction Phase 806.472ms
[25.599s][info][gc,phases,start] GC(223) Post Compact
[25.606s][info][gc,phases      ] GC(223) Post Compact 6.965ms
[25.608s][info][gc,heap        ] GC(223) PSYoungGen: 50880K(146944K)->597K(146944K) Eden: 0K(50688K)->0K(50688K) From: 50880K(96256K)->597K(96256K)
[25.608s][info][gc,heap        ] GC(223) ParOldGen: 3740897K(3788288K)->3788255K(4161536K)
[25.608s][info][gc,metaspace   ] GC(223) Metaspace: 6302K(6528K)->6302K(6528K) NonClass: 5769K(5888K)->5769K(5888K) Class: 533K(640K)->533K(640K)
[25.608s][info][gc             ] GC(223) Pause Full (Ergonomics) 3702M->3700M(4207M) 1674.596ms
[25.608s][info][gc,cpu         ] GC(223) User=11.84s Sys=0.20s Real=1.68s
[25.661s][info][gc,start       ] GC(224) Pause Young (Allocation Failure)
[25.848s][info][gc,heap        ] GC(224) PSYoungGen: 51285K(146944K)->50912K(138240K) Eden: 50688K(50688K)->0K(55296K) From: 597K(96256K)->50912K(82944K)
[25.848s][info][gc,heap        ] GC(224) ParOldGen: 3788255K(4161536K)->3788887K(4161536K)
[25.848s][info][gc,metaspace   ] GC(224) Metaspace: 6302K(6528K)->6302K(6528K) NonClass: 5769K(5888K)->5769K(5888K) Class: 533K(640K)->533K(640K)
[25.848s][info][gc             ] GC(224) Pause Young (Allocation Failure) 3749M->3749M(4199M) 187.675ms
[25.848s][info][gc,cpu         ] GC(224) User=1.25s Sys=0.00s Real=0.19s
[25.913s][info][gc,start       ] GC(225) Pause Young (Allocation Failure)
[25.981s][info][gc,heap        ] GC(225) PSYoungGen: 106208K(138240K)->88064K(143360K) Eden: 55296K(55296K)->0K(55296K) From: 50912K(82944K)->88064K(88064K)
[25.981s][info][gc,heap        ] GC(225) ParOldGen: 3788887K(4161536K)->3807119K(4161536K)
[25.981s][info][gc,metaspace   ] GC(225) Metaspace: 6302K(6528K)->6302K(6528K) NonClass: 5769K(5888K)->5769K(5888K) Class: 533K(640K)->533K(640K)
[25.981s][info][gc             ] GC(225) Pause Young (Allocation Failure) 3803M->3803M(4204M) 68.183ms
[25.981s][info][gc,cpu         ] GC(225) User=0.28s Sys=0.00s Real=0.07s
[26.035s][info][gc,start       ] GC(226) Pause Young (Allocation Failure)
[26.143s][info][gc,heap        ] GC(226) PSYoungGen: 143360K(143360K)->55520K(156672K) Eden: 55296K(55296K)->0K(61440K) From: 88064K(88064K)->55520K(95232K)
[26.143s][info][gc,heap        ] GC(226) ParOldGen: 3807119K(4161536K)->3895807K(4161536K)
[26.143s][info][gc,metaspace   ] GC(226) Metaspace: 6302K(6528K)->6302K(6528K) NonClass: 5769K(5888K)->5769K(5888K) Class: 533K(640K)->533K(640K)
[26.143s][info][gc             ] GC(226) Pause Young (Allocation Failure) 3857M->3858M(4217M) 107.807ms
[26.143s][info][gc,cpu         ] GC(226) User=0.47s Sys=0.30s Real=0.11s
[26.209s][info][gc,start       ] GC(227) Pause Young (Allocation Failure)
[26.281s][info][gc,heap        ] GC(227) PSYoungGen: 116960K(156672K)->99840K(161280K) Eden: 61440K(61440K)->0K(61440K) From: 55520K(95232K)->99840K(99840K)
[26.281s][info][gc,heap        ] GC(227) ParOldGen: 3895807K(4161536K)->3913039K(4161536K)
[26.281s][info][gc,metaspace   ] GC(227) Metaspace: 6302K(6528K)->6302K(6528K) NonClass: 5769K(5888K)->5769K(5888K) Class: 533K(640K)->533K(640K)
[26.281s][info][gc             ] GC(227) Pause Young (Allocation Failure) 3918M->3918M(4221M) 72.311ms
[26.281s][info][gc,cpu         ] GC(227) User=0.28s Sys=0.02s Real=0.07s
[26.348s][info][gc,start       ] GC(228) Pause Young (Allocation Failure)
[26.476s][info][gc,heap        ] GC(228) PSYoungGen: 161280K(161280K)->61664K(176128K) Eden: 61440K(61440K)->0K(68608K) From: 99840K(99840K)->61664K(107520K)
[26.476s][info][gc,heap        ] GC(228) ParOldGen: 3913039K(4161536K)->4013599K(4161536K)
[26.476s][info][gc,metaspace   ] GC(228) Metaspace: 6302K(6528K)->6302K(6528K) NonClass: 5769K(5888K)->5769K(5888K) Class: 533K(640K)->533K(640K)
[26.476s][info][gc             ] GC(228) Pause Young (Allocation Failure) 3978M->3979M(4236M) 128.480ms
[26.476s][info][gc,cpu         ] GC(228) User=0.52s Sys=0.36s Real=0.13s
[26.556s][info][gc,start       ] GC(229) Pause Young (Allocation Failure)
[26.648s][info][gc,heap        ] GC(229) PSYoungGen: 130272K(176128K)->68832K(181248K) Eden: 68608K(68608K)->0K(68608K) From: 61664K(107520K)->68832K(112640K)
[26.648s][info][gc,heap        ] GC(229) ParOldGen: 4013599K(4161536K)->4075583K(4161536K)
[26.648s][info][gc,metaspace   ] GC(229) Metaspace: 6302K(6528K)->6302K(6528K) NonClass: 5769K(5888K)->5769K(5888K) Class: 533K(640K)->533K(640K)
[26.648s][info][gc             ] GC(229) Pause Young (Allocation Failure) 4046M->4047M(4241M) 91.785ms
[26.648s][info][gc,cpu         ] GC(229) User=0.36s Sys=0.28s Real=0.09s
[26.648s][info][gc,start       ] GC(230) Pause Full (Ergonomics)
[26.648s][info][gc,phases,start] GC(230) Marking Phase
[27.579s][info][gc,phases      ] GC(230) Marking Phase 931.253ms
[27.579s][info][gc,phases,start] GC(230) Summary Phase
[27.579s][info][gc,phases      ] GC(230) Summary Phase 0.087ms
[27.579s][info][gc,phases,start] GC(230) Adjust Roots
[27.579s][info][gc,phases      ] GC(230) Adjust Roots 0.185ms
[27.579s][info][gc,phases,start] GC(230) Compaction Phase
[27.971s][info][gc,phases      ] GC(230) Compaction Phase 391.254ms
[27.971s][info][gc,phases,start] GC(230) Post Compact
[27.978s][info][gc,phases      ] GC(230) Post Compact 6.800ms
[27.979s][info][gc,heap        ] GC(230) PSYoungGen: 68832K(181248K)->0K(186368K) Eden: 0K(68608K)->0K(76288K) From: 68832K(112640K)->0K(110080K)
[27.979s][info][gc,heap        ] GC(230) ParOldGen: 4075583K(4161536K)->4141422K(4300800K)
[27.979s][info][gc,metaspace   ] GC(230) Metaspace: 6302K(6528K)->6302K(6528K) NonClass: 5769K(5888K)->5769K(5888K) Class: 533K(640K)->533K(640K)
[27.979s][info][gc             ] GC(230) Pause Full (Ergonomics) 4047M->4044M(4382M) 1330.998ms
[27.979s][info][gc,cpu         ] GC(230) User=9.62s Sys=0.19s Real=1.33s
[28.053s][info][gc,start       ] GC(231) Pause Young (Allocation Failure)
[28.106s][info][gc,heap        ] GC(231) PSYoungGen: 76288K(186368K)->76544K(186368K) Eden: 76288K(76288K)->0K(76288K) From: 0K(110080K)->76544K(110080K)
[28.106s][info][gc,heap        ] GC(231) ParOldGen: 4141422K(4300800K)->4141422K(4300800K)
[28.106s][info][gc,metaspace   ] GC(231) Metaspace: 6302K(6528K)->6302K(6528K) NonClass: 5769K(5888K)->5769K(5888K) Class: 533K(640K)->533K(640K)
[28.106s][info][gc             ] GC(231) Pause Young (Allocation Failure) 4118M->4119M(4382M) 53.117ms
[28.106s][info][gc,cpu         ] GC(231) User=0.17s Sys=0.00s Real=0.05s
[28.191s][info][gc,start       ] GC(232) Pause Young (Allocation Failure)
[28.307s][info][gc,heap        ] GC(232) PSYoungGen: 152832K(186368K)->110592K(165376K) Eden: 76288K(76288K)->0K(54784K) From: 76544K(110080K)->110592K(110592K)
[28.307s][info][gc,heap        ] GC(232) ParOldGen: 4141422K(4300800K)->4183950K(4300800K)
[28.307s][info][gc,metaspace   ] GC(232) Metaspace: 6302K(6528K)->6302K(6528K) NonClass: 5769K(5888K)->5769K(5888K) Class: 533K(640K)->533K(640K)
[28.307s][info][gc             ] GC(232) Pause Young (Allocation Failure) 4193M->4193M(4361M) 116.295ms
[28.307s][info][gc,cpu         ] GC(232) User=0.44s Sys=0.34s Real=0.12s
[28.378s][info][gc,start       ] GC(233) Pause Young (Allocation Failure)
[28.520s][info][gc,heap        ] GC(233) PSYoungGen: 165376K(165376K)->54944K(193536K) Eden: 54784K(54784K)->0K(54784K) From: 110592K(110592K)->54944K(138752K)
[28.520s][info][gc,heap        ] GC(233) ParOldGen: 4183950K(4300800K)->4295350K(4300800K)
[28.520s][info][gc,metaspace   ] GC(233) Metaspace: 6302K(6528K)->6302K(6528K) NonClass: 5769K(5888K)->5769K(5888K) Class: 533K(640K)->533K(640K)
[28.520s][info][gc             ] GC(233) Pause Young (Allocation Failure) 4247M->4248M(4389M) 142.392ms
[28.520s][info][gc,cpu         ] GC(233) User=0.59s Sys=0.41s Real=0.14s
[28.520s][info][gc,start       ] GC(234) Pause Full (Ergonomics)
[28.520s][info][gc,phases,start] GC(234) Marking Phase
[29.491s][info][gc,phases      ] GC(234) Marking Phase 971.084ms
[29.491s][info][gc,phases,start] GC(234) Summary Phase
[29.492s][info][gc,phases      ] GC(234) Summary Phase 0.066ms
[29.492s][info][gc,phases,start] GC(234) Adjust Roots
[29.492s][info][gc,phases      ] GC(234) Adjust Roots 0.199ms
[29.492s][info][gc,phases,start] GC(234) Compaction Phase
[29.822s][info][gc,phases      ] GC(234) Compaction Phase 329.757ms
[29.822s][info][gc,phases,start] GC(234) Post Compact
[29.828s][info][gc,phases      ] GC(234) Post Compact 6.756ms
[29.828s][info][gc,heap        ] GC(234) PSYoungGen: 54944K(193536K)->48109K(193536K) Eden: 0K(54784K)->0K(54784K) From: 54944K(138752K)->48109K(138752K)
[29.828s][info][gc,heap        ] GC(234) ParOldGen: 4295350K(4300800K)->4300581K(4300800K)
[29.828s][info][gc,metaspace   ] GC(234) Metaspace: 6302K(6528K)->6302K(6528K) NonClass: 5769K(5888K)->5769K(5888K) Class: 533K(640K)->533K(640K)
[29.828s][info][gc             ] GC(234) Pause Full (Ergonomics) 4248M->4246M(4389M) 1308.181ms
[29.829s][info][gc,cpu         ] GC(234) User=9.86s Sys=0.06s Real=1.31s
[29.889s][info][gc,start       ] GC(235) Pause Full (Ergonomics)
[29.889s][info][gc,phases,start] GC(235) Marking Phase
[30.859s][info][gc,phases      ] GC(235) Marking Phase 969.300ms
[30.859s][info][gc,phases,start] GC(235) Summary Phase
[30.859s][info][gc,phases      ] GC(235) Summary Phase 0.051ms
[30.859s][info][gc,phases,start] GC(235) Adjust Roots
[30.859s][info][gc,phases      ] GC(235) Adjust Roots 0.160ms
[30.859s][info][gc,phases,start] GC(235) Compaction Phase
[31.172s][info][gc,phases      ] GC(235) Compaction Phase 313.033ms
[31.172s][info][gc,phases,start] GC(235) Post Compact
[31.178s][info][gc,phases      ] GC(235) Post Compact 6.399ms
[31.178s][info][gc,heap        ] GC(235) PSYoungGen: 102893K(193536K)->102862K(193536K) Eden: 54784K(54784K)->54753K(54784K) From: 48109K(138752K)->48109K(138752K)
[31.178s][info][gc,heap        ] GC(235) ParOldGen: 4300581K(4300800K)->4300581K(4300800K)
[31.179s][info][gc,metaspace   ] GC(235) Metaspace: 6302K(6528K)->6302K(6528K) NonClass: 5769K(5888K)->5769K(5888K) Class: 533K(640K)->533K(640K)
[31.179s][info][gc             ] GC(235) Pause Full (Ergonomics) 4300M->4300M(4389M) 1289.303ms
[31.179s][info][gc,cpu         ] GC(235) User=9.75s Sys=0.00s Real=1.29s
[31.179s][info][gc,start       ] GC(236) Pause Full (Ergonomics)
[31.179s][info][gc,phases,start] GC(236) Marking Phase
[32.156s][info][gc,phases      ] GC(236) Marking Phase 977.041ms
[32.156s][info][gc,phases,start] GC(236) Summary Phase
[32.156s][info][gc,phases      ] GC(236) Summary Phase 0.049ms
[32.156s][info][gc,phases,start] GC(236) Adjust Roots
[32.156s][info][gc,phases      ] GC(236) Adjust Roots 0.166ms
[32.156s][info][gc,phases,start] GC(236) Compaction Phase
[32.447s][info][gc,phases      ] GC(236) Compaction Phase 291.239ms
[32.447s][info][gc,phases,start] GC(236) Post Compact
[32.454s][info][gc,phases      ] GC(236) Post Compact 6.400ms
[32.454s][info][gc,heap        ] GC(236) PSYoungGen: 102893K(193536K)->102892K(193536K) Eden: 54784K(54784K)->54783K(54784K) From: 48109K(138752K)->48109K(138752K)
[32.454s][info][gc,heap        ] GC(236) ParOldGen: 4300581K(4300800K)->4300581K(4300800K)
[32.454s][info][gc,metaspace   ] GC(236) Metaspace: 6302K(6528K)->6302K(6528K) NonClass: 5769K(5888K)->5769K(5888K) Class: 533K(640K)->533K(640K)
[32.454s][info][gc             ] GC(236) Pause Full (Ergonomics) 4300M->4300M(4389M) 1275.247ms
[32.454s][info][gc,cpu         ] GC(236) User=9.59s Sys=0.00s Real=1.27s
[32.454s][info][gc,start       ] GC(237) Pause Full (Ergonomics)
[32.454s][info][gc,phases,start] GC(237) Marking Phase
[33.442s][info][gc,phases      ] GC(237) Marking Phase 988.116ms
[33.442s][info][gc,phases,start] GC(237) Summary Phase
[33.442s][info][gc,phases      ] GC(237) Summary Phase 0.050ms
[33.442s][info][gc,phases,start] GC(237) Adjust Roots
[33.443s][info][gc,phases      ] GC(237) Adjust Roots 0.160ms
[33.443s][info][gc,phases,start] GC(237) Compaction Phase
[33.734s][info][gc,phases      ] GC(237) Compaction Phase 291.090ms
[33.734s][info][gc,phases,start] GC(237) Post Compact
[33.741s][info][gc,phases      ] GC(237) Post Compact 7.069ms
[33.741s][info][gc,heap        ] GC(237) PSYoungGen: 102892K(193536K)->102892K(193536K) Eden: 54783K(54784K)->54783K(54784K) From: 48109K(138752K)->48109K(138752K)
[33.741s][info][gc,heap        ] GC(237) ParOldGen: 4300581K(4300800K)->4300581K(4300800K)
[33.741s][info][gc,metaspace   ] GC(237) Metaspace: 6302K(6528K)->6302K(6528K) NonClass: 5769K(5888K)->5769K(5888K) Class: 533K(640K)->533K(640K)
[33.741s][info][gc             ] GC(237) Pause Full (Ergonomics) 4300M->4300M(4389M) 1286.822ms
[33.741s][info][gc,cpu         ] GC(237) User=9.61s Sys=0.00s Real=1.29s
[33.741s][info][gc,start       ] GC(238) Pause Full (Ergonomics)
[33.741s][info][gc,phases,start] GC(238) Marking Phase
[34.744s][info][gc,phases      ] GC(238) Marking Phase 1002.592ms
[34.744s][info][gc,phases,start] GC(238) Summary Phase
[34.744s][info][gc,phases      ] GC(238) Summary Phase 0.063ms
[34.744s][info][gc,phases,start] GC(238) Adjust Roots
[34.744s][info][gc,phases      ] GC(238) Adjust Roots 0.191ms
[34.744s][info][gc,phases,start] GC(238) Compaction Phase
[35.036s][info][gc,phases      ] GC(238) Compaction Phase 292.092ms
[35.036s][info][gc,phases,start] GC(238) Post Compact
[35.044s][info][gc,phases      ] GC(238) Post Compact 7.192ms
[35.044s][info][gc,heap        ] GC(238) PSYoungGen: 102893K(193536K)->102893K(193536K) Eden: 54784K(54784K)->54784K(54784K) From: 48109K(138752K)->48109K(138752K)
[35.044s][info][gc,heap        ] GC(238) ParOldGen: 4300586K(4300800K)->4300586K(4300800K)
[35.044s][info][gc,metaspace   ] GC(238) Metaspace: 6302K(6528K)->6302K(6528K) NonClass: 5769K(5888K)->5769K(5888K) Class: 533K(640K)->533K(640K)
[35.044s][info][gc             ] GC(238) Pause Full (Ergonomics) 4300M->4300M(4389M) 1302.491ms
[35.044s][info][gc,cpu         ] GC(238) User=10.05s Sys=0.00s Real=1.30s
[35.044s][info][gc,start       ] GC(239) Pause Full (Ergonomics)
[35.044s][info][gc,phases,start] GC(239) Marking Phase
[36.021s][info][gc,phases      ] GC(239) Marking Phase 977.106ms
[36.021s][info][gc,phases,start] GC(239) Summary Phase
[36.021s][info][gc,phases      ] GC(239) Summary Phase 0.050ms
[36.021s][info][gc,phases,start] GC(239) Adjust Roots
[36.021s][info][gc,phases      ] GC(239) Adjust Roots 0.173ms
[36.021s][info][gc,phases,start] GC(239) Compaction Phase
[36.316s][info][gc,phases      ] GC(239) Compaction Phase 294.265ms
[36.316s][info][gc,phases,start] GC(239) Post Compact
[36.322s][info][gc,phases      ] GC(239) Post Compact 6.849ms
[36.323s][info][gc,heap        ] GC(239) PSYoungGen: 102893K(193536K)->102893K(193536K) Eden: 54784K(54784K)->54784K(54784K) From: 48109K(138752K)->48109K(138752K)
[36.323s][info][gc,heap        ] GC(239) ParOldGen: 4300591K(4300800K)->4300591K(4300800K)
[36.323s][info][gc,metaspace   ] GC(239) Metaspace: 6302K(6528K)->6302K(6528K) NonClass: 5769K(5888K)->5769K(5888K) Class: 533K(640K)->533K(640K)
[36.323s][info][gc             ] GC(239) Pause Full (Ergonomics) 4300M->4300M(4389M) 1278.755ms
[36.323s][info][gc,cpu         ] GC(239) User=9.75s Sys=0.02s Real=1.28s
[36.323s][info][gc,start       ] GC(240) Pause Full (Ergonomics)
[36.323s][info][gc,phases,start] GC(240) Marking Phase
[37.321s][info][gc,phases      ] GC(240) Marking Phase 998.344ms
[37.321s][info][gc,phases,start] GC(240) Summary Phase
[37.321s][info][gc,phases      ] GC(240) Summary Phase 0.051ms
[37.321s][info][gc,phases,start] GC(240) Adjust Roots
[37.322s][info][gc,phases      ] GC(240) Adjust Roots 0.193ms
[37.322s][info][gc,phases,start] GC(240) Compaction Phase
[37.629s][info][gc,phases      ] GC(240) Compaction Phase 307.707ms
[37.629s][info][gc,phases,start] GC(240) Post Compact
[37.636s][info][gc,phases      ] GC(240) Post Compact 6.598ms
[37.636s][info][gc,heap        ] GC(240) PSYoungGen: 102893K(193536K)->102893K(193536K) Eden: 54784K(54784K)->54784K(54784K) From: 48109K(138752K)->48109K(138752K)
[37.636s][info][gc,heap        ] GC(240) ParOldGen: 4300596K(4300800K)->4300596K(4300800K)
[37.636s][info][gc,metaspace   ] GC(240) Metaspace: 6302K(6528K)->6302K(6528K) NonClass: 5769K(5888K)->5769K(5888K) Class: 533K(640K)->533K(640K)
[37.636s][info][gc             ] GC(240) Pause Full (Ergonomics) 4300M->4300M(4389M) 1313.218ms
[37.636s][info][gc,cpu         ] GC(240) User=10.14s Sys=0.02s Real=1.31s
[37.636s][info][gc,start       ] GC(241) Pause Full (Ergonomics)
[37.636s][info][gc,phases,start] GC(241) Marking Phase
[38.594s][info][gc,phases      ] GC(241) Marking Phase 957.368ms
[38.594s][info][gc,phases,start] GC(241) Summary Phase
[38.594s][info][gc,phases      ] GC(241) Summary Phase 0.053ms
[38.594s][info][gc,phases,start] GC(241) Adjust Roots
[38.594s][info][gc,phases      ] GC(241) Adjust Roots 0.228ms
[38.594s][info][gc,phases,start] GC(241) Compaction Phase
[38.894s][info][gc,phases      ] GC(241) Compaction Phase 299.926ms
[38.894s][info][gc,phases,start] GC(241) Post Compact
[38.901s][info][gc,phases      ] GC(241) Post Compact 6.554ms
[38.901s][info][gc,heap        ] GC(241) PSYoungGen: 102893K(193536K)->102893K(193536K) Eden: 54784K(54784K)->54784K(54784K) From: 48109K(138752K)->48109K(138752K)
[38.901s][info][gc,heap        ] GC(241) ParOldGen: 4300600K(4300800K)->4300600K(4300800K)
[38.901s][info][gc,metaspace   ] GC(241) Metaspace: 6302K(6528K)->6302K(6528K) NonClass: 5769K(5888K)->5769K(5888K) Class: 533K(640K)->533K(640K)
[38.901s][info][gc             ] GC(241) Pause Full (Ergonomics) 4300M->4300M(4389M) 1264.464ms
[38.901s][info][gc,cpu         ] GC(241) User=9.50s Sys=0.00s Real=1.26s
[38.901s][info][gc,start       ] GC(242) Pause Full (Ergonomics)
[38.901s][info][gc,phases,start] GC(242) Marking Phase
[39.881s][info][gc,phases      ] GC(242) Marking Phase 979.885ms
[39.881s][info][gc,phases,start] GC(242) Summary Phase
[39.881s][info][gc,phases      ] GC(242) Summary Phase 0.060ms
[39.881s][info][gc,phases,start] GC(242) Adjust Roots
[39.881s][info][gc,phases      ] GC(242) Adjust Roots 0.227ms
[39.881s][info][gc,phases,start] GC(242) Compaction Phase
[40.221s][info][gc,phases      ] GC(242) Compaction Phase 339.348ms
[40.221s][info][gc,phases,start] GC(242) Post Compact
[40.227s][info][gc,phases      ] GC(242) Post Compact 6.552ms
[40.227s][info][gc,heap        ] GC(242) PSYoungGen: 102893K(193536K)->102893K(193536K) Eden: 54784K(54784K)->54784K(54784K) From: 48109K(138752K)->48109K(138752K)
[40.227s][info][gc,heap        ] GC(242) ParOldGen: 4300605K(4300800K)->4300605K(4300800K)
[40.227s][info][gc,metaspace   ] GC(242) Metaspace: 6302K(6528K)->6302K(6528K) NonClass: 5769K(5888K)->5769K(5888K) Class: 533K(640K)->533K(640K)
[40.227s][info][gc             ] GC(242) Pause Full (Ergonomics) 4300M->4300M(4389M) 1326.378ms
[40.227s][info][gc,cpu         ] GC(242) User=9.83s Sys=0.00s Real=1.33s
[40.227s][info][gc,start       ] GC(243) Pause Full (Ergonomics)
[40.228s][info][gc,phases,start] GC(243) Marking Phase
[41.221s][info][gc,phases      ] GC(243) Marking Phase 993.412ms
[41.221s][info][gc,phases,start] GC(243) Summary Phase
[41.221s][info][gc,phases      ] GC(243) Summary Phase 0.049ms
[41.221s][info][gc,phases,start] GC(243) Adjust Roots
[41.221s][info][gc,phases      ] GC(243) Adjust Roots 0.176ms
[41.221s][info][gc,phases,start] GC(243) Compaction Phase
[41.512s][info][gc,phases      ] GC(243) Compaction Phase 290.738ms
[41.512s][info][gc,phases,start] GC(243) Post Compact
[41.519s][info][gc,phases      ] GC(243) Post Compact 6.860ms
[41.519s][info][gc,heap        ] GC(243) PSYoungGen: 102893K(193536K)->102893K(193536K) Eden: 54784K(54784K)->54784K(54784K) From: 48109K(138752K)->48109K(138752K)
[41.519s][info][gc,heap        ] GC(243) ParOldGen: 4300610K(4300800K)->4300610K(4300800K)
[41.519s][info][gc,metaspace   ] GC(243) Metaspace: 6302K(6528K)->6302K(6528K) NonClass: 5769K(5888K)->5769K(5888K) Class: 533K(640K)->533K(640K)
[41.519s][info][gc             ] GC(243) Pause Full (Ergonomics) 4300M->4300M(4389M) 1291.568ms
[41.519s][info][gc,cpu         ] GC(243) User=9.73s Sys=0.00s Real=1.29s
[41.519s][info][gc,start       ] GC(244) Pause Full (Ergonomics)
[41.519s][info][gc,phases,start] GC(244) Marking Phase
[42.514s][info][gc,phases      ] GC(244) Marking Phase 995.003ms
[42.514s][info][gc,phases,start] GC(244) Summary Phase
[42.514s][info][gc,phases      ] GC(244) Summary Phase 0.051ms
[42.514s][info][gc,phases,start] GC(244) Adjust Roots
[42.515s][info][gc,phases      ] GC(244) Adjust Roots 0.170ms
[42.515s][info][gc,phases,start] GC(244) Compaction Phase
[42.810s][info][gc,phases      ] GC(244) Compaction Phase 295.262ms
[42.810s][info][gc,phases,start] GC(244) Post Compact
[42.817s][info][gc,phases      ] GC(244) Post Compact 6.705ms
[42.817s][info][gc,heap        ] GC(244) PSYoungGen: 102893K(193536K)->102893K(193536K) Eden: 54784K(54784K)->54784K(54784K) From: 48109K(138752K)->48109K(138752K)
[42.817s][info][gc,heap        ] GC(244) ParOldGen: 4300615K(4300800K)->4300615K(4300800K)
[42.817s][info][gc,metaspace   ] GC(244) Metaspace: 6302K(6528K)->6302K(6528K) NonClass: 5769K(5888K)->5769K(5888K) Class: 533K(640K)->533K(640K)
[42.817s][info][gc             ] GC(244) Pause Full (Ergonomics) 4300M->4300M(4389M) 1297.514ms
[42.817s][info][gc,cpu         ] GC(244) User=9.89s Sys=0.00s Real=1.30s
[42.817s][info][gc,start       ] GC(245) Pause Full (Ergonomics)
[42.817s][info][gc,phases,start] GC(245) Marking Phase
[43.805s][info][gc,phases      ] GC(245) Marking Phase 988.038ms
[43.805s][info][gc,phases,start] GC(245) Summary Phase
[43.805s][info][gc,phases      ] GC(245) Summary Phase 0.050ms
[43.805s][info][gc,phases,start] GC(245) Adjust Roots
[43.805s][info][gc,phases      ] GC(245) Adjust Roots 0.170ms
[43.805s][info][gc,phases,start] GC(245) Compaction Phase
[44.097s][info][gc,phases      ] GC(245) Compaction Phase 292.112ms
[44.098s][info][gc,phases,start] GC(245) Post Compact
[44.104s][info][gc,phases      ] GC(245) Post Compact 6.281ms
[44.104s][info][gc,heap        ] GC(245) PSYoungGen: 102893K(193536K)->102893K(193536K) Eden: 54784K(54784K)->54784K(54784K) From: 48109K(138752K)->48109K(138752K)
[44.104s][info][gc,heap        ] GC(245) ParOldGen: 4300620K(4300800K)->4300620K(4300800K)
[44.104s][info][gc,metaspace   ] GC(245) Metaspace: 6302K(6528K)->6302K(6528K) NonClass: 5769K(5888K)->5769K(5888K) Class: 533K(640K)->533K(640K)
[44.104s][info][gc             ] GC(245) Pause Full (Ergonomics) 4300M->4300M(4389M) 1286.961ms
[44.104s][info][gc,cpu         ] GC(245) User=9.70s Sys=0.02s Real=1.29s
[44.104s][info][gc,start       ] GC(246) Pause Full (Ergonomics)
[44.104s][info][gc,phases,start] GC(246) Marking Phase
[45.110s][info][gc,phases      ] GC(246) Marking Phase 1006.193ms
[45.110s][info][gc,phases,start] GC(246) Summary Phase
[45.111s][info][gc,phases      ] GC(246) Summary Phase 0.051ms
[45.111s][info][gc,phases,start] GC(246) Adjust Roots
[45.111s][info][gc,phases      ] GC(246) Adjust Roots 0.199ms
[45.111s][info][gc,phases,start] GC(246) Compaction Phase
[45.431s][info][gc,phases      ] GC(246) Compaction Phase 319.906ms
[45.431s][info][gc,phases,start] GC(246) Post Compact
[45.437s][info][gc,phases      ] GC(246) Post Compact 6.708ms
[45.438s][info][gc,heap        ] GC(246) PSYoungGen: 102893K(193536K)->102893K(193536K) Eden: 54784K(54784K)->54784K(54784K) From: 48109K(138752K)->48109K(138752K)
[45.438s][info][gc,heap        ] GC(246) ParOldGen: 4300625K(4300800K)->4300625K(4300800K)
[45.438s][info][gc,metaspace   ] GC(246) Metaspace: 6302K(6528K)->6302K(6528K) NonClass: 5769K(5888K)->5769K(5888K) Class: 533K(640K)->533K(640K)
[45.438s][info][gc             ] GC(246) Pause Full (Ergonomics) 4300M->4300M(4389M) 1333.406ms
[45.438s][info][gc,cpu         ] GC(246) User=9.92s Sys=0.02s Real=1.33s
[45.438s][info][gc,start       ] GC(247) Pause Full (Ergonomics)
[45.438s][info][gc,phases,start] GC(247) Marking Phase
[46.443s][info][gc,phases      ] GC(247) Marking Phase 1005.591ms
[46.443s][info][gc,phases,start] GC(247) Summary Phase
[46.444s][info][gc,phases      ] GC(247) Summary Phase 0.079ms
[46.444s][info][gc,phases,start] GC(247) Adjust Roots
[46.444s][info][gc,phases      ] GC(247) Adjust Roots 0.362ms
[46.444s][info][gc,phases,start] GC(247) Compaction Phase
[46.743s][info][gc,phases      ] GC(247) Compaction Phase 298.759ms
[46.743s][info][gc,phases,start] GC(247) Post Compact
[46.752s][info][gc,phases      ] GC(247) Post Compact 9.218ms
[46.752s][info][gc,heap        ] GC(247) PSYoungGen: 102893K(193536K)->102893K(193536K) Eden: 54784K(54784K)->54784K(54784K) From: 48109K(138752K)->48109K(138752K)
[46.752s][info][gc,heap        ] GC(247) ParOldGen: 4300629K(4300800K)->4300629K(4300800K)
[46.752s][info][gc,metaspace   ] GC(247) Metaspace: 6302K(6528K)->6302K(6528K) NonClass: 5769K(5888K)->5769K(5888K) Class: 533K(640K)->533K(640K)
[46.752s][info][gc             ] GC(247) Pause Full (Ergonomics) 4300M->4300M(4389M) 1314.525ms
[46.752s][info][gc,cpu         ] GC(247) User=9.77s Sys=0.05s Real=1.31s
[46.753s][info][gc,start       ] GC(248) Pause Full (Ergonomics)
[46.753s][info][gc,phases,start] GC(248) Marking Phase
[47.867s][info][gc,phases      ] GC(248) Marking Phase 1114.030ms
[47.867s][info][gc,phases,start] GC(248) Summary Phase
[47.867s][info][gc,phases      ] GC(248) Summary Phase 0.107ms
[47.867s][info][gc,phases,start] GC(248) Adjust Roots
[47.868s][info][gc,phases      ] GC(248) Adjust Roots 1.018ms
[47.868s][info][gc,phases,start] GC(248) Compaction Phase
[48.219s][info][gc,phases      ] GC(248) Compaction Phase 351.156ms
[48.219s][info][gc,phases,start] GC(248) Post Compact
[48.227s][info][gc,phases      ] GC(248) Post Compact 8.042ms
[48.228s][info][gc,heap        ] GC(248) PSYoungGen: 102893K(193536K)->102893K(193536K) Eden: 54784K(54784K)->54784K(54784K) From: 48109K(138752K)->48109K(138752K)
[48.228s][info][gc,heap        ] GC(248) ParOldGen: 4300634K(4300800K)->4300634K(4300800K)
[48.228s][info][gc,metaspace   ] GC(248) Metaspace: 6302K(6528K)->6302K(6528K) NonClass: 5769K(5888K)->5769K(5888K) Class: 533K(640K)->533K(640K)
[48.228s][info][gc             ] GC(248) Pause Full (Ergonomics) 4300M->4300M(4389M) 1474.856ms
[48.228s][info][gc,cpu         ] GC(248) User=10.00s Sys=0.02s Real=1.48s
[48.228s][info][gc,start       ] GC(249) Pause Full (Ergonomics)
[48.228s][info][gc,phases,start] GC(249) Marking Phase
[49.283s][info][gc,phases      ] GC(249) Marking Phase 1054.724ms
[49.283s][info][gc,phases,start] GC(249) Summary Phase
[49.283s][info][gc,phases      ] GC(249) Summary Phase 0.087ms
[49.283s][info][gc,phases,start] GC(249) Adjust Roots
[49.283s][info][gc,phases      ] GC(249) Adjust Roots 0.319ms
[49.283s][info][gc,phases,start] GC(249) Compaction Phase
[49.650s][info][gc,phases      ] GC(249) Compaction Phase 366.924ms
[49.650s][info][gc,phases,start] GC(249) Post Compact
[49.659s][info][gc,phases      ] GC(249) Post Compact 9.076ms
[49.659s][info][gc,heap        ] GC(249) PSYoungGen: 102893K(193536K)->102893K(193536K) Eden: 54784K(54784K)->54784K(54784K) From: 48109K(138752K)->48109K(138752K)
[49.659s][info][gc,heap        ] GC(249) ParOldGen: 4300639K(4300800K)->4300639K(4300800K)
[49.659s][info][gc,metaspace   ] GC(249) Metaspace: 6302K(6528K)->6302K(6528K) NonClass: 5769K(5888K)->5769K(5888K) Class: 533K(640K)->533K(640K)
[49.659s][info][gc             ] GC(249) Pause Full (Ergonomics) 4300M->4300M(4389M) 1431.622ms
[49.659s][info][gc,cpu         ] GC(249) User=9.55s Sys=0.00s Real=1.43s
[49.660s][info][gc,start       ] GC(250) Pause Full (Ergonomics)
[49.660s][info][gc,phases,start] GC(250) Marking Phase
[50.738s][info][gc,phases      ] GC(250) Marking Phase 1078.376ms
[50.738s][info][gc,phases,start] GC(250) Summary Phase
[50.738s][info][gc,phases      ] GC(250) Summary Phase 0.073ms
[50.738s][info][gc,phases,start] GC(250) Adjust Roots
[50.739s][info][gc,phases      ] GC(250) Adjust Roots 0.340ms
[50.739s][info][gc,phases,start] GC(250) Compaction Phase
[51.090s][info][gc,phases      ] GC(250) Compaction Phase 351.416ms
[51.090s][info][gc,phases,start] GC(250) Post Compact
[51.098s][info][gc,phases      ] GC(250) Post Compact 8.413ms
[51.099s][info][gc,heap        ] GC(250) PSYoungGen: 102893K(193536K)->102893K(193536K) Eden: 54784K(54784K)->54784K(54784K) From: 48109K(138752K)->48109K(138752K)
[51.099s][info][gc,heap        ] GC(250) ParOldGen: 4300644K(4300800K)->4300644K(4300800K)
[51.099s][info][gc,metaspace   ] GC(250) Metaspace: 6302K(6528K)->6302K(6528K) NonClass: 5769K(5888K)->5769K(5888K) Class: 533K(640K)->533K(640K)
[51.099s][info][gc             ] GC(250) Pause Full (Ergonomics) 4300M->4300M(4389M) 1439.045ms
[51.099s][info][gc,cpu         ] GC(250) User=9.89s Sys=0.02s Real=1.44s
[51.099s][info][gc,start       ] GC(251) Pause Full (Ergonomics)
[51.099s][info][gc,phases,start] GC(251) Marking Phase
[52.160s][info][gc,phases      ] GC(251) Marking Phase 1061.571ms
[52.161s][info][gc,phases,start] GC(251) Summary Phase
[52.161s][info][gc,phases      ] GC(251) Summary Phase 0.070ms
[52.161s][info][gc,phases,start] GC(251) Adjust Roots
[52.161s][info][gc,phases      ] GC(251) Adjust Roots 0.182ms
[52.161s][info][gc,phases,start] GC(251) Compaction Phase
[52.507s][info][gc,phases      ] GC(251) Compaction Phase 346.424ms
[52.507s][info][gc,phases,start] GC(251) Post Compact
[52.515s][info][gc,phases      ] GC(251) Post Compact 7.794ms
[52.515s][info][gc,heap        ] GC(251) PSYoungGen: 102893K(193536K)->102893K(193536K) Eden: 54784K(54784K)->54784K(54784K) From: 48109K(138752K)->48109K(138752K)
[52.515s][info][gc,heap        ] GC(251) ParOldGen: 4300649K(4300800K)->4300649K(4300800K)
[52.515s][info][gc,metaspace   ] GC(251) Metaspace: 6302K(6528K)->6302K(6528K) NonClass: 5769K(5888K)->5769K(5888K) Class: 533K(640K)->533K(640K)
[52.515s][info][gc             ] GC(251) Pause Full (Ergonomics) 4300M->4300M(4389M) 1416.435ms
[52.515s][info][gc,cpu         ] GC(251) User=9.73s Sys=0.02s Real=1.42s
[52.516s][info][gc,start       ] GC(252) Pause Full (Ergonomics)
[52.516s][info][gc,phases,start] GC(252) Marking Phase
[53.608s][info][gc,phases      ] GC(252) Marking Phase 1092.413ms
[53.608s][info][gc,phases,start] GC(252) Summary Phase
[53.608s][info][gc,phases      ] GC(252) Summary Phase 0.092ms
[53.608s][info][gc,phases,start] GC(252) Adjust Roots
[53.609s][info][gc,phases      ] GC(252) Adjust Roots 0.402ms
[53.609s][info][gc,phases,start] GC(252) Compaction Phase
[53.968s][info][gc,phases      ] GC(252) Compaction Phase 358.977ms
[53.968s][info][gc,phases,start] GC(252) Post Compact
[53.977s][info][gc,phases      ] GC(252) Post Compact 8.936ms
[53.977s][info][gc,heap        ] GC(252) PSYoungGen: 102893K(193536K)->102893K(193536K) Eden: 54784K(54784K)->54784K(54784K) From: 48109K(138752K)->48109K(138752K)
[53.977s][info][gc,heap        ] GC(252) ParOldGen: 4300654K(4300800K)->4300654K(4300800K)
[53.977s][info][gc,metaspace   ] GC(252) Metaspace: 6302K(6528K)->6302K(6528K) NonClass: 5769K(5888K)->5769K(5888K) Class: 533K(640K)->533K(640K)
[53.977s][info][gc             ] GC(252) Pause Full (Ergonomics) 4300M->4300M(4389M) 1461.316ms
[53.977s][info][gc,cpu         ] GC(252) User=9.89s Sys=0.00s Real=1.46s
[53.977s][info][gc,start       ] GC(253) Pause Full (Ergonomics)
[53.977s][info][gc,phases,start] GC(253) Marking Phase
[55.052s][info][gc,phases      ] GC(253) Marking Phase 1074.859ms
[55.052s][info][gc,phases,start] GC(253) Summary Phase
[55.052s][info][gc,phases      ] GC(253) Summary Phase 0.053ms
[55.052s][info][gc,phases,start] GC(253) Adjust Roots
[55.052s][info][gc,phases      ] GC(253) Adjust Roots 0.265ms
[55.052s][info][gc,phases,start] GC(253) Compaction Phase
[55.380s][info][gc,phases      ] GC(253) Compaction Phase 327.972ms
[55.380s][info][gc,phases,start] GC(253) Post Compact
[55.389s][info][gc,phases      ] GC(253) Post Compact 8.060ms
[55.389s][info][gc,heap        ] GC(253) PSYoungGen: 102893K(193536K)->102893K(193536K) Eden: 54784K(54784K)->54784K(54784K) From: 48109K(138752K)->48109K(138752K)
[55.389s][info][gc,heap        ] GC(253) ParOldGen: 4300658K(4300800K)->4300658K(4300800K)
[55.389s][info][gc,metaspace   ] GC(253) Metaspace: 6302K(6528K)->6302K(6528K) NonClass: 5769K(5888K)->5769K(5888K) Class: 533K(640K)->533K(640K)
[55.389s][info][gc             ] GC(253) Pause Full (Ergonomics) 4300M->4300M(4389M) 1411.594ms
[55.389s][info][gc,cpu         ] GC(253) User=10.12s Sys=0.00s Real=1.41s
[55.389s][info][gc,start       ] GC(254) Pause Full (Ergonomics)
[55.389s][info][gc,phases,start] GC(254) Marking Phase
[56.466s][info][gc,phases      ] GC(254) Marking Phase 1076.611ms
[56.466s][info][gc,phases,start] GC(254) Summary Phase
[56.466s][info][gc,phases      ] GC(254) Summary Phase 0.102ms
[56.466s][info][gc,phases,start] GC(254) Adjust Roots
[56.466s][info][gc,phases      ] GC(254) Adjust Roots 0.353ms
[56.466s][info][gc,phases,start] GC(254) Compaction Phase
[56.790s][info][gc,phases      ] GC(254) Compaction Phase 324.172ms
[56.790s][info][gc,phases,start] GC(254) Post Compact
[56.798s][info][gc,phases      ] GC(254) Post Compact 7.777ms
[56.798s][info][gc,heap        ] GC(254) PSYoungGen: 102893K(193536K)->102893K(193536K) Eden: 54784K(54784K)->54784K(54784K) From: 48109K(138752K)->48109K(138752K)
[56.798s][info][gc,heap        ] GC(254) ParOldGen: 4300663K(4300800K)->4300663K(4300800K)
[56.798s][info][gc,metaspace   ] GC(254) Metaspace: 6302K(6528K)->6302K(6528K) NonClass: 5769K(5888K)->5769K(5888K) Class: 533K(640K)->533K(640K)
[56.798s][info][gc             ] GC(254) Pause Full (Ergonomics) 4300M->4300M(4389M) 1409.533ms
[56.798s][info][gc,cpu         ] GC(254) User=10.08s Sys=0.02s Real=1.41s
[56.799s][info][gc,start       ] GC(255) Pause Full (Ergonomics)
[56.799s][info][gc,phases,start] GC(255) Marking Phase
[57.857s][info][gc,phases      ] GC(255) Marking Phase 1058.021ms
[57.857s][info][gc,phases,start] GC(255) Summary Phase
[57.857s][info][gc,phases      ] GC(255) Summary Phase 0.088ms
[57.857s][info][gc,phases,start] GC(255) Adjust Roots
[57.857s][info][gc,phases      ] GC(255) Adjust Roots 0.323ms
[57.857s][info][gc,phases,start] GC(255) Compaction Phase
[58.167s][info][gc,phases      ] GC(255) Compaction Phase 309.750ms
[58.167s][info][gc,phases,start] GC(255) Post Compact
[58.175s][info][gc,phases      ] GC(255) Post Compact 7.513ms
[58.175s][info][gc,heap        ] GC(255) PSYoungGen: 102893K(193536K)->102893K(193536K) Eden: 54784K(54784K)->54784K(54784K) From: 48109K(138752K)->48109K(138752K)
[58.175s][info][gc,heap        ] GC(255) ParOldGen: 4300668K(4300800K)->4300668K(4300800K)
[58.175s][info][gc,metaspace   ] GC(255) Metaspace: 6302K(6528K)->6302K(6528K) NonClass: 5769K(5888K)->5769K(5888K) Class: 533K(640K)->533K(640K)
[58.175s][info][gc             ] GC(255) Pause Full (Ergonomics) 4300M->4300M(4389M) 1376.166ms
[58.175s][info][gc,cpu         ] GC(255) User=10.20s Sys=0.00s Real=1.38s
[58.175s][info][gc,start       ] GC(256) Pause Full (Ergonomics)
[58.175s][info][gc,phases,start] GC(256) Marking Phase
[59.175s][info][gc,phases      ] GC(256) Marking Phase 1000.007ms
[59.175s][info][gc,phases,start] GC(256) Summary Phase
[59.175s][info][gc,phases      ] GC(256) Summary Phase 0.077ms
[59.175s][info][gc,phases,start] GC(256) Adjust Roots
[59.176s][info][gc,phases      ] GC(256) Adjust Roots 0.300ms
[59.176s][info][gc,phases,start] GC(256) Compaction Phase
[59.499s][info][gc,phases      ] GC(256) Compaction Phase 323.597ms
[59.499s][info][gc,phases,start] GC(256) Post Compact
[59.507s][info][gc,phases      ] GC(256) Post Compact 7.369ms
[59.507s][info][gc,heap        ] GC(256) PSYoungGen: 102893K(193536K)->102893K(193536K) Eden: 54784K(54784K)->54784K(54784K) From: 48109K(138752K)->48109K(138752K)
[59.507s][info][gc,heap        ] GC(256) ParOldGen: 4300673K(4300800K)->4300673K(4300800K)
[59.507s][info][gc,metaspace   ] GC(256) Metaspace: 6302K(6528K)->6302K(6528K) NonClass: 5769K(5888K)->5769K(5888K) Class: 533K(640K)->533K(640K)
[59.507s][info][gc             ] GC(256) Pause Full (Ergonomics) 4300M->4300M(4389M) 1331.816ms
[59.507s][info][gc,cpu         ] GC(256) User=10.09s Sys=0.02s Real=1.33s
[59.507s][info][gc,start       ] GC(257) Pause Full (Ergonomics)
[59.507s][info][gc,phases,start] GC(257) Marking Phase
[60.500s][info][gc,phases      ] GC(257) Marking Phase 993.071ms
[60.500s][info][gc,phases,start] GC(257) Summary Phase
[60.500s][info][gc,phases      ] GC(257) Summary Phase 0.068ms
[60.500s][info][gc,phases,start] GC(257) Adjust Roots
[60.501s][info][gc,phases      ] GC(257) Adjust Roots 0.256ms
[60.501s][info][gc,phases,start] GC(257) Compaction Phase
[60.834s][info][gc,phases      ] GC(257) Compaction Phase 332.941ms
[60.834s][info][gc,phases,start] GC(257) Post Compact
[60.840s][info][gc,phases      ] GC(257) Post Compact 6.331ms
[60.840s][info][gc,heap        ] GC(257) PSYoungGen: 102893K(193536K)->102893K(193536K) Eden: 54784K(54784K)->54784K(54784K) From: 48109K(138752K)->48109K(138752K)
[60.840s][info][gc,heap        ] GC(257) ParOldGen: 4300678K(4300800K)->4300678K(4300800K)
[60.840s][info][gc,metaspace   ] GC(257) Metaspace: 6302K(6528K)->6302K(6528K) NonClass: 5769K(5888K)->5769K(5888K) Class: 533K(640K)->533K(640K)
[60.840s][info][gc             ] GC(257) Pause Full (Ergonomics) 4300M->4300M(4389M) 1332.997ms
[60.840s][info][gc,cpu         ] GC(257) User=9.94s Sys=0.00s Real=1.33s
[60.840s][info][gc,start       ] GC(258) Pause Full (Ergonomics)
[60.840s][info][gc,phases,start] GC(258) Marking Phase
[61.837s][info][gc,phases      ] GC(258) Marking Phase 996.287ms
[61.837s][info][gc,phases,start] GC(258) Summary Phase
[61.837s][info][gc,phases      ] GC(258) Summary Phase 0.091ms
[61.837s][info][gc,phases,start] GC(258) Adjust Roots
[61.837s][info][gc,phases      ] GC(258) Adjust Roots 0.179ms
[61.837s][info][gc,phases,start] GC(258) Compaction Phase
[62.139s][info][gc,phases      ] GC(258) Compaction Phase 302.251ms
[62.139s][info][gc,phases,start] GC(258) Post Compact
[62.146s][info][gc,phases      ] GC(258) Post Compact 6.872ms
[62.146s][info][gc,heap        ] GC(258) PSYoungGen: 102893K(193536K)->102893K(193536K) Eden: 54784K(54784K)->54784K(54784K) From: 48109K(138752K)->48109K(138752K)
[62.146s][info][gc,heap        ] GC(258) ParOldGen: 4300683K(4300800K)->4300683K(4300800K)
[62.146s][info][gc,metaspace   ] GC(258) Metaspace: 6302K(6528K)->6302K(6528K) NonClass: 5769K(5888K)->5769K(5888K) Class: 533K(640K)->533K(640K)
[62.146s][info][gc             ] GC(258) Pause Full (Ergonomics) 4300M->4300M(4389M) 1306.082ms
[62.146s][info][gc,cpu         ] GC(258) User=10.05s Sys=0.02s Real=1.31s
[62.147s][info][gc,start       ] GC(259) Pause Full (Ergonomics)
[62.147s][info][gc,phases,start] GC(259) Marking Phase
[63.142s][info][gc,phases      ] GC(259) Marking Phase 995.784ms
[63.142s][info][gc,phases,start] GC(259) Summary Phase
[63.142s][info][gc,phases      ] GC(259) Summary Phase 0.059ms
[63.143s][info][gc,phases,start] GC(259) Adjust Roots
[63.143s][info][gc,phases      ] GC(259) Adjust Roots 0.164ms
[63.143s][info][gc,phases,start] GC(259) Compaction Phase
[63.422s][info][gc,phases      ] GC(259) Compaction Phase 279.169ms
[63.422s][info][gc,phases,start] GC(259) Post Compact
[63.428s][info][gc,phases      ] GC(259) Post Compact 5.809ms
[63.428s][info][gc,heap        ] GC(259) PSYoungGen: 102893K(193536K)->102893K(193536K) Eden: 54784K(54784K)->54784K(54784K) From: 48109K(138752K)->48109K(138752K)
[63.428s][info][gc,heap        ] GC(259) ParOldGen: 4300687K(4300800K)->4300687K(4300800K)
[63.428s][info][gc,metaspace   ] GC(259) Metaspace: 6302K(6528K)->6302K(6528K) NonClass: 5769K(5888K)->5769K(5888K) Class: 533K(640K)->533K(640K)
[63.428s][info][gc             ] GC(259) Pause Full (Ergonomics) 4300M->4300M(4389M) 1281.320ms
[63.428s][info][gc,cpu         ] GC(259) User=9.78s Sys=0.00s Real=1.28s
[63.428s][info][gc,start       ] GC(260) Pause Full (Ergonomics)
[63.428s][info][gc,phases,start] GC(260) Marking Phase
[64.418s][info][gc,phases      ] GC(260) Marking Phase 990.224ms
[64.418s][info][gc,phases,start] GC(260) Summary Phase
[64.418s][info][gc,phases      ] GC(260) Summary Phase 0.050ms
[64.418s][info][gc,phases,start] GC(260) Adjust Roots
[64.419s][info][gc,phases      ] GC(260) Adjust Roots 0.158ms
[64.419s][info][gc,phases,start] GC(260) Compaction Phase
[64.734s][info][gc,phases      ] GC(260) Compaction Phase 315.339ms
[64.734s][info][gc,phases,start] GC(260) Post Compact
[64.741s][info][gc,phases      ] GC(260) Post Compact 6.556ms
[64.741s][info][gc,heap        ] GC(260) PSYoungGen: 102893K(193536K)->102893K(193536K) Eden: 54784K(54784K)->54784K(54784K) From: 48109K(138752K)->48109K(138752K)
[64.741s][info][gc,heap        ] GC(260) ParOldGen: 4300692K(4300800K)->4300692K(4300800K)
[64.741s][info][gc,metaspace   ] GC(260) Metaspace: 6302K(6528K)->6302K(6528K) NonClass: 5769K(5888K)->5769K(5888K) Class: 533K(640K)->533K(640K)
[64.741s][info][gc             ] GC(260) Pause Full (Ergonomics) 4300M->4300M(4389M) 1312.630ms
[64.741s][info][gc,cpu         ] GC(260) User=10.06s Sys=0.00s Real=1.31s
[64.741s][info][gc,start       ] GC(261) Pause Full (Ergonomics)
[64.741s][info][gc,phases,start] GC(261) Marking Phase
[65.730s][info][gc,phases      ] GC(261) Marking Phase 989.398ms
[65.730s][info][gc,phases,start] GC(261) Summary Phase
[65.730s][info][gc,phases      ] GC(261) Summary Phase 0.049ms
[65.730s][info][gc,phases,start] GC(261) Adjust Roots
[65.731s][info][gc,phases      ] GC(261) Adjust Roots 0.200ms
[65.731s][info][gc,phases,start] GC(261) Compaction Phase
[66.060s][info][gc,phases      ] GC(261) Compaction Phase 329.505ms
[66.060s][info][gc,phases,start] GC(261) Post Compact
[66.067s][info][gc,phases      ] GC(261) Post Compact 6.459ms
[66.067s][info][gc,heap        ] GC(261) PSYoungGen: 102893K(193536K)->102893K(193536K) Eden: 54784K(54784K)->54784K(54784K) From: 48109K(138752K)->48109K(138752K)
[66.067s][info][gc,heap        ] GC(261) ParOldGen: 4300697K(4300800K)->4300697K(4300800K)
[66.067s][info][gc,metaspace   ] GC(261) Metaspace: 6302K(6528K)->6302K(6528K) NonClass: 5769K(5888K)->5769K(5888K) Class: 533K(640K)->533K(640K)
[66.067s][info][gc             ] GC(261) Pause Full (Ergonomics) 4300M->4300M(4389M) 1325.913ms
[66.067s][info][gc,cpu         ] GC(261) User=9.95s Sys=0.00s Real=1.33s
[66.067s][info][gc,start       ] GC(262) Pause Full (Ergonomics)
[66.067s][info][gc,phases,start] GC(262) Marking Phase
[67.060s][info][gc,phases      ] GC(262) Marking Phase 992.534ms
[67.060s][info][gc,phases,start] GC(262) Summary Phase
[67.060s][info][gc,phases      ] GC(262) Summary Phase 0.084ms
[67.060s][info][gc,phases,start] GC(262) Adjust Roots
[67.060s][info][gc,phases      ] GC(262) Adjust Roots 0.285ms
[67.060s][info][gc,phases,start] GC(262) Compaction Phase
[67.356s][info][gc,phases      ] GC(262) Compaction Phase 296.312ms
[67.356s][info][gc,phases,start] GC(262) Post Compact
[67.363s][info][gc,phases      ] GC(262) Post Compact 6.356ms
[67.363s][info][gc,heap        ] GC(262) PSYoungGen: 102893K(193536K)->102893K(193536K) Eden: 54784K(54784K)->54784K(54784K) From: 48109K(138752K)->48109K(138752K)
[67.363s][info][gc,heap        ] GC(262) ParOldGen: 4300702K(4300800K)->4300702K(4300800K)
[67.363s][info][gc,metaspace   ] GC(262) Metaspace: 6302K(6528K)->6302K(6528K) NonClass: 5769K(5888K)->5769K(5888K) Class: 533K(640K)->533K(640K)
[67.363s][info][gc             ] GC(262) Pause Full (Ergonomics) 4300M->4300M(4389M) 1295.921ms
[67.363s][info][gc,cpu         ] GC(262) User=9.83s Sys=0.00s Real=1.30s
[67.363s][info][gc,start       ] GC(263) Pause Full (Ergonomics)
[67.363s][info][gc,phases,start] GC(263) Marking Phase
[68.345s][info][gc,phases      ] GC(263) Marking Phase 981.904ms
[68.345s][info][gc,phases,start] GC(263) Summary Phase
[68.345s][info][gc,phases      ] GC(263) Summary Phase 0.177ms
[68.345s][info][gc,phases,start] GC(263) Adjust Roots
[68.346s][info][gc,phases      ] GC(263) Adjust Roots 0.377ms
[68.346s][info][gc,phases,start] GC(263) Compaction Phase
[68.639s][info][gc,phases      ] GC(263) Compaction Phase 293.156ms
[68.639s][info][gc,phases,start] GC(263) Post Compact
[68.646s][info][gc,phases      ] GC(263) Post Compact 6.733ms
[68.646s][info][gc,heap        ] GC(263) PSYoungGen: 102893K(193536K)->102893K(193536K) Eden: 54784K(54784K)->54784K(54784K) From: 48109K(138752K)->48109K(138752K)
[68.646s][info][gc,heap        ] GC(263) ParOldGen: 4300707K(4300800K)->4300707K(4300800K)
[68.646s][info][gc,metaspace   ] GC(263) Metaspace: 6302K(6528K)->6302K(6528K) NonClass: 5769K(5888K)->5769K(5888K) Class: 533K(640K)->533K(640K)
[68.646s][info][gc             ] GC(263) Pause Full (Ergonomics) 4300M->4300M(4389M) 1282.783ms
[68.646s][info][gc,cpu         ] GC(263) User=9.73s Sys=0.00s Real=1.28s
[68.646s][info][gc,start       ] GC(264) Pause Full (Ergonomics)
[68.646s][info][gc,phases,start] GC(264) Marking Phase
[69.648s][info][gc,phases      ] GC(264) Marking Phase 1001.958ms
[69.648s][info][gc,phases,start] GC(264) Summary Phase
[69.648s][info][gc,phases      ] GC(264) Summary Phase 0.050ms
[69.648s][info][gc,phases,start] GC(264) Adjust Roots
[69.648s][info][gc,phases      ] GC(264) Adjust Roots 0.169ms
[69.648s][info][gc,phases,start] GC(264) Compaction Phase
[69.948s][info][gc,phases      ] GC(264) Compaction Phase 299.171ms
[69.948s][info][gc,phases,start] GC(264) Post Compact
[69.954s][info][gc,phases      ] GC(264) Post Compact 6.476ms
[69.954s][info][gc,heap        ] GC(264) PSYoungGen: 102893K(193536K)->102893K(193536K) Eden: 54784K(54784K)->54784K(54784K) From: 48109K(138752K)->48109K(138752K)
[69.954s][info][gc,heap        ] GC(264) ParOldGen: 4300712K(4300800K)->4300712K(4300800K)
[69.954s][info][gc,metaspace   ] GC(264) Metaspace: 6302K(6528K)->6302K(6528K) NonClass: 5769K(5888K)->5769K(5888K) Class: 533K(640K)->533K(640K)
[69.954s][info][gc             ] GC(264) Pause Full (Ergonomics) 4300M->4300M(4389M) 1308.131ms
[69.954s][info][gc,cpu         ] GC(264) User=9.75s Sys=0.00s Real=1.31s
[69.954s][info][gc,start       ] GC(265) Pause Full (Ergonomics)
[69.954s][info][gc,phases,start] GC(265) Marking Phase
[70.928s][info][gc,phases      ] GC(265) Marking Phase 973.648ms
[70.928s][info][gc,phases,start] GC(265) Summary Phase
[70.928s][info][gc,phases      ] GC(265) Summary Phase 0.077ms
[70.928s][info][gc,phases,start] GC(265) Adjust Roots
[70.929s][info][gc,phases      ] GC(265) Adjust Roots 0.283ms
[70.929s][info][gc,phases,start] GC(265) Compaction Phase
[71.217s][info][gc,phases      ] GC(265) Compaction Phase 288.199ms
[71.217s][info][gc,phases,start] GC(265) Post Compact
[71.222s][info][gc,phases      ] GC(265) Post Compact 5.649ms
[71.223s][info][gc,heap        ] GC(265) PSYoungGen: 102893K(193536K)->102893K(193536K) Eden: 54784K(54784K)->54784K(54784K) From: 48109K(138752K)->48109K(138752K)
[71.223s][info][gc,heap        ] GC(265) ParOldGen: 4300716K(4300800K)->4300716K(4300800K)
[71.223s][info][gc,metaspace   ] GC(265) Metaspace: 6302K(6528K)->6302K(6528K) NonClass: 5769K(5888K)->5769K(5888K) Class: 533K(640K)->533K(640K)
[71.223s][info][gc             ] GC(265) Pause Full (Ergonomics) 4300M->4300M(4389M) 1268.203ms
[71.223s][info][gc,cpu         ] GC(265) User=9.59s Sys=0.00s Real=1.27s
[71.223s][info][gc,start       ] GC(266) Pause Full (Ergonomics)
[71.223s][info][gc,phases,start] GC(266) Marking Phase
[72.220s][info][gc,phases      ] GC(266) Marking Phase 997.348ms
[72.220s][info][gc,phases,start] GC(266) Summary Phase
[72.220s][info][gc,phases      ] GC(266) Summary Phase 0.053ms
[72.220s][info][gc,phases,start] GC(266) Adjust Roots
[72.220s][info][gc,phases      ] GC(266) Adjust Roots 0.177ms
[72.221s][info][gc,phases,start] GC(266) Compaction Phase
[72.542s][info][gc,phases      ] GC(266) Compaction Phase 321.506ms
[72.542s][info][gc,phases,start] GC(266) Post Compact
[72.549s][info][gc,phases      ] GC(266) Post Compact 6.570ms
[72.549s][info][gc,heap        ] GC(266) PSYoungGen: 102893K(193536K)->102893K(193536K) Eden: 54784K(54784K)->54784K(54784K) From: 48109K(138752K)->48109K(138752K)
[72.549s][info][gc,heap        ] GC(266) ParOldGen: 4300721K(4300800K)->4300721K(4300800K)
[72.549s][info][gc,metaspace   ] GC(266) Metaspace: 6302K(6528K)->6302K(6528K) NonClass: 5769K(5888K)->5769K(5888K) Class: 533K(640K)->533K(640K)
[72.549s][info][gc             ] GC(266) Pause Full (Ergonomics) 4300M->4300M(4389M) 1325.997ms
[72.549s][info][gc,cpu         ] GC(266) User=9.84s Sys=0.00s Real=1.33s
[72.549s][info][gc,start       ] GC(267) Pause Full (Ergonomics)
[72.549s][info][gc,phases,start] GC(267) Marking Phase
[73.534s][info][gc,phases      ] GC(267) Marking Phase 985.066ms
[73.534s][info][gc,phases,start] GC(267) Summary Phase
[73.534s][info][gc,phases      ] GC(267) Summary Phase 0.053ms
[73.534s][info][gc,phases,start] GC(267) Adjust Roots
[73.534s][info][gc,phases      ] GC(267) Adjust Roots 0.173ms
[73.534s][info][gc,phases,start] GC(267) Compaction Phase
[73.822s][info][gc,phases      ] GC(267) Compaction Phase 287.399ms
[73.822s][info][gc,phases,start] GC(267) Post Compact
[73.829s][info][gc,phases      ] GC(267) Post Compact 6.883ms
[73.829s][info][gc,heap        ] GC(267) PSYoungGen: 102893K(193536K)->102893K(193536K) Eden: 54784K(54784K)->54784K(54784K) From: 48109K(138752K)->48109K(138752K)
[73.829s][info][gc,heap        ] GC(267) ParOldGen: 4300726K(4300800K)->4300726K(4300800K)
[73.829s][info][gc,metaspace   ] GC(267) Metaspace: 6302K(6528K)->6302K(6528K) NonClass: 5769K(5888K)->5769K(5888K) Class: 533K(640K)->533K(640K)
[73.829s][info][gc             ] GC(267) Pause Full (Ergonomics) 4300M->4300M(4389M) 1279.938ms
[73.829s][info][gc,cpu         ] GC(267) User=9.75s Sys=0.00s Real=1.28s
[73.829s][info][gc,start       ] GC(268) Pause Full (Ergonomics)
[73.829s][info][gc,phases,start] GC(268) Marking Phase
[74.818s][info][gc,phases      ] GC(268) Marking Phase 988.559ms
[74.818s][info][gc,phases,start] GC(268) Summary Phase
[74.818s][info][gc,phases      ] GC(268) Summary Phase 0.050ms
[74.818s][info][gc,phases,start] GC(268) Adjust Roots
[74.818s][info][gc,phases      ] GC(268) Adjust Roots 0.168ms
[74.818s][info][gc,phases,start] GC(268) Compaction Phase
[75.138s][info][gc,phases      ] GC(268) Compaction Phase 319.518ms
[75.138s][info][gc,phases,start] GC(268) Post Compact
[75.144s][info][gc,phases      ] GC(268) Post Compact 6.328ms
[75.144s][info][gc,heap        ] GC(268) PSYoungGen: 102893K(193536K)->102893K(193536K) Eden: 54784K(54784K)->54784K(54784K) From: 48109K(138752K)->48109K(138752K)
[75.144s][info][gc,heap        ] GC(268) ParOldGen: 4300731K(4300800K)->4300731K(4300800K)
[75.144s][info][gc,metaspace   ] GC(268) Metaspace: 6302K(6528K)->6302K(6528K) NonClass: 5769K(5888K)->5769K(5888K) Class: 533K(640K)->533K(640K)
[75.144s][info][gc             ] GC(268) Pause Full (Ergonomics) 4300M->4300M(4389M) 1314.946ms
[75.144s][info][gc,cpu         ] GC(268) User=9.78s Sys=0.00s Real=1.32s
[75.144s][info][gc,start       ] GC(269) Pause Full (Ergonomics)
[75.144s][info][gc,phases,start] GC(269) Marking Phase
[76.151s][info][gc,phases      ] GC(269) Marking Phase 1006.817ms
[76.151s][info][gc,phases,start] GC(269) Summary Phase
[76.151s][info][gc,phases      ] GC(269) Summary Phase 0.053ms
[76.151s][info][gc,phases,start] GC(269) Adjust Roots
[76.151s][info][gc,phases      ] GC(269) Adjust Roots 0.176ms
[76.151s][info][gc,phases,start] GC(269) Compaction Phase
[76.436s][info][gc,phases      ] GC(269) Compaction Phase 284.788ms
[76.436s][info][gc,phases,start] GC(269) Post Compact
[76.442s][info][gc,phases      ] GC(269) Post Compact 5.645ms
[76.442s][info][gc,heap        ] GC(269) PSYoungGen: 102893K(193536K)->102893K(193536K) Eden: 54784K(54784K)->54784K(54784K) From: 48109K(138752K)->48109K(138752K)
[76.442s][info][gc,heap        ] GC(269) ParOldGen: 4300736K(4300800K)->4300736K(4300800K)
[76.442s][info][gc,metaspace   ] GC(269) Metaspace: 6302K(6528K)->6302K(6528K) NonClass: 5769K(5888K)->5769K(5888K) Class: 533K(640K)->533K(640K)
[76.442s][info][gc             ] GC(269) Pause Full (Ergonomics) 4300M->4300M(4389M) 1297.809ms
[76.442s][info][gc,cpu         ] GC(269) User=9.91s Sys=0.00s Real=1.30s
[76.442s][info][gc,start       ] GC(270) Pause Full (Ergonomics)
[76.442s][info][gc,phases,start] GC(270) Marking Phase
[77.416s][info][gc,phases      ] GC(270) Marking Phase 973.494ms
[77.416s][info][gc,phases,start] GC(270) Summary Phase
[77.416s][info][gc,phases      ] GC(270) Summary Phase 0.049ms
[77.416s][info][gc,phases,start] GC(270) Adjust Roots
[77.416s][info][gc,phases      ] GC(270) Adjust Roots 0.170ms
[77.416s][info][gc,phases,start] GC(270) Compaction Phase
[77.711s][info][gc,phases      ] GC(270) Compaction Phase 295.272ms
[77.711s][info][gc,phases,start] GC(270) Post Compact
[77.718s][info][gc,phases      ] GC(270) Post Compact 6.264ms
[77.718s][info][gc,heap        ] GC(270) PSYoungGen: 102893K(193536K)->102893K(193536K) Eden: 54784K(54784K)->54784K(54784K) From: 48109K(138752K)->48109K(138752K)
[77.718s][info][gc,heap        ] GC(270) ParOldGen: 4300741K(4300800K)->4300741K(4300800K)
[77.718s][info][gc,metaspace   ] GC(270) Metaspace: 6302K(6528K)->6302K(6528K) NonClass: 5769K(5888K)->5769K(5888K) Class: 533K(640K)->533K(640K)
[77.718s][info][gc             ] GC(270) Pause Full (Ergonomics) 4300M->4300M(4389M) 1275.527ms
[77.718s][info][gc,cpu         ] GC(270) User=9.69s Sys=0.02s Real=1.28s
[77.718s][info][gc,start       ] GC(271) Pause Full (Ergonomics)
[77.718s][info][gc,phases,start] GC(271) Marking Phase
[78.714s][info][gc,phases      ] GC(271) Marking Phase 995.585ms
[78.714s][info][gc,phases,start] GC(271) Summary Phase
[78.714s][info][gc,phases      ] GC(271) Summary Phase 0.108ms
[78.714s][info][gc,phases,start] GC(271) Adjust Roots
[78.714s][info][gc,phases      ] GC(271) Adjust Roots 0.306ms
[78.714s][info][gc,phases,start] GC(271) Compaction Phase
[79.005s][info][gc,phases      ] GC(271) Compaction Phase 290.336ms
[79.005s][info][gc,phases,start] GC(271) Post Compact
[79.010s][info][gc,phases      ] GC(271) Post Compact 5.752ms
[79.010s][info][gc,heap        ] GC(271) PSYoungGen: 102893K(193536K)->102893K(193536K) Eden: 54784K(54784K)->54784K(54784K) From: 48109K(138752K)->48109K(138752K)
[79.010s][info][gc,heap        ] GC(271) ParOldGen: 4300745K(4300800K)->4300745K(4300800K)
[79.010s][info][gc,metaspace   ] GC(271) Metaspace: 6302K(6528K)->6302K(6528K) NonClass: 5769K(5888K)->5769K(5888K) Class: 533K(640K)->533K(640K)
[79.010s][info][gc             ] GC(271) Pause Full (Ergonomics) 4300M->4300M(4389M) 1292.470ms
[79.010s][info][gc,cpu         ] GC(271) User=10.03s Sys=0.00s Real=1.29s
[79.011s][info][gc,start       ] GC(272) Pause Full (Ergonomics)
[79.011s][info][gc,phases,start] GC(272) Marking Phase
[79.998s][info][gc,phases      ] GC(272) Marking Phase 987.227ms
[79.998s][info][gc,phases,start] GC(272) Summary Phase
[79.998s][info][gc,phases      ] GC(272) Summary Phase 0.093ms
[79.998s][info][gc,phases,start] GC(272) Adjust Roots
[79.998s][info][gc,phases      ] GC(272) Adjust Roots 0.309ms
[79.998s][info][gc,phases,start] GC(272) Compaction Phase
[80.285s][info][gc,phases      ] GC(272) Compaction Phase 286.411ms
[80.285s][info][gc,phases,start] GC(272) Post Compact
[80.291s][info][gc,phases      ] GC(272) Post Compact 5.854ms
[80.291s][info][gc,heap        ] GC(272) PSYoungGen: 102893K(193536K)->102893K(193536K) Eden: 54784K(54784K)->54784K(54784K) From: 48109K(138752K)->48109K(138752K)
[80.291s][info][gc,heap        ] GC(272) ParOldGen: 4300750K(4300800K)->4300750K(4300800K)
[80.291s][info][gc,metaspace   ] GC(272) Metaspace: 6302K(6528K)->6302K(6528K) NonClass: 5769K(5888K)->5769K(5888K) Class: 533K(640K)->533K(640K)
[80.291s][info][gc             ] GC(272) Pause Full (Ergonomics) 4300M->4300M(4389M) 1280.298ms
[80.291s][info][gc,cpu         ] GC(272) User=9.91s Sys=0.00s Real=1.28s
[80.291s][info][gc,start       ] GC(273) Pause Full (Ergonomics)
[80.291s][info][gc,phases,start] GC(273) Marking Phase
[81.261s][info][gc,phases      ] GC(273) Marking Phase 970.164ms
[81.261s][info][gc,phases,start] GC(273) Summary Phase
[81.261s][info][gc,phases      ] GC(273) Summary Phase 0.058ms
[81.262s][info][gc,phases,start] GC(273) Adjust Roots
[81.262s][info][gc,phases      ] GC(273) Adjust Roots 0.176ms
[81.262s][info][gc,phases,start] GC(273) Compaction Phase
[81.570s][info][gc,phases      ] GC(273) Compaction Phase 307.863ms
[81.570s][info][gc,phases,start] GC(273) Post Compact
[81.576s][info][gc,phases      ] GC(273) Post Compact 6.259ms
[81.576s][info][gc,heap        ] GC(273) PSYoungGen: 102893K(193536K)->102893K(193536K) Eden: 54784K(54784K)->54784K(54784K) From: 48109K(138752K)->48109K(138752K)
[81.576s][info][gc,heap        ] GC(273) ParOldGen: 4300755K(4300800K)->4300755K(4300800K)
[81.576s][info][gc,metaspace   ] GC(273) Metaspace: 6302K(6528K)->6302K(6528K) NonClass: 5769K(5888K)->5769K(5888K) Class: 533K(640K)->533K(640K)
[81.576s][info][gc             ] GC(273) Pause Full (Ergonomics) 4300M->4300M(4389M) 1284.858ms
[81.576s][info][gc,cpu         ] GC(273) User=9.84s Sys=0.00s Real=1.28s
[81.576s][info][gc,start       ] GC(274) Pause Full (Ergonomics)
[81.576s][info][gc,phases,start] GC(274) Marking Phase
[82.563s][info][gc,phases      ] GC(274) Marking Phase 986.531ms
[82.563s][info][gc,phases,start] GC(274) Summary Phase
[82.563s][info][gc,phases      ] GC(274) Summary Phase 0.049ms
[82.563s][info][gc,phases,start] GC(274) Adjust Roots
[82.563s][info][gc,phases      ] GC(274) Adjust Roots 0.179ms
[82.563s][info][gc,phases,start] GC(274) Compaction Phase
[82.863s][info][gc,phases      ] GC(274) Compaction Phase 300.048ms
[82.863s][info][gc,phases,start] GC(274) Post Compact
[82.870s][info][gc,phases      ] GC(274) Post Compact 7.051ms
[82.870s][info][gc,heap        ] GC(274) PSYoungGen: 102893K(193536K)->102893K(193536K) Eden: 54784K(54784K)->54784K(54784K) From: 48109K(138752K)->48109K(138752K)
[82.870s][info][gc,heap        ] GC(274) ParOldGen: 4300760K(4300800K)->4300760K(4300800K)
[82.870s][info][gc,metaspace   ] GC(274) Metaspace: 6302K(6528K)->6302K(6528K) NonClass: 5769K(5888K)->5769K(5888K) Class: 533K(640K)->533K(640K)
[82.870s][info][gc             ] GC(274) Pause Full (Ergonomics) 4300M->4300M(4389M) 1294.202ms
[82.870s][info][gc,cpu         ] GC(274) User=9.77s Sys=0.00s Real=1.29s
[82.871s][info][gc,start       ] GC(275) Pause Full (Ergonomics)
[82.871s][info][gc,phases,start] GC(275) Marking Phase
[83.875s][info][gc,phases      ] GC(275) Marking Phase 1004.498ms
[83.875s][info][gc,phases,start] GC(275) Summary Phase
[83.875s][info][gc,phases      ] GC(275) Summary Phase 0.049ms
[83.875s][info][gc,phases,start] GC(275) Adjust Roots
[83.875s][info][gc,phases      ] GC(275) Adjust Roots 0.180ms
[83.875s][info][gc,phases,start] GC(275) Compaction Phase
[84.174s][info][gc,phases      ] GC(275) Compaction Phase 298.626ms
[84.174s][info][gc,phases,start] GC(275) Post Compact
[84.180s][info][gc,phases      ] GC(275) Post Compact 6.280ms
[84.181s][info][gc,heap        ] GC(275) PSYoungGen: 102893K(193536K)->102893K(193536K) Eden: 54784K(54784K)->54784K(54784K) From: 48109K(138752K)->48109K(138752K)
[84.181s][info][gc,heap        ] GC(275) ParOldGen: 4300765K(4300800K)->4300765K(4300800K)
[84.181s][info][gc,metaspace   ] GC(275) Metaspace: 6302K(6528K)->6302K(6528K) NonClass: 5769K(5888K)->5769K(5888K) Class: 533K(640K)->533K(640K)
[84.181s][info][gc             ] GC(275) Pause Full (Ergonomics) 4300M->4300M(4389M) 1309.944ms
[84.181s][info][gc,cpu         ] GC(275) User=9.89s Sys=0.02s Real=1.31s
[84.181s][info][gc,start       ] GC(276) Pause Full (Ergonomics)
[84.181s][info][gc,phases,start] GC(276) Marking Phase
[85.193s][info][gc,phases      ] GC(276) Marking Phase 1011.932ms
[85.193s][info][gc,phases,start] GC(276) Summary Phase
[85.193s][info][gc,phases      ] GC(276) Summary Phase 0.049ms
[85.193s][info][gc,phases,start] GC(276) Adjust Roots
[85.193s][info][gc,phases      ] GC(276) Adjust Roots 0.166ms
[85.193s][info][gc,phases,start] GC(276) Compaction Phase
[85.492s][info][gc,phases      ] GC(276) Compaction Phase 298.510ms
[85.492s][info][gc,phases,start] GC(276) Post Compact
[85.498s][info][gc,phases      ] GC(276) Post Compact 6.742ms
[85.498s][info][gc,heap        ] GC(276) PSYoungGen: 102893K(193536K)->102893K(193536K) Eden: 54784K(54784K)->54784K(54784K) From: 48109K(138752K)->48109K(138752K)
[85.498s][info][gc,heap        ] GC(276) ParOldGen: 4300770K(4300800K)->4300770K(4300800K)
[85.498s][info][gc,metaspace   ] GC(276) Metaspace: 6302K(6528K)->6302K(6528K) NonClass: 5769K(5888K)->5769K(5888K) Class: 533K(640K)->533K(640K)
[85.498s][info][gc             ] GC(276) Pause Full (Ergonomics) 4300M->4300M(4389M) 1317.731ms
[85.499s][info][gc,cpu         ] GC(276) User=10.05s Sys=0.00s Real=1.32s
[85.499s][info][gc,start       ] GC(277) Pause Full (Ergonomics)
[85.499s][info][gc,phases,start] GC(277) Marking Phase
[86.472s][info][gc,phases      ] GC(277) Marking Phase 973.362ms
[86.472s][info][gc,phases,start] GC(277) Summary Phase
[86.472s][info][gc,phases      ] GC(277) Summary Phase 0.061ms
[86.472s][info][gc,phases,start] GC(277) Adjust Roots
[86.472s][info][gc,phases      ] GC(277) Adjust Roots 0.211ms
[86.472s][info][gc,phases,start] GC(277) Compaction Phase
[86.773s][info][gc,phases      ] GC(277) Compaction Phase 300.148ms
[86.773s][info][gc,phases,start] GC(277) Post Compact
[86.780s][info][gc,phases      ] GC(277) Post Compact 7.298ms
[86.780s][info][gc,heap        ] GC(277) PSYoungGen: 102893K(193536K)->102893K(193536K) Eden: 54784K(54784K)->54784K(54784K) From: 48109K(138752K)->48109K(138752K)
[86.780s][info][gc,heap        ] GC(277) ParOldGen: 4300774K(4300800K)->4300774K(4300800K)
[86.780s][info][gc,metaspace   ] GC(277) Metaspace: 6302K(6528K)->6302K(6528K) NonClass: 5769K(5888K)->5769K(5888K) Class: 533K(640K)->533K(640K)
[86.780s][info][gc             ] GC(277) Pause Full (Ergonomics) 4300M->4300M(4389M) 1281.428ms
[86.780s][info][gc,cpu         ] GC(277) User=9.70s Sys=0.00s Real=1.28s
[86.780s][info][gc,start       ] GC(278) Pause Full (Ergonomics)
[86.780s][info][gc,phases,start] GC(278) Marking Phase
[87.770s][info][gc,phases      ] GC(278) Marking Phase 989.490ms
[87.770s][info][gc,phases,start] GC(278) Summary Phase
[87.770s][info][gc,phases      ] GC(278) Summary Phase 0.053ms
[87.770s][info][gc,phases,start] GC(278) Adjust Roots
[87.770s][info][gc,phases      ] GC(278) Adjust Roots 0.198ms
[87.770s][info][gc,phases,start] GC(278) Compaction Phase
[88.068s][info][gc,phases      ] GC(278) Compaction Phase 298.093ms
[88.068s][info][gc,phases,start] GC(278) Post Compact
[88.075s][info][gc,phases      ] GC(278) Post Compact 6.791ms
[88.075s][info][gc,heap        ] GC(278) PSYoungGen: 102893K(193536K)->102893K(193536K) Eden: 54784K(54784K)->54784K(54784K) From: 48109K(138752K)->48109K(138752K)
[88.075s][info][gc,heap        ] GC(278) ParOldGen: 4300779K(4300800K)->4300779K(4300800K)
[88.075s][info][gc,metaspace   ] GC(278) Metaspace: 6302K(6528K)->6302K(6528K) NonClass: 5769K(5888K)->5769K(5888K) Class: 533K(640K)->533K(640K)
[88.075s][info][gc             ] GC(278) Pause Full (Ergonomics) 4300M->4300M(4389M) 1294.932ms
[88.075s][info][gc,cpu         ] GC(278) User=9.77s Sys=0.00s Real=1.29s
[88.075s][info][gc,start       ] GC(279) Pause Full (Ergonomics)
[88.076s][info][gc,phases,start] GC(279) Marking Phase
[89.076s][info][gc,phases      ] GC(279) Marking Phase 1000.688ms
[89.076s][info][gc,phases,start] GC(279) Summary Phase
[89.076s][info][gc,phases      ] GC(279) Summary Phase 0.087ms
[89.076s][info][gc,phases,start] GC(279) Adjust Roots
[89.077s][info][gc,phases      ] GC(279) Adjust Roots 0.264ms
[89.077s][info][gc,phases,start] GC(279) Compaction Phase
[89.369s][info][gc,phases      ] GC(279) Compaction Phase 292.673ms
[89.369s][info][gc,phases,start] GC(279) Post Compact
[89.376s][info][gc,phases      ] GC(279) Post Compact 6.523ms
[89.376s][info][gc,heap        ] GC(279) PSYoungGen: 102893K(193536K)->102893K(193536K) Eden: 54784K(54784K)->54784K(54784K) From: 48109K(138752K)->48109K(138752K)
[89.376s][info][gc,heap        ] GC(279) ParOldGen: 4300784K(4300800K)->4300784K(4300800K)
[89.376s][info][gc,metaspace   ] GC(279) Metaspace: 6302K(6528K)->6302K(6528K) NonClass: 5769K(5888K)->5769K(5888K) Class: 533K(640K)->533K(640K)
[89.376s][info][gc             ] GC(279) Pause Full (Ergonomics) 4300M->4300M(4389M) 1300.595ms
[89.376s][info][gc,cpu         ] GC(279) User=9.98s Sys=0.00s Real=1.30s
[89.376s][info][gc,start       ] GC(280) Pause Full (Ergonomics)
[89.376s][info][gc,phases,start] GC(280) Marking Phase
[90.368s][info][gc,phases      ] GC(280) Marking Phase 991.318ms
[90.368s][info][gc,phases,start] GC(280) Summary Phase
[90.368s][info][gc,phases      ] GC(280) Summary Phase 0.053ms
[90.368s][info][gc,phases,start] GC(280) Adjust Roots
[90.368s][info][gc,phases      ] GC(280) Adjust Roots 0.302ms
[90.368s][info][gc,phases,start] GC(280) Compaction Phase
[90.670s][info][gc,phases      ] GC(280) Compaction Phase 302.351ms
[90.670s][info][gc,phases,start] GC(280) Post Compact
[90.678s][info][gc,phases      ] GC(280) Post Compact 7.051ms
[90.678s][info][gc,heap        ] GC(280) PSYoungGen: 102893K(193536K)->102893K(193536K) Eden: 54784K(54784K)->54784K(54784K) From: 48109K(138752K)->48109K(138752K)
[90.678s][info][gc,heap        ] GC(280) ParOldGen: 4300789K(4300800K)->4300789K(4300800K)
[90.678s][info][gc,metaspace   ] GC(280) Metaspace: 6302K(6528K)->6302K(6528K) NonClass: 5769K(5888K)->5769K(5888K) Class: 533K(640K)->533K(640K)
[90.678s][info][gc             ] GC(280) Pause Full (Ergonomics) 4300M->4300M(4389M) 1301.422ms
[90.678s][info][gc,cpu         ] GC(280) User=9.72s Sys=0.02s Real=1.30s
[90.678s][info][gc,start       ] GC(281) Pause Full (Ergonomics)
[90.678s][info][gc,phases,start] GC(281) Marking Phase
[91.667s][info][gc,phases      ] GC(281) Marking Phase 989.356ms
[91.667s][info][gc,phases,start] GC(281) Summary Phase
[91.667s][info][gc,phases      ] GC(281) Summary Phase 0.055ms
[91.667s][info][gc,phases,start] GC(281) Adjust Roots
[91.668s][info][gc,phases      ] GC(281) Adjust Roots 0.248ms
[91.668s][info][gc,phases,start] GC(281) Compaction Phase
[91.968s][info][gc,phases      ] GC(281) Compaction Phase 300.065ms
[91.968s][info][gc,phases,start] GC(281) Post Compact
[91.975s][info][gc,phases      ] GC(281) Post Compact 7.109ms
[91.975s][info][gc,heap        ] GC(281) PSYoungGen: 102893K(193536K)->102893K(193536K) Eden: 54784K(54784K)->54784K(54784K) From: 48109K(138752K)->48109K(138752K)
[91.975s][info][gc,heap        ] GC(281) ParOldGen: 4300794K(4300800K)->4300794K(4300800K)
[91.975s][info][gc,metaspace   ] GC(281) Metaspace: 6302K(6528K)->6302K(6528K) NonClass: 5769K(5888K)->5769K(5888K) Class: 533K(640K)->533K(640K)
[91.975s][info][gc             ] GC(281) Pause Full (Ergonomics) 4300M->4300M(4389M) 1297.178ms
[91.975s][info][gc,cpu         ] GC(281) User=9.94s Sys=0.00s Real=1.30s
[91.975s][info][gc,start       ] GC(282) Pause Full (Ergonomics)
[91.975s][info][gc,phases,start] GC(282) Marking Phase
[92.962s][info][gc,phases      ] GC(282) Marking Phase 986.164ms
[92.962s][info][gc,phases,start] GC(282) Summary Phase
[92.962s][info][gc,phases      ] GC(282) Summary Phase 0.050ms
[92.962s][info][gc,phases,start] GC(282) Adjust Roots
[92.962s][info][gc,phases      ] GC(282) Adjust Roots 0.170ms
[92.962s][info][gc,phases,start] GC(282) Compaction Phase
[93.250s][info][gc,phases      ] GC(282) Compaction Phase 287.733ms
[93.250s][info][gc,phases,start] GC(282) Post Compact
[93.256s][info][gc,phases      ] GC(282) Post Compact 6.467ms
[93.256s][info][gc,heap        ] GC(282) PSYoungGen: 102893K(193536K)->102893K(193536K) Eden: 54784K(54784K)->54784K(54784K) From: 48109K(138752K)->48109K(138752K)
[93.256s][info][gc,heap        ] GC(282) ParOldGen: 4300799K(4300800K)->4300799K(4300800K)
[93.256s][info][gc,metaspace   ] GC(282) Metaspace: 6302K(6528K)->6302K(6528K) NonClass: 5769K(5888K)->5769K(5888K) Class: 533K(640K)->533K(640K)
[93.256s][info][gc             ] GC(282) Pause Full (Ergonomics) 4300M->4300M(4389M) 1280.957ms
[93.256s][info][gc,cpu         ] GC(282) User=9.89s Sys=0.00s Real=1.28s
[93.256s][info][gc,start       ] GC(283) Pause Full (Ergonomics)
[93.257s][info][gc,phases,start] GC(283) Marking Phase
[94.243s][info][gc,phases      ] GC(283) Marking Phase 986.851ms
[94.243s][info][gc,phases,start] GC(283) Summary Phase
[94.243s][info][gc,phases      ] GC(283) Summary Phase 0.058ms
[94.244s][info][gc,phases,start] GC(283) Adjust Roots
[94.244s][info][gc,phases      ] GC(283) Adjust Roots 0.201ms
[94.244s][info][gc,phases,start] GC(283) Compaction Phase
[94.532s][info][gc,phases      ] GC(283) Compaction Phase 288.250ms
[94.532s][info][gc,phases,start] GC(283) Post Compact
[94.539s][info][gc,phases      ] GC(283) Post Compact 6.469ms
[94.539s][info][gc,heap        ] GC(283) PSYoungGen: 102893K(193536K)->102893K(193536K) Eden: 54784K(54784K)->54784K(54784K) From: 48109K(138752K)->48109K(138752K)
[94.539s][info][gc,heap        ] GC(283) ParOldGen: 4300799K(4300800K)->4300799K(4300800K)
[94.539s][info][gc,metaspace   ] GC(283) Metaspace: 6302K(6528K)->6302K(6528K) NonClass: 5769K(5888K)->5769K(5888K) Class: 533K(640K)->533K(640K)
[94.539s][info][gc             ] GC(283) Pause Full (Ergonomics) 4300M->4300M(4389M) 1282.194ms
[94.539s][info][gc,cpu         ] GC(283) User=9.83s Sys=0.00s Real=1.28s
[94.539s][info][gc,start       ] GC(284) Pause Full (Allocation Failure)
[94.539s][info][gc,phases,start] GC(284) Marking Phase
[95.537s][info][gc,phases      ] GC(284) Marking Phase 998.091ms
[95.537s][info][gc,phases,start] GC(284) Summary Phase
[95.537s][info][gc,phases      ] GC(284) Summary Phase 0.052ms
[95.537s][info][gc,phases,start] GC(284) Adjust Roots
[95.537s][info][gc,phases      ] GC(284) Adjust Roots 0.422ms
[95.537s][info][gc,phases,start] GC(284) Compaction Phase
[96.635s][info][gc,phases      ] GC(284) Compaction Phase 1098.002ms
[96.636s][info][gc,phases,start] GC(284) Post Compact
[96.643s][info][gc,phases      ] GC(284) Post Compact 7.498ms
[96.643s][info][gc,heap        ] GC(284) PSYoungGen: 102893K(193536K)->102893K(193536K) Eden: 54784K(54784K)->54784K(54784K) From: 48109K(138752K)->48109K(138752K)
[96.643s][info][gc,heap        ] GC(284) ParOldGen: 4300799K(4300800K)->4300795K(4300800K)
[96.643s][info][gc,metaspace   ] GC(284) Metaspace: 6302K(6528K)->6300K(6528K) NonClass: 5769K(5888K)->5768K(5888K) Class: 533K(640K)->532K(640K)
[96.643s][info][gc             ] GC(284) Pause Full (Allocation Failure) 4300M->4300M(4389M) 2104.396ms
[96.643s][info][gc,cpu         ] GC(284) User=15.77s Sys=0.02s Real=2.11s
[96.644s][info][gc,start       ] GC(285) Pause Full (Ergonomics)
[96.644s][info][gc,phases,start] GC(285) Marking Phase
[97.615s][info][gc,phases      ] GC(285) Marking Phase 970.862ms
[97.615s][info][gc,phases,start] GC(285) Summary Phase
[97.615s][info][gc,phases      ] GC(285) Summary Phase 0.054ms
[97.615s][info][gc,phases,start] GC(285) Adjust Roots
[97.615s][info][gc,phases      ] GC(285) Adjust Roots 0.196ms
[97.615s][info][gc,phases,start] GC(285) Compaction Phase
[97.917s][info][gc,phases      ] GC(285) Compaction Phase 302.534ms
[97.918s][info][gc,phases,start] GC(285) Post Compact
[97.924s][info][gc,phases      ] GC(285) Post Compact 6.451ms
[97.924s][info][gc,heap        ] GC(285) PSYoungGen: 102893K(193536K)->102893K(193536K) Eden: 54784K(54784K)->54784K(54784K) From: 48109K(138752K)->48109K(138752K)
[97.924s][info][gc,heap        ] GC(285) ParOldGen: 4300799K(4300800K)->4300799K(4300800K)
[97.924s][info][gc,metaspace   ] GC(285) Metaspace: 6300K(6528K)->6300K(6528K) NonClass: 5768K(5888K)->5768K(5888K) Class: 532K(640K)->532K(640K)
[97.924s][info][gc             ] GC(285) Pause Full (Ergonomics) 4300M->4300M(4389M) 1280.405ms
[97.924s][info][gc,cpu         ] GC(285) User=9.55s Sys=0.00s Real=1.28s
[97.925s][info][gc,start       ] GC(286) Pause Full (Ergonomics)
[97.925s][info][gc,phases,start] GC(286) Marking Phase
[98.906s][info][gc,phases      ] GC(286) Marking Phase 981.830ms
[98.907s][info][gc,phases,start] GC(286) Summary Phase
[98.907s][info][gc,phases      ] GC(286) Summary Phase 0.066ms
[98.907s][info][gc,phases,start] GC(286) Adjust Roots
[98.907s][info][gc,phases      ] GC(286) Adjust Roots 0.210ms
[98.907s][info][gc,phases,start] GC(286) Compaction Phase
[99.230s][info][gc,phases      ] GC(286) Compaction Phase 322.882ms
[99.230s][info][gc,phases,start] GC(286) Post Compact
[99.237s][info][gc,phases      ] GC(286) Post Compact 7.419ms
[99.237s][info][gc,heap        ] GC(286) PSYoungGen: 102893K(193536K)->102893K(193536K) Eden: 54784K(54784K)->54784K(54784K) From: 48109K(138752K)->48109K(138752K)
[99.237s][info][gc,heap        ] GC(286) ParOldGen: 4300799K(4300800K)->4300799K(4300800K)
[99.237s][info][gc,metaspace   ] GC(286) Metaspace: 6300K(6528K)->6300K(6528K) NonClass: 5768K(5888K)->5768K(5888K) Class: 532K(640K)->532K(640K)
[99.237s][info][gc             ] GC(286) Pause Full (Ergonomics) 4300M->4300M(4389M) 1312.743ms
[99.237s][info][gc,cpu         ] GC(286) User=9.73s Sys=0.00s Real=1.31s
[99.237s][info][gc,start       ] GC(287) Pause Full (Allocation Failure)
[99.237s][info][gc,phases,start] GC(287) Marking Phase
[100.240s][info][gc,phases      ] GC(287) Marking Phase 1002.226ms
[100.240s][info][gc,phases,start] GC(287) Summary Phase
[100.240s][info][gc,phases      ] GC(287) Summary Phase 0.050ms
[100.240s][info][gc,phases,start] GC(287) Adjust Roots
[100.240s][info][gc,phases      ] GC(287) Adjust Roots 0.184ms
[100.240s][info][gc,phases,start] GC(287) Compaction Phase
[100.542s][info][gc,phases      ] GC(287) Compaction Phase 301.938ms
[100.542s][info][gc,phases,start] GC(287) Post Compact
[100.549s][info][gc,phases      ] GC(287) Post Compact 6.803ms
[100.549s][info][gc,heap        ] GC(287) PSYoungGen: 102893K(193536K)->102893K(193536K) Eden: 54784K(54784K)->54784K(54784K) From: 48109K(138752K)->48109K(138752K)
[100.549s][info][gc,heap        ] GC(287) ParOldGen: 4300799K(4300800K)->4300799K(4300800K)
[100.549s][info][gc,metaspace   ] GC(287) Metaspace: 6300K(6528K)->6300K(6528K) NonClass: 5768K(5888K)->5768K(5888K) Class: 532K(640K)->532K(640K)
[100.549s][info][gc             ] GC(287) Pause Full (Allocation Failure) 4300M->4300M(4389M) 1311.504ms
[100.549s][info][gc,cpu         ] GC(287) User=9.95s Sys=0.00s Real=1.31s
[100.549s][info][gc,start       ] GC(288) Pause Full (Ergonomics)
[100.549s][info][gc,phases,start] GC(288) Marking Phase
[101.554s][info][gc,phases      ] GC(288) Marking Phase 1004.748ms
[101.554s][info][gc,phases,start] GC(288) Summary Phase
[101.554s][info][gc,phases      ] GC(288) Summary Phase 0.052ms
[101.554s][info][gc,phases,start] GC(288) Adjust Roots
[101.555s][info][gc,phases      ] GC(288) Adjust Roots 0.266ms
[101.555s][info][gc,phases,start] GC(288) Compaction Phase
[102.652s][info][gc,phases      ] GC(288) Compaction Phase 1097.102ms
[102.652s][info][gc,phases,start] GC(288) Post Compact
[102.658s][info][gc,phases      ] GC(288) Post Compact 6.694ms
[102.659s][info][gc,heap        ] GC(288) PSYoungGen: 102893K(193536K)->102893K(193536K) Eden: 54784K(54784K)->54784K(54784K) From: 48109K(138752K)->48109K(138752K)
[102.659s][info][gc,heap        ] GC(288) ParOldGen: 4300800K(4300800K)->4300798K(4300800K)
[102.659s][info][gc,metaspace   ] GC(288) Metaspace: 6300K(6528K)->6300K(6528K) NonClass: 5768K(5888K)->5768K(5888K) Class: 532K(640K)->532K(640K)
[102.659s][info][gc             ] GC(288) Pause Full (Ergonomics) 4300M->4300M(4389M) 2109.205ms
[102.659s][info][gc,cpu         ] GC(288) User=15.39s Sys=0.02s Real=2.11s
[102.660s][info][gc,start       ] GC(289) Pause Full (Ergonomics)
[102.660s][info][gc,phases,start] GC(289) Marking Phase
[103.651s][info][gc,phases      ] GC(289) Marking Phase 990.904ms
[103.651s][info][gc,phases,start] GC(289) Summary Phase
[103.651s][info][gc,phases      ] GC(289) Summary Phase 0.069ms
[103.651s][info][gc,phases,start] GC(289) Adjust Roots
[103.651s][info][gc,phases      ] GC(289) Adjust Roots 0.316ms
[103.651s][info][gc,phases,start] GC(289) Compaction Phase
[104.758s][info][gc,phases      ] GC(289) Compaction Phase 1106.699ms
[104.758s][info][gc,phases,start] GC(289) Post Compact
[104.765s][info][gc,phases      ] GC(289) Post Compact 6.657ms
[104.765s][info][gc,heap        ] GC(289) PSYoungGen: 102893K(193536K)->102893K(193536K) Eden: 54784K(54784K)->54784K(54784K) From: 48109K(138752K)->48109K(138752K)
[104.765s][info][gc,heap        ] GC(289) ParOldGen: 4300799K(4300800K)->4300796K(4300800K)
[104.765s][info][gc,metaspace   ] GC(289) Metaspace: 6302K(6528K)->6302K(6528K) NonClass: 5768K(5888K)->5768K(5888K) Class: 533K(640K)->533K(640K)
[104.765s][info][gc             ] GC(289) Pause Full (Ergonomics) 4300M->4300M(4389M) 2105.071ms
[104.765s][info][gc,cpu         ] GC(289) User=15.27s Sys=0.02s Real=2.11s
[104.765s][info][gc,heap,exit   ] Heap
[104.765s][info][gc,heap,exit   ]  PSYoungGen      total 193536K, used 102893K [0x000000077cc00000, 0x0000000791080000, 0x0000000800000000)
[104.765s][info][gc,heap,exit   ]   eden space 54784K, 100% used [0x000000077cc00000,0x0000000780180000,0x0000000780180000)
[104.765s][info][gc,heap,exit   ]   from space 138752K, 34% used [0x0000000780180000,0x000000078307b400,0x0000000788900000)
[104.765s][info][gc,heap,exit   ]   to   space 135680K, 0% used [0x0000000788c00000,0x0000000788c00000,0x0000000791080000)
[104.765s][info][gc,heap,exit   ]  ParOldGen       total 4300800K, used 4300797K [0x0000000676400000, 0x000000077cc00000, 0x000000077cc00000)
[104.765s][info][gc,heap,exit   ]   object space 4300800K, 99% used [0x0000000676400000,0x000000077cbff660,0x000000077cc00000)
[104.765s][info][gc,heap,exit   ]  Metaspace       used 6305K, committed 6528K, reserved 1114112K
[104.765s][info][gc,heap,exit   ]   class space    used 534K, committed 640K, reserved 1048576K
