[0.014s][info][gc,init] CardTable entry size: 512
[0.014s][info][gc     ] Using Parallel
[0.016s][info][gc,init] Version: 18.0.1+10 (release)
[0.016s][info][gc,init] CPUs: 8 total, 8 available
[0.016s][info][gc,init] Memory: 16063M
[0.016s][info][gc,init] Large Page Support: Disabled
[0.016s][info][gc,init] NUMA Support: Disabled
[0.016s][info][gc,init] Compressed Oops: Enabled (Zero based)
[0.016s][info][gc,init] Alignments: Space 512K, Generation 512K, Heap 2M
[0.016s][info][gc,init] Heap Min Capacity: 2M
[0.016s][info][gc,init] Heap Initial Capacity: 2M
[0.016s][info][gc,init] Heap Max Capacity: 12200M
[0.016s][info][gc,init] Pre-touch: Disabled
[0.016s][info][gc,init] Parallel Workers: 8
[0.016s][info][gc,metaspace] CDS archive(s) not mapped
[0.016s][info][gc,metaspace] Compressed class space mapped at: 0x0000000800000000-0x0000000840000000, reserved size: 1073741824
[0.016s][info][gc,metaspace] Narrow klass base: 0x0000000800000000, Narrow klass shift: 0, Narrow klass range: 0x40000000
[0.124s][info][gc,start    ] GC(0) Pause Young (Allocation Failure)
[0.125s][info][gc,heap     ] GC(0) PSYoungGen: 512K(1024K)->480K(1024K) Eden: 512K(512K)->0K(512K) From: 0K(512K)->480K(512K)
[0.125s][info][gc,heap     ] GC(0) ParOldGen: 0K(512K)->8K(512K)
[0.125s][info][gc,metaspace] GC(0) Metaspace: 4230K(4352K)->4230K(4352K) NonClass: 3909K(3968K)->3909K(3968K) Class: 321K(384K)->321K(384K)
[0.125s][info][gc          ] GC(0) Pause Young (Allocation Failure) 0M->0M(1M) 1.298ms
[0.125s][info][gc,cpu      ] GC(0) User=0.00s Sys=0.00s Real=0.00s
[0.187s][info][gc,start    ] GC(1) Pause Young (Allocation Failure)
[0.188s][info][gc,heap     ] GC(1) PSYoungGen: 991K(1024K)->512K(1536K) Eden: 511K(512K)->0K(1024K) From: 480K(512K)->512K(512K)
[0.188s][info][gc,heap     ] GC(1) ParOldGen: 8K(512K)->88K(512K)
[0.188s][info][gc,metaspace] GC(1) Metaspace: 5877K(5952K)->5877K(5952K) NonClass: 5380K(5440K)->5380K(5440K) Class: 496K(512K)->496K(512K)
[0.188s][info][gc          ] GC(1) Pause Young (Allocation Failure) 0M->0M(2M) 0.867ms
[0.188s][info][gc,cpu      ] GC(1) User=0.00s Sys=0.00s Real=0.00s
[0.207s][info][gc,start    ] GC(2) Pause Young (Allocation Failure)
[0.209s][info][gc,heap     ] GC(2) PSYoungGen: 1536K(1536K)->512K(1536K) Eden: 1024K(1024K)->0K(1024K) From: 512K(512K)->512K(512K)
[0.209s][info][gc,heap     ] GC(2) ParOldGen: 88K(512K)->512K(1024K)
[0.209s][info][gc,metaspace] GC(2) Metaspace: 6296K(6464K)->6296K(6464K) NonClass: 5762K(5824K)->5762K(5824K) Class: 533K(640K)->533K(640K)
[0.209s][info][gc          ] GC(2) Pause Young (Allocation Failure) 1M->1M(2M) 1.388ms
[0.209s][info][gc,cpu      ] GC(2) User=0.00s Sys=0.00s Real=0.00s
[0.210s][info][gc,start    ] GC(3) Pause Young (Allocation Failure)
[0.211s][info][gc,heap     ] GC(3) PSYoungGen: 1536K(1536K)->480K(2560K) Eden: 1024K(1024K)->0K(2048K) From: 512K(512K)->480K(512K)
[0.211s][info][gc,heap     ] GC(3) ParOldGen: 512K(1024K)->1080K(1536K)
[0.211s][info][gc,metaspace] GC(3) Metaspace: 6296K(6464K)->6296K(6464K) NonClass: 5762K(5824K)->5762K(5824K) Class: 533K(640K)->533K(640K)
[0.211s][info][gc          ] GC(3) Pause Young (Allocation Failure) 2M->1M(4M) 1.300ms
[0.211s][info][gc,cpu      ] GC(3) User=0.00s Sys=0.02s Real=0.00s
[0.211s][info][gc,start    ] GC(4) Pause Full (Ergonomics)
[0.211s][info][gc,phases,start] GC(4) Marking Phase
[0.212s][info][gc,phases      ] GC(4) Marking Phase 1.018ms
[0.213s][info][gc,phases,start] GC(4) Summary Phase
[0.213s][info][gc,phases      ] GC(4) Summary Phase 0.014ms
[0.213s][info][gc,phases,start] GC(4) Adjust Roots
[0.213s][info][gc,phases      ] GC(4) Adjust Roots 0.384ms
[0.213s][info][gc,phases,start] GC(4) Compaction Phase
[0.215s][info][gc,phases      ] GC(4) Compaction Phase 2.386ms
[0.215s][info][gc,phases,start] GC(4) Post Compact
[0.216s][info][gc,phases      ] GC(4) Post Compact 0.084ms
[0.216s][info][gc,heap        ] GC(4) PSYoungGen: 480K(2560K)->0K(2560K) Eden: 0K(2048K)->0K(2048K) From: 480K(512K)->0K(512K)
[0.216s][info][gc,heap        ] GC(4) ParOldGen: 1080K(1536K)->1495K(3584K)
[0.216s][info][gc,metaspace   ] GC(4) Metaspace: 6296K(6464K)->6296K(6464K) NonClass: 5762K(5824K)->5762K(5824K) Class: 533K(640K)->533K(640K)
[0.216s][info][gc             ] GC(4) Pause Full (Ergonomics) 1M->1M(6M) 4.271ms
[0.216s][info][gc,cpu         ] GC(4) User=0.00s Sys=0.00s Real=0.00s
[0.218s][info][gc,start       ] GC(5) Pause Young (Allocation Failure)
[0.220s][info][gc,heap        ] GC(5) PSYoungGen: 2048K(2560K)->480K(3584K) Eden: 2048K(2048K)->0K(3072K) From: 0K(512K)->480K(512K)
[0.220s][info][gc,heap        ] GC(5) ParOldGen: 1495K(3584K)->2111K(3584K)
[0.220s][info][gc,metaspace   ] GC(5) Metaspace: 6296K(6464K)->6296K(6464K) NonClass: 5762K(5824K)->5762K(5824K) Class: 533K(640K)->533K(640K)
[0.220s][info][gc             ] GC(5) Pause Young (Allocation Failure) 3M->2M(7M) 1.283ms
[0.220s][info][gc,cpu         ] GC(5) User=0.00s Sys=0.00s Real=0.00s
[0.225s][info][gc,start       ] GC(6) Pause Young (Allocation Failure)
[0.227s][info][gc,heap        ] GC(6) PSYoungGen: 3552K(3584K)->1504K(4608K) Eden: 3072K(3072K)->0K(3072K) From: 480K(512K)->1504K(1536K)
[0.227s][info][gc,heap        ] GC(6) ParOldGen: 2111K(3584K)->2687K(3584K)
[0.227s][info][gc,metaspace   ] GC(6) Metaspace: 6296K(6464K)->6296K(6464K) NonClass: 5762K(5824K)->5762K(5824K) Class: 533K(640K)->533K(640K)
[0.227s][info][gc             ] GC(6) Pause Young (Allocation Failure) 5M->4M(8M) 1.896ms
[0.227s][info][gc,cpu         ] GC(6) User=0.00s Sys=0.00s Real=0.00s
[0.227s][info][gc,start       ] GC(7) Pause Full (Ergonomics)
[0.227s][info][gc,phases,start] GC(7) Marking Phase
[0.229s][info][gc,phases      ] GC(7) Marking Phase 1.953ms
[0.229s][info][gc,phases,start] GC(7) Summary Phase
[0.229s][info][gc,phases      ] GC(7) Summary Phase 0.019ms
[0.229s][info][gc,phases,start] GC(7) Adjust Roots
[0.229s][info][gc,phases      ] GC(7) Adjust Roots 0.353ms
[0.229s][info][gc,phases,start] GC(7) Compaction Phase
[0.232s][info][gc,phases      ] GC(7) Compaction Phase 3.162ms
[0.232s][info][gc,phases,start] GC(7) Post Compact
[0.232s][info][gc,phases      ] GC(7) Post Compact 0.036ms
[0.233s][info][gc,heap        ] GC(7) PSYoungGen: 1504K(4608K)->990K(4608K) Eden: 0K(3072K)->0K(3072K) From: 1504K(1536K)->990K(1536K)
[0.233s][info][gc,heap        ] GC(7) ParOldGen: 2687K(3584K)->3127K(6144K)
[0.233s][info][gc,metaspace   ] GC(7) Metaspace: 6296K(6464K)->6296K(6464K) NonClass: 5762K(5824K)->5762K(5824K) Class: 533K(640K)->533K(640K)
[0.233s][info][gc             ] GC(7) Pause Full (Ergonomics) 4M->4M(10M) 5.943ms
[0.233s][info][gc,cpu         ] GC(7) User=0.00s Sys=0.00s Real=0.01s
[0.237s][info][gc,start       ] GC(8) Pause Young (Allocation Failure)
[0.240s][info][gc,heap        ] GC(8) PSYoungGen: 4062K(4608K)->2048K(5632K) Eden: 3072K(3072K)->0K(3584K) From: 990K(1536K)->2048K(2048K)
[0.240s][info][gc,heap        ] GC(8) ParOldGen: 3127K(6144K)->3663K(6144K)
[0.240s][info][gc,metaspace   ] GC(8) Metaspace: 6296K(6464K)->6296K(6464K) NonClass: 5762K(5824K)->5762K(5824K) Class: 533K(640K)->533K(640K)
[0.240s][info][gc             ] GC(8) Pause Young (Allocation Failure) 7M->5M(11M) 2.472ms
[0.240s][info][gc,cpu         ] GC(8) User=0.00s Sys=0.00s Real=0.00s
[0.245s][info][gc,start       ] GC(9) Pause Young (Allocation Failure)
[0.249s][info][gc,heap        ] GC(9) PSYoungGen: 5632K(5632K)->3040K(6656K) Eden: 3584K(3584K)->0K(3584K) From: 2048K(2048K)->3040K(3072K)
[0.249s][info][gc,heap        ] GC(9) ParOldGen: 3663K(6144K)->4663K(6144K)
[0.249s][info][gc,metaspace   ] GC(9) Metaspace: 6296K(6464K)->6296K(6464K) NonClass: 5762K(5824K)->5762K(5824K) Class: 533K(640K)->533K(640K)
[0.249s][info][gc             ] GC(9) Pause Young (Allocation Failure) 9M->7M(12M) 3.960ms
[0.249s][info][gc,cpu         ] GC(9) User=0.00s Sys=0.00s Real=0.00s
[0.253s][info][gc,start       ] GC(10) Pause Young (Allocation Failure)
[0.257s][info][gc,heap        ] GC(10) PSYoungGen: 6624K(6656K)->4064K(8704K) Eden: 3584K(3584K)->0K(4608K) From: 3040K(3072K)->4064K(4096K)
[0.257s][info][gc,heap        ] GC(10) ParOldGen: 4663K(6144K)->5511K(6144K)
[0.257s][info][gc,metaspace   ] GC(10) Metaspace: 6296K(6464K)->6296K(6464K) NonClass: 5762K(5824K)->5762K(5824K) Class: 533K(640K)->533K(640K)
[0.257s][info][gc             ] GC(10) Pause Young (Allocation Failure) 11M->9M(14M) 3.890ms
[0.257s][info][gc,cpu         ] GC(10) User=0.00s Sys=0.00s Real=0.00s
[0.257s][info][gc,start       ] GC(11) Pause Full (Ergonomics)
[0.257s][info][gc,phases,start] GC(11) Marking Phase
[0.261s][info][gc,phases      ] GC(11) Marking Phase 4.567ms
[0.262s][info][gc,phases,start] GC(11) Summary Phase
[0.262s][info][gc,phases      ] GC(11) Summary Phase 0.019ms
[0.262s][info][gc,phases,start] GC(11) Adjust Roots
[0.262s][info][gc,phases      ] GC(11) Adjust Roots 0.195ms
[0.262s][info][gc,phases,start] GC(11) Compaction Phase
[0.267s][info][gc,phases      ] GC(11) Compaction Phase 5.219ms
[0.267s][info][gc,phases,start] GC(11) Post Compact
[0.267s][info][gc,phases      ] GC(11) Post Compact 0.048ms
[0.267s][info][gc,heap        ] GC(11) PSYoungGen: 4064K(8704K)->3534K(8704K) Eden: 0K(4608K)->0K(4608K) From: 4064K(4096K)->3534K(4096K)
[0.267s][info][gc,heap        ] GC(11) ParOldGen: 5511K(6144K)->5842K(10240K)
[0.267s][info][gc,metaspace   ] GC(11) Metaspace: 6296K(6464K)->6296K(6464K) NonClass: 5762K(5824K)->5762K(5824K) Class: 533K(640K)->533K(640K)
[0.267s][info][gc             ] GC(11) Pause Full (Ergonomics) 9M->9M(18M) 10.353ms
[0.267s][info][gc,cpu         ] GC(11) User=0.00s Sys=0.00s Real=0.01s
[0.272s][info][gc,start       ] GC(12) Pause Young (Allocation Failure)
[0.277s][info][gc,heap        ] GC(12) PSYoungGen: 8003K(8704K)->4096K(9728K) Eden: 4468K(4608K)->0K(4608K) From: 3534K(4096K)->4096K(5120K)
[0.277s][info][gc,heap        ] GC(12) ParOldGen: 5842K(10240K)->7650K(10240K)
[0.277s][info][gc,metaspace   ] GC(12) Metaspace: 6296K(6464K)->6296K(6464K) NonClass: 5762K(5824K)->5762K(5824K) Class: 533K(640K)->533K(640K)
[0.277s][info][gc             ] GC(12) Pause Young (Allocation Failure) 13M->11M(19M) 5.069ms
[0.277s][info][gc,cpu         ] GC(12) User=0.00s Sys=0.00s Real=0.01s
[0.284s][info][gc,start       ] GC(13) Pause Young (Allocation Failure)
[0.289s][info][gc,heap        ] GC(13) PSYoungGen: 8704K(9728K)->2656K(12288K) Eden: 4608K(4608K)->0K(6656K) From: 4096K(5120K)->2656K(5632K)
[0.289s][info][gc,heap        ] GC(13) ParOldGen: 7650K(10240K)->11786K(12288K)
[0.289s][info][gc,metaspace   ] GC(13) Metaspace: 6296K(6464K)->6296K(6464K) NonClass: 5762K(5824K)->5762K(5824K) Class: 533K(640K)->533K(640K)
[0.289s][info][gc             ] GC(13) Pause Young (Allocation Failure) 15M->14M(24M) 5.908ms
[0.289s][info][gc,cpu         ] GC(13) User=0.00s Sys=0.00s Real=0.00s
[0.289s][info][gc,start       ] GC(14) Pause Full (Ergonomics)
[0.290s][info][gc,phases,start] GC(14) Marking Phase
[0.295s][info][gc,phases      ] GC(14) Marking Phase 5.974ms
[0.296s][info][gc,phases,start] GC(14) Summary Phase
[0.296s][info][gc,phases      ] GC(14) Summary Phase 0.018ms
[0.296s][info][gc,phases,start] GC(14) Adjust Roots
[0.296s][info][gc,phases      ] GC(14) Adjust Roots 0.183ms
[0.296s][info][gc,phases,start] GC(14) Compaction Phase
[0.302s][info][gc,phases      ] GC(14) Compaction Phase 6.246ms
[0.302s][info][gc,phases,start] GC(14) Post Compact
[0.302s][info][gc,phases      ] GC(14) Post Compact 0.089ms
[0.302s][info][gc,heap        ] GC(14) PSYoungGen: 2656K(12288K)->2045K(12288K) Eden: 0K(6656K)->0K(6656K) From: 2656K(5632K)->2045K(5632K)
[0.302s][info][gc,heap        ] GC(14) ParOldGen: 11786K(12288K)->11991K(18944K)
[0.302s][info][gc,metaspace   ] GC(14) Metaspace: 6296K(6464K)->6296K(6464K) NonClass: 5762K(5824K)->5762K(5824K) Class: 533K(640K)->533K(640K)
[0.302s][info][gc             ] GC(14) Pause Full (Ergonomics) 14M->13M(30M) 12.829ms
[0.302s][info][gc,cpu         ] GC(14) User=0.00s Sys=0.00s Real=0.01s
[0.308s][info][gc,start       ] GC(15) Pause Young (Allocation Failure)
[0.312s][info][gc,heap        ] GC(15) PSYoungGen: 8701K(12288K)->3424K(12288K) Eden: 6656K(6656K)->0K(6656K) From: 2045K(5632K)->3424K(5632K)
[0.313s][info][gc,heap        ] GC(15) ParOldGen: 11991K(18944K)->14079K(18944K)
[0.313s][info][gc,metaspace   ] GC(15) Metaspace: 6298K(6464K)->6298K(6464K) NonClass: 5764K(5824K)->5764K(5824K) Class: 533K(640K)->533K(640K)
[0.313s][info][gc             ] GC(15) Pause Young (Allocation Failure) 20M->17M(30M) 4.937ms
[0.313s][info][gc,cpu         ] GC(15) User=0.00s Sys=0.00s Real=0.01s
[0.317s][info][gc,start       ] GC(16) Pause Young (Allocation Failure)
[0.323s][info][gc,heap        ] GC(16) PSYoungGen: 10080K(12288K)->3456K(14848K) Eden: 6656K(6656K)->0K(9216K) From: 3424K(5632K)->3456K(5632K)
[0.323s][info][gc,heap        ] GC(16) ParOldGen: 14079K(18944K)->17543K(18944K)
[0.323s][info][gc,metaspace   ] GC(16) Metaspace: 6298K(6464K)->6298K(6464K) NonClass: 5764K(5824K)->5764K(5824K) Class: 533K(640K)->533K(640K)
[0.323s][info][gc             ] GC(16) Pause Young (Allocation Failure) 23M->20M(33M) 5.967ms
[0.323s][info][gc,cpu         ] GC(16) User=0.02s Sys=0.00s Real=0.01s
[0.323s][info][gc,start       ] GC(17) Pause Full (Ergonomics)
[0.323s][info][gc,phases,start] GC(17) Marking Phase
[0.332s][info][gc,phases      ] GC(17) Marking Phase 8.960ms
[0.333s][info][gc,phases,start] GC(17) Summary Phase
[0.333s][info][gc,phases      ] GC(17) Summary Phase 0.017ms
[0.333s][info][gc,phases,start] GC(17) Adjust Roots
[0.333s][info][gc,phases      ] GC(17) Adjust Roots 0.220ms
[0.333s][info][gc,phases,start] GC(17) Compaction Phase
[0.339s][info][gc,phases      ] GC(17) Compaction Phase 6.125ms
[0.339s][info][gc,phases,start] GC(17) Post Compact
[0.339s][info][gc,phases      ] GC(17) Post Compact 0.133ms
[0.339s][info][gc,heap        ] GC(17) PSYoungGen: 3456K(14848K)->2412K(14848K) Eden: 0K(9216K)->0K(9216K) From: 3456K(5632K)->2412K(5632K)
[0.339s][info][gc,heap        ] GC(17) ParOldGen: 17543K(18944K)->18460K(27648K)
[0.339s][info][gc,metaspace   ] GC(17) Metaspace: 6298K(6464K)->6298K(6464K) NonClass: 5764K(5824K)->5764K(5824K) Class: 533K(640K)->533K(640K)
[0.339s][info][gc             ] GC(17) Pause Full (Ergonomics) 20M->20M(41M) 15.782ms
[0.339s][info][gc,cpu         ] GC(17) User=0.00s Sys=0.00s Real=0.02s
[0.348s][info][gc,start       ] GC(18) Pause Young (Allocation Failure)
[0.355s][info][gc,heap        ] GC(18) PSYoungGen: 11628K(14848K)->5280K(14848K) Eden: 9216K(9216K)->0K(9216K) From: 2412K(5632K)->5280K(5632K)
[0.355s][info][gc,heap        ] GC(18) ParOldGen: 18460K(27648K)->20916K(27648K)
[0.355s][info][gc,metaspace   ] GC(18) Metaspace: 6298K(6464K)->6298K(6464K) NonClass: 5764K(5824K)->5764K(5824K) Class: 533K(640K)->533K(640K)
[0.355s][info][gc             ] GC(18) Pause Young (Allocation Failure) 29M->25M(41M) 6.622ms
[0.355s][info][gc,cpu         ] GC(18) User=0.02s Sys=0.00s Real=0.01s
[0.361s][info][gc,start       ] GC(19) Pause Young (Allocation Failure)
[0.369s][info][gc,heap        ] GC(19) PSYoungGen: 14496K(14848K)->4800K(18944K) Eden: 9216K(9216K)->0K(12288K) From: 5280K(5632K)->4800K(6656K)
[0.369s][info][gc,heap        ] GC(19) ParOldGen: 20916K(27648K)->26252K(27648K)
[0.369s][info][gc,metaspace   ] GC(19) Metaspace: 6298K(6464K)->6298K(6464K) NonClass: 5764K(5824K)->5764K(5824K) Class: 533K(640K)->533K(640K)
[0.369s][info][gc             ] GC(19) Pause Young (Allocation Failure) 34M->30M(45M) 7.940ms
[0.369s][info][gc,cpu         ] GC(19) User=0.00s Sys=0.00s Real=0.01s
[0.369s][info][gc,start       ] GC(20) Pause Full (Ergonomics)
[0.369s][info][gc,phases,start] GC(20) Marking Phase
[0.382s][info][gc,phases      ] GC(20) Marking Phase 12.863ms
[0.382s][info][gc,phases,start] GC(20) Summary Phase
[0.382s][info][gc,phases      ] GC(20) Summary Phase 0.019ms
[0.382s][info][gc,phases,start] GC(20) Adjust Roots
[0.383s][info][gc,phases      ] GC(20) Adjust Roots 0.197ms
[0.383s][info][gc,phases,start] GC(20) Compaction Phase
[0.394s][info][gc,phases      ] GC(20) Compaction Phase 11.513ms
[0.394s][info][gc,phases,start] GC(20) Post Compact
[0.394s][info][gc,phases      ] GC(20) Post Compact 0.133ms
[0.394s][info][gc,heap        ] GC(20) PSYoungGen: 4800K(18944K)->3228K(18944K) Eden: 0K(12288K)->0K(12288K) From: 4800K(6656K)->3228K(6656K)
[0.395s][info][gc,heap        ] GC(20) ParOldGen: 26252K(27648K)->27151K(38400K)
[0.395s][info][gc,metaspace   ] GC(20) Metaspace: 6298K(6464K)->6298K(6464K) NonClass: 5764K(5824K)->5764K(5824K) Class: 533K(640K)->533K(640K)
[0.395s][info][gc             ] GC(20) Pause Full (Ergonomics) 30M->29M(56M) 25.163ms
[0.395s][info][gc,cpu         ] GC(20) User=0.00s Sys=0.00s Real=0.03s
[0.407s][info][gc,start       ] GC(21) Pause Young (Allocation Failure)
[0.419s][info][gc,heap        ] GC(21) PSYoungGen: 15516K(18944K)->6656K(18944K) Eden: 12288K(12288K)->0K(12288K) From: 3228K(6656K)->6656K(6656K)
[0.419s][info][gc,heap        ] GC(21) ParOldGen: 27151K(38400K)->35263K(38400K)
[0.419s][info][gc,metaspace   ] GC(21) Metaspace: 6298K(6464K)->6298K(6464K) NonClass: 5764K(5824K)->5764K(5824K) Class: 533K(640K)->533K(640K)
[0.419s][info][gc             ] GC(21) Pause Young (Allocation Failure) 41M->40M(56M) 12.366ms
[0.419s][info][gc,cpu         ] GC(21) User=0.00s Sys=0.00s Real=0.01s
[0.419s][info][gc,start       ] GC(22) Pause Full (Ergonomics)
[0.419s][info][gc,phases,start] GC(22) Marking Phase
[0.436s][info][gc,phases      ] GC(22) Marking Phase 17.051ms
[0.436s][info][gc,phases,start] GC(22) Summary Phase
[0.436s][info][gc,phases      ] GC(22) Summary Phase 0.019ms
[0.436s][info][gc,phases,start] GC(22) Adjust Roots
[0.437s][info][gc,phases      ] GC(22) Adjust Roots 0.174ms
[0.437s][info][gc,phases,start] GC(22) Compaction Phase
[0.448s][info][gc,phases      ] GC(22) Compaction Phase 10.971ms
[0.448s][info][gc,phases,start] GC(22) Post Compact
[0.448s][info][gc,phases      ] GC(22) Post Compact 0.221ms
[0.448s][info][gc,heap        ] GC(22) PSYoungGen: 6656K(18944K)->3576K(18944K) Eden: 0K(12288K)->0K(12288K) From: 6656K(6656K)->3576K(6656K)
[0.448s][info][gc,heap        ] GC(22) ParOldGen: 35263K(38400K)->38202K(53248K)
[0.448s][info][gc,metaspace   ] GC(22) Metaspace: 6298K(6464K)->6298K(6464K) NonClass: 5764K(5824K)->5764K(5824K) Class: 533K(640K)->533K(640K)
[0.448s][info][gc             ] GC(22) Pause Full (Ergonomics) 40M->40M(70M) 28.848ms
[0.448s][info][gc,cpu         ] GC(22) User=0.03s Sys=0.00s Real=0.03s
[0.464s][info][gc,start       ] GC(23) Pause Young (Allocation Failure)
[0.478s][info][gc,heap        ] GC(23) PSYoungGen: 15864K(18944K)->10720K(21504K) Eden: 12288K(12288K)->0K(10752K) From: 3576K(6656K)->10720K(10752K)
[0.478s][info][gc,heap        ] GC(23) ParOldGen: 38202K(53248K)->43426K(53248K)
[0.478s][info][gc,metaspace   ] GC(23) Metaspace: 6298K(6464K)->6298K(6464K) NonClass: 5764K(5824K)->5764K(5824K) Class: 533K(640K)->533K(640K)
[0.478s][info][gc             ] GC(23) Pause Young (Allocation Failure) 52M->52M(73M) 14.086ms
[0.478s][info][gc,cpu         ] GC(23) User=0.00s Sys=0.00s Real=0.01s
[0.490s][info][gc,start       ] GC(24) Pause Young (Allocation Failure)
[0.503s][info][gc,heap        ] GC(24) PSYoungGen: 21472K(21504K)->10784K(25600K) Eden: 10752K(10752K)->0K(10752K) From: 10720K(10752K)->10784K(14848K)
[0.503s][info][gc,heap        ] GC(24) ParOldGen: 43426K(53248K)->54274K(54784K)
[0.503s][info][gc,metaspace   ] GC(24) Metaspace: 6298K(6464K)->6298K(6464K) NonClass: 5764K(5824K)->5764K(5824K) Class: 533K(640K)->533K(640K)
[0.503s][info][gc             ] GC(24) Pause Young (Allocation Failure) 63M->63M(78M) 13.848ms
[0.503s][info][gc,cpu         ] GC(24) User=0.00s Sys=0.00s Real=0.01s
[0.503s][info][gc,start       ] GC(25) Pause Full (Ergonomics)
[0.504s][info][gc,phases,start] GC(25) Marking Phase
[0.530s][info][gc,phases      ] GC(25) Marking Phase 26.542ms
[0.530s][info][gc,phases,start] GC(25) Summary Phase
[0.530s][info][gc,phases      ] GC(25) Summary Phase 0.015ms
[0.530s][info][gc,phases,start] GC(25) Adjust Roots
[0.530s][info][gc,phases      ] GC(25) Adjust Roots 0.163ms
[0.530s][info][gc,phases,start] GC(25) Compaction Phase
[0.550s][info][gc,phases      ] GC(25) Compaction Phase 19.807ms
[0.550s][info][gc,phases,start] GC(25) Post Compact
[0.550s][info][gc,phases      ] GC(25) Post Compact 0.297ms
[0.551s][info][gc,heap        ] GC(25) PSYoungGen: 10784K(25600K)->9185K(25600K) Eden: 0K(10752K)->0K(10752K) From: 10784K(14848K)->9185K(14848K)
[0.551s][info][gc,heap        ] GC(25) ParOldGen: 54274K(54784K)->54550K(74240K)
[0.551s][info][gc,metaspace   ] GC(25) Metaspace: 6298K(6464K)->6298K(6464K) NonClass: 5764K(5824K)->5764K(5824K) Class: 533K(640K)->533K(640K)
[0.551s][info][gc             ] GC(25) Pause Full (Ergonomics) 63M->62M(97M) 47.174ms
[0.551s][info][gc,cpu         ] GC(25) User=0.03s Sys=0.00s Real=0.05s
[0.561s][info][gc,start       ] GC(26) Pause Young (Allocation Failure)
[0.578s][info][gc,heap        ] GC(26) PSYoungGen: 19937K(25600K)->10784K(28672K) Eden: 10752K(10752K)->0K(12800K) From: 9185K(14848K)->10784K(15872K)
[0.578s][info][gc,heap        ] GC(26) ParOldGen: 54550K(74240K)->63894K(74240K)
[0.578s][info][gc,metaspace   ] GC(26) Metaspace: 6298K(6464K)->6298K(6464K) NonClass: 5764K(5824K)->5764K(5824K) Class: 533K(640K)->533K(640K)
[0.578s][info][gc             ] GC(26) Pause Young (Allocation Failure) 72M->72M(100M) 17.749ms
[0.578s][info][gc,cpu         ] GC(26) User=0.03s Sys=0.00s Real=0.02s
[0.578s][info][gc,start       ] GC(27) Pause Full (Ergonomics)
[0.578s][info][gc,phases,start] GC(27) Marking Phase
[0.606s][info][gc,phases      ] GC(27) Marking Phase 27.998ms
[0.607s][info][gc,phases,start] GC(27) Summary Phase
[0.607s][info][gc,phases      ] GC(27) Summary Phase 0.020ms
[0.607s][info][gc,phases,start] GC(27) Adjust Roots
[0.607s][info][gc,phases      ] GC(27) Adjust Roots 0.156ms
[0.607s][info][gc,phases,start] GC(27) Compaction Phase
[0.625s][info][gc,phases      ] GC(27) Compaction Phase 18.323ms
[0.625s][info][gc,phases,start] GC(27) Post Compact
[0.625s][info][gc,phases      ] GC(27) Post Compact 0.322ms
[0.626s][info][gc,heap        ] GC(27) PSYoungGen: 10784K(28672K)->502K(28672K) Eden: 0K(12800K)->0K(12800K) From: 10784K(15872K)->502K(15872K)
[0.626s][info][gc,heap        ] GC(27) ParOldGen: 63894K(74240K)->73956K(96768K)
[0.626s][info][gc,metaspace   ] GC(27) Metaspace: 6298K(6464K)->6298K(6464K) NonClass: 5764K(5824K)->5764K(5824K) Class: 533K(640K)->533K(640K)
[0.626s][info][gc             ] GC(27) Pause Full (Ergonomics) 72M->72M(122M) 47.230ms
[0.626s][info][gc,cpu         ] GC(27) User=0.08s Sys=0.00s Real=0.05s
[0.639s][info][gc,start       ] GC(28) Pause Young (Allocation Failure)
[0.655s][info][gc,heap        ] GC(28) PSYoungGen: 13302K(28672K)->13344K(29184K) Eden: 12800K(12800K)->0K(12800K) From: 502K(15872K)->13344K(16384K)
[0.655s][info][gc,heap        ] GC(28) ParOldGen: 73956K(96768K)->73956K(96768K)
[0.655s][info][gc,metaspace   ] GC(28) Metaspace: 6298K(6464K)->6298K(6464K) NonClass: 5764K(5824K)->5764K(5824K) Class: 533K(640K)->533K(640K)
[0.655s][info][gc             ] GC(28) Pause Young (Allocation Failure) 85M->85M(123M) 16.054ms
[0.655s][info][gc,cpu         ] GC(28) User=0.02s Sys=0.00s Real=0.02s
[0.675s][info][gc,start       ] GC(29) Pause Young (Allocation Failure)
[0.696s][info][gc,heap        ] GC(29) PSYoungGen: 26144K(29184K)->18400K(27648K) Eden: 12800K(12800K)->0K(9216K) From: 13344K(16384K)->18400K(18432K)
[0.696s][info][gc,heap        ] GC(29) ParOldGen: 73956K(96768K)->81756K(96768K)
[0.696s][info][gc,metaspace   ] GC(29) Metaspace: 6298K(6464K)->6298K(6464K) NonClass: 5764K(5824K)->5764K(5824K) Class: 533K(640K)->533K(640K)
[0.696s][info][gc             ] GC(29) Pause Young (Allocation Failure) 97M->97M(121M) 20.863ms
[0.696s][info][gc,cpu         ] GC(29) User=0.03s Sys=0.00s Real=0.02s
[0.705s][info][gc,start       ] GC(30) Pause Young (Allocation Failure)
[0.720s][info][gc,heap        ] GC(30) PSYoungGen: 27616K(27648K)->17792K(33280K) Eden: 9216K(9216K)->0K(9216K) From: 18400K(18432K)->17792K(24064K)
[0.720s][info][gc,heap        ] GC(30) ParOldGen: 81756K(96768K)->91748K(96768K)
[0.720s][info][gc,metaspace   ] GC(30) Metaspace: 6298K(6464K)->6298K(6464K) NonClass: 5764K(5824K)->5764K(5824K) Class: 533K(640K)->533K(640K)
[0.720s][info][gc             ] GC(30) Pause Young (Allocation Failure) 106M->106M(127M) 15.605ms
[0.720s][info][gc,cpu         ] GC(30) User=0.00s Sys=0.00s Real=0.01s
[0.720s][info][gc,start       ] GC(31) Pause Full (Ergonomics)
[0.720s][info][gc,phases,start] GC(31) Marking Phase
[0.752s][info][gc,phases      ] GC(31) Marking Phase 31.450ms
[0.752s][info][gc,phases,start] GC(31) Summary Phase
[0.752s][info][gc,phases      ] GC(31) Summary Phase 0.016ms
[0.752s][info][gc,phases,start] GC(31) Adjust Roots
[0.752s][info][gc,phases      ] GC(31) Adjust Roots 0.139ms
[0.752s][info][gc,phases,start] GC(31) Compaction Phase
[0.778s][info][gc,phases      ] GC(31) Compaction Phase 25.867ms
[0.778s][info][gc,phases,start] GC(31) Post Compact
[0.778s][info][gc,phases      ] GC(31) Post Compact 0.390ms
[0.779s][info][gc,heap        ] GC(31) PSYoungGen: 17792K(33280K)->10565K(33280K) Eden: 0K(9216K)->0K(9216K) From: 17792K(24064K)->10565K(24064K)
[0.779s][info][gc,heap        ] GC(31) ParOldGen: 91748K(96768K)->96571K(122880K)
[0.779s][info][gc,metaspace   ] GC(31) Metaspace: 6298K(6464K)->6298K(6464K) NonClass: 5764K(5824K)->5764K(5824K) Class: 533K(640K)->533K(640K)
[0.779s][info][gc             ] GC(31) Pause Full (Ergonomics) 106M->104M(152M) 58.221ms
[0.779s][info][gc,cpu         ] GC(31) User=0.11s Sys=0.00s Real=0.06s
[0.788s][info][gc,start       ] GC(32) Pause Young (Allocation Failure)
[0.805s][info][gc,heap        ] GC(32) PSYoungGen: 19781K(33280K)->16192K(36864K) Eden: 9216K(9216K)->0K(10752K) From: 10565K(24064K)->16192K(26112K)
[0.805s][info][gc,heap        ] GC(32) ParOldGen: 96571K(122880K)->100307K(122880K)
[0.805s][info][gc,metaspace   ] GC(32) Metaspace: 6298K(6464K)->6298K(6464K) NonClass: 5764K(5824K)->5764K(5824K) Class: 533K(640K)->533K(640K)
[0.805s][info][gc             ] GC(32) Pause Young (Allocation Failure) 113M->113M(156M) 16.743ms
[0.805s][info][gc,cpu         ] GC(32) User=0.02s Sys=0.02s Real=0.02s
[0.816s][info][gc,start       ] GC(33) Pause Young (Allocation Failure)
[0.829s][info][gc,heap        ] GC(33) PSYoungGen: 26944K(36864K)->26624K(37376K) Eden: 10752K(10752K)->0K(10752K) From: 16192K(26112K)->26624K(26624K)
[0.830s][info][gc,heap        ] GC(33) ParOldGen: 100307K(122880K)->100555K(122880K)
[0.830s][info][gc,metaspace   ] GC(33) Metaspace: 6298K(6464K)->6298K(6464K) NonClass: 5764K(5824K)->5764K(5824K) Class: 533K(640K)->533K(640K)
[0.830s][info][gc             ] GC(33) Pause Young (Allocation Failure) 124M->124M(156M) 13.707ms
[0.830s][info][gc,cpu         ] GC(33) User=0.02s Sys=0.00s Real=0.01s
[0.840s][info][gc,start       ] GC(34) Pause Young (Allocation Failure)
[0.861s][info][gc,heap        ] GC(34) PSYoungGen: 37376K(37376K)->21472K(43008K) Eden: 10752K(10752K)->0K(11776K) From: 26624K(26624K)->21472K(31232K)
[0.861s][info][gc,heap        ] GC(34) ParOldGen: 100555K(122880K)->116739K(122880K)
[0.861s][info][gc,metaspace   ] GC(34) Metaspace: 6298K(6464K)->6298K(6464K) NonClass: 5764K(5824K)->5764K(5824K) Class: 533K(640K)->533K(640K)
[0.861s][info][gc             ] GC(34) Pause Young (Allocation Failure) 134M->134M(162M) 20.366ms
[0.861s][info][gc,cpu         ] GC(34) User=0.05s Sys=0.00s Real=0.02s
[0.861s][info][gc,start       ] GC(35) Pause Full (Ergonomics)
[0.861s][info][gc,phases,start] GC(35) Marking Phase
[0.901s][info][gc,phases      ] GC(35) Marking Phase 40.425ms
[0.901s][info][gc,phases,start] GC(35) Summary Phase
[0.901s][info][gc,phases      ] GC(35) Summary Phase 0.015ms
[0.901s][info][gc,phases,start] GC(35) Adjust Roots
[0.901s][info][gc,phases      ] GC(35) Adjust Roots 0.147ms
[0.901s][info][gc,phases,start] GC(35) Compaction Phase
[0.925s][info][gc,phases      ] GC(35) Compaction Phase 23.207ms
[0.925s][info][gc,phases,start] GC(35) Post Compact
[0.925s][info][gc,phases      ] GC(35) Post Compact 0.678ms
[0.926s][info][gc,heap        ] GC(35) PSYoungGen: 21472K(43008K)->15235K(43008K) Eden: 0K(11776K)->0K(11776K) From: 21472K(31232K)->15235K(31232K)
[0.926s][info][gc,heap        ] GC(35) ParOldGen: 116739K(122880K)->122528K(153088K)
[0.926s][info][gc,metaspace   ] GC(35) Metaspace: 6298K(6464K)->6298K(6464K) NonClass: 5764K(5824K)->5764K(5824K) Class: 533K(640K)->533K(640K)
[0.926s][info][gc             ] GC(35) Pause Full (Ergonomics) 134M->134M(191M) 65.060ms
[0.926s][info][gc,cpu         ] GC(35) User=0.11s Sys=0.00s Real=0.07s
[0.938s][info][gc,start       ] GC(36) Pause Young (Allocation Failure)
[0.959s][info][gc,heap        ] GC(36) PSYoungGen: 27011K(43008K)->19264K(44544K) Eden: 11776K(11776K)->0K(11776K) From: 15235K(31232K)->19264K(32768K)
[0.959s][info][gc,heap        ] GC(36) ParOldGen: 122528K(153088K)->130472K(153088K)
[0.959s][info][gc,metaspace   ] GC(36) Metaspace: 6298K(6464K)->6298K(6464K) NonClass: 5764K(5824K)->5764K(5824K) Class: 533K(640K)->533K(640K)
[0.959s][info][gc             ] GC(36) Pause Young (Allocation Failure) 146M->146M(193M) 20.766ms
[0.959s][info][gc,cpu         ] GC(36) User=0.05s Sys=0.00s Real=0.02s
[0.971s][info][gc,start       ] GC(37) Pause Young (Allocation Failure)
[0.988s][info][gc,heap        ] GC(37) PSYoungGen: 31040K(44544K)->23584K(45568K) Eden: 11776K(11776K)->0K(12288K) From: 19264K(32768K)->23584K(33280K)
[0.988s][info][gc,heap        ] GC(37) ParOldGen: 130472K(153088K)->138016K(153088K)
[0.988s][info][gc,metaspace   ] GC(37) Metaspace: 6298K(6464K)->6298K(6464K) NonClass: 5764K(5824K)->5764K(5824K) Class: 533K(640K)->533K(640K)
[0.988s][info][gc             ] GC(37) Pause Young (Allocation Failure) 157M->157M(194M) 16.892ms
[0.988s][info][gc,cpu         ] GC(37) User=0.02s Sys=0.00s Real=0.02s
[0.988s][info][gc,start       ] GC(38) Pause Full (Ergonomics)
[0.988s][info][gc,phases,start] GC(38) Marking Phase
[1.031s][info][gc,phases      ] GC(38) Marking Phase 43.352ms
[1.031s][info][gc,phases,start] GC(38) Summary Phase
[1.031s][info][gc,phases      ] GC(38) Summary Phase 0.019ms
[1.031s][info][gc,phases,start] GC(38) Adjust Roots
[1.031s][info][gc,phases      ] GC(38) Adjust Roots 0.148ms
[1.031s][info][gc,phases,start] GC(38) Compaction Phase
[1.059s][info][gc,phases      ] GC(38) Compaction Phase 27.721ms
[1.059s][info][gc,phases,start] GC(38) Post Compact
[1.060s][info][gc,phases      ] GC(38) Post Compact 0.789ms
[1.060s][info][gc,heap        ] GC(38) PSYoungGen: 23584K(45568K)->8662K(45568K) Eden: 0K(12288K)->0K(12288K) From: 23584K(33280K)->8662K(33280K)
[1.060s][info][gc,heap        ] GC(38) ParOldGen: 138016K(153088K)->152581K(184832K)
[1.060s][info][gc,metaspace   ] GC(38) Metaspace: 6298K(6464K)->6298K(6464K) NonClass: 5764K(5824K)->5764K(5824K) Class: 533K(640K)->533K(640K)
[1.060s][info][gc             ] GC(38) Pause Full (Ergonomics) 157M->157M(225M) 72.483ms
[1.060s][info][gc,cpu         ] GC(38) User=0.19s Sys=0.00s Real=0.07s
[1.073s][info][gc,start       ] GC(39) Pause Young (Allocation Failure)
[1.092s][info][gc,heap        ] GC(39) PSYoungGen: 20950K(45568K)->14816K(47104K) Eden: 12288K(12288K)->0K(12288K) From: 8662K(33280K)->14816K(34816K)
[1.092s][info][gc,heap        ] GC(39) ParOldGen: 152581K(184832K)->158925K(184832K)
[1.092s][info][gc,metaspace   ] GC(39) Metaspace: 6298K(6464K)->6298K(6464K) NonClass: 5764K(5824K)->5764K(5824K) Class: 533K(640K)->533K(640K)
[1.092s][info][gc             ] GC(39) Pause Young (Allocation Failure) 169M->169M(226M) 19.192ms
[1.092s][info][gc,cpu         ] GC(39) User=0.05s Sys=0.00s Real=0.02s
[1.125s][info][gc,start       ] GC(40) Pause Young (Allocation Failure)
[1.143s][info][gc,heap        ] GC(40) PSYoungGen: 27104K(47104K)->27104K(44032K) Eden: 12288K(12288K)->0K(11264K) From: 14816K(34816K)->27104K(32768K)
[1.144s][info][gc,heap        ] GC(40) ParOldGen: 158925K(184832K)->158925K(184832K)
[1.144s][info][gc,metaspace   ] GC(40) Metaspace: 6298K(6464K)->6298K(6464K) NonClass: 5764K(5824K)->5764K(5824K) Class: 533K(640K)->533K(640K)
[1.144s][info][gc             ] GC(40) Pause Young (Allocation Failure) 181M->181M(223M) 18.289ms
[1.144s][info][gc,cpu         ] GC(40) User=0.02s Sys=0.00s Real=0.02s
[1.155s][info][gc,start       ] GC(41) Pause Young (Allocation Failure)
[1.173s][info][gc,heap        ] GC(41) PSYoungGen: 38368K(44032K)->35808K(47104K) Eden: 11264K(11264K)->0K(11264K) From: 27104K(32768K)->35808K(35840K)
[1.173s][info][gc,heap        ] GC(41) ParOldGen: 158925K(184832K)->161429K(184832K)
[1.173s][info][gc,metaspace   ] GC(41) Metaspace: 6298K(6464K)->6298K(6464K) NonClass: 5764K(5824K)->5764K(5824K) Class: 533K(640K)->533K(640K)
[1.173s][info][gc             ] GC(41) Pause Young (Allocation Failure) 192M->192M(226M) 18.274ms
[1.173s][info][gc,cpu         ] GC(41) User=0.02s Sys=0.00s Real=0.02s
[1.184s][info][gc,start       ] GC(42) Pause Young (Allocation Failure)
[1.208s][info][gc,heap        ] GC(42) PSYoungGen: 47072K(47104K)->33856K(51712K) Eden: 11264K(11264K)->0K(9728K) From: 35808K(35840K)->33856K(41984K)
[1.208s][info][gc,heap        ] GC(42) ParOldGen: 161429K(184832K)->174901K(184832K)
[1.208s][info][gc,metaspace   ] GC(42) Metaspace: 6298K(6464K)->6298K(6464K) NonClass: 5764K(5824K)->5764K(5824K) Class: 533K(640K)->533K(640K)
[1.208s][info][gc             ] GC(42) Pause Young (Allocation Failure) 203M->203M(231M) 24.077ms
[1.208s][info][gc,cpu         ] GC(42) User=0.00s Sys=0.00s Real=0.02s
[1.208s][info][gc,start       ] GC(43) Pause Full (Ergonomics)
[1.208s][info][gc,phases,start] GC(43) Marking Phase
[1.260s][info][gc,phases      ] GC(43) Marking Phase 51.520ms
[1.260s][info][gc,phases,start] GC(43) Summary Phase
[1.260s][info][gc,phases      ] GC(43) Summary Phase 0.020ms
[1.260s][info][gc,phases,start] GC(43) Adjust Roots
[1.260s][info][gc,phases      ] GC(43) Adjust Roots 0.141ms
[1.260s][info][gc,phases,start] GC(43) Compaction Phase
[1.299s][info][gc,phases      ] GC(43) Compaction Phase 38.519ms
[1.299s][info][gc,phases,start] GC(43) Post Compact
[1.300s][info][gc,phases      ] GC(43) Post Compact 0.905ms
[1.300s][info][gc,heap        ] GC(43) PSYoungGen: 33856K(51712K)->26592K(51712K) Eden: 0K(9728K)->0K(9728K) From: 33856K(41984K)->26592K(41984K)
[1.300s][info][gc,heap        ] GC(43) ParOldGen: 174901K(184832K)->177559K(212480K)
[1.300s][info][gc,metaspace   ] GC(43) Metaspace: 6298K(6464K)->6298K(6464K) NonClass: 5764K(5824K)->5764K(5824K) Class: 533K(640K)->533K(640K)
[1.300s][info][gc             ] GC(43) Pause Full (Ergonomics) 203M->199M(258M) 91.581ms
[1.300s][info][gc,cpu         ] GC(43) User=0.36s Sys=0.00s Real=0.09s
[1.311s][info][gc,start       ] GC(44) Pause Young (Allocation Failure)
[1.339s][info][gc,heap        ] GC(44) PSYoungGen: 36320K(51712K)->25856K(55296K) Eden: 9728K(9728K)->0K(9728K) From: 26592K(41984K)->25856K(45568K)
[1.339s][info][gc,heap        ] GC(44) ParOldGen: 177559K(212480K)->188240K(212480K)
[1.339s][info][gc,metaspace   ] GC(44) Metaspace: 6298K(6464K)->6298K(6464K) NonClass: 5764K(5824K)->5764K(5824K) Class: 533K(640K)->533K(640K)
[1.339s][info][gc             ] GC(44) Pause Young (Allocation Failure) 208M->209M(261M) 27.409ms
[1.339s][info][gc,cpu         ] GC(44) User=0.03s Sys=0.00s Real=0.03s
[1.349s][info][gc,start       ] GC(45) Pause Young (Allocation Failure)
[1.366s][info][gc,heap        ] GC(45) PSYoungGen: 35584K(55296K)->27680K(55808K) Eden: 9728K(9728K)->0K(10752K) From: 25856K(45568K)->27680K(45056K)
[1.366s][info][gc,heap        ] GC(45) ParOldGen: 188240K(212480K)->196272K(212480K)
[1.366s][info][gc,metaspace   ] GC(45) Metaspace: 6298K(6464K)->6298K(6464K) NonClass: 5764K(5824K)->5764K(5824K) Class: 533K(640K)->533K(640K)
[1.366s][info][gc             ] GC(45) Pause Young (Allocation Failure) 218M->218M(262M) 17.481ms
[1.366s][info][gc,cpu         ] GC(45) User=0.08s Sys=0.02s Real=0.02s
[1.366s][info][gc,start       ] GC(46) Pause Full (Ergonomics)
[1.366s][info][gc,phases,start] GC(46) Marking Phase
[1.419s][info][gc,phases      ] GC(46) Marking Phase 52.146ms
[1.419s][info][gc,phases,start] GC(46) Summary Phase
[1.419s][info][gc,phases      ] GC(46) Summary Phase 0.028ms
[1.419s][info][gc,phases,start] GC(46) Adjust Roots
[1.419s][info][gc,phases      ] GC(46) Adjust Roots 0.148ms
[1.419s][info][gc,phases,start] GC(46) Compaction Phase
[1.455s][info][gc,phases      ] GC(46) Compaction Phase 35.759ms
[1.455s][info][gc,phases,start] GC(46) Post Compact
[1.456s][info][gc,phases      ] GC(46) Post Compact 0.944ms
[1.456s][info][gc,heap        ] GC(46) PSYoungGen: 27680K(55808K)->11127K(55808K) Eden: 0K(10752K)->0K(10752K) From: 27680K(45056K)->11127K(45056K)
[1.456s][info][gc,heap        ] GC(46) ParOldGen: 196272K(212480K)->212417K(250368K)
[1.456s][info][gc,metaspace   ] GC(46) Metaspace: 6298K(6464K)->6298K(6464K) NonClass: 5764K(5824K)->5764K(5824K) Class: 533K(640K)->533K(640K)
[1.456s][info][gc             ] GC(46) Pause Full (Ergonomics) 218M->218M(299M) 89.527ms
[1.456s][info][gc,cpu         ] GC(46) User=0.31s Sys=0.00s Real=0.09s
[1.469s][info][gc,start       ] GC(47) Pause Young (Allocation Failure)
[1.490s][info][gc,heap        ] GC(47) PSYoungGen: 21879K(55808K)->17152K(28160K) Eden: 10752K(10752K)->0K(10752K) From: 11127K(45056K)->17152K(17408K)
[1.490s][info][gc,heap        ] GC(47) ParOldGen: 212417K(250368K)->217353K(250368K)
[1.490s][info][gc,metaspace   ] GC(47) Metaspace: 6298K(6464K)->6298K(6464K) NonClass: 5764K(5824K)->5764K(5824K) Class: 533K(640K)->533K(640K)
[1.490s][info][gc             ] GC(47) Pause Young (Allocation Failure) 228M->229M(272M) 20.486ms
[1.490s][info][gc,cpu         ] GC(47) User=0.08s Sys=0.00s Real=0.02s
[1.502s][info][gc,start       ] GC(48) Pause Young (Allocation Failure)
[1.517s][info][gc,heap        ] GC(48) PSYoungGen: 27904K(28160K)->27872K(55296K) Eden: 10752K(10752K)->0K(11776K) From: 17152K(17408K)->27872K(43520K)
[1.517s][info][gc,heap        ] GC(48) ParOldGen: 217353K(250368K)->217353K(250368K)
[1.517s][info][gc,metaspace   ] GC(48) Metaspace: 6298K(6464K)->6298K(6464K) NonClass: 5764K(5824K)->5764K(5824K) Class: 533K(640K)->533K(640K)
[1.517s][info][gc             ] GC(48) Pause Young (Allocation Failure) 239M->239M(298M) 14.804ms
[1.517s][info][gc,cpu         ] GC(48) User=0.02s Sys=0.00s Real=0.02s
[1.530s][info][gc,start       ] GC(49) Pause Young (Allocation Failure)
[1.549s][info][gc,heap        ] GC(49) PSYoungGen: 39648K(55296K)->39648K(55808K) Eden: 11776K(11776K)->0K(11776K) From: 27872K(43520K)->39648K(44032K)
[1.549s][info][gc,heap        ] GC(49) ParOldGen: 217353K(250368K)->217353K(250368K)
[1.549s][info][gc,metaspace   ] GC(49) Metaspace: 6298K(6464K)->6298K(6464K) NonClass: 5764K(5824K)->5764K(5824K) Class: 533K(640K)->533K(640K)
[1.549s][info][gc             ] GC(49) Pause Young (Allocation Failure) 250M->250M(299M) 18.956ms
[1.549s][info][gc,cpu         ] GC(49) User=0.09s Sys=0.00s Real=0.02s
[1.564s][info][gc,start       ] GC(50) Pause Young (Allocation Failure)
[1.589s][info][gc,heap        ] GC(50) PSYoungGen: 51424K(55808K)->48224K(55296K) Eden: 11776K(11776K)->0K(6656K) From: 39648K(44032K)->48224K(48640K)
[1.589s][info][gc,heap        ] GC(50) ParOldGen: 217353K(250368K)->220633K(250368K)
[1.589s][info][gc,metaspace   ] GC(50) Metaspace: 6298K(6464K)->6298K(6464K) NonClass: 5764K(5824K)->5764K(5824K) Class: 533K(640K)->533K(640K)
[1.589s][info][gc             ] GC(50) Pause Young (Allocation Failure) 262M->262M(298M) 25.338ms
[1.589s][info][gc,cpu         ] GC(50) User=0.12s Sys=0.00s Real=0.03s
[1.597s][info][gc,start       ] GC(51) Pause Young (Allocation Failure)
[1.622s][info][gc,heap        ] GC(51) PSYoungGen: 54880K(55296K)->51808K(61952K) Eden: 6656K(6656K)->0K(6656K) From: 48224K(48640K)->51808K(55296K)
[1.622s][info][gc,heap        ] GC(51) ParOldGen: 220633K(250368K)->223777K(250368K)
[1.622s][info][gc,metaspace   ] GC(51) Metaspace: 6298K(6464K)->6298K(6464K) NonClass: 5764K(5824K)->5764K(5824K) Class: 533K(640K)->533K(640K)
[1.622s][info][gc             ] GC(51) Pause Young (Allocation Failure) 269M->269M(305M) 24.823ms
[1.622s][info][gc,cpu         ] GC(51) User=0.12s Sys=0.00s Real=0.03s
[1.629s][info][gc,start       ] GC(52) Pause Young (Allocation Failure)
[1.656s][info][gc,heap        ] GC(52) PSYoungGen: 58464K(61952K)->36960K(70144K) Eden: 6656K(6656K)->0K(8192K) From: 51808K(55296K)->36960K(61952K)
[1.656s][info][gc,heap        ] GC(52) ParOldGen: 223777K(250368K)->245561K(250368K)
[1.656s][info][gc,metaspace   ] GC(52) Metaspace: 6298K(6464K)->6298K(6464K) NonClass: 5764K(5824K)->5764K(5824K) Class: 533K(640K)->533K(640K)
[1.656s][info][gc             ] GC(52) Pause Young (Allocation Failure) 275M->275M(313M) 26.886ms
[1.656s][info][gc,cpu         ] GC(52) User=0.12s Sys=0.00s Real=0.03s
[1.656s][info][gc,start       ] GC(53) Pause Full (Ergonomics)
[1.656s][info][gc,phases,start] GC(53) Marking Phase
[1.727s][info][gc,phases      ] GC(53) Marking Phase 70.085ms
[1.727s][info][gc,phases,start] GC(53) Summary Phase
[1.727s][info][gc,phases      ] GC(53) Summary Phase 0.021ms
[1.727s][info][gc,phases,start] GC(53) Adjust Roots
[1.727s][info][gc,phases      ] GC(53) Adjust Roots 0.148ms
[1.727s][info][gc,phases,start] GC(53) Compaction Phase
[1.761s][info][gc,phases      ] GC(53) Compaction Phase 34.437ms
[1.761s][info][gc,phases,start] GC(53) Post Compact
[1.763s][info][gc,phases      ] GC(53) Post Compact 1.312ms
[1.763s][info][gc,heap        ] GC(53) PSYoungGen: 36960K(70144K)->31636K(70144K) Eden: 0K(8192K)->0K(8192K) From: 36960K(61952K)->31636K(61952K)
[1.763s][info][gc,heap        ] GC(53) ParOldGen: 245561K(250368K)->250093K(292352K)
[1.763s][info][gc,metaspace   ] GC(53) Metaspace: 6298K(6464K)->6298K(6464K) NonClass: 5764K(5824K)->5764K(5824K) Class: 533K(640K)->533K(640K)
[1.763s][info][gc             ] GC(53) Pause Full (Ergonomics) 275M->275M(354M) 106.494ms
[1.763s][info][gc,cpu         ] GC(53) User=0.55s Sys=0.00s Real=0.11s
[1.772s][info][gc,start       ] GC(54) Pause Young (Allocation Failure)
[1.800s][info][gc,heap        ] GC(54) PSYoungGen: 39828K(70144K)->19840K(70144K) Eden: 8192K(8192K)->0K(8192K) From: 31636K(61952K)->19840K(61952K)
[1.800s][info][gc,heap        ] GC(54) ParOldGen: 250093K(292352K)->270533K(292352K)
[1.800s][info][gc,metaspace   ] GC(54) Metaspace: 6298K(6464K)->6298K(6464K) NonClass: 5764K(5824K)->5764K(5824K) Class: 533K(640K)->533K(640K)
[1.800s][info][gc             ] GC(54) Pause Young (Allocation Failure) 283M->283M(354M) 27.387ms
[1.800s][info][gc,cpu         ] GC(54) User=0.14s Sys=0.00s Real=0.03s
[1.800s][info][gc,start       ] GC(55) Pause Full (Ergonomics)
[1.800s][info][gc,phases,start] GC(55) Marking Phase
[1.865s][info][gc,phases      ] GC(55) Marking Phase 65.285ms
[1.865s][info][gc,phases,start] GC(55) Summary Phase
[1.865s][info][gc,phases      ] GC(55) Summary Phase 0.024ms
[1.865s][info][gc,phases,start] GC(55) Adjust Roots
[1.865s][info][gc,phases      ] GC(55) Adjust Roots 0.185ms
[1.865s][info][gc,phases,start] GC(55) Compaction Phase
[1.893s][info][gc,phases      ] GC(55) Compaction Phase 27.594ms
[1.893s][info][gc,phases,start] GC(55) Post Compact
[1.894s][info][gc,phases      ] GC(55) Post Compact 1.305ms
[1.895s][info][gc,heap        ] GC(55) PSYoungGen: 19840K(70144K)->0K(70144K) Eden: 0K(8192K)->0K(9728K) From: 19840K(61952K)->0K(60416K)
[1.895s][info][gc,heap        ] GC(55) ParOldGen: 270533K(292352K)->289889K(338432K)
[1.895s][info][gc,metaspace   ] GC(55) Metaspace: 6298K(6464K)->6298K(6464K) NonClass: 5764K(5824K)->5764K(5824K) Class: 533K(640K)->533K(640K)
[1.895s][info][gc             ] GC(55) Pause Full (Ergonomics) 283M->283M(399M) 94.925ms
[1.895s][info][gc,cpu         ] GC(55) User=0.62s Sys=0.05s Real=0.10s
[1.905s][info][gc,start       ] GC(56) Pause Young (Allocation Failure)
[1.911s][info][gc,heap        ] GC(56) PSYoungGen: 9728K(70144K)->9792K(70144K) Eden: 9728K(9728K)->0K(9728K) From: 0K(60416K)->9792K(60416K)
[1.911s][info][gc,heap        ] GC(56) ParOldGen: 289889K(338432K)->289889K(338432K)
[1.911s][info][gc,metaspace   ] GC(56) Metaspace: 6298K(6464K)->6298K(6464K) NonClass: 5764K(5824K)->5764K(5824K) Class: 533K(640K)->533K(640K)
[1.912s][info][gc             ] GC(56) Pause Young (Allocation Failure) 292M->292M(399M) 6.286ms
[1.912s][info][gc,cpu         ] GC(56) User=0.00s Sys=0.00s Real=0.01s
[1.922s][info][gc,start       ] GC(57) Pause Young (Allocation Failure)
[1.933s][info][gc,heap        ] GC(57) PSYoungGen: 19520K(70144K)->19584K(66560K) Eden: 9728K(9728K)->0K(11264K) From: 9792K(60416K)->19584K(55296K)
[1.933s][info][gc,heap        ] GC(57) ParOldGen: 289889K(338432K)->289889K(338432K)
[1.933s][info][gc,metaspace   ] GC(57) Metaspace: 6298K(6464K)->6298K(6464K) NonClass: 5764K(5824K)->5764K(5824K) Class: 533K(640K)->533K(640K)
[1.933s][info][gc             ] GC(57) Pause Young (Allocation Failure) 302M->302M(395M) 10.541ms
[1.933s][info][gc,cpu         ] GC(57) User=0.02s Sys=0.00s Real=0.01s
[1.946s][info][gc,start       ] GC(58) Pause Young (Allocation Failure)
[1.961s][info][gc,heap        ] GC(58) PSYoungGen: 30848K(66560K)->30816K(69120K) Eden: 11264K(11264K)->0K(11264K) From: 19584K(55296K)->30816K(57856K)
[1.961s][info][gc,heap        ] GC(58) ParOldGen: 289889K(338432K)->289889K(338432K)
[1.961s][info][gc,metaspace   ] GC(58) Metaspace: 6298K(6464K)->6298K(6464K) NonClass: 5764K(5824K)->5764K(5824K) Class: 533K(640K)->533K(640K)
[1.961s][info][gc             ] GC(58) Pause Young (Allocation Failure) 313M->313M(398M) 15.290ms
[1.961s][info][gc,cpu         ] GC(58) User=0.00s Sys=0.00s Real=0.02s
[1.975s][info][gc,start       ] GC(59) Pause Young (Allocation Failure)
[1.995s][info][gc,heap        ] GC(59) PSYoungGen: 42080K(69120K)->42080K(67072K) Eden: 11264K(11264K)->0K(10240K) From: 30816K(57856K)->42080K(56832K)
[1.995s][info][gc,heap        ] GC(59) ParOldGen: 289889K(338432K)->289889K(338432K)
[1.995s][info][gc,metaspace   ] GC(59) Metaspace: 6298K(6464K)->6298K(6464K) NonClass: 5764K(5824K)->5764K(5824K) Class: 533K(640K)->533K(640K)
[1.995s][info][gc             ] GC(59) Pause Young (Allocation Failure) 324M->324M(396M) 20.151ms
[1.995s][info][gc,cpu         ] GC(59) User=0.25s Sys=0.00s Real=0.02s
[2.007s][info][gc,start       ] GC(60) Pause Young (Allocation Failure)
[2.031s][info][gc,heap        ] GC(60) PSYoungGen: 52320K(67072K)->52320K(69632K) Eden: 10240K(10240K)->0K(10240K) From: 42080K(56832K)->52320K(59392K)
[2.031s][info][gc,heap        ] GC(60) ParOldGen: 289889K(338432K)->289889K(338432K)
[2.031s][info][gc,metaspace   ] GC(60) Metaspace: 6298K(6464K)->6298K(6464K) NonClass: 5764K(5824K)->5764K(5824K) Class: 533K(640K)->533K(640K)
[2.031s][info][gc             ] GC(60) Pause Young (Allocation Failure) 334M->334M(398M) 24.127ms
[2.031s][info][gc,cpu         ] GC(60) User=0.12s Sys=0.00s Real=0.02s
[2.044s][info][gc,start       ] GC(61) Pause Young (Allocation Failure)
[2.073s][info][gc,heap        ] GC(61) PSYoungGen: 62560K(69632K)->52864K(72704K) Eden: 10240K(10240K)->0K(7168K) From: 52320K(59392K)->52864K(65536K)
[2.073s][info][gc,heap        ] GC(61) ParOldGen: 289889K(338432K)->299737K(338432K)
[2.073s][info][gc,metaspace   ] GC(61) Metaspace: 6298K(6464K)->6298K(6464K) NonClass: 5764K(5824K)->5764K(5824K) Class: 533K(640K)->533K(640K)
[2.073s][info][gc             ] GC(61) Pause Young (Allocation Failure) 344M->344M(401M) 29.668ms
[2.073s][info][gc,cpu         ] GC(61) User=0.14s Sys=0.00s Real=0.03s
[2.142s][info][gc,start       ] GC(62) Pause Young (Allocation Failure)
[2.176s][info][gc,heap        ] GC(62) PSYoungGen: 60032K(72704K)->39008K(77312K) Eden: 7168K(7168K)->0K(7168K) From: 52864K(65536K)->39008K(70144K)
[2.176s][info][gc,heap        ] GC(62) ParOldGen: 316121K(338432K)->337353K(338432K)
[2.176s][info][gc,metaspace   ] GC(62) Metaspace: 6298K(6464K)->6298K(6464K) NonClass: 5764K(5824K)->5764K(5824K) Class: 533K(640K)->533K(640K)
[2.176s][info][gc             ] GC(62) Pause Young (Allocation Failure) 367M->367M(406M) 34.083ms
[2.176s][info][gc,cpu         ] GC(62) User=0.25s Sys=0.00s Real=0.03s
[2.176s][info][gc,start       ] GC(63) Pause Full (Ergonomics)
[2.176s][info][gc,phases,start] GC(63) Marking Phase
[2.259s][info][gc,phases      ] GC(63) Marking Phase 82.619ms
[2.259s][info][gc,phases,start] GC(63) Summary Phase
[2.259s][info][gc,phases      ] GC(63) Summary Phase 0.020ms
[2.259s][info][gc,phases,start] GC(63) Adjust Roots
[2.259s][info][gc,phases      ] GC(63) Adjust Roots 0.202ms
[2.259s][info][gc,phases,start] GC(63) Compaction Phase
[2.323s][info][gc,phases      ] GC(63) Compaction Phase 64.053ms
[2.323s][info][gc,phases,start] GC(63) Post Compact
[2.325s][info][gc,phases      ] GC(63) Post Compact 2.007ms
[2.325s][info][gc,heap        ] GC(63) PSYoungGen: 39008K(77312K)->29068K(77312K) Eden: 0K(7168K)->0K(7168K) From: 39008K(70144K)->29068K(70144K)
[2.325s][info][gc,heap        ] GC(63) ParOldGen: 337353K(338432K)->338413K(391168K)
[2.325s][info][gc,metaspace   ] GC(63) Metaspace: 6298K(6464K)->6298K(6464K) NonClass: 5764K(5824K)->5764K(5824K) Class: 533K(640K)->533K(640K)
[2.325s][info][gc             ] GC(63) Pause Full (Ergonomics) 367M->358M(457M) 149.470ms
[2.326s][info][gc,cpu         ] GC(63) User=0.92s Sys=0.00s Real=0.15s
[2.334s][info][gc,start       ] GC(64) Pause Young (Allocation Failure)
[2.363s][info][gc,heap        ] GC(64) PSYoungGen: 36236K(77312K)->28064K(70656K) Eden: 7168K(7168K)->0K(8192K) From: 29068K(70144K)->28064K(62464K)
[2.363s][info][gc,heap        ] GC(64) ParOldGen: 338413K(391168K)->346893K(391168K)
[2.363s][info][gc,metaspace   ] GC(64) Metaspace: 6298K(6464K)->6298K(6464K) NonClass: 5764K(5824K)->5764K(5824K) Class: 533K(640K)->533K(640K)
[2.364s][info][gc             ] GC(64) Pause Young (Allocation Failure) 365M->366M(451M) 29.401ms
[2.364s][info][gc,cpu         ] GC(64) User=0.14s Sys=0.00s Real=0.03s
[2.372s][info][gc,start       ] GC(65) Pause Young (Allocation Failure)
[2.388s][info][gc,heap        ] GC(65) PSYoungGen: 36256K(70656K)->36224K(74240K) Eden: 8192K(8192K)->0K(8192K) From: 28064K(62464K)->36224K(66048K)
[2.388s][info][gc,heap        ] GC(65) ParOldGen: 346893K(391168K)->346893K(391168K)
[2.388s][info][gc,metaspace   ] GC(65) Metaspace: 6298K(6464K)->6298K(6464K) NonClass: 5764K(5824K)->5764K(5824K) Class: 533K(640K)->533K(640K)
[2.388s][info][gc             ] GC(65) Pause Young (Allocation Failure) 374M->374M(454M) 16.686ms
[2.388s][info][gc,cpu         ] GC(65) User=0.12s Sys=0.00s Real=0.02s
[2.397s][info][gc,start       ] GC(66) Pause Young (Allocation Failure)
[2.417s][info][gc,heap        ] GC(66) PSYoungGen: 44416K(74240K)->36864K(70144K) Eden: 8192K(8192K)->0K(9728K) From: 36224K(66048K)->36864K(60416K)
[2.417s][info][gc,heap        ] GC(66) ParOldGen: 346893K(391168K)->354549K(391168K)
[2.417s][info][gc,metaspace   ] GC(66) Metaspace: 6298K(6464K)->6298K(6464K) NonClass: 5764K(5824K)->5764K(5824K) Class: 533K(640K)->533K(640K)
[2.417s][info][gc             ] GC(66) Pause Young (Allocation Failure) 382M->382M(450M) 20.135ms
[2.417s][info][gc,cpu         ] GC(66) User=0.14s Sys=0.00s Real=0.02s
[2.426s][info][gc,start       ] GC(67) Pause Young (Allocation Failure)
[2.448s][info][gc,heap        ] GC(67) PSYoungGen: 46592K(70144K)->33344K(43520K) Eden: 9728K(9728K)->0K(9728K) From: 36864K(60416K)->33344K(33792K)
[2.448s][info][gc,heap        ] GC(67) ParOldGen: 354549K(391168K)->367933K(391168K)
[2.448s][info][gc,metaspace   ] GC(67) Metaspace: 6298K(6464K)->6298K(6464K) NonClass: 5764K(5824K)->5764K(5824K) Class: 533K(640K)->533K(640K)
[2.448s][info][gc             ] GC(67) Pause Young (Allocation Failure) 391M->391M(424M) 21.468ms
[2.448s][info][gc,cpu         ] GC(67) User=0.12s Sys=0.02s Real=0.02s
[2.458s][info][gc,start       ] GC(68) Pause Young (Allocation Failure)
[2.480s][info][gc,heap        ] GC(68) PSYoungGen: 43072K(43520K)->27712K(67072K) Eden: 9728K(9728K)->0K(11264K) From: 33344K(33792K)->27712K(55808K)
[2.480s][info][gc,heap        ] GC(68) ParOldGen: 367933K(391168K)->383477K(391168K)
[2.480s][info][gc,metaspace   ] GC(68) Metaspace: 6298K(6464K)->6298K(6464K) NonClass: 5764K(5824K)->5764K(5824K) Class: 533K(640K)->533K(640K)
[2.480s][info][gc             ] GC(68) Pause Young (Allocation Failure) 401M->401M(447M) 21.448ms
[2.480s][info][gc,cpu         ] GC(68) User=0.14s Sys=0.02s Real=0.02s
[2.480s][info][gc,start       ] GC(69) Pause Full (Ergonomics)
[2.480s][info][gc,phases,start] GC(69) Marking Phase
[2.569s][info][gc,phases      ] GC(69) Marking Phase 88.800ms
[2.569s][info][gc,phases,start] GC(69) Summary Phase
[2.569s][info][gc,phases      ] GC(69) Summary Phase 0.031ms
[2.569s][info][gc,phases,start] GC(69) Adjust Roots
[2.569s][info][gc,phases      ] GC(69) Adjust Roots 0.186ms
[2.569s][info][gc,phases,start] GC(69) Compaction Phase
[2.617s][info][gc,phases      ] GC(69) Compaction Phase 47.455ms
[2.617s][info][gc,phases,start] GC(69) Post Compact
[2.619s][info][gc,phases      ] GC(69) Post Compact 1.917ms
[2.619s][info][gc,heap        ] GC(69) PSYoungGen: 27712K(67072K)->19384K(68608K) Eden: 0K(11264K)->0K(12800K) From: 27712K(55808K)->19384K(55808K)
[2.619s][info][gc,heap        ] GC(69) ParOldGen: 383477K(391168K)->390959K(446464K)
[2.619s][info][gc,metaspace   ] GC(69) Metaspace: 6298K(6464K)->6298K(6464K) NonClass: 5764K(5824K)->5764K(5824K) Class: 533K(640K)->533K(640K)
[2.619s][info][gc             ] GC(69) Pause Full (Ergonomics) 401M->400M(503M) 138.971ms
[2.619s][info][gc,cpu         ] GC(69) User=0.84s Sys=0.02s Real=0.14s
[2.632s][info][gc,start       ] GC(70) Pause Young (Allocation Failure)
[2.663s][info][gc,heap        ] GC(70) PSYoungGen: 32184K(68608K)->19424K(70656K) Eden: 12800K(12800K)->0K(12800K) From: 19384K(55808K)->19424K(57856K)
[2.663s][info][gc,heap        ] GC(70) ParOldGen: 390959K(446464K)->404071K(446464K)
[2.663s][info][gc,metaspace   ] GC(70) Metaspace: 6298K(6464K)->6298K(6464K) NonClass: 5764K(5824K)->5764K(5824K) Class: 533K(640K)->533K(640K)
[2.663s][info][gc             ] GC(70) Pause Young (Allocation Failure) 413M->413M(505M) 31.211ms
[2.663s][info][gc,cpu         ] GC(70) User=0.25s Sys=0.00s Real=0.03s
[2.677s][info][gc,start       ] GC(71) Pause Young (Allocation Failure)
[2.693s][info][gc,heap        ] GC(71) PSYoungGen: 32224K(70656K)->25728K(69632K) Eden: 12800K(12800K)->0K(14848K) From: 19424K(57856K)->25728K(54784K)
[2.693s][info][gc,heap        ] GC(71) ParOldGen: 404071K(446464K)->410671K(446464K)
[2.693s][info][gc,metaspace   ] GC(71) Metaspace: 6298K(6464K)->6298K(6464K) NonClass: 5764K(5824K)->5764K(5824K) Class: 533K(640K)->533K(640K)
[2.693s][info][gc             ] GC(71) Pause Young (Allocation Failure) 426M->426M(504M) 16.348ms
[2.693s][info][gc,cpu         ] GC(71) User=0.03s Sys=0.00s Real=0.02s
[2.708s][info][gc,start       ] GC(72) Pause Young (Allocation Failure)
[2.729s][info][gc,heap        ] GC(72) PSYoungGen: 40576K(69632K)->27776K(71168K) Eden: 14848K(14848K)->0K(14848K) From: 25728K(54784K)->27776K(56320K)
[2.729s][info][gc,heap        ] GC(72) ParOldGen: 410671K(446464K)->423655K(446464K)
[2.729s][info][gc,metaspace   ] GC(72) Metaspace: 6298K(6464K)->6298K(6464K) NonClass: 5764K(5824K)->5764K(5824K) Class: 533K(640K)->533K(640K)
[2.729s][info][gc             ] GC(72) Pause Young (Allocation Failure) 440M->440M(505M) 21.043ms
[2.729s][info][gc,cpu         ] GC(72) User=0.12s Sys=0.02s Real=0.02s
[2.729s][info][gc,start       ] GC(73) Pause Full (Ergonomics)
[2.729s][info][gc,phases,start] GC(73) Marking Phase
[2.837s][info][gc,phases      ] GC(73) Marking Phase 107.590ms
[2.837s][info][gc,phases,start] GC(73) Summary Phase
[2.837s][info][gc,phases      ] GC(73) Summary Phase 0.030ms
[2.837s][info][gc,phases,start] GC(73) Adjust Roots
[2.837s][info][gc,phases      ] GC(73) Adjust Roots 0.158ms
[2.837s][info][gc,phases,start] GC(73) Compaction Phase
[2.885s][info][gc,phases      ] GC(73) Compaction Phase 47.707ms
[2.885s][info][gc,phases,start] GC(73) Post Compact
[2.887s][info][gc,phases      ] GC(73) Post Compact 2.156ms
[2.887s][info][gc,heap        ] GC(73) PSYoungGen: 27776K(71168K)->4598K(71168K) Eden: 0K(14848K)->0K(14848K) From: 27776K(56320K)->4598K(56320K)
[2.887s][info][gc,heap        ] GC(73) ParOldGen: 423655K(446464K)->446104K(504320K)
[2.887s][info][gc,metaspace   ] GC(73) Metaspace: 6298K(6464K)->6298K(6464K) NonClass: 5764K(5824K)->5764K(5824K) Class: 533K(640K)->533K(640K)
[2.887s][info][gc             ] GC(73) Pause Full (Ergonomics) 440M->440M(562M) 158.188ms
[2.887s][info][gc,cpu         ] GC(73) User=1.02s Sys=0.00s Real=0.16s
[2.904s][info][gc,start       ] GC(74) Pause Young (Allocation Failure)
[2.933s][info][gc,heap        ] GC(74) PSYoungGen: 19446K(71168K)->14912K(70656K) Eden: 14848K(14848K)->0K(16384K) From: 4598K(56320K)->14912K(54272K)
[2.933s][info][gc,heap        ] GC(74) ParOldGen: 446104K(504320K)->450792K(504320K)
[2.933s][info][gc,metaspace   ] GC(74) Metaspace: 6298K(6464K)->6298K(6464K) NonClass: 5764K(5824K)->5764K(5824K) Class: 533K(640K)->533K(640K)
[2.933s][info][gc             ] GC(74) Pause Young (Allocation Failure) 454M->454M(561M) 29.475ms
[2.933s][info][gc,cpu         ] GC(74) User=0.14s Sys=0.00s Real=0.03s
[2.951s][info][gc,start       ] GC(75) Pause Young (Allocation Failure)
[2.968s][info][gc,heap        ] GC(75) PSYoungGen: 31296K(70656K)->31360K(71168K) Eden: 16384K(16384K)->0K(16384K) From: 14912K(54272K)->31360K(54784K)
[2.968s][info][gc,heap        ] GC(75) ParOldGen: 450792K(504320K)->450792K(504320K)
[2.968s][info][gc,metaspace   ] GC(75) Metaspace: 6298K(6464K)->6298K(6464K) NonClass: 5764K(5824K)->5764K(5824K) Class: 533K(640K)->533K(640K)
[2.968s][info][gc             ] GC(75) Pause Young (Allocation Failure) 470M->470M(562M) 17.240ms
[2.968s][info][gc,cpu         ] GC(75) User=0.05s Sys=0.00s Real=0.02s
[2.987s][info][gc,start       ] GC(76) Pause Young (Allocation Failure)
[3.010s][info][gc,heap        ] GC(76) PSYoungGen: 47744K(71168K)->47712K(66560K) Eden: 16384K(16384K)->0K(13824K) From: 31360K(54784K)->47712K(52736K)
[3.010s][info][gc,heap        ] GC(76) ParOldGen: 450792K(504320K)->450792K(504320K)
[3.010s][info][gc,metaspace   ] GC(76) Metaspace: 6298K(6464K)->6298K(6464K) NonClass: 5764K(5824K)->5764K(5824K) Class: 533K(640K)->533K(640K)
[3.010s][info][gc             ] GC(76) Pause Young (Allocation Failure) 486M->486M(557M) 23.756ms
[3.011s][info][gc,cpu         ] GC(76) User=0.14s Sys=0.00s Real=0.02s
[3.026s][info][gc,start       ] GC(77) Pause Young (Allocation Failure)
[3.056s][info][gc,heap        ] GC(77) PSYoungGen: 61536K(66560K)->46720K(71168K) Eden: 13824K(13824K)->0K(13824K) From: 47712K(52736K)->46720K(57344K)
[3.056s][info][gc,heap        ] GC(77) ParOldGen: 450792K(504320K)->465832K(504320K)
[3.056s][info][gc,metaspace   ] GC(77) Metaspace: 6298K(6464K)->6298K(6464K) NonClass: 5764K(5824K)->5764K(5824K) Class: 533K(640K)->533K(640K)
[3.056s][info][gc             ] GC(77) Pause Young (Allocation Failure) 500M->500M(562M) 30.070ms
[3.056s][info][gc,cpu         ] GC(77) User=0.12s Sys=0.00s Real=0.03s
[3.071s][info][gc,start       ] GC(78) Pause Young (Allocation Failure)
[3.100s][info][gc,heap        ] GC(78) PSYoungGen: 60544K(71168K)->44160K(74752K) Eden: 13824K(13824K)->0K(14336K) From: 46720K(57344K)->44160K(60416K)
[3.100s][info][gc,heap        ] GC(78) ParOldGen: 465832K(504320K)->482440K(504320K)
[3.100s][info][gc,metaspace   ] GC(78) Metaspace: 6298K(6464K)->6298K(6464K) NonClass: 5764K(5824K)->5764K(5824K) Class: 533K(640K)->533K(640K)
[3.100s][info][gc             ] GC(78) Pause Young (Allocation Failure) 514M->514M(565M) 29.415ms
[3.100s][info][gc,cpu         ] GC(78) User=0.12s Sys=0.00s Real=0.03s
[3.100s][info][gc,start       ] GC(79) Pause Full (Ergonomics)
[3.100s][info][gc,phases,start] GC(79) Marking Phase
[3.219s][info][gc,phases      ] GC(79) Marking Phase 118.478ms
[3.219s][info][gc,phases,start] GC(79) Summary Phase
[3.219s][info][gc,phases      ] GC(79) Summary Phase 0.020ms
[3.219s][info][gc,phases,start] GC(79) Adjust Roots
[3.219s][info][gc,phases      ] GC(79) Adjust Roots 0.149ms
[3.219s][info][gc,phases,start] GC(79) Compaction Phase
[3.268s][info][gc,phases      ] GC(79) Compaction Phase 49.121ms
[3.268s][info][gc,phases,start] GC(79) Post Compact
[3.271s][info][gc,phases      ] GC(79) Post Compact 2.521ms
[3.271s][info][gc,heap        ] GC(79) PSYoungGen: 44160K(74752K)->21965K(74752K) Eden: 0K(14336K)->0K(14336K) From: 44160K(60416K)->21965K(60416K)
[3.271s][info][gc,heap        ] GC(79) ParOldGen: 482440K(504320K)->503838K(566784K)
[3.271s][info][gc,metaspace   ] GC(79) Metaspace: 6298K(6464K)->6298K(6464K) NonClass: 5764K(5824K)->5764K(5824K) Class: 533K(640K)->533K(640K)
[3.271s][info][gc             ] GC(79) Pause Full (Ergonomics) 514M->513M(626M) 170.860ms
[3.271s][info][gc,cpu         ] GC(79) User=1.25s Sys=0.02s Real=0.17s
[3.287s][info][gc,start       ] GC(80) Pause Young (Allocation Failure)
[3.325s][info][gc,heap        ] GC(80) PSYoungGen: 36301K(74752K)->21568K(76288K) Eden: 14336K(14336K)->0K(14336K) From: 21965K(60416K)->21568K(61952K)
[3.326s][info][gc,heap        ] GC(80) ParOldGen: 503838K(566784K)->518942K(566784K)
[3.326s][info][gc,metaspace   ] GC(80) Metaspace: 6298K(6464K)->6298K(6464K) NonClass: 5764K(5824K)->5764K(5824K) Class: 533K(640K)->533K(640K)
[3.326s][info][gc             ] GC(80) Pause Young (Allocation Failure) 527M->527M(628M) 38.122ms
[3.326s][info][gc,cpu         ] GC(80) User=0.38s Sys=0.00s Real=0.04s
[3.341s][info][gc,start       ] GC(81) Pause Young (Allocation Failure)
[3.360s][info][gc,heap        ] GC(81) PSYoungGen: 35904K(76288K)->28832K(72192K) Eden: 14336K(14336K)->0K(15872K) From: 21568K(61952K)->28832K(56320K)
[3.361s][info][gc,heap        ] GC(81) ParOldGen: 518942K(566784K)->526150K(566784K)
[3.361s][info][gc,metaspace   ] GC(81) Metaspace: 6298K(6464K)->6298K(6464K) NonClass: 5764K(5824K)->5764K(5824K) Class: 533K(640K)->533K(640K)
[3.361s][info][gc             ] GC(81) Pause Young (Allocation Failure) 541M->541M(624M) 19.427ms
[3.361s][info][gc,cpu         ] GC(81) User=0.12s Sys=0.00s Real=0.02s
[3.378s][info][gc,start       ] GC(82) Pause Young (Allocation Failure)
[3.402s][info][gc,heap        ] GC(82) PSYoungGen: 44704K(72192K)->30336K(74752K) Eden: 15872K(15872K)->0K(15872K) From: 28832K(56320K)->30336K(58880K)
[3.402s][info][gc,heap        ] GC(82) ParOldGen: 526150K(566784K)->540686K(566784K)
[3.402s][info][gc,metaspace   ] GC(82) Metaspace: 6298K(6464K)->6298K(6464K) NonClass: 5764K(5824K)->5764K(5824K) Class: 533K(640K)->533K(640K)
[3.402s][info][gc             ] GC(82) Pause Young (Allocation Failure) 557M->557M(626M) 23.845ms
[3.402s][info][gc,cpu         ] GC(82) User=0.14s Sys=0.00s Real=0.02s
[3.420s][info][gc,start       ] GC(83) Pause Young (Allocation Failure)
[3.445s][info][gc,heap        ] GC(83) PSYoungGen: 46208K(74752K)->31872K(69632K) Eden: 15872K(15872K)->0K(17920K) From: 30336K(58880K)->31872K(51712K)
[3.445s][info][gc,heap        ] GC(83) ParOldGen: 540686K(566784K)->555214K(566784K)
[3.445s][info][gc,metaspace   ] GC(83) Metaspace: 6298K(6464K)->6298K(6464K) NonClass: 5764K(5824K)->5764K(5824K) Class: 533K(640K)->533K(640K)
[3.445s][info][gc             ] GC(83) Pause Young (Allocation Failure) 573M->573M(621M) 24.471ms
[3.445s][info][gc,cpu         ] GC(83) User=0.12s Sys=0.00s Real=0.03s
[3.445s][info][gc,start       ] GC(84) Pause Full (Ergonomics)
[3.445s][info][gc,phases,start] GC(84) Marking Phase
[3.570s][info][gc,phases      ] GC(84) Marking Phase 124.669ms
[3.570s][info][gc,phases,start] GC(84) Summary Phase
[3.570s][info][gc,phases      ] GC(84) Summary Phase 0.021ms
[3.570s][info][gc,phases,start] GC(84) Adjust Roots
[3.570s][info][gc,phases      ] GC(84) Adjust Roots 0.171ms
[3.570s][info][gc,phases,start] GC(84) Compaction Phase
[3.626s][info][gc,phases      ] GC(84) Compaction Phase 56.194ms
[3.626s][info][gc,phases,start] GC(84) Post Compact
[3.627s][info][gc,phases      ] GC(84) Post Compact 1.208ms
[3.628s][info][gc,heap        ] GC(84) PSYoungGen: 31872K(69632K)->19416K(71680K) Eden: 0K(17920K)->0K(19968K) From: 31872K(51712K)->19416K(51712K)
[3.628s][info][gc,heap        ] GC(84) ParOldGen: 555214K(566784K)->566681K(634368K)
[3.628s][info][gc,metaspace   ] GC(84) Metaspace: 6298K(6464K)->6298K(6464K) NonClass: 5764K(5824K)->5764K(5824K) Class: 533K(640K)->533K(640K)
[3.628s][info][gc             ] GC(84) Pause Full (Ergonomics) 573M->572M(689M) 182.787ms
[3.628s][info][gc,cpu         ] GC(84) User=1.16s Sys=0.00s Real=0.18s
[3.652s][info][gc,start       ] GC(85) Pause Young (Allocation Failure)
[3.694s][info][gc,heap        ] GC(85) PSYoungGen: 39384K(71680K)->29504K(74240K) Eden: 19968K(19968K)->0K(19968K) From: 19416K(51712K)->29504K(54272K)
[3.694s][info][gc,heap        ] GC(85) ParOldGen: 566681K(634368K)->576937K(634368K)
[3.694s][info][gc,metaspace   ] GC(85) Metaspace: 6298K(6464K)->6298K(6464K) NonClass: 5764K(5824K)->5764K(5824K) Class: 533K(640K)->533K(640K)
[3.694s][info][gc             ] GC(85) Pause Young (Allocation Failure) 591M->592M(692M) 42.277ms
[3.694s][info][gc,cpu         ] GC(85) User=0.25s Sys=0.00s Real=0.04s
[3.718s][info][gc,start       ] GC(86) Pause Young (Allocation Failure)
[3.744s][info][gc,heap        ] GC(86) PSYoungGen: 49472K(74240K)->49472K(70656K) Eden: 19968K(19968K)->0K(17920K) From: 29504K(54272K)->49472K(52736K)
[3.744s][info][gc,heap        ] GC(86) ParOldGen: 576937K(634368K)->576937K(634368K)
[3.744s][info][gc,metaspace   ] GC(86) Metaspace: 6298K(6464K)->6298K(6464K) NonClass: 5764K(5824K)->5764K(5824K) Class: 533K(640K)->533K(640K)
[3.744s][info][gc             ] GC(86) Pause Young (Allocation Failure) 611M->611M(688M) 25.815ms
[3.744s][info][gc,cpu         ] GC(86) User=0.12s Sys=0.00s Real=0.03s
[3.766s][info][gc,start       ] GC(87) Pause Young (Allocation Failure)
[3.801s][info][gc,heap        ] GC(87) PSYoungGen: 67392K(70656K)->56832K(74752K) Eden: 17920K(17920K)->0K(17920K) From: 49472K(52736K)->56832K(56832K)
[3.801s][info][gc,heap        ] GC(87) ParOldGen: 576937K(634368K)->587577K(634368K)
[3.801s][info][gc,metaspace   ] GC(87) Metaspace: 6298K(6464K)->6298K(6464K) NonClass: 5764K(5824K)->5764K(5824K) Class: 533K(640K)->533K(640K)
[3.801s][info][gc             ] GC(87) Pause Young (Allocation Failure) 629M->629M(692M) 34.715ms
[3.801s][info][gc,cpu         ] GC(87) User=0.16s Sys=0.00s Real=0.04s
[3.822s][info][gc,start       ] GC(88) Pause Young (Allocation Failure)
[3.861s][info][gc,heap        ] GC(88) PSYoungGen: 74752K(74752K)->35552K(81920K) Eden: 17920K(17920K)->0K(19968K) From: 56832K(56832K)->35552K(61952K)
[3.861s][info][gc,heap        ] GC(88) ParOldGen: 587577K(634368K)->627305K(634368K)
[3.861s][info][gc,metaspace   ] GC(88) Metaspace: 6298K(6464K)->6298K(6464K) NonClass: 5764K(5824K)->5764K(5824K) Class: 533K(640K)->533K(640K)
[3.861s][info][gc             ] GC(88) Pause Young (Allocation Failure) 646M->647M(699M) 38.956ms
[3.861s][info][gc,cpu         ] GC(88) User=0.23s Sys=0.02s Real=0.04s
[3.861s][info][gc,start       ] GC(89) Pause Full (Ergonomics)
[3.861s][info][gc,phases,start] GC(89) Marking Phase
[4.013s][info][gc,phases      ] GC(89) Marking Phase 151.672ms
[4.013s][info][gc,phases,start] GC(89) Summary Phase
[4.013s][info][gc,phases      ] GC(89) Summary Phase 0.027ms
[4.013s][info][gc,phases,start] GC(89) Adjust Roots
[4.013s][info][gc,phases      ] GC(89) Adjust Roots 0.172ms
[4.013s][info][gc,phases,start] GC(89) Compaction Phase
[4.075s][info][gc,phases      ] GC(89) Compaction Phase 61.654ms
[4.075s][info][gc,phases,start] GC(89) Post Compact
[4.076s][info][gc,phases      ] GC(89) Post Compact 1.068ms
[4.076s][info][gc,heap        ] GC(89) PSYoungGen: 35552K(81920K)->27689K(84480K) Eden: 0K(19968K)->0K(22528K) From: 35552K(61952K)->27689K(61952K)
[4.076s][info][gc,heap        ] GC(89) ParOldGen: 627305K(634368K)->634063K(713216K)
[4.076s][info][gc,metaspace   ] GC(89) Metaspace: 6298K(6464K)->6298K(6464K) NonClass: 5764K(5824K)->5764K(5824K) Class: 533K(640K)->533K(640K)
[4.076s][info][gc             ] GC(89) Pause Full (Ergonomics) 647M->646M(779M) 215.139ms
[4.076s][info][gc,cpu         ] GC(89) User=1.52s Sys=0.00s Real=0.22s
[4.105s][info][gc,start       ] GC(90) Pause Young (Allocation Failure)
[4.155s][info][gc,heap        ] GC(90) PSYoungGen: 50217K(84480K)->36768K(87040K) Eden: 22528K(22528K)->0K(22528K) From: 27689K(61952K)->36768K(64512K)
[4.155s][info][gc,heap        ] GC(90) ParOldGen: 634063K(713216K)->647927K(713216K)
[4.155s][info][gc,metaspace   ] GC(90) Metaspace: 6298K(6464K)->6298K(6464K) NonClass: 5764K(5824K)->5764K(5824K) Class: 533K(640K)->533K(640K)
[4.155s][info][gc             ] GC(90) Pause Young (Allocation Failure) 668M->668M(781M) 50.311ms
[4.155s][info][gc,cpu         ] GC(90) User=0.25s Sys=0.00s Real=0.05s
[4.307s][info][gc,start       ] GC(91) Pause Young (Allocation Failure)
[4.350s][info][gc,heap        ] GC(91) PSYoungGen: 59296K(87040K)->59296K(81408K) Eden: 22528K(22528K)->0K(19456K) From: 36768K(64512K)->59296K(61952K)
[4.350s][info][gc,heap        ] GC(91) ParOldGen: 680695K(713216K)->680695K(713216K)
[4.350s][info][gc,metaspace   ] GC(91) Metaspace: 6298K(6464K)->6298K(6464K) NonClass: 5764K(5824K)->5764K(5824K) Class: 533K(640K)->533K(640K)
[4.350s][info][gc             ] GC(91) Pause Young (Allocation Failure) 722M->722M(776M) 42.584ms
[4.350s][info][gc,cpu         ] GC(91) User=0.22s Sys=0.03s Real=0.04s
[4.370s][info][gc,start       ] GC(92) Pause Young (Allocation Failure)
[4.408s][info][gc,heap        ] GC(92) PSYoungGen: 78752K(81408K)->67584K(87040K) Eden: 19456K(19456K)->0K(19456K) From: 59296K(61952K)->67584K(67584K)
[4.408s][info][gc,heap        ] GC(92) ParOldGen: 680695K(713216K)->691903K(713216K)
[4.408s][info][gc,metaspace   ] GC(92) Metaspace: 6298K(6464K)->6298K(6464K) NonClass: 5764K(5824K)->5764K(5824K) Class: 533K(640K)->533K(640K)
[4.408s][info][gc             ] GC(92) Pause Young (Allocation Failure) 741M->741M(781M) 37.831ms
[4.408s][info][gc,cpu         ] GC(92) User=0.25s Sys=0.00s Real=0.04s
[4.408s][info][gc,start       ] GC(93) Pause Full (Ergonomics)
[4.408s][info][gc,phases,start] GC(93) Marking Phase
[4.581s][info][gc,phases      ] GC(93) Marking Phase 172.341ms
[4.581s][info][gc,phases,start] GC(93) Summary Phase
[4.581s][info][gc,phases      ] GC(93) Summary Phase 0.030ms
[4.581s][info][gc,phases,start] GC(93) Adjust Roots
[4.581s][info][gc,phases      ] GC(93) Adjust Roots 0.183ms
[4.581s][info][gc,phases,start] GC(93) Compaction Phase
[4.712s][info][gc,phases      ] GC(93) Compaction Phase 131.033ms
[4.712s][info][gc,phases,start] GC(93) Post Compact
[4.714s][info][gc,phases      ] GC(93) Post Compact 1.598ms
[4.714s][info][gc,heap        ] GC(93) PSYoungGen: 67584K(87040K)->29622K(87040K) Eden: 0K(19456K)->0K(19456K) From: 67584K(67584K)->29622K(67584K)
[4.714s][info][gc,heap        ] GC(93) ParOldGen: 691903K(713216K)->712928K(793088K)
[4.714s][info][gc,metaspace   ] GC(93) Metaspace: 6298K(6464K)->6298K(6464K) NonClass: 5764K(5824K)->5764K(5824K) Class: 533K(640K)->533K(640K)
[4.714s][info][gc             ] GC(93) Pause Full (Ergonomics) 741M->725M(859M) 305.801ms
[4.714s][info][gc,cpu         ] GC(93) User=1.89s Sys=0.02s Real=0.31s
[4.738s][info][gc,start       ] GC(94) Pause Young (Allocation Failure)
[4.791s][info][gc,heap        ] GC(94) PSYoungGen: 49078K(87040K)->34656K(96768K) Eden: 19456K(19456K)->0K(21504K) From: 29622K(67584K)->34656K(75264K)
[4.791s][info][gc,heap        ] GC(94) ParOldGen: 712928K(793088K)->727696K(793088K)
[4.791s][info][gc,metaspace   ] GC(94) Metaspace: 6298K(6464K)->6298K(6464K) NonClass: 5764K(5824K)->5764K(5824K) Class: 533K(640K)->533K(640K)
[4.791s][info][gc             ] GC(94) Pause Young (Allocation Failure) 744M->744M(869M) 53.489ms
[4.791s][info][gc,cpu         ] GC(94) User=0.38s Sys=0.00s Real=0.05s
[4.815s][info][gc,start       ] GC(95) Pause Young (Allocation Failure)
[4.842s][info][gc,heap        ] GC(95) PSYoungGen: 56160K(96768K)->56256K(98816K) Eden: 21504K(21504K)->0K(21504K) From: 34656K(75264K)->56256K(77312K)
[4.842s][info][gc,heap        ] GC(95) ParOldGen: 727696K(793088K)->727696K(793088K)
[4.842s][info][gc,metaspace   ] GC(95) Metaspace: 6298K(6464K)->6298K(6464K) NonClass: 5764K(5824K)->5764K(5824K) Class: 533K(640K)->533K(640K)
[4.842s][info][gc             ] GC(95) Pause Young (Allocation Failure) 765M->765M(871M) 27.856ms
[4.842s][info][gc,cpu         ] GC(95) User=0.14s Sys=0.00s Real=0.03s
[4.866s][info][gc,start       ] GC(96) Pause Young (Allocation Failure)
[4.904s][info][gc,heap        ] GC(96) PSYoungGen: 77760K(98816K)->77696K(93696K) Eden: 21504K(21504K)->0K(14848K) From: 56256K(77312K)->77696K(78848K)
[4.904s][info][gc,heap        ] GC(96) ParOldGen: 727696K(793088K)->727696K(793088K)
[4.904s][info][gc,metaspace   ] GC(96) Metaspace: 6298K(6464K)->6298K(6464K) NonClass: 5764K(5824K)->5764K(5824K) Class: 533K(640K)->533K(640K)
[4.905s][info][gc             ] GC(96) Pause Young (Allocation Failure) 786M->786M(866M) 38.617ms
[4.905s][info][gc,cpu         ] GC(96) User=0.34s Sys=0.03s Real=0.04s
[4.921s][info][gc,start       ] GC(97) Pause Young (Allocation Failure)
[4.964s][info][gc,heap        ] GC(97) PSYoungGen: 92544K(93696K)->85824K(102912K) Eden: 14848K(14848K)->0K(14848K) From: 77696K(78848K)->85824K(88064K)
[4.964s][info][gc,heap        ] GC(97) ParOldGen: 727696K(793088K)->734520K(793088K)
[4.964s][info][gc,metaspace   ] GC(97) Metaspace: 6298K(6464K)->6298K(6464K) NonClass: 5764K(5824K)->5764K(5824K) Class: 533K(640K)->533K(640K)
[4.964s][info][gc             ] GC(97) Pause Young (Allocation Failure) 801M->801M(875M) 43.193ms
[4.964s][info][gc,cpu         ] GC(97) User=0.27s Sys=0.00s Real=0.04s
[4.980s][info][gc,start       ] GC(98) Pause Young (Allocation Failure)
[5.026s][info][gc,heap        ] GC(98) PSYoungGen: 100672K(102912K)->92352K(104448K) Eden: 14848K(14848K)->0K(6144K) From: 85824K(88064K)->92352K(98304K)
[5.026s][info][gc,heap        ] GC(98) ParOldGen: 734520K(793088K)->743024K(793088K)
[5.026s][info][gc,metaspace   ] GC(98) Metaspace: 6298K(6464K)->6298K(6464K) NonClass: 5764K(5824K)->5764K(5824K) Class: 533K(640K)->533K(640K)
[5.026s][info][gc             ] GC(98) Pause Young (Allocation Failure) 815M->815M(876M) 45.872ms
[5.026s][info][gc,cpu         ] GC(98) User=0.27s Sys=0.00s Real=0.05s
[5.032s][info][gc,start       ] GC(99) Pause Young (Allocation Failure)
[5.077s][info][gc,heap        ] GC(99) PSYoungGen: 98496K(104448K)->57440K(64000K) Eden: 6144K(6144K)->0K(6144K) From: 92352K(98304K)->57440K(57856K)
[5.077s][info][gc,heap        ] GC(99) ParOldGen: 743024K(793088K)->784512K(793088K)
[5.077s][info][gc,metaspace   ] GC(99) Metaspace: 6298K(6464K)->6298K(6464K) NonClass: 5764K(5824K)->5764K(5824K) Class: 533K(640K)->533K(640K)
[5.077s][info][gc             ] GC(99) Pause Young (Allocation Failure) 821M->822M(837M) 44.444ms
[5.077s][info][gc,cpu         ] GC(99) User=0.27s Sys=0.00s Real=0.05s
[5.077s][info][gc,start       ] GC(100) Pause Full (Ergonomics)
[5.077s][info][gc,phases,start] GC(100) Marking Phase
[5.258s][info][gc,phases      ] GC(100) Marking Phase 181.080ms
[5.258s][info][gc,phases,start] GC(100) Summary Phase
[5.258s][info][gc,phases      ] GC(100) Summary Phase 0.029ms
[5.258s][info][gc,phases,start] GC(100) Adjust Roots
[5.258s][info][gc,phases      ] GC(100) Adjust Roots 0.158ms
[5.258s][info][gc,phases,start] GC(100) Compaction Phase
[5.352s][info][gc,phases      ] GC(100) Compaction Phase 93.517ms
[5.352s][info][gc,phases,start] GC(100) Post Compact
[5.353s][info][gc,phases      ] GC(100) Post Compact 1.528ms
[5.354s][info][gc,heap        ] GC(100) PSYoungGen: 57440K(64000K)->48017K(64000K) Eden: 0K(6144K)->0K(6144K) From: 57440K(57856K)->48017K(57856K)
[5.354s][info][gc,heap        ] GC(100) ParOldGen: 784512K(793088K)->792651K(883200K)
[5.354s][info][gc,metaspace   ] GC(100) Metaspace: 6298K(6464K)->6298K(6464K) NonClass: 5764K(5824K)->5764K(5824K) Class: 533K(640K)->533K(640K)
[5.354s][info][gc             ] GC(100) Pause Full (Ergonomics) 822M->820M(925M) 277.016ms
[5.354s][info][gc,cpu         ] GC(100) User=1.84s Sys=0.06s Real=0.28s
[5.363s][info][gc,start       ] GC(101) Pause Young (Allocation Failure)
[5.418s][info][gc,heap        ] GC(101) PSYoungGen: 54161K(64000K)->23712K(111104K) Eden: 6144K(6144K)->0K(6656K) From: 48017K(57856K)->23712K(104448K)
[5.418s][info][gc,heap        ] GC(101) ParOldGen: 792651K(883200K)->823707K(883200K)
[5.418s][info][gc,metaspace   ] GC(101) Metaspace: 6298K(6464K)->6298K(6464K) NonClass: 5764K(5824K)->5764K(5824K) Class: 533K(640K)->533K(640K)
[5.418s][info][gc             ] GC(101) Pause Young (Allocation Failure) 826M->827M(971M) 55.594ms
[5.418s][info][gc,cpu         ] GC(101) User=0.39s Sys=0.00s Real=0.06s
[5.426s][info][gc,start       ] GC(102) Pause Young (Allocation Failure)
[5.444s][info][gc,heap        ] GC(102) PSYoungGen: 30368K(111104K)->12864K(111616K) Eden: 6656K(6656K)->0K(6656K) From: 23712K(104448K)->12864K(104960K)
[5.444s][info][gc,heap        ] GC(102) ParOldGen: 823707K(883200K)->841363K(883200K)
[5.444s][info][gc,metaspace   ] GC(102) Metaspace: 6298K(6464K)->6298K(6464K) NonClass: 5764K(5824K)->5764K(5824K) Class: 533K(640K)->533K(640K)
[5.444s][info][gc             ] GC(102) Pause Young (Allocation Failure) 834M->834M(971M) 18.273ms
[5.444s][info][gc,cpu         ] GC(102) User=0.05s Sys=0.00s Real=0.02s
[5.452s][info][gc,start       ] GC(103) Pause Young (Allocation Failure)
[5.466s][info][gc,heap        ] GC(103) PSYoungGen: 19520K(111616K)->6784K(113152K) Eden: 6656K(6656K)->0K(6656K) From: 12864K(104960K)->6784K(106496K)
[5.466s][info][gc,heap        ] GC(103) ParOldGen: 841363K(883200K)->854307K(883200K)
[5.466s][info][gc,metaspace   ] GC(103) Metaspace: 6298K(6464K)->6298K(6464K) NonClass: 5764K(5824K)->5764K(5824K) Class: 533K(640K)->533K(640K)
[5.466s][info][gc             ] GC(103) Pause Young (Allocation Failure) 840M->840M(973M) 14.458ms
[5.466s][info][gc,cpu         ] GC(103) User=0.02s Sys=0.00s Real=0.01s
[5.466s][info][gc,start       ] GC(104) Pause Full (Ergonomics)
[5.466s][info][gc,phases,start] GC(104) Marking Phase
[5.655s][info][gc,phases      ] GC(104) Marking Phase 188.485ms
[5.655s][info][gc,phases,start] GC(104) Summary Phase
[5.655s][info][gc,phases      ] GC(104) Summary Phase 0.047ms
[5.655s][info][gc,phases,start] GC(104) Adjust Roots
[5.655s][info][gc,phases      ] GC(104) Adjust Roots 0.263ms
[5.655s][info][gc,phases,start] GC(104) Compaction Phase
[5.737s][info][gc,phases      ] GC(104) Compaction Phase 81.508ms
[5.737s][info][gc,phases,start] GC(104) Post Compact
[5.738s][info][gc,phases      ] GC(104) Post Compact 1.434ms
[5.739s][info][gc,heap        ] GC(104) PSYoungGen: 6784K(113152K)->0K(114176K) Eden: 0K(6656K)->0K(6656K) From: 6784K(106496K)->0K(107520K)
[5.739s][info][gc,heap        ] GC(104) ParOldGen: 854307K(883200K)->860028K(958976K)
[5.739s][info][gc,metaspace   ] GC(104) Metaspace: 6298K(6464K)->6298K(6464K) NonClass: 5764K(5824K)->5764K(5824K) Class: 533K(640K)->533K(640K)
[5.739s][info][gc             ] GC(104) Pause Full (Ergonomics) 840M->839M(1048M) 272.440ms
[5.739s][info][gc,cpu         ] GC(104) User=1.89s Sys=0.02s Real=0.27s
[5.746s][info][gc,start       ] GC(105) Pause Young (Allocation Failure)
[5.758s][info][gc,heap        ] GC(105) PSYoungGen: 6656K(114176K)->6752K(115200K) Eden: 6656K(6656K)->0K(7680K) From: 0K(107520K)->6752K(107520K)
[5.758s][info][gc,heap        ] GC(105) ParOldGen: 860028K(958976K)->860028K(958976K)
[5.758s][info][gc,metaspace   ] GC(105) Metaspace: 6298K(6464K)->6298K(6464K) NonClass: 5764K(5824K)->5764K(5824K) Class: 533K(640K)->533K(640K)
[5.758s][info][gc             ] GC(105) Pause Young (Allocation Failure) 846M->846M(1049M) 12.420ms
[5.758s][info][gc,cpu         ] GC(105) User=0.02s Sys=0.00s Real=0.01s
[5.767s][info][gc,start       ] GC(106) Pause Young (Allocation Failure)
[5.780s][info][gc,heap        ] GC(106) PSYoungGen: 14432K(115200K)->14400K(22528K) Eden: 7680K(7680K)->0K(7680K) From: 6752K(107520K)->14400K(14848K)
[5.780s][info][gc,heap        ] GC(106) ParOldGen: 860028K(958976K)->860028K(958976K)
[5.780s][info][gc,metaspace   ] GC(106) Metaspace: 6298K(6464K)->6298K(6464K) NonClass: 5764K(5824K)->5764K(5824K) Class: 533K(640K)->533K(640K)
[5.780s][info][gc             ] GC(106) Pause Young (Allocation Failure) 853M->853M(958M) 13.090ms
[5.780s][info][gc,cpu         ] GC(106) User=0.02s Sys=0.00s Real=0.01s
[5.788s][info][gc,start       ] GC(107) Pause Young (Allocation Failure)
[5.804s][info][gc,heap        ] GC(107) PSYoungGen: 22080K(22528K)->15424K(108032K) Eden: 7680K(7680K)->0K(8704K) From: 14400K(14848K)->15424K(99328K)
[5.804s][info][gc,heap        ] GC(107) ParOldGen: 860028K(958976K)->866780K(958976K)
[5.804s][info][gc,metaspace   ] GC(107) Metaspace: 6298K(6464K)->6298K(6464K) NonClass: 5764K(5824K)->5764K(5824K) Class: 533K(640K)->533K(640K)
[5.804s][info][gc             ] GC(107) Pause Young (Allocation Failure) 861M->861M(1042M) 15.571ms
[5.804s][info][gc,cpu         ] GC(107) User=0.00s Sys=0.00s Real=0.02s
[5.813s][info][gc,start       ] GC(108) Pause Young (Allocation Failure)
[5.829s][info][gc,heap        ] GC(108) PSYoungGen: 24128K(108032K)->16448K(25600K) Eden: 8704K(8704K)->0K(8704K) From: 15424K(99328K)->16448K(16896K)
[5.829s][info][gc,heap        ] GC(108) ParOldGen: 866780K(958976K)->874580K(958976K)
[5.829s][info][gc,metaspace   ] GC(108) Metaspace: 6298K(6464K)->6298K(6464K) NonClass: 5764K(5824K)->5764K(5824K) Class: 533K(640K)->533K(640K)
[5.829s][info][gc             ] GC(108) Pause Young (Allocation Failure) 870M->870M(961M) 16.117ms
[5.829s][info][gc,cpu         ] GC(108) User=0.02s Sys=0.00s Real=0.02s
[5.838s][info][gc,start       ] GC(109) Pause Young (Allocation Failure)
[5.854s][info][gc,heap        ] GC(109) PSYoungGen: 25152K(25600K)->17504K(101888K) Eden: 8704K(8704K)->0K(10240K) From: 16448K(16896K)->17504K(91648K)
[5.854s][info][gc,heap        ] GC(109) ParOldGen: 874580K(958976K)->882356K(958976K)
[5.854s][info][gc,metaspace   ] GC(109) Metaspace: 6298K(6464K)->6298K(6464K) NonClass: 5764K(5824K)->5764K(5824K) Class: 533K(640K)->533K(640K)
[5.854s][info][gc             ] GC(109) Pause Young (Allocation Failure) 878M->878M(1036M) 15.969ms
[5.854s][info][gc,cpu         ] GC(109) User=0.02s Sys=0.00s Real=0.01s
[5.866s][info][gc,start       ] GC(110) Pause Young (Allocation Failure)
[5.883s][info][gc,heap        ] GC(110) PSYoungGen: 27744K(101888K)->19040K(29696K) Eden: 10240K(10240K)->0K(10240K) From: 17504K(91648K)->19040K(19456K)
[5.883s][info][gc,heap        ] GC(110) ParOldGen: 882356K(958976K)->891172K(958976K)
[5.883s][info][gc,metaspace   ] GC(110) Metaspace: 6298K(6464K)->6298K(6464K) NonClass: 5764K(5824K)->5764K(5824K) Class: 533K(640K)->533K(640K)
[5.883s][info][gc             ] GC(110) Pause Young (Allocation Failure) 888M->888M(965M) 17.805ms
[5.883s][info][gc,cpu         ] GC(110) User=0.05s Sys=0.00s Real=0.02s
[5.895s][info][gc,start       ] GC(111) Pause Young (Allocation Failure)
[5.914s][info][gc,heap        ] GC(111) PSYoungGen: 29280K(29696K)->20576K(94720K) Eden: 10240K(10240K)->0K(11776K) From: 19040K(19456K)->20576K(82944K)
[5.914s][info][gc,heap        ] GC(111) ParOldGen: 891172K(958976K)->899980K(958976K)
[5.914s][info][gc,metaspace   ] GC(111) Metaspace: 6298K(6464K)->6298K(6464K) NonClass: 5764K(5824K)->5764K(5824K) Class: 533K(640K)->533K(640K)
[5.914s][info][gc             ] GC(111) Pause Young (Allocation Failure) 898M->898M(1029M) 18.844ms
[5.914s][info][gc,cpu         ] GC(111) User=0.03s Sys=0.00s Real=0.02s
[5.927s][info][gc,start       ] GC(112) Pause Young (Allocation Failure)
[5.945s][info][gc,heap        ] GC(112) PSYoungGen: 32352K(94720K)->22144K(34304K) Eden: 11776K(11776K)->0K(11776K) From: 20576K(82944K)->22144K(22528K)
[5.945s][info][gc,heap        ] GC(112) ParOldGen: 899980K(958976K)->910356K(958976K)
[5.945s][info][gc,metaspace   ] GC(112) Metaspace: 6298K(6464K)->6298K(6464K) NonClass: 5764K(5824K)->5764K(5824K) Class: 533K(640K)->533K(640K)
[5.945s][info][gc             ] GC(112) Pause Young (Allocation Failure) 910M->910M(970M) 18.435ms
[5.945s][info][gc,cpu         ] GC(112) User=0.05s Sys=0.00s Real=0.02s
[5.960s][info][gc,start       ] GC(113) Pause Young (Allocation Failure)
[5.979s][info][gc,heap        ] GC(113) PSYoungGen: 33920K(34304K)->23648K(86528K) Eden: 11776K(11776K)->0K(13312K) From: 22144K(22528K)->23648K(73216K)
[5.979s][info][gc,heap        ] GC(113) ParOldGen: 910356K(958976K)->920748K(958976K)
[5.979s][info][gc,metaspace   ] GC(113) Metaspace: 6298K(6464K)->6298K(6464K) NonClass: 5764K(5824K)->5764K(5824K) Class: 533K(640K)->533K(640K)
[5.980s][info][gc             ] GC(113) Pause Young (Allocation Failure) 922M->922M(1021M) 19.962ms
[5.980s][info][gc,cpu         ] GC(113) User=0.05s Sys=0.00s Real=0.02s
[5.994s][info][gc,start       ] GC(114) Pause Young (Allocation Failure)
[6.016s][info][gc,heap        ] GC(114) PSYoungGen: 36960K(86528K)->25216K(38912K) Eden: 13312K(13312K)->0K(13312K) From: 23648K(73216K)->25216K(25600K)
[6.016s][info][gc,heap        ] GC(114) ParOldGen: 920748K(958976K)->932684K(958976K)
[6.016s][info][gc,metaspace   ] GC(114) Metaspace: 6298K(6464K)->6298K(6464K) NonClass: 5764K(5824K)->5764K(5824K) Class: 533K(640K)->533K(640K)
[6.016s][info][gc             ] GC(114) Pause Young (Allocation Failure) 935M->935M(974M) 21.680ms
[6.016s][info][gc,cpu         ] GC(114) User=0.06s Sys=0.00s Real=0.02s
[6.031s][info][gc,start       ] GC(115) Pause Young (Allocation Failure)
[6.053s][info][gc,heap        ] GC(115) PSYoungGen: 38528K(38912K)->26720K(79872K) Eden: 13312K(13312K)->0K(15360K) From: 25216K(25600K)->26720K(64512K)
[6.053s][info][gc,heap        ] GC(115) ParOldGen: 932684K(958976K)->944628K(958976K)
[6.053s][info][gc,metaspace   ] GC(115) Metaspace: 6298K(6464K)->6298K(6464K) NonClass: 5764K(5824K)->5764K(5824K) Class: 533K(640K)->533K(640K)
[6.053s][info][gc             ] GC(115) Pause Young (Allocation Failure) 948M->948M(1014M) 21.846ms
[6.053s][info][gc,cpu         ] GC(115) User=0.05s Sys=0.00s Real=0.02s
[6.053s][info][gc,start       ] GC(116) Pause Full (Ergonomics)
[6.053s][info][gc,phases,start] GC(116) Marking Phase
[6.282s][info][gc,phases      ] GC(116) Marking Phase 229.473ms
[6.282s][info][gc,phases,start] GC(116) Summary Phase
[6.282s][info][gc,phases      ] GC(116) Summary Phase 0.027ms
[6.282s][info][gc,phases,start] GC(116) Adjust Roots
[6.283s][info][gc,phases      ] GC(116) Adjust Roots 0.168ms
[6.283s][info][gc,phases,start] GC(116) Compaction Phase
[6.375s][info][gc,phases      ] GC(116) Compaction Phase 92.706ms
[6.375s][info][gc,phases,start] GC(116) Post Compact
[6.377s][info][gc,phases      ] GC(116) Post Compact 1.664ms
[6.377s][info][gc,heap        ] GC(116) PSYoungGen: 26720K(79872K)->11232K(81920K) Eden: 0K(15360K)->0K(17408K) From: 26720K(64512K)->11232K(64512K)
[6.378s][info][gc,heap        ] GC(116) ParOldGen: 944628K(958976K)->958522K(1051136K)
[6.378s][info][gc,metaspace   ] GC(116) Metaspace: 6298K(6464K)->6298K(6464K) NonClass: 5764K(5824K)->5764K(5824K) Class: 533K(640K)->533K(640K)
[6.378s][info][gc             ] GC(116) Pause Full (Ergonomics) 948M->947M(1106M) 324.733ms
[6.378s][info][gc,cpu         ] GC(116) User=2.41s Sys=0.02s Real=0.32s
[6.399s][info][gc,start       ] GC(117) Pause Young (Allocation Failure)
[6.453s][info][gc,heap        ] GC(117) PSYoungGen: 28640K(81920K)->24000K(41472K) Eden: 17408K(17408K)->0K(17408K) From: 11232K(64512K)->24000K(24064K)
[6.453s][info][gc,heap        ] GC(117) ParOldGen: 958522K(1051136K)->963418K(1051136K)
[6.453s][info][gc,metaspace   ] GC(117) Metaspace: 6298K(6464K)->6298K(6464K) NonClass: 5764K(5824K)->5764K(5824K) Class: 533K(640K)->533K(640K)
[6.453s][info][gc             ] GC(117) Pause Young (Allocation Failure) 964M->964M(1067M) 54.761ms
[6.453s][info][gc,cpu         ] GC(117) User=0.28s Sys=0.00s Real=0.05s
[6.473s][info][gc,start       ] GC(118) Pause Young (Allocation Failure)
[6.495s][info][gc,heap        ] GC(118) PSYoungGen: 41408K(41472K)->41344K(84480K) Eden: 17408K(17408K)->0K(18432K) From: 24000K(24064K)->41344K(66048K)
[6.495s][info][gc,heap        ] GC(118) ParOldGen: 963418K(1051136K)->963418K(1051136K)
[6.495s][info][gc,metaspace   ] GC(118) Metaspace: 6298K(6464K)->6298K(6464K) NonClass: 5764K(5824K)->5764K(5824K) Class: 533K(640K)->533K(640K)
[6.495s][info][gc             ] GC(118) Pause Young (Allocation Failure) 981M->981M(1109M) 22.644ms
[6.495s][info][gc,cpu         ] GC(118) User=0.14s Sys=0.00s Real=0.02s
[6.516s][info][gc,start       ] GC(119) Pause Young (Allocation Failure)
[6.547s][info][gc,heap        ] GC(119) PSYoungGen: 59776K(84480K)->53440K(85504K) Eden: 18432K(18432K)->0K(18432K) From: 41344K(66048K)->53440K(67072K)
[6.547s][info][gc,heap        ] GC(119) ParOldGen: 963418K(1051136K)->969946K(1051136K)
[6.547s][info][gc,metaspace   ] GC(119) Metaspace: 6298K(6464K)->6298K(6464K) NonClass: 5764K(5824K)->5764K(5824K) Class: 533K(640K)->533K(640K)
[6.547s][info][gc             ] GC(119) Pause Young (Allocation Failure) 999M->999M(1110M) 31.081ms
[6.547s][info][gc,cpu         ] GC(119) User=0.14s Sys=0.00s Real=0.03s
[6.568s][info][gc,start       ] GC(120) Pause Young (Allocation Failure)
[6.604s][info][gc,heap        ] GC(120) PSYoungGen: 71872K(85504K)->54432K(88576K) Eden: 18432K(18432K)->0K(16384K) From: 53440K(67072K)->54432K(72192K)
[6.604s][info][gc,heap        ] GC(120) ParOldGen: 969946K(1051136K)->987602K(1051136K)
[6.604s][info][gc,metaspace   ] GC(120) Metaspace: 6298K(6464K)->6298K(6464K) NonClass: 5764K(5824K)->5764K(5824K) Class: 533K(640K)->533K(640K)
[6.605s][info][gc             ] GC(120) Pause Young (Allocation Failure) 1017M->1017M(1113M) 36.321ms
[6.605s][info][gc,cpu         ] GC(120) User=0.38s Sys=0.00s Real=0.04s
[6.622s][info][gc,start       ] GC(121) Pause Young (Allocation Failure)
[6.657s][info][gc,heap        ] GC(121) PSYoungGen: 70816K(88576K)->53408K(93184K) Eden: 16384K(16384K)->0K(16384K) From: 54432K(72192K)->53408K(76800K)
[6.657s][info][gc,heap        ] GC(121) ParOldGen: 987602K(1051136K)->1005250K(1051136K)
[6.657s][info][gc,metaspace   ] GC(121) Metaspace: 6298K(6464K)->6298K(6464K) NonClass: 5764K(5824K)->5764K(5824K) Class: 533K(640K)->533K(640K)
[6.657s][info][gc             ] GC(121) Pause Young (Allocation Failure) 1033M->1033M(1117M) 35.043ms
[6.657s][info][gc,cpu         ] GC(121) User=0.17s Sys=0.00s Real=0.03s
[6.675s][info][gc,start       ] GC(122) Pause Young (Allocation Failure)
[6.710s][info][gc,heap        ] GC(122) PSYoungGen: 69792K(93184K)->51392K(96768K) Eden: 16384K(16384K)->0K(16896K) From: 53408K(76800K)->51392K(79872K)
[6.710s][info][gc,heap        ] GC(122) ParOldGen: 1005250K(1051136K)->1023938K(1051136K)
[6.710s][info][gc,metaspace   ] GC(122) Metaspace: 6298K(6464K)->6298K(6464K) NonClass: 5764K(5824K)->5764K(5824K) Class: 533K(640K)->533K(640K)
[6.710s][info][gc             ] GC(122) Pause Young (Allocation Failure) 1049M->1050M(1121M) 34.804ms
[6.710s][info][gc,cpu         ] GC(122) User=0.27s Sys=0.00s Real=0.03s
[6.729s][info][gc,start       ] GC(123) Pause Young (Allocation Failure)
[6.766s][info][gc,heap        ] GC(123) PSYoungGen: 68288K(96768K)->33440K(50688K) Eden: 16896K(16896K)->0K(16896K) From: 51392K(79872K)->33440K(33792K)
[6.766s][info][gc,heap        ] GC(123) ParOldGen: 1023938K(1051136K)->1059226K(1059328K)
[6.766s][info][gc,metaspace   ] GC(123) Metaspace: 6298K(6464K)->6298K(6464K) NonClass: 5764K(5824K)->5764K(5824K) Class: 533K(640K)->533K(640K)
[6.766s][info][gc             ] GC(123) Pause Young (Allocation Failure) 1066M->1067M(1084M) 36.836ms
[6.766s][info][gc,cpu         ] GC(123) User=0.20s Sys=0.02s Real=0.04s
[6.766s][info][gc,start       ] GC(124) Pause Full (Ergonomics)
[6.766s][info][gc,phases,start] GC(124) Marking Phase
[7.007s][info][gc,phases      ] GC(124) Marking Phase 241.172ms
[7.007s][info][gc,phases,start] GC(124) Summary Phase
[7.007s][info][gc,phases      ] GC(124) Summary Phase 0.025ms
[7.007s][info][gc,phases,start] GC(124) Adjust Roots
[7.007s][info][gc,phases      ] GC(124) Adjust Roots 0.147ms
[7.007s][info][gc,phases,start] GC(124) Compaction Phase
[7.101s][info][gc,phases      ] GC(124) Compaction Phase 94.178ms
[7.101s][info][gc,phases,start] GC(124) Post Compact
[7.103s][info][gc,phases      ] GC(124) Post Compact 1.865ms
[7.104s][info][gc,heap        ] GC(124) PSYoungGen: 33440K(50688K)->31684K(50688K) Eden: 0K(16896K)->0K(16896K) From: 33440K(33792K)->31684K(33792K)
[7.104s][info][gc,heap        ] GC(124) ParOldGen: 1059226K(1059328K)->1059189K(1170944K)
[7.104s][info][gc,metaspace   ] GC(124) Metaspace: 6298K(6464K)->6298K(6464K) NonClass: 5764K(5824K)->5764K(5824K) Class: 533K(640K)->533K(640K)
[7.104s][info][gc             ] GC(124) Pause Full (Ergonomics) 1067M->1065M(1193M) 338.178ms
[7.104s][info][gc,cpu         ] GC(124) User=2.39s Sys=0.02s Real=0.34s
[7.125s][info][gc,start       ] GC(125) Pause Young (Allocation Failure)
[7.192s][info][gc,heap        ] GC(125) PSYoungGen: 48580K(50688K)->16992K(94208K) Eden: 16896K(16896K)->0K(18944K) From: 31684K(33792K)->16992K(75264K)
[7.192s][info][gc,heap        ] GC(125) ParOldGen: 1059189K(1170944K)->1091349K(1170944K)
[7.192s][info][gc,metaspace   ] GC(125) Metaspace: 6298K(6464K)->6298K(6464K) NonClass: 5764K(5824K)->5764K(5824K) Class: 533K(640K)->533K(640K)
[7.192s][info][gc             ] GC(125) Pause Young (Allocation Failure) 1081M->1082M(1235M) 66.984ms
[7.192s][info][gc,cpu         ] GC(125) User=0.39s Sys=0.00s Real=0.07s
[7.212s][info][gc,start       ] GC(126) Pause Young (Allocation Failure)
[7.234s][info][gc,heap        ] GC(126) PSYoungGen: 35936K(94208K)->19040K(95744K) Eden: 18944K(18944K)->0K(18944K) From: 16992K(75264K)->19040K(76800K)
[7.234s][info][gc,heap        ] GC(126) ParOldGen: 1091349K(1170944K)->1108485K(1170944K)
[7.234s][info][gc,metaspace   ] GC(126) Metaspace: 6298K(6464K)->6298K(6464K) NonClass: 5764K(5824K)->5764K(5824K) Class: 533K(640K)->533K(640K)
[7.234s][info][gc             ] GC(126) Pause Young (Allocation Failure) 1100M->1101M(1237M) 21.796ms
[7.234s][info][gc,cpu         ] GC(126) User=0.11s Sys=0.00s Real=0.02s
[7.255s][info][gc,start       ] GC(127) Pause Young (Allocation Failure)
[7.277s][info][gc,heap        ] GC(127) PSYoungGen: 37984K(95744K)->19072K(94208K) Eden: 18944K(18944K)->0K(21504K) From: 19040K(76800K)->19072K(72704K)
[7.277s][info][gc,heap        ] GC(127) ParOldGen: 1108485K(1170944K)->1127701K(1170944K)
[7.277s][info][gc,metaspace   ] GC(127) Metaspace: 6298K(6464K)->6298K(6464K) NonClass: 5764K(5824K)->5764K(5824K) Class: 533K(640K)->533K(640K)
[7.277s][info][gc             ] GC(127) Pause Young (Allocation Failure) 1119M->1119M(1235M) 22.770ms
[7.277s][info][gc,cpu         ] GC(127) User=0.11s Sys=0.02s Real=0.02s
[7.302s][info][gc,start       ] GC(128) Pause Young (Allocation Failure)
[7.327s][info][gc,heap        ] GC(128) PSYoungGen: 40576K(94208K)->21600K(95232K) Eden: 21504K(21504K)->0K(21504K) From: 19072K(72704K)->21600K(73728K)
[7.327s][info][gc,heap        ] GC(128) ParOldGen: 1127701K(1170944K)->1146901K(1170944K)
[7.327s][info][gc,metaspace   ] GC(128) Metaspace: 6298K(6464K)->6298K(6464K) NonClass: 5764K(5824K)->5764K(5824K) Class: 533K(640K)->533K(640K)
[7.327s][info][gc             ] GC(128) Pause Young (Allocation Failure) 1140M->1141M(1236M) 24.927ms
[7.327s][info][gc,cpu         ] GC(128) User=0.12s Sys=0.02s Real=0.03s
[7.327s][info][gc,start       ] GC(129) Pause Full (Ergonomics)
[7.327s][info][gc,phases,start] GC(129) Marking Phase
[7.609s][info][gc,phases      ] GC(129) Marking Phase 281.648ms
[7.609s][info][gc,phases,start] GC(129) Summary Phase
[7.609s][info][gc,phases      ] GC(129) Summary Phase 0.045ms
[7.609s][info][gc,phases,start] GC(129) Adjust Roots
[7.609s][info][gc,phases      ] GC(129) Adjust Roots 0.174ms
[7.609s][info][gc,phases,start] GC(129) Compaction Phase
[7.704s][info][gc,phases      ] GC(129) Compaction Phase 95.589ms
[7.705s][info][gc,phases,start] GC(129) Post Compact
[7.707s][info][gc,phases      ] GC(129) Post Compact 1.993ms
[7.707s][info][gc,heap        ] GC(129) PSYoungGen: 21600K(95232K)->0K(95232K) Eden: 0K(21504K)->0K(24064K) From: 21600K(73728K)->0K(71168K)
[7.707s][info][gc,heap        ] GC(129) ParOldGen: 1146901K(1170944K)->1167043K(1289216K)
[7.707s][info][gc,metaspace   ] GC(129) Metaspace: 6298K(6464K)->6298K(6464K) NonClass: 5764K(5824K)->5764K(5824K) Class: 533K(640K)->533K(640K)
[7.707s][info][gc             ] GC(129) Pause Full (Ergonomics) 1141M->1139M(1352M) 380.183ms
[7.707s][info][gc,cpu         ] GC(129) User=2.70s Sys=0.05s Real=0.38s
[7.734s][info][gc,start       ] GC(130) Pause Young (Allocation Failure)
[7.753s][info][gc,heap        ] GC(130) PSYoungGen: 24064K(95232K)->24192K(48640K) Eden: 24064K(24064K)->0K(24064K) From: 0K(71168K)->24192K(24576K)
[7.753s][info][gc,heap        ] GC(130) ParOldGen: 1167043K(1289216K)->1167043K(1289216K)
[7.753s][info][gc,metaspace   ] GC(130) Metaspace: 6298K(6464K)->6298K(6464K) NonClass: 5764K(5824K)->5764K(5824K) Class: 533K(640K)->533K(640K)
[7.753s][info][gc             ] GC(130) Pause Young (Allocation Failure) 1163M->1163M(1306M) 18.404ms
[7.753s][info][gc,cpu         ] GC(130) User=0.05s Sys=0.00s Real=0.02s
[7.783s][info][gc,start       ] GC(131) Pause Young (Allocation Failure)
[7.809s][info][gc,heap        ] GC(131) PSYoungGen: 48256K(48640K)->48256K(91648K) Eden: 24064K(24064K)->0K(23552K) From: 24192K(24576K)->48256K(68096K)
[7.809s][info][gc,heap        ] GC(131) ParOldGen: 1167043K(1289216K)->1167043K(1289216K)
[7.809s][info][gc,metaspace   ] GC(131) Metaspace: 6298K(6464K)->6298K(6464K) NonClass: 5764K(5824K)->5764K(5824K) Class: 533K(640K)->533K(640K)
[7.809s][info][gc             ] GC(131) Pause Young (Allocation Failure) 1186M->1186M(1348M) 25.788ms
[7.809s][info][gc,cpu         ] GC(131) User=0.14s Sys=0.00s Real=0.03s
[7.837s][info][gc,start       ] GC(132) Pause Young (Allocation Failure)
[7.874s][info][gc,heap        ] GC(132) PSYoungGen: 71808K(91648K)->71168K(94720K) Eden: 23552K(23552K)->0K(23552K) From: 48256K(68096K)->71168K(71168K)
[7.874s][info][gc,heap        ] GC(132) ParOldGen: 1167043K(1289216K)->1167731K(1289216K)
[7.874s][info][gc,metaspace   ] GC(132) Metaspace: 6298K(6464K)->6298K(6464K) NonClass: 5764K(5824K)->5764K(5824K) Class: 533K(640K)->533K(640K)
[7.874s][info][gc             ] GC(132) Pause Young (Allocation Failure) 1209M->1209M(1351M) 36.834ms
[7.874s][info][gc,cpu         ] GC(132) User=0.25s Sys=0.00s Real=0.04s
[7.902s][info][gc,start       ] GC(133) Pause Young (Allocation Failure)
[7.953s][info][gc,heap        ] GC(133) PSYoungGen: 94720K(94720K)->47040K(107008K) Eden: 23552K(23552K)->0K(26112K) From: 71168K(71168K)->47040K(80896K)
[7.953s][info][gc,heap        ] GC(133) ParOldGen: 1167731K(1289216K)->1216067K(1289216K)
[7.953s][info][gc,metaspace   ] GC(133) Metaspace: 6298K(6464K)->6298K(6464K) NonClass: 5764K(5824K)->5764K(5824K) Class: 533K(640K)->533K(640K)
[7.953s][info][gc             ] GC(133) Pause Young (Allocation Failure) 1232M->1233M(1363M) 51.756ms
[7.953s][info][gc,cpu         ] GC(133) User=0.20s Sys=0.08s Real=0.05s
[7.984s][info][gc,start       ] GC(134) Pause Young (Allocation Failure)
[8.023s][info][gc,heap        ] GC(134) PSYoungGen: 73152K(107008K)->49792K(107520K) Eden: 26112K(26112K)->0K(26112K) From: 47040K(80896K)->49792K(81408K)
[8.023s][info][gc,heap        ] GC(134) ParOldGen: 1216067K(1289216K)->1239699K(1289216K)
[8.023s][info][gc,metaspace   ] GC(134) Metaspace: 6298K(6464K)->6298K(6464K) NonClass: 5764K(5824K)->5764K(5824K) Class: 533K(640K)->533K(640K)
[8.023s][info][gc             ] GC(134) Pause Young (Allocation Failure) 1259M->1259M(1364M) 39.049ms
[8.023s][info][gc,cpu         ] GC(134) User=0.25s Sys=0.00s Real=0.04s
[8.052s][info][gc,start       ] GC(135) Pause Young (Allocation Failure)
[8.089s][info][gc,heap        ] GC(135) PSYoungGen: 75904K(107520K)->46048K(108032K) Eden: 26112K(26112K)->0K(29184K) From: 49792K(81408K)->46048K(78848K)
[8.089s][info][gc,heap        ] GC(135) ParOldGen: 1239699K(1289216K)->1263587K(1289216K)
[8.089s][info][gc,metaspace   ] GC(135) Metaspace: 6298K(6464K)->6298K(6464K) NonClass: 5764K(5824K)->5764K(5824K) Class: 533K(640K)->533K(640K)
[8.089s][info][gc             ] GC(135) Pause Young (Allocation Failure) 1284M->1278M(1364M) 36.993ms
[8.089s][info][gc,cpu         ] GC(135) User=0.25s Sys=0.00s Real=0.04s
[8.090s][info][gc,start       ] GC(136) Pause Full (Ergonomics)
[8.090s][info][gc,phases,start] GC(136) Marking Phase
[8.387s][info][gc,phases      ] GC(136) Marking Phase 297.596ms
[8.387s][info][gc,phases,start] GC(136) Summary Phase
[8.387s][info][gc,phases      ] GC(136) Summary Phase 0.027ms
[8.387s][info][gc,phases,start] GC(136) Adjust Roots
[8.387s][info][gc,phases      ] GC(136) Adjust Roots 0.236ms
[8.388s][info][gc,phases,start] GC(136) Compaction Phase
[8.744s][info][gc,phases      ] GC(136) Compaction Phase 356.393ms
[8.744s][info][gc,phases,start] GC(136) Post Compact
[8.747s][info][gc,phases      ] GC(136) Post Compact 2.701ms
[8.747s][info][gc,heap        ] GC(136) PSYoungGen: 46048K(108032K)->19251K(109568K) Eden: 0K(29184K)->0K(30720K) From: 46048K(78848K)->19251K(78848K)
[8.747s][info][gc,heap        ] GC(136) ParOldGen: 1263587K(1289216K)->1288718K(1430528K)
[8.747s][info][gc,metaspace   ] GC(136) Metaspace: 6298K(6464K)->6298K(6464K) NonClass: 5764K(5824K)->5764K(5824K) Class: 533K(640K)->533K(640K)
[8.747s][info][gc             ] GC(136) Pause Full (Ergonomics) 1278M->1277M(1504M) 657.814ms
[8.747s][info][gc,cpu         ] GC(136) User=4.66s Sys=0.00s Real=0.66s
[8.778s][info][gc,start       ] GC(137) Pause Young (Allocation Failure)
[8.855s][info][gc,heap        ] GC(137) PSYoungGen: 49971K(109568K)->25344K(111104K) Eden: 30720K(30720K)->0K(30720K) From: 19251K(78848K)->25344K(80384K)
[8.855s][info][gc,heap        ] GC(137) ParOldGen: 1288718K(1430528K)->1300022K(1430528K)
[8.855s][info][gc,metaspace   ] GC(137) Metaspace: 6298K(6464K)->6298K(6464K) NonClass: 5764K(5824K)->5764K(5824K) Class: 533K(640K)->533K(640K)
[8.855s][info][gc             ] GC(137) Pause Young (Allocation Failure) 1307M->1294M(1505M) 77.082ms
[8.855s][info][gc,cpu         ] GC(137) User=0.39s Sys=0.00s Real=0.08s
[8.895s][info][gc,start       ] GC(138) Pause Young (Allocation Failure)
[8.928s][info][gc,heap        ] GC(138) PSYoungGen: 56064K(111104K)->56064K(110080K) Eden: 30720K(30720K)->0K(31232K) From: 25344K(80384K)->56064K(78848K)
[8.928s][info][gc,heap        ] GC(138) ParOldGen: 1300022K(1430528K)->1300022K(1430528K)
[8.928s][info][gc,metaspace   ] GC(138) Metaspace: 6298K(6464K)->6298K(6464K) NonClass: 5764K(5824K)->5764K(5824K) Class: 533K(640K)->533K(640K)
[8.928s][info][gc             ] GC(138) Pause Young (Allocation Failure) 1324M->1324M(1504M) 32.632ms
[8.928s][info][gc,cpu         ] GC(138) User=0.16s Sys=0.00s Real=0.03s
[8.967s][info][gc,start       ] GC(139) Pause Young (Allocation Failure)
[9.015s][info][gc,heap        ] GC(139) PSYoungGen: 87296K(110080K)->81408K(112640K) Eden: 31232K(31232K)->0K(31232K) From: 56064K(78848K)->81408K(81408K)
[9.015s][info][gc,heap        ] GC(139) ParOldGen: 1300022K(1430528K)->1305958K(1430528K)
[9.015s][info][gc,metaspace   ] GC(139) Metaspace: 6298K(6464K)->6298K(6464K) NonClass: 5764K(5824K)->5764K(5824K) Class: 533K(640K)->533K(640K)
[9.015s][info][gc             ] GC(139) Pause Young (Allocation Failure) 1354M->1354M(1507M) 48.232ms
[9.015s][info][gc,cpu         ] GC(139) User=0.27s Sys=0.00s Real=0.05s
[9.296s][info][gc,start       ] GC(140) Pause Young (Allocation Failure)
[9.382s][info][gc,heap        ] GC(140) PSYoungGen: 112640K(112640K)->89440K(117248K) Eden: 31232K(31232K)->0K(22528K) From: 81408K(81408K)->89440K(94720K)
[9.382s][info][gc,heap        ] GC(140) ParOldGen: 1371494K(1430528K)->1395174K(1430528K)
[9.382s][info][gc,metaspace   ] GC(140) Metaspace: 6298K(6464K)->6298K(6464K) NonClass: 5764K(5824K)->5764K(5824K) Class: 533K(640K)->533K(640K)
[9.382s][info][gc             ] GC(140) Pause Young (Allocation Failure) 1449M->1449M(1511M) 85.855ms
[9.382s][info][gc,cpu         ] GC(140) User=0.53s Sys=0.02s Real=0.09s
[9.382s][info][gc,start       ] GC(141) Pause Full (Ergonomics)
[9.382s][info][gc,phases,start] GC(141) Marking Phase
[9.704s][info][gc,phases      ] GC(141) Marking Phase 322.160ms
[9.704s][info][gc,phases,start] GC(141) Summary Phase
[9.704s][info][gc,phases      ] GC(141) Summary Phase 0.037ms
[9.704s][info][gc,phases,start] GC(141) Adjust Roots
[9.705s][info][gc,phases      ] GC(141) Adjust Roots 0.195ms
[9.705s][info][gc,phases,start] GC(141) Compaction Phase
[9.938s][info][gc,phases      ] GC(141) Compaction Phase 233.161ms
[9.938s][info][gc,phases,start] GC(141) Post Compact
[9.941s][info][gc,phases      ] GC(141) Post Compact 3.084ms
[9.942s][info][gc,heap        ] GC(141) PSYoungGen: 89440K(117248K)->20619K(117248K) Eden: 0K(22528K)->0K(22528K) From: 89440K(94720K)->20619K(94720K)
[9.942s][info][gc,heap        ] GC(141) ParOldGen: 1395174K(1430528K)->1430261K(1580544K)
[9.942s][info][gc,metaspace   ] GC(141) Metaspace: 6298K(6464K)->6298K(6464K) NonClass: 5764K(5824K)->5764K(5824K) Class: 533K(640K)->533K(640K)
[9.942s][info][gc             ] GC(141) Pause Full (Ergonomics) 1449M->1416M(1658M) 559.590ms
[9.942s][info][gc,cpu         ] GC(141) User=3.69s Sys=0.03s Real=0.56s
[9.966s][info][gc,start       ] GC(142) Pause Young (Allocation Failure)
[10.049s][info][gc,heap        ] GC(142) PSYoungGen: 43147K(117248K)->43360K(66048K) Eden: 22528K(22528K)->0K(22528K) From: 20619K(94720K)->43360K(43520K)
[10.049s][info][gc,heap        ] GC(142) ParOldGen: 1430261K(1580544K)->1430261K(1580544K)
[10.049s][info][gc,metaspace   ] GC(142) Metaspace: 6298K(6464K)->6298K(6464K) NonClass: 5764K(5824K)->5764K(5824K) Class: 533K(640K)->533K(640K)
[10.049s][info][gc             ] GC(142) Pause Young (Allocation Failure) 1438M->1439M(1608M) 82.840ms
[10.049s][info][gc,cpu         ] GC(142) User=0.45s Sys=0.00s Real=0.08s
[10.072s][info][gc,start       ] GC(143) Pause Young (Allocation Failure)
[10.108s][info][gc,heap        ] GC(143) PSYoungGen: 65888K(66048K)->65888K(125440K) Eden: 22528K(22528K)->0K(23552K) From: 43360K(43520K)->65888K(101888K)
[10.108s][info][gc,heap        ] GC(143) ParOldGen: 1430261K(1580544K)->1430261K(1580544K)
[10.108s][info][gc,metaspace   ] GC(143) Metaspace: 6298K(6464K)->6298K(6464K) NonClass: 5764K(5824K)->5764K(5824K) Class: 533K(640K)->533K(640K)
[10.108s][info][gc             ] GC(143) Pause Young (Allocation Failure) 1461M->1461M(1666M) 36.238ms
[10.108s][info][gc,cpu         ] GC(143) User=0.08s Sys=0.00s Real=0.04s
[10.130s][info][gc,start       ] GC(144) Pause Young (Allocation Failure)
[10.173s][info][gc,heap        ] GC(144) PSYoungGen: 89440K(125440K)->89440K(126464K) Eden: 23552K(23552K)->0K(23552K) From: 65888K(101888K)->89440K(102912K)
[10.173s][info][gc,heap        ] GC(144) ParOldGen: 1430261K(1580544K)->1430261K(1580544K)
[10.174s][info][gc,metaspace   ] GC(144) Metaspace: 6298K(6464K)->6298K(6464K) NonClass: 5764K(5824K)->5764K(5824K) Class: 533K(640K)->533K(640K)
[10.174s][info][gc             ] GC(144) Pause Young (Allocation Failure) 1484M->1484M(1667M) 43.523ms
[10.174s][info][gc,cpu         ] GC(144) User=0.16s Sys=0.00s Real=0.04s
[10.198s][info][gc,start       ] GC(145) Pause Young (Allocation Failure)
[10.251s][info][gc,heap        ] GC(145) PSYoungGen: 112992K(126464K)->112128K(122368K) Eden: 23552K(23552K)->0K(10240K) From: 89440K(102912K)->112128K(112128K)
[10.251s][info][gc,heap        ] GC(145) ParOldGen: 1430261K(1580544K)->1431093K(1580544K)
[10.251s][info][gc,metaspace   ] GC(145) Metaspace: 6298K(6464K)->6298K(6464K) NonClass: 5764K(5824K)->5764K(5824K) Class: 533K(640K)->533K(640K)
[10.251s][info][gc             ] GC(145) Pause Young (Allocation Failure) 1507M->1507M(1663M) 52.668ms
[10.251s][info][gc,cpu         ] GC(145) User=0.33s Sys=0.05s Real=0.05s
[10.262s][info][gc,start       ] GC(146) Pause Young (Allocation Failure)
[10.316s][info][gc,heap        ] GC(146) PSYoungGen: 122368K(122368K)->110592K(138240K) Eden: 10240K(10240K)->0K(10240K) From: 112128K(112128K)->110592K(128000K)
[10.316s][info][gc,heap        ] GC(146) ParOldGen: 1431093K(1580544K)->1443133K(1580544K)
[10.316s][info][gc,metaspace   ] GC(146) Metaspace: 6298K(6464K)->6298K(6464K) NonClass: 5764K(5824K)->5764K(5824K) Class: 533K(640K)->533K(640K)
[10.316s][info][gc             ] GC(146) Pause Young (Allocation Failure) 1517M->1517M(1678M) 54.668ms
[10.316s][info][gc,cpu         ] GC(146) User=0.16s Sys=0.02s Real=0.06s
[10.327s][info][gc,start       ] GC(147) Pause Young (Allocation Failure)
[10.381s][info][gc,heap        ] GC(147) PSYoungGen: 120832K(138240K)->89952K(150528K) Eden: 10240K(10240K)->0K(10240K) From: 110592K(128000K)->89952K(140288K)
[10.381s][info][gc,heap        ] GC(147) ParOldGen: 1443133K(1580544K)->1474333K(1580544K)
[10.381s][info][gc,metaspace   ] GC(147) Metaspace: 6298K(6464K)->6298K(6464K) NonClass: 5764K(5824K)->5764K(5824K) Class: 533K(640K)->533K(640K)
[10.381s][info][gc             ] GC(147) Pause Young (Allocation Failure) 1527M->1527M(1690M) 54.840ms
[10.381s][info][gc,cpu         ] GC(147) User=0.36s Sys=0.00s Real=0.05s
[10.392s][info][gc,start       ] GC(148) Pause Young (Allocation Failure)
[10.440s][info][gc,heap        ] GC(148) PSYoungGen: 100192K(150528K)->54240K(64512K) Eden: 10240K(10240K)->0K(10240K) From: 89952K(140288K)->54240K(54272K)
[10.440s][info][gc,heap        ] GC(148) ParOldGen: 1474333K(1580544K)->1520797K(1580544K)
[10.440s][info][gc,metaspace   ] GC(148) Metaspace: 6298K(6464K)->6298K(6464K) NonClass: 5764K(5824K)->5764K(5824K) Class: 533K(640K)->533K(640K)
[10.440s][info][gc             ] GC(148) Pause Young (Allocation Failure) 1537M->1538M(1606M) 48.161ms
[10.440s][info][gc,cpu         ] GC(148) User=0.22s Sys=0.05s Real=0.05s
[10.451s][info][gc,start       ] GC(149) Pause Young (Allocation Failure)
[10.486s][info][gc,heap        ] GC(149) PSYoungGen: 64480K(64512K)->30848K(146432K) Eden: 10240K(10240K)->0K(11776K) From: 54240K(54272K)->30848K(134656K)
[10.486s][info][gc,heap        ] GC(149) ParOldGen: 1520797K(1580544K)->1554869K(1580544K)
[10.486s][info][gc,metaspace   ] GC(149) Metaspace: 6298K(6464K)->6298K(6464K) NonClass: 5764K(5824K)->5764K(5824K) Class: 533K(640K)->533K(640K)
[10.486s][info][gc             ] GC(149) Pause Young (Allocation Failure) 1548M->1548M(1686M) 35.111ms
[10.486s][info][gc,cpu         ] GC(149) User=0.11s Sys=0.05s Real=0.03s
[10.486s][info][gc,start       ] GC(150) Pause Full (Ergonomics)
[10.486s][info][gc,phases,start] GC(150) Marking Phase
[10.835s][info][gc,phases      ] GC(150) Marking Phase 349.530ms
[10.836s][info][gc,phases,start] GC(150) Summary Phase
[10.836s][info][gc,phases      ] GC(150) Summary Phase 0.037ms
[10.836s][info][gc,phases,start] GC(150) Adjust Roots
[10.836s][info][gc,phases      ] GC(150) Adjust Roots 0.160ms
[10.836s][info][gc,phases,start] GC(150) Compaction Phase
[10.996s][info][gc,phases      ] GC(150) Compaction Phase 159.790ms
[10.996s][info][gc,phases,start] GC(150) Post Compact
[10.999s][info][gc,phases      ] GC(150) Post Compact 2.993ms
[10.999s][info][gc,heap        ] GC(150) PSYoungGen: 30848K(146432K)->3547K(147456K) Eden: 0K(11776K)->0K(12800K) From: 30848K(134656K)->3547K(134656K)
[11.000s][info][gc,heap        ] GC(150) ParOldGen: 1554869K(1580544K)->1580204K(1754112K)
[11.000s][info][gc,metaspace   ] GC(150) Metaspace: 6298K(6464K)->6298K(6464K) NonClass: 5764K(5824K)->5764K(5824K) Class: 533K(640K)->533K(640K)
[11.000s][info][gc             ] GC(150) Pause Full (Ergonomics) 1548M->1546M(1857M) 513.659ms
[11.000s][info][gc,cpu         ] GC(150) User=3.56s Sys=0.00s Real=0.51s
[11.015s][info][gc,start       ] GC(151) Pause Young (Allocation Failure)
[11.091s][info][gc,heap        ] GC(151) PSYoungGen: 16347K(147456K)->15840K(148480K) Eden: 12800K(12800K)->0K(12800K) From: 3547K(134656K)->15840K(135680K)
[11.091s][info][gc,heap        ] GC(151) ParOldGen: 1580204K(1754112K)->1580828K(1754112K)
[11.091s][info][gc,metaspace   ] GC(151) Metaspace: 6298K(6464K)->6298K(6464K) NonClass: 5764K(5824K)->5764K(5824K) Class: 533K(640K)->533K(640K)
[11.091s][info][gc             ] GC(151) Pause Young (Allocation Failure) 1559M->1559M(1858M) 76.410ms
[11.091s][info][gc,cpu         ] GC(151) User=0.50s Sys=0.00s Real=0.08s
[11.104s][info][gc,start       ] GC(152) Pause Young (Allocation Failure)
[11.129s][info][gc,heap        ] GC(152) PSYoungGen: 28640K(148480K)->25728K(146432K) Eden: 12800K(12800K)->0K(14336K) From: 15840K(135680K)->25728K(132096K)
[11.129s][info][gc,heap        ] GC(152) ParOldGen: 1580828K(1754112K)->1583860K(1754112K)
[11.129s][info][gc,metaspace   ] GC(152) Metaspace: 6298K(6464K)->6298K(6464K) NonClass: 5764K(5824K)->5764K(5824K) Class: 533K(640K)->533K(640K)
[11.129s][info][gc             ] GC(152) Pause Young (Allocation Failure) 1571M->1571M(1856M) 25.144ms
[11.129s][info][gc,cpu         ] GC(152) User=0.02s Sys=0.00s Real=0.03s
[11.142s][info][gc,start       ] GC(153) Pause Young (Allocation Failure)
[11.171s][info][gc,heap        ] GC(153) PSYoungGen: 40064K(146432K)->14464K(148480K) Eden: 14336K(14336K)->0K(14336K) From: 25728K(132096K)->14464K(134144K)
[11.171s][info][gc,heap        ] GC(153) ParOldGen: 1583860K(1754112K)->1609764K(1754112K)
[11.171s][info][gc,metaspace   ] GC(153) Metaspace: 6298K(6464K)->6298K(6464K) NonClass: 5764K(5824K)->5764K(5824K) Class: 533K(640K)->533K(640K)
[11.171s][info][gc             ] GC(153) Pause Young (Allocation Failure) 1585M->1586M(1858M) 28.603ms
[11.171s][info][gc,cpu         ] GC(153) User=0.05s Sys=0.00s Real=0.03s
[11.185s][info][gc,start       ] GC(154) Pause Young (Allocation Failure)
[11.210s][info][gc,heap        ] GC(154) PSYoungGen: 28800K(148480K)->14496K(145408K) Eden: 14336K(14336K)->0K(16384K) From: 14464K(134144K)->14496K(129024K)
[11.210s][info][gc,heap        ] GC(154) ParOldGen: 1609764K(1754112K)->1624276K(1754112K)
[11.210s][info][gc,metaspace   ] GC(154) Metaspace: 6298K(6464K)->6298K(6464K) NonClass: 5764K(5824K)->5764K(5824K) Class: 533K(640K)->533K(640K)
[11.210s][info][gc             ] GC(154) Pause Young (Allocation Failure) 1600M->1600M(1855M) 24.724ms
[11.210s][info][gc,cpu         ] GC(154) User=0.03s Sys=0.00s Real=0.02s
[11.227s][info][gc,start       ] GC(155) Pause Young (Allocation Failure)
[11.252s][info][gc,heap        ] GC(155) PSYoungGen: 30880K(145408K)->16544K(33280K) Eden: 16384K(16384K)->0K(16384K) From: 14496K(129024K)->16544K(16896K)
[11.252s][info][gc,heap        ] GC(155) ParOldGen: 1624276K(1754112K)->1638804K(1754112K)
[11.252s][info][gc,metaspace   ] GC(155) Metaspace: 6298K(6464K)->6298K(6464K) NonClass: 5764K(5824K)->5764K(5824K) Class: 533K(640K)->533K(640K)
[11.252s][info][gc             ] GC(155) Pause Young (Allocation Failure) 1616M->1616M(1745M) 25.182ms
[11.252s][info][gc,cpu         ] GC(155) User=0.02s Sys=0.00s Real=0.02s
[11.268s][info][gc,start       ] GC(156) Pause Young (Allocation Failure)
[11.294s][info][gc,heap        ] GC(156) PSYoungGen: 32928K(33280K)->16544K(138752K) Eden: 16384K(16384K)->0K(18944K) From: 16544K(16896K)->16544K(119808K)
[11.294s][info][gc,heap        ] GC(156) ParOldGen: 1638804K(1754112K)->1655412K(1754112K)
[11.295s][info][gc,metaspace   ] GC(156) Metaspace: 6298K(6464K)->6298K(6464K) NonClass: 5764K(5824K)->5764K(5824K) Class: 533K(640K)->533K(640K)
[11.295s][info][gc             ] GC(156) Pause Young (Allocation Failure) 1632M->1632M(1848M) 26.374ms
[11.295s][info][gc,cpu         ] GC(156) User=0.05s Sys=0.00s Real=0.03s
[11.315s][info][gc,start       ] GC(157) Pause Young (Allocation Failure)
[11.342s][info][gc,heap        ] GC(157) PSYoungGen: 35488K(138752K)->19040K(38400K) Eden: 18944K(18944K)->0K(18944K) From: 16544K(119808K)->19040K(19456K)
[11.342s][info][gc,heap        ] GC(157) ParOldGen: 1655412K(1754112K)->1672012K(1754112K)
[11.342s][info][gc,metaspace   ] GC(157) Metaspace: 6298K(6464K)->6298K(6464K) NonClass: 5764K(5824K)->5764K(5824K) Class: 533K(640K)->533K(640K)
[11.342s][info][gc             ] GC(157) Pause Young (Allocation Failure) 1651M->1651M(1750M) 27.409ms
[11.342s][info][gc,cpu         ] GC(157) User=0.03s Sys=0.00s Real=0.03s
[11.361s][info][gc,start       ] GC(158) Pause Young (Allocation Failure)
[11.390s][info][gc,heap        ] GC(158) PSYoungGen: 37984K(38400K)->19040K(132096K) Eden: 18944K(18944K)->0K(21504K) From: 19040K(19456K)->19040K(110592K)
[11.390s][info][gc,heap        ] GC(158) ParOldGen: 1672012K(1754112K)->1691204K(1754112K)
[11.390s][info][gc,metaspace   ] GC(158) Metaspace: 6298K(6464K)->6298K(6464K) NonClass: 5764K(5824K)->5764K(5824K) Class: 533K(640K)->533K(640K)
[11.390s][info][gc             ] GC(158) Pause Young (Allocation Failure) 1669M->1670M(1842M) 28.581ms
[11.390s][info][gc,cpu         ] GC(158) User=0.03s Sys=0.02s Real=0.03s
[11.413s][info][gc,start       ] GC(159) Pause Young (Allocation Failure)
[11.442s][info][gc,heap        ] GC(159) PSYoungGen: 40544K(132096K)->21664K(43520K) Eden: 21504K(21504K)->0K(21504K) From: 19040K(110592K)->21664K(22016K)
[11.442s][info][gc,heap        ] GC(159) ParOldGen: 1691204K(1754112K)->1710396K(1754112K)
[11.442s][info][gc,metaspace   ] GC(159) Metaspace: 6298K(6464K)->6298K(6464K) NonClass: 5764K(5824K)->5764K(5824K) Class: 533K(640K)->533K(640K)
[11.442s][info][gc             ] GC(159) Pause Young (Allocation Failure) 1691M->1691M(1755M) 28.681ms
[11.442s][info][gc,cpu         ] GC(159) User=0.03s Sys=0.00s Real=0.03s
[11.466s][info][gc,start       ] GC(160) Pause Young (Allocation Failure)
[11.496s][info][gc,heap        ] GC(160) PSYoungGen: 43168K(43520K)->21696K(124416K) Eden: 21504K(21504K)->0K(24576K) From: 21664K(22016K)->21696K(99840K)
[11.496s][info][gc,heap        ] GC(160) ParOldGen: 1710396K(1754112K)->1732220K(1754112K)
[11.496s][info][gc,metaspace   ] GC(160) Metaspace: 6298K(6464K)->6298K(6464K) NonClass: 5764K(5824K)->5764K(5824K) Class: 533K(640K)->533K(640K)
[11.496s][info][gc             ] GC(160) Pause Young (Allocation Failure) 1712M->1712M(1834M) 30.232ms
[11.496s][info][gc,cpu         ] GC(160) User=0.14s Sys=0.00s Real=0.03s
[11.496s][info][gc,start       ] GC(161) Pause Full (Ergonomics)
[11.496s][info][gc,phases,start] GC(161) Marking Phase
[11.886s][info][gc,phases      ] GC(161) Marking Phase 390.555ms
[11.887s][info][gc,phases,start] GC(161) Summary Phase
[11.887s][info][gc,phases      ] GC(161) Summary Phase 0.056ms
[11.887s][info][gc,phases,start] GC(161) Adjust Roots
[11.887s][info][gc,phases      ] GC(161) Adjust Roots 0.228ms
[11.887s][info][gc,phases,start] GC(161) Compaction Phase
[12.065s][info][gc,phases      ] GC(161) Compaction Phase 177.599ms
[12.065s][info][gc,phases,start] GC(161) Post Compact
[12.068s][info][gc,phases      ] GC(161) Post Compact 3.298ms
[12.069s][info][gc,heap        ] GC(161) PSYoungGen: 21696K(124416K)->0K(129536K) Eden: 0K(24576K)->0K(24576K) From: 21696K(99840K)->0K(104960K)
[12.069s][info][gc,heap        ] GC(161) ParOldGen: 1732220K(1754112K)->1751354K(1924096K)
[12.069s][info][gc,metaspace   ] GC(161) Metaspace: 6298K(6464K)->6298K(6464K) NonClass: 5764K(5824K)->5764K(5824K) Class: 533K(640K)->533K(640K)
[12.069s][info][gc             ] GC(161) Pause Full (Ergonomics) 1712M->1710M(2005M) 572.914ms
[12.069s][info][gc,cpu         ] GC(161) User=3.92s Sys=0.00s Real=0.57s
[12.097s][info][gc,start       ] GC(162) Pause Young (Allocation Failure)
[12.120s][info][gc,heap        ] GC(162) PSYoungGen: 24576K(129536K)->24768K(120320K) Eden: 24576K(24576K)->0K(27136K) From: 0K(104960K)->24768K(93184K)
[12.121s][info][gc,heap        ] GC(162) ParOldGen: 1751354K(1924096K)->1751354K(1924096K)
[12.121s][info][gc,metaspace   ] GC(162) Metaspace: 6298K(6464K)->6298K(6464K) NonClass: 5764K(5824K)->5764K(5824K) Class: 533K(640K)->533K(640K)
[12.121s][info][gc             ] GC(162) Pause Young (Allocation Failure) 1734M->1734M(1996M) 23.587ms
[12.121s][info][gc,cpu         ] GC(162) User=0.03s Sys=0.00s Real=0.02s
[12.151s][info][gc,start       ] GC(163) Pause Young (Allocation Failure)
[12.183s][info][gc,heap        ] GC(163) PSYoungGen: 51904K(120320K)->51936K(126464K) Eden: 27136K(27136K)->0K(27136K) From: 24768K(93184K)->51936K(99328K)
[12.183s][info][gc,heap        ] GC(163) ParOldGen: 1751354K(1924096K)->1751354K(1924096K)
[12.183s][info][gc,metaspace   ] GC(163) Metaspace: 6298K(6464K)->6298K(6464K) NonClass: 5764K(5824K)->5764K(5824K) Class: 533K(640K)->533K(640K)
[12.183s][info][gc             ] GC(163) Pause Young (Allocation Failure) 1760M->1761M(2002M) 31.250ms
[12.183s][info][gc,cpu         ] GC(163) User=0.03s Sys=0.00s Real=0.03s
[12.210s][info][gc,start       ] GC(164) Pause Young (Allocation Failure)
[12.252s][info][gc,heap        ] GC(164) PSYoungGen: 79072K(126464K)->79040K(120320K) Eden: 27136K(27136K)->0K(20480K) From: 51936K(99328K)->79040K(99840K)
[12.252s][info][gc,heap        ] GC(164) ParOldGen: 1751354K(1924096K)->1751354K(1924096K)
[12.252s][info][gc,metaspace   ] GC(164) Metaspace: 6298K(6464K)->6298K(6464K) NonClass: 5764K(5824K)->5764K(5824K) Class: 533K(640K)->533K(640K)
[12.252s][info][gc             ] GC(164) Pause Young (Allocation Failure) 1787M->1787M(1996M) 41.881ms
[12.252s][info][gc,cpu         ] GC(164) User=0.38s Sys=0.00s Real=0.04s
[12.272s][info][gc,start       ] GC(165) Pause Young (Allocation Failure)
[12.320s][info][gc,heap        ] GC(165) PSYoungGen: 99520K(120320K)->74976K(130048K) Eden: 20480K(20480K)->0K(20480K) From: 79040K(99840K)->74976K(109568K)
[12.321s][info][gc,heap        ] GC(165) ParOldGen: 1751354K(1924096K)->1776274K(1924096K)
[12.321s][info][gc,metaspace   ] GC(165) Metaspace: 6298K(6464K)->6298K(6464K) NonClass: 5764K(5824K)->5764K(5824K) Class: 533K(640K)->533K(640K)
[12.321s][info][gc             ] GC(165) Pause Young (Allocation Failure) 1807M->1807M(2006M) 48.138ms
[12.321s][info][gc,cpu         ] GC(165) User=0.25s Sys=0.00s Real=0.05s
[12.345s][info][gc,start       ] GC(166) Pause Young (Allocation Failure)
[12.392s][info][gc,heap        ] GC(166) PSYoungGen: 95456K(130048K)->68256K(136704K) Eden: 20480K(20480K)->0K(20992K) From: 74976K(109568K)->68256K(115712K)
[12.392s][info][gc,heap        ] GC(166) ParOldGen: 1776274K(1924096K)->1803778K(1924096K)
[12.392s][info][gc,metaspace   ] GC(166) Metaspace: 6298K(6464K)->6298K(6464K) NonClass: 5764K(5824K)->5764K(5824K) Class: 533K(640K)->533K(640K)
[12.392s][info][gc             ] GC(166) Pause Young (Allocation Failure) 1827M->1828M(2012M) 47.076ms
[12.392s][info][gc,cpu         ] GC(166) User=0.27s Sys=0.00s Real=0.05s
[12.417s][info][gc,start       ] GC(167) Pause Young (Allocation Failure)
[12.462s][info][gc,heap        ] GC(167) PSYoungGen: 89248K(136704K)->62144K(138752K) Eden: 20992K(20992K)->0K(20992K) From: 68256K(115712K)->62144K(117760K)
[12.463s][info][gc,heap        ] GC(167) ParOldGen: 1803778K(1924096K)->1831290K(1924096K)
[12.463s][info][gc,metaspace   ] GC(167) Metaspace: 6298K(6464K)->6298K(6464K) NonClass: 5764K(5824K)->5764K(5824K) Class: 533K(640K)->533K(640K)
[12.463s][info][gc             ] GC(167) Pause Young (Allocation Failure) 1848M->1849M(2014M) 45.897ms
[12.463s][info][gc,cpu         ] GC(167) User=0.23s Sys=0.03s Real=0.05s
[12.487s][info][gc,start       ] GC(168) Pause Young (Allocation Failure)
[12.530s][info][gc,heap        ] GC(168) PSYoungGen: 83136K(138752K)->42176K(128512K) Eden: 20992K(20992K)->0K(24064K) From: 62144K(117760K)->42176K(104448K)
[12.530s][info][gc,heap        ] GC(168) ParOldGen: 1831290K(1924096K)->1872786K(1924096K)
[12.530s][info][gc,metaspace   ] GC(168) Metaspace: 6298K(6464K)->6298K(6464K) NonClass: 5764K(5824K)->5764K(5824K) Class: 533K(640K)->533K(640K)
[12.530s][info][gc             ] GC(168) Pause Young (Allocation Failure) 1869M->1870M(2004M) 42.982ms
[12.530s][info][gc,cpu         ] GC(168) User=0.23s Sys=0.03s Real=0.04s
[12.556s][info][gc,start       ] GC(169) Pause Young (Allocation Failure)
[12.595s][info][gc,heap        ] GC(169) PSYoungGen: 66240K(128512K)->24224K(134656K) Eden: 24064K(24064K)->0K(24064K) From: 42176K(104448K)->24224K(110592K)
[12.595s][info][gc,heap        ] GC(169) ParOldGen: 1872786K(1924096K)->1915322K(1924096K)
[12.595s][info][gc,metaspace   ] GC(169) Metaspace: 6298K(6464K)->6298K(6464K) NonClass: 5764K(5824K)->5764K(5824K) Class: 533K(640K)->533K(640K)
[12.595s][info][gc             ] GC(169) Pause Young (Allocation Failure) 1893M->1894M(2010M) 39.730ms
[12.595s][info][gc,cpu         ] GC(169) User=0.16s Sys=0.00s Real=0.04s
[12.595s][info][gc,start       ] GC(170) Pause Full (Ergonomics)
[12.595s][info][gc,phases,start] GC(170) Marking Phase
[13.058s][info][gc,phases      ] GC(170) Marking Phase 462.137ms
[13.058s][info][gc,phases,start] GC(170) Summary Phase
[13.058s][info][gc,phases      ] GC(170) Summary Phase 0.051ms
[13.058s][info][gc,phases,start] GC(170) Adjust Roots
[13.058s][info][gc,phases      ] GC(170) Adjust Roots 0.196ms
[13.058s][info][gc,phases,start] GC(170) Compaction Phase
[13.238s][info][gc,phases      ] GC(170) Compaction Phase 179.704ms
[13.238s][info][gc,phases,start] GC(170) Post Compact
[13.241s][info][gc,phases      ] GC(170) Post Compact 3.463ms
[13.242s][info][gc,heap        ] GC(170) PSYoungGen: 24224K(134656K)->13301K(134656K) Eden: 0K(24064K)->0K(24064K) From: 24224K(110592K)->13301K(110592K)
[13.242s][info][gc,heap        ] GC(170) ParOldGen: 1915322K(1924096K)->1923664K(2126848K)
[13.242s][info][gc,metaspace   ] GC(170) Metaspace: 6298K(6464K)->6298K(6464K) NonClass: 5764K(5824K)->5764K(5824K) Class: 533K(640K)->533K(640K)
[13.242s][info][gc             ] GC(170) Pause Full (Ergonomics) 1894M->1891M(2208M) 646.603ms
[13.242s][info][gc,cpu         ] GC(170) User=4.78s Sys=0.00s Real=0.65s
[13.272s][info][gc,start       ] GC(171) Pause Young (Allocation Failure)
[13.371s][info][gc,heap        ] GC(171) PSYoungGen: 37365K(134656K)->24256K(127488K) Eden: 24064K(24064K)->0K(26624K) From: 13301K(110592K)->24256K(100864K)
[13.371s][info][gc,heap        ] GC(171) ParOldGen: 1923664K(2126848K)->1937160K(2126848K)
[13.371s][info][gc,metaspace   ] GC(171) Metaspace: 6298K(6464K)->6298K(6464K) NonClass: 5764K(5824K)->5764K(5824K) Class: 533K(640K)->533K(640K)
[13.371s][info][gc             ] GC(171) Pause Young (Allocation Failure) 1915M->1915M(2201M) 99.451ms
[13.371s][info][gc,cpu         ] GC(171) User=0.77s Sys=0.00s Real=0.10s
[13.405s][info][gc,start       ] GC(172) Pause Young (Allocation Failure)
[13.439s][info][gc,heap        ] GC(172) PSYoungGen: 50880K(127488K)->50912K(131584K) Eden: 26624K(26624K)->0K(26624K) From: 24256K(100864K)->50912K(104960K)
[13.439s][info][gc,heap        ] GC(172) ParOldGen: 1937160K(2126848K)->1937160K(2126848K)
[13.439s][info][gc,metaspace   ] GC(172) Metaspace: 6298K(6464K)->6298K(6464K) NonClass: 5764K(5824K)->5764K(5824K) Class: 533K(640K)->533K(640K)
[13.439s][info][gc             ] GC(172) Pause Young (Allocation Failure) 1941M->1941M(2205M) 34.505ms
[13.439s][info][gc,cpu         ] GC(172) User=0.14s Sys=0.00s Real=0.03s
[13.473s][info][gc,start       ] GC(173) Pause Young (Allocation Failure)
[13.517s][info][gc,heap        ] GC(173) PSYoungGen: 77536K(131584K)->53440K(127488K) Eden: 26624K(26624K)->0K(29696K) From: 50912K(104960K)->53440K(97792K)
[13.517s][info][gc,heap        ] GC(173) ParOldGen: 1937160K(2126848K)->1961552K(2126848K)
[13.517s][info][gc,metaspace   ] GC(173) Metaspace: 6298K(6464K)->6298K(6464K) NonClass: 5764K(5824K)->5764K(5824K) Class: 533K(640K)->533K(640K)
[13.517s][info][gc             ] GC(173) Pause Young (Allocation Failure) 1967M->1967M(2201M) 43.321ms
[13.517s][info][gc,cpu         ] GC(173) User=0.23s Sys=0.03s Real=0.04s
[13.554s][info][gc,start       ] GC(174) Pause Young (Allocation Failure)
[13.601s][info][gc,heap        ] GC(174) PSYoungGen: 83136K(127488K)->56512K(129536K) Eden: 29696K(29696K)->0K(29696K) From: 53440K(97792K)->56512K(99840K)
[13.601s][info][gc,heap        ] GC(174) ParOldGen: 1961552K(2126848K)->1988560K(2126848K)
[13.601s][info][gc,metaspace   ] GC(174) Metaspace: 6298K(6464K)->6298K(6464K) NonClass: 5764K(5824K)->5764K(5824K) Class: 533K(640K)->533K(640K)
[13.601s][info][gc             ] GC(174) Pause Young (Allocation Failure) 1996M->1997M(2203M) 47.003ms
[13.601s][info][gc,cpu         ] GC(174) User=0.23s Sys=0.02s Real=0.05s
[13.632s][info][gc,start       ] GC(175) Pause Young (Allocation Failure)
[13.679s][info][gc,heap        ] GC(175) PSYoungGen: 86208K(129536K)->59584K(132096K) Eden: 29696K(29696K)->0K(33280K) From: 56512K(99840K)->59584K(98816K)
[13.679s][info][gc,heap        ] GC(175) ParOldGen: 1988560K(2126848K)->2015568K(2126848K)
[13.679s][info][gc,metaspace   ] GC(175) Metaspace: 6298K(6464K)->6298K(6464K) NonClass: 5764K(5824K)->5764K(5824K) Class: 533K(640K)->533K(640K)
[13.679s][info][gc             ] GC(175) Pause Young (Allocation Failure) 2026M->2026M(2206M) 47.044ms
[13.679s][info][gc,cpu         ] GC(175) User=0.23s Sys=0.03s Real=0.05s
[13.714s][info][gc,start       ] GC(176) Pause Young (Allocation Failure)
[13.766s][info][gc,heap        ] GC(176) PSYoungGen: 92864K(132096K)->63200K(132096K) Eden: 33280K(33280K)->0K(33280K) From: 59584K(98816K)->63200K(98816K)
[13.766s][info][gc,heap        ] GC(176) ParOldGen: 2015568K(2126848K)->2045696K(2126848K)
[13.766s][info][gc,metaspace   ] GC(176) Metaspace: 6298K(6464K)->6298K(6464K) NonClass: 5764K(5824K)->5764K(5824K) Class: 533K(640K)->533K(640K)
[13.766s][info][gc             ] GC(176) Pause Young (Allocation Failure) 2059M->2059M(2206M) 51.969ms
[13.766s][info][gc,cpu         ] GC(176) User=0.23s Sys=0.02s Real=0.05s
[13.802s][info][gc,start       ] GC(177) Pause Young (Allocation Failure)
[13.853s][info][gc,heap        ] GC(177) PSYoungGen: 96480K(132096K)->66784K(135680K) Eden: 33280K(33280K)->0K(35840K) From: 63200K(98816K)->66784K(99840K)
[13.853s][info][gc,heap        ] GC(177) ParOldGen: 2045696K(2126848K)->2075792K(2126848K)
[13.853s][info][gc,metaspace   ] GC(177) Metaspace: 6298K(6464K)->6298K(6464K) NonClass: 5764K(5824K)->5764K(5824K) Class: 533K(640K)->533K(640K)
[13.853s][info][gc             ] GC(177) Pause Young (Allocation Failure) 2091M->2092M(2209M) 50.867ms
[13.853s][info][gc,cpu         ] GC(177) User=0.30s Sys=0.00s Real=0.05s
[13.892s][info][gc,start       ] GC(178) Pause Young (Allocation Failure)
[13.946s][info][gc,heap        ] GC(178) PSYoungGen: 102624K(135680K)->69344K(137216K) Eden: 35840K(35840K)->0K(35840K) From: 66784K(99840K)->69344K(101376K)
[13.946s][info][gc,heap        ] GC(178) ParOldGen: 2075792K(2126848K)->2109528K(2126848K)
[13.946s][info][gc,metaspace   ] GC(178) Metaspace: 6298K(6464K)->6298K(6464K) NonClass: 5764K(5824K)->5764K(5824K) Class: 533K(640K)->533K(640K)
[13.946s][info][gc             ] GC(178) Pause Young (Allocation Failure) 2127M->2127M(2211M) 54.027ms
[13.946s][info][gc,cpu         ] GC(178) User=0.38s Sys=0.02s Real=0.05s
[13.946s][info][gc,start       ] GC(179) Pause Full (Ergonomics)
[13.946s][info][gc,phases,start] GC(179) Marking Phase
[14.430s][info][gc,phases      ] GC(179) Marking Phase 484.182ms
[14.430s][info][gc,phases,start] GC(179) Summary Phase
[14.430s][info][gc,phases      ] GC(179) Summary Phase 0.034ms
[14.430s][info][gc,phases,start] GC(179) Adjust Roots
[14.431s][info][gc,phases      ] GC(179) Adjust Roots 0.180ms
[14.431s][info][gc,phases,start] GC(179) Compaction Phase
[14.623s][info][gc,phases      ] GC(179) Compaction Phase 191.934ms
[14.623s][info][gc,phases,start] GC(179) Post Compact
[14.627s][info][gc,phases      ] GC(179) Post Compact 4.290ms
[14.628s][info][gc,heap        ] GC(179) PSYoungGen: 69344K(137216K)->49121K(137216K) Eden: 0K(35840K)->0K(35840K) From: 69344K(101376K)->49121K(101376K)
[14.628s][info][gc,heap        ] GC(179) ParOldGen: 2109528K(2126848K)->2126691K(2343424K)
[14.628s][info][gc,metaspace   ] GC(179) Metaspace: 6298K(6464K)->6298K(6464K) NonClass: 5764K(5824K)->5764K(5824K) Class: 533K(640K)->533K(640K)
[14.628s][info][gc             ] GC(179) Pause Full (Ergonomics) 2127M->2124M(2422M) 681.950ms
[14.628s][info][gc,cpu         ] GC(179) User=4.92s Sys=0.05s Real=0.68s
[14.672s][info][gc,start       ] GC(180) Pause Young (Allocation Failure)
[14.810s][info][gc,heap        ] GC(180) PSYoungGen: 84961K(137216K)->61792K(139264K) Eden: 35840K(35840K)->0K(39424K) From: 49121K(101376K)->61792K(99840K)
[14.810s][info][gc,heap        ] GC(180) ParOldGen: 2126691K(2343424K)->2150419K(2343424K)
[14.810s][info][gc,metaspace   ] GC(180) Metaspace: 6298K(6464K)->6298K(6464K) NonClass: 5764K(5824K)->5764K(5824K) Class: 533K(640K)->533K(640K)
[14.810s][info][gc             ] GC(180) Pause Young (Allocation Failure) 2159M->2160M(2424M) 137.155ms
[14.810s][info][gc,cpu         ] GC(180) User=0.89s Sys=0.00s Real=0.14s
[14.861s][info][gc,start       ] GC(181) Pause Young (Allocation Failure)
[14.917s][info][gc,heap        ] GC(181) PSYoungGen: 101216K(139264K)->101248K(141312K) Eden: 39424K(39424K)->0K(39424K) From: 61792K(99840K)->101248K(101888K)
[14.917s][info][gc,heap        ] GC(181) ParOldGen: 2150419K(2343424K)->2150419K(2343424K)
[14.917s][info][gc,metaspace   ] GC(181) Metaspace: 6298K(6464K)->6298K(6464K) NonClass: 5764K(5824K)->5764K(5824K) Class: 533K(640K)->533K(640K)
[14.917s][info][gc             ] GC(181) Pause Young (Allocation Failure) 2198M->2198M(2426M) 56.743ms
[14.917s][info][gc,cpu         ] GC(181) User=0.38s Sys=0.00s Real=0.06s
[14.963s][info][gc,start       ] GC(182) Pause Young (Allocation Failure)
[15.039s][info][gc,heap        ] GC(182) PSYoungGen: 140672K(141312K)->114688K(133120K) Eden: 39424K(39424K)->0K(18432K) From: 101248K(101888K)->114688K(114688K)
[15.039s][info][gc,heap        ] GC(182) ParOldGen: 2150419K(2343424K)->2176739K(2343424K)
[15.039s][info][gc,metaspace   ] GC(182) Metaspace: 6298K(6464K)->6298K(6464K) NonClass: 5764K(5824K)->5764K(5824K) Class: 533K(640K)->533K(640K)
[15.039s][info][gc             ] GC(182) Pause Young (Allocation Failure) 2237M->2237M(2418M) 75.707ms
[15.039s][info][gc,cpu         ] GC(182) User=0.47s Sys=0.03s Real=0.08s
[15.061s][info][gc,start       ] GC(183) Pause Young (Allocation Failure)
[15.129s][info][gc,heap        ] GC(183) PSYoungGen: 133120K(133120K)->57984K(76800K) Eden: 18432K(18432K)->0K(18432K) From: 114688K(114688K)->57984K(58368K)
[15.129s][info][gc,heap        ] GC(183) ParOldGen: 2176739K(2343424K)->2252827K(2343424K)
[15.129s][info][gc,metaspace   ] GC(183) Metaspace: 6298K(6464K)->6298K(6464K) NonClass: 5764K(5824K)->5764K(5824K) Class: 533K(640K)->533K(640K)
[15.129s][info][gc             ] GC(183) Pause Young (Allocation Failure) 2255M->2256M(2363M) 68.555ms
[15.129s][info][gc,cpu         ] GC(183) User=0.39s Sys=0.02s Real=0.07s
[15.152s][info][gc,start       ] GC(184) Pause Young (Allocation Failure)
[15.195s][info][gc,heap        ] GC(184) PSYoungGen: 76416K(76800K)->36992K(151552K) Eden: 18432K(18432K)->0K(20992K) From: 57984K(58368K)->36992K(130560K)
[15.195s][info][gc,heap        ] GC(184) ParOldGen: 2252827K(2343424K)->2292571K(2343424K)
[15.195s][info][gc,metaspace   ] GC(184) Metaspace: 6298K(6464K)->6298K(6464K) NonClass: 5764K(5824K)->5764K(5824K) Class: 533K(640K)->533K(640K)
[15.195s][info][gc             ] GC(184) Pause Young (Allocation Failure) 2274M->2274M(2436M) 43.065ms
[15.195s][info][gc,cpu         ] GC(184) User=0.27s Sys=0.00s Real=0.04s
[15.195s][info][gc,start       ] GC(185) Pause Full (Ergonomics)
[15.195s][info][gc,phases,start] GC(185) Marking Phase
[15.706s][info][gc,phases      ] GC(185) Marking Phase 510.801ms
[15.706s][info][gc,phases,start] GC(185) Summary Phase
[15.706s][info][gc,phases      ] GC(185) Summary Phase 0.048ms
[15.706s][info][gc,phases,start] GC(185) Adjust Roots
[15.706s][info][gc,phases      ] GC(185) Adjust Roots 0.166ms
[15.706s][info][gc,phases,start] GC(185) Compaction Phase
[15.899s][info][gc,phases      ] GC(185) Compaction Phase 192.402ms
[15.899s][info][gc,phases,start] GC(185) Post Compact
[15.903s][info][gc,phases      ] GC(185) Post Compact 3.905ms
[15.904s][info][gc,heap        ] GC(185) PSYoungGen: 36992K(151552K)->0K(153088K) Eden: 0K(20992K)->0K(20992K) From: 36992K(130560K)->0K(132096K)
[15.904s][info][gc,heap        ] GC(185) ParOldGen: 2292571K(2343424K)->2327204K(2575360K)
[15.904s][info][gc,metaspace   ] GC(185) Metaspace: 6298K(6464K)->6298K(6464K) NonClass: 5764K(5824K)->5764K(5824K) Class: 533K(640K)->533K(640K)
[15.904s][info][gc             ] GC(185) Pause Full (Ergonomics) 2274M->2272M(2664M) 708.435ms
[15.904s][info][gc,cpu         ] GC(185) User=5.17s Sys=0.06s Real=0.71s
[15.929s][info][gc,start       ] GC(186) Pause Young (Allocation Failure)
[15.952s][info][gc,heap        ] GC(186) PSYoungGen: 20992K(153088K)->21152K(155136K) Eden: 20992K(20992K)->0K(23552K) From: 0K(132096K)->21152K(131584K)
[15.952s][info][gc,heap        ] GC(186) ParOldGen: 2327204K(2575360K)->2327204K(2575360K)
[15.952s][info][gc,metaspace   ] GC(186) Metaspace: 6298K(6464K)->6298K(6464K) NonClass: 5764K(5824K)->5764K(5824K) Class: 533K(640K)->533K(640K)
[15.952s][info][gc             ] GC(186) Pause Young (Allocation Failure) 2293M->2293M(2666M) 23.754ms
[15.952s][info][gc,cpu         ] GC(186) User=0.03s Sys=0.00s Real=0.02s
[15.979s][info][gc,start       ] GC(187) Pause Young (Allocation Failure)
[16.010s][info][gc,heap        ] GC(187) PSYoungGen: 44704K(155136K)->44704K(68608K) Eden: 23552K(23552K)->0K(23552K) From: 21152K(131584K)->44704K(45056K)
[16.010s][info][gc,heap        ] GC(187) ParOldGen: 2327204K(2575360K)->2327204K(2575360K)
[16.010s][info][gc,metaspace   ] GC(187) Metaspace: 6298K(6464K)->6298K(6464K) NonClass: 5764K(5824K)->5764K(5824K) Class: 533K(640K)->533K(640K)
[16.010s][info][gc             ] GC(187) Pause Young (Allocation Failure) 2316M->2316M(2582M) 30.573ms
[16.010s][info][gc,cpu         ] GC(187) User=0.14s Sys=0.00s Real=0.03s
[16.037s][info][gc,start       ] GC(188) Pause Young (Allocation Failure)
[16.075s][info][gc,heap        ] GC(188) PSYoungGen: 68256K(68608K)->68224K(147968K) Eden: 23552K(23552K)->0K(26112K) From: 44704K(45056K)->68224K(121856K)
[16.075s][info][gc,heap        ] GC(188) ParOldGen: 2327204K(2575360K)->2327204K(2575360K)
[16.075s][info][gc,metaspace   ] GC(188) Metaspace: 6298K(6464K)->6298K(6464K) NonClass: 5764K(5824K)->5764K(5824K) Class: 533K(640K)->533K(640K)
[16.075s][info][gc             ] GC(188) Pause Young (Allocation Failure) 2339M->2339M(2659M) 37.953ms
[16.075s][info][gc,cpu         ] GC(188) User=0.16s Sys=0.00s Real=0.04s
[16.105s][info][gc,start       ] GC(189) Pause Young (Allocation Failure)
[16.154s][info][gc,heap        ] GC(189) PSYoungGen: 94336K(147968K)->73376K(150528K) Eden: 26112K(26112K)->0K(26112K) From: 68224K(121856K)->73376K(124416K)
[16.154s][info][gc,heap        ] GC(189) ParOldGen: 2327204K(2575360K)->2348396K(2575360K)
[16.154s][info][gc,metaspace   ] GC(189) Metaspace: 6298K(6464K)->6298K(6464K) NonClass: 5764K(5824K)->5764K(5824K) Class: 533K(640K)->533K(640K)
[16.154s][info][gc             ] GC(189) Pause Young (Allocation Failure) 2364M->2365M(2662M) 48.956ms
[16.154s][info][gc,cpu         ] GC(189) User=0.25s Sys=0.02s Real=0.05s
[16.186s][info][gc,start       ] GC(190) Pause Young (Allocation Failure)
[16.238s][info][gc,heap        ] GC(190) PSYoungGen: 99488K(150528K)->75936K(152576K) Eden: 26112K(26112K)->0K(29696K) From: 73376K(124416K)->75936K(122880K)
[16.238s][info][gc,heap        ] GC(190) ParOldGen: 2348396K(2575360K)->2372164K(2575360K)
[16.238s][info][gc,metaspace   ] GC(190) Metaspace: 6298K(6464K)->6298K(6464K) NonClass: 5764K(5824K)->5764K(5824K) Class: 533K(640K)->533K(640K)
[16.238s][info][gc             ] GC(190) Pause Young (Allocation Failure) 2390M->2390M(2664M) 52.030ms
[16.238s][info][gc,cpu         ] GC(190) User=0.27s Sys=0.00s Real=0.05s
[16.275s][info][gc,start       ] GC(191) Pause Young (Allocation Failure)
[16.330s][info][gc,heap        ] GC(191) PSYoungGen: 105632K(152576K)->82112K(152576K) Eden: 29696K(29696K)->0K(29696K) From: 75936K(122880K)->82112K(122880K)
[16.330s][info][gc,heap        ] GC(191) ParOldGen: 2372164K(2575360K)->2395932K(2575360K)
[16.330s][info][gc,metaspace   ] GC(191) Metaspace: 6298K(6464K)->6298K(6464K) NonClass: 5764K(5824K)->5764K(5824K) Class: 533K(640K)->533K(640K)
[16.330s][info][gc             ] GC(191) Pause Young (Allocation Failure) 2419M->2419M(2664M) 54.693ms
[16.330s][info][gc,cpu         ] GC(191) User=0.38s Sys=0.00s Real=0.06s
[16.369s][info][gc,start       ] GC(192) Pause Young (Allocation Failure)
[16.426s][info][gc,heap        ] GC(192) PSYoungGen: 111808K(152576K)->85696K(155648K) Eden: 29696K(29696K)->0K(31232K) From: 82112K(122880K)->85696K(124416K)
[16.426s][info][gc,heap        ] GC(192) ParOldGen: 2395932K(2575360K)->2422284K(2575360K)
[16.427s][info][gc,metaspace   ] GC(192) Metaspace: 6298K(6464K)->6298K(6464K) NonClass: 5764K(5824K)->5764K(5824K) Class: 533K(640K)->533K(640K)
[16.427s][info][gc             ] GC(192) Pause Young (Allocation Failure) 2448M->2449M(2667M) 57.999ms
[16.427s][info][gc,cpu         ] GC(192) User=0.36s Sys=0.02s Real=0.06s
[16.463s][info][gc,start       ] GC(193) Pause Young (Allocation Failure)
[16.523s][info][gc,heap        ] GC(193) PSYoungGen: 116928K(155648K)->90848K(157696K) Eden: 31232K(31232K)->0K(31232K) From: 85696K(124416K)->90848K(126464K)
[16.523s][info][gc,heap        ] GC(193) ParOldGen: 2422284K(2575360K)->2448636K(2575360K)
[16.523s][info][gc,metaspace   ] GC(193) Metaspace: 6298K(6464K)->6298K(6464K) NonClass: 5764K(5824K)->5764K(5824K) Class: 533K(640K)->533K(640K)
[16.523s][info][gc             ] GC(193) Pause Young (Allocation Failure) 2479M->2479M(2669M) 59.971ms
[16.523s][info][gc,cpu         ] GC(193) User=0.36s Sys=0.02s Real=0.06s
[16.560s][info][gc,start       ] GC(194) Pause Young (Allocation Failure)
[16.623s][info][gc,heap        ] GC(194) PSYoungGen: 122080K(157696K)->92416K(162816K) Eden: 31232K(31232K)->0K(32768K) From: 90848K(126464K)->92416K(130048K)
[16.623s][info][gc,heap        ] GC(194) ParOldGen: 2448636K(2575360K)->2478604K(2575360K)
[16.623s][info][gc,metaspace   ] GC(194) Metaspace: 6298K(6464K)->6298K(6464K) NonClass: 5764K(5824K)->5764K(5824K) Class: 533K(640K)->533K(640K)
[16.623s][info][gc             ] GC(194) Pause Young (Allocation Failure) 2510M->2510M(2674M) 63.257ms
[16.623s][info][gc,cpu         ] GC(194) User=0.31s Sys=0.06s Real=0.06s
[16.667s][info][gc,start       ] GC(195) Pause Young (Allocation Failure)
[16.732s][info][gc,heap        ] GC(195) PSYoungGen: 125184K(162816K)->64192K(97280K) Eden: 32768K(32768K)->0K(32768K) From: 92416K(130048K)->64192K(64512K)
[16.732s][info][gc,heap        ] GC(195) ParOldGen: 2478604K(2575360K)->2540060K(2575360K)
[16.732s][info][gc,metaspace   ] GC(195) Metaspace: 6298K(6464K)->6298K(6464K) NonClass: 5764K(5824K)->5764K(5824K) Class: 533K(640K)->533K(640K)
[16.733s][info][gc             ] GC(195) Pause Young (Allocation Failure) 2542M->2543M(2610M) 65.928ms
[16.733s][info][gc,cpu         ] GC(195) User=0.31s Sys=0.08s Real=0.07s
[16.733s][info][gc,start       ] GC(196) Pause Full (Ergonomics)
[16.733s][info][gc,phases,start] GC(196) Marking Phase
[17.320s][info][gc,phases      ] GC(196) Marking Phase 587.558ms
[17.320s][info][gc,phases,start] GC(196) Summary Phase
[17.320s][info][gc,phases      ] GC(196) Summary Phase 0.064ms
[17.320s][info][gc,phases,start] GC(196) Adjust Roots
[17.321s][info][gc,phases      ] GC(196) Adjust Roots 0.206ms
[17.321s][info][gc,phases,start] GC(196) Compaction Phase
[17.535s][info][gc,phases      ] GC(196) Compaction Phase 214.226ms
[17.535s][info][gc,phases,start] GC(196) Post Compact
[17.539s][info][gc,phases      ] GC(196) Post Compact 4.474ms
[17.540s][info][gc,heap        ] GC(196) PSYoungGen: 64192K(97280K)->26630K(97280K) Eden: 0K(32768K)->0K(32768K) From: 64192K(64512K)->26630K(64512K)
[17.540s][info][gc,heap        ] GC(196) ParOldGen: 2540060K(2575360K)->2575203K(2837504K)
[17.540s][info][gc,metaspace   ] GC(196) Metaspace: 6298K(6464K)->6298K(6464K) NonClass: 5764K(5824K)->5764K(5824K) Class: 533K(640K)->533K(640K)
[17.540s][info][gc             ] GC(196) Pause Full (Ergonomics) 2543M->2540M(2866M) 807.776ms
[17.540s][info][gc,cpu         ] GC(196) User=6.06s Sys=0.05s Real=0.81s
[17.583s][info][gc,start       ] GC(197) Pause Young (Allocation Failure)
[17.724s][info][gc,heap        ] GC(197) PSYoungGen: 59398K(97280K)->32896K(163840K) Eden: 32768K(32768K)->0K(36352K) From: 26630K(64512K)->32896K(127488K)
[17.724s][info][gc,heap        ] GC(197) ParOldGen: 2575203K(2837504K)->2602123K(2837504K)
[17.724s][info][gc,metaspace   ] GC(197) Metaspace: 6298K(6464K)->6298K(6464K) NonClass: 5764K(5824K)->5764K(5824K) Class: 533K(640K)->533K(640K)
[17.724s][info][gc             ] GC(197) Pause Young (Allocation Failure) 2572M->2573M(2931M) 141.433ms
[17.724s][info][gc,cpu         ] GC(197) User=0.97s Sys=0.02s Real=0.14s
[17.771s][info][gc,start       ] GC(198) Pause Young (Allocation Failure)
[17.818s][info][gc,heap        ] GC(198) PSYoungGen: 69248K(163840K)->36512K(164352K) Eden: 36352K(36352K)->0K(36352K) From: 32896K(127488K)->36512K(128000K)
[17.818s][info][gc,heap        ] GC(198) ParOldGen: 2602123K(2837504K)->2635187K(2837504K)
[17.818s][info][gc,metaspace   ] GC(198) Metaspace: 6298K(6464K)->6298K(6464K) NonClass: 5764K(5824K)->5764K(5824K) Class: 533K(640K)->533K(640K)
[17.818s][info][gc             ] GC(198) Pause Young (Allocation Failure) 2608M->2609M(2931M) 47.410ms
[17.818s][info][gc,cpu         ] GC(198) User=0.23s Sys=0.00s Real=0.05s
[17.866s][info][gc,start       ] GC(199) Pause Young (Allocation Failure)
[17.911s][info][gc,heap        ] GC(199) PSYoungGen: 72864K(164352K)->36512K(164352K) Eden: 36352K(36352K)->0K(40448K) From: 36512K(128000K)->36512K(123904K)
[17.912s][info][gc,heap        ] GC(199) ParOldGen: 2635187K(2837504K)->2671883K(2837504K)
[17.912s][info][gc,metaspace   ] GC(199) Metaspace: 6298K(6464K)->6298K(6464K) NonClass: 5764K(5824K)->5764K(5824K) Class: 533K(640K)->533K(640K)
[17.912s][info][gc             ] GC(199) Pause Young (Allocation Failure) 2644M->2644M(2931M) 45.344ms
[17.912s][info][gc,cpu         ] GC(199) User=0.38s Sys=0.00s Real=0.04s
[17.959s][info][gc,start       ] GC(200) Pause Young (Allocation Failure)
[18.006s][info][gc,heap        ] GC(200) PSYoungGen: 76960K(164352K)->40640K(165888K) Eden: 40448K(40448K)->0K(40448K) From: 36512K(123904K)->40640K(125440K)
[18.006s][info][gc,heap        ] GC(200) ParOldGen: 2671883K(2837504K)->2708563K(2837504K)
[18.006s][info][gc,metaspace   ] GC(200) Metaspace: 6298K(6464K)->6298K(6464K) NonClass: 5764K(5824K)->5764K(5824K) Class: 533K(640K)->533K(640K)
[18.006s][info][gc             ] GC(200) Pause Young (Allocation Failure) 2684M->2684M(2933M) 47.184ms
[18.006s][info][gc,cpu         ] GC(200) User=0.38s Sys=0.00s Real=0.05s
[18.055s][info][gc,start       ] GC(201) Pause Young (Allocation Failure)
[18.103s][info][gc,heap        ] GC(201) PSYoungGen: 81088K(165888K)->40608K(159744K) Eden: 40448K(40448K)->0K(44544K) From: 40640K(125440K)->40608K(115200K)
[18.103s][info][gc,heap        ] GC(201) ParOldGen: 2708563K(2837504K)->2749371K(2837504K)
[18.103s][info][gc,metaspace   ] GC(201) Metaspace: 6298K(6464K)->6298K(6464K) NonClass: 5764K(5824K)->5764K(5824K) Class: 533K(640K)->533K(640K)
[18.103s][info][gc             ] GC(201) Pause Young (Allocation Failure) 2724M->2724M(2927M) 48.416ms
[18.103s][info][gc,cpu         ] GC(201) User=0.22s Sys=0.05s Real=0.05s
[18.157s][info][gc,start       ] GC(202) Pause Young (Allocation Failure)
[18.208s][info][gc,heap        ] GC(202) PSYoungGen: 85152K(159744K)->44768K(163328K) Eden: 44544K(44544K)->0K(44544K) From: 40608K(115200K)->44768K(118784K)
[18.208s][info][gc,heap        ] GC(202) ParOldGen: 2749371K(2837504K)->2790187K(2837504K)
[18.208s][info][gc,metaspace   ] GC(202) Metaspace: 6298K(6464K)->6298K(6464K) NonClass: 5764K(5824K)->5764K(5824K) Class: 533K(640K)->533K(640K)
[18.208s][info][gc             ] GC(202) Pause Young (Allocation Failure) 2768M->2768M(2930M) 51.601ms
[18.208s][info][gc,cpu         ] GC(202) User=0.28s Sys=0.00s Real=0.05s
[18.208s][info][gc,start       ] GC(203) Pause Full (Ergonomics)
[18.208s][info][gc,phases,start] GC(203) Marking Phase
[18.883s][info][gc,phases      ] GC(203) Marking Phase 674.524ms
[18.883s][info][gc,phases,start] GC(203) Summary Phase
[18.883s][info][gc,phases      ] GC(203) Summary Phase 0.094ms
[18.883s][info][gc,phases,start] GC(203) Adjust Roots
[18.883s][info][gc,phases      ] GC(203) Adjust Roots 0.235ms
[18.883s][info][gc,phases,start] GC(203) Compaction Phase
[19.111s][info][gc,phases      ] GC(203) Compaction Phase 227.262ms
[19.111s][info][gc,phases,start] GC(203) Post Compact
[19.116s][info][gc,phases      ] GC(203) Post Compact 5.015ms
[19.117s][info][gc,heap        ] GC(203) PSYoungGen: 44768K(163328K)->0K(163840K) Eden: 0K(44544K)->0K(49152K) From: 44768K(118784K)->0K(114688K)
[19.117s][info][gc,heap        ] GC(203) ParOldGen: 2790187K(2837504K)->2832552K(3116544K)
[19.117s][info][gc,metaspace   ] GC(203) Metaspace: 6298K(6464K)->6298K(6464K) NonClass: 5764K(5824K)->5764K(5824K) Class: 533K(640K)->533K(640K)
[19.117s][info][gc             ] GC(203) Pause Full (Ergonomics) 2768M->2766M(3203M) 908.377ms
[19.117s][info][gc,cpu         ] GC(203) User=6.98s Sys=0.02s Real=0.91s
[19.725s][info][gc,start       ] GC(204) Pause Young (Allocation Failure)
[19.856s][info][gc,heap        ] GC(204) PSYoungGen: 49152K(163840K)->49408K(163840K) Eden: 49152K(49152K)->0K(49152K) From: 0K(114688K)->49408K(114688K)
[19.856s][info][gc,heap        ] GC(204) ParOldGen: 2963624K(3116544K)->2963624K(3116544K)
[19.856s][info][gc,metaspace   ] GC(204) Metaspace: 6298K(6464K)->6298K(6464K) NonClass: 5764K(5824K)->5764K(5824K) Class: 533K(640K)->533K(640K)
[19.856s][info][gc             ] GC(204) Pause Young (Allocation Failure) 2942M->2942M(3203M) 131.217ms
[19.856s][info][gc,cpu         ] GC(204) User=0.69s Sys=0.00s Real=0.13s
[19.912s][info][gc,start       ] GC(205) Pause Young (Allocation Failure)
[19.974s][info][gc,heap        ] GC(205) PSYoungGen: 98560K(163840K)->98592K(153088K) Eden: 49152K(49152K)->0K(43008K) From: 49408K(114688K)->98592K(110080K)
[19.974s][info][gc,heap        ] GC(205) ParOldGen: 2963624K(3116544K)->2963624K(3116544K)
[19.974s][info][gc,metaspace   ] GC(205) Metaspace: 6298K(6464K)->6298K(6464K) NonClass: 5764K(5824K)->5764K(5824K) Class: 533K(640K)->533K(640K)
[19.974s][info][gc             ] GC(205) Pause Young (Allocation Failure) 2990M->2990M(3193M) 62.540ms
[19.974s][info][gc,cpu         ] GC(205) User=0.19s Sys=0.00s Real=0.06s
[20.016s][info][gc,start       ] GC(206) Pause Young (Allocation Failure)
[20.095s][info][gc,heap        ] GC(206) PSYoungGen: 141600K(153088K)->120832K(163840K) Eden: 43008K(43008K)->0K(43008K) From: 98592K(110080K)->120832K(120832K)
[20.095s][info][gc,heap        ] GC(206) ParOldGen: 2963624K(3116544K)->2984480K(3116544K)
[20.095s][info][gc,metaspace   ] GC(206) Metaspace: 6298K(6464K)->6298K(6464K) NonClass: 5764K(5824K)->5764K(5824K) Class: 533K(640K)->533K(640K)
[20.095s][info][gc             ] GC(206) Pause Young (Allocation Failure) 3032M->3032M(3203M) 79.553ms
[20.095s][info][gc,cpu         ] GC(206) User=0.20s Sys=0.00s Real=0.08s
[20.140s][info][gc,start       ] GC(207) Pause Young (Allocation Failure)
[20.224s][info][gc,heap        ] GC(207) PSYoungGen: 163840K(163840K)->73056K(181248K) Eden: 43008K(43008K)->0K(47616K) From: 120832K(120832K)->73056K(133632K)
[20.224s][info][gc,heap        ] GC(207) ParOldGen: 2984480K(3116544K)->3076152K(3116544K)
[20.224s][info][gc,metaspace   ] GC(207) Metaspace: 6298K(6464K)->6298K(6464K) NonClass: 5764K(5824K)->5764K(5824K) Class: 533K(640K)->533K(640K)
[20.224s][info][gc             ] GC(207) Pause Young (Allocation Failure) 3074M->3075M(3220M) 84.187ms
[20.224s][info][gc,cpu         ] GC(207) User=0.42s Sys=0.00s Real=0.08s
[20.224s][info][gc,start       ] GC(208) Pause Full (Ergonomics)
[20.224s][info][gc,phases,start] GC(208) Marking Phase
[20.927s][info][gc,phases      ] GC(208) Marking Phase 702.520ms
[20.927s][info][gc,phases,start] GC(208) Summary Phase
[20.927s][info][gc,phases      ] GC(208) Summary Phase 0.066ms
[20.927s][info][gc,phases,start] GC(208) Adjust Roots
[20.927s][info][gc,phases      ] GC(208) Adjust Roots 0.186ms
[20.927s][info][gc,phases,start] GC(208) Compaction Phase
[21.410s][info][gc,phases      ] GC(208) Compaction Phase 482.615ms
[21.410s][info][gc,phases,start] GC(208) Post Compact
[21.416s][info][gc,phases      ] GC(208) Post Compact 6.201ms
[21.417s][info][gc,heap        ] GC(208) PSYoungGen: 73056K(181248K)->0K(186880K) Eden: 0K(47616K)->0K(47616K) From: 73056K(133632K)->0K(139264K)
[21.417s][info][gc,heap        ] GC(208) ParOldGen: 3076152K(3116544K)->3082285K(3404800K)
[21.417s][info][gc,metaspace   ] GC(208) Metaspace: 6298K(6464K)->6298K(6464K) NonClass: 5764K(5824K)->5764K(5824K) Class: 533K(640K)->533K(640K)
[21.417s][info][gc             ] GC(208) Pause Full (Ergonomics) 3075M->3010M(3507M) 1192.907ms
[21.417s][info][gc,cpu         ] GC(208) User=8.56s Sys=0.03s Real=1.19s
[21.466s][info][gc,start       ] GC(209) Pause Young (Allocation Failure)
[21.507s][info][gc,heap        ] GC(209) PSYoungGen: 47616K(186880K)->47808K(183808K) Eden: 47616K(47616K)->0K(52224K) From: 0K(139264K)->47808K(131584K)
[21.507s][info][gc,heap        ] GC(209) ParOldGen: 3082285K(3404800K)->3082285K(3404800K)
[21.507s][info][gc,metaspace   ] GC(209) Metaspace: 6298K(6464K)->6298K(6464K) NonClass: 5764K(5824K)->5764K(5824K) Class: 533K(640K)->533K(640K)
[21.507s][info][gc             ] GC(209) Pause Young (Allocation Failure) 3056M->3056M(3504M) 41.862ms
[21.508s][info][gc,cpu         ] GC(209) User=0.03s Sys=0.00s Real=0.04s
[21.563s][info][gc,start       ] GC(210) Pause Young (Allocation Failure)
[21.623s][info][gc,heap        ] GC(210) PSYoungGen: 100032K(183808K)->100128K(187904K) Eden: 52224K(52224K)->0K(52224K) From: 47808K(131584K)->100128K(135680K)
[21.624s][info][gc,heap        ] GC(210) ParOldGen: 3082285K(3404800K)->3082285K(3404800K)
[21.624s][info][gc,metaspace   ] GC(210) Metaspace: 6298K(6464K)->6298K(6464K) NonClass: 5764K(5824K)->5764K(5824K) Class: 533K(640K)->533K(640K)
[21.624s][info][gc             ] GC(210) Pause Young (Allocation Failure) 3107M->3107M(3508M) 60.484ms
[21.624s][info][gc,cpu         ] GC(210) User=0.19s Sys=0.00s Real=0.06s
[21.679s][info][gc,start       ] GC(211) Pause Young (Allocation Failure)
[21.756s][info][gc,heap        ] GC(211) PSYoungGen: 152352K(187904K)->141312K(175104K) Eden: 52224K(52224K)->0K(33792K) From: 100128K(135680K)->141312K(141312K)
[21.756s][info][gc,heap        ] GC(211) ParOldGen: 3082285K(3404800K)->3093381K(3404800K)
[21.756s][info][gc,metaspace   ] GC(211) Metaspace: 6298K(6464K)->6298K(6464K) NonClass: 5764K(5824K)->5764K(5824K) Class: 533K(640K)->533K(640K)
[21.756s][info][gc             ] GC(211) Pause Young (Allocation Failure) 3158M->3158M(3496M) 77.336ms
[21.756s][info][gc,cpu         ] GC(211) User=0.44s Sys=0.05s Real=0.08s
[21.791s][info][gc,start       ] GC(212) Pause Young (Allocation Failure)
[21.873s][info][gc,heap        ] GC(212) PSYoungGen: 175104K(175104K)->127584K(198656K) Eden: 33792K(33792K)->0K(33792K) From: 141312K(141312K)->127584K(164864K)
[21.873s][info][gc,heap        ] GC(212) ParOldGen: 3093381K(3404800K)->3141429K(3404800K)
[21.873s][info][gc,metaspace   ] GC(212) Metaspace: 6298K(6464K)->6298K(6464K) NonClass: 5764K(5824K)->5764K(5824K) Class: 533K(640K)->533K(640K)
[21.873s][info][gc             ] GC(212) Pause Young (Allocation Failure) 3191M->3192M(3519M) 81.712ms
[21.873s][info][gc,cpu         ] GC(212) User=0.61s Sys=0.02s Real=0.08s
[21.906s][info][gc,start       ] GC(213) Pause Young (Allocation Failure)
[21.985s][info][gc,heap        ] GC(213) PSYoungGen: 161376K(198656K)->115200K(209408K) Eden: 33792K(33792K)->0K(34816K) From: 127584K(164864K)->115200K(174592K)
[21.985s][info][gc,heap        ] GC(213) ParOldGen: 3141429K(3404800K)->3187989K(3404800K)
[21.985s][info][gc,metaspace   ] GC(213) Metaspace: 6298K(6464K)->6298K(6464K) NonClass: 5764K(5824K)->5764K(5824K) Class: 533K(640K)->533K(640K)
[21.985s][info][gc             ] GC(213) Pause Young (Allocation Failure) 3225M->3225M(3529M) 79.066ms
[21.985s][info][gc,cpu         ] GC(213) User=0.47s Sys=0.03s Real=0.08s
[22.020s][info][gc,start       ] GC(214) Pause Young (Allocation Failure)
[22.096s][info][gc,heap        ] GC(214) PSYoungGen: 150016K(209408K)->102592K(212480K) Eden: 34816K(34816K)->0K(34816K) From: 115200K(174592K)->102592K(177664K)
[22.096s][info][gc,heap        ] GC(214) ParOldGen: 3187989K(3404800K)->3235757K(3404800K)
[22.096s][info][gc,metaspace   ] GC(214) Metaspace: 6298K(6464K)->6298K(6464K) NonClass: 5764K(5824K)->5764K(5824K) Class: 533K(640K)->533K(640K)
[22.096s][info][gc             ] GC(214) Pause Young (Allocation Failure) 3259M->3260M(3532M) 75.471ms
[22.096s][info][gc,cpu         ] GC(214) User=0.53s Sys=0.00s Real=0.08s
[22.132s][info][gc,start       ] GC(215) Pause Young (Allocation Failure)
[22.202s][info][gc,heap        ] GC(215) PSYoungGen: 137408K(212480K)->69824K(202752K) Eden: 34816K(34816K)->0K(39424K) From: 102592K(177664K)->69824K(163328K)
[22.202s][info][gc,heap        ] GC(215) ParOldGen: 3235757K(3404800K)->3303917K(3404800K)
[22.202s][info][gc,metaspace   ] GC(215) Metaspace: 6298K(6464K)->6298K(6464K) NonClass: 5764K(5824K)->5764K(5824K) Class: 533K(640K)->533K(640K)
[22.202s][info][gc             ] GC(215) Pause Young (Allocation Failure) 3294M->3294M(3523M) 70.742ms
[22.202s][info][gc,cpu         ] GC(215) User=0.48s Sys=0.02s Real=0.07s
[22.246s][info][gc,start       ] GC(216) Pause Young (Allocation Failure)
[22.312s][info][gc,heap        ] GC(216) PSYoungGen: 109248K(202752K)->39616K(208384K) Eden: 39424K(39424K)->0K(39424K) From: 69824K(163328K)->39616K(168960K)
[22.312s][info][gc,heap        ] GC(216) ParOldGen: 3303917K(3404800K)->3374157K(3404800K)
[22.312s][info][gc,metaspace   ] GC(216) Metaspace: 6298K(6464K)->6298K(6464K) NonClass: 5764K(5824K)->5764K(5824K) Class: 533K(640K)->533K(640K)
[22.312s][info][gc             ] GC(216) Pause Young (Allocation Failure) 3333M->3333M(3528M) 65.385ms
[22.312s][info][gc,cpu         ] GC(216) User=0.22s Sys=0.02s Real=0.07s
[22.312s][info][gc,start       ] GC(217) Pause Full (Ergonomics)
[22.312s][info][gc,phases,start] GC(217) Marking Phase
[23.078s][info][gc,phases      ] GC(217) Marking Phase 765.557ms
[23.078s][info][gc,phases,start] GC(217) Summary Phase
[23.078s][info][gc,phases      ] GC(217) Summary Phase 0.043ms
[23.078s][info][gc,phases,start] GC(217) Adjust Roots
[23.078s][info][gc,phases      ] GC(217) Adjust Roots 0.166ms
[23.078s][info][gc,phases,start] GC(217) Compaction Phase
[23.807s][info][gc,phases      ] GC(217) Compaction Phase 729.025ms
[23.807s][info][gc,phases,start] GC(217) Post Compact
[23.813s][info][gc,phases      ] GC(217) Post Compact 6.277ms
[23.814s][info][gc,heap        ] GC(217) PSYoungGen: 39616K(208384K)->6205K(208384K) Eden: 0K(39424K)->0K(39424K) From: 39616K(168960K)->6205K(168960K)
[23.814s][info][gc,heap        ] GC(217) ParOldGen: 3374157K(3404800K)->3404529K(3775488K)
[23.814s][info][gc,metaspace   ] GC(217) Metaspace: 6298K(6464K)->6298K(6464K) NonClass: 5764K(5824K)->5764K(5824K) Class: 533K(640K)->533K(640K)
[23.815s][info][gc             ] GC(217) Pause Full (Ergonomics) 3333M->3330M(3890M) 1502.579ms
[23.815s][info][gc,cpu         ] GC(217) User=10.64s Sys=0.02s Real=1.50s
[23.861s][info][gc,start       ] GC(218) Pause Young (Allocation Failure)
[24.034s][info][gc,heap        ] GC(218) PSYoungGen: 45629K(208384K)->39616K(207872K) Eden: 39424K(39424K)->0K(43520K) From: 6205K(168960K)->39616K(164352K)
[24.034s][info][gc,heap        ] GC(218) ParOldGen: 3404529K(3775488K)->3410833K(3775488K)
[24.034s][info][gc,metaspace   ] GC(218) Metaspace: 6298K(6464K)->6298K(6464K) NonClass: 5764K(5824K)->5764K(5824K) Class: 533K(640K)->533K(640K)
[24.034s][info][gc             ] GC(218) Pause Young (Allocation Failure) 3369M->3369M(3890M) 172.485ms
[24.034s][info][gc,cpu         ] GC(218) User=1.16s Sys=0.00s Real=0.17s
[24.076s][info][gc,start       ] GC(219) Pause Young (Allocation Failure)
[24.135s][info][gc,heap        ] GC(219) PSYoungGen: 83136K(207872K)->83200K(126976K) Eden: 43520K(43520K)->0K(43520K) From: 39616K(164352K)->83200K(83456K)
[24.135s][info][gc,heap        ] GC(219) ParOldGen: 3410833K(3775488K)->3410833K(3775488K)
[24.135s][info][gc,metaspace   ] GC(219) Metaspace: 6298K(6464K)->6298K(6464K) NonClass: 5764K(5824K)->5764K(5824K) Class: 533K(640K)->533K(640K)
[24.135s][info][gc             ] GC(219) Pause Young (Allocation Failure) 3412M->3412M(3811M) 59.044ms
[24.135s][info][gc,cpu         ] GC(219) User=0.19s Sys=0.00s Real=0.06s
[24.176s][info][gc,start       ] GC(220) Pause Young (Allocation Failure)
[24.247s][info][gc,heap        ] GC(220) PSYoungGen: 126720K(126976K)->87360K(200192K) Eden: 43520K(43520K)->0K(48640K) From: 83200K(83456K)->87360K(151552K)
[24.247s][info][gc,heap        ] GC(220) ParOldGen: 3410833K(3775488K)->3450601K(3775488K)
[24.247s][info][gc,metaspace   ] GC(220) Metaspace: 6298K(6464K)->6298K(6464K) NonClass: 5764K(5824K)->5764K(5824K) Class: 533K(640K)->533K(640K)
[24.247s][info][gc             ] GC(220) Pause Young (Allocation Failure) 3454M->3455M(3882M) 70.239ms
[24.247s][info][gc,cpu         ] GC(220) User=0.28s Sys=0.02s Real=0.07s
[24.295s][info][gc,start       ] GC(221) Pause Young (Allocation Failure)
[24.369s][info][gc,heap        ] GC(221) PSYoungGen: 136000K(200192K)->92448K(204288K) Eden: 48640K(48640K)->0K(48640K) From: 87360K(151552K)->92448K(155648K)
[24.370s][info][gc,heap        ] GC(221) ParOldGen: 3450601K(3775488K)->3494521K(3775488K)
[24.370s][info][gc,metaspace   ] GC(221) Metaspace: 6298K(6464K)->6298K(6464K) NonClass: 5764K(5824K)->5764K(5824K) Class: 533K(640K)->533K(640K)
[24.370s][info][gc             ] GC(221) Pause Young (Allocation Failure) 3502M->3502M(3886M) 75.041ms
[24.370s][info][gc,cpu         ] GC(221) User=0.39s Sys=0.03s Real=0.08s
[24.424s][info][gc,start       ] GC(222) Pause Young (Allocation Failure)
[24.499s][info][gc,heap        ] GC(222) PSYoungGen: 141088K(204288K)->97536K(205312K) Eden: 48640K(48640K)->0K(54272K) From: 92448K(155648K)->97536K(151040K)
[24.499s][info][gc,heap        ] GC(222) ParOldGen: 3494521K(3775488K)->3538441K(3775488K)
[24.499s][info][gc,metaspace   ] GC(222) Metaspace: 6298K(6464K)->6298K(6464K) NonClass: 5764K(5824K)->5764K(5824K) Class: 533K(640K)->533K(640K)
[24.499s][info][gc             ] GC(222) Pause Young (Allocation Failure) 3550M->3550M(3887M) 75.143ms
[24.499s][info][gc,cpu         ] GC(222) User=0.34s Sys=0.09s Real=0.08s
[24.560s][info][gc,start       ] GC(223) Pause Young (Allocation Failure)
[24.641s][info][gc,heap        ] GC(223) PSYoungGen: 151808K(205312K)->103232K(206336K) Eden: 54272K(54272K)->0K(54272K) From: 97536K(151040K)->103232K(152064K)
[24.641s][info][gc,heap        ] GC(223) ParOldGen: 3538441K(3775488K)->3587521K(3775488K)
[24.641s][info][gc,metaspace   ] GC(223) Metaspace: 6298K(6464K)->6298K(6464K) NonClass: 5764K(5824K)->5764K(5824K) Class: 533K(640K)->533K(640K)
[24.641s][info][gc             ] GC(223) Pause Young (Allocation Failure) 3603M->3604M(3888M) 80.415ms
[24.641s][info][gc,cpu         ] GC(223) User=0.50s Sys=0.02s Real=0.08s
[24.696s][info][gc,start       ] GC(224) Pause Young (Allocation Failure)
[24.780s][info][gc,heap        ] GC(224) PSYoungGen: 157504K(206336K)->108800K(211968K) Eden: 54272K(54272K)->0K(58880K) From: 103232K(152064K)->108800K(153088K)
[24.780s][info][gc,heap        ] GC(224) ParOldGen: 3587521K(3775488K)->3636609K(3775488K)
[24.780s][info][gc,metaspace   ] GC(224) Metaspace: 6298K(6464K)->6298K(6464K) NonClass: 5764K(5824K)->5764K(5824K) Class: 533K(640K)->533K(640K)
[24.780s][info][gc             ] GC(224) Pause Young (Allocation Failure) 3657M->3657M(3894M) 84.382ms
[24.780s][info][gc,cpu         ] GC(224) User=0.47s Sys=0.02s Real=0.08s
[24.839s][info][gc,start       ] GC(225) Pause Young (Allocation Failure)
[24.925s][info][gc,heap        ] GC(225) PSYoungGen: 167680K(211968K)->113536K(214016K) Eden: 58880K(58880K)->0K(58880K) From: 108800K(153088K)->113536K(155136K)
[24.925s][info][gc,heap        ] GC(225) ParOldGen: 3636609K(3775488K)->3691369K(3775488K)
[24.925s][info][gc,metaspace   ] GC(225) Metaspace: 6298K(6464K)->6298K(6464K) NonClass: 5764K(5824K)->5764K(5824K) Class: 533K(640K)->533K(640K)
[24.925s][info][gc             ] GC(225) Pause Young (Allocation Failure) 3715M->3715M(3896M) 86.429ms
[24.925s][info][gc,cpu         ] GC(225) User=0.58s Sys=0.03s Real=0.09s
[24.925s][info][gc,start       ] GC(226) Pause Full (Ergonomics)
[24.925s][info][gc,phases,start] GC(226) Marking Phase
[25.775s][info][gc,phases      ] GC(226) Marking Phase 849.936ms
[25.775s][info][gc,phases,start] GC(226) Summary Phase
[25.775s][info][gc,phases      ] GC(226) Summary Phase 0.053ms
[25.775s][info][gc,phases,start] GC(226) Adjust Roots
[25.775s][info][gc,phases      ] GC(226) Adjust Roots 0.167ms
[25.775s][info][gc,phases,start] GC(226) Compaction Phase
[26.143s][info][gc,phases      ] GC(226) Compaction Phase 367.223ms
[26.143s][info][gc,phases,start] GC(226) Post Compact
[26.150s][info][gc,phases      ] GC(226) Post Compact 7.103ms
[26.151s][info][gc,heap        ] GC(226) PSYoungGen: 113536K(214016K)->26239K(214016K) Eden: 0K(58880K)->0K(58880K) From: 113536K(155136K)->26239K(155136K)
[26.151s][info][gc,heap        ] GC(226) ParOldGen: 3691369K(3775488K)->3775420K(4170240K)
[26.151s][info][gc,metaspace   ] GC(226) Metaspace: 6298K(6464K)->6298K(6464K) NonClass: 5764K(5824K)->5764K(5824K) Class: 533K(640K)->533K(640K)
[26.151s][info][gc             ] GC(226) Pause Full (Ergonomics) 3715M->3712M(4281M) 1226.121ms
[26.151s][info][gc,cpu         ] GC(226) User=8.97s Sys=0.02s Real=1.23s
[26.217s][info][gc,start       ] GC(227) Pause Young (Allocation Failure)
[26.414s][info][gc,heap        ] GC(227) PSYoungGen: 85119K(214016K)->81056K(210432K) Eden: 58880K(58880K)->0K(64512K) From: 26239K(155136K)->81056K(145920K)
[26.414s][info][gc,heap        ] GC(227) ParOldGen: 3775420K(4170240K)->3779828K(4170240K)
[26.414s][info][gc,metaspace   ] GC(227) Metaspace: 6298K(6464K)->6298K(6464K) NonClass: 5764K(5824K)->5764K(5824K) Class: 533K(640K)->533K(640K)
[26.414s][info][gc             ] GC(227) Pause Young (Allocation Failure) 3770M->3770M(4278M) 196.911ms
[26.414s][info][gc,cpu         ] GC(227) User=1.38s Sys=0.03s Real=0.20s
[26.485s][info][gc,start       ] GC(228) Pause Young (Allocation Failure)
[26.564s][info][gc,heap        ] GC(228) PSYoungGen: 145568K(210432K)->145632K(217600K) Eden: 64512K(64512K)->0K(64512K) From: 81056K(145920K)->145632K(153088K)
[26.564s][info][gc,heap        ] GC(228) ParOldGen: 3779828K(4170240K)->3779828K(4170240K)
[26.564s][info][gc,metaspace   ] GC(228) Metaspace: 6298K(6464K)->6298K(6464K) NonClass: 5764K(5824K)->5764K(5824K) Class: 533K(640K)->533K(640K)
[26.564s][info][gc             ] GC(228) Pause Young (Allocation Failure) 3833M->3833M(4285M) 79.737ms
[26.565s][info][gc,cpu         ] GC(228) User=0.42s Sys=0.00s Real=0.08s
[26.632s][info][gc,start       ] GC(229) Pause Young (Allocation Failure)
[26.742s][info][gc,heap        ] GC(229) PSYoungGen: 210144K(217600K)->167936K(203776K) Eden: 64512K(64512K)->0K(35840K) From: 145632K(153088K)->167936K(167936K)
[26.742s][info][gc,heap        ] GC(229) ParOldGen: 3779828K(4170240K)->3822388K(4170240K)
[26.742s][info][gc,metaspace   ] GC(229) Metaspace: 6298K(6464K)->6298K(6464K) NonClass: 5764K(5824K)->5764K(5824K) Class: 533K(640K)->533K(640K)
[26.742s][info][gc             ] GC(229) Pause Young (Allocation Failure) 3896M->3896M(4271M) 110.264ms
[26.742s][info][gc,cpu         ] GC(229) User=0.66s Sys=0.09s Real=0.11s
[26.779s][info][gc,start       ] GC(230) Pause Young (Allocation Failure)
[26.880s][info][gc,heap        ] GC(230) PSYoungGen: 203776K(203776K)->145856K(239104K) Eden: 35840K(35840K)->0K(35840K) From: 167936K(167936K)->145856K(203264K)
[26.880s][info][gc,heap        ] GC(230) ParOldGen: 3822388K(4170240K)->3880876K(4170240K)
[26.880s][info][gc,metaspace   ] GC(230) Metaspace: 6298K(6464K)->6298K(6464K) NonClass: 5764K(5824K)->5764K(5824K) Class: 533K(640K)->533K(640K)
[26.880s][info][gc             ] GC(230) Pause Young (Allocation Failure) 3931M->3932M(4306M) 101.577ms
[26.880s][info][gc,cpu         ] GC(230) User=0.69s Sys=0.06s Real=0.10s
[26.919s][info][gc,start       ] GC(231) Pause Young (Allocation Failure)
[27.012s][info][gc,heap        ] GC(231) PSYoungGen: 181696K(239104K)->131616K(246272K) Eden: 35840K(35840K)->0K(40448K) From: 145856K(203264K)->131616K(205824K)
[27.012s][info][gc,heap        ] GC(231) ParOldGen: 3880876K(4170240K)->3931436K(4170240K)
[27.012s][info][gc,metaspace   ] GC(231) Metaspace: 6298K(6464K)->6298K(6464K) NonClass: 5764K(5824K)->5764K(5824K) Class: 533K(640K)->533K(640K)
[27.012s][info][gc             ] GC(231) Pause Young (Allocation Failure) 3967M->3967M(4313M) 93.300ms
[27.012s][info][gc,cpu         ] GC(231) User=0.61s Sys=0.03s Real=0.09s
[27.060s][info][gc,start       ] GC(232) Pause Young (Allocation Failure)
[27.151s][info][gc,heap        ] GC(232) PSYoungGen: 172064K(246272K)->76544K(247296K) Eden: 40448K(40448K)->0K(40448K) From: 131616K(205824K)->76544K(206848K)
[27.151s][info][gc,heap        ] GC(232) ParOldGen: 3931436K(4170240K)->4027700K(4170240K)
[27.151s][info][gc,metaspace   ] GC(232) Metaspace: 6298K(6464K)->6298K(6464K) NonClass: 5764K(5824K)->5764K(5824K) Class: 533K(640K)->533K(640K)
[27.151s][info][gc             ] GC(232) Pause Young (Allocation Failure) 4007M->4008M(4314M) 90.647ms
[27.151s][info][gc,cpu         ] GC(232) User=0.61s Sys=0.00s Real=0.09s
[27.197s][info][gc,start       ] GC(233) Pause Young (Allocation Failure)
[27.269s][info][gc,heap        ] GC(233) PSYoungGen: 116992K(247296K)->40640K(246784K) Eden: 40448K(40448K)->0K(43520K) From: 76544K(206848K)->40640K(203264K)
[27.269s][info][gc,heap        ] GC(233) ParOldGen: 4027700K(4170240K)->4104644K(4170240K)
[27.269s][info][gc,metaspace   ] GC(233) Metaspace: 6298K(6464K)->6298K(6464K) NonClass: 5764K(5824K)->5764K(5824K) Class: 533K(640K)->533K(640K)
[27.269s][info][gc             ] GC(233) Pause Young (Allocation Failure) 4047M->4048M(4313M) 72.154ms
[27.269s][info][gc,cpu         ] GC(233) User=0.27s Sys=0.03s Real=0.07s
[27.269s][info][gc,start       ] GC(234) Pause Full (Ergonomics)
[27.269s][info][gc,phases,start] GC(234) Marking Phase
[28.210s][info][gc,phases      ] GC(234) Marking Phase 941.139ms
[28.210s][info][gc,phases,start] GC(234) Summary Phase
[28.211s][info][gc,phases      ] GC(234) Summary Phase 0.104ms
[28.211s][info][gc,phases,start] GC(234) Adjust Roots
[28.211s][info][gc,phases      ] GC(234) Adjust Roots 0.233ms
[28.211s][info][gc,phases,start] GC(234) Compaction Phase
[28.583s][info][gc,phases      ] GC(234) Compaction Phase 372.471ms
[28.583s][info][gc,phases,start] GC(234) Post Compact
[28.590s][info][gc,phases      ] GC(234) Post Compact 6.211ms
[28.591s][info][gc,heap        ] GC(234) PSYoungGen: 40640K(246784K)->0K(248832K) Eden: 0K(43520K)->0K(43520K) From: 40640K(203264K)->0K(205312K)
[28.591s][info][gc,heap        ] GC(234) ParOldGen: 4104644K(4170240K)->4141923K(4595200K)
[28.591s][info][gc,metaspace   ] GC(234) Metaspace: 6298K(6464K)->6298K(6464K) NonClass: 5764K(5824K)->5764K(5824K) Class: 533K(640K)->533K(640K)
[28.591s][info][gc             ] GC(234) Pause Full (Ergonomics) 4048M->4044M(4730M) 1321.686ms
[28.591s][info][gc,cpu         ] GC(234) User=9.67s Sys=0.05s Real=1.32s
[28.637s][info][gc,start       ] GC(235) Pause Young (Allocation Failure)
[28.683s][info][gc,heap        ] GC(235) PSYoungGen: 43520K(248832K)->43680K(250368K) Eden: 43520K(43520K)->0K(47616K) From: 0K(205312K)->43680K(202752K)
[28.683s][info][gc,heap        ] GC(235) ParOldGen: 4141923K(4595200K)->4141923K(4595200K)
[28.683s][info][gc,metaspace   ] GC(235) Metaspace: 6298K(6464K)->6298K(6464K) NonClass: 5764K(5824K)->5764K(5824K) Class: 533K(640K)->533K(640K)
[28.683s][info][gc             ] GC(235) Pause Young (Allocation Failure) 4087M->4087M(4732M) 45.408ms
[28.683s][info][gc,cpu         ] GC(235) User=0.08s Sys=0.00s Real=0.05s
[28.730s][info][gc,start       ] GC(236) Pause Young (Allocation Failure)
[28.792s][info][gc,heap        ] GC(236) PSYoungGen: 91296K(250368K)->91392K(139264K) Eden: 47616K(47616K)->0K(47616K) From: 43680K(202752K)->91392K(91648K)
[28.792s][info][gc,heap        ] GC(236) ParOldGen: 4141923K(4595200K)->4141923K(4595200K)
[28.792s][info][gc,metaspace   ] GC(236) Metaspace: 6298K(6464K)->6298K(6464K) NonClass: 5764K(5824K)->5764K(5824K) Class: 533K(640K)->533K(640K)
[28.792s][info][gc             ] GC(236) Pause Young (Allocation Failure) 4134M->4134M(4623M) 61.562ms
[28.792s][info][gc,cpu         ] GC(236) User=0.17s Sys=0.00s Real=0.06s
[28.843s][info][gc,start       ] GC(237) Pause Young (Allocation Failure)
[28.917s][info][gc,heap        ] GC(237) PSYoungGen: 139008K(139264K)->139040K(240640K) Eden: 47616K(47616K)->0K(46080K) From: 91392K(91648K)->139040K(194560K)
[28.917s][info][gc,heap        ] GC(237) ParOldGen: 4141923K(4595200K)->4141923K(4595200K)
[28.917s][info][gc,metaspace   ] GC(237) Metaspace: 6298K(6464K)->6298K(6464K) NonClass: 5764K(5824K)->5764K(5824K) Class: 533K(640K)->533K(640K)
[28.917s][info][gc             ] GC(237) Pause Young (Allocation Failure) 4180M->4180M(4722M) 73.592ms
[28.917s][info][gc,cpu         ] GC(237) User=0.31s Sys=0.00s Real=0.07s
[28.973s][info][gc,start       ] GC(238) Pause Young (Allocation Failure)
[29.063s][info][gc,heap        ] GC(238) PSYoungGen: 185120K(240640K)->141632K(247296K) Eden: 46080K(46080K)->0K(46080K) From: 139040K(194560K)->141632K(201216K)
[29.063s][info][gc,heap        ] GC(238) ParOldGen: 4141923K(4595200K)->4185851K(4595200K)
[29.063s][info][gc,metaspace   ] GC(238) Metaspace: 6298K(6464K)->6298K(6464K) NonClass: 5764K(5824K)->5764K(5824K) Class: 533K(640K)->533K(640K)
[29.063s][info][gc             ] GC(238) Pause Young (Allocation Failure) 4225M->4226M(4729M) 89.758ms
[29.063s][info][gc,cpu         ] GC(238) User=0.59s Sys=0.05s Real=0.09s
[29.119s][info][gc,start       ] GC(239) Pause Young (Allocation Failure)
[29.211s][info][gc,heap        ] GC(239) PSYoungGen: 187712K(247296K)->140096K(254464K) Eden: 46080K(46080K)->0K(48128K) From: 141632K(201216K)->140096K(206336K)
[29.211s][info][gc,heap        ] GC(239) ParOldGen: 4185851K(4595200K)->4233899K(4595200K)
[29.211s][info][gc,metaspace   ] GC(239) Metaspace: 6298K(6464K)->6298K(6464K) NonClass: 5764K(5824K)->5764K(5824K) Class: 533K(640K)->533K(640K)
[29.211s][info][gc             ] GC(239) Pause Young (Allocation Failure) 4271M->4271M(4736M) 91.660ms
[29.211s][info][gc,cpu         ] GC(239) User=0.56s Sys=0.08s Real=0.09s
[29.260s][info][gc,start       ] GC(240) Pause Young (Allocation Failure)
[29.354s][info][gc,heap        ] GC(240) PSYoungGen: 188224K(254464K)->140640K(257536K) Eden: 48128K(48128K)->0K(48128K) From: 140096K(206336K)->140640K(209408K)
[29.354s][info][gc,heap        ] GC(240) ParOldGen: 4233899K(4595200K)->4281939K(4595200K)
[29.354s][info][gc,metaspace   ] GC(240) Metaspace: 6298K(6464K)->6298K(6464K) NonClass: 5764K(5824K)->5764K(5824K) Class: 533K(640K)->533K(640K)
[29.354s][info][gc             ] GC(240) Pause Young (Allocation Failure) 4318M->4318M(4739M) 94.043ms
[29.354s][info][gc,cpu         ] GC(240) User=0.58s Sys=0.06s Real=0.09s
[29.403s][info][gc,start       ] GC(241) Pause Young (Allocation Failure)
[29.497s][info][gc,heap        ] GC(241) PSYoungGen: 188768K(257536K)->142720K(263680K) Eden: 48128K(48128K)->0K(52224K) From: 140640K(209408K)->142720K(211456K)
[29.497s][info][gc,heap        ] GC(241) ParOldGen: 4281939K(4595200K)->4328427K(4595200K)
[29.497s][info][gc,metaspace   ] GC(241) Metaspace: 6298K(6464K)->6298K(6464K) NonClass: 5764K(5824K)->5764K(5824K) Class: 533K(640K)->533K(640K)
[29.497s][info][gc             ] GC(241) Pause Young (Allocation Failure) 4365M->4366M(4745M) 94.661ms
[29.497s][info][gc,cpu         ] GC(241) User=0.61s Sys=0.03s Real=0.09s
[29.556s][info][gc,start       ] GC(242) Pause Young (Allocation Failure)
[29.654s][info][gc,heap        ] GC(242) PSYoungGen: 194944K(263680K)->100672K(153088K) Eden: 52224K(52224K)->0K(52224K) From: 142720K(211456K)->100672K(100864K)
[29.654s][info][gc,heap        ] GC(242) ParOldGen: 4328427K(4595200K)->4423451K(4595200K)
[29.654s][info][gc,metaspace   ] GC(242) Metaspace: 6298K(6464K)->6298K(6464K) NonClass: 5764K(5824K)->5764K(5824K) Class: 533K(640K)->533K(640K)
[29.654s][info][gc             ] GC(242) Pause Young (Allocation Failure) 4417M->4418M(4637M) 98.350ms
[29.654s][info][gc,cpu         ] GC(242) User=0.64s Sys=0.02s Real=0.10s
[29.719s][info][gc,start       ] GC(243) Pause Young (Allocation Failure)
[29.807s][info][gc,heap        ] GC(243) PSYoungGen: 152896K(153088K)->52384K(263680K) Eden: 52224K(52224K)->0K(57856K) From: 100672K(100864K)->52384K(205824K)
[29.807s][info][gc,heap        ] GC(243) ParOldGen: 4423451K(4595200K)->4524667K(4595200K)
[29.807s][info][gc,metaspace   ] GC(243) Metaspace: 6298K(6464K)->6298K(6464K) NonClass: 5764K(5824K)->5764K(5824K) Class: 533K(640K)->533K(640K)
[29.807s][info][gc             ] GC(243) Pause Young (Allocation Failure) 4469M->4469M(4745M) 87.659ms
[29.807s][info][gc,cpu         ] GC(243) User=0.42s Sys=0.12s Real=0.09s
[29.807s][info][gc,start       ] GC(244) Pause Full (Ergonomics)
[29.807s][info][gc,phases,start] GC(244) Marking Phase
[30.844s][info][gc,phases      ] GC(244) Marking Phase 1037.021ms
[30.844s][info][gc,phases,start] GC(244) Summary Phase
[30.844s][info][gc,phases      ] GC(244) Summary Phase 0.082ms
[30.844s][info][gc,phases,start] GC(244) Adjust Roots
[30.844s][info][gc,phases      ] GC(244) Adjust Roots 0.157ms
[30.844s][info][gc,phases,start] GC(244) Compaction Phase
[31.233s][info][gc,phases      ] GC(244) Compaction Phase 388.474ms
[31.233s][info][gc,phases,start] GC(244) Post Compact
[31.240s][info][gc,phases      ] GC(244) Post Compact 6.851ms
[31.242s][info][gc,heap        ] GC(244) PSYoungGen: 52384K(263680K)->0K(264704K) Eden: 0K(57856K)->0K(57856K) From: 52384K(205824K)->0K(206848K)
[31.242s][info][gc,heap        ] GC(244) ParOldGen: 4524667K(4595200K)->4573254K(5074432K)
[31.242s][info][gc,metaspace   ] GC(244) Metaspace: 6298K(6464K)->6298K(6464K) NonClass: 5764K(5824K)->5764K(5824K) Class: 533K(640K)->533K(640K)
[31.242s][info][gc             ] GC(244) Pause Full (Ergonomics) 4469M->4466M(5214M) 1434.775ms
[31.242s][info][gc,cpu         ] GC(244) User=10.80s Sys=0.05s Real=1.43s
[31.312s][info][gc,start       ] GC(245) Pause Young (Allocation Failure)
[31.363s][info][gc,heap        ] GC(245) PSYoungGen: 57856K(264704K)->58048K(264704K) Eden: 57856K(57856K)->0K(63488K) From: 0K(206848K)->58048K(201216K)
[31.363s][info][gc,heap        ] GC(245) ParOldGen: 4573254K(5074432K)->4573254K(5074432K)
[31.363s][info][gc,metaspace   ] GC(245) Metaspace: 6298K(6464K)->6298K(6464K) NonClass: 5764K(5824K)->5764K(5824K) Class: 533K(640K)->533K(640K)
[31.363s][info][gc             ] GC(245) Pause Young (Allocation Failure) 4522M->4522M(5214M) 51.020ms
[31.363s][info][gc,cpu         ] GC(245) User=0.16s Sys=0.00s Real=0.05s
[31.436s][info][gc,start       ] GC(246) Pause Young (Allocation Failure)
[31.506s][info][gc,heap        ] GC(246) PSYoungGen: 121536K(264704K)->121664K(268288K) Eden: 63488K(63488K)->0K(63488K) From: 58048K(201216K)->121664K(204800K)
[31.506s][info][gc,heap        ] GC(246) ParOldGen: 4573254K(5074432K)->4573254K(5074432K)
[31.506s][info][gc,metaspace   ] GC(246) Metaspace: 6298K(6464K)->6298K(6464K) NonClass: 5764K(5824K)->5764K(5824K) Class: 533K(640K)->533K(640K)
[31.506s][info][gc             ] GC(246) Pause Young (Allocation Failure) 4584M->4584M(5217M) 70.344ms
[31.506s][info][gc,cpu         ] GC(246) User=0.41s Sys=0.00s Real=0.07s
[31.577s][info][gc,start       ] GC(247) Pause Young (Allocation Failure)
[31.670s][info][gc,heap        ] GC(247) PSYoungGen: 185152K(268288K)->185280K(251904K) Eden: 63488K(63488K)->0K(49664K) From: 121664K(204800K)->185280K(202240K)
[31.670s][info][gc,heap        ] GC(247) ParOldGen: 4573254K(5074432K)->4573254K(5074432K)
[31.670s][info][gc,metaspace   ] GC(247) Metaspace: 6298K(6464K)->6298K(6464K) NonClass: 5764K(5824K)->5764K(5824K) Class: 533K(640K)->533K(640K)
[31.670s][info][gc             ] GC(247) Pause Young (Allocation Failure) 4646M->4647M(5201M) 92.748ms
[31.670s][info][gc,cpu         ] GC(247) User=0.59s Sys=0.03s Real=0.09s
[31.728s][info][gc,start       ] GC(248) Pause Young (Allocation Failure)
[31.854s][info][gc,heap        ] GC(248) PSYoungGen: 234944K(251904K)->222208K(271872K) Eden: 49664K(49664K)->0K(49664K) From: 185280K(202240K)->222208K(222208K)
[31.854s][info][gc,heap        ] GC(248) ParOldGen: 4573254K(5074432K)->4586046K(5074432K)
[31.854s][info][gc,metaspace   ] GC(248) Metaspace: 6298K(6464K)->6298K(6464K) NonClass: 5764K(5824K)->5764K(5824K) Class: 533K(640K)->533K(640K)
[31.854s][info][gc             ] GC(248) Pause Young (Allocation Failure) 4695M->4695M(5221M) 125.385ms
[31.854s][info][gc,cpu         ] GC(248) User=0.81s Sys=0.02s Real=0.13s
[31.908s][info][gc,start       ] GC(249) Pause Young (Allocation Failure)
[32.057s][info][gc,heap        ] GC(249) PSYoungGen: 271872K(271872K)->157792K(311296K) Eden: 49664K(49664K)->0K(55808K) From: 222208K(222208K)->157792K(255488K)
[32.057s][info][gc,heap        ] GC(249) ParOldGen: 4586046K(5074432K)->4701126K(5074432K)
[32.057s][info][gc,metaspace   ] GC(249) Metaspace: 6298K(6464K)->6298K(6464K) NonClass: 5764K(5824K)->5764K(5824K) Class: 533K(640K)->533K(640K)
[32.057s][info][gc             ] GC(249) Pause Young (Allocation Failure) 4744M->4745M(5259M) 149.207ms
[32.057s][info][gc,cpu         ] GC(249) User=1.06s Sys=0.06s Real=0.15s
[32.116s][info][gc,start       ] GC(250) Pause Young (Allocation Failure)
[32.230s][info][gc,heap        ] GC(250) PSYoungGen: 213600K(311296K)->151168K(311808K) Eden: 55808K(55808K)->0K(55808K) From: 157792K(255488K)->151168K(256000K)
[32.230s][info][gc,heap        ] GC(250) ParOldGen: 4701126K(5074432K)->4764094K(5074432K)
[32.230s][info][gc,metaspace   ] GC(250) Metaspace: 6298K(6464K)->6298K(6464K) NonClass: 5764K(5824K)->5764K(5824K) Class: 533K(640K)->533K(640K)
[32.230s][info][gc             ] GC(250) Pause Young (Allocation Failure) 4799M->4800M(5260M) 114.040ms
[32.230s][info][gc,cpu         ] GC(250) User=0.81s Sys=0.06s Real=0.11s
[32.288s][info][gc,start       ] GC(251) Pause Young (Allocation Failure)
[32.401s][info][gc,heap        ] GC(251) PSYoungGen: 206976K(311808K)->111904K(296448K) Eden: 55808K(55808K)->0K(62976K) From: 151168K(256000K)->111904K(233472K)
[32.401s][info][gc,heap        ] GC(251) ParOldGen: 4764094K(5074432K)->4859982K(5074432K)
[32.402s][info][gc,metaspace   ] GC(251) Metaspace: 6298K(6464K)->6298K(6464K) NonClass: 5764K(5824K)->5764K(5824K) Class: 533K(640K)->533K(640K)
[32.402s][info][gc             ] GC(251) Pause Young (Allocation Failure) 4854M->4855M(5245M) 113.370ms
[32.402s][info][gc,cpu         ] GC(251) User=0.73s Sys=0.03s Real=0.11s
[32.475s][info][gc,start       ] GC(252) Pause Young (Allocation Failure)
[32.572s][info][gc,heap        ] GC(252) PSYoungGen: 174880K(296448K)->63232K(305664K) Eden: 62976K(62976K)->0K(62976K) From: 111904K(233472K)->63232K(242688K)
[32.572s][info][gc,heap        ] GC(252) ParOldGen: 4859982K(5074432K)->4972606K(5074432K)
[32.572s][info][gc,metaspace   ] GC(252) Metaspace: 6298K(6464K)->6298K(6464K) NonClass: 5764K(5824K)->5764K(5824K) Class: 533K(640K)->533K(640K)
[32.572s][info][gc             ] GC(252) Pause Young (Allocation Failure) 4916M->4917M(5254M) 97.297ms
[32.572s][info][gc,cpu         ] GC(252) User=0.72s Sys=0.06s Real=0.10s
[32.573s][info][gc,start       ] GC(253) Pause Full (Ergonomics)
[32.573s][info][gc,phases,start] GC(253) Marking Phase
[33.709s][info][gc,phases      ] GC(253) Marking Phase 1136.838ms
[33.709s][info][gc,phases,start] GC(253) Summary Phase
[33.710s][info][gc,phases      ] GC(253) Summary Phase 0.087ms
[33.710s][info][gc,phases,start] GC(253) Adjust Roots
[33.710s][info][gc,phases      ] GC(253) Adjust Roots 0.165ms
[33.710s][info][gc,phases,start] GC(253) Compaction Phase
[34.132s][info][gc,phases      ] GC(253) Compaction Phase 421.824ms
[34.132s][info][gc,phases,start] GC(253) Post Compact
[34.140s][info][gc,phases      ] GC(253) Post Compact 7.875ms
[34.141s][info][gc,heap        ] GC(253) PSYoungGen: 63232K(305664K)->0K(313856K) Eden: 0K(62976K)->0K(71168K) From: 63232K(242688K)->0K(242688K)
[34.141s][info][gc,heap        ] GC(253) ParOldGen: 4972606K(5074432K)->5031754K(5605376K)
[34.141s][info][gc,metaspace   ] GC(253) Metaspace: 6298K(6464K)->6298K(6464K) NonClass: 5764K(5824K)->5764K(5824K) Class: 533K(640K)->533K(640K)
[34.141s][info][gc             ] GC(253) Pause Full (Ergonomics) 4917M->4913M(5780M) 1568.965ms
[34.142s][info][gc,cpu         ] GC(253) User=11.67s Sys=0.06s Real=1.57s
[34.227s][info][gc,start       ] GC(254) Pause Young (Allocation Failure)
[34.287s][info][gc,heap        ] GC(254) PSYoungGen: 71168K(313856K)->71392K(313856K) Eden: 71168K(71168K)->0K(71168K) From: 0K(242688K)->71392K(242688K)
[34.287s][info][gc,heap        ] GC(254) ParOldGen: 5031754K(5605376K)->5031754K(5605376K)
[34.287s][info][gc,metaspace   ] GC(254) Metaspace: 6298K(6464K)->6298K(6464K) NonClass: 5764K(5824K)->5764K(5824K) Class: 533K(640K)->533K(640K)
[34.287s][info][gc             ] GC(254) Pause Young (Allocation Failure) 4983M->4983M(5780M) 59.305ms
[34.287s][info][gc,cpu         ] GC(254) User=0.16s Sys=0.00s Real=0.06s
[34.364s][info][gc,start       ] GC(255) Pause Young (Allocation Failure)
[34.446s][info][gc,heap        ] GC(255) PSYoungGen: 142560K(313856K)->142688K(312832K) Eden: 71168K(71168K)->0K(78336K) From: 71392K(242688K)->142688K(234496K)
[34.446s][info][gc,heap        ] GC(255) ParOldGen: 5031754K(5605376K)->5031754K(5605376K)
[34.446s][info][gc,metaspace   ] GC(255) Metaspace: 6298K(6464K)->6298K(6464K) NonClass: 5764K(5824K)->5764K(5824K) Class: 533K(640K)->533K(640K)
[34.446s][info][gc             ] GC(255) Pause Young (Allocation Failure) 5053M->5053M(5779M) 81.547ms
[34.446s][info][gc,cpu         ] GC(255) User=0.41s Sys=0.00s Real=0.08s
[34.533s][info][gc,start       ] GC(256) Pause Young (Allocation Failure)
[34.650s][info][gc,heap        ] GC(256) PSYoungGen: 221024K(312832K)->221184K(314880K) Eden: 78336K(78336K)->0K(78336K) From: 142688K(234496K)->221184K(236544K)
[34.650s][info][gc,heap        ] GC(256) ParOldGen: 5031754K(5605376K)->5031754K(5605376K)
[34.650s][info][gc,metaspace   ] GC(256) Metaspace: 6298K(6464K)->6298K(6464K) NonClass: 5764K(5824K)->5764K(5824K) Class: 533K(640K)->533K(640K)
[34.650s][info][gc             ] GC(256) Pause Young (Allocation Failure) 5129M->5129M(5781M) 117.312ms
[34.650s][info][gc,cpu         ] GC(256) User=0.80s Sys=0.00s Real=0.12s
[34.738s][info][gc,start       ] GC(257) Pause Young (Allocation Failure)
[34.920s][info][gc,heap        ] GC(257) PSYoungGen: 299520K(314880K)->228384K(326144K) Eden: 78336K(78336K)->0K(63488K) From: 221184K(236544K)->228384K(262656K)
[34.921s][info][gc,heap        ] GC(257) ParOldGen: 5031754K(5605376K)->5103546K(5605376K)
[34.921s][info][gc,metaspace   ] GC(257) Metaspace: 6298K(6464K)->6298K(6464K) NonClass: 5764K(5824K)->5764K(5824K) Class: 533K(640K)->533K(640K)
[34.921s][info][gc             ] GC(257) Pause Young (Allocation Failure) 5206M->5206M(5792M) 182.521ms
[34.921s][info][gc,cpu         ] GC(257) User=1.20s Sys=0.09s Real=0.18s
[34.993s][info][gc,start       ] GC(258) Pause Young (Allocation Failure)
[35.157s][info][gc,heap        ] GC(258) PSYoungGen: 291872K(326144K)->220672K(349184K) Eden: 63488K(63488K)->0K(63488K) From: 228384K(262656K)->220672K(285696K)
[35.158s][info][gc,heap        ] GC(258) ParOldGen: 5103546K(5605376K)->5175370K(5605376K)
[35.158s][info][gc,metaspace   ] GC(258) Metaspace: 6298K(6464K)->6298K(6464K) NonClass: 5764K(5824K)->5764K(5824K) Class: 533K(640K)->533K(640K)
[35.158s][info][gc             ] GC(258) Pause Young (Allocation Failure) 5268M->5269M(5815M) 164.596ms
[35.158s][info][gc,cpu         ] GC(258) User=1.02s Sys=0.12s Real=0.17s
[35.234s][info][gc,start       ] GC(259) Pause Young (Allocation Failure)
[35.393s][info][gc,heap        ] GC(259) PSYoungGen: 284160K(349184K)->205792K(365568K) Eden: 63488K(63488K)->0K(64512K) From: 220672K(285696K)->205792K(301056K)
[35.393s][info][gc,heap        ] GC(259) ParOldGen: 5175370K(5605376K)->5254418K(5605376K)
[35.393s][info][gc,metaspace   ] GC(259) Metaspace: 6298K(6464K)->6298K(6464K) NonClass: 5764K(5824K)->5764K(5824K) Class: 533K(640K)->533K(640K)
[35.393s][info][gc             ] GC(259) Pause Young (Allocation Failure) 5331M->5332M(5831M) 159.589ms
[35.393s][info][gc,cpu         ] GC(259) User=1.06s Sys=0.08s Real=0.16s
[35.470s][info][gc,start       ] GC(260) Pause Young (Allocation Failure)
[35.627s][info][gc,heap        ] GC(260) PSYoungGen: 270304K(365568K)->128352K(193024K) Eden: 64512K(64512K)->0K(64512K) From: 205792K(301056K)->128352K(128512K)
[35.627s][info][gc,heap        ] GC(260) ParOldGen: 5254418K(5605376K)->5397498K(5605376K)
[35.627s][info][gc,metaspace   ] GC(260) Metaspace: 6298K(6464K)->6298K(6464K) NonClass: 5764K(5824K)->5764K(5824K) Class: 533K(640K)->533K(640K)
[35.627s][info][gc             ] GC(260) Pause Young (Allocation Failure) 5395M->5396M(5662M) 157.325ms
[35.627s][info][gc,cpu         ] GC(260) User=1.05s Sys=0.08s Real=0.16s
[35.700s][info][gc,start       ] GC(261) Pause Young (Allocation Failure)
[35.819s][info][gc,heap        ] GC(261) PSYoungGen: 192864K(193024K)->64736K(369664K) Eden: 64512K(64512K)->0K(73216K) From: 128352K(128512K)->64736K(296448K)
[35.819s][info][gc,heap        ] GC(261) ParOldGen: 5397498K(5605376K)->5526642K(5605376K)
[35.819s][info][gc,metaspace   ] GC(261) Metaspace: 6298K(6464K)->6298K(6464K) NonClass: 5764K(5824K)->5764K(5824K) Class: 533K(640K)->533K(640K)
[35.819s][info][gc             ] GC(261) Pause Young (Allocation Failure) 5459M->5460M(5835M) 118.743ms
[35.819s][info][gc,cpu         ] GC(261) User=0.62s Sys=0.08s Real=0.12s
[35.819s][info][gc,start       ] GC(262) Pause Full (Ergonomics)
[35.819s][info][gc,phases,start] GC(262) Marking Phase
[37.101s][info][gc,phases      ] GC(262) Marking Phase 1281.388ms
[37.101s][info][gc,phases,start] GC(262) Summary Phase
[37.101s][info][gc,phases      ] GC(262) Summary Phase 0.092ms
[37.101s][info][gc,phases,start] GC(262) Adjust Roots
[37.101s][info][gc,phases      ] GC(262) Adjust Roots 0.183ms
[37.101s][info][gc,phases,start] GC(262) Compaction Phase
[37.571s][info][gc,phases      ] GC(262) Compaction Phase 469.865ms
[37.571s][info][gc,phases,start] GC(262) Post Compact
[37.579s][info][gc,phases      ] GC(262) Post Compact 8.152ms
[37.581s][info][gc,heap        ] GC(262) PSYoungGen: 64736K(369664K)->0K(369664K) Eden: 0K(73216K)->0K(73216K) From: 64736K(296448K)->0K(296448K)
[37.581s][info][gc,heap        ] GC(262) ParOldGen: 5526642K(5605376K)->5586507K(6236160K)
[37.581s][info][gc,metaspace   ] GC(262) Metaspace: 6298K(6464K)->6298K(6464K) NonClass: 5764K(5824K)->5764K(5824K) Class: 533K(640K)->533K(640K)
[37.581s][info][gc             ] GC(262) Pause Full (Ergonomics) 5460M->5455M(6451M) 1762.097ms
[37.581s][info][gc,cpu         ] GC(262) User=13.12s Sys=0.08s Real=1.76s
[37.667s][info][gc,start       ] GC(263) Pause Young (Allocation Failure)
[37.728s][info][gc,heap        ] GC(263) PSYoungGen: 73216K(369664K)->73440K(367616K) Eden: 73216K(73216K)->0K(80384K) From: 0K(296448K)->73440K(287232K)
[37.728s][info][gc,heap        ] GC(263) ParOldGen: 5586507K(6236160K)->5586507K(6236160K)
[37.728s][info][gc,metaspace   ] GC(263) Metaspace: 6298K(6464K)->6298K(6464K) NonClass: 5764K(5824K)->5764K(5824K) Class: 533K(640K)->533K(640K)
[37.728s][info][gc             ] GC(263) Pause Young (Allocation Failure) 5527M->5527M(6449M) 60.917ms
[37.728s][info][gc,cpu         ] GC(263) User=0.19s Sys=0.00s Real=0.06s
[37.835s][info][gc,start       ] GC(264) Pause Young (Allocation Failure)
[37.921s][info][gc,heap        ] GC(264) PSYoungGen: 153824K(367616K)->154016K(234496K) Eden: 80384K(80384K)->0K(80384K) From: 73440K(287232K)->154016K(154112K)
[37.921s][info][gc,heap        ] GC(264) ParOldGen: 5586507K(6236160K)->5586507K(6236160K)
[37.921s][info][gc,metaspace   ] GC(264) Metaspace: 6298K(6464K)->6298K(6464K) NonClass: 5764K(5824K)->5764K(5824K) Class: 533K(640K)->533K(640K)
[37.921s][info][gc             ] GC(264) Pause Young (Allocation Failure) 5605M->5605M(6319M) 86.203ms
[37.921s][info][gc,cpu         ] GC(264) User=0.64s Sys=0.00s Real=0.09s
[39.149s][info][gc,start       ] GC(265) Pause Young (Allocation Failure)
[39.387s][info][gc,heap        ] GC(265) PSYoungGen: 234400K(234496K)->234528K(351232K) Eden: 80384K(80384K)->0K(67072K) From: 154016K(154112K)->234528K(284160K)
[39.387s][info][gc,heap        ] GC(265) ParOldGen: 5848651K(6236160K)->5848651K(6236160K)
[39.387s][info][gc,metaspace   ] GC(265) Metaspace: 6298K(6464K)->6298K(6464K) NonClass: 5764K(5824K)->5764K(5824K) Class: 533K(640K)->533K(640K)
[39.387s][info][gc             ] GC(265) Pause Young (Allocation Failure) 5940M->5940M(6433M) 238.477ms
[39.387s][info][gc,cpu         ] GC(265) User=1.42s Sys=0.00s Real=0.24s
[39.462s][info][gc,start       ] GC(266) Pause Young (Allocation Failure)
[39.607s][info][gc,heap        ] GC(266) PSYoungGen: 301600K(351232K)->301728K(372224K) Eden: 67072K(67072K)->0K(67072K) From: 234528K(284160K)->301728K(305152K)
[39.607s][info][gc,heap        ] GC(266) ParOldGen: 5848651K(6236160K)->5848651K(6236160K)
[39.608s][info][gc,metaspace   ] GC(266) Metaspace: 6298K(6464K)->6298K(6464K) NonClass: 5764K(5824K)->5764K(5824K) Class: 533K(640K)->533K(640K)
[39.608s][info][gc             ] GC(266) Pause Young (Allocation Failure) 6006M->6006M(6453M) 145.703ms
[39.608s][info][gc,cpu         ] GC(266) User=0.84s Sys=0.00s Real=0.15s
[39.685s][info][gc,start       ] GC(267) Pause Young (Allocation Failure)
[39.874s][info][gc,heap        ] GC(267) PSYoungGen: 368800K(372224K)->346624K(361984K) Eden: 67072K(67072K)->0K(15360K) From: 301728K(305152K)->346624K(346624K)
[39.874s][info][gc,heap        ] GC(267) ParOldGen: 5848651K(6236160K)->5870979K(6236160K)
[39.874s][info][gc,metaspace   ] GC(267) Metaspace: 6298K(6464K)->6298K(6464K) NonClass: 5764K(5824K)->5764K(5824K) Class: 533K(640K)->533K(640K)
[39.874s][info][gc             ] GC(267) Pause Young (Allocation Failure) 6071M->6071M(6443M) 188.774ms
[39.874s][info][gc,cpu         ] GC(267) User=1.09s Sys=0.14s Real=0.19s
[39.887s][info][gc,start       ] GC(268) Pause Young (Allocation Failure)
[40.058s][info][gc,heap        ] GC(268) PSYoungGen: 361984K(361984K)->221120K(236544K) Eden: 15360K(15360K)->0K(15360K) From: 346624K(346624K)->221120K(221184K)
[40.058s][info][gc,heap        ] GC(268) ParOldGen: 5870979K(6236160K)->6013011K(6236160K)
[40.058s][info][gc,metaspace   ] GC(268) Metaspace: 6298K(6464K)->6298K(6464K) NonClass: 5764K(5824K)->5764K(5824K) Class: 533K(640K)->533K(640K)
[40.058s][info][gc             ] GC(268) Pause Young (Allocation Failure) 6086M->6088M(6321M) 170.355ms
[40.058s][info][gc,cpu         ] GC(268) User=1.11s Sys=0.14s Real=0.17s
[40.072s][info][gc,start       ] GC(269) Pause Young (Allocation Failure)
[40.203s][info][gc,heap        ] GC(269) PSYoungGen: 236480K(236544K)->95520K(403968K) Eden: 15360K(15360K)->0K(17920K) From: 221120K(221184K)->95520K(386048K)
[40.203s][info][gc,heap        ] GC(269) ParOldGen: 6013011K(6236160K)->6154955K(6236160K)
[40.203s][info][gc,metaspace   ] GC(269) Metaspace: 6298K(6464K)->6298K(6464K) NonClass: 5764K(5824K)->5764K(5824K) Class: 533K(640K)->533K(640K)
[40.203s][info][gc             ] GC(269) Pause Young (Allocation Failure) 6103M->6103M(6484M) 131.573ms
[40.203s][info][gc,cpu         ] GC(269) User=0.64s Sys=0.05s Real=0.13s
[40.203s][info][gc,start       ] GC(270) Pause Full (Ergonomics)
[40.203s][info][gc,phases,start] GC(270) Marking Phase
[41.592s][info][gc,phases      ] GC(270) Marking Phase 1388.536ms
[41.592s][info][gc,phases,start] GC(270) Summary Phase
[41.592s][info][gc,phases      ] GC(270) Summary Phase 0.109ms
[41.592s][info][gc,phases,start] GC(270) Adjust Roots
[41.592s][info][gc,phases      ] GC(270) Adjust Roots 0.173ms
[41.592s][info][gc,phases,start] GC(270) Compaction Phase
[42.532s][info][gc,phases      ] GC(270) Compaction Phase 939.890ms
[42.532s][info][gc,phases,start] GC(270) Post Compact
[42.542s][info][gc,phases      ] GC(270) Post Compact 9.918ms
[42.544s][info][gc,heap        ] GC(270) PSYoungGen: 95520K(403968K)->0K(409088K) Eden: 0K(17920K)->0K(17920K) From: 95520K(386048K)->0K(391168K)
[42.544s][info][gc,heap        ] GC(270) ParOldGen: 6154955K(6236160K)->6116212K(6831104K)
[42.544s][info][gc,metaspace   ] GC(270) Metaspace: 6298K(6464K)->6298K(6464K) NonClass: 5764K(5824K)->5764K(5824K) Class: 533K(640K)->533K(640K)
[42.544s][info][gc             ] GC(270) Pause Full (Ergonomics) 6103M->5972M(7070M) 2340.819ms
[42.544s][info][gc,cpu         ] GC(270) User=16.27s Sys=0.03s Real=2.34s
[42.563s][info][gc,start       ] GC(271) Pause Young (Allocation Failure)
[42.619s][info][gc,heap        ] GC(271) PSYoungGen: 17920K(409088K)->18080K(405504K) Eden: 17920K(17920K)->0K(14336K) From: 0K(391168K)->18080K(391168K)
[42.619s][info][gc,heap        ] GC(271) ParOldGen: 6116212K(6831104K)->6116212K(6831104K)
[42.619s][info][gc,metaspace   ] GC(271) Metaspace: 6298K(6464K)->6298K(6464K) NonClass: 5764K(5824K)->5764K(5824K) Class: 533K(640K)->533K(640K)
[42.619s][info][gc             ] GC(271) Pause Young (Allocation Failure) 5990M->5990M(7067M) 56.136ms
[42.619s][info][gc,cpu         ] GC(271) User=0.06s Sys=0.00s Real=0.06s
[42.633s][info][gc,start       ] GC(272) Pause Young (Allocation Failure)
[42.702s][info][gc,heap        ] GC(272) PSYoungGen: 32416K(405504K)->32416K(411648K) Eden: 14336K(14336K)->0K(14336K) From: 18080K(391168K)->32416K(397312K)
[42.702s][info][gc,heap        ] GC(272) ParOldGen: 6116212K(6831104K)->6116212K(6831104K)
[42.702s][info][gc,metaspace   ] GC(272) Metaspace: 6298K(6464K)->6298K(6464K) NonClass: 5764K(5824K)->5764K(5824K) Class: 533K(640K)->533K(640K)
[42.702s][info][gc             ] GC(272) Pause Young (Allocation Failure) 6004M->6004M(7073M) 69.001ms
[42.702s][info][gc,cpu         ] GC(272) User=0.08s Sys=0.00s Real=0.07s
[42.716s][info][gc,start       ] GC(273) Pause Young (Allocation Failure)
[42.789s][info][gc,heap        ] GC(273) PSYoungGen: 46752K(411648K)->14496K(408064K) Eden: 14336K(14336K)->0K(16384K) From: 32416K(397312K)->14496K(391680K)
[42.789s][info][gc,heap        ] GC(273) ParOldGen: 6116212K(6831104K)->6148732K(6831104K)
[42.789s][info][gc,metaspace   ] GC(273) Metaspace: 6298K(6464K)->6298K(6464K) NonClass: 5764K(5824K)->5764K(5824K) Class: 533K(640K)->533K(640K)
[42.789s][info][gc             ] GC(273) Pause Young (Allocation Failure) 6018M->6018M(7069M) 72.853ms
[42.789s][info][gc,cpu         ] GC(273) User=0.09s Sys=0.00s Real=0.07s
[42.807s][info][gc,start       ] GC(274) Pause Young (Allocation Failure)
[42.888s][info][gc,heap        ] GC(274) PSYoungGen: 30880K(408064K)->16544K(33280K) Eden: 16384K(16384K)->0K(16384K) From: 14496K(391680K)->16544K(16896K)
[42.888s][info][gc,heap        ] GC(274) ParOldGen: 6148732K(6831104K)->6163196K(6831104K)
[42.888s][info][gc,metaspace   ] GC(274) Metaspace: 6298K(6464K)->6298K(6464K) NonClass: 5764K(5824K)->5764K(5824K) Class: 533K(640K)->533K(640K)
[42.888s][info][gc             ] GC(274) Pause Young (Allocation Failure) 6034M->6034M(6703M) 81.062ms
[42.888s][info][gc,cpu         ] GC(274) User=0.08s Sys=0.00s Real=0.08s
[42.905s][info][gc,start       ] GC(275) Pause Young (Allocation Failure)
[42.978s][info][gc,heap        ] GC(275) PSYoungGen: 32928K(33280K)->16512K(391680K) Eden: 16384K(16384K)->0K(19456K) From: 16544K(16896K)->16512K(372224K)
[42.978s][info][gc,heap        ] GC(275) ParOldGen: 6163196K(6831104K)->6179724K(6831104K)
[42.978s][info][gc,metaspace   ] GC(275) Metaspace: 6298K(6464K)->6298K(6464K) NonClass: 5764K(5824K)->5764K(5824K) Class: 533K(640K)->533K(640K)
[42.978s][info][gc             ] GC(275) Pause Young (Allocation Failure) 6050M->6051M(7053M) 72.633ms
[42.978s][info][gc,cpu         ] GC(275) User=0.06s Sys=0.00s Real=0.07s
[42.999s][info][gc,start       ] GC(276) Pause Young (Allocation Failure)
[43.064s][info][gc,heap        ] GC(276) PSYoungGen: 35968K(391680K)->19616K(39424K) Eden: 19456K(19456K)->0K(19456K) From: 16512K(372224K)->19616K(19968K)
[43.064s][info][gc,heap        ] GC(276) ParOldGen: 6179724K(6831104K)->6196252K(6831104K)
[43.064s][info][gc,metaspace   ] GC(276) Metaspace: 6298K(6464K)->6298K(6464K) NonClass: 5764K(5824K)->5764K(5824K) Class: 533K(640K)->533K(640K)
[43.064s][info][gc             ] GC(276) Pause Young (Allocation Failure) 6070M->6070M(6709M) 65.337ms
[43.064s][info][gc,cpu         ] GC(276) User=0.09s Sys=0.00s Real=0.07s
[43.085s][info][gc,start       ] GC(277) Pause Young (Allocation Failure)
[43.154s][info][gc,heap        ] GC(277) PSYoungGen: 39072K(39424K)->19584K(367104K) Eden: 19456K(19456K)->0K(22528K) From: 19616K(19968K)->19584K(344576K)
[43.154s][info][gc,heap        ] GC(277) ParOldGen: 6196252K(6831104K)->6215884K(6831104K)
[43.154s][info][gc,metaspace   ] GC(277) Metaspace: 6298K(6464K)->6298K(6464K) NonClass: 5764K(5824K)->5764K(5824K) Class: 533K(640K)->533K(640K)
[43.154s][info][gc             ] GC(277) Pause Young (Allocation Failure) 6089M->6089M(7029M) 68.925ms
[43.154s][info][gc,cpu         ] GC(277) User=0.25s Sys=0.03s Real=0.07s
[43.178s][info][gc,start       ] GC(278) Pause Young (Allocation Failure)
[43.251s][info][gc,heap        ] GC(278) PSYoungGen: 42112K(367104K)->22656K(45568K) Eden: 22528K(22528K)->0K(22528K) From: 19584K(344576K)->22656K(23040K)
[43.251s][info][gc,heap        ] GC(278) ParOldGen: 6215884K(6831104K)->6235508K(6831104K)
[43.251s][info][gc,metaspace   ] GC(278) Metaspace: 6298K(6464K)->6298K(6464K) NonClass: 5764K(5824K)->5764K(5824K) Class: 533K(640K)->533K(640K)
[43.251s][info][gc             ] GC(278) Pause Young (Allocation Failure) 6111M->6111M(6715M) 72.596ms
[43.251s][info][gc,cpu         ] GC(278) User=0.19s Sys=0.02s Real=0.07s
[43.277s][info][gc,start       ] GC(279) Pause Young (Allocation Failure)
[43.347s][info][gc,heap        ] GC(279) PSYoungGen: 45184K(45568K)->22688K(340480K) Eden: 22528K(22528K)->0K(26112K) From: 22656K(23040K)->22688K(314368K)
[43.347s][info][gc,heap        ] GC(279) ParOldGen: 6235508K(6831104K)->6258236K(6831104K)
[43.347s][info][gc,metaspace   ] GC(279) Metaspace: 6298K(6464K)->6298K(6464K) NonClass: 5764K(5824K)->5764K(5824K) Class: 533K(640K)->533K(640K)
[43.347s][info][gc             ] GC(279) Pause Young (Allocation Failure) 6133M->6133M(7003M) 70.668ms
[43.347s][info][gc,cpu         ] GC(279) User=0.19s Sys=0.00s Real=0.07s
[43.375s][info][gc,start       ] GC(280) Pause Young (Allocation Failure)
[43.453s][info][gc,heap        ] GC(280) PSYoungGen: 48800K(340480K)->26240K(52736K) Eden: 26112K(26112K)->0K(26112K) From: 22688K(314368K)->26240K(26624K)
[43.453s][info][gc,heap        ] GC(280) ParOldGen: 6258236K(6831104K)->6280956K(6831104K)
[43.453s][info][gc,metaspace   ] GC(280) Metaspace: 6298K(6464K)->6298K(6464K) NonClass: 5764K(5824K)->5764K(5824K) Class: 533K(640K)->533K(640K)
[43.453s][info][gc             ] GC(280) Pause Young (Allocation Failure) 6159M->6159M(6722M) 77.692ms
[43.453s][info][gc,cpu         ] GC(280) User=0.17s Sys=0.00s Real=0.08s
[43.479s][info][gc,start       ] GC(281) Pause Young (Allocation Failure)
[43.554s][info][gc,heap        ] GC(281) PSYoungGen: 52352K(52736K)->26272K(312832K) Eden: 26112K(26112K)->0K(30208K) From: 26240K(26624K)->26272K(282624K)
[43.554s][info][gc,heap        ] GC(281) ParOldGen: 6280956K(6831104K)->6307300K(6831104K)
[43.554s][info][gc,metaspace   ] GC(281) Metaspace: 6298K(6464K)->6298K(6464K) NonClass: 5764K(5824K)->5764K(5824K) Class: 533K(640K)->533K(640K)
[43.554s][info][gc             ] GC(281) Pause Young (Allocation Failure) 6184M->6185M(6976M) 74.465ms
[43.554s][info][gc,cpu         ] GC(281) User=0.16s Sys=0.00s Real=0.08s
[43.587s][info][gc,start       ] GC(282) Pause Young (Allocation Failure)
[43.658s][info][gc,heap        ] GC(282) PSYoungGen: 56480K(312832K)->30400K(60928K) Eden: 30208K(30208K)->0K(30208K) From: 26272K(282624K)->30400K(30720K)
[43.658s][info][gc,heap        ] GC(282) ParOldGen: 6307300K(6831104K)->6333644K(6831104K)
[43.658s][info][gc,metaspace   ] GC(282) Metaspace: 6298K(6464K)->6298K(6464K) NonClass: 5764K(5824K)->5764K(5824K) Class: 533K(640K)->533K(640K)
[43.658s][info][gc             ] GC(282) Pause Young (Allocation Failure) 6214M->6214M(6730M) 71.222ms
[43.658s][info][gc,cpu         ] GC(282) User=0.17s Sys=0.00s Real=0.07s
[43.690s][info][gc,start       ] GC(283) Pause Young (Allocation Failure)
[43.768s][info][gc,heap        ] GC(283) PSYoungGen: 60608K(60928K)->30368K(286208K) Eden: 30208K(30208K)->0K(34816K) From: 30400K(30720K)->30368K(251392K)
[43.768s][info][gc,heap        ] GC(283) ParOldGen: 6333644K(6831104K)->6364124K(6831104K)
[43.768s][info][gc,metaspace   ] GC(283) Metaspace: 6298K(6464K)->6298K(6464K) NonClass: 5764K(5824K)->5764K(5824K) Class: 533K(640K)->533K(640K)
[43.768s][info][gc             ] GC(283) Pause Young (Allocation Failure) 6244M->6244M(6950M) 77.742ms
[43.768s][info][gc,cpu         ] GC(283) User=0.17s Sys=0.03s Real=0.08s
[43.808s][info][gc,start       ] GC(284) Pause Young (Allocation Failure)
[43.882s][info][gc,heap        ] GC(284) PSYoungGen: 65184K(286208K)->34976K(70144K) Eden: 34816K(34816K)->0K(34816K) From: 30368K(251392K)->34976K(35328K)
[43.882s][info][gc,heap        ] GC(284) ParOldGen: 6364124K(6831104K)->6394604K(6831104K)
[43.882s][info][gc,metaspace   ] GC(284) Metaspace: 6298K(6464K)->6298K(6464K) NonClass: 5764K(5824K)->5764K(5824K) Class: 533K(640K)->533K(640K)
[43.882s][info][gc             ] GC(284) Pause Young (Allocation Failure) 6278M->6278M(6739M) 74.395ms
[43.882s][info][gc,cpu         ] GC(284) User=0.17s Sys=0.02s Real=0.07s
[43.918s][info][gc,start       ] GC(285) Pause Young (Allocation Failure)
[44.000s][info][gc,heap        ] GC(285) PSYoungGen: 69792K(70144K)->34976K(261632K) Eden: 34816K(34816K)->0K(39936K) From: 34976K(35328K)->34976K(221696K)
[44.000s][info][gc,heap        ] GC(285) ParOldGen: 6394604K(6831104K)->6429732K(6831104K)
[44.000s][info][gc,metaspace   ] GC(285) Metaspace: 6298K(6464K)->6298K(6464K) NonClass: 5764K(5824K)->5764K(5824K) Class: 533K(640K)->533K(640K)
[44.000s][info][gc             ] GC(285) Pause Young (Allocation Failure) 6312M->6313M(6926M) 81.888ms
[44.000s][info][gc,cpu         ] GC(285) User=0.19s Sys=0.00s Real=0.08s
[44.046s][info][gc,start       ] GC(286) Pause Young (Allocation Failure)
[44.135s][info][gc,heap        ] GC(286) PSYoungGen: 74912K(261632K)->40096K(80384K) Eden: 39936K(39936K)->0K(39936K) From: 34976K(221696K)->40096K(40448K)
[44.135s][info][gc,heap        ] GC(286) ParOldGen: 6429732K(6831104K)->6464868K(6831104K)
[44.135s][info][gc,metaspace   ] GC(286) Metaspace: 6298K(6464K)->6298K(6464K) NonClass: 5764K(5824K)->5764K(5824K) Class: 533K(640K)->533K(640K)
[44.135s][info][gc             ] GC(286) Pause Young (Allocation Failure) 6352M->6352M(6749M) 89.572ms
[44.135s][info][gc,cpu         ] GC(286) User=0.19s Sys=0.03s Real=0.09s
[44.182s][info][gc,start       ] GC(287) Pause Young (Allocation Failure)
[44.272s][info][gc,heap        ] GC(287) PSYoungGen: 80032K(80384K)->40096K(239616K) Eden: 39936K(39936K)->0K(45568K) From: 40096K(40448K)->40096K(194048K)
[44.272s][info][gc,heap        ] GC(287) ParOldGen: 6464868K(6831104K)->6505164K(6831104K)
[44.272s][info][gc,metaspace   ] GC(287) Metaspace: 6298K(6464K)->6298K(6464K) NonClass: 5764K(5824K)->5764K(5824K) Class: 533K(640K)->533K(640K)
[44.272s][info][gc             ] GC(287) Pause Young (Allocation Failure) 6391M->6391M(6905M) 89.697ms
[44.272s][info][gc,cpu         ] GC(287) User=0.23s Sys=0.00s Real=0.09s
[44.319s][info][gc,start       ] GC(288) Pause Young (Allocation Failure)
[44.411s][info][gc,heap        ] GC(288) PSYoungGen: 85664K(239616K)->45792K(91648K) Eden: 45568K(45568K)->0K(45568K) From: 40096K(194048K)->45792K(46080K)
[44.411s][info][gc,heap        ] GC(288) ParOldGen: 6505164K(6831104K)->6545452K(6831104K)
[44.411s][info][gc,metaspace   ] GC(288) Metaspace: 6298K(6464K)->6298K(6464K) NonClass: 5764K(5824K)->5764K(5824K) Class: 533K(640K)->533K(640K)
[44.411s][info][gc             ] GC(288) Pause Young (Allocation Failure) 6436M->6436M(6760M) 91.725ms
[44.411s][info][gc,cpu         ] GC(288) User=0.25s Sys=0.02s Real=0.09s
[44.459s][info][gc,start       ] GC(289) Pause Young (Allocation Failure)
[44.550s][info][gc,heap        ] GC(289) PSYoungGen: 91360K(91648K)->45760K(220160K) Eden: 45568K(45568K)->0K(51712K) From: 45792K(46080K)->45760K(168448K)
[44.550s][info][gc,heap        ] GC(289) ParOldGen: 6545452K(6831104K)->6591420K(6831104K)
[44.550s][info][gc,metaspace   ] GC(289) Metaspace: 6298K(6464K)->6298K(6464K) NonClass: 5764K(5824K)->5764K(5824K) Class: 533K(640K)->533K(640K)
[44.550s][info][gc             ] GC(289) Pause Young (Allocation Failure) 6481M->6481M(6886M) 90.282ms
[44.550s][info][gc,cpu         ] GC(289) User=0.36s Sys=0.00s Real=0.09s
[44.609s][info][gc,start       ] GC(290) Pause Young (Allocation Failure)
[44.696s][info][gc,heap        ] GC(290) PSYoungGen: 97472K(220160K)->51936K(103936K) Eden: 51712K(51712K)->0K(51712K) From: 45760K(168448K)->51936K(52224K)
[44.696s][info][gc,heap        ] GC(290) ParOldGen: 6591420K(6831104K)->6637396K(6831104K)
[44.696s][info][gc,metaspace   ] GC(290) Metaspace: 6298K(6464K)->6298K(6464K) NonClass: 5764K(5824K)->5764K(5824K) Class: 533K(640K)->533K(640K)
[44.696s][info][gc             ] GC(290) Pause Young (Allocation Failure) 6532M->6532M(6772M) 87.479ms
[44.696s][info][gc,cpu         ] GC(290) User=0.22s Sys=0.02s Real=0.09s
[44.758s][info][gc,start       ] GC(291) Pause Young (Allocation Failure)
[44.865s][info][gc,heap        ] GC(291) PSYoungGen: 103648K(103936K)->51840K(204800K) Eden: 51712K(51712K)->0K(58880K) From: 51936K(52224K)->51840K(145920K)
[44.865s][info][gc,heap        ] GC(291) ParOldGen: 6637396K(6831104K)->6689572K(6831104K)
[44.865s][info][gc,metaspace   ] GC(291) Metaspace: 6298K(6464K)->6298K(6464K) NonClass: 5764K(5824K)->5764K(5824K) Class: 533K(640K)->533K(640K)
[44.865s][info][gc             ] GC(291) Pause Young (Allocation Failure) 6583M->6583M(6871M) 106.423ms
[44.865s][info][gc,cpu         ] GC(291) User=0.25s Sys=0.02s Real=0.11s
[44.927s][info][gc,start       ] GC(292) Pause Young (Allocation Failure)
[45.026s][info][gc,heap        ] GC(292) PSYoungGen: 110720K(204800K)->59072K(118272K) Eden: 58880K(58880K)->0K(58880K) From: 51840K(145920K)->59072K(59392K)
[45.026s][info][gc,heap        ] GC(292) ParOldGen: 6689572K(6831104K)->6741756K(6831104K)
[45.026s][info][gc,metaspace   ] GC(292) Metaspace: 6298K(6464K)->6298K(6464K) NonClass: 5764K(5824K)->5764K(5824K) Class: 533K(640K)->533K(640K)
[45.026s][info][gc             ] GC(292) Pause Young (Allocation Failure) 6640M->6641M(6786M) 99.288ms
[45.026s][info][gc,cpu         ] GC(292) User=0.28s Sys=0.06s Real=0.10s
[45.089s][info][gc,start       ] GC(293) Pause Young (Allocation Failure)
[45.192s][info][gc,heap        ] GC(293) PSYoungGen: 117952K(118272K)->59136K(201216K) Eden: 58880K(58880K)->0K(66560K) From: 59072K(59392K)->59136K(134656K)
[45.192s][info][gc,heap        ] GC(293) ParOldGen: 6741756K(6831104K)->6801156K(6831104K)
[45.192s][info][gc,metaspace   ] GC(293) Metaspace: 6298K(6464K)->6298K(6464K) NonClass: 5764K(5824K)->5764K(5824K) Class: 533K(640K)->533K(640K)
[45.192s][info][gc             ] GC(293) Pause Young (Allocation Failure) 6698M->6699M(6867M) 103.117ms
[45.192s][info][gc,cpu         ] GC(293) User=0.22s Sys=0.03s Real=0.10s
[45.192s][info][gc,start       ] GC(294) Pause Full (Ergonomics)
[45.192s][info][gc,phases,start] GC(294) Marking Phase
[46.727s][info][gc,phases      ] GC(294) Marking Phase 1534.552ms
[46.727s][info][gc,phases,start] GC(294) Summary Phase
[46.727s][info][gc,phases      ] GC(294) Summary Phase 0.081ms
[46.727s][info][gc,phases,start] GC(294) Adjust Roots
[46.727s][info][gc,phases      ] GC(294) Adjust Roots 0.157ms
[46.727s][info][gc,phases,start] GC(294) Compaction Phase
[47.393s][info][gc,phases      ] GC(294) Compaction Phase 666.536ms
[47.394s][info][gc,phases,start] GC(294) Post Compact
[47.404s][info][gc,phases      ] GC(294) Post Compact 10.327ms
[47.406s][info][gc,heap        ] GC(294) PSYoungGen: 59136K(201216K)->22565K(208384K) Eden: 0K(66560K)->0K(73728K) From: 59136K(134656K)->22565K(134656K)
[47.406s][info][gc,heap        ] GC(294) ParOldGen: 6801156K(6831104K)->6830694K(7483904K)
[47.406s][info][gc,metaspace   ] GC(294) Metaspace: 6298K(6464K)->6298K(6464K) NonClass: 5764K(5824K)->5764K(5824K) Class: 533K(640K)->533K(640K)
[47.406s][info][gc             ] GC(294) Pause Full (Ergonomics) 6699M->6692M(7512M) 2214.192ms
[47.406s][info][gc,cpu         ] GC(294) User=15.81s Sys=0.06s Real=2.21s
[47.495s][info][gc,start       ] GC(295) Pause Young (Allocation Failure)
[47.833s][info][gc,heap        ] GC(295) PSYoungGen: 96293K(208384K)->73984K(215552K) Eden: 73728K(73728K)->0K(73728K) From: 22565K(134656K)->73984K(141824K)
[47.834s][info][gc,heap        ] GC(295) ParOldGen: 6830694K(7483904K)->6853494K(7483904K)
[47.834s][info][gc,metaspace   ] GC(295) Metaspace: 6298K(6464K)->6298K(6464K) NonClass: 5764K(5824K)->5764K(5824K) Class: 533K(640K)->533K(640K)
[47.834s][info][gc             ] GC(295) Pause Young (Allocation Failure) 6764M->6765M(7519M) 338.560ms
[47.834s][info][gc,cpu         ] GC(295) User=2.11s Sys=0.02s Real=0.34s
[47.917s][info][gc,start       ] GC(296) Pause Young (Allocation Failure)
[48.033s][info][gc,heap        ] GC(296) PSYoungGen: 147712K(215552K)->73984K(219648K) Eden: 73728K(73728K)->0K(81920K) From: 73984K(141824K)->73984K(137728K)
[48.033s][info][gc,heap        ] GC(296) ParOldGen: 6853494K(7483904K)->6927886K(7483904K)
[48.033s][info][gc,metaspace   ] GC(296) Metaspace: 6298K(6464K)->6298K(6464K) NonClass: 5764K(5824K)->5764K(5824K) Class: 533K(640K)->533K(640K)
[48.033s][info][gc             ] GC(296) Pause Young (Allocation Failure) 6837M->6837M(7523M) 116.446ms
[48.033s][info][gc,cpu         ] GC(296) User=0.44s Sys=0.05s Real=0.12s
[48.114s][info][gc,start       ] GC(297) Pause Young (Allocation Failure)
[48.231s][info][gc,heap        ] GC(297) PSYoungGen: 155904K(219648K)->82240K(220672K) Eden: 81920K(81920K)->0K(81920K) From: 73984K(137728K)->82240K(138752K)
[48.231s][info][gc,heap        ] GC(297) ParOldGen: 6927886K(7483904K)->7002270K(7483904K)
[48.231s][info][gc,metaspace   ] GC(297) Metaspace: 6298K(6464K)->6298K(6464K) NonClass: 5764K(5824K)->5764K(5824K) Class: 533K(640K)->533K(640K)
[48.231s][info][gc             ] GC(297) Pause Young (Allocation Failure) 6917M->6918M(7524M) 117.082ms
[48.231s][info][gc,cpu         ] GC(297) User=0.44s Sys=0.00s Real=0.12s
[48.320s][info][gc,start       ] GC(298) Pause Young (Allocation Failure)
[48.434s][info][gc,heap        ] GC(298) PSYoungGen: 164160K(220672K)->82176K(230912K) Eden: 81920K(81920K)->0K(91136K) From: 82240K(138752K)->82176K(139776K)
[48.434s][info][gc,heap        ] GC(298) ParOldGen: 7002270K(7483904K)->7084918K(7483904K)
[48.434s][info][gc,metaspace   ] GC(298) Metaspace: 6298K(6464K)->6298K(6464K) NonClass: 5764K(5824K)->5764K(5824K) Class: 533K(640K)->533K(640K)
[48.434s][info][gc             ] GC(298) Pause Young (Allocation Failure) 6998M->6999M(7534M) 113.975ms
[48.434s][info][gc,cpu         ] GC(298) User=0.44s Sys=0.03s Real=0.11s
[48.530s][info][gc,start       ] GC(299) Pause Young (Allocation Failure)
[48.659s][info][gc,heap        ] GC(299) PSYoungGen: 173312K(230912K)->91424K(230912K) Eden: 91136K(91136K)->0K(91136K) From: 82176K(139776K)->91424K(139776K)
[48.659s][info][gc,heap        ] GC(299) ParOldGen: 7084918K(7483904K)->7167574K(7483904K)
[48.659s][info][gc,metaspace   ] GC(299) Metaspace: 6298K(6464K)->6298K(6464K) NonClass: 5764K(5824K)->5764K(5824K) Class: 533K(640K)->533K(640K)
[48.659s][info][gc             ] GC(299) Pause Young (Allocation Failure) 7088M->7088M(7534M) 128.887ms
[48.659s][info][gc,cpu         ] GC(299) User=0.58s Sys=0.14s Real=0.13s
[48.756s][info][gc,start       ] GC(300) Pause Young (Allocation Failure)
[48.890s][info][gc,heap        ] GC(300) PSYoungGen: 182560K(230912K)->91456K(242176K) Eden: 91136K(91136K)->0K(99328K) From: 91424K(139776K)->91456K(142848K)
[48.890s][info][gc,heap        ] GC(300) ParOldGen: 7167574K(7483904K)->7259518K(7483904K)
[48.890s][info][gc,metaspace   ] GC(300) Metaspace: 6298K(6464K)->6298K(6464K) NonClass: 5764K(5824K)->5764K(5824K) Class: 533K(640K)->533K(640K)
[48.890s][info][gc             ] GC(300) Pause Young (Allocation Failure) 7177M->7178M(7545M) 134.401ms
[48.890s][info][gc,cpu         ] GC(300) User=0.83s Sys=0.20s Real=0.13s
[49.007s][info][gc,start       ] GC(301) Pause Young (Allocation Failure)
[49.142s][info][gc,heap        ] GC(301) PSYoungGen: 190784K(242176K)->99680K(244224K) Eden: 99328K(99328K)->0K(99328K) From: 91456K(142848K)->99680K(144896K)
[49.142s][info][gc,heap        ] GC(301) ParOldGen: 7259518K(7483904K)->7351470K(7483904K)
[49.142s][info][gc,metaspace   ] GC(301) Metaspace: 6298K(6464K)->6298K(6464K) NonClass: 5764K(5824K)->5764K(5824K) Class: 533K(640K)->533K(640K)
[49.142s][info][gc             ] GC(301) Pause Young (Allocation Failure) 7275M->7276M(7547M) 134.698ms
[49.142s][info][gc,cpu         ] GC(301) User=0.53s Sys=0.38s Real=0.13s
[49.242s][info][gc,start       ] GC(302) Pause Young (Allocation Failure)
[49.388s][info][gc,heap        ] GC(302) PSYoungGen: 199008K(244224K)->99616K(256512K) Eden: 99328K(99328K)->0K(107520K) From: 99680K(144896K)->99616K(148992K)
[49.388s][info][gc,heap        ] GC(302) ParOldGen: 7351470K(7483904K)->7451686K(7483904K)
[49.388s][info][gc,metaspace   ] GC(302) Metaspace: 6298K(6464K)->6298K(6464K) NonClass: 5764K(5824K)->5764K(5824K) Class: 533K(640K)->533K(640K)
[49.388s][info][gc             ] GC(302) Pause Young (Allocation Failure) 7373M->7374M(7559M) 145.304ms
[49.388s][info][gc,cpu         ] GC(302) User=0.70s Sys=0.30s Real=0.14s
[49.388s][info][gc,start       ] GC(303) Pause Full (Ergonomics)
[49.388s][info][gc,phases,start] GC(303) Marking Phase
[51.105s][info][gc,phases      ] GC(303) Marking Phase 1717.629ms
[51.105s][info][gc,phases,start] GC(303) Summary Phase
[51.105s][info][gc,phases      ] GC(303) Summary Phase 0.076ms
[51.105s][info][gc,phases,start] GC(303) Adjust Roots
[51.106s][info][gc,phases      ] GC(303) Adjust Roots 0.229ms
[51.106s][info][gc,phases,start] GC(303) Compaction Phase
[51.822s][info][gc,phases      ] GC(303) Compaction Phase 715.846ms
[51.822s][info][gc,phases,start] GC(303) Post Compact
[51.833s][info][gc,phases      ] GC(303) Post Compact 11.517ms
[51.840s][info][gc,heap        ] GC(303) PSYoungGen: 99616K(256512K)->61476K(256512K) Eden: 0K(107520K)->0K(107520K) From: 99616K(148992K)->61476K(148992K)
[51.840s][info][gc,heap        ] GC(303) ParOldGen: 7451686K(7483904K)->7483754K(8247296K)
[51.840s][info][gc,metaspace   ] GC(303) Metaspace: 6298K(6464K)->6298K(6464K) NonClass: 5764K(5824K)->5764K(5824K) Class: 533K(640K)->533K(640K)
[51.840s][info][gc             ] GC(303) Pause Full (Ergonomics) 7374M->7368M(8304M) 2452.076ms
[51.840s][info][gc,cpu         ] GC(303) User=17.66s Sys=0.05s Real=2.45s
[51.960s][info][gc,start       ] GC(304) Pause Young (Allocation Failure)
[52.386s][info][gc,heap        ] GC(304) PSYoungGen: 168996K(256512K)->107840K(259584K) Eden: 107520K(107520K)->0K(107520K) From: 61476K(148992K)->107840K(152064K)
[52.386s][info][gc,heap        ] GC(304) ParOldGen: 7483754K(8247296K)->7545818K(8247296K)
[52.386s][info][gc,metaspace   ] GC(304) Metaspace: 6298K(6464K)->6298K(6464K) NonClass: 5764K(5824K)->5764K(5824K) Class: 533K(640K)->533K(640K)
[52.386s][info][gc             ] GC(304) Pause Young (Allocation Failure) 7473M->7474M(8307M) 426.735ms
[52.386s][info][gc,cpu         ] GC(304) User=2.75s Sys=0.28s Real=0.43s
[52.500s][info][gc,start       ] GC(305) Pause Young (Allocation Failure)
[52.670s][info][gc,heap        ] GC(305) PSYoungGen: 215360K(259584K)->156672K(230912K) Eden: 107520K(107520K)->0K(74240K) From: 107840K(152064K)->156672K(156672K)
[52.670s][info][gc,heap        ] GC(305) ParOldGen: 7545818K(8247296K)->7604970K(8247296K)
[52.670s][info][gc,metaspace   ] GC(305) Metaspace: 6298K(6464K)->6298K(6464K) NonClass: 5764K(5824K)->5764K(5824K) Class: 533K(640K)->533K(640K)
[52.670s][info][gc             ] GC(305) Pause Young (Allocation Failure) 7579M->7579M(8279M) 170.582ms
[52.670s][info][gc,cpu         ] GC(305) User=0.89s Sys=0.36s Real=0.17s
[52.753s][info][gc,start       ] GC(306) Pause Young (Allocation Failure)
[52.947s][info][gc,heap        ] GC(306) PSYoungGen: 230912K(230912K)->74464K(274432K) Eden: 74240K(74240K)->0K(74240K) From: 156672K(156672K)->74464K(200192K)
[52.947s][info][gc,heap        ] GC(306) ParOldGen: 7604970K(8247296K)->7762786K(8247296K)
[52.947s][info][gc,metaspace   ] GC(306) Metaspace: 6298K(6464K)->6298K(6464K) NonClass: 5764K(5824K)->5764K(5824K) Class: 533K(640K)->533K(640K)
[52.947s][info][gc             ] GC(306) Pause Young (Allocation Failure) 7652M->7653M(8322M) 193.767ms
[52.947s][info][gc,cpu         ] GC(306) User=0.58s Sys=0.70s Real=0.19s
[53.034s][info][gc,start       ] GC(307) Pause Young (Allocation Failure)
[53.163s][info][gc,heap        ] GC(307) PSYoungGen: 148704K(274432K)->74496K(260096K) Eden: 74240K(74240K)->0K(82944K) From: 74464K(200192K)->74496K(177152K)
[53.163s][info][gc,heap        ] GC(307) ParOldGen: 7762786K(8247296K)->7837698K(8247296K)
[53.163s][info][gc,metaspace   ] GC(307) Metaspace: 6298K(6464K)->6298K(6464K) NonClass: 5764K(5824K)->5764K(5824K) Class: 533K(640K)->533K(640K)
[53.163s][info][gc             ] GC(307) Pause Young (Allocation Failure) 7726M->7726M(8308M) 128.653ms
[53.163s][info][gc,cpu         ] GC(307) User=0.45s Sys=0.27s Real=0.13s
[53.249s][info][gc,start       ] GC(308) Pause Young (Allocation Failure)
[53.376s][info][gc,heap        ] GC(308) PSYoungGen: 157440K(260096K)->83200K(267264K) Eden: 82944K(82944K)->0K(82944K) From: 74496K(177152K)->83200K(184320K)
[53.376s][info][gc,heap        ] GC(308) ParOldGen: 7837698K(8247296K)->7912602K(8247296K)
[53.376s][info][gc,metaspace   ] GC(308) Metaspace: 6298K(6464K)->6298K(6464K) NonClass: 5764K(5824K)->5764K(5824K) Class: 533K(640K)->533K(640K)
[53.376s][info][gc             ] GC(308) Pause Young (Allocation Failure) 7807M->7808M(8315M) 127.382ms
[53.376s][info][gc,cpu         ] GC(308) User=0.44s Sys=0.17s Real=0.13s
[53.468s][info][gc,start       ] GC(309) Pause Young (Allocation Failure)
[53.600s][info][gc,heap        ] GC(309) PSYoungGen: 166144K(267264K)->83200K(251904K) Eden: 82944K(82944K)->0K(92672K) From: 83200K(184320K)->83200K(159232K)
[53.600s][info][gc,heap        ] GC(309) ParOldGen: 7912602K(8247296K)->7996290K(8247296K)
[53.600s][info][gc,metaspace   ] GC(309) Metaspace: 6298K(6464K)->6298K(6464K) NonClass: 5764K(5824K)->5764K(5824K) Class: 533K(640K)->533K(640K)
[53.600s][info][gc             ] GC(309) Pause Young (Allocation Failure) 7889M->7890M(8300M) 132.302ms
[53.600s][info][gc,cpu         ] GC(309) User=0.53s Sys=0.25s Real=0.13s
[53.703s][info][gc,start       ] GC(310) Pause Young (Allocation Failure)
[53.840s][info][gc,heap        ] GC(310) PSYoungGen: 175872K(251904K)->92992K(260096K) Eden: 92672K(92672K)->0K(92672K) From: 83200K(159232K)->92992K(167424K)
[53.840s][info][gc,heap        ] GC(310) ParOldGen: 7996290K(8247296K)->8079978K(8247296K)
[53.840s][info][gc,metaspace   ] GC(310) Metaspace: 6298K(6464K)->6298K(6464K) NonClass: 5764K(5824K)->5764K(5824K) Class: 533K(640K)->533K(640K)
[53.840s][info][gc             ] GC(310) Pause Young (Allocation Failure) 7980M->7981M(8308M) 136.386ms
[53.840s][info][gc,cpu         ] GC(310) User=0.66s Sys=0.17s Real=0.14s
[53.934s][info][gc,start       ] GC(311) Pause Young (Allocation Failure)
[54.071s][info][gc,heap        ] GC(311) PSYoungGen: 185664K(260096K)->92992K(254464K) Eden: 92672K(92672K)->0K(103936K) From: 92992K(167424K)->92992K(150528K)
[54.071s][info][gc,heap        ] GC(311) ParOldGen: 8079978K(8247296K)->8173474K(8247296K)
[54.071s][info][gc,metaspace   ] GC(311) Metaspace: 6298K(6464K)->6298K(6464K) NonClass: 5764K(5824K)->5764K(5824K) Class: 533K(640K)->533K(640K)
[54.071s][info][gc             ] GC(311) Pause Young (Allocation Failure) 8071M->8072M(8302M) 136.595ms
[54.071s][info][gc,cpu         ] GC(311) User=0.73s Sys=0.19s Real=0.14s
[54.071s][info][gc,start       ] GC(312) Pause Full (Ergonomics)
[54.071s][info][gc,phases,start] GC(312) Marking Phase
[55.928s][info][gc,phases      ] GC(312) Marking Phase 1857.246ms
[55.928s][info][gc,phases,start] GC(312) Summary Phase
[55.928s][info][gc,phases      ] GC(312) Summary Phase 0.093ms
[55.928s][info][gc,phases,start] GC(312) Adjust Roots
[55.928s][info][gc,phases      ] GC(312) Adjust Roots 0.172ms
[55.928s][info][gc,phases,start] GC(312) Compaction Phase
[56.696s][info][gc,phases      ] GC(312) Compaction Phase 767.669ms
[56.696s][info][gc,phases,start] GC(312) Post Compact
[56.708s][info][gc,phases      ] GC(312) Post Compact 12.166ms
[56.710s][info][gc,heap        ] GC(312) PSYoungGen: 92992K(254464K)->12936K(260096K) Eden: 0K(103936K)->0K(109568K) From: 92992K(150528K)->12936K(150528K)
[56.710s][info][gc,heap        ] GC(312) ParOldGen: 8173474K(8247296K)->8246788K(8328704K)
[56.710s][info][gc,metaspace   ] GC(312) Metaspace: 6298K(6464K)->6298K(6464K) NonClass: 5764K(5824K)->5764K(5824K) Class: 533K(640K)->533K(640K)
[56.710s][info][gc             ] GC(312) Pause Full (Ergonomics) 8072M->8066M(8387M) 2638.769ms
[56.710s][info][gc,cpu         ] GC(312) User=19.23s Sys=0.12s Real=2.64s
[56.829s][info][gc,start       ] GC(313) Pause Full (Ergonomics)
[56.829s][info][gc,phases,start] GC(313) Marking Phase
[58.708s][info][gc,phases      ] GC(313) Marking Phase 1879.007ms
[58.708s][info][gc,phases,start] GC(313) Summary Phase
[58.708s][info][gc,phases      ] GC(313) Summary Phase 0.097ms
[58.708s][info][gc,phases,start] GC(313) Adjust Roots
[58.709s][info][gc,phases      ] GC(313) Adjust Roots 0.198ms
[58.709s][info][gc,phases,start] GC(313) Compaction Phase
[59.325s][info][gc,phases      ] GC(313) Compaction Phase 616.692ms
[59.325s][info][gc,phases,start] GC(313) Post Compact
[59.339s][info][gc,phases      ] GC(313) Post Compact 13.207ms
[59.339s][info][gc,heap        ] GC(313) PSYoungGen: 122504K(260096K)->40576K(265728K) Eden: 109568K(109568K)->40576K(109568K) From: 12936K(150528K)->0K(156160K)
[59.339s][info][gc,heap        ] GC(313) ParOldGen: 8246788K(8328704K)->8328687K(8328704K)
[59.339s][info][gc,metaspace   ] GC(313) Metaspace: 6298K(6464K)->6298K(6464K) NonClass: 5764K(5824K)->5764K(5824K) Class: 533K(640K)->533K(640K)
[59.339s][info][gc             ] GC(313) Pause Full (Ergonomics) 8173M->8173M(8393M) 2509.628ms
[59.339s][info][gc,cpu         ] GC(313) User=18.77s Sys=0.14s Real=2.51s
[59.411s][info][gc,start       ] GC(314) Pause Full (Ergonomics)
[59.411s][info][gc,phases,start] GC(314) Marking Phase
[61.305s][info][gc,phases      ] GC(314) Marking Phase 1894.102ms
[61.305s][info][gc,phases,start] GC(314) Summary Phase
[61.305s][info][gc,phases      ] GC(314) Summary Phase 0.141ms
[61.305s][info][gc,phases,start] GC(314) Adjust Roots
[61.305s][info][gc,phases      ] GC(314) Adjust Roots 0.189ms
[61.305s][info][gc,phases,start] GC(314) Compaction Phase
[61.954s][info][gc,phases      ] GC(314) Compaction Phase 648.570ms
[61.954s][info][gc,phases,start] GC(314) Post Compact
[61.966s][info][gc,phases      ] GC(314) Post Compact 12.251ms
[61.966s][info][gc,heap        ] GC(314) PSYoungGen: 109568K(265728K)->109547K(260096K) Eden: 109568K(109568K)->109547K(109568K) From: 0K(156160K)->0K(150528K)
[61.966s][info][gc,heap        ] GC(314) ParOldGen: 8328687K(8328704K)->8328687K(8328704K)
[61.966s][info][gc,metaspace   ] GC(314) Metaspace: 6298K(6464K)->6298K(6464K) NonClass: 5764K(5824K)->5764K(5824K) Class: 533K(640K)->533K(640K)
[61.966s][info][gc             ] GC(314) Pause Full (Ergonomics) 8240M->8240M(8387M) 2555.636ms
[61.966s][info][gc,cpu         ] GC(314) User=18.75s Sys=0.02s Real=2.56s
[61.967s][info][gc,start       ] GC(315) Pause Full (Ergonomics)
[61.967s][info][gc,phases,start] GC(315) Marking Phase
[63.866s][info][gc,phases      ] GC(315) Marking Phase 1898.871ms
[63.866s][info][gc,phases,start] GC(315) Summary Phase
[63.866s][info][gc,phases      ] GC(315) Summary Phase 0.079ms
[63.866s][info][gc,phases,start] GC(315) Adjust Roots
[63.866s][info][gc,phases      ] GC(315) Adjust Roots 0.162ms
[63.866s][info][gc,phases,start] GC(315) Compaction Phase
[64.529s][info][gc,phases      ] GC(315) Compaction Phase 663.114ms
[64.529s][info][gc,phases,start] GC(315) Post Compact
[64.542s][info][gc,phases      ] GC(315) Post Compact 12.405ms
[64.542s][info][gc,heap        ] GC(315) PSYoungGen: 109568K(260096K)->109567K(265728K) Eden: 109568K(109568K)->109567K(109568K) From: 0K(150528K)->0K(156160K)
[64.542s][info][gc,heap        ] GC(315) ParOldGen: 8328687K(8328704K)->8328687K(8328704K)
[64.542s][info][gc,metaspace   ] GC(315) Metaspace: 6298K(6464K)->6298K(6464K) NonClass: 5764K(5824K)->5764K(5824K) Class: 533K(640K)->533K(640K)
[64.542s][info][gc             ] GC(315) Pause Full (Ergonomics) 8240M->8240M(8393M) 2574.967ms
[64.542s][info][gc,cpu         ] GC(315) User=18.72s Sys=0.00s Real=2.57s
[64.542s][info][gc,start       ] GC(316) Pause Full (Ergonomics)
[64.542s][info][gc,phases,start] GC(316) Marking Phase
[66.424s][info][gc,phases      ] GC(316) Marking Phase 1882.549ms
[66.424s][info][gc,phases,start] GC(316) Summary Phase
[66.425s][info][gc,phases      ] GC(316) Summary Phase 0.087ms
[66.425s][info][gc,phases,start] GC(316) Adjust Roots
[66.425s][info][gc,phases      ] GC(316) Adjust Roots 0.179ms
[66.425s][info][gc,phases,start] GC(316) Compaction Phase
[67.051s][info][gc,phases      ] GC(316) Compaction Phase 625.949ms
[67.051s][info][gc,phases,start] GC(316) Post Compact
[67.063s][info][gc,phases      ] GC(316) Post Compact 12.374ms
[67.063s][info][gc,heap        ] GC(316) PSYoungGen: 109567K(265728K)->109567K(260096K) Eden: 109567K(109568K)->109567K(109568K) From: 0K(156160K)->0K(150528K)
[67.063s][info][gc,heap        ] GC(316) ParOldGen: 8328687K(8328704K)->8328687K(8328704K)
[67.063s][info][gc,metaspace   ] GC(316) Metaspace: 6298K(6464K)->6298K(6464K) NonClass: 5764K(5824K)->5764K(5824K) Class: 533K(640K)->533K(640K)
[67.063s][info][gc             ] GC(316) Pause Full (Ergonomics) 8240M->8240M(8387M) 2521.460ms
[67.063s][info][gc,cpu         ] GC(316) User=18.73s Sys=0.02s Real=2.52s
[67.064s][info][gc,start       ] GC(317) Pause Full (Ergonomics)
[67.064s][info][gc,phases,start] GC(317) Marking Phase
[68.993s][info][gc,phases      ] GC(317) Marking Phase 1929.088ms
[68.993s][info][gc,phases,start] GC(317) Summary Phase
[68.993s][info][gc,phases      ] GC(317) Summary Phase 0.078ms
[68.993s][info][gc,phases,start] GC(317) Adjust Roots
[68.993s][info][gc,phases      ] GC(317) Adjust Roots 0.160ms
[68.993s][info][gc,phases,start] GC(317) Compaction Phase
[69.607s][info][gc,phases      ] GC(317) Compaction Phase 613.758ms
[69.607s][info][gc,phases,start] GC(317) Post Compact
[69.619s][info][gc,phases      ] GC(317) Post Compact 12.335ms
[69.619s][info][gc,heap        ] GC(317) PSYoungGen: 109568K(260096K)->109568K(265728K) Eden: 109568K(109568K)->109568K(109568K) From: 0K(150528K)->0K(156160K)
[69.619s][info][gc,heap        ] GC(317) ParOldGen: 8328692K(8328704K)->8328692K(8328704K)
[69.619s][info][gc,metaspace   ] GC(317) Metaspace: 6298K(6464K)->6298K(6464K) NonClass: 5764K(5824K)->5764K(5824K) Class: 533K(640K)->533K(640K)
[69.619s][info][gc             ] GC(317) Pause Full (Ergonomics) 8240M->8240M(8393M) 2555.725ms
[69.619s][info][gc,cpu         ] GC(317) User=19.09s Sys=0.02s Real=2.56s
[69.619s][info][gc,start       ] GC(318) Pause Full (Ergonomics)
[69.619s][info][gc,phases,start] GC(318) Marking Phase
[71.526s][info][gc,phases      ] GC(318) Marking Phase 1906.293ms
[71.526s][info][gc,phases,start] GC(318) Summary Phase
[71.526s][info][gc,phases      ] GC(318) Summary Phase 0.095ms
[71.526s][info][gc,phases,start] GC(318) Adjust Roots
[71.526s][info][gc,phases      ] GC(318) Adjust Roots 0.197ms
[71.526s][info][gc,phases,start] GC(318) Compaction Phase
[72.130s][info][gc,phases      ] GC(318) Compaction Phase 603.559ms
[72.130s][info][gc,phases,start] GC(318) Post Compact
[72.142s][info][gc,phases      ] GC(318) Post Compact 12.453ms
[72.142s][info][gc,heap        ] GC(318) PSYoungGen: 109568K(265728K)->109568K(260096K) Eden: 109568K(109568K)->109568K(109568K) From: 0K(156160K)->0K(150528K)
[72.142s][info][gc,heap        ] GC(318) ParOldGen: 8328697K(8328704K)->8328697K(8328704K)
[72.142s][info][gc,metaspace   ] GC(318) Metaspace: 6298K(6464K)->6298K(6464K) NonClass: 5764K(5824K)->5764K(5824K) Class: 533K(640K)->533K(640K)
[72.142s][info][gc             ] GC(318) Pause Full (Ergonomics) 8240M->8240M(8387M) 2522.937ms
[72.142s][info][gc,cpu         ] GC(318) User=19.25s Sys=0.00s Real=2.52s
[72.143s][info][gc,start       ] GC(319) Pause Full (Ergonomics)
[72.143s][info][gc,phases,start] GC(319) Marking Phase
[74.074s][info][gc,phases      ] GC(319) Marking Phase 1931.278ms
[74.074s][info][gc,phases,start] GC(319) Summary Phase
[74.074s][info][gc,phases      ] GC(319) Summary Phase 0.082ms
[74.074s][info][gc,phases,start] GC(319) Adjust Roots
[74.074s][info][gc,phases      ] GC(319) Adjust Roots 0.192ms
[74.074s][info][gc,phases,start] GC(319) Compaction Phase
[74.725s][info][gc,phases      ] GC(319) Compaction Phase 650.858ms
[74.725s][info][gc,phases,start] GC(319) Post Compact
[74.737s][info][gc,phases      ] GC(319) Post Compact 12.260ms
[74.738s][info][gc,heap        ] GC(319) PSYoungGen: 109568K(260096K)->109568K(265728K) Eden: 109568K(109568K)->109568K(109568K) From: 0K(150528K)->0K(156160K)
[74.738s][info][gc,heap        ] GC(319) ParOldGen: 8328702K(8328704K)->8328702K(8328704K)
[74.738s][info][gc,metaspace   ] GC(319) Metaspace: 6298K(6464K)->6298K(6464K) NonClass: 5764K(5824K)->5764K(5824K) Class: 533K(640K)->533K(640K)
[74.738s][info][gc             ] GC(319) Pause Full (Ergonomics) 8240M->8240M(8393M) 2595.002ms
[74.738s][info][gc,cpu         ] GC(319) User=19.45s Sys=0.00s Real=2.60s
[74.738s][info][gc,start       ] GC(320) Pause Full (Ergonomics)
[74.738s][info][gc,phases,start] GC(320) Marking Phase
[76.678s][info][gc,phases      ] GC(320) Marking Phase 1940.092ms
[76.678s][info][gc,phases,start] GC(320) Summary Phase
[76.678s][info][gc,phases      ] GC(320) Summary Phase 0.088ms
[76.678s][info][gc,phases,start] GC(320) Adjust Roots
[76.678s][info][gc,phases      ] GC(320) Adjust Roots 0.179ms
[76.678s][info][gc,phases,start] GC(320) Compaction Phase
[77.344s][info][gc,phases      ] GC(320) Compaction Phase 665.411ms
[77.344s][info][gc,phases,start] GC(320) Post Compact
[77.356s][info][gc,phases      ] GC(320) Post Compact 12.461ms
[77.356s][info][gc,heap        ] GC(320) PSYoungGen: 109568K(265728K)->109568K(260096K) Eden: 109568K(109568K)->109568K(109568K) From: 0K(156160K)->0K(150528K)
[77.356s][info][gc,heap        ] GC(320) ParOldGen: 8328703K(8328704K)->8328703K(8328704K)
[77.356s][info][gc,metaspace   ] GC(320) Metaspace: 6298K(6464K)->6298K(6464K) NonClass: 5764K(5824K)->5764K(5824K) Class: 533K(640K)->533K(640K)
[77.356s][info][gc             ] GC(320) Pause Full (Ergonomics) 8240M->8240M(8387M) 2618.559ms
[77.356s][info][gc,cpu         ] GC(320) User=19.42s Sys=0.00s Real=2.62s
[77.356s][info][gc,start       ] GC(321) Pause Full (Allocation Failure)
[77.356s][info][gc,phases,start] GC(321) Marking Phase
[79.228s][info][gc,phases      ] GC(321) Marking Phase 1871.541ms
[79.228s][info][gc,phases,start] GC(321) Summary Phase
[79.228s][info][gc,phases      ] GC(321) Summary Phase 0.082ms
[79.228s][info][gc,phases,start] GC(321) Adjust Roots
[79.229s][info][gc,phases      ] GC(321) Adjust Roots 0.385ms
[79.229s][info][gc,phases,start] GC(321) Compaction Phase
[81.353s][info][gc,phases      ] GC(321) Compaction Phase 2124.796ms
[81.353s][info][gc,phases,start] GC(321) Post Compact
[81.366s][info][gc,phases      ] GC(321) Post Compact 12.596ms
[81.366s][info][gc,heap        ] GC(321) PSYoungGen: 109568K(260096K)->109568K(265728K) Eden: 109568K(109568K)->109568K(109568K) From: 0K(150528K)->0K(156160K)
[81.366s][info][gc,heap        ] GC(321) ParOldGen: 8328703K(8328704K)->8328699K(8328704K)
[81.366s][info][gc,metaspace   ] GC(321) Metaspace: 6298K(6464K)->6296K(6464K) NonClass: 5764K(5824K)->5763K(5824K) Class: 533K(640K)->532K(640K)
[81.366s][info][gc             ] GC(321) Pause Full (Allocation Failure) 8240M->8240M(8393M) 4009.726ms
[81.366s][info][gc,cpu         ] GC(321) User=29.95s Sys=0.03s Real=4.01s
[81.367s][info][gc,start       ] GC(322) Pause Full (Ergonomics)
[81.367s][info][gc,phases,start] GC(322) Marking Phase
[83.313s][info][gc,phases      ] GC(322) Marking Phase 1946.403ms
[83.313s][info][gc,phases,start] GC(322) Summary Phase
[83.313s][info][gc,phases      ] GC(322) Summary Phase 0.080ms
[83.313s][info][gc,phases,start] GC(322) Adjust Roots
[83.313s][info][gc,phases      ] GC(322) Adjust Roots 0.160ms
[83.313s][info][gc,phases,start] GC(322) Compaction Phase
[84.026s][info][gc,phases      ] GC(322) Compaction Phase 712.896ms
[84.026s][info][gc,phases,start] GC(322) Post Compact
[84.039s][info][gc,phases      ] GC(322) Post Compact 12.995ms
[84.039s][info][gc,heap        ] GC(322) PSYoungGen: 109568K(265728K)->109568K(260096K) Eden: 109568K(109568K)->109568K(109568K) From: 0K(156160K)->0K(150528K)
[84.039s][info][gc,heap        ] GC(322) ParOldGen: 8328702K(8328704K)->8328702K(8328704K)
[84.039s][info][gc,metaspace   ] GC(322) Metaspace: 6296K(6464K)->6296K(6464K) NonClass: 5763K(5824K)->5763K(5824K) Class: 532K(640K)->532K(640K)
[84.039s][info][gc             ] GC(322) Pause Full (Ergonomics) 8240M->8240M(8387M) 2672.876ms
[84.039s][info][gc,cpu         ] GC(322) User=19.39s Sys=0.00s Real=2.67s
[84.040s][info][gc,start       ] GC(323) Pause Full (Ergonomics)
[84.040s][info][gc,phases,start] GC(323) Marking Phase
[85.997s][info][gc,phases      ] GC(323) Marking Phase 1957.252ms
[85.997s][info][gc,phases,start] GC(323) Summary Phase
[85.997s][info][gc,phases      ] GC(323) Summary Phase 0.159ms
[85.997s][info][gc,phases,start] GC(323) Adjust Roots
[85.998s][info][gc,phases      ] GC(323) Adjust Roots 0.268ms
[85.998s][info][gc,phases,start] GC(323) Compaction Phase
[86.705s][info][gc,phases      ] GC(323) Compaction Phase 707.733ms
[86.705s][info][gc,phases,start] GC(323) Post Compact
[86.718s][info][gc,phases      ] GC(323) Post Compact 12.249ms
[86.718s][info][gc,heap        ] GC(323) PSYoungGen: 109568K(260096K)->109568K(265728K) Eden: 109568K(109568K)->109568K(109568K) From: 0K(150528K)->0K(156160K)
[86.718s][info][gc,heap        ] GC(323) ParOldGen: 8328703K(8328704K)->8328703K(8328704K)
[86.718s][info][gc,metaspace   ] GC(323) Metaspace: 6296K(6464K)->6296K(6464K) NonClass: 5763K(5824K)->5763K(5824K) Class: 532K(640K)->532K(640K)
[86.718s][info][gc             ] GC(323) Pause Full (Ergonomics) 8240M->8240M(8393M) 2678.023ms
[86.718s][info][gc,cpu         ] GC(323) User=19.67s Sys=0.00s Real=2.68s
[86.718s][info][gc,start       ] GC(324) Pause Full (Allocation Failure)
[86.718s][info][gc,phases,start] GC(324) Marking Phase
[88.694s][info][gc,phases      ] GC(324) Marking Phase 1976.342ms
[88.694s][info][gc,phases,start] GC(324) Summary Phase
[88.694s][info][gc,phases      ] GC(324) Summary Phase 0.080ms
[88.694s][info][gc,phases,start] GC(324) Adjust Roots
[88.695s][info][gc,phases      ] GC(324) Adjust Roots 0.163ms
[88.695s][info][gc,phases,start] GC(324) Compaction Phase
[89.361s][info][gc,phases      ] GC(324) Compaction Phase 666.177ms
[89.361s][info][gc,phases,start] GC(324) Post Compact
[89.373s][info][gc,phases      ] GC(324) Post Compact 12.518ms
[89.373s][info][gc,heap        ] GC(324) PSYoungGen: 109568K(265728K)->109568K(260096K) Eden: 109568K(109568K)->109568K(109568K) From: 0K(156160K)->0K(150528K)
[89.373s][info][gc,heap        ] GC(324) ParOldGen: 8328703K(8328704K)->8328703K(8328704K)
[89.373s][info][gc,metaspace   ] GC(324) Metaspace: 6296K(6464K)->6296K(6464K) NonClass: 5763K(5824K)->5763K(5824K) Class: 532K(640K)->532K(640K)
[89.373s][info][gc             ] GC(324) Pause Full (Allocation Failure) 8240M->8240M(8387M) 2655.594ms
[89.374s][info][gc,cpu         ] GC(324) User=19.84s Sys=0.02s Real=2.66s
[89.374s][info][gc,start       ] GC(325) Pause Full (Ergonomics)
[89.374s][info][gc,phases,start] GC(325) Marking Phase
[91.310s][info][gc,phases      ] GC(325) Marking Phase 1936.026ms
[91.310s][info][gc,phases,start] GC(325) Summary Phase
[91.310s][info][gc,phases      ] GC(325) Summary Phase 0.081ms
[91.310s][info][gc,phases,start] GC(325) Adjust Roots
[91.310s][info][gc,phases      ] GC(325) Adjust Roots 0.246ms
[91.310s][info][gc,phases,start] GC(325) Compaction Phase
[93.457s][info][gc,phases      ] GC(325) Compaction Phase 2146.143ms
[93.457s][info][gc,phases,start] GC(325) Post Compact
[93.469s][info][gc,phases      ] GC(325) Post Compact 12.550ms
[93.469s][info][gc,heap        ] GC(325) PSYoungGen: 109568K(260096K)->109568K(265728K) Eden: 109568K(109568K)->109568K(109568K) From: 0K(150528K)->0K(156160K)
[93.469s][info][gc,heap        ] GC(325) ParOldGen: 8328703K(8328704K)->8328702K(8328704K)
[93.469s][info][gc,metaspace   ] GC(325) Metaspace: 6296K(6464K)->6296K(6464K) NonClass: 5763K(5824K)->5763K(5824K) Class: 532K(640K)->532K(640K)
[93.469s][info][gc             ] GC(325) Pause Full (Ergonomics) 8240M->8240M(8393M) 4095.362ms
[93.469s][info][gc,cpu         ] GC(325) User=30.33s Sys=0.02s Real=4.10s
[93.470s][info][gc,start       ] GC(326) Pause Full (Ergonomics)
[93.470s][info][gc,phases,start] GC(326) Marking Phase
[95.463s][info][gc,phases      ] GC(326) Marking Phase 1992.961ms
[95.463s][info][gc,phases,start] GC(326) Summary Phase
[95.464s][info][gc,phases      ] GC(326) Summary Phase 0.082ms
[95.464s][info][gc,phases,start] GC(326) Adjust Roots
[95.464s][info][gc,phases      ] GC(326) Adjust Roots 0.256ms
[95.464s][info][gc,phases,start] GC(326) Compaction Phase
[97.600s][info][gc,phases      ] GC(326) Compaction Phase 2135.810ms
[97.600s][info][gc,phases,start] GC(326) Post Compact
[97.612s][info][gc,phases      ] GC(326) Post Compact 12.544ms
[97.612s][info][gc,heap        ] GC(326) PSYoungGen: 109568K(265728K)->109568K(260096K) Eden: 109568K(109568K)->109568K(109568K) From: 0K(156160K)->0K(150528K)
[97.612s][info][gc,heap        ] GC(326) ParOldGen: 8328703K(8328704K)->8328701K(8328704K)
[97.612s][info][gc,metaspace   ] GC(326) Metaspace: 6298K(6464K)->6298K(6464K) NonClass: 5764K(5824K)->5764K(5824K) Class: 533K(640K)->533K(640K)
[97.612s][info][gc             ] GC(326) Pause Full (Ergonomics) 8240M->8240M(8387M) 4142.044ms
[97.612s][info][gc,cpu         ] GC(326) User=30.91s Sys=0.02s Real=4.14s
[97.613s][info][gc,heap,exit   ] Heap
[97.613s][info][gc,heap,exit   ]  PSYoungGen      total 260096K, used 109568K [0x0000000701d80000, 0x000000071c600000, 0x0000000800000000)
[97.613s][info][gc,heap,exit   ]   eden space 109568K, 100% used [0x0000000701d80000,0x0000000708880000,0x0000000708880000)
[97.613s][info][gc,heap,exit   ]   from space 150528K, 0% used [0x0000000712100000,0x0000000712100000,0x000000071b400000)
[97.613s][info][gc,heap,exit   ]   to   space 156160K, 0% used [0x0000000708880000,0x0000000708880000,0x0000000712100000)
[97.613s][info][gc,heap,exit   ]  ParOldGen       total 8328704K, used 8328701K [0x0000000505800000, 0x0000000701d80000, 0x0000000701d80000)
[97.613s][info][gc,heap,exit   ]   object space 8328704K, 99% used [0x0000000505800000,0x0000000701d7f788,0x0000000701d80000)
[97.613s][info][gc,heap,exit   ]  Metaspace       used 6301K, committed 6464K, reserved 1114112K
[97.613s][info][gc,heap,exit   ]   class space    used 534K, committed 640K, reserved 1048576K
